1.119: [GC (Allocation Failure) [PSYoungGen: 128000K->12940K(148992K)] 128000K->13028K(488960K), 0.0154980 secs] [Times: user=0.01 sys=0.01, real=0.01 secs] 
1.259: [GC (Metadata GC Threshold) [PSYoungGen: 49702K->6103K(148992K)] 49790K->6200K(488960K), 0.0040619 secs] [Times: user=0.02 sys=0.00, real=0.00 secs] 
1.263: [Full GC (Metadata GC Threshold) [PSYoungGen: 6103K->0K(148992K)] [ParOldGen: 96K->5947K(186368K)] 6200K->5947K(335360K), [Metaspace: 20451K->20451K(1067008K)], 0.0148810 secs] [Times: user=0.04 sys=0.00, real=0.01 secs] 
1.868: [GC (Allocation Failure) [PSYoungGen: 128000K->10325K(148992K)] 133947K->16281K(335360K), 0.0047975 secs] [Times: user=0.01 sys=0.00, real=0.01 secs] 
3.000: [GC (Metadata GC Threshold) [PSYoungGen: 37486K->4585K(204288K)] 43441K->10549K(390656K), 0.0029220 secs] [Times: user=0.01 sys=0.01, real=0.00 secs] 
3.003: [Full GC (Metadata GC Threshold) [PSYoungGen: 4585K->0K(204288K)] [ParOldGen: 5963K->8838K(281088K)] 10549K->8838K(485376K), [Metaspace: 33723K->33723K(1079296K)], 0.0205241 secs] [Times: user=0.06 sys=0.00, real=0.02 secs] 
4.289: [GC (Allocation Failure) [PSYoungGen: 188227K->19050K(211456K)] 197066K->27896K(492544K), 0.0073164 secs] [Times: user=0.02 sys=0.00, real=0.00 secs] 
5.262: [GC (Allocation Failure) [PSYoungGen: 209514K->12864K(296960K)] 218360K->95446K(578048K), 0.0093678 secs] [Times: user=0.04 sys=0.01, real=0.01 secs] 
5.872: [GC (Allocation Failure) [PSYoungGen: 273961K->4608K(297472K)] 356543K->218270K(578560K), 0.0133735 secs] [Times: user=0.07 sys=0.01, real=0.01 secs] 
5.885: [Full GC (Ergonomics) [PSYoungGen: 4608K->0K(297472K)] [ParOldGen: 213662K->176018K(632320K)] 218270K->176018K(929792K), [Metaspace: 52194K->52194K(1097728K)], 0.0585436 secs] [Times: user=0.26 sys=0.00, real=0.06 secs] 
7.599: [GC (Allocation Failure) [PSYoungGen: 276992K->18720K(411136K)] 453010K->211131K(1043456K), 0.0054614 secs] [Times: user=0.02 sys=0.00, real=0.00 secs] 
9.967: [GC (Allocation Failure) [PSYoungGen: 410912K->1903K(436736K)] 603323K->259858K(1069056K), 0.0085197 secs] [Times: user=0.04 sys=0.01, real=0.01 secs] 
17.030: [GC (Allocation Failure) [PSYoungGen: 415599K->10529K(504832K)] 673554K->268492K(1137152K), 0.0061493 secs] [Times: user=0.02 sys=0.01, real=0.00 secs] 
21.766: [GC (Allocation Failure) [PSYoungGen: 491809K->2079K(503808K)] 749772K->260050K(1136128K), 0.0021794 secs] [Times: user=0.01 sys=0.01, real=0.00 secs] 
31.806: [GC (Allocation Failure) [PSYoungGen: 483359K->2111K(550912K)] 741330K->260090K(1183232K), 0.0028654 secs] [Times: user=0.01 sys=0.01, real=0.00 secs] 
38.047: [GC (Allocation Failure) [PSYoungGen: 544831K->18495K(565248K)] 802810K->276482K(1197568K), 0.0031637 secs] [Times: user=0.02 sys=0.00, real=0.01 secs] 
42.846: [GC (Allocation Failure) [PSYoungGen: 561215K->10351K(608768K)] 819202K->268346K(1241088K), 0.0066072 secs] [Times: user=0.02 sys=0.01, real=0.01 secs] 
50.964: [GC (Allocation Failure) [PSYoungGen: 603247K->18463K(593408K)] 861242K->276466K(1225728K), 0.0055597 secs] [Times: user=0.02 sys=0.00, real=0.01 secs] 
59.607: [GC (Allocation Failure) [PSYoungGen: 592927K->10335K(567808K)] 850930K->276538K(1200128K), 0.0058991 secs] [Times: user=0.02 sys=0.00, real=0.01 secs] 
64.659: [GC (Allocation Failure) [PSYoungGen: 567391K->2127K(542720K)] 833594K->268338K(1175040K), 0.0020862 secs] [Times: user=0.01 sys=0.00, real=0.00 secs] 
70.544: [GC (Allocation Failure) [PSYoungGen: 542287K->4159K(528896K)] 808498K->270378K(1161216K), 0.0032328 secs] [Times: user=0.01 sys=0.00, real=0.00 secs] 
75.395: [GC (Allocation Failure) [PSYoungGen: 528447K->2143K(511488K)] 794666K->268370K(1143808K), 0.0030401 secs] [Times: user=0.01 sys=0.00, real=0.00 secs] 
79.401: [GC (Allocation Failure) [PSYoungGen: 511071K->2127K(496640K)] 777298K->268362K(1128960K), 0.0020715 secs] [Times: user=0.01 sys=0.00, real=0.00 secs] 
86.453: [GC (Allocation Failure) [PSYoungGen: 496207K->2111K(482816K)] 762442K->268354K(1115136K), 0.0024389 secs] [Times: user=0.01 sys=0.00, real=0.00 secs] 
92.716: [GC (Allocation Failure) [PSYoungGen: 482367K->10367K(477696K)] 748610K->276610K(1110016K), 0.0027986 secs] [Times: user=0.01 sys=0.00, real=0.01 secs] 
97.979: [GC (Allocation Failure) [PSYoungGen: 477311K->1696K(456192K)] 743554K->268448K(1088512K), 0.0034343 secs] [Times: user=0.01 sys=0.00, real=0.00 secs] 
102.379: [GC (Allocation Failure) [PSYoungGen: 455840K->1680K(443904K)] 722592K->268488K(1076224K), 0.0045109 secs] [Times: user=0.02 sys=0.00, real=0.00 secs] 
107.157: [GC (Allocation Failure) [PSYoungGen: 443536K->1520K(431616K)] 710344K->268512K(1063936K), 0.0025661 secs] [Times: user=0.01 sys=0.01, real=0.01 secs] 
112.173: [GC (Allocation Failure) [PSYoungGen: 431600K->1520K(420352K)] 698592K->268560K(1052672K), 0.0022486 secs] [Times: user=0.01 sys=0.00, real=0.00 secs] 
115.322: [GC (Allocation Failure) [PSYoungGen: 420336K->1520K(427520K)] 687376K->268608K(1059840K), 0.0028040 secs] [Times: user=0.01 sys=0.00, real=0.00 secs] 
120.375: [GC (Allocation Failure) [PSYoungGen: 409072K->1504K(398336K)] 676160K->268624K(1030656K), 0.0025510 secs] [Times: user=0.01 sys=0.00, real=0.00 secs] 
126.773: [GC (Allocation Failure) [PSYoungGen: 398304K->1504K(404992K)] 665424K->268648K(1037312K), 0.0031973 secs] [Times: user=0.01 sys=0.00, real=0.00 secs] 
130.812: [GC (Allocation Failure) [PSYoungGen: 388064K->1488K(378368K)] 655208K->268680K(1010688K), 0.0034811 secs] [Times: user=0.01 sys=0.00, real=0.00 secs] 
135.422: [GC (Allocation Failure) [PSYoungGen: 378320K->1488K(384512K)] 645512K->268720K(1016832K), 0.0031329 secs] [Times: user=0.01 sys=0.00, real=0.00 secs] 
139.932: [GC (Allocation Failure) [PSYoungGen: 369104K->1488K(359936K)] 636336K->268736K(992256K), 0.0047639 secs] [Times: user=0.01 sys=0.00, real=0.00 secs] 
144.515: [GC (Allocation Failure) [PSYoungGen: 359888K->1440K(365056K)] 627136K->268712K(997376K), 0.0018296 secs] [Times: user=0.01 sys=0.00, real=0.00 secs] 
147.260: [GC (Allocation Failure) [PSYoungGen: 351136K->1472K(343040K)] 618408K->268760K(975360K), 0.0021659 secs] [Times: user=0.00 sys=0.01, real=0.00 secs] 
151.338: [GC (Allocation Failure) [PSYoungGen: 342976K->9664K(343040K)] 610264K->276976K(975360K), 0.0018818 secs] [Times: user=0.01 sys=0.01, real=0.01 secs] 
153.574: [GC (Allocation Failure) [PSYoungGen: 342976K->1472K(327168K)] 610288K->268808K(959488K), 0.0018985 secs] [Times: user=0.00 sys=0.00, real=0.00 secs] 
156.993: [GC (Allocation Failure) [PSYoungGen: 327104K->1392K(319488K)] 594440K->268736K(951808K), 0.0035331 secs] [Times: user=0.01 sys=0.01, real=0.00 secs] 
159.876: [GC (Allocation Failure) [PSYoungGen: 319344K->1472K(312320K)] 586688K->268832K(944640K), 0.0043692 secs] [Times: user=0.02 sys=0.00, real=0.01 secs] 
164.050: [GC (Allocation Failure) [PSYoungGen: 312256K->1456K(305152K)] 579616K->268824K(937472K), 0.0032130 secs] [Times: user=0.01 sys=0.00, real=0.00 secs] 
167.735: [GC (Allocation Failure) [PSYoungGen: 305072K->1504K(298496K)] 572440K->268880K(930816K), 0.0018546 secs] [Times: user=0.01 sys=0.00, real=0.00 secs] 
169.746: [GC (Allocation Failure) [PSYoungGen: 298464K->1472K(291840K)] 565840K->268864K(924160K), 0.0018788 secs] [Times: user=0.01 sys=0.00, real=0.00 secs] 
172.572: [GC (Allocation Failure) [PSYoungGen: 291776K->1504K(285696K)] 559168K->268904K(918016K), 0.0026811 secs] [Times: user=0.01 sys=0.00, real=0.00 secs] 
174.790: [GC (Allocation Failure) [PSYoungGen: 285664K->1456K(279552K)] 553064K->268880K(911872K), 0.0017629 secs] [Times: user=0.00 sys=0.00, real=0.00 secs] 
177.122: [GC (Allocation Failure) [PSYoungGen: 279472K->1440K(273920K)] 546896K->268888K(906240K), 0.0020268 secs] [Times: user=0.01 sys=0.00, real=0.00 secs] 
179.804: [GC (Allocation Failure) [PSYoungGen: 273824K->1440K(268288K)] 541272K->268896K(900608K), 0.0020620 secs] [Times: user=0.01 sys=0.00, real=0.00 secs] 
182.711: [GC (Allocation Failure) [PSYoungGen: 268192K->1504K(262656K)] 535648K->268984K(894976K), 0.0025929 secs] [Times: user=0.01 sys=0.00, real=0.00 secs] 
185.303: [GC (Allocation Failure) [PSYoungGen: 262624K->1504K(257536K)] 530104K->268984K(889856K), 0.0020555 secs] [Times: user=0.01 sys=0.00, real=0.00 secs] 
187.823: [GC (Allocation Failure) [PSYoungGen: 257504K->1440K(252416K)] 524984K->268920K(884736K), 0.0020217 secs] [Times: user=0.01 sys=0.00, real=0.00 secs] 
190.485: [GC (Allocation Failure) [PSYoungGen: 252320K->5568K(251392K)] 519800K->277152K(883712K), 0.0025174 secs] [Times: user=0.01 sys=0.00, real=0.00 secs] 
193.616: [GC (Allocation Failure) [PSYoungGen: 251328K->2480K(243712K)] 522912K->274088K(876032K), 0.0018356 secs] [Times: user=0.00 sys=0.00, real=0.00 secs] 
195.038: [GC (Allocation Failure) [PSYoungGen: 243632K->1424K(238080K)] 515240K->273040K(870400K), 0.0019356 secs] [Times: user=0.01 sys=0.00, real=0.01 secs] 
199.064: [GC (Allocation Failure) [PSYoungGen: 237968K->1488K(233472K)] 509584K->273112K(865792K), 0.0031865 secs] [Times: user=0.01 sys=0.00, real=0.00 secs] 
203.019: [GC (Allocation Failure) [PSYoungGen: 233424K->1440K(229376K)] 505048K->273072K(861696K), 0.0023087 secs] [Times: user=0.01 sys=0.00, real=0.00 secs] 
205.478: [GC (Allocation Failure) [PSYoungGen: 229280K->1472K(225280K)] 500912K->273120K(857600K), 0.0016135 secs] [Times: user=0.00 sys=0.00, real=0.01 secs] 
207.312: [GC (Allocation Failure) [PSYoungGen: 225216K->2464K(222208K)] 496864K->274120K(854528K), 0.0020624 secs] [Times: user=0.01 sys=0.00, real=0.00 secs] 
209.226: [GC (Allocation Failure) [PSYoungGen: 222112K->1424K(217088K)] 493768K->273080K(849408K), 0.0038391 secs] [Times: user=0.02 sys=0.00, real=0.01 secs] 
213.031: [GC (Allocation Failure) [PSYoungGen: 216976K->1424K(213504K)] 488632K->273088K(845824K), 0.0033479 secs] [Times: user=0.01 sys=0.00, real=0.00 secs] 
216.128: [GC (Allocation Failure) [PSYoungGen: 213392K->1472K(209920K)] 485056K->273152K(842240K), 0.0032058 secs] [Times: user=0.01 sys=0.00, real=0.01 secs] 
219.812: [GC (Allocation Failure) [PSYoungGen: 209828K->288K(205312K)] 481508K->271976K(837632K), 0.0014982 secs] [Times: user=0.00 sys=0.00, real=0.00 secs] 
221.490: [GC (Allocation Failure) [PSYoungGen: 205088K->1456K(202752K)] 476776K->273168K(835072K), 0.0027805 secs] [Times: user=0.01 sys=0.01, real=0.00 secs] 
224.358: [GC (Allocation Failure) [PSYoungGen: 202672K->1440K(199168K)] 474384K->273152K(831488K), 0.0032299 secs] [Times: user=0.01 sys=0.00, real=0.01 secs] 
228.682: [GC (Allocation Failure) [PSYoungGen: 199072K->3552K(198144K)] 470784K->275272K(830464K), 0.0020059 secs] [Times: user=0.00 sys=0.00, real=0.00 secs] 
229.772: [GC (Allocation Failure) [PSYoungGen: 198112K->1408K(193024K)] 469832K->273136K(825344K), 0.0021545 secs] [Times: user=0.01 sys=0.00, real=0.00 secs] 
231.230: [GC (Allocation Failure) [PSYoungGen: 192896K->1408K(189952K)] 464624K->273144K(822272K), 0.0017373 secs] [Times: user=0.00 sys=0.00, real=0.00 secs] 
232.939: [GC (Allocation Failure) [PSYoungGen: 188478K->2480K(187904K)] 460215K->274216K(820224K), 0.0029100 secs] [Times: user=0.01 sys=0.00, real=0.00 secs] 
234.812: [GC (Allocation Failure) [PSYoungGen: 187824K->1440K(183808K)] 459560K->273176K(816128K), 0.0049794 secs] [Times: user=0.02 sys=0.00, real=0.00 secs] 
236.975: [GC (Allocation Failure) [PSYoungGen: 183712K->1472K(181248K)] 455448K->273224K(813568K), 0.0020303 secs] [Times: user=0.00 sys=0.00, real=0.00 secs] 
237.771: [GC (Allocation Failure) [PSYoungGen: 181184K->1408K(178688K)] 452936K->273160K(811008K), 0.0019381 secs] [Times: user=0.01 sys=0.00, real=0.00 secs] 
239.420: [GC (Allocation Failure) [PSYoungGen: 178560K->1472K(176128K)] 450312K->273232K(808448K), 0.0029934 secs] [Times: user=0.01 sys=0.00, real=0.00 secs] 
241.770: [GC (Allocation Failure) [PSYoungGen: 176064K->1472K(173568K)] 447824K->281432K(805888K), 0.0054490 secs] [Times: user=0.02 sys=0.00, real=0.00 secs] 
242.481: [GC (Allocation Failure) [PSYoungGen: 173504K->1376K(171008K)] 453464K->281336K(803328K), 0.0020890 secs] [Times: user=0.01 sys=0.00, real=0.00 secs] 
243.910: [GC (Allocation Failure) [PSYoungGen: 170848K->1472K(168448K)] 450808K->281440K(800768K), 0.0019467 secs] [Times: user=0.00 sys=0.00, real=0.00 secs] 
244.617: [GC (Allocation Failure) [PSYoungGen: 168384K->1344K(165888K)] 448352K->281328K(798208K), 0.0020070 secs] [Times: user=0.01 sys=0.00, real=0.01 secs] 
246.338: [GC (Allocation Failure) [PSYoungGen: 165696K->1408K(163328K)] 445680K->281400K(795648K), 0.0023460 secs] [Times: user=0.01 sys=0.00, real=0.01 secs] 
248.291: [GC (Allocation Failure) [PSYoungGen: 163200K->3488K(163328K)] 443192K->285528K(795648K), 0.0018437 secs] [Times: user=0.01 sys=0.00, real=0.00 secs] 
250.061: [GC (Allocation Failure) [PSYoungGen: 163232K->1408K(159232K)] 445272K->283448K(791552K), 0.0018626 secs] [Times: user=0.00 sys=0.00, real=0.00 secs] 
252.887: [GC (Allocation Failure) [PSYoungGen: 159104K->1408K(157184K)] 441144K->283456K(789504K), 0.0033904 secs] [Times: user=0.01 sys=0.00, real=0.01 secs] 
254.214: [GC (Allocation Failure) [PSYoungGen: 157056K->1440K(155136K)] 439104K->283488K(787456K), 0.0022849 secs] [Times: user=0.01 sys=0.00, real=0.00 secs] 
256.359: [GC (Allocation Failure) [PSYoungGen: 155040K->1440K(153088K)] 437088K->283496K(785408K), 0.0026087 secs] [Times: user=0.00 sys=0.00, real=0.00 secs] 
257.033: [GC (Allocation Failure) [PSYoungGen: 152992K->1408K(151040K)] 435048K->283472K(783360K), 0.0018352 secs] [Times: user=0.01 sys=0.00, real=0.00 secs] 
259.544: [GC (Allocation Failure) [PSYoungGen: 150912K->1376K(148992K)] 432976K->283440K(781312K), 0.0046334 secs] [Times: user=0.01 sys=0.00, real=0.00 secs] 
260.935: [GC (Allocation Failure) [PSYoungGen: 148832K->1408K(146944K)] 430896K->283472K(779264K), 0.0038413 secs] [Times: user=0.01 sys=0.00, real=0.01 secs] 
263.924: [GC (Allocation Failure) [PSYoungGen: 146816K->1424K(144896K)] 428880K->283496K(777216K), 0.0034667 secs] [Times: user=0.01 sys=0.00, real=0.00 secs] 
265.422: [GC (Allocation Failure) [PSYoungGen: 144784K->1344K(143360K)] 426856K->283424K(775680K), 0.0040219 secs] [Times: user=0.01 sys=0.00, real=0.00 secs] 
267.327: [GC (Allocation Failure) [PSYoungGen: 143168K->1472K(141824K)] 425248K->283576K(774144K), 0.0017261 secs] [Times: user=0.00 sys=0.00, real=0.01 secs] 
268.575: [GC (Allocation Failure) [PSYoungGen: 141760K->1360K(140288K)] 423864K->283480K(772608K), 0.0032502 secs] [Times: user=0.02 sys=0.00, real=0.00 secs] 
270.735: [GC (Allocation Failure) [PSYoungGen: 140112K->1472K(138752K)] 422232K->283600K(771072K), 0.0032304 secs] [Times: user=0.02 sys=0.00, real=0.00 secs] 
271.529: [GC (Allocation Failure) [PSYoungGen: 138688K->1408K(137216K)] 420816K->283536K(769536K), 0.0024320 secs] [Times: user=0.01 sys=0.00, real=0.00 secs] 
274.212: [GC (Allocation Failure) [PSYoungGen: 137088K->1440K(135680K)] 419216K->283576K(768000K), 0.0038632 secs] [Times: user=0.01 sys=0.01, real=0.00 secs] 
275.700: [GC (Allocation Failure) [PSYoungGen: 135584K->1440K(134144K)] 417720K->283576K(766464K), 0.0030147 secs] [Times: user=0.01 sys=0.00, real=0.00 secs] 
277.915: [GC (Allocation Failure) [PSYoungGen: 134048K->1408K(132608K)] 416184K->283544K(764928K), 0.0016881 secs] [Times: user=0.01 sys=0.00, real=0.00 secs] 
279.592: [GC (Allocation Failure) [PSYoungGen: 132480K->1456K(131072K)] 414616K->283592K(763392K), 0.0022118 secs] [Times: user=0.01 sys=0.00, real=0.00 secs] 
281.711: [GC (Allocation Failure) [PSYoungGen: 130992K->1408K(129536K)] 413128K->283544K(761856K), 0.0018466 secs] [Times: user=0.01 sys=0.00, real=0.00 secs] 
283.039: [GC (Allocation Failure) [PSYoungGen: 129408K->1440K(128000K)] 411544K->283576K(760320K), 0.0022197 secs] [Times: user=0.01 sys=0.00, real=0.00 secs] 
285.721: [GC (Allocation Failure) [PSYoungGen: 127904K->256K(125440K)] 410040K->282392K(757760K), 0.0015295 secs] [Times: user=0.01 sys=0.00, real=0.00 secs] 
286.681: [GC (Allocation Failure) [PSYoungGen: 125184K->1408K(124928K)] 407320K->283552K(757248K), 0.0024288 secs] [Times: user=0.01 sys=0.00, real=0.00 secs] 
287.717: [GC (Allocation Failure) [PSYoungGen: 124800K->1376K(123392K)] 406944K->283520K(755712K), 0.0028176 secs] [Times: user=0.01 sys=0.00, real=0.01 secs] 
290.359: [GC (Allocation Failure) [PSYoungGen: 123232K->1440K(121856K)] 405376K->283592K(754176K), 0.0017816 secs] [Times: user=0.01 sys=0.00, real=0.00 secs] 
291.328: [GC (Allocation Failure) [PSYoungGen: 121760K->1344K(120832K)] 403912K->283496K(753152K), 0.0018127 secs] [Times: user=0.01 sys=0.00, real=0.01 secs] 
292.975: [GC (Allocation Failure) [PSYoungGen: 120640K->1472K(119808K)] 402792K->283632K(752128K), 0.0018564 secs] [Times: user=0.00 sys=0.00, real=0.00 secs] 
293.569: [GC (Allocation Failure) [PSYoungGen: 119744K->1360K(118784K)] 401904K->283520K(751104K), 0.0018666 secs] [Times: user=0.00 sys=0.00, real=0.00 secs] 
294.521: [GC (Allocation Failure) [PSYoungGen: 118608K->1408K(117760K)] 400768K->283568K(750080K), 0.0020003 secs] [Times: user=0.01 sys=0.00, real=0.00 secs] 
296.292: [GC (Allocation Failure) [PSYoungGen: 117632K->1424K(116736K)] 399792K->283584K(749056K), 0.0051660 secs] [Times: user=0.02 sys=0.00, real=0.00 secs] 
297.504: [GC (Allocation Failure) [PSYoungGen: 116624K->1392K(115712K)] 398784K->283560K(748032K), 0.0029028 secs] [Times: user=0.01 sys=0.00, real=0.00 secs] 
299.866: [GC (Allocation Failure) [PSYoungGen: 115568K->1408K(114688K)] 397736K->283576K(747008K), 0.0032954 secs] [Times: user=0.01 sys=0.00, real=0.01 secs] 
301.158: [GC (Allocation Failure) [PSYoungGen: 114560K->1408K(113664K)] 396728K->283576K(745984K), 0.0030246 secs] [Times: user=0.01 sys=0.00, real=0.01 secs] 
302.329: [GC (Allocation Failure) [PSYoungGen: 113536K->1408K(112640K)] 395704K->283576K(744960K), 0.0027197 secs] [Times: user=0.01 sys=0.00, real=0.00 secs] 
303.633: [GC (Allocation Failure) [PSYoungGen: 112512K->1472K(111616K)] 394680K->283656K(743936K), 0.0014553 secs] [Times: user=0.00 sys=0.00, real=0.00 secs] 
304.089: [GC (Allocation Failure) [PSYoungGen: 111552K->1376K(110592K)] 393736K->283568K(742912K), 0.0016047 secs] [Times: user=0.01 sys=0.00, real=0.00 secs] 
305.578: [GC (Allocation Failure) [PSYoungGen: 110432K->1440K(109568K)] 392624K->287736K(741888K), 0.0020904 secs] [Times: user=0.01 sys=0.00, real=0.01 secs] 
306.701: [GC (Allocation Failure) [PSYoungGen: 109472K->1440K(108544K)] 395768K->287736K(740864K), 0.0023726 secs] [Times: user=0.01 sys=0.00, real=0.00 secs] 
307.452: [GC (Allocation Failure) [PSYoungGen: 108448K->1440K(107520K)] 394744K->287736K(739840K), 0.0022528 secs] [Times: user=0.01 sys=0.00, real=0.00 secs] 
309.955: [GC (Allocation Failure) [PSYoungGen: 107424K->1408K(106496K)] 393720K->287704K(738816K), 0.0027638 secs] [Times: user=0.01 sys=0.00, real=0.00 secs] 
311.425: [GC (Allocation Failure) [PSYoungGen: 106368K->1376K(105472K)] 392664K->287672K(737792K), 0.0032879 secs] [Times: user=0.01 sys=0.00, real=0.01 secs] 
312.735: [GC (Allocation Failure) [PSYoungGen: 105312K->1408K(104448K)] 391608K->287704K(736768K), 0.0042529 secs] [Times: user=0.02 sys=0.00, real=0.01 secs] 
315.757: [GC (Allocation Failure) [PSYoungGen: 104320K->1440K(103424K)] 390616K->287736K(735744K), 0.0031360 secs] [Times: user=0.01 sys=0.00, real=0.01 secs] 
317.186: [GC (Allocation Failure) [PSYoungGen: 103328K->1440K(102400K)] 389624K->287736K(734720K), 0.0031602 secs] [Times: user=0.01 sys=0.00, real=0.01 secs] 
318.837: [GC (Allocation Failure) [PSYoungGen: 102304K->1408K(101376K)] 388600K->288736K(733696K), 0.0015666 secs] [Times: user=0.01 sys=0.00, real=0.01 secs] 
319.464: [GC (Allocation Failure) [PSYoungGen: 101248K->352K(99328K)] 388576K->287680K(731648K), 0.0033609 secs] [Times: user=0.01 sys=0.00, real=0.00 secs] 
320.344: [GC (Allocation Failure) [PSYoungGen: 99168K->384K(98304K)] 386496K->287712K(730624K), 0.0024773 secs] [Times: user=0.00 sys=0.00, real=0.00 secs] 
322.261: [GC (Allocation Failure) [PSYoungGen: 98176K->1392K(98816K)] 385504K->288720K(731136K), 0.0026331 secs] [Times: user=0.01 sys=0.00, real=0.00 secs] 
323.638: [GC (Allocation Failure) [PSYoungGen: 98160K->1376K(97280K)] 385488K->288704K(729600K), 0.0031953 secs] [Times: user=0.01 sys=0.00, real=0.01 secs] 
324.645: [GC (Allocation Failure) [PSYoungGen: 97120K->1408K(96768K)] 384448K->288736K(729088K), 0.0034197 secs] [Times: user=0.01 sys=0.00, real=0.00 secs] 
326.023: [GC (Allocation Failure) [PSYoungGen: 96640K->1408K(96256K)] 383968K->288744K(728576K), 0.0019040 secs] [Times: user=0.01 sys=0.00, real=0.00 secs] 
326.418: [GC (Allocation Failure) [PSYoungGen: 96128K->1440K(95744K)] 383464K->288776K(728064K), 0.0020592 secs] [Times: user=0.00 sys=0.00, real=0.01 secs] 
326.973: [GC (Allocation Failure) [PSYoungGen: 95648K->1376K(95232K)] 382984K->288720K(727552K), 0.0021562 secs] [Times: user=0.01 sys=0.00, real=0.00 secs] 
328.362: [GC (Allocation Failure) [PSYoungGen: 95072K->1440K(94720K)] 382416K->288784K(727040K), 0.0018262 secs] [Times: user=0.01 sys=0.00, real=0.00 secs] 
328.753: [GC (Allocation Failure) [PSYoungGen: 94624K->1376K(94208K)] 381968K->288720K(726528K), 0.0018343 secs] [Times: user=0.01 sys=0.00, real=0.00 secs] 
329.138: [GC (Allocation Failure) [PSYoungGen: 94048K->1408K(93696K)] 381392K->288752K(726016K), 0.0017972 secs] [Times: user=0.01 sys=0.01, real=0.01 secs] 
330.220: [GC (Allocation Failure) [PSYoungGen: 93568K->1424K(93184K)] 380912K->288768K(725504K), 0.0016483 secs] [Times: user=0.00 sys=0.00, real=0.00 secs] 
330.601: [GC (Allocation Failure) [PSYoungGen: 93072K->1408K(92672K)] 380416K->288760K(724992K), 0.0017854 secs] [Times: user=0.01 sys=0.00, real=0.00 secs] 
330.979: [GC (Allocation Failure) [PSYoungGen: 92544K->1408K(92160K)] 379896K->288760K(724480K), 0.0017547 secs] [Times: user=0.01 sys=0.00, real=0.00 secs] 
332.102: [GC (Allocation Failure) [PSYoungGen: 92032K->1408K(91648K)] 379384K->288768K(723968K), 0.0017467 secs] [Times: user=0.01 sys=0.00, real=0.00 secs] 
332.607: [GC (Allocation Failure) [PSYoungGen: 91520K->1376K(91136K)] 378880K->288736K(723456K), 0.0018315 secs] [Times: user=0.00 sys=0.00, real=0.00 secs] 
333.254: [GC (Allocation Failure) [PSYoungGen: 90976K->1376K(90624K)] 378336K->288736K(722944K), 0.0018946 secs] [Times: user=0.01 sys=0.00, real=0.00 secs] 
334.752: [GC (Allocation Failure) [PSYoungGen: 90464K->1520K(90112K)] 377824K->288976K(722432K), 0.0016854 secs] [Times: user=0.01 sys=0.00, real=0.00 secs] 
335.130: [GC (Allocation Failure) [PSYoungGen: 90096K->1296K(89600K)] 377552K->288760K(721920K), 0.0018178 secs] [Times: user=0.00 sys=0.00, real=0.00 secs] 
335.954: [GC (Allocation Failure) [PSYoungGen: 89360K->1296K(89088K)] 376824K->288760K(721408K), 0.0027307 secs] [Times: user=0.01 sys=0.00, real=0.00 secs] 
336.949: [GC (Allocation Failure) [PSYoungGen: 88848K->1328K(88576K)] 376312K->288800K(720896K), 0.0034552 secs] [Times: user=0.01 sys=0.00, real=0.00 secs] 
338.337: [GC (Allocation Failure) [PSYoungGen: 88368K->1440K(88064K)] 375840K->288920K(720384K), 0.0018059 secs] [Times: user=0.01 sys=0.00, real=0.01 secs] 
338.920: [GC (Allocation Failure) [PSYoungGen: 87968K->1408K(87552K)] 375448K->288888K(719872K), 0.0034782 secs] [Times: user=0.01 sys=0.00, real=0.00 secs] 
339.567: [GC (Allocation Failure) [PSYoungGen: 87424K->1392K(87040K)] 374904K->288872K(719360K), 0.0022527 secs] [Times: user=0.01 sys=0.00, real=0.01 secs] 
341.291: [GC (Allocation Failure) [PSYoungGen: 86896K->1456K(86528K)] 374376K->288936K(718848K), 0.0019386 secs] [Times: user=0.01 sys=0.00, real=0.00 secs] 
341.922: [GC (Allocation Failure) [PSYoungGen: 86448K->1440K(86016K)] 373928K->288920K(718336K), 0.0018879 secs] [Times: user=0.01 sys=0.00, real=0.00 secs] 
342.506: [GC (Allocation Failure) [PSYoungGen: 85920K->1424K(85504K)] 373400K->288912K(717824K), 0.0020994 secs] [Times: user=0.00 sys=0.00, real=0.00 secs] 
344.787: [GC (Allocation Failure) [PSYoungGen: 85392K->1488K(84992K)] 372880K->290000K(717312K), 0.0044967 secs] [Times: user=0.02 sys=0.00, real=0.01 secs] 
345.719: [GC (Allocation Failure) [PSYoungGen: 84944K->432K(83456K)] 373456K->288944K(715776K), 0.0025355 secs] [Times: user=0.01 sys=0.00, real=0.00 secs] 
346.440: [GC (Allocation Failure) [PSYoungGen: 83376K->400K(82944K)] 371888K->288920K(715264K), 0.0022696 secs] [Times: user=0.00 sys=0.00, real=0.00 secs] 
347.508: [GC (Allocation Failure) [PSYoungGen: 82832K->368K(83968K)] 371352K->288888K(716288K), 0.0018464 secs] [Times: user=0.01 sys=0.00, real=0.01 secs] 
349.102: [GC (Allocation Failure) [PSYoungGen: 82288K->1424K(82944K)] 370808K->289944K(715264K), 0.0032105 secs] [Times: user=0.02 sys=0.00, real=0.00 secs] 
349.807: [GC (Allocation Failure) [PSYoungGen: 82832K->1408K(82432K)] 371352K->289968K(714752K), 0.0024491 secs] [Times: user=0.01 sys=0.00, real=0.01 secs] 
350.682: [GC (Allocation Failure) [PSYoungGen: 82304K->1424K(81920K)] 370864K->289984K(714240K), 0.0031423 secs] [Times: user=0.01 sys=0.00, real=0.00 secs] 
352.337: [GC (Allocation Failure) [PSYoungGen: 81808K->1424K(81408K)] 370368K->289984K(713728K), 0.0018665 secs] [Times: user=0.01 sys=0.00, real=0.01 secs] 
352.977: [GC (Allocation Failure) [PSYoungGen: 81296K->1424K(80896K)] 369856K->289984K(713216K), 0.0019458 secs] [Times: user=0.00 sys=0.00, real=0.00 secs] 
353.651: [GC (Allocation Failure) [PSYoungGen: 80784K->1376K(80384K)] 369344K->289944K(712704K), 0.0023859 secs] [Times: user=0.01 sys=0.01, real=0.00 secs] 
354.326: [GC (Allocation Failure) [PSYoungGen: 80224K->1408K(79872K)] 368792K->289976K(712192K), 0.0019324 secs] [Times: user=0.01 sys=0.00, real=0.00 secs] 
355.804: [GC (Allocation Failure) [PSYoungGen: 79744K->1408K(79360K)] 368312K->289984K(711680K), 0.0028899 secs] [Times: user=0.01 sys=0.00, real=0.00 secs] 
356.460: [GC (Allocation Failure) [PSYoungGen: 79232K->1408K(78848K)] 367808K->289984K(711168K), 0.0023912 secs] [Times: user=0.01 sys=0.00, real=0.00 secs] 
357.155: [GC (Allocation Failure) [PSYoungGen: 78720K->1424K(78336K)] 367296K->290000K(710656K), 0.0025653 secs] [Times: user=0.00 sys=0.00, real=0.00 secs] 
358.512: [GC (Allocation Failure) [PSYoungGen: 78224K->1504K(77824K)] 366800K->290192K(710144K), 0.0015631 secs] [Times: user=0.00 sys=0.00, real=0.00 secs] 
359.182: [GC (Allocation Failure) [PSYoungGen: 77792K->1312K(77312K)] 366480K->290000K(709632K), 0.0022612 secs] [Times: user=0.01 sys=0.00, real=0.00 secs] 
359.493: [GC (Allocation Failure) [PSYoungGen: 77088K->1280K(76800K)] 365776K->289968K(709120K), 0.0017754 secs] [Times: user=0.00 sys=0.00, real=0.00 secs] 
359.807: [GC (Allocation Failure) [PSYoungGen: 76544K->1344K(76288K)] 365232K->290032K(708608K), 0.0022268 secs] [Times: user=0.01 sys=0.00, real=0.01 secs] 
361.170: [GC (Allocation Failure) [PSYoungGen: 76096K->1504K(75776K)] 364784K->290232K(708096K), 0.0017440 secs] [Times: user=0.01 sys=0.00, real=0.00 secs] 
362.133: [GC (Allocation Failure) [PSYoungGen: 75744K->1520K(75264K)] 364472K->290256K(707584K), 0.0028579 secs] [Times: user=0.01 sys=0.00, real=0.00 secs] 
362.792: [GC (Allocation Failure) [PSYoungGen: 75248K->1504K(74752K)] 363984K->290264K(707072K), 0.0035020 secs] [Times: user=0.01 sys=0.00, real=0.00 secs] 
363.406: [GC (Allocation Failure) [PSYoungGen: 74720K->1552K(74752K)] 363480K->290312K(707072K), 0.0032631 secs] [Times: user=0.01 sys=0.00, real=0.01 secs] 
364.816: [GC (Allocation Failure) [PSYoungGen: 74256K->608K(73216K)] 363016K->290392K(705536K), 0.0019081 secs] [Times: user=0.01 sys=0.00, real=0.00 secs] 
365.391: [GC (Allocation Failure) [PSYoungGen: 72800K->608K(72704K)] 362584K->290392K(705024K), 0.0019360 secs] [Times: user=0.01 sys=0.00, real=0.00 secs] 
365.986: [GC (Allocation Failure) [PSYoungGen: 72288K->528K(72192K)] 362072K->290320K(704512K), 0.0020213 secs] [Times: user=0.01 sys=0.00, real=0.00 secs] 
366.591: [GC (Allocation Failure) [PSYoungGen: 71696K->528K(71680K)] 361488K->290320K(704000K), 0.0019227 secs] [Times: user=0.01 sys=0.00, real=0.00 secs] 
368.010: [GC (Allocation Failure) [PSYoungGen: 71184K->1600K(72192K)] 360976K->291400K(704512K), 0.0017710 secs] [Times: user=0.00 sys=0.00, real=0.00 secs] 
368.941: [GC (Allocation Failure) [PSYoungGen: 71744K->1584K(71680K)] 361544K->291384K(704000K), 0.0022801 secs] [Times: user=0.01 sys=0.00, real=0.00 secs] 
369.677: [GC (Allocation Failure) [PSYoungGen: 71216K->1520K(70656K)] 361016K->291344K(702976K), 0.0022585 secs] [Times: user=0.01 sys=0.00, real=0.01 secs] 
370.570: [GC (Allocation Failure) [PSYoungGen: 70640K->1376K(70144K)] 360464K->291385K(702464K), 0.0023581 secs] [Times: user=0.01 sys=0.00, real=0.00 secs] 
371.838: [GC (Allocation Failure) [PSYoungGen: 69984K->1440K(69632K)] 359993K->291449K(701952K), 0.0017620 secs] [Times: user=0.01 sys=0.00, real=0.01 secs] 
372.120: [GC (Allocation Failure) [PSYoungGen: 69536K->1408K(69120K)] 359545K->291417K(701440K), 0.0015591 secs] [Times: user=0.01 sys=0.00, real=0.00 secs] 
372.400: [GC (Allocation Failure) [PSYoungGen: 68992K->1392K(68608K)] 359001K->291401K(700928K), 0.0015975 secs] [Times: user=0.00 sys=0.00, real=0.00 secs] 
372.679: [GC (Allocation Failure) [PSYoungGen: 68464K->1376K(68096K)] 358473K->291409K(700416K), 0.0017334 secs] [Times: user=0.01 sys=0.01, real=0.01 secs] 
373.741: [GC (Allocation Failure) [PSYoungGen: 67936K->1440K(67584K)] 357969K->292505K(699904K), 0.0020218 secs] [Times: user=0.00 sys=0.00, real=0.00 secs] 
374.677: [GC (Allocation Failure) [PSYoungGen: 67488K->384K(66048K)] 358553K->291449K(698368K), 0.0024543 secs] [Times: user=0.01 sys=0.00, real=0.01 secs] 
375.067: [GC (Allocation Failure) [PSYoungGen: 65920K->416K(66048K)] 356985K->291489K(698368K), 0.0019928 secs] [Times: user=0.00 sys=0.00, real=0.01 secs] 
375.407: [GC (Allocation Failure) [PSYoungGen: 65952K->416K(68096K)] 357025K->291505K(700416K), 0.0020508 secs] [Times: user=0.01 sys=0.00, real=0.01 secs] 
375.880: [GC (Allocation Failure) [PSYoungGen: 65952K->400K(66048K)] 357041K->291489K(698368K), 0.0022060 secs] [Times: user=0.01 sys=0.00, real=0.00 secs] 
377.384: [GC (Allocation Failure) [PSYoungGen: 65936K->1440K(68096K)] 357025K->292529K(700416K), 0.0019257 secs] [Times: user=0.01 sys=0.00, real=0.00 secs] 
378.136: [GC (Allocation Failure) [PSYoungGen: 66976K->1440K(67072K)] 358065K->292529K(699392K), 0.0023144 secs] [Times: user=0.01 sys=0.00, real=0.01 secs] 
378.913: [GC (Allocation Failure) [PSYoungGen: 66976K->1392K(67072K)] 358065K->292505K(699392K), 0.0019845 secs] [Times: user=0.00 sys=0.01, real=0.00 secs] 
379.982: [GC (Allocation Failure) [PSYoungGen: 66928K->1376K(67072K)] 358041K->292489K(699392K), 0.0026457 secs] [Times: user=0.01 sys=0.00, real=0.00 secs] 
381.967: [GC (Allocation Failure) [PSYoungGen: 66912K->1424K(67072K)] 358025K->292537K(699392K), 0.0020518 secs] [Times: user=0.00 sys=0.00, real=0.01 secs] 
382.626: [GC (Allocation Failure) [PSYoungGen: 66960K->1360K(67072K)] 358073K->292473K(699392K), 0.0021007 secs] [Times: user=0.01 sys=0.00, real=0.00 secs] 
383.259: [GC (Allocation Failure) [PSYoungGen: 66896K->1408K(67072K)] 358009K->292529K(699392K), 0.0022884 secs] [Times: user=0.01 sys=0.00, real=0.00 secs] 
384.347: [GC (Allocation Failure) [PSYoungGen: 66944K->1440K(67072K)] 358065K->292561K(699392K), 0.0017988 secs] [Times: user=0.00 sys=0.00, real=0.01 secs] 
384.737: [GC (Allocation Failure) [PSYoungGen: 66976K->1344K(67072K)] 358097K->292465K(699392K), 0.0016499 secs] [Times: user=0.01 sys=0.00, real=0.00 secs] 
385.131: [GC (Allocation Failure) [PSYoungGen: 66880K->1376K(67072K)] 358001K->292497K(699392K), 0.0027721 secs] [Times: user=0.01 sys=0.00, real=0.00 secs] 
385.589: [GC (Allocation Failure) [PSYoungGen: 66912K->1344K(67072K)] 358033K->292473K(699392K), 0.0028735 secs] [Times: user=0.01 sys=0.00, real=0.00 secs] 
387.115: [GC (Allocation Failure) [PSYoungGen: 66880K->1408K(67072K)] 358009K->292537K(699392K), 0.0046015 secs] [Times: user=0.02 sys=0.00, real=0.01 secs] 
387.959: [GC (Allocation Failure) [PSYoungGen: 66944K->1344K(67072K)] 358073K->292473K(699392K), 0.0031358 secs] [Times: user=0.01 sys=0.00, real=0.00 secs] 
388.781: [GC (Allocation Failure) [PSYoungGen: 66880K->1344K(67072K)] 358009K->292473K(699392K), 0.0026620 secs] [Times: user=0.01 sys=0.01, real=0.00 secs] 
389.305: [GC (Allocation Failure) [PSYoungGen: 66880K->1376K(67072K)] 358009K->292505K(699392K), 0.0030709 secs] [Times: user=0.01 sys=0.00, real=0.00 secs] 
390.642: [GC (Allocation Failure) [PSYoungGen: 66912K->1488K(67072K)] 358041K->292617K(699392K), 0.0015980 secs] [Times: user=0.00 sys=0.00, real=0.00 secs] 
391.481: [GC (Allocation Failure) [PSYoungGen: 67024K->1376K(67072K)] 358153K->292505K(699392K), 0.0051271 secs] [Times: user=0.02 sys=0.01, real=0.00 secs] 
392.154: [GC (Allocation Failure) [PSYoungGen: 66912K->1408K(67072K)] 358041K->292537K(699392K), 0.0025410 secs] [Times: user=0.01 sys=0.00, real=0.00 secs] 
392.828: [GC (Allocation Failure) [PSYoungGen: 66944K->1440K(67072K)] 358073K->292569K(699392K), 0.0026232 secs] [Times: user=0.01 sys=0.00, real=0.01 secs] 
393.602: [GC (Allocation Failure) [PSYoungGen: 66976K->1376K(67072K)] 358105K->292513K(699392K), 0.0043625 secs] [Times: user=0.02 sys=0.00, real=0.00 secs] 
395.111: [GC (Allocation Failure) [PSYoungGen: 66912K->1408K(67072K)] 358049K->292545K(699392K), 0.0018931 secs] [Times: user=0.00 sys=0.00, real=0.00 secs] 
395.774: [GC (Allocation Failure) [PSYoungGen: 66944K->1408K(67072K)] 358081K->292545K(699392K), 0.0018287 secs] [Times: user=0.01 sys=0.00, real=0.00 secs] 
396.335: [GC (Allocation Failure) [PSYoungGen: 66944K->1376K(67072K)] 358081K->292521K(699392K), 0.0047349 secs] [Times: user=0.02 sys=0.00, real=0.01 secs] 
396.871: [GC (Allocation Failure) [PSYoungGen: 66912K->1344K(67072K)] 358057K->292489K(699392K), 0.0031171 secs] [Times: user=0.01 sys=0.00, real=0.00 secs] 
398.153: [GC (Allocation Failure) [PSYoungGen: 66880K->1408K(67072K)] 358025K->292553K(699392K), 0.0019038 secs] [Times: user=0.00 sys=0.00, real=0.00 secs] 
398.732: [GC (Allocation Failure) [PSYoungGen: 66944K->1408K(67072K)] 358089K->292553K(699392K), 0.0017866 secs] [Times: user=0.01 sys=0.00, real=0.00 secs] 
399.469: [GC (Allocation Failure) [PSYoungGen: 66944K->1408K(67072K)] 358089K->292553K(699392K), 0.0019835 secs] [Times: user=0.00 sys=0.00, real=0.00 secs] 
400.408: [GC (Allocation Failure) [PSYoungGen: 66944K->1376K(67072K)] 358089K->292521K(699392K), 0.0024337 secs] [Times: user=0.01 sys=0.00, real=0.01 secs] 
402.021: [GC (Allocation Failure) [PSYoungGen: 66912K->1424K(67072K)] 358057K->292569K(699392K), 0.0015426 secs] [Times: user=0.00 sys=0.00, real=0.00 secs] 
402.831: [GC (Allocation Failure) [PSYoungGen: 66960K->1408K(67072K)] 358105K->292553K(699392K), 0.0020358 secs] [Times: user=0.01 sys=0.00, real=0.00 secs] 
403.599: [GC (Allocation Failure) [PSYoungGen: 66944K->1376K(67072K)] 358089K->292529K(699392K), 0.0021582 secs] [Times: user=0.01 sys=0.00, real=0.00 secs] 
404.382: [GC (Allocation Failure) [PSYoungGen: 66912K->1408K(67072K)] 358065K->292561K(699392K), 0.0021695 secs] [Times: user=0.01 sys=0.00, real=0.00 secs] 
405.148: [GC (Allocation Failure) [PSYoungGen: 66944K->1408K(67072K)] 358097K->292561K(699392K), 0.0024373 secs] [Times: user=0.01 sys=0.00, real=0.01 secs] 
406.284: [GC (Allocation Failure) [PSYoungGen: 66944K->1408K(67072K)] 358097K->292569K(699392K), 0.0016530 secs] [Times: user=0.01 sys=0.00, real=0.00 secs] 
406.560: [GC (Allocation Failure) [PSYoungGen: 66944K->1440K(67072K)] 358105K->292609K(699392K), 0.0016827 secs] [Times: user=0.00 sys=0.00, real=0.00 secs] 
406.861: [GC (Allocation Failure) [PSYoungGen: 66976K->1376K(67072K)] 358145K->292545K(699392K), 0.0017421 secs] [Times: user=0.00 sys=0.00, real=0.00 secs] 
407.137: [GC (Allocation Failure) [PSYoungGen: 66912K->1344K(67072K)] 358081K->292513K(699392K), 0.0018948 secs] [Times: user=0.01 sys=0.00, real=0.01 secs] 
408.097: [GC (Allocation Failure) [PSYoungGen: 66880K->1408K(67072K)] 358049K->292577K(699392K), 0.0016097 secs] [Times: user=0.01 sys=0.00, real=0.00 secs] 
408.383: [GC (Allocation Failure) [PSYoungGen: 66944K->1376K(67072K)] 358113K->292545K(699392K), 0.0016627 secs] [Times: user=0.00 sys=0.00, real=0.00 secs] 
408.655: [GC (Allocation Failure) [PSYoungGen: 66912K->352K(66048K)] 358081K->292545K(698368K), 0.0016398 secs] [Times: user=0.00 sys=0.00, real=0.00 secs] 
408.928: [GC (Allocation Failure) [PSYoungGen: 65888K->384K(67584K)] 358081K->292577K(699904K), 0.0017120 secs] [Times: user=0.01 sys=0.00, real=0.01 secs] 
410.016: [GC (Allocation Failure) [PSYoungGen: 65920K->1920K(67584K)] 358113K->294121K(699904K), 0.0016203 secs] [Times: user=0.00 sys=0.00, real=0.00 secs] 
410.311: [GC (Allocation Failure) [PSYoungGen: 67456K->1408K(67072K)] 359657K->293609K(699392K), 0.0018222 secs] [Times: user=0.00 sys=0.00, real=0.00 secs] 
410.839: [GC (Allocation Failure) [PSYoungGen: 66944K->384K(66048K)] 359145K->293609K(698368K), 0.0017918 secs] [Times: user=0.01 sys=0.00, real=0.00 secs] 
411.374: [GC (Allocation Failure) [PSYoungGen: 65920K->352K(68096K)] 359145K->293577K(700416K), 0.0015543 secs] [Times: user=0.01 sys=0.00, real=0.00 secs] 
411.970: [GC (Allocation Failure) [PSYoungGen: 65888K->368K(66048K)] 359113K->293609K(698368K), 0.0019109 secs] [Times: user=0.01 sys=0.00, real=0.00 secs] 
413.253: [GC (Allocation Failure) [PSYoungGen: 65904K->1440K(68096K)] 359145K->294689K(700416K), 0.0014533 secs] [Times: user=0.00 sys=0.00, real=0.00 secs] 
413.874: [GC (Allocation Failure) [PSYoungGen: 66976K->1392K(67072K)] 360225K->294641K(699392K), 0.0017463 secs] [Times: user=0.01 sys=0.00, real=0.00 secs] 
414.454: [GC (Allocation Failure) [PSYoungGen: 66928K->1376K(67072K)] 360177K->294633K(699392K), 0.0017418 secs] [Times: user=0.01 sys=0.00, real=0.00 secs] 
414.940: [GC (Allocation Failure) [PSYoungGen: 66912K->1376K(67072K)] 360169K->294633K(699392K), 0.0016076 secs] [Times: user=0.00 sys=0.00, real=0.00 secs] 
416.284: [GC (Allocation Failure) [PSYoungGen: 66912K->1440K(67072K)] 360169K->294697K(699392K), 0.0017005 secs] [Times: user=0.01 sys=0.00, real=0.00 secs] 
416.777: [GC (Allocation Failure) [PSYoungGen: 66976K->1440K(67072K)] 360233K->294697K(699392K), 0.0020629 secs] [Times: user=0.01 sys=0.00, real=0.00 secs] 
417.270: [GC (Allocation Failure) [PSYoungGen: 66976K->1392K(67072K)] 360233K->294673K(699392K), 0.0018722 secs] [Times: user=0.01 sys=0.00, real=0.00 secs] 
417.767: [GC (Allocation Failure) [PSYoungGen: 66928K->1344K(67072K)] 360209K->294625K(699392K), 0.0020593 secs] [Times: user=0.01 sys=0.00, real=0.01 secs] 
418.894: [GC (Allocation Failure) [PSYoungGen: 66880K->2080K(68096K)] 360161K->295369K(700416K), 0.0015996 secs] [Times: user=0.00 sys=0.01, real=0.00 secs] 
419.166: [GC (Allocation Failure) [PSYoungGen: 67616K->1408K(67072K)] 360905K->294697K(699392K), 0.0017311 secs] [Times: user=0.00 sys=0.00, real=0.00 secs] 
419.438: [GC (Allocation Failure) [PSYoungGen: 66944K->1408K(67072K)] 360233K->294705K(699392K), 0.0017020 secs] [Times: user=0.00 sys=0.00, real=0.01 secs] 
419.709: [GC (Allocation Failure) [PSYoungGen: 66944K->1376K(67072K)] 360241K->294673K(699392K), 0.0017336 secs] [Times: user=0.01 sys=0.01, real=0.00 secs] 
419.987: [GC (Allocation Failure) [PSYoungGen: 66912K->1408K(67072K)] 360209K->294705K(699392K), 0.0018105 secs] [Times: user=0.01 sys=0.00, real=0.01 secs] 
421.297: [GC (Allocation Failure) [PSYoungGen: 66944K->1456K(67072K)] 360241K->294753K(699392K), 0.0020082 secs] [Times: user=0.01 sys=0.00, real=0.01 secs] 
422.017: [GC (Allocation Failure) [PSYoungGen: 66992K->1440K(67072K)] 360289K->294737K(699392K), 0.0044359 secs] [Times: user=0.02 sys=0.00, real=0.01 secs] 
422.714: [GC (Allocation Failure) [PSYoungGen: 66976K->1408K(67072K)] 360273K->294713K(699392K), 0.0025047 secs] [Times: user=0.01 sys=0.00, real=0.00 secs] 
423.462: [GC (Allocation Failure) [PSYoungGen: 66944K->1408K(67072K)] 360249K->294721K(699392K), 0.0021793 secs] [Times: user=0.00 sys=0.00, real=0.00 secs] 
424.849: [GC (Allocation Failure) [PSYoungGen: 66944K->1472K(67072K)] 360257K->294793K(699392K), 0.0016519 secs] [Times: user=0.00 sys=0.00, real=0.00 secs] 
425.619: [GC (Allocation Failure) [PSYoungGen: 67008K->1408K(67072K)] 360329K->294729K(699392K), 0.0049534 secs] [Times: user=0.01 sys=0.00, real=0.00 secs] 
426.517: [GC (Allocation Failure) [PSYoungGen: 66944K->1408K(67072K)] 360265K->294745K(699392K), 0.0041853 secs] [Times: user=0.01 sys=0.00, real=0.01 secs] 
427.248: [GC (Allocation Failure) [PSYoungGen: 66944K->1408K(67072K)] 360281K->294745K(699392K), 0.0038498 secs] [Times: user=0.01 sys=0.00, real=0.01 secs] 
428.776: [GC (Allocation Failure) [PSYoungGen: 66944K->1440K(67072K)] 360281K->295041K(699392K), 0.0016246 secs] [Times: user=0.00 sys=0.00, real=0.00 secs] 
429.305: [GC (Allocation Failure) [PSYoungGen: 66976K->1408K(67072K)] 360577K->295009K(699392K), 0.0020526 secs] [Times: user=0.00 sys=0.00, real=0.00 secs] 
429.578: [GC (Allocation Failure) [PSYoungGen: 66944K->1408K(67072K)] 360545K->295025K(699392K), 0.0021799 secs] [Times: user=0.01 sys=0.00, real=0.01 secs] 
429.851: [GC (Allocation Failure) [PSYoungGen: 66944K->1440K(67072K)] 360561K->295057K(699392K), 0.0027897 secs] [Times: user=0.01 sys=0.00, real=0.00 secs] 
430.366: [GC (Allocation Failure) [PSYoungGen: 66976K->1376K(67072K)] 360593K->294993K(699392K), 0.0021900 secs] [Times: user=0.01 sys=0.00, real=0.00 secs] 
431.576: [GC (Allocation Failure) [PSYoungGen: 66912K->1408K(67072K)] 360529K->295025K(699392K), 0.0017030 secs] [Times: user=0.01 sys=0.00, real=0.00 secs] 
432.114: [GC (Allocation Failure) [PSYoungGen: 66944K->1392K(67072K)] 360561K->295009K(699392K), 0.0016526 secs] [Times: user=0.00 sys=0.00, real=0.00 secs] 
432.673: [GC (Allocation Failure) [PSYoungGen: 66928K->1392K(67072K)] 360545K->295009K(699392K), 0.0020153 secs] [Times: user=0.00 sys=0.00, real=0.00 secs] 
433.241: [GC (Allocation Failure) [PSYoungGen: 66928K->1408K(67072K)] 360545K->295025K(699392K), 0.0019031 secs] [Times: user=0.01 sys=0.00, real=0.00 secs] 
436.360: [GC (Allocation Failure) [PSYoungGen: 66944K->1392K(67072K)] 360561K->295009K(699392K), 0.0049006 secs] [Times: user=0.02 sys=0.00, real=0.00 secs] 
437.477: [GC (Allocation Failure) [PSYoungGen: 66928K->1408K(67072K)] 360545K->295033K(699392K), 0.0029370 secs] [Times: user=0.01 sys=0.00, real=0.01 secs] 
438.079: [GC (Allocation Failure) [PSYoungGen: 66944K->1360K(67072K)] 360569K->295001K(699392K), 0.0031757 secs] [Times: user=0.01 sys=0.00, real=0.00 secs] 
438.596: [GC (Allocation Failure) [PSYoungGen: 66896K->1408K(67072K)] 360537K->295049K(699392K), 0.0028987 secs] [Times: user=0.01 sys=0.00, real=0.01 secs] 
439.863: [GC (Allocation Failure) [PSYoungGen: 66944K->1504K(67072K)] 360585K->295209K(699392K), 0.0016614 secs] [Times: user=0.00 sys=0.00, real=0.00 secs] 
440.160: [GC (Allocation Failure) [PSYoungGen: 67040K->288K(66048K)] 360745K->295025K(698368K), 0.0018178 secs] [Times: user=0.01 sys=0.00, real=0.00 secs] 
440.438: [GC (Allocation Failure) [PSYoungGen: 65824K->288K(67584K)] 360561K->295025K(699904K), 0.0017081 secs] [Times: user=0.01 sys=0.00, real=0.01 secs] 
440.754: [GC (Allocation Failure) [PSYoungGen: 65824K->320K(66048K)] 360561K->295057K(698368K), 0.0019984 secs] [Times: user=0.01 sys=0.00, real=0.00 secs] 
441.097: [GC (Allocation Failure) [PSYoungGen: 65856K->272K(67584K)] 360593K->295009K(699904K), 0.0018957 secs] [Times: user=0.00 sys=0.00, real=0.01 secs] 
442.127: [GC (Allocation Failure) [PSYoungGen: 65808K->1472K(67072K)] 360545K->296209K(699392K), 0.0017566 secs] [Times: user=0.00 sys=0.00, real=0.00 secs] 
442.398: [GC (Allocation Failure) [PSYoungGen: 67008K->1472K(67072K)] 361745K->296209K(699392K), 0.0019510 secs] [Times: user=0.00 sys=0.00, real=0.01 secs] 
442.699: [GC (Allocation Failure) [PSYoungGen: 67008K->1440K(67072K)] 361745K->296177K(699392K), 0.0020095 secs] [Times: user=0.01 sys=0.00, real=0.01 secs] 
443.009: [GC (Allocation Failure) [PSYoungGen: 66976K->1408K(67072K)] 361713K->296145K(699392K), 0.0025297 secs] [Times: user=0.00 sys=0.00, real=0.01 secs] 
444.009: [GC (Allocation Failure) [PSYoungGen: 66944K->1440K(67072K)] 361681K->296177K(699392K), 0.0019111 secs] [Times: user=0.00 sys=0.00, real=0.00 secs] 
444.282: [GC (Allocation Failure) [PSYoungGen: 66976K->1440K(67072K)] 361713K->296177K(699392K), 0.0017038 secs] [Times: user=0.01 sys=0.00, real=0.00 secs] 
444.555: [GC (Allocation Failure) [PSYoungGen: 66976K->1440K(67072K)] 361713K->296185K(699392K), 0.0023135 secs] [Times: user=0.01 sys=0.00, real=0.00 secs] 
445.061: [GC (Allocation Failure) [PSYoungGen: 66976K->1408K(67072K)] 361721K->296153K(699392K), 0.0032335 secs] [Times: user=0.01 sys=0.00, real=0.00 secs] 
446.335: [GC (Allocation Failure) [PSYoungGen: 66944K->1984K(67584K)] 361689K->296729K(699904K), 0.0016771 secs] [Times: user=0.01 sys=0.00, real=0.00 secs] 
447.014: [GC (Allocation Failure) [PSYoungGen: 67520K->1376K(67072K)] 362265K->296121K(699392K), 0.0019529 secs] [Times: user=0.01 sys=0.00, real=0.00 secs] 
447.539: [GC (Allocation Failure) [PSYoungGen: 66912K->1376K(67072K)] 361657K->296169K(699392K), 0.0042288 secs] [Times: user=0.02 sys=0.00, real=0.00 secs] 
448.287: [GC (Allocation Failure) [PSYoungGen: 66912K->1344K(67072K)] 361705K->296137K(699392K), 0.0016646 secs] [Times: user=0.00 sys=0.00, real=0.00 secs] 
449.034: [GC (Allocation Failure) [PSYoungGen: 66880K->1440K(67072K)] 361673K->296233K(699392K), 0.0022055 secs] [Times: user=0.01 sys=0.00, real=0.00 secs] 
450.630: [GC (Allocation Failure) [PSYoungGen: 66976K->1424K(67072K)] 361769K->296217K(699392K), 0.0037935 secs] [Times: user=0.02 sys=0.00, real=0.00 secs] 
451.314: [GC (Allocation Failure) [PSYoungGen: 66960K->1424K(67072K)] 361753K->296217K(699392K), 0.0029144 secs] [Times: user=0.01 sys=0.00, real=0.00 secs] 
452.011: [GC (Allocation Failure) [PSYoungGen: 66960K->1408K(67072K)] 361753K->296201K(699392K), 0.0032755 secs] [Times: user=0.01 sys=0.00, real=0.00 secs] 
452.724: [GC (Allocation Failure) [PSYoungGen: 66944K->1408K(67072K)] 361737K->296201K(699392K), 0.0029055 secs] [Times: user=0.01 sys=0.00, real=0.00 secs] 
454.114: [GC (Allocation Failure) [PSYoungGen: 66944K->1472K(67072K)] 361737K->296265K(699392K), 0.0018678 secs] [Times: user=0.01 sys=0.00, real=0.00 secs] 
454.538: [GC (Allocation Failure) [PSYoungGen: 67008K->1376K(67072K)] 361801K->296169K(699392K), 0.0016509 secs] [Times: user=0.00 sys=0.00, real=0.01 secs] 
455.168: [GC (Allocation Failure) [PSYoungGen: 66912K->1328K(67072K)] 361705K->296129K(699392K), 0.0031729 secs] [Times: user=0.01 sys=0.00, real=0.01 secs] 
456.001: [GC (Allocation Failure) [PSYoungGen: 66864K->1376K(67072K)] 361665K->296177K(699392K), 0.0023928 secs] [Times: user=0.01 sys=0.00, real=0.00 secs] 
457.575: [GC (Allocation Failure) [PSYoungGen: 66912K->1984K(67584K)] 361713K->296785K(699904K), 0.0017719 secs] [Times: user=0.00 sys=0.00, real=0.00 secs] 
457.852: [GC (Allocation Failure) [PSYoungGen: 67520K->416K(66048K)] 362321K->296241K(698368K), 0.0022828 secs] [Times: user=0.01 sys=0.01, real=0.00 secs] 
458.287: [GC (Allocation Failure) [PSYoungGen: 65952K->432K(66048K)] 361777K->296257K(698368K), 0.0021474 secs] [Times: user=0.01 sys=0.00, real=0.01 secs] 
458.811: [GC (Allocation Failure) [PSYoungGen: 65968K->400K(66048K)] 361793K->296225K(698368K), 0.0031050 secs] [Times: user=0.01 sys=0.00, real=0.00 secs] 
459.298: [GC (Allocation Failure) [PSYoungGen: 65936K->352K(68096K)] 361761K->296177K(700416K), 0.0025995 secs] [Times: user=0.01 sys=0.00, real=0.01 secs] 
460.610: [GC (Allocation Failure) [PSYoungGen: 65888K->1376K(67072K)] 361713K->297201K(699392K), 0.0017479 secs] [Times: user=0.01 sys=0.01, real=0.00 secs] 
461.115: [GC (Allocation Failure) [PSYoungGen: 66912K->1408K(67072K)] 362737K->297233K(699392K), 0.0030452 secs] [Times: user=0.01 sys=0.00, real=0.00 secs] 
461.651: [GC (Allocation Failure) [PSYoungGen: 66944K->1408K(67072K)] 362769K->297233K(699392K), 0.0031922 secs] [Times: user=0.02 sys=0.00, real=0.00 secs] 
462.234: [GC (Allocation Failure) [PSYoungGen: 66944K->1408K(67072K)] 362769K->297233K(699392K), 0.0028022 secs] [Times: user=0.01 sys=0.00, real=0.00 secs] 
463.473: [GC (Allocation Failure) [PSYoungGen: 66944K->1408K(67072K)] 362769K->297233K(699392K), 0.0018473 secs] [Times: user=0.01 sys=0.00, real=0.00 secs] 
463.752: [GC (Allocation Failure) [PSYoungGen: 66944K->1344K(67072K)] 362769K->297169K(699392K), 0.0017228 secs] [Times: user=0.01 sys=0.00, real=0.00 secs] 
464.033: [GC (Allocation Failure) [PSYoungGen: 66880K->1344K(67072K)] 362705K->297177K(699392K), 0.0018295 secs] [Times: user=0.00 sys=0.00, real=0.00 secs] 
464.393: [GC (Allocation Failure) [PSYoungGen: 66880K->1376K(67072K)] 362713K->297209K(699392K), 0.0019563 secs] [Times: user=0.01 sys=0.00, real=0.00 secs] 
465.593: [GC (Allocation Failure) [PSYoungGen: 66912K->1440K(67072K)] 362745K->299321K(699392K), 0.0020835 secs] [Times: user=0.01 sys=0.00, real=0.00 secs] 
466.156: [GC (Allocation Failure) [PSYoungGen: 66976K->1408K(67072K)] 364857K->299289K(699392K), 0.0021015 secs] [Times: user=0.01 sys=0.00, real=0.00 secs] 
466.858: [GC (Allocation Failure) [PSYoungGen: 66944K->1408K(67072K)] 364825K->299289K(699392K), 0.0019860 secs] [Times: user=0.01 sys=0.00, real=0.01 secs] 
467.641: [GC (Allocation Failure) [PSYoungGen: 66944K->1376K(67072K)] 364825K->299257K(699392K), 0.0028711 secs] [Times: user=0.01 sys=0.00, real=0.00 secs] 
468.376: [GC (Allocation Failure) [PSYoungGen: 66912K->1408K(67072K)] 364793K->299289K(699392K), 0.0024307 secs] [Times: user=0.01 sys=0.00, real=0.01 secs] 
469.966: [GC (Allocation Failure) [PSYoungGen: 66944K->1344K(67072K)] 364825K->299225K(699392K), 0.0021516 secs] [Times: user=0.01 sys=0.00, real=0.00 secs] 
470.471: [GC (Allocation Failure) [PSYoungGen: 66880K->1360K(67072K)] 364761K->299241K(699392K), 0.0018681 secs] [Times: user=0.01 sys=0.00, real=0.00 secs] 
470.841: [GC (Allocation Failure) [PSYoungGen: 66896K->1312K(67072K)] 364777K->299209K(699392K), 0.0020300 secs] [Times: user=0.01 sys=0.00, real=0.00 secs] 
471.388: [GC (Allocation Failure) [PSYoungGen: 66848K->1408K(67072K)] 364745K->299305K(699392K), 0.0019164 secs] [Times: user=0.01 sys=0.00, real=0.01 secs] 
472.623: [GC (Allocation Failure) [PSYoungGen: 66944K->1440K(67072K)] 364841K->299337K(699392K), 0.0019261 secs] [Times: user=0.01 sys=0.00, real=0.00 secs] 
473.197: [GC (Allocation Failure) [PSYoungGen: 66976K->1408K(67072K)] 364873K->299305K(699392K), 0.0018490 secs] [Times: user=0.01 sys=0.00, real=0.00 secs] 
473.728: [GC (Allocation Failure) [PSYoungGen: 66944K->1440K(67072K)] 364841K->299345K(699392K), 0.0022950 secs] [Times: user=0.01 sys=0.00, real=0.01 secs] 
474.355: [GC (Allocation Failure) [PSYoungGen: 66976K->1440K(67072K)] 364881K->299345K(699392K), 0.0022081 secs] [Times: user=0.01 sys=0.00, real=0.00 secs] 
475.703: [GC (Allocation Failure) [PSYoungGen: 66976K->1376K(67072K)] 364881K->299281K(699392K), 0.0020855 secs] [Times: user=0.01 sys=0.00, real=0.00 secs] 
476.200: [GC (Allocation Failure) [PSYoungGen: 66912K->1376K(67072K)] 364817K->299281K(699392K), 0.0019150 secs] [Times: user=0.01 sys=0.00, real=0.00 secs] 
476.757: [GC (Allocation Failure) [PSYoungGen: 66912K->1376K(67072K)] 364817K->299289K(699392K), 0.0019532 secs] [Times: user=0.01 sys=0.00, real=0.01 secs] 
477.286: [GC (Allocation Failure) [PSYoungGen: 66912K->1408K(67072K)] 364825K->299329K(699392K), 0.0023946 secs] [Times: user=0.01 sys=0.00, real=0.01 secs] 
477.831: [GC (Allocation Failure) [PSYoungGen: 66944K->1440K(67072K)] 364865K->299361K(699392K), 0.0023752 secs] [Times: user=0.01 sys=0.00, real=0.00 secs] 
479.258: [GC (Allocation Failure) [PSYoungGen: 66976K->1440K(67072K)] 364897K->299361K(699392K), 0.0018339 secs] [Times: user=0.01 sys=0.00, real=0.01 secs] 
480.218: [GC (Allocation Failure) [PSYoungGen: 66976K->1408K(67072K)] 364897K->299329K(699392K), 0.0023860 secs] [Times: user=0.01 sys=0.00, real=0.01 secs] 
481.506: [GC (Allocation Failure) [PSYoungGen: 66944K->1376K(67072K)] 364865K->299297K(699392K), 0.0031439 secs] [Times: user=0.01 sys=0.00, real=0.01 secs] 
482.490: [GC (Allocation Failure) [PSYoungGen: 66912K->1408K(67072K)] 364833K->299329K(699392K), 0.0027536 secs] [Times: user=0.01 sys=0.00, real=0.00 secs] 
483.700: [GC (Allocation Failure) [PSYoungGen: 66944K->1408K(67072K)] 364865K->299329K(699392K), 0.0017328 secs] [Times: user=0.01 sys=0.00, real=0.00 secs] 
484.035: [GC (Allocation Failure) [PSYoungGen: 66944K->1376K(67072K)] 364865K->299297K(699392K), 0.0022366 secs] [Times: user=0.00 sys=0.00, real=0.00 secs] 
484.423: [GC (Allocation Failure) [PSYoungGen: 66912K->1392K(67072K)] 364833K->299313K(699392K), 0.0025280 secs] [Times: user=0.01 sys=0.00, real=0.00 secs] 
484.929: [GC (Allocation Failure) [PSYoungGen: 66928K->1360K(67072K)] 364849K->299281K(699392K), 0.0036364 secs] [Times: user=0.02 sys=0.00, real=0.00 secs] 
486.185: [GC (Allocation Failure) [PSYoungGen: 66896K->1408K(67072K)] 364817K->299337K(699392K), 0.0022007 secs] [Times: user=0.01 sys=0.00, real=0.00 secs] 
486.596: [GC (Allocation Failure) [PSYoungGen: 66944K->1392K(67072K)] 364873K->299321K(699392K), 0.0018521 secs] [Times: user=0.01 sys=0.00, real=0.00 secs] 
487.157: [GC (Allocation Failure) [PSYoungGen: 66928K->384K(66048K)] 364857K->299337K(698368K), 0.0019996 secs] [Times: user=0.01 sys=0.00, real=0.01 secs] 
487.644: [GC (Allocation Failure) [PSYoungGen: 65920K->416K(67584K)] 364873K->299369K(699904K), 0.0019171 secs] [Times: user=0.01 sys=0.00, real=0.00 secs] 
488.134: [GC (Allocation Failure) [PSYoungGen: 65952K->368K(66048K)] 364905K->299321K(698368K), 0.0020472 secs] [Times: user=0.01 sys=0.00, real=0.00 secs] 
489.718: [GC (Allocation Failure) [PSYoungGen: 65904K->1440K(67584K)] 364857K->300393K(699904K), 0.0017577 secs] [Times: user=0.01 sys=0.00, real=0.01 secs] 
490.419: [GC (Allocation Failure) [PSYoungGen: 66976K->1392K(67072K)] 365929K->300345K(699392K), 0.0019113 secs] [Times: user=0.01 sys=0.00, real=0.00 secs] 
491.152: [GC (Allocation Failure) [PSYoungGen: 66928K->1408K(67072K)] 365881K->300385K(699392K), 0.0018141 secs] [Times: user=0.00 sys=0.00, real=0.00 secs] 
491.953: [GC (Allocation Failure) [PSYoungGen: 66944K->1408K(67072K)] 365921K->300385K(699392K), 0.0018173 secs] [Times: user=0.01 sys=0.00, real=0.00 secs] 
493.161: [GC (Allocation Failure) [PSYoungGen: 66944K->1424K(67072K)] 365921K->300401K(699392K), 0.0020857 secs] [Times: user=0.01 sys=0.00, real=0.00 secs] 
493.541: [GC (Allocation Failure) [PSYoungGen: 66960K->1344K(67072K)] 365937K->300329K(699392K), 0.0019137 secs] [Times: user=0.01 sys=0.00, real=0.00 secs] 
493.819: [GC (Allocation Failure) [PSYoungGen: 66880K->1376K(67072K)] 365865K->300369K(699392K), 0.0020751 secs] [Times: user=0.01 sys=0.00, real=0.01 secs] 
494.102: [GC (Allocation Failure) [PSYoungGen: 66912K->1408K(67072K)] 365905K->300409K(699392K), 0.0017307 secs] [Times: user=0.01 sys=0.00, real=0.00 secs] 
495.181: [GC (Allocation Failure) [PSYoungGen: 66944K->1440K(67072K)] 365945K->300441K(699392K), 0.0025445 secs] [Times: user=0.01 sys=0.00, real=0.00 secs] 
495.496: [GC (Allocation Failure) [PSYoungGen: 66976K->1456K(67072K)] 365977K->300457K(699392K), 0.0019336 secs] [Times: user=0.01 sys=0.00, real=0.00 secs] 
495.769: [GC (Allocation Failure) [PSYoungGen: 66992K->1408K(67072K)] 365993K->300425K(699392K), 0.0018697 secs] [Times: user=0.01 sys=0.00, real=0.00 secs] 
496.102: [GC (Allocation Failure) [PSYoungGen: 66944K->1408K(67072K)] 365961K->300425K(699392K), 0.0018067 secs] [Times: user=0.00 sys=0.00, real=0.00 secs] 
497.211: [GC (Allocation Failure) [PSYoungGen: 66944K->1504K(67072K)] 365961K->300521K(699392K), 0.0019821 secs] [Times: user=0.01 sys=0.00, real=0.00 secs] 
497.645: [GC (Allocation Failure) [PSYoungGen: 67040K->1408K(67072K)] 366057K->300425K(699392K), 0.0017824 secs] [Times: user=0.01 sys=0.00, real=0.00 secs] 
498.187: [GC (Allocation Failure) [PSYoungGen: 66944K->1376K(67072K)] 365961K->300393K(699392K), 0.0018650 secs] [Times: user=0.00 sys=0.00, real=0.01 secs] 
498.739: [GC (Allocation Failure) [PSYoungGen: 66912K->1408K(67072K)] 365929K->300425K(699392K), 0.0020238 secs] [Times: user=0.00 sys=0.00, real=0.00 secs] 
499.385: [GC (Allocation Failure) [PSYoungGen: 66944K->1424K(67072K)] 365961K->300441K(699392K), 0.0020139 secs] [Times: user=0.01 sys=0.00, real=0.00 secs] 
500.509: [GC (Allocation Failure) [PSYoungGen: 66960K->1440K(67072K)] 365977K->300457K(699392K), 0.0016560 secs] [Times: user=0.01 sys=0.00, real=0.01 secs] 
500.780: [GC (Allocation Failure) [PSYoungGen: 66976K->1440K(67072K)] 365993K->300457K(699392K), 0.0018001 secs] [Times: user=0.01 sys=0.00, real=0.00 secs] 
501.052: [GC (Allocation Failure) [PSYoungGen: 66976K->1424K(67072K)] 365993K->300441K(699392K), 0.0017421 secs] [Times: user=0.01 sys=0.00, real=0.00 secs] 
501.325: [GC (Allocation Failure) [PSYoungGen: 66960K->1440K(67072K)] 365977K->300465K(699392K), 0.0023147 secs] [Times: user=0.01 sys=0.00, real=0.00 secs] 
502.854: [GC (Allocation Failure) [PSYoungGen: 66976K->1504K(67072K)] 366001K->300529K(699392K), 0.0024473 secs] [Times: user=0.01 sys=0.00, real=0.00 secs] 
503.932: [GC (Allocation Failure) [PSYoungGen: 67040K->1456K(67072K)] 366065K->300481K(699392K), 0.0026798 secs] [Times: user=0.01 sys=0.00, real=0.00 secs] 
504.355: [GC (Allocation Failure) [PSYoungGen: 66992K->1408K(67072K)] 366017K->300457K(699392K), 0.0031553 secs] [Times: user=0.01 sys=0.00, real=0.00 secs] 
505.036: [GC (Allocation Failure) [PSYoungGen: 66944K->1408K(67072K)] 365993K->300457K(699392K), 0.0022211 secs] [Times: user=0.01 sys=0.00, real=0.00 secs] 
506.567: [GC (Allocation Failure) [PSYoungGen: 66944K->944K(66560K)] 365993K->301017K(698880K), 0.0016089 secs] [Times: user=0.01 sys=0.00, real=0.01 secs] 
506.840: [GC (Allocation Failure) [PSYoungGen: 66480K->400K(66048K)] 366553K->300473K(698368K), 0.0018610 secs] [Times: user=0.01 sys=0.00, real=0.00 secs] 
507.113: [GC (Allocation Failure) [PSYoungGen: 65936K->432K(66048K)] 366009K->300505K(698368K), 0.0019303 secs] [Times: user=0.01 sys=0.00, real=0.00 secs] 
507.385: [GC (Allocation Failure) [PSYoungGen: 65968K->368K(67584K)] 366041K->300441K(699904K), 0.0016120 secs] [Times: user=0.01 sys=0.00, real=0.00 secs] 
507.658: [GC (Allocation Failure) [PSYoungGen: 65904K->368K(66048K)] 365977K->300441K(698368K), 0.0019087 secs] [Times: user=0.00 sys=0.00, real=0.01 secs] 
509.046: [GC (Allocation Failure) [PSYoungGen: 65904K->1456K(67072K)] 365977K->301537K(699392K), 0.0034888 secs] [Times: user=0.01 sys=0.00, real=0.01 secs] 
509.363: [GC (Allocation Failure) [PSYoungGen: 66992K->1456K(67072K)] 367073K->301537K(699392K), 0.0018395 secs] [Times: user=0.01 sys=0.00, real=0.00 secs] 
509.635: [GC (Allocation Failure) [PSYoungGen: 66992K->1392K(67072K)] 367073K->301473K(699392K), 0.0020191 secs] [Times: user=0.01 sys=0.00, real=0.00 secs] 
509.935: [GC (Allocation Failure) [PSYoungGen: 66928K->1392K(67072K)] 367009K->301473K(699392K), 0.0019413 secs] [Times: user=0.01 sys=0.00, real=0.00 secs] 
511.171: [GC (Allocation Failure) [PSYoungGen: 66928K->1456K(67072K)] 367009K->301537K(699392K), 0.0017987 secs] [Times: user=0.00 sys=0.00, real=0.00 secs] 
511.900: [GC (Allocation Failure) [PSYoungGen: 66992K->1456K(67072K)] 367073K->301537K(699392K), 0.0037073 secs] [Times: user=0.02 sys=0.00, real=0.00 secs] 
512.592: [GC (Allocation Failure) [PSYoungGen: 66992K->1424K(67072K)] 367073K->301505K(699392K), 0.0022032 secs] [Times: user=0.01 sys=0.00, real=0.00 secs] 
513.360: [GC (Allocation Failure) [PSYoungGen: 66960K->1456K(67072K)] 367041K->301561K(699392K), 0.0023273 secs] [Times: user=0.01 sys=0.00, real=0.00 secs] 
515.161: [GC (Allocation Failure) [PSYoungGen: 66992K->1488K(67072K)] 367097K->301601K(699392K), 0.0029222 secs] [Times: user=0.01 sys=0.00, real=0.00 secs] 
516.300: [GC (Allocation Failure) [PSYoungGen: 67024K->1456K(67072K)] 367137K->301569K(699392K), 0.0028382 secs] [Times: user=0.01 sys=0.00, real=0.00 secs] 
516.601: [GC (Allocation Failure) [PSYoungGen: 66992K->1456K(67072K)] 367105K->301601K(699392K), 0.0024789 secs] [Times: user=0.01 sys=0.00, real=0.00 secs] 
516.869: [GC (Allocation Failure) [PSYoungGen: 66992K->1360K(67072K)] 367137K->301505K(699392K), 0.0020280 secs] [Times: user=0.00 sys=0.00, real=0.00 secs] 
517.238: [GC (Allocation Failure) [PSYoungGen: 66896K->1376K(67072K)] 367041K->301521K(699392K), 0.0018822 secs] [Times: user=0.00 sys=0.00, real=0.01 secs] 
518.866: [GC (Allocation Failure) [PSYoungGen: 66912K->1472K(67072K)] 367057K->301617K(699392K), 0.0020151 secs] [Times: user=0.01 sys=0.00, real=0.00 secs] 
519.674: [GC (Allocation Failure) [PSYoungGen: 67008K->1408K(67072K)] 367153K->301553K(699392K), 0.0023971 secs] [Times: user=0.01 sys=0.00, real=0.00 secs] 
520.141: [GC (Allocation Failure) [PSYoungGen: 66944K->1408K(67072K)] 367089K->301569K(699392K), 0.0019922 secs] [Times: user=0.00 sys=0.00, real=0.00 secs] 
520.487: [GC (Allocation Failure) [PSYoungGen: 66944K->1440K(67072K)] 367105K->301601K(699392K), 0.0021722 secs] [Times: user=0.01 sys=0.01, real=0.01 secs] 
521.637: [GC (Allocation Failure) [PSYoungGen: 66976K->1440K(67072K)] 367137K->301601K(699392K), 0.0017630 secs] [Times: user=0.00 sys=0.00, real=0.01 secs] 
522.199: [GC (Allocation Failure) [PSYoungGen: 66976K->1408K(67072K)] 367137K->301569K(699392K), 0.0019097 secs] [Times: user=0.01 sys=0.00, real=0.00 secs] 
522.782: [GC (Allocation Failure) [PSYoungGen: 66944K->1376K(67072K)] 367105K->301537K(699392K), 0.0021445 secs] [Times: user=0.00 sys=0.00, real=0.00 secs] 
523.382: [GC (Allocation Failure) [PSYoungGen: 66912K->1424K(67072K)] 367073K->301585K(699392K), 0.0030441 secs] [Times: user=0.01 sys=0.00, real=0.00 secs] 
524.834: [GC (Allocation Failure) [PSYoungGen: 66960K->1472K(67072K)] 367121K->301633K(699392K), 0.0018292 secs] [Times: user=0.00 sys=0.00, real=0.00 secs] 
525.816: [GC (Allocation Failure) [PSYoungGen: 67008K->1344K(67072K)] 367169K->301521K(699392K), 0.0045343 secs] [Times: user=0.02 sys=0.00, real=0.01 secs] 
526.361: [GC (Allocation Failure) [PSYoungGen: 66880K->1344K(67072K)] 367057K->301529K(699392K), 0.0029489 secs] [Times: user=0.01 sys=0.00, real=0.00 secs] 
526.950: [GC (Allocation Failure) [PSYoungGen: 66880K->1408K(67072K)] 367065K->301593K(699392K), 0.0022111 secs] [Times: user=0.01 sys=0.00, real=0.00 secs] 
527.532: [GC (Allocation Failure) [PSYoungGen: 66944K->1376K(67072K)] 367129K->301561K(699392K), 0.0036369 secs] [Times: user=0.01 sys=0.01, real=0.00 secs] 
528.941: [GC (Allocation Failure) [PSYoungGen: 66912K->1408K(67072K)] 367097K->301593K(699392K), 0.0042456 secs] [Times: user=0.01 sys=0.00, real=0.00 secs] 
529.420: [GC (Allocation Failure) [PSYoungGen: 66944K->1440K(67072K)] 367129K->301625K(699392K), 0.0027153 secs] [Times: user=0.01 sys=0.00, real=0.00 secs] 
529.887: [GC (Allocation Failure) [PSYoungGen: 66976K->1376K(67072K)] 367161K->301569K(699392K), 0.0022454 secs] [Times: user=0.00 sys=0.00, real=0.01 secs] 
530.361: [GC (Allocation Failure) [PSYoungGen: 66912K->1376K(67072K)] 367105K->301569K(699392K), 0.0022105 secs] [Times: user=0.01 sys=0.00, real=0.00 secs] 
532.257: [GC (Allocation Failure) [PSYoungGen: 66912K->1408K(67072K)] 367105K->301601K(699392K), 0.0019214 secs] [Times: user=0.00 sys=0.00, real=0.01 secs] 
532.641: [GC (Allocation Failure) [PSYoungGen: 66944K->1408K(67072K)] 367137K->301601K(699392K), 0.0020255 secs] [Times: user=0.01 sys=0.00, real=0.00 secs] 
532.916: [GC (Allocation Failure) [PSYoungGen: 66944K->1376K(67072K)] 367137K->301569K(699392K), 0.0020906 secs] [Times: user=0.01 sys=0.01, real=0.00 secs] 
533.188: [GC (Allocation Failure) [PSYoungGen: 66912K->1408K(67072K)] 367105K->301601K(699392K), 0.0019080 secs] [Times: user=0.01 sys=0.00, real=0.01 secs] 
534.239: [GC (Allocation Failure) [PSYoungGen: 66944K->1440K(67072K)] 367137K->301633K(699392K), 0.0020210 secs] [Times: user=0.00 sys=0.00, real=0.00 secs] 
534.512: [GC (Allocation Failure) [PSYoungGen: 66976K->320K(66048K)] 367169K->301545K(698368K), 0.0020307 secs] [Times: user=0.01 sys=0.00, real=0.00 secs] 
534.785: [GC (Allocation Failure) [PSYoungGen: 65856K->352K(67584K)] 367081K->301585K(699904K), 0.0020202 secs] [Times: user=0.01 sys=0.00, real=0.00 secs] 
535.057: [GC (Allocation Failure) [PSYoungGen: 65888K->384K(66048K)] 367121K->301617K(698368K), 0.0019240 secs] [Times: user=0.01 sys=0.00, real=0.01 secs] 
535.998: [GC (Allocation Failure) [PSYoungGen: 65920K->1456K(67584K)] 367153K->302689K(699904K), 0.0014856 secs] [Times: user=0.00 sys=0.00, real=0.01 secs] 
536.295: [GC (Allocation Failure) [PSYoungGen: 66992K->1376K(67072K)] 368225K->302609K(699392K), 0.0014496 secs] [Times: user=0.01 sys=0.00, real=0.00 secs] 
536.567: [GC (Allocation Failure) [PSYoungGen: 66912K->1360K(67072K)] 368145K->302593K(699392K), 0.0023505 secs] [Times: user=0.00 sys=0.00, real=0.01 secs] 
536.962: [GC (Allocation Failure) [PSYoungGen: 66896K->1408K(67072K)] 368129K->302641K(699392K), 0.0029333 secs] [Times: user=0.02 sys=0.00, real=0.00 secs] 
537.487: [GC (Allocation Failure) [PSYoungGen: 66944K->1408K(67072K)] 368177K->302641K(699392K), 0.0030308 secs] [Times: user=0.02 sys=0.00, real=0.01 secs] 
539.294: [GC (Allocation Failure) [PSYoungGen: 66944K->1440K(67072K)] 368177K->302673K(699392K), 0.0020712 secs] [Times: user=0.01 sys=0.00, real=0.00 secs] 
540.092: [GC (Allocation Failure) [PSYoungGen: 66976K->1376K(67072K)] 368209K->302609K(699392K), 0.0024210 secs] [Times: user=0.01 sys=0.00, real=0.00 secs] 
540.933: [GC (Allocation Failure) [PSYoungGen: 66912K->1408K(67072K)] 368145K->302641K(699392K), 0.0022583 secs] [Times: user=0.00 sys=0.00, real=0.00 secs] 
541.648: [GC (Allocation Failure) [PSYoungGen: 66944K->1376K(67072K)] 368177K->302609K(699392K), 0.0026113 secs] [Times: user=0.01 sys=0.00, real=0.01 secs] 
543.136: [GC (Allocation Failure) [PSYoungGen: 66912K->1392K(67072K)] 368145K->302625K(699392K), 0.0017927 secs] [Times: user=0.01 sys=0.00, real=0.00 secs] 
543.857: [GC (Allocation Failure) [PSYoungGen: 66928K->1344K(67072K)] 368161K->302577K(699392K), 0.0039722 secs] [Times: user=0.01 sys=0.00, real=0.01 secs] 
544.495: [GC (Allocation Failure) [PSYoungGen: 66880K->1360K(67072K)] 368113K->302601K(699392K), 0.0027498 secs] [Times: user=0.01 sys=0.00, real=0.00 secs] 
545.155: [GC (Allocation Failure) [PSYoungGen: 66896K->1408K(67072K)] 368137K->302657K(699392K), 0.0031287 secs] [Times: user=0.01 sys=0.00, real=0.00 secs] 
546.526: [GC (Allocation Failure) [PSYoungGen: 66944K->1504K(67072K)] 368193K->303097K(699392K), 0.0018209 secs] [Times: user=0.01 sys=0.00, real=0.00 secs] 
547.197: [GC (Allocation Failure) [PSYoungGen: 67040K->1344K(67072K)] 368633K->302953K(699392K), 0.0017926 secs] [Times: user=0.01 sys=0.00, real=0.00 secs] 
547.723: [GC (Allocation Failure) [PSYoungGen: 66880K->1360K(67072K)] 368489K->302969K(699392K), 0.0017904 secs] [Times: user=0.00 sys=0.00, real=0.00 secs] 
548.600: [GC (Allocation Failure) [PSYoungGen: 66896K->1280K(67072K)] 368505K->302889K(699392K), 0.0020289 secs] [Times: user=0.01 sys=0.00, real=0.00 secs] 
549.733: [GC (Allocation Failure) [PSYoungGen: 66816K->1312K(67072K)] 368425K->302921K(699392K), 0.0020517 secs] [Times: user=0.01 sys=0.00, real=0.00 secs] 
551.107: [GC (Allocation Failure) [PSYoungGen: 66848K->1584K(67584K)] 368457K->303193K(699904K), 0.0020719 secs] [Times: user=0.01 sys=0.00, real=0.01 secs] 
551.697: [GC (Allocation Failure) [PSYoungGen: 67120K->496K(66048K)] 368729K->303129K(698368K), 0.0030395 secs] [Times: user=0.01 sys=0.00, real=0.01 secs] 
552.312: [GC (Allocation Failure) [PSYoungGen: 66032K->512K(67584K)] 368665K->303145K(699904K), 0.0022228 secs] [Times: user=0.01 sys=0.00, real=0.00 secs] 
552.998: [GC (Allocation Failure) [PSYoungGen: 66048K->496K(66048K)] 368681K->303129K(698368K), 0.0034974 secs] [Times: user=0.01 sys=0.00, real=0.01 secs] 
554.269: [GC (Allocation Failure) [PSYoungGen: 66032K->1552K(67584K)] 368665K->304193K(699904K), 0.0018583 secs] [Times: user=0.01 sys=0.00, real=0.00 secs] 
554.855: [GC (Allocation Failure) [PSYoungGen: 67088K->1520K(68096K)] 369729K->304161K(700416K), 0.0039185 secs] [Times: user=0.01 sys=0.01, real=0.00 secs] 
555.420: [GC (Allocation Failure) [PSYoungGen: 67056K->1552K(68096K)] 369697K->304193K(700416K), 0.0030301 secs] [Times: user=0.02 sys=0.00, real=0.00 secs] 
556.017: [GC (Allocation Failure) [PSYoungGen: 67088K->1520K(68096K)] 369729K->304169K(700416K), 0.0023645 secs] [Times: user=0.01 sys=0.00, real=0.01 secs] 
557.526: [GC (Allocation Failure) [PSYoungGen: 67056K->2064K(68096K)] 369705K->304713K(700416K), 0.0018980 secs] [Times: user=0.01 sys=0.00, real=0.00 secs] 
558.171: [GC (Allocation Failure) [PSYoungGen: 67600K->1552K(68096K)] 370249K->304201K(700416K), 0.0019754 secs] [Times: user=0.01 sys=0.00, real=0.00 secs] 
558.784: [GC (Allocation Failure) [PSYoungGen: 67088K->1408K(68096K)] 369737K->304221K(700416K), 0.0023462 secs] [Times: user=0.01 sys=0.00, real=0.00 secs] 
559.300: [GC (Allocation Failure) [PSYoungGen: 66944K->1376K(68096K)] 369757K->304189K(700416K), 0.0020108 secs] [Times: user=0.00 sys=0.00, real=0.00 secs] 
559.697: [GC (Allocation Failure) [PSYoungGen: 66912K->1408K(68096K)] 369725K->304221K(700416K), 0.0022178 secs] [Times: user=0.01 sys=0.00, real=0.01 secs] 
561.131: [GC (Allocation Failure) [PSYoungGen: 66944K->1440K(68096K)] 369757K->304253K(700416K), 0.0019790 secs] [Times: user=0.01 sys=0.01, real=0.00 secs] 
561.411: [GC (Allocation Failure) [PSYoungGen: 66976K->1376K(67072K)] 369789K->304189K(699392K), 0.0018064 secs] [Times: user=0.00 sys=0.00, real=0.00 secs] 
561.892: [GC (Allocation Failure) [PSYoungGen: 66912K->1408K(67584K)] 369725K->304229K(699904K), 0.0020628 secs] [Times: user=0.00 sys=0.00, real=0.00 secs] 
562.372: [GC (Allocation Failure) [PSYoungGen: 66944K->1392K(67584K)] 369765K->304213K(699904K), 0.0022567 secs] [Times: user=0.01 sys=0.00, real=0.00 secs] 
563.556: [GC (Allocation Failure) [PSYoungGen: 66928K->1456K(67584K)] 369749K->304277K(699904K), 0.0023237 secs] [Times: user=0.01 sys=0.00, real=0.00 secs] 
563.829: [GC (Allocation Failure) [PSYoungGen: 66992K->1440K(67584K)] 369813K->304261K(699904K), 0.0019195 secs] [Times: user=0.01 sys=0.00, real=0.00 secs] 
564.101: [GC (Allocation Failure) [PSYoungGen: 66976K->1376K(67584K)] 369797K->304213K(699904K), 0.0018947 secs] [Times: user=0.01 sys=0.00, real=0.00 secs] 
564.373: [GC (Allocation Failure) [PSYoungGen: 66912K->1408K(67584K)] 369749K->304245K(699904K), 0.0017734 secs] [Times: user=0.01 sys=0.00, real=0.00 secs] 
565.501: [GC (Allocation Failure) [PSYoungGen: 66944K->1440K(67584K)] 369781K->304277K(699904K), 0.0016660 secs] [Times: user=0.01 sys=0.00, real=0.00 secs] 
566.253: [GC (Allocation Failure) [PSYoungGen: 66976K->1392K(67584K)] 369813K->304229K(699904K), 0.0029467 secs] [Times: user=0.01 sys=0.00, real=0.00 secs] 
566.525: [GC (Allocation Failure) [PSYoungGen: 66928K->1392K(67584K)] 369765K->304229K(699904K), 0.0022405 secs] [Times: user=0.01 sys=0.00, real=0.00 secs] 
566.895: [GC (Allocation Failure) [PSYoungGen: 66928K->1440K(67584K)] 369765K->304277K(699904K), 0.0019051 secs] [Times: user=0.01 sys=0.00, real=0.00 secs] 
567.676: [GC (Allocation Failure) [PSYoungGen: 66976K->1344K(67584K)] 369813K->304181K(699904K), 0.0025528 secs] [Times: user=0.01 sys=0.00, real=0.00 secs] 
568.807: [GC (Allocation Failure) [PSYoungGen: 66880K->1408K(67584K)] 369717K->304245K(699904K), 0.0026819 secs] [Times: user=0.01 sys=0.00, real=0.01 secs] 
569.076: [GC (Allocation Failure) [PSYoungGen: 66944K->1376K(67584K)] 369781K->304213K(699904K), 0.0019162 secs] [Times: user=0.00 sys=0.00, real=0.00 secs] 
569.348: [GC (Allocation Failure) [PSYoungGen: 66912K->1376K(67584K)] 369749K->304221K(699904K), 0.0019317 secs] [Times: user=0.01 sys=0.00, real=0.01 secs] 
569.620: [GC (Allocation Failure) [PSYoungGen: 66912K->1440K(67584K)] 369757K->304285K(699904K), 0.0019269 secs] [Times: user=0.01 sys=0.00, real=0.00 secs] 
570.645: [GC (Allocation Failure) [PSYoungGen: 66976K->1376K(67584K)] 369821K->304229K(699904K), 0.0023679 secs] [Times: user=0.01 sys=0.00, real=0.00 secs] 
570.919: [GC (Allocation Failure) [PSYoungGen: 66912K->1376K(67584K)] 369765K->304229K(699904K), 0.0019074 secs] [Times: user=0.01 sys=0.00, real=0.01 secs] 
571.192: [GC (Allocation Failure) [PSYoungGen: 66912K->1376K(67584K)] 369765K->304261K(699904K), 0.0017571 secs] [Times: user=0.01 sys=0.00, real=0.00 secs] 
571.464: [GC (Allocation Failure) [PSYoungGen: 66912K->1408K(67072K)] 369797K->304293K(699392K), 0.0019209 secs] [Times: user=0.01 sys=0.00, real=0.00 secs] 
572.947: [GC (Allocation Failure) [PSYoungGen: 66944K->1376K(67072K)] 369829K->304261K(699392K), 0.0047829 secs] [Times: user=0.02 sys=0.00, real=0.01 secs] 
574.285: [GC (Allocation Failure) [PSYoungGen: 66912K->416K(66560K)] 369797K->304325K(698880K), 0.0045918 secs] [Times: user=0.01 sys=0.00, real=0.01 secs] 
575.214: [GC (Allocation Failure) [PSYoungGen: 65952K->320K(67584K)] 369861K->304229K(699904K), 0.0032006 secs] [Times: user=0.02 sys=0.00, real=0.00 secs] 
575.649: [GC (Allocation Failure) [PSYoungGen: 65856K->384K(67584K)] 369765K->304293K(699904K), 0.0024371 secs] [Times: user=0.01 sys=0.00, real=0.00 secs] 
576.908: [GC (Allocation Failure) [PSYoungGen: 65912K->160K(67584K)] 369821K->304069K(699904K), 0.0012682 secs] [Times: user=0.00 sys=0.00, real=0.01 secs] 
578.572: [GC (Allocation Failure) [PSYoungGen: 65696K->1392K(67584K)] 369605K->305301K(699904K), 0.0033608 secs] [Times: user=0.01 sys=0.01, real=0.00 secs] 
579.142: [GC (Allocation Failure) [PSYoungGen: 66928K->1440K(67584K)] 370837K->305349K(699904K), 0.0022978 secs] [Times: user=0.01 sys=0.00, real=0.00 secs] 
579.649: [GC (Allocation Failure) [PSYoungGen: 66976K->1344K(68096K)] 370885K->305253K(700416K), 0.0029244 secs] [Times: user=0.02 sys=0.00, real=0.00 secs] 
580.519: [GC (Allocation Failure) [PSYoungGen: 66880K->1376K(68096K)] 370789K->305285K(700416K), 0.0026537 secs] [Times: user=0.00 sys=0.01, real=0.00 secs] 
582.080: [GC (Allocation Failure) [PSYoungGen: 66912K->1456K(68096K)] 370821K->305365K(700416K), 0.0016265 secs] [Times: user=0.01 sys=0.00, real=0.00 secs] 
583.050: [GC (Allocation Failure) [PSYoungGen: 66992K->1376K(68096K)] 370901K->305285K(700416K), 0.0043609 secs] [Times: user=0.01 sys=0.00, real=0.00 secs] 
583.825: [GC (Allocation Failure) [PSYoungGen: 66912K->1408K(68096K)] 370821K->305333K(700416K), 0.0029362 secs] [Times: user=0.02 sys=0.00, real=0.00 secs] 
584.388: [GC (Allocation Failure) [PSYoungGen: 66944K->1376K(67072K)] 370869K->305301K(699392K), 0.0022607 secs] [Times: user=0.01 sys=0.01, real=0.01 secs] 
585.804: [GC (Allocation Failure) [PSYoungGen: 66912K->1440K(67584K)] 370837K->305365K(699904K), 0.0016138 secs] [Times: user=0.01 sys=0.00, real=0.00 secs] 
586.314: [GC (Allocation Failure) [PSYoungGen: 66976K->1408K(67584K)] 370901K->305333K(699904K), 0.0025008 secs] [Times: user=0.01 sys=0.00, real=0.00 secs] 
586.655: [GC (Allocation Failure) [PSYoungGen: 66944K->1376K(67584K)] 370869K->305301K(699904K), 0.0032039 secs] [Times: user=0.01 sys=0.00, real=0.00 secs] 
587.194: [GC (Allocation Failure) [PSYoungGen: 66912K->1424K(67584K)] 370837K->305357K(699904K), 0.0024713 secs] [Times: user=0.01 sys=0.00, real=0.00 secs] 
588.584: [GC (Allocation Failure) [PSYoungGen: 66960K->1728K(67072K)] 370893K->305669K(699392K), 0.0024989 secs] [Times: user=0.01 sys=0.00, real=0.00 secs] 
589.717: [GC (Allocation Failure) [PSYoungGen: 66752K->1408K(66560K)] 370693K->305349K(698880K), 0.0029012 secs] [Times: user=0.01 sys=0.00, real=0.01 secs] 
590.341: [GC (Allocation Failure) [PSYoungGen: 66432K->1376K(67072K)] 370373K->305317K(699392K), 0.0024738 secs] [Times: user=0.01 sys=0.00, real=0.00 secs] 
590.922: [GC (Allocation Failure) [PSYoungGen: 66400K->1408K(67072K)] 370341K->305349K(699392K), 0.0025098 secs] [Times: user=0.01 sys=0.00, real=0.00 secs] 
591.478: [GC (Allocation Failure) [PSYoungGen: 66432K->1408K(67072K)] 370373K->305349K(699392K), 0.0024843 secs] [Times: user=0.01 sys=0.00, real=0.01 secs] 
592.649: [GC (Allocation Failure) [PSYoungGen: 66432K->1440K(67072K)] 370373K->305381K(699392K), 0.0018893 secs] [Times: user=0.01 sys=0.00, real=0.00 secs] 
592.944: [GC (Allocation Failure) [PSYoungGen: 66464K->1408K(67072K)] 370405K->305349K(699392K), 0.0017945 secs] [Times: user=0.01 sys=0.00, real=0.00 secs] 
593.284: [GC (Allocation Failure) [PSYoungGen: 66432K->1472K(67072K)] 370373K->305425K(699392K), 0.0020088 secs] [Times: user=0.01 sys=0.00, real=0.00 secs] 
593.813: [GC (Allocation Failure) [PSYoungGen: 66496K->1440K(67072K)] 370449K->305393K(699392K), 0.0021525 secs] [Times: user=0.01 sys=0.00, real=0.00 secs] 
595.082: [GC (Allocation Failure) [PSYoungGen: 66464K->1408K(67072K)] 370417K->305369K(699392K), 0.0015792 secs] [Times: user=0.01 sys=0.00, real=0.00 secs] 
595.455: [GC (Allocation Failure) [PSYoungGen: 66432K->1376K(67072K)] 370393K->305337K(699392K), 0.0037778 secs] [Times: user=0.02 sys=0.00, real=0.01 secs] 
596.250: [GC (Allocation Failure) [PSYoungGen: 66400K->1440K(67072K)] 370361K->305401K(699392K), 0.0023922 secs] [Times: user=0.01 sys=0.00, real=0.00 secs] 
597.087: [GC (Allocation Failure) [PSYoungGen: 66464K->1440K(67072K)] 370425K->305401K(699392K), 0.0025390 secs] [Times: user=0.01 sys=0.00, real=0.01 secs] 
598.882: [GC (Allocation Failure) [PSYoungGen: 66464K->1456K(67072K)] 370425K->305417K(699392K), 0.0013216 secs] [Times: user=0.00 sys=0.00, real=0.00 secs] 
599.241: [GC (Allocation Failure) [PSYoungGen: 66480K->1440K(67072K)] 370441K->305401K(699392K), 0.0017192 secs] [Times: user=0.01 sys=0.00, real=0.00 secs] 
599.510: [GC (Allocation Failure) [PSYoungGen: 66464K->1376K(67072K)] 370425K->305345K(699392K), 0.0015462 secs] [Times: user=0.01 sys=0.00, real=0.00 secs] 
599.957: [GC (Allocation Failure) [PSYoungGen: 66400K->1344K(67072K)] 370369K->305313K(699392K), 0.0018995 secs] [Times: user=0.00 sys=0.00, real=0.01 secs] 
600.472: [GC (Allocation Failure) [PSYoungGen: 66368K->1344K(67072K)] 370337K->305313K(699392K), 0.0019770 secs] [Times: user=0.01 sys=0.00, real=0.00 secs] 
602.051: [GC (Allocation Failure) [PSYoungGen: 66368K->1440K(67072K)] 370337K->305409K(699392K), 0.0017109 secs] [Times: user=0.00 sys=0.00, real=0.00 secs] 
603.041: [GC (Allocation Failure) [PSYoungGen: 66464K->1360K(67072K)] 370433K->305329K(699392K), 0.0020271 secs] [Times: user=0.01 sys=0.00, real=0.00 secs] 
603.865: [GC (Allocation Failure) [PSYoungGen: 66384K->1376K(67072K)] 370353K->305345K(699392K), 0.0029801 secs] [Times: user=0.01 sys=0.00, real=0.00 secs] 
604.615: [GC (Allocation Failure) [PSYoungGen: 66400K->1360K(67072K)] 370369K->305329K(699392K), 0.0031549 secs] [Times: user=0.01 sys=0.00, real=0.00 secs] 
605.849: [GC (Allocation Failure) [PSYoungGen: 66384K->1408K(67072K)] 370353K->305377K(699392K), 0.0016249 secs] [Times: user=0.01 sys=0.00, real=0.00 secs] 
606.490: [GC (Allocation Failure) [PSYoungGen: 66432K->1376K(67072K)] 370401K->305353K(699392K), 0.0037225 secs] [Times: user=0.02 sys=0.00, real=0.00 secs] 
607.066: [GC (Allocation Failure) [PSYoungGen: 66400K->1408K(66560K)] 370377K->305385K(698880K), 0.0030506 secs] [Times: user=0.01 sys=0.00, real=0.01 secs] 
607.628: [GC (Allocation Failure) [PSYoungGen: 66432K->1376K(66560K)] 370409K->305353K(698880K), 0.0028453 secs] [Times: user=0.01 sys=0.00, real=0.01 secs] 
608.421: [GC (Allocation Failure) [PSYoungGen: 66400K->349K(66048K)] 370377K->305358K(698368K), 0.0014692 secs] [Times: user=0.01 sys=0.00, real=0.00 secs] 
609.634: [GC (Allocation Failure) [PSYoungGen: 65373K->1408K(67072K)] 370382K->306417K(699392K), 0.0041041 secs] [Times: user=0.02 sys=0.00, real=0.00 secs] 
610.576: [GC (Allocation Failure) [PSYoungGen: 66432K->1392K(67072K)] 371441K->306401K(699392K), 0.0048642 secs] [Times: user=0.02 sys=0.00, real=0.01 secs] 
611.341: [GC (Allocation Failure) [PSYoungGen: 66416K->1408K(67072K)] 371425K->306417K(699392K), 0.0031690 secs] [Times: user=0.01 sys=0.00, real=0.00 secs] 
612.152: [GC (Allocation Failure) [PSYoungGen: 66432K->1392K(67072K)] 371441K->306401K(699392K), 0.0037150 secs] [Times: user=0.02 sys=0.00, real=0.00 secs] 
613.805: [GC (Allocation Failure) [PSYoungGen: 66416K->1440K(67072K)] 371425K->306449K(699392K), 0.0037477 secs] [Times: user=0.01 sys=0.00, real=0.00 secs] 
614.703: [GC (Allocation Failure) [PSYoungGen: 66464K->1344K(67072K)] 371473K->306353K(699392K), 0.0044819 secs] [Times: user=0.02 sys=0.00, real=0.00 secs] 
615.615: [GC (Allocation Failure) [PSYoungGen: 66368K->1408K(67072K)] 371377K->306425K(699392K), 0.0034839 secs] [Times: user=0.01 sys=0.01, real=0.01 secs] 
616.241: [GC (Allocation Failure) [PSYoungGen: 66432K->1376K(67072K)] 371449K->306393K(699392K), 0.0028513 secs] [Times: user=0.01 sys=0.00, real=0.00 secs] 
617.691: [GC (Allocation Failure) [PSYoungGen: 66400K->1440K(67072K)] 371417K->306473K(699392K), 0.0017824 secs] [Times: user=0.01 sys=0.00, real=0.00 secs] 
618.022: [GC (Allocation Failure) [PSYoungGen: 66464K->1408K(67072K)] 371497K->306441K(699392K), 0.0017071 secs] [Times: user=0.01 sys=0.00, real=0.00 secs] 
618.581: [GC (Allocation Failure) [PSYoungGen: 66432K->1440K(67072K)] 371465K->306481K(699392K), 0.0037444 secs] [Times: user=0.01 sys=0.00, real=0.00 secs] 
619.038: [GC (Allocation Failure) [PSYoungGen: 66464K->1440K(67072K)] 371505K->306481K(699392K), 0.0024323 secs] [Times: user=0.01 sys=0.00, real=0.01 secs] 
619.504: [GC (Allocation Failure) [PSYoungGen: 66464K->1376K(67072K)] 371505K->306417K(699392K), 0.0030801 secs] [Times: user=0.01 sys=0.00, real=0.00 secs] 
620.725: [GC (Allocation Failure) [PSYoungGen: 66400K->1472K(67072K)] 371441K->306513K(699392K), 0.0026343 secs] [Times: user=0.01 sys=0.00, real=0.00 secs] 
621.040: [GC (Allocation Failure) [PSYoungGen: 66496K->1408K(67072K)] 371537K->306449K(699392K), 0.0026702 secs] [Times: user=0.01 sys=0.01, real=0.00 secs] 
621.532: [GC (Allocation Failure) [PSYoungGen: 66432K->1440K(67072K)] 371473K->306481K(699392K), 0.0025989 secs] [Times: user=0.01 sys=0.01, real=0.00 secs] 
622.100: [GC (Allocation Failure) [PSYoungGen: 66464K->1376K(67072K)] 371505K->306417K(699392K), 0.0022041 secs] [Times: user=0.01 sys=0.00, real=0.00 secs] 
624.380: [GC (Allocation Failure) [PSYoungGen: 66400K->1504K(67072K)] 371441K->306545K(699392K), 0.0034397 secs] [Times: user=0.01 sys=0.00, real=0.00 secs] 
625.026: [GC (Allocation Failure) [PSYoungGen: 66528K->1408K(67072K)] 371569K->306449K(699392K), 0.0043425 secs] [Times: user=0.02 sys=0.01, real=0.01 secs] 
625.826: [GC (Allocation Failure) [PSYoungGen: 66432K->1408K(67072K)] 371473K->306457K(699392K), 0.0036073 secs] [Times: user=0.01 sys=0.00, real=0.01 secs] 
626.742: [GC (Allocation Failure) [PSYoungGen: 66432K->1440K(67072K)] 371481K->306489K(699392K), 0.0036996 secs] [Times: user=0.01 sys=0.00, real=0.00 secs] 
628.378: [GC (Allocation Failure) [PSYoungGen: 66464K->1440K(67072K)] 371513K->306489K(699392K), 0.0017653 secs] [Times: user=0.00 sys=0.00, real=0.01 secs] 
629.252: [GC (Allocation Failure) [PSYoungGen: 66464K->1440K(67072K)] 371513K->306489K(699392K), 0.0047722 secs] [Times: user=0.02 sys=0.00, real=0.00 secs] 
629.930: [GC (Allocation Failure) [PSYoungGen: 66464K->1376K(67072K)] 371513K->306433K(699392K), 0.0031480 secs] [Times: user=0.01 sys=0.00, real=0.00 secs] 
630.551: [GC (Allocation Failure) [PSYoungGen: 66400K->1408K(67072K)] 371457K->306465K(699392K), 0.0028579 secs] [Times: user=0.01 sys=0.00, real=0.00 secs] 
631.247: [GC (Allocation Failure) [PSYoungGen: 66432K->1408K(66560K)] 371489K->306465K(698880K), 0.0023653 secs] [Times: user=0.01 sys=0.00, real=0.01 secs] 
632.847: [GC (Allocation Failure) [PSYoungGen: 66432K->1408K(66560K)] 371489K->306465K(698880K), 0.0023580 secs] [Times: user=0.01 sys=0.00, real=0.01 secs] 
633.687: [GC (Allocation Failure) [PSYoungGen: 66432K->384K(66048K)] 371489K->306465K(698368K), 0.0048367 secs] [Times: user=0.01 sys=0.01, real=0.01 secs] 
634.593: [GC (Allocation Failure) [PSYoungGen: 65408K->352K(67072K)] 371489K->306433K(699392K), 0.0041555 secs] [Times: user=0.02 sys=0.00, real=0.00 secs] 
635.506: [GC (Allocation Failure) [PSYoungGen: 65376K->352K(67072K)] 371457K->306433K(699392K), 0.0047829 secs] [Times: user=0.02 sys=0.00, real=0.01 secs] 
637.029: [GC (Allocation Failure) [PSYoungGen: 65376K->1408K(67072K)] 371457K->307497K(699392K), 0.0030910 secs] [Times: user=0.01 sys=0.00, real=0.00 secs] 
637.610: [GC (Allocation Failure) [PSYoungGen: 66432K->1344K(67072K)] 372521K->307441K(699392K), 0.0025860 secs] [Times: user=0.00 sys=0.00, real=0.00 secs] 
638.230: [GC (Allocation Failure) [PSYoungGen: 66368K->1408K(67072K)] 372465K->307513K(699392K), 0.0024766 secs] [Times: user=0.01 sys=0.00, real=0.00 secs] 
638.965: [GC (Allocation Failure) [PSYoungGen: 66432K->1360K(67072K)] 372537K->307465K(699392K), 0.0019774 secs] [Times: user=0.01 sys=0.00, real=0.00 secs] 
640.432: [GC (Allocation Failure) [PSYoungGen: 66384K->1376K(67072K)] 372489K->307481K(699392K), 0.0019834 secs] [Times: user=0.01 sys=0.00, real=0.00 secs] 
641.280: [GC (Allocation Failure) [PSYoungGen: 66400K->1440K(67072K)] 372505K->307545K(699392K), 0.0041560 secs] [Times: user=0.02 sys=0.00, real=0.00 secs] 
642.837: [GC (Allocation Failure) [PSYoungGen: 66464K->1440K(67072K)] 372569K->307545K(699392K), 0.0024794 secs] [Times: user=0.01 sys=0.00, real=0.01 secs] 
643.363: [GC (Allocation Failure) [PSYoungGen: 66464K->1344K(67072K)] 372569K->307449K(699392K), 0.0057754 secs] [Times: user=0.03 sys=0.00, real=0.01 secs] 
643.820: [GC (Allocation Failure) [PSYoungGen: 66368K->1408K(67072K)] 372473K->307513K(699392K), 0.0024561 secs] [Times: user=0.01 sys=0.00, real=0.00 secs] 
645.196: [GC (Allocation Failure) [PSYoungGen: 66432K->1408K(67072K)] 372537K->307513K(699392K), 0.0018260 secs] [Times: user=0.01 sys=0.00, real=0.00 secs] 
645.507: [GC (Allocation Failure) [PSYoungGen: 66432K->1408K(67072K)] 372537K->307513K(699392K), 0.0021414 secs] [Times: user=0.01 sys=0.00, real=0.01 secs] 
645.779: [GC (Allocation Failure) [PSYoungGen: 66432K->1408K(67072K)] 372537K->307513K(699392K), 0.0018725 secs] [Times: user=0.01 sys=0.00, real=0.00 secs] 
646.049: [GC (Allocation Failure) [PSYoungGen: 66432K->1312K(67072K)] 372537K->307425K(699392K), 0.0018621 secs] [Times: user=0.01 sys=0.00, real=0.00 secs] 
647.087: [GC (Allocation Failure) [PSYoungGen: 66336K->1408K(67072K)] 372449K->307529K(699392K), 0.0017716 secs] [Times: user=0.00 sys=0.00, real=0.01 secs] 
647.406: [GC (Allocation Failure) [PSYoungGen: 66432K->1344K(67072K)] 372553K->307465K(699392K), 0.0017215 secs] [Times: user=0.01 sys=0.00, real=0.00 secs] 
647.676: [GC (Allocation Failure) [PSYoungGen: 66368K->1376K(67072K)] 372489K->307505K(699392K), 0.0018601 secs] [Times: user=0.01 sys=0.00, real=0.00 secs] 
647.957: [GC (Allocation Failure) [PSYoungGen: 66400K->1408K(67072K)] 372529K->307537K(699392K), 0.0016620 secs] [Times: user=0.00 sys=0.00, real=0.01 secs] 
649.496: [GC (Allocation Failure) [PSYoungGen: 66432K->1408K(67072K)] 372561K->307545K(699392K), 0.0027509 secs] [Times: user=0.01 sys=0.00, real=0.01 secs] 
650.261: [GC (Allocation Failure) [PSYoungGen: 66432K->1376K(67072K)] 372569K->307513K(699392K), 0.0029313 secs] [Times: user=0.01 sys=0.00, real=0.00 secs] 
650.819: [GC (Allocation Failure) [PSYoungGen: 66400K->1328K(67072K)] 372537K->307473K(699392K), 0.0029353 secs] [Times: user=0.01 sys=0.00, real=0.00 secs] 
651.694: [GC (Allocation Failure) [PSYoungGen: 66352K->1440K(67072K)] 372497K->307585K(699392K), 0.0026211 secs] [Times: user=0.01 sys=0.00, real=0.00 secs] 
652.507: [GC (Allocation Failure) [PSYoungGen: 66464K->1392K(67072K)] 372609K->307537K(699392K), 0.0022874 secs] [Times: user=0.01 sys=0.00, real=0.01 secs] 
653.688: [GC (Allocation Failure) [PSYoungGen: 66416K->1376K(67072K)] 372561K->307529K(699392K), 0.0015889 secs] [Times: user=0.01 sys=0.00, real=0.01 secs] 
653.965: [GC (Allocation Failure) [PSYoungGen: 66400K->1344K(67072K)] 372553K->307497K(699392K), 0.0016841 secs] [Times: user=0.00 sys=0.00, real=0.00 secs] 
654.350: [GC (Allocation Failure) [PSYoungGen: 66368K->1376K(67072K)] 372521K->307537K(699392K), 0.0018841 secs] [Times: user=0.01 sys=0.00, real=0.00 secs] 
654.859: [GC (Allocation Failure) [PSYoungGen: 66400K->1408K(67072K)] 372561K->307569K(699392K), 0.0022541 secs] [Times: user=0.01 sys=0.00, real=0.00 secs] 
656.181: [GC (Allocation Failure) [PSYoungGen: 66432K->1376K(67072K)] 372593K->307537K(699392K), 0.0017607 secs] [Times: user=0.01 sys=0.00, real=0.00 secs] 
656.713: [GC (Allocation Failure) [PSYoungGen: 66400K->1376K(66560K)] 372561K->307537K(698880K), 0.0024938 secs] [Times: user=0.01 sys=0.00, real=0.00 secs] 
657.399: [GC (Allocation Failure) [PSYoungGen: 66400K->1376K(66560K)] 372561K->307545K(698880K), 0.0041493 secs] [Times: user=0.02 sys=0.00, real=0.00 secs] 
658.154: [GC (Allocation Failure) [PSYoungGen: 66400K->320K(66048K)] 372569K->307513K(698368K), 0.0033622 secs] [Times: user=0.01 sys=0.00, real=0.00 secs] 
659.805: [GC (Allocation Failure) [PSYoungGen: 65344K->1440K(67072K)] 372537K->308633K(699392K), 0.0024255 secs] [Times: user=0.01 sys=0.00, real=0.00 secs] 
660.942: [GC (Allocation Failure) [PSYoungGen: 66464K->1344K(67072K)] 373657K->308537K(699392K), 0.0033676 secs] [Times: user=0.01 sys=0.00, real=0.00 secs] 
662.179: [GC (Allocation Failure) [PSYoungGen: 66368K->1344K(67072K)] 373561K->308545K(699392K), 0.0047156 secs] [Times: user=0.01 sys=0.00, real=0.00 secs] 
663.221: [GC (Allocation Failure) [PSYoungGen: 66368K->1408K(67072K)] 373569K->308609K(699392K), 0.0048533 secs] [Times: user=0.02 sys=0.00, real=0.00 secs] 
663.905: [GC (Allocation Failure) [PSYoungGen: 66432K->1360K(67072K)] 373633K->308561K(699392K), 0.0027768 secs] [Times: user=0.01 sys=0.00, real=0.00 secs] 
665.777: [GC (Allocation Failure) [PSYoungGen: 66384K->1376K(67072K)] 373585K->308577K(699392K), 0.0052046 secs] [Times: user=0.02 sys=0.00, real=0.01 secs] 
666.616: [GC (Allocation Failure) [PSYoungGen: 66400K->1376K(67072K)] 373601K->308577K(699392K), 0.0040126 secs] [Times: user=0.02 sys=0.00, real=0.01 secs] 
667.597: [GC (Allocation Failure) [PSYoungGen: 66400K->1408K(67072K)] 373601K->308617K(699392K), 0.0046156 secs] [Times: user=0.01 sys=0.01, real=0.01 secs] 
668.425: [GC (Allocation Failure) [PSYoungGen: 66432K->1376K(67072K)] 373641K->308585K(699392K), 0.0040167 secs] [Times: user=0.02 sys=0.00, real=0.01 secs] 
669.846: [GC (Allocation Failure) [PSYoungGen: 66400K->1408K(67072K)] 373609K->308617K(699392K), 0.0018388 secs] [Times: user=0.01 sys=0.00, real=0.00 secs] 
670.127: [GC (Allocation Failure) [PSYoungGen: 66432K->1312K(67072K)] 373641K->308521K(699392K), 0.0019461 secs] [Times: user=0.01 sys=0.00, real=0.01 secs] 
670.439: [GC (Allocation Failure) [PSYoungGen: 66336K->1376K(67072K)] 373545K->308585K(699392K), 0.0019218 secs] [Times: user=0.00 sys=0.00, real=0.00 secs] 
670.847: [GC (Allocation Failure) [PSYoungGen: 66400K->1392K(67072K)] 373609K->308601K(699392K), 0.0019466 secs] [Times: user=0.00 sys=0.00, real=0.01 secs] 
672.413: [GC (Allocation Failure) [PSYoungGen: 66416K->1440K(67072K)] 373625K->308649K(699392K), 0.0024787 secs] [Times: user=0.01 sys=0.01, real=0.00 secs] 
673.114: [GC (Allocation Failure) [PSYoungGen: 66464K->1376K(67072K)] 373673K->308585K(699392K), 0.0026112 secs] [Times: user=0.01 sys=0.00, real=0.00 secs] 
673.591: [GC (Allocation Failure) [PSYoungGen: 66400K->1376K(67072K)] 373609K->308593K(699392K), 0.0023523 secs] [Times: user=0.01 sys=0.00, real=0.00 secs] 
674.187: [GC (Allocation Failure) [PSYoungGen: 66400K->1376K(67072K)] 373617K->308593K(699392K), 0.0024404 secs] [Times: user=0.01 sys=0.00, real=0.01 secs] 
674.831: [GC (Allocation Failure) [PSYoungGen: 66400K->1440K(67072K)] 373617K->308657K(699392K), 0.0022601 secs] [Times: user=0.01 sys=0.00, real=0.00 secs] 
676.171: [GC (Allocation Failure) [PSYoungGen: 66464K->1360K(67072K)] 373681K->308577K(699392K), 0.0016711 secs] [Times: user=0.01 sys=0.00, real=0.00 secs] 
676.834: [GC (Allocation Failure) [PSYoungGen: 66384K->1408K(66560K)] 373601K->308633K(698880K), 0.0037556 secs] [Times: user=0.02 sys=0.00, real=0.00 secs] 
677.291: [GC (Allocation Failure) [PSYoungGen: 66432K->1360K(66560K)] 373657K->308585K(698880K), 0.0019897 secs] [Times: user=0.00 sys=0.00, real=0.00 secs] 
677.829: [GC (Allocation Failure) [PSYoungGen: 66384K->384K(66048K)] 373609K->308633K(698368K), 0.0028033 secs] [Times: user=0.01 sys=0.00, real=0.00 secs] 
679.134: [GC (Allocation Failure) [PSYoungGen: 65408K->1424K(67072K)] 373657K->309681K(699392K), 0.0016345 secs] [Times: user=0.01 sys=0.00, real=0.00 secs] 
679.692: [GC (Allocation Failure) [PSYoungGen: 66448K->1392K(67072K)] 374705K->309649K(699392K), 0.0023220 secs] [Times: user=0.01 sys=0.00, real=0.00 secs] 
680.230: [GC (Allocation Failure) [PSYoungGen: 66416K->1392K(67072K)] 374673K->309649K(699392K), 0.0019115 secs] [Times: user=0.01 sys=0.00, real=0.00 secs] 
680.715: [GC (Allocation Failure) [PSYoungGen: 66416K->1408K(67072K)] 374673K->309665K(699392K), 0.0021965 secs] [Times: user=0.01 sys=0.00, real=0.00 secs] 
681.722: [GC (Allocation Failure) [PSYoungGen: 66432K->1920K(67072K)] 374689K->310177K(699392K), 0.0016610 secs] [Times: user=0.01 sys=0.00, real=0.00 secs] 
682.253: [GC (Allocation Failure) [PSYoungGen: 66944K->1408K(67072K)] 375201K->309665K(699392K), 0.0017976 secs] [Times: user=0.01 sys=0.00, real=0.00 secs] 
682.752: [GC (Allocation Failure) [PSYoungGen: 66432K->1440K(67072K)] 374689K->309705K(699392K), 0.0024955 secs] [Times: user=0.01 sys=0.00, real=0.00 secs] 
683.302: [GC (Allocation Failure) [PSYoungGen: 66464K->1408K(67072K)] 374729K->309673K(699392K), 0.0025008 secs] [Times: user=0.01 sys=0.00, real=0.00 secs] 
683.807: [GC (Allocation Failure) [PSYoungGen: 66432K->1328K(67072K)] 374697K->309609K(699392K), 0.0021520 secs] [Times: user=0.01 sys=0.00, real=0.01 secs] 
685.571: [GC (Allocation Failure) [PSYoungGen: 66352K->1472K(67072K)] 374633K->309753K(699392K), 0.0028095 secs] [Times: user=0.01 sys=0.00, real=0.00 secs] 
686.095: [GC (Allocation Failure) [PSYoungGen: 66496K->1408K(67072K)] 374777K->309689K(699392K), 0.0029560 secs] [Times: user=0.01 sys=0.00, real=0.00 secs] 
686.783: [GC (Allocation Failure) [PSYoungGen: 66432K->1376K(67072K)] 374713K->309657K(699392K), 0.0036002 secs] [Times: user=0.01 sys=0.00, real=0.00 secs] 
687.325: [GC (Allocation Failure) [PSYoungGen: 66400K->1376K(67072K)] 374681K->309657K(699392K), 0.0020969 secs] [Times: user=0.01 sys=0.00, real=0.00 secs] 
688.656: [GC (Allocation Failure) [PSYoungGen: 66400K->1376K(67072K)] 374681K->309657K(699392K), 0.0018836 secs] [Times: user=0.01 sys=0.00, real=0.00 secs] 
688.926: [GC (Allocation Failure) [PSYoungGen: 66400K->1392K(67072K)] 374681K->309673K(699392K), 0.0018520 secs] [Times: user=0.01 sys=0.00, real=0.00 secs] 
689.196: [GC (Allocation Failure) [PSYoungGen: 66416K->1376K(67072K)] 374697K->309681K(699392K), 0.0017156 secs] [Times: user=0.00 sys=0.00, real=0.00 secs] 
689.648: [GC (Allocation Failure) [PSYoungGen: 66400K->1376K(67072K)] 374705K->309681K(699392K), 0.0018267 secs] [Times: user=0.01 sys=0.00, real=0.01 secs] 
690.979: [GC (Allocation Failure) [PSYoungGen: 66400K->1920K(67072K)] 374705K->310737K(699392K), 0.0018587 secs] [Times: user=0.01 sys=0.00, real=0.00 secs] 
691.635: [GC (Allocation Failure) [PSYoungGen: 66944K->1376K(67072K)] 375761K->310193K(699392K), 0.0021585 secs] [Times: user=0.01 sys=0.00, real=0.00 secs] 
692.295: [GC (Allocation Failure) [PSYoungGen: 66400K->1440K(67072K)] 375217K->310257K(699392K), 0.0022078 secs] [Times: user=0.01 sys=0.00, real=0.00 secs] 
693.015: [GC (Allocation Failure) [PSYoungGen: 66464K->1376K(67072K)] 375281K->310193K(699392K), 0.0043528 secs] [Times: user=0.02 sys=0.00, real=0.01 secs] 
693.972: [GC (Allocation Failure) [PSYoungGen: 66400K->1376K(67072K)] 375217K->310193K(699392K), 0.0036057 secs] [Times: user=0.01 sys=0.00, real=0.00 secs] 
696.617: [GC (Allocation Failure) [PSYoungGen: 66400K->1376K(67072K)] 375217K->310201K(699392K), 0.0046277 secs] [Times: user=0.01 sys=0.00, real=0.01 secs] 
697.098: [GC (Allocation Failure) [PSYoungGen: 66400K->1344K(67072K)] 375225K->310177K(699392K), 0.0021537 secs] [Times: user=0.01 sys=0.00, real=0.01 secs] 
697.477: [GC (Allocation Failure) [PSYoungGen: 66368K->1344K(67072K)] 375201K->310177K(699392K), 0.0019974 secs] [Times: user=0.00 sys=0.00, real=0.00 secs] 
698.097: [GC (Allocation Failure) [PSYoungGen: 66368K->1376K(67072K)] 375201K->310209K(699392K), 0.0036615 secs] [Times: user=0.02 sys=0.00, real=0.01 secs] 
699.603: [GC (Allocation Failure) [PSYoungGen: 66400K->1440K(67072K)] 375233K->310281K(699392K), 0.0019883 secs] [Times: user=0.01 sys=0.00, real=0.00 secs] 
700.206: [GC (Allocation Failure) [PSYoungGen: 66464K->1376K(67072K)] 375305K->310217K(699392K), 0.0018101 secs] [Times: user=0.01 sys=0.00, real=0.00 secs] 
700.709: [GC (Allocation Failure) [PSYoungGen: 66400K->1376K(67072K)] 375241K->310217K(699392K), 0.0018087 secs] [Times: user=0.01 sys=0.00, real=0.01 secs] 
701.112: [GC (Allocation Failure) [PSYoungGen: 66400K->1376K(67072K)] 375241K->310217K(699392K), 0.0019478 secs] [Times: user=0.01 sys=0.00, real=0.00 secs] 
703.074: [GC (Allocation Failure) [PSYoungGen: 66400K->1664K(67072K)] 375241K->310505K(699392K), 0.0042462 secs] [Times: user=0.01 sys=0.00, real=0.00 secs] 
705.010: [GC (Allocation Failure) [PSYoungGen: 66688K->1408K(67072K)] 375529K->310257K(699392K), 0.0027131 secs] [Times: user=0.01 sys=0.00, real=0.00 secs] 
705.275: [GC (Allocation Failure) [PSYoungGen: 66432K->1328K(67072K)] 375281K->310177K(699392K), 0.0020819 secs] [Times: user=0.00 sys=0.00, real=0.00 secs] 
705.771: [GC (Allocation Failure) [PSYoungGen: 66352K->1408K(67072K)] 375201K->310257K(699392K), 0.0021968 secs] [Times: user=0.01 sys=0.01, real=0.00 secs] 
706.303: [GC (Allocation Failure) [PSYoungGen: 66432K->1344K(67072K)] 375281K->310193K(699392K), 0.0019433 secs] [Times: user=0.01 sys=0.00, real=0.00 secs] 
707.400: [GC (Allocation Failure) [PSYoungGen: 66368K->1408K(67072K)] 375217K->310257K(699392K), 0.0015838 secs] [Times: user=0.01 sys=0.00, real=0.00 secs] 
707.670: [GC (Allocation Failure) [PSYoungGen: 66432K->1376K(67072K)] 375281K->310233K(699392K), 0.0017444 secs] [Times: user=0.00 sys=0.00, real=0.00 secs] 
708.186: [GC (Allocation Failure) [PSYoungGen: 66400K->1392K(67072K)] 375257K->310257K(699392K), 0.0031353 secs] [Times: user=0.02 sys=0.00, real=0.01 secs] 
708.977: [GC (Allocation Failure) [PSYoungGen: 66416K->1376K(67072K)] 375281K->310241K(699392K), 0.0025313 secs] [Times: user=0.01 sys=0.00, real=0.01 secs] 
710.411: [GC (Allocation Failure) [PSYoungGen: 66400K->1408K(66560K)] 375265K->310273K(698880K), 0.0026767 secs] [Times: user=0.00 sys=0.01, real=0.00 secs] 
710.996: [GC (Allocation Failure) [PSYoungGen: 66432K->1376K(66560K)] 375297K->310241K(698880K), 0.0022997 secs] [Times: user=0.01 sys=0.00, real=0.00 secs] 
711.697: [GC (Allocation Failure) [PSYoungGen: 66400K->368K(66048K)] 375265K->310265K(698368K), 0.0034899 secs] [Times: user=0.02 sys=0.00, real=0.01 secs] 
712.509: [GC (Allocation Failure) [PSYoungGen: 65392K->352K(67072K)] 375289K->310249K(699392K), 0.0044326 secs] [Times: user=0.02 sys=0.00, real=0.00 secs] 
714.309: [GC (Allocation Failure) [PSYoungGen: 65376K->1472K(67072K)] 375273K->311377K(699392K), 0.0017395 secs] [Times: user=0.00 sys=0.00, real=0.00 secs] 
714.584: [GC (Allocation Failure) [PSYoungGen: 66496K->1344K(67072K)] 376401K->311249K(699392K), 0.0017046 secs] [Times: user=0.01 sys=0.00, real=0.00 secs] 
714.854: [GC (Allocation Failure) [PSYoungGen: 66368K->1376K(67072K)] 376273K->311281K(699392K), 0.0018324 secs] [Times: user=0.01 sys=0.00, real=0.00 secs] 
715.133: [GC (Allocation Failure) [PSYoungGen: 66400K->1376K(67072K)] 376305K->311297K(699392K), 0.0024135 secs] [Times: user=0.01 sys=0.00, real=0.00 secs] 
715.398: [GC (Allocation Failure) [PSYoungGen: 66400K->1344K(67072K)] 376321K->311265K(699392K), 0.0020521 secs] [Times: user=0.01 sys=0.00, real=0.01 secs] 
716.393: [GC (Allocation Failure) [PSYoungGen: 66368K->1376K(67072K)] 376289K->311297K(699392K), 0.0016758 secs] [Times: user=0.01 sys=0.00, real=0.00 secs] 
716.662: [GC (Allocation Failure) [PSYoungGen: 66400K->1344K(67072K)] 376321K->311265K(699392K), 0.0017277 secs] [Times: user=0.01 sys=0.00, real=0.00 secs] 
716.932: [GC (Allocation Failure) [PSYoungGen: 66368K->1376K(67072K)] 376289K->311305K(699392K), 0.0017529 secs] [Times: user=0.01 sys=0.00, real=0.00 secs] 
717.202: [GC (Allocation Failure) [PSYoungGen: 66400K->1376K(67072K)] 376329K->311305K(699392K), 0.0016512 secs] [Times: user=0.00 sys=0.00, real=0.00 secs] 
718.388: [GC (Allocation Failure) [PSYoungGen: 66400K->1440K(67072K)] 376329K->311369K(699392K), 0.0018279 secs] [Times: user=0.01 sys=0.00, real=0.01 secs] 
718.950: [GC (Allocation Failure) [PSYoungGen: 66464K->1376K(67072K)] 376393K->311305K(699392K), 0.0018767 secs] [Times: user=0.00 sys=0.00, real=0.00 secs] 
719.272: [GC (Allocation Failure) [PSYoungGen: 66400K->1344K(67072K)] 376329K->311273K(699392K), 0.0022454 secs] [Times: user=0.01 sys=0.00, real=0.00 secs] 
719.698: [GC (Allocation Failure) [PSYoungGen: 66368K->1408K(67072K)] 376297K->311337K(699392K), 0.0022832 secs] [Times: user=0.01 sys=0.00, real=0.01 secs] 
721.093: [GC (Allocation Failure) [PSYoungGen: 66432K->1392K(67072K)] 376361K->311329K(699392K), 0.0016245 secs] [Times: user=0.01 sys=0.00, real=0.00 secs] 
721.479: [GC (Allocation Failure) [PSYoungGen: 66416K->1312K(67072K)] 376353K->311249K(699392K), 0.0018616 secs] [Times: user=0.00 sys=0.00, real=0.00 secs] 
721.782: [GC (Allocation Failure) [PSYoungGen: 66336K->1376K(67072K)] 376273K->311345K(699392K), 0.0019139 secs] [Times: user=0.01 sys=0.00, real=0.00 secs] 
722.052: [GC (Allocation Failure) [PSYoungGen: 66400K->1376K(67072K)] 376369K->311345K(699392K), 0.0021265 secs] [Times: user=0.01 sys=0.00, real=0.00 secs] 
722.323: [GC (Allocation Failure) [PSYoungGen: 66400K->1376K(67072K)] 376369K->311345K(699392K), 0.0022877 secs] [Times: user=0.01 sys=0.00, real=0.00 secs] 
723.607: [GC (Allocation Failure) [PSYoungGen: 66400K->1376K(67072K)] 376369K->311361K(699392K), 0.0019675 secs] [Times: user=0.01 sys=0.00, real=0.01 secs] 
723.889: [GC (Allocation Failure) [PSYoungGen: 66400K->1344K(67072K)] 376385K->311329K(699392K), 0.0020155 secs] [Times: user=0.01 sys=0.00, real=0.00 secs] 
724.166: [GC (Allocation Failure) [PSYoungGen: 66368K->1440K(67072K)] 376353K->311425K(699392K), 0.0024999 secs] [Times: user=0.01 sys=0.00, real=0.00 secs] 
724.433: [GC (Allocation Failure) [PSYoungGen: 66464K->1408K(67072K)] 376449K->311393K(699392K), 0.0020994 secs] [Times: user=0.00 sys=0.00, real=0.00 secs] 
725.399: [GC (Allocation Failure) [PSYoungGen: 66432K->1376K(67072K)] 376417K->311361K(699392K), 0.0016105 secs] [Times: user=0.00 sys=0.00, real=0.00 secs] 
725.669: [GC (Allocation Failure) [PSYoungGen: 66400K->1344K(66560K)] 376385K->311329K(698880K), 0.0015678 secs] [Times: user=0.01 sys=0.00, real=0.01 secs] 
725.938: [GC (Allocation Failure) [PSYoungGen: 66368K->1344K(66560K)] 376353K->311329K(698880K), 0.0014601 secs] [Times: user=0.01 sys=0.00, real=0.01 secs] 
726.211: [GC (Allocation Failure) [PSYoungGen: 66368K->1408K(66560K)] 376353K->311393K(698880K), 0.0023647 secs] [Times: user=0.01 sys=0.00, real=0.00 secs] 
727.286: [GC (Allocation Failure) [PSYoungGen: 66182K->256K(66048K)] 376168K->310241K(698368K), 0.0013898 secs] [Times: user=0.00 sys=0.00, real=0.00 secs] 
727.643: [GC (Allocation Failure) [PSYoungGen: 64768K->1344K(66560K)] 374753K->311329K(698880K), 0.0015849 secs] [Times: user=0.01 sys=0.00, real=0.00 secs] 
727.959: [GC (Allocation Failure) [PSYoungGen: 65856K->1312K(66560K)] 375841K->311305K(698880K), 0.0017258 secs] [Times: user=0.00 sys=0.00, real=0.00 secs] 
728.259: [GC (Allocation Failure) [PSYoungGen: 65824K->1440K(66560K)] 375817K->311433K(698880K), 0.0024806 secs] [Times: user=0.01 sys=0.00, real=0.00 secs] 
728.660: [GC (Allocation Failure) [PSYoungGen: 65952K->1376K(66560K)] 375945K->311369K(698880K), 0.0022701 secs] [Times: user=0.01 sys=0.00, real=0.00 secs] 
730.145: [GC (Allocation Failure) [PSYoungGen: 65888K->1408K(66560K)] 375881K->311409K(698880K), 0.0037195 secs] [Times: user=0.02 sys=0.00, real=0.01 secs] 
731.439: [GC (Allocation Failure) [PSYoungGen: 65920K->1392K(66560K)] 375921K->311393K(698880K), 0.0049320 secs] [Times: user=0.02 sys=0.01, real=0.00 secs] 
732.563: [GC (Allocation Failure) [PSYoungGen: 65904K->1376K(66560K)] 375905K->311393K(698880K), 0.0047132 secs] [Times: user=0.01 sys=0.01, real=0.00 secs] 
733.327: [GC (Allocation Failure) [PSYoungGen: 65888K->1376K(66560K)] 375905K->311401K(698880K), 0.0037268 secs] [Times: user=0.02 sys=0.00, real=0.01 secs] 
735.078: [GC (Allocation Failure) [PSYoungGen: 65888K->1440K(66560K)] 375913K->311465K(698880K), 0.0031974 secs] [Times: user=0.01 sys=0.00, real=0.01 secs] 
736.601: [GC (Allocation Failure) [PSYoungGen: 65952K->1376K(66560K)] 375977K->311401K(698880K), 0.0030237 secs] [Times: user=0.01 sys=0.00, real=0.00 secs] 
737.165: [GC (Allocation Failure) [PSYoungGen: 65888K->1360K(66560K)] 375913K->311401K(698880K), 0.0024911 secs] [Times: user=0.01 sys=0.00, real=0.00 secs] 
737.916: [GC (Allocation Failure) [PSYoungGen: 65872K->1344K(66560K)] 375913K->311385K(698880K), 0.0024599 secs] [Times: user=0.01 sys=0.00, real=0.00 secs] 
738.759: [GC (Allocation Failure) [PSYoungGen: 65856K->1440K(66560K)] 375897K->311481K(698880K), 0.0033209 secs] [Times: user=0.01 sys=0.00, real=0.00 secs] 
740.356: [GC (Allocation Failure) [PSYoungGen: 65952K->1408K(66560K)] 375993K->311449K(698880K), 0.0017146 secs] [Times: user=0.01 sys=0.00, real=0.00 secs] 
741.045: [GC (Allocation Failure) [PSYoungGen: 65920K->1312K(66560K)] 375961K->311353K(698880K), 0.0019840 secs] [Times: user=0.00 sys=0.00, real=0.00 secs] 
741.456: [GC (Allocation Failure) [PSYoungGen: 65824K->1344K(66560K)] 375865K->311385K(698880K), 0.0023357 secs] [Times: user=0.01 sys=0.01, real=0.00 secs] 
741.736: [GC (Allocation Failure) [PSYoungGen: 65856K->1376K(66560K)] 375897K->311417K(698880K), 0.0022398 secs] [Times: user=0.01 sys=0.00, real=0.00 secs] 
743.060: [GC (Allocation Failure) [PSYoungGen: 65888K->1408K(66560K)] 375929K->311449K(698880K), 0.0016799 secs] [Times: user=0.01 sys=0.00, real=0.00 secs] 
743.582: [GC (Allocation Failure) [PSYoungGen: 65920K->1344K(66048K)] 375961K->311385K(698368K), 0.0022036 secs] [Times: user=0.01 sys=0.00, real=0.00 secs] 
743.872: [GC (Allocation Failure) [PSYoungGen: 65856K->1376K(66048K)] 375897K->311417K(698368K), 0.0020689 secs] [Times: user=0.00 sys=0.00, real=0.00 secs] 
744.352: [GC (Allocation Failure) [PSYoungGen: 65888K->1408K(66048K)] 375929K->311449K(698368K), 0.0018556 secs] [Times: user=0.01 sys=0.00, real=0.00 secs] 
745.526: [GC (Allocation Failure) [PSYoungGen: 65920K->896K(65536K)] 375961K->311961K(697856K), 0.0017883 secs] [Times: user=0.01 sys=0.00, real=0.00 secs] 
746.407: [GC (Allocation Failure) [PSYoungGen: 64896K->416K(66048K)] 375961K->311481K(698368K), 0.0036126 secs] [Times: user=0.01 sys=0.00, real=0.01 secs] 
746.963: [GC (Allocation Failure) [PSYoungGen: 64416K->352K(66048K)] 375481K->311425K(698368K), 0.0031178 secs] [Times: user=0.01 sys=0.00, real=0.00 secs] 
747.508: [GC (Allocation Failure) [PSYoungGen: 64352K->352K(66048K)] 375425K->311425K(698368K), 0.0023008 secs] [Times: user=0.01 sys=0.00, real=0.01 secs] 
748.025: [GC (Allocation Failure) [PSYoungGen: 64352K->352K(66048K)] 375425K->311425K(698368K), 0.0020108 secs] [Times: user=0.00 sys=0.01, real=0.00 secs] 
749.333: [GC (Allocation Failure) [PSYoungGen: 64352K->1376K(66048K)] 375425K->312449K(698368K), 0.0019829 secs] [Times: user=0.00 sys=0.00, real=0.00 secs] 
749.600: [GC (Allocation Failure) [PSYoungGen: 65376K->1376K(66048K)] 376449K->312449K(698368K), 0.0019204 secs] [Times: user=0.01 sys=0.00, real=0.00 secs] 
749.898: [GC (Allocation Failure) [PSYoungGen: 65376K->1344K(66048K)] 376449K->312417K(698368K), 0.0018672 secs] [Times: user=0.01 sys=0.00, real=0.01 secs] 
750.183: [GC (Allocation Failure) [PSYoungGen: 65344K->1376K(66048K)] 376417K->312449K(698368K), 0.0018872 secs] [Times: user=0.01 sys=0.00, real=0.00 secs] 
752.109: [GC (Allocation Failure) [PSYoungGen: 65376K->1440K(66048K)] 376449K->312513K(698368K), 0.0031068 secs] [Times: user=0.01 sys=0.00, real=0.00 secs] 
752.508: [GC (Allocation Failure) [PSYoungGen: 65440K->1376K(65536K)] 376513K->312449K(697856K), 0.0020082 secs] [Times: user=0.01 sys=0.00, real=0.01 secs] 
752.794: [GC (Allocation Failure) [PSYoungGen: 65376K->1408K(66048K)] 376449K->312481K(698368K), 0.0018679 secs] [Times: user=0.00 sys=0.01, real=0.00 secs] 
753.403: [GC (Allocation Failure) [PSYoungGen: 65408K->1376K(66048K)] 376481K->312457K(698368K), 0.0028103 secs] [Times: user=0.01 sys=0.00, real=0.00 secs] 
753.900: [GC (Allocation Failure) [PSYoungGen: 65376K->1376K(66048K)] 376457K->312457K(698368K), 0.0025695 secs] [Times: user=0.01 sys=0.00, real=0.00 secs] 
755.383: [GC (Allocation Failure) [PSYoungGen: 65376K->1440K(66048K)] 376457K->312529K(698368K), 0.0016883 secs] [Times: user=0.01 sys=0.00, real=0.00 secs] 
756.134: [GC (Allocation Failure) [PSYoungGen: 65440K->1344K(66048K)] 376529K->312441K(698368K), 0.0054516 secs] [Times: user=0.02 sys=0.00, real=0.01 secs] 
756.919: [GC (Allocation Failure) [PSYoungGen: 65344K->1376K(66048K)] 376441K->312473K(698368K), 0.0032788 secs] [Times: user=0.01 sys=0.00, real=0.01 secs] 
757.756: [GC (Allocation Failure) [PSYoungGen: 65376K->1408K(66048K)] 376473K->312505K(698368K), 0.0042330 secs] [Times: user=0.01 sys=0.00, real=0.01 secs] 
759.340: [GC (Allocation Failure) [PSYoungGen: 65408K->1392K(66048K)] 376505K->312489K(698368K), 0.0018050 secs] [Times: user=0.01 sys=0.00, real=0.00 secs] 
759.861: [GC (Allocation Failure) [PSYoungGen: 65392K->1328K(66048K)] 376489K->312425K(698368K), 0.0017197 secs] [Times: user=0.01 sys=0.00, real=0.00 secs] 
760.346: [GC (Allocation Failure) [PSYoungGen: 65328K->1408K(66048K)] 376425K->312505K(698368K), 0.0024624 secs] [Times: user=0.01 sys=0.00, real=0.00 secs] 
760.606: [GC (Allocation Failure) [PSYoungGen: 65408K->1344K(66048K)] 376505K->312441K(698368K), 0.0020015 secs] [Times: user=0.00 sys=0.00, real=0.00 secs] 
761.700: [GC (Allocation Failure) [PSYoungGen: 65344K->1648K(66048K)] 376441K->312745K(698368K), 0.0076124 secs] [Times: user=0.04 sys=0.00, real=0.00 secs] 
762.608: [GC (Allocation Failure) [PSYoungGen: 65648K->1344K(66048K)] 376745K->312441K(698368K), 0.0021235 secs] [Times: user=0.01 sys=0.00, real=0.01 secs] 
763.532: [GC (Allocation Failure) [PSYoungGen: 65344K->1376K(66048K)] 376441K->312481K(698368K), 0.0020876 secs] [Times: user=0.00 sys=0.00, real=0.00 secs] 
764.247: [GC (Allocation Failure) [PSYoungGen: 65376K->1312K(66048K)] 376481K->312417K(698368K), 0.0019846 secs] [Times: user=0.01 sys=0.00, real=0.01 secs] 
765.022: [GC (Allocation Failure) [PSYoungGen: 65312K->1344K(66048K)] 376417K->312449K(698368K), 0.0020312 secs] [Times: user=0.01 sys=0.00, real=0.00 secs] 
766.599: [GC (Allocation Failure) [PSYoungGen: 65344K->1440K(66048K)] 376449K->312553K(698368K), 0.0023014 secs] [Times: user=0.01 sys=0.00, real=0.00 secs] 
767.364: [GC (Allocation Failure) [PSYoungGen: 65440K->1376K(66048K)] 376553K->312489K(698368K), 0.0024046 secs] [Times: user=0.01 sys=0.00, real=0.00 secs] 
767.995: [GC (Allocation Failure) [PSYoungGen: 65376K->1344K(66048K)] 376489K->312465K(698368K), 0.0019559 secs] [Times: user=0.01 sys=0.00, real=0.00 secs] 
768.741: [GC (Allocation Failure) [PSYoungGen: 65344K->1312K(66048K)] 376465K->312433K(698368K), 0.0030522 secs] [Times: user=0.01 sys=0.00, real=0.00 secs] 
770.205: [GC (Allocation Failure) [PSYoungGen: 65312K->1376K(66048K)] 376433K->312497K(698368K), 0.0015030 secs] [Times: user=0.01 sys=0.00, real=0.00 secs] 
770.601: [GC (Allocation Failure) [PSYoungGen: 65376K->1312K(66048K)] 376497K->312433K(698368K), 0.0016607 secs] [Times: user=0.00 sys=0.00, real=0.00 secs] 
771.109: [GC (Allocation Failure) [PSYoungGen: 65312K->1344K(66048K)] 376433K->312465K(698368K), 0.0018113 secs] [Times: user=0.01 sys=0.00, real=0.00 secs] 
771.657: [GC (Allocation Failure) [PSYoungGen: 65344K->1312K(66048K)] 376465K->312433K(698368K), 0.0019992 secs] [Times: user=0.01 sys=0.00, real=0.01 secs] 
772.268: [GC (Allocation Failure) [PSYoungGen: 65312K->1344K(65536K)] 376433K->312465K(697856K), 0.0025553 secs] [Times: user=0.01 sys=0.00, real=0.01 secs] 
773.454: [GC (Allocation Failure) [PSYoungGen: 65344K->1408K(65536K)] 376465K->312529K(697856K), 0.0016902 secs] [Times: user=0.01 sys=0.00, real=0.00 secs] 
773.720: [GC (Allocation Failure) [PSYoungGen: 65408K->1376K(65536K)] 376529K->312497K(697856K), 0.0018550 secs] [Times: user=0.00 sys=0.00, real=0.00 secs] 
774.007: [GC (Allocation Failure) [PSYoungGen: 65376K->1376K(65536K)] 376497K->312497K(697856K), 0.0017158 secs] [Times: user=0.01 sys=0.00, real=0.00 secs] 
774.313: [GC (Allocation Failure) [PSYoungGen: 65376K->1376K(65536K)] 376497K->312513K(697856K), 0.0019562 secs] [Times: user=0.01 sys=0.00, real=0.00 secs] 
775.376: [GC (Allocation Failure) [PSYoungGen: 65376K->1408K(65536K)] 376513K->312545K(697856K), 0.0017935 secs] [Times: user=0.00 sys=0.00, real=0.00 secs] 
775.838: [GC (Allocation Failure) [PSYoungGen: 65408K->1344K(65536K)] 376545K->312481K(697856K), 0.0019480 secs] [Times: user=0.00 sys=0.01, real=0.01 secs] 
776.422: [GC (Allocation Failure) [PSYoungGen: 65344K->1376K(65536K)] 376481K->312513K(697856K), 0.0029085 secs] [Times: user=0.02 sys=0.00, real=0.00 secs] 
777.066: [GC (Allocation Failure) [PSYoungGen: 65376K->1376K(65536K)] 376513K->312513K(697856K), 0.0029411 secs] [Times: user=0.02 sys=0.00, real=0.01 secs] 
778.559: [GC (Allocation Failure) [PSYoungGen: 65148K->224K(65024K)] 376286K->311361K(697344K), 0.0016130 secs] [Times: user=0.01 sys=0.00, real=0.00 secs] 
780.362: [GC (Allocation Failure) [PSYoungGen: 63712K->1408K(65536K)] 374849K->312553K(697856K), 0.0050216 secs] [Times: user=0.02 sys=0.00, real=0.00 secs] 
781.594: [GC (Allocation Failure) [PSYoungGen: 64896K->1408K(65536K)] 376041K->312561K(697856K), 0.0024354 secs] [Times: user=0.01 sys=0.00, real=0.00 secs] 
782.600: [GC (Allocation Failure) [PSYoungGen: 64896K->1376K(65536K)] 376049K->312529K(697856K), 0.0030744 secs] [Times: user=0.01 sys=0.00, real=0.00 secs] 
783.107: [GC (Allocation Failure) [PSYoungGen: 64864K->1376K(65536K)] 376017K->312529K(697856K), 0.0024841 secs] [Times: user=0.01 sys=0.00, real=0.01 secs] 
784.228: [GC (Allocation Failure) [PSYoungGen: 64864K->1392K(65536K)] 376017K->312545K(697856K), 0.0015649 secs] [Times: user=0.01 sys=0.00, real=0.01 secs] 
784.516: [GC (Allocation Failure) [PSYoungGen: 64880K->1408K(65536K)] 376033K->312561K(697856K), 0.0017197 secs] [Times: user=0.01 sys=0.00, real=0.00 secs] 
784.780: [GC (Allocation Failure) [PSYoungGen: 64896K->1360K(65536K)] 376049K->312521K(697856K), 0.0018327 secs] [Times: user=0.01 sys=0.00, real=0.00 secs] 
785.044: [GC (Allocation Failure) [PSYoungGen: 64848K->1376K(65536K)] 376009K->312537K(697856K), 0.0018189 secs] [Times: user=0.01 sys=0.00, real=0.00 secs] 
786.046: [GC (Allocation Failure) [PSYoungGen: 64864K->1888K(65536K)] 376025K->313049K(697856K), 0.0016718 secs] [Times: user=0.00 sys=0.00, real=0.00 secs] 
786.370: [GC (Allocation Failure) [PSYoungGen: 65376K->1376K(65536K)] 376537K->312537K(697856K), 0.0019478 secs] [Times: user=0.01 sys=0.00, real=0.00 secs] 
786.654: [GC (Allocation Failure) [PSYoungGen: 64864K->1376K(65536K)] 376025K->312545K(697856K), 0.0019344 secs] [Times: user=0.01 sys=0.00, real=0.00 secs] 
786.919: [GC (Allocation Failure) [PSYoungGen: 64864K->1376K(65536K)] 376033K->312545K(697856K), 0.0018665 secs] [Times: user=0.01 sys=0.00, real=0.00 secs] 
787.242: [GC (Allocation Failure) [PSYoungGen: 64864K->1376K(65536K)] 376033K->312545K(697856K), 0.0019559 secs] [Times: user=0.01 sys=0.00, real=0.00 secs] 
788.473: [GC (Allocation Failure) [PSYoungGen: 64864K->1376K(65536K)] 376033K->312545K(697856K), 0.0016802 secs] [Times: user=0.01 sys=0.00, real=0.00 secs] 
789.116: [GC (Allocation Failure) [PSYoungGen: 64864K->1344K(65536K)] 376033K->312513K(697856K), 0.0021983 secs] [Times: user=0.00 sys=0.00, real=0.00 secs] 
789.706: [GC (Allocation Failure) [PSYoungGen: 64832K->1408K(65536K)] 376001K->312585K(697856K), 0.0019539 secs] [Times: user=0.00 sys=0.00, real=0.00 secs] 
790.066: [GC (Allocation Failure) [PSYoungGen: 64896K->1408K(65536K)] 376073K->312585K(697856K), 0.0020130 secs] [Times: user=0.01 sys=0.00, real=0.00 secs] 
791.377: [GC (Allocation Failure) [PSYoungGen: 64896K->1408K(65536K)] 376073K->312585K(697856K), 0.0039539 secs] [Times: user=0.02 sys=0.00, real=0.01 secs] 
792.531: [GC (Allocation Failure) [PSYoungGen: 64896K->1376K(65536K)] 376073K->312553K(697856K), 0.0057584 secs] [Times: user=0.02 sys=0.00, real=0.00 secs] 
793.234: [GC (Allocation Failure) [PSYoungGen: 64864K->1344K(65536K)] 376041K->312529K(697856K), 0.0036813 secs] [Times: user=0.02 sys=0.00, real=0.00 secs] 
793.708: [GC (Allocation Failure) [PSYoungGen: 64832K->1408K(65536K)] 376017K->312593K(697856K), 0.0023958 secs] [Times: user=0.01 sys=0.00, real=0.01 secs] 
794.181: [GC (Allocation Failure) [PSYoungGen: 64896K->1376K(65024K)] 376081K->312561K(697344K), 0.0022854 secs] [Times: user=0.01 sys=0.00, real=0.00 secs] 
796.340: [GC (Allocation Failure) [PSYoungGen: 64864K->1408K(65024K)] 376049K->312593K(697344K), 0.0046562 secs] [Times: user=0.02 sys=0.00, real=0.00 secs] 
796.649: [GC (Allocation Failure) [PSYoungGen: 64896K->352K(64512K)] 376081K->312577K(696832K), 0.0019092 secs] [Times: user=0.00 sys=0.00, real=0.00 secs] 
796.913: [GC (Allocation Failure) [PSYoungGen: 63840K->352K(65536K)] 376065K->312577K(697856K), 0.0019567 secs] [Times: user=0.01 sys=0.00, real=0.00 secs] 
797.177: [GC (Allocation Failure) [PSYoungGen: 63840K->352K(65536K)] 376065K->312577K(697856K), 0.0016442 secs] [Times: user=0.00 sys=0.00, real=0.00 secs] 
798.859: [GC (Allocation Failure) [PSYoungGen: 63840K->1376K(65536K)] 376065K->313601K(697856K), 0.0049197 secs] [Times: user=0.01 sys=0.00, real=0.01 secs] 
800.063: [GC (Allocation Failure) [PSYoungGen: 64864K->1376K(65536K)] 377089K->313601K(697856K), 0.0027790 secs] [Times: user=0.01 sys=0.00, real=0.00 secs] 
800.848: [GC (Allocation Failure) [PSYoungGen: 64864K->1408K(65536K)] 377089K->313633K(697856K), 0.0031391 secs] [Times: user=0.01 sys=0.00, real=0.01 secs] 
801.274: [GC (Allocation Failure) [PSYoungGen: 64896K->1376K(65536K)] 377121K->313601K(697856K), 0.0020600 secs] [Times: user=0.00 sys=0.00, real=0.00 secs] 
801.584: [GC (Allocation Failure) [PSYoungGen: 64864K->1376K(65536K)] 377089K->313601K(697856K), 0.0020402 secs] [Times: user=0.01 sys=0.00, real=0.00 secs] 
803.385: [GC (Allocation Failure) [PSYoungGen: 64864K->1408K(65536K)] 377089K->313633K(697856K), 0.0025833 secs] [Times: user=0.01 sys=0.00, real=0.00 secs] 
804.159: [GC (Allocation Failure) [PSYoungGen: 64896K->1408K(65536K)] 377121K->313633K(697856K), 0.0026067 secs] [Times: user=0.01 sys=0.01, real=0.00 secs] 
804.840: [GC (Allocation Failure) [PSYoungGen: 64896K->1408K(65536K)] 377121K->313633K(697856K), 0.0026369 secs] [Times: user=0.01 sys=0.00, real=0.00 secs] 
805.247: [GC (Allocation Failure) [PSYoungGen: 64896K->1408K(65536K)] 377121K->313633K(697856K), 0.0017903 secs] [Times: user=0.01 sys=0.00, real=0.00 secs] 
806.323: [GC (Allocation Failure) [PSYoungGen: 64896K->1392K(65536K)] 377121K->313625K(697856K), 0.0017772 secs] [Times: user=0.00 sys=0.01, real=0.00 secs] 
806.903: [GC (Allocation Failure) [PSYoungGen: 64880K->1376K(65536K)] 377113K->313609K(697856K), 0.0016756 secs] [Times: user=0.00 sys=0.00, real=0.00 secs] 
807.465: [GC (Allocation Failure) [PSYoungGen: 64864K->1376K(65536K)] 377097K->313609K(697856K), 0.0017227 secs] [Times: user=0.00 sys=0.00, real=0.00 secs] 
807.873: [GC (Allocation Failure) [PSYoungGen: 64864K->1344K(65536K)] 377097K->313577K(697856K), 0.0018710 secs] [Times: user=0.01 sys=0.00, real=0.00 secs] 
808.139: [GC (Allocation Failure) [PSYoungGen: 64832K->1344K(65536K)] 377065K->313577K(697856K), 0.0018593 secs] [Times: user=0.01 sys=0.00, real=0.01 secs] 
809.649: [GC (Allocation Failure) [PSYoungGen: 64832K->1408K(65536K)] 377065K->313641K(697856K), 0.0033816 secs] [Times: user=0.01 sys=0.00, real=0.00 secs] 
810.522: [GC (Allocation Failure) [PSYoungGen: 64896K->1376K(65536K)] 377129K->313609K(697856K), 0.0038434 secs] [Times: user=0.02 sys=0.00, real=0.00 secs] 
811.051: [GC (Allocation Failure) [PSYoungGen: 64864K->1376K(65536K)] 377097K->313609K(697856K), 0.0027673 secs] [Times: user=0.01 sys=0.00, real=0.00 secs] 
811.609: [GC (Allocation Failure) [PSYoungGen: 64864K->1408K(65536K)] 377097K->313641K(697856K), 0.0028385 secs] [Times: user=0.01 sys=0.00, real=0.00 secs] 
812.988: [GC (Allocation Failure) [PSYoungGen: 64896K->1424K(65536K)] 377129K->313657K(697856K), 0.0022677 secs] [Times: user=0.01 sys=0.00, real=0.01 secs] 
813.405: [GC (Allocation Failure) [PSYoungGen: 64912K->1376K(65536K)] 377145K->313609K(697856K), 0.0026287 secs] [Times: user=0.01 sys=0.00, real=0.00 secs] 
813.675: [GC (Allocation Failure) [PSYoungGen: 64864K->1392K(65536K)] 377097K->313641K(697856K), 0.0031099 secs] [Times: user=0.01 sys=0.00, real=0.00 secs] 
814.271: [GC (Allocation Failure) [PSYoungGen: 64880K->1344K(65536K)] 377129K->313593K(697856K), 0.0030518 secs] [Times: user=0.01 sys=0.00, real=0.00 secs] 
815.832: [GC (Allocation Failure) [PSYoungGen: 64681K->1536K(65536K)] 376930K->313785K(697856K), 0.0017314 secs] [Times: user=0.01 sys=0.00, real=0.00 secs] 
816.742: [GC (Allocation Failure) [PSYoungGen: 65024K->1328K(65536K)] 377273K->313577K(697856K), 0.0021651 secs] [Times: user=0.00 sys=0.00, real=0.00 secs] 
817.058: [GC (Allocation Failure) [PSYoungGen: 64816K->1376K(65536K)] 377065K->313633K(697856K), 0.0018039 secs] [Times: user=0.01 sys=0.00, real=0.01 secs] 
817.321: [GC (Allocation Failure) [PSYoungGen: 64864K->1408K(65536K)] 377121K->313665K(697856K), 0.0019792 secs] [Times: user=0.01 sys=0.01, real=0.00 secs] 
817.585: [GC (Allocation Failure) [PSYoungGen: 64896K->1344K(65536K)] 377153K->313601K(697856K), 0.0019138 secs] [Times: user=0.01 sys=0.00, real=0.00 secs] 
818.574: [GC (Allocation Failure) [PSYoungGen: 64832K->1424K(65536K)] 377089K->313681K(697856K), 0.0018133 secs] [Times: user=0.01 sys=0.00, real=0.00 secs] 
818.838: [GC (Allocation Failure) [PSYoungGen: 64912K->1344K(65536K)] 377169K->313601K(697856K), 0.0017641 secs] [Times: user=0.01 sys=0.00, real=0.01 secs] 
819.102: [GC (Allocation Failure) [PSYoungGen: 64832K->1376K(65536K)] 377089K->313633K(697856K), 0.0017868 secs] [Times: user=0.01 sys=0.00, real=0.00 secs] 
819.366: [GC (Allocation Failure) [PSYoungGen: 64864K->1408K(65536K)] 377121K->313665K(697856K), 0.0018517 secs] [Times: user=0.01 sys=0.00, real=0.00 secs] 
820.339: [GC (Allocation Failure) [PSYoungGen: 64896K->1440K(65536K)] 377153K->313697K(697856K), 0.0016980 secs] [Times: user=0.01 sys=0.00, real=0.00 secs] 
820.603: [GC (Allocation Failure) [PSYoungGen: 64928K->1376K(65024K)] 377185K->313633K(697344K), 0.0019425 secs] [Times: user=0.01 sys=0.00, real=0.00 secs] 
820.892: [GC (Allocation Failure) [PSYoungGen: 64864K->1312K(65024K)] 377121K->313569K(697344K), 0.0017037 secs] [Times: user=0.00 sys=0.00, real=0.00 secs] 
821.157: [GC (Allocation Failure) [PSYoungGen: 64800K->1344K(65024K)] 377057K->313609K(697344K), 0.0018556 secs] [Times: user=0.00 sys=0.00, real=0.01 secs] 
821.421: [GC (Allocation Failure) [PSYoungGen: 64832K->1376K(65024K)] 377097K->313641K(697344K), 0.0016799 secs] [Times: user=0.00 sys=0.00, real=0.00 secs] 
822.610: [GC (Allocation Failure) [PSYoungGen: 64864K->1408K(65024K)] 377129K->313681K(697344K), 0.0018640 secs] [Times: user=0.01 sys=0.00, real=0.00 secs] 
823.197: [GC (Allocation Failure) [PSYoungGen: 64896K->1312K(65024K)] 377169K->313585K(697344K), 0.0026096 secs] [Times: user=0.01 sys=0.00, real=0.01 secs] 
823.492: [GC (Allocation Failure) [PSYoungGen: 64800K->1376K(65024K)] 377073K->313649K(697344K), 0.0017426 secs] [Times: user=0.00 sys=0.00, real=0.00 secs] 
823.779: [GC (Allocation Failure) [PSYoungGen: 64864K->1376K(65024K)] 377137K->313649K(697344K), 0.0019297 secs] [Times: user=0.01 sys=0.00, real=0.00 secs] 
824.901: [GC (Allocation Failure) [PSYoungGen: 64864K->1392K(65024K)] 377137K->313665K(697344K), 0.0017780 secs] [Times: user=0.01 sys=0.00, real=0.00 secs] 
825.887: [GC (Allocation Failure) [PSYoungGen: 64880K->1360K(65024K)] 377153K->313633K(697344K), 0.0034371 secs] [Times: user=0.02 sys=0.00, real=0.01 secs] 
826.929: [GC (Allocation Failure) [PSYoungGen: 64848K->1376K(65024K)] 377121K->313649K(697344K), 0.0049067 secs] [Times: user=0.02 sys=0.00, real=0.00 secs] 
827.684: [GC (Allocation Failure) [PSYoungGen: 64864K->1312K(65024K)] 377137K->313585K(697344K), 0.0039112 secs] [Times: user=0.01 sys=0.00, real=0.00 secs] 
828.248: [GC (Allocation Failure) [PSYoungGen: 64800K->1376K(65024K)] 377073K->313649K(697344K), 0.0027577 secs] [Times: user=0.01 sys=0.00, real=0.01 secs] 
829.739: [GC (Allocation Failure) [PSYoungGen: 64864K->1376K(65024K)] 377137K->313657K(697344K), 0.0037795 secs] [Times: user=0.02 sys=0.00, real=0.01 secs] 
830.420: [GC (Allocation Failure) [PSYoungGen: 64864K->1376K(65024K)] 377145K->313657K(697344K), 0.0040060 secs] [Times: user=0.01 sys=0.00, real=0.00 secs] 
831.203: [GC (Allocation Failure) [PSYoungGen: 64864K->1376K(65024K)] 377145K->313657K(697344K), 0.0047742 secs] [Times: user=0.02 sys=0.00, real=0.00 secs] 
831.925: [GC (Allocation Failure) [PSYoungGen: 64864K->1376K(65024K)] 377145K->313657K(697344K), 0.0025397 secs] [Times: user=0.01 sys=0.00, real=0.00 secs] 
833.141: [GC (Allocation Failure) [PSYoungGen: 64864K->1376K(65024K)] 377145K->313657K(697344K), 0.0015321 secs] [Times: user=0.01 sys=0.00, real=0.00 secs] 
833.426: [GC (Allocation Failure) [PSYoungGen: 64864K->1376K(65024K)] 377145K->313657K(697344K), 0.0033997 secs] [Times: user=0.01 sys=0.00, real=0.01 secs] 
833.959: [GC (Allocation Failure) [PSYoungGen: 64864K->1360K(65024K)] 377145K->313649K(697344K), 0.0039478 secs] [Times: user=0.02 sys=0.00, real=0.00 secs] 
834.503: [GC (Allocation Failure) [PSYoungGen: 64848K->1376K(65024K)] 377137K->313665K(697344K), 0.0031600 secs] [Times: user=0.01 sys=0.00, real=0.00 secs] 
835.039: [GC (Allocation Failure) [PSYoungGen: 64864K->1344K(65024K)] 377153K->313641K(697344K), 0.0021876 secs] [Times: user=0.01 sys=0.00, real=0.01 secs] 
836.392: [GC (Allocation Failure) [PSYoungGen: 64832K->1408K(65024K)] 377129K->313713K(697344K), 0.0019541 secs] [Times: user=0.01 sys=0.00, real=0.00 secs] 
837.154: [GC (Allocation Failure) [PSYoungGen: 64896K->1376K(65024K)] 377201K->313681K(697344K), 0.0049415 secs] [Times: user=0.02 sys=0.00, real=0.00 secs] 
837.912: [GC (Allocation Failure) [PSYoungGen: 64864K->1376K(65024K)] 377169K->313681K(697344K), 0.0047679 secs] [Times: user=0.02 sys=0.00, real=0.00 secs] 
838.615: [GC (Allocation Failure) [PSYoungGen: 64864K->1376K(65024K)] 377169K->313681K(697344K), 0.0031576 secs] [Times: user=0.01 sys=0.00, real=0.00 secs] 
841.419: [GC (Allocation Failure) [PSYoungGen: 64864K->1408K(65024K)] 377169K->313721K(697344K), 0.0048969 secs] [Times: user=0.02 sys=0.00, real=0.00 secs] 
842.020: [GC (Allocation Failure) [PSYoungGen: 64896K->1328K(65024K)] 377209K->313641K(697344K), 0.0022710 secs] [Times: user=0.01 sys=0.00, real=0.00 secs] 
842.368: [GC (Allocation Failure) [PSYoungGen: 64816K->1376K(65024K)] 377129K->313697K(697344K), 0.0017398 secs] [Times: user=0.01 sys=0.00, real=0.01 secs] 
842.992: [GC (Allocation Failure) [PSYoungGen: 64864K->1376K(65024K)] 377185K->313697K(697344K), 0.0017139 secs] [Times: user=0.01 sys=0.00, real=0.00 secs] 
844.560: [GC (Allocation Failure) [PSYoungGen: 64864K->1504K(65024K)] 377185K->313833K(697344K), 0.0015789 secs] [Times: user=0.00 sys=0.00, real=0.00 secs] 
844.876: [GC (Allocation Failure) [PSYoungGen: 64992K->1376K(65024K)] 377321K->313705K(697344K), 0.0016664 secs] [Times: user=0.01 sys=0.00, real=0.00 secs] 
845.156: [GC (Allocation Failure) [PSYoungGen: 64864K->1376K(65024K)] 377193K->313705K(697344K), 0.0017737 secs] [Times: user=0.01 sys=0.00, real=0.00 secs] 
845.467: [GC (Allocation Failure) [PSYoungGen: 64864K->1344K(65024K)] 377193K->313681K(697344K), 0.0018245 secs] [Times: user=0.01 sys=0.00, real=0.00 secs] 
845.740: [GC (Allocation Failure) [PSYoungGen: 64832K->1344K(65024K)] 377169K->313681K(697344K), 0.0018813 secs] [Times: user=0.00 sys=0.00, real=0.00 secs] 
847.075: [GC (Allocation Failure) [PSYoungGen: 64832K->1344K(65024K)] 377169K->313689K(697344K), 0.0016693 secs] [Times: user=0.01 sys=0.00, real=0.00 secs] 
847.639: [GC (Allocation Failure) [PSYoungGen: 64832K->1312K(65024K)] 377177K->313657K(697344K), 0.0017502 secs] [Times: user=0.01 sys=0.00, real=0.00 secs] 
848.100: [GC (Allocation Failure) [PSYoungGen: 64800K->1392K(65024K)] 377145K->313745K(697344K), 0.0017792 secs] [Times: user=0.01 sys=0.00, real=0.00 secs] 
848.411: [GC (Allocation Failure) [PSYoungGen: 64880K->1344K(65024K)] 377233K->313697K(697344K), 0.0017649 secs] [Times: user=0.01 sys=0.00, real=0.00 secs] 
849.699: [GC (Allocation Failure) [PSYoungGen: 64832K->1376K(65024K)] 377185K->313737K(697344K), 0.0014057 secs] [Times: user=0.01 sys=0.00, real=0.00 secs] 
849.962: [GC (Allocation Failure) [PSYoungGen: 64864K->1392K(65024K)] 377225K->313753K(697344K), 0.0015204 secs] [Times: user=0.00 sys=0.00, real=0.00 secs] 
850.225: [GC (Allocation Failure) [PSYoungGen: 64880K->1408K(65024K)] 377241K->313777K(697344K), 0.0015407 secs] [Times: user=0.01 sys=0.00, real=0.00 secs] 
850.489: [GC (Allocation Failure) [PSYoungGen: 64896K->1408K(65024K)] 377265K->313785K(697344K), 0.0016118 secs] [Times: user=0.01 sys=0.00, real=0.00 secs] 
850.752: [GC (Allocation Failure) [PSYoungGen: 64896K->1408K(65024K)] 377273K->313785K(697344K), 0.0016544 secs] [Times: user=0.00 sys=0.00, real=0.00 secs] 
852.289: [GC (Allocation Failure) [PSYoungGen: 64896K->1440K(65024K)] 377273K->313825K(697344K), 0.0022451 secs] [Times: user=0.01 sys=0.00, real=0.00 secs] 
852.960: [GC (Allocation Failure) [PSYoungGen: 64928K->1392K(65024K)] 377313K->313793K(697344K), 0.0023383 secs] [Times: user=0.01 sys=0.00, real=0.00 secs] 
853.800: [GC (Allocation Failure) [PSYoungGen: 64880K->1408K(65024K)] 377281K->313809K(697344K), 0.0028395 secs] [Times: user=0.01 sys=0.00, real=0.00 secs] 
854.541: [GC (Allocation Failure) [PSYoungGen: 64896K->1440K(65024K)] 377297K->313841K(697344K), 0.0030263 secs] [Times: user=0.01 sys=0.00, real=0.00 secs] 
856.172: [GC (Allocation Failure) [PSYoungGen: 64928K->1472K(65024K)] 377329K->313873K(697344K), 0.0021052 secs] [Times: user=0.01 sys=0.00, real=0.00 secs] 
856.483: [GC (Allocation Failure) [PSYoungGen: 64960K->1408K(65024K)] 377361K->313809K(697344K), 0.0020419 secs] [Times: user=0.01 sys=0.00, real=0.00 secs] 
856.747: [GC (Allocation Failure) [PSYoungGen: 64896K->1376K(65024K)] 377297K->313777K(697344K), 0.0019559 secs] [Times: user=0.01 sys=0.00, real=0.01 secs] 
857.057: [GC (Allocation Failure) [PSYoungGen: 64864K->1440K(65024K)] 377265K->313841K(697344K), 0.0029409 secs] [Times: user=0.01 sys=0.00, real=0.01 secs] 
857.455: [GC (Allocation Failure) [PSYoungGen: 64928K->1376K(65024K)] 377329K->313777K(697344K), 0.0017858 secs] [Times: user=0.00 sys=0.00, real=0.00 secs] 
858.794: [GC (Allocation Failure) [PSYoungGen: 64864K->1424K(65024K)] 377265K->313825K(697344K), 0.0019908 secs] [Times: user=0.00 sys=0.00, real=0.00 secs] 
859.248: [GC (Allocation Failure) [PSYoungGen: 64912K->1440K(65024K)] 377313K->313849K(697344K), 0.0022897 secs] [Times: user=0.01 sys=0.00, real=0.01 secs] 
859.591: [GC (Allocation Failure) [PSYoungGen: 64928K->1392K(65024K)] 377337K->313801K(697344K), 0.0018827 secs] [Times: user=0.01 sys=0.00, real=0.00 secs] 
860.029: [GC (Allocation Failure) [PSYoungGen: 64880K->1392K(65024K)] 377289K->313801K(697344K), 0.0019898 secs] [Times: user=0.00 sys=0.00, real=0.00 secs] 
862.018: [GC (Allocation Failure) [PSYoungGen: 64880K->1440K(65024K)] 377289K->313849K(697344K), 0.0044200 secs] [Times: user=0.02 sys=0.00, real=0.01 secs] 
862.437: [GC (Allocation Failure) [PSYoungGen: 64928K->1408K(65024K)] 377337K->313817K(697344K), 0.0019948 secs] [Times: user=0.01 sys=0.00, real=0.01 secs] 
862.701: [GC (Allocation Failure) [PSYoungGen: 64896K->1376K(65024K)] 377305K->313793K(697344K), 0.0019288 secs] [Times: user=0.00 sys=0.00, real=0.00 secs] 
863.027: [GC (Allocation Failure) [PSYoungGen: 64864K->1376K(65024K)] 377281K->313793K(697344K), 0.0018527 secs] [Times: user=0.01 sys=0.00, real=0.01 secs] 
863.519: [GC (Allocation Failure) [PSYoungGen: 64864K->1360K(65024K)] 377281K->313785K(697344K), 0.0021017 secs] [Times: user=0.01 sys=0.00, real=0.00 secs] 
865.280: [GC (Allocation Failure) [PSYoungGen: 64848K->1408K(65024K)] 377273K->313833K(697344K), 0.0043810 secs] [Times: user=0.02 sys=0.00, real=0.00 secs] 
865.874: [GC (Allocation Failure) [PSYoungGen: 64896K->1376K(65024K)] 377321K->313801K(697344K), 0.0031897 secs] [Times: user=0.02 sys=0.00, real=0.00 secs] 
866.718: [GC (Allocation Failure) [PSYoungGen: 64864K->1376K(65024K)] 377289K->313801K(697344K), 0.0034329 secs] [Times: user=0.01 sys=0.00, real=0.01 secs] 
867.270: [GC (Allocation Failure) [PSYoungGen: 64864K->1440K(65024K)] 377289K->313865K(697344K), 0.0024797 secs] [Times: user=0.01 sys=0.00, real=0.00 secs] 
868.411: [GC (Allocation Failure) [PSYoungGen: 64928K->1392K(65024K)] 377353K->313817K(697344K), 0.0015722 secs] [Times: user=0.00 sys=0.00, real=0.00 secs] 
868.674: [GC (Allocation Failure) [PSYoungGen: 64880K->1344K(65024K)] 377305K->313769K(697344K), 0.0016843 secs] [Times: user=0.00 sys=0.00, real=0.00 secs] 
868.957: [GC (Allocation Failure) [PSYoungGen: 64832K->1376K(65024K)] 377257K->313801K(697344K), 0.0017893 secs] [Times: user=0.00 sys=0.00, real=0.01 secs] 
869.370: [GC (Allocation Failure) [PSYoungGen: 64864K->1376K(65024K)] 377289K->313801K(697344K), 0.0016698 secs] [Times: user=0.01 sys=0.00, real=0.00 secs] 
870.453: [GC (Allocation Failure) [PSYoungGen: 64646K->160K(65024K)] 377072K->312585K(697344K), 0.0014941 secs] [Times: user=0.01 sys=0.00, real=0.00 secs] 
871.314: [GC (Allocation Failure) [PSYoungGen: 63648K->1408K(65536K)] 376073K->313841K(697856K), 0.0022735 secs] [Times: user=0.01 sys=0.00, real=0.00 secs] 
871.914: [GC (Allocation Failure) [PSYoungGen: 64896K->1440K(65536K)] 377329K->313873K(697856K), 0.0023489 secs] [Times: user=0.01 sys=0.00, real=0.00 secs] 
872.766: [GC (Allocation Failure) [PSYoungGen: 64928K->1408K(65536K)] 377361K->313841K(697856K), 0.0025034 secs] [Times: user=0.01 sys=0.00, real=0.00 secs] 
873.640: [GC (Allocation Failure) [PSYoungGen: 64896K->1360K(65536K)] 377329K->313793K(697856K), 0.0027844 secs] [Times: user=0.01 sys=0.00, real=0.00 secs] 
875.028: [GC (Allocation Failure) [PSYoungGen: 64848K->1376K(65536K)] 377281K->313809K(697856K), 0.0017188 secs] [Times: user=0.01 sys=0.00, real=0.01 secs] 
875.380: [GC (Allocation Failure) [PSYoungGen: 64864K->1344K(65536K)] 377297K->313785K(697856K), 0.0019739 secs] [Times: user=0.01 sys=0.00, real=0.00 secs] 
875.649: [GC (Allocation Failure) [PSYoungGen: 64832K->1376K(65536K)] 377273K->313817K(697856K), 0.0019105 secs] [Times: user=0.01 sys=0.00, real=0.00 secs] 
875.959: [GC (Allocation Failure) [PSYoungGen: 64864K->1312K(65536K)] 377305K->313753K(697856K), 0.0019620 secs] [Times: user=0.00 sys=0.00, real=0.00 secs] 
877.226: [GC (Allocation Failure) [PSYoungGen: 64800K->1936K(65536K)] 377241K->314377K(697856K), 0.0021344 secs] [Times: user=0.01 sys=0.00, real=0.00 secs] 
877.891: [GC (Allocation Failure) [PSYoungGen: 65424K->1408K(65536K)] 377865K->313849K(697856K), 0.0018846 secs] [Times: user=0.01 sys=0.00, real=0.00 secs] 
878.449: [GC (Allocation Failure) [PSYoungGen: 64896K->1392K(65536K)] 377337K->313833K(697856K), 0.0024322 secs] [Times: user=0.01 sys=0.00, real=0.00 secs] 
879.025: [GC (Allocation Failure) [PSYoungGen: 64880K->1344K(65536K)] 377321K->313785K(697856K), 0.0023076 secs] [Times: user=0.00 sys=0.00, real=0.00 secs] 
879.432: [GC (Allocation Failure) [PSYoungGen: 64832K->1408K(65536K)] 377273K->313849K(697856K), 0.0023706 secs] [Times: user=0.01 sys=0.00, real=0.00 secs] 
880.585: [GC (Allocation Failure) [PSYoungGen: 64896K->1392K(65536K)] 377337K->313833K(697856K), 0.0018029 secs] [Times: user=0.00 sys=0.00, real=0.00 secs] 
880.898: [GC (Allocation Failure) [PSYoungGen: 64880K->1376K(65536K)] 377321K->313817K(697856K), 0.0016403 secs] [Times: user=0.00 sys=0.00, real=0.01 secs] 
881.171: [GC (Allocation Failure) [PSYoungGen: 64864K->1344K(65536K)] 377305K->313793K(697856K), 0.0018163 secs] [Times: user=0.00 sys=0.00, real=0.00 secs] 
881.444: [GC (Allocation Failure) [PSYoungGen: 64832K->1408K(65536K)] 377281K->313857K(697856K), 0.0018032 secs] [Times: user=0.01 sys=0.00, real=0.00 secs] 
882.483: [GC (Allocation Failure) [PSYoungGen: 64896K->1440K(65536K)] 377345K->313889K(697856K), 0.0018352 secs] [Times: user=0.01 sys=0.00, real=0.00 secs] 
883.094: [GC (Allocation Failure) [PSYoungGen: 64928K->1376K(65536K)] 377377K->313841K(697856K), 0.0039089 secs] [Times: user=0.01 sys=0.00, real=0.00 secs] 
883.767: [GC (Allocation Failure) [PSYoungGen: 64864K->1408K(65536K)] 377329K->313873K(697856K), 0.0023937 secs] [Times: user=0.01 sys=0.00, real=0.01 secs] 
884.480: [GC (Allocation Failure) [PSYoungGen: 64896K->1408K(65536K)] 377361K->313873K(697856K), 0.0022696 secs] [Times: user=0.01 sys=0.00, real=0.00 secs] 
885.085: [GC (Allocation Failure) [PSYoungGen: 64896K->1376K(65536K)] 377361K->313841K(697856K), 0.0023232 secs] [Times: user=0.01 sys=0.00, real=0.00 secs] 
887.270: [GC (Allocation Failure) [PSYoungGen: 64864K->1424K(65536K)] 377329K->313889K(697856K), 0.0024676 secs] [Times: user=0.01 sys=0.00, real=0.00 secs] 
888.237: [GC (Allocation Failure) [PSYoungGen: 64912K->1376K(65024K)] 377377K->313841K(697344K), 0.0022624 secs] [Times: user=0.01 sys=0.00, real=0.01 secs] 
889.017: [GC (Allocation Failure) [PSYoungGen: 64864K->1408K(65024K)] 377329K->313873K(697344K), 0.0025361 secs] [Times: user=0.01 sys=0.00, real=0.01 secs] 
889.858: [GC (Allocation Failure) [PSYoungGen: 64896K->1376K(65024K)] 377361K->313841K(697344K), 0.0034315 secs] [Times: user=0.01 sys=0.00, real=0.01 secs] 
892.132: [GC (Allocation Failure) [PSYoungGen: 64864K->1408K(65024K)] 377329K->313873K(697344K), 0.0031912 secs] [Times: user=0.01 sys=0.00, real=0.00 secs] 
892.581: [GC (Allocation Failure) [PSYoungGen: 64896K->1376K(65024K)] 377361K->313841K(697344K), 0.0022924 secs] [Times: user=0.00 sys=0.00, real=0.00 secs] 
893.189: [GC (Allocation Failure) [PSYoungGen: 64864K->1440K(65024K)] 377329K->313913K(697344K), 0.0031360 secs] [Times: user=0.02 sys=0.00, real=0.00 secs] 
893.758: [GC (Allocation Failure) [PSYoungGen: 64928K->1376K(65024K)] 377401K->313849K(697344K), 0.0028437 secs] [Times: user=0.01 sys=0.00, real=0.01 secs] 
894.359: [GC (Allocation Failure) [PSYoungGen: 64864K->1376K(65024K)] 377337K->313849K(697344K), 0.0040048 secs] [Times: user=0.01 sys=0.00, real=0.00 secs] 
895.450: [GC (Allocation Failure) [PSYoungGen: 64864K->1392K(65024K)] 377337K->313865K(697344K), 0.0015445 secs] [Times: user=0.01 sys=0.00, real=0.00 secs] 
895.713: [GC (Allocation Failure) [PSYoungGen: 64880K->1376K(65024K)] 377353K->313849K(697344K), 0.0015564 secs] [Times: user=0.01 sys=0.00, real=0.00 secs] 
896.056: [GC (Allocation Failure) [PSYoungGen: 64864K->1344K(65024K)] 377337K->313817K(697344K), 0.0016805 secs] [Times: user=0.01 sys=0.00, real=0.00 secs] 
896.608: [GC (Allocation Failure) [PSYoungGen: 64832K->1376K(65024K)] 377305K->313857K(697344K), 0.0020137 secs] [Times: user=0.01 sys=0.00, real=0.01 secs] 
897.940: [GC (Allocation Failure) [PSYoungGen: 64864K->1440K(65024K)] 377345K->313929K(697344K), 0.0017335 secs] [Times: user=0.01 sys=0.00, real=0.00 secs] 
898.573: [GC (Allocation Failure) [PSYoungGen: 64928K->1376K(65024K)] 377417K->313873K(697344K), 0.0031941 secs] [Times: user=0.01 sys=0.00, real=0.00 secs] 
899.463: [GC (Allocation Failure) [PSYoungGen: 64864K->1376K(65024K)] 377361K->313873K(697344K), 0.0037808 secs] [Times: user=0.01 sys=0.00, real=0.00 secs] 
900.292: [GC (Allocation Failure) [PSYoungGen: 64864K->1408K(65024K)] 377361K->313905K(697344K), 0.0045955 secs] [Times: user=0.02 sys=0.00, real=0.00 secs] 
901.837: [GC (Allocation Failure) [PSYoungGen: 64896K->224K(65024K)] 377393K->312721K(697344K), 0.0014422 secs] [Times: user=0.01 sys=0.00, real=0.01 secs] 
903.118: [GC (Allocation Failure) [PSYoungGen: 63712K->1408K(65536K)] 376209K->313905K(697856K), 0.0032097 secs] [Times: user=0.01 sys=0.01, real=0.01 secs] 
903.747: [GC (Allocation Failure) [PSYoungGen: 64896K->1408K(65536K)] 377393K->313905K(697856K), 0.0022544 secs] [Times: user=0.01 sys=0.00, real=0.01 secs] 
904.080: [GC (Allocation Failure) [PSYoungGen: 64896K->1376K(65536K)] 377393K->313873K(697856K), 0.0020084 secs] [Times: user=0.01 sys=0.00, real=0.00 secs] 
904.344: [GC (Allocation Failure) [PSYoungGen: 64864K->1408K(65536K)] 377361K->313905K(697856K), 0.0020168 secs] [Times: user=0.01 sys=0.00, real=0.00 secs] 
905.701: [GC (Allocation Failure) [PSYoungGen: 64896K->1472K(65536K)] 377393K->313977K(697856K), 0.0044824 secs] [Times: user=0.01 sys=0.00, real=0.00 secs] 
906.275: [GC (Allocation Failure) [PSYoungGen: 64960K->1408K(65536K)] 377465K->313913K(697856K), 0.0034056 secs] [Times: user=0.02 sys=0.00, real=0.00 secs] 
906.804: [GC (Allocation Failure) [PSYoungGen: 64896K->1408K(65536K)] 377401K->313913K(697856K), 0.0026288 secs] [Times: user=0.00 sys=0.00, real=0.00 secs] 
907.551: [GC (Allocation Failure) [PSYoungGen: 64896K->1408K(65536K)] 377401K->313913K(697856K), 0.0023660 secs] [Times: user=0.01 sys=0.00, real=0.00 secs] 
909.079: [GC (Allocation Failure) [PSYoungGen: 64896K->1888K(65536K)] 377401K->314393K(697856K), 0.0017709 secs] [Times: user=0.01 sys=0.00, real=0.00 secs] 
909.380: [GC (Allocation Failure) [PSYoungGen: 65376K->1408K(65536K)] 377881K->313913K(697856K), 0.0017137 secs] [Times: user=0.01 sys=0.00, real=0.00 secs] 
909.657: [GC (Allocation Failure) [PSYoungGen: 64896K->1408K(65536K)] 377401K->313921K(697856K), 0.0017314 secs] [Times: user=0.01 sys=0.00, real=0.00 secs] 
909.965: [GC (Allocation Failure) [PSYoungGen: 64896K->1376K(65536K)] 377409K->313889K(697856K), 0.0018321 secs] [Times: user=0.01 sys=0.00, real=0.00 secs] 
910.249: [GC (Allocation Failure) [PSYoungGen: 64864K->1344K(65536K)] 377377K->313857K(697856K), 0.0017690 secs] [Times: user=0.00 sys=0.00, real=0.00 secs] 
911.602: [GC (Allocation Failure) [PSYoungGen: 64832K->1440K(65536K)] 377345K->313953K(697856K), 0.0018178 secs] [Times: user=0.01 sys=0.00, real=0.00 secs] 
911.873: [GC (Allocation Failure) [PSYoungGen: 64928K->1376K(65536K)] 377441K->313889K(697856K), 0.0019145 secs] [Times: user=0.00 sys=0.00, real=0.00 secs] 
912.137: [GC (Allocation Failure) [PSYoungGen: 64864K->1344K(65536K)] 377377K->313857K(697856K), 0.0018890 secs] [Times: user=0.01 sys=0.00, real=0.01 secs] 
912.479: [GC (Allocation Failure) [PSYoungGen: 64832K->1312K(65536K)] 377345K->313841K(697856K), 0.0017377 secs] [Times: user=0.01 sys=0.00, real=0.01 secs] 
913.732: [GC (Allocation Failure) [PSYoungGen: 64800K->1376K(65536K)] 377329K->313905K(697856K), 0.0021019 secs] [Times: user=0.00 sys=0.00, real=0.00 secs] 
914.558: [GC (Allocation Failure) [PSYoungGen: 64864K->1376K(65536K)] 377393K->313905K(697856K), 0.0038894 secs] [Times: user=0.02 sys=0.00, real=0.01 secs] 
915.428: [GC (Allocation Failure) [PSYoungGen: 64864K->1360K(65536K)] 377393K->313889K(697856K), 0.0070462 secs] [Times: user=0.03 sys=0.00, real=0.01 secs] 
916.448: [GC (Allocation Failure) [PSYoungGen: 64848K->1376K(65536K)] 377377K->313905K(697856K), 0.0028769 secs] [Times: user=0.01 sys=0.00, real=0.01 secs] 
917.330: [GC (Allocation Failure) [PSYoungGen: 64864K->1376K(65536K)] 377393K->313905K(697856K), 0.0030180 secs] [Times: user=0.01 sys=0.00, real=0.00 secs] 
918.965: [GC (Allocation Failure) [PSYoungGen: 64864K->1440K(65536K)] 377393K->313969K(697856K), 0.0022528 secs] [Times: user=0.01 sys=0.00, real=0.00 secs] 
919.479: [GC (Allocation Failure) [PSYoungGen: 64928K->1344K(65024K)] 377457K->313873K(697344K), 0.0026557 secs] [Times: user=0.01 sys=0.00, real=0.00 secs] 
920.009: [GC (Allocation Failure) [PSYoungGen: 64832K->1408K(65024K)] 377361K->313937K(697344K), 0.0024852 secs] [Times: user=0.01 sys=0.00, real=0.01 secs] 
920.574: [GC (Allocation Failure) [PSYoungGen: 64896K->1408K(65024K)] 377425K->313937K(697344K), 0.0024527 secs] [Times: user=0.01 sys=0.00, real=0.00 secs] 
921.995: [GC (Allocation Failure) [PSYoungGen: 64896K->1408K(65024K)] 377425K->313937K(697344K), 0.0020504 secs] [Times: user=0.01 sys=0.00, real=0.00 secs] 
922.908: [GC (Allocation Failure) [PSYoungGen: 64896K->1376K(65024K)] 377425K->313905K(697344K), 0.0052365 secs] [Times: user=0.02 sys=0.00, real=0.01 secs] 
923.851: [GC (Allocation Failure) [PSYoungGen: 64864K->1376K(65024K)] 377393K->313905K(697344K), 0.0044178 secs] [Times: user=0.02 sys=0.00, real=0.00 secs] 
924.788: [GC (Allocation Failure) [PSYoungGen: 64864K->1392K(65024K)] 377393K->313921K(697344K), 0.0040436 secs] [Times: user=0.01 sys=0.01, real=0.01 secs] 
925.824: [GC (Allocation Failure) [PSYoungGen: 64880K->1376K(65024K)] 377409K->313905K(697344K), 0.0024808 secs] [Times: user=0.01 sys=0.00, real=0.00 secs] 
927.208: [GC (Allocation Failure) [PSYoungGen: 64864K->1440K(65024K)] 377393K->313969K(697344K), 0.0021383 secs] [Times: user=0.01 sys=0.00, real=0.01 secs] 
927.666: [GC (Allocation Failure) [PSYoungGen: 64928K->1344K(65024K)] 377457K->313881K(697344K), 0.0026789 secs] [Times: user=0.01 sys=0.00, real=0.01 secs] 
928.092: [GC (Allocation Failure) [PSYoungGen: 64832K->1408K(65024K)] 377369K->313945K(697344K), 0.0021250 secs] [Times: user=0.01 sys=0.00, real=0.00 secs] 
928.595: [GC (Allocation Failure) [PSYoungGen: 64896K->1408K(65024K)] 377433K->313945K(697344K), 0.0022575 secs] [Times: user=0.01 sys=0.00, real=0.00 secs] 
930.461: [GC (Allocation Failure) [PSYoungGen: 64896K->1408K(65024K)] 377433K->313945K(697344K), 0.0023533 secs] [Times: user=0.01 sys=0.00, real=0.00 secs] 
931.310: [GC (Allocation Failure) [PSYoungGen: 64896K->1344K(65024K)] 377433K->313881K(697344K), 0.0042284 secs] [Times: user=0.01 sys=0.00, real=0.00 secs] 
932.244: [GC (Allocation Failure) [PSYoungGen: 64832K->1376K(65024K)] 377369K->313913K(697344K), 0.0030243 secs] [Times: user=0.01 sys=0.00, real=0.00 secs] 
933.015: [GC (Allocation Failure) [PSYoungGen: 64864K->1376K(65024K)] 377401K->313913K(697344K), 0.0029241 secs] [Times: user=0.01 sys=0.00, real=0.00 secs] 
933.587: [GC (Allocation Failure) [PSYoungGen: 64864K->272K(65024K)] 377401K->312809K(697344K), 0.0026691 secs] [Times: user=0.01 sys=0.00, real=0.01 secs] 
935.155: [GC (Allocation Failure) [PSYoungGen: 63760K->1408K(65536K)] 376297K->313945K(697856K), 0.0027437 secs] [Times: user=0.01 sys=0.00, real=0.00 secs] 
935.737: [GC (Allocation Failure) [PSYoungGen: 64896K->1408K(65536K)] 377433K->313945K(697856K), 0.0021025 secs] [Times: user=0.01 sys=0.00, real=0.01 secs] 
936.295: [GC (Allocation Failure) [PSYoungGen: 64896K->1408K(65536K)] 377433K->313945K(697856K), 0.0018625 secs] [Times: user=0.01 sys=0.00, real=0.00 secs] 
936.887: [GC (Allocation Failure) [PSYoungGen: 64896K->1360K(65536K)] 377433K->313905K(697856K), 0.0019272 secs] [Times: user=0.01 sys=0.00, real=0.01 secs] 
938.102: [GC (Allocation Failure) [PSYoungGen: 64848K->1376K(65536K)] 377393K->313921K(697856K), 0.0015636 secs] [Times: user=0.00 sys=0.00, real=0.00 secs] 
938.412: [GC (Allocation Failure) [PSYoungGen: 64864K->1344K(65536K)] 377409K->313889K(697856K), 0.0017478 secs] [Times: user=0.01 sys=0.00, real=0.00 secs] 
938.676: [GC (Allocation Failure) [PSYoungGen: 64832K->1376K(65536K)] 377377K->313921K(697856K), 0.0018613 secs] [Times: user=0.01 sys=0.00, real=0.00 secs] 
939.031: [GC (Allocation Failure) [PSYoungGen: 64864K->1376K(65536K)] 377409K->313921K(697856K), 0.0020434 secs] [Times: user=0.01 sys=0.00, real=0.00 secs] 
940.163: [GC (Allocation Failure) [PSYoungGen: 64864K->1664K(65536K)] 377409K->314217K(697856K), 0.0018233 secs] [Times: user=0.01 sys=0.00, real=0.00 secs] 
940.789: [GC (Allocation Failure) [PSYoungGen: 65152K->1376K(65536K)] 377705K->313929K(697856K), 0.0033069 secs] [Times: user=0.01 sys=0.00, real=0.00 secs] 
941.428: [GC (Allocation Failure) [PSYoungGen: 64864K->1408K(65536K)] 377417K->313969K(697856K), 0.0031863 secs] [Times: user=0.01 sys=0.00, real=0.01 secs] 
941.967: [GC (Allocation Failure) [PSYoungGen: 64896K->1440K(65536K)] 377457K->314001K(697856K), 0.0022378 secs] [Times: user=0.01 sys=0.00, real=0.01 secs] 
942.491: [GC (Allocation Failure) [PSYoungGen: 64928K->1376K(65536K)] 377489K->313937K(697856K), 0.0027125 secs] [Times: user=0.01 sys=0.00, real=0.00 secs] 
943.656: [GC (Allocation Failure) [PSYoungGen: 64864K->1440K(65536K)] 377425K->314001K(697856K), 0.0019717 secs] [Times: user=0.01 sys=0.00, real=0.00 secs] 
944.190: [GC (Allocation Failure) [PSYoungGen: 64928K->1376K(65536K)] 377489K->313945K(697856K), 0.0018475 secs] [Times: user=0.01 sys=0.00, real=0.00 secs] 
944.718: [GC (Allocation Failure) [PSYoungGen: 64864K->1376K(65536K)] 377433K->313945K(697856K), 0.0019234 secs] [Times: user=0.01 sys=0.00, real=0.01 secs] 
944.996: [GC (Allocation Failure) [PSYoungGen: 64864K->1344K(65536K)] 377433K->313913K(697856K), 0.0019199 secs] [Times: user=0.01 sys=0.00, real=0.00 secs] 
945.994: [GC (Allocation Failure) [PSYoungGen: 64832K->1376K(65536K)] 377401K->313945K(697856K), 0.0017418 secs] [Times: user=0.01 sys=0.00, real=0.00 secs] 
946.516: [GC (Allocation Failure) [PSYoungGen: 64864K->1376K(65024K)] 377433K->313945K(697344K), 0.0017606 secs] [Times: user=0.00 sys=0.00, real=0.00 secs] 
947.059: [GC (Allocation Failure) [PSYoungGen: 64864K->1344K(65024K)] 377433K->313913K(697344K), 0.0027376 secs] [Times: user=0.01 sys=0.00, real=0.00 secs] 
947.412: [GC (Allocation Failure) [PSYoungGen: 64832K->384K(64512K)] 377401K->313977K(696832K), 0.0020974 secs] [Times: user=0.00 sys=0.00, real=0.00 secs] 
947.676: [GC (Allocation Failure) [PSYoungGen: 63872K->320K(65536K)] 377465K->313913K(697856K), 0.0018822 secs] [Times: user=0.01 sys=0.00, real=0.00 secs] 
949.043: [GC (Allocation Failure) [PSYoungGen: 63808K->1440K(65536K)] 377401K->315033K(697856K), 0.0023945 secs] [Times: user=0.01 sys=0.00, real=0.00 secs] 
949.346: [GC (Allocation Failure) [PSYoungGen: 64928K->1376K(65536K)] 378521K->314977K(697856K), 0.0019986 secs] [Times: user=0.01 sys=0.00, real=0.00 secs] 
949.630: [GC (Allocation Failure) [PSYoungGen: 64864K->1376K(65536K)] 378465K->314977K(697856K), 0.0018345 secs] [Times: user=0.01 sys=0.00, real=0.00 secs] 
950.065: [GC (Allocation Failure) [PSYoungGen: 64864K->1408K(65536K)] 378465K->315009K(697856K), 0.0023675 secs] [Times: user=0.01 sys=0.00, real=0.00 secs] 
951.430: [GC (Allocation Failure) [PSYoungGen: 64896K->1408K(65536K)] 378497K->315009K(697856K), 0.0018403 secs] [Times: user=0.00 sys=0.00, real=0.00 secs] 
951.789: [GC (Allocation Failure) [PSYoungGen: 64896K->1376K(65536K)] 378497K->314977K(697856K), 0.0018100 secs] [Times: user=0.00 sys=0.00, real=0.00 secs] 
952.053: [GC (Allocation Failure) [PSYoungGen: 64864K->1376K(65536K)] 378465K->314985K(697856K), 0.0019156 secs] [Times: user=0.01 sys=0.00, real=0.00 secs] 
952.317: [GC (Allocation Failure) [PSYoungGen: 64864K->1344K(65536K)] 378473K->314953K(697856K), 0.0017323 secs] [Times: user=0.00 sys=0.00, real=0.01 secs] 
952.604: [GC (Allocation Failure) [PSYoungGen: 64832K->1360K(65536K)] 378441K->314969K(697856K), 0.0019107 secs] [Times: user=0.01 sys=0.00, real=0.00 secs] 
954.484: [GC (Allocation Failure) [PSYoungGen: 64848K->1344K(65536K)] 378457K->314953K(697856K), 0.0047828 secs] [Times: user=0.02 sys=0.00, real=0.01 secs] 
955.067: [GC (Allocation Failure) [PSYoungGen: 64832K->1344K(65536K)] 378441K->314953K(697856K), 0.0029122 secs] [Times: user=0.01 sys=0.00, real=0.01 secs] 
955.416: [GC (Allocation Failure) [PSYoungGen: 64832K->1312K(65536K)] 378441K->314921K(697856K), 0.0019576 secs] [Times: user=0.01 sys=0.00, real=0.00 secs] 
955.713: [GC (Allocation Failure) [PSYoungGen: 64800K->1408K(65536K)] 378409K->315017K(697856K), 0.0019067 secs] [Times: user=0.01 sys=0.00, real=0.00 secs] 
956.716: [GC (Allocation Failure) [PSYoungGen: 64896K->1408K(65536K)] 378505K->315017K(697856K), 0.0018084 secs] [Times: user=0.00 sys=0.00, real=0.00 secs] 
956.979: [GC (Allocation Failure) [PSYoungGen: 64896K->1408K(65536K)] 378505K->315017K(697856K), 0.0017264 secs] [Times: user=0.01 sys=0.00, real=0.00 secs] 
957.243: [GC (Allocation Failure) [PSYoungGen: 64896K->1344K(65536K)] 378505K->314953K(697856K), 0.0018442 secs] [Times: user=0.01 sys=0.00, real=0.00 secs] 
957.507: [GC (Allocation Failure) [PSYoungGen: 64832K->1360K(65536K)] 378441K->314969K(697856K), 0.0018771 secs] [Times: user=0.01 sys=0.00, real=0.01 secs] 
957.792: [GC (Allocation Failure) [PSYoungGen: 64842K->256K(65536K)] 378451K->313865K(697856K), 0.0017594 secs] [Times: user=0.00 sys=0.00, real=0.00 secs] 
958.826: [GC (Allocation Failure) [PSYoungGen: 63744K->1376K(65536K)] 377353K->314985K(697856K), 0.0015164 secs] [Times: user=0.00 sys=0.00, real=0.00 secs] 
959.239: [GC (Allocation Failure) [PSYoungGen: 64864K->1312K(65536K)] 378473K->314921K(697856K), 0.0014762 secs] [Times: user=0.01 sys=0.00, real=0.00 secs] 
959.687: [GC (Allocation Failure) [PSYoungGen: 64800K->1376K(65536K)] 378409K->314985K(697856K), 0.0015169 secs] [Times: user=0.00 sys=0.00, real=0.01 secs] 
960.165: [GC (Allocation Failure) [PSYoungGen: 64864K->1376K(65536K)] 378473K->314985K(697856K), 0.0016326 secs] [Times: user=0.01 sys=0.00, real=0.00 secs] 
961.686: [GC (Allocation Failure) [PSYoungGen: 64864K->1408K(65536K)] 378473K->315017K(697856K), 0.0022414 secs] [Times: user=0.01 sys=0.00, real=0.00 secs] 
962.268: [GC (Allocation Failure) [PSYoungGen: 64896K->1408K(65536K)] 378505K->315017K(697856K), 0.0027955 secs] [Times: user=0.01 sys=0.00, real=0.01 secs] 
962.794: [GC (Allocation Failure) [PSYoungGen: 64896K->1408K(65536K)] 378505K->315033K(697856K), 0.0027655 secs] [Times: user=0.01 sys=0.00, real=0.00 secs] 
963.290: [GC (Allocation Failure) [PSYoungGen: 64896K->1376K(65536K)] 378521K->315001K(697856K), 0.0021870 secs] [Times: user=0.01 sys=0.00, real=0.00 secs] 
964.433: [GC (Allocation Failure) [PSYoungGen: 64864K->1664K(65536K)] 378489K->315289K(697856K), 0.0017997 secs] [Times: user=0.01 sys=0.00, real=0.00 secs] 
965.131: [GC (Allocation Failure) [PSYoungGen: 65152K->1376K(65536K)] 378777K->315001K(697856K), 0.0045448 secs] [Times: user=0.01 sys=0.00, real=0.00 secs] 
965.560: [GC (Allocation Failure) [PSYoungGen: 64864K->1360K(65536K)] 378489K->314985K(697856K), 0.0021514 secs] [Times: user=0.01 sys=0.00, real=0.00 secs] 
965.832: [GC (Allocation Failure) [PSYoungGen: 64848K->1376K(65536K)] 378473K->315001K(697856K), 0.0019331 secs] [Times: user=0.01 sys=0.00, real=0.00 secs] 
966.100: [GC (Allocation Failure) [PSYoungGen: 64864K->1376K(65536K)] 378489K->315001K(697856K), 0.0018604 secs] [Times: user=0.01 sys=0.00, real=0.00 secs] 
967.398: [GC (Allocation Failure) [PSYoungGen: 64864K->1440K(65536K)] 378489K->315065K(697856K), 0.0022898 secs] [Times: user=0.01 sys=0.00, real=0.01 secs] 
967.945: [GC (Allocation Failure) [PSYoungGen: 64928K->1376K(65536K)] 378553K->315001K(697856K), 0.0026163 secs] [Times: user=0.01 sys=0.00, real=0.00 secs] 
968.401: [GC (Allocation Failure) [PSYoungGen: 64864K->1360K(65536K)] 378489K->314985K(697856K), 0.0019885 secs] [Times: user=0.01 sys=0.00, real=0.00 secs] 
968.665: [GC (Allocation Failure) [PSYoungGen: 64848K->1360K(65536K)] 378473K->314985K(697856K), 0.0019111 secs] [Times: user=0.01 sys=0.00, real=0.00 secs] 
970.390: [GC (Allocation Failure) [PSYoungGen: 64848K->1440K(65536K)] 378473K->315065K(697856K), 0.0020038 secs] [Times: user=0.01 sys=0.00, real=0.00 secs] 
971.331: [GC (Allocation Failure) [PSYoungGen: 64928K->1376K(65536K)] 378553K->315001K(697856K), 0.0051788 secs] [Times: user=0.02 sys=0.00, real=0.00 secs] 
972.149: [GC (Allocation Failure) [PSYoungGen: 64864K->1376K(65536K)] 378489K->315001K(697856K), 0.0036339 secs] [Times: user=0.02 sys=0.00, real=0.01 secs] 
972.668: [GC (Allocation Failure) [PSYoungGen: 64864K->1408K(65536K)] 378489K->315041K(697856K), 0.0026180 secs] [Times: user=0.01 sys=0.00, real=0.01 secs] 
973.239: [GC (Allocation Failure) [PSYoungGen: 64896K->1376K(65024K)] 378529K->315009K(697344K), 0.0027708 secs] [Times: user=0.01 sys=0.00, real=0.00 secs] 
974.405: [GC (Allocation Failure) [PSYoungGen: 64864K->1408K(65024K)] 378497K->315041K(697344K), 0.0018201 secs] [Times: user=0.00 sys=0.00, real=0.00 secs] 
974.673: [GC (Allocation Failure) [PSYoungGen: 64896K->1344K(65024K)] 378529K->314985K(697344K), 0.0017371 secs] [Times: user=0.01 sys=0.00, real=0.00 secs] 
974.937: [GC (Allocation Failure) [PSYoungGen: 64832K->1360K(65024K)] 378473K->315001K(697344K), 0.0021263 secs] [Times: user=0.01 sys=0.01, real=0.01 secs] 
975.277: [GC (Allocation Failure) [PSYoungGen: 64848K->1392K(65024K)] 378489K->315033K(697344K), 0.0026095 secs] [Times: user=0.01 sys=0.00, real=0.01 secs] 
976.409: [GC (Allocation Failure) [PSYoungGen: 64880K->1440K(65024K)] 378521K->315081K(697344K), 0.0017879 secs] [Times: user=0.00 sys=0.00, real=0.00 secs] 
977.024: [GC (Allocation Failure) [PSYoungGen: 64928K->1344K(65024K)] 378569K->314985K(697344K), 0.0020858 secs] [Times: user=0.01 sys=0.00, real=0.00 secs] 
977.633: [GC (Allocation Failure) [PSYoungGen: 64832K->1392K(65024K)] 378473K->315041K(697344K), 0.0021818 secs] [Times: user=0.01 sys=0.00, real=0.00 secs] 
978.195: [GC (Allocation Failure) [PSYoungGen: 64880K->1408K(65024K)] 378529K->315057K(697344K), 0.0024243 secs] [Times: user=0.01 sys=0.00, real=0.00 secs] 
978.973: [GC (Allocation Failure) [PSYoungGen: 64896K->1376K(65024K)] 378545K->315025K(697344K), 0.0027588 secs] [Times: user=0.01 sys=0.00, real=0.00 secs] 
981.929: [GC (Allocation Failure) [PSYoungGen: 64864K->1408K(65024K)] 378513K->315057K(697344K), 0.0045199 secs] [Times: user=0.01 sys=0.01, real=0.00 secs] 
982.348: [GC (Allocation Failure) [PSYoungGen: 64896K->1344K(65024K)] 378545K->314993K(697344K), 0.0021140 secs] [Times: user=0.01 sys=0.00, real=0.01 secs] 
982.613: [GC (Allocation Failure) [PSYoungGen: 64832K->1344K(65024K)] 378481K->314993K(697344K), 0.0020421 secs] [Times: user=0.01 sys=0.00, real=0.00 secs] 
983.326: [GC (Allocation Failure) [PSYoungGen: 64832K->1408K(65024K)] 378481K->315057K(697344K), 0.0052224 secs] [Times: user=0.02 sys=0.00, real=0.01 secs] 
984.996: [GC (Allocation Failure) [PSYoungGen: 64896K->1408K(65024K)] 378545K->315057K(697344K), 0.0020131 secs] [Times: user=0.00 sys=0.00, real=0.00 secs] 
985.587: [GC (Allocation Failure) [PSYoungGen: 64896K->1376K(65024K)] 378545K->315025K(697344K), 0.0026847 secs] [Times: user=0.01 sys=0.00, real=0.01 secs] 
985.910: [GC (Allocation Failure) [PSYoungGen: 64864K->1360K(65024K)] 378513K->315017K(697344K), 0.0019573 secs] [Times: user=0.00 sys=0.00, real=0.00 secs] 
986.174: [GC (Allocation Failure) [PSYoungGen: 64848K->1344K(65024K)] 378505K->315001K(697344K), 0.0020484 secs] [Times: user=0.01 sys=0.00, real=0.00 secs] 
986.477: [GC (Allocation Failure) [PSYoungGen: 64832K->1440K(65024K)] 378489K->315097K(697344K), 0.0017855 secs] [Times: user=0.00 sys=0.00, real=0.01 secs] 
987.866: [GC (Allocation Failure) [PSYoungGen: 64928K->1408K(65024K)] 378585K->315065K(697344K), 0.0018079 secs] [Times: user=0.00 sys=0.00, real=0.00 secs] 
988.631: [GC (Allocation Failure) [PSYoungGen: 64896K->1408K(65024K)] 378553K->315065K(697344K), 0.0023814 secs] [Times: user=0.01 sys=0.00, real=0.00 secs] 
989.442: [GC (Allocation Failure) [PSYoungGen: 64896K->1408K(65024K)] 378553K->315065K(697344K), 0.0042628 secs] [Times: user=0.01 sys=0.00, real=0.00 secs] 
989.823: [GC (Allocation Failure) [PSYoungGen: 64896K->1408K(65024K)] 378553K->315065K(697344K), 0.0020766 secs] [Times: user=0.01 sys=0.00, real=0.00 secs] 
991.404: [GC (Allocation Failure) [PSYoungGen: 64896K->1408K(65024K)] 378553K->315065K(697344K), 0.0052257 secs] [Times: user=0.02 sys=0.00, real=0.01 secs] 
992.510: [GC (Allocation Failure) [PSYoungGen: 64896K->1376K(65024K)] 378553K->315033K(697344K), 0.0040011 secs] [Times: user=0.02 sys=0.00, real=0.00 secs] 
993.144: [GC (Allocation Failure) [PSYoungGen: 64864K->1344K(65024K)] 378521K->315009K(697344K), 0.0022294 secs] [Times: user=0.01 sys=0.00, real=0.00 secs] 
993.682: [GC (Allocation Failure) [PSYoungGen: 64832K->1376K(65024K)] 378497K->315041K(697344K), 0.0018539 secs] [Times: user=0.01 sys=0.00, real=0.00 secs] 
994.952: [GC (Allocation Failure) [PSYoungGen: 64864K->1504K(65024K)] 378529K->315169K(697344K), 0.0018258 secs] [Times: user=0.01 sys=0.00, real=0.00 secs] 
995.217: [GC (Allocation Failure) [PSYoungGen: 64992K->1392K(65024K)] 378657K->315057K(697344K), 0.0019075 secs] [Times: user=0.01 sys=0.00, real=0.01 secs] 
995.666: [GC (Allocation Failure) [PSYoungGen: 64880K->1344K(65024K)] 378545K->315017K(697344K), 0.0020095 secs] [Times: user=0.01 sys=0.00, real=0.00 secs] 
996.289: [GC (Allocation Failure) [PSYoungGen: 64832K->1376K(65024K)] 378505K->315049K(697344K), 0.0020741 secs] [Times: user=0.01 sys=0.00, real=0.00 secs] 
997.037: [GC (Allocation Failure) [PSYoungGen: 64864K->1376K(65024K)] 378537K->315049K(697344K), 0.0021266 secs] [Times: user=0.01 sys=0.00, real=0.01 secs] 
998.554: [GC (Allocation Failure) [PSYoungGen: 64864K->1360K(65024K)] 378537K->315033K(697344K), 0.0016865 secs] [Times: user=0.00 sys=0.00, real=0.00 secs] 
998.821: [GC (Allocation Failure) [PSYoungGen: 64848K->1376K(65024K)] 378521K->315049K(697344K), 0.0017179 secs] [Times: user=0.00 sys=0.00, real=0.00 secs] 
999.084: [GC (Allocation Failure) [PSYoungGen: 64864K->1344K(65024K)] 378537K->315017K(697344K), 0.0016501 secs] [Times: user=0.01 sys=0.00, real=0.00 secs] 
999.429: [GC (Allocation Failure) [PSYoungGen: 64832K->1408K(65024K)] 378505K->315081K(697344K), 0.0020107 secs] [Times: user=0.01 sys=0.00, real=0.00 secs] 
1000.690: [GC (Allocation Failure) [PSYoungGen: 64896K->928K(65024K)] 378569K->315625K(697344K), 0.0018714 secs] [Times: user=0.01 sys=0.00, real=0.00 secs] 
1001.340: [GC (Allocation Failure) [PSYoungGen: 64416K->320K(64512K)] 379113K->315017K(696832K), 0.0020912 secs] [Times: user=0.01 sys=0.00, real=0.00 secs] 
1001.874: [GC (Allocation Failure) [PSYoungGen: 63296K->320K(65024K)] 377993K->315025K(697344K), 0.0024921 secs] [Times: user=0.01 sys=0.00, real=0.00 secs] 
1002.394: [GC (Allocation Failure) [PSYoungGen: 63296K->352K(65024K)] 378001K->315057K(697344K), 0.0029965 secs] [Times: user=0.01 sys=0.00, real=0.00 secs] 
1003.156: [GC (Allocation Failure) [PSYoungGen: 63328K->352K(65024K)] 378033K->315057K(697344K), 0.0029615 secs] [Times: user=0.02 sys=0.00, real=0.00 secs] 
1004.644: [GC (Allocation Failure) [PSYoungGen: 63328K->1440K(65024K)] 378033K->316153K(697344K), 0.0020186 secs] [Times: user=0.01 sys=0.00, real=0.00 secs] 
1005.139: [GC (Allocation Failure) [PSYoungGen: 64416K->1408K(65024K)] 379129K->316121K(697344K), 0.0019780 secs] [Times: user=0.01 sys=0.01, real=0.00 secs] 
1005.600: [GC (Allocation Failure) [PSYoungGen: 64384K->1344K(65024K)] 379097K->316057K(697344K), 0.0019292 secs] [Times: user=0.01 sys=0.00, real=0.00 secs] 
1006.126: [GC (Allocation Failure) [PSYoungGen: 64320K->1376K(65024K)] 379033K->316089K(697344K), 0.0018096 secs] [Times: user=0.01 sys=0.00, real=0.00 secs] 
1007.362: [GC (Allocation Failure) [PSYoungGen: 64352K->1456K(64512K)] 379065K->316169K(696832K), 0.0017954 secs] [Times: user=0.00 sys=0.00, real=0.00 secs] 
1007.843: [GC (Allocation Failure) [PSYoungGen: 63920K->1376K(65024K)] 378633K->316089K(697344K), 0.0019599 secs] [Times: user=0.01 sys=0.00, real=0.00 secs] 
1008.260: [GC (Allocation Failure) [PSYoungGen: 63840K->1376K(64000K)] 378553K->316089K(696320K), 0.0021077 secs] [Times: user=0.01 sys=0.00, real=0.00 secs] 
1008.903: [GC (Allocation Failure) [PSYoungGen: 63840K->1376K(64512K)] 378553K->316089K(696832K), 0.0022669 secs] [Times: user=0.01 sys=0.00, real=0.00 secs] 
1009.465: [GC (Allocation Failure) [PSYoungGen: 63840K->1344K(64512K)] 378553K->316057K(696832K), 0.0024349 secs] [Times: user=0.01 sys=0.00, real=0.00 secs] 
1010.914: [GC (Allocation Failure) [PSYoungGen: 63808K->1344K(64512K)] 378521K->316057K(696832K), 0.0017209 secs] [Times: user=0.00 sys=0.00, real=0.00 secs] 
1011.680: [GC (Allocation Failure) [PSYoungGen: 63808K->1408K(64512K)] 378521K->316121K(696832K), 0.0023246 secs] [Times: user=0.01 sys=0.00, real=0.00 secs] 
1012.641: [GC (Allocation Failure) [PSYoungGen: 63872K->1360K(64512K)] 378585K->316073K(696832K), 0.0045074 secs] [Times: user=0.01 sys=0.00, real=0.00 secs] 
1013.155: [GC (Allocation Failure) [PSYoungGen: 63824K->1376K(64512K)] 378537K->316089K(696832K), 0.0022436 secs] [Times: user=0.01 sys=0.01, real=0.00 secs] 
1014.154: [GC (Allocation Failure) [PSYoungGen: 63840K->1952K(64512K)] 378553K->316665K(696832K), 0.0017970 secs] [Times: user=0.00 sys=0.00, real=0.00 secs] 
1014.665: [GC (Allocation Failure) [PSYoungGen: 64416K->1376K(64000K)] 379129K->316089K(696320K), 0.0016994 secs] [Times: user=0.01 sys=0.00, real=0.00 secs] 
1015.206: [GC (Allocation Failure) [PSYoungGen: 63840K->1344K(64512K)] 378553K->316073K(696832K), 0.0018242 secs] [Times: user=0.01 sys=0.00, real=0.00 secs] 
1015.569: [GC (Allocation Failure) [PSYoungGen: 63808K->1344K(64512K)] 378537K->316073K(696832K), 0.0019369 secs] [Times: user=0.01 sys=0.00, real=0.00 secs] 
1015.853: [GC (Allocation Failure) [PSYoungGen: 63808K->1376K(64512K)] 378537K->316105K(696832K), 0.0017597 secs] [Times: user=0.01 sys=0.00, real=0.00 secs] 
1016.865: [GC (Allocation Failure) [PSYoungGen: 63840K->1408K(64512K)] 378569K->316137K(696832K), 0.0016842 secs] [Times: user=0.00 sys=0.00, real=0.00 secs] 
1017.136: [GC (Allocation Failure) [PSYoungGen: 63872K->1376K(64512K)] 378601K->316105K(696832K), 0.0017210 secs] [Times: user=0.00 sys=0.00, real=0.00 secs] 
1017.413: [GC (Allocation Failure) [PSYoungGen: 63840K->1376K(64512K)] 378569K->316105K(696832K), 0.0020906 secs] [Times: user=0.01 sys=0.00, real=0.00 secs] 
1017.756: [GC (Allocation Failure) [PSYoungGen: 63840K->1392K(64512K)] 378569K->316121K(696832K), 0.0021480 secs] [Times: user=0.00 sys=0.00, real=0.00 secs] 
1018.711: [GC (Allocation Failure) [PSYoungGen: 63856K->1632K(64512K)] 378585K->316361K(696832K), 0.0016260 secs] [Times: user=0.01 sys=0.00, real=0.00 secs] 
1018.968: [GC (Allocation Failure) [PSYoungGen: 64096K->1344K(64512K)] 378825K->316073K(696832K), 0.0017086 secs] [Times: user=0.01 sys=0.00, real=0.01 secs] 
1019.246: [GC (Allocation Failure) [PSYoungGen: 63808K->1376K(64512K)] 378537K->316121K(696832K), 0.0016913 secs] [Times: user=0.01 sys=0.00, real=0.00 secs] 
1019.533: [GC (Allocation Failure) [PSYoungGen: 63840K->1376K(64512K)] 378585K->316121K(696832K), 0.0019493 secs] [Times: user=0.01 sys=0.00, real=0.00 secs] 
1019.914: [GC (Allocation Failure) [PSYoungGen: 63840K->1376K(64512K)] 378585K->316121K(696832K), 0.0019234 secs] [Times: user=0.01 sys=0.00, real=0.00 secs] 
1021.422: [GC (Allocation Failure) [PSYoungGen: 63840K->1408K(64512K)] 378585K->316153K(696832K), 0.0029863 secs] [Times: user=0.01 sys=0.00, real=0.00 secs] 
1022.217: [GC (Allocation Failure) [PSYoungGen: 63872K->1360K(64512K)] 378617K->316121K(696832K), 0.0036921 secs] [Times: user=0.02 sys=0.00, real=0.01 secs] 
1023.046: [GC (Allocation Failure) [PSYoungGen: 63824K->1344K(64512K)] 378585K->316105K(696832K), 0.0039800 secs] [Times: user=0.02 sys=0.00, real=0.01 secs] 
1023.897: [GC (Allocation Failure) [PSYoungGen: 63808K->1376K(64512K)] 378569K->316137K(696832K), 0.0030008 secs] [Times: user=0.02 sys=0.00, real=0.01 secs] 
1025.553: [GC (Allocation Failure) [PSYoungGen: 63840K->1504K(64512K)] 378601K->316265K(696832K), 0.0015707 secs] [Times: user=0.00 sys=0.00, real=0.00 secs] 
1025.996: [GC (Allocation Failure) [PSYoungGen: 63968K->1376K(64512K)] 378729K->316137K(696832K), 0.0017519 secs] [Times: user=0.01 sys=0.00, real=0.00 secs] 
1026.437: [GC (Allocation Failure) [PSYoungGen: 63840K->1376K(64512K)] 378601K->316137K(696832K), 0.0018634 secs] [Times: user=0.00 sys=0.00, real=0.01 secs] 
1026.944: [GC (Allocation Failure) [PSYoungGen: 63840K->1408K(64512K)] 378601K->316169K(696832K), 0.0031312 secs] [Times: user=0.01 sys=0.00, real=0.00 secs] 
1027.414: [GC (Allocation Failure) [PSYoungGen: 63872K->1376K(64512K)] 378633K->316137K(696832K), 0.0026560 secs] [Times: user=0.01 sys=0.00, real=0.00 secs] 
1028.560: [GC (Allocation Failure) [PSYoungGen: 63840K->1376K(64000K)] 378601K->316137K(696320K), 0.0019739 secs] [Times: user=0.01 sys=0.00, real=0.00 secs] 
1028.904: [GC (Allocation Failure) [PSYoungGen: 63840K->1408K(64000K)] 378601K->316169K(696320K), 0.0019698 secs] [Times: user=0.01 sys=0.00, real=0.00 secs] 
1029.226: [GC (Allocation Failure) [PSYoungGen: 63872K->352K(63488K)] 378633K->316137K(695808K), 0.0020634 secs] [Times: user=0.01 sys=0.00, real=0.00 secs] 
1029.486: [GC (Allocation Failure) [PSYoungGen: 62816K->352K(64512K)] 378601K->316137K(696832K), 0.0020187 secs] [Times: user=0.01 sys=0.00, real=0.00 secs] 
1030.491: [GC (Allocation Failure) [PSYoungGen: 62620K->256K(64512K)] 378405K->316041K(696832K), 0.0013999 secs] [Times: user=0.01 sys=0.00, real=0.00 secs] 
1031.983: [GC (Allocation Failure) [PSYoungGen: 62720K->1360K(64512K)] 378505K->317145K(696832K), 0.0020167 secs] [Times: user=0.01 sys=0.00, real=0.00 secs] 
1032.243: [GC (Allocation Failure) [PSYoungGen: 63824K->1344K(64512K)] 379609K->317129K(696832K), 0.0020345 secs] [Times: user=0.01 sys=0.00, real=0.00 secs] 
1032.530: [GC (Allocation Failure) [PSYoungGen: 63808K->1376K(64512K)] 379593K->317161K(696832K), 0.0020883 secs] [Times: user=0.00 sys=0.01, real=0.00 secs] 
1033.097: [GC (Allocation Failure) [PSYoungGen: 63840K->1344K(64512K)] 379625K->317129K(696832K), 0.0019196 secs] [Times: user=0.00 sys=0.01, real=0.01 secs] 
1034.594: [GC (Allocation Failure) [PSYoungGen: 63808K->1408K(64512K)] 379593K->317201K(696832K), 0.0020486 secs] [Times: user=0.01 sys=0.00, real=0.00 secs] 
1035.479: [GC (Allocation Failure) [PSYoungGen: 63872K->1376K(64512K)] 379665K->317169K(696832K), 0.0031878 secs] [Times: user=0.01 sys=0.00, real=0.00 secs] 
1035.875: [GC (Allocation Failure) [PSYoungGen: 63840K->1376K(64512K)] 379633K->317169K(696832K), 0.0020602 secs] [Times: user=0.01 sys=0.00, real=0.00 secs] 
1036.263: [GC (Allocation Failure) [PSYoungGen: 63840K->1408K(64512K)] 379633K->317201K(696832K), 0.0021220 secs] [Times: user=0.01 sys=0.00, real=0.00 secs] 
1036.751: [GC (Allocation Failure) [PSYoungGen: 63872K->1376K(64512K)] 379665K->317169K(696832K), 0.0022068 secs] [Times: user=0.01 sys=0.00, real=0.00 secs] 
1039.300: [GC (Allocation Failure) [PSYoungGen: 63840K->1408K(64512K)] 379633K->317209K(696832K), 0.0030091 secs] [Times: user=0.01 sys=0.00, real=0.00 secs] 
1039.833: [GC (Allocation Failure) [PSYoungGen: 63872K->1440K(64512K)] 379673K->317241K(696832K), 0.0033118 secs] [Times: user=0.01 sys=0.00, real=0.00 secs] 
1040.349: [GC (Allocation Failure) [PSYoungGen: 63904K->1408K(64512K)] 379705K->317209K(696832K), 0.0030708 secs] [Times: user=0.01 sys=0.00, real=0.00 secs] 
1040.876: [GC (Allocation Failure) [PSYoungGen: 63872K->1376K(64512K)] 379673K->317177K(696832K), 0.0030147 secs] [Times: user=0.01 sys=0.00, real=0.01 secs] 
1042.358: [GC (Allocation Failure) [PSYoungGen: 63840K->1408K(64512K)] 379641K->317217K(696832K), 0.0018815 secs] [Times: user=0.01 sys=0.00, real=0.01 secs] 
1043.316: [GC (Allocation Failure) [PSYoungGen: 63872K->1392K(64512K)] 379681K->317201K(696832K), 0.0049004 secs] [Times: user=0.01 sys=0.00, real=0.01 secs] 
1044.383: [GC (Allocation Failure) [PSYoungGen: 63856K->1376K(64512K)] 379665K->317185K(696832K), 0.0049079 secs] [Times: user=0.02 sys=0.00, real=0.00 secs] 
1045.127: [GC (Allocation Failure) [PSYoungGen: 63840K->1424K(64512K)] 379649K->317233K(696832K), 0.0037538 secs] [Times: user=0.02 sys=0.00, real=0.01 secs] 
1045.817: [GC (Allocation Failure) [PSYoungGen: 63888K->1440K(64512K)] 379697K->317249K(696832K), 0.0040672 secs] [Times: user=0.02 sys=0.00, real=0.01 secs] 
1046.954: [GC (Allocation Failure) [PSYoungGen: 63904K->1440K(64512K)] 379713K->317257K(696832K), 0.0017536 secs] [Times: user=0.01 sys=0.00, real=0.00 secs] 
1047.350: [GC (Allocation Failure) [PSYoungGen: 63904K->1376K(64512K)] 379721K->317201K(696832K), 0.0019760 secs] [Times: user=0.01 sys=0.01, real=0.00 secs] 
1047.791: [GC (Allocation Failure) [PSYoungGen: 63840K->1392K(64512K)] 379665K->317217K(696832K), 0.0023952 secs] [Times: user=0.01 sys=0.00, real=0.00 secs] 
1048.364: [GC (Allocation Failure) [PSYoungGen: 63856K->1424K(64512K)] 379681K->317249K(696832K), 0.0025045 secs] [Times: user=0.01 sys=0.00, real=0.00 secs] 
1049.789: [GC (Allocation Failure) [PSYoungGen: 63888K->1408K(64512K)] 379713K->317241K(696832K), 0.0020156 secs] [Times: user=0.01 sys=0.00, real=0.00 secs] 
1051.709: [GC (Allocation Failure) [PSYoungGen: 63872K->1376K(64512K)] 379705K->317209K(696832K), 0.0046491 secs] [Times: user=0.02 sys=0.00, real=0.00 secs] 
1052.837: [GC (Allocation Failure) [PSYoungGen: 63840K->1408K(64512K)] 379673K->317249K(696832K), 0.0046341 secs] [Times: user=0.02 sys=0.00, real=0.01 secs] 
1054.005: [GC (Allocation Failure) [PSYoungGen: 63872K->1408K(64512K)] 379713K->317249K(696832K), 0.0031415 secs] [Times: user=0.01 sys=0.00, real=0.00 secs] 
1054.528: [GC (Allocation Failure) [PSYoungGen: 63872K->1408K(64512K)] 379713K->317249K(696832K), 0.0025132 secs] [Times: user=0.00 sys=0.00, real=0.01 secs] 
1055.883: [GC (Allocation Failure) [PSYoungGen: 63872K->1408K(64512K)] 379713K->317249K(696832K), 0.0018213 secs] [Times: user=0.01 sys=0.00, real=0.00 secs] 
1056.670: [GC (Allocation Failure) [PSYoungGen: 63872K->1408K(64512K)] 379713K->317265K(696832K), 0.0023063 secs] [Times: user=0.01 sys=0.00, real=0.00 secs] 
1057.277: [GC (Allocation Failure) [PSYoungGen: 63872K->1408K(64512K)] 379729K->317265K(696832K), 0.0021351 secs] [Times: user=0.01 sys=0.00, real=0.01 secs] 
1057.867: [GC (Allocation Failure) [PSYoungGen: 63872K->1408K(64512K)] 379729K->317273K(696832K), 0.0023888 secs] [Times: user=0.01 sys=0.00, real=0.01 secs] 
1059.201: [GC (Allocation Failure) [PSYoungGen: 63872K->1440K(64512K)] 379737K->317313K(696832K), 0.0015553 secs] [Times: user=0.01 sys=0.00, real=0.00 secs] 
1059.655: [GC (Allocation Failure) [PSYoungGen: 63904K->1440K(64512K)] 379777K->317313K(696832K), 0.0031248 secs] [Times: user=0.02 sys=0.00, real=0.00 secs] 
1059.918: [GC (Allocation Failure) [PSYoungGen: 63904K->1408K(64000K)] 379777K->317289K(696320K), 0.0019053 secs] [Times: user=0.01 sys=0.00, real=0.01 secs] 
1060.177: [GC (Allocation Failure) [PSYoungGen: 63872K->1440K(64000K)] 379753K->317321K(696320K), 0.0020523 secs] [Times: user=0.01 sys=0.00, real=0.01 secs] 
1060.437: [GC (Allocation Failure) [PSYoungGen: 63904K->384K(63488K)] 379785K->317289K(695808K), 0.0019640 secs] [Times: user=0.01 sys=0.00, real=0.01 secs] 
1061.382: [GC (Allocation Failure) [PSYoungGen: 62848K->1440K(64512K)] 379753K->318345K(696832K), 0.0015964 secs] [Times: user=0.00 sys=0.00, real=0.00 secs] 
1061.647: [GC (Allocation Failure) [PSYoungGen: 63904K->1344K(64512K)] 380809K->318265K(696832K), 0.0017414 secs] [Times: user=0.01 sys=0.00, real=0.00 secs] 
1061.905: [GC (Allocation Failure) [PSYoungGen: 63808K->1344K(64512K)] 380729K->318265K(696832K), 0.0018403 secs] [Times: user=0.01 sys=0.00, real=0.00 secs] 
1062.164: [GC (Allocation Failure) [PSYoungGen: 63808K->1344K(64512K)] 380729K->318265K(696832K), 0.0015423 secs] [Times: user=0.00 sys=0.00, real=0.00 secs] 
1063.240: [GC (Allocation Failure) [PSYoungGen: 63808K->1408K(64512K)] 380729K->318345K(696832K), 0.0018358 secs] [Times: user=0.01 sys=0.00, real=0.00 secs] 
1063.840: [GC (Allocation Failure) [PSYoungGen: 63872K->1376K(64512K)] 380809K->318321K(696832K), 0.0018309 secs] [Times: user=0.01 sys=0.00, real=0.00 secs] 
1064.276: [GC (Allocation Failure) [PSYoungGen: 63840K->1408K(64512K)] 380785K->318369K(696832K), 0.0021187 secs] [Times: user=0.01 sys=0.00, real=0.00 secs] 
1064.769: [GC (Allocation Failure) [PSYoungGen: 63872K->1408K(64512K)] 380833K->318369K(696832K), 0.0018657 secs] [Times: user=0.01 sys=0.00, real=0.00 secs] 
1065.304: [GC (Allocation Failure) [PSYoungGen: 63872K->1408K(64512K)] 380833K->318369K(696832K), 0.0019767 secs] [Times: user=0.01 sys=0.00, real=0.00 secs] 
1067.454: [GC (Allocation Failure) [PSYoungGen: 63872K->1440K(64512K)] 380833K->318401K(696832K), 0.0049195 secs] [Times: user=0.02 sys=0.00, real=0.01 secs] 
1068.006: [GC (Allocation Failure) [PSYoungGen: 63904K->1472K(64512K)] 380865K->318441K(696832K), 0.0027255 secs] [Times: user=0.01 sys=0.00, real=0.00 secs] 
1068.520: [GC (Allocation Failure) [PSYoungGen: 63936K->1424K(64512K)] 380905K->318393K(696832K), 0.0023546 secs] [Times: user=0.01 sys=0.00, real=0.00 secs] 
1069.027: [GC (Allocation Failure) [PSYoungGen: 63888K->1408K(64512K)] 380857K->318377K(696832K), 0.0037277 secs] [Times: user=0.01 sys=0.00, real=0.01 secs] 
1070.290: [GC (Allocation Failure) [PSYoungGen: 63872K->1424K(64512K)] 380841K->318393K(696832K), 0.0020266 secs] [Times: user=0.01 sys=0.00, real=0.00 secs] 
1070.764: [GC (Allocation Failure) [PSYoungGen: 63888K->1392K(64512K)] 380857K->318361K(696832K), 0.0019590 secs] [Times: user=0.01 sys=0.00, real=0.00 secs] 
1071.458: [GC (Allocation Failure) [PSYoungGen: 63856K->1440K(64512K)] 380825K->318409K(696832K), 0.0023894 secs] [Times: user=0.01 sys=0.00, real=0.01 secs] 
1072.304: [GC (Allocation Failure) [PSYoungGen: 63904K->1440K(64512K)] 380873K->318409K(696832K), 0.0028719 secs] [Times: user=0.02 sys=0.00, real=0.00 secs] 
1073.157: [GC (Allocation Failure) [PSYoungGen: 63904K->1408K(64512K)] 380873K->318377K(696832K), 0.0023455 secs] [Times: user=0.01 sys=0.00, real=0.01 secs] 
1075.101: [GC (Allocation Failure) [PSYoungGen: 63872K->1440K(64512K)] 380841K->318409K(696832K), 0.0040640 secs] [Times: user=0.01 sys=0.00, real=0.00 secs] 
1075.412: [GC (Allocation Failure) [PSYoungGen: 63904K->1440K(64512K)] 380873K->318409K(696832K), 0.0021834 secs] [Times: user=0.01 sys=0.00, real=0.00 secs] 
1075.696: [GC (Allocation Failure) [PSYoungGen: 63904K->1408K(64512K)] 380873K->318393K(696832K), 0.0020370 secs] [Times: user=0.01 sys=0.00, real=0.00 secs] 
1075.961: [GC (Allocation Failure) [PSYoungGen: 63872K->1376K(64512K)] 380857K->318361K(696832K), 0.0020598 secs] [Times: user=0.01 sys=0.00, real=0.00 secs] 
1077.094: [GC (Allocation Failure) [PSYoungGen: 63840K->1408K(64000K)] 380825K->318393K(696320K), 0.0019841 secs] [Times: user=0.00 sys=0.00, real=0.00 secs] 
1077.639: [GC (Allocation Failure) [PSYoungGen: 63872K->1376K(64000K)] 380857K->318361K(696320K), 0.0022152 secs] [Times: user=0.01 sys=0.00, real=0.00 secs] 
1078.166: [GC (Allocation Failure) [PSYoungGen: 63840K->1360K(64000K)] 380825K->318345K(696320K), 0.0021837 secs] [Times: user=0.01 sys=0.00, real=0.00 secs] 
1078.684: [GC (Allocation Failure) [PSYoungGen: 63824K->1376K(64000K)] 380809K->318361K(696320K), 0.0020782 secs] [Times: user=0.01 sys=0.00, real=0.00 secs] 
1079.327: [GC (Allocation Failure) [PSYoungGen: 63840K->1328K(64000K)] 380825K->318313K(696320K), 0.0024712 secs] [Times: user=0.01 sys=0.00, real=0.01 secs] 
1080.967: [GC (Allocation Failure) [PSYoungGen: 63792K->1440K(64000K)] 380777K->318425K(696320K), 0.0050896 secs] [Times: user=0.02 sys=0.00, real=0.01 secs] 
1081.425: [GC (Allocation Failure) [PSYoungGen: 63904K->1408K(64000K)] 380889K->318393K(696320K), 0.0019491 secs] [Times: user=0.01 sys=0.00, real=0.00 secs] 
1081.742: [GC (Allocation Failure) [PSYoungGen: 63872K->1344K(64000K)] 380857K->318329K(696320K), 0.0019180 secs] [Times: user=0.01 sys=0.00, real=0.00 secs] 
1082.002: [GC (Allocation Failure) [PSYoungGen: 63808K->1376K(64000K)] 380793K->318361K(696320K), 0.0019638 secs] [Times: user=0.01 sys=0.00, real=0.00 secs] 
1083.285: [GC (Allocation Failure) [PSYoungGen: 63840K->1392K(64000K)] 380825K->318377K(696320K), 0.0023617 secs] [Times: user=0.01 sys=0.00, real=0.00 secs] 
1084.736: [GC (Allocation Failure) [PSYoungGen: 63856K->1392K(64000K)] 380841K->318377K(696320K), 0.0047787 secs] [Times: user=0.02 sys=0.00, real=0.01 secs] 
1085.455: [GC (Allocation Failure) [PSYoungGen: 63856K->1440K(64000K)] 380841K->318433K(696320K), 0.0026479 secs] [Times: user=0.01 sys=0.00, real=0.00 secs] 
1086.042: [GC (Allocation Failure) [PSYoungGen: 63904K->1376K(64000K)] 380897K->318369K(696320K), 0.0034292 secs] [Times: user=0.02 sys=0.00, real=0.00 secs] 
1086.523: [GC (Allocation Failure) [PSYoungGen: 63840K->1440K(64000K)] 380833K->318433K(696320K), 0.0028044 secs] [Times: user=0.01 sys=0.00, real=0.00 secs] 
1088.437: [GC (Allocation Failure) [PSYoungGen: 63904K->1408K(64000K)] 380897K->318401K(696320K), 0.0031641 secs] [Times: user=0.01 sys=0.00, real=0.01 secs] 
1089.425: [GC (Allocation Failure) [PSYoungGen: 63872K->1344K(64000K)] 380865K->318337K(696320K), 0.0040988 secs] [Times: user=0.02 sys=0.00, real=0.01 secs] 
1090.280: [GC (Allocation Failure) [PSYoungGen: 63808K->1376K(64000K)] 380801K->318369K(696320K), 0.0034337 secs] [Times: user=0.02 sys=0.00, real=0.00 secs] 
1091.306: [GC (Allocation Failure) [PSYoungGen: 63840K->1360K(64000K)] 380833K->318353K(696320K), 0.0031698 secs] [Times: user=0.02 sys=0.00, real=0.01 secs] 
1093.153: [GC (Allocation Failure) [PSYoungGen: 63824K->1408K(64000K)] 380817K->319425K(696320K), 0.0020776 secs] [Times: user=0.00 sys=0.00, real=0.00 secs] 
1095.421: [GC (Allocation Failure) [PSYoungGen: 63872K->1344K(64000K)] 381889K->319361K(696320K), 0.0028839 secs] [Times: user=0.01 sys=0.00, real=0.00 secs] 
1096.241: [GC (Allocation Failure) [PSYoungGen: 63808K->1344K(64000K)] 381825K->319361K(696320K), 0.0022072 secs] [Times: user=0.01 sys=0.00, real=0.00 secs] 
1097.505: [GC (Allocation Failure) [PSYoungGen: 63808K->1408K(64000K)] 381825K->319425K(696320K), 0.0028500 secs] [Times: user=0.01 sys=0.00, real=0.00 secs] 
1098.265: [GC (Allocation Failure) [PSYoungGen: 63872K->1408K(64000K)] 381889K->319425K(696320K), 0.0034551 secs] [Times: user=0.01 sys=0.00, real=0.00 secs] 
1099.536: [GC (Allocation Failure) [PSYoungGen: 63872K->1408K(64000K)] 381889K->319433K(696320K), 0.0018153 secs] [Times: user=0.01 sys=0.00, real=0.00 secs] 
1099.849: [GC (Allocation Failure) [PSYoungGen: 63872K->1376K(64000K)] 381897K->319401K(696320K), 0.0021051 secs] [Times: user=0.01 sys=0.00, real=0.00 secs] 
1100.348: [GC (Allocation Failure) [PSYoungGen: 63840K->1376K(64000K)] 381865K->319409K(696320K), 0.0022912 secs] [Times: user=0.01 sys=0.00, real=0.01 secs] 
1100.853: [GC (Allocation Failure) [PSYoungGen: 63840K->1376K(64000K)] 381873K->319409K(696320K), 0.0023961 secs] [Times: user=0.01 sys=0.00, real=0.00 secs] 
1102.131: [GC (Allocation Failure) [PSYoungGen: 63443K->1504K(64000K)] 381476K->319593K(696320K), 0.0017577 secs] [Times: user=0.01 sys=0.00, real=0.00 secs] 
1102.462: [GC (Allocation Failure) [PSYoungGen: 63968K->1344K(64000K)] 382057K->319433K(696320K), 0.0023175 secs] [Times: user=0.01 sys=0.00, real=0.00 secs] 
1102.765: [GC (Allocation Failure) [PSYoungGen: 63808K->1312K(64000K)] 381897K->319401K(696320K), 0.0018796 secs] [Times: user=0.01 sys=0.00, real=0.00 secs] 
1103.268: [GC (Allocation Failure) [PSYoungGen: 63776K->1312K(64000K)] 381865K->319401K(696320K), 0.0019277 secs] [Times: user=0.00 sys=0.00, real=0.01 secs] 
1103.793: [GC (Allocation Failure) [PSYoungGen: 63776K->1312K(64000K)] 381865K->319401K(696320K), 0.0021085 secs] [Times: user=0.00 sys=0.00, real=0.00 secs] 
1105.298: [GC (Allocation Failure) [PSYoungGen: 63776K->1504K(64000K)] 381865K->319632K(696320K), 0.0040972 secs] [Times: user=0.01 sys=0.00, real=0.01 secs] 
1106.009: [GC (Allocation Failure) [PSYoungGen: 63968K->1584K(64512K)] 382096K->319720K(696832K), 0.0029173 secs] [Times: user=0.01 sys=0.00, real=0.00 secs] 
1106.827: [GC (Allocation Failure) [PSYoungGen: 64048K->1584K(64512K)] 382184K->319720K(696832K), 0.0034485 secs] [Times: user=0.01 sys=0.00, real=0.01 secs] 
1107.650: [GC (Allocation Failure) [PSYoungGen: 64048K->1584K(64512K)] 382184K->319720K(696832K), 0.0030858 secs] [Times: user=0.02 sys=0.00, real=0.00 secs] 
1109.192: [GC (Allocation Failure) [PSYoungGen: 64048K->1792K(64512K)] 382184K->319928K(696832K), 0.0019793 secs] [Times: user=0.00 sys=0.00, real=0.00 secs] 
1109.823: [GC (Allocation Failure) [PSYoungGen: 64256K->1616K(64512K)] 382392K->319752K(696832K), 0.0021832 secs] [Times: user=0.01 sys=0.00, real=0.00 secs] 
1110.347: [GC (Allocation Failure) [PSYoungGen: 64080K->1648K(64512K)] 382216K->319784K(696832K), 0.0024057 secs] [Times: user=0.01 sys=0.00, real=0.01 secs] 
1110.840: [GC (Allocation Failure) [PSYoungGen: 64112K->1664K(64512K)] 382248K->319800K(696832K), 0.0022702 secs] [Times: user=0.01 sys=0.00, real=0.00 secs] 
1111.426: [GC (Allocation Failure) [PSYoungGen: 64128K->1584K(64512K)] 382264K->319720K(696832K), 0.0060418 secs] [Times: user=0.03 sys=0.00, real=0.01 secs] 
1112.591: [GC (Allocation Failure) [PSYoungGen: 64048K->1664K(64512K)] 382184K->319800K(696832K), 0.0016812 secs] [Times: user=0.01 sys=0.00, real=0.00 secs] 
1112.917: [GC (Allocation Failure) [PSYoungGen: 64128K->1440K(64512K)] 382264K->319774K(696832K), 0.0016274 secs] [Times: user=0.01 sys=0.00, real=0.01 secs] 
1113.307: [GC (Allocation Failure) [PSYoungGen: 63904K->1440K(64512K)] 382238K->319774K(696832K), 0.0031353 secs] [Times: user=0.01 sys=0.00, real=0.01 secs] 
1113.845: [GC (Allocation Failure) [PSYoungGen: 63904K->1440K(64512K)] 382238K->319782K(696832K), 0.0028752 secs] [Times: user=0.01 sys=0.01, real=0.00 secs] 
1115.457: [GC (Allocation Failure) [PSYoungGen: 63697K->352K(64512K)] 382039K->318694K(696832K), 0.0013973 secs] [Times: user=0.00 sys=0.01, real=0.00 secs] 
1115.814: [GC (Allocation Failure) [PSYoungGen: 62816K->1440K(64512K)] 381158K->319790K(696832K), 0.0017994 secs] [Times: user=0.01 sys=0.00, real=0.00 secs] 
1116.074: [GC (Allocation Failure) [PSYoungGen: 63904K->1392K(64512K)] 382254K->319806K(696832K), 0.0019849 secs] [Times: user=0.00 sys=0.00, real=0.00 secs] 
1116.359: [GC (Allocation Failure) [PSYoungGen: 63856K->1376K(64512K)] 382270K->319790K(696832K), 0.0021668 secs] [Times: user=0.01 sys=0.00, real=0.00 secs] 
1116.627: [GC (Allocation Failure) [PSYoungGen: 63840K->1440K(64512K)] 382254K->319854K(696832K), 0.0027358 secs] [Times: user=0.01 sys=0.00, real=0.01 secs] 
1117.659: [GC (Allocation Failure) [PSYoungGen: 63904K->1392K(64512K)] 382318K->319806K(696832K), 0.0017197 secs] [Times: user=0.00 sys=0.00, real=0.00 secs] 
1117.921: [GC (Allocation Failure) [PSYoungGen: 63856K->1328K(64512K)] 382270K->319750K(696832K), 0.0017342 secs] [Times: user=0.01 sys=0.00, real=0.00 secs] 
1118.242: [GC (Allocation Failure) [PSYoungGen: 63792K->1408K(64512K)] 382214K->319830K(696832K), 0.0026850 secs] [Times: user=0.01 sys=0.00, real=0.00 secs] 
1118.515: [GC (Allocation Failure) [PSYoungGen: 63872K->1360K(64512K)] 382294K->319782K(696832K), 0.0026384 secs] [Times: user=0.01 sys=0.00, real=0.00 secs] 
1118.826: [GC (Allocation Failure) [PSYoungGen: 63806K->288K(64512K)] 382228K->318710K(696832K), 0.0019766 secs] [Times: user=0.01 sys=0.00, real=0.00 secs] 
1119.788: [GC (Allocation Failure) [PSYoungGen: 62752K->1440K(64512K)] 381174K->319862K(696832K), 0.0016564 secs] [Times: user=0.01 sys=0.00, real=0.01 secs] 
1120.123: [GC (Allocation Failure) [PSYoungGen: 63904K->1376K(64512K)] 382326K->319798K(696832K), 0.0016119 secs] [Times: user=0.01 sys=0.00, real=0.00 secs] 
1120.546: [GC (Allocation Failure) [PSYoungGen: 63840K->1376K(64512K)] 382262K->319798K(696832K), 0.0026330 secs] [Times: user=0.01 sys=0.00, real=0.00 secs] 
1121.095: [GC (Allocation Failure) [PSYoungGen: 63840K->1408K(64512K)] 382262K->319830K(696832K), 0.0023438 secs] [Times: user=0.01 sys=0.00, real=0.00 secs] 
1122.350: [GC (Allocation Failure) [PSYoungGen: 63872K->1408K(64512K)] 382294K->319846K(696832K), 0.0016966 secs] [Times: user=0.01 sys=0.00, real=0.00 secs] 
1122.956: [GC (Allocation Failure) [PSYoungGen: 63872K->1376K(64512K)] 382310K->319814K(696832K), 0.0019811 secs] [Times: user=0.01 sys=0.00, real=0.00 secs] 
1123.569: [GC (Allocation Failure) [PSYoungGen: 63840K->1376K(64512K)] 382278K->319814K(696832K), 0.0019484 secs] [Times: user=0.01 sys=0.00, real=0.00 secs] 
1124.211: [GC (Allocation Failure) [PSYoungGen: 63840K->1312K(64512K)] 382278K->319750K(696832K), 0.0019280 secs] [Times: user=0.01 sys=0.00, real=0.00 secs] 
1124.900: [GC (Allocation Failure) [PSYoungGen: 63776K->1376K(64512K)] 382214K->319814K(696832K), 0.0019807 secs] [Times: user=0.01 sys=0.00, real=0.00 secs] 
1126.044: [GC (Allocation Failure) [PSYoungGen: 63840K->1376K(64512K)] 382278K->319814K(696832K), 0.0017406 secs] [Times: user=0.01 sys=0.00, real=0.00 secs] 
1126.346: [GC (Allocation Failure) [PSYoungGen: 63840K->1424K(64512K)] 382278K->319862K(696832K), 0.0018663 secs] [Times: user=0.01 sys=0.00, real=0.00 secs] 
1126.606: [GC (Allocation Failure) [PSYoungGen: 63888K->1376K(64512K)] 382326K->319814K(696832K), 0.0020383 secs] [Times: user=0.01 sys=0.00, real=0.00 secs] 
1126.882: [GC (Allocation Failure) [PSYoungGen: 63840K->1344K(64512K)] 382278K->319782K(696832K), 0.0020636 secs] [Times: user=0.01 sys=0.00, real=0.00 secs] 
1129.659: [GC (Allocation Failure) [PSYoungGen: 63808K->1408K(64512K)] 382246K->319846K(696832K), 0.0048521 secs] [Times: user=0.02 sys=0.00, real=0.00 secs] 
1131.020: [GC (Allocation Failure) [PSYoungGen: 63872K->1408K(64512K)] 382310K->319846K(696832K), 0.0027755 secs] [Times: user=0.01 sys=0.00, real=0.00 secs] 
1131.676: [GC (Allocation Failure) [PSYoungGen: 63872K->1344K(64512K)] 382310K->319782K(696832K), 0.0021358 secs] [Times: user=0.01 sys=0.00, real=0.00 secs] 
1132.396: [GC (Allocation Failure) [PSYoungGen: 63808K->1376K(64512K)] 382246K->319814K(696832K), 0.0033603 secs] [Times: user=0.02 sys=0.00, real=0.01 secs] 
1133.008: [GC (Allocation Failure) [PSYoungGen: 63840K->1376K(64512K)] 382278K->319814K(696832K), 0.0051250 secs] [Times: user=0.02 sys=0.00, real=0.01 secs] 
1134.292: [GC (Allocation Failure) [PSYoungGen: 63840K->1376K(64000K)] 382278K->319814K(696320K), 0.0021183 secs] [Times: user=0.01 sys=0.00, real=0.00 secs] 
1134.595: [GC (Allocation Failure) [PSYoungGen: 63840K->1376K(64000K)] 382278K->319814K(696320K), 0.0020132 secs] [Times: user=0.01 sys=0.00, real=0.00 secs] 
1134.882: [GC (Allocation Failure) [PSYoungGen: 63840K->320K(63488K)] 382278K->319782K(695808K), 0.0019483 secs] [Times: user=0.01 sys=0.00, real=0.00 secs] 
1135.142: [GC (Allocation Failure) [PSYoungGen: 62784K->320K(64512K)] 382246K->319790K(696832K), 0.0019450 secs] [Times: user=0.01 sys=0.00, real=0.00 secs] 
1136.302: [GC (Allocation Failure) [PSYoungGen: 62784K->1424K(64512K)] 382254K->320894K(696832K), 0.0023992 secs] [Times: user=0.01 sys=0.00, real=0.00 secs] 
1136.690: [GC (Allocation Failure) [PSYoungGen: 63888K->1344K(64512K)] 383358K->320814K(696832K), 0.0018971 secs] [Times: user=0.01 sys=0.00, real=0.00 secs] 
1136.949: [GC (Allocation Failure) [PSYoungGen: 63808K->1360K(64512K)] 383278K->320830K(696832K), 0.0017813 secs] [Times: user=0.01 sys=0.00, real=0.00 secs] 
1137.209: [GC (Allocation Failure) [PSYoungGen: 63824K->1376K(64512K)] 383294K->320846K(696832K), 0.0019451 secs] [Times: user=0.00 sys=0.00, real=0.00 secs] 
1137.665: [GC (Allocation Failure) [PSYoungGen: 63840K->1376K(64512K)] 383310K->320846K(696832K), 0.0019916 secs] [Times: user=0.00 sys=0.00, real=0.00 secs] 
1139.274: [GC (Allocation Failure) [PSYoungGen: 63840K->1408K(64512K)] 383310K->320878K(696832K), 0.0027316 secs] [Times: user=0.01 sys=0.00, real=0.00 secs] 
1140.152: [GC (Allocation Failure) [PSYoungGen: 63872K->1344K(64512K)] 383342K->320822K(696832K), 0.0021508 secs] [Times: user=0.01 sys=0.00, real=0.00 secs] 
1140.884: [GC (Allocation Failure) [PSYoungGen: 63808K->1344K(64512K)] 383286K->320822K(696832K), 0.0021832 secs] [Times: user=0.01 sys=0.00, real=0.00 secs] 
1142.116: [GC (Allocation Failure) [PSYoungGen: 63808K->1376K(64512K)] 383286K->320854K(696832K), 0.0022796 secs] [Times: user=0.01 sys=0.00, real=0.00 secs] 
1143.043: [GC (Allocation Failure) [PSYoungGen: 63840K->1344K(64512K)] 383318K->320822K(696832K), 0.0024728 secs] [Times: user=0.01 sys=0.00, real=0.00 secs] 
1143.809: [GC (Allocation Failure) [PSYoungGen: 63808K->1344K(64512K)] 383286K->320822K(696832K), 0.0026894 secs] [Times: user=0.01 sys=0.00, real=0.00 secs] 
1144.470: [GC (Allocation Failure) [PSYoungGen: 63808K->1360K(64512K)] 383286K->320846K(696832K), 0.0022020 secs] [Times: user=0.00 sys=0.00, real=0.00 secs] 
1146.060: [GC (Allocation Failure) [PSYoungGen: 63824K->1344K(64512K)] 383310K->320830K(696832K), 0.0016849 secs] [Times: user=0.00 sys=0.00, real=0.00 secs] 
1146.810: [GC (Allocation Failure) [PSYoungGen: 63808K->1360K(64512K)] 383294K->320846K(696832K), 0.0041821 secs] [Times: user=0.01 sys=0.00, real=0.00 secs] 
1147.437: [GC (Allocation Failure) [PSYoungGen: 63824K->1344K(64512K)] 383310K->320830K(696832K), 0.0030399 secs] [Times: user=0.01 sys=0.00, real=0.01 secs] 
1147.720: [GC (Allocation Failure) [PSYoungGen: 63808K->1376K(64512K)] 383294K->320862K(696832K), 0.0019885 secs] [Times: user=0.01 sys=0.00, real=0.00 secs] 
1148.076: [GC (Allocation Failure) [PSYoungGen: 63840K->1376K(64512K)] 383326K->320862K(696832K), 0.0018930 secs] [Times: user=0.01 sys=0.00, real=0.00 secs] 
1149.692: [GC (Allocation Failure) [PSYoungGen: 63840K->1408K(64512K)] 383326K->320894K(696832K), 0.0021088 secs] [Times: user=0.01 sys=0.00, real=0.00 secs] 
1150.704: [GC (Allocation Failure) [PSYoungGen: 63872K->1376K(64512K)] 383358K->320862K(696832K), 0.0045712 secs] [Times: user=0.02 sys=0.01, real=0.00 secs] 
1151.354: [GC (Allocation Failure) [PSYoungGen: 63840K->1376K(64512K)] 383326K->320862K(696832K), 0.0023131 secs] [Times: user=0.01 sys=0.00, real=0.00 secs] 
1152.000: [GC (Allocation Failure) [PSYoungGen: 63840K->1360K(64512K)] 383326K->320846K(696832K), 0.0026588 secs] [Times: user=0.01 sys=0.00, real=0.00 secs] 
1153.501: [GC (Allocation Failure) [PSYoungGen: 63824K->1376K(64512K)] 383310K->320862K(696832K), 0.0018130 secs] [Times: user=0.01 sys=0.00, real=0.00 secs] 
1154.181: [GC (Allocation Failure) [PSYoungGen: 63840K->1408K(64512K)] 383326K->320894K(696832K), 0.0030091 secs] [Times: user=0.01 sys=0.01, real=0.00 secs] 
1154.828: [GC (Allocation Failure) [PSYoungGen: 63872K->1408K(64512K)] 383358K->320894K(696832K), 0.0028235 secs] [Times: user=0.01 sys=0.00, real=0.01 secs] 
1156.004: [GC (Allocation Failure) [PSYoungGen: 63872K->1376K(64512K)] 383358K->320862K(696832K), 0.0034316 secs] [Times: user=0.02 sys=0.00, real=0.00 secs] 
1156.885: [GC (Allocation Failure) [PSYoungGen: 63840K->1376K(64000K)] 383326K->320870K(696320K), 0.0034586 secs] [Times: user=0.01 sys=0.00, real=0.00 secs] 
1158.064: [GC (Allocation Failure) [PSYoungGen: 63840K->1408K(64000K)] 383334K->320902K(696320K), 0.0018492 secs] [Times: user=0.00 sys=0.00, real=0.00 secs] 
1158.362: [GC (Allocation Failure) [PSYoungGen: 63872K->1376K(64000K)] 383366K->320870K(696320K), 0.0017401 secs] [Times: user=0.00 sys=0.00, real=0.00 secs] 
1158.665: [GC (Allocation Failure) [PSYoungGen: 63840K->1360K(64000K)] 383334K->320854K(696320K), 0.0017842 secs] [Times: user=0.00 sys=0.00, real=0.00 secs] 
1159.174: [GC (Allocation Failure) [PSYoungGen: 63824K->1376K(64000K)] 383318K->320870K(696320K), 0.0023272 secs] [Times: user=0.01 sys=0.00, real=0.00 secs] 
1160.406: [GC (Allocation Failure) [PSYoungGen: 63840K->1440K(64000K)] 383334K->320934K(696320K), 0.0017294 secs] [Times: user=0.01 sys=0.00, real=0.00 secs] 
1160.735: [GC (Allocation Failure) [PSYoungGen: 63904K->1344K(64000K)] 383398K->320838K(696320K), 0.0019147 secs] [Times: user=0.00 sys=0.00, real=0.00 secs] 
1161.065: [GC (Allocation Failure) [PSYoungGen: 63808K->1344K(64000K)] 383302K->320838K(696320K), 0.0019723 secs] [Times: user=0.00 sys=0.00, real=0.00 secs] 
1161.576: [GC (Allocation Failure) [PSYoungGen: 63808K->1376K(64000K)] 383302K->320870K(696320K), 0.0018354 secs] [Times: user=0.00 sys=0.00, real=0.00 secs] 
1162.240: [GC (Allocation Failure) [PSYoungGen: 63840K->1376K(64000K)] 383334K->320870K(696320K), 0.0034440 secs] [Times: user=0.01 sys=0.00, real=0.00 secs] 
1164.123: [GC (Allocation Failure) [PSYoungGen: 63840K->1408K(64000K)] 383334K->320902K(696320K), 0.0048752 secs] [Times: user=0.02 sys=0.00, real=0.00 secs] 
1165.140: [GC (Allocation Failure) [PSYoungGen: 63872K->1392K(64000K)] 383366K->320894K(696320K), 0.0051891 secs] [Times: user=0.03 sys=0.00, real=0.00 secs] 
1166.114: [GC (Allocation Failure) [PSYoungGen: 63856K->1408K(64000K)] 383358K->320910K(696320K), 0.0034852 secs] [Times: user=0.02 sys=0.00, real=0.00 secs] 
1166.634: [GC (Allocation Failure) [PSYoungGen: 63872K->1376K(64000K)] 383374K->320878K(696320K), 0.0026798 secs] [Times: user=0.01 sys=0.00, real=0.00 secs] 
1167.820: [GC (Allocation Failure) [PSYoungGen: 63840K->1408K(64000K)] 383342K->320910K(696320K), 0.0019318 secs] [Times: user=0.00 sys=0.00, real=0.00 secs] 
1168.079: [GC (Allocation Failure) [PSYoungGen: 63872K->1408K(64000K)] 383374K->320910K(696320K), 0.0017349 secs] [Times: user=0.01 sys=0.00, real=0.00 secs] 
1168.354: [GC (Allocation Failure) [PSYoungGen: 63872K->1376K(64000K)] 383374K->320878K(696320K), 0.0017178 secs] [Times: user=0.00 sys=0.00, real=0.00 secs] 
1168.613: [GC (Allocation Failure) [PSYoungGen: 63840K->1408K(64000K)] 383342K->320910K(696320K), 0.0018672 secs] [Times: user=0.01 sys=0.00, real=0.00 secs] 
1168.945: [GC (Allocation Failure) [PSYoungGen: 63872K->1344K(64000K)] 383374K->320846K(696320K), 0.0019728 secs] [Times: user=0.01 sys=0.00, real=0.00 secs] 
1171.065: [GC (Allocation Failure) [PSYoungGen: 63808K->1376K(64000K)] 383310K->320878K(696320K), 0.0039780 secs] [Times: user=0.02 sys=0.00, real=0.01 secs] 
1171.854: [GC (Allocation Failure) [PSYoungGen: 63840K->1376K(64000K)] 383342K->320878K(696320K), 0.0031463 secs] [Times: user=0.01 sys=0.00, real=0.00 secs] 
1172.938: [GC (Allocation Failure) [PSYoungGen: 63840K->1376K(64000K)] 383342K->320878K(696320K), 0.0035188 secs] [Times: user=0.02 sys=0.00, real=0.01 secs] 
1173.588: [GC (Allocation Failure) [PSYoungGen: 63840K->1408K(64000K)] 383342K->320910K(696320K), 0.0029423 secs] [Times: user=0.01 sys=0.01, real=0.01 secs] 
1175.172: [GC (Allocation Failure) [PSYoungGen: 63872K->1408K(64000K)] 383374K->320910K(696320K), 0.0020271 secs] [Times: user=0.00 sys=0.00, real=0.00 secs] 
1176.392: [GC (Allocation Failure) [PSYoungGen: 63872K->1408K(64000K)] 383374K->320910K(696320K), 0.0030234 secs] [Times: user=0.01 sys=0.00, real=0.00 secs] 
1176.929: [GC (Allocation Failure) [PSYoungGen: 63872K->1376K(64000K)] 383374K->320886K(696320K), 0.0040063 secs] [Times: user=0.02 sys=0.00, real=0.00 secs] 
1177.220: [GC (Allocation Failure) [PSYoungGen: 63840K->1392K(64000K)] 383350K->320902K(696320K), 0.0022963 secs] [Times: user=0.00 sys=0.00, real=0.00 secs] 
1177.472: [GC (Allocation Failure) [PSYoungGen: 63856K->1344K(64000K)] 383366K->320854K(696320K), 0.0018336 secs] [Times: user=0.00 sys=0.00, real=0.00 secs] 
1179.233: [GC (Allocation Failure) [PSYoungGen: 63808K->1440K(64000K)] 383318K->320950K(696320K), 0.0043990 secs] [Times: user=0.02 sys=0.00, real=0.00 secs] 
1179.940: [GC (Allocation Failure) [PSYoungGen: 63904K->1408K(64000K)] 383414K->320918K(696320K), 0.0024474 secs] [Times: user=0.01 sys=0.00, real=0.00 secs] 
1180.199: [GC (Allocation Failure) [PSYoungGen: 63872K->1408K(64000K)] 383382K->320918K(696320K), 0.0020012 secs] [Times: user=0.00 sys=0.00, real=0.00 secs] 
1180.458: [GC (Allocation Failure) [PSYoungGen: 63872K->1376K(64000K)] 383382K->320886K(696320K), 0.0020109 secs] [Times: user=0.01 sys=0.00, real=0.01 secs] 
1181.757: [GC (Allocation Failure) [PSYoungGen: 63840K->880K(64000K)] 383350K->321414K(696320K), 0.0021548 secs] [Times: user=0.01 sys=0.00, real=0.01 secs] 
1183.281: [GC (Allocation Failure) [PSYoungGen: 63344K->416K(63488K)] 383878K->320950K(695808K), 0.0047573 secs] [Times: user=0.02 sys=0.00, real=0.00 secs] 
1183.643: [GC (Allocation Failure) [PSYoungGen: 62368K->352K(64000K)] 382902K->320894K(696320K), 0.0020398 secs] [Times: user=0.01 sys=0.00, real=0.00 secs] 
1183.901: [GC (Allocation Failure) [PSYoungGen: 62304K->384K(64000K)] 382846K->320926K(696320K), 0.0019567 secs] [Times: user=0.01 sys=0.00, real=0.00 secs] 
1184.159: [GC (Allocation Failure) [PSYoungGen: 62336K->320K(64000K)] 382878K->320862K(696320K), 0.0018584 secs] [Times: user=0.00 sys=0.00, real=0.00 secs] 
1185.117: [GC (Allocation Failure) [PSYoungGen: 62272K->1440K(64000K)] 382814K->321990K(696320K), 0.0017213 secs] [Times: user=0.01 sys=0.00, real=0.01 secs] 
1185.374: [GC (Allocation Failure) [PSYoungGen: 63392K->1344K(64000K)] 383942K->321894K(696320K), 0.0016739 secs] [Times: user=0.01 sys=0.00, real=0.00 secs] 
1185.631: [GC (Allocation Failure) [PSYoungGen: 63296K->1408K(64000K)] 383846K->321958K(696320K), 0.0017775 secs] [Times: user=0.00 sys=0.00, real=0.00 secs] 
1185.888: [GC (Allocation Failure) [PSYoungGen: 63360K->1408K(64000K)] 383910K->321958K(696320K), 0.0018617 secs] [Times: user=0.00 sys=0.00, real=0.01 secs] 
1186.901: [GC (Allocation Failure) [PSYoungGen: 63360K->1472K(63488K)] 383910K->322022K(695808K), 0.0017567 secs] [Times: user=0.01 sys=0.00, real=0.00 secs] 
1187.155: [GC (Allocation Failure) [PSYoungGen: 62912K->1408K(64000K)] 383462K->321958K(696320K), 0.0017788 secs] [Times: user=0.01 sys=0.00, real=0.00 secs] 
1187.464: [GC (Allocation Failure) [PSYoungGen: 62848K->1408K(64000K)] 383398K->321982K(696320K), 0.0016867 secs] [Times: user=0.00 sys=0.00, real=0.00 secs] 
1187.719: [GC (Allocation Failure) [PSYoungGen: 62848K->1376K(62976K)] 383422K->321950K(695296K), 0.0020095 secs] [Times: user=0.00 sys=0.00, real=0.00 secs] 
1188.058: [GC (Allocation Failure) [PSYoungGen: 62816K->1408K(63488K)] 383390K->321982K(695808K), 0.0018715 secs] [Times: user=0.00 sys=0.00, real=0.01 secs] 
1189.282: [GC (Allocation Failure) [PSYoungGen: 62848K->1408K(63488K)] 383422K->321982K(695808K), 0.0018591 secs] [Times: user=0.00 sys=0.00, real=0.00 secs] 
1190.135: [GC (Allocation Failure) [PSYoungGen: 62848K->1408K(63488K)] 383422K->321982K(695808K), 0.0021236 secs] [Times: user=0.01 sys=0.00, real=0.00 secs] 
1190.994: [GC (Allocation Failure) [PSYoungGen: 62848K->1376K(63488K)] 383422K->321950K(695808K), 0.0026667 secs] [Times: user=0.01 sys=0.00, real=0.00 secs] 
1191.630: [GC (Allocation Failure) [PSYoungGen: 62816K->1376K(63488K)] 383390K->321958K(695808K), 0.0027914 secs] [Times: user=0.01 sys=0.00, real=0.00 secs] 
1192.284: [GC (Allocation Failure) [PSYoungGen: 62816K->1344K(63488K)] 383398K->321926K(695808K), 0.0026522 secs] [Times: user=0.01 sys=0.00, real=0.00 secs] 
1194.215: [GC (Allocation Failure) [PSYoungGen: 62784K->1344K(63488K)] 383366K->321926K(695808K), 0.0022482 secs] [Times: user=0.01 sys=0.00, real=0.00 secs] 
1194.583: [GC (Allocation Failure) [PSYoungGen: 62784K->1408K(63488K)] 383366K->321998K(695808K), 0.0018828 secs] [Times: user=0.00 sys=0.00, real=0.00 secs] 
1195.097: [GC (Allocation Failure) [PSYoungGen: 62848K->1376K(63488K)] 383438K->321966K(695808K), 0.0025544 secs] [Times: user=0.01 sys=0.00, real=0.01 secs] 
1195.630: [GC (Allocation Failure) [PSYoungGen: 62816K->1408K(63488K)] 383406K->321998K(695808K), 0.0031063 secs] [Times: user=0.01 sys=0.00, real=0.00 secs] 
1196.836: [GC (Allocation Failure) [PSYoungGen: 62848K->1376K(63488K)] 383438K->321966K(695808K), 0.0017411 secs] [Times: user=0.01 sys=0.00, real=0.00 secs] 
1197.092: [GC (Allocation Failure) [PSYoungGen: 62816K->1376K(63488K)] 383406K->321966K(695808K), 0.0018264 secs] [Times: user=0.01 sys=0.00, real=0.00 secs] 
1197.378: [GC (Allocation Failure) [PSYoungGen: 62816K->1376K(63488K)] 383406K->321966K(695808K), 0.0017516 secs] [Times: user=0.01 sys=0.00, real=0.01 secs] 
1197.634: [GC (Allocation Failure) [PSYoungGen: 62816K->1408K(63488K)] 383406K->321998K(695808K), 0.0017658 secs] [Times: user=0.01 sys=0.00, real=0.00 secs] 
1197.955: [GC (Allocation Failure) [PSYoungGen: 62848K->1344K(63488K)] 383438K->321934K(695808K), 0.0016832 secs] [Times: user=0.01 sys=0.00, real=0.00 secs] 
1199.257: [GC (Allocation Failure) [PSYoungGen: 62784K->1392K(63488K)] 383374K->321982K(695808K), 0.0033859 secs] [Times: user=0.01 sys=0.00, real=0.01 secs] 
1200.043: [GC (Allocation Failure) [PSYoungGen: 62832K->1408K(63488K)] 383422K->321998K(695808K), 0.0050981 secs] [Times: user=0.02 sys=0.00, real=0.00 secs] 
1200.704: [GC (Allocation Failure) [PSYoungGen: 62848K->1344K(63488K)] 383438K->321934K(695808K), 0.0039414 secs] [Times: user=0.01 sys=0.00, real=0.00 secs] 
1200.982: [GC (Allocation Failure) [PSYoungGen: 62784K->1376K(63488K)] 383374K->321966K(695808K), 0.0018014 secs] [Times: user=0.01 sys=0.00, real=0.00 secs] 
1201.998: [GC (Allocation Failure) [PSYoungGen: 62665K->1552K(63488K)] 383255K->322142K(695808K), 0.0017575 secs] [Times: user=0.00 sys=0.00, real=0.01 secs] 
1202.710: [GC (Allocation Failure) [PSYoungGen: 62992K->1376K(63488K)] 383582K->321966K(695808K), 0.0020491 secs] [Times: user=0.01 sys=0.00, real=0.00 secs] 
1203.303: [GC (Allocation Failure) [PSYoungGen: 62816K->1408K(63488K)] 383406K->322014K(695808K), 0.0023420 secs] [Times: user=0.01 sys=0.00, real=0.00 secs] 
1203.764: [GC (Allocation Failure) [PSYoungGen: 62848K->1408K(63488K)] 383454K->322014K(695808K), 0.0020199 secs] [Times: user=0.01 sys=0.00, real=0.00 secs] 
1204.019: [GC (Allocation Failure) [PSYoungGen: 62848K->1408K(63488K)] 383454K->322014K(695808K), 0.0019310 secs] [Times: user=0.00 sys=0.00, real=0.00 secs] 
1205.088: [GC (Allocation Failure) [PSYoungGen: 62848K->1440K(63488K)] 383454K->322046K(695808K), 0.0022039 secs] [Times: user=0.01 sys=0.00, real=0.01 secs] 
1205.634: [GC (Allocation Failure) [PSYoungGen: 62880K->1376K(63488K)] 383486K->321982K(695808K), 0.0021867 secs] [Times: user=0.00 sys=0.00, real=0.00 secs] 
1206.171: [GC (Allocation Failure) [PSYoungGen: 62816K->1408K(63488K)] 383422K->322014K(695808K), 0.0020774 secs] [Times: user=0.01 sys=0.00, real=0.00 secs] 
1206.480: [GC (Allocation Failure) [PSYoungGen: 62848K->1360K(63488K)] 383454K->321966K(695808K), 0.0019075 secs] [Times: user=0.01 sys=0.00, real=0.00 secs] 
1206.794: [GC (Allocation Failure) [PSYoungGen: 62800K->1376K(62976K)] 383406K->321982K(695296K), 0.0017873 secs] [Times: user=0.00 sys=0.00, real=0.00 secs] 
1208.358: [GC (Allocation Failure) [PSYoungGen: 62816K->1440K(62976K)] 383422K->322046K(695296K), 0.0033503 secs] [Times: user=0.01 sys=0.00, real=0.01 secs] 
1209.044: [GC (Allocation Failure) [PSYoungGen: 62880K->352K(62464K)] 383486K->321982K(694784K), 0.0030003 secs] [Times: user=0.01 sys=0.00, real=0.00 secs] 
1209.861: [GC (Allocation Failure) [PSYoungGen: 61792K->384K(63488K)] 383422K->322014K(695808K), 0.0026036 secs] [Times: user=0.01 sys=0.00, real=0.00 secs] 
1210.365: [GC (Allocation Failure) [PSYoungGen: 61824K->352K(63488K)] 383454K->321982K(695808K), 0.0022145 secs] [Times: user=0.01 sys=0.00, real=0.00 secs] 
1211.468: [GC (Allocation Failure) [PSYoungGen: 61792K->1376K(63488K)] 383422K->323006K(695808K), 0.0016996 secs] [Times: user=0.01 sys=0.00, real=0.01 secs] 
1211.924: [GC (Allocation Failure) [PSYoungGen: 62816K->1344K(63488K)] 384446K->322990K(695808K), 0.0016764 secs] [Times: user=0.01 sys=0.00, real=0.00 secs] 
1212.419: [GC (Allocation Failure) [PSYoungGen: 62784K->1408K(63488K)] 384430K->323054K(695808K), 0.0046762 secs] [Times: user=0.02 sys=0.00, real=0.00 secs] 
1212.875: [GC (Allocation Failure) [PSYoungGen: 62848K->1376K(63488K)] 384494K->323022K(695808K), 0.0036500 secs] [Times: user=0.01 sys=0.00, real=0.01 secs] 
1213.444: [GC (Allocation Failure) [PSYoungGen: 62816K->1376K(63488K)] 384462K->323038K(695808K), 0.0031881 secs] [Times: user=0.01 sys=0.00, real=0.00 secs] 
1215.108: [GC (Allocation Failure) [PSYoungGen: 62816K->1408K(63488K)] 384478K->323078K(695808K), 0.0022330 secs] [Times: user=0.01 sys=0.00, real=0.01 secs] 
1216.121: [GC (Allocation Failure) [PSYoungGen: 62848K->1344K(63488K)] 384518K->323014K(695808K), 0.0040915 secs] [Times: user=0.01 sys=0.00, real=0.00 secs] 
1217.035: [GC (Allocation Failure) [PSYoungGen: 62784K->1344K(63488K)] 384454K->323014K(695808K), 0.0033905 secs] [Times: user=0.01 sys=0.00, real=0.00 secs] 
1217.973: [GC (Allocation Failure) [PSYoungGen: 62784K->1376K(63488K)] 384454K->323046K(695808K), 0.0031080 secs] [Times: user=0.01 sys=0.00, real=0.00 secs] 
1219.559: [GC (Allocation Failure) [PSYoungGen: 62816K->1664K(63488K)] 384486K->323334K(695808K), 0.0017951 secs] [Times: user=0.01 sys=0.00, real=0.01 secs] 
1220.098: [GC (Allocation Failure) [PSYoungGen: 63104K->1376K(63488K)] 384774K->323046K(695808K), 0.0027491 secs] [Times: user=0.01 sys=0.00, real=0.01 secs] 
1220.602: [GC (Allocation Failure) [PSYoungGen: 62816K->1408K(63488K)] 384486K->323078K(695808K), 0.0021947 secs] [Times: user=0.01 sys=0.00, real=0.00 secs] 
1221.072: [GC (Allocation Failure) [PSYoungGen: 62848K->1376K(63488K)] 384518K->323046K(695808K), 0.0024936 secs] [Times: user=0.01 sys=0.00, real=0.00 secs] 
1221.339: [GC (Allocation Failure) [PSYoungGen: 62816K->1408K(63488K)] 384486K->323078K(695808K), 0.0019706 secs] [Times: user=0.01 sys=0.00, real=0.00 secs] 
1222.767: [GC (Allocation Failure) [PSYoungGen: 62848K->1376K(63488K)] 384518K->323046K(695808K), 0.0019038 secs] [Times: user=0.01 sys=0.00, real=0.01 secs] 
1223.908: [GC (Allocation Failure) [PSYoungGen: 62816K->1408K(63488K)] 384486K->323078K(695808K), 0.0033502 secs] [Times: user=0.01 sys=0.00, real=0.01 secs] 
1224.842: [GC (Allocation Failure) [PSYoungGen: 62848K->1376K(63488K)] 384518K->323046K(695808K), 0.0032655 secs] [Times: user=0.01 sys=0.00, real=0.00 secs] 
1225.580: [GC (Allocation Failure) [PSYoungGen: 62816K->1392K(63488K)] 384486K->323062K(695808K), 0.0051685 secs] [Times: user=0.02 sys=0.00, real=0.00 secs] 
1226.448: [GC (Allocation Failure) [PSYoungGen: 62832K->1408K(63488K)] 384502K->323078K(695808K), 0.0029345 secs] [Times: user=0.01 sys=0.00, real=0.01 secs] 
1227.558: [GC (Allocation Failure) [PSYoungGen: 62848K->1376K(63488K)] 384518K->323054K(695808K), 0.0018900 secs] [Times: user=0.01 sys=0.01, real=0.01 secs] 
1228.035: [GC (Allocation Failure) [PSYoungGen: 62816K->1408K(63488K)] 384494K->323086K(695808K), 0.0019463 secs] [Times: user=0.01 sys=0.00, real=0.00 secs] 
1228.587: [GC (Allocation Failure) [PSYoungGen: 62848K->1344K(63488K)] 384526K->323022K(695808K), 0.0021574 secs] [Times: user=0.01 sys=0.00, real=0.01 secs] 
1229.157: [GC (Allocation Failure) [PSYoungGen: 62784K->1376K(63488K)] 384462K->323054K(695808K), 0.0020058 secs] [Times: user=0.01 sys=0.00, real=0.01 secs] 
1230.448: [GC (Allocation Failure) [PSYoungGen: 62816K->1408K(63488K)] 384494K->323086K(695808K), 0.0017098 secs] [Times: user=0.00 sys=0.00, real=0.01 secs] 
1230.703: [GC (Allocation Failure) [PSYoungGen: 62848K->1376K(63488K)] 384526K->323054K(695808K), 0.0016184 secs] [Times: user=0.00 sys=0.00, real=0.00 secs] 
1231.253: [GC (Allocation Failure) [PSYoungGen: 62816K->1344K(63488K)] 384494K->323022K(695808K), 0.0021588 secs] [Times: user=0.01 sys=0.00, real=0.00 secs] 
1231.832: [GC (Allocation Failure) [PSYoungGen: 62784K->1344K(63488K)] 384462K->323022K(695808K), 0.0020882 secs] [Times: user=0.01 sys=0.00, real=0.00 secs] 
1232.619: [GC (Allocation Failure) [PSYoungGen: 62784K->1408K(63488K)] 384462K->323086K(695808K), 0.0031094 secs] [Times: user=0.01 sys=0.00, real=0.00 secs] 
1234.429: [GC (Allocation Failure) [PSYoungGen: 62848K->1408K(63488K)] 384526K->323086K(695808K), 0.0027895 secs] [Times: user=0.01 sys=0.00, real=0.00 secs] 
1235.469: [GC (Allocation Failure) [PSYoungGen: 62848K->1376K(62976K)] 384526K->323054K(695296K), 0.0052051 secs] [Times: user=0.02 sys=0.00, real=0.00 secs] 
1235.971: [GC (Allocation Failure) [PSYoungGen: 62816K->1376K(62976K)] 384494K->323070K(695296K), 0.0023300 secs] [Times: user=0.01 sys=0.00, real=0.00 secs] 
1236.246: [GC (Allocation Failure) [PSYoungGen: 62816K->304K(62464K)] 384510K->323022K(694784K), 0.0020910 secs] [Times: user=0.01 sys=0.00, real=0.00 secs] 
1237.456: [GC (Allocation Failure) [PSYoungGen: 61744K->1696K(63488K)] 384462K->324414K(695808K), 0.0030486 secs] [Times: user=0.01 sys=0.00, real=0.01 secs] 
1238.884: [GC (Allocation Failure) [PSYoungGen: 63136K->1376K(63488K)] 385854K->324094K(695808K), 0.0047658 secs] [Times: user=0.02 sys=0.00, real=0.01 secs] 
1239.624: [GC (Allocation Failure) [PSYoungGen: 62816K->1440K(63488K)] 385534K->324158K(695808K), 0.0027844 secs] [Times: user=0.01 sys=0.00, real=0.00 secs] 
1240.127: [GC (Allocation Failure) [PSYoungGen: 62880K->1408K(63488K)] 385598K->324126K(695808K), 0.0026281 secs] [Times: user=0.01 sys=0.00, real=0.01 secs] 
1240.620: [GC (Allocation Failure) [PSYoungGen: 62848K->1408K(63488K)] 385566K->324126K(695808K), 0.0026053 secs] [Times: user=0.01 sys=0.00, real=0.00 secs] 
1241.980: [GC (Allocation Failure) [PSYoungGen: 62848K->1408K(63488K)] 385566K->324126K(695808K), 0.0020546 secs] [Times: user=0.01 sys=0.00, real=0.00 secs] 
1242.813: [GC (Allocation Failure) [PSYoungGen: 62848K->1360K(63488K)] 385566K->324078K(695808K), 0.0022069 secs] [Times: user=0.01 sys=0.00, real=0.00 secs] 
1243.298: [GC (Allocation Failure) [PSYoungGen: 62800K->1376K(63488K)] 385518K->324094K(695808K), 0.0023339 secs] [Times: user=0.01 sys=0.00, real=0.01 secs] 
1243.816: [GC (Allocation Failure) [PSYoungGen: 62816K->1408K(63488K)] 385534K->324126K(695808K), 0.0025457 secs] [Times: user=0.01 sys=0.00, real=0.01 secs] 
1244.347: [GC (Allocation Failure) [PSYoungGen: 62848K->1376K(63488K)] 385566K->324094K(695808K), 0.0022551 secs] [Times: user=0.01 sys=0.00, real=0.01 secs] 
1245.477: [GC (Allocation Failure) [PSYoungGen: 62816K->1408K(63488K)] 385534K->324126K(695808K), 0.0019298 secs] [Times: user=0.01 sys=0.00, real=0.01 secs] 
1245.828: [GC (Allocation Failure) [PSYoungGen: 62848K->1344K(63488K)] 385566K->324070K(695808K), 0.0019773 secs] [Times: user=0.00 sys=0.00, real=0.01 secs] 
1246.083: [GC (Allocation Failure) [PSYoungGen: 62784K->1312K(63488K)] 385510K->324038K(695808K), 0.0019202 secs] [Times: user=0.01 sys=0.00, real=0.00 secs] 
1246.339: [GC (Allocation Failure) [PSYoungGen: 62752K->1344K(63488K)] 385478K->324070K(695808K), 0.0019643 secs] [Times: user=0.01 sys=0.00, real=0.01 secs] 
1248.771: [GC (Allocation Failure) [PSYoungGen: 62784K->1408K(63488K)] 385510K->324134K(695808K), 0.0046851 secs] [Times: user=0.02 sys=0.01, real=0.00 secs] 
1249.799: [GC (Allocation Failure) [PSYoungGen: 62848K->1344K(63488K)] 385574K->324070K(695808K), 0.0046539 secs] [Times: user=0.02 sys=0.00, real=0.00 secs] 
1250.876: [GC (Allocation Failure) [PSYoungGen: 62784K->1344K(62976K)] 385510K->324070K(695296K), 0.0057672 secs] [Times: user=0.02 sys=0.00, real=0.01 secs] 
1251.773: [GC (Allocation Failure) [PSYoungGen: 62784K->1344K(62976K)] 385510K->324070K(695296K), 0.0027778 secs] [Times: user=0.01 sys=0.00, real=0.00 secs] 
1252.595: [GC (Allocation Failure) [PSYoungGen: 62784K->1424K(62976K)] 385510K->324150K(695296K), 0.0031248 secs] [Times: user=0.01 sys=0.00, real=0.00 secs] 
1254.082: [GC (Allocation Failure) [PSYoungGen: 62864K->1376K(62976K)] 385590K->324110K(695296K), 0.0020869 secs] [Times: user=0.01 sys=0.00, real=0.00 secs] 
1254.598: [GC (Allocation Failure) [PSYoungGen: 62816K->1424K(62976K)] 385550K->324174K(695296K), 0.0021292 secs] [Times: user=0.01 sys=0.00, real=0.01 secs] 
1255.168: [GC (Allocation Failure) [PSYoungGen: 62864K->1472K(62464K)] 385614K->324222K(694784K), 0.0018268 secs] [Times: user=0.01 sys=0.00, real=0.01 secs] 
1255.720: [GC (Allocation Failure) [PSYoungGen: 62400K->1440K(62976K)] 385150K->324190K(695296K), 0.0021331 secs] [Times: user=0.01 sys=0.00, real=0.00 secs] 
1256.906: [GC (Allocation Failure) [PSYoungGen: 62368K->1696K(62976K)] 385118K->324470K(695296K), 0.0017984 secs] [Times: user=0.00 sys=0.00, real=0.00 secs] 
1257.822: [GC (Allocation Failure) [PSYoungGen: 62624K->1408K(62976K)] 385398K->324182K(695296K), 0.0021342 secs] [Times: user=0.01 sys=0.00, real=0.00 secs] 
1258.601: [GC (Allocation Failure) [PSYoungGen: 62336K->1440K(62976K)] 385110K->324214K(695296K), 0.0024719 secs] [Times: user=0.01 sys=0.00, real=0.00 secs] 
1259.371: [GC (Allocation Failure) [PSYoungGen: 62368K->1408K(62976K)] 385142K->324182K(695296K), 0.0031628 secs] [Times: user=0.01 sys=0.00, real=0.00 secs] 
1260.364: [GC (Allocation Failure) [PSYoungGen: 62336K->1472K(62976K)] 385110K->324246K(695296K), 0.0033202 secs] [Times: user=0.01 sys=0.00, real=0.00 secs] 
1261.695: [GC (Allocation Failure) [PSYoungGen: 62400K->1472K(62976K)] 385174K->324254K(695296K), 0.0019197 secs] [Times: user=0.00 sys=0.00, real=0.00 secs] 
1261.948: [GC (Allocation Failure) [PSYoungGen: 62400K->1392K(62976K)] 385182K->324198K(695296K), 0.0017161 secs] [Times: user=0.00 sys=0.00, real=0.01 secs] 
1262.245: [GC (Allocation Failure) [PSYoungGen: 62320K->1392K(62976K)] 385126K->324198K(695296K), 0.0017954 secs] [Times: user=0.01 sys=0.00, real=0.00 secs] 
1262.497: [GC (Allocation Failure) [PSYoungGen: 62320K->1408K(62976K)] 385126K->324214K(695296K), 0.0017564 secs] [Times: user=0.01 sys=0.01, real=0.01 secs] 
1262.750: [GC (Allocation Failure) [PSYoungGen: 62336K->1408K(62976K)] 385142K->324214K(695296K), 0.0015984 secs] [Times: user=0.01 sys=0.00, real=0.00 secs] 
1264.506: [GC (Allocation Failure) [PSYoungGen: 62336K->1408K(62976K)] 385142K->324222K(695296K), 0.0044175 secs] [Times: user=0.02 sys=0.00, real=0.01 secs] 
1264.965: [GC (Allocation Failure) [PSYoungGen: 62336K->1344K(62976K)] 385150K->324174K(695296K), 0.0019847 secs] [Times: user=0.00 sys=0.00, real=0.00 secs] 
1265.252: [GC (Allocation Failure) [PSYoungGen: 62272K->1440K(62976K)] 385102K->324270K(695296K), 0.0019942 secs] [Times: user=0.01 sys=0.00, real=0.00 secs] 
1265.664: [GC (Allocation Failure) [PSYoungGen: 62368K->1376K(62464K)] 385198K->324206K(694784K), 0.0022899 secs] [Times: user=0.01 sys=0.00, real=0.00 secs] 
1267.005: [GC (Allocation Failure) [PSYoungGen: 62304K->1408K(62464K)] 385134K->324246K(694784K), 0.0018573 secs] [Times: user=0.01 sys=0.00, real=0.00 secs] 
1267.842: [GC (Allocation Failure) [PSYoungGen: 62336K->1344K(62464K)] 385174K->324182K(694784K), 0.0019050 secs] [Times: user=0.01 sys=0.00, real=0.00 secs] 
1268.772: [GC (Allocation Failure) [PSYoungGen: 62272K->1376K(62464K)] 385110K->324214K(694784K), 0.0023127 secs] [Times: user=0.01 sys=0.00, real=0.00 secs] 
1269.516: [GC (Allocation Failure) [PSYoungGen: 62304K->1376K(62464K)] 385142K->324214K(694784K), 0.0028327 secs] [Times: user=0.01 sys=0.00, real=0.01 secs] 
1270.085: [GC (Allocation Failure) [PSYoungGen: 62304K->1408K(62464K)] 385142K->324246K(694784K), 0.0026967 secs] [Times: user=0.01 sys=0.00, real=0.00 secs] 
1271.346: [GC (Allocation Failure) [PSYoungGen: 62336K->1408K(62464K)] 385174K->324246K(694784K), 0.0020310 secs] [Times: user=0.00 sys=0.00, real=0.00 secs] 
1272.088: [GC (Allocation Failure) [PSYoungGen: 62336K->1392K(62464K)] 385174K->324238K(694784K), 0.0031601 secs] [Times: user=0.01 sys=0.00, real=0.01 secs] 
1272.864: [GC (Allocation Failure) [PSYoungGen: 62320K->1344K(62464K)] 385166K->324190K(694784K), 0.0032369 secs] [Times: user=0.01 sys=0.00, real=0.00 secs] 
1273.508: [GC (Allocation Failure) [PSYoungGen: 62272K->1408K(62464K)] 385118K->324254K(694784K), 0.0026839 secs] [Times: user=0.01 sys=0.00, real=0.01 secs] 
1274.087: [GC (Allocation Failure) [PSYoungGen: 62336K->1392K(62464K)] 385182K->324238K(694784K), 0.0034826 secs] [Times: user=0.01 sys=0.00, real=0.01 secs] 
1275.543: [GC (Allocation Failure) [PSYoungGen: 62320K->1440K(62464K)] 385166K->324286K(694784K), 0.0021912 secs] [Times: user=0.01 sys=0.00, real=0.00 secs] 
1276.137: [GC (Allocation Failure) [PSYoungGen: 62368K->1376K(62464K)] 385214K->324238K(694784K), 0.0037030 secs] [Times: user=0.02 sys=0.00, real=0.01 secs] 
1276.448: [GC (Allocation Failure) [PSYoungGen: 62304K->1408K(62464K)] 385166K->324270K(694784K), 0.0019523 secs] [Times: user=0.00 sys=0.00, real=0.01 secs] 
1276.739: [GC (Allocation Failure) [PSYoungGen: 62336K->1376K(62464K)] 385198K->324238K(694784K), 0.0020201 secs] [Times: user=0.01 sys=0.00, real=0.01 secs] 
1277.687: [GC (Allocation Failure) [PSYoungGen: 62304K->1424K(62464K)] 385166K->324286K(694784K), 0.0014855 secs] [Times: user=0.01 sys=0.00, real=0.01 secs] 
1278.144: [GC (Allocation Failure) [PSYoungGen: 62352K->1376K(62464K)] 385214K->324246K(694784K), 0.0016567 secs] [Times: user=0.01 sys=0.00, real=0.00 secs] 
1278.810: [GC (Allocation Failure) [PSYoungGen: 62304K->1408K(62464K)] 385174K->324278K(694784K), 0.0023880 secs] [Times: user=0.01 sys=0.00, real=0.00 secs] 
1279.377: [GC (Allocation Failure) [PSYoungGen: 62336K->1376K(62464K)] 385206K->324246K(694784K), 0.0024960 secs] [Times: user=0.01 sys=0.00, real=0.01 secs] 
1280.004: [GC (Allocation Failure) [PSYoungGen: 62304K->1440K(62464K)] 385174K->324310K(694784K), 0.0026839 secs] [Times: user=0.01 sys=0.00, real=0.00 secs] 
1281.118: [GC (Allocation Failure) [PSYoungGen: 62368K->1440K(62464K)] 385238K->324318K(694784K), 0.0014423 secs] [Times: user=0.00 sys=0.00, real=0.01 secs] 
1281.388: [GC (Allocation Failure) [PSYoungGen: 62368K->1408K(62464K)] 385246K->324286K(694784K), 0.0018163 secs] [Times: user=0.00 sys=0.00, real=0.01 secs] 
1281.641: [GC (Allocation Failure) [PSYoungGen: 62336K->1376K(62464K)] 385214K->324254K(694784K), 0.0017199 secs] [Times: user=0.01 sys=0.00, real=0.00 secs] 
1281.941: [GC (Allocation Failure) [PSYoungGen: 62304K->1408K(62464K)] 385182K->324286K(694784K), 0.0018467 secs] [Times: user=0.01 sys=0.00, real=0.00 secs] 
1282.284: [GC (Allocation Failure) [PSYoungGen: 62230K->320K(62464K)] 385109K->323222K(694784K), 0.0019838 secs] [Times: user=0.01 sys=0.00, real=0.00 secs] 
1283.608: [GC (Allocation Failure) [PSYoungGen: 61248K->1440K(62976K)] 384150K->324342K(695296K), 0.0029868 secs] [Times: user=0.01 sys=0.00, real=0.01 secs] 
1284.131: [GC (Allocation Failure) [PSYoungGen: 62368K->1408K(62976K)] 385270K->324318K(695296K), 0.0025634 secs] [Times: user=0.01 sys=0.01, real=0.00 secs] 
1284.624: [GC (Allocation Failure) [PSYoungGen: 62336K->1376K(62976K)] 385246K->324286K(695296K), 0.0023406 secs] [Times: user=0.00 sys=0.00, real=0.00 secs] 
1285.110: [GC (Allocation Failure) [PSYoungGen: 62304K->1408K(62976K)] 385214K->324318K(695296K), 0.0024204 secs] [Times: user=0.01 sys=0.00, real=0.00 secs] 
1286.276: [GC (Allocation Failure) [PSYoungGen: 62336K->1408K(62976K)] 385246K->324318K(695296K), 0.0018420 secs] [Times: user=0.01 sys=0.00, real=0.00 secs] 
1286.660: [GC (Allocation Failure) [PSYoungGen: 62336K->1376K(62976K)] 385246K->324286K(695296K), 0.0022616 secs] [Times: user=0.01 sys=0.00, real=0.00 secs] 
1287.176: [GC (Allocation Failure) [PSYoungGen: 62304K->1408K(62976K)] 385214K->324318K(695296K), 0.0021967 secs] [Times: user=0.01 sys=0.00, real=0.00 secs] 
1287.716: [GC (Allocation Failure) [PSYoungGen: 62336K->1376K(62976K)] 385246K->324286K(695296K), 0.0021100 secs] [Times: user=0.01 sys=0.00, real=0.00 secs] 
1288.255: [GC (Allocation Failure) [PSYoungGen: 62304K->1408K(62976K)] 385214K->324318K(695296K), 0.0021676 secs] [Times: user=0.01 sys=0.00, real=0.00 secs] 
1289.314: [GC (Allocation Failure) [PSYoungGen: 62336K->1408K(62976K)] 385246K->324318K(695296K), 0.0015219 secs] [Times: user=0.01 sys=0.01, real=0.00 secs] 
1289.567: [GC (Allocation Failure) [PSYoungGen: 62336K->1376K(62976K)] 385246K->324294K(695296K), 0.0016639 secs] [Times: user=0.01 sys=0.00, real=0.01 secs] 
1289.819: [GC (Allocation Failure) [PSYoungGen: 62304K->1376K(62976K)] 385222K->324294K(695296K), 0.0015052 secs] [Times: user=0.00 sys=0.00, real=0.00 secs] 
1290.072: [GC (Allocation Failure) [PSYoungGen: 62304K->1392K(62976K)] 385222K->324310K(695296K), 0.0015370 secs] [Times: user=0.01 sys=0.00, real=0.00 secs] 
1291.005: [GC (Allocation Failure) [PSYoungGen: 62320K->1552K(62976K)] 385238K->324470K(695296K), 0.0014835 secs] [Times: user=0.01 sys=0.00, real=0.00 secs] 
1291.254: [GC (Allocation Failure) [PSYoungGen: 62480K->1360K(62976K)] 385398K->324278K(695296K), 0.0016094 secs] [Times: user=0.00 sys=0.00, real=0.00 secs] 
1291.506: [GC (Allocation Failure) [PSYoungGen: 62288K->1376K(62976K)] 385206K->324310K(695296K), 0.0015011 secs] [Times: user=0.00 sys=0.00, real=0.00 secs] 
1291.759: [GC (Allocation Failure) [PSYoungGen: 62304K->1344K(62976K)] 385238K->324278K(695296K), 0.0016150 secs] [Times: user=0.01 sys=0.00, real=0.00 secs] 
1292.011: [GC (Allocation Failure) [PSYoungGen: 62272K->1312K(62976K)] 385206K->324246K(695296K), 0.0016595 secs] [Times: user=0.01 sys=0.00, real=0.00 secs] 
1293.140: [GC (Allocation Failure) [PSYoungGen: 62240K->1344K(62464K)] 385174K->324286K(694784K), 0.0020521 secs] [Times: user=0.01 sys=0.00, real=0.00 secs] 
1293.860: [GC (Allocation Failure) [PSYoungGen: 62272K->1376K(62464K)] 385214K->324318K(694784K), 0.0022744 secs] [Times: user=0.01 sys=0.01, real=0.00 secs] 
1294.615: [GC (Allocation Failure) [PSYoungGen: 62304K->352K(61952K)] 385246K->324318K(694272K), 0.0033895 secs] [Times: user=0.02 sys=0.00, real=0.01 secs] 
1295.426: [GC (Allocation Failure) [PSYoungGen: 61280K->352K(62976K)] 385246K->324318K(695296K), 0.0033697 secs] [Times: user=0.01 sys=0.00, real=0.01 secs] 
1296.330: [GC (Allocation Failure) [PSYoungGen: 61280K->320K(62976K)] 385246K->324286K(695296K), 0.0043043 secs] [Times: user=0.02 sys=0.00, real=0.00 secs] 
1297.730: [GC (Allocation Failure) [PSYoungGen: 61248K->1408K(62976K)] 385214K->325374K(695296K), 0.0018492 secs] [Times: user=0.00 sys=0.00, real=0.00 secs] 
1298.287: [GC (Allocation Failure) [PSYoungGen: 62336K->1376K(62976K)] 386302K->325342K(695296K), 0.0033215 secs] [Times: user=0.02 sys=0.00, real=0.01 secs] 
1298.659: [GC (Allocation Failure) [PSYoungGen: 62304K->1376K(62976K)] 386270K->325342K(695296K), 0.0019868 secs] [Times: user=0.01 sys=0.00, real=0.00 secs] 
1298.914: [GC (Allocation Failure) [PSYoungGen: 62304K->1408K(62976K)] 386270K->325374K(695296K), 0.0019684 secs] [Times: user=0.01 sys=0.00, real=0.00 secs] 
1300.081: [GC (Allocation Failure) [PSYoungGen: 62336K->1952K(62976K)] 386302K->325918K(695296K), 0.0021423 secs] [Times: user=0.01 sys=0.00, real=0.00 secs] 
1300.675: [GC (Allocation Failure) [PSYoungGen: 62880K->1376K(63488K)] 386846K->325342K(695808K), 0.0027141 secs] [Times: user=0.01 sys=0.00, real=0.00 secs] 
1301.173: [GC (Allocation Failure) [PSYoungGen: 62304K->1344K(62464K)] 386270K->325310K(694784K), 0.0021987 secs] [Times: user=0.01 sys=0.00, real=0.00 secs] 
1301.768: [GC (Allocation Failure) [PSYoungGen: 62272K->1376K(62976K)] 386238K->325342K(695296K), 0.0022769 secs] [Times: user=0.01 sys=0.00, real=0.01 secs] 
1302.549: [GC (Allocation Failure) [PSYoungGen: 62304K->1408K(62976K)] 386270K->325374K(695296K), 0.0032101 secs] [Times: user=0.01 sys=0.00, real=0.01 secs] 
1304.470: [GC (Allocation Failure) [PSYoungGen: 62336K->1408K(62976K)] 386302K->325374K(695296K), 0.0034289 secs] [Times: user=0.01 sys=0.00, real=0.00 secs] 
1305.622: [GC (Allocation Failure) [PSYoungGen: 62336K->1376K(62976K)] 386302K->325358K(695296K), 0.0063909 secs] [Times: user=0.02 sys=0.00, real=0.01 secs] 
1306.473: [GC (Allocation Failure) [PSYoungGen: 62304K->1376K(62976K)] 386286K->325366K(695296K), 0.0028435 secs] [Times: user=0.01 sys=0.00, real=0.00 secs] 
1306.955: [GC (Allocation Failure) [PSYoungGen: 62304K->1408K(62976K)] 386294K->325398K(695296K), 0.0031914 secs] [Times: user=0.01 sys=0.00, real=0.00 secs] 
1307.239: [GC (Allocation Failure) [PSYoungGen: 62336K->1408K(62976K)] 386326K->325398K(695296K), 0.0018603 secs] [Times: user=0.01 sys=0.00, real=0.00 secs] 
1308.666: [GC (Allocation Failure) [PSYoungGen: 62336K->1440K(62976K)] 386326K->325430K(695296K), 0.0024274 secs] [Times: user=0.01 sys=0.00, real=0.00 secs] 
1309.438: [GC (Allocation Failure) [PSYoungGen: 62368K->1408K(62976K)] 386358K->325398K(695296K), 0.0025919 secs] [Times: user=0.01 sys=0.00, real=0.01 secs] 
1310.216: [GC (Allocation Failure) [PSYoungGen: 62336K->1408K(62976K)] 386326K->325398K(695296K), 0.0026525 secs] [Times: user=0.01 sys=0.00, real=0.01 secs] 
1310.802: [GC (Allocation Failure) [PSYoungGen: 62336K->1440K(62976K)] 386326K->325430K(695296K), 0.0028074 secs] [Times: user=0.01 sys=0.00, real=0.00 secs] 
1312.261: [GC (Allocation Failure) [PSYoungGen: 62368K->1376K(62976K)] 386358K->325366K(695296K), 0.0018422 secs] [Times: user=0.01 sys=0.00, real=0.00 secs] 
1313.013: [GC (Allocation Failure) [PSYoungGen: 62304K->1376K(62976K)] 386294K->325366K(695296K), 0.0020661 secs] [Times: user=0.00 sys=0.00, real=0.00 secs] 
1313.711: [GC (Allocation Failure) [PSYoungGen: 62304K->1344K(62976K)] 386294K->325334K(695296K), 0.0020536 secs] [Times: user=0.01 sys=0.00, real=0.00 secs] 
1314.404: [GC (Allocation Failure) [PSYoungGen: 62272K->1328K(62976K)] 386262K->325318K(695296K), 0.0019301 secs] [Times: user=0.00 sys=0.00, real=0.00 secs] 
1314.960: [GC (Allocation Failure) [PSYoungGen: 62256K->1376K(62976K)] 386246K->325366K(695296K), 0.0019421 secs] [Times: user=0.01 sys=0.00, real=0.00 secs] 
1316.411: [GC (Allocation Failure) [PSYoungGen: 62304K->1408K(62976K)] 386294K->325398K(695296K), 0.0022528 secs] [Times: user=0.01 sys=0.00, real=0.00 secs] 
1317.272: [GC (Allocation Failure) [PSYoungGen: 62336K->1408K(62976K)] 386326K->325406K(695296K), 0.0026832 secs] [Times: user=0.01 sys=0.00, real=0.00 secs] 
1317.919: [GC (Allocation Failure) [PSYoungGen: 62336K->1328K(62976K)] 386334K->325326K(695296K), 0.0024150 secs] [Times: user=0.01 sys=0.00, real=0.00 secs] 
1318.698: [GC (Allocation Failure) [PSYoungGen: 62256K->1408K(62976K)] 386254K->325406K(695296K), 0.0023305 secs] [Times: user=0.01 sys=0.00, real=0.01 secs] 
1319.615: [GC (Allocation Failure) [PSYoungGen: 62336K->1376K(62976K)] 386334K->325374K(695296K), 0.0023273 secs] [Times: user=0.01 sys=0.00, real=0.00 secs] 
1320.974: [GC (Allocation Failure) [PSYoungGen: 62304K->1408K(62976K)] 386302K->325406K(695296K), 0.0017868 secs] [Times: user=0.01 sys=0.00, real=0.00 secs] 
1321.518: [GC (Allocation Failure) [PSYoungGen: 62336K->1376K(62464K)] 386334K->325374K(694784K), 0.0023565 secs] [Times: user=0.01 sys=0.00, real=0.01 secs] 
1321.892: [GC (Allocation Failure) [PSYoungGen: 62304K->1408K(62464K)] 386302K->325406K(694784K), 0.0023016 secs] [Times: user=0.01 sys=0.00, real=0.00 secs] 
1322.299: [GC (Allocation Failure) [PSYoungGen: 62336K->384K(61952K)] 386334K->325406K(694272K), 0.0023880 secs] [Times: user=0.01 sys=0.00, real=0.00 secs] 
1323.638: [GC (Allocation Failure) [PSYoungGen: 61312K->1376K(62976K)] 386334K->326398K(695296K), 0.0014444 secs] [Times: user=0.01 sys=0.00, real=0.01 secs] 
1324.146: [GC (Allocation Failure) [PSYoungGen: 62304K->1376K(62976K)] 387326K->326398K(695296K), 0.0018706 secs] [Times: user=0.01 sys=0.01, real=0.00 secs] 
1324.636: [GC (Allocation Failure) [PSYoungGen: 62304K->1376K(62976K)] 387326K->326398K(695296K), 0.0031212 secs] [Times: user=0.01 sys=0.00, real=0.01 secs] 
1325.115: [GC (Allocation Failure) [PSYoungGen: 62304K->1408K(62976K)] 387326K->326446K(695296K), 0.0030633 secs] [Times: user=0.01 sys=0.00, real=0.00 secs] 
1325.621: [GC (Allocation Failure) [PSYoungGen: 62336K->1344K(62976K)] 387374K->326382K(695296K), 0.0021570 secs] [Times: user=0.00 sys=0.00, real=0.00 secs] 
1326.776: [GC (Allocation Failure) [PSYoungGen: 62272K->1376K(62976K)] 387310K->326414K(695296K), 0.0017747 secs] [Times: user=0.01 sys=0.00, real=0.00 secs] 
1327.281: [GC (Allocation Failure) [PSYoungGen: 62304K->1344K(62976K)] 387342K->326382K(695296K), 0.0019211 secs] [Times: user=0.01 sys=0.00, real=0.00 secs] 
1327.772: [GC (Allocation Failure) [PSYoungGen: 62272K->1376K(62976K)] 387310K->326414K(695296K), 0.0035719 secs] [Times: user=0.01 sys=0.00, real=0.00 secs] 
1328.337: [GC (Allocation Failure) [PSYoungGen: 62304K->1408K(62976K)] 387342K->326446K(695296K), 0.0027629 secs] [Times: user=0.01 sys=0.00, real=0.01 secs] 
1329.644: [GC (Allocation Failure) [PSYoungGen: 62336K->1424K(62976K)] 387374K->326462K(695296K), 0.0016890 secs] [Times: user=0.01 sys=0.00, real=0.00 secs] 
1330.190: [GC (Allocation Failure) [PSYoungGen: 62352K->1312K(62976K)] 387390K->326350K(695296K), 0.0017746 secs] [Times: user=0.01 sys=0.00, real=0.00 secs] 
1330.687: [GC (Allocation Failure) [PSYoungGen: 62240K->1344K(62976K)] 387278K->326382K(695296K), 0.0027260 secs] [Times: user=0.01 sys=0.00, real=0.01 secs] 
1330.934: [GC (Allocation Failure) [PSYoungGen: 62272K->1376K(62976K)] 387310K->326414K(695296K), 0.0022221 secs] [Times: user=0.01 sys=0.00, real=0.00 secs] 
1331.188: [GC (Allocation Failure) [PSYoungGen: 62304K->1376K(62976K)] 387342K->326430K(695296K), 0.0019218 secs] [Times: user=0.01 sys=0.00, real=0.01 secs] 
1332.392: [GC (Allocation Failure) [PSYoungGen: 62304K->1344K(62464K)] 387358K->326398K(694784K), 0.0018052 secs] [Times: user=0.01 sys=0.00, real=0.00 secs] 
1333.045: [GC (Allocation Failure) [PSYoungGen: 62272K->1312K(62464K)] 387326K->326382K(694784K), 0.0017595 secs] [Times: user=0.01 sys=0.00, real=0.00 secs] 
1333.578: [GC (Allocation Failure) [PSYoungGen: 62240K->1360K(62464K)] 387310K->326438K(694784K), 0.0018506 secs] [Times: user=0.01 sys=0.00, real=0.01 secs] 
1334.450: [GC (Allocation Failure) [PSYoungGen: 62288K->1408K(62464K)] 387366K->326486K(694784K), 0.0032206 secs] [Times: user=0.01 sys=0.00, real=0.00 secs] 
1335.568: [GC (Allocation Failure) [PSYoungGen: 62336K->1408K(62464K)] 387414K->326486K(694784K), 0.0031978 secs] [Times: user=0.01 sys=0.00, real=0.01 secs] 
1337.561: [GC (Allocation Failure) [PSYoungGen: 62336K->1424K(62464K)] 387414K->326502K(694784K), 0.0041128 secs] [Times: user=0.02 sys=0.00, real=0.00 secs] 
1337.835: [GC (Allocation Failure) [PSYoungGen: 62352K->1376K(62464K)] 387430K->326454K(694784K), 0.0019383 secs] [Times: user=0.01 sys=0.00, real=0.00 secs] 
1338.343: [GC (Allocation Failure) [PSYoungGen: 62304K->1376K(62464K)] 387382K->326454K(694784K), 0.0021904 secs] [Times: user=0.01 sys=0.00, real=0.00 secs] 
1339.171: [GC (Allocation Failure) [PSYoungGen: 62304K->1376K(62464K)] 387382K->326454K(694784K), 0.0049914 secs] [Times: user=0.02 sys=0.00, real=0.00 secs] 
1341.041: [GC (Allocation Failure) [PSYoungGen: 62304K->928K(61952K)] 387382K->327030K(694272K), 0.0021998 secs] [Times: user=0.01 sys=0.00, real=0.00 secs] 
1341.806: [GC (Allocation Failure) [PSYoungGen: 61344K->320K(62464K)] 387446K->326438K(694784K), 0.0020730 secs] [Times: user=0.01 sys=0.00, real=0.00 secs] 
1342.058: [GC (Allocation Failure) [PSYoungGen: 60736K->384K(62464K)] 386854K->326502K(694784K), 0.0019679 secs] [Times: user=0.01 sys=0.00, real=0.01 secs] 
1342.448: [GC (Allocation Failure) [PSYoungGen: 60800K->384K(62464K)] 386918K->326502K(694784K), 0.0018624 secs] [Times: user=0.00 sys=0.01, real=0.01 secs] 
1342.898: [GC (Allocation Failure) [PSYoungGen: 60800K->384K(62464K)] 386918K->326502K(694784K), 0.0025060 secs] [Times: user=0.01 sys=0.00, real=0.01 secs] 
1344.762: [GC (Allocation Failure) [PSYoungGen: 60800K->1408K(62464K)] 386918K->327526K(694784K), 0.0037511 secs] [Times: user=0.02 sys=0.00, real=0.00 secs] 
1345.284: [GC (Allocation Failure) [PSYoungGen: 61824K->1408K(62464K)] 387942K->327526K(694784K), 0.0023230 secs] [Times: user=0.01 sys=0.00, real=0.00 secs] 
1345.939: [GC (Allocation Failure) [PSYoungGen: 61824K->1312K(62464K)] 387942K->327430K(694784K), 0.0045476 secs] [Times: user=0.01 sys=0.00, real=0.01 secs] 
1346.409: [GC (Allocation Failure) [PSYoungGen: 61728K->1392K(62464K)] 387846K->327518K(694784K), 0.0026600 secs] [Times: user=0.01 sys=0.00, real=0.01 secs] 
1346.886: [GC (Allocation Failure) [PSYoungGen: 61808K->1408K(62464K)] 387934K->327534K(694784K), 0.0021472 secs] [Times: user=0.01 sys=0.00, real=0.00 secs] 
1348.814: [GC (Allocation Failure) [PSYoungGen: 61824K->1408K(62464K)] 387950K->327534K(694784K), 0.0024665 secs] [Times: user=0.01 sys=0.00, real=0.00 secs] 
1349.131: [GC (Allocation Failure) [PSYoungGen: 61824K->1312K(62464K)] 387950K->327438K(694784K), 0.0021149 secs] [Times: user=0.01 sys=0.00, real=0.00 secs] 
1349.400: [GC (Allocation Failure) [PSYoungGen: 61728K->1344K(62464K)] 387854K->327470K(694784K), 0.0019874 secs] [Times: user=0.00 sys=0.00, real=0.00 secs] 
1349.669: [GC (Allocation Failure) [PSYoungGen: 61760K->1344K(62464K)] 387886K->327470K(694784K), 0.0019436 secs] [Times: user=0.01 sys=0.00, real=0.00 secs] 
1350.779: [GC (Allocation Failure) [PSYoungGen: 61760K->1888K(61952K)] 387886K->328014K(694272K), 0.0018676 secs] [Times: user=0.01 sys=0.00, real=0.00 secs] 
1351.375: [GC (Allocation Failure) [PSYoungGen: 61792K->1344K(62464K)] 387918K->327470K(694784K), 0.0017453 secs] [Times: user=0.01 sys=0.00, real=0.00 secs] 
1351.891: [GC (Allocation Failure) [PSYoungGen: 61248K->1376K(61440K)] 387374K->327502K(693760K), 0.0044152 secs] [Times: user=0.02 sys=0.00, real=0.00 secs] 
1352.372: [GC (Allocation Failure) [PSYoungGen: 61280K->1376K(61952K)] 387406K->327502K(694272K), 0.0025225 secs] [Times: user=0.01 sys=0.00, real=0.00 secs] 
1352.880: [GC (Allocation Failure) [PSYoungGen: 61280K->1408K(61952K)] 387406K->327534K(694272K), 0.0040055 secs] [Times: user=0.02 sys=0.00, real=0.00 secs] 
1354.117: [GC (Allocation Failure) [PSYoungGen: 61312K->1408K(61952K)] 387438K->327534K(694272K), 0.0016885 secs] [Times: user=0.00 sys=0.00, real=0.01 secs] 
1354.366: [GC (Allocation Failure) [PSYoungGen: 61312K->1408K(61952K)] 387438K->327542K(694272K), 0.0016229 secs] [Times: user=0.00 sys=0.00, real=0.00 secs] 
1354.614: [GC (Allocation Failure) [PSYoungGen: 61312K->1392K(61952K)] 387446K->327526K(694272K), 0.0016263 secs] [Times: user=0.00 sys=0.00, real=0.00 secs] 
1354.895: [GC (Allocation Failure) [PSYoungGen: 61296K->1376K(61952K)] 387430K->327510K(694272K), 0.0032225 secs] [Times: user=0.01 sys=0.00, real=0.00 secs] 
1355.163: [GC (Allocation Failure) [PSYoungGen: 61280K->1408K(61952K)] 387414K->327542K(694272K), 0.0022555 secs] [Times: user=0.01 sys=0.00, real=0.00 secs] 
1356.135: [GC (Allocation Failure) [PSYoungGen: 61312K->1408K(61952K)] 387446K->327542K(694272K), 0.0017294 secs] [Times: user=0.01 sys=0.00, real=0.00 secs] 
1356.384: [GC (Allocation Failure) [PSYoungGen: 61312K->1360K(61952K)] 387446K->327494K(694272K), 0.0016455 secs] [Times: user=0.01 sys=0.00, real=0.00 secs] 
1356.709: [GC (Allocation Failure) [PSYoungGen: 61264K->1376K(61952K)] 387398K->327510K(694272K), 0.0018060 secs] [Times: user=0.00 sys=0.00, real=0.00 secs] 
1357.332: [GC (Allocation Failure) [PSYoungGen: 61280K->1440K(61952K)] 387414K->327574K(694272K), 0.0031700 secs] [Times: user=0.02 sys=0.00, real=0.00 secs] 
1358.707: [GC (Allocation Failure) [PSYoungGen: 61344K->1328K(61952K)] 387478K->327462K(694272K), 0.0015543 secs] [Times: user=0.01 sys=0.00, real=0.01 secs] 
1359.740: [GC (Allocation Failure) [PSYoungGen: 61232K->1408K(61952K)] 387366K->327542K(694272K), 0.0028524 secs] [Times: user=0.01 sys=0.00, real=0.00 secs] 
1360.540: [GC (Allocation Failure) [PSYoungGen: 61312K->1408K(61952K)] 387446K->327542K(694272K), 0.0035251 secs] [Times: user=0.01 sys=0.00, real=0.00 secs] 
1361.364: [GC (Allocation Failure) [PSYoungGen: 61312K->1376K(61952K)] 387446K->327510K(694272K), 0.0029822 secs] [Times: user=0.01 sys=0.00, real=0.00 secs] 
1362.117: [GC (Allocation Failure) [PSYoungGen: 61280K->1376K(61952K)] 387414K->327510K(694272K), 0.0047846 secs] [Times: user=0.01 sys=0.00, real=0.01 secs] 
1363.610: [GC (Allocation Failure) [PSYoungGen: 61280K->1408K(61952K)] 387414K->327542K(694272K), 0.0034482 secs] [Times: user=0.02 sys=0.00, real=0.00 secs] 
1364.137: [GC (Allocation Failure) [PSYoungGen: 61312K->1408K(61952K)] 387446K->327550K(694272K), 0.0031534 secs] [Times: user=0.01 sys=0.00, real=0.01 secs] 
1364.651: [GC (Allocation Failure) [PSYoungGen: 61312K->1376K(61952K)] 387454K->327518K(694272K), 0.0029500 secs] [Times: user=0.01 sys=0.00, real=0.00 secs] 
1365.237: [GC (Allocation Failure) [PSYoungGen: 61280K->1408K(61952K)] 387422K->327550K(694272K), 0.0027444 secs] [Times: user=0.01 sys=0.00, real=0.01 secs] 
1365.634: [GC (Allocation Failure) [PSYoungGen: 61312K->1408K(61952K)] 387454K->327550K(694272K), 0.0023969 secs] [Times: user=0.01 sys=0.00, real=0.00 secs] 
1366.906: [GC (Allocation Failure) [PSYoungGen: 61312K->1392K(61440K)] 387454K->327534K(693760K), 0.0021761 secs] [Times: user=0.01 sys=0.00, real=0.00 secs] 
1367.486: [GC (Allocation Failure) [PSYoungGen: 61296K->1376K(61440K)] 387438K->327518K(693760K), 0.0021021 secs] [Times: user=0.01 sys=0.00, real=0.00 secs] 
1368.055: [GC (Allocation Failure) [PSYoungGen: 61280K->304K(60928K)] 387422K->327470K(693248K), 0.0019870 secs] [Times: user=0.01 sys=0.00, real=0.00 secs] 
1368.392: [GC (Allocation Failure) [PSYoungGen: 60208K->352K(61952K)] 387374K->327518K(694272K), 0.0019328 secs] [Times: user=0.01 sys=0.00, real=0.00 secs] 
1368.648: [GC (Allocation Failure) [PSYoungGen: 60256K->352K(61952K)] 387422K->327518K(694272K), 0.0019293 secs] [Times: user=0.01 sys=0.00, real=0.01 secs] 
1370.363: [GC (Allocation Failure) [PSYoungGen: 60256K->1440K(61952K)] 387422K->328606K(694272K), 0.0021903 secs] [Times: user=0.01 sys=0.00, real=0.00 secs] 
1370.982: [GC (Allocation Failure) [PSYoungGen: 61344K->1392K(61952K)] 388510K->328558K(694272K), 0.0098869 secs] [Times: user=0.05 sys=0.00, real=0.01 secs] 
1371.444: [GC (Allocation Failure) [PSYoungGen: 61296K->1376K(61952K)] 388462K->328542K(694272K), 0.0026718 secs] [Times: user=0.01 sys=0.00, real=0.00 secs] 
1371.921: [GC (Allocation Failure) [PSYoungGen: 61280K->1344K(61952K)] 388446K->328510K(694272K), 0.0026300 secs] [Times: user=0.01 sys=0.00, real=0.00 secs] 
1373.140: [GC (Allocation Failure) [PSYoungGen: 61248K->1888K(61952K)] 388414K->329054K(694272K), 0.0017955 secs] [Times: user=0.00 sys=0.00, real=0.00 secs] 
1373.688: [GC (Allocation Failure) [PSYoungGen: 61792K->1376K(62464K)] 388958K->328550K(694784K), 0.0021200 secs] [Times: user=0.01 sys=0.00, real=0.01 secs] 
1373.971: [GC (Allocation Failure) [PSYoungGen: 61280K->1408K(61440K)] 388454K->328582K(693760K), 0.0020407 secs] [Times: user=0.01 sys=0.00, real=0.00 secs] 
1374.226: [GC (Allocation Failure) [PSYoungGen: 61312K->1408K(61952K)] 388486K->328582K(694272K), 0.0020508 secs] [Times: user=0.01 sys=0.00, real=0.00 secs] 
1374.690: [GC (Allocation Failure) [PSYoungGen: 61312K->1360K(61952K)] 388486K->328534K(694272K), 0.0020220 secs] [Times: user=0.01 sys=0.00, real=0.00 secs] 
1376.012: [GC (Allocation Failure) [PSYoungGen: 61264K->1424K(61952K)] 388438K->328598K(694272K), 0.0045977 secs] [Times: user=0.02 sys=0.00, real=0.00 secs] 
1376.444: [GC (Allocation Failure) [PSYoungGen: 61328K->1376K(61952K)] 388502K->328550K(694272K), 0.0026815 secs] [Times: user=0.01 sys=0.00, real=0.00 secs] 
1376.888: [GC (Allocation Failure) [PSYoungGen: 61280K->1408K(61952K)] 388454K->328582K(694272K), 0.0022599 secs] [Times: user=0.01 sys=0.00, real=0.01 secs] 
1377.351: [GC (Allocation Failure) [PSYoungGen: 61312K->1344K(61952K)] 388486K->328518K(694272K), 0.0046084 secs] [Times: user=0.02 sys=0.01, real=0.00 secs] 
1377.812: [GC (Allocation Failure) [PSYoungGen: 61248K->1408K(61952K)] 388422K->328582K(694272K), 0.0027600 secs] [Times: user=0.01 sys=0.01, real=0.00 secs] 
1378.925: [GC (Allocation Failure) [PSYoungGen: 61312K->1408K(61952K)] 388486K->328582K(694272K), 0.0019069 secs] [Times: user=0.01 sys=0.00, real=0.00 secs] 
1379.313: [GC (Allocation Failure) [PSYoungGen: 61312K->1376K(61952K)] 388486K->328550K(694272K), 0.0017389 secs] [Times: user=0.00 sys=0.00, real=0.00 secs] 
1379.910: [GC (Allocation Failure) [PSYoungGen: 61280K->1344K(61952K)] 388454K->328518K(694272K), 0.0020266 secs] [Times: user=0.01 sys=0.00, real=0.00 secs] 
1380.499: [GC (Allocation Failure) [PSYoungGen: 61248K->1392K(61952K)] 388422K->328566K(694272K), 0.0021643 secs] [Times: user=0.01 sys=0.00, real=0.00 secs] 
1381.924: [GC (Allocation Failure) [PSYoungGen: 61296K->352K(61952K)] 388470K->327526K(694272K), 0.0015760 secs] [Times: user=0.01 sys=0.00, real=0.00 secs] 
1382.452: [GC (Allocation Failure) [PSYoungGen: 60256K->1392K(61952K)] 387430K->328574K(694272K), 0.0016835 secs] [Times: user=0.01 sys=0.00, real=0.00 secs] 
1383.004: [GC (Allocation Failure) [PSYoungGen: 61296K->1344K(61952K)] 388478K->328550K(694272K), 0.0022242 secs] [Times: user=0.01 sys=0.00, real=0.00 secs] 
1383.461: [GC (Allocation Failure) [PSYoungGen: 61248K->1344K(61952K)] 388454K->328550K(694272K), 0.0020397 secs] [Times: user=0.01 sys=0.00, real=0.00 secs] 
1383.970: [GC (Allocation Failure) [PSYoungGen: 61248K->1344K(61952K)] 388454K->328550K(694272K), 0.0020130 secs] [Times: user=0.01 sys=0.00, real=0.00 secs] 
1385.418: [GC (Allocation Failure) [PSYoungGen: 61248K->1376K(61952K)] 388454K->328582K(694272K), 0.0026887 secs] [Times: user=0.01 sys=0.00, real=0.01 secs] 
1386.073: [GC (Allocation Failure) [PSYoungGen: 61280K->1328K(61952K)] 388486K->328534K(694272K), 0.0041187 secs] [Times: user=0.01 sys=0.01, real=0.00 secs] 
1386.683: [GC (Allocation Failure) [PSYoungGen: 61232K->1376K(61952K)] 388438K->328582K(694272K), 0.0032816 secs] [Times: user=0.01 sys=0.00, real=0.00 secs] 
1387.238: [GC (Allocation Failure) [PSYoungGen: 61280K->1376K(61952K)] 388486K->328582K(694272K), 0.0031251 secs] [Times: user=0.01 sys=0.00, real=0.01 secs] 
1387.788: [GC (Allocation Failure) [PSYoungGen: 61280K->1408K(61952K)] 388486K->328614K(694272K), 0.0030867 secs] [Times: user=0.01 sys=0.00, real=0.01 secs] 
1389.039: [GC (Allocation Failure) [PSYoungGen: 61312K->1376K(61952K)] 388518K->328590K(694272K), 0.0019719 secs] [Times: user=0.01 sys=0.00, real=0.00 secs] 
1389.541: [GC (Allocation Failure) [PSYoungGen: 61280K->1376K(61952K)] 388494K->328590K(694272K), 0.0023604 secs] [Times: user=0.01 sys=0.00, real=0.00 secs] 
1389.956: [GC (Allocation Failure) [PSYoungGen: 61280K->1408K(61952K)] 388494K->328622K(694272K), 0.0021820 secs] [Times: user=0.01 sys=0.00, real=0.00 secs] 
1390.434: [GC (Allocation Failure) [PSYoungGen: 61312K->1344K(61952K)] 388526K->328558K(694272K), 0.0018511 secs] [Times: user=0.01 sys=0.00, real=0.00 secs] 
1390.946: [GC (Allocation Failure) [PSYoungGen: 61248K->1392K(61952K)] 388462K->328606K(694272K), 0.0021301 secs] [Times: user=0.01 sys=0.00, real=0.00 secs] 
1392.429: [GC (Allocation Failure) [PSYoungGen: 61296K->1376K(61952K)] 388510K->328590K(694272K), 0.0021542 secs] [Times: user=0.01 sys=0.00, real=0.00 secs] 
1393.161: [GC (Allocation Failure) [PSYoungGen: 61280K->1376K(61952K)] 388494K->328590K(694272K), 0.0023410 secs] [Times: user=0.01 sys=0.00, real=0.00 secs] 
1393.927: [GC (Allocation Failure) [PSYoungGen: 61280K->1408K(61952K)] 388494K->328622K(694272K), 0.0024238 secs] [Times: user=0.00 sys=0.00, real=0.01 secs] 
1394.416: [GC (Allocation Failure) [PSYoungGen: 61312K->1408K(61952K)] 388526K->328630K(694272K), 0.0023687 secs] [Times: user=0.01 sys=0.00, real=0.00 secs] 
1395.679: [GC (Allocation Failure) [PSYoungGen: 61312K->1888K(61952K)] 388534K->329110K(694272K), 0.0018379 secs] [Times: user=0.00 sys=0.00, real=0.00 secs] 
1396.278: [GC (Allocation Failure) [PSYoungGen: 61792K->1376K(61952K)] 389014K->328598K(694272K), 0.0031675 secs] [Times: user=0.01 sys=0.00, real=0.01 secs] 
1396.530: [GC (Allocation Failure) [PSYoungGen: 61280K->1392K(61952K)] 388502K->328614K(694272K), 0.0022596 secs] [Times: user=0.01 sys=0.00, real=0.00 secs] 
1396.853: [GC (Allocation Failure) [PSYoungGen: 61296K->1344K(61952K)] 388518K->328566K(694272K), 0.0023741 secs] [Times: user=0.01 sys=0.00, real=0.00 secs] 
1397.102: [GC (Allocation Failure) [PSYoungGen: 61248K->1376K(61952K)] 388470K->328598K(694272K), 0.0018643 secs] [Times: user=0.01 sys=0.00, real=0.00 secs] 
1398.203: [GC (Allocation Failure) [PSYoungGen: 61280K->1408K(61952K)] 388502K->328630K(694272K), 0.0017337 secs] [Times: user=0.01 sys=0.00, real=0.00 secs] 
1398.518: [GC (Allocation Failure) [PSYoungGen: 61312K->1376K(61952K)] 388534K->328606K(694272K), 0.0020120 secs] [Times: user=0.01 sys=0.00, real=0.01 secs] 
1398.796: [GC (Allocation Failure) [PSYoungGen: 61280K->1344K(61952K)] 388510K->328574K(694272K), 0.0021098 secs] [Times: user=0.01 sys=0.00, real=0.00 secs] 
1399.045: [GC (Allocation Failure) [PSYoungGen: 61248K->1376K(61952K)] 388478K->328606K(694272K), 0.0019078 secs] [Times: user=0.00 sys=0.00, real=0.00 secs] 
1399.520: [GC (Allocation Failure) [PSYoungGen: 61280K->1408K(61952K)] 388510K->328638K(694272K), 0.0022527 secs] [Times: user=0.01 sys=0.00, real=0.00 secs] 
1400.518: [GC (Allocation Failure) [PSYoungGen: 61312K->1376K(61952K)] 388542K->328606K(694272K), 0.0016976 secs] [Times: user=0.01 sys=0.00, real=0.01 secs] 
1401.064: [GC (Allocation Failure) [PSYoungGen: 61280K->1312K(61952K)] 388510K->328542K(694272K), 0.0019208 secs] [Times: user=0.01 sys=0.00, real=0.00 secs] 
1401.867: [GC (Allocation Failure) [PSYoungGen: 61216K->1376K(61440K)] 388446K->328606K(693760K), 0.0050397 secs] [Times: user=0.02 sys=0.00, real=0.01 secs] 
1402.644: [GC (Allocation Failure) [PSYoungGen: 61280K->1408K(61440K)] 388510K->328654K(693760K), 0.0050553 secs] [Times: user=0.02 sys=0.00, real=0.01 secs] 
1403.416: [GC (Allocation Failure) [PSYoungGen: 61312K->256K(60928K)] 388558K->328526K(693248K), 0.0042594 secs] [Times: user=0.02 sys=0.00, real=0.01 secs] 
1404.688: [GC (Allocation Failure) [PSYoungGen: 60160K->1376K(61952K)] 388430K->329646K(694272K), 0.0017340 secs] [Times: user=0.01 sys=0.00, real=0.01 secs] 
1405.477: [GC (Allocation Failure) [PSYoungGen: 61280K->1376K(61952K)] 389550K->329646K(694272K), 0.0024034 secs] [Times: user=0.01 sys=0.00, real=0.01 secs] 
1406.303: [GC (Allocation Failure) [PSYoungGen: 61280K->1344K(61952K)] 389550K->329614K(694272K), 0.0051417 secs] [Times: user=0.02 sys=0.00, real=0.00 secs] 
1406.934: [GC (Allocation Failure) [PSYoungGen: 61248K->1376K(61952K)] 389518K->329646K(694272K), 0.0039953 secs] [Times: user=0.02 sys=0.00, real=0.00 secs] 
1408.518: [GC (Allocation Failure) [PSYoungGen: 61280K->1408K(61952K)] 389550K->329678K(694272K), 0.0016769 secs] [Times: user=0.01 sys=0.00, real=0.01 secs] 
1408.767: [GC (Allocation Failure) [PSYoungGen: 61312K->1344K(61952K)] 389582K->329614K(694272K), 0.0016759 secs] [Times: user=0.01 sys=0.00, real=0.00 secs] 
1409.015: [GC (Allocation Failure) [PSYoungGen: 61248K->1376K(61952K)] 389518K->329646K(694272K), 0.0017049 secs] [Times: user=0.01 sys=0.00, real=0.00 secs] 
1409.263: [GC (Allocation Failure) [PSYoungGen: 61280K->1376K(61952K)] 389550K->329646K(694272K), 0.0021002 secs] [Times: user=0.01 sys=0.00, real=0.00 secs] 
1409.514: [GC (Allocation Failure) [PSYoungGen: 61280K->1408K(61952K)] 389550K->329678K(694272K), 0.0022556 secs] [Times: user=0.01 sys=0.00, real=0.00 secs] 
1410.452: [GC (Allocation Failure) [PSYoungGen: 61312K->1376K(61952K)] 389582K->329646K(694272K), 0.0017828 secs] [Times: user=0.00 sys=0.00, real=0.00 secs] 
1410.700: [GC (Allocation Failure) [PSYoungGen: 61280K->1408K(61952K)] 389550K->329686K(694272K), 0.0017407 secs] [Times: user=0.00 sys=0.00, real=0.00 secs] 
1410.949: [GC (Allocation Failure) [PSYoungGen: 61312K->1344K(61952K)] 389590K->329622K(694272K), 0.0016833 secs] [Times: user=0.01 sys=0.00, real=0.00 secs] 
1411.198: [GC (Allocation Failure) [PSYoungGen: 61248K->1408K(61952K)] 389526K->329686K(694272K), 0.0018123 secs] [Times: user=0.01 sys=0.00, real=0.01 secs] 
1411.447: [GC (Allocation Failure) [PSYoungGen: 61312K->1408K(61952K)] 389590K->329686K(694272K), 0.0022787 secs] [Times: user=0.01 sys=0.00, real=0.01 secs] 
1412.879: [GC (Allocation Failure) [PSYoungGen: 61312K->1408K(61952K)] 389590K->329702K(694272K), 0.0019196 secs] [Times: user=0.01 sys=0.00, real=0.01 secs] 
1413.267: [GC (Allocation Failure) [PSYoungGen: 61312K->1408K(61952K)] 389606K->329702K(694272K), 0.0027576 secs] [Times: user=0.01 sys=0.00, real=0.01 secs] 
1413.573: [GC (Allocation Failure) [PSYoungGen: 61312K->1408K(61952K)] 389606K->329702K(694272K), 0.0021634 secs] [Times: user=0.01 sys=0.00, real=0.00 secs] 
1414.043: [GC (Allocation Failure) [PSYoungGen: 61312K->1376K(61952K)] 389606K->329670K(694272K), 0.0021228 secs] [Times: user=0.01 sys=0.00, real=0.00 secs] 
1415.305: [GC (Allocation Failure) [PSYoungGen: 61280K->1920K(61952K)] 389574K->330214K(694272K), 0.0016936 secs] [Times: user=0.01 sys=0.00, real=0.00 secs] 
1415.553: [GC (Allocation Failure) [PSYoungGen: 61824K->1344K(61952K)] 390118K->329638K(694272K), 0.0016868 secs] [Times: user=0.01 sys=0.00, real=0.00 secs] 
1415.802: [GC (Allocation Failure) [PSYoungGen: 61248K->1376K(61952K)] 389542K->329670K(694272K), 0.0017649 secs] [Times: user=0.01 sys=0.00, real=0.00 secs] 
1416.147: [GC (Allocation Failure) [PSYoungGen: 61280K->1360K(61952K)] 389574K->329654K(694272K), 0.0019913 secs] [Times: user=0.00 sys=0.00, real=0.01 secs] 
1416.612: [GC (Allocation Failure) [PSYoungGen: 61264K->1376K(61952K)] 389558K->329670K(694272K), 0.0024430 secs] [Times: user=0.01 sys=0.00, real=0.00 secs] 
1417.749: [GC (Allocation Failure) [PSYoungGen: 61280K->1440K(61952K)] 389574K->329734K(694272K), 0.0017401 secs] [Times: user=0.00 sys=0.00, real=0.00 secs] 
1417.998: [GC (Allocation Failure) [PSYoungGen: 61344K->1344K(61952K)] 389638K->329638K(694272K), 0.0018153 secs] [Times: user=0.01 sys=0.00, real=0.01 secs] 
1418.247: [GC (Allocation Failure) [PSYoungGen: 61248K->1392K(61952K)] 389542K->329686K(694272K), 0.0016678 secs] [Times: user=0.01 sys=0.00, real=0.01 secs] 
1418.563: [GC (Allocation Failure) [PSYoungGen: 61296K->1312K(61952K)] 389590K->329606K(694272K), 0.0020925 secs] [Times: user=0.01 sys=0.00, real=0.00 secs] 
1418.954: [GC (Allocation Failure) [PSYoungGen: 61216K->1376K(61952K)] 389510K->329670K(694272K), 0.0020819 secs] [Times: user=0.01 sys=0.00, real=0.00 secs] 
1420.044: [GC (Allocation Failure) [PSYoungGen: 61280K->1376K(61952K)] 389574K->329670K(694272K), 0.0018088 secs] [Times: user=0.01 sys=0.00, real=0.00 secs] 
1420.642: [GC (Allocation Failure) [PSYoungGen: 61280K->1408K(61952K)] 389574K->329702K(694272K), 0.0048641 secs] [Times: user=0.02 sys=0.00, real=0.00 secs] 
1421.261: [GC (Allocation Failure) [PSYoungGen: 61312K->1408K(61952K)] 389606K->329702K(694272K), 0.0039962 secs] [Times: user=0.02 sys=0.00, real=0.00 secs] 
1421.788: [GC (Allocation Failure) [PSYoungGen: 61312K->1408K(61952K)] 389606K->329726K(694272K), 0.0025690 secs] [Times: user=0.01 sys=0.00, real=0.01 secs] 
1422.953: [GC (Allocation Failure) [PSYoungGen: 61312K->192K(61952K)] 389630K->328510K(694272K), 0.0015556 secs] [Times: user=0.01 sys=0.00, real=0.00 secs] 
1424.019: [GC (Allocation Failure) [PSYoungGen: 60096K->1408K(61952K)] 388414K->329734K(694272K), 0.0049123 secs] [Times: user=0.02 sys=0.00, real=0.01 secs] 
1424.771: [GC (Allocation Failure) [PSYoungGen: 61312K->1408K(61952K)] 389638K->329734K(694272K), 0.0027803 secs] [Times: user=0.01 sys=0.00, real=0.00 secs] 
1425.347: [GC (Allocation Failure) [PSYoungGen: 61312K->1408K(61952K)] 389638K->329734K(694272K), 0.0026492 secs] [Times: user=0.01 sys=0.00, real=0.01 secs] 
1425.867: [GC (Allocation Failure) [PSYoungGen: 61312K->1376K(61952K)] 389638K->329702K(694272K), 0.0019718 secs] [Times: user=0.01 sys=0.00, real=0.01 secs] 
1426.926: [GC (Allocation Failure) [PSYoungGen: 61280K->1344K(61952K)] 389606K->329670K(694272K), 0.0018223 secs] [Times: user=0.00 sys=0.00, real=0.00 secs] 
1427.810: [GC (Allocation Failure) [PSYoungGen: 61248K->1360K(61952K)] 389574K->329686K(694272K), 0.0052998 secs] [Times: user=0.02 sys=0.00, real=0.00 secs] 
1428.890: [GC (Allocation Failure) [PSYoungGen: 61264K->1344K(61952K)] 389590K->329670K(694272K), 0.0034341 secs] [Times: user=0.01 sys=0.00, real=0.00 secs] 
1429.594: [GC (Allocation Failure) [PSYoungGen: 61248K->1376K(61952K)] 389574K->329702K(694272K), 0.0041263 secs] [Times: user=0.02 sys=0.00, real=0.00 secs] 
1430.126: [GC (Allocation Failure) [PSYoungGen: 61280K->1376K(61952K)] 389606K->329702K(694272K), 0.0027253 secs] [Times: user=0.01 sys=0.00, real=0.01 secs] 
1432.181: [GC (Allocation Failure) [PSYoungGen: 61280K->1408K(61952K)] 389606K->329734K(694272K), 0.0039971 secs] [Times: user=0.02 sys=0.00, real=0.00 secs] 
1432.929: [GC (Allocation Failure) [PSYoungGen: 61312K->1408K(61952K)] 389638K->329734K(694272K), 0.0039817 secs] [Times: user=0.02 sys=0.00, real=0.00 secs] 
1433.413: [GC (Allocation Failure) [PSYoungGen: 61312K->1408K(61952K)] 389638K->329734K(694272K), 0.0034633 secs] [Times: user=0.01 sys=0.00, real=0.00 secs] 
1433.997: [GC (Allocation Failure) [PSYoungGen: 61312K->1408K(61952K)] 389638K->329734K(694272K), 0.0028062 secs] [Times: user=0.02 sys=0.00, real=0.01 secs] 
1434.567: [GC (Allocation Failure) [PSYoungGen: 61312K->1376K(61952K)] 389638K->329702K(694272K), 0.0025915 secs] [Times: user=0.01 sys=0.00, real=0.01 secs] 
1435.713: [GC (Allocation Failure) [PSYoungGen: 61280K->1344K(61952K)] 389606K->329670K(694272K), 0.0018854 secs] [Times: user=0.01 sys=0.00, real=0.00 secs] 
1436.331: [GC (Allocation Failure) [PSYoungGen: 61248K->1408K(61952K)] 389574K->329750K(694272K), 0.0048876 secs] [Times: user=0.02 sys=0.00, real=0.00 secs] 
1437.010: [GC (Allocation Failure) [PSYoungGen: 61312K->1376K(61952K)] 389654K->329718K(694272K), 0.0037645 secs] [Times: user=0.02 sys=0.01, real=0.00 secs] 
1437.893: [GC (Allocation Failure) [PSYoungGen: 61280K->1376K(61440K)] 389622K->329718K(693760K), 0.0042410 secs] [Times: user=0.01 sys=0.00, real=0.00 secs] 
1439.781: [GC (Allocation Failure) [PSYoungGen: 61280K->864K(60928K)] 389622K->330230K(693248K), 0.0022620 secs] [Times: user=0.01 sys=0.00, real=0.00 secs] 
1440.336: [GC (Allocation Failure) [PSYoungGen: 60256K->368K(61440K)] 389622K->329734K(693760K), 0.0020298 secs] [Times: user=0.01 sys=0.00, real=0.00 secs] 
1440.722: [GC (Allocation Failure) [PSYoungGen: 59760K->400K(61440K)] 389126K->329766K(693760K), 0.0021190 secs] [Times: user=0.01 sys=0.00, real=0.00 secs] 
1441.040: [GC (Allocation Failure) [PSYoungGen: 59792K->352K(61440K)] 389158K->329718K(693760K), 0.0019669 secs] [Times: user=0.00 sys=0.00, real=0.00 secs] 
1441.321: [GC (Allocation Failure) [PSYoungGen: 59744K->320K(61440K)] 389110K->329686K(693760K), 0.0019621 secs] [Times: user=0.01 sys=0.00, real=0.00 secs] 
1442.408: [GC (Allocation Failure) [PSYoungGen: 59712K->1456K(61440K)] 389078K->330822K(693760K), 0.0018314 secs] [Times: user=0.01 sys=0.00, real=0.01 secs] 
1443.005: [GC (Allocation Failure) [PSYoungGen: 60848K->1376K(61440K)] 390214K->330742K(693760K), 0.0023556 secs] [Times: user=0.00 sys=0.00, real=0.00 secs] 
1443.505: [GC (Allocation Failure) [PSYoungGen: 60768K->1408K(61440K)] 390134K->330774K(693760K), 0.0022523 secs] [Times: user=0.01 sys=0.00, real=0.00 secs] 
1444.054: [GC (Allocation Failure) [PSYoungGen: 60800K->1408K(61952K)] 390166K->330790K(694272K), 0.0024277 secs] [Times: user=0.01 sys=0.00, real=0.00 secs] 
1444.302: [GC (Allocation Failure) [PSYoungGen: 60800K->1312K(61952K)] 390182K->330694K(694272K), 0.0020872 secs] [Times: user=0.00 sys=0.00, real=0.00 secs] 
1445.379: [GC (Allocation Failure) [PSYoungGen: 60704K->1376K(60928K)] 390086K->330758K(693248K), 0.0021005 secs] [Times: user=0.01 sys=0.00, real=0.00 secs] 
1445.900: [GC (Allocation Failure) [PSYoungGen: 60768K->1344K(61440K)] 390150K->330742K(693760K), 0.0020666 secs] [Times: user=0.01 sys=0.00, real=0.00 secs] 
1446.589: [GC (Allocation Failure) [PSYoungGen: 60736K->1408K(61440K)] 390134K->330806K(693760K), 0.0035978 secs] [Times: user=0.01 sys=0.00, real=0.00 secs] 
1447.256: [GC (Allocation Failure) [PSYoungGen: 60800K->1424K(61440K)] 390198K->330822K(693760K), 0.0052473 secs] [Times: user=0.02 sys=0.00, real=0.01 secs] 
1447.784: [GC (Allocation Failure) [PSYoungGen: 60816K->1440K(61440K)] 390214K->330838K(693760K), 0.0023420 secs] [Times: user=0.01 sys=0.00, real=0.00 secs] 
1449.243: [GC (Allocation Failure) [PSYoungGen: 60832K->1408K(61440K)] 390230K->330806K(693760K), 0.0032310 secs] [Times: user=0.02 sys=0.00, real=0.00 secs] 
1449.835: [GC (Allocation Failure) [PSYoungGen: 60800K->1376K(61440K)] 390198K->330774K(693760K), 0.0026891 secs] [Times: user=0.01 sys=0.00, real=0.00 secs] 
1450.264: [GC (Allocation Failure) [PSYoungGen: 60768K->1408K(61440K)] 390166K->330806K(693760K), 0.0023834 secs] [Times: user=0.01 sys=0.00, real=0.00 secs] 
1450.515: [GC (Allocation Failure) [PSYoungGen: 60800K->1376K(61440K)] 390198K->330774K(693760K), 0.0019152 secs] [Times: user=0.01 sys=0.00, real=0.00 secs] 
1451.480: [GC (Allocation Failure) [PSYoungGen: 60768K->1920K(61440K)] 390166K->331318K(693760K), 0.0017560 secs] [Times: user=0.01 sys=0.00, real=0.00 secs] 
1451.976: [GC (Allocation Failure) [PSYoungGen: 61312K->1408K(60928K)] 390710K->330814K(693248K), 0.0018761 secs] [Times: user=0.00 sys=0.00, real=0.00 secs] 
1452.504: [GC (Allocation Failure) [PSYoungGen: 60800K->1360K(61440K)] 390206K->330766K(693760K), 0.0039632 secs] [Times: user=0.01 sys=0.00, real=0.00 secs] 
1452.966: [GC (Allocation Failure) [PSYoungGen: 60752K->1376K(61440K)] 390158K->330790K(693760K), 0.0024401 secs] [Times: user=0.01 sys=0.00, real=0.00 secs] 
1453.336: [GC (Allocation Failure) [PSYoungGen: 60768K->1360K(61440K)] 390182K->330782K(693760K), 0.0019350 secs] [Times: user=0.00 sys=0.00, real=0.00 secs] 
1454.562: [GC (Allocation Failure) [PSYoungGen: 60752K->1408K(61440K)] 390174K->330830K(693760K), 0.0020379 secs] [Times: user=0.00 sys=0.00, real=0.00 secs] 
1455.301: [GC (Allocation Failure) [PSYoungGen: 60800K->1376K(61440K)] 390222K->330798K(693760K), 0.0048766 secs] [Times: user=0.02 sys=0.00, real=0.00 secs] 
1456.004: [GC (Allocation Failure) [PSYoungGen: 60768K->1408K(61440K)] 390190K->330830K(693760K), 0.0030885 secs] [Times: user=0.01 sys=0.00, real=0.00 secs] 
1456.505: [GC (Allocation Failure) [PSYoungGen: 60800K->1408K(61440K)] 390222K->330830K(693760K), 0.0031071 secs] [Times: user=0.01 sys=0.00, real=0.00 secs] 
1457.086: [GC (Allocation Failure) [PSYoungGen: 60800K->1376K(61440K)] 390222K->330798K(693760K), 0.0042312 secs] [Times: user=0.02 sys=0.00, real=0.01 secs] 
1458.576: [GC (Allocation Failure) [PSYoungGen: 60768K->1424K(61440K)] 390190K->330846K(693760K), 0.0022026 secs] [Times: user=0.00 sys=0.00, real=0.00 secs] 
1459.170: [GC (Allocation Failure) [PSYoungGen: 60816K->1408K(61440K)] 390238K->330838K(693760K), 0.0050228 secs] [Times: user=0.02 sys=0.01, real=0.00 secs] 
1459.678: [GC (Allocation Failure) [PSYoungGen: 60800K->1344K(61440K)] 390230K->330774K(693760K), 0.0031097 secs] [Times: user=0.01 sys=0.00, real=0.01 secs] 
1460.181: [GC (Allocation Failure) [PSYoungGen: 60736K->1408K(61440K)] 390166K->330838K(693760K), 0.0039557 secs] [Times: user=0.02 sys=0.00, real=0.00 secs] 
1460.628: [GC (Allocation Failure) [PSYoungGen: 60800K->1408K(61440K)] 390230K->330838K(693760K), 0.0022909 secs] [Times: user=0.01 sys=0.00, real=0.01 secs] 
1462.021: [GC (Allocation Failure) [PSYoungGen: 60800K->1408K(61440K)] 390230K->330838K(693760K), 0.0021126 secs] [Times: user=0.01 sys=0.00, real=0.00 secs] 
1462.505: [GC (Allocation Failure) [PSYoungGen: 60800K->1408K(61440K)] 390230K->330838K(693760K), 0.0031242 secs] [Times: user=0.01 sys=0.00, real=0.00 secs] 
1463.009: [GC (Allocation Failure) [PSYoungGen: 60800K->1376K(61440K)] 390230K->330806K(693760K), 0.0022072 secs] [Times: user=0.01 sys=0.00, real=0.00 secs] 
1463.496: [GC (Allocation Failure) [PSYoungGen: 60768K->1376K(61440K)] 390198K->330806K(693760K), 0.0022042 secs] [Times: user=0.01 sys=0.00, real=0.00 secs] 
1464.834: [GC (Allocation Failure) [PSYoungGen: 60768K->1888K(61440K)] 390198K->331326K(693760K), 0.0017618 secs] [Times: user=0.01 sys=0.00, real=0.00 secs] 
1465.500: [GC (Allocation Failure) [PSYoungGen: 61280K->1408K(61440K)] 390718K->330862K(693760K), 0.0029280 secs] [Times: user=0.01 sys=0.00, real=0.00 secs] 
1466.533: [GC (Allocation Failure) [PSYoungGen: 60800K->1376K(61440K)] 390254K->330830K(693760K), 0.0024624 secs] [Times: user=0.01 sys=0.00, real=0.00 secs] 
1467.031: [GC (Allocation Failure) [PSYoungGen: 60768K->1376K(61440K)] 390222K->330830K(693760K), 0.0019841 secs] [Times: user=0.01 sys=0.00, real=0.00 secs] 
1467.526: [GC (Allocation Failure) [PSYoungGen: 60768K->1344K(61440K)] 390222K->330798K(693760K), 0.0023404 secs] [Times: user=0.01 sys=0.00, real=0.00 secs] 
1469.433: [GC (Allocation Failure) [PSYoungGen: 60736K->1440K(61440K)] 390190K->330894K(693760K), 0.0047293 secs] [Times: user=0.02 sys=0.00, real=0.00 secs] 
1469.996: [GC (Allocation Failure) [PSYoungGen: 60832K->1392K(61440K)] 390286K->330846K(693760K), 0.0027413 secs] [Times: user=0.01 sys=0.00, real=0.01 secs] 
1470.495: [GC (Allocation Failure) [PSYoungGen: 60784K->1440K(61440K)] 390238K->330894K(693760K), 0.0026679 secs] [Times: user=0.01 sys=0.00, real=0.00 secs] 
1471.040: [GC (Allocation Failure) [PSYoungGen: 60832K->1344K(61440K)] 390286K->330798K(693760K), 0.0024344 secs] [Times: user=0.01 sys=0.00, real=0.00 secs] 
1471.621: [GC (Allocation Failure) [PSYoungGen: 60736K->1408K(61440K)] 390190K->330862K(693760K), 0.0038699 secs] [Times: user=0.02 sys=0.00, real=0.00 secs] 
1472.914: [GC (Allocation Failure) [PSYoungGen: 60800K->1376K(61440K)] 390254K->330838K(693760K), 0.0017646 secs] [Times: user=0.01 sys=0.00, real=0.00 secs] 
1473.444: [GC (Allocation Failure) [PSYoungGen: 60768K->1408K(61440K)] 390230K->330870K(693760K), 0.0050747 secs] [Times: user=0.02 sys=0.01, real=0.01 secs] 
1473.964: [GC (Allocation Failure) [PSYoungGen: 60800K->1408K(61440K)] 390262K->330870K(693760K), 0.0026341 secs] [Times: user=0.01 sys=0.00, real=0.00 secs] 
1474.482: [GC (Allocation Failure) [PSYoungGen: 60800K->1376K(60928K)] 390262K->330838K(693248K), 0.0028252 secs] [Times: user=0.01 sys=0.00, real=0.00 secs] 
1474.985: [GC (Allocation Failure) [PSYoungGen: 60768K->1408K(60928K)] 390230K->330886K(693248K), 0.0026560 secs] [Times: user=0.02 sys=0.00, real=0.00 secs] 
1476.196: [GC (Allocation Failure) [PSYoungGen: 60800K->1440K(60928K)] 390278K->330942K(693248K), 0.0017954 secs] [Times: user=0.01 sys=0.00, real=0.00 secs] 
1476.683: [GC (Allocation Failure) [PSYoungGen: 60832K->1392K(60928K)] 390334K->330894K(693248K), 0.0040227 secs] [Times: user=0.02 sys=0.00, real=0.00 secs] 
1477.255: [GC (Allocation Failure) [PSYoungGen: 60784K->1376K(60928K)] 390286K->330878K(693248K), 0.0032386 secs] [Times: user=0.01 sys=0.01, real=0.00 secs] 
1477.864: [GC (Allocation Failure) [PSYoungGen: 60768K->1408K(60928K)] 390270K->330910K(693248K), 0.0023485 secs] [Times: user=0.01 sys=0.01, real=0.00 secs] 
1479.542: [GC (Allocation Failure) [PSYoungGen: 60800K->1520K(60928K)] 390302K->331108K(693248K), 0.0035937 secs] [Times: user=0.01 sys=0.00, real=0.00 secs] 
1480.545: [GC (Allocation Failure) [PSYoungGen: 60912K->1328K(61440K)] 390500K->330916K(693760K), 0.0062457 secs] [Times: user=0.02 sys=0.00, real=0.01 secs] 
1481.162: [GC (Allocation Failure) [PSYoungGen: 60720K->1312K(61440K)] 390308K->330900K(693760K), 0.0023563 secs] [Times: user=0.01 sys=0.00, real=0.00 secs] 
1481.435: [GC (Allocation Failure) [PSYoungGen: 60704K->1344K(61440K)] 390292K->330932K(693760K), 0.0020526 secs] [Times: user=0.01 sys=0.00, real=0.00 secs] 
1481.843: [GC (Allocation Failure) [PSYoungGen: 60736K->1296K(61440K)] 390324K->330884K(693760K), 0.0020753 secs] [Times: user=0.00 sys=0.01, real=0.00 secs] 
1483.073: [GC (Allocation Failure) [PSYoungGen: 60688K->1520K(61440K)] 390276K->331108K(693760K), 0.0016894 secs] [Times: user=0.01 sys=0.00, real=0.00 secs] 
1483.542: [GC (Allocation Failure) [PSYoungGen: 60912K->1536K(61440K)] 390500K->331132K(693760K), 0.0019881 secs] [Times: user=0.01 sys=0.00, real=0.00 secs] 
1484.028: [GC (Allocation Failure) [PSYoungGen: 60928K->1536K(61440K)] 390524K->331140K(693760K), 0.0020311 secs] [Times: user=0.01 sys=0.00, real=0.01 secs] 
1484.892: [GC (Allocation Failure) [PSYoungGen: 60928K->1488K(61440K)] 390532K->331092K(693760K), 0.0049086 secs] [Times: user=0.02 sys=0.00, real=0.00 secs] 
1485.683: [GC (Allocation Failure) [PSYoungGen: 60880K->1488K(61440K)] 390484K->331092K(693760K), 0.0050252 secs] [Times: user=0.02 sys=0.00, real=0.00 secs] 
1487.148: [GC (Allocation Failure) [PSYoungGen: 60880K->1536K(61440K)] 390484K->331140K(693760K), 0.0020830 secs] [Times: user=0.01 sys=0.00, real=0.01 secs] 
1487.395: [GC (Allocation Failure) [PSYoungGen: 60928K->1488K(61440K)] 390532K->331092K(693760K), 0.0020790 secs] [Times: user=0.01 sys=0.00, real=0.00 secs] 
1487.642: [GC (Allocation Failure) [PSYoungGen: 60880K->1552K(61440K)] 390484K->331156K(693760K), 0.0019543 secs] [Times: user=0.01 sys=0.00, real=0.00 secs] 
1487.889: [GC (Allocation Failure) [PSYoungGen: 60944K->1488K(61440K)] 390548K->331092K(693760K), 0.0019127 secs] [Times: user=0.01 sys=0.00, real=0.00 secs] 
1488.137: [GC (Allocation Failure) [PSYoungGen: 60880K->1504K(61440K)] 390484K->331108K(693760K), 0.0017020 secs] [Times: user=0.01 sys=0.00, real=0.01 secs] 
1489.647: [GC (Allocation Failure) [PSYoungGen: 60896K->1440K(61440K)] 390500K->331171K(693760K), 0.0026593 secs] [Times: user=0.01 sys=0.00, real=0.01 secs] 
1490.313: [GC (Allocation Failure) [PSYoungGen: 60832K->1440K(61440K)] 390563K->331171K(693760K), 0.0027322 secs] [Times: user=0.01 sys=0.00, real=0.00 secs] 
1490.993: [GC (Allocation Failure) [PSYoungGen: 60832K->1392K(61440K)] 390563K->331123K(693760K), 0.0033067 secs] [Times: user=0.01 sys=0.00, real=0.00 secs] 
1491.625: [GC (Allocation Failure) [PSYoungGen: 60784K->1440K(61440K)] 390515K->331171K(693760K), 0.0031880 secs] [Times: user=0.01 sys=0.00, real=0.00 secs] 
1492.755: [GC (Allocation Failure) [PSYoungGen: 60832K->1696K(61440K)] 390563K->331427K(693760K), 0.0016778 secs] [Times: user=0.01 sys=0.00, real=0.00 secs] 
1493.513: [GC (Allocation Failure) [PSYoungGen: 61088K->1360K(61440K)] 390819K->331115K(693760K), 0.0037477 secs] [Times: user=0.02 sys=0.00, real=0.00 secs] 
1494.057: [GC (Allocation Failure) [PSYoungGen: 60752K->1424K(61440K)] 390507K->331187K(693760K), 0.0031672 secs] [Times: user=0.01 sys=0.00, real=0.01 secs] 
1494.671: [GC (Allocation Failure) [PSYoungGen: 60816K->1376K(61440K)] 390579K->331139K(693760K), 0.0031976 secs] [Times: user=0.01 sys=0.00, real=0.00 secs] 
1495.207: [GC (Allocation Failure) [PSYoungGen: 60768K->1392K(61440K)] 390531K->331155K(693760K), 0.0027086 secs] [Times: user=0.01 sys=0.00, real=0.01 secs] 
1496.426: [GC (Allocation Failure) [PSYoungGen: 60784K->1376K(61440K)] 390547K->331139K(693760K), 0.0017194 secs] [Times: user=0.01 sys=0.00, real=0.00 secs] 
1496.672: [GC (Allocation Failure) [PSYoungGen: 60768K->1408K(61440K)] 390531K->331171K(693760K), 0.0017671 secs] [Times: user=0.01 sys=0.00, real=0.00 secs] 
1496.919: [GC (Allocation Failure) [PSYoungGen: 60800K->1376K(61440K)] 390563K->331139K(693760K), 0.0017595 secs] [Times: user=0.00 sys=0.00, real=0.00 secs] 
1497.165: [GC (Allocation Failure) [PSYoungGen: 60768K->1376K(61440K)] 390531K->331139K(693760K), 0.0016900 secs] [Times: user=0.01 sys=0.01, real=0.00 secs] 
1497.411: [GC (Allocation Failure) [PSYoungGen: 60768K->1376K(61440K)] 390531K->331139K(693760K), 0.0017139 secs] [Times: user=0.01 sys=0.00, real=0.00 secs] 
1498.384: [GC (Allocation Failure) [PSYoungGen: 60768K->1376K(61440K)] 390531K->331139K(693760K), 0.0018183 secs] [Times: user=0.01 sys=0.00, real=0.00 secs] 
1498.825: [GC (Allocation Failure) [PSYoungGen: 60768K->1392K(61440K)] 390531K->331155K(693760K), 0.0019473 secs] [Times: user=0.00 sys=0.00, real=0.00 secs] 
1499.306: [GC (Allocation Failure) [PSYoungGen: 60784K->1376K(61440K)] 390547K->331139K(693760K), 0.0019310 secs] [Times: user=0.00 sys=0.00, real=0.00 secs] 
1499.812: [GC (Allocation Failure) [PSYoungGen: 60768K->1376K(61440K)] 390531K->331139K(693760K), 0.0019954 secs] [Times: user=0.01 sys=0.00, real=0.00 secs] 
1500.315: [GC (Allocation Failure) [PSYoungGen: 60768K->1440K(61440K)] 390531K->331203K(693760K), 0.0021679 secs] [Times: user=0.01 sys=0.00, real=0.00 secs] 
1501.775: [GC (Allocation Failure) [PSYoungGen: 60832K->1408K(61440K)] 390595K->331171K(693760K), 0.0018987 secs] [Times: user=0.01 sys=0.00, real=0.00 secs] 
1502.715: [GC (Allocation Failure) [PSYoungGen: 60800K->1408K(60928K)] 390563K->331187K(693248K), 0.0032326 secs] [Times: user=0.01 sys=0.00, real=0.00 secs] 
1503.577: [GC (Allocation Failure) [PSYoungGen: 60800K->1392K(60928K)] 390579K->331171K(693248K), 0.0030175 secs] [Times: user=0.01 sys=0.00, real=0.01 secs] 
1504.618: [GC (Allocation Failure) [PSYoungGen: 60784K->352K(60416K)] 390563K->331155K(692736K), 0.0045169 secs] [Times: user=0.02 sys=0.00, real=0.01 secs] 
1506.381: [GC (Allocation Failure) [PSYoungGen: 59744K->1696K(61440K)] 390547K->332499K(693760K), 0.0017517 secs] [Times: user=0.01 sys=0.00, real=0.00 secs] 
1506.628: [GC (Allocation Failure) [PSYoungGen: 61088K->1376K(61440K)] 391891K->332179K(693760K), 0.0015387 secs] [Times: user=0.00 sys=0.00, real=0.01 secs] 
1506.875: [GC (Allocation Failure) [PSYoungGen: 60768K->1376K(61440K)] 391571K->332179K(693760K), 0.0015036 secs] [Times: user=0.00 sys=0.00, real=0.00 secs] 
1507.148: [GC (Allocation Failure) [PSYoungGen: 60768K->1408K(61440K)] 391571K->332211K(693760K), 0.0018042 secs] [Times: user=0.00 sys=0.00, real=0.01 secs] 
1507.569: [GC (Allocation Failure) [PSYoungGen: 60800K->1408K(61440K)] 391603K->332211K(693760K), 0.0018584 secs] [Times: user=0.01 sys=0.00, real=0.00 secs] 
1509.103: [GC (Allocation Failure) [PSYoungGen: 60800K->1440K(61440K)] 391603K->332243K(693760K), 0.0023281 secs] [Times: user=0.01 sys=0.00, real=0.00 secs] 
1509.604: [GC (Allocation Failure) [PSYoungGen: 60832K->1392K(61440K)] 391635K->332203K(693760K), 0.0021569 secs] [Times: user=0.01 sys=0.00, real=0.00 secs] 
1510.328: [GC (Allocation Failure) [PSYoungGen: 60784K->1328K(61440K)] 391595K->332139K(693760K), 0.0021202 secs] [Times: user=0.01 sys=0.00, real=0.01 secs] 
1511.225: [GC (Allocation Failure) [PSYoungGen: 60720K->1408K(61440K)] 391531K->332219K(693760K), 0.0030503 secs] [Times: user=0.01 sys=0.00, real=0.00 secs] 
1512.325: [GC (Allocation Failure) [PSYoungGen: 60800K->1376K(61440K)] 391611K->332187K(693760K), 0.0037963 secs] [Times: user=0.01 sys=0.00, real=0.00 secs] 
1514.184: [GC (Allocation Failure) [PSYoungGen: 60768K->1408K(61440K)] 391579K->332219K(693760K), 0.0026328 secs] [Times: user=0.01 sys=0.00, real=0.00 secs] 
1514.456: [GC (Allocation Failure) [PSYoungGen: 60800K->1408K(61440K)] 391611K->332219K(693760K), 0.0019412 secs] [Times: user=0.01 sys=0.00, real=0.00 secs] 
1514.703: [GC (Allocation Failure) [PSYoungGen: 60800K->1312K(61440K)] 391611K->332123K(693760K), 0.0020144 secs] [Times: user=0.01 sys=0.00, real=0.00 secs] 
1514.950: [GC (Allocation Failure) [PSYoungGen: 60704K->1360K(61440K)] 391515K->332187K(693760K), 0.0020864 secs] [Times: user=0.01 sys=0.00, real=0.00 secs] 
1515.243: [GC (Allocation Failure) [PSYoungGen: 60752K->1408K(61440K)] 391579K->332235K(693760K), 0.0018846 secs] [Times: user=0.00 sys=0.00, real=0.00 secs] 
1517.107: [GC (Allocation Failure) [PSYoungGen: 60800K->1408K(61440K)] 391627K->332235K(693760K), 0.0048370 secs] [Times: user=0.01 sys=0.00, real=0.01 secs] 
1518.160: [GC (Allocation Failure) [PSYoungGen: 60800K->1408K(61440K)] 391627K->332235K(693760K), 0.0034485 secs] [Times: user=0.02 sys=0.00, real=0.00 secs] 
1518.498: [GC (Allocation Failure) [PSYoungGen: 60800K->1344K(60928K)] 391627K->332171K(693248K), 0.0020606 secs] [Times: user=0.01 sys=0.00, real=0.01 secs] 
1518.745: [GC (Allocation Failure) [PSYoungGen: 60736K->1344K(60928K)] 391563K->332171K(693248K), 0.0021447 secs] [Times: user=0.01 sys=0.00, real=0.00 secs] 
1520.563: [GC (Allocation Failure) [PSYoungGen: 60736K->512K(60416K)] 391563K->332363K(692736K), 0.0028138 secs] [Times: user=0.01 sys=0.00, real=0.00 secs] 
1521.339: [GC (Allocation Failure) [PSYoungGen: 59904K->336K(61440K)] 391755K->332187K(693760K), 0.0020051 secs] [Times: user=0.00 sys=0.00, real=0.00 secs] 
1522.432: [GC (Allocation Failure) [PSYoungGen: 59728K->384K(61440K)] 391579K->332235K(693760K), 0.0033500 secs] [Times: user=0.01 sys=0.00, real=0.00 secs] 
1523.043: [GC (Allocation Failure) [PSYoungGen: 59776K->320K(61440K)] 391627K->332171K(693760K), 0.0026984 secs] [Times: user=0.01 sys=0.00, real=0.00 secs] 
1523.604: [GC (Allocation Failure) [PSYoungGen: 59712K->320K(61440K)] 391563K->332171K(693760K), 0.0020045 secs] [Times: user=0.01 sys=0.00, real=0.00 secs] 
1525.143: [GC (Allocation Failure) [PSYoungGen: 59712K->1408K(61440K)] 391563K->333259K(693760K), 0.0021293 secs] [Times: user=0.01 sys=0.00, real=0.00 secs] 
1525.850: [GC (Allocation Failure) [PSYoungGen: 60800K->1344K(61440K)] 392651K->333203K(693760K), 0.0024116 secs] [Times: user=0.01 sys=0.00, real=0.00 secs] 
1526.792: [GC (Allocation Failure) [PSYoungGen: 60736K->1376K(61440K)] 392595K->333235K(693760K), 0.0021271 secs] [Times: user=0.01 sys=0.00, real=0.00 secs] 
1527.356: [GC (Allocation Failure) [PSYoungGen: 60768K->1344K(61952K)] 392627K->333203K(694272K), 0.0021010 secs] [Times: user=0.01 sys=0.00, real=0.00 secs] 
1527.603: [GC (Allocation Failure) [PSYoungGen: 60736K->1392K(61952K)] 392595K->333251K(694272K), 0.0018514 secs] [Times: user=0.01 sys=0.00, real=0.00 secs] 
1528.809: [GC (Allocation Failure) [PSYoungGen: 60784K->1408K(61952K)] 392643K->333267K(694272K), 0.0018549 secs] [Times: user=0.01 sys=0.00, real=0.00 secs] 
1529.363: [GC (Allocation Failure) [PSYoungGen: 60800K->1344K(61952K)] 392659K->333203K(694272K), 0.0018590 secs] [Times: user=0.01 sys=0.00, real=0.00 secs] 
1529.702: [GC (Allocation Failure) [PSYoungGen: 60736K->1344K(60928K)] 392595K->333203K(693248K), 0.0019585 secs] [Times: user=0.00 sys=0.00, real=0.00 secs] 
1529.991: [GC (Allocation Failure) [PSYoungGen: 60736K->1360K(61440K)] 392595K->333219K(693760K), 0.0017510 secs] [Times: user=0.01 sys=0.00, real=0.00 secs] 
1530.477: [GC (Allocation Failure) [PSYoungGen: 60752K->1328K(61440K)] 392611K->333187K(693760K), 0.0024466 secs] [Times: user=0.01 sys=0.00, real=0.01 secs] 
1531.453: [GC (Allocation Failure) [PSYoungGen: 60720K->1440K(61440K)] 392579K->333299K(693760K), 0.0018207 secs] [Times: user=0.01 sys=0.00, real=0.00 secs] 
1531.701: [GC (Allocation Failure) [PSYoungGen: 60832K->1344K(61440K)] 392691K->333203K(693760K), 0.0018029 secs] [Times: user=0.01 sys=0.00, real=0.00 secs] 
1532.202: [GC (Allocation Failure) [PSYoungGen: 60736K->1376K(61440K)] 392595K->333235K(693760K), 0.0039368 secs] [Times: user=0.01 sys=0.00, real=0.00 secs] 
1532.804: [GC (Allocation Failure) [PSYoungGen: 60768K->1408K(61440K)] 392627K->333267K(693760K), 0.0030978 secs] [Times: user=0.01 sys=0.01, real=0.00 secs] 
1534.183: [GC (Allocation Failure) [PSYoungGen: 60800K->1504K(61440K)] 392659K->333371K(693760K), 0.0015204 secs] [Times: user=0.01 sys=0.00, real=0.00 secs] 
1534.699: [GC (Allocation Failure) [PSYoungGen: 60896K->1408K(61440K)] 392763K->333275K(693760K), 0.0018212 secs] [Times: user=0.01 sys=0.00, real=0.00 secs] 
1535.252: [GC (Allocation Failure) [PSYoungGen: 60800K->1392K(61440K)] 392667K->333259K(693760K), 0.0032660 secs] [Times: user=0.01 sys=0.00, real=0.00 secs] 
1535.541: [GC (Allocation Failure) [PSYoungGen: 60784K->1408K(61440K)] 392651K->333275K(693760K), 0.0019970 secs] [Times: user=0.00 sys=0.00, real=0.00 secs] 
1535.790: [GC (Allocation Failure) [PSYoungGen: 60800K->1344K(61440K)] 392667K->333211K(693760K), 0.0018802 secs] [Times: user=0.01 sys=0.00, real=0.00 secs] 
1538.093: [GC (Allocation Failure) [PSYoungGen: 60736K->1440K(61440K)] 392603K->333307K(693760K), 0.0034891 secs] [Times: user=0.01 sys=0.01, real=0.00 secs] 
1538.565: [GC (Allocation Failure) [PSYoungGen: 60832K->1376K(61440K)] 392699K->333243K(693760K), 0.0020686 secs] [Times: user=0.01 sys=0.00, real=0.00 secs] 
1538.840: [GC (Allocation Failure) [PSYoungGen: 60768K->1328K(61440K)] 392635K->333195K(693760K), 0.0020590 secs] [Times: user=0.01 sys=0.00, real=0.00 secs] 
1539.158: [GC (Allocation Failure) [PSYoungGen: 60720K->1376K(61440K)] 392587K->333243K(693760K), 0.0020116 secs] [Times: user=0.01 sys=0.00, real=0.01 secs] 
1539.605: [GC (Allocation Failure) [PSYoungGen: 60768K->1424K(61440K)] 392635K->333291K(693760K), 0.0019315 secs] [Times: user=0.00 sys=0.00, real=0.00 secs] 
1541.103: [GC (Allocation Failure) [PSYoungGen: 60816K->1344K(61440K)] 392683K->333211K(693760K), 0.0020256 secs] [Times: user=0.01 sys=0.00, real=0.00 secs] 
1541.975: [GC (Allocation Failure) [PSYoungGen: 60736K->1408K(61440K)] 392603K->333275K(693760K), 0.0024473 secs] [Times: user=0.01 sys=0.00, real=0.00 secs] 
1542.663: [GC (Allocation Failure) [PSYoungGen: 60800K->1344K(61440K)] 392667K->333211K(693760K), 0.0025720 secs] [Times: user=0.01 sys=0.00, real=0.00 secs] 
1543.073: [GC (Allocation Failure) [PSYoungGen: 60736K->1392K(61440K)] 392603K->333259K(693760K), 0.0024751 secs] [Times: user=0.01 sys=0.00, real=0.00 secs] 
1543.658: [GC (Allocation Failure) [PSYoungGen: 60784K->1392K(61440K)] 392651K->333259K(693760K), 0.0024046 secs] [Times: user=0.01 sys=0.00, real=0.01 secs] 
1544.742: [GC (Allocation Failure) [PSYoungGen: 60784K->1472K(61440K)] 392651K->333355K(693760K), 0.0018730 secs] [Times: user=0.01 sys=0.00, real=0.00 secs] 
1544.989: [GC (Allocation Failure) [PSYoungGen: 60864K->1408K(61440K)] 392747K->333299K(693760K), 0.0016516 secs] [Times: user=0.01 sys=0.00, real=0.00 secs] 
1545.236: [GC (Allocation Failure) [PSYoungGen: 60800K->1376K(61440K)] 392691K->333267K(693760K), 0.0016928 secs] [Times: user=0.01 sys=0.00, real=0.00 secs] 
1545.482: [GC (Allocation Failure) [PSYoungGen: 60768K->1376K(61440K)] 392659K->333267K(693760K), 0.0017340 secs] [Times: user=0.01 sys=0.00, real=0.00 secs] 
1546.526: [GC (Allocation Failure) [PSYoungGen: 60768K->1536K(61440K)] 392659K->333427K(693760K), 0.0018004 secs] [Times: user=0.00 sys=0.00, real=0.00 secs] 
1546.861: [GC (Allocation Failure) [PSYoungGen: 60928K->1376K(61440K)] 392819K->333267K(693760K), 0.0019375 secs] [Times: user=0.01 sys=0.00, real=0.00 secs] 
1547.108: [GC (Allocation Failure) [PSYoungGen: 60768K->1312K(61440K)] 392659K->333203K(693760K), 0.0016932 secs] [Times: user=0.01 sys=0.00, real=0.01 secs] 
1547.400: [GC (Allocation Failure) [PSYoungGen: 60704K->1408K(61440K)] 392595K->333299K(693760K), 0.0018739 secs] [Times: user=0.01 sys=0.00, real=0.00 secs] 
1547.866: [GC (Allocation Failure) [PSYoungGen: 60800K->1408K(61440K)] 392691K->333299K(693760K), 0.0017964 secs] [Times: user=0.01 sys=0.00, real=0.00 secs] 
1548.999: [GC (Allocation Failure) [PSYoungGen: 60800K->1424K(61440K)] 392691K->333315K(693760K), 0.0018125 secs] [Times: user=0.01 sys=0.00, real=0.00 secs] 
1549.255: [GC (Allocation Failure) [PSYoungGen: 60816K->1376K(61440K)] 392707K->333267K(693760K), 0.0017118 secs] [Times: user=0.00 sys=0.00, real=0.00 secs] 
1549.695: [GC (Allocation Failure) [PSYoungGen: 60768K->1408K(60928K)] 392659K->333299K(693248K), 0.0020444 secs] [Times: user=0.01 sys=0.00, real=0.00 secs] 
1550.184: [GC (Allocation Failure) [PSYoungGen: 60800K->1408K(60928K)] 392691K->333299K(693248K), 0.0021016 secs] [Times: user=0.01 sys=0.00, real=0.00 secs] 
1550.684: [GC (Allocation Failure) [PSYoungGen: 60800K->1408K(60928K)] 392691K->333299K(693248K), 0.0020023 secs] [Times: user=0.00 sys=0.00, real=0.00 secs] 
1552.126: [GC (Allocation Failure) [PSYoungGen: 60800K->1408K(60928K)] 392691K->333323K(693248K), 0.0024275 secs] [Times: user=0.01 sys=0.00, real=0.00 secs] 
1552.851: [GC (Allocation Failure) [PSYoungGen: 60800K->1376K(60928K)] 392715K->333291K(693248K), 0.0051712 secs] [Times: user=0.02 sys=0.00, real=0.00 secs] 
1553.613: [GC (Allocation Failure) [PSYoungGen: 60768K->1392K(60928K)] 392683K->333307K(693248K), 0.0043056 secs] [Times: user=0.01 sys=0.00, real=0.00 secs] 
1554.199: [GC (Allocation Failure) [PSYoungGen: 60784K->1408K(60928K)] 392699K->333323K(693248K), 0.0031508 secs] [Times: user=0.02 sys=0.00, real=0.00 secs] 
1554.777: [GC (Allocation Failure) [PSYoungGen: 60800K->1392K(60928K)] 392715K->333307K(693248K), 0.0026699 secs] [Times: user=0.01 sys=0.00, real=0.01 secs] 
1556.308: [GC (Allocation Failure) [PSYoungGen: 60784K->1408K(60928K)] 392699K->333323K(693248K), 0.0028022 secs] [Times: user=0.01 sys=0.01, real=0.01 secs] 
1556.872: [GC (Allocation Failure) [PSYoungGen: 60800K->1376K(60928K)] 392715K->333291K(693248K), 0.0027178 secs] [Times: user=0.01 sys=0.00, real=0.00 secs] 
1557.200: [GC (Allocation Failure) [PSYoungGen: 60768K->1328K(60928K)] 392683K->333243K(693248K), 0.0020122 secs] [Times: user=0.01 sys=0.00, real=0.00 secs] 
1557.484: [GC (Allocation Failure) [PSYoungGen: 60720K->1408K(60928K)] 392635K->333323K(693248K), 0.0018738 secs] [Times: user=0.01 sys=0.00, real=0.00 secs] 
1558.474: [GC (Allocation Failure) [PSYoungGen: 60800K->1504K(60928K)] 392715K->333419K(693248K), 0.0016130 secs] [Times: user=0.01 sys=0.00, real=0.00 secs] 
1558.737: [GC (Allocation Failure) [PSYoungGen: 60896K->1392K(60928K)] 392811K->333307K(693248K), 0.0016851 secs] [Times: user=0.01 sys=0.00, real=0.00 secs] 
1559.029: [GC (Allocation Failure) [PSYoungGen: 60784K->1376K(60928K)] 392699K->333291K(693248K), 0.0016498 secs] [Times: user=0.01 sys=0.00, real=0.00 secs] 
1559.353: [GC (Allocation Failure) [PSYoungGen: 60768K->1344K(60928K)] 392683K->333259K(693248K), 0.0032992 secs] [Times: user=0.01 sys=0.00, real=0.00 secs] 
1559.838: [GC (Allocation Failure) [PSYoungGen: 60736K->1440K(60928K)] 392651K->333355K(693248K), 0.0028359 secs] [Times: user=0.01 sys=0.00, real=0.01 secs] 
1561.204: [GC (Allocation Failure) [PSYoungGen: 60832K->1440K(60928K)] 392747K->333355K(693248K), 0.0029089 secs] [Times: user=0.01 sys=0.00, real=0.00 secs] 
1561.734: [GC (Allocation Failure) [PSYoungGen: 60832K->1408K(60928K)] 392747K->333323K(693248K), 0.0020620 secs] [Times: user=0.01 sys=0.00, real=0.00 secs] 
1562.223: [GC (Allocation Failure) [PSYoungGen: 60800K->1376K(60928K)] 392715K->333291K(693248K), 0.0021060 secs] [Times: user=0.01 sys=0.00, real=0.00 secs] 
1562.727: [GC (Allocation Failure) [PSYoungGen: 60768K->1408K(60928K)] 392683K->333339K(693248K), 0.0022475 secs] [Times: user=0.01 sys=0.00, real=0.01 secs] 
1563.258: [GC (Allocation Failure) [PSYoungGen: 60800K->1376K(60928K)] 392731K->333307K(693248K), 0.0025186 secs] [Times: user=0.01 sys=0.00, real=0.01 secs] 
1564.605: [GC (Allocation Failure) [PSYoungGen: 60768K->1424K(60928K)] 392699K->333355K(693248K), 0.0022831 secs] [Times: user=0.01 sys=0.00, real=0.00 secs] 
1565.164: [GC (Allocation Failure) [PSYoungGen: 60816K->1408K(60928K)] 392747K->333339K(693248K), 0.0032928 secs] [Times: user=0.01 sys=0.00, real=0.00 secs] 
1565.663: [GC (Allocation Failure) [PSYoungGen: 60800K->1376K(60928K)] 392731K->333307K(693248K), 0.0029379 secs] [Times: user=0.01 sys=0.00, real=0.00 secs] 
1566.139: [GC (Allocation Failure) [PSYoungGen: 60768K->1360K(60928K)] 392699K->333291K(693248K), 0.0041042 secs] [Times: user=0.02 sys=0.00, real=0.01 secs] 
1566.615: [GC (Allocation Failure) [PSYoungGen: 60752K->1392K(60928K)] 392683K->333323K(693248K), 0.0029745 secs] [Times: user=0.01 sys=0.00, real=0.00 secs] 
1567.998: [GC (Allocation Failure) [PSYoungGen: 60784K->1408K(60928K)] 392715K->333347K(693248K), 0.0018920 secs] [Times: user=0.00 sys=0.00, real=0.01 secs] 
1568.534: [GC (Allocation Failure) [PSYoungGen: 60800K->1344K(60928K)] 392739K->333283K(693248K), 0.0040993 secs] [Times: user=0.02 sys=0.00, real=0.00 secs] 
1568.818: [GC (Allocation Failure) [PSYoungGen: 60736K->1376K(60928K)] 392675K->333315K(693248K), 0.0020946 secs] [Times: user=0.01 sys=0.00, real=0.01 secs] 
1569.065: [GC (Allocation Failure) [PSYoungGen: 60768K->1376K(60928K)] 392707K->333315K(693248K), 0.0017366 secs] [Times: user=0.01 sys=0.00, real=0.00 secs] 
1570.168: [GC (Allocation Failure) [PSYoungGen: 60768K->1424K(60928K)] 392707K->333364K(693248K), 0.0016743 secs] [Times: user=0.01 sys=0.00, real=0.01 secs] 
1570.437: [GC (Allocation Failure) [PSYoungGen: 60816K->1376K(60928K)] 392756K->333315K(693248K), 0.0017588 secs] [Times: user=0.01 sys=0.00, real=0.01 secs] 
1570.852: [GC (Allocation Failure) [PSYoungGen: 60768K->1408K(60928K)] 392707K->333347K(693248K), 0.0017015 secs] [Times: user=0.01 sys=0.00, real=0.00 secs] 
1571.324: [GC (Allocation Failure) [PSYoungGen: 60800K->1408K(60928K)] 392739K->333355K(693248K), 0.0031887 secs] [Times: user=0.01 sys=0.00, real=0.00 secs] 
1571.867: [GC (Allocation Failure) [PSYoungGen: 60800K->1408K(60928K)] 392747K->333355K(693248K), 0.0021897 secs] [Times: user=0.00 sys=0.00, real=0.01 secs] 
1573.150: [GC (Allocation Failure) [PSYoungGen: 60800K->1408K(60928K)] 392747K->333355K(693248K), 0.0018566 secs] [Times: user=0.01 sys=0.00, real=0.00 secs] 
1574.126: [GC (Allocation Failure) [PSYoungGen: 60800K->1408K(60928K)] 392747K->333363K(693248K), 0.0030844 secs] [Times: user=0.01 sys=0.00, real=0.01 secs] 
1575.077: [GC (Allocation Failure) [PSYoungGen: 60800K->1408K(60928K)] 392755K->333363K(693248K), 0.0031019 secs] [Times: user=0.01 sys=0.00, real=0.01 secs] 
1575.737: [GC (Allocation Failure) [PSYoungGen: 60800K->1408K(60928K)] 392755K->333363K(693248K), 0.0023102 secs] [Times: user=0.01 sys=0.00, real=0.01 secs] 
1576.178: [GC (Allocation Failure) [PSYoungGen: 60800K->1408K(60928K)] 392755K->333363K(693248K), 0.0019835 secs] [Times: user=0.01 sys=0.00, real=0.01 secs] 
1577.405: [GC (Allocation Failure) [PSYoungGen: 60800K->1408K(60928K)] 392755K->333363K(693248K), 0.0016683 secs] [Times: user=0.00 sys=0.00, real=0.00 secs] 
1578.023: [GC (Allocation Failure) [PSYoungGen: 60800K->1408K(60928K)] 392755K->333363K(693248K), 0.0017974 secs] [Times: user=0.01 sys=0.00, real=0.00 secs] 
1578.669: [GC (Allocation Failure) [PSYoungGen: 60800K->1376K(60928K)] 392755K->333331K(693248K), 0.0017119 secs] [Times: user=0.01 sys=0.00, real=0.00 secs] 
1579.384: [GC (Allocation Failure) [PSYoungGen: 60768K->1360K(60928K)] 392723K->333315K(693248K), 0.0019017 secs] [Times: user=0.01 sys=0.00, real=0.00 secs] 
1579.700: [GC (Allocation Failure) [PSYoungGen: 60752K->1344K(60928K)] 392707K->333299K(693248K), 0.0019167 secs] [Times: user=0.01 sys=0.00, real=0.00 secs] 
1582.679: [GC (Allocation Failure) [PSYoungGen: 60736K->1376K(60928K)] 392691K->333331K(693248K), 0.0053092 secs] [Times: user=0.03 sys=0.00, real=0.00 secs] 
1583.419: [GC (Allocation Failure) [PSYoungGen: 60768K->1376K(60928K)] 392723K->333331K(693248K), 0.0027332 secs] [Times: user=0.01 sys=0.00, real=0.00 secs] 
1584.050: [GC (Allocation Failure) [PSYoungGen: 60768K->1344K(60928K)] 392723K->333299K(693248K), 0.0066156 secs] [Times: user=0.03 sys=0.00, real=0.00 secs] 
1584.756: [GC (Allocation Failure) [PSYoungGen: 60736K->1408K(60928K)] 392691K->333363K(693248K), 0.0042798 secs] [Times: user=0.02 sys=0.00, real=0.01 secs] 
1586.102: [GC (Allocation Failure) [PSYoungGen: 60800K->1360K(60928K)] 392755K->333316K(693248K), 0.0015731 secs] [Times: user=0.01 sys=0.00, real=0.00 secs] 
1586.834: [GC (Allocation Failure) [PSYoungGen: 60752K->1408K(60928K)] 392708K->333363K(693248K), 0.0018937 secs] [Times: user=0.00 sys=0.00, real=0.00 secs] 
1587.469: [GC (Allocation Failure) [PSYoungGen: 60800K->1408K(60928K)] 392755K->333371K(693248K), 0.0027241 secs] [Times: user=0.01 sys=0.00, real=0.00 secs] 
1588.365: [GC (Allocation Failure) [PSYoungGen: 60800K->1408K(60928K)] 392763K->333371K(693248K), 0.0044477 secs] [Times: user=0.02 sys=0.00, real=0.01 secs] 
1589.264: [GC (Allocation Failure) [PSYoungGen: 60800K->1376K(60928K)] 392763K->333339K(693248K), 0.0051018 secs] [Times: user=0.02 sys=0.00, real=0.01 secs] 
1590.752: [GC (Allocation Failure) [PSYoungGen: 60768K->1440K(60928K)] 392731K->333403K(693248K), 0.0017628 secs] [Times: user=0.01 sys=0.00, real=0.00 secs] 
1591.309: [GC (Allocation Failure) [PSYoungGen: 60832K->1408K(60928K)] 392795K->333371K(693248K), 0.0021508 secs] [Times: user=0.01 sys=0.00, real=0.00 secs] 
1591.815: [GC (Allocation Failure) [PSYoungGen: 60800K->1408K(60928K)] 392763K->333371K(693248K), 0.0023135 secs] [Times: user=0.01 sys=0.00, real=0.00 secs] 
1592.560: [GC (Allocation Failure) [PSYoungGen: 60800K->1344K(60928K)] 392763K->333307K(693248K), 0.0028134 secs] [Times: user=0.01 sys=0.00, real=0.00 secs] 
1593.279: [GC (Allocation Failure) [PSYoungGen: 60736K->1376K(60928K)] 392699K->333339K(693248K), 0.0031718 secs] [Times: user=0.01 sys=0.01, real=0.00 secs] 
1594.484: [GC (Allocation Failure) [PSYoungGen: 60768K->1376K(60928K)] 392731K->333339K(693248K), 0.0019988 secs] [Times: user=0.01 sys=0.00, real=0.00 secs] 
1594.733: [GC (Allocation Failure) [PSYoungGen: 60768K->1408K(60928K)] 392731K->333371K(693248K), 0.0023182 secs] [Times: user=0.00 sys=0.00, real=0.00 secs] 
1594.980: [GC (Allocation Failure) [PSYoungGen: 60800K->1376K(60928K)] 392763K->333347K(693248K), 0.0020807 secs] [Times: user=0.01 sys=0.00, real=0.00 secs] 
1595.308: [GC (Allocation Failure) [PSYoungGen: 60768K->1376K(60928K)] 392739K->333347K(693248K), 0.0021567 secs] [Times: user=0.01 sys=0.01, real=0.01 secs] 
1595.556: [GC (Allocation Failure) [PSYoungGen: 60768K->1344K(60928K)] 392739K->333315K(693248K), 0.0019214 secs] [Times: user=0.01 sys=0.00, real=0.00 secs] 
1598.148: [GC (Allocation Failure) [PSYoungGen: 60736K->1440K(60928K)] 392707K->333411K(693248K), 0.0056449 secs] [Times: user=0.02 sys=0.00, real=0.01 secs] 
1598.590: [GC (Allocation Failure) [PSYoungGen: 60832K->1376K(60928K)] 392803K->333347K(693248K), 0.0022250 secs] [Times: user=0.01 sys=0.00, real=0.00 secs] 
1598.953: [GC (Allocation Failure) [PSYoungGen: 60768K->1408K(60928K)] 392739K->333379K(693248K), 0.0022624 secs] [Times: user=0.01 sys=0.00, real=0.00 secs] 
1599.671: [GC (Allocation Failure) [PSYoungGen: 60800K->1344K(60928K)] 392771K->333315K(693248K), 0.0022818 secs] [Times: user=0.01 sys=0.00, real=0.00 secs] 
1600.719: [GC (Allocation Failure) [PSYoungGen: 60736K->1389K(60928K)] 392707K->333361K(693248K), 0.0015802 secs] [Times: user=0.01 sys=0.00, real=0.00 secs] 
1601.761: [GC (Allocation Failure) [PSYoungGen: 60781K->1376K(60928K)] 392753K->333347K(693248K), 0.0018919 secs] [Times: user=0.01 sys=0.00, real=0.00 secs] 
1602.008: [GC (Allocation Failure) [PSYoungGen: 60768K->1408K(60928K)] 392739K->333379K(693248K), 0.0018595 secs] [Times: user=0.01 sys=0.00, real=0.01 secs] 
1602.255: [GC (Allocation Failure) [PSYoungGen: 60800K->1376K(60928K)] 392771K->333347K(693248K), 0.0016916 secs] [Times: user=0.01 sys=0.00, real=0.00 secs] 
1602.504: [GC (Allocation Failure) [PSYoungGen: 60768K->1360K(60928K)] 392739K->333331K(693248K), 0.0019372 secs] [Times: user=0.01 sys=0.01, real=0.00 secs] 
1603.469: [GC (Allocation Failure) [PSYoungGen: 60752K->1440K(60928K)] 392723K->333411K(693248K), 0.0017515 secs] [Times: user=0.01 sys=0.00, real=0.00 secs] 
1603.989: [GC (Allocation Failure) [PSYoungGen: 60832K->1408K(60928K)] 392803K->333387K(693248K), 0.0018655 secs] [Times: user=0.00 sys=0.00, real=0.00 secs] 
1604.470: [GC (Allocation Failure) [PSYoungGen: 60800K->1376K(60928K)] 392779K->333355K(693248K), 0.0018873 secs] [Times: user=0.01 sys=0.00, real=0.00 secs] 
1604.839: [GC (Allocation Failure) [PSYoungGen: 60768K->1408K(60928K)] 392747K->333387K(693248K), 0.0019933 secs] [Times: user=0.01 sys=0.00, real=0.01 secs] 
1605.086: [GC (Allocation Failure) [PSYoungGen: 60800K->1376K(60928K)] 392779K->333355K(693248K), 0.0020265 secs] [Times: user=0.01 sys=0.00, real=0.00 secs] 
1606.879: [GC (Allocation Failure) [PSYoungGen: 60768K->1376K(60928K)] 392747K->333355K(693248K), 0.0051688 secs] [Times: user=0.02 sys=0.00, real=0.00 secs] 
1608.178: [GC (Allocation Failure) [PSYoungGen: 60768K->1376K(60928K)] 392747K->333355K(693248K), 0.0052404 secs] [Times: user=0.02 sys=0.00, real=0.01 secs] 
1608.722: [GC (Allocation Failure) [PSYoungGen: 60768K->1408K(60928K)] 392747K->333387K(693248K), 0.0028662 secs] [Times: user=0.02 sys=0.00, real=0.00 secs] 
1609.234: [GC (Allocation Failure) [PSYoungGen: 60800K->1376K(60928K)] 392779K->333355K(693248K), 0.0032099 secs] [Times: user=0.01 sys=0.00, real=0.00 secs] 
1609.710: [GC (Allocation Failure) [PSYoungGen: 60768K->1408K(60928K)] 392747K->333387K(693248K), 0.0027011 secs] [Times: user=0.01 sys=0.00, real=0.00 secs] 
1610.768: [GC (Allocation Failure) [PSYoungGen: 60800K->1408K(60928K)] 392779K->333387K(693248K), 0.0018248 secs] [Times: user=0.00 sys=0.00, real=0.01 secs] 
1611.015: [GC (Allocation Failure) [PSYoungGen: 60800K->1344K(60928K)] 392779K->333323K(693248K), 0.0017354 secs] [Times: user=0.01 sys=0.00, real=0.00 secs] 
1611.261: [GC (Allocation Failure) [PSYoungGen: 60736K->1408K(60928K)] 392715K->333387K(693248K), 0.0017467 secs] [Times: user=0.01 sys=0.00, real=0.00 secs] 
1611.508: [GC (Allocation Failure) [PSYoungGen: 60800K->1312K(60928K)] 392779K->333291K(693248K), 0.0020187 secs] [Times: user=0.01 sys=0.00, real=0.01 secs] 
1611.781: [GC (Allocation Failure) [PSYoungGen: 60698K->288K(60928K)] 392678K->332267K(693248K), 0.0019123 secs] [Times: user=0.00 sys=0.00, real=0.00 secs] 
1613.009: [GC (Allocation Failure) [PSYoungGen: 59680K->1392K(61440K)] 391659K->333395K(693760K), 0.0041118 secs] [Times: user=0.02 sys=0.00, real=0.00 secs] 
1613.505: [GC (Allocation Failure) [PSYoungGen: 60784K->1376K(61440K)] 392787K->333379K(693760K), 0.0027436 secs] [Times: user=0.01 sys=0.00, real=0.00 secs] 
1614.019: [GC (Allocation Failure) [PSYoungGen: 60768K->1408K(61440K)] 392771K->333411K(693760K), 0.0026999 secs] [Times: user=0.01 sys=0.00, real=0.00 secs] 
1614.300: [GC (Allocation Failure) [PSYoungGen: 60800K->1376K(61440K)] 392803K->333379K(693760K), 0.0019861 secs] [Times: user=0.01 sys=0.00, real=0.00 secs] 
1615.653: [GC (Allocation Failure) [PSYoungGen: 60768K->1376K(61440K)] 392771K->333379K(693760K), 0.0018897 secs] [Times: user=0.01 sys=0.00, real=0.00 secs] 
1616.274: [GC (Allocation Failure) [PSYoungGen: 60768K->1392K(61440K)] 392771K->333395K(693760K), 0.0019188 secs] [Times: user=0.01 sys=0.00, real=0.00 secs] 
1616.807: [GC (Allocation Failure) [PSYoungGen: 60784K->1408K(61440K)] 392787K->333411K(693760K), 0.0028102 secs] [Times: user=0.01 sys=0.00, real=0.01 secs] 
1617.555: [GC (Allocation Failure) [PSYoungGen: 60800K->1376K(61440K)] 392803K->333379K(693760K), 0.0042941 secs] [Times: user=0.02 sys=0.00, real=0.01 secs] 
1618.065: [GC (Allocation Failure) [PSYoungGen: 60768K->1376K(61440K)] 392771K->333379K(693760K), 0.0028170 secs] [Times: user=0.01 sys=0.00, real=0.00 secs] 
1619.522: [GC (Allocation Failure) [PSYoungGen: 60768K->1440K(61440K)] 392771K->333443K(693760K), 0.0018186 secs] [Times: user=0.01 sys=0.00, real=0.00 secs] 
1620.404: [GC (Allocation Failure) [PSYoungGen: 60832K->1408K(61440K)] 392835K->333419K(693760K), 0.0039952 secs] [Times: user=0.01 sys=0.00, real=0.00 secs] 
1620.914: [GC (Allocation Failure) [PSYoungGen: 60800K->1408K(61440K)] 392811K->333419K(693760K), 0.0032187 secs] [Times: user=0.02 sys=0.00, real=0.00 secs] 
1621.543: [GC (Allocation Failure) [PSYoungGen: 60800K->1376K(61440K)] 392811K->333387K(693760K), 0.0032353 secs] [Times: user=0.01 sys=0.00, real=0.00 secs] 
1622.164: [GC (Allocation Failure) [PSYoungGen: 60768K->1376K(61440K)] 392779K->333387K(693760K), 0.0031728 secs] [Times: user=0.02 sys=0.00, real=0.00 secs] 
1623.975: [GC (Allocation Failure) [PSYoungGen: 60768K->1440K(61440K)] 392779K->333451K(693760K), 0.0046862 secs] [Times: user=0.02 sys=0.00, real=0.01 secs] 
1624.443: [GC (Allocation Failure) [PSYoungGen: 60832K->1376K(61440K)] 392843K->333395K(693760K), 0.0032140 secs] [Times: user=0.01 sys=0.00, real=0.00 secs] 
1625.000: [GC (Allocation Failure) [PSYoungGen: 60768K->1376K(61440K)] 392787K->333411K(693760K), 0.0027404 secs] [Times: user=0.01 sys=0.00, real=0.00 secs] 
1625.652: [GC (Allocation Failure) [PSYoungGen: 60768K->1376K(60928K)] 392803K->333411K(693248K), 0.0034844 secs] [Times: user=0.01 sys=0.00, real=0.00 secs] 
1626.296: [GC (Allocation Failure) [PSYoungGen: 60768K->1408K(60928K)] 392803K->333443K(693248K), 0.0034925 secs] [Times: user=0.01 sys=0.00, real=0.01 secs] 
1627.448: [GC (Allocation Failure) [PSYoungGen: 60800K->1440K(60928K)] 392835K->333475K(693248K), 0.0016882 secs] [Times: user=0.01 sys=0.00, real=0.01 secs] 
1627.934: [GC (Allocation Failure) [PSYoungGen: 60832K->1408K(60928K)] 392867K->333443K(693248K), 0.0034344 secs] [Times: user=0.01 sys=0.00, real=0.00 secs] 
1628.424: [GC (Allocation Failure) [PSYoungGen: 60800K->1408K(60928K)] 392835K->333443K(693248K), 0.0028915 secs] [Times: user=0.01 sys=0.00, real=0.00 secs] 
1628.984: [GC (Allocation Failure) [PSYoungGen: 60800K->1376K(60928K)] 392835K->333411K(693248K), 0.0024783 secs] [Times: user=0.01 sys=0.00, real=0.00 secs] 
1630.347: [GC (Allocation Failure) [PSYoungGen: 60768K->1472K(60928K)] 392803K->333507K(693248K), 0.0018070 secs] [Times: user=0.01 sys=0.00, real=0.01 secs] 
1630.613: [GC (Allocation Failure) [PSYoungGen: 60864K->1408K(60928K)] 392899K->333443K(693248K), 0.0019615 secs] [Times: user=0.01 sys=0.00, real=0.00 secs] 
1630.874: [GC (Allocation Failure) [PSYoungGen: 60800K->1408K(60928K)] 392835K->333443K(693248K), 0.0025279 secs] [Times: user=0.01 sys=0.00, real=0.00 secs] 
1631.188: [GC (Allocation Failure) [PSYoungGen: 60800K->1376K(60928K)] 392835K->333411K(693248K), 0.0023024 secs] [Times: user=0.01 sys=0.00, real=0.01 secs] 
1631.576: [GC (Allocation Failure) [PSYoungGen: 60768K->1408K(60928K)] 392803K->333443K(693248K), 0.0023759 secs] [Times: user=0.01 sys=0.00, real=0.01 secs] 
1633.081: [GC (Allocation Failure) [PSYoungGen: 60800K->1424K(60928K)] 392835K->333459K(693248K), 0.0028971 secs] [Times: user=0.02 sys=0.00, real=0.00 secs] 
1634.127: [GC (Allocation Failure) [PSYoungGen: 60816K->1376K(60928K)] 392851K->333419K(693248K), 0.0048611 secs] [Times: user=0.02 sys=0.00, real=0.01 secs] 
1634.803: [GC (Allocation Failure) [PSYoungGen: 60768K->1376K(60928K)] 392811K->333419K(693248K), 0.0029703 secs] [Times: user=0.01 sys=0.01, real=0.00 secs] 
1635.235: [GC (Allocation Failure) [PSYoungGen: 60768K->1376K(60928K)] 392811K->333419K(693248K), 0.0022092 secs] [Times: user=0.00 sys=0.00, real=0.00 secs] 
1635.729: [GC (Allocation Failure) [PSYoungGen: 60768K->1376K(60928K)] 392811K->333419K(693248K), 0.0022853 secs] [Times: user=0.01 sys=0.00, real=0.00 secs] 
1637.025: [GC (Allocation Failure) [PSYoungGen: 60768K->1376K(60928K)] 392811K->333419K(693248K), 0.0019168 secs] [Times: user=0.01 sys=0.00, real=0.00 secs] 
1637.793: [GC (Allocation Failure) [PSYoungGen: 60768K->1408K(60928K)] 392811K->333451K(693248K), 0.0023754 secs] [Times: user=0.01 sys=0.00, real=0.00 secs] 
1638.307: [GC (Allocation Failure) [PSYoungGen: 60800K->1408K(60928K)] 392843K->333451K(693248K), 0.0024736 secs] [Times: user=0.01 sys=0.00, real=0.01 secs] 
1638.853: [GC (Allocation Failure) [PSYoungGen: 60800K->1408K(60928K)] 392843K->333451K(693248K), 0.0025653 secs] [Times: user=0.01 sys=0.00, real=0.00 secs] 
1639.507: [GC (Allocation Failure) [PSYoungGen: 60800K->1408K(60928K)] 392843K->333451K(693248K), 0.0025959 secs] [Times: user=0.01 sys=0.00, real=0.01 secs] 
1640.510: [GC (Allocation Failure) [PSYoungGen: 60800K->1440K(60928K)] 392843K->333483K(693248K), 0.0017323 secs] [Times: user=0.01 sys=0.00, real=0.00 secs] 
1640.869: [GC (Allocation Failure) [PSYoungGen: 60832K->1376K(60928K)] 392875K->333419K(693248K), 0.0021185 secs] [Times: user=0.01 sys=0.00, real=0.00 secs] 
1641.311: [GC (Allocation Failure) [PSYoungGen: 60768K->1376K(60928K)] 392811K->333419K(693248K), 0.0019248 secs] [Times: user=0.01 sys=0.00, real=0.00 secs] 
1641.777: [GC (Allocation Failure) [PSYoungGen: 60768K->1376K(60928K)] 392811K->333419K(693248K), 0.0022062 secs] [Times: user=0.01 sys=0.00, real=0.01 secs] 
1643.069: [GC (Allocation Failure) [PSYoungGen: 60768K->1408K(60928K)] 392811K->333451K(693248K), 0.0018900 secs] [Times: user=0.01 sys=0.00, real=0.00 secs] 
1643.764: [GC (Allocation Failure) [PSYoungGen: 60800K->1376K(60928K)] 392843K->333419K(693248K), 0.0040456 secs] [Times: user=0.01 sys=0.00, real=0.00 secs] 
1644.301: [GC (Allocation Failure) [PSYoungGen: 60768K->1408K(60928K)] 392811K->333467K(693248K), 0.0027149 secs] [Times: user=0.01 sys=0.00, real=0.00 secs] 
1644.803: [GC (Allocation Failure) [PSYoungGen: 60800K->1408K(60928K)] 392859K->333467K(693248K), 0.0023716 secs] [Times: user=0.01 sys=0.00, real=0.00 secs] 
1645.296: [GC (Allocation Failure) [PSYoungGen: 60800K->1344K(60928K)] 392859K->333403K(693248K), 0.0025699 secs] [Times: user=0.01 sys=0.00, real=0.00 secs] 
1646.981: [GC (Allocation Failure) [PSYoungGen: 60736K->1408K(60928K)] 392795K->333467K(693248K), 0.0039093 secs] [Times: user=0.01 sys=0.00, real=0.00 secs] 
1647.704: [GC (Allocation Failure) [PSYoungGen: 60800K->1408K(60928K)] 392859K->333467K(693248K), 0.0032029 secs] [Times: user=0.01 sys=0.00, real=0.00 secs] 
1648.216: [GC (Allocation Failure) [PSYoungGen: 60800K->1408K(60928K)] 392859K->333467K(693248K), 0.0026894 secs] [Times: user=0.01 sys=0.00, real=0.01 secs] 
1648.738: [GC (Allocation Failure) [PSYoungGen: 60800K->1408K(60928K)] 392859K->333467K(693248K), 0.0023609 secs] [Times: user=0.01 sys=0.00, real=0.01 secs] 
1649.433: [GC (Allocation Failure) [PSYoungGen: 60800K->1408K(60928K)] 392859K->333467K(693248K), 0.0024433 secs] [Times: user=0.01 sys=0.00, real=0.00 secs] 
1650.672: [GC (Allocation Failure) [PSYoungGen: 60800K->1440K(60928K)] 392859K->333499K(693248K), 0.0017522 secs] [Times: user=0.01 sys=0.00, real=0.00 secs] 
1651.147: [GC (Allocation Failure) [PSYoungGen: 60832K->1408K(60928K)] 392891K->333467K(693248K), 0.0025410 secs] [Times: user=0.01 sys=0.00, real=0.01 secs] 
1651.386: [GC (Allocation Failure) [PSYoungGen: 60800K->1344K(60928K)] 392859K->333403K(693248K), 0.0023037 secs] [Times: user=0.01 sys=0.00, real=0.00 secs] 
1651.632: [GC (Allocation Failure) [PSYoungGen: 60736K->1376K(60928K)] 392795K->333435K(693248K), 0.0021415 secs] [Times: user=0.01 sys=0.00, real=0.00 secs] 
1651.879: [GC (Allocation Failure) [PSYoungGen: 60768K->1360K(60928K)] 392827K->333419K(693248K), 0.0020205 secs] [Times: user=0.00 sys=0.00, real=0.00 secs] 
1652.814: [GC (Allocation Failure) [PSYoungGen: 60752K->1408K(60928K)] 392811K->333467K(693248K), 0.0017873 secs] [Times: user=0.01 sys=0.00, real=0.00 secs] 
1653.060: [GC (Allocation Failure) [PSYoungGen: 60800K->1376K(60928K)] 392859K->333451K(693248K), 0.0016322 secs] [Times: user=0.01 sys=0.00, real=0.00 secs] 
1653.347: [GC (Allocation Failure) [PSYoungGen: 60768K->1392K(60928K)] 392843K->333467K(693248K), 0.0019001 secs] [Times: user=0.01 sys=0.00, real=0.00 secs] 
1653.594: [GC (Allocation Failure) [PSYoungGen: 60784K->1408K(60928K)] 392859K->333483K(693248K), 0.0017965 secs] [Times: user=0.00 sys=0.00, real=0.00 secs] 
1654.858: [GC (Allocation Failure) [PSYoungGen: 60800K->864K(60928K)] 392875K->333963K(693248K), 0.0018750 secs] [Times: user=0.01 sys=0.00, real=0.01 secs] 
1655.438: [GC (Allocation Failure) [PSYoungGen: 60256K->352K(60416K)] 393355K->333451K(692736K), 0.0032677 secs] [Times: user=0.01 sys=0.00, real=0.01 secs] 
1655.692: [GC (Allocation Failure) [PSYoungGen: 59232K->352K(60928K)] 392331K->333451K(693248K), 0.0019262 secs] [Times: user=0.01 sys=0.00, real=0.00 secs] 
1655.936: [GC (Allocation Failure) [PSYoungGen: 59232K->352K(60928K)] 392331K->333451K(693248K), 0.0020264 secs] [Times: user=0.01 sys=0.00, real=0.00 secs] 
1656.214: [GC (Allocation Failure) [PSYoungGen: 59232K->384K(60928K)] 392331K->333483K(693248K), 0.0017921 secs] [Times: user=0.01 sys=0.00, real=0.00 secs] 
1657.352: [GC (Allocation Failure) [PSYoungGen: 59264K->1408K(60928K)] 392363K->334507K(693248K), 0.0017203 secs] [Times: user=0.01 sys=0.00, real=0.00 secs] 
1657.817: [GC (Allocation Failure) [PSYoungGen: 60288K->1424K(60928K)] 393387K->334532K(693248K), 0.0017076 secs] [Times: user=0.01 sys=0.00, real=0.01 secs] 
1658.062: [GC (Allocation Failure) [PSYoungGen: 60304K->1376K(60928K)] 393412K->334483K(693248K), 0.0025822 secs] [Times: user=0.01 sys=0.00, real=0.00 secs] 
1658.313: [GC (Allocation Failure) [PSYoungGen: 60256K->1376K(60928K)] 393363K->334483K(693248K), 0.0023515 secs] [Times: user=0.01 sys=0.00, real=0.00 secs] 
1658.554: [GC (Allocation Failure) [PSYoungGen: 60256K->1376K(60928K)] 393363K->334483K(693248K), 0.0019592 secs] [Times: user=0.01 sys=0.00, real=0.00 secs] 
1659.524: [GC (Allocation Failure) [PSYoungGen: 60256K->1408K(60928K)] 393363K->334515K(693248K), 0.0016931 secs] [Times: user=0.00 sys=0.00, real=0.00 secs] 
1659.768: [GC (Allocation Failure) [PSYoungGen: 60288K->1408K(60928K)] 393395K->334515K(693248K), 0.0017128 secs] [Times: user=0.01 sys=0.00, real=0.01 secs] 
1660.013: [GC (Allocation Failure) [PSYoungGen: 60288K->1376K(60928K)] 393395K->334483K(693248K), 0.0020806 secs] [Times: user=0.01 sys=0.00, real=0.00 secs] 
1660.258: [GC (Allocation Failure) [PSYoungGen: 60256K->1408K(60928K)] 393363K->334531K(693248K), 0.0021273 secs] [Times: user=0.00 sys=0.00, real=0.01 secs] 
1660.520: [GC (Allocation Failure) [PSYoungGen: 60288K->1408K(60928K)] 393411K->334531K(693248K), 0.0023943 secs] [Times: user=0.01 sys=0.00, real=0.00 secs] 
1662.672: [GC (Allocation Failure) [PSYoungGen: 60288K->1376K(60928K)] 393411K->334507K(693248K), 0.0024313 secs] [Times: user=0.01 sys=0.00, real=0.00 secs] 
1663.925: [GC (Allocation Failure) [PSYoungGen: 60256K->1392K(60928K)] 393387K->334524K(693248K), 0.0027856 secs] [Times: user=0.02 sys=0.00, real=0.00 secs] 
1664.906: [GC (Allocation Failure) [PSYoungGen: 60272K->1344K(60928K)] 393404K->334475K(693248K), 0.0043863 secs] [Times: user=0.02 sys=0.00, real=0.01 secs] 
1665.912: [GC (Allocation Failure) [PSYoungGen: 60224K->1392K(60928K)] 393355K->334524K(693248K), 0.0028985 secs] [Times: user=0.01 sys=0.00, real=0.00 secs] 
1666.921: [GC (Allocation Failure) [PSYoungGen: 60272K->1360K(60928K)] 393404K->334492K(693248K), 0.0021183 secs] [Times: user=0.01 sys=0.00, real=0.00 secs] 
1668.616: [GC (Allocation Failure) [PSYoungGen: 60240K->1440K(60928K)] 393372K->334571K(693248K), 0.0019629 secs] [Times: user=0.01 sys=0.00, real=0.00 secs] 
1669.142: [GC (Allocation Failure) [PSYoungGen: 60320K->1408K(60928K)] 393451K->334539K(693248K), 0.0083706 secs] [Times: user=0.04 sys=0.00, real=0.01 secs] 
1669.660: [GC (Allocation Failure) [PSYoungGen: 60288K->1376K(60928K)] 393419K->334507K(693248K), 0.0035088 secs] [Times: user=0.02 sys=0.00, real=0.00 secs] 
1670.212: [GC (Allocation Failure) [PSYoungGen: 60256K->1376K(60928K)] 393387K->334507K(693248K), 0.0026278 secs] [Times: user=0.01 sys=0.00, real=0.00 secs] 
1672.420: [GC (Allocation Failure) [PSYoungGen: 60256K->1408K(60928K)] 393387K->334539K(693248K), 0.0016849 secs] [Times: user=0.00 sys=0.00, real=0.00 secs] 
1672.762: [GC (Allocation Failure) [PSYoungGen: 60288K->1408K(60928K)] 393419K->334539K(693248K), 0.0018000 secs] [Times: user=0.00 sys=0.00, real=0.00 secs] 
1673.294: [GC (Allocation Failure) [PSYoungGen: 60288K->1408K(60928K)] 393419K->334539K(693248K), 0.0022277 secs] [Times: user=0.00 sys=0.00, real=0.00 secs] 
1673.880: [GC (Allocation Failure) [PSYoungGen: 60288K->1344K(60928K)] 393419K->334475K(693248K), 0.0021709 secs] [Times: user=0.01 sys=0.00, real=0.00 secs] 
1674.748: [GC (Allocation Failure) [PSYoungGen: 60224K->1408K(60928K)] 393355K->334539K(693248K), 0.0028106 secs] [Times: user=0.01 sys=0.00, real=0.01 secs] 
1676.013: [GC (Allocation Failure) [PSYoungGen: 60288K->1408K(60928K)] 393419K->334539K(693248K), 0.0015366 secs] [Times: user=0.01 sys=0.00, real=0.00 secs] 
1676.257: [GC (Allocation Failure) [PSYoungGen: 60288K->1376K(60928K)] 393419K->334507K(693248K), 0.0015171 secs] [Times: user=0.01 sys=0.00, real=0.00 secs] 
1676.501: [GC (Allocation Failure) [PSYoungGen: 60256K->1344K(60928K)] 393387K->334483K(693248K), 0.0015501 secs] [Times: user=0.01 sys=0.00, real=0.00 secs] 
1676.745: [GC (Allocation Failure) [PSYoungGen: 60224K->1376K(60928K)] 393363K->334515K(693248K), 0.0019140 secs] [Times: user=0.01 sys=0.00, real=0.00 secs] 
1676.991: [GC (Allocation Failure) [PSYoungGen: 60256K->1376K(60928K)] 393395K->334515K(693248K), 0.0024944 secs] [Times: user=0.01 sys=0.00, real=0.00 secs] 
1677.963: [GC (Allocation Failure) [PSYoungGen: 60256K->1424K(60928K)] 393395K->334564K(693248K), 0.0017203 secs] [Times: user=0.00 sys=0.00, real=0.00 secs] 
1678.207: [GC (Allocation Failure) [PSYoungGen: 60304K->1408K(60928K)] 393444K->334547K(693248K), 0.0017375 secs] [Times: user=0.01 sys=0.00, real=0.01 secs] 
1678.451: [GC (Allocation Failure) [PSYoungGen: 60288K->1376K(60928K)] 393427K->334515K(693248K), 0.0017611 secs] [Times: user=0.01 sys=0.00, real=0.00 secs] 
1678.696: [GC (Allocation Failure) [PSYoungGen: 60256K->1408K(60928K)] 393395K->334547K(693248K), 0.0017194 secs] [Times: user=0.01 sys=0.00, real=0.00 secs] 
1678.946: [GC (Allocation Failure) [PSYoungGen: 60288K->1408K(60416K)] 393427K->334547K(692736K), 0.0028556 secs] [Times: user=0.01 sys=0.00, real=0.01 secs] 
1680.327: [GC (Allocation Failure) [PSYoungGen: 60288K->1408K(60416K)] 393427K->334547K(692736K), 0.0020962 secs] [Times: user=0.01 sys=0.00, real=0.01 secs] 
1681.136: [GC (Allocation Failure) [PSYoungGen: 60288K->1360K(60416K)] 393427K->334500K(692736K), 0.0049989 secs] [Times: user=0.02 sys=0.00, real=0.01 secs] 
1682.003: [GC (Allocation Failure) [PSYoungGen: 60240K->1440K(60416K)] 393380K->334579K(692736K), 0.0047692 secs] [Times: user=0.02 sys=0.00, real=0.00 secs] 
1682.930: [GC (Allocation Failure) [PSYoungGen: 60320K->1376K(60416K)] 393459K->334531K(692736K), 0.0048286 secs] [Times: user=0.02 sys=0.00, real=0.00 secs] 
1684.455: [GC (Allocation Failure) [PSYoungGen: 60163K->256K(59904K)] 393319K->333419K(692224K), 0.0014425 secs] [Times: user=0.00 sys=0.00, real=0.00 secs] 
1685.270: [GC (Allocation Failure) [PSYoungGen: 58624K->1408K(60416K)] 391787K->334579K(692736K), 0.0028308 secs] [Times: user=0.01 sys=0.00, real=0.00 secs] 
1685.794: [GC (Allocation Failure) [PSYoungGen: 59776K->1376K(60416K)] 392947K->334547K(692736K), 0.0019621 secs] [Times: user=0.01 sys=0.00, real=0.00 secs] 
1686.539: [GC (Allocation Failure) [PSYoungGen: 59744K->1376K(60416K)] 392915K->334547K(692736K), 0.0035051 secs] [Times: user=0.01 sys=0.00, real=0.00 secs] 
1687.806: [GC (Allocation Failure) [PSYoungGen: 59744K->1408K(60416K)] 392915K->334579K(692736K), 0.0045935 secs] [Times: user=0.02 sys=0.00, real=0.01 secs] 
1689.944: [GC (Allocation Failure) [PSYoungGen: 59776K->1440K(60416K)] 392947K->334619K(692736K), 0.0031909 secs] [Times: user=0.01 sys=0.00, real=0.00 secs] 
1690.224: [GC (Allocation Failure) [PSYoungGen: 59808K->1312K(60416K)] 392987K->334491K(692736K), 0.0019772 secs] [Times: user=0.01 sys=0.00, real=0.00 secs] 
1690.467: [GC (Allocation Failure) [PSYoungGen: 59680K->1408K(60416K)] 392859K->334587K(692736K), 0.0020390 secs] [Times: user=0.01 sys=0.00, real=0.01 secs] 
1690.799: [GC (Allocation Failure) [PSYoungGen: 59776K->1376K(60416K)] 392955K->334555K(692736K), 0.0020335 secs] [Times: user=0.00 sys=0.00, real=0.01 secs] 
1691.198: [GC (Allocation Failure) [PSYoungGen: 59744K->1408K(60416K)] 392923K->334587K(692736K), 0.0018622 secs] [Times: user=0.01 sys=0.00, real=0.01 secs] 
1692.471: [GC (Allocation Failure) [PSYoungGen: 59776K->1408K(60416K)] 392955K->334587K(692736K), 0.0017986 secs] [Times: user=0.01 sys=0.00, real=0.00 secs] 
1692.769: [GC (Allocation Failure) [PSYoungGen: 59776K->1408K(60416K)] 392955K->334587K(692736K), 0.0018091 secs] [Times: user=0.00 sys=0.00, real=0.01 secs] 
1693.024: [GC (Allocation Failure) [PSYoungGen: 59776K->1408K(60416K)] 392955K->334587K(692736K), 0.0027812 secs] [Times: user=0.02 sys=0.00, real=0.00 secs] 
1693.352: [GC (Allocation Failure) [PSYoungGen: 59776K->1424K(60416K)] 392955K->334612K(692736K), 0.0033896 secs] [Times: user=0.02 sys=0.00, real=0.00 secs] 
1693.732: [GC (Allocation Failure) [PSYoungGen: 59792K->1328K(60416K)] 392980K->334516K(692736K), 0.0024852 secs] [Times: user=0.01 sys=0.00, real=0.00 secs] 
1695.188: [GC (Allocation Failure) [PSYoungGen: 59696K->1408K(60416K)] 392884K->334611K(692736K), 0.0047650 secs] [Times: user=0.02 sys=0.00, real=0.01 secs] 
1695.694: [GC (Allocation Failure) [PSYoungGen: 59776K->1408K(60416K)] 392979K->334627K(692736K), 0.0026112 secs] [Times: user=0.02 sys=0.00, real=0.00 secs] 
1696.151: [GC (Allocation Failure) [PSYoungGen: 59776K->1408K(60416K)] 392995K->334627K(692736K), 0.0026627 secs] [Times: user=0.01 sys=0.00, real=0.00 secs] 
1696.649: [GC (Allocation Failure) [PSYoungGen: 59776K->1376K(60416K)] 392995K->334595K(692736K), 0.0021079 secs] [Times: user=0.01 sys=0.01, real=0.00 secs] 
1697.102: [GC (Allocation Failure) [PSYoungGen: 59744K->1408K(60416K)] 392963K->334627K(692736K), 0.0023543 secs] [Times: user=0.01 sys=0.00, real=0.00 secs] 
1698.157: [GC (Allocation Failure) [PSYoungGen: 59776K->1440K(60416K)] 392995K->334667K(692736K), 0.0017232 secs] [Times: user=0.00 sys=0.00, real=0.01 secs] 
1698.591: [GC (Allocation Failure) [PSYoungGen: 59808K->1408K(60416K)] 393035K->334635K(692736K), 0.0017709 secs] [Times: user=0.01 sys=0.00, real=0.00 secs] 
1699.134: [GC (Allocation Failure) [PSYoungGen: 59776K->1360K(59904K)] 393003K->334588K(692224K), 0.0019129 secs] [Times: user=0.00 sys=0.01, real=0.00 secs] 
1699.672: [GC (Allocation Failure) [PSYoungGen: 59728K->1376K(59904K)] 392956K->334603K(692224K), 0.0023282 secs] [Times: user=0.01 sys=0.00, real=0.00 secs] 
1700.480: [GC (Allocation Failure) [PSYoungGen: 59744K->352K(59392K)] 392971K->334603K(691712K), 0.0034084 secs] [Times: user=0.01 sys=0.00, real=0.00 secs] 
1702.321: [GC (Allocation Failure) [PSYoungGen: 58720K->1344K(60416K)] 392971K->335596K(692736K), 0.0024749 secs] [Times: user=0.01 sys=0.00, real=0.00 secs] 
1702.951: [GC (Allocation Failure) [PSYoungGen: 59712K->1344K(60416K)] 393964K->335596K(692736K), 0.0024612 secs] [Times: user=0.00 sys=0.00, real=0.00 secs] 
1703.462: [GC (Allocation Failure) [PSYoungGen: 59712K->1376K(60416K)] 393964K->335628K(692736K), 0.0029763 secs] [Times: user=0.01 sys=0.00, real=0.00 secs] 
1703.756: [GC (Allocation Failure) [PSYoungGen: 59744K->1440K(60416K)] 393996K->335700K(692736K), 0.0019629 secs] [Times: user=0.01 sys=0.00, real=0.00 secs] 
1704.059: [GC (Allocation Failure) [PSYoungGen: 59797K->320K(60416K)] 394057K->334579K(692736K), 0.0018350 secs] [Times: user=0.00 sys=0.00, real=0.01 secs] 
1707.390: [GC (Allocation Failure) [PSYoungGen: 58688K->1376K(60416K)] 392947K->335636K(692736K), 0.0040615 secs] [Times: user=0.01 sys=0.00, real=0.00 secs] 
1707.827: [GC (Allocation Failure) [PSYoungGen: 59744K->1408K(60416K)] 394004K->335668K(692736K), 0.0023759 secs] [Times: user=0.01 sys=0.00, real=0.01 secs] 
1708.685: [GC (Allocation Failure) [PSYoungGen: 59776K->1376K(60416K)] 394036K->335636K(692736K), 0.0027875 secs] [Times: user=0.01 sys=0.00, real=0.00 secs] 
1709.567: [GC (Allocation Failure) [PSYoungGen: 59744K->1408K(60416K)] 394004K->335668K(692736K), 0.0029622 secs] [Times: user=0.01 sys=0.00, real=0.01 secs] 
1711.159: [GC (Allocation Failure) [PSYoungGen: 59776K->1920K(60416K)] 394036K->336692K(692736K), 0.0018714 secs] [Times: user=0.01 sys=0.00, real=0.01 secs] 
1711.459: [GC (Allocation Failure) [PSYoungGen: 60288K->1376K(60416K)] 395060K->336148K(692736K), 0.0019291 secs] [Times: user=0.01 sys=0.00, real=0.00 secs] 
1711.757: [GC (Allocation Failure) [PSYoungGen: 59744K->1408K(60416K)] 394516K->336180K(692736K), 0.0017331 secs] [Times: user=0.01 sys=0.00, real=0.00 secs] 
1712.247: [GC (Allocation Failure) [PSYoungGen: 59776K->1408K(60416K)] 394548K->336180K(692736K), 0.0023704 secs] [Times: user=0.01 sys=0.00, real=0.01 secs] 
1712.828: [GC (Allocation Failure) [PSYoungGen: 59776K->1408K(60416K)] 394548K->336180K(692736K), 0.0026425 secs] [Times: user=0.01 sys=0.00, real=0.01 secs] 
1714.177: [GC (Allocation Failure) [PSYoungGen: 59776K->1392K(60416K)] 394548K->336164K(692736K), 0.0019466 secs] [Times: user=0.01 sys=0.00, real=0.01 secs] 
1714.420: [GC (Allocation Failure) [PSYoungGen: 59760K->1392K(60416K)] 394532K->336164K(692736K), 0.0017693 secs] [Times: user=0.01 sys=0.00, real=0.00 secs] 
1714.662: [GC (Allocation Failure) [PSYoungGen: 59760K->1376K(60416K)] 394532K->336148K(692736K), 0.0017084 secs] [Times: user=0.00 sys=0.00, real=0.00 secs] 
1714.905: [GC (Allocation Failure) [PSYoungGen: 59744K->1376K(60416K)] 394516K->336156K(692736K), 0.0027624 secs] [Times: user=0.01 sys=0.00, real=0.00 secs] 
1715.149: [GC (Allocation Failure) [PSYoungGen: 59744K->1424K(60416K)] 394524K->336204K(692736K), 0.0017252 secs] [Times: user=0.00 sys=0.00, real=0.00 secs] 
1716.298: [GC (Allocation Failure) [PSYoungGen: 59792K->1472K(60416K)] 394572K->336252K(692736K), 0.0017987 secs] [Times: user=0.00 sys=0.01, real=0.01 secs] 
1716.540: [GC (Allocation Failure) [PSYoungGen: 59840K->1408K(60416K)] 394620K->336212K(692736K), 0.0017297 secs] [Times: user=0.00 sys=0.00, real=0.00 secs] 
1716.822: [GC (Allocation Failure) [PSYoungGen: 59776K->1440K(60416K)] 394580K->336244K(692736K), 0.0018581 secs] [Times: user=0.01 sys=0.00, real=0.00 secs] 
1717.141: [GC (Allocation Failure) [PSYoungGen: 59808K->1376K(60416K)] 394612K->336180K(692736K), 0.0025892 secs] [Times: user=0.01 sys=0.00, real=0.00 secs] 
1717.527: [GC (Allocation Failure) [PSYoungGen: 59744K->1408K(60416K)] 394548K->336212K(692736K), 0.0025136 secs] [Times: user=0.00 sys=0.00, real=0.01 secs] 
1718.718: [GC (Allocation Failure) [PSYoungGen: 59776K->1360K(60416K)] 394580K->336164K(692736K), 0.0020120 secs] [Times: user=0.01 sys=0.00, real=0.01 secs] 
1719.065: [GC (Allocation Failure) [PSYoungGen: 59728K->1440K(60416K)] 394532K->336244K(692736K), 0.0022509 secs] [Times: user=0.01 sys=0.00, real=0.00 secs] 
1719.458: [GC (Allocation Failure) [PSYoungGen: 59808K->1408K(60416K)] 394612K->336212K(692736K), 0.0033877 secs] [Times: user=0.01 sys=0.00, real=0.01 secs] 
1720.043: [GC (Allocation Failure) [PSYoungGen: 59776K->1376K(60416K)] 394580K->336180K(692736K), 0.0024106 secs] [Times: user=0.01 sys=0.00, real=0.00 secs] 
1720.752: [GC (Allocation Failure) [PSYoungGen: 59744K->1408K(60416K)] 394548K->336212K(692736K), 0.0040106 secs] [Times: user=0.01 sys=0.00, real=0.00 secs] 
1721.910: [GC (Allocation Failure) [PSYoungGen: 59776K->1440K(60416K)] 394580K->336268K(692736K), 0.0018185 secs] [Times: user=0.01 sys=0.00, real=0.00 secs] 
1722.153: [GC (Allocation Failure) [PSYoungGen: 59808K->1408K(60416K)] 394636K->336236K(692736K), 0.0023094 secs] [Times: user=0.01 sys=0.00, real=0.00 secs] 
1722.483: [GC (Allocation Failure) [PSYoungGen: 59776K->1344K(60416K)] 394604K->336172K(692736K), 0.0026552 secs] [Times: user=0.01 sys=0.00, real=0.00 secs] 
1722.719: [GC (Allocation Failure) [PSYoungGen: 59712K->1376K(59904K)] 394540K->336204K(692224K), 0.0020639 secs] [Times: user=0.01 sys=0.00, real=0.00 secs] 
1722.982: [GC (Allocation Failure) [PSYoungGen: 59744K->1408K(59904K)] 394572K->336236K(692224K), 0.0019387 secs] [Times: user=0.01 sys=0.00, real=0.00 secs] 
1724.255: [GC (Allocation Failure) [PSYoungGen: 59776K->1440K(59904K)] 394604K->336268K(692224K), 0.0027787 secs] [Times: user=0.01 sys=0.00, real=0.00 secs] 
1724.748: [GC (Allocation Failure) [PSYoungGen: 59808K->1440K(59904K)] 394636K->336268K(692224K), 0.0026429 secs] [Times: user=0.02 sys=0.00, real=0.01 secs] 
1725.255: [GC (Allocation Failure) [PSYoungGen: 59808K->1376K(59904K)] 394636K->336204K(692224K), 0.0055272 secs] [Times: user=0.02 sys=0.00, real=0.01 secs] 
1725.709: [GC (Allocation Failure) [PSYoungGen: 59744K->1408K(59904K)] 394572K->336236K(692224K), 0.0018713 secs] [Times: user=0.00 sys=0.00, real=0.00 secs] 
1726.884: [GC (Allocation Failure) [PSYoungGen: 59776K->1360K(59904K)] 394604K->336700K(692224K), 0.0018693 secs] [Times: user=0.00 sys=0.00, real=0.00 secs] 
1727.380: [GC (Allocation Failure) [PSYoungGen: 59728K->1408K(59904K)] 395068K->336748K(692224K), 0.0024014 secs] [Times: user=0.01 sys=0.00, real=0.00 secs] 
1727.847: [GC (Allocation Failure) [PSYoungGen: 59776K->1360K(59904K)] 395116K->336700K(692224K), 0.0022591 secs] [Times: user=0.01 sys=0.01, real=0.01 secs] 
1728.337: [GC (Allocation Failure) [PSYoungGen: 59728K->1344K(59904K)] 395068K->336684K(692224K), 0.0021021 secs] [Times: user=0.01 sys=0.00, real=0.01 secs] 
1728.814: [GC (Allocation Failure) [PSYoungGen: 59712K->1376K(59904K)] 395052K->336716K(692224K), 0.0023323 secs] [Times: user=0.01 sys=0.00, real=0.00 secs] 
1729.909: [GC (Allocation Failure) [PSYoungGen: 59744K->1392K(59904K)] 395084K->336732K(692224K), 0.0016610 secs] [Times: user=0.01 sys=0.00, real=0.00 secs] 
1730.151: [GC (Allocation Failure) [PSYoungGen: 59760K->1376K(59904K)] 395100K->336716K(692224K), 0.0018256 secs] [Times: user=0.01 sys=0.00, real=0.00 secs] 
1730.398: [GC (Allocation Failure) [PSYoungGen: 59744K->1376K(59904K)] 395084K->336716K(692224K), 0.0025643 secs] [Times: user=0.01 sys=0.00, real=0.01 secs] 
1730.651: [GC (Allocation Failure) [PSYoungGen: 59744K->1376K(59904K)] 395084K->336716K(692224K), 0.0024562 secs] [Times: user=0.00 sys=0.01, real=0.00 secs] 
1730.898: [GC (Allocation Failure) [PSYoungGen: 59744K->1344K(59904K)] 395084K->336684K(692224K), 0.0025986 secs] [Times: user=0.02 sys=0.00, real=0.01 secs] 
1732.324: [GC (Allocation Failure) [PSYoungGen: 59712K->1408K(59904K)] 395052K->336756K(692224K), 0.0027073 secs] [Times: user=0.01 sys=0.00, real=0.00 secs] 
1733.153: [GC (Allocation Failure) [PSYoungGen: 59776K->1408K(59904K)] 395124K->336772K(692224K), 0.0031963 secs] [Times: user=0.02 sys=0.00, real=0.00 secs] 
1733.527: [GC (Allocation Failure) [PSYoungGen: 59776K->1376K(59904K)] 395140K->336740K(692224K), 0.0021786 secs] [Times: user=0.01 sys=0.00, real=0.01 secs] 
1733.801: [GC (Allocation Failure) [PSYoungGen: 59744K->1408K(59904K)] 395108K->336772K(692224K), 0.0020633 secs] [Times: user=0.01 sys=0.00, real=0.00 secs] 
1734.065: [GC (Allocation Failure) [PSYoungGen: 59776K->1376K(59904K)] 395140K->336740K(692224K), 0.0019350 secs] [Times: user=0.01 sys=0.00, real=0.00 secs] 
1735.050: [GC (Allocation Failure) [PSYoungGen: 59744K->1472K(59904K)] 395108K->336836K(692224K), 0.0019312 secs] [Times: user=0.01 sys=0.00, real=0.00 secs] 
1735.316: [GC (Allocation Failure) [PSYoungGen: 59840K->1360K(59904K)] 395204K->336724K(692224K), 0.0021155 secs] [Times: user=0.01 sys=0.01, real=0.00 secs] 
1735.583: [GC (Allocation Failure) [PSYoungGen: 59728K->1344K(59904K)] 395092K->336708K(692224K), 0.0018459 secs] [Times: user=0.00 sys=0.00, real=0.00 secs] 
1735.874: [GC (Allocation Failure) [PSYoungGen: 59712K->1408K(59904K)] 395076K->336772K(692224K), 0.0018329 secs] [Times: user=0.00 sys=0.00, real=0.00 secs] 
1736.117: [GC (Allocation Failure) [PSYoungGen: 59776K->1408K(59904K)] 395140K->336772K(692224K), 0.0019364 secs] [Times: user=0.01 sys=0.00, real=0.01 secs] 
1737.604: [GC (Allocation Failure) [PSYoungGen: 59776K->1408K(59904K)] 395140K->336772K(692224K), 0.0028722 secs] [Times: user=0.01 sys=0.00, real=0.00 secs] 
1737.981: [GC (Allocation Failure) [PSYoungGen: 59776K->1408K(59904K)] 395140K->336772K(692224K), 0.0021754 secs] [Times: user=0.01 sys=0.00, real=0.00 secs] 
1738.391: [GC (Allocation Failure) [PSYoungGen: 59776K->1344K(59904K)] 395140K->336708K(692224K), 0.0022415 secs] [Times: user=0.01 sys=0.01, real=0.00 secs] 
1738.881: [GC (Allocation Failure) [PSYoungGen: 59712K->1344K(59904K)] 395076K->336708K(692224K), 0.0032032 secs] [Times: user=0.02 sys=0.00, real=0.00 secs] 
1739.362: [GC (Allocation Failure) [PSYoungGen: 59712K->1376K(59904K)] 395076K->336740K(692224K), 0.0032519 secs] [Times: user=0.02 sys=0.00, real=0.00 secs] 
1740.529: [GC (Allocation Failure) [PSYoungGen: 59744K->1376K(59904K)] 395108K->336748K(692224K), 0.0021418 secs] [Times: user=0.01 sys=0.00, real=0.00 secs] 
1740.934: [GC (Allocation Failure) [PSYoungGen: 59744K->1408K(59904K)] 395116K->336780K(692224K), 0.0019525 secs] [Times: user=0.01 sys=0.00, real=0.00 secs] 
1741.386: [GC (Allocation Failure) [PSYoungGen: 59776K->1376K(59904K)] 395148K->336772K(692224K), 0.0020441 secs] [Times: user=0.01 sys=0.00, real=0.00 secs] 
1741.945: [GC (Allocation Failure) [PSYoungGen: 59744K->1312K(59904K)] 395140K->336708K(692224K), 0.0021820 secs] [Times: user=0.00 sys=0.00, real=0.00 secs] 
1743.176: [GC (Allocation Failure) [PSYoungGen: 59680K->896K(59904K)] 395076K->337316K(692224K), 0.0018239 secs] [Times: user=0.01 sys=0.00, real=0.00 secs] 
1743.987: [GC (Allocation Failure) [PSYoungGen: 59264K->384K(59904K)] 395684K->336804K(692224K), 0.0036032 secs] [Times: user=0.02 sys=0.00, real=0.01 secs] 
1744.492: [GC (Allocation Failure) [PSYoungGen: 58752K->352K(60416K)] 395172K->336772K(692736K), 0.0028828 secs] [Times: user=0.01 sys=0.00, real=0.00 secs] 
1745.045: [GC (Allocation Failure) [PSYoungGen: 58720K->384K(60416K)] 395140K->336804K(692736K), 0.0027840 secs] [Times: user=0.01 sys=0.00, real=0.00 secs] 
1745.619: [GC (Allocation Failure) [PSYoungGen: 58752K->352K(60416K)] 395172K->336772K(692736K), 0.0031692 secs] [Times: user=0.01 sys=0.00, real=0.01 secs] 
1747.057: [GC (Allocation Failure) [PSYoungGen: 58720K->1344K(60416K)] 395140K->337764K(692736K), 0.0018735 secs] [Times: user=0.00 sys=0.00, real=0.01 secs] 
1747.745: [GC (Allocation Failure) [PSYoungGen: 59712K->1360K(60416K)] 396132K->337780K(692736K), 0.0048346 secs] [Times: user=0.02 sys=0.00, real=0.01 secs] 
1748.317: [GC (Allocation Failure) [PSYoungGen: 59728K->1376K(60416K)] 396148K->337796K(692736K), 0.0026754 secs] [Times: user=0.01 sys=0.00, real=0.01 secs] 
1748.924: [GC (Allocation Failure) [PSYoungGen: 59744K->1392K(60416K)] 396164K->337812K(692736K), 0.0026653 secs] [Times: user=0.01 sys=0.00, real=0.00 secs] 
1749.713: [GC (Allocation Failure) [PSYoungGen: 59760K->1344K(60416K)] 396180K->337764K(692736K), 0.0048586 secs] [Times: user=0.02 sys=0.00, real=0.00 secs] 
1751.061: [GC (Allocation Failure) [PSYoungGen: 59712K->1408K(60416K)] 396132K->337828K(692736K), 0.0018393 secs] [Times: user=0.00 sys=0.00, real=0.00 secs] 
1751.304: [GC (Allocation Failure) [PSYoungGen: 59776K->1344K(60416K)] 396196K->337764K(692736K), 0.0017282 secs] [Times: user=0.00 sys=0.00, real=0.00 secs] 
1751.546: [GC (Allocation Failure) [PSYoungGen: 59712K->1408K(60416K)] 396132K->337828K(692736K), 0.0024648 secs] [Times: user=0.01 sys=0.01, real=0.00 secs] 
1751.790: [GC (Allocation Failure) [PSYoungGen: 59776K->1392K(60416K)] 396196K->337812K(692736K), 0.0020682 secs] [Times: user=0.01 sys=0.00, real=0.00 secs] 
1752.034: [GC (Allocation Failure) [PSYoungGen: 59760K->1344K(60416K)] 396180K->337764K(692736K), 0.0029163 secs] [Times: user=0.01 sys=0.00, real=0.00 secs] 
1753.449: [GC (Allocation Failure) [PSYoungGen: 59712K->1472K(60416K)] 396132K->337892K(692736K), 0.0021860 secs] [Times: user=0.01 sys=0.00, real=0.00 secs] 
1754.075: [GC (Allocation Failure) [PSYoungGen: 59840K->1440K(60416K)] 396260K->337868K(692736K), 0.0026728 secs] [Times: user=0.01 sys=0.00, real=0.00 secs] 
1754.631: [GC (Allocation Failure) [PSYoungGen: 59808K->1376K(60416K)] 396236K->337804K(692736K), 0.0024080 secs] [Times: user=0.01 sys=0.00, real=0.00 secs] 
1755.192: [GC (Allocation Failure) [PSYoungGen: 59744K->1392K(60416K)] 396172K->337820K(692736K), 0.0021952 secs] [Times: user=0.01 sys=0.00, real=0.00 secs] 
1755.690: [GC (Allocation Failure) [PSYoungGen: 59760K->1408K(60416K)] 396188K->337836K(692736K), 0.0030950 secs] [Times: user=0.01 sys=0.00, real=0.00 secs] 
1756.885: [GC (Allocation Failure) [PSYoungGen: 59776K->1440K(60416K)] 396204K->337876K(692736K), 0.0041674 secs] [Times: user=0.01 sys=0.00, real=0.01 secs] 
1757.287: [GC (Allocation Failure) [PSYoungGen: 59808K->1408K(60416K)] 396244K->337844K(692736K), 0.0020723 secs] [Times: user=0.01 sys=0.00, real=0.01 secs] 
1757.530: [GC (Allocation Failure) [PSYoungGen: 59776K->1408K(60416K)] 396212K->337844K(692736K), 0.0020586 secs] [Times: user=0.01 sys=0.00, real=0.00 secs] 
1757.773: [GC (Allocation Failure) [PSYoungGen: 59776K->1408K(60416K)] 396212K->337844K(692736K), 0.0020774 secs] [Times: user=0.01 sys=0.00, real=0.00 secs] 
1758.015: [GC (Allocation Failure) [PSYoungGen: 59776K->1376K(60416K)] 396212K->337812K(692736K), 0.0018547 secs] [Times: user=0.01 sys=0.00, real=0.00 secs] 
1758.947: [GC (Allocation Failure) [PSYoungGen: 59744K->1392K(60416K)] 396180K->337828K(692736K), 0.0017044 secs] [Times: user=0.00 sys=0.00, real=0.01 secs] 
1759.355: [GC (Allocation Failure) [PSYoungGen: 59760K->1376K(60416K)] 396196K->337812K(692736K), 0.0018047 secs] [Times: user=0.00 sys=0.01, real=0.00 secs] 
1759.847: [GC (Allocation Failure) [PSYoungGen: 59744K->1344K(60416K)] 396180K->337780K(692736K), 0.0021888 secs] [Times: user=0.01 sys=0.00, real=0.01 secs] 
1760.338: [GC (Allocation Failure) [PSYoungGen: 59712K->1408K(60416K)] 396148K->337844K(692736K), 0.0021872 secs] [Times: user=0.01 sys=0.00, real=0.01 secs] 
1761.606: [GC (Allocation Failure) [PSYoungGen: 59719K->1648K(60416K)] 396155K->338084K(692736K), 0.0019085 secs] [Times: user=0.01 sys=0.00, real=0.00 secs] 
1762.104: [GC (Allocation Failure) [PSYoungGen: 60016K->1376K(60416K)] 396452K->337828K(692736K), 0.0025701 secs] [Times: user=0.01 sys=0.00, real=0.00 secs] 
1762.572: [GC (Allocation Failure) [PSYoungGen: 59744K->1344K(60416K)] 396196K->337796K(692736K), 0.0023734 secs] [Times: user=0.01 sys=0.00, real=0.00 secs] 
1763.054: [GC (Allocation Failure) [PSYoungGen: 59712K->1408K(60416K)] 396164K->337860K(692736K), 0.0020387 secs] [Times: user=0.01 sys=0.00, real=0.00 secs] 
1763.418: [GC (Allocation Failure) [PSYoungGen: 59776K->1408K(60416K)] 396228K->337860K(692736K), 0.0018584 secs] [Times: user=0.01 sys=0.00, real=0.01 secs] 
1764.726: [GC (Allocation Failure) [PSYoungGen: 59776K->1408K(60416K)] 396228K->337860K(692736K), 0.0020239 secs] [Times: user=0.01 sys=0.00, real=0.00 secs] 
1765.797: [GC (Allocation Failure) [PSYoungGen: 59776K->1376K(60416K)] 396228K->337844K(692736K), 0.0039862 secs] [Times: user=0.01 sys=0.00, real=0.01 secs] 
1766.448: [GC (Allocation Failure) [PSYoungGen: 59744K->1376K(60416K)] 396212K->337844K(692736K), 0.0027570 secs] [Times: user=0.01 sys=0.00, real=0.01 secs] 
1767.004: [GC (Allocation Failure) [PSYoungGen: 59744K->1408K(60416K)] 396212K->337876K(692736K), 0.0026483 secs] [Times: user=0.01 sys=0.00, real=0.00 secs] 
1767.413: [GC (Allocation Failure) [PSYoungGen: 59776K->1408K(60416K)] 396244K->337876K(692736K), 0.0022556 secs] [Times: user=0.01 sys=0.00, real=0.00 secs] 
1769.273: [GC (Allocation Failure) [PSYoungGen: 59776K->1440K(60416K)] 396244K->337908K(692736K), 0.0020455 secs] [Times: user=0.01 sys=0.00, real=0.00 secs] 
1769.923: [GC (Allocation Failure) [PSYoungGen: 59808K->1408K(60416K)] 396276K->337876K(692736K), 0.0036354 secs] [Times: user=0.02 sys=0.00, real=0.00 secs] 
1770.871: [GC (Allocation Failure) [PSYoungGen: 59776K->1344K(60416K)] 396244K->337812K(692736K), 0.0043226 secs] [Times: user=0.02 sys=0.00, real=0.00 secs] 
1771.635: [GC (Allocation Failure) [PSYoungGen: 59712K->1408K(59904K)] 396180K->337876K(692224K), 0.0041182 secs] [Times: user=0.02 sys=0.00, real=0.01 secs] 
1772.381: [GC (Allocation Failure) [PSYoungGen: 59776K->1376K(59904K)] 396244K->337844K(692224K), 0.0034409 secs] [Times: user=0.01 sys=0.00, real=0.00 secs] 
1773.532: [GC (Allocation Failure) [PSYoungGen: 59744K->384K(59392K)] 396212K->337876K(691712K), 0.0016863 secs] [Times: user=0.00 sys=0.00, real=0.00 secs] 
1773.774: [GC (Allocation Failure) [PSYoungGen: 58752K->320K(60416K)] 396244K->337812K(692736K), 0.0015180 secs] [Times: user=0.01 sys=0.00, real=0.00 secs] 
1774.015: [GC (Allocation Failure) [PSYoungGen: 58688K->352K(60416K)] 396180K->337844K(692736K), 0.0014474 secs] [Times: user=0.00 sys=0.00, real=0.00 secs] 
1774.413: [GC (Allocation Failure) [PSYoungGen: 58720K->352K(60416K)] 396212K->337844K(692736K), 0.0016803 secs] [Times: user=0.01 sys=0.00, real=0.00 secs] 
1774.942: [GC (Allocation Failure) [PSYoungGen: 58720K->384K(60416K)] 396212K->337884K(692736K), 0.0017475 secs] [Times: user=0.01 sys=0.00, real=0.00 secs] 
1776.038: [GC (Allocation Failure) [PSYoungGen: 58752K->1440K(60416K)] 396252K->338940K(692736K), 0.0017542 secs] [Times: user=0.00 sys=0.00, real=0.01 secs] 
1776.282: [GC (Allocation Failure) [PSYoungGen: 59808K->1408K(59904K)] 397308K->338908K(692224K), 0.0020359 secs] [Times: user=0.01 sys=0.00, real=0.00 secs] 
1776.524: [GC (Allocation Failure) [PSYoungGen: 59264K->1376K(60416K)] 396764K->338876K(692736K), 0.0019490 secs] [Times: user=0.00 sys=0.00, real=0.00 secs] 
1776.863: [GC (Allocation Failure) [PSYoungGen: 59232K->1408K(60416K)] 396732K->338908K(692736K), 0.0022399 secs] [Times: user=0.01 sys=0.00, real=0.00 secs] 
1777.281: [GC (Allocation Failure) [PSYoungGen: 59264K->1344K(60416K)] 396764K->338844K(692736K), 0.0021930 secs] [Times: user=0.01 sys=0.00, real=0.00 secs] 
1778.397: [GC (Allocation Failure) [PSYoungGen: 59200K->1440K(60416K)] 396700K->338940K(692736K), 0.0019572 secs] [Times: user=0.01 sys=0.00, real=0.01 secs] 
1778.637: [GC (Allocation Failure) [PSYoungGen: 59296K->1376K(60416K)] 396796K->338876K(692736K), 0.0018718 secs] [Times: user=0.01 sys=0.01, real=0.01 secs] 
1778.878: [GC (Allocation Failure) [PSYoungGen: 59232K->1312K(59392K)] 396732K->338812K(691712K), 0.0019369 secs] [Times: user=0.01 sys=0.00, real=0.01 secs] 
1779.120: [GC (Allocation Failure) [PSYoungGen: 59168K->1360K(59904K)] 396668K->338860K(692224K), 0.0018006 secs] [Times: user=0.01 sys=0.00, real=0.00 secs] 
1780.020: [GC (Allocation Failure) [PSYoungGen: 59216K->224K(59392K)] 396716K->337724K(691712K), 0.0014477 secs] [Times: user=0.01 sys=0.00, real=0.00 secs] 
1780.737: [GC (Allocation Failure) [PSYoungGen: 57568K->1408K(59904K)] 395068K->338924K(692224K), 0.0027556 secs] [Times: user=0.01 sys=0.00, real=0.01 secs] 
1780.998: [GC (Allocation Failure) [PSYoungGen: 58752K->1376K(59904K)] 396268K->338892K(692224K), 0.0027867 secs] [Times: user=0.01 sys=0.00, real=0.01 secs] 
1781.238: [GC (Allocation Failure) [PSYoungGen: 58720K->1312K(59904K)] 396236K->338828K(692224K), 0.0021023 secs] [Times: user=0.00 sys=0.00, real=0.01 secs] 
1781.575: [GC (Allocation Failure) [PSYoungGen: 58656K->1344K(58880K)] 396172K->338860K(691200K), 0.0020582 secs] [Times: user=0.01 sys=0.00, real=0.00 secs] 
1782.805: [GC (Allocation Failure) [PSYoungGen: 58688K->1696K(59392K)] 396204K->339212K(691712K), 0.0018327 secs] [Times: user=0.01 sys=0.00, real=0.00 secs] 
1783.494: [GC (Allocation Failure) [PSYoungGen: 59040K->1344K(59904K)] 396556K->338860K(692224K), 0.0017750 secs] [Times: user=0.01 sys=0.00, real=0.00 secs] 
1783.968: [GC (Allocation Failure) [PSYoungGen: 58688K->1392K(58880K)] 396204K->338908K(691200K), 0.0020107 secs] [Times: user=0.01 sys=0.00, real=0.01 secs] 
1784.440: [GC (Allocation Failure) [PSYoungGen: 58736K->1376K(59392K)] 396252K->338892K(691712K), 0.0019824 secs] [Times: user=0.01 sys=0.00, real=0.00 secs] 
1784.930: [GC (Allocation Failure) [PSYoungGen: 58720K->1376K(59392K)] 396236K->338892K(691712K), 0.0019858 secs] [Times: user=0.01 sys=0.00, real=0.00 secs] 
1786.063: [GC (Allocation Failure) [PSYoungGen: 58720K->1888K(58880K)] 396236K->339404K(691200K), 0.0017908 secs] [Times: user=0.01 sys=0.00, real=0.00 secs] 
1786.328: [GC (Allocation Failure) [PSYoungGen: 58720K->1344K(58368K)] 396236K->338860K(690688K), 0.0017484 secs] [Times: user=0.01 sys=0.00, real=0.01 secs] 
1786.571: [GC (Allocation Failure) [PSYoungGen: 58176K->1408K(58880K)] 395692K->338924K(691200K), 0.0017903 secs] [Times: user=0.00 sys=0.00, real=0.00 secs] 
1786.904: [GC (Allocation Failure) [PSYoungGen: 58240K->1392K(58880K)] 395756K->338908K(691200K), 0.0019801 secs] [Times: user=0.01 sys=0.00, real=0.00 secs] 
1787.151: [GC (Allocation Failure) [PSYoungGen: 58224K->1408K(58880K)] 395740K->338924K(691200K), 0.0020722 secs] [Times: user=0.01 sys=0.00, real=0.00 secs] 
1788.150: [GC (Allocation Failure) [PSYoungGen: 58240K->1440K(58880K)] 395756K->338956K(691200K), 0.0018062 secs] [Times: user=0.01 sys=0.00, real=0.00 secs] 
1788.416: [GC (Allocation Failure) [PSYoungGen: 58272K->1344K(58880K)] 395788K->338860K(691200K), 0.0016449 secs] [Times: user=0.01 sys=0.00, real=0.00 secs] 
1788.651: [GC (Allocation Failure) [PSYoungGen: 58176K->1376K(58880K)] 395692K->338892K(691200K), 0.0016989 secs] [Times: user=0.01 sys=0.00, real=0.00 secs] 
1788.904: [GC (Allocation Failure) [PSYoungGen: 58208K->1328K(58880K)] 395724K->338844K(691200K), 0.0018800 secs] [Times: user=0.01 sys=0.00, real=0.00 secs] 
1789.234: [GC (Allocation Failure) [PSYoungGen: 58160K->1408K(58880K)] 395676K->338924K(691200K), 0.0024259 secs] [Times: user=0.01 sys=0.00, real=0.00 secs] 
1790.165: [GC (Allocation Failure) [PSYoungGen: 58240K->1440K(58880K)] 395756K->338956K(691200K), 0.0019145 secs] [Times: user=0.01 sys=0.00, real=0.00 secs] 
1790.425: [GC (Allocation Failure) [PSYoungGen: 58272K->1344K(58880K)] 395788K->338868K(691200K), 0.0018661 secs] [Times: user=0.01 sys=0.00, real=0.00 secs] 
1790.743: [GC (Allocation Failure) [PSYoungGen: 58176K->1376K(58880K)] 395700K->338900K(691200K), 0.0019506 secs] [Times: user=0.01 sys=0.00, real=0.00 secs] 
1791.175: [GC (Allocation Failure) [PSYoungGen: 58208K->1344K(58880K)] 395732K->338868K(691200K), 0.0034086 secs] [Times: user=0.01 sys=0.00, real=0.01 secs] 
1791.619: [GC (Allocation Failure) [PSYoungGen: 58176K->1376K(58880K)] 395700K->338900K(691200K), 0.0027531 secs] [Times: user=0.01 sys=0.00, real=0.00 secs] 
1792.875: [GC (Allocation Failure) [PSYoungGen: 58208K->1408K(58880K)] 395732K->338940K(691200K), 0.0024108 secs] [Times: user=0.01 sys=0.00, real=0.00 secs] 
1793.358: [GC (Allocation Failure) [PSYoungGen: 58240K->1408K(58880K)] 395772K->338940K(691200K), 0.0032426 secs] [Times: user=0.01 sys=0.00, real=0.01 secs] 
1793.854: [GC (Allocation Failure) [PSYoungGen: 58240K->1408K(58880K)] 395772K->338940K(691200K), 0.0028178 secs] [Times: user=0.01 sys=0.00, real=0.00 secs] 
1794.390: [GC (Allocation Failure) [PSYoungGen: 58240K->1408K(58880K)] 395772K->338940K(691200K), 0.0024799 secs] [Times: user=0.01 sys=0.00, real=0.00 secs] 
1795.006: [GC (Allocation Failure) [PSYoungGen: 58240K->1344K(58880K)] 395772K->338876K(691200K), 0.0048521 secs] [Times: user=0.01 sys=0.01, real=0.01 secs] 
1796.514: [GC (Allocation Failure) [PSYoungGen: 58176K->1408K(58880K)] 395708K->338940K(691200K), 0.0017556 secs] [Times: user=0.01 sys=0.00, real=0.00 secs] 
1797.450: [GC (Allocation Failure) [PSYoungGen: 58240K->1408K(58880K)] 395772K->338940K(691200K), 0.0047633 secs] [Times: user=0.02 sys=0.00, real=0.00 secs] 
1798.238: [GC (Allocation Failure) [PSYoungGen: 58240K->1376K(58368K)] 395772K->338908K(690688K), 0.0049858 secs] [Times: user=0.02 sys=0.00, real=0.01 secs] 
1799.048: [GC (Allocation Failure) [PSYoungGen: 58208K->1344K(58368K)] 395740K->338876K(690688K), 0.0049812 secs] [Times: user=0.02 sys=0.00, real=0.01 secs] 
1799.657: [GC (Allocation Failure) [PSYoungGen: 58176K->320K(57856K)] 395708K->338876K(690176K), 0.0036657 secs] [Times: user=0.02 sys=0.00, real=0.01 secs] 
1800.932: [GC (Allocation Failure) [PSYoungGen: 57152K->1376K(58880K)] 395708K->339932K(691200K), 0.0017122 secs] [Times: user=0.01 sys=0.00, real=0.00 secs] 
1801.604: [GC (Allocation Failure) [PSYoungGen: 58208K->1408K(58880K)] 396764K->339964K(691200K), 0.0019746 secs] [Times: user=0.00 sys=0.00, real=0.00 secs] 
1802.280: [GC (Allocation Failure) [PSYoungGen: 58240K->1344K(58880K)] 396796K->339900K(691200K), 0.0020836 secs] [Times: user=0.01 sys=0.00, real=0.00 secs] 
1802.860: [GC (Allocation Failure) [PSYoungGen: 58176K->1376K(58880K)] 396732K->339932K(691200K), 0.0028408 secs] [Times: user=0.01 sys=0.00, real=0.00 secs] 
1803.370: [GC (Allocation Failure) [PSYoungGen: 58208K->1408K(58880K)] 396764K->339964K(691200K), 0.0029186 secs] [Times: user=0.01 sys=0.00, real=0.00 secs] 
1804.747: [GC (Allocation Failure) [PSYoungGen: 58240K->1440K(58880K)] 396796K->339996K(691200K), 0.0019772 secs] [Times: user=0.01 sys=0.00, real=0.01 secs] 
1805.224: [GC (Allocation Failure) [PSYoungGen: 58272K->1408K(58880K)] 396828K->339972K(691200K), 0.0021421 secs] [Times: user=0.01 sys=0.00, real=0.00 secs] 
1805.832: [GC (Allocation Failure) [PSYoungGen: 58240K->1344K(58880K)] 396804K->339908K(691200K), 0.0021363 secs] [Times: user=0.01 sys=0.00, real=0.00 secs] 
1806.324: [GC (Allocation Failure) [PSYoungGen: 58176K->1408K(58880K)] 396740K->339972K(691200K), 0.0032211 secs] [Times: user=0.01 sys=0.00, real=0.00 secs] 
1806.721: [GC (Allocation Failure) [PSYoungGen: 58240K->1408K(58880K)] 396804K->339972K(691200K), 0.0023436 secs] [Times: user=0.01 sys=0.00, real=0.00 secs] 
1807.864: [GC (Allocation Failure) [PSYoungGen: 58240K->1408K(58880K)] 396804K->339972K(691200K), 0.0019068 secs] [Times: user=0.01 sys=0.00, real=0.00 secs] 
1808.550: [GC (Allocation Failure) [PSYoungGen: 58240K->1408K(58880K)] 396804K->339972K(691200K), 0.0024273 secs] [Times: user=0.01 sys=0.00, real=0.00 secs] 
1809.285: [GC (Allocation Failure) [PSYoungGen: 58240K->1376K(58880K)] 396804K->339940K(691200K), 0.0027353 secs] [Times: user=0.01 sys=0.00, real=0.00 secs] 
1809.992: [GC (Allocation Failure) [PSYoungGen: 58208K->1392K(58880K)] 396772K->339956K(691200K), 0.0028379 secs] [Times: user=0.01 sys=0.00, real=0.00 secs] 
1810.587: [GC (Allocation Failure) [PSYoungGen: 58224K->1408K(58880K)] 396788K->339972K(691200K), 0.0028531 secs] [Times: user=0.02 sys=0.00, real=0.01 secs] 
1812.224: [GC (Allocation Failure) [PSYoungGen: 58240K->1424K(58880K)] 396804K->339988K(691200K), 0.0055346 secs] [Times: user=0.02 sys=0.00, real=0.01 secs] 
1813.731: [GC (Allocation Failure) [PSYoungGen: 58256K->1376K(58880K)] 396820K->339940K(691200K), 0.0051993 secs] [Times: user=0.02 sys=0.00, real=0.00 secs] 
1814.280: [GC (Allocation Failure) [PSYoungGen: 58208K->1344K(58880K)] 396772K->339916K(691200K), 0.0024495 secs] [Times: user=0.01 sys=0.00, real=0.00 secs] 
1814.709: [GC (Allocation Failure) [PSYoungGen: 58176K->1392K(58368K)] 396748K->339964K(690688K), 0.0024144 secs] [Times: user=0.01 sys=0.00, real=0.00 secs] 
1815.180: [GC (Allocation Failure) [PSYoungGen: 58224K->1408K(58368K)] 396796K->339988K(690688K), 0.0022265 secs] [Times: user=0.01 sys=0.00, real=0.00 secs] 
1816.227: [GC (Allocation Failure) [PSYoungGen: 58240K->1408K(58368K)] 396820K->339996K(690688K), 0.0016242 secs] [Times: user=0.00 sys=0.00, real=0.01 secs] 
1816.485: [GC (Allocation Failure) [PSYoungGen: 58240K->1376K(58368K)] 396828K->339964K(690688K), 0.0018213 secs] [Times: user=0.01 sys=0.00, real=0.00 secs] 
1816.721: [GC (Allocation Failure) [PSYoungGen: 58208K->1376K(58368K)] 396796K->339964K(690688K), 0.0016827 secs] [Times: user=0.01 sys=0.00, real=0.00 secs] 
1817.010: [GC (Allocation Failure) [PSYoungGen: 58208K->1344K(58368K)] 396796K->339932K(690688K), 0.0017439 secs] [Times: user=0.01 sys=0.00, real=0.00 secs] 
1817.268: [GC (Allocation Failure) [PSYoungGen: 58176K->1376K(58368K)] 396764K->339964K(690688K), 0.0019921 secs] [Times: user=0.01 sys=0.00, real=0.01 secs] 
1818.274: [GC (Allocation Failure) [PSYoungGen: 58208K->1408K(58368K)] 396796K->339996K(690688K), 0.0021219 secs] [Times: user=0.01 sys=0.00, real=0.00 secs] 
1818.511: [GC (Allocation Failure) [PSYoungGen: 58240K->1376K(58368K)] 396828K->339964K(690688K), 0.0019615 secs] [Times: user=0.01 sys=0.00, real=0.00 secs] 
1818.778: [GC (Allocation Failure) [PSYoungGen: 58208K->1376K(58368K)] 396796K->339964K(690688K), 0.0019594 secs] [Times: user=0.01 sys=0.00, real=0.01 secs] 
1819.041: [GC (Allocation Failure) [PSYoungGen: 58208K->1408K(58368K)] 396796K->339996K(690688K), 0.0019726 secs] [Times: user=0.00 sys=0.00, real=0.00 secs] 
1819.362: [GC (Allocation Failure) [PSYoungGen: 58240K->1376K(58368K)] 396828K->339964K(690688K), 0.0019999 secs] [Times: user=0.01 sys=0.00, real=0.00 secs] 
1820.547: [GC (Allocation Failure) [PSYoungGen: 58208K->1408K(58368K)] 396796K->339996K(690688K), 0.0020428 secs] [Times: user=0.01 sys=0.00, real=0.01 secs] 
1820.986: [GC (Allocation Failure) [PSYoungGen: 58240K->1376K(58368K)] 396828K->339980K(690688K), 0.0019442 secs] [Times: user=0.01 sys=0.00, real=0.00 secs] 
1821.451: [GC (Allocation Failure) [PSYoungGen: 58208K->1312K(58368K)] 396812K->339916K(690688K), 0.0023982 secs] [Times: user=0.01 sys=0.00, real=0.00 secs] 
1821.951: [GC (Allocation Failure) [PSYoungGen: 58144K->1376K(58368K)] 396748K->339980K(690688K), 0.0021155 secs] [Times: user=0.01 sys=0.00, real=0.00 secs] 
1822.523: [GC (Allocation Failure) [PSYoungGen: 58208K->1376K(58368K)] 396812K->339980K(690688K), 0.0031657 secs] [Times: user=0.02 sys=0.00, real=0.00 secs] 
1823.638: [GC (Allocation Failure) [PSYoungGen: 58208K->1392K(58368K)] 396812K->340004K(690688K), 0.0015886 secs] [Times: user=0.01 sys=0.00, real=0.01 secs] 
1823.874: [GC (Allocation Failure) [PSYoungGen: 58224K->1408K(58368K)] 396836K->340020K(690688K), 0.0016435 secs] [Times: user=0.01 sys=0.00, real=0.00 secs] 
1824.109: [GC (Allocation Failure) [PSYoungGen: 58240K->1408K(58368K)] 396852K->340020K(690688K), 0.0017811 secs] [Times: user=0.01 sys=0.00, real=0.00 secs] 
1824.349: [GC (Allocation Failure) [PSYoungGen: 58240K->1408K(58368K)] 396852K->340020K(690688K), 0.0026826 secs] [Times: user=0.01 sys=0.00, real=0.00 secs] 
1824.584: [GC (Allocation Failure) [PSYoungGen: 58240K->1408K(58368K)] 396852K->340020K(690688K), 0.0025357 secs] [Times: user=0.01 sys=0.00, real=0.00 secs] 
1826.257: [GC (Allocation Failure) [PSYoungGen: 58240K->1408K(58368K)] 396852K->340028K(690688K), 0.0046836 secs] [Times: user=0.02 sys=0.00, real=0.01 secs] 
1827.524: [GC (Allocation Failure) [PSYoungGen: 58240K->1408K(58368K)] 396860K->340028K(690688K), 0.0031566 secs] [Times: user=0.02 sys=0.00, real=0.00 secs] 
1828.148: [GC (Allocation Failure) [PSYoungGen: 58240K->1408K(58368K)] 396860K->340028K(690688K), 0.0032358 secs] [Times: user=0.01 sys=0.00, real=0.01 secs] 
1828.915: [GC (Allocation Failure) [PSYoungGen: 58240K->1408K(58368K)] 396860K->340028K(690688K), 0.0024156 secs] [Times: user=0.01 sys=0.00, real=0.00 secs] 
1829.559: [GC (Allocation Failure) [PSYoungGen: 58240K->1360K(58368K)] 396860K->339980K(690688K), 0.0027310 secs] [Times: user=0.01 sys=0.00, real=0.00 secs] 
1832.362: [GC (Allocation Failure) [PSYoungGen: 58192K->1392K(58368K)] 396812K->340012K(690688K), 0.0051144 secs] [Times: user=0.02 sys=0.00, real=0.00 secs] 
1833.822: [GC (Allocation Failure) [PSYoungGen: 58224K->1344K(58368K)] 396844K->339964K(690688K), 0.0048369 secs] [Times: user=0.02 sys=0.00, real=0.00 secs] 
1834.563: [GC (Allocation Failure) [PSYoungGen: 58176K->1376K(58368K)] 396796K->339996K(690688K), 0.0033095 secs] [Times: user=0.01 sys=0.01, real=0.00 secs] 
1835.372: [GC (Allocation Failure) [PSYoungGen: 58208K->1440K(58368K)] 396828K->340060K(690688K), 0.0031236 secs] [Times: user=0.02 sys=0.00, real=0.00 secs] 
1836.063: [GC (Allocation Failure) [PSYoungGen: 58272K->1360K(58368K)] 396892K->339980K(690688K), 0.0033251 secs] [Times: user=0.02 sys=0.00, real=0.00 secs] 
1837.350: [GC (Allocation Failure) [PSYoungGen: 58192K->1408K(58368K)] 396812K->340036K(690688K), 0.0018465 secs] [Times: user=0.01 sys=0.00, real=0.00 secs] 
1837.615: [GC (Allocation Failure) [PSYoungGen: 58240K->1456K(58368K)] 396868K->340084K(690688K), 0.0018693 secs] [Times: user=0.00 sys=0.00, real=0.00 secs] 
1837.891: [GC (Allocation Failure) [PSYoungGen: 58288K->1376K(58368K)] 396916K->340004K(690688K), 0.0019637 secs] [Times: user=0.01 sys=0.00, real=0.00 secs] 
1838.127: [GC (Allocation Failure) [PSYoungGen: 58208K->1376K(58368K)] 396836K->340004K(690688K), 0.0020858 secs] [Times: user=0.01 sys=0.01, real=0.01 secs] 
1838.389: [GC (Allocation Failure) [PSYoungGen: 58208K->1440K(58368K)] 396836K->340068K(690688K), 0.0036845 secs] [Times: user=0.02 sys=0.00, real=0.00 secs] 
1839.335: [GC (Allocation Failure) [PSYoungGen: 58272K->1440K(58368K)] 396900K->340084K(690688K), 0.0015932 secs] [Times: user=0.01 sys=0.00, real=0.00 secs] 
1839.571: [GC (Allocation Failure) [PSYoungGen: 58272K->1408K(58368K)] 396916K->340052K(690688K), 0.0015170 secs] [Times: user=0.00 sys=0.00, real=0.00 secs] 
1839.806: [GC (Allocation Failure) [PSYoungGen: 58240K->1392K(58368K)] 396884K->340036K(690688K), 0.0020871 secs] [Times: user=0.01 sys=0.00, real=0.00 secs] 
1840.044: [GC (Allocation Failure) [PSYoungGen: 58224K->1376K(58368K)] 396868K->340020K(690688K), 0.0024852 secs] [Times: user=0.01 sys=0.00, real=0.00 secs] 
1840.283: [GC (Allocation Failure) [PSYoungGen: 58208K->1376K(58368K)] 396852K->340020K(690688K), 0.0027640 secs] [Times: user=0.01 sys=0.00, real=0.00 secs] 
1843.676: [GC (Allocation Failure) [PSYoungGen: 58208K->1408K(58368K)] 396852K->340052K(690688K), 0.0032558 secs] [Times: user=0.02 sys=0.00, real=0.01 secs] 
1843.920: [GC (Allocation Failure) [PSYoungGen: 58240K->1376K(58368K)] 396884K->340028K(690688K), 0.0029731 secs] [Times: user=0.01 sys=0.00, real=0.00 secs] 
1844.190: [GC (Allocation Failure) [PSYoungGen: 58208K->1344K(58368K)] 396860K->339996K(690688K), 0.0022834 secs] [Times: user=0.01 sys=0.00, real=0.00 secs] 
1844.427: [GC (Allocation Failure) [PSYoungGen: 58176K->1344K(58368K)] 396828K->339996K(690688K), 0.0026002 secs] [Times: user=0.01 sys=0.00, real=0.01 secs] 
1844.892: [GC (Allocation Failure) [PSYoungGen: 58176K->1376K(58368K)] 396828K->340028K(690688K), 0.0021987 secs] [Times: user=0.01 sys=0.00, real=0.00 secs] 
1847.142: [GC (Allocation Failure) [PSYoungGen: 58208K->1440K(58368K)] 396860K->340092K(690688K), 0.0026847 secs] [Times: user=0.01 sys=0.01, real=0.00 secs] 
1847.618: [GC (Allocation Failure) [PSYoungGen: 58272K->1392K(58368K)] 396924K->340044K(690688K), 0.0021979 secs] [Times: user=0.01 sys=0.00, real=0.01 secs] 
1848.309: [GC (Allocation Failure) [PSYoungGen: 58224K->1344K(58368K)] 396876K->339996K(690688K), 0.0022286 secs] [Times: user=0.01 sys=0.00, real=0.00 secs] 
1849.135: [GC (Allocation Failure) [PSYoungGen: 58176K->1408K(58368K)] 396828K->340060K(690688K), 0.0025900 secs] [Times: user=0.01 sys=0.00, real=0.00 secs] 
1849.926: [GC (Allocation Failure) [PSYoungGen: 58240K->1408K(58368K)] 396892K->340060K(690688K), 0.0026257 secs] [Times: user=0.01 sys=0.00, real=0.00 secs] 
1851.137: [GC (Allocation Failure) [PSYoungGen: 58240K->1440K(58368K)] 396892K->340092K(690688K), 0.0019539 secs] [Times: user=0.01 sys=0.00, real=0.00 secs] 
1851.395: [GC (Allocation Failure) [PSYoungGen: 58272K->1376K(58368K)] 396924K->340028K(690688K), 0.0021045 secs] [Times: user=0.00 sys=0.00, real=0.00 secs] 
1851.726: [GC (Allocation Failure) [PSYoungGen: 58208K->1376K(58368K)] 396860K->340028K(690688K), 0.0020246 secs] [Times: user=0.01 sys=0.00, real=0.00 secs] 
1852.171: [GC (Allocation Failure) [PSYoungGen: 58208K->1376K(58368K)] 396860K->340028K(690688K), 0.0022097 secs] [Times: user=0.01 sys=0.00, real=0.00 secs] 
1852.668: [GC (Allocation Failure) [PSYoungGen: 58208K->1360K(58368K)] 396860K->340012K(690688K), 0.0027098 secs] [Times: user=0.01 sys=0.01, real=0.01 secs] 
1853.819: [GC (Allocation Failure) [PSYoungGen: 58192K->1408K(58368K)] 396844K->340068K(690688K), 0.0017580 secs] [Times: user=0.00 sys=0.00, real=0.00 secs] 
1854.077: [GC (Allocation Failure) [PSYoungGen: 58240K->1376K(58368K)] 396900K->340036K(690688K), 0.0017974 secs] [Times: user=0.00 sys=0.00, real=0.01 secs] 
1854.333: [GC (Allocation Failure) [PSYoungGen: 58208K->1376K(58368K)] 396868K->340036K(690688K), 0.0018491 secs] [Times: user=0.01 sys=0.00, real=0.00 secs] 
1854.585: [GC (Allocation Failure) [PSYoungGen: 58208K->1408K(58368K)] 396868K->340068K(690688K), 0.0020053 secs] [Times: user=0.01 sys=0.00, real=0.00 secs] 
1854.822: [GC (Allocation Failure) [PSYoungGen: 58240K->1376K(58368K)] 396900K->340036K(690688K), 0.0019241 secs] [Times: user=0.00 sys=0.00, real=0.00 secs] 
1855.982: [GC (Allocation Failure) [PSYoungGen: 58208K->1376K(58368K)] 396868K->340036K(690688K), 0.0021707 secs] [Times: user=0.01 sys=0.00, real=0.00 secs] 
1856.465: [GC (Allocation Failure) [PSYoungGen: 58208K->1376K(58368K)] 396868K->340036K(690688K), 0.0024393 secs] [Times: user=0.01 sys=0.01, real=0.00 secs] 
1856.702: [GC (Allocation Failure) [PSYoungGen: 58208K->1408K(58368K)] 396868K->340068K(690688K), 0.0019496 secs] [Times: user=0.01 sys=0.00, real=0.00 secs] 
1856.938: [GC (Allocation Failure) [PSYoungGen: 58240K->1312K(58368K)] 396900K->339972K(690688K), 0.0020220 secs] [Times: user=0.01 sys=0.00, real=0.01 secs] 
1857.175: [GC (Allocation Failure) [PSYoungGen: 58144K->1376K(58368K)] 396804K->340036K(690688K), 0.0020169 secs] [Times: user=0.01 sys=0.00, real=0.00 secs] 
1859.056: [GC (Allocation Failure) [PSYoungGen: 58208K->1408K(58368K)] 396868K->340068K(690688K), 0.0049984 secs] [Times: user=0.02 sys=0.00, real=0.01 secs] 
1860.055: [GC (Allocation Failure) [PSYoungGen: 58240K->1376K(58368K)] 396900K->340036K(690688K), 0.0046785 secs] [Times: user=0.02 sys=0.01, real=0.01 secs] 
1860.979: [GC (Allocation Failure) [PSYoungGen: 58208K->1376K(58368K)] 396868K->340036K(690688K), 0.0041282 secs] [Times: user=0.02 sys=0.00, real=0.00 secs] 
1861.461: [GC (Allocation Failure) [PSYoungGen: 58208K->1440K(58368K)] 396868K->340100K(690688K), 0.0031578 secs] [Times: user=0.01 sys=0.00, real=0.00 secs] 
1861.932: [GC (Allocation Failure) [PSYoungGen: 58272K->1376K(58368K)] 396932K->340036K(690688K), 0.0028205 secs] [Times: user=0.02 sys=0.00, real=0.00 secs] 
1863.591: [GC (Allocation Failure) [PSYoungGen: 58208K->1440K(58368K)] 396868K->340116K(690688K), 0.0017563 secs] [Times: user=0.01 sys=0.00, real=0.00 secs] 
1864.039: [GC (Allocation Failure) [PSYoungGen: 58272K->1344K(58368K)] 396948K->340020K(690688K), 0.0024736 secs] [Times: user=0.01 sys=0.00, real=0.00 secs] 
1864.624: [GC (Allocation Failure) [PSYoungGen: 58176K->1408K(58368K)] 396852K->340084K(690688K), 0.0024185 secs] [Times: user=0.01 sys=0.00, real=0.00 secs] 
1865.157: [GC (Allocation Failure) [PSYoungGen: 58240K->1344K(58368K)] 396916K->340020K(690688K), 0.0027040 secs] [Times: user=0.01 sys=0.00, real=0.01 secs] 
1865.651: [GC (Allocation Failure) [PSYoungGen: 58176K->1440K(58368K)] 396852K->340116K(690688K), 0.0028094 secs] [Times: user=0.01 sys=0.00, real=0.00 secs] 
1866.878: [GC (Allocation Failure) [PSYoungGen: 58272K->1440K(58368K)] 396948K->340116K(690688K), 0.0018427 secs] [Times: user=0.01 sys=0.00, real=0.01 secs] 
1867.272: [GC (Allocation Failure) [PSYoungGen: 58272K->1344K(58368K)] 396948K->340020K(690688K), 0.0022460 secs] [Times: user=0.01 sys=0.00, real=0.00 secs] 
1867.508: [GC (Allocation Failure) [PSYoungGen: 58176K->1376K(58368K)] 396852K->340052K(690688K), 0.0021513 secs] [Times: user=0.01 sys=0.00, real=0.01 secs] 
1867.802: [GC (Allocation Failure) [PSYoungGen: 58208K->1376K(58368K)] 396884K->340052K(690688K), 0.0020233 secs] [Times: user=0.01 sys=0.00, real=0.00 secs] 
1868.274: [GC (Allocation Failure) [PSYoungGen: 58208K->1376K(58368K)] 396884K->340052K(690688K), 0.0022521 secs] [Times: user=0.01 sys=0.00, real=0.00 secs] 
1870.366: [GC (Allocation Failure) [PSYoungGen: 58208K->1440K(58368K)] 396884K->340116K(690688K), 0.0031115 secs] [Times: user=0.01 sys=0.00, real=0.01 secs] 
1871.522: [GC (Allocation Failure) [PSYoungGen: 58272K->1424K(58368K)] 396948K->340100K(690688K), 0.0039590 secs] [Times: user=0.02 sys=0.00, real=0.00 secs] 
1872.115: [GC (Allocation Failure) [PSYoungGen: 58256K->1376K(58368K)] 396932K->340052K(690688K), 0.0046572 secs] [Times: user=0.02 sys=0.00, real=0.01 secs] 
1873.063: [GC (Allocation Failure) [PSYoungGen: 58208K->1376K(58368K)] 396884K->340052K(690688K), 0.0052620 secs] [Times: user=0.02 sys=0.00, real=0.00 secs] 
1873.808: [GC (Allocation Failure) [PSYoungGen: 58208K->1408K(58368K)] 396884K->340084K(690688K), 0.0041142 secs] [Times: user=0.02 sys=0.00, real=0.01 secs] 
1875.311: [GC (Allocation Failure) [PSYoungGen: 58240K->1440K(58368K)] 396916K->340124K(690688K), 0.0029046 secs] [Times: user=0.01 sys=0.00, real=0.00 secs] 
1875.692: [GC (Allocation Failure) [PSYoungGen: 58272K->1376K(58368K)] 396956K->340060K(690688K), 0.0020284 secs] [Times: user=0.01 sys=0.00, real=0.00 secs] 
1875.986: [GC (Allocation Failure) [PSYoungGen: 58208K->1376K(58368K)] 396892K->340060K(690688K), 0.0020505 secs] [Times: user=0.00 sys=0.00, real=0.00 secs] 
1876.222: [GC (Allocation Failure) [PSYoungGen: 58208K->1376K(58368K)] 396892K->340060K(690688K), 0.0020483 secs] [Times: user=0.00 sys=0.00, real=0.00 secs] 
1877.379: [GC (Allocation Failure) [PSYoungGen: 58208K->192K(57856K)] 396892K->338876K(690176K), 0.0015810 secs] [Times: user=0.00 sys=0.00, real=0.00 secs] 
1878.019: [GC (Allocation Failure) [PSYoungGen: 56512K->1408K(58368K)] 395196K->340092K(690688K), 0.0019893 secs] [Times: user=0.01 sys=0.00, real=0.01 secs] 
1878.343: [GC (Allocation Failure) [PSYoungGen: 57728K->1408K(58368K)] 396412K->340092K(690688K), 0.0026138 secs] [Times: user=0.01 sys=0.00, real=0.00 secs] 
1878.996: [GC (Allocation Failure) [PSYoungGen: 57728K->1344K(58368K)] 396412K->340028K(690688K), 0.0035651 secs] [Times: user=0.02 sys=0.00, real=0.01 secs] 
1879.872: [GC (Allocation Failure) [PSYoungGen: 57664K->1408K(58368K)] 396348K->340092K(690688K), 0.0042796 secs] [Times: user=0.02 sys=0.00, real=0.00 secs] 
1880.882: [GC (Allocation Failure) [PSYoungGen: 57728K->1328K(58368K)] 396412K->340012K(690688K), 0.0033067 secs] [Times: user=0.01 sys=0.00, real=0.00 secs] 
1882.849: [GC (Allocation Failure) [PSYoungGen: 57648K->1440K(58368K)] 396332K->340140K(690688K), 0.0022658 secs] [Times: user=0.01 sys=0.01, real=0.00 secs] 
1883.392: [GC (Allocation Failure) [PSYoungGen: 57760K->1376K(58368K)] 396460K->340076K(690688K), 0.0021416 secs] [Times: user=0.01 sys=0.00, real=0.00 secs] 
1883.849: [GC (Allocation Failure) [PSYoungGen: 57696K->1408K(58368K)] 396396K->340108K(690688K), 0.0021879 secs] [Times: user=0.01 sys=0.00, real=0.00 secs] 
1884.302: [GC (Allocation Failure) [PSYoungGen: 57728K->1376K(58368K)] 396428K->340076K(690688K), 0.0040263 secs] [Times: user=0.02 sys=0.00, real=0.00 secs] 
1884.768: [GC (Allocation Failure) [PSYoungGen: 57696K->1440K(58368K)] 396396K->340148K(690688K), 0.0032041 secs] [Times: user=0.01 sys=0.00, real=0.01 secs] 
1886.627: [GC (Allocation Failure) [PSYoungGen: 57760K->1424K(58368K)] 396468K->340132K(690688K), 0.0023279 secs] [Times: user=0.01 sys=0.00, real=0.01 secs] 
1887.100: [GC (Allocation Failure) [PSYoungGen: 57744K->1344K(58368K)] 396452K->340052K(690688K), 0.0020749 secs] [Times: user=0.00 sys=0.00, real=0.00 secs] 
1887.573: [GC (Allocation Failure) [PSYoungGen: 57664K->1408K(58368K)] 396372K->340116K(690688K), 0.0021211 secs] [Times: user=0.01 sys=0.00, real=0.00 secs] 
1887.969: [GC (Allocation Failure) [PSYoungGen: 57728K->1376K(58368K)] 396436K->340084K(690688K), 0.0020035 secs] [Times: user=0.00 sys=0.00, real=0.00 secs] 
1888.203: [GC (Allocation Failure) [PSYoungGen: 57696K->1376K(58368K)] 396404K->340084K(690688K), 0.0020596 secs] [Times: user=0.01 sys=0.00, real=0.00 secs] 
1889.769: [GC (Allocation Failure) [PSYoungGen: 57696K->1376K(58368K)] 396404K->340084K(690688K), 0.0048582 secs] [Times: user=0.02 sys=0.00, real=0.01 secs] 
1890.409: [GC (Allocation Failure) [PSYoungGen: 57696K->1360K(57856K)] 396404K->340068K(690176K), 0.0029908 secs] [Times: user=0.01 sys=0.00, real=0.01 secs] 
1890.778: [GC (Allocation Failure) [PSYoungGen: 57680K->1312K(57856K)] 396388K->340020K(690176K), 0.0022809 secs] [Times: user=0.01 sys=0.00, real=0.01 secs] 
1891.192: [GC (Allocation Failure) [PSYoungGen: 57632K->1344K(57856K)] 396340K->340052K(690176K), 0.0021618 secs] [Times: user=0.01 sys=0.00, real=0.00 secs] 
1891.666: [GC (Allocation Failure) [PSYoungGen: 57664K->1376K(57856K)] 396372K->340084K(690176K), 0.0022447 secs] [Times: user=0.01 sys=0.00, real=0.00 secs] 
1892.620: [GC (Allocation Failure) [PSYoungGen: 57696K->1376K(57856K)] 396404K->340084K(690176K), 0.0017352 secs] [Times: user=0.01 sys=0.00, real=0.00 secs] 
1892.963: [GC (Allocation Failure) [PSYoungGen: 57696K->1344K(57856K)] 396404K->340076K(690176K), 0.0025574 secs] [Times: user=0.01 sys=0.00, real=0.00 secs] 
1893.432: [GC (Allocation Failure) [PSYoungGen: 57664K->1408K(57856K)] 396396K->340148K(690176K), 0.0018936 secs] [Times: user=0.01 sys=0.00, real=0.00 secs] 
1893.927: [GC (Allocation Failure) [PSYoungGen: 57728K->1376K(57856K)] 396468K->340116K(690176K), 0.0021486 secs] [Times: user=0.01 sys=0.00, real=0.01 secs] 
1894.386: [GC (Allocation Failure) [PSYoungGen: 57696K->1376K(57856K)] 396436K->340116K(690176K), 0.0022369 secs] [Times: user=0.01 sys=0.00, real=0.00 secs] 
1895.650: [GC (Allocation Failure) [PSYoungGen: 57696K->1360K(57856K)] 396436K->340100K(690176K), 0.0017709 secs] [Times: user=0.01 sys=0.00, real=0.00 secs] 
1896.061: [GC (Allocation Failure) [PSYoungGen: 57680K->1408K(57856K)] 396420K->340148K(690176K), 0.0020239 secs] [Times: user=0.01 sys=0.00, real=0.00 secs] 
1896.295: [GC (Allocation Failure) [PSYoungGen: 57728K->1408K(57856K)] 396468K->340148K(690176K), 0.0018641 secs] [Times: user=0.01 sys=0.00, real=0.00 secs] 
1896.560: [GC (Allocation Failure) [PSYoungGen: 57728K->1376K(57856K)] 396468K->340116K(690176K), 0.0020448 secs] [Times: user=0.01 sys=0.00, real=0.00 secs] 
1896.805: [GC (Allocation Failure) [PSYoungGen: 57696K->1376K(57856K)] 396436K->340116K(690176K), 0.0020634 secs] [Times: user=0.00 sys=0.00, real=0.00 secs] 
1897.803: [GC (Allocation Failure) [PSYoungGen: 57696K->1392K(57856K)] 396436K->340140K(690176K), 0.0017481 secs] [Times: user=0.01 sys=0.00, real=0.00 secs] 
1898.078: [GC (Allocation Failure) [PSYoungGen: 57712K->1376K(57856K)] 396460K->340124K(690176K), 0.0019504 secs] [Times: user=0.01 sys=0.00, real=0.01 secs] 
1898.393: [GC (Allocation Failure) [PSYoungGen: 57696K->1360K(57856K)] 396444K->340108K(690176K), 0.0018503 secs] [Times: user=0.01 sys=0.00, real=0.00 secs] 
1898.649: [GC (Allocation Failure) [PSYoungGen: 57680K->1344K(57856K)] 396428K->340092K(690176K), 0.0020866 secs] [Times: user=0.00 sys=0.00, real=0.00 secs] 
1898.893: [GC (Allocation Failure) [PSYoungGen: 57664K->1408K(57856K)] 396412K->340156K(690176K), 0.0021120 secs] [Times: user=0.01 sys=0.00, real=0.00 secs] 
1899.923: [GC (Allocation Failure) [PSYoungGen: 57728K->1392K(57856K)] 396476K->340140K(690176K), 0.0019771 secs] [Times: user=0.00 sys=0.00, real=0.00 secs] 
1900.252: [GC (Allocation Failure) [PSYoungGen: 57712K->1376K(57856K)] 396460K->340124K(690176K), 0.0018261 secs] [Times: user=0.01 sys=0.00, real=0.00 secs] 
1900.688: [GC (Allocation Failure) [PSYoungGen: 57696K->1408K(57856K)] 396444K->340172K(690176K), 0.0025719 secs] [Times: user=0.01 sys=0.00, real=0.01 secs] 
1901.106: [GC (Allocation Failure) [PSYoungGen: 57728K->1408K(57856K)] 396492K->340172K(690176K), 0.0026147 secs] [Times: user=0.01 sys=0.00, real=0.00 secs] 
1901.605: [GC (Allocation Failure) [PSYoungGen: 57728K->1376K(57856K)] 396492K->340140K(690176K), 0.0041476 secs] [Times: user=0.01 sys=0.00, real=0.01 secs] 
1902.804: [GC (Allocation Failure) [PSYoungGen: 57696K->1408K(57856K)] 396460K->340172K(690176K), 0.0020103 secs] [Times: user=0.01 sys=0.00, real=0.00 secs] 
1903.038: [GC (Allocation Failure) [PSYoungGen: 57728K->1344K(57856K)] 396492K->340108K(690176K), 0.0018624 secs] [Times: user=0.00 sys=0.00, real=0.01 secs] 
1903.272: [GC (Allocation Failure) [PSYoungGen: 57664K->1312K(57856K)] 396428K->340076K(690176K), 0.0020102 secs] [Times: user=0.01 sys=0.00, real=0.00 secs] 
1903.509: [GC (Allocation Failure) [PSYoungGen: 57632K->1280K(57856K)] 396396K->340044K(690176K), 0.0019081 secs] [Times: user=0.01 sys=0.00, real=0.00 secs] 
1903.742: [GC (Allocation Failure) [PSYoungGen: 57600K->1344K(57856K)] 396364K->340108K(690176K), 0.0020107 secs] [Times: user=0.01 sys=0.00, real=0.00 secs] 
1904.652: [GC (Allocation Failure) [PSYoungGen: 57664K->1376K(57856K)] 396428K->340140K(690176K), 0.0016264 secs] [Times: user=0.01 sys=0.00, real=0.00 secs] 
1904.927: [GC (Allocation Failure) [PSYoungGen: 57696K->1376K(57856K)] 396460K->340140K(690176K), 0.0017380 secs] [Times: user=0.01 sys=0.00, real=0.01 secs] 
1905.177: [GC (Allocation Failure) [PSYoungGen: 57696K->1360K(57856K)] 396460K->340124K(690176K), 0.0018616 secs] [Times: user=0.00 sys=0.00, real=0.01 secs] 
1905.431: [GC (Allocation Failure) [PSYoungGen: 57680K->1376K(57856K)] 396444K->340140K(690176K), 0.0017111 secs] [Times: user=0.01 sys=0.00, real=0.00 secs] 
1905.711: [GC (Allocation Failure) [PSYoungGen: 57696K->1344K(57856K)] 396460K->340108K(690176K), 0.0020124 secs] [Times: user=0.01 sys=0.00, real=0.00 secs] 
1906.820: [GC (Allocation Failure) [PSYoungGen: 57664K->1344K(57856K)] 396428K->340108K(690176K), 0.0020925 secs] [Times: user=0.01 sys=0.00, real=0.00 secs] 
1907.268: [GC (Allocation Failure) [PSYoungGen: 57664K->1344K(57856K)] 396428K->340108K(690176K), 0.0020382 secs] [Times: user=0.01 sys=0.00, real=0.01 secs] 
1907.735: [GC (Allocation Failure) [PSYoungGen: 57664K->1344K(57856K)] 396428K->340108K(690176K), 0.0021234 secs] [Times: user=0.01 sys=0.00, real=0.00 secs] 
1908.215: [GC (Allocation Failure) [PSYoungGen: 57664K->1376K(57856K)] 396428K->340140K(690176K), 0.0022024 secs] [Times: user=0.01 sys=0.00, real=0.00 secs] 
1908.706: [GC (Allocation Failure) [PSYoungGen: 57696K->1344K(57856K)] 396460K->340108K(690176K), 0.0021490 secs] [Times: user=0.01 sys=0.00, real=0.00 secs] 
1910.018: [GC (Allocation Failure) [PSYoungGen: 57664K->1376K(57856K)] 396428K->340148K(690176K), 0.0017277 secs] [Times: user=0.01 sys=0.00, real=0.01 secs] 
1910.664: [GC (Allocation Failure) [PSYoungGen: 57696K->1328K(57856K)] 396468K->340100K(690176K), 0.0016777 secs] [Times: user=0.00 sys=0.00, real=0.00 secs] 
1911.125: [GC (Allocation Failure) [PSYoungGen: 57648K->1392K(57856K)] 396420K->340164K(690176K), 0.0018380 secs] [Times: user=0.01 sys=0.00, real=0.00 secs] 
1911.537: [GC (Allocation Failure) [PSYoungGen: 57712K->1344K(57856K)] 396484K->340132K(690176K), 0.0018399 secs] [Times: user=0.01 sys=0.00, real=0.01 secs] 
1911.954: [GC (Allocation Failure) [PSYoungGen: 57664K->1344K(57856K)] 396452K->340132K(690176K), 0.0019194 secs] [Times: user=0.01 sys=0.00, real=0.00 secs] 
1913.276: [GC (Allocation Failure) [PSYoungGen: 57664K->1440K(57856K)] 396452K->340228K(690176K), 0.0021123 secs] [Times: user=0.01 sys=0.00, real=0.00 secs] 
1913.602: [GC (Allocation Failure) [PSYoungGen: 57760K->1408K(57856K)] 396548K->340196K(690176K), 0.0019379 secs] [Times: user=0.01 sys=0.00, real=0.00 secs] 
1913.837: [GC (Allocation Failure) [PSYoungGen: 57728K->1392K(57856K)] 396516K->340180K(690176K), 0.0019176 secs] [Times: user=0.01 sys=0.00, real=0.00 secs] 
1914.071: [GC (Allocation Failure) [PSYoungGen: 57712K->1408K(57856K)] 396500K->340196K(690176K), 0.0019554 secs] [Times: user=0.01 sys=0.00, real=0.00 secs] 
1914.383: [GC (Allocation Failure) [PSYoungGen: 57728K->1376K(57856K)] 396516K->340164K(690176K), 0.0018616 secs] [Times: user=0.01 sys=0.00, real=0.00 secs] 
1915.617: [GC (Allocation Failure) [PSYoungGen: 57696K->1408K(57856K)] 396484K->340196K(690176K), 0.0021018 secs] [Times: user=0.00 sys=0.00, real=0.01 secs] 
1916.203: [GC (Allocation Failure) [PSYoungGen: 57728K->1408K(57856K)] 396516K->340196K(690176K), 0.0022029 secs] [Times: user=0.01 sys=0.00, real=0.00 secs] 
1916.760: [GC (Allocation Failure) [PSYoungGen: 57728K->1376K(57856K)] 396516K->340164K(690176K), 0.0032587 secs] [Times: user=0.01 sys=0.00, real=0.00 secs] 
1918.588: [GC (Allocation Failure) [PSYoungGen: 57696K->1376K(57856K)] 396484K->340164K(690176K), 0.0033782 secs] [Times: user=0.01 sys=0.00, real=0.01 secs] 
1920.375: [GC (Allocation Failure) [PSYoungGen: 57696K->1408K(57856K)] 396484K->340196K(690176K), 0.0027385 secs] [Times: user=0.01 sys=0.00, real=0.00 secs] 
1921.435: [GC (Allocation Failure) [PSYoungGen: 57728K->1456K(57856K)] 396516K->340244K(690176K), 0.0018439 secs] [Times: user=0.00 sys=0.00, real=0.00 secs] 
1922.004: [GC (Allocation Failure) [PSYoungGen: 57776K->1344K(57856K)] 396564K->340132K(690176K), 0.0051040 secs] [Times: user=0.02 sys=0.00, real=0.01 secs] 
1922.604: [GC (Allocation Failure) [PSYoungGen: 57664K->1392K(57856K)] 396452K->340180K(690176K), 0.0040515 secs] [Times: user=0.02 sys=0.01, real=0.00 secs] 
1923.197: [GC (Allocation Failure) [PSYoungGen: 57712K->1344K(57856K)] 396500K->340132K(690176K), 0.0055760 secs] [Times: user=0.02 sys=0.00, real=0.01 secs] 
1923.653: [GC (Allocation Failure) [PSYoungGen: 57664K->1392K(57856K)] 396452K->340188K(690176K), 0.0026357 secs] [Times: user=0.02 sys=0.00, real=0.00 secs] 
1925.138: [GC (Allocation Failure) [PSYoungGen: 57712K->1440K(57856K)] 396508K->340236K(690176K), 0.0025415 secs] [Times: user=0.01 sys=0.00, real=0.01 secs] 
1925.595: [GC (Allocation Failure) [PSYoungGen: 57760K->1408K(57856K)] 396556K->340212K(690176K), 0.0023941 secs] [Times: user=0.01 sys=0.00, real=0.00 secs] 
1926.127: [GC (Allocation Failure) [PSYoungGen: 57728K->1408K(57856K)] 396532K->340212K(690176K), 0.0026892 secs] [Times: user=0.01 sys=0.00, real=0.01 secs] 
1926.963: [GC (Allocation Failure) [PSYoungGen: 57728K->1376K(57856K)] 396532K->340180K(690176K), 0.0033727 secs] [Times: user=0.01 sys=0.00, real=0.00 secs] 
1927.691: [GC (Allocation Failure) [PSYoungGen: 57696K->1408K(57856K)] 396500K->340212K(690176K), 0.0031968 secs] [Times: user=0.02 sys=0.00, real=0.00 secs] 
1929.114: [GC (Allocation Failure) [PSYoungGen: 57728K->1408K(57856K)] 396532K->340212K(690176K), 0.0019782 secs] [Times: user=0.01 sys=0.00, real=0.00 secs] 
1929.955: [GC (Allocation Failure) [PSYoungGen: 57728K->1376K(57856K)] 396532K->340180K(690176K), 0.0033013 secs] [Times: user=0.02 sys=0.00, real=0.00 secs] 
1930.842: [GC (Allocation Failure) [PSYoungGen: 57696K->1376K(57856K)] 396500K->340180K(690176K), 0.0045400 secs] [Times: user=0.02 sys=0.00, real=0.00 secs] 
1931.681: [GC (Allocation Failure) [PSYoungGen: 57696K->1376K(57856K)] 396500K->340180K(690176K), 0.0045164 secs] [Times: user=0.02 sys=0.00, real=0.00 secs] 
1932.337: [GC (Allocation Failure) [PSYoungGen: 57696K->1408K(57856K)] 396500K->340212K(690176K), 0.0036568 secs] [Times: user=0.01 sys=0.00, real=0.01 secs] 
1933.512: [GC (Allocation Failure) [PSYoungGen: 57728K->1408K(57856K)] 396532K->340212K(690176K), 0.0020048 secs] [Times: user=0.00 sys=0.00, real=0.00 secs] 
1933.788: [GC (Allocation Failure) [PSYoungGen: 57728K->1392K(57856K)] 396532K->340204K(690176K), 0.0020857 secs] [Times: user=0.01 sys=0.00, real=0.01 secs] 
1934.046: [GC (Allocation Failure) [PSYoungGen: 57712K->1376K(57856K)] 396524K->340188K(690176K), 0.0030187 secs] [Times: user=0.01 sys=0.00, real=0.01 secs] 
1934.460: [GC (Allocation Failure) [PSYoungGen: 57696K->1408K(57856K)] 396508K->340220K(690176K), 0.0031461 secs] [Times: user=0.02 sys=0.00, real=0.00 secs] 
1934.918: [GC (Allocation Failure) [PSYoungGen: 57728K->1376K(57856K)] 396540K->340196K(690176K), 0.0032063 secs] [Times: user=0.01 sys=0.00, real=0.01 secs] 
1936.055: [GC (Allocation Failure) [PSYoungGen: 57696K->1408K(57856K)] 396516K->340236K(690176K), 0.0019519 secs] [Times: user=0.01 sys=0.00, real=0.00 secs] 
1936.427: [GC (Allocation Failure) [PSYoungGen: 57728K->1408K(57856K)] 396556K->340236K(690176K), 0.0021115 secs] [Times: user=0.01 sys=0.00, real=0.01 secs] 
1936.910: [GC (Allocation Failure) [PSYoungGen: 57728K->1344K(57856K)] 396556K->340172K(690176K), 0.0021184 secs] [Times: user=0.01 sys=0.00, real=0.00 secs] 
1937.412: [GC (Allocation Failure) [PSYoungGen: 57664K->1408K(57856K)] 396492K->340236K(690176K), 0.0022345 secs] [Times: user=0.00 sys=0.00, real=0.00 secs] 
1938.039: [GC (Allocation Failure) [PSYoungGen: 57728K->1408K(57856K)] 396556K->340236K(690176K), 0.0025930 secs] [Times: user=0.01 sys=0.00, real=0.00 secs] 
1939.721: [GC (Allocation Failure) [PSYoungGen: 57728K->1408K(57856K)] 396556K->340236K(690176K), 0.0019786 secs] [Times: user=0.01 sys=0.00, real=0.00 secs] 
1940.483: [GC (Allocation Failure) [PSYoungGen: 57728K->1344K(57856K)] 396556K->340172K(690176K), 0.0058210 secs] [Times: user=0.02 sys=0.00, real=0.01 secs] 
1941.318: [GC (Allocation Failure) [PSYoungGen: 57664K->1376K(57856K)] 396492K->340204K(690176K), 0.0041805 secs] [Times: user=0.02 sys=0.01, real=0.01 secs] 
1941.992: [GC (Allocation Failure) [PSYoungGen: 57696K->1408K(57856K)] 396524K->340236K(690176K), 0.0026367 secs] [Times: user=0.01 sys=0.00, real=0.00 secs] 
1942.609: [GC (Allocation Failure) [PSYoungGen: 57728K->1440K(57856K)] 396556K->340268K(690176K), 0.0023813 secs] [Times: user=0.01 sys=0.01, real=0.00 secs] 
1944.262: [GC (Allocation Failure) [PSYoungGen: 57760K->1440K(57856K)] 396588K->340276K(690176K), 0.0021716 secs] [Times: user=0.01 sys=0.00, real=0.00 secs] 
1945.081: [GC (Allocation Failure) [PSYoungGen: 57760K->1408K(57856K)] 396596K->340244K(690176K), 0.0027509 secs] [Times: user=0.01 sys=0.00, real=0.00 secs] 
1945.848: [GC (Allocation Failure) [PSYoungGen: 57728K->1344K(57856K)] 396564K->340180K(690176K), 0.0026062 secs] [Times: user=0.01 sys=0.00, real=0.01 secs] 
1946.309: [GC (Allocation Failure) [PSYoungGen: 57664K->1408K(57856K)] 396500K->340244K(690176K), 0.0022042 secs] [Times: user=0.01 sys=0.00, real=0.00 secs] 
1946.557: [GC (Allocation Failure) [PSYoungGen: 57728K->1408K(57856K)] 396564K->340244K(690176K), 0.0019476 secs] [Times: user=0.01 sys=0.00, real=0.01 secs] 
1948.757: [GC (Allocation Failure) [PSYoungGen: 57728K->1408K(57856K)] 396564K->340244K(690176K), 0.0039497 secs] [Times: user=0.02 sys=0.00, real=0.01 secs] 
1949.237: [GC (Allocation Failure) [PSYoungGen: 57728K->1408K(57856K)] 396564K->340244K(690176K), 0.0025809 secs] [Times: user=0.01 sys=0.00, real=0.01 secs] 
1949.532: [GC (Allocation Failure) [PSYoungGen: 57728K->1344K(57856K)] 396564K->340180K(690176K), 0.0019960 secs] [Times: user=0.01 sys=0.00, real=0.00 secs] 
1950.077: [GC (Allocation Failure) [PSYoungGen: 57664K->1344K(57856K)] 396500K->340180K(690176K), 0.0019195 secs] [Times: user=0.01 sys=0.00, real=0.01 secs] 
1950.733: [GC (Allocation Failure) [PSYoungGen: 57664K->1344K(57856K)] 396500K->340180K(690176K), 0.0034308 secs] [Times: user=0.01 sys=0.00, real=0.00 secs] 
1952.497: [GC (Allocation Failure) [PSYoungGen: 57664K->1440K(57856K)] 396500K->340276K(690176K), 0.0034646 secs] [Times: user=0.01 sys=0.00, real=0.01 secs] 
1952.739: [GC (Allocation Failure) [PSYoungGen: 57760K->1392K(57856K)] 396596K->340228K(690176K), 0.0019436 secs] [Times: user=0.00 sys=0.00, real=0.00 secs] 
1953.043: [GC (Allocation Failure) [PSYoungGen: 57712K->1376K(57856K)] 396548K->340212K(690176K), 0.0020624 secs] [Times: user=0.01 sys=0.00, real=0.00 secs] 
1953.477: [GC (Allocation Failure) [PSYoungGen: 57696K->1408K(57856K)] 396532K->340244K(690176K), 0.0041736 secs] [Times: user=0.01 sys=0.00, real=0.01 secs] 
1953.918: [GC (Allocation Failure) [PSYoungGen: 57728K->1392K(57856K)] 396564K->340228K(690176K), 0.0033081 secs] [Times: user=0.01 sys=0.00, real=0.01 secs] 
1955.614: [GC (Allocation Failure) [PSYoungGen: 57712K->1408K(57856K)] 396548K->340252K(690176K), 0.0052243 secs] [Times: user=0.02 sys=0.00, real=0.01 secs] 
1956.206: [GC (Allocation Failure) [PSYoungGen: 57728K->1376K(57856K)] 396572K->340220K(690176K), 0.0028030 secs] [Times: user=0.01 sys=0.00, real=0.00 secs] 
1956.533: [GC (Allocation Failure) [PSYoungGen: 57696K->1440K(57856K)] 396540K->340284K(690176K), 0.0021148 secs] [Times: user=0.01 sys=0.00, real=0.00 secs] 
1956.767: [GC (Allocation Failure) [PSYoungGen: 57760K->1376K(57856K)] 396604K->340220K(690176K), 0.0019974 secs] [Times: user=0.01 sys=0.00, real=0.01 secs] 
1957.027: [GC (Allocation Failure) [PSYoungGen: 57696K->1408K(57856K)] 396540K->340252K(690176K), 0.0020329 secs] [Times: user=0.01 sys=0.00, real=0.01 secs] 
1958.707: [GC (Allocation Failure) [PSYoungGen: 57728K->1440K(57856K)] 396572K->340284K(690176K), 0.0056043 secs] [Times: user=0.02 sys=0.00, real=0.01 secs] 
1959.823: [GC (Allocation Failure) [PSYoungGen: 57760K->1376K(57856K)] 396604K->340220K(690176K), 0.0043746 secs] [Times: user=0.02 sys=0.00, real=0.00 secs] 
1960.442: [GC (Allocation Failure) [PSYoungGen: 57696K->1408K(57856K)] 396540K->340252K(690176K), 0.0027136 secs] [Times: user=0.01 sys=0.00, real=0.00 secs] 
1960.918: [GC (Allocation Failure) [PSYoungGen: 57728K->1376K(57856K)] 396572K->340220K(690176K), 0.0040927 secs] [Times: user=0.01 sys=0.00, real=0.01 secs] 
1961.399: [GC (Allocation Failure) [PSYoungGen: 57696K->1408K(57856K)] 396540K->340252K(690176K), 0.0021924 secs] [Times: user=0.00 sys=0.00, real=0.00 secs] 
1963.267: [GC (Allocation Failure) [PSYoungGen: 57728K->1440K(57856K)] 396572K->340284K(690176K), 0.0032470 secs] [Times: user=0.01 sys=0.00, real=0.01 secs] 
1964.329: [GC (Allocation Failure) [PSYoungGen: 57760K->1376K(57856K)] 396604K->340220K(690176K), 0.0052806 secs] [Times: user=0.02 sys=0.00, real=0.00 secs] 
1964.998: [GC (Allocation Failure) [PSYoungGen: 57696K->1376K(57856K)] 396540K->340220K(690176K), 0.0053349 secs] [Times: user=0.02 sys=0.00, real=0.01 secs] 
1965.622: [GC (Allocation Failure) [PSYoungGen: 57696K->1376K(57856K)] 396540K->340228K(690176K), 0.0031476 secs] [Times: user=0.02 sys=0.00, real=0.00 secs] 
1966.302: [GC (Allocation Failure) [PSYoungGen: 57696K->1408K(57856K)] 396548K->340260K(690176K), 0.0024721 secs] [Times: user=0.01 sys=0.00, real=0.00 secs] 
1967.669: [GC (Allocation Failure) [PSYoungGen: 57728K->1440K(57856K)] 396580K->340292K(690176K), 0.0017401 secs] [Times: user=0.00 sys=0.00, real=0.00 secs] 
1968.459: [GC (Allocation Failure) [PSYoungGen: 57760K->1408K(57856K)] 396612K->340260K(690176K), 0.0033395 secs] [Times: user=0.02 sys=0.00, real=0.00 secs] 
1969.159: [GC (Allocation Failure) [PSYoungGen: 57728K->1408K(57856K)] 396580K->340260K(690176K), 0.0031685 secs] [Times: user=0.01 sys=0.00, real=0.00 secs] 
1969.989: [GC (Allocation Failure) [PSYoungGen: 57728K->1408K(57856K)] 396580K->340260K(690176K), 0.0031334 secs] [Times: user=0.01 sys=0.00, real=0.00 secs] 
1970.711: [GC (Allocation Failure) [PSYoungGen: 57728K->1408K(57856K)] 396580K->340260K(690176K), 0.0055003 secs] [Times: user=0.02 sys=0.00, real=0.00 secs] 
1972.082: [GC (Allocation Failure) [PSYoungGen: 57728K->1376K(57856K)] 396580K->340228K(690176K), 0.0015804 secs] [Times: user=0.01 sys=0.00, real=0.00 secs] 
1972.589: [GC (Allocation Failure) [PSYoungGen: 57696K->1408K(57856K)] 396548K->340260K(690176K), 0.0033753 secs] [Times: user=0.01 sys=0.00, real=0.00 secs] 
1973.040: [GC (Allocation Failure) [PSYoungGen: 57728K->1408K(57856K)] 396580K->340260K(690176K), 0.0032524 secs] [Times: user=0.01 sys=0.00, real=0.00 secs] 
1973.299: [GC (Allocation Failure) [PSYoungGen: 57728K->1376K(57856K)] 396580K->340228K(690176K), 0.0021394 secs] [Times: user=0.01 sys=0.00, real=0.00 secs] 
1973.561: [GC (Allocation Failure) [PSYoungGen: 57696K->1376K(57856K)] 396548K->340236K(690176K), 0.0020295 secs] [Times: user=0.01 sys=0.00, real=0.00 secs] 
1974.649: [GC (Allocation Failure) [PSYoungGen: 57696K->1408K(57856K)] 396556K->340276K(690176K), 0.0017114 secs] [Times: user=0.00 sys=0.00, real=0.01 secs] 
1975.086: [GC (Allocation Failure) [PSYoungGen: 57728K->1376K(57856K)] 396596K->340252K(690176K), 0.0018542 secs] [Times: user=0.01 sys=0.00, real=0.00 secs] 
1975.477: [GC (Allocation Failure) [PSYoungGen: 57696K->1408K(57856K)] 396572K->340284K(690176K), 0.0020677 secs] [Times: user=0.01 sys=0.00, real=0.01 secs] 
1975.885: [GC (Allocation Failure) [PSYoungGen: 57728K->1408K(57856K)] 396604K->340284K(690176K), 0.0020719 secs] [Times: user=0.00 sys=0.00, real=0.00 secs] 
1976.283: [GC (Allocation Failure) [PSYoungGen: 57728K->1408K(57856K)] 396604K->340284K(690176K), 0.0020946 secs] [Times: user=0.01 sys=0.00, real=0.00 secs] 
1977.493: [GC (Allocation Failure) [PSYoungGen: 57728K->1408K(57856K)] 396604K->340284K(690176K), 0.0017384 secs] [Times: user=0.00 sys=0.00, real=0.00 secs] 
1977.919: [GC (Allocation Failure) [PSYoungGen: 57728K->1408K(57856K)] 396604K->340284K(690176K), 0.0018373 secs] [Times: user=0.01 sys=0.00, real=0.00 secs] 
1978.325: [GC (Allocation Failure) [PSYoungGen: 57728K->1440K(57856K)] 396604K->340316K(690176K), 0.0017734 secs] [Times: user=0.01 sys=0.00, real=0.00 secs] 
1978.559: [GC (Allocation Failure) [PSYoungGen: 57760K->1408K(57856K)] 396636K->340284K(690176K), 0.0018505 secs] [Times: user=0.01 sys=0.00, real=0.00 secs] 
1978.793: [GC (Allocation Failure) [PSYoungGen: 57728K->1440K(57856K)] 396604K->340316K(690176K), 0.0019161 secs] [Times: user=0.01 sys=0.00, real=0.00 secs] 
1979.996: [GC (Allocation Failure) [PSYoungGen: 57760K->1408K(57856K)] 396636K->340284K(690176K), 0.0023731 secs] [Times: user=0.01 sys=0.00, real=0.01 secs] 
1980.271: [GC (Allocation Failure) [PSYoungGen: 57728K->1376K(57856K)] 396604K->340252K(690176K), 0.0020959 secs] [Times: user=0.00 sys=0.00, real=0.00 secs] 
1980.507: [GC (Allocation Failure) [PSYoungGen: 57696K->1408K(57856K)] 396572K->340284K(690176K), 0.0023528 secs] [Times: user=0.01 sys=0.00, real=0.01 secs] 
1980.880: [GC (Allocation Failure) [PSYoungGen: 57728K->1376K(57856K)] 396604K->340252K(690176K), 0.0043512 secs] [Times: user=0.02 sys=0.00, real=0.00 secs] 
1981.464: [GC (Allocation Failure) [PSYoungGen: 57696K->1376K(57856K)] 396572K->340268K(690176K), 0.0024849 secs] [Times: user=0.01 sys=0.00, real=0.00 secs] 
1982.560: [GC (Allocation Failure) [PSYoungGen: 57696K->1392K(57856K)] 396588K->340284K(690176K), 0.0018015 secs] [Times: user=0.01 sys=0.00, real=0.00 secs] 
1982.985: [GC (Allocation Failure) [PSYoungGen: 57712K->1376K(57856K)] 396604K->340268K(690176K), 0.0018779 secs] [Times: user=0.00 sys=0.00, real=0.00 secs] 
1983.480: [GC (Allocation Failure) [PSYoungGen: 57696K->1408K(57856K)] 396588K->340300K(690176K), 0.0021972 secs] [Times: user=0.01 sys=0.00, real=0.00 secs] 
1984.005: [GC (Allocation Failure) [PSYoungGen: 57728K->1424K(57856K)] 396620K->340316K(690176K), 0.0033661 secs] [Times: user=0.01 sys=0.00, real=0.00 secs] 
1984.526: [GC (Allocation Failure) [PSYoungGen: 57744K->1376K(57856K)] 396636K->340268K(690176K), 0.0044375 secs] [Times: user=0.01 sys=0.00, real=0.01 secs] 
1985.792: [GC (Allocation Failure) [PSYoungGen: 57696K->1408K(57856K)] 396588K->340300K(690176K), 0.0019708 secs] [Times: user=0.01 sys=0.00, real=0.00 secs] 
1986.312: [GC (Allocation Failure) [PSYoungGen: 57728K->1344K(57856K)] 396620K->340236K(690176K), 0.0020656 secs] [Times: user=0.00 sys=0.00, real=0.00 secs] 
1986.813: [GC (Allocation Failure) [PSYoungGen: 57664K->1376K(57856K)] 396556K->340268K(690176K), 0.0039571 secs] [Times: user=0.02 sys=0.00, real=0.00 secs] 
1987.226: [GC (Allocation Failure) [PSYoungGen: 57696K->1376K(57856K)] 396588K->340268K(690176K), 0.0022027 secs] [Times: user=0.01 sys=0.00, real=0.00 secs] 
1987.577: [GC (Allocation Failure) [PSYoungGen: 57696K->1408K(57856K)] 396588K->340300K(690176K), 0.0021411 secs] [Times: user=0.01 sys=0.00, real=0.01 secs] 
1990.027: [GC (Allocation Failure) [PSYoungGen: 57728K->1408K(57856K)] 396620K->340300K(690176K), 0.0055079 secs] [Times: user=0.02 sys=0.00, real=0.01 secs] 
1990.803: [GC (Allocation Failure) [PSYoungGen: 57728K->1376K(57856K)] 396620K->340268K(690176K), 0.0032050 secs] [Times: user=0.01 sys=0.01, real=0.00 secs] 
1991.258: [GC (Allocation Failure) [PSYoungGen: 57696K->1408K(57856K)] 396588K->340300K(690176K), 0.0029983 secs] [Times: user=0.02 sys=0.00, real=0.01 secs] 
1991.842: [GC (Allocation Failure) [PSYoungGen: 57728K->1376K(57856K)] 396620K->340268K(690176K), 0.0028813 secs] [Times: user=0.01 sys=0.00, real=0.00 secs] 
1992.476: [GC (Allocation Failure) [PSYoungGen: 57696K->1376K(57856K)] 396588K->340268K(690176K), 0.0027451 secs] [Times: user=0.01 sys=0.00, real=0.01 secs] 
1993.815: [GC (Allocation Failure) [PSYoungGen: 57696K->1408K(57856K)] 396588K->340300K(690176K), 0.0016654 secs] [Times: user=0.01 sys=0.00, real=0.00 secs] 
1994.138: [GC (Allocation Failure) [PSYoungGen: 57728K->1312K(57856K)] 396620K->340204K(690176K), 0.0015409 secs] [Times: user=0.00 sys=0.00, real=0.01 secs] 
1994.562: [GC (Allocation Failure) [PSYoungGen: 57632K->1408K(57856K)] 396524K->340316K(690176K), 0.0018029 secs] [Times: user=0.00 sys=0.00, real=0.00 secs] 
1995.017: [GC (Allocation Failure) [PSYoungGen: 57728K->1376K(57856K)] 396636K->340284K(690176K), 0.0021287 secs] [Times: user=0.01 sys=0.01, real=0.01 secs] 
1995.489: [GC (Allocation Failure) [PSYoungGen: 57696K->1344K(57856K)] 396604K->340252K(690176K), 0.0023056 secs] [Times: user=0.01 sys=0.00, real=0.00 secs] 
1996.774: [GC (Allocation Failure) [PSYoungGen: 57664K->1344K(57856K)] 396572K->340252K(690176K), 0.0018742 secs] [Times: user=0.01 sys=0.00, real=0.00 secs] 
1997.452: [GC (Allocation Failure) [PSYoungGen: 57664K->1376K(57856K)] 396572K->340284K(690176K), 0.0021602 secs] [Times: user=0.01 sys=0.00, real=0.00 secs] 
1998.097: [GC (Allocation Failure) [PSYoungGen: 57696K->1408K(57856K)] 396604K->340316K(690176K), 0.0034716 secs] [Times: user=0.02 sys=0.00, real=0.01 secs] 
1998.819: [GC (Allocation Failure) [PSYoungGen: 57728K->1376K(57856K)] 396636K->340284K(690176K), 0.0042282 secs] [Times: user=0.02 sys=0.00, real=0.00 secs] 
1999.547: [GC (Allocation Failure) [PSYoungGen: 57696K->1344K(57856K)] 396604K->340252K(690176K), 0.0033777 secs] [Times: user=0.01 sys=0.00, real=0.01 secs] 
2000.943: [GC (Allocation Failure) [PSYoungGen: 57664K->1392K(57856K)] 396572K->340300K(690176K), 0.0018782 secs] [Times: user=0.01 sys=0.00, real=0.00 secs] 
2001.641: [GC (Allocation Failure) [PSYoungGen: 57712K->1376K(57856K)] 396620K->340284K(690176K), 0.0020598 secs] [Times: user=0.01 sys=0.00, real=0.00 secs] 
2002.402: [GC (Allocation Failure) [PSYoungGen: 57696K->1376K(57856K)] 396604K->340284K(690176K), 0.0021641 secs] [Times: user=0.01 sys=0.00, real=0.00 secs] 
2003.307: [GC (Allocation Failure) [PSYoungGen: 57696K->1376K(57856K)] 396604K->340284K(690176K), 0.0032340 secs] [Times: user=0.01 sys=0.00, real=0.01 secs] 
2004.023: [GC (Allocation Failure) [PSYoungGen: 57696K->1376K(57856K)] 396604K->340284K(690176K), 0.0048794 secs] [Times: user=0.02 sys=0.00, real=0.00 secs] 
2005.370: [GC (Allocation Failure) [PSYoungGen: 57696K->1408K(57856K)] 396604K->340324K(690176K), 0.0017850 secs] [Times: user=0.00 sys=0.00, real=0.00 secs] 
2005.816: [GC (Allocation Failure) [PSYoungGen: 57728K->1376K(57856K)] 396644K->340292K(690176K), 0.0031649 secs] [Times: user=0.02 sys=0.00, real=0.01 secs] 
2006.245: [GC (Allocation Failure) [PSYoungGen: 57696K->1392K(57856K)] 396612K->340308K(690176K), 0.0034478 secs] [Times: user=0.02 sys=0.00, real=0.01 secs] 
2006.719: [GC (Allocation Failure) [PSYoungGen: 57712K->1376K(57856K)] 396628K->340292K(690176K), 0.0024716 secs] [Times: user=0.02 sys=0.00, real=0.00 secs] 
2007.194: [GC (Allocation Failure) [PSYoungGen: 57696K->1408K(57856K)] 396612K->340324K(690176K), 0.0027180 secs] [Times: user=0.01 sys=0.00, real=0.00 secs] 
2008.274: [GC (Allocation Failure) [PSYoungGen: 57728K->1408K(57856K)] 396644K->340324K(690176K), 0.0018569 secs] [Times: user=0.01 sys=0.00, real=0.00 secs] 
2008.531: [GC (Allocation Failure) [PSYoungGen: 57728K->1376K(57856K)] 396644K->340292K(690176K), 0.0017928 secs] [Times: user=0.01 sys=0.00, real=0.00 secs] 
2008.910: [GC (Allocation Failure) [PSYoungGen: 57696K->1376K(57856K)] 396612K->340292K(690176K), 0.0018560 secs] [Times: user=0.01 sys=0.00, real=0.00 secs] 
2009.353: [GC (Allocation Failure) [PSYoungGen: 57696K->1376K(57856K)] 396612K->340292K(690176K), 0.0019049 secs] [Times: user=0.00 sys=0.00, real=0.00 secs] 
2009.828: [GC (Allocation Failure) [PSYoungGen: 57696K->1376K(57856K)] 396612K->340292K(690176K), 0.0038934 secs] [Times: user=0.02 sys=0.00, real=0.01 secs] 
2011.025: [GC (Allocation Failure) [PSYoungGen: 57696K->1408K(57856K)] 396612K->340324K(690176K), 0.0019886 secs] [Times: user=0.01 sys=0.00, real=0.00 secs] 
2011.278: [GC (Allocation Failure) [PSYoungGen: 57728K->1392K(57856K)] 396644K->340308K(690176K), 0.0024295 secs] [Times: user=0.01 sys=0.00, real=0.01 secs] 
2011.507: [GC (Allocation Failure) [PSYoungGen: 57712K->1392K(57856K)] 396628K->340308K(690176K), 0.0019190 secs] [Times: user=0.00 sys=0.00, real=0.00 secs] 
2011.741: [GC (Allocation Failure) [PSYoungGen: 57712K->1312K(57856K)] 396628K->340228K(690176K), 0.0020034 secs] [Times: user=0.01 sys=0.00, real=0.00 secs] 
2011.975: [GC (Allocation Failure) [PSYoungGen: 57632K->1344K(57856K)] 396548K->340276K(690176K), 0.0018935 secs] [Times: user=0.01 sys=0.00, real=0.00 secs] 
2012.922: [GC (Allocation Failure) [PSYoungGen: 57664K->1408K(57856K)] 396596K->340340K(690176K), 0.0017359 secs] [Times: user=0.01 sys=0.00, real=0.00 secs] 
2013.337: [GC (Allocation Failure) [PSYoungGen: 57728K->1392K(57856K)] 396660K->340324K(690176K), 0.0015310 secs] [Times: user=0.01 sys=0.00, real=0.00 secs] 
2013.770: [GC (Allocation Failure) [PSYoungGen: 57712K->1376K(57856K)] 396644K->340308K(690176K), 0.0019858 secs] [Times: user=0.01 sys=0.00, real=0.00 secs] 
2014.209: [GC (Allocation Failure) [PSYoungGen: 57696K->1376K(57856K)] 396628K->340308K(690176K), 0.0019595 secs] [Times: user=0.01 sys=0.00, real=0.01 secs] 
2014.662: [GC (Allocation Failure) [PSYoungGen: 57696K->1376K(57856K)] 396628K->340308K(690176K), 0.0021070 secs] [Times: user=0.01 sys=0.00, real=0.00 secs] 
2016.131: [GC (Allocation Failure) [PSYoungGen: 57696K->1440K(57856K)] 396628K->340380K(690176K), 0.0021484 secs] [Times: user=0.01 sys=0.00, real=0.00 secs] 
2016.941: [GC (Allocation Failure) [PSYoungGen: 57760K->1408K(57856K)] 396700K->340348K(690176K), 0.0027245 secs] [Times: user=0.01 sys=0.00, real=0.00 secs] 
2017.467: [GC (Allocation Failure) [PSYoungGen: 57728K->1312K(57856K)] 396668K->340252K(690176K), 0.0022831 secs] [Times: user=0.01 sys=0.00, real=0.01 secs] 
2017.721: [GC (Allocation Failure) [PSYoungGen: 57632K->1440K(57856K)] 396572K->340380K(690176K), 0.0019659 secs] [Times: user=0.00 sys=0.00, real=0.00 secs] 
2018.000: [GC (Allocation Failure) [PSYoungGen: 57760K->1376K(57856K)] 396700K->340316K(690176K), 0.0019909 secs] [Times: user=0.00 sys=0.00, real=0.00 secs] 
2019.326: [GC (Allocation Failure) [PSYoungGen: 57696K->1408K(57856K)] 396636K->340348K(690176K), 0.0019760 secs] [Times: user=0.00 sys=0.01, real=0.00 secs] 
2019.823: [GC (Allocation Failure) [PSYoungGen: 57728K->1408K(57856K)] 396668K->340348K(690176K), 0.0028470 secs] [Times: user=0.01 sys=0.00, real=0.00 secs] 
2020.059: [GC (Allocation Failure) [PSYoungGen: 57728K->1408K(57856K)] 396668K->340348K(690176K), 0.0021892 secs] [Times: user=0.01 sys=0.00, real=0.00 secs] 
2020.332: [GC (Allocation Failure) [PSYoungGen: 57728K->1376K(57856K)] 396668K->340316K(690176K), 0.0021101 secs] [Times: user=0.01 sys=0.00, real=0.00 secs] 
2020.662: [GC (Allocation Failure) [PSYoungGen: 57696K->1376K(57856K)] 396636K->340316K(690176K), 0.0019987 secs] [Times: user=0.01 sys=0.00, real=0.00 secs] 
2022.100: [GC (Allocation Failure) [PSYoungGen: 57696K->1408K(57856K)] 396636K->340348K(690176K), 0.0020951 secs] [Times: user=0.01 sys=0.00, real=0.00 secs] 
2022.350: [GC (Allocation Failure) [PSYoungGen: 57728K->1312K(57856K)] 396668K->340268K(690176K), 0.0023121 secs] [Times: user=0.01 sys=0.00, real=0.00 secs] 
2022.585: [GC (Allocation Failure) [PSYoungGen: 57632K->1344K(57856K)] 396588K->340308K(690176K), 0.0031824 secs] [Times: user=0.01 sys=0.01, real=0.01 secs] 
2022.877: [GC (Allocation Failure) [PSYoungGen: 57664K->1376K(57856K)] 396628K->340340K(690176K), 0.0017417 secs] [Times: user=0.01 sys=0.00, real=0.00 secs] 
2023.110: [GC (Allocation Failure) [PSYoungGen: 57696K->1376K(57856K)] 396660K->340340K(690176K), 0.0018675 secs] [Times: user=0.01 sys=0.00, real=0.00 secs] 
2024.176: [GC (Allocation Failure) [PSYoungGen: 57696K->1440K(57856K)] 396660K->340404K(690176K), 0.0017520 secs] [Times: user=0.01 sys=0.00, real=0.00 secs] 
2024.708: [GC (Allocation Failure) [PSYoungGen: 57760K->1408K(57856K)] 396724K->340372K(690176K), 0.0022386 secs] [Times: user=0.01 sys=0.00, real=0.01 secs] 
2025.270: [GC (Allocation Failure) [PSYoungGen: 57728K->1344K(57856K)] 396692K->340308K(690176K), 0.0029279 secs] [Times: user=0.01 sys=0.00, real=0.00 secs] 
2025.750: [GC (Allocation Failure) [PSYoungGen: 57664K->1408K(57856K)] 396628K->340372K(690176K), 0.0033351 secs] [Times: user=0.02 sys=0.00, real=0.00 secs] 
2026.330: [GC (Allocation Failure) [PSYoungGen: 57728K->1376K(57856K)] 396692K->340340K(690176K), 0.0025429 secs] [Times: user=0.01 sys=0.00, real=0.00 secs] 
2027.490: [GC (Allocation Failure) [PSYoungGen: 57696K->1440K(57856K)] 396660K->340404K(690176K), 0.0017499 secs] [Times: user=0.00 sys=0.00, real=0.00 secs] 
2027.724: [GC (Allocation Failure) [PSYoungGen: 57760K->1408K(57856K)] 396724K->340372K(690176K), 0.0016020 secs] [Times: user=0.01 sys=0.00, real=0.00 secs] 
2027.957: [GC (Allocation Failure) [PSYoungGen: 57728K->1344K(57856K)] 396692K->340308K(690176K), 0.0014805 secs] [Times: user=0.01 sys=0.00, real=0.01 secs] 
2028.191: [GC (Allocation Failure) [PSYoungGen: 57664K->1408K(57856K)] 396628K->340372K(690176K), 0.0016188 secs] [Times: user=0.00 sys=0.01, real=0.00 secs] 
2028.562: [GC (Allocation Failure) [PSYoungGen: 57728K->1408K(57856K)] 396692K->340372K(690176K), 0.0018767 secs] [Times: user=0.01 sys=0.00, real=0.00 secs] 
2029.488: [GC (Allocation Failure) [PSYoungGen: 57728K->1408K(57856K)] 396692K->340388K(690176K), 0.0028884 secs] [Times: user=0.01 sys=0.00, real=0.01 secs] 
2029.723: [GC (Allocation Failure) [PSYoungGen: 57728K->1344K(57856K)] 396708K->340324K(690176K), 0.0016415 secs] [Times: user=0.00 sys=0.00, real=0.00 secs] 
2029.957: [GC (Allocation Failure) [PSYoungGen: 57664K->1376K(57856K)] 396644K->340356K(690176K), 0.0024736 secs] [Times: user=0.01 sys=0.00, real=0.01 secs] 
2030.194: [GC (Allocation Failure) [PSYoungGen: 57696K->1360K(57856K)] 396676K->340340K(690176K), 0.0020532 secs] [Times: user=0.01 sys=0.00, real=0.00 secs] 
2030.453: [GC (Allocation Failure) [PSYoungGen: 57680K->1328K(57856K)] 396660K->340308K(690176K), 0.0021886 secs] [Times: user=0.01 sys=0.00, real=0.00 secs] 
2031.431: [GC (Allocation Failure) [PSYoungGen: 57648K->1408K(57856K)] 396628K->340396K(690176K), 0.0015771 secs] [Times: user=0.01 sys=0.00, real=0.00 secs] 
2031.664: [GC (Allocation Failure) [PSYoungGen: 57728K->1408K(57856K)] 396716K->340396K(690176K), 0.0016557 secs] [Times: user=0.00 sys=0.00, real=0.00 secs] 
2031.898: [GC (Allocation Failure) [PSYoungGen: 57728K->1344K(57856K)] 396716K->340332K(690176K), 0.0018735 secs] [Times: user=0.01 sys=0.00, real=0.01 secs] 
2032.187: [GC (Allocation Failure) [PSYoungGen: 57664K->1344K(57856K)] 396652K->340332K(690176K), 0.0020121 secs] [Times: user=0.01 sys=0.00, real=0.01 secs] 
2032.584: [GC (Allocation Failure) [PSYoungGen: 57664K->1344K(57856K)] 396652K->340332K(690176K), 0.0018461 secs] [Times: user=0.01 sys=0.00, real=0.00 secs] 
2034.824: [GC (Allocation Failure) [PSYoungGen: 57664K->1440K(57856K)] 396652K->340428K(690176K), 0.0048444 secs] [Times: user=0.02 sys=0.00, real=0.00 secs] 
2035.333: [GC (Allocation Failure) [PSYoungGen: 57760K->1408K(57856K)] 396748K->340396K(690176K), 0.0024296 secs] [Times: user=0.01 sys=0.00, real=0.00 secs] 
2035.910: [GC (Allocation Failure) [PSYoungGen: 57728K->1360K(57856K)] 396716K->340348K(690176K), 0.0024530 secs] [Times: user=0.01 sys=0.00, real=0.00 secs] 
2036.655: [GC (Allocation Failure) [PSYoungGen: 57680K->1408K(57856K)] 396668K->340396K(690176K), 0.0024030 secs] [Times: user=0.01 sys=0.00, real=0.00 secs] 
2037.414: [GC (Allocation Failure) [PSYoungGen: 57728K->1408K(57856K)] 396716K->340396K(690176K), 0.0049363 secs] [Times: user=0.03 sys=0.00, real=0.01 secs] 
2038.965: [GC (Allocation Failure) [PSYoungGen: 57728K->1408K(57856K)] 396716K->340396K(690176K), 0.0018465 secs] [Times: user=0.00 sys=0.00, real=0.00 secs] 
2039.756: [GC (Allocation Failure) [PSYoungGen: 57728K->1312K(57856K)] 396716K->340300K(690176K), 0.0018819 secs] [Times: user=0.00 sys=0.00, real=0.00 secs] 
2040.730: [GC (Allocation Failure) [PSYoungGen: 57632K->1344K(57856K)] 396620K->340332K(690176K), 0.0047701 secs] [Times: user=0.02 sys=0.00, real=0.00 secs] 
2041.502: [GC (Allocation Failure) [PSYoungGen: 57664K->1376K(57856K)] 396652K->340364K(690176K), 0.0047423 secs] [Times: user=0.02 sys=0.00, real=0.00 secs] 
2042.183: [GC (Allocation Failure) [PSYoungGen: 57696K->1376K(57856K)] 396684K->340364K(690176K), 0.0048799 secs] [Times: user=0.02 sys=0.00, real=0.00 secs] 
2043.604: [GC (Allocation Failure) [PSYoungGen: 57696K->1408K(57856K)] 396684K->340396K(690176K), 0.0017278 secs] [Times: user=0.01 sys=0.00, real=0.00 secs] 
2045.234: [GC (Allocation Failure) [PSYoungGen: 57728K->1408K(57856K)] 396716K->340396K(690176K), 0.0040090 secs] [Times: user=0.01 sys=0.00, real=0.00 secs] 
2046.099: [GC (Allocation Failure) [PSYoungGen: 57728K->1408K(57856K)] 396716K->340396K(690176K), 0.0026890 secs] [Times: user=0.01 sys=0.00, real=0.00 secs] 
2046.764: [GC (Allocation Failure) [PSYoungGen: 57728K->1408K(57856K)] 396716K->340396K(690176K), 0.0026982 secs] [Times: user=0.01 sys=0.00, real=0.00 secs] 
2047.836: [GC (Allocation Failure) [PSYoungGen: 57728K->1392K(57856K)] 396716K->340380K(690176K), 0.0034662 secs] [Times: user=0.02 sys=0.00, real=0.01 secs] 
2049.737: [GC (Allocation Failure) [PSYoungGen: 57712K->1376K(57856K)] 396700K->340372K(690176K), 0.0057643 secs] [Times: user=0.03 sys=0.00, real=0.01 secs] 
2050.275: [GC (Allocation Failure) [PSYoungGen: 57696K->1376K(57856K)] 396692K->340372K(690176K), 0.0026178 secs] [Times: user=0.01 sys=0.00, real=0.00 secs] 
2050.818: [GC (Allocation Failure) [PSYoungGen: 57696K->1344K(57856K)] 396692K->340340K(690176K), 0.0024092 secs] [Times: user=0.01 sys=0.00, real=0.01 secs] 
2051.322: [GC (Allocation Failure) [PSYoungGen: 57664K->1376K(57856K)] 396660K->340372K(690176K), 0.0022239 secs] [Times: user=0.01 sys=0.00, real=0.00 secs] 
2051.863: [GC (Allocation Failure) [PSYoungGen: 57696K->1360K(57856K)] 396692K->340356K(690176K), 0.0021849 secs] [Times: user=0.01 sys=0.00, real=0.00 secs] 
2053.107: [GC (Allocation Failure) [PSYoungGen: 57680K->1408K(57856K)] 396676K->340404K(690176K), 0.0017032 secs] [Times: user=0.01 sys=0.00, real=0.00 secs] 
2053.400: [GC (Allocation Failure) [PSYoungGen: 57728K->1376K(57856K)] 396724K->340372K(690176K), 0.0017931 secs] [Times: user=0.01 sys=0.00, real=0.00 secs] 
2053.772: [GC (Allocation Failure) [PSYoungGen: 57696K->1408K(57856K)] 396692K->340404K(690176K), 0.0041272 secs] [Times: user=0.02 sys=0.00, real=0.00 secs] 
2054.234: [GC (Allocation Failure) [PSYoungGen: 57728K->1408K(57856K)] 396724K->340404K(690176K), 0.0032562 secs] [Times: user=0.02 sys=0.00, real=0.00 secs] 
2054.754: [GC (Allocation Failure) [PSYoungGen: 57728K->1328K(57856K)] 396724K->340332K(690176K), 0.0023965 secs] [Times: user=0.01 sys=0.00, real=0.00 secs] 
2056.343: [GC (Allocation Failure) [PSYoungGen: 57648K->1440K(57856K)] 396652K->340460K(690176K), 0.0020432 secs] [Times: user=0.01 sys=0.00, real=0.00 secs] 
2056.877: [GC (Allocation Failure) [PSYoungGen: 57760K->1408K(57856K)] 396780K->340436K(690176K), 0.0022745 secs] [Times: user=0.01 sys=0.00, real=0.01 secs] 
2057.336: [GC (Allocation Failure) [PSYoungGen: 57728K->1376K(57856K)] 396756K->340404K(690176K), 0.0020454 secs] [Times: user=0.01 sys=0.00, real=0.00 secs] 
2058.036: [GC (Allocation Failure) [PSYoungGen: 57696K->1408K(57856K)] 396724K->340436K(690176K), 0.0026465 secs] [Times: user=0.01 sys=0.00, real=0.01 secs] 
2058.837: [GC (Allocation Failure) [PSYoungGen: 57728K->1344K(57856K)] 396756K->340372K(690176K), 0.0048281 secs] [Times: user=0.02 sys=0.00, real=0.01 secs] 
2060.174: [GC (Allocation Failure) [PSYoungGen: 57664K->1440K(57856K)] 396692K->340468K(690176K), 0.0023944 secs] [Times: user=0.01 sys=0.00, real=0.00 secs] 
2060.408: [GC (Allocation Failure) [PSYoungGen: 57760K->1408K(57856K)] 396788K->340436K(690176K), 0.0019666 secs] [Times: user=0.01 sys=0.00, real=0.01 secs] 
2060.643: [GC (Allocation Failure) [PSYoungGen: 57728K->1360K(57856K)] 396756K->340388K(690176K), 0.0018404 secs] [Times: user=0.01 sys=0.00, real=0.00 secs] 
2060.877: [GC (Allocation Failure) [PSYoungGen: 57680K->1328K(57856K)] 396708K->340356K(690176K), 0.0018295 secs] [Times: user=0.01 sys=0.00, real=0.00 secs] 
2061.112: [GC (Allocation Failure) [PSYoungGen: 57648K->1344K(57856K)] 396676K->340372K(690176K), 0.0018146 secs] [Times: user=0.01 sys=0.00, real=0.00 secs] 
2062.002: [GC (Allocation Failure) [PSYoungGen: 57664K->1376K(57856K)] 396692K->340404K(690176K), 0.0016903 secs] [Times: user=0.01 sys=0.01, real=0.00 secs] 
2062.259: [GC (Allocation Failure) [PSYoungGen: 57696K->1408K(57856K)] 396724K->340444K(690176K), 0.0015715 secs] [Times: user=0.01 sys=0.00, real=0.00 secs] 
2062.567: [GC (Allocation Failure) [PSYoungGen: 57728K->1376K(57856K)] 396764K->340412K(690176K), 0.0017458 secs] [Times: user=0.01 sys=0.00, real=0.01 secs] 
2063.023: [GC (Allocation Failure) [PSYoungGen: 57696K->1376K(57856K)] 396732K->340412K(690176K), 0.0039284 secs] [Times: user=0.02 sys=0.00, real=0.00 secs] 
2063.443: [GC (Allocation Failure) [PSYoungGen: 57696K->1408K(57856K)] 396732K->340444K(690176K), 0.0051029 secs] [Times: user=0.02 sys=0.00, real=0.00 secs] 
2064.561: [GC (Allocation Failure) [PSYoungGen: 57728K->1456K(57856K)] 396764K->340492K(690176K), 0.0019315 secs] [Times: user=0.01 sys=0.00, real=0.00 secs] 
2064.804: [GC (Allocation Failure) [PSYoungGen: 57776K->1392K(57856K)] 396812K->340428K(690176K), 0.0022281 secs] [Times: user=0.01 sys=0.00, real=0.00 secs] 
2065.035: [GC (Allocation Failure) [PSYoungGen: 57712K->1376K(57856K)] 396748K->340412K(690176K), 0.0020229 secs] [Times: user=0.01 sys=0.00, real=0.00 secs] 
2065.269: [GC (Allocation Failure) [PSYoungGen: 57696K->1360K(57856K)] 396732K->340396K(690176K), 0.0020212 secs] [Times: user=0.01 sys=0.00, real=0.00 secs] 
2065.505: [GC (Allocation Failure) [PSYoungGen: 57680K->1408K(57856K)] 396716K->340444K(690176K), 0.0017599 secs] [Times: user=0.01 sys=0.00, real=0.00 secs] 
2066.622: [GC (Allocation Failure) [PSYoungGen: 57728K->1424K(57856K)] 396764K->340460K(690176K), 0.0018524 secs] [Times: user=0.01 sys=0.00, real=0.00 secs] 
2067.527: [GC (Allocation Failure) [PSYoungGen: 57744K->1312K(57856K)] 396780K->340348K(690176K), 0.0024324 secs] [Times: user=0.01 sys=0.00, real=0.01 secs] 
2068.563: [GC (Allocation Failure) [PSYoungGen: 57632K->1376K(57856K)] 396668K->340412K(690176K), 0.0026002 secs] [Times: user=0.01 sys=0.00, real=0.00 secs] 
2069.176: [GC (Allocation Failure) [PSYoungGen: 57696K->1344K(57856K)] 396732K->340380K(690176K), 0.0022436 secs] [Times: user=0.01 sys=0.00, real=0.00 secs] 
2069.683: [GC (Allocation Failure) [PSYoungGen: 57664K->1408K(57856K)] 396700K->340444K(690176K), 0.0021554 secs] [Times: user=0.01 sys=0.00, real=0.00 secs] 
2071.100: [GC (Allocation Failure) [PSYoungGen: 57728K->1408K(57856K)] 396764K->340444K(690176K), 0.0018850 secs] [Times: user=0.01 sys=0.00, real=0.00 secs] 
2071.843: [GC (Allocation Failure) [PSYoungGen: 57728K->1392K(57856K)] 396764K->340428K(690176K), 0.0021282 secs] [Times: user=0.01 sys=0.00, real=0.00 secs] 
2072.611: [GC (Allocation Failure) [PSYoungGen: 57712K->1376K(57856K)] 396748K->340412K(690176K), 0.0022112 secs] [Times: user=0.01 sys=0.00, real=0.00 secs] 
2073.305: [GC (Allocation Failure) [PSYoungGen: 57696K->1376K(57856K)] 396732K->340412K(690176K), 0.0026354 secs] [Times: user=0.01 sys=0.00, real=0.00 secs] 
2073.856: [GC (Allocation Failure) [PSYoungGen: 57696K->1408K(57856K)] 396732K->340452K(690176K), 0.0026549 secs] [Times: user=0.01 sys=0.00, real=0.01 secs] 
2075.699: [GC (Allocation Failure) [PSYoungGen: 57728K->928K(57856K)] 396772K->340996K(690176K), 0.0026045 secs] [Times: user=0.01 sys=0.00, real=0.00 secs] 
2076.683: [GC (Allocation Failure) [PSYoungGen: 57248K->352K(57856K)] 397316K->340420K(690176K), 0.0043801 secs] [Times: user=0.02 sys=0.00, real=0.00 secs] 
2077.584: [GC (Allocation Failure) [PSYoungGen: 56672K->352K(58368K)] 396740K->340420K(690688K), 0.0050361 secs] [Times: user=0.02 sys=0.00, real=0.01 secs] 
2078.268: [GC (Allocation Failure) [PSYoungGen: 56672K->336K(58368K)] 396740K->340404K(690688K), 0.0048578 secs] [Times: user=0.02 sys=0.00, real=0.01 secs] 
2078.937: [GC (Allocation Failure) [PSYoungGen: 56656K->352K(58368K)] 396724K->340420K(690688K), 0.0033804 secs] [Times: user=0.02 sys=0.00, real=0.01 secs] 
2080.354: [GC (Allocation Failure) [PSYoungGen: 56672K->1888K(58368K)] 396740K->341956K(690688K), 0.0017384 secs] [Times: user=0.00 sys=0.00, real=0.00 secs] 
2080.900: [GC (Allocation Failure) [PSYoungGen: 58208K->1408K(58880K)] 398276K->341476K(691200K), 0.0025441 secs] [Times: user=0.01 sys=0.00, real=0.00 secs] 
2081.666: [GC (Allocation Failure) [PSYoungGen: 57728K->1360K(58880K)] 397796K->341428K(691200K), 0.0050460 secs] [Times: user=0.02 sys=0.00, real=0.01 secs] 
2082.198: [GC (Allocation Failure) [PSYoungGen: 57680K->1376K(58880K)] 397748K->341444K(691200K), 0.0032905 secs] [Times: user=0.01 sys=0.00, real=0.01 secs] 
2082.866: [GC (Allocation Failure) [PSYoungGen: 57696K->1392K(58880K)] 397764K->341460K(691200K), 0.0033080 secs] [Times: user=0.01 sys=0.00, real=0.01 secs] 
2084.321: [GC (Allocation Failure) [PSYoungGen: 57712K->1680K(58880K)] 397780K->341748K(691200K), 0.0018239 secs] [Times: user=0.01 sys=0.00, real=0.00 secs] 
2084.635: [GC (Allocation Failure) [PSYoungGen: 58000K->1376K(58880K)] 398068K->341444K(691200K), 0.0019646 secs] [Times: user=0.01 sys=0.00, real=0.00 secs] 
2084.924: [GC (Allocation Failure) [PSYoungGen: 57696K->1360K(58880K)] 397764K->341428K(691200K), 0.0022432 secs] [Times: user=0.01 sys=0.00, real=0.00 secs] 
2085.230: [GC (Allocation Failure) [PSYoungGen: 57680K->1408K(58880K)] 397748K->341476K(691200K), 0.0020268 secs] [Times: user=0.01 sys=0.00, real=0.00 secs] 
2085.478: [GC (Allocation Failure) [PSYoungGen: 57728K->1360K(57856K)] 397796K->341436K(690176K), 0.0020973 secs] [Times: user=0.00 sys=0.00, real=0.01 secs] 
2086.442: [GC (Allocation Failure) [PSYoungGen: 57680K->1664K(58368K)] 397756K->341740K(690688K), 0.0017875 secs] [Times: user=0.01 sys=0.00, real=0.00 secs] 
2086.681: [GC (Allocation Failure) [PSYoungGen: 57984K->1376K(57856K)] 398060K->341452K(690176K), 0.0018498 secs] [Times: user=0.01 sys=0.01, real=0.00 secs] 
2086.981: [GC (Allocation Failure) [PSYoungGen: 57696K->1344K(58368K)] 397772K->341420K(690688K), 0.0018129 secs] [Times: user=0.01 sys=0.00, real=0.00 secs] 
2087.271: [GC (Allocation Failure) [PSYoungGen: 57664K->1360K(58368K)] 397740K->341436K(690688K), 0.0017539 secs] [Times: user=0.00 sys=0.00, real=0.00 secs] 
2087.508: [GC (Allocation Failure) [PSYoungGen: 57680K->1344K(58368K)] 397756K->341420K(690688K), 0.0019908 secs] [Times: user=0.01 sys=0.00, real=0.01 secs] 
2088.513: [GC (Allocation Failure) [PSYoungGen: 57664K->1664K(58368K)] 397740K->341740K(690688K), 0.0019787 secs] [Times: user=0.01 sys=0.00, real=0.00 secs] 
2088.968: [GC (Allocation Failure) [PSYoungGen: 57984K->1392K(58368K)] 398060K->341468K(690688K), 0.0020533 secs] [Times: user=0.01 sys=0.00, real=0.01 secs] 
2089.406: [GC (Allocation Failure) [PSYoungGen: 57712K->1424K(58368K)] 397788K->341500K(690688K), 0.0031772 secs] [Times: user=0.01 sys=0.00, real=0.01 secs] 
2089.920: [GC (Allocation Failure) [PSYoungGen: 57744K->1376K(58368K)] 397820K->341452K(690688K), 0.0025054 secs] [Times: user=0.01 sys=0.00, real=0.00 secs] 
2090.478: [GC (Allocation Failure) [PSYoungGen: 57696K->1344K(58368K)] 397772K->341420K(690688K), 0.0028712 secs] [Times: user=0.01 sys=0.00, real=0.01 secs] 
2092.025: [GC (Allocation Failure) [PSYoungGen: 57664K->1664K(58368K)] 397740K->341756K(690688K), 0.0017456 secs] [Times: user=0.01 sys=0.00, real=0.00 secs] 
2093.294: [GC (Allocation Failure) [PSYoungGen: 57984K->1376K(58368K)] 398076K->341468K(690688K), 0.0021616 secs] [Times: user=0.01 sys=0.00, real=0.00 secs] 
2093.601: [GC (Allocation Failure) [PSYoungGen: 57696K->1408K(58368K)] 397788K->341500K(690688K), 0.0019631 secs] [Times: user=0.01 sys=0.00, real=0.00 secs] 
2093.968: [GC (Allocation Failure) [PSYoungGen: 57728K->1376K(58368K)] 397820K->341468K(690688K), 0.0019725 secs] [Times: user=0.00 sys=0.00, real=0.01 secs] 
2094.382: [GC (Allocation Failure) [PSYoungGen: 57696K->1408K(58368K)] 397788K->341500K(690688K), 0.0019797 secs] [Times: user=0.01 sys=0.00, real=0.00 secs] 
2095.476: [GC (Allocation Failure) [PSYoungGen: 57583K->1584K(58368K)] 397675K->341676K(690688K), 0.0018040 secs] [Times: user=0.01 sys=0.00, real=0.00 secs] 
2095.707: [GC (Allocation Failure) [PSYoungGen: 57904K->1376K(58368K)] 397996K->341468K(690688K), 0.0017739 secs] [Times: user=0.00 sys=0.00, real=0.01 secs] 
2095.941: [GC (Allocation Failure) [PSYoungGen: 57696K->1360K(58368K)] 397788K->341452K(690688K), 0.0018407 secs] [Times: user=0.00 sys=0.00, real=0.00 secs] 
2096.175: [GC (Allocation Failure) [PSYoungGen: 57680K->1408K(58368K)] 397772K->341500K(690688K), 0.0018676 secs] [Times: user=0.01 sys=0.00, real=0.00 secs] 
2096.409: [GC (Allocation Failure) [PSYoungGen: 57728K->1376K(58368K)] 397820K->341468K(690688K), 0.0019924 secs] [Times: user=0.01 sys=0.00, real=0.00 secs] 
2097.568: [GC (Allocation Failure) [PSYoungGen: 57696K->1536K(58368K)] 397788K->341628K(690688K), 0.0022412 secs] [Times: user=0.00 sys=0.00, real=0.01 secs] 
2098.486: [GC (Allocation Failure) [PSYoungGen: 57856K->1408K(58368K)] 397948K->341500K(690688K), 0.0038820 secs] [Times: user=0.02 sys=0.00, real=0.01 secs] 
2098.994: [GC (Allocation Failure) [PSYoungGen: 57728K->1408K(58368K)] 397820K->341500K(690688K), 0.0032490 secs] [Times: user=0.02 sys=0.00, real=0.00 secs] 
2099.533: [GC (Allocation Failure) [PSYoungGen: 57728K->1376K(58368K)] 397820K->341468K(690688K), 0.0028630 secs] [Times: user=0.01 sys=0.00, real=0.00 secs] 
2099.978: [GC (Allocation Failure) [PSYoungGen: 57696K->1408K(58368K)] 397788K->341500K(690688K), 0.0025835 secs] [Times: user=0.01 sys=0.00, real=0.01 secs] 
2101.231: [GC (Allocation Failure) [PSYoungGen: 57728K->1472K(58368K)] 397820K->341564K(690688K), 0.0017725 secs] [Times: user=0.01 sys=0.00, real=0.00 secs] 
2101.470: [GC (Allocation Failure) [PSYoungGen: 57792K->1376K(58368K)] 397884K->341468K(690688K), 0.0018458 secs] [Times: user=0.01 sys=0.00, real=0.00 secs] 
2101.704: [GC (Allocation Failure) [PSYoungGen: 57696K->1376K(58368K)] 397788K->341484K(690688K), 0.0018785 secs] [Times: user=0.01 sys=0.00, real=0.00 secs] 
2101.939: [GC (Allocation Failure) [PSYoungGen: 57696K->1392K(58368K)] 397804K->341500K(690688K), 0.0019232 secs] [Times: user=0.00 sys=0.00, real=0.01 secs] 
2102.197: [GC (Allocation Failure) [PSYoungGen: 57712K->1376K(58368K)] 397820K->341484K(690688K), 0.0019652 secs] [Times: user=0.01 sys=0.00, real=0.01 secs] 
2103.159: [GC (Allocation Failure) [PSYoungGen: 57696K->1504K(58368K)] 397804K->341612K(690688K), 0.0017745 secs] [Times: user=0.01 sys=0.00, real=0.00 secs] 
2103.782: [GC (Allocation Failure) [PSYoungGen: 57824K->1344K(58368K)] 397932K->341452K(690688K), 0.0021504 secs] [Times: user=0.00 sys=0.00, real=0.00 secs] 
2104.193: [GC (Allocation Failure) [PSYoungGen: 57664K->1344K(58368K)] 397772K->341452K(690688K), 0.0020470 secs] [Times: user=0.01 sys=0.00, real=0.00 secs] 
2104.427: [GC (Allocation Failure) [PSYoungGen: 57664K->1376K(58368K)] 397772K->341484K(690688K), 0.0059343 secs] [Times: user=0.02 sys=0.00, real=0.01 secs] 
2104.685: [GC (Allocation Failure) [PSYoungGen: 57696K->1376K(58368K)] 397804K->341484K(690688K), 0.0019777 secs] [Times: user=0.00 sys=0.00, real=0.00 secs] 
2105.688: [GC (Allocation Failure) [PSYoungGen: 57696K->1408K(57856K)] 397804K->341516K(690176K), 0.0015396 secs] [Times: user=0.00 sys=0.00, real=0.01 secs] 
2105.987: [GC (Allocation Failure) [PSYoungGen: 57728K->1376K(57856K)] 397836K->341484K(690176K), 0.0018703 secs] [Times: user=0.01 sys=0.00, real=0.00 secs] 
2106.221: [GC (Allocation Failure) [PSYoungGen: 57696K->304K(57344K)] 397804K->341436K(689664K), 0.0018567 secs] [Times: user=0.00 sys=0.00, real=0.00 secs] 
2106.455: [GC (Allocation Failure) [PSYoungGen: 56624K->352K(58368K)] 397756K->341484K(690688K), 0.0019233 secs] [Times: user=0.01 sys=0.00, real=0.00 secs] 
2106.742: [GC (Allocation Failure) [PSYoungGen: 56672K->352K(58368K)] 397804K->341484K(690688K), 0.0021098 secs] [Times: user=0.01 sys=0.00, real=0.00 secs] 
2107.676: [GC (Allocation Failure) [PSYoungGen: 56593K->256K(58368K)] 397725K->341388K(690688K), 0.0015919 secs] [Times: user=0.01 sys=0.00, real=0.00 secs] 
2108.987: [GC (Allocation Failure) [PSYoungGen: 56576K->1376K(58368K)] 397708K->342508K(690688K), 0.0048924 secs] [Times: user=0.02 sys=0.00, real=0.01 secs] 
2110.278: [GC (Allocation Failure) [PSYoungGen: 57696K->1392K(58368K)] 398828K->342524K(690688K), 0.0048241 secs] [Times: user=0.01 sys=0.00, real=0.01 secs] 
2111.407: [GC (Allocation Failure) [PSYoungGen: 57712K->1376K(58368K)] 398844K->342508K(690688K), 0.0049713 secs] [Times: user=0.02 sys=0.00, real=0.01 secs] 
2112.342: [GC (Allocation Failure) [PSYoungGen: 57696K->1376K(58368K)] 398828K->342508K(690688K), 0.0040721 secs] [Times: user=0.02 sys=0.00, real=0.00 secs] 
2112.971: [GC (Allocation Failure) [PSYoungGen: 57623K->304K(57856K)] 398755K->341436K(690176K), 0.0032159 secs] [Times: user=0.01 sys=0.00, real=0.00 secs] 
2114.512: [GC (Allocation Failure) [PSYoungGen: 56112K->1392K(58368K)] 397244K->342532K(690688K), 0.0026715 secs] [Times: user=0.01 sys=0.00, real=0.00 secs] 
2115.021: [GC (Allocation Failure) [PSYoungGen: 57200K->1344K(58368K)] 398340K->342484K(690688K), 0.0026234 secs] [Times: user=0.01 sys=0.00, real=0.00 secs] 
2115.559: [GC (Allocation Failure) [PSYoungGen: 57152K->1344K(58368K)] 398292K->342484K(690688K), 0.0034918 secs] [Times: user=0.01 sys=0.00, real=0.00 secs] 
2116.011: [GC (Allocation Failure) [PSYoungGen: 57152K->1376K(58368K)] 398292K->342516K(690688K), 0.0022083 secs] [Times: user=0.01 sys=0.00, real=0.00 secs] 
2116.248: [GC (Allocation Failure) [PSYoungGen: 57184K->1408K(58368K)] 398324K->342548K(690688K), 0.0021755 secs] [Times: user=0.01 sys=0.00, real=0.01 secs] 
2117.419: [GC (Allocation Failure) [PSYoungGen: 57216K->1440K(58368K)] 398356K->342580K(690688K), 0.0018265 secs] [Times: user=0.01 sys=0.00, real=0.00 secs] 
2117.953: [GC (Allocation Failure) [PSYoungGen: 57248K->1344K(57344K)] 398388K->342484K(689664K), 0.0018352 secs] [Times: user=0.01 sys=0.00, real=0.00 secs] 
2118.676: [GC (Allocation Failure) [PSYoungGen: 57152K->1344K(57856K)] 398292K->342484K(690176K), 0.0020115 secs] [Times: user=0.01 sys=0.00, real=0.00 secs] 
2119.334: [GC (Allocation Failure) [PSYoungGen: 57152K->1376K(57856K)] 398292K->342516K(690176K), 0.0022667 secs] [Times: user=0.01 sys=0.00, real=0.00 secs] 
2120.011: [GC (Allocation Failure) [PSYoungGen: 57184K->1360K(57856K)] 398324K->342500K(690176K), 0.0024109 secs] [Times: user=0.01 sys=0.00, real=0.00 secs] 
2121.048: [GC (Allocation Failure) [PSYoungGen: 57168K->1408K(57856K)] 398308K->342548K(690176K), 0.0019281 secs] [Times: user=0.01 sys=0.00, real=0.01 secs] 
2121.280: [GC (Allocation Failure) [PSYoungGen: 57216K->1408K(57856K)] 398356K->342548K(690176K), 0.0019109 secs] [Times: user=0.01 sys=0.00, real=0.00 secs] 
2121.512: [GC (Allocation Failure) [PSYoungGen: 57216K->1408K(57856K)] 398356K->342548K(690176K), 0.0019206 secs] [Times: user=0.00 sys=0.00, real=0.00 secs] 
2121.744: [GC (Allocation Failure) [PSYoungGen: 57216K->1408K(57856K)] 398356K->342548K(690176K), 0.0018725 secs] [Times: user=0.00 sys=0.00, real=0.00 secs] 
2121.976: [GC (Allocation Failure) [PSYoungGen: 57216K->1408K(57856K)] 398356K->342548K(690176K), 0.0018605 secs] [Times: user=0.01 sys=0.00, real=0.00 secs] 
2122.901: [GC (Allocation Failure) [PSYoungGen: 57216K->1408K(57856K)] 398356K->342564K(690176K), 0.0017554 secs] [Times: user=0.01 sys=0.00, real=0.00 secs] 
2123.133: [GC (Allocation Failure) [PSYoungGen: 57216K->1344K(57856K)] 398372K->342500K(690176K), 0.0016541 secs] [Times: user=0.01 sys=0.00, real=0.00 secs] 
2123.364: [GC (Allocation Failure) [PSYoungGen: 57152K->1424K(57856K)] 398308K->342580K(690176K), 0.0017805 secs] [Times: user=0.01 sys=0.00, real=0.00 secs] 
2123.596: [GC (Allocation Failure) [PSYoungGen: 57232K->1408K(57856K)] 398388K->342564K(690176K), 0.0017148 secs] [Times: user=0.00 sys=0.00, real=0.00 secs] 
2123.851: [GC (Allocation Failure) [PSYoungGen: 57216K->1312K(57856K)] 398372K->342468K(690176K), 0.0019147 secs] [Times: user=0.01 sys=0.00, real=0.00 secs] 
2124.875: [GC (Allocation Failure) [PSYoungGen: 57120K->1440K(57856K)] 398276K->342596K(690176K), 0.0016573 secs] [Times: user=0.00 sys=0.01, real=0.00 secs] 
2125.274: [GC (Allocation Failure) [PSYoungGen: 57248K->1344K(57856K)] 398404K->342500K(690176K), 0.0017277 secs] [Times: user=0.01 sys=0.00, real=0.00 secs] 
2125.707: [GC (Allocation Failure) [PSYoungGen: 57152K->1360K(57856K)] 398308K->342516K(690176K), 0.0046367 secs] [Times: user=0.02 sys=0.00, real=0.01 secs] 
2126.193: [GC (Allocation Failure) [PSYoungGen: 57168K->1360K(57856K)] 398324K->342516K(690176K), 0.0034722 secs] [Times: user=0.01 sys=0.00, real=0.00 secs] 
2126.636: [GC (Allocation Failure) [PSYoungGen: 57168K->1408K(57856K)] 398324K->342564K(690176K), 0.0027555 secs] [Times: user=0.02 sys=0.00, real=0.01 secs] 
2127.987: [GC (Allocation Failure) [PSYoungGen: 57216K->1440K(57856K)] 398372K->342596K(690176K), 0.0018331 secs] [Times: user=0.01 sys=0.00, real=0.01 secs] 
2128.483: [GC (Allocation Failure) [PSYoungGen: 57248K->1440K(57856K)] 398404K->342596K(690176K), 0.0020384 secs] [Times: user=0.01 sys=0.00, real=0.00 secs] 
2128.978: [GC (Allocation Failure) [PSYoungGen: 57248K->1408K(57856K)] 398404K->342564K(690176K), 0.0034723 secs] [Times: user=0.01 sys=0.00, real=0.01 secs] 
2129.442: [GC (Allocation Failure) [PSYoungGen: 57216K->1408K(57856K)] 398372K->342564K(690176K), 0.0028093 secs] [Times: user=0.02 sys=0.00, real=0.00 secs] 
2129.828: [GC (Allocation Failure) [PSYoungGen: 57216K->1376K(57856K)] 398372K->342532K(690176K), 0.0020733 secs] [Times: user=0.01 sys=0.00, real=0.01 secs] 
2130.920: [GC (Allocation Failure) [PSYoungGen: 57184K->1408K(57856K)] 398340K->342564K(690176K), 0.0019176 secs] [Times: user=0.01 sys=0.00, real=0.00 secs] 
2131.554: [GC (Allocation Failure) [PSYoungGen: 57216K->1408K(57856K)] 398372K->342564K(690176K), 0.0030979 secs] [Times: user=0.02 sys=0.00, real=0.00 secs] 
2132.329: [GC (Allocation Failure) [PSYoungGen: 57216K->1376K(57856K)] 398372K->342540K(690176K), 0.0043582 secs] [Times: user=0.02 sys=0.00, real=0.00 secs] 
2133.098: [GC (Allocation Failure) [PSYoungGen: 57184K->1408K(57344K)] 398348K->342572K(689664K), 0.0055602 secs] [Times: user=0.02 sys=0.00, real=0.01 secs] 
2133.822: [GC (Allocation Failure) [PSYoungGen: 57216K->1344K(57344K)] 398380K->342508K(689664K), 0.0033220 secs] [Times: user=0.01 sys=0.00, real=0.00 secs] 
2135.380: [GC (Allocation Failure) [PSYoungGen: 57152K->416K(56832K)] 398316K->342612K(689152K), 0.0020545 secs] [Times: user=0.01 sys=0.00, real=0.00 secs] 
2135.612: [GC (Allocation Failure) [PSYoungGen: 56224K->352K(57856K)] 398420K->342548K(690176K), 0.0020990 secs] [Times: user=0.01 sys=0.00, real=0.00 secs] 
2135.890: [GC (Allocation Failure) [PSYoungGen: 56160K->384K(57856K)] 398356K->342580K(690176K), 0.0019637 secs] [Times: user=0.01 sys=0.00, real=0.00 secs] 
2136.122: [GC (Allocation Failure) [PSYoungGen: 56192K->384K(57856K)] 398388K->342580K(690176K), 0.0019969 secs] [Times: user=0.01 sys=0.00, real=0.00 secs] 
2136.452: [GC (Allocation Failure) [PSYoungGen: 56192K->384K(57856K)] 398388K->342580K(690176K), 0.0019422 secs] [Times: user=0.01 sys=0.00, real=0.00 secs] 
2139.136: [GC (Allocation Failure) [PSYoungGen: 56192K->1424K(57856K)] 398388K->343628K(690176K), 0.0049031 secs] [Times: user=0.02 sys=0.00, real=0.01 secs] 
2139.719: [GC (Allocation Failure) [PSYoungGen: 57232K->1376K(57856K)] 399436K->343580K(690176K), 0.0035166 secs] [Times: user=0.01 sys=0.00, real=0.00 secs] 
2140.215: [GC (Allocation Failure) [PSYoungGen: 57184K->1408K(57856K)] 399388K->343612K(690176K), 0.0032442 secs] [Times: user=0.01 sys=0.00, real=0.00 secs] 
2140.797: [GC (Allocation Failure) [PSYoungGen: 57216K->1312K(58368K)] 399420K->343516K(690688K), 0.0025899 secs] [Times: user=0.01 sys=0.00, real=0.01 secs] 
2141.342: [GC (Allocation Failure) [PSYoungGen: 57120K->1376K(58368K)] 399324K->343580K(690688K), 0.0026394 secs] [Times: user=0.01 sys=0.00, real=0.00 secs] 
2142.801: [GC (Allocation Failure) [PSYoungGen: 57184K->1392K(58368K)] 399388K->343596K(690688K), 0.0040215 secs] [Times: user=0.02 sys=0.00, real=0.00 secs] 
2143.504: [GC (Allocation Failure) [PSYoungGen: 57200K->1440K(58368K)] 399404K->343644K(690688K), 0.0039225 secs] [Times: user=0.02 sys=0.01, real=0.00 secs] 
2144.082: [GC (Allocation Failure) [PSYoungGen: 57248K->1376K(58368K)] 399452K->343580K(690688K), 0.0032917 secs] [Times: user=0.02 sys=0.00, real=0.00 secs] 
2144.654: [GC (Allocation Failure) [PSYoungGen: 57184K->1408K(57344K)] 399388K->343612K(689664K), 0.0034430 secs] [Times: user=0.01 sys=0.00, real=0.00 secs] 
2145.305: [GC (Allocation Failure) [PSYoungGen: 57216K->1408K(57856K)] 399420K->343620K(690176K), 0.0030116 secs] [Times: user=0.01 sys=0.00, real=0.00 secs] 
2146.489: [GC (Allocation Failure) [PSYoungGen: 57216K->1408K(57856K)] 399428K->343620K(690176K), 0.0017402 secs] [Times: user=0.01 sys=0.00, real=0.00 secs] 
2146.954: [GC (Allocation Failure) [PSYoungGen: 57216K->1408K(57856K)] 399428K->343620K(690176K), 0.0017712 secs] [Times: user=0.01 sys=0.00, real=0.00 secs] 
2147.424: [GC (Allocation Failure) [PSYoungGen: 57216K->1408K(57856K)] 399428K->343620K(690176K), 0.0016603 secs] [Times: user=0.01 sys=0.00, real=0.00 secs] 
2147.893: [GC (Allocation Failure) [PSYoungGen: 57216K->1440K(57856K)] 399428K->343652K(690176K), 0.0040295 secs] [Times: user=0.01 sys=0.00, real=0.00 secs] 
2148.418: [GC (Allocation Failure) [PSYoungGen: 57248K->1408K(57856K)] 399460K->343620K(690176K), 0.0032032 secs] [Times: user=0.02 sys=0.00, real=0.01 secs] 
2149.492: [GC (Allocation Failure) [PSYoungGen: 57216K->1376K(57856K)] 399428K->343588K(690176K), 0.0018625 secs] [Times: user=0.01 sys=0.00, real=0.00 secs] 
2149.776: [GC (Allocation Failure) [PSYoungGen: 57184K->1376K(57856K)] 399396K->343588K(690176K), 0.0015836 secs] [Times: user=0.01 sys=0.00, real=0.00 secs] 
2150.082: [GC (Allocation Failure) [PSYoungGen: 57184K->1408K(57856K)] 399396K->343620K(690176K), 0.0018779 secs] [Times: user=0.01 sys=0.00, real=0.00 secs] 
2150.326: [GC (Allocation Failure) [PSYoungGen: 57216K->1376K(57856K)] 399428K->343588K(690176K), 0.0017925 secs] [Times: user=0.00 sys=0.00, real=0.00 secs] 
2150.565: [GC (Allocation Failure) [PSYoungGen: 57184K->1408K(57856K)] 399396K->343620K(690176K), 0.0018900 secs] [Times: user=0.01 sys=0.00, real=0.00 secs] 
2151.507: [GC (Allocation Failure) [PSYoungGen: 57216K->1376K(57856K)] 399428K->343588K(690176K), 0.0018793 secs] [Times: user=0.01 sys=0.00, real=0.01 secs] 
2151.940: [GC (Allocation Failure) [PSYoungGen: 57184K->1376K(57856K)] 399396K->343604K(690176K), 0.0018045 secs] [Times: user=0.01 sys=0.00, real=0.00 secs] 
2152.431: [GC (Allocation Failure) [PSYoungGen: 57184K->1408K(57856K)] 399412K->343636K(690176K), 0.0019286 secs] [Times: user=0.01 sys=0.00, real=0.00 secs] 
2152.985: [GC (Allocation Failure) [PSYoungGen: 57216K->1376K(57856K)] 399444K->343604K(690176K), 0.0017446 secs] [Times: user=0.01 sys=0.00, real=0.00 secs] 
2153.596: [GC (Allocation Failure) [PSYoungGen: 57184K->1376K(57856K)] 399412K->343604K(690176K), 0.0017987 secs] [Times: user=0.01 sys=0.00, real=0.00 secs] 
2155.034: [GC (Allocation Failure) [PSYoungGen: 57184K->2016K(57856K)] 399412K->344244K(690176K), 0.0018511 secs] [Times: user=0.01 sys=0.00, real=0.00 secs] 
2155.749: [GC (Allocation Failure) [PSYoungGen: 57824K->1344K(57856K)] 400052K->343572K(690176K), 0.0036101 secs] [Times: user=0.01 sys=0.00, real=0.00 secs] 
2156.209: [GC (Allocation Failure) [PSYoungGen: 57152K->1424K(57856K)] 399380K->343652K(690176K), 0.0033205 secs] [Times: user=0.01 sys=0.00, real=0.00 secs] 
2156.707: [GC (Allocation Failure) [PSYoungGen: 57232K->1376K(57856K)] 399460K->343604K(690176K), 0.0024599 secs] [Times: user=0.01 sys=0.00, real=0.01 secs] 
2157.387: [GC (Allocation Failure) [PSYoungGen: 57184K->1376K(57856K)] 399412K->343604K(690176K), 0.0024114 secs] [Times: user=0.01 sys=0.00, real=0.01 secs] 
2158.656: [GC (Allocation Failure) [PSYoungGen: 57184K->1920K(57856K)] 399412K->344148K(690176K), 0.0020245 secs] [Times: user=0.00 sys=0.00, real=0.00 secs] 
2159.319: [GC (Allocation Failure) [PSYoungGen: 57728K->1376K(57856K)] 399956K->343604K(690176K), 0.0023405 secs] [Times: user=0.01 sys=0.00, real=0.01 secs] 
2159.787: [GC (Allocation Failure) [PSYoungGen: 57184K->1376K(57856K)] 399412K->343604K(690176K), 0.0024497 secs] [Times: user=0.01 sys=0.00, real=0.01 secs] 
2160.295: [GC (Allocation Failure) [PSYoungGen: 57184K->1376K(57856K)] 399412K->343604K(690176K), 0.0028620 secs] [Times: user=0.02 sys=0.00, real=0.00 secs] 
2161.231: [GC (Allocation Failure) [PSYoungGen: 57184K->1408K(57856K)] 399412K->343636K(690176K), 0.0032283 secs] [Times: user=0.01 sys=0.00, real=0.00 secs] 
2162.811: [GC (Allocation Failure) [PSYoungGen: 57216K->1280K(57856K)] 399444K->343508K(690176K), 0.0016934 secs] [Times: user=0.01 sys=0.00, real=0.00 secs] 
2163.647: [GC (Allocation Failure) [PSYoungGen: 57088K->1392K(57856K)] 399316K->343620K(690176K), 0.0022915 secs] [Times: user=0.01 sys=0.00, real=0.01 secs] 
2164.001: [GC (Allocation Failure) [PSYoungGen: 57200K->1408K(57856K)] 399428K->343636K(690176K), 0.0021416 secs] [Times: user=0.01 sys=0.00, real=0.00 secs] 
2164.269: [GC (Allocation Failure) [PSYoungGen: 57216K->1408K(57856K)] 399444K->343636K(690176K), 0.0021490 secs] [Times: user=0.01 sys=0.00, real=0.00 secs] 
2164.508: [GC (Allocation Failure) [PSYoungGen: 57216K->1344K(57856K)] 399444K->343580K(690176K), 0.0020754 secs] [Times: user=0.01 sys=0.00, real=0.01 secs] 
2164.792: [GC (Allocation Failure) [PSYoungGen: 57143K->256K(57856K)] 399379K->342492K(690176K), 0.0022029 secs] [Times: user=0.01 sys=0.00, real=0.00 secs] 
2167.281: [GC (Allocation Failure) [PSYoungGen: 56064K->1408K(57856K)] 398300K->343644K(690176K), 0.0057110 secs] [Times: user=0.02 sys=0.00, real=0.00 secs] 
2168.297: [GC (Allocation Failure) [PSYoungGen: 57216K->1392K(57856K)] 399452K->343628K(690176K), 0.0053845 secs] [Times: user=0.02 sys=0.00, real=0.01 secs] 
2169.000: [GC (Allocation Failure) [PSYoungGen: 57200K->1408K(57856K)] 399436K->343644K(690176K), 0.0031970 secs] [Times: user=0.02 sys=0.00, real=0.00 secs] 
2169.460: [GC (Allocation Failure) [PSYoungGen: 57216K->1408K(57856K)] 399452K->343644K(690176K), 0.0032797 secs] [Times: user=0.01 sys=0.00, real=0.00 secs] 
2169.952: [GC (Allocation Failure) [PSYoungGen: 57216K->1408K(57856K)] 399452K->343644K(690176K), 0.0023834 secs] [Times: user=0.01 sys=0.00, real=0.00 secs] 
2171.159: [GC (Allocation Failure) [PSYoungGen: 57216K->1376K(57856K)] 399452K->343612K(690176K), 0.0017534 secs] [Times: user=0.01 sys=0.00, real=0.00 secs] 
2171.651: [GC (Allocation Failure) [PSYoungGen: 57184K->1376K(57856K)] 399420K->343612K(690176K), 0.0016715 secs] [Times: user=0.00 sys=0.00, real=0.00 secs] 
2172.314: [GC (Allocation Failure) [PSYoungGen: 57184K->1376K(57856K)] 399420K->343612K(690176K), 0.0024583 secs] [Times: user=0.01 sys=0.00, real=0.00 secs] 
2172.779: [GC (Allocation Failure) [PSYoungGen: 57184K->1440K(57856K)] 399420K->343676K(690176K), 0.0024548 secs] [Times: user=0.01 sys=0.00, real=0.00 secs] 
2173.275: [GC (Allocation Failure) [PSYoungGen: 57248K->1376K(57856K)] 399484K->343628K(690176K), 0.0022309 secs] [Times: user=0.00 sys=0.00, real=0.00 secs] 
2174.309: [GC (Allocation Failure) [PSYoungGen: 57184K->1376K(57856K)] 399436K->343636K(690176K), 0.0019027 secs] [Times: user=0.01 sys=0.00, real=0.00 secs] 
2174.596: [GC (Allocation Failure) [PSYoungGen: 57184K->1376K(57856K)] 399444K->343636K(690176K), 0.0017926 secs] [Times: user=0.01 sys=0.00, real=0.00 secs] 
2174.885: [GC (Allocation Failure) [PSYoungGen: 57184K->1344K(57856K)] 399444K->343604K(690176K), 0.0021836 secs] [Times: user=0.01 sys=0.00, real=0.00 secs] 
2175.172: [GC (Allocation Failure) [PSYoungGen: 57152K->1344K(57856K)] 399412K->343612K(690176K), 0.0025393 secs] [Times: user=0.01 sys=0.00, real=0.00 secs] 
2175.510: [GC (Allocation Failure) [PSYoungGen: 57152K->1376K(57856K)] 399420K->343644K(690176K), 0.0025696 secs] [Times: user=0.01 sys=0.00, real=0.00 secs] 
2176.752: [GC (Allocation Failure) [PSYoungGen: 57184K->1408K(57856K)] 399452K->343676K(690176K), 0.0019044 secs] [Times: user=0.01 sys=0.00, real=0.00 secs] 
2177.425: [GC (Allocation Failure) [PSYoungGen: 57216K->1408K(57856K)] 399484K->343676K(690176K), 0.0033690 secs] [Times: user=0.01 sys=0.00, real=0.01 secs] 
2177.997: [GC (Allocation Failure) [PSYoungGen: 57216K->1344K(57344K)] 399484K->343612K(689664K), 0.0030158 secs] [Times: user=0.01 sys=0.00, real=0.01 secs] 
2178.949: [GC (Allocation Failure) [PSYoungGen: 57152K->1376K(57344K)] 399420K->343644K(689664K), 0.0032185 secs] [Times: user=0.02 sys=0.00, real=0.00 secs] 
2179.875: [GC (Allocation Failure) [PSYoungGen: 57184K->1376K(57344K)] 399452K->343644K(689664K), 0.0053748 secs] [Times: user=0.02 sys=0.00, real=0.01 secs] 
2181.205: [GC (Allocation Failure) [PSYoungGen: 57184K->1408K(57344K)] 399452K->343676K(689664K), 0.0020081 secs] [Times: user=0.01 sys=0.00, real=0.00 secs] 
2181.460: [GC (Allocation Failure) [PSYoungGen: 57216K->1376K(57344K)] 399484K->343644K(689664K), 0.0020220 secs] [Times: user=0.01 sys=0.00, real=0.00 secs] 
2181.692: [GC (Allocation Failure) [PSYoungGen: 57184K->1408K(57344K)] 399452K->343676K(689664K), 0.0019371 secs] [Times: user=0.01 sys=0.00, real=0.00 secs] 
2181.925: [GC (Allocation Failure) [PSYoungGen: 57216K->1408K(57344K)] 399484K->343676K(689664K), 0.0020373 secs] [Times: user=0.01 sys=0.00, real=0.00 secs] 
2182.223: [GC (Allocation Failure) [PSYoungGen: 57216K->1408K(57344K)] 399484K->343676K(689664K), 0.0020007 secs] [Times: user=0.01 sys=0.00, real=0.00 secs] 
2183.660: [GC (Allocation Failure) [PSYoungGen: 57216K->1408K(57344K)] 399484K->343684K(689664K), 0.0020592 secs] [Times: user=0.01 sys=0.00, real=0.00 secs] 
2184.374: [GC (Allocation Failure) [PSYoungGen: 57216K->1440K(57344K)] 399492K->343716K(689664K), 0.0029290 secs] [Times: user=0.01 sys=0.00, real=0.00 secs] 
2185.637: [GC (Allocation Failure) [PSYoungGen: 57248K->1408K(57344K)] 399524K->343684K(689664K), 0.0031592 secs] [Times: user=0.02 sys=0.00, real=0.01 secs] 
2186.496: [GC (Allocation Failure) [PSYoungGen: 57216K->1376K(57344K)] 399492K->343652K(689664K), 0.0045346 secs] [Times: user=0.02 sys=0.00, real=0.01 secs] 
2186.969: [GC (Allocation Failure) [PSYoungGen: 57184K->1376K(57344K)] 399460K->343652K(689664K), 0.0026532 secs] [Times: user=0.01 sys=0.00, real=0.00 secs] 
2188.556: [GC (Allocation Failure) [PSYoungGen: 57184K->1472K(57344K)] 399460K->343748K(689664K), 0.0027279 secs] [Times: user=0.01 sys=0.00, real=0.00 secs] 
2189.085: [GC (Allocation Failure) [PSYoungGen: 57280K->1408K(57344K)] 399556K->343684K(689664K), 0.0021770 secs] [Times: user=0.01 sys=0.00, real=0.00 secs] 
2189.545: [GC (Allocation Failure) [PSYoungGen: 57216K->1392K(57344K)] 399492K->343668K(689664K), 0.0026815 secs] [Times: user=0.01 sys=0.00, real=0.00 secs] 
2189.998: [GC (Allocation Failure) [PSYoungGen: 57200K->1408K(57344K)] 399476K->343684K(689664K), 0.0023948 secs] [Times: user=0.01 sys=0.00, real=0.01 secs] 
2190.577: [GC (Allocation Failure) [PSYoungGen: 57216K->1440K(57344K)] 399492K->343716K(689664K), 0.0026981 secs] [Times: user=0.01 sys=0.00, real=0.01 secs] 
2191.665: [GC (Allocation Failure) [PSYoungGen: 57248K->1408K(57344K)] 399524K->343684K(689664K), 0.0016883 secs] [Times: user=0.01 sys=0.00, real=0.00 secs] 
2191.897: [GC (Allocation Failure) [PSYoungGen: 57216K->1344K(57344K)] 399492K->343620K(689664K), 0.0016941 secs] [Times: user=0.01 sys=0.00, real=0.00 secs] 
2192.128: [GC (Allocation Failure) [PSYoungGen: 57152K->1344K(57344K)] 399428K->343620K(689664K), 0.0018016 secs] [Times: user=0.01 sys=0.00, real=0.01 secs] 
2192.362: [GC (Allocation Failure) [PSYoungGen: 57152K->1392K(57344K)] 399428K->343668K(689664K), 0.0031018 secs] [Times: user=0.01 sys=0.00, real=0.00 secs] 
2192.597: [GC (Allocation Failure) [PSYoungGen: 57200K->1440K(57344K)] 399476K->343716K(689664K), 0.0023174 secs] [Times: user=0.01 sys=0.00, real=0.01 secs] 
2193.807: [GC (Allocation Failure) [PSYoungGen: 57248K->1376K(57344K)] 399524K->343660K(689664K), 0.0021136 secs] [Times: user=0.01 sys=0.00, real=0.01 secs] 
2194.442: [GC (Allocation Failure) [PSYoungGen: 57184K->1376K(57344K)] 399468K->343660K(689664K), 0.0039746 secs] [Times: user=0.01 sys=0.00, real=0.00 secs] 
2194.899: [GC (Allocation Failure) [PSYoungGen: 57184K->1344K(57344K)] 399468K->343628K(689664K), 0.0028592 secs] [Times: user=0.01 sys=0.00, real=0.00 secs] 
2195.449: [GC (Allocation Failure) [PSYoungGen: 57152K->1408K(57344K)] 399436K->343692K(689664K), 0.0025820 secs] [Times: user=0.00 sys=0.00, real=0.00 secs] 
2195.943: [GC (Allocation Failure) [PSYoungGen: 57216K->1376K(57344K)] 399500K->343660K(689664K), 0.0024594 secs] [Times: user=0.01 sys=0.01, real=0.00 secs] 
2197.253: [GC (Allocation Failure) [PSYoungGen: 57184K->1440K(57344K)] 399468K->343724K(689664K), 0.0021246 secs] [Times: user=0.01 sys=0.00, real=0.00 secs] 
2197.494: [GC (Allocation Failure) [PSYoungGen: 57248K->1408K(57344K)] 399532K->343692K(689664K), 0.0021755 secs] [Times: user=0.01 sys=0.00, real=0.00 secs] 
2197.926: [GC (Allocation Failure) [PSYoungGen: 57216K->1408K(57344K)] 399500K->343692K(689664K), 0.0026629 secs] [Times: user=0.02 sys=0.00, real=0.00 secs] 
2198.368: [GC (Allocation Failure) [PSYoungGen: 57216K->1376K(57344K)] 399500K->343660K(689664K), 0.0024446 secs] [Times: user=0.01 sys=0.00, real=0.01 secs] 
2198.769: [GC (Allocation Failure) [PSYoungGen: 57184K->1344K(57344K)] 399468K->343628K(689664K), 0.0022097 secs] [Times: user=0.01 sys=0.00, real=0.00 secs] 
2199.941: [GC (Allocation Failure) [PSYoungGen: 57152K->1408K(57344K)] 399436K->343692K(689664K), 0.0016950 secs] [Times: user=0.01 sys=0.00, real=0.00 secs] 
2200.172: [GC (Allocation Failure) [PSYoungGen: 57216K->1408K(57344K)] 399500K->343692K(689664K), 0.0016500 secs] [Times: user=0.01 sys=0.00, real=0.00 secs] 
2200.563: [GC (Allocation Failure) [PSYoungGen: 57216K->1376K(57344K)] 399500K->343660K(689664K), 0.0017724 secs] [Times: user=0.01 sys=0.00, real=0.00 secs] 
2201.005: [GC (Allocation Failure) [PSYoungGen: 57184K->1376K(57344K)] 399468K->343660K(689664K), 0.0017186 secs] [Times: user=0.01 sys=0.00, real=0.00 secs] 
2201.496: [GC (Allocation Failure) [PSYoungGen: 57184K->1376K(57344K)] 399468K->343660K(689664K), 0.0043976 secs] [Times: user=0.01 sys=0.00, real=0.01 secs] 
2202.996: [GC (Allocation Failure) [PSYoungGen: 57184K->1392K(57344K)] 399468K->343692K(689664K), 0.0023399 secs] [Times: user=0.01 sys=0.00, real=0.00 secs] 
2203.530: [GC (Allocation Failure) [PSYoungGen: 57200K->1408K(57344K)] 399500K->343708K(689664K), 0.0026065 secs] [Times: user=0.01 sys=0.00, real=0.00 secs] 
2203.970: [GC (Allocation Failure) [PSYoungGen: 57216K->1408K(57344K)] 399516K->343708K(689664K), 0.0022276 secs] [Times: user=0.01 sys=0.00, real=0.00 secs] 
2204.330: [GC (Allocation Failure) [PSYoungGen: 57216K->1392K(57344K)] 399516K->343692K(689664K), 0.0022376 secs] [Times: user=0.01 sys=0.00, real=0.00 secs] 
2204.789: [GC (Allocation Failure) [PSYoungGen: 57200K->1376K(57344K)] 399500K->343676K(689664K), 0.0022064 secs] [Times: user=0.01 sys=0.00, real=0.00 secs] 
2206.041: [GC (Allocation Failure) [PSYoungGen: 57184K->1408K(57344K)] 399484K->343708K(689664K), 0.0017797 secs] [Times: user=0.01 sys=0.00, real=0.00 secs] 
2206.288: [GC (Allocation Failure) [PSYoungGen: 57216K->1344K(57344K)] 399516K->343644K(689664K), 0.0016953 secs] [Times: user=0.01 sys=0.00, real=0.01 secs] 
2206.534: [GC (Allocation Failure) [PSYoungGen: 57152K->1344K(57344K)] 399452K->343644K(689664K), 0.0017219 secs] [Times: user=0.01 sys=0.00, real=0.00 secs] 
2206.766: [GC (Allocation Failure) [PSYoungGen: 57152K->1376K(57344K)] 399452K->343676K(689664K), 0.0015672 secs] [Times: user=0.01 sys=0.00, real=0.00 secs] 
2207.047: [GC (Allocation Failure) [PSYoungGen: 57184K->1408K(57344K)] 399484K->343708K(689664K), 0.0014469 secs] [Times: user=0.01 sys=0.00, real=0.00 secs] 
2208.055: [GC (Allocation Failure) [PSYoungGen: 57216K->1376K(57344K)] 399516K->343684K(689664K), 0.0016407 secs] [Times: user=0.00 sys=0.00, real=0.00 secs] 
2208.425: [GC (Allocation Failure) [PSYoungGen: 57184K->1408K(57344K)] 399492K->343716K(689664K), 0.0017227 secs] [Times: user=0.01 sys=0.00, real=0.00 secs] 
2208.859: [GC (Allocation Failure) [PSYoungGen: 57216K->1344K(57344K)] 399524K->343652K(689664K), 0.0016337 secs] [Times: user=0.01 sys=0.00, real=0.00 secs] 
2209.335: [GC (Allocation Failure) [PSYoungGen: 57152K->1376K(57344K)] 399460K->343684K(689664K), 0.0020253 secs] [Times: user=0.01 sys=0.00, real=0.00 secs] 
2209.819: [GC (Allocation Failure) [PSYoungGen: 57184K->1344K(57344K)] 399492K->343652K(689664K), 0.0021890 secs] [Times: user=0.01 sys=0.00, real=0.00 secs] 
2212.060: [GC (Allocation Failure) [PSYoungGen: 57152K->928K(57344K)] 399460K->344268K(689664K), 0.0018689 secs] [Times: user=0.01 sys=0.00, real=0.00 secs] 
2212.608: [GC (Allocation Failure) [PSYoungGen: 56736K->384K(57344K)] 400076K->343740K(689664K), 0.0019985 secs] [Times: user=0.00 sys=0.00, real=0.01 secs] 
2213.171: [GC (Allocation Failure) [PSYoungGen: 56192K->352K(57856K)] 399548K->343708K(690176K), 0.0024498 secs] [Times: user=0.01 sys=0.00, real=0.00 secs] 
2214.033: [GC (Allocation Failure) [PSYoungGen: 56160K->352K(57856K)] 399516K->343708K(690176K), 0.0026158 secs] [Times: user=0.01 sys=0.00, real=0.00 secs] 
2214.719: [GC (Allocation Failure) [PSYoungGen: 56160K->352K(57856K)] 399516K->343708K(690176K), 0.0027034 secs] [Times: user=0.01 sys=0.00, real=0.00 secs] 
2216.720: [GC (Allocation Failure) [PSYoungGen: 56160K->1520K(57856K)] 399516K->344876K(690176K), 0.0020300 secs] [Times: user=0.01 sys=0.00, real=0.00 secs] 
2217.420: [GC (Allocation Failure) [PSYoungGen: 57328K->1408K(57856K)] 400684K->344764K(690176K), 0.0020809 secs] [Times: user=0.01 sys=0.00, real=0.00 secs] 
2218.308: [GC (Allocation Failure) [PSYoungGen: 57216K->1440K(57856K)] 400572K->344796K(690176K), 0.0032674 secs] [Times: user=0.01 sys=0.00, real=0.01 secs] 
2219.321: [GC (Allocation Failure) [PSYoungGen: 57248K->1408K(58368K)] 400604K->344764K(690688K), 0.0051878 secs] [Times: user=0.01 sys=0.01, real=0.00 secs] 
2220.070: [GC (Allocation Failure) [PSYoungGen: 57216K->1392K(58368K)] 400572K->344748K(690688K), 0.0032970 secs] [Times: user=0.01 sys=0.00, real=0.00 secs] 
2221.525: [GC (Allocation Failure) [PSYoungGen: 57129K->256K(58368K)] 400485K->343612K(690688K), 0.0015488 secs] [Times: user=0.01 sys=0.00, real=0.00 secs] 
2221.818: [GC (Allocation Failure) [PSYoungGen: 56064K->1376K(58368K)] 399420K->344732K(690688K), 0.0018049 secs] [Times: user=0.01 sys=0.00, real=0.01 secs] 
2222.071: [GC (Allocation Failure) [PSYoungGen: 57184K->1408K(58368K)] 400540K->344764K(690688K), 0.0017730 secs] [Times: user=0.00 sys=0.00, real=0.00 secs] 
2222.303: [GC (Allocation Failure) [PSYoungGen: 57216K->1376K(58368K)] 400572K->344732K(690688K), 0.0018666 secs] [Times: user=0.01 sys=0.00, real=0.00 secs] 
2222.540: [GC (Allocation Failure) [PSYoungGen: 57184K->1376K(58368K)] 400540K->344732K(690688K), 0.0032766 secs] [Times: user=0.01 sys=0.00, real=0.00 secs] 
2222.966: [GC (Allocation Failure) [PSYoungGen: 57184K->1408K(58368K)] 400540K->344764K(690688K), 0.0021457 secs] [Times: user=0.00 sys=0.00, real=0.00 secs] 
2224.214: [GC (Allocation Failure) [PSYoungGen: 57216K->1376K(58368K)] 400572K->344732K(690688K), 0.0018947 secs] [Times: user=0.00 sys=0.01, real=0.00 secs] 
2224.749: [GC (Allocation Failure) [PSYoungGen: 57184K->1408K(58368K)] 400540K->344764K(690688K), 0.0034721 secs] [Times: user=0.02 sys=0.00, real=0.00 secs] 
2225.345: [GC (Allocation Failure) [PSYoungGen: 57216K->1376K(57344K)] 400572K->344740K(689664K), 0.0046727 secs] [Times: user=0.02 sys=0.00, real=0.01 secs] 
2225.920: [GC (Allocation Failure) [PSYoungGen: 57184K->1376K(57856K)] 400548K->344740K(690176K), 0.0027053 secs] [Times: user=0.01 sys=0.00, real=0.00 secs] 
2226.419: [GC (Allocation Failure) [PSYoungGen: 57184K->1440K(57856K)] 400548K->344804K(690176K), 0.0027336 secs] [Times: user=0.01 sys=0.00, real=0.00 secs] 
2227.745: [GC (Allocation Failure) [PSYoungGen: 57248K->1408K(57856K)] 400612K->344772K(690176K), 0.0036743 secs] [Times: user=0.02 sys=0.00, real=0.00 secs] 
2227.992: [GC (Allocation Failure) [PSYoungGen: 57216K->1376K(57856K)] 400580K->344740K(690176K), 0.0027555 secs] [Times: user=0.01 sys=0.00, real=0.00 secs] 
2228.398: [GC (Allocation Failure) [PSYoungGen: 57184K->1440K(57856K)] 400548K->344804K(690176K), 0.0023919 secs] [Times: user=0.01 sys=0.00, real=0.01 secs] 
2228.813: [GC (Allocation Failure) [PSYoungGen: 57248K->1440K(57856K)] 400612K->344804K(690176K), 0.0038580 secs] [Times: user=0.01 sys=0.00, real=0.00 secs] 
2229.313: [GC (Allocation Failure) [PSYoungGen: 57248K->1408K(57856K)] 400612K->344772K(690176K), 0.0025141 secs] [Times: user=0.01 sys=0.00, real=0.00 secs] 
2231.362: [GC (Allocation Failure) [PSYoungGen: 57216K->1376K(57856K)] 400580K->344740K(690176K), 0.0019504 secs] [Times: user=0.01 sys=0.00, real=0.00 secs] 
2231.849: [GC (Allocation Failure) [PSYoungGen: 57184K->1376K(57856K)] 400548K->344740K(690176K), 0.0036273 secs] [Times: user=0.02 sys=0.00, real=0.00 secs] 
2232.316: [GC (Allocation Failure) [PSYoungGen: 57184K->1392K(57856K)] 400548K->344756K(690176K), 0.0034121 secs] [Times: user=0.01 sys=0.00, real=0.01 secs] 
2232.782: [GC (Allocation Failure) [PSYoungGen: 57200K->1408K(57856K)] 400564K->344772K(690176K), 0.0026664 secs] [Times: user=0.01 sys=0.00, real=0.00 secs] 
2233.244: [GC (Allocation Failure) [PSYoungGen: 57216K->1376K(57856K)] 400580K->344740K(690176K), 0.0026220 secs] [Times: user=0.01 sys=0.00, real=0.00 secs] 
2234.761: [GC (Allocation Failure) [PSYoungGen: 57184K->1472K(57856K)] 400548K->344844K(690176K), 0.0040664 secs] [Times: user=0.02 sys=0.00, real=0.00 secs] 
2235.451: [GC (Allocation Failure) [PSYoungGen: 57280K->1360K(57856K)] 400652K->344732K(690176K), 0.0023083 secs] [Times: user=0.01 sys=0.00, real=0.00 secs] 
2236.180: [GC (Allocation Failure) [PSYoungGen: 57168K->1376K(57856K)] 400540K->344748K(690176K), 0.0021527 secs] [Times: user=0.01 sys=0.00, real=0.00 secs] 
2236.799: [GC (Allocation Failure) [PSYoungGen: 57184K->1360K(57856K)] 400556K->344732K(690176K), 0.0023222 secs] [Times: user=0.00 sys=0.00, real=0.00 secs] 
2237.495: [GC (Allocation Failure) [PSYoungGen: 57168K->1376K(57856K)] 400540K->344748K(690176K), 0.0024244 secs] [Times: user=0.01 sys=0.01, real=0.00 secs] 
2240.096: [GC (Allocation Failure) [PSYoungGen: 57184K->1408K(57856K)] 400556K->344780K(690176K), 0.0050854 secs] [Times: user=0.02 sys=0.00, real=0.01 secs] 
2241.182: [GC (Allocation Failure) [PSYoungGen: 57216K->1408K(57856K)] 400588K->344780K(690176K), 0.0030067 secs] [Times: user=0.01 sys=0.00, real=0.00 secs] 
2241.663: [GC (Allocation Failure) [PSYoungGen: 57216K->1440K(57856K)] 400588K->344812K(690176K), 0.0028678 secs] [Times: user=0.01 sys=0.00, real=0.00 secs] 
2242.148: [GC (Allocation Failure) [PSYoungGen: 57248K->1408K(57856K)] 400620K->344780K(690176K), 0.0028044 secs] [Times: user=0.02 sys=0.00, real=0.01 secs] 
2242.597: [GC (Allocation Failure) [PSYoungGen: 57216K->1408K(57856K)] 400588K->344780K(690176K), 0.0027520 secs] [Times: user=0.02 sys=0.00, real=0.01 secs] 
2243.614: [GC (Allocation Failure) [PSYoungGen: 57216K->1440K(57856K)] 400588K->344812K(690176K), 0.0018197 secs] [Times: user=0.01 sys=0.00, real=0.00 secs] 
2243.846: [GC (Allocation Failure) [PSYoungGen: 57248K->1440K(57856K)] 400620K->344812K(690176K), 0.0017510 secs] [Times: user=0.01 sys=0.00, real=0.00 secs] 
2244.079: [GC (Allocation Failure) [PSYoungGen: 57248K->1376K(57856K)] 400620K->344748K(690176K), 0.0018559 secs] [Times: user=0.01 sys=0.00, real=0.00 secs] 
2244.330: [GC (Allocation Failure) [PSYoungGen: 57184K->1312K(57856K)] 400556K->344684K(690176K), 0.0017117 secs] [Times: user=0.01 sys=0.00, real=0.00 secs] 
2244.707: [GC (Allocation Failure) [PSYoungGen: 57120K->1344K(57856K)] 400492K->344716K(690176K), 0.0018204 secs] [Times: user=0.01 sys=0.00, real=0.01 secs] 
2245.975: [GC (Allocation Failure) [PSYoungGen: 57152K->1376K(57344K)] 400524K->344756K(689664K), 0.0019431 secs] [Times: user=0.01 sys=0.00, real=0.00 secs] 
2246.211: [GC (Allocation Failure) [PSYoungGen: 57184K->1344K(57344K)] 400564K->344724K(689664K), 0.0019346 secs] [Times: user=0.01 sys=0.00, real=0.00 secs] 
2246.443: [GC (Allocation Failure) [PSYoungGen: 57152K->352K(56832K)] 400532K->344756K(689152K), 0.0018601 secs] [Times: user=0.01 sys=0.00, real=0.00 secs] 
2246.691: [GC (Allocation Failure) [PSYoungGen: 56160K->352K(57856K)] 400564K->344756K(690176K), 0.0025172 secs] [Times: user=0.01 sys=0.00, real=0.00 secs] 
2246.920: [GC (Allocation Failure) [PSYoungGen: 56160K->352K(57856K)] 400564K->344756K(690176K), 0.0018983 secs] [Times: user=0.01 sys=0.00, real=0.00 secs] 
2247.829: [GC (Allocation Failure) [PSYoungGen: 56160K->1408K(57856K)] 400564K->345812K(690176K), 0.0016125 secs] [Times: user=0.01 sys=0.00, real=0.00 secs] 
2248.061: [GC (Allocation Failure) [PSYoungGen: 57216K->1440K(57856K)] 401620K->345844K(690176K), 0.0016659 secs] [Times: user=0.01 sys=0.00, real=0.00 secs] 
2248.292: [GC (Allocation Failure) [PSYoungGen: 57248K->1408K(57856K)] 401652K->345812K(690176K), 0.0016452 secs] [Times: user=0.01 sys=0.00, real=0.00 secs] 
2248.523: [GC (Allocation Failure) [PSYoungGen: 57216K->1376K(57856K)] 401620K->345780K(690176K), 0.0017594 secs] [Times: user=0.01 sys=0.00, real=0.00 secs] 
2248.755: [GC (Allocation Failure) [PSYoungGen: 57184K->1376K(57856K)] 401588K->345780K(690176K), 0.0020925 secs] [Times: user=0.00 sys=0.01, real=0.00 secs] 
2249.721: [GC (Allocation Failure) [PSYoungGen: 57184K->1408K(57856K)] 401588K->345828K(690176K), 0.0019091 secs] [Times: user=0.01 sys=0.00, real=0.00 secs] 
2249.953: [GC (Allocation Failure) [PSYoungGen: 57216K->1376K(57856K)] 401636K->345796K(690176K), 0.0016985 secs] [Times: user=0.01 sys=0.00, real=0.00 secs] 
2250.184: [GC (Allocation Failure) [PSYoungGen: 57184K->1408K(57856K)] 401604K->345828K(690176K), 0.0017894 secs] [Times: user=0.01 sys=0.00, real=0.00 secs] 
2250.456: [GC (Allocation Failure) [PSYoungGen: 57216K->1376K(57856K)] 401636K->345796K(690176K), 0.0019284 secs] [Times: user=0.01 sys=0.00, real=0.00 secs] 
2250.889: [GC (Allocation Failure) [PSYoungGen: 57184K->1408K(57856K)] 401604K->345828K(690176K), 0.0024791 secs] [Times: user=0.01 sys=0.00, real=0.00 secs] 
2252.379: [GC (Allocation Failure) [PSYoungGen: 57216K->1408K(57856K)] 401636K->345836K(690176K), 0.0022999 secs] [Times: user=0.01 sys=0.00, real=0.01 secs] 
2253.333: [GC (Allocation Failure) [PSYoungGen: 57216K->1376K(57856K)] 401644K->345804K(690176K), 0.0041660 secs] [Times: user=0.02 sys=0.00, real=0.00 secs] 
2253.867: [GC (Allocation Failure) [PSYoungGen: 57184K->1376K(57856K)] 401612K->345804K(690176K), 0.0042244 secs] [Times: user=0.02 sys=0.00, real=0.01 secs] 
2254.179: [GC (Allocation Failure) [PSYoungGen: 57184K->1392K(57856K)] 401612K->345820K(690176K), 0.0021446 secs] [Times: user=0.01 sys=0.00, real=0.01 secs] 
2254.444: [GC (Allocation Failure) [PSYoungGen: 57200K->1376K(57856K)] 401628K->345804K(690176K), 0.0018499 secs] [Times: user=0.01 sys=0.00, real=0.00 secs] 
2255.625: [GC (Allocation Failure) [PSYoungGen: 57184K->1408K(57856K)] 401612K->345836K(690176K), 0.0021115 secs] [Times: user=0.01 sys=0.00, real=0.00 secs] 
2256.324: [GC (Allocation Failure) [PSYoungGen: 57216K->1376K(57856K)] 401644K->345804K(690176K), 0.0021532 secs] [Times: user=0.01 sys=0.00, real=0.00 secs] 
2257.034: [GC (Allocation Failure) [PSYoungGen: 57184K->1408K(57856K)] 401612K->345836K(690176K), 0.0027071 secs] [Times: user=0.01 sys=0.00, real=0.00 secs] 
2257.720: [GC (Allocation Failure) [PSYoungGen: 57216K->1376K(57856K)] 401644K->345804K(690176K), 0.0028222 secs] [Times: user=0.01 sys=0.00, real=0.00 secs] 
2258.130: [GC (Allocation Failure) [PSYoungGen: 57184K->1376K(57856K)] 401612K->345804K(690176K), 0.0020909 secs] [Times: user=0.00 sys=0.00, real=0.00 secs] 
2259.178: [GC (Allocation Failure) [PSYoungGen: 57184K->1408K(57856K)] 401612K->345836K(690176K), 0.0018983 secs] [Times: user=0.00 sys=0.00, real=0.01 secs] 
2259.456: [GC (Allocation Failure) [PSYoungGen: 57216K->1344K(57856K)] 401644K->345772K(690176K), 0.0018919 secs] [Times: user=0.00 sys=0.00, real=0.00 secs] 
2259.705: [GC (Allocation Failure) [PSYoungGen: 57152K->1376K(57856K)] 401580K->345804K(690176K), 0.0018324 secs] [Times: user=0.01 sys=0.00, real=0.00 secs] 
2259.937: [GC (Allocation Failure) [PSYoungGen: 57184K->1344K(57856K)] 401612K->345772K(690176K), 0.0017839 secs] [Times: user=0.01 sys=0.00, real=0.00 secs] 
2260.321: [GC (Allocation Failure) [PSYoungGen: 57152K->1376K(57856K)] 401580K->345804K(690176K), 0.0022578 secs] [Times: user=0.00 sys=0.00, real=0.00 secs] 
2262.167: [GC (Allocation Failure) [PSYoungGen: 57184K->1408K(57856K)] 401612K->345844K(690176K), 0.0018185 secs] [Times: user=0.01 sys=0.00, real=0.01 secs] 
2262.725: [GC (Allocation Failure) [PSYoungGen: 57216K->1408K(57856K)] 401652K->345844K(690176K), 0.0022431 secs] [Times: user=0.00 sys=0.00, real=0.00 secs] 
2263.478: [GC (Allocation Failure) [PSYoungGen: 57216K->1344K(57856K)] 401652K->345788K(690176K), 0.0040550 secs] [Times: user=0.02 sys=0.00, real=0.01 secs] 
2264.051: [GC (Allocation Failure) [PSYoungGen: 57152K->1408K(57856K)] 401596K->345852K(690176K), 0.0025518 secs] [Times: user=0.01 sys=0.00, real=0.00 secs] 
2264.474: [GC (Allocation Failure) [PSYoungGen: 57216K->1408K(57344K)] 401660K->345852K(689664K), 0.0020295 secs] [Times: user=0.01 sys=0.00, real=0.00 secs] 
2265.560: [GC (Allocation Failure) [PSYoungGen: 57216K->1408K(57344K)] 401660K->345852K(689664K), 0.0018414 secs] [Times: user=0.00 sys=0.00, real=0.00 secs] 
2266.189: [GC (Allocation Failure) [PSYoungGen: 57216K->352K(56832K)] 401660K->345820K(689152K), 0.0020031 secs] [Times: user=0.01 sys=0.00, real=0.00 secs] 
2266.694: [GC (Allocation Failure) [PSYoungGen: 56160K->352K(57856K)] 401628K->345820K(690176K), 0.0019485 secs] [Times: user=0.01 sys=0.00, real=0.00 secs] 
2267.150: [GC (Allocation Failure) [PSYoungGen: 56160K->384K(57856K)] 401628K->345852K(690176K), 0.0021374 secs] [Times: user=0.01 sys=0.00, real=0.00 secs] 
2267.598: [GC (Allocation Failure) [PSYoungGen: 56192K->368K(57856K)] 401660K->345836K(690176K), 0.0023050 secs] [Times: user=0.01 sys=0.00, real=0.01 secs] 
2268.657: [GC (Allocation Failure) [PSYoungGen: 56176K->1920K(57344K)] 401644K->347404K(689664K), 0.0021599 secs] [Times: user=0.01 sys=0.00, real=0.01 secs] 
2269.587: [GC (Allocation Failure) [PSYoungGen: 57216K->1424K(57856K)] 402700K->346908K(690176K), 0.0027670 secs] [Times: user=0.01 sys=0.01, real=0.01 secs] 
2270.351: [GC (Allocation Failure) [PSYoungGen: 56720K->1376K(57856K)] 402204K->346860K(690176K), 0.0031287 secs] [Times: user=0.02 sys=0.00, real=0.00 secs] 
2271.107: [GC (Allocation Failure) [PSYoungGen: 56672K->1440K(57856K)] 402156K->346924K(690176K), 0.0033776 secs] [Times: user=0.01 sys=0.00, real=0.01 secs] 
2271.669: [GC (Allocation Failure) [PSYoungGen: 56736K->1376K(57856K)] 402220K->346860K(690176K), 0.0025038 secs] [Times: user=0.01 sys=0.00, real=0.00 secs] 
2272.695: [GC (Allocation Failure) [PSYoungGen: 56621K->288K(57856K)] 402105K->345772K(690176K), 0.0014442 secs] [Times: user=0.00 sys=0.00, real=0.00 secs] 
2273.396: [GC (Allocation Failure) [PSYoungGen: 55584K->1408K(57856K)] 401068K->346892K(690176K), 0.0021825 secs] [Times: user=0.01 sys=0.00, real=0.00 secs] 
2273.888: [GC (Allocation Failure) [PSYoungGen: 56704K->1344K(57856K)] 402188K->346836K(690176K), 0.0022974 secs] [Times: user=0.01 sys=0.00, real=0.01 secs] 
2274.268: [GC (Allocation Failure) [PSYoungGen: 56640K->1376K(57856K)] 402132K->346868K(690176K), 0.0020736 secs] [Times: user=0.01 sys=0.00, real=0.01 secs] 
2274.693: [GC (Allocation Failure) [PSYoungGen: 56672K->1408K(57856K)] 402164K->346900K(690176K), 0.0019738 secs] [Times: user=0.01 sys=0.00, real=0.00 secs] 
2275.256: [GC (Allocation Failure) [PSYoungGen: 56704K->1376K(57856K)] 402196K->346868K(690176K), 0.0021065 secs] [Times: user=0.01 sys=0.00, real=0.00 secs] 
2276.217: [GC (Allocation Failure) [PSYoungGen: 56672K->1440K(57856K)] 402164K->346932K(690176K), 0.0014969 secs] [Times: user=0.00 sys=0.00, real=0.01 secs] 
2276.556: [GC (Allocation Failure) [PSYoungGen: 56736K->1408K(57856K)] 402228K->346900K(690176K), 0.0018633 secs] [Times: user=0.01 sys=0.00, real=0.00 secs] 
2276.984: [GC (Allocation Failure) [PSYoungGen: 56704K->1408K(56832K)] 402196K->346900K(689152K), 0.0043941 secs] [Times: user=0.02 sys=0.00, real=0.00 secs] 
2277.432: [GC (Allocation Failure) [PSYoungGen: 56704K->1376K(57344K)] 402196K->346868K(689664K), 0.0029460 secs] [Times: user=0.01 sys=0.00, real=0.00 secs] 
2277.903: [GC (Allocation Failure) [PSYoungGen: 56672K->1376K(57344K)] 402164K->346868K(689664K), 0.0022354 secs] [Times: user=0.01 sys=0.00, real=0.00 secs] 
2278.926: [GC (Allocation Failure) [PSYoungGen: 56672K->1408K(57344K)] 402164K->346900K(689664K), 0.0020166 secs] [Times: user=0.01 sys=0.00, real=0.00 secs] 
2279.157: [GC (Allocation Failure) [PSYoungGen: 56704K->1344K(57344K)] 402196K->346836K(689664K), 0.0018297 secs] [Times: user=0.01 sys=0.00, real=0.00 secs] 
2279.431: [GC (Allocation Failure) [PSYoungGen: 56640K->1376K(57344K)] 402132K->346868K(689664K), 0.0021360 secs] [Times: user=0.01 sys=0.00, real=0.00 secs] 
2279.662: [GC (Allocation Failure) [PSYoungGen: 56672K->1376K(57344K)] 402164K->346868K(689664K), 0.0019490 secs] [Times: user=0.01 sys=0.00, real=0.00 secs] 
2279.893: [GC (Allocation Failure) [PSYoungGen: 56672K->1408K(57344K)] 402164K->346900K(689664K), 0.0027411 secs] [Times: user=0.02 sys=0.00, real=0.00 secs] 
2281.645: [GC (Allocation Failure) [PSYoungGen: 56704K->1408K(57344K)] 402196K->346908K(689664K), 0.0046658 secs] [Times: user=0.02 sys=0.00, real=0.01 secs] 
2282.848: [GC (Allocation Failure) [PSYoungGen: 56704K->1344K(57344K)] 402204K->346844K(689664K), 0.0053340 secs] [Times: user=0.02 sys=0.00, real=0.01 secs] 
2283.396: [GC (Allocation Failure) [PSYoungGen: 56640K->1344K(57344K)] 402140K->346844K(689664K), 0.0027658 secs] [Times: user=0.02 sys=0.00, real=0.01 secs] 
2283.956: [GC (Allocation Failure) [PSYoungGen: 56640K->1376K(57344K)] 402140K->346876K(689664K), 0.0035937 secs] [Times: user=0.02 sys=0.00, real=0.01 secs] 
2284.482: [GC (Allocation Failure) [PSYoungGen: 56672K->1376K(57344K)] 402172K->346876K(689664K), 0.0034806 secs] [Times: user=0.01 sys=0.00, real=0.00 secs] 
2287.084: [GC (Allocation Failure) [PSYoungGen: 56672K->1408K(57344K)] 402172K->346908K(689664K), 0.0041220 secs] [Times: user=0.02 sys=0.00, real=0.00 secs] 
2287.882: [GC (Allocation Failure) [PSYoungGen: 56704K->1392K(57344K)] 402204K->346892K(689664K), 0.0032361 secs] [Times: user=0.01 sys=0.00, real=0.00 secs] 
2288.433: [GC (Allocation Failure) [PSYoungGen: 56688K->1392K(57344K)] 402188K->346892K(689664K), 0.0032393 secs] [Times: user=0.02 sys=0.00, real=0.00 secs] 
2288.723: [GC (Allocation Failure) [PSYoungGen: 56688K->1392K(57344K)] 402188K->346892K(689664K), 0.0019982 secs] [Times: user=0.01 sys=0.00, real=0.00 secs] 
2288.952: [GC (Allocation Failure) [PSYoungGen: 56688K->1344K(57344K)] 402188K->346844K(689664K), 0.0044256 secs] [Times: user=0.02 sys=0.00, real=0.00 secs] 
2289.875: [GC (Allocation Failure) [PSYoungGen: 56640K->1392K(57344K)] 402140K->346892K(689664K), 0.0015710 secs] [Times: user=0.01 sys=0.00, real=0.00 secs] 
2290.104: [GC (Allocation Failure) [PSYoungGen: 56688K->1344K(57344K)] 402188K->346844K(689664K), 0.0015803 secs] [Times: user=0.01 sys=0.00, real=0.00 secs] 
2290.405: [GC (Allocation Failure) [PSYoungGen: 56640K->1344K(57344K)] 402140K->346844K(689664K), 0.0017123 secs] [Times: user=0.01 sys=0.00, real=0.00 secs] 
2290.759: [GC (Allocation Failure) [PSYoungGen: 56640K->1408K(57344K)] 402140K->346908K(689664K), 0.0031615 secs] [Times: user=0.01 sys=0.00, real=0.00 secs] 
2291.169: [GC (Allocation Failure) [PSYoungGen: 56704K->1392K(56832K)] 402204K->346892K(689152K), 0.0025987 secs] [Times: user=0.02 sys=0.00, real=0.00 secs] 
2292.270: [GC (Allocation Failure) [PSYoungGen: 56688K->1408K(56832K)] 402188K->346908K(689152K), 0.0018027 secs] [Times: user=0.01 sys=0.00, real=0.00 secs] 
2292.499: [GC (Allocation Failure) [PSYoungGen: 56704K->1312K(56832K)] 402204K->346820K(689152K), 0.0018559 secs] [Times: user=0.01 sys=0.00, real=0.00 secs] 
2292.761: [GC (Allocation Failure) [PSYoungGen: 56608K->1376K(56832K)] 402116K->346908K(689152K), 0.0019869 secs] [Times: user=0.01 sys=0.00, real=0.00 secs] 
2293.078: [GC (Allocation Failure) [PSYoungGen: 56672K->1344K(56832K)] 402204K->346876K(689152K), 0.0019930 secs] [Times: user=0.01 sys=0.00, real=0.01 secs] 
2293.416: [GC (Allocation Failure) [PSYoungGen: 56640K->1360K(56832K)] 402172K->346900K(689152K), 0.0020463 secs] [Times: user=0.01 sys=0.00, real=0.00 secs] 
2294.991: [GC (Allocation Failure) [PSYoungGen: 56656K->1440K(56832K)] 402196K->346988K(689152K), 0.0019663 secs] [Times: user=0.00 sys=0.00, real=0.00 secs] 
2295.224: [GC (Allocation Failure) [PSYoungGen: 56736K->1392K(56832K)] 402284K->346940K(689152K), 0.0023346 secs] [Times: user=0.01 sys=0.00, real=0.00 secs] 
2295.565: [GC (Allocation Failure) [PSYoungGen: 56688K->1392K(56832K)] 402236K->346940K(689152K), 0.0020158 secs] [Times: user=0.01 sys=0.00, real=0.00 secs] 
2295.973: [GC (Allocation Failure) [PSYoungGen: 56688K->1376K(56832K)] 402236K->346924K(689152K), 0.0019711 secs] [Times: user=0.01 sys=0.00, real=0.00 secs] 
2296.392: [GC (Allocation Failure) [PSYoungGen: 56672K->1312K(56832K)] 402220K->346860K(689152K), 0.0021303 secs] [Times: user=0.01 sys=0.00, real=0.00 secs] 
2297.719: [GC (Allocation Failure) [PSYoungGen: 56608K->896K(56320K)] 402156K->347468K(688640K), 0.0022792 secs] [Times: user=0.00 sys=0.00, real=0.01 secs] 
2298.355: [GC (Allocation Failure) [PSYoungGen: 55680K->384K(56832K)] 402252K->346956K(689152K), 0.0039141 secs] [Times: user=0.02 sys=0.00, real=0.01 secs] 
2298.655: [GC (Allocation Failure) [PSYoungGen: 55168K->352K(56832K)] 401740K->346924K(689152K), 0.0022287 secs] [Times: user=0.01 sys=0.00, real=0.00 secs] 
2299.306: [GC (Allocation Failure) [PSYoungGen: 55136K->352K(56832K)] 401708K->346924K(689152K), 0.0024403 secs] [Times: user=0.00 sys=0.00, real=0.00 secs] 
2299.960: [GC (Allocation Failure) [PSYoungGen: 55136K->352K(56832K)] 401708K->346924K(689152K), 0.0049516 secs] [Times: user=0.02 sys=0.00, real=0.00 secs] 
2301.368: [GC (Allocation Failure) [PSYoungGen: 55096K->224K(56832K)] 401668K->346796K(689152K), 0.0014361 secs] [Times: user=0.01 sys=0.00, real=0.01 secs] 
2301.679: [GC (Allocation Failure) [PSYoungGen: 55008K->1440K(56832K)] 401580K->348012K(689152K), 0.0019922 secs] [Times: user=0.01 sys=0.00, real=0.00 secs] 
2301.907: [GC (Allocation Failure) [PSYoungGen: 56224K->1376K(56832K)] 402796K->347948K(689152K), 0.0020252 secs] [Times: user=0.01 sys=0.00, real=0.01 secs] 
2302.135: [GC (Allocation Failure) [PSYoungGen: 56160K->1376K(57344K)] 402732K->347948K(689664K), 0.0019490 secs] [Times: user=0.01 sys=0.00, real=0.00 secs] 
2302.363: [GC (Allocation Failure) [PSYoungGen: 56160K->1408K(57344K)] 402732K->347996K(689664K), 0.0019902 secs] [Times: user=0.01 sys=0.00, real=0.00 secs] 
2302.592: [GC (Allocation Failure) [PSYoungGen: 56192K->1376K(57344K)] 402780K->347964K(689664K), 0.0018642 secs] [Times: user=0.01 sys=0.00, real=0.00 secs] 
2303.768: [GC (Allocation Failure) [PSYoungGen: 56160K->1472K(57344K)] 402748K->348060K(689664K), 0.0016704 secs] [Times: user=0.01 sys=0.00, real=0.01 secs] 
2304.222: [GC (Allocation Failure) [PSYoungGen: 56256K->1408K(57344K)] 402844K->347996K(689664K), 0.0019843 secs] [Times: user=0.01 sys=0.00, real=0.00 secs] 
2304.562: [GC (Allocation Failure) [PSYoungGen: 56192K->1408K(57344K)] 402780K->347996K(689664K), 0.0021203 secs] [Times: user=0.01 sys=0.00, real=0.00 secs] 
2304.988: [GC (Allocation Failure) [PSYoungGen: 56192K->1440K(57344K)] 402780K->348028K(689664K), 0.0024684 secs] [Times: user=0.01 sys=0.00, real=0.01 secs] 
2305.625: [GC (Allocation Failure) [PSYoungGen: 56224K->1360K(57344K)] 402812K->347948K(689664K), 0.0028905 secs] [Times: user=0.01 sys=0.00, real=0.00 secs] 
2306.877: [GC (Allocation Failure) [PSYoungGen: 56144K->1440K(57344K)] 402732K->348028K(689664K), 0.0018878 secs] [Times: user=0.01 sys=0.00, real=0.01 secs] 
2307.186: [GC (Allocation Failure) [PSYoungGen: 56224K->1376K(57344K)] 402812K->347964K(689664K), 0.0019972 secs] [Times: user=0.01 sys=0.00, real=0.00 secs] 
2307.676: [GC (Allocation Failure) [PSYoungGen: 56160K->1376K(56320K)] 402748K->347964K(688640K), 0.0020241 secs] [Times: user=0.01 sys=0.00, real=0.00 secs] 
2308.256: [GC (Allocation Failure) [PSYoungGen: 56160K->1408K(56832K)] 402748K->347996K(689152K), 0.0020338 secs] [Times: user=0.01 sys=0.00, real=0.00 secs] 
2308.790: [GC (Allocation Failure) [PSYoungGen: 56192K->1392K(56832K)] 402780K->347980K(689152K), 0.0022443 secs] [Times: user=0.01 sys=0.00, real=0.00 secs] 
2309.870: [GC (Allocation Failure) [PSYoungGen: 56176K->1440K(56832K)] 402764K->348028K(689152K), 0.0016388 secs] [Times: user=0.01 sys=0.00, real=0.00 secs] 
2310.098: [GC (Allocation Failure) [PSYoungGen: 56224K->1376K(56832K)] 402812K->347964K(689152K), 0.0016964 secs] [Times: user=0.00 sys=0.00, real=0.01 secs] 
2310.427: [GC (Allocation Failure) [PSYoungGen: 56160K->1376K(56832K)] 402748K->347964K(689152K), 0.0017252 secs] [Times: user=0.01 sys=0.00, real=0.00 secs] 
2310.850: [GC (Allocation Failure) [PSYoungGen: 56160K->1376K(56832K)] 402748K->347964K(689152K), 0.0017467 secs] [Times: user=0.01 sys=0.00, real=0.00 secs] 
2311.269: [GC (Allocation Failure) [PSYoungGen: 56160K->1376K(56832K)] 402748K->347964K(689152K), 0.0018519 secs] [Times: user=0.01 sys=0.00, real=0.00 secs] 
2312.667: [GC (Allocation Failure) [PSYoungGen: 56160K->1376K(56832K)] 402748K->347980K(689152K), 0.0028341 secs] [Times: user=0.01 sys=0.00, real=0.01 secs] 
2313.324: [GC (Allocation Failure) [PSYoungGen: 56160K->1376K(56832K)] 402764K->347980K(689152K), 0.0050325 secs] [Times: user=0.02 sys=0.00, real=0.01 secs] 
2313.915: [GC (Allocation Failure) [PSYoungGen: 56160K->1440K(56832K)] 402764K->348044K(689152K), 0.0032662 secs] [Times: user=0.01 sys=0.00, real=0.00 secs] 
2314.488: [GC (Allocation Failure) [PSYoungGen: 56224K->1376K(56832K)] 402828K->347980K(689152K), 0.0032629 secs] [Times: user=0.02 sys=0.00, real=0.01 secs] 
2314.950: [GC (Allocation Failure) [PSYoungGen: 56160K->1408K(56832K)] 402764K->348012K(689152K), 0.0028819 secs] [Times: user=0.02 sys=0.00, real=0.00 secs] 
2316.054: [GC (Allocation Failure) [PSYoungGen: 56192K->1408K(56832K)] 402796K->348020K(689152K), 0.0018955 secs] [Times: user=0.01 sys=0.00, real=0.00 secs] 
2316.282: [GC (Allocation Failure) [PSYoungGen: 56192K->1312K(56832K)] 402804K->347924K(689152K), 0.0016175 secs] [Times: user=0.01 sys=0.00, real=0.00 secs] 
2316.562: [GC (Allocation Failure) [PSYoungGen: 56096K->1312K(56832K)] 402708K->347924K(689152K), 0.0016921 secs] [Times: user=0.01 sys=0.00, real=0.00 secs] 
2316.872: [GC (Allocation Failure) [PSYoungGen: 56096K->1376K(56832K)] 402708K->347988K(689152K), 0.0021851 secs] [Times: user=0.01 sys=0.00, real=0.00 secs] 
2317.183: [GC (Allocation Failure) [PSYoungGen: 56160K->1376K(56832K)] 402772K->347988K(689152K), 0.0023867 secs] [Times: user=0.02 sys=0.00, real=0.00 secs] 
2318.240: [GC (Allocation Failure) [PSYoungGen: 56073K->1520K(56832K)] 402685K->348132K(689152K), 0.0017257 secs] [Times: user=0.00 sys=0.00, real=0.00 secs] 
2318.467: [GC (Allocation Failure) [PSYoungGen: 56304K->1408K(56832K)] 402916K->348020K(689152K), 0.0015938 secs] [Times: user=0.00 sys=0.00, real=0.01 secs] 
2318.694: [GC (Allocation Failure) [PSYoungGen: 56192K->1408K(56832K)] 402804K->348020K(689152K), 0.0016442 secs] [Times: user=0.01 sys=0.00, real=0.00 secs] 
2319.031: [GC (Allocation Failure) [PSYoungGen: 56192K->1408K(56832K)] 402804K->348020K(689152K), 0.0041832 secs] [Times: user=0.02 sys=0.00, real=0.00 secs] 
2319.474: [GC (Allocation Failure) [PSYoungGen: 56192K->1376K(56832K)] 402804K->347988K(689152K), 0.0041405 secs] [Times: user=0.02 sys=0.00, real=0.00 secs] 
2319.899: [GC (Allocation Failure) [PSYoungGen: 56160K->1408K(56832K)] 402772K->348020K(689152K), 0.0026715 secs] [Times: user=0.01 sys=0.00, real=0.00 secs] 
2321.334: [GC (Allocation Failure) [PSYoungGen: 56192K->1440K(56832K)] 402804K->348052K(689152K), 0.0026561 secs] [Times: user=0.01 sys=0.00, real=0.00 secs] 
2321.831: [GC (Allocation Failure) [PSYoungGen: 56224K->1376K(56832K)] 402836K->348004K(689152K), 0.0025840 secs] [Times: user=0.01 sys=0.00, real=0.00 secs] 
2322.214: [GC (Allocation Failure) [PSYoungGen: 56160K->1376K(56320K)] 402788K->348004K(688640K), 0.0025613 secs] [Times: user=0.01 sys=0.00, real=0.00 secs] 
2322.788: [GC (Allocation Failure) [PSYoungGen: 56160K->1344K(56320K)] 402788K->347972K(688640K), 0.0025627 secs] [Times: user=0.01 sys=0.01, real=0.01 secs] 
2323.505: [GC (Allocation Failure) [PSYoungGen: 56128K->336K(55808K)] 402756K->347988K(688128K), 0.0036538 secs] [Times: user=0.01 sys=0.00, real=0.00 secs] 
2324.717: [GC (Allocation Failure) [PSYoungGen: 55120K->1408K(56832K)] 402772K->349060K(689152K), 0.0017266 secs] [Times: user=0.01 sys=0.00, real=0.00 secs] 
2325.262: [GC (Allocation Failure) [PSYoungGen: 56192K->1408K(56832K)] 403844K->349060K(689152K), 0.0042355 secs] [Times: user=0.02 sys=0.00, real=0.00 secs] 
2325.804: [GC (Allocation Failure) [PSYoungGen: 56192K->1376K(56832K)] 403844K->349028K(689152K), 0.0032284 secs] [Times: user=0.01 sys=0.01, real=0.00 secs] 
2326.298: [GC (Allocation Failure) [PSYoungGen: 56160K->1408K(56832K)] 403812K->349060K(689152K), 0.0028587 secs] [Times: user=0.01 sys=0.00, real=0.01 secs] 
2326.882: [GC (Allocation Failure) [PSYoungGen: 56192K->1408K(56832K)] 403844K->349060K(689152K), 0.0028077 secs] [Times: user=0.01 sys=0.00, real=0.00 secs] 
2328.003: [GC (Allocation Failure) [PSYoungGen: 56192K->1408K(56832K)] 403844K->349060K(689152K), 0.0018411 secs] [Times: user=0.01 sys=0.00, real=0.00 secs] 
2328.231: [GC (Allocation Failure) [PSYoungGen: 56192K->1408K(56832K)] 403844K->349060K(689152K), 0.0017859 secs] [Times: user=0.01 sys=0.00, real=0.00 secs] 
2328.459: [GC (Allocation Failure) [PSYoungGen: 56192K->1408K(56832K)] 403844K->349060K(689152K), 0.0017835 secs] [Times: user=0.01 sys=0.00, real=0.00 secs] 
2328.687: [GC (Allocation Failure) [PSYoungGen: 56192K->1408K(56832K)] 403844K->349060K(689152K), 0.0017642 secs] [Times: user=0.01 sys=0.00, real=0.00 secs] 
2328.914: [GC (Allocation Failure) [PSYoungGen: 56192K->1376K(56832K)] 403844K->349028K(689152K), 0.0019071 secs] [Times: user=0.00 sys=0.00, real=0.00 secs] 
2330.093: [GC (Allocation Failure) [PSYoungGen: 56160K->1472K(56832K)] 403812K->349132K(689152K), 0.0020872 secs] [Times: user=0.00 sys=0.00, real=0.00 secs] 
2330.733: [GC (Allocation Failure) [PSYoungGen: 56256K->1408K(56832K)] 403916K->349068K(689152K), 0.0024841 secs] [Times: user=0.01 sys=0.00, real=0.00 secs] 
2331.155: [GC (Allocation Failure) [PSYoungGen: 56192K->1408K(56832K)] 403852K->349068K(689152K), 0.0024778 secs] [Times: user=0.01 sys=0.00, real=0.00 secs] 
2331.890: [GC (Allocation Failure) [PSYoungGen: 56192K->1408K(56832K)] 403852K->349068K(689152K), 0.0031345 secs] [Times: user=0.01 sys=0.00, real=0.00 secs] 
2332.331: [GC (Allocation Failure) [PSYoungGen: 56192K->1376K(56832K)] 403852K->349052K(689152K), 0.0028730 secs] [Times: user=0.02 sys=0.00, real=0.00 secs] 
2333.518: [GC (Allocation Failure) [PSYoungGen: 56160K->1440K(56832K)] 403836K->349116K(689152K), 0.0016596 secs] [Times: user=0.01 sys=0.00, real=0.01 secs] 
2334.040: [GC (Allocation Failure) [PSYoungGen: 56224K->1344K(56832K)] 403900K->349020K(689152K), 0.0026316 secs] [Times: user=0.01 sys=0.00, real=0.00 secs] 
2334.627: [GC (Allocation Failure) [PSYoungGen: 56128K->1440K(56832K)] 403804K->349116K(689152K), 0.0034507 secs] [Times: user=0.01 sys=0.00, real=0.01 secs] 
2335.099: [GC (Allocation Failure) [PSYoungGen: 56224K->1344K(56832K)] 403900K->349020K(689152K), 0.0032769 secs] [Times: user=0.01 sys=0.00, real=0.00 secs] 
2335.478: [GC (Allocation Failure) [PSYoungGen: 56128K->1408K(56832K)] 403804K->349084K(689152K), 0.0026906 secs] [Times: user=0.01 sys=0.00, real=0.01 secs] 
2336.722: [GC (Allocation Failure) [PSYoungGen: 56192K->1888K(56832K)] 403868K->349564K(689152K), 0.0019628 secs] [Times: user=0.01 sys=0.00, real=0.00 secs] 
2337.379: [GC (Allocation Failure) [PSYoungGen: 56672K->1408K(56832K)] 404348K->349084K(689152K), 0.0040400 secs] [Times: user=0.02 sys=0.00, real=0.00 secs] 
2337.948: [GC (Allocation Failure) [PSYoungGen: 56192K->1376K(56832K)] 403868K->349052K(689152K), 0.0026809 secs] [Times: user=0.01 sys=0.00, real=0.01 secs] 
2338.521: [GC (Allocation Failure) [PSYoungGen: 56160K->1408K(56832K)] 403836K->349084K(689152K), 0.0031281 secs] [Times: user=0.01 sys=0.00, real=0.00 secs] 
2338.979: [GC (Allocation Failure) [PSYoungGen: 56192K->1408K(56832K)] 403868K->349084K(689152K), 0.0025584 secs] [Times: user=0.01 sys=0.00, real=0.00 secs] 
2339.780: [GC (Allocation Failure) [PSYoungGen: 56192K->1360K(56832K)] 403868K->349036K(689152K), 0.0015667 secs] [Times: user=0.01 sys=0.00, real=0.00 secs] 
2340.444: [GC (Allocation Failure) [PSYoungGen: 56144K->1408K(56832K)] 403820K->349084K(689152K), 0.0016478 secs] [Times: user=0.00 sys=0.00, real=0.00 secs] 
2340.671: [GC (Allocation Failure) [PSYoungGen: 56192K->1344K(56832K)] 403868K->349020K(689152K), 0.0016966 secs] [Times: user=0.00 sys=0.00, real=0.00 secs] 
2340.899: [GC (Allocation Failure) [PSYoungGen: 56128K->1376K(56832K)] 403804K->349052K(689152K), 0.0017263 secs] [Times: user=0.01 sys=0.00, real=0.00 secs] 
2341.126: [GC (Allocation Failure) [PSYoungGen: 56160K->1376K(56832K)] 403836K->349052K(689152K), 0.0021621 secs] [Times: user=0.01 sys=0.00, real=0.00 secs] 
2341.365: [GC (Allocation Failure) [PSYoungGen: 56160K->1376K(56832K)] 403836K->349068K(689152K), 0.0021005 secs] [Times: user=0.01 sys=0.00, real=0.00 secs] 
2342.888: [GC (Allocation Failure) [PSYoungGen: 56160K->1376K(56832K)] 403852K->349068K(689152K), 0.0019957 secs] [Times: user=0.01 sys=0.00, real=0.01 secs] 
2343.421: [GC (Allocation Failure) [PSYoungGen: 56160K->1392K(56832K)] 403852K->349084K(689152K), 0.0027800 secs] [Times: user=0.01 sys=0.00, real=0.00 secs] 
2343.867: [GC (Allocation Failure) [PSYoungGen: 56176K->1408K(56320K)] 403868K->349100K(688640K), 0.0026579 secs] [Times: user=0.02 sys=0.00, real=0.01 secs] 
2344.321: [GC (Allocation Failure) [PSYoungGen: 56192K->1408K(56320K)] 403884K->349100K(688640K), 0.0033571 secs] [Times: user=0.01 sys=0.00, real=0.00 secs] 
2344.700: [GC (Allocation Failure) [PSYoungGen: 56192K->384K(55808K)] 403884K->349100K(688128K), 0.0023488 secs] [Times: user=0.01 sys=0.01, real=0.00 secs] 
2345.912: [GC (Allocation Failure) [PSYoungGen: 55168K->1408K(56832K)] 403884K->350124K(689152K), 0.0020504 secs] [Times: user=0.01 sys=0.00, real=0.00 secs] 
2346.416: [GC (Allocation Failure) [PSYoungGen: 56192K->1376K(56832K)] 404908K->350092K(689152K), 0.0043231 secs] [Times: user=0.01 sys=0.00, real=0.01 secs] 
2346.896: [GC (Allocation Failure) [PSYoungGen: 56160K->1408K(56832K)] 404876K->350124K(689152K), 0.0030052 secs] [Times: user=0.01 sys=0.00, real=0.01 secs] 
2347.396: [GC (Allocation Failure) [PSYoungGen: 56192K->1408K(56832K)] 404908K->350124K(689152K), 0.0031875 secs] [Times: user=0.01 sys=0.00, real=0.01 secs] 
2347.891: [GC (Allocation Failure) [PSYoungGen: 56192K->1376K(56832K)] 404908K->350092K(689152K), 0.0031694 secs] [Times: user=0.01 sys=0.00, real=0.00 secs] 
2349.138: [GC (Allocation Failure) [PSYoungGen: 56160K->1408K(56832K)] 404876K->350124K(689152K), 0.0019728 secs] [Times: user=0.00 sys=0.00, real=0.01 secs] 
2349.602: [GC (Allocation Failure) [PSYoungGen: 56192K->1376K(56832K)] 404908K->350092K(689152K), 0.0020277 secs] [Times: user=0.01 sys=0.00, real=0.00 secs] 
2349.839: [GC (Allocation Failure) [PSYoungGen: 56160K->1408K(56832K)] 404876K->350124K(689152K), 0.0021800 secs] [Times: user=0.01 sys=0.00, real=0.00 secs] 
2350.067: [GC (Allocation Failure) [PSYoungGen: 56192K->1376K(56832K)] 404908K->350092K(689152K), 0.0020249 secs] [Times: user=0.01 sys=0.00, real=0.01 secs] 
2350.418: [GC (Allocation Failure) [PSYoungGen: 56160K->1328K(56832K)] 404876K->350044K(689152K), 0.0023718 secs] [Times: user=0.01 sys=0.00, real=0.01 secs] 
2351.706: [GC (Allocation Failure) [PSYoungGen: 56112K->1440K(56832K)] 404828K->350156K(689152K), 0.0019076 secs] [Times: user=0.00 sys=0.00, real=0.00 secs] 
2352.387: [GC (Allocation Failure) [PSYoungGen: 56224K->1408K(56832K)] 404940K->350132K(689152K), 0.0048820 secs] [Times: user=0.02 sys=0.00, real=0.01 secs] 
2353.176: [GC (Allocation Failure) [PSYoungGen: 56192K->1408K(56832K)] 404916K->350132K(689152K), 0.0049054 secs] [Times: user=0.02 sys=0.00, real=0.01 secs] 
2353.636: [GC (Allocation Failure) [PSYoungGen: 56192K->1424K(56832K)] 404916K->350148K(689152K), 0.0030848 secs] [Times: user=0.02 sys=0.00, real=0.01 secs] 
2354.033: [GC (Allocation Failure) [PSYoungGen: 56208K->1376K(56832K)] 404932K->350100K(689152K), 0.0027430 secs] [Times: user=0.01 sys=0.00, real=0.00 secs] 
2355.432: [GC (Allocation Failure) [PSYoungGen: 56160K->1440K(56832K)] 404884K->350164K(689152K), 0.0017886 secs] [Times: user=0.01 sys=0.00, real=0.00 secs] 
2356.138: [GC (Allocation Failure) [PSYoungGen: 56224K->1408K(56832K)] 404948K->350132K(689152K), 0.0020917 secs] [Times: user=0.00 sys=0.00, real=0.01 secs] 
2356.669: [GC (Allocation Failure) [PSYoungGen: 56192K->1392K(56832K)] 404916K->350116K(689152K), 0.0032638 secs] [Times: user=0.02 sys=0.00, real=0.00 secs] 
2357.242: [GC (Allocation Failure) [PSYoungGen: 56176K->1376K(56320K)] 404900K->350100K(688640K), 0.0051126 secs] [Times: user=0.02 sys=0.00, real=0.00 secs] 
2357.934: [GC (Allocation Failure) [PSYoungGen: 56160K->1408K(56320K)] 404884K->350132K(688640K), 0.0040321 secs] [Times: user=0.01 sys=0.00, real=0.00 secs] 
2359.349: [GC (Allocation Failure) [PSYoungGen: 56192K->1504K(56320K)] 404916K->350236K(688640K), 0.0018406 secs] [Times: user=0.01 sys=0.00, real=0.01 secs] 
2359.988: [GC (Allocation Failure) [PSYoungGen: 56288K->1440K(56832K)] 405020K->350172K(689152K), 0.0019394 secs] [Times: user=0.01 sys=0.00, real=0.01 secs] 
2360.609: [GC (Allocation Failure) [PSYoungGen: 56224K->1424K(56832K)] 404956K->350156K(689152K), 0.0040795 secs] [Times: user=0.02 sys=0.00, real=0.00 secs] 
2361.151: [GC (Allocation Failure) [PSYoungGen: 56208K->1424K(56832K)] 404940K->350156K(689152K), 0.0028695 secs] [Times: user=0.02 sys=0.00, real=0.00 secs] 
2361.617: [GC (Allocation Failure) [PSYoungGen: 56208K->1424K(56320K)] 404940K->350156K(688640K), 0.0028077 secs] [Times: user=0.01 sys=0.00, real=0.01 secs] 
2362.160: [GC (Allocation Failure) [PSYoungGen: 56208K->1344K(56320K)] 404940K->350108K(688640K), 0.0026678 secs] [Times: user=0.01 sys=0.00, real=0.00 secs] 
2363.457: [GC (Allocation Failure) [PSYoungGen: 56128K->1440K(56320K)] 404892K->350212K(688640K), 0.0041028 secs] [Times: user=0.02 sys=0.00, real=0.01 secs] 
2364.224: [GC (Allocation Failure) [PSYoungGen: 56224K->1408K(56320K)] 404996K->350180K(688640K), 0.0035312 secs] [Times: user=0.01 sys=0.00, real=0.00 secs] 
2364.665: [GC (Allocation Failure) [PSYoungGen: 56192K->1408K(56320K)] 404964K->350188K(688640K), 0.0031769 secs] [Times: user=0.01 sys=0.01, real=0.00 secs] 
2365.156: [GC (Allocation Failure) [PSYoungGen: 56192K->1408K(56320K)] 404972K->350188K(688640K), 0.0034017 secs] [Times: user=0.02 sys=0.00, real=0.01 secs] 
2365.781: [GC (Allocation Failure) [PSYoungGen: 56192K->1376K(56320K)] 404972K->350156K(688640K), 0.0050436 secs] [Times: user=0.02 sys=0.00, real=0.00 secs] 
2366.971: [GC (Allocation Failure) [PSYoungGen: 56160K->1392K(56320K)] 404940K->350172K(688640K), 0.0020058 secs] [Times: user=0.01 sys=0.00, real=0.00 secs] 
2367.239: [GC (Allocation Failure) [PSYoungGen: 56176K->1376K(56320K)] 404956K->350156K(688640K), 0.0019865 secs] [Times: user=0.01 sys=0.00, real=0.00 secs] 
2367.696: [GC (Allocation Failure) [PSYoungGen: 56160K->1344K(56320K)] 404940K->350124K(688640K), 0.0022427 secs] [Times: user=0.01 sys=0.00, real=0.00 secs] 
2368.103: [GC (Allocation Failure) [PSYoungGen: 56128K->1376K(56320K)] 404908K->350156K(688640K), 0.0021943 secs] [Times: user=0.00 sys=0.00, real=0.00 secs] 
2368.607: [GC (Allocation Failure) [PSYoungGen: 56160K->1376K(56320K)] 404940K->350164K(688640K), 0.0039441 secs] [Times: user=0.02 sys=0.00, real=0.01 secs] 
2370.110: [GC (Allocation Failure) [PSYoungGen: 56160K->1440K(56320K)] 404948K->350228K(688640K), 0.0022239 secs] [Times: user=0.01 sys=0.00, real=0.00 secs] 
2370.613: [GC (Allocation Failure) [PSYoungGen: 56224K->1392K(56320K)] 405012K->350180K(688640K), 0.0024172 secs] [Times: user=0.01 sys=0.00, real=0.00 secs] 
2371.165: [GC (Allocation Failure) [PSYoungGen: 56176K->1408K(56320K)] 404964K->350196K(688640K), 0.0019657 secs] [Times: user=0.01 sys=0.00, real=0.00 secs] 
2371.694: [GC (Allocation Failure) [PSYoungGen: 56192K->1408K(56320K)] 404980K->350196K(688640K), 0.0019698 secs] [Times: user=0.01 sys=0.00, real=0.00 secs] 
2372.171: [GC (Allocation Failure) [PSYoungGen: 56192K->1376K(56320K)] 404980K->350164K(688640K), 0.0020902 secs] [Times: user=0.01 sys=0.00, real=0.00 secs] 
2373.327: [GC (Allocation Failure) [PSYoungGen: 56160K->1376K(56320K)] 404948K->350172K(688640K), 0.0020500 secs] [Times: user=0.01 sys=0.00, real=0.01 secs] 
2373.607: [GC (Allocation Failure) [PSYoungGen: 56160K->1376K(56320K)] 404956K->350172K(688640K), 0.0021121 secs] [Times: user=0.01 sys=0.00, real=0.01 secs] 
2373.835: [GC (Allocation Failure) [PSYoungGen: 56160K->1344K(56320K)] 404956K->350140K(688640K), 0.0021012 secs] [Times: user=0.01 sys=0.00, real=0.00 secs] 
2374.064: [GC (Allocation Failure) [PSYoungGen: 56128K->1376K(56320K)] 404924K->350172K(688640K), 0.0019897 secs] [Times: user=0.01 sys=0.00, real=0.00 secs] 
2374.292: [GC (Allocation Failure) [PSYoungGen: 56160K->1376K(56320K)] 404956K->350172K(688640K), 0.0020888 secs] [Times: user=0.01 sys=0.00, real=0.00 secs] 
2375.314: [GC (Allocation Failure) [PSYoungGen: 56160K->1408K(56320K)] 404956K->350204K(688640K), 0.0020497 secs] [Times: user=0.00 sys=0.00, real=0.00 secs] 
2375.594: [GC (Allocation Failure) [PSYoungGen: 56192K->1408K(56320K)] 404988K->350204K(688640K), 0.0021767 secs] [Times: user=0.01 sys=0.00, real=0.00 secs] 
2375.822: [GC (Allocation Failure) [PSYoungGen: 56192K->1376K(56320K)] 404988K->350172K(688640K), 0.0020659 secs] [Times: user=0.01 sys=0.00, real=0.00 secs] 
2376.081: [GC (Allocation Failure) [PSYoungGen: 56160K->1344K(56320K)] 404956K->350140K(688640K), 0.0021626 secs] [Times: user=0.01 sys=0.00, real=0.00 secs] 
2376.323: [GC (Allocation Failure) [PSYoungGen: 56128K->1376K(56320K)] 404924K->350172K(688640K), 0.0019144 secs] [Times: user=0.00 sys=0.00, real=0.00 secs] 
2377.396: [GC (Allocation Failure) [PSYoungGen: 56160K->864K(56320K)] 404956K->350684K(688640K), 0.0019544 secs] [Times: user=0.00 sys=0.00, real=0.00 secs] 
2377.936: [GC (Allocation Failure) [PSYoungGen: 55648K->320K(56320K)] 405468K->350140K(688640K), 0.0042192 secs] [Times: user=0.01 sys=0.00, real=0.01 secs] 
2378.399: [GC (Allocation Failure) [PSYoungGen: 55104K->384K(56832K)] 404924K->350204K(689152K), 0.0033487 secs] [Times: user=0.01 sys=0.00, real=0.00 secs] 
2378.885: [GC (Allocation Failure) [PSYoungGen: 55168K->384K(56832K)] 404988K->350204K(689152K), 0.0028026 secs] [Times: user=0.01 sys=0.00, real=0.00 secs] 
2379.545: [GC (Allocation Failure) [PSYoungGen: 55168K->368K(56832K)] 404988K->350188K(689152K), 0.0028508 secs] [Times: user=0.01 sys=0.00, real=0.00 secs] 
2380.805: [GC (Allocation Failure) [PSYoungGen: 55152K->1357K(56832K)] 404972K->351177K(689152K), 0.0015789 secs] [Times: user=0.01 sys=0.00, real=0.00 secs] 
2381.551: [GC (Allocation Failure) [PSYoungGen: 56141K->1408K(56832K)] 405961K->351244K(689152K), 0.0021828 secs] [Times: user=0.00 sys=0.00, real=0.00 secs] 
2381.835: [GC (Allocation Failure) [PSYoungGen: 56192K->1376K(56832K)] 406028K->351212K(689152K), 0.0021080 secs] [Times: user=0.01 sys=0.00, real=0.00 secs] 
2382.138: [GC (Allocation Failure) [PSYoungGen: 56160K->1376K(56832K)] 405996K->351212K(689152K), 0.0020946 secs] [Times: user=0.01 sys=0.00, real=0.01 secs] 
2382.506: [GC (Allocation Failure) [PSYoungGen: 56160K->1376K(56832K)] 405996K->351212K(689152K), 0.0020665 secs] [Times: user=0.01 sys=0.00, real=0.00 secs] 
2382.905: [GC (Allocation Failure) [PSYoungGen: 56160K->1376K(56832K)] 405996K->351212K(689152K), 0.0019273 secs] [Times: user=0.01 sys=0.00, real=0.00 secs] 
2383.986: [GC (Allocation Failure) [PSYoungGen: 56160K->1440K(56832K)] 405996K->351276K(689152K), 0.0018395 secs] [Times: user=0.01 sys=0.00, real=0.00 secs] 
2384.224: [GC (Allocation Failure) [PSYoungGen: 56224K->1376K(56832K)] 406060K->351212K(689152K), 0.0020273 secs] [Times: user=0.00 sys=0.00, real=0.00 secs] 
2384.452: [GC (Allocation Failure) [PSYoungGen: 56160K->1408K(56832K)] 405996K->351244K(689152K), 0.0025359 secs] [Times: user=0.01 sys=0.00, real=0.00 secs] 
2384.858: [GC (Allocation Failure) [PSYoungGen: 56192K->1408K(56832K)] 406028K->351244K(689152K), 0.0034672 secs] [Times: user=0.01 sys=0.01, real=0.01 secs] 
2385.295: [GC (Allocation Failure) [PSYoungGen: 56192K->1376K(56832K)] 406028K->351212K(689152K), 0.0026053 secs] [Times: user=0.02 sys=0.00, real=0.00 secs] 
2386.433: [GC (Allocation Failure) [PSYoungGen: 56160K->1376K(56832K)] 405996K->351212K(689152K), 0.0016615 secs] [Times: user=0.01 sys=0.00, real=0.00 secs] 
2386.665: [GC (Allocation Failure) [PSYoungGen: 56160K->1344K(56832K)] 405996K->351180K(689152K), 0.0016166 secs] [Times: user=0.01 sys=0.00, real=0.00 secs] 
2386.900: [GC (Allocation Failure) [PSYoungGen: 56128K->1376K(56832K)] 405964K->351212K(689152K), 0.0016761 secs] [Times: user=0.01 sys=0.00, real=0.00 secs] 
2387.131: [GC (Allocation Failure) [PSYoungGen: 56160K->1408K(56832K)] 405996K->351244K(689152K), 0.0016033 secs] [Times: user=0.00 sys=0.00, real=0.00 secs] 
2387.439: [GC (Allocation Failure) [PSYoungGen: 56192K->1376K(56832K)] 406028K->351212K(689152K), 0.0017631 secs] [Times: user=0.01 sys=0.00, real=0.00 secs] 
2388.515: [GC (Allocation Failure) [PSYoungGen: 56160K->1408K(56832K)] 405996K->351244K(689152K), 0.0018790 secs] [Times: user=0.00 sys=0.00, real=0.00 secs] 
2388.961: [GC (Allocation Failure) [PSYoungGen: 56192K->1376K(56832K)] 406028K->351212K(689152K), 0.0018792 secs] [Times: user=0.01 sys=0.00, real=0.00 secs] 
2389.432: [GC (Allocation Failure) [PSYoungGen: 56160K->1344K(56832K)] 405996K->351180K(689152K), 0.0019299 secs] [Times: user=0.01 sys=0.00, real=0.00 secs] 
2389.938: [GC (Allocation Failure) [PSYoungGen: 56128K->1376K(56832K)] 405964K->351212K(689152K), 0.0019734 secs] [Times: user=0.01 sys=0.00, real=0.01 secs] 
2390.256: [GC (Allocation Failure) [PSYoungGen: 56160K->1408K(56832K)] 405996K->351244K(689152K), 0.0020023 secs] [Times: user=0.00 sys=0.00, real=0.00 secs] 
2391.404: [GC (Allocation Failure) [PSYoungGen: 56192K->1408K(56832K)] 406028K->351260K(689152K), 0.0018930 secs] [Times: user=0.01 sys=0.00, real=0.00 secs] 
2392.355: [GC (Allocation Failure) [PSYoungGen: 56192K->1344K(56832K)] 406044K->351196K(689152K), 0.0026125 secs] [Times: user=0.01 sys=0.00, real=0.00 secs] 
2393.209: [GC (Allocation Failure) [PSYoungGen: 56128K->1344K(56832K)] 405980K->351196K(689152K), 0.0081526 secs] [Times: user=0.04 sys=0.00, real=0.00 secs] 
2394.034: [GC (Allocation Failure) [PSYoungGen: 56128K->1376K(56832K)] 405980K->351236K(689152K), 0.0026213 secs] [Times: user=0.01 sys=0.00, real=0.00 secs] 
2394.620: [GC (Allocation Failure) [PSYoungGen: 56160K->1408K(56832K)] 406020K->351268K(689152K), 0.0027157 secs] [Times: user=0.01 sys=0.00, real=0.00 secs] 
2395.826: [GC (Allocation Failure) [PSYoungGen: 56192K->1408K(56832K)] 406052K->351276K(689152K), 0.0019194 secs] [Times: user=0.01 sys=0.00, real=0.00 secs] 
2396.059: [GC (Allocation Failure) [PSYoungGen: 56192K->1376K(56832K)] 406060K->351244K(689152K), 0.0018574 secs] [Times: user=0.01 sys=0.00, real=0.00 secs] 
2396.315: [GC (Allocation Failure) [PSYoungGen: 56160K->1376K(56832K)] 406028K->351244K(689152K), 0.0018857 secs] [Times: user=0.00 sys=0.00, real=0.00 secs] 
2396.571: [GC (Allocation Failure) [PSYoungGen: 56160K->1376K(56832K)] 406028K->351244K(689152K), 0.0027255 secs] [Times: user=0.02 sys=0.00, real=0.00 secs] 
2396.813: [GC (Allocation Failure) [PSYoungGen: 56160K->1376K(56320K)] 406028K->351244K(688640K), 0.0028749 secs] [Times: user=0.01 sys=0.00, real=0.00 secs] 
2397.764: [GC (Allocation Failure) [PSYoungGen: 56160K->1504K(55808K)] 406028K->351372K(688128K), 0.0017730 secs] [Times: user=0.00 sys=0.00, real=0.00 secs] 
2398.030: [GC (Allocation Failure) [PSYoungGen: 55776K->1344K(56320K)] 405644K->351212K(688640K), 0.0017992 secs] [Times: user=0.01 sys=0.00, real=0.00 secs] 
2398.280: [GC (Allocation Failure) [PSYoungGen: 55616K->1376K(56320K)] 405484K->351244K(688640K), 0.0018495 secs] [Times: user=0.01 sys=0.00, real=0.00 secs] 
2398.505: [GC (Allocation Failure) [PSYoungGen: 55648K->1376K(55808K)] 405516K->351244K(688128K), 0.0019801 secs] [Times: user=0.01 sys=0.00, real=0.00 secs] 
2398.741: [GC (Allocation Failure) [PSYoungGen: 55648K->1376K(55808K)] 405516K->351244K(688128K), 0.0030076 secs] [Times: user=0.01 sys=0.00, real=0.00 secs] 
2399.035: [GC (Allocation Failure) [PSYoungGen: 55648K->1408K(55808K)] 405516K->351276K(688128K), 0.0025442 secs] [Times: user=0.01 sys=0.00, real=0.00 secs] 
2400.292: [GC (Allocation Failure) [PSYoungGen: 55680K->1408K(55808K)] 405548K->351276K(688128K), 0.0020997 secs] [Times: user=0.01 sys=0.00, real=0.00 secs] 
2400.765: [GC (Allocation Failure) [PSYoungGen: 55680K->1408K(55808K)] 405548K->351276K(688128K), 0.0039358 secs] [Times: user=0.01 sys=0.00, real=0.01 secs] 
2400.994: [GC (Allocation Failure) [PSYoungGen: 55680K->1344K(55808K)] 405548K->351236K(688128K), 0.0027836 secs] [Times: user=0.01 sys=0.00, real=0.00 secs] 
2401.368: [GC (Allocation Failure) [PSYoungGen: 55616K->1376K(55808K)] 405508K->351268K(688128K), 0.0023164 secs] [Times: user=0.01 sys=0.00, real=0.01 secs] 
2401.797: [GC (Allocation Failure) [PSYoungGen: 55648K->1408K(55808K)] 405540K->351300K(688128K), 0.0071404 secs] [Times: user=0.04 sys=0.00, real=0.01 secs] 
2402.876: [GC (Allocation Failure) [PSYoungGen: 55680K->1408K(55808K)] 405572K->351300K(688128K), 0.0018637 secs] [Times: user=0.01 sys=0.00, real=0.00 secs] 
2403.117: [GC (Allocation Failure) [PSYoungGen: 55680K->1376K(55808K)] 405572K->351268K(688128K), 0.0016005 secs] [Times: user=0.01 sys=0.00, real=0.00 secs] 
2403.337: [GC (Allocation Failure) [PSYoungGen: 55648K->1424K(55808K)] 405540K->351316K(688128K), 0.0017822 secs] [Times: user=0.01 sys=0.00, real=0.01 secs] 
2403.563: [GC (Allocation Failure) [PSYoungGen: 55696K->1408K(55808K)] 405588K->351300K(688128K), 0.0022729 secs] [Times: user=0.01 sys=0.00, real=0.00 secs] 
2403.792: [GC (Allocation Failure) [PSYoungGen: 55680K->1408K(55808K)] 405572K->351300K(688128K), 0.0024036 secs] [Times: user=0.01 sys=0.00, real=0.00 secs] 
2405.335: [GC (Allocation Failure) [PSYoungGen: 55680K->1408K(55808K)] 405572K->351300K(688128K), 0.0024309 secs] [Times: user=0.01 sys=0.00, real=0.00 secs] 
2406.261: [GC (Allocation Failure) [PSYoungGen: 55680K->1376K(55808K)] 405572K->351268K(688128K), 0.0040175 secs] [Times: user=0.02 sys=0.00, real=0.00 secs] 
2407.177: [GC (Allocation Failure) [PSYoungGen: 55648K->1376K(55808K)] 405540K->351268K(688128K), 0.0049444 secs] [Times: user=0.02 sys=0.01, real=0.01 secs] 
2407.829: [GC (Allocation Failure) [PSYoungGen: 55648K->1376K(55808K)] 405540K->351268K(688128K), 0.0033170 secs] [Times: user=0.01 sys=0.00, real=0.00 secs] 
2408.484: [GC (Allocation Failure) [PSYoungGen: 55648K->1408K(55808K)] 405540K->351300K(688128K), 0.0032154 secs] [Times: user=0.02 sys=0.00, real=0.00 secs] 
2409.799: [GC (Allocation Failure) [PSYoungGen: 55680K->1408K(55808K)] 405572K->351300K(688128K), 0.0018086 secs] [Times: user=0.00 sys=0.00, real=0.00 secs] 
2410.024: [GC (Allocation Failure) [PSYoungGen: 55680K->1328K(55808K)] 405572K->351220K(688128K), 0.0017239 secs] [Times: user=0.01 sys=0.00, real=0.00 secs] 
2410.249: [GC (Allocation Failure) [PSYoungGen: 55600K->1376K(55808K)] 405492K->351268K(688128K), 0.0016898 secs] [Times: user=0.01 sys=0.00, real=0.00 secs] 
2410.496: [GC (Allocation Failure) [PSYoungGen: 55648K->1408K(55808K)] 405540K->351300K(688128K), 0.0017894 secs] [Times: user=0.00 sys=0.00, real=0.00 secs] 
2410.833: [GC (Allocation Failure) [PSYoungGen: 55680K->1392K(55808K)] 405572K->351284K(688128K), 0.0031852 secs] [Times: user=0.01 sys=0.00, real=0.00 secs] 
2411.947: [GC (Allocation Failure) [PSYoungGen: 55596K->1488K(55808K)] 405488K->351388K(688128K), 0.0022690 secs] [Times: user=0.01 sys=0.00, real=0.01 secs] 
2412.562: [GC (Allocation Failure) [PSYoungGen: 55760K->1376K(55808K)] 405660K->351276K(688128K), 0.0021321 secs] [Times: user=0.01 sys=0.00, real=0.00 secs] 
2413.389: [GC (Allocation Failure) [PSYoungGen: 55648K->1408K(55808K)] 405548K->351308K(688128K), 0.0040091 secs] [Times: user=0.01 sys=0.01, real=0.00 secs] 
2414.406: [GC (Allocation Failure) [PSYoungGen: 55680K->1376K(55808K)] 405580K->351284K(688128K), 0.0039859 secs] [Times: user=0.01 sys=0.00, real=0.01 secs] 
2415.435: [GC (Allocation Failure) [PSYoungGen: 55648K->1376K(55808K)] 405556K->351284K(688128K), 0.0053282 secs] [Times: user=0.02 sys=0.00, real=0.01 secs] 
2416.033: [GC (Allocation Failure) [PSYoungGen: 55648K->1376K(55808K)] 405556K->351292K(688128K), 0.0025041 secs] [Times: user=0.01 sys=0.00, real=0.00 secs] 
2417.328: [GC (Allocation Failure) [PSYoungGen: 55648K->1424K(55808K)] 405564K->351340K(688128K), 0.0019015 secs] [Times: user=0.01 sys=0.00, real=0.01 secs] 
2417.863: [GC (Allocation Failure) [PSYoungGen: 55696K->1392K(55808K)] 405612K->351308K(688128K), 0.0041544 secs] [Times: user=0.02 sys=0.00, real=0.00 secs] 
2418.426: [GC (Allocation Failure) [PSYoungGen: 55664K->1376K(55808K)] 405580K->351292K(688128K), 0.0031694 secs] [Times: user=0.01 sys=0.00, real=0.01 secs] 
2418.975: [GC (Allocation Failure) [PSYoungGen: 55648K->1376K(55808K)] 405564K->351292K(688128K), 0.0043394 secs] [Times: user=0.02 sys=0.00, real=0.01 secs] 
2419.519: [GC (Allocation Failure) [PSYoungGen: 55648K->1312K(55808K)] 405564K->351228K(688128K), 0.0027550 secs] [Times: user=0.01 sys=0.00, real=0.00 secs] 
2421.094: [GC (Allocation Failure) [PSYoungGen: 55584K->1376K(55808K)] 405500K->351292K(688128K), 0.0049712 secs] [Times: user=0.02 sys=0.00, real=0.01 secs] 
2421.854: [GC (Allocation Failure) [PSYoungGen: 55648K->1408K(55808K)] 405564K->351324K(688128K), 0.0034208 secs] [Times: user=0.01 sys=0.00, real=0.00 secs] 
2422.480: [GC (Allocation Failure) [PSYoungGen: 55680K->1376K(55808K)] 405596K->351292K(688128K), 0.0028824 secs] [Times: user=0.01 sys=0.00, real=0.00 secs] 
2423.102: [GC (Allocation Failure) [PSYoungGen: 55648K->1392K(55808K)] 405564K->351308K(688128K), 0.0028960 secs] [Times: user=0.01 sys=0.00, real=0.00 secs] 
2423.594: [GC (Allocation Failure) [PSYoungGen: 55664K->1376K(55808K)] 405580K->351300K(688128K), 0.0027400 secs] [Times: user=0.01 sys=0.00, real=0.00 secs] 
2424.957: [GC (Allocation Failure) [PSYoungGen: 55648K->1440K(55808K)] 405572K->351364K(688128K), 0.0017189 secs] [Times: user=0.01 sys=0.00, real=0.01 secs] 
2425.639: [GC (Allocation Failure) [PSYoungGen: 55712K->1376K(55808K)] 405636K->351316K(688128K), 0.0017553 secs] [Times: user=0.01 sys=0.00, real=0.00 secs] 
2426.503: [GC (Allocation Failure) [PSYoungGen: 55648K->1360K(55808K)] 405588K->351300K(688128K), 0.0021782 secs] [Times: user=0.01 sys=0.00, real=0.00 secs] 
2427.193: [GC (Allocation Failure) [PSYoungGen: 55632K->1376K(55808K)] 405572K->351316K(688128K), 0.0024228 secs] [Times: user=0.01 sys=0.00, real=0.00 secs] 
2427.774: [GC (Allocation Failure) [PSYoungGen: 55648K->1440K(55808K)] 405588K->351380K(688128K), 0.0026819 secs] [Times: user=0.01 sys=0.00, real=0.00 secs] 
2429.101: [GC (Allocation Failure) [PSYoungGen: 55712K->1376K(55808K)] 405652K->351324K(688128K), 0.0019803 secs] [Times: user=0.01 sys=0.00, real=0.00 secs] 
2429.705: [GC (Allocation Failure) [PSYoungGen: 55648K->1376K(55808K)] 405596K->351324K(688128K), 0.0018899 secs] [Times: user=0.01 sys=0.00, real=0.00 secs] 
2430.376: [GC (Allocation Failure) [PSYoungGen: 55648K->1408K(55808K)] 405596K->351356K(688128K), 0.0040163 secs] [Times: user=0.02 sys=0.00, real=0.01 secs] 
2430.973: [GC (Allocation Failure) [PSYoungGen: 55680K->1376K(55808K)] 405628K->351324K(688128K), 0.0041421 secs] [Times: user=0.02 sys=0.00, real=0.00 secs] 
2431.547: [GC (Allocation Failure) [PSYoungGen: 55648K->1360K(55808K)] 405596K->351308K(688128K), 0.0058958 secs] [Times: user=0.02 sys=0.00, real=0.01 secs] 
2432.557: [GC (Allocation Failure) [PSYoungGen: 55632K->1357K(55808K)] 405580K->351305K(688128K), 0.0014318 secs] [Times: user=0.01 sys=0.00, real=0.00 secs] 
2434.533: [GC (Allocation Failure) [PSYoungGen: 55629K->1424K(55808K)] 405577K->351372K(688128K), 0.0055807 secs] [Times: user=0.02 sys=0.00, real=0.01 secs] 
2435.159: [GC (Allocation Failure) [PSYoungGen: 55696K->1408K(55808K)] 405644K->351356K(688128K), 0.0031464 secs] [Times: user=0.02 sys=0.00, real=0.00 secs] 
2435.590: [GC (Allocation Failure) [PSYoungGen: 55680K->1376K(55808K)] 405628K->351324K(688128K), 0.0021861 secs] [Times: user=0.01 sys=0.00, real=0.00 secs] 
2436.202: [GC (Allocation Failure) [PSYoungGen: 55648K->1360K(55808K)] 405596K->351316K(688128K), 0.0039102 secs] [Times: user=0.01 sys=0.00, real=0.00 secs] 
2436.747: [GC (Allocation Failure) [PSYoungGen: 55632K->1408K(55808K)] 405588K->351364K(688128K), 0.0031892 secs] [Times: user=0.01 sys=0.00, real=0.01 secs] 
2438.113: [GC (Allocation Failure) [PSYoungGen: 55680K->1376K(55808K)] 405636K->351332K(688128K), 0.0049123 secs] [Times: user=0.02 sys=0.00, real=0.00 secs] 
2438.831: [GC (Allocation Failure) [PSYoungGen: 55648K->1408K(55808K)] 405604K->351364K(688128K), 0.0040366 secs] [Times: user=0.01 sys=0.00, real=0.00 secs] 
2439.241: [GC (Allocation Failure) [PSYoungGen: 55680K->1440K(55808K)] 405636K->351396K(688128K), 0.0024149 secs] [Times: user=0.01 sys=0.01, real=0.00 secs] 
2439.647: [GC (Allocation Failure) [PSYoungGen: 55712K->1376K(55808K)] 405668K->351332K(688128K), 0.0022083 secs] [Times: user=0.01 sys=0.00, real=0.01 secs] 
2440.092: [GC (Allocation Failure) [PSYoungGen: 55648K->1344K(55808K)] 405604K->351300K(688128K), 0.0020850 secs] [Times: user=0.01 sys=0.00, real=0.00 secs] 
2441.197: [GC (Allocation Failure) [PSYoungGen: 55616K->1408K(55808K)] 405572K->351364K(688128K), 0.0019692 secs] [Times: user=0.01 sys=0.00, real=0.01 secs] 
2441.434: [GC (Allocation Failure) [PSYoungGen: 55680K->1408K(55808K)] 405636K->351364K(688128K), 0.0018507 secs] [Times: user=0.01 sys=0.00, real=0.00 secs] 
2441.869: [GC (Allocation Failure) [PSYoungGen: 55680K->1344K(55808K)] 405636K->351300K(688128K), 0.0024619 secs] [Times: user=0.01 sys=0.00, real=0.00 secs] 
2442.347: [GC (Allocation Failure) [PSYoungGen: 55616K->1392K(55808K)] 405572K->351348K(688128K), 0.0023488 secs] [Times: user=0.01 sys=0.00, real=0.01 secs] 
2442.872: [GC (Allocation Failure) [PSYoungGen: 55664K->1392K(55808K)] 405620K->351348K(688128K), 0.0021377 secs] [Times: user=0.01 sys=0.00, real=0.00 secs] 
2444.109: [GC (Allocation Failure) [PSYoungGen: 55664K->1408K(55808K)] 405620K->351380K(688128K), 0.0018644 secs] [Times: user=0.01 sys=0.01, real=0.00 secs] 
2444.595: [GC (Allocation Failure) [PSYoungGen: 55680K->1344K(55808K)] 405652K->351316K(688128K), 0.0021895 secs] [Times: user=0.00 sys=0.00, real=0.00 secs] 
2445.050: [GC (Allocation Failure) [PSYoungGen: 55616K->1376K(55808K)] 405588K->351348K(688128K), 0.0054828 secs] [Times: user=0.02 sys=0.00, real=0.00 secs] 
2445.483: [GC (Allocation Failure) [PSYoungGen: 55648K->1376K(55808K)] 405620K->351348K(688128K), 0.0033744 secs] [Times: user=0.01 sys=0.00, real=0.00 secs] 
2445.838: [GC (Allocation Failure) [PSYoungGen: 55648K->1408K(55808K)] 405620K->351380K(688128K), 0.0021898 secs] [Times: user=0.01 sys=0.00, real=0.01 secs] 
2446.740: [GC (Allocation Failure) [PSYoungGen: 55680K->1440K(55808K)] 405652K->352436K(688128K), 0.0016389 secs] [Times: user=0.01 sys=0.00, real=0.00 secs] 
2446.970: [GC (Allocation Failure) [PSYoungGen: 55712K->1344K(55808K)] 406708K->352340K(688128K), 0.0014611 secs] [Times: user=0.00 sys=0.00, real=0.00 secs] 
2447.261: [GC (Allocation Failure) [PSYoungGen: 55616K->1408K(55808K)] 406612K->352404K(688128K), 0.0017373 secs] [Times: user=0.01 sys=0.00, real=0.00 secs] 
2447.692: [GC (Allocation Failure) [PSYoungGen: 55680K->1312K(55808K)] 406676K->352308K(688128K), 0.0017581 secs] [Times: user=0.01 sys=0.00, real=0.00 secs] 
2448.136: [GC (Allocation Failure) [PSYoungGen: 55584K->1408K(55808K)] 406580K->352404K(688128K), 0.0018690 secs] [Times: user=0.00 sys=0.00, real=0.00 secs] 
2448.555: [GC (Allocation Failure) [PSYoungGen: 55680K->1408K(55808K)] 406676K->352412K(688128K), 0.0018895 secs] [Times: user=0.00 sys=0.00, real=0.00 secs] 
2449.554: [GC (Allocation Failure) [PSYoungGen: 55680K->1408K(55808K)] 406684K->352412K(688128K), 0.0017940 secs] [Times: user=0.01 sys=0.00, real=0.00 secs] 
2449.779: [GC (Allocation Failure) [PSYoungGen: 55680K->1376K(55808K)] 406684K->352380K(688128K), 0.0017766 secs] [Times: user=0.01 sys=0.00, real=0.00 secs] 
2450.057: [GC (Allocation Failure) [PSYoungGen: 55648K->1376K(55808K)] 406652K->352380K(688128K), 0.0028255 secs] [Times: user=0.01 sys=0.00, real=0.01 secs] 
2450.399: [GC (Allocation Failure) [PSYoungGen: 55648K->1344K(55808K)] 406652K->352348K(688128K), 0.0028506 secs] [Times: user=0.01 sys=0.00, real=0.00 secs] 
2450.628: [GC (Allocation Failure) [PSYoungGen: 55616K->1312K(55808K)] 406620K->352332K(688128K), 0.0029375 secs] [Times: user=0.01 sys=0.00, real=0.01 secs] 
2452.417: [GC (Allocation Failure) [PSYoungGen: 55584K->1408K(55808K)] 406604K->352428K(688128K), 0.0025026 secs] [Times: user=0.01 sys=0.00, real=0.01 secs] 
2453.386: [GC (Allocation Failure) [PSYoungGen: 55680K->1360K(55808K)] 406700K->352380K(688128K), 0.0042002 secs] [Times: user=0.02 sys=0.00, real=0.01 secs] 
2453.815: [GC (Allocation Failure) [PSYoungGen: 55632K->1376K(55808K)] 406652K->352396K(688128K), 0.0026133 secs] [Times: user=0.01 sys=0.00, real=0.00 secs] 
2454.111: [GC (Allocation Failure) [PSYoungGen: 55648K->1408K(55808K)] 406668K->352428K(688128K), 0.0020646 secs] [Times: user=0.01 sys=0.00, real=0.00 secs] 
2454.338: [GC (Allocation Failure) [PSYoungGen: 55680K->1408K(55808K)] 406700K->352428K(688128K), 0.0019516 secs] [Times: user=0.01 sys=0.01, real=0.01 secs] 
2455.612: [GC (Allocation Failure) [PSYoungGen: 55680K->1440K(55808K)] 406700K->352460K(688128K), 0.0021381 secs] [Times: user=0.01 sys=0.00, real=0.00 secs] 
2456.033: [GC (Allocation Failure) [PSYoungGen: 55712K->1344K(55808K)] 406732K->352364K(688128K), 0.0028766 secs] [Times: user=0.01 sys=0.00, real=0.00 secs] 
2456.326: [GC (Allocation Failure) [PSYoungGen: 55616K->1344K(55808K)] 406636K->352364K(688128K), 0.0022509 secs] [Times: user=0.01 sys=0.00, real=0.00 secs] 
2456.552: [GC (Allocation Failure) [PSYoungGen: 55616K->1376K(55808K)] 406636K->352396K(688128K), 0.0023688 secs] [Times: user=0.01 sys=0.00, real=0.00 secs] 
2456.778: [GC (Allocation Failure) [PSYoungGen: 55648K->1376K(55808K)] 406668K->352396K(688128K), 0.0019786 secs] [Times: user=0.01 sys=0.00, real=0.01 secs] 
2457.939: [GC (Allocation Failure) [PSYoungGen: 55648K->1440K(55808K)] 406668K->352460K(688128K), 0.0028956 secs] [Times: user=0.01 sys=0.00, real=0.00 secs] 
2458.687: [GC (Allocation Failure) [PSYoungGen: 55712K->1392K(55808K)] 406732K->352412K(688128K), 0.0031842 secs] [Times: user=0.02 sys=0.00, real=0.01 secs] 
2459.343: [GC (Allocation Failure) [PSYoungGen: 55664K->1424K(55808K)] 406684K->352444K(688128K), 0.0041904 secs] [Times: user=0.01 sys=0.00, real=0.00 secs] 
2459.854: [GC (Allocation Failure) [PSYoungGen: 55696K->1360K(55808K)] 406716K->352380K(688128K), 0.0025833 secs] [Times: user=0.01 sys=0.00, real=0.00 secs] 
2460.596: [GC (Allocation Failure) [PSYoungGen: 55632K->1440K(55808K)] 406652K->352460K(688128K), 0.0033668 secs] [Times: user=0.02 sys=0.00, real=0.01 secs] 
2462.012: [GC (Allocation Failure) [PSYoungGen: 55712K->1424K(55808K)] 406732K->352444K(688128K), 0.0018363 secs] [Times: user=0.01 sys=0.00, real=0.00 secs] 
2462.891: [GC (Allocation Failure) [PSYoungGen: 55696K->1440K(55808K)] 406716K->352476K(688128K), 0.0024720 secs] [Times: user=0.01 sys=0.00, real=0.00 secs] 
2463.819: [GC (Allocation Failure) [PSYoungGen: 55712K->1344K(55808K)] 406748K->352380K(688128K), 0.0024771 secs] [Times: user=0.01 sys=0.00, real=0.01 secs] 
2464.534: [GC (Allocation Failure) [PSYoungGen: 55616K->1376K(55808K)] 406652K->352412K(688128K), 0.0024870 secs] [Times: user=0.01 sys=0.00, real=0.00 secs] 
2465.063: [GC (Allocation Failure) [PSYoungGen: 55648K->1344K(55808K)] 406684K->352380K(688128K), 0.0027488 secs] [Times: user=0.01 sys=0.00, real=0.00 secs] 
2465.360: [GC (Allocation Failure) [PSYoungGen: 55606K->272K(55296K)] 406643K->351308K(687616K), 0.0020618 secs] [Times: user=0.01 sys=0.00, real=0.00 secs] 
2466.469: [GC (Allocation Failure) [PSYoungGen: 54032K->1376K(55808K)] 405068K->352412K(688128K), 0.0026411 secs] [Times: user=0.02 sys=0.00, real=0.01 secs] 
2466.685: [GC (Allocation Failure) [PSYoungGen: 55136K->1408K(55808K)] 406172K->352444K(688128K), 0.0023056 secs] [Times: user=0.01 sys=0.00, real=0.00 secs] 
2466.981: [GC (Allocation Failure) [PSYoungGen: 55168K->1408K(55808K)] 406204K->352444K(688128K), 0.0018968 secs] [Times: user=0.01 sys=0.00, real=0.00 secs] 
2467.211: [GC (Allocation Failure) [PSYoungGen: 55168K->1408K(55808K)] 406204K->352444K(688128K), 0.0021406 secs] [Times: user=0.00 sys=0.00, real=0.00 secs] 
2467.434: [GC (Allocation Failure) [PSYoungGen: 55168K->1408K(55808K)] 406204K->352452K(688128K), 0.0018937 secs] [Times: user=0.01 sys=0.00, real=0.00 secs] 
2470.483: [GC (Allocation Failure) [PSYoungGen: 55168K->1376K(55808K)] 406212K->352420K(688128K), 0.0025184 secs] [Times: user=0.01 sys=0.00, real=0.00 secs] 
2470.705: [GC (Allocation Failure) [PSYoungGen: 55136K->1408K(55808K)] 406180K->352452K(688128K), 0.0022125 secs] [Times: user=0.01 sys=0.00, real=0.00 secs] 
2470.928: [GC (Allocation Failure) [PSYoungGen: 55168K->1408K(55808K)] 406212K->352452K(688128K), 0.0025213 secs] [Times: user=0.01 sys=0.00, real=0.01 secs] 
2471.315: [GC (Allocation Failure) [PSYoungGen: 55168K->1392K(55808K)] 406212K->352436K(688128K), 0.0031192 secs] [Times: user=0.01 sys=0.00, real=0.00 secs] 
2471.735: [GC (Allocation Failure) [PSYoungGen: 55152K->1344K(55808K)] 406196K->352388K(688128K), 0.0026306 secs] [Times: user=0.02 sys=0.00, real=0.00 secs] 
2473.429: [GC (Allocation Failure) [PSYoungGen: 55104K->1408K(55808K)] 406148K->352452K(688128K), 0.0043597 secs] [Times: user=0.02 sys=0.00, real=0.00 secs] 
2474.029: [GC (Allocation Failure) [PSYoungGen: 55168K->1408K(55808K)] 406212K->352460K(688128K), 0.0027604 secs] [Times: user=0.01 sys=0.00, real=0.00 secs] 
2474.245: [GC (Allocation Failure) [PSYoungGen: 55168K->1376K(55808K)] 406220K->352428K(688128K), 0.0021799 secs] [Times: user=0.01 sys=0.00, real=0.00 secs] 
2474.733: [GC (Allocation Failure) [PSYoungGen: 55136K->1408K(55808K)] 406188K->352460K(688128K), 0.0024673 secs] [Times: user=0.01 sys=0.00, real=0.00 secs] 
2475.312: [GC (Allocation Failure) [PSYoungGen: 55168K->1424K(55808K)] 406220K->352476K(688128K), 0.0027280 secs] [Times: user=0.02 sys=0.00, real=0.00 secs] 
2476.528: [GC (Allocation Failure) [PSYoungGen: 55184K->1408K(55808K)] 406236K->352460K(688128K), 0.0019248 secs] [Times: user=0.01 sys=0.00, real=0.01 secs] 
2476.810: [GC (Allocation Failure) [PSYoungGen: 55168K->1408K(55808K)] 406220K->352460K(688128K), 0.0020730 secs] [Times: user=0.00 sys=0.00, real=0.00 secs] 
2477.060: [GC (Allocation Failure) [PSYoungGen: 55168K->1328K(55808K)] 406220K->352380K(688128K), 0.0020828 secs] [Times: user=0.01 sys=0.00, real=0.00 secs] 
2477.382: [GC (Allocation Failure) [PSYoungGen: 55088K->1344K(55808K)] 406140K->352396K(688128K), 0.0021026 secs] [Times: user=0.01 sys=0.00, real=0.00 secs] 
2477.858: [GC (Allocation Failure) [PSYoungGen: 55104K->1376K(55296K)] 406156K->352428K(687616K), 0.0022114 secs] [Times: user=0.01 sys=0.00, real=0.01 secs] 
2478.460: [GC (Allocation Failure) [PSYoungGen: 55133K->224K(55296K)] 406185K->351276K(687616K), 0.0034155 secs] [Times: user=0.01 sys=0.00, real=0.00 secs] 
2479.829: [GC (Allocation Failure) [PSYoungGen: 53984K->1440K(55808K)] 405036K->352492K(688128K), 0.0040888 secs] [Times: user=0.01 sys=0.00, real=0.00 secs] 
2480.321: [GC (Allocation Failure) [PSYoungGen: 55200K->1408K(55808K)] 406252K->352460K(688128K), 0.0033774 secs] [Times: user=0.01 sys=0.00, real=0.00 secs] 
2480.807: [GC (Allocation Failure) [PSYoungGen: 55168K->1408K(55808K)] 406220K->352460K(688128K), 0.0031971 secs] [Times: user=0.02 sys=0.00, real=0.01 secs] 
2481.169: [GC (Allocation Failure) [PSYoungGen: 55168K->1344K(55808K)] 406220K->352396K(688128K), 0.0022080 secs] [Times: user=0.01 sys=0.00, real=0.00 secs] 
2481.585: [GC (Allocation Failure) [PSYoungGen: 55104K->1376K(55808K)] 406156K->352444K(688128K), 0.0026923 secs] [Times: user=0.01 sys=0.00, real=0.00 secs] 
2483.129: [GC (Allocation Failure) [PSYoungGen: 55136K->1376K(55808K)] 406204K->352444K(688128K), 0.0018670 secs] [Times: user=0.01 sys=0.00, real=0.00 secs] 
2483.951: [GC (Allocation Failure) [PSYoungGen: 55136K->1408K(55808K)] 406204K->352476K(688128K), 0.0034818 secs] [Times: user=0.01 sys=0.00, real=0.00 secs] 
2484.774: [GC (Allocation Failure) [PSYoungGen: 55168K->1392K(55808K)] 406236K->352460K(688128K), 0.0050504 secs] [Times: user=0.02 sys=0.00, real=0.01 secs] 
2485.142: [GC (Allocation Failure) [PSYoungGen: 55152K->1376K(55808K)] 406220K->352444K(688128K), 0.0027208 secs] [Times: user=0.01 sys=0.00, real=0.00 secs] 
2485.512: [GC (Allocation Failure) [PSYoungGen: 55136K->1376K(55808K)] 406204K->352444K(688128K), 0.0027615 secs] [Times: user=0.02 sys=0.00, real=0.00 secs] 
2486.996: [GC (Allocation Failure) [PSYoungGen: 55136K->1424K(55808K)] 406204K->352492K(688128K), 0.0024832 secs] [Times: user=0.01 sys=0.00, real=0.01 secs] 
2488.055: [GC (Allocation Failure) [PSYoungGen: 55184K->1376K(55808K)] 406252K->352444K(688128K), 0.0053562 secs] [Times: user=0.02 sys=0.00, real=0.01 secs] 
2488.960: [GC (Allocation Failure) [PSYoungGen: 55136K->1408K(55808K)] 406204K->352476K(688128K), 0.0032662 secs] [Times: user=0.02 sys=0.00, real=0.00 secs] 
2489.458: [GC (Allocation Failure) [PSYoungGen: 55168K->1360K(55808K)] 406236K->352428K(688128K), 0.0031299 secs] [Times: user=0.01 sys=0.00, real=0.01 secs] 
2490.258: [GC (Allocation Failure) [PSYoungGen: 55120K->1344K(55808K)] 406188K->352412K(688128K), 0.0049978 secs] [Times: user=0.02 sys=0.00, real=0.01 secs] 
2492.058: [GC (Allocation Failure) [PSYoungGen: 55104K->1440K(55808K)] 406172K->352508K(688128K), 0.0032674 secs] [Times: user=0.02 sys=0.00, real=0.01 secs] 
2492.437: [GC (Allocation Failure) [PSYoungGen: 55200K->1376K(55808K)] 406268K->352444K(688128K), 0.0022987 secs] [Times: user=0.01 sys=0.00, real=0.01 secs] 
2492.854: [GC (Allocation Failure) [PSYoungGen: 55136K->1408K(55808K)] 406204K->352476K(688128K), 0.0019672 secs] [Times: user=0.01 sys=0.00, real=0.00 secs] 
2493.278: [GC (Allocation Failure) [PSYoungGen: 55168K->1376K(55296K)] 406236K->352444K(687616K), 0.0021417 secs] [Times: user=0.01 sys=0.00, real=0.01 secs] 
2493.668: [GC (Allocation Failure) [PSYoungGen: 55136K->1376K(55296K)] 406204K->352452K(687616K), 0.0036350 secs] [Times: user=0.02 sys=0.00, real=0.01 secs] 
2494.044: [GC (Allocation Failure) [PSYoungGen: 55136K->352K(54784K)] 406212K->352452K(687104K), 0.0037002 secs] [Times: user=0.01 sys=0.00, real=0.00 secs] 
2495.913: [GC (Allocation Failure) [PSYoungGen: 54112K->1408K(55808K)] 406212K->353516K(688128K), 0.0051047 secs] [Times: user=0.03 sys=0.00, real=0.00 secs] 
2496.423: [GC (Allocation Failure) [PSYoungGen: 55168K->1376K(55808K)] 407276K->353484K(688128K), 0.0033371 secs] [Times: user=0.01 sys=0.00, real=0.00 secs] 
2496.843: [GC (Allocation Failure) [PSYoungGen: 55136K->1376K(55808K)] 407244K->353484K(688128K), 0.0021670 secs] [Times: user=0.01 sys=0.00, real=0.00 secs] 
2497.422: [GC (Allocation Failure) [PSYoungGen: 55136K->1408K(55808K)] 407244K->353516K(688128K), 0.0029472 secs] [Times: user=0.01 sys=0.00, real=0.00 secs] 
2498.053: [GC (Allocation Failure) [PSYoungGen: 55168K->1440K(55808K)] 407276K->353548K(688128K), 0.0032136 secs] [Times: user=0.01 sys=0.00, real=0.00 secs] 
2499.558: [GC (Allocation Failure) [PSYoungGen: 55200K->1440K(55808K)] 407308K->353548K(688128K), 0.0028191 secs] [Times: user=0.01 sys=0.00, real=0.01 secs] 
2500.304: [GC (Allocation Failure) [PSYoungGen: 55200K->1408K(55808K)] 407308K->353516K(688128K), 0.0039498 secs] [Times: user=0.01 sys=0.00, real=0.00 secs] 
2500.954: [GC (Allocation Failure) [PSYoungGen: 55168K->1408K(55808K)] 407276K->353516K(688128K), 0.0032222 secs] [Times: user=0.01 sys=0.00, real=0.00 secs] 
2501.462: [GC (Allocation Failure) [PSYoungGen: 55168K->1376K(55808K)] 407276K->353484K(688128K), 0.0026968 secs] [Times: user=0.02 sys=0.00, real=0.00 secs] 
2501.961: [GC (Allocation Failure) [PSYoungGen: 55136K->1376K(55808K)] 407244K->353484K(688128K), 0.0027811 secs] [Times: user=0.01 sys=0.00, real=0.00 secs] 
2503.219: [GC (Allocation Failure) [PSYoungGen: 55136K->1440K(55808K)] 407244K->353548K(688128K), 0.0016382 secs] [Times: user=0.01 sys=0.00, real=0.00 secs] 
2503.672: [GC (Allocation Failure) [PSYoungGen: 55200K->1408K(55808K)] 407308K->353516K(688128K), 0.0041574 secs] [Times: user=0.02 sys=0.00, real=0.00 secs] 
2504.124: [GC (Allocation Failure) [PSYoungGen: 55168K->1408K(55808K)] 407276K->353516K(688128K), 0.0035610 secs] [Times: user=0.02 sys=0.00, real=0.00 secs] 
2504.652: [GC (Allocation Failure) [PSYoungGen: 55168K->1408K(55808K)] 407276K->353524K(688128K), 0.0034684 secs] [Times: user=0.01 sys=0.00, real=0.00 secs] 
2505.208: [GC (Allocation Failure) [PSYoungGen: 55168K->1392K(55808K)] 407284K->353508K(688128K), 0.0031834 secs] [Times: user=0.01 sys=0.00, real=0.01 secs] 
2506.417: [GC (Allocation Failure) [PSYoungGen: 55152K->1920K(55808K)] 407268K->354036K(688128K), 0.0020715 secs] [Times: user=0.01 sys=0.00, real=0.01 secs] 
2507.091: [GC (Allocation Failure) [PSYoungGen: 55680K->1376K(55808K)] 407796K->353492K(688128K), 0.0022138 secs] [Times: user=0.01 sys=0.00, real=0.00 secs] 
2507.693: [GC (Allocation Failure) [PSYoungGen: 55136K->1408K(55808K)] 407252K->353524K(688128K), 0.0028395 secs] [Times: user=0.01 sys=0.00, real=0.00 secs] 
2508.275: [GC (Allocation Failure) [PSYoungGen: 55168K->1344K(55808K)] 407284K->353460K(688128K), 0.0031469 secs] [Times: user=0.01 sys=0.01, real=0.00 secs] 
2508.836: [GC (Allocation Failure) [PSYoungGen: 55104K->1376K(55808K)] 407220K->353492K(688128K), 0.0033433 secs] [Times: user=0.01 sys=0.00, real=0.01 secs] 
2509.394: [GC (Allocation Failure) [PSYoungGen: 55136K->1376K(55808K)] 407252K->353492K(688128K), 0.0027823 secs] [Times: user=0.01 sys=0.00, real=0.00 secs] 
2510.366: [GC (Allocation Failure) [PSYoungGen: 55136K->1376K(55808K)] 407252K->353492K(688128K), 0.0018134 secs] [Times: user=0.01 sys=0.00, real=0.00 secs] 
2510.589: [GC (Allocation Failure) [PSYoungGen: 55136K->1376K(55808K)] 407252K->353492K(688128K), 0.0015951 secs] [Times: user=0.01 sys=0.00, real=0.00 secs] 
2510.812: [GC (Allocation Failure) [PSYoungGen: 55136K->1376K(55808K)] 407252K->353492K(688128K), 0.0016844 secs] [Times: user=0.01 sys=0.00, real=0.00 secs] 
2511.035: [GC (Allocation Failure) [PSYoungGen: 55136K->1344K(55808K)] 407252K->353460K(688128K), 0.0017340 secs] [Times: user=0.01 sys=0.00, real=0.00 secs] 
2511.259: [GC (Allocation Failure) [PSYoungGen: 55104K->1376K(55808K)] 407220K->353492K(688128K), 0.0016832 secs] [Times: user=0.00 sys=0.00, real=0.00 secs] 
2512.926: [GC (Allocation Failure) [PSYoungGen: 55136K->1408K(55808K)] 407252K->353540K(688128K), 0.0032845 secs] [Times: user=0.01 sys=0.00, real=0.01 secs] 
2513.440: [GC (Allocation Failure) [PSYoungGen: 55168K->1408K(55808K)] 407300K->353540K(688128K), 0.0027100 secs] [Times: user=0.01 sys=0.00, real=0.00 secs] 
2513.914: [GC (Allocation Failure) [PSYoungGen: 55168K->1376K(55808K)] 407300K->353508K(688128K), 0.0027657 secs] [Times: user=0.01 sys=0.00, real=0.00 secs] 
2514.372: [GC (Allocation Failure) [PSYoungGen: 55136K->1408K(55296K)] 407268K->353540K(687616K), 0.0024345 secs] [Times: user=0.01 sys=0.00, real=0.00 secs] 
2514.844: [GC (Allocation Failure) [PSYoungGen: 55168K->1376K(55296K)] 407300K->353508K(687616K), 0.0023182 secs] [Times: user=0.01 sys=0.00, real=0.00 secs] 
2516.422: [GC (Allocation Failure) [PSYoungGen: 55136K->320K(54784K)] 407268K->353476K(687104K), 0.0036740 secs] [Times: user=0.01 sys=0.00, real=0.00 secs] 
2516.918: [GC (Allocation Failure) [PSYoungGen: 54080K->320K(55808K)] 407236K->353476K(688128K), 0.0041662 secs] [Times: user=0.01 sys=0.00, real=0.01 secs] 
2517.466: [GC (Allocation Failure) [PSYoungGen: 54080K->352K(55808K)] 407236K->353508K(688128K), 0.0038966 secs] [Times: user=0.02 sys=0.00, real=0.01 secs] 
2517.977: [GC (Allocation Failure) [PSYoungGen: 54112K->384K(55808K)] 407268K->353540K(688128K), 0.0034831 secs] [Times: user=0.01 sys=0.00, real=0.01 secs] 
2518.443: [GC (Allocation Failure) [PSYoungGen: 54144K->384K(55808K)] 407300K->353540K(688128K), 0.0022812 secs] [Times: user=0.01 sys=0.00, real=0.00 secs] 
2519.726: [GC (Allocation Failure) [PSYoungGen: 54144K->1952K(55808K)] 407300K->355116K(688128K), 0.0021814 secs] [Times: user=0.01 sys=0.00, real=0.00 secs] 
2520.650: [GC (Allocation Failure) [PSYoungGen: 55712K->1408K(56320K)] 408876K->354572K(688640K), 0.0024530 secs] [Times: user=0.01 sys=0.00, real=0.00 secs] 
2521.371: [GC (Allocation Failure) [PSYoungGen: 55168K->1408K(56320K)] 408332K->354572K(688640K), 0.0023435 secs] [Times: user=0.01 sys=0.00, real=0.00 secs] 
2522.024: [GC (Allocation Failure) [PSYoungGen: 55168K->1408K(56320K)] 408332K->354572K(688640K), 0.0028316 secs] [Times: user=0.01 sys=0.00, real=0.00 secs] 
2522.404: [GC (Allocation Failure) [PSYoungGen: 55168K->1344K(56320K)] 408332K->354508K(688640K), 0.0022991 secs] [Times: user=0.01 sys=0.00, real=0.00 secs] 
2523.013: [GC (Allocation Failure) [PSYoungGen: 55104K->1408K(56320K)] 408268K->354572K(688640K), 0.0026698 secs] [Times: user=0.01 sys=0.00, real=0.00 secs] 
2524.611: [GC (Allocation Failure) [PSYoungGen: 55168K->1440K(56320K)] 408332K->354612K(688640K), 0.0020657 secs] [Times: user=0.01 sys=0.00, real=0.00 secs] 
2525.607: [GC (Allocation Failure) [PSYoungGen: 55200K->1376K(56320K)] 408372K->354548K(688640K), 0.0032758 secs] [Times: user=0.01 sys=0.01, real=0.01 secs] 
2526.450: [GC (Allocation Failure) [PSYoungGen: 55136K->1408K(56320K)] 408308K->354580K(688640K), 0.0040745 secs] [Times: user=0.01 sys=0.00, real=0.00 secs] 
2527.003: [GC (Allocation Failure) [PSYoungGen: 55168K->1408K(56320K)] 408340K->354580K(688640K), 0.0032620 secs] [Times: user=0.01 sys=0.00, real=0.00 secs] 
2527.484: [GC (Allocation Failure) [PSYoungGen: 55168K->1376K(55296K)] 408340K->354548K(687616K), 0.0032951 secs] [Times: user=0.01 sys=0.00, real=0.00 secs] 
2528.963: [GC (Allocation Failure) [PSYoungGen: 55136K->1440K(55808K)] 408308K->354612K(688128K), 0.0040705 secs] [Times: user=0.02 sys=0.00, real=0.00 secs] 
2529.619: [GC (Allocation Failure) [PSYoungGen: 55200K->1376K(55808K)] 408372K->354548K(688128K), 0.0041057 secs] [Times: user=0.02 sys=0.00, real=0.00 secs] 
2530.203: [GC (Allocation Failure) [PSYoungGen: 55136K->1376K(55808K)] 408308K->354548K(688128K), 0.0032772 secs] [Times: user=0.01 sys=0.00, real=0.00 secs] 
2530.535: [GC (Allocation Failure) [PSYoungGen: 55136K->1392K(55808K)] 408308K->354564K(688128K), 0.0021725 secs] [Times: user=0.01 sys=0.00, real=0.00 secs] 
2530.798: [GC (Allocation Failure) [PSYoungGen: 55152K->1408K(55808K)] 408324K->354588K(688128K), 0.0019713 secs] [Times: user=0.01 sys=0.00, real=0.01 secs] 
2531.701: [GC (Allocation Failure) [PSYoungGen: 55168K->1440K(55808K)] 408348K->354620K(688128K), 0.0017422 secs] [Times: user=0.00 sys=0.00, real=0.00 secs] 
2531.961: [GC (Allocation Failure) [PSYoungGen: 55200K->1408K(55808K)] 408380K->354588K(688128K), 0.0018054 secs] [Times: user=0.01 sys=0.00, real=0.00 secs] 
2532.184: [GC (Allocation Failure) [PSYoungGen: 55168K->1344K(55808K)] 408348K->354532K(688128K), 0.0019557 secs] [Times: user=0.00 sys=0.00, real=0.00 secs] 
2532.407: [GC (Allocation Failure) [PSYoungGen: 55104K->1360K(55808K)] 408292K->354548K(688128K), 0.0018363 secs] [Times: user=0.01 sys=0.00, real=0.01 secs] 
2532.632: [GC (Allocation Failure) [PSYoungGen: 55120K->1408K(55808K)] 408308K->354596K(688128K), 0.0018821 secs] [Times: user=0.01 sys=0.00, real=0.00 secs] 
2533.726: [GC (Allocation Failure) [PSYoungGen: 55168K->1920K(55808K)] 408356K->355124K(688128K), 0.0018827 secs] [Times: user=0.01 sys=0.00, real=0.00 secs] 
2533.955: [GC (Allocation Failure) [PSYoungGen: 55680K->1344K(55808K)] 408884K->354548K(688128K), 0.0028213 secs] [Times: user=0.01 sys=0.00, real=0.00 secs] 
2534.335: [GC (Allocation Failure) [PSYoungGen: 55104K->1408K(55808K)] 408308K->354612K(688128K), 0.0019353 secs] [Times: user=0.00 sys=0.00, real=0.00 secs] 
2534.909: [GC (Allocation Failure) [PSYoungGen: 55168K->1344K(55808K)] 408372K->354548K(688128K), 0.0068402 secs] [Times: user=0.03 sys=0.00, real=0.00 secs] 
2535.557: [GC (Allocation Failure) [PSYoungGen: 55104K->1408K(55808K)] 408308K->354612K(688128K), 0.0038958 secs] [Times: user=0.02 sys=0.00, real=0.01 secs] 
2536.180: [GC (Allocation Failure) [PSYoungGen: 55168K->1408K(55808K)] 408372K->354612K(688128K), 0.0040100 secs] [Times: user=0.02 sys=0.00, real=0.00 secs] 
2537.654: [GC (Allocation Failure) [PSYoungGen: 55168K->1440K(55808K)] 408372K->354644K(688128K), 0.0018455 secs] [Times: user=0.01 sys=0.00, real=0.00 secs] 
2538.331: [GC (Allocation Failure) [PSYoungGen: 55200K->1408K(55808K)] 408404K->354612K(688128K), 0.0053329 secs] [Times: user=0.02 sys=0.00, real=0.00 secs] 
2538.755: [GC (Allocation Failure) [PSYoungGen: 55168K->1408K(55808K)] 408372K->354612K(688128K), 0.0035164 secs] [Times: user=0.01 sys=0.00, real=0.01 secs] 
2539.228: [GC (Allocation Failure) [PSYoungGen: 55168K->1376K(55808K)] 408372K->354580K(688128K), 0.0032623 secs] [Times: user=0.02 sys=0.00, real=0.01 secs] 
2539.791: [GC (Allocation Failure) [PSYoungGen: 55136K->1408K(55808K)] 408340K->354612K(688128K), 0.0029446 secs] [Times: user=0.01 sys=0.00, real=0.00 secs] 
2541.327: [GC (Allocation Failure) [PSYoungGen: 55168K->1408K(55808K)] 408372K->354612K(688128K), 0.0019844 secs] [Times: user=0.01 sys=0.00, real=0.01 secs] 
2542.016: [GC (Allocation Failure) [PSYoungGen: 55168K->1408K(55808K)] 408372K->354612K(688128K), 0.0027393 secs] [Times: user=0.02 sys=0.00, real=0.01 secs] 
2542.575: [GC (Allocation Failure) [PSYoungGen: 55168K->1376K(55808K)] 408372K->354580K(688128K), 0.0028104 secs] [Times: user=0.02 sys=0.00, real=0.00 secs] 
2542.902: [GC (Allocation Failure) [PSYoungGen: 55136K->1376K(55808K)] 408340K->354580K(688128K), 0.0022302 secs] [Times: user=0.01 sys=0.00, real=0.00 secs] 
2543.125: [GC (Allocation Failure) [PSYoungGen: 55136K->1376K(55808K)] 408340K->354596K(688128K), 0.0019784 secs] [Times: user=0.01 sys=0.00, real=0.00 secs] 
2544.065: [GC (Allocation Failure) [PSYoungGen: 55136K->1424K(55296K)] 408356K->354644K(687616K), 0.0017874 secs] [Times: user=0.01 sys=0.00, real=0.00 secs] 
2544.288: [GC (Allocation Failure) [PSYoungGen: 55184K->1312K(55296K)] 408404K->354532K(687616K), 0.0017595 secs] [Times: user=0.01 sys=0.00, real=0.01 secs] 
2544.511: [GC (Allocation Failure) [PSYoungGen: 55072K->352K(54784K)] 408292K->354596K(687104K), 0.0017862 secs] [Times: user=0.00 sys=0.00, real=0.00 secs] 
2544.843: [GC (Allocation Failure) [PSYoungGen: 54112K->352K(55808K)] 408356K->354596K(688128K), 0.0023591 secs] [Times: user=0.01 sys=0.01, real=0.00 secs] 
2545.153: [GC (Allocation Failure) [PSYoungGen: 54112K->384K(55808K)] 408356K->354628K(688128K), 0.0023591 secs] [Times: user=0.01 sys=0.00, real=0.00 secs] 
2546.287: [GC (Allocation Failure) [PSYoungGen: 54144K->1920K(55808K)] 408388K->356164K(688128K), 0.0017771 secs] [Times: user=0.01 sys=0.00, real=0.01 secs] 
2546.511: [GC (Allocation Failure) [PSYoungGen: 55680K->1408K(56320K)] 409924K->355652K(688640K), 0.0017238 secs] [Times: user=0.01 sys=0.00, real=0.00 secs] 
2546.819: [GC (Allocation Failure) [PSYoungGen: 55168K->1392K(56320K)] 409412K->355636K(688640K), 0.0019776 secs] [Times: user=0.01 sys=0.00, real=0.00 secs] 
2547.285: [GC (Allocation Failure) [PSYoungGen: 55152K->1344K(55296K)] 409396K->355588K(687616K), 0.0049322 secs] [Times: user=0.03 sys=0.00, real=0.01 secs] 
2547.743: [GC (Allocation Failure) [PSYoungGen: 55104K->1408K(55808K)] 409348K->355652K(688128K), 0.0027265 secs] [Times: user=0.01 sys=0.00, real=0.00 secs] 
2548.192: [GC (Allocation Failure) [PSYoungGen: 55168K->1408K(55808K)] 409412K->355652K(688128K), 0.0028467 secs] [Times: user=0.01 sys=0.00, real=0.00 secs] 
2549.166: [GC (Allocation Failure) [PSYoungGen: 55168K->1440K(55808K)] 409412K->355684K(688128K), 0.0018186 secs] [Times: user=0.01 sys=0.00, real=0.00 secs] 
2549.438: [GC (Allocation Failure) [PSYoungGen: 55200K->1376K(55808K)] 409444K->355620K(688128K), 0.0018185 secs] [Times: user=0.01 sys=0.00, real=0.01 secs] 
2549.862: [GC (Allocation Failure) [PSYoungGen: 55136K->1408K(55808K)] 409380K->355652K(688128K), 0.0022027 secs] [Times: user=0.01 sys=0.00, real=0.00 secs] 
2550.262: [GC (Allocation Failure) [PSYoungGen: 55168K->1344K(55808K)] 409412K->355588K(688128K), 0.0026202 secs] [Times: user=0.01 sys=0.00, real=0.00 secs] 
2550.740: [GC (Allocation Failure) [PSYoungGen: 55104K->1408K(55808K)] 409348K->355668K(688128K), 0.0024109 secs] [Times: user=0.01 sys=0.00, real=0.00 secs] 
2551.850: [GC (Allocation Failure) [PSYoungGen: 55168K->1376K(55808K)] 409428K->355636K(688128K), 0.0018226 secs] [Times: user=0.01 sys=0.00, real=0.00 secs] 
2552.106: [GC (Allocation Failure) [PSYoungGen: 55136K->1440K(55808K)] 409396K->355700K(688128K), 0.0017984 secs] [Times: user=0.01 sys=0.00, real=0.00 secs] 
2552.492: [GC (Allocation Failure) [PSYoungGen: 55200K->1376K(55808K)] 409460K->355636K(688128K), 0.0017996 secs] [Times: user=0.00 sys=0.00, real=0.00 secs] 
2552.920: [GC (Allocation Failure) [PSYoungGen: 55136K->1376K(55808K)] 409396K->355636K(688128K), 0.0019845 secs] [Times: user=0.01 sys=0.00, real=0.00 secs] 
2553.369: [GC (Allocation Failure) [PSYoungGen: 55136K->1376K(55808K)] 409396K->355636K(688128K), 0.0021065 secs] [Times: user=0.01 sys=0.00, real=0.00 secs] 
2554.709: [GC (Allocation Failure) [PSYoungGen: 55136K->1440K(55808K)] 409396K->355700K(688128K), 0.0019121 secs] [Times: user=0.01 sys=0.00, real=0.00 secs] 
2555.833: [GC (Allocation Failure) [PSYoungGen: 55200K->1376K(55808K)] 409460K->355636K(688128K), 0.0053043 secs] [Times: user=0.02 sys=0.00, real=0.01 secs] 
2556.783: [GC (Allocation Failure) [PSYoungGen: 55136K->1408K(55808K)] 409396K->355668K(688128K), 0.0040400 secs] [Times: user=0.02 sys=0.00, real=0.00 secs] 
2557.129: [GC (Allocation Failure) [PSYoungGen: 55168K->1408K(55808K)] 409428K->355668K(688128K), 0.0020478 secs] [Times: user=0.01 sys=0.00, real=0.00 secs] 
2557.357: [GC (Allocation Failure) [PSYoungGen: 55168K->1408K(55808K)] 409428K->355668K(688128K), 0.0018812 secs] [Times: user=0.00 sys=0.00, real=0.01 secs] 
2558.398: [GC (Allocation Failure) [PSYoungGen: 55168K->1920K(55808K)] 409428K->356692K(688128K), 0.0022218 secs] [Times: user=0.01 sys=0.00, real=0.01 secs] 
2560.038: [GC (Allocation Failure) [PSYoungGen: 55680K->1408K(55808K)] 410452K->356180K(688128K), 0.0049274 secs] [Times: user=0.02 sys=0.00, real=0.01 secs] 
2560.974: [GC (Allocation Failure) [PSYoungGen: 55168K->1376K(55808K)] 409940K->356148K(688128K), 0.0042388 secs] [Times: user=0.01 sys=0.00, real=0.00 secs] 
2561.637: [GC (Allocation Failure) [PSYoungGen: 55136K->1408K(55808K)] 409908K->356180K(688128K), 0.0032589 secs] [Times: user=0.02 sys=0.00, real=0.01 secs] 
2561.933: [GC (Allocation Failure) [PSYoungGen: 55168K->1408K(55808K)] 409940K->356180K(688128K), 0.0019579 secs] [Times: user=0.01 sys=0.00, real=0.00 secs] 
2562.156: [GC (Allocation Failure) [PSYoungGen: 55168K->1376K(55808K)] 409940K->356148K(688128K), 0.0020064 secs] [Times: user=0.01 sys=0.00, real=0.00 secs] 
2563.287: [GC (Allocation Failure) [PSYoungGen: 55136K->1440K(55808K)] 409908K->356212K(688128K), 0.0020252 secs] [Times: user=0.01 sys=0.00, real=0.01 secs] 
2563.716: [GC (Allocation Failure) [PSYoungGen: 55200K->1376K(55808K)] 409972K->356156K(688128K), 0.0019762 secs] [Times: user=0.01 sys=0.00, real=0.00 secs] 
2564.144: [GC (Allocation Failure) [PSYoungGen: 55136K->1376K(55808K)] 409916K->356156K(688128K), 0.0019362 secs] [Times: user=0.00 sys=0.00, real=0.00 secs] 
2564.647: [GC (Allocation Failure) [PSYoungGen: 55136K->1408K(55808K)] 409916K->356196K(688128K), 0.0021800 secs] [Times: user=0.01 sys=0.00, real=0.01 secs] 
2565.175: [GC (Allocation Failure) [PSYoungGen: 55168K->1344K(55808K)] 409956K->356132K(688128K), 0.0024204 secs] [Times: user=0.01 sys=0.00, real=0.00 secs] 
2566.323: [GC (Allocation Failure) [PSYoungGen: 55104K->1376K(55808K)] 409892K->356164K(688128K), 0.0018600 secs] [Times: user=0.01 sys=0.00, real=0.00 secs] 
2566.778: [GC (Allocation Failure) [PSYoungGen: 55136K->1408K(55808K)] 409924K->356196K(688128K), 0.0020499 secs] [Times: user=0.01 sys=0.00, real=0.01 secs] 
2567.203: [GC (Allocation Failure) [PSYoungGen: 55168K->1408K(55808K)] 409956K->356196K(688128K), 0.0020856 secs] [Times: user=0.00 sys=0.00, real=0.00 secs] 
2567.677: [GC (Allocation Failure) [PSYoungGen: 55168K->1376K(55808K)] 409956K->356164K(688128K), 0.0020599 secs] [Times: user=0.01 sys=0.00, real=0.01 secs] 
2567.984: [GC (Allocation Failure) [PSYoungGen: 55136K->1408K(55296K)] 409924K->356196K(687616K), 0.0022805 secs] [Times: user=0.01 sys=0.00, real=0.00 secs] 
2569.195: [GC (Allocation Failure) [PSYoungGen: 55168K->1408K(55296K)] 409956K->356196K(687616K), 0.0021826 secs] [Times: user=0.01 sys=0.00, real=0.00 secs] 
2569.966: [GC (Allocation Failure) [PSYoungGen: 55168K->1344K(55296K)] 409956K->356132K(687616K), 0.0025862 secs] [Times: user=0.01 sys=0.00, real=0.00 secs] 
2570.601: [GC (Allocation Failure) [PSYoungGen: 55104K->1408K(55296K)] 409892K->356196K(687616K), 0.0026947 secs] [Times: user=0.01 sys=0.00, real=0.00 secs] 
2571.350: [GC (Allocation Failure) [PSYoungGen: 55168K->1408K(55296K)] 409956K->356196K(687616K), 0.0033895 secs] [Times: user=0.01 sys=0.00, real=0.00 secs] 
2572.066: [GC (Allocation Failure) [PSYoungGen: 55168K->1408K(55296K)] 409956K->356196K(687616K), 0.0032272 secs] [Times: user=0.01 sys=0.00, real=0.01 secs] 
2573.570: [GC (Allocation Failure) [PSYoungGen: 55168K->1408K(55296K)] 409956K->356708K(687616K), 0.0018790 secs] [Times: user=0.00 sys=0.00, real=0.00 secs] 
2573.911: [GC (Allocation Failure) [PSYoungGen: 55168K->1408K(55296K)] 410468K->356716K(687616K), 0.0018573 secs] [Times: user=0.01 sys=0.00, real=0.00 secs] 
2574.242: [GC (Allocation Failure) [PSYoungGen: 55168K->1376K(55296K)] 410476K->356684K(687616K), 0.0021020 secs] [Times: user=0.01 sys=0.00, real=0.00 secs] 
2574.466: [GC (Allocation Failure) [PSYoungGen: 55136K->1328K(55296K)] 410444K->356636K(687616K), 0.0019644 secs] [Times: user=0.01 sys=0.00, real=0.00 secs] 
2574.691: [GC (Allocation Failure) [PSYoungGen: 55088K->1376K(55296K)] 410396K->356684K(687616K), 0.0019883 secs] [Times: user=0.01 sys=0.00, real=0.00 secs] 
2574.931: [GC (Allocation Failure) [PSYoungGen: 55136K->1408K(55296K)] 410444K->356716K(687616K), 0.0019214 secs] [Times: user=0.01 sys=0.00, real=0.00 secs] 
2575.999: [GC (Allocation Failure) [PSYoungGen: 55168K->1376K(55296K)] 410476K->356684K(687616K), 0.0044365 secs] [Times: user=0.01 sys=0.00, real=0.00 secs] 
2576.474: [GC (Allocation Failure) [PSYoungGen: 55136K->1408K(55296K)] 410444K->356716K(687616K), 0.0041572 secs] [Times: user=0.02 sys=0.00, real=0.00 secs] 
2576.939: [GC (Allocation Failure) [PSYoungGen: 55168K->1408K(55296K)] 410476K->356716K(687616K), 0.0032344 secs] [Times: user=0.01 sys=0.00, real=0.00 secs] 
2577.429: [GC (Allocation Failure) [PSYoungGen: 55168K->1376K(55296K)] 410476K->356684K(687616K), 0.0026087 secs] [Times: user=0.01 sys=0.00, real=0.00 secs] 
2577.870: [GC (Allocation Failure) [PSYoungGen: 55136K->1344K(55296K)] 410444K->356652K(687616K), 0.0028251 secs] [Times: user=0.01 sys=0.00, real=0.00 secs] 
2579.088: [GC (Allocation Failure) [PSYoungGen: 55104K->1440K(55296K)] 410412K->356748K(687616K), 0.0017300 secs] [Times: user=0.01 sys=0.00, real=0.01 secs] 
2579.544: [GC (Allocation Failure) [PSYoungGen: 55200K->1312K(55296K)] 410508K->356620K(687616K), 0.0022298 secs] [Times: user=0.01 sys=0.00, real=0.00 secs] 
2580.035: [GC (Allocation Failure) [PSYoungGen: 55072K->1408K(55296K)] 410380K->356716K(687616K), 0.0021716 secs] [Times: user=0.01 sys=0.00, real=0.00 secs] 
2580.509: [GC (Allocation Failure) [PSYoungGen: 55168K->1408K(55296K)] 410476K->356716K(687616K), 0.0040277 secs] [Times: user=0.02 sys=0.00, real=0.00 secs] 
2580.732: [GC (Allocation Failure) [PSYoungGen: 55168K->1344K(55296K)] 410476K->356668K(687616K), 0.0025771 secs] [Times: user=0.01 sys=0.00, real=0.00 secs] 
2581.902: [GC (Allocation Failure) [PSYoungGen: 55104K->1408K(55296K)] 410428K->356732K(687616K), 0.0017655 secs] [Times: user=0.01 sys=0.00, real=0.00 secs] 
2582.407: [GC (Allocation Failure) [PSYoungGen: 55168K->1408K(55296K)] 410492K->356732K(687616K), 0.0034736 secs] [Times: user=0.02 sys=0.00, real=0.01 secs] 
2582.910: [GC (Allocation Failure) [PSYoungGen: 55168K->1376K(55296K)] 410492K->356700K(687616K), 0.0030871 secs] [Times: user=0.01 sys=0.00, real=0.00 secs] 
2583.152: [GC (Allocation Failure) [PSYoungGen: 55136K->1408K(55296K)] 410460K->356732K(687616K), 0.0020503 secs] [Times: user=0.01 sys=0.00, real=0.00 secs] 
2583.377: [GC (Allocation Failure) [PSYoungGen: 55168K->1408K(55296K)] 410492K->356732K(687616K), 0.0019059 secs] [Times: user=0.01 sys=0.00, real=0.01 secs] 
2584.351: [GC (Allocation Failure) [PSYoungGen: 55168K->1520K(54784K)] 410492K->356932K(687104K), 0.0019430 secs] [Times: user=0.01 sys=0.00, real=0.00 secs] 
2585.502: [GC (Allocation Failure) [PSYoungGen: 54768K->1312K(55296K)] 410180K->356724K(687616K), 0.0029570 secs] [Times: user=0.01 sys=0.00, real=0.00 secs] 
2586.356: [GC (Allocation Failure) [PSYoungGen: 54560K->1280K(55296K)] 409972K->356692K(687616K), 0.0036923 secs] [Times: user=0.01 sys=0.00, real=0.01 secs] 
2586.747: [GC (Allocation Failure) [PSYoungGen: 54528K->1280K(55296K)] 409940K->356692K(687616K), 0.0022621 secs] [Times: user=0.01 sys=0.00, real=0.01 secs] 
2586.995: [GC (Allocation Failure) [PSYoungGen: 54528K->1312K(55296K)] 409940K->356724K(687616K), 0.0019879 secs] [Times: user=0.00 sys=0.00, real=0.00 secs] 
2587.254: [GC (Allocation Failure) [PSYoungGen: 54560K->1280K(55296K)] 409972K->356692K(687616K), 0.0022671 secs] [Times: user=0.01 sys=0.00, real=0.00 secs] 
2588.593: [GC (Allocation Failure) [PSYoungGen: 54528K->1504K(55296K)] 409940K->356916K(687616K), 0.0019461 secs] [Times: user=0.01 sys=0.00, real=0.00 secs] 
2589.279: [GC (Allocation Failure) [PSYoungGen: 54752K->1408K(55296K)] 410164K->356820K(687616K), 0.0022102 secs] [Times: user=0.01 sys=0.00, real=0.00 secs] 
2589.784: [GC (Allocation Failure) [PSYoungGen: 54656K->1472K(55296K)] 410068K->356884K(687616K), 0.0020933 secs] [Times: user=0.01 sys=0.00, real=0.00 secs] 
2590.300: [GC (Allocation Failure) [PSYoungGen: 54720K->1472K(55296K)] 410132K->356884K(687616K), 0.0021600 secs] [Times: user=0.01 sys=0.00, real=0.00 secs] 
2590.888: [GC (Allocation Failure) [PSYoungGen: 54720K->1408K(55296K)] 410132K->356836K(687616K), 0.0021692 secs] [Times: user=0.01 sys=0.00, real=0.01 secs] 
2592.548: [GC (Allocation Failure) [PSYoungGen: 54656K->1472K(55296K)] 410084K->356900K(687616K), 0.0052236 secs] [Times: user=0.02 sys=0.00, real=0.01 secs] 
2594.099: [GC (Allocation Failure) [PSYoungGen: 54720K->1440K(55296K)] 410148K->356868K(687616K), 0.0054098 secs] [Times: user=0.03 sys=0.00, real=0.00 secs] 
2595.390: [GC (Allocation Failure) [PSYoungGen: 54688K->1440K(55296K)] 410116K->356868K(687616K), 0.0054542 secs] [Times: user=0.02 sys=0.00, real=0.00 secs] 
2596.573: [GC (Allocation Failure) [PSYoungGen: 54688K->1440K(55296K)] 410116K->356876K(687616K), 0.0032919 secs] [Times: user=0.01 sys=0.00, real=0.00 secs] 
2597.241: [GC (Allocation Failure) [PSYoungGen: 54688K->1376K(55296K)] 410124K->356852K(687616K), 0.0042231 secs] [Times: user=0.01 sys=0.00, real=0.00 secs] 
2598.554: [GC (Allocation Failure) [PSYoungGen: 54624K->1920K(55296K)] 410100K->357396K(687616K), 0.0018559 secs] [Times: user=0.01 sys=0.00, real=0.00 secs] 
2599.059: [GC (Allocation Failure) [PSYoungGen: 55168K->1408K(55296K)] 410644K->356884K(687616K), 0.0018851 secs] [Times: user=0.01 sys=0.00, real=0.00 secs] 
2599.579: [GC (Allocation Failure) [PSYoungGen: 54656K->1312K(55296K)] 410132K->356788K(687616K), 0.0021982 secs] [Times: user=0.01 sys=0.00, real=0.00 secs] 
2600.079: [GC (Allocation Failure) [PSYoungGen: 54560K->1376K(55296K)] 410036K->356852K(687616K), 0.0022248 secs] [Times: user=0.01 sys=0.00, real=0.00 secs] 
2600.574: [GC (Allocation Failure) [PSYoungGen: 54624K->1408K(55296K)] 410100K->356884K(687616K), 0.0028420 secs] [Times: user=0.01 sys=0.00, real=0.00 secs] 
2600.819: [GC (Allocation Failure) [PSYoungGen: 54656K->1376K(55296K)] 410132K->356860K(687616K), 0.0022769 secs] [Times: user=0.01 sys=0.00, real=0.00 secs] 
2601.896: [GC (Allocation Failure) [PSYoungGen: 54624K->1440K(55296K)] 410108K->356924K(687616K), 0.0017414 secs] [Times: user=0.01 sys=0.00, real=0.00 secs] 
2602.302: [GC (Allocation Failure) [PSYoungGen: 54688K->1408K(55296K)] 410172K->356892K(687616K), 0.0018397 secs] [Times: user=0.01 sys=0.00, real=0.00 secs] 
2602.744: [GC (Allocation Failure) [PSYoungGen: 54656K->1344K(55296K)] 410140K->356828K(687616K), 0.0027497 secs] [Times: user=0.01 sys=0.00, real=0.00 secs] 
2603.008: [GC (Allocation Failure) [PSYoungGen: 54592K->1376K(55296K)] 410076K->356860K(687616K), 0.0020410 secs] [Times: user=0.01 sys=0.00, real=0.01 secs] 
2603.230: [GC (Allocation Failure) [PSYoungGen: 54624K->1440K(55296K)] 410108K->356932K(687616K), 0.0025335 secs] [Times: user=0.01 sys=0.00, real=0.00 secs] 
2604.129: [GC (Allocation Failure) [PSYoungGen: 54688K->1440K(55296K)] 410180K->356948K(687616K), 0.0015753 secs] [Times: user=0.01 sys=0.00, real=0.00 secs] 
2604.458: [GC (Allocation Failure) [PSYoungGen: 54688K->1376K(55296K)] 410196K->356884K(687616K), 0.0017628 secs] [Times: user=0.01 sys=0.00, real=0.01 secs] 
2604.800: [GC (Allocation Failure) [PSYoungGen: 54624K->1408K(55296K)] 410132K->356916K(687616K), 0.0034112 secs] [Times: user=0.01 sys=0.00, real=0.00 secs] 
2605.135: [GC (Allocation Failure) [PSYoungGen: 54656K->1408K(55296K)] 410164K->356916K(687616K), 0.0032213 secs] [Times: user=0.01 sys=0.00, real=0.00 secs] 
2605.475: [GC (Allocation Failure) [PSYoungGen: 54656K->1376K(55296K)] 410164K->356884K(687616K), 0.0026366 secs] [Times: user=0.01 sys=0.00, real=0.00 secs] 
2606.646: [GC (Allocation Failure) [PSYoungGen: 54624K->1376K(54784K)] 410132K->356884K(687104K), 0.0021626 secs] [Times: user=0.01 sys=0.00, real=0.00 secs] 
2607.018: [GC (Allocation Failure) [PSYoungGen: 54624K->1344K(54784K)] 410132K->356852K(687104K), 0.0020888 secs] [Times: user=0.00 sys=0.00, real=0.01 secs] 
2607.264: [GC (Allocation Failure) [PSYoungGen: 54592K->320K(54272K)] 410100K->356852K(686592K), 0.0020652 secs] [Times: user=0.00 sys=0.00, real=0.00 secs] 
2607.571: [GC (Allocation Failure) [PSYoungGen: 53568K->384K(55296K)] 410100K->356916K(687616K), 0.0020849 secs] [Times: user=0.01 sys=0.00, real=0.00 secs] 
2607.987: [GC (Allocation Failure) [PSYoungGen: 53632K->384K(55296K)] 410164K->356916K(687616K), 0.0017896 secs] [Times: user=0.01 sys=0.00, real=0.01 secs] 
2608.409: [GC (Allocation Failure) [PSYoungGen: 53632K->384K(55296K)] 410164K->356924K(687616K), 0.0019843 secs] [Times: user=0.01 sys=0.00, real=0.00 secs] 
2609.369: [GC (Allocation Failure) [PSYoungGen: 53632K->1424K(55296K)] 410172K->357964K(687616K), 0.0018596 secs] [Times: user=0.01 sys=0.00, real=0.00 secs] 
2609.590: [GC (Allocation Failure) [PSYoungGen: 54672K->1408K(55296K)] 411212K->357948K(687616K), 0.0017523 secs] [Times: user=0.01 sys=0.00, real=0.00 secs] 
2609.812: [GC (Allocation Failure) [PSYoungGen: 54656K->1408K(55296K)] 411196K->357948K(687616K), 0.0017707 secs] [Times: user=0.01 sys=0.00, real=0.00 secs] 
2610.033: [GC (Allocation Failure) [PSYoungGen: 54656K->1440K(55296K)] 411196K->357980K(687616K), 0.0017966 secs] [Times: user=0.00 sys=0.00, real=0.00 secs] 
2610.255: [GC (Allocation Failure) [PSYoungGen: 54688K->1408K(55808K)] 411228K->357964K(688128K), 0.0018176 secs] [Times: user=0.01 sys=0.00, real=0.00 secs] 
2611.176: [GC (Allocation Failure) [PSYoungGen: 54656K->1408K(54784K)] 411212K->357964K(687104K), 0.0018310 secs] [Times: user=0.00 sys=0.00, real=0.00 secs] 
2611.398: [GC (Allocation Failure) [PSYoungGen: 54656K->1440K(55296K)] 411212K->357996K(687616K), 0.0016689 secs] [Times: user=0.00 sys=0.00, real=0.01 secs] 
2611.619: [GC (Allocation Failure) [PSYoungGen: 54688K->1376K(55296K)] 411244K->357932K(687616K), 0.0022090 secs] [Times: user=0.01 sys=0.00, real=0.00 secs] 
2611.841: [GC (Allocation Failure) [PSYoungGen: 54624K->1408K(55296K)] 411180K->357964K(687616K), 0.0022857 secs] [Times: user=0.01 sys=0.00, real=0.00 secs] 
2612.067: [GC (Allocation Failure) [PSYoungGen: 54656K->1344K(55296K)] 411212K->357900K(687616K), 0.0027939 secs] [Times: user=0.01 sys=0.00, real=0.01 secs] 
2613.375: [GC (Allocation Failure) [PSYoungGen: 54592K->1440K(55296K)] 411148K->357996K(687616K), 0.0039692 secs] [Times: user=0.01 sys=0.00, real=0.01 secs] 
2613.855: [GC (Allocation Failure) [PSYoungGen: 54688K->1376K(55296K)] 411244K->357932K(687616K), 0.0028627 secs] [Times: user=0.01 sys=0.00, real=0.00 secs] 
2614.381: [GC (Allocation Failure) [PSYoungGen: 54624K->1408K(55296K)] 411180K->357964K(687616K), 0.0027182 secs] [Times: user=0.01 sys=0.00, real=0.00 secs] 
2614.939: [GC (Allocation Failure) [PSYoungGen: 54656K->1408K(55296K)] 411212K->357964K(687616K), 0.0040318 secs] [Times: user=0.01 sys=0.00, real=0.00 secs] 
2615.445: [GC (Allocation Failure) [PSYoungGen: 54656K->1376K(55296K)] 411212K->357932K(687616K), 0.0027490 secs] [Times: user=0.01 sys=0.00, real=0.00 secs] 
2616.648: [GC (Allocation Failure) [PSYoungGen: 54614K->288K(55296K)] 411171K->356844K(687616K), 0.0015619 secs] [Times: user=0.00 sys=0.00, real=0.01 secs] 
2616.899: [GC (Allocation Failure) [PSYoungGen: 53536K->1376K(55296K)] 410092K->357932K(687616K), 0.0028899 secs] [Times: user=0.01 sys=0.00, real=0.00 secs] 
2617.149: [GC (Allocation Failure) [PSYoungGen: 54624K->1376K(55296K)] 411180K->357932K(687616K), 0.0023039 secs] [Times: user=0.00 sys=0.00, real=0.00 secs] 
2617.481: [GC (Allocation Failure) [PSYoungGen: 54624K->1376K(55296K)] 411180K->357932K(687616K), 0.0022496 secs] [Times: user=0.01 sys=0.00, real=0.00 secs] 
2617.938: [GC (Allocation Failure) [PSYoungGen: 54624K->1392K(55296K)] 411180K->357948K(687616K), 0.0027685 secs] [Times: user=0.01 sys=0.00, real=0.01 secs] 
2618.381: [GC (Allocation Failure) [PSYoungGen: 54640K->1376K(55296K)] 411196K->357932K(687616K), 0.0022166 secs] [Times: user=0.01 sys=0.00, real=0.00 secs] 
2619.775: [GC (Allocation Failure) [PSYoungGen: 54624K->1408K(55296K)] 411180K->357964K(687616K), 0.0040445 secs] [Times: user=0.01 sys=0.00, real=0.01 secs] 
2620.417: [GC (Allocation Failure) [PSYoungGen: 54656K->1344K(55296K)] 411212K->357900K(687616K), 0.0040222 secs] [Times: user=0.02 sys=0.00, real=0.01 secs] 
2620.981: [GC (Allocation Failure) [PSYoungGen: 54592K->1376K(55296K)] 411148K->357932K(687616K), 0.0032862 secs] [Times: user=0.01 sys=0.00, real=0.00 secs] 
2621.523: [GC (Allocation Failure) [PSYoungGen: 54624K->1408K(55296K)] 411180K->357964K(687616K), 0.0028635 secs] [Times: user=0.01 sys=0.00, real=0.00 secs] 
2622.058: [GC (Allocation Failure) [PSYoungGen: 54656K->1408K(55296K)] 411212K->357980K(687616K), 0.0032332 secs] [Times: user=0.02 sys=0.00, real=0.01 secs] 
2623.224: [GC (Allocation Failure) [PSYoungGen: 54656K->1440K(55296K)] 411228K->358012K(687616K), 0.0019174 secs] [Times: user=0.01 sys=0.00, real=0.00 secs] 
2623.686: [GC (Allocation Failure) [PSYoungGen: 54688K->1344K(55296K)] 411260K->357916K(687616K), 0.0022528 secs] [Times: user=0.01 sys=0.00, real=0.00 secs] 
2624.225: [GC (Allocation Failure) [PSYoungGen: 54592K->1376K(55296K)] 411164K->357948K(687616K), 0.0032543 secs] [Times: user=0.02 sys=0.00, real=0.01 secs] 
2624.666: [GC (Allocation Failure) [PSYoungGen: 54624K->1408K(55296K)] 411196K->357980K(687616K), 0.0032864 secs] [Times: user=0.01 sys=0.00, real=0.01 secs] 
2625.033: [GC (Allocation Failure) [PSYoungGen: 54656K->1344K(55296K)] 411228K->357916K(687616K), 0.0024155 secs] [Times: user=0.01 sys=0.00, real=0.00 secs] 
2626.192: [GC (Allocation Failure) [PSYoungGen: 54592K->1728K(55296K)] 411164K->358300K(687616K), 0.0018995 secs] [Times: user=0.00 sys=0.00, real=0.00 secs] 
2626.474: [GC (Allocation Failure) [PSYoungGen: 54976K->1440K(55296K)] 411548K->358012K(687616K), 0.0020743 secs] [Times: user=0.01 sys=0.00, real=0.00 secs] 
2626.745: [GC (Allocation Failure) [PSYoungGen: 54688K->1376K(55296K)] 411260K->357948K(687616K), 0.0020563 secs] [Times: user=0.01 sys=0.00, real=0.00 secs] 
2627.064: [GC (Allocation Failure) [PSYoungGen: 54624K->1408K(55296K)] 411196K->357980K(687616K), 0.0020006 secs] [Times: user=0.00 sys=0.00, real=0.00 secs] 
2627.407: [GC (Allocation Failure) [PSYoungGen: 54656K->1408K(55296K)] 411228K->357980K(687616K), 0.0019470 secs] [Times: user=0.01 sys=0.00, real=0.01 secs] 
2627.835: [GC (Allocation Failure) [PSYoungGen: 54656K->1376K(55296K)] 411228K->357948K(687616K), 0.0028293 secs] [Times: user=0.01 sys=0.00, real=0.00 secs] 
2629.459: [GC (Allocation Failure) [PSYoungGen: 54624K->1408K(55296K)] 411196K->357980K(687616K), 0.0021941 secs] [Times: user=0.00 sys=0.00, real=0.00 secs] 
2630.185: [GC (Allocation Failure) [PSYoungGen: 54656K->1360K(55296K)] 411228K->357932K(687616K), 0.0024451 secs] [Times: user=0.01 sys=0.00, real=0.00 secs] 
2630.670: [GC (Allocation Failure) [PSYoungGen: 54608K->1376K(55296K)] 411180K->357948K(687616K), 0.0027633 secs] [Times: user=0.01 sys=0.00, real=0.00 secs] 
2630.957: [GC (Allocation Failure) [PSYoungGen: 54624K->1376K(55296K)] 411196K->357948K(687616K), 0.0020997 secs] [Times: user=0.01 sys=0.00, real=0.01 secs] 
2631.178: [GC (Allocation Failure) [PSYoungGen: 54624K->1344K(55296K)] 411196K->357916K(687616K), 0.0020598 secs] [Times: user=0.01 sys=0.00, real=0.01 secs] 
2632.158: [GC (Allocation Failure) [PSYoungGen: 54592K->1440K(55296K)] 411164K->358028K(687616K), 0.0018798 secs] [Times: user=0.01 sys=0.00, real=0.01 secs] 
2632.435: [GC (Allocation Failure) [PSYoungGen: 54688K->1408K(55296K)] 411276K->357996K(687616K), 0.0016817 secs] [Times: user=0.01 sys=0.00, real=0.00 secs] 
2632.657: [GC (Allocation Failure) [PSYoungGen: 54656K->1408K(55296K)] 411244K->357996K(687616K), 0.0018609 secs] [Times: user=0.01 sys=0.00, real=0.01 secs] 
2632.961: [GC (Allocation Failure) [PSYoungGen: 54656K->1408K(54784K)] 411244K->357996K(687104K), 0.0019866 secs] [Times: user=0.01 sys=0.00, real=0.00 secs] 
2633.294: [GC (Allocation Failure) [PSYoungGen: 54656K->1408K(54784K)] 411244K->357996K(687104K), 0.0020751 secs] [Times: user=0.01 sys=0.00, real=0.00 secs] 
2634.356: [GC (Allocation Failure) [PSYoungGen: 54656K->1376K(54784K)] 411244K->357964K(687104K), 0.0018392 secs] [Times: user=0.01 sys=0.00, real=0.00 secs] 
2634.723: [GC (Allocation Failure) [PSYoungGen: 54624K->1376K(54784K)] 411212K->357964K(687104K), 0.0019335 secs] [Times: user=0.00 sys=0.00, real=0.00 secs] 
2635.145: [GC (Allocation Failure) [PSYoungGen: 54624K->1376K(54784K)] 411212K->357964K(687104K), 0.0036051 secs] [Times: user=0.02 sys=0.00, real=0.00 secs] 
2635.590: [GC (Allocation Failure) [PSYoungGen: 54624K->1392K(54784K)] 411212K->357980K(687104K), 0.0027138 secs] [Times: user=0.01 sys=0.00, real=0.00 secs] 
2636.060: [GC (Allocation Failure) [PSYoungGen: 54640K->1344K(54784K)] 411228K->357932K(687104K), 0.0024823 secs] [Times: user=0.01 sys=0.00, real=0.00 secs] 
2636.510: [GC (Allocation Failure) [PSYoungGen: 54592K->1344K(54784K)] 411180K->357932K(687104K), 0.0025718 secs] [Times: user=0.01 sys=0.00, real=0.00 secs] 
2637.843: [GC (Allocation Failure) [PSYoungGen: 54592K->1440K(54784K)] 411180K->358028K(687104K), 0.0023144 secs] [Times: user=0.01 sys=0.00, real=0.00 secs] 
2638.695: [GC (Allocation Failure) [PSYoungGen: 54688K->1344K(54784K)] 411276K->357932K(687104K), 0.0047676 secs] [Times: user=0.02 sys=0.00, real=0.01 secs] 
2639.523: [GC (Allocation Failure) [PSYoungGen: 54592K->1376K(54784K)] 411180K->357964K(687104K), 0.0049660 secs] [Times: user=0.02 sys=0.00, real=0.00 secs] 
2640.080: [GC (Allocation Failure) [PSYoungGen: 54624K->1408K(54784K)] 411212K->357996K(687104K), 0.0040493 secs] [Times: user=0.01 sys=0.00, real=0.00 secs] 
2640.691: [GC (Allocation Failure) [PSYoungGen: 54656K->1408K(54784K)] 411244K->357996K(687104K), 0.0031567 secs] [Times: user=0.02 sys=0.00, real=0.00 secs] 
2642.023: [GC (Allocation Failure) [PSYoungGen: 54656K->1440K(54784K)] 411244K->358028K(687104K), 0.0020456 secs] [Times: user=0.01 sys=0.01, real=0.00 secs] 
2642.659: [GC (Allocation Failure) [PSYoungGen: 54688K->1376K(54784K)] 411276K->357964K(687104K), 0.0024280 secs] [Times: user=0.01 sys=0.00, real=0.00 secs] 
2643.241: [GC (Allocation Failure) [PSYoungGen: 54624K->1408K(54784K)] 411212K->357996K(687104K), 0.0026504 secs] [Times: user=0.02 sys=0.00, real=0.00 secs] 
2643.938: [GC (Allocation Failure) [PSYoungGen: 54656K->1376K(54784K)] 411244K->357964K(687104K), 0.0031919 secs] [Times: user=0.01 sys=0.00, real=0.01 secs] 
2644.638: [GC (Allocation Failure) [PSYoungGen: 54624K->1376K(54784K)] 411212K->357972K(687104K), 0.0030568 secs] [Times: user=0.01 sys=0.00, real=0.01 secs] 
2646.043: [GC (Allocation Failure) [PSYoungGen: 54624K->1408K(54784K)] 411220K->358004K(687104K), 0.0019703 secs] [Times: user=0.00 sys=0.00, real=0.00 secs] 
2646.609: [GC (Allocation Failure) [PSYoungGen: 54656K->1408K(54784K)] 411252K->358004K(687104K), 0.0023319 secs] [Times: user=0.01 sys=0.00, real=0.00 secs] 
2646.839: [GC (Allocation Failure) [PSYoungGen: 54656K->1376K(54784K)] 411252K->357972K(687104K), 0.0022863 secs] [Times: user=0.01 sys=0.00, real=0.00 secs] 
2647.061: [GC (Allocation Failure) [PSYoungGen: 54624K->1408K(54784K)] 411220K->358004K(687104K), 0.0020434 secs] [Times: user=0.00 sys=0.00, real=0.00 secs] 
2647.284: [GC (Allocation Failure) [PSYoungGen: 54656K->1408K(54784K)] 411252K->358004K(687104K), 0.0021014 secs] [Times: user=0.01 sys=0.00, real=0.00 secs] 
2647.563: [GC (Allocation Failure) [PSYoungGen: 54656K->1408K(54784K)] 411252K->358004K(687104K), 0.0020998 secs] [Times: user=0.01 sys=0.00, real=0.00 secs] 
2648.714: [GC (Allocation Failure) [PSYoungGen: 54656K->1424K(54784K)] 411252K->358020K(687104K), 0.0019642 secs] [Times: user=0.01 sys=0.00, real=0.00 secs] 
2649.174: [GC (Allocation Failure) [PSYoungGen: 54672K->1408K(54784K)] 411268K->358004K(687104K), 0.0032427 secs] [Times: user=0.01 sys=0.00, real=0.00 secs] 
2649.403: [GC (Allocation Failure) [PSYoungGen: 54656K->1344K(54784K)] 411252K->357940K(687104K), 0.0027016 secs] [Times: user=0.01 sys=0.00, real=0.00 secs] 
2649.622: [GC (Allocation Failure) [PSYoungGen: 54592K->1408K(54784K)] 411188K->358004K(687104K), 0.0022670 secs] [Times: user=0.01 sys=0.00, real=0.00 secs] 
2649.843: [GC (Allocation Failure) [PSYoungGen: 54656K->1344K(54784K)] 411252K->357948K(687104K), 0.0022692 secs] [Times: user=0.01 sys=0.00, real=0.00 secs] 
2650.749: [GC (Allocation Failure) [PSYoungGen: 54592K->1472K(54784K)] 411196K->358076K(687104K), 0.0015965 secs] [Times: user=0.01 sys=0.00, real=0.00 secs] 
2650.969: [GC (Allocation Failure) [PSYoungGen: 54720K->1440K(54784K)] 411324K->358044K(687104K), 0.0016615 secs] [Times: user=0.01 sys=0.00, real=0.00 secs] 
2651.190: [GC (Allocation Failure) [PSYoungGen: 54688K->1376K(54784K)] 411292K->358004K(687104K), 0.0015878 secs] [Times: user=0.01 sys=0.00, real=0.00 secs] 
2651.411: [GC (Allocation Failure) [PSYoungGen: 54624K->1376K(54784K)] 411252K->358012K(687104K), 0.0017465 secs] [Times: user=0.00 sys=0.00, real=0.00 secs] 
2651.631: [GC (Allocation Failure) [PSYoungGen: 54624K->1344K(54784K)] 411260K->357980K(687104K), 0.0015499 secs] [Times: user=0.01 sys=0.00, real=0.00 secs] 
2652.797: [GC (Allocation Failure) [PSYoungGen: 54592K->1408K(54784K)] 411228K->358044K(687104K), 0.0023791 secs] [Times: user=0.01 sys=0.00, real=0.01 secs] 
2653.314: [GC (Allocation Failure) [PSYoungGen: 54656K->1408K(54784K)] 411292K->358044K(687104K), 0.0024113 secs] [Times: user=0.01 sys=0.00, real=0.00 secs] 
2653.918: [GC (Allocation Failure) [PSYoungGen: 54656K->1408K(54784K)] 411292K->358044K(687104K), 0.0021717 secs] [Times: user=0.01 sys=0.00, real=0.01 secs] 
2654.632: [GC (Allocation Failure) [PSYoungGen: 54656K->1408K(54784K)] 411292K->358044K(687104K), 0.0029165 secs] [Times: user=0.01 sys=0.00, real=0.00 secs] 
2655.263: [GC (Allocation Failure) [PSYoungGen: 54656K->1408K(54784K)] 411292K->358044K(687104K), 0.0028179 secs] [Times: user=0.01 sys=0.00, real=0.00 secs] 
2656.690: [GC (Allocation Failure) [PSYoungGen: 54623K->1456K(54784K)] 411259K->358092K(687104K), 0.0017301 secs] [Times: user=0.01 sys=0.00, real=0.00 secs] 
2656.907: [GC (Allocation Failure) [PSYoungGen: 54704K->1376K(54784K)] 411340K->358012K(687104K), 0.0016253 secs] [Times: user=0.01 sys=0.00, real=0.00 secs] 
2657.145: [GC (Allocation Failure) [PSYoungGen: 54624K->1408K(54784K)] 411260K->358044K(687104K), 0.0016209 secs] [Times: user=0.01 sys=0.00, real=0.00 secs] 
2657.366: [GC (Allocation Failure) [PSYoungGen: 54656K->1376K(54784K)] 411292K->358012K(687104K), 0.0017202 secs] [Times: user=0.00 sys=0.00, real=0.00 secs] 
2657.623: [GC (Allocation Failure) [PSYoungGen: 54624K->1376K(54784K)] 411260K->358012K(687104K), 0.0015926 secs] [Times: user=0.01 sys=0.00, real=0.00 secs] 
2657.869: [GC (Allocation Failure) [PSYoungGen: 54624K->1344K(54784K)] 411260K->357980K(687104K), 0.0018792 secs] [Times: user=0.01 sys=0.00, real=0.00 secs] 
2659.868: [GC (Allocation Failure) [PSYoungGen: 54592K->1392K(54784K)] 411228K->358028K(687104K), 0.0049444 secs] [Times: user=0.02 sys=0.00, real=0.01 secs] 
2660.672: [GC (Allocation Failure) [PSYoungGen: 54640K->1360K(54784K)] 411276K->357996K(687104K), 0.0024408 secs] [Times: user=0.01 sys=0.00, real=0.00 secs] 
2661.338: [GC (Allocation Failure) [PSYoungGen: 54608K->1392K(54784K)] 411244K->358028K(687104K), 0.0021593 secs] [Times: user=0.01 sys=0.00, real=0.01 secs] 
2662.368: [GC (Allocation Failure) [PSYoungGen: 54640K->1408K(54784K)] 411276K->358044K(687104K), 0.0018624 secs] [Times: user=0.01 sys=0.00, real=0.01 secs] 
2662.808: [GC (Allocation Failure) [PSYoungGen: 54656K->1376K(54784K)] 411292K->358012K(687104K), 0.0019174 secs] [Times: user=0.01 sys=0.00, real=0.01 secs] 
2663.334: [GC (Allocation Failure) [PSYoungGen: 54624K->1376K(54784K)] 411260K->358012K(687104K), 0.0017788 secs] [Times: user=0.00 sys=0.01, real=0.00 secs] 
2664.004: [GC (Allocation Failure) [PSYoungGen: 54624K->1312K(54784K)] 411260K->357964K(687104K), 0.0019980 secs] [Times: user=0.00 sys=0.00, real=0.00 secs] 
2664.706: [GC (Allocation Failure) [PSYoungGen: 54560K->1376K(54784K)] 411212K->358028K(687104K), 0.0020379 secs] [Times: user=0.01 sys=0.00, real=0.00 secs] 
2665.264: [GC (Allocation Failure) [PSYoungGen: 54624K->1376K(54784K)] 411276K->358028K(687104K), 0.0027534 secs] [Times: user=0.02 sys=0.00, real=0.00 secs] 
2666.266: [GC (Allocation Failure) [PSYoungGen: 54624K->1408K(54784K)] 411276K->358060K(687104K), 0.0018980 secs] [Times: user=0.01 sys=0.00, real=0.00 secs] 
2666.487: [GC (Allocation Failure) [PSYoungGen: 54656K->1376K(54784K)] 411308K->358028K(687104K), 0.0022041 secs] [Times: user=0.01 sys=0.00, real=0.01 secs] 
2666.745: [GC (Allocation Failure) [PSYoungGen: 54624K->1360K(54784K)] 411276K->358012K(687104K), 0.0018672 secs] [Times: user=0.01 sys=0.00, real=0.00 secs] 
2666.966: [GC (Allocation Failure) [PSYoungGen: 54608K->1344K(54784K)] 411260K->357996K(687104K), 0.0020276 secs] [Times: user=0.01 sys=0.00, real=0.00 secs] 
2667.228: [GC (Allocation Failure) [PSYoungGen: 54592K->1376K(54784K)] 411244K->358028K(687104K), 0.0018010 secs] [Times: user=0.01 sys=0.00, real=0.01 secs] 
2668.587: [GC (Allocation Failure) [PSYoungGen: 54624K->1408K(54784K)] 411276K->358060K(687104K), 0.0028579 secs] [Times: user=0.01 sys=0.00, real=0.01 secs] 
2669.124: [GC (Allocation Failure) [PSYoungGen: 54656K->1344K(54784K)] 411308K->357996K(687104K), 0.0029216 secs] [Times: user=0.01 sys=0.00, real=0.00 secs] 
2669.821: [GC (Allocation Failure) [PSYoungGen: 54592K->1376K(54784K)] 411244K->358028K(687104K), 0.0030212 secs] [Times: user=0.01 sys=0.01, real=0.00 secs] 
2670.341: [GC (Allocation Failure) [PSYoungGen: 54624K->1344K(54784K)] 411276K->357996K(687104K), 0.0029123 secs] [Times: user=0.01 sys=0.00, real=0.00 secs] 
2670.774: [GC (Allocation Failure) [PSYoungGen: 54592K->1344K(54784K)] 411244K->357996K(687104K), 0.0026691 secs] [Times: user=0.01 sys=0.00, real=0.00 secs] 
2672.031: [GC (Allocation Failure) [PSYoungGen: 54592K->1376K(54784K)] 411244K->358028K(687104K), 0.0018680 secs] [Times: user=0.00 sys=0.00, real=0.00 secs] 
2672.732: [GC (Allocation Failure) [PSYoungGen: 54624K->1312K(54784K)] 411276K->357964K(687104K), 0.0018764 secs] [Times: user=0.01 sys=0.00, real=0.00 secs] 
2673.464: [GC (Allocation Failure) [PSYoungGen: 54560K->1376K(54784K)] 411212K->358044K(687104K), 0.0021078 secs] [Times: user=0.01 sys=0.00, real=0.00 secs] 
2674.189: [GC (Allocation Failure) [PSYoungGen: 54624K->1440K(54784K)] 411292K->358108K(687104K), 0.0021186 secs] [Times: user=0.01 sys=0.00, real=0.00 secs] 
2674.626: [GC (Allocation Failure) [PSYoungGen: 54688K->1376K(54784K)] 411356K->358044K(687104K), 0.0022076 secs] [Times: user=0.01 sys=0.00, real=0.01 secs] 
2674.865: [GC (Allocation Failure) [PSYoungGen: 54614K->288K(54272K)] 411283K->356956K(686592K), 0.0019935 secs] [Times: user=0.01 sys=0.00, real=0.00 secs] 
2675.862: [GC (Allocation Failure) [PSYoungGen: 53024K->1440K(54784K)] 409692K->358108K(687104K), 0.0018334 secs] [Times: user=0.00 sys=0.00, real=0.00 secs] 
2676.084: [GC (Allocation Failure) [PSYoungGen: 54176K->1376K(54784K)] 410844K->358044K(687104K), 0.0021643 secs] [Times: user=0.01 sys=0.00, real=0.00 secs] 
2676.402: [GC (Allocation Failure) [PSYoungGen: 54112K->1344K(54784K)] 410780K->358012K(687104K), 0.0025184 secs] [Times: user=0.01 sys=0.00, real=0.00 secs] 
2676.627: [GC (Allocation Failure) [PSYoungGen: 54080K->1376K(54784K)] 410748K->358044K(687104K), 0.0023160 secs] [Times: user=0.01 sys=0.00, real=0.01 secs] 
2676.845: [GC (Allocation Failure) [PSYoungGen: 54112K->1376K(54784K)] 410780K->358044K(687104K), 0.0019774 secs] [Times: user=0.01 sys=0.00, real=0.00 secs] 
2677.839: [GC (Allocation Failure) [PSYoungGen: 54112K->1408K(54784K)] 410780K->358076K(687104K), 0.0020457 secs] [Times: user=0.00 sys=0.00, real=0.00 secs] 
2678.058: [GC (Allocation Failure) [PSYoungGen: 54144K->1392K(54784K)] 410812K->358060K(687104K), 0.0019276 secs] [Times: user=0.00 sys=0.00, real=0.01 secs] 
2678.318: [GC (Allocation Failure) [PSYoungGen: 54128K->1408K(54784K)] 410796K->358076K(687104K), 0.0020955 secs] [Times: user=0.01 sys=0.00, real=0.01 secs] 
2678.680: [GC (Allocation Failure) [PSYoungGen: 54144K->1408K(54784K)] 410812K->358076K(687104K), 0.0022245 secs] [Times: user=0.01 sys=0.00, real=0.00 secs] 
2679.069: [GC (Allocation Failure) [PSYoungGen: 54144K->1408K(54784K)] 410812K->358076K(687104K), 0.0021722 secs] [Times: user=0.01 sys=0.00, real=0.00 secs] 
2680.302: [GC (Allocation Failure) [PSYoungGen: 54144K->1440K(54784K)] 410812K->358108K(687104K), 0.0019796 secs] [Times: user=0.01 sys=0.00, real=0.00 secs] 
2680.757: [GC (Allocation Failure) [PSYoungGen: 54176K->1408K(54784K)] 410844K->358092K(687104K), 0.0021164 secs] [Times: user=0.01 sys=0.01, real=0.01 secs] 
2681.297: [GC (Allocation Failure) [PSYoungGen: 54144K->1392K(54784K)] 410828K->358076K(687104K), 0.0023357 secs] [Times: user=0.01 sys=0.00, real=0.01 secs] 
2681.870: [GC (Allocation Failure) [PSYoungGen: 54128K->1408K(54784K)] 410812K->358092K(687104K), 0.0023923 secs] [Times: user=0.01 sys=0.01, real=0.00 secs] 
2682.467: [GC (Allocation Failure) [PSYoungGen: 54144K->1408K(54784K)] 410828K->358092K(687104K), 0.0022076 secs] [Times: user=0.01 sys=0.00, real=0.01 secs] 
2683.059: [GC (Allocation Failure) [PSYoungGen: 54144K->1376K(54784K)] 410828K->358060K(687104K), 0.0031470 secs] [Times: user=0.01 sys=0.01, real=0.00 secs] 
2684.360: [GC (Allocation Failure) [PSYoungGen: 54112K->1440K(54784K)] 410796K->358124K(687104K), 0.0021712 secs] [Times: user=0.00 sys=0.00, real=0.00 secs] 
2684.809: [GC (Allocation Failure) [PSYoungGen: 54176K->1376K(54784K)] 410860K->358060K(687104K), 0.0025689 secs] [Times: user=0.01 sys=0.00, real=0.00 secs] 
2685.429: [GC (Allocation Failure) [PSYoungGen: 54112K->1376K(54272K)] 410796K->358060K(686592K), 0.0023756 secs] [Times: user=0.01 sys=0.00, real=0.00 secs] 
2686.040: [GC (Allocation Failure) [PSYoungGen: 54112K->1376K(54272K)] 410796K->358060K(686592K), 0.0023710 secs] [Times: user=0.01 sys=0.00, real=0.00 secs] 
2686.654: [GC (Allocation Failure) [PSYoungGen: 54112K->1392K(54272K)] 410796K->358076K(686592K), 0.0034857 secs] [Times: user=0.02 sys=0.01, real=0.00 secs] 
2688.100: [GC (Allocation Failure) [PSYoungGen: 54128K->1440K(54272K)] 410812K->358124K(686592K), 0.0018873 secs] [Times: user=0.00 sys=0.01, real=0.00 secs] 
2688.774: [GC (Allocation Failure) [PSYoungGen: 54176K->1376K(54272K)] 410860K->358060K(686592K), 0.0021269 secs] [Times: user=0.01 sys=0.00, real=0.00 secs] 
2689.747: [GC (Allocation Failure) [PSYoungGen: 54112K->1344K(54272K)] 410796K->358028K(686592K), 0.0053189 secs] [Times: user=0.02 sys=0.00, real=0.01 secs] 
2690.547: [GC (Allocation Failure) [PSYoungGen: 54080K->1376K(54272K)] 410764K->358060K(686592K), 0.0039723 secs] [Times: user=0.01 sys=0.00, real=0.01 secs] 
2691.243: [GC (Allocation Failure) [PSYoungGen: 54112K->1376K(54272K)] 410796K->358060K(686592K), 0.0054357 secs] [Times: user=0.02 sys=0.00, real=0.00 secs] 
2692.992: [GC (Allocation Failure) [PSYoungGen: 54112K->896K(54272K)] 410796K->358604K(686592K), 0.0051571 secs] [Times: user=0.02 sys=0.00, real=0.00 secs] 
2693.810: [GC (Allocation Failure) [PSYoungGen: 53632K->352K(54784K)] 411340K->358060K(687104K), 0.0041583 secs] [Times: user=0.02 sys=0.00, real=0.00 secs] 
2694.426: [GC (Allocation Failure) [PSYoungGen: 53088K->384K(54784K)] 410796K->358092K(687104K), 0.0032712 secs] [Times: user=0.01 sys=0.00, real=0.01 secs] 
2694.908: [GC (Allocation Failure) [PSYoungGen: 53120K->384K(54784K)] 410828K->358092K(687104K), 0.0032243 secs] [Times: user=0.01 sys=0.00, real=0.01 secs] 
2695.398: [GC (Allocation Failure) [PSYoungGen: 53120K->384K(54784K)] 410828K->358092K(687104K), 0.0028652 secs] [Times: user=0.01 sys=0.00, real=0.01 secs] 
2696.008: [GC (Allocation Failure) [PSYoungGen: 53120K->384K(54784K)] 410828K->358100K(687104K), 0.0028797 secs] [Times: user=0.01 sys=0.00, real=0.01 secs] 
2697.825: [GC (Allocation Failure) [PSYoungGen: 53120K->1440K(54784K)] 410836K->359156K(687104K), 0.0041000 secs] [Times: user=0.02 sys=0.00, real=0.01 secs] 
2698.632: [GC (Allocation Failure) [PSYoungGen: 54176K->1408K(54272K)] 411892K->359124K(686592K), 0.0049294 secs] [Times: user=0.02 sys=0.00, real=0.00 secs] 
2699.313: [GC (Allocation Failure) [PSYoungGen: 53632K->1408K(54784K)] 411348K->359124K(687104K), 0.0035122 secs] [Times: user=0.01 sys=0.00, real=0.00 secs] 
2699.877: [GC (Allocation Failure) [PSYoungGen: 53632K->1376K(54784K)] 411348K->359092K(687104K), 0.0031653 secs] [Times: user=0.01 sys=0.00, real=0.01 secs] 
2700.340: [GC (Allocation Failure) [PSYoungGen: 53600K->1408K(54784K)] 411316K->359124K(687104K), 0.0032326 secs] [Times: user=0.01 sys=0.00, real=0.00 secs] 
2701.520: [GC (Allocation Failure) [PSYoungGen: 53632K->1408K(54784K)] 411348K->359124K(687104K), 0.0018577 secs] [Times: user=0.00 sys=0.00, real=0.00 secs] 
2701.798: [GC (Allocation Failure) [PSYoungGen: 53632K->1376K(54784K)] 411348K->359092K(687104K), 0.0019736 secs] [Times: user=0.01 sys=0.00, real=0.01 secs] 
2702.016: [GC (Allocation Failure) [PSYoungGen: 53600K->1376K(54784K)] 411316K->359092K(687104K), 0.0017438 secs] [Times: user=0.01 sys=0.00, real=0.00 secs] 
2702.233: [GC (Allocation Failure) [PSYoungGen: 53600K->1376K(54784K)] 411316K->359092K(687104K), 0.0019030 secs] [Times: user=0.01 sys=0.00, real=0.00 secs] 
2702.498: [GC (Allocation Failure) [PSYoungGen: 53600K->1408K(53760K)] 411316K->359124K(686080K), 0.0026998 secs] [Times: user=0.01 sys=0.00, real=0.01 secs] 
2703.603: [GC (Allocation Failure) [PSYoungGen: 52630K->256K(54272K)] 410346K->357988K(686592K), 0.0015224 secs] [Times: user=0.00 sys=0.00, real=0.00 secs] 
2704.043: [GC (Allocation Failure) [PSYoungGen: 52480K->1408K(54784K)] 410212K->359140K(687104K), 0.0018782 secs] [Times: user=0.01 sys=0.00, real=0.00 secs] 
2704.273: [GC (Allocation Failure) [PSYoungGen: 53632K->1376K(54784K)] 411364K->359108K(687104K), 0.0020398 secs] [Times: user=0.01 sys=0.00, real=0.00 secs] 
2704.503: [GC (Allocation Failure) [PSYoungGen: 53600K->1376K(54784K)] 411332K->359108K(687104K), 0.0028009 secs] [Times: user=0.01 sys=0.00, real=0.00 secs] 
2704.739: [GC (Allocation Failure) [PSYoungGen: 53600K->1408K(54784K)] 411332K->359140K(687104K), 0.0026853 secs] [Times: user=0.01 sys=0.00, real=0.00 secs] 
2704.953: [GC (Allocation Failure) [PSYoungGen: 53632K->1376K(53760K)] 411364K->359108K(686080K), 0.0020955 secs] [Times: user=0.01 sys=0.00, real=0.00 secs] 
2706.217: [GC (Allocation Failure) [PSYoungGen: 53600K->1440K(54272K)] 411332K->359172K(686592K), 0.0021014 secs] [Times: user=0.01 sys=0.00, real=0.01 secs] 
2707.289: [GC (Allocation Failure) [PSYoungGen: 53664K->1376K(54272K)] 411396K->359108K(686592K), 0.0054633 secs] [Times: user=0.02 sys=0.00, real=0.01 secs] 
2708.131: [GC (Allocation Failure) [PSYoungGen: 53600K->1408K(54272K)] 411332K->359140K(686592K), 0.0040728 secs] [Times: user=0.01 sys=0.00, real=0.00 secs] 
2708.955: [GC (Allocation Failure) [PSYoungGen: 53632K->1360K(54272K)] 411364K->359092K(686592K), 0.0054003 secs] [Times: user=0.03 sys=0.00, real=0.01 secs] 
2709.599: [GC (Allocation Failure) [PSYoungGen: 53584K->1408K(54272K)] 411316K->359140K(686592K), 0.0039925 secs] [Times: user=0.01 sys=0.00, real=0.00 secs] 
2710.967: [GC (Allocation Failure) [PSYoungGen: 53632K->1440K(54272K)] 411364K->359172K(686592K), 0.0017679 secs] [Times: user=0.01 sys=0.00, real=0.01 secs] 
2711.398: [GC (Allocation Failure) [PSYoungGen: 53664K->1408K(54272K)] 411396K->359140K(686592K), 0.0024194 secs] [Times: user=0.01 sys=0.00, real=0.01 secs] 
2711.832: [GC (Allocation Failure) [PSYoungGen: 53632K->1344K(54272K)] 411364K->359076K(686592K), 0.0032286 secs] [Times: user=0.02 sys=0.00, real=0.00 secs] 
2712.259: [GC (Allocation Failure) [PSYoungGen: 53568K->1376K(54272K)] 411300K->359108K(686592K), 0.0032151 secs] [Times: user=0.01 sys=0.00, real=0.00 secs] 
2712.675: [GC (Allocation Failure) [PSYoungGen: 53600K->1344K(54272K)] 411332K->359084K(686592K), 0.0028571 secs] [Times: user=0.01 sys=0.00, real=0.00 secs] 
2713.106: [GC (Allocation Failure) [PSYoungGen: 53568K->1344K(54272K)] 411308K->359084K(686592K), 0.0028555 secs] [Times: user=0.01 sys=0.01, real=0.01 secs] 
2714.293: [GC (Allocation Failure) [PSYoungGen: 53568K->1440K(54272K)] 411308K->359180K(686592K), 0.0023813 secs] [Times: user=0.01 sys=0.00, real=0.00 secs] 
2714.626: [GC (Allocation Failure) [PSYoungGen: 53664K->1408K(54272K)] 411404K->359148K(686592K), 0.0033095 secs] [Times: user=0.01 sys=0.00, real=0.01 secs] 
2715.141: [GC (Allocation Failure) [PSYoungGen: 53632K->1424K(54272K)] 411372K->359164K(686592K), 0.0048290 secs] [Times: user=0.02 sys=0.00, real=0.00 secs] 
2715.755: [GC (Allocation Failure) [PSYoungGen: 53648K->1424K(54272K)] 411388K->359164K(686592K), 0.0039277 secs] [Times: user=0.02 sys=0.01, real=0.01 secs] 
2716.603: [GC (Allocation Failure) [PSYoungGen: 53648K->1408K(54272K)] 411388K->359148K(686592K), 0.0035694 secs] [Times: user=0.01 sys=0.00, real=0.00 secs] 
2718.391: [GC (Allocation Failure) [PSYoungGen: 53632K->1424K(54272K)] 411372K->359164K(686592K), 0.0020643 secs] [Times: user=0.01 sys=0.00, real=0.00 secs] 
2718.869: [GC (Allocation Failure) [PSYoungGen: 53648K->1408K(54272K)] 411388K->359148K(686592K), 0.0020804 secs] [Times: user=0.01 sys=0.00, real=0.00 secs] 
2719.377: [GC (Allocation Failure) [PSYoungGen: 53632K->1376K(54272K)] 411372K->359116K(686592K), 0.0024408 secs] [Times: user=0.01 sys=0.00, real=0.01 secs] 
2719.757: [GC (Allocation Failure) [PSYoungGen: 53600K->1344K(54272K)] 411340K->359084K(686592K), 0.0023160 secs] [Times: user=0.01 sys=0.01, real=0.01 secs] 
2720.097: [GC (Allocation Failure) [PSYoungGen: 53568K->1408K(54272K)] 411308K->359148K(686592K), 0.0024826 secs] [Times: user=0.01 sys=0.00, real=0.01 secs] 
2720.537: [GC (Allocation Failure) [PSYoungGen: 53626K->288K(54272K)] 411367K->358028K(686592K), 0.0022663 secs] [Times: user=0.01 sys=0.00, real=0.01 secs] 
2721.657: [GC (Allocation Failure) [PSYoungGen: 52512K->1440K(54272K)] 410252K->359180K(686592K), 0.0020002 secs] [Times: user=0.01 sys=0.00, real=0.01 secs] 
2721.891: [GC (Allocation Failure) [PSYoungGen: 53664K->1344K(54272K)] 411404K->359084K(686592K), 0.0019861 secs] [Times: user=0.01 sys=0.00, real=0.00 secs] 
2722.136: [GC (Allocation Failure) [PSYoungGen: 53568K->1408K(54272K)] 411308K->359148K(686592K), 0.0019087 secs] [Times: user=0.01 sys=0.00, real=0.00 secs] 
2722.411: [GC (Allocation Failure) [PSYoungGen: 53632K->1408K(54272K)] 411372K->359148K(686592K), 0.0020428 secs] [Times: user=0.01 sys=0.00, real=0.00 secs] 
2722.836: [GC (Allocation Failure) [PSYoungGen: 53632K->1376K(54272K)] 411372K->359132K(686592K), 0.0020734 secs] [Times: user=0.01 sys=0.00, real=0.00 secs] 
2724.248: [GC (Allocation Failure) [PSYoungGen: 53600K->1376K(54272K)] 411356K->359132K(686592K), 0.0020609 secs] [Times: user=0.01 sys=0.00, real=0.01 secs] 
2724.949: [GC (Allocation Failure) [PSYoungGen: 53600K->1376K(54272K)] 411356K->359132K(686592K), 0.0040511 secs] [Times: user=0.02 sys=0.00, real=0.00 secs] 
2725.407: [GC (Allocation Failure) [PSYoungGen: 53600K->1376K(54272K)] 411356K->359132K(686592K), 0.0032496 secs] [Times: user=0.01 sys=0.00, real=0.01 secs] 
2725.880: [GC (Allocation Failure) [PSYoungGen: 53600K->1376K(54272K)] 411356K->359132K(686592K), 0.0042029 secs] [Times: user=0.01 sys=0.00, real=0.00 secs] 
2726.367: [GC (Allocation Failure) [PSYoungGen: 53600K->1376K(54272K)] 411356K->359132K(686592K), 0.0026343 secs] [Times: user=0.01 sys=0.00, real=0.01 secs] 
2727.765: [GC (Allocation Failure) [PSYoungGen: 53600K->1856K(54272K)] 411356K->359612K(686592K), 0.0019412 secs] [Times: user=0.01 sys=0.00, real=0.00 secs] 
2728.658: [GC (Allocation Failure) [PSYoungGen: 54080K->1408K(54272K)] 411836K->359164K(686592K), 0.0029174 secs] [Times: user=0.01 sys=0.00, real=0.01 secs] 
2729.450: [GC (Allocation Failure) [PSYoungGen: 53632K->1408K(54272K)] 411388K->359164K(686592K), 0.0048077 secs] [Times: user=0.03 sys=0.00, real=0.00 secs] 
2730.269: [GC (Allocation Failure) [PSYoungGen: 53632K->1408K(54272K)] 411388K->359164K(686592K), 0.0043292 secs] [Times: user=0.01 sys=0.00, real=0.00 secs] 
2730.806: [GC (Allocation Failure) [PSYoungGen: 53632K->1376K(54272K)] 411388K->359132K(686592K), 0.0029137 secs] [Times: user=0.02 sys=0.00, real=0.01 secs] 
2731.234: [GC (Allocation Failure) [PSYoungGen: 53600K->1408K(54272K)] 411356K->359164K(686592K), 0.0026667 secs] [Times: user=0.01 sys=0.00, real=0.00 secs] 
2732.717: [GC (Allocation Failure) [PSYoungGen: 53632K->1440K(54272K)] 411388K->359196K(686592K), 0.0035059 secs] [Times: user=0.01 sys=0.00, real=0.01 secs] 
2733.170: [GC (Allocation Failure) [PSYoungGen: 53664K->1376K(54272K)] 411420K->359132K(686592K), 0.0040530 secs] [Times: user=0.02 sys=0.00, real=0.00 secs] 
2733.653: [GC (Allocation Failure) [PSYoungGen: 53600K->1392K(54272K)] 411356K->359148K(686592K), 0.0031784 secs] [Times: user=0.01 sys=0.00, real=0.00 secs] 
2734.019: [GC (Allocation Failure) [PSYoungGen: 53616K->1344K(54272K)] 411372K->359100K(686592K), 0.0025493 secs] [Times: user=0.01 sys=0.00, real=0.00 secs] 
2734.414: [GC (Allocation Failure) [PSYoungGen: 53568K->1408K(54272K)] 411324K->359180K(686592K), 0.0023154 secs] [Times: user=0.01 sys=0.00, real=0.00 secs] 
2735.891: [GC (Allocation Failure) [PSYoungGen: 53632K->1408K(54272K)] 411404K->359180K(686592K), 0.0038697 secs] [Times: user=0.01 sys=0.00, real=0.00 secs] 
2736.949: [GC (Allocation Failure) [PSYoungGen: 53632K->1408K(54272K)] 411404K->359180K(686592K), 0.0045775 secs] [Times: user=0.02 sys=0.00, real=0.00 secs] 
2737.550: [GC (Allocation Failure) [PSYoungGen: 53632K->1408K(54272K)] 411404K->359180K(686592K), 0.0043606 secs] [Times: user=0.01 sys=0.00, real=0.00 secs] 
2738.031: [GC (Allocation Failure) [PSYoungGen: 53632K->1376K(53760K)] 411404K->359148K(686080K), 0.0037261 secs] [Times: user=0.02 sys=0.00, real=0.00 secs] 
2738.692: [GC (Allocation Failure) [PSYoungGen: 53600K->1376K(53760K)] 411372K->359148K(686080K), 0.0032863 secs] [Times: user=0.01 sys=0.00, real=0.00 secs] 
2739.311: [GC (Allocation Failure) [PSYoungGen: 53600K->1392K(53760K)] 411372K->359164K(686080K), 0.0032671 secs] [Times: user=0.01 sys=0.00, real=0.00 secs] 
2741.144: [GC (Allocation Failure) [PSYoungGen: 53616K->1440K(53760K)] 411388K->359212K(686080K), 0.0049146 secs] [Times: user=0.02 sys=0.00, real=0.01 secs] 
2741.758: [GC (Allocation Failure) [PSYoungGen: 53664K->1408K(53760K)] 411436K->359180K(686080K), 0.0034742 secs] [Times: user=0.01 sys=0.00, real=0.01 secs] 
2742.144: [GC (Allocation Failure) [PSYoungGen: 53632K->1376K(53760K)] 411404K->359148K(686080K), 0.0025705 secs] [Times: user=0.01 sys=0.00, real=0.00 secs] 
2742.585: [GC (Allocation Failure) [PSYoungGen: 53600K->1344K(53760K)] 411372K->359116K(686080K), 0.0025198 secs] [Times: user=0.01 sys=0.00, real=0.00 secs] 
2743.038: [GC (Allocation Failure) [PSYoungGen: 53568K->1376K(53760K)] 411340K->359148K(686080K), 0.0024289 secs] [Times: user=0.01 sys=0.00, real=0.01 secs] 
2744.079: [GC (Allocation Failure) [PSYoungGen: 53600K->1440K(53760K)] 411372K->359212K(686080K), 0.0018763 secs] [Times: user=0.01 sys=0.00, real=0.00 secs] 
2744.296: [GC (Allocation Failure) [PSYoungGen: 53664K->1376K(53760K)] 411436K->359156K(686080K), 0.0018337 secs] [Times: user=0.01 sys=0.00, real=0.00 secs] 
2744.512: [GC (Allocation Failure) [PSYoungGen: 53600K->1376K(53760K)] 411380K->359156K(686080K), 0.0018335 secs] [Times: user=0.00 sys=0.00, real=0.00 secs] 
2744.729: [GC (Allocation Failure) [PSYoungGen: 53600K->1408K(53760K)] 411380K->359188K(686080K), 0.0016926 secs] [Times: user=0.01 sys=0.00, real=0.00 secs] 
2744.946: [GC (Allocation Failure) [PSYoungGen: 53632K->1344K(53760K)] 411412K->359124K(686080K), 0.0027479 secs] [Times: user=0.01 sys=0.00, real=0.01 secs] 
2746.202: [GC (Allocation Failure) [PSYoungGen: 53568K->1424K(53760K)] 411348K->359716K(686080K), 0.0024520 secs] [Times: user=0.01 sys=0.00, real=0.00 secs] 
2746.791: [GC (Allocation Failure) [PSYoungGen: 53648K->1392K(53760K)] 411940K->359684K(686080K), 0.0027349 secs] [Times: user=0.01 sys=0.00, real=0.00 secs] 
2747.301: [GC (Allocation Failure) [PSYoungGen: 53616K->1408K(53760K)] 411908K->359700K(686080K), 0.0026691 secs] [Times: user=0.01 sys=0.00, real=0.00 secs] 
2747.773: [GC (Allocation Failure) [PSYoungGen: 53632K->1440K(53760K)] 411924K->359732K(686080K), 0.0024085 secs] [Times: user=0.01 sys=0.00, real=0.00 secs] 
2748.313: [GC (Allocation Failure) [PSYoungGen: 53664K->1376K(53760K)] 411956K->359668K(686080K), 0.0041722 secs] [Times: user=0.01 sys=0.00, real=0.00 secs] 
2748.797: [GC (Allocation Failure) [PSYoungGen: 53600K->1408K(53760K)] 411892K->359700K(686080K), 0.0026446 secs] [Times: user=0.01 sys=0.00, real=0.01 secs] 
2750.183: [GC (Allocation Failure) [PSYoungGen: 53632K->1376K(53760K)] 411924K->359668K(686080K), 0.0054730 secs] [Times: user=0.02 sys=0.00, real=0.01 secs] 
2750.687: [GC (Allocation Failure) [PSYoungGen: 53600K->1376K(53760K)] 411892K->359668K(686080K), 0.0028210 secs] [Times: user=0.01 sys=0.00, real=0.01 secs] 
2751.249: [GC (Allocation Failure) [PSYoungGen: 53600K->1344K(53760K)] 411892K->359636K(686080K), 0.0032324 secs] [Times: user=0.01 sys=0.00, real=0.01 secs] 
2751.828: [GC (Allocation Failure) [PSYoungGen: 53568K->1408K(53760K)] 411860K->359700K(686080K), 0.0034285 secs] [Times: user=0.01 sys=0.00, real=0.01 secs] 
2752.425: [GC (Allocation Failure) [PSYoungGen: 53632K->1344K(53760K)] 411924K->359644K(686080K), 0.0028475 secs] [Times: user=0.01 sys=0.00, real=0.00 secs] 
2753.677: [GC (Allocation Failure) [PSYoungGen: 53568K->1440K(53760K)] 411868K->359740K(686080K), 0.0018809 secs] [Times: user=0.01 sys=0.00, real=0.01 secs] 
2753.894: [GC (Allocation Failure) [PSYoungGen: 53664K->1408K(53760K)] 411964K->359708K(686080K), 0.0019942 secs] [Times: user=0.01 sys=0.00, real=0.00 secs] 
2754.208: [GC (Allocation Failure) [PSYoungGen: 53632K->1376K(53760K)] 411932K->359676K(686080K), 0.0020943 secs] [Times: user=0.01 sys=0.00, real=0.01 secs] 
2754.631: [GC (Allocation Failure) [PSYoungGen: 53600K->1344K(53760K)] 411900K->359644K(686080K), 0.0019983 secs] [Times: user=0.01 sys=0.00, real=0.00 secs] 
2755.107: [GC (Allocation Failure) [PSYoungGen: 53568K->1408K(53760K)] 411868K->359708K(686080K), 0.0021326 secs] [Times: user=0.01 sys=0.00, real=0.01 secs] 
2755.582: [GC (Allocation Failure) [PSYoungGen: 53632K->1408K(53760K)] 411932K->359708K(686080K), 0.0021889 secs] [Times: user=0.01 sys=0.00, real=0.00 secs] 
2757.261: [GC (Allocation Failure) [PSYoungGen: 53632K->1440K(53760K)] 411932K->359740K(686080K), 0.0040286 secs] [Times: user=0.01 sys=0.00, real=0.00 secs] 
2757.927: [GC (Allocation Failure) [PSYoungGen: 53664K->1408K(53760K)] 411964K->359708K(686080K), 0.0054292 secs] [Times: user=0.02 sys=0.00, real=0.01 secs] 
2758.644: [GC (Allocation Failure) [PSYoungGen: 53632K->1360K(53760K)] 411932K->359660K(686080K), 0.0056826 secs] [Times: user=0.02 sys=0.00, real=0.01 secs] 
2759.250: [GC (Allocation Failure) [PSYoungGen: 53584K->1376K(53760K)] 411884K->359676K(686080K), 0.0035404 secs] [Times: user=0.01 sys=0.00, real=0.00 secs] 
2759.658: [GC (Allocation Failure) [PSYoungGen: 53600K->1408K(53760K)] 411900K->359708K(686080K), 0.0028964 secs] [Times: user=0.01 sys=0.01, real=0.01 secs] 
2760.572: [GC (Allocation Failure) [PSYoungGen: 53632K->1424K(53760K)] 411932K->359724K(686080K), 0.0017920 secs] [Times: user=0.00 sys=0.00, real=0.00 secs] 
2760.789: [GC (Allocation Failure) [PSYoungGen: 53648K->1376K(53760K)] 411948K->359676K(686080K), 0.0018058 secs] [Times: user=0.01 sys=0.00, real=0.00 secs] 
2761.006: [GC (Allocation Failure) [PSYoungGen: 53600K->1344K(53760K)] 411900K->359644K(686080K), 0.0021706 secs] [Times: user=0.01 sys=0.00, real=0.00 secs] 
2761.224: [GC (Allocation Failure) [PSYoungGen: 53568K->1408K(53760K)] 411868K->359708K(686080K), 0.0021243 secs] [Times: user=0.01 sys=0.00, real=0.00 secs] 
2761.441: [GC (Allocation Failure) [PSYoungGen: 53632K->1376K(53760K)] 411932K->359692K(686080K), 0.0019843 secs] [Times: user=0.01 sys=0.00, real=0.00 secs] 
2762.352: [GC (Allocation Failure) [PSYoungGen: 53600K->1504K(53760K)] 411916K->359920K(686080K), 0.0017478 secs] [Times: user=0.01 sys=0.00, real=0.00 secs] 
2762.569: [GC (Allocation Failure) [PSYoungGen: 53728K->1312K(53248K)] 412144K->359728K(685568K), 0.0069552 secs] [Times: user=0.03 sys=0.00, real=0.00 secs] 
2762.789: [GC (Allocation Failure) [PSYoungGen: 53024K->1280K(53760K)] 411440K->359696K(686080K), 0.0017872 secs] [Times: user=0.01 sys=0.00, real=0.00 secs] 
2763.032: [GC (Allocation Failure) [PSYoungGen: 52992K->1312K(58880K)] 411408K->359728K(691200K), 0.0024516 secs] [Times: user=0.01 sys=0.00, real=0.00 secs] 
2763.449: [GC (Allocation Failure) [PSYoungGen: 58144K->1312K(58880K)] 416560K->359728K(691200K), 0.0025197 secs] [Times: user=0.01 sys=0.00, real=0.01 secs] 
2763.939: [GC (Allocation Failure) [PSYoungGen: 58144K->1312K(58368K)] 416560K->359736K(690688K), 0.0024990 secs] [Times: user=0.01 sys=0.00, real=0.00 secs] 
2765.413: [GC (Allocation Failure) [PSYoungGen: 58144K->1424K(58368K)] 416568K->359848K(690688K), 0.0033781 secs] [Times: user=0.01 sys=0.00, real=0.00 secs] 
2765.822: [GC (Allocation Failure) [PSYoungGen: 58256K->1344K(58368K)] 416680K->359768K(690688K), 0.0023559 secs] [Times: user=0.01 sys=0.00, real=0.00 secs] 
2766.056: [GC (Allocation Failure) [PSYoungGen: 58176K->1408K(58368K)] 416600K->359832K(690688K), 0.0021572 secs] [Times: user=0.01 sys=0.01, real=0.00 secs] 
2766.292: [GC (Allocation Failure) [PSYoungGen: 58240K->352K(57856K)] 416664K->359800K(690176K), 0.0021603 secs] [Times: user=0.01 sys=0.00, real=0.00 secs] 
2766.528: [GC (Allocation Failure) [PSYoungGen: 57184K->384K(58880K)] 416632K->359840K(691200K), 0.0020242 secs] [Times: user=0.00 sys=0.00, real=0.01 secs] 
2767.691: [GC (Allocation Failure) [PSYoungGen: 57216K->1440K(58880K)] 416672K->360896K(691200K), 0.0018662 secs] [Times: user=0.00 sys=0.00, real=0.00 secs] 
2768.178: [GC (Allocation Failure) [PSYoungGen: 58272K->1440K(58880K)] 417728K->360896K(691200K), 0.0034421 secs] [Times: user=0.01 sys=0.00, real=0.01 secs] 
2768.586: [GC (Allocation Failure) [PSYoungGen: 58272K->1408K(58880K)] 417728K->360864K(691200K), 0.0027422 secs] [Times: user=0.01 sys=0.00, real=0.01 secs] 
2768.883: [GC (Allocation Failure) [PSYoungGen: 58240K->1360K(58880K)] 417696K->360816K(691200K), 0.0021882 secs] [Times: user=0.01 sys=0.00, real=0.00 secs] 
2769.119: [GC (Allocation Failure) [PSYoungGen: 58192K->1376K(58880K)] 417648K->360856K(691200K), 0.0020051 secs] [Times: user=0.00 sys=0.00, real=0.00 secs] 
2770.111: [GC (Allocation Failure) [PSYoungGen: 58208K->1408K(58880K)] 417688K->360888K(691200K), 0.0018254 secs] [Times: user=0.01 sys=0.00, real=0.00 secs] 
2770.398: [GC (Allocation Failure) [PSYoungGen: 58240K->1344K(58880K)] 417720K->360824K(691200K), 0.0018317 secs] [Times: user=0.01 sys=0.00, real=0.01 secs] 
2770.634: [GC (Allocation Failure) [PSYoungGen: 58176K->1360K(58880K)] 417656K->360840K(691200K), 0.0016645 secs] [Times: user=0.00 sys=0.00, real=0.00 secs] 
2770.922: [GC (Allocation Failure) [PSYoungGen: 58192K->1392K(58880K)] 417672K->360888K(691200K), 0.0018162 secs] [Times: user=0.01 sys=0.00, real=0.00 secs] 
2771.244: [GC (Allocation Failure) [PSYoungGen: 58224K->1376K(58880K)] 417720K->360872K(691200K), 0.0020646 secs] [Times: user=0.01 sys=0.00, real=0.00 secs] 
2772.709: [GC (Allocation Failure) [PSYoungGen: 58208K->1408K(58880K)] 417704K->360912K(691200K), 0.0017665 secs] [Times: user=0.01 sys=0.00, real=0.00 secs] 
2773.393: [GC (Allocation Failure) [PSYoungGen: 58240K->1408K(58880K)] 417744K->360912K(691200K), 0.0021610 secs] [Times: user=0.01 sys=0.00, real=0.00 secs] 
2773.896: [GC (Allocation Failure) [PSYoungGen: 58240K->1440K(58880K)] 417744K->360944K(691200K), 0.0022730 secs] [Times: user=0.00 sys=0.00, real=0.00 secs] 
2774.379: [GC (Allocation Failure) [PSYoungGen: 58272K->1440K(58880K)] 417776K->360944K(691200K), 0.0022524 secs] [Times: user=0.00 sys=0.00, real=0.00 secs] 
2774.888: [GC (Allocation Failure) [PSYoungGen: 58260K->320K(58880K)] 417765K->359824K(691200K), 0.0020260 secs] [Times: user=0.01 sys=0.00, real=0.01 secs] 
2776.035: [GC (Allocation Failure) [PSYoungGen: 57152K->1440K(58880K)] 416656K->360944K(691200K), 0.0017963 secs] [Times: user=0.00 sys=0.00, real=0.00 secs] 
2776.609: [GC (Allocation Failure) [PSYoungGen: 58272K->1408K(58880K)] 417776K->360912K(691200K), 0.0024813 secs] [Times: user=0.01 sys=0.00, real=0.00 secs] 
2777.115: [GC (Allocation Failure) [PSYoungGen: 58240K->1344K(58880K)] 417744K->360848K(691200K), 0.0022855 secs] [Times: user=0.01 sys=0.00, real=0.00 secs] 
2777.838: [GC (Allocation Failure) [PSYoungGen: 58176K->1376K(58880K)] 417680K->360880K(691200K), 0.0031627 secs] [Times: user=0.01 sys=0.00, real=0.01 secs] 
2779.232: [GC (Allocation Failure) [PSYoungGen: 58208K->333K(58880K)] 417712K->359837K(691200K), 0.0016410 secs] [Times: user=0.01 sys=0.00, real=0.00 secs] 
2781.204: [GC (Allocation Failure) [PSYoungGen: 57165K->1408K(58880K)] 416669K->360912K(691200K), 0.0050918 secs] [Times: user=0.02 sys=0.00, real=0.01 secs] 
2782.105: [GC (Allocation Failure) [PSYoungGen: 58240K->1376K(58880K)] 417744K->360880K(691200K), 0.0027070 secs] [Times: user=0.01 sys=0.00, real=0.00 secs] 
2782.510: [GC (Allocation Failure) [PSYoungGen: 58208K->1376K(58880K)] 417712K->360880K(691200K), 0.0034545 secs] [Times: user=0.02 sys=0.00, real=0.00 secs] 
2783.015: [GC (Allocation Failure) [PSYoungGen: 58208K->1376K(58880K)] 417712K->360880K(691200K), 0.0034416 secs] [Times: user=0.01 sys=0.00, real=0.00 secs] 
2784.454: [GC (Allocation Failure) [PSYoungGen: 58155K->256K(58880K)] 417660K->359760K(691200K), 0.0016288 secs] [Times: user=0.00 sys=0.00, real=0.00 secs] 
2784.735: [GC (Allocation Failure) [PSYoungGen: 57088K->1408K(58880K)] 416592K->360912K(691200K), 0.0018867 secs] [Times: user=0.00 sys=0.00, real=0.00 secs] 
2784.972: [GC (Allocation Failure) [PSYoungGen: 58240K->1376K(58880K)] 417744K->360888K(691200K), 0.0017770 secs] [Times: user=0.00 sys=0.00, real=0.00 secs] 
2785.410: [GC (Allocation Failure) [PSYoungGen: 58208K->1376K(58880K)] 417720K->360888K(691200K), 0.0029316 secs] [Times: user=0.01 sys=0.00, real=0.00 secs] 
2785.918: [GC (Allocation Failure) [PSYoungGen: 58208K->1344K(58880K)] 417720K->360856K(691200K), 0.0030557 secs] [Times: user=0.01 sys=0.00, real=0.01 secs] 
2787.096: [GC (Allocation Failure) [PSYoungGen: 58176K->1456K(58880K)] 417688K->360968K(691200K), 0.0018472 secs] [Times: user=0.01 sys=0.00, real=0.00 secs] 
2787.406: [GC (Allocation Failure) [PSYoungGen: 58288K->1408K(58880K)] 417800K->360920K(691200K), 0.0020872 secs] [Times: user=0.01 sys=0.00, real=0.00 secs] 
2787.643: [GC (Allocation Failure) [PSYoungGen: 58240K->1408K(58880K)] 417752K->360920K(691200K), 0.0020122 secs] [Times: user=0.01 sys=0.00, real=0.00 secs] 
2788.100: [GC (Allocation Failure) [PSYoungGen: 58240K->1376K(58880K)] 417752K->360888K(691200K), 0.0021318 secs] [Times: user=0.00 sys=0.00, real=0.00 secs] 
2788.513: [GC (Allocation Failure) [PSYoungGen: 58208K->1376K(58880K)] 417720K->360888K(691200K), 0.0021415 secs] [Times: user=0.01 sys=0.00, real=0.00 secs] 
2789.655: [GC (Allocation Failure) [PSYoungGen: 58047K->1712K(58880K)] 417559K->361224K(691200K), 0.0017643 secs] [Times: user=0.01 sys=0.00, real=0.00 secs] 
2789.943: [GC (Allocation Failure) [PSYoungGen: 58544K->1408K(58880K)] 418056K->360920K(691200K), 0.0018579 secs] [Times: user=0.01 sys=0.00, real=0.00 secs] 
2790.193: [GC (Allocation Failure) [PSYoungGen: 58240K->1408K(58880K)] 417752K->360920K(691200K), 0.0018125 secs] [Times: user=0.01 sys=0.00, real=0.00 secs] 
2790.521: [GC (Allocation Failure) [PSYoungGen: 58240K->1376K(58880K)] 417752K->360888K(691200K), 0.0020584 secs] [Times: user=0.01 sys=0.00, real=0.00 secs] 
2790.975: [GC (Allocation Failure) [PSYoungGen: 58208K->1376K(58880K)] 417720K->360888K(691200K), 0.0021287 secs] [Times: user=0.01 sys=0.00, real=0.00 secs] 
2792.215: [GC (Allocation Failure) [PSYoungGen: 58208K->1968K(58880K)] 417720K->361504K(691200K), 0.0017884 secs] [Times: user=0.01 sys=0.00, real=0.00 secs] 
2792.615: [GC (Allocation Failure) [PSYoungGen: 58800K->1408K(58880K)] 418336K->360952K(691200K), 0.0026209 secs] [Times: user=0.01 sys=0.00, real=0.00 secs] 
2793.059: [GC (Allocation Failure) [PSYoungGen: 58240K->1376K(58880K)] 417784K->360920K(691200K), 0.0021257 secs] [Times: user=0.01 sys=0.00, real=0.00 secs] 
2793.715: [GC (Allocation Failure) [PSYoungGen: 58208K->1408K(58880K)] 417752K->360952K(691200K), 0.0024221 secs] [Times: user=0.01 sys=0.00, real=0.00 secs] 
2794.279: [GC (Allocation Failure) [PSYoungGen: 58240K->1376K(58880K)] 417784K->360920K(691200K), 0.0028336 secs] [Times: user=0.02 sys=0.00, real=0.00 secs] 
2795.665: [GC (Allocation Failure) [PSYoungGen: 58208K->1952K(58880K)] 417752K->361496K(691200K), 0.0018285 secs] [Times: user=0.01 sys=0.00, real=0.00 secs] 
2796.249: [GC (Allocation Failure) [PSYoungGen: 58784K->1376K(58880K)] 418328K->360920K(691200K), 0.0033671 secs] [Times: user=0.01 sys=0.00, real=0.00 secs] 
2796.912: [GC (Allocation Failure) [PSYoungGen: 58208K->1408K(58880K)] 417752K->360952K(691200K), 0.0033772 secs] [Times: user=0.02 sys=0.00, real=0.00 secs] 
2797.582: [GC (Allocation Failure) [PSYoungGen: 58240K->1376K(58880K)] 417784K->360920K(691200K), 0.0027403 secs] [Times: user=0.01 sys=0.01, real=0.00 secs] 
2798.104: [GC (Allocation Failure) [PSYoungGen: 58208K->1408K(58880K)] 417752K->360952K(691200K), 0.0027414 secs] [Times: user=0.01 sys=0.00, real=0.00 secs] 
2799.432: [GC (Allocation Failure) [PSYoungGen: 58240K->1920K(58880K)] 417784K->361992K(691200K), 0.0018125 secs] [Times: user=0.00 sys=0.00, real=0.00 secs] 
2799.758: [GC (Allocation Failure) [PSYoungGen: 58752K->1408K(58880K)] 418824K->361480K(691200K), 0.0015990 secs] [Times: user=0.01 sys=0.01, real=0.01 secs] 
2800.037: [GC (Allocation Failure) [PSYoungGen: 58240K->1344K(58880K)] 418312K->361416K(691200K), 0.0018177 secs] [Times: user=0.00 sys=0.00, real=0.00 secs] 
2800.272: [GC (Allocation Failure) [PSYoungGen: 58176K->1376K(58880K)] 418248K->361448K(691200K), 0.0014995 secs] [Times: user=0.01 sys=0.00, real=0.00 secs] 
2800.508: [GC (Allocation Failure) [PSYoungGen: 58208K->1408K(58880K)] 418280K->361480K(691200K), 0.0018165 secs] [Times: user=0.01 sys=0.00, real=0.01 secs] 
2801.479: [GC (Allocation Failure) [PSYoungGen: 58240K->1440K(58880K)] 418312K->361512K(691200K), 0.0016624 secs] [Times: user=0.01 sys=0.00, real=0.00 secs] 
2801.764: [GC (Allocation Failure) [PSYoungGen: 58272K->1440K(58880K)] 418344K->361512K(691200K), 0.0017572 secs] [Times: user=0.01 sys=0.00, real=0.00 secs] 
2802.000: [GC (Allocation Failure) [PSYoungGen: 58272K->1440K(58880K)] 418344K->361512K(691200K), 0.0017473 secs] [Times: user=0.01 sys=0.00, real=0.00 secs] 
2802.236: [GC (Allocation Failure) [PSYoungGen: 58272K->1440K(58880K)] 418344K->361528K(691200K), 0.0018595 secs] [Times: user=0.01 sys=0.00, real=0.00 secs] 
2802.517: [GC (Allocation Failure) [PSYoungGen: 58272K->1360K(58880K)] 418360K->361448K(691200K), 0.0018807 secs] [Times: user=0.01 sys=0.00, real=0.00 secs] 
2803.643: [GC (Allocation Failure) [PSYoungGen: 58192K->1440K(58880K)] 418280K->361528K(691200K), 0.0019622 secs] [Times: user=0.01 sys=0.00, real=0.00 secs] 
2804.188: [GC (Allocation Failure) [PSYoungGen: 58272K->1408K(58880K)] 418360K->361496K(691200K), 0.0019350 secs] [Times: user=0.01 sys=0.00, real=0.01 secs] 
2804.678: [GC (Allocation Failure) [PSYoungGen: 58240K->1408K(58880K)] 418328K->361496K(691200K), 0.0025036 secs] [Times: user=0.01 sys=0.00, real=0.01 secs] 
2805.195: [GC (Allocation Failure) [PSYoungGen: 58240K->1408K(58880K)] 418328K->361496K(691200K), 0.0023128 secs] [Times: user=0.01 sys=0.00, real=0.00 secs] 
2805.625: [GC (Allocation Failure) [PSYoungGen: 58240K->1408K(58880K)] 418328K->361496K(691200K), 0.0025130 secs] [Times: user=0.01 sys=0.00, real=0.00 secs] 
2806.995: [GC (Allocation Failure) [PSYoungGen: 58240K->1440K(58880K)] 418328K->361528K(691200K), 0.0034485 secs] [Times: user=0.01 sys=0.00, real=0.01 secs] 
2807.836: [GC (Allocation Failure) [PSYoungGen: 58272K->1408K(58880K)] 418360K->361496K(691200K), 0.0027013 secs] [Times: user=0.02 sys=0.00, real=0.00 secs] 
2808.299: [GC (Allocation Failure) [PSYoungGen: 58240K->1376K(58880K)] 418328K->361464K(691200K), 0.0026683 secs] [Times: user=0.01 sys=0.00, real=0.00 secs] 
2808.721: [GC (Allocation Failure) [PSYoungGen: 58208K->1408K(58880K)] 418296K->361496K(691200K), 0.0022682 secs] [Times: user=0.01 sys=0.01, real=0.00 secs] 
2808.958: [GC (Allocation Failure) [PSYoungGen: 58240K->1376K(58880K)] 418328K->361464K(691200K), 0.0021928 secs] [Times: user=0.01 sys=0.00, real=0.01 secs] 
2809.928: [GC (Allocation Failure) [PSYoungGen: 58208K->1408K(58880K)] 418296K->361496K(691200K), 0.0017729 secs] [Times: user=0.00 sys=0.00, real=0.01 secs] 
2810.388: [GC (Allocation Failure) [PSYoungGen: 58240K->1408K(58368K)] 418328K->361496K(690688K), 0.0017804 secs] [Times: user=0.01 sys=0.00, real=0.01 secs] 
2810.866: [GC (Allocation Failure) [PSYoungGen: 58240K->1376K(58368K)] 418328K->361464K(690688K), 0.0042925 secs] [Times: user=0.01 sys=0.00, real=0.01 secs] 
2811.346: [GC (Allocation Failure) [PSYoungGen: 58208K->320K(57856K)] 418296K->361432K(690176K), 0.0034085 secs] [Times: user=0.01 sys=0.00, real=0.01 secs] 
2811.652: [GC (Allocation Failure) [PSYoungGen: 57152K->400K(58880K)] 418264K->361512K(691200K), 0.0019880 secs] [Times: user=0.00 sys=0.00, real=0.00 secs] 
2813.144: [GC (Allocation Failure) [PSYoungGen: 57232K->1408K(58880K)] 418344K->362544K(691200K), 0.0035717 secs] [Times: user=0.02 sys=0.00, real=0.00 secs] 
2813.955: [GC (Allocation Failure) [PSYoungGen: 58240K->1408K(58880K)] 419376K->362544K(691200K), 0.0041823 secs] [Times: user=0.02 sys=0.00, real=0.01 secs] 
2814.510: [GC (Allocation Failure) [PSYoungGen: 58240K->1376K(58880K)] 419376K->362512K(691200K), 0.0029980 secs] [Times: user=0.02 sys=0.00, real=0.00 secs] 
2815.097: [GC (Allocation Failure) [PSYoungGen: 58208K->1408K(58880K)] 419344K->362544K(691200K), 0.0028739 secs] [Times: user=0.01 sys=0.00, real=0.01 secs] 
2815.766: [GC (Allocation Failure) [PSYoungGen: 58240K->1376K(58880K)] 419376K->362512K(691200K), 0.0051618 secs] [Times: user=0.02 sys=0.00, real=0.01 secs] 
2817.271: [GC (Allocation Failure) [PSYoungGen: 58208K->1440K(58880K)] 419344K->362576K(691200K), 0.0021531 secs] [Times: user=0.01 sys=0.00, real=0.00 secs] 
2817.878: [GC (Allocation Failure) [PSYoungGen: 58272K->1408K(58880K)] 419408K->362544K(691200K), 0.0033490 secs] [Times: user=0.02 sys=0.00, real=0.01 secs] 
2818.549: [GC (Allocation Failure) [PSYoungGen: 58240K->1408K(58880K)] 419376K->362544K(691200K), 0.0040776 secs] [Times: user=0.02 sys=0.00, real=0.00 secs] 
2819.251: [GC (Allocation Failure) [PSYoungGen: 58240K->1376K(58880K)] 419376K->362512K(691200K), 0.0040163 secs] [Times: user=0.02 sys=0.00, real=0.00 secs] 
2819.739: [GC (Allocation Failure) [PSYoungGen: 58208K->1408K(58880K)] 419344K->362544K(691200K), 0.0027262 secs] [Times: user=0.01 sys=0.00, real=0.00 secs] 
2820.909: [GC (Allocation Failure) [PSYoungGen: 58240K->1408K(58880K)] 419376K->362544K(691200K), 0.0018127 secs] [Times: user=0.00 sys=0.00, real=0.00 secs] 
2821.454: [GC (Allocation Failure) [PSYoungGen: 58240K->1408K(58880K)] 419376K->362544K(691200K), 0.0021628 secs] [Times: user=0.01 sys=0.00, real=0.00 secs] 
2821.771: [GC (Allocation Failure) [PSYoungGen: 58240K->1408K(58880K)] 419376K->362544K(691200K), 0.0067103 secs] [Times: user=0.03 sys=0.00, real=0.00 secs] 
2822.012: [GC (Allocation Failure) [PSYoungGen: 58240K->1408K(58880K)] 419376K->362544K(691200K), 0.0023422 secs] [Times: user=0.00 sys=0.00, real=0.00 secs] 
2822.249: [GC (Allocation Failure) [PSYoungGen: 58240K->1408K(58880K)] 419376K->362544K(691200K), 0.0020740 secs] [Times: user=0.00 sys=0.00, real=0.00 secs] 
2823.170: [GC (Allocation Failure) [PSYoungGen: 58240K->1344K(58880K)] 419376K->362480K(691200K), 0.0017391 secs] [Times: user=0.01 sys=0.00, real=0.00 secs] 
2823.406: [GC (Allocation Failure) [PSYoungGen: 58176K->1344K(58880K)] 419312K->362488K(691200K), 0.0017553 secs] [Times: user=0.01 sys=0.00, real=0.00 secs] 
2823.642: [GC (Allocation Failure) [PSYoungGen: 58176K->1344K(58880K)] 419320K->362488K(691200K), 0.0017392 secs] [Times: user=0.01 sys=0.00, real=0.00 secs] 
2823.878: [GC (Allocation Failure) [PSYoungGen: 58176K->1408K(58880K)] 419320K->362552K(691200K), 0.0017445 secs] [Times: user=0.01 sys=0.00, real=0.01 secs] 
2824.113: [GC (Allocation Failure) [PSYoungGen: 58240K->1360K(58880K)] 419384K->362504K(691200K), 0.0016942 secs] [Times: user=0.01 sys=0.00, real=0.00 secs] 
2825.277: [GC (Allocation Failure) [PSYoungGen: 58192K->1408K(58880K)] 419336K->362552K(691200K), 0.0019773 secs] [Times: user=0.01 sys=0.00, real=0.01 secs] 
2825.842: [GC (Allocation Failure) [PSYoungGen: 58240K->1408K(58880K)] 419384K->362552K(691200K), 0.0045643 secs] [Times: user=0.02 sys=0.00, real=0.00 secs] 
2826.280: [GC (Allocation Failure) [PSYoungGen: 58240K->1408K(58880K)] 419384K->362552K(691200K), 0.0023768 secs] [Times: user=0.01 sys=0.00, real=0.00 secs] 
2826.558: [GC (Allocation Failure) [PSYoungGen: 58240K->1408K(58880K)] 419384K->362552K(691200K), 0.0018921 secs] [Times: user=0.01 sys=0.00, real=0.01 secs] 
2827.019: [GC (Allocation Failure) [PSYoungGen: 58240K->1408K(58880K)] 419384K->362552K(691200K), 0.0020515 secs] [Times: user=0.01 sys=0.00, real=0.00 secs] 
2828.316: [GC (Allocation Failure) [PSYoungGen: 58240K->1440K(58880K)] 419384K->362600K(691200K), 0.0021752 secs] [Times: user=0.01 sys=0.00, real=0.00 secs] 
2828.928: [GC (Allocation Failure) [PSYoungGen: 58272K->1344K(58880K)] 419432K->362504K(691200K), 0.0021347 secs] [Times: user=0.01 sys=0.00, real=0.01 secs] 
2829.412: [GC (Allocation Failure) [PSYoungGen: 58176K->1408K(58368K)] 419336K->362568K(690688K), 0.0025500 secs] [Times: user=0.01 sys=0.00, real=0.00 secs] 
2829.926: [GC (Allocation Failure) [PSYoungGen: 58240K->1376K(58368K)] 419400K->362536K(690688K), 0.0020780 secs] [Times: user=0.01 sys=0.00, real=0.00 secs] 
2830.516: [GC (Allocation Failure) [PSYoungGen: 58208K->1344K(58368K)] 419368K->362504K(690688K), 0.0022354 secs] [Times: user=0.01 sys=0.00, real=0.00 secs] 
2832.286: [GC (Allocation Failure) [PSYoungGen: 58176K->1440K(58368K)] 419336K->362600K(690688K), 0.0022039 secs] [Times: user=0.01 sys=0.00, real=0.00 secs] 
2832.849: [GC (Allocation Failure) [PSYoungGen: 58272K->1376K(58368K)] 419432K->362552K(690688K), 0.0024593 secs] [Times: user=0.01 sys=0.00, real=0.00 secs] 
2833.179: [GC (Allocation Failure) [PSYoungGen: 58208K->1408K(58368K)] 419384K->362584K(690688K), 0.0020154 secs] [Times: user=0.01 sys=0.00, real=0.00 secs] 
2833.456: [GC (Allocation Failure) [PSYoungGen: 58240K->1408K(58368K)] 419416K->362584K(690688K), 0.0021143 secs] [Times: user=0.01 sys=0.00, real=0.00 secs] 
2833.728: [GC (Allocation Failure) [PSYoungGen: 58240K->1376K(58368K)] 419416K->362552K(690688K), 0.0019199 secs] [Times: user=0.01 sys=0.00, real=0.01 secs] 
2835.200: [GC (Allocation Failure) [PSYoungGen: 58208K->1408K(58368K)] 419384K->362584K(690688K), 0.0030819 secs] [Times: user=0.01 sys=0.00, real=0.00 secs] 
2836.133: [GC (Allocation Failure) [PSYoungGen: 58240K->1408K(58368K)] 419416K->362584K(690688K), 0.0031701 secs] [Times: user=0.01 sys=0.00, real=0.00 secs] 
2836.701: [GC (Allocation Failure) [PSYoungGen: 58240K->1376K(58368K)] 419416K->362552K(690688K), 0.0027355 secs] [Times: user=0.01 sys=0.00, real=0.00 secs] 
2836.984: [GC (Allocation Failure) [PSYoungGen: 58208K->1408K(58368K)] 419384K->362584K(690688K), 0.0019387 secs] [Times: user=0.00 sys=0.00, real=0.00 secs] 
2837.363: [GC (Allocation Failure) [PSYoungGen: 58240K->1376K(58368K)] 419416K->362552K(690688K), 0.0021303 secs] [Times: user=0.01 sys=0.00, real=0.00 secs] 
2838.583: [GC (Allocation Failure) [PSYoungGen: 58208K->1440K(58368K)] 419384K->362624K(690688K), 0.0019720 secs] [Times: user=0.01 sys=0.00, real=0.00 secs] 
2839.086: [GC (Allocation Failure) [PSYoungGen: 58272K->1376K(58368K)] 419456K->362560K(690688K), 0.0034099 secs] [Times: user=0.01 sys=0.00, real=0.01 secs] 
2839.477: [GC (Allocation Failure) [PSYoungGen: 58208K->1376K(58368K)] 419392K->362560K(690688K), 0.0024120 secs] [Times: user=0.01 sys=0.00, real=0.01 secs] 
2839.709: [GC (Allocation Failure) [PSYoungGen: 58208K->1408K(58368K)] 419392K->362592K(690688K), 0.0019262 secs] [Times: user=0.01 sys=0.00, real=0.00 secs] 
2839.945: [GC (Allocation Failure) [PSYoungGen: 58240K->1408K(58368K)] 419424K->362592K(690688K), 0.0020221 secs] [Times: user=0.01 sys=0.00, real=0.00 secs] 
2841.854: [GC (Allocation Failure) [PSYoungGen: 58240K->1440K(58368K)] 419424K->362624K(690688K), 0.0044810 secs] [Times: user=0.02 sys=0.00, real=0.00 secs] 
2843.142: [GC (Allocation Failure) [PSYoungGen: 58272K->1344K(58368K)] 419456K->362528K(690688K), 0.0051640 secs] [Times: user=0.02 sys=0.00, real=0.00 secs] 
2843.772: [GC (Allocation Failure) [PSYoungGen: 58176K->1408K(58368K)] 419360K->362592K(690688K), 0.0028949 secs] [Times: user=0.02 sys=0.00, real=0.00 secs] 
2844.262: [GC (Allocation Failure) [PSYoungGen: 58240K->1376K(58368K)] 419424K->362568K(690688K), 0.0026388 secs] [Times: user=0.01 sys=0.01, real=0.00 secs] 
2844.743: [GC (Allocation Failure) [PSYoungGen: 58208K->1408K(58368K)] 419400K->362600K(690688K), 0.0029216 secs] [Times: user=0.01 sys=0.00, real=0.00 secs] 
2845.708: [GC (Allocation Failure) [PSYoungGen: 58240K->1440K(58368K)] 419432K->362632K(690688K), 0.0016671 secs] [Times: user=0.01 sys=0.00, real=0.01 secs] 
2845.944: [GC (Allocation Failure) [PSYoungGen: 58272K->1376K(58368K)] 419464K->362568K(690688K), 0.0016233 secs] [Times: user=0.01 sys=0.00, real=0.00 secs] 
2846.179: [GC (Allocation Failure) [PSYoungGen: 58208K->1376K(58368K)] 419400K->362568K(690688K), 0.0016285 secs] [Times: user=0.01 sys=0.00, real=0.00 secs] 
2846.414: [GC (Allocation Failure) [PSYoungGen: 58208K->1376K(58368K)] 419400K->362568K(690688K), 0.0015788 secs] [Times: user=0.00 sys=0.00, real=0.00 secs] 
2846.650: [GC (Allocation Failure) [PSYoungGen: 58208K->1344K(58368K)] 419400K->362536K(690688K), 0.0016009 secs] [Times: user=0.00 sys=0.00, real=0.00 secs] 
2848.091: [GC (Allocation Failure) [PSYoungGen: 58176K->1408K(58368K)] 419368K->362600K(690688K), 0.0022051 secs] [Times: user=0.01 sys=0.00, real=0.00 secs] 
2848.641: [GC (Allocation Failure) [PSYoungGen: 58240K->1408K(58368K)] 419432K->362600K(690688K), 0.0026682 secs] [Times: user=0.01 sys=0.00, real=0.00 secs] 
2849.020: [GC (Allocation Failure) [PSYoungGen: 58240K->1360K(58368K)] 419432K->362552K(690688K), 0.0018112 secs] [Times: user=0.01 sys=0.00, real=0.00 secs] 
2849.466: [GC (Allocation Failure) [PSYoungGen: 58192K->1344K(58368K)] 419384K->362536K(690688K), 0.0020567 secs] [Times: user=0.01 sys=0.00, real=0.00 secs] 
2850.181: [GC (Allocation Failure) [PSYoungGen: 58176K->1408K(58368K)] 419368K->362600K(690688K), 0.0032357 secs] [Times: user=0.02 sys=0.00, real=0.00 secs] 
2851.924: [GC (Allocation Failure) [PSYoungGen: 58240K->1376K(58368K)] 419432K->362568K(690688K), 0.0024642 secs] [Times: user=0.01 sys=0.01, real=0.00 secs] 
2852.574: [GC (Allocation Failure) [PSYoungGen: 58208K->1376K(58368K)] 419400K->362568K(690688K), 0.0024046 secs] [Times: user=0.01 sys=0.00, real=0.00 secs] 
2853.264: [GC (Allocation Failure) [PSYoungGen: 58208K->1376K(58368K)] 419400K->362584K(690688K), 0.0024417 secs] [Times: user=0.01 sys=0.00, real=0.00 secs] 
2854.426: [GC (Allocation Failure) [PSYoungGen: 58208K->1408K(58368K)] 419416K->362616K(690688K), 0.0042149 secs] [Times: user=0.02 sys=0.00, real=0.01 secs] 
2855.359: [GC (Allocation Failure) [PSYoungGen: 58240K->1408K(58368K)] 419448K->362616K(690688K), 0.0040292 secs] [Times: user=0.02 sys=0.00, real=0.00 secs] 
2857.685: [GC (Allocation Failure) [PSYoungGen: 58240K->1440K(58368K)] 419448K->362648K(690688K), 0.0032312 secs] [Times: user=0.01 sys=0.00, real=0.00 secs] 
2858.407: [GC (Allocation Failure) [PSYoungGen: 58272K->1344K(58368K)] 419480K->362552K(690688K), 0.0026881 secs] [Times: user=0.01 sys=0.00, real=0.01 secs] 
2859.230: [GC (Allocation Failure) [PSYoungGen: 58176K->1344K(58368K)] 419384K->362552K(690688K), 0.0024329 secs] [Times: user=0.01 sys=0.00, real=0.00 secs] 
2860.022: [GC (Allocation Failure) [PSYoungGen: 58176K->1408K(58368K)] 419384K->362616K(690688K), 0.0025784 secs] [Times: user=0.01 sys=0.00, real=0.00 secs] 
2860.866: [GC (Allocation Failure) [PSYoungGen: 58240K->1376K(58368K)] 419448K->362584K(690688K), 0.0042455 secs] [Times: user=0.01 sys=0.01, real=0.01 secs] 
2862.173: [GC (Allocation Failure) [PSYoungGen: 58208K->1456K(58368K)] 419416K->362664K(690688K), 0.0019939 secs] [Times: user=0.01 sys=0.00, real=0.00 secs] 
2862.634: [GC (Allocation Failure) [PSYoungGen: 58288K->1344K(58368K)] 419496K->362552K(690688K), 0.0021360 secs] [Times: user=0.01 sys=0.00, real=0.00 secs] 
2863.052: [GC (Allocation Failure) [PSYoungGen: 58176K->1408K(58368K)] 419384K->362616K(690688K), 0.0022438 secs] [Times: user=0.01 sys=0.00, real=0.00 secs] 
2863.501: [GC (Allocation Failure) [PSYoungGen: 58240K->1376K(58368K)] 419448K->362584K(690688K), 0.0023186 secs] [Times: user=0.01 sys=0.00, real=0.00 secs] 
2863.956: [GC (Allocation Failure) [PSYoungGen: 58208K->1312K(58368K)] 419416K->362520K(690688K), 0.0023748 secs] [Times: user=0.01 sys=0.00, real=0.00 secs] 
2864.986: [GC (Allocation Failure) [PSYoungGen: 58144K->1440K(58368K)] 419352K->362648K(690688K), 0.0017400 secs] [Times: user=0.01 sys=0.00, real=0.00 secs] 
2865.471: [GC (Allocation Failure) [PSYoungGen: 58272K->1408K(58368K)] 419480K->362616K(690688K), 0.0018637 secs] [Times: user=0.01 sys=0.00, real=0.00 secs] 
2865.912: [GC (Allocation Failure) [PSYoungGen: 58240K->1376K(58368K)] 419448K->362584K(690688K), 0.0018646 secs] [Times: user=0.01 sys=0.00, real=0.00 secs] 
2866.353: [GC (Allocation Failure) [PSYoungGen: 58208K->1376K(58368K)] 419416K->362600K(690688K), 0.0019686 secs] [Times: user=0.00 sys=0.00, real=0.00 secs] 
2866.812: [GC (Allocation Failure) [PSYoungGen: 58208K->1376K(58368K)] 419432K->362600K(690688K), 0.0018737 secs] [Times: user=0.01 sys=0.00, real=0.00 secs] 
2867.746: [GC (Allocation Failure) [PSYoungGen: 58208K->1376K(58368K)] 419432K->362608K(690688K), 0.0017487 secs] [Times: user=0.01 sys=0.00, real=0.00 secs] 
2868.122: [GC (Allocation Failure) [PSYoungGen: 58208K->1408K(58368K)] 419440K->362640K(690688K), 0.0017690 secs] [Times: user=0.01 sys=0.00, real=0.00 secs] 
2868.591: [GC (Allocation Failure) [PSYoungGen: 58240K->1408K(58368K)] 419472K->362640K(690688K), 0.0018398 secs] [Times: user=0.01 sys=0.00, real=0.00 secs] 
2869.080: [GC (Allocation Failure) [PSYoungGen: 58240K->1408K(58368K)] 419472K->362640K(690688K), 0.0017360 secs] [Times: user=0.00 sys=0.00, real=0.00 secs] 
2869.560: [GC (Allocation Failure) [PSYoungGen: 58240K->1376K(58368K)] 419472K->362608K(690688K), 0.0017765 secs] [Times: user=0.01 sys=0.00, real=0.00 secs] 
2870.562: [GC (Allocation Failure) [PSYoungGen: 58208K->1440K(58368K)] 419440K->362672K(690688K), 0.0015234 secs] [Times: user=0.00 sys=0.00, real=0.00 secs] 
2870.927: [GC (Allocation Failure) [PSYoungGen: 58272K->1376K(58368K)] 419504K->362608K(690688K), 0.0017106 secs] [Times: user=0.00 sys=0.00, real=0.01 secs] 
2871.406: [GC (Allocation Failure) [PSYoungGen: 58208K->1376K(58368K)] 419440K->362608K(690688K), 0.0031366 secs] [Times: user=0.01 sys=0.00, real=0.01 secs] 
2871.847: [GC (Allocation Failure) [PSYoungGen: 58208K->1408K(58368K)] 419440K->362656K(690688K), 0.0027130 secs] [Times: user=0.01 sys=0.00, real=0.01 secs] 
2872.297: [GC (Allocation Failure) [PSYoungGen: 58240K->1408K(58368K)] 419488K->362656K(690688K), 0.0027265 secs] [Times: user=0.01 sys=0.00, real=0.01 secs] 
2873.298: [GC (Allocation Failure) [PSYoungGen: 58240K->1408K(58368K)] 419488K->362656K(690688K), 0.0018352 secs] [Times: user=0.01 sys=0.00, real=0.01 secs] 
2873.534: [GC (Allocation Failure) [PSYoungGen: 58240K->1376K(58368K)] 419488K->362624K(690688K), 0.0021627 secs] [Times: user=0.01 sys=0.00, real=0.00 secs] 
2873.770: [GC (Allocation Failure) [PSYoungGen: 58208K->1408K(58368K)] 419456K->362656K(690688K), 0.0017015 secs] [Times: user=0.00 sys=0.00, real=0.00 secs] 
2874.006: [GC (Allocation Failure) [PSYoungGen: 58240K->1408K(58368K)] 419488K->362656K(690688K), 0.0016511 secs] [Times: user=0.01 sys=0.00, real=0.00 secs] 
2874.245: [GC (Allocation Failure) [PSYoungGen: 58240K->1344K(58368K)] 419488K->362592K(690688K), 0.0039639 secs] [Times: user=0.02 sys=0.00, real=0.00 secs] 
2875.252: [GC (Allocation Failure) [PSYoungGen: 58176K->1408K(58368K)] 419424K->362656K(690688K), 0.0029199 secs] [Times: user=0.02 sys=0.00, real=0.00 secs] 
2875.488: [GC (Allocation Failure) [PSYoungGen: 58240K->1408K(58368K)] 419488K->362656K(690688K), 0.0020670 secs] [Times: user=0.00 sys=0.00, real=0.01 secs] 
2875.724: [GC (Allocation Failure) [PSYoungGen: 58240K->1424K(58368K)] 419488K->362672K(690688K), 0.0020673 secs] [Times: user=0.01 sys=0.00, real=0.00 secs] 
2875.996: [GC (Allocation Failure) [PSYoungGen: 58256K->1408K(58368K)] 419504K->362656K(690688K), 0.0019699 secs] [Times: user=0.01 sys=0.00, real=0.00 secs] 
2876.333: [GC (Allocation Failure) [PSYoungGen: 58240K->1344K(58368K)] 419488K->362592K(690688K), 0.0033220 secs] [Times: user=0.01 sys=0.00, real=0.00 secs] 
2877.382: [GC (Allocation Failure) [PSYoungGen: 58176K->1440K(58368K)] 419424K->362688K(690688K), 0.0027316 secs] [Times: user=0.01 sys=0.00, real=0.00 secs] 
2877.614: [GC (Allocation Failure) [PSYoungGen: 58272K->1408K(58368K)] 419520K->362656K(690688K), 0.0021234 secs] [Times: user=0.00 sys=0.00, real=0.00 secs] 
2877.909: [GC (Allocation Failure) [PSYoungGen: 58240K->1376K(58368K)] 419488K->362624K(690688K), 0.0019586 secs] [Times: user=0.01 sys=0.00, real=0.00 secs] 
2878.145: [GC (Allocation Failure) [PSYoungGen: 58208K->1344K(58368K)] 419456K->362592K(690688K), 0.0020153 secs] [Times: user=0.01 sys=0.00, real=0.00 secs] 
2878.456: [GC (Allocation Failure) [PSYoungGen: 58169K->320K(57856K)] 419417K->361568K(690176K), 0.0021196 secs] [Times: user=0.01 sys=0.00, real=0.00 secs] 
2879.568: [GC (Allocation Failure) [PSYoungGen: 56640K->1376K(58368K)] 417888K->362624K(690688K), 0.0018505 secs] [Times: user=0.01 sys=0.00, real=0.01 secs] 
2880.063: [GC (Allocation Failure) [PSYoungGen: 57696K->1344K(58368K)] 418944K->362616K(690688K), 0.0021319 secs] [Times: user=0.00 sys=0.00, real=0.00 secs] 
2880.528: [GC (Allocation Failure) [PSYoungGen: 57664K->1376K(58368K)] 418936K->362648K(690688K), 0.0026726 secs] [Times: user=0.01 sys=0.00, real=0.01 secs] 
2881.112: [GC (Allocation Failure) [PSYoungGen: 57696K->1408K(58368K)] 418968K->362680K(690688K), 0.0024745 secs] [Times: user=0.01 sys=0.00, real=0.00 secs] 
2881.740: [GC (Allocation Failure) [PSYoungGen: 57728K->1376K(58368K)] 419000K->362648K(690688K), 0.0026678 secs] [Times: user=0.01 sys=0.00, real=0.00 secs] 
2884.079: [GC (Allocation Failure) [PSYoungGen: 57696K->1408K(58368K)] 418968K->362680K(690688K), 0.0029306 secs] [Times: user=0.01 sys=0.00, real=0.00 secs] 
2884.555: [GC (Allocation Failure) [PSYoungGen: 57728K->1376K(58368K)] 419000K->362648K(690688K), 0.0027173 secs] [Times: user=0.01 sys=0.01, real=0.00 secs] 
2884.877: [GC (Allocation Failure) [PSYoungGen: 57696K->1392K(58368K)] 418968K->362664K(690688K), 0.0030995 secs] [Times: user=0.01 sys=0.00, real=0.01 secs] 
2885.558: [GC (Allocation Failure) [PSYoungGen: 57712K->1376K(58368K)] 418984K->362648K(690688K), 0.0024276 secs] [Times: user=0.01 sys=0.00, real=0.01 secs] 
2886.312: [GC (Allocation Failure) [PSYoungGen: 57696K->1376K(58368K)] 418968K->362648K(690688K), 0.0048941 secs] [Times: user=0.02 sys=0.00, real=0.00 secs] 
2887.434: [GC (Allocation Failure) [PSYoungGen: 57696K->1440K(58368K)] 418968K->362720K(690688K), 0.0017376 secs] [Times: user=0.01 sys=0.00, real=0.00 secs] 
2887.668: [GC (Allocation Failure) [PSYoungGen: 57760K->1440K(58368K)] 419040K->362720K(690688K), 0.0019389 secs] [Times: user=0.01 sys=0.00, real=0.01 secs] 
2887.903: [GC (Allocation Failure) [PSYoungGen: 57760K->1376K(58368K)] 419040K->362656K(690688K), 0.0018934 secs] [Times: user=0.00 sys=0.00, real=0.00 secs] 
2888.137: [GC (Allocation Failure) [PSYoungGen: 57696K->1344K(58368K)] 418976K->362624K(690688K), 0.0021136 secs] [Times: user=0.01 sys=0.00, real=0.01 secs] 
2888.371: [GC (Allocation Failure) [PSYoungGen: 57664K->1376K(58368K)] 418944K->362664K(690688K), 0.0019024 secs] [Times: user=0.01 sys=0.00, real=0.00 secs] 
2891.106: [GC (Allocation Failure) [PSYoungGen: 57696K->1376K(57856K)] 418984K->362664K(690176K), 0.0050316 secs] [Times: user=0.02 sys=0.00, real=0.01 secs] 
2891.950: [GC (Allocation Failure) [PSYoungGen: 57696K->1408K(57856K)] 418984K->362696K(690176K), 0.0026002 secs] [Times: user=0.01 sys=0.00, real=0.00 secs] 
2892.591: [GC (Allocation Failure) [PSYoungGen: 57728K->320K(57344K)] 419016K->362632K(689664K), 0.0028735 secs] [Times: user=0.01 sys=0.00, real=0.00 secs] 
2893.060: [GC (Allocation Failure) [PSYoungGen: 56640K->320K(58368K)] 418952K->362632K(690688K), 0.0025127 secs] [Times: user=0.01 sys=0.00, real=0.00 secs] 
2893.581: [GC (Allocation Failure) [PSYoungGen: 56640K->384K(58368K)] 418952K->362696K(690688K), 0.0032170 secs] [Times: user=0.01 sys=0.00, real=0.00 secs] 
2894.996: [GC (Allocation Failure) [PSYoungGen: 56704K->1440K(58368K)] 419016K->363760K(690688K), 0.0019247 secs] [Times: user=0.01 sys=0.00, real=0.00 secs] 
2895.792: [GC (Allocation Failure) [PSYoungGen: 57760K->1376K(58368K)] 420080K->363696K(690688K), 0.0032289 secs] [Times: user=0.02 sys=0.00, real=0.00 secs] 
2896.731: [GC (Allocation Failure) [PSYoungGen: 57696K->1376K(58368K)] 420016K->363704K(690688K), 0.0052168 secs] [Times: user=0.03 sys=0.00, real=0.00 secs] 
2897.433: [GC (Allocation Failure) [PSYoungGen: 57696K->1376K(58368K)] 420024K->363704K(690688K), 0.0051747 secs] [Times: user=0.03 sys=0.00, real=0.00 secs] 
2898.022: [GC (Allocation Failure) [PSYoungGen: 57696K->1408K(58368K)] 420024K->363736K(690688K), 0.0032832 secs] [Times: user=0.02 sys=0.00, real=0.00 secs] 
2899.673: [GC (Allocation Failure) [PSYoungGen: 57728K->1440K(58368K)] 420056K->363768K(690688K), 0.0041194 secs] [Times: user=0.02 sys=0.00, real=0.00 secs] 
2900.373: [GC (Allocation Failure) [PSYoungGen: 57760K->1376K(58368K)] 420088K->363704K(690688K), 0.0032288 secs] [Times: user=0.02 sys=0.00, real=0.00 secs] 
2901.072: [GC (Allocation Failure) [PSYoungGen: 57696K->1376K(58368K)] 420024K->363704K(690688K), 0.0032005 secs] [Times: user=0.01 sys=0.00, real=0.00 secs] 
2901.684: [GC (Allocation Failure) [PSYoungGen: 57696K->1408K(58368K)] 420024K->363736K(690688K), 0.0032629 secs] [Times: user=0.02 sys=0.00, real=0.00 secs] 
2902.408: [GC (Allocation Failure) [PSYoungGen: 57728K->1408K(58368K)] 420056K->363736K(690688K), 0.0034809 secs] [Times: user=0.02 sys=0.00, real=0.01 secs] 
2903.861: [GC (Allocation Failure) [PSYoungGen: 57728K->1440K(58368K)] 420056K->363768K(690688K), 0.0020030 secs] [Times: user=0.00 sys=0.00, real=0.00 secs] 
2904.363: [GC (Allocation Failure) [PSYoungGen: 57760K->1408K(58368K)] 420088K->363736K(690688K), 0.0025666 secs] [Times: user=0.01 sys=0.00, real=0.00 secs] 
2904.852: [GC (Allocation Failure) [PSYoungGen: 57728K->1376K(58368K)] 420056K->363704K(690688K), 0.0023685 secs] [Times: user=0.01 sys=0.00, real=0.00 secs] 
2905.334: [GC (Allocation Failure) [PSYoungGen: 57696K->1408K(58368K)] 420024K->363736K(690688K), 0.0022692 secs] [Times: user=0.01 sys=0.00, real=0.00 secs] 
2905.862: [GC (Allocation Failure) [PSYoungGen: 57728K->1408K(58368K)] 420056K->363752K(690688K), 0.0021813 secs] [Times: user=0.01 sys=0.00, real=0.00 secs] 
2907.426: [GC (Allocation Failure) [PSYoungGen: 57728K->1440K(58368K)] 420072K->363784K(690688K), 0.0020966 secs] [Times: user=0.00 sys=0.00, real=0.00 secs] 
2907.942: [GC (Allocation Failure) [PSYoungGen: 57760K->1408K(58368K)] 420104K->363752K(690688K), 0.0020734 secs] [Times: user=0.01 sys=0.00, real=0.00 secs] 
2908.466: [GC (Allocation Failure) [PSYoungGen: 57728K->1408K(58368K)] 420072K->363752K(690688K), 0.0039521 secs] [Times: user=0.02 sys=0.00, real=0.01 secs] 
2909.018: [GC (Allocation Failure) [PSYoungGen: 57728K->1376K(58368K)] 420072K->363720K(690688K), 0.0028741 secs] [Times: user=0.01 sys=0.00, real=0.01 secs] 
2909.449: [GC (Allocation Failure) [PSYoungGen: 57696K->1344K(58368K)] 420040K->363688K(690688K), 0.0026701 secs] [Times: user=0.01 sys=0.00, real=0.01 secs] 
2910.810: [GC (Allocation Failure) [PSYoungGen: 57664K->1440K(58368K)] 420008K->363784K(690688K), 0.0020022 secs] [Times: user=0.01 sys=0.00, real=0.00 secs] 
2911.290: [GC (Allocation Failure) [PSYoungGen: 57760K->1408K(58368K)] 420104K->363752K(690688K), 0.0020844 secs] [Times: user=0.01 sys=0.00, real=0.00 secs] 
2911.747: [GC (Allocation Failure) [PSYoungGen: 57728K->1376K(58368K)] 420072K->363720K(690688K), 0.0019965 secs] [Times: user=0.00 sys=0.00, real=0.01 secs] 
2912.199: [GC (Allocation Failure) [PSYoungGen: 57696K->1344K(58368K)] 420040K->363688K(690688K), 0.0024486 secs] [Times: user=0.01 sys=0.00, real=0.00 secs] 
2912.661: [GC (Allocation Failure) [PSYoungGen: 57664K->1408K(58368K)] 420008K->363752K(690688K), 0.0021583 secs] [Times: user=0.01 sys=0.00, real=0.00 secs] 
2913.823: [GC (Allocation Failure) [PSYoungGen: 57728K->1408K(58368K)] 420072K->363760K(690688K), 0.0019021 secs] [Times: user=0.01 sys=0.00, real=0.00 secs] 
2914.348: [GC (Allocation Failure) [PSYoungGen: 57728K->1376K(58368K)] 420080K->363728K(690688K), 0.0018670 secs] [Times: user=0.01 sys=0.00, real=0.01 secs] 
2914.842: [GC (Allocation Failure) [PSYoungGen: 57696K->1408K(58368K)] 420048K->363760K(690688K), 0.0026571 secs] [Times: user=0.01 sys=0.00, real=0.00 secs] 
2915.342: [GC (Allocation Failure) [PSYoungGen: 57728K->1408K(58368K)] 420080K->363760K(690688K), 0.0027191 secs] [Times: user=0.01 sys=0.00, real=0.00 secs] 
2915.834: [GC (Allocation Failure) [PSYoungGen: 57728K->1408K(58368K)] 420080K->363760K(690688K), 0.0027145 secs] [Times: user=0.01 sys=0.00, real=0.00 secs] 
2917.211: [GC (Allocation Failure) [PSYoungGen: 57728K->1408K(58368K)] 420080K->363760K(690688K), 0.0021993 secs] [Times: user=0.01 sys=0.00, real=0.00 secs] 
2917.446: [GC (Allocation Failure) [PSYoungGen: 57728K->1376K(57856K)] 420080K->363728K(690176K), 0.0023602 secs] [Times: user=0.01 sys=0.00, real=0.00 secs] 
2917.681: [GC (Allocation Failure) [PSYoungGen: 57696K->1408K(57856K)] 420048K->363760K(690176K), 0.0024989 secs] [Times: user=0.00 sys=0.00, real=0.00 secs] 
2917.928: [GC (Allocation Failure) [PSYoungGen: 57728K->320K(57344K)] 420080K->363696K(689664K), 0.0021441 secs] [Times: user=0.01 sys=0.00, real=0.01 secs] 
2918.373: [GC (Allocation Failure) [PSYoungGen: 56640K->384K(58368K)] 420016K->363760K(690688K), 0.0022031 secs] [Times: user=0.01 sys=0.00, real=0.00 secs] 
2919.688: [GC (Allocation Failure) [PSYoungGen: 56704K->1440K(58368K)] 420080K->364816K(690688K), 0.0056115 secs] [Times: user=0.02 sys=0.01, real=0.01 secs] 
2920.085: [GC (Allocation Failure) [PSYoungGen: 57760K->1344K(58368K)] 421136K->364720K(690688K), 0.0026698 secs] [Times: user=0.01 sys=0.00, real=0.00 secs] 
2920.524: [GC (Allocation Failure) [PSYoungGen: 57664K->1376K(58368K)] 421040K->364752K(690688K), 0.0048502 secs] [Times: user=0.02 sys=0.00, real=0.00 secs] 
2920.980: [GC (Allocation Failure) [PSYoungGen: 57696K->1344K(58368K)] 421072K->364720K(690688K), 0.0046950 secs] [Times: user=0.02 sys=0.00, real=0.00 secs] 
2921.433: [GC (Allocation Failure) [PSYoungGen: 57664K->1408K(58368K)] 421040K->364784K(690688K), 0.0025941 secs] [Times: user=0.01 sys=0.00, real=0.00 secs] 
2922.466: [GC (Allocation Failure) [PSYoungGen: 57728K->1440K(58368K)] 421104K->364832K(690688K), 0.0017490 secs] [Times: user=0.01 sys=0.00, real=0.00 secs] 
2922.700: [GC (Allocation Failure) [PSYoungGen: 57760K->1344K(58368K)] 421152K->364736K(690688K), 0.0017653 secs] [Times: user=0.00 sys=0.01, real=0.00 secs] 
2922.934: [GC (Allocation Failure) [PSYoungGen: 57664K->1408K(58368K)] 421056K->364800K(690688K), 0.0018593 secs] [Times: user=0.01 sys=0.00, real=0.00 secs] 
2923.169: [GC (Allocation Failure) [PSYoungGen: 57728K->1408K(58368K)] 421120K->364800K(690688K), 0.0019141 secs] [Times: user=0.01 sys=0.00, real=0.00 secs] 
2923.403: [GC (Allocation Failure) [PSYoungGen: 57728K->1408K(58368K)] 421120K->364800K(690688K), 0.0018152 secs] [Times: user=0.00 sys=0.00, real=0.00 secs] 
2924.589: [GC (Allocation Failure) [PSYoungGen: 57728K->1440K(58368K)] 421120K->364832K(690688K), 0.0031930 secs] [Times: user=0.02 sys=0.00, real=0.00 secs] 
2925.078: [GC (Allocation Failure) [PSYoungGen: 57760K->1376K(58368K)] 421152K->364768K(690688K), 0.0027905 secs] [Times: user=0.01 sys=0.00, real=0.01 secs] 
2925.333: [GC (Allocation Failure) [PSYoungGen: 57696K->1408K(58368K)] 421088K->364800K(690688K), 0.0020427 secs] [Times: user=0.01 sys=0.00, real=0.00 secs] 
2925.567: [GC (Allocation Failure) [PSYoungGen: 57728K->1424K(58368K)] 421120K->364816K(690688K), 0.0019835 secs] [Times: user=0.01 sys=0.00, real=0.01 secs] 
2925.860: [GC (Allocation Failure) [PSYoungGen: 57744K->1408K(58368K)] 421136K->364800K(690688K), 0.0021280 secs] [Times: user=0.00 sys=0.00, real=0.00 secs] 
2927.080: [GC (Allocation Failure) [PSYoungGen: 57728K->1440K(58368K)] 421120K->364832K(690688K), 0.0016984 secs] [Times: user=0.00 sys=0.00, real=0.00 secs] 
2927.736: [GC (Allocation Failure) [PSYoungGen: 57760K->1408K(58368K)] 421152K->364800K(690688K), 0.0031637 secs] [Times: user=0.02 sys=0.00, real=0.01 secs] 
2928.487: [GC (Allocation Failure) [PSYoungGen: 57728K->1376K(58368K)] 421120K->364768K(690688K), 0.0040831 secs] [Times: user=0.02 sys=0.00, real=0.01 secs] 
2929.215: [GC (Allocation Failure) [PSYoungGen: 57696K->1376K(58368K)] 421088K->364768K(690688K), 0.0042042 secs] [Times: user=0.01 sys=0.00, real=0.01 secs] 
2929.721: [GC (Allocation Failure) [PSYoungGen: 57696K->1360K(58368K)] 421088K->364752K(690688K), 0.0031924 secs] [Times: user=0.01 sys=0.00, real=0.00 secs] 
2930.987: [GC (Allocation Failure) [PSYoungGen: 57680K->1440K(58368K)] 421072K->364840K(690688K), 0.0017943 secs] [Times: user=0.00 sys=0.00, real=0.01 secs] 
2931.420: [GC (Allocation Failure) [PSYoungGen: 57760K->1376K(58368K)] 421160K->364776K(690688K), 0.0018021 secs] [Times: user=0.01 sys=0.00, real=0.00 secs] 
2931.862: [GC (Allocation Failure) [PSYoungGen: 57696K->1344K(58368K)] 421096K->364744K(690688K), 0.0028329 secs] [Times: user=0.01 sys=0.00, real=0.00 secs] 
2932.299: [GC (Allocation Failure) [PSYoungGen: 57664K->1408K(58368K)] 421064K->364808K(690688K), 0.0027659 secs] [Times: user=0.01 sys=0.00, real=0.00 secs] 
2932.726: [GC (Allocation Failure) [PSYoungGen: 57728K->1344K(58368K)] 421128K->364752K(690688K), 0.0034666 secs] [Times: user=0.02 sys=0.00, real=0.01 secs] 
2934.051: [GC (Allocation Failure) [PSYoungGen: 57664K->1440K(58368K)] 421072K->364848K(690688K), 0.0018700 secs] [Times: user=0.01 sys=0.00, real=0.00 secs] 
2934.578: [GC (Allocation Failure) [PSYoungGen: 57760K->1376K(57856K)] 421168K->364784K(690176K), 0.0024821 secs] [Times: user=0.01 sys=0.00, real=0.01 secs] 
2935.141: [GC (Allocation Failure) [PSYoungGen: 57696K->1408K(57856K)] 421104K->364816K(690176K), 0.0029438 secs] [Times: user=0.01 sys=0.00, real=0.00 secs] 
2935.915: [GC (Allocation Failure) [PSYoungGen: 57728K->384K(57344K)] 421136K->364816K(689664K), 0.0048408 secs] [Times: user=0.02 sys=0.00, real=0.01 secs] 
2936.731: [GC (Allocation Failure) [PSYoungGen: 56704K->384K(58368K)] 421136K->364816K(690688K), 0.0050749 secs] [Times: user=0.02 sys=0.01, real=0.00 secs] 
2938.194: [GC (Allocation Failure) [PSYoungGen: 56704K->1360K(58368K)] 421136K->365792K(690688K), 0.0021988 secs] [Times: user=0.01 sys=0.00, real=0.00 secs] 
2938.716: [GC (Allocation Failure) [PSYoungGen: 57680K->1376K(58368K)] 422112K->365808K(690688K), 0.0031638 secs] [Times: user=0.02 sys=0.00, real=0.01 secs] 
2939.002: [GC (Allocation Failure) [PSYoungGen: 57696K->1376K(58368K)] 422128K->365808K(690688K), 0.0021285 secs] [Times: user=0.01 sys=0.01, real=0.00 secs] 
2939.475: [GC (Allocation Failure) [PSYoungGen: 57696K->1408K(58368K)] 422128K->365840K(690688K), 0.0021923 secs] [Times: user=0.01 sys=0.00, real=0.00 secs] 
2940.094: [GC (Allocation Failure) [PSYoungGen: 57728K->1408K(58368K)] 422160K->365840K(690688K), 0.0031199 secs] [Times: user=0.01 sys=0.00, real=0.00 secs] 
2942.175: [GC (Allocation Failure) [PSYoungGen: 57728K->1424K(58368K)] 422160K->365856K(690688K), 0.0039569 secs] [Times: user=0.02 sys=0.00, real=0.01 secs] 
2942.808: [GC (Allocation Failure) [PSYoungGen: 57744K->1408K(58368K)] 422176K->365840K(690688K), 0.0028627 secs] [Times: user=0.01 sys=0.00, real=0.01 secs] 
2943.444: [GC (Allocation Failure) [PSYoungGen: 57728K->1376K(58368K)] 422160K->365808K(690688K), 0.0032369 secs] [Times: user=0.01 sys=0.00, real=0.00 secs] 
2944.111: [GC (Allocation Failure) [PSYoungGen: 57696K->1376K(58368K)] 422128K->365808K(690688K), 0.0034435 secs] [Times: user=0.01 sys=0.00, real=0.00 secs] 
2944.751: [GC (Allocation Failure) [PSYoungGen: 57696K->1408K(58368K)] 422128K->365840K(690688K), 0.0048616 secs] [Times: user=0.02 sys=0.00, real=0.00 secs] 
2946.213: [GC (Allocation Failure) [PSYoungGen: 57728K->1376K(58368K)] 422160K->365816K(690688K), 0.0017569 secs] [Times: user=0.01 sys=0.00, real=0.00 secs] 
2946.709: [GC (Allocation Failure) [PSYoungGen: 57696K->1376K(58368K)] 422136K->365816K(690688K), 0.0023221 secs] [Times: user=0.01 sys=0.00, real=0.00 secs] 
2947.119: [GC (Allocation Failure) [PSYoungGen: 57696K->1408K(58368K)] 422136K->365848K(690688K), 0.0020831 secs] [Times: user=0.01 sys=0.00, real=0.00 secs] 
2947.353: [GC (Allocation Failure) [PSYoungGen: 57728K->1344K(58368K)] 422168K->365784K(690688K), 0.0021679 secs] [Times: user=0.01 sys=0.00, real=0.00 secs] 
2947.588: [GC (Allocation Failure) [PSYoungGen: 57664K->1408K(58368K)] 422104K->365848K(690688K), 0.0018907 secs] [Times: user=0.01 sys=0.00, real=0.01 secs] 
2948.662: [GC (Allocation Failure) [PSYoungGen: 57728K->1376K(58368K)] 422168K->365824K(690688K), 0.0023589 secs] [Times: user=0.01 sys=0.00, real=0.00 secs] 
2949.009: [GC (Allocation Failure) [PSYoungGen: 57696K->1392K(58368K)] 422144K->365840K(690688K), 0.0023964 secs] [Times: user=0.01 sys=0.00, real=0.00 secs] 
2949.468: [GC (Allocation Failure) [PSYoungGen: 57712K->1408K(58368K)] 422160K->365856K(690688K), 0.0022639 secs] [Times: user=0.00 sys=0.00, real=0.01 secs] 
2950.007: [GC (Allocation Failure) [PSYoungGen: 57728K->1408K(58368K)] 422176K->365856K(690688K), 0.0026718 secs] [Times: user=0.01 sys=0.00, real=0.01 secs] 
2950.497: [GC (Allocation Failure) [PSYoungGen: 57728K->1376K(58368K)] 422176K->365824K(690688K), 0.0026871 secs] [Times: user=0.01 sys=0.00, real=0.01 secs] 
2951.884: [GC (Allocation Failure) [PSYoungGen: 57696K->1408K(58368K)] 422144K->365856K(690688K), 0.0052092 secs] [Times: user=0.03 sys=0.00, real=0.01 secs] 
2952.307: [GC (Allocation Failure) [PSYoungGen: 57728K->1408K(58368K)] 422176K->365856K(690688K), 0.0024453 secs] [Times: user=0.01 sys=0.01, real=0.01 secs] 
2952.553: [GC (Allocation Failure) [PSYoungGen: 57728K->1376K(58368K)] 422176K->365832K(690688K), 0.0021336 secs] [Times: user=0.01 sys=0.00, real=0.00 secs] 
2952.834: [GC (Allocation Failure) [PSYoungGen: 57696K->1408K(58368K)] 422152K->365864K(690688K), 0.0021769 secs] [Times: user=0.01 sys=0.00, real=0.00 secs] 
2953.096: [GC (Allocation Failure) [PSYoungGen: 57728K->1408K(58368K)] 422184K->365864K(690688K), 0.0019337 secs] [Times: user=0.01 sys=0.00, real=0.00 secs] 
2954.155: [GC (Allocation Failure) [PSYoungGen: 57728K->1440K(58368K)] 422184K->365896K(690688K), 0.0018139 secs] [Times: user=0.00 sys=0.00, real=0.00 secs] 
2954.427: [GC (Allocation Failure) [PSYoungGen: 57760K->1344K(58368K)] 422216K->365800K(690688K), 0.0019962 secs] [Times: user=0.00 sys=0.00, real=0.01 secs] 
2954.661: [GC (Allocation Failure) [PSYoungGen: 57664K->1376K(57856K)] 422120K->365832K(690176K), 0.0022167 secs] [Times: user=0.01 sys=0.00, real=0.00 secs] 
2954.903: [GC (Allocation Failure) [PSYoungGen: 57696K->1376K(57856K)] 422152K->365832K(690176K), 0.0022598 secs] [Times: user=0.01 sys=0.00, real=0.00 secs] 
2955.138: [GC (Allocation Failure) [PSYoungGen: 57696K->1408K(57856K)] 422152K->365864K(690176K), 0.0021968 secs] [Times: user=0.00 sys=0.00, real=0.01 secs] 
2956.516: [GC (Allocation Failure) [PSYoungGen: 57728K->1408K(57856K)] 422184K->365864K(690176K), 0.0019054 secs] [Times: user=0.00 sys=0.00, real=0.00 secs] 
2957.177: [GC (Allocation Failure) [PSYoungGen: 57728K->1376K(57856K)] 422184K->365832K(690176K), 0.0029283 secs] [Times: user=0.01 sys=0.00, real=0.01 secs] 
2957.412: [GC (Allocation Failure) [PSYoungGen: 57696K->1440K(57856K)] 422152K->365896K(690176K), 0.0020508 secs] [Times: user=0.00 sys=0.00, real=0.00 secs] 
2957.646: [GC (Allocation Failure) [PSYoungGen: 57760K->1360K(57856K)] 422216K->365816K(690176K), 0.0019970 secs] [Times: user=0.00 sys=0.00, real=0.00 secs] 
2957.947: [GC (Allocation Failure) [PSYoungGen: 57680K->1376K(57856K)] 422136K->365832K(690176K), 0.0027341 secs] [Times: user=0.01 sys=0.01, real=0.01 secs] 
2959.336: [GC (Allocation Failure) [PSYoungGen: 57696K->1408K(57856K)] 422152K->365864K(690176K), 0.0023352 secs] [Times: user=0.01 sys=0.00, real=0.00 secs] 
2960.127: [GC (Allocation Failure) [PSYoungGen: 57728K->1376K(57856K)] 422184K->365832K(690176K), 0.0048443 secs] [Times: user=0.02 sys=0.00, real=0.01 secs] 
2960.614: [GC (Allocation Failure) [PSYoungGen: 57696K->1376K(57856K)] 422152K->365832K(690176K), 0.0032330 secs] [Times: user=0.02 sys=0.00, real=0.00 secs] 
2961.252: [GC (Allocation Failure) [PSYoungGen: 57696K->1408K(57856K)] 422152K->365864K(690176K), 0.0024087 secs] [Times: user=0.01 sys=0.00, real=0.00 secs] 
2961.824: [GC (Allocation Failure) [PSYoungGen: 57728K->1344K(57856K)] 422184K->365800K(690176K), 0.0043087 secs] [Times: user=0.01 sys=0.00, real=0.00 secs] 
2963.565: [GC (Allocation Failure) [PSYoungGen: 57664K->1440K(57856K)] 422120K->365904K(690176K), 0.0035170 secs] [Times: user=0.02 sys=0.00, real=0.00 secs] 
2964.485: [GC (Allocation Failure) [PSYoungGen: 57760K->1376K(57856K)] 422224K->365840K(690176K), 0.0054485 secs] [Times: user=0.03 sys=0.00, real=0.01 secs] 
2965.006: [GC (Allocation Failure) [PSYoungGen: 57696K->1376K(57856K)] 422160K->365840K(690176K), 0.0035376 secs] [Times: user=0.01 sys=0.00, real=0.01 secs] 
2965.292: [GC (Allocation Failure) [PSYoungGen: 57696K->1408K(57856K)] 422160K->365872K(690176K), 0.0019701 secs] [Times: user=0.01 sys=0.00, real=0.00 secs] 
2965.580: [GC (Allocation Failure) [PSYoungGen: 57728K->1408K(57856K)] 422192K->365872K(690176K), 0.0018881 secs] [Times: user=0.01 sys=0.00, real=0.00 secs] 
2967.485: [GC (Allocation Failure) [PSYoungGen: 57728K->1440K(57856K)] 422192K->365904K(690176K), 0.0040790 secs] [Times: user=0.01 sys=0.00, real=0.01 secs] 
2967.740: [GC (Allocation Failure) [PSYoungGen: 57760K->1408K(57856K)] 422224K->365872K(690176K), 0.0021680 secs] [Times: user=0.01 sys=0.00, real=0.00 secs] 
2968.047: [GC (Allocation Failure) [PSYoungGen: 57728K->1408K(57856K)] 422192K->365872K(690176K), 0.0021044 secs] [Times: user=0.01 sys=0.00, real=0.01 secs] 
2968.462: [GC (Allocation Failure) [PSYoungGen: 57728K->1408K(57856K)] 422192K->365872K(690176K), 0.0021238 secs] [Times: user=0.01 sys=0.00, real=0.00 secs] 
2968.875: [GC (Allocation Failure) [PSYoungGen: 57728K->1312K(57856K)] 422192K->365776K(690176K), 0.0025360 secs] [Times: user=0.01 sys=0.00, real=0.00 secs] 
2970.261: [GC (Allocation Failure) [PSYoungGen: 57632K->1408K(57856K)] 422096K->365872K(690176K), 0.0019069 secs] [Times: user=0.01 sys=0.00, real=0.00 secs] 
2970.678: [GC (Allocation Failure) [PSYoungGen: 57728K->1408K(57856K)] 422192K->365872K(690176K), 0.0021605 secs] [Times: user=0.01 sys=0.00, real=0.01 secs] 
2971.010: [GC (Allocation Failure) [PSYoungGen: 57728K->1408K(57856K)] 422192K->365872K(690176K), 0.0021478 secs] [Times: user=0.01 sys=0.00, real=0.00 secs] 
2971.306: [GC (Allocation Failure) [PSYoungGen: 57728K->1408K(57856K)] 422192K->365872K(690176K), 0.0021768 secs] [Times: user=0.01 sys=0.00, real=0.00 secs] 
2971.792: [GC (Allocation Failure) [PSYoungGen: 57728K->1376K(57856K)] 422192K->365840K(690176K), 0.0022110 secs] [Times: user=0.01 sys=0.00, real=0.00 secs] 
2972.895: [GC (Allocation Failure) [PSYoungGen: 57696K->1376K(57856K)] 422160K->365864K(690176K), 0.0016315 secs] [Times: user=0.01 sys=0.00, real=0.00 secs] 
2973.129: [GC (Allocation Failure) [PSYoungGen: 57696K->1376K(57856K)] 422184K->365864K(690176K), 0.0016053 secs] [Times: user=0.01 sys=0.00, real=0.00 secs] 
2973.363: [GC (Allocation Failure) [PSYoungGen: 57696K->1344K(57856K)] 422184K->365832K(690176K), 0.0016525 secs] [Times: user=0.00 sys=0.00, real=0.00 secs] 
2973.596: [GC (Allocation Failure) [PSYoungGen: 57664K->1408K(57856K)] 422152K->365896K(690176K), 0.0016512 secs] [Times: user=0.00 sys=0.00, real=0.00 secs] 
2973.830: [GC (Allocation Failure) [PSYoungGen: 57728K->1376K(57856K)] 422216K->365864K(690176K), 0.0017284 secs] [Times: user=0.00 sys=0.00, real=0.00 secs] 
2974.788: [GC (Allocation Failure) [PSYoungGen: 57696K->1440K(57856K)] 422184K->365928K(690176K), 0.0017570 secs] [Times: user=0.00 sys=0.00, real=0.01 secs] 
2975.022: [GC (Allocation Failure) [PSYoungGen: 57760K->1312K(57856K)] 422248K->365800K(690176K), 0.0017294 secs] [Times: user=0.00 sys=0.00, real=0.00 secs] 
2975.256: [GC (Allocation Failure) [PSYoungGen: 57632K->1376K(57856K)] 422120K->365864K(690176K), 0.0017536 secs] [Times: user=0.01 sys=0.00, real=0.00 secs] 
2975.489: [GC (Allocation Failure) [PSYoungGen: 57696K->1408K(57856K)] 422184K->365896K(690176K), 0.0018593 secs] [Times: user=0.01 sys=0.00, real=0.00 secs] 
2975.723: [GC (Allocation Failure) [PSYoungGen: 57728K->1408K(57856K)] 422216K->365896K(690176K), 0.0016244 secs] [Times: user=0.01 sys=0.00, real=0.00 secs] 
2976.650: [GC (Allocation Failure) [PSYoungGen: 57728K->1408K(57856K)] 422216K->365896K(690176K), 0.0016014 secs] [Times: user=0.00 sys=0.00, real=0.00 secs] 
2976.883: [GC (Allocation Failure) [PSYoungGen: 57728K->1376K(57856K)] 422216K->365864K(690176K), 0.0017595 secs] [Times: user=0.01 sys=0.00, real=0.00 secs] 
2977.203: [GC (Allocation Failure) [PSYoungGen: 57696K->1408K(57856K)] 422184K->365896K(690176K), 0.0018896 secs] [Times: user=0.00 sys=0.00, real=0.00 secs] 
2977.695: [GC (Allocation Failure) [PSYoungGen: 57728K->1376K(57856K)] 422216K->365864K(690176K), 0.0019394 secs] [Times: user=0.01 sys=0.00, real=0.00 secs] 
2978.242: [GC (Allocation Failure) [PSYoungGen: 57696K->1376K(57856K)] 422184K->365864K(690176K), 0.0023332 secs] [Times: user=0.01 sys=0.00, real=0.00 secs] 
2980.052: [GC (Allocation Failure) [PSYoungGen: 57696K->1408K(57856K)] 422184K->365896K(690176K), 0.0049397 secs] [Times: user=0.02 sys=0.00, real=0.00 secs] 
2980.451: [GC (Allocation Failure) [PSYoungGen: 57728K->1376K(57856K)] 422216K->365864K(690176K), 0.0021614 secs] [Times: user=0.01 sys=0.00, real=0.00 secs] 
2980.685: [GC (Allocation Failure) [PSYoungGen: 57696K->1408K(57856K)] 422184K->365912K(690176K), 0.0020198 secs] [Times: user=0.01 sys=0.00, real=0.00 secs] 
2980.977: [GC (Allocation Failure) [PSYoungGen: 57728K->1408K(57856K)] 422232K->365912K(690176K), 0.0020008 secs] [Times: user=0.01 sys=0.00, real=0.01 secs] 
2981.337: [GC (Allocation Failure) [PSYoungGen: 57728K->1424K(57856K)] 422232K->365928K(690176K), 0.0019809 secs] [Times: user=0.01 sys=0.00, real=0.01 secs] 
2982.491: [GC (Allocation Failure) [PSYoungGen: 57744K->1376K(57856K)] 422248K->365880K(690176K), 0.0016359 secs] [Times: user=0.01 sys=0.00, real=0.00 secs] 
2982.774: [GC (Allocation Failure) [PSYoungGen: 57696K->1376K(57856K)] 422200K->365880K(690176K), 0.0016403 secs] [Times: user=0.00 sys=0.00, real=0.00 secs] 
2983.007: [GC (Allocation Failure) [PSYoungGen: 57696K->1408K(57856K)] 422200K->365912K(690176K), 0.0023553 secs] [Times: user=0.01 sys=0.00, real=0.01 secs] 
2983.250: [GC (Allocation Failure) [PSYoungGen: 57728K->1408K(57856K)] 422232K->365912K(690176K), 0.0025010 secs] [Times: user=0.01 sys=0.00, real=0.00 secs] 
2983.632: [GC (Allocation Failure) [PSYoungGen: 57728K->1376K(57856K)] 422232K->365880K(690176K), 0.0037645 secs] [Times: user=0.01 sys=0.00, real=0.00 secs] 
2984.843: [GC (Allocation Failure) [PSYoungGen: 57696K->1376K(57856K)] 422200K->365880K(690176K), 0.0019407 secs] [Times: user=0.01 sys=0.00, real=0.00 secs] 
2985.374: [GC (Allocation Failure) [PSYoungGen: 57696K->1408K(57856K)] 422200K->365912K(690176K), 0.0019892 secs] [Times: user=0.00 sys=0.00, real=0.00 secs] 
2985.901: [GC (Allocation Failure) [PSYoungGen: 57728K->1408K(57856K)] 422232K->365912K(690176K), 0.0019654 secs] [Times: user=0.01 sys=0.00, real=0.00 secs] 
2986.149: [GC (Allocation Failure) [PSYoungGen: 57728K->1408K(57856K)] 422232K->365912K(690176K), 0.0018071 secs] [Times: user=0.01 sys=0.00, real=0.00 secs] 
2986.427: [GC (Allocation Failure) [PSYoungGen: 57728K->1344K(57856K)] 422232K->365848K(690176K), 0.0021052 secs] [Times: user=0.01 sys=0.00, real=0.01 secs] 
2988.460: [GC (Allocation Failure) [PSYoungGen: 57664K->1376K(57856K)] 422168K->365888K(690176K), 0.0052638 secs] [Times: user=0.02 sys=0.00, real=0.00 secs] 
2989.629: [GC (Allocation Failure) [PSYoungGen: 57696K->1376K(57856K)] 422208K->365888K(690176K), 0.0027633 secs] [Times: user=0.01 sys=0.00, real=0.01 secs] 
2990.142: [GC (Allocation Failure) [PSYoungGen: 57696K->1376K(57856K)] 422208K->365888K(690176K), 0.0031560 secs] [Times: user=0.01 sys=0.00, real=0.00 secs] 
2990.589: [GC (Allocation Failure) [PSYoungGen: 57696K->1344K(57856K)] 422208K->365856K(690176K), 0.0026562 secs] [Times: user=0.01 sys=0.00, real=0.00 secs] 
2991.028: [GC (Allocation Failure) [PSYoungGen: 57664K->1408K(57856K)] 422176K->365920K(690176K), 0.0026007 secs] [Times: user=0.01 sys=0.00, real=0.01 secs] 
2992.284: [GC (Allocation Failure) [PSYoungGen: 57728K->1440K(57856K)] 422240K->365952K(690176K), 0.0018126 secs] [Times: user=0.01 sys=0.00, real=0.00 secs] 
2992.731: [GC (Allocation Failure) [PSYoungGen: 57760K->1408K(57856K)] 422272K->365920K(690176K), 0.0018646 secs] [Times: user=0.01 sys=0.00, real=0.00 secs] 
2993.019: [GC (Allocation Failure) [PSYoungGen: 57728K->1408K(57856K)] 422240K->365920K(690176K), 0.0020165 secs] [Times: user=0.01 sys=0.00, real=0.00 secs] 
2993.263: [GC (Allocation Failure) [PSYoungGen: 57728K->1408K(57856K)] 422240K->365920K(690176K), 0.0020678 secs] [Times: user=0.01 sys=0.00, real=0.00 secs] 
2993.531: [GC (Allocation Failure) [PSYoungGen: 57728K->1408K(57856K)] 422240K->365928K(690176K), 0.0020760 secs] [Times: user=0.01 sys=0.00, real=0.00 secs] 
2994.963: [GC (Allocation Failure) [PSYoungGen: 57728K->1408K(57856K)] 422248K->365928K(690176K), 0.0025168 secs] [Times: user=0.01 sys=0.00, real=0.00 secs] 
2995.871: [GC (Allocation Failure) [PSYoungGen: 57728K->1376K(57856K)] 422248K->365896K(690176K), 0.0031825 secs] [Times: user=0.02 sys=0.00, real=0.00 secs] 
2996.626: [GC (Allocation Failure) [PSYoungGen: 57696K->1392K(57856K)] 422216K->365912K(690176K), 0.0042538 secs] [Times: user=0.01 sys=0.01, real=0.01 secs] 
2997.136: [GC (Allocation Failure) [PSYoungGen: 57712K->1408K(57856K)] 422232K->365928K(690176K), 0.0033627 secs] [Times: user=0.01 sys=0.00, real=0.01 secs] 
2997.591: [GC (Allocation Failure) [PSYoungGen: 57728K->1392K(57856K)] 422248K->365912K(690176K), 0.0026235 secs] [Times: user=0.01 sys=0.00, real=0.00 secs] 
2999.721: [GC (Allocation Failure) [PSYoungGen: 57712K->1392K(57856K)] 422232K->365912K(690176K), 0.0028778 secs] [Times: user=0.01 sys=0.00, real=0.00 secs] 
3000.709: [GC (Allocation Failure) [PSYoungGen: 57712K->1376K(57856K)] 422232K->365896K(690176K), 0.0045391 secs] [Times: user=0.02 sys=0.00, real=0.01 secs] 
3001.401: [GC (Allocation Failure) [PSYoungGen: 57696K->1376K(57856K)] 422216K->365896K(690176K), 0.0034367 secs] [Times: user=0.02 sys=0.00, real=0.00 secs] 
3002.181: [GC (Allocation Failure) [PSYoungGen: 57696K->1376K(57856K)] 422216K->365896K(690176K), 0.0028371 secs] [Times: user=0.01 sys=0.00, real=0.00 secs] 
3002.906: [GC (Allocation Failure) [PSYoungGen: 57696K->1376K(57856K)] 422216K->365896K(690176K), 0.0029135 secs] [Times: user=0.01 sys=0.00, real=0.01 secs] 
3004.370: [GC (Allocation Failure) [PSYoungGen: 57696K->1440K(57856K)] 422216K->365960K(690176K), 0.0019424 secs] [Times: user=0.01 sys=0.00, real=0.00 secs] 
3004.852: [GC (Allocation Failure) [PSYoungGen: 57760K->1376K(57856K)] 422280K->365896K(690176K), 0.0029472 secs] [Times: user=0.01 sys=0.00, real=0.00 secs] 
3005.298: [GC (Allocation Failure) [PSYoungGen: 57696K->1344K(57856K)] 422216K->365864K(690176K), 0.0028673 secs] [Times: user=0.01 sys=0.00, real=0.01 secs] 
3005.782: [GC (Allocation Failure) [PSYoungGen: 57664K->1376K(57856K)] 422184K->365896K(690176K), 0.0024024 secs] [Times: user=0.01 sys=0.00, real=0.00 secs] 
3006.249: [GC (Allocation Failure) [PSYoungGen: 57696K->1408K(57856K)] 422216K->365936K(690176K), 0.0023261 secs] [Times: user=0.01 sys=0.00, real=0.00 secs] 
3007.435: [GC (Allocation Failure) [PSYoungGen: 57728K->1408K(57856K)] 422256K->365936K(690176K), 0.0021300 secs] [Times: user=0.01 sys=0.00, real=0.00 secs] 
3007.676: [GC (Allocation Failure) [PSYoungGen: 57728K->1360K(57856K)] 422256K->365888K(690176K), 0.0025626 secs] [Times: user=0.01 sys=0.01, real=0.00 secs] 
3007.906: [GC (Allocation Failure) [PSYoungGen: 57680K->1408K(57856K)] 422208K->365936K(690176K), 0.0021370 secs] [Times: user=0.01 sys=0.00, real=0.00 secs] 
3008.169: [GC (Allocation Failure) [PSYoungGen: 57728K->1376K(57856K)] 422256K->365904K(690176K), 0.0020280 secs] [Times: user=0.01 sys=0.00, real=0.00 secs] 
3008.578: [GC (Allocation Failure) [PSYoungGen: 57696K->1344K(57856K)] 422224K->365872K(690176K), 0.0023589 secs] [Times: user=0.01 sys=0.00, real=0.01 secs] 
3009.867: [GC (Allocation Failure) [PSYoungGen: 57664K->1408K(57856K)] 422192K->365936K(690176K), 0.0023293 secs] [Times: user=0.01 sys=0.00, real=0.01 secs] 
3010.325: [GC (Allocation Failure) [PSYoungGen: 57728K->1408K(57856K)] 422256K->365936K(690176K), 0.0027457 secs] [Times: user=0.01 sys=0.00, real=0.00 secs] 
3010.772: [GC (Allocation Failure) [PSYoungGen: 57728K->1408K(57856K)] 422256K->365936K(690176K), 0.0029181 secs] [Times: user=0.01 sys=0.00, real=0.00 secs] 
3011.206: [GC (Allocation Failure) [PSYoungGen: 57728K->1376K(57856K)] 422256K->365912K(690176K), 0.0024234 secs] [Times: user=0.01 sys=0.00, real=0.00 secs] 
3011.631: [GC (Allocation Failure) [PSYoungGen: 57696K->1376K(57856K)] 422232K->365912K(690176K), 0.0022060 secs] [Times: user=0.01 sys=0.00, real=0.00 secs] 
3012.800: [GC (Allocation Failure) [PSYoungGen: 57696K->1440K(57856K)] 422232K->365992K(690176K), 0.0015626 secs] [Times: user=0.00 sys=0.00, real=0.00 secs] 
3013.150: [GC (Allocation Failure) [PSYoungGen: 57760K->1360K(57856K)] 422312K->365920K(690176K), 0.0019907 secs] [Times: user=0.01 sys=0.00, real=0.00 secs] 
3013.649: [GC (Allocation Failure) [PSYoungGen: 57680K->1408K(57856K)] 422240K->365976K(690176K), 0.0024263 secs] [Times: user=0.01 sys=0.00, real=0.00 secs] 
3014.107: [GC (Allocation Failure) [PSYoungGen: 57728K->1408K(57856K)] 422296K->365976K(690176K), 0.0028924 secs] [Times: user=0.02 sys=0.00, real=0.01 secs] 
3014.589: [GC (Allocation Failure) [PSYoungGen: 57728K->1408K(57856K)] 422296K->365976K(690176K), 0.0028372 secs] [Times: user=0.02 sys=0.00, real=0.00 secs] 
3015.875: [GC (Allocation Failure) [PSYoungGen: 57728K->1440K(57856K)] 422296K->366008K(690176K), 0.0018544 secs] [Times: user=0.01 sys=0.00, real=0.00 secs] 
3016.346: [GC (Allocation Failure) [PSYoungGen: 57760K->1376K(57856K)] 422328K->365944K(690176K), 0.0021921 secs] [Times: user=0.01 sys=0.00, real=0.00 secs] 
3016.825: [GC (Allocation Failure) [PSYoungGen: 57696K->1408K(57856K)] 422264K->365976K(690176K), 0.0028427 secs] [Times: user=0.01 sys=0.00, real=0.00 secs] 
3017.362: [GC (Allocation Failure) [PSYoungGen: 57728K->1408K(57856K)] 422296K->365976K(690176K), 0.0027353 secs] [Times: user=0.01 sys=0.00, real=0.00 secs] 
3017.914: [GC (Allocation Failure) [PSYoungGen: 57728K->1408K(57856K)] 422296K->365976K(690176K), 0.0029854 secs] [Times: user=0.02 sys=0.00, real=0.00 secs] 
3019.262: [GC (Allocation Failure) [PSYoungGen: 57728K->1472K(57856K)] 422296K->366040K(690176K), 0.0020392 secs] [Times: user=0.01 sys=0.00, real=0.00 secs] 
3019.840: [GC (Allocation Failure) [PSYoungGen: 57792K->1408K(57856K)] 422360K->365976K(690176K), 0.0042548 secs] [Times: user=0.02 sys=0.00, real=0.00 secs] 
3020.347: [GC (Allocation Failure) [PSYoungGen: 57728K->1408K(57856K)] 422296K->365976K(690176K), 0.0032965 secs] [Times: user=0.01 sys=0.00, real=0.01 secs] 
3020.798: [GC (Allocation Failure) [PSYoungGen: 57728K->1440K(57856K)] 422296K->366008K(690176K), 0.0023461 secs] [Times: user=0.00 sys=0.00, real=0.01 secs] 
3021.442: [GC (Allocation Failure) [PSYoungGen: 57760K->1408K(57856K)] 422328K->365976K(690176K), 0.0024366 secs] [Times: user=0.01 sys=0.00, real=0.00 secs] 
3023.411: [GC (Allocation Failure) [PSYoungGen: 57728K->1472K(57856K)] 422296K->366040K(690176K), 0.0023106 secs] [Times: user=0.00 sys=0.00, real=0.00 secs] 
3023.674: [GC (Allocation Failure) [PSYoungGen: 57792K->1424K(57856K)] 422360K->365992K(690176K), 0.0019954 secs] [Times: user=0.01 sys=0.00, real=0.00 secs] 
3023.953: [GC (Allocation Failure) [PSYoungGen: 57744K->1376K(57856K)] 422312K->365960K(690176K), 0.0021532 secs] [Times: user=0.01 sys=0.00, real=0.00 secs] 
3024.189: [GC (Allocation Failure) [PSYoungGen: 57696K->1344K(57856K)] 422280K->365928K(690176K), 0.0020912 secs] [Times: user=0.01 sys=0.00, real=0.00 secs] 
3024.423: [GC (Allocation Failure) [PSYoungGen: 57664K->1408K(57856K)] 422248K->365992K(690176K), 0.0018621 secs] [Times: user=0.01 sys=0.00, real=0.00 secs] 
3025.414: [GC (Allocation Failure) [PSYoungGen: 57728K->1424K(57856K)] 422312K->366008K(690176K), 0.0017191 secs] [Times: user=0.00 sys=0.00, real=0.00 secs] 
3025.871: [GC (Allocation Failure) [PSYoungGen: 57744K->1408K(57856K)] 422328K->365992K(690176K), 0.0018174 secs] [Times: user=0.00 sys=0.00, real=0.00 secs] 
3026.340: [GC (Allocation Failure) [PSYoungGen: 57728K->1408K(57856K)] 422312K->365992K(690176K), 0.0018838 secs] [Times: user=0.01 sys=0.00, real=0.00 secs] 
3026.823: [GC (Allocation Failure) [PSYoungGen: 57728K->1376K(57856K)] 422312K->365960K(690176K), 0.0021405 secs] [Times: user=0.01 sys=0.00, real=0.00 secs] 
3027.263: [GC (Allocation Failure) [PSYoungGen: 57696K->1392K(57856K)] 422280K->365976K(690176K), 0.0021558 secs] [Times: user=0.01 sys=0.00, real=0.00 secs] 
3029.037: [GC (Allocation Failure) [PSYoungGen: 57712K->1536K(57856K)] 422296K->366242K(690176K), 0.0028970 secs] [Times: user=0.02 sys=0.00, real=0.01 secs] 
3029.228: [GC (Allocation Failure) [PSYoungGen: 57856K->2048K(57856K)] 422562K->368226K(690176K), 0.0030625 secs] [Times: user=0.01 sys=0.01, real=0.01 secs] 
3031.697: [GC (Allocation Failure) [PSYoungGen: 57856K->2560K(58368K)] 424034K->377265K(690688K), 0.0197546 secs] [Times: user=0.05 sys=0.05, real=0.02 secs] 
3039.328: [GC (Allocation Failure) [PSYoungGen: 58368K->6112K(50176K)] 433073K->410289K(682496K), 0.0535051 secs] [Times: user=0.26 sys=0.03, real=0.06 secs] 
3040.679: [GC (Allocation Failure) [PSYoungGen: 50144K->17888K(61952K)] 454321K->441273K(694272K), 0.0304488 secs] [Times: user=0.17 sys=0.01, real=0.04 secs] 
3040.788: [GC (Allocation Failure) [PSYoungGen: 61920K->28128K(63488K)] 485305K->472185K(695808K), 0.0249724 secs] [Times: user=0.12 sys=0.01, real=0.03 secs] 
3040.877: [GC (Allocation Failure) [PSYoungGen: 63456K->40928K(76288K)] 507513K->508297K(708608K), 0.0265367 secs] [Times: user=0.13 sys=0.02, real=0.03 secs] 
3040.956: [GC (Allocation Failure) [PSYoungGen: 76256K->57312K(87552K)] 543625K->528249K(719872K), 0.0322246 secs] [Times: user=0.11 sys=0.08, real=0.03 secs] 
3046.799: [GC (Allocation Failure) [PSYoungGen: 87520K->69088K(99328K)] 558457K->551250K(731648K), 0.0438199 secs] [Times: user=0.24 sys=0.01, real=0.04 secs] 
3046.881: [GC (Allocation Failure) [PSYoungGen: 99296K->85248K(106496K)] 581458K->568928K(738816K), 0.0508251 secs] [Times: user=0.16 sys=0.11, real=0.05 secs] 
3046.970: [GC (Allocation Failure) [PSYoungGen: 105728K->101056K(121856K)] 589408K->584796K(754176K), 0.0291914 secs] [Times: user=0.17 sys=0.00, real=0.03 secs] 
3048.461: [GC (Allocation Failure) [PSYoungGen: 121536K->80064K(136704K)] 605276K->600220K(769024K), 0.0983914 secs] [Times: user=0.47 sys=0.12, real=0.10 secs] 
3049.336: [GC (Allocation Failure) [PSYoungGen: 97355K->44416K(61952K)] 617511K->646180K(694272K), 0.0591136 secs] [Times: user=0.32 sys=0.03, real=0.06 secs] 
3049.395: [Full GC (Ergonomics) [PSYoungGen: 44416K->0K(61952K)] [ParOldGen: 601764K->253180K(681984K)] 646180K->253180K(743936K), [Metaspace: 59919K->59826K(1105920K)], 0.6086111 secs] [Times: user=2.83 sys=0.00, real=0.61 secs] 
3050.959: [GC (Allocation Failure) [PSYoungGen: 17408K->5494K(137216K)] 270588K->258675K(819200K), 0.0062512 secs] [Times: user=0.04 sys=0.00, real=0.00 secs] 
3051.026: [GC (Allocation Failure) [PSYoungGen: 26486K->64K(138240K)] 279667K->258518K(820224K), 0.0041189 secs] [Times: user=0.02 sys=0.00, real=0.01 secs] 
3051.089: [GC (Allocation Failure) [PSYoungGen: 21056K->64K(138240K)] 279510K->258518K(820224K), 0.0037598 secs] [Times: user=0.02 sys=0.00, real=0.00 secs] 
3051.275: [GC (Allocation Failure) [PSYoungGen: 25664K->1600K(140288K)] 284118K->260054K(822272K), 0.0036947 secs] [Times: user=0.01 sys=0.00, real=0.00 secs] 
3051.333: [GC (Allocation Failure) [PSYoungGen: 27200K->4832K(134144K)] 285654K->264657K(816128K), 0.0043172 secs] [Times: user=0.02 sys=0.00, real=0.00 secs] 
3051.528: [GC (Allocation Failure) [PSYoungGen: 35040K->18176K(48640K)] 294865K->281977K(730624K), 0.0085075 secs] [Times: user=0.05 sys=0.00, real=0.01 secs] 
3051.908: [GC (Allocation Failure) [PSYoungGen: 48384K->21920K(123904K)] 312185K->302786K(805888K), 0.0291537 secs] [Times: user=0.17 sys=0.00, real=0.03 secs] 
3052.153: [GC (Allocation Failure) [PSYoungGen: 57760K->27136K(130560K)] 338626K->327778K(812544K), 0.0314248 secs] [Times: user=0.18 sys=0.00, real=0.03 secs] 
3052.256: [GC (Allocation Failure) [PSYoungGen: 58773K->24896K(118784K)] 359415K->352602K(800768K), 0.0302567 secs] [Times: user=0.18 sys=0.00, real=0.03 secs] 
3052.356: [GC (Allocation Failure) [PSYoungGen: 67392K->33696K(124928K)] 395098K->386298K(806912K), 0.0253500 secs] [Times: user=0.14 sys=0.01, real=0.03 secs] 
3052.449: [GC (Allocation Failure) [PSYoungGen: 76192K->34208K(126464K)] 428794K->420498K(808448K), 0.0225876 secs] [Times: user=0.13 sys=0.00, real=0.02 secs] 
3053.464: [GC (Allocation Failure) [PSYoungGen: 72587K->27392K(128512K)] 458877K->447978K(810496K), 0.1245547 secs] [Times: user=0.74 sys=0.01, real=0.13 secs] 
3054.598: [GC (Allocation Failure) [PSYoungGen: 78592K->36224K(131072K)] 499178K->484226K(813056K), 0.0416259 secs] [Times: user=0.24 sys=0.00, real=0.05 secs] 
3057.681: [GC (Allocation Failure) [PSYoungGen: 97152K->29664K(132096K)] 545154K->512498K(814080K), 0.0288976 secs] [Times: user=0.17 sys=0.00, real=0.03 secs] 
3057.854: [GC (Allocation Failure) [PSYoungGen: 90592K->1440K(138240K)] 573426K->514018K(820224K), 0.0389365 secs] [Times: user=0.19 sys=0.00, real=0.04 secs] 
3057.972: [GC (Allocation Failure) [PSYoungGen: 72608K->34208K(139264K)] 585186K->548080K(821248K), 0.0100855 secs] [Times: user=0.05 sys=0.00, real=0.01 secs] 
3058.064: [GC (Allocation Failure) [PSYoungGen: 105376K->54528K(145408K)] 619248K->599949K(827392K), 0.0227716 secs] [Times: user=0.14 sys=0.00, real=0.02 secs] 
3058.187: [GC (Allocation Failure) [PSYoungGen: 132864K->61696K(151552K)] 678285K->657025K(833536K), 0.0339624 secs] [Times: user=0.17 sys=0.00, real=0.04 secs] 
3058.305: [GC (Allocation Failure) [PSYoungGen: 140032K->61152K(168960K)] 735361K->709417K(850944K), 0.0486711 secs] [Times: user=0.20 sys=0.08, real=0.05 secs] 
3058.353: [Full GC (Ergonomics) [PSYoungGen: 61152K->0K(168960K)] [ParOldGen: 648265K->210811K(666624K)] 709417K->210811K(835584K), [Metaspace: 59959K->59959K(1105920K)], 0.4761480 secs] [Times: user=1.90 sys=0.00, real=0.48 secs] 
3059.684: [GC (Allocation Failure) [PSYoungGen: 88064K->43360K(174592K)] 298875K->254171K(841216K), 0.0599088 secs] [Times: user=0.36 sys=0.00, real=0.06 secs] 
3059.899: [GC (Allocation Failure) [PSYoungGen: 131424K->8992K(188928K)] 342235K->263315K(855552K), 0.0562007 secs] [Times: user=0.32 sys=0.00, real=0.05 secs] 
3060.083: [GC (Allocation Failure) [PSYoungGen: 113440K->74784K(188928K)] 367763K->337197K(855552K), 0.0174275 secs] [Times: user=0.10 sys=0.00, real=0.02 secs] 
3061.889: [GC (Allocation Failure) [PSYoungGen: 179232K->78048K(208896K)] 441645K->411037K(875520K), 0.1110272 secs] [Times: user=0.52 sys=0.13, real=0.11 secs] 
3063.307: [GC (Allocation Failure) [PSYoungGen: 192224K->88480K(218112K)] 525213K->491141K(884736K), 0.1205538 secs] [Times: user=0.71 sys=0.00, real=0.12 secs] 
3064.418: [GC (Allocation Failure) [PSYoungGen: 202656K->10304K(246784K)] 605317K->501277K(913408K), 0.0498587 secs] [Times: user=0.29 sys=0.00, real=0.05 secs] 
3066.081: [GC (Allocation Failure) [PSYoungGen: 143936K->86304K(247808K)] 634909K->585241K(914432K), 0.0300584 secs] [Times: user=0.17 sys=0.00, real=0.03 secs] 
3066.255: [GC (Allocation Failure) [PSYoungGen: 209193K->96448K(268800K)] 708131K->676202K(935424K), 0.0471066 secs] [Times: user=0.26 sys=0.02, real=0.05 secs] 
3066.303: [Full GC (Ergonomics) [PSYoungGen: 96448K->0K(268800K)] [ParOldGen: 579754K->197618K(727040K)] 676202K->197618K(995840K), [Metaspace: 59970K->59970K(1105920K)], 0.4717112 secs] [Times: user=2.18 sys=0.00, real=0.47 secs] 
3067.688: [GC (Allocation Failure) [PSYoungGen: 145408K->64928K(279040K)] 343026K->262546K(1006080K), 0.0270419 secs] [Times: user=0.16 sys=0.00, real=0.03 secs] 
3068.258: [GC (Allocation Failure) [PSYoungGen: 210336K->72000K(296448K)] 407954K->334618K(1023488K), 0.0727214 secs] [Times: user=0.43 sys=0.00, real=0.08 secs] 
3070.377: [GC (Allocation Failure) [PSYoungGen: 226223K->115104K(297472K)] 488841K->444827K(1024512K), 0.0724289 secs] [Times: user=0.43 sys=0.00, real=0.08 secs] 
3073.094: [GC (Allocation Failure) [PSYoungGen: 283040K->66304K(323072K)] 612763K->503083K(1050112K), 0.0710804 secs] [Times: user=0.35 sys=0.05, real=0.07 secs] 
3074.439: [GC (Allocation Failure) [PSYoungGen: 258304K->114816K(330240K)] 695083K->616776K(1057280K), 0.0542765 secs] [Times: user=0.32 sys=0.00, real=0.05 secs] 
3075.577: [GC (Allocation Failure) [PSYoungGen: 301848K->149984K(300032K)] 803808K->775900K(1027072K), 0.0768402 secs] [Times: user=0.42 sys=0.03, real=0.08 secs] 
3075.654: [Full GC (Ergonomics) [PSYoungGen: 149984K->0K(300032K)] [ParOldGen: 625916K->257070K(868352K)] 775900K->257070K(1168384K), [Metaspace: 59972K->59972K(1105920K)], 0.5318965 secs] [Times: user=2.19 sys=0.00, real=0.53 secs] 
3077.557: [GC (Allocation Failure) [PSYoungGen: 150016K->46351K(368128K)] 407086K->303422K(1236480K), 0.0330221 secs] [Times: user=0.19 sys=0.00, real=0.04 secs] 
3078.602: [GC (Allocation Failure) [PSYoungGen: 196367K->118976K(380416K)] 453438K->419656K(1248768K), 0.0654323 secs] [Times: user=0.37 sys=0.01, real=0.06 secs] 
3080.289: [GC (Allocation Failure) [PSYoungGen: 286912K->98272K(380416K)] 587592K->501592K(1248768K), 0.0555696 secs] [Times: user=0.33 sys=0.00, real=0.05 secs] 
3082.612: [GC (Allocation Failure) [PSYoungGen: 266208K->75200K(372224K)] 669528K->576896K(1240576K), 0.0797329 secs] [Times: user=0.46 sys=0.01, real=0.08 secs] 
3082.896: [GC (Allocation Failure) [PSYoungGen: 262080K->139104K(381952K)] 763776K->705681K(1250304K), 0.0483759 secs] [Times: user=0.29 sys=0.01, real=0.05 secs] 
3084.080: [GC (Allocation Failure) [PSYoungGen: 325984K->61376K(403968K)] 892561K->766945K(1272320K), 0.0822029 secs] [Times: user=0.40 sys=0.09, real=0.08 secs] 
3084.162: [Full GC (Ergonomics) [PSYoungGen: 61376K->0K(403968K)] [ParOldGen: 705569K->43227K(710144K)] 766945K->43227K(1114112K), [Metaspace: 59981K->59981K(1105920K)], 0.0865973 secs] [Times: user=0.33 sys=0.00, real=0.09 secs] 
3085.755: [GC (Allocation Failure) [PSYoungGen: 210745K->159200K(410112K)] 253973K->202427K(1120256K), 0.0560105 secs] [Times: user=0.33 sys=0.00, real=0.06 secs] 
3088.487: [GC (Allocation Failure) [PSYoungGen: 371680K->79680K(436736K)] 414907K->274075K(1146880K), 0.1563993 secs] [Times: user=0.94 sys=0.00, real=0.16 secs] 
3091.319: [GC (Allocation Failure) [PSYoungGen: 321344K->187712K(445440K)] 515739K->458652K(1155584K), 0.0469286 secs] [Times: user=0.28 sys=0.00, real=0.04 secs] 
3092.616: [GC (Allocation Failure) [PSYoungGen: 429376K->104864K(483328K)] 700316K->537700K(1193472K), 0.0923151 secs] [Times: user=0.48 sys=0.06, real=0.10 secs] 
3094.319: [GC (Allocation Failure) [PSYoungGen: 360864K->183744K(439808K)] 793700K->718153K(1149952K), 0.0923366 secs] [Times: user=0.55 sys=0.01, real=0.09 secs] 
3094.411: [Full GC (Ergonomics) [PSYoungGen: 183744K->0K(439808K)] [ParOldGen: 534409K->236630K(979968K)] 718153K->236630K(1419776K), [Metaspace: 59990K->59990K(1105920K)], 0.5694965 secs] [Times: user=2.69 sys=0.00, real=0.57 secs] 
3099.670: [GC (Allocation Failure) [PSYoungGen: 256000K->103872K(475648K)] 492630K->340502K(1455616K), 0.0468431 secs] [Times: user=0.27 sys=0.00, real=0.04 secs] 
3100.870: [GC (Allocation Failure) [PSYoungGen: 346560K->157824K(465920K)] 583190K->491935K(1445888K), 0.0648056 secs] [Times: user=0.38 sys=0.01, real=0.06 secs] 
3101.639: [GC (Allocation Failure) [PSYoungGen: 400512K->115648K(459264K)] 734623K->607831K(1439232K), 0.0642015 secs] [Times: user=0.37 sys=0.02, real=0.07 secs] 
3105.394: [GC (Allocation Failure) [PSYoungGen: 361920K->132512K(464384K)] 854103K->730188K(1444352K), 0.0623728 secs] [Times: user=0.37 sys=0.00, real=0.06 secs] 
3109.055: [GC (Allocation Failure) [PSYoungGen: 378784K->150464K(479232K)] 976460K->880412K(1459200K), 0.0680802 secs] [Times: user=0.32 sys=0.08, real=0.07 secs] 
3110.326: [GC (Allocation Failure) [PSYoungGen: 415680K->26528K(291840K)] 1145628K->756540K(1271808K), 0.0081054 secs] [Times: user=0.05 sys=0.00, real=0.01 secs] 
3111.564: [GC (Allocation Failure) [PSYoungGen: 291744K->212832K(455680K)] 1021756K->942844K(1435648K), 0.0927797 secs] [Times: user=0.53 sys=0.03, real=0.09 secs] 
3114.209: [GC (Allocation Failure) [PSYoungGen: 445792K->66304K(465920K)] 1175804K->796340K(1445888K), 0.0306099 secs] [Times: user=0.17 sys=0.00, real=0.03 secs] 
3114.996: [GC (Allocation Failure) [PSYoungGen: 299264K->210048K(465920K)] 1029300K->1000761K(1445888K), 0.0605051 secs] [Times: user=0.32 sys=0.02, real=0.06 secs] 
3117.586: [GC (Allocation Failure) [PSYoungGen: 443008K->83648K(465920K)] 1233721K->1051665K(1445888K), 0.1378019 secs] [Times: user=0.61 sys=0.18, real=0.14 secs] 
3117.724: [Full GC (Ergonomics) [PSYoungGen: 83648K->0K(465920K)] [ParOldGen: 968017K->100281K(921600K)] 1051665K->100281K(1387520K), [Metaspace: 60013K->60013K(1105920K)], 0.2244017 secs] [Times: user=0.99 sys=0.00, real=0.22 secs] 
3120.657: [GC (Allocation Failure) [PSYoungGen: 232960K->159904K(465920K)] 333241K->260185K(1387520K), 0.0460646 secs] [Times: user=0.28 sys=0.00, real=0.05 secs] 
3124.723: [GC (Allocation Failure) [PSYoungGen: 390753K->92960K(465920K)] 491034K->353401K(1387520K), 0.0914254 secs] [Times: user=0.54 sys=0.01, real=0.09 secs] 
3125.992: [GC (Allocation Failure) [PSYoungGen: 325920K->151392K(465920K)] 586361K->498406K(1387520K), 0.0606149 secs] [Times: user=0.36 sys=0.00, real=0.06 secs] 
3127.086: [GC (Allocation Failure) [PSYoungGen: 384352K->105184K(465920K)] 731366K->603598K(1387520K), 0.0842512 secs] [Times: user=0.50 sys=0.00, real=0.09 secs] 
3129.828: [GC (Allocation Failure) [PSYoungGen: 338144K->142784K(465920K)] 836558K->736210K(1387520K), 0.0610021 secs] [Times: user=0.37 sys=0.00, real=0.07 secs] 
3132.626: [GC (Allocation Failure) [PSYoungGen: 375744K->118944K(352256K)] 969170K->854962K(1273856K), 0.0689949 secs] [Times: user=0.41 sys=0.00, real=0.07 secs] 
3132.695: [Full GC (Ergonomics) [PSYoungGen: 118944K->0K(352256K)] [ParOldGen: 736018K->135557K(1022464K)] 854962K->135557K(1374720K), [Metaspace: 60038K->60038K(1105920K)], 0.3074856 secs] [Times: user=1.42 sys=0.00, real=0.31 secs] 
3134.125: [GC (Allocation Failure) [PSYoungGen: 232960K->129312K(467968K)] 368517K->264869K(1490432K), 0.0440392 secs] [Times: user=0.26 sys=0.00, real=0.05 secs] 
3134.894: [GC (Allocation Failure) [PSYoungGen: 370464K->145984K(459776K)] 506021K->411125K(1482240K), 0.0677221 secs] [Times: user=0.40 sys=0.01, real=0.07 secs] 
3140.193: [GC (Allocation Failure) [PSYoungGen: 387136K->8224K(459264K)] 652277K->273465K(1481728K), 0.0110170 secs] [Times: user=0.05 sys=0.00, real=0.01 secs] 
3143.706: [GC (Allocation Failure) [PSYoungGen: 250400K->172512K(414720K)] 515641K->443950K(1437184K), 0.0338311 secs] [Times: user=0.20 sys=0.00, real=0.04 secs] 
3146.144: [GC (Allocation Failure) [PSYoungGen: 414688K->100736K(468992K)] 686126K->527762K(1491456K), 0.1728437 secs] [Times: user=1.03 sys=0.01, real=0.17 secs] 
3147.568: [GC (Allocation Failure) [PSYoungGen: 336768K->185056K(465920K)] 763794K->710911K(1488384K), 0.1004134 secs] [Times: user=0.59 sys=0.00, real=0.10 secs] 
3150.654: [GC (Allocation Failure) [PSYoungGen: 421088K->88192K(465920K)] 946943K->782455K(1488384K), 0.1647845 secs] [Times: user=0.98 sys=0.01, real=0.17 secs] 
3151.617: [GC (Allocation Failure) [PSYoungGen: 321152K->169600K(465920K)] 1015415K->948092K(1488384K), 0.0783226 secs] [Times: user=0.46 sys=0.00, real=0.08 secs] 
3153.742: [GC (Allocation Failure) [PSYoungGen: 402560K->95872K(465920K)] 1181052K->1043804K(1488384K), 0.1474397 secs] [Times: user=0.85 sys=0.02, real=0.15 secs] 
3153.890: [Full GC (Ergonomics) [PSYoungGen: 95872K->0K(465920K)] [ParOldGen: 947932K->75241K(1022464K)] 1043804K->75241K(1488384K), [Metaspace: 60048K->60048K(1105920K)], 0.1838726 secs] [Times: user=0.84 sys=0.00, real=0.18 secs] 
3154.816: [GC (Allocation Failure) [PSYoungGen: 232960K->174624K(465920K)] 308201K->249873K(1488384K), 0.0765946 secs] [Times: user=0.46 sys=0.00, real=0.08 secs] 
3158.263: [GC (Allocation Failure) [PSYoungGen: 407584K->79616K(465920K)] 482833K->329405K(1488384K), 0.1103982 secs] [Times: user=0.65 sys=0.00, real=0.11 secs] 
3158.982: [GC (Allocation Failure) [PSYoungGen: 311871K->210496K(465920K)] 561660K->533594K(1488384K), 0.0612894 secs] [Times: user=0.36 sys=0.00, real=0.06 secs] 
3161.630: [GC (Allocation Failure) [PSYoungGen: 443456K->87424K(465920K)] 766554K->586442K(1488384K), 0.1043976 secs] [Times: user=0.62 sys=0.00, real=0.10 secs] 
3162.872: [GC (Allocation Failure) [PSYoungGen: 320384K->157184K(465920K)] 819402K->736847K(1488384K), 0.0601305 secs] [Times: user=0.36 sys=0.00, real=0.06 secs] 
3164.377: [GC (Allocation Failure) [PSYoungGen: 390144K->104032K(465920K)] 969807K->840711K(1488384K), 0.0806788 secs] [Times: user=0.48 sys=0.00, real=0.08 secs] 
3165.739: [GC (Allocation Failure) [PSYoungGen: 336992K->144032K(465920K)] 1073671K->974202K(1488384K), 0.0612706 secs] [Times: user=0.36 sys=0.00, real=0.06 secs] 
3165.800: [Full GC (Ergonomics) [PSYoungGen: 144032K->0K(465920K)] [ParOldGen: 830170K->252895K(1250816K)] 974202K->252895K(1716736K), [Metaspace: 60052K->60052K(1105920K)], 0.5361410 secs] [Times: user=2.36 sys=0.00, real=0.53 secs] 
3167.000: [GC (Allocation Failure) [PSYoungGen: 232960K->127200K(460800K)] 485855K->380095K(1711616K), 0.0253691 secs] [Times: user=0.14 sys=0.00, real=0.02 secs] 
3168.741: [GC (Allocation Failure) [PSYoungGen: 360160K->120608K(353792K)] 613055K->490564K(1604608K), 0.0626447 secs] [Times: user=0.38 sys=0.00, real=0.06 secs] 
3170.689: [GC (Allocation Failure) [PSYoungGen: 353568K->145312K(465408K)] 723524K->635664K(1716224K), 0.0562396 secs] [Times: user=0.34 sys=0.00, real=0.06 secs] 
3172.053: [GC (Allocation Failure) [PSYoungGen: 389024K->7808K(462336K)] 879376K->498244K(1713152K), 0.0035102 secs] [Times: user=0.02 sys=0.00, real=0.00 secs] 
3174.122: [GC (Allocation Failure) [PSYoungGen: 251520K->169120K(463360K)] 741956K->665201K(1714176K), 0.0343017 secs] [Times: user=0.20 sys=0.00, real=0.03 secs] 
3175.477: [GC (Allocation Failure) [PSYoungGen: 402080K->101696K(465920K)] 898161K->758061K(1716736K), 0.1287069 secs] [Times: user=0.77 sys=0.01, real=0.13 secs] 
3176.067: [GC (Allocation Failure) [PSYoungGen: 334656K->173120K(463360K)] 991021K->927682K(1714176K), 0.0538473 secs] [Times: user=0.32 sys=0.00, real=0.06 secs] 
3179.393: [GC (Allocation Failure) [PSYoungGen: 406080K->85856K(465920K)] 1160642K->1013566K(1716736K), 0.1475927 secs] [Times: user=0.88 sys=0.00, real=0.15 secs] 
3179.828: [GC (Allocation Failure) [PSYoungGen: 318816K->190688K(465920K)] 1246526K->1200295K(1716736K), 0.0594896 secs] [Times: user=0.33 sys=0.01, real=0.06 secs] 
3182.454: [GC (Allocation Failure) [PSYoungGen: 423648K->84256K(465920K)] 1433255K->1268383K(1716736K), 0.1722536 secs] [Times: user=0.60 sys=0.39, real=0.17 secs] 
3182.627: [Full GC (Ergonomics) [PSYoungGen: 84256K->0K(465920K)] [ParOldGen: 1184126K->78345K(1118720K)] 1268383K->78345K(1584640K), [Metaspace: 60058K->60058K(1105920K)], 0.1782429 secs] [Times: user=0.77 sys=0.01, real=0.18 secs] 
3183.130: [GC (Allocation Failure) [PSYoungGen: 232960K->178048K(465920K)] 311305K->256393K(1584640K), 0.0406415 secs] [Times: user=0.24 sys=0.00, real=0.04 secs] 
3187.162: [GC (Allocation Failure) [PSYoungGen: 411008K->77792K(465920K)] 489353K->334521K(1584640K), 0.1177207 secs] [Times: user=0.70 sys=0.00, real=0.12 secs] 
3187.836: [GC (Allocation Failure) [PSYoungGen: 307447K->204896K(465920K)] 564176K->533414K(1584640K), 0.0602698 secs] [Times: user=0.35 sys=0.01, real=0.06 secs] 
3190.120: [GC (Allocation Failure) [PSYoungGen: 437856K->89088K(465920K)] 766374K->587726K(1584640K), 0.1004178 secs] [Times: user=0.60 sys=0.00, real=0.10 secs] 
3192.024: [GC (Allocation Failure) [PSYoungGen: 322048K->154688K(465920K)] 820686K->735949K(1584640K), 0.0604697 secs] [Times: user=0.36 sys=0.00, real=0.06 secs] 
3193.464: [GC (Allocation Failure) [PSYoungGen: 387648K->101216K(465920K)] 968909K->837397K(1584640K), 0.0707323 secs] [Times: user=0.42 sys=0.00, real=0.07 secs] 
3196.102: [GC (Allocation Failure) [PSYoungGen: 334176K->147616K(465920K)] 1070357K->973984K(1584640K), 0.0607021 secs] [Times: user=0.36 sys=0.00, real=0.06 secs] 
3199.924: [GC (Allocation Failure) [PSYoungGen: 380576K->108768K(465920K)] 1206944K->1082464K(1584640K), 0.0754201 secs] [Times: user=0.45 sys=0.01, real=0.08 secs] 
3200.000: [Full GC (Ergonomics) [PSYoungGen: 108768K->0K(465920K)] [ParOldGen: 973696K->124850K(1211904K)] 1082464K->124850K(1677824K), [Metaspace: 60073K->60073K(1105920K)], 0.2803236 secs] [Times: user=1.28 sys=0.00, real=0.28 secs] 
3201.379: [GC (Allocation Failure) [PSYoungGen: 232960K->139616K(459776K)] 357810K->264466K(1671680K), 0.0513616 secs] [Times: user=0.30 sys=0.01, real=0.05 secs] 
3202.758: [GC (Allocation Failure) [PSYoungGen: 372576K->135808K(462848K)] 497426K->400078K(1674752K), 0.0725439 secs] [Times: user=0.43 sys=0.00, real=0.08 secs] 
3205.094: [GC (Allocation Failure) [PSYoungGen: 368768K->120576K(457728K)] 633038K->502170K(1669632K), 0.0637073 secs] [Times: user=0.37 sys=0.00, real=0.06 secs] 
3207.054: [GC (Allocation Failure) [PSYoungGen: 366848K->154656K(461312K)] 748442K->656474K(1673216K), 0.0580417 secs] [Times: user=0.35 sys=0.00, real=0.06 secs] 
3208.498: [GC (Allocation Failure) [PSYoungGen: 400928K->15776K(461312K)] 902746K->517639K(1673216K), 0.0092642 secs] [Times: user=0.05 sys=0.00, real=0.01 secs] 
3209.666: [GC (Allocation Failure) [PSYoungGen: 248534K->168768K(414208K)] 750397K->684603K(1626112K), 0.0631223 secs] [Times: user=0.36 sys=0.01, real=0.07 secs] 
3212.203: [GC (Allocation Failure) [PSYoungGen: 414016K->102496K(471552K)] 929851K->778891K(1683456K), 0.1767303 secs] [Times: user=1.05 sys=0.00, real=0.18 secs] 
3213.176: [GC (Allocation Failure) [PSYoungGen: 341088K->177984K(465920K)] 1017483K->953036K(1677824K), 0.0548043 secs] [Times: user=0.33 sys=0.00, real=0.06 secs] 
3214.880: [GC (Allocation Failure) [PSYoungGen: 416576K->91168K(465920K)] 1191628K->1044228K(1677824K), 0.1036168 secs] [Times: user=0.61 sys=0.00, real=0.10 secs] 
3215.254: [GC (Allocation Failure) [PSYoungGen: 324128K->176704K(465920K)] 1277188K->1214721K(1677824K), 0.0596969 secs] [Times: user=0.35 sys=0.00, real=0.06 secs] 
3215.313: [Full GC (Ergonomics) [PSYoungGen: 176704K->0K(465920K)] [ParOldGen: 1038017K->250466K(1368576K)] 1214721K->250466K(1834496K), [Metaspace: 60106K->60106K(1105920K)], 0.5924647 secs] [Times: user=2.78 sys=0.00, real=0.59 secs] 
3219.021: [GC (Allocation Failure) [PSYoungGen: 232960K->82272K(465920K)] 483426K->332738K(1834496K), 0.0310133 secs] [Times: user=0.17 sys=0.00, real=0.03 secs] 
3220.144: [GC (Allocation Failure) [PSYoungGen: 312574K->202624K(465920K)] 563040K->529050K(1834496K), 0.0672313 secs] [Times: user=0.40 sys=0.00, real=0.07 secs] 
3221.891: [GC (Allocation Failure) [PSYoungGen: 435584K->95360K(465920K)] 762010K->587562K(1834496K), 0.0932111 secs] [Times: user=0.55 sys=0.00, real=0.09 secs] 
3223.504: [GC (Allocation Failure) [PSYoungGen: 328320K->153088K(465920K)] 820522K->729442K(1834496K), 0.0602190 secs] [Times: user=0.36 sys=0.00, real=0.06 secs] 
3224.632: [GC (Allocation Failure) [PSYoungGen: 386048K->108608K(465920K)] 962402K->838274K(1834496K), 0.0823597 secs] [Times: user=0.49 sys=0.00, real=0.08 secs] 
3226.436: [GC (Allocation Failure) [PSYoungGen: 341568K->139776K(373248K)] 1071234K->967233K(1741824K), 0.0612230 secs] [Times: user=0.37 sys=0.00, real=0.06 secs] 
3227.833: [GC (Allocation Failure) [PSYoungGen: 372736K->133504K(473600K)] 1200193K->1100809K(1842176K), 0.0668217 secs] [Times: user=0.39 sys=0.00, real=0.07 secs] 
3230.324: [GC (Allocation Failure) [PSYoungGen: 375168K->1888K(464896K)] 1342473K->969225K(1833472K), 0.0026305 secs] [Times: user=0.02 sys=0.00, real=0.00 secs] 
3232.374: [GC (Allocation Failure) [PSYoungGen: 243552K->154464K(465920K)] 1210889K->1122702K(1834496K), 0.0306764 secs] [Times: user=0.18 sys=0.01, real=0.03 secs] 
3233.625: [GC (Allocation Failure) [PSYoungGen: 387424K->11680K(465920K)] 1355662K->980022K(1834496K), 0.0042069 secs] [Times: user=0.03 sys=0.01, real=0.01 secs] 
3235.170: [GC (Allocation Failure) [PSYoungGen: 244640K->167104K(465920K)] 1212982K->1145226K(1834496K), 0.0359670 secs] [Times: user=0.21 sys=0.00, real=0.03 secs] 
3236.664: [GC (Allocation Failure) [PSYoungGen: 400064K->94816K(465920K)] 1378186K->1231514K(1834496K), 0.1253168 secs] [Times: user=0.73 sys=0.03, real=0.13 secs] 
3236.790: [Full GC (Ergonomics) [PSYoungGen: 94816K->0K(465920K)] [ParOldGen: 1136698K->41255K(1229312K)] 1231514K->41255K(1695232K), [Metaspace: 60110K->60110K(1105920K)], 0.1024763 secs] [Times: user=0.43 sys=0.00, real=0.10 secs] 
3237.388: [GC (Allocation Failure) [PSYoungGen: 217717K->159840K(465920K)] 258973K->201095K(1695232K), 0.0393498 secs] [Times: user=0.23 sys=0.00, real=0.04 secs] 
3240.174: [GC (Allocation Failure) [PSYoungGen: 392800K->93760K(465920K)] 434055K->286519K(1695232K), 0.1772757 secs] [Times: user=1.01 sys=0.00, real=0.18 secs] 
3241.485: [GC (Allocation Failure) [PSYoungGen: 326720K->169888K(465920K)] 519479K->450312K(1695232K), 0.0488267 secs] [Times: user=0.29 sys=0.00, real=0.05 secs] 
3243.327: [GC (Allocation Failure) [PSYoungGen: 402848K->89728K(465920K)] 683272K->539624K(1695232K), 0.1377944 secs] [Times: user=0.82 sys=0.00, real=0.14 secs] 
3243.923: [GC (Allocation Failure) [PSYoungGen: 322688K->168128K(465920K)] 772584K->704307K(1695232K), 0.0566766 secs] [Times: user=0.33 sys=0.00, real=0.06 secs] 
3248.011: [GC (Allocation Failure) [PSYoungGen: 401088K->82368K(465920K)] 937267K->786115K(1695232K), 0.1567497 secs] [Times: user=0.93 sys=0.00, real=0.15 secs] 
3248.463: [GC (Allocation Failure) [PSYoungGen: 315328K->178944K(465920K)] 1019075K->959148K(1695232K), 0.0577880 secs] [Times: user=0.34 sys=0.00, real=0.06 secs] 
3251.570: [GC (Allocation Failure) [PSYoungGen: 411904K->83520K(465920K)] 1192108K->1042740K(1695232K), 0.1334835 secs] [Times: user=0.79 sys=0.01, real=0.13 secs] 
3253.336: [GC (Allocation Failure) [PSYoungGen: 316480K->174080K(465920K)] 1275700K->1210237K(1695232K), 0.1614026 secs] [Times: user=0.96 sys=0.00, real=0.16 secs] 
3253.498: [Full GC (Ergonomics) [PSYoungGen: 174080K->0K(465920K)] [ParOldGen: 1036157K->253015K(1398272K)] 1210237K->253015K(1864192K), [Metaspace: 60114K->60114K(1105920K)], 0.6596703 secs] [Times: user=3.18 sys=0.00, real=0.66 secs] 
3257.553: [GC (Allocation Failure) [PSYoungGen: 232960K->78048K(465920K)] 485975K->331063K(1864192K), 0.0302845 secs] [Times: user=0.17 sys=0.00, real=0.03 secs] 
3258.166: [GC (Allocation Failure) [PSYoungGen: 308248K->201216K(465920K)] 561263K->526323K(1864192K), 0.0596107 secs] [Times: user=0.36 sys=0.00, real=0.06 secs] 
3260.865: [GC (Allocation Failure) [PSYoungGen: 434176K->94080K(465920K)] 759283K->585435K(1864192K), 0.1022572 secs] [Times: user=0.61 sys=0.00, real=0.10 secs] 
3262.073: [GC (Allocation Failure) [PSYoungGen: 327040K->154688K(465920K)] 818395K->729204K(1864192K), 0.0601769 secs] [Times: user=0.36 sys=0.01, real=0.06 secs] 
3263.917: [GC (Allocation Failure) [PSYoungGen: 387648K->114528K(465920K)] 962164K->843604K(1864192K), 0.0881879 secs] [Times: user=0.52 sys=0.00, real=0.09 secs] 
3265.146: [GC (Allocation Failure) [PSYoungGen: 347488K->141952K(465920K)] 1076564K->967163K(1864192K), 0.0616576 secs] [Times: user=0.37 sys=0.00, real=0.06 secs] 
3267.042: [GC (Allocation Failure) [PSYoungGen: 374912K->120992K(354304K)] 1200123K->1087931K(1752576K), 0.0650198 secs] [Times: user=0.39 sys=0.00, real=0.06 secs] 
3268.728: [GC (Allocation Failure) [PSYoungGen: 353952K->127360K(471040K)] 1320891K->1204664K(1869312K), 0.0623574 secs] [Times: user=0.37 sys=0.00, real=0.07 secs] 
3270.296: [GC (Allocation Failure) [PSYoungGen: 370048K->146240K(461312K)] 1447352K->1350656K(1859584K), 0.0616019 secs] [Times: user=0.34 sys=0.01, real=0.06 secs] 
3270.358: [Full GC (Ergonomics) [PSYoungGen: 146240K->0K(461312K)] [ParOldGen: 1204416K->162758K(1398272K)] 1350656K->162758K(1859584K), [Metaspace: 60117K->60117K(1105920K)], 0.3791721 secs] [Times: user=1.76 sys=0.00, real=0.38 secs] 
3272.126: [GC (Allocation Failure) [PSYoungGen: 242688K->108128K(473600K)] 405446K->270886K(1871872K), 0.0704410 secs] [Times: user=0.42 sys=0.00, real=0.07 secs] 
3274.259: [GC (Allocation Failure) [PSYoungGen: 365152K->178176K(468480K)] 527910K->447283K(1866752K), 0.0593155 secs] [Times: user=0.35 sys=0.00, real=0.06 secs] 
3276.439: [GC (Allocation Failure) [PSYoungGen: 434971K->112736K(481792K)] 704079K->550747K(1880064K), 0.1701358 secs] [Times: user=1.02 sys=0.00, real=0.17 secs] 
3276.904: [GC (Allocation Failure) [PSYoungGen: 373856K->194112K(455680K)] 811867K->740596K(1853952K), 0.0594101 secs] [Times: user=0.35 sys=0.00, real=0.06 secs] 
3278.875: [GC (Allocation Failure) [PSYoungGen: 455232K->108064K(472064K)] 1001716K->848508K(1870336K), 0.0881954 secs] [Times: user=0.52 sys=0.00, real=0.09 secs] 
3280.895: [GC (Allocation Failure) [PSYoungGen: 348704K->139840K(380928K)] 1089148K->978060K(1779200K), 0.0617939 secs] [Times: user=0.37 sys=0.00, real=0.06 secs] 
3282.622: [GC (Allocation Failure) [PSYoungGen: 380480K->134784K(468992K)] 1218700K->1112925K(1867264K), 0.0660808 secs] [Times: user=0.39 sys=0.01, real=0.06 secs] 
3284.922: [GC (Allocation Failure) [PSYoungGen: 384128K->4960K(460288K)] 1362269K->983205K(1858560K), 0.0038307 secs] [Times: user=0.02 sys=0.00, real=0.00 secs] 
3286.926: [GC (Allocation Failure) [PSYoungGen: 254304K->172768K(458752K)] 1232549K->1154241K(1857024K), 0.0346935 secs] [Times: user=0.20 sys=0.00, real=0.04 secs] 
3288.957: [GC (Allocation Failure) [PSYoungGen: 405728K->98624K(465920K)] 1387201K->1243674K(1864192K), 0.1702568 secs] [Times: user=1.00 sys=0.00, real=0.17 secs] 
3289.673: [GC (Allocation Failure) [PSYoungGen: 331584K->201216K(461312K)] 1476634K->1441254K(1859584K), 0.0632599 secs] [Times: user=0.30 sys=0.06, real=0.06 secs] 
3289.736: [Full GC (Ergonomics) [PSYoungGen: 201216K->0K(461312K)] [ParOldGen: 1240038K->207325K(1398272K)] 1441254K->207325K(1859584K), [Metaspace: 60145K->60145K(1105920K)], 0.4782760 secs] [Times: user=2.23 sys=0.00, real=0.48 secs] 
3293.762: [GC (Allocation Failure) [PSYoungGen: 232960K->81952K(465920K)] 440285K->289277K(1864192K), 0.1950476 secs] [Times: user=1.12 sys=0.01, real=0.19 secs] 
3295.004: [GC (Allocation Failure) [PSYoungGen: 314912K->173504K(465920K)] 522237K->459326K(1864192K), 0.0534108 secs] [Times: user=0.32 sys=0.00, real=0.05 secs] 
3297.840: [GC (Allocation Failure) [PSYoungGen: 404627K->83616K(465920K)] 690449K->543082K(1864192K), 0.1746807 secs] [Times: user=1.04 sys=0.00, real=0.17 secs] 
3298.294: [GC (Allocation Failure) [PSYoungGen: 316576K->173984K(465920K)] 776042K->713095K(1864192K), 0.0560982 secs] [Times: user=0.34 sys=0.00, real=0.06 secs] 
3300.036: [GC (Allocation Failure) [PSYoungGen: 406944K->93920K(465920K)] 946055K->807231K(1864192K), 0.1204865 secs] [Times: user=0.72 sys=0.00, real=0.12 secs] 
3301.005: [GC (Allocation Failure) [PSYoungGen: 326880K->190528K(465920K)] 1040191K->991860K(1864192K), 0.0665009 secs] [Times: user=0.40 sys=0.00, real=0.07 secs] 
3304.069: [GC (Allocation Failure) [PSYoungGen: 423488K->89632K(465920K)] 1224820K->1060868K(1864192K), 0.0965538 secs] [Times: user=0.57 sys=0.00, real=0.09 secs] 
3305.293: [GC (Allocation Failure) [PSYoungGen: 322592K->155360K(465920K)] 1293828K->1209552K(1864192K), 0.0607202 secs] [Times: user=0.36 sys=0.00, real=0.06 secs] 
3307.100: [GC (Allocation Failure) [PSYoungGen: 388320K->103552K(465920K)] 1442512K->1312424K(1864192K), 0.0871966 secs] [Times: user=0.52 sys=0.00, real=0.08 secs] 
3307.187: [Full GC (Ergonomics) [PSYoungGen: 103552K->0K(465920K)] [ParOldGen: 1208872K->120125K(1398272K)] 1312424K->120125K(1864192K), [Metaspace: 60147K->60147K(1105920K)], 0.2738457 secs] [Times: user=1.25 sys=0.00, real=0.28 secs] 
3309.109: [GC (Allocation Failure) [PSYoungGen: 232960K->144864K(465920K)] 353085K->264989K(1864192K), 0.0518710 secs] [Times: user=0.31 sys=0.00, real=0.05 secs] 
3311.734: [GC (Allocation Failure) [PSYoungGen: 377824K->117216K(350208K)] 497949K->382013K(1748480K), 0.0856934 secs] [Times: user=0.51 sys=0.00, real=0.09 secs] 
3312.970: [GC (Allocation Failure) [PSYoungGen: 350176K->130496K(471552K)] 614973K->502161K(1869824K), 0.0619601 secs] [Times: user=0.36 sys=0.00, real=0.06 secs] 
3315.006: [GC (Allocation Failure) [PSYoungGen: 373184K->145248K(461824K)] 744849K->647193K(1860096K), 0.0594359 secs] [Times: user=0.35 sys=0.00, real=0.06 secs] 
3317.763: [GC (Allocation Failure) [PSYoungGen: 387936K->7008K(454144K)] 889881K->508977K(1852416K), 0.0082600 secs] [Times: user=0.04 sys=0.00, real=0.01 secs] 
3319.338: [GC (Allocation Failure) [PSYoungGen: 245088K->168704K(407040K)] 747057K->675566K(1805312K), 0.0344032 secs] [Times: user=0.20 sys=0.00, real=0.04 secs] 
3320.624: [GC (Allocation Failure) [PSYoungGen: 406784K->102528K(470016K)] 913646K->769062K(1868288K), 0.0995530 secs] [Times: user=0.59 sys=0.01, real=0.10 secs] 
3321.622: [GC (Allocation Failure) [PSYoungGen: 339584K->171520K(465920K)] 1006118K->937523K(1864192K), 0.0807457 secs] [Times: user=0.48 sys=0.01, real=0.08 secs] 
3325.493: [GC (Allocation Failure) [PSYoungGen: 408576K->88736K(466944K)] 1174579K->1026347K(1865216K), 0.1817109 secs] [Times: user=1.08 sys=0.00, real=0.18 secs] 
3326.100: [GC (Allocation Failure) [PSYoungGen: 322720K->169248K(465920K)] 1260331K->1191620K(1864192K), 0.0561864 secs] [Times: user=0.33 sys=0.00, real=0.05 secs] 
3327.956: [GC (Allocation Failure) [PSYoungGen: 403232K->94080K(465920K)] 1425604K->1285196K(1864192K), 0.1212820 secs] [Times: user=0.72 sys=0.00, real=0.12 secs] 
3328.077: [Full GC (Ergonomics) [PSYoungGen: 94080K->0K(465920K)] [ParOldGen: 1191116K->84183K(1398272K)] 1285196K->84183K(1864192K), [Metaspace: 60148K->60148K(1105920K)], 0.2006012 secs] [Times: user=0.91 sys=0.00, real=0.20 secs] 
3328.502: [GC (Allocation Failure) [PSYoungGen: 232960K->170912K(465920K)] 317143K->255095K(1864192K), 0.0361710 secs] [Times: user=0.21 sys=0.01, real=0.03 secs] 
3331.998: [GC (Allocation Failure) [PSYoungGen: 403872K->88224K(465920K)] 488055K->342707K(1864192K), 0.1113358 secs] [Times: user=0.66 sys=0.00, real=0.12 secs] 
3333.098: [GC (Allocation Failure) [PSYoungGen: 316511K->199456K(465920K)] 570995K->536112K(1864192K), 0.0676401 secs] [Times: user=0.41 sys=0.00, real=0.07 secs] 
3335.045: [GC (Allocation Failure) [PSYoungGen: 431426K->93312K(465920K)] 768082K->591952K(1864192K), 0.0998799 secs] [Times: user=0.52 sys=0.01, real=0.10 secs] 
3336.266: [GC (Allocation Failure) [PSYoungGen: 326272K->151392K(465920K)] 824912K->736601K(1864192K), 0.0607842 secs] [Times: user=0.36 sys=0.00, real=0.06 secs] 
3339.180: [GC (Allocation Failure) [PSYoungGen: 384352K->103488K(465920K)] 969561K->840041K(1864192K), 0.0917945 secs] [Times: user=0.54 sys=0.00, real=0.09 secs] 
3340.424: [GC (Allocation Failure) [PSYoungGen: 336448K->144928K(378368K)] 1073001K->974310K(1776640K), 0.0611410 secs] [Times: user=0.37 sys=0.00, real=0.06 secs] 
3342.169: [GC (Allocation Failure) [PSYoungGen: 377888K->119776K(473088K)] 1207270K->1093990K(1871360K), 0.0748720 secs] [Times: user=0.44 sys=0.00, real=0.07 secs] 
3344.012: [GC (Allocation Failure) [PSYoungGen: 360928K->128096K(369664K)] 1335142K->1211943K(1767936K), 0.0632329 secs] [Times: user=0.37 sys=0.00, real=0.06 secs] 
3345.868: [GC (Allocation Failure) [PSYoungGen: 369248K->148384K(458240K)] 1453095K->1360447K(1856512K), 0.0594027 secs] [Times: user=0.35 sys=0.00, real=0.06 secs] 
3345.928: [Full GC (Ergonomics) [PSYoungGen: 148384K->0K(458240K)] [ParOldGen: 1212063K->164905K(1398272K)] 1360447K->164905K(1856512K), [Metaspace: 60151K->60151K(1105920K)], 0.3839018 secs] [Times: user=1.77 sys=0.00, real=0.39 secs] 
3348.418: [GC (Allocation Failure) [PSYoungGen: 244224K->107264K(457216K)] 409129K->272169K(1855488K), 0.0425253 secs] [Times: user=0.25 sys=0.00, real=0.05 secs] 
3349.670: [GC (Allocation Failure) [PSYoungGen: 351488K->174496K(472064K)] 516393K->445462K(1870336K), 0.0836043 secs] [Times: user=0.49 sys=0.00, real=0.08 secs] 
3352.665: [GC (Allocation Failure) [PSYoungGen: 437664K->110656K(480768K)] 708630K->548022K(1879040K), 0.1466691 secs] [Times: user=0.86 sys=0.01, real=0.15 secs] 
3353.361: [GC (Allocation Failure) [PSYoungGen: 373824K->194400K(455168K)] 811190K->738366K(1853440K), 0.0758997 secs] [Times: user=0.44 sys=0.01, real=0.07 secs] 
3357.077: [GC (Allocation Failure) [PSYoungGen: 436576K->90240K(470528K)] 980542K->828450K(1868800K), 0.0925046 secs] [Times: user=0.55 sys=0.00, real=0.10 secs] 
3359.939: [GC (Allocation Failure) [PSYoungGen: 332416K->157728K(469504K)] 1070626K->979483K(1867776K), 0.0620259 secs] [Times: user=0.37 sys=0.00, real=0.06 secs] 
3361.766: [GC (Allocation Failure) [PSYoungGen: 400928K->112832K(356352K)] 1222683K->1092151K(1754624K), 0.0764267 secs] [Times: user=0.46 sys=0.00, real=0.08 secs] 
3364.017: [GC (Allocation Failure) [PSYoungGen: 356032K->135808K(474624K)] 1335351K->1217054K(1872896K), 0.0625917 secs] [Times: user=0.37 sys=0.00, real=0.07 secs] 
3366.346: [GC (Allocation Failure) [PSYoungGen: 388736K->158208K(466944K)] 1469982K->1375438K(1865216K), 0.0626951 secs] [Times: user=0.37 sys=0.00, real=0.07 secs] 
3366.409: [Full GC (Ergonomics) [PSYoungGen: 158208K->0K(466944K)] [ParOldGen: 1217230K->164679K(1398272K)] 1375438K->164679K(1865216K), [Metaspace: 60160K->60160K(1105920K)], 0.4158550 secs] [Times: user=1.93 sys=0.00, real=0.41 secs] 
3368.073: [GC (Allocation Failure) [PSYoungGen: 252928K->120032K(479744K)] 417607K->284711K(1878016K), 0.0560771 secs] [Times: user=0.33 sys=0.00, real=0.06 secs] 
3368.776: [GC (Allocation Failure) [PSYoungGen: 388320K->193760K(462336K)] 552999K->476059K(1860608K), 0.0639715 secs] [Times: user=0.38 sys=0.00, real=0.07 secs] 
3371.190: [GC (Allocation Failure) [PSYoungGen: 462048K->114560K(478720K)] 744347K->590139K(1876992K), 0.0975578 secs] [Times: user=0.58 sys=0.00, real=0.09 secs] 
3373.031: [GC (Allocation Failure) [PSYoungGen: 368512K->153856K(408064K)] 844091K->737846K(1806336K), 0.0675387 secs] [Times: user=0.40 sys=0.00, real=0.06 secs] 
3374.773: [GC (Allocation Failure) [PSYoungGen: 407808K->135360K(479232K)] 991798K->873390K(1877504K), 0.0637467 secs] [Times: user=0.38 sys=0.00, real=0.06 secs] 
3376.602: [GC (Allocation Failure) [PSYoungGen: 396480K->9536K(472064K)] 1134510K->747606K(1870336K), 0.0114566 secs] [Times: user=0.06 sys=0.00, real=0.01 secs] 
3378.355: [GC (Allocation Failure) [PSYoungGen: 255935K->174784K(458752K)] 994006K->920960K(1857024K), 0.0364148 secs] [Times: user=0.21 sys=0.00, real=0.04 secs] 
3382.233: [GC (Allocation Failure) [PSYoungGen: 407744K->85760K(465920K)] 1153920K->998388K(1864192K), 0.1719707 secs] [Times: user=1.02 sys=0.00, real=0.17 secs] 
3383.975: [GC (Allocation Failure) [PSYoungGen: 313488K->164896K(464384K)] 1226117K->1159985K(1862656K), 0.0475776 secs] [Times: user=0.28 sys=0.00, real=0.05 secs] 
3385.291: [GC (Allocation Failure) [PSYoungGen: 397856K->97440K(330752K)] 1392945K->1248593K(1729024K), 0.1057255 secs] [Times: user=0.63 sys=0.01, real=0.10 secs] 
3386.206: [GC (Allocation Failure) [PSYoungGen: 330400K->169216K(461312K)] 1481553K->1414711K(1859584K), 0.1028344 secs] [Times: user=0.52 sys=0.01, real=0.10 secs] 
3386.308: [Full GC (Ergonomics) [PSYoungGen: 169216K->0K(461312K)] [ParOldGen: 1245495K->213768K(1398272K)] 1414711K->213768K(1859584K), [Metaspace: 60162K->60162K(1105920K)], 0.5203668 secs] [Times: user=2.44 sys=0.00, real=0.53 secs] 
3389.696: [GC (Allocation Failure) [PSYoungGen: 231424K->82528K(464384K)] 445192K->296296K(1862656K), 0.1468460 secs] [Times: user=0.87 sys=0.01, real=0.15 secs] 
3390.364: [GC (Allocation Failure) [PSYoungGen: 313952K->170624K(465920K)] 527720K->463605K(1864192K), 0.0545833 secs] [Times: user=0.32 sys=0.01, real=0.05 secs] 
3392.654: [GC (Allocation Failure) [PSYoungGen: 403584K->87168K(465920K)] 696565K->550965K(1864192K), 0.0958433 secs] [Times: user=0.57 sys=0.00, real=0.10 secs] 
3393.741: [GC (Allocation Failure) [PSYoungGen: 320128K->173056K(465920K)] 783925K->718485K(1864192K), 0.1064976 secs] [Times: user=0.63 sys=0.00, real=0.10 secs] 
3395.968: [GC (Allocation Failure) [PSYoungGen: 406016K->87200K(465920K)] 951445K->805654K(1864192K), 0.1236009 secs] [Times: user=0.73 sys=0.00, real=0.13 secs] 
3397.455: [GC (Allocation Failure) [PSYoungGen: 320160K->206464K(465920K)] 1038614K->1005469K(1864192K), 0.0613993 secs] [Times: user=0.36 sys=0.01, real=0.06 secs] 
3398.746: [GC (Allocation Failure) [PSYoungGen: 439424K->93184K(465920K)] 1238429K->1061925K(1864192K), 0.0993732 secs] [Times: user=0.60 sys=0.00, real=0.10 secs] 
3400.028: [GC (Allocation Failure) [PSYoungGen: 326144K->150912K(465920K)] 1294885K->1206180K(1864192K), 0.0611672 secs] [Times: user=0.37 sys=0.00, real=0.07 secs] 
3401.990: [GC (Allocation Failure) [PSYoungGen: 383872K->103232K(465920K)] 1439140K->1309500K(1864192K), 0.0831243 secs] [Times: user=0.49 sys=0.01, real=0.08 secs] 
3402.074: [Full GC (Ergonomics) [PSYoungGen: 103232K->0K(465920K)] [ParOldGen: 1206268K->118396K(1398272K)] 1309500K->118396K(1864192K), [Metaspace: 60170K->60170K(1105920K)], 0.2649728 secs] [Times: user=1.19 sys=0.00, real=0.26 secs] 
3403.759: [GC (Allocation Failure) [PSYoungGen: 232960K->144928K(465920K)] 351356K->263324K(1864192K), 0.0532947 secs] [Times: user=0.32 sys=0.00, real=0.05 secs] 
3405.800: [GC (Allocation Failure) [PSYoungGen: 377888K->117600K(350720K)] 496284K->381236K(1748992K), 0.0913848 secs] [Times: user=0.54 sys=0.00, real=0.09 secs] 
3407.044: [GC (Allocation Failure) [PSYoungGen: 350560K->130496K(470016K)] 614196K->501361K(1868288K), 0.0613885 secs] [Times: user=0.36 sys=0.00, real=0.06 secs] 
3409.821: [GC (Allocation Failure) [PSYoungGen: 373184K->142880K(460288K)] 744049K->644429K(1858560K), 0.0599182 secs] [Times: user=0.35 sys=0.00, real=0.06 secs] 
3411.128: [GC (Allocation Failure) [PSYoungGen: 385568K->8800K(455680K)] 887117K->510441K(1853952K), 0.0039095 secs] [Times: user=0.02 sys=0.00, real=0.01 secs] 
3412.884: [GC (Allocation Failure) [PSYoungGen: 250464K->169600K(411648K)] 752105K->677818K(1809920K), 0.0349100 secs] [Times: user=0.21 sys=0.00, real=0.03 secs] 
3414.742: [GC (Allocation Failure) [PSYoungGen: 411264K->104512K(472064K)] 919482K->773282K(1870336K), 0.1113350 secs] [Times: user=0.66 sys=0.00, real=0.11 secs] 
3415.880: [GC (Allocation Failure) [PSYoungGen: 343616K->173376K(465920K)] 1012386K->943199K(1864192K), 0.0955074 secs] [Times: user=0.57 sys=0.00, real=0.09 secs] 
3419.435: [GC (Allocation Failure) [PSYoungGen: 412480K->92704K(468480K)] 1182303K->1036007K(1866752K), 0.1561715 secs] [Times: user=0.93 sys=0.00, real=0.16 secs] 
3419.876: [GC (Allocation Failure) [PSYoungGen: 328224K->178400K(465920K)] 1271527K->1204487K(1864192K), 0.0572437 secs] [Times: user=0.34 sys=0.00, real=0.06 secs] 
3424.469: [GC (Allocation Failure) [PSYoungGen: 413920K->80608K(465920K)] 1440007K->1284759K(1864192K), 0.1468329 secs] [Times: user=0.87 sys=0.00, real=0.15 secs] 
3424.615: [Full GC (Ergonomics) [PSYoungGen: 80608K->0K(465920K)] [ParOldGen: 1204151K->82027K(1398272K)] 1284759K->82027K(1864192K), [Metaspace: 60185K->60185K(1105920K)], 0.2101411 secs] [Times: user=0.98 sys=0.00, real=0.21 secs] 
3425.055: [GC (Allocation Failure) [PSYoungGen: 232960K->174944K(465920K)] 314987K->256971K(1864192K), 0.0375459 secs] [Times: user=0.21 sys=0.01, real=0.04 secs] 
3427.827: [GC (Allocation Failure) [PSYoungGen: 407904K->85664K(465920K)] 489931K->342371K(1864192K), 0.1090986 secs] [Times: user=0.65 sys=0.00, real=0.11 secs] 
3428.992: [GC (Allocation Failure) [PSYoungGen: 314703K->199392K(465920K)] 571411K->535692K(1864192K), 0.0687424 secs] [Times: user=0.41 sys=0.01, real=0.07 secs] 
3430.584: [GC (Allocation Failure) [PSYoungGen: 429982K->93760K(465920K)] 766282K->592004K(1864192K), 0.0956618 secs] [Times: user=0.57 sys=0.00, real=0.10 secs] 
3431.818: [GC (Allocation Failure) [PSYoungGen: 326720K->151328K(465920K)] 824964K->736173K(1864192K), 0.0603726 secs] [Times: user=0.36 sys=0.00, real=0.06 secs] 
3432.877: [GC (Allocation Failure) [PSYoungGen: 384288K->111328K(465920K)] 969133K->847293K(1864192K), 0.0804182 secs] [Times: user=0.48 sys=0.01, real=0.08 secs] 
3434.752: [GC (Allocation Failure) [PSYoungGen: 344288K->136640K(369664K)] 1080253K->973370K(1767936K), 0.0618796 secs] [Times: user=0.37 sys=0.00, real=0.06 secs] 
3436.682: [GC (Allocation Failure) [PSYoungGen: 369600K->129344K(473088K)] 1206330K->1102882K(1871360K), 0.0694081 secs] [Times: user=0.41 sys=0.00, real=0.07 secs] 
3438.619: [GC (Allocation Failure) [PSYoungGen: 372032K->2560K(463360K)] 1345570K->976158K(1861632K), 0.0027151 secs] [Times: user=0.01 sys=0.00, real=0.00 secs] 
3439.764: [GC (Allocation Failure) [PSYoungGen: 245248K->165280K(465920K)] 1218846K->1140038K(1864192K), 0.0326549 secs] [Times: user=0.20 sys=0.00, real=0.03 secs] 
3442.111: [GC (Allocation Failure) [PSYoungGen: 398240K->14496K(465920K)] 1372998K->989447K(1864192K), 0.0086805 secs] [Times: user=0.04 sys=0.00, real=0.01 secs] 
3443.556: [GC (Allocation Failure) [PSYoungGen: 247456K->168576K(465920K)] 1222407K->1155887K(1864192K), 0.0428814 secs] [Times: user=0.25 sys=0.00, real=0.05 secs] 
3446.144: [GC (Allocation Failure) [PSYoungGen: 401536K->92704K(465920K)] 1388847K->1240183K(1864192K), 0.1149254 secs] [Times: user=0.68 sys=0.01, real=0.12 secs] 
3446.259: [Full GC (Ergonomics) [PSYoungGen: 92704K->0K(465920K)] [ParOldGen: 1147479K->41780K(1398272K)] 1240183K->41780K(1864192K), [Metaspace: 60188K->60188K(1105920K)], 0.0937491 secs] [Times: user=0.39 sys=0.00, real=0.09 secs] 
3447.374: [GC (Allocation Failure) [PSYoungGen: 217544K->159808K(465920K)] 259325K->201588K(1864192K), 0.0317095 secs] [Times: user=0.19 sys=0.00, real=0.03 secs] 
3449.931: [GC (Allocation Failure) [PSYoungGen: 392768K->92096K(465920K)] 434548K->285164K(1864192K), 0.1550481 secs] [Times: user=0.93 sys=0.00, real=0.15 secs] 
3451.344: [GC (Allocation Failure) [PSYoungGen: 311724K->159008K(465920K)] 504793K->440113K(1864192K), 0.0475622 secs] [Times: user=0.29 sys=0.00, real=0.05 secs] 
3453.703: [GC (Allocation Failure) [PSYoungGen: 391968K->92128K(465920K)] 673073K->523417K(1864192K), 0.1567848 secs] [Times: user=0.94 sys=0.00, real=0.16 secs] 
3454.861: [GC (Allocation Failure) [PSYoungGen: 325088K->170240K(465920K)] 756377K->689788K(1864192K), 0.0502522 secs] [Times: user=0.29 sys=0.00, real=0.05 secs] 
3457.822: [GC (Allocation Failure) [PSYoungGen: 403200K->83200K(465920K)] 922748K->772537K(1864192K), 0.1420039 secs] [Times: user=0.83 sys=0.00, real=0.14 secs] 
3459.419: [GC (Allocation Failure) [PSYoungGen: 316160K->172608K(465920K)] 1005497K->941017K(1864192K), 0.0554048 secs] [Times: user=0.32 sys=0.00, real=0.05 secs] 
3462.763: [GC (Allocation Failure) [PSYoungGen: 405568K->83488K(465920K)] 1173977K->1024517K(1864192K), 0.1742281 secs] [Times: user=1.04 sys=0.00, real=0.17 secs] 
3463.346: [GC (Allocation Failure) [PSYoungGen: 316448K->178496K(465920K)] 1257477K->1197503K(1864192K), 0.0571285 secs] [Times: user=0.34 sys=0.00, real=0.06 secs] 
3465.782: [GC (Allocation Failure) [PSYoungGen: 411456K->87360K(465920K)] 1430463K->1284983K(1864192K), 0.1192810 secs] [Times: user=0.71 sys=0.00, real=0.12 secs] 
3465.901: [Full GC (Ergonomics) [PSYoungGen: 87360K->0K(465920K)] [ParOldGen: 1197623K->87858K(1398272K)] 1284983K->87858K(1864192K), [Metaspace: 60189K->60189K(1105920K)], 0.2072327 secs] [Times: user=0.93 sys=0.01, real=0.21 secs] 
3467.515: [GC (Allocation Failure) [PSYoungGen: 231553K->205344K(465920K)] 319412K->293202K(1864192K), 0.0430704 secs] [Times: user=0.26 sys=0.00, real=0.04 secs] 
3470.157: [GC (Allocation Failure) [PSYoungGen: 438304K->85376K(465920K)] 526162K->345146K(1864192K), 0.1104611 secs] [Times: user=0.66 sys=0.00, real=0.11 secs] 
3472.093: [GC (Allocation Failure) [PSYoungGen: 318336K->159296K(465920K)] 578106K->497747K(1864192K), 0.0600721 secs] [Times: user=0.35 sys=0.00, real=0.06 secs] 
3474.345: [GC (Allocation Failure) [PSYoungGen: 386451K->93248K(465920K)] 724902K->590835K(1864192K), 0.0968756 secs] [Times: user=0.58 sys=0.01, real=0.10 secs] 
3476.679: [GC (Allocation Failure) [PSYoungGen: 326208K->150976K(465920K)] 823795K->735111K(1864192K), 0.0598425 secs] [Times: user=0.36 sys=0.00, real=0.06 secs] 
3478.120: [GC (Allocation Failure) [PSYoungGen: 383936K->109632K(465920K)] 968071K->844999K(1864192K), 0.0850812 secs] [Times: user=0.50 sys=0.00, real=0.08 secs] 
3479.449: [GC (Allocation Failure) [PSYoungGen: 342592K->139136K(463872K)] 1077959K->973208K(1862144K), 0.0612997 secs] [Times: user=0.37 sys=0.00, real=0.06 secs] 
3481.211: [GC (Allocation Failure) [PSYoungGen: 372096K->127936K(360960K)] 1206168K->1100648K(1759232K), 0.0664381 secs] [Times: user=0.39 sys=0.00, real=0.06 secs] 
3482.765: [GC (Allocation Failure) [PSYoungGen: 360896K->120736K(465920K)] 1333608K->1211021K(1864192K), 0.0637385 secs] [Times: user=0.38 sys=0.00, real=0.07 secs] 
3484.453: [GC (Allocation Failure) [PSYoungGen: 364960K->153760K(457728K)] 1455245K->1364109K(1856000K), 0.0995621 secs] [Times: user=0.59 sys=0.01, real=0.10 secs] 
3484.553: [Full GC (Ergonomics) [PSYoungGen: 153760K->0K(457728K)] [ParOldGen: 1210349K->168735K(1398272K)] 1364109K->168735K(1856000K), [Metaspace: 60192K->60192K(1105920K)], 0.4127935 secs] [Times: user=1.92 sys=0.00, real=0.41 secs] 
3487.471: [GC (Allocation Failure) [PSYoungGen: 244224K->106816K(480768K)] 412959K->275552K(1879040K), 0.0662372 secs] [Times: user=0.39 sys=0.00, real=0.06 secs] 
3489.128: [GC (Allocation Failure) [PSYoungGen: 375104K->186720K(455168K)] 543840K->460356K(1853440K), 0.0600609 secs] [Times: user=0.35 sys=0.00, real=0.06 secs] 
3491.408: [GC (Allocation Failure) [PSYoungGen: 455008K->115328K(480768K)] 728644K->575388K(1879040K), 0.1192600 secs] [Times: user=0.71 sys=0.00, real=0.12 secs] 
3494.357: [GC (Allocation Failure) [PSYoungGen: 372352K->169536K(475136K)] 832412K->738809K(1873408K), 0.0685083 secs] [Times: user=0.41 sys=0.00, real=0.07 secs] 
3495.228: [GC (Allocation Failure) [PSYoungGen: 426560K->125536K(471552K)] 995833K->864185K(1869824K), 0.1019688 secs] [Times: user=0.60 sys=0.01, real=0.11 secs] 
3497.739: [GC (Allocation Failure) [PSYoungGen: 383072K->2992K(260608K)] 1121721K->741677K(1658880K), 0.0035532 secs] [Times: user=0.02 sys=0.00, real=0.00 secs] 
3498.974: [GC (Allocation Failure) [PSYoungGen: 260528K->175680K(463360K)] 999213K->916222K(1861632K), 0.0785975 secs] [Times: user=0.38 sys=0.00, real=0.08 secs] 
3502.512: [GC (Allocation Failure) [PSYoungGen: 408640K->92832K(465920K)] 1149182K->1000578K(1864192K), 0.1728863 secs] [Times: user=1.03 sys=0.00, real=0.17 secs] 
3504.403: [GC (Allocation Failure) [PSYoungGen: 313279K->162944K(465920K)] 1221026K->1159731K(1864192K), 0.0538020 secs] [Times: user=0.32 sys=0.00, real=0.05 secs] 
3505.838: [GC (Allocation Failure) [PSYoungGen: 395904K->95008K(328192K)] 1392691K->1246291K(1726464K), 0.0703953 secs] [Times: user=0.42 sys=0.00, real=0.08 secs] 
3507.206: [GC (Allocation Failure) [PSYoungGen: 327968K->168736K(464896K)] 1479251K->1410660K(1863168K), 0.0511105 secs] [Times: user=0.31 sys=0.00, real=0.05 secs] 
3507.257: [Full GC (Ergonomics) [PSYoungGen: 168736K->0K(464896K)] [ParOldGen: 1241924K->209706K(1398272K)] 1410660K->209706K(1863168K), [Metaspace: 60194K->60194K(1105920K)], 0.4812208 secs] [Times: user=2.23 sys=0.00, real=0.48 secs] 
3510.104: [GC (Allocation Failure) [PSYoungGen: 232448K->89024K(465408K)] 442154K->298738K(1863680K), 0.1590902 secs] [Times: user=0.95 sys=0.00, real=0.16 secs] 
3510.868: [GC (Allocation Failure) [PSYoungGen: 321472K->167648K(465920K)] 531186K->462779K(1864192K), 0.0555655 secs] [Times: user=0.33 sys=0.00, real=0.06 secs] 
3513.544: [GC (Allocation Failure) [PSYoungGen: 400608K->87232K(465920K)] 695739K->549539K(1864192K), 0.1395601 secs] [Times: user=0.84 sys=0.00, real=0.14 secs] 
3513.944: [GC (Allocation Failure) [PSYoungGen: 320192K->177088K(465920K)] 782499K->720592K(1864192K), 0.0571653 secs] [Times: user=0.33 sys=0.00, real=0.06 secs] 
3518.302: [GC (Allocation Failure) [PSYoungGen: 410048K->77856K(465920K)] 953552K->798256K(1864192K), 0.1236822 secs] [Times: user=0.74 sys=0.00, real=0.12 secs] 
3518.937: [GC (Allocation Failure) [PSYoungGen: 310816K->213024K(465920K)] 1031216K->1005149K(1864192K), 0.0606709 secs] [Times: user=0.36 sys=0.00, real=0.06 secs] 
3520.203: [GC (Allocation Failure) [PSYoungGen: 445984K->92800K(465920K)] 1238109K->1061245K(1864192K), 0.0935906 secs] [Times: user=0.55 sys=0.00, real=0.09 secs] 
3521.896: [GC (Allocation Failure) [PSYoungGen: 325760K->150880K(465920K)] 1294205K->1205860K(1864192K), 0.0611110 secs] [Times: user=0.36 sys=0.00, real=0.06 secs] 
3524.631: [GC (Allocation Failure) [PSYoungGen: 383840K->99168K(465920K)] 1438820K->1304964K(1864192K), 0.0937240 secs] [Times: user=0.56 sys=0.00, real=0.09 secs] 
3524.725: [Full GC (Ergonomics) [PSYoungGen: 99168K->0K(465920K)] [ParOldGen: 1205796K->114308K(1398272K)] 1304964K->114308K(1864192K), [Metaspace: 60206K->60206K(1105920K)], 0.2599774 secs] [Times: user=1.18 sys=0.00, real=0.26 secs] 
3526.343: [GC (Allocation Failure) [PSYoungGen: 232960K->149344K(465920K)] 347268K->263652K(1864192K), 0.0530576 secs] [Times: user=0.32 sys=0.00, real=0.05 secs] 
3528.547: [GC (Allocation Failure) [PSYoungGen: 382304K->116032K(349184K)] 496612K->379884K(1747456K), 0.0898540 secs] [Times: user=0.53 sys=0.01, real=0.09 secs] 
3530.068: [GC (Allocation Failure) [PSYoungGen: 348992K->131904K(474624K)] 612844K->501217K(1872896K), 0.0617497 secs] [Times: user=0.37 sys=0.00, real=0.07 secs] 
3530.706: [GC (Allocation Failure) [PSYoungGen: 374080K->146592K(389120K)] 743393K->647865K(1787392K), 0.0594200 secs] [Times: user=0.35 sys=0.01, real=0.06 secs] 
3534.463: [GC (Allocation Failure) [PSYoungGen: 388768K->6304K(451072K)] 890041K->507637K(1849344K), 0.0035472 secs] [Times: user=0.02 sys=0.00, real=0.00 secs] 
3536.535: [GC (Allocation Failure) [PSYoungGen: 237216K->163104K(463360K)] 738549K->668578K(1861632K), 0.0332198 secs] [Times: user=0.19 sys=0.00, real=0.03 secs] 
3538.349: [GC (Allocation Failure) [PSYoungGen: 394016K->94528K(462848K)] 899490K->753962K(1861120K), 0.1680055 secs] [Times: user=1.00 sys=0.00, real=0.16 secs] 
3540.784: [GC (Allocation Failure) [PSYoungGen: 328000K->166592K(464384K)] 987434K->917877K(1862656K), 0.0516956 secs] [Times: user=0.31 sys=0.00, real=0.05 secs] 
3543.275: [GC (Allocation Failure) [PSYoungGen: 400064K->97856K(464896K)] 1151349K->1007125K(1863168K), 0.1574072 secs] [Times: user=0.93 sys=0.01, real=0.16 secs] 
3545.354: [GC (Allocation Failure) [PSYoungGen: 332864K->200512K(465408K)] 1242133K->1203958K(1863680K), 0.0538475 secs] [Times: user=0.32 sys=0.01, real=0.05 secs] 
3547.712: [GC (Allocation Failure) [PSYoungGen: 435520K->89312K(465920K)] 1438966K->1259774K(1864192K), 0.1684635 secs] [Times: user=1.00 sys=0.00, real=0.17 secs] 
3547.881: [Full GC (Ergonomics) [PSYoungGen: 89312K->0K(465920K)] [ParOldGen: 1170462K->57799K(1398272K)] 1259774K->57799K(1864192K), [Metaspace: 60207K->60207K(1105920K)], 0.1577162 secs] [Times: user=0.73 sys=0.00, real=0.15 secs] 
3548.468: [GC (Allocation Failure) [PSYoungGen: 232960K->169920K(465920K)] 290759K->227719K(1864192K), 0.0360708 secs] [Times: user=0.21 sys=0.00, real=0.04 secs] 
3550.776: [GC (Allocation Failure) [PSYoungGen: 402880K->92000K(465920K)] 460679K->319459K(1864192K), 0.1551759 secs] [Times: user=0.92 sys=0.00, real=0.16 secs] 
3551.279: [GC (Allocation Failure) [PSYoungGen: 324960K->174912K(465920K)] 552419K->488468K(1864192K), 0.0752319 secs] [Times: user=0.44 sys=0.00, real=0.07 secs] 
3555.021: [GC (Allocation Failure) [PSYoungGen: 407872K->81888K(465920K)] 721428K->570328K(1864192K), 0.1168450 secs] [Times: user=0.69 sys=0.00, real=0.11 secs] 
3555.738: [GC (Allocation Failure) [PSYoungGen: 311007K->205120K(465920K)] 799448K->769521K(1864192K), 0.0614286 secs] [Times: user=0.36 sys=0.00, real=0.07 secs] 
3558.903: [GC (Allocation Failure) [PSYoungGen: 438080K->89920K(465920K)] 1002481K->824601K(1864192K), 0.1041471 secs] [Times: user=0.63 sys=0.00, real=0.10 secs] 
3562.289: [GC (Allocation Failure) [PSYoungGen: 322880K->153888K(465920K)] 1057561K->972022K(1864192K), 0.0604138 secs] [Times: user=0.36 sys=0.00, real=0.06 secs] 
3563.652: [GC (Allocation Failure) [PSYoungGen: 386848K->106048K(465920K)] 1204982K->1078262K(1864192K), 0.0816248 secs] [Times: user=0.49 sys=0.00, real=0.08 secs] 
3566.325: [GC (Allocation Failure) [PSYoungGen: 339008K->150656K(465920K)] 1311222K->1210033K(1864192K), 0.0608356 secs] [Times: user=0.36 sys=0.00, real=0.06 secs] 
3568.624: [GC (Allocation Failure) [PSYoungGen: 383616K->107520K(465920K)] 1442993K->1317489K(1864192K), 0.0840966 secs] [Times: user=0.50 sys=0.00, real=0.08 secs] 
3568.709: [Full GC (Ergonomics) [PSYoungGen: 107520K->0K(465920K)] [ParOldGen: 1209969K->122613K(1398272K)] 1317489K->122613K(1864192K), [Metaspace: 60209K->60209K(1105920K)], 0.2788511 secs] [Times: user=1.27 sys=0.00, real=0.28 secs] 
3570.072: [GC (Allocation Failure) [PSYoungGen: 232960K->141440K(374784K)] 355573K->264053K(1773056K), 0.0493511 secs] [Times: user=0.30 sys=0.00, real=0.05 secs] 
3571.579: [GC (Allocation Failure) [PSYoungGen: 374400K->140768K(468480K)] 497013K->404461K(1866752K), 0.0770648 secs] [Times: user=0.45 sys=0.01, real=0.07 secs] 
3573.197: [GC (Allocation Failure) [PSYoungGen: 379872K->2400K(462336K)] 643565K->266125K(1860608K), 0.0017975 secs] [Times: user=0.01 sys=0.00, real=0.01 secs] 
3575.098: [GC (Allocation Failure) [PSYoungGen: 241504K->155200K(465920K)] 505229K->419874K(1864192K), 0.0306874 secs] [Times: user=0.18 sys=0.00, real=0.03 secs] 
3576.270: [GC (Allocation Failure) [PSYoungGen: 388160K->104416K(337408K)] 652834K->514922K(1735680K), 0.0690203 secs] [Times: user=0.40 sys=0.01, real=0.07 secs] 
3577.112: [GC (Allocation Failure) [PSYoungGen: 337376K->168672K(458752K)] 747882K->681814K(1857024K), 0.0543780 secs] [Times: user=0.32 sys=0.00, real=0.05 secs] 
3580.503: [GC (Allocation Failure) [PSYoungGen: 398048K->91968K(462336K)] 911190K->765178K(1860608K), 0.1736407 secs] [Times: user=1.04 sys=0.01, real=0.17 secs] 
3582.528: [GC (Allocation Failure) [PSYoungGen: 318148K->160480K(463872K)] 991359K->923119K(1862144K), 0.0492658 secs] [Times: user=0.30 sys=0.00, real=0.05 secs] 
3584.532: [GC (Allocation Failure) [PSYoungGen: 393440K->94304K(327680K)] 1156079K->1008599K(1725952K), 0.1625609 secs] [Times: user=0.97 sys=0.00, real=0.16 secs] 
3586.771: [GC (Allocation Failure) [PSYoungGen: 311567K->156480K(461824K)] 1225862K->1161164K(1860096K), 0.0497127 secs] [Times: user=0.29 sys=0.01, real=0.05 secs] 
3588.242: [GC (Allocation Failure) [PSYoungGen: 389440K->93664K(463872K)] 1394124K->1246452K(1862144K), 0.0972548 secs] [Times: user=0.58 sys=0.00, real=0.10 secs] 
3589.739: [GC (Allocation Failure) [PSYoungGen: 326624K->185248K(457728K)] 1479412K->1427529K(1856000K), 0.0516510 secs] [Times: user=0.31 sys=0.00, real=0.05 secs] 
3589.791: [Full GC (Ergonomics) [PSYoungGen: 185248K->0K(457728K)] [ParOldGen: 1242281K->208622K(1398272K)] 1427529K->208622K(1856000K), [Metaspace: 60209K->60209K(1105920K)], 0.4756374 secs] [Times: user=2.15 sys=0.00, real=0.47 secs] 
3592.545: [GC (Allocation Failure) [PSYoungGen: 231936K->89504K(464896K)] 440558K->298126K(1863168K), 0.1457662 secs] [Times: user=0.86 sys=0.01, real=0.15 secs] 
3593.182: [GC (Allocation Failure) [PSYoungGen: 321440K->173248K(465920K)] 530062K->467687K(1864192K), 0.0560068 secs] [Times: user=0.34 sys=0.00, real=0.05 secs] 
3595.753: [GC (Allocation Failure) [PSYoungGen: 406208K->87008K(465920K)] 700647K->554891K(1864192K), 0.1293528 secs] [Times: user=0.77 sys=0.00, real=0.13 secs] 
3596.939: [GC (Allocation Failure) [PSYoungGen: 319968K->167392K(465920K)] 787851K->716572K(1864192K), 0.1537082 secs] [Times: user=0.92 sys=0.00, real=0.15 secs] 
3603.420: [GC (Allocation Failure) [PSYoungGen: 400352K->76224K(465920K)] 949532K->792236K(1864192K), 0.1619285 secs] [Times: user=0.96 sys=0.01, real=0.16 secs] 
3603.857: [GC (Allocation Failure) [PSYoungGen: 309184K->179328K(465920K)] 1025196K->965217K(1864192K), 0.0570064 secs] [Times: user=0.34 sys=0.00, real=0.06 secs] 
3605.276: [GC (Allocation Failure) [PSYoungGen: 412288K->92544K(465920K)] 1198177K->1058001K(1864192K), 0.0723099 secs] [Times: user=0.43 sys=0.00, real=0.07 secs] 
3607.101: [GC (Allocation Failure) [PSYoungGen: 325504K->154048K(465920K)] 1290961K->1205686K(1864192K), 0.0624638 secs] [Times: user=0.37 sys=0.00, real=0.06 secs] 
3608.337: [GC (Allocation Failure) [PSYoungGen: 387008K->104000K(465920K)] 1438646K->1309670K(1864192K), 0.0678245 secs] [Times: user=0.40 sys=0.00, real=0.07 secs] 
3608.405: [Full GC (Ergonomics) [PSYoungGen: 104000K->0K(465920K)] [ParOldGen: 1205670K->119589K(1398272K)] 1309670K->119589K(1864192K), [Metaspace: 60332K->60332K(1105920K)], 0.2778294 secs] [Times: user=1.26 sys=0.00, real=0.28 secs] 
3611.149: [GC (Allocation Failure) [PSYoungGen: 232960K->144032K(460800K)] 352549K->263621K(1859072K), 0.0510008 secs] [Times: user=0.31 sys=0.00, real=0.05 secs] 
3613.153: [GC (Allocation Failure) [PSYoungGen: 376992K->114176K(463360K)] 496581K->377701K(1861632K), 0.0736187 secs] [Times: user=0.44 sys=0.00, real=0.07 secs] 
3615.488: [GC (Allocation Failure) [PSYoungGen: 347136K->133536K(459264K)] 610661K->500714K(1857536K), 0.0617332 secs] [Times: user=0.37 sys=0.00, real=0.07 secs] 
3616.203: [GC (Allocation Failure) [PSYoungGen: 379296K->146912K(461312K)] 746474K->647786K(1859584K), 0.0604616 secs] [Times: user=0.35 sys=0.01, real=0.06 secs] 
3619.529: [GC (Allocation Failure) [PSYoungGen: 392672K->8672K(460288K)] 893546K->509562K(1858560K), 0.0052693 secs] [Times: user=0.03 sys=0.00, real=0.01 secs] 
3620.293: [GC (Allocation Failure) [PSYoungGen: 253788K->175936K(422400K)] 754678K->683479K(1820672K), 0.0359305 secs] [Times: user=0.21 sys=0.00, real=0.03 secs] 
3622.508: [GC (Allocation Failure) [PSYoungGen: 422208K->104288K(470016K)] 929751K->779167K(1868288K), 0.1442856 secs] [Times: user=0.86 sys=0.00, real=0.15 secs] 
3623.315: [GC (Allocation Failure) [PSYoungGen: 341344K->171776K(465920K)] 1016223K->947683K(1864192K), 0.0815342 secs] [Times: user=0.49 sys=0.00, real=0.08 secs] 
3627.492: [GC (Allocation Failure) [PSYoungGen: 408832K->92896K(467456K)] 1184739K->1040355K(1865728K), 0.1820383 secs] [Times: user=1.08 sys=0.00, real=0.18 secs] 
3627.944: [GC (Allocation Failure) [PSYoungGen: 327392K->175392K(465920K)] 1274851K->1205756K(1864192K), 0.0584503 secs] [Times: user=0.35 sys=0.01, real=0.06 secs] 
3632.911: [GC (Allocation Failure) [PSYoungGen: 409888K->83392K(465920K)] 1440252K->1288572K(1864192K), 0.1567571 secs] [Times: user=0.83 sys=0.00, real=0.15 secs] 
3633.067: [Full GC (Ergonomics) [PSYoungGen: 83392K->0K(465920K)] [ParOldGen: 1205180K->84227K(1398272K)] 1288572K->84227K(1864192K), [Metaspace: 60332K->60332K(1105920K)], 0.2040050 secs] [Times: user=0.88 sys=0.00, real=0.21 secs] 
3633.628: [GC (Allocation Failure) [PSYoungGen: 231351K->209952K(465920K)] 315578K->294179K(1864192K), 0.0385632 secs] [Times: user=0.23 sys=0.00, real=0.04 secs] 
3635.532: [GC (Allocation Failure) [PSYoungGen: 442912K->86336K(465920K)] 527139K->347055K(1864192K), 0.0954500 secs] [Times: user=0.56 sys=0.01, real=0.09 secs] 
3637.306: [GC (Allocation Failure) [PSYoungGen: 319296K->158880K(465920K)] 580015K->498792K(1864192K), 0.0596321 secs] [Times: user=0.35 sys=0.00, real=0.06 secs] 
3638.311: [GC (Allocation Failure) [PSYoungGen: 391840K->106688K(465920K)] 731752K->605344K(1864192K), 0.0828876 secs] [Times: user=0.49 sys=0.00, real=0.08 secs] 
3640.873: [GC (Allocation Failure) [PSYoungGen: 339648K->140960K(465920K)] 838304K->736103K(1864192K), 0.0607729 secs] [Times: user=0.36 sys=0.00, real=0.06 secs] 
3642.467: [GC (Allocation Failure) [PSYoungGen: 373920K->121024K(454656K)] 969063K->857335K(1852928K), 0.0741828 secs] [Times: user=0.43 sys=0.00, real=0.08 secs] 
3643.947: [GC (Allocation Failure) [PSYoungGen: 353984K->127424K(460288K)] 1090295K->974236K(1858560K), 0.0624785 secs] [Times: user=0.37 sys=0.00, real=0.07 secs] 
3645.302: [GC (Allocation Failure) [PSYoungGen: 360384K->146432K(468992K)] 1207196K->1120428K(1867264K), 0.1050471 secs] [Times: user=0.62 sys=0.00, real=0.10 secs] 
3648.753: [GC (Allocation Failure) [PSYoungGen: 398848K->6592K(467968K)] 1372844K->980620K(1866240K), 0.0040835 secs] [Times: user=0.02 sys=0.00, real=0.00 secs] 
3650.102: [GC (Allocation Failure) [PSYoungGen: 251703K->178368K(461312K)] 1225731K->1156600K(1859584K), 0.0360673 secs] [Times: user=0.21 sys=0.00, real=0.03 secs] 
3652.211: [GC (Allocation Failure) [PSYoungGen: 411328K->93888K(465920K)] 1389560K->1241721K(1864192K), 0.1609915 secs] [Times: user=0.96 sys=0.00, real=0.16 secs] 
3652.996: [GC (Allocation Failure) [PSYoungGen: 326848K->185920K(465920K)] 1474681K->1424009K(1864192K), 0.0517192 secs] [Times: user=0.31 sys=0.00, real=0.05 secs] 
3653.048: [Full GC (Ergonomics) [PSYoungGen: 185920K->0K(465920K)] [ParOldGen: 1238089K->210571K(1398272K)] 1424009K->210571K(1864192K), [Metaspace: 60342K->60342K(1105920K)], 0.4900400 secs] [Times: user=2.23 sys=0.00, real=0.49 secs] 
3656.198: [GC (Allocation Failure) [PSYoungGen: 232960K->87520K(465920K)] 443531K->298091K(1864192K), 0.1644929 secs] [Times: user=0.98 sys=0.01, real=0.17 secs] 
3656.916: [GC (Allocation Failure) [PSYoungGen: 320480K->187616K(465920K)] 531051K->481656K(1864192K), 0.0552957 secs] [Times: user=0.33 sys=0.00, real=0.06 secs] 
3659.783: [GC (Allocation Failure) [PSYoungGen: 420576K->87200K(465920K)] 714616K->551984K(1864192K), 0.1486091 secs] [Times: user=0.89 sys=0.00, real=0.15 secs] 
3660.617: [GC (Allocation Failure) [PSYoungGen: 320160K->176672K(465920K)] 784944K->722765K(1864192K), 0.0983994 secs] [Times: user=0.58 sys=0.00, real=0.10 secs] 
3664.428: [GC (Allocation Failure) [PSYoungGen: 409632K->78912K(465920K)] 955725K->801869K(1864192K), 0.1408093 secs] [Times: user=0.83 sys=0.00, real=0.14 secs] 
3665.184: [GC (Allocation Failure) [PSYoungGen: 308377K->207936K(465920K)] 1031334K->1003554K(1864192K), 0.0613247 secs] [Times: user=0.37 sys=0.01, real=0.06 secs] 
3667.636: [GC (Allocation Failure) [PSYoungGen: 440896K->89792K(465920K)] 1236514K->1058826K(1864192K), 0.1018911 secs] [Times: user=0.60 sys=0.00, real=0.10 secs] 
3668.832: [GC (Allocation Failure) [PSYoungGen: 322752K->154368K(465920K)] 1291786K->1206767K(1864192K), 0.0602345 secs] [Times: user=0.35 sys=0.00, real=0.06 secs] 
3671.949: [GC (Allocation Failure) [PSYoungGen: 380111K->93536K(465920K)] 1432511K->1300135K(1864192K), 0.0993601 secs] [Times: user=0.59 sys=0.00, real=0.10 secs] 
3672.048: [Full GC (Ergonomics) [PSYoungGen: 93536K->0K(465920K)] [ParOldGen: 1206599K->109645K(1398272K)] 1300135K->109645K(1864192K), [Metaspace: 60351K->60351K(1105920K)], 0.2553045 secs] [Times: user=1.17 sys=0.00, real=0.26 secs] 
3673.394: [GC (Allocation Failure) [PSYoungGen: 232960K->151168K(465920K)] 342605K->260813K(1864192K), 0.0429649 secs] [Times: user=0.26 sys=0.00, real=0.04 secs] 
3675.911: [GC (Allocation Failure) [PSYoungGen: 384128K->106912K(465920K)] 493773K->367529K(1864192K), 0.0883958 secs] [Times: user=0.52 sys=0.00, real=0.09 secs] 
3677.134: [GC (Allocation Failure) [PSYoungGen: 339872K->141632K(465920K)] 600489K->498480K(1864192K), 0.0603475 secs] [Times: user=0.36 sys=0.00, real=0.06 secs] 
3679.704: [GC (Allocation Failure) [PSYoungGen: 374592K->123872K(356864K)] 731440K->622312K(1755136K), 0.0744798 secs] [Times: user=0.44 sys=0.00, real=0.08 secs] 
3680.914: [GC (Allocation Failure) [PSYoungGen: 356832K->124512K(466944K)] 855272K->736405K(1865216K), 0.0624694 secs] [Times: user=0.37 sys=0.00, real=0.06 secs] 
3683.958: [GC (Allocation Failure) [PSYoungGen: 366176K->148448K(458240K)] 978069K->884573K(1856512K), 0.0583747 secs] [Times: user=0.35 sys=0.00, real=0.06 secs] 
3685.246: [GC (Allocation Failure) [PSYoungGen: 390112K->9856K(460288K)] 1126237K->746049K(1858560K), 0.0037225 secs] [Times: user=0.02 sys=0.00, real=0.01 secs] 
3688.048: [GC (Allocation Failure) [PSYoungGen: 255104K->173120K(418816K)] 991297K->916805K(1817088K), 0.0358041 secs] [Times: user=0.21 sys=0.00, real=0.04 secs] 
3689.785: [GC (Allocation Failure) [PSYoungGen: 418368K->106208K(470528K)] 1162053K->1014073K(1868800K), 0.1279759 secs] [Times: user=0.76 sys=0.00, real=0.13 secs] 
3690.479: [GC (Allocation Failure) [PSYoungGen: 343776K->175680K(465920K)] 1251641K->1186775K(1864192K), 0.0702102 secs] [Times: user=0.42 sys=0.00, real=0.07 secs] 
3693.938: [GC (Allocation Failure) [PSYoungGen: 413248K->86784K(465920K)] 1424343K->1273783K(1864192K), 0.1545392 secs] [Times: user=0.92 sys=0.00, real=0.16 secs] 
3694.092: [Full GC (Ergonomics) [PSYoungGen: 86784K->0K(465920K)] [ParOldGen: 1186999K->76684K(1398272K)] 1273783K->76684K(1864192K), [Metaspace: 60358K->60358K(1105920K)], 0.1937564 secs] [Times: user=0.90 sys=0.00, real=0.19 secs] 
3694.531: [GC (Allocation Failure) [PSYoungGen: 232960K->179648K(465920K)] 309644K->256332K(1864192K), 0.0378906 secs] [Times: user=0.23 sys=0.00, real=0.04 secs] 
3698.278: [GC (Allocation Failure) [PSYoungGen: 412608K->79840K(465920K)] 489292K->336512K(1864192K), 0.1122985 secs] [Times: user=0.66 sys=0.00, real=0.12 secs] 
3699.396: [GC (Allocation Failure) [PSYoungGen: 309626K->205216K(465920K)] 566299K->535497K(1864192K), 0.0666115 secs] [Times: user=0.40 sys=0.00, real=0.07 secs] 
3701.712: [GC (Allocation Failure) [PSYoungGen: 438176K->89920K(465920K)] 768457K->588817K(1864192K), 0.1047977 secs] [Times: user=0.62 sys=0.00, real=0.10 secs] 
3702.927: [GC (Allocation Failure) [PSYoungGen: 322880K->154464K(465920K)] 821777K->736588K(1864192K), 0.0604400 secs] [Times: user=0.36 sys=0.01, real=0.06 secs] 
3705.059: [GC (Allocation Failure) [PSYoungGen: 387424K->108064K(465920K)] 969548K->844508K(1864192K), 0.0943284 secs] [Times: user=0.56 sys=0.00, real=0.09 secs] 
3706.348: [GC (Allocation Failure) [PSYoungGen: 341024K->140832K(465920K)] 1077468K->974793K(1864192K), 0.0623755 secs] [Times: user=0.36 sys=0.00, real=0.07 secs] 
3709.585: [GC (Allocation Failure) [PSYoungGen: 373792K->129248K(450560K)] 1207753K->1103689K(1848832K), 0.0698241 secs] [Times: user=0.41 sys=0.00, real=0.07 secs] 
3710.797: [GC (Allocation Failure) [PSYoungGen: 362208K->1760K(458240K)] 1336649K->976297K(1856512K), 0.0036512 secs] [Times: user=0.02 sys=0.00, real=0.01 secs] 
3715.988: [GC (Allocation Failure) [PSYoungGen: 234720K->140960K(465920K)] 1209257K->1116086K(1864192K), 0.0294800 secs] [Times: user=0.17 sys=0.00, real=0.03 secs] 
3717.396: [GC (Allocation Failure) [PSYoungGen: 373920K->4736K(465920K)] 1349046K->980366K(1864192K), 0.0091058 secs] [Times: user=0.05 sys=0.00, real=0.01 secs] 
3720.165: [GC (Allocation Failure) [PSYoungGen: 237696K->160608K(465920K)] 1213326K->1138715K(1864192K), 0.0335234 secs] [Times: user=0.19 sys=0.01, real=0.03 secs] 
3722.623: [GC (Allocation Failure) [PSYoungGen: 393568K->100608K(465920K)] 1371675K->1230091K(1864192K), 0.1724871 secs] [Times: user=1.03 sys=0.00, real=0.17 secs] 
3724.974: [GC (Allocation Failure) [PSYoungGen: 333568K->169632K(465920K)] 1463051K->1396156K(1864192K), 0.0566740 secs] [Times: user=0.31 sys=0.00, real=0.06 secs] 
3725.031: [Full GC (Ergonomics) [PSYoungGen: 169632K->0K(465920K)] [ParOldGen: 1226524K->197424K(1398272K)] 1396156K->197424K(1864192K), [Metaspace: 60358K->60358K(1105920K)], 0.4682692 secs] [Times: user=2.16 sys=0.00, real=0.47 secs] 
3727.827: [GC (Allocation Failure) [PSYoungGen: 231416K->91360K(465920K)] 428840K->288784K(1864192K), 0.0917413 secs] [Times: user=0.54 sys=0.00, real=0.10 secs] 
3730.310: [GC (Allocation Failure) [PSYoungGen: 313682K->159648K(465920K)] 511106K->445725K(1864192K), 0.0480544 secs] [Times: user=0.28 sys=0.01, real=0.04 secs] 
3732.876: [GC (Allocation Failure) [PSYoungGen: 392608K->96512K(465920K)] 678685K->533777K(1864192K), 0.1652843 secs] [Times: user=0.93 sys=0.00, real=0.17 secs] 
3734.652: [GC (Allocation Failure) [PSYoungGen: 329472K->167360K(465920K)] 766737K->697261K(1864192K), 0.0512667 secs] [Times: user=0.30 sys=0.00, real=0.05 secs] 
3736.648: [GC (Allocation Failure) [PSYoungGen: 400069K->92128K(465920K)] 929971K->788557K(1864192K), 0.1736955 secs] [Times: user=0.98 sys=0.01, real=0.18 secs] 
3737.420: [GC (Allocation Failure) [PSYoungGen: 325088K->183680K(465920K)] 1021517K->968298K(1864192K), 0.0575277 secs] [Times: user=0.34 sys=0.01, real=0.05 secs] 
3740.406: [GC (Allocation Failure) [PSYoungGen: 416640K->90208K(465920K)] 1201258K->1041562K(1864192K), 0.1216874 secs] [Times: user=0.72 sys=0.00, real=0.12 secs] 
3740.774: [GC (Allocation Failure) [PSYoungGen: 323168K->173952K(465920K)] 1274522K->1209787K(1864192K), 0.0588414 secs] [Times: user=0.36 sys=0.00, real=0.06 secs] 
3744.341: [GC (Allocation Failure) [PSYoungGen: 406912K->85760K(465920K)] 1442747K->1295419K(1864192K), 0.1267063 secs] [Times: user=0.75 sys=0.00, real=0.12 secs] 
3744.468: [Full GC (Ergonomics) [PSYoungGen: 85760K->0K(465920K)] [ParOldGen: 1209659K->94989K(1398272K)] 1295419K->94989K(1864192K), [Metaspace: 60361K->60361K(1105920K)], 0.2278565 secs] [Times: user=1.00 sys=0.00, real=0.23 secs] 
3745.571: [GC (Allocation Failure) [PSYoungGen: 232960K->186048K(465920K)] 327949K->281037K(1864192K), 0.0461268 secs] [Times: user=0.27 sys=0.00, real=0.04 secs] 
3748.313: [GC (Allocation Failure) [PSYoungGen: 417058K->92960K(465920K)] 512047K->353533K(1864192K), 0.1049127 secs] [Times: user=0.62 sys=0.00, real=0.10 secs] 
3749.721: [GC (Allocation Failure) [PSYoungGen: 325920K->150592K(465920K)] 586493K->497698K(1864192K), 0.0610787 secs] [Times: user=0.36 sys=0.00, real=0.06 secs] 
3753.206: [GC (Allocation Failure) [PSYoungGen: 383552K->100000K(465920K)] 730658K->597630K(1864192K), 0.0949631 secs] [Times: user=0.56 sys=0.00, real=0.10 secs] 
3754.472: [GC (Allocation Failure) [PSYoungGen: 332960K->149184K(465920K)] 830590K->735930K(1864192K), 0.0606288 secs] [Times: user=0.36 sys=0.00, real=0.06 secs] 
3757.324: [GC (Allocation Failure) [PSYoungGen: 382144K->117408K(350720K)] 968890K->853186K(1748992K), 0.0851323 secs] [Times: user=0.50 sys=0.00, real=0.09 secs] 
3758.550: [GC (Allocation Failure) [PSYoungGen: 350368K->130752K(467456K)] 1086146K->973495K(1865728K), 0.0618872 secs] [Times: user=0.37 sys=0.00, real=0.06 secs] 
3759.526: [GC (Allocation Failure) [PSYoungGen: 371904K->155168K(459264K)] 1214647K->1128535K(1857536K), 0.0607409 secs] [Times: user=0.34 sys=0.00, real=0.06 secs] 
3761.697: [GC (Allocation Failure) [PSYoungGen: 396320K->8320K(456192K)] 1369687K->981719K(1854464K), 0.0079348 secs] [Times: user=0.04 sys=0.00, real=0.01 secs] 
3763.237: [GC (Allocation Failure) [PSYoungGen: 245376K->168384K(405504K)] 1218775K->1148448K(1803776K), 0.0348575 secs] [Times: user=0.20 sys=0.00, real=0.04 secs] 
3765.324: [GC (Allocation Failure) [PSYoungGen: 405440K->100896K(467968K)] 1385504K->1240568K(1866240K), 0.1647230 secs] [Times: user=0.93 sys=0.01, real=0.16 secs] 
3766.521: [GC (Allocation Failure) [PSYoungGen: 335904K->169184K(465920K)] 1475576K->1404345K(1864192K), 0.0530511 secs] [Times: user=0.31 sys=0.00, real=0.05 secs] 
3766.574: [Full GC (Ergonomics) [PSYoungGen: 169184K->0K(465920K)] [ParOldGen: 1235161K->207685K(1398272K)] 1404345K->207685K(1864192K), [Metaspace: 60372K->60372K(1105920K)], 0.4843465 secs] [Times: user=2.17 sys=0.00, real=0.49 secs] 
3769.847: [GC (Allocation Failure) [PSYoungGen: 235008K->91200K(466432K)] 442693K->298885K(1864704K), 0.1638386 secs] [Times: user=0.97 sys=0.00, real=0.17 secs] 
3770.441: [GC (Allocation Failure) [PSYoungGen: 324672K->171392K(465920K)] 532357K->466850K(1864192K), 0.0558390 secs] [Times: user=0.33 sys=0.00, real=0.05 secs] 
3773.737: [GC (Allocation Failure) [PSYoungGen: 404864K->88096K(465920K)] 700322K->554666K(1864192K), 0.1794188 secs] [Times: user=0.89 sys=0.00, real=0.18 secs] 
3774.303: [GC (Allocation Failure) [PSYoungGen: 321056K->178688K(465920K)] 787626K->722962K(1864192K), 0.0722423 secs] [Times: user=0.42 sys=0.00, real=0.07 secs] 
3778.210: [GC (Allocation Failure) [PSYoungGen: 411648K->83040K(465920K)] 955922K->806214K(1864192K), 0.1405566 secs] [Times: user=0.82 sys=0.00, real=0.14 secs] 
3779.000: [GC (Allocation Failure) [PSYoungGen: 316000K->211296K(465920K)] 1039174K->1011243K(1864192K), 0.0618348 secs] [Times: user=0.36 sys=0.00, real=0.06 secs] 
3782.495: [GC (Allocation Failure) [PSYoungGen: 444256K->86592K(465920K)] 1244203K->1056667K(1864192K), 0.1134570 secs] [Times: user=0.67 sys=0.00, real=0.12 secs] 
3783.793: [GC (Allocation Failure) [PSYoungGen: 319552K->157888K(465920K)] 1289627K->1207543K(1864192K), 0.0603978 secs] [Times: user=0.36 sys=0.00, real=0.06 secs] 
3786.744: [GC (Allocation Failure) [PSYoungGen: 390848K->119104K(465920K)] 1440503K->1326859K(1864192K), 0.0990786 secs] [Times: user=0.59 sys=0.00, real=0.10 secs] 
3786.843: [Full GC (Ergonomics) [PSYoungGen: 119104K->0K(465920K)] [ParOldGen: 1207755K->118890K(1398272K)] 1326859K->118890K(1864192K), [Metaspace: 60372K->60372K(1105920K)], 0.2625588 secs] [Times: user=1.10 sys=0.00, real=0.26 secs] 
3788.216: [GC (Allocation Failure) [PSYoungGen: 232960K->145888K(465920K)] 351850K->264778K(1864192K), 0.1435096 secs] [Times: user=0.86 sys=0.00, real=0.15 secs] 
3790.420: [GC (Allocation Failure) [PSYoungGen: 378848K->121472K(459776K)] 497738K->385922K(1858048K), 0.1333267 secs] [Times: user=0.79 sys=0.00, real=0.13 secs] 
3791.717: [GC (Allocation Failure) [PSYoungGen: 354432K->126752K(462848K)] 618882K->502131K(1861120K), 0.0767979 secs] [Times: user=0.37 sys=0.00, real=0.08 secs] 
3793.299: [GC (Allocation Failure) [PSYoungGen: 359712K->137152K(461824K)] 735091K->639355K(1860096K), 0.0632829 secs] [Times: user=0.38 sys=0.00, real=0.06 secs] 
3795.474: [GC (Allocation Failure) [PSYoungGen: 385472K->6656K(462336K)] 887675K->508875K(1860608K), 0.0041989 secs] [Times: user=0.02 sys=0.00, real=0.00 secs] 
3796.607: [GC (Allocation Failure) [PSYoungGen: 250915K->177408K(459776K)] 753134K->684731K(1858048K), 0.0360560 secs] [Times: user=0.21 sys=0.00, real=0.04 secs] 
3798.931: [GC (Allocation Failure) [PSYoungGen: 410368K->93888K(465920K)] 917691K->770375K(1864192K), 0.1294781 secs] [Times: user=0.77 sys=0.00, real=0.13 secs] 
3800.209: [GC (Allocation Failure) [PSYoungGen: 326848K->168064K(464896K)] 1003335K->934812K(1863168K), 0.0507117 secs] [Times: user=0.30 sys=0.00, real=0.06 secs] 
3803.646: [GC (Allocation Failure) [PSYoungGen: 401024K->87744K(465920K)] 1167772K->1022236K(1864192K), 0.1732288 secs] [Times: user=1.03 sys=0.01, real=0.18 secs] 
3804.783: [GC (Allocation Failure) [PSYoungGen: 320704K->170112K(465920K)] 1255196K->1188857K(1864192K), 0.0697160 secs] [Times: user=0.42 sys=0.00, real=0.07 secs] 
3808.619: [GC (Allocation Failure) [PSYoungGen: 403072K->80064K(465920K)] 1421817K->1269181K(1864192K), 0.1546927 secs] [Times: user=0.92 sys=0.00, real=0.15 secs] 
3808.773: [Full GC (Ergonomics) [PSYoungGen: 80064K->0K(465920K)] [ParOldGen: 1189117K->65859K(1398272K)] 1269181K->65859K(1864192K), [Metaspace: 60373K->60373K(1105920K)], 0.1815600 secs] [Times: user=0.84 sys=0.00, real=0.18 secs] 
3809.379: [GC (Allocation Failure) [PSYoungGen: 232960K->178496K(465920K)] 298819K->244355K(1864192K), 0.0388543 secs] [Times: user=0.23 sys=0.00, real=0.03 secs] 
3813.455: [GC (Allocation Failure) [PSYoungGen: 411456K->79456K(465920K)] 477315K->323999K(1864192K), 0.1560485 secs] [Times: user=0.94 sys=0.00, real=0.16 secs] 
3813.880: [GC (Allocation Failure) [PSYoungGen: 312416K->179680K(465920K)] 556959K->497880K(1864192K), 0.0567049 secs] [Times: user=0.34 sys=0.00, real=0.05 secs] 
3816.479: [GC (Allocation Failure) [PSYoungGen: 412640K->82976K(465920K)] 730840K->581124K(1864192K), 0.1027662 secs] [Times: user=0.61 sys=0.00, real=0.10 secs] 
3817.710: [GC (Allocation Failure) [PSYoungGen: 315936K->162592K(465920K)] 814084K->737019K(1864192K), 0.0626857 secs] [Times: user=0.35 sys=0.00, real=0.06 secs] 
3819.640: [GC (Allocation Failure) [PSYoungGen: 395552K->98976K(465920K)] 969979K->835859K(1864192K), 0.1001674 secs] [Times: user=0.60 sys=0.00, real=0.10 secs] 
3820.890: [GC (Allocation Failure) [PSYoungGen: 331936K->149472K(465920K)] 1068819K->974988K(1864192K), 0.0609100 secs] [Times: user=0.37 sys=0.00, real=0.06 secs] 
3823.699: [GC (Allocation Failure) [PSYoungGen: 382432K->116928K(350208K)] 1207948K->1091428K(1748480K), 0.0790678 secs] [Times: user=0.47 sys=0.00, real=0.07 secs] 
3824.909: [GC (Allocation Failure) [PSYoungGen: 349888K->131232K(471552K)] 1324388K->1212467K(1869824K), 0.0626056 secs] [Times: user=0.38 sys=0.00, real=0.06 secs] 
3827.572: [GC (Allocation Failure) [PSYoungGen: 372896K->139040K(462848K)] 1454131K->1351283K(1861120K), 0.0616114 secs] [Times: user=0.36 sys=0.00, real=0.06 secs] 
3827.633: [Full GC (Ergonomics) [PSYoungGen: 139040K->0K(462848K)] [ParOldGen: 1212243K->154106K(1398272K)] 1351283K->154106K(1861120K), [Metaspace: 60374K->60374K(1105920K)], 0.3676128 secs] [Times: user=1.67 sys=0.00, real=0.37 secs] 
3829.106: [GC (Allocation Failure) [PSYoungGen: 241664K->113280K(471040K)] 395770K->267386K(1869312K), 0.0444563 secs] [Times: user=0.26 sys=0.01, real=0.05 secs] 
3831.788: [GC (Allocation Failure) [PSYoungGen: 367744K->178624K(464384K)] 521850K->444163K(1862656K), 0.0603471 secs] [Times: user=0.36 sys=0.00, real=0.06 secs] 
3834.366: [GC (Allocation Failure) [PSYoungGen: 433088K->107520K(482816K)] 698627K->542771K(1881088K), 0.1798008 secs] [Times: user=1.07 sys=0.01, real=0.18 secs] 
3835.215: [GC (Allocation Failure) [PSYoungGen: 369152K->195872K(457728K)] 804403K->733868K(1856000K), 0.0576371 secs] [Times: user=0.34 sys=0.00, real=0.06 secs] 
3838.468: [GC (Allocation Failure) [PSYoungGen: 450734K->99104K(470016K)] 988730K->833196K(1868288K), 0.1150372 secs] [Times: user=0.69 sys=0.00, real=0.12 secs] 
3839.705: [GC (Allocation Failure) [PSYoungGen: 336672K->150784K(388608K)] 1070764K->977183K(1786880K), 0.0632565 secs] [Times: user=0.38 sys=0.00, real=0.06 secs] 
3843.931: [GC (Allocation Failure) [PSYoungGen: 388352K->110976K(469504K)] 1214751K->1088079K(1867776K), 0.0893052 secs] [Times: user=0.53 sys=0.00, real=0.09 secs] 
3845.186: [GC (Allocation Failure) [PSYoungGen: 354176K->138048K(463872K)] 1331279K->1215628K(1862144K), 0.0622362 secs] [Times: user=0.37 sys=0.00, real=0.06 secs] 
3848.616: [GC (Allocation Failure) [PSYoungGen: 381248K->140864K(471552K)] 1458828K->1355876K(1869824K), 0.0675389 secs] [Times: user=0.39 sys=0.00, real=0.07 secs] 
3848.683: [Full GC (Ergonomics) [PSYoungGen: 140864K->0K(471552K)] [ParOldGen: 1215012K->155849K(1398272K)] 1355876K->155849K(1869824K), [Metaspace: 60382K->60382K(1105920K)], 0.3627774 secs] [Times: user=1.67 sys=0.00, real=0.36 secs] 
3850.458: [GC (Allocation Failure) [PSYoungGen: 257024K->116640K(466432K)] 412873K->272489K(1864704K), 0.0783816 secs] [Times: user=0.47 sys=0.00, real=0.08 secs] 
3853.585: [GC (Allocation Failure) [PSYoungGen: 368866K->175104K(470016K)] 524716K->445578K(1868288K), 0.0607965 secs] [Times: user=0.35 sys=0.00, real=0.06 secs] 
3857.061: [GC (Allocation Failure) [PSYoungGen: 440832K->112736K(479232K)] 711306K->549258K(1877504K), 0.1807565 secs] [Times: user=1.07 sys=0.01, real=0.18 secs] 
3858.238: [GC (Allocation Failure) [PSYoungGen: 378464K->209376K(442368K)] 814986K->772855K(1840640K), 0.0652573 secs] [Times: user=0.37 sys=0.02, real=0.07 secs] 
3862.166: [GC (Allocation Failure) [PSYoungGen: 442336K->92064K(465920K)] 1005815K->831199K(1864192K), 0.1104570 secs] [Times: user=0.66 sys=0.01, real=0.11 secs] 
3863.382: [GC (Allocation Failure) [PSYoungGen: 325024K->156128K(465920K)] 1064159K->976643K(1864192K), 0.0605059 secs] [Times: user=0.37 sys=0.00, real=0.06 secs] 
3866.255: [GC (Allocation Failure) [PSYoungGen: 384304K->93344K(465920K)] 1204820K->1070011K(1864192K), 0.0993346 secs] [Times: user=0.59 sys=0.00, real=0.10 secs] 
3867.471: [GC (Allocation Failure) [PSYoungGen: 326304K->150880K(465920K)] 1302971K->1214172K(1864192K), 0.0606546 secs] [Times: user=0.36 sys=0.00, real=0.06 secs] 
3869.049: [GC (Allocation Failure) [PSYoungGen: 383840K->114560K(465920K)] 1447132K->1328928K(1864192K), 0.0899515 secs] [Times: user=0.53 sys=0.00, real=0.08 secs] 
3869.139: [Full GC (Ergonomics) [PSYoungGen: 114560K->0K(465920K)] [ParOldGen: 1214368K->129658K(1398272K)] 1328928K->129658K(1864192K), [Metaspace: 60382K->60382K(1105920K)], 0.2950244 secs] [Times: user=1.35 sys=0.00, real=0.29 secs] 
3870.517: [GC (Allocation Failure) [PSYoungGen: 232960K->133376K(465920K)] 362618K->263034K(1864192K), 0.0492634 secs] [Times: user=0.30 sys=0.00, real=0.05 secs] 
3873.135: [GC (Allocation Failure) [PSYoungGen: 366336K->137920K(371200K)] 495994K->400962K(1769472K), 0.0795259 secs] [Times: user=0.47 sys=0.00, real=0.08 secs] 
3874.380: [GC (Allocation Failure) [PSYoungGen: 370880K->2080K(458752K)] 633922K->265230K(1857024K), 0.0019003 secs] [Times: user=0.01 sys=0.00, real=0.00 secs] 
3876.268: [GC (Allocation Failure) [PSYoungGen: 231456K->147936K(462336K)] 494606K->411906K(1860608K), 0.0291677 secs] [Times: user=0.17 sys=0.00, real=0.03 secs] 
3877.619: [GC (Allocation Failure) [PSYoungGen: 377312K->5760K(465920K)] 641282K->269802K(1864192K), 0.0026734 secs] [Times: user=0.01 sys=0.00, real=0.00 secs] 
3879.520: [GC (Allocation Failure) [PSYoungGen: 238720K->160480K(465920K)] 502762K->428247K(1864192K), 0.0322151 secs] [Times: user=0.19 sys=0.00, real=0.03 secs] 
3880.900: [GC (Allocation Failure) [PSYoungGen: 393440K->102880K(465920K)] 661207K->521919K(1864192K), 0.1017722 secs] [Times: user=0.60 sys=0.01, real=0.10 secs] 
3882.726: [GC (Allocation Failure) [PSYoungGen: 328842K->165440K(465920K)] 747882K->685032K(1864192K), 0.0534037 secs] [Times: user=0.31 sys=0.00, real=0.06 secs] 
3884.906: [GC (Allocation Failure) [PSYoungGen: 398400K->92128K(465920K)] 917992K->768448K(1864192K), 0.1702072 secs] [Times: user=0.98 sys=0.01, real=0.17 secs] 
3886.744: [GC (Allocation Failure) [PSYoungGen: 310701K->158848K(465920K)] 987022K->923461K(1864192K), 0.0488529 secs] [Times: user=0.29 sys=0.00, real=0.05 secs] 
3889.091: [GC (Allocation Failure) [PSYoungGen: 391808K->91360K(465920K)] 1156421K->1006205K(1864192K), 0.1780972 secs] [Times: user=1.06 sys=0.00, real=0.18 secs] 
3890.623: [GC (Allocation Failure) [PSYoungGen: 324320K->169568K(465920K)] 1239165K->1172074K(1864192K), 0.0502725 secs] [Times: user=0.30 sys=0.00, real=0.05 secs] 
3893.988: [GC (Allocation Failure) [PSYoungGen: 402528K->85312K(465920K)] 1405034K->1257130K(1864192K), 0.1720101 secs] [Times: user=1.02 sys=0.00, real=0.18 secs] 
3894.160: [Full GC (Ergonomics) [PSYoungGen: 85312K->0K(465920K)] [ParOldGen: 1171818K->54576K(1398272K)] 1257130K->54576K(1864192K), [Metaspace: 60393K->60393K(1105920K)], 0.1550081 secs] [Times: user=0.69 sys=0.00, real=0.15 secs] 
3895.606: [GC (Allocation Failure) [PSYoungGen: 232960K->169472K(465920K)] 287536K->224048K(1864192K), 0.0359333 secs] [Times: user=0.22 sys=0.00, real=0.04 secs] 
3899.316: [GC (Allocation Failure) [PSYoungGen: 400952K->82272K(465920K)] 455529K->305880K(1864192K), 0.1712475 secs] [Times: user=1.02 sys=0.00, real=0.17 secs] 
3899.865: [GC (Allocation Failure) [PSYoungGen: 315232K->171520K(465920K)] 538840K->473541K(1864192K), 0.0558349 secs] [Times: user=0.33 sys=0.00, real=0.06 secs] 
3903.431: [GC (Allocation Failure) [PSYoungGen: 404480K->85888K(465920K)] 706501K->559229K(1864192K), 0.1815992 secs] [Times: user=1.08 sys=0.00, real=0.18 secs] 
3903.884: [GC (Allocation Failure) [PSYoungGen: 318848K->177152K(465920K)] 792189K->730406K(1864192K), 0.0582408 secs] [Times: user=0.35 sys=0.00, real=0.06 secs] 
3907.028: [GC (Allocation Failure) [PSYoungGen: 410112K->86368K(465920K)] 963366K->816574K(1864192K), 0.1248892 secs] [Times: user=0.74 sys=0.00, real=0.13 secs] 
3908.272: [GC (Allocation Failure) [PSYoungGen: 319328K->162048K(465920K)] 1049534K->971959K(1864192K), 0.0620666 secs] [Times: user=0.37 sys=0.00, real=0.06 secs] 
3909.418: [GC (Allocation Failure) [PSYoungGen: 395008K->112288K(465920K)] 1204919K->1084211K(1864192K), 0.0749121 secs] [Times: user=0.44 sys=0.00, real=0.08 secs] 
3911.288: [GC (Allocation Failure) [PSYoungGen: 345248K->143872K(465920K)] 1317171K->1209559K(1864192K), 0.0611701 secs] [Times: user=0.36 sys=0.00, real=0.07 secs] 
3913.048: [GC (Allocation Failure) [PSYoungGen: 376832K->118880K(448512K)] 1442519K->1328239K(1846784K), 0.0683748 secs] [Times: user=0.40 sys=0.00, real=0.07 secs] 
3913.117: [Full GC (Ergonomics) [PSYoungGen: 118880K->0K(448512K)] [ParOldGen: 1209359K->134431K(1398272K)] 1328239K->134431K(1846784K), [Metaspace: 60394K->60394K(1105920K)], 0.3144064 secs] [Times: user=1.44 sys=0.00, real=0.32 secs] 
3916.721: [GC (Allocation Failure) [PSYoungGen: 232960K->129184K(457216K)] 367391K->263615K(1855488K), 0.0471054 secs] [Times: user=0.28 sys=0.00, real=0.04 secs] 
3919.762: [GC (Allocation Failure) [PSYoungGen: 362144K->128000K(458752K)] 496575K->391575K(1857024K), 0.0781291 secs] [Times: user=0.46 sys=0.00, real=0.08 secs] 
3921.121: [GC (Allocation Failure) [PSYoungGen: 387584K->5728K(466432K)] 651159K->269327K(1864704K), 0.0026734 secs] [Times: user=0.02 sys=0.00, real=0.00 secs] 
3922.791: [GC (Allocation Failure) [PSYoungGen: 259711K->178368K(453632K)] 523310K->446100K(1851904K), 0.0947373 secs] [Times: user=0.56 sys=0.00, real=0.09 secs] 
3925.927: [GC (Allocation Failure) [PSYoungGen: 412352K->93152K(466432K)] 680084K->530876K(1864704K), 0.1768939 secs] [Times: user=1.05 sys=0.00, real=0.18 secs] 
3927.455: [GC (Allocation Failure) [PSYoungGen: 327136K->168832K(459264K)] 764860K->695969K(1857536K), 0.0504162 secs] [Times: user=0.29 sys=0.00, real=0.05 secs] 
3929.403: [GC (Allocation Failure) [PSYoungGen: 401792K->89504K(465920K)] 928929K->784857K(1864192K), 0.1516974 secs] [Times: user=0.91 sys=0.00, real=0.15 secs] 
3932.116: [GC (Allocation Failure) [PSYoungGen: 322464K->165536K(461824K)] 1017817K->946562K(1860096K), 0.1311915 secs] [Times: user=0.78 sys=0.00, real=0.13 secs] 
3935.225: [GC (Allocation Failure) [PSYoungGen: 398496K->84320K(465920K)] 1179522K->1030614K(1864192K), 0.1699861 secs] [Times: user=1.01 sys=0.00, real=0.17 secs] 
3936.444: [GC (Allocation Failure) [PSYoungGen: 317280K->175072K(463360K)] 1263574K->1200383K(1861632K), 0.1090425 secs] [Times: user=0.64 sys=0.00, real=0.11 secs] 
3938.625: [GC (Allocation Failure) [PSYoungGen: 408032K->88960K(465920K)] 1433343K->1289568K(1864192K), 0.1104460 secs] [Times: user=0.66 sys=0.00, real=0.11 secs] 
3938.735: [Full GC (Ergonomics) [PSYoungGen: 88960K->0K(465920K)] [ParOldGen: 1200607K->86380K(1398272K)] 1289568K->86380K(1864192K), [Metaspace: 60394K->60394K(1105920K)], 0.2021453 secs] [Times: user=0.90 sys=0.00, real=0.20 secs] 
3940.147: [GC (Allocation Failure) [PSYoungGen: 232766K->205632K(465920K)] 319146K->292012K(1864192K), 0.0673850 secs] [Times: user=0.40 sys=0.00, real=0.07 secs] 
3942.635: [GC (Allocation Failure) [PSYoungGen: 438592K->88160K(465920K)] 524972K->347356K(1864192K), 0.1124236 secs] [Times: user=0.66 sys=0.00, real=0.11 secs] 
3944.354: [GC (Allocation Failure) [PSYoungGen: 321120K->155968K(465920K)] 580316K->496721K(1864192K), 0.0599310 secs] [Times: user=0.35 sys=0.00, real=0.06 secs] 
3945.969: [GC (Allocation Failure) [PSYoungGen: 388928K->102336K(465920K)] 729681K->598577K(1864192K), 0.1191875 secs] [Times: user=0.70 sys=0.00, real=0.11 secs] 
3948.103: [GC (Allocation Failure) [PSYoungGen: 335296K->145280K(465920K)] 831537K->733576K(1864192K), 0.0605816 secs] [Times: user=0.36 sys=0.00, real=0.06 secs] 
3950.325: [GC (Allocation Failure) [PSYoungGen: 378240K->124128K(357376K)] 966536K->857616K(1755648K), 0.0752726 secs] [Times: user=0.45 sys=0.00, real=0.08 secs] 
3951.638: [GC (Allocation Failure) [PSYoungGen: 357088K->132448K(467456K)] 1090576K->971009K(1865728K), 0.0617902 secs] [Times: user=0.36 sys=0.00, real=0.07 secs] 
3953.933: [GC (Allocation Failure) [PSYoungGen: 373600K->140864K(459264K)] 1212161K->1112057K(1857536K), 0.0661364 secs] [Times: user=0.39 sys=0.00, real=0.07 secs] 
3956.004: [GC (Allocation Failure) [PSYoungGen: 382016K->7776K(455680K)] 1353209K->979029K(1853952K), 0.0041749 secs] [Times: user=0.02 sys=0.00, real=0.00 secs] 
3958.448: [GC (Allocation Failure) [PSYoungGen: 249952K->167360K(409600K)] 1221205K->1144497K(1807872K), 0.0347106 secs] [Times: user=0.20 sys=0.00, real=0.04 secs] 
3960.072: [GC (Allocation Failure) [PSYoungGen: 409536K->105024K(473600K)] 1386673K->1239990K(1871872K), 0.1498751 secs] [Times: user=0.89 sys=0.00, real=0.15 secs] 
3962.090: [GC (Allocation Failure) [PSYoungGen: 345664K->171488K(465920K)] 1480630K->1407938K(1864192K), 0.0744243 secs] [Times: user=0.44 sys=0.00, real=0.07 secs] 
3962.165: [Full GC (Ergonomics) [PSYoungGen: 171488K->0K(465920K)] [ParOldGen: 1236450K->213223K(1398272K)] 1407938K->213223K(1864192K), [Metaspace: 60395K->60395K(1105920K)], 0.5036585 secs] [Times: user=2.35 sys=0.00, real=0.50 secs] 
3966.733: [GC (Allocation Failure) [PSYoungGen: 240640K->88320K(469504K)] 453863K->301543K(1867776K), 0.1370408 secs] [Times: user=0.81 sys=0.00, real=0.14 secs] 
3967.582: [GC (Allocation Failure) [PSYoungGen: 324864K->175936K(465920K)] 538087K->473578K(1864192K), 0.0562737 secs] [Times: user=0.34 sys=0.00, real=0.06 secs] 
3969.910: [GC (Allocation Failure) [PSYoungGen: 412480K->93920K(465920K)] 710122K->567522K(1864192K), 0.0905545 secs] [Times: user=0.54 sys=0.00, real=0.09 secs] 
3971.902: [GC (Allocation Failure) [PSYoungGen: 325295K->204096K(465920K)] 798898K->765863K(1864192K), 0.0633724 secs] [Times: user=0.38 sys=0.00, real=0.06 secs] 
3975.888: [GC (Allocation Failure) [PSYoungGen: 437056K->86592K(465920K)] 998823K->817911K(1864192K), 0.1135989 secs] [Times: user=0.67 sys=0.00, real=0.12 secs] 
3977.158: [GC (Allocation Failure) [PSYoungGen: 319552K->158080K(465920K)] 1050871K->969278K(1864192K), 0.0606547 secs] [Times: user=0.36 sys=0.00, real=0.07 secs] 
3980.313: [GC (Allocation Failure) [PSYoungGen: 391040K->100448K(465920K)] 1202238K->1069574K(1864192K), 0.0961079 secs] [Times: user=0.57 sys=0.00, real=0.10 secs] 
3982.740: [GC (Allocation Failure) [PSYoungGen: 333408K->147328K(465920K)] 1302534K->1206287K(1864192K), 0.0611483 secs] [Times: user=0.37 sys=0.00, real=0.06 secs] 
3985.410: [GC (Allocation Failure) [PSYoungGen: 380288K->115840K(456704K)] 1439247K->1322335K(1854976K), 0.0820962 secs] [Times: user=0.49 sys=0.00, real=0.08 secs] 
3985.492: [Full GC (Ergonomics) [PSYoungGen: 115840K->0K(456704K)] [ParOldGen: 1206495K->131434K(1398272K)] 1322335K->131434K(1854976K), [Metaspace: 60397K->60397K(1105920K)], 0.2942847 secs] [Times: user=1.34 sys=0.00, real=0.29 secs] 
3986.900: [GC (Allocation Failure) [PSYoungGen: 232960K->132352K(461312K)] 364394K->263786K(1859584K), 0.0464452 secs] [Times: user=0.28 sys=0.00, real=0.04 secs] 
3989.537: [GC (Allocation Failure) [PSYoungGen: 365312K->134656K(461312K)] 496746K->398718K(1859584K), 0.0772058 secs] [Times: user=0.46 sys=0.00, real=0.08 secs] 
3990.912: [GC (Allocation Failure) [PSYoungGen: 385536K->8672K(463872K)] 649598K->273130K(1862144K), 0.0038841 secs] [Times: user=0.02 sys=0.00, real=0.00 secs] 
3992.334: [GC (Allocation Failure) [PSYoungGen: 247568K->175072K(458240K)] 512026K->446927K(1856512K), 0.0357748 secs] [Times: user=0.21 sys=0.00, real=0.04 secs] 
3995.123: [GC (Allocation Failure) [PSYoungGen: 408032K->93760K(465920K)] 679887K->532543K(1864192K), 0.1531806 secs] [Times: user=0.91 sys=0.00, real=0.15 secs] 
3997.281: [GC (Allocation Failure) [PSYoungGen: 314840K->160096K(462336K)] 753624K->686340K(1860608K), 0.0486535 secs] [Times: user=0.29 sys=0.00, real=0.05 secs] 
3999.330: [GC (Allocation Failure) [PSYoungGen: 393056K->92832K(326144K)] 919300K->770188K(1724416K), 0.1796112 secs] [Times: user=1.05 sys=0.01, real=0.18 secs] 
4001.007: [GC (Allocation Failure) [PSYoungGen: 325792K->185344K(459264K)] 1003148K->951269K(1857536K), 0.0513697 secs] [Times: user=0.30 sys=0.00, real=0.05 secs] 
4004.175: [GC (Allocation Failure) [PSYoungGen: 416768K->88160K(464384K)] 1182693K->1022357K(1862656K), 0.1674721 secs] [Times: user=1.00 sys=0.00, real=0.17 secs] 
4005.114: [GC (Allocation Failure) [PSYoungGen: 319584K->169664K(465920K)] 1253781K->1188262K(1864192K), 0.0560093 secs] [Times: user=0.34 sys=0.00, real=0.06 secs] 
4007.910: [GC (Allocation Failure) [PSYoungGen: 402624K->94656K(465920K)] 1421222K->1282822K(1864192K), 0.1817002 secs] [Times: user=1.09 sys=0.00, real=0.18 secs] 
4008.092: [Full GC (Ergonomics) [PSYoungGen: 94656K->0K(465920K)] [ParOldGen: 1188166K->75489K(1398272K)] 1282822K->75489K(1864192K), [Metaspace: 60415K->60415K(1105920K)], 0.2011490 secs] [Times: user=0.94 sys=0.00, real=0.20 secs] 
4008.550: [GC (Allocation Failure) [PSYoungGen: 232960K->172000K(465920K)] 308449K->247489K(1864192K), 0.0367658 secs] [Times: user=0.21 sys=0.00, real=0.03 secs] 
4011.380: [GC (Allocation Failure) [PSYoungGen: 404960K->90112K(465920K)] 480449K->337105K(1864192K), 0.1237781 secs] [Times: user=0.74 sys=0.00, real=0.12 secs] 
4012.125: [GC (Allocation Failure) [PSYoungGen: 323072K->208288K(465920K)] 570065K->539158K(1864192K), 0.0637724 secs] [Times: user=0.38 sys=0.00, real=0.06 secs] 
4016.240: [GC (Allocation Failure) [PSYoungGen: 441248K->94176K(465920K)] 772118K->592014K(1864192K), 0.1162663 secs] [Times: user=0.69 sys=0.01, real=0.11 secs] 
4017.477: [GC (Allocation Failure) [PSYoungGen: 327136K->154048K(465920K)] 824974K->735427K(1864192K), 0.0602224 secs] [Times: user=0.36 sys=0.00, real=0.06 secs] 
4020.252: [GC (Allocation Failure) [PSYoungGen: 387008K->104000K(465920K)] 968387K->839611K(1864192K), 0.0949136 secs] [Times: user=0.56 sys=0.00, real=0.09 secs] 
4021.484: [GC (Allocation Failure) [PSYoungGen: 336960K->144864K(465920K)] 1072571K->973576K(1864192K), 0.0607033 secs] [Times: user=0.36 sys=0.00, real=0.06 secs] 
4023.542: [GC (Allocation Failure) [PSYoungGen: 377824K->125760K(358912K)] 1206536K->1099132K(1757184K), 0.0777370 secs] [Times: user=0.46 sys=0.01, real=0.08 secs] 
4025.109: [GC (Allocation Failure) [PSYoungGen: 358720K->122464K(467968K)] 1332092K->1211083K(1866240K), 0.0634231 secs] [Times: user=0.38 sys=0.00, real=0.06 secs] 
4027.313: [GC (Allocation Failure) [PSYoungGen: 363616K->158336K(459776K)] 1452235K->1369539K(1858048K), 0.0603759 secs] [Times: user=0.36 sys=0.00, real=0.06 secs] 
4027.374: [Full GC (Ergonomics) [PSYoungGen: 158336K->0K(459776K)] [ParOldGen: 1211203K->165638K(1398272K)] 1369539K->165638K(1858048K), [Metaspace: 60420K->60420K(1105920K)], 0.3934763 secs] [Times: user=1.83 sys=0.00, real=0.39 secs] 
4029.101: [GC (Allocation Failure) [PSYoungGen: 241152K->107360K(475648K)] 406790K->272998K(1873920K), 0.0640977 secs] [Times: user=0.39 sys=0.00, real=0.06 secs] 
4031.460: [GC (Allocation Failure) [PSYoungGen: 356030K->174816K(473600K)] 521669K->446003K(1871872K), 0.0578403 secs] [Times: user=0.34 sys=0.00, real=0.05 secs] 
4033.207: [GC (Allocation Failure) [PSYoungGen: 432864K->118944K(477184K)] 704051K->556111K(1875456K), 0.1272237 secs] [Times: user=0.75 sys=0.00, real=0.13 secs] 
4036.356: [GC (Allocation Failure) [PSYoungGen: 376480K->184896K(442880K)] 813647K->731536K(1841152K), 0.1455844 secs] [Times: user=0.87 sys=0.00, real=0.15 secs] 
4040.052: [GC (Allocation Failure) [PSYoungGen: 442432K->102144K(473600K)] 989072K->833776K(1871872K), 0.1199428 secs] [Times: user=0.71 sys=0.01, real=0.12 secs] 
4043.216: [GC (Allocation Failure) [PSYoungGen: 347392K->150912K(396288K)] 1079024K->977997K(1794560K), 0.0642300 secs] [Times: user=0.38 sys=0.00, real=0.07 secs] 
4045.582: [GC (Allocation Failure) [PSYoungGen: 396160K->120192K(473088K)] 1223245K->1098421K(1871360K), 0.0870670 secs] [Times: user=0.51 sys=0.00, real=0.09 secs] 
4046.811: [GC (Allocation Failure) [PSYoungGen: 371072K->2304K(467456K)] 1349301K->980581K(1865728K), 0.0030978 secs] [Times: user=0.01 sys=0.00, real=0.00 secs] 
4049.335: [GC (Allocation Failure) [PSYoungGen: 253184K->163264K(463872K)] 1231461K->1142329K(1862144K), 0.0326565 secs] [Times: user=0.19 sys=0.00, real=0.03 secs] 
4050.471: [GC (Allocation Failure) [PSYoungGen: 396224K->22048K(465920K)] 1375289K->1001209K(1864192K), 0.0060675 secs] [Times: user=0.04 sys=0.00, real=0.00 secs] 
4051.445: [GC (Allocation Failure) [PSYoungGen: 245445K->162624K(465920K)] 1224607K->1161757K(1864192K), 0.0474804 secs] [Times: user=0.28 sys=0.01, real=0.05 secs] 
4053.754: [GC (Allocation Failure) [PSYoungGen: 395584K->93440K(465920K)] 1394717K->1246765K(1864192K), 0.1660526 secs] [Times: user=0.99 sys=0.00, real=0.17 secs] 
4055.326: [GC (Allocation Failure) [PSYoungGen: 326400K->169088K(465920K)] 1479725K->1411809K(1864192K), 0.0508236 secs] [Times: user=0.30 sys=0.00, real=0.05 secs] 
4055.377: [Full GC (Ergonomics) [PSYoungGen: 169088K->0K(465920K)] [ParOldGen: 1242721K->208368K(1398272K)] 1411809K->208368K(1864192K), [Metaspace: 60428K->60428K(1105920K)], 0.4988653 secs] [Times: user=2.32 sys=0.00, real=0.50 secs] 
4058.517: [GC (Allocation Failure) [PSYoungGen: 232960K->89280K(465920K)] 441328K->297648K(1864192K), 0.1611329 secs] [Times: user=0.96 sys=0.00, real=0.16 secs] 
4059.091: [GC (Allocation Failure) [PSYoungGen: 322240K->171488K(465920K)] 530608K->465737K(1864192K), 0.0561609 secs] [Times: user=0.33 sys=0.00, real=0.05 secs] 
4061.764: [GC (Allocation Failure) [PSYoungGen: 404448K->87520K(465920K)] 698697K->553017K(1864192K), 0.1585511 secs] [Times: user=0.94 sys=0.00, real=0.16 secs] 
4062.532: [GC (Allocation Failure) [PSYoungGen: 320480K->174240K(465920K)] 785977K->721190K(1864192K), 0.1290479 secs] [Times: user=0.77 sys=0.00, real=0.13 secs] 
4066.161: [GC (Allocation Failure) [PSYoungGen: 407200K->81632K(465920K)] 954150K->802606K(1864192K), 0.1339507 secs] [Times: user=0.80 sys=0.00, real=0.13 secs] 
4066.913: [GC (Allocation Failure) [PSYoungGen: 310786K->207360K(465920K)] 1031760K->1003643K(1864192K), 0.0615381 secs] [Times: user=0.37 sys=0.00, real=0.06 secs] 
4069.830: [GC (Allocation Failure) [PSYoungGen: 440320K->90688K(465920K)] 1236603K->1059755K(1864192K), 0.1155080 secs] [Times: user=0.69 sys=0.00, real=0.11 secs] 
4071.095: [GC (Allocation Failure) [PSYoungGen: 323648K->153920K(465920K)] 1292715K->1206847K(1864192K), 0.0610522 secs] [Times: user=0.36 sys=0.00, real=0.06 secs] 
4073.656: [GC (Allocation Failure) [PSYoungGen: 386880K->106016K(465920K)] 1439807K->1312983K(1864192K), 0.0925624 secs] [Times: user=0.55 sys=0.00, real=0.09 secs] 
4073.748: [Full GC (Ergonomics) [PSYoungGen: 106016K->0K(465920K)] [ParOldGen: 1206967K->121549K(1398272K)] 1312983K->121549K(1864192K), [Metaspace: 60430K->60430K(1105920K)], 0.2776425 secs] [Times: user=1.21 sys=0.00, real=0.28 secs] 
4076.094: [GC (Allocation Failure) [PSYoungGen: 232960K->142208K(465920K)] 354509K->263757K(1864192K), 0.0527391 secs] [Times: user=0.32 sys=0.00, real=0.05 secs] 
4079.701: [GC (Allocation Failure) [PSYoungGen: 375168K->129824K(363008K)] 496717K->393773K(1761280K), 0.0960214 secs] [Times: user=0.57 sys=0.00, real=0.09 secs] 
4080.940: [GC (Allocation Failure) [PSYoungGen: 362784K->126144K(471552K)] 626733K->501662K(1869824K), 0.0624432 secs] [Times: user=0.37 sys=0.00, real=0.06 secs] 
4083.414: [GC (Allocation Failure) [PSYoungGen: 368832K->145216K(461824K)] 744350K->646938K(1860096K), 0.0647677 secs] [Times: user=0.38 sys=0.00, real=0.07 secs] 
4085.749: [GC (Allocation Failure) [PSYoungGen: 387904K->8768K(455680K)] 889626K->510522K(1853952K), 0.0033008 secs] [Times: user=0.02 sys=0.00, real=0.00 secs] 
4086.762: [GC (Allocation Failure) [PSYoungGen: 247872K->172672K(412160K)] 749626K->681687K(1810432K), 0.0356807 secs] [Times: user=0.21 sys=0.00, real=0.03 secs] 
4089.965: [GC (Allocation Failure) [PSYoungGen: 411776K->98368K(468480K)] 920791K->771563K(1866752K), 0.1550482 secs] [Times: user=0.92 sys=0.00, real=0.16 secs] 
4090.788: [GC (Allocation Failure) [PSYoungGen: 333888K->170880K(465920K)] 1007083K->939260K(1864192K), 0.0668627 secs] [Times: user=0.40 sys=0.00, real=0.07 secs] 
4093.655: [GC (Allocation Failure) [PSYoungGen: 406400K->93728K(466432K)] 1174780K->1032908K(1864704K), 0.1690284 secs] [Times: user=1.01 sys=0.00, real=0.17 secs] 
4095.036: [GC (Allocation Failure) [PSYoungGen: 327200K->176032K(465920K)] 1266380K->1202757K(1864192K), 0.0624875 secs] [Times: user=0.35 sys=0.00, real=0.06 secs] 
4099.302: [GC (Allocation Failure) [PSYoungGen: 409504K->87136K(465920K)] 1436229K->1289709K(1864192K), 0.1554201 secs] [Times: user=0.93 sys=0.00, real=0.15 secs] 
4099.457: [Full GC (Ergonomics) [PSYoungGen: 87136K->0K(465920K)] [ParOldGen: 1202573K->83544K(1398272K)] 1289709K->83544K(1864192K), [Metaspace: 60432K->60432K(1105920K)], 0.2088489 secs] [Times: user=0.96 sys=0.00, real=0.21 secs] 
4099.918: [GC (Allocation Failure) [PSYoungGen: 232960K->209504K(465920K)] 316504K->293048K(1864192K), 0.0381645 secs] [Times: user=0.23 sys=0.00, real=0.04 secs] 
4104.166: [GC (Allocation Failure) [PSYoungGen: 442464K->78496K(465920K)] 526008K->338464K(1864192K), 0.1285722 secs] [Times: user=0.77 sys=0.00, real=0.13 secs] 
4105.310: [GC (Allocation Failure) [PSYoungGen: 306875K->202688K(465920K)] 566843K->534841K(1864192K), 0.0656480 secs] [Times: user=0.39 sys=0.00, real=0.06 secs] 
4107.802: [GC (Allocation Failure) [PSYoungGen: 435648K->93472K(465920K)] 767801K->591289K(1864192K), 0.1009280 secs] [Times: user=0.60 sys=0.00, real=0.10 secs] 
4109.828: [GC (Allocation Failure) [PSYoungGen: 326432K->150848K(465920K)] 824249K->735214K(1864192K), 0.0602948 secs] [Times: user=0.36 sys=0.00, real=0.07 secs] 
4111.533: [GC (Allocation Failure) [PSYoungGen: 383808K->110112K(465920K)] 968174K->845550K(1864192K), 0.0889753 secs] [Times: user=0.53 sys=0.00, real=0.09 secs] 
4113.055: [GC (Allocation Failure) [PSYoungGen: 343072K->137984K(465920K)] 1078510K->972971K(1864192K), 0.0614133 secs] [Times: user=0.36 sys=0.00, real=0.06 secs] 
4114.938: [GC (Allocation Failure) [PSYoungGen: 370944K->132960K(458752K)] 1205931K->1105843K(1857024K), 0.0817757 secs] [Times: user=0.42 sys=0.01, real=0.09 secs] 
4117.071: [GC (Allocation Failure) [PSYoungGen: 365920K->672K(462336K)] 1338803K->973579K(1860608K), 0.0019513 secs] [Times: user=0.01 sys=0.00, real=0.00 secs] 
4119.408: [GC (Allocation Failure) [PSYoungGen: 233632K->147296K(465920K)] 1206539K->1120408K(1864192K), 0.0323069 secs] [Times: user=0.19 sys=0.00, real=0.04 secs] 
4121.144: [GC (Allocation Failure) [PSYoungGen: 380256K->4576K(465920K)] 1353368K->978096K(1864192K), 0.0034409 secs] [Times: user=0.01 sys=0.00, real=0.00 secs] 
4123.090: [GC (Allocation Failure) [PSYoungGen: 237536K->166368K(465920K)] 1211056K->1143140K(1864192K), 0.0336793 secs] [Times: user=0.20 sys=0.01, real=0.03 secs] 
4124.787: [GC (Allocation Failure) [PSYoungGen: 399328K->100256K(465920K)] 1376100K->1235132K(1864192K), 0.0704358 secs] [Times: user=0.42 sys=0.00, real=0.07 secs] 
4126.922: [GC (Allocation Failure) [PSYoungGen: 329767K->163104K(465920K)] 1464644K->1395713K(1864192K), 0.0526056 secs] [Times: user=0.32 sys=0.00, real=0.05 secs] 
4126.974: [Full GC (Ergonomics) [PSYoungGen: 163104K->0K(465920K)] [ParOldGen: 1232609K->197577K(1398272K)] 1395713K->197577K(1864192K), [Metaspace: 60432K->60432K(1105920K)], 0.4783122 secs] [Times: user=2.23 sys=0.00, real=0.48 secs] 
4129.376: [GC (Allocation Failure) [PSYoungGen: 232960K->92064K(465920K)] 430537K->289642K(1864192K), 0.0784258 secs] [Times: user=0.46 sys=0.01, real=0.08 secs] 
4131.321: [GC (Allocation Failure) [PSYoungGen: 311786K->159456K(465920K)] 509364K->445062K(1864192K), 0.0473777 secs] [Times: user=0.28 sys=0.00, real=0.04 secs] 
4133.262: [GC (Allocation Failure) [PSYoungGen: 392416K->91744K(465920K)] 678022K->527858K(1864192K), 0.1594139 secs] [Times: user=0.95 sys=0.00, real=0.16 secs] 
4134.776: [GC (Allocation Failure) [PSYoungGen: 324704K->170976K(465920K)] 760818K->695131K(1864192K), 0.0500363 secs] [Times: user=0.30 sys=0.00, real=0.05 secs] 
4137.967: [GC (Allocation Failure) [PSYoungGen: 403936K->90688K(465920K)] 928091K->785499K(1864192K), 0.1608943 secs] [Times: user=0.96 sys=0.01, real=0.16 secs] 
4139.318: [GC (Allocation Failure) [PSYoungGen: 323648K->170912K(465920K)] 1018459K->952404K(1864192K), 0.0573869 secs] [Times: user=0.34 sys=0.00, real=0.06 secs] 
4141.816: [GC (Allocation Failure) [PSYoungGen: 403872K->91648K(465920K)] 1185364K->1043828K(1864192K), 0.1771002 secs] [Times: user=1.05 sys=0.00, real=0.18 secs] 
4142.542: [GC (Allocation Failure) [PSYoungGen: 324608K->173312K(465920K)] 1276788K->1206905K(1864192K), 0.0898743 secs] [Times: user=0.54 sys=0.00, real=0.09 secs] 
4145.066: [GC (Allocation Failure) [PSYoungGen: 406272K->90272K(465920K)] 1439865K->1297049K(1864192K), 0.1101112 secs] [Times: user=0.65 sys=0.00, real=0.11 secs] 
4145.176: [Full GC (Ergonomics) [PSYoungGen: 90272K->0K(465920K)] [ParOldGen: 1206777K->96835K(1398272K)] 1297049K->96835K(1864192K), [Metaspace: 60432K->60432K(1105920K)], 0.2304835 secs] [Times: user=1.04 sys=0.00, real=0.23 secs] 
4148.475: [GC (Allocation Failure) [PSYoungGen: 232960K->197440K(465920K)] 329795K->294275K(1864192K), 0.0416446 secs] [Times: user=0.24 sys=0.00, real=0.04 secs] 
4149.999: [GC (Allocation Failure) [PSYoungGen: 430400K->92704K(465920K)] 527235K->352339K(1864192K), 0.1020393 secs] [Times: user=0.60 sys=0.00, real=0.10 secs] 
4153.046: [GC (Allocation Failure) [PSYoungGen: 325664K->150592K(465920K)] 585299K->496796K(1864192K), 0.0599997 secs] [Times: user=0.36 sys=0.00, real=0.06 secs] 
4155.822: [GC (Allocation Failure) [PSYoungGen: 383552K->99456K(465920K)] 729756K->596468K(1864192K), 0.0979534 secs] [Times: user=0.57 sys=0.00, real=0.10 secs] 
4157.109: [GC (Allocation Failure) [PSYoungGen: 332416K->148800K(465920K)] 829428K->734493K(1864192K), 0.0607749 secs] [Times: user=0.36 sys=0.00, real=0.06 secs] 
4158.899: [GC (Allocation Failure) [PSYoungGen: 381760K->118432K(351744K)] 967453K->853157K(1750016K), 0.0871790 secs] [Times: user=0.52 sys=0.00, real=0.08 secs] 
4160.156: [GC (Allocation Failure) [PSYoungGen: 351392K->129888K(470016K)] 1086117K->972422K(1868288K), 0.0623988 secs] [Times: user=0.37 sys=0.00, real=0.07 secs] 
4161.893: [GC (Allocation Failure) [PSYoungGen: 372064K->151040K(460800K)] 1214598K->1123654K(1859072K), 0.0615494 secs] [Times: user=0.36 sys=0.00, real=0.06 secs] 
4164.320: [GC (Allocation Failure) [PSYoungGen: 393216K->13856K(458752K)] 1365830K->986510K(1857024K), 0.0078994 secs] [Times: user=0.05 sys=0.00, real=0.00 secs] 
4166.962: [GC (Allocation Failure) [PSYoungGen: 253984K->169024K(409600K)] 1226638K->1153518K(1807872K), 0.0377283 secs] [Times: user=0.22 sys=0.00, real=0.04 secs] 
4168.990: [GC (Allocation Failure) [PSYoungGen: 409152K->99200K(468992K)] 1393646K->1244230K(1867264K), 0.1837088 secs] [Times: user=1.10 sys=0.00, real=0.18 secs] 
4170.373: [GC (Allocation Failure) [PSYoungGen: 335232K->171616K(465920K)] 1480262K->1411859K(1864192K), 0.0534863 secs] [Times: user=0.31 sys=0.00, real=0.05 secs] 
4170.426: [Full GC (Ergonomics) [PSYoungGen: 171616K->0K(465920K)] [ParOldGen: 1240243K->215515K(1398272K)] 1411859K->215515K(1864192K), [Metaspace: 60432K->60432K(1105920K)], 0.5062414 secs] [Times: user=2.37 sys=0.00, real=0.51 secs] 
4173.773: [GC (Allocation Failure) [PSYoungGen: 236032K->93792K(466944K)] 451547K->309307K(1865216K), 0.1482004 secs] [Times: user=0.88 sys=0.00, real=0.15 secs] 
4174.463: [GC (Allocation Failure) [PSYoungGen: 327776K->196640K(465920K)] 543291K->499876K(1864192K), 0.0589157 secs] [Times: user=0.35 sys=0.00, real=0.06 secs] 
4177.298: [GC (Allocation Failure) [PSYoungGen: 430624K->84640K(465920K)] 733860K->568380K(1864192K), 0.1294897 secs] [Times: user=0.77 sys=0.00, real=0.13 secs] 
4178.443: [GC (Allocation Failure) [PSYoungGen: 313075K->205216K(465920K)] 796815K->767180K(1864192K), 0.0684893 secs] [Times: user=0.41 sys=0.00, real=0.07 secs] 
4181.363: [GC (Allocation Failure) [PSYoungGen: 438176K->89472K(465920K)] 1000140K->820020K(1864192K), 0.1088418 secs] [Times: user=0.65 sys=0.00, real=0.11 secs] 
4182.607: [GC (Allocation Failure) [PSYoungGen: 322432K->154720K(465920K)] 1052980K->968221K(1864192K), 0.0608245 secs] [Times: user=0.36 sys=0.00, real=0.06 secs] 
4183.537: [GC (Allocation Failure) [PSYoungGen: 387680K->112352K(465920K)] 1201181K->1080541K(1864192K), 0.0626057 secs] [Times: user=0.37 sys=0.00, real=0.07 secs] 
4185.670: [GC (Allocation Failure) [PSYoungGen: 345312K->135424K(465920K)] 1313501K->1205684K(1864192K), 0.0622492 secs] [Times: user=0.37 sys=0.00, real=0.06 secs] 
4187.268: [GC (Allocation Failure) [PSYoungGen: 368384K->131232K(450560K)] 1438644K->1337020K(1848832K), 0.0622406 secs] [Times: user=0.37 sys=0.00, real=0.07 secs] 
4187.331: [Full GC (Ergonomics) [PSYoungGen: 131232K->0K(450560K)] [ParOldGen: 1205788K->146791K(1398272K)] 1337020K->146791K(1848832K), [Metaspace: 60432K->60432K(1105920K)], 0.3451953 secs] [Times: user=1.58 sys=0.00, real=0.34 secs] 
4189.198: [GC (Allocation Failure) [PSYoungGen: 232960K->117408K(458240K)] 379751K->264199K(1856512K), 0.0413555 secs] [Times: user=0.24 sys=0.00, real=0.05 secs] 
4192.467: [GC (Allocation Failure) [PSYoungGen: 350368K->144640K(467456K)] 497159K->408187K(1865728K), 0.0628156 secs] [Times: user=0.37 sys=0.00, real=0.07 secs] 
4194.092: [GC (Allocation Failure) [PSYoungGen: 400640K->18784K(470528K)] 664187K->282444K(1868800K), 0.0083427 secs] [Times: user=0.04 sys=0.01, real=0.01 secs] 
4196.282: [GC (Allocation Failure) [PSYoungGen: 274784K->179552K(458240K)] 538444K->457912K(1856512K), 0.0411086 secs] [Times: user=0.24 sys=0.01, real=0.04 secs] 
4198.691: [GC (Allocation Failure) [PSYoungGen: 412512K->85344K(465920K)] 690872K->542536K(1864192K), 0.1568262 secs] [Times: user=0.92 sys=0.01, real=0.15 secs] 
4200.185: [GC (Allocation Failure) [PSYoungGen: 318304K->172192K(465920K)] 775496K->710333K(1864192K), 0.0557341 secs] [Times: user=0.33 sys=0.00, real=0.06 secs] 
4203.107: [GC (Allocation Failure) [PSYoungGen: 405152K->88128K(465920K)] 943293K->798425K(1864192K), 0.1715876 secs] [Times: user=1.02 sys=0.00, real=0.17 secs] 
4203.662: [GC (Allocation Failure) [PSYoungGen: 321088K->176224K(465920K)] 1031385K->968434K(1864192K), 0.0577495 secs] [Times: user=0.34 sys=0.00, real=0.06 secs] 
4207.486: [GC (Allocation Failure) [PSYoungGen: 409184K->82368K(465920K)] 1201394K->1050586K(1864192K), 0.1512102 secs] [Times: user=0.77 sys=0.00, real=0.15 secs] 
4208.207: [GC (Allocation Failure) [PSYoungGen: 311568K->206784K(465920K)] 1279786K->1250999K(1864192K), 0.0612345 secs] [Times: user=0.36 sys=0.00, real=0.07 secs] 
4209.540: [GC (Allocation Failure) [PSYoungGen: 437969K->93088K(465920K)] 1482184K->1309563K(1864192K), 0.1013809 secs] [Times: user=0.60 sys=0.00, real=0.10 secs] 
4209.642: [Full GC (Ergonomics) [PSYoungGen: 93088K->0K(465920K)] [ParOldGen: 1216475K->108687K(1398272K)] 1309563K->108687K(1864192K), [Metaspace: 60433K->60433K(1105920K)], 0.2556380 secs] [Times: user=1.15 sys=0.00, real=0.25 secs] 
4212.687: [GC (Allocation Failure) [PSYoungGen: 232960K->150240K(465920K)] 341647K->258927K(1864192K), 0.0427401 secs] [Times: user=0.26 sys=0.00, real=0.05 secs] 
4214.445: [GC (Allocation Failure) [PSYoungGen: 383200K->119104K(465920K)] 491887K->378223K(1864192K), 0.0944566 secs] [Times: user=0.56 sys=0.00, real=0.10 secs] 
4217.121: [GC (Allocation Failure) [PSYoungGen: 352064K->145376K(465920K)] 611183K->496472K(1864192K), 0.0599642 secs] [Times: user=0.36 sys=0.00, real=0.06 secs] 
4219.638: [GC (Allocation Failure) [PSYoungGen: 378336K->120064K(353280K)] 729432K->616760K(1751552K), 0.0849910 secs] [Times: user=0.50 sys=0.00, real=0.09 secs] 
4221.012: [GC (Allocation Failure) [PSYoungGen: 353024K->127936K(467968K)] 849720K->734244K(1866240K), 0.0621340 secs] [Times: user=0.37 sys=0.00, real=0.06 secs] 
4221.884: [GC (Allocation Failure) [PSYoungGen: 370112K->149344K(458752K)] 976420K->883644K(1857024K), 0.0875410 secs] [Times: user=0.52 sys=0.00, real=0.09 secs] 
4224.866: [GC (Allocation Failure) [PSYoungGen: 391520K->8288K(458240K)] 1125820K->742628K(1856512K), 0.0029696 secs] [Times: user=0.02 sys=0.00, real=0.00 secs] 
4227.584: [GC (Allocation Failure) [PSYoungGen: 251488K->167744K(411136K)] 985828K->908813K(1809408K), 0.1044835 secs] [Times: user=0.62 sys=0.00, real=0.10 secs] 
4231.895: [GC (Allocation Failure) [PSYoungGen: 410944K->101792K(471552K)] 1152013K->1002069K(1869824K), 0.1687416 secs] [Times: user=1.01 sys=0.00, real=0.17 secs] 
4233.755: [GC (Allocation Failure) [PSYoungGen: 340384K->188128K(465920K)] 1240661K->1186846K(1864192K), 0.0549237 secs] [Times: user=0.32 sys=0.00, real=0.06 secs] 
4235.884: [GC (Allocation Failure) [PSYoungGen: 426720K->93888K(465920K)] 1425438K->1263994K(1864192K), 0.1430367 secs] [Times: user=0.86 sys=0.01, real=0.14 secs] 
4236.027: [Full GC (Ergonomics) [PSYoungGen: 93888K->0K(465920K)] [ParOldGen: 1170106K->67996K(1398272K)] 1263994K->67996K(1864192K), [Metaspace: 60433K->60433K(1105920K)], 0.1685394 secs] [Times: user=0.76 sys=0.00, real=0.17 secs] 
4236.937: [GC (Allocation Failure) [PSYoungGen: 232960K->191840K(465920K)] 300956K->259836K(1864192K), 0.0385581 secs] [Times: user=0.23 sys=0.00, real=0.04 secs] 
4239.280: [GC (Allocation Failure) [PSYoungGen: 424800K->91936K(465920K)] 492796K->335384K(1864192K), 0.1340907 secs] [Times: user=0.80 sys=0.00, real=0.13 secs] 
4241.129: [GC (Allocation Failure) [PSYoungGen: 322596K->203360K(465920K)] 566045K->533013K(1864192K), 0.0626163 secs] [Times: user=0.37 sys=0.00, real=0.06 secs] 
4244.204: [GC (Allocation Failure) [PSYoungGen: 436320K->90208K(465920K)] 765973K->588509K(1864192K), 0.1101416 secs] [Times: user=0.65 sys=0.00, real=0.11 secs] 
4246.077: [GC (Allocation Failure) [PSYoungGen: 323168K->153152K(465920K)] 821469K->735210K(1864192K), 0.0605623 secs] [Times: user=0.36 sys=0.00, real=0.06 secs] 
4249.154: [GC (Allocation Failure) [PSYoungGen: 386112K->104640K(465920K)] 968170K->840094K(1864192K), 0.0994446 secs] [Times: user=0.59 sys=0.00, real=0.10 secs] 
4250.380: [GC (Allocation Failure) [PSYoungGen: 337600K->143904K(465920K)] 1073054K->973431K(1864192K), 0.0613690 secs] [Times: user=0.37 sys=0.00, real=0.06 secs] 
4253.498: [GC (Allocation Failure) [PSYoungGen: 376864K->116704K(460800K)] 1206391K->1089807K(1859072K), 0.0785917 secs] [Times: user=0.46 sys=0.00, real=0.08 secs] 
4254.744: [GC (Allocation Failure) [PSYoungGen: 349664K->131616K(365056K)] 1322767K->1211083K(1763328K), 0.0626898 secs] [Times: user=0.37 sys=0.00, real=0.06 secs] 
4257.715: [GC (Allocation Failure) [PSYoungGen: 364576K->131648K(470528K)] 1444043K->1342932K(1868800K), 0.0713900 secs] [Times: user=0.43 sys=0.01, real=0.07 secs] 
4257.786: [Full GC (Ergonomics) [PSYoungGen: 131648K->0K(470528K)] [ParOldGen: 1211283K->147159K(1398272K)] 1342932K->147159K(1868800K), [Metaspace: 60433K->60433K(1105920K)], 0.3455310 secs] [Times: user=1.60 sys=0.00, real=0.35 secs] 
4259.253: [GC (Allocation Failure) [PSYoungGen: 249344K->122848K(461824K)] 396503K->270007K(1860096K), 0.0428978 secs] [Times: user=0.25 sys=0.00, real=0.04 secs] 
4261.643: [GC (Allocation Failure) [PSYoungGen: 372192K->181888K(458752K)] 519351K->450620K(1857024K), 0.0638974 secs] [Times: user=0.38 sys=0.00, real=0.06 secs] 
4263.818: [GC (Allocation Failure) [PSYoungGen: 435328K->110016K(470528K)] 704060K->543372K(1868800K), 0.1813018 secs] [Times: user=1.08 sys=0.01, real=0.19 secs] 
4264.782: [GC (Allocation Failure) [PSYoungGen: 363456K->185952K(461824K)] 796812K->725261K(1860096K), 0.0570379 secs] [Times: user=0.34 sys=0.00, real=0.06 secs] 
4268.006: [GC (Allocation Failure) [PSYoungGen: 434272K->99200K(473600K)] 973581K->824105K(1871872K), 0.1151887 secs] [Times: user=0.69 sys=0.00, real=0.12 secs] 
4271.608: [GC (Allocation Failure) [PSYoungGen: 347520K->160288K(473088K)] 1072425K->978142K(1871360K), 0.0650471 secs] [Times: user=0.39 sys=0.00, real=0.07 secs] 
4272.549: [GC (Allocation Failure) [PSYoungGen: 411168K->132192K(383488K)] 1229022K->1110566K(1781760K), 0.0731411 secs] [Times: user=0.43 sys=0.00, real=0.08 secs] 
4275.540: [GC (Allocation Failure) [PSYoungGen: 383072K->1952K(453120K)] 1361446K->980350K(1851392K), 0.0035139 secs] [Times: user=0.01 sys=0.00, real=0.00 secs] 
4277.110: [GC (Allocation Failure) [PSYoungGen: 239008K->158752K(396288K)] 1217406K->1138288K(1794560K), 0.0896717 secs] [Times: user=0.53 sys=0.00, real=0.09 secs] 
4281.087: [GC (Allocation Failure) [PSYoungGen: 395808K->10816K(465920K)] 1375344K->990440K(1864192K), 0.0044927 secs] [Times: user=0.03 sys=0.00, real=0.01 secs] 
4282.065: [GC (Allocation Failure) [PSYoungGen: 243776K->168480K(465920K)] 1223400K->1157465K(1864192K), 0.0516246 secs] [Times: user=0.31 sys=0.00, real=0.05 secs] 
4284.827: [GC (Allocation Failure) [PSYoungGen: 401440K->93952K(465920K)] 1390425K->1242969K(1864192K), 0.1500067 secs] [Times: user=0.89 sys=0.01, real=0.15 secs] 
4284.977: [Full GC (Ergonomics) [PSYoungGen: 93952K->0K(465920K)] [ParOldGen: 1149017K->39810K(1398272K)] 1242969K->39810K(1864192K), [Metaspace: 60435K->60435K(1105920K)], 0.1197690 secs] [Times: user=0.49 sys=0.00, real=0.12 secs] 
4286.075: [GC (Allocation Failure) [PSYoungGen: 222083K->160640K(465920K)] 261894K->200450K(1864192K), 0.0309061 secs] [Times: user=0.18 sys=0.00, real=0.03 secs] 
4289.449: [GC (Allocation Failure) [PSYoungGen: 393600K->93632K(465920K)] 433410K->285482K(1864192K), 0.0943342 secs] [Times: user=0.57 sys=0.00, real=0.09 secs] 
4290.804: [GC (Allocation Failure) [PSYoungGen: 326592K->171744K(465920K)] 518442K->454141K(1864192K), 0.1016202 secs] [Times: user=0.61 sys=0.00, real=0.10 secs] 
4294.002: [GC (Allocation Failure) [PSYoungGen: 403332K->88576K(465920K)] 685730K->542821K(1864192K), 0.1438366 secs] [Times: user=0.85 sys=0.00, real=0.14 secs] 
4295.418: [GC (Allocation Failure) [PSYoungGen: 321536K->168096K(465920K)] 775781K->707721K(1864192K), 0.0825767 secs] [Times: user=0.49 sys=0.00, real=0.09 secs] 
4300.661: [GC (Allocation Failure) [PSYoungGen: 401056K->77216K(465920K)] 940681K->785121K(1864192K), 0.1382305 secs] [Times: user=0.80 sys=0.02, real=0.14 secs] 
4301.209: [GC (Allocation Failure) [PSYoungGen: 310176K->177792K(465920K)] 1018081K->956657K(1864192K), 0.0558071 secs] [Times: user=0.33 sys=0.00, real=0.05 secs] 
4303.340: [GC (Allocation Failure) [PSYoungGen: 410752K->96832K(465920K)] 1189617K->1053498K(1864192K), 0.1223301 secs] [Times: user=0.73 sys=0.00, real=0.12 secs] 
4305.352: [GC (Allocation Failure) [PSYoungGen: 328690K->200032K(465920K)] 1285356K->1243830K(1864192K), 0.0603318 secs] [Times: user=0.36 sys=0.00, real=0.06 secs] 
4307.804: [GC (Allocation Failure) [PSYoungGen: 432992K->92704K(465920K)] 1476790K->1302830K(1864192K), 0.1159834 secs] [Times: user=0.69 sys=0.00, real=0.12 secs] 
4307.920: [Full GC (Ergonomics) [PSYoungGen: 92704K->0K(465920K)] [ParOldGen: 1210126K->107826K(1398272K)] 1302830K->107826K(1864192K), [Metaspace: 60435K->60435K(1105920K)], 0.2640516 secs] [Times: user=1.21 sys=0.00, real=0.26 secs] 
4311.339: [GC (Allocation Failure) [PSYoungGen: 232960K->150848K(465920K)] 340786K->258674K(1864192K), 0.0428100 secs] [Times: user=0.25 sys=0.00, real=0.04 secs] 
4312.536: [GC (Allocation Failure) [PSYoungGen: 383808K->106688K(465920K)] 491634K->365322K(1864192K), 0.0794538 secs] [Times: user=0.47 sys=0.00, real=0.08 secs] 
4315.186: [GC (Allocation Failure) [PSYoungGen: 339648K->141344K(465920K)] 598282K->496465K(1864192K), 0.0607593 secs] [Times: user=0.36 sys=0.00, real=0.06 secs] 
4317.313: [GC (Allocation Failure) [PSYoungGen: 374304K->121728K(450560K)] 729425K->617985K(1848832K), 0.0799417 secs] [Times: user=0.47 sys=0.00, real=0.08 secs] 
4319.092: [GC (Allocation Failure) [PSYoungGen: 354688K->125824K(458240K)] 850945K->733652K(1856512K), 0.0628053 secs] [Times: user=0.37 sys=0.00, real=0.06 secs] 
4322.082: [GC (Allocation Failure) [PSYoungGen: 358784K->137504K(464896K)] 966612K->871333K(1863168K), 0.0678270 secs] [Times: user=0.40 sys=0.00, real=0.07 secs] 
4323.431: [GC (Allocation Failure) [PSYoungGen: 395040K->14368K(468480K)] 1128869K->748237K(1866752K), 0.0051942 secs] [Times: user=0.03 sys=0.00, real=0.00 secs] 
4324.971: [GC (Allocation Failure) [PSYoungGen: 271904K->182912K(455168K)] 1005773K->928981K(1853440K), 0.1218237 secs] [Times: user=0.72 sys=0.00, real=0.12 secs] 
4327.584: [GC (Allocation Failure) [PSYoungGen: 415872K->86976K(465920K)] 1161941K->1015677K(1864192K), 0.1474501 secs] [Times: user=0.88 sys=0.01, real=0.15 secs] 
4329.612: [GC (Allocation Failure) [PSYoungGen: 319936K->170528K(463872K)] 1248637K->1182526K(1862144K), 0.1388833 secs] [Times: user=0.83 sys=0.00, real=0.14 secs] 
4331.794: [GC (Allocation Failure) [PSYoungGen: 403488K->86496K(465920K)] 1415486K->1269142K(1864192K), 0.0710823 secs] [Times: user=0.42 sys=0.00, real=0.07 secs] 
4331.866: [Full GC (Ergonomics) [PSYoungGen: 86496K->0K(465920K)] [ParOldGen: 1182646K->73300K(1398272K)] 1269142K->73300K(1864192K), [Metaspace: 60435K->60435K(1105920K)], 0.1746316 secs] [Times: user=0.72 sys=0.00, real=0.18 secs] 
4334.190: [GC (Allocation Failure) [PSYoungGen: 232960K->173056K(465920K)] 306260K->246356K(1864192K), 0.0906553 secs] [Times: user=0.54 sys=0.00, real=0.09 secs] 
4336.506: [GC (Allocation Failure) [PSYoungGen: 406016K->88352K(465920K)] 479316K->335012K(1864192K), 0.1412859 secs] [Times: user=0.83 sys=0.00, real=0.14 secs] 
4339.722: [GC (Allocation Failure) [PSYoungGen: 321026K->201760K(465920K)] 567686K->530129K(1864192K), 0.0614660 secs] [Times: user=0.37 sys=0.00, real=0.06 secs] 
4341.360: [GC (Allocation Failure) [PSYoungGen: 434720K->90656K(465920K)] 763089K->587241K(1864192K), 0.1228014 secs] [Times: user=0.73 sys=0.00, real=0.12 secs] 
4344.599: [GC (Allocation Failure) [PSYoungGen: 323616K->153120K(465920K)] 820201K->734030K(1864192K), 0.0601777 secs] [Times: user=0.36 sys=0.00, real=0.06 secs] 
4345.553: [GC (Allocation Failure) [PSYoungGen: 386080K->106304K(465920K)] 966990K->840542K(1864192K), 0.1056301 secs] [Times: user=0.62 sys=0.00, real=0.11 secs] 
4349.580: [GC (Allocation Failure) [PSYoungGen: 339264K->141344K(465920K)] 1073502K->971835K(1864192K), 0.0611604 secs] [Times: user=0.36 sys=0.00, real=0.06 secs] 
4350.535: [GC (Allocation Failure) [PSYoungGen: 374304K->120416K(353792K)] 1204795K->1092443K(1752064K), 0.0797882 secs] [Times: user=0.47 sys=0.00, real=0.08 secs] 
4353.772: [GC (Allocation Failure) [PSYoungGen: 353376K->127456K(465920K)] 1325403K->1209438K(1864192K), 0.0626726 secs] [Times: user=0.37 sys=0.00, real=0.06 secs] 
4355.185: [GC (Allocation Failure) [PSYoungGen: 369632K->145856K(456704K)] 1451614K->1355486K(1854976K), 0.1560826 secs] [Times: user=0.93 sys=0.01, real=0.16 secs] 
4355.341: [Full GC (Ergonomics) [PSYoungGen: 145856K->0K(456704K)] [ParOldGen: 1209630K->160867K(1398272K)] 1355486K->160867K(1854976K), [Metaspace: 60435K->60435K(1105920K)], 0.4263878 secs] [Times: user=2.02 sys=0.00, real=0.42 secs] 
4358.230: [GC (Allocation Failure) [PSYoungGen: 242176K->108128K(477696K)] 403043K->268995K(1875968K), 0.0390498 secs] [Times: user=0.23 sys=0.00, real=0.04 secs] 
4359.375: [GC (Allocation Failure) [PSYoungGen: 373344K->188096K(473088K)] 534211K->456096K(1871360K), 0.1215729 secs] [Times: user=0.72 sys=0.00, real=0.12 secs] 
4363.720: [GC (Allocation Failure) [PSYoungGen: 453312K->104096K(480256K)] 721312K->560296K(1878528K), 0.1717197 secs] [Times: user=1.02 sys=0.00, real=0.17 secs] 
4365.571: [GC (Allocation Failure) [PSYoungGen: 362144K->218592K(476672K)] 818344K->780481K(1874944K), 0.0733856 secs] [Times: user=0.44 sys=0.00, real=0.07 secs] 
4367.297: [GC (Allocation Failure) [PSYoungGen: 476640K->115040K(455168K)] 1038529K->854665K(1853440K), 0.0807702 secs] [Times: user=0.48 sys=0.00, real=0.08 secs] 
4369.090: [GC (Allocation Failure) [PSYoungGen: 348000K->132704K(465920K)] 1087625K->977142K(1864192K), 0.0617603 secs] [Times: user=0.37 sys=0.00, real=0.06 secs] 
4372.516: [GC (Allocation Failure) [PSYoungGen: 365664K->128672K(465920K)] 1210102K->1105558K(1864192K), 0.0704169 secs] [Times: user=0.42 sys=0.00, real=0.07 secs] 
4373.737: [GC (Allocation Failure) [PSYoungGen: 361632K->2080K(465920K)] 1338518K->979026K(1864192K), 0.0025375 secs] [Times: user=0.01 sys=0.00, real=0.01 secs] 
4376.405: [GC (Allocation Failure) [PSYoungGen: 235040K->146144K(465920K)] 1211986K->1123671K(1864192K), 0.0330747 secs] [Times: user=0.19 sys=0.00, real=0.03 secs] 
4377.536: [GC (Allocation Failure) [PSYoungGen: 379104K->6112K(465920K)] 1356631K->983751K(1864192K), 0.0033336 secs] [Times: user=0.01 sys=0.00, real=0.01 secs] 
4379.481: [GC (Allocation Failure) [PSYoungGen: 239072K->164736K(465920K)] 1216711K->1147404K(1864192K), 0.0789045 secs] [Times: user=0.46 sys=0.00, real=0.08 secs] 
4381.928: [GC (Allocation Failure) [PSYoungGen: 397696K->96832K(465920K)] 1380364K->1235772K(1864192K), 0.0822610 secs] [Times: user=0.48 sys=0.00, real=0.09 secs] 
4383.918: [GC (Allocation Failure) [PSYoungGen: 324901K->165344K(465920K)] 1463841K->1399333K(1864192K), 0.0839229 secs] [Times: user=0.50 sys=0.00, real=0.09 secs] 
4384.002: [Full GC (Ergonomics) [PSYoungGen: 165344K->0K(465920K)] [ParOldGen: 1233989K->197138K(1398272K)] 1399333K->197138K(1864192K), [Metaspace: 60435K->60435K(1105920K)], 0.4860329 secs] [Times: user=2.27 sys=0.01, real=0.48 secs] 
4386.893: [GC (Allocation Failure) [PSYoungGen: 232960K->93920K(465920K)] 430098K->291058K(1864192K), 0.0967497 secs] [Times: user=0.57 sys=0.00, real=0.10 secs] 
4389.468: [GC (Allocation Failure) [PSYoungGen: 326880K->199680K(465920K)] 524018K->485270K(1864192K), 0.0733291 secs] [Times: user=0.44 sys=0.00, real=0.08 secs] 
4393.594: [GC (Allocation Failure) [PSYoungGen: 432640K->84800K(465920K)] 718230K->537414K(1864192K), 0.1337679 secs] [Times: user=0.79 sys=0.00, real=0.13 secs] 
4394.680: [GC (Allocation Failure) [PSYoungGen: 317760K->172000K(465920K)] 770374K->706487K(1864192K), 0.1040605 secs] [Times: user=0.62 sys=0.00, real=0.10 secs] 
4397.621: [GC (Allocation Failure) [PSYoungGen: 404960K->84256K(465920K)] 939447K->790927K(1864192K), 0.1850437 secs] [Times: user=1.10 sys=0.00, real=0.18 secs] 
4399.604: [GC (Allocation Failure) [PSYoungGen: 317216K->167680K(465920K)] 1023887K->953096K(1864192K), 0.1360722 secs] [Times: user=0.81 sys=0.00, real=0.14 secs] 
4402.149: [GC (Allocation Failure) [PSYoungGen: 400640K->91776K(465920K)] 1186056K->1044920K(1864192K), 0.1369894 secs] [Times: user=0.81 sys=0.00, real=0.13 secs] 
4403.026: [GC (Allocation Failure) [PSYoungGen: 324736K->172800K(465920K)] 1277880K->1212001K(1864192K), 0.1446016 secs] [Times: user=0.86 sys=0.00, real=0.15 secs] 
4404.802: [GC (Allocation Failure) [PSYoungGen: 405760K->94496K(465920K)] 1444961K->1306441K(1864192K), 0.1114472 secs] [Times: user=0.66 sys=0.00, real=0.11 secs] 
4404.913: [Full GC (Ergonomics) [PSYoungGen: 94496K->0K(465920K)] [ParOldGen: 1211945K->105595K(1398272K)] 1306441K->105595K(1864192K), [Metaspace: 60435K->60435K(1105920K)], 0.2481833 secs] [Times: user=1.12 sys=0.00, real=0.25 secs] 
4408.699: [GC (Allocation Failure) [PSYoungGen: 228427K->190464K(465920K)] 334022K->296059K(1864192K), 0.0468535 secs] [Times: user=0.27 sys=0.00, real=0.04 secs] 
4409.919: [GC (Allocation Failure) [PSYoungGen: 417962K->92928K(465920K)] 523557K->352387K(1864192K), 0.0974774 secs] [Times: user=0.58 sys=0.00, real=0.09 secs] 
4412.191: [GC (Allocation Failure) [PSYoungGen: 325888K->150848K(465920K)] 585347K->496840K(1864192K), 0.0597852 secs] [Times: user=0.36 sys=0.00, real=0.06 secs] 
4413.109: [GC (Allocation Failure) [PSYoungGen: 383808K->108992K(465920K)] 729800K->605744K(1864192K), 0.0984930 secs] [Times: user=0.59 sys=0.00, real=0.10 secs] 
4416.607: [GC (Allocation Failure) [PSYoungGen: 341952K->138560K(465920K)] 838704K->733860K(1864192K), 0.0613419 secs] [Times: user=0.37 sys=0.00, real=0.06 secs] 
4417.723: [GC (Allocation Failure) [PSYoungGen: 371520K->128192K(361472K)] 966820K->862220K(1759744K), 0.0768416 secs] [Times: user=0.46 sys=0.00, real=0.08 secs] 
4421.196: [GC (Allocation Failure) [PSYoungGen: 361152K->119584K(467968K)] 1095180K->971737K(1866240K), 0.0631358 secs] [Times: user=0.38 sys=0.00, real=0.07 secs] 
4424.221: [GC (Allocation Failure) [PSYoungGen: 360736K->145824K(459776K)] 1212889K->1117433K(1858048K), 0.0615826 secs] [Times: user=0.36 sys=0.00, real=0.06 secs] 
4425.410: [GC (Allocation Failure) [PSYoungGen: 386976K->9248K(457216K)] 1358585K->980925K(1855488K), 0.0034726 secs] [Times: user=0.02 sys=0.00, real=0.00 secs] 
4427.347: [GC (Allocation Failure) [PSYoungGen: 250400K->172800K(414208K)] 1222077K->1152078K(1812480K), 0.0394208 secs] [Times: user=0.23 sys=0.00, real=0.04 secs] 
4429.608: [GC (Allocation Failure) [PSYoungGen: 413952K->103136K(469504K)] 1393230K->1246638K(1867776K), 0.1263316 secs] [Times: user=0.75 sys=0.00, real=0.13 secs] 
4432.450: [GC (Allocation Failure) [PSYoungGen: 339680K->163776K(465920K)] 1483182K->1407159K(1864192K), 0.1505665 secs] [Times: user=0.90 sys=0.00, real=0.15 secs] 
4432.600: [Full GC (Ergonomics) [PSYoungGen: 163776K->0K(465920K)] [ParOldGen: 1243383K->211369K(1398272K)] 1407159K->211369K(1864192K), [Metaspace: 60437K->60437K(1105920K)], 0.5532582 secs] [Times: user=2.66 sys=0.00, real=0.55 secs] 
4436.032: [GC (Allocation Failure) [PSYoungGen: 236544K->94272K(464896K)] 447913K->305641K(1863168K), 0.1539761 secs] [Times: user=0.92 sys=0.00, real=0.15 secs] 
4437.568: [GC (Allocation Failure) [PSYoungGen: 330816K->174592K(465408K)] 542185K->474178K(1863680K), 0.0573084 secs] [Times: user=0.34 sys=0.00, real=0.06 secs] 
4440.022: [GC (Allocation Failure) [PSYoungGen: 411136K->91072K(465920K)] 710722K->564730K(1864192K), 0.1344565 secs] [Times: user=0.79 sys=0.00, real=0.13 secs] 
4441.485: [GC (Allocation Failure) [PSYoungGen: 323048K->205472K(465920K)] 796706K->763759K(1864192K), 0.0617334 secs] [Times: user=0.37 sys=0.00, real=0.06 secs] 
4443.936: [GC (Allocation Failure) [PSYoungGen: 438432K->92256K(465920K)] 996719K->822375K(1864192K), 0.1634960 secs] [Times: user=0.97 sys=0.01, real=0.17 secs] 
4445.969: [GC (Allocation Failure) [PSYoungGen: 325216K->151232K(465920K)] 1055335K->967590K(1864192K), 0.0606796 secs] [Times: user=0.36 sys=0.01, real=0.07 secs] 
4448.530: [GC (Allocation Failure) [PSYoungGen: 384192K->106016K(465920K)] 1200550K->1073830K(1864192K), 0.0950117 secs] [Times: user=0.56 sys=0.00, real=0.09 secs] 
4450.585: [GC (Allocation Failure) [PSYoungGen: 338976K->142112K(375296K)] 1306790K->1205306K(1773568K), 0.0612735 secs] [Times: user=0.37 sys=0.00, real=0.06 secs] 
4454.007: [GC (Allocation Failure) [PSYoungGen: 375072K->118624K(472064K)] 1438266K->1323866K(1870336K), 0.0754299 secs] [Times: user=0.42 sys=0.00, real=0.08 secs] 
4454.083: [Full GC (Ergonomics) [PSYoungGen: 118624K->0K(472064K)] [ParOldGen: 1205242K->134208K(1398272K)] 1323866K->134208K(1870336K), [Metaspace: 60437K->60437K(1105920K)], 0.3114418 secs] [Times: user=1.42 sys=0.00, real=0.31 secs] 
4455.499: [GC (Allocation Failure) [PSYoungGen: 241152K->129184K(370688K)] 375360K->263392K(1768960K), 0.0476298 secs] [Times: user=0.28 sys=0.00, real=0.04 secs] 
4457.567: [GC (Allocation Failure) [PSYoungGen: 370336K->150432K(459264K)] 504544K->413752K(1857536K), 0.0664542 secs] [Times: user=0.39 sys=0.00, real=0.07 secs] 
4459.165: [GC (Allocation Failure) [PSYoungGen: 396192K->14752K(458752K)] 659512K->278100K(1857024K), 0.0051765 secs] [Times: user=0.03 sys=0.00, real=0.01 secs] 
4461.268: [GC (Allocation Failure) [PSYoungGen: 249843K->169408K(458752K)] 513191K->445512K(1857024K), 0.1167355 secs] [Times: user=0.69 sys=0.00, real=0.12 secs] 
4464.011: [GC (Allocation Failure) [PSYoungGen: 403392K->94688K(466432K)] 679496K->532128K(1864704K), 0.1475352 secs] [Times: user=0.88 sys=0.00, real=0.14 secs] 
4466.156: [GC (Allocation Failure) [PSYoungGen: 313154K->156288K(465920K)] 750595K->684925K(1864192K), 0.0494265 secs] [Times: user=0.28 sys=0.00, real=0.05 secs] 
4467.852: [GC (Allocation Failure) [PSYoungGen: 395392K->102112K(341504K)] 924029K->778077K(1739776K), 0.1429248 secs] [Times: user=0.85 sys=0.00, real=0.14 secs] 
4469.534: [GC (Allocation Failure) [PSYoungGen: 341216K->172672K(456704K)] 1017181K->947434K(1854976K), 0.1373937 secs] [Times: user=0.82 sys=0.00, real=0.14 secs] 
4472.815: [GC (Allocation Failure) [PSYoungGen: 406656K->89216K(465408K)] 1181418K->1036810K(1863680K), 0.1435617 secs] [Times: user=0.85 sys=0.00, real=0.15 secs] 
4474.338: [GC (Allocation Failure) [PSYoungGen: 323200K->172512K(460288K)] 1270794K->1203555K(1858560K), 0.1601201 secs] [Times: user=0.90 sys=0.00, real=0.16 secs] 
4476.473: [GC (Allocation Failure) [PSYoungGen: 405472K->89824K(465920K)] 1436515K->1293411K(1864192K), 0.1161443 secs] [Times: user=0.69 sys=0.01, real=0.12 secs] 
4476.589: [Full GC (Ergonomics) [PSYoungGen: 89824K->0K(465920K)] [ParOldGen: 1203587K->90996K(1398272K)] 1293411K->90996K(1864192K), [Metaspace: 60443K->60443K(1105920K)], 0.2146827 secs] [Times: user=0.97 sys=0.00, real=0.21 secs] 
4479.611: [GC (Allocation Failure) [PSYoungGen: 232960K->201440K(463872K)] 323956K->292436K(1862144K), 0.0602635 secs] [Times: user=0.36 sys=0.00, real=0.06 secs] 
4481.455: [GC (Allocation Failure) [PSYoungGen: 434400K->92128K(465920K)] 525396K->351556K(1864192K), 0.1117541 secs] [Times: user=0.66 sys=0.00, real=0.11 secs] 
4484.388: [GC (Allocation Failure) [PSYoungGen: 325088K->151648K(465920K)] 584516K->497145K(1864192K), 0.0599317 secs] [Times: user=0.36 sys=0.00, real=0.06 secs] 
4485.742: [GC (Allocation Failure) [PSYoungGen: 384608K->107232K(465920K)] 730105K->604161K(1864192K), 0.0849518 secs] [Times: user=0.50 sys=0.00, real=0.08 secs] 
4487.925: [GC (Allocation Failure) [PSYoungGen: 340192K->140096K(455680K)] 837121K->734094K(1853952K), 0.0611759 secs] [Times: user=0.37 sys=0.00, real=0.06 secs] 
4491.131: [GC (Allocation Failure) [PSYoungGen: 373056K->120288K(460800K)] 967054K->854606K(1859072K), 0.0802316 secs] [Times: user=0.47 sys=0.00, real=0.08 secs] 
4492.332: [GC (Allocation Failure) [PSYoungGen: 353248K->127584K(456704K)] 1087566K->971887K(1854976K), 0.0624556 secs] [Times: user=0.37 sys=0.00, real=0.06 secs] 
4493.957: [GC (Allocation Failure) [PSYoungGen: 378976K->161472K(462336K)] 1223279K->1133535K(1860608K), 0.0602280 secs] [Times: user=0.35 sys=0.01, real=0.06 secs] 
4496.014: [GC (Allocation Failure) [PSYoungGen: 412864K->24992K(463872K)] 1384927K->997095K(1862144K), 0.0207494 secs] [Times: user=0.11 sys=0.00, real=0.02 secs] 
4497.666: [GC (Allocation Failure) [PSYoungGen: 274336K->174016K(423424K)] 1246439K->1169036K(1821696K), 0.1103516 secs] [Times: user=0.65 sys=0.01, real=0.11 secs] 
4500.958: [GC (Allocation Failure) [PSYoungGen: 423360K->98176K(471040K)] 1418380K->1267372K(1869312K), 0.1827633 secs] [Times: user=1.09 sys=0.00, real=0.19 secs] 
4501.140: [Full GC (Ergonomics) [PSYoungGen: 98176K->0K(471040K)] [ParOldGen: 1169196K->71804K(1398272K)] 1267372K->71804K(1869312K), [Metaspace: 60450K->60450K(1105920K)], 0.1911908 secs] [Times: user=0.88 sys=0.00, real=0.19 secs] 
4504.172: [GC (Allocation Failure) [PSYoungGen: 238080K->208576K(465920K)] 309884K->280380K(1864192K), 0.0776203 secs] [Times: user=0.45 sys=0.01, real=0.08 secs] 
4508.588: [GC (Allocation Failure) [PSYoungGen: 446656K->91296K(465920K)] 518460K->339196K(1864192K), 0.1246944 secs] [Times: user=0.75 sys=0.00, real=0.13 secs] 
4509.939: [GC (Allocation Failure) [PSYoungGen: 324256K->210048K(465920K)] 572156K->538741K(1864192K), 0.0682987 secs] [Times: user=0.40 sys=0.00, real=0.06 secs] 
4512.176: [GC (Allocation Failure) [PSYoungGen: 442405K->92992K(465920K)] 771097K->590461K(1864192K), 0.1124438 secs] [Times: user=0.67 sys=0.00, real=0.11 secs] 
4515.593: [GC (Allocation Failure) [PSYoungGen: 325952K->150752K(465920K)] 823421K->734745K(1864192K), 0.0609890 secs] [Times: user=0.36 sys=0.00, real=0.06 secs] 
4517.905: [GC (Allocation Failure) [PSYoungGen: 383712K->104544K(465920K)] 967705K->839497K(1864192K), 0.0905412 secs] [Times: user=0.54 sys=0.00, real=0.09 secs] 
4519.252: [GC (Allocation Failure) [PSYoungGen: 337504K->143552K(465920K)] 1072457K->972312K(1864192K), 0.0609761 secs] [Times: user=0.36 sys=0.00, real=0.06 secs] 
4520.863: [GC (Allocation Failure) [PSYoungGen: 376512K->121728K(459776K)] 1205272K->1094233K(1858048K), 0.0839127 secs] [Times: user=0.49 sys=0.00, real=0.08 secs] 
4523.618: [GC (Allocation Failure) [PSYoungGen: 354688K->127744K(462848K)] 1327193K->1210680K(1861120K), 0.0623058 secs] [Times: user=0.37 sys=0.00, real=0.07 secs] 
4525.223: [GC (Allocation Failure) [PSYoungGen: 360704K->144896K(464896K)] 1443640K->1355192K(1863168K), 0.1564016 secs] [Times: user=0.93 sys=0.00, real=0.16 secs] 
4525.380: [Full GC (Ergonomics) [PSYoungGen: 144896K->0K(464896K)] [ParOldGen: 1210296K->159851K(1398272K)] 1355192K->159851K(1863168K), [Metaspace: 60451K->60451K(1105920K)], 0.4366814 secs] [Times: user=2.03 sys=0.00, real=0.43 secs] 
4528.501: [GC (Allocation Failure) [PSYoungGen: 246272K->109888K(462848K)] 406123K->269739K(1861120K), 0.0479297 secs] [Times: user=0.28 sys=0.00, real=0.05 secs] 
4530.746: [GC (Allocation Failure) [PSYoungGen: 354363K->176032K(466432K)] 514215K->444482K(1864704K), 0.1413467 secs] [Times: user=0.84 sys=0.01, real=0.14 secs] 
4534.164: [GC (Allocation Failure) [PSYoungGen: 430496K->106240K(475648K)] 698946K->542586K(1873920K), 0.1912623 secs] [Times: user=1.14 sys=0.00, real=0.19 secs] 
4535.322: [GC (Allocation Failure) [PSYoungGen: 360704K->190144K(455168K)] 797050K->728595K(1853440K), 0.0722101 secs] [Times: user=0.43 sys=0.00, real=0.07 secs] 
4538.647: [GC (Allocation Failure) [PSYoungGen: 428224K->85408K(468480K)] 966675K->814239K(1866752K), 0.1362868 secs] [Times: user=0.81 sys=0.01, real=0.14 secs] 
4540.128: [GC (Allocation Failure) [PSYoungGen: 323488K->169088K(462848K)] 1052319K->976580K(1861120K), 0.0632716 secs] [Times: user=0.37 sys=0.00, real=0.07 secs] 
4542.346: [GC (Allocation Failure) [PSYoungGen: 396201K->93728K(465920K)] 1203693K->1070600K(1864192K), 0.1037156 secs] [Times: user=0.61 sys=0.00, real=0.11 secs] 
4543.611: [GC (Allocation Failure) [PSYoungGen: 326688K->150720K(458240K)] 1303560K->1214223K(1856512K), 0.0608746 secs] [Times: user=0.36 sys=0.00, real=0.06 secs] 
4544.707: [GC (Allocation Failure) [PSYoungGen: 385216K->118240K(462848K)] 1448719K->1332647K(1861120K), 0.1002723 secs] [Times: user=0.59 sys=0.00, real=0.10 secs] 
4544.808: [Full GC (Ergonomics) [PSYoungGen: 118240K->0K(462848K)] [ParOldGen: 1214407K->133298K(1398272K)] 1332647K->133298K(1861120K), [Metaspace: 60467K->60467K(1105920K)], 0.3127685 secs] [Times: user=1.43 sys=0.00, real=0.32 secs] 
4549.130: [GC (Allocation Failure) [PSYoungGen: 234496K->128928K(455168K)] 367794K->262226K(1853440K), 0.0473601 secs] [Times: user=0.28 sys=0.00, real=0.04 secs] 
4550.479: [GC (Allocation Failure) [PSYoungGen: 377760K->142688K(461824K)] 511058K->405226K(1860096K), 0.0700612 secs] [Times: user=0.41 sys=0.00, real=0.07 secs] 
4554.502: [GC (Allocation Failure) [PSYoungGen: 391520K->5920K(461312K)] 654058K->268494K(1859584K), 0.0029852 secs] [Times: user=0.02 sys=0.00, real=0.00 secs] 
4557.116: [GC (Allocation Failure) [PSYoungGen: 258336K->176576K(429056K)] 520910K->442954K(1827328K), 0.0351621 secs] [Times: user=0.20 sys=0.00, real=0.04 secs] 
4559.363: [GC (Allocation Failure) [PSYoungGen: 428992K->111200K(473600K)] 695370K->544827K(1871872K), 0.1695512 secs] [Times: user=1.01 sys=0.00, real=0.17 secs] 
4560.461: [GC (Allocation Failure) [PSYoungGen: 351840K->195680K(465920K)] 785467K->734860K(1864192K), 0.0568339 secs] [Times: user=0.34 sys=0.00, real=0.05 secs] 
4562.271: [GC (Allocation Failure) [PSYoungGen: 436320K->97952K(465920K)] 975500K->816492K(1864192K), 0.1136036 secs] [Times: user=0.68 sys=0.00, real=0.11 secs] 
4564.566: [GC (Allocation Failure) [PSYoungGen: 330912K->207616K(465920K)] 1049452K->1018529K(1864192K), 0.0657475 secs] [Times: user=0.39 sys=0.01, real=0.07 secs] 
4567.764: [GC (Allocation Failure) [PSYoungGen: 440453K->93024K(465920K)] 1251367K->1070441K(1864192K), 0.1102443 secs] [Times: user=0.65 sys=0.00, real=0.11 secs] 
4569.012: [GC (Allocation Failure) [PSYoungGen: 325984K->150720K(465920K)] 1303401K->1214748K(1864192K), 0.0618579 secs] [Times: user=0.37 sys=0.00, real=0.06 secs] 
4571.381: [GC (Allocation Failure) [PSYoungGen: 383680K->108896K(465920K)] 1447708K->1323608K(1864192K), 0.0918484 secs] [Times: user=0.54 sys=0.00, real=0.09 secs] 
4571.473: [Full GC (Ergonomics) [PSYoungGen: 108896K->0K(465920K)] [ParOldGen: 1214712K->124030K(1398272K)] 1323608K->124030K(1864192K), [Metaspace: 60468K->60468K(1105920K)], 0.2860841 secs] [Times: user=1.31 sys=0.00, real=0.29 secs] 
4574.332: [GC (Allocation Failure) [PSYoungGen: 232960K->139008K(372224K)] 356990K->263038K(1770496K), 0.0491827 secs] [Times: user=0.29 sys=0.00, real=0.05 secs] 
4577.013: [GC (Allocation Failure) [PSYoungGen: 371968K->122144K(472064K)] 495998K->385174K(1870336K), 0.0902997 secs] [Times: user=0.49 sys=0.01, real=0.09 secs] 
4578.718: [GC (Allocation Failure) [PSYoungGen: 363296K->1504K(463872K)] 626326K->264558K(1862144K), 0.0018196 secs] [Times: user=0.01 sys=0.00, real=0.01 secs] 
4579.701: [GC (Allocation Failure) [PSYoungGen: 242656K->157984K(465920K)] 505710K->421912K(1864192K), 0.0315962 secs] [Times: user=0.18 sys=0.00, real=0.03 secs] 
4581.861: [GC (Allocation Failure) [PSYoungGen: 390944K->11520K(465920K)] 654872K->275544K(1864192K), 0.0034133 secs] [Times: user=0.02 sys=0.00, real=0.00 secs] 
4583.798: [GC (Allocation Failure) [PSYoungGen: 244480K->175232K(465920K)] 508504K->449175K(1864192K), 0.0352445 secs] [Times: user=0.21 sys=0.00, real=0.04 secs] 
4585.985: [GC (Allocation Failure) [PSYoungGen: 408192K->100672K(465920K)] 682135K->533447K(1864192K), 0.1029153 secs] [Times: user=0.61 sys=0.00, real=0.10 secs] 
4587.377: [GC (Allocation Failure) [PSYoungGen: 333632K->171680K(465920K)] 766407K->699532K(1864192K), 0.0526424 secs] [Times: user=0.31 sys=0.00, real=0.06 secs] 
4590.234: [GC (Allocation Failure) [PSYoungGen: 404640K->89216K(465920K)] 932492K->788608K(1864192K), 0.1346058 secs] [Times: user=0.80 sys=0.00, real=0.13 secs] 
4591.632: [GC (Allocation Failure) [PSYoungGen: 322176K->168960K(465920K)] 1021568K->954225K(1864192K), 0.0593462 secs] [Times: user=0.36 sys=0.00, real=0.06 secs] 
4594.955: [GC (Allocation Failure) [PSYoungGen: 401920K->82848K(465920K)] 1187185K->1037265K(1864192K), 0.1645386 secs] [Times: user=0.97 sys=0.00, real=0.17 secs] 
4595.783: [GC (Allocation Failure) [PSYoungGen: 315808K->170176K(465920K)] 1270225K->1201866K(1864192K), 0.0586454 secs] [Times: user=0.35 sys=0.00, real=0.06 secs] 
4597.656: [GC (Allocation Failure) [PSYoungGen: 403136K->95616K(465920K)] 1434826K->1297022K(1864192K), 0.0878470 secs] [Times: user=0.53 sys=0.00, real=0.09 secs] 
4597.744: [Full GC (Ergonomics) [PSYoungGen: 95616K->0K(465920K)] [ParOldGen: 1201406K->93227K(1398272K)] 1297022K->93227K(1864192K), [Metaspace: 60468K->60468K(1105920K)], 0.2130322 secs] [Times: user=0.94 sys=0.00, real=0.21 secs] 
4599.557: [GC (Allocation Failure) [PSYoungGen: 232960K->206816K(465920K)] 326187K->300043K(1864192K), 0.0452477 secs] [Times: user=0.26 sys=0.00, real=0.05 secs] 
4601.283: [GC (Allocation Failure) [PSYoungGen: 439776K->113472K(465920K)] 533003K->372515K(1864192K), 0.0972376 secs] [Times: user=0.58 sys=0.00, real=0.10 secs] 
4603.156: [GC (Allocation Failure) [PSYoungGen: 346432K->150848K(465920K)] 605475K->496500K(1864192K), 0.0603095 secs] [Times: user=0.36 sys=0.00, real=0.06 secs] 
4604.364: [GC (Allocation Failure) [PSYoungGen: 383808K->118464K(465920K)] 729460K->615072K(1864192K), 0.0842976 secs] [Times: user=0.51 sys=0.00, real=0.08 secs] 
4606.582: [GC (Allocation Failure) [PSYoungGen: 351424K->129504K(455680K)] 848032K->734437K(1853952K), 0.0626616 secs] [Times: user=0.37 sys=0.01, real=0.06 secs] 
4609.099: [GC (Allocation Failure) [PSYoungGen: 362464K->129248K(460800K)] 967397K->863309K(1859072K), 0.0631173 secs] [Times: user=0.37 sys=0.00, real=0.06 secs] 
4611.804: [GC (Allocation Failure) [PSYoungGen: 362208K->118464K(462336K)] 1096269K->971489K(1860608K), 0.0632115 secs] [Times: user=0.38 sys=0.00, real=0.06 secs] 
4613.966: [GC (Allocation Failure) [PSYoungGen: 371392K->162720K(464384K)] 1224417K->1134361K(1862656K), 0.0581334 secs] [Times: user=0.34 sys=0.00, real=0.06 secs] 
4616.533: [GC (Allocation Failure) [PSYoungGen: 415648K->22624K(462848K)] 1387289K->994345K(1861120K), 0.0105444 secs] [Times: user=0.06 sys=0.00, real=0.01 secs] 
4618.334: [GC (Allocation Failure) [PSYoungGen: 269920K->178528K(425984K)] 1241641K->1169986K(1824256K), 0.0421345 secs] [Times: user=0.25 sys=0.00, real=0.04 secs] 
4621.199: [GC (Allocation Failure) [PSYoungGen: 425824K->97024K(467968K)] 1417282K->1266758K(1866240K), 0.1825566 secs] [Times: user=1.08 sys=0.00, real=0.18 secs] 
4621.381: [Full GC (Ergonomics) [PSYoungGen: 97024K->0K(467968K)] [ParOldGen: 1169734K->72152K(1398272K)] 1266758K->72152K(1866240K), [Metaspace: 60468K->60468K(1105920K)], 0.1891567 secs] [Times: user=0.87 sys=0.01, real=0.19 secs] 
4622.937: [GC (Allocation Failure) [PSYoungGen: 235008K->173408K(465920K)] 307160K->245560K(1864192K), 0.0978888 secs] [Times: user=0.58 sys=0.01, real=0.10 secs] 
4625.868: [GC (Allocation Failure) [PSYoungGen: 408416K->86016K(465920K)] 480568K->331864K(1864192K), 0.1383066 secs] [Times: user=0.83 sys=0.00, real=0.14 secs] 
4627.658: [GC (Allocation Failure) [PSYoungGen: 318310K->206464K(465920K)] 564158K->531885K(1864192K), 0.0585453 secs] [Times: user=0.35 sys=0.00, real=0.06 secs] 
4629.189: [GC (Allocation Failure) [PSYoungGen: 436128K->92672K(465920K)] 761550K->590645K(1864192K), 0.1107066 secs] [Times: user=0.65 sys=0.00, real=0.11 secs] 
4631.611: [GC (Allocation Failure) [PSYoungGen: 325632K->150944K(465920K)] 823605K->735442K(1864192K), 0.0604551 secs] [Times: user=0.36 sys=0.00, real=0.06 secs] 
4633.268: [GC (Allocation Failure) [PSYoungGen: 383904K->106304K(465920K)] 968402K->841586K(1864192K), 0.1198284 secs] [Times: user=0.71 sys=0.01, real=0.12 secs] 
4635.750: [GC (Allocation Failure) [PSYoungGen: 339264K->141920K(375296K)] 1074546K->973255K(1773568K), 0.0612824 secs] [Times: user=0.36 sys=0.00, real=0.06 secs] 
4639.051: [GC (Allocation Failure) [PSYoungGen: 374880K->118464K(473088K)] 1206215K->1091615K(1871360K), 0.0873694 secs] [Times: user=0.51 sys=0.00, real=0.09 secs] 
4640.400: [GC (Allocation Failure) [PSYoungGen: 359616K->384K(464896K)] 1332767K->973567K(1863168K), 0.0020339 secs] [Times: user=0.01 sys=0.00, real=0.00 secs] 
4643.111: [GC (Allocation Failure) [PSYoungGen: 241536K->149248K(465920K)] 1214719K->1122447K(1864192K), 0.0321276 secs] [Times: user=0.19 sys=0.00, real=0.03 secs] 
4644.245: [GC (Allocation Failure) [PSYoungGen: 381775K->8288K(465920K)] 1354975K->981587K(1864192K), 0.0033409 secs] [Times: user=0.02 sys=0.00, real=0.00 secs] 
4646.433: [GC (Allocation Failure) [PSYoungGen: 241248K->164768K(465920K)] 1214547K->1144540K(1864192K), 0.0340690 secs] [Times: user=0.20 sys=0.00, real=0.03 secs] 
4648.063: [GC (Allocation Failure) [PSYoungGen: 397728K->99968K(465920K)] 1377500K->1235652K(1864192K), 0.0926423 secs] [Times: user=0.55 sys=0.00, real=0.09 secs] 
4649.875: [GC (Allocation Failure) [PSYoungGen: 321720K->161184K(465920K)] 1457404K->1394104K(1864192K), 0.0524150 secs] [Times: user=0.31 sys=0.01, real=0.05 secs] 
4649.927: [Full GC (Ergonomics) [PSYoungGen: 161184K->0K(465920K)] [ParOldGen: 1232920K->197164K(1398272K)] 1394104K->197164K(1864192K), [Metaspace: 60468K->60468K(1105920K)], 0.4727981 secs] [Times: user=2.20 sys=0.00, real=0.48 secs] 
4652.037: [GC (Allocation Failure) [PSYoungGen: 232960K->91840K(465920K)] 430124K->289004K(1864192K), 0.0843988 secs] [Times: user=0.50 sys=0.00, real=0.09 secs] 
4653.963: [GC (Allocation Failure) [PSYoungGen: 324800K->187456K(465920K)] 521964K->472625K(1864192K), 0.0501276 secs] [Times: user=0.30 sys=0.00, real=0.05 secs] 
4655.501: [GC (Allocation Failure) [PSYoungGen: 420416K->97888K(465920K)] 705585K->553937K(1864192K), 0.0729630 secs] [Times: user=0.44 sys=0.00, real=0.07 secs] 
4656.179: [GC (Allocation Failure) [PSYoungGen: 330848K->201920K(465920K)] 786897K->746378K(1864192K), 0.0840331 secs] [Times: user=0.50 sys=0.01, real=0.08 secs] 
4658.881: [GC (Allocation Failure) [PSYoungGen: 434880K->92352K(465920K)] 979338K->805346K(1864192K), 0.1413728 secs] [Times: user=0.85 sys=0.00, real=0.14 secs] 
4660.709: [GC (Allocation Failure) [PSYoungGen: 325312K->168000K(465920K)] 1038306K->967999K(1864192K), 0.1511140 secs] [Times: user=0.90 sys=0.00, real=0.15 secs] 
4663.634: [GC (Allocation Failure) [PSYoungGen: 400960K->86592K(465920K)] 1200959K->1054415K(1864192K), 0.1249212 secs] [Times: user=0.74 sys=0.00, real=0.13 secs] 
4666.292: [GC (Allocation Failure) [PSYoungGen: 319024K->203296K(465920K)] 1286848K->1251388K(1864192K), 0.0692984 secs] [Times: user=0.41 sys=0.01, real=0.07 secs] 
4669.003: [GC (Allocation Failure) [PSYoungGen: 436256K->93120K(465920K)] 1484348K->1307548K(1864192K), 0.1170069 secs] [Times: user=0.69 sys=0.00, real=0.12 secs] 
4669.120: [Full GC (Ergonomics) [PSYoungGen: 93120K->0K(465920K)] [ParOldGen: 1214428K->108740K(1398272K)] 1307548K->108740K(1864192K), [Metaspace: 60468K->60468K(1105920K)], 0.2610390 secs] [Times: user=1.20 sys=0.00, real=0.26 secs] 
4670.941: [GC (Allocation Failure) [PSYoungGen: 232960K->150848K(465920K)] 341700K->259588K(1864192K), 0.0429057 secs] [Times: user=0.26 sys=0.00, real=0.04 secs] 
4672.479: [GC (Allocation Failure) [PSYoungGen: 383808K->109280K(465920K)] 492548K->368828K(1864192K), 0.1175846 secs] [Times: user=0.70 sys=0.00, real=0.11 secs] 
4675.275: [GC (Allocation Failure) [PSYoungGen: 342240K->138464K(465920K)] 601788K->496840K(1864192K), 0.0610612 secs] [Times: user=0.36 sys=0.00, real=0.06 secs] 
4676.478: [GC (Allocation Failure) [PSYoungGen: 371424K->129216K(362496K)] 729800K->626096K(1760768K), 0.0884886 secs] [Times: user=0.52 sys=0.00, real=0.09 secs] 
4678.689: [GC (Allocation Failure) [PSYoungGen: 362176K->118880K(468480K)] 859056K->734853K(1866752K), 0.0633302 secs] [Times: user=0.37 sys=0.00, real=0.06 secs] 
4682.099: [GC (Allocation Failure) [PSYoungGen: 359520K->147168K(460800K)] 975493K->881813K(1859072K), 0.0623331 secs] [Times: user=0.36 sys=0.00, real=0.06 secs] 
4683.316: [GC (Allocation Failure) [PSYoungGen: 387808K->11136K(456704K)] 1122453K->745897K(1854976K), 0.0037220 secs] [Times: user=0.02 sys=0.00, real=0.01 secs] 
4686.243: [GC (Allocation Failure) [PSYoungGen: 250240K->175744K(415232K)] 985001K->919502K(1813504K), 0.0354970 secs] [Times: user=0.21 sys=0.00, real=0.04 secs] 
4687.708: [GC (Allocation Failure) [PSYoungGen: 414848K->103360K(467456K)] 1158606K->1005946K(1865728K), 0.1049508 secs] [Times: user=0.63 sys=0.00, real=0.11 secs] 
4689.050: [GC (Allocation Failure) [PSYoungGen: 337856K->169376K(465920K)] 1240442K->1171695K(1864192K), 0.0536995 secs] [Times: user=0.32 sys=0.00, real=0.05 secs] 
4691.129: [GC (Allocation Failure) [PSYoungGen: 400128K->89024K(465920K)] 1402447K->1260331K(1864192K), 0.1499547 secs] [Times: user=0.88 sys=0.01, real=0.15 secs] 
4691.279: [Full GC (Ergonomics) [PSYoungGen: 89024K->0K(465920K)] [ParOldGen: 1171307K->63599K(1398272K)] 1260331K->63599K(1864192K), [Metaspace: 60468K->60468K(1105920K)], 0.1666048 secs] [Times: user=0.76 sys=0.00, real=0.16 secs] 
4692.989: [GC (Allocation Failure) [PSYoungGen: 232960K->169120K(465920K)] 296559K->232719K(1864192K), 0.0844937 secs] [Times: user=0.50 sys=0.00, real=0.09 secs] 
4697.404: [GC (Allocation Failure) [PSYoungGen: 402080K->80000K(465920K)] 465679K->312607K(1864192K), 0.1814202 secs] [Times: user=1.08 sys=0.00, real=0.18 secs] 
4698.472: [GC (Allocation Failure) [PSYoungGen: 312960K->176864K(465920K)] 545567K->483272K(1864192K), 0.0753083 secs] [Times: user=0.45 sys=0.00, real=0.07 secs] 
4701.501: [GC (Allocation Failure) [PSYoungGen: 409824K->84064K(465920K)] 716232K->567572K(1864192K), 0.1548352 secs] [Times: user=0.92 sys=0.01, real=0.15 secs] 
4702.281: [GC (Allocation Failure) [PSYoungGen: 317024K->207488K(465920K)] 800532K->768689K(1864192K), 0.0803177 secs] [Times: user=0.48 sys=0.00, real=0.08 secs] 
4704.905: [GC (Allocation Failure) [PSYoungGen: 440448K->88608K(465920K)] 1001649K->823449K(1864192K), 0.1165129 secs] [Times: user=0.69 sys=0.00, real=0.12 secs] 
4706.209: [GC (Allocation Failure) [PSYoungGen: 321568K->155072K(465920K)] 1056409K->971989K(1864192K), 0.0605358 secs] [Times: user=0.36 sys=0.00, real=0.06 secs] 
4708.360: [GC (Allocation Failure) [PSYoungGen: 388032K->108352K(465920K)] 1204949K->1080605K(1864192K), 0.0944333 secs] [Times: user=0.56 sys=0.00, real=0.09 secs] 
4711.055: [GC (Allocation Failure) [PSYoungGen: 341312K->140416K(465920K)] 1313565K->1210210K(1864192K), 0.0619553 secs] [Times: user=0.37 sys=0.00, real=0.06 secs] 
4714.688: [GC (Allocation Failure) [PSYoungGen: 373376K->120416K(455680K)] 1443170K->1330410K(1853952K), 0.0829097 secs] [Times: user=0.49 sys=0.00, real=0.09 secs] 
4714.771: [Full GC (Ergonomics) [PSYoungGen: 120416K->0K(455680K)] [ParOldGen: 1209994K->135997K(1398272K)] 1330410K->135997K(1853952K), [Metaspace: 60468K->60468K(1105920K)], 0.3064618 secs] [Times: user=1.40 sys=0.00, real=0.30 secs] 
4716.183: [GC (Allocation Failure) [PSYoungGen: 232960K->127168K(460800K)] 368957K->263165K(1859072K), 0.0431272 secs] [Times: user=0.25 sys=0.00, real=0.04 secs] 
4717.840: [GC (Allocation Failure) [PSYoungGen: 360128K->139840K(466432K)] 496125K->403253K(1864704K), 0.0657081 secs] [Times: user=0.39 sys=0.00, real=0.06 secs] 
4719.078: [GC (Allocation Failure) [PSYoungGen: 392768K->12384K(466432K)] 656181K->275853K(1864704K), 0.0036301 secs] [Times: user=0.02 sys=0.00, real=0.01 secs] 
4720.723: [GC (Allocation Failure) [PSYoungGen: 249939K->171552K(457728K)] 513409K->445810K(1856000K), 0.0362358 secs] [Times: user=0.21 sys=0.00, real=0.04 secs] 
4723.485: [GC (Allocation Failure) [PSYoungGen: 404512K->92928K(465920K)] 678770K->530594K(1864192K), 0.1623084 secs] [Times: user=0.97 sys=0.01, real=0.16 secs] 
4725.686: [GC (Allocation Failure) [PSYoungGen: 313549K->159232K(463360K)] 751215K->684843K(1861632K), 0.1322938 secs] [Times: user=0.78 sys=0.01, real=0.13 secs] 
4729.740: [GC (Allocation Failure) [PSYoungGen: 394240K->93760K(329216K)] 919851K->770251K(1727488K), 0.1603698 secs] [Times: user=0.96 sys=0.00, real=0.16 secs] 
4731.798: [GC (Allocation Failure) [PSYoungGen: 328768K->204032K(458240K)] 1005259K->970331K(1856512K), 0.0520114 secs] [Times: user=0.31 sys=0.00, real=0.06 secs] 
4733.723: [GC (Allocation Failure) [PSYoungGen: 435968K->89632K(464896K)] 1202267K->1026843K(1863168K), 0.1413111 secs] [Times: user=0.84 sys=0.00, real=0.14 secs] 
4734.713: [GC (Allocation Failure) [PSYoungGen: 321568K->168032K(465920K)] 1258779K->1191916K(1864192K), 0.0887508 secs] [Times: user=0.53 sys=0.00, real=0.09 secs] 
4738.579: [GC (Allocation Failure) [PSYoungGen: 400992K->83424K(465920K)] 1424876K->1275244K(1864192K), 0.1657447 secs] [Times: user=0.98 sys=0.00, real=0.16 secs] 
4738.745: [Full GC (Ergonomics) [PSYoungGen: 83424K->0K(465920K)] [ParOldGen: 1191820K->72591K(1398272K)] 1275244K->72591K(1864192K), [Metaspace: 60468K->60468K(1105920K)], 0.1912420 secs] [Times: user=0.89 sys=0.00, real=0.19 secs] 
4739.338: [GC (Allocation Failure) [PSYoungGen: 232960K->179040K(465920K)] 305551K->251631K(1864192K), 0.0387655 secs] [Times: user=0.22 sys=0.00, real=0.04 secs] 
4741.873: [GC (Allocation Failure) [PSYoungGen: 412000K->87040K(465920K)] 484591K->338815K(1864192K), 0.1367265 secs] [Times: user=0.81 sys=0.00, real=0.14 secs] 
4743.139: [GC (Allocation Failure) [PSYoungGen: 316656K->203136K(465920K)] 568432K->535564K(1864192K), 0.0679320 secs] [Times: user=0.40 sys=0.00, real=0.06 secs] 
4746.082: [GC (Allocation Failure) [PSYoungGen: 436096K->93152K(465920K)] 768524K->591820K(1864192K), 0.1086315 secs] [Times: user=0.65 sys=0.00, real=0.11 secs] 
4747.338: [GC (Allocation Failure) [PSYoungGen: 326112K->150784K(465920K)] 824780K->736025K(1864192K), 0.0604352 secs] [Times: user=0.36 sys=0.00, real=0.06 secs] 
4749.732: [GC (Allocation Failure) [PSYoungGen: 383744K->106720K(465920K)] 968985K->842905K(1864192K), 0.0884958 secs] [Times: user=0.53 sys=0.00, real=0.09 secs] 
4750.947: [GC (Allocation Failure) [PSYoungGen: 339680K->140960K(465920K)] 1075865K->973594K(1864192K), 0.0611418 secs] [Times: user=0.37 sys=0.00, real=0.06 secs] 
4752.412: [GC (Allocation Failure) [PSYoungGen: 373920K->131360K(364544K)] 1206554K->1105130K(1762816K), 0.0737027 secs] [Times: user=0.44 sys=0.00, real=0.07 secs] 
4756.017: [GC (Allocation Failure) [PSYoungGen: 364320K->608K(452608K)] 1338090K->974394K(1850880K), 0.0024222 secs] [Times: user=0.02 sys=0.00, real=0.01 secs] 
4757.909: [GC (Allocation Failure) [PSYoungGen: 226912K->138688K(459264K)] 1200698K->1112999K(1857536K), 0.0362707 secs] [Times: user=0.21 sys=0.00, real=0.03 secs] 
4759.083: [GC (Allocation Failure) [PSYoungGen: 364992K->2368K(465920K)] 1339303K->976895K(1864192K), 0.0029215 secs] [Times: user=0.01 sys=0.00, real=0.00 secs] 
4760.563: [GC (Allocation Failure) [PSYoungGen: 235328K->157440K(465920K)] 1209855K->1133623K(1864192K), 0.0434789 secs] [Times: user=0.26 sys=0.00, real=0.04 secs] 
4762.696: [GC (Allocation Failure) [PSYoungGen: 390400K->97600K(465920K)] 1366583K->1223087K(1864192K), 0.0678421 secs] [Times: user=0.40 sys=0.01, real=0.07 secs] 
4764.798: [GC (Allocation Failure) [PSYoungGen: 330560K->169888K(465920K)] 1456047K->1390909K(1864192K), 0.0541324 secs] [Times: user=0.32 sys=0.00, real=0.06 secs] 
4764.852: [Full GC (Ergonomics) [PSYoungGen: 169888K->0K(465920K)] [ParOldGen: 1221021K->192950K(1398272K)] 1390909K->192950K(1864192K), [Metaspace: 60470K->60470K(1105920K)], 0.4600765 secs] [Times: user=2.13 sys=0.01, real=0.46 secs] 
4767.201: [GC (Allocation Failure) [PSYoungGen: 232960K->95648K(465920K)] 425910K->288598K(1864192K), 0.0737794 secs] [Times: user=0.44 sys=0.00, real=0.07 secs] 
4768.611: [GC (Allocation Failure) [PSYoungGen: 312913K->159552K(465920K)] 505863K->444786K(1864192K), 0.0500286 secs] [Times: user=0.29 sys=0.00, real=0.05 secs] 
4771.245: [GC (Allocation Failure) [PSYoungGen: 392512K->91456K(465920K)] 677746K->527758K(1864192K), 0.1201356 secs] [Times: user=0.71 sys=0.01, real=0.12 secs] 
4773.147: [GC (Allocation Failure) [PSYoungGen: 310618K->159040K(465920K)] 746921K->683699K(1864192K), 0.0572756 secs] [Times: user=0.34 sys=0.00, real=0.06 secs] 
4776.026: [GC (Allocation Failure) [PSYoungGen: 392000K->95264K(460800K)] 916659K->770539K(1859072K), 0.1830379 secs] [Times: user=1.07 sys=0.01, real=0.19 secs] 
4778.285: [GC (Allocation Failure) [PSYoungGen: 328224K->167360K(463360K)] 1003499K->933836K(1861632K), 0.0507745 secs] [Times: user=0.31 sys=0.00, real=0.05 secs] 
4780.478: [GC (Allocation Failure) [PSYoungGen: 400118K->92736K(466944K)] 1166594K->1026284K(1865216K), 0.1667119 secs] [Times: user=0.99 sys=0.01, real=0.17 secs] 
4781.421: [GC (Allocation Failure) [PSYoungGen: 327232K->175200K(465920K)] 1260780K->1197689K(1864192K), 0.0579268 secs] [Times: user=0.34 sys=0.00, real=0.06 secs] 
4783.845: [GC (Allocation Failure) [PSYoungGen: 409696K->89152K(465920K)] 1432185K->1286909K(1864192K), 0.1350331 secs] [Times: user=0.81 sys=0.00, real=0.14 secs] 
4783.981: [Full GC (Ergonomics) [PSYoungGen: 89152K->0K(465920K)] [ParOldGen: 1197757K->85348K(1398272K)] 1286909K->85348K(1864192K), [Metaspace: 60470K->60470K(1105920K)], 0.2124957 secs] [Times: user=0.96 sys=0.00, real=0.21 secs] 
4784.683: [GC (Allocation Failure) [PSYoungGen: 232960K->171840K(465920K)] 318308K->257188K(1864192K), 0.0660292 secs] [Times: user=0.39 sys=0.00, real=0.07 secs] 
4787.910: [GC (Allocation Failure) [PSYoungGen: 404800K->88192K(465920K)] 490148K->345180K(1864192K), 0.0961859 secs] [Times: user=0.58 sys=0.00, real=0.09 secs] 
4790.296: [GC (Allocation Failure) [PSYoungGen: 321152K->158048K(465920K)] 578140K->496857K(1864192K), 0.0611471 secs] [Times: user=0.37 sys=0.00, real=0.06 secs] 
4792.041: [GC (Allocation Failure) [PSYoungGen: 391008K->100512K(464896K)] 729817K->597337K(1863168K), 0.0928409 secs] [Times: user=0.55 sys=0.00, real=0.09 secs] 
4794.258: [GC (Allocation Failure) [PSYoungGen: 333472K->147648K(380928K)] 830297K->734384K(1779200K), 0.0604841 secs] [Times: user=0.36 sys=0.00, real=0.06 secs] 
4797.048: [GC (Allocation Failure) [PSYoungGen: 380608K->114432K(473600K)] 967344K->848816K(1871872K), 0.0892900 secs] [Times: user=0.53 sys=0.01, real=0.09 secs] 
4798.291: [GC (Allocation Failure) [PSYoungGen: 357632K->133952K(377344K)] 1092016K->972016K(1775616K), 0.0615840 secs] [Times: user=0.36 sys=0.01, real=0.06 secs] 
4800.376: [GC (Allocation Failure) [PSYoungGen: 377152K->149184K(462848K)] 1215216K->1121208K(1861120K), 0.0607066 secs] [Times: user=0.35 sys=0.00, real=0.06 secs] 
4801.725: [GC (Allocation Failure) [PSYoungGen: 396480K->14432K(462336K)] 1368504K->986480K(1860608K), 0.0042745 secs] [Times: user=0.02 sys=0.00, real=0.01 secs] 
4803.862: [GC (Allocation Failure) [PSYoungGen: 251126K->169760K(458752K)] 1223174K->1154224K(1857024K), 0.0960615 secs] [Times: user=0.57 sys=0.00, real=0.09 secs] 
4806.964: [GC (Allocation Failure) [PSYoungGen: 402720K->91232K(465920K)] 1387184K->1237345K(1864192K), 0.1232366 secs] [Times: user=0.73 sys=0.00, real=0.12 secs] 
4808.338: [GC (Allocation Failure) [PSYoungGen: 309649K->159456K(462336K)] 1455762K->1393777K(1860608K), 0.0776416 secs] [Times: user=0.45 sys=0.00, real=0.08 secs] 
4808.416: [Full GC (Ergonomics) [PSYoungGen: 159456K->0K(462336K)] [ParOldGen: 1234321K->197521K(1398272K)] 1393777K->197521K(1860608K), [Metaspace: 60473K->60473K(1105920K)], 0.4872975 secs] [Times: user=2.29 sys=0.01, real=0.49 secs] 
4810.814: [GC (Allocation Failure) [PSYoungGen: 233984K->94528K(328704K)] 431505K->292049K(1726976K), 0.0449782 secs] [Times: user=0.27 sys=0.00, real=0.05 secs] 
4811.862: [GC (Allocation Failure) [PSYoungGen: 328512K->168448K(457728K)] 526033K->457135K(1856000K), 0.1197023 secs] [Times: user=0.71 sys=0.00, real=0.12 secs] 
4815.150: [GC (Allocation Failure) [PSYoungGen: 399872K->87520K(464384K)] 688559K->544367K(1862656K), 0.1671700 secs] [Times: user=1.00 sys=0.00, real=0.16 secs] 
4815.862: [GC (Allocation Failure) [PSYoungGen: 318944K->168288K(462336K)] 775791K->709232K(1860608K), 0.0556836 secs] [Times: user=0.33 sys=0.00, real=0.05 secs] 
4819.306: [GC (Allocation Failure) [PSYoungGen: 401248K->81280K(465920K)] 942192K->790568K(1864192K), 0.1669703 secs] [Times: user=0.99 sys=0.01, real=0.17 secs] 
4820.442: [GC (Allocation Failure) [PSYoungGen: 314240K->174752K(465408K)] 1023528K->959413K(1863680K), 0.0907752 secs] [Times: user=0.54 sys=0.00, real=0.09 secs] 
4822.791: [GC (Allocation Failure) [PSYoungGen: 407712K->89312K(465920K)] 1192373K->1048677K(1864192K), 0.1400200 secs] [Times: user=0.82 sys=0.00, real=0.14 secs] 
4824.460: [GC (Allocation Failure) [PSYoungGen: 322272K->170144K(465920K)] 1281637K->1213245K(1864192K), 0.1480107 secs] [Times: user=0.88 sys=0.00, real=0.14 secs] 
4826.451: [GC (Allocation Failure) [PSYoungGen: 403104K->90880K(465920K)] 1446205K->1303981K(1864192K), 0.1219344 secs] [Times: user=0.73 sys=0.00, real=0.12 secs] 
4826.573: [Full GC (Ergonomics) [PSYoungGen: 90880K->0K(465920K)] [ParOldGen: 1213101K->102841K(1398272K)] 1303981K->102841K(1864192K), [Metaspace: 60473K->60473K(1105920K)], 0.2511855 secs] [Times: user=1.15 sys=0.00, real=0.25 secs] 
4827.900: [GC (Allocation Failure) [PSYoungGen: 232960K->157248K(465920K)] 335801K->260089K(1864192K), 0.0456820 secs] [Times: user=0.24 sys=0.00, real=0.04 secs] 
4830.721: [GC (Allocation Failure) [PSYoungGen: 390208K->101472K(334848K)] 493049K->361193K(1733120K), 0.0976103 secs] [Times: user=0.58 sys=0.01, real=0.10 secs] 
4832.368: [GC (Allocation Failure) [PSYoungGen: 334432K->146688K(466944K)] 594153K->497178K(1865216K), 0.0604272 secs] [Times: user=0.36 sys=0.00, real=0.06 secs] 
4833.705: [GC (Allocation Failure) [PSYoungGen: 382208K->135232K(371200K)] 732698K->632618K(1769472K), 0.0772696 secs] [Times: user=0.45 sys=0.01, real=0.08 secs] 
4836.536: [GC (Allocation Failure) [PSYoungGen: 370752K->120576K(468480K)] 868138K->734751K(1866752K), 0.0626345 secs] [Times: user=0.38 sys=0.00, real=0.07 secs] 
4837.819: [GC (Allocation Failure) [PSYoungGen: 367360K->157024K(460288K)] 981535K->891943K(1858560K), 0.0684762 secs] [Times: user=0.40 sys=0.00, real=0.06 secs] 
4843.188: [GC (Allocation Failure) [PSYoungGen: 403808K->11584K(459264K)] 1138727K->746527K(1857536K), 0.0038908 secs] [Times: user=0.02 sys=0.00, real=0.01 secs] 
4845.179: [GC (Allocation Failure) [PSYoungGen: 253579K->172992K(416256K)] 988522K->917467K(1814528K), 0.0365248 secs] [Times: user=0.22 sys=0.00, real=0.03 secs] 
4847.551: [GC (Allocation Failure) [PSYoungGen: 416192K->100736K(469504K)] 1160667K->1009896K(1867776K), 0.1696085 secs] [Times: user=1.00 sys=0.01, real=0.17 secs] 
4848.705: [GC (Allocation Failure) [PSYoungGen: 337280K->174208K(465920K)] 1246440K->1180897K(1864192K), 0.0564456 secs] [Times: user=0.33 sys=0.00, real=0.06 secs] 
4852.664: [GC (Allocation Failure) [PSYoungGen: 410752K->87168K(465920K)] 1417441K->1268241K(1864192K), 0.1328762 secs] [Times: user=0.79 sys=0.01, real=0.13 secs] 
4852.797: [Full GC (Ergonomics) [PSYoungGen: 87168K->0K(465920K)] [ParOldGen: 1181073K->71384K(1398272K)] 1268241K->71384K(1864192K), [Metaspace: 60474K->60474K(1105920K)], 0.1763154 secs] [Times: user=0.79 sys=0.00, real=0.18 secs] 
4853.457: [GC (Allocation Failure) [PSYoungGen: 232960K->175584K(465920K)] 304344K->246968K(1864192K), 0.0425412 secs] [Times: user=0.25 sys=0.00, real=0.05 secs] 
4857.714: [GC (Allocation Failure) [PSYoungGen: 408544K->82944K(465920K)] 479928K->330176K(1864192K), 0.1446655 secs] [Times: user=0.86 sys=0.00, real=0.14 secs] 
4858.857: [GC (Allocation Failure) [PSYoungGen: 315558K->206720K(465920K)] 562791K->530773K(1864192K), 0.0812352 secs] [Times: user=0.48 sys=0.00, real=0.08 secs] 
4861.762: [GC (Allocation Failure) [PSYoungGen: 439680K->85472K(465920K)] 763733K->583253K(1864192K), 0.1257458 secs] [Times: user=0.75 sys=0.00, real=0.12 secs] 
4863.877: [GC (Allocation Failure) [PSYoungGen: 318432K->158496K(465920K)] 816213K->734970K(1864192K), 0.0599624 secs] [Times: user=0.36 sys=0.00, real=0.06 secs] 
4865.520: [GC (Allocation Failure) [PSYoungGen: 391456K->110688K(465920K)] 967930K->845902K(1864192K), 0.0996605 secs] [Times: user=0.59 sys=0.00, real=0.10 secs] 
4867.684: [GC (Allocation Failure) [PSYoungGen: 343648K->145376K(465920K)] 1078862K->972549K(1864192K), 0.0611084 secs] [Times: user=0.37 sys=0.01, real=0.06 secs] 
4868.644: [GC (Allocation Failure) [PSYoungGen: 378336K->122112K(457728K)] 1205509K->1094853K(1856000K), 0.0781038 secs] [Times: user=0.46 sys=0.00, real=0.08 secs] 
4872.258: [GC (Allocation Failure) [PSYoungGen: 355072K->126624K(461824K)] 1327813K->1210620K(1860096K), 0.0628400 secs] [Times: user=0.37 sys=0.00, real=0.07 secs] 
4874.314: [GC (Allocation Failure) [PSYoungGen: 359584K->134720K(462336K)] 1443580K->1345508K(1860608K), 0.0703588 secs] [Times: user=0.41 sys=0.00, real=0.07 secs] 
4874.385: [Full GC (Ergonomics) [PSYoungGen: 134720K->0K(462336K)] [ParOldGen: 1210788K->149770K(1398272K)] 1345508K->149770K(1860608K), [Metaspace: 60474K->60474K(1105920K)], 0.3527053 secs] [Times: user=1.61 sys=0.00, real=0.35 secs] 
4877.450: [GC (Allocation Failure) [PSYoungGen: 250880K->118496K(463360K)] 400650K->268266K(1861632K), 0.0414705 secs] [Times: user=0.25 sys=0.00, real=0.04 secs] 
4880.197: [GC (Allocation Failure) [PSYoungGen: 369376K->174016K(471552K)] 519146K->440987K(1869824K), 0.0620792 secs] [Times: user=0.37 sys=0.00, real=0.07 secs] 
4883.016: [GC (Allocation Failure) [PSYoungGen: 438777K->116832K(480768K)] 705749K->549355K(1879040K), 0.1723738 secs] [Times: user=1.02 sys=0.00, real=0.17 secs] 
4884.727: [GC (Allocation Failure) [PSYoungGen: 382560K->192096K(460288K)] 815083K->738116K(1858560K), 0.1356844 secs] [Times: user=0.79 sys=0.02, real=0.14 secs] 
4887.486: [GC (Allocation Failure) [PSYoungGen: 440750K->95040K(474624K)] 986770K->833372K(1872896K), 0.1190327 secs] [Times: user=0.70 sys=0.01, real=0.12 secs] 
4889.082: [GC (Allocation Failure) [PSYoungGen: 345408K->150848K(468992K)] 1083740K->977580K(1867264K), 0.0618547 secs] [Times: user=0.37 sys=0.00, real=0.06 secs] 
4890.480: [GC (Allocation Failure) [PSYoungGen: 402752K->144064K(472576K)] 1229484K->1121736K(1870848K), 0.1211622 secs] [Times: user=0.72 sys=0.00, real=0.12 secs] 
4892.496: [GC (Allocation Failure) [PSYoungGen: 395968K->8864K(456704K)] 1373640K->986560K(1854976K), 0.0035703 secs] [Times: user=0.02 sys=0.00, real=0.01 secs] 
4894.241: [GC (Allocation Failure) [PSYoungGen: 250016K->172640K(414208K)] 1227712K->1157365K(1812480K), 0.0611636 secs] [Times: user=0.36 sys=0.00, real=0.06 secs] 
4896.654: [GC (Allocation Failure) [PSYoungGen: 413792K->99328K(467968K)] 1398517K->1248377K(1866240K), 0.1167697 secs] [Times: user=0.70 sys=0.00, real=0.12 secs] 
4898.085: [GC (Allocation Failure) [PSYoungGen: 334336K->169504K(465920K)] 1483385K->1414914K(1864192K), 0.0873941 secs] [Times: user=0.52 sys=0.00, real=0.09 secs] 
4898.173: [Full GC (Ergonomics) [PSYoungGen: 169504K->0K(465920K)] [ParOldGen: 1245410K->213056K(1398272K)] 1414914K->213056K(1864192K), [Metaspace: 60475K->60475K(1105920K)], 0.5141471 secs] [Times: user=2.41 sys=0.00, real=0.51 secs] 
4902.375: [GC (Allocation Failure) [PSYoungGen: 235008K->83968K(465920K)] 448064K->297024K(1864192K), 0.1283679 secs] [Times: user=0.75 sys=0.01, real=0.13 secs] 
4903.313: [GC (Allocation Failure) [PSYoungGen: 316928K->170208K(465920K)] 529984K->463348K(1864192K), 0.0542982 secs] [Times: user=0.32 sys=0.00, real=0.05 secs] 
4905.571: [GC (Allocation Failure) [PSYoungGen: 403168K->90336K(465920K)] 696308K->553612K(1864192K), 0.1803113 secs] [Times: user=1.07 sys=0.00, real=0.18 secs] 
4906.919: [GC (Allocation Failure) [PSYoungGen: 323296K->174208K(465920K)] 786572K->721961K(1864192K), 0.1568964 secs] [Times: user=0.93 sys=0.00, real=0.15 secs] 
4910.295: [GC (Allocation Failure) [PSYoungGen: 407168K->89664K(465920K)] 954921K->811545K(1864192K), 0.1451025 secs] [Times: user=0.87 sys=0.00, real=0.15 secs] 
4911.163: [GC (Allocation Failure) [PSYoungGen: 321090K->205088K(465920K)] 1042971K->1002382K(1864192K), 0.0666064 secs] [Times: user=0.39 sys=0.00, real=0.07 secs] 
4913.367: [GC (Allocation Failure) [PSYoungGen: 438048K->92736K(465920K)] 1235342K->1061462K(1864192K), 0.1098198 secs] [Times: user=0.65 sys=0.00, real=0.11 secs] 
4915.953: [GC (Allocation Failure) [PSYoungGen: 325696K->151008K(465920K)] 1294422K->1206267K(1864192K), 0.0608440 secs] [Times: user=0.36 sys=0.00, real=0.06 secs] 
4917.868: [GC (Allocation Failure) [PSYoungGen: 383968K->106688K(465920K)] 1439227K->1313083K(1864192K), 0.0908187 secs] [Times: user=0.54 sys=0.00, real=0.10 secs] 
4917.959: [Full GC (Ergonomics) [PSYoungGen: 106688K->0K(465920K)] [ParOldGen: 1206395K->122243K(1398272K)] 1313083K->122243K(1864192K), [Metaspace: 60475K->59567K(1105920K)], 0.2821731 secs] [Times: user=1.25 sys=0.01, real=0.28 secs] 
4919.774: [GC (Allocation Failure) [PSYoungGen: 232960K->141984K(465920K)] 355203K->264227K(1864192K), 0.0502242 secs] [Times: user=0.30 sys=0.00, real=0.05 secs] 
4921.863: [GC (Allocation Failure) [PSYoungGen: 374944K->125376K(447488K)] 497187K->389131K(1845760K), 0.0817211 secs] [Times: user=0.48 sys=0.01, real=0.08 secs] 
4924.181: [GC (Allocation Failure) [PSYoungGen: 358336K->122656K(456704K)] 622091K->501600K(1854976K), 0.0625390 secs] [Times: user=0.37 sys=0.00, real=0.06 secs] 
4926.614: [GC (Allocation Failure) [PSYoungGen: 355616K->142368K(465408K)] 734560K->643752K(1863680K), 0.0630094 secs] [Times: user=0.37 sys=0.00, real=0.06 secs] 
4927.842: [GC (Allocation Failure) [PSYoungGen: 401440K->17312K(471040K)] 902824K->518720K(1869312K), 0.0048378 secs] [Times: user=0.02 sys=0.01, real=0.00 secs] 
4929.280: [GC (Allocation Failure) [PSYoungGen: 276384K->185312K(456192K)] 777792K->701757K(1854464K), 0.0416422 secs] [Times: user=0.24 sys=0.00, real=0.04 secs] 
4931.758: [GC (Allocation Failure) [PSYoungGen: 418272K->93376K(465920K)] 934717K->794901K(1864192K), 0.1732092 secs] [Times: user=1.03 sys=0.00, real=0.18 secs] 
4933.257: [GC (Allocation Failure) [PSYoungGen: 326336K->170240K(464896K)] 1027861K->955803K(1863168K), 0.1547347 secs] [Times: user=0.91 sys=0.00, real=0.16 secs] 
4935.695: [GC (Allocation Failure) [PSYoungGen: 403200K->91104K(465920K)] 1188763K->1046707K(1864192K), 0.1458986 secs] [Times: user=0.87 sys=0.00, real=0.15 secs] 
4936.950: [GC (Allocation Failure) [PSYoungGen: 324064K->174656K(465920K)] 1279667K->1215616K(1864192K), 0.1458169 secs] [Times: user=0.82 sys=0.00, real=0.14 secs] 
4939.945: [GC (Allocation Failure) [PSYoungGen: 407616K->86464K(465920K)] 1448576K->1301968K(1864192K), 0.1038147 secs] [Times: user=0.62 sys=0.00, real=0.11 secs] 
4940.049: [Full GC (Ergonomics) [PSYoungGen: 86464K->0K(465920K)] [ParOldGen: 1215504K->100558K(1398272K)] 1301968K->100558K(1864192K), [Metaspace: 59584K->59584K(1105920K)], 0.2301041 secs] [Times: user=1.03 sys=0.00, real=0.23 secs] 
4943.454: [GC (Allocation Failure) [PSYoungGen: 231790K->195968K(465920K)] 332348K->296526K(1864192K), 0.0480603 secs] [Times: user=0.29 sys=0.00, real=0.05 secs] 
4944.164: [GC (Allocation Failure) [PSYoungGen: 428928K->99168K(465920K)] 529486K->359086K(1864192K), 0.1000988 secs] [Times: user=0.59 sys=0.00, real=0.10 secs] 
4947.373: [GC (Allocation Failure) [PSYoungGen: 332128K->148352K(465920K)] 592046K->497251K(1864192K), 0.0605357 secs] [Times: user=0.36 sys=0.00, real=0.06 secs] 
4948.211: [GC (Allocation Failure) [PSYoungGen: 381312K->116128K(465920K)] 730211K->613611K(1864192K), 0.0990925 secs] [Times: user=0.58 sys=0.00, real=0.10 secs] 
4951.292: [GC (Allocation Failure) [PSYoungGen: 349088K->131648K(447488K)] 846571K->735080K(1845760K), 0.0614658 secs] [Times: user=0.36 sys=0.00, real=0.06 secs] 
4952.647: [GC (Allocation Failure) [PSYoungGen: 364608K->130240K(456704K)] 968040K->865088K(1854976K), 0.0661765 secs] [Times: user=0.40 sys=0.00, real=0.07 secs] 
4954.773: [GC (Allocation Failure) [PSYoungGen: 363200K->128K(457728K)] 1098048K->735008K(1856000K), 0.0018995 secs] [Times: user=0.01 sys=0.00, real=0.00 secs] 
4956.613: [GC (Allocation Failure) [PSYoungGen: 243328K->160160K(403456K)] 978208K->895064K(1801728K), 0.0794476 secs] [Times: user=0.47 sys=0.01, real=0.08 secs] 
4959.110: [GC (Allocation Failure) [PSYoungGen: 403360K->15328K(465920K)] 1138264K->750248K(1864192K), 0.0043020 secs] [Times: user=0.03 sys=0.00, real=0.00 secs] 
4960.618: [GC (Allocation Failure) [PSYoungGen: 248288K->169952K(465920K)] 983208K->917484K(1864192K), 0.0369724 secs] [Times: user=0.22 sys=0.00, real=0.04 secs] 
4963.199: [GC (Allocation Failure) [PSYoungGen: 402912K->94688K(465920K)] 1150444K->1003492K(1864192K), 0.0703980 secs] [Times: user=0.42 sys=0.00, real=0.07 secs] 
4965.099: [GC (Allocation Failure) [PSYoungGen: 327648K->171136K(465920K)] 1236452K->1171385K(1864192K), 0.1119921 secs] [Times: user=0.67 sys=0.00, real=0.11 secs] 
4967.951: [GC (Allocation Failure) [PSYoungGen: 404096K->87104K(465920K)] 1404345K->1258633K(1864192K), 0.1568592 secs] [Times: user=0.92 sys=0.00, real=0.15 secs] 
4968.108: [Full GC (Ergonomics) [PSYoungGen: 87104K->0K(465920K)] [ParOldGen: 1171529K->62358K(1398272K)] 1258633K->62358K(1864192K), [Metaspace: 59587K->59587K(1105920K)], 0.1751562 secs] [Times: user=0.79 sys=0.00, real=0.18 secs] 
4969.203: [GC (Allocation Failure) [PSYoungGen: 232960K->185440K(465920K)] 295318K->247798K(1864192K), 0.0624318 secs] [Times: user=0.37 sys=0.00, real=0.06 secs] 
4972.052: [GC (Allocation Failure) [PSYoungGen: 418400K->86016K(465920K)] 480758K->317666K(1864192K), 0.1364620 secs] [Times: user=0.81 sys=0.00, real=0.13 secs] 
4973.031: [GC (Allocation Failure) [PSYoungGen: 318976K->174016K(465920K)] 550626K->485967K(1864192K), 0.1171667 secs] [Times: user=0.70 sys=0.00, real=0.11 secs] 
4975.946: [GC (Allocation Failure) [PSYoungGen: 406976K->90400K(465920K)] 718927K->576375K(1864192K), 0.1384786 secs] [Times: user=0.82 sys=0.00, real=0.14 secs] 
4976.652: [GC (Allocation Failure) [PSYoungGen: 320136K->202784K(465920K)] 806112K->768964K(1864192K), 0.0619936 secs] [Times: user=0.36 sys=0.00, real=0.06 secs] 
4978.978: [GC (Allocation Failure) [PSYoungGen: 435744K->92640K(465920K)] 1001924K->827068K(1864192K), 0.1126130 secs] [Times: user=0.67 sys=0.00, real=0.12 secs] 
4982.519: [GC (Allocation Failure) [PSYoungGen: 325600K->151072K(465920K)] 1060028K->972027K(1864192K), 0.0611867 secs] [Times: user=0.36 sys=0.00, real=0.06 secs] 
4983.794: [GC (Allocation Failure) [PSYoungGen: 384032K->107328K(465920K)] 1204987K->1079387K(1864192K), 0.0992075 secs] [Times: user=0.59 sys=0.00, real=0.10 secs] 
4986.789: [GC (Allocation Failure) [PSYoungGen: 340288K->148960K(465920K)] 1312347K->1209456K(1864192K), 0.0607641 secs] [Times: user=0.36 sys=0.00, real=0.06 secs] 
4987.922: [GC (Allocation Failure) [PSYoungGen: 381920K->120928K(462848K)] 1442416K->1330592K(1861120K), 0.0846591 secs] [Times: user=0.51 sys=0.00, real=0.08 secs] 
4988.007: [Full GC (Ergonomics) [PSYoungGen: 120928K->0K(462848K)] [ParOldGen: 1209664K->135964K(1398272K)] 1330592K->135964K(1861120K), [Metaspace: 59587K->59587K(1105920K)], 0.3125231 secs] [Times: user=1.42 sys=0.00, real=0.32 secs] 
4990.634: [GC (Allocation Failure) [PSYoungGen: 232960K->126304K(359424K)] 368924K->262268K(1757696K), 0.0436051 secs] [Times: user=0.25 sys=0.00, real=0.04 secs] 
4991.657: [GC (Allocation Failure) [PSYoungGen: 359264K->139744K(464384K)] 495228K->402220K(1862656K), 0.0726930 secs] [Times: user=0.43 sys=0.00, real=0.08 secs] 
4994.711: [GC (Allocation Failure) [PSYoungGen: 382432K->2944K(459264K)] 644908K->265436K(1857536K), 0.0019986 secs] [Times: user=0.01 sys=0.00, real=0.00 secs] 
4995.810: [GC (Allocation Failure) [PSYoungGen: 245632K->169696K(462336K)] 508124K->434511K(1860608K), 0.0476248 secs] [Times: user=0.28 sys=0.00, real=0.04 secs] 
4998.338: [GC (Allocation Failure) [PSYoungGen: 402656K->92960K(465920K)] 667471K->519335K(1864192K), 0.0783513 secs] [Times: user=0.46 sys=0.00, real=0.08 secs] 
5000.013: [GC (Allocation Failure) [PSYoungGen: 316385K->166464K(463872K)] 742761K->684052K(1862144K), 0.0736930 secs] [Times: user=0.44 sys=0.01, real=0.07 secs] 
5002.424: [GC (Allocation Failure) [PSYoungGen: 399424K->92704K(465920K)] 917012K->768668K(1864192K), 0.1753559 secs] [Times: user=1.04 sys=0.00, real=0.18 secs] 
5004.474: [GC (Allocation Failure) [PSYoungGen: 325664K->169120K(464384K)] 1001628K->934073K(1862656K), 0.0503714 secs] [Times: user=0.29 sys=0.00, real=0.05 secs] 
5007.398: [GC (Allocation Failure) [PSYoungGen: 402080K->85184K(465920K)] 1167033K->1019037K(1864192K), 0.1785544 secs] [Times: user=1.06 sys=0.01, real=0.18 secs] 
5009.003: [GC (Allocation Failure) [PSYoungGen: 318144K->169280K(465920K)] 1251997K->1184266K(1864192K), 0.0550762 secs] [Times: user=0.32 sys=0.00, real=0.05 secs] 
5012.259: [GC (Allocation Failure) [PSYoungGen: 402240K->87392K(465920K)] 1417226K->1271546K(1864192K), 0.1742054 secs] [Times: user=1.03 sys=0.01, real=0.17 secs] 
5012.433: [Full GC (Ergonomics) [PSYoungGen: 87392K->0K(465920K)] [ParOldGen: 1184154K->69414K(1398272K)] 1271546K->69414K(1864192K), [Metaspace: 59590K->59590K(1105920K)], 0.1853935 secs] [Times: user=0.86 sys=0.00, real=0.19 secs] 
5013.470: [GC (Allocation Failure) [PSYoungGen: 232960K->169504K(465920K)] 302374K->238918K(1864192K), 0.0980847 secs] [Times: user=0.58 sys=0.00, real=0.09 secs] 
5015.954: [GC (Allocation Failure) [PSYoungGen: 402464K->89376K(465920K)] 471878K->328190K(1864192K), 0.1359124 secs] [Times: user=0.81 sys=0.00, real=0.14 secs] 
5018.634: [GC (Allocation Failure) [PSYoungGen: 322336K->169056K(465920K)] 561150K->491275K(1864192K), 0.1494919 secs] [Times: user=0.89 sys=0.00, real=0.15 secs] 
5020.834: [GC (Allocation Failure) [PSYoungGen: 402016K->87648K(465920K)] 724235K->579139K(1864192K), 0.1260421 secs] [Times: user=0.75 sys=0.00, real=0.13 secs] 
5022.722: [GC (Allocation Failure) [PSYoungGen: 320608K->162976K(465920K)] 812099K->735096K(1864192K), 0.0619155 secs] [Times: user=0.36 sys=0.00, real=0.06 secs] 
5023.844: [GC (Allocation Failure) [PSYoungGen: 395936K->103200K(465920K)] 968056K->838544K(1864192K), 0.0930712 secs] [Times: user=0.56 sys=0.00, real=0.09 secs] 
5026.342: [GC (Allocation Failure) [PSYoungGen: 336160K->144544K(459776K)] 1071504K->972804K(1858048K), 0.0611564 secs] [Times: user=0.36 sys=0.00, real=0.06 secs] 
5027.697: [GC (Allocation Failure) [PSYoungGen: 377504K->117920K(462848K)] 1205764K->1090884K(1861120K), 0.0864023 secs] [Times: user=0.52 sys=0.00, real=0.09 secs] 
5030.758: [GC (Allocation Failure) [PSYoungGen: 350880K->129920K(458240K)] 1323844K->1210504K(1856512K), 0.0625038 secs] [Times: user=0.37 sys=0.00, real=0.07 secs] 
5032.643: [GC (Allocation Failure) [PSYoungGen: 377728K->140768K(460800K)] 1458312K->1351464K(1859072K), 0.0682655 secs] [Times: user=0.40 sys=0.01, real=0.07 secs] 
5032.711: [Full GC (Ergonomics) [PSYoungGen: 140768K->0K(460800K)] [ParOldGen: 1210696K->156243K(1398272K)] 1351464K->156243K(1859072K), [Metaspace: 59590K->59590K(1105920K)], 0.3651276 secs] [Times: user=1.68 sys=0.00, real=0.36 secs] 
5034.290: [GC (Allocation Failure) [PSYoungGen: 247808K->118816K(473088K)] 404051K->275059K(1871360K), 0.0470469 secs] [Times: user=0.28 sys=0.00, real=0.04 secs] 
5036.460: [GC (Allocation Failure) [PSYoungGen: 394784K->195008K(471040K)] 551027K->468568K(1869312K), 0.0643107 secs] [Times: user=0.38 sys=0.00, real=0.06 secs] 
5039.452: [GC (Allocation Failure) [PSYoungGen: 470976K->122432K(484864K)] 744536K->591048K(1883136K), 0.1185358 secs] [Times: user=0.71 sys=0.00, real=0.12 secs] 
5042.007: [GC (Allocation Failure) [PSYoungGen: 386624K->155072K(478208K)] 855240K->740077K(1876480K), 0.0688348 secs] [Times: user=0.41 sys=0.00, real=0.07 secs] 
5043.540: [GC (Allocation Failure) [PSYoungGen: 419264K->151776K(479744K)] 1004269K->891597K(1878016K), 0.0661509 secs] [Times: user=0.39 sys=0.00, real=0.06 secs] 
5047.010: [GC (Allocation Failure) [PSYoungGen: 417504K->20320K(286208K)] 1157325K->760157K(1684480K), 0.0057757 secs] [Times: user=0.03 sys=0.00, real=0.00 secs] 
5048.635: [GC (Allocation Failure) [PSYoungGen: 286048K->186368K(457728K)] 1025885K->944362K(1856000K), 0.1140110 secs] [Times: user=0.68 sys=0.00, real=0.12 secs] 
5050.968: [GC (Allocation Failure) [PSYoungGen: 419328K->91136K(465920K)] 1177322K->1035250K(1864192K), 0.1462350 secs] [Times: user=0.87 sys=0.00, real=0.15 secs] 
5052.709: [GC (Allocation Failure) [PSYoungGen: 324096K->170240K(465920K)] 1268210K->1200035K(1864192K), 0.1391534 secs] [Times: user=0.83 sys=0.01, real=0.13 secs] 
5056.279: [GC (Allocation Failure) [PSYoungGen: 403200K->92480K(465920K)] 1432995K->1292347K(1864192K), 0.1205930 secs] [Times: user=0.71 sys=0.00, real=0.12 secs] 
5056.399: [Full GC (Ergonomics) [PSYoungGen: 92480K->0K(465920K)] [ParOldGen: 1199867K->90731K(1398272K)] 1292347K->90731K(1864192K), [Metaspace: 59653K->59653K(1105920K)], 0.2223497 secs] [Times: user=1.00 sys=0.00, real=0.22 secs] 
5059.046: [GC (Allocation Failure) [PSYoungGen: 232960K->200704K(465920K)] 323691K->291435K(1864192K), 0.0890814 secs] [Times: user=0.53 sys=0.00, real=0.09 secs] 
5060.890: [GC (Allocation Failure) [PSYoungGen: 433664K->92608K(465920K)] 524395K->351251K(1864192K), 0.1066143 secs] [Times: user=0.64 sys=0.00, real=0.10 secs] 
5063.862: [GC (Allocation Failure) [PSYoungGen: 325568K->151232K(465920K)] 584211K->496402K(1864192K), 0.0602153 secs] [Times: user=0.36 sys=0.00, real=0.06 secs] 
5064.736: [GC (Allocation Failure) [PSYoungGen: 384192K->105120K(465920K)] 729362K->601650K(1864192K), 0.0927062 secs] [Times: user=0.55 sys=0.00, real=0.10 secs] 
5067.656: [GC (Allocation Failure) [PSYoungGen: 338080K->142624K(460800K)] 834610K->734223K(1859072K), 0.0606759 secs] [Times: user=0.37 sys=0.00, real=0.06 secs] 
5068.978: [GC (Allocation Failure) [PSYoungGen: 375584K->127104K(360448K)] 967183K->861351K(1758720K), 0.0778670 secs] [Times: user=0.46 sys=0.00, real=0.08 secs] 
5071.622: [GC (Allocation Failure) [PSYoungGen: 360064K->129024K(470528K)] 1094311K->971446K(1868800K), 0.0621368 secs] [Times: user=0.37 sys=0.00, real=0.06 secs] 
5073.957: [GC (Allocation Failure) [PSYoungGen: 378368K->148960K(461824K)] 1220790K->1120526K(1860096K), 0.0599564 secs] [Times: user=0.35 sys=0.00, real=0.06 secs] 
5075.366: [GC (Allocation Failure) [PSYoungGen: 398304K->14784K(463872K)] 1369870K->986434K(1862144K), 0.0046461 secs] [Times: user=0.02 sys=0.00, real=0.01 secs] 
5078.042: [GC (Allocation Failure) [PSYoungGen: 257432K->170368K(422912K)] 1229083K->1154215K(1821184K), 0.0367906 secs] [Times: user=0.21 sys=0.00, real=0.04 secs] 
5080.718: [GC (Allocation Failure) [PSYoungGen: 422784K->110624K(475136K)] 1406631K->1256231K(1873408K), 0.1692412 secs] [Times: user=1.00 sys=0.01, real=0.17 secs] 
5083.076: [GC (Allocation Failure) [PSYoungGen: 354336K->173280K(417280K)] 1499943K->1425736K(1815552K), 0.1217623 secs] [Times: user=0.73 sys=0.00, real=0.12 secs] 
5083.198: [Full GC (Ergonomics) [PSYoungGen: 173280K->0K(417280K)] [ParOldGen: 1252456K->230296K(1398272K)] 1425736K->230296K(1815552K), [Metaspace: 59653K->59653K(1105920K)], 0.5870918 secs] [Times: user=2.79 sys=0.00, real=0.59 secs] 
5086.216: [GC (Allocation Failure) [PSYoungGen: 243712K->93248K(471040K)] 474008K->323544K(1869312K), 0.0735021 secs] [Times: user=0.43 sys=0.00, real=0.08 secs] 
5089.171: [GC (Allocation Failure) [PSYoungGen: 332352K->206784K(445952K)] 562648K->524077K(1844224K), 0.0925630 secs] [Times: user=0.56 sys=0.00, real=0.09 secs] 
5090.731: [GC (Allocation Failure) [PSYoungGen: 442540K->92512K(465920K)] 759834K->583565K(1864192K), 0.0708215 secs] [Times: user=0.41 sys=0.00, real=0.07 secs] 
5094.461: [GC (Allocation Failure) [PSYoungGen: 321603K->187552K(465920K)] 812657K->765642K(1864192K), 0.0679490 secs] [Times: user=0.41 sys=0.00, real=0.07 secs] 
5096.916: [GC (Allocation Failure) [PSYoungGen: 420512K->93184K(465920K)] 998602K->822114K(1864192K), 0.1052496 secs] [Times: user=0.62 sys=0.00, real=0.11 secs] 
5098.154: [GC (Allocation Failure) [PSYoungGen: 326144K->150464K(465920K)] 1055074K->965953K(1864192K), 0.0603569 secs] [Times: user=0.36 sys=0.00, real=0.06 secs] 
5099.174: [GC (Allocation Failure) [PSYoungGen: 383424K->113472K(465920K)] 1198913K->1079617K(1864192K), 0.0811777 secs] [Times: user=0.48 sys=0.00, real=0.08 secs] 
5102.889: [GC (Allocation Failure) [PSYoungGen: 346432K->134912K(368128K)] 1312577K->1204006K(1766400K), 0.0621486 secs] [Times: user=0.37 sys=0.00, real=0.06 secs] 
5104.581: [GC (Allocation Failure) [PSYoungGen: 367872K->134464K(468992K)] 1436966K->1338494K(1867264K), 0.0703280 secs] [Times: user=0.41 sys=0.00, real=0.07 secs] 
5104.651: [Full GC (Ergonomics) [PSYoungGen: 134464K->0K(468992K)] [ParOldGen: 1204030K->141799K(1398272K)] 1338494K->141799K(1867264K), [Metaspace: 59655K->59655K(1105920K)], 0.3270580 secs] [Times: user=1.49 sys=0.00, real=0.32 secs] 
5106.308: [GC (Allocation Failure) [PSYoungGen: 241664K->123680K(460288K)] 383463K->265479K(1858560K), 0.0427390 secs] [Times: user=0.26 sys=0.00, real=0.05 secs] 
5107.568: [GC (Allocation Failure) [PSYoungGen: 365344K->162944K(460288K)] 507143K->428206K(1858560K), 0.1061142 secs] [Times: user=0.63 sys=0.00, real=0.11 secs] 
5110.432: [GC (Allocation Failure) [PSYoungGen: 411776K->21792K(464384K)] 677038K->287150K(1862656K), 0.0079387 secs] [Times: user=0.05 sys=0.00, real=0.01 secs] 
5112.610: [GC (Allocation Failure) [PSYoungGen: 270624K->176128K(459264K)] 535982K->460779K(1857536K), 0.0415335 secs] [Times: user=0.24 sys=0.00, real=0.04 secs] 
5115.139: [GC (Allocation Failure) [PSYoungGen: 409088K->88032K(465920K)] 693739K->548663K(1864192K), 0.1541821 secs] [Times: user=0.92 sys=0.01, real=0.15 secs] 
5116.322: [GC (Allocation Failure) [PSYoungGen: 320992K->168480K(464896K)] 781623K->713840K(1863168K), 0.1285698 secs] [Times: user=0.76 sys=0.01, real=0.13 secs] 
5119.270: [GC (Allocation Failure) [PSYoungGen: 401440K->86496K(465920K)] 946800K->800312K(1864192K), 0.1556428 secs] [Times: user=0.93 sys=0.01, real=0.15 secs] 
5120.156: [GC (Allocation Failure) [PSYoungGen: 319456K->173248K(465920K)] 1033272K->967933K(1864192K), 0.1168106 secs] [Times: user=0.68 sys=0.01, real=0.12 secs] 
5122.113: [GC (Allocation Failure) [PSYoungGen: 406208K->92480K(465920K)] 1200893K->1060349K(1864192K), 0.1329602 secs] [Times: user=0.75 sys=0.01, real=0.13 secs] 
5124.457: [GC (Allocation Failure) [PSYoungGen: 324601K->199744K(465920K)] 1292470K->1254474K(1864192K), 0.0633302 secs] [Times: user=0.37 sys=0.00, real=0.07 secs] 
5126.786: [GC (Allocation Failure) [PSYoungGen: 432704K->92128K(465920K)] 1487434K->1311610K(1864192K), 0.1150867 secs] [Times: user=0.68 sys=0.00, real=0.12 secs] 
5126.901: [Full GC (Ergonomics) [PSYoungGen: 92128K->0K(465920K)] [ParOldGen: 1219482K->107729K(1398272K)] 1311610K->107729K(1864192K), [Metaspace: 59693K->59693K(1105920K)], 0.2604932 secs] [Times: user=1.19 sys=0.00, real=0.26 secs] 
5128.258: [GC (Allocation Failure) [PSYoungGen: 232960K->151904K(465920K)] 340689K->259633K(1864192K), 0.0434020 secs] [Times: user=0.26 sys=0.00, real=0.05 secs] 
5129.939: [GC (Allocation Failure) [PSYoungGen: 384864K->107424K(465920K)] 492593K->366777K(1864192K), 0.0859697 secs] [Times: user=0.51 sys=0.00, real=0.08 secs] 
5132.867: [GC (Allocation Failure) [PSYoungGen: 340384K->140512K(460800K)] 599737K->496840K(1859072K), 0.0610791 secs] [Times: user=0.36 sys=0.00, real=0.06 secs] 
5136.315: [GC (Allocation Failure) [PSYoungGen: 373472K->120032K(353280K)] 729800K->616904K(1751552K), 0.0848879 secs] [Times: user=0.51 sys=0.00, real=0.09 secs] 
5137.526: [GC (Allocation Failure) [PSYoungGen: 352992K->127552K(472064K)] 849864K->734487K(1870336K), 0.0618357 secs] [Times: user=0.37 sys=0.00, real=0.06 secs] 
5139.470: [GC (Allocation Failure) [PSYoungGen: 377408K->153696K(462848K)] 984343K->888063K(1861120K), 0.0860424 secs] [Times: user=0.50 sys=0.00, real=0.08 secs] 
5141.733: [GC (Allocation Failure) [PSYoungGen: 403552K->16832K(462336K)] 1137919K->751215K(1860608K), 0.0045540 secs] [Times: user=0.02 sys=0.00, real=0.00 secs] 
5142.954: [GC (Allocation Failure) [PSYoungGen: 250252K->167872K(416256K)] 984636K->917164K(1814528K), 0.0623726 secs] [Times: user=0.37 sys=0.00, real=0.06 secs] 
5145.393: [GC (Allocation Failure) [PSYoungGen: 416192K->104832K(473600K)] 1165484K->1013484K(1871872K), 0.1628084 secs] [Times: user=0.96 sys=0.00, real=0.16 secs] 
5146.795: [GC (Allocation Failure) [PSYoungGen: 345984K->175104K(416768K)] 1254636K->1185085K(1815040K), 0.1226937 secs] [Times: user=0.73 sys=0.00, real=0.12 secs] 
5150.377: [GC (Allocation Failure) [PSYoungGen: 416256K->93280K(469504K)] 1426237K->1278157K(1867776K), 0.1399485 secs] [Times: user=0.83 sys=0.00, real=0.14 secs] 
5150.517: [Full GC (Ergonomics) [PSYoungGen: 93280K->0K(469504K)] [ParOldGen: 1184877K->81717K(1398272K)] 1278157K->81717K(1867776K), [Metaspace: 59693K->59693K(1105920K)], 0.2027131 secs] [Times: user=0.91 sys=0.00, real=0.21 secs] 
5151.815: [GC (Allocation Failure) [PSYoungGen: 236544K->174016K(465920K)] 318261K->255733K(1864192K), 0.0958973 secs] [Times: user=0.57 sys=0.00, real=0.10 secs] 
5153.999: [GC (Allocation Failure) [PSYoungGen: 410560K->90720K(465920K)] 492277K->346349K(1864192K), 0.1066455 secs] [Times: user=0.63 sys=0.01, real=0.10 secs] 
5156.319: [GC (Allocation Failure) [PSYoungGen: 323680K->157216K(465920K)] 579309K->496785K(1864192K), 0.0616413 secs] [Times: user=0.36 sys=0.00, real=0.06 secs] 
5158.814: [GC (Allocation Failure) [PSYoungGen: 384646K->93408K(459776K)] 724216K->590034K(1858048K), 0.0931876 secs] [Times: user=0.55 sys=0.00, real=0.09 secs] 
5160.259: [GC (Allocation Failure) [PSYoungGen: 326368K->150944K(462848K)] 822994K->734126K(1861120K), 0.0607319 secs] [Times: user=0.36 sys=0.00, real=0.07 secs] 
5161.207: [GC (Allocation Failure) [PSYoungGen: 383904K->115360K(451584K)] 967086K->849662K(1849856K), 0.0912226 secs] [Times: user=0.54 sys=0.00, real=0.09 secs] 
5164.302: [GC (Allocation Failure) [PSYoungGen: 355488K->132000K(460800K)] 1089790K->971582K(1859072K), 0.0617143 secs] [Times: user=0.37 sys=0.00, real=0.06 secs] 
5165.475: [GC (Allocation Failure) [PSYoungGen: 372128K->153344K(478208K)] 1211710K->1125102K(1876480K), 0.0664835 secs] [Times: user=0.39 sys=0.00, real=0.07 secs] 
5168.348: [GC (Allocation Failure) [PSYoungGen: 418048K->14400K(279552K)] 1389806K->986174K(1677824K), 0.0055858 secs] [Times: user=0.03 sys=0.01, real=0.01 secs] 
5169.608: [GC (Allocation Failure) [PSYoungGen: 279104K->208864K(458752K)] 1250878K->1192890K(1857024K), 0.0607710 secs] [Times: user=0.35 sys=0.00, real=0.07 secs] 
5172.696: [GC (Allocation Failure) [PSYoungGen: 441824K->85088K(465920K)] 1425850K->1261746K(1864192K), 0.1883311 secs] [Times: user=1.12 sys=0.00, real=0.19 secs] 
5172.884: [Full GC (Ergonomics) [PSYoungGen: 85088K->0K(465920K)] [ParOldGen: 1176658K->66617K(1398272K)] 1261746K->66617K(1864192K), [Metaspace: 59695K->59695K(1105920K)], 0.1742411 secs] [Times: user=0.80 sys=0.00, real=0.17 secs] 
5174.004: [GC (Allocation Failure) [PSYoungGen: 232960K->172736K(465920K)] 299577K->239353K(1864192K), 0.0666833 secs] [Times: user=0.39 sys=0.01, real=0.07 secs] 
5177.380: [GC (Allocation Failure) [PSYoungGen: 405696K->81088K(465920K)] 472313K->320745K(1864192K), 0.1398039 secs] [Times: user=0.83 sys=0.00, real=0.14 secs] 
5177.819: [GC (Allocation Failure) [PSYoungGen: 314048K->175904K(465920K)] 553705K->490478K(1864192K), 0.0579390 secs] [Times: user=0.34 sys=0.00, real=0.05 secs] 
5182.031: [GC (Allocation Failure) [PSYoungGen: 408864K->82432K(465920K)] 723438K->572790K(1864192K), 0.1378510 secs] [Times: user=0.83 sys=0.00, real=0.14 secs] 
5183.187: [GC (Allocation Failure) [PSYoungGen: 314724K->205568K(465920K)] 805082K->772205K(1864192K), 0.0674513 secs] [Times: user=0.40 sys=0.00, real=0.07 secs] 
5184.996: [GC (Allocation Failure) [PSYoungGen: 436631K->93024K(465920K)] 1003269K->828365K(1864192K), 0.1109529 secs] [Times: user=0.66 sys=0.00, real=0.11 secs] 
5187.845: [GC (Allocation Failure) [PSYoungGen: 325984K->150592K(465920K)] 1061325K->972466K(1864192K), 0.0603171 secs] [Times: user=0.36 sys=0.00, real=0.06 secs] 
5188.879: [GC (Allocation Failure) [PSYoungGen: 383552K->111520K(465920K)] 1205426K->1084210K(1864192K), 0.0925784 secs] [Times: user=0.55 sys=0.00, real=0.10 secs] 
5190.967: [GC (Allocation Failure) [PSYoungGen: 344480K->136256K(465920K)] 1317170K->1210297K(1864192K), 0.0616586 secs] [Times: user=0.36 sys=0.00, real=0.07 secs] 
5192.538: [GC (Allocation Failure) [PSYoungGen: 369216K->129216K(362496K)] 1443257K->1339449K(1760768K), 0.1067726 secs] [Times: user=0.63 sys=0.00, real=0.11 secs] 
5192.645: [Full GC (Ergonomics) [PSYoungGen: 129216K->0K(362496K)] [ParOldGen: 1210233K->144726K(1398272K)] 1339449K->144726K(1760768K), [Metaspace: 59698K->59698K(1105920K)], 0.3536399 secs] [Times: user=1.63 sys=0.01, real=0.35 secs] 
5194.979: [GC (Allocation Failure) [PSYoungGen: 232960K->118528K(466432K)] 377686K->263254K(1864704K), 0.0416812 secs] [Times: user=0.25 sys=0.00, real=0.04 secs] 
5197.118: [GC (Allocation Failure) [PSYoungGen: 359168K->152704K(458752K)] 503894K->415758K(1857024K), 0.0615273 secs] [Times: user=0.36 sys=0.00, real=0.07 secs] 
5198.637: [GC (Allocation Failure) [PSYoungGen: 393344K->15392K(459264K)] 656398K->278522K(1857536K), 0.0040748 secs] [Times: user=0.02 sys=0.00, real=0.01 secs] 
5200.437: [GC (Allocation Failure) [PSYoungGen: 249913K->170336K(411648K)] 513043K->445462K(1809920K), 0.0364260 secs] [Times: user=0.21 sys=0.00, real=0.04 secs] 
5203.218: [GC (Allocation Failure) [PSYoungGen: 411488K->94336K(467968K)] 686614K->531438K(1866240K), 0.1785818 secs] [Times: user=1.05 sys=0.00, real=0.18 secs] 
5204.893: [GC (Allocation Failure) [PSYoungGen: 329344K->169504K(465920K)] 766446K->697555K(1864192K), 0.0503078 secs] [Times: user=0.30 sys=0.00, real=0.05 secs] 
5207.799: [GC (Allocation Failure) [PSYoungGen: 404512K->89408K(465920K)] 932563K->786719K(1864192K), 0.1726582 secs] [Times: user=1.03 sys=0.00, real=0.17 secs] 
5208.704: [GC (Allocation Failure) [PSYoungGen: 322368K->166336K(465920K)] 1019679K->949897K(1864192K), 0.0696766 secs] [Times: user=0.41 sys=0.00, real=0.07 secs] 
5212.106: [GC (Allocation Failure) [PSYoungGen: 399296K->86880K(465920K)] 1182857K->1036745K(1864192K), 0.1696025 secs] [Times: user=1.01 sys=0.00, real=0.17 secs] 
5212.547: [GC (Allocation Failure) [PSYoungGen: 319840K->176224K(465920K)] 1269705K->1207118K(1864192K), 0.0579514 secs] [Times: user=0.34 sys=0.00, real=0.06 secs] 
5214.886: [GC (Allocation Failure) [PSYoungGen: 409184K->88384K(465920K)] 1440078K->1295294K(1864192K), 0.1124797 secs] [Times: user=0.67 sys=0.00, real=0.11 secs] 
5214.998: [Full GC (Ergonomics) [PSYoungGen: 88384K->0K(465920K)] [ParOldGen: 1206910K->92990K(1398272K)] 1295294K->92990K(1864192K), [Metaspace: 59698K->59698K(1105920K)], 0.2160730 secs] [Times: user=0.96 sys=0.00, real=0.22 secs] 
5217.068: [GC (Allocation Failure) [PSYoungGen: 229974K->202592K(465920K)] 322964K->295582K(1864192K), 0.0492731 secs] [Times: user=0.29 sys=0.00, real=0.05 secs] 
5220.632: [GC (Allocation Failure) [PSYoungGen: 435552K->88544K(465920K)] 528542K->347478K(1864192K), 0.1102904 secs] [Times: user=0.66 sys=0.00, real=0.11 secs] 
5221.867: [GC (Allocation Failure) [PSYoungGen: 321504K->155200K(465920K)] 580438K->496401K(1864192K), 0.0604594 secs] [Times: user=0.36 sys=0.01, real=0.06 secs] 
5223.251: [GC (Allocation Failure) [PSYoungGen: 388160K->105984K(465920K)] 729361K->602137K(1864192K), 0.0893308 secs] [Times: user=0.53 sys=0.00, real=0.09 secs] 
5225.742: [GC (Allocation Failure) [PSYoungGen: 338944K->142144K(465920K)] 835097K->733576K(1864192K), 0.0609392 secs] [Times: user=0.36 sys=0.00, real=0.06 secs] 
5227.259: [GC (Allocation Failure) [PSYoungGen: 375104K->127008K(449536K)] 966536K->860776K(1847808K), 0.0704609 secs] [Times: user=0.42 sys=0.00, real=0.07 secs] 
5229.114: [GC (Allocation Failure) [PSYoungGen: 359968K->120992K(457728K)] 1093736K->971549K(1856000K), 0.0631396 secs] [Times: user=0.38 sys=0.00, real=0.06 secs] 
5231.046: [GC (Allocation Failure) [PSYoungGen: 353952K->144544K(468992K)] 1204509K->1115837K(1867264K), 0.0607934 secs] [Times: user=0.36 sys=0.00, real=0.06 secs] 
5233.587: [GC (Allocation Failure) [PSYoungGen: 402080K->14816K(471552K)] 1373373K->986141K(1869824K), 0.0044986 secs] [Times: user=0.03 sys=0.00, real=0.01 secs] 
5235.290: [GC (Allocation Failure) [PSYoungGen: 272352K->180064K(457728K)] 1243677K->1164094K(1856000K), 0.0942916 secs] [Times: user=0.48 sys=0.01, real=0.09 secs] 
5238.689: [GC (Allocation Failure) [PSYoungGen: 413024K->88256K(465920K)] 1397054K->1252094K(1864192K), 0.1750666 secs] [Times: user=1.03 sys=0.01, real=0.17 secs] 
5238.865: [Full GC (Ergonomics) [PSYoungGen: 88256K->0K(465920K)] [ParOldGen: 1163838K->57417K(1398272K)] 1252094K->57417K(1864192K), [Metaspace: 59698K->59698K(1105920K)], 0.1568439 secs] [Times: user=0.72 sys=0.00, real=0.16 secs] 
5241.642: [GC (Allocation Failure) [PSYoungGen: 232960K->163232K(464896K)] 290377K->220649K(1863168K), 0.1048291 secs] [Times: user=0.62 sys=0.00, real=0.10 secs] 
5245.830: [GC (Allocation Failure) [PSYoungGen: 396192K->82432K(465920K)] 453609K->303225K(1864192K), 0.1620947 secs] [Times: user=0.96 sys=0.00, real=0.16 secs] 
5246.751: [GC (Allocation Failure) [PSYoungGen: 315392K->173472K(465920K)] 536185K->472986K(1864192K), 0.0571970 secs] [Times: user=0.34 sys=0.00, real=0.05 secs] 
5248.987: [GC (Allocation Failure) [PSYoungGen: 406432K->92608K(465920K)] 705946K->565818K(1864192K), 0.1604508 secs] [Times: user=0.95 sys=0.00, real=0.16 secs] 
5249.913: [GC (Allocation Failure) [PSYoungGen: 325568K->173280K(465920K)] 798778K->728782K(1864192K), 0.1484844 secs] [Times: user=0.88 sys=0.01, real=0.15 secs] 
5252.542: [GC (Allocation Failure) [PSYoungGen: 406240K->86912K(465920K)] 961742K->815494K(1864192K), 0.1243007 secs] [Times: user=0.73 sys=0.01, real=0.12 secs] 
5253.815: [GC (Allocation Failure) [PSYoungGen: 319872K->162880K(465920K)] 1048454K->971563K(1864192K), 0.0625549 secs] [Times: user=0.37 sys=0.00, real=0.06 secs] 
5254.852: [GC (Allocation Failure) [PSYoungGen: 395840K->101888K(465920K)] 1204523K->1073499K(1864192K), 0.0972858 secs] [Times: user=0.58 sys=0.00, real=0.10 secs] 
5256.901: [GC (Allocation Failure) [PSYoungGen: 334848K->146336K(462848K)] 1306459K->1209214K(1861120K), 0.0613169 secs] [Times: user=0.36 sys=0.00, real=0.06 secs] 
5259.515: [GC (Allocation Failure) [PSYoungGen: 379296K->115808K(349184K)] 1442174K->1324990K(1747456K), 0.0878456 secs] [Times: user=0.52 sys=0.01, real=0.09 secs] 
5259.602: [Full GC (Ergonomics) [PSYoungGen: 115808K->0K(349184K)] [ParOldGen: 1209182K->129615K(1398272K)] 1324990K->129615K(1747456K), [Metaspace: 59698K->59698K(1105920K)], 0.3300994 secs] [Times: user=1.50 sys=0.00, real=0.33 secs] 
5261.649: [GC (Allocation Failure) [PSYoungGen: 232960K->131744K(467456K)] 362575K->261359K(1865728K), 0.0445469 secs] [Times: user=0.26 sys=0.00, real=0.04 secs] 
5263.880: [GC (Allocation Failure) [PSYoungGen: 376480K->143424K(460288K)] 506095K->405015K(1858560K), 0.0707658 secs] [Times: user=0.42 sys=0.00, real=0.07 secs] 
5266.064: [GC (Allocation Failure) [PSYoungGen: 388160K->7648K(460800K)] 649751K->269287K(1859072K), 0.0025600 secs] [Times: user=0.02 sys=0.00, real=0.00 secs] 
5268.189: [GC (Allocation Failure) [PSYoungGen: 255968K->173088K(421888K)] 517607K->440620K(1820160K), 0.0353261 secs] [Times: user=0.20 sys=0.00, real=0.04 secs] 
5269.919: [GC (Allocation Failure) [PSYoungGen: 421408K->110304K(473088K)] 688940K->542096K(1871360K), 0.1669029 secs] [Times: user=0.99 sys=0.01, real=0.16 secs] 
5271.159: [GC (Allocation Failure) [PSYoungGen: 350432K->177952K(465920K)] 782224K->715868K(1864192K), 0.0558332 secs] [Times: user=0.34 sys=0.00, real=0.06 secs] 
5274.084: [GC (Allocation Failure) [PSYoungGen: 418080K->89344K(466944K)] 955996K->805217K(1865216K), 0.1765022 secs] [Times: user=1.04 sys=0.01, real=0.18 secs] 
5274.940: [GC (Allocation Failure) [PSYoungGen: 323328K->175296K(465920K)] 1039201K->974589K(1864192K), 0.1197310 secs] [Times: user=0.71 sys=0.00, real=0.12 secs] 
5276.870: [GC (Allocation Failure) [PSYoungGen: 409280K->93408K(465920K)] 1208573K->1068037K(1864192K), 0.1110047 secs] [Times: user=0.65 sys=0.00, real=0.11 secs] 
5279.115: [GC (Allocation Failure) [PSYoungGen: 326368K->151904K(465920K)] 1300997K->1213685K(1864192K), 0.0618649 secs] [Times: user=0.37 sys=0.00, real=0.06 secs] 
5280.324: [GC (Allocation Failure) [PSYoungGen: 384864K->102016K(455680K)] 1446645K->1315605K(1853952K), 0.0964354 secs] [Times: user=0.57 sys=0.01, real=0.10 secs] 
5280.420: [Full GC (Ergonomics) [PSYoungGen: 102016K->0K(455680K)] [ParOldGen: 1213589K->116042K(1398272K)] 1315605K->116042K(1853952K), [Metaspace: 59699K->59699K(1105920K)], 0.2696987 secs] [Times: user=1.22 sys=0.00, real=0.27 secs] 
5283.104: [GC (Allocation Failure) [PSYoungGen: 232960K->146080K(460800K)] 349002K->262122K(1859072K), 0.0538483 secs] [Times: user=0.32 sys=0.00, real=0.05 secs] 
5285.753: [GC (Allocation Failure) [PSYoungGen: 379040K->116224K(452096K)] 495082K->378234K(1850368K), 0.0923944 secs] [Times: user=0.55 sys=0.01, real=0.09 secs] 
5287.733: [GC (Allocation Failure) [PSYoungGen: 361984K->132736K(462848K)] 623994K->499945K(1861120K), 0.0619465 secs] [Times: user=0.37 sys=0.00, real=0.06 secs] 
5289.323: [GC (Allocation Failure) [PSYoungGen: 378496K->150336K(477184K)] 745705K->650145K(1875456K), 0.0599162 secs] [Times: user=0.35 sys=0.00, real=0.06 secs] 
5292.041: [GC (Allocation Failure) [PSYoungGen: 421184K->27200K(298496K)] 920993K->527025K(1696768K), 0.0067277 secs] [Times: user=0.04 sys=0.00, real=0.00 secs] 
5292.925: [GC (Allocation Failure) [PSYoungGen: 298048K->214240K(453120K)] 797873K->737746K(1851392K), 0.0502524 secs] [Times: user=0.29 sys=0.00, real=0.05 secs] 
5295.645: [GC (Allocation Failure) [PSYoungGen: 447200K->88000K(465920K)] 970706K->809298K(1864192K), 0.1196566 secs] [Times: user=0.71 sys=0.00, real=0.12 secs] 
5297.843: [GC (Allocation Failure) [PSYoungGen: 320960K->171328K(465920K)] 1042258K->974904K(1864192K), 0.1561209 secs] [Times: user=0.93 sys=0.00, real=0.16 secs] 
5300.811: [GC (Allocation Failure) [PSYoungGen: 404288K->87648K(465920K)] 1207864K->1062656K(1864192K), 0.1196971 secs] [Times: user=0.71 sys=0.00, real=0.12 secs] 
5303.244: [GC (Allocation Failure) [PSYoungGen: 317027K->194656K(465920K)] 1292035K->1251341K(1864192K), 0.0685979 secs] [Times: user=0.41 sys=0.00, real=0.07 secs] 
5304.158: [GC (Allocation Failure) [PSYoungGen: 427616K->98432K(465920K)] 1484301K->1313021K(1864192K), 0.0969905 secs] [Times: user=0.57 sys=0.00, real=0.10 secs] 
5304.255: [Full GC (Ergonomics) [PSYoungGen: 98432K->0K(465920K)] [ParOldGen: 1214589K->112448K(1398272K)] 1313021K->112448K(1864192K), [Metaspace: 59700K->59700K(1105920K)], 0.2579878 secs] [Times: user=1.16 sys=0.01, real=0.26 secs] 
5307.179: [GC (Allocation Failure) [PSYoungGen: 232960K->148800K(465920K)] 345408K->261248K(1864192K), 0.0506086 secs] [Times: user=0.25 sys=0.00, real=0.05 secs] 
5308.053: [GC (Allocation Failure) [PSYoungGen: 381760K->125696K(465920K)] 494208K->387256K(1864192K), 0.0925433 secs] [Times: user=0.54 sys=0.00, real=0.09 secs] 
5310.451: [GC (Allocation Failure) [PSYoungGen: 358656K->130080K(447488K)] 620216K->499232K(1845760K), 0.0619715 secs] [Times: user=0.37 sys=0.00, real=0.06 secs] 
5311.994: [GC (Allocation Failure) [PSYoungGen: 363040K->139040K(456704K)] 732192K->638272K(1854976K), 0.0697773 secs] [Times: user=0.41 sys=0.00, real=0.07 secs] 
5313.640: [GC (Allocation Failure) [PSYoungGen: 372000K->2176K(454656K)] 871232K->501440K(1852928K), 0.0021221 secs] [Times: user=0.01 sys=0.00, real=0.00 secs] 
5316.285: [GC (Allocation Failure) [PSYoungGen: 239232K->148576K(467968K)] 738496K->648728K(1866240K), 0.0339253 secs] [Times: user=0.19 sys=0.01, real=0.03 secs] 
5317.657: [GC (Allocation Failure) [PSYoungGen: 385632K->11520K(463872K)] 885784K->511752K(1862144K), 0.0042907 secs] [Times: user=0.03 sys=0.01, real=0.01 secs] 
5318.929: [GC (Allocation Failure) [PSYoungGen: 244480K->171584K(465920K)] 744712K->681758K(1864192K), 0.0364360 secs] [Times: user=0.21 sys=0.00, real=0.03 secs] 
5320.693: [GC (Allocation Failure) [PSYoungGen: 404544K->92672K(465920K)] 914718K->766014K(1864192K), 0.0698440 secs] [Times: user=0.42 sys=0.00, real=0.07 secs] 
5322.801: [GC (Allocation Failure) [PSYoungGen: 325632K->169952K(465920K)] 998974K->932391K(1864192K), 0.0507784 secs] [Times: user=0.30 sys=0.00, real=0.05 secs] 
5324.395: [GC (Allocation Failure) [PSYoungGen: 402912K->92000K(465920K)] 1165351K->1024327K(1864192K), 0.1188102 secs] [Times: user=0.71 sys=0.01, real=0.12 secs] 
5326.605: [GC (Allocation Failure) [PSYoungGen: 324960K->164288K(465920K)] 1257287K->1184816K(1864192K), 0.1322517 secs] [Times: user=0.79 sys=0.00, real=0.13 secs] 
5329.830: [GC (Allocation Failure) [PSYoungGen: 397248K->85600K(465920K)] 1417776K->1270368K(1864192K), 0.1766336 secs] [Times: user=1.05 sys=0.01, real=0.17 secs] 
5330.007: [Full GC (Ergonomics) [PSYoungGen: 85600K->0K(465920K)] [ParOldGen: 1184768K->68117K(1398272K)] 1270368K->68117K(1864192K), [Metaspace: 59701K->59701K(1105920K)], 0.1871638 secs] [Times: user=0.87 sys=0.00, real=0.19 secs] 
5331.402: [GC (Allocation Failure) [PSYoungGen: 232960K->171584K(465920K)] 301077K->239701K(1864192K), 0.0991999 secs] [Times: user=0.59 sys=0.01, real=0.10 secs] 
5334.330: [GC (Allocation Failure) [PSYoungGen: 404544K->91616K(465920K)] 472661K->331597K(1864192K), 0.1588666 secs] [Times: user=0.94 sys=0.00, real=0.16 secs] 
5335.041: [GC (Allocation Failure) [PSYoungGen: 324576K->172672K(465920K)] 564557K->494022K(1864192K), 0.0923845 secs] [Times: user=0.55 sys=0.00, real=0.09 secs] 
5337.267: [GC (Allocation Failure) [PSYoungGen: 405632K->88608K(465920K)] 726982K->582574K(1864192K), 0.1166391 secs] [Times: user=0.69 sys=0.00, real=0.12 secs] 
5339.659: [GC (Allocation Failure) [PSYoungGen: 321568K->158592K(465920K)] 815534K->734209K(1864192K), 0.0616010 secs] [Times: user=0.37 sys=0.00, real=0.06 secs] 
5340.627: [GC (Allocation Failure) [PSYoungGen: 391552K->105824K(465920K)] 967169K->840281K(1864192K), 0.0922753 secs] [Times: user=0.55 sys=0.00, real=0.10 secs] 
5342.053: [GC (Allocation Failure) [PSYoungGen: 338784K->142144K(375296K)] 1073241K->972074K(1773568K), 0.0616444 secs] [Times: user=0.36 sys=0.00, real=0.06 secs] 
5344.156: [GC (Allocation Failure) [PSYoungGen: 375104K->121088K(473088K)] 1205034K->1093166K(1871360K), 0.0865450 secs] [Times: user=0.52 sys=0.00, real=0.09 secs] 
5346.750: [GC (Allocation Failure) [PSYoungGen: 363776K->126528K(369664K)] 1335854K->1209641K(1767936K), 0.0627164 secs] [Times: user=0.37 sys=0.00, real=0.06 secs] 
5347.937: [GC (Allocation Failure) [PSYoungGen: 369216K->155744K(456192K)] 1452329K->1365589K(1854464K), 0.0653885 secs] [Times: user=0.39 sys=0.00, real=0.07 secs] 
5348.003: [Full GC (Ergonomics) [PSYoungGen: 155744K->0K(456192K)] [ParOldGen: 1209845K->169705K(1398272K)] 1365589K->169705K(1854464K), [Metaspace: 59701K->59701K(1105920K)], 0.4078622 secs] [Times: user=1.80 sys=0.01, real=0.41 secs] 
5350.368: [GC (Allocation Failure) [PSYoungGen: 244736K->104800K(459264K)] 414441K->274505K(1857536K), 0.0350682 secs] [Times: user=0.20 sys=0.00, real=0.04 secs] 
5351.864: [GC (Allocation Failure) [PSYoungGen: 338226K->170880K(472576K)] 507931K->443734K(1870848K), 0.0563059 secs] [Times: user=0.33 sys=0.00, real=0.06 secs] 
5354.977: [GC (Allocation Failure) [PSYoungGen: 432703K->112160K(480768K)] 705557K->547522K(1879040K), 0.1471654 secs] [Times: user=0.88 sys=0.00, real=0.15 secs] 
5356.302: [GC (Allocation Failure) [PSYoungGen: 374816K->190560K(457728K)] 810178K->734658K(1856000K), 0.1175062 secs] [Times: user=0.71 sys=0.00, real=0.12 secs] 
5359.610: [GC (Allocation Failure) [PSYoungGen: 435808K->97344K(472064K)] 979906K->832067K(1870336K), 0.1226676 secs] [Times: user=0.72 sys=0.00, real=0.12 secs] 
5361.721: [GC (Allocation Failure) [PSYoungGen: 342592K->154528K(468480K)] 1077315K->976159K(1866752K), 0.0622677 secs] [Times: user=0.37 sys=0.00, real=0.06 secs] 
5363.088: [GC (Allocation Failure) [PSYoungGen: 402336K->125728K(373760K)] 1223967K->1101871K(1772032K), 0.0711236 secs] [Times: user=0.42 sys=0.00, real=0.08 secs] 
5365.197: [GC (Allocation Failure) [PSYoungGen: 373536K->2272K(455168K)] 1349679K->978479K(1853440K), 0.0025775 secs] [Times: user=0.02 sys=0.00, real=0.01 secs] 
5367.800: [GC (Allocation Failure) [PSYoungGen: 241376K->154048K(393216K)] 1217583K->1131156K(1791488K), 0.0316413 secs] [Times: user=0.18 sys=0.00, real=0.03 secs] 
5369.002: [GC (Allocation Failure) [PSYoungGen: 393152K->15424K(464384K)] 1370260K->992620K(1862656K), 0.0048656 secs] [Times: user=0.02 sys=0.01, real=0.00 secs] 
5371.716: [GC (Allocation Failure) [PSYoungGen: 248384K->165632K(465920K)] 1225580K->1155801K(1864192K), 0.0365363 secs] [Times: user=0.21 sys=0.00, real=0.04 secs] 
5373.141: [GC (Allocation Failure) [PSYoungGen: 398592K->98592K(465920K)] 1388761K->1245753K(1864192K), 0.0990453 secs] [Times: user=0.59 sys=0.00, real=0.10 secs] 
5374.664: [GC (Allocation Failure) [PSYoungGen: 315980K->156384K(465920K)] 1463141K->1398570K(1864192K), 0.0506480 secs] [Times: user=0.30 sys=0.00, real=0.05 secs] 
5374.715: [Full GC (Ergonomics) [PSYoungGen: 156384K->0K(465920K)] [ParOldGen: 1242186K->196406K(1398272K)] 1398570K->196406K(1864192K), [Metaspace: 59701K->59701K(1105920K)], 0.4664827 secs] [Times: user=2.15 sys=0.00, real=0.47 secs] 
5376.463: [GC (Allocation Failure) [PSYoungGen: 232960K->100480K(461824K)] 429366K->296886K(1860096K), 0.0440310 secs] [Times: user=0.26 sys=0.00, real=0.04 secs] 
5378.184: [GC (Allocation Failure) [PSYoungGen: 333440K->163808K(463872K)] 529846K->455323K(1862144K), 0.0505981 secs] [Times: user=0.30 sys=0.00, real=0.05 secs] 
5380.366: [GC (Allocation Failure) [PSYoungGen: 394021K->92416K(464896K)] 685537K->547275K(1863168K), 0.1293791 secs] [Times: user=0.77 sys=0.00, real=0.13 secs] 
5381.243: [GC (Allocation Failure) [PSYoungGen: 327424K->172096K(465408K)] 782283K->716225K(1863680K), 0.0931213 secs] [Times: user=0.56 sys=0.00, real=0.09 secs] 
5384.246: [GC (Allocation Failure) [PSYoungGen: 407104K->86016K(465920K)] 951233K->802233K(1864192K), 0.1489803 secs] [Times: user=0.88 sys=0.00, real=0.15 secs] 
5385.373: [GC (Allocation Failure) [PSYoungGen: 318976K->173792K(465920K)] 1035193K->970338K(1864192K), 0.1490799 secs] [Times: user=0.89 sys=0.00, real=0.15 secs] 
5387.542: [GC (Allocation Failure) [PSYoungGen: 406752K->88608K(465920K)] 1203298K->1059026K(1864192K), 0.1251310 secs] [Times: user=0.74 sys=0.01, real=0.12 secs] 
5389.791: [GC (Allocation Failure) [PSYoungGen: 319515K->198336K(465920K)] 1289933K->1251127K(1864192K), 0.0718584 secs] [Times: user=0.40 sys=0.00, real=0.07 secs] 
5390.782: [GC (Allocation Failure) [PSYoungGen: 427192K->93472K(465920K)] 1479984K->1307847K(1864192K), 0.0804502 secs] [Times: user=0.47 sys=0.01, real=0.08 secs] 
5390.863: [Full GC (Ergonomics) [PSYoungGen: 93472K->0K(465920K)] [ParOldGen: 1214375K->108033K(1398272K)] 1307847K->108033K(1864192K), [Metaspace: 59701K->59701K(1105920K)], 0.2547824 secs] [Times: user=1.14 sys=0.00, real=0.25 secs] 
5394.146: [GC (Allocation Failure) [PSYoungGen: 232960K->150976K(465920K)] 340993K->259009K(1864192K), 0.0431226 secs] [Times: user=0.25 sys=0.01, real=0.05 secs] 
5395.140: [GC (Allocation Failure) [PSYoungGen: 383936K->114976K(465920K)] 491969K->374073K(1864192K), 0.0913490 secs] [Times: user=0.54 sys=0.01, real=0.09 secs] 
5397.627: [GC (Allocation Failure) [PSYoungGen: 347936K->140800K(374272K)] 607033K->496464K(1772544K), 0.0606993 secs] [Times: user=0.36 sys=0.00, real=0.06 secs] 
5398.762: [GC (Allocation Failure) [PSYoungGen: 373760K->124640K(471552K)] 729424K->621328K(1869824K), 0.0689682 secs] [Times: user=0.41 sys=0.00, real=0.07 secs] 
5400.404: [GC (Allocation Failure) [PSYoungGen: 366816K->2112K(462336K)] 863504K->498832K(1860608K), 0.0018479 secs] [Times: user=0.01 sys=0.00, real=0.00 secs] 
5401.485: [GC (Allocation Failure) [PSYoungGen: 244288K->160832K(465408K)] 741008K->658714K(1863680K), 0.0318480 secs] [Times: user=0.19 sys=0.00, real=0.03 secs] 
5402.886: [GC (Allocation Failure) [PSYoungGen: 393792K->16224K(465920K)] 891674K->514186K(1864192K), 0.0056564 secs] [Times: user=0.03 sys=0.00, real=0.01 secs] 
5404.316: [GC (Allocation Failure) [PSYoungGen: 248349K->168064K(465920K)] 746311K->680427K(1864192K), 0.0501797 secs] [Times: user=0.29 sys=0.00, real=0.05 secs] 
5406.323: [GC (Allocation Failure) [PSYoungGen: 401024K->93984K(465920K)] 913387K->766243K(1864192K), 0.1105141 secs] [Times: user=0.66 sys=0.00, real=0.11 secs] 
5407.938: [GC (Allocation Failure) [PSYoungGen: 326944K->184416K(465920K)] 999203K->947500K(1864192K), 0.0863247 secs] [Times: user=0.52 sys=0.00, real=0.09 secs] 
5412.081: [GC (Allocation Failure) [PSYoungGen: 417376K->87168K(465920K)] 1180460K->1018372K(1864192K), 0.1880998 secs] [Times: user=1.12 sys=0.00, real=0.19 secs] 
5413.545: [GC (Allocation Failure) [PSYoungGen: 320128K->167264K(465920K)] 1251332K->1182025K(1864192K), 0.1177753 secs] [Times: user=0.70 sys=0.00, real=0.12 secs] 
5415.932: [GC (Allocation Failure) [PSYoungGen: 400224K->85312K(465920K)] 1414985K->1267329K(1864192K), 0.1540595 secs] [Times: user=0.92 sys=0.00, real=0.15 secs] 
5416.086: [Full GC (Ergonomics) [PSYoungGen: 85312K->0K(465920K)] [ParOldGen: 1182017K->67057K(1398272K)] 1267329K->67057K(1864192K), [Metaspace: 59701K->59701K(1105920K)], 0.1780213 secs] [Times: user=0.81 sys=0.00, real=0.18 secs] 
5416.990: [GC (Allocation Failure) [PSYoungGen: 232960K->172480K(465920K)] 300017K->239537K(1864192K), 0.0698051 secs] [Times: user=0.41 sys=0.00, real=0.07 secs] 
5419.029: [GC (Allocation Failure) [PSYoungGen: 405440K->92096K(465920K)] 472497K->331757K(1864192K), 0.1408919 secs] [Times: user=0.84 sys=0.00, real=0.14 secs] 
5420.296: [GC (Allocation Failure) [PSYoungGen: 325056K->168032K(465920K)] 564717K->494202K(1864192K), 0.0997040 secs] [Times: user=0.60 sys=0.00, real=0.10 secs] 
5423.369: [GC (Allocation Failure) [PSYoungGen: 400992K->90336K(465920K)] 727162K->583450K(1864192K), 0.1199601 secs] [Times: user=0.70 sys=0.01, real=0.12 secs] 
5425.035: [GC (Allocation Failure) [PSYoungGen: 323296K->157120K(465920K)] 816410K->734089K(1864192K), 0.0615895 secs] [Times: user=0.36 sys=0.00, real=0.06 secs] 
5426.944: [GC (Allocation Failure) [PSYoungGen: 390080K->106976K(465920K)] 967049K->841249K(1864192K), 0.1021164 secs] [Times: user=0.60 sys=0.00, real=0.10 secs] 
5428.660: [GC (Allocation Failure) [PSYoungGen: 339936K->149312K(465920K)] 1074209K->971692K(1864192K), 0.0606851 secs] [Times: user=0.37 sys=0.00, real=0.06 secs] 
5430.748: [GC (Allocation Failure) [PSYoungGen: 382272K->116224K(349696K)] 1204652K->1088164K(1747968K), 0.0914500 secs] [Times: user=0.54 sys=0.01, real=0.10 secs] 
5432.503: [GC (Allocation Failure) [PSYoungGen: 349184K->131616K(465408K)] 1321124K->1209405K(1863680K), 0.0622326 secs] [Times: user=0.37 sys=0.00, real=0.06 secs] 
5434.587: [GC (Allocation Failure) [PSYoungGen: 371744K->139712K(458240K)] 1449533K->1349309K(1856512K), 0.0681843 secs] [Times: user=0.40 sys=0.00, real=0.07 secs] 
5434.655: [Full GC (Ergonomics) [PSYoungGen: 139712K->0K(458240K)] [ParOldGen: 1209597K->154239K(1398272K)] 1349309K->154239K(1856512K), [Metaspace: 59703K->59703K(1105920K)], 0.3622241 secs] [Times: user=1.66 sys=0.01, real=0.36 secs] 
5436.108: [GC (Allocation Failure) [PSYoungGen: 240128K->113216K(474112K)] 394367K->267455K(1872384K), 0.0398434 secs] [Times: user=0.24 sys=0.00, real=0.04 secs] 
5438.604: [GC (Allocation Failure) [PSYoungGen: 372012K->178112K(469504K)] 526252K->444937K(1867776K), 0.1443484 secs] [Times: user=0.86 sys=0.00, real=0.14 secs] 
5441.745: [GC (Allocation Failure) [PSYoungGen: 440256K->112256K(485888K)] 707081K->549153K(1884160K), 0.1787607 secs] [Times: user=1.06 sys=0.01, real=0.18 secs] 
5443.134: [GC (Allocation Failure) [PSYoungGen: 379342K->212960K(480256K)] 816239K->773102K(1878528K), 0.0615699 secs] [Times: user=0.37 sys=0.00, real=0.06 secs] 
5445.954: [GC (Allocation Failure) [PSYoungGen: 480224K->111104K(451584K)] 1040366K->850966K(1849856K), 0.1073602 secs] [Times: user=0.64 sys=0.00, real=0.11 secs] 
5447.929: [GC (Allocation Failure) [PSYoungGen: 344064K->137024K(465920K)] 1083926K->977383K(1864192K), 0.0613982 secs] [Times: user=0.36 sys=0.00, real=0.06 secs] 
5449.070: [GC (Allocation Failure) [PSYoungGen: 369984K->130208K(465920K)] 1210343K->1107615K(1864192K), 0.0864792 secs] [Times: user=0.51 sys=0.01, real=0.08 secs] 
5451.601: [GC (Allocation Failure) [PSYoungGen: 363168K->1664K(465920K)] 1340575K->979095K(1864192K), 0.0023940 secs] [Times: user=0.01 sys=0.00, real=0.00 secs] 
5454.415: [GC (Allocation Failure) [PSYoungGen: 234624K->142624K(465920K)] 1212055K->1120984K(1864192K), 0.0352399 secs] [Times: user=0.21 sys=0.00, real=0.04 secs] 
5455.776: [GC (Allocation Failure) [PSYoungGen: 375584K->4512K(465920K)] 1353944K->983052K(1864192K), 0.0033322 secs] [Times: user=0.02 sys=0.01, real=0.01 secs] 
5457.403: [GC (Allocation Failure) [PSYoungGen: 237472K->159744K(465920K)] 1216012K->1141285K(1864192K), 0.0322160 secs] [Times: user=0.19 sys=0.00, real=0.03 secs] 
5458.706: [GC (Allocation Failure) [PSYoungGen: 392704K->103936K(465920K)] 1374245K->1236129K(1864192K), 0.0761731 secs] [Times: user=0.45 sys=0.01, real=0.08 secs] 
5460.459: [GC (Allocation Failure) [PSYoungGen: 336896K->165856K(465920K)] 1469089K->1399701K(1864192K), 0.0546535 secs] [Times: user=0.32 sys=0.00, real=0.05 secs] 
5460.514: [Full GC (Ergonomics) [PSYoungGen: 165856K->0K(465920K)] [ParOldGen: 1233845K->196628K(1398272K)] 1399701K->196628K(1864192K), [Metaspace: 59703K->59703K(1105920K)], 0.4802524 secs] [Times: user=2.22 sys=0.00, real=0.48 secs] 
5462.554: [GC (Allocation Failure) [PSYoungGen: 232960K->96800K(465920K)] 429588K->293428K(1864192K), 0.0646137 secs] [Times: user=0.38 sys=0.01, real=0.07 secs] 
5464.013: [GC (Allocation Failure) [PSYoungGen: 329760K->165760K(465920K)] 526388K->455221K(1864192K), 0.0505072 secs] [Times: user=0.30 sys=0.01, real=0.05 secs] 
5465.839: [GC (Allocation Failure) [PSYoungGen: 398147K->92832K(465920K)] 687608K->547297K(1864192K), 0.1610328 secs] [Times: user=0.95 sys=0.01, real=0.16 secs] 
5466.760: [GC (Allocation Failure) [PSYoungGen: 325792K->168384K(465920K)] 780257K->712402K(1864192K), 0.0993128 secs] [Times: user=0.58 sys=0.00, real=0.10 secs] 
5470.010: [GC (Allocation Failure) [PSYoungGen: 401344K->87200K(465920K)] 945362K->799626K(1864192K), 0.1784572 secs] [Times: user=1.07 sys=0.00, real=0.18 secs] 
5471.024: [GC (Allocation Failure) [PSYoungGen: 320160K->173632K(465920K)] 1032586K->967410K(1864192K), 0.1140975 secs] [Times: user=0.68 sys=0.00, real=0.11 secs] 
5474.205: [GC (Allocation Failure) [PSYoungGen: 406592K->82176K(465920K)] 1200370K->1049494K(1864192K), 0.1501363 secs] [Times: user=0.89 sys=0.00, real=0.15 secs] 
5475.465: [GC (Allocation Failure) [PSYoungGen: 314356K->205728K(465920K)] 1281675K->1248650K(1864192K), 0.0578802 secs] [Times: user=0.35 sys=0.00, real=0.06 secs] 
5477.437: [GC (Allocation Failure) [PSYoungGen: 438688K->92672K(465920K)] 1481610K->1307694K(1864192K), 0.1136384 secs] [Times: user=0.68 sys=0.00, real=0.12 secs] 
5477.551: [Full GC (Ergonomics) [PSYoungGen: 92672K->0K(465920K)] [ParOldGen: 1215022K->107282K(1398272K)] 1307694K->107282K(1864192K), [Metaspace: 59703K->59683K(1105920K)], 0.2671390 secs] [Times: user=1.20 sys=0.00, real=0.26 secs] 
5480.863: [GC (Allocation Failure) [PSYoungGen: 232960K->150944K(465920K)] 340242K->258226K(1864192K), 0.0426199 secs] [Times: user=0.25 sys=0.00, real=0.04 secs] 
5481.921: [GC (Allocation Failure) [PSYoungGen: 383904K->99296K(465920K)] 491186K->357570K(1864192K), 0.0955093 secs] [Times: user=0.56 sys=0.01, real=0.09 secs] 
5483.826: [GC (Allocation Failure) [PSYoungGen: 332256K->149568K(465920K)] 590530K->495745K(1864192K), 0.0602358 secs] [Times: user=0.36 sys=0.00, real=0.06 secs] 
5485.058: [GC (Allocation Failure) [PSYoungGen: 382528K->132800K(465920K)] 728705K->628578K(1864192K), 0.0801504 secs] [Times: user=0.48 sys=0.00, real=0.08 secs] 
5487.157: [GC (Allocation Failure) [PSYoungGen: 365760K->123328K(448512K)] 861538K->733521K(1846784K), 0.0622079 secs] [Times: user=0.37 sys=0.00, real=0.07 secs] 
5488.615: [GC (Allocation Failure) [PSYoungGen: 356288K->142368K(457216K)] 966481K->875609K(1855488K), 0.0585949 secs] [Times: user=0.35 sys=0.00, real=0.06 secs] 
5490.149: [GC (Allocation Failure) [PSYoungGen: 375328K->2976K(453632K)] 1108569K->736321K(1851904K), 0.0027719 secs] [Times: user=0.01 sys=0.00, real=0.00 secs] 
5492.373: [GC (Allocation Failure) [PSYoungGen: 236960K->159200K(393216K)] 970305K->894230K(1791488K), 0.0317533 secs] [Times: user=0.18 sys=0.00, real=0.03 secs] 
5493.806: [GC (Allocation Failure) [PSYoungGen: 393109K->99872K(470016K)] 1128139K->985678K(1868288K), 0.0687665 secs] [Times: user=0.40 sys=0.00, real=0.07 secs] 
5495.891: [GC (Allocation Failure) [PSYoungGen: 336928K->167168K(465920K)] 1222734K->1151299K(1864192K), 0.0533326 secs] [Times: user=0.31 sys=0.00, real=0.05 secs] 
5498.184: [GC (Allocation Failure) [PSYoungGen: 404224K->100512K(464896K)] 1388355K->1243155K(1863168K), 0.1623022 secs] [Times: user=0.96 sys=0.00, real=0.16 secs] 
5500.792: [GC (Allocation Failure) [PSYoungGen: 337568K->180864K(465408K)] 1480211K->1420387K(1863680K), 0.0533788 secs] [Times: user=0.31 sys=0.00, real=0.05 secs] 
5500.845: [Full GC (Ergonomics) [PSYoungGen: 180864K->0K(465408K)] [ParOldGen: 1239523K->206904K(1398272K)] 1420387K->206904K(1863680K), [Metaspace: 59683K->59683K(1105920K)], 0.4853020 secs] [Times: user=2.27 sys=0.00, real=0.49 secs] 
5504.038: [GC (Allocation Failure) [PSYoungGen: 237056K->93536K(465920K)] 443960K->300440K(1864192K), 0.1669242 secs] [Times: user=0.98 sys=0.01, real=0.17 secs] 
5505.376: [GC (Allocation Failure) [PSYoungGen: 326496K->169920K(465920K)] 533400K->466193K(1864192K), 0.0556801 secs] [Times: user=0.33 sys=0.00, real=0.06 secs] 
5509.414: [GC (Allocation Failure) [PSYoungGen: 402880K->83008K(465920K)] 699153K->549289K(1864192K), 0.1637795 secs] [Times: user=0.97 sys=0.00, real=0.16 secs] 
5510.140: [GC (Allocation Failure) [PSYoungGen: 315968K->179424K(465920K)] 782249K->723010K(1864192K), 0.0675000 secs] [Times: user=0.41 sys=0.01, real=0.06 secs] 
5513.326: [GC (Allocation Failure) [PSYoungGen: 412384K->82976K(465920K)] 955970K->806222K(1864192K), 0.1350062 secs] [Times: user=0.80 sys=0.00, real=0.14 secs] 
5514.578: [GC (Allocation Failure) [PSYoungGen: 315936K->167680K(465920K)] 1039182K->967053K(1864192K), 0.0622395 secs] [Times: user=0.37 sys=0.00, real=0.07 secs] 
5515.802: [GC (Allocation Failure) [PSYoungGen: 393107K->93248K(465920K)] 1192480K->1060573K(1864192K), 0.1068767 secs] [Times: user=0.63 sys=0.01, real=0.10 secs] 
5517.048: [GC (Allocation Failure) [PSYoungGen: 326208K->151008K(465920K)] 1293533K->1204912K(1864192K), 0.0605658 secs] [Times: user=0.37 sys=0.00, real=0.06 secs] 
5519.011: [GC (Allocation Failure) [PSYoungGen: 383968K->112544K(460800K)] 1437872K->1317264K(1859072K), 0.1116636 secs] [Times: user=0.67 sys=0.00, real=0.11 secs] 
5519.123: [Full GC (Ergonomics) [PSYoungGen: 112544K->0K(460800K)] [ParOldGen: 1204720K->127196K(1398272K)] 1317264K->127196K(1859072K), [Metaspace: 59683K->59683K(1105920K)], 0.3062267 secs] [Times: user=1.40 sys=0.01, real=0.31 secs] 
5521.084: [GC (Allocation Failure) [PSYoungGen: 232960K->135392K(463360K)] 360156K->262588K(1861632K), 0.0470347 secs] [Times: user=0.28 sys=0.00, real=0.05 secs] 
5522.718: [GC (Allocation Failure) [PSYoungGen: 368352K->130272K(455680K)] 495548K->392628K(1853952K), 0.0794593 secs] [Times: user=0.47 sys=0.00, real=0.08 secs] 
5524.331: [GC (Allocation Failure) [PSYoungGen: 375520K->2528K(459776K)] 637876K->264908K(1858048K), 0.0017841 secs] [Times: user=0.01 sys=0.00, real=0.00 secs] 
5526.304: [GC (Allocation Failure) [PSYoungGen: 247776K->163200K(460288K)] 510156K->427132K(1858560K), 0.0318830 secs] [Times: user=0.19 sys=0.00, real=0.03 secs] 
5528.333: [GC (Allocation Failure) [PSYoungGen: 396160K->99712K(332800K)] 660092K->518076K(1731072K), 0.0744520 secs] [Times: user=0.44 sys=0.00, real=0.07 secs] 
5529.639: [GC (Allocation Failure) [PSYoungGen: 332672K->168544K(457216K)] 751036K->684442K(1855488K), 0.0533137 secs] [Times: user=0.32 sys=0.00, real=0.05 secs] 
5533.044: [GC (Allocation Failure) [PSYoungGen: 399968K->95392K(464384K)] 915866K->770818K(1862656K), 0.0874164 secs] [Times: user=0.50 sys=0.00, real=0.09 secs] 
5535.379: [GC (Allocation Failure) [PSYoungGen: 312498K->155552K(464896K)] 987924K->923115K(1863168K), 0.0503782 secs] [Times: user=0.29 sys=0.01, real=0.05 secs] 
5537.363: [GC (Allocation Failure) [PSYoungGen: 393120K->97312K(335360K)] 1160683K->1011839K(1733632K), 0.1188793 secs] [Times: user=0.70 sys=0.00, real=0.12 secs] 
5538.410: [GC (Allocation Failure) [PSYoungGen: 334880K->170176K(457216K)] 1249407K->1179044K(1855488K), 0.0846360 secs] [Times: user=0.50 sys=0.00, real=0.08 secs] 
5541.424: [GC (Allocation Failure) [PSYoungGen: 401266K->86528K(465408K)] 1410135K->1265676K(1863680K), 0.1410465 secs] [Times: user=0.84 sys=0.00, real=0.14 secs] 
5541.565: [Full GC (Ergonomics) [PSYoungGen: 86528K->0K(465408K)] [ParOldGen: 1179148K->62521K(1398272K)] 1265676K->62521K(1863680K), [Metaspace: 59688K->59688K(1105920K)], 0.1635379 secs] [Times: user=0.75 sys=0.00, real=0.16 secs] 
5542.367: [GC (Allocation Failure) [PSYoungGen: 233472K->169952K(460800K)] 295993K->232473K(1859072K), 0.0430451 secs] [Times: user=0.26 sys=0.00, real=0.05 secs] 
5545.183: [GC (Allocation Failure) [PSYoungGen: 402912K->88064K(465920K)] 465433K->320649K(1864192K), 0.1496789 secs] [Times: user=0.89 sys=0.00, real=0.15 secs] 
5546.569: [GC (Allocation Failure) [PSYoungGen: 321024K->172032K(463872K)] 553609K->486934K(1862144K), 0.1500816 secs] [Times: user=0.89 sys=0.00, real=0.15 secs] 
5549.350: [GC (Allocation Failure) [PSYoungGen: 404992K->89088K(465920K)] 719894K->576038K(1864192K), 0.1214462 secs] [Times: user=0.72 sys=0.00, real=0.12 secs] 
5550.888: [GC (Allocation Failure) [PSYoungGen: 319443K->199136K(465920K)] 806394K->769291K(1864192K), 0.0679474 secs] [Times: user=0.41 sys=0.00, real=0.07 secs] 
5553.034: [GC (Allocation Failure) [PSYoungGen: 432096K->93216K(465920K)] 1002251K->825547K(1864192K), 0.1040191 secs] [Times: user=0.61 sys=0.00, real=0.10 secs] 
5554.960: [GC (Allocation Failure) [PSYoungGen: 326176K->150848K(465920K)] 1058507K->969714K(1864192K), 0.0611334 secs] [Times: user=0.36 sys=0.01, real=0.06 secs] 
5556.242: [GC (Allocation Failure) [PSYoungGen: 383808K->108832K(465920K)] 1202674K->1078474K(1864192K), 0.0856212 secs] [Times: user=0.51 sys=0.01, real=0.08 secs] 
5558.783: [GC (Allocation Failure) [PSYoungGen: 341792K->139104K(455680K)] 1311434K->1206865K(1853952K), 0.0614985 secs] [Times: user=0.36 sys=0.00, real=0.06 secs] 
5559.889: [GC (Allocation Failure) [PSYoungGen: 372064K->130304K(460800K)] 1439825K->1337217K(1859072K), 0.0744762 secs] [Times: user=0.44 sys=0.00, real=0.07 secs] 
5559.963: [Full GC (Ergonomics) [PSYoungGen: 130304K->0K(460800K)] [ParOldGen: 1206913K->144811K(1398272K)] 1337217K->144811K(1859072K), [Metaspace: 59688K->59688K(1105920K)], 0.3376264 secs] [Times: user=1.54 sys=0.00, real=0.34 secs] 
5561.733: [GC (Allocation Failure) [PSYoungGen: 232960K->117088K(461824K)] 377771K->261899K(1860096K), 0.0416425 secs] [Times: user=0.25 sys=0.00, real=0.04 secs] 
5563.707: [GC (Allocation Failure) [PSYoungGen: 369504K->158752K(464384K)] 514315K->420851K(1862656K), 0.0616107 secs] [Times: user=0.37 sys=0.00, real=0.06 secs] 
5566.364: [GC (Allocation Failure) [PSYoungGen: 411168K->24608K(464384K)] 673267K->286739K(1862656K), 0.0059886 secs] [Times: user=0.04 sys=0.00, real=0.01 secs] 
5569.124: [GC (Allocation Failure) [PSYoungGen: 273952K->202368K(452096K)] 536083K->486512K(1850368K), 0.0419808 secs] [Times: user=0.25 sys=0.00, real=0.04 secs] 
5571.371: [GC (Allocation Failure) [PSYoungGen: 451712K->103936K(465920K)] 735856K->556856K(1864192K), 0.1614947 secs] [Times: user=0.94 sys=0.00, real=0.16 secs] 
5572.255: [GC (Allocation Failure) [PSYoungGen: 336896K->173056K(465920K)] 789816K->724400K(1864192K), 0.0928614 secs] [Times: user=0.55 sys=0.00, real=0.09 secs] 
5574.576: [GC (Allocation Failure) [PSYoungGen: 406016K->89632K(465920K)] 957360K->814208K(1864192K), 0.1349238 secs] [Times: user=0.80 sys=0.01, real=0.14 secs] 
5575.717: [GC (Allocation Failure) [PSYoungGen: 320262K->204064K(465920K)] 1044839K->1012149K(1864192K), 0.0633009 secs] [Times: user=0.38 sys=0.00, real=0.07 secs] 
5578.828: [GC (Allocation Failure) [PSYoungGen: 437024K->86400K(465920K)] 1245109K->1063989K(1864192K), 0.1229925 secs] [Times: user=0.73 sys=0.00, real=0.13 secs] 
5580.084: [GC (Allocation Failure) [PSYoungGen: 319360K->157504K(465920K)] 1296949K->1214780K(1864192K), 0.0605422 secs] [Times: user=0.37 sys=0.00, real=0.06 secs] 
5582.284: [GC (Allocation Failure) [PSYoungGen: 390464K->105344K(465920K)] 1447740K->1320348K(1864192K), 0.0995744 secs] [Times: user=0.59 sys=0.00, real=0.10 secs] 
5582.383: [Full GC (Ergonomics) [PSYoungGen: 105344K->0K(465920K)] [ParOldGen: 1215004K->119968K(1398272K)] 1320348K->119968K(1864192K), [Metaspace: 59688K->59688K(1105920K)], 0.2786483 secs] [Times: user=1.28 sys=0.00, real=0.28 secs] 
5583.750: [GC (Allocation Failure) [PSYoungGen: 232960K->143264K(465920K)] 352928K->263232K(1864192K), 0.0526376 secs] [Times: user=0.31 sys=0.00, real=0.05 secs] 
5585.681: [GC (Allocation Failure) [PSYoungGen: 376224K->122912K(455680K)] 496192K->386288K(1853952K), 0.0818283 secs] [Times: user=0.48 sys=0.01, real=0.08 secs] 
5586.890: [GC (Allocation Failure) [PSYoungGen: 355872K->124864K(460800K)] 619248K->500599K(1859072K), 0.0615067 secs] [Times: user=0.37 sys=0.00, real=0.06 secs] 
5587.785: [GC (Allocation Failure) [PSYoungGen: 357824K->149504K(468992K)] 733559K->650263K(1867264K), 0.0576014 secs] [Times: user=0.34 sys=0.00, real=0.06 secs] 
5589.798: [GC (Allocation Failure) [PSYoungGen: 398990K->13792K(467456K)] 899750K->514599K(1865728K), 0.0042273 secs] [Times: user=0.02 sys=0.00, real=0.01 secs] 
5590.481: [GC (Allocation Failure) [PSYoungGen: 250195K->170432K(461824K)] 751003K->683445K(1860096K), 0.0473445 secs] [Times: user=0.28 sys=0.00, real=0.04 secs] 
5594.397: [GC (Allocation Failure) [PSYoungGen: 401723K->89632K(465920K)] 914737K->764645K(1864192K), 0.1038936 secs] [Times: user=0.57 sys=0.00, real=0.11 secs] 
5595.227: [GC (Allocation Failure) [PSYoungGen: 322592K->168608K(464384K)] 997605K->931351K(1862656K), 0.0560207 secs] [Times: user=0.33 sys=0.00, real=0.06 secs] 
5598.014: [GC (Allocation Failure) [PSYoungGen: 401568K->89728K(465920K)] 1164311K->1021243K(1864192K), 0.1148571 secs] [Times: user=0.68 sys=0.00, real=0.12 secs] 
5598.640: [GC (Allocation Failure) [PSYoungGen: 322688K->169024K(465920K)] 1254203K->1186776K(1864192K), 0.0553871 secs] [Times: user=0.33 sys=0.00, real=0.05 secs] 
5601.492: [GC (Allocation Failure) [PSYoungGen: 401984K->87552K(465920K)] 1419736K->1274252K(1864192K), 0.1476306 secs] [Times: user=0.88 sys=0.00, real=0.15 secs] 
5601.640: [Full GC (Ergonomics) [PSYoungGen: 87552K->0K(465920K)] [ParOldGen: 1186700K->71893K(1398272K)] 1274252K->71893K(1864192K), [Metaspace: 59688K->59688K(1105920K)], 0.1877493 secs] [Times: user=0.86 sys=0.00, real=0.18 secs] 
5602.136: [GC (Allocation Failure) [PSYoungGen: 232960K->177408K(465920K)] 304853K->249301K(1864192K), 0.0434956 secs] [Times: user=0.26 sys=0.00, real=0.05 secs] 
5605.492: [GC (Allocation Failure) [PSYoungGen: 410368K->87392K(465920K)] 482261K->336993K(1864192K), 0.1475561 secs] [Times: user=0.88 sys=0.00, real=0.15 secs] 
5606.570: [GC (Allocation Failure) [PSYoungGen: 320352K->211360K(465920K)] 569953K->538086K(1864192K), 0.0663416 secs] [Times: user=0.39 sys=0.00, real=0.06 secs] 
5609.168: [GC (Allocation Failure) [PSYoungGen: 444320K->92992K(465920K)] 771046K->590062K(1864192K), 0.1153112 secs] [Times: user=0.69 sys=0.00, real=0.12 secs] 
5611.680: [GC (Allocation Failure) [PSYoungGen: 325952K->151904K(465920K)] 823022K->735117K(1864192K), 0.0608228 secs] [Times: user=0.36 sys=0.00, real=0.06 secs] 
5613.382: [GC (Allocation Failure) [PSYoungGen: 384864K->105536K(465920K)] 968077K->840389K(1864192K), 0.0859762 secs] [Times: user=0.52 sys=0.00, real=0.08 secs] 
5615.087: [GC (Allocation Failure) [PSYoungGen: 338496K->142944K(465920K)] 1073349K->972562K(1864192K), 0.0614362 secs] [Times: user=0.37 sys=0.00, real=0.06 secs] 
5617.313: [GC (Allocation Failure) [PSYoungGen: 375904K->121248K(354304K)] 1205522K->1093602K(1752576K), 0.0807166 secs] [Times: user=0.48 sys=0.00, real=0.08 secs] 
5618.561: [GC (Allocation Failure) [PSYoungGen: 354208K->127264K(469504K)] 1326562K->1209937K(1867776K), 0.0624694 secs] [Times: user=0.38 sys=0.00, real=0.06 secs] 
5621.080: [GC (Allocation Failure) [PSYoungGen: 369440K->146496K(460288K)] 1452113K->1356521K(1858560K), 0.0640976 secs] [Times: user=0.38 sys=0.00, real=0.06 secs] 
5621.144: [Full GC (Ergonomics) [PSYoungGen: 146496K->0K(460288K)] [ParOldGen: 1210025K->161509K(1398272K)] 1356521K->161509K(1858560K), [Metaspace: 59688K->59688K(1105920K)], 0.3782376 secs] [Times: user=1.74 sys=0.01, real=0.38 secs] 
5622.607: [GC (Allocation Failure) [PSYoungGen: 242176K->109248K(473600K)] 403685K->270757K(1871872K), 0.0388269 secs] [Times: user=0.23 sys=0.01, real=0.04 secs] 
5623.788: [GC (Allocation Failure) [PSYoungGen: 357026K->175744K(468992K)] 518535K->445699K(1867264K), 0.0710503 secs] [Times: user=0.42 sys=0.00, real=0.08 secs] 
5628.525: [GC (Allocation Failure) [PSYoungGen: 433792K->105344K(482816K)] 703747K->542683K(1881088K), 0.1792799 secs] [Times: user=1.06 sys=0.01, real=0.18 secs] 
5630.015: [GC (Allocation Failure) [PSYoungGen: 368000K->191744K(454656K)] 805339K->730179K(1852928K), 0.0570078 secs] [Times: user=0.34 sys=0.00, real=0.06 secs] 
5633.008: [GC (Allocation Failure) [PSYoungGen: 446227K->103072K(472064K)] 984663K->833316K(1870336K), 0.1267207 secs] [Times: user=0.75 sys=0.00, real=0.13 secs] 
5635.267: [GC (Allocation Failure) [PSYoungGen: 344736K->150688K(392704K)] 1074980K->977536K(1790976K), 0.0646974 secs] [Times: user=0.38 sys=0.00, real=0.07 secs] 
5637.421: [GC (Allocation Failure) [PSYoungGen: 392352K->112928K(470528K)] 1219200K->1090656K(1868800K), 0.0923816 secs] [Times: user=0.54 sys=0.01, real=0.09 secs] 
5638.918: [GC (Allocation Failure) [PSYoungGen: 359712K->1216K(465408K)] 1337440K->978952K(1863680K), 0.0035356 secs] [Times: user=0.01 sys=0.00, real=0.01 secs] 
5639.877: [GC (Allocation Failure) [PSYoungGen: 248000K->160960K(465408K)] 1225736K->1139317K(1863680K), 0.0320574 secs] [Times: user=0.19 sys=0.00, real=0.04 secs] 
5641.652: [GC (Allocation Failure) [PSYoungGen: 393920K->13792K(465920K)] 1372277K->992249K(1864192K), 0.0049163 secs] [Times: user=0.02 sys=0.00, real=0.00 secs] 
5642.865: [GC (Allocation Failure) [PSYoungGen: 246752K->169408K(465920K)] 1225209K->1160298K(1864192K), 0.0379718 secs] [Times: user=0.23 sys=0.00, real=0.04 secs] 
5644.848: [GC (Allocation Failure) [PSYoungGen: 402368K->93568K(465920K)] 1393258K->1245818K(1864192K), 0.0737480 secs] [Times: user=0.44 sys=0.00, real=0.08 secs] 
5644.921: [Full GC (Ergonomics) [PSYoungGen: 93568K->0K(465920K)] [ParOldGen: 1152250K->41006K(1398272K)] 1245818K->41006K(1864192K), [Metaspace: 59688K->59688K(1105920K)], 0.0865075 secs] [Times: user=0.32 sys=0.00, real=0.08 secs] 
5646.730: [GC (Allocation Failure) [PSYoungGen: 232960K->170304K(465920K)] 273966K->211310K(1864192K), 0.0584613 secs] [Times: user=0.35 sys=0.00, real=0.05 secs] 
5649.583: [GC (Allocation Failure) [PSYoungGen: 403264K->84992K(465920K)] 444270K->296439K(1864192K), 0.1605088 secs] [Times: user=0.95 sys=0.01, real=0.16 secs] 
5651.079: [GC (Allocation Failure) [PSYoungGen: 317952K->168736K(465920K)] 529399K->460799K(1864192K), 0.0542337 secs] [Times: user=0.32 sys=0.00, real=0.05 secs] 
5653.406: [GC (Allocation Failure) [PSYoungGen: 401696K->90144K(465920K)] 693759K->550715K(1864192K), 0.1711829 secs] [Times: user=1.01 sys=0.01, real=0.17 secs] 
5654.129: [GC (Allocation Failure) [PSYoungGen: 323104K->172992K(465920K)] 783675K->714032K(1864192K), 0.0577095 secs] [Times: user=0.34 sys=0.00, real=0.05 secs] 
5656.985: [GC (Allocation Failure) [PSYoungGen: 405952K->89056K(465920K)] 946992K->802768K(1864192K), 0.1227267 secs] [Times: user=0.73 sys=0.01, real=0.12 secs] 
5657.577: [GC (Allocation Failure) [PSYoungGen: 322016K->173568K(465920K)] 1035728K->970685K(1864192K), 0.0852769 secs] [Times: user=0.51 sys=0.00, real=0.09 secs] 
5659.538: [GC (Allocation Failure) [PSYoungGen: 406528K->88320K(465920K)] 1203645K->1059037K(1864192K), 0.1282406 secs] [Times: user=0.76 sys=0.00, real=0.13 secs] 
5661.522: [GC (Allocation Failure) [PSYoungGen: 321280K->158048K(465920K)] 1291997K->1210322K(1864192K), 0.0612567 secs] [Times: user=0.37 sys=0.00, real=0.06 secs] 
5663.652: [GC (Allocation Failure) [PSYoungGen: 391008K->97440K(465920K)] 1443282K->1307898K(1864192K), 0.1006686 secs] [Times: user=0.60 sys=0.00, real=0.10 secs] 
5663.753: [Full GC (Ergonomics) [PSYoungGen: 97440K->0K(465920K)] [ParOldGen: 1210458K->112582K(1398272K)] 1307898K->112582K(1864192K), [Metaspace: 59689K->59689K(1105920K)], 0.2635963 secs] [Times: user=1.20 sys=0.00, real=0.26 secs] 
5665.121: [GC (Allocation Failure) [PSYoungGen: 232960K->151264K(465920K)] 345542K->263846K(1864192K), 0.0555442 secs] [Times: user=0.33 sys=0.00, real=0.05 secs] 
5667.029: [GC (Allocation Failure) [PSYoungGen: 384224K->112960K(346112K)] 496806K->377086K(1744384K), 0.1033133 secs] [Times: user=0.62 sys=0.00, real=0.10 secs] 
5668.263: [GC (Allocation Failure) [PSYoungGen: 345920K->135296K(468480K)] 610046K->501722K(1866752K), 0.0612402 secs] [Times: user=0.36 sys=0.00, real=0.06 secs] 
5669.397: [GC (Allocation Failure) [PSYoungGen: 374912K->140128K(461824K)] 741338K->641955K(1860096K), 0.1015500 secs] [Times: user=0.60 sys=0.00, real=0.10 secs] 
5671.059: [GC (Allocation Failure) [PSYoungGen: 379744K->3904K(454144K)] 881571K->505747K(1852416K), 0.0027179 secs] [Times: user=0.02 sys=0.00, real=0.00 secs] 
5672.226: [GC (Allocation Failure) [PSYoungGen: 239936K->166208K(465920K)] 741779K->670396K(1864192K), 0.0330428 secs] [Times: user=0.19 sys=0.00, real=0.04 secs] 
5673.515: [GC (Allocation Failure) [PSYoungGen: 402240K->101248K(463872K)] 906428K->763004K(1862144K), 0.0698910 secs] [Times: user=0.41 sys=0.00, real=0.07 secs] 
5675.246: [GC (Allocation Failure) [PSYoungGen: 329090K->162208K(464896K)] 990846K->922769K(1863168K), 0.0527056 secs] [Times: user=0.31 sys=0.00, real=0.06 secs] 
5677.639: [GC (Allocation Failure) [PSYoungGen: 398240K->100416K(461824K)] 1158801K->1015009K(1860096K), 0.1255184 secs] [Times: user=0.74 sys=0.00, real=0.12 secs] 
5679.459: [GC (Allocation Failure) [PSYoungGen: 337472K->168992K(463872K)] 1252065K->1180270K(1862144K), 0.0528179 secs] [Times: user=0.31 sys=0.00, real=0.05 secs] 
5681.467: [GC (Allocation Failure) [PSYoungGen: 406048K->92416K(467968K)] 1417326K->1271902K(1866240K), 0.1160542 secs] [Times: user=0.69 sys=0.00, real=0.12 secs] 
5681.583: [Full GC (Ergonomics) [PSYoungGen: 92416K->0K(467968K)] [ParOldGen: 1179486K->69391K(1398272K)] 1271902K->69391K(1866240K), [Metaspace: 59689K->59689K(1105920K)], 0.1656876 secs] [Times: user=0.72 sys=0.00, real=0.17 secs] 
5683.552: [GC (Allocation Failure) [PSYoungGen: 237056K->172384K(465920K)] 306447K->241775K(1864192K), 0.1056782 secs] [Times: user=0.63 sys=0.00, real=0.10 secs] 
5687.591: [GC (Allocation Failure) [PSYoungGen: 409440K->86208K(465920K)] 478831K->327967K(1864192K), 0.1451278 secs] [Times: user=0.86 sys=0.01, real=0.14 secs] 
5688.153: [GC (Allocation Failure) [PSYoungGen: 318245K->210464K(465920K)] 560005K->531896K(1864192K), 0.0571728 secs] [Times: user=0.33 sys=0.00, real=0.06 secs] 
5690.460: [GC (Allocation Failure) [PSYoungGen: 443424K->86464K(465920K)] 764856K->584815K(1864192K), 0.1178550 secs] [Times: user=0.70 sys=0.00, real=0.11 secs] 
5691.701: [GC (Allocation Failure) [PSYoungGen: 319424K->158208K(465920K)] 817775K->735844K(1864192K), 0.0600223 secs] [Times: user=0.36 sys=0.00, real=0.06 secs] 
5692.936: [GC (Allocation Failure) [PSYoungGen: 391168K->107680K(465920K)] 968804K->843716K(1864192K), 0.0966779 secs] [Times: user=0.58 sys=0.00, real=0.10 secs] 
5696.286: [GC (Allocation Failure) [PSYoungGen: 340640K->140256K(465920K)] 1076676K->973281K(1864192K), 0.0609521 secs] [Times: user=0.36 sys=0.01, real=0.06 secs] 
5697.130: [GC (Allocation Failure) [PSYoungGen: 373216K->126560K(448512K)] 1206241K->1099945K(1846784K), 0.0820307 secs] [Times: user=0.47 sys=0.00, real=0.08 secs] 
5699.316: [GC (Allocation Failure) [PSYoungGen: 359520K->121280K(457216K)] 1332905K->1211136K(1855488K), 0.0627840 secs] [Times: user=0.37 sys=0.00, real=0.06 secs] 
5700.717: [GC (Allocation Failure) [PSYoungGen: 354240K->144224K(467968K)] 1444096K->1355080K(1866240K), 0.0580049 secs] [Times: user=0.34 sys=0.00, real=0.06 secs] 
5700.775: [Full GC (Ergonomics) [PSYoungGen: 144224K->0K(467968K)] [ParOldGen: 1210856K->157955K(1398272K)] 1355080K->157955K(1866240K), [Metaspace: 59689K->59689K(1105920K)], 0.3741053 secs] [Times: user=1.70 sys=0.00, real=0.38 secs] 
5702.465: [GC (Allocation Failure) [PSYoungGen: 258560K->117280K(471552K)] 416515K->275235K(1869824K), 0.0466315 secs] [Times: user=0.27 sys=0.00, real=0.05 secs] 
5704.494: [GC (Allocation Failure) [PSYoungGen: 375840K->182592K(467456K)] 533795K->456041K(1865728K), 0.1025210 secs] [Times: user=0.61 sys=0.01, real=0.10 secs] 
5708.103: [GC (Allocation Failure) [PSYoungGen: 443200K->108128K(479744K)] 716649K->564313K(1878016K), 0.1787272 secs] [Times: user=1.07 sys=0.00, real=0.18 secs] 
5709.371: [GC (Allocation Failure) [PSYoungGen: 364371K->215008K(448000K)] 820556K->774637K(1846272K), 0.0747998 secs] [Times: user=0.44 sys=0.00, real=0.07 secs] 
5711.223: [GC (Allocation Failure) [PSYoungGen: 445115K->92960K(465920K)] 1004745K->830965K(1864192K), 0.1123713 secs] [Times: user=0.66 sys=0.00, real=0.11 secs] 
5714.222: [GC (Allocation Failure) [PSYoungGen: 325920K->150560K(465920K)] 1063925K->975118K(1864192K), 0.0605386 secs] [Times: user=0.37 sys=0.00, real=0.06 secs] 
5715.237: [GC (Allocation Failure) [PSYoungGen: 383520K->104064K(465920K)] 1208078K->1079430K(1864192K), 0.0970034 secs] [Times: user=0.58 sys=0.00, real=0.10 secs] 
5717.476: [GC (Allocation Failure) [PSYoungGen: 337024K->144224K(465920K)] 1312390K->1212933K(1864192K), 0.0614060 secs] [Times: user=0.36 sys=0.00, real=0.06 secs] 
5718.373: [GC (Allocation Failure) [PSYoungGen: 377184K->122848K(465920K)] 1445893K->1336005K(1864192K), 0.0737967 secs] [Times: user=0.43 sys=0.00, real=0.07 secs] 
5718.447: [Full GC (Ergonomics) [PSYoungGen: 122848K->0K(465920K)] [ParOldGen: 1213157K->136791K(1398272K)] 1336005K->136791K(1864192K), [Metaspace: 59689K->59689K(1105920K)], 0.3192610 secs] [Times: user=1.46 sys=0.00, real=0.32 secs] 
5721.925: [GC (Allocation Failure) [PSYoungGen: 232960K->125248K(464896K)] 369751K->262039K(1863168K), 0.0458452 secs] [Times: user=0.27 sys=0.00, real=0.05 secs] 
5722.725: [GC (Allocation Failure) [PSYoungGen: 358208K->140352K(373760K)] 494999K->402559K(1772032K), 0.0775715 secs] [Times: user=0.45 sys=0.00, real=0.08 secs] 
5725.738: [GC (Allocation Failure) [PSYoungGen: 373312K->2016K(449024K)] 635519K->264267K(1847296K), 0.0021484 secs] [Times: user=0.01 sys=0.00, real=0.01 secs] 
5726.504: [GC (Allocation Failure) [PSYoungGen: 227296K->148576K(458240K)] 489547K->412572K(1856512K), 0.0444304 secs] [Times: user=0.26 sys=0.00, real=0.04 secs] 
5729.889: [GC (Allocation Failure) [PSYoungGen: 373856K->2336K(465920K)] 637852K->266428K(1864192K), 0.0019337 secs] [Times: user=0.01 sys=0.00, real=0.00 secs] 
5732.211: [GC (Allocation Failure) [PSYoungGen: 235296K->150368K(465920K)] 499388K->415473K(1864192K), 0.0325102 secs] [Times: user=0.20 sys=0.00, real=0.03 secs] 
5733.392: [GC (Allocation Failure) [PSYoungGen: 383328K->105984K(465920K)] 648433K->512465K(1864192K), 0.0667943 secs] [Times: user=0.39 sys=0.00, real=0.06 secs] 
5735.933: [GC (Allocation Failure) [PSYoungGen: 338944K->163136K(465920K)] 745425K->674111K(1864192K), 0.0543930 secs] [Times: user=0.31 sys=0.01, real=0.05 secs] 
5738.143: [GC (Allocation Failure) [PSYoungGen: 396096K->96864K(465920K)] 907071K->762287K(1864192K), 0.0720992 secs] [Times: user=0.41 sys=0.00, real=0.07 secs] 
5740.159: [GC (Allocation Failure) [PSYoungGen: 322181K->163680K(465920K)] 987605K->923748K(1864192K), 0.0519530 secs] [Times: user=0.31 sys=0.00, real=0.05 secs] 
5742.069: [GC (Allocation Failure) [PSYoungGen: 396640K->95136K(462848K)] 1156708K->1010436K(1861120K), 0.0688332 secs] [Times: user=0.41 sys=0.00, real=0.06 secs] 
5745.127: [GC (Allocation Failure) [PSYoungGen: 313259K->156032K(464384K)] 1228559K->1162608K(1862656K), 0.0490321 secs] [Times: user=0.29 sys=0.00, real=0.05 secs] 
5746.312: [GC (Allocation Failure) [PSYoungGen: 388992K->94496K(458752K)] 1395568K->1248265K(1857024K), 0.0718291 secs] [Times: user=0.42 sys=0.00, real=0.07 secs] 
5748.832: [GC (Allocation Failure) [PSYoungGen: 328992K->164928K(462336K)] 1482761K->1410305K(1860608K), 0.1165311 secs] [Times: user=0.69 sys=0.00, real=0.11 secs] 
5748.949: [Full GC (Ergonomics) [PSYoungGen: 164928K->0K(462336K)] [ParOldGen: 1245377K->205643K(1398272K)] 1410305K->205643K(1860608K), [Metaspace: 59689K->59689K(1105920K)], 0.5175523 secs] [Times: user=2.46 sys=0.00, real=0.51 secs] 
5752.683: [GC (Allocation Failure) [PSYoungGen: 234496K->86432K(467456K)] 440139K->292075K(1865728K), 0.1791108 secs] [Times: user=1.07 sys=0.00, real=0.18 secs] 
5754.354: [GC (Allocation Failure) [PSYoungGen: 322976K->168576K(465920K)] 528619K->456728K(1864192K), 0.0758419 secs] [Times: user=0.45 sys=0.00, real=0.08 secs] 
5757.370: [GC (Allocation Failure) [PSYoungGen: 405120K->88800K(467456K)] 693272K->545316K(1865728K), 0.1810736 secs] [Times: user=1.07 sys=0.00, real=0.18 secs] 
5758.387: [GC (Allocation Failure) [PSYoungGen: 323296K->176384K(465920K)] 779812K->715821K(1864192K), 0.1132133 secs] [Times: user=0.68 sys=0.00, real=0.12 secs] 
5761.126: [GC (Allocation Failure) [PSYoungGen: 410880K->87712K(465920K)] 950317K->803481K(1864192K), 0.1320844 secs] [Times: user=0.78 sys=0.00, real=0.13 secs] 
5761.862: [GC (Allocation Failure) [PSYoungGen: 318069K->204896K(465920K)] 1033839K->1002254K(1864192K), 0.0630495 secs] [Times: user=0.37 sys=0.00, real=0.06 secs] 
5763.872: [GC (Allocation Failure) [PSYoungGen: 437856K->93088K(465920K)] 1235214K->1060614K(1864192K), 0.1086824 secs] [Times: user=0.64 sys=0.00, real=0.11 secs] 
5765.115: [GC (Allocation Failure) [PSYoungGen: 326048K->151200K(465920K)] 1293574K->1205274K(1864192K), 0.0613225 secs] [Times: user=0.36 sys=0.00, real=0.06 secs] 
5766.735: [GC (Allocation Failure) [PSYoungGen: 384160K->108160K(465920K)] 1438234K->1313362K(1864192K), 0.0944547 secs] [Times: user=0.56 sys=0.00, real=0.10 secs] 
5766.830: [Full GC (Ergonomics) [PSYoungGen: 108160K->0K(465920K)] [ParOldGen: 1205202K->122253K(1398272K)] 1313362K->122253K(1864192K), [Metaspace: 59689K->59689K(1105920K)], 0.2822665 secs] [Times: user=1.27 sys=0.01, real=0.28 secs] 
5768.210: [GC (Allocation Failure) [PSYoungGen: 232960K->140320K(373760K)] 355213K->262573K(1772032K), 0.0527084 secs] [Times: user=0.31 sys=0.00, real=0.05 secs] 
5769.720: [GC (Allocation Failure) [PSYoungGen: 373280K->127552K(474112K)] 495533K->389901K(1872384K), 0.0826240 secs] [Times: user=0.49 sys=0.00, real=0.08 secs] 
5773.383: [GC (Allocation Failure) [PSYoungGen: 370240K->1792K(464384K)] 632589K->264165K(1862656K), 0.0018364 secs] [Times: user=0.01 sys=0.00, real=0.00 secs] 
5776.598: [GC (Allocation Failure) [PSYoungGen: 244480K->150304K(465920K)] 506853K->413258K(1864192K), 0.0300483 secs] [Times: user=0.18 sys=0.01, real=0.03 secs] 
5777.718: [GC (Allocation Failure) [PSYoungGen: 383264K->8608K(465920K)] 646218K->271746K(1864192K), 0.0030661 secs] [Times: user=0.02 sys=0.00, real=0.01 secs] 
5778.585: [GC (Allocation Failure) [PSYoungGen: 241568K->167616K(465920K)] 504706K->438155K(1864192K), 0.0347612 secs] [Times: user=0.21 sys=0.00, real=0.04 secs] 
5780.600: [GC (Allocation Failure) [PSYoungGen: 400576K->97504K(465920K)] 671115K->526983K(1864192K), 0.0996643 secs] [Times: user=0.59 sys=0.00, real=0.10 secs] 
5781.795: [GC (Allocation Failure) [PSYoungGen: 315568K->159200K(465920K)] 745047K->684237K(1864192K), 0.0567781 secs] [Times: user=0.33 sys=0.00, real=0.06 secs] 
5783.367: [GC (Allocation Failure) [PSYoungGen: 392160K->92096K(465920K)] 917197K->768325K(1864192K), 0.0668279 secs] [Times: user=0.40 sys=0.00, real=0.07 secs] 
5785.378: [GC (Allocation Failure) [PSYoungGen: 309102K->158240K(465920K)] 985331K->923015K(1864192K), 0.0486645 secs] [Times: user=0.29 sys=0.00, real=0.05 secs] 
5787.920: [GC (Allocation Failure) [PSYoungGen: 391200K->94048K(327168K)] 1155975K->1008815K(1725440K), 0.0750664 secs] [Times: user=0.45 sys=0.00, real=0.07 secs] 
5789.111: [GC (Allocation Failure) [PSYoungGen: 327008K->165504K(464896K)] 1241775K->1171049K(1863168K), 0.0506923 secs] [Times: user=0.30 sys=0.01, real=0.05 secs] 
5791.481: [GC (Allocation Failure) [PSYoungGen: 397952K->94016K(465408K)] 1403497K->1264305K(1863680K), 0.1604353 secs] [Times: user=0.95 sys=0.01, real=0.16 secs] 
5791.642: [Full GC (Ergonomics) [PSYoungGen: 94016K->0K(465408K)] [ParOldGen: 1170289K->60525K(1398272K)] 1264305K->60525K(1863680K), [Metaspace: 59689K->59689K(1105920K)], 0.1685666 secs] [Times: user=0.78 sys=0.00, real=0.17 secs] 
5792.403: [GC (Allocation Failure) [PSYoungGen: 232448K->171424K(464384K)] 292973K->231949K(1862656K), 0.0392980 secs] [Times: user=0.23 sys=0.00, real=0.04 secs] 
5796.430: [GC (Allocation Failure) [PSYoungGen: 403872K->78944K(465408K)] 464397K->311101K(1863680K), 0.1673434 secs] [Times: user=0.99 sys=0.00, real=0.16 secs] 
5797.313: [GC (Allocation Failure) [PSYoungGen: 311392K->175296K(465920K)] 543549K->480274K(1864192K), 0.0555830 secs] [Times: user=0.33 sys=0.00, real=0.06 secs] 
5798.942: [GC (Allocation Failure) [PSYoungGen: 408256K->99488K(465920K)] 713234K->579530K(1864192K), 0.1436493 secs] [Times: user=0.85 sys=0.00, real=0.14 secs] 
5800.789: [GC (Allocation Failure) [PSYoungGen: 332091K->198624K(465920K)] 812133K->768279K(1864192K), 0.0626272 secs] [Times: user=0.37 sys=0.00, real=0.06 secs] 
5802.410: [GC (Allocation Failure) [PSYoungGen: 427679K->92992K(465920K)] 997334K->826079K(1864192K), 0.1049593 secs] [Times: user=0.62 sys=0.00, real=0.10 secs] 
5804.440: [GC (Allocation Failure) [PSYoungGen: 325952K->151232K(465920K)] 1059039K->970836K(1864192K), 0.0607341 secs] [Times: user=0.36 sys=0.00, real=0.06 secs] 
5806.026: [GC (Allocation Failure) [PSYoungGen: 384192K->111200K(465920K)] 1203796K->1082252K(1864192K), 0.0959273 secs] [Times: user=0.56 sys=0.01, real=0.10 secs] 
5807.888: [GC (Allocation Failure) [PSYoungGen: 344160K->145504K(464896K)] 1315212K->1208624K(1863168K), 0.0608889 secs] [Times: user=0.36 sys=0.00, real=0.07 secs] 
5809.882: [GC (Allocation Failure) [PSYoungGen: 378464K->119520K(352768K)] 1441584K->1328364K(1751040K), 0.0857008 secs] [Times: user=0.51 sys=0.00, real=0.08 secs] 
5809.968: [Full GC (Ergonomics) [PSYoungGen: 119520K->0K(352768K)] [ParOldGen: 1208844K->133636K(1398272K)] 1328364K->133636K(1751040K), [Metaspace: 59689K->59689K(1105920K)], 0.3184572 secs] [Times: user=1.40 sys=0.00, real=0.32 secs] 
5811.387: [GC (Allocation Failure) [PSYoungGen: 232960K->128416K(467456K)] 366596K->262052K(1865728K), 0.0438626 secs] [Times: user=0.26 sys=0.00, real=0.05 secs] 
5812.256: [GC (Allocation Failure) [PSYoungGen: 372128K->154304K(458240K)] 505764K->416664K(1856512K), 0.0637005 secs] [Times: user=0.38 sys=0.00, real=0.07 secs] 
5813.689: [GC (Allocation Failure) [PSYoungGen: 398016K->15520K(461824K)] 660376K->277904K(1860096K), 0.0041551 secs] [Times: user=0.02 sys=0.00, real=0.00 secs] 
5815.879: [GC (Allocation Failure) [PSYoungGen: 254863K->170112K(416768K)] 517248K->444978K(1815040K), 0.0365390 secs] [Times: user=0.22 sys=0.00, real=0.03 secs] 
5818.561: [GC (Allocation Failure) [PSYoungGen: 416384K->103584K(471552K)] 691250K->540258K(1869824K), 0.1779721 secs] [Times: user=1.06 sys=0.00, real=0.18 secs] 
5819.333: [GC (Allocation Failure) [PSYoungGen: 342176K->176032K(465920K)] 778850K->712843K(1864192K), 0.0563722 secs] [Times: user=0.34 sys=0.00, real=0.06 secs] 
5822.131: [GC (Allocation Failure) [PSYoungGen: 414624K->90176K(466944K)] 951435K->803183K(1865216K), 0.1700229 secs] [Times: user=1.01 sys=0.00, real=0.17 secs] 
5823.456: [GC (Allocation Failure) [PSYoungGen: 324160K->173344K(465920K)] 1037167K->970180K(1864192K), 0.1603465 secs] [Times: user=0.95 sys=0.00, real=0.16 secs] 
5826.554: [GC (Allocation Failure) [PSYoungGen: 407328K->82528K(465920K)] 1204164K->1052924K(1864192K), 0.1476076 secs] [Times: user=0.87 sys=0.01, real=0.15 secs] 
5827.595: [GC (Allocation Failure) [PSYoungGen: 313465K->204320K(465920K)] 1283862K->1250741K(1864192K), 0.0620796 secs] [Times: user=0.37 sys=0.00, real=0.06 secs] 
5829.369: [GC (Allocation Failure) [PSYoungGen: 437280K->93088K(465920K)] 1483701K->1309181K(1864192K), 0.1046746 secs] [Times: user=0.62 sys=0.00, real=0.10 secs] 
5829.474: [Full GC (Ergonomics) [PSYoungGen: 93088K->0K(465920K)] [ParOldGen: 1216093K->107225K(1398272K)] 1309181K->107225K(1864192K), [Metaspace: 59689K->59689K(1105920K)], 0.2529784 secs] [Times: user=1.14 sys=0.00, real=0.25 secs] 
5831.817: [GC (Allocation Failure) [PSYoungGen: 232960K->151520K(465920K)] 340185K->258745K(1864192K), 0.0426920 secs] [Times: user=0.25 sys=0.00, real=0.05 secs] 
5833.268: [GC (Allocation Failure) [PSYoungGen: 384480K->102656K(465920K)] 491705K->361229K(1864192K), 0.0903248 secs] [Times: user=0.53 sys=0.01, real=0.09 secs] 
5834.953: [GC (Allocation Failure) [PSYoungGen: 335616K->145056K(465920K)] 594189K->495477K(1864192K), 0.0606416 secs] [Times: user=0.36 sys=0.00, real=0.06 secs] 
5836.385: [GC (Allocation Failure) [PSYoungGen: 378016K->124640K(449536K)] 728437K->620317K(1847808K), 0.0703702 secs] [Times: user=0.42 sys=0.00, real=0.07 secs] 
5838.137: [GC (Allocation Failure) [PSYoungGen: 357600K->123168K(457728K)] 853277K->733160K(1856000K), 0.0616884 secs] [Times: user=0.37 sys=0.00, real=0.07 secs] 
5839.573: [GC (Allocation Failure) [PSYoungGen: 356128K->143264K(468480K)] 966120K->876536K(1866752K), 0.0638251 secs] [Times: user=0.38 sys=0.00, real=0.06 secs] 
5841.628: [GC (Allocation Failure) [PSYoungGen: 401312K->14752K(471040K)] 1134584K->748048K(1869312K), 0.0049893 secs] [Times: user=0.03 sys=0.00, real=0.01 secs] 
5843.677: [GC (Allocation Failure) [PSYoungGen: 272800K->182304K(457216K)] 1006096K->928138K(1855488K), 0.0463206 secs] [Times: user=0.28 sys=0.00, real=0.05 secs] 
5847.204: [GC (Allocation Failure) [PSYoungGen: 415264K->86656K(465920K)] 1161098K->1014894K(1864192K), 0.1791815 secs] [Times: user=1.07 sys=0.00, real=0.18 secs] 
5848.296: [GC (Allocation Failure) [PSYoungGen: 319616K->169856K(465408K)] 1247854K->1180653K(1863680K), 0.0564451 secs] [Times: user=0.33 sys=0.00, real=0.06 secs] 
5850.656: [GC (Allocation Failure) [PSYoungGen: 402816K->86880K(465920K)] 1413613K->1267241K(1864192K), 0.1531371 secs] [Times: user=0.91 sys=0.00, real=0.16 secs] 
5850.810: [Full GC (Ergonomics) [PSYoungGen: 86880K->0K(465920K)] [ParOldGen: 1180361K->70483K(1398272K)] 1267241K->70483K(1864192K), [Metaspace: 59689K->59689K(1105920K)], 0.1825151 secs] [Times: user=0.84 sys=0.00, real=0.18 secs] 
5851.451: [GC (Allocation Failure) [PSYoungGen: 232960K->172544K(465920K)] 303443K->243027K(1864192K), 0.0377839 secs] [Times: user=0.21 sys=0.01, real=0.04 secs] 
5854.183: [GC (Allocation Failure) [PSYoungGen: 405504K->90912K(465920K)] 475987K->333587K(1864192K), 0.1419048 secs] [Times: user=0.84 sys=0.00, real=0.14 secs] 
5855.367: [GC (Allocation Failure) [PSYoungGen: 321147K->204384K(465920K)] 563823K->531496K(1864192K), 0.0617023 secs] [Times: user=0.36 sys=0.00, real=0.07 secs] 
5857.732: [GC (Allocation Failure) [PSYoungGen: 437344K->87488K(465920K)] 764456K->584432K(1864192K), 0.1177906 secs] [Times: user=0.70 sys=0.00, real=0.12 secs] 
5859.148: [GC (Allocation Failure) [PSYoungGen: 320448K->157376K(465920K)] 817392K->734673K(1864192K), 0.0602343 secs] [Times: user=0.36 sys=0.00, real=0.06 secs] 
5860.383: [GC (Allocation Failure) [PSYoungGen: 390336K->108288K(465920K)] 967633K->843033K(1864192K), 0.0973070 secs] [Times: user=0.58 sys=0.00, real=0.10 secs] 
5862.249: [GC (Allocation Failure) [PSYoungGen: 341248K->139680K(465920K)] 1075993K->972481K(1864192K), 0.0613299 secs] [Times: user=0.36 sys=0.01, real=0.06 secs] 
5864.024: [GC (Allocation Failure) [PSYoungGen: 372640K->125952K(359424K)] 1205441K->1098449K(1757696K), 0.0764068 secs] [Times: user=0.45 sys=0.00, real=0.08 secs] 
5865.412: [GC (Allocation Failure) [PSYoungGen: 358912K->121888K(465408K)] 1331409K->1210194K(1863680K), 0.0631956 secs] [Times: user=0.38 sys=0.00, real=0.06 secs] 
5868.097: [GC (Allocation Failure) [PSYoungGen: 363040K->146624K(457216K)] 1451346K->1356858K(1855488K), 0.0636187 secs] [Times: user=0.37 sys=0.00, real=0.07 secs] 
5868.161: [Full GC (Ergonomics) [PSYoungGen: 146624K->0K(457216K)] [ParOldGen: 1210234K->161102K(1398272K)] 1356858K->161102K(1855488K), [Metaspace: 59689K->59689K(1105920K)], 0.3853763 secs] [Times: user=1.78 sys=0.00, real=0.38 secs] 
5869.761: [GC (Allocation Failure) [PSYoungGen: 241152K->109920K(477696K)] 402254K->271022K(1875968K), 0.0394222 secs] [Times: user=0.23 sys=0.00, real=0.04 secs] 
5872.283: [GC (Allocation Failure) [PSYoungGen: 364455K->176352K(472576K)] 525557K->445323K(1870848K), 0.0591471 secs] [Times: user=0.35 sys=0.01, real=0.06 secs] 
5874.787: [GC (Allocation Failure) [PSYoungGen: 440032K->117280K(483840K)] 709003K->553643K(1882112K), 0.1566651 secs] [Times: user=0.93 sys=0.00, real=0.16 secs] 
5877.040: [GC (Allocation Failure) [PSYoungGen: 382704K->212960K(479744K)] 819067K->773660K(1878016K), 0.0671129 secs] [Times: user=0.40 sys=0.00, real=0.06 secs] 
5878.728: [GC (Allocation Failure) [PSYoungGen: 479712K->113504K(452096K)] 1040412K->852716K(1850368K), 0.0861828 secs] [Times: user=0.51 sys=0.00, real=0.09 secs] 
5880.104: [GC (Allocation Failure) [PSYoungGen: 346464K->134560K(465920K)] 1085676K->976391K(1864192K), 0.0723604 secs] [Times: user=0.40 sys=0.00, real=0.07 secs] 
5881.956: [GC (Allocation Failure) [PSYoungGen: 367520K->132704K(465920K)] 1209351K->1109275K(1864192K), 0.0713954 secs] [Times: user=0.40 sys=0.00, real=0.07 secs] 
5885.261: [GC (Allocation Failure) [PSYoungGen: 365664K->1152K(465920K)] 1342235K->977755K(1864192K), 0.0023998 secs] [Times: user=0.01 sys=0.00, real=0.00 secs] 
5886.760: [GC (Allocation Failure) [PSYoungGen: 234112K->145600K(465920K)] 1210715K->1122852K(1864192K), 0.0292999 secs] [Times: user=0.17 sys=0.00, real=0.03 secs] 
5888.940: [GC (Allocation Failure) [PSYoungGen: 378560K->3456K(465920K)] 1355812K->980872K(1864192K), 0.0030457 secs] [Times: user=0.01 sys=0.00, real=0.00 secs] 
5890.436: [GC (Allocation Failure) [PSYoungGen: 236416K->158528K(465920K)] 1213832K->1138101K(1864192K), 0.0319028 secs] [Times: user=0.19 sys=0.00, real=0.03 secs] 
5892.104: [GC (Allocation Failure) [PSYoungGen: 391488K->104000K(465920K)] 1371061K->1232817K(1864192K), 0.0702814 secs] [Times: user=0.41 sys=0.00, real=0.07 secs] 
5893.518: [GC (Allocation Failure) [PSYoungGen: 336960K->162400K(465920K)] 1465777K->1393097K(1864192K), 0.0547137 secs] [Times: user=0.32 sys=0.01, real=0.06 secs] 
5893.573: [Full GC (Ergonomics) [PSYoungGen: 162400K->0K(465920K)] [ParOldGen: 1230697K->190838K(1398272K)] 1393097K->190838K(1864192K), [Metaspace: 59691K->59691K(1105920K)], 0.4565305 secs] [Times: user=2.12 sys=0.00, real=0.46 secs] 
5895.058: [GC (Allocation Failure) [PSYoungGen: 232960K->102048K(465920K)] 423798K->292886K(1864192K), 0.0312666 secs] [Times: user=0.18 sys=0.00, real=0.04 secs] 
5896.324: [GC (Allocation Failure) [PSYoungGen: 335008K->165344K(465920K)] 525846K->455524K(1864192K), 0.0874492 secs] [Times: user=0.52 sys=0.00, real=0.09 secs] 
5899.141: [GC (Allocation Failure) [PSYoungGen: 398304K->90112K(465920K)] 688484K->545692K(1864192K), 0.1158921 secs] [Times: user=0.69 sys=0.00, real=0.11 secs] 
5900.565: [GC (Allocation Failure) [PSYoungGen: 323072K->166432K(465920K)] 778652K->708116K(1864192K), 0.0576192 secs] [Times: user=0.33 sys=0.00, real=0.06 secs] 
5903.244: [GC (Allocation Failure) [PSYoungGen: 399392K->88224K(465920K)] 941076K->795572K(1864192K), 0.1605909 secs] [Times: user=0.95 sys=0.02, real=0.16 secs] 
5904.090: [GC (Allocation Failure) [PSYoungGen: 321184K->177504K(465920K)] 1028532K->966909K(1864192K), 0.0885398 secs] [Times: user=0.53 sys=0.00, real=0.09 secs] 
5907.034: [GC (Allocation Failure) [PSYoungGen: 410464K->82304K(465920K)] 1199869K->1049421K(1864192K), 0.1486435 secs] [Times: user=0.88 sys=0.01, real=0.15 secs] 
5907.794: [GC (Allocation Failure) [PSYoungGen: 314744K->207008K(465920K)] 1281862K->1250154K(1864192K), 0.0627887 secs] [Times: user=0.37 sys=0.00, real=0.06 secs] 
5911.012: [GC (Allocation Failure) [PSYoungGen: 439968K->85984K(465920K)] 1483114K->1301338K(1864192K), 0.1209306 secs] [Times: user=0.72 sys=0.00, real=0.12 secs] 
5911.133: [Full GC (Ergonomics) [PSYoungGen: 85984K->0K(465920K)] [ParOldGen: 1215354K->100085K(1398272K)] 1301338K->100085K(1864192K), [Metaspace: 59691K->59691K(1105920K)], 0.2445609 secs] [Times: user=1.13 sys=0.00, real=0.24 secs] 
5912.449: [GC (Allocation Failure) [PSYoungGen: 232960K->158784K(465920K)] 333045K->258869K(1864192K), 0.0457976 secs] [Times: user=0.27 sys=0.00, real=0.04 secs] 
5914.649: [GC (Allocation Failure) [PSYoungGen: 391744K->98464K(465920K)] 491829K->357309K(1864192K), 0.1015870 secs] [Times: user=0.60 sys=0.00, real=0.10 secs] 
5916.236: [GC (Allocation Failure) [PSYoungGen: 331424K->149984K(465920K)] 590269K->495920K(1864192K), 0.0597437 secs] [Times: user=0.35 sys=0.00, real=0.06 secs] 
5917.768: [GC (Allocation Failure) [PSYoungGen: 382944K->116832K(465920K)] 728880K->612848K(1864192K), 0.0826407 secs] [Times: user=0.49 sys=0.01, real=0.09 secs] 
5920.370: [GC (Allocation Failure) [PSYoungGen: 349792K->131232K(456704K)] 845808K->733577K(1854976K), 0.0618742 secs] [Times: user=0.36 sys=0.00, real=0.06 secs] 
5921.120: [GC (Allocation Failure) [PSYoungGen: 364192K->146368K(461312K)] 966537K->880121K(1859584K), 0.0640147 secs] [Times: user=0.37 sys=0.00, real=0.06 secs] 
5922.652: [GC (Allocation Failure) [PSYoungGen: 379328K->2848K(457728K)] 1113081K->736645K(1856000K), 0.0023746 secs] [Times: user=0.01 sys=0.00, real=0.00 secs] 
5924.763: [GC (Allocation Failure) [PSYoungGen: 235808K->153984K(465920K)] 969605K->889150K(1864192K), 0.0309126 secs] [Times: user=0.18 sys=0.01, real=0.03 secs] 
5926.647: [GC (Allocation Failure) [PSYoungGen: 386944K->101312K(460800K)] 1122110K->981854K(1859072K), 0.0678876 secs] [Times: user=0.40 sys=0.01, real=0.07 secs] 
5928.587: [GC (Allocation Failure) [PSYoungGen: 334272K->164224K(463360K)] 1214814K->1143918K(1861632K), 0.0536699 secs] [Times: user=0.32 sys=0.00, real=0.06 secs] 
5930.172: [GC (Allocation Failure) [PSYoungGen: 397184K->100384K(462848K)] 1376878K->1234927K(1861120K), 0.0688172 secs] [Times: user=0.41 sys=0.00, real=0.07 secs] 
5932.326: [GC (Allocation Failure) [PSYoungGen: 330257K->160832K(464384K)] 1464800K->1393315K(1862656K), 0.0531521 secs] [Times: user=0.32 sys=0.00, real=0.06 secs] 
5932.379: [Full GC (Ergonomics) [PSYoungGen: 160832K->0K(464384K)] [ParOldGen: 1232483K->196270K(1398272K)] 1393315K->196270K(1862656K), [Metaspace: 59691K->59691K(1105920K)], 0.4755771 secs] [Times: user=2.21 sys=0.00, real=0.47 secs] 
5933.974: [GC (Allocation Failure) [PSYoungGen: 235520K->99328K(461312K)] 431790K->295599K(1859584K), 0.0357470 secs] [Times: user=0.21 sys=0.00, real=0.04 secs] 
5934.895: [GC (Allocation Failure) [PSYoungGen: 336896K->172160K(463872K)] 533167K->464023K(1862144K), 0.0512442 secs] [Times: user=0.31 sys=0.00, real=0.05 secs] 
5937.575: [GC (Allocation Failure) [PSYoungGen: 409728K->90304K(468992K)] 701591K->554111K(1867264K), 0.1431081 secs] [Times: user=0.84 sys=0.00, real=0.14 secs] 
5938.390: [GC (Allocation Failure) [PSYoungGen: 326336K->173696K(465920K)] 790143K->721884K(1864192K), 0.0702015 secs] [Times: user=0.41 sys=0.00, real=0.07 secs] 
5941.698: [GC (Allocation Failure) [PSYoungGen: 409728K->89536K(465920K)] 957916K->811112K(1864192K), 0.1432334 secs] [Times: user=0.85 sys=0.00, real=0.15 secs] 
5943.108: [GC (Allocation Failure) [PSYoungGen: 320836K->205248K(465920K)] 1042413K->1009861K(1864192K), 0.0616964 secs] [Times: user=0.36 sys=0.00, real=0.07 secs] 
5944.767: [GC (Allocation Failure) [PSYoungGen: 438208K->92416K(465920K)] 1242821K->1068681K(1864192K), 0.1160887 secs] [Times: user=0.68 sys=0.00, real=0.12 secs] 
5947.278: [GC (Allocation Failure) [PSYoungGen: 325376K->151104K(465920K)] 1301641K->1213438K(1864192K), 0.0610367 secs] [Times: user=0.36 sys=0.00, real=0.07 secs] 
5948.290: [GC (Allocation Failure) [PSYoungGen: 384064K->107168K(465920K)] 1446398K->1320838K(1864192K), 0.0957286 secs] [Times: user=0.57 sys=0.00, real=0.09 secs] 
5948.386: [Full GC (Ergonomics) [PSYoungGen: 107168K->0K(465920K)] [ParOldGen: 1213670K->121237K(1398272K)] 1320838K->121237K(1864192K), [Metaspace: 59691K->59691K(1105920K)], 0.2822406 secs] [Times: user=1.28 sys=0.00, real=0.28 secs] 
5950.150: [GC (Allocation Failure) [PSYoungGen: 232960K->141024K(374272K)] 354197K->262261K(1772544K), 0.0520984 secs] [Times: user=0.31 sys=0.00, real=0.05 secs] 
5951.855: [GC (Allocation Failure) [PSYoungGen: 373984K->125152K(472576K)] 495221K->387277K(1870848K), 0.0832806 secs] [Times: user=0.50 sys=0.00, real=0.08 secs] 
5953.462: [GC (Allocation Failure) [PSYoungGen: 367328K->2176K(463360K)] 629453K->264333K(1861632K), 0.0019266 secs] [Times: user=0.01 sys=0.00, real=0.00 secs] 
5956.056: [GC (Allocation Failure) [PSYoungGen: 244352K->153408K(465920K)] 506509K->416354K(1864192K), 0.0302052 secs] [Times: user=0.18 sys=0.00, real=0.03 secs] 
5957.206: [GC (Allocation Failure) [PSYoungGen: 386368K->12224K(465920K)] 649314K->275498K(1864192K), 0.0036653 secs] [Times: user=0.01 sys=0.00, real=0.01 secs] 
5958.096: [GC (Allocation Failure) [PSYoungGen: 245184K->168832K(465920K)] 508458K->442487K(1864192K), 0.0357513 secs] [Times: user=0.21 sys=0.00, real=0.04 secs] 
5959.205: [GC (Allocation Failure) [PSYoungGen: 401792K->95840K(465920K)] 675447K->529287K(1864192K), 0.0771039 secs] [Times: user=0.46 sys=0.00, real=0.08 secs] 
5960.987: [GC (Allocation Failure) [PSYoungGen: 328800K->167360K(465920K)] 762247K->693357K(1864192K), 0.0513315 secs] [Times: user=0.30 sys=0.00, real=0.05 secs] 
5964.288: [GC (Allocation Failure) [PSYoungGen: 400320K->86848K(465920K)] 926317K->779733K(1864192K), 0.1767523 secs] [Times: user=0.94 sys=0.00, real=0.18 secs] 
5965.185: [GC (Allocation Failure) [PSYoungGen: 319808K->185984K(465920K)] 1012693K->962040K(1864192K), 0.0564383 secs] [Times: user=0.34 sys=0.00, real=0.06 secs] 
5967.660: [GC (Allocation Failure) [PSYoungGen: 418944K->87648K(465920K)] 1195000K->1033216K(1864192K), 0.1722909 secs] [Times: user=1.02 sys=0.00, real=0.17 secs] 
5968.876: [GC (Allocation Failure) [PSYoungGen: 320608K->172096K(465920K)] 1266176K->1199197K(1864192K), 0.0573227 secs] [Times: user=0.34 sys=0.00, real=0.06 secs] 
5970.825: [GC (Allocation Failure) [PSYoungGen: 405056K->88128K(465920K)] 1432157K->1287237K(1864192K), 0.1524904 secs] [Times: user=0.91 sys=0.01, real=0.15 secs] 
5970.978: [Full GC (Ergonomics) [PSYoungGen: 88128K->0K(465920K)] [ParOldGen: 1199109K->83718K(1398272K)] 1287237K->83718K(1864192K), [Metaspace: 59691K->59691K(1105920K)], 0.2159818 secs] [Times: user=0.99 sys=0.00, real=0.22 secs] 
5971.492: [GC (Allocation Failure) [PSYoungGen: 232960K->174976K(465920K)] 316678K->258694K(1864192K), 0.0384280 secs] [Times: user=0.23 sys=0.00, real=0.04 secs] 
5973.845: [GC (Allocation Failure) [PSYoungGen: 407936K->97952K(465920K)] 491654K->356222K(1864192K), 0.1097196 secs] [Times: user=0.65 sys=0.00, real=0.11 secs] 
5975.842: [GC (Allocation Failure) [PSYoungGen: 330912K->151616K(465920K)] 589182K->497243K(1864192K), 0.0609353 secs] [Times: user=0.36 sys=0.00, real=0.06 secs] 
5976.962: [GC (Allocation Failure) [PSYoungGen: 384576K->106848K(465920K)] 730203K->604219K(1864192K), 0.0861068 secs] [Times: user=0.51 sys=0.01, real=0.08 secs] 
5979.666: [GC (Allocation Failure) [PSYoungGen: 339808K->141248K(462848K)] 837179K->735154K(1861120K), 0.0614418 secs] [Times: user=0.36 sys=0.00, real=0.06 secs] 
5980.619: [GC (Allocation Failure) [PSYoungGen: 374208K->122336K(355328K)] 968114K->857610K(1753600K), 0.0909127 secs] [Times: user=0.53 sys=0.01, real=0.09 secs] 
5983.266: [GC (Allocation Failure) [PSYoungGen: 355296K->125920K(467968K)] 1090570K->973095K(1866240K), 0.0626786 secs] [Times: user=0.37 sys=0.01, real=0.07 secs] 
5985.303: [GC (Allocation Failure) [PSYoungGen: 372704K->155456K(458752K)] 1219879K->1128375K(1857024K), 0.0682197 secs] [Times: user=0.41 sys=0.00, real=0.07 secs] 
5987.838: [GC (Allocation Failure) [PSYoungGen: 402240K->13696K(462848K)] 1375159K->986655K(1861120K), 0.0055807 secs] [Times: user=0.03 sys=0.00, real=0.01 secs] 
5990.302: [GC (Allocation Failure) [PSYoungGen: 256530K->170240K(418816K)] 1229489K->1155308K(1817088K), 0.0631687 secs] [Times: user=0.37 sys=0.00, real=0.06 secs] 
5992.451: [GC (Allocation Failure) [PSYoungGen: 418560K->105376K(473088K)] 1403628K->1252524K(1871360K), 0.1520587 secs] [Times: user=0.90 sys=0.01, real=0.15 secs] 
5993.495: [GC (Allocation Failure) [PSYoungGen: 345504K->174528K(465920K)] 1492652K->1423482K(1864192K), 0.0541954 secs] [Times: user=0.32 sys=0.00, real=0.06 secs] 
5993.549: [Full GC (Ergonomics) [PSYoungGen: 174528K->0K(465920K)] [ParOldGen: 1248954K->226035K(1398272K)] 1423482K->226035K(1864192K), [Metaspace: 59692K->59692K(1105920K)], 0.5426255 secs] [Times: user=2.52 sys=0.00, real=0.54 secs] 
5995.867: [GC (Allocation Failure) [PSYoungGen: 240128K->93920K(468992K)] 466163K->319955K(1867264K), 0.0741773 secs] [Times: user=0.43 sys=0.00, real=0.08 secs] 
5996.332: [GC (Allocation Failure) [PSYoungGen: 329952K->176832K(465920K)] 555987K->490232K(1864192K), 0.0795417 secs] [Times: user=0.47 sys=0.00, real=0.08 secs] 
5998.858: [GC (Allocation Failure) [PSYoungGen: 412864K->89568K(465920K)] 726264K->579672K(1864192K), 0.1198834 secs] [Times: user=0.71 sys=0.01, real=0.12 secs] 
6002.121: [GC (Allocation Failure) [PSYoungGen: 322528K->199175K(465920K)] 812632K->772443K(1864192K), 0.0674685 secs] [Times: user=0.40 sys=0.00, real=0.06 secs] 
6003.552: [GC (Allocation Failure) [PSYoungGen: 426896K->93664K(465920K)] 1000164K->822715K(1864192K), 0.0956356 secs] [Times: user=0.57 sys=0.00, real=0.09 secs] 
6006.923: [GC (Allocation Failure) [PSYoungGen: 326624K->151200K(465920K)] 1055675K->966768K(1864192K), 0.0604446 secs] [Times: user=0.35 sys=0.00, real=0.06 secs] 
6008.754: [GC (Allocation Failure) [PSYoungGen: 384160K->105280K(465920K)] 1199728K->1071984K(1864192K), 0.0876724 secs] [Times: user=0.52 sys=0.00, real=0.09 secs] 
6011.842: [GC (Allocation Failure) [PSYoungGen: 338240K->142656K(375808K)] 1304944K->1203719K(1774080K), 0.0612807 secs] [Times: user=0.36 sys=0.00, real=0.06 secs] 
6013.439: [GC (Allocation Failure) [PSYoungGen: 375616K->120736K(472064K)] 1436679K->1324695K(1870336K), 0.0775795 secs] [Times: user=0.46 sys=0.00, real=0.07 secs] 
6013.517: [Full GC (Ergonomics) [PSYoungGen: 120736K->0K(472064K)] [ParOldGen: 1203959K->134760K(1398272K)] 1324695K->134760K(1870336K), [Metaspace: 59692K->59692K(1105920K)], 0.3072052 secs] [Times: user=1.39 sys=0.00, real=0.31 secs] 
6015.905: [GC (Allocation Failure) [PSYoungGen: 241664K->127776K(369664K)] 376424K->262536K(1767936K), 0.0470922 secs] [Times: user=0.27 sys=0.01, real=0.05 secs] 
6017.247: [GC (Allocation Failure) [PSYoungGen: 369440K->152960K(458240K)] 504200K->415720K(1856512K), 0.0663042 secs] [Times: user=0.40 sys=0.00, real=0.07 secs] 
6020.287: [GC (Allocation Failure) [PSYoungGen: 398720K->11680K(459264K)] 661480K->274580K(1857536K), 0.0035701 secs] [Times: user=0.02 sys=0.00, real=0.01 secs] 
6022.196: [GC (Allocation Failure) [PSYoungGen: 256391K->173088K(458240K)] 519292K->445689K(1856512K), 0.0361575 secs] [Times: user=0.21 sys=0.00, real=0.04 secs] 
6024.640: [GC (Allocation Failure) [PSYoungGen: 406048K->94720K(465920K)] 678649K->531661K(1864192K), 0.0721154 secs] [Times: user=0.43 sys=0.00, real=0.07 secs] 
6026.866: [GC (Allocation Failure) [PSYoungGen: 327680K->167456K(461824K)] 764621K->695382K(1860096K), 0.0506200 secs] [Times: user=0.30 sys=0.00, real=0.05 secs] 
6028.373: [GC (Allocation Failure) [PSYoungGen: 400081K->93760K(465920K)] 928007K->788650K(1864192K), 0.0864666 secs] [Times: user=0.51 sys=0.00, real=0.09 secs] 
6028.856: [GC (Allocation Failure) [PSYoungGen: 326720K->169920K(462848K)] 1021610K->954655K(1861120K), 0.0574132 secs] [Times: user=0.34 sys=0.01, real=0.06 secs] 
6031.446: [GC (Allocation Failure) [PSYoungGen: 402880K->91936K(465920K)] 1187615K->1046487K(1864192K), 0.1492333 secs] [Times: user=0.88 sys=0.00, real=0.15 secs] 
6032.973: [GC (Allocation Failure) [PSYoungGen: 324896K->174176K(464896K)] 1279447K->1210575K(1863168K), 0.1369745 secs] [Times: user=0.82 sys=0.00, real=0.14 secs] 
6035.254: [GC (Allocation Failure) [PSYoungGen: 407136K->87072K(465920K)] 1443535K->1297879K(1864192K), 0.0869491 secs] [Times: user=0.51 sys=0.00, real=0.09 secs] 
6035.341: [Full GC (Ergonomics) [PSYoungGen: 87072K->0K(465920K)] [ParOldGen: 1210807K->94890K(1398272K)] 1297879K->94890K(1864192K), [Metaspace: 59692K->59692K(1105920K)], 0.2195465 secs] [Times: user=0.96 sys=0.00, real=0.22 secs] 
6037.966: [GC (Allocation Failure) [PSYoungGen: 232544K->200640K(465920K)] 327435K->295530K(1864192K), 0.0494352 secs] [Times: user=0.29 sys=0.00, real=0.05 secs] 
6039.337: [GC (Allocation Failure) [PSYoungGen: 433600K->92640K(465920K)] 528490K->351558K(1864192K), 0.1016339 secs] [Times: user=0.60 sys=0.01, real=0.10 secs] 
6042.918: [GC (Allocation Failure) [PSYoungGen: 325600K->151872K(465920K)] 584518K->496610K(1864192K), 0.0600847 secs] [Times: user=0.36 sys=0.00, real=0.06 secs] 
6045.748: [GC (Allocation Failure) [PSYoungGen: 379188K->93056K(465920K)] 723926K->589882K(1864192K), 0.1047983 secs] [Times: user=0.62 sys=0.00, real=0.11 secs] 
6046.960: [GC (Allocation Failure) [PSYoungGen: 326016K->151552K(465920K)] 822842K->734954K(1864192K), 0.0604314 secs] [Times: user=0.36 sys=0.01, real=0.06 secs] 
6049.641: [GC (Allocation Failure) [PSYoungGen: 384512K->106176K(339456K)] 967914K->840794K(1737728K), 0.0919937 secs] [Times: user=0.55 sys=0.00, real=0.09 secs] 
6050.842: [GC (Allocation Failure) [PSYoungGen: 339136K->141408K(468480K)] 1073754K->971886K(1866752K), 0.0614269 secs] [Times: user=0.37 sys=0.00, real=0.06 secs] 
6052.613: [GC (Allocation Failure) [PSYoungGen: 379488K->130432K(368640K)] 1209966K->1102330K(1766912K), 0.0671901 secs] [Times: user=0.40 sys=0.00, real=0.07 secs] 
6054.117: [GC (Allocation Failure) [PSYoungGen: 368512K->2624K(447488K)] 1340410K->974570K(1845760K), 0.0023815 secs] [Times: user=0.01 sys=0.00, real=0.01 secs] 
6055.405: [GC (Allocation Failure) [PSYoungGen: 233536K->152416K(459776K)] 1205482K->1125727K(1858048K), 0.0307681 secs] [Times: user=0.18 sys=0.00, real=0.03 secs] 
6057.665: [GC (Allocation Failure) [PSYoungGen: 383328K->6528K(464384K)] 1356639K->979939K(1862656K), 0.0038757 secs] [Times: user=0.02 sys=0.00, real=0.01 secs] 
6058.851: [GC (Allocation Failure) [PSYoungGen: 239488K->164128K(465920K)] 1212899K->1142840K(1864192K), 0.0341520 secs] [Times: user=0.20 sys=0.00, real=0.03 secs] 
6060.620: [GC (Allocation Failure) [PSYoungGen: 397088K->98784K(465920K)] 1375800K->1232876K(1864192K), 0.0733811 secs] [Times: user=0.44 sys=0.00, real=0.07 secs] 
6062.170: [GC (Allocation Failure) [PSYoungGen: 326770K->164448K(465920K)] 1460863K->1395305K(1864192K), 0.0529230 secs] [Times: user=0.32 sys=0.00, real=0.05 secs] 
6062.223: [Full GC (Ergonomics) [PSYoungGen: 164448K->0K(465920K)] [ParOldGen: 1230857K->196681K(1398272K)] 1395305K->196681K(1864192K), [Metaspace: 59692K->59692K(1105920K)], 0.4785948 secs] [Times: user=2.22 sys=0.00, real=0.48 secs] 
6064.626: [GC (Allocation Failure) [PSYoungGen: 232960K->94560K(465920K)] 429641K->291241K(1864192K), 0.0299311 secs] [Times: user=0.18 sys=0.00, real=0.03 secs] 
6066.394: [GC (Allocation Failure) [PSYoungGen: 311341K->156800K(465920K)] 508022K->444118K(1864192K), 0.0479901 secs] [Times: user=0.28 sys=0.00, real=0.05 secs] 
6067.832: [GC (Allocation Failure) [PSYoungGen: 389760K->98496K(459776K)] 677078K->533598K(1858048K), 0.0930800 secs] [Times: user=0.55 sys=0.01, real=0.09 secs] 
6069.156: [GC (Allocation Failure) [PSYoungGen: 331456K->164576K(462848K)] 766558K->695007K(1861120K), 0.0733013 secs] [Times: user=0.43 sys=0.00, real=0.08 secs] 
6072.068: [GC (Allocation Failure) [PSYoungGen: 397536K->90368K(465920K)] 927967K->785359K(1864192K), 0.1007227 secs] [Times: user=0.60 sys=0.00, real=0.11 secs] 
6072.558: [GC (Allocation Failure) [PSYoungGen: 326400K->189408K(465920K)] 1021391K->970866K(1864192K), 0.0584103 secs] [Times: user=0.34 sys=0.00, real=0.06 secs] 
6075.118: [GC (Allocation Failure) [PSYoungGen: 425440K->89568K(465920K)] 1206898K->1043742K(1864192K), 0.1357605 secs] [Times: user=0.80 sys=0.01, real=0.14 secs] 
6075.974: [GC (Allocation Failure) [PSYoungGen: 322528K->175008K(465920K)] 1276702K->1212840K(1864192K), 0.0776219 secs] [Times: user=0.46 sys=0.00, real=0.08 secs] 
6079.161: [GC (Allocation Failure) [PSYoungGen: 407968K->82656K(465920K)] 1445800K->1295392K(1864192K), 0.1319589 secs] [Times: user=0.79 sys=0.00, real=0.13 secs] 
6079.293: [Full GC (Ergonomics) [PSYoungGen: 82656K->0K(465920K)] [ParOldGen: 1212736K->94403K(1398272K)] 1295392K->94403K(1864192K), [Metaspace: 59692K->59692K(1105920K)], 0.2385082 secs] [Times: user=1.10 sys=0.01, real=0.24 secs] 
6080.507: [GC (Allocation Failure) [PSYoungGen: 228636K->201568K(465920K)] 323040K->295972K(1864192K), 0.0491812 secs] [Times: user=0.30 sys=0.00, real=0.05 secs] 
6082.782: [GC (Allocation Failure) [PSYoungGen: 434528K->93056K(465920K)] 528932K->352227K(1864192K), 0.1009672 secs] [Times: user=0.60 sys=0.00, real=0.10 secs] 
6084.007: [GC (Allocation Failure) [PSYoungGen: 326016K->150624K(465920K)] 585187K->496339K(1864192K), 0.0609576 secs] [Times: user=0.36 sys=0.00, real=0.06 secs] 
6085.165: [GC (Allocation Failure) [PSYoungGen: 383584K->115040K(465920K)] 729299K->611547K(1864192K), 0.0916053 secs] [Times: user=0.54 sys=0.00, real=0.09 secs] 
6086.443: [GC (Allocation Failure) [PSYoungGen: 348000K->132960K(366080K)] 844507K->734031K(1764352K), 0.0610486 secs] [Times: user=0.36 sys=0.00, real=0.06 secs] 
6088.648: [GC (Allocation Failure) [PSYoungGen: 365920K->130272K(473600K)] 966991K->864383K(1871872K), 0.0728645 secs] [Times: user=0.43 sys=0.00, real=0.08 secs] 
6090.539: [GC (Allocation Failure) [PSYoungGen: 372960K->2464K(463872K)] 1107071K->736591K(1862144K), 0.0026204 secs] [Times: user=0.01 sys=0.00, real=0.00 secs] 
6092.152: [GC (Allocation Failure) [PSYoungGen: 245152K->160640K(465920K)] 979279K->895932K(1864192K), 0.0315558 secs] [Times: user=0.18 sys=0.00, real=0.03 secs] 
6093.769: [GC (Allocation Failure) [PSYoungGen: 393600K->100992K(334336K)] 1128892K->987716K(1732608K), 0.0687897 secs] [Times: user=0.41 sys=0.00, real=0.06 secs] 
6094.483: [GC (Allocation Failure) [PSYoungGen: 332297K->169696K(459776K)] 1219022K->1155454K(1858048K), 0.0541327 secs] [Times: user=0.31 sys=0.00, real=0.05 secs] 
6096.498: [GC (Allocation Failure) [PSYoungGen: 399584K->93728K(462848K)] 1385342K->1240534K(1861120K), 0.0691346 secs] [Times: user=0.41 sys=0.01, real=0.07 secs] 
6097.891: [GC (Allocation Failure) [PSYoungGen: 323616K->199392K(464384K)] 1470422K->1434963K(1862656K), 0.1076717 secs] [Times: user=0.63 sys=0.01, real=0.10 secs] 
6097.998: [Full GC (Ergonomics) [PSYoungGen: 199392K->0K(464384K)] [ParOldGen: 1235571K->204477K(1398272K)] 1434963K->204477K(1862656K), [Metaspace: 59692K->59692K(1105920K)], 0.5161636 secs] [Times: user=2.36 sys=0.00, real=0.52 secs] 
6100.573: [GC (Allocation Failure) [PSYoungGen: 232960K->85024K(465920K)] 437437K->289501K(1864192K), 0.1797679 secs] [Times: user=1.07 sys=0.00, real=0.18 secs] 
6102.609: [GC (Allocation Failure) [PSYoungGen: 317984K->180512K(465920K)] 522461K->465898K(1864192K), 0.0544129 secs] [Times: user=0.32 sys=0.00, real=0.05 secs] 
6104.577: [GC (Allocation Failure) [PSYoungGen: 412967K->90560K(465920K)] 698353K->539474K(1864192K), 0.1626913 secs] [Times: user=0.97 sys=0.00, real=0.17 secs] 
6105.299: [GC (Allocation Failure) [PSYoungGen: 323520K->169888K(465920K)] 772434K->705015K(1864192K), 0.0571693 secs] [Times: user=0.34 sys=0.00, real=0.05 secs] 
6107.782: [GC (Allocation Failure) [PSYoungGen: 402848K->87872K(465920K)] 937975K->792699K(1864192K), 0.1167084 secs] [Times: user=0.69 sys=0.00, real=0.11 secs] 
6109.544: [GC (Allocation Failure) [PSYoungGen: 320832K->186784K(465920K)] 1025659K->973346K(1864192K), 0.1420814 secs] [Times: user=0.84 sys=0.00, real=0.14 secs] 
6111.181: [GC (Allocation Failure) [PSYoungGen: 419744K->94432K(465920K)] 1206306K->1051554K(1864192K), 0.1255220 secs] [Times: user=0.74 sys=0.00, real=0.12 secs] 
6113.687: [GC (Allocation Failure) [PSYoungGen: 325326K->194880K(465920K)] 1282449K->1240607K(1864192K), 0.0630375 secs] [Times: user=0.37 sys=0.00, real=0.07 secs] 
6114.839: [GC (Allocation Failure) [PSYoungGen: 423668K->93152K(465920K)] 1469395K->1299151K(1864192K), 0.1137073 secs] [Times: user=0.67 sys=0.00, real=0.11 secs] 
6114.953: [Full GC (Ergonomics) [PSYoungGen: 93152K->0K(465920K)] [ParOldGen: 1205999K->107770K(1398272K)] 1299151K->107770K(1864192K), [Metaspace: 59692K->59692K(1105920K)], 0.2657842 secs] [Times: user=1.22 sys=0.00, real=0.26 secs] 
6116.335: [GC (Allocation Failure) [PSYoungGen: 232960K->151616K(465920K)] 340730K->259386K(1864192K), 0.0431454 secs] [Times: user=0.25 sys=0.00, real=0.04 secs] 
6118.215: [GC (Allocation Failure) [PSYoungGen: 384576K->106752K(465920K)] 492346K->365482K(1864192K), 0.0927780 secs] [Times: user=0.55 sys=0.00, real=0.09 secs] 
6119.612: [GC (Allocation Failure) [PSYoungGen: 339712K->140928K(465920K)] 598442K->495979K(1864192K), 0.0607873 secs] [Times: user=0.36 sys=0.00, real=0.06 secs] 
6121.656: [GC (Allocation Failure) [PSYoungGen: 373888K->124960K(358400K)] 728939K->621075K(1756672K), 0.0782964 secs] [Times: user=0.46 sys=0.00, real=0.08 secs] 
6123.169: [GC (Allocation Failure) [PSYoungGen: 357920K->122560K(469504K)] 854035K->733498K(1867776K), 0.0629193 secs] [Times: user=0.37 sys=0.00, real=0.06 secs] 
6125.247: [GC (Allocation Failure) [PSYoungGen: 363712K->145824K(461312K)] 974650K->879514K(1859584K), 0.0601879 secs] [Times: user=0.35 sys=0.00, real=0.06 secs] 
6126.807: [GC (Allocation Failure) [PSYoungGen: 386976K->9408K(455168K)] 1120666K->743122K(1853440K), 0.0049511 secs] [Times: user=0.02 sys=0.00, real=0.01 secs] 
6128.684: [GC (Allocation Failure) [PSYoungGen: 247488K->167424K(406016K)] 981202K->908583K(1804288K), 0.0352229 secs] [Times: user=0.21 sys=0.00, real=0.04 secs] 
6130.027: [GC (Allocation Failure) [PSYoungGen: 405504K->102176K(470528K)] 1146663K->1001999K(1868800K), 0.0709768 secs] [Times: user=0.42 sys=0.00, real=0.07 secs] 
6131.095: [GC (Allocation Failure) [PSYoungGen: 339744K->172480K(465920K)] 1239567K->1170867K(1864192K), 0.0546461 secs] [Times: user=0.32 sys=0.00, real=0.06 secs] 
6132.780: [GC (Allocation Failure) [PSYoungGen: 410048K->92448K(467456K)] 1408435K->1262611K(1865728K), 0.1380693 secs] [Times: user=0.82 sys=0.00, real=0.13 secs] 
6132.918: [Full GC (Ergonomics) [PSYoungGen: 92448K->0K(467456K)] [ParOldGen: 1170163K->66065K(1398272K)] 1262611K->66065K(1865728K), [Metaspace: 59692K->59692K(1105920K)], 0.1681856 secs] [Times: user=0.75 sys=0.01, real=0.17 secs] 
6134.302: [GC (Allocation Failure) [PSYoungGen: 234496K->174912K(465920K)] 300561K->240977K(1864192K), 0.0528161 secs] [Times: user=0.31 sys=0.01, real=0.05 secs] 
6137.479: [GC (Allocation Failure) [PSYoungGen: 409408K->84768K(465920K)] 475473K->325933K(1864192K), 0.1432993 secs] [Times: user=0.85 sys=0.00, real=0.14 secs] 
6139.320: [GC (Allocation Failure) [PSYoungGen: 317728K->210400K(465920K)] 558893K->530010K(1864192K), 0.0574646 secs] [Times: user=0.35 sys=0.00, real=0.05 secs] 
6141.934: [GC (Allocation Failure) [PSYoungGen: 443360K->85056K(465920K)] 762970K->581450K(1864192K), 0.1081823 secs] [Times: user=0.65 sys=0.00, real=0.11 secs] 
6143.782: [GC (Allocation Failure) [PSYoungGen: 316242K->196608K(465920K)] 812637K->771839K(1864192K), 0.0666884 secs] [Times: user=0.40 sys=0.00, real=0.06 secs] 
6145.614: [GC (Allocation Failure) [PSYoungGen: 423973K->93216K(465920K)] 999204K->827691K(1864192K), 0.0970027 secs] [Times: user=0.58 sys=0.01, real=0.10 secs] 
6146.807: [GC (Allocation Failure) [PSYoungGen: 326176K->151040K(465920K)] 1060651K->972071K(1864192K), 0.0605384 secs] [Times: user=0.35 sys=0.01, real=0.06 secs] 
6148.507: [GC (Allocation Failure) [PSYoungGen: 384000K->107392K(465920K)] 1205031K->1079463K(1864192K), 0.0890988 secs] [Times: user=0.52 sys=0.00, real=0.09 secs] 
6150.496: [GC (Allocation Failure) [PSYoungGen: 340352K->140640K(465920K)] 1312423K->1209646K(1864192K), 0.0614335 secs] [Times: user=0.37 sys=0.00, real=0.06 secs] 
6152.865: [GC (Allocation Failure) [PSYoungGen: 373600K->121696K(458752K)] 1442606K->1331479K(1857024K), 0.0824784 secs] [Times: user=0.49 sys=0.00, real=0.08 secs] 
6152.948: [Full GC (Ergonomics) [PSYoungGen: 121696K->0K(458752K)] [ParOldGen: 1209782K->135666K(1398272K)] 1331479K->135666K(1857024K), [Metaspace: 59692K->59692K(1105920K)], 0.3140455 secs] [Times: user=1.42 sys=0.00, real=0.32 secs] 
6154.828: [GC (Allocation Failure) [PSYoungGen: 232960K->125504K(462336K)] 368626K->261170K(1860608K), 0.0459995 secs] [Times: user=0.27 sys=0.00, real=0.05 secs] 
6156.348: [GC (Allocation Failure) [PSYoungGen: 358464K->140576K(464384K)] 494130K->402002K(1862656K), 0.0698745 secs] [Times: user=0.41 sys=0.00, real=0.07 secs] 
6157.570: [GC (Allocation Failure) [PSYoungGen: 389408K->11104K(464384K)] 650834K->272610K(1862656K), 0.0033273 secs] [Times: user=0.02 sys=0.00, real=0.00 secs] 
6159.592: [GC (Allocation Failure) [PSYoungGen: 259936K->173824K(460288K)] 521442K->444223K(1858560K), 0.0361210 secs] [Times: user=0.22 sys=0.00, real=0.03 secs] 
6160.870: [GC (Allocation Failure) [PSYoungGen: 406784K->100640K(465920K)] 677183K->535959K(1864192K), 0.1088088 secs] [Times: user=0.65 sys=0.00, real=0.11 secs] 
6161.589: [GC (Allocation Failure) [PSYoungGen: 333600K->168480K(462848K)] 768919K->701060K(1861120K), 0.0523425 secs] [Times: user=0.31 sys=0.00, real=0.05 secs] 
6164.042: [GC (Allocation Failure) [PSYoungGen: 401440K->88672K(465920K)] 934020K->789377K(1864192K), 0.1228409 secs] [Times: user=0.73 sys=0.01, real=0.12 secs] 
6165.536: [GC (Allocation Failure) [PSYoungGen: 321632K->171424K(464896K)] 1022337K->955273K(1863168K), 0.1086905 secs] [Times: user=0.65 sys=0.00, real=0.11 secs] 
6168.704: [GC (Allocation Failure) [PSYoungGen: 404384K->84224K(465920K)] 1188233K->1039689K(1864192K), 0.1606421 secs] [Times: user=0.96 sys=0.00, real=0.16 secs] 
6169.228: [GC (Allocation Failure) [PSYoungGen: 317184K->175552K(465920K)] 1272649K->1208987K(1864192K), 0.0622067 secs] [Times: user=0.36 sys=0.00, real=0.07 secs] 
6171.223: [GC (Allocation Failure) [PSYoungGen: 408512K->94592K(465920K)] 1441947K->1303787K(1864192K), 0.1212619 secs] [Times: user=0.73 sys=0.00, real=0.12 secs] 
6171.344: [Full GC (Ergonomics) [PSYoungGen: 94592K->0K(465920K)] [ParOldGen: 1209195K->102533K(1398272K)] 1303787K->102533K(1864192K), [Metaspace: 59692K->59692K(1105920K)], 0.2504675 secs] [Times: user=1.14 sys=0.00, real=0.25 secs] 
6172.642: [GC (Allocation Failure) [PSYoungGen: 232960K->157024K(465920K)] 335493K->259557K(1864192K), 0.0454404 secs] [Times: user=0.27 sys=0.00, real=0.04 secs] 
6174.555: [GC (Allocation Failure) [PSYoungGen: 389984K->101664K(334848K)] 492517K->360337K(1733120K), 0.0983638 secs] [Times: user=0.59 sys=0.00, real=0.10 secs] 
6175.812: [GC (Allocation Failure) [PSYoungGen: 334624K->146112K(467968K)] 593297K->496160K(1866240K), 0.0603435 secs] [Times: user=0.36 sys=0.00, real=0.06 secs] 
6177.291: [GC (Allocation Failure) [PSYoungGen: 382144K->123008K(359424K)] 732192K->619104K(1757696K), 0.0675572 secs] [Times: user=0.40 sys=0.00, real=0.06 secs] 
6179.029: [GC (Allocation Failure) [PSYoungGen: 359040K->384K(445440K)] 855136K->496512K(1843712K), 0.0017392 secs] [Times: user=0.01 sys=0.00, real=0.00 secs] 
6181.140: [GC (Allocation Failure) [PSYoungGen: 226176K->137088K(457728K)] 722304K->633232K(1856000K), 0.0368518 secs] [Times: user=0.21 sys=0.00, real=0.03 secs] 
6182.293: [GC (Allocation Failure) [PSYoungGen: 362880K->2240K(461312K)] 859024K->498476K(1859584K), 0.0018939 secs] [Times: user=0.01 sys=0.00, real=0.00 secs] 
6183.610: [GC (Allocation Failure) [PSYoungGen: 235200K->160896K(465920K)] 731436K->657937K(1864192K), 0.0304205 secs] [Times: user=0.18 sys=0.00, real=0.03 secs] 
6184.830: [GC (Allocation Failure) [PSYoungGen: 393856K->8672K(465920K)] 890897K->505857K(1864192K), 0.0029682 secs] [Times: user=0.02 sys=0.00, real=0.00 secs] 
6186.345: [GC (Allocation Failure) [PSYoungGen: 241632K->166880K(465920K)] 738817K->671099K(1864192K), 0.0347333 secs] [Times: user=0.21 sys=0.00, real=0.04 secs] 
6187.709: [GC (Allocation Failure) [PSYoungGen: 398734K->98592K(465920K)] 902953K->760855K(1864192K), 0.0684221 secs] [Times: user=0.41 sys=0.00, real=0.06 secs] 
6189.359: [GC (Allocation Failure) [PSYoungGen: 319233K->159808K(465920K)] 981496K->918860K(1864192K), 0.0516067 secs] [Times: user=0.31 sys=0.00, real=0.05 secs] 
6190.591: [GC (Allocation Failure) [PSYoungGen: 392768K->95264K(465920K)] 1151820K->1005560K(1864192K), 0.0688429 secs] [Times: user=0.41 sys=0.00, real=0.07 secs] 
6192.731: [GC (Allocation Failure) [PSYoungGen: 328224K->163744K(465920K)] 1238520K->1166386K(1864192K), 0.1169065 secs] [Times: user=0.69 sys=0.00, real=0.11 secs] 
6195.578: [GC (Allocation Failure) [PSYoungGen: 396704K->93664K(465920K)] 1399346K->1259898K(1864192K), 0.1778189 secs] [Times: user=1.06 sys=0.00, real=0.18 secs] 
6195.756: [Full GC (Ergonomics) [PSYoungGen: 93664K->0K(465920K)] [ParOldGen: 1166234K->60791K(1398272K)] 1259898K->60791K(1864192K), [Metaspace: 59692K->59692K(1105920K)], 0.1700757 secs] [Times: user=0.77 sys=0.01, real=0.17 secs] 
6196.904: [GC (Allocation Failure) [PSYoungGen: 232960K->164672K(465920K)] 293751K->225463K(1864192K), 0.0333057 secs] [Times: user=0.20 sys=0.00, real=0.03 secs] 
6199.015: [GC (Allocation Failure) [PSYoungGen: 397632K->94784K(465920K)] 458423K->319227K(1864192K), 0.0861629 secs] [Times: user=0.51 sys=0.00, real=0.09 secs] 
6199.717: [GC (Allocation Failure) [PSYoungGen: 327744K->175744K(465920K)] 552187K->489196K(1864192K), 0.0839613 secs] [Times: user=0.50 sys=0.00, real=0.09 secs] 
6203.231: [GC (Allocation Failure) [PSYoungGen: 408704K->83264K(465920K)] 722156K->572308K(1864192K), 0.1387315 secs] [Times: user=0.82 sys=0.00, real=0.14 secs] 
6203.941: [GC (Allocation Failure) [PSYoungGen: 312573K->206688K(465920K)] 801617K->768352K(1864192K), 0.0604900 secs] [Times: user=0.36 sys=0.01, real=0.06 secs] 
6206.065: [GC (Allocation Failure) [PSYoungGen: 439648K->87264K(465920K)] 1001312K->820952K(1864192K), 0.1226374 secs] [Times: user=0.72 sys=0.01, real=0.12 secs] 
6207.892: [GC (Allocation Failure) [PSYoungGen: 320224K->157568K(465920K)] 1053912K->971248K(1864192K), 0.0601430 secs] [Times: user=0.35 sys=0.00, real=0.06 secs] 
6209.406: [GC (Allocation Failure) [PSYoungGen: 390528K->109024K(465920K)] 1204208K->1080512K(1864192K), 0.0954841 secs] [Times: user=0.57 sys=0.00, real=0.10 secs] 
6210.664: [GC (Allocation Failure) [PSYoungGen: 341984K->148192K(465920K)] 1313472K->1209260K(1864192K), 0.0614302 secs] [Times: user=0.36 sys=0.00, real=0.06 secs] 
6212.901: [GC (Allocation Failure) [PSYoungGen: 381152K->120480K(460800K)] 1442220K->1329852K(1859072K), 0.0784751 secs] [Times: user=0.47 sys=0.00, real=0.08 secs] 
6212.980: [Full GC (Ergonomics) [PSYoungGen: 120480K->0K(460800K)] [ParOldGen: 1209372K->135024K(1398272K)] 1329852K->135024K(1859072K), [Metaspace: 59692K->59692K(1105920K)], 0.3110523 secs] [Times: user=1.41 sys=0.00, real=0.31 secs] 
6214.963: [GC (Allocation Failure) [PSYoungGen: 232960K->127264K(360448K)] 367984K->262296K(1758720K), 0.0480251 secs] [Times: user=0.28 sys=0.00, real=0.05 secs] 
6217.648: [GC (Allocation Failure) [PSYoungGen: 360224K->134944K(466944K)] 495256K->397056K(1865216K), 0.0770620 secs] [Times: user=0.46 sys=0.00, real=0.08 secs] 
6218.863: [GC (Allocation Failure) [PSYoungGen: 381728K->5600K(460800K)] 643840K->267760K(1859072K), 0.0026150 secs] [Times: user=0.01 sys=0.00, real=0.00 secs] 
6220.871: [GC (Allocation Failure) [PSYoungGen: 252384K->171616K(459264K)] 514544K->437973K(1857536K), 0.0341785 secs] [Times: user=0.20 sys=0.00, real=0.03 secs] 
6222.529: [GC (Allocation Failure) [PSYoungGen: 404576K->99584K(465920K)] 670933K->528921K(1864192K), 0.0703189 secs] [Times: user=0.42 sys=0.01, real=0.07 secs] 
6224.317: [GC (Allocation Failure) [PSYoungGen: 317148K->158816K(462848K)] 746485K->684042K(1861120K), 0.0510151 secs] [Times: user=0.30 sys=0.00, real=0.05 secs] 
6226.244: [GC (Allocation Failure) [PSYoungGen: 393824K->99168K(334336K)] 919050K->774194K(1732608K), 0.0674631 secs] [Times: user=0.39 sys=0.01, real=0.07 secs] 
6227.793: [GC (Allocation Failure) [PSYoungGen: 334176K->166048K(458240K)] 1009202K->936351K(1856512K), 0.0544451 secs] [Times: user=0.32 sys=0.00, real=0.05 secs] 
6229.955: [GC (Allocation Failure) [PSYoungGen: 399008K->92416K(464384K)] 1169311K->1028191K(1862656K), 0.1342864 secs] [Times: user=0.79 sys=0.00, real=0.14 secs] 
6231.095: [GC (Allocation Failure) [PSYoungGen: 325376K->187232K(459264K)] 1261151K->1209387K(1857536K), 0.0577232 secs] [Times: user=0.34 sys=0.01, real=0.06 secs] 
6233.546: [GC (Allocation Failure) [PSYoungGen: 420192K->86720K(465920K)] 1442347K->1279255K(1864192K), 0.1813333 secs] [Times: user=1.08 sys=0.01, real=0.18 secs] 
6233.727: [Full GC (Ergonomics) [PSYoungGen: 86720K->0K(465920K)] [ParOldGen: 1192535K->77448K(1398272K)] 1279255K->77448K(1864192K), [Metaspace: 59694K->59694K(1105920K)], 0.2135020 secs] [Times: user=1.00 sys=0.00, real=0.22 secs] 
6234.264: [GC (Allocation Failure) [PSYoungGen: 232960K->178784K(465920K)] 310408K->256232K(1864192K), 0.0415977 secs] [Times: user=0.25 sys=0.00, real=0.04 secs] 
6236.625: [GC (Allocation Failure) [PSYoungGen: 411744K->90560K(465920K)] 489192K->347136K(1864192K), 0.1225654 secs] [Times: user=0.73 sys=0.00, real=0.12 secs] 
6237.772: [GC (Allocation Failure) [PSYoungGen: 318511K->197152K(465920K)] 575087K->534005K(1864192K), 0.0676050 secs] [Times: user=0.40 sys=0.00, real=0.07 secs] 
6239.228: [GC (Allocation Failure) [PSYoungGen: 427709K->93440K(465920K)] 764562K->590765K(1864192K), 0.1045839 secs] [Times: user=0.62 sys=0.00, real=0.11 secs] 
6240.608: [GC (Allocation Failure) [PSYoungGen: 326400K->150656K(465920K)] 823725K->734560K(1864192K), 0.0603380 secs] [Times: user=0.36 sys=0.00, real=0.06 secs] 
6241.452: [GC (Allocation Failure) [PSYoungGen: 383616K->115168K(465920K)] 967520K->849944K(1864192K), 0.0734268 secs] [Times: user=0.44 sys=0.00, real=0.07 secs] 
6242.941: [GC (Allocation Failure) [PSYoungGen: 348128K->133024K(455680K)] 1082904K->972645K(1853952K), 0.0622515 secs] [Times: user=0.37 sys=0.00, real=0.06 secs] 
6244.459: [GC (Allocation Failure) [PSYoungGen: 365984K->133856K(460800K)] 1205605K->1106405K(1859072K), 0.0607687 secs] [Times: user=0.36 sys=0.01, real=0.07 secs] 
6246.053: [GC (Allocation Failure) [PSYoungGen: 366816K->2080K(453120K)] 1339365K->974653K(1851392K), 0.0023855 secs] [Times: user=0.01 sys=0.01, real=0.00 secs] 
6248.227: [GC (Allocation Failure) [PSYoungGen: 236064K->148672K(466432K)] 1208637K->1122181K(1864704K), 0.0330125 secs] [Times: user=0.20 sys=0.00, real=0.04 secs] 
6249.739: [GC (Allocation Failure) [PSYoungGen: 382656K->5856K(465408K)] 1356165K->979453K(1863680K), 0.0031120 secs] [Times: user=0.01 sys=0.00, real=0.00 secs] 
6251.337: [GC (Allocation Failure) [PSYoungGen: 238816K->164608K(465920K)] 1212413K->1142719K(1864192K), 0.0334435 secs] [Times: user=0.20 sys=0.00, real=0.04 secs] 
6252.641: [GC (Allocation Failure) [PSYoungGen: 397568K->98880K(465920K)] 1375679K->1232911K(1864192K), 0.0684166 secs] [Times: user=0.41 sys=0.00, real=0.07 secs] 
6254.740: [GC (Allocation Failure) [PSYoungGen: 326031K->164512K(465920K)] 1460063K->1394672K(1864192K), 0.0527382 secs] [Times: user=0.32 sys=0.00, real=0.05 secs] 
6254.793: [Full GC (Ergonomics) [PSYoungGen: 164512K->0K(465920K)] [ParOldGen: 1230160K->196129K(1398272K)] 1394672K->196129K(1864192K), [Metaspace: 59694K->59694K(1105920K)], 0.4818068 secs] [Times: user=2.25 sys=0.00, real=0.48 secs] 
6256.694: [GC (Allocation Failure) [PSYoungGen: 232960K->98560K(465920K)] 429089K->294689K(1864192K), 0.0511271 secs] [Times: user=0.30 sys=0.01, real=0.05 secs] 
6258.488: [GC (Allocation Failure) [PSYoungGen: 331520K->164960K(465920K)] 527649K->456734K(1864192K), 0.0508739 secs] [Times: user=0.30 sys=0.00, real=0.06 secs] 
6261.739: [GC (Allocation Failure) [PSYoungGen: 397920K->87040K(465920K)] 689694K->543210K(1864192K), 0.1607111 secs] [Times: user=0.96 sys=0.00, real=0.16 secs] 
6262.903: [GC (Allocation Failure) [PSYoungGen: 320000K->184192K(465920K)] 776170K->723838K(1864192K), 0.0563911 secs] [Times: user=0.34 sys=0.00, real=0.06 secs] 
6266.332: [GC (Allocation Failure) [PSYoungGen: 417152K->82304K(465920K)] 956798K->789202K(1864192K), 0.1775583 secs] [Times: user=1.05 sys=0.00, real=0.18 secs] 
6267.439: [GC (Allocation Failure) [PSYoungGen: 315264K->177280K(465920K)] 1022162K->959975K(1864192K), 0.0881991 secs] [Times: user=0.52 sys=0.00, real=0.08 secs] 
6270.990: [GC (Allocation Failure) [PSYoungGen: 410240K->77696K(465920K)] 1192935K->1037931K(1864192K), 0.1677075 secs] [Times: user=1.00 sys=0.00, real=0.16 secs] 
6271.920: [GC (Allocation Failure) [PSYoungGen: 310656K->176448K(465920K)] 1270891K->1207592K(1864192K), 0.1061282 secs] [Times: user=0.63 sys=0.00, real=0.10 secs] 
6274.631: [GC (Allocation Failure) [PSYoungGen: 409408K->90592K(465920K)] 1440552K->1298424K(1864192K), 0.1291756 secs] [Times: user=0.77 sys=0.00, real=0.13 secs] 
6274.760: [Full GC (Ergonomics) [PSYoungGen: 90592K->0K(465920K)] [ParOldGen: 1207832K->98090K(1398272K)] 1298424K->98090K(1864192K), [Metaspace: 59694K->59694K(1105920K)], 0.2442516 secs] [Times: user=1.13 sys=0.00, real=0.24 secs] 
6276.079: [GC (Allocation Failure) [PSYoungGen: 232960K->161248K(465920K)] 331050K->259338K(1864192K), 0.0466428 secs] [Times: user=0.28 sys=0.00, real=0.04 secs] 
6278.187: [GC (Allocation Failure) [PSYoungGen: 391486K->93216K(465920K)] 489576K->352398K(1864192K), 0.1089484 secs] [Times: user=0.64 sys=0.01, real=0.11 secs] 
6279.442: [GC (Allocation Failure) [PSYoungGen: 326176K->150784K(465920K)] 585358K->496523K(1864192K), 0.0604716 secs] [Times: user=0.36 sys=0.00, real=0.06 secs] 
6280.197: [GC (Allocation Failure) [PSYoungGen: 383744K->115168K(463872K)] 729483K->611931K(1862144K), 0.0936118 secs] [Times: user=0.55 sys=0.00, real=0.10 secs] 
6282.097: [GC (Allocation Failure) [PSYoungGen: 348128K->132352K(365568K)] 844891K->733906K(1763840K), 0.0616902 secs] [Times: user=0.37 sys=0.00, real=0.07 secs] 
6284.137: [GC (Allocation Failure) [PSYoungGen: 365312K->132320K(466944K)] 966866K->866314K(1865216K), 0.0643822 secs] [Times: user=0.38 sys=0.00, real=0.07 secs] 
6285.365: [GC (Allocation Failure) [PSYoungGen: 375520K->2528K(459776K)] 1109514K->736598K(1858048K), 0.0021092 secs] [Times: user=0.01 sys=0.00, real=0.00 secs] 
6286.928: [GC (Allocation Failure) [PSYoungGen: 245728K->165792K(461824K)] 979798K->901423K(1860096K), 0.0326899 secs] [Times: user=0.19 sys=0.00, real=0.04 secs] 
6288.026: [GC (Allocation Failure) [PSYoungGen: 398752K->98752K(331776K)] 1134383K->991495K(1730048K), 0.0692604 secs] [Times: user=0.41 sys=0.00, real=0.07 secs] 
6290.324: [GC (Allocation Failure) [PSYoungGen: 328633K->166016K(460800K)] 1221376K->1155396K(1859072K), 0.0529778 secs] [Times: user=0.31 sys=0.01, real=0.05 secs] 
6291.693: [GC (Allocation Failure) [PSYoungGen: 398464K->94720K(465408K)] 1387844K->1241500K(1863680K), 0.0693539 secs] [Times: user=0.41 sys=0.01, real=0.07 secs] 
6293.902: [GC (Allocation Failure) [PSYoungGen: 327168K->165280K(461312K)] 1473948K->1403600K(1859584K), 0.0509496 secs] [Times: user=0.30 sys=0.00, real=0.05 secs] 
6293.953: [Full GC (Ergonomics) [PSYoungGen: 165280K->0K(461312K)] [ParOldGen: 1238320K->205786K(1398272K)] 1403600K->205786K(1859584K), [Metaspace: 59694K->59694K(1105920K)], 0.4689168 secs] [Times: user=2.15 sys=0.00, real=0.47 secs] 
6296.309: [GC (Allocation Failure) [PSYoungGen: 232960K->89408K(465920K)] 438746K->295194K(1864192K), 0.1637942 secs] [Times: user=0.96 sys=0.00, real=0.17 secs] 
6297.706: [GC (Allocation Failure) [PSYoungGen: 322368K->169408K(462336K)] 528154K->460231K(1860608K), 0.0549345 secs] [Times: user=0.33 sys=0.00, real=0.06 secs] 
6300.661: [GC (Allocation Failure) [PSYoungGen: 402368K->86272K(465920K)] 693191K->545963K(1864192K), 0.1418211 secs] [Times: user=0.84 sys=0.00, real=0.14 secs] 
6301.573: [GC (Allocation Failure) [PSYoungGen: 319232K->175456K(465408K)] 778923K->715400K(1863680K), 0.0959955 secs] [Times: user=0.57 sys=0.00, real=0.10 secs] 
6305.411: [GC (Allocation Failure) [PSYoungGen: 408416K->82656K(465920K)] 948360K->798292K(1864192K), 0.1388621 secs] [Times: user=0.83 sys=0.00, real=0.14 secs] 
6305.846: [GC (Allocation Failure) [PSYoungGen: 315616K->175680K(465920K)] 1031252K->967968K(1864192K), 0.0646601 secs] [Times: user=0.39 sys=0.00, real=0.07 secs] 
6308.078: [GC (Allocation Failure) [PSYoungGen: 408640K->88736K(465920K)] 1200928K->1056933K(1864192K), 0.1222443 secs] [Times: user=0.73 sys=0.00, real=0.13 secs] 
6311.357: [GC (Allocation Failure) [PSYoungGen: 321696K->156032K(465920K)] 1289893K->1206041K(1864192K), 0.0615135 secs] [Times: user=0.37 sys=0.00, real=0.06 secs] 
6313.431: [GC (Allocation Failure) [PSYoungGen: 388992K->107040K(465920K)] 1439001K->1313321K(1864192K), 0.1073307 secs] [Times: user=0.64 sys=0.00, real=0.10 secs] 
6313.538: [Full GC (Ergonomics) [PSYoungGen: 107040K->0K(465920K)] [ParOldGen: 1206281K->113510K(1398272K)] 1313321K->113510K(1864192K), [Metaspace: 59694K->59694K(1105920K)], 0.2746058 secs] [Times: user=1.20 sys=0.00, real=0.28 secs] 
6315.325: [GC (Allocation Failure) [PSYoungGen: 232960K->150240K(462848K)] 346470K->263750K(1861120K), 0.0541148 secs] [Times: user=0.32 sys=0.00, real=0.06 secs] 
6315.962: [GC (Allocation Failure) [PSYoungGen: 383200K->125568K(358912K)] 496710K->389610K(1757184K), 0.0752919 secs] [Times: user=0.44 sys=0.00, real=0.07 secs] 
6317.860: [GC (Allocation Failure) [PSYoungGen: 358528K->122688K(466944K)] 622570K->502011K(1865216K), 0.0627739 secs] [Times: user=0.38 sys=0.00, real=0.06 secs] 
6319.108: [GC (Allocation Failure) [PSYoungGen: 368448K->153856K(458752K)] 747771K->655879K(1857024K), 0.0579910 secs] [Times: user=0.34 sys=0.00, real=0.06 secs] 
6320.816: [GC (Allocation Failure) [PSYoungGen: 399616K->14976K(462336K)] 901639K->517031K(1860608K), 0.0049995 secs] [Times: user=0.02 sys=0.00, real=0.01 secs] 
6323.259: [GC (Allocation Failure) [PSYoungGen: 255610K->170368K(418816K)] 757665K->684724K(1817088K), 0.0369807 secs] [Times: user=0.22 sys=0.01, real=0.03 secs] 
6324.798: [GC (Allocation Failure) [PSYoungGen: 418688K->109632K(473600K)] 933044K->785468K(1871872K), 0.1037531 secs] [Times: user=0.61 sys=0.00, real=0.11 secs] 
6325.935: [GC (Allocation Failure) [PSYoungGen: 350272K->171456K(465920K)] 1026108K->953285K(1864192K), 0.0554645 secs] [Times: user=0.33 sys=0.00, real=0.06 secs] 
6328.249: [GC (Allocation Failure) [PSYoungGen: 412096K->92928K(468992K)] 1193925K->1045869K(1867264K), 0.1330788 secs] [Times: user=0.79 sys=0.00, real=0.13 secs] 
6329.253: [GC (Allocation Failure) [PSYoungGen: 330496K->176640K(465920K)] 1283437K->1216065K(1864192K), 0.1254735 secs] [Times: user=0.74 sys=0.01, real=0.13 secs] 
6331.094: [GC (Allocation Failure) [PSYoungGen: 413127K->94080K(466432K)] 1452553K->1310233K(1864704K), 0.1171071 secs] [Times: user=0.70 sys=0.00, real=0.12 secs] 
6331.211: [Full GC (Ergonomics) [PSYoungGen: 94080K->0K(466432K)] [ParOldGen: 1216153K->108045K(1398272K)] 1310233K->108045K(1864704K), [Metaspace: 59694K->59694K(1105920K)], 0.2595621 secs] [Times: user=1.18 sys=0.01, real=0.26 secs] 
6333.133: [GC (Allocation Failure) [PSYoungGen: 233472K->151456K(385024K)] 341517K->259501K(1783296K), 0.0427632 secs] [Times: user=0.25 sys=0.01, real=0.04 secs] 
6335.036: [GC (Allocation Failure) [PSYoungGen: 384928K->106528K(471552K)] 492973K->365509K(1869824K), 0.0929775 secs] [Times: user=0.56 sys=0.00, real=0.09 secs] 
6336.746: [GC (Allocation Failure) [PSYoungGen: 346656K->141696K(381952K)] 605637K->496998K(1780224K), 0.0606052 secs] [Times: user=0.36 sys=0.00, real=0.06 secs] 
6338.807: [GC (Allocation Failure) [PSYoungGen: 381824K->136576K(468992K)] 737126K->633006K(1867264K), 0.0693207 secs] [Times: user=0.41 sys=0.00, real=0.07 secs] 
6340.684: [GC (Allocation Failure) [PSYoungGen: 384896K->5696K(463360K)] 881326K->502182K(1861632K), 0.0022807 secs] [Times: user=0.01 sys=0.00, real=0.00 secs] 
6343.999: [GC (Allocation Failure) [PSYoungGen: 254016K->167680K(460288K)] 750502K->667851K(1858560K), 0.0338723 secs] [Times: user=0.20 sys=0.00, real=0.03 secs] 
6345.121: [GC (Allocation Failure) [PSYoungGen: 400640K->100832K(465920K)] 900811K->759343K(1864192K), 0.0782038 secs] [Times: user=0.46 sys=0.00, real=0.08 secs] 
6347.081: [GC (Allocation Failure) [PSYoungGen: 327151K->160576K(461312K)] 985662K->917320K(1859584K), 0.0516075 secs] [Times: user=0.31 sys=0.00, real=0.05 secs] 
6348.381: [GC (Allocation Failure) [PSYoungGen: 394560K->98272K(332288K)] 1151304K->1006844K(1730560K), 0.0999518 secs] [Times: user=0.60 sys=0.00, real=0.10 secs] 
6349.666: [GC (Allocation Failure) [PSYoungGen: 332256K->167840K(457728K)] 1240828K->1171041K(1856000K), 0.0514846 secs] [Times: user=0.31 sys=0.00, real=0.05 secs] 
6351.655: [GC (Allocation Failure) [PSYoungGen: 399593K->88608K(464896K)] 1402794K->1259321K(1863168K), 0.1647317 secs] [Times: user=0.97 sys=0.01, real=0.17 secs] 
6351.820: [Full GC (Ergonomics) [PSYoungGen: 88608K->0K(464896K)] [ParOldGen: 1170713K->63746K(1398272K)] 1259321K->63746K(1863168K), [Metaspace: 59694K->59694K(1105920K)], 0.1732547 secs] [Times: user=0.80 sys=0.00, real=0.17 secs] 
6352.383: [GC (Allocation Failure) [PSYoungGen: 232448K->170816K(460800K)] 296194K->234562K(1859072K), 0.0342417 secs] [Times: user=0.20 sys=0.00, real=0.03 secs] 
6356.558: [GC (Allocation Failure) [PSYoungGen: 403776K->78560K(465920K)] 467522K->313302K(1864192K), 0.1629126 secs] [Times: user=0.96 sys=0.00, real=0.17 secs] 
6357.001: [GC (Allocation Failure) [PSYoungGen: 311520K->179104K(465920K)] 546262K->485935K(1864192K), 0.0561102 secs] [Times: user=0.33 sys=0.00, real=0.05 secs] 
6360.050: [GC (Allocation Failure) [PSYoungGen: 412064K->82816K(465920K)] 718895K->568847K(1864192K), 0.1307662 secs] [Times: user=0.78 sys=0.00, real=0.13 secs] 
6360.893: [GC (Allocation Failure) [PSYoungGen: 315263K->205600K(465920K)] 801294K->768364K(1864192K), 0.0693545 secs] [Times: user=0.42 sys=0.00, real=0.07 secs] 
6363.739: [GC (Allocation Failure) [PSYoungGen: 438560K->85024K(465920K)] 1001324K->819764K(1864192K), 0.1187976 secs] [Times: user=0.71 sys=0.00, real=0.11 secs] 
6365.713: [GC (Allocation Failure) [PSYoungGen: 317984K->159328K(465920K)] 1052724K->972171K(1864192K), 0.0601903 secs] [Times: user=0.36 sys=0.00, real=0.06 secs] 
6367.923: [GC (Allocation Failure) [PSYoungGen: 392288K->98624K(465920K)] 1205131K->1071019K(1864192K), 0.1043834 secs] [Times: user=0.62 sys=0.01, real=0.10 secs] 
6369.186: [GC (Allocation Failure) [PSYoungGen: 331584K->149664K(465920K)] 1303979K->1209810K(1864192K), 0.0608951 secs] [Times: user=0.36 sys=0.00, real=0.06 secs] 
6372.108: [GC (Allocation Failure) [PSYoungGen: 382624K->115872K(465920K)] 1442770K->1325874K(1864192K), 0.0910368 secs] [Times: user=0.54 sys=0.00, real=0.10 secs] 
6372.200: [Full GC (Ergonomics) [PSYoungGen: 115872K->0K(465920K)] [ParOldGen: 1210002K->131487K(1398272K)] 1325874K->131487K(1864192K), [Metaspace: 59694K->59694K(1105920K)], 0.3065001 secs] [Times: user=1.41 sys=0.00, real=0.30 secs] 
6373.610: [GC (Allocation Failure) [PSYoungGen: 232960K->131808K(448512K)] 364447K->263295K(1846784K), 0.0485186 secs] [Times: user=0.28 sys=0.00, real=0.04 secs] 
6375.436: [GC (Allocation Failure) [PSYoungGen: 364768K->131104K(457216K)] 496255K->394703K(1855488K), 0.0847800 secs] [Times: user=0.50 sys=0.00, real=0.09 secs] 
6376.647: [GC (Allocation Failure) [PSYoungGen: 364064K->2272K(457728K)] 627663K->265919K(1856000K), 0.0019066 secs] [Times: user=0.01 sys=0.00, real=0.01 secs] 
6378.290: [GC (Allocation Failure) [PSYoungGen: 244448K->157792K(400384K)] 508095K->422652K(1798656K), 0.0310023 secs] [Times: user=0.19 sys=0.00, real=0.03 secs] 
6379.464: [GC (Allocation Failure) [PSYoungGen: 399968K->110080K(475648K)] 664828K->523516K(1873920K), 0.0780880 secs] [Times: user=0.46 sys=0.01, real=0.08 secs] 
6380.339: [GC (Allocation Failure) [PSYoungGen: 352768K->175712K(465920K)] 766204K->696282K(1864192K), 0.0567705 secs] [Times: user=0.34 sys=0.00, real=0.05 secs] 
6382.743: [GC (Allocation Failure) [PSYoungGen: 418400K->94368K(470528K)] 938970K->790594K(1868800K), 0.1572413 secs] [Times: user=0.93 sys=0.00, real=0.16 secs] 
6383.432: [GC (Allocation Failure) [PSYoungGen: 332448K->177184K(465920K)] 1028674K->963067K(1864192K), 0.0586069 secs] [Times: user=0.35 sys=0.00, real=0.06 secs] 
6386.074: [GC (Allocation Failure) [PSYoungGen: 415264K->92512K(465920K)] 1201147K->1055727K(1864192K), 0.1394495 secs] [Times: user=0.83 sys=0.00, real=0.14 secs] 
6386.870: [GC (Allocation Failure) [PSYoungGen: 325472K->205312K(465920K)] 1288687K->1254724K(1864192K), 0.0620092 secs] [Times: user=0.37 sys=0.00, real=0.06 secs] 
6389.080: [GC (Allocation Failure) [PSYoungGen: 438272K->90592K(465920K)] 1487684K->1308620K(1864192K), 0.1129644 secs] [Times: user=0.66 sys=0.01, real=0.11 secs] 
6389.193: [Full GC (Ergonomics) [PSYoungGen: 90592K->0K(465920K)] [ParOldGen: 1218027K->106287K(1398272K)] 1308620K->106287K(1864192K), [Metaspace: 59695K->59695K(1105920K)], 0.2496082 secs] [Times: user=1.13 sys=0.00, real=0.25 secs] 
6391.535: [GC (Allocation Failure) [PSYoungGen: 232960K->154368K(465920K)] 339247K->260655K(1864192K), 0.0441536 secs] [Times: user=0.26 sys=0.00, real=0.05 secs] 
6394.001: [GC (Allocation Failure) [PSYoungGen: 387328K->102656K(465920K)] 493615K->362943K(1864192K), 0.0955832 secs] [Times: user=0.57 sys=0.00, real=0.09 secs] 
6395.288: [GC (Allocation Failure) [PSYoungGen: 335616K->145280K(465920K)] 595903K->497679K(1864192K), 0.0605464 secs] [Times: user=0.36 sys=0.00, real=0.07 secs] 
6396.492: [GC (Allocation Failure) [PSYoungGen: 378240K->123360K(448512K)] 730639K->620991K(1846784K), 0.0738139 secs] [Times: user=0.43 sys=0.01, real=0.07 secs] 
6399.130: [GC (Allocation Failure) [PSYoungGen: 356320K->124512K(457216K)] 853951K->735019K(1855488K), 0.0624601 secs] [Times: user=0.37 sys=0.00, real=0.06 secs] 
6401.145: [GC (Allocation Failure) [PSYoungGen: 357472K->134400K(462336K)] 967979K->869355K(1860608K), 0.0663798 secs] [Times: user=0.39 sys=0.00, real=0.07 secs] 
6403.069: [GC (Allocation Failure) [PSYoungGen: 393472K->8800K(468480K)] 1128427K->743839K(1866752K), 0.0035889 secs] [Times: user=0.01 sys=0.00, real=0.00 secs] 
6404.690: [GC (Allocation Failure) [PSYoungGen: 258587K->175872K(454656K)] 993627K->917896K(1852928K), 0.0360132 secs] [Times: user=0.22 sys=0.00, real=0.03 secs] 
6406.260: [GC (Allocation Failure) [PSYoungGen: 408832K->100896K(465920K)] 1150856K->1009928K(1864192K), 0.0944027 secs] [Times: user=0.56 sys=0.00, real=0.09 secs] 
6408.581: [GC (Allocation Failure) [PSYoungGen: 333856K->194208K(458752K)] 1242888K->1200381K(1857024K), 0.0535633 secs] [Times: user=0.32 sys=0.00, real=0.05 secs] 
6410.429: [GC (Allocation Failure) [PSYoungGen: 427168K->93120K(465920K)] 1433341K->1259805K(1864192K), 0.1206779 secs] [Times: user=0.72 sys=0.01, real=0.12 secs] 
6410.550: [Full GC (Ergonomics) [PSYoungGen: 93120K->0K(465920K)] [ParOldGen: 1166685K->63492K(1398272K)] 1259805K->63492K(1864192K), [Metaspace: 59695K->59695K(1105920K)], 0.1510012 secs] [Times: user=0.66 sys=0.00, real=0.15 secs] 
6411.531: [GC (Allocation Failure) [PSYoungGen: 232960K->168096K(465920K)] 296452K->231588K(1864192K), 0.0339913 secs] [Times: user=0.20 sys=0.00, real=0.03 secs] 
6414.006: [GC (Allocation Failure) [PSYoungGen: 401056K->89344K(465920K)] 464548K->320368K(1864192K), 0.1671277 secs] [Times: user=0.96 sys=0.00, real=0.17 secs] 
6414.460: [GC (Allocation Failure) [PSYoungGen: 322304K->177024K(465920K)] 553328K->491193K(1864192K), 0.0583884 secs] [Times: user=0.35 sys=0.00, real=0.05 secs] 
6416.812: [GC (Allocation Failure) [PSYoungGen: 409984K->86208K(465920K)] 724153K->577245K(1864192K), 0.1233394 secs] [Times: user=0.73 sys=0.00, real=0.12 secs] 
6418.041: [GC (Allocation Failure) [PSYoungGen: 319168K->163680K(465920K)] 810205K->734213K(1864192K), 0.0620076 secs] [Times: user=0.37 sys=0.00, real=0.06 secs] 
6420.042: [GC (Allocation Failure) [PSYoungGen: 394543K->93600K(465920K)] 965077K->828073K(1864192K), 0.1041704 secs] [Times: user=0.62 sys=0.00, real=0.10 secs] 
6421.267: [GC (Allocation Failure) [PSYoungGen: 326560K->150624K(465920K)] 1061033K->971766K(1864192K), 0.0603587 secs] [Times: user=0.36 sys=0.00, real=0.06 secs] 
6422.288: [GC (Allocation Failure) [PSYoungGen: 383584K->114720K(348160K)] 1204726K->1086766K(1746432K), 0.0953863 secs] [Times: user=0.56 sys=0.00, real=0.10 secs] 
6423.520: [GC (Allocation Failure) [PSYoungGen: 347680K->133472K(468480K)] 1319726K->1209365K(1866752K), 0.0615095 secs] [Times: user=0.36 sys=0.00, real=0.06 secs] 
6424.428: [GC (Allocation Failure) [PSYoungGen: 374112K->146784K(460800K)] 1450005K->1356285K(1859072K), 0.0602007 secs] [Times: user=0.36 sys=0.00, real=0.06 secs] 
6424.488: [Full GC (Ergonomics) [PSYoungGen: 146784K->0K(460800K)] [ParOldGen: 1209501K->162810K(1398272K)] 1356285K->162810K(1859072K), [Metaspace: 59695K->59695K(1105920K)], 0.3825020 secs] [Times: user=1.76 sys=0.00, real=0.39 secs] 
6426.356: [GC (Allocation Failure) [PSYoungGen: 240640K->106624K(473600K)] 403450K->269434K(1871872K), 0.0423660 secs] [Times: user=0.25 sys=0.00, real=0.04 secs] 
6428.553: [GC (Allocation Failure) [PSYoungGen: 361755K->178656K(468992K)] 524566K->446499K(1867264K), 0.0582797 secs] [Times: user=0.35 sys=0.00, real=0.06 secs] 
6430.517: [GC (Allocation Failure) [PSYoungGen: 434656K->106816K(479744K)] 702499K->544783K(1878016K), 0.1105653 secs] [Times: user=0.64 sys=0.01, real=0.11 secs] 
6431.917: [GC (Allocation Failure) [PSYoungGen: 362816K->190752K(446976K)] 800783K->731306K(1845248K), 0.0567740 secs] [Times: user=0.34 sys=0.00, real=0.06 secs] 
6434.093: [GC (Allocation Failure) [PSYoungGen: 446752K->102400K(470016K)] 987306K->833883K(1868288K), 0.1231313 secs] [Times: user=0.74 sys=0.00, real=0.12 secs] 
6436.597: [GC (Allocation Failure) [PSYoungGen: 339968K->151680K(389632K)] 1071451K->979019K(1787904K), 0.0648727 secs] [Times: user=0.39 sys=0.00, real=0.07 secs] 
6439.112: [GC (Allocation Failure) [PSYoungGen: 389248K->108032K(468480K)] 1216587K->1087307K(1866752K), 0.0951338 secs] [Times: user=0.56 sys=0.00, real=0.09 secs] 
6440.828: [GC (Allocation Failure) [PSYoungGen: 350208K->139968K(463872K)] 1329483K->1216560K(1862144K), 0.0618515 secs] [Times: user=0.37 sys=0.00, real=0.07 secs] 
6443.185: [GC (Allocation Failure) [PSYoungGen: 382144K->140800K(471552K)] 1458736K->1357564K(1869824K), 0.0706331 secs] [Times: user=0.42 sys=0.00, real=0.07 secs] 
6443.255: [Full GC (Ergonomics) [PSYoungGen: 140800K->0K(471552K)] [ParOldGen: 1216764K->155375K(1398272K)] 1357564K->155375K(1869824K), [Metaspace: 59695K->59695K(1105920K)], 0.3611006 secs] [Times: user=1.65 sys=0.00, real=0.36 secs] 
6444.707: [GC (Allocation Failure) [PSYoungGen: 256000K->122976K(466432K)] 411375K->278351K(1864704K), 0.0474736 secs] [Times: user=0.28 sys=0.01, real=0.05 secs] 
6446.598: [GC (Allocation Failure) [PSYoungGen: 364835K->169696K(470528K)] 520211K->445788K(1868800K), 0.0618680 secs] [Times: user=0.37 sys=0.00, real=0.07 secs] 
6448.901: [GC (Allocation Failure) [PSYoungGen: 435936K->121920K(477184K)] 712028K->558604K(1875456K), 0.1482517 secs] [Times: user=0.88 sys=0.00, real=0.15 secs] 
6450.158: [GC (Allocation Failure) [PSYoungGen: 385177K->205792K(438784K)] 821862K->777105K(1837056K), 0.0757688 secs] [Times: user=0.45 sys=0.00, real=0.08 secs] 
6452.966: [GC (Allocation Failure) [PSYoungGen: 434584K->92960K(465920K)] 1005897K->832265K(1864192K), 0.1071349 secs] [Times: user=0.64 sys=0.00, real=0.11 secs] 
6454.169: [GC (Allocation Failure) [PSYoungGen: 325920K->150976K(465920K)] 1065225K->976854K(1864192K), 0.0609968 secs] [Times: user=0.36 sys=0.00, real=0.06 secs] 
6456.805: [GC (Allocation Failure) [PSYoungGen: 383936K->107552K(465920K)] 1209814K->1084150K(1864192K), 0.0962153 secs] [Times: user=0.57 sys=0.00, real=0.10 secs] 
6458.033: [GC (Allocation Failure) [PSYoungGen: 340512K->140576K(465920K)] 1317110K->1214223K(1864192K), 0.0620411 secs] [Times: user=0.37 sys=0.00, real=0.06 secs] 
6460.325: [GC (Allocation Failure) [PSYoungGen: 373536K->122784K(465920K)] 1447183K->1336919K(1864192K), 0.0763954 secs] [Times: user=0.45 sys=0.00, real=0.08 secs] 
6460.401: [Full GC (Ergonomics) [PSYoungGen: 122784K->0K(465920K)] [ParOldGen: 1214135K->137947K(1398272K)] 1336919K->137947K(1864192K), [Metaspace: 59695K->59695K(1105920K)], 0.3173470 secs] [Times: user=1.45 sys=0.00, real=0.32 secs] 
6461.821: [GC (Allocation Failure) [PSYoungGen: 232960K->125888K(465920K)] 370907K->263835K(1864192K), 0.0450899 secs] [Times: user=0.26 sys=0.00, real=0.04 secs] 
6463.117: [GC (Allocation Failure) [PSYoungGen: 358848K->148608K(381952K)] 496795K->412616K(1780224K), 0.0646293 secs] [Times: user=0.38 sys=0.01, real=0.07 secs] 
6465.951: [GC (Allocation Failure) [PSYoungGen: 381568K->4544K(454656K)] 645576K->268696K(1852928K), 0.0023106 secs] [Times: user=0.01 sys=0.00, real=0.00 secs] 
6467.658: [GC (Allocation Failure) [PSYoungGen: 231872K->161152K(460288K)] 496024K->428192K(1858560K), 0.0337127 secs] [Times: user=0.17 sys=0.00, real=0.04 secs] 
6468.810: [GC (Allocation Failure) [PSYoungGen: 388480K->102112K(465920K)] 655520K->512424K(1864192K), 0.0664933 secs] [Times: user=0.39 sys=0.00, real=0.06 secs] 
6469.708: [GC (Allocation Failure) [PSYoungGen: 335072K->171552K(465920K)] 745384K->682798K(1864192K), 0.0545442 secs] [Times: user=0.33 sys=0.00, real=0.06 secs] 
6471.239: [GC (Allocation Failure) [PSYoungGen: 404512K->93824K(465920K)] 915758K->768470K(1864192K), 0.0700298 secs] [Times: user=0.41 sys=0.00, real=0.07 secs] 
6473.532: [GC (Allocation Failure) [PSYoungGen: 326784K->168544K(465920K)] 1001430K->932851K(1864192K), 0.0509622 secs] [Times: user=0.30 sys=0.00, real=0.05 secs] 
6475.718: [GC (Allocation Failure) [PSYoungGen: 401504K->88800K(465920K)] 1165811K->1021375K(1864192K), 0.1635505 secs] [Times: user=0.97 sys=0.00, real=0.17 secs] 
6476.680: [GC (Allocation Failure) [PSYoungGen: 321760K->171456K(465920K)] 1254335K->1188952K(1864192K), 0.0597414 secs] [Times: user=0.36 sys=0.00, real=0.06 secs] 
6479.413: [GC (Allocation Failure) [PSYoungGen: 404416K->86976K(465920K)] 1421912K->1275912K(1864192K), 0.1638254 secs] [Times: user=0.97 sys=0.00, real=0.16 secs] 
6479.577: [Full GC (Ergonomics) [PSYoungGen: 86976K->0K(465920K)] [ParOldGen: 1188936K->72215K(1398272K)] 1275912K->72215K(1864192K), [Metaspace: 59695K->59695K(1105920K)], 0.1947482 secs] [Times: user=0.90 sys=0.00, real=0.20 secs] 
6480.520: [GC (Allocation Failure) [PSYoungGen: 232960K->175040K(465920K)] 305175K->247255K(1864192K), 0.0751338 secs] [Times: user=0.45 sys=0.00, real=0.07 secs] 
6482.760: [GC (Allocation Failure) [PSYoungGen: 408000K->86688K(465920K)] 480215K->334207K(1864192K), 0.1329387 secs] [Times: user=0.80 sys=0.00, real=0.13 secs] 
6483.464: [GC (Allocation Failure) [PSYoungGen: 319620K->204768K(465920K)] 567139K->532604K(1864192K), 0.0618798 secs] [Times: user=0.37 sys=0.00, real=0.06 secs] 
6485.239: [GC (Allocation Failure) [PSYoungGen: 435580K->93088K(465920K)] 763416K->590316K(1864192K), 0.1006158 secs] [Times: user=0.60 sys=0.00, real=0.10 secs] 
6486.930: [GC (Allocation Failure) [PSYoungGen: 326048K->151136K(465920K)] 823276K->734888K(1864192K), 0.0604052 secs] [Times: user=0.36 sys=0.00, real=0.06 secs] 
6489.127: [GC (Allocation Failure) [PSYoungGen: 384096K->103360K(465920K)] 967848K->838088K(1864192K), 0.0942295 secs] [Times: user=0.56 sys=0.00, real=0.10 secs] 
6490.378: [GC (Allocation Failure) [PSYoungGen: 336320K->144800K(465920K)] 1071048K->971988K(1864192K), 0.0611122 secs] [Times: user=0.36 sys=0.00, real=0.07 secs] 
6491.735: [GC (Allocation Failure) [PSYoungGen: 377760K->124704K(455680K)] 1204948K->1096876K(1853952K), 0.0987419 secs] [Times: user=0.59 sys=0.00, real=0.10 secs] 
6493.653: [GC (Allocation Failure) [PSYoungGen: 357664K->123136K(460800K)] 1329836K->1209604K(1859072K), 0.0629932 secs] [Times: user=0.37 sys=0.01, real=0.06 secs] 
6494.791: [GC (Allocation Failure) [PSYoungGen: 356096K->144064K(465920K)] 1442564K->1353644K(1864192K), 0.0657694 secs] [Times: user=0.38 sys=0.00, real=0.06 secs] 
6494.857: [Full GC (Ergonomics) [PSYoungGen: 144064K->0K(465920K)] [ParOldGen: 1209580K->159554K(1398272K)] 1353644K->159554K(1864192K), [Metaspace: 59697K->59697K(1105920K)], 0.3780340 secs] [Times: user=1.74 sys=0.00, real=0.38 secs] 
6496.640: [GC (Allocation Failure) [PSYoungGen: 251392K->115328K(466944K)] 410946K->274882K(1865216K), 0.0437608 secs] [Times: user=0.26 sys=0.00, real=0.04 secs] 
6498.149: [GC (Allocation Failure) [PSYoungGen: 359363K->173152K(470528K)] 518918K->445777K(1868800K), 0.0602712 secs] [Times: user=0.35 sys=0.01, real=0.07 secs] 
6499.918: [GC (Allocation Failure) [PSYoungGen: 432265K->113152K(478720K)] 704891K->550109K(1876992K), 0.1416651 secs] [Times: user=0.84 sys=0.00, real=0.15 secs] 
6500.756: [GC (Allocation Failure) [PSYoungGen: 373760K->189216K(459776K)] 810717K->735034K(1858048K), 0.0923902 secs] [Times: user=0.54 sys=0.01, real=0.09 secs] 
6503.016: [GC (Allocation Failure) [PSYoungGen: 431329K->98080K(472576K)] 977148K->833158K(1870848K), 0.1202566 secs] [Times: user=0.72 sys=0.00, real=0.12 secs] 
6504.913: [GC (Allocation Failure) [PSYoungGen: 344352K->150752K(465408K)] 1079430K->977423K(1863680K), 0.0629445 secs] [Times: user=0.37 sys=0.00, real=0.06 secs] 
6506.063: [GC (Allocation Failure) [PSYoungGen: 399072K->130720K(470016K)] 1225743K->1108095K(1868288K), 0.0781669 secs] [Times: user=0.46 sys=0.00, real=0.08 secs] 
6508.518: [GC (Allocation Failure) [PSYoungGen: 379040K->2528K(456192K)] 1356415K->979935K(1854464K), 0.0024871 secs] [Times: user=0.01 sys=0.00, real=0.01 secs] 
6509.704: [GC (Allocation Failure) [PSYoungGen: 244704K->166464K(409088K)] 1222111K->1145481K(1807360K), 0.0329811 secs] [Times: user=0.19 sys=0.00, real=0.03 secs] 
6511.316: [GC (Allocation Failure) [PSYoungGen: 408640K->106144K(472064K)] 1387657K->1243237K(1870336K), 0.0715425 secs] [Times: user=0.42 sys=0.01, real=0.07 secs] 
6513.052: [GC (Allocation Failure) [PSYoungGen: 328874K->159648K(465920K)] 1465968K->1399805K(1864192K), 0.0542911 secs] [Times: user=0.32 sys=0.01, real=0.05 secs] 
6513.106: [Full GC (Ergonomics) [PSYoungGen: 159648K->0K(465920K)] [ParOldGen: 1240157K->197863K(1398272K)] 1399805K->197863K(1864192K), [Metaspace: 59697K->59697K(1105920K)], 0.4801695 secs] [Times: user=2.23 sys=0.00, real=0.48 secs] 
6515.957: [GC (Allocation Failure) [PSYoungGen: 239104K->101120K(463872K)] 436967K->298983K(1862144K), 0.0530722 secs] [Times: user=0.31 sys=0.00, real=0.06 secs] 
6516.961: [GC (Allocation Failure) [PSYoungGen: 343296K->172512K(466432K)] 541159K->467920K(1864704K), 0.0518740 secs] [Times: user=0.31 sys=0.00, real=0.05 secs] 
6519.535: [GC (Allocation Failure) [PSYoungGen: 414688K->98624K(469504K)] 710096K->565556K(1867776K), 0.1489148 secs] [Times: user=0.88 sys=0.01, real=0.15 secs] 
6519.972: [GC (Allocation Failure) [PSYoungGen: 338752K->176544K(416768K)] 805684K->735829K(1815040K), 0.0611089 secs] [Times: user=0.36 sys=0.00, real=0.06 secs] 
6523.031: [GC (Allocation Failure) [PSYoungGen: 416672K->98304K(467968K)] 975957K->832909K(1866240K), 0.1175411 secs] [Times: user=0.70 sys=0.00, real=0.11 secs] 
6524.301: [GC (Allocation Failure) [PSYoungGen: 333312K->151520K(386560K)] 1067917K->977686K(1784832K), 0.0628424 secs] [Times: user=0.37 sys=0.00, real=0.06 secs] 
6526.250: [GC (Allocation Failure) [PSYoungGen: 386528K->110976K(470016K)] 1212694K->1088142K(1868288K), 0.0754483 secs] [Times: user=0.44 sys=0.00, real=0.07 secs] 
6527.859: [GC (Allocation Failure) [PSYoungGen: 352128K->138144K(463872K)] 1329294K->1215635K(1862144K), 0.0629238 secs] [Times: user=0.37 sys=0.00, real=0.06 secs] 
6530.277: [GC (Allocation Failure) [PSYoungGen: 379296K->141408K(467968K)] 1456787K->1356395K(1866240K), 0.0669288 secs] [Times: user=0.40 sys=0.00, real=0.07 secs] 
6530.344: [Full GC (Ergonomics) [PSYoungGen: 141408K->0K(467968K)] [ParOldGen: 1214987K->155230K(1398272K)] 1356395K->155230K(1866240K), [Metaspace: 59697K->59697K(1105920K)], 0.3690295 secs] [Times: user=1.69 sys=0.00, real=0.37 secs] 
6531.879: [GC (Allocation Failure) [PSYoungGen: 251392K->115712K(463872K)] 406622K->270942K(1862144K), 0.0399024 secs] [Times: user=0.24 sys=0.00, real=0.04 secs] 
6533.849: [GC (Allocation Failure) [PSYoungGen: 362119K->175136K(467456K)] 517349K->444042K(1865728K), 0.0608016 secs] [Times: user=0.36 sys=0.00, real=0.06 secs] 
6536.135: [GC (Allocation Failure) [PSYoungGen: 435744K->110592K(476672K)] 704650K->546027K(1874944K), 0.1729049 secs] [Times: user=1.01 sys=0.01, real=0.17 secs] 
6537.770: [GC (Allocation Failure) [PSYoungGen: 371200K->190400K(459264K)] 806635K->732371K(1857536K), 0.0629895 secs] [Times: user=0.38 sys=0.00, real=0.06 secs] 
6541.016: [GC (Allocation Failure) [PSYoungGen: 437696K->96128K(473088K)] 979667K->828751K(1871360K), 0.1180578 secs] [Times: user=0.70 sys=0.00, real=0.12 secs] 
6542.784: [GC (Allocation Failure) [PSYoungGen: 343424K->154368K(468992K)] 1076047K->975996K(1867264K), 0.0632394 secs] [Times: user=0.37 sys=0.00, real=0.06 secs] 
6544.573: [GC (Allocation Failure) [PSYoungGen: 403712K->127520K(377344K)] 1225340K->1103612K(1775616K), 0.0835341 secs] [Times: user=0.49 sys=0.00, real=0.08 secs] 
6547.552: [GC (Allocation Failure) [PSYoungGen: 376864K->2528K(454144K)] 1352956K->978668K(1852416K), 0.0035720 secs] [Times: user=0.02 sys=0.00, real=0.00 secs] 
6548.672: [GC (Allocation Failure) [PSYoungGen: 241632K->158272K(397824K)] 1217772K->1136034K(1796096K), 0.0319242 secs] [Times: user=0.19 sys=0.00, real=0.03 secs] 
6550.545: [GC (Allocation Failure) [PSYoungGen: 397376K->105312K(473600K)] 1375138K->1232190K(1871872K), 0.0695477 secs] [Times: user=0.42 sys=0.00, real=0.07 secs] 
6551.881: [GC (Allocation Failure) [PSYoungGen: 338603K->167264K(466432K)] 1465482K->1397423K(1864704K), 0.0781024 secs] [Times: user=0.46 sys=0.00, real=0.08 secs] 
6551.960: [Full GC (Ergonomics) [PSYoungGen: 167264K->0K(466432K)] [ParOldGen: 1230159K->196172K(1398272K)] 1397423K->196172K(1864704K), [Metaspace: 59697K->59697K(1105920K)], 0.4769024 secs] [Times: user=2.21 sys=0.00, real=0.47 secs] 
6553.889: [GC (Allocation Failure) [PSYoungGen: 241152K->101056K(467456K)] 437324K->297228K(1865728K), 0.0385527 secs] [Times: user=0.23 sys=0.00, real=0.03 secs] 
6555.391: [GC (Allocation Failure) [PSYoungGen: 343232K->172352K(414720K)] 539404K->465089K(1812992K), 0.0522445 secs] [Times: user=0.31 sys=0.00, real=0.05 secs] 
6557.317: [GC (Allocation Failure) [PSYoungGen: 414528K->102016K(471552K)] 707265K->566141K(1869824K), 0.1479512 secs] [Times: user=0.88 sys=0.00, real=0.15 secs] 
6558.375: [GC (Allocation Failure) [PSYoungGen: 340608K->175040K(465920K)] 804733K->735419K(1864192K), 0.1113499 secs] [Times: user=0.66 sys=0.01, real=0.11 secs] 
6560.578: [GC (Allocation Failure) [PSYoungGen: 413632K->94816K(467968K)] 974011K->830331K(1866240K), 0.1153180 secs] [Times: user=0.69 sys=0.00, real=0.12 secs] 
6562.190: [GC (Allocation Failure) [PSYoungGen: 329824K->150912K(386048K)] 1065339K->974688K(1784320K), 0.0618411 secs] [Times: user=0.36 sys=0.01, real=0.06 secs] 
6564.170: [GC (Allocation Failure) [PSYoungGen: 385920K->110400K(471040K)] 1209696K->1085084K(1869312K), 0.0909674 secs] [Times: user=0.54 sys=0.00, real=0.09 secs] 
6565.735: [GC (Allocation Failure) [PSYoungGen: 352064K->138400K(380416K)] 1326748K->1212745K(1778688K), 0.0621596 secs] [Times: user=0.37 sys=0.00, real=0.06 secs] 
6568.665: [GC (Allocation Failure) [PSYoungGen: 380064K->142880K(467456K)] 1454409K->1354989K(1865728K), 0.0707692 secs] [Times: user=0.42 sys=0.00, real=0.07 secs] 
6568.736: [Full GC (Ergonomics) [PSYoungGen: 142880K->0K(467456K)] [ParOldGen: 1212109K->148693K(1398272K)] 1354989K->148693K(1865728K), [Metaspace: 59697K->59697K(1105920K)], 0.3548100 secs] [Times: user=1.64 sys=0.00, real=0.36 secs] 
6570.240: [GC (Allocation Failure) [PSYoungGen: 250368K->118560K(463872K)] 399061K->267253K(1862144K), 0.0510023 secs] [Times: user=0.30 sys=0.00, real=0.05 secs] 
6572.622: [GC (Allocation Failure) [PSYoungGen: 368928K->173632K(467456K)] 517621K->439402K(1865728K), 0.0619202 secs] [Times: user=0.36 sys=0.00, real=0.06 secs] 
6574.592: [GC (Allocation Failure) [PSYoungGen: 433728K->116896K(475648K)] 699498K->547038K(1873920K), 0.1853003 secs] [Times: user=1.10 sys=0.00, real=0.18 secs] 
6575.335: [GC (Allocation Failure) [PSYoungGen: 376992K->189568K(461824K)] 807134K->732775K(1860096K), 0.0894997 secs] [Times: user=0.53 sys=0.01, real=0.09 secs] 
6577.439: [GC (Allocation Failure) [PSYoungGen: 439546K->98368K(475136K)] 982753K->831371K(1873408K), 0.1195770 secs] [Times: user=0.71 sys=0.00, real=0.12 secs] 
6578.795: [GC (Allocation Failure) [PSYoungGen: 349760K->150976K(468480K)] 1082763K->976198K(1866752K), 0.0633868 secs] [Times: user=0.38 sys=0.00, real=0.06 secs] 
6579.284: [GC (Allocation Failure) [PSYoungGen: 403904K->141184K(472576K)] 1229126K->1117622K(1870848K), 0.0666419 secs] [Times: user=0.39 sys=0.00, real=0.07 secs] 
6580.488: [GC (Allocation Failure) [PSYoungGen: 394112K->7712K(457728K)] 1370550K->984254K(1856000K), 0.0045717 secs] [Times: user=0.03 sys=0.00, real=0.01 secs] 
6580.916: [GC (Allocation Failure) [PSYoungGen: 251936K->176640K(421376K)] 1228478K->1159175K(1819648K), 0.0377910 secs] [Times: user=0.20 sys=0.00, real=0.04 secs] 
Heap
377910 secs] [Times: user=0.20 sys=0.00, real=0.04 secs] 
