0.951: [GC (Allocation Failure) [PSYoungGen: 128000K->12996K(148992K)] 128000K->13020K(488960K), 0.0994775 secs] [Times: user=0.01 sys=0.01, real=0.10 secs] 
1.173: [GC (Metadata GC Threshold) [PSYoungGen: 49782K->6091K(148992K)] 49806K->6187K(488960K), 0.0038144 secs] [Times: user=0.01 sys=0.01, real=0.00 secs] 
1.177: [Full GC (Metadata GC Threshold) [PSYoungGen: 6091K->0K(148992K)] [ParOldGen: 96K->5941K(202752K)] 6187K->5941K(351744K), [Metaspace: 20454K->20454K(1067008K)], 0.0150902 secs] [Times: user=0.04 sys=0.00, real=0.02 secs] 
1.715: [GC (Allocation Failure) [PSYoungGen: 128000K->10277K(148992K)] 133941K->16226K(351744K), 0.0037892 secs] [Times: user=0.01 sys=0.00, real=0.00 secs] 
2.700: [GC (Metadata GC Threshold) [PSYoungGen: 38738K->4701K(191488K)] 44687K->10659K(394240K), 0.0025698 secs] [Times: user=0.01 sys=0.00, real=0.00 secs] 
2.703: [Full GC (Metadata GC Threshold) [PSYoungGen: 4701K->0K(191488K)] [ParOldGen: 5957K->8908K(322048K)] 10659K->8908K(513536K), [Metaspace: 33741K->33741K(1079296K)], 0.0152953 secs] [Times: user=0.04 sys=0.01, real=0.01 secs] 
4.228: [GC (Allocation Failure) [PSYoungGen: 177152K->18016K(198144K)] 186060K->26933K(520192K), 0.0067182 secs] [Times: user=0.01 sys=0.01, real=0.01 secs] 
4.966: [GC (Allocation Failure) [PSYoungGen: 195168K->13755K(264704K)] 204085K->96407K(586752K), 0.0118619 secs] [Times: user=0.06 sys=0.00, real=0.01 secs] 
5.540: [GC (Allocation Failure) [PSYoungGen: 231583K->4496K(265216K)] 314235K->185460K(587264K), 0.0108719 secs] [Times: user=0.05 sys=0.02, real=0.01 secs] 
6.093: [GC (Allocation Failure) [PSYoungGen: 249232K->20462K(309760K)] 430196K->375413K(665088K), 0.0326354 secs] [Times: user=0.06 sys=0.02, real=0.03 secs] 
6.126: [Full GC (Ergonomics) [PSYoungGen: 20462K->0K(309760K)] [ParOldGen: 354951K->300269K(821760K)] 375413K->300269K(1131520K), [Metaspace: 52375K->52375K(1097728K)], 0.0598829 secs] [Times: user=0.27 sys=0.01, real=0.06 secs] 
6.551: [GC (Allocation Failure) [PSYoungGen: 289280K->99765K(389120K)] 589549K->530229K(1210880K), 0.0266423 secs] [Times: user=0.02 sys=0.01, real=0.02 secs] 
7.910: [GC (Allocation Failure) [PSYoungGen: 382793K->119807K(494080K)] 813257K->594715K(1315840K), 0.0293763 secs] [Times: user=0.02 sys=0.02, real=0.03 secs] 
9.069: [GC (Allocation Failure) [PSYoungGen: 494079K->98967K(531968K)] 968987K->573876K(1353728K), 0.0123261 secs] [Times: user=0.02 sys=0.00, real=0.02 secs] 
9.514: [GC (Allocation Failure) [PSYoungGen: 473239K->164321K(476160K)] 948148K->773408K(1297920K), 0.0338763 secs] [Times: user=0.03 sys=0.01, real=0.03 secs] 
10.552: [GC (Allocation Failure) [PSYoungGen: 476129K->120894K(433152K)] 1085216K->730029K(1254912K), 0.0147300 secs] [Times: user=0.03 sys=0.00, real=0.01 secs] 
12.805: [GC (Allocation Failure) [PSYoungGen: 432702K->156580K(461312K)] 1041837K->766277K(1283072K), 0.0182179 secs] [Times: user=0.03 sys=0.00, real=0.02 secs] 
13.120: [GC (Allocation Failure) [PSYoungGen: 417188K->207974K(468992K)] 1026885K->817864K(1290752K), 0.0223740 secs] [Times: user=0.03 sys=0.00, real=0.02 secs] 
13.799: [GC (Allocation Failure) [PSYoungGen: 468582K->135992K(462848K)] 1078472K->746240K(1284608K), 0.0164351 secs] [Times: user=0.03 sys=0.00, real=0.02 secs] 
15.507: [GC (Allocation Failure) [PSYoungGen: 368952K->20655K(465920K)] 979200K->631248K(1287680K), 0.0045575 secs] [Times: user=0.01 sys=0.01, real=0.01 secs] 
15.780: [GC (Allocation Failure) [PSYoungGen: 253615K->184012K(465920K)] 864208K->795851K(1287680K), 0.0204423 secs] [Times: user=0.03 sys=0.00, real=0.02 secs] 
16.133: [GC (Allocation Failure) [PSYoungGen: 416972K->184398K(465920K)] 1028811K->796510K(1287680K), 0.0202553 secs] [Times: user=0.03 sys=0.00, real=0.02 secs] 
17.240: [GC (Allocation Failure) [PSYoungGen: 417358K->109717K(465920K)] 1029470K->722095K(1287680K), 0.0153301 secs] [Times: user=0.02 sys=0.00, real=0.01 secs] 
19.200: [GC (Allocation Failure) [PSYoungGen: 342677K->28848K(465920K)] 955055K->641547K(1287680K), 0.0060149 secs] [Times: user=0.01 sys=0.00, real=0.00 secs] 
19.505: [GC (Allocation Failure) [PSYoungGen: 261808K->182598K(465920K)] 874507K->796679K(1287680K), 0.0200563 secs] [Times: user=0.03 sys=0.00, real=0.02 secs] 
19.789: [GC (Allocation Failure) [PSYoungGen: 415558K->184173K(465920K)] 1029639K->798398K(1287680K), 0.0201367 secs] [Times: user=0.02 sys=0.00, real=0.02 secs] 
21.760: [GC (Allocation Failure) [PSYoungGen: 417133K->103083K(465920K)] 1031358K->717453K(1287680K), 0.0189579 secs] [Times: user=0.03 sys=0.00, real=0.01 secs] 
24.533: [GC (Allocation Failure) [PSYoungGen: 336043K->35432K(465920K)] 950413K->650110K(1287680K), 0.0077028 secs] [Times: user=0.02 sys=0.00, real=0.01 secs] 
24.862: [GC (Allocation Failure) [PSYoungGen: 268392K->184333K(465920K)] 883070K->800393K(1287680K), 0.0201455 secs] [Times: user=0.03 sys=0.00, real=0.02 secs] 
25.199: [GC (Allocation Failure) [PSYoungGen: 417293K->184558K(465920K)] 1033353K->800899K(1287680K), 0.0200754 secs] [Times: user=0.03 sys=0.00, real=0.02 secs] 
26.339: [GC (Allocation Failure) [PSYoungGen: 412878K->94408K(465920K)] 1029220K->711022K(1287680K), 0.0135483 secs] [Times: user=0.02 sys=0.01, real=0.02 secs] 
28.690: [GC (Allocation Failure) [PSYoungGen: 327368K->37716K(465920K)] 943982K->654516K(1287680K), 0.0069273 secs] [Times: user=0.01 sys=0.00, real=0.00 secs] 
28.993: [GC (Allocation Failure) [PSYoungGen: 270676K->184333K(465920K)] 887476K->802386K(1287680K), 0.0203167 secs] [Times: user=0.03 sys=0.00, real=0.02 secs] 
29.279: [GC (Allocation Failure) [PSYoungGen: 417293K->184719K(465920K)] 1035346K->803053K(1287680K), 0.0201818 secs] [Times: user=0.03 sys=0.00, real=0.02 secs] 
29.931: [GC (Allocation Failure) [PSYoungGen: 409977K->92030K(465920K)] 1028311K->710629K(1287680K), 0.0111143 secs] [Times: user=0.02 sys=0.00, real=0.01 secs] 
31.645: [GC (Allocation Failure) [PSYoungGen: 324990K->37842K(465920K)] 943589K->656749K(1287680K), 0.0072664 secs] [Times: user=0.02 sys=0.00, real=0.01 secs] 
31.950: [GC (Allocation Failure) [PSYoungGen: 270802K->184430K(465920K)] 889709K->804582K(1287680K), 0.0202682 secs] [Times: user=0.02 sys=0.00, real=0.02 secs] 
32.239: [GC (Allocation Failure) [PSYoungGen: 417390K->184623K(465920K)] 1037542K->805048K(1287680K), 0.0205157 secs] [Times: user=0.03 sys=0.00, real=0.03 secs] 
32.856: [GC (Allocation Failure) [PSYoungGen: 407143K->91741K(465920K)] 1027568K->712447K(1287680K), 0.0098637 secs] [Times: user=0.02 sys=0.00, real=0.01 secs] 
33.686: [GC (Allocation Failure) [PSYoungGen: 324701K->37552K(465920K)] 945407K->658572K(1287680K), 0.0053656 secs] [Times: user=0.01 sys=0.00, real=0.01 secs] 
34.020: [GC (Allocation Failure) [PSYoungGen: 270512K->184430K(465920K)] 891532K->806832K(1287680K), 0.0201600 secs] [Times: user=0.03 sys=0.00, real=0.02 secs] 
34.307: [GC (Allocation Failure) [PSYoungGen: 417390K->184494K(465920K)] 1039792K->807041K(1287680K), 0.0204172 secs] [Times: user=0.02 sys=0.00, real=0.02 secs] 
36.481: [GC (Allocation Failure) [PSYoungGen: 408107K->92223K(465920K)] 1030654K->715035K(1287680K), 0.0139436 secs] [Times: user=0.02 sys=0.00, real=0.01 secs] 
38.150: [GC (Allocation Failure) [PSYoungGen: 325183K->37684K(465920K)] 947995K->660802K(1287680K), 0.0065954 secs] [Times: user=0.02 sys=0.00, real=0.00 secs] 
38.445: [GC (Allocation Failure) [PSYoungGen: 270644K->184430K(465920K)] 893762K->808921K(1287680K), 0.0200856 secs] [Times: user=0.02 sys=0.00, real=0.02 secs] 
38.730: [GC (Allocation Failure) [PSYoungGen: 417390K->184558K(465920K)] 1041881K->809194K(1287680K), 0.0201541 secs] [Times: user=0.03 sys=0.00, real=0.02 secs] 
39.837: [GC (Allocation Failure) [PSYoungGen: 407634K->91966K(465920K)] 1032270K->716875K(1287680K), 0.0163752 secs] [Times: user=0.03 sys=0.00, real=0.02 secs] 
41.460: [GC (Allocation Failure) [PSYoungGen: 324926K->37716K(465920K)] 949835K->662939K(1287680K), 0.0072981 secs] [Times: user=0.02 sys=0.00, real=0.00 secs] 
41.767: [GC (Allocation Failure) [PSYoungGen: 270676K->184430K(465920K)] 895899K->810898K(1287680K), 0.0202353 secs] [Times: user=0.03 sys=0.00, real=0.02 secs] 
42.051: [GC (Allocation Failure) [PSYoungGen: 417390K->184333K(465920K)] 1043858K->811075K(1287680K), 0.0203159 secs] [Times: user=0.02 sys=0.00, real=0.02 secs] 
43.265: [GC (Allocation Failure) [PSYoungGen: 409387K->92255K(465920K)] 1036129K->719390K(1287680K), 0.0241685 secs] [Times: user=0.05 sys=0.00, real=0.02 secs] 
44.653: [GC (Allocation Failure) [PSYoungGen: 325215K->37716K(465920K)] 952350K->665031K(1287680K), 0.0068995 secs] [Times: user=0.01 sys=0.00, real=0.01 secs] 
44.955: [GC (Allocation Failure) [PSYoungGen: 270676K->184012K(465920K)] 897991K->812580K(1287680K), 0.0200974 secs] [Times: user=0.03 sys=0.00, real=0.02 secs] 
45.240: [GC (Allocation Failure) [PSYoungGen: 416972K->184976K(465920K)] 1045540K->813825K(1287680K), 0.0202130 secs] [Times: user=0.03 sys=0.00, real=0.02 secs] 
46.070: [GC (Allocation Failure) [PSYoungGen: 410398K->91998K(465920K)] 1039247K->721112K(1287680K), 0.0122516 secs] [Times: user=0.02 sys=0.00, real=0.01 secs] 
47.765: [GC (Allocation Failure) [PSYoungGen: 324958K->37299K(465920K)] 954072K->666718K(1287680K), 0.0090917 secs] [Times: user=0.02 sys=0.00, real=0.01 secs] 
48.171: [GC (Allocation Failure) [PSYoungGen: 270259K->184205K(465920K)] 899678K->814878K(1287680K), 0.0203969 secs] [Times: user=0.02 sys=0.00, real=0.02 secs] 
48.516: [GC (Allocation Failure) [PSYoungGen: 417165K->184976K(465920K)] 1047838K->815922K(1287680K), 0.0203483 secs] [Times: user=0.03 sys=0.00, real=0.02 secs] 
49.244: [GC (Allocation Failure) [PSYoungGen: 408708K->92223K(465920K)] 1039655K->723434K(1287680K), 0.0119689 secs] [Times: user=0.02 sys=0.00, real=0.01 secs] 
50.167: [GC (Allocation Failure) [PSYoungGen: 325183K->37909K(465920K)] 956394K->669442K(1287680K), 0.0053486 secs] [Times: user=0.01 sys=0.00, real=0.01 secs] 
50.437: [GC (Allocation Failure) [PSYoungGen: 270869K->184944K(465920K)] 902402K->817723K(1287680K), 0.0206943 secs] [Times: user=0.03 sys=0.00, real=0.02 secs] 
50.720: [GC (Allocation Failure) [PSYoungGen: 417904K->183690K(465920K)] 1050683K->816750K(1287680K), 0.0203511 secs] [Times: user=0.03 sys=0.00, real=0.02 secs] 
51.711: [GC (Allocation Failure) [PSYoungGen: 409721K->92287K(465920K)] 1042781K->725620K(1287680K), 0.0109223 secs] [Times: user=0.02 sys=0.00, real=0.01 secs] 
52.686: [GC (Allocation Failure) [PSYoungGen: 325247K->37684K(465920K)] 958580K->671331K(1287680K), 0.0063572 secs] [Times: user=0.02 sys=0.00, real=0.01 secs] 
52.967: [GC (Allocation Failure) [PSYoungGen: 270644K->183916K(465920K)] 904291K->818816K(1287680K), 0.0203206 secs] [Times: user=0.03 sys=0.00, real=0.02 secs] 
53.252: [GC (Allocation Failure) [PSYoungGen: 416876K->184558K(465920K)] 1051776K->819732K(1287680K), 0.0202762 secs] [Times: user=0.03 sys=0.00, real=0.02 secs] 
55.252: [GC (Allocation Failure) [PSYoungGen: 408230K->92512K(465920K)] 1043404K->727950K(1287680K), 0.0237358 secs] [Times: user=0.05 sys=0.00, real=0.02 secs] 
57.047: [GC (Allocation Failure) [PSYoungGen: 325472K->37556K(465920K)] 960910K->673326K(1287680K), 0.0066720 secs] [Times: user=0.01 sys=0.00, real=0.01 secs] 
57.345: [GC (Allocation Failure) [PSYoungGen: 270516K->184430K(465920K)] 906286K->821453K(1287680K), 0.0204099 secs] [Times: user=0.02 sys=0.00, real=0.02 secs] 
57.699: [GC (Allocation Failure) [PSYoungGen: 417390K->184301K(465920K)] 1054413K->821598K(1287680K), 0.0200865 secs] [Times: user=0.03 sys=0.00, real=0.02 secs] 
60.079: [GC (Allocation Failure) [PSYoungGen: 409459K->92447K(465920K)] 1046756K->730154K(1287680K), 0.0201561 secs] [Times: user=0.04 sys=0.00, real=0.02 secs] 
61.070: [GC (Allocation Failure) [PSYoungGen: 325407K->38102K(465920K)] 963114K->675993K(1287680K), 0.0056505 secs] [Times: user=0.02 sys=0.00, real=0.00 secs] 
61.342: [GC (Allocation Failure) [PSYoungGen: 271062K->184687K(465920K)] 908953K->823960K(1287680K), 0.0206134 secs] [Times: user=0.02 sys=0.00, real=0.02 secs] 
61.627: [GC (Allocation Failure) [PSYoungGen: 417647K->184751K(465920K)] 1056920K->824297K(1287680K), 0.0204371 secs] [Times: user=0.03 sys=0.00, real=0.02 secs] 
63.803: [GC (Allocation Failure) [PSYoungGen: 407249K->91194K(465920K)] 1046796K->731006K(1287680K), 0.0240833 secs] [Times: user=0.05 sys=0.00, real=0.02 secs] 
65.616: [GC (Allocation Failure) [PSYoungGen: 324154K->37973K(465920K)] 963966K->677964K(1287680K), 0.0061935 secs] [Times: user=0.01 sys=0.00, real=0.01 secs] 
65.898: [GC (Allocation Failure) [PSYoungGen: 270933K->184655K(465920K)] 910924K->826028K(1287680K), 0.0217541 secs] [Times: user=0.02 sys=0.01, real=0.03 secs] 
66.246: [GC (Allocation Failure) [PSYoungGen: 417615K->184719K(465920K)] 1058988K->826236K(1287680K), 0.0201873 secs] [Times: user=0.03 sys=0.00, real=0.02 secs] 
68.613: [GC (Allocation Failure) [PSYoungGen: 407273K->91291K(465920K)] 1048790K->733074K(1287680K), 0.0260400 secs] [Times: user=0.06 sys=0.00, real=0.02 secs] 
70.759: [GC (Allocation Failure) [PSYoungGen: 324251K->37588K(465920K)] 966034K->679676K(1287680K), 0.0074647 secs] [Times: user=0.01 sys=0.00, real=0.01 secs] 
71.068: [GC (Allocation Failure) [PSYoungGen: 270548K->184687K(465920K)] 912636K->828021K(1287680K), 0.0205167 secs] [Times: user=0.03 sys=0.00, real=0.02 secs] 
71.359: [GC (Allocation Failure) [PSYoungGen: 417647K->184687K(465920K)] 1060981K->828294K(1287680K), 0.0202989 secs] [Times: user=0.03 sys=0.00, real=0.02 secs] 
72.631: [GC (Allocation Failure) [PSYoungGen: 407489K->91645K(465920K)] 1051096K->735517K(1287680K), 0.0198859 secs] [Times: user=0.04 sys=0.00, real=0.02 secs] 
73.906: [GC (Allocation Failure) [PSYoungGen: 324605K->37877K(465920K)] 968477K->682062K(1287680K), 0.0063018 secs] [Times: user=0.02 sys=0.00, real=0.01 secs] 
74.186: [GC (Allocation Failure) [PSYoungGen: 270837K->183658K(465920K)] 915022K->829106K(1287680K), 0.0209568 secs] [Times: user=0.03 sys=0.00, real=0.02 secs] 
74.472: [GC (Allocation Failure) [PSYoungGen: 416618K->184687K(465920K)] 1062066K->830415K(1287680K), 0.0202376 secs] [Times: user=0.03 sys=0.00, real=0.02 secs] 
76.642: [GC (Allocation Failure) [PSYoungGen: 409941K->92544K(465920K)] 1055669K->738674K(1287680K), 0.0272529 secs] [Times: user=0.05 sys=0.00, real=0.02 secs] 
78.878: [GC (Allocation Failure) [PSYoungGen: 325504K->37684K(465920K)] 971634K->683991K(1287680K), 0.0074948 secs] [Times: user=0.01 sys=0.00, real=0.01 secs] 
79.196: [GC (Allocation Failure) [PSYoungGen: 270644K->183980K(465920K)] 916951K->831540K(1287680K), 0.0202942 secs] [Times: user=0.03 sys=0.00, real=0.02 secs] 
79.482: [GC (Allocation Failure) [PSYoungGen: 416940K->184751K(465920K)] 1064500K->832585K(1287680K), 0.0202440 secs] [Times: user=0.02 sys=0.00, real=0.02 secs] 
80.676: [GC (Allocation Failure) [PSYoungGen: 410164K->92223K(465920K)] 1057998K->740322K(1287680K), 0.0197793 secs] [Times: user=0.03 sys=0.00, real=0.02 secs] 
81.994: [GC (Allocation Failure) [PSYoungGen: 325183K->38005K(465920K)] 973282K->686406K(1287680K), 0.0056409 secs] [Times: user=0.01 sys=0.00, real=0.01 secs] 
82.319: [GC (Allocation Failure) [PSYoungGen: 270965K->184622K(465920K)] 919366K->834276K(1287680K), 0.0204935 secs] [Times: user=0.02 sys=0.00, real=0.02 secs] 
82.662: [GC (Allocation Failure) [PSYoungGen: 417582K->184815K(465920K)] 1067236K->834750K(1287680K), 0.0200429 secs] [Times: user=0.03 sys=0.00, real=0.02 secs] 
83.795: [GC (Allocation Failure) [PSYoungGen: 407358K->91355K(465920K)] 1057293K->741555K(1287680K), 0.0186003 secs] [Times: user=0.03 sys=0.00, real=0.02 secs] 
84.955: [GC (Allocation Failure) [PSYoungGen: 324315K->38005K(465920K)] 974515K->688513K(1287680K), 0.0055253 secs] [Times: user=0.01 sys=0.00, real=0.01 secs] 
85.224: [GC (Allocation Failure) [PSYoungGen: 270965K->184751K(465920K)] 921473K->836512K(1287680K), 0.0203872 secs] [Times: user=0.03 sys=0.00, real=0.02 secs] 
85.567: [GC (Allocation Failure) [PSYoungGen: 417711K->184430K(465920K)] 1069472K->836464K(1287680K), 0.0202401 secs] [Times: user=0.03 sys=0.00, real=0.02 secs] 
87.334: [GC (Allocation Failure) [PSYoungGen: 406899K->91596K(465920K)] 1058934K->743896K(1287680K), 0.0198951 secs] [Times: user=0.04 sys=0.00, real=0.02 secs] 
89.368: [GC (Allocation Failure) [PSYoungGen: 324556K->37845K(465920K)] 976856K->690450K(1287680K), 0.0068936 secs] [Times: user=0.01 sys=0.00, real=0.01 secs] 
89.674: [GC (Allocation Failure) [PSYoungGen: 270805K->184687K(465920K)] 923410K->838666K(1287680K), 0.0203953 secs] [Times: user=0.03 sys=0.00, real=0.02 secs] 
89.960: [GC (Allocation Failure) [PSYoungGen: 417647K->184719K(465920K)] 1071626K->838851K(1287680K), 0.0203214 secs] [Times: user=0.02 sys=0.00, real=0.02 secs] 
91.195: [GC (Allocation Failure) [PSYoungGen: 407259K->91452K(465920K)] 1061391K->745849K(1287680K), 0.0142496 secs] [Times: user=0.03 sys=0.00, real=0.02 secs] 
92.475: [GC (Allocation Failure) [PSYoungGen: 324412K->37713K(465920K)] 978809K->692418K(1287680K), 0.0064349 secs] [Times: user=0.02 sys=0.00, real=0.01 secs] 
92.759: [GC (Allocation Failure) [PSYoungGen: 270673K->183819K(465920K)] 925378K->839777K(1287680K), 0.0202986 secs] [Times: user=0.03 sys=0.00, real=0.02 secs] 
93.045: [GC (Allocation Failure) [PSYoungGen: 416779K->184430K(465920K)] 1072737K->840661K(1287680K), 0.0203375 secs] [Times: user=0.03 sys=0.00, real=0.02 secs] 
95.155: [GC (Allocation Failure) [PSYoungGen: 409687K->92801K(465920K)] 1065918K->749305K(1287680K), 0.0239048 secs] [Times: user=0.05 sys=0.00, real=0.02 secs] 
97.248: [GC (Allocation Failure) [PSYoungGen: 325761K->37813K(465920K)] 982265K->694617K(1287680K), 0.0073063 secs] [Times: user=0.02 sys=0.00, real=0.01 secs] 
97.562: [GC (Allocation Failure) [PSYoungGen: 270773K->184751K(465920K)] 927577K->842809K(1287680K), 0.0204269 secs] [Times: user=0.02 sys=0.00, real=0.02 secs] 
97.846: [GC (Allocation Failure) [PSYoungGen: 417711K->184655K(465920K)] 1075769K->842978K(1287680K), 0.0203139 secs] [Times: user=0.03 sys=0.00, real=0.02 secs] 
100.020: [GC (Allocation Failure) [PSYoungGen: 407224K->91548K(465920K)] 1065547K->750143K(1287680K), 0.0258255 secs] [Times: user=0.05 sys=0.00, real=0.02 secs] 
101.770: [GC (Allocation Failure) [PSYoungGen: 324508K->37845K(465920K)] 983103K->696746K(1287680K), 0.0073452 secs] [Times: user=0.02 sys=0.00, real=0.00 secs] 
102.080: [GC (Allocation Failure) [PSYoungGen: 270805K->183690K(465920K)] 929706K->843846K(1287680K), 0.0213024 secs] [Times: user=0.03 sys=0.00, real=0.02 secs] 
102.367: [GC (Allocation Failure) [PSYoungGen: 416650K->184462K(465920K)] 1076806K->844890K(1287680K), 0.0202757 secs] [Times: user=0.03 sys=0.00, real=0.02 secs] 
103.238: [GC (Allocation Failure) [PSYoungGen: 409565K->92801K(465920K)] 1069993K->753623K(1287680K), 0.0134641 secs] [Times: user=0.02 sys=0.00, real=0.02 secs] 
104.877: [GC (Allocation Failure) [PSYoungGen: 325761K->37748K(465920K)] 986583K->698739K(1287680K), 0.0069982 secs] [Times: user=0.01 sys=0.00, real=0.01 secs] 
105.177: [GC (Allocation Failure) [PSYoungGen: 270708K->184751K(465920K)] 931699K->847003K(1287680K), 0.0204127 secs] [Times: user=0.02 sys=0.00, real=0.02 secs] 
105.516: [GC (Allocation Failure) [PSYoungGen: 417711K->184655K(465920K)] 1079963K->847301K(1287680K), 0.0201779 secs] [Times: user=0.03 sys=0.00, real=0.02 secs] 
106.206: [GC (Allocation Failure) [PSYoungGen: 407342K->91580K(465920K)] 1069988K->754491K(1287680K), 0.0129985 secs] [Times: user=0.03 sys=0.00, real=0.01 secs] 
107.047: [GC (Allocation Failure) [PSYoungGen: 324540K->38005K(465920K)] 987451K->701102K(1287680K), 0.0053820 secs] [Times: user=0.01 sys=0.00, real=0.01 secs] 
107.315: [GC (Allocation Failure) [PSYoungGen: 270965K->183980K(465920K)] 934062K->848330K(1287680K), 0.0202500 secs] [Times: user=0.03 sys=0.00, real=0.02 secs] 
107.600: [GC (Allocation Failure) [PSYoungGen: 416940K->184462K(465920K)] 1081290K->849221K(1287680K), 0.0202885 secs] [Times: user=0.02 sys=0.00, real=0.02 secs] 
108.263: [GC (Allocation Failure) [PSYoungGen: 409686K->92351K(465920K)] 1074446K->757255K(1287680K), 0.0121987 secs] [Times: user=0.03 sys=0.00, real=0.01 secs] 
109.994: [GC (Allocation Failure) [PSYoungGen: 325311K->37588K(465920K)] 990215K->702798K(1287680K), 0.0082598 secs] [Times: user=0.02 sys=0.00, real=0.01 secs] 
110.323: [GC (Allocation Failure) [PSYoungGen: 270548K->184719K(465920K)] 935758K->851174K(1287680K), 0.0203209 secs] [Times: user=0.02 sys=0.00, real=0.02 secs] 
110.657: [GC (Allocation Failure) [PSYoungGen: 417679K->184623K(465920K)] 1084134K->851472K(1287680K), 0.0203677 secs] [Times: user=0.03 sys=0.00, real=0.02 secs] 
111.882: [GC (Allocation Failure) [PSYoungGen: 409618K->91773K(465920K)] 1076468K->758895K(1287680K), 0.0139582 secs] [Times: user=0.03 sys=0.00, real=0.01 secs] 
113.376: [GC (Allocation Failure) [PSYoungGen: 324733K->37877K(465920K)] 991855K->705168K(1287680K), 0.0071695 secs] [Times: user=0.02 sys=0.00, real=0.01 secs] 
113.686: [GC (Allocation Failure) [PSYoungGen: 270837K->184847K(465920K)] 938128K->853400K(1287680K), 0.0204239 secs] [Times: user=0.02 sys=0.00, real=0.02 secs] 
113.970: [GC (Allocation Failure) [PSYoungGen: 417807K->184655K(465920K)] 1086360K->853481K(1287680K), 0.0201923 secs] [Times: user=0.03 sys=0.00, real=0.02 secs] 
114.628: [GC (Allocation Failure) [PSYoungGen: 406599K->91355K(465920K)] 1075425K->760454K(1287680K), 0.0110499 secs] [Times: user=0.02 sys=0.00, real=0.01 secs] 
115.443: [GC (Allocation Failure) [PSYoungGen: 324315K->38070K(465920K)] 993414K->707474K(1287680K), 0.0066099 secs] [Times: user=0.01 sys=0.00, real=0.01 secs] 
115.782: [GC (Allocation Failure) [PSYoungGen: 271030K->184462K(465920K)] 940434K->855120K(1287680K), 0.0204952 secs] [Times: user=0.03 sys=0.00, real=0.02 secs] 
116.071: [GC (Allocation Failure) [PSYoungGen: 417422K->184590K(465920K)] 1088080K->855530K(1287680K), 0.0207008 secs] [Times: user=0.03 sys=0.00, real=0.02 secs] 
116.684: [GC (Allocation Failure) [PSYoungGen: 407123K->91580K(465920K)] 1078062K->762785K(1287680K), 0.0122320 secs] [Times: user=0.02 sys=0.00, real=0.01 secs] 
117.575: [GC (Allocation Failure) [PSYoungGen: 324540K->37941K(465920K)] 995745K->709467K(1287680K), 0.0056365 secs] [Times: user=0.01 sys=0.00, real=0.01 secs] 
117.845: [GC (Allocation Failure) [PSYoungGen: 270901K->184462K(465920K)] 942427K->857241K(1287680K), 0.0204835 secs] [Times: user=0.03 sys=0.00, real=0.02 secs] 
118.129: [GC (Allocation Failure) [PSYoungGen: 417422K->184558K(465920K)] 1090201K->857619K(1287680K), 0.0202912 secs] [Times: user=0.02 sys=0.00, real=0.02 secs] 
119.401: [GC (Allocation Failure) [PSYoungGen: 407088K->91773K(465920K)] 1080149K->765106K(1287680K), 0.0158328 secs] [Times: user=0.03 sys=0.00, real=0.01 secs] 
120.303: [GC (Allocation Failure) [PSYoungGen: 324733K->37941K(465920K)] 998066K->711581K(1287680K), 0.0062629 secs] [Times: user=0.01 sys=0.00, real=0.00 secs] 
120.580: [GC (Allocation Failure) [PSYoungGen: 270901K->184462K(465920K)] 944541K->859355K(1287680K), 0.0202662 secs] [Times: user=0.02 sys=0.00, real=0.02 secs] 
120.863: [GC (Allocation Failure) [PSYoungGen: 417422K->184301K(465920K)] 1092315K->859475K(1287680K), 0.0202563 secs] [Times: user=0.03 sys=0.00, real=0.02 secs] 
123.295: [GC (Allocation Failure) [PSYoungGen: 410308K->92062K(465920K)] 1085483K->767629K(1287680K), 0.0190561 secs] [Times: user=0.04 sys=0.00, real=0.02 secs] 
124.397: [GC (Allocation Failure) [PSYoungGen: 325022K->38037K(465920K)] 1000589K->713798K(1287680K), 0.0068401 secs] [Times: user=0.01 sys=0.00, real=0.01 secs] 
124.684: [GC (Allocation Failure) [PSYoungGen: 270997K->184847K(465920K)] 946758K->861998K(1287680K), 0.0204927 secs] [Times: user=0.03 sys=0.00, real=0.02 secs] 
125.024: [GC (Allocation Failure) [PSYoungGen: 417807K->184751K(465920K)] 1094958K->862054K(1287680K), 0.0203313 secs] [Times: user=0.03 sys=0.00, real=0.02 secs] 
126.344: [GC (Allocation Failure) [PSYoungGen: 406693K->91258K(465920K)] 1083997K->768835K(1287680K), 0.0184613 secs] [Times: user=0.04 sys=0.00, real=0.02 secs] 
127.659: [GC (Allocation Failure) [PSYoungGen: 324218K->38005K(465920K)] 1001795K->715904K(1287680K), 0.0055932 secs] [Times: user=0.01 sys=0.01, real=0.01 secs] 
127.928: [GC (Allocation Failure) [PSYoungGen: 270965K->184398K(465920K)] 948864K->863550K(1287680K), 0.0202908 secs] [Times: user=0.02 sys=0.00, real=0.02 secs] 
128.218: [GC (Allocation Failure) [PSYoungGen: 417358K->184494K(465920K)] 1096510K->863911K(1287680K), 0.0201668 secs] [Times: user=0.02 sys=0.00, real=0.02 secs] 
129.927: [GC (Allocation Failure) [PSYoungGen: 407025K->91773K(465920K)] 1086442K->771463K(1287680K), 0.0148594 secs] [Times: user=0.03 sys=0.00, real=0.02 secs] 
131.066: [GC (Allocation Failure) [PSYoungGen: 324733K->37813K(465920K)] 1004423K->717809K(1287680K), 0.0064402 secs] [Times: user=0.02 sys=0.00, real=0.01 secs] 
131.345: [GC (Allocation Failure) [PSYoungGen: 270773K->184398K(465920K)] 950769K->865776K(1287680K), 0.0202192 secs] [Times: user=0.03 sys=0.00, real=0.02 secs] 
131.630: [GC (Allocation Failure) [PSYoungGen: 417358K->184494K(465920K)] 1098736K->866017K(1287680K), 0.0204674 secs] [Times: user=0.02 sys=0.00, real=0.02 secs] 
133.535: [GC (Allocation Failure) [PSYoungGen: 407571K->91869K(465920K)] 1089094K->773665K(1287680K), 0.0137960 secs] [Times: user=0.03 sys=0.00, real=0.01 secs] 
135.272: [GC (Allocation Failure) [PSYoungGen: 324829K->37620K(465920K)] 1006625K->719741K(1287680K), 0.0072913 secs] [Times: user=0.01 sys=0.01, real=0.01 secs] 
135.650: [GC (Allocation Failure) [PSYoungGen: 270580K->184430K(465920K)] 952701K->867933K(1287680K), 0.0203472 secs] [Times: user=0.02 sys=0.00, real=0.02 secs] 
135.996: [GC (Allocation Failure) [PSYoungGen: 417390K->184558K(465920K)] 1100893K->868206K(1287680K), 0.0206143 secs] [Times: user=0.02 sys=0.00, real=0.02 secs] 
137.232: [GC (Allocation Failure) [PSYoungGen: 407604K->92190K(465920K)] 1091252K->776111K(1287680K), 0.0190151 secs] [Times: user=0.04 sys=0.00, real=0.02 secs] 
139.191: [GC (Allocation Failure) [PSYoungGen: 325150K->37684K(465920K)] 1009071K->721927K(1287680K), 0.0090936 secs] [Times: user=0.02 sys=0.00, real=0.01 secs] 
139.546: [GC (Allocation Failure) [PSYoungGen: 270644K->184430K(465920K)] 954887K->870054K(1287680K), 0.0204444 secs] [Times: user=0.02 sys=0.00, real=0.02 secs] 
139.894: [GC (Allocation Failure) [PSYoungGen: 417390K->184558K(465920K)] 1103014K->870327K(1287680K), 0.0202061 secs] [Times: user=0.03 sys=0.00, real=0.02 secs] 
140.590: [GC (Allocation Failure) [PSYoungGen: 407613K->91966K(465920K)] 1093382K->778000K(1287680K), 0.0119702 secs] [Times: user=0.02 sys=0.00, real=0.01 secs] 
141.540: [GC (Allocation Failure) [PSYoungGen: 324926K->38002K(465920K)] 1010960K->724347K(1287680K), 0.0056969 secs] [Times: user=0.01 sys=0.00, real=0.00 secs] 
141.871: [GC (Allocation Failure) [PSYoungGen: 270962K->184430K(465920K)] 957307K->872020K(1287680K), 0.0203193 secs] [Times: user=0.02 sys=0.00, real=0.02 secs] 
142.215: [GC (Allocation Failure) [PSYoungGen: 417390K->184558K(465920K)] 1104980K->872421K(1287680K), 0.0203973 secs] [Times: user=0.03 sys=0.00, real=0.02 secs] 
143.260: [GC (Allocation Failure) [PSYoungGen: 407089K->91741K(465920K)] 1094952K->779877K(1287680K), 0.0197079 secs] [Times: user=0.04 sys=0.00, real=0.02 secs] 
144.942: [GC (Allocation Failure) [PSYoungGen: 324701K->37909K(465920K)] 1012837K->726359K(1287680K), 0.0065171 secs] [Times: user=0.02 sys=0.00, real=0.00 secs] 
145.285: [GC (Allocation Failure) [PSYoungGen: 270869K->184430K(465920K)] 959319K->874133K(1287680K), 0.0202924 secs] [Times: user=0.02 sys=0.00, real=0.02 secs] 
145.569: [GC (Allocation Failure) [PSYoungGen: 417390K->184301K(465920K)] 1107093K->874286K(1287680K), 0.0203853 secs] [Times: user=0.03 sys=0.00, real=0.03 secs] 
147.145: [GC (Allocation Failure) [PSYoungGen: 409338K->92094K(465920K)] 1099322K->782472K(1287680K), 0.0244922 secs] [Times: user=0.05 sys=0.00, real=0.02 secs] 
148.623: [GC (Allocation Failure) [PSYoungGen: 325054K->37941K(465920K)] 1015432K->728489K(1287680K), 0.0069912 secs] [Times: user=0.02 sys=0.00, real=0.01 secs] 
148.921: [GC (Allocation Failure) [PSYoungGen: 270901K->184687K(465920K)] 961449K->876488K(1287680K), 0.0202972 secs] [Times: user=0.03 sys=0.00, real=0.02 secs] 
149.267: [GC (Allocation Failure) [PSYoungGen: 417647K->184719K(465920K)] 1109448K->876793K(1287680K), 0.0205638 secs] [Times: user=0.03 sys=0.00, real=0.02 secs] 
150.052: [GC (Allocation Failure) [PSYoungGen: 407265K->91259K(465920K)] 1099339K->783598K(1287680K), 0.0144437 secs] [Times: user=0.03 sys=0.00, real=0.01 secs] 
150.849: [GC (Allocation Failure) [PSYoungGen: 324219K->38099K(465920K)] 1016558K->730752K(1287680K), 0.0112945 secs] [Times: user=0.04 sys=0.00, real=0.02 secs] 
151.130: [GC (Allocation Failure) [PSYoungGen: 271059K->184623K(465920K)] 963712K->878521K(1287680K), 0.0207349 secs] [Times: user=0.03 sys=0.00, real=0.02 secs] 
151.421: [GC (Allocation Failure) [PSYoungGen: 417583K->184655K(465920K)] 1111481K->878826K(1287680K), 0.0246106 secs] [Times: user=0.05 sys=0.00, real=0.02 secs] 
152.087: [GC (Allocation Failure) [PSYoungGen: 407071K->91258K(465920K)] 1101242K->785695K(1287680K), 0.0109442 secs] [Times: user=0.02 sys=0.00, real=0.01 secs] 
152.947: [GC (Allocation Failure) [PSYoungGen: 324218K->37748K(465920K)] 1018655K->732506K(1287680K), 0.0056221 secs] [Times: user=0.02 sys=0.00, real=0.01 secs] 
153.217: [GC (Allocation Failure) [PSYoungGen: 270708K->184687K(465920K)] 965466K->880698K(1287680K), 0.0204113 secs] [Times: user=0.03 sys=0.00, real=0.02 secs] 
153.502: [GC (Allocation Failure) [PSYoungGen: 417647K->184687K(465920K)] 1113658K->880971K(1287680K), 0.0201755 secs] [Times: user=0.03 sys=0.00, real=0.02 secs] 
154.704: [GC (Allocation Failure) [PSYoungGen: 407243K->91644K(465920K)] 1103528K->788226K(1287680K), 0.0243167 secs] [Times: user=0.05 sys=0.01, real=0.02 secs] 
156.612: [GC (Allocation Failure) [PSYoungGen: 324604K->37716K(465920K)] 1021186K->734596K(1287680K), 0.0076486 secs] [Times: user=0.02 sys=0.00, real=0.01 secs] 
156.931: [GC (Allocation Failure) [PSYoungGen: 270676K->183787K(465920K)] 967556K->881912K(1287680K), 0.0201976 secs] [Times: user=0.02 sys=0.00, real=0.02 secs] 
157.220: [GC (Allocation Failure) [PSYoungGen: 416747K->184366K(465920K)] 1114872K->882756K(1287680K), 0.0203576 secs] [Times: user=0.03 sys=0.00, real=0.02 secs] 
157.831: [GC (Allocation Failure) [PSYoungGen: 409465K->92769K(465920K)] 1107855K->791569K(1287680K), 0.0124151 secs] [Times: user=0.02 sys=0.00, real=0.01 secs] 
159.507: [GC (Allocation Failure) [PSYoungGen: 325729K->37716K(465920K)] 1024529K->736693K(1287680K), 0.0112094 secs] [Times: user=0.04 sys=0.00, real=0.01 secs] 
159.893: [GC (Allocation Failure) [PSYoungGen: 270676K->184687K(465920K)] 969653K->884901K(1287680K), 0.0203482 secs] [Times: user=0.02 sys=0.00, real=0.02 secs] 
160.178: [GC (Allocation Failure) [PSYoungGen: 417647K->184687K(465920K)] 1117861K->885303K(1287680K), 0.0204747 secs] [Times: user=0.03 sys=0.00, real=0.02 secs] 
160.818: [GC (Allocation Failure) [PSYoungGen: 407375K->91612K(465920K)] 1107991K->792493K(1287680K), 0.0122550 secs] [Times: user=0.03 sys=0.00, real=0.02 secs] 
161.652: [GC (Allocation Failure) [PSYoungGen: 324572K->37973K(465920K)] 1025453K->739048K(1287680K), 0.0054416 secs] [Times: user=0.01 sys=0.00, real=0.00 secs] 
161.920: [GC (Allocation Failure) [PSYoungGen: 270933K->183916K(465920K)] 972008K->886244K(1287680K), 0.0201138 secs] [Times: user=0.03 sys=0.00, real=0.02 secs] 
162.205: [GC (Allocation Failure) [PSYoungGen: 416876K->184462K(465920K)] 1119204K->887071K(1287680K), 0.0204577 secs] [Times: user=0.03 sys=0.00, real=0.02 secs] 
162.819: [GC (Allocation Failure) [PSYoungGen: 409662K->92383K(465920K)] 1112271K->795257K(1287680K), 0.0108175 secs] [Times: user=0.03 sys=0.00, real=0.02 secs] 
164.207: [GC (Allocation Failure) [PSYoungGen: 325343K->37748K(465920K)] 1028217K->740928K(1287680K), 0.0067434 secs] [Times: user=0.02 sys=0.00, real=0.01 secs] 
164.561: [GC (Allocation Failure) [PSYoungGen: 270708K->184687K(465920K)] 973888K->889120K(1287680K), 0.0203624 secs] [Times: user=0.02 sys=0.00, real=0.02 secs] 
164.847: [GC (Allocation Failure) [PSYoungGen: 417647K->184655K(465920K)] 1122080K->889361K(1287680K), 0.0207202 secs] [Times: user=0.03 sys=0.00, real=0.02 secs] 
165.523: [GC (Allocation Failure) [PSYoungGen: 407196K->91644K(465920K)] 1111902K->796616K(1287680K), 0.0119820 secs] [Times: user=0.02 sys=0.00, real=0.01 secs] 
167.132: [GC (Allocation Failure) [PSYoungGen: 324604K->37813K(465920K)] 1029576K->743082K(1287680K), 0.0071815 secs] [Times: user=0.01 sys=0.00, real=0.00 secs] 
167.433: [GC (Allocation Failure) [PSYoungGen: 270773K->183787K(465920K)] 976042K->890310K(1287680K), 0.0201730 secs] [Times: user=0.03 sys=0.00, real=0.02 secs] 
167.717: [GC (Allocation Failure) [PSYoungGen: 416747K->184655K(465920K)] 1123270K->891451K(1287680K), 0.0205881 secs] [Times: user=0.03 sys=0.00, real=0.02 secs] 
169.181: [GC (Allocation Failure) [PSYoungGen: 410252K->92383K(465920K)] 1117048K->799444K(1287680K), 0.0124740 secs] [Times: user=0.02 sys=0.00, real=0.01 secs] 
170.008: [GC (Allocation Failure) [PSYoungGen: 325343K->37941K(465920K)] 1032404K->745324K(1287680K), 0.0055021 secs] [Times: user=0.02 sys=0.00, real=0.01 secs] 
170.278: [GC (Allocation Failure) [PSYoungGen: 270901K->184687K(465920K)] 978284K->893323K(1287680K), 0.0204962 secs] [Times: user=0.03 sys=0.00, real=0.02 secs] 
170.613: [GC (Allocation Failure) [PSYoungGen: 417647K->184623K(465920K)] 1126283K->893532K(1287680K), 0.0204597 secs] [Times: user=0.03 sys=0.00, real=0.02 secs] 
173.034: [GC (Allocation Failure) [PSYoungGen: 407175K->91355K(465920K)] 1116084K->800529K(1287680K), 0.0159568 secs] [Times: user=0.03 sys=0.00, real=0.02 secs] 
174.604: [GC (Allocation Failure) [PSYoungGen: 324315K->37585K(465920K)] 1033489K->747061K(1287680K), 0.0069079 secs] [Times: user=0.02 sys=0.00, real=0.01 secs] 
174.900: [GC (Allocation Failure) [PSYoungGen: 270545K->183626K(465920K)] 980021K->894364K(1287680K), 0.0205134 secs] [Times: user=0.03 sys=0.00, real=0.02 secs] 
175.184: [GC (Allocation Failure) [PSYoungGen: 416586K->184719K(465920K)] 1127324K->895737K(1287680K), 0.0201874 secs] [Times: user=0.03 sys=0.00, real=0.02 secs] 
175.839: [GC (Allocation Failure) [PSYoungGen: 410104K->92801K(465920K)] 1121122K->804093K(1287680K), 0.0112948 secs] [Times: user=0.02 sys=0.00, real=0.02 secs] 
176.640: [GC (Allocation Failure) [PSYoungGen: 325761K->38070K(465920K)] 1037053K->749667K(1287680K), 0.0055262 secs] [Times: user=0.01 sys=0.00, real=0.00 secs] 
176.911: [GC (Allocation Failure) [PSYoungGen: 271030K->184558K(465920K)] 982627K->897401K(1287680K), 0.0205282 secs] [Times: user=0.02 sys=0.00, real=0.02 secs] 
177.275: [GC (Allocation Failure) [PSYoungGen: 417518K->184269K(465920K)] 1130361K->897385K(1287680K), 0.0205300 secs] [Times: user=0.02 sys=0.00, real=0.02 secs] 
178.733: [GC (Allocation Failure) [PSYoungGen: 406835K->91773K(465920K)] 1119951K->805162K(1287680K), 0.0189901 secs] [Times: user=0.04 sys=0.00, real=0.02 secs] 
179.818: [GC (Allocation Failure) [PSYoungGen: 324733K->38002K(465920K)] 1038122K->751699K(1287680K), 0.0054425 secs] [Times: user=0.01 sys=0.00, real=0.01 secs] 
180.095: [GC (Allocation Failure) [PSYoungGen: 270962K->184398K(465920K)] 984659K->899348K(1287680K), 0.0208299 secs] [Times: user=0.03 sys=0.00, real=0.02 secs] 
180.380: [GC (Allocation Failure) [PSYoungGen: 417358K->184333K(465920K)] 1132308K->899565K(1287680K), 0.0201711 secs] [Times: user=0.03 sys=0.00, real=0.02 secs] 
181.069: [GC (Allocation Failure) [PSYoungGen: 409363K->91998K(465920K)] 1124594K->807631K(1287680K), 0.0107208 secs] [Times: user=0.02 sys=0.00, real=0.01 secs] 
182.045: [GC (Allocation Failure) [PSYoungGen: 324958K->38099K(465920K)] 1040591K->753901K(1287680K), 0.0056020 secs] [Times: user=0.01 sys=0.00, real=0.01 secs] 
182.389: [GC (Allocation Failure) [PSYoungGen: 271059K->184590K(465920K)] 986861K->901646K(1287680K), 0.0205257 secs] [Times: user=0.03 sys=0.00, real=0.03 secs] 
182.681: [GC (Allocation Failure) [PSYoungGen: 417550K->184815K(465920K)] 1134606K->902144K(1287680K), 0.0203499 secs] [Times: user=0.02 sys=0.00, real=0.02 secs] 
183.898: [GC (Allocation Failure) [PSYoungGen: 407269K->91194K(465920K)] 1124598K->808789K(1287680K), 0.0162962 secs] [Times: user=0.04 sys=0.00, real=0.02 secs] 
185.573: [GC (Allocation Failure) [PSYoungGen: 324154K->37845K(465920K)] 1041749K->755760K(1287680K), 0.0068757 secs] [Times: user=0.01 sys=0.00, real=0.01 secs] 
185.867: [GC (Allocation Failure) [PSYoungGen: 270805K->184301K(465920K)] 988720K->903462K(1287680K), 0.0208133 secs] [Times: user=0.03 sys=0.00, real=0.02 secs] 
186.214: [GC (Allocation Failure) [PSYoungGen: 417261K->184526K(465920K)] 1136422K->903961K(1287680K), 0.0207605 secs] [Times: user=0.02 sys=0.00, real=0.02 secs] 
188.024: [GC (Allocation Failure) [PSYoungGen: 409695K->91966K(465920K)] 1129130K->811665K(1287680K), 0.0145241 secs] [Times: user=0.03 sys=0.00, real=0.01 secs] 
190.006: [GC (Allocation Failure) [PSYoungGen: 324926K->37299K(465920K)] 1044625K->757304K(1287680K), 0.0068445 secs] [Times: user=0.02 sys=0.00, real=0.01 secs] 
190.301: [GC (Allocation Failure) [PSYoungGen: 270259K->184205K(465920K)] 990264K->905463K(1287680K), 0.0204176 secs] [Times: user=0.03 sys=0.00, real=0.02 secs] 
190.642: [GC (Allocation Failure) [PSYoungGen: 417165K->184526K(465920K)] 1138423K->906058K(1287680K), 0.0204507 secs] [Times: user=0.02 sys=0.00, real=0.02 secs] 
192.369: [GC (Allocation Failure) [PSYoungGen: 408237K->92672K(465920K)] 1129769K->814477K(1287680K), 0.0189884 secs] [Times: user=0.04 sys=0.00, real=0.02 secs] 
194.253: [GC (Allocation Failure) [PSYoungGen: 325632K->37748K(465920K)] 1047437K->759859K(1287680K), 0.0082104 secs] [Times: user=0.02 sys=0.00, real=0.01 secs] 
194.602: [GC (Allocation Failure) [PSYoungGen: 270708K->184462K(465920K)] 992819K->907834K(1287680K), 0.0207061 secs] [Times: user=0.03 sys=0.00, real=0.02 secs] 
194.886: [GC (Allocation Failure) [PSYoungGen: 417422K->184301K(465920K)] 1140794K->907946K(1287680K), 0.0201808 secs] [Times: user=0.03 sys=0.00, real=0.02 secs] 
196.395: [GC (Allocation Failure) [PSYoungGen: 409338K->92223K(465920K)] 1132983K->816261K(1287680K), 0.0208524 secs] [Times: user=0.05 sys=0.00, real=0.02 secs] 
198.032: [GC (Allocation Failure) [PSYoungGen: 325183K->37877K(465920K)] 1049221K->762101K(1287680K), 0.0070532 secs] [Times: user=0.02 sys=0.00, real=0.00 secs] 
198.335: [GC (Allocation Failure) [PSYoungGen: 270837K->184719K(465920K)] 995061K->910196K(1287680K), 0.0205107 secs] [Times: user=0.03 sys=0.00, real=0.02 secs] 
198.672: [GC (Allocation Failure) [PSYoungGen: 417679K->184623K(465920K)] 1143156K->910373K(1287680K), 0.0206138 secs] [Times: user=0.02 sys=0.00, real=0.02 secs] 
199.727: [GC (Allocation Failure) [PSYoungGen: 407166K->91516K(465920K)] 1132917K->817539K(1287680K), 0.0145746 secs] [Times: user=0.03 sys=0.00, real=0.02 secs] 
201.217: [GC (Allocation Failure) [PSYoungGen: 324476K->37813K(465920K)] 1050499K->764134K(1287680K), 0.0063981 secs] [Times: user=0.02 sys=0.00, real=0.01 secs] 
201.505: [GC (Allocation Failure) [PSYoungGen: 270773K->184719K(465920K)] 997094K->912422K(1287680K), 0.0207002 secs] [Times: user=0.03 sys=0.00, real=0.02 secs] 
201.792: [GC (Allocation Failure) [PSYoungGen: 417679K->184719K(465920K)] 1145382K->912567K(1287680K), 0.0201785 secs] [Times: user=0.03 sys=0.00, real=0.02 secs] 
203.252: [GC (Allocation Failure) [PSYoungGen: 407271K->91516K(465920K)] 1135119K->819637K(1287680K), 0.0191943 secs] [Times: user=0.04 sys=0.00, real=0.02 secs] 
204.728: [GC (Allocation Failure) [PSYoungGen: 324476K->37813K(465920K)] 1052597K->766242K(1287680K), 0.0065377 secs] [Times: user=0.01 sys=0.00, real=0.01 secs] 
205.010: [GC (Allocation Failure) [PSYoungGen: 270773K->184719K(465920K)] 999202K->914530K(1287680K), 0.0205356 secs] [Times: user=0.03 sys=0.00, real=0.02 secs] 
205.300: [GC (Allocation Failure) [PSYoungGen: 417679K->184719K(465920K)] 1147490K->914682K(1287680K), 0.0204122 secs] [Times: user=0.03 sys=0.00, real=0.02 secs] 
205.942: [GC (Allocation Failure) [PSYoungGen: 407280K->91531K(465920K)] 1137244K->821776K(1287680K), 0.0115561 secs] [Times: user=0.03 sys=0.00, real=0.01 secs] 
206.846: [GC (Allocation Failure) [PSYoungGen: 324491K->37973K(465920K)] 1054736K->768523K(1287680K), 0.0055678 secs] [Times: user=0.01 sys=0.00, real=0.01 secs] 
207.171: [GC (Allocation Failure) [PSYoungGen: 270933K->183948K(465920K)] 1001483K->915751K(1287680K), 0.0205946 secs] [Times: user=0.02 sys=0.00, real=0.02 secs] 
207.460: [GC (Allocation Failure) [PSYoungGen: 416908K->184430K(465920K)] 1148711K->916507K(1287680K), 0.0205728 secs] [Times: user=0.03 sys=0.00, real=0.02 secs] 
208.617: [GC (Allocation Failure) [PSYoungGen: 409630K->92351K(465920K)] 1141707K->824693K(1287680K), 0.0175098 secs] [Times: user=0.03 sys=0.00, real=0.02 secs] 
210.193: [GC (Allocation Failure) [PSYoungGen: 325311K->37845K(465920K)] 1057653K->770486K(1287680K), 0.0058942 secs] [Times: user=0.02 sys=0.00, real=0.00 secs] 
210.531: [GC (Allocation Failure) [PSYoungGen: 270805K->184719K(465920K)] 1003446K->918742K(1287680K), 0.0207847 secs] [Times: user=0.03 sys=0.00, real=0.02 secs] 
210.827: [GC (Allocation Failure) [PSYoungGen: 417679K->184687K(465920K)] 1151702K->918863K(1287680K), 0.0204328 secs] [Times: user=0.03 sys=0.00, real=0.02 secs] 
211.891: [GC (Allocation Failure) [PSYoungGen: 407235K->91484K(465920K)] 1141411K->825933K(1287680K), 0.0146282 secs] [Times: user=0.03 sys=0.00, real=0.01 secs] 
213.440: [GC (Allocation Failure) [PSYoungGen: 324444K->37684K(465920K)] 1058893K->772425K(1287680K), 0.0066610 secs] [Times: user=0.01 sys=0.00, real=0.00 secs] 
213.718: [GC (Allocation Failure) [PSYoungGen: 270644K->183948K(465920K)] 1005385K->919950K(1287680K), 0.0205516 secs] [Times: user=0.02 sys=0.00, real=0.02 secs] 
214.002: [GC (Allocation Failure) [PSYoungGen: 416908K->184430K(465920K)] 1152910K->920705K(1287680K), 0.0209907 secs] [Times: user=0.03 sys=0.00, real=0.02 secs] 
215.646: [GC (Allocation Failure) [PSYoungGen: 409640K->92640K(465920K)] 1145916K->829181K(1287680K), 0.0173788 secs] [Times: user=0.04 sys=0.01, real=0.02 secs] 
217.829: [GC (Allocation Failure) [PSYoungGen: 325600K->37845K(465920K)] 1062141K->774699K(1287680K), 0.0072909 secs] [Times: user=0.02 sys=0.00, real=0.01 secs] 
218.133: [GC (Allocation Failure) [PSYoungGen: 270805K->184719K(465920K)] 1007659K->922827K(1287680K), 0.0205104 secs] [Times: user=0.03 sys=0.00, real=0.02 secs] 
218.474: [GC (Allocation Failure) [PSYoungGen: 417679K->184687K(465920K)] 1155787K->923068K(1287680K), 0.0206130 secs] [Times: user=0.02 sys=0.00, real=0.02 secs] 
219.100: [GC (Allocation Failure) [PSYoungGen: 407248K->91484K(465920K)] 1145630K->830130K(1287680K), 0.0120299 secs] [Times: user=0.02 sys=0.00, real=0.01 secs] 
219.909: [GC (Allocation Failure) [PSYoungGen: 324444K->37970K(465920K)] 1063090K->776930K(1287680K), 0.0057006 secs] [Times: user=0.01 sys=0.00, real=0.01 secs] 
220.178: [GC (Allocation Failure) [PSYoungGen: 270930K->183948K(465920K)] 1009890K->924153K(1287680K), 0.0202270 secs] [Times: user=0.02 sys=0.00, real=0.02 secs] 
220.463: [GC (Allocation Failure) [PSYoungGen: 416908K->184366K(465920K)] 1157113K->924844K(1287680K), 0.0204492 secs] [Times: user=0.03 sys=0.00, real=0.02 secs] 
221.162: [GC (Allocation Failure) [PSYoungGen: 409569K->92383K(465920K)] 1150048K->833127K(1287680K), 0.0112037 secs] [Times: user=0.02 sys=0.01, real=0.01 secs] 
222.694: [GC (Allocation Failure) [PSYoungGen: 325343K->37456K(465920K)] 1066087K->778508K(1287680K), 0.0057535 secs] [Times: user=0.01 sys=0.00, real=0.01 secs] 
222.964: [GC (Allocation Failure) [PSYoungGen: 270416K->184205K(465920K)] 1011468K->926510K(1287680K), 0.0203873 secs] [Times: user=0.03 sys=0.00, real=0.02 secs] 
223.306: [GC (Allocation Failure) [PSYoungGen: 417165K->184590K(465920K)] 1159470K->927168K(1287680K), 0.0202773 secs] [Times: user=0.03 sys=0.00, real=0.02 secs] 
224.605: [GC (Allocation Failure) [PSYoungGen: 408176K->92544K(465920K)] 1150754K->835395K(1287680K), 0.0139556 secs] [Times: user=0.03 sys=0.00, real=0.01 secs] 
226.246: [GC (Allocation Failure) [PSYoungGen: 325504K->37556K(465920K)] 1068355K->780712K(1287680K), 0.0071486 secs] [Times: user=0.02 sys=0.00, real=0.01 secs] 
226.544: [GC (Allocation Failure) [PSYoungGen: 270516K->184462K(465920K)] 1013672K->928985K(1287680K), 0.0205261 secs] [Times: user=0.03 sys=0.00, real=0.02 secs] 
226.828: [GC (Allocation Failure) [PSYoungGen: 417422K->184590K(465920K)] 1161945K->929266K(1287680K), 0.0203308 secs] [Times: user=0.03 sys=0.00, real=0.02 secs] 
227.998: [GC (Allocation Failure) [PSYoungGen: 407636K->92158K(465920K)] 1152311K->837107K(1287680K), 0.0193085 secs] [Times: user=0.04 sys=0.00, real=0.02 secs] 
229.278: [GC (Allocation Failure) [PSYoungGen: 325118K->37813K(465920K)] 1070067K->783059K(1287680K), 0.0066019 secs] [Times: user=0.01 sys=0.00, real=0.01 secs] 
229.642: [GC (Allocation Failure) [PSYoungGen: 270773K->184462K(465920K)] 1016019K->930961K(1287680K), 0.0206999 secs] [Times: user=0.03 sys=0.00, real=0.02 secs] 
229.986: [GC (Allocation Failure) [PSYoungGen: 417422K->184558K(465920K)] 1163921K->931331K(1287680K), 0.0204671 secs] [Times: user=0.02 sys=0.00, real=0.02 secs] 
231.927: [GC (Allocation Failure) [PSYoungGen: 407600K->91869K(465920K)] 1154373K->838907K(1287680K), 0.0165251 secs] [Times: user=0.03 sys=0.00, real=0.02 secs] 
232.844: [GC (Allocation Failure) [PSYoungGen: 324829K->37973K(465920K)] 1071867K->785317K(1287680K), 0.0065984 secs] [Times: user=0.02 sys=0.00, real=0.01 secs] 
233.128: [GC (Allocation Failure) [PSYoungGen: 270933K->184976K(465920K)] 1018277K->933573K(1287680K), 0.0205034 secs] [Times: user=0.03 sys=0.00, real=0.02 secs] 
233.411: [GC (Allocation Failure) [PSYoungGen: 417936K->184205K(465920K)] 1166533K->933075K(1287680K), 0.0203788 secs] [Times: user=0.02 sys=0.00, real=0.02 secs] 
234.230: [GC (Allocation Failure) [PSYoungGen: 407024K->91612K(465920K)] 1155895K->840771K(1287680K), 0.0126384 secs] [Times: user=0.03 sys=0.00, real=0.01 secs] 
235.057: [GC (Allocation Failure) [PSYoungGen: 324572K->37941K(465920K)] 1073731K->787414K(1287680K), 0.0076803 secs] [Times: user=0.02 sys=0.00, real=0.01 secs] 
235.445: [GC (Allocation Failure) [PSYoungGen: 270901K->184462K(465920K)] 1020374K->935188K(1287680K), 0.0206861 secs] [Times: user=0.02 sys=0.00, real=0.02 secs] 
235.790: [GC (Allocation Failure) [PSYoungGen: 417422K->184269K(465920K)] 1168148K->935269K(1287680K), 0.0205709 secs] [Times: user=0.03 sys=0.00, real=0.02 secs] 
239.176: [GC (Allocation Failure) [PSYoungGen: 409302K->92062K(465920K)] 1160302K->843463K(1287680K), 0.0242204 secs] [Times: user=0.05 sys=0.00, real=0.03 secs] 
240.740: [GC (Allocation Failure) [PSYoungGen: 325022K->37813K(465920K)] 1076423K->789391K(1287680K), 0.0065225 secs] [Times: user=0.01 sys=0.00, real=0.00 secs] 
241.017: [GC (Allocation Failure) [PSYoungGen: 270773K->184205K(465920K)] 1022351K->937037K(1287680K), 0.0204361 secs] [Times: user=0.02 sys=0.00, real=0.02 secs] 
241.301: [GC (Allocation Failure) [PSYoungGen: 417165K->184590K(465920K)] 1169997K->937703K(1287680K), 0.0205195 secs] [Times: user=0.03 sys=0.00, real=0.02 secs] 
244.223: [GC (Allocation Failure) [PSYoungGen: 407681K->92158K(465920K)] 1160794K->845544K(1287680K), 0.0121623 secs] [Times: user=0.02 sys=0.00, real=0.01 secs] 
245.223: [GC (Allocation Failure) [PSYoungGen: 325118K->37813K(465920K)] 1078504K->791505K(1287680K), 0.0084616 secs] [Times: user=0.02 sys=0.00, real=0.01 secs] 
245.588: [GC (Allocation Failure) [PSYoungGen: 270773K->184815K(465920K)] 1024465K->939753K(1287680K), 0.0204012 secs] [Times: user=0.03 sys=0.00, real=0.02 secs] 
245.877: [GC (Allocation Failure) [PSYoungGen: 417775K->184205K(465920K)] 1172713K->939415K(1287680K), 0.0201556 secs] [Times: user=0.03 sys=0.00, real=0.02 secs] 
246.690: [GC (Allocation Failure) [PSYoungGen: 406957K->91933K(465920K)] 1162168K->847417K(1287680K), 0.0136973 secs] [Times: user=0.03 sys=0.00, real=0.01 secs] 
248.348: [GC (Allocation Failure) [PSYoungGen: 324893K->37748K(465920K)] 1080377K->793553K(1287680K), 0.0093834 secs] [Times: user=0.02 sys=0.00, real=0.01 secs] 
248.694: [GC (Allocation Failure) [PSYoungGen: 270708K->184687K(465920K)] 1026513K->941746K(1287680K), 0.0203631 secs] [Times: user=0.03 sys=0.00, real=0.02 secs] 
248.978: [GC (Allocation Failure) [PSYoungGen: 417647K->184719K(465920K)] 1174706K->942179K(1287680K), 0.0203306 secs] [Times: user=0.03 sys=0.00, real=0.02 secs] 
249.706: [GC (Allocation Failure) [PSYoungGen: 407413K->91644K(465920K)] 1164874K->849386K(1287680K), 0.0121353 secs] [Times: user=0.02 sys=0.00, real=0.01 secs] 
250.708: [GC (Allocation Failure) [PSYoungGen: 324604K->38005K(465920K)] 1082346K->795926K(1287680K), 0.0056373 secs] [Times: user=0.01 sys=0.00, real=0.01 secs] 
251.039: [GC (Allocation Failure) [PSYoungGen: 270965K->183916K(465920K)] 1028886K->943082K(1287680K), 0.0203043 secs] [Times: user=0.03 sys=0.00, real=0.02 secs] 
251.322: [GC (Allocation Failure) [PSYoungGen: 416876K->184398K(465920K)] 1176042K->943837K(1287680K), 0.0204638 secs] [Times: user=0.02 sys=0.00, real=0.02 secs] 
252.886: [GC (Allocation Failure) [PSYoungGen: 409595K->92415K(465920K)] 1169034K->852128K(1287680K), 0.0170771 secs] [Times: user=0.03 sys=0.00, real=0.02 secs] 
254.591: [GC (Allocation Failure) [PSYoungGen: 325375K->37938K(465920K)] 1085088K->797958K(1287680K), 0.0071066 secs] [Times: user=0.02 sys=0.01, real=0.00 secs] 
254.969: [GC (Allocation Failure) [PSYoungGen: 270898K->184687K(465920K)] 1030918K->945960K(1287680K), 0.0204798 secs] [Times: user=0.03 sys=0.00, real=0.03 secs] 
255.260: [GC (Allocation Failure) [PSYoungGen: 417647K->184687K(465920K)] 1178920K->946362K(1287680K), 0.0202988 secs] [Times: user=0.03 sys=0.01, real=0.02 secs] 
256.616: [GC (Allocation Failure) [PSYoungGen: 407113K->91452K(465920K)] 1168788K->853400K(1287680K), 0.0160242 secs] [Times: user=0.03 sys=0.01, real=0.02 secs] 
258.105: [GC (Allocation Failure) [PSYoungGen: 324412K->37941K(465920K)] 1086360K->800067K(1287680K), 0.0066447 secs] [Times: user=0.02 sys=0.00, real=0.01 secs] 
258.382: [GC (Allocation Failure) [PSYoungGen: 270901K->184687K(465920K)] 1033027K->948058K(1287680K), 0.0202887 secs] [Times: user=0.03 sys=0.00, real=0.02 secs] 
258.663: [GC (Allocation Failure) [PSYoungGen: 417647K->182727K(465920K)] 1181018K->946371K(1287680K), 0.0202763 secs] [Times: user=0.03 sys=0.00, real=0.02 secs] 
259.301: [GC (Allocation Failure) [PSYoungGen: 408895K->93251K(465920K)] 1172539K->857160K(1287680K), 0.0113666 secs] [Times: user=0.03 sys=0.00, real=0.01 secs] 
260.102: [GC (Allocation Failure) [PSYoungGen: 326211K->37103K(465920K)] 1090120K->801318K(1287680K), 0.0058340 secs] [Times: user=0.01 sys=0.00, real=0.00 secs] 
260.371: [GC (Allocation Failure) [PSYoungGen: 270063K->184430K(465920K)] 1034278K->949882K(1287680K), 0.0203498 secs] [Times: user=0.03 sys=0.00, real=0.02 secs] 
260.659: [GC (Allocation Failure) [PSYoungGen: 417390K->183369K(465920K)] 1182842K->949095K(1287680K), 0.0204526 secs] [Times: user=0.03 sys=0.00, real=0.02 secs] 
261.539: [GC (Allocation Failure) [PSYoungGen: 410151K->93797K(465920K)] 1175877K->859796K(1287680K), 0.0205330 secs] [Times: user=0.04 sys=0.00, real=0.03 secs] 
263.088: [GC (Allocation Failure) [PSYoungGen: 326757K->37427K(465920K)] 1092756K->803717K(1287680K), 0.0071021 secs] [Times: user=0.02 sys=0.00, real=0.01 secs] 
263.442: [GC (Allocation Failure) [PSYoungGen: 270387K->184365K(465920K)] 1036677K->951901K(1287680K), 0.0204990 secs] [Times: user=0.03 sys=0.00, real=0.02 secs] 
263.725: [GC (Allocation Failure) [PSYoungGen: 417325K->183498K(465920K)] 1184861K->951307K(1287680K), 0.0204954 secs] [Times: user=0.03 sys=0.01, real=0.02 secs] 
265.063: [GC (Allocation Failure) [PSYoungGen: 408446K->93379K(465920K)] 1176256K->861582K(1287680K), 0.0205085 secs] [Times: user=0.04 sys=0.01, real=0.02 secs] 
267.120: [GC (Allocation Failure) [PSYoungGen: 326339K->37813K(465920K)] 1094542K->806178K(1287680K), 0.0084282 secs] [Times: user=0.03 sys=0.00, real=0.00 secs] 
267.447: [GC (Allocation Failure) [PSYoungGen: 270773K->184815K(465920K)] 1039138K->954563K(1287680K), 0.0204253 secs] [Times: user=0.03 sys=0.00, real=0.02 secs] 
267.733: [GC (Allocation Failure) [PSYoungGen: 417775K->184558K(465920K)] 1187523K->954579K(1287680K), 0.0203356 secs] [Times: user=0.03 sys=0.00, real=0.02 secs] 
268.754: [GC (Allocation Failure) [PSYoungGen: 407038K->91516K(465920K)] 1177059K->861681K(1287680K), 0.0114375 secs] [Times: user=0.02 sys=0.00, real=0.01 secs] 
270.117: [GC (Allocation Failure) [PSYoungGen: 324476K->37684K(465920K)] 1094641K->808155K(1287680K), 0.0066425 secs] [Times: user=0.02 sys=0.00, real=0.01 secs] 
270.398: [GC (Allocation Failure) [PSYoungGen: 270644K->184430K(465920K)] 1041115K->956275K(1287680K), 0.0203811 secs] [Times: user=0.02 sys=0.00, real=0.02 secs] 
270.682: [GC (Allocation Failure) [PSYoungGen: 417390K->184558K(465920K)] 1189235K->956548K(1287680K), 0.0204194 secs] [Times: user=0.03 sys=0.00, real=0.02 secs] 
271.339: [GC (Allocation Failure) [PSYoungGen: 407606K->91998K(465920K)] 1179596K->864253K(1287680K), 0.0121039 secs] [Times: user=0.02 sys=0.00, real=0.02 secs] 
272.245: [GC (Allocation Failure) [PSYoungGen: 324958K->37973K(465920K)] 1097213K->810526K(1287680K), 0.0064934 secs] [Times: user=0.02 sys=0.00, real=0.01 secs] 
272.598: [GC (Allocation Failure) [PSYoungGen: 270933K->184430K(465920K)] 1043486K->958228K(1287680K), 0.0205026 secs] [Times: user=0.02 sys=0.00, real=0.02 secs] 
272.941: [GC (Allocation Failure) [PSYoungGen: 417390K->184205K(465920K)] 1191188K->958276K(1287680K), 0.0204340 secs] [Times: user=0.03 sys=0.00, real=0.02 secs] 
275.282: [GC (Allocation Failure) [PSYoungGen: 409136K->92126K(465920K)] 1183207K->866470K(1287680K), 0.0180383 secs] [Times: user=0.03 sys=0.00, real=0.02 secs] 
276.987: [GC (Allocation Failure) [PSYoungGen: 325086K->37556K(465920K)] 1099430K->812206K(1287680K), 0.0066025 secs] [Times: user=0.02 sys=0.00, real=0.01 secs] 
277.347: [GC (Allocation Failure) [PSYoungGen: 270516K->184430K(465920K)] 1045166K->960325K(1287680K), 0.0204510 secs] [Times: user=0.03 sys=0.00, real=0.02 secs] 
277.687: [GC (Allocation Failure) [PSYoungGen: 417390K->184269K(465920K)] 1193285K->960438K(1287680K), 0.0203813 secs] [Times: user=0.03 sys=0.00, real=0.02 secs] 
278.789: [GC (Allocation Failure) [PSYoungGen: 409418K->92351K(465920K)] 1185587K->868785K(1287680K), 0.0126092 secs] [Times: user=0.03 sys=0.00, real=0.02 secs] 
279.697: [GC (Allocation Failure) [PSYoungGen: 325311K->37941K(465920K)] 1101745K->814689K(1287680K), 0.0065866 secs] [Times: user=0.02 sys=0.00, real=0.01 secs] 
280.051: [GC (Allocation Failure) [PSYoungGen: 270901K->184173K(465920K)] 1047649K->962166K(1287680K), 0.0203602 secs] [Times: user=0.03 sys=0.00, real=0.02 secs] 
280.340: [GC (Allocation Failure) [PSYoungGen: 417133K->184880K(465920K)] 1195126K->963146K(1287680K), 0.0206434 secs] [Times: user=0.03 sys=0.00, real=0.02 secs] 
281.836: [GC (Allocation Failure) [PSYoungGen: 407786K->91644K(465920K)] 1186052K->870191K(1287680K), 0.0174135 secs] [Times: user=0.04 sys=0.00, real=0.02 secs] 
283.675: [GC (Allocation Failure) [PSYoungGen: 324604K->37488K(465920K)] 1103151K->816333K(1287680K), 0.0070058 secs] [Times: user=0.01 sys=0.00, real=0.01 secs] 
283.968: [GC (Allocation Failure) [PSYoungGen: 270448K->184558K(465920K)] 1049293K->964649K(1287680K), 0.0204520 secs] [Times: user=0.03 sys=0.00, real=0.02 secs] 
284.257: [GC (Allocation Failure) [PSYoungGen: 417518K->184269K(465920K)] 1197609K->964633K(1287680K), 0.0203764 secs] [Times: user=0.03 sys=0.00, real=0.02 secs] 
284.893: [GC (Allocation Failure) [PSYoungGen: 409158K->92383K(465920K)] 1189521K->873012K(1287680K), 0.0108097 secs] [Times: user=0.02 sys=0.00, real=0.01 secs] 
285.681: [GC (Allocation Failure) [PSYoungGen: 325343K->37845K(465920K)] 1105972K->818773K(1287680K), 0.0055277 secs] [Times: user=0.01 sys=0.00, real=0.00 secs] 
285.950: [GC (Allocation Failure) [PSYoungGen: 270805K->184173K(465920K)] 1051733K->966354K(1287680K), 0.0202567 secs] [Times: user=0.03 sys=0.00, real=0.02 secs] 
286.239: [GC (Allocation Failure) [PSYoungGen: 417133K->184494K(465920K)] 1199314K->967078K(1287680K), 0.0204632 secs] [Times: user=0.03 sys=0.00, real=0.03 secs] 
286.867: [GC (Allocation Failure) [PSYoungGen: 409657K->92094K(465920K)] 1192240K->874814K(1287680K), 0.0108166 secs] [Times: user=0.02 sys=0.00, real=0.01 secs] 
287.660: [GC (Allocation Failure) [PSYoungGen: 325054K->37877K(465920K)] 1107774K->820910K(1287680K), 0.0056611 secs] [Times: user=0.01 sys=0.00, real=0.00 secs] 
287.931: [GC (Allocation Failure) [PSYoungGen: 270837K->184269K(465920K)] 1053870K->968548K(1287680K), 0.0203131 secs] [Times: user=0.03 sys=0.00, real=0.02 secs] 
288.221: [GC (Allocation Failure) [PSYoungGen: 417229K->184623K(465920K)] 1201508K->969167K(1287680K), 0.0205679 secs] [Times: user=0.03 sys=0.00, real=0.02 secs] 
288.891: [GC (Allocation Failure) [PSYoungGen: 407175K->91869K(465920K)] 1191719K->876686K(1287680K), 0.0110235 secs] [Times: user=0.02 sys=0.00, real=0.01 secs] 
289.734: [GC (Allocation Failure) [PSYoungGen: 324829K->37813K(465920K)] 1109646K->822946K(1287680K), 0.0066972 secs] [Times: user=0.02 sys=0.00, real=0.01 secs] 
290.079: [GC (Allocation Failure) [PSYoungGen: 270773K->183787K(465920K)] 1055906K->970166K(1287680K), 0.0204535 secs] [Times: user=0.03 sys=0.00, real=0.02 secs] 
290.423: [GC (Allocation Failure) [PSYoungGen: 416747K->184494K(465920K)] 1203126K->971153K(1287680K), 0.0204981 secs] [Times: user=0.03 sys=0.00, real=0.02 secs] 
292.637: [GC (Allocation Failure) [PSYoungGen: 409594K->92704K(465920K)] 1196254K->879766K(1287680K), 0.0127874 secs] [Times: user=0.02 sys=0.00, real=0.02 secs] 
294.223: [GC (Allocation Failure) [PSYoungGen: 325664K->37845K(465920K)] 1112726K->825075K(1287680K), 0.0066501 secs] [Times: user=0.02 sys=0.00, real=0.01 secs] 
294.507: [GC (Allocation Failure) [PSYoungGen: 270805K->184526K(465920K)] 1058035K->973131K(1287680K), 0.0206192 secs] [Times: user=0.03 sys=0.00, real=0.02 secs] 
294.791: [GC (Allocation Failure) [PSYoungGen: 417486K->184398K(465920K)] 1206091K->973139K(1287680K), 0.0206059 secs] [Times: user=0.03 sys=0.00, real=0.02 secs] 
295.701: [GC (Allocation Failure) [PSYoungGen: 406886K->91901K(465920K)] 1195627K->880915K(1287680K), 0.0152696 secs] [Times: user=0.03 sys=0.00, real=0.01 secs] 
296.507: [GC (Allocation Failure) [PSYoungGen: 324861K->38102K(465920K)] 1113875K->827422K(1287680K), 0.0057344 secs] [Times: user=0.02 sys=0.00, real=0.01 secs] 
296.779: [GC (Allocation Failure) [PSYoungGen: 271062K->183787K(465920K)] 1060382K->974361K(1287680K), 0.0206756 secs] [Times: user=0.03 sys=0.00, real=0.03 secs] 
297.064: [GC (Allocation Failure) [PSYoungGen: 416747K->184462K(465920K)] 1207321K->975316K(1287680K), 0.0205563 secs] [Times: user=0.03 sys=0.00, real=0.02 secs] 
297.970: [GC (Allocation Failure) [PSYoungGen: 409690K->92415K(465920K)] 1200545K->883543K(1287680K), 0.0136521 secs] [Times: user=0.02 sys=0.00, real=0.01 secs] 
300.068: [GC (Allocation Failure) [PSYoungGen: 325375K->37331K(465920K)] 1116503K->828764K(1287680K), 0.0074543 secs] [Times: user=0.02 sys=0.00, real=0.01 secs] 
300.372: [GC (Allocation Failure) [PSYoungGen: 270291K->184687K(465920K)] 1061724K->977502K(1287680K), 0.0208305 secs] [Times: user=0.03 sys=0.00, real=0.02 secs] 
300.716: [GC (Allocation Failure) [PSYoungGen: 417647K->184655K(465920K)] 1210462K->977607K(1287680K), 0.0205300 secs] [Times: user=0.03 sys=0.00, real=0.02 secs] 
301.361: [GC (Allocation Failure) [PSYoungGen: 405155K->91998K(465920K)] 1198107K->885223K(1287680K), 0.0123369 secs] [Times: user=0.03 sys=0.00, real=0.01 secs] 
302.428: [GC (Allocation Failure) [PSYoungGen: 324958K->37973K(465920K)] 1118183K->831512K(1287680K), 0.0067393 secs] [Times: user=0.02 sys=0.00, real=0.01 secs] 
302.709: [GC (Allocation Failure) [PSYoungGen: 270933K->184687K(465920K)] 1064472K->979479K(1287680K), 0.0206470 secs] [Times: user=0.02 sys=0.00, real=0.02 secs] 
303.003: [GC (Allocation Failure) [PSYoungGen: 417647K->184044K(465920K)] 1212439K->979109K(1287680K), 0.0214775 secs] [Times: user=0.03 sys=0.00, real=0.02 secs] 
304.003: [GC (Allocation Failure) [PSYoungGen: 407533K->91998K(465920K)] 1202598K->887336K(1287680K), 0.0119695 secs] [Times: user=0.03 sys=0.00, real=0.01 secs] 
305.931: [GC (Allocation Failure) [PSYoungGen: 324958K->37556K(465920K)] 1120296K->833200K(1287680K), 0.0075932 secs] [Times: user=0.02 sys=0.00, real=0.00 secs] 
306.317: [GC (Allocation Failure) [PSYoungGen: 270516K->184430K(465920K)] 1066160K->981319K(1287680K), 0.0206675 secs] [Times: user=0.03 sys=0.00, real=0.02 secs] 
306.600: [GC (Allocation Failure) [PSYoungGen: 417390K->184269K(465920K)] 1214279K->981432K(1287680K), 0.0214627 secs] [Times: user=0.03 sys=0.00, real=0.02 secs] 
307.238: [GC (Allocation Failure) [PSYoungGen: 409304K->92415K(465920K)] 1206467K->889980K(1287680K), 0.0121972 secs] [Times: user=0.02 sys=0.00, real=0.02 secs] 
308.694: [GC (Allocation Failure) [PSYoungGen: 325375K->37845K(465920K)] 1122940K->835586K(1287680K), 0.0072595 secs] [Times: user=0.02 sys=0.01, real=0.01 secs] 
308.996: [GC (Allocation Failure) [PSYoungGen: 270805K->184237K(465920K)] 1068546K->983232K(1287680K), 0.0205687 secs] [Times: user=0.03 sys=0.00, real=0.02 secs] 
309.342: [GC (Allocation Failure) [PSYoungGen: 417197K->184912K(465920K)] 1216192K->984180K(1287680K), 0.0220610 secs] [Times: user=0.02 sys=0.00, real=0.02 secs] 
310.493: [GC (Allocation Failure) [PSYoungGen: 408049K->91773K(465920K)] 1207317K->891314K(1287680K), 0.0134287 secs] [Times: user=0.03 sys=0.00, real=0.01 secs] 
311.295: [GC (Allocation Failure) [PSYoungGen: 324733K->37973K(465920K)] 1124274K->837830K(1287680K), 0.0061838 secs] [Times: user=0.01 sys=0.00, real=0.01 secs] 
311.566: [GC (Allocation Failure) [PSYoungGen: 270933K->184012K(465920K)] 1070790K->985115K(1287680K), 0.0204905 secs] [Times: user=0.03 sys=0.00, real=0.02 secs] 
311.855: [GC (GCLocker Initiated GC) [PSYoungGen: 416972K->182116K(465920K)] 1218075K->983492K(1287680K), 0.0203586 secs] [Times: user=0.03 sys=0.00, real=0.02 secs] 
312.980: [GC (Allocation Failure) [PSYoungGen: 415076K->78216K(465920K)] 1232839K->896244K(1287680K), 0.0117734 secs] [Times: user=0.03 sys=0.00, real=0.01 secs] 
313.804: [GC (Allocation Failure) [PSYoungGen: 311176K->58183K(465920K)] 1129204K->876432K(1287680K), 0.0076126 secs] [Times: user=0.02 sys=0.00, real=0.01 secs] 
314.077: [GC (Allocation Failure) [PSYoungGen: 291143K->184301K(465920K)] 1109392K->1003812K(1287680K), 0.0205556 secs] [Times: user=0.02 sys=0.00, real=0.02 secs] 
314.362: [GC (Allocation Failure) [PSYoungGen: 417261K->184526K(465920K)] 1236772K->1004310K(1287680K), 0.0204642 secs] [Times: user=0.03 sys=0.00, real=0.02 secs] 
316.478: [GC (Allocation Failure) [PSYoungGen: 417486K->55275K(465920K)] 1237270K->875332K(1287680K), 0.0100282 secs] [Times: user=0.02 sys=0.00, real=0.01 secs] 
317.468: [GC (Allocation Failure) [PSYoungGen: 288235K->80190K(465920K)] 1108292K->900561K(1287680K), 0.0099258 secs] [Times: user=0.02 sys=0.00, real=0.01 secs] 
317.478: [Full GC (Ergonomics) [PSYoungGen: 80190K->0K(465920K)] [ParOldGen: 820370K->362923K(802816K)] 900561K->362923K(1268736K), [Metaspace: 54763K->54755K(1099776K)], 0.0436240 secs] [Times: user=0.16 sys=0.00, real=0.05 secs] 
317.787: [GC (Allocation Failure) [PSYoungGen: 232960K->184462K(465920K)] 595883K->547385K(1268736K), 0.0201071 secs] [Times: user=0.02 sys=0.00, real=0.02 secs] 
318.071: [GC (Allocation Failure) [PSYoungGen: 417422K->184558K(465920K)] 780345K->547915K(1268736K), 0.0202113 secs] [Times: user=0.02 sys=0.00, real=0.02 secs] 
319.830: [GC (Allocation Failure) [PSYoungGen: 417518K->66017K(465920K)] 780875K->429511K(1268736K), 0.0166105 secs] [Times: user=0.05 sys=0.00, real=0.01 secs] 
321.536: [GC (Allocation Failure) [PSYoungGen: 298977K->90089K(465920K)] 662471K->453897K(1268736K), 0.0104795 secs] [Times: user=0.02 sys=0.00, real=0.01 secs] 
321.865: [GC (Allocation Failure) [PSYoungGen: 323049K->184044K(465920K)] 686857K->549218K(1268736K), 0.0200454 secs] [Times: user=0.03 sys=0.00, real=0.02 secs] 
322.203: [GC (Allocation Failure) [PSYoungGen: 417004K->184012K(465920K)] 782178K->549330K(1268736K), 0.0199403 secs] [Times: user=0.03 sys=0.00, real=0.02 secs] 
324.462: [GC (Allocation Failure) [PSYoungGen: 416972K->56972K(465920K)] 782290K->422555K(1268736K), 0.0066896 secs] [Times: user=0.02 sys=0.00, real=0.00 secs] 
325.777: [GC (Allocation Failure) [PSYoungGen: 289932K->98925K(465920K)] 655515K->464824K(1268736K), 0.0113613 secs] [Times: user=0.02 sys=0.00, real=0.01 secs] 
326.051: [GC (Allocation Failure) [PSYoungGen: 331885K->184173K(465920K)] 697784K->551325K(1268736K), 0.0199242 secs] [Times: user=0.03 sys=0.00, real=0.02 secs] 
326.339: [GC (Allocation Failure) [PSYoungGen: 417133K->184430K(465920K)] 784285K->551984K(1268736K), 0.0199251 secs] [Times: user=0.03 sys=0.00, real=0.02 secs] 
327.316: [GC (Allocation Failure) [PSYoungGen: 417390K->47606K(465920K)] 784944K->415297K(1268736K), 0.0053590 secs] [Times: user=0.02 sys=0.00, real=0.01 secs] 
327.997: [GC (Allocation Failure) [PSYoungGen: 280566K->108982K(465920K)] 648257K->476970K(1268736K), 0.0144065 secs] [Times: user=0.02 sys=0.00, real=0.02 secs] 
328.287: [GC (Allocation Failure) [PSYoungGen: 341942K->184462K(465920K)] 709930K->553696K(1268736K), 0.0200740 secs] [Times: user=0.03 sys=0.00, real=0.02 secs] 
328.623: [GC (Allocation Failure) [PSYoungGen: 417422K->184526K(465920K)] 786656K->554033K(1268736K), 0.0202184 secs] [Times: user=0.03 sys=0.00, real=0.02 secs] 
329.550: [GC (Allocation Failure) [PSYoungGen: 417486K->37164K(465920K)] 786993K->406944K(1268736K), 0.0040660 secs] [Times: user=0.02 sys=0.00, real=0.00 secs] 
330.146: [GC (Allocation Failure) [PSYoungGen: 270124K->119425K(465920K)] 639904K->489518K(1268736K), 0.0133520 secs] [Times: user=0.02 sys=0.00, real=0.01 secs] 
330.421: [GC (Allocation Failure) [PSYoungGen: 352385K->183916K(465920K)] 722478K->555255K(1268736K), 0.0199091 secs] [Times: user=0.03 sys=0.00, real=0.02 secs] 
330.780: [GC (Allocation Failure) [PSYoungGen: 416876K->179474K(465920K)] 788215K->551086K(1268736K), 0.0217346 secs] [Times: user=0.03 sys=0.01, real=0.02 secs] 
331.644: [GC (Allocation Failure) [PSYoungGen: 412434K->32896K(465920K)] 784046K->405952K(1268736K), 0.0036660 secs] [Times: user=0.01 sys=0.00, real=0.00 secs] 
332.476: [GC (Allocation Failure) [PSYoungGen: 265856K->125979K(465920K)] 638912K->499051K(1268736K), 0.0139770 secs] [Times: user=0.02 sys=0.00, real=0.02 secs] 
332.754: [GC (Allocation Failure) [PSYoungGen: 358939K->184847K(465920K)] 732011K->559301K(1268736K), 0.0200972 secs] [Times: user=0.02 sys=0.00, real=0.02 secs] 
333.122: [GC (Allocation Failure) [PSYoungGen: 417807K->173476K(465920K)] 792261K->548074K(1268736K), 0.0214895 secs] [Times: user=0.03 sys=0.00, real=0.02 secs] 
334.718: [GC (Allocation Failure) [PSYoungGen: 406436K->32896K(465920K)] 781034K->408940K(1268736K), 0.0046308 secs] [Times: user=0.03 sys=0.00, real=0.01 secs] 
335.521: [GC (Allocation Failure) [PSYoungGen: 265856K->136133K(465920K)] 641900K->512209K(1268736K), 0.0153059 secs] [Times: user=0.02 sys=0.00, real=0.01 secs] 
335.799: [GC (Allocation Failure) [PSYoungGen: 369093K->184076K(465920K)] 745169K->561407K(1268736K), 0.0199471 secs] [Times: user=0.03 sys=0.00, real=0.02 secs] 
336.187: [GC (Allocation Failure) [PSYoungGen: 417036K->166093K(465920K)] 794367K->543697K(1268736K), 0.0195607 secs] [Times: user=0.03 sys=0.00, real=0.02 secs] 
337.516: [GC (Allocation Failure) [PSYoungGen: 399053K->64K(465920K)] 776657K->379107K(1268736K), 0.0021668 secs] [Times: user=0.00 sys=0.00, real=0.00 secs] 
338.273: [GC (Allocation Failure) [PSYoungGen: 233024K->145258K(465920K)] 612067K->524317K(1268736K), 0.0162276 secs] [Times: user=0.02 sys=0.00, real=0.02 secs] 
338.610: [GC (Allocation Failure) [PSYoungGen: 378218K->184301K(465920K)] 757277K->564606K(1268736K), 0.0199711 secs] [Times: user=0.03 sys=0.00, real=0.02 secs] 
339.197: [GC (Allocation Failure) [PSYoungGen: 417261K->160887K(465920K)] 797566K->541465K(1268736K), 0.0401781 secs] [Times: user=0.05 sys=0.00, real=0.04 secs] 
340.997: [GC (Allocation Failure) [PSYoungGen: 393847K->64K(465920K)] 774425K->382081K(1268736K), 0.0021956 secs] [Times: user=0.01 sys=0.00, real=0.00 secs] 
341.595: [GC (Allocation Failure) [PSYoungGen: 233024K->154926K(465920K)] 615041K->536952K(1268736K), 0.0168405 secs] [Times: user=0.03 sys=0.00, real=0.02 secs] 
341.877: [GC (Allocation Failure) [PSYoungGen: 387886K->183273K(465920K)] 769912K->566673K(1268736K), 0.0199710 secs] [Times: user=0.02 sys=0.00, real=0.02 secs] 
342.307: [GC (Allocation Failure) [PSYoungGen: 416233K->152260K(465920K)] 799633K->535796K(1268736K), 0.0258249 secs] [Times: user=0.04 sys=0.00, real=0.03 secs] 
343.198: [GC (Allocation Failure) [PSYoungGen: 385220K->64K(465920K)] 768756K->384905K(1268736K), 0.0029066 secs] [Times: user=0.01 sys=0.00, real=0.01 secs] 
343.658: [GC (Allocation Failure) [PSYoungGen: 233024K->163572K(465920K)] 617865K->548454K(1268736K), 0.0180190 secs] [Times: user=0.03 sys=0.00, real=0.02 secs] 
344.001: [GC (Allocation Failure) [PSYoungGen: 396532K->184430K(465920K)] 781414K->570565K(1268736K), 0.0210879 secs] [Times: user=0.02 sys=0.00, real=0.02 secs] 
344.503: [GC (Allocation Failure) [PSYoungGen: 417390K->142476K(465920K)] 803525K->529005K(1268736K), 0.0249599 secs] [Times: user=0.03 sys=0.00, real=0.02 secs] 
345.388: [GC (Allocation Failure) [PSYoungGen: 375436K->96K(465920K)] 761965K->387936K(1268736K), 0.0019498 secs] [Times: user=0.00 sys=0.00, real=0.01 secs] 
345.756: [GC (Allocation Failure) [PSYoungGen: 233037K->173147K(465920K)] 620877K->560996K(1268736K), 0.0188918 secs] [Times: user=0.03 sys=0.00, real=0.02 secs] 
346.098: [GC (Allocation Failure) [PSYoungGen: 406107K->184590K(465920K)] 793956K->573684K(1268736K), 0.0203535 secs] [Times: user=0.03 sys=0.00, real=0.02 secs] 
346.816: [GC (Allocation Failure) [PSYoungGen: 417550K->140916K(465920K)] 806644K->530404K(1268736K), 0.0203686 secs] [Times: user=0.03 sys=0.00, real=0.02 secs] 
347.833: [GC (Allocation Failure) [PSYoungGen: 373876K->64K(465920K)] 763364K->390862K(1268736K), 0.0021934 secs] [Times: user=0.01 sys=0.00, real=0.00 secs] 
348.143: [GC (Allocation Failure) [PSYoungGen: 233024K->183108K(465920K)] 623822K->573923K(1268736K), 0.0198506 secs] [Times: user=0.02 sys=0.00, real=0.02 secs] 
348.425: [GC (Allocation Failure) [PSYoungGen: 416068K->184044K(465920K)] 806883K->576113K(1268736K), 0.0198387 secs] [Times: user=0.03 sys=0.00, real=0.02 secs] 
349.110: [GC (Allocation Failure) [PSYoungGen: 417004K->131534K(465920K)] 809073K->523997K(1268736K), 0.0163386 secs] [Times: user=0.03 sys=0.00, real=0.01 secs] 
350.020: [GC (Allocation Failure) [PSYoungGen: 364494K->8413K(465920K)] 756957K->401044K(1268736K), 0.0026562 secs] [Times: user=0.00 sys=0.00, real=0.00 secs] 
350.294: [GC (Allocation Failure) [PSYoungGen: 241373K->186357K(465920K)] 634004K->580243K(1268736K), 0.0201780 secs] [Times: user=0.03 sys=0.00, real=0.02 secs] 
350.580: [GC (Allocation Failure) [PSYoungGen: 419317K->186004K(465920K)] 813203K->580170K(1268736K), 0.0201418 secs] [Times: user=0.03 sys=0.00, real=0.02 secs] 
351.481: [GC (Allocation Failure) [PSYoungGen: 418964K->117975K(465920K)] 813130K->512406K(1268736K), 0.0149401 secs] [Times: user=0.03 sys=0.00, real=0.01 secs] 
352.715: [GC (Allocation Failure) [PSYoungGen: 350935K->21554K(465920K)] 745366K->416291K(1268736K), 0.0044030 secs] [Times: user=0.01 sys=0.00, real=0.00 secs] 
353.069: [GC (Allocation Failure) [PSYoungGen: 254514K->186100K(465920K)] 649251K->582211K(1268736K), 0.0204609 secs] [Times: user=0.03 sys=0.00, real=0.02 secs] 
353.358: [GC (Allocation Failure) [PSYoungGen: 419060K->184655K(465920K)] 815171K->580910K(1268736K), 0.0200843 secs] [Times: user=0.02 sys=0.00, real=0.02 secs] 
354.535: [GC (Allocation Failure) [PSYoungGen: 417615K->106424K(465920K)] 813870K->502945K(1268736K), 0.0222962 secs] [Times: user=0.04 sys=0.00, real=0.02 secs] 
355.563: [GC (Allocation Failure) [PSYoungGen: 339384K->34600K(465920K)] 735905K->431426K(1268736K), 0.0056838 secs] [Times: user=0.02 sys=0.00, real=0.00 secs] 
355.890: [GC (Allocation Failure) [PSYoungGen: 267560K->185843K(465920K)] 664386K->584044K(1268736K), 0.0201359 secs] [Times: user=0.02 sys=0.00, real=0.02 secs] 
356.180: [GC (Allocation Failure) [PSYoungGen: 418803K->185779K(465920K)] 817004K->584124K(1268736K), 0.0202728 secs] [Times: user=0.02 sys=0.00, real=0.02 secs] 
356.948: [GC (Allocation Failure) [PSYoungGen: 411138K->92383K(465920K)] 809483K->491001K(1268736K), 0.0119142 secs] [Times: user=0.02 sys=0.01, real=0.02 secs] 
357.805: [GC (Allocation Failure) [PSYoungGen: 325343K->38005K(465920K)] 723961K->436923K(1268736K), 0.0051927 secs] [Times: user=0.01 sys=0.00, real=0.01 secs] 
358.075: [GC (Allocation Failure) [PSYoungGen: 270965K->184590K(465920K)] 669883K->584761K(1268736K), 0.0200888 secs] [Times: user=0.02 sys=0.00, real=0.02 secs] 
358.358: [GC (Allocation Failure) [PSYoungGen: 417550K->184205K(465920K)] 817721K->584777K(1268736K), 0.0199215 secs] [Times: user=0.03 sys=0.00, real=0.02 secs] 
359.040: [GC (Allocation Failure) [PSYoungGen: 404884K->92030K(465920K)] 805457K->492747K(1268736K), 0.0111769 secs] [Times: user=0.02 sys=0.00, real=0.01 secs] 
359.973: [GC (Allocation Failure) [PSYoungGen: 324990K->38034K(465920K)] 725707K->439057K(1268736K), 0.0051963 secs] [Times: user=0.01 sys=0.00, real=0.00 secs] 
360.244: [GC (Allocation Failure) [PSYoungGen: 270994K->184687K(465920K)] 672017K->586963K(1268736K), 0.0199926 secs] [Times: user=0.02 sys=0.00, real=0.02 secs] 
360.581: [GC (Allocation Failure) [PSYoungGen: 417647K->184687K(465920K)] 819923K->587365K(1268736K), 0.0210414 secs] [Times: user=0.03 sys=0.00, real=0.02 secs] 
361.744: [GC (Allocation Failure) [PSYoungGen: 407121K->91355K(465920K)] 809799K->494306K(1268736K), 0.0126810 secs] [Times: user=0.02 sys=0.00, real=0.01 secs] 
362.679: [GC (Allocation Failure) [PSYoungGen: 324315K->38005K(465920K)] 727266K->441136K(1268736K), 0.0060509 secs] [Times: user=0.01 sys=0.00, real=0.01 secs] 
362.955: [GC (Allocation Failure) [PSYoungGen: 270965K->183948K(465920K)] 674096K->588332K(1268736K), 0.0199488 secs] [Times: user=0.02 sys=0.00, real=0.02 secs] 
363.239: [GC (Allocation Failure) [PSYoungGen: 416908K->184430K(465920K)] 821292K->589223K(1268736K), 0.0198893 secs] [Times: user=0.03 sys=0.00, real=0.02 secs] 
364.292: [GC (Allocation Failure) [PSYoungGen: 409688K->92383K(465920K)] 814481K->497313K(1268736K), 0.0182636 secs] [Times: user=0.03 sys=0.00, real=0.02 secs] 
365.257: [GC (Allocation Failure) [PSYoungGen: 325343K->38259K(465920K)] 730273K->443489K(1268736K), 0.0053049 secs] [Times: user=0.01 sys=0.00, real=0.01 secs] 
365.525: [GC (Allocation Failure) [PSYoungGen: 271219K->184558K(465920K)] 676449K->591154K(1268736K), 0.0200244 secs] [Times: user=0.02 sys=0.00, real=0.02 secs] 
365.809: [GC (Allocation Failure) [PSYoungGen: 417518K->184462K(465920K)] 824114K->591210K(1268736K), 0.0199524 secs] [Times: user=0.02 sys=0.00, real=0.02 secs] 
367.540: [GC (Allocation Failure) [PSYoungGen: 406939K->91516K(465920K)] 813688K->498537K(1268736K), 0.0141199 secs] [Times: user=0.03 sys=0.00, real=0.01 secs] 
370.044: [GC (Allocation Failure) [PSYoungGen: 324476K->37299K(465920K)] 731497K->444628K(1268736K), 0.0072584 secs] [Times: user=0.01 sys=0.00, real=0.01 secs] 
370.437: [GC (Allocation Failure) [PSYoungGen: 270259K->184719K(465920K)] 677588K->593302K(1268736K), 0.0202327 secs] [Times: user=0.03 sys=0.00, real=0.02 secs] 
370.721: [GC (Allocation Failure) [PSYoungGen: 417679K->184687K(465920K)] 826262K->593551K(1268736K), 0.0201373 secs] [Times: user=0.02 sys=0.00, real=0.02 secs] 
371.901: [GC (Allocation Failure) [PSYoungGen: 409790K->91998K(465920K)] 818654K->501127K(1268736K), 0.0131094 secs] [Times: user=0.02 sys=0.00, real=0.01 secs] 
373.256: [GC (Allocation Failure) [PSYoungGen: 324958K->37909K(465920K)] 734087K->447361K(1268736K), 0.0051953 secs] [Times: user=0.01 sys=0.00, real=0.01 secs] 
373.526: [GC (Allocation Failure) [PSYoungGen: 270869K->184879K(465920K)] 680321K->595714K(1268736K), 0.0200520 secs] [Times: user=0.02 sys=0.00, real=0.02 secs] 
373.810: [GC (Allocation Failure) [PSYoungGen: 417839K->184687K(465920K)] 828674K->595682K(1268736K), 0.0200863 secs] [Times: user=0.03 sys=0.00, real=0.02 secs] 
374.511: [GC (Allocation Failure) [PSYoungGen: 406618K->91419K(465920K)] 817613K->502687K(1268736K), 0.0110942 secs] [Times: user=0.02 sys=0.00, real=0.01 secs] 
375.347: [GC (Allocation Failure) [PSYoungGen: 324379K->37973K(465920K)] 735647K->449547K(1268736K), 0.0064387 secs] [Times: user=0.02 sys=0.00, real=0.01 secs] 
375.703: [GC (Allocation Failure) [PSYoungGen: 270933K->184462K(465920K)] 682507K->597289K(1268736K), 0.0200805 secs] [Times: user=0.02 sys=0.00, real=0.02 secs] 
375.987: [GC (Allocation Failure) [PSYoungGen: 417422K->184494K(465920K)] 830249K->597595K(1268736K), 0.0201725 secs] [Times: user=0.03 sys=0.00, real=0.02 secs] 
377.440: [GC (Allocation Failure) [PSYoungGen: 407025K->91741K(465920K)] 820126K->505106K(1268736K), 0.0157442 secs] [Times: user=0.03 sys=0.00, real=0.01 secs] 
379.288: [GC (Allocation Failure) [PSYoungGen: 324701K->37459K(465920K)] 738066K->451139K(1268736K), 0.0066699 secs] [Times: user=0.01 sys=0.00, real=0.01 secs] 
379.653: [GC (Allocation Failure) [PSYoungGen: 270419K->182116K(465920K)] 684099K->597041K(1268736K), 0.0198352 secs] [Times: user=0.02 sys=0.00, real=0.02 secs] 
380.003: [GC (Allocation Failure) [PSYoungGen: 415076K->183690K(465920K)] 830001K->598881K(1268736K), 0.0200439 secs] [Times: user=0.02 sys=0.00, real=0.02 secs] 
381.144: [GC (Allocation Failure) [PSYoungGen: 411336K->95500K(465920K)] 826526K->510835K(1268736K), 0.0147267 secs] [Times: user=0.03 sys=0.00, real=0.01 secs] 
382.390: [GC (Allocation Failure) [PSYoungGen: 328460K->38134K(465920K)] 743795K->453782K(1268736K), 0.0065946 secs] [Times: user=0.01 sys=0.00, real=0.00 secs] 
382.762: [GC (Allocation Failure) [PSYoungGen: 271094K->184815K(465920K)] 686742K->601709K(1268736K), 0.0202474 secs] [Times: user=0.02 sys=0.00, real=0.02 secs] 
383.105: [GC (Allocation Failure) [PSYoungGen: 417775K->184655K(465920K)] 834669K->601822K(1268736K), 0.0200653 secs] [Times: user=0.02 sys=0.00, real=0.02 secs] 
384.141: [GC (Allocation Failure) [PSYoungGen: 406101K->91130K(465920K)] 823268K->508578K(1268736K), 0.0119001 secs] [Times: user=0.02 sys=0.00, real=0.01 secs] 
385.021: [GC (Allocation Failure) [PSYoungGen: 324090K->38005K(465920K)] 741538K->455753K(1268736K), 0.0051981 secs] [Times: user=0.01 sys=0.00, real=0.00 secs] 
385.294: [GC (Allocation Failure) [PSYoungGen: 270965K->184462K(465920K)] 688713K->603463K(1268736K), 0.0201476 secs] [Times: user=0.03 sys=0.00, real=0.02 secs] 
385.578: [GC (Allocation Failure) [PSYoungGen: 417422K->184365K(465920K)] 836423K->603648K(1268736K), 0.0200111 secs] [Times: user=0.02 sys=0.00, real=0.02 secs] 
386.217: [GC (Allocation Failure) [PSYoungGen: 409396K->91966K(465920K)] 828678K->511650K(1268736K), 0.0109603 secs] [Times: user=0.02 sys=0.00, real=0.01 secs] 
386.666: [GC (Allocation Failure) [PSYoungGen: 324926K->145153K(465920K)] 744610K->565030K(1268736K), 0.0142112 secs] [Times: user=0.03 sys=0.00, real=0.02 secs] 
386.905: [GC (Allocation Failure) [PSYoungGen: 378113K->183755K(465920K)] 797990K->637782K(1268736K), 0.0246268 secs] [Times: user=0.04 sys=0.00, real=0.03 secs] 
387.122: [GC (Allocation Failure) [PSYoungGen: 416715K->183884K(465920K)] 870742K->638184K(1268736K), 0.0202559 secs] [Times: user=0.03 sys=0.00, real=0.02 secs] 
390.332: [GC (Allocation Failure) [PSYoungGen: 416844K->2307K(465920K)] 871144K->456744K(1268736K), 0.0023383 secs] [Times: user=0.01 sys=0.00, real=0.00 secs] 
390.867: [GC (Allocation Failure) [PSYoungGen: 235267K->134590K(465920K)] 689704K->589349K(1268736K), 0.0151582 secs] [Times: user=0.02 sys=0.00, real=0.02 secs] 
391.144: [GC (Allocation Failure) [PSYoungGen: 367550K->183787K(465920K)] 822309K->639799K(1268736K), 0.0201439 secs] [Times: user=0.03 sys=0.00, real=0.02 secs] 
391.682: [GC (Allocation Failure) [PSYoungGen: 416747K->167925K(465920K)] 872759K->624202K(1268736K), 0.0209562 secs] [Times: user=0.02 sys=0.00, real=0.02 secs] 
393.647: [GC (Allocation Failure) [PSYoungGen: 400885K->128K(465920K)] 857162K->457829K(1268736K), 0.0035626 secs] [Times: user=0.01 sys=0.00, real=0.01 secs] 
394.367: [GC (Allocation Failure) [PSYoungGen: 233087K->155957K(465920K)] 690788K->613698K(1268736K), 0.0171511 secs] [Times: user=0.02 sys=0.00, real=0.02 secs] 
394.648: [GC (Allocation Failure) [PSYoungGen: 388917K->184558K(465920K)] 846658K->643553K(1268736K), 0.0204487 secs] [Times: user=0.03 sys=0.00, real=0.02 secs] 
395.697: [GC (Allocation Failure) [PSYoungGen: 417518K->149883K(465920K)] 876513K->609142K(1268736K), 0.0208232 secs] [Times: user=0.03 sys=0.00, real=0.02 secs] 
397.710: [GC (Allocation Failure) [PSYoungGen: 382843K->64K(465920K)] 842102K->460739K(1268736K), 0.0029595 secs] [Times: user=0.01 sys=0.00, real=0.00 secs] 
398.102: [GC (Allocation Failure) [PSYoungGen: 233024K->178481K(465920K)] 693699K->639188K(1268736K), 0.0195549 secs] [Times: user=0.03 sys=0.00, real=0.02 secs] 
398.443: [GC (Allocation Failure) [PSYoungGen: 411441K->184430K(465920K)] 872148K->646527K(1268736K), 0.0201105 secs] [Times: user=0.02 sys=0.00, real=0.02 secs] 
399.604: [GC (Allocation Failure) [PSYoungGen: 417390K->135792K(465920K)] 879487K->598034K(1268736K), 0.0290903 secs] [Times: user=0.04 sys=0.00, real=0.03 secs] 
402.432: [GC (Allocation Failure) [PSYoungGen: 368742K->17313K(465920K)] 830984K->479863K(1268736K), 0.0043834 secs] [Times: user=0.01 sys=0.00, real=0.00 secs] 
402.802: [GC (Allocation Failure) [PSYoungGen: 250273K->183916K(465920K)] 712823K->647719K(1268736K), 0.0201628 secs] [Times: user=0.03 sys=0.00, real=0.02 secs] 
403.143: [GC (Allocation Failure) [PSYoungGen: 416876K->184462K(465920K)] 880679K->648538K(1268736K), 0.0200912 secs] [Times: user=0.02 sys=0.00, real=0.02 secs] 
403.895: [GC (Allocation Failure) [PSYoungGen: 417422K->113155K(465920K)] 881498K->577505K(1268736K), 0.0147463 secs] [Times: user=0.03 sys=0.00, real=0.02 secs] 
405.585: [GC (Allocation Failure) [PSYoungGen: 346115K->39580K(465920K)] 810465K->504251K(1268736K), 0.0074494 secs] [Times: user=0.02 sys=0.00, real=0.01 secs] 
405.902: [GC (Allocation Failure) [PSYoungGen: 272540K->186389K(465920K)] 737211K->652314K(1268736K), 0.0203805 secs] [Times: user=0.03 sys=0.00, real=0.02 secs] 
406.186: [GC (Allocation Failure) [PSYoungGen: 419349K->184751K(465920K)] 885274K->650949K(1268736K), 0.0200121 secs] [Times: user=0.02 sys=0.00, real=0.02 secs] 
406.904: [GC (Allocation Failure) [PSYoungGen: 417711K->71613K(465920K)] 883909K->538084K(1268736K), 0.0116627 secs] [Times: user=0.02 sys=0.00, real=0.01 secs] 
407.705: [GC (Allocation Failure) [PSYoungGen: 304573K->65284K(465920K)] 771044K->532077K(1268736K), 0.0079877 secs] [Times: user=0.02 sys=0.00, real=0.01 secs] 
407.979: [GC (Allocation Failure) [PSYoungGen: 298244K->186132K(465920K)] 765037K->654171K(1268736K), 0.0203603 secs] [Times: user=0.02 sys=0.00, real=0.03 secs] 
408.265: [GC (Allocation Failure) [PSYoungGen: 419092K->185972K(465920K)] 887131K->654283K(1268736K), 0.0202998 secs] [Times: user=0.03 sys=0.00, real=0.02 secs] 
409.855: [GC (Allocation Failure) [PSYoungGen: 418932K->45009K(465920K)] 887243K->513585K(1268736K), 0.0104516 secs] [Times: user=0.02 sys=0.00, real=0.01 secs] 
410.871: [GC (Allocation Failure) [PSYoungGen: 277969K->91664K(465920K)] 746545K->560542K(1268736K), 0.0108876 secs] [Times: user=0.02 sys=0.00, real=0.01 secs] 
411.208: [GC (Allocation Failure) [PSYoungGen: 324624K->186004K(465920K)] 793502K->656264K(1268736K), 0.0203599 secs] [Times: user=0.03 sys=0.00, real=0.02 secs] 
411.493: [GC (Allocation Failure) [PSYoungGen: 418964K->185811K(465920K)] 889224K->656345K(1268736K), 0.0202374 secs] [Times: user=0.03 sys=0.00, real=0.02 secs] 
414.389: [GC (Allocation Failure) [PSYoungGen: 418771K->18919K(465920K)] 889305K->489597K(1268736K), 0.0068385 secs] [Times: user=0.02 sys=0.00, real=0.01 secs] 
415.524: [GC (Allocation Failure) [PSYoungGen: 251879K->118011K(465920K)] 722557K->588988K(1268736K), 0.0133007 secs] [Times: user=0.02 sys=0.00, real=0.01 secs] 
415.809: [GC (Allocation Failure) [PSYoungGen: 350971K->186132K(465920K)] 821948K->658364K(1268736K), 0.0203496 secs] [Times: user=0.02 sys=0.00, real=0.03 secs] 
416.222: [GC (Allocation Failure) [PSYoungGen: 419092K->179151K(465920K)] 891324K->651791K(1268736K), 0.0221910 secs] [Times: user=0.03 sys=0.00, real=0.02 secs] 
418.233: [GC (Allocation Failure) [PSYoungGen: 412111K->96K(465920K)] 884751K->474049K(1268736K), 0.0028796 secs] [Times: user=0.01 sys=0.00, real=0.00 secs] 
418.862: [GC (Allocation Failure) [PSYoungGen: 233056K->144615K(465920K)] 707009K->618585K(1268736K), 0.0158688 secs] [Times: user=0.02 sys=0.00, real=0.01 secs] 
419.141: [GC (Allocation Failure) [PSYoungGen: 377575K->184430K(465920K)] 851545K->659645K(1268736K), 0.0200708 secs] [Times: user=0.03 sys=0.00, real=0.02 secs] 
420.009: [GC (Allocation Failure) [PSYoungGen: 417390K->161353K(465920K)] 892605K->636842K(1268736K), 0.0247597 secs] [Times: user=0.04 sys=0.00, real=0.02 secs] 
423.135: [GC (Allocation Failure) [PSYoungGen: 394313K->64K(465920K)] 869802K->476992K(1268736K), 0.0060578 secs] [Times: user=0.02 sys=0.00, real=0.01 secs] 
423.585: [GC (Allocation Failure) [PSYoungGen: 233024K->166850K(465920K)] 709952K->643794K(1268736K), 0.0182644 secs] [Times: user=0.03 sys=0.00, real=0.02 secs] 
423.867: [GC (Allocation Failure) [PSYoungGen: 399810K->184430K(465920K)] 876754K->662636K(1268736K), 0.0205507 secs] [Times: user=0.03 sys=0.00, real=0.02 secs] 
425.095: [GC (Allocation Failure) [PSYoungGen: 414278K->139103K(465920K)] 892484K->617574K(1268736K), 0.0244866 secs] [Times: user=0.04 sys=0.00, real=0.02 secs] 
426.764: [GC (Allocation Failure) [PSYoungGen: 371997K->1730K(465920K)] 850468K->480498K(1268736K), 0.0022858 secs] [Times: user=0.01 sys=0.00, real=0.00 secs] 
427.058: [GC (Allocation Failure) [PSYoungGen: 234690K->184719K(465920K)] 713458K->664741K(1268736K), 0.0200484 secs] [Times: user=0.02 sys=0.00, real=0.02 secs] 
427.415: [GC (Allocation Failure) [PSYoungGen: 417679K->184430K(465920K)] 897701K->664733K(1268736K), 0.0200933 secs] [Times: user=0.03 sys=0.00, real=0.02 secs] 
428.351: [GC (Allocation Failure) [PSYoungGen: 417390K->127904K(465920K)] 897693K->608472K(1268736K), 0.0211680 secs] [Times: user=0.04 sys=0.00, real=0.02 secs] 
429.875: [GC (Allocation Failure) [PSYoungGen: 360864K->24928K(465920K)] 841432K->505812K(1268736K), 0.0047700 secs] [Times: user=0.01 sys=0.00, real=0.01 secs] 
430.150: [GC (Allocation Failure) [PSYoungGen: 257888K->186486K(465920K)] 738772K->668616K(1268736K), 0.0202700 secs] [Times: user=0.03 sys=0.00, real=0.02 secs] 
430.441: [GC (Allocation Failure) [PSYoungGen: 419446K->186100K(465920K)] 901576K->668503K(1268736K), 0.0201479 secs] [Times: user=0.02 sys=0.00, real=0.02 secs] 
432.056: [GC (Allocation Failure) [PSYoungGen: 419060K->84915K(465920K)] 901463K->567583K(1268736K), 0.0170911 secs] [Times: user=0.03 sys=0.00, real=0.02 secs] 
433.800: [GC (Allocation Failure) [PSYoungGen: 317875K->50858K(465920K)] 800543K->533827K(1268736K), 0.0085746 secs] [Times: user=0.01 sys=0.00, real=0.00 secs] 
434.100: [GC (Allocation Failure) [PSYoungGen: 283818K->186068K(465920K)] 766787K->670292K(1268736K), 0.0205015 secs] [Times: user=0.03 sys=0.00, real=0.02 secs] 
434.385: [GC (Allocation Failure) [PSYoungGen: 419028K->184623K(465920K)] 903252K->669127K(1268736K), 0.0203203 secs] [Times: user=0.02 sys=0.00, real=0.02 secs] 
435.453: [GC (Allocation Failure) [PSYoungGen: 417583K->60673K(465920K)] 902087K->545571K(1268736K), 0.0096621 secs] [Times: user=0.01 sys=0.00, real=0.01 secs] 
436.231: [GC (Allocation Failure) [PSYoungGen: 293633K->76530K(465920K)] 778531K->561605K(1268736K), 0.0102769 secs] [Times: user=0.02 sys=0.01, real=0.01 secs] 
436.579: [GC (Allocation Failure) [PSYoungGen: 309490K->185972K(465920K)] 794565K->672421K(1268736K), 0.0203927 secs] [Times: user=0.03 sys=0.00, real=0.03 secs] 
436.913: [GC (Allocation Failure) [PSYoungGen: 418932K->184590K(465920K)] 905381K->671184K(1268736K), 0.0200155 secs] [Times: user=0.02 sys=0.00, real=0.02 secs] 
438.451: [GC (Allocation Failure) [PSYoungGen: 417550K->35241K(465920K)] 904144K->522100K(1268736K), 0.0070147 secs] [Times: user=0.01 sys=0.00, real=0.00 secs] 
439.851: [GC (Allocation Failure) [PSYoungGen: 268201K->102200K(465920K)] 755060K->589366K(1268736K), 0.0118774 secs] [Times: user=0.01 sys=0.00, real=0.01 secs] 
440.130: [GC (Allocation Failure) [PSYoungGen: 335160K->186068K(465920K)] 822326K->674480K(1268736K), 0.0203444 secs] [Times: user=0.03 sys=0.00, real=0.02 secs] 
440.420: [GC (Allocation Failure) [PSYoungGen: 419028K->185940K(465920K)] 907440K->674625K(1268736K), 0.0204563 secs] [Times: user=0.02 sys=0.00, real=0.02 secs] 
441.822: [GC (Allocation Failure) [PSYoungGen: 418900K->8123K(465920K)] 907585K->497073K(1268736K), 0.0035977 secs] [Times: user=0.02 sys=0.00, real=0.00 secs] 
442.588: [GC (Allocation Failure) [PSYoungGen: 241083K->128293K(465920K)] 730033K->617552K(1268736K), 0.0146288 secs] [Times: user=0.02 sys=0.00, real=0.02 secs] 
442.868: [GC (Allocation Failure) [PSYoungGen: 361253K->184333K(465920K)] 850512K->674838K(1268736K), 0.0203820 secs] [Times: user=0.03 sys=0.00, real=0.02 secs] 
443.246: [GC (Allocation Failure) [PSYoungGen: 417293K->173724K(465920K)] 907798K->664495K(1268736K), 0.0205481 secs] [Times: user=0.03 sys=0.00, real=0.02 secs] 
444.500: [GC (Allocation Failure) [PSYoungGen: 406684K->96K(465920K)] 897455K->492308K(1268736K), 0.0020629 secs] [Times: user=0.01 sys=0.00, real=0.00 secs] 
445.268: [GC (Allocation Failure) [PSYoungGen: 233056K->152391K(465920K)] 725268K->644627K(1268736K), 0.0168610 secs] [Times: user=0.02 sys=0.00, real=0.02 secs] 
445.553: [GC (Allocation Failure) [PSYoungGen: 385351K->186261K(465920K)] 877587K->679871K(1268736K), 0.0206798 secs] [Times: user=0.03 sys=0.00, real=0.02 secs] 
446.284: [GC (Allocation Failure) [PSYoungGen: 419221K->151842K(465920K)] 912831K->645597K(1268736K), 0.0199344 secs] [Times: user=0.02 sys=0.01, real=0.02 secs] 
448.584: [GC (Allocation Failure) [PSYoungGen: 384802K->128K(465920K)] 878557K->495320K(1268736K), 0.0031678 secs] [Times: user=0.02 sys=0.00, real=0.00 secs] 
449.129: [GC (Allocation Failure) [PSYoungGen: 233088K->178320K(465920K)] 728280K->673545K(1268736K), 0.0195175 secs] [Times: user=0.03 sys=0.00, real=0.02 secs] 
449.423: [GC (Allocation Failure) [PSYoungGen: 411280K->186261K(465920K)] 906505K->682868K(1268736K), 0.0204640 secs] [Times: user=0.02 sys=0.00, real=0.02 secs] 
450.092: [GC (Allocation Failure) [PSYoungGen: 419221K->134089K(465920K)] 915828K->630961K(1268736K), 0.0150561 secs] [Times: user=0.02 sys=0.00, real=0.01 secs] 
451.493: [GC (Allocation Failure) [PSYoungGen: 367049K->19144K(465920K)] 863921K->516211K(1268736K), 0.0044186 secs] [Times: user=0.01 sys=0.00, real=0.00 secs] 
451.773: [GC (Allocation Failure) [PSYoungGen: 252104K->184462K(465920K)] 749171K->682782K(1268736K), 0.0201887 secs] [Times: user=0.03 sys=0.00, real=0.02 secs] 
452.062: [GC (Allocation Failure) [PSYoungGen: 417422K->186389K(465920K)] 915742K->684991K(1268736K), 0.0204346 secs] [Times: user=0.02 sys=0.01, real=0.02 secs] 
453.813: [GC (Allocation Failure) [PSYoungGen: 419349K->108898K(465920K)] 917951K->607894K(1268736K), 0.0306237 secs] [Times: user=0.06 sys=0.01, real=0.03 secs] 
455.765: [GC (Allocation Failure) [PSYoungGen: 341858K->43917K(465920K)] 840854K->543092K(1268736K), 0.0059362 secs] [Times: user=0.01 sys=0.00, real=0.01 secs] 
456.040: [GC (Allocation Failure) [PSYoungGen: 276877K->186004K(465920K)] 776052K->686432K(1268736K), 0.0204028 secs] [Times: user=0.03 sys=0.00, real=0.02 secs] 
456.387: [GC (Allocation Failure) [PSYoungGen: 418964K->185875K(465920K)] 919392K->686705K(1268736K), 0.0202834 secs] [Times: user=0.03 sys=0.00, real=0.02 secs] 
458.661: [GC (Allocation Failure) [PSYoungGen: 418835K->66617K(465920K)] 919665K->567591K(1268736K), 0.0115958 secs] [Times: user=0.02 sys=0.00, real=0.01 secs] 
460.782: [GC (Allocation Failure) [PSYoungGen: 299577K->69783K(465920K)] 800551K->571070K(1268736K), 0.0105070 secs] [Times: user=0.01 sys=0.00, real=0.01 secs] 
461.074: [GC (Allocation Failure) [PSYoungGen: 302743K->186389K(465920K)] 804030K->688931K(1268736K), 0.0205311 secs] [Times: user=0.03 sys=0.00, real=0.02 secs] 
461.363: [GC (Allocation Failure) [PSYoungGen: 419349K->186100K(465920K)] 921891K->688923K(1268736K), 0.0203261 secs] [Times: user=0.02 sys=0.00, real=0.02 secs] 
462.593: [GC (Allocation Failure) [PSYoungGen: 419060K->40093K(465920K)] 921883K->543309K(1268736K), 0.0071853 secs] [Times: user=0.01 sys=0.00, real=0.01 secs] 
463.259: [GC (Allocation Failure) [PSYoungGen: 273053K->96676K(465920K)] 776269K->600071K(1268736K), 0.0111836 secs] [Times: user=0.02 sys=0.00, real=0.01 secs] 
463.539: [GC (Allocation Failure) [PSYoungGen: 329636K->185747K(465920K)] 833031K->690388K(1268736K), 0.0203179 secs] [Times: user=0.02 sys=0.00, real=0.03 secs] 
463.827: [GC (Allocation Failure) [PSYoungGen: 418707K->185972K(465920K)] 923348K->690910K(1268736K), 0.0202987 secs] [Times: user=0.03 sys=0.00, real=0.02 secs] 
465.425: [GC (Allocation Failure) [PSYoungGen: 418932K->14003K(465920K)] 923870K->519206K(1268736K), 0.0039155 secs] [Times: user=0.01 sys=0.00, real=0.00 secs] 
466.038: [GC (Allocation Failure) [PSYoungGen: 246963K->121992K(465920K)] 752166K->627511K(1268736K), 0.0140616 secs] [Times: user=0.02 sys=0.00, real=0.02 secs] 
466.318: [GC (Allocation Failure) [PSYoungGen: 354952K->184205K(465920K)] 860471K->690977K(1268736K), 0.0202746 secs] [Times: user=0.02 sys=0.00, real=0.02 secs] 
466.696: [GC (Allocation Failure) [PSYoungGen: 417165K->177094K(465920K)] 923937K->684140K(1268736K), 0.0212360 secs] [Times: user=0.03 sys=0.00, real=0.02 secs] 
467.783: [GC (Allocation Failure) [PSYoungGen: 410054K->64K(465920K)] 917100K->508547K(1268736K), 0.0021801 secs] [Times: user=0.00 sys=0.00, real=0.00 secs] 
468.350: [GC (Allocation Failure) [PSYoungGen: 233024K->144487K(465920K)] 741507K->652994K(1268736K), 0.0159537 secs] [Times: user=0.02 sys=0.00, real=0.01 secs] 
468.686: [GC (Allocation Failure) [PSYoungGen: 377447K->184333K(465920K)] 885954K->694094K(1268736K), 0.0201631 secs] [Times: user=0.03 sys=0.00, real=0.02 secs] 
469.440: [GC (Allocation Failure) [PSYoungGen: 417293K->161594K(465920K)] 927054K->671621K(1268736K), 0.0412461 secs] [Times: user=0.06 sys=0.00, real=0.04 secs] 
471.422: [GC (Allocation Failure) [PSYoungGen: 394554K->96K(465920K)] 904581K->511565K(1268736K), 0.0042601 secs] [Times: user=0.02 sys=0.00, real=0.00 secs] 
472.000: [GC (Allocation Failure) [PSYoungGen: 233056K->166496K(465920K)] 744525K->677982K(1268736K), 0.0181584 secs] [Times: user=0.02 sys=0.00, real=0.01 secs] 
472.284: [GC (Allocation Failure) [PSYoungGen: 399456K->183948K(465920K)] 910942K->696679K(1268736K), 0.0201410 secs] [Times: user=0.03 sys=0.00, real=0.02 secs] 
473.133: [GC (Allocation Failure) [PSYoungGen: 414656K->140066K(465920K)] 927387K->653063K(1268736K), 0.0236021 secs] [Times: user=0.04 sys=0.00, real=0.02 secs] 
476.174: [GC (Allocation Failure) [PSYoungGen: 373026K->1408K(465920K)] 886023K->514726K(1268736K), 0.0036909 secs] [Times: user=0.01 sys=0.00, real=0.00 secs] 
476.524: [GC (Allocation Failure) [PSYoungGen: 234368K->184976K(465920K)] 747686K->699556K(1268736K), 0.0207956 secs] [Times: user=0.03 sys=0.00, real=0.02 secs] 
476.882: [GC (Allocation Failure) [PSYoungGen: 417936K->184173K(465920K)] 932516K->699162K(1268736K), 0.0201257 secs] [Times: user=0.02 sys=0.00, real=0.02 secs] 
478.627: [GC (Allocation Failure) [PSYoungGen: 417133K->128257K(465920K)] 932122K->643391K(1268736K), 0.0181045 secs] [Times: user=0.03 sys=0.00, real=0.02 secs] 
481.033: [GC (Allocation Failure) [PSYoungGen: 361217K->24607K(465920K)] 876351K->540042K(1268736K), 0.0052520 secs] [Times: user=0.01 sys=0.00, real=0.00 secs] 
481.411: [GC (Allocation Failure) [PSYoungGen: 257567K->186389K(465920K)] 773002K->703071K(1268736K), 0.0206202 secs] [Times: user=0.02 sys=0.00, real=0.02 secs] 
481.763: [GC (Allocation Failure) [PSYoungGen: 419349K->184815K(465920K)] 936031K->701770K(1268736K), 0.0204611 secs] [Times: user=0.03 sys=0.00, real=0.02 secs] 
482.812: [GC (Allocation Failure) [PSYoungGen: 417775K->102970K(465920K)] 934730K->620206K(1268736K), 0.0180022 secs] [Times: user=0.04 sys=0.00, real=0.02 secs] 
484.491: [GC (Allocation Failure) [PSYoungGen: 335930K->49251K(465920K)] 853166K->566792K(1268736K), 0.0083368 secs] [Times: user=0.01 sys=0.00, real=0.01 secs] 
484.787: [GC (Allocation Failure) [PSYoungGen: 282211K->184462K(465920K)] 799752K->703264K(1268736K), 0.0202640 secs] [Times: user=0.03 sys=0.00, real=0.02 secs] 
485.072: [GC (Allocation Failure) [PSYoungGen: 417422K->184173K(465920K)] 936224K->703248K(1268736K), 0.0201678 secs] [Times: user=0.03 sys=0.00, real=0.02 secs] 
486.593: [GC (Allocation Failure) [PSYoungGen: 417133K->64545K(465920K)] 936208K->583885K(1268736K), 0.0103799 secs] [Times: user=0.02 sys=0.00, real=0.01 secs] 
488.695: [GC (Allocation Failure) [PSYoungGen: 297505K->71004K(465920K)] 816845K->590654K(1268736K), 0.0100789 secs] [Times: user=0.02 sys=0.00, real=0.01 secs] 
489.055: [GC (Allocation Failure) [PSYoungGen: 303964K->184333K(465920K)] 823614K->705229K(1268736K), 0.0203267 secs] [Times: user=0.02 sys=0.00, real=0.02 secs] 
489.394: [GC (Allocation Failure) [PSYoungGen: 417293K->184301K(465920K)] 938189K->705470K(1268736K), 0.0202920 secs] [Times: user=0.03 sys=0.00, real=0.02 secs] 
491.695: [GC (Allocation Failure) [PSYoungGen: 417261K->42728K(465920K)] 938430K->564170K(1268736K), 0.0086603 secs] [Times: user=0.02 sys=0.00, real=0.01 secs] 
493.493: [GC (Allocation Failure) [PSYoungGen: 275688K->93238K(465920K)] 797130K->615002K(1268736K), 0.0111448 secs] [Times: user=0.02 sys=0.00, real=0.01 secs] 
493.828: [GC (Allocation Failure) [PSYoungGen: 326198K->184590K(465920K)] 847962K->707616K(1268736K), 0.0202553 secs] [Times: user=0.03 sys=0.00, real=0.02 secs] 
494.117: [GC (Allocation Failure) [PSYoungGen: 417550K->184462K(465920K)] 940576K->707768K(1268736K), 0.0203303 secs] [Times: user=0.03 sys=0.00, real=0.02 secs] 
496.552: [GC (Allocation Failure) [PSYoungGen: 417422K->20204K(465920K)] 940728K->543776K(1268736K), 0.0065107 secs] [Times: user=0.02 sys=0.00, real=0.00 secs] 
497.451: [GC (Allocation Failure) [PSYoungGen: 253164K->116372K(465920K)] 776736K->640259K(1268736K), 0.0132405 secs] [Times: user=0.02 sys=0.00, real=0.01 secs] 
497.795: [GC (Allocation Failure) [PSYoungGen: 349332K->184462K(465920K)] 873219K->709603K(1268736K), 0.0206593 secs] [Times: user=0.03 sys=0.00, real=0.02 secs] 
498.104: [GC (Allocation Failure) [PSYoungGen: 417422K->181516K(465920K)] 942563K->706930K(1268736K), 0.0207187 secs] [Times: user=0.03 sys=0.00, real=0.02 secs] 
500.112: [GC (Allocation Failure) [PSYoungGen: 414476K->192K(465920K)] 939890K->526997K(1268736K), 0.0028427 secs] [Times: user=0.01 sys=0.00, real=0.00 secs] 
500.714: [GC (Allocation Failure) [PSYoungGen: 233152K->136387K(465920K)] 759957K->663264K(1268736K), 0.0151758 secs] [Times: user=0.02 sys=0.00, real=0.01 secs] 
501.057: [GC (Allocation Failure) [PSYoungGen: 369347K->184590K(465920K)] 896224K->712721K(1268736K), 0.0202928 secs] [Times: user=0.02 sys=0.00, real=0.02 secs] 
501.730: [GC (Allocation Failure) [PSYoungGen: 417550K->165354K(465920K)] 945681K->693759K(1268736K), 0.0438840 secs] [Times: user=0.06 sys=0.01, real=0.04 secs] 
503.696: [GC (Allocation Failure) [PSYoungGen: 398314K->96K(465920K)] 926719K->529932K(1268736K), 0.0032396 secs] [Times: user=0.01 sys=0.00, real=0.00 secs] 
504.169: [GC (Allocation Failure) [PSYoungGen: 233056K->158978K(465920K)] 762892K->688830K(1268736K), 0.0174446 secs] [Times: user=0.02 sys=0.00, real=0.01 secs] 
504.455: [GC (Allocation Failure) [PSYoungGen: 391938K->184462K(465920K)] 921790K->715559K(1268736K), 0.0201735 secs] [Times: user=0.02 sys=0.00, real=0.02 secs] 
504.972: [GC (Allocation Failure) [PSYoungGen: 417422K->146959K(465920K)] 948519K->678450K(1268736K), 0.0186054 secs] [Times: user=0.03 sys=0.00, real=0.02 secs] 
505.922: [GC (Allocation Failure) [PSYoungGen: 379919K->128K(465920K)] 911410K->532920K(1268736K), 0.0021689 secs] [Times: user=0.01 sys=0.00, real=0.00 secs] 
506.454: [GC (Allocation Failure) [PSYoungGen: 233088K->181662K(465920K)] 765880K->714470K(1268736K), 0.0199504 secs] [Times: user=0.03 sys=0.00, real=0.02 secs] 
506.737: [GC (Allocation Failure) [PSYoungGen: 414622K->184462K(465920K)] 947430K->718524K(1268736K), 0.0200408 secs] [Times: user=0.02 sys=0.00, real=0.02 secs] 
507.647: [GC (Allocation Failure) [PSYoungGen: 417422K->132498K(465920K)] 951484K->666826K(1268736K), 0.0198996 secs] [Times: user=0.03 sys=0.00, real=0.02 secs] 
509.574: [GC (Allocation Failure) [PSYoungGen: 365458K->20012K(465920K)] 899786K->554641K(1268736K), 0.0048294 secs] [Times: user=0.01 sys=0.00, real=0.00 secs] 
509.874: [GC (Allocation Failure) [PSYoungGen: 252972K->184205K(465920K)] 787601K->720087K(1268736K), 0.0202966 secs] [Times: user=0.02 sys=0.00, real=0.02 secs] 
510.157: [GC (Allocation Failure) [PSYoungGen: 417165K->183948K(465920K)] 953047K->720111K(1268736K), 0.0201172 secs] [Times: user=0.03 sys=0.00, real=0.02 secs] 
511.405: [GC (Allocation Failure) [PSYoungGen: 416908K->110713K(465920K)] 953071K->647271K(1268736K), 0.0241671 secs] [Times: user=0.04 sys=0.01, real=0.02 secs] 
513.455: [GC (Allocation Failure) [PSYoungGen: 343673K->41636K(465920K)] 880231K->578370K(1268736K), 0.0072136 secs] [Times: user=0.01 sys=0.00, real=0.01 secs] 
513.754: [GC (Allocation Failure) [PSYoungGen: 274596K->183690K(465920K)] 811330K->721670K(1268736K), 0.0202236 secs] [Times: user=0.03 sys=0.00, real=0.02 secs] 
514.038: [GC (Allocation Failure) [PSYoungGen: 416650K->184366K(465920K)] 954630K->722627K(1268736K), 0.0202309 secs] [Times: user=0.02 sys=0.00, real=0.02 secs] 
514.799: [GC (Allocation Failure) [PSYoungGen: 417326K->72642K(465920K)] 955587K->611175K(1268736K), 0.0123573 secs] [Times: user=0.02 sys=0.00, real=0.02 secs] 
516.461: [GC (Allocation Failure) [PSYoungGen: 305602K->63485K(465920K)] 844135K->602326K(1268736K), 0.0099946 secs] [Times: user=0.02 sys=0.00, real=0.01 secs] 
516.756: [GC (Allocation Failure) [PSYoungGen: 296445K->186389K(465920K)] 835286K->726605K(1268736K), 0.0205821 secs] [Times: user=0.03 sys=0.00, real=0.02 secs] 
517.040: [GC (Allocation Failure) [PSYoungGen: 419349K->184879K(465920K)] 959565K->725240K(1268736K), 0.0202911 secs] [Times: user=0.02 sys=0.00, real=0.02 secs] 
519.751: [GC (Allocation Failure) [PSYoungGen: 417839K->47692K(465920K)] 958200K->588325K(1268736K), 0.0107670 secs] [Times: user=0.02 sys=0.00, real=0.01 secs] 
521.141: [GC (Allocation Failure) [PSYoungGen: 280652K->87904K(465920K)] 821285K->628851K(1268736K), 0.0104839 secs] [Times: user=0.02 sys=0.00, real=0.01 secs] 
521.419: [GC (Allocation Failure) [PSYoungGen: 320864K->186389K(465920K)] 861811K->728719K(1268736K), 0.0205973 secs] [Times: user=0.02 sys=0.00, real=0.02 secs] 
521.763: [GC (Allocation Failure) [PSYoungGen: 419349K->184815K(465920K)] 961679K->727297K(1268736K), 0.0204888 secs] [Times: user=0.02 sys=0.01, real=0.02 secs] 
523.647: [GC (Allocation Failure) [PSYoungGen: 417775K->23305K(465920K)] 960257K->566051K(1268736K), 0.0055839 secs] [Times: user=0.01 sys=0.00, real=0.01 secs] 
525.581: [GC (Allocation Failure) [PSYoungGen: 256265K->112998K(465920K)] 799011K->656085K(1268736K), 0.0132380 secs] [Times: user=0.02 sys=0.00, real=0.01 secs] 
525.859: [GC (Allocation Failure) [PSYoungGen: 345958K->184173K(465920K)] 889045K->728497K(1268736K), 0.0203380 secs] [Times: user=0.03 sys=0.00, real=0.02 secs] 
526.197: [GC (Allocation Failure) [PSYoungGen: 417133K->183787K(465920K)] 961457K->728384K(1268736K), 0.0201328 secs] [Times: user=0.03 sys=0.00, real=0.02 secs] 
527.466: [GC (Allocation Failure) [PSYoungGen: 416747K->1344K(465920K)] 961344K->546101K(1268736K), 0.0026703 secs] [Times: user=0.02 sys=0.00, real=0.00 secs] 
528.292: [GC (Allocation Failure) [PSYoungGen: 234304K->135072K(465920K)] 779061K->680009K(1268736K), 0.0152014 secs] [Times: user=0.03 sys=0.00, real=0.01 secs] 
528.626: [GC (Allocation Failure) [PSYoungGen: 368032K->183948K(465920K)] 912969K->730138K(1268736K), 0.0201681 secs] [Times: user=0.02 sys=0.00, real=0.02 secs] 
529.396: [GC (Allocation Failure) [PSYoungGen: 416908K->167314K(465920K)] 963098K->713898K(1268736K), 0.0307838 secs] [Times: user=0.04 sys=0.00, real=0.03 secs] 
530.661: [GC (Allocation Failure) [PSYoungGen: 400274K->64K(465920K)] 946858K->547965K(1268736K), 0.0023970 secs] [Times: user=0.01 sys=0.00, real=0.00 secs] 
531.064: [GC (Allocation Failure) [PSYoungGen: 233024K->157050K(465920K)] 780925K->704967K(1268736K), 0.0173493 secs] [Times: user=0.02 sys=0.00, real=0.02 secs] 
531.344: [GC (Allocation Failure) [PSYoungGen: 390010K->184430K(465920K)] 937927K->733601K(1268736K), 0.0202850 secs] [Times: user=0.02 sys=0.00, real=0.02 secs] 
532.125: [GC (Allocation Failure) [PSYoungGen: 417390K->148886K(465920K)] 966561K->698339K(1268736K), 0.0174819 secs] [Times: user=0.03 sys=0.00, real=0.02 secs] 
533.211: [GC (Allocation Failure) [PSYoungGen: 381846K->96K(465920K)] 931299K->550995K(1268736K), 0.0022460 secs] [Times: user=0.01 sys=0.00, real=0.00 secs] 
533.538: [GC (Allocation Failure) [PSYoungGen: 233056K->179155K(465920K)] 783955K->730087K(1268736K), 0.0195832 secs] [Times: user=0.02 sys=0.00, real=0.02 secs] 
533.821: [GC (Allocation Failure) [PSYoungGen: 412115K->184462K(465920K)] 963047K->736784K(1268736K), 0.0201721 secs] [Times: user=0.03 sys=0.00, real=0.02 secs] 
535.286: [GC (Allocation Failure) [PSYoungGen: 417422K->135133K(465920K)] 969744K->687592K(1268736K), 0.0362618 secs] [Times: user=0.06 sys=0.01, real=0.04 secs] 
537.342: [GC (Allocation Failure) [PSYoungGen: 368093K->17184K(465920K)] 920552K->569953K(1268736K), 0.0058994 secs] [Times: user=0.01 sys=0.00, real=0.00 secs] 
537.680: [GC (Allocation Failure) [PSYoungGen: 250144K->186389K(465920K)] 802913K->740395K(1268736K), 0.0206820 secs] [Times: user=0.02 sys=0.00, real=0.02 secs] 
538.024: [GC (Allocation Failure) [PSYoungGen: 419349K->184815K(465920K)] 973355K->739102K(1268736K), 0.0202829 secs] [Times: user=0.02 sys=0.01, real=0.02 secs] 
539.073: [GC (Allocation Failure) [PSYoungGen: 417775K->110456K(465920K)] 972062K->665008K(1268736K), 0.0172581 secs] [Times: user=0.03 sys=0.01, real=0.02 secs] 
540.641: [GC (Allocation Failure) [PSYoungGen: 343416K->41861K(465920K)] 897968K->596729K(1268736K), 0.0057460 secs] [Times: user=0.01 sys=0.01, real=0.00 secs] 
540.912: [GC (Allocation Failure) [PSYoungGen: 274821K->186389K(465920K)] 829689K->742503K(1268736K), 0.0205021 secs] [Times: user=0.02 sys=0.00, real=0.02 secs] 
541.203: [GC (Allocation Failure) [PSYoungGen: 419349K->186004K(465920K)] 975463K->742527K(1268736K), 0.0205590 secs] [Times: user=0.02 sys=0.00, real=0.02 secs] 
542.517: [GC (Allocation Failure) [PSYoungGen: 418964K->68175K(465920K)] 975487K->624835K(1268736K), 0.0170493 secs] [Times: user=0.03 sys=0.00, real=0.02 secs] 
544.197: [GC (Allocation Failure) [PSYoungGen: 301135K->67823K(465920K)] 857795K->624782K(1268736K), 0.0097723 secs] [Times: user=0.02 sys=0.00, real=0.01 secs] 
544.486: [GC (Allocation Failure) [PSYoungGen: 300783K->186325K(465920K)] 857742K->744659K(1268736K), 0.0213577 secs] [Times: user=0.03 sys=0.00, real=0.02 secs] 
544.847: [GC (Allocation Failure) [PSYoungGen: 419285K->186036K(465920K)] 977619K->744522K(1268736K), 0.0204364 secs] [Times: user=0.02 sys=0.00, real=0.02 secs] 
546.000: [GC (Allocation Failure) [PSYoungGen: 418996K->42053K(465920K)] 977482K->600940K(1268736K), 0.0074428 secs] [Times: user=0.02 sys=0.00, real=0.00 secs] 
546.761: [GC (Allocation Failure) [PSYoungGen: 275013K->94588K(465920K)] 833900K->653660K(1268736K), 0.0110687 secs] [Times: user=0.02 sys=0.00, real=0.01 secs] 
547.096: [GC (Allocation Failure) [PSYoungGen: 327548K->186229K(465920K)] 886620K->746555K(1268736K), 0.0203875 secs] [Times: user=0.02 sys=0.01, real=0.02 secs] 
547.382: [GC (Allocation Failure) [PSYoungGen: 419189K->185907K(465920K)] 979515K->746507K(1268736K), 0.0204401 secs] [Times: user=0.02 sys=0.00, real=0.02 secs] 
549.088: [GC (Allocation Failure) [PSYoungGen: 418867K->15642K(465920K)] 979467K->576506K(1268736K), 0.0041451 secs] [Times: user=0.01 sys=0.00, real=0.01 secs] 
549.905: [GC (Allocation Failure) [PSYoungGen: 248602K->120356K(465920K)] 809466K->681546K(1268736K), 0.0137002 secs] [Times: user=0.02 sys=0.00, real=0.01 secs] 
550.181: [GC (Allocation Failure) [PSYoungGen: 353316K->184205K(465920K)] 914506K->746777K(1268736K), 0.0202777 secs] [Times: user=0.02 sys=0.00, real=0.02 secs] 
550.736: [GC (Allocation Failure) [PSYoungGen: 417165K->178253K(465920K)] 979737K->741090K(1268736K), 0.0293563 secs] [Times: user=0.04 sys=0.00, real=0.03 secs] 
553.886: [GC (Allocation Failure) [PSYoungGen: 411213K->96K(465920K)] 974050K->564260K(1268736K), 0.0038547 secs] [Times: user=0.02 sys=0.00, real=0.01 secs] 
554.937: [GC (Allocation Failure) [PSYoungGen: 233056K->142141K(465920K)] 797220K->706338K(1268736K), 0.0159711 secs] [Times: user=0.02 sys=0.00, real=0.02 secs] 
555.216: [GC (Allocation Failure) [PSYoungGen: 375101K->184847K(465920K)] 939298K->750297K(1268736K), 0.0203354 secs] [Times: user=0.03 sys=0.00, real=0.02 secs] 
555.688: [GC (Allocation Failure) [PSYoungGen: 413910K->159362K(465920K)] 979360K->725213K(1268736K), 0.0197206 secs] [Times: user=0.03 sys=0.00, real=0.02 secs] 
557.162: [GC (Allocation Failure) [PSYoungGen: 392322K->96K(465920K)] 958173K->567276K(1268736K), 0.0027404 secs] [Times: user=0.01 sys=0.00, real=0.00 secs] 
557.745: [GC (Allocation Failure) [PSYoungGen: 233056K->161227K(465920K)] 800236K->728423K(1268736K), 0.0180044 secs] [Times: user=0.02 sys=0.00, real=0.02 secs] 
558.030: [GC (Allocation Failure) [PSYoungGen: 394187K->184976K(465920K)] 961383K->753418K(1268736K), 0.0202731 secs] [Times: user=0.03 sys=0.00, real=0.02 secs] 
558.489: [GC (Allocation Failure) [PSYoungGen: 417936K->144260K(465920K)] 986378K->712967K(1268736K), 0.0169484 secs] [Times: user=0.03 sys=0.00, real=0.02 secs] 
559.898: [GC (Allocation Failure) [PSYoungGen: 377220K->96K(465920K)] 945927K->570251K(1268736K), 0.0026647 secs] [Times: user=0.01 sys=0.00, real=0.01 secs] 
560.280: [GC (Allocation Failure) [PSYoungGen: 233056K->184136K(465920K)] 803211K->754315K(1268736K), 0.0201402 secs] [Times: user=0.02 sys=0.00, real=0.02 secs] 
560.564: [GC (Allocation Failure) [PSYoungGen: 417096K->184462K(465920K)] 987275K->755886K(1268736K), 0.0202153 secs] [Times: user=0.03 sys=0.00, real=0.02 secs] 
561.742: [GC (Allocation Failure) [PSYoungGen: 417422K->130089K(465920K)] 988846K->701778K(1268736K), 0.0329315 secs] [Times: user=0.05 sys=0.00, real=0.03 secs] 
563.635: [GC (Allocation Failure) [PSYoungGen: 363049K->22197K(465920K)] 934738K->594186K(1268736K), 0.0046559 secs] [Times: user=0.01 sys=0.00, real=0.00 secs] 
563.922: [GC (Allocation Failure) [PSYoungGen: 255157K->186357K(465920K)] 827146K->759729K(1268736K), 0.0204052 secs] [Times: user=0.03 sys=0.00, real=0.02 secs] 
564.207: [GC (Allocation Failure) [PSYoungGen: 419317K->184879K(465920K)] 992689K->758395K(1268736K), 0.0203060 secs] [Times: user=0.03 sys=0.00, real=0.02 secs] 
564.813: [GC (Allocation Failure) [PSYoungGen: 417839K->105380K(465920K)] 991355K->679161K(1268736K), 0.0111854 secs] [Times: user=0.02 sys=0.00, real=0.01 secs] 
566.288: [GC (Allocation Failure) [PSYoungGen: 338340K->47034K(465920K)] 912121K->621121K(1268736K), 0.0077506 secs] [Times: user=0.02 sys=0.00, real=0.01 secs] 
566.586: [GC (Allocation Failure) [PSYoungGen: 279994K->186421K(465920K)] 854081K->761762K(1268736K), 0.0203777 secs] [Times: user=0.02 sys=0.00, real=0.02 secs] 
566.872: [GC (Allocation Failure) [PSYoungGen: 419381K->185908K(465920K)] 994722K->761658K(1268736K), 0.0205494 secs] [Times: user=0.03 sys=0.00, real=0.02 secs] 
567.594: [GC (Allocation Failure) [PSYoungGen: 418868K->63002K(465920K)] 994618K->638889K(1268736K), 0.0086356 secs] [Times: user=0.01 sys=0.00, real=0.01 secs] 
568.883: [GC (Allocation Failure) [PSYoungGen: 295962K->72867K(465920K)] 871849K->649069K(1268736K), 0.0091046 secs] [Times: user=0.01 sys=0.00, real=0.01 secs] 
569.157: [GC (Allocation Failure) [PSYoungGen: 305827K->186389K(465920K)] 882029K->763974K(1268736K), 0.0204622 secs] [Times: user=0.03 sys=0.00, real=0.02 secs] 
569.444: [GC (Allocation Failure) [PSYoungGen: 419349K->186132K(465920K)] 996934K->763869K(1268736K), 0.0204243 secs] [Times: user=0.03 sys=0.00, real=0.02 secs] 
570.461: [GC (Allocation Failure) [PSYoungGen: 419092K->37041K(465920K)] 996829K->615171K(1268736K), 0.0105212 secs] [Times: user=0.02 sys=0.00, real=0.01 secs] 
571.703: [GC (Allocation Failure) [PSYoungGen: 270001K->99761K(465920K)] 848131K->678068K(1268736K), 0.0117358 secs] [Times: user=0.02 sys=0.00, real=0.01 secs] 
571.980: [GC (Allocation Failure) [PSYoungGen: 332721K->186004K(465920K)] 911028K->765557K(1268736K), 0.0204628 secs] [Times: user=0.03 sys=0.00, real=0.02 secs] 
572.265: [GC (Allocation Failure) [PSYoungGen: 418964K->185940K(465920K)] 998517K->765766K(1268736K), 0.0202918 secs] [Times: user=0.03 sys=0.01, real=0.02 secs] 
574.525: [GC (Allocation Failure) [PSYoungGen: 418900K->10725K(465920K)] 998726K->590825K(1268736K), 0.0060852 secs] [Times: user=0.02 sys=0.00, real=0.01 secs] 
575.783: [GC (Allocation Failure) [PSYoungGen: 243685K->125722K(465920K)] 823785K->706145K(1268736K), 0.0142611 secs] [Times: user=0.02 sys=0.00, real=0.01 secs] 
576.120: [GC (Allocation Failure) [PSYoungGen: 358682K->186004K(465920K)] 939105K->767673K(1268736K), 0.0204372 secs] [Times: user=0.03 sys=0.00, real=0.02 secs] 
576.604: [GC (Allocation Failure) [PSYoungGen: 418964K->172576K(465920K)] 1000633K->754518K(1268736K), 0.0253902 secs] [Times: user=0.03 sys=0.00, real=0.02 secs] 
578.618: [GC (Allocation Failure) [PSYoungGen: 405536K->96K(465920K)] 987478K->583489K(1268736K), 0.0038462 secs] [Times: user=0.01 sys=0.00, real=0.01 secs] 
579.585: [GC (Allocation Failure) [PSYoungGen: 233056K->148214K(465920K)] 816449K->731624K(1268736K), 0.0164112 secs] [Times: user=0.02 sys=0.00, real=0.02 secs] 
579.865: [GC (Allocation Failure) [PSYoungGen: 381174K->184205K(465920K)] 964584K->768868K(1268736K), 0.0201710 secs] [Times: user=0.03 sys=0.00, real=0.02 secs] 
581.266: [GC (Allocation Failure) [PSYoungGen: 417165K->158044K(465920K)] 1001828K->742972K(1268736K), 0.0405919 secs] [Times: user=0.06 sys=0.00, real=0.04 secs] 
583.337: [GC (Allocation Failure) [PSYoungGen: 391004K->96K(465920K)] 975932K->586462K(1268736K), 0.0034883 secs] [Times: user=0.01 sys=0.00, real=0.01 secs] 
583.971: [GC (Allocation Failure) [PSYoungGen: 233056K->171348K(465920K)] 819422K->757730K(1268736K), 0.0191156 secs] [Times: user=0.02 sys=0.00, real=0.02 secs] 
584.261: [GC (Allocation Failure) [PSYoungGen: 404308K->186389K(465920K)] 990690K->774033K(1268736K), 0.0205628 secs] [Times: user=0.03 sys=0.00, real=0.02 secs] 
584.881: [GC (Allocation Failure) [PSYoungGen: 419349K->140852K(465920K)] 1006993K->728769K(1268736K), 0.0180821 secs] [Times: user=0.03 sys=0.00, real=0.02 secs] 
585.994: [GC (Allocation Failure) [PSYoungGen: 373812K->13329K(465920K)] 961729K->601559K(1268736K), 0.0037434 secs] [Times: user=0.01 sys=0.00, real=0.00 secs] 
586.273: [GC (Allocation Failure) [PSYoungGen: 246289K->185779K(465920K)] 834519K->775392K(1268736K), 0.0204390 secs] [Times: user=0.03 sys=0.00, real=0.02 secs] 
586.563: [GC (Allocation Failure) [PSYoungGen: 418739K->185875K(465920K)] 1008352K->775641K(1268736K), 0.0204660 secs] [Times: user=0.03 sys=0.00, real=0.02 secs] 
587.894: [GC (Allocation Failure) [PSYoungGen: 418835K->113895K(465920K)] 1008601K->703941K(1268736K), 0.0231310 secs] [Times: user=0.04 sys=0.00, real=0.02 secs] 
590.027: [GC (Allocation Failure) [PSYoungGen: 346855K->38873K(465920K)] 936901K->629233K(1268736K), 0.0074284 secs] [Times: user=0.02 sys=0.00, real=0.01 secs] 
590.340: [GC (Allocation Failure) [PSYoungGen: 271833K->184847K(465920K)] 862193K->776453K(1268736K), 0.0204215 secs] [Times: user=0.03 sys=0.00, real=0.02 secs] 
590.680: [GC (Allocation Failure) [PSYoungGen: 417807K->184109K(465920K)] 1009413K->775987K(1268736K), 0.0201946 secs] [Times: user=0.03 sys=0.00, real=0.02 secs] 
592.082: [GC (Allocation Failure) [PSYoungGen: 417069K->74441K(465920K)] 1008947K->666593K(1268736K), 0.0140660 secs] [Times: user=0.02 sys=0.00, real=0.01 secs] 
593.028: [GC (Allocation Failure) [PSYoungGen: 307401K->61814K(465920K)] 899553K->654265K(1268736K), 0.0078967 secs] [Times: user=0.02 sys=0.00, real=0.01 secs] 
593.304: [GC (Allocation Failure) [PSYoungGen: 294774K->186518K(465920K)] 887225K->780223K(1268736K), 0.0204516 secs] [Times: user=0.03 sys=0.00, real=0.02 secs] 
593.643: [GC (Allocation Failure) [PSYoungGen: 419478K->186164K(465920K)] 1013183K->780151K(1268736K), 0.0207789 secs] [Times: user=0.03 sys=0.00, real=0.02 secs] 
594.886: [GC (Allocation Failure) [PSYoungGen: 419124K->47933K(465920K)] 1013111K->642321K(1268736K), 0.0119022 secs] [Times: user=0.02 sys=0.00, real=0.01 secs] 
595.719: [GC (Allocation Failure) [PSYoungGen: 280893K->89636K(465920K)] 875281K->684203K(1268736K), 0.0106374 secs] [Times: user=0.02 sys=0.00, real=0.01 secs] 
596.062: [GC (Allocation Failure) [PSYoungGen: 322596K->185747K(465920K)] 917163K->781567K(1268736K), 0.0205687 secs] [Times: user=0.03 sys=0.00, real=0.02 secs] 
596.400: [GC (Allocation Failure) [PSYoungGen: 418707K->184430K(465920K)] 1014527K->780531K(1268736K), 0.0201561 secs] [Times: user=0.03 sys=0.00, real=0.02 secs] 
598.575: [GC (Allocation Failure) [PSYoungGen: 417390K->22614K(465920K)] 1013491K->619109K(1268736K), 0.0062125 secs] [Times: user=0.01 sys=0.00, real=0.01 secs] 
599.935: [GC (Allocation Failure) [PSYoungGen: 255574K->114027K(465920K)] 852069K->710701K(1268736K), 0.0131887 secs] [Times: user=0.02 sys=0.00, real=0.01 secs] 
600.215: [GC (Allocation Failure) [PSYoungGen: 346987K->186132K(465920K)] 943661K->784052K(1268736K), 0.0208055 secs] [Times: user=0.03 sys=0.00, real=0.02 secs] 
600.648: [GC (Allocation Failure) [PSYoungGen: 419092K->182607K(465920K)] 1017012K->780800K(1268736K), 0.0247003 secs] [Times: user=0.03 sys=0.00, real=0.03 secs] 
603.659: [GC (Allocation Failure) [PSYoungGen: 415567K->64K(465920K)] 1013760K->599696K(1268736K), 0.0042132 secs] [Times: user=0.02 sys=0.00, real=0.01 secs] 
604.279: [GC (Allocation Failure) [PSYoungGen: 233024K->140502K(465920K)] 832656K->740151K(1268736K), 0.0157454 secs] [Times: user=0.02 sys=0.00, real=0.01 secs] 
604.563: [GC (Allocation Failure) [PSYoungGen: 373462K->186004K(465920K)] 973111K->787035K(1268736K), 0.0205142 secs] [Times: user=0.03 sys=0.00, real=0.02 secs] 
605.105: [GC (Allocation Failure) [PSYoungGen: 415339K->159876K(465920K)] 1016370K->761059K(1268736K), 0.0200614 secs] [Times: user=0.03 sys=0.00, real=0.02 secs] 
607.755: [GC (Allocation Failure) [PSYoungGen: 392836K->128K(465920K)] 994019K->602752K(1268736K), 0.0054088 secs] [Times: user=0.02 sys=0.01, real=0.01 secs] 
608.644: [GC (Allocation Failure) [PSYoungGen: 233088K->160456K(465920K)] 835712K->763097K(1268736K), 0.0178552 secs] [Times: user=0.03 sys=0.00, real=0.02 secs] 
608.926: [GC (Allocation Failure) [PSYoungGen: 393416K->184462K(465920K)] 996057K->788485K(1268736K), 0.0202471 secs] [Times: user=0.02 sys=0.00, real=0.02 secs] 
609.493: [GC (Allocation Failure) [PSYoungGen: 417422K->145593K(465920K)] 1021445K->749761K(1268736K), 0.0179149 secs] [Times: user=0.03 sys=0.00, real=0.02 secs] 
611.753: [GC (Allocation Failure) [PSYoungGen: 378553K->96K(465920K)] 982721K->605703K(1268736K), 0.0050758 secs] [Times: user=0.02 sys=0.00, real=0.00 secs] 
612.262: [GC (Allocation Failure) [PSYoungGen: 233056K->185004K(465920K)] 838663K->790635K(1268736K), 0.0205175 secs] [Times: user=0.03 sys=0.00, real=0.02 secs] 
612.549: [GC (Allocation Failure) [PSYoungGen: 417964K->186132K(465920K)] 1023595K->793018K(1268736K), 0.0206572 secs] [Times: user=0.03 sys=0.00, real=0.03 secs] 
613.662: [GC (Allocation Failure) [PSYoungGen: 419092K->127502K(465920K)] 1025978K->734661K(1268736K), 0.0183286 secs] [Times: user=0.03 sys=0.00, real=0.02 secs] 
615.199: [GC (Allocation Failure) [PSYoungGen: 360462K->25825K(465920K)] 967621K->633291K(1268736K), 0.0050984 secs] [Times: user=0.02 sys=0.00, real=0.00 secs] 
615.472: [GC (Allocation Failure) [PSYoungGen: 258785K->185747K(465920K)] 866251K->794467K(1268736K), 0.0204931 secs] [Times: user=0.03 sys=0.00, real=0.02 secs] 
615.813: [GC (Allocation Failure) [PSYoungGen: 418707K->184430K(465920K)] 1027427K->793430K(1268736K), 0.0204807 secs] [Times: user=0.03 sys=0.00, real=0.02 secs] 
616.443: [GC (Allocation Failure) [PSYoungGen: 417390K->102810K(465920K)] 1026390K->712075K(1268736K), 0.0138851 secs] [Times: user=0.03 sys=0.00, real=0.01 secs] 
617.276: [GC (Allocation Failure) [PSYoungGen: 335770K->51115K(465920K)] 945035K->660702K(1268736K), 0.0067511 secs] [Times: user=0.01 sys=0.00, real=0.01 secs] 
617.549: [GC (Allocation Failure) [PSYoungGen: 284075K->186261K(465920K)] 893662K->797102K(1268736K), 0.0205803 secs] [Times: user=0.02 sys=0.00, real=0.03 secs] 
617.840: [GC (Allocation Failure) [PSYoungGen: 419221K->185843K(465920K)] 1030062K->797094K(1268736K), 0.0203621 secs] [Times: user=0.03 sys=0.00, real=0.02 secs] 
619.656: [GC (Allocation Failure) [PSYoungGen: 418803K->59163K(465920K)] 1030054K->670558K(1268736K), 0.0160993 secs] [Times: user=0.03 sys=0.00, real=0.02 secs] 
621.009: [GC (Allocation Failure) [PSYoungGen: 292123K->77652K(465920K)] 903518K->689362K(1268736K), 0.0099002 secs] [Times: user=0.02 sys=0.00, real=0.01 secs] 
621.353: [GC (Allocation Failure) [PSYoungGen: 310612K->185875K(465920K)] 922322K->798840K(1268736K), 0.0205489 secs] [Times: user=0.02 sys=0.00, real=0.02 secs] 
621.636: [GC (Allocation Failure) [PSYoungGen: 418835K->184462K(465920K)] 1031800K->797699K(1268736K), 0.0203132 secs] [Times: user=0.02 sys=0.00, real=0.02 secs] 
624.030: [GC (Allocation Failure) [PSYoungGen: 417422K->34502K(465920K)] 1030659K->648013K(1268736K), 0.0103689 secs] [Times: user=0.02 sys=0.00, real=0.01 secs] 
625.379: [GC (Allocation Failure) [PSYoungGen: 267462K->101431K(465920K)] 880973K->715256K(1268736K), 0.0118125 secs] [Times: user=0.02 sys=0.00, real=0.02 secs] 
625.717: [GC (Allocation Failure) [PSYoungGen: 334391K->183948K(465920K)] 948216K->799026K(1268736K), 0.0202630 secs] [Times: user=0.02 sys=0.00, real=0.02 secs] 
626.062: [GC (Allocation Failure) [PSYoungGen: 416908K->184494K(465920K)] 1031986K->799853K(1268736K), 0.0204085 secs] [Times: user=0.03 sys=0.00, real=0.02 secs] 
627.607: [GC (Allocation Failure) [PSYoungGen: 417454K->12589K(465920K)] 1032813K->628213K(1268736K), 0.0039942 secs] [Times: user=0.01 sys=0.00, real=0.01 secs] 
628.174: [GC (Allocation Failure) [PSYoungGen: 245549K->125237K(465920K)] 861173K->741165K(1268736K), 0.0142180 secs] [Times: user=0.02 sys=0.00, real=0.01 secs] 
628.455: [GC (Allocation Failure) [PSYoungGen: 358197K->186132K(465920K)] 974125K->803314K(1268736K), 0.0205040 secs] [Times: user=0.03 sys=0.00, real=0.02 secs] 
629.163: [GC (Allocation Failure) [PSYoungGen: 419092K->174993K(465920K)] 1036274K->792448K(1268736K), 0.0234826 secs] [Times: user=0.04 sys=0.00, real=0.02 secs] 
631.367: [GC (Allocation Failure) [PSYoungGen: 407953K->96K(465920K)] 1025408K->619002K(1268736K), 0.0034219 secs] [Times: user=0.01 sys=0.00, real=0.01 secs] 
632.090: [GC (Allocation Failure) [PSYoungGen: 233056K->150656K(465920K)] 851962K->769594K(1268736K), 0.0167200 secs] [Times: user=0.02 sys=0.00, real=0.01 secs] 
632.375: [GC (Allocation Failure) [PSYoungGen: 383616K->186132K(465920K)] 1002554K->806325K(1268736K), 0.0204737 secs] [Times: user=0.03 sys=0.00, real=0.02 secs] 
632.924: [GC (Allocation Failure) [PSYoungGen: 419092K->153594K(465920K)] 1039285K->774051K(1268736K), 0.0202718 secs] [Times: user=0.03 sys=0.00, real=0.02 secs] 
633.933: [GC (Allocation Failure) [PSYoungGen: 386554K->128K(465920K)] 1007011K->622028K(1268736K), 0.0025277 secs] [Times: user=0.01 sys=0.00, real=0.00 secs] 
634.266: [GC (Allocation Failure) [PSYoungGen: 233088K->176682K(465920K)] 854988K->798606K(1268736K), 0.0193256 secs] [Times: user=0.02 sys=0.00, real=0.02 secs] 
634.549: [GC (Allocation Failure) [PSYoungGen: 409642K->184494K(465920K)] 1031566K->807664K(1268736K), 0.0204558 secs] [Times: user=0.03 sys=0.00, real=0.02 secs] 
635.058: [GC (Allocation Failure) [PSYoungGen: 417454K->137575K(465920K)] 1040624K->761018K(1268736K), 0.0147309 secs] [Times: user=0.02 sys=0.00, real=0.02 secs] 
636.321: [GC (Allocation Failure) [PSYoungGen: 370535K->15417K(465920K)] 993978K->639176K(1268736K), 0.0042587 secs] [Times: user=0.01 sys=0.00, real=0.00 secs] 
636.603: [GC (Allocation Failure) [PSYoungGen: 248377K->184044K(465920K)] 872136K->809057K(1268736K), 0.0202757 secs] [Times: user=0.03 sys=0.00, real=0.02 secs] 
636.939: [GC (Allocation Failure) [PSYoungGen: 417004K->183723K(465920K)] 1042017K->809009K(1268736K), 0.0203971 secs] [Times: user=0.03 sys=0.00, real=0.03 secs] 
637.678: [GC (Allocation Failure) [PSYoungGen: 416683K->115565K(465920K)] 1041969K->741124K(1268736K), 0.0143225 secs] [Times: user=0.03 sys=0.00, real=0.02 secs] 
638.681: [GC (Allocation Failure) [PSYoungGen: 348525K->37331K(465920K)] 974084K->663197K(1268736K), 0.0065492 secs] [Times: user=0.02 sys=0.00, real=0.00 secs] 
638.960: [GC (Allocation Failure) [PSYoungGen: 270291K->186389K(465920K)] 896157K->813638K(1268736K), 0.0205608 secs] [Times: user=0.03 sys=0.00, real=0.02 secs] 
639.249: [GC (Allocation Failure) [PSYoungGen: 419349K->186132K(465920K)] 1046598K->813534K(1268736K), 0.0204443 secs] [Times: user=0.03 sys=0.00, real=0.03 secs] 
639.973: [GC (Allocation Failure) [PSYoungGen: 419092K->72513K(465920K)] 1046494K->700316K(1268736K), 0.0099733 secs] [Times: user=0.02 sys=0.00, real=0.01 secs] 
640.732: [GC (Allocation Failure) [PSYoungGen: 305473K->64899K(465920K)] 933276K->692890K(1268736K), 0.0083036 secs] [Times: user=0.02 sys=0.00, real=0.01 secs] 
641.070: [GC (Allocation Failure) [PSYoungGen: 297859K->185715K(465920K)] 925850K->814959K(1268736K), 0.0206415 secs] [Times: user=0.03 sys=0.00, real=0.02 secs] 
641.358: [GC (Allocation Failure) [PSYoungGen: 418675K->184366K(465920K)] 1047919K->813883K(1268736K), 0.0202508 secs] [Times: user=0.03 sys=0.00, real=0.02 secs] 
642.130: [GC (Allocation Failure) [PSYoungGen: 417326K->47354K(465920K)] 1046843K->677266K(1268736K), 0.0080868 secs] [Times: user=0.01 sys=0.00, real=0.00 secs] 
642.797: [GC (Allocation Failure) [PSYoungGen: 280314K->89864K(465920K)] 910226K->719953K(1268736K), 0.0106421 secs] [Times: user=0.02 sys=0.00, real=0.01 secs] 
643.133: [GC (Allocation Failure) [PSYoungGen: 322824K->186004K(465920K)] 952913K->817474K(1268736K), 0.0209795 secs] [Times: user=0.03 sys=0.01, real=0.02 secs] 
643.421: [GC (Allocation Failure) [PSYoungGen: 418964K->184654K(465920K)] 1050434K->816277K(1268736K), 0.0203807 secs] [Times: user=0.03 sys=0.00, real=0.02 secs] 
645.056: [GC (Allocation Failure) [PSYoungGen: 417614K->21971K(465920K)] 1049237K->653883K(1268736K), 0.0062386 secs] [Times: user=0.02 sys=0.00, real=0.01 secs] 
646.249: [GC (Allocation Failure) [PSYoungGen: 254931K->114541K(465920K)] 886843K->746753K(1268736K), 0.0131611 secs] [Times: user=0.02 sys=0.00, real=0.02 secs] 
646.530: [GC (Allocation Failure) [PSYoungGen: 347501K->186132K(465920K)] 979713K->819598K(1268736K), 0.0207773 secs] [Times: user=0.03 sys=0.00, real=0.02 secs] 
646.817: [GC (Allocation Failure) [PSYoungGen: 419092K->181597K(465920K)] 1052558K->815344K(1268736K), 0.0200422 secs] [Times: user=0.03 sys=0.00, real=0.02 secs] 
648.636: [GC (Allocation Failure) [PSYoungGen: 414557K->192K(465920K)] 1048304K->635334K(1268736K), 0.0032952 secs] [Times: user=0.01 sys=0.00, real=0.00 secs] 
649.712: [GC (Allocation Failure) [PSYoungGen: 233152K->135747K(465920K)] 868294K->770962K(1268736K), 0.0154774 secs] [Times: user=0.02 sys=0.00, real=0.01 secs] 
650.030: [GC (Allocation Failure) [PSYoungGen: 368707K->184301K(465920K)] 1003922K->820890K(1268736K), 0.0239738 secs] [Times: user=0.03 sys=0.00, real=0.02 secs] 
650.706: [GC (Allocation Failure) [PSYoungGen: 417261K->166222K(465920K)] 1053850K->803076K(1268736K), 0.0318788 secs] [Times: user=0.04 sys=0.00, real=0.03 secs] 
653.199: [GC (Allocation Failure) [PSYoungGen: 399182K->128K(465920K)] 1036036K->638284K(1268736K), 0.0042713 secs] [Times: user=0.02 sys=0.00, real=0.01 secs] 
653.896: [GC (Allocation Failure) [PSYoungGen: 233088K->157885K(465920K)] 871244K->796058K(1268736K), 0.0176797 secs] [Times: user=0.03 sys=0.00, real=0.02 secs] 
654.177: [GC (Allocation Failure) [PSYoungGen: 390845K->184462K(465920K)] 1029018K->823896K(1268736K), 0.0204024 secs] [Times: user=0.02 sys=0.00, real=0.02 secs] 
654.960: [GC (Allocation Failure) [PSYoungGen: 417422K->148147K(465920K)] 1056856K->787976K(1268736K), 0.0301783 secs] [Times: user=0.04 sys=0.00, real=0.03 secs] 
656.762: [GC (Allocation Failure) [PSYoungGen: 381107K->96K(465920K)] 1020936K->641239K(1268736K), 0.0036127 secs] [Times: user=0.02 sys=0.00, real=0.00 secs] 
657.261: [GC (Allocation Failure) [PSYoungGen: 233056K->180152K(465920K)] 874199K->821319K(1268736K), 0.0198268 secs] [Times: user=0.02 sys=0.00, real=0.02 secs] 
657.599: [GC (Allocation Failure) [PSYoungGen: 413112K->184076K(465920K)] 1054279K->826489K(1268736K), 0.0202960 secs] [Times: user=0.02 sys=0.00, real=0.02 secs] 
658.437: [GC (Allocation Failure) [PSYoungGen: 417036K->134490K(465920K)] 1059449K->777184K(1268736K), 0.0228575 secs] [Times: user=0.04 sys=0.00, real=0.03 secs] 
660.275: [GC (Allocation Failure) [PSYoungGen: 367450K->18052K(465920K)] 1010144K->661060K(1268736K), 0.0056300 secs] [Times: user=0.02 sys=0.00, real=0.01 secs] 
660.595: [GC (Allocation Failure) [PSYoungGen: 251012K->186389K(465920K)] 894020K->830651K(1268736K), 0.0206221 secs] [Times: user=0.03 sys=0.00, real=0.02 secs] 
660.879: [GC (Allocation Failure) [PSYoungGen: 419349K->184719K(465920K)] 1063611K->829261K(1268736K), 0.0204112 secs] [Times: user=0.03 sys=0.00, real=0.02 secs] 
661.899: [GC (Allocation Failure) [PSYoungGen: 417679K->109589K(465920K)] 1062221K->754405K(1268736K), 0.0152405 secs] [Times: user=0.03 sys=0.00, real=0.02 secs] 
663.531: [GC (Allocation Failure) [PSYoungGen: 342549K->44078K(465920K)] 987365K->689209K(1268736K), 0.0073186 secs] [Times: user=0.02 sys=0.00, real=0.00 secs] 
663.819: [GC (Allocation Failure) [PSYoungGen: 277038K->186004K(465920K)] 922169K->832397K(1268736K), 0.0205736 secs] [Times: user=0.03 sys=0.00, real=0.02 secs] 
664.104: [GC (Allocation Failure) [PSYoungGen: 418964K->184462K(465920K)] 1065357K->831127K(1268736K), 0.0204339 secs] [Times: user=0.03 sys=0.00, real=0.02 secs] 
664.842: [GC (Allocation Failure) [PSYoungGen: 417422K->67854K(465920K)] 1064087K->714785K(1268736K), 0.0095720 secs] [Times: user=0.02 sys=0.00, real=0.01 secs] 
665.857: [GC (Allocation Failure) [PSYoungGen: 300814K->69397K(465920K)] 947745K->716649K(1268736K), 0.0086863 secs] [Times: user=0.02 sys=0.00, real=0.01 secs] 
666.129: [GC (Allocation Failure) [PSYoungGen: 302357K->184719K(465920K)] 949609K->833225K(1268736K), 0.0204209 secs] [Times: user=0.03 sys=0.00, real=0.02 secs] 
666.422: [GC (Allocation Failure) [PSYoungGen: 417679K->186486K(465920K)] 1066185K->835402K(1268736K), 0.0205352 secs] [Times: user=0.02 sys=0.00, real=0.02 secs] 
667.405: [GC (Allocation Failure) [PSYoungGen: 419446K->41796K(465920K)] 1068362K->690977K(1268736K), 0.0077800 secs] [Times: user=0.02 sys=0.00, real=0.01 secs] 
668.584: [GC (Allocation Failure) [PSYoungGen: 274756K->95005K(465920K)] 923937K->744373K(1268736K), 0.0112748 secs] [Times: user=0.02 sys=0.00, real=0.01 secs] 
668.861: [GC (Allocation Failure) [PSYoungGen: 327965K->186004K(465920K)] 977333K->836754K(1268736K), 0.0207054 secs] [Times: user=0.03 sys=0.00, real=0.02 secs] 
669.148: [GC (Allocation Failure) [PSYoungGen: 418964K->186004K(465920K)] 1069714K->836899K(1268736K), 0.0205215 secs] [Times: user=0.03 sys=0.01, real=0.02 secs] 
670.898: [GC (Allocation Failure) [PSYoungGen: 418964K->15481K(465920K)] 1069859K->666769K(1268736K), 0.0054044 secs] [Times: user=0.02 sys=0.00, real=0.01 secs] 
672.023: [GC (Allocation Failure) [PSYoungGen: 248441K->121867K(465920K)] 899729K->773348K(1268736K), 0.0139864 secs] [Times: user=0.02 sys=0.00, real=0.01 secs] 
672.362: [GC (Allocation Failure) [PSYoungGen: 354827K->185747K(465920K)] 1006308K->838602K(1268736K), 0.0204966 secs] [Times: user=0.03 sys=0.00, real=0.02 secs] 
673.177: [GC (Allocation Failure) [PSYoungGen: 418707K->176705K(465920K)] 1071562K->829705K(1268736K), 0.0425735 secs] [Times: user=0.10 sys=0.00, real=0.04 secs] 
674.237: [GC (Allocation Failure) [PSYoungGen: 409665K->96K(465920K)] 1062665K->654531K(1268736K), 0.0028240 secs] [Times: user=0.01 sys=0.00, real=0.01 secs] 
674.689: [GC (Allocation Failure) [PSYoungGen: 233056K->146447K(465920K)] 887491K->800914K(1268736K), 0.0164794 secs] [Times: user=0.03 sys=0.00, real=0.02 secs] 
674.971: [GC (Allocation Failure) [PSYoungGen: 379407K->186518K(465920K)] 1033874K->842239K(1268736K), 0.0206288 secs] [Times: user=0.03 sys=0.00, real=0.02 secs] 
675.395: [GC (Allocation Failure) [PSYoungGen: 419478K->157530K(465920K)] 1075199K->813532K(1268736K), 0.0169542 secs] [Times: user=0.03 sys=0.00, real=0.02 secs] 
676.343: [GC (Allocation Failure) [PSYoungGen: 390490K->96K(465920K)] 1046492K->657521K(1268736K), 0.0026484 secs] [Times: user=0.01 sys=0.00, real=0.00 secs] 
676.756: [GC (Allocation Failure) [PSYoungGen: 233056K->172794K(465920K)] 890481K->830243K(1268736K), 0.0189762 secs] [Times: user=0.03 sys=0.00, real=0.02 secs] 
677.041: [GC (Allocation Failure) [PSYoungGen: 405754K->186229K(465920K)] 1063203K->844932K(1268736K), 0.0205931 secs] [Times: user=0.03 sys=0.00, real=0.02 secs] 
677.512: [GC (Allocation Failure) [PSYoungGen: 419189K->139583K(465920K)] 1077892K->798567K(1268736K), 0.0148282 secs] [Times: user=0.03 sys=0.00, real=0.01 secs] 
678.682: [GC (Allocation Failure) [PSYoungGen: 372543K->13939K(465920K)] 1031527K->673245K(1268736K), 0.0045698 secs] [Times: user=0.01 sys=0.00, real=0.00 secs] 
678.979: [GC (Allocation Failure) [PSYoungGen: 246899K->184622K(465920K)] 906205K->845181K(1268736K), 0.0204850 secs] [Times: user=0.03 sys=0.00, real=0.02 secs] 
679.265: [GC (Allocation Failure) [PSYoungGen: 417582K->186357K(465920K)] 1078141K->847198K(1268736K), 0.0206968 secs] [Times: user=0.03 sys=0.00, real=0.02 secs] 
680.323: [GC (Allocation Failure) [PSYoungGen: 419317K->113863K(465920K)] 1080158K->774976K(1268736K), 0.0214205 secs] [Times: user=0.03 sys=0.00, real=0.02 secs] 
681.211: [GC (Allocation Failure) [PSYoungGen: 346823K->39033K(465920K)] 1007936K->700454K(1268736K), 0.0073239 secs] [Times: user=0.02 sys=0.00, real=0.00 secs] 
681.567: [GC (Allocation Failure) [PSYoungGen: 271993K->186261K(465920K)] 933414K->849064K(1268736K), 0.0205453 secs] [Times: user=0.02 sys=0.00, real=0.02 secs] 
681.911: [GC (Allocation Failure) [PSYoungGen: 419221K->184815K(465920K)] 1082024K->847763K(1268736K), 0.0203961 secs] [Times: user=0.03 sys=0.00, real=0.02 secs] 
682.594: [GC (Allocation Failure) [PSYoungGen: 417775K->72224K(465920K)] 1080723K->735565K(1268736K), 0.0110678 secs] [Times: user=0.02 sys=0.00, real=0.01 secs] 
683.439: [GC (Allocation Failure) [PSYoungGen: 305184K->63967K(465920K)] 968525K->727489K(1268736K), 0.0112168 secs] [Times: user=0.03 sys=0.00, real=0.02 secs] 
683.769: [GC (Allocation Failure) [PSYoungGen: 296927K->186389K(465920K)] 960449K->851294K(1268736K), 0.0205226 secs] [Times: user=0.02 sys=0.00, real=0.02 secs] 
684.061: [GC (Allocation Failure) [PSYoungGen: 419349K->186164K(465920K)] 1084254K->851221K(1268736K), 0.0203977 secs] [Times: user=0.02 sys=0.00, real=0.02 secs] 
684.856: [GC (Allocation Failure) [PSYoungGen: 419124K->45893K(465920K)] 1084181K->711351K(1268736K), 0.0080486 secs] [Times: user=0.01 sys=0.00, real=0.01 secs] 
685.630: [GC (Allocation Failure) [PSYoungGen: 278853K->91117K(465920K)] 944311K->756761K(1268736K), 0.0127838 secs] [Times: user=0.02 sys=0.00, real=0.01 secs] 
685.988: [GC (Allocation Failure) [PSYoungGen: 324077K->185972K(465920K)] 989721K->852998K(1268736K), 0.0205782 secs] [Times: user=0.03 sys=0.00, real=0.02 secs] 
686.279: [GC (Allocation Failure) [PSYoungGen: 418932K->185779K(465920K)] 1085958K->853078K(1268736K), 0.0205424 secs] [Times: user=0.03 sys=0.00, real=0.03 secs] 
689.269: [GC (Allocation Failure) [PSYoungGen: 418739K->19433K(465920K)] 1086038K->686868K(1268736K), 0.0086090 secs] [Times: user=0.02 sys=0.00, real=0.01 secs] 
690.661: [GC (Allocation Failure) [PSYoungGen: 252393K->116466K(465920K)] 919828K->784217K(1268736K), 0.0134172 secs] [Times: user=0.02 sys=0.00, real=0.01 secs] 
690.990: [GC (Allocation Failure) [PSYoungGen: 349426K->184205K(465920K)] 1017177K->853338K(1268736K), 0.0204330 secs] [Times: user=0.02 sys=0.00, real=0.02 secs] 
691.602: [GC (Allocation Failure) [PSYoungGen: 417165K->181821K(465920K)] 1086298K->851227K(1268736K), 0.0240115 secs] [Times: user=0.03 sys=0.00, real=0.02 secs] 
694.885: [GC (Allocation Failure) [PSYoungGen: 414781K->96K(465920K)] 1084187K->670815K(1268736K), 0.0028786 secs] [Times: user=0.01 sys=0.00, real=0.00 secs] 
695.433: [GC (Allocation Failure) [PSYoungGen: 233056K->138157K(465920K)] 903775K->808900K(1268736K), 0.0156278 secs] [Times: user=0.02 sys=0.00, real=0.01 secs] 
695.716: [GC (Allocation Failure) [PSYoungGen: 371117K->184719K(465920K)] 1041860K->856708K(1268736K), 0.0203595 secs] [Times: user=0.03 sys=0.00, real=0.02 secs] 
696.686: [GC (Allocation Failure) [PSYoungGen: 417679K->161346K(465920K)] 1089668K->833608K(1268736K), 0.0235223 secs] [Times: user=0.03 sys=0.00, real=0.03 secs] 
699.341: [GC (Allocation Failure) [PSYoungGen: 394306K->96K(465920K)] 1066568K->673807K(1268736K), 0.0027620 secs] [Times: user=0.02 sys=0.00, real=0.00 secs] 
699.858: [GC (Allocation Failure) [PSYoungGen: 233056K->161998K(465920K)] 906767K->835726K(1268736K), 0.0180746 secs] [Times: user=0.02 sys=0.00, real=0.02 secs] 
700.141: [GC (Allocation Failure) [PSYoungGen: 394958K->184847K(465920K)] 1068686K->859829K(1268736K), 0.0204880 secs] [Times: user=0.03 sys=0.00, real=0.02 secs] 
701.072: [GC (Allocation Failure) [PSYoungGen: 417807K->143617K(465920K)] 1092789K->818872K(1268736K), 0.0196453 secs] [Times: user=0.03 sys=0.00, real=0.02 secs] 
703.173: [GC (Allocation Failure) [PSYoungGen: 376577K->160K(465920K)] 1051832K->675730K(1268736K), 0.0028985 secs] [Times: user=0.01 sys=0.00, real=0.00 secs] 
703.481: [GC (Allocation Failure) [PSYoungGen: 233120K->184521K(465920K)] 908690K->860124K(1268736K), 0.0225368 secs] [Times: user=0.03 sys=0.00, real=0.02 secs] 
703.771: [GC (Allocation Failure) [PSYoungGen: 417481K->186389K(465920K)] 1093084K->863245K(1268736K), 0.0206277 secs] [Times: user=0.02 sys=0.00, real=0.02 secs] 
704.299: [GC (Allocation Failure) [PSYoungGen: 419349K->127775K(465920K)] 1096205K->804904K(1268736K), 0.0148688 secs] [Times: user=0.03 sys=0.00, real=0.02 secs] 
705.243: [GC (Allocation Failure) [PSYoungGen: 360696K->25378K(465920K)] 1037824K->702816K(1268736K), 0.0056828 secs] [Times: user=0.01 sys=0.00, real=0.00 secs] 
705.609: [GC (Allocation Failure) [PSYoungGen: 258338K->186261K(465920K)] 935776K->864953K(1268736K), 0.0206745 secs] [Times: user=0.03 sys=0.00, real=0.03 secs] 
705.900: [GC (Allocation Failure) [PSYoungGen: 419221K->186004K(465920K)] 1097913K->864977K(1268736K), 0.0205172 secs] [Times: user=0.03 sys=0.00, real=0.02 secs] 
706.554: [GC (Allocation Failure) [PSYoungGen: 418964K->84691K(465920K)] 1097937K->763937K(1268736K), 0.0173225 secs] [Times: user=0.03 sys=0.00, real=0.02 secs] 
707.411: [GC (Allocation Failure) [PSYoungGen: 317651K->51886K(465920K)] 996897K->731438K(1268736K), 0.0093086 secs] [Times: user=0.02 sys=0.00, real=0.01 secs] 
707.760: [GC (Allocation Failure) [PSYoungGen: 284846K->186261K(465920K)] 964398K->867059K(1268736K), 0.0206773 secs] [Times: user=0.03 sys=0.00, real=0.02 secs] 
708.046: [GC (Allocation Failure) [PSYoungGen: 419221K->184687K(465920K)] 1100019K->865757K(1268736K), 0.0203354 secs] [Times: user=0.02 sys=0.00, real=0.02 secs] 
709.804: [GC (Allocation Failure) [PSYoungGen: 417647K->59500K(465920K)] 1098717K->740836K(1268736K), 0.0173058 secs] [Times: user=0.03 sys=0.00, real=0.02 secs] 
711.315: [GC (Allocation Failure) [PSYoungGen: 292460K->76206K(465920K)] 973796K->757852K(1268736K), 0.0094108 secs] [Times: user=0.02 sys=0.00, real=0.01 secs] 
711.588: [GC (Allocation Failure) [PSYoungGen: 309166K->184333K(465920K)] 990812K->867232K(1268736K), 0.0203233 secs] [Times: user=0.02 sys=0.00, real=0.02 secs] 
711.877: [GC (Allocation Failure) [PSYoungGen: 417293K->184269K(465920K)] 1100192K->867570K(1268736K), 0.0204795 secs] [Times: user=0.03 sys=0.00, real=0.02 secs] 
712.710: [GC (Allocation Failure) [PSYoungGen: 417229K->37555K(465920K)] 1100530K->721121K(1268736K), 0.0101354 secs] [Times: user=0.02 sys=0.00, real=0.01 secs] 
713.362: [GC (Allocation Failure) [PSYoungGen: 270515K->98732K(465920K)] 954081K->782491K(1268736K), 0.0117611 secs] [Times: user=0.02 sys=0.00, real=0.01 secs] 
713.640: [GC (Allocation Failure) [PSYoungGen: 331692K->184269K(465920K)] 1015451K->869281K(1268736K), 0.0206080 secs] [Times: user=0.03 sys=0.00, real=0.02 secs] 
713.928: [GC (Allocation Failure) [PSYoungGen: 417229K->184366K(465920K)] 1102241K->869804K(1268736K), 0.0204359 secs] [Times: user=0.03 sys=0.00, real=0.02 secs] 
716.978: [GC (Allocation Failure) [PSYoungGen: 417326K->15031K(465920K)] 1102764K->700606K(1268736K), 0.0060862 secs] [Times: user=0.02 sys=0.00, real=0.01 secs] 
718.340: [GC (Allocation Failure) [PSYoungGen: 247991K->121095K(465920K)] 933566K->806984K(1268736K), 0.0140134 secs] [Times: user=0.02 sys=0.00, real=0.01 secs] 
718.618: [GC (Allocation Failure) [PSYoungGen: 354055K->184173K(465920K)] 1039944K->871315K(1268736K), 0.0204332 secs] [Times: user=0.03 sys=0.00, real=0.02 secs] 
718.954: [GC (Allocation Failure) [PSYoungGen: 417133K->178026K(465920K)] 1104275K->865441K(1268736K), 0.0198071 secs] [Times: user=0.02 sys=0.00, real=0.02 secs] 
720.149: [GC (Allocation Failure) [PSYoungGen: 410986K->96K(465920K)] 1098401K->688955K(1268736K), 0.0039390 secs] [Times: user=0.02 sys=0.00, real=0.01 secs] 
720.918: [GC (Allocation Failure) [PSYoungGen: 233056K->143490K(465920K)] 921915K->832374K(1268736K), 0.0163402 secs] [Times: user=0.03 sys=0.00, real=0.02 secs] 
721.197: [GC (Allocation Failure) [PSYoungGen: 376450K->184333K(465920K)] 1065334K->874470K(1268736K), 0.0209356 secs] [Times: user=0.02 sys=0.00, real=0.02 secs] 
721.917: [GC (Allocation Failure) [PSYoungGen: 417293K->162670K(465920K)] 1107430K->853072K(1268736K), 0.0231561 secs] [Times: user=0.03 sys=0.00, real=0.03 secs] 
724.602: [GC (Allocation Failure) [PSYoungGen: 395630K->160K(465920K)] 1086032K->692001K(1268736K), 0.0034155 secs] [Times: user=0.02 sys=0.00, real=0.00 secs] 
725.083: [GC (Allocation Failure) [PSYoungGen: 233120K->165468K(465920K)] 924961K->857350K(1268736K), 0.0184629 secs] [Times: user=0.03 sys=0.00, real=0.02 secs] 
725.365: [GC (Allocation Failure) [PSYoungGen: 398428K->184333K(465920K)] 1090310K->877581K(1268736K), 0.0202891 secs] [Times: user=0.02 sys=0.00, real=0.02 secs] 
726.160: [GC (Allocation Failure) [PSYoungGen: 415679K->140677K(465920K)] 1108927K->834077K(1268736K), 0.0184150 secs] [Times: user=0.03 sys=0.00, real=0.01 secs] 
728.677: [GC (Allocation Failure) [PSYoungGen: 373637K->1152K(465920K)] 1067037K->694860K(1268736K), 0.0035524 secs] [Times: user=0.02 sys=0.01, real=0.01 secs] 
729.077: [GC (Allocation Failure) [PSYoungGen: 234112K->184651K(465920K)] 927820K->879415K(1268736K), 0.0204021 secs] [Times: user=0.03 sys=0.00, real=0.02 secs] 
729.361: [GC (Allocation Failure) [PSYoungGen: 417611K->184655K(465920K)] 1112375K->879624K(1268736K), 0.0204703 secs] [Times: user=0.03 sys=0.00, real=0.02 secs] 
730.048: [GC (Allocation Failure) [PSYoungGen: 417615K->128257K(465920K)] 1112584K->823629K(1268736K), 0.0207295 secs] [Times: user=0.04 sys=0.00, real=0.02 secs] 
731.741: [GC (Allocation Failure) [PSYoungGen: 361217K->24478K(465920K)] 1056589K->720027K(1268736K), 0.0056368 secs] [Times: user=0.02 sys=0.00, real=0.00 secs] 
732.041: [GC (Allocation Failure) [PSYoungGen: 257438K->186389K(465920K)] 952987K->883192K(1268736K), 0.0206246 secs] [Times: user=0.02 sys=0.00, real=0.02 secs] 
732.326: [GC (Allocation Failure) [PSYoungGen: 419349K->184783K(465920K)] 1116152K->881858K(1268736K), 0.0203672 secs] [Times: user=0.03 sys=0.00, real=0.02 secs] 
732.998: [GC (Allocation Failure) [PSYoungGen: 417743K->103067K(465920K)] 1114818K->800407K(1268736K), 0.0128950 secs] [Times: user=0.02 sys=0.00, real=0.02 secs] 
734.600: [GC (Allocation Failure) [PSYoungGen: 336027K->49090K(465920K)] 1033367K->746752K(1268736K), 0.0082173 secs] [Times: user=0.01 sys=0.00, real=0.00 secs] 
734.889: [GC (Allocation Failure) [PSYoungGen: 282050K->186389K(465920K)] 979712K->885434K(1268736K), 0.0207535 secs] [Times: user=0.03 sys=0.00, real=0.03 secs] 
735.180: [GC (Allocation Failure) [PSYoungGen: 419349K->186004K(465920K)] 1118394K->885321K(1268736K), 0.0205744 secs] [Times: user=0.03 sys=0.00, real=0.02 secs] 
735.904: [GC (Allocation Failure) [PSYoungGen: 418964K->60978K(465920K)] 1118281K->760432K(1268736K), 0.0109074 secs] [Times: user=0.02 sys=0.00, real=0.01 secs] 
736.883: [GC (Allocation Failure) [PSYoungGen: 293938K->75309K(465920K)] 993392K->775087K(1268736K), 0.0094681 secs] [Times: user=0.02 sys=0.00, real=0.01 secs] 
737.159: [GC (Allocation Failure) [PSYoungGen: 308269K->186389K(465920K)] 1008047K->887550K(1268736K), 0.0206784 secs] [Times: user=0.03 sys=0.00, real=0.03 secs] 
737.449: [GC (Allocation Failure) [PSYoungGen: 419349K->186100K(465920K)] 1120510K->887405K(1268736K), 0.0206687 secs] [Times: user=0.02 sys=0.00, real=0.02 secs] 
738.461: [GC (Allocation Failure) [PSYoungGen: 419060K->34599K(465920K)] 1120365K->736169K(1268736K), 0.0072225 secs] [Times: user=0.02 sys=0.00, real=0.00 secs] 
739.597: [GC (Allocation Failure) [PSYoungGen: 267559K->102103K(465920K)] 969129K->803987K(1268736K), 0.0121096 secs] [Times: user=0.02 sys=0.00, real=0.01 secs] 
739.874: [GC (Allocation Failure) [PSYoungGen: 335063K->186132K(465920K)] 1036947K->889270K(1268736K), 0.0207676 secs] [Times: user=0.02 sys=0.00, real=0.02 secs] 
740.211: [GC (Allocation Failure) [PSYoungGen: 419092K->185811K(465920K)] 1122230K->889350K(1268736K), 0.0206133 secs] [Times: user=0.02 sys=0.00, real=0.02 secs] 
741.239: [GC (Allocation Failure) [PSYoungGen: 418771K->8348K(465920K)] 1122310K->712023K(1268736K), 0.0034240 secs] [Times: user=0.01 sys=0.00, real=0.01 secs] 
742.354: [GC (Allocation Failure) [PSYoungGen: 241308K->127747K(465920K)] 944983K->831736K(1268736K), 0.0146647 secs] [Times: user=0.02 sys=0.00, real=0.01 secs] 
742.691: [GC (Allocation Failure) [PSYoungGen: 360707K->184205K(465920K)] 1064696K->889576K(1268736K), 0.0204639 secs] [Times: user=0.02 sys=0.00, real=0.02 secs] 
743.947: [GC (Allocation Failure) [PSYoungGen: 417165K->172319K(465920K)] 1122536K->877835K(1268736K), 0.0507940 secs] [Times: user=0.09 sys=0.00, real=0.05 secs] 
745.142: [GC (Allocation Failure) [PSYoungGen: 405279K->96K(465920K)] 1110795K->707063K(1268736K), 0.0026166 secs] [Times: user=0.01 sys=0.00, real=0.00 secs] 
745.615: [GC (Allocation Failure) [PSYoungGen: 233056K->149239K(465920K)] 940023K->856223K(1268736K), 0.0167838 secs] [Times: user=0.02 sys=0.00, real=0.02 secs] 
745.895: [GC (Allocation Failure) [PSYoungGen: 382199K->184590K(465920K)] 1089183K->892819K(1268736K), 0.0206277 secs] [Times: user=0.03 sys=0.00, real=0.02 secs] 
746.403: [GC (Allocation Failure) [PSYoungGen: 417550K->156598K(465920K)] 1125779K->865100K(1268736K), 0.0206344 secs] [Times: user=0.03 sys=0.00, real=0.02 secs] 
747.394: [GC (Allocation Failure) [PSYoungGen: 389558K->96K(465920K)] 1098060K->710043K(1268736K), 0.0025645 secs] [Times: user=0.01 sys=0.00, real=0.00 secs] 
747.763: [GC (Allocation Failure) [PSYoungGen: 233056K->172087K(465920K)] 943003K->882043K(1268736K), 0.0190268 secs] [Times: user=0.03 sys=0.00, real=0.02 secs] 
748.045: [GC (Allocation Failure) [PSYoungGen: 405047K->184462K(465920K)] 1115003K->895663K(1268736K), 0.0204124 secs] [Times: user=0.03 sys=0.00, real=0.02 secs] 
748.821: [GC (Allocation Failure) [PSYoungGen: 409450K->133865K(465920K)] 1120652K->845340K(1268736K), 0.0170226 secs] [Times: user=0.03 sys=0.00, real=0.01 secs] 
751.154: [GC (Allocation Failure) [PSYoungGen: 366825K->1601K(465920K)] 1078300K->713383K(1268736K), 0.0031238 secs] [Times: user=0.01 sys=0.00, real=0.00 secs] 
751.461: [GC (Allocation Failure) [PSYoungGen: 234561K->184847K(465920K)] 946343K->897875K(1268736K), 0.0203997 secs] [Times: user=0.02 sys=0.00, real=0.02 secs] 
751.746: [GC (Allocation Failure) [PSYoungGen: 417807K->184719K(465920K)] 1130835K->898148K(1268736K), 0.0204587 secs] [Times: user=0.03 sys=0.00, real=0.02 secs] 
752.649: [GC (Allocation Failure) [PSYoungGen: 417679K->127647K(465920K)] 1131108K->841221K(1268736K), 0.0167745 secs] [Times: user=0.03 sys=0.00, real=0.02 secs] 
754.496: [GC (Allocation Failure) [PSYoungGen: 360607K->24510K(465920K)] 1074181K->738390K(1268736K), 0.0055293 secs] [Times: user=0.02 sys=0.00, real=0.01 secs] 
754.780: [GC (Allocation Failure) [PSYoungGen: 257470K->183819K(465920K)] 971350K->898952K(1268736K), 0.0203831 secs] [Times: user=0.03 sys=0.00, real=0.02 secs] 
755.063: [GC (Allocation Failure) [PSYoungGen: 416779K->184301K(465920K)] 1131912K->899715K(1268736K), 0.0204286 secs] [Times: user=0.03 sys=0.00, real=0.02 secs] 
756.739: [GC (Allocation Failure) [PSYoungGen: 417261K->106199K(465920K)] 1132675K->821879K(1268736K), 0.0252938 secs] [Times: user=0.05 sys=0.00, real=0.03 secs] 
758.443: [GC (Allocation Failure) [PSYoungGen: 339159K->46231K(465920K)] 1054839K->762224K(1268736K), 0.0090084 secs] [Times: user=0.02 sys=0.00, real=0.01 secs] 
758.758: [GC (Allocation Failure) [PSYoungGen: 279191K->184205K(465920K)] 995184K->901451K(1268736K), 0.0204583 secs] [Times: user=0.03 sys=0.00, real=0.02 secs] 
759.045: [GC (Allocation Failure) [PSYoungGen: 417165K->184044K(465920K)] 1134411K->901564K(1268736K), 0.0205996 secs] [Times: user=0.03 sys=0.00, real=0.02 secs] 
760.451: [GC (Allocation Failure) [PSYoungGen: 417004K->67886K(465920K)] 1134524K->785671K(1268736K), 0.0208319 secs] [Times: user=0.04 sys=0.00, real=0.02 secs] 
762.659: [GC (Allocation Failure) [PSYoungGen: 300846K->67662K(465920K)] 1018631K->785753K(1268736K), 0.0105211 secs] [Times: user=0.02 sys=0.00, real=0.01 secs] 
763.025: [GC (Allocation Failure) [PSYoungGen: 300622K->184173K(465920K)] 1018713K->903509K(1268736K), 0.0203034 secs] [Times: user=0.03 sys=0.00, real=0.02 secs] 
763.306: [GC (Allocation Failure) [PSYoungGen: 417133K->183884K(465920K)] 1136469K->903493K(1268736K), 0.0217303 secs] [Times: user=0.03 sys=0.00, real=0.02 secs] 
765.364: [GC (Allocation Failure) [PSYoungGen: 416844K->46535K(465920K)] 1136453K->766409K(1268736K), 0.0173716 secs] [Times: user=0.04 sys=0.00, real=0.02 secs] 
766.910: [GC (Allocation Failure) [PSYoungGen: 279495K->89190K(465920K)] 999369K->809377K(1268736K), 0.0106673 secs] [Times: user=0.02 sys=0.00, real=0.01 secs] 
767.184: [GC (Allocation Failure) [PSYoungGen: 322150K->184205K(465920K)] 1042337K->905638K(1268736K), 0.0203130 secs] [Times: user=0.03 sys=0.00, real=0.02 secs] 
767.467: [GC (Allocation Failure) [PSYoungGen: 417165K->184430K(465920K)] 1138598K->906144K(1268736K), 0.0203768 secs] [Times: user=0.02 sys=0.00, real=0.02 secs] 
768.953: [GC (Allocation Failure) [PSYoungGen: 417390K->24510K(465920K)] 1139104K->746489K(1268736K), 0.0074689 secs] [Times: user=0.02 sys=0.00, real=0.01 secs] 
770.040: [GC (Allocation Failure) [PSYoungGen: 257470K->111970K(465920K)] 979449K->834273K(1268736K), 0.0130252 secs] [Times: user=0.02 sys=0.00, real=0.01 secs] 
770.375: [GC (Allocation Failure) [PSYoungGen: 344930K->184430K(465920K)] 1067233K->907979K(1268736K), 0.0204322 secs] [Times: user=0.03 sys=0.00, real=0.02 secs] 
770.718: [GC (Allocation Failure) [PSYoungGen: 417390K->184590K(465920K)] 1140939K->908412K(1268736K), 0.0206167 secs] [Times: user=0.03 sys=0.00, real=0.02 secs] 
771.671: [GC (Allocation Failure) [PSYoungGen: 417550K->1376K(465920K)] 1141372K->725342K(1268736K), 0.0028228 secs] [Times: user=0.01 sys=0.00, real=0.00 secs] 
772.152: [GC (Allocation Failure) [PSYoungGen: 234336K->134879K(465920K)] 958302K->859035K(1268736K), 0.0154281 secs] [Times: user=0.02 sys=0.00, real=0.01 secs] 
772.491: [GC (Allocation Failure) [PSYoungGen: 367839K->184847K(465920K)] 1091995K->910241K(1268736K), 0.0207708 secs] [Times: user=0.03 sys=0.00, real=0.02 secs] 
774.442: [GC (Allocation Failure) [PSYoungGen: 417807K->164559K(465920K)] 1143201K->890347K(1268736K), 0.0480318 secs] [Times: user=0.07 sys=0.00, real=0.05 secs] 
776.700: [GC (Allocation Failure) [PSYoungGen: 397519K->64K(465920K)] 1123307K->727142K(1268736K), 0.0028644 secs] [Times: user=0.01 sys=0.00, real=0.00 secs] 
777.300: [GC (Allocation Failure) [PSYoungGen: 233024K->157853K(465920K)] 960102K->884939K(1268736K), 0.0176774 secs] [Times: user=0.03 sys=0.00, real=0.01 secs] 
777.640: [GC (Allocation Failure) [PSYoungGen: 390813K->184333K(465920K)] 1117899K->912802K(1268736K), 0.0204830 secs] [Times: user=0.03 sys=0.00, real=0.02 secs] 
778.393: [GC (Allocation Failure) [PSYoungGen: 417293K->148212K(465920K)] 1145762K->876817K(1268736K), 0.0236322 secs] [Times: user=0.04 sys=0.00, real=0.02 secs] 
780.295: [GC (Allocation Failure) [PSYoungGen: 381172K->64K(465920K)] 1109777K->730080K(1268736K), 0.0033614 secs] [Times: user=0.02 sys=0.00, real=0.00 secs] 
780.649: [GC (Allocation Failure) [PSYoungGen: 233024K->182465K(465920K)] 963040K->912506K(1268736K), 0.0200040 secs] [Times: user=0.03 sys=0.00, real=0.02 secs] 
780.938: [GC (Allocation Failure) [PSYoungGen: 415425K->184847K(465920K)] 1145466K->916134K(1268736K), 0.0204343 secs] [Times: user=0.02 sys=0.00, real=0.02 secs] 
782.961: [GC (Allocation Failure) [PSYoungGen: 417807K->131374K(465920K)] 1149094K->862933K(1268736K), 0.0185215 secs] [Times: user=0.03 sys=0.00, real=0.01 secs] 
784.082: [GC (Allocation Failure) [PSYoungGen: 364214K->20912K(465920K)] 1095774K->752785K(1268736K), 0.0047227 secs] [Times: user=0.02 sys=0.00, real=0.00 secs] 
784.440: [GC (Allocation Failure) [PSYoungGen: 253872K->186357K(465920K)] 985745K->919492K(1268736K), 0.0205441 secs] [Times: user=0.03 sys=0.00, real=0.02 secs] 
784.728: [GC (Allocation Failure) [PSYoungGen: 419317K->186004K(465920K)] 1152452K->919548K(1268736K), 0.0207282 secs] [Times: user=0.02 sys=0.00, real=0.02 secs] 
785.966: [GC (Allocation Failure) [PSYoungGen: 418964K->105573K(465920K)] 1152508K->839261K(1268736K), 0.0175734 secs] [Times: user=0.04 sys=0.00, real=0.02 secs] 
787.133: [GC (Allocation Failure) [PSYoungGen: 338533K->47291K(465920K)] 1072221K->781297K(1268736K), 0.0065756 secs] [Times: user=0.01 sys=0.00, real=0.01 secs] 
787.465: [GC (Allocation Failure) [PSYoungGen: 280251K->186261K(465920K)] 1014257K->921521K(1268736K), 0.0206168 secs] [Times: user=0.03 sys=0.00, real=0.02 secs] 
787.749: [GC (Allocation Failure) [PSYoungGen: 419221K->184687K(465920K)] 1154481K->920220K(1268736K), 0.0204750 secs] [Times: user=0.03 sys=0.00, real=0.03 secs] 
788.627: [GC (Allocation Failure) [PSYoungGen: 417647K->64159K(465920K)] 1153180K->799957K(1268736K), 0.0096997 secs] [Times: user=0.02 sys=0.00, real=0.01 secs] 
789.767: [GC (Allocation Failure) [PSYoungGen: 297119K->71710K(465920K)] 1032917K->807830K(1268736K), 0.0089999 secs] [Times: user=0.02 sys=0.00, real=0.01 secs] 
790.039: [GC (Allocation Failure) [PSYoungGen: 304670K->184333K(465920K)] 1040790K->921707K(1268736K), 0.0205288 secs] [Times: user=0.02 sys=0.00, real=0.02 secs] 
790.394: [GC (Allocation Failure) [PSYoungGen: 417293K->184301K(465920K)] 1154667K->921948K(1268736K), 0.0203857 secs] [Times: user=0.03 sys=0.00, real=0.02 secs] 
792.021: [GC (Allocation Failure) [PSYoungGen: 417261K->42005K(465920K)] 1154908K->780045K(1268736K), 0.0155956 secs] [Times: user=0.04 sys=0.00, real=0.01 secs] 
792.878: [GC (Allocation Failure) [PSYoungGen: 274933K->93977K(465920K)] 1012974K->832204K(1268736K), 0.0113595 secs] [Times: user=0.02 sys=0.00, real=0.01 secs] 
793.153: [GC (Allocation Failure) [PSYoungGen: 326937K->184205K(465920K)] 1065164K->923686K(1268736K), 0.0203453 secs] [Times: user=0.02 sys=0.00, real=0.02 secs] 
793.437: [GC (Allocation Failure) [PSYoungGen: 417165K->184430K(465920K)] 1156646K->924312K(1268736K), 0.0204687 secs] [Times: user=0.03 sys=0.00, real=0.02 secs] 
794.607: [GC (Allocation Failure) [PSYoungGen: 417390K->19786K(465920K)] 1157272K->759822K(1268736K), 0.0072212 secs] [Times: user=0.03 sys=0.00, real=0.01 secs] 
795.495: [GC (Allocation Failure) [PSYoungGen: 252746K->116597K(465920K)] 992782K->856948K(1268736K), 0.0135809 secs] [Times: user=0.02 sys=0.00, real=0.01 secs] 
795.772: [GC (Allocation Failure) [PSYoungGen: 349557K->184205K(465920K)] 1089908K->925809K(1268736K), 0.0204990 secs] [Times: user=0.02 sys=0.00, real=0.02 secs] 
796.058: [GC (Allocation Failure) [PSYoungGen: 417165K->181468K(465920K)] 1158769K->923354K(1268736K), 0.0202616 secs] [Times: user=0.02 sys=0.00, real=0.02 secs] 
798.676: [GC (Allocation Failure) [PSYoungGen: 414428K->128K(465920K)] 1156314K->743405K(1268736K), 0.0039521 secs] [Times: user=0.02 sys=0.00, real=0.01 secs] 
799.484: [GC (Allocation Failure) [PSYoungGen: 233088K->136101K(465920K)] 976365K->879450K(1268736K), 0.0155329 secs] [Times: user=0.02 sys=0.00, real=0.02 secs] 
799.832: [GC (Allocation Failure) [PSYoungGen: 369061K->184462K(465920K)] 1112410K->929185K(1268736K), 0.0206021 secs] [Times: user=0.03 sys=0.00, real=0.02 secs] 
800.405: [GC (Allocation Failure) [PSYoungGen: 417422K->165756K(465920K)] 1162145K->910624K(1268736K), 0.0283982 secs] [Times: user=0.05 sys=0.00, real=0.03 secs] 
802.074: [GC (Allocation Failure) [PSYoungGen: 398716K->96K(465920K)] 1143584K->746401K(1268736K), 0.0029022 secs] [Times: user=0.01 sys=0.00, real=0.00 secs] 
802.462: [GC (Allocation Failure) [PSYoungGen: 233056K->158817K(465920K)] 979361K->905130K(1268736K), 0.0178753 secs] [Times: user=0.03 sys=0.00, real=0.02 secs] 
802.744: [GC (Allocation Failure) [PSYoungGen: 391777K->184333K(465920K)] 1138090K->932029K(1268736K), 0.0205218 secs] [Times: user=0.03 sys=0.00, real=0.02 secs] 
803.399: [GC (Allocation Failure) [PSYoungGen: 417293K->147376K(465920K)] 1164989K->895216K(1268736K), 0.0174048 secs] [Times: user=0.03 sys=0.00, real=0.02 secs] 
805.071: [GC (Allocation Failure) [PSYoungGen: 380336K->64K(465920K)] 1128176K->749347K(1268736K), 0.0030185 secs] [Times: user=0.02 sys=0.00, real=0.00 secs] 
805.469: [GC (Allocation Failure) [PSYoungGen: 233024K->182979K(465920K)] 982307K->932287K(1268736K), 0.0237679 secs] [Times: user=0.03 sys=0.00, real=0.03 secs] 
805.763: [GC (Allocation Failure) [PSYoungGen: 415939K->186132K(465920K)] 1165247K->936686K(1268736K), 0.0207719 secs] [Times: user=0.03 sys=0.00, real=0.02 secs] 
806.742: [GC (Allocation Failure) [PSYoungGen: 419092K->129606K(465920K)] 1169646K->880433K(1268736K), 0.0231984 secs] [Times: user=0.04 sys=0.00, real=0.02 secs] 
808.371: [GC (Allocation Failure) [PSYoungGen: 362566K->24221K(465920K)] 1113393K->775361K(1268736K), 0.0054872 secs] [Times: user=0.01 sys=0.00, real=0.00 secs] 
808.659: [GC (Allocation Failure) [PSYoungGen: 257181K->185747K(465920K)] 1008321K->938261K(1268736K), 0.0207682 secs] [Times: user=0.02 sys=0.00, real=0.03 secs] 
809.004: [GC (Allocation Failure) [PSYoungGen: 418707K->185875K(465920K)] 1171221K->938542K(1268736K), 0.0211054 secs] [Times: user=0.03 sys=0.00, real=0.02 secs] 
810.222: [GC (Allocation Failure) [PSYoungGen: 418835K->102938K(465920K)] 1171502K->855878K(1268736K), 0.0318273 secs] [Times: user=0.06 sys=0.00, real=0.03 secs] 
812.863: [GC (Allocation Failure) [PSYoungGen: 335898K->50440K(465920K)] 1088838K->803694K(1268736K), 0.0096057 secs] [Times: user=0.02 sys=0.00, real=0.01 secs] 
813.171: [GC (Allocation Failure) [PSYoungGen: 283400K->185715K(465920K)] 1036654K->940214K(1268736K), 0.0207465 secs] [Times: user=0.03 sys=0.00, real=0.02 secs] 
813.462: [GC (Allocation Failure) [PSYoungGen: 418675K->185907K(465920K)] 1173174K->940680K(1268736K), 0.0205038 secs] [Times: user=0.03 sys=0.00, real=0.02 secs] 
814.649: [GC (Allocation Failure) [PSYoungGen: 418867K->60335K(465920K)] 1173640K->815397K(1268736K), 0.0093285 secs] [Times: user=0.01 sys=0.00, real=0.01 secs] 
815.362: [GC (Allocation Failure) [PSYoungGen: 293295K->76337K(465920K)] 1048357K->831720K(1268736K), 0.0095208 secs] [Times: user=0.02 sys=0.00, real=0.01 secs] 
815.636: [GC (Allocation Failure) [PSYoungGen: 309297K->185875K(465920K)] 1064680K->942504K(1268736K), 0.0206168 secs] [Times: user=0.03 sys=0.00, real=0.02 secs] 
815.985: [GC (Allocation Failure) [PSYoungGen: 418835K->184462K(465920K)] 1175464K->941371K(1268736K), 0.0205426 secs] [Times: user=0.02 sys=0.00, real=0.02 secs] 
818.690: [GC (Allocation Failure) [PSYoungGen: 417422K->35739K(465920K)] 1174331K->792922K(1268736K), 0.0110743 secs] [Times: user=0.03 sys=0.00, real=0.01 secs] 
820.046: [GC (Allocation Failure) [PSYoungGen: 268699K->100018K(465920K)] 1025882K->857510K(1268736K), 0.0118700 secs] [Times: user=0.02 sys=0.00, real=0.01 secs] 
820.322: [GC (Allocation Failure) [PSYoungGen: 332978K->184076K(465920K)] 1090470K->942823K(1268736K), 0.0206715 secs] [Times: user=0.02 sys=0.00, real=0.02 secs] 
820.661: [GC (Allocation Failure) [PSYoungGen: 417036K->184012K(465920K)] 1175783K->943032K(1268736K), 0.0206181 secs] [Times: user=0.03 sys=0.00, real=0.02 secs] 
821.645: [GC (Allocation Failure) [PSYoungGen: 416972K->14292K(465920K)] 1175992K->773713K(1268736K), 0.0042322 secs] [Times: user=0.02 sys=0.00, real=0.01 secs] 
822.181: [GC (Allocation Failure) [PSYoungGen: 247252K->121867K(465920K)] 1006673K->881481K(1268736K), 0.0141578 secs] [Times: user=0.02 sys=0.00, real=0.01 secs] 
822.459: [GC (Allocation Failure) [PSYoungGen: 354827K->184976K(465920K)] 1114441K->945844K(1268736K), 0.0205039 secs] [Times: user=0.03 sys=0.00, real=0.02 secs] 
823.144: [GC (Allocation Failure) [PSYoungGen: 417936K->176452K(465920K)] 1178804K->937601K(1268736K), 0.0327740 secs] [Times: user=0.05 sys=0.00, real=0.03 secs] 
825.222: [GC (Allocation Failure) [PSYoungGen: 409412K->64K(465920K)] 1170561K->762644K(1268736K), 0.0030382 secs] [Times: user=0.01 sys=0.00, real=0.00 secs] 
825.902: [GC (Allocation Failure) [PSYoungGen: 232931K->143812K(465920K)] 995511K->906409K(1268736K), 0.0163553 secs] [Times: user=0.02 sys=0.00, real=0.01 secs] 
826.190: [GC (Allocation Failure) [PSYoungGen: 376772K->184205K(465920K)] 1139369K->948055K(1268736K), 0.0207059 secs] [Times: user=0.03 sys=0.00, real=0.02 secs] 
826.810: [GC (Allocation Failure) [PSYoungGen: 417165K->162413K(465920K)] 1181015K->926537K(1268736K), 0.0212191 secs] [Times: user=0.04 sys=0.00, real=0.02 secs] 
827.881: [GC (Allocation Failure) [PSYoungGen: 395373K->64K(465920K)] 1159497K->765615K(1268736K), 0.0031467 secs] [Times: user=0.02 sys=0.00, real=0.00 secs] 
828.369: [GC (Allocation Failure) [PSYoungGen: 233024K->168360K(465920K)] 998575K->933943K(1268736K), 0.0186866 secs] [Times: user=0.02 sys=0.00, real=0.02 secs] 
828.659: [GC (Allocation Failure) [PSYoungGen: 401320K->186132K(465920K)] 1166903K->952969K(1268736K), 0.0206371 secs] [Times: user=0.03 sys=0.00, real=0.02 secs] 
829.549: [GC (Allocation Failure) [PSYoungGen: 411272K->135890K(465920K)] 1178109K->902999K(1268736K), 0.0185821 secs] [Times: user=0.03 sys=0.00, real=0.02 secs] 
830.774: [GC (Allocation Failure) [PSYoungGen: 368850K->1601K(465920K)] 1135959K->769011K(1268736K), 0.0028650 secs] [Times: user=0.01 sys=0.00, real=0.00 secs] 
831.065: [GC (Allocation Failure) [PSYoungGen: 234561K->184333K(465920K)] 1001971K->952996K(1268736K), 0.0203634 secs] [Times: user=0.03 sys=0.00, real=0.02 secs] 
831.349: [GC (Allocation Failure) [PSYoungGen: 417293K->184558K(465920K)] 1185956K->953494K(1268736K), 0.0205780 secs] [Times: user=0.03 sys=0.01, real=0.02 secs] 
832.523: [GC (Allocation Failure) [PSYoungGen: 417518K->128257K(465920K)] 1186454K->897458K(1268736K), 0.0357616 secs] [Times: user=0.07 sys=0.00, real=0.03 secs] 
834.574: [GC (Allocation Failure) [PSYoungGen: 361217K->24282K(465920K)] 1130418K->793783K(1268736K), 0.0058764 secs] [Times: user=0.02 sys=0.00, real=0.01 secs] 
834.869: [GC (Allocation Failure) [PSYoungGen: 257242K->186261K(465920K)] 1026743K->957015K(1268736K), 0.0207250 secs] [Times: user=0.03 sys=0.00, real=0.03 secs] 
835.233: [GC (Allocation Failure) [PSYoungGen: 419221K->185972K(465920K)] 1189975K->957007K(1268736K), 0.0206292 secs] [Times: user=0.03 sys=0.01, real=0.02 secs] 
836.816: [GC (Allocation Failure) [PSYoungGen: 418932K->102311K(465920K)] 1189967K->873620K(1268736K), 0.0184379 secs] [Times: user=0.04 sys=0.00, real=0.02 secs] 
838.654: [GC (Allocation Failure) [PSYoungGen: 335271K->49829K(465920K)] 1106580K->821446K(1268736K), 0.0081626 secs] [Times: user=0.02 sys=0.00, real=0.01 secs] 
838.937: [GC (Allocation Failure) [PSYoungGen: 282789K->186261K(465920K)] 1054406K->959131K(1268736K), 0.0208310 secs] [Times: user=0.03 sys=0.00, real=0.02 secs] 
839.223: [GC (Allocation Failure) [PSYoungGen: 419221K->184655K(465920K)] 1192091K->957806K(1268736K), 0.0207117 secs] [Times: user=0.03 sys=0.00, real=0.02 secs] 
841.169: [GC (Allocation Failure) [PSYoungGen: 417615K->61589K(465920K)] 1190766K->835005K(1268736K), 0.0158947 secs] [Times: user=0.03 sys=0.00, real=0.02 secs] 
843.154: [GC (Allocation Failure) [PSYoungGen: 294549K->74567K(465920K)] 1067965K->848305K(1268736K), 0.0094798 secs] [Times: user=0.02 sys=0.00, real=0.01 secs] 
843.430: [GC (Allocation Failure) [PSYoungGen: 307527K->186389K(465920K)] 1081265K->961501K(1268736K), 0.0206617 secs] [Times: user=0.03 sys=0.00, real=0.02 secs] 
843.722: [GC (Allocation Failure) [PSYoungGen: 419349K->186132K(465920K)] 1194461K->961405K(1268736K), 0.0206673 secs] [Times: user=0.03 sys=0.00, real=0.02 secs] 
845.710: [GC (Allocation Failure) [PSYoungGen: 419092K->35370K(465920K)] 1194365K->811044K(1268736K), 0.0093230 secs] [Times: user=0.02 sys=0.01, real=0.01 secs] 
847.305: [GC (Allocation Failure) [PSYoungGen: 268330K->101688K(465920K)] 1044004K->877541K(1268736K), 0.0122824 secs] [Times: user=0.02 sys=0.00, real=0.01 secs] 
847.639: [GC (Allocation Failure) [PSYoungGen: 334648K->185683K(465920K)] 1110501K->962918K(1268736K), 0.0206940 secs] [Times: user=0.02 sys=0.00, real=0.03 secs] 
847.924: [GC (Allocation Failure) [PSYoungGen: 418643K->185779K(465920K)] 1195878K->963159K(1268736K), 0.0206279 secs] [Times: user=0.02 sys=0.00, real=0.02 secs] 
850.809: [GC (Allocation Failure) [PSYoungGen: 418739K->9119K(465920K)] 1196119K->786764K(1268736K), 0.0044455 secs] [Times: user=0.02 sys=0.01, real=0.00 secs] 
852.237: [GC (Allocation Failure) [PSYoungGen: 242079K->128421K(465920K)] 1019724K->906374K(1268736K), 0.0150016 secs] [Times: user=0.03 sys=0.00, real=0.02 secs] 
852.577: [GC (Allocation Failure) [PSYoungGen: 361381K->185972K(465920K)] 1139334K->965170K(1268736K), 0.0206215 secs] [Times: user=0.03 sys=0.00, real=0.02 secs] 
853.203: [GC (Allocation Failure) [PSYoungGen: 418932K->169893K(465920K)] 1198130K->949356K(1268736K), 0.0364747 secs] [Times: user=0.05 sys=0.00, real=0.03 secs] 
855.759: [GC (Allocation Failure) [PSYoungGen: 402853K->128K(465920K)] 1182316K->781034K(1268736K), 0.0056930 secs] [Times: user=0.03 sys=0.00, real=0.00 secs] 
856.743: [GC (Allocation Failure) [PSYoungGen: 233030K->153098K(465920K)] 1013937K->934045K(1268736K), 0.0175676 secs] [Times: user=0.03 sys=0.00, real=0.02 secs] 
857.092: [GC (Allocation Failure) [PSYoungGen: 386058K->186261K(465920K)] 1167005K->968453K(1268736K), 0.0207195 secs] [Times: user=0.03 sys=0.00, real=0.02 secs] 
858.538: [GC (Allocation Failure) [PSYoungGen: 419221K->151071K(465920K)] 1201413K->933537K(1268736K), 0.0318622 secs] [Times: user=0.05 sys=0.00, real=0.04 secs] 
860.674: [GC (Allocation Failure) [PSYoungGen: 384031K->64K(465920K)] 1166497K->783977K(1268736K), 0.0064973 secs] [Times: user=0.03 sys=0.00, real=0.01 secs] 
861.146: [GC (Allocation Failure) [PSYoungGen: 233024K->178127K(465920K)] 1016937K->962056K(1268736K), 0.0197006 secs] [Times: user=0.03 sys=0.00, real=0.02 secs] 
861.432: [GC (Allocation Failure) [PSYoungGen: 411087K->186389K(465920K)] 1195016K->971572K(1268736K), 0.0206537 secs] [Times: user=0.03 sys=0.00, real=0.02 secs] 
862.638: [GC (Allocation Failure) [PSYoungGen: 419349K->134201K(465920K)] 1204532K->919657K(1268736K), 0.0288928 secs] [Times: user=0.06 sys=0.00, real=0.03 secs] 
864.583: [GC (Allocation Failure) [PSYoungGen: 367161K->19241K(465920K)] 1152617K->805002K(1268736K), 0.0051590 secs] [Times: user=0.02 sys=0.00, real=0.00 secs] 
864.866: [GC (Allocation Failure) [PSYoungGen: 252201K->185683K(465920K)] 1037962K->972706K(1268736K), 0.0207983 secs] [Times: user=0.03 sys=0.00, real=0.02 secs] 
865.151: [GC (Allocation Failure) [PSYoungGen: 418643K->184430K(465920K)] 1205666K->971734K(1268736K), 0.0205484 secs] [Times: user=0.03 sys=0.00, real=0.02 secs] 
866.781: [GC (Allocation Failure) [PSYoungGen: 417390K->109396K(465920K)] 1204694K->897094K(1268736K), 0.0157203 secs] [Times: user=0.03 sys=0.00, real=0.01 secs] 
868.685: [GC (Allocation Failure) [PSYoungGen: 342356K->43885K(465920K)] 1130054K->831768K(1268736K), 0.0075066 secs] [Times: user=0.02 sys=0.00, real=0.01 secs] 
868.963: [GC (Allocation Failure) [PSYoungGen: 276845K->185875K(465920K)] 1064728K->975141K(1268736K), 0.0207557 secs] [Times: user=0.03 sys=0.00, real=0.02 secs] 
869.249: [GC (Allocation Failure) [PSYoungGen: 418835K->185811K(465920K)] 1208101K->975350K(1268736K), 0.0205572 secs] [Times: user=0.03 sys=0.00, real=0.02 secs] 
870.296: [GC (Allocation Failure) [PSYoungGen: 418771K->66729K(465920K)] 1208310K->856404K(1268736K), 0.0107093 secs] [Times: user=0.02 sys=0.00, real=0.01 secs] 
871.594: [GC (Allocation Failure) [PSYoungGen: 299689K->69783K(465920K)] 1089364K->859779K(1268736K), 0.0089799 secs] [Times: user=0.01 sys=0.00, real=0.01 secs] 
871.866: [GC (Allocation Failure) [PSYoungGen: 302743K->184462K(465920K)] 1092739K->975712K(1268736K), 0.0206357 secs] [Times: user=0.03 sys=0.00, real=0.02 secs] 
872.153: [GC (Allocation Failure) [PSYoungGen: 417422K->186229K(465920K)] 1208672K->977881K(1268736K), 0.0205881 secs] [Times: user=0.03 sys=0.00, real=0.02 secs] 
872.954: [GC (Allocation Failure) [PSYoungGen: 419189K->41924K(465920K)] 1210841K->833721K(1268736K), 0.0069364 secs] [Times: user=0.02 sys=0.00, real=0.01 secs] 
874.042: [GC (Allocation Failure) [PSYoungGen: 274807K->94038K(465920K)] 1066603K->886148K(1268736K), 0.0115002 secs] [Times: user=0.02 sys=0.00, real=0.01 secs] 
874.372: [GC (Allocation Failure) [PSYoungGen: 326998K->184012K(465920K)] 1119108K->977384K(1268736K), 0.0210831 secs] [Times: user=0.03 sys=0.00, real=0.02 secs] 
874.663: [GC (Allocation Failure) [PSYoungGen: 416972K->184590K(465920K)] 1210344K->978243K(1268736K), 0.0205724 secs] [Times: user=0.02 sys=0.00, real=0.02 secs] 
877.379: [GC (Allocation Failure) [PSYoungGen: 417550K->19850K(465920K)] 1211203K->813897K(1268736K), 0.0075154 secs] [Times: user=0.02 sys=0.00, real=0.01 secs] 
878.834: [GC (Allocation Failure) [PSYoungGen: 252810K->115986K(465920K)] 1046857K->910220K(1268736K), 0.0135496 secs] [Times: user=0.02 sys=0.00, real=0.01 secs] 
879.111: [GC (Allocation Failure) [PSYoungGen: 348946K->183819K(465920K)] 1143180K->979306K(1268736K), 0.0206789 secs] [Times: user=0.03 sys=0.00, real=0.02 secs] 
879.399: [GC (Allocation Failure) [PSYoungGen: 416779K->181249K(465920K)] 1212266K->977137K(1268736K), 0.0204712 secs] [Times: user=0.02 sys=0.00, real=0.02 secs] 
880.673: [GC (Allocation Failure) [PSYoungGen: 414209K->1344K(465920K)] 1210097K->797317K(1268736K), 0.0031237 secs] [Times: user=0.01 sys=0.00, real=0.00 secs] 
881.185: [GC (Allocation Failure) [PSYoungGen: 234304K->135490K(465920K)] 1030277K->931600K(1268736K), 0.0154748 secs] [Times: user=0.02 sys=0.00, real=0.02 secs] 
881.521: [GC (Allocation Failure) [PSYoungGen: 368450K->184558K(465920K)] 1164560K->981921K(1268736K), 0.0207210 secs] [Times: user=0.03 sys=0.00, real=0.02 secs] 
882.556: [GC (Allocation Failure) [PSYoungGen: 417518K->166286K(465920K)] 1214881K->964043K(1268736K), 0.0500335 secs] [Times: user=0.08 sys=0.00, real=0.05 secs] 
883.796: [GC (Allocation Failure) [PSYoungGen: 399246K->96K(465920K)] 1197003K->799165K(1268736K), 0.0029291 secs] [Times: user=0.01 sys=0.00, real=0.01 secs] 
884.329: [GC (Allocation Failure) [PSYoungGen: 233056K->158271K(465920K)] 1032125K->957381K(1268736K), 0.0176874 secs] [Times: user=0.02 sys=0.00, real=0.02 secs] 
884.618: [GC (Allocation Failure) [PSYoungGen: 391231K->184462K(465920K)] 1190341K->984817K(1268736K), 0.0205091 secs] [Times: user=0.03 sys=0.00, real=0.02 secs] 
885.621: [GC (Allocation Failure) [PSYoungGen: 417422K->147746K(465920K)] 1217777K->948366K(1268736K), 0.0234504 secs] [Times: user=0.04 sys=0.00, real=0.02 secs] 
886.853: [GC (Allocation Failure) [PSYoungGen: 380706K->96K(465920K)] 1181326K->802152K(1268736K), 0.0032710 secs] [Times: user=0.01 sys=0.00, real=0.00 secs] 
886.856: [Full GC (Ergonomics) [PSYoungGen: 96K->0K(465920K)] [ParOldGen: 802056K->330487K(807936K)] 802152K->330487K(1273856K), [Metaspace: 55635K->55635K(1101824K)], 0.0488067 secs] [Times: user=0.16 sys=0.01, real=0.05 secs] 
887.236: [GC (Allocation Failure) [PSYoungGen: 232960K->180923K(465920K)] 563447K->511410K(1273856K), 0.0195267 secs] [Times: user=0.02 sys=0.00, real=0.02 secs] 
887.525: [GC (Allocation Failure) [PSYoungGen: 413883K->184430K(465920K)] 744370K->516170K(1273856K), 0.0199572 secs] [Times: user=0.02 sys=0.00, real=0.02 secs] 
888.428: [GC (Allocation Failure) [PSYoungGen: 417390K->133318K(465920K)] 749130K->465324K(1273856K), 0.0168737 secs] [Times: user=0.03 sys=0.00, real=0.02 secs] 
891.017: [GC (Allocation Failure) [PSYoungGen: 366278K->5842K(465920K)] 698284K->338154K(1273856K), 0.0042589 secs] [Times: user=0.01 sys=0.00, real=0.01 secs] 
891.382: [GC (Allocation Failure) [PSYoungGen: 238802K->186357K(465920K)] 571114K->519907K(1273856K), 0.0202928 secs] [Times: user=0.03 sys=0.00, real=0.02 secs] 
891.731: [GC (Allocation Failure) [PSYoungGen: 419317K->186068K(465920K)] 752867K->519891K(1273856K), 0.0204045 secs] [Times: user=0.02 sys=0.00, real=0.02 secs] 
893.316: [GC (Allocation Failure) [PSYoungGen: 419028K->120481K(465920K)] 752851K->454697K(1273856K), 0.0239598 secs] [Times: user=0.04 sys=0.00, real=0.03 secs] 
894.873: [GC (Allocation Failure) [PSYoungGen: 353441K->20044K(465920K)] 687657K->354445K(1273856K), 0.0041686 secs] [Times: user=0.01 sys=0.00, real=0.00 secs] 
895.149: [GC (Allocation Failure) [PSYoungGen: 253004K->185715K(465920K)] 587405K->521370K(1273856K), 0.0199398 secs] [Times: user=0.02 sys=0.00, real=0.01 secs] 
895.440: [GC (Allocation Failure) [PSYoungGen: 418675K->185843K(465920K)] 754330K->521771K(1273856K), 0.0201739 secs] [Times: user=0.02 sys=0.00, real=0.02 secs] 
896.541: [GC (Allocation Failure) [PSYoungGen: 418803K->107227K(465920K)] 754731K->443420K(1273856K), 0.0264796 secs] [Times: user=0.05 sys=0.00, real=0.02 secs] 
897.777: [GC (Allocation Failure) [PSYoungGen: 340187K->32190K(465920K)] 676380K->368674K(1273856K), 0.0053696 secs] [Times: user=0.01 sys=0.00, real=0.01 secs] 
898.066: [GC (Allocation Failure) [PSYoungGen: 265150K->186100K(465920K)] 601634K->523838K(1273856K), 0.0201513 secs] [Times: user=0.03 sys=0.00, real=0.02 secs] 
898.349: [GC (Allocation Failure) [PSYoungGen: 419060K->184719K(465920K)] 756798K->522730K(1273856K), 0.0201763 secs] [Times: user=0.03 sys=0.00, real=0.02 secs] 
898.968: [GC (Allocation Failure) [PSYoungGen: 412772K->95757K(465920K)] 750783K->434169K(1273856K), 0.0109243 secs] [Times: user=0.02 sys=0.00, real=0.01 secs] 
899.865: [GC (Allocation Failure) [PSYoungGen: 328717K->38005K(465920K)] 667129K->376603K(1273856K), 0.0070357 secs] [Times: user=0.01 sys=0.00, real=0.01 secs] 
900.225: [GC (Allocation Failure) [PSYoungGen: 270965K->184687K(465920K)] 609563K->524530K(1273856K), 0.0201475 secs] [Times: user=0.02 sys=0.00, real=0.02 secs] 
900.509: [GC (Allocation Failure) [PSYoungGen: 417647K->183787K(465920K)] 757490K->523904K(1273856K), 0.0201136 secs] [Times: user=0.03 sys=0.00, real=0.02 secs] 
901.226: [GC (Allocation Failure) [PSYoungGen: 409104K->92255K(465920K)] 749221K->432644K(1273856K), 0.0116401 secs] [Times: user=0.02 sys=0.00, real=0.01 secs] 
902.044: [GC (Allocation Failure) [PSYoungGen: 325215K->38034K(465920K)] 665604K->378732K(1273856K), 0.0050998 secs] [Times: user=0.01 sys=0.00, real=0.00 secs] 
902.378: [GC (Allocation Failure) [PSYoungGen: 270994K->184558K(465920K)] 611692K->526501K(1273856K), 0.0200983 secs] [Times: user=0.03 sys=0.00, real=0.02 secs] 
902.727: [GC (Allocation Failure) [PSYoungGen: 417518K->184301K(465920K)] 759461K->526517K(1273856K), 0.0201501 secs] [Times: user=0.03 sys=0.00, real=0.02 secs] 
904.678: [GC (Allocation Failure) [PSYoungGen: 409200K->91869K(465920K)] 751416K->434350K(1273856K), 0.0245341 secs] [Times: user=0.04 sys=0.00, real=0.03 secs] 
906.773: [GC (Allocation Failure) [PSYoungGen: 324829K->37877K(465920K)] 667310K->380673K(1273856K), 0.0063669 secs] [Times: user=0.01 sys=0.01, real=0.00 secs] 
907.067: [GC (Allocation Failure) [PSYoungGen: 270837K->184430K(465920K)] 613633K->528472K(1273856K), 0.0200580 secs] [Times: user=0.02 sys=0.00, real=0.02 secs] 
907.403: [GC (Allocation Failure) [PSYoungGen: 417390K->184301K(465920K)] 761432K->528616K(1273856K), 0.0202588 secs] [Times: user=0.03 sys=0.00, real=0.02 secs] 
910.030: [GC (Allocation Failure) [PSYoungGen: 409454K->92126K(465920K)] 753770K->436707K(1273856K), 0.0140223 secs] [Times: user=0.02 sys=0.00, real=0.01 secs] 
911.006: [GC (Allocation Failure) [PSYoungGen: 325086K->37973K(465920K)] 669667K->382853K(1273856K), 0.0052612 secs] [Times: user=0.01 sys=0.00, real=0.01 secs] 
911.333: [GC (Allocation Failure) [PSYoungGen: 270933K->184719K(465920K)] 615813K->530844K(1273856K), 0.0200335 secs] [Times: user=0.03 sys=0.00, real=0.02 secs] 
911.616: [GC (Allocation Failure) [PSYoungGen: 417679K->184430K(465920K)] 763804K->530828K(1273856K), 0.0200261 secs] [Times: user=0.03 sys=0.00, real=0.02 secs] 
913.605: [GC (Allocation Failure) [PSYoungGen: 406933K->91612K(465920K)] 753332K->438276K(1273856K), 0.0116153 secs] [Times: user=0.02 sys=0.01, real=0.01 secs] 
914.445: [GC (Allocation Failure) [PSYoungGen: 324572K->38163K(465920K)] 671236K->385137K(1273856K), 0.0053370 secs] [Times: user=0.01 sys=0.00, real=0.01 secs] 
914.774: [GC (Allocation Failure) [PSYoungGen: 271123K->184687K(465920K)] 618097K->533035K(1273856K), 0.0203359 secs] [Times: user=0.02 sys=0.00, real=0.02 secs] 
915.120: [GC (Allocation Failure) [PSYoungGen: 417647K->184719K(465920K)] 765995K->533211K(1273856K), 0.0202999 secs] [Times: user=0.02 sys=0.00, real=0.02 secs] 
915.753: [GC (Allocation Failure) [PSYoungGen: 407138K->91226K(465920K)] 755630K->439984K(1273856K), 0.0116718 secs] [Times: user=0.02 sys=0.00, real=0.01 secs] 
916.552: [GC (Allocation Failure) [PSYoungGen: 324186K->37973K(465920K)] 672944K->387030K(1273856K), 0.0051781 secs] [Times: user=0.01 sys=0.00, real=0.00 secs] 
916.880: [GC (Allocation Failure) [PSYoungGen: 270933K->183916K(465920K)] 619990K->534218K(1273856K), 0.0200630 secs] [Times: user=0.03 sys=0.00, real=0.02 secs] 
917.163: [GC (Allocation Failure) [PSYoungGen: 416876K->184815K(465920K)] 767178K->535391K(1273856K), 0.0202787 secs] [Times: user=0.03 sys=0.00, real=0.02 secs] 
917.847: [GC (Allocation Failure) [PSYoungGen: 410122K->92030K(465920K)] 760698K->442999K(1273856K), 0.0103086 secs] [Times: user=0.02 sys=0.00, real=0.01 secs] 
918.878: [GC (Allocation Failure) [PSYoungGen: 324990K->37777K(465920K)] 675959K->388916K(1273856K), 0.0052556 secs] [Times: user=0.01 sys=0.00, real=0.01 secs] 
919.147: [GC (Allocation Failure) [PSYoungGen: 270737K->184205K(465920K)] 621876K->536597K(1273856K), 0.0200164 secs] [Times: user=0.02 sys=0.00, real=0.02 secs] 
919.434: [GC (Allocation Failure) [PSYoungGen: 417165K->184976K(465920K)] 769557K->537649K(1273856K), 0.0199812 secs] [Times: user=0.03 sys=0.00, real=0.02 secs] 
920.765: [GC (Allocation Failure) [PSYoungGen: 407675K->91901K(465920K)] 760349K->444848K(1273856K), 0.0178630 secs] [Times: user=0.03 sys=0.00, real=0.02 secs] 
922.280: [GC (Allocation Failure) [PSYoungGen: 324861K->37877K(465920K)] 677808K->391145K(1273856K), 0.0065025 secs] [Times: user=0.02 sys=0.00, real=0.00 secs] 
922.571: [GC (Allocation Failure) [PSYoungGen: 270837K->184333K(465920K)] 624105K->538983K(1273856K), 0.0199414 secs] [Times: user=0.03 sys=0.00, real=0.02 secs] 
922.860: [GC (Allocation Failure) [PSYoungGen: 417293K->184558K(465920K)] 771943K->539361K(1273856K), 0.0199576 secs] [Times: user=0.03 sys=0.00, real=0.02 secs] 
924.197: [GC (Allocation Failure) [PSYoungGen: 409746K->92046K(465920K)] 764549K->447113K(1273856K), 0.0108781 secs] [Times: user=0.02 sys=0.00, real=0.01 secs] 
925.937: [GC (Allocation Failure) [PSYoungGen: 325006K->37331K(465920K)] 680073K->392704K(1273856K), 0.0066028 secs] [Times: user=0.01 sys=0.00, real=0.01 secs] 
926.311: [GC (Allocation Failure) [PSYoungGen: 270291K->184205K(465920K)] 625664K->540824K(1273856K), 0.0200654 secs] [Times: user=0.03 sys=0.00, real=0.02 secs] 
926.601: [GC (Allocation Failure) [PSYoungGen: 417165K->184494K(465920K)] 773784K->541386K(1273856K), 0.0202712 secs] [Times: user=0.02 sys=0.00, real=0.02 secs] 
927.307: [GC (Allocation Failure) [PSYoungGen: 408195K->92640K(465920K)] 765088K->449805K(1273856K), 0.0120657 secs] [Times: user=0.02 sys=0.00, real=0.01 secs] 
928.232: [GC (Allocation Failure) [PSYoungGen: 325600K->38037K(465920K)] 682765K->395516K(1273856K), 0.0054587 secs] [Times: user=0.01 sys=0.00, real=0.00 secs] 
928.570: [GC (Allocation Failure) [PSYoungGen: 270997K->184462K(465920K)] 628476K->543194K(1273856K), 0.0201150 secs] [Times: user=0.03 sys=0.00, real=0.02 secs] 
928.862: [GC (Allocation Failure) [PSYoungGen: 417422K->184301K(465920K)] 776154K->543307K(1273856K), 0.0200436 secs] [Times: user=0.02 sys=0.00, real=0.02 secs] 
930.180: [GC (Allocation Failure) [PSYoungGen: 409339K->91966K(465920K)] 768345K->451373K(1273856K), 0.0182395 secs] [Times: user=0.03 sys=0.00, real=0.01 secs] 
932.347: [GC (Allocation Failure) [PSYoungGen: 324926K->37427K(465920K)] 684333K->397005K(1273856K), 0.0064322 secs] [Times: user=0.01 sys=0.00, real=0.01 secs] 
932.644: [GC (Allocation Failure) [PSYoungGen: 270387K->184847K(465920K)] 629965K->545679K(1273856K), 0.0200148 secs] [Times: user=0.02 sys=0.00, real=0.02 secs] 
932.928: [GC (Allocation Failure) [PSYoungGen: 417807K->184655K(465920K)] 778639K->545768K(1273856K), 0.0201045 secs] [Times: user=0.02 sys=0.00, real=0.02 secs] 
935.442: [GC (Allocation Failure) [PSYoungGen: 407151K->91741K(465920K)] 768264K->453127K(1273856K), 0.0248241 secs] [Times: user=0.05 sys=0.00, real=0.02 secs] 
936.258: [GC (Allocation Failure) [PSYoungGen: 324701K->38005K(465920K)] 686087K->399713K(1273856K), 0.0052433 secs] [Times: user=0.01 sys=0.00, real=0.01 secs] 
936.529: [GC (Allocation Failure) [PSYoungGen: 270965K->184815K(465920K)] 632673K->547761K(1273856K), 0.0202111 secs] [Times: user=0.03 sys=0.00, real=0.03 secs] 
936.818: [GC (Allocation Failure) [PSYoungGen: 417775K->184173K(465920K)] 780721K->547391K(1273856K), 0.0202262 secs] [Times: user=0.03 sys=0.00, real=0.02 secs] 
937.430: [GC (Allocation Failure) [PSYoungGen: 407183K->91773K(465920K)] 770401K->455256K(1273856K), 0.0096029 secs] [Times: user=0.02 sys=0.00, real=0.01 secs] 
938.268: [GC (Allocation Failure) [PSYoungGen: 324733K->37941K(465920K)] 688216K->401722K(1273856K), 0.0071520 secs] [Times: user=0.01 sys=0.00, real=0.01 secs] 
938.654: [GC (Allocation Failure) [PSYoungGen: 270901K->184687K(465920K)] 634682K->549714K(1273856K), 0.0200253 secs] [Times: user=0.03 sys=0.00, real=0.02 secs] 
939.014: [GC (Allocation Failure) [PSYoungGen: 417647K->184687K(465920K)] 782674K->550115K(1273856K), 0.0201158 secs] [Times: user=0.03 sys=0.00, real=0.02 secs] 
940.081: [GC (Allocation Failure) [PSYoungGen: 407129K->91355K(465920K)] 772557K->457056K(1273856K), 0.0141725 secs] [Times: user=0.02 sys=0.00, real=0.01 secs] 
941.674: [GC (Allocation Failure) [PSYoungGen: 324315K->37716K(465920K)] 690016K->403603K(1273856K), 0.0077967 secs] [Times: user=0.02 sys=0.00, real=0.01 secs] 
942.023: [GC (Allocation Failure) [PSYoungGen: 270676K->183948K(465920K)] 636563K->551080K(1273856K), 0.0201938 secs] [Times: user=0.02 sys=0.00, real=0.02 secs] 
942.370: [GC (Allocation Failure) [PSYoungGen: 416908K->184430K(465920K)] 784040K->551971K(1273856K), 0.0201223 secs] [Times: user=0.03 sys=0.00, real=0.02 secs] 
943.372: [GC (Allocation Failure) [PSYoungGen: 409688K->92640K(465920K)] 777230K->460319K(1273856K), 0.0159099 secs] [Times: user=0.03 sys=0.00, real=0.01 secs] 
945.204: [GC (Allocation Failure) [PSYoungGen: 325600K->37459K(465920K)] 693279K->405445K(1273856K), 0.0063204 secs] [Times: user=0.02 sys=0.00, real=0.01 secs] 
945.493: [GC (Allocation Failure) [PSYoungGen: 270419K->184076K(465920K)] 638405K->553316K(1273856K), 0.0199679 secs] [Times: user=0.02 sys=0.00, real=0.02 secs] 
945.776: [GC (Allocation Failure) [PSYoungGen: 417036K->184944K(465920K)] 786276K->554456K(1273856K), 0.0201449 secs] [Times: user=0.02 sys=0.00, real=0.02 secs] 
946.407: [GC (Allocation Failure) [PSYoungGen: 410375K->92255K(465920K)] 779887K->462040K(1273856K), 0.0108881 secs] [Times: user=0.02 sys=0.01, real=0.01 secs] 
947.742: [GC (Allocation Failure) [PSYoungGen: 325215K->37716K(465920K)] 695000K->407816K(1273856K), 0.0063241 secs] [Times: user=0.01 sys=0.00, real=0.00 secs] 
948.032: [GC (Allocation Failure) [PSYoungGen: 270676K->184301K(465920K)] 640776K->555646K(1273856K), 0.0199356 secs] [Times: user=0.02 sys=0.00, real=0.02 secs] 
948.321: [GC (Allocation Failure) [PSYoungGen: 417261K->184494K(465920K)] 788606K->556241K(1273856K), 0.0199889 secs] [Times: user=0.02 sys=0.00, real=0.02 secs] 
948.981: [GC (Allocation Failure) [PSYoungGen: 407484K->92126K(465920K)] 779231K->464009K(1273856K), 0.0140525 secs] [Times: user=0.03 sys=0.00, real=0.01 secs] 
949.956: [GC (Allocation Failure) [PSYoungGen: 325086K->38131K(465920K)] 696969K->410320K(1273856K), 0.0054564 secs] [Times: user=0.01 sys=0.00, real=0.01 secs] 
950.229: [GC (Allocation Failure) [PSYoungGen: 271091K->184430K(465920K)] 643280K->557864K(1273856K), 0.0200469 secs] [Times: user=0.02 sys=0.00, real=0.02 secs] 
950.517: [GC (Allocation Failure) [PSYoungGen: 417390K->184526K(465920K)] 790824K->558234K(1273856K), 0.0200617 secs] [Times: user=0.02 sys=0.00, real=0.02 secs] 
951.333: [GC (Allocation Failure) [PSYoungGen: 407068K->91612K(465920K)] 780775K->465585K(1273856K), 0.0127717 secs] [Times: user=0.02 sys=0.00, real=0.01 secs] 
953.001: [GC (Allocation Failure) [PSYoungGen: 324572K->37716K(465920K)] 698545K->411988K(1273856K), 0.0065029 secs] [Times: user=0.02 sys=0.00, real=0.00 secs] 
953.291: [GC (Allocation Failure) [PSYoungGen: 270676K->184462K(465920K)] 644948K->560108K(1273856K), 0.0201503 secs] [Times: user=0.03 sys=0.00, real=0.02 secs] 
953.580: [GC (Allocation Failure) [PSYoungGen: 417422K->184590K(465920K)] 793068K->560381K(1273856K), 0.0201708 secs] [Times: user=0.03 sys=0.00, real=0.02 secs] 
954.236: [GC (Allocation Failure) [PSYoungGen: 407642K->91998K(465920K)] 783433K->468086K(1273856K), 0.0103137 secs] [Times: user=0.01 sys=0.00, real=0.01 secs] 
955.747: [GC (Allocation Failure) [PSYoungGen: 324958K->37202K(465920K)] 701046K->413590K(1273856K), 0.0060830 secs] [Times: user=0.02 sys=0.00, real=0.01 secs] 
956.023: [GC (Allocation Failure) [PSYoungGen: 270162K->184815K(465920K)] 646550K->562449K(1273856K), 0.0200111 secs] [Times: user=0.03 sys=0.00, real=0.02 secs] 
956.306: [GC (Allocation Failure) [PSYoungGen: 417775K->184205K(465920K)] 795409K->562111K(1273856K), 0.0200558 secs] [Times: user=0.02 sys=0.00, real=0.02 secs] 
957.209: [GC (Allocation Failure) [PSYoungGen: 409534K->92448K(465920K)] 787440K->470619K(1273856K), 0.0232097 secs] [Times: user=0.04 sys=0.00, real=0.03 secs] 
959.164: [GC (Allocation Failure) [PSYoungGen: 325408K->37780K(465920K)] 703579K->416265K(1273856K), 0.0077465 secs] [Times: user=0.02 sys=0.00, real=0.01 secs] 
959.491: [GC (Allocation Failure) [PSYoungGen: 270740K->184558K(465920K)] 649225K->564417K(1273856K), 0.0199819 secs] [Times: user=0.03 sys=0.00, real=0.02 secs] 
959.780: [GC (Allocation Failure) [PSYoungGen: 417518K->184462K(465920K)] 797377K->564465K(1273856K), 0.0201321 secs] [Times: user=0.03 sys=0.00, real=0.02 secs] 
961.402: [GC (Allocation Failure) [PSYoungGen: 409515K->91998K(465920K)] 789519K->472266K(1273856K), 0.0233771 secs] [Times: user=0.04 sys=0.00, real=0.02 secs] 
962.686: [GC (Allocation Failure) [PSYoungGen: 324958K->37973K(465920K)] 705226K->418556K(1273856K), 0.0053456 secs] [Times: user=0.01 sys=0.00, real=0.01 secs] 
963.021: [GC (Allocation Failure) [PSYoungGen: 270933K->184430K(465920K)] 651516K->566258K(1273856K), 0.0201491 secs] [Times: user=0.02 sys=0.00, real=0.02 secs] 
963.307: [GC (Allocation Failure) [PSYoungGen: 417390K->184655K(465920K)] 799218K->566884K(1273856K), 0.0202448 secs] [Times: user=0.03 sys=0.01, real=0.02 secs] 
964.458: [GC (Allocation Failure) [PSYoungGen: 407472K->91644K(465920K)] 789702K->474018K(1273856K), 0.0147037 secs] [Times: user=0.03 sys=0.00, real=0.02 secs] 
965.938: [GC (Allocation Failure) [PSYoungGen: 324604K->37748K(465920K)] 706978K->420428K(1273856K), 0.0064587 secs] [Times: user=0.01 sys=0.00, real=0.01 secs] 
966.225: [GC (Allocation Failure) [PSYoungGen: 270708K->184687K(465920K)] 653388K->568612K(1273856K), 0.0201575 secs] [Times: user=0.02 sys=0.00, real=0.02 secs] 
966.563: [GC (Allocation Failure) [PSYoungGen: 417647K->184655K(465920K)] 801572K->568853K(1273856K), 0.0202105 secs] [Times: user=0.03 sys=0.00, real=0.02 secs] 
967.743: [GC (Allocation Failure) [PSYoungGen: 407198K->91612K(465920K)] 791397K->476076K(1273856K), 0.0118593 secs] [Times: user=0.02 sys=0.00, real=0.01 secs] 
969.029: [GC (Allocation Failure) [PSYoungGen: 324572K->37716K(465920K)] 709036K->422478K(1273856K), 0.0052803 secs] [Times: user=0.01 sys=0.00, real=0.01 secs] 
969.296: [GC (Allocation Failure) [PSYoungGen: 270676K->183658K(465920K)] 655438K->569665K(1273856K), 0.0199631 secs] [Times: user=0.03 sys=0.00, real=0.02 secs] 
969.587: [GC (Allocation Failure) [PSYoungGen: 416618K->184526K(465920K)] 802625K->570806K(1273856K), 0.0201760 secs] [Times: user=0.02 sys=0.00, real=0.02 secs] 
970.215: [GC (Allocation Failure) [PSYoungGen: 408467K->92769K(465920K)] 794747K->479314K(1273856K), 0.0103391 secs] [Times: user=0.02 sys=0.00, real=0.01 secs] 
971.792: [GC (Allocation Failure) [PSYoungGen: 325729K->37491K(465920K)] 712274K->424342K(1273856K), 0.0060774 secs] [Times: user=0.02 sys=0.00, real=0.00 secs] 
972.073: [GC (Allocation Failure) [PSYoungGen: 270451K->184430K(465920K)] 657302K->572526K(1273856K), 0.0200430 secs] [Times: user=0.03 sys=0.00, real=0.02 secs] 
972.416: [GC (Allocation Failure) [PSYoungGen: 417390K->184558K(465920K)] 805486K->573056K(1273856K), 0.0200633 secs] [Times: user=0.03 sys=0.00, real=0.02 secs] 
973.371: [GC (Allocation Failure) [PSYoungGen: 409740K->92255K(465920K)] 798238K->480889K(1273856K), 0.0236363 secs] [Times: user=0.04 sys=0.00, real=0.02 secs] 
974.782: [GC (Allocation Failure) [PSYoungGen: 325215K->37716K(465920K)] 713849K->426658K(1273856K), 0.0064250 secs] [Times: user=0.01 sys=0.00, real=0.00 secs] 
975.073: [GC (Allocation Failure) [PSYoungGen: 270676K->184301K(465920K)] 659618K->574497K(1273856K), 0.0199651 secs] [Times: user=0.02 sys=0.00, real=0.02 secs] 
975.357: [GC (Allocation Failure) [PSYoungGen: 417261K->184719K(465920K)] 807457K->575316K(1273856K), 0.0200124 secs] [Times: user=0.03 sys=0.00, real=0.02 secs] 
976.089: [GC (Allocation Failure) [PSYoungGen: 409739K->92030K(465920K)] 800337K->482908K(1273856K), 0.0128472 secs] [Times: user=0.03 sys=0.00, real=0.02 secs] 
977.571: [GC (Allocation Failure) [PSYoungGen: 324990K->37973K(465920K)] 715868K->429023K(1273856K), 0.0060369 secs] [Times: user=0.01 sys=0.00, real=0.00 secs] 
977.857: [GC (Allocation Failure) [PSYoungGen: 270933K->184847K(465920K)] 661983K->577142K(1273856K), 0.0202645 secs] [Times: user=0.02 sys=0.00, real=0.02 secs] 
978.142: [GC (Allocation Failure) [PSYoungGen: 417807K->184687K(465920K)] 810102K->577391K(1273856K), 0.0200910 secs] [Times: user=0.02 sys=0.00, real=0.02 secs] 
978.776: [GC (Allocation Failure) [PSYoungGen: 407097K->91226K(465920K)] 799801K->484068K(1273856K), 0.0109675 secs] [Times: user=0.03 sys=0.00, real=0.01 secs] 
979.863: [GC (Allocation Failure) [PSYoungGen: 324186K->37845K(465920K)] 717028K->431002K(1273856K), 0.0074243 secs] [Times: user=0.02 sys=0.00, real=0.01 secs] 
980.226: [GC (Allocation Failure) [PSYoungGen: 270805K->184687K(465920K)] 663962K->579218K(1273856K), 0.0201198 secs] [Times: user=0.03 sys=0.00, real=0.02 secs] 
980.509: [GC (Allocation Failure) [PSYoungGen: 417647K->184719K(465920K)] 812178K->579394K(1273856K), 0.0202517 secs] [Times: user=0.02 sys=0.00, real=0.03 secs] 
981.295: [GC (Allocation Failure) [PSYoungGen: 407276K->91499K(465920K)] 801952K->486440K(1273856K), 0.0120254 secs] [Times: user=0.02 sys=0.00, real=0.01 secs] 
982.220: [GC (Allocation Failure) [PSYoungGen: 324459K->37973K(465920K)] 719400K->433220K(1273856K), 0.0080657 secs] [Times: user=0.02 sys=0.00, real=0.00 secs] 
982.577: [GC (Allocation Failure) [PSYoungGen: 270933K->184687K(465920K)] 666180K->581315K(1273856K), 0.0201305 secs] [Times: user=0.02 sys=0.00, real=0.02 secs] 
982.861: [GC (Allocation Failure) [PSYoungGen: 417647K->184687K(465920K)] 814275K->581460K(1273856K), 0.0201675 secs] [Times: user=0.02 sys=0.00, real=0.02 secs] 
983.651: [GC (Allocation Failure) [PSYoungGen: 407275K->91355K(465920K)] 804048K->488401K(1273856K), 0.0116484 secs] [Times: user=0.02 sys=0.00, real=0.01 secs] 
984.588: [GC (Allocation Failure) [PSYoungGen: 324315K->37973K(465920K)] 721361K->435325K(1273856K), 0.0080500 secs] [Times: user=0.02 sys=0.00, real=0.01 secs] 
984.921: [GC (Allocation Failure) [PSYoungGen: 270933K->183948K(465920K)] 668285K->582545K(1273856K), 0.0201811 secs] [Times: user=0.02 sys=0.00, real=0.02 secs] 
985.209: [GC (Allocation Failure) [PSYoungGen: 416908K->184815K(465920K)] 815505K->583694K(1273856K), 0.0200574 secs] [Times: user=0.02 sys=0.00, real=0.02 secs] 
986.781: [GC (Allocation Failure) [PSYoungGen: 410125K->91966K(465920K)] 809003K->491238K(1273856K), 0.0155702 secs] [Times: user=0.03 sys=0.00, real=0.01 secs] 
988.194: [GC (Allocation Failure) [PSYoungGen: 324926K->37845K(465920K)] 724198K->437302K(1273856K), 0.0061446 secs] [Times: user=0.01 sys=0.00, real=0.01 secs] 
988.480: [GC (Allocation Failure) [PSYoungGen: 270805K->184687K(465920K)] 670262K->585518K(1273856K), 0.0201547 secs] [Times: user=0.03 sys=0.00, real=0.02 secs] 
988.764: [GC (Allocation Failure) [PSYoungGen: 417647K->184687K(465920K)] 818478K->585663K(1273856K), 0.0199808 secs] [Times: user=0.03 sys=0.00, real=0.02 secs] 
989.983: [GC (Allocation Failure) [PSYoungGen: 407231K->91484K(465920K)] 808207K->492725K(1273856K), 0.0126044 secs] [Times: user=0.02 sys=0.00, real=0.01 secs] 
990.914: [GC (Allocation Failure) [PSYoungGen: 324444K->37973K(465920K)] 725685K->439528K(1273856K), 0.0053627 secs] [Times: user=0.01 sys=0.00, real=0.01 secs] 
991.184: [GC (Allocation Failure) [PSYoungGen: 270933K->184687K(465920K)] 672488K->587487K(1273856K), 0.0200376 secs] [Times: user=0.03 sys=0.00, real=0.02 secs] 
991.468: [GC (Allocation Failure) [PSYoungGen: 417647K->184655K(465920K)] 820447K->587728K(1273856K), 0.0201403 secs] [Times: user=0.03 sys=0.00, real=0.02 secs] 
992.751: [GC (Allocation Failure) [PSYoungGen: 407202K->91387K(465920K)] 810276K->494733K(1273856K), 0.0159989 secs] [Times: user=0.03 sys=0.00, real=0.01 secs] 
993.854: [GC (Allocation Failure) [PSYoungGen: 324347K->37973K(465920K)] 727693K->441619K(1273856K), 0.0054698 secs] [Times: user=0.02 sys=0.00, real=0.01 secs] 
994.124: [GC (Allocation Failure) [PSYoungGen: 270933K->183819K(465920K)] 674579K->588711K(1273856K), 0.0204151 secs] [Times: user=0.02 sys=0.00, real=0.02 secs] 
994.408: [GC (Allocation Failure) [PSYoungGen: 416779K->184398K(465920K)] 821671K->589562K(1273856K), 0.0203296 secs] [Times: user=0.03 sys=0.00, real=0.02 secs] 
996.202: [GC (Allocation Failure) [PSYoungGen: 409596K->92480K(465920K)] 814761K->497910K(1273856K), 0.0270872 secs] [Times: user=0.05 sys=0.00, real=0.02 secs] 
997.569: [GC (Allocation Failure) [PSYoungGen: 325440K->38005K(465920K)] 730870K->443741K(1273856K), 0.0057725 secs] [Times: user=0.01 sys=0.00, real=0.01 secs] 
997.837: [GC (Allocation Failure) [PSYoungGen: 270965K->184044K(465920K)] 676701K->591025K(1273856K), 0.0201308 secs] [Times: user=0.02 sys=0.00, real=0.02 secs] 
998.183: [GC (Allocation Failure) [PSYoungGen: 417004K->184944K(465920K)] 823985K->592198K(1273856K), 0.0204995 secs] [Times: user=0.03 sys=0.00, real=0.02 secs] 
1000.151: [GC (Allocation Failure) [PSYoungGen: 410260K->91741K(465920K)] 817514K->499396K(1273856K), 0.0209659 secs] [Times: user=0.04 sys=0.00, real=0.02 secs] 
1001.790: [GC (Allocation Failure) [PSYoungGen: 324701K->37877K(465920K)] 732356K->445718K(1273856K), 0.0067655 secs] [Times: user=0.02 sys=0.00, real=0.00 secs] 
1002.136: [GC (Allocation Failure) [PSYoungGen: 270837K->184205K(465920K)] 678678K->593283K(1273856K), 0.0200553 secs] [Times: user=0.03 sys=0.00, real=0.02 secs] 
1002.422: [GC (Allocation Failure) [PSYoungGen: 417165K->184944K(465920K)] 826243K->594295K(1273856K), 0.0202314 secs] [Times: user=0.03 sys=0.00, real=0.02 secs] 
1004.451: [GC (Allocation Failure) [PSYoungGen: 407677K->91741K(465920K)] 817029K->501365K(1273856K), 0.0237969 secs] [Times: user=0.04 sys=0.00, real=0.02 secs] 
1006.559: [GC (Allocation Failure) [PSYoungGen: 324701K->37813K(465920K)] 734325K->447761K(1273856K), 0.0072320 secs] [Times: user=0.02 sys=0.00, real=0.01 secs] 
1006.866: [GC (Allocation Failure) [PSYoungGen: 270773K->184301K(465920K)] 680721K->595624K(1273856K), 0.0202980 secs] [Times: user=0.03 sys=0.00, real=0.02 secs] 
1007.211: [GC (Allocation Failure) [PSYoungGen: 417261K->184558K(465920K)] 828584K->596025K(1273856K), 0.0202295 secs] [Times: user=0.02 sys=0.00, real=0.02 secs] 
1007.917: [GC (Allocation Failure) [PSYoungGen: 405103K->91998K(465920K)] 816570K->503730K(1273856K), 0.0115350 secs] [Times: user=0.02 sys=0.00, real=0.01 secs] 
1009.336: [GC (Allocation Failure) [PSYoungGen: 324958K->37877K(465920K)] 736690K->449914K(1273856K), 0.0068893 secs] [Times: user=0.02 sys=0.00, real=0.01 secs] 
1009.712: [GC (Allocation Failure) [PSYoungGen: 270837K->184687K(465920K)] 682874K->597970K(1273856K), 0.0201840 secs] [Times: user=0.03 sys=0.00, real=0.02 secs] 
1010.000: [GC (Allocation Failure) [PSYoungGen: 417647K->184012K(465920K)] 830930K->597569K(1273856K), 0.0208250 secs] [Times: user=0.03 sys=0.00, real=0.02 secs] 
1011.182: [GC (Allocation Failure) [PSYoungGen: 407478K->92126K(465920K)] 821035K->505948K(1273856K), 0.0154951 secs] [Times: user=0.03 sys=0.01, real=0.01 secs] 
1013.132: [GC (Allocation Failure) [PSYoungGen: 325086K->37716K(465920K)] 738908K->451843K(1273856K), 0.0066572 secs] [Times: user=0.01 sys=0.00, real=0.00 secs] 
1013.433: [GC (Allocation Failure) [PSYoungGen: 270676K->184494K(465920K)] 684803K->599995K(1273856K), 0.0199818 secs] [Times: user=0.03 sys=0.00, real=0.02 secs] 
1013.717: [GC (Allocation Failure) [PSYoungGen: 417454K->184558K(465920K)] 832955K->600228K(1273856K), 0.0200751 secs] [Times: user=0.02 sys=0.00, real=0.02 secs] 
1015.595: [GC (Allocation Failure) [PSYoungGen: 407610K->91966K(465920K)] 823280K->507909K(1273856K), 0.0236103 secs] [Times: user=0.05 sys=0.00, real=0.02 secs] 
1017.826: [GC (Allocation Failure) [PSYoungGen: 324926K->37716K(465920K)] 740869K->453965K(1273856K), 0.0073831 secs] [Times: user=0.01 sys=0.00, real=0.01 secs] 
1018.139: [GC (Allocation Failure) [PSYoungGen: 270676K->184462K(465920K)] 686925K->601956K(1273856K), 0.0200268 secs] [Times: user=0.02 sys=0.00, real=0.02 secs] 
1018.423: [GC (Allocation Failure) [PSYoungGen: 417422K->184590K(465920K)] 834916K->602357K(1273856K), 0.0200776 secs] [Times: user=0.03 sys=0.00, real=0.02 secs] 
1020.068: [GC (Allocation Failure) [PSYoungGen: 407636K->91998K(465920K)] 825403K->510038K(1273856K), 0.0198537 secs] [Times: user=0.04 sys=0.00, real=0.02 secs] 
1021.185: [GC (Allocation Failure) [PSYoungGen: 324958K->38002K(465920K)] 742998K->456356K(1273856K), 0.0053438 secs] [Times: user=0.01 sys=0.00, real=0.01 secs] 
1021.454: [GC (Allocation Failure) [PSYoungGen: 270962K->184976K(465920K)] 689316K->604575K(1273856K), 0.0200815 secs] [Times: user=0.03 sys=0.00, real=0.02 secs] 
1021.738: [GC (Allocation Failure) [PSYoungGen: 417936K->184173K(465920K)] 837535K->604182K(1273856K), 0.0201601 secs] [Times: user=0.03 sys=0.00, real=0.02 secs] 
1022.486: [GC (Allocation Failure) [PSYoungGen: 406894K->91612K(465920K)] 826904K->511758K(1273856K), 0.0108519 secs] [Times: user=0.02 sys=0.00, real=0.01 secs] 
1023.615: [GC (Allocation Failure) [PSYoungGen: 324572K->37973K(465920K)] 744718K->458417K(1273856K), 0.0072437 secs] [Times: user=0.01 sys=0.00, real=0.01 secs] 
1024.000: [GC (Allocation Failure) [PSYoungGen: 270933K->184687K(465920K)] 691377K->606384K(1273856K), 0.0201619 secs] [Times: user=0.03 sys=0.00, real=0.02 secs] 
1024.340: [GC (Allocation Failure) [PSYoungGen: 417647K->184687K(465920K)] 839344K->606785K(1273856K), 0.0201550 secs] [Times: user=0.03 sys=0.00, real=0.02 secs] 
1025.562: [GC (Allocation Failure) [PSYoungGen: 407125K->91323K(465920K)] 829223K->513695K(1273856K), 0.0140905 secs] [Times: user=0.03 sys=0.00, real=0.01 secs] 
1027.621: [GC (Allocation Failure) [PSYoungGen: 324283K->37748K(465920K)] 746655K->460305K(1273856K), 0.0079507 secs] [Times: user=0.02 sys=0.00, real=0.00 secs] 
1027.947: [GC (Allocation Failure) [PSYoungGen: 270708K->184687K(465920K)] 693265K->608618K(1273856K), 0.0201680 secs] [Times: user=0.03 sys=0.00, real=0.02 secs] 
1028.232: [GC (Allocation Failure) [PSYoungGen: 417647K->184655K(465920K)] 841578K->608730K(1273856K), 0.0201635 secs] [Times: user=0.02 sys=0.00, real=0.02 secs] 
1028.821: [GC (Allocation Failure) [PSYoungGen: 407209K->91612K(465920K)] 831284K->515953K(1273856K), 0.0095692 secs] [Times: user=0.01 sys=0.00, real=0.01 secs] 
1030.251: [GC (Allocation Failure) [PSYoungGen: 324572K->37620K(465920K)] 748913K->462270K(1273856K), 0.0054125 secs] [Times: user=0.01 sys=0.00, real=0.00 secs] 
1030.522: [GC (Allocation Failure) [PSYoungGen: 270580K->184687K(465920K)] 695230K->610711K(1273856K), 0.0201275 secs] [Times: user=0.03 sys=0.00, real=0.02 secs] 
1030.806: [GC (Allocation Failure) [PSYoungGen: 417647K->184719K(465920K)] 843671K->610888K(1273856K), 0.0202723 secs] [Times: user=0.03 sys=0.00, real=0.02 secs] 
1032.138: [GC (Allocation Failure) [PSYoungGen: 407530K->91773K(465920K)] 833699K->518215K(1273856K), 0.0154524 secs] [Times: user=0.03 sys=0.00, real=0.02 secs] 
1033.132: [GC (Allocation Failure) [PSYoungGen: 324733K->38102K(465920K)] 751175K->464849K(1273856K), 0.0052939 secs] [Times: user=0.01 sys=0.00, real=0.00 secs] 
1033.402: [GC (Allocation Failure) [PSYoungGen: 271062K->184751K(465920K)] 697809K->612873K(1273856K), 0.0202102 secs] [Times: user=0.02 sys=0.00, real=0.02 secs] 
1033.686: [GC (Allocation Failure) [PSYoungGen: 417711K->184687K(465920K)] 845833K->613106K(1273856K), 0.0202909 secs] [Times: user=0.03 sys=0.00, real=0.02 secs] 
1034.806: [GC (Allocation Failure) [PSYoungGen: 407125K->91226K(465920K)] 835544K->519782K(1273856K), 0.0257387 secs] [Times: user=0.05 sys=0.00, real=0.03 secs] 
1036.039: [GC (Allocation Failure) [PSYoungGen: 324186K->38102K(465920K)] 752742K->466971K(1273856K), 0.0067365 secs] [Times: user=0.02 sys=0.00, real=0.01 secs] 
1036.331: [GC (Allocation Failure) [PSYoungGen: 271062K->184687K(465920K)] 699931K->614930K(1273856K), 0.0200709 secs] [Times: user=0.02 sys=0.00, real=0.02 secs] 
1036.672: [GC (Allocation Failure) [PSYoungGen: 417647K->184719K(465920K)] 847890K->615106K(1273856K), 0.0202612 secs] [Times: user=0.02 sys=0.00, real=0.02 secs] 
1037.302: [GC (Allocation Failure) [PSYoungGen: 407151K->91194K(465920K)] 837539K->521855K(1273856K), 0.0108217 secs] [Times: user=0.03 sys=0.00, real=0.01 secs] 
1038.176: [GC (Allocation Failure) [PSYoungGen: 324154K->38102K(465920K)] 754815K->469068K(1273856K), 0.0080970 secs] [Times: user=0.02 sys=0.00, real=0.01 secs] 
1038.503: [GC (Allocation Failure) [PSYoungGen: 271062K->184333K(465920K)] 702028K->616545K(1273856K), 0.0201030 secs] [Times: user=0.02 sys=0.00, real=0.02 secs] 
1038.786: [GC (Allocation Failure) [PSYoungGen: 417293K->184526K(465920K)] 849505K->617140K(1273856K), 0.0202109 secs] [Times: user=0.03 sys=0.00, real=0.02 secs] 
1039.427: [GC (Allocation Failure) [PSYoungGen: 406998K->91741K(465920K)] 839612K->524499K(1273856K), 0.0119838 secs] [Times: user=0.02 sys=0.00, real=0.01 secs] 
1040.321: [GC (Allocation Failure) [PSYoungGen: 324701K->38102K(465920K)] 757459K->471174K(1273856K), 0.0062547 secs] [Times: user=0.01 sys=0.00, real=0.00 secs] 
1040.666: [GC (Allocation Failure) [PSYoungGen: 271062K->184430K(465920K)] 704134K->618755K(1273856K), 0.0202033 secs] [Times: user=0.03 sys=0.00, real=0.02 secs] 
1040.951: [GC (Allocation Failure) [PSYoungGen: 417390K->184558K(465920K)] 851715K->619157K(1273856K), 0.0202789 secs] [Times: user=0.03 sys=0.00, real=0.02 secs] 
1042.304: [GC (Allocation Failure) [PSYoungGen: 407096K->91580K(465920K)] 841695K->526444K(1273856K), 0.0201727 secs] [Times: user=0.04 sys=0.00, real=0.02 secs] 
1043.935: [GC (Allocation Failure) [PSYoungGen: 324540K->37874K(465920K)] 759404K->473063K(1273856K), 0.0074941 secs] [Times: user=0.02 sys=0.00, real=0.01 secs] 
1044.254: [GC (Allocation Failure) [PSYoungGen: 270834K->184430K(465920K)] 706023K->621001K(1273856K), 0.0202292 secs] [Times: user=0.02 sys=0.00, real=0.02 secs] 
1044.598: [GC (Allocation Failure) [PSYoungGen: 417390K->184526K(465920K)] 853961K->621242K(1273856K), 0.0203466 secs] [Times: user=0.03 sys=0.00, real=0.02 secs] 
1045.835: [GC (Allocation Failure) [PSYoungGen: 407066K->91837K(465920K)] 843782K->528818K(1273856K), 0.0188012 secs] [Times: user=0.03 sys=0.00, real=0.02 secs] 
1046.899: [GC (Allocation Failure) [PSYoungGen: 324797K->37973K(465920K)] 761778K->475254K(1273856K), 0.0062218 secs] [Times: user=0.01 sys=0.00, real=0.01 secs] 
1047.249: [GC (Allocation Failure) [PSYoungGen: 270933K->184430K(465920K)] 708214K->622956K(1273856K), 0.0203558 secs] [Times: user=0.02 sys=0.00, real=0.02 secs] 
1047.595: [GC (Allocation Failure) [PSYoungGen: 417390K->184526K(465920K)] 855916K->623326K(1273856K), 0.0201739 secs] [Times: user=0.03 sys=0.00, real=0.02 secs] 
1049.061: [GC (Allocation Failure) [PSYoungGen: 407062K->91709K(465920K)] 845862K->530773K(1273856K), 0.0184220 secs] [Times: user=0.04 sys=0.00, real=0.02 secs] 
1050.953: [GC (Allocation Failure) [PSYoungGen: 324669K->37716K(465920K)] 763733K->477094K(1273856K), 0.0071006 secs] [Times: user=0.01 sys=0.00, real=0.01 secs] 
1051.263: [GC (Allocation Failure) [PSYoungGen: 270676K->184430K(465920K)] 710054K->625053K(1273856K), 0.0201320 secs] [Times: user=0.03 sys=0.00, real=0.02 secs] 
1051.552: [GC (Allocation Failure) [PSYoungGen: 417390K->184333K(465920K)] 858013K->625230K(1273856K), 0.0202510 secs] [Times: user=0.03 sys=0.00, real=0.02 secs] 
1052.689: [GC (Allocation Failure) [PSYoungGen: 409374K->92223K(465920K)] 850271K->533513K(1273856K), 0.0105105 secs] [Times: user=0.02 sys=0.00, real=0.01 secs] 
1053.656: [GC (Allocation Failure) [PSYoungGen: 325183K->37909K(465920K)] 766473K->479392K(1273856K), 0.0054542 secs] [Times: user=0.01 sys=0.00, real=0.01 secs] 
1053.924: [GC (Allocation Failure) [PSYoungGen: 270869K->184719K(465920K)] 712352K->627456K(1273856K), 0.0201168 secs] [Times: user=0.03 sys=0.00, real=0.02 secs] 
1054.275: [GC (Allocation Failure) [PSYoungGen: 417679K->184719K(465920K)] 860416K->627729K(1273856K), 0.0201768 secs] [Times: user=0.03 sys=0.00, real=0.02 secs] 
1056.095: [GC (Allocation Failure) [PSYoungGen: 407279K->91452K(465920K)] 850289K->534727K(1273856K), 0.0263609 secs] [Times: user=0.05 sys=0.00, real=0.03 secs] 
1057.954: [GC (Allocation Failure) [PSYoungGen: 324412K->37713K(465920K)] 767687K->481298K(1273856K), 0.0088907 secs] [Times: user=0.02 sys=0.00, real=0.01 secs] 
1058.304: [GC (Allocation Failure) [PSYoungGen: 270673K->183787K(465920K)] 714258K->628618K(1273856K), 0.0202298 secs] [Times: user=0.02 sys=0.00, real=0.02 secs] 
1058.589: [GC (Allocation Failure) [PSYoungGen: 416747K->184462K(465920K)] 861578K->629565K(1273856K), 0.0202688 secs] [Times: user=0.02 sys=0.00, real=0.03 secs] 
1059.736: [GC (Allocation Failure) [PSYoungGen: 409693K->92769K(465920K)] 854796K->538137K(1273856K), 0.0144879 secs] [Times: user=0.03 sys=0.00, real=0.02 secs] 
1061.080: [GC (Allocation Failure) [PSYoungGen: 325729K->38005K(465920K)] 771097K->483674K(1273856K), 0.0053502 secs] [Times: user=0.01 sys=0.00, real=0.00 secs] 
1061.349: [GC (Allocation Failure) [PSYoungGen: 270965K->184687K(465920K)] 716634K->631601K(1273856K), 0.0202393 secs] [Times: user=0.02 sys=0.00, real=0.02 secs] 
1061.638: [GC (Allocation Failure) [PSYoungGen: 417647K->184751K(465920K)] 864561K->632066K(1273856K), 0.0200209 secs] [Times: user=0.03 sys=0.00, real=0.02 secs] 
1062.269: [GC (Allocation Failure) [PSYoungGen: 407185K->91387K(465920K)] 854501K->538976K(1273856K), 0.0104382 secs] [Times: user=0.02 sys=0.00, real=0.01 secs] 
1063.060: [GC (Allocation Failure) [PSYoungGen: 324347K->37973K(465920K)] 771936K->485755K(1273856K), 0.0054044 secs] [Times: user=0.01 sys=0.00, real=0.00 secs] 
1063.388: [GC (Allocation Failure) [PSYoungGen: 270933K->184751K(465920K)] 718715K->633915K(1273856K), 0.0202860 secs] [Times: user=0.03 sys=0.00, real=0.02 secs] 
1063.733: [GC (Allocation Failure) [PSYoungGen: 417711K->184623K(465920K)] 866875K->634092K(1273856K), 0.0200906 secs] [Times: user=0.02 sys=0.00, real=0.02 secs] 
1066.136: [GC (Allocation Failure) [PSYoungGen: 407191K->91323K(465920K)] 856660K->540929K(1273856K), 0.0183263 secs] [Times: user=0.04 sys=0.00, real=0.02 secs] 
1068.164: [GC (Allocation Failure) [PSYoungGen: 324283K->37748K(465920K)] 773889K->487667K(1273856K), 0.0072376 secs] [Times: user=0.02 sys=0.00, real=0.01 secs] 
1068.469: [GC (Allocation Failure) [PSYoungGen: 270708K->183787K(465920K)] 720627K->634952K(1273856K), 0.0201472 secs] [Times: user=0.02 sys=0.00, real=0.03 secs] 
1068.758: [GC (Allocation Failure) [PSYoungGen: 416747K->184366K(465920K)] 867912K->635804K(1273856K), 0.0200586 secs] [Times: user=0.03 sys=0.00, real=0.02 secs] 
1071.422: [GC (Allocation Failure) [PSYoungGen: 409583K->92769K(465920K)] 861021K->544480K(1273856K), 0.0155828 secs] [Times: user=0.03 sys=0.00, real=0.01 secs] 
1072.959: [GC (Allocation Failure) [PSYoungGen: 325729K->37716K(465920K)] 777440K->489741K(1273856K), 0.0074158 secs] [Times: user=0.01 sys=0.00, real=0.01 secs] 
1073.274: [GC (Allocation Failure) [PSYoungGen: 270676K->184687K(465920K)] 722701K->637949K(1273856K), 0.0201059 secs] [Times: user=0.03 sys=0.00, real=0.02 secs] 
1073.619: [GC (Allocation Failure) [PSYoungGen: 417647K->184526K(465920K)] 870909K->638182K(1273856K), 0.0204248 secs] [Times: user=0.03 sys=0.00, real=0.03 secs] 
1075.012: [GC (Allocation Failure) [PSYoungGen: 406979K->91709K(465920K)] 860635K->545533K(1273856K), 0.0117988 secs] [Times: user=0.02 sys=0.00, real=0.01 secs] 
1076.007: [GC (Allocation Failure) [PSYoungGen: 324669K->37845K(465920K)] 778493K->491969K(1273856K), 0.0060830 secs] [Times: user=0.02 sys=0.00, real=0.01 secs] 
1076.277: [GC (Allocation Failure) [PSYoungGen: 270805K->184976K(465920K)] 724929K->640337K(1273856K), 0.0202106 secs] [Times: user=0.02 sys=0.00, real=0.02 secs] 
1076.560: [GC (Allocation Failure) [PSYoungGen: 417936K->184237K(465920K)] 873297K->639872K(1273856K), 0.0203580 secs] [Times: user=0.03 sys=0.00, real=0.02 secs] 
1077.224: [GC (Allocation Failure) [PSYoungGen: 407087K->91644K(465920K)] 862722K->547672K(1273856K), 0.0105147 secs] [Times: user=0.02 sys=0.00, real=0.01 secs] 
1078.056: [GC (Allocation Failure) [PSYoungGen: 324604K->37716K(465920K)] 780632K->493930K(1273856K), 0.0053848 secs] [Times: user=0.02 sys=0.00, real=0.01 secs] 
1078.325: [GC (Allocation Failure) [PSYoungGen: 270676K->184687K(465920K)] 726890K->642154K(1273856K), 0.0202612 secs] [Times: user=0.03 sys=0.00, real=0.02 secs] 
1078.609: [GC (Allocation Failure) [PSYoungGen: 417647K->184623K(465920K)] 875114K->642491K(1273856K), 0.0205987 secs] [Times: user=0.02 sys=0.00, real=0.03 secs] 
1079.986: [GC (Allocation Failure) [PSYoungGen: 407316K->91644K(465920K)] 865185K->549786K(1273856K), 0.0123091 secs] [Times: user=0.02 sys=0.00, real=0.01 secs] 
1080.854: [GC (Allocation Failure) [PSYoungGen: 324604K->37973K(465920K)] 782746K->496310K(1273856K), 0.0082596 secs] [Times: user=0.02 sys=0.00, real=0.01 secs] 
1081.254: [GC (Allocation Failure) [PSYoungGen: 270933K->183787K(465920K)] 729270K->643370K(1273856K), 0.0203942 secs] [Times: user=0.03 sys=0.00, real=0.02 secs] 
1081.541: [GC (Allocation Failure) [PSYoungGen: 416747K->184719K(465920K)] 876330K->644574K(1273856K), 0.0204743 secs] [Times: user=0.02 sys=0.00, real=0.02 secs] 
1083.603: [GC (Allocation Failure) [PSYoungGen: 410163K->92255K(465920K)] 870019K->552383K(1273856K), 0.0258310 secs] [Times: user=0.05 sys=0.00, real=0.02 secs] 
1084.660: [GC (Allocation Failure) [PSYoungGen: 325215K->38134K(465920K)] 785343K->498576K(1273856K), 0.0054292 secs] [Times: user=0.01 sys=0.00, real=0.00 secs] 
1084.932: [GC (Allocation Failure) [PSYoungGen: 271094K->184558K(465920K)] 731536K->646246K(1273856K), 0.0202373 secs] [Times: user=0.02 sys=0.00, real=0.02 secs] 
1085.220: [GC (Allocation Failure) [PSYoungGen: 417518K->184237K(465920K)] 879206K->646198K(1273856K), 0.0202368 secs] [Times: user=0.03 sys=0.00, real=0.02 secs] 
1088.234: [GC (Allocation Failure) [PSYoungGen: 406806K->91709K(465920K)] 868767K->553935K(1273856K), 0.0240006 secs] [Times: user=0.04 sys=0.00, real=0.02 secs] 
1089.513: [GC (Allocation Failure) [PSYoungGen: 324669K->37874K(465920K)] 786895K->500406K(1273856K), 0.0054320 secs] [Times: user=0.02 sys=0.00, real=0.00 secs] 
1089.783: [GC (Allocation Failure) [PSYoungGen: 270834K->184976K(465920K)] 733366K->648761K(1273856K), 0.0203437 secs] [Times: user=0.02 sys=0.00, real=0.02 secs] 
1090.068: [GC (Allocation Failure) [PSYoungGen: 417936K->184205K(465920K)] 881721K->648392K(1273856K), 0.0203083 secs] [Times: user=0.03 sys=0.00, real=0.02 secs] 
1090.802: [GC (Allocation Failure) [PSYoungGen: 407179K->91741K(465920K)] 871366K->556064K(1273856K), 0.0111220 secs] [Times: user=0.02 sys=0.00, real=0.01 secs] 
1092.883: [GC (Allocation Failure) [PSYoungGen: 324701K->37970K(465920K)] 789024K->502618K(1273856K), 0.0081729 secs] [Times: user=0.02 sys=0.00, real=0.01 secs] 
1093.279: [GC (Allocation Failure) [PSYoungGen: 270930K->184719K(465920K)] 735578K->650611K(1273856K), 0.0205058 secs] [Times: user=0.03 sys=0.00, real=0.03 secs] 
1093.617: [GC (Allocation Failure) [PSYoungGen: 417679K->184590K(465920K)] 883571K->650885K(1273856K), 0.0203962 secs] [Times: user=0.03 sys=0.00, real=0.02 secs] 
1094.890: [GC (Allocation Failure) [PSYoungGen: 407057K->91484K(465920K)] 873351K->557938K(1273856K), 0.0157357 secs] [Times: user=0.03 sys=0.01, real=0.01 secs] 
1096.230: [GC (Allocation Failure) [PSYoungGen: 324444K->37845K(465920K)] 790898K->504605K(1273856K), 0.0055756 secs] [Times: user=0.01 sys=0.00, real=0.00 secs] 
1096.499: [GC (Allocation Failure) [PSYoungGen: 270805K->184430K(465920K)] 737565K->652564K(1273856K), 0.0202852 secs] [Times: user=0.03 sys=0.00, real=0.03 secs] 
1096.783: [GC (Allocation Failure) [PSYoungGen: 417390K->184558K(465920K)] 885524K->652837K(1273856K), 0.0200483 secs] [Times: user=0.03 sys=0.00, real=0.02 secs] 
1097.553: [GC (Allocation Failure) [PSYoungGen: 411760K->91837K(465920K)] 880039K->560381K(1273856K), 0.0118820 secs] [Times: user=0.02 sys=0.00, real=0.01 secs] 
1099.090: [GC (Allocation Failure) [PSYoungGen: 324797K->37842K(465920K)] 793341K->506692K(1273856K), 0.0072132 secs] [Times: user=0.02 sys=0.00, real=0.00 secs] 
1099.401: [GC (Allocation Failure) [PSYoungGen: 270802K->183916K(465920K)] 739652K->654003K(1273856K), 0.0200148 secs] [Times: user=0.02 sys=0.00, real=0.02 secs] 
1099.737: [GC (Allocation Failure) [PSYoungGen: 416876K->184269K(465920K)] 886963K->654630K(1273856K), 0.0203030 secs] [Times: user=0.03 sys=0.00, real=0.02 secs] 
1100.416: [GC (Allocation Failure) [PSYoungGen: 408602K->92672K(465920K)] 878963K->563298K(1273856K), 0.0117575 secs] [Times: user=0.03 sys=0.00, real=0.01 secs] 
1101.301: [GC (Allocation Failure) [PSYoungGen: 325632K->38102K(465920K)] 796258K->509033K(1273856K), 0.0063207 secs] [Times: user=0.02 sys=0.00, real=0.00 secs] 
1101.578: [GC (Allocation Failure) [PSYoungGen: 271062K->184944K(465920K)] 741993K->657121K(1273856K), 0.0202241 secs] [Times: user=0.03 sys=0.00, real=0.02 secs] 
1101.862: [GC (Allocation Failure) [PSYoungGen: 417904K->184847K(465920K)] 890081K->657297K(1273856K), 0.0201693 secs] [Times: user=0.03 sys=0.00, real=0.02 secs] 
1103.042: [GC (Allocation Failure) [PSYoungGen: 406990K->90841K(465920K)] 879440K->563701K(1273856K), 0.0153930 secs] [Times: user=0.03 sys=0.00, real=0.01 secs] 
1104.503: [GC (Allocation Failure) [PSYoungGen: 323801K->37845K(465920K)] 796661K->510876K(1273856K), 0.0062956 secs] [Times: user=0.01 sys=0.00, real=0.01 secs] 
1104.779: [GC (Allocation Failure) [PSYoungGen: 270805K->183916K(465920K)] 743836K->658200K(1273856K), 0.0201376 secs] [Times: user=0.02 sys=0.00, real=0.02 secs] 
1105.120: [GC (Allocation Failure) [PSYoungGen: 416876K->184430K(465920K)] 891160K->658995K(1273856K), 0.0202136 secs] [Times: user=0.03 sys=0.00, real=0.02 secs] 
1105.816: [GC (Allocation Failure) [PSYoungGen: 409627K->92512K(465920K)] 884193K->567342K(1273856K), 0.0129074 secs] [Times: user=0.02 sys=0.00, real=0.01 secs] 
1106.650: [GC (Allocation Failure) [PSYoungGen: 325472K->38002K(465920K)] 800302K->513141K(1273856K), 0.0054947 secs] [Times: user=0.01 sys=0.00, real=0.00 secs] 
1106.921: [GC (Allocation Failure) [PSYoungGen: 270962K->184173K(465920K)] 746101K->660556K(1273856K), 0.0201663 secs] [Times: user=0.03 sys=0.00, real=0.02 secs] 
1107.259: [GC (Allocation Failure) [PSYoungGen: 417133K->184494K(465920K)] 893516K->661151K(1273856K), 0.0203296 secs] [Times: user=0.03 sys=0.00, real=0.02 secs] 
1107.968: [GC (Allocation Failure) [PSYoungGen: 407550K->91998K(465920K)] 884207K->568928K(1273856K), 0.0119693 secs] [Times: user=0.02 sys=0.00, real=0.02 secs] 
1109.564: [GC (Allocation Failure) [PSYoungGen: 324958K->37973K(465920K)] 801888K->515217K(1273856K), 0.0075025 secs] [Times: user=0.01 sys=0.00, real=0.01 secs] 
1109.878: [GC (Allocation Failure) [PSYoungGen: 270933K->184430K(465920K)] 748177K->662919K(1273856K), 0.0201476 secs] [Times: user=0.03 sys=0.00, real=0.02 secs] 
1110.221: [GC (Allocation Failure) [PSYoungGen: 417390K->184494K(465920K)] 895879K->663256K(1273856K), 0.0202703 secs] [Times: user=0.03 sys=0.00, real=0.02 secs] 
1111.495: [GC (Allocation Failure) [PSYoungGen: 407029K->91757K(465920K)] 885792K->570792K(1273856K), 0.0134482 secs] [Times: user=0.03 sys=0.00, real=0.01 secs] 
1113.578: [GC (Allocation Failure) [PSYoungGen: 324717K->38134K(465920K)] 803752K->517467K(1273856K), 0.0064489 secs] [Times: user=0.01 sys=0.00, real=0.01 secs] 
1113.861: [GC (Allocation Failure) [PSYoungGen: 271094K->184462K(465920K)] 750427K->665056K(1273856K), 0.0201473 secs] [Times: user=0.02 sys=0.00, real=0.02 secs] 
1114.144: [GC (Allocation Failure) [PSYoungGen: 417422K->184301K(465920K)] 898016K->665169K(1273856K), 0.0202665 secs] [Times: user=0.03 sys=0.00, real=0.02 secs] 
1115.086: [GC (Allocation Failure) [PSYoungGen: 404726K->91837K(465920K)] 885594K->573098K(1273856K), 0.0119355 secs] [Times: user=0.02 sys=0.00, real=0.01 secs] 
1115.977: [GC (Allocation Failure) [PSYoungGen: 324797K->37970K(465920K)] 806058K->519411K(1273856K), 0.0054342 secs] [Times: user=0.01 sys=0.00, real=0.01 secs] 
1116.307: [GC (Allocation Failure) [PSYoungGen: 270930K->184687K(465920K)] 752371K->667373K(1273856K), 0.0203418 secs] [Times: user=0.03 sys=0.00, real=0.02 secs] 
1116.594: [GC (Allocation Failure) [PSYoungGen: 417647K->186486K(465920K)] 900333K->669445K(1273856K), 0.0204568 secs] [Times: user=0.03 sys=0.00, real=0.02 secs] 
1117.850: [GC (Allocation Failure) [PSYoungGen: 403739K->89588K(465920K)] 886698K->572812K(1273856K), 0.0142096 secs] [Times: user=0.02 sys=0.00, real=0.01 secs] 
1119.441: [GC (Allocation Failure) [PSYoungGen: 322548K->37813K(465920K)] 805772K->521351K(1273856K), 0.0062574 secs] [Times: user=0.01 sys=0.00, real=0.00 secs] 
1119.719: [GC (Allocation Failure) [PSYoungGen: 270773K->184173K(465920K)] 754311K->668948K(1273856K), 0.0202832 secs] [Times: user=0.02 sys=0.00, real=0.02 secs] 
1120.007: [GC (Allocation Failure) [PSYoungGen: 417133K->186389K(465920K)] 901908K->671438K(1273856K), 0.0204127 secs] [Times: user=0.03 sys=0.00, real=0.02 secs] 
1120.626: [GC (Allocation Failure) [PSYoungGen: 408314K->90295K(465920K)] 893363K->575608K(1273856K), 0.0105060 secs] [Times: user=0.02 sys=0.01, real=0.01 secs] 
1121.441: [GC (Allocation Failure) [PSYoungGen: 323255K->38259K(465920K)] 808568K->523887K(1273856K), 0.0055120 secs] [Times: user=0.01 sys=0.00, real=0.00 secs] 
1121.710: [GC (Allocation Failure) [PSYoungGen: 271219K->184173K(465920K)] 756847K->671054K(1273856K), 0.0203701 secs] [Times: user=0.03 sys=0.00, real=0.02 secs] 
1122.056: [GC (Allocation Failure) [PSYoungGen: 417133K->184526K(465920K)] 904014K->671680K(1273856K), 0.0202659 secs] [Times: user=0.02 sys=0.00, real=0.02 secs] 
1123.511: [GC (Allocation Failure) [PSYoungGen: 407057K->91773K(465920K)] 894211K->579328K(1273856K), 0.0122472 secs] [Times: user=0.02 sys=0.00, real=0.01 secs] 
1124.356: [GC (Allocation Failure) [PSYoungGen: 324733K->38005K(465920K)] 812288K->525754K(1273856K), 0.0054243 secs] [Times: user=0.01 sys=0.01, real=0.01 secs] 
1124.625: [GC (Allocation Failure) [PSYoungGen: 270965K->183787K(465920K)] 758714K->672781K(1273856K), 0.0201314 secs] [Times: user=0.03 sys=0.00, real=0.02 secs] 
1124.909: [GC (Allocation Failure) [PSYoungGen: 416747K->184430K(465920K)] 905741K->673697K(1273856K), 0.0203409 secs] [Times: user=0.03 sys=0.00, real=0.02 secs] 
1125.525: [GC (Allocation Failure) [PSYoungGen: 409672K->92480K(465920K)] 898940K->582012K(1273856K), 0.0105620 secs] [Times: user=0.02 sys=0.00, real=0.01 secs] 
1126.805: [GC (Allocation Failure) [PSYoungGen: 325440K->37877K(465920K)] 814972K->527715K(1273856K), 0.0068479 secs] [Times: user=0.02 sys=0.00, real=0.01 secs] 
1127.102: [GC (Allocation Failure) [PSYoungGen: 270837K->184687K(465920K)] 760675K->675770K(1273856K), 0.0201880 secs] [Times: user=0.03 sys=0.00, real=0.02 secs] 
1127.440: [GC (Allocation Failure) [PSYoungGen: 417647K->184623K(465920K)] 908730K->675980K(1273856K), 0.0203683 secs] [Times: user=0.03 sys=0.00, real=0.02 secs] 
1128.046: [GC (Allocation Failure) [PSYoungGen: 407187K->91516K(465920K)] 898544K->583137K(1273856K), 0.0119955 secs] [Times: user=0.02 sys=0.00, real=0.01 secs] 
1128.889: [GC (Allocation Failure) [PSYoungGen: 324476K->37973K(465920K)] 816097K->529901K(1273856K), 0.0055277 secs] [Times: user=0.01 sys=0.00, real=0.01 secs] 
1129.226: [GC (Allocation Failure) [PSYoungGen: 270933K->183916K(465920K)] 762861K->677089K(1273856K), 0.0204536 secs] [Times: user=0.03 sys=0.00, real=0.02 secs] 
1129.567: [GC (Allocation Failure) [PSYoungGen: 416876K->184366K(465920K)] 910049K->677812K(1273856K), 0.0204533 secs] [Times: user=0.02 sys=0.00, real=0.02 secs] 
1131.740: [GC (Allocation Failure) [PSYoungGen: 409571K->92351K(465920K)] 903017K->586063K(1273856K), 0.0124573 secs] [Times: user=0.02 sys=0.00, real=0.01 secs] 
1134.002: [GC (Allocation Failure) [PSYoungGen: 325311K->37748K(465920K)] 819023K->531757K(1273856K), 0.0075846 secs] [Times: user=0.01 sys=0.00, real=0.01 secs] 
1134.396: [GC (Allocation Failure) [PSYoungGen: 270708K->184687K(465920K)] 764717K->679941K(1273856K), 0.0204649 secs] [Times: user=0.03 sys=0.00, real=0.02 secs] 
1134.746: [GC (Allocation Failure) [PSYoungGen: 417647K->184655K(465920K)] 912901K->680182K(1273856K), 0.0203490 secs] [Times: user=0.03 sys=0.01, real=0.02 secs] 
1135.814: [GC (Allocation Failure) [PSYoungGen: 407212K->91612K(465920K)] 902740K->587413K(1273856K), 0.0131870 secs] [Times: user=0.03 sys=0.00, real=0.01 secs] 
1138.122: [GC (Allocation Failure) [PSYoungGen: 324572K->37588K(465920K)] 820373K->533696K(1273856K), 0.0066839 secs] [Times: user=0.01 sys=0.00, real=0.00 secs] 
1138.413: [GC (Allocation Failure) [PSYoungGen: 270548K->184687K(465920K)] 766656K->682049K(1273856K), 0.0201588 secs] [Times: user=0.03 sys=0.00, real=0.02 secs] 
1138.697: [GC (Allocation Failure) [PSYoungGen: 417647K->184655K(465920K)] 915009K->682290K(1273856K), 0.0201719 secs] [Times: user=0.03 sys=0.00, real=0.02 secs] 
1139.438: [GC (Allocation Failure) [PSYoungGen: 407459K->91741K(465920K)] 905094K->589649K(1273856K), 0.0114123 secs] [Times: user=0.02 sys=0.00, real=0.02 secs] 
1140.414: [GC (Allocation Failure) [PSYoungGen: 324701K->38005K(465920K)] 822609K->536227K(1273856K), 0.0056430 secs] [Times: user=0.02 sys=0.00, real=0.01 secs] 
1140.683: [GC (Allocation Failure) [PSYoungGen: 270965K->183916K(465920K)] 769187K->683383K(1273856K), 0.0201388 secs] [Times: user=0.02 sys=0.00, real=0.02 secs] 
1140.970: [GC (Allocation Failure) [PSYoungGen: 416876K->184398K(465920K)] 916343K->684138K(1273856K), 0.0205895 secs] [Times: user=0.03 sys=0.00, real=0.02 secs] 
1142.137: [GC (Allocation Failure) [PSYoungGen: 409610K->92383K(465920K)] 909350K->592397K(1273856K), 0.0187420 secs] [Times: user=0.04 sys=0.00, real=0.02 secs] 
1144.470: [GC (Allocation Failure) [PSYoungGen: 325343K->38002K(465920K)] 825357K->538324K(1273856K), 0.0078578 secs] [Times: user=0.02 sys=0.00, real=0.00 secs] 
1144.792: [GC (Allocation Failure) [PSYoungGen: 270962K->184687K(465920K)] 771284K->686262K(1273856K), 0.0205819 secs] [Times: user=0.02 sys=0.00, real=0.02 secs] 
1145.139: [GC (Allocation Failure) [PSYoungGen: 417647K->184719K(465920K)] 919222K->686575K(1273856K), 0.0204439 secs] [Times: user=0.03 sys=0.00, real=0.02 secs] 
1146.921: [GC (Allocation Failure) [PSYoungGen: 407277K->91355K(465920K)] 909133K->593484K(1273856K), 0.0186867 secs] [Times: user=0.04 sys=0.00, real=0.02 secs] 
1148.607: [GC (Allocation Failure) [PSYoungGen: 324315K->37973K(465920K)] 826444K->540400K(1273856K), 0.0074179 secs] [Times: user=0.02 sys=0.00, real=0.01 secs] 
1148.909: [GC (Allocation Failure) [PSYoungGen: 270933K->183819K(465920K)] 773360K->687483K(1273856K), 0.0201899 secs] [Times: user=0.03 sys=0.00, real=0.02 secs] 
1149.197: [GC (Allocation Failure) [PSYoungGen: 416779K->184398K(465920K)] 920443K->688335K(1273856K), 0.0202492 secs] [Times: user=0.03 sys=0.00, real=0.02 secs] 
1150.410: [GC (Allocation Failure) [PSYoungGen: 409611K->92512K(465920K)] 913548K->596714K(1273856K), 0.0241694 secs] [Times: user=0.04 sys=0.00, real=0.02 secs] 
1152.250: [GC (Allocation Failure) [PSYoungGen: 325472K->37973K(465920K)] 829674K->542467K(1273856K), 0.0070134 secs] [Times: user=0.01 sys=0.00, real=0.00 secs] 
1152.552: [GC (Allocation Failure) [PSYoungGen: 270933K->184687K(465920K)] 775427K->690426K(1273856K), 0.0209142 secs] [Times: user=0.02 sys=0.00, real=0.02 secs] 
1152.840: [GC (Allocation Failure) [PSYoungGen: 417647K->184719K(465920K)] 923386K->690860K(1273856K), 0.0203144 secs] [Times: user=0.03 sys=0.00, real=0.02 secs] 
1153.551: [GC (Allocation Failure) [PSYoungGen: 407178K->91323K(465920K)] 913319K->597737K(1273856K), 0.0118481 secs] [Times: user=0.02 sys=0.00, real=0.01 secs] 
1154.013: [GC (Allocation Failure) [PSYoungGen: 324283K->145153K(465920K)] 830697K->651754K(1273856K), 0.0143416 secs] [Times: user=0.03 sys=0.00, real=0.01 secs] 
1154.217: [GC (Allocation Failure) [PSYoungGen: 378113K->184655K(465920K)] 884714K->725406K(1273856K), 0.0217024 secs] [Times: user=0.04 sys=0.00, real=0.02 secs] 
1154.424: [GC (Allocation Failure) [PSYoungGen: 417615K->183819K(465920K)] 958366K->724716K(1273856K), 0.0201126 secs] [Times: user=0.03 sys=0.00, real=0.02 secs] 
1156.550: [GC (Allocation Failure) [PSYoungGen: 416779K->1344K(465920K)] 957676K->542384K(1273856K), 0.0044188 secs] [Times: user=0.01 sys=0.00, real=0.00 secs] 
1157.376: [GC (Allocation Failure) [PSYoungGen: 234304K->134976K(465920K)] 775344K->676194K(1273856K), 0.0153153 secs] [Times: user=0.02 sys=0.00, real=0.02 secs] 
1157.715: [GC (Allocation Failure) [PSYoungGen: 367936K->184526K(465920K)] 909154K->726990K(1273856K), 0.0205393 secs] [Times: user=0.02 sys=0.00, real=0.02 secs] 
1159.010: [GC (Allocation Failure) [PSYoungGen: 417486K->164720K(465920K)] 959950K->707449K(1273856K), 0.0483945 secs] [Times: user=0.07 sys=0.00, real=0.04 secs] 
1162.549: [GC (Allocation Failure) [PSYoungGen: 397680K->96K(465920K)] 940409K->544262K(1273856K), 0.0035386 secs] [Times: user=0.01 sys=0.00, real=0.01 secs] 
1163.368: [GC (Allocation Failure) [PSYoungGen: 233056K->156503K(465920K)] 777222K->700702K(1273856K), 0.0174138 secs] [Times: user=0.02 sys=0.00, real=0.02 secs] 
1163.649: [GC (Allocation Failure) [PSYoungGen: 389463K->184398K(465920K)] 933662K->729850K(1273856K), 0.0203277 secs] [Times: user=0.02 sys=0.00, real=0.02 secs] 
1164.165: [GC (Allocation Failure) [PSYoungGen: 417358K->149529K(465920K)] 962810K->695383K(1273856K), 0.0180707 secs] [Times: user=0.02 sys=0.00, real=0.02 secs] 
1165.229: [GC (Allocation Failure) [PSYoungGen: 382489K->64K(465920K)] 928343K->547228K(1273856K), 0.0024928 secs] [Times: user=0.01 sys=0.00, real=0.01 secs] 
1165.556: [GC (Allocation Failure) [PSYoungGen: 233024K->179059K(465920K)] 780188K->726248K(1273856K), 0.0198820 secs] [Times: user=0.02 sys=0.00, real=0.02 secs] 
1165.840: [GC (Allocation Failure) [PSYoungGen: 412019K->184398K(465920K)] 959208K->732824K(1273856K), 0.0202415 secs] [Times: user=0.03 sys=0.00, real=0.02 secs] 
1166.621: [GC (Allocation Failure) [PSYoungGen: 417358K->135101K(465920K)] 965784K->683793K(1273856K), 0.0156555 secs] [Times: user=0.03 sys=0.00, real=0.01 secs] 
1169.622: [GC (Allocation Failure) [PSYoungGen: 368007K->17152K(465920K)] 916698K->566158K(1273856K), 0.0058346 secs] [Times: user=0.01 sys=0.00, real=0.00 secs] 
1169.945: [GC (Allocation Failure) [PSYoungGen: 250112K->183884K(465920K)] 799118K->734127K(1273856K), 0.0202121 secs] [Times: user=0.03 sys=0.00, real=0.02 secs] 
1170.229: [GC (Allocation Failure) [PSYoungGen: 416844K->184398K(465920K)] 967087K->734914K(1273856K), 0.0203540 secs] [Times: user=0.03 sys=0.00, real=0.03 secs] 
1171.449: [GC (Allocation Failure) [PSYoungGen: 417358K->113252K(465920K)] 967874K->664033K(1273856K), 0.0142833 secs] [Times: user=0.02 sys=0.00, real=0.01 secs] 
1172.447: [GC (Allocation Failure) [PSYoungGen: 346212K->39933K(465920K)] 896993K->591036K(1273856K), 0.0087378 secs] [Times: user=0.02 sys=0.00, real=0.01 secs] 
1172.802: [GC (Allocation Failure) [PSYoungGen: 272893K->186325K(465920K)] 823996K->738802K(1273856K), 0.0206492 secs] [Times: user=0.02 sys=0.00, real=0.02 secs] 
1173.086: [GC (Allocation Failure) [PSYoungGen: 419285K->184815K(465920K)] 971762K->737437K(1273856K), 0.0204360 secs] [Times: user=0.02 sys=0.00, real=0.02 secs] 
1173.771: [GC (Allocation Failure) [PSYoungGen: 417775K->71244K(465920K)] 970397K->624130K(1273856K), 0.0107557 secs] [Times: user=0.02 sys=0.00, real=0.01 secs] 
1174.680: [GC (Allocation Failure) [PSYoungGen: 304204K->65220K(465920K)] 857090K->618422K(1273856K), 0.0095698 secs] [Times: user=0.02 sys=0.00, real=0.01 secs] 
1174.966: [GC (GCLocker Initiated GC) [PSYoungGen: 298180K->185040K(465920K)] 851382K->739480K(1273856K), 0.0204906 secs] [Times: user=0.03 sys=0.00, real=0.02 secs] 
1175.304: [GC (Allocation Failure) [PSYoungGen: 418000K->184783K(465920K)] 973565K->740621K(1273856K), 0.0204700 secs] [Times: user=0.03 sys=0.00, real=0.02 secs] 
1176.236: [GC (Allocation Failure) [PSYoungGen: 417743K->46358K(465920K)] 973581K->602212K(1273856K), 0.0079869 secs] [Times: user=0.02 sys=0.00, real=0.01 secs] 
1177.409: [GC (Allocation Failure) [PSYoungGen: 279318K->90828K(465920K)] 835172K->647024K(1273856K), 0.0108602 secs] [Times: user=0.02 sys=0.00, real=0.02 secs] 
1177.684: [GC (Allocation Failure) [PSYoungGen: 323788K->184655K(465920K)] 879984K->742096K(1273856K), 0.0205763 secs] [Times: user=0.03 sys=0.00, real=0.02 secs] 
1177.967: [GC (GCLocker Initiated GC) [PSYoungGen: 417615K->182695K(465920K)] 975056K->740409K(1273856K), 0.0202585 secs] [Times: user=0.02 sys=0.00, real=0.02 secs] 
1178.896: [GC (Allocation Failure) [PSYoungGen: 415655K->24060K(465920K)] 973372K->582042K(1273856K), 0.0048731 secs] [Times: user=0.01 sys=0.00, real=0.01 secs] 
1180.134: [GC (Allocation Failure) [PSYoungGen: 257020K->112067K(465920K)] 815002K->670277K(1273856K), 0.0129404 secs] [Times: user=0.02 sys=0.00, real=0.01 secs] 
1180.474: [GC (Allocation Failure) [PSYoungGen: 345027K->184141K(465920K)] 903237K->743717K(1273856K), 0.0204933 secs] [Times: user=0.03 sys=0.00, real=0.02 secs] 
1180.821: [GC (Allocation Failure) [PSYoungGen: 417101K->184526K(465920K)] 976677K->744239K(1273856K), 0.0204421 secs] [Times: user=0.03 sys=0.00, real=0.02 secs] 
1182.917: [GC (Allocation Failure) [PSYoungGen: 417486K->1568K(465920K)] 977199K->561674K(1273856K), 0.0025682 secs] [Times: user=0.01 sys=0.00, real=0.01 secs] 
1183.780: [GC (Allocation Failure) [PSYoungGen: 234528K->134205K(465920K)] 794634K->694496K(1273856K), 0.0151324 secs] [Times: user=0.02 sys=0.01, real=0.01 secs] 
1184.059: [GC (Allocation Failure) [PSYoungGen: 367165K->184269K(465920K)] 927456K->745814K(1273856K), 0.0204504 secs] [Times: user=0.03 sys=0.00, real=0.03 secs] 
1184.606: [GC (Allocation Failure) [PSYoungGen: 417229K->165748K(465920K)] 978774K->727558K(1273856K), 0.0209288 secs] [Times: user=0.03 sys=0.00, real=0.02 secs] 
1185.747: [GC (Allocation Failure) [PSYoungGen: 398708K->96K(465920K)] 960518K->563334K(1273856K), 0.0024015 secs] [Times: user=0.02 sys=0.00, real=0.01 secs] 
1186.341: [GC (Allocation Failure) [PSYoungGen: 233056K->156696K(465920K)] 796294K->719950K(1273856K), 0.0175318 secs] [Times: user=0.03 sys=0.00, real=0.01 secs] 
1186.623: [GC (Allocation Failure) [PSYoungGen: 389656K->184301K(465920K)] 952910K->748801K(1273856K), 0.0204828 secs] [Times: user=0.03 sys=0.00, real=0.02 secs] 
1187.625: [GC (Allocation Failure) [PSYoungGen: 417261K->149401K(465920K)] 981761K->714165K(1273856K), 0.0424590 secs] [Times: user=0.06 sys=0.00, real=0.04 secs] 
1190.343: [GC (Allocation Failure) [PSYoungGen: 382361K->64K(465920K)] 947125K->566258K(1273856K), 0.0039184 secs] [Times: user=0.02 sys=0.01, real=0.00 secs] 
1190.755: [GC (Allocation Failure) [PSYoungGen: 233024K->178834K(465920K)] 799218K->745061K(1273856K), 0.0196492 secs] [Times: user=0.03 sys=0.00, real=0.02 secs] 
1191.039: [GC (Allocation Failure) [PSYoungGen: 411794K->184398K(465920K)] 978021K->751862K(1273856K), 0.0204944 secs] [Times: user=0.03 sys=0.00, real=0.03 secs] 
1191.577: [GC (Allocation Failure) [PSYoungGen: 417358K->135406K(465920K)] 984822K->703135K(1273856K), 0.0163981 secs] [Times: user=0.03 sys=0.00, real=0.02 secs] 
1192.533: [GC (Allocation Failure) [PSYoungGen: 368366K->17664K(465920K)] 936095K->585708K(1273856K), 0.0040842 secs] [Times: user=0.01 sys=0.01, real=0.00 secs] 
1192.808: [GC (Allocation Failure) [PSYoungGen: 250624K->186325K(465920K)] 818668K->755744K(1273856K), 0.0205025 secs] [Times: user=0.03 sys=0.00, real=0.02 secs] 
1193.100: [GC (Allocation Failure) [PSYoungGen: 419285K->186132K(465920K)] 988704K->755696K(1273856K), 0.0205376 secs] [Times: user=0.02 sys=0.00, real=0.02 secs] 
1195.384: [GC (Allocation Failure) [PSYoungGen: 419092K->108625K(465920K)] 988656K->678454K(1273856K), 0.0195825 secs] [Times: user=0.04 sys=0.00, real=0.02 secs] 
1196.666: [GC (Allocation Failure) [PSYoungGen: 341585K->44528K(465920K)] 911414K->614672K(1273856K), 0.0073281 secs] [Times: user=0.01 sys=0.00, real=0.01 secs] 
1196.944: [GC (Allocation Failure) [PSYoungGen: 277488K->185843K(465920K)] 847632K->757233K(1273856K), 0.0206538 secs] [Times: user=0.02 sys=0.00, real=0.02 secs] 
1197.288: [GC (Allocation Failure) [PSYoungGen: 418803K->185811K(465920K)] 990193K->757474K(1273856K), 0.0203992 secs] [Times: user=0.03 sys=0.00, real=0.02 secs] 
1198.008: [GC (Allocation Failure) [PSYoungGen: 418771K->66071K(465920K)] 990434K->637999K(1273856K), 0.0101683 secs] [Times: user=0.02 sys=0.00, real=0.01 secs] 
1198.765: [GC (Allocation Failure) [PSYoungGen: 299031K->70104K(465920K)] 870959K->642346K(1273856K), 0.0089526 secs] [Times: user=0.02 sys=0.00, real=0.01 secs] 
1199.037: [GC (Allocation Failure) [PSYoungGen: 303064K->184301K(465920K)] 875306K->757788K(1273856K), 0.0202399 secs] [Times: user=0.03 sys=0.00, real=0.02 secs] 
1199.379: [GC (Allocation Failure) [PSYoungGen: 417261K->183755K(465920K)] 990748K->757515K(1273856K), 0.0202009 secs] [Times: user=0.03 sys=0.00, real=0.03 secs] 
1200.159: [GC (Allocation Failure) [PSYoungGen: 416715K->44029K(465920K)] 990475K->618055K(1273856K), 0.0078907 secs] [Times: user=0.01 sys=0.00, real=0.01 secs] 
1200.832: [GC (Allocation Failure) [PSYoungGen: 276989K->92146K(465920K)] 851015K->666477K(1273856K), 0.0109794 secs] [Times: user=0.02 sys=0.00, real=0.01 secs] 
1201.168: [GC (Allocation Failure) [PSYoungGen: 325106K->184044K(465920K)] 899437K->759613K(1273856K), 0.0211190 secs] [Times: user=0.04 sys=0.00, real=0.02 secs] 
1201.507: [GC (Allocation Failure) [PSYoungGen: 417004K->184012K(465920K)] 992573K->759846K(1273856K), 0.0202603 secs] [Times: user=0.03 sys=0.00, real=0.02 secs] 
1202.999: [GC (Allocation Failure) [PSYoungGen: 416972K->22148K(465920K)] 992806K->598375K(1273856K), 0.0050889 secs] [Times: user=0.02 sys=0.00, real=0.01 secs] 
1203.696: [GC (Allocation Failure) [PSYoungGen: 255108K->114155K(465920K)] 831335K->690570K(1273856K), 0.0152014 secs] [Times: user=0.03 sys=0.00, real=0.02 secs] 
1204.056: [GC (Allocation Failure) [PSYoungGen: 347115K->184141K(465920K)] 923530K->761929K(1273856K), 0.0204588 secs] [Times: user=0.03 sys=0.00, real=0.02 secs] 
1204.401: [GC (Allocation Failure) [PSYoungGen: 417101K->182598K(465920K)] 994889K->760531K(1273856K), 0.0202804 secs] [Times: user=0.02 sys=0.00, real=0.02 secs] 
1206.865: [GC (Allocation Failure) [PSYoungGen: 415558K->1312K(465920K)] 993491K->579389K(1273856K), 0.0030889 secs] [Times: user=0.01 sys=0.00, real=0.00 secs] 
1207.356: [GC (Allocation Failure) [PSYoungGen: 234272K->135136K(465920K)] 812349K->713399K(1273856K), 0.0153731 secs] [Times: user=0.02 sys=0.00, real=0.02 secs] 
1207.635: [GC (Allocation Failure) [PSYoungGen: 368096K->184526K(465920K)] 946359K->764043K(1273856K), 0.0213277 secs] [Times: user=0.02 sys=0.00, real=0.02 secs] 
1208.352: [GC (Allocation Failure) [PSYoungGen: 417486K->164607K(465920K)] 997003K->744389K(1273856K), 0.0290292 secs] [Times: user=0.04 sys=0.00, real=0.03 secs] 
1210.956: [GC (Allocation Failure) [PSYoungGen: 397567K->64K(465920K)] 977349K->581273K(1273856K), 0.0030326 secs] [Times: user=0.02 sys=0.00, real=0.01 secs] 
1211.487: [GC (Allocation Failure) [PSYoungGen: 233024K->157853K(465920K)] 814233K->739086K(1273856K), 0.0176973 secs] [Times: user=0.03 sys=0.00, real=0.02 secs] 
1211.768: [GC (Allocation Failure) [PSYoungGen: 390813K->184430K(465920K)] 972046K->766908K(1273856K), 0.0204165 secs] [Times: user=0.02 sys=0.00, real=0.02 secs] 
1213.292: [GC (Allocation Failure) [PSYoungGen: 417390K->148115K(465920K)] 999868K->730859K(1273856K), 0.0215998 secs] [Times: user=0.04 sys=0.00, real=0.02 secs] 
1214.856: [GC (Allocation Failure) [PSYoungGen: 381075K->64K(465920K)] 963819K->584259K(1273856K), 0.0025737 secs] [Times: user=0.01 sys=0.00, real=0.00 secs] 
1215.179: [GC (Allocation Failure) [PSYoungGen: 233024K->179895K(465920K)] 817219K->764139K(1273856K), 0.0197807 secs] [Times: user=0.03 sys=0.00, real=0.02 secs] 
1215.465: [GC (Allocation Failure) [PSYoungGen: 412855K->184012K(465920K)] 997099K->769502K(1273856K), 0.0267434 secs] [Times: user=0.05 sys=0.00, real=0.03 secs] 
1217.240: [GC (Allocation Failure) [PSYoungGen: 416972K->134683K(465920K)] 1002462K->720438K(1273856K), 0.0275681 secs] [Times: user=0.05 sys=0.01, real=0.02 secs] 
1219.599: [GC (Allocation Failure) [PSYoungGen: 367643K->17442K(465920K)] 953398K->603502K(1273856K), 0.0045501 secs] [Times: user=0.02 sys=0.00, real=0.01 secs] 
1219.891: [GC (Allocation Failure) [PSYoungGen: 250402K->186325K(465920K)] 836462K->773623K(1273856K), 0.0204643 secs] [Times: user=0.03 sys=0.00, real=0.02 secs] 
1220.182: [GC (Allocation Failure) [PSYoungGen: 419285K->185972K(465920K)] 1006583K->773535K(1273856K), 0.0206117 secs] [Times: user=0.03 sys=0.00, real=0.02 secs] 
1221.384: [GC (Allocation Failure) [PSYoungGen: 418932K->109043K(465920K)] 1006495K->696871K(1273856K), 0.0152381 secs] [Times: user=0.03 sys=0.00, real=0.01 secs] 
1223.132: [GC (Allocation Failure) [PSYoungGen: 342003K->43789K(465920K)] 929831K->631923K(1273856K), 0.0075096 secs] [Times: user=0.01 sys=0.00, real=0.01 secs] 
1223.497: [GC (Allocation Failure) [PSYoungGen: 276749K->186036K(465920K)] 864883K->775423K(1273856K), 0.0208357 secs] [Times: user=0.02 sys=0.00, real=0.02 secs] 
1223.838: [GC (Allocation Failure) [PSYoungGen: 418996K->184590K(465920K)] 1008383K->774275K(1273856K), 0.0204462 secs] [Times: user=0.02 sys=0.00, real=0.02 secs] 
1224.639: [GC (Allocation Failure) [PSYoungGen: 417550K->68031K(465920K)] 1007235K->657980K(1273856K), 0.0104217 secs] [Times: user=0.02 sys=0.00, real=0.01 secs] 
1225.975: [GC (Allocation Failure) [PSYoungGen: 300991K->68947K(465920K)] 890940K->659203K(1273856K), 0.0121175 secs] [Times: user=0.02 sys=0.00, real=0.01 secs] 
1226.301: [GC (Allocation Failure) [PSYoungGen: 301907K->185940K(465920K)] 892163K->777433K(1273856K), 0.0208924 secs] [Times: user=0.03 sys=0.00, real=0.02 secs] 
1226.587: [GC (Allocation Failure) [PSYoungGen: 418900K->184494K(465920K)] 1010393K->776260K(1273856K), 0.0204484 secs] [Times: user=0.02 sys=0.00, real=0.02 secs] 
1227.683: [GC (Allocation Failure) [PSYoungGen: 417454K->42824K(465920K)] 1009220K->634855K(1273856K), 0.0091845 secs] [Times: user=0.02 sys=0.00, real=0.01 secs] 
1229.505: [GC (Allocation Failure) [PSYoungGen: 275784K->94427K(465920K)] 867815K->686764K(1273856K), 0.0113230 secs] [Times: user=0.01 sys=0.00, real=0.01 secs] 
1229.783: [GC (Allocation Failure) [PSYoungGen: 327387K->186357K(465920K)] 919724K->779932K(1273856K), 0.0204755 secs] [Times: user=0.03 sys=0.00, real=0.02 secs] 
1230.067: [GC (Allocation Failure) [PSYoungGen: 419317K->184590K(465920K)] 1012892K->778437K(1273856K), 0.0204101 secs] [Times: user=0.02 sys=0.00, real=0.02 secs] 
1231.482: [GC (Allocation Failure) [PSYoungGen: 417550K->16991K(465920K)] 1011397K->611232K(1273856K), 0.0044382 secs] [Times: user=0.01 sys=0.00, real=0.00 secs] 
1232.039: [GC (Allocation Failure) [PSYoungGen: 249951K->119907K(465920K)] 844192K->714327K(1273856K), 0.0137901 secs] [Times: user=0.02 sys=0.00, real=0.02 secs] 
1232.320: [GC (Allocation Failure) [PSYoungGen: 352867K->186068K(465920K)] 947287K->781871K(1273856K), 0.0206626 secs] [Times: user=0.03 sys=0.00, real=0.02 secs] 
1232.783: [GC (Allocation Failure) [PSYoungGen: 419028K->177223K(465920K)] 1014831K->773162K(1273856K), 0.0237826 secs] [Times: user=0.03 sys=0.00, real=0.02 secs] 
1234.882: [GC (Allocation Failure) [PSYoungGen: 410183K->96K(465920K)] 1006122K->597476K(1273856K), 0.0025332 secs] [Times: user=0.01 sys=0.00, real=0.00 secs] 
1235.340: [GC (Allocation Failure) [PSYoungGen: 233056K->145418K(465920K)] 830436K->742839K(1273856K), 0.0164019 secs] [Times: user=0.02 sys=0.00, real=0.01 secs] 
1235.681: [GC (Allocation Failure) [PSYoungGen: 378378K->185940K(465920K)] 975799K->784606K(1273856K), 0.0207705 secs] [Times: user=0.03 sys=0.00, real=0.02 secs] 
1236.395: [GC (Allocation Failure) [PSYoungGen: 418900K->159056K(465920K)] 1017566K->757987K(1273856K), 0.0232539 secs] [Times: user=0.04 sys=0.00, real=0.02 secs] 
1238.408: [GC (Allocation Failure) [PSYoungGen: 392016K->64K(465920K)] 990947K->600434K(1273856K), 0.0026892 secs] [Times: user=0.01 sys=0.00, real=0.01 secs] 
1238.779: [GC (Allocation Failure) [PSYoungGen: 233024K->170962K(465920K)] 833394K->771357K(1273856K), 0.0190561 secs] [Times: user=0.03 sys=0.00, real=0.02 secs] 
1239.064: [GC (Allocation Failure) [PSYoungGen: 403922K->186197K(465920K)] 1004317K->787829K(1273856K), 0.0207317 secs] [Times: user=0.03 sys=0.00, real=0.02 secs] 
1239.658: [GC (Allocation Failure) [PSYoungGen: 419157K->141415K(465920K)] 1020789K->743441K(1273856K), 0.0185747 secs] [Times: user=0.03 sys=0.00, real=0.02 secs] 
1240.897: [GC (Allocation Failure) [PSYoungGen: 374375K->12651K(465920K)] 976401K->614856K(1273856K), 0.0043896 secs] [Times: user=0.02 sys=0.00, real=0.01 secs] 
1241.291: [GC (Allocation Failure) [PSYoungGen: 245611K->184398K(465920K)] 847816K->787840K(1273856K), 0.0204882 secs] [Times: user=0.02 sys=0.00, real=0.02 secs] 
1241.582: [GC (Allocation Failure) [PSYoungGen: 417358K->184430K(465920K)] 1020800K->788137K(1273856K), 0.0203607 secs] [Times: user=0.03 sys=0.00, real=0.02 secs] 
1242.229: [GC (Allocation Failure) [PSYoungGen: 417390K->117220K(465920K)] 1021097K->721193K(1273856K), 0.0159291 secs] [Times: user=0.03 sys=0.00, real=0.02 secs] 
1243.146: [GC (Allocation Failure) [PSYoungGen: 350180K->36817K(465920K)] 954153K->641103K(1273856K), 0.0093741 secs] [Times: user=0.02 sys=0.00, real=0.01 secs] 
1243.504: [GC (Allocation Failure) [PSYoungGen: 269777K->185875K(465920K)] 874063K->791400K(1273856K), 0.0205586 secs] [Times: user=0.03 sys=0.00, real=0.02 secs] 
1243.840: [GC (Allocation Failure) [PSYoungGen: 418835K->184430K(465920K)] 1024360K->790243K(1273856K), 0.0204875 secs] [Times: user=0.03 sys=0.00, real=0.02 secs] 
1246.219: [GC (Allocation Failure) [PSYoungGen: 417390K->75180K(465920K)] 1023203K->681258K(1273856K), 0.0280096 secs] [Times: user=0.06 sys=0.00, real=0.03 secs] 
1247.134: [GC (Allocation Failure) [PSYoungGen: 308140K->60850K(465920K)] 914218K->667231K(1273856K), 0.0079329 secs] [Times: user=0.02 sys=0.00, real=0.01 secs] 
1247.407: [GC (Allocation Failure) [PSYoungGen: 293810K->184526K(465920K)] 900191K->792152K(1273856K), 0.0203075 secs] [Times: user=0.03 sys=0.00, real=0.02 secs] 
1247.693: [GC (Allocation Failure) [PSYoungGen: 417486K->186422K(465920K)] 1025112K->794450K(1273856K), 0.0207189 secs] [Times: user=0.02 sys=0.00, real=0.02 secs] 
1248.996: [GC (Allocation Failure) [PSYoungGen: 419382K->50391K(465920K)] 1027410K->658563K(1273856K), 0.0080108 secs] [Times: user=0.02 sys=0.00, real=0.01 secs] 
1249.735: [GC (Allocation Failure) [PSYoungGen: 283351K->86170K(465920K)] 891523K->694649K(1273856K), 0.0106433 secs] [Times: user=0.02 sys=0.00, real=0.01 secs] 
1250.011: [GC (Allocation Failure) [PSYoungGen: 319130K->185940K(465920K)] 927609K->795786K(1273856K), 0.0204813 secs] [Times: user=0.03 sys=0.00, real=0.02 secs] 
1250.302: [GC (Allocation Failure) [PSYoungGen: 418900K->186004K(465920K)] 1028746K->795994K(1273856K), 0.0206520 secs] [Times: user=0.03 sys=0.00, real=0.02 secs] 
1251.164: [GC (Allocation Failure) [PSYoungGen: 418964K->24188K(465920K)] 1028954K->634572K(1273856K), 0.0049687 secs] [Times: user=0.01 sys=0.00, real=0.01 secs] 
1251.786: [GC (Allocation Failure) [PSYoungGen: 257148K->113255K(465920K)] 867532K->723825K(1273856K), 0.0131720 secs] [Times: user=0.02 sys=0.00, real=0.01 secs] 
1252.118: [GC (Allocation Failure) [PSYoungGen: 346215K->185683K(465920K)] 956785K->797498K(1273856K), 0.0207203 secs] [Times: user=0.03 sys=0.00, real=0.02 secs] 
1252.459: [GC (Allocation Failure) [PSYoungGen: 418643K->181956K(465920K)] 1030458K->794044K(1273856K), 0.0200141 secs] [Times: user=0.02 sys=0.00, real=0.02 secs] 
1254.697: [GC (Allocation Failure) [PSYoungGen: 414916K->1376K(465920K)] 1027004K->613616K(1273856K), 0.0026639 secs] [Times: user=0.02 sys=0.01, real=0.01 secs] 
1255.516: [GC (Allocation Failure) [PSYoungGen: 234336K->134398K(465920K)] 846576K->746815K(1273856K), 0.0155232 secs] [Times: user=0.02 sys=0.00, real=0.02 secs] 
1255.794: [GC (Allocation Failure) [PSYoungGen: 367358K->184301K(465920K)] 979775K->797948K(1273856K), 0.0206368 secs] [Times: user=0.03 sys=0.00, real=0.02 secs] 
1256.330: [GC (Allocation Failure) [PSYoungGen: 417261K->167571K(465920K)] 1030908K->781612K(1273856K), 0.0252152 secs] [Times: user=0.03 sys=0.00, real=0.02 secs] 
1257.330: [GC (Allocation Failure) [PSYoungGen: 400531K->96K(465920K)] 1014572K->615434K(1273856K), 0.0024908 secs] [Times: user=0.01 sys=0.00, real=0.00 secs] 
1257.728: [GC (Allocation Failure) [PSYoungGen: 233056K->157082K(465920K)] 848394K->772436K(1273856K), 0.0175320 secs] [Times: user=0.02 sys=0.00, real=0.02 secs] 
1258.014: [GC (Allocation Failure) [PSYoungGen: 390042K->184398K(465920K)] 1005396K->800998K(1273856K), 0.0203116 secs] [Times: user=0.03 sys=0.00, real=0.02 secs] 
1258.801: [GC (Allocation Failure) [PSYoungGen: 417358K->148934K(465920K)] 1033958K->765808K(1273856K), 0.0198731 secs] [Times: user=0.03 sys=0.00, real=0.02 secs] 
1260.820: [GC (Allocation Failure) [PSYoungGen: 381894K->96K(465920K)] 998768K->618408K(1273856K), 0.0042973 secs] [Times: user=0.02 sys=0.00, real=0.00 secs] 
1261.268: [GC (Allocation Failure) [PSYoungGen: 233056K->179317K(465920K)] 851368K->797645K(1273856K), 0.0198008 secs] [Times: user=0.03 sys=0.00, real=0.02 secs] 
1261.558: [GC (Allocation Failure) [PSYoungGen: 412277K->184430K(465920K)] 1030605K->803988K(1273856K), 0.0206521 secs] [Times: user=0.03 sys=0.00, real=0.02 secs] 
1262.720: [GC (Allocation Failure) [PSYoungGen: 417390K->134812K(465920K)] 1036948K->754635K(1273856K), 0.0375294 secs] [Times: user=0.07 sys=0.01, real=0.03 secs] 
1264.944: [GC (Allocation Failure) [PSYoungGen: 367772K->17570K(465920K)] 987595K->637691K(1273856K), 0.0052585 secs] [Times: user=0.02 sys=0.00, real=0.01 secs] 
1265.247: [GC (Allocation Failure) [PSYoungGen: 250530K->184141K(465920K)] 870651K->805515K(1273856K), 0.0203874 secs] [Times: user=0.03 sys=0.00, real=0.02 secs] 
1265.530: [GC (Allocation Failure) [PSYoungGen: 417101K->183948K(465920K)] 1038475K->805595K(1273856K), 0.0204455 secs] [Times: user=0.02 sys=0.00, real=0.02 secs] 
1266.187: [GC (Allocation Failure) [PSYoungGen: 416908K->113091K(465920K)] 1038555K->735133K(1273856K), 0.0150036 secs] [Times: user=0.03 sys=0.00, real=0.02 secs] 
1267.630: [GC (Allocation Failure) [PSYoungGen: 346051K->39644K(465920K)] 968093K->661855K(1273856K), 0.0069268 secs] [Times: user=0.02 sys=0.00, real=0.00 secs] 
1267.919: [GC (Allocation Failure) [PSYoungGen: 272604K->186325K(465920K)] 894815K->809774K(1273856K), 0.0209308 secs] [Times: user=0.03 sys=0.00, real=0.03 secs] 
1268.260: [GC (Allocation Failure) [PSYoungGen: 419285K->186100K(465920K)] 1042734K->809822K(1273856K), 0.0208332 secs] [Times: user=0.02 sys=0.00, real=0.02 secs] 
1269.663: [GC (Allocation Failure) [PSYoungGen: 419060K->70200K(465920K)] 1042782K->694186K(1273856K), 0.0147850 secs] [Times: user=0.03 sys=0.00, real=0.01 secs] 
1272.239: [GC (Allocation Failure) [PSYoungGen: 303160K->66763K(465920K)] 927146K->691062K(1273856K), 0.0104886 secs] [Times: user=0.02 sys=0.00, real=0.02 secs] 
1272.534: [GC (Allocation Failure) [PSYoungGen: 299723K->185715K(465920K)] 924022K->811268K(1273856K), 0.0206240 secs] [Times: user=0.03 sys=0.00, real=0.02 secs] 
1272.818: [GC (Allocation Failure) [PSYoungGen: 418675K->184366K(465920K)] 1044228K->810192K(1273856K), 0.0205599 secs] [Times: user=0.02 sys=0.00, real=0.02 secs] 
1274.102: [GC (Allocation Failure) [PSYoungGen: 417326K->45379K(465920K)] 1043152K->671599K(1273856K), 0.0078164 secs] [Times: user=0.01 sys=0.00, real=0.01 secs] 
1274.811: [GC (Allocation Failure) [PSYoungGen: 278339K->91342K(465920K)] 904559K->717750K(1273856K), 0.0108828 secs] [Times: user=0.02 sys=0.00, real=0.01 secs] 
1275.088: [GC (Allocation Failure) [PSYoungGen: 324302K->186068K(465920K)] 950710K->813721K(1273856K), 0.0207031 secs] [Times: user=0.03 sys=0.00, real=0.02 secs] 
1275.431: [GC (Allocation Failure) [PSYoungGen: 419028K->185972K(465920K)] 1046681K->814026K(1273856K), 0.0206375 secs] [Times: user=0.03 sys=0.00, real=0.02 secs] 
1276.998: [GC (Allocation Failure) [PSYoungGen: 418932K->18855K(465920K)] 1046986K->647174K(1273856K), 0.0044033 secs] [Times: user=0.02 sys=0.00, real=0.01 secs] 
1277.705: [GC (Allocation Failure) [PSYoungGen: 251815K->117465K(465920K)] 880134K->745957K(1273856K), 0.0136131 secs] [Times: user=0.02 sys=0.00, real=0.01 secs] 
1278.044: [GC (Allocation Failure) [PSYoungGen: 350425K->185940K(465920K)] 978917K->815678K(1273856K), 0.0207173 secs] [Times: user=0.03 sys=0.00, real=0.02 secs] 
1278.394: [GC (Allocation Failure) [PSYoungGen: 418900K->179841K(465920K)] 1048638K->809853K(1273856K), 0.0215621 secs] [Times: user=0.03 sys=0.00, real=0.02 secs] 
1279.318: [GC (Allocation Failure) [PSYoungGen: 412801K->64K(465920K)] 1042813K->631515K(1273856K), 0.0025330 secs] [Times: user=0.01 sys=0.00, real=0.01 secs] 
1279.881: [GC (Allocation Failure) [PSYoungGen: 233024K->142398K(465920K)] 864475K->773857K(1273856K), 0.0162482 secs] [Times: user=0.02 sys=0.00, real=0.01 secs] 
1280.221: [GC (Allocation Failure) [PSYoungGen: 375358K->184012K(465920K)] 1006817K->816709K(1273856K), 0.0204311 secs] [Times: user=0.03 sys=0.00, real=0.02 secs] 
1280.669: [GC (Allocation Failure) [PSYoungGen: 415185K->159876K(465920K)] 1047882K->792846K(1273856K), 0.0235615 secs] [Times: user=0.04 sys=0.00, real=0.03 secs] 
1281.621: [GC (Allocation Failure) [PSYoungGen: 392836K->96K(465920K)] 1025806K->634501K(1273856K), 0.0026841 secs] [Times: user=0.01 sys=0.00, real=0.00 secs] 
1282.051: [GC (Allocation Failure) [PSYoungGen: 233056K->161580K(465920K)] 867461K->796010K(1273856K), 0.0181438 secs] [Times: user=0.02 sys=0.00, real=0.01 secs] 
1282.398: [GC (Allocation Failure) [PSYoungGen: 394540K->184526K(465920K)] 1028970K->820330K(1273856K), 0.0205752 secs] [Times: user=0.02 sys=0.00, real=0.02 secs] 
1283.475: [GC (Allocation Failure) [PSYoungGen: 417486K->144260K(465920K)] 1053290K->780200K(1273856K), 0.0304468 secs] [Times: user=0.05 sys=0.00, real=0.03 secs] 
1286.210: [GC (Allocation Failure) [PSYoungGen: 377220K->64K(465920K)] 1013160K->637447K(1273856K), 0.0036856 secs] [Times: user=0.01 sys=0.00, real=0.00 secs] 
1286.672: [GC (Allocation Failure) [PSYoungGen: 233024K->186417K(465920K)] 870407K->823825K(1273856K), 0.0209600 secs] [Times: user=0.02 sys=0.00, real=0.02 secs] 
1286.991: [GC (Allocation Failure) [PSYoungGen: 419377K->184783K(465920K)] 1056785K->823429K(1273856K), 0.0231301 secs] [Times: user=0.03 sys=0.00, real=0.02 secs] 
1287.930: [GC (Allocation Failure) [PSYoungGen: 417743K->127422K(465920K)] 1056389K->766332K(1273856K), 0.0154918 secs] [Times: user=0.02 sys=0.00, real=0.01 secs] 
1290.047: [GC (Allocation Failure) [PSYoungGen: 360367K->24735K(465920K)] 999278K->663952K(1273856K), 0.0063381 secs] [Times: user=0.02 sys=0.00, real=0.01 secs] 
1290.368: [GC (Allocation Failure) [PSYoungGen: 257695K->183755K(465920K)] 896912K->824217K(1273856K), 0.0202667 secs] [Times: user=0.03 sys=0.00, real=0.02 secs] 
1290.709: [GC (Allocation Failure) [PSYoungGen: 416715K->184365K(465920K)] 1057177K->825100K(1273856K), 0.0205383 secs] [Times: user=0.02 sys=0.00, real=0.03 secs] 
1291.943: [GC (Allocation Failure) [PSYoungGen: 417325K->105926K(465920K)] 1058060K->746926K(1273856K), 0.0217333 secs] [Times: user=0.05 sys=0.00, real=0.02 secs] 
1293.014: [GC (Allocation Failure) [PSYoungGen: 338886K->46681K(465920K)] 979886K->687980K(1273856K), 0.0073974 secs] [Times: user=0.02 sys=0.00, real=0.01 secs] 
1293.292: [GC (Allocation Failure) [PSYoungGen: 279641K->183884K(465920K)] 920940K->826421K(1273856K), 0.0203947 secs] [Times: user=0.03 sys=0.00, real=0.02 secs] 
1293.638: [GC (Allocation Failure) [PSYoungGen: 416844K->184398K(465920K)] 1059381K->827208K(1273856K), 0.0205653 secs] [Times: user=0.03 sys=0.00, real=0.02 secs] 
1295.195: [GC (Allocation Failure) [PSYoungGen: 417358K->67180K(465920K)] 1060168K->710263K(1273856K), 0.0114875 secs] [Times: user=0.03 sys=0.01, real=0.01 secs] 
1296.876: [GC (Allocation Failure) [PSYoungGen: 300140K->68658K(465920K)] 943223K->712041K(1273856K), 0.0107189 secs] [Times: user=0.03 sys=0.00, real=0.01 secs] 
1297.171: [GC (Allocation Failure) [PSYoungGen: 301618K->184012K(465920K)] 945001K->828633K(1273856K), 0.0204006 secs] [Times: user=0.02 sys=0.00, real=0.02 secs] 
1297.461: [GC (Allocation Failure) [PSYoungGen: 416972K->184044K(465920K)] 1061593K->828938K(1273856K), 0.0235016 secs] [Times: user=0.03 sys=0.00, real=0.02 secs] 
1299.339: [GC (Allocation Failure) [PSYoungGen: 417004K->45523K(465920K)] 1061898K->690818K(1273856K), 0.0128368 secs] [Times: user=0.03 sys=0.00, real=0.02 secs] 
1300.563: [GC (Allocation Failure) [PSYoungGen: 278483K->90186K(465920K)] 923778K->735652K(1273856K), 0.0108802 secs] [Times: user=0.02 sys=0.00, real=0.01 secs] 
1300.837: [GC (Allocation Failure) [PSYoungGen: 323146K->184141K(465920K)] 968612K->830845K(1273856K), 0.0203349 secs] [Times: user=0.03 sys=0.00, real=0.02 secs] 
1301.121: [GC (Allocation Failure) [PSYoungGen: 417101K->184398K(465920K)] 1063805K->831375K(1273856K), 0.0202510 secs] [Times: user=0.03 sys=0.00, real=0.02 secs] 
1303.611: [GC (Allocation Failure) [PSYoungGen: 417358K->23578K(465920K)] 1064335K->670828K(1273856K), 0.0064618 secs] [Times: user=0.02 sys=0.00, real=0.00 secs] 
1304.189: [GC (Allocation Failure) [PSYoungGen: 256538K->112677K(465920K)] 903788K->760243K(1273856K), 0.0131896 secs] [Times: user=0.02 sys=0.01, real=0.01 secs] 
1304.466: [GC (Allocation Failure) [PSYoungGen: 345637K->184269K(465920K)] 993203K->833081K(1273856K), 0.0204167 secs] [Times: user=0.03 sys=0.00, real=0.02 secs] 
1304.750: [GC (Allocation Failure) [PSYoungGen: 417229K->183851K(465920K)] 1066041K->833065K(1273856K), 0.0204483 secs] [Times: user=0.03 sys=0.00, real=0.02 secs] 
1307.744: [GC (Allocation Failure) [PSYoungGen: 416811K->1408K(465920K)] 1066025K->650629K(1273856K), 0.0033312 secs] [Times: user=0.02 sys=0.00, real=0.00 secs] 
1308.216: [GC (Allocation Failure) [PSYoungGen: 234368K->134944K(465920K)] 883589K->784342K(1273856K), 0.0155152 secs] [Times: user=0.03 sys=0.00, real=0.02 secs] 
1308.559: [GC (Allocation Failure) [PSYoungGen: 367904K->183884K(465920K)] 1017302K->834519K(1273856K), 0.0205001 secs] [Times: user=0.03 sys=0.00, real=0.03 secs] 
1309.375: [GC (Allocation Failure) [PSYoungGen: 416844K->165315K(465920K)] 1067479K->816216K(1273856K), 0.0307335 secs] [Times: user=0.04 sys=0.00, real=0.03 secs] 
1311.654: [GC (Allocation Failure) [PSYoungGen: 398275K->64K(465920K)] 1049176K->652392K(1273856K), 0.0026818 secs] [Times: user=0.02 sys=0.00, real=0.00 secs] 
1312.056: [GC (Allocation Failure) [PSYoungGen: 233024K->156985K(465920K)] 885352K->809338K(1273856K), 0.0176160 secs] [Times: user=0.03 sys=0.00, real=0.02 secs] 
1312.397: [GC (Allocation Failure) [PSYoungGen: 389945K->184269K(465920K)] 1042298K->837867K(1273856K), 0.0206866 secs] [Times: user=0.03 sys=0.00, real=0.02 secs] 
1313.366: [GC (Allocation Failure) [PSYoungGen: 417229K->149175K(465920K)] 1070827K->803047K(1273856K), 0.0287959 secs] [Times: user=0.05 sys=0.01, real=0.03 secs] 
1316.148: [GC (Allocation Failure) [PSYoungGen: 382135K->96K(465920K)] 1036007K->655413K(1273856K), 0.0035059 secs] [Times: user=0.01 sys=0.00, real=0.01 secs] 
1316.692: [GC (Allocation Failure) [PSYoungGen: 233056K->177003K(465920K)] 888373K->832344K(1273856K), 0.0198043 secs] [Times: user=0.03 sys=0.00, real=0.02 secs] 
1316.982: [GC (Allocation Failure) [PSYoungGen: 409963K->184012K(465920K)] 1065304K->840719K(1273856K), 0.0207290 secs] [Times: user=0.02 sys=0.00, real=0.02 secs] 
1317.970: [GC (Allocation Failure) [PSYoungGen: 416972K->137543K(465920K)] 1073679K->794387K(1273856K), 0.0204893 secs] [Times: user=0.04 sys=0.00, real=0.02 secs] 
1319.471: [GC (Allocation Failure) [PSYoungGen: 370503K->14679K(465920K)] 1027347K->671683K(1273856K), 0.0040132 secs] [Times: user=0.01 sys=0.00, real=0.00 secs] 
1319.745: [GC (Allocation Failure) [PSYoungGen: 247639K->184558K(465920K)] 904643K->842809K(1273856K), 0.0204235 secs] [Times: user=0.03 sys=0.00, real=0.02 secs] 
1320.030: [GC (Allocation Failure) [PSYoungGen: 417518K->184269K(465920K)] 1075769K->842793K(1273856K), 0.0204140 secs] [Times: user=0.03 sys=0.00, real=0.02 secs] 
1323.165: [GC (Allocation Failure) [PSYoungGen: 417229K->115148K(465920K)] 1075753K->774065K(1273856K), 0.0303659 secs] [Times: user=0.06 sys=0.00, real=0.03 secs] 
1325.203: [GC (Allocation Failure) [PSYoungGen: 348108K->37363K(465920K)] 1007025K->696457K(1273856K), 0.0086339 secs] [Times: user=0.02 sys=0.00, real=0.01 secs] 
1325.608: [GC (Allocation Failure) [PSYoungGen: 270323K->186357K(465920K)] 929417K->846705K(1273856K), 0.0213296 secs] [Times: user=0.03 sys=0.00, real=0.03 secs] 
1325.901: [GC (Allocation Failure) [PSYoungGen: 419317K->184847K(465920K)] 1079665K->845468K(1273856K), 0.0204812 secs] [Times: user=0.03 sys=0.00, real=0.02 secs] 
1326.645: [GC (Allocation Failure) [PSYoungGen: 417807K->73766K(465920K)] 1078428K->734652K(1273856K), 0.0118105 secs] [Times: user=0.02 sys=0.00, real=0.01 secs] 
1327.932: [GC (Allocation Failure) [PSYoungGen: 306726K->62264K(465920K)] 967612K->723474K(1273856K), 0.0081782 secs] [Times: user=0.02 sys=0.00, real=0.01 secs] 
1328.209: [GC (Allocation Failure) [PSYoungGen: 295224K->186325K(465920K)] 956434K->848773K(1273856K), 0.0235811 secs] [Times: user=0.03 sys=0.00, real=0.03 secs] 
1328.606: [GC (Allocation Failure) [PSYoungGen: 419285K->186100K(465920K)] 1081733K->848821K(1273856K), 0.0206497 secs] [Times: user=0.02 sys=0.00, real=0.02 secs] 
1330.125: [GC (Allocation Failure) [PSYoungGen: 419060K->47579K(465920K)] 1081781K->710693K(1273856K), 0.0092579 secs] [Times: user=0.02 sys=0.00, real=0.01 secs] 
1331.628: [GC (Allocation Failure) [PSYoungGen: 280539K->89158K(465920K)] 943653K->752459K(1273856K), 0.0108186 secs] [Times: user=0.02 sys=0.00, real=0.01 secs] 
1331.906: [GC (Allocation Failure) [PSYoungGen: 322118K->185683K(465920K)] 985419K->850238K(1273856K), 0.0209629 secs] [Times: user=0.03 sys=0.00, real=0.02 secs] 
1332.193: [GC (Allocation Failure) [PSYoungGen: 418643K->184366K(465920K)] 1083198K->849193K(1273856K), 0.0205612 secs] [Times: user=0.03 sys=0.00, real=0.02 secs] 
1333.641: [GC (Allocation Failure) [PSYoungGen: 417326K->23031K(465920K)] 1082153K->688261K(1273856K), 0.0060130 secs] [Times: user=0.02 sys=0.00, real=0.00 secs] 
1334.975: [GC (Allocation Failure) [PSYoungGen: 255991K->114091K(465920K)] 921221K->779498K(1273856K), 0.0133214 secs] [Times: user=0.03 sys=0.00, real=0.01 secs] 
1335.253: [GC (Allocation Failure) [PSYoungGen: 347051K->185843K(465920K)] 1012458K->852488K(1273856K), 0.0207248 secs] [Times: user=0.02 sys=0.00, real=0.02 secs] 
1335.596: [GC (Allocation Failure) [PSYoungGen: 418803K->182736K(465920K)] 1085448K->849645K(1273856K), 0.0216512 secs] [Times: user=0.03 sys=0.00, real=0.02 secs] 
1337.243: [GC (Allocation Failure) [PSYoungGen: 415696K->64K(465920K)] 1082605K->668404K(1273856K), 0.0033731 secs] [Times: user=0.02 sys=0.00, real=0.00 secs] 
1338.231: [GC (Allocation Failure) [PSYoungGen: 233024K->139025K(465920K)] 901364K->807382K(1273856K), 0.0158664 secs] [Times: user=0.03 sys=0.00, real=0.01 secs] 
1338.576: [GC (Allocation Failure) [PSYoungGen: 371985K->184301K(465920K)] 1040342K->853896K(1273856K), 0.0205855 secs] [Times: user=0.02 sys=0.00, real=0.02 secs] 
1339.211: [GC (Allocation Failure) [PSYoungGen: 417261K->162896K(465920K)] 1086856K->832884K(1273856K), 0.0282106 secs] [Times: user=0.04 sys=0.01, real=0.02 secs] 
1341.388: [GC (Allocation Failure) [PSYoungGen: 395856K->64K(465920K)] 1065844K->671359K(1273856K), 0.0073728 secs] [Times: user=0.04 sys=0.00, real=0.01 secs] 
1342.175: [GC (Allocation Failure) [PSYoungGen: 233024K->161452K(465920K)] 904319K->832763K(1273856K), 0.0180479 secs] [Times: user=0.03 sys=0.00, real=0.02 secs] 
1342.456: [GC (Allocation Failure) [PSYoungGen: 394412K->184655K(465920K)] 1065723K->857204K(1273856K), 0.0206275 secs] [Times: user=0.03 sys=0.00, real=0.02 secs] 
1343.450: [GC (Allocation Failure) [PSYoungGen: 417615K->144292K(465920K)] 1090164K->817234K(1273856K), 0.0195770 secs] [Times: user=0.03 sys=0.00, real=0.02 secs] 
1344.444: [GC (Allocation Failure) [PSYoungGen: 377252K->96K(465920K)] 1050194K->673209K(1273856K), 0.0026384 secs] [Times: user=0.02 sys=0.00, real=0.00 secs] 
1344.724: [GC (Allocation Failure) [PSYoungGen: 233056K->184972K(465920K)] 906169K->858117K(1273856K), 0.0204285 secs] [Times: user=0.02 sys=0.00, real=0.02 secs] 
1345.064: [GC (Allocation Failure) [PSYoungGen: 417932K->184141K(465920K)] 1091077K->858516K(1273856K), 0.0205941 secs] [Times: user=0.03 sys=0.00, real=0.02 secs] 
1346.364: [GC (Allocation Failure) [PSYoungGen: 417101K->129446K(465920K)] 1091476K->804086K(1273856K), 0.0339145 secs] [Times: user=0.06 sys=0.01, real=0.03 secs] 
1348.532: [GC (Allocation Failure) [PSYoungGen: 362406K->22775K(465920K)] 1037046K->697707K(1273856K), 0.0059919 secs] [Times: user=0.01 sys=0.00, real=0.00 secs] 
1348.858: [GC (Allocation Failure) [PSYoungGen: 255735K->184044K(465920K)] 930667K->860222K(1273856K), 0.0205182 secs] [Times: user=0.02 sys=0.00, real=0.02 secs] 
1349.197: [GC (Allocation Failure) [PSYoungGen: 417004K->183884K(465920K)] 1093182K->860334K(1273856K), 0.0204637 secs] [Times: user=0.03 sys=0.00, real=0.02 secs] 
1349.809: [GC (Allocation Failure) [PSYoungGen: 416844K->108031K(465920K)] 1093294K->784746K(1273856K), 0.0145534 secs] [Times: user=0.03 sys=0.00, real=0.02 secs] 
1350.846: [GC (Allocation Failure) [PSYoungGen: 340991K->44882K(465920K)] 1017706K->721903K(1273856K), 0.0074997 secs] [Times: user=0.01 sys=0.00, real=0.01 secs] 
1351.193: [GC (Allocation Failure) [PSYoungGen: 277842K->186325K(465920K)] 954863K->864585K(1273856K), 0.0207055 secs] [Times: user=0.03 sys=0.00, real=0.02 secs] 
1351.481: [GC (Allocation Failure) [PSYoungGen: 419285K->184783K(465920K)] 1097545K->863315K(1273856K), 0.0205270 secs] [Times: user=0.03 sys=0.00, real=0.02 secs] 
1353.405: [GC (Allocation Failure) [PSYoungGen: 417743K->66183K(465920K)] 1096275K->744981K(1273856K), 0.0144373 secs] [Times: user=0.02 sys=0.00, real=0.02 secs] 
1355.075: [GC (Allocation Failure) [PSYoungGen: 299143K->70233K(465920K)] 977941K->749343K(1273856K), 0.0108220 secs] [Times: user=0.02 sys=0.00, real=0.01 secs] 
1355.431: [GC (Allocation Failure) [PSYoungGen: 303193K->186100K(465920K)] 982303K->866577K(1273856K), 0.0209552 secs] [Times: user=0.03 sys=0.00, real=0.02 secs] 
1355.721: [GC (Allocation Failure) [PSYoungGen: 419060K->186068K(465920K)] 1099537K->866818K(1273856K), 0.0207933 secs] [Times: user=0.03 sys=0.00, real=0.02 secs] 
1357.830: [GC (Allocation Failure) [PSYoungGen: 419028K->39981K(465920K)] 1099778K->720996K(1273856K), 0.0114813 secs] [Times: user=0.03 sys=0.01, real=0.01 secs] 
1360.409: [GC (Allocation Failure) [PSYoungGen: 272941K->96226K(465920K)] 953956K->777415K(1273856K), 0.0119980 secs] [Times: user=0.02 sys=0.00, real=0.02 secs] 
1360.742: [GC (Allocation Failure) [PSYoungGen: 329186K->185940K(465920K)] 1010375K->868366K(1273856K), 0.0205928 secs] [Times: user=0.03 sys=0.00, real=0.02 secs] 
1361.028: [GC (Allocation Failure) [PSYoungGen: 418900K->185940K(465920K)] 1101326K->868639K(1273856K), 0.0205089 secs] [Times: user=0.03 sys=0.00, real=0.02 secs] 
1362.382: [GC (Allocation Failure) [PSYoungGen: 418900K->14083K(465920K)] 1101599K->697176K(1273856K), 0.0042724 secs] [Times: user=0.01 sys=0.00, real=0.00 secs] 
1363.297: [GC (Allocation Failure) [PSYoungGen: 247043K->122220K(465920K)] 930136K->805498K(1273856K), 0.0140741 secs] [Times: user=0.02 sys=0.00, real=0.02 secs] 
1363.640: [GC (Allocation Failure) [PSYoungGen: 355180K->186004K(465920K)] 1038458K->870648K(1273856K), 0.0208363 secs] [Times: user=0.03 sys=0.00, real=0.02 secs] 
1364.140: [GC (Allocation Failure) [PSYoungGen: 418964K->175006K(465920K)] 1103608K->859810K(1273856K), 0.0240714 secs] [Times: user=0.03 sys=0.00, real=0.02 secs] 
1367.078: [GC (Allocation Failure) [PSYoungGen: 407966K->64K(465920K)] 1092770K->686310K(1273856K), 0.0060059 secs] [Times: user=0.03 sys=0.00, real=0.01 secs] 
1367.807: [GC (Allocation Failure) [PSYoungGen: 233024K->149017K(465920K)] 919270K->835279K(1273856K), 0.0168500 secs] [Times: user=0.03 sys=0.00, real=0.02 secs] 
1368.087: [GC (Allocation Failure) [PSYoungGen: 381977K->184173K(465920K)] 1068239K->871680K(1273856K), 0.0205830 secs] [Times: user=0.03 sys=0.00, real=0.02 secs] 
1368.743: [GC (Allocation Failure) [PSYoungGen: 417133K->157272K(465920K)] 1104640K->845045K(1273856K), 0.0200054 secs] [Times: user=0.03 sys=0.00, real=0.02 secs] 
1371.506: [GC (Allocation Failure) [PSYoungGen: 390232K->96K(465920K)] 1078005K->689294K(1273856K), 0.0044690 secs] [Times: user=0.02 sys=0.00, real=0.01 secs] 
1372.043: [GC (Allocation Failure) [PSYoungGen: 233056K->172119K(465920K)] 922254K->861334K(1273856K), 0.0191740 secs] [Times: user=0.02 sys=0.00, real=0.02 secs] 
1372.325: [GC (Allocation Failure) [PSYoungGen: 405079K->184558K(465920K)] 1094294K->875010K(1273856K), 0.0205139 secs] [Times: user=0.02 sys=0.00, real=0.02 secs] 
1373.301: [GC (Allocation Failure) [PSYoungGen: 417518K->141913K(465920K)] 1107970K->832630K(1273856K), 0.0225692 secs] [Times: user=0.04 sys=0.00, real=0.02 secs] 
1375.444: [GC (Allocation Failure) [PSYoungGen: 374873K->11786K(465920K)] 1065590K->702809K(1273856K), 0.0058396 secs] [Times: user=0.02 sys=0.00, real=0.01 secs] 
1375.781: [GC (Allocation Failure) [PSYoungGen: 244746K->185811K(465920K)] 935769K->878080K(1273856K), 0.0210177 secs] [Times: user=0.03 sys=0.00, real=0.02 secs] 
1376.131: [GC (Allocation Failure) [PSYoungGen: 418771K->185779K(465920K)] 1111040K->878321K(1273856K), 0.0207777 secs] [Times: user=0.02 sys=0.00, real=0.02 secs] 
1377.185: [GC (Allocation Failure) [PSYoungGen: 418739K->115340K(465920K)] 1111281K->808147K(1273856K), 0.0183671 secs] [Times: user=0.03 sys=0.00, real=0.02 secs] 
1378.198: [GC (Allocation Failure) [PSYoungGen: 348300K->37459K(465920K)] 1041107K->730579K(1273856K), 0.0057564 secs] [Times: user=0.02 sys=0.00, real=0.01 secs] 
1378.471: [GC (Allocation Failure) [PSYoungGen: 270419K->186068K(465920K)] 963539K->880434K(1273856K), 0.0207615 secs] [Times: user=0.03 sys=0.00, real=0.02 secs] 
1378.760: [GC (Allocation Failure) [PSYoungGen: 419028K->184655K(465920K)] 1113394K->879294K(1273856K), 0.0205468 secs] [Times: user=0.02 sys=0.00, real=0.02 secs] 
1380.181: [GC (Allocation Failure) [PSYoungGen: 417615K->74039K(465920K)] 1112254K->769072K(1273856K), 0.0176290 secs] [Times: user=0.03 sys=0.00, real=0.01 secs] 
1381.774: [GC (Allocation Failure) [PSYoungGen: 306999K->62618K(465920K)] 1002032K->757827K(1273856K), 0.0104070 secs] [Times: user=0.02 sys=0.00, real=0.01 secs] 
1382.080: [GC (Allocation Failure) [PSYoungGen: 295578K->184783K(465920K)] 990787K->881231K(1273856K), 0.0209082 secs] [Times: user=0.03 sys=0.00, real=0.02 secs] 
1382.366: [GC (Allocation Failure) [PSYoungGen: 417743K->184141K(465920K)] 1114191K->880861K(1273856K), 0.0204976 secs] [Times: user=0.03 sys=0.00, real=0.02 secs] 
1383.726: [GC (Allocation Failure) [PSYoungGen: 417101K->50696K(465920K)] 1113821K->747681K(1273856K), 0.0093649 secs] [Times: user=0.02 sys=0.00, real=0.01 secs] 
1384.425: [GC (Allocation Failure) [PSYoungGen: 283656K->85398K(465920K)] 980641K->782699K(1273856K), 0.0105503 secs] [Times: user=0.02 sys=0.00, real=0.01 secs] 
1384.699: [GC (Allocation Failure) [PSYoungGen: 318358K->184012K(465920K)] 1015659K->882551K(1273856K), 0.0206043 secs] [Times: user=0.03 sys=0.00, real=0.02 secs] 
1384.984: [GC (Allocation Failure) [PSYoungGen: 416972K->184012K(465920K)] 1115511K->882824K(1273856K), 0.0205046 secs] [Times: user=0.03 sys=0.00, real=0.02 secs] 
1385.842: [GC (Allocation Failure) [PSYoungGen: 416972K->28831K(465920K)] 1115784K->727908K(1273856K), 0.0067898 secs] [Times: user=0.01 sys=0.00, real=0.00 secs] 
1386.520: [GC (Allocation Failure) [PSYoungGen: 261791K->107568K(465920K)] 960868K->806951K(1273856K), 0.0128594 secs] [Times: user=0.02 sys=0.00, real=0.01 secs] 
1386.795: [GC (Allocation Failure) [PSYoungGen: 340528K->184141K(465920K)] 1039911K->884777K(1273856K), 0.0206072 secs] [Times: user=0.03 sys=0.00, real=0.02 secs] 
1387.082: [GC (Allocation Failure) [PSYoungGen: 417101K->184590K(465920K)] 1117737K->885499K(1273856K), 0.0207093 secs] [Times: user=0.03 sys=0.00, real=0.02 secs] 
1388.312: [GC (Allocation Failure) [PSYoungGen: 417550K->6066K(465920K)] 1118459K->707377K(1273856K), 0.0038686 secs] [Times: user=0.01 sys=0.00, real=0.00 secs] 
1388.828: [GC (Allocation Failure) [PSYoungGen: 239026K->129900K(465920K)] 940337K->831403K(1273856K), 0.0148447 secs] [Times: user=0.02 sys=0.00, real=0.02 secs] 
1389.107: [GC (Allocation Failure) [PSYoungGen: 362860K->184526K(465920K)] 1064363K->887268K(1273856K), 0.0205301 secs] [Times: user=0.02 sys=0.00, real=0.02 secs] 
1389.475: [GC (Allocation Failure) [PSYoungGen: 417486K->169732K(465920K)] 1120228K->872739K(1273856K), 0.0212977 secs] [Times: user=0.03 sys=0.00, real=0.02 secs] 
1390.412: [GC (Allocation Failure) [PSYoungGen: 402692K->96K(465920K)] 1105699K->704544K(1273856K), 0.0024661 secs] [Times: user=0.02 sys=0.00, real=0.00 secs] 
1390.878: [GC (Allocation Failure) [PSYoungGen: 233026K->154351K(465920K)] 937475K->858816K(1273856K), 0.0173506 secs] [Times: user=0.02 sys=0.00, real=0.02 secs] 
1391.161: [GC (Allocation Failure) [PSYoungGen: 387311K->185940K(465920K)] 1091776K->891771K(1273856K), 0.0208315 secs] [Times: user=0.03 sys=0.00, real=0.02 secs] 
1391.602: [GC (Allocation Failure) [PSYoungGen: 418900K->150043K(465920K)] 1124731K->856011K(1273856K), 0.0178174 secs] [Times: user=0.02 sys=0.00, real=0.02 secs] 
1393.529: [GC (Allocation Failure) [PSYoungGen: 383003K->96K(465920K)] 1088971K->707503K(1273856K), 0.0030039 secs] [Times: user=0.01 sys=0.00, real=0.01 secs] 
1393.967: [GC (Allocation Failure) [PSYoungGen: 233056K->178706K(465920K)] 940463K->886145K(1273856K), 0.0199120 secs] [Times: user=0.03 sys=0.00, real=0.02 secs] 
1394.311: [GC (Allocation Failure) [PSYoungGen: 411666K->186325K(465920K)] 1119105K->895002K(1273856K), 0.0207353 secs] [Times: user=0.03 sys=0.00, real=0.02 secs] 
1394.892: [GC (Allocation Failure) [PSYoungGen: 419285K->133591K(465920K)] 1127962K->842532K(1273856K), 0.0175625 secs] [Times: user=0.03 sys=0.00, real=0.02 secs] 
1396.078: [GC (Allocation Failure) [PSYoungGen: 366551K->20334K(465920K)] 1075492K->729581K(1273856K), 0.0048329 secs] [Times: user=0.02 sys=0.00, real=0.01 secs] 
1396.356: [GC (Allocation Failure) [PSYoungGen: 253294K->185683K(465920K)] 962541K->896304K(1273856K), 0.0207470 secs] [Times: user=0.02 sys=0.00, real=0.02 secs] 
1396.643: [GC (Allocation Failure) [PSYoungGen: 418643K->184366K(465920K)] 1129264K->895132K(1273856K), 0.0206308 secs] [Times: user=0.03 sys=0.00, real=0.02 secs] 
1398.948: [GC (Allocation Failure) [PSYoungGen: 417326K->108240K(465920K)] 1128092K->819271K(1273856K), 0.0333806 secs] [Times: user=0.06 sys=0.00, real=0.04 secs] 
1401.229: [GC (Allocation Failure) [PSYoungGen: 341200K->44914K(465920K)] 1052231K->756250K(1273856K), 0.0091945 secs] [Times: user=0.02 sys=0.00, real=0.01 secs] 
1401.581: [GC (Allocation Failure) [PSYoungGen: 277874K->185940K(465920K)] 989210K->898514K(1273856K), 0.0208992 secs] [Times: user=0.02 sys=0.00, real=0.02 secs] 
1401.867: [GC (Allocation Failure) [PSYoungGen: 418900K->185779K(465920K)] 1131474K->898755K(1273856K), 0.0208428 secs] [Times: user=0.02 sys=0.00, real=0.02 secs] 
1403.132: [GC (Allocation Failure) [PSYoungGen: 418739K->65541K(465920K)] 1131715K->778653K(1273856K), 0.0108209 secs] [Times: user=0.02 sys=0.00, real=0.01 secs] 
1404.042: [GC (Allocation Failure) [PSYoungGen: 298501K->70682K(465920K)] 1011613K->784100K(1273856K), 0.0128285 secs] [Times: user=0.03 sys=0.00, real=0.01 secs] 
1404.362: [GC (Allocation Failure) [PSYoungGen: 303642K->186357K(465920K)] 1017060K->901021K(1273856K), 0.0208337 secs] [Times: user=0.03 sys=0.00, real=0.02 secs] 
1404.707: [GC (Allocation Failure) [PSYoungGen: 419317K->186068K(465920K)] 1133981K->901005K(1273856K), 0.0207978 secs] [Times: user=0.03 sys=0.00, real=0.02 secs] 
1407.926: [GC (Allocation Failure) [PSYoungGen: 419028K->39193K(465920K)] 1133965K->754532K(1273856K), 0.0171675 secs] [Times: user=0.04 sys=0.00, real=0.02 secs] 
1409.285: [GC (Allocation Failure) [PSYoungGen: 272153K->97158K(465920K)] 987492K->812674K(1273856K), 0.0117073 secs] [Times: user=0.02 sys=0.00, real=0.01 secs] 
1409.563: [GC (Allocation Failure) [PSYoungGen: 330118K->185940K(465920K)] 1045634K->902822K(1273856K), 0.0206645 secs] [Times: user=0.03 sys=0.00, real=0.02 secs] 
1409.850: [GC (Allocation Failure) [PSYoungGen: 418900K->185811K(465920K)] 1135782K->902966K(1273856K), 0.0208374 secs] [Times: user=0.03 sys=0.00, real=0.02 secs] 
1410.773: [GC (Allocation Failure) [PSYoungGen: 418771K->13296K(465920K)] 1135926K->730588K(1273856K), 0.0035426 secs] [Times: user=0.02 sys=0.00, real=0.00 secs] 
1411.331: [GC (Allocation Failure) [PSYoungGen: 246256K->122734K(465920K)] 963548K->840331K(1273856K), 0.0141919 secs] [Times: user=0.02 sys=0.00, real=0.01 secs] 
1411.610: [GC (Allocation Failure) [PSYoungGen: 355694K->184141K(465920K)] 1073291K->902967K(1273856K), 0.0204185 secs] [Times: user=0.03 sys=0.00, real=0.02 secs] 
1411.944: [GC (Allocation Failure) [PSYoungGen: 417101K->176243K(465920K)] 1135927K->895335K(1273856K), 0.0230485 secs] [Times: user=0.03 sys=0.00, real=0.02 secs] 
1413.625: [GC (Allocation Failure) [PSYoungGen: 409203K->64K(465920K)] 1128295K->720601K(1273856K), 0.0033593 secs] [Times: user=0.02 sys=0.00, real=0.00 secs] 
1414.360: [GC (Allocation Failure) [PSYoungGen: 233024K->144712K(465920K)] 953561K->865297K(1273856K), 0.0165124 secs] [Times: user=0.02 sys=0.00, real=0.01 secs] 
1414.640: [GC (Allocation Failure) [PSYoungGen: 377672K->184269K(465920K)] 1098257K->906092K(1273856K), 0.0206122 secs] [Times: user=0.03 sys=0.00, real=0.02 secs] 
1415.513: [GC (Allocation Failure) [PSYoungGen: 417229K->161353K(465920K)] 1139052K->883441K(1273856K), 0.0232699 secs] [Times: user=0.03 sys=0.00, real=0.02 secs] 
1418.601: [GC (Allocation Failure) [PSYoungGen: 394313K->96K(465920K)] 1116401K->723618K(1273856K), 0.0045067 secs] [Times: user=0.02 sys=0.00, real=0.00 secs] 
1419.477: [GC (Allocation Failure) [PSYoungGen: 233056K->168585K(465920K)] 956578K->892123K(1273856K), 0.0189843 secs] [Times: user=0.03 sys=0.00, real=0.02 secs] 
1419.820: [GC (Allocation Failure) [PSYoungGen: 401545K->186068K(465920K)] 1125083K->910852K(1273856K), 0.0208062 secs] [Times: user=0.03 sys=0.00, real=0.02 secs] 
1421.554: [GC (Allocation Failure) [PSYoungGen: 419028K->143905K(465920K)] 1143812K->869082K(1273856K), 0.0314702 secs] [Times: user=0.06 sys=0.00, real=0.03 secs] 
1424.167: [GC (Allocation Failure) [PSYoungGen: 376839K->10241K(465920K)] 1102016K->735598K(1273856K), 0.0050284 secs] [Times: user=0.02 sys=0.00, real=0.01 secs] 
1424.489: [GC (Allocation Failure) [PSYoungGen: 243201K->184526K(465920K)] 968558K->911144K(1273856K), 0.0206867 secs] [Times: user=0.03 sys=0.00, real=0.02 secs] 
1424.774: [GC (GCLocker Initiated GC) [PSYoungGen: 417486K->181859K(465920K)] 1144105K->908751K(1273856K), 0.0202400 secs] [Times: user=0.03 sys=0.00, real=0.02 secs] 
1425.378: [GC (Allocation Failure) [PSYoungGen: 414819K->122120K(465920K)] 1141714K->849280K(1273856K), 0.0160731 secs] [Times: user=0.03 sys=0.00, real=0.02 secs] 
1426.391: [GC (Allocation Failure) [PSYoungGen: 354980K->30744K(465920K)] 1082140K->758121K(1273856K), 0.0052061 secs] [Times: user=0.01 sys=0.00, real=0.00 secs] 
1426.659: [GC (Allocation Failure) [PSYoungGen: 263704K->183884K(465920K)] 991081K->912490K(1273856K), 0.0205028 secs] [Times: user=0.03 sys=0.00, real=0.03 secs] 
1426.943: [GC (Allocation Failure) [PSYoungGen: 416844K->184430K(465920K)] 1145450K->913438K(1273856K), 0.0206143 secs] [Times: user=0.03 sys=0.00, real=0.02 secs] 
1428.238: [GC (Allocation Failure) [PSYoungGen: 417390K->83196K(465920K)] 1146398K->812470K(1273856K), 0.0196436 secs] [Times: user=0.03 sys=0.00, real=0.02 secs] 
1429.300: [GC (Allocation Failure) [PSYoungGen: 316156K->52978K(465920K)] 1045430K->782429K(1273856K), 0.0090034 secs] [Times: user=0.02 sys=0.00, real=0.00 secs] 
1429.595: [GC (Allocation Failure) [PSYoungGen: 285938K->186486K(465920K)] 1015389K->917302K(1273856K), 0.0207747 secs] [Times: user=0.03 sys=0.00, real=0.02 secs] 
1429.943: [GC (Allocation Failure) [PSYoungGen: 419446K->186100K(465920K)] 1150262K->917190K(1273856K), 0.0208737 secs] [Times: user=0.03 sys=0.00, real=0.02 secs] 
1431.440: [GC (Allocation Failure) [PSYoungGen: 419060K->56689K(465920K)] 1150150K->788043K(1273856K), 0.0126269 secs] [Times: user=0.03 sys=0.00, real=0.01 secs] 
1432.864: [GC (Allocation Failure) [PSYoungGen: 289649K->79840K(465920K)] 1021003K->811372K(1273856K), 0.0113735 secs] [Times: user=0.02 sys=0.00, real=0.01 secs] 
1433.216: [GC (Allocation Failure) [PSYoungGen: 312800K->185811K(465920K)] 1044332K->918589K(1273856K), 0.0208761 secs] [Times: user=0.03 sys=0.00, real=0.02 secs] 
1433.502: [GC (Allocation Failure) [PSYoungGen: 418771K->184494K(465920K)] 1151549K->917544K(1273856K), 0.0206544 secs] [Times: user=0.02 sys=0.00, real=0.02 secs] 
1435.406: [GC (Allocation Failure) [PSYoungGen: 417454K->32093K(465920K)] 1150504K->765424K(1273856K), 0.0093655 secs] [Times: user=0.02 sys=0.00, real=0.01 secs] 
1436.558: [GC (Allocation Failure) [PSYoungGen: 265053K->103970K(465920K)] 998384K->837599K(1273856K), 0.0126318 secs] [Times: user=0.02 sys=0.00, real=0.02 secs] 
1436.834: [GC (Allocation Failure) [PSYoungGen: 336930K->184944K(465920K)] 1070559K->919810K(1273856K), 0.0207478 secs] [Times: user=0.03 sys=0.00, real=0.02 secs] 
1437.119: [GC (Allocation Failure) [PSYoungGen: 417904K->184141K(465920K)] 1152770K->919409K(1273856K), 0.0207883 secs] [Times: user=0.03 sys=0.00, real=0.03 secs] 
1438.105: [GC (Allocation Failure) [PSYoungGen: 417101K->9247K(465920K)] 1152369K->744652K(1273856K), 0.0032927 secs] [Times: user=0.01 sys=0.00, real=0.00 secs] 
1438.616: [GC (Allocation Failure) [PSYoungGen: 242207K->126876K(465920K)] 977612K->862587K(1273856K), 0.0148399 secs] [Times: user=0.03 sys=0.00, real=0.02 secs] 
1438.894: [GC (Allocation Failure) [PSYoungGen: 359836K->184141K(465920K)] 1095547K->921089K(1273856K), 0.0205556 secs] [Times: user=0.03 sys=0.00, real=0.02 secs] 
1439.388: [GC (Allocation Failure) [PSYoungGen: 417101K->173219K(465920K)] 1154049K->910448K(1273856K), 0.0207031 secs] [Times: user=0.03 sys=0.00, real=0.02 secs] 
1440.512: [GC (Allocation Failure) [PSYoungGen: 406179K->64K(465920K)] 1143408K->738738K(1273856K), 0.0028918 secs] [Times: user=0.01 sys=0.00, real=0.00 secs] 
1440.979: [GC (Allocation Failure) [PSYoungGen: 233024K->148696K(465920K)] 971698K->887387K(1273856K), 0.0177937 secs] [Times: user=0.03 sys=0.00, real=0.02 secs] 
1441.266: [GC (Allocation Failure) [PSYoungGen: 381656K->184655K(465920K)] 1120347K->924591K(1273856K), 0.0205841 secs] [Times: user=0.03 sys=0.01, real=0.02 secs] 
1441.759: [GC (Allocation Failure) [PSYoungGen: 417615K->157047K(465920K)] 1157551K->897378K(1273856K), 0.0194008 secs] [Times: user=0.04 sys=0.00, real=0.02 secs] 
1442.756: [GC (Allocation Failure) [PSYoungGen: 390007K->64K(465920K)] 1130338K->741719K(1273856K), 0.0029689 secs] [Times: user=0.01 sys=0.00, real=0.00 secs] 
1443.860: [GC (Allocation Failure) [PSYoungGen: 233024K->171669K(465920K)] 974679K->913348K(1273856K), 0.0193488 secs] [Times: user=0.03 sys=0.00, real=0.01 secs] 
1444.145: [GC (Allocation Failure) [PSYoungGen: 404629K->184141K(465920K)] 1146308K->927074K(1273856K), 0.0208206 secs] [Times: user=0.03 sys=0.00, real=0.02 secs] 
1444.923: [GC (Allocation Failure) [PSYoungGen: 409261K->134636K(465920K)] 1152194K->877834K(1273856K), 0.0181833 secs] [Times: user=0.03 sys=0.00, real=0.02 secs] 
1446.732: [GC (Allocation Failure) [PSYoungGen: 367502K->128K(465920K)] 1110700K->743652K(1273856K), 0.0029167 secs] [Times: user=0.02 sys=0.00, real=0.00 secs] 
1447.024: [GC (Allocation Failure) [PSYoungGen: 233088K->184329K(465920K)] 976612K->927877K(1273856K), 0.0205537 secs] [Times: user=0.02 sys=0.00, real=0.02 secs] 
1447.312: [GC (Allocation Failure) [PSYoungGen: 417289K->184526K(465920K)] 1160837K->929312K(1273856K), 0.0207078 secs] [Times: user=0.03 sys=0.00, real=0.02 secs] 
1448.151: [GC (Allocation Failure) [PSYoungGen: 417486K->129703K(465920K)] 1162272K->874754K(1273856K), 0.0152519 secs] [Times: user=0.03 sys=0.00, real=0.01 secs] 
1450.309: [GC (Allocation Failure) [PSYoungGen: 362663K->22004K(465920K)] 1107714K->767363K(1273856K), 0.0052863 secs] [Times: user=0.01 sys=0.00, real=0.01 secs] 
1450.668: [GC (Allocation Failure) [PSYoungGen: 254964K->184012K(465920K)] 1000323K->930608K(1273856K), 0.0206712 secs] [Times: user=0.02 sys=0.00, real=0.02 secs] 
1451.012: [GC (Allocation Failure) [PSYoungGen: 416972K->184012K(465920K)] 1163568K->930873K(1273856K), 0.0205215 secs] [Times: user=0.02 sys=0.00, real=0.02 secs] 
1452.155: [GC (Allocation Failure) [PSYoungGen: 416972K->108625K(465920K)] 1163833K->855880K(1273856K), 0.0233990 secs] [Times: user=0.04 sys=0.00, real=0.02 secs] 
1453.989: [GC (Allocation Failure) [PSYoungGen: 341585K->43885K(465920K)] 1088840K->791333K(1273856K), 0.0084052 secs] [Times: user=0.02 sys=0.00, real=0.00 secs] 
1454.376: [GC (Allocation Failure) [PSYoungGen: 276845K->184944K(465920K)] 1024293K->933637K(1273856K), 0.0208073 secs] [Times: user=0.03 sys=0.00, real=0.02 secs] 
1454.661: [GC (Allocation Failure) [PSYoungGen: 417904K->184944K(465920K)] 1166597K->933910K(1273856K), 0.0207685 secs] [Times: user=0.03 sys=0.00, real=0.02 secs] 
1455.384: [GC (Allocation Failure) [PSYoungGen: 417904K->68545K(465920K)] 1166870K->817776K(1273856K), 0.0109949 secs] [Times: user=0.02 sys=0.00, real=0.01 secs] 
1456.251: [GC (Allocation Failure) [PSYoungGen: 301505K->68048K(465920K)] 1050736K->817593K(1273856K), 0.0087594 secs] [Times: user=0.02 sys=0.00, real=0.01 secs] 
1456.526: [GC (Allocation Failure) [PSYoungGen: 301008K->186325K(465920K)] 1050553K->937237K(1273856K), 0.0208062 secs] [Times: user=0.03 sys=0.00, real=0.02 secs] 
1456.812: [GC (Allocation Failure) [PSYoungGen: 419285K->184783K(465920K)] 1170197K->935831K(1273856K), 0.0212020 secs] [Times: user=0.03 sys=0.00, real=0.02 secs] 
1457.678: [GC (Allocation Failure) [PSYoungGen: 417743K->43113K(465920K)] 1168791K->794426K(1273856K), 0.0085946 secs] [Times: user=0.02 sys=0.00, real=0.01 secs] 
1459.008: [GC (Allocation Failure) [PSYoungGen: 276073K->92981K(465920K)] 1027386K->844608K(1273856K), 0.0119789 secs] [Times: user=0.02 sys=0.00, real=0.02 secs] 
1459.287: [GC (Allocation Failure) [PSYoungGen: 325941K->186325K(465920K)] 1077568K->939318K(1273856K), 0.0209326 secs] [Times: user=0.03 sys=0.00, real=0.02 secs] 
1459.572: [GC (Allocation Failure) [PSYoungGen: 419285K->184751K(465920K)] 1172278K->937889K(1273856K), 0.0207427 secs] [Times: user=0.03 sys=0.00, real=0.02 secs] 
1461.200: [GC (Allocation Failure) [PSYoungGen: 417711K->18148K(465920K)] 1170849K->771550K(1273856K), 0.0056189 secs] [Times: user=0.01 sys=0.00, real=0.00 secs] 
1462.177: [GC (Allocation Failure) [PSYoungGen: 251108K->118139K(465920K)] 1004510K->871859K(1273856K), 0.0138164 secs] [Times: user=0.02 sys=0.00, real=0.02 secs] 
1462.510: [GC (Allocation Failure) [PSYoungGen: 351099K->184173K(465920K)] 1104819K->939130K(1273856K), 0.0208300 secs] [Times: user=0.03 sys=0.00, real=0.02 secs] 
1462.951: [GC (Allocation Failure) [PSYoungGen: 417133K->180982K(465920K)] 1172090K->936205K(1273856K), 0.0231854 secs] [Times: user=0.03 sys=0.00, real=0.02 secs] 
1465.736: [GC (Allocation Failure) [PSYoungGen: 413942K->64K(465920K)] 1169165K->756730K(1273856K), 0.0043313 secs] [Times: user=0.02 sys=0.00, real=0.01 secs] 
1466.447: [GC (Allocation Failure) [PSYoungGen: 233024K->139571K(465920K)] 989690K->896270K(1273856K), 0.0160388 secs] [Times: user=0.02 sys=0.00, real=0.02 secs] 
1466.727: [GC (Allocation Failure) [PSYoungGen: 372531K->184301K(465920K)] 1129230K->942238K(1273856K), 0.0204678 secs] [Times: user=0.03 sys=0.00, real=0.02 secs] 
1467.177: [GC (Allocation Failure) [PSYoungGen: 417060K->162382K(465920K)] 1174997K->920584K(1273856K), 0.0229597 secs] [Times: user=0.03 sys=0.00, real=0.03 secs] 
1468.114: [GC (Allocation Failure) [PSYoungGen: 395342K->64K(465920K)] 1153544K->759713K(1273856K), 0.0030737 secs] [Times: user=0.01 sys=0.01, real=0.00 secs] 
1468.532: [GC (Allocation Failure) [PSYoungGen: 233024K->161837K(465920K)] 992673K->921503K(1273856K), 0.0182559 secs] [Times: user=0.02 sys=0.00, real=0.02 secs] 
1468.875: [GC (Allocation Failure) [PSYoungGen: 394797K->184526K(465920K)] 1154463K->945566K(1273856K), 0.0207786 secs] [Times: user=0.03 sys=0.00, real=0.02 secs] 
1469.392: [GC (Allocation Failure) [PSYoungGen: 417486K->144003K(465920K)] 1178526K->905179K(1273856K), 0.0203357 secs] [Times: user=0.03 sys=0.00, real=0.02 secs] 
1470.399: [GC (Allocation Failure) [PSYoungGen: 376963K->96K(465920K)] 1138139K->761573K(1273856K), 0.0028544 secs] [Times: user=0.01 sys=0.00, real=0.01 secs] 
1470.680: [GC (Allocation Failure) [PSYoungGen: 233056K->183943K(465920K)] 994533K->945461K(1273856K), 0.0206229 secs] [Times: user=0.02 sys=0.00, real=0.02 secs] 
1470.965: [GC (Allocation Failure) [PSYoungGen: 416903K->184430K(465920K)] 1178421K->947313K(1273856K), 0.0207043 secs] [Times: user=0.02 sys=0.00, real=0.02 secs] 
1471.950: [GC (Allocation Failure) [PSYoungGen: 417390K->130249K(465920K)] 1180273K->893269K(1273856K), 0.0284878 secs] [Times: user=0.05 sys=0.00, real=0.02 secs] 
1474.847: [GC (Allocation Failure) [PSYoungGen: 363209K->22293K(465920K)] 1126229K->785619K(1273856K), 0.0055887 secs] [Times: user=0.02 sys=0.00, real=0.01 secs] 
1475.145: [GC (Allocation Failure) [PSYoungGen: 255253K->186357K(465920K)] 1018579K->951066K(1273856K), 0.0207082 secs] [Times: user=0.02 sys=0.00, real=0.02 secs] 
1475.429: [GC (Allocation Failure) [PSYoungGen: 419317K->184751K(465920K)] 1184026K->949604K(1273856K), 0.0206019 secs] [Times: user=0.03 sys=0.00, real=0.02 secs] 
1476.044: [GC (Allocation Failure) [PSYoungGen: 417711K->105300K(465920K)] 1182564K->870417K(1273856K), 0.0127272 secs] [Times: user=0.03 sys=0.00, real=0.01 secs] 
1477.431: [GC (Allocation Failure) [PSYoungGen: 338260K->47195K(465920K)] 1103377K->812602K(1273856K), 0.0070619 secs] [Times: user=0.02 sys=0.00, real=0.00 secs] 
1477.706: [GC (Allocation Failure) [PSYoungGen: 280155K->186197K(465920K)] 1045562K->952850K(1273856K), 0.0207869 secs] [Times: user=0.02 sys=0.00, real=0.02 secs] 
1477.998: [GC (Allocation Failure) [PSYoungGen: 419157K->184655K(465920K)] 1185810K->951581K(1273856K), 0.0205107 secs] [Times: user=0.03 sys=0.00, real=0.02 secs] 
1478.937: [GC (Allocation Failure) [PSYoungGen: 417615K->64175K(465920K)] 1184541K->831366K(1273856K), 0.0103052 secs] [Times: user=0.02 sys=0.00, real=0.01 secs] 
1479.892: [GC (Allocation Failure) [PSYoungGen: 297135K->72192K(465920K)] 1064326K->839705K(1273856K), 0.0092857 secs] [Times: user=0.02 sys=0.00, real=0.01 secs] 
1480.227: [GC (Allocation Failure) [PSYoungGen: 305152K->186325K(465920K)] 1072665K->955068K(1273856K), 0.0208560 secs] [Times: user=0.03 sys=0.00, real=0.02 secs] 
1480.576: [GC (Allocation Failure) [PSYoungGen: 419285K->184751K(465920K)] 1188028K->953767K(1273856K), 0.0206584 secs] [Times: user=0.03 sys=0.00, real=0.02 secs] 
1481.574: [GC (Allocation Failure) [PSYoungGen: 417711K->38952K(465920K)] 1186727K->808233K(1273856K), 0.0073154 secs] [Times: user=0.02 sys=0.00, real=0.01 secs] 
1482.689: [GC (Allocation Failure) [PSYoungGen: 271912K->96998K(465920K)] 1041193K->866584K(1273856K), 0.0117397 secs] [Times: user=0.02 sys=0.00, real=0.02 secs] 
1483.023: [GC (Allocation Failure) [PSYoungGen: 329958K->186325K(465920K)] 1099544K->957270K(1273856K), 0.0210098 secs] [Times: user=0.03 sys=0.00, real=0.02 secs] 
1483.362: [GC (Allocation Failure) [PSYoungGen: 419285K->184751K(465920K)] 1190230K->955832K(1273856K), 0.0206431 secs] [Times: user=0.03 sys=0.00, real=0.02 secs] 
1485.314: [GC (Allocation Failure) [PSYoungGen: 417711K->14099K(465920K)] 1188792K->785445K(1273856K), 0.0072011 secs] [Times: user=0.02 sys=0.01, real=0.01 secs] 
1486.009: [GC (Allocation Failure) [PSYoungGen: 247059K->121963K(465920K)] 1018405K->893615K(1273856K), 0.0142833 secs] [Times: user=0.02 sys=0.00, real=0.01 secs] 
1486.347: [GC (Allocation Failure) [PSYoungGen: 354923K->184173K(465920K)] 1126575K->957062K(1273856K), 0.0207259 secs] [Times: user=0.03 sys=0.00, real=0.02 secs] 
1486.831: [GC (Allocation Failure) [PSYoungGen: 417133K->177094K(465920K)] 1190022K->950257K(1273856K), 0.0241355 secs] [Times: user=0.03 sys=0.00, real=0.02 secs] 
1489.455: [GC (Allocation Failure) [PSYoungGen: 410054K->64K(465920K)] 1183217K->774656K(1273856K), 0.0060402 secs] [Times: user=0.03 sys=0.00, real=0.01 secs] 
1490.211: [GC (Allocation Failure) [PSYoungGen: 233024K->143330K(465920K)] 1007616K->917946K(1273856K), 0.0163802 secs] [Times: user=0.03 sys=0.00, real=0.01 secs] 
1490.493: [GC (Allocation Failure) [PSYoungGen: 376290K->184526K(465920K)] 1150906K->960388K(1273856K), 0.0205851 secs] [Times: user=0.02 sys=0.00, real=0.02 secs] 
1491.256: [GC (Allocation Failure) [PSYoungGen: 417486K->162510K(465920K)] 1193348K->938645K(1273856K), 0.0261608 secs] [Times: user=0.04 sys=0.00, real=0.03 secs] 
1493.563: [GC (Allocation Failure) [PSYoungGen: 395470K->96K(465920K)] 1171605K->777676K(1273856K), 0.0039922 secs] [Times: user=0.02 sys=0.00, real=0.00 secs] 
1494.165: [GC (Allocation Failure) [PSYoungGen: 233056K->165211K(465920K)] 1010636K->942823K(1273856K), 0.0185677 secs] [Times: user=0.02 sys=0.00, real=0.02 secs] 
1494.447: [GC (Allocation Failure) [PSYoungGen: 398171K->184269K(465920K)] 1175783K->963119K(1273856K), 0.0206888 secs] [Times: user=0.02 sys=0.00, real=0.02 secs] 
1494.901: [GC (Allocation Failure) [PSYoungGen: 415663K->140902K(465920K)] 1194514K->920025K(1273856K), 0.0156390 secs] [Times: user=0.02 sys=0.01, real=0.01 secs] 
1495.926: [GC (Allocation Failure) [PSYoungGen: 373862K->1312K(465920K)] 1152985K->780733K(1273856K), 0.0024301 secs] [Times: user=0.01 sys=0.00, real=0.00 secs] 
1496.267: [GC (Allocation Failure) [PSYoungGen: 234272K->184526K(465920K)] 1013693K->965193K(1273856K), 0.0207922 secs] [Times: user=0.03 sys=0.00, real=0.02 secs] 
1496.553: [GC (Allocation Failure) [PSYoungGen: 417486K->184237K(465920K)] 1198153K->965177K(1273856K), 0.0207640 secs] [Times: user=0.03 sys=0.00, real=0.02 secs] 
1497.398: [GC (Allocation Failure) [PSYoungGen: 417197K->128578K(465920K)] 1198137K->909783K(1273856K), 0.0185912 secs] [Times: user=0.03 sys=0.00, real=0.02 secs] 
1498.323: [GC (Allocation Failure) [PSYoungGen: 361411K->24347K(465920K)] 1142615K->805857K(1273856K), 0.0044913 secs] [Times: user=0.01 sys=0.00, real=0.00 secs] 
1498.590: [GC (Allocation Failure) [PSYoungGen: 257307K->183787K(465920K)] 1038817K->966535K(1273856K), 0.0205051 secs] [Times: user=0.03 sys=0.00, real=0.02 secs] 
1498.881: [GC (Allocation Failure) [PSYoungGen: 416747K->184301K(465920K)] 1199495K->967322K(1273856K), 0.0205952 secs] [Times: user=0.03 sys=0.00, real=0.02 secs] 
1499.820: [GC (Allocation Failure) [PSYoungGen: 417261K->106312K(465920K)] 1200282K->889598K(1273856K), 0.0144553 secs] [Times: user=0.03 sys=0.00, real=0.01 secs] 
1501.654: [GC (Allocation Failure) [PSYoungGen: 339272K->46038K(465920K)] 1122558K->829622K(1273856K), 0.0078741 secs] [Times: user=0.02 sys=0.00, real=0.01 secs] 
1501.940: [GC (Allocation Failure) [PSYoungGen: 278998K->184141K(465920K)] 1062582K->968970K(1273856K), 0.0206509 secs] [Times: user=0.03 sys=0.00, real=0.02 secs] 
1502.283: [GC (Allocation Failure) [PSYoungGen: 417101K->184558K(465920K)] 1201930K->969653K(1273856K), 0.0206536 secs] [Times: user=0.03 sys=0.00, real=0.02 secs] 
1504.994: [GC (Allocation Failure) [PSYoungGen: 417518K->67533K(465920K)] 1202613K->852892K(1273856K), 0.0134861 secs] [Times: user=0.03 sys=0.00, real=0.01 secs] 
1506.976: [GC (Allocation Failure) [PSYoungGen: 300493K->68433K(465920K)] 1085852K->854108K(1273856K), 0.0111592 secs] [Times: user=0.02 sys=0.00, real=0.01 secs] 
1507.271: [GC (Allocation Failure) [PSYoungGen: 301393K->184526K(465920K)] 1087068K->971447K(1273856K), 0.0206280 secs] [Times: user=0.03 sys=0.00, real=0.02 secs] 
1507.560: [GC (Allocation Failure) [PSYoungGen: 417486K->183723K(465920K)] 1204407K->970917K(1273856K), 0.0210235 secs] [Times: user=0.03 sys=0.00, real=0.02 secs] 
1509.424: [GC (Allocation Failure) [PSYoungGen: 416683K->45523K(465920K)] 1203877K->832982K(1273856K), 0.0143590 secs] [Times: user=0.03 sys=0.01, real=0.01 secs] 
1510.808: [GC (Allocation Failure) [PSYoungGen: 278372K->89929K(465920K)] 1065831K->877695K(1273856K), 0.0112374 secs] [Times: user=0.02 sys=0.00, real=0.02 secs] 
1511.082: [GC (Allocation Failure) [PSYoungGen: 322889K->183884K(465920K)] 1110655K->972896K(1273856K), 0.0206420 secs] [Times: user=0.03 sys=0.00, real=0.02 secs] 
1511.366: [GC (Allocation Failure) [PSYoungGen: 416844K->184430K(465920K)] 1205856K->973715K(1273856K), 0.0206934 secs] [Times: user=0.03 sys=0.00, real=0.02 secs] 
1512.269: [GC (Allocation Failure) [PSYoungGen: 417390K->24060K(465920K)] 1206675K->813610K(1273856K), 0.0050164 secs] [Times: user=0.01 sys=0.00, real=0.01 secs] 
1513.092: [GC (Allocation Failure) [PSYoungGen: 257020K->111970K(465920K)] 1046570K->901828K(1273856K), 0.0132424 secs] [Times: user=0.03 sys=0.00, real=0.01 secs] 
1513.428: [GC (Allocation Failure) [PSYoungGen: 344930K->183851K(465920K)] 1134788K->974963K(1273856K), 0.0206490 secs] [Times: user=0.03 sys=0.00, real=0.02 secs] 
1513.718: [GC (Allocation Failure) [PSYoungGen: 416811K->184590K(465920K)] 1207923K->975991K(1273856K), 0.0204912 secs] [Times: user=0.03 sys=0.00, real=0.02 secs] 
1516.261: [GC (Allocation Failure) [PSYoungGen: 417550K->2082K(465920K)] 1208951K->793884K(1273856K), 0.0053581 secs] [Times: user=0.02 sys=0.00, real=0.00 secs] 
1517.485: [GC (Allocation Failure) [PSYoungGen: 235042K->135136K(465920K)] 1026844K->927126K(1273856K), 0.0157182 secs] [Times: user=0.03 sys=0.00, real=0.02 secs] 
1517.824: [GC (Allocation Failure) [PSYoungGen: 368096K->186068K(465920K)] 1160086K->979295K(1273856K), 0.0213722 secs] [Times: user=0.03 sys=0.00, real=0.02 secs] 
1518.220: [GC (Allocation Failure) [PSYoungGen: 419028K->165113K(465920K)] 1212255K->958605K(1273856K), 0.0235055 secs] [Times: user=0.04 sys=0.00, real=0.02 secs] 
1519.158: [GC (Allocation Failure) [PSYoungGen: 398073K->96K(465920K)] 1191565K->795031K(1273856K), 0.0029559 secs] [Times: user=0.01 sys=0.00, real=0.01 secs] 
1519.561: [GC (Allocation Failure) [PSYoungGen: 233056K->161195K(465920K)] 1027991K->956154K(1273856K), 0.0185406 secs] [Times: user=0.03 sys=0.00, real=0.02 secs] 
1519.906: [GC (Allocation Failure) [PSYoungGen: 394155K->184655K(465920K)] 1189114K->980852K(1273856K), 0.0207920 secs] [Times: user=0.03 sys=0.00, real=0.02 secs] 
1521.295: [GC (Allocation Failure) [PSYoungGen: 417615K->144485K(465920K)] 1213812K->940947K(1273856K), 0.0333100 secs] [Times: user=0.06 sys=0.00, real=0.03 secs] 
1523.110: [GC (Allocation Failure) [PSYoungGen: 377445K->64K(465920K)] 1173907K->797960K(1273856K), 0.0030545 secs] [Times: user=0.02 sys=0.00, real=0.00 secs] 
1523.424: [GC (Allocation Failure) [PSYoungGen: 233024K->184746K(465920K)] 1030920K->982675K(1273856K), 0.0206430 secs] [Times: user=0.03 sys=0.00, real=0.02 secs] 
1523.710: [GC (Allocation Failure) [PSYoungGen: 417706K->184526K(465920K)] 1215635K->983708K(1273856K), 0.0207149 secs] [Times: user=0.02 sys=0.00, real=0.02 secs] 
1525.148: [GC (Allocation Failure) [PSYoungGen: 417486K->129333K(465920K)] 1216668K->928780K(1273856K), 0.0189330 secs] [Times: user=0.04 sys=0.00, real=0.02 secs] 
1526.481: [GC (Allocation Failure) [PSYoungGen: 362293K->22647K(465920K)] 1161740K->822383K(1273856K), 0.0052165 secs] [Times: user=0.02 sys=0.00, real=0.00 secs] 
1526.755: [GC (Allocation Failure) [PSYoungGen: 255607K->186197K(465920K)] 1055343K->987179K(1273856K), 0.0207962 secs] [Times: user=0.03 sys=0.00, real=0.02 secs] 
1527.040: [GC (Allocation Failure) [PSYoungGen: 419157K->184655K(465920K)] 1220139K->985910K(1273856K), 0.0207494 secs] [Times: user=0.02 sys=0.00, real=0.02 secs] 
1527.706: [GC (Allocation Failure) [PSYoungGen: 417615K->105171K(465920K)] 1218870K->906691K(1273856K), 0.0119628 secs] [Times: user=0.02 sys=0.00, real=0.01 secs] 
1528.620: [GC (Allocation Failure) [PSYoungGen: 338131K->47195K(465920K)] 1139651K->849021K(1273856K), 0.0068621 secs] [Times: user=0.02 sys=0.00, real=0.00 secs] 
1528.890: [GC (Allocation Failure) [PSYoungGen: 280155K->184719K(465920K)] 1081981K->987790K(1273856K), 0.0206695 secs] [Times: user=0.03 sys=0.00, real=0.02 secs] 
1529.180: [GC (Allocation Failure) [PSYoungGen: 417679K->184880K(465920K)] 1220750K->988224K(1273856K), 0.0207617 secs] [Times: user=0.03 sys=0.00, real=0.02 secs] 
1529.916: [GC (Allocation Failure) [PSYoungGen: 417840K->65428K(465920K)] 1221184K->869038K(1273856K), 0.0086230 secs] [Times: user=0.02 sys=0.00, real=0.01 secs] 
1531.150: [GC (Allocation Failure) [PSYoungGen: 298388K->70201K(465920K)] 1101998K->874108K(1273856K), 0.0090919 secs] [Times: user=0.02 sys=0.00, real=0.00 secs] 
1531.423: [GC (Allocation Failure) [PSYoungGen: 303161K->184462K(465920K)] 1107068K->989623K(1273856K), 0.0207494 secs] [Times: user=0.03 sys=0.00, real=0.02 secs] 
1531.761: [GC (Allocation Failure) [PSYoungGen: 417422K->184205K(465920K)] 1222583K->989639K(1273856K), 0.0207463 secs] [Times: user=0.03 sys=0.00, real=0.02 secs] 
1534.001: [GC (Allocation Failure) [PSYoungGen: 417165K->43435K(465920K)] 1222599K->849142K(1273856K), 0.0107313 secs] [Times: user=0.03 sys=0.00, real=0.01 secs] 
1535.193: [GC (Allocation Failure) [PSYoungGen: 276368K->92625K(465920K)] 1082075K->898648K(1273856K), 0.0112758 secs] [Times: user=0.02 sys=0.00, real=0.01 secs] 
1535.523: [GC (Allocation Failure) [PSYoungGen: 325585K->184173K(465920K)] 1131608K->991433K(1273856K), 0.0207303 secs] [Times: user=0.03 sys=0.00, real=0.02 secs] 
1535.544: [Full GC (Ergonomics) [PSYoungGen: 184173K->0K(465920K)] [ParOldGen: 807260K->542041K(1044480K)] 991433K->542041K(1510400K), [Metaspace: 55915K->55915K(1101824K)], 0.0546320 secs] [Times: user=0.23 sys=0.00, real=0.05 secs] 
1535.911: [GC (Allocation Failure) [PSYoungGen: 232960K->184398K(465920K)] 775001K->726439K(1510400K), 0.0203187 secs] [Times: user=0.03 sys=0.00, real=0.02 secs] 
1537.253: [GC (Allocation Failure) [PSYoungGen: 417358K->53840K(465920K)] 959399K->596050K(1510400K), 0.0085417 secs] [Times: user=0.03 sys=0.00, real=0.01 secs] 
1538.733: [GC (Allocation Failure) [PSYoungGen: 286704K->102588K(465920K)] 828914K->645120K(1510400K), 0.0121512 secs] [Times: user=0.02 sys=0.00, real=0.01 secs] 
1539.008: [GC (Allocation Failure) [PSYoungGen: 335548K->184333K(465920K)] 878080K->728119K(1510400K), 0.0201509 secs] [Times: user=0.03 sys=0.00, real=0.02 secs] 
1539.349: [GC (Allocation Failure) [PSYoungGen: 417293K->184719K(465920K)] 961079K->728777K(1510400K), 0.0202500 secs] [Times: user=0.03 sys=0.00, real=0.02 secs] 
1540.547: [GC (Allocation Failure) [PSYoungGen: 417679K->43558K(465920K)] 961737K->587881K(1510400K), 0.0050719 secs] [Times: user=0.02 sys=0.00, real=0.01 secs] 
1541.116: [GC (Allocation Failure) [PSYoungGen: 276518K->112484K(465920K)] 820841K->657130K(1510400K), 0.0128274 secs] [Times: user=0.02 sys=0.00, real=0.01 secs] 
1541.392: [GC (Allocation Failure) [PSYoungGen: 345444K->184044K(465920K)] 890090K->729935K(1510400K), 0.0200494 secs] [Times: user=0.03 sys=0.00, real=0.02 secs] 
1541.682: [GC (Allocation Failure) [PSYoungGen: 417004K->184044K(465920K)] 962895K->730208K(1510400K), 0.0201497 secs] [Times: user=0.03 sys=0.00, real=0.02 secs] 
1544.942: [GC (Allocation Failure) [PSYoungGen: 417004K->34577K(465920K)] 963168K->581135K(1510400K), 0.0067924 secs] [Times: user=0.03 sys=0.00, real=0.00 secs] 
1546.019: [GC (Allocation Failure) [PSYoungGen: 267537K->121093K(465920K)] 814095K->667843K(1510400K), 0.0137211 secs] [Times: user=0.02 sys=0.00, real=0.02 secs] 
1546.297: [GC (Allocation Failure) [PSYoungGen: 354053K->184847K(465920K)] 900803K->732843K(1510400K), 0.0201885 secs] [Times: user=0.03 sys=0.00, real=0.02 secs] 
1546.655: [GC (Allocation Failure) [PSYoungGen: 417807K->177319K(465920K)] 965803K->725581K(1510400K), 0.0219382 secs] [Times: user=0.03 sys=0.00, real=0.02 secs] 
1549.291: [GC (Allocation Failure) [PSYoungGen: 410279K->32896K(465920K)] 958541K->582581K(1510400K), 0.0096848 secs] [Times: user=0.05 sys=0.00, real=0.01 secs] 
1550.366: [GC (Allocation Failure) [PSYoungGen: 265856K->131281K(465920K)] 815541K->680982K(1510400K), 0.0146697 secs] [Times: user=0.02 sys=0.00, real=0.02 secs] 
1550.645: [GC (Allocation Failure) [PSYoungGen: 364241K->185972K(465920K)] 913942K->736943K(1510400K), 0.0208839 secs] [Times: user=0.03 sys=0.00, real=0.02 secs] 
1551.846: [GC (Allocation Failure) [PSYoungGen: 418932K->169081K(465920K)] 969903K->720317K(1510400K), 0.0397296 secs] [Times: user=0.05 sys=0.00, real=0.04 secs] 
1554.104: [GC (Allocation Failure) [PSYoungGen: 402041K->96K(465920K)] 953277K->552779K(1510400K), 0.0033424 secs] [Times: user=0.01 sys=0.00, real=0.00 secs] 
1554.990: [GC (Allocation Failure) [PSYoungGen: 233056K->143041K(465920K)] 785739K->695764K(1510400K), 0.0158800 secs] [Times: user=0.02 sys=0.00, real=0.01 secs] 
1555.271: [GC (Allocation Failure) [PSYoungGen: 376001K->185843K(465920K)] 928724K->739949K(1510400K), 0.0204271 secs] [Times: user=0.03 sys=0.00, real=0.02 secs] 
1555.913: [GC (Allocation Failure) [PSYoungGen: 418803K->161450K(465920K)] 972909K->715700K(1510400K), 0.0189057 secs] [Times: user=0.03 sys=0.00, real=0.02 secs] 
1557.476: [GC (Allocation Failure) [PSYoungGen: 394410K->96K(465920K)] 948660K->555789K(1510400K), 0.0025378 secs] [Times: user=0.01 sys=0.00, real=0.00 secs] 
1559.245: [GC (Allocation Failure) [PSYoungGen: 233056K->154412K(465920K)] 788749K->710114K(1510400K), 0.0169645 secs] [Times: user=0.02 sys=0.00, real=0.02 secs] 
1559.528: [GC (Allocation Failure) [PSYoungGen: 387372K->186229K(465920K)] 943074K->743313K(1510400K), 0.0204046 secs] [Times: user=0.02 sys=0.00, real=0.02 secs] 
1560.517: [GC (Allocation Failure) [PSYoungGen: 419189K->149754K(465920K)] 976273K->706975K(1510400K), 0.0210261 secs] [Times: user=0.03 sys=0.00, real=0.02 secs] 
1563.430: [GC (Allocation Failure) [PSYoungGen: 382714K->128K(465920K)] 939935K->558792K(1510400K), 0.0034847 secs] [Times: user=0.02 sys=0.00, real=0.00 secs] 
1564.060: [GC (Allocation Failure) [PSYoungGen: 233088K->167267K(465920K)] 791752K->725971K(1510400K), 0.0183164 secs] [Times: user=0.03 sys=0.00, real=0.01 secs] 
1564.402: [GC (Allocation Failure) [PSYoungGen: 400227K->184687K(465920K)] 958931K->744645K(1510400K), 0.0201007 secs] [Times: user=0.03 sys=0.00, real=0.02 secs] 
1565.177: [GC (Allocation Failure) [PSYoungGen: 412210K->138492K(465920K)] 972168K->698851K(1510400K), 0.0279669 secs] [Times: user=0.04 sys=0.00, real=0.03 secs] 
1567.049: [GC (Allocation Failure) [PSYoungGen: 371452K->64K(465920K)] 931811K->561740K(1510400K), 0.0032695 secs] [Times: user=0.02 sys=0.00, real=0.01 secs] 
1567.543: [GC (Allocation Failure) [PSYoungGen: 233024K->172633K(465920K)] 794700K->734326K(1510400K), 0.0189185 secs] [Times: user=0.02 sys=0.00, real=0.02 secs] 
1567.884: [GC (Allocation Failure) [PSYoungGen: 405593K->184430K(465920K)] 967286K->747376K(1510400K), 0.0204159 secs] [Times: user=0.02 sys=0.00, real=0.02 secs] 
1568.439: [GC (Allocation Failure) [PSYoungGen: 417390K->141527K(465920K)] 980336K->704738K(1510400K), 0.0180462 secs] [Times: user=0.03 sys=0.00, real=0.02 secs] 
1570.151: [GC (Allocation Failure) [PSYoungGen: 374487K->32K(465920K)] 937698K->564682K(1510400K), 0.0031128 secs] [Times: user=0.01 sys=0.00, real=0.00 secs] 
1570.534: [GC (Allocation Failure) [PSYoungGen: 232992K->182208K(465920K)] 797642K->746883K(1510400K), 0.0200074 secs] [Times: user=0.03 sys=0.00, real=0.02 secs] 
1570.818: [GC (Allocation Failure) [PSYoungGen: 415168K->184430K(465920K)] 979843K->750487K(1510400K), 0.0202471 secs] [Times: user=0.03 sys=0.00, real=0.02 secs] 
1571.364: [GC (Allocation Failure) [PSYoungGen: 417390K->132080K(465920K)] 983447K->698274K(1510400K), 0.0162285 secs] [Times: user=0.03 sys=0.00, real=0.02 secs] 
1572.269: [GC (Allocation Failure) [PSYoungGen: 365040K->8027K(465920K)] 931234K->574527K(1510400K), 0.0030917 secs] [Times: user=0.01 sys=0.00, real=0.00 secs] 
1572.543: [GC (Allocation Failure) [PSYoungGen: 240987K->184976K(465920K)] 807487K->752721K(1510400K), 0.0203805 secs] [Times: user=0.02 sys=0.00, real=0.02 secs] 
1572.888: [GC (Allocation Failure) [PSYoungGen: 417936K->184751K(465920K)] 985681K->752769K(1510400K), 0.0206289 secs] [Times: user=0.03 sys=0.00, real=0.02 secs] 
1573.474: [GC (Allocation Failure) [PSYoungGen: 417711K->120963K(465920K)] 985729K->689246K(1510400K), 0.0147450 secs] [Times: user=0.03 sys=0.00, real=0.01 secs] 
1574.340: [GC (Allocation Failure) [PSYoungGen: 353923K->19080K(465920K)] 922206K->587672K(1510400K), 0.0034422 secs] [Times: user=0.01 sys=0.00, real=0.00 secs] 
1574.669: [GC (Allocation Failure) [PSYoungGen: 252040K->186229K(465920K)] 820632K->756058K(1510400K), 0.0205313 secs] [Times: user=0.02 sys=0.00, real=0.02 secs] 
1574.960: [GC (Allocation Failure) [PSYoungGen: 419189K->185908K(465920K)] 989018K->756138K(1510400K), 0.0204452 secs] [Times: user=0.02 sys=0.00, real=0.02 secs] 
1576.090: [GC (Allocation Failure) [PSYoungGen: 418868K->107516K(465920K)] 989098K->677884K(1510400K), 0.0154317 secs] [Times: user=0.03 sys=0.00, real=0.01 secs] 
1576.946: [GC (Allocation Failure) [PSYoungGen: 340451K->33153K(465920K)] 910818K->603828K(1510400K), 0.0048672 secs] [Times: user=0.02 sys=0.00, real=0.01 secs] 
1577.216: [GC (Allocation Failure) [PSYoungGen: 266113K->184590K(465920K)] 836788K->756519K(1510400K), 0.0200855 secs] [Times: user=0.03 sys=0.00, real=0.02 secs] 
1577.554: [GC (Allocation Failure) [PSYoungGen: 417550K->184366K(465920K)] 989479K->756567K(1510400K), 0.0204705 secs] [Times: user=0.03 sys=0.00, real=0.02 secs] 
1578.909: [GC (Allocation Failure) [PSYoungGen: 412998K->96656K(465920K)] 985200K->669123K(1510400K), 0.0139341 secs] [Times: user=0.02 sys=0.00, real=0.02 secs] 
1580.978: [GC (Allocation Failure) [PSYoungGen: 329616K->37845K(465920K)] 902083K->610635K(1510400K), 0.0073403 secs] [Times: user=0.02 sys=0.00, real=0.01 secs] 
1581.294: [GC (Allocation Failure) [PSYoungGen: 270805K->184205K(465920K)] 843595K->758248K(1510400K), 0.0201693 secs] [Times: user=0.02 sys=0.00, real=0.02 secs] 
1581.578: [GC (Allocation Failure) [PSYoungGen: 417165K->184590K(465920K)] 991208K->758907K(1510400K), 0.0202665 secs] [Times: user=0.02 sys=0.00, real=0.02 secs] 
1583.391: [GC (Allocation Failure) [PSYoungGen: 409801K->92190K(465920K)] 984118K->666780K(1510400K), 0.0162834 secs] [Times: user=0.03 sys=0.00, real=0.01 secs] 
1585.532: [GC (Allocation Failure) [PSYoungGen: 325150K->37716K(465920K)] 899740K->612614K(1510400K), 0.0076449 secs] [Times: user=0.02 sys=0.00, real=0.01 secs] 
1585.925: [GC (Allocation Failure) [PSYoungGen: 270676K->184719K(465920K)] 845574K->760870K(1510400K), 0.0203798 secs] [Times: user=0.02 sys=0.00, real=0.02 secs] 
1586.229: [GC (Allocation Failure) [PSYoungGen: 417679K->184430K(465920K)] 993830K->760862K(1510400K), 0.0202275 secs] [Times: user=0.03 sys=0.00, real=0.02 secs] 
1588.067: [GC (Allocation Failure) [PSYoungGen: 406909K->91869K(465920K)] 983342K->668566K(1510400K), 0.0127851 secs] [Times: user=0.02 sys=0.00, real=0.02 secs] 
1589.363: [GC (Allocation Failure) [PSYoungGen: 324829K->37973K(465920K)] 901526K->614976K(1510400K), 0.0071351 secs] [Times: user=0.01 sys=0.00, real=0.01 secs] 
1589.670: [GC (Allocation Failure) [PSYoungGen: 270933K->184944K(465920K)] 847936K->763200K(1510400K), 0.0202333 secs] [Times: user=0.02 sys=0.00, real=0.02 secs] 
1589.959: [GC (Allocation Failure) [PSYoungGen: 417904K->184173K(465920K)] 996160K->762831K(1510400K), 0.0201387 secs] [Times: user=0.03 sys=0.00, real=0.02 secs] 
1591.545: [GC (Allocation Failure) [PSYoungGen: 406891K->91612K(465920K)] 985549K->670407K(1510400K), 0.0159269 secs] [Times: user=0.03 sys=0.00, real=0.02 secs] 
1593.010: [GC (Allocation Failure) [PSYoungGen: 324572K->37716K(465920K)] 903367K->616817K(1510400K), 0.0065800 secs] [Times: user=0.01 sys=0.00, real=0.00 secs] 
1593.385: [GC (Allocation Failure) [PSYoungGen: 270676K->185008K(465920K)] 849777K->765362K(1510400K), 0.0202592 secs] [Times: user=0.03 sys=0.00, real=0.02 secs] 
1593.669: [GC (Allocation Failure) [PSYoungGen: 417968K->184269K(465920K)] 998322K->764904K(1510400K), 0.0203142 secs] [Times: user=0.03 sys=0.00, real=0.02 secs] 
1594.854: [GC (Allocation Failure) [PSYoungGen: 406861K->91773K(465920K)] 987497K->672809K(1510400K), 0.0167834 secs] [Times: user=0.04 sys=0.00, real=0.02 secs] 
1596.466: [GC (Allocation Failure) [PSYoungGen: 324733K->37588K(465920K)] 905769K->618803K(1510400K), 0.0061845 secs] [Times: user=0.01 sys=0.00, real=0.01 secs] 
1596.748: [GC (Allocation Failure) [PSYoungGen: 270548K->184719K(465920K)] 851763K->767188K(1510400K), 0.0201486 secs] [Times: user=0.03 sys=0.00, real=0.02 secs] 
1597.090: [GC (Allocation Failure) [PSYoungGen: 417679K->184783K(465920K)] 1000148K->767654K(1510400K), 0.0202672 secs] [Times: user=0.03 sys=0.00, real=0.02 secs] 
1598.037: [GC (Allocation Failure) [PSYoungGen: 407213K->91709K(465920K)] 990084K->674845K(1510400K), 0.0120328 secs] [Times: user=0.02 sys=0.00, real=0.01 secs] 
1600.116: [GC (Allocation Failure) [PSYoungGen: 324669K->37459K(465920K)] 907805K->620772K(1510400K), 0.0080223 secs] [Times: user=0.02 sys=0.00, real=0.01 secs] 
1600.444: [GC (Allocation Failure) [PSYoungGen: 270419K->183658K(465920K)] 853732K->768225K(1510400K), 0.0202031 secs] [Times: user=0.02 sys=0.00, real=0.02 secs] 
1600.786: [GC (Allocation Failure) [PSYoungGen: 416618K->184526K(465920K)] 1001185K->769366K(1510400K), 0.0203954 secs] [Times: user=0.02 sys=0.00, real=0.02 secs] 
1601.975: [GC (Allocation Failure) [PSYoungGen: 408718K->93058K(465920K)] 993558K->678171K(1510400K), 0.0114382 secs] [Times: user=0.02 sys=0.00, real=0.01 secs] 
1602.820: [GC (Allocation Failure) [PSYoungGen: 326018K->37973K(465920K)] 911131K->623408K(1510400K), 0.0068683 secs] [Times: user=0.01 sys=0.00, real=0.00 secs] 
1603.120: [GC (Allocation Failure) [PSYoungGen: 270933K->184430K(465920K)] 856368K->771118K(1510400K), 0.0202857 secs] [Times: user=0.03 sys=0.00, real=0.02 secs] 
1603.405: [GC (Allocation Failure) [PSYoungGen: 417390K->184558K(465920K)] 1004078K->771648K(1510400K), 0.0202597 secs] [Times: user=0.03 sys=0.00, real=0.02 secs] 
1604.040: [GC (Allocation Failure) [PSYoungGen: 407395K->91741K(465920K)] 994485K->678991K(1510400K), 0.0119546 secs] [Times: user=0.02 sys=0.00, real=0.01 secs] 
1604.891: [GC (Allocation Failure) [PSYoungGen: 324701K->38102K(465920K)] 911951K->625650K(1510400K), 0.0064023 secs] [Times: user=0.01 sys=0.01, real=0.00 secs] 
1605.178: [GC (Allocation Failure) [PSYoungGen: 271062K->184687K(465920K)] 858610K->773609K(1510400K), 0.0201720 secs] [Times: user=0.02 sys=0.00, real=0.02 secs] 
1605.462: [GC (Allocation Failure) [PSYoungGen: 417647K->184623K(465920K)] 1006569K->773818K(1510400K), 0.0202539 secs] [Times: user=0.03 sys=0.00, real=0.02 secs] 
1607.440: [GC (Allocation Failure) [PSYoungGen: 407057K->91194K(465920K)] 996252K->680526K(1510400K), 0.0163777 secs] [Times: user=0.03 sys=0.01, real=0.01 secs] 
1608.413: [GC (Allocation Failure) [PSYoungGen: 324154K->38195K(465920K)] 913486K->627848K(1510400K), 0.0054037 secs] [Times: user=0.02 sys=0.00, real=0.00 secs] 
1608.684: [GC (Allocation Failure) [PSYoungGen: 271155K->184687K(465920K)] 860808K->775722K(1510400K), 0.0202050 secs] [Times: user=0.02 sys=0.00, real=0.02 secs] 
1608.968: [GC (Allocation Failure) [PSYoungGen: 417647K->184751K(465920K)] 1008682K->776059K(1510400K), 0.0202707 secs] [Times: user=0.03 sys=0.00, real=0.02 secs] 
1610.475: [GC (Allocation Failure) [PSYoungGen: 407186K->91226K(465920K)] 998495K->682672K(1510400K), 0.0235111 secs] [Times: user=0.05 sys=0.00, real=0.02 secs] 
1611.937: [GC (Allocation Failure) [PSYoungGen: 324186K->37845K(465920K)] 915632K->629590K(1510400K), 0.0064463 secs] [Times: user=0.01 sys=0.00, real=0.01 secs] 
1612.214: [GC (Allocation Failure) [PSYoungGen: 270805K->183787K(465920K)] 862550K->776778K(1510400K), 0.0201559 secs] [Times: user=0.03 sys=0.00, real=0.02 secs] 
1612.498: [GC (Allocation Failure) [PSYoungGen: 416747K->184655K(465920K)] 1009738K->777918K(1510400K), 0.0201044 secs] [Times: user=0.02 sys=0.00, real=0.02 secs] 
1614.133: [GC (Allocation Failure) [PSYoungGen: 410107K->92415K(465920K)] 1003371K->685952K(1510400K), 0.0129059 secs] [Times: user=0.02 sys=0.00, real=0.01 secs] 
1614.933: [GC (Allocation Failure) [PSYoungGen: 325375K->38034K(465920K)] 918912K->631891K(1510400K), 0.0053962 secs] [Times: user=0.01 sys=0.00, real=0.00 secs] 
1615.206: [GC (Allocation Failure) [PSYoungGen: 270994K->184558K(465920K)] 864851K->779660K(1510400K), 0.0230722 secs] [Times: user=0.03 sys=0.00, real=0.02 secs] 
1615.503: [GC (Allocation Failure) [PSYoungGen: 417518K->184815K(465920K)] 1012620K->780191K(1510400K), 0.0201048 secs] [Times: user=0.03 sys=0.00, real=0.02 secs] 
1617.461: [GC (Allocation Failure) [PSYoungGen: 407324K->91355K(465920K)] 1002699K->686995K(1510400K), 0.0171430 secs] [Times: user=0.04 sys=0.00, real=0.01 secs] 
1619.035: [GC (Allocation Failure) [PSYoungGen: 324315K->37845K(465920K)] 919955K->633799K(1510400K), 0.0064583 secs] [Times: user=0.01 sys=0.00, real=0.01 secs] 
1619.314: [GC (Allocation Failure) [PSYoungGen: 270805K->184751K(465920K)] 866759K->782087K(1510400K), 0.0204623 secs] [Times: user=0.03 sys=0.00, real=0.02 secs] 
1619.599: [GC (Allocation Failure) [PSYoungGen: 417711K->184687K(465920K)] 1015047K->782175K(1510400K), 0.0202675 secs] [Times: user=0.03 sys=0.00, real=0.02 secs] 
1620.432: [GC (Allocation Failure) [PSYoungGen: 407236K->91516K(465920K)] 1004724K->689269K(1510400K), 0.0118815 secs] [Times: user=0.02 sys=0.00, real=0.01 secs] 
1622.662: [GC (Allocation Failure) [PSYoungGen: 324476K->37459K(465920K)] 922229K->635527K(1510400K), 0.0071343 secs] [Times: user=0.01 sys=0.00, real=0.01 secs] 
1622.971: [GC (Allocation Failure) [PSYoungGen: 270419K->184719K(465920K)] 868487K->784160K(1510400K), 0.0204290 secs] [Times: user=0.03 sys=0.00, real=0.02 secs] 
1623.262: [GC (Allocation Failure) [PSYoungGen: 417679K->184623K(465920K)] 1017120K->784209K(1510400K), 0.0202120 secs] [Times: user=0.02 sys=0.00, real=0.02 secs] 
1624.636: [GC (Allocation Failure) [PSYoungGen: 407207K->91901K(465920K)] 1006793K->691760K(1510400K), 0.0166316 secs] [Times: user=0.03 sys=0.00, real=0.02 secs] 
1625.451: [GC (Allocation Failure) [PSYoungGen: 324861K->38102K(465920K)] 924720K->638275K(1510400K), 0.0063595 secs] [Times: user=0.01 sys=0.00, real=0.00 secs] 
1625.805: [GC (Allocation Failure) [PSYoungGen: 271062K->184719K(465920K)] 871235K->786274K(1510400K), 0.0204344 secs] [Times: user=0.03 sys=0.00, real=0.02 secs] 
1626.089: [GC (Allocation Failure) [PSYoungGen: 417679K->184687K(465920K)] 1019234K->786394K(1510400K), 0.0204476 secs] [Times: user=0.03 sys=0.00, real=0.03 secs] 
1627.127: [GC (Allocation Failure) [PSYoungGen: 407107K->91258K(465920K)] 1008814K->693231K(1510400K), 0.0121864 secs] [Times: user=0.02 sys=0.00, real=0.02 secs] 
1628.620: [GC (Allocation Failure) [PSYoungGen: 324218K->37973K(465920K)] 926191K->640252K(1510400K), 0.0056573 secs] [Times: user=0.01 sys=0.00, real=0.00 secs] 
1628.889: [GC (Allocation Failure) [PSYoungGen: 270933K->184719K(465920K)] 873212K->788243K(1510400K), 0.0203047 secs] [Times: user=0.02 sys=0.00, real=0.03 secs] 
1629.179: [GC (Allocation Failure) [PSYoungGen: 417679K->184655K(465920K)] 1021203K->788452K(1510400K), 0.0202631 secs] [Times: user=0.03 sys=0.00, real=0.02 secs] 
1631.171: [GC (Allocation Failure) [PSYoungGen: 407206K->91387K(465920K)] 1011004K->695449K(1510400K), 0.0133399 secs] [Times: user=0.03 sys=0.00, real=0.01 secs] 
1632.002: [GC (Allocation Failure) [PSYoungGen: 324347K->38005K(465920K)] 928409K->642383K(1510400K), 0.0054148 secs] [Times: user=0.01 sys=0.00, real=0.00 secs] 
1632.273: [GC (Allocation Failure) [PSYoungGen: 270965K->183819K(465920K)] 875343K->789450K(1510400K), 0.0201760 secs] [Times: user=0.03 sys=0.00, real=0.02 secs] 
1632.558: [GC (Allocation Failure) [PSYoungGen: 416779K->184430K(465920K)] 1022410K->790342K(1510400K), 0.0201731 secs] [Times: user=0.02 sys=0.00, real=0.02 secs] 
1633.486: [GC (Allocation Failure) [PSYoungGen: 409691K->92512K(465920K)] 1015603K->698689K(1510400K), 0.0116446 secs] [Times: user=0.03 sys=0.00, real=0.01 secs] 
1634.489: [GC (Allocation Failure) [PSYoungGen: 325472K->38037K(465920K)] 931649K->644544K(1510400K), 0.0054344 secs] [Times: user=0.02 sys=0.00, real=0.01 secs] 
1634.817: [GC (Allocation Failure) [PSYoungGen: 270997K->184719K(465920K)] 877504K->792480K(1510400K), 0.0204100 secs] [Times: user=0.03 sys=0.00, real=0.02 secs] 
1635.101: [GC (Allocation Failure) [PSYoungGen: 417679K->184655K(465920K)] 1025440K->792817K(1510400K), 0.0205100 secs] [Times: user=0.03 sys=0.00, real=0.02 secs] 
1636.256: [GC (Allocation Failure) [PSYoungGen: 407089K->91355K(465920K)] 1015251K->699782K(1510400K), 0.0159123 secs] [Times: user=0.03 sys=0.00, real=0.02 secs] 
1637.601: [GC (Allocation Failure) [PSYoungGen: 324315K->37745K(465920K)] 932742K->646358K(1510400K), 0.0055276 secs] [Times: user=0.01 sys=0.00, real=0.00 secs] 
1637.870: [GC (Allocation Failure) [PSYoungGen: 270705K->183819K(465920K)] 879318K->793685K(1510400K), 0.0201456 secs] [Times: user=0.03 sys=0.00, real=0.02 secs] 
1638.163: [GC (Allocation Failure) [PSYoungGen: 416779K->184462K(465920K)] 1026645K->794609K(1510400K), 0.0202097 secs] [Times: user=0.03 sys=0.00, real=0.02 secs] 
1638.812: [GC (Allocation Failure) [PSYoungGen: 409681K->92769K(465920K)] 1019828K->703189K(1510400K), 0.0107311 secs] [Times: user=0.02 sys=0.00, real=0.01 secs] 
1639.731: [GC (Allocation Failure) [PSYoungGen: 325729K->38102K(465920K)] 936149K->648838K(1510400K), 0.0064750 secs] [Times: user=0.02 sys=0.00, real=0.00 secs] 
1640.011: [GC (Allocation Failure) [PSYoungGen: 271062K->184462K(465920K)] 881798K->796451K(1510400K), 0.0202664 secs] [Times: user=0.03 sys=0.00, real=0.02 secs] 
1640.301: [GC (Allocation Failure) [PSYoungGen: 417422K->184623K(465920K)] 1029411K->797014K(1510400K), 0.0202109 secs] [Times: user=0.02 sys=0.00, real=0.02 secs] 
1640.927: [GC (Allocation Failure) [PSYoungGen: 407149K->91516K(465920K)] 1019540K->704043K(1510400K), 0.0098470 secs] [Times: user=0.02 sys=0.00, real=0.01 secs] 
1642.309: [GC (Allocation Failure) [PSYoungGen: 324476K->38002K(465920K)] 937003K->650844K(1510400K), 0.0077257 secs] [Times: user=0.02 sys=0.00, real=0.00 secs] 
1642.611: [GC (Allocation Failure) [PSYoungGen: 270962K->183787K(465920K)] 883804K->797882K(1510400K), 0.0201292 secs] [Times: user=0.03 sys=0.00, real=0.02 secs] 
1642.895: [GC (Allocation Failure) [PSYoungGen: 416747K->184719K(465920K)] 1030842K->799095K(1510400K), 0.0206911 secs] [Times: user=0.02 sys=0.00, real=0.02 secs] 
1643.502: [GC (Allocation Failure) [PSYoungGen: 410157K->92239K(465920K)] 1024533K->706888K(1510400K), 0.0108420 secs] [Times: user=0.02 sys=0.00, real=0.01 secs] 
1644.329: [GC (Allocation Failure) [PSYoungGen: 325199K->38034K(465920K)] 939848K->653005K(1510400K), 0.0054688 secs] [Times: user=0.01 sys=0.00, real=0.01 secs] 
1644.599: [GC (Allocation Failure) [PSYoungGen: 270994K->184687K(465920K)] 885965K->801040K(1510400K), 0.0203076 secs] [Times: user=0.03 sys=0.00, real=0.02 secs] 
1644.937: [GC (Allocation Failure) [PSYoungGen: 417647K->184687K(465920K)] 1034000K->801184K(1510400K), 0.0204407 secs] [Times: user=0.03 sys=0.00, real=0.02 secs] 
1646.827: [GC (Allocation Failure) [PSYoungGen: 407232K->91323K(465920K)] 1023730K->708086K(1510400K), 0.0189791 secs] [Times: user=0.04 sys=0.00, real=0.02 secs] 
1648.822: [GC (Allocation Failure) [PSYoungGen: 324283K->37716K(465920K)] 941046K->654792K(1510400K), 0.0067929 secs] [Times: user=0.02 sys=0.00, real=0.00 secs] 
1649.120: [GC (Allocation Failure) [PSYoungGen: 270676K->184719K(465920K)] 887752K->803049K(1510400K), 0.0202808 secs] [Times: user=0.02 sys=0.00, real=0.02 secs] 
1649.404: [GC (Allocation Failure) [PSYoungGen: 417679K->184623K(465920K)] 1036009K->803226K(1510400K), 0.0201732 secs] [Times: user=0.03 sys=0.00, real=0.02 secs] 
1650.842: [GC (Allocation Failure) [PSYoungGen: 407170K->91612K(465920K)] 1025773K->710480K(1510400K), 0.0139618 secs] [Times: user=0.03 sys=0.00, real=0.01 secs] 
1652.846: [GC (Allocation Failure) [PSYoungGen: 324572K->37588K(465920K)] 943440K->656761K(1510400K), 0.0084641 secs] [Times: user=0.02 sys=0.00, real=0.01 secs] 
1653.171: [GC (Allocation Failure) [PSYoungGen: 270548K->183819K(465920K)] 889721K->804246K(1510400K), 0.0205254 secs] [Times: user=0.03 sys=0.00, real=0.02 secs] 
1653.461: [GC (Allocation Failure) [PSYoungGen: 416779K->184719K(465920K)] 1037206K->805427K(1510400K), 0.0203041 secs] [Times: user=0.02 sys=0.00, real=0.02 secs] 
1654.665: [GC (Allocation Failure) [PSYoungGen: 410258K->92640K(465920K)] 1030967K->713638K(1510400K), 0.0249597 secs] [Times: user=0.05 sys=0.00, real=0.03 secs] 
1656.953: [GC (Allocation Failure) [PSYoungGen: 325600K->37973K(465920K)] 946598K->659292K(1510400K), 0.0073284 secs] [Times: user=0.02 sys=0.00, real=0.01 secs] 
1657.264: [GC (Allocation Failure) [PSYoungGen: 270933K->184590K(465920K)] 892252K->807283K(1510400K), 0.0202942 secs] [Times: user=0.03 sys=0.00, real=0.02 secs] 
1657.548: [GC (Allocation Failure) [PSYoungGen: 417550K->184430K(465920K)] 1040243K->807275K(1510400K), 0.0202196 secs] [Times: user=0.03 sys=0.00, real=0.02 secs] 
1659.242: [GC (Allocation Failure) [PSYoungGen: 406800K->91773K(465920K)] 1029646K->715020K(1510400K), 0.0146068 secs] [Times: user=0.03 sys=0.00, real=0.01 secs] 
1660.268: [GC (Allocation Failure) [PSYoungGen: 324733K->38005K(465920K)] 947980K->661446K(1510400K), 0.0054279 secs] [Times: user=0.01 sys=0.00, real=0.01 secs] 
1660.538: [GC (Allocation Failure) [PSYoungGen: 270965K->184687K(465920K)] 894406K->809381K(1510400K), 0.0202396 secs] [Times: user=0.03 sys=0.00, real=0.02 secs] 
1660.825: [GC (Allocation Failure) [PSYoungGen: 417647K->184751K(465920K)] 1042341K->809718K(1510400K), 0.0204298 secs] [Times: user=0.03 sys=0.00, real=0.02 secs] 
1661.495: [GC (Allocation Failure) [PSYoungGen: 407291K->91387K(465920K)] 1032258K->716627K(1510400K), 0.0112469 secs] [Times: user=0.02 sys=0.00, real=0.01 secs] 
1662.951: [GC (Allocation Failure) [PSYoungGen: 324347K->37716K(465920K)] 949587K->663262K(1510400K), 0.0058933 secs] [Times: user=0.01 sys=0.00, real=0.00 secs] 
1663.225: [GC (Allocation Failure) [PSYoungGen: 270676K->184687K(465920K)] 896222K->811607K(1510400K), 0.0203183 secs] [Times: user=0.03 sys=0.00, real=0.02 secs] 
1663.512: [GC (Allocation Failure) [PSYoungGen: 417647K->184687K(465920K)] 1044567K->811751K(1510400K), 0.0202017 secs] [Times: user=0.03 sys=0.00, real=0.02 secs] 
1664.125: [GC (Allocation Failure) [PSYoungGen: 407240K->91612K(465920K)] 1034304K->718958K(1510400K), 0.0106274 secs] [Times: user=0.02 sys=0.00, real=0.01 secs] 
1665.307: [GC (Allocation Failure) [PSYoungGen: 324572K->37973K(465920K)] 951918K->665617K(1510400K), 0.0069774 secs] [Times: user=0.01 sys=0.00, real=0.01 secs] 
1665.596: [GC (Allocation Failure) [PSYoungGen: 270933K->183787K(465920K)] 898577K->812676K(1510400K), 0.0201847 secs] [Times: user=0.02 sys=0.00, real=0.02 secs] 
1665.882: [GC (Allocation Failure) [PSYoungGen: 416747K->184719K(465920K)] 1045636K->813889K(1510400K), 0.0202532 secs] [Times: user=0.03 sys=0.00, real=0.02 secs] 
1667.395: [GC (Allocation Failure) [PSYoungGen: 410130K->92223K(465920K)] 1039300K->721658K(1510400K), 0.0132206 secs] [Times: user=0.03 sys=0.00, real=0.01 secs] 
1668.774: [GC (Allocation Failure) [PSYoungGen: 325183K->37748K(465920K)] 954618K->667491K(1510400K), 0.0056321 secs] [Times: user=0.01 sys=0.00, real=0.01 secs] 
1669.042: [GC (Allocation Failure) [PSYoungGen: 270708K->184044K(465920K)] 900451K->815040K(1510400K), 0.0202449 secs] [Times: user=0.02 sys=0.00, real=0.02 secs] 
1669.383: [GC (Allocation Failure) [PSYoungGen: 417004K->184976K(465920K)] 1048000K->816245K(1510400K), 0.0204046 secs] [Times: user=0.03 sys=0.01, real=0.02 secs] 
1670.506: [GC (Allocation Failure) [PSYoungGen: 410289K->91998K(465920K)] 1041559K->723661K(1510400K), 0.0122117 secs] [Times: user=0.02 sys=0.00, real=0.01 secs] 
1671.999: [GC (Allocation Failure) [PSYoungGen: 324958K->37620K(465920K)] 956621K->669464K(1510400K), 0.0054144 secs] [Times: user=0.02 sys=0.00, real=0.01 secs] 
1672.268: [GC (Allocation Failure) [PSYoungGen: 270580K->184237K(465920K)] 902424K->817334K(1510400K), 0.0202320 secs] [Times: user=0.02 sys=0.00, real=0.02 secs] 
1672.552: [GC (Allocation Failure) [PSYoungGen: 417197K->184558K(465920K)] 1050294K->817929K(1510400K), 0.0205463 secs] [Times: user=0.03 sys=0.00, real=0.02 secs] 
1673.675: [GC (Allocation Failure) [PSYoungGen: 408187K->92383K(465920K)] 1041558K->726019K(1510400K), 0.0169496 secs] [Times: user=0.04 sys=0.00, real=0.02 secs] 
1675.306: [GC (Allocation Failure) [PSYoungGen: 325343K->37716K(465920K)] 958979K->671668K(1510400K), 0.0064420 secs] [Times: user=0.02 sys=0.00, real=0.01 secs] 
1675.582: [GC (Allocation Failure) [PSYoungGen: 270676K->184430K(465920K)] 904628K->819627K(1510400K), 0.0202643 secs] [Times: user=0.03 sys=0.00, real=0.02 secs] 
1675.866: [GC (Allocation Failure) [PSYoungGen: 417390K->184397K(465920K)] 1052587K->819875K(1510400K), 0.0202039 secs] [Times: user=0.03 sys=0.00, real=0.02 secs] 
1677.273: [GC (Allocation Failure) [PSYoungGen: 409443K->92255K(465920K)] 1044921K->728127K(1510400K), 0.0131672 secs] [Times: user=0.03 sys=0.00, real=0.01 secs] 
1678.812: [GC (Allocation Failure) [PSYoungGen: 325215K->37716K(465920K)] 961087K->673765K(1510400K), 0.0067888 secs] [Times: user=0.02 sys=0.00, real=0.00 secs] 
1679.106: [GC (Allocation Failure) [PSYoungGen: 270676K->184719K(465920K)] 906725K->822150K(1510400K), 0.0202514 secs] [Times: user=0.02 sys=0.00, real=0.02 secs] 
1679.448: [GC (Allocation Failure) [PSYoungGen: 417679K->184623K(465920K)] 1055110K->822327K(1510400K), 0.0203883 secs] [Times: user=0.03 sys=0.00, real=0.02 secs] 
1680.758: [GC (Allocation Failure) [PSYoungGen: 407310K->91580K(465920K)] 1045014K->729549K(1510400K), 0.0200878 secs] [Times: user=0.04 sys=0.00, real=0.02 secs] 
1682.723: [GC (Allocation Failure) [PSYoungGen: 324540K->37716K(465920K)] 962509K->675873K(1510400K), 0.0074311 secs] [Times: user=0.02 sys=0.00, real=0.01 secs] 
1683.028: [GC (Allocation Failure) [PSYoungGen: 270676K->183787K(465920K)] 908833K->823181K(1510400K), 0.0202905 secs] [Times: user=0.03 sys=0.00, real=0.02 secs] 
1683.385: [GC (Allocation Failure) [PSYoungGen: 416747K->184783K(465920K)] 1056141K->824458K(1510400K), 0.0206790 secs] [Times: user=0.03 sys=0.00, real=0.02 secs] 
1683.977: [GC (Allocation Failure) [PSYoungGen: 410186K->92512K(465920K)] 1049862K->732468K(1510400K), 0.0118049 secs] [Times: user=0.03 sys=0.00, real=0.01 secs] 
1685.071: [GC (Allocation Failure) [PSYoungGen: 325472K->37845K(465920K)] 965428K->678099K(1510400K), 0.0065350 secs] [Times: user=0.01 sys=0.00, real=0.00 secs] 
1685.353: [GC (Allocation Failure) [PSYoungGen: 270805K->184687K(465920K)] 911059K->826194K(1510400K), 0.0204098 secs] [Times: user=0.03 sys=0.00, real=0.02 secs] 
1685.702: [GC (Allocation Failure) [PSYoungGen: 417647K->184719K(465920K)] 1059154K->826628K(1510400K), 0.0204133 secs] [Times: user=0.02 sys=0.00, real=0.02 secs] 
1686.360: [GC (Allocation Failure) [PSYoungGen: 407150K->91516K(465920K)] 1049059K->733698K(1510400K), 0.0122714 secs] [Times: user=0.03 sys=0.00, real=0.01 secs] 
1687.167: [GC (Allocation Failure) [PSYoungGen: 324476K->37973K(465920K)] 966658K->680332K(1510400K), 0.0056808 secs] [Times: user=0.01 sys=0.00, real=0.01 secs] 
1687.435: [GC (Allocation Failure) [PSYoungGen: 270933K->183787K(465920K)] 913292K->827400K(1510400K), 0.0202219 secs] [Times: user=0.02 sys=0.00, real=0.02 secs] 
1687.720: [GC (Allocation Failure) [PSYoungGen: 416747K->184655K(465920K)] 1060360K->828541K(1510400K), 0.0204063 secs] [Times: user=0.03 sys=0.00, real=0.02 secs] 
1689.107: [GC (Allocation Failure) [PSYoungGen: 410062K->92223K(465920K)] 1053948K->736374K(1510400K), 0.0121997 secs] [Times: user=0.02 sys=0.00, real=0.01 secs] 
1690.859: [GC (Allocation Failure) [PSYoungGen: 325183K->38134K(465920K)] 969334K->682590K(1510400K), 0.0063959 secs] [Times: user=0.01 sys=0.00, real=0.01 secs] 
1691.137: [GC (Allocation Failure) [PSYoungGen: 271094K->184687K(465920K)] 915550K->830526K(1510400K), 0.0203317 secs] [Times: user=0.02 sys=0.00, real=0.02 secs] 
1691.421: [GC (Allocation Failure) [PSYoungGen: 417647K->184398K(465920K)] 1063486K->830381K(1510400K), 0.0202433 secs] [Times: user=0.03 sys=0.00, real=0.02 secs] 
1692.111: [GC (Allocation Failure) [PSYoungGen: 406716K->91484K(465920K)] 1052699K->737732K(1510400K), 0.0122846 secs] [Times: user=0.02 sys=0.00, real=0.01 secs] 
1692.974: [GC (Allocation Failure) [PSYoungGen: 324444K->38005K(465920K)] 970692K->684575K(1510400K), 0.0054896 secs] [Times: user=0.02 sys=0.00, real=0.01 secs] 
1693.246: [GC (Allocation Failure) [PSYoungGen: 270965K->184462K(465920K)] 917535K->832277K(1510400K), 0.0202950 secs] [Times: user=0.02 sys=0.00, real=0.02 secs] 
1693.535: [GC (Allocation Failure) [PSYoungGen: 417422K->184558K(465920K)] 1065237K->832647K(1510400K), 0.0204396 secs] [Times: user=0.03 sys=0.00, real=0.02 secs] 
1695.701: [GC (Allocation Failure) [PSYoungGen: 407099K->91709K(465920K)] 1055188K->740078K(1510400K), 0.0285435 secs] [Times: user=0.06 sys=0.00, real=0.02 secs] 
1698.290: [GC (Allocation Failure) [PSYoungGen: 324669K->37716K(465920K)] 973038K->686394K(1510400K), 0.0074659 secs] [Times: user=0.02 sys=0.00, real=0.00 secs] 
1698.676: [GC (Allocation Failure) [PSYoungGen: 270676K->184462K(465920K)] 919354K->834393K(1510400K), 0.0204010 secs] [Times: user=0.03 sys=0.00, real=0.02 secs] 
1699.026: [GC (Allocation Failure) [PSYoungGen: 417422K->184558K(465920K)] 1067353K->834762K(1510400K), 0.0204077 secs] [Times: user=0.03 sys=0.00, real=0.02 secs] 
1700.082: [GC (Allocation Failure) [PSYoungGen: 407604K->91966K(465920K)] 1057808K->742435K(1510400K), 0.0159556 secs] [Times: user=0.03 sys=0.00, real=0.01 secs] 
1701.491: [GC (Allocation Failure) [PSYoungGen: 324926K->37716K(465920K)] 975395K->688493K(1510400K), 0.0082925 secs] [Times: user=0.01 sys=0.00, real=0.01 secs] 
1701.899: [GC (Allocation Failure) [PSYoungGen: 270676K->184430K(465920K)] 921453K->836452K(1510400K), 0.0204246 secs] [Times: user=0.02 sys=0.00, real=0.03 secs] 
1702.184: [GC (Allocation Failure) [PSYoungGen: 417390K->184301K(465920K)] 1069412K->836597K(1510400K), 0.0205391 secs] [Times: user=0.03 sys=0.00, real=0.02 secs] 
1702.879: [GC (Allocation Failure) [PSYoungGen: 409339K->92223K(465920K)] 1061635K->744912K(1510400K), 0.0126464 secs] [Times: user=0.02 sys=0.00, real=0.02 secs] 
1703.763: [GC (Allocation Failure) [PSYoungGen: 325183K->38034K(465920K)] 977872K->690919K(1510400K), 0.0067631 secs] [Times: user=0.01 sys=0.00, real=0.01 secs] 
1704.109: [GC (Allocation Failure) [PSYoungGen: 270994K->184847K(465920K)] 923879K->838985K(1510400K), 0.0203536 secs] [Times: user=0.03 sys=0.00, real=0.02 secs] 
1704.400: [GC (Allocation Failure) [PSYoungGen: 417807K->184655K(465920K)] 1071945K->839202K(1510400K), 0.0203444 secs] [Times: user=0.02 sys=0.00, real=0.02 secs] 
1706.020: [GC (Allocation Failure) [PSYoungGen: 407077K->91226K(465920K)] 1061625K->745911K(1510400K), 0.0244473 secs] [Times: user=0.05 sys=0.00, real=0.02 secs] 
1707.232: [GC (Allocation Failure) [PSYoungGen: 324186K->38230K(465920K)] 978871K->693220K(1510400K), 0.0065294 secs] [Times: user=0.02 sys=0.00, real=0.00 secs] 
1707.590: [GC (Allocation Failure) [PSYoungGen: 271190K->184687K(465920K)] 926180K->841043K(1510400K), 0.0204157 secs] [Times: user=0.03 sys=0.00, real=0.02 secs] 
1707.897: [GC (Allocation Failure) [PSYoungGen: 417647K->184623K(465920K)] 1074003K->841123K(1510400K), 0.0204307 secs] [Times: user=0.03 sys=0.00, real=0.02 secs] 
1709.185: [GC (Allocation Failure) [PSYoungGen: 406922K->91098K(465920K)] 1063422K->747863K(1510400K), 0.0240452 secs] [Times: user=0.05 sys=0.00, real=0.02 secs] 
1710.658: [GC (Allocation Failure) [PSYoungGen: 324058K->37845K(465920K)] 980823K->694916K(1510400K), 0.0063737 secs] [Times: user=0.02 sys=0.00, real=0.01 secs] 
1710.942: [GC (Allocation Failure) [PSYoungGen: 270805K->184687K(465920K)] 927876K->843011K(1510400K), 0.0202821 secs] [Times: user=0.02 sys=0.00, real=0.02 secs] 
1711.226: [GC (Allocation Failure) [PSYoungGen: 417647K->184623K(465920K)] 1075971K->843221K(1510400K), 0.0201437 secs] [Times: user=0.03 sys=0.00, real=0.02 secs] 
1711.898: [GC (Allocation Failure) [PSYoungGen: 407173K->91484K(465920K)] 1065771K->750346K(1510400K), 0.0107062 secs] [Times: user=0.02 sys=0.00, real=0.01 secs] 
1713.895: [GC (Allocation Failure) [PSYoungGen: 324444K->37620K(465920K)] 983306K->696788K(1510400K), 0.0084584 secs] [Times: user=0.02 sys=0.00, real=0.01 secs] 
1714.284: [GC (Allocation Failure) [PSYoungGen: 270580K->184719K(465920K)] 929748K->845149K(1510400K), 0.0203112 secs] [Times: user=0.02 sys=0.00, real=0.02 secs] 
1714.621: [GC (Allocation Failure) [PSYoungGen: 417679K->184719K(465920K)] 1078109K->845422K(1510400K), 0.0204175 secs] [Times: user=0.03 sys=0.00, real=0.02 secs] 
1716.209: [GC (Allocation Failure) [PSYoungGen: 407523K->91773K(465920K)] 1068227K->752749K(1510400K), 0.0193247 secs] [Times: user=0.04 sys=0.00, real=0.02 secs] 
1717.855: [GC (Allocation Failure) [PSYoungGen: 324733K->37845K(465920K)] 985709K->699121K(1510400K), 0.0069849 secs] [Times: user=0.02 sys=0.00, real=0.01 secs] 
1718.155: [GC (Allocation Failure) [PSYoungGen: 270805K->183787K(465920K)] 932081K->846309K(1510400K), 0.0208273 secs] [Times: user=0.03 sys=0.00, real=0.02 secs] 
1718.441: [GC (Allocation Failure) [PSYoungGen: 416747K->184269K(465920K)] 1079269K->847192K(1510400K), 0.0205348 secs] [Times: user=0.03 sys=0.00, real=0.02 secs] 
1719.810: [GC (Allocation Failure) [PSYoungGen: 408090K->92737K(465920K)] 1071014K->755797K(1510400K), 0.0144494 secs] [Times: user=0.03 sys=0.00, real=0.01 secs] 
1721.004: [GC (Allocation Failure) [PSYoungGen: 325697K->37973K(465920K)] 988757K->701341K(1510400K), 0.0069557 secs] [Times: user=0.01 sys=0.00, real=0.01 secs] 
1721.301: [GC (Allocation Failure) [PSYoungGen: 270933K->184430K(465920K)] 934301K->849035K(1510400K), 0.0202239 secs] [Times: user=0.03 sys=0.00, real=0.02 secs] 
1721.585: [GC (Allocation Failure) [PSYoungGen: 417390K->184590K(465920K)] 1081995K->849468K(1510400K), 0.0204468 secs] [Times: user=0.03 sys=0.00, real=0.02 secs] 
1722.229: [GC (Allocation Failure) [PSYoungGen: 407123K->91741K(465920K)] 1072001K->756892K(1510400K), 0.0112899 secs] [Times: user=0.03 sys=0.00, real=0.02 secs] 
1723.617: [GC (Allocation Failure) [PSYoungGen: 324701K->37459K(465920K)] 989852K->702916K(1510400K), 0.0056995 secs] [Times: user=0.02 sys=0.00, real=0.01 secs] 
1723.947: [GC (Allocation Failure) [PSYoungGen: 270419K->184815K(465920K)] 935876K->851534K(1510400K), 0.0208704 secs] [Times: user=0.03 sys=0.00, real=0.02 secs] 
1724.292: [GC (Allocation Failure) [PSYoungGen: 417775K->184141K(465920K)] 1084494K->851132K(1510400K), 0.0204924 secs] [Times: user=0.03 sys=0.00, real=0.02 secs] 
1725.018: [GC (Allocation Failure) [PSYoungGen: 409473K->92287K(465920K)] 1076465K->759543K(1510400K), 0.0122042 secs] [Times: user=0.03 sys=0.00, real=0.02 secs] 
1726.517: [GC (Allocation Failure) [PSYoungGen: 325247K->37745K(465920K)] 992503K->705302K(1510400K), 0.0067891 secs] [Times: user=0.01 sys=0.00, real=0.01 secs] 
1726.802: [GC (Allocation Failure) [PSYoungGen: 270705K->184719K(465920K)] 938262K->853649K(1510400K), 0.0204599 secs] [Times: user=0.02 sys=0.00, real=0.02 secs] 
1727.143: [GC (Allocation Failure) [PSYoungGen: 417679K->184462K(465920K)] 1086609K->853537K(1510400K), 0.0206036 secs] [Times: user=0.03 sys=0.00, real=0.02 secs] 
1728.412: [GC (Allocation Failure) [PSYoungGen: 406777K->91869K(465920K)] 1075852K->761209K(1510400K), 0.0166078 secs] [Times: user=0.03 sys=0.00, real=0.01 secs] 
1730.561: [GC (Allocation Failure) [PSYoungGen: 324829K->37745K(465920K)] 994169K->707393K(1510400K), 0.0071508 secs] [Times: user=0.02 sys=0.00, real=0.00 secs] 
1730.859: [GC (Allocation Failure) [PSYoungGen: 270705K->184462K(465920K)] 940353K->855363K(1510400K), 0.0203679 secs] [Times: user=0.03 sys=0.00, real=0.02 secs] 
1731.193: [GC (Allocation Failure) [PSYoungGen: 417422K->184590K(465920K)] 1088323K->855772K(1510400K), 0.0204558 secs] [Times: user=0.03 sys=0.00, real=0.02 secs] 
1731.896: [GC (Allocation Failure) [PSYoungGen: 407635K->91998K(465920K)] 1078817K->763445K(1510400K), 0.0113628 secs] [Times: user=0.02 sys=0.00, real=0.01 secs] 
1732.744: [GC (Allocation Failure) [PSYoungGen: 324958K->38002K(465920K)] 996405K->709763K(1510400K), 0.0054941 secs] [Times: user=0.02 sys=0.00, real=0.01 secs] 
1733.071: [GC (Allocation Failure) [PSYoungGen: 270962K->184430K(465920K)] 942723K->857444K(1510400K), 0.0203339 secs] [Times: user=0.03 sys=0.00, real=0.02 secs] 
1733.418: [GC (Allocation Failure) [PSYoungGen: 417390K->184590K(465920K)] 1090404K->857878K(1510400K), 0.0207241 secs] [Times: user=0.03 sys=0.00, real=0.02 secs] 
1735.704: [GC (Allocation Failure) [PSYoungGen: 407132K->91741K(465920K)] 1080419K->765309K(1510400K), 0.0268512 secs] [Times: user=0.06 sys=0.00, real=0.03 secs] 
1738.143: [GC (Allocation Failure) [PSYoungGen: 324701K->37845K(465920K)] 998269K->711727K(1510400K), 0.0083074 secs] [Times: user=0.02 sys=0.00, real=0.01 secs] 
1738.473: [GC (Allocation Failure) [PSYoungGen: 270805K->184462K(465920K)] 944687K->859718K(1510400K), 0.0204508 secs] [Times: user=0.02 sys=0.00, real=0.02 secs] 
1738.763: [GC (Allocation Failure) [PSYoungGen: 417422K->184526K(465920K)] 1092678K->859927K(1510400K), 0.0202875 secs] [Times: user=0.03 sys=0.00, real=0.02 secs] 
1740.390: [GC (Allocation Failure) [PSYoungGen: 407064K->91837K(465920K)] 1082465K->767503K(1510400K), 0.0133878 secs] [Times: user=0.03 sys=0.00, real=0.01 secs] 
1742.135: [GC (Allocation Failure) [PSYoungGen: 324797K->37459K(465920K)] 1000463K->713431K(1510400K), 0.0068569 secs] [Times: user=0.01 sys=0.00, real=0.01 secs] 
1742.429: [GC (Allocation Failure) [PSYoungGen: 270419K->184430K(465920K)] 946391K->861647K(1510400K), 0.0204212 secs] [Times: user=0.03 sys=0.00, real=0.02 secs] 
1742.718: [GC (Allocation Failure) [PSYoungGen: 417390K->184558K(465920K)] 1094607K->862057K(1510400K), 0.0203973 secs] [Times: user=0.02 sys=0.00, real=0.02 secs] 
1744.348: [GC (Allocation Failure) [PSYoungGen: 408147K->92287K(465920K)] 1085646K->770050K(1510400K), 0.0263737 secs] [Times: user=0.06 sys=0.00, real=0.03 secs] 
1746.138: [GC (Allocation Failure) [PSYoungGen: 325247K->37813K(465920K)] 1003010K->715892K(1510400K), 0.0074160 secs] [Times: user=0.02 sys=0.00, real=0.01 secs] 
1746.447: [GC (Allocation Failure) [PSYoungGen: 270773K->184944K(465920K)] 948852K->864261K(1510400K), 0.0203501 secs] [Times: user=0.03 sys=0.00, real=0.02 secs] 
1746.732: [GC (Allocation Failure) [PSYoungGen: 417904K->184301K(465920K)] 1097221K->863891K(1510400K), 0.0203497 secs] [Times: user=0.03 sys=0.00, real=0.02 secs] 
1748.216: [GC (Allocation Failure) [PSYoungGen: 407155K->91644K(465920K)] 1086745K->771628K(1510400K), 0.0132896 secs] [Times: user=0.03 sys=0.00, real=0.02 secs] 
1749.873: [GC (Allocation Failure) [PSYoungGen: 324604K->37748K(465920K)] 1004588K->717909K(1510400K), 0.0066336 secs] [Times: user=0.01 sys=0.00, real=0.01 secs] 
1750.159: [GC (Allocation Failure) [PSYoungGen: 270708K->184687K(465920K)] 950869K->866085K(1510400K), 0.0202332 secs] [Times: user=0.03 sys=0.00, real=0.02 secs] 
1750.444: [GC (Allocation Failure) [PSYoungGen: 417647K->184687K(465920K)] 1099045K->866495K(1510400K), 0.0203864 secs] [Times: user=0.03 sys=0.00, real=0.02 secs] 
1752.062: [GC (Allocation Failure) [PSYoungGen: 407380K->91580K(465920K)] 1089188K->773653K(1510400K), 0.0241002 secs] [Times: user=0.05 sys=0.00, real=0.02 secs] 
1754.302: [GC (Allocation Failure) [PSYoungGen: 324540K->37877K(465920K)] 1006613K->720119K(1510400K), 0.0076112 secs] [Times: user=0.02 sys=0.00, real=0.01 secs] 
1754.609: [GC (Allocation Failure) [PSYoungGen: 270837K->183819K(465920K)] 953079K->867323K(1510400K), 0.0205355 secs] [Times: user=0.03 sys=0.00, real=0.03 secs] 
1754.899: [GC (Allocation Failure) [PSYoungGen: 416779K->184462K(465920K)] 1100283K->868238K(1510400K), 0.0206475 secs] [Times: user=0.03 sys=0.00, real=0.03 secs] 
1756.413: [GC (Allocation Failure) [PSYoungGen: 409816K->92640K(465920K)] 1093593K->776682K(1510400K), 0.0195540 secs] [Times: user=0.04 sys=0.00, real=0.02 secs] 
1758.244: [GC (Allocation Failure) [PSYoungGen: 325600K->37617K(465920K)] 1009642K->721958K(1510400K), 0.0076019 secs] [Times: user=0.02 sys=0.00, real=0.01 secs] 
1758.552: [GC (Allocation Failure) [PSYoungGen: 270577K->184044K(465920K)] 954918K->869639K(1510400K), 0.0206055 secs] [Times: user=0.03 sys=0.00, real=0.02 secs] 
1758.852: [GC (Allocation Failure) [PSYoungGen: 417004K->184526K(465920K)] 1102599K->870394K(1510400K), 0.0203200 secs] [Times: user=0.02 sys=0.00, real=0.02 secs] 
1759.583: [GC (Allocation Failure) [PSYoungGen: 409689K->92480K(465920K)] 1095558K->778613K(1510400K), 0.0119799 secs] [Times: user=0.02 sys=0.00, real=0.01 secs] 
1760.418: [GC (Allocation Failure) [PSYoungGen: 325440K->37973K(465920K)] 1011573K->724412K(1510400K), 0.0056186 secs] [Times: user=0.01 sys=0.00, real=0.01 secs] 
1760.688: [GC (Allocation Failure) [PSYoungGen: 270933K->184687K(465920K)] 957372K->872371K(1510400K), 0.0203979 secs] [Times: user=0.03 sys=0.00, real=0.02 secs] 
1760.978: [GC (Allocation Failure) [PSYoungGen: 417647K->184719K(465920K)] 1105331K->872676K(1510400K), 0.0204591 secs] [Times: user=0.03 sys=0.00, real=0.02 secs] 
1763.333: [GC (Allocation Failure) [PSYoungGen: 407264K->91387K(465920K)] 1095222K->779618K(1510400K), 0.0124906 secs] [Times: user=0.03 sys=0.00, real=0.01 secs] 
1764.283: [GC (Allocation Failure) [PSYoungGen: 324347K->37906K(465920K)] 1012578K->726441K(1510400K), 0.0056855 secs] [Times: user=0.01 sys=0.00, real=0.00 secs] 
1764.553: [GC (Allocation Failure) [PSYoungGen: 270866K->183787K(465920K)] 959401K->873575K(1510400K), 0.0203104 secs] [Times: user=0.03 sys=0.00, real=0.02 secs] 
1764.892: [GC (Allocation Failure) [PSYoungGen: 416747K->184398K(465920K)] 1106535K->874459K(1510400K), 0.0204501 secs] [Times: user=0.03 sys=0.00, real=0.02 secs] 
1765.890: [GC (Allocation Failure) [PSYoungGen: 409761K->92640K(465920K)] 1099823K->782967K(1510400K), 0.0138690 secs] [Times: user=0.02 sys=0.01, real=0.01 secs] 
1767.634: [GC (Allocation Failure) [PSYoungGen: 325600K->37556K(465920K)] 1015927K->728188K(1510400K), 0.0096225 secs] [Times: user=0.02 sys=0.01, real=0.01 secs] 
1767.986: [GC (Allocation Failure) [PSYoungGen: 270516K->184687K(465920K)] 961148K->876564K(1510400K), 0.0206549 secs] [Times: user=0.03 sys=0.00, real=0.02 secs] 
1768.270: [GC (Allocation Failure) [PSYoungGen: 417647K->184719K(465920K)] 1109524K->876998K(1510400K), 0.0205353 secs] [Times: user=0.03 sys=0.00, real=0.02 secs] 
1768.936: [GC (Allocation Failure) [PSYoungGen: 407403K->91709K(465920K)] 1099682K->784253K(1510400K), 0.0176699 secs] [Times: user=0.04 sys=0.00, real=0.02 secs] 
1769.753: [GC (Allocation Failure) [PSYoungGen: 324669K->38002K(465920K)] 1017213K->730732K(1510400K), 0.0056049 secs] [Times: user=0.02 sys=0.00, real=0.00 secs] 
1770.021: [GC (Allocation Failure) [PSYoungGen: 270962K->183916K(465920K)] 963692K->877891K(1510400K), 0.0203479 secs] [Times: user=0.03 sys=0.00, real=0.02 secs] 
1770.305: [GC (Allocation Failure) [PSYoungGen: 416876K->184366K(465920K)] 1110851K->878742K(1510400K), 0.0203561 secs] [Times: user=0.02 sys=0.00, real=0.02 secs] 
1771.564: [GC (Allocation Failure) [PSYoungGen: 409584K->92383K(465920K)] 1103961K->786897K(1510400K), 0.0173735 secs] [Times: user=0.04 sys=0.00, real=0.02 secs] 
1774.144: [GC (Allocation Failure) [PSYoungGen: 325343K->37716K(465920K)] 1019857K->732543K(1510400K), 0.0077975 secs] [Times: user=0.02 sys=0.00, real=0.01 secs] 
1774.459: [GC (Allocation Failure) [PSYoungGen: 270676K->184687K(465920K)] 965503K->880767K(1510400K), 0.0203133 secs] [Times: user=0.03 sys=0.00, real=0.03 secs] 
1774.744: [GC (Allocation Failure) [PSYoungGen: 417647K->184687K(465920K)] 1113727K->881169K(1510400K), 0.0203842 secs] [Times: user=0.03 sys=0.00, real=0.02 secs] 
1775.398: [GC (Allocation Failure) [PSYoungGen: 407375K->91580K(465920K)] 1103858K->788327K(1510400K), 0.0106682 secs] [Times: user=0.02 sys=0.00, real=0.01 secs] 
1776.224: [GC (Allocation Failure) [PSYoungGen: 324540K->37973K(465920K)] 1021287K->734898K(1510400K), 0.0058839 secs] [Times: user=0.01 sys=0.00, real=0.01 secs] 
1776.493: [GC (Allocation Failure) [PSYoungGen: 270933K->183948K(465920K)] 967858K->882126K(1510400K), 0.0203596 secs] [Times: user=0.03 sys=0.00, real=0.02 secs] 
1776.846: [GC (Allocation Failure) [PSYoungGen: 416908K->184462K(465920K)] 1115086K->883041K(1510400K), 0.0204314 secs] [Times: user=0.03 sys=0.00, real=0.02 secs] 
1779.045: [GC (Allocation Failure) [PSYoungGen: 409690K->92383K(465920K)] 1108269K->791099K(1510400K), 0.0202571 secs] [Times: user=0.05 sys=0.00, real=0.02 secs] 
1781.302: [GC (Allocation Failure) [PSYoungGen: 325343K->37748K(465920K)] 1024059K->736770K(1510400K), 0.0077003 secs] [Times: user=0.02 sys=0.00, real=0.01 secs] 
1781.609: [GC (Allocation Failure) [PSYoungGen: 270708K->184719K(465920K)] 969730K->884986K(1510400K), 0.0204799 secs] [Times: user=0.03 sys=0.00, real=0.03 secs] 
1781.899: [GC (Allocation Failure) [PSYoungGen: 417679K->184655K(465920K)] 1117946K->885324K(1510400K), 0.0206937 secs] [Times: user=0.03 sys=0.00, real=0.03 secs] 
1782.794: [GC (Allocation Failure) [PSYoungGen: 407345K->91644K(465920K)] 1108014K->792578K(1510400K), 0.0126934 secs] [Times: user=0.02 sys=0.00, real=0.01 secs] 
1784.324: [GC (Allocation Failure) [PSYoungGen: 324604K->37748K(465920K)] 1025538K->738883K(1510400K), 0.0067038 secs] [Times: user=0.01 sys=0.00, real=0.01 secs] 
1784.607: [GC (Allocation Failure) [PSYoungGen: 270708K->184719K(465920K)] 971843K->887108K(1510400K), 0.0203574 secs] [Times: user=0.03 sys=0.00, real=0.02 secs] 
1784.948: [GC (Allocation Failure) [PSYoungGen: 417679K->184687K(465920K)] 1120068K->887349K(1510400K), 0.0209299 secs] [Times: user=0.03 sys=0.00, real=0.02 secs] 
1785.725: [GC (Allocation Failure) [PSYoungGen: 407236K->91644K(465920K)] 1109898K->794579K(1510400K), 0.0113791 secs] [Times: user=0.03 sys=0.00, real=0.01 secs] 
1787.250: [GC (Allocation Failure) [PSYoungGen: 324604K->37556K(465920K)] 1027539K->740788K(1510400K), 0.0093573 secs] [Times: user=0.03 sys=0.00, real=0.01 secs] 
1787.604: [GC (Allocation Failure) [PSYoungGen: 270516K->183787K(465920K)] 973748K->888257K(1510400K), 0.0203069 secs] [Times: user=0.02 sys=0.00, real=0.02 secs] 
1787.888: [GC (Allocation Failure) [PSYoungGen: 416747K->184623K(465920K)] 1121217K->889366K(1510400K), 0.0203993 secs] [Times: user=0.03 sys=0.00, real=0.02 secs] 
1789.521: [GC (Allocation Failure) [PSYoungGen: 410173K->92640K(465920K)] 1114916K->797649K(1510400K), 0.0174260 secs] [Times: user=0.03 sys=0.00, real=0.01 secs] 
1791.396: [GC (Allocation Failure) [PSYoungGen: 325600K->37716K(465920K)] 1030609K->743038K(1510400K), 0.0078955 secs] [Times: user=0.02 sys=0.00, real=0.01 secs] 
1791.715: [GC (Allocation Failure) [PSYoungGen: 270676K->184590K(465920K)] 975998K->891158K(1510400K), 0.0205394 secs] [Times: user=0.03 sys=0.00, real=0.02 secs] 
1792.000: [GC (Allocation Failure) [PSYoungGen: 417550K->184269K(465920K)] 1124118K->891110K(1510400K), 0.0205881 secs] [Times: user=0.03 sys=0.00, real=0.02 secs] 
1793.094: [GC (Allocation Failure) [PSYoungGen: 409145K->92126K(465920K)] 1115986K->799240K(1510400K), 0.0178003 secs] [Times: user=0.04 sys=0.00, real=0.02 secs] 
1794.701: [GC (Allocation Failure) [PSYoungGen: 325086K->37906K(465920K)] 1032200K->745327K(1510400K), 0.0069278 secs] [Times: user=0.01 sys=0.00, real=0.00 secs] 
1795.065: [GC (Allocation Failure) [PSYoungGen: 270866K->184430K(465920K)] 978287K->893233K(1510400K), 0.0204131 secs] [Times: user=0.03 sys=0.00, real=0.02 secs] 
1795.348: [GC (Allocation Failure) [PSYoungGen: 417390K->184558K(465920K)] 1126193K->893506K(1510400K), 0.0206129 secs] [Times: user=0.03 sys=0.00, real=0.02 secs] 
1796.452: [GC (Allocation Failure) [PSYoungGen: 407100K->91837K(465920K)] 1116048K->801058K(1510400K), 0.0132550 secs] [Times: user=0.03 sys=0.00, real=0.01 secs] 
1798.196: [GC (Allocation Failure) [PSYoungGen: 324797K->37716K(465920K)] 1034018K->747237K(1510400K), 0.0071823 secs] [Times: user=0.02 sys=0.00, real=0.01 secs] 
1798.496: [GC (Allocation Failure) [PSYoungGen: 270676K->184430K(465920K)] 980197K->895196K(1510400K), 0.0202866 secs] [Times: user=0.03 sys=0.00, real=0.02 secs] 
1798.839: [GC (Allocation Failure) [PSYoungGen: 417390K->184269K(465920K)] 1128156K->895309K(1510400K), 0.0208379 secs] [Times: user=0.03 sys=0.00, real=0.03 secs] 
1800.332: [GC (Allocation Failure) [PSYoungGen: 409309K->92319K(465920K)] 1120349K->803760K(1510400K), 0.0124859 secs] [Times: user=0.03 sys=0.00, real=0.01 secs] 
1802.065: [GC (Allocation Failure) [PSYoungGen: 325279K->37331K(465920K)] 1036720K->748959K(1510400K), 0.0066624 secs] [Times: user=0.02 sys=0.00, real=0.01 secs] 
1802.341: [GC (Allocation Failure) [PSYoungGen: 270291K->184687K(465920K)] 981919K->897561K(1510400K), 0.0205042 secs] [Times: user=0.03 sys=0.00, real=0.02 secs] 
1802.625: [GC (Allocation Failure) [PSYoungGen: 417647K->184687K(465920K)] 1130521K->897842K(1510400K), 0.0204558 secs] [Times: user=0.03 sys=0.00, real=0.02 secs] 
1803.750: [GC (Allocation Failure) [PSYoungGen: 409844K->91998K(465920K)] 1122999K->805418K(1510400K), 0.0141211 secs] [Times: user=0.03 sys=0.00, real=0.01 secs] 
1805.736: [GC (Allocation Failure) [PSYoungGen: 324958K->37684K(465920K)] 1038378K->751418K(1510400K), 0.0077633 secs] [Times: user=0.01 sys=0.00, real=0.01 secs] 
1806.044: [GC (Allocation Failure) [PSYoungGen: 270644K->184301K(465920K)] 984378K->899281K(1510400K), 0.0204256 secs] [Times: user=0.03 sys=0.00, real=0.02 secs] 
1806.328: [GC (Allocation Failure) [PSYoungGen: 417261K->184655K(465920K)] 1132241K->899907K(1510400K), 0.0205347 secs] [Times: user=0.03 sys=0.00, real=0.02 secs] 
1807.249: [GC (Allocation Failure) [PSYoungGen: 409777K->92030K(465920K)] 1125030K->807547K(1510400K), 0.0122702 secs] [Times: user=0.03 sys=0.00, real=0.02 secs] 
1809.411: [GC (Allocation Failure) [PSYoungGen: 324990K->37459K(465920K)] 1040507K->753290K(1510400K), 0.0069999 secs] [Times: user=0.02 sys=0.00, real=0.00 secs] 
1809.705: [GC (Allocation Failure) [PSYoungGen: 270419K->184847K(465920K)] 986250K->901924K(1510400K), 0.0204439 secs] [Times: user=0.03 sys=0.00, real=0.02 secs] 
1810.041: [GC (Allocation Failure) [PSYoungGen: 417807K->184687K(465920K)] 1134884K->902045K(1510400K), 0.0204039 secs] [Times: user=0.02 sys=0.00, real=0.02 secs] 
1811.638: [GC (Allocation Failure) [PSYoungGen: 407143K->91741K(465920K)] 1124501K->809364K(1510400K), 0.0209219 secs] [Times: user=0.05 sys=0.00, real=0.02 secs] 
1812.796: [GC (Allocation Failure) [PSYoungGen: 324701K->37877K(465920K)] 1042324K->755815K(1510400K), 0.0055524 secs] [Times: user=0.02 sys=0.00, real=0.01 secs] 
1813.068: [GC (Allocation Failure) [PSYoungGen: 270837K->184462K(465920K)] 988775K->903654K(1510400K), 0.0203875 secs] [Times: user=0.03 sys=0.00, real=0.02 secs] 
1813.352: [GC (Allocation Failure) [PSYoungGen: 417422K->184526K(465920K)] 1136614K->903991K(1510400K), 0.0205477 secs] [Times: user=0.03 sys=0.00, real=0.02 secs] 
1814.028: [GC (Allocation Failure) [PSYoungGen: 407092K->91901K(465920K)] 1126557K->811639K(1510400K), 0.0114819 secs] [Times: user=0.02 sys=0.00, real=0.02 secs] 
1814.873: [GC (Allocation Failure) [PSYoungGen: 324861K->38002K(465920K)] 1044599K->758051K(1510400K), 0.0056631 secs] [Times: user=0.01 sys=0.00, real=0.00 secs] 
1815.142: [GC (Allocation Failure) [PSYoungGen: 270962K->184430K(465920K)] 991011K->905732K(1510400K), 0.0203659 secs] [Times: user=0.03 sys=0.00, real=0.02 secs] 
1815.425: [GC (Allocation Failure) [PSYoungGen: 417390K->184333K(465920K)] 1138692K->905916K(1510400K), 0.0202987 secs] [Times: user=0.03 sys=0.00, real=0.02 secs] 
1816.602: [GC (Allocation Failure) [PSYoungGen: 409370K->92030K(465920K)] 1130953K->814006K(1510400K), 0.0117446 secs] [Times: user=0.02 sys=0.00, real=0.01 secs] 
1817.908: [GC (Allocation Failure) [PSYoungGen: 324990K->37620K(465920K)] 1046966K->759789K(1510400K), 0.0077192 secs] [Times: user=0.02 sys=0.00, real=0.01 secs] 
1818.264: [GC (Allocation Failure) [PSYoungGen: 270580K->184687K(465920K)] 992749K->908102K(1510400K), 0.0204884 secs] [Times: user=0.02 sys=0.00, real=0.02 secs] 
1818.552: [GC (Allocation Failure) [PSYoungGen: 417647K->184687K(465920K)] 1141062K->908375K(1510400K), 0.0207041 secs] [Times: user=0.02 sys=0.00, real=0.02 secs] 
1819.605: [GC (Allocation Failure) [PSYoungGen: 407490K->91741K(465920K)] 1131179K->815694K(1510400K), 0.0150169 secs] [Times: user=0.03 sys=0.00, real=0.02 secs] 
1821.302: [GC (Allocation Failure) [PSYoungGen: 324701K->37845K(465920K)] 1048654K->762098K(1510400K), 0.0075161 secs] [Times: user=0.01 sys=0.00, real=0.00 secs] 
1821.668: [GC (Allocation Failure) [PSYoungGen: 270805K->183916K(465920K)] 995058K->909414K(1510400K), 0.0205072 secs] [Times: user=0.03 sys=0.00, real=0.02 secs] 
1821.958: [GC (Allocation Failure) [PSYoungGen: 416876K->184398K(465920K)] 1142374K->910170K(1510400K), 0.0207519 secs] [Times: user=0.03 sys=0.00, real=0.02 secs] 
1823.550: [GC (Allocation Failure) [PSYoungGen: 409634K->92512K(465920K)] 1135406K->818549K(1510400K), 0.0236887 secs] [Times: user=0.05 sys=0.01, real=0.02 secs] 
1825.177: [GC (Allocation Failure) [PSYoungGen: 325472K->38002K(465920K)] 1051509K->764345K(1510400K), 0.0071242 secs] [Times: user=0.01 sys=0.00, real=0.01 secs] 
1825.476: [GC (Allocation Failure) [PSYoungGen: 270962K->184687K(465920K)] 997305K->912275K(1510400K), 0.0206225 secs] [Times: user=0.03 sys=0.00, real=0.02 secs] 
1825.761: [GC (Allocation Failure) [PSYoungGen: 417647K->184655K(465920K)] 1145235K->912524K(1510400K), 0.0205304 secs] [Times: user=0.03 sys=0.00, real=0.02 secs] 
1826.571: [GC (Allocation Failure) [PSYoungGen: 407226K->91355K(465920K)] 1135095K->819497K(1510400K), 0.0120892 secs] [Times: user=0.03 sys=0.00, real=0.01 secs] 
1828.119: [GC (Allocation Failure) [PSYoungGen: 324315K->37588K(465920K)] 1052457K->766036K(1510400K), 0.0063652 secs] [Times: user=0.02 sys=0.00, real=0.00 secs] 
1828.397: [GC (Allocation Failure) [PSYoungGen: 270548K->184687K(465920K)] 998996K->914364K(1510400K), 0.0204673 secs] [Times: user=0.02 sys=0.00, real=0.02 secs] 
1828.683: [GC (Allocation Failure) [PSYoungGen: 417647K->184687K(465920K)] 1147324K->914637K(1510400K), 0.0205556 secs] [Times: user=0.03 sys=0.00, real=0.02 secs] 
1829.796: [GC (Allocation Failure) [PSYoungGen: 407491K->91741K(465920K)] 1137442K->821956K(1510400K), 0.0119960 secs] [Times: user=0.02 sys=0.00, real=0.01 secs] 
1830.783: [GC (Allocation Failure) [PSYoungGen: 324701K->38034K(465920K)] 1054916K->768564K(1510400K), 0.0055661 secs] [Times: user=0.02 sys=0.00, real=0.00 secs] 
1831.110: [GC (Allocation Failure) [PSYoungGen: 270994K->184687K(465920K)] 1001524K->916470K(1510400K), 0.0206718 secs] [Times: user=0.03 sys=0.00, real=0.02 secs] 
1831.399: [GC (Allocation Failure) [PSYoungGen: 417647K->184655K(465920K)] 1149430K->916711K(1510400K), 0.0205963 secs] [Times: user=0.03 sys=0.00, real=0.02 secs] 
1832.250: [GC (Allocation Failure) [PSYoungGen: 407203K->91355K(465920K)] 1139259K->823684K(1510400K), 0.0118968 secs] [Times: user=0.02 sys=0.00, real=0.01 secs] 
1833.655: [GC (Allocation Failure) [PSYoungGen: 324315K->37809K(465920K)] 1056644K->770444K(1510400K), 0.0056125 secs] [Times: user=0.02 sys=0.00, real=0.01 secs] 
1833.925: [GC (Allocation Failure) [PSYoungGen: 270769K->183916K(465920K)] 1003404K->917804K(1510400K), 0.0203822 secs] [Times: user=0.02 sys=0.00, real=0.02 secs] 
1834.209: [GC (Allocation Failure) [PSYoungGen: 416876K->184430K(465920K)] 1150764K->918599K(1510400K), 0.0205043 secs] [Times: user=0.03 sys=0.00, real=0.03 secs] 
1834.867: [GC (Allocation Failure) [PSYoungGen: 408238K->92672K(465920K)] 1142408K->827107K(1510400K), 0.0116161 secs] [Times: user=0.03 sys=0.00, real=0.01 secs] 
1835.731: [GC (Allocation Failure) [PSYoungGen: 325632K->38002K(465920K)] 1060067K->772751K(1510400K), 0.0057102 secs] [Times: user=0.01 sys=0.00, real=0.00 secs] 
1836.002: [GC (Allocation Failure) [PSYoungGen: 270962K->184430K(465920K)] 1005711K->920424K(1510400K), 0.0205114 secs] [Times: user=0.03 sys=0.00, real=0.02 secs] 
1836.285: [GC (Allocation Failure) [PSYoungGen: 417390K->184333K(465920K)] 1153384K->920600K(1510400K), 0.0205998 secs] [Times: user=0.03 sys=0.00, real=0.02 secs] 
1836.908: [GC (Allocation Failure) [PSYoungGen: 409369K->91982K(465920K)] 1145636K->828642K(1510400K), 0.0116132 secs] [Times: user=0.02 sys=0.00, real=0.02 secs] 
1837.719: [GC (Allocation Failure) [PSYoungGen: 324942K->38131K(465920K)] 1061602K->774977K(1510400K), 0.0057375 secs] [Times: user=0.01 sys=0.00, real=0.01 secs] 
1837.989: [GC (Allocation Failure) [PSYoungGen: 271091K->184719K(465920K)] 1007937K->922810K(1510400K), 0.0205785 secs] [Times: user=0.03 sys=0.00, real=0.03 secs] 
1838.279: [GC (Allocation Failure) [PSYoungGen: 417679K->184847K(465920K)] 1155770K->923348K(1510400K), 0.0205117 secs] [Times: user=0.02 sys=0.00, real=0.02 secs] 
1839.685: [GC (Allocation Failure) [PSYoungGen: 406619K->91066K(465920K)] 1145120K->829703K(1510400K), 0.0198671 secs] [Times: user=0.04 sys=0.00, real=0.02 secs] 
1841.511: [GC (Allocation Failure) [PSYoungGen: 324026K->37716K(465920K)] 1062663K->776659K(1510400K), 0.0073148 secs] [Times: user=0.02 sys=0.01, real=0.00 secs] 
1841.893: [GC (Allocation Failure) [PSYoungGen: 270676K->184430K(465920K)] 1009619K->924626K(1510400K), 0.0207306 secs] [Times: user=0.02 sys=0.00, real=0.02 secs] 
1842.239: [GC (Allocation Failure) [PSYoungGen: 417390K->184526K(465920K)] 1157586K->924996K(1510400K), 0.0205463 secs] [Times: user=0.03 sys=0.00, real=0.03 secs] 
1843.399: [GC (Allocation Failure) [PSYoungGen: 407611K->91998K(465920K)] 1148081K->832733K(1510400K), 0.0133927 secs] [Times: user=0.02 sys=0.00, real=0.02 secs] 
1844.985: [GC (Allocation Failure) [PSYoungGen: 324958K->37588K(465920K)] 1065693K->778640K(1510400K), 0.0071138 secs] [Times: user=0.02 sys=0.00, real=0.01 secs] 
1845.274: [GC (Allocation Failure) [PSYoungGen: 270548K->184462K(465920K)] 1011600K->926760K(1510400K), 0.0208811 secs] [Times: user=0.03 sys=0.00, real=0.02 secs] 
1845.558: [GC (Allocation Failure) [PSYoungGen: 417422K->184333K(465920K)] 1159720K->926784K(1510400K), 0.0204648 secs] [Times: user=0.03 sys=0.00, real=0.02 secs] 
1847.621: [GC (Allocation Failure) [PSYoungGen: 409466K->92351K(465920K)] 1151917K->835067K(1510400K), 0.0274262 secs] [Times: user=0.06 sys=0.00, real=0.02 secs] 
1849.271: [GC (Allocation Failure) [PSYoungGen: 325311K->37877K(465920K)] 1068027K->780890K(1510400K), 0.0066939 secs] [Times: user=0.01 sys=0.00, real=0.00 secs] 
1849.551: [GC (Allocation Failure) [PSYoungGen: 270837K->184044K(465920K)] 1013850K->928303K(1510400K), 0.0217166 secs] [Times: user=0.03 sys=0.00, real=0.02 secs] 
1849.911: [GC (Allocation Failure) [PSYoungGen: 417004K->184976K(465920K)] 1161263K->929516K(1510400K), 0.0208972 secs] [Times: user=0.03 sys=0.00, real=0.02 secs] 
1852.050: [GC (Allocation Failure) [PSYoungGen: 405672K->91837K(465920K)] 1150212K->836779K(1510400K), 0.0135986 secs] [Times: user=0.03 sys=0.00, real=0.01 secs] 
1853.013: [GC (Allocation Failure) [PSYoungGen: 324797K->38005K(465920K)] 1069739K->783132K(1510400K), 0.0056205 secs] [Times: user=0.01 sys=0.00, real=0.00 secs] 
1853.283: [GC (Allocation Failure) [PSYoungGen: 270965K->184558K(465920K)] 1016092K->931059K(1510400K), 0.0204292 secs] [Times: user=0.03 sys=0.00, real=0.02 secs] 
1853.568: [GC (Allocation Failure) [PSYoungGen: 417518K->184719K(465920K)] 1164019K->931364K(1510400K), 0.0205280 secs] [Times: user=0.03 sys=0.00, real=0.02 secs] 
1854.389: [GC (Allocation Failure) [PSYoungGen: 407151K->91452K(465920K)] 1153797K->838507K(1510400K), 0.0111210 secs] [Times: user=0.03 sys=0.00, real=0.01 secs] 
1855.433: [GC (Allocation Failure) [PSYoungGen: 324412K->37874K(465920K)] 1071467K->785114K(1510400K), 0.0058660 secs] [Times: user=0.01 sys=0.00, real=0.00 secs] 
1855.704: [GC (Allocation Failure) [PSYoungGen: 270834K->184719K(465920K)] 1018074K->933205K(1510400K), 0.0205625 secs] [Times: user=0.02 sys=0.00, real=0.02 secs] 
1855.991: [GC (Allocation Failure) [PSYoungGen: 417679K->184719K(465920K)] 1166165K->933486K(1510400K), 0.0206074 secs] [Times: user=0.03 sys=0.00, real=0.02 secs] 
1856.703: [GC (Allocation Failure) [PSYoungGen: 407266K->91484K(465920K)] 1156033K->840516K(1510400K), 0.0125581 secs] [Times: user=0.03 sys=0.00, real=0.01 secs] 
1857.653: [GC (Allocation Failure) [PSYoungGen: 324444K->37973K(465920K)] 1073476K->787321K(1510400K), 0.0067110 secs] [Times: user=0.01 sys=0.00, real=0.01 secs] 
1857.991: [GC (Allocation Failure) [PSYoungGen: 270933K->183948K(465920K)] 1020281K->934549K(1510400K), 0.0203263 secs] [Times: user=0.03 sys=0.00, real=0.02 secs] 
1858.279: [GC (Allocation Failure) [PSYoungGen: 416908K->184430K(465920K)] 1167509K->935304K(1510400K), 0.0204730 secs] [Times: user=0.03 sys=0.00, real=0.03 secs] 
1859.240: [GC (Allocation Failure) [PSYoungGen: 409633K->92415K(465920K)] 1160508K->843563K(1510400K), 0.0137884 secs] [Times: user=0.03 sys=0.00, real=0.01 secs] 
1861.406: [GC (Allocation Failure) [PSYoungGen: 325375K->37588K(465920K)] 1076523K->789057K(1510400K), 0.0086036 secs] [Times: user=0.02 sys=0.01, real=0.01 secs] 
1861.729: [GC (Allocation Failure) [PSYoungGen: 270548K->184687K(465920K)] 1022017K->937401K(1510400K), 0.0207034 secs] [Times: user=0.03 sys=0.01, real=0.03 secs] 
1862.074: [GC (Allocation Failure) [PSYoungGen: 417647K->184719K(465920K)] 1170361K->937714K(1510400K), 0.0204437 secs] [Times: user=0.03 sys=0.01, real=0.02 secs] 
1862.708: [GC (Allocation Failure) [PSYoungGen: 407537K->91677K(465920K)] 1160532K->844937K(1510400K), 0.0124679 secs] [Times: user=0.03 sys=0.00, real=0.02 secs] 
1863.633: [GC (Allocation Failure) [PSYoungGen: 324637K->38034K(465920K)] 1077897K->791593K(1510400K), 0.0058513 secs] [Times: user=0.02 sys=0.00, real=0.00 secs] 
1863.905: [GC (Allocation Failure) [PSYoungGen: 270994K->184719K(465920K)] 1024553K->939531K(1510400K), 0.0206632 secs] [Times: user=0.03 sys=0.00, real=0.02 secs] 
1864.192: [GC (Allocation Failure) [PSYoungGen: 417679K->184655K(465920K)] 1172491K->939740K(1510400K), 0.0204150 secs] [Times: user=0.02 sys=0.00, real=0.02 secs] 
1865.155: [GC (Allocation Failure) [PSYoungGen: 407205K->91355K(465920K)] 1162290K->846705K(1510400K), 0.0131833 secs] [Times: user=0.03 sys=0.00, real=0.01 secs] 
1866.083: [GC (Allocation Failure) [PSYoungGen: 324315K->38134K(465920K)] 1079665K->793792K(1510400K), 0.0056534 secs] [Times: user=0.02 sys=0.00, real=0.00 secs] 
1866.351: [GC (Allocation Failure) [PSYoungGen: 271094K->184205K(465920K)] 1026752K->941116K(1510400K), 0.0205319 secs] [Times: user=0.03 sys=0.00, real=0.02 secs] 
1866.693: [GC (Allocation Failure) [PSYoungGen: 417165K->184687K(465920K)] 1174076K->941871K(1510400K), 0.0205762 secs] [Times: user=0.03 sys=0.00, real=0.02 secs] 
1867.354: [GC (Allocation Failure) [PSYoungGen: 407825K->91693K(465920K)] 1165010K->849279K(1510400K), 0.0122744 secs] [Times: user=0.03 sys=0.00, real=0.01 secs] 
1868.250: [GC (Allocation Failure) [PSYoungGen: 324653K->38002K(465920K)] 1082239K->795766K(1510400K), 0.0059220 secs] [Times: user=0.02 sys=0.00, real=0.00 secs] 
1868.518: [GC (Allocation Failure) [PSYoungGen: 270962K->184044K(465920K)] 1028726K->943053K(1510400K), 0.0205148 secs] [Times: user=0.02 sys=0.00, real=0.02 secs] 
1868.804: [GC (Allocation Failure) [PSYoungGen: 417004K->184398K(465920K)] 1176013K->943808K(1510400K), 0.0214503 secs] [Times: user=0.03 sys=0.00, real=0.02 secs] 
1869.869: [GC (Allocation Failure) [PSYoungGen: 408019K->92239K(465920K)] 1167430K->851794K(1510400K), 0.0126664 secs] [Times: user=0.03 sys=0.00, real=0.02 secs] 
1870.659: [GC (Allocation Failure) [PSYoungGen: 325199K->38002K(465920K)] 1084754K->797868K(1510400K), 0.0055992 secs] [Times: user=0.01 sys=0.01, real=0.01 secs] 
1870.930: [GC (Allocation Failure) [PSYoungGen: 270962K->184462K(465920K)] 1030828K->945572K(1510400K), 0.0205736 secs] [Times: user=0.03 sys=0.00, real=0.02 secs] 
1871.220: [GC (Allocation Failure) [PSYoungGen: 417422K->184558K(465920K)] 1178532K->945950K(1510400K), 0.0205001 secs] [Times: user=0.03 sys=0.00, real=0.02 secs] 
1872.268: [GC (Allocation Failure) [PSYoungGen: 407102K->91709K(465920K)] 1168494K->853373K(1510400K), 0.0161418 secs] [Times: user=0.03 sys=0.00, real=0.02 secs] 
1874.400: [GC (Allocation Failure) [PSYoungGen: 324669K->37459K(465920K)] 1086333K->799422K(1510400K), 0.0087189 secs] [Times: user=0.02 sys=0.00, real=0.00 secs] 
1874.726: [GC (Allocation Failure) [PSYoungGen: 270419K->184687K(465920K)] 1032382K->947911K(1510400K), 0.0206451 secs] [Times: user=0.03 sys=0.00, real=0.02 secs] 
1875.010: [GC (Allocation Failure) [PSYoungGen: 417647K->183658K(465920K)] 1180871K->947156K(1510400K), 0.0205326 secs] [Times: user=0.03 sys=0.00, real=0.02 secs] 
1876.152: [GC (Allocation Failure) [PSYoungGen: 409066K->92913K(465920K)] 1172563K->856684K(1510400K), 0.0126671 secs] [Times: user=0.03 sys=0.00, real=0.01 secs] 
1877.812: [GC (Allocation Failure) [PSYoungGen: 325873K->37617K(465920K)] 1089644K->801693K(1510400K), 0.0058076 secs] [Times: user=0.01 sys=0.00, real=0.00 secs] 
1878.083: [GC (Allocation Failure) [PSYoungGen: 270577K->184430K(465920K)] 1034653K->949751K(1510400K), 0.0205176 secs] [Times: user=0.03 sys=0.00, real=0.02 secs] 
1878.367: [GC (Allocation Failure) [PSYoungGen: 417390K->184494K(465920K)] 1182711K->950089K(1510400K), 0.0203813 secs] [Times: user=0.03 sys=0.00, real=0.02 secs] 
1879.282: [GC (Allocation Failure) [PSYoungGen: 407539K->92110K(465920K)] 1173134K->857970K(1510400K), 0.0116080 secs] [Times: user=0.02 sys=0.00, real=0.01 secs] 
1881.873: [GC (Allocation Failure) [PSYoungGen: 325070K->37556K(465920K)] 1090930K->803731K(1510400K), 0.0085401 secs] [Times: user=0.02 sys=0.00, real=0.01 secs] 
1882.203: [GC (Allocation Failure) [PSYoungGen: 270516K->184430K(465920K)] 1036691K->951979K(1510400K), 0.0206328 secs] [Times: user=0.03 sys=0.00, real=0.02 secs] 
1882.487: [GC (Allocation Failure) [PSYoungGen: 417390K->184590K(465920K)] 1184939K->952284K(1510400K), 0.0206013 secs] [Times: user=0.03 sys=0.00, real=0.02 secs] 
1883.339: [GC (Allocation Failure) [PSYoungGen: 407641K->92110K(465920K)] 1175335K->860069K(1510400K), 0.0117170 secs] [Times: user=0.02 sys=0.00, real=0.02 secs] 
1884.231: [GC (Allocation Failure) [PSYoungGen: 325070K->38005K(465920K)] 1093029K->806270K(1510400K), 0.0067403 secs] [Times: user=0.02 sys=0.00, real=0.00 secs] 
1884.512: [GC (Allocation Failure) [PSYoungGen: 270965K->184430K(465920K)] 1039230K->953948K(1510400K), 0.0204569 secs] [Times: user=0.03 sys=0.00, real=0.02 secs] 
1884.796: [GC (Allocation Failure) [PSYoungGen: 417390K->184494K(465920K)] 1186908K->954286K(1510400K), 0.0205289 secs] [Times: user=0.02 sys=0.00, real=0.02 secs] 
1886.353: [GC (Allocation Failure) [PSYoungGen: 407036K->91741K(465920K)] 1176828K->861797K(1510400K), 0.0150030 secs] [Times: user=0.03 sys=0.00, real=0.01 secs] 
1888.315: [GC (Allocation Failure) [PSYoungGen: 324701K->37588K(465920K)] 1094757K->807950K(1510400K), 0.0068244 secs] [Times: user=0.02 sys=0.00, real=0.01 secs] 
1888.599: [GC (Allocation Failure) [PSYoungGen: 270548K->184719K(465920K)] 1040910K->956327K(1510400K), 0.0204329 secs] [Times: user=0.02 sys=0.00, real=0.02 secs] 
1888.945: [GC (Allocation Failure) [PSYoungGen: 417679K->186486K(465920K)] 1189287K->958503K(1510400K), 0.0212323 secs] [Times: user=0.03 sys=0.00, real=0.02 secs] 
1890.270: [GC (Allocation Failure) [PSYoungGen: 408394K->89877K(465920K)] 1180411K->862168K(1510400K), 0.0199624 secs] [Times: user=0.04 sys=0.00, real=0.02 secs] 
1891.651: [GC (Allocation Failure) [PSYoungGen: 322837K->38131K(465920K)] 1095128K->810609K(1510400K), 0.0072562 secs] [Times: user=0.02 sys=0.00, real=0.00 secs] 
1891.947: [GC (Allocation Failure) [PSYoungGen: 271091K->184623K(465920K)] 1043569K->958322K(1510400K), 0.0230422 secs] [Times: user=0.02 sys=0.00, real=0.03 secs] 
1892.244: [GC (Allocation Failure) [PSYoungGen: 417583K->184173K(465920K)] 1191282K->958145K(1510400K), 0.0206466 secs] [Times: user=0.02 sys=0.00, real=0.02 secs] 
1892.872: [GC (Allocation Failure) [PSYoungGen: 407185K->91741K(465920K)] 1181158K->865978K(1510400K), 0.0111510 secs] [Times: user=0.02 sys=0.00, real=0.01 secs] 
1894.064: [GC (Allocation Failure) [PSYoungGen: 324701K->38005K(465920K)] 1098938K->812542K(1510400K), 0.0080880 secs] [Times: user=0.02 sys=0.00, real=0.01 secs] 
1894.372: [GC (Allocation Failure) [PSYoungGen: 270965K->184044K(465920K)] 1045502K->959843K(1510400K), 0.0205580 secs] [Times: user=0.03 sys=0.00, real=0.02 secs] 
1894.656: [GC (Allocation Failure) [PSYoungGen: 417004K->184526K(465920K)] 1192803K->960598K(1510400K), 0.0206438 secs] [Times: user=0.03 sys=0.00, real=0.02 secs] 
1895.446: [GC (Allocation Failure) [PSYoungGen: 407980K->92126K(465920K)] 1184051K->868463K(1510400K), 0.0124724 secs] [Times: user=0.02 sys=0.00, real=0.01 secs] 
1896.931: [GC (Allocation Failure) [PSYoungGen: 325086K->37459K(465920K)] 1101423K->814102K(1510400K), 0.0065262 secs] [Times: user=0.02 sys=0.00, real=0.00 secs] 
1897.213: [GC (Allocation Failure) [PSYoungGen: 270419K->184687K(465920K)] 1047062K->962575K(1510400K), 0.0205498 secs] [Times: user=0.03 sys=0.00, real=0.02 secs] 
1897.503: [GC (Allocation Failure) [PSYoungGen: 417647K->186518K(465920K)] 1195535K->964679K(1510400K), 0.0206066 secs] [Times: user=0.03 sys=0.00, real=0.02 secs] 
1899.012: [GC (Allocation Failure) [PSYoungGen: 408539K->90038K(465920K)] 1186700K->868464K(1510400K), 0.0157138 secs] [Times: user=0.04 sys=0.00, real=0.01 secs] 
1900.752: [GC (Allocation Failure) [PSYoungGen: 322998K->37716K(465920K)] 1101424K->816456K(1510400K), 0.0071665 secs] [Times: user=0.02 sys=0.00, real=0.00 secs] 
1901.123: [GC (Allocation Failure) [PSYoungGen: 270676K->184173K(465920K)] 1049416K->964150K(1510400K), 0.0207261 secs] [Times: user=0.02 sys=0.00, real=0.02 secs] 
1901.409: [GC (Allocation Failure) [PSYoungGen: 417133K->184076K(465920K)] 1197110K->964327K(1510400K), 0.0205301 secs] [Times: user=0.03 sys=0.00, real=0.02 secs] 
1902.220: [GC (Allocation Failure) [PSYoungGen: 408990K->92769K(465920K)] 1189241K->873284K(1510400K), 0.0147689 secs] [Times: user=0.03 sys=0.00, real=0.01 secs] 
1903.723: [GC (Allocation Failure) [PSYoungGen: 325729K->37620K(465920K)] 1106244K->818441K(1510400K), 0.0071532 secs] [Times: user=0.01 sys=0.00, real=0.01 secs] 
1904.089: [GC (Allocation Failure) [PSYoungGen: 270580K->184590K(465920K)] 1051401K->966665K(1510400K), 0.0210916 secs] [Times: user=0.03 sys=0.00, real=0.03 secs] 
1904.380: [GC (Allocation Failure) [PSYoungGen: 417550K->184558K(465920K)] 1199625K->967035K(1510400K), 0.0207048 secs] [Times: user=0.03 sys=0.00, real=0.02 secs] 
1905.637: [GC (Allocation Failure) [PSYoungGen: 407563K->91998K(465920K)] 1190039K->874619K(1510400K), 0.0162274 secs] [Times: user=0.03 sys=0.01, real=0.02 secs] 
1907.148: [GC (Allocation Failure) [PSYoungGen: 324958K->37845K(465920K)] 1107579K->820773K(1510400K), 0.0068275 secs] [Times: user=0.01 sys=0.00, real=0.01 secs] 
1907.428: [GC (Allocation Failure) [PSYoungGen: 270805K->184462K(465920K)] 1053733K->968636K(1510400K), 0.0203696 secs] [Times: user=0.03 sys=0.00, real=0.02 secs] 
1907.768: [GC (Allocation Failure) [PSYoungGen: 417422K->184558K(465920K)] 1201596K->969006K(1510400K), 0.0206531 secs] [Times: user=0.03 sys=0.00, real=0.02 secs] 
1909.639: [GC (Allocation Failure) [PSYoungGen: 407102K->91837K(465920K)] 1191549K->876550K(1510400K), 0.0172351 secs] [Times: user=0.03 sys=0.00, real=0.02 secs] 
1911.883: [GC (Allocation Failure) [PSYoungGen: 324797K->37588K(465920K)] 1109510K->822610K(1510400K), 0.0072256 secs] [Times: user=0.01 sys=0.00, real=0.01 secs] 
1912.167: [GC (Allocation Failure) [PSYoungGen: 270548K->184462K(465920K)] 1055570K->970729K(1510400K), 0.0207375 secs] [Times: user=0.03 sys=0.00, real=0.02 secs] 
1912.454: [GC (Allocation Failure) [PSYoungGen: 417422K->184494K(465920K)] 1203689K->971027K(1510400K), 0.0231582 secs] [Times: user=0.03 sys=0.00, real=0.02 secs] 
1914.099: [GC (Allocation Failure) [PSYoungGen: 407571K->92158K(465920K)] 1194104K->878964K(1510400K), 0.0150576 secs] [Times: user=0.03 sys=0.00, real=0.02 secs] 
1915.607: [GC (Allocation Failure) [PSYoungGen: 325118K->37745K(465920K)] 1111924K->824873K(1510400K), 0.0062656 secs] [Times: user=0.01 sys=0.00, real=0.01 secs] 
1915.877: [GC (Allocation Failure) [PSYoungGen: 270705K->184430K(465920K)] 1057833K->972931K(1510400K), 0.0207366 secs] [Times: user=0.03 sys=0.00, real=0.02 secs] 
1916.162: [GC (Allocation Failure) [PSYoungGen: 417390K->184590K(465920K)] 1205891K->973236K(1510400K), 0.0205792 secs] [Times: user=0.03 sys=0.00, real=0.02 secs] 
1918.250: [GC (Allocation Failure) [PSYoungGen: 407648K->91966K(465920K)] 1196295K->880885K(1510400K), 0.0139251 secs] [Times: user=0.03 sys=0.01, real=0.01 secs] 
1920.726: [GC (Allocation Failure) [PSYoungGen: 324926K->37488K(465920K)] 1113845K->826721K(1510400K), 0.0079642 secs] [Times: user=0.02 sys=0.00, real=0.01 secs] 
1921.040: [GC (Allocation Failure) [PSYoungGen: 270448K->184462K(465920K)] 1059681K->975077K(1510400K), 0.0204172 secs] [Times: user=0.03 sys=0.00, real=0.02 secs] 
1921.325: [GC (Allocation Failure) [PSYoungGen: 417422K->184526K(465920K)] 1208037K->975286K(1510400K), 0.0206082 secs] [Times: user=0.03 sys=0.00, real=0.02 secs] 
1922.524: [GC (Allocation Failure) [PSYoungGen: 408087K->92255K(465920K)] 1198847K->883279K(1510400K), 0.0125617 secs] [Times: user=0.03 sys=0.00, real=0.01 secs] 
1924.700: [GC (Allocation Failure) [PSYoungGen: 325215K->37777K(465920K)] 1116239K->829118K(1510400K), 0.0069361 secs] [Times: user=0.02 sys=0.00, real=0.00 secs] 
1924.980: [GC (Allocation Failure) [PSYoungGen: 270737K->184430K(465920K)] 1062078K->977160K(1510400K), 0.0206898 secs] [Times: user=0.03 sys=0.00, real=0.02 secs] 
1925.323: [GC (Allocation Failure) [PSYoungGen: 417390K->184494K(465920K)] 1210120K->977369K(1510400K), 0.0205562 secs] [Times: user=0.02 sys=0.00, real=0.02 secs] 
1926.570: [GC (Allocation Failure) [PSYoungGen: 407543K->91998K(465920K)] 1200418K->885138K(1510400K), 0.0149953 secs] [Times: user=0.03 sys=0.00, real=0.01 secs] 
1928.991: [GC (Allocation Failure) [PSYoungGen: 324958K->38131K(465920K)] 1118098K->831577K(1510400K), 0.0058880 secs] [Times: user=0.01 sys=0.00, real=0.00 secs] 
1929.262: [GC (Allocation Failure) [PSYoungGen: 271091K->184430K(465920K)] 1064537K->979121K(1510400K), 0.0205926 secs] [Times: user=0.03 sys=0.00, real=0.02 secs] 
1929.547: [GC (Allocation Failure) [PSYoungGen: 417390K->184558K(465920K)] 1212081K->979531K(1510400K), 0.0204885 secs] [Times: user=0.03 sys=0.00, real=0.02 secs] 
1930.302: [GC (Allocation Failure) [PSYoungGen: 407080K->91612K(465920K)] 1202053K->886850K(1510400K), 0.0125829 secs] [Times: user=0.03 sys=0.00, real=0.01 secs] 
1931.712: [GC (Allocation Failure) [PSYoungGen: 324572K->37845K(465920K)] 1119810K->833388K(1510400K), 0.0068450 secs] [Times: user=0.01 sys=0.00, real=0.00 secs] 
1932.058: [GC (Allocation Failure) [PSYoungGen: 270805K->184430K(465920K)] 1066348K->981347K(1510400K), 0.0206402 secs] [Times: user=0.03 sys=0.00, real=0.02 secs] 
1932.343: [GC (Allocation Failure) [PSYoungGen: 417390K->184558K(465920K)] 1214307K->981620K(1510400K), 0.0207116 secs] [Times: user=0.03 sys=0.00, real=0.02 secs] 
1932.952: [GC (Allocation Failure) [PSYoungGen: 407084K->91853K(465920K)] 1204146K->889188K(1510400K), 0.0151021 secs] [Times: user=0.03 sys=0.00, real=0.01 secs] 
1934.273: [GC (Allocation Failure) [PSYoungGen: 324813K->37649K(465920K)] 1122148K->835291K(1510400K), 0.0073347 secs] [Times: user=0.02 sys=0.00, real=0.01 secs] 
1934.575: [GC (Allocation Failure) [PSYoungGen: 270609K->184655K(465920K)] 1068251K->983551K(1510400K), 0.0204838 secs] [Times: user=0.02 sys=0.00, real=0.02 secs] 
1934.858: [GC (Allocation Failure) [PSYoungGen: 417615K->183658K(465920K)] 1216511K->982828K(1510400K), 0.0204103 secs] [Times: user=0.03 sys=0.00, real=0.02 secs] 
1936.457: [GC (Allocation Failure) [PSYoungGen: 409065K->92769K(465920K)] 1208234K->892203K(1510400K), 0.0123374 secs] [Times: user=0.02 sys=0.00, real=0.02 secs] 
1938.215: [GC (Allocation Failure) [PSYoungGen: 325729K->37588K(465920K)] 1125163K->837322K(1510400K), 0.0082279 secs] [Times: user=0.02 sys=0.00, real=0.01 secs] 
1938.532: [GC (Allocation Failure) [PSYoungGen: 270548K->183787K(465920K)] 1070282K->984767K(1510400K), 0.0204807 secs] [Times: user=0.03 sys=0.00, real=0.02 secs] 
1938.817: [GC (Allocation Failure) [PSYoungGen: 416747K->184430K(465920K)] 1217727K->985811K(1510400K), 0.0209186 secs] [Times: user=0.03 sys=0.00, real=0.02 secs] 
1940.735: [GC (Allocation Failure) [PSYoungGen: 408406K->92865K(465920K)] 1209788K->894383K(1510400K), 0.0173276 secs] [Times: user=0.04 sys=0.00, real=0.02 secs] 
1942.105: [GC (Allocation Failure) [PSYoungGen: 325825K->37845K(465920K)] 1127343K->839668K(1510400K), 0.0066477 secs] [Times: user=0.02 sys=0.00, real=0.01 secs] 
1942.451: [GC (Allocation Failure) [PSYoungGen: 270805K->184462K(465920K)] 1072628K->987539K(1510400K), 0.0207477 secs] [Times: user=0.03 sys=0.00, real=0.02 secs] 
1942.801: [GC (Allocation Failure) [PSYoungGen: 417422K->184590K(465920K)] 1220499K->987948K(1510400K), 0.0207165 secs] [Times: user=0.02 sys=0.00, real=0.02 secs] 
1943.529: [GC (Allocation Failure) [PSYoungGen: 407156K->91853K(465920K)] 1210514K->895476K(1510400K), 0.0122224 secs] [Times: user=0.02 sys=0.00, real=0.01 secs] 
1944.521: [GC (Allocation Failure) [PSYoungGen: 324813K->38102K(465920K)] 1128436K->842047K(1510400K), 0.0068929 secs] [Times: user=0.01 sys=0.00, real=0.00 secs] 
1944.804: [GC (Allocation Failure) [PSYoungGen: 271062K->184430K(465920K)] 1075007K->989620K(1510400K), 0.0205592 secs] [Times: user=0.03 sys=0.00, real=0.02 secs] 
1945.088: [GC (Allocation Failure) [PSYoungGen: 417390K->184365K(465920K)] 1222580K->989829K(1510400K), 0.0205120 secs] [Times: user=0.03 sys=0.00, real=0.02 secs] 
1945.856: [GC (Allocation Failure) [PSYoungGen: 406845K->91869K(465920K)] 1212308K->897734K(1510400K), 0.0124171 secs] [Times: user=0.03 sys=0.00, real=0.01 secs] 
1947.288: [GC (Allocation Failure) [PSYoungGen: 324829K->37588K(465920K)] 1130694K->843638K(1510400K), 0.0081617 secs] [Times: user=0.02 sys=0.00, real=0.01 secs] 
1947.608: [GC (Allocation Failure) [PSYoungGen: 270548K->183690K(465920K)] 1076598K->990986K(1510400K), 0.0203912 secs] [Times: user=0.03 sys=0.00, real=0.02 secs] 
1947.896: [GC (Allocation Failure) [PSYoungGen: 416650K->184687K(465920K)] 1223946K->992264K(1510400K), 0.0203846 secs] [Times: user=0.02 sys=0.00, real=0.02 secs] 
1948.601: [GC (Allocation Failure) [PSYoungGen: 409947K->92833K(465920K)] 1217524K->900803K(1510400K), 0.0128609 secs] [Times: user=0.03 sys=0.01, real=0.01 secs] 
1949.486: [GC (Allocation Failure) [PSYoungGen: 325793K->38005K(465920K)] 1133763K->846153K(1510400K), 0.0068879 secs] [Times: user=0.02 sys=0.00, real=0.01 secs] 
1949.768: [GC (Allocation Failure) [PSYoungGen: 270965K->184430K(465920K)] 1079113K->993823K(1510400K), 0.0208076 secs] [Times: user=0.03 sys=0.00, real=0.02 secs] 
1950.060: [GC (Allocation Failure) [PSYoungGen: 417390K->184719K(465920K)] 1226783K->994514K(1510400K), 0.0204323 secs] [Times: user=0.03 sys=0.00, real=0.02 secs] 
1952.819: [GC (Allocation Failure) [PSYoungGen: 407255K->91580K(465920K)] 1217050K->901520K(1510400K), 0.0197551 secs] [Times: user=0.05 sys=0.00, real=0.02 secs] 
1954.415: [GC (Allocation Failure) [PSYoungGen: 324540K->37877K(465920K)] 1134480K->848122K(1510400K), 0.0073372 secs] [Times: user=0.02 sys=0.00, real=0.01 secs] 
1954.716: [GC (Allocation Failure) [PSYoungGen: 270837K->184976K(465920K)] 1081082K->996482K(1510400K), 0.0208374 secs] [Times: user=0.03 sys=0.00, real=0.02 secs] 
1955.001: [GC (Allocation Failure) [PSYoungGen: 417936K->184301K(465920K)] 1229442K->996081K(1510400K), 0.0207017 secs] [Times: user=0.03 sys=0.01, real=0.02 secs] 
1956.345: [GC (Allocation Failure) [PSYoungGen: 407156K->91580K(465920K)] 1218936K->903753K(1510400K), 0.0176042 secs] [Times: user=0.03 sys=0.00, real=0.02 secs] 
1957.910: [GC (Allocation Failure) [PSYoungGen: 324540K->37874K(465920K)] 1136713K->850232K(1510400K), 0.0071159 secs] [Times: user=0.02 sys=0.00, real=0.00 secs] 
1958.204: [GC (Allocation Failure) [PSYoungGen: 270834K->184751K(465920K)] 1083192K->998363K(1510400K), 0.0208020 secs] [Times: user=0.03 sys=0.00, real=0.02 secs] 
1958.547: [GC (Allocation Failure) [PSYoungGen: 417711K->184719K(465920K)] 1231323K->998732K(1510400K), 0.0207650 secs] [Times: user=0.03 sys=0.00, real=0.02 secs] 
1959.712: [GC (Allocation Failure) [PSYoungGen: 407159K->91484K(465920K)] 1221172K->905762K(1510400K), 0.0126670 secs] [Times: user=0.03 sys=0.00, real=0.01 secs] 
1960.515: [GC (Allocation Failure) [PSYoungGen: 324444K->38002K(465920K)] 1138722K->852460K(1510400K), 0.0057758 secs] [Times: user=0.01 sys=0.00, real=0.01 secs] 
1960.784: [GC (Allocation Failure) [PSYoungGen: 270962K->183819K(465920K)] 1085420K->999523K(1510400K), 0.0207279 secs] [Times: user=0.03 sys=0.00, real=0.02 secs] 
1961.068: [GC (Allocation Failure) [PSYoungGen: 416779K->184366K(465920K)] 1232483K->1000342K(1510400K), 0.0207002 secs] [Times: user=0.03 sys=0.00, real=0.02 secs] 
1962.361: [GC (Allocation Failure) [PSYoungGen: 409593K->92512K(465920K)] 1225569K->908753K(1510400K), 0.0203324 secs] [Times: user=0.04 sys=0.00, real=0.02 secs] 
1963.572: [GC (Allocation Failure) [PSYoungGen: 325472K->38134K(465920K)] 1141713K->854681K(1510400K), 0.0069422 secs] [Times: user=0.01 sys=0.00, real=0.00 secs] 
1963.929: [GC (Allocation Failure) [PSYoungGen: 271094K->184719K(465920K)] 1087641K->1002520K(1510400K), 0.0208038 secs] [Times: user=0.02 sys=0.00, real=0.03 secs] 
1964.220: [GC (Allocation Failure) [PSYoungGen: 417679K->184655K(465920K)] 1235480K->1002857K(1510400K), 0.0210422 secs] [Times: user=0.02 sys=0.00, real=0.02 secs] 
1965.677: [GC (Allocation Failure) [PSYoungGen: 407088K->91226K(465920K)] 1225291K->909694K(1510400K), 0.0191557 secs] [Times: user=0.04 sys=0.00, real=0.02 secs] 
1967.656: [GC (Allocation Failure) [PSYoungGen: 324186K->37874K(465920K)] 1142654K->856535K(1510400K), 0.0081898 secs] [Times: user=0.02 sys=0.00, real=0.01 secs] 
1967.974: [GC (Allocation Failure) [PSYoungGen: 270834K->184719K(465920K)] 1089495K->1004617K(1510400K), 0.0206574 secs] [Times: user=0.03 sys=0.00, real=0.02 secs] 
1968.260: [GC (Allocation Failure) [PSYoungGen: 417679K->184687K(465920K)] 1237577K->1004858K(1510400K), 0.0204851 secs] [Times: user=0.03 sys=0.00, real=0.02 secs] 
1969.415: [GC (Allocation Failure) [PSYoungGen: 407236K->91452K(465920K)] 1227407K->911888K(1510400K), 0.0199912 secs] [Times: user=0.04 sys=0.00, real=0.02 secs] 
1971.442: [GC (Allocation Failure) [PSYoungGen: 324412K->37845K(465920K)] 1144848K->858587K(1510400K), 0.0080383 secs] [Times: user=0.02 sys=0.01, real=0.01 secs] 
1971.747: [GC (Allocation Failure) [PSYoungGen: 270805K->183980K(465920K)] 1091547K->1005975K(1510400K), 0.0206952 secs] [Times: user=0.03 sys=0.00, real=0.02 secs] 
1972.085: [GC (Allocation Failure) [PSYoungGen: 416940K->184398K(465920K)] 1238935K->1006795K(1510400K), 0.0206726 secs] [Times: user=0.03 sys=0.00, real=0.02 secs] 
1972.715: [GC (Allocation Failure) [PSYoungGen: 409615K->92512K(465920K)] 1232013K->915046K(1510400K), 0.0114417 secs] [Times: user=0.03 sys=0.00, real=0.01 secs] 
1973.551: [GC (Allocation Failure) [PSYoungGen: 325472K->38034K(465920K)] 1148006K->860882K(1510400K), 0.0057325 secs] [Times: user=0.01 sys=0.00, real=0.00 secs] 
1973.821: [GC (Allocation Failure) [PSYoungGen: 270994K->184687K(465920K)] 1093842K->1008796K(1510400K), 0.0208770 secs] [Times: user=0.03 sys=0.00, real=0.02 secs] 
1974.112: [GC (Allocation Failure) [PSYoungGen: 417647K->184719K(465920K)] 1241756K->1009101K(1510400K), 0.0206234 secs] [Times: user=0.03 sys=0.00, real=0.02 secs] 
1975.533: [GC (Allocation Failure) [PSYoungGen: 407276K->91355K(465920K)] 1231658K->916002K(1510400K), 0.0189999 secs] [Times: user=0.04 sys=0.00, real=0.02 secs] 
1977.365: [GC (Allocation Failure) [PSYoungGen: 324315K->37813K(465920K)] 1148962K->862768K(1510400K), 0.0087833 secs] [Times: user=0.02 sys=0.00, real=0.01 secs] 
1977.688: [GC (Allocation Failure) [PSYoungGen: 270773K->183819K(465920K)] 1095728K->1010028K(1510400K), 0.0206211 secs] [Times: user=0.03 sys=0.00, real=0.02 secs] 
1977.977: [GC (Allocation Failure) [PSYoungGen: 416779K->184623K(465920K)] 1242988K->1011104K(1510400K), 0.0206600 secs] [Times: user=0.03 sys=0.00, real=0.02 secs] 
1980.032: [GC (Allocation Failure) [PSYoungGen: 410026K->92351K(465920K)] 1236507K->919098K(1510400K), 0.0171240 secs] [Times: user=0.04 sys=0.00, real=0.01 secs] 
1981.150: [GC (Allocation Failure) [PSYoungGen: 325311K->37973K(465920K)] 1152058K->865026K(1510400K), 0.0060840 secs] [Times: user=0.02 sys=0.00, real=0.00 secs] 
1981.488: [GC (Allocation Failure) [PSYoungGen: 270933K->184590K(465920K)] 1097986K->1013025K(1510400K), 0.0206998 secs] [Times: user=0.02 sys=0.00, real=0.02 secs] 
1981.830: [GC (Allocation Failure) [PSYoungGen: 417550K->184398K(465920K)] 1245985K->1012977K(1510400K), 0.0206981 secs] [Times: user=0.03 sys=0.00, real=0.02 secs] 
1983.601: [GC (Allocation Failure) [PSYoungGen: 407172K->91741K(465920K)] 1235751K->920593K(1510400K), 0.0151844 secs] [Times: user=0.03 sys=0.01, real=0.01 secs] 
1985.910: [GC (Allocation Failure) [PSYoungGen: 324701K->38002K(465920K)] 1153553K->867178K(1510400K), 0.0081679 secs] [Times: user=0.02 sys=0.00, real=0.00 secs] 
1986.231: [GC (Allocation Failure) [PSYoungGen: 270962K->184719K(465920K)] 1100138K->1015148K(1510400K), 0.0207712 secs] [Times: user=0.03 sys=0.00, real=0.02 secs] 
1986.521: [GC (Allocation Failure) [PSYoungGen: 417679K->184687K(465920K)] 1248108K->1015389K(1510400K), 0.0207103 secs] [Times: user=0.03 sys=0.00, real=0.02 secs] 
1987.745: [GC (Allocation Failure) [PSYoungGen: 407223K->91323K(465920K)] 1237926K->922291K(1510400K), 0.0250956 secs] [Times: user=0.05 sys=0.00, real=0.03 secs] 
1989.127: [GC (Allocation Failure) [PSYoungGen: 324283K->37716K(465920K)] 1155251K->869001K(1510400K), 0.0068400 secs] [Times: user=0.02 sys=0.00, real=0.01 secs] 
1989.410: [GC (Allocation Failure) [PSYoungGen: 270676K->183819K(465920K)] 1101961K->1016350K(1510400K), 0.0213568 secs] [Times: user=0.03 sys=0.00, real=0.02 secs] 
1989.702: [GC (Allocation Failure) [PSYoungGen: 416779K->184687K(465920K)] 1249310K->1017491K(1510400K), 0.0208609 secs] [Times: user=0.02 sys=0.00, real=0.02 secs] 
1991.167: [GC (Allocation Failure) [PSYoungGen: 410098K->92512K(465920K)] 1242902K->925581K(1510400K), 0.0270915 secs] [Times: user=0.05 sys=0.00, real=0.03 secs] 
1992.917: [GC (Allocation Failure) [PSYoungGen: 325472K->37845K(465920K)] 1158541K->871227K(1510400K), 0.0068318 secs] [Times: user=0.01 sys=0.00, real=0.01 secs] 
1993.280: [GC (Allocation Failure) [PSYoungGen: 270805K->184205K(465920K)] 1104187K->1018833K(1510400K), 0.0208120 secs] [Times: user=0.03 sys=0.01, real=0.02 secs] 
1993.565: [GC (Allocation Failure) [PSYoungGen: 417165K->184590K(465920K)] 1251793K->1019620K(1510400K), 0.0206941 secs] [Times: user=0.03 sys=0.00, real=0.02 secs] 
1995.198: [GC (Allocation Failure) [PSYoungGen: 409633K->92062K(465920K)] 1244663K->927381K(1510400K), 0.0173157 secs] [Times: user=0.04 sys=0.00, real=0.02 secs] 
1996.921: [GC (Allocation Failure) [PSYoungGen: 325022K->37745K(465920K)] 1160341K->873243K(1510400K), 0.0056707 secs] [Times: user=0.02 sys=0.00, real=0.00 secs] 
1997.193: [GC (Allocation Failure) [PSYoungGen: 270705K->184719K(465920K)] 1106203K->1021470K(1510400K), 0.0207649 secs] [Times: user=0.03 sys=0.00, real=0.02 secs] 
1997.478: [GC (Allocation Failure) [PSYoungGen: 417679K->184655K(465920K)] 1254430K->1021679K(1510400K), 0.0206303 secs] [Times: user=0.02 sys=0.00, real=0.02 secs] 
1998.755: [GC (Allocation Failure) [PSYoungGen: 407213K->91580K(465920K)] 1244238K->928870K(1510400K), 0.0193097 secs] [Times: user=0.05 sys=0.00, real=0.02 secs] 
1999.926: [GC (Allocation Failure) [PSYoungGen: 324540K->38002K(465920K)] 1161830K->875608K(1510400K), 0.0069282 secs] [Times: user=0.02 sys=0.00, real=0.01 secs] 
2000.264: [GC (Allocation Failure) [PSYoungGen: 270962K->183819K(465920K)] 1108568K->1022678K(1510400K), 0.0206167 secs] [Times: user=0.03 sys=0.00, real=0.02 secs] 
2000.554: [GC (Allocation Failure) [PSYoungGen: 416779K->184430K(465920K)] 1255638K->1023562K(1510400K), 0.0211784 secs] [Times: user=0.03 sys=0.00, real=0.02 secs] 
2001.899: [GC (Allocation Failure) [PSYoungGen: 409669K->92544K(465920K)] 1248801K->931949K(1510400K), 0.0175554 secs] [Times: user=0.04 sys=0.00, real=0.02 secs] 
2003.345: [GC (Allocation Failure) [PSYoungGen: 325504K->37874K(465920K)] 1164909K->877589K(1510400K), 0.0058946 secs] [Times: user=0.02 sys=0.00, real=0.01 secs] 
2003.672: [GC (Allocation Failure) [PSYoungGen: 270834K->184590K(465920K)] 1110549K->1025543K(1510400K), 0.0208007 secs] [Times: user=0.03 sys=0.00, real=0.02 secs] 
2003.960: [GC (Allocation Failure) [PSYoungGen: 417550K->184430K(465920K)] 1258503K->1025664K(1510400K), 0.0206984 secs] [Times: user=0.03 sys=0.00, real=0.02 secs] 
2005.560: [GC (Allocation Failure) [PSYoungGen: 409375K->91901K(465920K)] 1250609K->933529K(1510400K), 0.0286870 secs] [Times: user=0.07 sys=0.00, real=0.02 secs] 
2007.740: [GC (Allocation Failure) [PSYoungGen: 324861K->37973K(465920K)] 1166489K->879788K(1510400K), 0.0067201 secs] [Times: user=0.02 sys=0.00, real=0.00 secs] 
2008.017: [GC (Allocation Failure) [PSYoungGen: 270933K->184301K(465920K)] 1112748K->1027361K(1510400K), 0.0204213 secs] [Times: user=0.03 sys=0.00, real=0.02 secs] 
2008.300: [GC (Allocation Failure) [PSYoungGen: 417261K->183690K(465920K)] 1260321K->1027024K(1510400K), 0.0205718 secs] [Times: user=0.03 sys=0.00, real=0.02 secs] 
2010.257: [GC (Allocation Failure) [PSYoungGen: 408660K->92769K(465920K)] 1251994K->936367K(1510400K), 0.0125442 secs] [Times: user=0.03 sys=0.00, real=0.02 secs] 
2012.096: [GC (Allocation Failure) [PSYoungGen: 325729K->37202K(465920K)] 1169327K->881108K(1510400K), 0.0067518 secs] [Times: user=0.01 sys=0.00, real=0.01 secs] 
2012.381: [GC (Allocation Failure) [PSYoungGen: 270162K->184687K(465920K)] 1114068K->1029838K(1510400K), 0.0206877 secs] [Times: user=0.03 sys=0.00, real=0.02 secs] 
2012.724: [GC (Allocation Failure) [PSYoungGen: 417647K->184398K(465920K)] 1262798K->1029822K(1510400K), 0.0207105 secs] [Times: user=0.03 sys=0.00, real=0.02 secs] 
2013.565: [GC (Allocation Failure) [PSYoungGen: 409464K->92383K(465920K)] 1254889K->938081K(1510400K), 0.0126305 secs] [Times: user=0.02 sys=0.00, real=0.01 secs] 
2015.728: [GC (Allocation Failure) [PSYoungGen: 325343K->37588K(465920K)] 1171041K->883599K(1510400K), 0.0075779 secs] [Times: user=0.02 sys=0.00, real=0.01 secs] 
2016.024: [GC (Allocation Failure) [PSYoungGen: 270548K->184687K(465920K)] 1116559K->1032072K(1510400K), 0.0205186 secs] [Times: user=0.02 sys=0.00, real=0.02 secs] 
2016.309: [GC (Allocation Failure) [PSYoungGen: 417647K->184719K(465920K)] 1265032K->1032257K(1510400K), 0.0205828 secs] [Times: user=0.03 sys=0.00, real=0.02 secs] 
2017.108: [GC (Allocation Failure) [PSYoungGen: 407519K->91741K(465920K)] 1255057K->939544K(1510400K), 0.0116977 secs] [Times: user=0.03 sys=0.00, real=0.02 secs] 
2018.653: [GC (Allocation Failure) [PSYoungGen: 324701K->37520K(465920K)] 1172504K->885639K(1510400K), 0.0067154 secs] [Times: user=0.02 sys=0.00, real=0.01 secs] 
2019.004: [GC (Allocation Failure) [PSYoungGen: 270480K->183916K(465920K)] 1118599K->1033280K(1510400K), 0.0204370 secs] [Times: user=0.03 sys=0.00, real=0.02 secs] 
2019.290: [GC (Allocation Failure) [PSYoungGen: 416876K->184462K(465920K)] 1266240K->1034228K(1510400K), 0.0220861 secs] [Times: user=0.04 sys=0.00, real=0.02 secs] 
2020.016: [GC (Allocation Failure) [PSYoungGen: 409683K->92929K(465920K)] 1259450K->942848K(1510400K), 0.0126950 secs] [Times: user=0.03 sys=0.00, real=0.01 secs] 
2021.083: [GC (Allocation Failure) [PSYoungGen: 325889K->37874K(465920K)] 1175808K->888098K(1510400K), 0.0058334 secs] [Times: user=0.02 sys=0.00, real=0.00 secs] 
2021.353: [GC (Allocation Failure) [PSYoungGen: 270834K->184687K(465920K)] 1121058K->1036157K(1510400K), 0.0205661 secs] [Times: user=0.03 sys=0.00, real=0.02 secs] 
2021.638: [GC (Allocation Failure) [PSYoungGen: 417647K->184719K(465920K)] 1269117K->1036598K(1510400K), 0.0206450 secs] [Times: user=0.02 sys=0.00, real=0.02 secs] 
2022.301: [GC (Allocation Failure) [PSYoungGen: 407154K->91452K(465920K)] 1259034K->943596K(1510400K), 0.0115414 secs] [Times: user=0.02 sys=0.00, real=0.01 secs] 
2023.852: [GC (Allocation Failure) [PSYoungGen: 324412K->37973K(465920K)] 1176556K->890289K(1510400K), 0.0099558 secs] [Times: user=0.03 sys=0.00, real=0.01 secs] 
2024.261: [GC (Allocation Failure) [PSYoungGen: 270933K->183916K(465920K)] 1123249K->1037485K(1510400K), 0.0205897 secs] [Times: user=0.03 sys=0.00, real=0.02 secs] 
2024.548: [GC (Allocation Failure) [PSYoungGen: 416876K->184430K(465920K)] 1270445K->1038401K(1510400K), 0.0207021 secs] [Times: user=0.03 sys=0.00, real=0.02 secs] 
2026.064: [GC (Allocation Failure) [PSYoungGen: 409666K->92415K(465920K)] 1263637K->946531K(1510400K), 0.0272427 secs] [Times: user=0.05 sys=0.01, real=0.03 secs] 
2028.126: [GC (Allocation Failure) [PSYoungGen: 325375K->37716K(465920K)] 1179491K->892123K(1510400K), 0.0092290 secs] [Times: user=0.02 sys=0.00, real=0.01 secs] 
2028.450: [GC (Allocation Failure) [PSYoungGen: 270676K->184687K(465920K)] 1125083K->1040347K(1510400K), 0.0207415 secs] [Times: user=0.03 sys=0.00, real=0.02 secs] 
2028.799: [GC (Allocation Failure) [PSYoungGen: 417647K->184623K(465920K)] 1273307K->1040557K(1510400K), 0.0208464 secs] [Times: user=0.03 sys=0.00, real=0.03 secs] 
2029.511: [GC (Allocation Failure) [PSYoungGen: 407179K->91612K(465920K)] 1263113K->947811K(1510400K), 0.0125711 secs] [Times: user=0.03 sys=0.00, real=0.01 secs] 
2030.347: [GC (Allocation Failure) [PSYoungGen: 324572K->37973K(465920K)] 1180771K->894470K(1510400K), 0.0059369 secs] [Times: user=0.02 sys=0.00, real=0.01 secs] 
2030.615: [GC (Allocation Failure) [PSYoungGen: 270933K->183916K(465920K)] 1127430K->1041650K(1510400K), 0.0205108 secs] [Times: user=0.03 sys=0.00, real=0.02 secs] 
2030.900: [GC (Allocation Failure) [PSYoungGen: 416876K->184366K(465920K)] 1274610K->1042501K(1510400K), 0.0207256 secs] [Times: user=0.03 sys=0.00, real=0.02 secs] 
2031.599: [GC (Allocation Failure) [PSYoungGen: 409586K->92383K(465920K)] 1267722K->950664K(1510400K), 0.0127485 secs] [Times: user=0.03 sys=0.00, real=0.02 secs] 
2033.401: [GC (Allocation Failure) [PSYoungGen: 325343K->37748K(465920K)] 1183624K->896342K(1510400K), 0.0080496 secs] [Times: user=0.02 sys=0.00, real=0.00 secs] 
2033.708: [GC (Allocation Failure) [PSYoungGen: 270708K->184687K(465920K)] 1129302K->1044526K(1510400K), 0.0206723 secs] [Times: user=0.03 sys=0.00, real=0.02 secs] 
2033.998: [GC (Allocation Failure) [PSYoungGen: 417647K->184719K(465920K)] 1277486K->1044839K(1510400K), 0.0205735 secs] [Times: user=0.03 sys=0.00, real=0.02 secs] 
2035.741: [GC (Allocation Failure) [PSYoungGen: 407262K->91612K(465920K)] 1267383K->951998K(1510400K), 0.0173955 secs] [Times: user=0.04 sys=0.00, real=0.01 secs] 
2037.852: [GC (Allocation Failure) [PSYoungGen: 324572K->37716K(465920K)] 1184958K->898408K(1510400K), 0.0078666 secs] [Times: user=0.02 sys=0.00, real=0.01 secs] 
2038.162: [GC (GCLocker Initiated GC) [PSYoungGen: 270676K->184173K(465920K)] 1131368K->1046246K(1510400K), 0.0205261 secs] [Times: user=0.03 sys=0.00, real=0.02 secs] 
2038.449: [GC (Allocation Failure) [PSYoungGen: 417133K->184334K(465920K)] 1280331K->1047677K(1510400K), 0.0205905 secs] [Times: user=0.03 sys=0.00, real=0.02 secs] 
2040.034: [GC (Allocation Failure) [PSYoungGen: 406792K->91580K(465920K)] 1270136K->954931K(1510400K), 0.0274210 secs] [Times: user=0.06 sys=0.00, real=0.03 secs] 
2042.246: [GC (Allocation Failure) [PSYoungGen: 324540K->37716K(465920K)] 1187891K->901413K(1510400K), 0.0079714 secs] [Times: user=0.02 sys=0.00, real=0.01 secs] 
2042.552: [GC (Allocation Failure) [PSYoungGen: 270676K->184751K(465920K)] 1134373K->1049701K(1510400K), 0.0212500 secs] [Times: user=0.03 sys=0.00, real=0.02 secs] 
2042.909: [GC (Allocation Failure) [PSYoungGen: 417711K->184430K(465920K)] 1282661K->1049653K(1510400K), 0.0206885 secs] [Times: user=0.03 sys=0.00, real=0.03 secs] 
2043.526: [GC (Allocation Failure) [PSYoungGen: 406935K->91901K(465920K)] 1272159K->957398K(1510400K), 0.0127114 secs] [Times: user=0.02 sys=0.01, real=0.01 secs] 
2045.502: [GC (Allocation Failure) [PSYoungGen: 324861K->37459K(465920K)] 1190358K->903264K(1510400K), 0.0074944 secs] [Times: user=0.02 sys=0.00, real=0.00 secs] 
2045.805: [GC (Allocation Failure) [PSYoungGen: 270419K->184719K(465920K)] 1136224K->1051777K(1510400K), 0.0208085 secs] [Times: user=0.02 sys=0.00, real=0.02 secs] 
2046.091: [GC (Allocation Failure) [PSYoungGen: 417679K->184494K(465920K)] 1284737K->1051825K(1510400K), 0.0205601 secs] [Times: user=0.03 sys=0.00, real=0.02 secs] 
2047.628: [GC (Allocation Failure) [PSYoungGen: 409529K->92094K(465920K)] 1276860K->959698K(1510400K), 0.0206176 secs] [Times: user=0.05 sys=0.01, real=0.02 secs] 
2049.095: [GC (Allocation Failure) [PSYoungGen: 325054K->37845K(465920K)] 1192658K->905771K(1510400K), 0.0080241 secs] [Times: user=0.02 sys=0.00, real=0.01 secs] 
2049.405: [GC (Allocation Failure) [PSYoungGen: 270805K->184719K(465920K)] 1138731K->1054019K(1510400K), 0.0210592 secs] [Times: user=0.03 sys=0.00, real=0.02 secs] 
2049.744: [GC (Allocation Failure) [PSYoungGen: 417679K->184430K(465920K)] 1286979K->1053874K(1510400K), 0.0212146 secs] [Times: user=0.03 sys=0.00, real=0.02 secs] 
2050.662: [GC (Allocation Failure) [PSYoungGen: 407001K->91725K(465920K)] 1276445K->961434K(1510400K), 0.0133485 secs] [Times: user=0.03 sys=0.00, real=0.01 secs] 
2051.866: [GC (Allocation Failure) [PSYoungGen: 324685K->37874K(465920K)] 1194394K->907891K(1510400K), 0.0071150 secs] [Times: user=0.02 sys=0.00, real=0.01 secs] 
2052.151: [GC (Allocation Failure) [PSYoungGen: 270834K->184494K(465920K)] 1140851K->1055764K(1510400K), 0.0209395 secs] [Times: user=0.03 sys=0.00, real=0.02 secs] 
2052.500: [GC (Allocation Failure) [PSYoungGen: 417454K->184526K(465920K)] 1288724K->1056070K(1510400K), 0.0207337 secs] [Times: user=0.03 sys=0.00, real=0.02 secs] 
2053.971: [GC (Allocation Failure) [PSYoungGen: 407099K->91869K(465920K)] 1278643K->963678K(1510400K), 0.0163908 secs] [Times: user=0.03 sys=0.00, real=0.01 secs] 
2055.394: [GC (Allocation Failure) [PSYoungGen: 324829K->37845K(465920K)] 1196638K->909967K(1510400K), 0.0074522 secs] [Times: user=0.02 sys=0.00, real=0.01 secs] 
2055.695: [GC (Allocation Failure) [PSYoungGen: 270805K->184462K(465920K)] 1142927K->1057966K(1510400K), 0.0207947 secs] [Times: user=0.03 sys=0.00, real=0.02 secs] 
2055.985: [GC (Allocation Failure) [PSYoungGen: 417422K->184558K(465920K)] 1290926K->1058207K(1510400K), 0.0225409 secs] [Times: user=0.04 sys=0.00, real=0.02 secs] 
2057.386: [GC (Allocation Failure) [PSYoungGen: 407103K->91853K(465920K)] 1280753K->965767K(1510400K), 0.0139744 secs] [Times: user=0.03 sys=0.00, real=0.02 secs] 
2059.529: [GC (Allocation Failure) [PSYoungGen: 324813K->37745K(465920K)] 1198727K->911959K(1510400K), 0.0084039 secs] [Times: user=0.02 sys=0.00, real=0.01 secs] 
2059.851: [GC (Allocation Failure) [PSYoungGen: 270705K->184462K(465920K)] 1144919K->1060050K(1510400K), 0.0211701 secs] [Times: user=0.03 sys=0.00, real=0.02 secs] 
2060.141: [GC (Allocation Failure) [PSYoungGen: 417422K->184526K(465920K)] 1293010K->1060259K(1510400K), 0.0207753 secs] [Times: user=0.03 sys=0.00, real=0.02 secs] 
2060.901: [GC (Allocation Failure) [PSYoungGen: 407577K->92014K(465920K)] 1283310K->968011K(1510400K), 0.0112679 secs] [Times: user=0.02 sys=0.00, real=0.01 secs] 
2062.431: [GC (Allocation Failure) [PSYoungGen: 324974K->37331K(465920K)] 1200971K->913634K(1510400K), 0.0057376 secs] [Times: user=0.01 sys=0.00, real=0.00 secs] 
2062.701: [GC (Allocation Failure) [PSYoungGen: 270291K->184462K(465920K)] 1146594K->1062011K(1510400K), 0.0207272 secs] [Times: user=0.03 sys=0.00, real=0.02 secs] 
2062.988: [GC (Allocation Failure) [PSYoungGen: 417422K->184558K(465920K)] 1294971K->1062380K(1510400K), 0.0207459 secs] [Times: user=0.03 sys=0.00, real=0.02 secs] 
2063.621: [GC (Allocation Failure) [PSYoungGen: 408179K->92367K(465920K)] 1286002K->970462K(1510400K), 0.0111689 secs] [Times: user=0.02 sys=0.00, real=0.01 secs] 
2064.881: [GC (Allocation Failure) [PSYoungGen: 325327K->37716K(465920K)] 1203422K->916141K(1510400K), 0.0075355 secs] [Times: user=0.02 sys=0.00, real=0.00 secs] 
2065.172: [GC (Allocation Failure) [PSYoungGen: 270676K->184430K(465920K)] 1149101K->1064092K(1510400K), 0.0207127 secs] [Times: user=0.03 sys=0.00, real=0.02 secs] 
2065.456: [GC (Allocation Failure) [PSYoungGen: 417390K->184301K(465920K)] 1297052K->1064237K(1510400K), 0.0204674 secs] [Times: user=0.03 sys=0.00, real=0.02 secs] 
2066.138: [GC (Allocation Failure) [PSYoungGen: 409336K->92223K(465920K)] 1289272K->972552K(1510400K), 0.0119242 secs] [Times: user=0.03 sys=0.00, real=0.02 secs] 
2067.532: [GC (Allocation Failure) [PSYoungGen: 325183K->38002K(465920K)] 1205512K->918503K(1510400K), 0.0069684 secs] [Times: user=0.01 sys=0.00, real=0.00 secs] 
2067.818: [GC (Allocation Failure) [PSYoungGen: 270962K->184719K(465920K)] 1151463K->1066473K(1510400K), 0.0208022 secs] [Times: user=0.03 sys=0.00, real=0.02 secs] 
2068.162: [GC (Allocation Failure) [PSYoungGen: 417679K->184398K(465920K)] 1299433K->1066425K(1510400K), 0.0207725 secs] [Times: user=0.03 sys=0.00, real=0.02 secs] 
2069.607: [GC (Allocation Failure) [PSYoungGen: 406870K->91612K(465920K)] 1288897K->973912K(1510400K), 0.0171425 secs] [Times: user=0.04 sys=0.00, real=0.02 secs] 
2071.100: [GC (Allocation Failure) [PSYoungGen: 324572K->37845K(465920K)] 1206872K->920460K(1510400K), 0.0070409 secs] [Times: user=0.02 sys=0.00, real=0.00 secs] 
2071.384: [GC (Allocation Failure) [PSYoungGen: 270805K->184687K(465920K)] 1153420K->1068685K(1510400K), 0.0207476 secs] [Times: user=0.03 sys=0.00, real=0.02 secs] 
2071.669: [GC (Allocation Failure) [PSYoungGen: 417647K->184687K(465920K)] 1301645K->1068829K(1510400K), 0.0207347 secs] [Times: user=0.03 sys=0.00, real=0.03 secs] 
2072.347: [GC (Allocation Failure) [PSYoungGen: 407230K->91467K(465920K)] 1291373K->975883K(1510400K), 0.0118972 secs] [Times: user=0.02 sys=0.00, real=0.01 secs] 
2073.236: [GC (Allocation Failure) [PSYoungGen: 324427K->38002K(465920K)] 1208843K->922731K(1510400K), 0.0057985 secs] [Times: user=0.01 sys=0.00, real=0.01 secs] 
2073.505: [GC (Allocation Failure) [PSYoungGen: 270962K->183980K(465920K)] 1155691K->1069962K(1510400K), 0.0207666 secs] [Times: user=0.03 sys=0.00, real=0.02 secs] 
2073.790: [GC (Allocation Failure) [PSYoungGen: 416940K->184398K(465920K)] 1302922K->1070798K(1510400K), 0.0206455 secs] [Times: user=0.03 sys=0.00, real=0.02 secs] 
2075.228: [GC (Allocation Failure) [PSYoungGen: 409603K->92383K(465920K)] 1296003K->978920K(1510400K), 0.0154256 secs] [Times: user=0.03 sys=0.00, real=0.02 secs] 
2076.945: [GC (Allocation Failure) [PSYoungGen: 325343K->37331K(465920K)] 1211880K->924193K(1510400K), 0.0071415 secs] [Times: user=0.02 sys=0.00, real=0.01 secs] 
2077.227: [GC (Allocation Failure) [PSYoungGen: 270291K->184173K(465920K)] 1157153K->1072281K(1510400K), 0.0205658 secs] [Times: user=0.03 sys=0.00, real=0.02 secs] 
2077.514: [GC (Allocation Failure) [PSYoungGen: 417133K->184526K(465920K)] 1305241K->1072907K(1510400K), 0.0207757 secs] [Times: user=0.03 sys=0.00, real=0.02 secs] 
2078.652: [GC (Allocation Failure) [PSYoungGen: 408237K->92640K(465920K)] 1296618K->981286K(1510400K), 0.0129283 secs] [Times: user=0.02 sys=0.00, real=0.01 secs] 
2081.239: [GC (Allocation Failure) [PSYoungGen: 325600K->37620K(465920K)] 1214246K->926572K(1510400K), 0.0093040 secs] [Times: user=0.03 sys=0.00, real=0.01 secs] 
2081.566: [GC (Allocation Failure) [PSYoungGen: 270580K->184430K(465920K)] 1159532K->1074627K(1510400K), 0.0206336 secs] [Times: user=0.03 sys=0.00, real=0.02 secs] 
2081.908: [GC (Allocation Failure) [PSYoungGen: 417390K->184333K(465920K)] 1307587K->1074804K(1510400K), 0.0207071 secs] [Times: user=0.03 sys=0.00, real=0.02 secs] 
2083.109: [GC (Allocation Failure) [PSYoungGen: 409374K->92383K(465920K)] 1299844K->983247K(1510400K), 0.0168950 secs] [Times: user=0.04 sys=0.00, real=0.02 secs] 
2085.815: [GC (Allocation Failure) [PSYoungGen: 325343K->37652K(465920K)] 1216207K->928695K(1510400K), 0.0083963 secs] [Times: user=0.02 sys=0.00, real=0.01 secs] 
2086.134: [GC (Allocation Failure) [PSYoungGen: 270612K->184687K(465920K)] 1161655K->1076992K(1510400K), 0.0205876 secs] [Times: user=0.03 sys=0.00, real=0.02 secs] 
2086.480: [GC (Allocation Failure) [PSYoungGen: 417647K->184655K(465920K)] 1309952K->1077233K(1510400K), 0.0207753 secs] [Times: user=0.03 sys=0.00, real=0.02 secs] 
2087.984: [GC (Allocation Failure) [PSYoungGen: 407479K->91741K(465920K)] 1300057K->984584K(1510400K), 0.0148708 secs] [Times: user=0.03 sys=0.00, real=0.01 secs] 
2089.650: [GC (Allocation Failure) [PSYoungGen: 324701K->37748K(465920K)] 1217544K->930897K(1510400K), 0.0080759 secs] [Times: user=0.02 sys=0.00, real=0.00 secs] 
2089.964: [GC (Allocation Failure) [PSYoungGen: 270708K->183819K(465920K)] 1163857K->1078221K(1510400K), 0.0209816 secs] [Times: user=0.03 sys=0.00, real=0.02 secs] 
2090.254: [GC (Allocation Failure) [PSYoungGen: 416779K->184687K(465920K)] 1311181K->1079362K(1510400K), 0.0206241 secs] [Times: user=0.03 sys=0.00, real=0.02 secs] 
2092.042: [GC (Allocation Failure) [PSYoungGen: 410106K->92480K(465920K)] 1304782K->987420K(1510400K), 0.0127170 secs] [Times: user=0.03 sys=0.00, real=0.01 secs] 
2093.701: [GC (Allocation Failure) [PSYoungGen: 325440K->38198K(465920K)] 1220380K->933436K(1510400K), 0.0059793 secs] [Times: user=0.02 sys=0.00, real=0.00 secs] 
2093.972: [GC (Allocation Failure) [PSYoungGen: 271158K->184558K(465920K)] 1166396K->1081178K(1510400K), 0.0206644 secs] [Times: user=0.03 sys=0.00, real=0.02 secs] 
2094.261: [GC (Allocation Failure) [PSYoungGen: 417518K->184366K(465920K)] 1314138K->1081130K(1510400K), 0.0206968 secs] [Times: user=0.03 sys=0.00, real=0.02 secs] 
2095.763: [GC (Allocation Failure) [PSYoungGen: 406856K->91548K(465920K)] 1303621K->988578K(1510400K), 0.0208821 secs] [Times: user=0.04 sys=0.00, real=0.02 secs] 
2098.041: [GC (Allocation Failure) [PSYoungGen: 324508K->37716K(465920K)] 1221538K->935054K(1510400K), 0.0092443 secs] [Times: user=0.02 sys=0.00, real=0.01 secs] 
2098.368: [GC (Allocation Failure) [PSYoungGen: 270676K->184687K(465920K)] 1168014K->1083262K(1510400K), 0.0208815 secs] [Times: user=0.03 sys=0.00, real=0.02 secs] 
2098.659: [GC (Allocation Failure) [PSYoungGen: 417647K->184687K(465920K)] 1316222K->1083535K(1510400K), 0.0207516 secs] [Times: user=0.03 sys=0.00, real=0.03 secs] 
2099.773: [GC (Allocation Failure) [PSYoungGen: 407226K->91612K(465920K)] 1306074K->990733K(1510400K), 0.0152645 secs] [Times: user=0.04 sys=0.00, real=0.01 secs] 
2101.460: [GC (Allocation Failure) [PSYoungGen: 324572K->37716K(465920K)] 1223693K->937145K(1510400K), 0.0080448 secs] [Times: user=0.02 sys=0.00, real=0.00 secs] 
2101.769: [GC (Allocation Failure) [PSYoungGen: 270676K->184687K(465920K)] 1170105K->1085490K(1510400K), 0.0205683 secs] [Times: user=0.02 sys=0.00, real=0.03 secs] 
2102.059: [GC (Allocation Failure) [PSYoungGen: 417647K->184687K(465920K)] 1318450K->1085634K(1510400K), 0.0206920 secs] [Times: user=0.03 sys=0.00, real=0.03 secs] 
2103.356: [GC (Allocation Failure) [PSYoungGen: 407242K->91580K(465920K)] 1308189K->992801K(1510400K), 0.0118023 secs] [Times: user=0.02 sys=0.00, real=0.01 secs] 
2105.703: [GC (Allocation Failure) [PSYoungGen: 324540K->37520K(465920K)] 1225761K->939057K(1510400K), 0.0083625 secs] [Times: user=0.02 sys=0.00, real=0.01 secs] 
2106.098: [GC (Allocation Failure) [PSYoungGen: 270480K->184687K(465920K)] 1172017K->1087605K(1510400K), 0.0207294 secs] [Times: user=0.03 sys=0.00, real=0.02 secs] 
2106.383: [GC (Allocation Failure) [PSYoungGen: 417647K->184655K(465920K)] 1320565K->1087718K(1510400K), 0.0208172 secs] [Times: user=0.03 sys=0.00, real=0.02 secs] 
2107.083: [GC (Allocation Failure) [PSYoungGen: 407463K->91869K(465920K)] 1310526K->995205K(1510400K), 0.0131110 secs] [Times: user=0.03 sys=0.00, real=0.01 secs] 
2109.020: [GC (Allocation Failure) [PSYoungGen: 324829K->37973K(465920K)] 1228165K->941631K(1510400K), 0.0076866 secs] [Times: user=0.02 sys=0.00, real=0.00 secs] 
2109.318: [GC (Allocation Failure) [PSYoungGen: 270933K->183787K(465920K)] 1174591K->1088682K(1510400K), 0.0206305 secs] [Times: user=0.03 sys=0.00, real=0.02 secs] 
2109.603: [GC (Allocation Failure) [PSYoungGen: 416747K->184687K(465920K)] 1321642K->1089855K(1510400K), 0.0211712 secs] [Times: user=0.03 sys=0.00, real=0.02 secs] 
2110.278: [GC (Allocation Failure) [PSYoungGen: 410090K->92223K(465920K)] 1315259K->997664K(1510400K), 0.0154714 secs] [Times: user=0.03 sys=0.00, real=0.02 secs] 
2111.329: [GC (Allocation Failure) [PSYoungGen: 325183K->37973K(465920K)] 1230624K->943720K(1510400K), 0.0070035 secs] [Times: user=0.02 sys=0.00, real=0.01 secs] 
2111.611: [GC (Allocation Failure) [PSYoungGen: 270933K->184719K(465920K)] 1176680K->1091840K(1510400K), 0.0206678 secs] [Times: user=0.03 sys=0.00, real=0.02 secs] 
2111.957: [GC (Allocation Failure) [PSYoungGen: 417679K->184623K(465920K)] 1324800K->1091889K(1510400K), 0.0210998 secs] [Times: user=0.03 sys=0.00, real=0.02 secs] 
2112.664: [GC (Allocation Failure) [PSYoungGen: 407159K->91355K(465920K)] 1314425K->998886K(1510400K), 0.0123427 secs] [Times: user=0.02 sys=0.00, real=0.01 secs] 
2114.519: [GC (Allocation Failure) [PSYoungGen: 324315K->37748K(465920K)] 1231846K->945601K(1510400K), 0.0085068 secs] [Times: user=0.02 sys=0.00, real=0.00 secs] 
2114.910: [GC (Allocation Failure) [PSYoungGen: 270708K->183916K(465920K)] 1178561K->1093022K(1510400K), 0.0207137 secs] [Times: user=0.03 sys=0.00, real=0.02 secs] 
2115.199: [GC (GCLocker Initiated GC) [PSYoungGen: 416876K->184205K(465920K)] 1325982K->1093584K(1510400K), 0.0206597 secs] [Times: user=0.03 sys=0.00, real=0.03 secs] 
2116.267: [GC (Allocation Failure) [PSYoungGen: 417165K->76417K(465920K)] 1342931K->1002449K(1510400K), 0.0115002 secs] [Times: user=0.02 sys=0.00, real=0.01 secs] 
2117.238: [GC (Allocation Failure) [PSYoungGen: 309377K->59983K(465920K)] 1235409K->986232K(1510400K), 0.0081516 secs] [Times: user=0.01 sys=0.00, real=0.01 secs] 
2117.514: [GC (Allocation Failure) [PSYoungGen: 292943K->184333K(465920K)] 1219192K->1111828K(1510400K), 0.0209456 secs] [Times: user=0.03 sys=0.00, real=0.02 secs] 
2117.864: [GC (Allocation Failure) [PSYoungGen: 417293K->184558K(465920K)] 1344788K->1112454K(1510400K), 0.0210409 secs] [Times: user=0.03 sys=0.00, real=0.02 secs] 
2119.318: [GC (Allocation Failure) [PSYoungGen: 417518K->53444K(465920K)] 1345414K->981605K(1510400K), 0.0092974 secs] [Times: user=0.02 sys=0.00, real=0.01 secs] 
2120.018: [GC (Allocation Failure) [PSYoungGen: 286404K->82860K(465920K)] 1214565K->1011206K(1510400K), 0.0104406 secs] [Times: user=0.02 sys=0.00, real=0.01 secs] 
2120.294: [GC (Allocation Failure) [PSYoungGen: 315820K->184237K(465920K)] 1244166K->1113820K(1510400K), 0.0207981 secs] [Times: user=0.03 sys=0.00, real=0.02 secs] 
2120.579: [GC (Allocation Failure) [PSYoungGen: 417197K->184398K(465920K)] 1346780K->1114383K(1510400K), 0.0207837 secs] [Times: user=0.03 sys=0.00, real=0.03 secs] 
2122.416: [GC (Allocation Failure) [PSYoungGen: 417358K->30871K(465920K)] 1347343K->960993K(1510400K), 0.0104407 secs] [Times: user=0.03 sys=0.00, real=0.01 secs] 
2123.494: [GC (Allocation Failure) [PSYoungGen: 263765K->105287K(465920K)] 1193887K->1035715K(1510400K), 0.0128166 secs] [Times: user=0.02 sys=0.00, real=0.01 secs] 
2123.835: [GC (Allocation Failure) [PSYoungGen: 338247K->184462K(465920K)] 1268675K->1116143K(1510400K), 0.0208779 secs] [Times: user=0.02 sys=0.00, real=0.02 secs] 
2124.121: [GC (Allocation Failure) [PSYoungGen: 417422K->184623K(465920K)] 1349103K->1116706K(1510400K), 0.0209868 secs] [Times: user=0.03 sys=0.00, real=0.02 secs] 
2126.681: [GC (Allocation Failure) [PSYoungGen: 417583K->8010K(465920K)] 1349666K->940230K(1510400K), 0.0054895 secs] [Times: user=0.02 sys=0.00, real=0.00 secs] 
2127.518: [GC (Allocation Failure) [PSYoungGen: 240970K->128004K(465920K)] 1173190K->1060529K(1510400K), 0.0150874 secs] [Times: user=0.03 sys=0.00, real=0.02 secs] 
2127.803: [GC (Allocation Failure) [PSYoungGen: 360964K->184333K(465920K)] 1293489K->1118104K(1510400K), 0.0208878 secs] [Times: user=0.03 sys=0.00, real=0.02 secs] 
2129.491: [GC (Allocation Failure) [PSYoungGen: 417293K->171933K(465920K)] 1351064K->1106098K(1510400K), 0.0517877 secs] [Times: user=0.08 sys=0.00, real=0.05 secs] 
2133.360: [GC (Allocation Failure) [PSYoungGen: 404893K->96K(465920K)] 1339058K->935569K(1510400K), 0.0078391 secs] [Times: user=0.03 sys=0.00, real=0.00 secs] 
2134.120: [GC (Allocation Failure) [PSYoungGen: 233056K->148500K(465920K)] 1168529K->1083981K(1510400K), 0.0169046 secs] [Times: user=0.02 sys=0.00, real=0.01 secs] 
2134.402: [GC (Allocation Failure) [PSYoungGen: 381460K->184558K(465920K)] 1316941K->1121422K(1510400K), 0.0206448 secs] [Times: user=0.03 sys=0.00, real=0.02 secs] 
2135.556: [GC (Allocation Failure) [PSYoungGen: 417518K->157369K(465920K)] 1354382K->1094369K(1510400K), 0.0439888 secs] [Times: user=0.07 sys=0.00, real=0.05 secs] 
2138.562: [GC (Allocation Failure) [PSYoungGen: 390329K->96K(465920K)] 1327329K->938529K(1510400K), 0.0046641 secs] [Times: user=0.02 sys=0.00, real=0.00 secs] 
2139.057: [GC (Allocation Failure) [PSYoungGen: 233056K->170609K(465920K)] 1171489K->1109059K(1510400K), 0.0193094 secs] [Times: user=0.03 sys=0.00, real=0.02 secs] 
2139.407: [GC (Allocation Failure) [PSYoungGen: 403569K->184430K(465920K)] 1342019K->1124125K(1510400K), 0.0207770 secs] [Times: user=0.03 sys=0.00, real=0.02 secs] 
2139.973: [GC (Allocation Failure) [PSYoungGen: 409388K->135376K(465920K)] 1349084K->1075336K(1510400K), 0.0204217 secs] [Times: user=0.04 sys=0.00, real=0.02 secs] 
2142.111: [GC (Allocation Failure) [PSYoungGen: 368336K->1344K(465920K)] 1308296K->941610K(1510400K), 0.0065794 secs] [Times: user=0.03 sys=0.01, real=0.00 secs] 
2142.491: [GC (Allocation Failure) [PSYoungGen: 234304K->184847K(465920K)] 1174570K->1126359K(1510400K), 0.0207326 secs] [Times: user=0.03 sys=0.00, real=0.02 secs] 
2142.833: [GC (Allocation Failure) [PSYoungGen: 417807K->184687K(465920K)] 1359319K->1126600K(1510400K), 0.0209706 secs] [Times: user=0.03 sys=0.00, real=0.02 secs] 
2143.509: [GC (Allocation Failure) [PSYoungGen: 417647K->127936K(465920K)] 1359560K->1069986K(1510400K), 0.0187418 secs] [Times: user=0.03 sys=0.00, real=0.02 secs] 
2144.437: [GC (Allocation Failure) [PSYoungGen: 360896K->25121K(465920K)] 1302946K->967495K(1510400K), 0.0045253 secs] [Times: user=0.01 sys=0.00, real=0.01 secs] 
2144.709: [GC (Allocation Failure) [PSYoungGen: 258081K->186518K(465920K)] 1200455K->1130129K(1510400K), 0.0210548 secs] [Times: user=0.03 sys=0.00, real=0.03 secs] 
2145.004: [GC (Allocation Failure) [PSYoungGen: 419478K->186068K(465920K)] 1363089K->1129953K(1510400K), 0.0212929 secs] [Times: user=0.03 sys=0.00, real=0.02 secs] 
2147.407: [GC (Allocation Failure) [PSYoungGen: 419028K->84578K(465920K)] 1362913K->1028736K(1510400K), 0.0208583 secs] [Times: user=0.04 sys=0.01, real=0.02 secs] 
2148.885: [GC (Allocation Failure) [PSYoungGen: 317538K->51883K(465920K)] 1261696K->996362K(1510400K), 0.0086159 secs] [Times: user=0.02 sys=0.00, real=0.01 secs] 
2149.166: [GC (Allocation Failure) [PSYoungGen: 284843K->185843K(465920K)] 1229322K->1131568K(1510400K), 0.0208575 secs] [Times: user=0.03 sys=0.00, real=0.02 secs] 
2149.504: [GC (Allocation Failure) [PSYoungGen: 418803K->185875K(465920K)] 1364528K->1131873K(1510400K), 0.0211090 secs] [Times: user=0.03 sys=0.00, real=0.02 secs] 
2150.884: [GC (Allocation Failure) [PSYoungGen: 418835K->58777K(465920K)] 1364833K->1005040K(1510400K), 0.0094461 secs] [Times: user=0.02 sys=0.01, real=0.01 secs] 
2151.923: [GC (Allocation Failure) [PSYoungGen: 291737K->77365K(465920K)] 1238000K->1023926K(1510400K), 0.0116149 secs] [Times: user=0.03 sys=0.00, real=0.01 secs] 
2152.211: [GC (Allocation Failure) [PSYoungGen: 310325K->184173K(465920K)] 1256886K->1131979K(1510400K), 0.0206790 secs] [Times: user=0.03 sys=0.00, real=0.02 secs] 
2152.501: [GC (Allocation Failure) [PSYoungGen: 417133K->183916K(465920K)] 1364939K->1131995K(1510400K), 0.0207166 secs] [Times: user=0.03 sys=0.00, real=0.02 secs] 
2153.421: [GC (Allocation Failure) [PSYoungGen: 416876K->36912K(465920K)] 1364955K->985385K(1510400K), 0.0078111 secs] [Times: user=0.02 sys=0.00, real=0.00 secs] 
2154.093: [GC (Allocation Failure) [PSYoungGen: 269872K->99471K(465920K)] 1218345K->1048131K(1510400K), 0.0122024 secs] [Times: user=0.02 sys=0.00, real=0.01 secs] 
2154.426: [GC (Allocation Failure) [PSYoungGen: 332431K->184044K(465920K)] 1281091K->1134070K(1510400K), 0.0211333 secs] [Times: user=0.03 sys=0.00, real=0.02 secs] 
2154.713: [GC (Allocation Failure) [PSYoungGen: 417004K->184044K(465920K)] 1367030K->1134215K(1510400K), 0.0209599 secs] [Times: user=0.03 sys=0.00, real=0.02 secs] 
2156.397: [GC (Allocation Failure) [PSYoungGen: 417004K->14758K(465920K)] 1367175K->965202K(1510400K), 0.0053408 secs] [Times: user=0.02 sys=0.00, real=0.01 secs] 
2157.500: [GC (Allocation Failure) [PSYoungGen: 247718K->120996K(465920K)] 1198162K->1071755K(1510400K), 0.0142219 secs] [Times: user=0.02 sys=0.00, real=0.01 secs] 
2157.778: [GC (Allocation Failure) [PSYoungGen: 353956K->184205K(465920K)] 1304715K->1136346K(1510400K), 0.0207853 secs] [Times: user=0.03 sys=0.00, real=0.02 secs] 
2158.138: [GC (Allocation Failure) [PSYoungGen: 417165K->178155K(465920K)] 1369306K->1130441K(1510400K), 0.0216570 secs] [Times: user=0.03 sys=0.00, real=0.03 secs] 
2159.317: [GC (Allocation Failure) [PSYoungGen: 411115K->96K(465920K)] 1363401K->953839K(1510400K), 0.0032037 secs] [Times: user=0.02 sys=0.00, real=0.01 secs] 
2159.805: [GC (Allocation Failure) [PSYoungGen: 233056K->143488K(465920K)] 1186799K->1097247K(1510400K), 0.0166443 secs] [Times: user=0.03 sys=0.00, real=0.02 secs] 
2160.088: [GC (Allocation Failure) [PSYoungGen: 376448K->184333K(465920K)] 1330207K->1139338K(1510400K), 0.0207846 secs] [Times: user=0.03 sys=0.00, real=0.02 secs] 
2161.351: [GC (Allocation Failure) [PSYoungGen: 417293K->162670K(465920K)] 1372298K->1117949K(1510400K), 0.0365186 secs] [Times: user=0.06 sys=0.00, real=0.03 secs] 
2163.090: [GC (Allocation Failure) [PSYoungGen: 395630K->128K(465920K)] 1350909K->956856K(1510400K), 0.0031819 secs] [Times: user=0.02 sys=0.00, real=0.00 secs] 
2163.458: [GC (Allocation Failure) [PSYoungGen: 233088K->165789K(465920K)] 1189816K->1122533K(1510400K), 0.0189174 secs] [Times: user=0.03 sys=0.00, real=0.02 secs] 
2163.741: [GC (Allocation Failure) [PSYoungGen: 398749K->184430K(465920K)] 1355493K->1142427K(1510400K), 0.0209125 secs] [Times: user=0.03 sys=0.00, real=0.02 secs] 
2164.807: [GC (Allocation Failure) [PSYoungGen: 415709K->140291K(465920K)] 1373706K->1098683K(1510400K), 0.0250756 secs] [Times: user=0.04 sys=0.00, real=0.03 secs] 
2166.062: [GC (Allocation Failure) [PSYoungGen: 373211K->1569K(465920K)] 1331603K->960138K(1510400K), 0.0033584 secs] [Times: user=0.01 sys=0.00, real=0.00 secs] 
2166.358: [GC (Allocation Failure) [PSYoungGen: 234529K->184687K(465920K)] 1193098K->1144509K(1510400K), 0.0209733 secs] [Times: user=0.03 sys=0.00, real=0.02 secs] 
2166.707: [GC (Allocation Failure) [PSYoungGen: 417647K->184430K(465920K)] 1377469K->1144517K(1510400K), 0.0207364 secs] [Times: user=0.03 sys=0.00, real=0.02 secs] 
2167.638: [GC (Allocation Failure) [PSYoungGen: 417390K->128064K(465920K)] 1377477K->1088416K(1510400K), 0.0244006 secs] [Times: user=0.05 sys=0.00, real=0.03 secs] 
2169.911: [GC (Allocation Failure) [PSYoungGen: 361024K->24864K(465920K)] 1321376K->985530K(1510400K), 0.0068567 secs] [Times: user=0.02 sys=0.01, real=0.00 secs] 
2170.308: [GC (Allocation Failure) [PSYoungGen: 257824K->186486K(465920K)] 1218490K->1148526K(1510400K), 0.0212259 secs] [Times: user=0.03 sys=0.00, real=0.03 secs] 
2170.604: [GC (Allocation Failure) [PSYoungGen: 419446K->186068K(465920K)] 1381486K->1148389K(1510400K), 0.0210080 secs] [Times: user=0.03 sys=0.00, real=0.02 secs] 
2172.761: [GC (Allocation Failure) [PSYoungGen: 419028K->84883K(465920K)] 1381349K->1047469K(1510400K), 0.0277051 secs] [Times: user=0.05 sys=0.01, real=0.02 secs] 
2174.635: [GC (Allocation Failure) [PSYoungGen: 317843K->52043K(465920K)] 1280429K->1014825K(1510400K), 0.0087394 secs] [Times: user=0.02 sys=0.00, real=0.01 secs] 
2174.978: [GC (Allocation Failure) [PSYoungGen: 285003K->185843K(465920K)] 1247785K->1149870K(1510400K), 0.0214036 secs] [Times: user=0.03 sys=0.00, real=0.02 secs] 
2175.268: [GC (Allocation Failure) [PSYoungGen: 418803K->185843K(465920K)] 1382830K->1150143K(1510400K), 0.0211017 secs] [Times: user=0.03 sys=0.00, real=0.02 secs] 
2177.274: [GC (Allocation Failure) [PSYoungGen: 418803K->58632K(465920K)] 1383103K->1023197K(1510400K), 0.0139109 secs] [Times: user=0.03 sys=0.00, real=0.01 secs] 
2178.915: [GC (Allocation Failure) [PSYoungGen: 291592K->78362K(465920K)] 1256157K->1043240K(1510400K), 0.0102191 secs] [Times: user=0.02 sys=0.00, real=0.01 secs] 
2179.201: [GC (Allocation Failure) [PSYoungGen: 311322K->185972K(465920K)] 1276200K->1152233K(1510400K), 0.0210937 secs] [Times: user=0.03 sys=0.00, real=0.02 secs] 
2179.540: [GC (Allocation Failure) [PSYoungGen: 418932K->184526K(465920K)] 1385193K->1150932K(1510400K), 0.0210496 secs] [Times: user=0.03 sys=0.00, real=0.02 secs] 
2181.869: [GC (Allocation Failure) [PSYoungGen: 417486K->33506K(465920K)] 1383892K->1000176K(1510400K), 0.0116971 secs] [Times: user=0.03 sys=0.00, real=0.02 secs] 
2183.121: [GC (Allocation Failure) [PSYoungGen: 266466K->102553K(465920K)] 1233136K->1069537K(1510400K), 0.0125315 secs] [Times: user=0.02 sys=0.00, real=0.01 secs] 
2183.452: [GC (Allocation Failure) [PSYoungGen: 335513K->184076K(465920K)] 1302497K->1152426K(1510400K), 0.0208905 secs] [Times: user=0.03 sys=0.00, real=0.02 secs] 
2183.743: [GC (Allocation Failure) [PSYoungGen: 417036K->184526K(465920K)] 1385386K->1153029K(1510400K), 0.0208265 secs] [Times: user=0.03 sys=0.00, real=0.02 secs] 
2186.321: [GC (Allocation Failure) [PSYoungGen: 417486K->11175K(465920K)] 1385989K->980072K(1510400K), 0.0072282 secs] [Times: user=0.03 sys=0.00, real=0.00 secs] 
2187.618: [GC (Allocation Failure) [PSYoungGen: 244135K->124563K(465920K)] 1213032K->1093649K(1510400K), 0.0148000 secs] [Times: user=0.03 sys=0.00, real=0.02 secs] 
2187.948: [GC (Allocation Failure) [PSYoungGen: 357523K->184205K(465920K)] 1326609K->1154536K(1510400K), 0.0211792 secs] [Times: user=0.03 sys=0.00, real=0.03 secs] 
2188.337: [GC (Allocation Failure) [PSYoungGen: 417165K->175516K(465920K)] 1387496K->1146113K(1510400K), 0.0216630 secs] [Times: user=0.03 sys=0.00, real=0.02 secs] 
2189.815: [GC (Allocation Failure) [PSYoungGen: 408476K->64K(465920K)] 1379073K->972104K(1510400K), 0.0028642 secs] [Times: user=0.01 sys=0.00, real=0.00 secs] 
2190.440: [GC (Allocation Failure) [PSYoungGen: 233024K->146029K(465920K)] 1205064K->1118085K(1510400K), 0.0168700 secs] [Times: user=0.03 sys=0.00, real=0.01 secs] 
2190.721: [GC (Allocation Failure) [PSYoungGen: 378989K->184333K(465920K)] 1351045K->1157643K(1510400K), 0.0208701 secs] [Times: user=0.03 sys=0.00, real=0.02 secs] 
2191.171: [GC (Allocation Failure) [PSYoungGen: 417293K->160100K(465920K)] 1390603K->1133683K(1510400K), 0.0201811 secs] [Times: user=0.03 sys=0.00, real=0.02 secs] 
2192.436: [GC (Allocation Failure) [PSYoungGen: 393060K->96K(465920K)] 1366643K->975126K(1510400K), 0.0045279 secs] [Times: user=0.02 sys=0.00, real=0.01 secs] 
2192.915: [GC (Allocation Failure) [PSYoungGen: 233056K->168489K(465920K)] 1208086K->1143535K(1510400K), 0.0191929 secs] [Times: user=0.03 sys=0.00, real=0.02 secs] 
2193.198: [GC (Allocation Failure) [PSYoungGen: 401449K->184301K(465920K)] 1376495K->1160585K(1510400K), 0.0209296 secs] [Times: user=0.03 sys=0.00, real=0.02 secs] 
2193.759: [GC (Allocation Failure) [PSYoungGen: 411701K->137624K(465920K)] 1387985K->1114302K(1510400K), 0.0193073 secs] [Times: user=0.03 sys=0.00, real=0.02 secs] 
2195.522: [GC (Allocation Failure) [PSYoungGen: 370468K->1344K(465920K)] 1347146K->978199K(1510400K), 0.0065442 secs] [Times: user=0.03 sys=0.00, real=0.00 secs] 
2195.894: [GC (Allocation Failure) [PSYoungGen: 234304K->184847K(465920K)] 1211159K->1162956K(1510400K), 0.0211124 secs] [Times: user=0.03 sys=0.00, real=0.02 secs] 
2196.181: [GC (Allocation Failure) [PSYoungGen: 417807K->184687K(465920K)] 1395916K->1163197K(1510400K), 0.0207528 secs] [Times: user=0.03 sys=0.00, real=0.02 secs] 
2196.726: [GC (Allocation Failure) [PSYoungGen: 417647K->127968K(465920K)] 1396157K->1106614K(1510400K), 0.0161885 secs] [Times: user=0.03 sys=0.00, real=0.02 secs] 
2197.730: [GC (Allocation Failure) [PSYoungGen: 360928K->25150K(465920K)] 1339574K->1004112K(1510400K), 0.0069311 secs] [Times: user=0.02 sys=0.00, real=0.00 secs] 
2198.051: [GC (Allocation Failure) [PSYoungGen: 258110K->184173K(465920K)] 1237072K->1164389K(1510400K), 0.0207960 secs] [Times: user=0.03 sys=0.00, real=0.02 secs] 
2198.340: [GC (Allocation Failure) [PSYoungGen: 417133K->184366K(465920K)] 1397349K->1164855K(1510400K), 0.0214695 secs] [Times: user=0.03 sys=0.00, real=0.02 secs] 
2199.022: [GC (Allocation Failure) [PSYoungGen: 417326K->105010K(465920K)] 1397815K->1085765K(1510400K), 0.0145179 secs] [Times: user=0.03 sys=0.00, real=0.01 secs] 
2200.605: [GC (Allocation Failure) [PSYoungGen: 337970K->47613K(465920K)] 1318725K->1028690K(1510400K), 0.0096939 secs] [Times: user=0.02 sys=0.00, real=0.01 secs] 
2200.914: [GC (Allocation Failure) [PSYoungGen: 280573K->186518K(465920K)] 1261650K->1168833K(1510400K), 0.0209083 secs] [Times: user=0.03 sys=0.00, real=0.02 secs] 
2201.200: [GC (Allocation Failure) [PSYoungGen: 419478K->186100K(465920K)] 1401793K->1168817K(1510400K), 0.0211238 secs] [Times: user=0.03 sys=0.00, real=0.02 secs] 
2201.919: [GC (Allocation Failure) [PSYoungGen: 419060K->62071K(465920K)] 1401777K->1045053K(1510400K), 0.0110441 secs] [Times: user=0.02 sys=0.00, real=0.02 secs] 
2202.856: [GC (Allocation Failure) [PSYoungGen: 295031K->74760K(465920K)] 1278013K->1057919K(1510400K), 0.0098441 secs] [Times: user=0.02 sys=0.00, real=0.01 secs] 
2203.131: [GC (Allocation Failure) [PSYoungGen: 307720K->185972K(465920K)] 1290879K->1170377K(1510400K), 0.0211501 secs] [Times: user=0.03 sys=0.00, real=0.02 secs] 
2203.423: [GC (Allocation Failure) [PSYoungGen: 418932K->185907K(465920K)] 1403337K->1170714K(1510400K), 0.0210222 secs] [Times: user=0.03 sys=0.00, real=0.02 secs] 
2204.822: [GC (Allocation Failure) [PSYoungGen: 418867K->35755K(465920K)] 1403674K->1020722K(1510400K), 0.0073887 secs] [Times: user=0.02 sys=0.00, real=0.01 secs] 
2206.261: [GC (Allocation Failure) [PSYoungGen: 268715K->100625K(465920K)] 1253682K->1085906K(1510400K), 0.0124016 secs] [Times: user=0.03 sys=0.00, real=0.01 secs] 
2206.596: [GC (Allocation Failure) [PSYoungGen: 333585K->184719K(465920K)] 1318866K->1171245K(1510400K), 0.0208542 secs] [Times: user=0.03 sys=0.00, real=0.02 secs] 
2206.943: [GC (Allocation Failure) [PSYoungGen: 417679K->186486K(465920K)] 1404205K->1173414K(1510400K), 0.0209788 secs] [Times: user=0.03 sys=0.00, real=0.02 secs] 
2207.868: [GC (Allocation Failure) [PSYoungGen: 419446K->10565K(465920K)] 1406374K->997766K(1510400K), 0.0043367 secs] [Times: user=0.02 sys=0.00, real=0.01 secs] 
2208.700: [GC (Allocation Failure) [PSYoungGen: 243525K->126076K(465920K)] 1230726K->1113462K(1510400K), 0.0147586 secs] [Times: user=0.03 sys=0.00, real=0.01 secs] 
2208.981: [GC (Allocation Failure) [PSYoungGen: 359036K->186100K(465920K)] 1346422K->1174740K(1510400K), 0.0209958 secs] [Times: user=0.03 sys=0.00, real=0.02 secs] 
2209.468: [GC (Allocation Failure) [PSYoungGen: 419060K->174094K(465920K)] 1407700K->1162999K(1510400K), 0.0219414 secs] [Times: user=0.03 sys=0.00, real=0.03 secs] 
2211.076: [GC (Allocation Failure) [PSYoungGen: 407054K->96K(465920K)] 1395959K->990436K(1510400K), 0.0033875 secs] [Times: user=0.01 sys=0.00, real=0.01 secs] 
2211.763: [GC (Allocation Failure) [PSYoungGen: 233056K->151778K(465920K)] 1223396K->1142126K(1510400K), 0.0176110 secs] [Times: user=0.03 sys=0.00, real=0.02 secs] 
2212.045: [GC (Allocation Failure) [PSYoungGen: 384738K->184687K(465920K)] 1375086K->1176281K(1510400K), 0.0209832 secs] [Times: user=0.03 sys=0.00, real=0.02 secs] 
2212.641: [GC (Allocation Failure) [PSYoungGen: 417647K->153899K(465920K)] 1409241K->1145758K(1510400K), 0.0194341 secs] [Times: user=0.03 sys=0.00, real=0.02 secs] 
2213.605: [GC (Allocation Failure) [PSYoungGen: 386859K->128K(465920K)] 1378718K->993438K(1510400K), 0.0030749 secs] [Times: user=0.01 sys=0.00, real=0.00 secs] 
2213.940: [GC (Allocation Failure) [PSYoungGen: 233088K->175589K(465920K)] 1226398K->1168940K(1510400K), 0.0200553 secs] [Times: user=0.03 sys=0.00, real=0.02 secs] 
2214.225: [GC (Allocation Failure) [PSYoungGen: 408549K->184687K(465920K)] 1401900K->1179283K(1510400K), 0.0209465 secs] [Times: user=0.03 sys=0.00, real=0.02 secs] 
2216.248: [GC (Allocation Failure) [PSYoungGen: 417647K->138314K(465920K)] 1412243K->1133176K(1510400K), 0.0395008 secs] [Times: user=0.07 sys=0.00, real=0.04 secs] 
2218.688: [GC (Allocation Failure) [PSYoungGen: 371274K->14325K(465920K)] 1366136K->1009500K(1510400K), 0.0079246 secs] [Times: user=0.03 sys=0.00, real=0.01 secs] 
2219.059: [GC (Allocation Failure) [PSYoungGen: 247285K->186261K(465920K)] 1242460K->1182682K(1510400K), 0.0214112 secs] [Times: user=0.03 sys=0.00, real=0.03 secs] 
2219.346: [GC (Allocation Failure) [PSYoungGen: 419221K->184687K(465920K)] 1415642K->1181381K(1510400K), 0.0209367 secs] [Times: user=0.03 sys=0.00, real=0.02 secs] 
2220.573: [GC (Allocation Failure) [PSYoungGen: 417647K->113509K(465920K)] 1414341K->1110468K(1510400K), 0.0201456 secs] [Times: user=0.05 sys=0.00, real=0.02 secs] 
2222.612: [GC (Allocation Failure) [PSYoungGen: 346469K->39901K(465920K)] 1343428K->1037166K(1510400K), 0.0089392 secs] [Times: user=0.03 sys=0.00, real=0.01 secs] 
2223.009: [GC (Allocation Failure) [PSYoungGen: 272861K->186132K(465920K)] 1270126K->1184771K(1510400K), 0.0212771 secs] [Times: user=0.03 sys=0.00, real=0.03 secs] 
2223.354: [GC (Allocation Failure) [PSYoungGen: 419092K->185940K(465920K)] 1417731K->1184852K(1510400K), 0.0209572 secs] [Times: user=0.03 sys=0.00, real=0.02 secs] 
2225.465: [GC (Allocation Failure) [PSYoungGen: 418900K->70328K(465920K)] 1417812K->1069376K(1510400K), 0.0243697 secs] [Times: user=0.05 sys=0.00, real=0.03 secs] 
2226.834: [GC (Allocation Failure) [PSYoungGen: 303288K->66278K(465920K)] 1302336K->1065632K(1510400K), 0.0115132 secs] [Times: user=0.02 sys=0.00, real=0.01 secs] 
2227.139: [GC (Allocation Failure) [PSYoungGen: 299238K->185875K(465920K)] 1298592K->1186475K(1510400K), 0.0213526 secs] [Times: user=0.03 sys=0.00, real=0.03 secs] 
2227.480: [GC (Allocation Failure) [PSYoungGen: 418835K->184430K(465920K)] 1419435K->1185302K(1510400K), 0.0209090 secs] [Times: user=0.03 sys=0.00, real=0.02 secs] 
2229.678: [GC (Allocation Failure) [PSYoungGen: 417390K->45764K(465920K)] 1418262K->1046902K(1510400K), 0.0168824 secs] [Times: user=0.04 sys=0.00, real=0.02 secs] 
2231.332: [GC (Allocation Failure) [PSYoungGen: 278724K->90218K(465920K)] 1279862K->1091671K(1510400K), 0.0113988 secs] [Times: user=0.02 sys=0.00, real=0.01 secs] 
2231.611: [GC (Allocation Failure) [PSYoungGen: 323178K->186518K(465920K)] 1324631K->1189354K(1510400K), 0.0212203 secs] [Times: user=0.03 sys=0.00, real=0.02 secs] 
2231.903: [GC (Allocation Failure) [PSYoungGen: 419478K->186100K(465920K)] 1422314K->1189081K(1510400K), 0.0209973 secs] [Times: user=0.03 sys=0.00, real=0.02 secs] 
2233.230: [GC (Allocation Failure) [PSYoungGen: 419060K->19529K(465920K)] 1422041K->1022775K(1510400K), 0.0051004 secs] [Times: user=0.02 sys=0.00, real=0.00 secs] 
2234.304: [GC (Allocation Failure) [PSYoungGen: 252489K->116758K(465920K)] 1255735K->1120308K(1510400K), 0.0140050 secs] [Times: user=0.02 sys=0.00, real=0.01 secs] 
2234.645: [GC (Allocation Failure) [PSYoungGen: 349718K->185972K(465920K)] 1353268K->1190913K(1510400K), 0.0211635 secs] [Times: user=0.03 sys=0.00, real=0.02 secs] 
2235.111: [GC (Allocation Failure) [PSYoungGen: 418932K->180021K(465920K)] 1423873K->1185106K(1510400K), 0.0252730 secs] [Times: user=0.04 sys=0.00, real=0.02 secs] 
2237.979: [GC (Allocation Failure) [PSYoungGen: 412981K->96K(465920K)] 1418066K->1006605K(1510400K), 0.0109735 secs] [Times: user=0.05 sys=0.00, real=0.02 secs] 
2239.296: [GC (Allocation Failure) [PSYoungGen: 233056K->139600K(465920K)] 1239565K->1146125K(1510400K), 0.0163032 secs] [Times: user=0.02 sys=0.00, real=0.02 secs] 
2239.577: [GC (Allocation Failure) [PSYoungGen: 372560K->184301K(465920K)] 1379085K->1192072K(1510400K), 0.0208894 secs] [Times: user=0.03 sys=0.00, real=0.02 secs] 
2240.252: [GC (Allocation Failure) [PSYoungGen: 417057K->162382K(465920K)] 1424828K->1170426K(1510400K), 0.0239020 secs] [Times: user=0.04 sys=0.00, real=0.02 secs] 
2242.664: [GC (Allocation Failure) [PSYoungGen: 395342K->64K(465920K)] 1403386K->1009547K(1510400K), 0.0058889 secs] [Times: user=0.03 sys=0.00, real=0.01 secs] 
2243.392: [GC (Allocation Failure) [PSYoungGen: 233024K->161355K(465920K)] 1242507K->1170847K(1510400K), 0.0185776 secs] [Times: user=0.03 sys=0.00, real=0.02 secs] 
2243.681: [GC (Allocation Failure) [PSYoungGen: 394315K->184719K(465920K)] 1403807K->1195456K(1510400K), 0.0212230 secs] [Times: user=0.03 sys=0.00, real=0.02 secs] 
2244.159: [GC (Allocation Failure) [PSYoungGen: 417679K->144420K(465920K)] 1428416K->1155423K(1510400K), 0.0179323 secs] [Times: user=0.03 sys=0.00, real=0.02 secs] 
2246.086: [GC (Allocation Failure) [PSYoungGen: 377380K->96K(465920K)] 1388383K->1012542K(1510400K), 0.0060011 secs] [Times: user=0.03 sys=0.00, real=0.01 secs] 
2246.528: [GC (Allocation Failure) [PSYoungGen: 233056K->183975K(465920K)] 1245502K->1196445K(1510400K), 0.0208814 secs] [Times: user=0.03 sys=0.00, real=0.02 secs] 
2246.870: [GC (Allocation Failure) [PSYoungGen: 416935K->183916K(465920K)] 1429405K->1197631K(1510400K), 0.0208927 secs] [Times: user=0.03 sys=0.00, real=0.02 secs] 
2248.085: [GC (Allocation Failure) [PSYoungGen: 416876K->130763K(465920K)] 1430591K->1144744K(1510400K), 0.0397855 secs] [Times: user=0.08 sys=0.00, real=0.04 secs] 
2250.578: [GC (Allocation Failure) [PSYoungGen: 363723K->21680K(465920K)] 1377704K->1035960K(1510400K), 0.0077150 secs] [Times: user=0.02 sys=0.00, real=0.01 secs] 
2250.925: [GC (Allocation Failure) [PSYoungGen: 254640K->186229K(465920K)] 1268920K->1201755K(1510400K), 0.0211748 secs] [Times: user=0.03 sys=0.00, real=0.02 secs] 
2251.213: [GC (Allocation Failure) [PSYoungGen: 419189K->184687K(465920K)] 1434715K->1200486K(1510400K), 0.0209512 secs] [Times: user=0.03 sys=0.00, real=0.02 secs] 
2252.786: [GC (Allocation Failure) [PSYoungGen: 417647K->106183K(465920K)] 1433446K->1122247K(1510400K), 0.0179679 secs] [Times: user=0.03 sys=0.00, real=0.02 secs] 
2255.936: [GC (Allocation Failure) [PSYoungGen: 339143K->45617K(465920K)] 1355207K->1062011K(1510400K), 0.0097323 secs] [Times: user=0.02 sys=0.00, real=0.01 secs] 
2256.258: [GC (Allocation Failure) [PSYoungGen: 278577K->186229K(465920K)] 1294971K->1204005K(1510400K), 0.0212713 secs] [Times: user=0.03 sys=0.00, real=0.03 secs] 
2256.543: [GC (Allocation Failure) [PSYoungGen: 419189K->184879K(465920K)] 1436965K->1202800K(1510400K), 0.0210277 secs] [Times: user=0.03 sys=0.00, real=0.02 secs] 
2257.868: [GC (Allocation Failure) [PSYoungGen: 417839K->65685K(465920K)] 1435760K->1084007K(1510400K), 0.0103817 secs] [Times: user=0.02 sys=0.00, real=0.01 secs] 
2259.808: [GC (Allocation Failure) [PSYoungGen: 298645K->69333K(465920K)] 1316967K->1087832K(1510400K), 0.0098959 secs] [Times: user=0.02 sys=0.00, real=0.01 secs] 
2260.085: [GC (Allocation Failure) [PSYoungGen: 302293K->186357K(465920K)] 1320792K->1206110K(1510400K), 0.0210083 secs] [Times: user=0.03 sys=0.00, real=0.02 secs] 
2260.375: [GC (Allocation Failure) [PSYoungGen: 419317K->186036K(465920K)] 1439070K->1206062K(1510400K), 0.0210561 secs] [Times: user=0.03 sys=0.00, real=0.02 secs] 
2262.307: [GC (Allocation Failure) [PSYoungGen: 418996K->40543K(465920K)] 1439022K->1060962K(1510400K), 0.0082260 secs] [Times: user=0.02 sys=0.00, real=0.01 secs] 
2262.958: [GC (Allocation Failure) [PSYoungGen: 273378K->96387K(465920K)] 1293798K->1116994K(1510400K), 0.0118897 secs] [Times: user=0.02 sys=0.00, real=0.02 secs] 
2263.235: [GC (Allocation Failure) [PSYoungGen: 329347K->184815K(465920K)] 1349954K->1206659K(1510400K), 0.0209106 secs] [Times: user=0.03 sys=0.00, real=0.02 secs] 
2263.576: [GC (Allocation Failure) [PSYoungGen: 417775K->184173K(465920K)] 1439619K->1206290K(1510400K), 0.0210107 secs] [Times: user=0.02 sys=0.00, real=0.02 secs] 
2264.475: [GC (Allocation Failure) [PSYoungGen: 417133K->16959K(465920K)] 1439250K->1039478K(1510400K), 0.0053028 secs] [Times: user=0.01 sys=0.00, real=0.01 secs] 
2265.084: [GC (Allocation Failure) [PSYoungGen: 249919K->119168K(465920K)] 1272438K->1141864K(1510400K), 0.0142410 secs] [Times: user=0.02 sys=0.00, real=0.01 secs] 
2265.366: [GC (Allocation Failure) [PSYoungGen: 352128K->184719K(465920K)] 1374824K->1208660K(1510400K), 0.0209072 secs] [Times: user=0.03 sys=0.00, real=0.02 secs] 
2265.760: [GC (Allocation Failure) [PSYoungGen: 417679K->178896K(465920K)] 1441620K->1203239K(1510400K), 0.0220770 secs] [Times: user=0.03 sys=0.00, real=0.02 secs] 
2266.870: [GC (Allocation Failure) [PSYoungGen: 411856K->64K(465920K)] 1436199K->1025722K(1510400K), 0.0034124 secs] [Times: user=0.02 sys=0.01, real=0.00 secs] 
2267.522: [GC (Allocation Failure) [PSYoungGen: 233024K->141627K(465920K)] 1258682K->1167310K(1510400K), 0.0166474 secs] [Times: user=0.02 sys=0.00, real=0.01 secs] 
2267.802: [GC (Allocation Failure) [PSYoungGen: 374587K->184301K(465920K)] 1400270K->1211358K(1510400K), 0.0208261 secs] [Times: user=0.03 sys=0.00, real=0.02 secs] 
2268.201: [GC (Allocation Failure) [PSYoungGen: 414103K->160358K(465920K)] 1441160K->1187687K(1510400K), 0.0204397 secs] [Times: user=0.03 sys=0.00, real=0.02 secs] 
2269.145: [GC (Allocation Failure) [PSYoungGen: 393318K->96K(465920K)] 1420647K->1028728K(1510400K), 0.0037596 secs] [Times: user=0.02 sys=0.00, real=0.00 secs] 
2269.711: [GC (Allocation Failure) [PSYoungGen: 233056K->161706K(465920K)] 1261688K->1190355K(1510400K), 0.0184796 secs] [Times: user=0.03 sys=0.00, real=0.02 secs] 
2269.995: [GC (Allocation Failure) [PSYoungGen: 394666K->184687K(465920K)] 1423315K->1214573K(1510400K), 0.0224110 secs] [Times: user=0.04 sys=0.00, real=0.02 secs] 
2270.476: [GC (Allocation Failure) [PSYoungGen: 417647K->144035K(465920K)] 1447533K->1174186K(1510400K), 0.0177759 secs] [Times: user=0.03 sys=0.00, real=0.02 secs] 
2271.469: [GC (Allocation Failure) [PSYoungGen: 376995K->64K(465920K)] 1407146K->1030523K(1510400K), 0.0028465 secs] [Times: user=0.01 sys=0.00, real=0.00 secs] 
2271.740: [GC (Allocation Failure) [PSYoungGen: 233024K->184972K(465920K)] 1263483K->1215463K(1510400K), 0.0209167 secs] [Times: user=0.04 sys=0.00, real=0.02 secs] 
2272.025: [GC (Allocation Failure) [PSYoungGen: 417932K->184205K(465920K)] 1448423K->1215941K(1510400K), 0.0209375 secs] [Times: user=0.03 sys=0.00, real=0.02 secs] 
2272.556: [GC (Allocation Failure) [PSYoungGen: 417165K->129430K(465920K)] 1448901K->1161432K(1510400K), 0.0165472 secs] [Times: user=0.03 sys=0.00, real=0.02 secs] 
2273.771: [GC (Allocation Failure) [PSYoungGen: 362390K->23225K(465920K)] 1394392K->1055543K(1510400K), 0.0056216 secs] [Times: user=0.02 sys=0.00, real=0.00 secs] 
2274.051: [GC (Allocation Failure) [PSYoungGen: 256185K->184012K(465920K)] 1288503K->1217591K(1510400K), 0.0209911 secs] [Times: user=0.03 sys=0.00, real=0.02 secs] 
2274.340: [GC (Allocation Failure) [PSYoungGen: 416972K->183852K(465920K)] 1450551K->1217704K(1510400K), 0.0210549 secs] [Times: user=0.03 sys=0.00, real=0.02 secs] 
2275.016: [GC (Allocation Failure) [PSYoungGen: 416812K->107549K(465920K)] 1450664K->1141666K(1510400K), 0.0141853 secs] [Times: user=0.03 sys=0.00, real=0.02 secs] 
2276.464: [GC (Allocation Failure) [PSYoungGen: 340509K->44914K(465920K)] 1374626K->1079346K(1510400K), 0.0097238 secs] [Times: user=0.03 sys=0.00, real=0.01 secs] 
2276.781: [GC (Allocation Failure) [PSYoungGen: 277874K->184944K(465920K)] 1312306K->1220614K(1510400K), 0.0211287 secs] [Times: user=0.03 sys=0.00, real=0.02 secs] 
2277.066: [GC (Allocation Failure) [PSYoungGen: 417904K->184944K(465920K)] 1453574K->1220887K(1510400K), 0.0209270 secs] [Times: user=0.03 sys=0.00, real=0.02 secs] 
2278.172: [GC (Allocation Failure) [PSYoungGen: 417904K->67469K(465920K)] 1453847K->1103685K(1510400K), 0.0116404 secs] [Times: user=0.02 sys=0.00, real=0.01 secs] 
2279.252: [GC (Allocation Failure) [PSYoungGen: 300429K->68591K(465920K)] 1336645K->1105123K(1510400K), 0.0092991 secs] [Times: user=0.02 sys=0.00, real=0.01 secs] 
2279.528: [GC (Allocation Failure) [PSYoungGen: 301551K->186389K(465920K)] 1338083K->1224175K(1510400K), 0.0211635 secs] [Times: user=0.03 sys=0.00, real=0.02 secs] 
2279.819: [GC (Allocation Failure) [PSYoungGen: 419349K->184815K(465920K)] 1457135K->1222874K(1510400K), 0.0211571 secs] [Times: user=0.03 sys=0.00, real=0.03 secs] 
2281.908: [GC (Allocation Failure) [PSYoungGen: 417775K->42535K(465920K)] 1455834K->1080867K(1510400K), 0.0112764 secs] [Times: user=0.03 sys=0.00, real=0.01 secs] 
2283.906: [GC (Allocation Failure) [PSYoungGen: 275495K->92689K(465920K)] 1313827K->1131327K(1510400K), 0.0118224 secs] [Times: user=0.02 sys=0.00, real=0.01 secs] 
2284.184: [GC (Allocation Failure) [PSYoungGen: 325649K->186518K(465920K)] 1364287K->1226401K(1510400K), 0.0211603 secs] [Times: user=0.03 sys=0.00, real=0.02 secs] 
2284.471: [GC (Allocation Failure) [PSYoungGen: 419478K->185972K(465920K)] 1459361K->1226257K(1510400K), 0.0213796 secs] [Times: user=0.03 sys=0.00, real=0.02 secs] 
2286.761: [GC (Allocation Failure) [PSYoungGen: 418932K->17248K(465920K)] 1459217K->1057669K(1510400K), 0.0060970 secs] [Times: user=0.02 sys=0.00, real=0.00 secs] 
2287.940: [GC (Allocation Failure) [PSYoungGen: 250208K->118394K(465920K)] 1290629K->1159129K(1510400K), 0.0142217 secs] [Times: user=0.02 sys=0.00, real=0.01 secs] 
2288.218: [GC (Allocation Failure) [PSYoungGen: 351354K->184173K(465920K)] 1392089K->1226161K(1510400K), 0.0210839 secs] [Times: user=0.03 sys=0.01, real=0.02 secs] 
2288.646: [GC (Allocation Failure) [PSYoungGen: 417133K->180149K(465920K)] 1459121K->1222411K(1510400K), 0.0243928 secs] [Times: user=0.03 sys=0.00, real=0.03 secs] 
2289.789: [GC (Allocation Failure) [PSYoungGen: 413109K->96K(465920K)] 1455371K->1043801K(1510400K), 0.0040773 secs] [Times: user=0.02 sys=0.01, real=0.01 secs] 
2289.793: [Full GC (Ergonomics) [PSYoungGen: 96K->0K(465920K)] [ParOldGen: 1043705K->349701K(868352K)] 1043801K->349701K(1334272K), [Metaspace: 56385K->56262K(1101824K)], 0.0716547 secs] [Times: user=0.20 sys=0.01, real=0.07 secs] 
2290.655: [GC (Allocation Failure) [PSYoungGen: 232960K->149237K(465920K)] 582661K->498939K(1334272K), 0.0151970 secs] [Times: user=0.03 sys=0.00, real=0.02 secs] 
2290.937: [GC (Allocation Failure) [PSYoungGen: 382197K->186100K(465920K)] 731899K->569824K(1334272K), 0.0224777 secs] [Times: user=0.04 sys=0.00, real=0.03 secs] 
2291.309: [GC (Allocation Failure) [PSYoungGen: 419060K->180213K(465920K)] 802784K->564210K(1334272K), 0.0219293 secs] [Times: user=0.03 sys=0.00, real=0.03 secs] 
2293.550: [GC (Allocation Failure) [PSYoungGen: 413173K->32960K(465920K)] 797170K->418398K(1334272K), 0.0067129 secs] [Times: user=0.03 sys=0.00, real=0.00 secs] 
2294.613: [GC (Allocation Failure) [PSYoungGen: 265920K->129192K(465920K)] 651358K->514663K(1334272K), 0.0142632 secs] [Times: user=0.02 sys=0.00, real=0.01 secs] 
2294.890: [GC (Allocation Failure) [PSYoungGen: 362152K->184269K(465920K)] 747623K->570994K(1334272K), 0.0201162 secs] [Times: user=0.03 sys=0.00, real=0.02 secs] 
2295.341: [GC (Allocation Failure) [PSYoungGen: 417229K->172809K(465920K)] 803954K->559806K(1334272K), 0.0228525 secs] [Times: user=0.03 sys=0.00, real=0.02 secs] 
2296.696: [GC (Allocation Failure) [PSYoungGen: 405769K->96K(465920K)] 792766K->388527K(1334272K), 0.0024758 secs] [Times: user=0.01 sys=0.00, real=0.00 secs] 
2297.471: [GC (Allocation Failure) [PSYoungGen: 233056K->140759K(465920K)] 621487K->529215K(1334272K), 0.0154552 secs] [Times: user=0.02 sys=0.00, real=0.01 secs] 
2297.752: [GC (Allocation Failure) [PSYoungGen: 373719K->186068K(465920K)] 762175K->575906K(1334272K), 0.0201026 secs] [Times: user=0.03 sys=0.00, real=0.02 secs] 
2298.181: [GC (Allocation Failure) [PSYoungGen: 415094K->159506K(465920K)] 804931K->549488K(1334272K), 0.0227855 secs] [Times: user=0.04 sys=0.00, real=0.02 secs] 
2300.076: [GC (Allocation Failure) [PSYoungGen: 392466K->96K(465920K)] 782448K->391519K(1334272K), 0.0036792 secs] [Times: user=0.01 sys=0.00, real=0.01 secs] 
2301.033: [GC (Allocation Failure) [PSYoungGen: 233056K->147668K(465920K)] 624479K->539116K(1334272K), 0.0162804 secs] [Times: user=0.03 sys=0.00, real=0.01 secs] 
2301.313: [GC (Allocation Failure) [PSYoungGen: 380628K->184430K(465920K)] 772076K->577131K(1334272K), 0.0202827 secs] [Times: user=0.02 sys=0.00, real=0.02 secs] 
2302.349: [GC (Allocation Failure) [PSYoungGen: 417390K->158285K(465920K)] 810091K->551259K(1334272K), 0.0424879 secs] [Times: user=0.06 sys=0.00, real=0.05 secs] 
2304.482: [GC (Allocation Failure) [PSYoungGen: 391245K->96K(465920K)] 784219K->394500K(1334272K), 0.0032000 secs] [Times: user=0.01 sys=0.00, real=0.00 secs] 
2305.103: [GC (Allocation Failure) [PSYoungGen: 233056K->157339K(465920K)] 627460K->551783K(1334272K), 0.0172648 secs] [Times: user=0.02 sys=0.00, real=0.02 secs] 
2305.386: [GC (Allocation Failure) [PSYoungGen: 390299K->184301K(465920K)] 784743K->579999K(1334272K), 0.0205624 secs] [Times: user=0.03 sys=0.00, real=0.02 secs] 
2305.871: [GC (Allocation Failure) [PSYoungGen: 417261K->148774K(465920K)] 812959K->544753K(1334272K), 0.0179575 secs] [Times: user=0.03 sys=0.00, real=0.01 secs] 
2306.752: [GC (Allocation Failure) [PSYoungGen: 381734K->96K(465920K)] 777713K->397511K(1334272K), 0.0022177 secs] [Times: user=0.01 sys=0.00, real=0.00 secs] 
2307.116: [GC (Allocation Failure) [PSYoungGen: 233056K->166689K(465920K)] 630471K->564120K(1334272K), 0.0180838 secs] [Times: user=0.02 sys=0.00, real=0.02 secs] 
2307.399: [GC (Allocation Failure) [PSYoungGen: 399649K->184430K(465920K)] 797080K->583243K(1334272K), 0.0200934 secs] [Times: user=0.03 sys=0.00, real=0.02 secs] 
2308.272: [GC (Allocation Failure) [PSYoungGen: 414174K->139231K(465920K)] 812987K->538325K(1334272K), 0.0190459 secs] [Times: user=0.03 sys=0.00, real=0.02 secs] 
2309.735: [GC (Allocation Failure) [PSYoungGen: 372191K->96K(465920K)] 771285K->400495K(1334272K), 0.0023256 secs] [Times: user=0.01 sys=0.00, real=0.00 secs] 
2310.175: [GC (Allocation Failure) [PSYoungGen: 233056K->173404K(465920K)] 633455K->573820K(1334272K), 0.0187772 secs] [Times: user=0.02 sys=0.00, real=0.02 secs] 
2310.510: [GC (Allocation Failure) [PSYoungGen: 406364K->184719K(465920K)] 806780K->586517K(1334272K), 0.0206070 secs] [Times: user=0.02 sys=0.00, real=0.02 secs] 
2311.942: [GC (Allocation Failure) [PSYoungGen: 417679K->140499K(465920K)] 819477K->542570K(1334272K), 0.0382192 secs] [Times: user=0.06 sys=0.00, real=0.04 secs] 
2313.026: [GC (Allocation Failure) [PSYoungGen: 373459K->96K(465920K)] 775530K->403468K(1334272K), 0.0020726 secs] [Times: user=0.00 sys=0.00, real=0.00 secs] 
2313.346: [GC (Allocation Failure) [PSYoungGen: 233056K->183204K(465920K)] 636428K->586585K(1334272K), 0.0199262 secs] [Times: user=0.03 sys=0.00, real=0.02 secs] 
2313.688: [GC (Allocation Failure) [PSYoungGen: 416164K->184430K(465920K)] 819545K->589064K(1334272K), 0.0202704 secs] [Times: user=0.03 sys=0.00, real=0.02 secs] 
2314.606: [GC (Allocation Failure) [PSYoungGen: 417390K->130972K(465920K)] 822024K->535895K(1334272K), 0.0161896 secs] [Times: user=0.03 sys=0.00, real=0.02 secs] 
2315.270: [GC (Allocation Failure) [PSYoungGen: 363932K->116203K(465920K)] 768855K->521444K(1334272K), 0.0110682 secs] [Times: user=0.02 sys=0.00, real=0.01 secs] 
2315.507: [GC (Allocation Failure) [PSYoungGen: 349163K->184173K(465920K)] 754404K->623564K(1334272K), 0.0242940 secs] [Times: user=0.04 sys=0.00, real=0.03 secs] 
2315.760: [GC (Allocation Failure) [PSYoungGen: 417133K->184558K(465920K)] 856524K->624102K(1334272K), 0.0210792 secs] [Times: user=0.03 sys=0.00, real=0.02 secs] 
2317.477: [GC (Allocation Failure) [PSYoungGen: 417518K->30165K(465920K)] 857062K->469974K(1334272K), 0.0089137 secs] [Times: user=0.03 sys=0.00, real=0.01 secs] 
2318.932: [GC (Allocation Failure) [PSYoungGen: 263125K->105673K(465920K)] 702934K->545803K(1334272K), 0.0120464 secs] [Times: user=0.02 sys=0.00, real=0.01 secs] 
2319.208: [GC (Allocation Failure) [PSYoungGen: 338633K->184141K(465920K)] 778763K->625525K(1334272K), 0.0201857 secs] [Times: user=0.03 sys=0.00, real=0.02 secs] 
2319.498: [GC (Allocation Failure) [PSYoungGen: 417101K->184590K(465920K)] 858485K->626248K(1334272K), 0.0202603 secs] [Times: user=0.02 sys=0.00, real=0.02 secs] 
2320.532: [GC (Allocation Failure) [PSYoungGen: 417550K->7962K(465920K)] 859208K->449885K(1334272K), 0.0030588 secs] [Times: user=0.01 sys=0.00, real=0.00 secs] 
2321.063: [GC (Allocation Failure) [PSYoungGen: 240922K->128421K(465920K)] 682845K->570659K(1334272K), 0.0144592 secs] [Times: user=0.02 sys=0.00, real=0.01 secs] 
2321.343: [GC (Allocation Failure) [PSYoungGen: 361381K->184976K(465920K)] 803619K->628468K(1334272K), 0.0202335 secs] [Times: user=0.03 sys=0.00, real=0.02 secs] 
2321.836: [GC (Allocation Failure) [PSYoungGen: 417936K->172937K(465920K)] 861428K->616830K(1334272K), 0.0225110 secs] [Times: user=0.03 sys=0.00, real=0.02 secs] 
2323.973: [GC (Allocation Failure) [PSYoungGen: 405897K->128K(465920K)] 849790K->445322K(1334272K), 0.0033896 secs] [Times: user=0.01 sys=0.00, real=0.00 secs] 
2324.705: [GC (Allocation Failure) [PSYoungGen: 233088K->150813K(465920K)] 678282K->596048K(1334272K), 0.0165856 secs] [Times: user=0.02 sys=0.00, real=0.02 secs] 
2324.987: [GC (Allocation Failure) [PSYoungGen: 383773K->184301K(465920K)] 829008K->630806K(1334272K), 0.0201508 secs] [Times: user=0.02 sys=0.00, real=0.02 secs] 
2325.417: [GC (Allocation Failure) [PSYoungGen: 417261K->155313K(465920K)] 863766K->602090K(1334272K), 0.0182506 secs] [Times: user=0.03 sys=0.00, real=0.02 secs] 
2326.521: [GC (Allocation Failure) [PSYoungGen: 388273K->96K(465920K)] 835050K->448311K(1334272K), 0.0020313 secs] [Times: user=0.01 sys=0.00, real=0.00 secs] 
2326.896: [GC (Allocation Failure) [PSYoungGen: 233056K->175364K(465920K)] 681271K->623612K(1334272K), 0.0190735 secs] [Times: user=0.02 sys=0.00, real=0.02 secs] 
2327.239: [GC (Allocation Failure) [PSYoungGen: 408324K->186132K(465920K)] 856572K->635634K(1334272K), 0.0203854 secs] [Times: user=0.03 sys=0.00, real=0.02 secs] 
2328.133: [GC (Allocation Failure) [PSYoungGen: 419092K->137189K(465920K)] 868594K->587092K(1334272K), 0.0225227 secs] [Times: user=0.04 sys=0.00, real=0.02 secs] 
2330.848: [GC (Allocation Failure) [PSYoungGen: 370149K->16156K(465920K)] 820052K->466244K(1334272K), 0.0049237 secs] [Times: user=0.01 sys=0.00, real=0.01 secs] 
2331.169: [GC (Allocation Failure) [PSYoungGen: 249116K->184205K(465920K)] 699204K->635546K(1334272K), 0.0201367 secs] [Times: user=0.02 sys=0.00, real=0.03 secs] 
2331.461: [GC (Allocation Failure) [PSYoungGen: 417165K->186036K(465920K)] 868506K->637651K(1334272K), 0.0202886 secs] [Times: user=0.02 sys=0.00, real=0.02 secs] 
2333.339: [GC (Allocation Failure) [PSYoungGen: 418996K->112384K(465920K)] 870611K->564264K(1334272K), 0.0190095 secs] [Times: user=0.04 sys=0.00, real=0.02 secs] 
2334.879: [GC (Allocation Failure) [PSYoungGen: 345344K->40383K(465920K)] 797224K->492576K(1334272K), 0.0074429 secs] [Times: user=0.02 sys=0.00, real=0.01 secs] 
2335.263: [GC (Allocation Failure) [PSYoungGen: 273343K->184847K(465920K)] 725536K->638302K(1334272K), 0.0203456 secs] [Times: user=0.03 sys=0.00, real=0.02 secs] 
2335.601: [GC (Allocation Failure) [PSYoungGen: 417807K->184076K(465920K)] 871262K->637941K(1334272K), 0.0203122 secs] [Times: user=0.03 sys=0.00, real=0.02 secs] 
2336.869: [GC (Allocation Failure) [PSYoungGen: 417036K->73156K(465920K)] 870901K->527165K(1334272K), 0.0217364 secs] [Times: user=0.04 sys=0.00, real=0.03 secs] 
2338.737: [GC (Allocation Failure) [PSYoungGen: 306116K->62842K(465920K)] 760125K->517157K(1334272K), 0.0096373 secs] [Times: user=0.01 sys=0.00, real=0.01 secs] 
2339.039: [GC (Allocation Failure) [PSYoungGen: 295802K->184944K(465920K)] 750117K->640512K(1334272K), 0.0201996 secs] [Times: user=0.03 sys=0.00, real=0.02 secs] 
2339.323: [GC (Allocation Failure) [PSYoungGen: 417904K->184141K(465920K)] 873472K->639990K(1334272K), 0.0202309 secs] [Times: user=0.03 sys=0.00, real=0.02 secs] 
2340.290: [GC (Allocation Failure) [PSYoungGen: 417101K->50407K(465920K)] 872950K->506530K(1334272K), 0.0083930 secs] [Times: user=0.02 sys=0.00, real=0.00 secs] 
2341.474: [GC (Allocation Failure) [PSYoungGen: 283367K->85877K(465920K)] 739490K->542310K(1334272K), 0.0101007 secs] [Times: user=0.01 sys=0.00, real=0.01 secs] 
2341.750: [GC (Allocation Failure) [PSYoungGen: 318837K->184558K(465920K)] 775270K->642244K(1334272K), 0.0203309 secs] [Times: user=0.03 sys=0.00, real=0.02 secs] 
2342.115: [GC (Allocation Failure) [PSYoungGen: 417518K->184044K(465920K)] 875204K->642011K(1334272K), 0.0202398 secs] [Times: user=0.03 sys=0.00, real=0.02 secs] 
2344.007: [GC (Allocation Failure) [PSYoungGen: 417004K->27915K(465920K)] 874971K->486148K(1334272K), 0.0063423 secs] [Times: user=0.02 sys=0.00, real=0.01 secs] 
2344.648: [GC (Allocation Failure) [PSYoungGen: 260875K->109657K(465920K)] 719108K->568213K(1334272K), 0.0125072 secs] [Times: user=0.02 sys=0.00, real=0.02 secs] 
2344.927: [GC (Allocation Failure) [PSYoungGen: 342617K->186132K(465920K)] 801173K->646071K(1334272K), 0.0202851 secs] [Times: user=0.02 sys=0.00, real=0.02 secs] 
2345.216: [GC (Allocation Failure) [PSYoungGen: 419092K->185233K(465920K)] 879031K->645324K(1334272K), 0.0200961 secs] [Times: user=0.03 sys=0.00, real=0.02 secs] 
2347.668: [GC (Allocation Failure) [PSYoungGen: 418193K->1408K(465920K)] 878284K->461643K(1334272K), 0.0041005 secs] [Times: user=0.02 sys=0.01, real=0.01 secs] 
2348.515: [GC (Allocation Failure) [PSYoungGen: 234368K->136133K(465920K)] 694603K->596561K(1334272K), 0.0151162 secs] [Times: user=0.02 sys=0.00, real=0.02 secs] 
2348.797: [GC (Allocation Failure) [PSYoungGen: 369093K->186132K(465920K)] 829521K->647815K(1334272K), 0.0203284 secs] [Times: user=0.02 sys=0.00, real=0.02 secs] 
2350.045: [GC (Allocation Failure) [PSYoungGen: 419092K->164085K(465920K)] 880775K->626169K(1334272K), 0.0468690 secs] [Times: user=0.07 sys=0.00, real=0.05 secs] 
2351.391: [GC (Allocation Failure) [PSYoungGen: 397045K->96K(465920K)] 859129K->463492K(1334272K), 0.0023883 secs] [Times: user=0.01 sys=0.00, real=0.00 secs] 
2352.099: [GC (Allocation Failure) [PSYoungGen: 232936K->160681K(465920K)] 696333K->624101K(1334272K), 0.0178627 secs] [Times: user=0.02 sys=0.00, real=0.02 secs] 
2352.380: [GC (Allocation Failure) [PSYoungGen: 393641K->184333K(465920K)] 857061K->649008K(1334272K), 0.0203012 secs] [Times: user=0.03 sys=0.00, real=0.02 secs] 
2352.892: [GC (Allocation Failure) [PSYoungGen: 417293K->145416K(465920K)] 881968K->610372K(1334272K), 0.0259102 secs] [Times: user=0.04 sys=0.01, real=0.02 secs] 
2353.974: [GC (Allocation Failure) [PSYoungGen: 378376K->160K(465920K)] 843332K->466563K(1334272K), 0.0025470 secs] [Times: user=0.01 sys=0.00, real=0.00 secs] 
2354.278: [GC (Allocation Failure) [PSYoungGen: 233120K->185550K(465920K)] 699523K->651993K(1334272K), 0.0206491 secs] [Times: user=0.03 sys=0.00, real=0.02 secs] 
2354.566: [GC (Allocation Failure) [PSYoungGen: 418510K->186164K(465920K)] 884953K->653990K(1334272K), 0.0203819 secs] [Times: user=0.03 sys=0.00, real=0.02 secs] 
2356.072: [GC (Allocation Failure) [PSYoungGen: 419124K->127036K(465920K)] 886950K->595134K(1334272K), 0.0259937 secs] [Times: user=0.05 sys=0.00, real=0.02 secs] 
2357.294: [GC (Allocation Failure) [PSYoungGen: 359996K->26856K(465920K)] 828094K->495155K(1334272K), 0.0050218 secs] [Times: user=0.02 sys=0.00, real=0.00 secs] 
2357.570: [GC (Allocation Failure) [PSYoungGen: 259816K->185747K(465920K)] 728115K->655429K(1334272K), 0.0204523 secs] [Times: user=0.03 sys=0.00, real=0.02 secs] 
2357.865: [GC (Allocation Failure) [PSYoungGen: 418707K->185875K(465920K)] 888389K->655710K(1334272K), 0.0205824 secs] [Times: user=0.03 sys=0.00, real=0.02 secs] 
2359.259: [GC (Allocation Failure) [PSYoungGen: 418835K->83984K(465920K)] 888670K->554091K(1334272K), 0.0125331 secs] [Times: user=0.03 sys=0.00, real=0.02 secs] 
2360.974: [GC (Allocation Failure) [PSYoungGen: 316944K->52432K(465920K)] 787051K->522845K(1334272K), 0.0081477 secs] [Times: user=0.02 sys=0.00, real=0.01 secs] 
2361.333: [GC (Allocation Failure) [PSYoungGen: 285392K->185715K(465920K)] 755805K->657510K(1334272K), 0.0204874 secs] [Times: user=0.03 sys=0.00, real=0.02 secs] 
2361.617: [GC (Allocation Failure) [PSYoungGen: 418675K->184462K(465920K)] 890470K->656409K(1334272K), 0.0203542 secs] [Times: user=0.02 sys=0.00, real=0.02 secs] 
2363.121: [GC (Allocation Failure) [PSYoungGen: 417422K->59789K(465920K)] 889369K->532002K(1334272K), 0.0113876 secs] [Times: user=0.02 sys=0.00, real=0.01 secs] 
2365.148: [GC (Allocation Failure) [PSYoungGen: 292749K->77044K(465920K)] 764962K->549566K(1334272K), 0.0107298 secs] [Times: user=0.01 sys=0.00, real=0.01 secs] 
2365.435: [GC (Allocation Failure) [PSYoungGen: 310004K->186229K(465920K)] 782526K->660013K(1334272K), 0.0204778 secs] [Times: user=0.02 sys=0.00, real=0.02 secs] 
2365.723: [GC (Allocation Failure) [PSYoungGen: 419189K->184590K(465920K)] 892973K->658655K(1334272K), 0.0205579 secs] [Times: user=0.03 sys=0.00, real=0.02 secs] 
2366.566: [GC (Allocation Failure) [PSYoungGen: 417550K->34631K(465920K)] 891615K->508961K(1334272K), 0.0056525 secs] [Times: user=0.01 sys=0.00, real=0.01 secs] 
2367.202: [GC (Allocation Failure) [PSYoungGen: 267591K->102331K(465920K)] 741921K->576983K(1334272K), 0.0117679 secs] [Times: user=0.02 sys=0.00, real=0.01 secs] 
2367.536: [GC (Allocation Failure) [PSYoungGen: 335291K->186293K(465920K)] 809943K->662198K(1334272K), 0.0204299 secs] [Times: user=0.03 sys=0.00, real=0.02 secs] 
2367.823: [GC (Allocation Failure) [PSYoungGen: 419253K->186036K(465920K)] 895158K->662222K(1334272K), 0.0202166 secs] [Times: user=0.03 sys=0.00, real=0.02 secs] 
2370.695: [GC (Allocation Failure) [PSYoungGen: 418996K->7834K(465920K)] 895182K->484422K(1334272K), 0.0061725 secs] [Times: user=0.02 sys=0.00, real=0.01 secs] 
2371.581: [GC (Allocation Failure) [PSYoungGen: 240794K->128293K(465920K)] 717382K->605070K(1334272K), 0.0142946 secs] [Times: user=0.02 sys=0.00, real=0.01 secs] 
2371.860: [GC (Allocation Failure) [PSYoungGen: 361253K->184333K(465920K)] 838030K->662356K(1334272K), 0.0203304 secs] [Times: user=0.03 sys=0.00, real=0.02 secs] 
2372.348: [GC (Allocation Failure) [PSYoungGen: 417293K->173740K(465920K)] 895316K->652044K(1334272K), 0.0209606 secs] [Times: user=0.03 sys=0.00, real=0.02 secs] 
2375.507: [GC (Allocation Failure) [PSYoungGen: 406700K->160K(465920K)] 885004K->479911K(1334272K), 0.0038843 secs] [Times: user=0.02 sys=0.00, real=0.01 secs] 
2376.108: [GC (Allocation Failure) [PSYoungGen: 233087K->152584K(465920K)] 712838K->632367K(1334272K), 0.0171459 secs] [Times: user=0.02 sys=0.00, real=0.02 secs] 
2376.391: [GC (Allocation Failure) [PSYoungGen: 385544K->186132K(465920K)] 865327K->667170K(1334272K), 0.0205761 secs] [Times: user=0.03 sys=0.00, real=0.02 secs] 
2377.443: [GC (Allocation Failure) [PSYoungGen: 419092K->151778K(465920K)] 900130K->633088K(1334272K), 0.0213355 secs] [Times: user=0.03 sys=0.00, real=0.02 secs] 
2379.200: [GC (Allocation Failure) [PSYoungGen: 384738K->96K(465920K)] 866048K->482852K(1334272K), 0.0024871 secs] [Times: user=0.01 sys=0.00, real=0.00 secs] 
2379.539: [GC (Allocation Failure) [PSYoungGen: 233056K->177292K(465920K)] 715812K->660072K(1334272K), 0.0194510 secs] [Times: user=0.03 sys=0.00, real=0.02 secs] 
2379.825: [GC (Allocation Failure) [PSYoungGen: 410252K->186389K(465920K)] 893032K->670423K(1334272K), 0.0208428 secs] [Times: user=0.03 sys=0.00, real=0.02 secs] 
2381.727: [GC (Allocation Failure) [PSYoungGen: 419349K->134972K(465920K)] 903383K->619271K(1334272K), 0.0307587 secs] [Times: user=0.05 sys=0.00, real=0.03 secs] 
2383.637: [GC (Allocation Failure) [PSYoungGen: 367932K->18405K(465920K)] 852231K->503014K(1334272K), 0.0041310 secs] [Times: user=0.01 sys=0.00, real=0.01 secs] 
2383.912: [GC (Allocation Failure) [PSYoungGen: 251365K->185747K(465920K)] 735974K->671609K(1334272K), 0.0205445 secs] [Times: user=0.03 sys=0.00, real=0.02 secs] 
2384.210: [GC (Allocation Failure) [PSYoungGen: 418707K->184430K(465920K)] 904569K->670573K(1334272K), 0.0203102 secs] [Times: user=0.02 sys=0.00, real=0.02 secs] 
2386.009: [GC (Allocation Failure) [PSYoungGen: 417390K->110328K(465920K)] 903533K->596736K(1334272K), 0.0307309 secs] [Times: user=0.06 sys=0.01, real=0.04 secs] 
2388.700: [GC (Allocation Failure) [PSYoungGen: 343288K->43532K(465920K)] 829696K->530262K(1334272K), 0.0078539 secs] [Times: user=0.02 sys=0.00, real=0.00 secs] 
2389.002: [GC (Allocation Failure) [PSYoungGen: 276492K->185907K(465920K)] 763222K->673891K(1334272K), 0.0202421 secs] [Times: user=0.03 sys=0.00, real=0.02 secs] 
2389.343: [GC (Allocation Failure) [PSYoungGen: 418867K->185843K(465920K)] 906851K->674108K(1334272K), 0.0204226 secs] [Times: user=0.02 sys=0.00, real=0.02 secs] 
2392.077: [GC (Allocation Failure) [PSYoungGen: 418803K->67083K(465920K)] 907068K->555613K(1334272K), 0.0144480 secs] [Times: user=0.02 sys=0.00, real=0.02 secs] 
2393.394: [GC (Allocation Failure) [PSYoungGen: 300043K->68687K(465920K)] 788573K->557530K(1334272K), 0.0104946 secs] [Times: user=0.02 sys=0.00, real=0.01 secs] 
2393.701: [GC (Allocation Failure) [PSYoungGen: 301647K->186389K(465920K)] 790490K->676623K(1334272K), 0.0205738 secs] [Times: user=0.02 sys=0.00, real=0.02 secs] 
2393.987: [GC (Allocation Failure) [PSYoungGen: 419349K->185940K(465920K)] 909583K->676454K(1334272K), 0.0203293 secs] [Times: user=0.02 sys=0.00, real=0.02 secs] 
2395.778: [GC (Allocation Failure) [PSYoungGen: 418900K->41410K(465920K)] 909414K->532061K(1334272K), 0.0087675 secs] [Times: user=0.02 sys=0.00, real=0.01 secs] 
2396.985: [GC (Allocation Failure) [PSYoungGen: 274361K->94491K(465920K)] 765012K->585458K(1334272K), 0.0111230 secs] [Times: user=0.01 sys=0.00, real=0.01 secs] 
2397.260: [GC (Allocation Failure) [PSYoungGen: 327451K->184044K(465920K)] 818418K->676257K(1334272K), 0.0201346 secs] [Times: user=0.03 sys=0.00, real=0.02 secs] 
2397.544: [GC (Allocation Failure) [PSYoungGen: 417004K->184398K(465920K)] 909217K->677020K(1334272K), 0.0201764 secs] [Times: user=0.03 sys=0.00, real=0.02 secs] 
2400.038: [GC (Allocation Failure) [PSYoungGen: 417358K->19433K(465920K)] 909980K->512192K(1334272K), 0.0052726 secs] [Times: user=0.02 sys=0.00, real=0.01 secs] 
2401.246: [GC (Allocation Failure) [PSYoungGen: 252393K->116755K(465920K)] 745152K->609824K(1334272K), 0.0135199 secs] [Times: user=0.02 sys=0.00, real=0.01 secs] 
2401.580: [GC (Allocation Failure) [PSYoungGen: 349715K->184173K(465920K)] 842784K->678495K(1334272K), 0.0204027 secs] [Times: user=0.03 sys=0.00, real=0.02 secs] 
2401.926: [GC (Allocation Failure) [PSYoungGen: 417133K->181340K(465920K)] 911455K->675935K(1334272K), 0.0200618 secs] [Times: user=0.03 sys=0.00, real=0.02 secs] 
2404.157: [GC (Allocation Failure) [PSYoungGen: 414300K->192K(465920K)] 908895K->496217K(1334272K), 0.0027510 secs] [Times: user=0.02 sys=0.00, real=0.01 secs] 
2405.282: [GC (Allocation Failure) [PSYoungGen: 233152K->136290K(465920K)] 729177K->632371K(1334272K), 0.0152959 secs] [Times: user=0.02 sys=0.00, real=0.01 secs] 
2405.619: [GC (Allocation Failure) [PSYoungGen: 369250K->184590K(465920K)] 865331K->681925K(1334272K), 0.0204759 secs] [Times: user=0.03 sys=0.00, real=0.03 secs] 
2406.266: [GC (Allocation Failure) [PSYoungGen: 417550K->165515K(465920K)] 914885K->663131K(1334272K), 0.0336508 secs] [Times: user=0.04 sys=0.00, real=0.03 secs] 
2409.008: [GC (Allocation Failure) [PSYoungGen: 398475K->96K(465920K)] 896091K->499145K(1334272K), 0.0027633 secs] [Times: user=0.01 sys=0.00, real=0.01 secs] 
2409.545: [GC (Allocation Failure) [PSYoungGen: 233056K->158592K(465920K)] 732105K->657658K(1334272K), 0.0175607 secs] [Times: user=0.02 sys=0.00, real=0.02 secs] 
2409.888: [GC (Allocation Failure) [PSYoungGen: 391552K->184173K(465920K)] 890618K->684492K(1334272K), 0.0203674 secs] [Times: user=0.02 sys=0.00, real=0.02 secs] 
2410.705: [GC (Allocation Failure) [PSYoungGen: 417133K->147601K(465920K)] 917452K->648202K(1334272K), 0.0205974 secs] [Times: user=0.03 sys=0.00, real=0.02 secs] 
2413.727: [GC (Allocation Failure) [PSYoungGen: 380561K->160K(465920K)] 881162K->502208K(1334272K), 0.0054814 secs] [Times: user=0.03 sys=0.00, real=0.01 secs] 
2414.216: [GC (Allocation Failure) [PSYoungGen: 233120K->180280K(465920K)] 735168K->682361K(1334272K), 0.0197351 secs] [Times: user=0.03 sys=0.00, real=0.02 secs] 
2414.559: [GC (Allocation Failure) [PSYoungGen: 413240K->184430K(465920K)] 915321K->687756K(1334272K), 0.0206463 secs] [Times: user=0.03 sys=0.00, real=0.02 secs] 
2415.860: [GC (Allocation Failure) [PSYoungGen: 417390K->133976K(465920K)] 920716K->637567K(1334272K), 0.0417094 secs] [Times: user=0.06 sys=0.00, real=0.04 secs] 
2417.906: [GC (Allocation Failure) [PSYoungGen: 366936K->18598K(465920K)] 870527K->522511K(1334272K), 0.0044943 secs] [Times: user=0.02 sys=0.00, real=0.01 secs] 
2418.197: [GC (Allocation Failure) [PSYoungGen: 251558K->186357K(465920K)] 755471K->691652K(1334272K), 0.0206395 secs] [Times: user=0.02 sys=0.00, real=0.02 secs] 
2418.484: [GC (Allocation Failure) [PSYoungGen: 419317K->186132K(465920K)] 924612K->691580K(1334272K), 0.0205982 secs] [Times: user=0.03 sys=0.00, real=0.02 secs] 
2419.616: [GC (Allocation Failure) [PSYoungGen: 419092K->107725K(465920K)] 924540K->613438K(1334272K), 0.0160864 secs] [Times: user=0.03 sys=0.01, real=0.02 secs] 
2421.363: [GC (Allocation Failure) [PSYoungGen: 340644K->45363K(465920K)] 846357K->551399K(1334272K), 0.0078145 secs] [Times: user=0.02 sys=0.00, real=0.01 secs] 
2421.738: [GC (Allocation Failure) [PSYoungGen: 278323K->184719K(465920K)] 784359K->692008K(1334272K), 0.0205882 secs] [Times: user=0.02 sys=0.00, real=0.02 secs] 
2422.084: [GC (Allocation Failure) [PSYoungGen: 417679K->186486K(465920K)] 924968K->694057K(1334272K), 0.0206993 secs] [Times: user=0.03 sys=0.00, real=0.02 secs] 
2423.527: [GC (Allocation Failure) [PSYoungGen: 419446K->65846K(465920K)] 927017K->573690K(1334272K), 0.0138830 secs] [Times: user=0.03 sys=0.00, real=0.02 secs] 
2424.268: [GC (Allocation Failure) [PSYoungGen: 298806K->71582K(465920K)] 806650K->579744K(1334272K), 0.0088236 secs] [Times: user=0.01 sys=0.00, real=0.01 secs] 
2424.604: [GC (Allocation Failure) [PSYoungGen: 304542K->185843K(465920K)] 812704K->695259K(1334272K), 0.0205086 secs] [Times: user=0.03 sys=0.00, real=0.02 secs] 
2424.892: [GC (Allocation Failure) [PSYoungGen: 418803K->185779K(465920K)] 928219K->695605K(1334272K), 0.0203911 secs] [Times: user=0.03 sys=0.00, real=0.02 secs] 
2426.446: [GC (Allocation Failure) [PSYoungGen: 418739K->39097K(465920K)] 928565K->549059K(1334272K), 0.0078919 secs] [Times: user=0.02 sys=0.00, real=0.01 secs] 
2427.553: [GC (Allocation Failure) [PSYoungGen: 272057K->97187K(465920K)] 782019K->607472K(1334272K), 0.0113911 secs] [Times: user=0.02 sys=0.00, real=0.01 secs] 
2427.830: [GC (Allocation Failure) [PSYoungGen: 330147K->186036K(465920K)] 840432K->697703K(1334272K), 0.0206431 secs] [Times: user=0.03 sys=0.00, real=0.02 secs] 
2428.123: [GC (Allocation Failure) [PSYoungGen: 418996K->185875K(465920K)] 930663K->697824K(1334272K), 0.0206289 secs] [Times: user=0.02 sys=0.00, real=0.02 secs] 
2429.537: [GC (Allocation Failure) [PSYoungGen: 418835K->13424K(465920K)] 930784K->525517K(1334272K), 0.0038712 secs] [Times: user=0.01 sys=0.00, real=0.01 secs] 
2430.485: [GC (Allocation Failure) [PSYoungGen: 246384K->122509K(465920K)] 758477K->634924K(1334272K), 0.0139672 secs] [Times: user=0.02 sys=0.00, real=0.01 secs] 
2430.762: [GC (Allocation Failure) [PSYoungGen: 355469K->184205K(465920K)] 867884K->697873K(1334272K), 0.0206982 secs] [Times: user=0.03 sys=0.00, real=0.02 secs] 
2431.300: [GC (Allocation Failure) [PSYoungGen: 417165K->176580K(465920K)] 930833K->690522K(1334272K), 0.0226636 secs] [Times: user=0.03 sys=0.00, real=0.02 secs] 
2433.796: [GC (Allocation Failure) [PSYoungGen: 409540K->128K(465920K)] 923482K->515505K(1334272K), 0.0030447 secs] [Times: user=0.01 sys=0.00, real=0.00 secs] 
2434.592: [GC (Allocation Failure) [PSYoungGen: 233046K->144455K(465920K)] 748423K->659856K(1334272K), 0.0161214 secs] [Times: user=0.02 sys=0.00, real=0.01 secs] 
2434.872: [GC (Allocation Failure) [PSYoungGen: 377415K->184333K(465920K)] 892816K->700988K(1334272K), 0.0203392 secs] [Times: user=0.03 sys=0.00, real=0.02 secs] 
2435.424: [GC (Allocation Failure) [PSYoungGen: 417293K->161610K(465920K)] 933948K->678530K(1334272K), 0.0198385 secs] [Times: user=0.03 sys=0.00, real=0.02 secs] 
2437.576: [GC (Allocation Failure) [PSYoungGen: 394570K->64K(465920K)] 911490K->518433K(1334272K), 0.0030736 secs] [Times: user=0.01 sys=0.00, real=0.00 secs] 
2438.119: [GC (Allocation Failure) [PSYoungGen: 233024K->166079K(465920K)] 751393K->684464K(1334272K), 0.0183207 secs] [Times: user=0.03 sys=0.00, real=0.02 secs] 
2438.402: [GC (Allocation Failure) [PSYoungGen: 399039K->184333K(465920K)] 917424K->704101K(1334272K), 0.0201237 secs] [Times: user=0.02 sys=0.00, real=0.02 secs] 
2439.274: [GC (Allocation Failure) [PSYoungGen: 415539K->140034K(465920K)] 935307K->659947K(1334272K), 0.0175570 secs] [Times: user=0.03 sys=0.00, real=0.02 secs] 
2440.425: [GC (Allocation Failure) [PSYoungGen: 372994K->1794K(465920K)] 892907K->522029K(1334272K), 0.0022217 secs] [Times: user=0.01 sys=0.00, real=0.00 secs] 
2440.794: [GC (Allocation Failure) [PSYoungGen: 234754K->184847K(465920K)] 754989K->706337K(1334272K), 0.0209869 secs] [Times: user=0.03 sys=0.00, real=0.02 secs] 
2441.081: [GC (Allocation Failure) [PSYoungGen: 417807K->184687K(465920K)] 939297K->706449K(1334272K), 0.0203362 secs] [Times: user=0.03 sys=0.00, real=0.02 secs] 
2441.648: [GC (Allocation Failure) [PSYoungGen: 417647K->127534K(465920K)] 939409K->649570K(1334272K), 0.0167999 secs] [Times: user=0.03 sys=0.00, real=0.02 secs] 
2443.301: [GC (Allocation Failure) [PSYoungGen: 360494K->25056K(465920K)] 882530K->547408K(1334272K), 0.0052543 secs] [Times: user=0.01 sys=0.00, real=0.00 secs] 
2443.682: [GC (Allocation Failure) [PSYoungGen: 258016K->186325K(465920K)] 780368K->709930K(1334272K), 0.0203869 secs] [Times: user=0.03 sys=0.00, real=0.02 secs] 
2444.026: [GC (Allocation Failure) [PSYoungGen: 419285K->186068K(465920K)] 942890K->709978K(1334272K), 0.0204056 secs] [Times: user=0.02 sys=0.00, real=0.02 secs] 
2445.432: [GC (Allocation Failure) [PSYoungGen: 419028K->85012K(465920K)] 942938K->609315K(1334272K), 0.0169994 secs] [Times: user=0.03 sys=0.00, real=0.01 secs] 
2447.578: [GC (Allocation Failure) [PSYoungGen: 317972K->51532K(465920K)] 842275K->576021K(1334272K), 0.0081173 secs] [Times: user=0.01 sys=0.00, real=0.01 secs] 
2447.866: [GC (Allocation Failure) [PSYoungGen: 284492K->186004K(465920K)] 808981K->711746K(1334272K), 0.0206153 secs] [Times: user=0.02 sys=0.00, real=0.02 secs] 
2448.153: [GC (Allocation Failure) [PSYoungGen: 418964K->185875K(465920K)] 944706K->711899K(1334272K), 0.0204696 secs] [Times: user=0.02 sys=0.00, real=0.02 secs] 
2449.503: [GC (Allocation Failure) [PSYoungGen: 418835K->59002K(465920K)] 944859K->585299K(1334272K), 0.0102628 secs] [Times: user=0.02 sys=0.00, real=0.01 secs] 
2450.936: [GC (Allocation Failure) [PSYoungGen: 291962K->77266K(465920K)] 818259K->603878K(1334272K), 0.0097806 secs] [Times: user=0.02 sys=0.00, real=0.01 secs] 
2451.214: [GC (Allocation Failure) [PSYoungGen: 310226K->185875K(465920K)] 836838K->713741K(1334272K), 0.0205117 secs] [Times: user=0.02 sys=0.00, real=0.02 secs] 
2451.498: [GC (Allocation Failure) [PSYoungGen: 418835K->184398K(465920K)] 946701K->712544K(1334272K), 0.0204315 secs] [Times: user=0.03 sys=0.00, real=0.02 secs] 
2452.844: [GC (Allocation Failure) [PSYoungGen: 417358K->34888K(465920K)] 945504K->563300K(1334272K), 0.0064841 secs] [Times: user=0.01 sys=0.00, real=0.01 secs] 
2454.125: [GC (Allocation Failure) [PSYoungGen: 267848K->100692K(465920K)] 796260K->629420K(1334272K), 0.0117688 secs] [Times: user=0.02 sys=0.00, real=0.01 secs] 
2454.458: [GC (Allocation Failure) [PSYoungGen: 333652K->184076K(465920K)] 862380K->714194K(1334272K), 0.0203249 secs] [Times: user=0.03 sys=0.00, real=0.02 secs] 
2454.742: [GC (Allocation Failure) [PSYoungGen: 417036K->184044K(465920K)] 947154K->714315K(1334272K), 0.0202916 secs] [Times: user=0.02 sys=0.00, real=0.02 secs] 
2456.903: [GC (Allocation Failure) [PSYoungGen: 417004K->13601K(465920K)] 947275K->544145K(1334272K), 0.0052925 secs] [Times: user=0.02 sys=0.00, real=0.00 secs] 
2457.732: [GC (Allocation Failure) [PSYoungGen: 246561K->121738K(465920K)] 777105K->652581K(1334272K), 0.0138119 secs] [Times: user=0.02 sys=0.00, real=0.01 secs] 
2458.011: [GC (Allocation Failure) [PSYoungGen: 354698K->184976K(465920K)] 885541K->717073K(1334272K), 0.0203470 secs] [Times: user=0.02 sys=0.00, real=0.02 secs] 
2458.450: [GC (Allocation Failure) [PSYoungGen: 417936K->176548K(465920K)] 950033K->708918K(1334272K), 0.0230877 secs] [Times: user=0.03 sys=0.00, real=0.02 secs] 
2460.369: [GC (Allocation Failure) [PSYoungGen: 409508K->128K(465920K)] 941878K->533945K(1334272K), 0.0035050 secs] [Times: user=0.01 sys=0.00, real=0.01 secs] 
2461.262: [GC (Allocation Failure) [PSYoungGen: 233001K->144101K(465920K)] 766819K->677935K(1334272K), 0.0160855 secs] [Times: user=0.02 sys=0.00, real=0.01 secs] 
2461.541: [GC (Allocation Failure) [PSYoungGen: 377061K->184333K(465920K)] 910895K->719420K(1334272K), 0.0202751 secs] [Times: user=0.02 sys=0.00, real=0.02 secs] 
2462.442: [GC (Allocation Failure) [PSYoungGen: 417293K->162012K(465920K)] 952380K->697364K(1334272K), 0.0456076 secs] [Times: user=0.07 sys=0.01, real=0.04 secs] 
2465.775: [GC (Allocation Failure) [PSYoungGen: 394972K->96K(465920K)] 930324K->536900K(1334272K), 0.0033654 secs] [Times: user=0.02 sys=0.00, real=0.00 secs] 
2466.360: [GC (Allocation Failure) [PSYoungGen: 233056K->165661K(465920K)] 769860K->702497K(1334272K), 0.0185103 secs] [Times: user=0.03 sys=0.00, real=0.01 secs] 
2466.644: [GC (Allocation Failure) [PSYoungGen: 398621K->184333K(465920K)] 935457K->722423K(1334272K), 0.0202752 secs] [Times: user=0.02 sys=0.00, real=0.02 secs] 
2467.423: [GC (Allocation Failure) [PSYoungGen: 415619K->140420K(465920K)] 953709K->678775K(1334272K), 0.0286844 secs] [Times: user=0.04 sys=0.00, real=0.03 secs] 
2469.271: [GC (Allocation Failure) [PSYoungGen: 373380K->1537K(465920K)] 911735K->540201K(1334272K), 0.0023784 secs] [Times: user=0.01 sys=0.00, real=0.00 secs] 
2469.564: [GC (Allocation Failure) [PSYoungGen: 234497K->184847K(465920K)] 773161K->724757K(1334272K), 0.0203994 secs] [Times: user=0.03 sys=0.00, real=0.02 secs] 
2469.921: [GC (Allocation Failure) [PSYoungGen: 417807K->184687K(465920K)] 957717K->725006K(1334272K), 0.0202785 secs] [Times: user=0.02 sys=0.00, real=0.02 secs] 
2470.880: [GC (Allocation Failure) [PSYoungGen: 417647K->127775K(465920K)] 957966K->668239K(1334272K), 0.0193651 secs] [Times: user=0.03 sys=0.00, real=0.02 secs] 
2472.738: [GC (Allocation Failure) [PSYoungGen: 360735K->24700K(465920K)] 901199K->565480K(1334272K), 0.0050517 secs] [Times: user=0.01 sys=0.00, real=0.01 secs] 
2473.022: [GC (Allocation Failure) [PSYoungGen: 257660K->184205K(465920K)] 798440K->726238K(1334272K), 0.0203550 secs] [Times: user=0.03 sys=0.00, real=0.02 secs] 
2473.309: [GC (Allocation Failure) [PSYoungGen: 417165K->184430K(465920K)] 959198K->726744K(1334272K), 0.0204495 secs] [Times: user=0.02 sys=0.00, real=0.02 secs] 
2474.678: [GC (Allocation Failure) [PSYoungGen: 417390K->105573K(465920K)] 959704K->648152K(1334272K), 0.0131974 secs] [Times: user=0.03 sys=0.00, real=0.02 secs] 
2476.581: [GC (Allocation Failure) [PSYoungGen: 338533K->46006K(465920K)] 881112K->588891K(1334272K), 0.0062306 secs] [Times: user=0.01 sys=0.00, real=0.00 secs] 
2476.853: [GC (Allocation Failure) [PSYoungGen: 278966K->186550K(465920K)] 821851K->730689K(1334272K), 0.0204658 secs] [Times: user=0.03 sys=0.00, real=0.02 secs] 
2477.143: [GC (Allocation Failure) [PSYoungGen: 419510K->186068K(465920K)] 963649K->730617K(1334272K), 0.0204821 secs] [Times: user=0.02 sys=0.00, real=0.02 secs] 
2478.813: [GC (Allocation Failure) [PSYoungGen: 419028K->63789K(465920K)] 963577K->608603K(1334272K), 0.0204915 secs] [Times: user=0.03 sys=0.00, real=0.02 secs] 
2480.514: [GC (Allocation Failure) [PSYoungGen: 296749K->72867K(465920K)] 841563K->617868K(1334272K), 0.0103845 secs] [Times: user=0.02 sys=0.00, real=0.01 secs] 
2480.799: [GC (Allocation Failure) [PSYoungGen: 305827K->185875K(465920K)] 850828K->732258K(1334272K), 0.0206547 secs] [Times: user=0.03 sys=0.00, real=0.03 secs] 
2481.087: [GC (Allocation Failure) [PSYoungGen: 418835K->185908K(465920K)] 965218K->732443K(1334272K), 0.0206546 secs] [Times: user=0.03 sys=0.00, real=0.02 secs] 
2482.817: [GC (Allocation Failure) [PSYoungGen: 418868K->37683K(465920K)] 965403K->584612K(1334272K), 0.0070930 secs] [Times: user=0.01 sys=0.00, real=0.01 secs] 
2483.668: [GC (Allocation Failure) [PSYoungGen: 270643K->99150K(465920K)] 817572K->646272K(1334272K), 0.0115831 secs] [Times: user=0.02 sys=0.00, real=0.02 secs] 
2483.945: [GC (Allocation Failure) [PSYoungGen: 332110K->186004K(465920K)] 879232K->734516K(1334272K), 0.0206379 secs] [Times: user=0.03 sys=0.00, real=0.02 secs] 
2484.233: [GC (Allocation Failure) [PSYoungGen: 418964K->186004K(465920K)] 967476K->734669K(1334272K), 0.0205801 secs] [Times: user=0.03 sys=0.00, real=0.02 secs] 
2486.916: [GC (Allocation Failure) [PSYoungGen: 418964K->11304K(465920K)] 967629K->560362K(1334272K), 0.0052932 secs] [Times: user=0.02 sys=0.00, real=0.01 secs] 
2487.873: [GC (Allocation Failure) [PSYoungGen: 244264K->125626K(465920K)] 793322K->674877K(1334272K), 0.0143359 secs] [Times: user=0.02 sys=0.00, real=0.01 secs] 
2488.153: [GC (Allocation Failure) [PSYoungGen: 358586K->184462K(465920K)] 907837K->734967K(1334272K), 0.0203391 secs] [Times: user=0.02 sys=0.01, real=0.02 secs] 
2488.744: [GC (Allocation Failure) [PSYoungGen: 417422K->173207K(465920K)] 967927K->723985K(1334272K), 0.0228625 secs] [Times: user=0.03 sys=0.00, real=0.02 secs] 
2491.783: [GC (Allocation Failure) [PSYoungGen: 406167K->64K(465920K)] 956945K->552285K(1334272K), 0.0035027 secs] [Times: user=0.02 sys=0.00, real=0.00 secs] 
2492.366: [GC (Allocation Failure) [PSYoungGen: 233024K->148439K(465920K)] 785245K->700677K(1334272K), 0.0165328 secs] [Times: user=0.03 sys=0.00, real=0.02 secs] 
2492.650: [GC (Allocation Failure) [PSYoungGen: 381399K->186261K(465920K)] 933637K->739744K(1334272K), 0.0204185 secs] [Times: user=0.03 sys=0.00, real=0.02 secs] 
2493.213: [GC (Allocation Failure) [PSYoungGen: 419221K->155730K(465920K)] 972704K->709495K(1334272K), 0.0193706 secs] [Times: user=0.03 sys=0.00, real=0.02 secs] 
2495.245: [GC (Allocation Failure) [PSYoungGen: 388690K->160K(465920K)] 942455K->555364K(1334272K), 0.0035246 secs] [Times: user=0.02 sys=0.00, real=0.00 secs] 
2495.919: [GC (Allocation Failure) [PSYoungGen: 233120K->173951K(465920K)] 788324K->729179K(1334272K), 0.0191687 secs] [Times: user=0.02 sys=0.00, real=0.02 secs] 
2496.204: [GC (Allocation Failure) [PSYoungGen: 406911K->186261K(465920K)] 962139K->742743K(1334272K), 0.0206811 secs] [Times: user=0.03 sys=0.00, real=0.02 secs] 
2497.376: [GC (Allocation Failure) [PSYoungGen: 419221K->138443K(465920K)] 975703K->695198K(1334272K), 0.0364903 secs] [Times: user=0.06 sys=0.00, real=0.04 secs] 
2500.414: [GC (Allocation Failure) [PSYoungGen: 371403K->15546K(465920K)] 928158K->572608K(1334272K), 0.0057936 secs] [Times: user=0.01 sys=0.00, real=0.01 secs] 
2500.801: [GC (Allocation Failure) [PSYoungGen: 248506K->185875K(465920K)] 805568K->744192K(1334272K), 0.0205739 secs] [Times: user=0.03 sys=0.00, real=0.02 secs] 
2501.145: [GC (Allocation Failure) [PSYoungGen: 418835K->184365K(465920K)] 977152K->742962K(1334272K), 0.0207328 secs] [Times: user=0.02 sys=0.00, real=0.02 secs] 
2502.383: [GC (Allocation Failure) [PSYoungGen: 417325K->113155K(465920K)] 975922K->672018K(1334272K), 0.0244810 secs] [Times: user=0.05 sys=0.00, real=0.02 secs] 
2504.202: [GC (Allocation Failure) [PSYoungGen: 346115K->39483K(465920K)] 904978K->598661K(1334272K), 0.0077207 secs] [Times: user=0.02 sys=0.00, real=0.01 secs] 
2504.511: [GC (Allocation Failure) [PSYoungGen: 272443K->186293K(465920K)] 831621K->746853K(1334272K), 0.0204720 secs] [Times: user=0.03 sys=0.00, real=0.02 secs] 
2504.803: [GC (Allocation Failure) [PSYoungGen: 419253K->185940K(465920K)] 979813K->746781K(1334272K), 0.0204485 secs] [Times: user=0.03 sys=0.00, real=0.02 secs] 
2505.528: [GC (Allocation Failure) [PSYoungGen: 418900K->70730K(465920K)] 979741K->631715K(1334272K), 0.0097315 secs] [Times: user=0.01 sys=0.00, real=0.01 secs] 
2506.466: [GC (Allocation Failure) [PSYoungGen: 303690K->66184K(465920K)] 864675K->627485K(1334272K), 0.0108691 secs] [Times: user=0.02 sys=0.00, real=0.01 secs] 
2506.790: [GC (Allocation Failure) [PSYoungGen: 299144K->184590K(465920K)] 860445K->747145K(1334272K), 0.0203512 secs] [Times: user=0.03 sys=0.00, real=0.02 secs] 
2507.143: [GC (Allocation Failure) [PSYoungGen: 417550K->186389K(465920K)] 980105K->749226K(1334272K), 0.0205951 secs] [Times: user=0.03 sys=0.00, real=0.02 secs] 
2508.516: [GC (Allocation Failure) [PSYoungGen: 419349K->45282K(465920K)] 982186K->608391K(1334272K), 0.0096524 secs] [Times: user=0.02 sys=0.00, real=0.01 secs] 
2510.118: [GC (Allocation Failure) [PSYoungGen: 278242K->88994K(465920K)] 841351K->652426K(1334272K), 0.0106104 secs] [Times: user=0.02 sys=0.00, real=0.01 secs] 
2510.392: [GC (Allocation Failure) [PSYoungGen: 321954K->184365K(465920K)] 885386K->749052K(1334272K), 0.0201771 secs] [Times: user=0.03 sys=0.00, real=0.02 secs] 
2510.677: [GC (Allocation Failure) [PSYoungGen: 417325K->184462K(465920K)] 982012K->749558K(1334272K), 0.0205479 secs] [Times: user=0.03 sys=0.00, real=0.02 secs] 
2512.580: [GC (Allocation Failure) [PSYoungGen: 417422K->24750K(465920K)] 982518K->590111K(1334272K), 0.0071080 secs] [Times: user=0.02 sys=0.00, real=0.00 secs] 
2513.629: [GC (Allocation Failure) [PSYoungGen: 257710K->111231K(465920K)] 823071K->676787K(1334272K), 0.0127995 secs] [Times: user=0.02 sys=0.00, real=0.02 secs] 
2513.906: [GC (Allocation Failure) [PSYoungGen: 344191K->184205K(465920K)] 909747K->751151K(1334272K), 0.0202242 secs] [Times: user=0.03 sys=0.00, real=0.02 secs] 
2514.190: [GC (Allocation Failure) [PSYoungGen: 417165K->184622K(465920K)] 984111K->751721K(1334272K), 0.0202969 secs] [Times: user=0.03 sys=0.00, real=0.02 secs] 
2515.935: [GC (Allocation Failure) [PSYoungGen: 417582K->2484K(465920K)] 984681K->569976K(1334272K), 0.0029272 secs] [Times: user=0.01 sys=0.00, real=0.00 secs] 
2516.776: [GC (Allocation Failure) [PSYoungGen: 235444K->133077K(465920K)] 802936K->700751K(1334272K), 0.0151308 secs] [Times: user=0.02 sys=0.00, real=0.02 secs] 
2517.110: [GC (Allocation Failure) [PSYoungGen: 366037K->184365K(465920K)] 933711K->753293K(1334272K), 0.0204284 secs] [Times: user=0.02 sys=0.00, real=0.02 secs] 
2517.576: [GC (Allocation Failure) [PSYoungGen: 417325K->166873K(465920K)] 986253K->736202K(1334272K), 0.0244824 secs] [Times: user=0.03 sys=0.00, real=0.03 secs] 
2519.296: [GC (Allocation Failure) [PSYoungGen: 399833K->160K(465920K)] 969162K->570806K(1334272K), 0.0028786 secs] [Times: user=0.01 sys=0.00, real=0.00 secs] 
2519.915: [GC (Allocation Failure) [PSYoungGen: 233120K->155055K(465920K)] 803766K->725725K(1334272K), 0.0171937 secs] [Times: user=0.02 sys=0.00, real=0.02 secs] 
2520.263: [GC (Allocation Failure) [PSYoungGen: 388015K->184205K(465920K)] 958685K->756121K(1334272K), 0.0204246 secs] [Times: user=0.03 sys=0.00, real=0.02 secs] 
2521.024: [GC (Allocation Failure) [PSYoungGen: 417165K->151232K(465920K)] 989081K->723550K(1334272K), 0.0280821 secs] [Times: user=0.05 sys=0.00, real=0.03 secs] 
2522.591: [GC (Allocation Failure) [PSYoungGen: 384192K->96K(465920K)] 956510K->573722K(1334272K), 0.0031526 secs] [Times: user=0.02 sys=0.00, real=0.00 secs] 
2522.958: [GC (Allocation Failure) [PSYoungGen: 233056K->177292K(465920K)] 806682K->750943K(1334272K), 0.0198446 secs] [Times: user=0.02 sys=0.00, real=0.02 secs] 
2523.241: [GC (Allocation Failure) [PSYoungGen: 410252K->183819K(465920K)] 983903K->758723K(1334272K), 0.0203043 secs] [Times: user=0.03 sys=0.00, real=0.02 secs] 
2524.459: [GC (Allocation Failure) [PSYoungGen: 416779K->137575K(465920K)] 991683K->712744K(1334272K), 0.0245770 secs] [Times: user=0.04 sys=0.00, real=0.03 secs] 
2527.573: [GC (Allocation Failure) [PSYoungGen: 370535K->14325K(465920K)] 945704K->589784K(1334272K), 0.0071048 secs] [Times: user=0.02 sys=0.00, real=0.01 secs] 
2527.926: [GC (Allocation Failure) [PSYoungGen: 247285K->184333K(465920K)] 822744K->761046K(1334272K), 0.0203397 secs] [Times: user=0.03 sys=0.00, real=0.02 secs] 
2528.212: [GC (Allocation Failure) [PSYoungGen: 417293K->184365K(465920K)] 994006K->761351K(1334272K), 0.0203662 secs] [Times: user=0.03 sys=0.00, real=0.02 secs] 
2529.348: [GC (Allocation Failure) [PSYoungGen: 417325K->115822K(465920K)] 994311K->693073K(1334272K), 0.0152169 secs] [Times: user=0.03 sys=0.00, real=0.02 secs] 
2532.136: [GC (Allocation Failure) [PSYoungGen: 348782K->36107K(465920K)] 926033K->613675K(1334272K), 0.0080265 secs] [Times: user=0.02 sys=0.00, real=0.01 secs] 
2532.462: [GC (Allocation Failure) [PSYoungGen: 269067K->183819K(465920K)] 846635K->762641K(1334272K), 0.0202326 secs] [Times: user=0.03 sys=0.00, real=0.02 secs] 
2532.747: [GC (Allocation Failure) [PSYoungGen: 416779K->184365K(465920K)] 995601K->763468K(1334272K), 0.0203967 secs] [Times: user=0.03 sys=0.00, real=0.02 secs] 
2533.504: [GC (Allocation Failure) [PSYoungGen: 417325K->78200K(465920K)] 996428K->657576K(1334272K), 0.0105301 secs] [Times: user=0.01 sys=0.00, real=0.01 secs] 
2534.659: [GC (Allocation Failure) [PSYoungGen: 311160K->58245K(465920K)] 890536K->637937K(1334272K), 0.0087427 secs] [Times: user=0.02 sys=0.00, real=0.01 secs] 
2534.938: [GC (Allocation Failure) [PSYoungGen: 291205K->184205K(465920K)] 870897K->765279K(1334272K), 0.0204143 secs] [Times: user=0.02 sys=0.00, real=0.02 secs] 
2535.276: [GC (Allocation Failure) [PSYoungGen: 417165K->184173K(465920K)] 998239K->765399K(1334272K), 0.0203113 secs] [Times: user=0.02 sys=0.00, real=0.02 secs] 
2537.961: [GC (Allocation Failure) [PSYoungGen: 417133K->55789K(465920K)] 998359K->637409K(1334272K), 0.0195298 secs] [Times: user=0.04 sys=0.00, real=0.02 secs] 
2539.608: [GC (Allocation Failure) [PSYoungGen: 288749K->80062K(465920K)] 870369K->661861K(1334272K), 0.0114148 secs] [Times: user=0.02 sys=0.00, real=0.02 secs] 
2539.959: [GC (Allocation Failure) [PSYoungGen: 313022K->184205K(465920K)] 894821K->767258K(1334272K), 0.0206121 secs] [Times: user=0.03 sys=0.00, real=0.02 secs] 
2540.245: [GC (Allocation Failure) [PSYoungGen: 417165K->184430K(465920K)] 1000218K->767892K(1334272K), 0.0202713 secs] [Times: user=0.02 sys=0.00, real=0.02 secs] 
2541.064: [GC (Allocation Failure) [PSYoungGen: 417390K->33667K(465920K)] 1000852K->617274K(1334272K), 0.0061674 secs] [Times: user=0.01 sys=0.00, real=0.01 secs] 
2541.830: [GC (Allocation Failure) [PSYoungGen: 266627K->102845K(465920K)] 850234K->686766K(1334272K), 0.0119808 secs] [Times: user=0.01 sys=0.00, real=0.01 secs] 
2542.107: [GC (Allocation Failure) [PSYoungGen: 335805K->184462K(465920K)] 919726K->769628K(1334272K), 0.0202907 secs] [Times: user=0.03 sys=0.00, real=0.02 secs] 
2542.391: [GC (Allocation Failure) [PSYoungGen: 417422K->184558K(465920K)] 1002588K->770006K(1334272K), 0.0203302 secs] [Times: user=0.03 sys=0.00, real=0.02 secs] 
2544.229: [GC (Allocation Failure) [PSYoungGen: 417518K->10565K(465920K)] 1002966K->596285K(1334272K), 0.0041698 secs] [Times: user=0.01 sys=0.00, real=0.00 secs] 
2545.537: [GC (Allocation Failure) [PSYoungGen: 243525K->125594K(465920K)] 829245K->711630K(1334272K), 0.0143471 secs] [Times: user=0.02 sys=0.00, real=0.02 secs] 
2545.815: [GC (Allocation Failure) [PSYoungGen: 358554K->184622K(465920K)] 944590K->771912K(1334272K), 0.0204622 secs] [Times: user=0.02 sys=0.00, real=0.02 secs] 
2546.286: [GC (Allocation Failure) [PSYoungGen: 417582K->173046K(465920K)] 1004872K->760738K(1334272K), 0.0236793 secs] [Times: user=0.03 sys=0.00, real=0.03 secs] 
2548.673: [GC (Allocation Failure) [PSYoungGen: 406006K->128K(465920K)] 993698K->589138K(1334272K), 0.0055364 secs] [Times: user=0.02 sys=0.00, real=0.00 secs] 
2549.543: [GC (Allocation Failure) [PSYoungGen: 233043K->147860K(465920K)] 822054K->736887K(1334272K), 0.0167073 secs] [Times: user=0.02 sys=0.00, real=0.02 secs] 
2549.824: [GC (Allocation Failure) [PSYoungGen: 380820K->184333K(465920K)] 969847K->774614K(1334272K), 0.0207606 secs] [Times: user=0.03 sys=0.00, real=0.02 secs] 
2550.650: [GC (Allocation Failure) [PSYoungGen: 417293K->158301K(465920K)] 1007574K->748846K(1334272K), 0.0296325 secs] [Times: user=0.04 sys=0.00, real=0.02 secs] 
2551.850: [GC (Allocation Failure) [PSYoungGen: 391261K->96K(465920K)] 981806K->592085K(1334272K), 0.0026394 secs] [Times: user=0.01 sys=0.00, real=0.00 secs] 
2552.190: [GC (Allocation Failure) [PSYoungGen: 233056K->170320K(465920K)] 825045K->762333K(1334272K), 0.0190630 secs] [Times: user=0.03 sys=0.00, real=0.01 secs] 
2552.480: [GC (Allocation Failure) [PSYoungGen: 403280K->184462K(465920K)] 995293K->777729K(1334272K), 0.0203799 secs] [Times: user=0.03 sys=0.00, real=0.02 secs] 
2552.943: [GC (Allocation Failure) [PSYoungGen: 409961K->135633K(465920K)] 1003228K->729173K(1334272K), 0.0160623 secs] [Times: user=0.02 sys=0.00, real=0.01 secs] 
2553.926: [GC (Allocation Failure) [PSYoungGen: 368593K->1826K(465920K)] 962133K->595675K(1334272K), 0.0033712 secs] [Times: user=0.02 sys=0.00, real=0.01 secs] 
2554.258: [GC (Allocation Failure) [PSYoungGen: 234786K->184879K(465920K)] 828635K->779991K(1334272K), 0.0204832 secs] [Times: user=0.03 sys=0.00, real=0.02 secs] 
2554.543: [GC (Allocation Failure) [PSYoungGen: 417839K->184655K(465920K)] 1012951K->780176K(1334272K), 0.0204525 secs] [Times: user=0.02 sys=0.00, real=0.02 secs] 
2555.087: [GC (Allocation Failure) [PSYoungGen: 417615K->127518K(465920K)] 1013136K->723184K(1334272K), 0.0156594 secs] [Times: user=0.03 sys=0.00, real=0.02 secs] 
2556.054: [GC (Allocation Failure) [PSYoungGen: 360478K->25538K(465920K)] 956144K->621512K(1334272K), 0.0043856 secs] [Times: user=0.02 sys=0.00, real=0.00 secs] 
2556.330: [GC (Allocation Failure) [PSYoungGen: 258498K->186389K(465920K)] 854472K->783737K(1334272K), 0.0225264 secs] [Times: user=0.03 sys=0.00, real=0.02 secs] 
2556.675: [GC (Allocation Failure) [PSYoungGen: 419349K->184815K(465920K)] 1016697K->782315K(1334272K), 0.0205525 secs] [Times: user=0.03 sys=0.00, real=0.02 secs] 
2557.680: [GC (Allocation Failure) [PSYoungGen: 417775K->102022K(465920K)] 1015275K->699796K(1334272K), 0.0183019 secs] [Times: user=0.03 sys=0.00, real=0.01 secs] 
2558.506: [GC (Allocation Failure) [PSYoungGen: 334982K->50790K(465920K)] 932756K->648885K(1334272K), 0.0068394 secs] [Times: user=0.01 sys=0.00, real=0.01 secs] 
2558.780: [GC (Allocation Failure) [PSYoungGen: 283750K->186261K(465920K)] 881845K->785738K(1334272K), 0.0205778 secs] [Times: user=0.03 sys=0.00, real=0.02 secs] 
2559.125: [GC (Allocation Failure) [PSYoungGen: 419221K->184879K(465920K)] 1018698K->784509K(1334272K), 0.0204928 secs] [Times: user=0.03 sys=0.00, real=0.02 secs] 
2560.067: [GC (Allocation Failure) [PSYoungGen: 417839K->60560K(465920K)] 1017469K->660592K(1334272K), 0.0095750 secs] [Times: user=0.02 sys=0.00, real=0.01 secs] 
2561.387: [GC (Allocation Failure) [PSYoungGen: 293428K->75181K(465920K)] 893459K->675399K(1334272K), 0.0098656 secs] [Times: user=0.02 sys=0.00, real=0.01 secs] 
2561.664: [GC (Allocation Failure) [PSYoungGen: 308141K->186389K(465920K)] 908359K->787853K(1334272K), 0.0210713 secs] [Times: user=0.02 sys=0.00, real=0.02 secs] 
2562.003: [GC (Allocation Failure) [PSYoungGen: 419349K->184751K(465920K)] 1020813K->786496K(1334272K), 0.0204738 secs] [Times: user=0.02 sys=0.00, real=0.02 secs] 
2563.083: [GC (Allocation Failure) [PSYoungGen: 417711K->36044K(465920K)] 1019456K->638062K(1334272K), 0.0107038 secs] [Times: user=0.03 sys=0.00, real=0.01 secs] 
2564.223: [GC (Allocation Failure) [PSYoungGen: 269004K->100047K(465920K)] 871022K->702372K(1334272K), 0.0117584 secs] [Times: user=0.02 sys=0.00, real=0.01 secs] 
2564.499: [GC (Allocation Failure) [PSYoungGen: 333007K->184847K(465920K)] 935332K->788427K(1334272K), 0.0203914 secs] [Times: user=0.03 sys=0.00, real=0.03 secs] 
2564.785: [GC (Allocation Failure) [PSYoungGen: 417807K->184205K(465920K)] 1021387K->788065K(1334272K), 0.0203361 secs] [Times: user=0.03 sys=0.00, real=0.02 secs] 
2567.597: [GC (Allocation Failure) [PSYoungGen: 417165K->13424K(465920K)] 1021025K->617550K(1334272K), 0.0074880 secs] [Times: user=0.02 sys=0.00, real=0.01 secs] 
2568.916: [GC (Allocation Failure) [PSYoungGen: 246384K->122124K(465920K)] 850510K->726565K(1334272K), 0.0139494 secs] [Times: user=0.02 sys=0.00, real=0.02 secs] 
2569.195: [GC (Allocation Failure) [PSYoungGen: 355084K->184751K(465920K)] 959525K->790446K(1334272K), 0.0204621 secs] [Times: user=0.02 sys=0.00, real=0.02 secs] 
2569.766: [GC (Allocation Failure) [PSYoungGen: 417711K->177476K(465920K)] 1023406K->783565K(1334272K), 0.0284029 secs] [Times: user=0.04 sys=0.00, real=0.03 secs] 
2573.860: [GC (Allocation Failure) [PSYoungGen: 410436K->128K(465920K)] 1016525K->607526K(1334272K), 0.0037068 secs] [Times: user=0.01 sys=0.00, real=0.00 secs] 
2574.926: [GC (Allocation Failure) [PSYoungGen: 233088K->143458K(465920K)] 840486K->750889K(1334272K), 0.0161498 secs] [Times: user=0.02 sys=0.00, real=0.02 secs] 
2575.206: [GC (Allocation Failure) [PSYoungGen: 376418K->184590K(465920K)] 983849K->793274K(1334272K), 0.0206394 secs] [Times: user=0.03 sys=0.00, real=0.02 secs] 
2575.870: [GC (Allocation Failure) [PSYoungGen: 417550K->162397K(465920K)] 1026234K->771354K(1334272K), 0.0234295 secs] [Times: user=0.03 sys=0.00, real=0.02 secs] 
2576.940: [GC (Allocation Failure) [PSYoungGen: 395357K->96K(465920K)] 1004314K->610496K(1334272K), 0.0024705 secs] [Times: user=0.01 sys=0.00, real=0.00 secs] 
2577.317: [GC (Allocation Failure) [PSYoungGen: 233056K->165693K(465920K)] 843456K->776126K(1334272K), 0.0185743 secs] [Times: user=0.03 sys=0.00, real=0.02 secs] 
2577.600: [GC (Allocation Failure) [PSYoungGen: 398653K->184333K(465920K)] 1009086K->796019K(1334272K), 0.0205588 secs] [Times: user=0.03 sys=0.00, real=0.02 secs] 
2578.804: [GC (Allocation Failure) [PSYoungGen: 415725K->140420K(465920K)] 1027411K->752371K(1334272K), 0.0263722 secs] [Times: user=0.04 sys=0.00, real=0.03 secs] 
2580.099: [GC (Allocation Failure) [PSYoungGen: 373380K->1922K(465920K)] 985331K->614187K(1334272K), 0.0025234 secs] [Times: user=0.01 sys=0.00, real=0.01 secs] 
2580.389: [GC (Allocation Failure) [PSYoungGen: 234882K->184590K(465920K)] 847147K->798237K(1334272K), 0.0204729 secs] [Times: user=0.03 sys=0.00, real=0.02 secs] 
2580.738: [GC (Allocation Failure) [PSYoungGen: 417550K->184687K(465920K)] 1031197K->798486K(1334272K), 0.0205257 secs] [Times: user=0.02 sys=0.00, real=0.02 secs] 
2581.606: [GC (Allocation Failure) [PSYoungGen: 417647K->127615K(465920K)] 1031446K->741687K(1334272K), 0.0184119 secs] [Times: user=0.03 sys=0.00, real=0.02 secs] 
2583.361: [GC (Allocation Failure) [PSYoungGen: 360575K->25024K(465920K)] 974647K->639403K(1334272K), 0.0053846 secs] [Times: user=0.02 sys=0.00, real=0.00 secs] 
2583.644: [GC (Allocation Failure) [PSYoungGen: 257984K->184076K(465920K)] 872363K->799692K(1334272K), 0.0203794 secs] [Times: user=0.03 sys=0.00, real=0.02 secs] 
2583.928: [GC (Allocation Failure) [PSYoungGen: 417036K->183916K(465920K)] 1032652K->799829K(1334272K), 0.0203098 secs] [Times: user=0.03 sys=0.00, real=0.02 secs] 
2585.762: [GC (Allocation Failure) [PSYoungGen: 416876K->105830K(465920K)] 1032789K->722008K(1334272K), 0.0145712 secs] [Times: user=0.03 sys=0.00, real=0.01 secs] 
2586.740: [GC (Allocation Failure) [PSYoungGen: 338790K->46905K(465920K)] 954968K->663405K(1334272K), 0.0065710 secs] [Times: user=0.02 sys=0.00, real=0.00 secs] 
2587.072: [GC (Allocation Failure) [PSYoungGen: 279865K->186550K(465920K)] 896365K->804304K(1334272K), 0.0208349 secs] [Times: user=0.03 sys=0.00, real=0.02 secs] 
2587.363: [GC (Allocation Failure) [PSYoungGen: 419510K->186164K(465920K)] 1037264K->804328K(1334272K), 0.0206621 secs] [Times: user=0.03 sys=0.00, real=0.02 secs] 
2588.295: [GC (Allocation Failure) [PSYoungGen: 419124K->62858K(465920K)] 1037288K->681294K(1334272K), 0.0101712 secs] [Times: user=0.02 sys=0.00, real=0.01 secs] 
2589.213: [GC (Allocation Failure) [PSYoungGen: 295818K->74184K(465920K)] 914254K->692806K(1334272K), 0.0116096 secs] [Times: user=0.02 sys=0.00, real=0.01 secs] 
2589.512: [GC (Allocation Failure) [PSYoungGen: 307144K->185875K(465920K)] 925766K->805879K(1334272K), 0.0205844 secs] [Times: user=0.03 sys=0.00, real=0.02 secs] 
2589.862: [GC (Allocation Failure) [PSYoungGen: 418835K->186004K(465920K)] 1038839K->806160K(1334272K), 0.0204832 secs] [Times: user=0.03 sys=0.00, real=0.02 secs] 
2592.142: [GC (Allocation Failure) [PSYoungGen: 418964K->36430K(465920K)] 1039120K->656987K(1334272K), 0.0084540 secs] [Times: user=0.02 sys=0.00, real=0.01 secs] 
2593.467: [GC (Allocation Failure) [PSYoungGen: 269390K->100818K(465920K)] 889947K->721553K(1334272K), 0.0119681 secs] [Times: user=0.02 sys=0.00, real=0.01 secs] 
2593.744: [GC (Allocation Failure) [PSYoungGen: 333778K->185747K(465920K)] 954513K->807872K(1334272K), 0.0208047 secs] [Times: user=0.03 sys=0.00, real=0.02 secs] 
2594.031: [GC (Allocation Failure) [PSYoungGen: 418707K->185875K(465920K)] 1040832K->808153K(1334272K), 0.0206287 secs] [Times: user=0.03 sys=0.00, real=0.02 secs] 
2595.101: [GC (Allocation Failure) [PSYoungGen: 418835K->10019K(465920K)] 1041113K->632569K(1334272K), 0.0049333 secs] [Times: user=0.02 sys=0.00, real=0.00 secs] 
2595.968: [GC (Allocation Failure) [PSYoungGen: 242979K->125979K(465920K)] 865529K->748837K(1334272K), 0.0143803 secs] [Times: user=0.02 sys=0.00, real=0.02 secs] 
2596.246: [GC (Allocation Failure) [PSYoungGen: 358939K->184462K(465920K)] 981797K->808573K(1334272K), 0.0203891 secs] [Times: user=0.03 sys=0.00, real=0.02 secs] 
2596.877: [GC (Allocation Failure) [PSYoungGen: 417422K->172821K(465920K)] 1041533K->797198K(1334272K), 0.0315985 secs] [Times: user=0.04 sys=0.00, real=0.03 secs] 
2598.771: [GC (Allocation Failure) [PSYoungGen: 405781K->96K(465920K)] 1030158K->625922K(1334272K), 0.0027021 secs] [Times: user=0.01 sys=0.00, real=0.00 secs] 
2599.214: [GC (Allocation Failure) [PSYoungGen: 233056K->147796K(465920K)] 858882K->773647K(1334272K), 0.0184488 secs] [Times: user=0.03 sys=0.00, real=0.02 secs] 
2599.501: [GC (Allocation Failure) [PSYoungGen: 380756K->184365K(465920K)] 1006607K->811469K(1334272K), 0.0203655 secs] [Times: user=0.03 sys=0.00, real=0.02 secs] 
2599.911: [GC (Allocation Failure) [PSYoungGen: 417325K->158301K(465920K)] 1044429K->785806K(1334272K), 0.0187423 secs] [Times: user=0.03 sys=0.00, real=0.02 secs] 
2600.861: [GC (Allocation Failure) [PSYoungGen: 391261K->96K(465920K)] 1018766K->628920K(1334272K), 0.0024802 secs] [Times: user=0.01 sys=0.00, real=0.00 secs] 
2601.221: [GC (Allocation Failure) [PSYoungGen: 233056K->172505K(465920K)] 861880K->801346K(1334272K), 0.0190478 secs] [Times: user=0.02 sys=0.00, real=0.02 secs] 
2601.563: [GC (Allocation Failure) [PSYoungGen: 405465K->184590K(465920K)] 1034306K->814685K(1334272K), 0.0209419 secs] [Times: user=0.03 sys=0.00, real=0.02 secs] 
2603.224: [GC (Allocation Failure) [PSYoungGen: 417550K->141527K(465920K)] 1047645K->771895K(1334272K), 0.0284311 secs] [Times: user=0.05 sys=0.00, real=0.03 secs] 
2605.373: [GC (Allocation Failure) [PSYoungGen: 374456K->11754K(465920K)] 1004824K->642432K(1334272K), 0.0042133 secs] [Times: user=0.02 sys=0.00, real=0.00 secs] 
2605.683: [GC (Allocation Failure) [PSYoungGen: 244714K->185875K(465920K)] 875392K->817814K(1334272K), 0.0204546 secs] [Times: user=0.03 sys=0.00, real=0.02 secs] 
2606.029: [GC (Allocation Failure) [PSYoungGen: 418835K->184366K(465920K)] 1050774K->816586K(1334272K), 0.0204997 secs] [Times: user=0.02 sys=0.00, real=0.02 secs] 
2606.668: [GC (Allocation Failure) [PSYoungGen: 417326K->116722K(465920K)] 1049546K->749207K(1334272K), 0.0159183 secs] [Times: user=0.04 sys=0.00, real=0.02 secs] 
2607.557: [GC (Allocation Failure) [PSYoungGen: 349682K->36881K(465920K)] 982167K->669682K(1334272K), 0.0055728 secs] [Times: user=0.01 sys=0.00, real=0.01 secs] 
2607.829: [GC (Allocation Failure) [PSYoungGen: 269841K->186164K(465920K)] 902642K->820348K(1334272K), 0.0206608 secs] [Times: user=0.03 sys=0.00, real=0.02 secs] 
2608.121: [GC (Allocation Failure) [PSYoungGen: 419124K->185972K(465920K)] 1053308K->820428K(1334272K), 0.0207832 secs] [Times: user=0.03 sys=0.00, real=0.02 secs] 
2609.200: [GC (Allocation Failure) [PSYoungGen: 418932K->73397K(465920K)] 1053388K->708126K(1334272K), 0.0156111 secs] [Times: user=0.03 sys=0.00, real=0.01 secs] 
2609.971: [GC (Allocation Failure) [PSYoungGen: 306357K->63613K(465920K)] 941086K->698536K(1334272K), 0.0080821 secs] [Times: user=0.01 sys=0.00, real=0.00 secs] 
2610.243: [GC (Allocation Failure) [PSYoungGen: 296573K->184205K(465920K)] 931496K->820381K(1334272K), 0.0204939 secs] [Times: user=0.02 sys=0.00, real=0.02 secs] 
2610.529: [GC (Allocation Failure) [PSYoungGen: 417165K->184655K(465920K)] 1053341K->821112K(1334272K), 0.0204161 secs] [Times: user=0.03 sys=0.00, real=0.02 secs] 
2611.384: [GC (Allocation Failure) [PSYoungGen: 417615K->49893K(465920K)] 1054072K->686623K(1334272K), 0.0085474 secs] [Times: user=0.02 sys=0.00, real=0.01 secs] 
2612.097: [GC (Allocation Failure) [PSYoungGen: 282853K->87390K(465920K)] 919583K->724444K(1334272K), 0.0104814 secs] [Times: user=0.02 sys=0.00, real=0.01 secs] 
2612.373: [GC (Allocation Failure) [PSYoungGen: 320350K->186132K(465920K)] 957404K->824568K(1334272K), 0.0205066 secs] [Times: user=0.03 sys=0.00, real=0.02 secs] 
2612.661: [GC (Allocation Failure) [PSYoungGen: 419092K->186036K(465920K)] 1057528K->824753K(1334272K), 0.0206777 secs] [Times: user=0.03 sys=0.00, real=0.02 secs] 
2614.421: [GC (Allocation Failure) [PSYoungGen: 418996K->22903K(465920K)] 1057713K->661765K(1334272K), 0.0056108 secs] [Times: user=0.01 sys=0.00, real=0.00 secs] 
2615.453: [GC (Allocation Failure) [PSYoungGen: 255863K->113384K(465920K)] 894725K->752567K(1334272K), 0.0132167 secs] [Times: user=0.02 sys=0.00, real=0.01 secs] 
2615.733: [GC (Allocation Failure) [PSYoungGen: 346344K->186004K(465920K)] 985527K->826441K(1334272K), 0.0206753 secs] [Times: user=0.03 sys=0.00, real=0.02 secs] 
2616.015: [GC (Allocation Failure) [PSYoungGen: 418964K->181602K(465920K)] 1059401K->822312K(1334272K), 0.0201967 secs] [Times: user=0.02 sys=0.00, real=0.02 secs] 
2618.119: [GC (Allocation Failure) [PSYoungGen: 414562K->1312K(465920K)] 1055272K->642174K(1334272K), 0.0045560 secs] [Times: user=0.02 sys=0.00, real=0.01 secs] 
2618.627: [GC (Allocation Failure) [PSYoungGen: 234272K->134847K(465920K)] 875134K->775897K(1334272K), 0.0155007 secs] [Times: user=0.03 sys=0.00, real=0.02 secs] 
2618.906: [GC (Allocation Failure) [PSYoungGen: 367807K->184333K(465920K)] 1008857K->826621K(1334272K), 0.0203983 secs] [Times: user=0.03 sys=0.00, real=0.02 secs] 
2619.465: [GC (Allocation Failure) [PSYoungGen: 417293K->167154K(465920K)] 1059581K->809843K(1334272K), 0.0225830 secs] [Times: user=0.04 sys=0.00, real=0.02 secs] 
2620.629: [GC (Allocation Failure) [PSYoungGen: 400114K->96K(465920K)] 1042803K->644112K(1334272K), 0.0027915 secs] [Times: user=0.02 sys=0.00, real=0.01 secs] 
2621.035: [GC (Allocation Failure) [PSYoungGen: 233056K->157403K(465920K)] 877072K->801443K(1334272K), 0.0176446 secs] [Times: user=0.03 sys=0.00, real=0.02 secs] 
2621.368: [GC (Allocation Failure) [PSYoungGen: 390363K->184301K(465920K)] 1034403K->829595K(1334272K), 0.0205061 secs] [Times: user=0.03 sys=0.00, real=0.02 secs] 
2623.020: [GC (Allocation Failure) [PSYoungGen: 417261K->148774K(465920K)] 1062555K->794333K(1334272K), 0.0415323 secs] [Times: user=0.06 sys=0.00, real=0.04 secs] 
2624.513: [GC (Allocation Failure) [PSYoungGen: 381734K->160K(465920K)] 1027293K->647170K(1334272K), 0.0028543 secs] [Times: user=0.01 sys=0.00, real=0.00 secs] 
2624.832: [GC (Allocation Failure) [PSYoungGen: 233120K->181597K(465920K)] 880130K->828640K(1334272K), 0.0200284 secs] [Times: user=0.03 sys=0.00, real=0.02 secs] 
2625.122: [GC (Allocation Failure) [PSYoungGen: 414557K->186132K(465920K)] 1061600K->834429K(1334272K), 0.0205892 secs] [Times: user=0.03 sys=0.00, real=0.02 secs] 
2626.288: [GC (Allocation Failure) [PSYoungGen: 419092K->131020K(465920K)] 1067389K->779582K(1334272K), 0.0171999 secs] [Times: user=0.03 sys=0.00, real=0.02 secs] 
2628.433: [GC (Allocation Failure) [PSYoungGen: 363980K->22968K(465920K)] 1012542K->671832K(1334272K), 0.0049080 secs] [Times: user=0.01 sys=0.00, real=0.00 secs] 
2628.715: [GC (Allocation Failure) [PSYoungGen: 255928K->185747K(465920K)] 904792K->835864K(1334272K), 0.0206773 secs] [Times: user=0.03 sys=0.00, real=0.02 secs] 
2629.003: [GC (Allocation Failure) [PSYoungGen: 418707K->184398K(465920K)] 1068824K->834788K(1334272K), 0.0204285 secs] [Times: user=0.03 sys=0.00, real=0.02 secs] 
2632.012: [GC (Allocation Failure) [PSYoungGen: 417358K->105669K(465920K)] 1067748K->756332K(1334272K), 0.0284998 secs] [Times: user=0.06 sys=0.00, real=0.03 secs] 
2633.879: [GC (Allocation Failure) [PSYoungGen: 338629K->47130K(465920K)] 989292K->698095K(1334272K), 0.0080620 secs] [Times: user=0.01 sys=0.00, real=0.00 secs] 
2634.173: [GC (Allocation Failure) [PSYoungGen: 280090K->186261K(465920K)] 931055K->838488K(1334272K), 0.0207681 secs] [Times: user=0.02 sys=0.00, real=0.02 secs] 
2634.514: [GC (Allocation Failure) [PSYoungGen: 419221K->184398K(465920K)] 1071448K->836905K(1334272K), 0.0204319 secs] [Times: user=0.03 sys=0.00, real=0.02 secs] 
2635.282: [GC (Allocation Failure) [PSYoungGen: 417358K->64545K(465920K)] 1069865K->717325K(1334272K), 0.0104901 secs] [Times: user=0.03 sys=0.00, real=0.01 secs] 
2636.049: [GC (Allocation Failure) [PSYoungGen: 297505K->72768K(465920K)] 950285K->725858K(1334272K), 0.0091895 secs] [Times: user=0.01 sys=0.00, real=0.01 secs] 
2636.326: [GC (Allocation Failure) [PSYoungGen: 305728K->186004K(465920K)] 958818K->840348K(1334272K), 0.0206596 secs] [Times: user=0.03 sys=0.00, real=0.02 secs] 
2636.612: [GC (Allocation Failure) [PSYoungGen: 418964K->184590K(465920K)] 1073308K->839216K(1334272K), 0.0204560 secs] [Times: user=0.03 sys=0.00, real=0.02 secs] 
2638.205: [GC (Allocation Failure) [PSYoungGen: 417550K->39097K(465920K)] 1072176K->693987K(1334272K), 0.0084154 secs] [Times: user=0.02 sys=0.01, real=0.01 secs] 
2639.334: [GC (Allocation Failure) [PSYoungGen: 272005K->97415K(465920K)] 926896K->752613K(1334272K), 0.0145280 secs] [Times: user=0.02 sys=0.00, real=0.01 secs] 
2639.632: [GC (Allocation Failure) [PSYoungGen: 330375K->184976K(465920K)] 985573K->841427K(1334272K), 0.0206144 secs] [Times: user=0.03 sys=0.00, real=0.02 secs] 
2639.971: [GC (Allocation Failure) [PSYoungGen: 417936K->184301K(465920K)] 1074387K->841034K(1334272K), 0.0206524 secs] [Times: user=0.02 sys=0.00, real=0.02 secs] 
2640.878: [GC (Allocation Failure) [PSYoungGen: 417261K->15706K(465920K)] 1073994K->672832K(1334272K), 0.0043397 secs] [Times: user=0.01 sys=0.00, real=0.01 secs] 
2641.422: [GC (Allocation Failure) [PSYoungGen: 248666K->120610K(465920K)] 905792K->777918K(1334272K), 0.0138711 secs] [Times: user=0.01 sys=0.00, real=0.01 secs] 
2641.755: [GC (Allocation Failure) [PSYoungGen: 353570K->184976K(465920K)] 1010878K->843537K(1334272K), 0.0207145 secs] [Times: user=0.02 sys=0.00, real=0.02 secs] 
2642.163: [GC (Allocation Failure) [PSYoungGen: 417936K->177721K(465920K)] 1076497K->836556K(1334272K), 0.0225201 secs] [Times: user=0.03 sys=0.00, real=0.02 secs] 
2644.166: [GC (Allocation Failure) [PSYoungGen: 410681K->96K(465920K)] 1069516K->660364K(1334272K), 0.0034682 secs] [Times: user=0.02 sys=0.00, real=0.00 secs] 
2644.965: [GC (Allocation Failure) [PSYoungGen: 233056K->141788K(465920K)] 893324K->802096K(1334272K), 0.0159204 secs] [Times: user=0.03 sys=0.00, real=0.02 secs] 
2645.246: [GC (Allocation Failure) [PSYoungGen: 374748K->184333K(465920K)] 1035056K->845895K(1334272K), 0.0204823 secs] [Times: user=0.03 sys=0.00, real=0.02 secs] 
2645.657: [GC (Allocation Failure) [PSYoungGen: 413880K->160261K(465920K)] 1075442K->822225K(1334272K), 0.0200585 secs] [Times: user=0.03 sys=0.00, real=0.02 secs] 
2646.636: [GC (Allocation Failure) [PSYoungGen: 393221K->96K(465920K)] 1055185K->663377K(1334272K), 0.0024501 secs] [Times: user=0.01 sys=0.01, real=0.00 secs] 
2647.053: [GC (Allocation Failure) [PSYoungGen: 233056K->161709K(465920K)] 896337K->825014K(1334272K), 0.0180794 secs] [Times: user=0.03 sys=0.00, real=0.02 secs] 
2647.396: [GC (Allocation Failure) [PSYoungGen: 394669K->184751K(465920K)] 1057974K->849301K(1334272K), 0.0204477 secs] [Times: user=0.03 sys=0.00, real=0.02 secs] 
2647.860: [GC (Allocation Failure) [PSYoungGen: 417711K->144035K(465920K)] 1082261K->808979K(1334272K), 0.0181815 secs] [Times: user=0.02 sys=0.00, real=0.01 secs] 
2650.089: [GC (Allocation Failure) [PSYoungGen: 376995K->96K(465920K)] 1041939K->665219K(1334272K), 0.0043302 secs] [Times: user=0.02 sys=0.00, real=0.01 secs] 
2650.456: [GC (Allocation Failure) [PSYoungGen: 233056K->185004K(465920K)] 898179K->850159K(1334272K), 0.0224701 secs] [Times: user=0.03 sys=0.00, real=0.02 secs] 
2650.750: [GC (Allocation Failure) [PSYoungGen: 417964K->184205K(465920K)] 1083119K->850606K(1334272K), 0.0202550 secs] [Times: user=0.03 sys=0.00, real=0.02 secs] 
2652.790: [GC (Allocation Failure) [PSYoungGen: 417165K->129446K(465920K)] 1083566K->796112K(1334272K), 0.0281816 secs] [Times: user=0.06 sys=0.00, real=0.02 secs] 
2654.153: [GC (Allocation Failure) [PSYoungGen: 362406K->23061K(465920K)] 1029072K->690051K(1334272K), 0.0062268 secs] [Times: user=0.02 sys=0.00, real=0.00 secs] 
2654.520: [GC (Allocation Failure) [PSYoungGen: 256021K->184237K(465920K)] 923011K->852488K(1334272K), 0.0204223 secs] [Times: user=0.02 sys=0.00, real=0.02 secs] 
2654.806: [GC (Allocation Failure) [PSYoungGen: 417197K->184301K(465920K)] 1085448K->852962K(1334272K), 0.0204709 secs] [Times: user=0.02 sys=0.01, real=0.02 secs] 
2655.596: [GC (Allocation Failure) [PSYoungGen: 417261K->107308K(465920K)] 1085922K->776105K(1334272K), 0.0135999 secs] [Times: user=0.03 sys=0.00, real=0.02 secs] 
2656.683: [GC (Allocation Failure) [PSYoungGen: 340268K->45492K(465920K)] 1009065K->714607K(1334272K), 0.0064859 secs] [Times: user=0.01 sys=0.00, real=0.01 secs] 
2656.955: [GC (Allocation Failure) [PSYoungGen: 278452K->184108K(465920K)] 947567K->854477K(1334272K), 0.0204320 secs] [Times: user=0.03 sys=0.00, real=0.02 secs] 
2657.240: [GC (Allocation Failure) [PSYoungGen: 417068K->184462K(465920K)] 1087437K->855240K(1334272K), 0.0205367 secs] [Times: user=0.02 sys=0.00, real=0.02 secs] 
2659.130: [GC (Allocation Failure) [PSYoungGen: 417422K->68416K(465920K)] 1088200K->739332K(1334272K), 0.0171068 secs] [Times: user=0.04 sys=0.00, real=0.01 secs] 
2660.620: [GC (Allocation Failure) [PSYoungGen: 301376K->67855K(465920K)] 972292K->739082K(1334272K), 0.0086097 secs] [Times: user=0.02 sys=0.00, real=0.00 secs] 
2660.977: [GC (Allocation Failure) [PSYoungGen: 300815K->184976K(465920K)] 972042K->857457K(1334272K), 0.0208058 secs] [Times: user=0.03 sys=0.00, real=0.02 secs] 
2661.261: [GC (Allocation Failure) [PSYoungGen: 417936K->184333K(465920K)] 1090417K->857095K(1334272K), 0.0205116 secs] [Times: user=0.03 sys=0.00, real=0.02 secs] 
2662.091: [GC (Allocation Failure) [PSYoungGen: 417293K->45266K(465920K)] 1090055K->718422K(1334272K), 0.0082001 secs] [Times: user=0.01 sys=0.00, real=0.00 secs] 
2663.219: [GC (Allocation Failure) [PSYoungGen: 278226K->91021K(465920K)] 951382K->764366K(1334272K), 0.0108611 secs] [Times: user=0.01 sys=0.00, real=0.02 secs] 
2663.493: [GC (Allocation Failure) [PSYoungGen: 323981K->184108K(465920K)] 997326K->858707K(1334272K), 0.0206953 secs] [Times: user=0.03 sys=0.00, real=0.02 secs] 
2663.780: [GC (Allocation Failure) [PSYoungGen: 417068K->184108K(465920K)] 1091667K->859004K(1334272K), 0.0205798 secs] [Times: user=0.03 sys=0.00, real=0.02 secs] 
2665.153: [GC (Allocation Failure) [PSYoungGen: 417068K->23257K(465920K)] 1091964K->698425K(1334272K), 0.0054364 secs] [Times: user=0.01 sys=0.00, real=0.00 secs] 
2666.136: [GC (Allocation Failure) [PSYoungGen: 256217K->112356K(465920K)] 931385K->787842K(1334272K), 0.0130808 secs] [Times: user=0.02 sys=0.00, real=0.02 secs] 
2666.472: [GC (Allocation Failure) [PSYoungGen: 345316K->184205K(465920K)] 1020802K->861073K(1334272K), 0.0206794 secs] [Times: user=0.03 sys=0.00, real=0.02 secs] 
2666.762: [GC (Allocation Failure) [PSYoungGen: 417165K->184430K(465920K)] 1094033K->861451K(1334272K), 0.0210710 secs] [Times: user=0.03 sys=0.00, real=0.02 secs] 
2667.873: [GC (Allocation Failure) [PSYoungGen: 417390K->1440K(465920K)] 1094411K->678613K(1334272K), 0.0028735 secs] [Times: user=0.01 sys=0.00, real=0.00 secs] 
2668.443: [GC (Allocation Failure) [PSYoungGen: 234400K->134976K(465920K)] 911573K->812323K(1334272K), 0.0155254 secs] [Times: user=0.02 sys=0.00, real=0.01 secs] 
2668.778: [GC (Allocation Failure) [PSYoungGen: 367936K->184333K(465920K)] 1045283K->862934K(1334272K), 0.0206014 secs] [Times: user=0.03 sys=0.00, real=0.02 secs] 
2669.201: [GC (Allocation Failure) [PSYoungGen: 417293K->166993K(465920K)] 1095894K->845859K(1334272K), 0.0241728 secs] [Times: user=0.03 sys=0.00, real=0.02 secs] 
2670.140: [GC (Allocation Failure) [PSYoungGen: 399953K->96K(465920K)] 1078819K->680399K(1334272K), 0.0027923 secs] [Times: user=0.01 sys=0.00, real=0.00 secs] 
2670.541: [GC (Allocation Failure) [PSYoungGen: 233056K->157596K(465920K)] 913359K->837915K(1334272K), 0.0175962 secs] [Times: user=0.03 sys=0.00, real=0.01 secs] 
2670.881: [GC (Allocation Failure) [PSYoungGen: 390556K->184365K(465920K)] 1070875K->865938K(1334272K), 0.0206347 secs] [Times: user=0.03 sys=0.00, real=0.02 secs] 
2671.344: [GC (Allocation Failure) [PSYoungGen: 417325K->148533K(465920K)] 1098898K->830379K(1334272K), 0.0220023 secs] [Times: user=0.04 sys=0.00, real=0.02 secs] 
2672.320: [GC (Allocation Failure) [PSYoungGen: 381493K->96K(465920K)] 1063339K->683369K(1334272K), 0.0027031 secs] [Times: user=0.01 sys=0.00, real=0.00 secs] 
2672.660: [GC (Allocation Failure) [PSYoungGen: 233056K->180152K(465920K)] 916329K->863457K(1334272K), 0.0199491 secs] [Times: user=0.03 sys=0.00, real=0.02 secs] 
2672.943: [GC (Allocation Failure) [PSYoungGen: 413112K->184076K(465920K)] 1096417K->868635K(1334272K), 0.0205454 secs] [Times: user=0.03 sys=0.00, real=0.02 secs] 
2673.809: [GC (Allocation Failure) [PSYoungGen: 417036K->134458K(465920K)] 1101595K->819291K(1334272K), 0.0363498 secs] [Times: user=0.07 sys=0.00, real=0.04 secs] 
2675.779: [GC (Allocation Failure) [PSYoungGen: 367418K->18116K(465920K)] 1052251K->703256K(1334272K), 0.0048160 secs] [Times: user=0.02 sys=0.00, real=0.00 secs] 
2676.065: [GC (Allocation Failure) [PSYoungGen: 251076K->186389K(465920K)] 936216K->872783K(1334272K), 0.0206238 secs] [Times: user=0.03 sys=0.00, real=0.02 secs] 
2676.350: [GC (Allocation Failure) [PSYoungGen: 419349K->184655K(465920K)] 1105743K->871322K(1334272K), 0.0203320 secs] [Times: user=0.03 sys=0.00, real=0.02 secs] 
2677.081: [GC (Allocation Failure) [PSYoungGen: 417615K->109653K(465920K)] 1104282K->796585K(1334272K), 0.0141149 secs] [Times: user=0.03 sys=0.00, real=0.01 secs] 
2678.060: [GC (Allocation Failure) [PSYoungGen: 342613K->44461K(465920K)] 1029545K->731698K(1334272K), 0.0062765 secs] [Times: user=0.02 sys=0.00, real=0.00 secs] 
2678.334: [GC (Allocation Failure) [PSYoungGen: 277421K->186004K(465920K)] 964658K->874624K(1334272K), 0.0207523 secs] [Times: user=0.03 sys=0.00, real=0.02 secs] 
2678.620: [GC (Allocation Failure) [PSYoungGen: 418964K->185843K(465920K)] 1107584K->874744K(1334272K), 0.0206689 secs] [Times: user=0.03 sys=0.01, real=0.02 secs] 
2680.195: [GC (Allocation Failure) [PSYoungGen: 418803K->66119K(465920K)] 1107704K->755156K(1334272K), 0.0132004 secs] [Times: user=0.02 sys=0.00, real=0.01 secs] 
2681.926: [GC (Allocation Failure) [PSYoungGen: 299079K->69654K(465920K)] 988116K->759007K(1334272K), 0.0104746 secs] [Times: user=0.02 sys=0.00, real=0.01 secs] 
2682.282: [GC (Allocation Failure) [PSYoungGen: 302614K->186389K(465920K)] 991967K->876996K(1334272K), 0.0208363 secs] [Times: user=0.02 sys=0.00, real=0.02 secs] 
2682.627: [GC (Allocation Failure) [PSYoungGen: 419349K->186100K(465920K)] 1109956K->876988K(1334272K), 0.0206077 secs] [Times: user=0.03 sys=0.00, real=0.02 secs] 
2684.738: [GC (Allocation Failure) [PSYoungGen: 419060K->40254K(465920K)] 1109948K->731543K(1334272K), 0.0074619 secs] [Times: user=0.02 sys=0.00, real=0.01 secs] 
2685.371: [GC (GCLocker Initiated GC) [PSYoungGen: 273214K->93621K(465920K)] 964503K->785087K(1334272K), 0.0113291 secs] [Times: user=0.02 sys=0.00, real=0.01 secs] 
2685.650: [GC (Allocation Failure) [PSYoungGen: 326581K->184751K(465920K)] 1019172K->878589K(1334272K), 0.0204095 secs] [Times: user=0.03 sys=0.00, real=0.02 secs] 
2685.940: [GC (Allocation Failure) [PSYoungGen: 417711K->184429K(465920K)] 1111549K->878411K(1334272K), 0.0204684 secs] [Times: user=0.02 sys=0.00, real=0.02 secs] 
2686.832: [GC (Allocation Failure) [PSYoungGen: 417389K->18726K(465920K)] 1111371K->713013K(1334272K), 0.0084096 secs] [Times: user=0.03 sys=0.00, real=0.01 secs] 
2687.534: [GC (Allocation Failure) [PSYoungGen: 251686K->117625K(465920K)] 945973K->812105K(1334272K), 0.0137533 secs] [Times: user=0.02 sys=0.01, real=0.01 secs] 
2687.871: [GC (Allocation Failure) [PSYoungGen: 350585K->184205K(465920K)] 1045065K->879938K(1334272K), 0.0207612 secs] [Times: user=0.03 sys=0.00, real=0.02 secs] 
2688.302: [GC (Allocation Failure) [PSYoungGen: 417165K->181480K(465920K)] 1112898K->877487K(1334272K), 0.0227935 secs] [Times: user=0.03 sys=0.00, real=0.02 secs] 
2690.618: [GC (Allocation Failure) [PSYoungGen: 414440K->64K(465920K)] 1110447K->697514K(1334272K), 0.0032224 secs] [Times: user=0.01 sys=0.00, real=0.01 secs] 
2691.583: [GC (Allocation Failure) [PSYoungGen: 233024K->141370K(465920K)] 930474K->838829K(1334272K), 0.0160440 secs] [Times: user=0.02 sys=0.00, real=0.01 secs] 
2691.868: [GC (Allocation Failure) [PSYoungGen: 374330K->186132K(465920K)] 1071789K->884845K(1334272K), 0.0210869 secs] [Times: user=0.03 sys=0.00, real=0.02 secs] 
2692.465: [GC (Allocation Failure) [PSYoungGen: 419092K->162928K(465920K)] 1117805K->861913K(1334272K), 0.0211430 secs] [Times: user=0.03 sys=0.00, real=0.02 secs] 
2693.698: [GC (Allocation Failure) [PSYoungGen: 395888K->128K(465920K)] 1094873K->700554K(1334272K), 0.0035269 secs] [Times: user=0.02 sys=0.00, real=0.01 secs] 
2694.253: [GC (Allocation Failure) [PSYoungGen: 233088K->167621K(465920K)] 933514K->868072K(1334272K), 0.0186502 secs] [Times: user=0.02 sys=0.00, real=0.02 secs] 
2694.538: [GC (Allocation Failure) [PSYoungGen: 400581K->185875K(465920K)] 1101032K->887708K(1334272K), 0.0207887 secs] [Times: user=0.03 sys=0.00, real=0.02 secs] 
2695.299: [GC (Allocation Failure) [PSYoungGen: 412984K->136886K(465920K)] 1114817K->838863K(1334272K), 0.0219950 secs] [Times: user=0.04 sys=0.00, real=0.03 secs] 
2696.483: [GC (Allocation Failure) [PSYoungGen: 369846K->1730K(465920K)] 1071823K->704007K(1334272K), 0.0032644 secs] [Times: user=0.02 sys=0.00, real=0.00 secs] 
2696.796: [GC (Allocation Failure) [PSYoungGen: 234690K->184108K(465920K)] 936967K->887768K(1334272K), 0.0204253 secs] [Times: user=0.03 sys=0.00, real=0.02 secs] 
2697.084: [GC (Allocation Failure) [PSYoungGen: 417068K->184462K(465920K)] 1120728K->888274K(1334272K), 0.0205763 secs] [Times: user=0.03 sys=0.00, real=0.02 secs] 
2698.830: [GC (Allocation Failure) [PSYoungGen: 417422K->128562K(465920K)] 1121234K->832656K(1334272K), 0.0262087 secs] [Times: user=0.05 sys=0.00, real=0.02 secs] 
2700.138: [GC (Allocation Failure) [PSYoungGen: 361522K->23900K(465920K)] 1065616K->728307K(1334272K), 0.0051115 secs] [Times: user=0.01 sys=0.00, real=0.01 secs] 
2700.490: [GC (Allocation Failure) [PSYoungGen: 256860K->184205K(465920K)] 961267K->889865K(1334272K), 0.0206040 secs] [Times: user=0.03 sys=0.00, real=0.02 secs] 
2700.785: [GC (Allocation Failure) [PSYoungGen: 417165K->184558K(465920K)] 1122825K->890500K(1334272K), 0.0205601 secs] [Times: user=0.03 sys=0.00, real=0.02 secs] 
2701.865: [GC (Allocation Failure) [PSYoungGen: 417518K->106183K(465920K)] 1123460K->812535K(1334272K), 0.0148774 secs] [Times: user=0.03 sys=0.00, real=0.02 secs] 
2703.477: [GC (Allocation Failure) [PSYoungGen: 339143K->46324K(465920K)] 1045495K->752860K(1334272K), 0.0079288 secs] [Times: user=0.01 sys=0.00, real=0.01 secs] 
2703.772: [GC (Allocation Failure) [PSYoungGen: 279284K->186518K(465920K)] 985820K->894316K(1334272K), 0.0205529 secs] [Times: user=0.03 sys=0.00, real=0.02 secs] 
2704.066: [GC (Allocation Failure) [PSYoungGen: 419478K->186068K(465920K)] 1127276K->894148K(1334272K), 0.0206058 secs] [Times: user=0.03 sys=0.00, real=0.02 secs] 
2705.642: [GC (Allocation Failure) [PSYoungGen: 419028K->63484K(465920K)] 1127108K->771829K(1334272K), 0.0159894 secs] [Times: user=0.03 sys=0.00, real=0.01 secs] 
2707.882: [GC (Allocation Failure) [PSYoungGen: 296444K->73153K(465920K)] 1004789K->781813K(1334272K), 0.0111113 secs] [Times: user=0.02 sys=0.00, real=0.01 secs] 
2708.176: [GC (Allocation Failure) [PSYoungGen: 306113K->185875K(465920K)] 1014773K->895789K(1334272K), 0.0206262 secs] [Times: user=0.03 sys=0.00, real=0.02 secs] 
2708.520: [GC (Allocation Failure) [PSYoungGen: 418835K->184494K(465920K)] 1128749K->894688K(1334272K), 0.0205315 secs] [Times: user=0.03 sys=0.00, real=0.02 secs] 
2709.354: [GC (Allocation Failure) [PSYoungGen: 417454K->38904K(465920K)] 1127648K->749364K(1334272K), 0.0073351 secs] [Times: user=0.02 sys=0.00, real=0.01 secs] 
2710.352: [GC (Allocation Failure) [PSYoungGen: 271864K->97447K(465920K)] 982324K->808220K(1334272K), 0.0115303 secs] [Times: user=0.02 sys=0.00, real=0.01 secs] 
2710.630: [GC (Allocation Failure) [PSYoungGen: 330407K->186518K(465920K)] 1041180K->898545K(1334272K), 0.0208131 secs] [Times: user=0.03 sys=0.00, real=0.02 secs] 
2710.923: [GC (Allocation Failure) [PSYoungGen: 419478K->186132K(465920K)] 1131505K->898440K(1334272K), 0.0208194 secs] [Times: user=0.03 sys=0.00, real=0.02 secs] 
2711.834: [GC (Allocation Failure) [PSYoungGen: 419092K->12364K(465920K)] 1131400K->724945K(1334272K), 0.0036753 secs] [Times: user=0.01 sys=0.00, real=0.00 secs] 
2712.511: [GC (Allocation Failure) [PSYoungGen: 245324K->124340K(465920K)] 957905K->837243K(1334272K), 0.0145484 secs] [Times: user=0.02 sys=0.00, real=0.01 secs] 
2712.865: [GC (Allocation Failure) [PSYoungGen: 357300K->186132K(465920K)] 1070203K->900289K(1334272K), 0.0209307 secs] [Times: user=0.03 sys=0.00, real=0.02 secs] 
2713.493: [GC (Allocation Failure) [PSYoungGen: 419092K->173893K(465920K)] 1133249K->888451K(1334272K), 0.0322400 secs] [Times: user=0.05 sys=0.00, real=0.03 secs] 
2716.450: [GC (Allocation Failure) [PSYoungGen: 406853K->64K(465920K)] 1121411K->715927K(1334272K), 0.0067773 secs] [Times: user=0.03 sys=0.00, real=0.00 secs] 
2717.243: [GC (Allocation Failure) [PSYoungGen: 233024K->148214K(465920K)] 948887K->864093K(1334272K), 0.0170076 secs] [Times: user=0.02 sys=0.00, real=0.02 secs] 
2717.573: [GC (Allocation Failure) [PSYoungGen: 381174K->184205K(465920K)] 1097053K->901338K(1334272K), 0.0205319 secs] [Times: user=0.03 sys=0.00, real=0.02 secs] 
2718.691: [GC (Allocation Failure) [PSYoungGen: 417165K->158044K(465920K)] 1134298K->875450K(1334272K), 0.0328453 secs] [Times: user=0.05 sys=0.00, real=0.03 secs] 
2720.774: [GC (Allocation Failure) [PSYoungGen: 391004K->96K(465920K)] 1108410K->718933K(1334272K), 0.0054386 secs] [Times: user=0.03 sys=0.00, real=0.00 secs] 
2721.372: [GC (Allocation Failure) [PSYoungGen: 233056K->172569K(465920K)] 951893K->891431K(1334272K), 0.0191783 secs] [Times: user=0.03 sys=0.00, real=0.02 secs] 
2721.658: [GC (Allocation Failure) [PSYoungGen: 405529K->186004K(465920K)] 1124391K->906248K(1334272K), 0.0207475 secs] [Times: user=0.03 sys=0.00, real=0.02 secs] 
2722.899: [GC (Allocation Failure) [PSYoungGen: 418964K->140113K(465920K)] 1139208K->860494K(1334272K), 0.0179995 secs] [Times: user=0.03 sys=0.00, real=0.02 secs] 
2725.623: [GC (Allocation Failure) [PSYoungGen: 373073K->11334K(465920K)] 1093454K->732022K(1334272K), 0.0055225 secs] [Times: user=0.02 sys=0.00, real=0.00 secs] 
2725.960: [GC (Allocation Failure) [PSYoungGen: 244294K->186357K(465920K)] 964982K->908307K(1334272K), 0.0206870 secs] [Times: user=0.02 sys=0.00, real=0.02 secs] 
2726.247: [GC (Allocation Failure) [PSYoungGen: 419317K->186004K(465920K)] 1141267K->908235K(1334272K), 0.0207009 secs] [Times: user=0.03 sys=0.00, real=0.02 secs] 
2727.687: [GC (Allocation Failure) [PSYoungGen: 418964K->115180K(465920K)] 1141195K->837676K(1334272K), 0.0357207 secs] [Times: user=0.07 sys=0.00, real=0.04 secs] 
2729.658: [GC (Allocation Failure) [PSYoungGen: 348140K->37071K(465920K)] 1070636K->759874K(1334272K), 0.0078389 secs] [Times: user=0.02 sys=0.00, real=0.01 secs] 
2729.976: [GC (Allocation Failure) [PSYoungGen: 270031K->184847K(465920K)] 992834K->908897K(1334272K), 0.0205298 secs] [Times: user=0.03 sys=0.00, real=0.02 secs] 
2730.262: [GC (Allocation Failure) [PSYoungGen: 417807K->184205K(465920K)] 1141857K->908535K(1334272K), 0.0204562 secs] [Times: user=0.02 sys=0.00, real=0.02 secs] 
2732.013: [GC (Allocation Failure) [PSYoungGen: 417165K->76272K(465920K)] 1141495K->800868K(1334272K), 0.0263808 secs] [Times: user=0.05 sys=0.00, real=0.02 secs] 
2733.687: [GC (Allocation Failure) [PSYoungGen: 309232K->59533K(465920K)] 1033828K->784442K(1334272K), 0.0097870 secs] [Times: user=0.02 sys=0.00, real=0.01 secs] 
2733.981: [GC (Allocation Failure) [PSYoungGen: 292493K->186518K(465920K)] 1017402K->912689K(1334272K), 0.0211785 secs] [Times: user=0.03 sys=0.00, real=0.02 secs] 
2734.328: [GC (Allocation Failure) [PSYoungGen: 419478K->186100K(465920K)] 1145649K->912552K(1334272K), 0.0206875 secs] [Times: user=0.03 sys=0.00, real=0.02 secs] 
2735.474: [GC (Allocation Failure) [PSYoungGen: 419060K->50294K(465920K)] 1145512K->777011K(1334272K), 0.0098673 secs] [Times: user=0.02 sys=0.00, real=0.01 secs] 
2736.253: [GC (Allocation Failure) [PSYoungGen: 283254K->86619K(465920K)] 1009971K->813660K(1334272K), 0.0105312 secs] [Times: user=0.02 sys=0.00, real=0.01 secs] 
2736.530: [GC (Allocation Failure) [PSYoungGen: 319579K->185972K(465920K)] 1046620K->914266K(1334272K), 0.0207610 secs] [Times: user=0.03 sys=0.00, real=0.02 secs] 
2736.822: [GC (Allocation Failure) [PSYoungGen: 418932K->185811K(465920K)] 1147226K->914515K(1334272K), 0.0206717 secs] [Times: user=0.03 sys=0.00, real=0.02 secs] 
2737.738: [GC (Allocation Failure) [PSYoungGen: 418771K->23899K(465920K)] 1147475K->752739K(1334272K), 0.0049821 secs] [Times: user=0.02 sys=0.00, real=0.01 secs] 
2738.492: [GC (Allocation Failure) [PSYoungGen: 256859K->111999K(465920K)] 985699K->841147K(1334272K), 0.0132706 secs] [Times: user=0.02 sys=0.00, real=0.01 secs] 
2738.770: [GC (Allocation Failure) [PSYoungGen: 344959K->184076K(465920K)] 1074107K->914606K(1334272K), 0.0206679 secs] [Times: user=0.02 sys=0.00, real=0.02 secs] 
2739.115: [GC (Allocation Failure) [PSYoungGen: 417036K->184108K(465920K)] 1147566K->914791K(1334272K), 0.0206876 secs] [Times: user=0.03 sys=0.00, real=0.02 secs] 
2741.092: [GC (Allocation Failure) [PSYoungGen: 417068K->2307K(465920K)] 1147751K->733263K(1334272K), 0.0033708 secs] [Times: user=0.01 sys=0.00, real=0.00 secs] 
2741.944: [GC (Allocation Failure) [PSYoungGen: 235267K->133048K(465920K)] 966223K->864328K(1334272K), 0.0152539 secs] [Times: user=0.03 sys=0.00, real=0.02 secs] 
2742.225: [GC (Allocation Failure) [PSYoungGen: 366008K->184365K(465920K)] 1097288K->916898K(1334272K), 0.0220704 secs] [Times: user=0.03 sys=0.00, real=0.02 secs] 
2742.660: [GC (Allocation Failure) [PSYoungGen: 417325K->168921K(465920K)] 1149858K->901856K(1334272K), 0.0216285 secs] [Times: user=0.03 sys=0.00, real=0.02 secs] 
2743.656: [GC (Allocation Failure) [PSYoungGen: 401881K->160K(465920K)] 1134816K->734414K(1334272K), 0.0031015 secs] [Times: user=0.01 sys=0.00, real=0.00 secs] 
2744.200: [GC (Allocation Failure) [PSYoungGen: 233120K->155540K(465920K)] 967374K->889826K(1334272K), 0.0175346 secs] [Times: user=0.03 sys=0.00, real=0.01 secs] 
2744.481: [GC (Allocation Failure) [PSYoungGen: 388500K->184205K(465920K)] 1122786K->919744K(1334272K), 0.0205341 secs] [Times: user=0.03 sys=0.00, real=0.02 secs] 
2745.145: [GC (Allocation Failure) [PSYoungGen: 417165K->150654K(465920K)] 1152704K->886459K(1334272K), 0.0189390 secs] [Times: user=0.03 sys=0.00, real=0.02 secs] 
2746.097: [GC (Allocation Failure) [PSYoungGen: 383614K->96K(465920K)] 1119419K->737344K(1334272K), 0.0026638 secs] [Times: user=0.01 sys=0.00, real=0.01 secs] 
2746.424: [GC (Allocation Failure) [PSYoungGen: 233056K->180280K(465920K)] 970304K->917553K(1334272K), 0.0200617 secs] [Times: user=0.03 sys=0.00, real=0.02 secs] 
2746.708: [GC (Allocation Failure) [PSYoungGen: 413240K->184847K(465920K)] 1150513K->923373K(1334272K), 0.0206033 secs] [Times: user=0.02 sys=0.00, real=0.02 secs] 
2747.924: [GC (Allocation Failure) [PSYoungGen: 417807K->133607K(465920K)] 1156333K->872398K(1334272K), 0.0207364 secs] [Times: user=0.04 sys=0.00, real=0.02 secs] 
2749.195: [GC (Allocation Failure) [PSYoungGen: 366567K->19045K(465920K)] 1105358K->758154K(1334272K), 0.0047635 secs] [Times: user=0.01 sys=0.00, real=0.01 secs] 
2749.471: [GC (Allocation Failure) [PSYoungGen: 252005K->186261K(465920K)] 991114K->926624K(1334272K), 0.0207575 secs] [Times: user=0.03 sys=0.00, real=0.02 secs] 
2749.763: [GC (Allocation Failure) [PSYoungGen: 419221K->184719K(465920K)] 1159584K->925363K(1334272K), 0.0205702 secs] [Times: user=0.03 sys=0.00, real=0.02 secs] 
2751.259: [GC (Allocation Failure) [PSYoungGen: 417679K->108914K(465920K)] 1158323K->849831K(1334272K), 0.0152328 secs] [Times: user=0.03 sys=0.00, real=0.02 secs] 
2752.453: [GC (Allocation Failure) [PSYoungGen: 341874K->43275K(465920K)] 1082791K->784501K(1334272K), 0.0094992 secs] [Times: user=0.02 sys=0.00, real=0.01 secs] 
2752.795: [GC (Allocation Failure) [PSYoungGen: 276235K->186421K(465920K)] 1017461K->928902K(1334272K), 0.0208555 secs] [Times: user=0.03 sys=0.00, real=0.02 secs] 
2753.089: [GC (Allocation Failure) [PSYoungGen: 419381K->185972K(465920K)] 1161862K->928862K(1334272K), 0.0208274 secs] [Times: user=0.03 sys=0.00, real=0.03 secs] 
2753.804: [GC (Allocation Failure) [PSYoungGen: 418932K->66729K(465920K)] 1161822K->809764K(1334272K), 0.0110668 secs] [Times: user=0.03 sys=0.00, real=0.01 secs] 
2754.578: [GC (Allocation Failure) [PSYoungGen: 299689K->70682K(465920K)] 1042724K->814040K(1334272K), 0.0089760 secs] [Times: user=0.02 sys=0.00, real=0.01 secs] 
2754.853: [GC (Allocation Failure) [PSYoungGen: 303642K->186164K(465920K)] 1047000K->930776K(1334272K), 0.0207539 secs] [Times: user=0.03 sys=0.00, real=0.02 secs] 
2755.141: [GC (Allocation Failure) [PSYoungGen: 419124K->186004K(465920K)] 1163736K->931025K(1334272K), 0.0207512 secs] [Times: user=0.03 sys=0.00, real=0.02 secs] 
2756.610: [GC (Allocation Failure) [PSYoungGen: 418964K->39611K(465920K)] 1163985K->784905K(1334272K), 0.0065044 secs] [Times: user=0.02 sys=0.00, real=0.00 secs] 
2757.732: [GC (Allocation Failure) [PSYoungGen: 272571K->95905K(465920K)] 1017865K->841392K(1334272K), 0.0115158 secs] [Times: user=0.02 sys=0.00, real=0.01 secs] 
2758.011: [GC (Allocation Failure) [PSYoungGen: 328865K->186132K(465920K)] 1074352K->932874K(1334272K), 0.0207702 secs] [Times: user=0.03 sys=0.00, real=0.02 secs] 
2758.302: [GC (Allocation Failure) [PSYoungGen: 419092K->184366K(465920K)] 1165834K->931380K(1334272K), 0.0205765 secs] [Times: user=0.03 sys=0.00, real=0.02 secs] 
2760.471: [GC (Allocation Failure) [PSYoungGen: 417326K->15899K(465920K)] 1164340K->763178K(1334272K), 0.0086984 secs] [Times: user=0.03 sys=0.00, real=0.01 secs] 
2761.112: [GC (Allocation Failure) [PSYoungGen: 248859K->119296K(465920K)] 996138K->866891K(1334272K), 0.0139852 secs] [Times: user=0.02 sys=0.00, real=0.01 secs] 
2761.447: [GC (Allocation Failure) [PSYoungGen: 352256K->184205K(465920K)] 1099851K->933053K(1334272K), 0.0205100 secs] [Times: user=0.03 sys=0.00, real=0.02 secs] 
2762.021: [GC (Allocation Failure) [PSYoungGen: 417165K->179793K(465920K)] 1166013K->928907K(1334272K), 0.0316131 secs] [Times: user=0.05 sys=0.00, real=0.03 secs] 
2763.982: [GC (Allocation Failure) [PSYoungGen: 412753K->96K(465920K)] 1161867K->750645K(1334272K), 0.0030413 secs] [Times: user=0.01 sys=0.00, real=0.00 secs] 
2764.857: [GC (Allocation Failure) [PSYoungGen: 233056K->141402K(465920K)] 983605K->891983K(1334272K), 0.0163115 secs] [Times: user=0.02 sys=0.00, real=0.02 secs] 
2765.137: [GC (Allocation Failure) [PSYoungGen: 374362K->184333K(465920K)] 1124943K->936168K(1334272K), 0.0206388 secs] [Times: user=0.03 sys=0.00, real=0.02 secs] 
2765.772: [GC (Allocation Failure) [PSYoungGen: 414251K->160599K(465920K)] 1166086K->912707K(1334272K), 0.0204707 secs] [Times: user=0.03 sys=0.00, real=0.02 secs] 
2766.752: [GC (Allocation Failure) [PSYoungGen: 393559K->64K(465920K)] 1145667K->753608K(1334272K), 0.0031166 secs] [Times: user=0.01 sys=0.00, real=0.00 secs] 
2767.146: [GC (Allocation Failure) [PSYoungGen: 233024K->161869K(465920K)] 986568K->915437K(1334272K), 0.0183687 secs] [Times: user=0.03 sys=0.00, real=0.02 secs] 
2767.432: [GC (Allocation Failure) [PSYoungGen: 394829K->184719K(465920K)] 1148397K->939540K(1334272K), 0.0206238 secs] [Times: user=0.03 sys=0.00, real=0.02 secs] 
2767.967: [GC (Allocation Failure) [PSYoungGen: 417679K->143874K(465920K)] 1172500K->898961K(1334272K), 0.0158644 secs] [Times: user=0.02 sys=0.00, real=0.02 secs] 
2769.003: [GC (Allocation Failure) [PSYoungGen: 376834K->96K(465920K)] 1131921K->755504K(1334272K), 0.0028471 secs] [Times: user=0.01 sys=0.00, real=0.00 secs] 
2769.291: [GC (Allocation Failure) [PSYoungGen: 233056K->185004K(465920K)] 988464K->940444K(1334272K), 0.0205482 secs] [Times: user=0.03 sys=0.00, real=0.02 secs] 
2769.582: [GC (Allocation Failure) [PSYoungGen: 417964K->184205K(465920K)] 1173404K->940899K(1334272K), 0.0207055 secs] [Times: user=0.03 sys=0.00, real=0.02 secs] 
2770.106: [GC (Allocation Failure) [PSYoungGen: 417165K->129478K(465920K)] 1173859K->886453K(1334272K), 0.0153477 secs] [Times: user=0.02 sys=0.00, real=0.02 secs] 
2771.049: [GC (Allocation Failure) [PSYoungGen: 362438K->23383K(465920K)] 1119413K->780680K(1334272K), 0.0045597 secs] [Times: user=0.01 sys=0.00, real=0.00 secs] 
2771.319: [GC (Allocation Failure) [PSYoungGen: 256343K->184205K(465920K)] 1013640K->942755K(1334272K), 0.0205907 secs] [Times: user=0.03 sys=0.00, real=0.03 secs] 
2771.604: [GC (Allocation Failure) [PSYoungGen: 417165K->184301K(465920K)] 1175715K->943261K(1334272K), 0.0208232 secs] [Times: user=0.03 sys=0.00, real=0.02 secs] 
2772.208: [GC (Allocation Failure) [PSYoungGen: 417261K->106986K(465920K)] 1176221K->866099K(1334272K), 0.0117171 secs] [Times: user=0.02 sys=0.00, real=0.02 secs] 
2773.089: [GC (Allocation Failure) [PSYoungGen: 339946K->45877K(465920K)] 1099059K->805298K(1334272K), 0.0076807 secs] [Times: user=0.02 sys=0.00, real=0.01 secs] 
2773.369: [GC (Allocation Failure) [PSYoungGen: 278837K->183980K(465920K)] 1038258K->944654K(1334272K), 0.0205304 secs] [Times: user=0.03 sys=0.00, real=0.02 secs] 
2773.759: [GC (Allocation Failure) [PSYoungGen: 416940K->184590K(465920K)] 1177614K->945554K(1334272K), 0.0205003 secs] [Times: user=0.03 sys=0.00, real=0.02 secs] 
2775.028: [GC (Allocation Failure) [PSYoungGen: 417550K->68063K(465920K)] 1178514K->829291K(1334272K), 0.0125545 secs] [Times: user=0.02 sys=0.00, real=0.02 secs] 
2775.824: [GC (Allocation Failure) [PSYoungGen: 301023K->68369K(465920K)] 1062251K->829907K(1334272K), 0.0087462 secs] [Times: user=0.02 sys=0.00, real=0.01 secs] 
2776.100: [GC (Allocation Failure) [PSYoungGen: 301329K->186518K(465920K)] 1062867K->949310K(1334272K), 0.0207622 secs] [Times: user=0.03 sys=0.00, real=0.02 secs] 
2776.388: [GC (Allocation Failure) [PSYoungGen: 419478K->186164K(465920K)] 1182270K->949366K(1334272K), 0.0207238 secs] [Times: user=0.03 sys=0.00, real=0.02 secs] 
2778.092: [GC (Allocation Failure) [PSYoungGen: 419124K->41394K(465920K)] 1182326K->804861K(1334272K), 0.0095736 secs] [Times: user=0.02 sys=0.00, real=0.01 secs] 
2779.832: [GC (Allocation Failure) [PSYoungGen: 274354K->95163K(465920K)] 1037821K->858801K(1334272K), 0.0118535 secs] [Times: user=0.02 sys=0.00, real=0.01 secs] 
2780.109: [GC (Allocation Failure) [PSYoungGen: 328123K->184622K(465920K)] 1091761K->949514K(1334272K), 0.0208006 secs] [Times: user=0.03 sys=0.00, real=0.03 secs] 
2780.401: [GC (Allocation Failure) [PSYoungGen: 417582K->186357K(465920K)] 1182474K->951530K(1334272K), 0.0208072 secs] [Times: user=0.02 sys=0.00, real=0.02 secs] 
2781.907: [GC (Allocation Failure) [PSYoungGen: 419317K->16316K(465920K)] 1184490K->781754K(1334272K), 0.0048006 secs] [Times: user=0.01 sys=0.00, real=0.01 secs] 
2782.449: [GC (Allocation Failure) [PSYoungGen: 249276K->120067K(465920K)] 1014714K->885821K(1334272K), 0.0140792 secs] [Times: user=0.02 sys=0.00, real=0.01 secs] 
2782.728: [GC (Allocation Failure) [PSYoungGen: 353027K->184205K(465920K)] 1118781K->951212K(1334272K), 0.0205277 secs] [Times: user=0.02 sys=0.00, real=0.02 secs] 
2783.510: [GC (Allocation Failure) [PSYoungGen: 417165K->179006K(465920K)] 1184172K->946279K(1334272K), 0.0253468 secs] [Times: user=0.04 sys=0.00, real=0.02 secs] 
2785.795: [GC (Allocation Failure) [PSYoungGen: 411966K->64K(465920K)] 1179239K->768784K(1334272K), 0.0033011 secs] [Times: user=0.01 sys=0.00, real=0.00 secs] 
2786.289: [GC (Allocation Failure) [PSYoungGen: 233024K->141563K(465920K)] 1001744K->910291K(1334272K), 0.0161408 secs] [Times: user=0.03 sys=0.00, real=0.02 secs] 
2786.570: [GC (Allocation Failure) [PSYoungGen: 374523K->184751K(465920K)] 1143251K->954733K(1334272K), 0.0206196 secs] [Times: user=0.03 sys=0.00, real=0.02 secs] 
2787.612: [GC (Allocation Failure) [PSYoungGen: 414581K->160101K(465920K)] 1184563K->930484K(1334272K), 0.0456371 secs] [Times: user=0.07 sys=0.00, real=0.04 secs] 
2790.319: [GC (Allocation Failure) [PSYoungGen: 393061K->96K(465920K)] 1163444K->771784K(1334272K), 0.0041224 secs] [Times: user=0.02 sys=0.00, real=0.01 secs] 
2791.063: [GC (Allocation Failure) [PSYoungGen: 233056K->160873K(465920K)] 1004744K->932578K(1334272K), 0.0180540 secs] [Times: user=0.03 sys=0.00, real=0.02 secs] 
2791.403: [GC (Allocation Failure) [PSYoungGen: 393833K->184719K(465920K)] 1165538K->957669K(1334272K), 0.0208012 secs] [Times: user=0.03 sys=0.00, real=0.02 secs] 
2793.634: [GC (Allocation Failure) [PSYoungGen: 417679K->144934K(465920K)] 1190629K->918278K(1334272K), 0.0415128 secs] [Times: user=0.07 sys=0.00, real=0.04 secs] 
2796.793: [GC (Allocation Failure) [PSYoungGen: 377894K->128K(465920K)] 1151238K->774785K(1334272K), 0.0039862 secs] [Times: user=0.02 sys=0.00, real=0.00 secs] 
2797.245: [GC (Allocation Failure) [PSYoungGen: 233088K->182433K(465920K)] 1007745K->957114K(1334272K), 0.0203370 secs] [Times: user=0.03 sys=0.00, real=0.02 secs] 
2797.577: [GC (Allocation Failure) [PSYoungGen: 415393K->184076K(465920K)] 1190074K->960011K(1334272K), 0.0208403 secs] [Times: user=0.02 sys=0.00, real=0.02 secs] 
2798.465: [GC (Allocation Failure) [PSYoungGen: 417036K->132145K(465920K)] 1192971K->908489K(1334272K), 0.0162665 secs] [Times: user=0.03 sys=0.00, real=0.02 secs] 
2800.236: [GC (Allocation Failure) [PSYoungGen: 365105K->19656K(465920K)] 1141449K->796180K(1334272K), 0.0051442 secs] [Times: user=0.01 sys=0.00, real=0.01 secs] 
2800.600: [GC (Allocation Failure) [PSYoungGen: 252616K->184205K(465920K)] 1029140K->961974K(1334272K), 0.0207292 secs] [Times: user=0.03 sys=0.00, real=0.02 secs] 
2800.884: [GC (Allocation Failure) [PSYoungGen: 417165K->184333K(465920K)] 1194934K->962384K(1334272K), 0.0206285 secs] [Times: user=0.03 sys=0.00, real=0.02 secs] 
2802.069: [GC (Allocation Failure) [PSYoungGen: 417293K->110681K(465920K)] 1195344K->888997K(1334272K), 0.0203535 secs] [Times: user=0.05 sys=0.00, real=0.02 secs] 
2803.652: [GC (Allocation Failure) [PSYoungGen: 343641K->41764K(465920K)] 1121957K->820388K(1334272K), 0.0073374 secs] [Times: user=0.02 sys=0.00, real=0.01 secs] 
2803.939: [GC (Allocation Failure) [PSYoungGen: 274724K->184205K(465920K)] 1053348K->964090K(1334272K), 0.0205286 secs] [Times: user=0.03 sys=0.00, real=0.02 secs] 
2804.227: [GC (Allocation Failure) [PSYoungGen: 417165K->184590K(465920K)] 1197050K->964756K(1334272K), 0.0216773 secs] [Times: user=0.03 sys=0.00, real=0.02 secs] 
2805.416: [GC (Allocation Failure) [PSYoungGen: 417550K->71870K(465920K)] 1197716K->852430K(1334272K), 0.0124955 secs] [Times: user=0.02 sys=0.00, real=0.01 secs] 
2806.945: [GC (Allocation Failure) [PSYoungGen: 304830K->63999K(465920K)] 1085390K->844744K(1334272K), 0.0083667 secs] [Times: user=0.01 sys=0.00, real=0.01 secs] 
2807.218: [GC (Allocation Failure) [PSYoungGen: 296959K->184462K(465920K)] 1077704K->966460K(1334272K), 0.0206116 secs] [Times: user=0.03 sys=0.01, real=0.02 secs] 
2807.504: [GC (Allocation Failure) [PSYoungGen: 417422K->184301K(465920K)] 1199420K->966573K(1334272K), 0.0208504 secs] [Times: user=0.03 sys=0.00, real=0.02 secs] 
2809.077: [GC (Allocation Failure) [PSYoungGen: 417261K->49684K(465920K)] 1199533K->832220K(1334272K), 0.0090919 secs] [Times: user=0.02 sys=0.00, real=0.01 secs] 
2810.120: [GC (Allocation Failure) [PSYoungGen: 282644K->86105K(465920K)] 1065180K->868947K(1334272K), 0.0106194 secs] [Times: user=0.02 sys=0.00, real=0.01 secs] 
2810.465: [GC (Allocation Failure) [PSYoungGen: 319065K->183948K(465920K)] 1101907K->968035K(1334272K), 0.0206263 secs] [Times: user=0.03 sys=0.00, real=0.02 secs] 
2810.754: [GC (Allocation Failure) [PSYoungGen: 416908K->184430K(465920K)] 1200995K->968799K(1334272K), 0.0206254 secs] [Times: user=0.03 sys=0.00, real=0.02 secs] 
2812.396: [GC (Allocation Failure) [PSYoungGen: 417390K->27915K(465920K)] 1201759K->812557K(1334272K), 0.0069126 secs] [Times: user=0.02 sys=0.00, real=0.01 secs] 
2813.206: [GC (Allocation Failure) [PSYoungGen: 260875K->108015K(465920K)] 1045517K->892973K(1334272K), 0.0127312 secs] [Times: user=0.02 sys=0.00, real=0.01 secs] 
2813.483: [GC (Allocation Failure) [PSYoungGen: 340975K->184365K(465920K)] 1125933K->970576K(1334272K), 0.0207130 secs] [Times: user=0.03 sys=0.00, real=0.02 secs] 
2813.770: [GC (Allocation Failure) [PSYoungGen: 417325K->184494K(465920K)] 1203536K->970995K(1334272K), 0.0210750 secs] [Times: user=0.03 sys=0.00, real=0.02 secs] 
2815.610: [GC (Allocation Failure) [PSYoungGen: 417454K->5552K(465920K)] 1203955K->792318K(1334272K), 0.0034083 secs] [Times: user=0.02 sys=0.00, real=0.00 secs] 
2816.166: [GC (Allocation Failure) [PSYoungGen: 238512K->130638K(465920K)] 1025278K->917717K(1334272K), 0.0150699 secs] [Times: user=0.02 sys=0.00, real=0.02 secs] 
2816.447: [GC (Allocation Failure) [PSYoungGen: 363598K->184622K(465920K)] 1150677K->972955K(1334272K), 0.0204725 secs] [Times: user=0.03 sys=0.00, real=0.02 secs] 
2817.058: [GC (Allocation Failure) [PSYoungGen: 417582K->171170K(465920K)] 1205915K->959904K(1334272K), 0.0234909 secs] [Times: user=0.03 sys=0.00, real=0.03 secs] 
2818.637: [GC (Allocation Failure) [PSYoungGen: 404130K->64K(465920K)] 1192864K->790113K(1334272K), 0.0028189 secs] [Times: user=0.01 sys=0.00, real=0.01 secs] 
2819.080: [GC (Allocation Failure) [PSYoungGen: 233024K->153098K(465920K)] 1023073K->943172K(1334272K), 0.0172524 secs] [Times: user=0.03 sys=0.00, real=0.01 secs] 
2819.361: [GC (Allocation Failure) [PSYoungGen: 386058K->184333K(465920K)] 1176132K->975661K(1334272K), 0.0205456 secs] [Times: user=0.03 sys=0.00, real=0.02 secs] 
2820.049: [GC (Allocation Failure) [PSYoungGen: 417293K->152999K(465920K)] 1208621K->944600K(1334272K), 0.0191186 secs] [Times: user=0.03 sys=0.00, real=0.02 secs] 
2821.125: [GC (Allocation Failure) [PSYoungGen: 385959K->64K(465920K)] 1177560K->793112K(1334272K), 0.0033019 secs] [Times: user=0.02 sys=0.00, real=0.00 secs] 
2821.513: [GC (Allocation Failure) [PSYoungGen: 233024K->175204K(465920K)] 1026072K->968268K(1334272K), 0.0194592 secs] [Times: user=0.02 sys=0.00, real=0.02 secs] 
2821.797: [GC (Allocation Failure) [PSYoungGen: 408164K->184430K(465920K)] 1201228K->978876K(1334272K), 0.0206212 secs] [Times: user=0.03 sys=0.00, real=0.02 secs] 
2822.627: [GC (Allocation Failure) [PSYoungGen: 417390K->138973K(465920K)] 1211836K->933572K(1334272K), 0.0169153 secs] [Times: user=0.03 sys=0.00, real=0.02 secs] 
2824.527: [GC (Allocation Failure) [PSYoungGen: 371897K->13618K(465920K)] 1166496K->808519K(1334272K), 0.0050631 secs] [Times: user=0.02 sys=0.01, real=0.01 secs] 
2824.846: [GC (Allocation Failure) [PSYoungGen: 246578K->183948K(465920K)] 1041479K->980110K(1334272K), 0.0206568 secs] [Times: user=0.03 sys=0.00, real=0.02 secs] 
2825.195: [GC (Allocation Failure) [PSYoungGen: 416908K->184398K(465920K)] 1213070K->980841K(1334272K), 0.0209117 secs] [Times: user=0.02 sys=0.00, real=0.02 secs] 
2827.050: [GC (Allocation Failure) [PSYoungGen: 417358K->116835K(465920K)] 1213801K->913543K(1334272K), 0.0350302 secs] [Times: user=0.07 sys=0.00, real=0.03 secs] 
2829.342: [GC (Allocation Failure) [PSYoungGen: 349795K->35467K(465920K)] 1146503K->832489K(1334272K), 0.0078256 secs] [Times: user=0.02 sys=0.00, real=0.01 secs] 
2829.660: [GC (Allocation Failure) [PSYoungGen: 268427K->186486K(465920K)] 1065449K->984754K(1334272K), 0.0210923 secs] [Times: user=0.03 sys=0.00, real=0.02 secs] 
2829.949: [GC (Allocation Failure) [PSYoungGen: 419446K->186132K(465920K)] 1217714K->984810K(1334272K), 0.0210414 secs] [Times: user=0.03 sys=0.00, real=0.03 secs] 
2831.578: [GC (Allocation Failure) [PSYoungGen: 419092K->74312K(465920K)] 1217770K->873255K(1334272K), 0.0193791 secs] [Times: user=0.04 sys=0.01, real=0.02 secs] 
2833.519: [GC (Allocation Failure) [PSYoungGen: 307272K->62328K(465920K)] 1106215K->861456K(1334272K), 0.0100559 secs] [Times: user=0.02 sys=0.00, real=0.01 secs] 
2833.814: [GC (Allocation Failure) [PSYoungGen: 295288K->185843K(465920K)] 1094416K->986233K(1334272K), 0.0207820 secs] [Times: user=0.03 sys=0.00, real=0.02 secs] 
2834.099: [GC (Allocation Failure) [PSYoungGen: 418803K->184430K(465920K)] 1219193K->985100K(1334272K), 0.0205652 secs] [Times: user=0.03 sys=0.00, real=0.03 secs] 
2835.934: [GC (Allocation Failure) [PSYoungGen: 417390K->49796K(465920K)] 1218060K->850732K(1334272K), 0.0122030 secs] [Times: user=0.03 sys=0.00, real=0.01 secs] 
2837.148: [GC (Allocation Failure) [PSYoungGen: 282756K->86073K(465920K)] 1083692K->887322K(1334272K), 0.0126763 secs] [Times: user=0.03 sys=0.00, real=0.02 secs] 
2837.438: [GC (Allocation Failure) [PSYoungGen: 319033K->183819K(465920K)] 1120282K->986322K(1334272K), 0.0205429 secs] [Times: user=0.03 sys=0.00, real=0.02 secs] 
2837.725: [GC (Allocation Failure) [PSYoungGen: 416779K->184430K(465920K)] 1219282K->987214K(1334272K), 0.0209626 secs] [Times: user=0.03 sys=0.00, real=0.02 secs] 
2838.827: [GC (Allocation Failure) [PSYoungGen: 417390K->28012K(465920K)] 1220174K->831061K(1334272K), 0.0065472 secs] [Times: user=0.02 sys=0.00, real=0.01 secs] 
2839.443: [GC (Allocation Failure) [PSYoungGen: 260972K->108372K(465920K)] 1064021K->911728K(1334272K), 0.0128663 secs] [Times: user=0.02 sys=0.00, real=0.01 secs] 
2839.792: [GC (Allocation Failure) [PSYoungGen: 341332K->184076K(465920K)] 1144688K->988815K(1334272K), 0.0208705 secs] [Times: user=0.03 sys=0.00, real=0.02 secs] 
2840.081: [GC (Allocation Failure) [PSYoungGen: 417036K->183980K(465920K)] 1221775K->988863K(1334272K), 0.0206517 secs] [Times: user=0.03 sys=0.00, real=0.02 secs] 
2841.957: [GC (Allocation Failure) [PSYoungGen: 416940K->5874K(465920K)] 1221823K->811022K(1334272K), 0.0040198 secs] [Times: user=0.01 sys=0.00, real=0.01 secs] 
2842.824: [GC (Allocation Failure) [PSYoungGen: 238834K->129835K(465920K)] 1043982K->935291K(1334272K), 0.0150610 secs] [Times: user=0.02 sys=0.01, real=0.02 secs] 
2843.159: [GC (Allocation Failure) [PSYoungGen: 362795K->184365K(465920K)] 1168251K->991075K(1334272K), 0.0207037 secs] [Times: user=0.03 sys=0.00, real=0.02 secs] 
2843.837: [GC (Allocation Failure) [PSYoungGen: 417325K->172182K(465920K)] 1224035K->979293K(1334272K), 0.0365326 secs] [Times: user=0.05 sys=0.00, real=0.04 secs] 
2846.876: [GC (Allocation Failure) [PSYoungGen: 405142K->96K(465920K)] 1212253K->808526K(1334272K), 0.0061763 secs] [Times: user=0.03 sys=0.00, real=0.01 secs] 
2847.602: [GC (Allocation Failure) [PSYoungGen: 233056K->151844K(465920K)] 1041486K->960299K(1334272K), 0.0174532 secs] [Times: user=0.02 sys=0.00, real=0.02 secs] 
2847.887: [GC (Allocation Failure) [PSYoungGen: 384804K->184301K(465920K)] 1193259K->994001K(1334272K), 0.0207345 secs] [Times: user=0.03 sys=0.00, real=0.02 secs] 
2848.647: [GC (Allocation Failure) [PSYoungGen: 417261K->154300K(465920K)] 1226961K->964282K(1334272K), 0.0222697 secs] [Times: user=0.03 sys=0.00, real=0.03 secs] 
2850.883: [GC (Allocation Failure) [PSYoungGen: 387260K->96K(465920K)] 1197242K->811522K(1334272K), 0.0047482 secs] [Times: user=0.02 sys=0.00, real=0.00 secs] 
2851.445: [GC (Allocation Failure) [PSYoungGen: 233056K->173951K(465920K)] 1044482K->985393K(1334272K), 0.0193777 secs] [Times: user=0.03 sys=0.00, real=0.02 secs] 
2851.727: [GC (Allocation Failure) [PSYoungGen: 406911K->183819K(465920K)] 1218353K->996515K(1334272K), 0.0207483 secs] [Times: user=0.03 sys=0.00, real=0.02 secs] 
2852.219: [GC (Allocation Failure) [PSYoungGen: 416779K->140837K(465920K)] 1229475K->953798K(1334272K), 0.0222734 secs] [Times: user=0.04 sys=0.00, real=0.03 secs] 
2853.206: [GC (Allocation Failure) [PSYoungGen: 373797K->12301K(465920K)] 1186758K->825580K(1334272K), 0.0057164 secs] [Times: user=0.03 sys=0.00, real=0.01 secs] 
2853.542: [GC (Allocation Failure) [PSYoungGen: 245261K->186453K(465920K)] 1058540K->1001115K(1334272K), 0.0210311 secs] [Times: user=0.03 sys=0.00, real=0.02 secs] 
2853.828: [GC (Allocation Failure) [PSYoungGen: 419413K->186132K(465920K)] 1234075K->1001091K(1334272K), 0.0208034 secs] [Times: user=0.03 sys=0.00, real=0.02 secs] 
2854.419: [GC (Allocation Failure) [PSYoungGen: 419092K->114055K(465920K)] 1234051K->929287K(1334272K), 0.0157323 secs] [Times: user=0.03 sys=0.00, real=0.02 secs] 
2855.343: [GC (Allocation Failure) [PSYoungGen: 347015K->39805K(465920K)] 1162247K->855229K(1334272K), 0.0082977 secs] [Times: user=0.02 sys=0.01, real=0.01 secs] 
2855.735: [GC (Allocation Failure) [PSYoungGen: 272765K->185875K(465920K)] 1088189K->1002554K(1334272K), 0.0235651 secs] [Times: user=0.03 sys=0.00, real=0.02 secs] 
2856.029: [GC (Allocation Failure) [PSYoungGen: 418835K->185875K(465920K)] 1235514K->1002963K(1334272K), 0.0208193 secs] [Times: user=0.03 sys=0.00, real=0.03 secs] 
2856.781: [GC (Allocation Failure) [PSYoungGen: 418835K->70826K(465920K)] 1235923K->888059K(1334272K), 0.0106398 secs] [Times: user=0.02 sys=0.00, real=0.01 secs] 
2857.536: [GC (Allocation Failure) [PSYoungGen: 303786K->66213K(465920K)] 1121019K->883762K(1334272K), 0.0086612 secs] [Times: user=0.02 sys=0.00, real=0.01 secs] 
2857.811: [GC (Allocation Failure) [PSYoungGen: 299173K->184558K(465920K)] 1116722K->1003360K(1334272K), 0.0206052 secs] [Times: user=0.03 sys=0.00, real=0.02 secs] 
2858.104: [GC (Allocation Failure) [PSYoungGen: 417518K->186325K(465920K)] 1236320K->1005537K(1334272K), 0.0207963 secs] [Times: user=0.02 sys=0.00, real=0.02 secs] 
2860.369: [GC (Allocation Failure) [PSYoungGen: 419285K->45266K(465920K)] 1238497K->864622K(1334272K), 0.0167057 secs] [Times: user=0.04 sys=0.00, real=0.02 secs] 
2861.627: [GC (Allocation Failure) [PSYoungGen: 278226K->91179K(465920K)] 1097582K->910849K(1334272K), 0.0112603 secs] [Times: user=0.02 sys=0.00, real=0.01 secs] 
2861.967: [GC (Allocation Failure) [PSYoungGen: 324139K->186004K(465920K)] 1143809K->1006928K(1334272K), 0.0211703 secs] [Times: user=0.03 sys=0.00, real=0.02 secs] 
2862.332: [GC (Allocation Failure) [PSYoungGen: 418964K->186004K(465920K)] 1239888K->1007209K(1334272K), 0.0211132 secs] [Times: user=0.02 sys=0.00, real=0.02 secs] 
2863.778: [GC (Allocation Failure) [PSYoungGen: 418964K->19336K(465920K)] 1240169K->840814K(1334272K), 0.0053055 secs] [Times: user=0.01 sys=0.00, real=0.01 secs] 
2864.406: [GC (Allocation Failure) [PSYoungGen: 252296K->117526K(465920K)] 1073774K->939327K(1334272K), 0.0137899 secs] [Times: user=0.02 sys=0.00, real=0.02 secs] 
2864.686: [GC (Allocation Failure) [PSYoungGen: 350486K->185972K(465920K)] 1172287K->1009019K(1334272K), 0.0207480 secs] [Times: user=0.03 sys=0.00, real=0.02 secs] 
2865.042: [GC (Allocation Failure) [PSYoungGen: 418932K->179793K(465920K)] 1241979K->1003105K(1334272K), 0.0219619 secs] [Times: user=0.03 sys=0.00, real=0.02 secs] 
2867.560: [GC (Allocation Failure) [PSYoungGen: 412753K->96K(465920K)] 1236065K->824853K(1334272K), 0.0059076 secs] [Times: user=0.03 sys=0.00, real=0.00 secs] 
2868.759: [GC (Allocation Failure) [PSYoungGen: 233056K->141788K(465920K)] 1057813K->966561K(1334272K), 0.0165217 secs] [Times: user=0.02 sys=0.00, real=0.02 secs] 
2869.042: [GC (Allocation Failure) [PSYoungGen: 374748K->186261K(465920K)] 1199521K->1012288K(1334272K), 0.0208706 secs] [Times: user=0.03 sys=0.00, real=0.02 secs] 
2869.529: [GC (Allocation Failure) [PSYoungGen: 419221K->162413K(465920K)] 1245248K->988722K(1334272K), 0.0300122 secs] [Times: user=0.05 sys=0.00, real=0.03 secs] 
2870.562: [GC (Allocation Failure) [PSYoungGen: 395373K->96K(465920K)] 1221682K->827848K(1334272K), 0.0030115 secs] [Times: user=0.01 sys=0.00, real=0.00 secs] 
2870.911: [GC (Allocation Failure) [PSYoungGen: 233056K->168132K(465920K)] 1060808K->995900K(1334272K), 0.0190188 secs] [Times: user=0.02 sys=0.00, real=0.02 secs] 
2871.201: [GC (Allocation Failure) [PSYoungGen: 401092K->186261K(465920K)] 1228860K->1015283K(1334272K), 0.0208612 secs] [Times: user=0.03 sys=0.00, real=0.02 secs] 
2872.094: [GC (Allocation Failure) [PSYoungGen: 411350K->136050K(465920K)] 1240372K->965337K(1334272K), 0.0204192 secs] [Times: user=0.03 sys=0.00, real=0.02 secs] 
2874.893: [GC (Allocation Failure) [PSYoungGen: 369010K->1408K(465920K)] 1198297K->831005K(1334272K), 0.0048559 secs] [Times: user=0.03 sys=0.00, real=0.00 secs] 
2875.256: [GC (Allocation Failure) [PSYoungGen: 234368K->184205K(465920K)] 1063965K->1015063K(1334272K), 0.0206428 secs] [Times: user=0.03 sys=0.00, real=0.02 secs] 
2875.541: [GC (Allocation Failure) [PSYoungGen: 417165K->184430K(465920K)] 1248023K->1015697K(1334272K), 0.0205372 secs] [Times: user=0.03 sys=0.00, real=0.02 secs] 
2876.437: [GC (Allocation Failure) [PSYoungGen: 417390K->128819K(465920K)] 1248657K->960232K(1334272K), 0.0170763 secs] [Times: user=0.03 sys=0.00, real=0.02 secs] 
2877.494: [GC (Allocation Failure) [PSYoungGen: 361779K->22454K(465920K)] 1193192K->854180K(1334272K), 0.0051930 secs] [Times: user=0.02 sys=0.00, real=0.00 secs] 
2877.770: [GC (Allocation Failure) [PSYoungGen: 255414K->184590K(465920K)] 1087140K->1017570K(1334272K), 0.0206932 secs] [Times: user=0.03 sys=0.00, real=0.02 secs] 
2878.064: [GC (Allocation Failure) [PSYoungGen: 417550K->186518K(465920K)] 1250530K->1019779K(1334272K), 0.0208497 secs] [Times: user=0.03 sys=0.00, real=0.02 secs] 
2880.126: [GC (Allocation Failure) [PSYoungGen: 419478K->105284K(465920K)] 1252739K->938946K(1334272K), 0.0172609 secs] [Times: user=0.04 sys=0.00, real=0.02 secs] 
2882.734: [GC (Allocation Failure) [PSYoungGen: 338244K->47834K(465920K)] 1171906K->881682K(1334272K), 0.0092374 secs] [Times: user=0.02 sys=0.00, real=0.01 secs] 
2883.047: [GC (Allocation Failure) [PSYoungGen: 280794K->185875K(465920K)] 1114642K->1020976K(1334272K), 0.0207396 secs] [Times: user=0.03 sys=0.00, real=0.02 secs] 
2883.334: [GC (Allocation Failure) [PSYoungGen: 418835K->185811K(465920K)] 1253936K->1021193K(1334272K), 0.0207481 secs] [Times: user=0.03 sys=0.00, real=0.02 secs] 
2884.829: [GC (Allocation Failure) [PSYoungGen: 418771K->62858K(465920K)] 1254153K->898513K(1334272K), 0.0176990 secs] [Times: user=0.04 sys=0.00, real=0.02 secs] 
2886.265: [GC (Allocation Failure) [PSYoungGen: 295818K->72768K(465920K)] 1131473K->908732K(1334272K), 0.0094999 secs] [Times: user=0.02 sys=0.00, real=0.01 secs] 
2886.543: [GC (Allocation Failure) [PSYoungGen: 305728K->184205K(465920K)] 1141692K->1021423K(1334272K), 0.0206149 secs] [Times: user=0.03 sys=0.00, real=0.02 secs] 
2886.826: [GC (Allocation Failure) [PSYoungGen: 417165K->183819K(465920K)] 1254383K->1021318K(1334272K), 0.0205005 secs] [Times: user=0.03 sys=0.00, real=0.02 secs] 
2887.727: [GC (Allocation Failure) [PSYoungGen: 416779K->41667K(465920K)] 1254278K->879432K(1334272K), 0.0071788 secs] [Times: user=0.01 sys=0.00, real=0.01 secs] 
2888.543: [GC (Allocation Failure) [PSYoungGen: 274544K->94363K(465920K)] 1112308K->932449K(1334272K), 0.0115917 secs] [Times: user=0.02 sys=0.00, real=0.01 secs] 
2888.818: [GC (Allocation Failure) [PSYoungGen: 327323K->184044K(465920K)] 1165409K->1023376K(1334272K), 0.0206402 secs] [Times: user=0.03 sys=0.00, real=0.02 secs] 
2889.103: [GC (Allocation Failure) [PSYoungGen: 417004K->184558K(465920K)] 1256336K->1024171K(1334272K), 0.0207222 secs] [Times: user=0.03 sys=0.00, real=0.02 secs] 
2890.626: [GC (Allocation Failure) [PSYoungGen: 417518K->19401K(465920K)] 1257131K->859407K(1334272K), 0.0053047 secs] [Times: user=0.01 sys=0.00, real=0.01 secs] 
2891.866: [GC (Allocation Failure) [PSYoungGen: 252361K->116083K(465920K)] 1092367K->956283K(1334272K), 0.0136769 secs] [Times: user=0.02 sys=0.00, real=0.02 secs] 
2892.143: [GC (Allocation Failure) [PSYoungGen: 349043K->183819K(465920K)] 1189243K->1025272K(1334272K), 0.0209837 secs] [Times: user=0.03 sys=0.00, real=0.02 secs] 
2892.435: [GC (Allocation Failure) [PSYoungGen: 416779K->182336K(465920K)] 1258232K->1024070K(1334272K), 0.0208330 secs] [Times: user=0.03 sys=0.00, real=0.02 secs] 
2893.432: [GC (Allocation Failure) [PSYoungGen: 415296K->192K(465920K)] 1257030K->843341K(1334272K), 0.0058320 secs] [Times: user=0.03 sys=0.00, real=0.00 secs] 
2894.259: [GC (Allocation Failure) [PSYoungGen: 233152K->136518K(465920K)] 1076301K->979740K(1334272K), 0.0157863 secs] [Times: user=0.02 sys=0.00, real=0.02 secs] 
2894.539: [GC (Allocation Failure) [PSYoungGen: 369478K->183787K(465920K)] 1212700K->1028263K(1334272K), 0.0207003 secs] [Times: user=0.03 sys=0.00, real=0.03 secs] 
2895.007: [GC (Allocation Failure) [PSYoungGen: 416747K->165997K(465920K)] 1261223K->1010746K(1334272K), 0.0230323 secs] [Times: user=0.03 sys=0.00, real=0.03 secs] 
2896.580: [GC (Allocation Failure) [PSYoungGen: 398957K->128K(465920K)] 1243706K->846322K(1334272K), 0.0039829 secs] [Times: user=0.02 sys=0.00, real=0.00 secs] 
2897.245: [GC (Allocation Failure) [PSYoungGen: 233088K->158367K(465920K)] 1079282K->1004578K(1334272K), 0.0178364 secs] [Times: user=0.02 sys=0.00, real=0.02 secs] 
2897.527: [GC (Allocation Failure) [PSYoungGen: 391327K->184301K(465920K)] 1237538K->1031765K(1334272K), 0.0207915 secs] [Times: user=0.03 sys=0.00, real=0.02 secs] 
2897.995: [GC (Allocation Failure) [PSYoungGen: 417261K->147762K(465920K)] 1264725K->995507K(1334272K), 0.0259636 secs] [Times: user=0.05 sys=0.00, real=0.03 secs] 
2899.625: [GC (Allocation Failure) [PSYoungGen: 380722K->96K(465920K)] 1228467K->849288K(1334272K), 0.0063571 secs] [Times: user=0.03 sys=0.00, real=0.01 secs] 
2900.155: [GC (Allocation Failure) [PSYoungGen: 233056K->180569K(465920K)] 1082248K->1029794K(1334272K), 0.0202397 secs] [Times: user=0.03 sys=0.00, real=0.02 secs] 
2900.439: [GC (Allocation Failure) [PSYoungGen: 413529K->184462K(465920K)] 1262754K->1034940K(1334272K), 0.0208474 secs] [Times: user=0.03 sys=0.00, real=0.02 secs] 
2901.112: [GC (Allocation Failure) [PSYoungGen: 417422K->133687K(465920K)] 1267900K->984439K(1334272K), 0.0170838 secs] [Times: user=0.03 sys=0.00, real=0.01 secs] 
2903.748: [GC (Allocation Failure) [PSYoungGen: 366647K->18370K(465920K)] 1217399K->869427K(1334272K), 0.0062118 secs] [Times: user=0.02 sys=0.00, real=0.01 secs] 
2904.071: [GC (Allocation Failure) [PSYoungGen: 251330K->184462K(465920K)] 1102387K->1036780K(1334272K), 0.0207238 secs] [Times: user=0.03 sys=0.00, real=0.02 secs] 
2904.360: [GC (Allocation Failure) [PSYoungGen: 417422K->184333K(465920K)] 1269740K->1036933K(1334272K), 0.0206029 secs] [Times: user=0.03 sys=0.00, real=0.02 secs] 
2905.102: [GC (Allocation Failure) [PSYoungGen: 417293K->111742K(465920K)] 1269893K->964607K(1334272K), 0.0144837 secs] [Times: user=0.03 sys=0.00, real=0.01 secs] 
2907.383: [GC (Allocation Failure) [PSYoungGen: 344702K->40576K(465920K)] 1197567K->893746K(1334272K), 0.0078085 secs] [Times: user=0.02 sys=0.00, real=0.01 secs] 
2907.681: [GC (Allocation Failure) [PSYoungGen: 273536K->184237K(465920K)] 1126706K->1038661K(1334272K), 0.0208460 secs] [Times: user=0.03 sys=0.00, real=0.02 secs] 
2907.966: [GC (Allocation Failure) [PSYoungGen: 417197K->184590K(465920K)] 1271621K->1039287K(1334272K), 0.0209484 secs] [Times: user=0.03 sys=0.00, real=0.02 secs] 
2908.665: [GC (Allocation Failure) [PSYoungGen: 417550K->73043K(465920K)] 1272247K->928142K(1334272K), 0.0103399 secs] [Times: user=0.02 sys=0.00, real=0.01 secs] 
2909.452: [GC (Allocation Failure) [PSYoungGen: 306003K->63386K(465920K)] 1161102K->918669K(1334272K), 0.0083576 secs] [Times: user=0.02 sys=0.00, real=0.01 secs] 
2909.792: [GC (Allocation Failure) [PSYoungGen: 296346K->186486K(465920K)] 1151629K->1043024K(1334272K), 0.0211247 secs] [Times: user=0.03 sys=0.00, real=0.02 secs] 
2910.084: [GC (Allocation Failure) [PSYoungGen: 419446K->186132K(465920K)] 1275984K->1042943K(1334272K), 0.0208634 secs] [Times: user=0.03 sys=0.00, real=0.02 secs] 
2911.973: [GC (Allocation Failure) [PSYoungGen: 419092K->46423K(465920K)] 1275903K->903499K(1334272K), 0.0137631 secs] [Times: user=0.03 sys=0.00, real=0.01 secs] 
2913.236: [GC (Allocation Failure) [PSYoungGen: 279383K->90250K(465920K)] 1136459K->947641K(1334272K), 0.0111458 secs] [Times: user=0.02 sys=0.00, real=0.01 secs] 
2913.513: [GC (Allocation Failure) [PSYoungGen: 323210K->186036K(465920K)] 1180601K->1044681K(1334272K), 0.0210597 secs] [Times: user=0.03 sys=0.00, real=0.02 secs] 
2913.800: [GC (Allocation Failure) [PSYoungGen: 418996K->186004K(465920K)] 1277641K->1045067K(1334272K), 0.0208171 secs] [Times: user=0.03 sys=0.00, real=0.02 secs] 
2916.172: [GC (Allocation Failure) [PSYoungGen: 418964K->20204K(465920K)] 1278027K->879532K(1334272K), 0.0071743 secs] [Times: user=0.02 sys=0.00, real=0.00 secs] 
2917.138: [GC (Allocation Failure) [PSYoungGen: 253164K->116083K(465920K)] 1112492K->975598K(1334272K), 0.0137200 secs] [Times: user=0.02 sys=0.00, real=0.02 secs] 
2917.478: [GC (Allocation Failure) [PSYoungGen: 349043K->186004K(465920K)] 1208558K->1046772K(1334272K), 0.0208716 secs] [Times: user=0.03 sys=0.00, real=0.02 secs] 
2917.821: [GC (Allocation Failure) [PSYoungGen: 418964K->180695K(465920K)] 1279732K->1041745K(1334272K), 0.0231230 secs] [Times: user=0.03 sys=0.00, real=0.02 secs] 
2919.881: [GC (Allocation Failure) [PSYoungGen: 413655K->64K(465920K)] 1274705K->862561K(1334272K), 0.0044481 secs] [Times: user=0.02 sys=0.00, real=0.00 secs] 
2920.602: [GC (Allocation Failure) [PSYoungGen: 233024K->140727K(465920K)] 1095521K->1003233K(1334272K), 0.0162941 secs] [Times: user=0.02 sys=0.00, real=0.01 secs] 
2920.882: [GC (Allocation Failure) [PSYoungGen: 373687K->184365K(465920K)] 1236193K->1048124K(1334272K), 0.0206150 secs] [Times: user=0.03 sys=0.00, real=0.02 secs] 
2921.545: [GC (Allocation Failure) [PSYoungGen: 417163K->161289K(465920K)] 1280922K->1025450K(1334272K), 0.0225079 secs] [Times: user=0.04 sys=0.00, real=0.02 secs] 
2923.743: [GC (Allocation Failure) [PSYoungGen: 394249K->96K(465920K)] 1258410K->865561K(1334272K), 0.0054259 secs] [Times: user=0.03 sys=0.00, real=0.00 secs] 
2924.509: [GC (Allocation Failure) [PSYoungGen: 233056K->161227K(465920K)] 1098521K->1026724K(1334272K), 0.0183815 secs] [Times: user=0.03 sys=0.00, real=0.02 secs] 
2924.797: [GC (Allocation Failure) [PSYoungGen: 394187K->184590K(465920K)] 1259684K->1051470K(1334272K), 0.0206166 secs] [Times: user=0.03 sys=0.00, real=0.02 secs] 
2924.818: [Full GC (Ergonomics) [PSYoungGen: 184590K->0K(465920K)] [ParOldGen: 866879K->526764K(1057792K)] 1051470K->526764K(1523712K), [Metaspace: 56349K->56349K(1101824K)], 0.0559304 secs] [Times: user=0.24 sys=0.00, real=0.06 secs] 
2925.697: [GC (Allocation Failure) [PSYoungGen: 232960K->144725K(465920K)] 759724K->671490K(1523712K), 0.0185559 secs] [Times: user=0.02 sys=0.00, real=0.02 secs] 
2926.579: [GC (Allocation Failure) [PSYoungGen: 377685K->128K(465920K)] 904450K->528370K(1523712K), 0.0023485 secs] [Times: user=0.02 sys=0.00, real=0.01 secs] 
2926.933: [GC (Allocation Failure) [PSYoungGen: 233040K->171345K(465920K)] 761282K->699611K(1523712K), 0.0187600 secs] [Times: user=0.03 sys=0.00, real=0.02 secs] 
2927.218: [GC (Allocation Failure) [PSYoungGen: 404305K->184526K(465920K)] 932571K->714030K(1523712K), 0.0228080 secs] [Times: user=0.03 sys=0.00, real=0.03 secs] 
2928.164: [GC (Allocation Failure) [PSYoungGen: 417486K->142684K(465920K)] 946990K->672589K(1523712K), 0.0214915 secs] [Times: user=0.04 sys=0.00, real=0.02 secs] 
2930.691: [GC (Allocation Failure) [PSYoungGen: 375644K->96K(465920K)] 905549K->531312K(1523712K), 0.0040777 secs] [Times: user=0.01 sys=0.00, real=0.00 secs] 
2931.222: [GC (Allocation Failure) [PSYoungGen: 233056K->180505K(465920K)] 764272K->711738K(1523712K), 0.0197739 secs] [Times: user=0.03 sys=0.00, real=0.02 secs] 
2931.507: [GC (Allocation Failure) [PSYoungGen: 413465K->183787K(465920K)] 944698K->716273K(1523712K), 0.0202325 secs] [Times: user=0.02 sys=0.00, real=0.02 secs] 
2932.502: [GC (Allocation Failure) [PSYoungGen: 416747K->134346K(465920K)] 949233K->667113K(1523712K), 0.0164695 secs] [Times: user=0.02 sys=0.00, real=0.01 secs] 
2933.446: [GC (Allocation Failure) [PSYoungGen: 367306K->5906K(465920K)] 900073K->538987K(1523712K), 0.0027915 secs] [Times: user=0.01 sys=0.00, real=0.00 secs] 
2933.730: [GC (Allocation Failure) [PSYoungGen: 238866K->186229K(465920K)] 771947K->720572K(1523712K), 0.0203930 secs] [Times: user=0.03 sys=0.00, real=0.02 secs] 
2934.019: [GC (Allocation Failure) [PSYoungGen: 419189K->184719K(465920K)] 953532K->719342K(1523712K), 0.0201556 secs] [Times: user=0.03 sys=0.00, real=0.02 secs] 
2935.217: [GC (Allocation Failure) [PSYoungGen: 417679K->122024K(465920K)] 952302K->656912K(1523712K), 0.0208854 secs] [Times: user=0.04 sys=0.00, real=0.02 secs] 
2936.885: [GC (Allocation Failure) [PSYoungGen: 354984K->17442K(465920K)] 889872K->552652K(1523712K), 0.0055346 secs] [Times: user=0.02 sys=0.00, real=0.01 secs] 
2937.220: [GC (Allocation Failure) [PSYoungGen: 250402K->186293K(465920K)] 785612K->722757K(1523712K), 0.0203994 secs] [Times: user=0.03 sys=0.00, real=0.02 secs] 
2937.510: [GC (Allocation Failure) [PSYoungGen: 419253K->185940K(465920K)] 955717K->722813K(1523712K), 0.0205794 secs] [Times: user=0.03 sys=0.00, real=0.02 secs] 
2938.183: [GC (Allocation Failure) [PSYoungGen: 418900K->109107K(465920K)] 955773K->646117K(1523712K), 0.0143843 secs] [Times: user=0.03 sys=0.00, real=0.01 secs] 
2940.021: [GC (Allocation Failure) [PSYoungGen: 342067K->31226K(465920K)] 879077K->568541K(1523712K), 0.0069169 secs] [Times: user=0.02 sys=0.00, real=0.00 secs] 
2940.425: [GC (Allocation Failure) [PSYoungGen: 264186K->185747K(465920K)] 801501K->724445K(1523712K), 0.0204579 secs] [Times: user=0.03 sys=0.00, real=0.02 secs] 
2940.711: [GC (Allocation Failure) [PSYoungGen: 418707K->184430K(465920K)] 957405K->723280K(1523712K), 0.0202064 secs] [Times: user=0.03 sys=0.00, real=0.02 secs] 
2941.901: [GC (Allocation Failure) [PSYoungGen: 415391K->97412K(465920K)] 954242K->636527K(1523712K), 0.0124022 secs] [Times: user=0.03 sys=0.00, real=0.01 secs] 
2942.741: [GC (Allocation Failure) [PSYoungGen: 330372K->38166K(465920K)] 869487K->577595K(1523712K), 0.0055139 secs] [Times: user=0.02 sys=0.00, real=0.00 secs] 
2943.070: [GC (Allocation Failure) [PSYoungGen: 271126K->184365K(465920K)] 810555K->725048K(1523712K), 0.0203242 secs] [Times: user=0.02 sys=0.00, real=0.02 secs] 
2943.364: [GC (Allocation Failure) [PSYoungGen: 417325K->184494K(465920K)] 958008K->725458K(1523712K), 0.0205859 secs] [Times: user=0.03 sys=0.00, real=0.02 secs] 
2945.605: [GC (Allocation Failure) [PSYoungGen: 407375K->91757K(465920K)] 948338K->632994K(1523712K), 0.0194015 secs] [Times: user=0.03 sys=0.00, real=0.02 secs] 
2946.506: [GC (Allocation Failure) [PSYoungGen: 324717K->38195K(465920K)] 865954K->579748K(1523712K), 0.0055187 secs] [Times: user=0.01 sys=0.00, real=0.01 secs] 
2946.835: [GC (Allocation Failure) [PSYoungGen: 271155K->184719K(465920K)] 812708K->727645K(1523712K), 0.0205238 secs] [Times: user=0.02 sys=0.00, real=0.02 secs] 
2947.121: [GC (Allocation Failure) [PSYoungGen: 417679K->184687K(465920K)] 960605K->727766K(1523712K), 0.0203873 secs] [Times: user=0.03 sys=0.00, real=0.02 secs] 
2948.349: [GC (Allocation Failure) [PSYoungGen: 407115K->91178K(465920K)] 950194K->634523K(1523712K), 0.0193104 secs] [Times: user=0.04 sys=0.00, real=0.02 secs] 
2949.394: [GC (Allocation Failure) [PSYoungGen: 324138K->38037K(465920K)] 867483K->581692K(1523712K), 0.0058073 secs] [Times: user=0.02 sys=0.00, real=0.01 secs] 
2949.664: [GC (Allocation Failure) [PSYoungGen: 270997K->183916K(465920K)] 814652K->728824K(1523712K), 0.0202654 secs] [Times: user=0.02 sys=0.00, real=0.02 secs] 
2949.949: [GC (Allocation Failure) [PSYoungGen: 416876K->184366K(465920K)] 961784K->729683K(1523712K), 0.0201411 secs] [Times: user=0.03 sys=0.00, real=0.02 secs] 
2951.544: [GC (Allocation Failure) [PSYoungGen: 409586K->92367K(465920K)] 954903K->637821K(1523712K), 0.0104052 secs] [Times: user=0.02 sys=0.00, real=0.01 secs] 
2952.759: [GC (Allocation Failure) [PSYoungGen: 325327K->37809K(465920K)] 870781K->583579K(1523712K), 0.0054811 secs] [Times: user=0.01 sys=0.00, real=0.01 secs] 
2953.030: [GC (Allocation Failure) [PSYoungGen: 270769K->184719K(465920K)] 816539K->731734K(1523712K), 0.0203503 secs] [Times: user=0.03 sys=0.00, real=0.02 secs] 
2953.394: [GC (Allocation Failure) [PSYoungGen: 417679K->184622K(465920K)] 964694K->732047K(1523712K), 0.0203123 secs] [Times: user=0.03 sys=0.00, real=0.02 secs] 
2954.094: [GC (Allocation Failure) [PSYoungGen: 407075K->91677K(465920K)] 954500K->639262K(1523712K), 0.0117925 secs] [Times: user=0.02 sys=0.00, real=0.01 secs] 
2954.926: [GC (Allocation Failure) [PSYoungGen: 324637K->38037K(465920K)] 872222K->585941K(1523712K), 0.0054792 secs] [Times: user=0.02 sys=0.00, real=0.01 secs] 
2955.196: [GC (Allocation Failure) [PSYoungGen: 270997K->184430K(465920K)] 818901K->733579K(1523712K), 0.0202950 secs] [Times: user=0.02 sys=0.00, real=0.02 secs] 
2955.480: [GC (Allocation Failure) [PSYoungGen: 417390K->184558K(465920K)] 966539K->733988K(1523712K), 0.0203812 secs] [Times: user=0.03 sys=0.00, real=0.02 secs] 
2956.118: [GC (Allocation Failure) [PSYoungGen: 407092K->91741K(465920K)] 956522K->641436K(1523712K), 0.0115125 secs] [Times: user=0.02 sys=0.00, real=0.02 secs] 
2956.952: [GC (Allocation Failure) [PSYoungGen: 324701K->38037K(465920K)] 874396K->588046K(1523712K), 0.0054919 secs] [Times: user=0.01 sys=0.00, real=0.00 secs] 
2957.223: [GC (Allocation Failure) [PSYoungGen: 270997K->184462K(465920K)] 821006K->735724K(1523712K), 0.0202195 secs] [Times: user=0.03 sys=0.00, real=0.02 secs] 
2957.507: [GC (Allocation Failure) [PSYoungGen: 417422K->184526K(465920K)] 968684K->736070K(1523712K), 0.0203279 secs] [Times: user=0.03 sys=0.00, real=0.02 secs] 
2958.153: [GC (Allocation Failure) [PSYoungGen: 407057K->91661K(465920K)] 958601K->643469K(1523712K), 0.0117572 secs] [Times: user=0.02 sys=0.00, real=0.01 secs] 
2958.969: [GC (Allocation Failure) [PSYoungGen: 324621K->38037K(465920K)] 876429K->590160K(1523712K), 0.0055178 secs] [Times: user=0.01 sys=0.00, real=0.01 secs] 
2959.238: [GC (Allocation Failure) [PSYoungGen: 270997K->184430K(465920K)] 823120K->737806K(1523712K), 0.0204397 secs] [Times: user=0.03 sys=0.00, real=0.02 secs] 
2959.587: [GC (Allocation Failure) [PSYoungGen: 417390K->184301K(465920K)] 970766K->737958K(1523712K), 0.0203080 secs] [Times: user=0.02 sys=0.00, real=0.02 secs] 
2960.918: [GC (Allocation Failure) [PSYoungGen: 409340K->92046K(465920K)] 962998K->646096K(1523712K), 0.0161341 secs] [Times: user=0.03 sys=0.00, real=0.02 secs] 
2962.355: [GC (Allocation Failure) [PSYoungGen: 325006K->37809K(465920K)] 879056K->592039K(1523712K), 0.0064995 secs] [Times: user=0.02 sys=0.00, real=0.01 secs] 
2962.635: [GC (Allocation Failure) [PSYoungGen: 270769K->184687K(465920K)] 824999K->740170K(1523712K), 0.0205094 secs] [Times: user=0.03 sys=0.00, real=0.02 secs] 
2962.919: [GC (Allocation Failure) [PSYoungGen: 417647K->184398K(465920K)] 973130K->740162K(1523712K), 0.0203549 secs] [Times: user=0.03 sys=0.00, real=0.02 secs] 
2964.831: [GC (Allocation Failure) [PSYoungGen: 406891K->91869K(465920K)] 962655K->647899K(1523712K), 0.0241659 secs] [Times: user=0.04 sys=0.00, real=0.02 secs] 
2967.423: [GC (Allocation Failure) [PSYoungGen: 324829K->37938K(465920K)] 880859K->594291K(1523712K), 0.0080611 secs] [Times: user=0.02 sys=0.00, real=0.01 secs] 
2967.748: [GC (Allocation Failure) [PSYoungGen: 270898K->184976K(465920K)] 827251K->742583K(1523712K), 0.0207395 secs] [Times: user=0.03 sys=0.00, real=0.02 secs] 
2968.032: [GC (Allocation Failure) [PSYoungGen: 417936K->183819K(465920K)] 975543K->741707K(1523712K), 0.0202285 secs] [Times: user=0.02 sys=0.00, real=0.02 secs] 
2969.019: [GC (Allocation Failure) [PSYoungGen: 409350K->92094K(465920K)] 967238K->650247K(1523712K), 0.0113851 secs] [Times: user=0.02 sys=0.00, real=0.02 secs] 
2970.270: [GC (Allocation Failure) [PSYoungGen: 325054K->37909K(465920K)] 883207K->596362K(1523712K), 0.0090261 secs] [Times: user=0.02 sys=0.00, real=0.00 secs] 
2970.682: [GC (Allocation Failure) [PSYoungGen: 270869K->184687K(465920K)] 829322K->744393K(1523712K), 0.0205310 secs] [Times: user=0.02 sys=0.00, real=0.02 secs] 
2970.966: [GC (Allocation Failure) [PSYoungGen: 417647K->184655K(465920K)] 977353K->744642K(1523712K), 0.0208527 secs] [Times: user=0.03 sys=0.00, real=0.02 secs] 
2972.999: [GC (Allocation Failure) [PSYoungGen: 407217K->91484K(465920K)] 967204K->651744K(1523712K), 0.0293391 secs] [Times: user=0.06 sys=0.00, real=0.03 secs] 
2974.971: [GC (Allocation Failure) [PSYoungGen: 324444K->37780K(465920K)] 884704K->598359K(1523712K), 0.0077076 secs] [Times: user=0.01 sys=0.00, real=0.00 secs] 
2975.291: [GC (Allocation Failure) [PSYoungGen: 270740K->183819K(465920K)] 831319K->745659K(1523712K), 0.0203285 secs] [Times: user=0.03 sys=0.00, real=0.02 secs] 
2975.581: [GC (Allocation Failure) [PSYoungGen: 416779K->184719K(465920K)] 978619K->746840K(1523712K), 0.0204293 secs] [Times: user=0.02 sys=0.00, real=0.02 secs] 
2977.168: [GC (Allocation Failure) [PSYoungGen: 410152K->92544K(465920K)] 972273K->654938K(1523712K), 0.0188624 secs] [Times: user=0.04 sys=0.00, real=0.02 secs] 
2978.024: [GC (Allocation Failure) [PSYoungGen: 325504K->38163K(465920K)] 887898K->600865K(1523712K), 0.0055688 secs] [Times: user=0.01 sys=0.00, real=0.01 secs] 
2978.296: [GC (Allocation Failure) [PSYoungGen: 271123K->184558K(465920K)] 833825K->748643K(1523712K), 0.0205800 secs] [Times: user=0.02 sys=0.00, real=0.02 secs] 
2978.589: [GC (Allocation Failure) [PSYoungGen: 417518K->184687K(465920K)] 981603K->748924K(1523712K), 0.0202220 secs] [Times: user=0.03 sys=0.00, real=0.02 secs] 
2979.269: [GC (Allocation Failure) [PSYoungGen: 407254K->91323K(465920K)] 971491K->655833K(1523712K), 0.0111164 secs] [Times: user=0.02 sys=0.01, real=0.02 secs] 
2980.822: [GC (Allocation Failure) [PSYoungGen: 324283K->37649K(465920K)] 888793K->602482K(1523712K), 0.0067727 secs] [Times: user=0.02 sys=0.00, real=0.00 secs] 
2981.178: [GC (Allocation Failure) [PSYoungGen: 270609K->183916K(465920K)] 835442K->750003K(1523712K), 0.0204505 secs] [Times: user=0.03 sys=0.00, real=0.02 secs] 
2981.523: [GC (Allocation Failure) [PSYoungGen: 416876K->184847K(465920K)] 982963K->751216K(1523712K), 0.0206198 secs] [Times: user=0.02 sys=0.00, real=0.02 secs] 
2982.870: [GC (Allocation Failure) [PSYoungGen: 410173K->92351K(465920K)] 976541K->659121K(1523712K), 0.0189850 secs] [Times: user=0.04 sys=0.00, real=0.01 secs] 
2984.602: [GC (Allocation Failure) [PSYoungGen: 325311K->37716K(465920K)] 892081K->604681K(1523712K), 0.0066496 secs] [Times: user=0.02 sys=0.00, real=0.00 secs] 
2984.899: [GC (Allocation Failure) [PSYoungGen: 270676K->184076K(465920K)] 837641K->752303K(1523712K), 0.0202385 secs] [Times: user=0.03 sys=0.00, real=0.02 secs] 
2985.183: [GC (Allocation Failure) [PSYoungGen: 417036K->184558K(465920K)] 985263K->753066K(1523712K), 0.0202211 secs] [Times: user=0.02 sys=0.00, real=0.02 secs] 
2985.783: [GC (Allocation Failure) [PSYoungGen: 409719K->92512K(465920K)] 978226K->661285K(1523712K), 0.0106408 secs] [Times: user=0.02 sys=0.00, real=0.01 secs] 
2986.781: [GC (Allocation Failure) [PSYoungGen: 325472K->37909K(465920K)] 894245K->606992K(1523712K), 0.0054804 secs] [Times: user=0.01 sys=0.00, real=0.00 secs] 
2987.109: [GC (Allocation Failure) [PSYoungGen: 270869K->184719K(465920K)] 839952K->755055K(1523712K), 0.0204237 secs] [Times: user=0.03 sys=0.00, real=0.03 secs] 
2987.462: [GC (Allocation Failure) [PSYoungGen: 417679K->184655K(465920K)] 988015K->755272K(1523712K), 0.0206169 secs] [Times: user=0.03 sys=0.00, real=0.02 secs] 
2989.697: [GC (Allocation Failure) [PSYoungGen: 407205K->91452K(465920K)] 977822K->662342K(1523712K), 0.0269692 secs] [Times: user=0.06 sys=0.00, real=0.03 secs] 
2992.558: [GC (Allocation Failure) [PSYoungGen: 324412K->37877K(465920K)] 895302K->609075K(1523712K), 0.0076491 secs] [Times: user=0.02 sys=0.00, real=0.01 secs] 
2992.875: [GC (Allocation Failure) [PSYoungGen: 270837K->183819K(465920K)] 842035K->756271K(1523712K), 0.0204188 secs] [Times: user=0.03 sys=0.00, real=0.02 secs] 
2993.218: [GC (Allocation Failure) [PSYoungGen: 416779K->184430K(465920K)] 989231K->757163K(1523712K), 0.0205705 secs] [Times: user=0.03 sys=0.00, real=0.02 secs] 
2994.909: [GC (Allocation Failure) [PSYoungGen: 409821K->92672K(465920K)] 982554K->665686K(1523712K), 0.0170977 secs] [Times: user=0.03 sys=0.00, real=0.02 secs] 
2997.047: [GC (Allocation Failure) [PSYoungGen: 325632K->37777K(465920K)] 898646K->611107K(1523712K), 0.0071559 secs] [Times: user=0.01 sys=0.00, real=0.01 secs] 
2997.352: [GC (Allocation Failure) [PSYoungGen: 270737K->184719K(465920K)] 844067K->759302K(1523712K), 0.0202278 secs] [Times: user=0.03 sys=0.00, real=0.02 secs] 
2997.638: [GC (Allocation Failure) [PSYoungGen: 417679K->184719K(465920K)] 992262K->759583K(1523712K), 0.0205953 secs] [Times: user=0.03 sys=0.00, real=0.02 secs] 
2998.608: [GC (Allocation Failure) [PSYoungGen: 407283K->91596K(465920K)] 982148K->666725K(1523712K), 0.0112479 secs] [Times: user=0.03 sys=0.00, real=0.01 secs] 
3000.374: [GC (Allocation Failure) [PSYoungGen: 324556K->37392K(465920K)] 899685K->612835K(1523712K), 0.0065402 secs] [Times: user=0.02 sys=0.00, real=0.01 secs] 
3000.667: [GC (Allocation Failure) [PSYoungGen: 270352K->183819K(465920K)] 845795K->760516K(1523712K), 0.0200982 secs] [Times: user=0.03 sys=0.00, real=0.02 secs] 
3000.957: [GC (Allocation Failure) [PSYoungGen: 416779K->184430K(465920K)] 993476K->761407K(1523712K), 0.0203310 secs] [Times: user=0.03 sys=0.00, real=0.02 secs] 
3001.806: [GC (Allocation Failure) [PSYoungGen: 409661K->93170K(465920K)] 986638K->670413K(1523712K), 0.0112535 secs] [Times: user=0.02 sys=0.00, real=0.01 secs] 
3002.619: [GC (Allocation Failure) [PSYoungGen: 326130K->38066K(465920K)] 903373K->615631K(1523712K), 0.0071341 secs] [Times: user=0.02 sys=0.00, real=0.01 secs] 
3002.971: [GC (Allocation Failure) [PSYoungGen: 271026K->184719K(465920K)] 848591K->763529K(1523712K), 0.0204580 secs] [Times: user=0.03 sys=0.00, real=0.02 secs] 
3003.260: [GC (Allocation Failure) [PSYoungGen: 417679K->184655K(465920K)] 996489K->763874K(1523712K), 0.0206209 secs] [Times: user=0.03 sys=0.00, real=0.02 secs] 
3003.900: [GC (Allocation Failure) [PSYoungGen: 407129K->91371K(465920K)] 986349K->670856K(1523712K), 0.0118663 secs] [Times: user=0.02 sys=0.00, real=0.01 secs] 
3004.711: [GC (Allocation Failure) [PSYoungGen: 324331K->38066K(465920K)] 903816K->617738K(1523712K), 0.0055252 secs] [Times: user=0.02 sys=0.00, real=0.00 secs] 
3004.980: [GC (Allocation Failure) [PSYoungGen: 271026K->183948K(465920K)] 850698K->764873K(1523712K), 0.0204129 secs] [Times: user=0.03 sys=0.00, real=0.02 secs] 
3005.265: [GC (Allocation Failure) [PSYoungGen: 416908K->184847K(465920K)] 997833K->766054K(1523712K), 0.0203459 secs] [Times: user=0.03 sys=0.00, real=0.02 secs] 
3005.880: [GC (Allocation Failure) [PSYoungGen: 405546K->91982K(465920K)] 986753K->673582K(1523712K), 0.0107466 secs] [Times: user=0.02 sys=0.00, real=0.01 secs] 
3006.695: [GC (Allocation Failure) [PSYoungGen: 324942K->38066K(465920K)] 906542K->619852K(1523712K), 0.0056361 secs] [Times: user=0.01 sys=0.00, real=0.01 secs] 
3006.965: [GC (Allocation Failure) [PSYoungGen: 271026K->184590K(465920K)] 852812K->767750K(1523712K), 0.0203124 secs] [Times: user=0.03 sys=0.00, real=0.02 secs] 
3007.249: [GC (Allocation Failure) [PSYoungGen: 417550K->184687K(465920K)] 1000710K->767999K(1523712K), 0.0202651 secs] [Times: user=0.03 sys=0.00, real=0.02 secs] 
3007.895: [GC (Allocation Failure) [PSYoungGen: 407250K->91484K(465920K)] 990562K->675061K(1523712K), 0.0106199 secs] [Times: user=0.02 sys=0.01, real=0.01 secs] 
3008.926: [GC (Allocation Failure) [PSYoungGen: 324444K->37906K(465920K)] 908021K->621791K(1523712K), 0.0066645 secs] [Times: user=0.02 sys=0.00, real=0.01 secs] 
3009.209: [GC (Allocation Failure) [PSYoungGen: 270866K->183916K(465920K)] 854751K->769046K(1523712K), 0.0231766 secs] [Times: user=0.03 sys=0.00, real=0.03 secs] 
3009.503: [GC (Allocation Failure) [PSYoungGen: 416876K->184430K(465920K)] 1002006K->769841K(1523712K), 0.0201547 secs] [Times: user=0.02 sys=0.00, real=0.02 secs] 
3011.154: [GC (Allocation Failure) [PSYoungGen: 409634K->92544K(465920K)] 995045K->678228K(1523712K), 0.0193644 secs] [Times: user=0.04 sys=0.00, real=0.02 secs] 
3012.231: [GC (Allocation Failure) [PSYoungGen: 325504K->38002K(465920K)] 911188K->624017K(1523712K), 0.0055907 secs] [Times: user=0.02 sys=0.00, real=0.00 secs] 
3012.561: [GC (Allocation Failure) [PSYoungGen: 270962K->184687K(465920K)] 856977K->771946K(1523712K), 0.0221243 secs] [Times: user=0.04 sys=0.00, real=0.02 secs] 
3012.848: [GC (Allocation Failure) [PSYoungGen: 417647K->184719K(465920K)] 1004906K->772388K(1523712K), 0.0205663 secs] [Times: user=0.02 sys=0.00, real=0.02 secs] 
3013.462: [GC (Allocation Failure) [PSYoungGen: 407181K->91355K(465920K)] 994851K->679297K(1523712K), 0.0118274 secs] [Times: user=0.02 sys=0.00, real=0.01 secs] 
3014.425: [GC (Allocation Failure) [PSYoungGen: 324315K->38002K(465920K)] 912257K->626124K(1523712K), 0.0088133 secs] [Times: user=0.02 sys=0.01, real=0.01 secs] 
3014.782: [GC (Allocation Failure) [PSYoungGen: 270962K->184719K(465920K)] 859084K->774222K(1523712K), 0.0204570 secs] [Times: user=0.03 sys=0.00, real=0.02 secs] 
3015.066: [GC (Allocation Failure) [PSYoungGen: 417679K->184719K(465920K)] 1007182K->774375K(1523712K), 0.0203375 secs] [Times: user=0.02 sys=0.00, real=0.02 secs] 
3015.850: [GC (Allocation Failure) [PSYoungGen: 407273K->91355K(465920K)] 996930K->681276K(1523712K), 0.0119453 secs] [Times: user=0.02 sys=0.00, real=0.01 secs] 
3017.621: [GC (Allocation Failure) [PSYoungGen: 324315K->37906K(465920K)] 914236K->628137K(1523712K), 0.0074048 secs] [Times: user=0.02 sys=0.00, real=0.00 secs] 
3017.937: [GC (Allocation Failure) [PSYoungGen: 270866K->184719K(465920K)] 861097K->776324K(1523712K), 0.0203666 secs] [Times: user=0.03 sys=0.00, real=0.02 secs] 
3018.222: [GC (Allocation Failure) [PSYoungGen: 417679K->184719K(465920K)] 1009284K->776477K(1523712K), 0.0202504 secs] [Times: user=0.03 sys=0.00, real=0.02 secs] 
3018.959: [GC (Allocation Failure) [PSYoungGen: 407274K->91516K(465920K)] 999032K->683539K(1523712K), 0.0117153 secs] [Times: user=0.03 sys=0.00, real=0.02 secs] 
3019.907: [GC (Allocation Failure) [PSYoungGen: 324476K->38005K(465920K)] 916499K->630336K(1523712K), 0.0056665 secs] [Times: user=0.01 sys=0.00, real=0.01 secs] 
3020.176: [GC (Allocation Failure) [PSYoungGen: 270965K->183948K(465920K)] 863296K->777532K(1523712K), 0.0204305 secs] [Times: user=0.02 sys=0.00, real=0.02 secs] 
3020.520: [GC (Allocation Failure) [PSYoungGen: 416908K->184430K(465920K)] 1010492K->778295K(1523712K), 0.0205325 secs] [Times: user=0.03 sys=0.00, real=0.02 secs] 
3021.866: [GC (Allocation Failure) [PSYoungGen: 409633K->92399K(465920K)] 1003498K->686538K(1523712K), 0.0247410 secs] [Times: user=0.05 sys=0.00, real=0.03 secs] 
3023.923: [GC (Allocation Failure) [PSYoungGen: 325359K->37941K(465920K)] 919498K->632395K(1523712K), 0.0073823 secs] [Times: user=0.02 sys=0.00, real=0.01 secs] 
3024.230: [GC (Allocation Failure) [PSYoungGen: 270901K->184751K(465920K)] 865355K->780466K(1523712K), 0.0204057 secs] [Times: user=0.03 sys=0.00, real=0.02 secs] 
3024.579: [GC (Allocation Failure) [PSYoungGen: 417711K->184687K(465920K)] 1013426K->780812K(1523712K), 0.0209746 secs] [Times: user=0.03 sys=0.00, real=0.03 secs] 
3026.268: [GC (Allocation Failure) [PSYoungGen: 407117K->91484K(465920K)] 1003243K->687890K(1523712K), 0.0269938 secs] [Times: user=0.05 sys=0.00, real=0.03 secs] 
3027.784: [GC (Allocation Failure) [PSYoungGen: 324444K->38037K(465920K)] 920850K->634629K(1523712K), 0.0055636 secs] [Times: user=0.02 sys=0.00, real=0.01 secs] 
3028.057: [GC (Allocation Failure) [PSYoungGen: 270997K->184719K(465920K)] 867589K->782692K(1523712K), 0.0210525 secs] [Times: user=0.03 sys=0.00, real=0.02 secs] 
3028.406: [GC (Allocation Failure) [PSYoungGen: 417679K->184655K(465920K)] 1015652K->782781K(1523712K), 0.0208733 secs] [Times: user=0.03 sys=0.00, real=0.02 secs] 
3030.952: [GC (Allocation Failure) [PSYoungGen: 407210K->91403K(465920K)] 1005336K->689794K(1523712K), 0.0197296 secs] [Times: user=0.04 sys=0.00, real=0.02 secs] 
3032.615: [GC (Allocation Failure) [PSYoungGen: 324363K->37938K(465920K)] 922754K->636643K(1523712K), 0.0066946 secs] [Times: user=0.01 sys=0.00, real=0.01 secs] 
3032.965: [GC (Allocation Failure) [PSYoungGen: 270898K->183819K(465920K)] 869603K->783770K(1523712K), 0.0204351 secs] [Times: user=0.03 sys=0.00, real=0.02 secs] 
3033.251: [GC (Allocation Failure) [PSYoungGen: 416779K->184398K(465920K)] 1016730K->784629K(1523712K), 0.0202552 secs] [Times: user=0.03 sys=0.00, real=0.02 secs] 
3034.467: [GC (Allocation Failure) [PSYoungGen: 409539K->92672K(465920K)] 1009771K->693305K(1523712K), 0.0160006 secs] [Times: user=0.03 sys=0.00, real=0.02 secs] 
3035.663: [GC (Allocation Failure) [PSYoungGen: 325632K->37938K(465920K)] 926265K->638756K(1523712K), 0.0065011 secs] [Times: user=0.01 sys=0.00, real=0.01 secs] 
3035.940: [GC (Allocation Failure) [PSYoungGen: 270898K->184687K(465920K)] 871716K->786759K(1523712K), 0.0203916 secs] [Times: user=0.02 sys=0.00, real=0.02 secs] 
3036.289: [GC (Allocation Failure) [PSYoungGen: 417647K->184719K(465920K)] 1019719K->787200K(1523712K), 0.0203299 secs] [Times: user=0.03 sys=0.00, real=0.02 secs] 
3037.553: [GC (Allocation Failure) [PSYoungGen: 407150K->91499K(465920K)] 1009631K->694246K(1523712K), 0.0132273 secs] [Times: user=0.02 sys=0.00, real=0.01 secs] 
3039.802: [GC (Allocation Failure) [PSYoungGen: 324459K->37617K(465920K)] 927206K->640559K(1523712K), 0.0081071 secs] [Times: user=0.01 sys=0.00, real=0.01 secs] 
3040.133: [GC (Allocation Failure) [PSYoungGen: 270577K->183787K(465920K)] 873519K->787982K(1523712K), 0.0203122 secs] [Times: user=0.03 sys=0.00, real=0.02 secs] 
3040.418: [GC (Allocation Failure) [PSYoungGen: 416747K->184398K(465920K)] 1020942K->788874K(1523712K), 0.0203659 secs] [Times: user=0.02 sys=0.00, real=0.02 secs] 
3041.753: [GC (Allocation Failure) [PSYoungGen: 409637K->92897K(465920K)] 1014114K->697647K(1523712K), 0.0162378 secs] [Times: user=0.03 sys=0.00, real=0.02 secs] 
3043.502: [GC (Allocation Failure) [PSYoungGen: 325857K->37941K(465920K)] 930607K->643012K(1523712K), 0.0069250 secs] [Times: user=0.02 sys=0.00, real=0.01 secs] 
3043.803: [GC (Allocation Failure) [PSYoungGen: 270901K->184590K(465920K)] 875972K->791052K(1523712K), 0.0203760 secs] [Times: user=0.03 sys=0.00, real=0.02 secs] 
3044.140: [GC (Allocation Failure) [PSYoungGen: 417550K->184398K(465920K)] 1024012K->791012K(1523712K), 0.0203020 secs] [Times: user=0.03 sys=0.00, real=0.02 secs] 
3045.045: [GC (Allocation Failure) [PSYoungGen: 406880K->91853K(465920K)] 1013494K->698732K(1523712K), 0.0123430 secs] [Times: user=0.02 sys=0.00, real=0.01 secs] 
3045.893: [GC (Allocation Failure) [PSYoungGen: 324813K->38037K(465920K)] 931692K->645232K(1523712K), 0.0054966 secs] [Times: user=0.01 sys=0.00, real=0.00 secs] 
3046.225: [GC (Allocation Failure) [PSYoungGen: 270997K->184719K(465920K)] 878192K->793167K(1523712K), 0.0205663 secs] [Times: user=0.02 sys=0.00, real=0.02 secs] 
3046.567: [GC (Allocation Failure) [PSYoungGen: 417679K->184655K(465920K)] 1026127K->793384K(1523712K), 0.0204167 secs] [Times: user=0.02 sys=0.00, real=0.02 secs] 
3047.518: [GC (Allocation Failure) [PSYoungGen: 407194K->91323K(465920K)] 1015923K->700325K(1523712K), 0.0120784 secs] [Times: user=0.02 sys=0.00, real=0.02 secs] 
3049.287: [GC (Allocation Failure) [PSYoungGen: 324283K->37652K(465920K)] 933285K->646976K(1523712K), 0.0071738 secs] [Times: user=0.01 sys=0.00, real=0.01 secs] 
3049.668: [GC (Allocation Failure) [PSYoungGen: 270612K->184687K(465920K)] 879936K->795393K(1523712K), 0.0205552 secs] [Times: user=0.03 sys=0.00, real=0.02 secs] 
3050.010: [GC (Allocation Failure) [PSYoungGen: 417647K->184687K(465920K)] 1028353K->795545K(1523712K), 0.0203388 secs] [Times: user=0.03 sys=0.00, real=0.02 secs] 
3051.230: [GC (Allocation Failure) [PSYoungGen: 407495K->91789K(465920K)] 1018354K->702928K(1523712K), 0.0160884 secs] [Times: user=0.03 sys=0.00, real=0.01 secs] 
3052.597: [GC (Allocation Failure) [PSYoungGen: 324749K->37877K(465920K)] 935888K->649342K(1523712K), 0.0070516 secs] [Times: user=0.02 sys=0.00, real=0.01 secs] 
3052.890: [GC (Allocation Failure) [PSYoungGen: 270837K->184719K(465920K)] 882302K->797566K(1523712K), 0.0203244 secs] [Times: user=0.03 sys=0.00, real=0.02 secs] 
3053.236: [GC (Allocation Failure) [PSYoungGen: 417679K->184687K(465920K)] 1030526K->797687K(1523712K), 0.0202433 secs] [Times: user=0.03 sys=0.01, real=0.02 secs] 
3053.832: [GC (Allocation Failure) [PSYoungGen: 407272K->91516K(465920K)] 1020272K->704781K(1523712K), 0.0116491 secs] [Times: user=0.03 sys=0.00, real=0.01 secs] 
3054.975: [GC (Allocation Failure) [PSYoungGen: 324476K->37938K(465920K)] 937741K->651517K(1523712K), 0.0063973 secs] [Times: user=0.02 sys=0.00, real=0.01 secs] 
3055.255: [GC (Allocation Failure) [PSYoungGen: 270898K->183948K(465920K)] 884477K->798780K(1523712K), 0.0203245 secs] [Times: user=0.03 sys=0.00, real=0.02 secs] 
3055.616: [GC (Allocation Failure) [PSYoungGen: 416908K->184430K(465920K)] 1031740K->799543K(1523712K), 0.0202669 secs] [Times: user=0.03 sys=0.00, real=0.02 secs] 
3057.804: [GC (Allocation Failure) [PSYoungGen: 409638K->92528K(465920K)] 1024752K->707914K(1523712K), 0.0241973 secs] [Times: user=0.05 sys=0.00, real=0.02 secs] 
3059.496: [GC (Allocation Failure) [PSYoungGen: 325488K->38002K(465920K)] 940874K->653705K(1523712K), 0.0064632 secs] [Times: user=0.01 sys=0.00, real=0.01 secs] 
3059.775: [GC (Allocation Failure) [PSYoungGen: 270962K->184205K(465920K)] 886665K->801161K(1523712K), 0.0204066 secs] [Times: user=0.03 sys=0.00, real=0.02 secs] 
3060.062: [GC (Allocation Failure) [PSYoungGen: 417165K->184912K(465920K)] 1034121K->802149K(1523712K), 0.0202714 secs] [Times: user=0.03 sys=0.00, real=0.02 secs] 
3061.872: [GC (Allocation Failure) [PSYoungGen: 407629K->91580K(465920K)] 1024866K->709082K(1523712K), 0.0157368 secs] [Times: user=0.04 sys=0.00, real=0.01 secs] 
3063.113: [GC (Allocation Failure) [PSYoungGen: 324540K->37780K(465920K)] 942042K->655594K(1523712K), 0.0056964 secs] [Times: user=0.01 sys=0.00, real=0.00 secs] 
3063.384: [GC (Allocation Failure) [PSYoungGen: 270740K->184847K(465920K)] 888554K->803915K(1523712K), 0.0204454 secs] [Times: user=0.03 sys=0.00, real=0.02 secs] 
3063.727: [GC (Allocation Failure) [PSYoungGen: 417807K->184237K(465920K)] 1036875K->803601K(1523712K), 0.0202424 secs] [Times: user=0.03 sys=0.00, real=0.02 secs] 
3064.921: [GC (Allocation Failure) [PSYoungGen: 409562K->91998K(465920K)] 1028927K->711627K(1523712K), 0.0131973 secs] [Times: user=0.03 sys=0.00, real=0.01 secs] 
3066.650: [GC (Allocation Failure) [PSYoungGen: 324958K->37652K(465920K)] 944587K->657599K(1523712K), 0.0069201 secs] [Times: user=0.02 sys=0.00, real=0.00 secs] 
3066.945: [GC (Allocation Failure) [PSYoungGen: 270612K->184687K(465920K)] 890559K->806001K(1523712K), 0.0206625 secs] [Times: user=0.03 sys=0.00, real=0.02 secs] 
3067.230: [GC (Allocation Failure) [PSYoungGen: 417647K->184398K(465920K)] 1038961K->805864K(1523712K), 0.0204593 secs] [Times: user=0.02 sys=0.00, real=0.02 secs] 
3067.920: [GC (Allocation Failure) [PSYoungGen: 409277K->91998K(465920K)] 1030744K->713737K(1523712K), 0.0113887 secs] [Times: user=0.02 sys=0.00, real=0.01 secs] 
3068.933: [GC (Allocation Failure) [PSYoungGen: 324958K->38066K(465920K)] 946697K->660122K(1523712K), 0.0091049 secs] [Times: user=0.02 sys=0.00, real=0.01 secs] 
3069.275: [GC (Allocation Failure) [PSYoungGen: 271026K->184558K(465920K)] 893082K->807867K(1523712K), 0.0204260 secs] [Times: user=0.03 sys=0.00, real=0.02 secs] 
3069.558: [GC (Allocation Failure) [PSYoungGen: 417518K->184333K(465920K)] 1040827K->807923K(1523712K), 0.0203790 secs] [Times: user=0.03 sys=0.00, real=0.02 secs] 
3070.238: [GC (Allocation Failure) [PSYoungGen: 406652K->91869K(465920K)] 1030242K->715724K(1523712K), 0.0120926 secs] [Times: user=0.02 sys=0.00, real=0.02 secs] 
3071.600: [GC (Allocation Failure) [PSYoungGen: 324829K->37809K(465920K)] 948684K->661966K(1523712K), 0.0069253 secs] [Times: user=0.01 sys=0.00, real=0.00 secs] 
3071.893: [GC (Allocation Failure) [PSYoungGen: 270769K->184687K(465920K)] 894926K->810097K(1523712K), 0.0205189 secs] [Times: user=0.03 sys=0.00, real=0.02 secs] 
3072.177: [GC (Allocation Failure) [PSYoungGen: 417647K->184012K(465920K)] 1043057K->809704K(1523712K), 0.0203713 secs] [Times: user=0.02 sys=0.00, real=0.02 secs] 
3073.470: [GC (Allocation Failure) [PSYoungGen: 408010K->92287K(465920K)] 1033702K->718251K(1523712K), 0.0162042 secs] [Times: user=0.04 sys=0.00, real=0.01 secs] 
3074.875: [GC (Allocation Failure) [PSYoungGen: 325247K->37909K(465920K)] 951211K->664195K(1523712K), 0.0065703 secs] [Times: user=0.01 sys=0.00, real=0.01 secs] 
3075.161: [GC (Allocation Failure) [PSYoungGen: 270869K->184430K(465920K)] 897155K->811970K(1523712K), 0.0203536 secs] [Times: user=0.03 sys=0.00, real=0.02 secs] 
3075.445: [GC (Allocation Failure) [PSYoungGen: 417390K->184301K(465920K)] 1044930K->812122K(1523712K), 0.0202509 secs] [Times: user=0.03 sys=0.00, real=0.02 secs] 
3076.092: [GC (Allocation Failure) [PSYoungGen: 409338K->92126K(465920K)] 1037159K->720341K(1523712K), 0.0107873 secs] [Times: user=0.03 sys=0.00, real=0.01 secs] 
3077.181: [GC (Allocation Failure) [PSYoungGen: 325086K->37909K(465920K)] 953301K->666305K(1523712K), 0.0056085 secs] [Times: user=0.01 sys=0.00, real=0.00 secs] 
3077.451: [GC (Allocation Failure) [PSYoungGen: 270869K->184687K(465920K)] 899265K->814465K(1523712K), 0.0205012 secs] [Times: user=0.03 sys=0.00, real=0.02 secs] 
3077.741: [GC (Allocation Failure) [PSYoungGen: 417647K->184398K(465920K)] 1047425K->814328K(1523712K), 0.0202921 secs] [Times: user=0.03 sys=0.00, real=0.02 secs] 
3078.737: [GC (Allocation Failure) [PSYoungGen: 406972K->91709K(465920K)] 1036903K->721904K(1523712K), 0.0126936 secs] [Times: user=0.03 sys=0.00, real=0.02 secs] 
3080.859: [GC (Allocation Failure) [PSYoungGen: 324669K->37620K(465920K)] 954864K->668131K(1523712K), 0.0073106 secs] [Times: user=0.02 sys=0.00, real=0.01 secs] 
3081.174: [GC (Allocation Failure) [PSYoungGen: 270580K->184462K(465920K)] 901091K->816227K(1523712K), 0.0203919 secs] [Times: user=0.02 sys=0.00, real=0.02 secs] 
3081.459: [GC (Allocation Failure) [PSYoungGen: 417422K->184558K(465920K)] 1049187K->816604K(1523712K), 0.0203973 secs] [Times: user=0.03 sys=0.00, real=0.03 secs] 
3082.786: [GC (Allocation Failure) [PSYoungGen: 407608K->92126K(465920K)] 1039654K->724445K(1523712K), 0.0122660 secs] [Times: user=0.03 sys=0.00, real=0.01 secs] 
3084.733: [GC (Allocation Failure) [PSYoungGen: 325086K->37713K(465920K)] 957405K->670347K(1523712K), 0.0064859 secs] [Times: user=0.01 sys=0.01, real=0.01 secs] 
3085.014: [GC (Allocation Failure) [PSYoungGen: 270673K->184719K(465920K)] 903307K->818615K(1523712K), 0.0204519 secs] [Times: user=0.03 sys=0.00, real=0.02 secs] 
3085.368: [GC (Allocation Failure) [PSYoungGen: 417679K->186486K(465920K)] 1051575K->820792K(1523712K), 0.0205062 secs] [Times: user=0.03 sys=0.00, real=0.02 secs] 
3089.698: [GC (Allocation Failure) [PSYoungGen: 419446K->92232K(465920K)] 1053752K->726811K(1523712K), 0.0170852 secs] [Times: user=0.05 sys=0.00, real=0.02 secs] 
3094.859: [GC (Allocation Failure) [PSYoungGen: 325192K->170260K(465920K)] 959771K->815972K(1523712K), 0.0424657 secs] [Times: user=0.17 sys=0.00, real=0.05 secs] 
3097.306: [GC (Allocation Failure) [PSYoungGen: 403220K->184182K(465920K)] 1048932K->883225K(1523712K), 0.1048507 secs] [Times: user=0.52 sys=0.00, real=0.11 secs] 
3098.164: [GC (Allocation Failure) [PSYoungGen: 417142K->183542K(465920K)] 1116185K->946682K(1523712K), 0.0891631 secs] [Times: user=0.45 sys=0.00, real=0.09 secs] 
3102.385: [GC (Allocation Failure) [PSYoungGen: 416502K->214932K(465920K)] 1179642K->1036112K(1523712K), 0.0999904 secs] [Times: user=0.48 sys=0.00, real=0.10 secs] 
3104.433: [GC (Allocation Failure) [PSYoungGen: 447892K->92403K(465920K)] 1269072K->982774K(1523712K), 0.0504771 secs] [Times: user=0.26 sys=0.00, real=0.05 secs] 
3104.998: [GC (Allocation Failure) [PSYoungGen: 325363K->183510K(465920K)] 1215734K->1103870K(1523712K), 0.0392806 secs] [Times: user=0.14 sys=0.03, real=0.04 secs] 
3105.160: [GC (Allocation Failure) [PSYoungGen: 416470K->184822K(465920K)] 1336830K->1161966K(1523712K), 0.0452256 secs] [Times: user=0.19 sys=0.01, real=0.04 secs] 
3106.499: [GC (Allocation Failure) [PSYoungGen: 417782K->173523K(465920K)] 1394926K->1206627K(1523712K), 0.0982827 secs] [Times: user=0.23 sys=0.12, real=0.09 secs] 
3106.598: [Full GC (Ergonomics) [PSYoungGen: 173523K->0K(465920K)] [ParOldGen: 1033104K->370434K(987648K)] 1206627K->370434K(1453568K), [Metaspace: 59892K->59892K(1105920K)], 0.5336318 secs] [Times: user=2.36 sys=0.00, real=0.54 secs] 
3108.123: [GC (Allocation Failure) [PSYoungGen: 232960K->104188K(465920K)] 603394K->474623K(1453568K), 0.0594677 secs] [Times: user=0.28 sys=0.00, real=0.06 secs] 
3109.840: [GC (Allocation Failure) [PSYoungGen: 337148K->162931K(465920K)] 707583K->567378K(1453568K), 0.0725830 secs] [Times: user=0.36 sys=0.01, real=0.07 secs] 
3110.118: [GC (Allocation Failure) [PSYoungGen: 395891K->184502K(465920K)] 800338K->640185K(1453568K), 0.0506928 secs] [Times: user=0.24 sys=0.00, real=0.05 secs] 
3110.310: [GC (Allocation Failure) [PSYoungGen: 417462K->182550K(465920K)] 873145K->702154K(1453568K), 0.0611401 secs] [Times: user=0.29 sys=0.01, real=0.06 secs] 
3110.498: [GC (Allocation Failure) [PSYoungGen: 415510K->186133K(465920K)] 935114K->763476K(1453568K), 0.0544099 secs] [Times: user=0.27 sys=0.00, real=0.06 secs] 
3111.578: [GC (Allocation Failure) [PSYoungGen: 419093K->87530K(465920K)] 996436K->735093K(1453568K), 0.0654206 secs] [Times: user=0.34 sys=0.00, real=0.07 secs] 
3111.857: [GC (Allocation Failure) [PSYoungGen: 320490K->181782K(465920K)] 968053K->857362K(1453568K), 0.0444718 secs] [Times: user=0.19 sys=0.00, real=0.05 secs] 
3112.025: [GC (Allocation Failure) [PSYoungGen: 414742K->184726K(465920K)] 1090322K->917286K(1453568K), 0.0431148 secs] [Times: user=0.20 sys=0.00, real=0.04 secs] 
3112.202: [GC (Allocation Failure) [PSYoungGen: 417686K->186741K(465920K)] 1150246K->975161K(1453568K), 0.0499285 secs] [Times: user=0.24 sys=0.01, real=0.05 secs] 
3113.198: [GC (Allocation Failure) [PSYoungGen: 419701K->107277K(465920K)] 1208121K->966153K(1453568K), 0.0456473 secs] [Times: user=0.23 sys=0.01, real=0.05 secs] 
3113.369: [GC (Allocation Failure) [PSYoungGen: 340237K->164755K(465920K)] 1199113K->1059160K(1453568K), 0.0509721 secs] [Times: user=0.25 sys=0.00, real=0.05 secs] 
3113.420: [Full GC (Ergonomics) [PSYoungGen: 164755K->0K(465920K)] [ParOldGen: 894404K->180201K(818688K)] 1059160K->180201K(1284608K), [Metaspace: 59905K->59905K(1105920K)], 0.1701524 secs] [Times: user=0.72 sys=0.00, real=0.17 secs] 
3113.722: [GC (Allocation Failure) [PSYoungGen: 232960K->180053K(465920K)] 413161K->360255K(1284608K), 0.0395614 secs] [Times: user=0.16 sys=0.01, real=0.04 secs] 
3113.901: [GC (Allocation Failure) [PSYoungGen: 413013K->185847K(465920K)] 593215K->429073K(1284608K), 0.0438275 secs] [Times: user=0.19 sys=0.00, real=0.04 secs] 
3114.075: [GC (Allocation Failure) [PSYoungGen: 418807K->183636K(465920K)] 662033K->485678K(1284608K), 0.0743428 secs] [Times: user=0.38 sys=0.00, real=0.08 secs] 
3115.118: [GC (Allocation Failure) [PSYoungGen: 416596K->94667K(465920K)] 718638K->466157K(1284608K), 0.0589309 secs] [Times: user=0.31 sys=0.00, real=0.06 secs] 
3115.342: [GC (Allocation Failure) [PSYoungGen: 327627K->179221K(465920K)] 699117K->581016K(1284608K), 0.0338739 secs] [Times: user=0.14 sys=0.00, real=0.03 secs] 
3115.493: [GC (Allocation Failure) [PSYoungGen: 412181K->184758K(465920K)] 813976K->642776K(1284608K), 0.0436233 secs] [Times: user=0.19 sys=0.00, real=0.04 secs] 
3115.884: [GC (Allocation Failure) [PSYoungGen: 417718K->186357K(465920K)] 875736K->700352K(1284608K), 0.1106809 secs] [Times: user=0.56 sys=0.00, real=0.11 secs] 
3117.158: [GC (Allocation Failure) [PSYoungGen: 419317K->110669K(465920K)] 933312K->695024K(1284608K), 0.0460824 secs] [Times: user=0.24 sys=0.00, real=0.05 secs] 
3118.548: [GC (GCLocker Initiated GC) [PSYoungGen: 343629K->156531K(465920K)] 927984K->778014K(1284608K), 0.0834304 secs] [Times: user=0.43 sys=0.00, real=0.09 secs] 
3118.788: [GC (Allocation Failure) [PSYoungGen: 389491K->183509K(465920K)] 1011141K->853456K(1284608K), 0.0415859 secs] [Times: user=0.18 sys=0.00, real=0.05 secs] 
3118.974: [GC (Allocation Failure) [PSYoungGen: 416469K->185783K(465920K)] 1086416K->919617K(1284608K), 0.0557560 secs] [Times: user=0.26 sys=0.00, real=0.06 secs] 
3119.030: [Full GC (Ergonomics) [PSYoungGen: 185783K->0K(465920K)] [ParOldGen: 733834K->316593K(967680K)] 919617K->316593K(1433600K), [Metaspace: 59909K->59909K(1105920K)], 0.4667123 secs] [Times: user=2.20 sys=0.00, real=0.46 secs] 
3119.646: [GC (Allocation Failure) [PSYoungGen: 232960K->185749K(465920K)] 549553K->502342K(1433600K), 0.0298083 secs] [Times: user=0.11 sys=0.00, real=0.03 secs] 
3120.639: [GC (Allocation Failure) [PSYoungGen: 418709K->93611K(465920K)] 735302K->480332K(1433600K), 0.0629715 secs] [Times: user=0.34 sys=0.00, real=0.07 secs] 
3120.905: [GC (Allocation Failure) [PSYoungGen: 326571K->181750K(465920K)] 713292K->598156K(1433600K), 0.0426164 secs] [Times: user=0.18 sys=0.00, real=0.04 secs] 
3121.144: [GC (Allocation Failure) [PSYoungGen: 414631K->184502K(465920K)] 831038K->657748K(1433600K), 0.0630762 secs] [Times: user=0.30 sys=0.00, real=0.06 secs] 
3121.384: [GC (Allocation Failure) [PSYoungGen: 417462K->186965K(465920K)] 890708K->715979K(1433600K), 0.0627666 secs] [Times: user=0.31 sys=0.00, real=0.06 secs] 
3122.496: [GC (Allocation Failure) [PSYoungGen: 419925K->108509K(465920K)] 948939K->708051K(1433600K), 0.0467434 secs] [Times: user=0.24 sys=0.00, real=0.05 secs] 
3122.732: [GC (Allocation Failure) [PSYoungGen: 341469K->166388K(465920K)] 941011K->801214K(1433600K), 0.0827720 secs] [Times: user=0.41 sys=0.00, real=0.08 secs] 
3123.025: [GC (Allocation Failure) [PSYoungGen: 399348K->183765K(465920K)] 1034174K->870492K(1433600K), 0.0488724 secs] [Times: user=0.22 sys=0.00, real=0.05 secs] 
3123.194: [GC (Allocation Failure) [PSYoungGen: 416725K->182134K(465920K)] 1103452K->957509K(1433600K), 0.0510159 secs] [Times: user=0.24 sys=0.00, real=0.05 secs] 
3123.365: [GC (Allocation Failure) [PSYoungGen: 415094K->179668K(465920K)] 1190469K->1012843K(1433600K), 0.0702561 secs] [Times: user=0.34 sys=0.02, real=0.07 secs] 
3124.391: [GC (GCLocker Initiated GC) [PSYoungGen: 412628K->90938K(465920K)] 1245804K->992174K(1433600K), 0.0500862 secs] [Times: user=0.22 sys=0.04, real=0.05 secs] 
3124.441: [Full GC (Ergonomics) [PSYoungGen: 90938K->0K(465920K)] [ParOldGen: 901235K->103980K(774144K)] 992174K->103980K(1240064K), [Metaspace: 59914K->59914K(1105920K)], 0.0893576 secs] [Times: user=0.35 sys=0.01, real=0.09 secs] 
3124.726: [GC (Allocation Failure) [PSYoungGen: 232960K->181622K(465920K)] 337107K->285769K(1240064K), 0.0265726 secs] [Times: user=0.10 sys=0.00, real=0.03 secs] 
3124.867: [GC (Allocation Failure) [PSYoungGen: 414582K->184918K(465920K)] 518729K->346149K(1240064K), 0.0413228 secs] [Times: user=0.19 sys=0.00, real=0.04 secs] 
3125.021: [GC (Allocation Failure) [PSYoungGen: 417878K->186645K(465920K)] 579109K->403684K(1240064K), 0.0446698 secs] [Times: user=0.21 sys=0.00, real=0.04 secs] 
3126.066: [GC (Allocation Failure) [PSYoungGen: 419605K->106493K(465920K)] 636644K->394068K(1240064K), 0.0447477 secs] [Times: user=0.23 sys=0.00, real=0.05 secs] 
3129.029: [GC (Allocation Failure) [PSYoungGen: 339453K->146993K(465920K)] 627028K->468634K(1240064K), 0.0907332 secs] [Times: user=0.47 sys=0.01, real=0.09 secs] 
3129.270: [GC (Allocation Failure) [PSYoungGen: 379953K->184278K(465920K)] 701594K->551962K(1240064K), 0.0403576 secs] [Times: user=0.18 sys=0.00, real=0.04 secs] 
3129.426: [GC (Allocation Failure) [PSYoungGen: 417238K->185943K(465920K)] 784922K->617659K(1240064K), 0.0499704 secs] [Times: user=0.24 sys=0.00, real=0.05 secs] 
3129.612: [GC (Allocation Failure) [PSYoungGen: 418903K->186901K(465920K)] 850619K->677521K(1240064K), 0.0568743 secs] [Times: user=0.28 sys=0.00, real=0.05 secs] 
3130.626: [GC (Allocation Failure) [PSYoungGen: 419861K->93899K(465920K)] 910481K->655079K(1240064K), 0.0422835 secs] [Times: user=0.21 sys=0.00, real=0.04 secs] 
3130.876: [GC (Allocation Failure) [PSYoungGen: 326859K->174837K(465920K)] 888039K->765790K(1240064K), 0.0503313 secs] [Times: user=0.22 sys=0.00, real=0.05 secs] 
3131.071: [GC (Allocation Failure) [PSYoungGen: 407797K->184502K(465920K)] 998750K->830455K(1240064K), 0.0435938 secs] [Times: user=0.19 sys=0.00, real=0.04 secs] 
3131.251: [GC (Allocation Failure) [PSYoungGen: 417462K->183348K(465920K)] 1063415K->885182K(1240064K), 0.0628268 secs] [Times: user=0.31 sys=0.00, real=0.06 secs] 
3131.314: [Full GC (Ergonomics) [PSYoungGen: 183348K->0K(465920K)] [ParOldGen: 701833K->331957K(1008128K)] 885182K->331957K(1474048K), [Metaspace: 59922K->59922K(1105920K)], 0.5239920 secs] [Times: user=2.47 sys=0.00, real=0.52 secs] 
3132.779: [GC (Allocation Failure) [PSYoungGen: 232960K->121551K(465920K)] 564917K->453508K(1474048K), 0.0594714 secs] [Times: user=0.31 sys=0.00, real=0.06 secs] 
3133.031: [GC (Allocation Failure) [PSYoungGen: 350998K->141905K(465920K)] 682956K->512374K(1474048K), 0.0739026 secs] [Times: user=0.38 sys=0.01, real=0.07 secs] 
3133.221: [GC (Allocation Failure) [PSYoungGen: 374865K->178069K(465920K)] 745334K->593763K(1474048K), 0.0389341 secs] [Times: user=0.17 sys=0.00, real=0.04 secs] 
3133.377: [GC (Allocation Failure) [PSYoungGen: 411029K->185687K(465920K)] 826723K->663413K(1474048K), 0.0490522 secs] [Times: user=0.23 sys=0.00, real=0.05 secs] 
3133.557: [GC (Allocation Failure) [PSYoungGen: 418647K->203061K(465920K)] 896373K->739699K(1474048K), 0.0660847 secs] [Times: user=0.33 sys=0.00, real=0.07 secs] 
3136.582: [GC (Allocation Failure) [PSYoungGen: 436021K->84202K(465920K)] 972659K->691528K(1474048K), 0.1227622 secs] [Times: user=0.69 sys=0.01, real=0.12 secs] 
3137.955: [GC (Allocation Failure) [PSYoungGen: 317162K->173493K(465920K)] 924488K->808072K(1474048K), 0.0406749 secs] [Times: user=0.17 sys=0.00, real=0.04 secs] 
3138.121: [GC (Allocation Failure) [PSYoungGen: 406453K->182485K(465920K)] 1041032K->870909K(1474048K), 0.0420194 secs] [Times: user=0.19 sys=0.00, real=0.04 secs] 
3138.289: [GC (Allocation Failure) [PSYoungGen: 415445K->186549K(465920K)] 1103869K->930268K(1474048K), 0.0451895 secs] [Times: user=0.21 sys=0.00, real=0.05 secs] 
3139.266: [GC (Allocation Failure) [PSYoungGen: 419509K->143121K(465920K)] 1163228K->957217K(1474048K), 0.0568288 secs] [Times: user=0.25 sys=0.04, real=0.06 secs] 
3139.588: [GC (Allocation Failure) [PSYoungGen: 376081K->127775K(465920K)] 1190177K->987162K(1474048K), 0.1098188 secs] [Times: user=0.58 sys=0.03, real=0.11 secs] 
3139.845: [GC (Allocation Failure) [PSYoungGen: 360735K->178165K(465920K)] 1220122K->1078321K(1474048K), 0.0395097 secs] [Times: user=0.16 sys=0.01, real=0.04 secs] 
3140.000: [GC (Allocation Failure) [PSYoungGen: 411125K->185815K(465920K)] 1311281K->1148279K(1474048K), 0.0789217 secs] [Times: user=0.23 sys=0.14, real=0.07 secs] 
3140.079: [Full GC (Ergonomics) [PSYoungGen: 185815K->0K(465920K)] [ParOldGen: 962464K->305306K(995328K)] 1148279K->305306K(1461248K), [Metaspace: 59934K->59934K(1105920K)], 0.4339531 secs] [Times: user=2.04 sys=0.00, real=0.44 secs] 
3140.623: [GC (Allocation Failure) [PSYoungGen: 232960K->183156K(465920K)] 538266K->488463K(1461248K), 0.0297663 secs] [Times: user=0.12 sys=0.01, real=0.03 secs] 
3141.591: [GC (Allocation Failure) [PSYoungGen: 416116K->92459K(465920K)] 721423K->467010K(1461248K), 0.0536461 secs] [Times: user=0.29 sys=0.00, real=0.05 secs] 
3141.804: [GC (Allocation Failure) [PSYoungGen: 325419K->172340K(465920K)] 699970K->576920K(1461248K), 0.0470114 secs] [Times: user=0.20 sys=0.00, real=0.05 secs] 
3142.001: [GC (Allocation Failure) [PSYoungGen: 405206K->184534K(465920K)] 809786K->643194K(1461248K), 0.0436785 secs] [Times: user=0.19 sys=0.00, real=0.04 secs] 
3142.157: [GC (Allocation Failure) [PSYoungGen: 417494K->187669K(465920K)] 876154K->702097K(1461248K), 0.0457388 secs] [Times: user=0.21 sys=0.00, real=0.05 secs] 
3145.045: [GC (Allocation Failure) [PSYoungGen: 420629K->150962K(465920K)] 935057K->736230K(1461248K), 0.0511458 secs] [Times: user=0.25 sys=0.00, real=0.05 secs] 
3145.348: [GC (Allocation Failure) [PSYoungGen: 383922K->119470K(465920K)] 969190K->752394K(1461248K), 0.1220185 secs] [Times: user=0.67 sys=0.00, real=0.13 secs] 
3145.620: [GC (Allocation Failure) [PSYoungGen: 352430K->178133K(465920K)] 985354K->849190K(1461248K), 0.0368216 secs] [Times: user=0.16 sys=0.00, real=0.03 secs] 
3145.801: [GC (Allocation Failure) [PSYoungGen: 411093K->185463K(465920K)] 1082150K->918900K(1461248K), 0.0548774 secs] [Times: user=0.26 sys=0.00, real=0.05 secs] 
3145.993: [GC (Allocation Failure) [PSYoungGen: 418423K->186581K(465920K)] 1151860K->979050K(1461248K), 0.0579325 secs] [Times: user=0.29 sys=0.00, real=0.06 secs] 
3146.997: [GC (GCLocker Initiated GC) [PSYoungGen: 419541K->91499K(465920K)] 1212011K->954416K(1461248K), 0.0459553 secs] [Times: user=0.24 sys=0.00, real=0.05 secs] 
3147.182: [GC (Allocation Failure) [PSYoungGen: 324459K->171252K(465920K)] 1187381K->1064456K(1461248K), 0.0334877 secs] [Times: user=0.14 sys=0.00, real=0.03 secs] 
3147.331: [GC (Allocation Failure) [PSYoungGen: 404212K->181973K(465920K)] 1297416K->1128956K(1461248K), 0.0434799 secs] [Times: user=0.20 sys=0.00, real=0.04 secs] 
3147.374: [Full GC (Ergonomics) [PSYoungGen: 181973K->0K(465920K)] [ParOldGen: 946983K->263115K(974336K)] 1128956K->263115K(1440256K), [Metaspace: 59942K->59942K(1105920K)], 0.3439674 secs] [Times: user=1.59 sys=0.00, real=0.34 secs] 
3147.839: [GC (Allocation Failure) [PSYoungGen: 226901K->178326K(465920K)] 490017K->441442K(1440256K), 0.0798105 secs] [Times: user=0.40 sys=0.01, real=0.08 secs] 
3148.738: [GC (Allocation Failure) [PSYoungGen: 407753K->205683K(465920K)] 670869K->525498K(1440256K), 0.0514784 secs] [Times: user=0.26 sys=0.00, real=0.06 secs] 
3149.108: [GC (Allocation Failure) [PSYoungGen: 438643K->97195K(465920K)] 758458K->481599K(1440256K), 0.0393365 secs] [Times: user=0.20 sys=0.00, real=0.04 secs] 
3149.286: [GC (Allocation Failure) [PSYoungGen: 330155K->182838K(465920K)] 714559K->598194K(1440256K), 0.0418403 secs] [Times: user=0.18 sys=0.00, real=0.04 secs] 
3149.472: [GC (Allocation Failure) [PSYoungGen: 415798K->184534K(465920K)] 831154K->657026K(1440256K), 0.0444271 secs] [Times: user=0.20 sys=0.00, real=0.04 secs] 
3149.626: [GC (Allocation Failure) [PSYoungGen: 417494K->184116K(465920K)] 889986K->712465K(1440256K), 0.0451641 secs] [Times: user=0.21 sys=0.00, real=0.05 secs] 
3151.039: [GC (Allocation Failure) [PSYoungGen: 417076K->101164K(465920K)] 945425K->699121K(1440256K), 0.1287659 secs] [Times: user=0.71 sys=0.00, real=0.12 secs] 
3153.261: [GC (Allocation Failure) [PSYoungGen: 334124K->165492K(465920K)] 932081K->795677K(1440256K), 0.0667708 secs] [Times: user=0.32 sys=0.00, real=0.06 secs] 
3153.472: [GC (Allocation Failure) [PSYoungGen: 398452K->181749K(465920K)] 1028637K->863783K(1440256K), 0.0424066 secs] [Times: user=0.19 sys=0.00, real=0.04 secs] 
3153.669: [GC (Allocation Failure) [PSYoungGen: 414709K->185463K(465920K)] 1096743K->930792K(1440256K), 0.0797471 secs] [Times: user=0.40 sys=0.00, real=0.08 secs] 
3153.998: [GC (Allocation Failure) [PSYoungGen: 417140K->217556K(465920K)] 1162470K->1021686K(1440256K), 0.0558746 secs] [Times: user=0.27 sys=0.00, real=0.06 secs] 
3154.846: [GC (GCLocker Initiated GC) [PSYoungGen: 450516K->92090K(465920K)] 1254647K->965749K(1440256K), 0.0415544 secs] [Times: user=0.22 sys=0.00, real=0.04 secs] 
3155.053: [GC (Allocation Failure) [PSYoungGen: 325050K->181109K(465920K)] 1198711K->1084030K(1440256K), 0.0453120 secs] [Times: user=0.19 sys=0.00, real=0.04 secs] 
3155.098: [Full GC (Ergonomics) [PSYoungGen: 181109K->0K(465920K)] [ParOldGen: 902920K->227623K(965120K)] 1084030K->227623K(1431040K), [Metaspace: 59945K->59945K(1105920K)], 0.2601138 secs] [Times: user=1.18 sys=0.00, real=0.26 secs] 
3155.478: [GC (Allocation Failure) [PSYoungGen: 232960K->180789K(465920K)] 460583K->408412K(1431040K), 0.0263536 secs] [Times: user=0.09 sys=0.00, real=0.03 secs] 
3155.644: [GC (Allocation Failure) [PSYoungGen: 413749K->183924K(465920K)] 641372K->466356K(1431040K), 0.0446376 secs] [Times: user=0.20 sys=0.01, real=0.04 secs] 
3156.676: [GC (Allocation Failure) [PSYoungGen: 416884K->103548K(465920K)] 699316K->455172K(1431040K), 0.0442642 secs] [Times: user=0.23 sys=0.00, real=0.05 secs] 
3156.860: [GC (Allocation Failure) [PSYoungGen: 336508K->166420K(465920K)] 688132K->552403K(1431040K), 0.0449366 secs] [Times: user=0.21 sys=0.00, real=0.04 secs] 
3157.039: [GC (Allocation Failure) [PSYoungGen: 399380K->180789K(465920K)] 785363K->618985K(1431040K), 0.0544281 secs] [Times: user=0.25 sys=0.01, real=0.05 secs] 
3157.247: [GC (Allocation Failure) [PSYoungGen: 413712K->185527K(465920K)] 851908K->686806K(1431040K), 0.0489979 secs] [Times: user=0.23 sys=0.00, real=0.05 secs] 
3157.406: [GC (Allocation Failure) [PSYoungGen: 418487K->183348K(465920K)] 919766K->743512K(1431040K), 0.0554512 secs] [Times: user=0.27 sys=0.01, real=0.06 secs] 
3160.302: [GC (Allocation Failure) [PSYoungGen: 416308K->85354K(465920K)] 976472K->714741K(1431040K), 0.1187289 secs] [Times: user=0.66 sys=0.01, real=0.12 secs] 
3161.188: [GC (Allocation Failure) [PSYoungGen: 318314K->179605K(465920K)] 947701K->836478K(1431040K), 0.0421523 secs] [Times: user=0.18 sys=0.00, real=0.05 secs] 
3161.353: [GC (Allocation Failure) [PSYoungGen: 412565K->183765K(465920K)] 1069438K->896150K(1431040K), 0.0438177 secs] [Times: user=0.19 sys=0.00, real=0.04 secs] 
3161.544: [GC (Allocation Failure) [PSYoungGen: 416725K->183220K(465920K)] 1129110K->951405K(1431040K), 0.0617636 secs] [Times: user=0.30 sys=0.01, real=0.06 secs] 
3162.643: [GC (Allocation Failure) [PSYoungGen: 416180K->114494K(465920K)] 1184365K->951974K(1431040K), 0.0466931 secs] [Times: user=0.24 sys=0.01, real=0.05 secs] 
3162.863: [GC (Allocation Failure) [PSYoungGen: 347454K->155954K(465920K)] 1184934K->1031192K(1431040K), 0.0575730 secs] [Times: user=0.29 sys=0.00, real=0.06 secs] 
3162.920: [Full GC (Ergonomics) [PSYoungGen: 155954K->0K(465920K)] [ParOldGen: 875237K->176469K(933376K)] 1031192K->176469K(1399296K), [Metaspace: 59963K->59963K(1105920K)], 0.1611623 secs] [Times: user=0.70 sys=0.00, real=0.16 secs] 
3163.254: [GC (Allocation Failure) [PSYoungGen: 232960K->182677K(465920K)] 409429K->359146K(1399296K), 0.0387489 secs] [Times: user=0.14 sys=0.00, real=0.04 secs] 
3163.418: [GC (Allocation Failure) [PSYoungGen: 415637K->185847K(465920K)] 592106K->425980K(1399296K), 0.0442130 secs] [Times: user=0.20 sys=0.00, real=0.05 secs] 
3163.597: [GC (GCLocker Initiated GC) [PSYoungGen: 418807K->180244K(465920K)] 658940K->479313K(1399296K), 0.0708888 secs] [Times: user=0.35 sys=0.01, real=0.07 secs] 
3164.601: [GC (Allocation Failure) [PSYoungGen: 413204K->94011K(465920K)] 712276K->461299K(1399296K), 0.0404378 secs] [Times: user=0.20 sys=0.01, real=0.04 secs] 
3164.761: [GC (Allocation Failure) [PSYoungGen: 326971K->182261K(465920K)] 694259K->580313K(1399296K), 0.0337444 secs] [Times: user=0.14 sys=0.00, real=0.03 secs] 
3164.935: [GC (Allocation Failure) [PSYoungGen: 415221K->183989K(465920K)] 813273K->637553K(1399296K), 0.0483376 secs] [Times: user=0.22 sys=0.00, real=0.05 secs] 
3165.112: [GC (Allocation Failure) [PSYoungGen: 416949K->183764K(465920K)] 870513K->693388K(1399296K), 0.0459357 secs] [Times: user=0.21 sys=0.01, real=0.04 secs] 
3166.189: [GC (Allocation Failure) [PSYoungGen: 416724K->119342K(465920K)] 926348K->698214K(1399296K), 0.0469762 secs] [Times: user=0.24 sys=0.00, real=0.05 secs] 
3169.057: [GC (Allocation Failure) [PSYoungGen: 352302K->147185K(465920K)] 931174K->764414K(1399296K), 0.1004692 secs] [Times: user=0.54 sys=0.00, real=0.10 secs] 
3169.306: [GC (GCLocker Initiated GC) [PSYoungGen: 380145K->179989K(465920K)] 997376K->843087K(1399296K), 0.0400689 secs] [Times: user=0.18 sys=0.00, real=0.04 secs] 
3169.463: [GC (Allocation Failure) [PSYoungGen: 412949K->181846K(465920K)] 1076213K->907758K(1399296K), 0.0489630 secs] [Times: user=0.23 sys=0.00, real=0.05 secs] 
3169.625: [GC (Allocation Failure) [PSYoungGen: 414806K->186677K(465920K)] 1140718K->970205K(1399296K), 0.0560965 secs] [Times: user=0.28 sys=0.00, real=0.06 secs] 
3170.678: [GC (GCLocker Initiated GC) [PSYoungGen: 419637K->93243K(465920K)] 1203166K->947300K(1399296K), 0.0431549 secs] [Times: user=0.22 sys=0.00, real=0.05 secs] 
3170.721: [Full GC (Ergonomics) [PSYoungGen: 93243K->0K(465920K)] [ParOldGen: 854057K->100982K(877056K)] 947300K->100982K(1342976K), [Metaspace: 59970K->59970K(1105920K)], 0.0771910 secs] [Times: user=0.29 sys=0.00, real=0.07 secs] 
3170.932: [GC (Allocation Failure) [PSYoungGen: 232960K->178261K(465920K)] 333944K->279245K(1342976K), 0.0245211 secs] [Times: user=0.08 sys=0.00, real=0.02 secs] 
3171.072: [GC (Allocation Failure) [PSYoungGen: 411221K->184886K(465920K)] 512205K->341654K(1342976K), 0.0421601 secs] [Times: user=0.19 sys=0.00, real=0.04 secs] 
3171.251: [GC (Allocation Failure) [PSYoungGen: 417846K->186485K(465920K)] 574614K->399237K(1342976K), 0.0547682 secs] [Times: user=0.27 sys=0.00, real=0.05 secs] 
3172.257: [GC (Allocation Failure) [PSYoungGen: 419445K->123663K(465920K)] 632197K->406755K(1342976K), 0.0479448 secs] [Times: user=0.23 sys=0.01, real=0.05 secs] 
3172.524: [GC (Allocation Failure) [PSYoungGen: 356623K->142241K(465920K)] 639715K->464373K(1342976K), 0.0716075 secs] [Times: user=0.38 sys=0.01, real=0.07 secs] 
3172.751: [GC (Allocation Failure) [PSYoungGen: 375201K->178229K(465920K)] 697333K->545562K(1342976K), 0.0549716 secs] [Times: user=0.25 sys=0.00, real=0.05 secs] 
3172.944: [GC (Allocation Failure) [PSYoungGen: 411189K->186007K(465920K)] 778522K->615736K(1342976K), 0.0486894 secs] [Times: user=0.23 sys=0.00, real=0.05 secs] 
3173.103: [GC (Allocation Failure) [PSYoungGen: 418967K->186389K(465920K)] 848696K->675178K(1342976K), 0.0572755 secs] [Times: user=0.28 sys=0.00, real=0.06 secs] 
3176.086: [GC (Allocation Failure) [PSYoungGen: 419349K->82329K(465920K)] 908138K->641487K(1342976K), 0.1122905 secs] [Times: user=0.61 sys=0.01, real=0.11 secs] 
3177.196: [GC (Allocation Failure) [PSYoungGen: 315289K->175765K(465920K)] 874447K->761479K(1342976K), 0.0429196 secs] [Times: user=0.18 sys=0.00, real=0.05 secs] 
3177.371: [GC (Allocation Failure) [PSYoungGen: 408725K->189781K(465920K)] 994439K->830207K(1342976K), 0.0429337 secs] [Times: user=0.20 sys=0.01, real=0.04 secs] 
3177.524: [GC (Allocation Failure) [PSYoungGen: 422741K->184340K(465920K)] 1063167K->879647K(1342976K), 0.0449734 secs] [Times: user=0.21 sys=0.00, real=0.04 secs] 
3178.477: [GC (Allocation Failure) [PSYoungGen: 417300K->144978K(465920K)] 1112607K->909700K(1342976K), 0.0500459 secs] [Times: user=0.24 sys=0.00, real=0.05 secs] 
3178.790: [GC (Allocation Failure) [PSYoungGen: 377931K->131951K(465920K)] 1142653K->942786K(1342976K), 0.1003917 secs] [Times: user=0.54 sys=0.01, real=0.10 secs] 
3178.891: [Full GC (Ergonomics) [PSYoungGen: 131951K->0K(465920K)] [ParOldGen: 810834K->150760K(938496K)] 942786K->150760K(1404416K), [Metaspace: 59982K->59982K(1105920K)], 0.1394011 secs] [Times: user=0.61 sys=0.00, real=0.14 secs] 
3179.143: [GC (Allocation Failure) [PSYoungGen: 232960K->173620K(465920K)] 383720K->324380K(1404416K), 0.0281157 secs] [Times: user=0.09 sys=0.00, real=0.03 secs] 
3179.290: [GC (Allocation Failure) [PSYoungGen: 406580K->184791K(465920K)] 557340K->396119K(1404416K), 0.0474556 secs] [Times: user=0.22 sys=0.01, real=0.04 secs] 
3179.449: [GC (Allocation Failure) [PSYoungGen: 417751K->187029K(465920K)] 629079K->457009K(1404416K), 0.0577174 secs] [Times: user=0.28 sys=0.00, real=0.05 secs] 
3180.463: [GC (GCLocker Initiated GC) [PSYoungGen: 419989K->94987K(465920K)] 689971K->435705K(1404416K), 0.0453473 secs] [Times: user=0.23 sys=0.00, real=0.04 secs] 
3180.653: [GC (GCLocker Initiated GC) [PSYoungGen: 327947K->170612K(465920K)] 668670K->542340K(1404416K), 0.0338852 secs] [Times: user=0.14 sys=0.00, real=0.03 secs] 
3180.801: [GC (GCLocker Initiated GC) [PSYoungGen: 403572K->181749K(465920K)] 775302K->606491K(1404416K), 0.0426993 secs] [Times: user=0.19 sys=0.00, real=0.04 secs] 
3180.992: [GC (Allocation Failure) [PSYoungGen: 414709K->183286K(465920K)] 856126K->679943K(1404416K), 0.1890140 secs] [Times: user=1.06 sys=0.00, real=0.19 secs] 
3183.614: [GC (Allocation Failure) [PSYoungGen: 416246K->139377K(465920K)] 912903K->694306K(1404416K), 0.1654533 secs] [Times: user=0.90 sys=0.00, real=0.17 secs] 
3184.805: [GC (Allocation Failure) [PSYoungGen: 372337K->125999K(465920K)] 927266K->725016K(1404416K), 0.1316993 secs] [Times: user=0.72 sys=0.01, real=0.13 secs] 
3185.123: [GC (Allocation Failure) [PSYoungGen: 358959K->178517K(465920K)] 957976K->818266K(1404416K), 0.0413271 secs] [Times: user=0.18 sys=0.00, real=0.04 secs] 
3185.751: [GC (Allocation Failure) [PSYoungGen: 411459K->183862K(465920K)] 1051208K->885884K(1404416K), 0.0769970 secs] [Times: user=0.39 sys=0.00, real=0.07 secs] 
3186.116: [GC (Allocation Failure) [PSYoungGen: 416822K->186037K(465920K)] 1118844K->946354K(1404416K), 0.0746063 secs] [Times: user=0.39 sys=0.00, real=0.08 secs] 
3187.135: [GC (Allocation Failure) [PSYoungGen: 418997K->95083K(465920K)] 1179314K->925672K(1404416K), 0.0631159 secs] [Times: user=0.34 sys=0.00, real=0.06 secs] 
3187.423: [GC (Allocation Failure) [PSYoungGen: 328043K->173908K(465920K)] 1158632K->1035235K(1404416K), 0.0613960 secs] [Times: user=0.28 sys=0.01, real=0.06 secs] 
3187.484: [Full GC (Ergonomics) [PSYoungGen: 173908K->0K(465920K)] [ParOldGen: 861326K->205589K(1012736K)] 1035235K->205589K(1478656K), [Metaspace: 59988K->59988K(1105920K)], 0.2400335 secs] [Times: user=1.13 sys=0.00, real=0.24 secs] 
3187.837: [GC (Allocation Failure) [PSYoungGen: 232960K->178485K(465920K)] 438549K->384074K(1478656K), 0.0268818 secs] [Times: user=0.10 sys=0.00, real=0.03 secs] 
3188.001: [GC (Allocation Failure) [PSYoungGen: 398853K->172661K(465920K)] 604443K->440347K(1478656K), 0.0436964 secs] [Times: user=0.19 sys=0.00, real=0.04 secs] 
3188.886: [GC (Allocation Failure) [PSYoungGen: 405621K->168755K(401920K)] 673307K->491232K(1414656K), 0.0526238 secs] [Times: user=0.26 sys=0.00, real=0.05 secs] 
3189.276: [GC (Allocation Failure) [PSYoungGen: 401715K->105276K(460800K)] 724192K->492478K(1473536K), 0.0702990 secs] [Times: user=0.37 sys=0.01, real=0.07 secs] 
3189.531: [GC (Allocation Failure) [PSYoungGen: 335676K->178677K(463360K)] 722878K->599524K(1476096K), 0.0350660 secs] [Times: user=0.14 sys=0.00, real=0.03 secs] 
3189.682: [GC (Allocation Failure) [PSYoungGen: 409077K->182677K(465920K)] 829924K->659360K(1478656K), 0.0434503 secs] [Times: user=0.19 sys=0.00, real=0.04 secs] 
3189.866: [GC (Allocation Failure) [PSYoungGen: 415637K->186485K(465920K)] 892320K->718423K(1478656K), 0.0576499 secs] [Times: user=0.28 sys=0.01, real=0.06 secs] 
3193.040: [GC (GCLocker Initiated GC) [PSYoungGen: 419445K->93451K(465920K)] 951383K->695746K(1478656K), 0.0444889 secs] [Times: user=0.23 sys=0.01, real=0.04 secs] 
3193.435: [GC (Allocation Failure) [PSYoungGen: 326411K->164275K(465920K)] 928709K->797399K(1478656K), 0.0618338 secs] [Times: user=0.30 sys=0.00, real=0.06 secs] 
3193.703: [GC (Allocation Failure) [PSYoungGen: 397235K->182549K(465920K)] 1030359K->866649K(1478656K), 0.0577779 secs] [Times: user=0.27 sys=0.01, real=0.06 secs] 
3194.261: [GC (Allocation Failure) [PSYoungGen: 415509K->181526K(465920K)] 1099609K->929090K(1478656K), 0.1067415 secs] [Times: user=0.55 sys=0.01, real=0.10 secs] 
3194.561: [GC (Allocation Failure) [PSYoungGen: 414486K->186229K(465920K)] 1162050K->991208K(1478656K), 0.0573294 secs] [Times: user=0.28 sys=0.00, real=0.05 secs] 
3195.529: [GC (Allocation Failure) [PSYoungGen: 419189K->92587K(465920K)] 1224168K->967758K(1478656K), 0.0410643 secs] [Times: user=0.22 sys=0.00, real=0.05 secs] 
3195.758: [GC (Allocation Failure) [PSYoungGen: 325547K->178869K(465920K)] 1200718K->1083602K(1478656K), 0.0599818 secs] [Times: user=0.22 sys=0.05, real=0.06 secs] 
3195.974: [GC (Allocation Failure) [PSYoungGen: 411829K->181205K(465920K)] 1316562K->1142114K(1478656K), 0.0462883 secs] [Times: user=0.19 sys=0.03, real=0.05 secs] 
3196.021: [Full GC (Ergonomics) [PSYoungGen: 181205K->0K(465920K)] [ParOldGen: 960908K->282171K(1110016K)] 1142114K->282171K(1575936K), [Metaspace: 59994K->59994K(1105920K)], 0.3907221 secs] [Times: user=1.82 sys=0.00, real=0.39 secs] 
3196.522: [GC (Allocation Failure) [PSYoungGen: 232960K->182708K(465920K)] 515131K->464880K(1575936K), 0.0356860 secs] [Times: user=0.15 sys=0.01, real=0.03 secs] 
3197.488: [GC (Allocation Failure) [PSYoungGen: 415668K->107661K(465920K)] 697840K->458828K(1575936K), 0.0478528 secs] [Times: user=0.25 sys=0.00, real=0.05 secs] 
3199.618: [GC (Allocation Failure) [PSYoungGen: 340621K->157650K(465920K)] 691788K->543762K(1575936K), 0.0770711 secs] [Times: user=0.39 sys=0.00, real=0.08 secs] 
3199.849: [GC (Allocation Failure) [PSYoungGen: 390610K->184502K(465920K)] 776722K->620418K(1575936K), 0.0418605 secs] [Times: user=0.19 sys=0.00, real=0.05 secs] 
3200.051: [GC (Allocation Failure) [PSYoungGen: 417462K->186007K(465920K)] 853378K->685827K(1575936K), 0.0750221 secs] [Times: user=0.37 sys=0.00, real=0.07 secs] 
3200.258: [GC (Allocation Failure) [PSYoungGen: 418967K->186837K(465920K)] 918787K->745733K(1575936K), 0.0564182 secs] [Times: user=0.28 sys=0.00, real=0.06 secs] 
3201.572: [GC (GCLocker Initiated GC) [PSYoungGen: 419797K->92347K(465920K)] 978693K->721787K(1575936K), 0.1148396 secs] [Times: user=0.64 sys=0.00, real=0.11 secs] 
3201.991: [GC (Allocation Failure) [PSYoungGen: 325307K->171060K(465920K)] 954913K->830768K(1575936K), 0.0385507 secs] [Times: user=0.16 sys=0.00, real=0.03 secs] 
3202.145: [GC (Allocation Failure) [PSYoungGen: 404020K->184694K(465920K)] 1063728K->897401K(1575936K), 0.0439274 secs] [Times: user=0.20 sys=0.00, real=0.04 secs] 
3202.922: [GC (Allocation Failure) [PSYoungGen: 417654K->185717K(465920K)] 1130361K->954368K(1575936K), 0.0671834 secs] [Times: user=0.33 sys=0.00, real=0.07 secs] 
3203.941: [GC (Allocation Failure) [PSYoungGen: 418677K->115390K(465920K)] 1187328K->954330K(1575936K), 0.0483341 secs] [Times: user=0.25 sys=0.00, real=0.04 secs] 
3204.185: [GC (Allocation Failure) [PSYoungGen: 348350K->157747K(465920K)] 1187290K->1034691K(1575936K), 0.0595998 secs] [Times: user=0.27 sys=0.01, real=0.06 secs] 
3204.364: [GC (Allocation Failure) [PSYoungGen: 390595K->184021K(465920K)] 1267540K->1110574K(1575936K), 0.0429492 secs] [Times: user=0.19 sys=0.00, real=0.04 secs] 
3204.565: [GC (Allocation Failure) [PSYoungGen: 416981K->179606K(465920K)] 1343534K->1170235K(1575936K), 0.0628136 secs] [Times: user=0.27 sys=0.03, real=0.06 secs] 
3204.762: [GC (Allocation Failure) [PSYoungGen: 412566K->183188K(465920K)] 1403195K->1230949K(1575936K), 0.0722262 secs] [Times: user=0.29 sys=0.08, real=0.07 secs] 
3204.834: [Full GC (Ergonomics) [PSYoungGen: 183188K->0K(465920K)] [ParOldGen: 1047760K->362116K(1208320K)] 1230949K->362116K(1674240K), [Metaspace: 59995K->59995K(1105920K)], 0.6016828 secs] [Times: user=2.83 sys=0.00, real=0.60 secs] 
3206.400: [GC (Allocation Failure) [PSYoungGen: 232960K->90186K(465920K)] 595076K->452303K(1674240K), 0.0258746 secs] [Times: user=0.11 sys=0.00, real=0.02 secs] 
3206.639: [GC (Allocation Failure) [PSYoungGen: 323146K->175413K(465920K)] 685263K->566496K(1674240K), 0.0447739 secs] [Times: user=0.20 sys=0.00, real=0.05 secs] 
3206.824: [GC (Allocation Failure) [PSYoungGen: 408373K->184630K(465920K)] 799456K->630869K(1674240K), 0.0427438 secs] [Times: user=0.19 sys=0.00, real=0.04 secs] 
3206.980: [GC (Allocation Failure) [PSYoungGen: 417590K->186997K(465920K)] 863829K->689141K(1674240K), 0.0449691 secs] [Times: user=0.20 sys=0.00, real=0.04 secs] 
3211.377: [GC (Allocation Failure) [PSYoungGen: 419957K->122415K(465920K)] 922101K->695227K(1674240K), 0.0475808 secs] [Times: user=0.24 sys=0.00, real=0.05 secs] 
3211.757: [GC (Allocation Failure) [PSYoungGen: 355375K->134032K(465920K)] 928187K->745492K(1674240K), 0.1101472 secs] [Times: user=0.59 sys=0.00, real=0.11 secs] 
3212.077: [GC (Allocation Failure) [PSYoungGen: 366992K->178101K(465920K)] 978452K->832077K(1674240K), 0.0381512 secs] [Times: user=0.16 sys=0.00, real=0.04 secs] 
3212.256: [GC (Allocation Failure) [PSYoungGen: 411061K->185431K(465920K)] 1065037K->901659K(1674240K), 0.0551675 secs] [Times: user=0.27 sys=0.00, real=0.06 secs] 
3212.424: [GC (Allocation Failure) [PSYoungGen: 418391K->186869K(465920K)] 1134619K->962250K(1674240K), 0.0597931 secs] [Times: user=0.30 sys=0.00, real=0.06 secs] 
3213.435: [GC (Allocation Failure) [PSYoungGen: 419829K->93931K(465920K)] 1195210K->939752K(1674240K), 0.0458845 secs] [Times: user=0.24 sys=0.00, real=0.05 secs] 
3213.655: [GC (Allocation Failure) [PSYoungGen: 326891K->177909K(465920K)] 1172712K->1054015K(1674240K), 0.0387743 secs] [Times: user=0.16 sys=0.00, real=0.04 secs] 
3213.844: [GC (Allocation Failure) [PSYoungGen: 410869K->180981K(465920K)] 1286975K->1112987K(1674240K), 0.0568234 secs] [Times: user=0.27 sys=0.00, real=0.06 secs] 
3214.039: [GC (Allocation Failure) [PSYoungGen: 413941K->186933K(465920K)] 1345947K->1173755K(1674240K), 0.0459831 secs] [Times: user=0.21 sys=0.00, real=0.04 secs] 
3215.082: [GC (Allocation Failure) [PSYoungGen: 419893K->137521K(465920K)] 1406715K->1194855K(1674240K), 0.0517239 secs] [Times: user=0.25 sys=0.01, real=0.05 secs] 
3216.224: [GC (Allocation Failure) [PSYoungGen: 370481K->129583K(465920K)] 1427815K->1230573K(1674240K), 0.1292495 secs] [Times: user=0.68 sys=0.05, real=0.13 secs] 
3216.500: [GC (Allocation Failure) [PSYoungGen: 362543K->178741K(465920K)] 1463533K->1321668K(1674240K), 0.0525452 secs] [Times: user=0.14 sys=0.11, real=0.05 secs] 
3216.553: [Full GC (Ergonomics) [PSYoungGen: 178741K->0K(465920K)] [ParOldGen: 1142926K->238309K(1110016K)] 1321668K->238309K(1575936K), [Metaspace: 60005K->60005K(1105920K)], 0.2809448 secs] [Times: user=1.29 sys=0.01, real=0.28 secs] 
3216.958: [GC (Allocation Failure) [PSYoungGen: 232960K->185687K(465920K)] 471269K->423996K(1575936K), 0.0864739 secs] [Times: user=0.45 sys=0.00, real=0.09 secs] 
3218.754: [GC (GCLocker Initiated GC) [PSYoungGen: 418647K->180020K(465920K)] 656957K->477354K(1575936K), 0.1491677 secs] [Times: user=0.79 sys=0.01, real=0.15 secs] 
3219.893: [GC (Allocation Failure) [PSYoungGen: 412980K->91083K(465920K)] 710317K->456620K(1575936K), 0.0444201 secs] [Times: user=0.22 sys=0.02, real=0.04 secs] 
3220.145: [GC (Allocation Failure) [PSYoungGen: 324043K->173397K(465920K)] 689580K->568774K(1575936K), 0.0455311 secs] [Times: user=0.20 sys=0.00, real=0.05 secs] 
3220.389: [GC (Allocation Failure) [PSYoungGen: 406357K->178165K(465920K)] 801736K->627708K(1575936K), 0.0480069 secs] [Times: user=0.22 sys=0.00, real=0.04 secs] 
3220.589: [GC (Allocation Failure) [PSYoungGen: 401044K->176470K(465920K)] 850588K->688401K(1575936K), 0.0693074 secs] [Times: user=0.34 sys=0.00, real=0.07 secs] 
3221.535: [GC (Allocation Failure) [PSYoungGen: 409430K->169267K(465920K)] 921361K->737214K(1575936K), 0.0538203 secs] [Times: user=0.27 sys=0.00, real=0.05 secs] 
3221.852: [GC (Allocation Failure) [PSYoungGen: 402227K->106412K(465920K)] 970174K->739100K(1575936K), 0.0401655 secs] [Times: user=0.20 sys=0.00, real=0.04 secs] 
3222.009: [GC (GCLocker Initiated GC) [PSYoungGen: 339372K->175413K(465920K)] 972060K->842857K(1575936K), 0.0357604 secs] [Times: user=0.15 sys=0.00, real=0.04 secs] 
3222.160: [GC (GCLocker Initiated GC) [PSYoungGen: 408373K->183093K(465920K)] 1075823K->905636K(1575936K), 0.0434318 secs] [Times: user=0.19 sys=0.01, real=0.04 secs] 
3222.361: [GC (Allocation Failure) [PSYoungGen: 416053K->203157K(465920K)] 1138762K->981409K(1575936K), 0.0603967 secs] [Times: user=0.30 sys=0.00, real=0.06 secs] 
3223.378: [GC (Allocation Failure) [PSYoungGen: 436117K->103692K(465920K)] 1214369K->952424K(1575936K), 0.0455035 secs] [Times: user=0.24 sys=0.00, real=0.05 secs] 
3223.791: [GC (Allocation Failure) [PSYoungGen: 336652K->169972K(465920K)] 1185384K->1052345K(1575936K), 0.0441117 secs] [Times: user=0.20 sys=0.00, real=0.04 secs] 
3223.977: [GC (Allocation Failure) [PSYoungGen: 402932K->184822K(465920K)] 1285305K->1120647K(1575936K), 0.0631703 secs] [Times: user=0.30 sys=0.00, real=0.07 secs] 
3224.238: [GC (Allocation Failure) [PSYoungGen: 417782K->185847K(465920K)] 1353607K->1185768K(1575936K), 0.0598767 secs] [Times: user=0.29 sys=0.00, real=0.06 secs] 
3225.929: [GC (Allocation Failure) [PSYoungGen: 415416K->207155K(465920K)] 1415337K->1266116K(1575936K), 0.0536833 secs] [Times: user=0.26 sys=0.00, real=0.06 secs] 
3225.983: [Full GC (Ergonomics) [PSYoungGen: 207155K->0K(465920K)] [ParOldGen: 1058961K->362649K(1267712K)] 1266116K->362649K(1733632K), [Metaspace: 60009K->60009K(1105920K)], 0.6147626 secs] [Times: user=2.65 sys=0.00, real=0.61 secs] 
3227.818: [GC (GCLocker Initiated GC) [PSYoungGen: 232960K->95154K(465920K)] 595609K->457804K(1733632K), 0.0388296 secs] [Times: user=0.15 sys=0.00, real=0.04 secs] 
3228.225: [GC (Allocation Failure) [PSYoungGen: 328114K->181750K(465920K)] 690766K->578531K(1733632K), 0.0439989 secs] [Times: user=0.19 sys=0.00, real=0.05 secs] 
3228.390: [GC (Allocation Failure) [PSYoungGen: 414710K->184918K(465920K)] 811491K->638423K(1733632K), 0.0431823 secs] [Times: user=0.19 sys=0.00, real=0.04 secs] 
3228.569: [GC (Allocation Failure) [PSYoungGen: 417878K->187061K(465920K)] 871383K->696582K(1733632K), 0.0492553 secs] [Times: user=0.23 sys=0.00, real=0.05 secs] 
3229.650: [GC (GCLocker Initiated GC) [PSYoungGen: 420021K->95099K(465920K)] 929542K->675093K(1733632K), 0.0432570 secs] [Times: user=0.22 sys=0.00, real=0.04 secs] 
3229.856: [GC (Allocation Failure) [PSYoungGen: 328059K->165940K(465920K)] 908055K->777536K(1733632K), 0.0593824 secs] [Times: user=0.28 sys=0.00, real=0.06 secs] 
3230.095: [GC (Allocation Failure) [PSYoungGen: 398900K->184374K(465920K)] 1010496K->848218K(1733632K), 0.0438284 secs] [Times: user=0.20 sys=0.00, real=0.04 secs] 
3230.255: [GC (Allocation Failure) [PSYoungGen: 417334K->186135K(465920K)] 1081178K->914256K(1733632K), 0.0493832 secs] [Times: user=0.23 sys=0.00, real=0.05 secs] 
3230.423: [GC (Allocation Failure) [PSYoungGen: 419095K->186517K(465920K)] 1147216K->973734K(1733632K), 0.0542322 secs] [Times: user=0.26 sys=0.00, real=0.05 secs] 
3231.833: [GC (Allocation Failure) [PSYoungGen: 419477K->81161K(465920K)] 1206694K->938738K(1733632K), 0.1035803 secs] [Times: user=0.58 sys=0.00, real=0.10 secs] 
3232.324: [GC (Allocation Failure) [PSYoungGen: 314121K->180405K(465920K)] 1171698K->1064343K(1733632K), 0.0403167 secs] [Times: user=0.18 sys=0.00, real=0.04 secs] 
3232.532: [GC (Allocation Failure) [PSYoungGen: 413365K->183669K(465920K)] 1297303K->1124015K(1733632K), 0.0649233 secs] [Times: user=0.31 sys=0.00, real=0.06 secs] 
3232.784: [GC (Allocation Failure) [PSYoungGen: 416629K->186581K(465920K)] 1356975K->1182695K(1733632K), 0.0526025 secs] [Times: user=0.25 sys=0.00, real=0.05 secs] 
3234.720: [GC (Allocation Failure) [PSYoungGen: 419541K->107549K(465920K)] 1415655K->1173934K(1733632K), 0.0460140 secs] [Times: user=0.24 sys=0.00, real=0.04 secs] 
3235.236: [GC (Allocation Failure) [PSYoungGen: 340509K->157587K(465920K)] 1406894K->1259169K(1733632K), 0.0871729 secs] [Times: user=0.45 sys=0.00, real=0.09 secs] 
3235.481: [GC (Allocation Failure) [PSYoungGen: 390547K->183445K(465920K)] 1492129K->1333884K(1733632K), 0.0507548 secs] [Times: user=0.19 sys=0.04, real=0.05 secs] 
3235.917: [GC (Allocation Failure) [PSYoungGen: 416405K->183062K(465920K)] 1566844K->1397228K(1733632K), 0.1034617 secs] [Times: user=0.46 sys=0.07, real=0.11 secs] 
3236.021: [Full GC (Ergonomics) [PSYoungGen: 183062K->0K(465920K)] [ParOldGen: 1214166K->312880K(1251328K)] 1397228K->312880K(1717248K), [Metaspace: 60010K->60010K(1105920K)], 0.4891225 secs] [Times: user=2.32 sys=0.00, real=0.49 secs] 
3236.620: [GC (Allocation Failure) [PSYoungGen: 232960K->199348K(465920K)] 545840K->512229K(1717248K), 0.0302105 secs] [Times: user=0.12 sys=0.00, real=0.03 secs] 
3237.598: [GC (Allocation Failure) [PSYoungGen: 432308K->95915K(465920K)] 745189K->477907K(1717248K), 0.0594444 secs] [Times: user=0.31 sys=0.00, real=0.06 secs] 
3237.818: [GC (Allocation Failure) [PSYoungGen: 328875K->174037K(465920K)] 710867K->587106K(1717248K), 0.0338529 secs] [Times: user=0.14 sys=0.01, real=0.04 secs] 
3237.989: [GC (Allocation Failure) [PSYoungGen: 406997K->180821K(465920K)] 820066K->648050K(1717248K), 0.0610141 secs] [Times: user=0.28 sys=0.02, real=0.07 secs] 
3238.192: [GC (Allocation Failure) [PSYoungGen: 413781K->183316K(465920K)] 881010K->705394K(1717248K), 0.0456335 secs] [Times: user=0.21 sys=0.00, real=0.04 secs] 
3239.204: [GC (Allocation Failure) [PSYoungGen: 416276K->123119K(465920K)] 938354K->714572K(1717248K), 0.0477839 secs] [Times: user=0.23 sys=0.01, real=0.05 secs] 
3240.246: [GC (Allocation Failure) [PSYoungGen: 356079K->145889K(465920K)] 947532K->776490K(1717248K), 0.0978683 secs] [Times: user=0.52 sys=0.00, real=0.10 secs] 
3240.496: [GC (Allocation Failure) [PSYoungGen: 378849K->184150K(465920K)] 1009450K->861164K(1717248K), 0.0403165 secs] [Times: user=0.18 sys=0.00, real=0.04 secs] 
3240.656: [GC (Allocation Failure) [PSYoungGen: 417110K->185719K(465920K)] 1094124K->926905K(1717248K), 0.0497083 secs] [Times: user=0.23 sys=0.00, real=0.05 secs] 
3241.857: [GC (Allocation Failure) [PSYoungGen: 418679K->182804K(465920K)] 1159865K->982807K(1717248K), 0.1322975 secs] [Times: user=0.71 sys=0.00, real=0.13 secs] 
3242.988: [GC (Allocation Failure) [PSYoungGen: 415764K->94507K(465920K)] 1215767K->963821K(1717248K), 0.0422205 secs] [Times: user=0.22 sys=0.00, real=0.05 secs] 
3243.308: [GC (GCLocker Initiated GC) [PSYoungGen: 327467K->173045K(465920K)] 1196782K->1073020K(1717248K), 0.0511045 secs] [Times: user=0.22 sys=0.01, real=0.05 secs] 
3243.533: [GC (GCLocker Initiated GC) [PSYoungGen: 406005K->182293K(465920K)] 1305983K->1135752K(1717248K), 0.0462953 secs] [Times: user=0.21 sys=0.00, real=0.05 secs] 
3243.970: [GC (Allocation Failure) [PSYoungGen: 415253K->186229K(465920K)] 1368877K->1194997K(1717248K), 0.0457637 secs] [Times: user=0.21 sys=0.00, real=0.04 secs] 
3245.259: [GC (Allocation Failure) [PSYoungGen: 419189K->128944K(465920K)] 1427957K->1207776K(1717248K), 0.0489282 secs] [Times: user=0.24 sys=0.00, real=0.05 secs] 
3245.691: [GC (Allocation Failure) [PSYoungGen: 361904K->136912K(465920K)] 1440736K->1256512K(1717248K), 0.1302664 secs] [Times: user=0.71 sys=0.01, real=0.13 secs] 
3245.996: [GC (Allocation Failure) [PSYoungGen: 369872K->178613K(465920K)] 1489472K->1342674K(1717248K), 0.0394406 secs] [Times: user=0.18 sys=0.00, real=0.04 secs] 
3246.186: [GC (Allocation Failure) [PSYoungGen: 411573K->185879K(465920K)] 1575634K->1412148K(1717248K), 0.0577162 secs] [Times: user=0.27 sys=0.01, real=0.06 secs] 
3246.244: [Full GC (Ergonomics) [PSYoungGen: 185879K->0K(465920K)] [ParOldGen: 1226269K->307777K(1276928K)] 1412148K->307777K(1742848K), [Metaspace: 60011K->60011K(1105920K)], 0.4523533 secs] [Times: user=2.13 sys=0.00, real=0.45 secs] 
3246.806: [GC (Allocation Failure) [PSYoungGen: 232960K->182516K(465920K)] 540737K->490294K(1742848K), 0.0300298 secs] [Times: user=0.11 sys=0.00, real=0.03 secs] 
3248.007: [GC (Allocation Failure) [PSYoungGen: 415476K->88746K(465920K)] 723254K->465584K(1742848K), 0.0888210 secs] [Times: user=0.48 sys=0.00, real=0.09 secs] 
3249.383: [GC (Allocation Failure) [PSYoungGen: 321706K->175445K(465920K)] 698544K->581167K(1742848K), 0.0426281 secs] [Times: user=0.18 sys=0.00, real=0.04 secs] 
3249.620: [GC (Allocation Failure) [PSYoungGen: 408405K->184726K(465920K)] 814127K->645348K(1742848K), 0.0603371 secs] [Times: user=0.29 sys=0.00, real=0.06 secs] 
3249.855: [GC (Allocation Failure) [PSYoungGen: 417686K->187189K(465920K)] 878308K->703683K(1742848K), 0.0711987 secs] [Times: user=0.35 sys=0.00, real=0.07 secs] 
3250.862: [GC (Allocation Failure) [PSYoungGen: 420149K->141617K(465920K)] 936643K->728720K(1742848K), 0.0499011 secs] [Times: user=0.25 sys=0.00, real=0.05 secs] 
3251.314: [GC (GCLocker Initiated GC) [PSYoungGen: 374577K->127231K(465920K)] 961680K->759278K(1742848K), 0.0855643 secs] [Times: user=0.46 sys=0.00, real=0.09 secs] 
3251.515: [GC (Allocation Failure) [PSYoungGen: 360191K->186229K(465920K)] 992369K->858851K(1742848K), 0.0379142 secs] [Times: user=0.17 sys=0.00, real=0.04 secs] 
3251.670: [GC (Allocation Failure) [PSYoungGen: 419189K->185495K(465920K)] 1091811K->920441K(1742848K), 0.0500867 secs] [Times: user=0.23 sys=0.00, real=0.05 secs] 
3251.830: [GC (Allocation Failure) [PSYoungGen: 418455K->186677K(465920K)] 1153401K->980544K(1742848K), 0.0584408 secs] [Times: user=0.29 sys=0.00, real=0.05 secs] 
3252.819: [GC (Allocation Failure) [PSYoungGen: 419637K->87370K(465920K)] 1213504K->951621K(1742848K), 0.0453689 secs] [Times: user=0.23 sys=0.00, real=0.05 secs] 
3253.008: [GC (Allocation Failure) [PSYoungGen: 320330K->173749K(465920K)] 1184581K->1066792K(1742848K), 0.0421537 secs] [Times: user=0.18 sys=0.00, real=0.05 secs] 
3253.221: [GC (Allocation Failure) [PSYoungGen: 406709K->184470K(465920K)] 1299752K->1131993K(1742848K), 0.0454099 secs] [Times: user=0.21 sys=0.00, real=0.04 secs] 
3253.402: [GC (Allocation Failure) [PSYoungGen: 417430K->187765K(465920K)] 1364953K->1191353K(1742848K), 0.0507539 secs] [Times: user=0.24 sys=0.00, real=0.05 secs] 
3254.347: [GC (Allocation Failure) [PSYoungGen: 420725K->150418K(465920K)] 1424313K->1224690K(1742848K), 0.0516080 secs] [Times: user=0.25 sys=0.01, real=0.05 secs] 
3255.125: [GC (Allocation Failure) [PSYoungGen: 383378K->115693K(465920K)] 1457650K->1237693K(1742848K), 0.1487340 secs] [Times: user=0.83 sys=0.01, real=0.15 secs] 
3255.419: [GC (Allocation Failure) [PSYoungGen: 348653K->178901K(465920K)] 1470653K->1338022K(1742848K), 0.0369499 secs] [Times: user=0.15 sys=0.00, real=0.04 secs] 
3255.573: [GC (Allocation Failure) [PSYoungGen: 411861K->184535K(465920K)] 1570982K->1406055K(1742848K), 0.0498000 secs] [Times: user=0.23 sys=0.00, real=0.05 secs] 
3255.622: [Full GC (Ergonomics) [PSYoungGen: 184535K->0K(465920K)] [ParOldGen: 1221520K->299789K(1301504K)] 1406055K->299789K(1767424K), [Metaspace: 60016K->60016K(1105920K)], 0.4304898 secs] [Times: user=1.94 sys=0.00, real=0.43 secs] 
3256.163: [GC (Allocation Failure) [PSYoungGen: 232960K->183828K(465920K)] 532749K->483618K(1767424K), 0.0348797 secs] [Times: user=0.15 sys=0.00, real=0.03 secs] 
3258.499: [GC (Allocation Failure) [PSYoungGen: 416788K->92251K(465920K)] 716578K->461144K(1767424K), 0.0780761 secs] [Times: user=0.43 sys=0.00, real=0.08 secs] 
3259.077: [GC (Allocation Failure) [PSYoungGen: 325211K->173653K(465920K)] 694104K->572811K(1767424K), 0.0503918 secs] [Times: user=0.22 sys=0.00, real=0.05 secs] 
3259.326: [GC (Allocation Failure) [PSYoungGen: 406613K->184118K(465920K)] 805771K->637076K(1767424K), 0.0583966 secs] [Times: user=0.28 sys=0.01, real=0.06 secs] 
3259.552: [GC (Allocation Failure) [PSYoungGen: 407746K->178070K(465920K)] 860704K->695156K(1767424K), 0.0542864 secs] [Times: user=0.26 sys=0.00, real=0.05 secs] 
3260.358: [GC (Allocation Failure) [PSYoungGen: 411030K->210259K(465920K)] 928116K->783961K(1767424K), 0.0555844 secs] [Times: user=0.28 sys=0.00, real=0.06 secs] 
3260.762: [GC (Allocation Failure) [PSYoungGen: 443219K->97131K(465920K)] 1016921K->735593K(1767424K), 0.0396649 secs] [Times: user=0.20 sys=0.01, real=0.04 secs] 
3261.124: [GC (Allocation Failure) [PSYoungGen: 330091K->182454K(465920K)] 968553K->851457K(1767424K), 0.0498949 secs] [Times: user=0.22 sys=0.00, real=0.05 secs] 
3261.307: [GC (Allocation Failure) [PSYoungGen: 415414K->184950K(465920K)] 1084417K->911257K(1767424K), 0.0439892 secs] [Times: user=0.19 sys=0.00, real=0.05 secs] 
3261.461: [GC (Allocation Failure) [PSYoungGen: 417910K->187029K(465920K)] 1144217K->969292K(1767424K), 0.0455718 secs] [Times: user=0.22 sys=0.00, real=0.04 secs] 
3262.557: [GC (Allocation Failure) [PSYoungGen: 419989K->93451K(465920K)] 1202252K->946222K(1767424K), 0.0446790 secs] [Times: user=0.23 sys=0.00, real=0.05 secs] 
3263.295: [GC (Allocation Failure) [PSYoungGen: 326411K->167508K(465920K)] 1179182K->1050716K(1767424K), 0.0655617 secs] [Times: user=0.31 sys=0.01, real=0.07 secs] 
3263.545: [GC (Allocation Failure) [PSYoungGen: 400468K->184118K(465920K)] 1283676K->1119990K(1767424K), 0.0580991 secs] [Times: user=0.27 sys=0.00, real=0.06 secs] 
3263.729: [GC (Allocation Failure) [PSYoungGen: 417078K->186039K(465920K)] 1352950K->1185927K(1767424K), 0.0497276 secs] [Times: user=0.23 sys=0.00, real=0.05 secs] 
3264.568: [GC (Allocation Failure) [PSYoungGen: 418999K->179380K(465920K)] 1418887K->1238308K(1767424K), 0.1154302 secs] [Times: user=0.61 sys=0.00, real=0.12 secs] 
3266.407: [GC (GCLocker Initiated GC) [PSYoungGen: 412340K->92187K(465920K)] 1471268K->1219499K(1767424K), 0.0987612 secs] [Times: user=0.49 sys=0.01, real=0.10 secs] 
3266.888: [GC (Allocation Failure) [PSYoungGen: 325147K->177685K(465920K)] 1452626K->1334257K(1767424K), 0.0442052 secs] [Times: user=0.19 sys=0.00, real=0.05 secs] 
3267.088: [GC (Allocation Failure) [PSYoungGen: 410645K->184950K(465920K)] 1567217K->1396902K(1767424K), 0.0543835 secs] [Times: user=0.26 sys=0.00, real=0.06 secs] 
3267.262: [GC (Allocation Failure) [PSYoungGen: 417910K->186901K(465920K)] 1629862K->1454669K(1767424K), 0.0486794 secs] [Times: user=0.21 sys=0.02, real=0.05 secs] 
3267.311: [Full GC (Ergonomics) [PSYoungGen: 186901K->0K(465920K)] [ParOldGen: 1267768K->341223K(1375744K)] 1454669K->341223K(1841664K), [Metaspace: 60019K->60019K(1105920K)], 0.5320004 secs] [Times: user=2.49 sys=0.00, real=0.53 secs] 
3268.775: [GC (Allocation Failure) [PSYoungGen: 232960K->98780K(465920K)] 574183K->440003K(1841664K), 0.0474114 secs] [Times: user=0.24 sys=0.00, real=0.05 secs] 
3268.966: [GC (Allocation Failure) [PSYoungGen: 331740K->163315K(465920K)] 672963K->537439K(1841664K), 0.0562962 secs] [Times: user=0.27 sys=0.00, real=0.06 secs] 
3269.187: [GC (Allocation Failure) [PSYoungGen: 396275K->184149K(465920K)] 770399K->609353K(1841664K), 0.0546242 secs] [Times: user=0.25 sys=0.00, real=0.06 secs] 
3269.361: [GC (Allocation Failure) [PSYoungGen: 417109K->186039K(465920K)] 842313K->675791K(1841664K), 0.0491730 secs] [Times: user=0.23 sys=0.01, real=0.05 secs] 
3269.521: [GC (Allocation Failure) [PSYoungGen: 418999K->182996K(465920K)] 908751K->731756K(1841664K), 0.0540673 secs] [Times: user=0.27 sys=0.00, real=0.05 secs] 
3270.878: [GC (Allocation Failure) [PSYoungGen: 415956K->85770K(465920K)] 964716K->703618K(1841664K), 0.0644131 secs] [Times: user=0.34 sys=0.00, real=0.07 secs] 
3271.201: [GC (Allocation Failure) [PSYoungGen: 318730K->179957K(465920K)] 936578K->825778K(1841664K), 0.0334680 secs] [Times: user=0.13 sys=0.01, real=0.03 secs] 
3271.352: [GC (Allocation Failure) [PSYoungGen: 412917K->184822K(465920K)] 1058738K->886699K(1841664K), 0.0443001 secs] [Times: user=0.20 sys=0.00, real=0.04 secs] 
3271.904: [GC (Allocation Failure) [PSYoungGen: 417782K->186325K(465920K)] 1119659K->944130K(1841664K), 0.1061645 secs] [Times: user=0.55 sys=0.00, real=0.11 secs] 
3273.046: [GC (Allocation Failure) [PSYoungGen: 419285K->111245K(465920K)] 1177090K->939282K(1841664K), 0.0464873 secs] [Times: user=0.23 sys=0.00, real=0.05 secs] 
3274.141: [GC (Allocation Failure) [PSYoungGen: 344205K->155506K(465920K)] 1172242K->1019400K(1841664K), 0.0910309 secs] [Times: user=0.48 sys=0.00, real=0.09 secs] 
3274.418: [GC (Allocation Failure) [PSYoungGen: 388466K->184342K(465920K)] 1252360K->1096760K(1841664K), 0.0505352 secs] [Times: user=0.23 sys=0.00, real=0.05 secs] 
3274.585: [GC (Allocation Failure) [PSYoungGen: 417302K->186007K(465920K)] 1329720K->1162585K(1841664K), 0.0502391 secs] [Times: user=0.24 sys=0.00, real=0.05 secs] 
3274.764: [GC (Allocation Failure) [PSYoungGen: 418967K->183412K(465920K)] 1395545K->1219054K(1841664K), 0.0582021 secs] [Times: user=0.29 sys=0.00, real=0.06 secs] 
3275.822: [GC (Allocation Failure) [PSYoungGen: 416372K->90394K(465920K)] 1452014K->1195260K(1841664K), 0.0569775 secs] [Times: user=0.30 sys=0.01, real=0.05 secs] 
3276.285: [GC (Allocation Failure) [PSYoungGen: 323354K->177621K(465920K)] 1428220K->1311260K(1841664K), 0.0480512 secs] [Times: user=0.20 sys=0.00, real=0.05 secs] 
3276.476: [GC (Allocation Failure) [PSYoungGen: 410581K->181333K(465920K)] 1544220K->1370980K(1841664K), 0.0438999 secs] [Times: user=0.20 sys=0.00, real=0.05 secs] 
3276.677: [GC (Allocation Failure) [PSYoungGen: 414293K->183156K(465920K)] 1603940K->1427395K(1841664K), 0.0674371 secs] [Times: user=0.32 sys=0.00, real=0.07 secs] 
3277.747: [GC (Allocation Failure) [PSYoungGen: 416116K->120975K(465920K)] 1660355K->1434550K(1841664K), 0.0504007 secs] [Times: user=0.24 sys=0.02, real=0.05 secs] 
3277.797: [Full GC (Ergonomics) [PSYoungGen: 120975K->0K(465920K)] [ParOldGen: 1313575K->336978K(1398272K)] 1434550K->336978K(1864192K), [Metaspace: 60026K->60026K(1105920K)], 0.6020892 secs] [Times: user=2.65 sys=0.00, real=0.61 secs] 
3281.162: [GC (Allocation Failure) [PSYoungGen: 232960K->140689K(465920K)] 569938K->477667K(1864192K), 0.0365778 secs] [Times: user=0.14 sys=0.00, real=0.03 secs] 
3281.381: [GC (Allocation Failure) [PSYoungGen: 373649K->178741K(465920K)] 710627K->561104K(1864192K), 0.0394422 secs] [Times: user=0.17 sys=0.00, real=0.04 secs] 
3281.541: [GC (Allocation Failure) [PSYoungGen: 411701K->185623K(465920K)] 794064K->630218K(1864192K), 0.0504583 secs] [Times: user=0.23 sys=0.00, real=0.05 secs] 
3281.740: [GC (Allocation Failure) [PSYoungGen: 418583K->186293K(465920K)] 863178K->689720K(1864192K), 0.0775432 secs] [Times: user=0.39 sys=0.00, real=0.07 secs] 
3282.813: [GC (Allocation Failure) [PSYoungGen: 419253K->86666K(465920K)] 922680K->660597K(1864192K), 0.0449326 secs] [Times: user=0.24 sys=0.00, real=0.04 secs] 
3283.009: [GC (Allocation Failure) [PSYoungGen: 319626K->177493K(465920K)] 893557K->779709K(1864192K), 0.0321558 secs] [Times: user=0.12 sys=0.00, real=0.04 secs] 
3283.186: [GC (Allocation Failure) [PSYoungGen: 410453K->184502K(465920K)] 1012669K->842570K(1864192K), 0.0507197 secs] [Times: user=0.24 sys=0.00, real=0.05 secs] 
3283.370: [GC (Allocation Failure) [PSYoungGen: 417462K->187381K(465920K)] 1075530K->901553K(1864192K), 0.0472881 secs] [Times: user=0.22 sys=0.00, real=0.04 secs] 
3284.353: [GC (Allocation Failure) [PSYoungGen: 420341K->134480K(465920K)] 1134513K->919217K(1864192K), 0.0505151 secs] [Times: user=0.25 sys=0.01, real=0.05 secs] 
3284.580: [GC (Allocation Failure) [PSYoungGen: 367440K->131759K(465920K)] 1152177K->959104K(1864192K), 0.0717319 secs] [Times: user=0.38 sys=0.00, real=0.07 secs] 
3284.818: [GC (Allocation Failure) [PSYoungGen: 364719K->177941K(465920K)] 1192064K->1046958K(1864192K), 0.0472407 secs] [Times: user=0.22 sys=0.00, real=0.05 secs] 
3285.018: [GC (Allocation Failure) [PSYoungGen: 410901K->185399K(465920K)] 1279918K->1116560K(1864192K), 0.0548906 secs] [Times: user=0.26 sys=0.00, real=0.06 secs] 
3285.183: [GC (Allocation Failure) [PSYoungGen: 418359K->186805K(465920K)] 1349520K->1176910K(1864192K), 0.0567549 secs] [Times: user=0.28 sys=0.00, real=0.06 secs] 
3287.281: [GC (Allocation Failure) [PSYoungGen: 419765K->85834K(465920K)] 1409870K->1146443K(1864192K), 0.1174812 secs] [Times: user=0.65 sys=0.01, real=0.11 secs] 
3289.131: [GC (Allocation Failure) [PSYoungGen: 318794K->173141K(465920K)] 1379403K->1261742K(1864192K), 0.0441597 secs] [Times: user=0.19 sys=0.01, real=0.04 secs] 
3289.311: [GC (Allocation Failure) [PSYoungGen: 406101K->209174K(465920K)] 1494702K->1351848K(1864192K), 0.0442646 secs] [Times: user=0.21 sys=0.00, real=0.04 secs] 
3289.496: [GC (Allocation Failure) [PSYoungGen: 428582K->168277K(465920K)] 1571256K->1375078K(1864192K), 0.0719829 secs] [Times: user=0.35 sys=0.00, real=0.07 secs] 
3290.453: [GC (Allocation Failure) [PSYoungGen: 401237K->167794K(465920K)] 1608038K->1427940K(1864192K), 0.0536906 secs] [Times: user=0.27 sys=0.00, real=0.05 secs] 
3290.734: [GC (Allocation Failure) [PSYoungGen: 400754K->104092K(465920K)] 1660900K->1428662K(1864192K), 0.0423143 secs] [Times: user=0.20 sys=0.01, real=0.04 secs] 
3290.776: [Full GC (Ergonomics) [PSYoungGen: 104092K->0K(465920K)] [ParOldGen: 1324569K->121395K(1234432K)] 1428662K->121395K(1700352K), [Metaspace: 60029K->60029K(1105920K)], 0.1247394 secs] [Times: user=0.48 sys=0.00, real=0.13 secs] 
3291.155: [GC (Allocation Failure) [PSYoungGen: 230188K->179253K(465920K)] 351584K->300649K(1700352K), 0.0290175 secs] [Times: user=0.11 sys=0.00, real=0.03 secs] 
3291.343: [GC (Allocation Failure) [PSYoungGen: 412213K->181621K(465920K)] 533609K->359189K(1700352K), 0.0488154 secs] [Times: user=0.23 sys=0.01, real=0.05 secs] 
3291.533: [GC (Allocation Failure) [PSYoungGen: 414581K->186421K(465920K)] 592149K->418725K(1700352K), 0.0620936 secs] [Times: user=0.30 sys=0.01, real=0.06 secs] 
3292.541: [GC (Allocation Failure) [PSYoungGen: 419381K->99772K(465920K)] 651685K->402336K(1700352K), 0.0441441 secs] [Times: user=0.23 sys=0.00, real=0.04 secs] 
3292.861: [GC (Allocation Failure) [PSYoungGen: 332732K->166580K(465920K)] 635296K->501695K(1700352K), 0.0763816 secs] [Times: user=0.38 sys=0.00, real=0.07 secs] 
3293.123: [GC (Allocation Failure) [PSYoungGen: 399540K->181461K(465920K)] 734655K->568916K(1700352K), 0.0413450 secs] [Times: user=0.18 sys=0.00, real=0.04 secs] 
3293.284: [GC (Allocation Failure) [PSYoungGen: 414421K->185975K(465920K)] 801876K->636766K(1700352K), 0.0491136 secs] [Times: user=0.23 sys=0.00, real=0.05 secs] 
3294.539: [GC (Allocation Failure) [PSYoungGen: 418827K->216084K(465920K)] 869618K->726060K(1700352K), 0.0542005 secs] [Times: user=0.26 sys=0.00, real=0.06 secs] 
3296.728: [GC (Allocation Failure) [PSYoungGen: 449044K->83577K(465920K)] 959020K->662449K(1700352K), 0.1139688 secs] [Times: user=0.64 sys=0.00, real=0.12 secs] 
3297.409: [GC (Allocation Failure) [PSYoungGen: 316537K->180854K(465920K)] 895409K->786346K(1700352K), 0.0396459 secs] [Times: user=0.16 sys=0.01, real=0.04 secs] 
3297.591: [GC (Allocation Failure) [PSYoungGen: 413814K->184886K(465920K)] 1019306K->846486K(1700352K), 0.0481200 secs] [Times: user=0.22 sys=0.00, real=0.05 secs] 
3297.777: [GC (Allocation Failure) [PSYoungGen: 417846K->186997K(465920K)] 1079446K->904605K(1700352K), 0.0476546 secs] [Times: user=0.22 sys=0.00, real=0.05 secs] 
3298.773: [GC (Allocation Failure) [PSYoungGen: 419957K->103196K(465920K)] 1137565K->891369K(1700352K), 0.0460284 secs] [Times: user=0.23 sys=0.00, real=0.04 secs] 
3299.017: [GC (Allocation Failure) [PSYoungGen: 336156K->163667K(465920K)] 1124329K->985496K(1700352K), 0.0888638 secs] [Times: user=0.45 sys=0.01, real=0.09 secs] 
3299.282: [GC (Allocation Failure) [PSYoungGen: 396627K->183317K(465920K)] 1218456K->1056098K(1700352K), 0.0422712 secs] [Times: user=0.19 sys=0.00, real=0.04 secs] 
3299.462: [GC (GCLocker Initiated GC) [PSYoungGen: 416277K->182614K(465920K)] 1289058K->1119503K(1700352K), 0.0545824 secs] [Times: user=0.26 sys=0.00, real=0.05 secs] 
3299.642: [GC (Allocation Failure) [PSYoungGen: 415574K->186517K(465920K)] 1352594K->1181401K(1700352K), 0.0555874 secs] [Times: user=0.27 sys=0.01, real=0.05 secs] 
3300.700: [GC (Allocation Failure) [PSYoungGen: 419477K->90170K(465920K)] 1414361K->1155374K(1700352K), 0.0538346 secs] [Times: user=0.28 sys=0.00, real=0.05 secs] 
3301.057: [GC (Allocation Failure) [PSYoungGen: 323130K->178005K(465920K)] 1388334K->1271986K(1700352K), 0.0488525 secs] [Times: user=0.22 sys=0.00, real=0.05 secs] 
3301.292: [GC (Allocation Failure) [PSYoungGen: 410965K->184694K(465920K)] 1504946K->1334346K(1700352K), 0.0584268 secs] [Times: user=0.28 sys=0.00, real=0.06 secs] 
3301.351: [Full GC (Ergonomics) [PSYoungGen: 184694K->0K(465920K)] [ParOldGen: 1149652K->281628K(1398272K)] 1334346K->281628K(1864192K), [Metaspace: 60031K->60031K(1105920K)], 0.3897374 secs] [Times: user=1.81 sys=0.00, real=0.39 secs] 
3301.851: [GC (Allocation Failure) [PSYoungGen: 232960K->181684K(465920K)] 514588K->463313K(1864192K), 0.0355998 secs] [Times: user=0.15 sys=0.00, real=0.03 secs] 
3302.832: [GC (Allocation Failure) [PSYoungGen: 414644K->113181K(465920K)] 696273K->463906K(1864192K), 0.0481427 secs] [Times: user=0.25 sys=0.01, real=0.05 secs] 
3305.381: [GC (GCLocker Initiated GC) [PSYoungGen: 346141K->149233K(465920K)] 696866K->536535K(1864192K), 0.0965688 secs] [Times: user=0.51 sys=0.00, real=0.09 secs] 
3305.638: [GC (Allocation Failure) [PSYoungGen: 382193K->183893K(465920K)] 769626K->617930K(1864192K), 0.0405449 secs] [Times: user=0.18 sys=0.00, real=0.04 secs] 
3305.794: [GC (Allocation Failure) [PSYoungGen: 416853K->186071K(465920K)] 850890K->684027K(1864192K), 0.0499288 secs] [Times: user=0.23 sys=0.00, real=0.05 secs] 
3305.954: [GC (Allocation Failure) [PSYoungGen: 419031K->183508K(465920K)] 916987K->740329K(1864192K), 0.0569586 secs] [Times: user=0.28 sys=0.01, real=0.06 secs] 
3306.998: [GC (GCLocker Initiated GC) [PSYoungGen: 416468K->91819K(465920K)] 973290K->718048K(1864192K), 0.0413191 secs] [Times: user=0.21 sys=0.00, real=0.04 secs] 
3307.281: [GC (Allocation Failure) [PSYoungGen: 324779K->178229K(465920K)] 951011K->833762K(1864192K), 0.0475259 secs] [Times: user=0.20 sys=0.00, real=0.04 secs] 
3307.466: [GC (Allocation Failure) [PSYoungGen: 411189K->181237K(465920K)] 1066722K->892810K(1864192K), 0.0484859 secs] [Times: user=0.19 sys=0.00, real=0.05 secs] 
3307.629: [GC (Allocation Failure) [PSYoungGen: 414197K->183700K(465920K)] 1125770K->950097K(1864192K), 0.0455277 secs] [Times: user=0.21 sys=0.00, real=0.05 secs] 
3308.618: [GC (Allocation Failure) [PSYoungGen: 416660K->124687K(465920K)] 1183057K->960404K(1864192K), 0.0477832 secs] [Times: user=0.24 sys=0.00, real=0.05 secs] 
3309.021: [GC (Allocation Failure) [PSYoungGen: 354918K->141681K(465920K)] 1190635K->1016886K(1864192K), 0.0606101 secs] [Times: user=0.31 sys=0.00, real=0.06 secs] 
3309.254: [GC (Allocation Failure) [PSYoungGen: 374641K->178613K(465920K)] 1249846K->1099539K(1864192K), 0.0593364 secs] [Times: user=0.27 sys=0.00, real=0.06 secs] 
3309.503: [GC (Allocation Failure) [PSYoungGen: 411573K->185879K(465920K)] 1332499K->1168949K(1864192K), 0.0704256 secs] [Times: user=0.34 sys=0.00, real=0.07 secs] 
3310.042: [GC (Allocation Failure) [PSYoungGen: 418839K->182548K(465920K)] 1401909K->1224578K(1864192K), 0.0857083 secs] [Times: user=0.44 sys=0.00, real=0.08 secs] 
3312.320: [GC (Allocation Failure) [PSYoungGen: 415508K->92283K(465920K)] 1457538K->1203361K(1864192K), 0.0931641 secs] [Times: user=0.51 sys=0.00, real=0.09 secs] 
3312.786: [GC (Allocation Failure) [PSYoungGen: 325243K->178197K(465920K)] 1436321K->1318960K(1864192K), 0.0396957 secs] [Times: user=0.18 sys=0.00, real=0.04 secs] 
3312.940: [GC (Allocation Failure) [PSYoungGen: 411157K->185014K(465920K)] 1551920K->1381381K(1864192K), 0.0447302 secs] [Times: user=0.21 sys=0.00, real=0.04 secs] 
3313.112: [GC (Allocation Failure) [PSYoungGen: 417974K->179028K(465920K)] 1614341K->1431395K(1864192K), 0.0618282 secs] [Times: user=0.29 sys=0.01, real=0.06 secs] 
3314.170: [GC (Allocation Failure) [PSYoungGen: 411988K->137713K(465920K)] 1664355K->1458032K(1864192K), 0.0743123 secs] [Times: user=0.26 sys=0.08, real=0.07 secs] 
3314.245: [Full GC (Ergonomics) [PSYoungGen: 137713K->0K(465920K)] [ParOldGen: 1320319K->348404K(1398272K)] 1458032K->348404K(1864192K), [Metaspace: 60033K->60033K(1105920K)], 0.5965843 secs] [Times: user=2.62 sys=0.00, real=0.60 secs] 
3315.107: [GC (Allocation Failure) [PSYoungGen: 232960K->127903K(465920K)] 581364K->476307K(1864192K), 0.0228426 secs] [Times: user=0.08 sys=0.01, real=0.03 secs] 
3315.309: [GC (Allocation Failure) [PSYoungGen: 360863K->174580K(465920K)] 709267K->563622K(1864192K), 0.0439730 secs] [Times: user=0.19 sys=0.01, real=0.04 secs] 
3315.516: [GC (Allocation Failure) [PSYoungGen: 407540K->185399K(465920K)] 796582K->635608K(1864192K), 0.0596269 secs] [Times: user=0.29 sys=0.00, real=0.06 secs] 
3315.688: [GC (Allocation Failure) [PSYoungGen: 418359K->186805K(465920K)] 868568K->695982K(1864192K), 0.0572753 secs] [Times: user=0.28 sys=0.00, real=0.06 secs] 
3316.907: [GC (Allocation Failure) [PSYoungGen: 419765K->95147K(465920K)] 928942K->674872K(1864192K), 0.0769696 secs] [Times: user=0.41 sys=0.00, real=0.08 secs] 
3317.967: [GC (Allocation Failure) [PSYoungGen: 328107K->173621K(465920K)] 907832K->784434K(1864192K), 0.0444470 secs] [Times: user=0.19 sys=0.00, real=0.05 secs] 
3318.142: [GC (Allocation Failure) [PSYoungGen: 406581K->184278K(465920K)] 1017394K->849435K(1864192K), 0.0431504 secs] [Times: user=0.19 sys=0.00, real=0.04 secs] 
3318.358: [GC (Allocation Failure) [PSYoungGen: 417238K->187413K(465920K)] 1082395K->908483K(1864192K), 0.0667298 secs] [Times: user=0.33 sys=0.00, real=0.07 secs] 
3320.133: [GC (Allocation Failure) [PSYoungGen: 420373K->149266K(465920K)] 1141443K->941128K(1864192K), 0.0505605 secs] [Times: user=0.25 sys=0.00, real=0.05 secs] 
3320.994: [GC (Allocation Failure) [PSYoungGen: 382226K->116766K(465920K)] 1174088K->956059K(1864192K), 0.1563210 secs] [Times: user=0.88 sys=0.01, real=0.16 secs] 
3321.303: [GC (Allocation Failure) [PSYoungGen: 349726K->175732K(465920K)] 1189019K->1052559K(1864192K), 0.0367288 secs] [Times: user=0.16 sys=0.00, real=0.04 secs] 
3321.679: [GC (Allocation Failure) [PSYoungGen: 408692K->183926K(465920K)] 1285519K->1121929K(1864192K), 0.0768815 secs] [Times: user=0.38 sys=0.01, real=0.08 secs] 
3321.944: [GC (Allocation Failure) [PSYoungGen: 416886K->186325K(465920K)] 1354889K->1182520K(1864192K), 0.0591336 secs] [Times: user=0.30 sys=0.00, real=0.06 secs] 
3323.023: [GC (Allocation Failure) [PSYoungGen: 419285K->101468K(465920K)] 1415480K->1167983K(1864192K), 0.0478348 secs] [Times: user=0.25 sys=0.00, real=0.05 secs] 
3323.237: [GC (GCLocker Initiated GC) [PSYoungGen: 334428K->168756K(465920K)] 1400947K->1268507K(1864192K), 0.0362242 secs] [Times: user=0.16 sys=0.00, real=0.04 secs] 
3323.390: [GC (Allocation Failure) [PSYoungGen: 401716K->184245K(465920K)] 1501470K->1337020K(1864192K), 0.0433021 secs] [Times: user=0.20 sys=0.00, real=0.04 secs] 
3323.573: [GC (Allocation Failure) [PSYoungGen: 409883K->176246K(465920K)] 1562657K->1393268K(1864192K), 0.0702473 secs] [Times: user=0.34 sys=0.01, real=0.07 secs] 
3324.529: [GC (Allocation Failure) [PSYoungGen: 409206K->169171K(462848K)] 1626228K->1442089K(1861120K), 0.0569290 secs] [Times: user=0.28 sys=0.00, real=0.06 secs] 
3325.066: [GC (Allocation Failure) [PSYoungGen: 402131K->103020K(464384K)] 1675049K->1440722K(1862656K), 0.0977606 secs] [Times: user=0.49 sys=0.04, real=0.10 secs] 
3325.164: [Full GC (Ergonomics) [PSYoungGen: 103020K->0K(464384K)] [ParOldGen: 1337702K->120318K(1340416K)] 1440722K->120318K(1804800K), [Metaspace: 60063K->60063K(1105920K)], 0.1737404 secs] [Times: user=0.75 sys=0.00, real=0.17 secs] 
3325.489: [GC (Allocation Failure) [PSYoungGen: 232960K->179989K(465920K)] 353278K->300308K(1806336K), 0.0252328 secs] [Times: user=0.09 sys=0.00, real=0.03 secs] 
3325.631: [GC (Allocation Failure) [PSYoungGen: 412949K->184854K(465920K)] 533268K->361372K(1806336K), 0.0418289 secs] [Times: user=0.18 sys=0.00, real=0.04 secs] 
3325.831: [GC (Allocation Failure) [PSYoungGen: 417814K->187157K(465920K)] 594332K->419539K(1806336K), 0.0613845 secs] [Times: user=0.29 sys=0.00, real=0.06 secs] 
3328.607: [GC (Allocation Failure) [PSYoungGen: 420117K->95099K(465920K)] 652499K->398146K(1806336K), 0.0681349 secs] [Times: user=0.36 sys=0.00, real=0.07 secs] 
3329.245: [GC (Allocation Failure) [PSYoungGen: 328059K->163027K(465920K)] 631106K->497343K(1806336K), 0.0548246 secs] [Times: user=0.26 sys=0.01, real=0.06 secs] 
3329.433: [GC (Allocation Failure) [PSYoungGen: 395987K->184598K(465920K)] 730303K->569461K(1806336K), 0.0412171 secs] [Times: user=0.18 sys=0.00, real=0.04 secs] 
3329.619: [GC (Allocation Failure) [PSYoungGen: 417558K->185879K(465920K)] 802421K->635094K(1806336K), 0.0643224 secs] [Times: user=0.32 sys=0.00, real=0.07 secs] 
3330.449: [GC (Allocation Failure) [PSYoungGen: 417260K->216436K(465920K)] 866476K->724660K(1806336K), 0.0540088 secs] [Times: user=0.26 sys=0.00, real=0.06 secs] 
3331.190: [GC (Allocation Failure) [PSYoungGen: 449396K->90730K(465920K)] 957620K->667818K(1806336K), 0.0408327 secs] [Times: user=0.21 sys=0.00, real=0.04 secs] 
3331.449: [GC (Allocation Failure) [PSYoungGen: 323690K->181814K(465920K)] 900778K->787554K(1806336K), 0.0462044 secs] [Times: user=0.21 sys=0.00, real=0.05 secs] 
3331.620: [GC (Allocation Failure) [PSYoungGen: 414774K->181141K(465920K)] 1020514K->843898K(1806336K), 0.0442779 secs] [Times: user=0.19 sys=0.00, real=0.04 secs] 
3331.776: [GC (Allocation Failure) [PSYoungGen: 414101K->186165K(465920K)] 1076858K->903601K(1806336K), 0.0457289 secs] [Times: user=0.22 sys=0.00, real=0.05 secs] 
3332.867: [GC (Allocation Failure) [PSYoungGen: 419125K->103004K(465920K)] 1136561K->890773K(1806336K), 0.0506176 secs] [Times: user=0.25 sys=0.01, real=0.05 secs] 
3333.313: [GC (Allocation Failure) [PSYoungGen: 335964K->168884K(465920K)] 1123733K->990564K(1806336K), 0.0569816 secs] [Times: user=0.28 sys=0.00, real=0.06 secs] 
3333.484: [GC (Allocation Failure) [PSYoungGen: 401844K->181365K(465920K)] 1223524K->1055533K(1806336K), 0.0441219 secs] [Times: user=0.20 sys=0.01, real=0.04 secs] 
3333.685: [GC (Allocation Failure) [PSYoungGen: 414325K->185527K(465920K)] 1288493K->1123263K(1806336K), 0.0720541 secs] [Times: user=0.35 sys=0.00, real=0.07 secs] 
3334.433: [GC (Allocation Failure) [PSYoungGen: 418487K->182964K(465920K)] 1356223K->1179636K(1806336K), 0.1452353 secs] [Times: user=0.77 sys=0.00, real=0.14 secs] 
3336.557: [GC (Allocation Failure) [PSYoungGen: 415924K->85610K(465920K)] 1412596K->1151434K(1806336K), 0.1028071 secs] [Times: user=0.57 sys=0.00, real=0.11 secs] 
3337.189: [GC (Allocation Failure) [PSYoungGen: 318570K->182134K(465920K)] 1384394K->1275623K(1806336K), 0.0440719 secs] [Times: user=0.19 sys=0.00, real=0.05 secs] 
3337.354: [GC (GCLocker Initiated GC) [PSYoungGen: 415094K->183925K(465920K)] 1508583K->1333919K(1806336K), 0.0453874 secs] [Times: user=0.20 sys=0.00, real=0.04 secs] 
3337.551: [GC (Allocation Failure) [PSYoungGen: 416885K->183348K(465920K)] 1567045K->1389468K(1806336K), 0.0654463 secs] [Times: user=0.31 sys=0.00, real=0.06 secs] 
3338.668: [GC (Allocation Failure) [PSYoungGen: 416308K->107101K(465920K)] 1622428K->1382517K(1806336K), 0.0467037 secs] [Times: user=0.24 sys=0.00, real=0.05 secs] 
3338.715: [Full GC (Ergonomics) [PSYoungGen: 107101K->0K(465920K)] [ParOldGen: 1275415K->92558K(1331712K)] 1382517K->92558K(1797632K), [Metaspace: 60086K->60086K(1105920K)], 0.0357517 secs] [Times: user=0.11 sys=0.00, real=0.04 secs] 
3338.997: [GC (Allocation Failure) [PSYoungGen: 232960K->160307K(465920K)] 325518K->252865K(1797632K), 0.0417585 secs] [Times: user=0.16 sys=0.00, real=0.04 secs] 
3339.232: [GC (Allocation Failure) [PSYoungGen: 393267K->183541K(465920K)] 485825K->326656K(1797632K), 0.0415924 secs] [Times: user=0.18 sys=0.00, real=0.04 secs] 
3339.387: [GC (Allocation Failure) [PSYoungGen: 416501K->179222K(465920K)] 559616K->386024K(1797632K), 0.0486927 secs] [Times: user=0.23 sys=0.00, real=0.05 secs] 
3339.548: [GC (Allocation Failure) [PSYoungGen: 412182K->186101K(465920K)] 618984K->449471K(1797632K), 0.0547149 secs] [Times: user=0.26 sys=0.01, real=0.06 secs] 
3340.708: [GC (Allocation Failure) [PSYoungGen: 418020K->92907K(465920K)] 681391K->426581K(1797632K), 0.0580613 secs] [Times: user=0.31 sys=0.00, real=0.06 secs] 
3341.150: [GC (Allocation Failure) [PSYoungGen: 325867K->178389K(465920K)] 659541K->543069K(1797632K), 0.0336432 secs] [Times: user=0.13 sys=0.01, real=0.03 secs] 
3341.348: [GC (Allocation Failure) [PSYoungGen: 411349K->189877K(465920K)] 776029K->609885K(1797632K), 0.0671939 secs] [Times: user=0.33 sys=0.00, real=0.07 secs] 
3341.553: [GC (Allocation Failure) [PSYoungGen: 422837K->186901K(465920K)] 842845K->662348K(1797632K), 0.0450951 secs] [Times: user=0.21 sys=0.00, real=0.04 secs] 
3343.077: [GC (Allocation Failure) [PSYoungGen: 419861K->115358K(465920K)] 895308K->661229K(1797632K), 0.0465474 secs] [Times: user=0.23 sys=0.00, real=0.05 secs] 
3344.515: [GC (Allocation Failure) [PSYoungGen: 348318K->151762K(465920K)] 894189K->734350K(1797632K), 0.1086300 secs] [Times: user=0.58 sys=0.01, real=0.11 secs] 
3344.782: [GC (Allocation Failure) [PSYoungGen: 384722K->183733K(465920K)] 967310K->813734K(1797632K), 0.0406393 secs] [Times: user=0.17 sys=0.00, real=0.04 secs] 
3344.969: [GC (Allocation Failure) [PSYoungGen: 416693K->185815K(465920K)] 1046694K->879647K(1797632K), 0.0566504 secs] [Times: user=0.27 sys=0.00, real=0.06 secs] 
3345.168: [GC (Allocation Failure) [PSYoungGen: 418775K->183412K(465920K)] 1112607K->936157K(1797632K), 0.0789332 secs] [Times: user=0.40 sys=0.00, real=0.08 secs] 
3346.182: [GC (Allocation Failure) [PSYoungGen: 416372K->93851K(465920K)] 1169117K->916051K(1797632K), 0.0430848 secs] [Times: user=0.23 sys=0.00, real=0.04 secs] 
3346.463: [GC (Allocation Failure) [PSYoungGen: 326811K->178101K(465920K)] 1149011K->1030070K(1797632K), 0.0503718 secs] [Times: user=0.22 sys=0.00, real=0.05 secs] 
3346.654: [GC (Allocation Failure) [PSYoungGen: 411061K->181429K(465920K)] 1263030K->1089614K(1797632K), 0.0449117 secs] [Times: user=0.20 sys=0.00, real=0.04 secs] 
3346.849: [GC (Allocation Failure) [PSYoungGen: 414389K->183092K(465920K)] 1322574K->1146053K(1797632K), 0.0719440 secs] [Times: user=0.35 sys=0.01, real=0.07 secs] 
3347.970: [GC (Allocation Failure) [PSYoungGen: 416052K->121583K(465920K)] 1379013K->1153687K(1797632K), 0.0484901 secs] [Times: user=0.25 sys=0.00, real=0.04 secs] 
3348.239: [GC (Allocation Failure) [PSYoungGen: 354543K->149249K(465920K)] 1386647K->1219858K(1797632K), 0.0865702 secs] [Times: user=0.46 sys=0.00, real=0.09 secs] 
3348.452: [GC (Allocation Failure) [PSYoungGen: 382209K->181045K(465920K)] 1452818K->1298971K(1797632K), 0.0445332 secs] [Times: user=0.18 sys=0.00, real=0.04 secs] 
3348.620: [GC (Allocation Failure) [PSYoungGen: 414005K->185783K(465920K)] 1531931K->1367100K(1797632K), 0.0511316 secs] [Times: user=0.24 sys=0.00, real=0.05 secs] 
3348.829: [GC (Allocation Failure) [PSYoungGen: 418743K->183508K(465920K)] 1600060K->1423794K(1797632K), 0.0816228 secs] [Times: user=0.43 sys=0.00, real=0.09 secs] 
3351.463: [GC (Allocation Failure) [PSYoungGen: 416468K->87498K(465920K)] 1656754K->1397136K(1797632K), 0.1369861 secs] [Times: user=0.65 sys=0.00, real=0.14 secs] 
3351.600: [Full GC (Ergonomics) [PSYoungGen: 87498K->0K(465920K)] [ParOldGen: 1309637K->95685K(1349632K)] 1397136K->95685K(1815552K), [Metaspace: 60086K->60086K(1105920K)], 0.1333806 secs] [Times: user=0.50 sys=0.01, real=0.13 secs] 
3352.348: [GC (Allocation Failure) [PSYoungGen: 232960K->172116K(465920K)] 328645K->267802K(1815552K), 0.0318268 secs] [Times: user=0.12 sys=0.00, real=0.04 secs] 
3352.513: [GC (Allocation Failure) [PSYoungGen: 405076K->184117K(465920K)] 500762K->333339K(1815552K), 0.0426550 secs] [Times: user=0.19 sys=0.00, real=0.04 secs] 
3352.707: [GC (Allocation Failure) [PSYoungGen: 417077K->232852K(465920K)] 566299K->440826K(1815552K), 0.0623387 secs] [Times: user=0.30 sys=0.00, real=0.06 secs] 
3353.791: [GC (Allocation Failure) [PSYoungGen: 465812K->134384K(465920K)] 673786K->412902K(1815552K), 0.0486676 secs] [Times: user=0.24 sys=0.00, real=0.05 secs] 
3354.089: [GC (Allocation Failure) [PSYoungGen: 367344K->142289K(465920K)] 645862K->463438K(1815552K), 0.1264965 secs] [Times: user=0.69 sys=0.00, real=0.13 secs] 
3354.388: [GC (Allocation Failure) [PSYoungGen: 375249K->171796K(465920K)] 696398K->538515K(1815552K), 0.0387082 secs] [Times: user=0.17 sys=0.00, real=0.04 secs] 
3354.544: [GC (Allocation Failure) [PSYoungGen: 404756K->185239K(465920K)] 771475K->611905K(1815552K), 0.0487273 secs] [Times: user=0.21 sys=0.01, real=0.05 secs] 
3354.726: [GC (Allocation Failure) [PSYoungGen: 418199K->183348K(465920K)] 844865K->668863K(1815552K), 0.0624134 secs] [Times: user=0.31 sys=0.01, real=0.06 secs] 
3355.734: [GC (Allocation Failure) [PSYoungGen: 416308K->98203K(465920K)] 901823K->652962K(1815552K), 0.0444667 secs] [Times: user=0.22 sys=0.00, real=0.04 secs] 
3356.038: [GC (Allocation Failure) [PSYoungGen: 331163K->174709K(465920K)] 885922K->760984K(1815552K), 0.0490677 secs] [Times: user=0.21 sys=0.00, real=0.05 secs] 
3356.232: [GC (Allocation Failure) [PSYoungGen: 407669K->198101K(465920K)] 993944K->839209K(1815552K), 0.0437212 secs] [Times: user=0.20 sys=0.00, real=0.04 secs] 
3356.390: [GC (Allocation Failure) [PSYoungGen: 431061K->186933K(465920K)] 1072169K->883409K(1815552K), 0.0460550 secs] [Times: user=0.21 sys=0.00, real=0.04 secs] 
3357.433: [GC (Allocation Failure) [PSYoungGen: 419893K->140049K(465920K)] 1116369K->907049K(1815552K), 0.0501077 secs] [Times: user=0.25 sys=0.00, real=0.05 secs] 
3359.333: [GC (Allocation Failure) [PSYoungGen: 373009K->129087K(465920K)] 1140009K->940447K(1815552K), 0.1471838 secs] [Times: user=0.82 sys=0.00, real=0.15 secs] 
3359.629: [GC (Allocation Failure) [PSYoungGen: 362047K->175636K(465920K)] 1173407K->1028169K(1815552K), 0.0383525 secs] [Times: user=0.17 sys=0.00, real=0.03 secs] 
3359.810: [GC (Allocation Failure) [PSYoungGen: 408596K->185175K(465920K)] 1261129K->1098988K(1815552K), 0.0664928 secs] [Times: user=0.32 sys=0.00, real=0.06 secs] 
3360.006: [GC (Allocation Failure) [PSYoungGen: 418135K->184212K(465920K)] 1331948K->1156761K(1815552K), 0.0618898 secs] [Times: user=0.31 sys=0.00, real=0.06 secs] 
3361.076: [GC (Allocation Failure) [PSYoungGen: 417172K->93035K(465920K)] 1389721K->1135104K(1815552K), 0.0497371 secs] [Times: user=0.26 sys=0.00, real=0.05 secs] 
3361.385: [GC (Allocation Failure) [PSYoungGen: 325995K->171892K(465920K)] 1368064K->1243366K(1815552K), 0.0427080 secs] [Times: user=0.19 sys=0.00, real=0.04 secs] 
3361.570: [GC (Allocation Failure) [PSYoungGen: 404852K->192758K(465920K)] 1476326K->1318672K(1815552K), 0.0578332 secs] [Times: user=0.27 sys=0.00, real=0.05 secs] 
3361.772: [GC (Allocation Failure) [PSYoungGen: 425718K->187861K(465920K)] 1551632K->1369703K(1815552K), 0.0463600 secs] [Times: user=0.21 sys=0.00, real=0.04 secs] 
3362.734: [GC (Allocation Failure) [PSYoungGen: 420821K->151346K(465920K)] 1602663K->1404088K(1815552K), 0.0521537 secs] [Times: user=0.26 sys=0.00, real=0.05 secs] 
3363.274: [GC (Allocation Failure) [PSYoungGen: 384306K->115389K(465920K)] 1637048K->1416187K(1815552K), 0.1112502 secs] [Times: user=0.61 sys=0.00, real=0.11 secs] 
3363.386: [Full GC (Ergonomics) [PSYoungGen: 115389K->0K(465920K)] [ParOldGen: 1300798K->133758K(1395200K)] 1416187K->133758K(1861120K), [Metaspace: 60089K->60089K(1105920K)], 0.1414555 secs] [Times: user=0.63 sys=0.00, real=0.14 secs] 
3363.649: [GC (Allocation Failure) [PSYoungGen: 232960K->178741K(465920K)] 366718K->312499K(1861120K), 0.0265417 secs] [Times: user=0.10 sys=0.00, real=0.03 secs] 
3363.795: [GC (Allocation Failure) [PSYoungGen: 411674K->184983K(465920K)] 545432K->380997K(1861120K), 0.0477187 secs] [Times: user=0.22 sys=0.00, real=0.05 secs] 
3363.954: [GC (Allocation Failure) [PSYoungGen: 417943K->183732K(465920K)] 613957K->438563K(1861120K), 0.0568127 secs] [Times: user=0.28 sys=0.00, real=0.06 secs] 
3365.496: [GC (Allocation Failure) [PSYoungGen: 416692K->97291K(465920K)] 671523K->421550K(1861120K), 0.0975768 secs] [Times: user=0.53 sys=0.00, real=0.10 secs] 
3366.886: [GC (Allocation Failure) [PSYoungGen: 330251K->167188K(465920K)] 654510K->522719K(1861120K), 0.0487337 secs] [Times: user=0.21 sys=0.00, real=0.05 secs] 
3367.072: [GC (Allocation Failure) [PSYoungGen: 400148K->184790K(465920K)] 755679K->593301K(1861120K), 0.0423251 secs] [Times: user=0.19 sys=0.00, real=0.04 secs] 
3367.253: [GC (Allocation Failure) [PSYoungGen: 414290K->181430K(465920K)] 822801K->654246K(1861120K), 0.0603347 secs] [Times: user=0.30 sys=0.00, real=0.06 secs] 
3368.356: [GC (Allocation Failure) [PSYoungGen: 414390K->168851K(465920K)] 887206K->699074K(1861120K), 0.0558764 secs] [Times: user=0.28 sys=0.00, real=0.06 secs] 
3368.651: [GC (Allocation Failure) [PSYoungGen: 401811K->103788K(465920K)] 932034K->698715K(1861120K), 0.0443823 secs] [Times: user=0.22 sys=0.01, real=0.04 secs] 
3368.883: [GC (Allocation Failure) [PSYoungGen: 334547K->180373K(465920K)] 929474K->807962K(1861120K), 0.0532394 secs] [Times: user=0.24 sys=0.00, real=0.05 secs] 
3369.087: [GC (Allocation Failure) [PSYoungGen: 413333K->184982K(465920K)] 1040922K->869234K(1861120K), 0.0444503 secs] [Times: user=0.20 sys=0.00, real=0.05 secs] 
3369.266: [GC (Allocation Failure) [PSYoungGen: 417942K->183700K(465920K)] 1102194K->924053K(1861120K), 0.0520471 secs] [Times: user=0.25 sys=0.00, real=0.05 secs] 
3370.265: [GC (Allocation Failure) [PSYoungGen: 416660K->97275K(465920K)] 1157013K->906976K(1861120K), 0.0451284 secs] [Times: user=0.23 sys=0.00, real=0.05 secs] 
3370.546: [GC (Allocation Failure) [PSYoungGen: 330235K->169300K(465920K)] 1139936K->1010886K(1861120K), 0.0621407 secs] [Times: user=0.29 sys=0.00, real=0.06 secs] 
3370.777: [GC (Allocation Failure) [PSYoungGen: 402260K->183925K(465920K)] 1243846K->1078555K(1861120K), 0.0447652 secs] [Times: user=0.20 sys=0.00, real=0.05 secs] 
3370.940: [GC (Allocation Failure) [PSYoungGen: 416885K->185847K(465920K)] 1311515K->1144428K(1861120K), 0.0518320 secs] [Times: user=0.24 sys=0.00, real=0.05 secs] 
3371.460: [GC (Allocation Failure) [PSYoungGen: 416491K->212884K(465920K)] 1375073K->1230409K(1861120K), 0.0545494 secs] [Times: user=0.26 sys=0.01, real=0.05 secs] 
3373.883: [GC (Allocation Failure) [PSYoungGen: 445844K->89466K(465920K)] 1463369K->1174600K(1861120K), 0.1054805 secs] [Times: user=0.57 sys=0.00, real=0.10 secs] 
3374.626: [GC (Allocation Failure) [PSYoungGen: 322426K->180918K(465920K)] 1407560K->1294688K(1861120K), 0.0455244 secs] [Times: user=0.20 sys=0.00, real=0.05 secs] 
3374.793: [GC (Allocation Failure) [PSYoungGen: 413878K->185014K(465920K)] 1527648K->1354864K(1861120K), 0.0455555 secs] [Times: user=0.21 sys=0.00, real=0.04 secs] 
3374.974: [GC (Allocation Failure) [PSYoungGen: 417974K->184020K(465920K)] 1587824K->1410127K(1861120K), 0.0510757 secs] [Times: user=0.25 sys=0.00, real=0.05 secs] 
3376.064: [GC (Allocation Failure) [PSYoungGen: 416980K->99980K(465920K)] 1643087K->1395566K(1861120K), 0.0469593 secs] [Times: user=0.24 sys=0.00, real=0.05 secs] 
3376.332: [GC (Allocation Failure) [PSYoungGen: 332940K->166004K(465920K)] 1628526K->1494111K(1861120K), 0.0449332 secs] [Times: user=0.21 sys=0.00, real=0.04 secs] 
3376.377: [Full GC (Ergonomics) [PSYoungGen: 166004K->0K(465920K)] [ParOldGen: 1328107K->186337K(1398272K)] 1494111K->186337K(1864192K), [Metaspace: 60095K->60095K(1105920K)], 0.1664445 secs] [Times: user=0.74 sys=0.00, real=0.17 secs] 
3376.688: [GC (Allocation Failure) [PSYoungGen: 232960K->184534K(465920K)] 419297K->370871K(1864192K), 0.0331143 secs] [Times: user=0.14 sys=0.00, real=0.04 secs] 
3376.836: [GC (Allocation Failure) [PSYoungGen: 417494K->185815K(465920K)] 603831K->436545K(1864192K), 0.0444359 secs] [Times: user=0.20 sys=0.00, real=0.05 secs] 
3376.990: [GC (Allocation Failure) [PSYoungGen: 418775K->186229K(465920K)] 669505K->495767K(1864192K), 0.0548532 secs] [Times: user=0.27 sys=0.00, real=0.05 secs] 
3378.108: [GC (Allocation Failure) [PSYoungGen: 419189K->81241K(465920K)] 728727K->460983K(1864192K), 0.0676007 secs] [Times: user=0.37 sys=0.00, real=0.07 secs] 
3378.503: [GC (Allocation Failure) [PSYoungGen: 314201K->182742K(465920K)] 693943K->588713K(1864192K), 0.0435936 secs] [Times: user=0.18 sys=0.00, real=0.04 secs] 
3378.710: [GC (Allocation Failure) [PSYoungGen: 415702K->184950K(465920K)] 821673K->647536K(1864192K), 0.0579909 secs] [Times: user=0.27 sys=0.00, real=0.05 secs] 
3378.938: [GC (Allocation Failure) [PSYoungGen: 417910K->183860K(465920K)] 880496K->702639K(1864192K), 0.0597918 secs] [Times: user=0.29 sys=0.00, real=0.06 secs] 
3380.124: [GC (Allocation Failure) [PSYoungGen: 416820K->107357K(465920K)] 935599K->695519K(1864192K), 0.0492727 secs] [Times: user=0.26 sys=0.00, real=0.05 secs] 
3381.911: [GC (Allocation Failure) [PSYoungGen: 340317K->159827K(465920K)] 928479K->782146K(1864192K), 0.0730930 secs] [Times: user=0.36 sys=0.00, real=0.07 secs] 
3382.132: [GC (Allocation Failure) [PSYoungGen: 392787K->184534K(465920K)] 1015106K->857085K(1864192K), 0.0415345 secs] [Times: user=0.19 sys=0.00, real=0.04 secs] 
3382.290: [GC (Allocation Failure) [PSYoungGen: 417494K->185975K(465920K)] 1090045K->922503K(1864192K), 0.0495559 secs] [Times: user=0.23 sys=0.00, real=0.05 secs] 
3382.451: [GC (Allocation Failure) [PSYoungGen: 418935K->186709K(465920K)] 1155463K->982285K(1864192K), 0.0560478 secs] [Times: user=0.27 sys=0.00, real=0.05 secs] 
3383.517: [GC (Allocation Failure) [PSYoungGen: 419669K->83849K(465920K)] 1215245K->949945K(1864192K), 0.0400757 secs] [Times: user=0.21 sys=0.00, real=0.04 secs] 
3383.813: [GC (Allocation Failure) [PSYoungGen: 316809K->180341K(465920K)] 1182905K->1073518K(1864192K), 0.0488013 secs] [Times: user=0.21 sys=0.01, real=0.05 secs] 
3384.009: [GC (Allocation Failure) [PSYoungGen: 413301K->184630K(465920K)] 1306478K->1134082K(1864192K), 0.0447967 secs] [Times: user=0.21 sys=0.00, real=0.05 secs] 
3384.188: [GC (Allocation Failure) [PSYoungGen: 417590K->186773K(465920K)] 1367042K->1192394K(1864192K), 0.0505781 secs] [Times: user=0.24 sys=0.00, real=0.05 secs] 
3385.237: [GC (Allocation Failure) [PSYoungGen: 419733K->111293K(465920K)] 1425354K->1187234K(1864192K), 0.0467945 secs] [Times: user=0.24 sys=0.00, real=0.05 secs] 
3385.431: [GC (GCLocker Initiated GC) [PSYoungGen: 344253K->154770K(465920K)] 1420194K->1267443K(1864192K), 0.0661460 secs] [Times: user=0.34 sys=0.00, real=0.06 secs] 
3385.614: [GC (Allocation Failure) [PSYoungGen: 387730K->188117K(465920K)] 1500405K->1349052K(1864192K), 0.0416617 secs] [Times: user=0.19 sys=0.00, real=0.04 secs] 
3385.773: [GC (Allocation Failure) [PSYoungGen: 421077K->185719K(465920K)] 1582012K->1409930K(1864192K), 0.0506191 secs] [Times: user=0.24 sys=0.00, real=0.05 secs] 
3385.939: [GC (Allocation Failure) [PSYoungGen: 418679K->185973K(465920K)] 1642890K->1468972K(1864192K), 0.0579795 secs] [Times: user=0.28 sys=0.00, real=0.06 secs] 
3388.708: [GC (Allocation Failure) [PSYoungGen: 418933K->85242K(465920K)] 1701932K->1438681K(1864192K), 0.1112535 secs] [Times: user=0.58 sys=0.03, real=0.11 secs] 
3388.819: [Full GC (Ergonomics) [PSYoungGen: 85242K->0K(465920K)] [ParOldGen: 1353439K->96421K(1378304K)] 1438681K->96421K(1844224K), [Metaspace: 60098K->60098K(1105920K)], 0.1353246 secs] [Times: user=0.56 sys=0.00, real=0.14 secs] 
3390.012: [GC (Allocation Failure) [PSYoungGen: 232960K->172596K(465920K)] 329381K->269018K(1844224K), 0.0325039 secs] [Times: user=0.12 sys=0.00, real=0.03 secs] 
3390.185: [GC (Allocation Failure) [PSYoungGen: 405556K->184630K(465920K)] 501978K->335295K(1844224K), 0.0420218 secs] [Times: user=0.19 sys=0.00, real=0.04 secs] 
3390.386: [GC (Allocation Failure) [PSYoungGen: 417590K->186325K(465920K)] 568255K->392838K(1844224K), 0.0647584 secs] [Times: user=0.31 sys=0.00, real=0.07 secs] 
3391.382: [GC (Allocation Failure) [PSYoungGen: 419285K->127503K(465920K)] 625798K->404369K(1844224K), 0.0473600 secs] [Times: user=0.24 sys=0.00, real=0.05 secs] 
3391.642: [GC (Allocation Failure) [PSYoungGen: 360463K->143105K(465920K)] 637329K->460562K(1844224K), 0.0919866 secs] [Times: user=0.47 sys=0.01, real=0.09 secs] 
3391.866: [GC (Allocation Failure) [PSYoungGen: 376065K->174644K(465920K)] 693522K->537627K(1844224K), 0.0409535 secs] [Times: user=0.16 sys=0.01, real=0.04 secs] 
3392.025: [GC (Allocation Failure) [PSYoungGen: 407604K->185335K(465920K)] 770587K->609741K(1844224K), 0.0488998 secs] [Times: user=0.22 sys=0.00, real=0.05 secs] 
3392.210: [GC (Allocation Failure) [PSYoungGen: 418295K->186677K(465920K)] 842701K->669751K(1844224K), 0.0621441 secs] [Times: user=0.31 sys=0.00, real=0.06 secs] 
3393.526: [GC (Allocation Failure) [PSYoungGen: 419637K->88474K(465920K)] 902711K->641929K(1844224K), 0.0668334 secs] [Times: user=0.35 sys=0.00, real=0.07 secs] 
3394.334: [GC (Allocation Failure) [PSYoungGen: 321434K->175509K(465920K)] 874889K->758141K(1844224K), 0.0460641 secs] [Times: user=0.19 sys=0.00, real=0.05 secs] 
3394.521: [GC (Allocation Failure) [PSYoungGen: 408469K->181525K(465920K)] 991101K->818757K(1844224K), 0.0438551 secs] [Times: user=0.20 sys=0.00, real=0.04 secs] 
3394.679: [GC (Allocation Failure) [PSYoungGen: 414485K->187125K(465920K)] 1051717K->879469K(1844224K), 0.0461315 secs] [Times: user=0.22 sys=0.00, real=0.05 secs] 
3395.650: [GC (Allocation Failure) [PSYoungGen: 420085K->140401K(465920K)] 1112429K->903417K(1844224K), 0.0510815 secs] [Times: user=0.26 sys=0.00, real=0.05 secs] 
3397.266: [GC (Allocation Failure) [PSYoungGen: 373361K->125743K(465920K)] 1136377K->933295K(1844224K), 0.1293412 secs] [Times: user=0.72 sys=0.01, real=0.13 secs] 
3397.594: [GC (Allocation Failure) [PSYoungGen: 358703K->177621K(465920K)] 1166255K->1025501K(1844224K), 0.0381312 secs] [Times: user=0.16 sys=0.00, real=0.04 secs] 
3397.797: [GC (Allocation Failure) [PSYoungGen: 410581K->185207K(465920K)] 1258461K->1094911K(1844224K), 0.0745966 secs] [Times: user=0.37 sys=0.00, real=0.08 secs] 
3398.035: [GC (Allocation Failure) [PSYoungGen: 418167K->186293K(465920K)] 1327871K->1154894K(1844224K), 0.0801130 secs] [Times: user=0.41 sys=0.00, real=0.08 secs] 
3399.095: [GC (GCLocker Initiated GC) [PSYoungGen: 419253K->95627K(465920K)] 1387855K->1134389K(1844224K), 0.0464496 secs] [Times: user=0.24 sys=0.00, real=0.05 secs] 
3399.383: [GC (Allocation Failure) [PSYoungGen: 328587K->173428K(465920K)] 1367516K->1242666K(1844224K), 0.0422950 secs] [Times: user=0.18 sys=0.00, real=0.04 secs] 
3399.568: [GC (Allocation Failure) [PSYoungGen: 406388K->184182K(465920K)] 1475626K->1307867K(1844224K), 0.0443275 secs] [Times: user=0.19 sys=0.00, real=0.05 secs] 
3399.742: [GC (Allocation Failure) [PSYoungGen: 417142K->217109K(465920K)] 1540827K->1396466K(1844224K), 0.0486884 secs] [Times: user=0.22 sys=0.00, real=0.05 secs] 
3400.750: [GC (Allocation Failure) [PSYoungGen: 450069K->150418K(465920K)] 1629426K->1399524K(1844224K), 0.0521963 secs] [Times: user=0.26 sys=0.00, real=0.05 secs] 
3400.982: [GC (Allocation Failure) [PSYoungGen: 383378K->126031K(465920K)] 1632484K->1422896K(1844224K), 0.0732388 secs] [Times: user=0.39 sys=0.00, real=0.07 secs] 
3401.055: [Full GC (Ergonomics) [PSYoungGen: 126031K->0K(465920K)] [ParOldGen: 1296865K->143908K(1398272K)] 1422896K->143908K(1864192K), [Metaspace: 60100K->60100K(1105920K)], 0.1319654 secs] [Times: user=0.56 sys=0.00, real=0.13 secs] 
3401.300: [GC (Allocation Failure) [PSYoungGen: 232960K->173876K(465920K)] 376868K->317784K(1864192K), 0.0273741 secs] [Times: user=0.09 sys=0.01, real=0.02 secs] 
3401.444: [GC (Allocation Failure) [PSYoungGen: 406836K->183574K(465920K)] 550744K->388631K(1864192K), 0.0470262 secs] [Times: user=0.22 sys=0.00, real=0.05 secs] 
3402.110: [GC (Allocation Failure) [PSYoungGen: 416534K->230900K(465920K)] 621591K->494076K(1864192K), 0.1379835 secs] [Times: user=0.73 sys=0.00, real=0.13 secs] 
3404.609: [GC (Allocation Failure) [PSYoungGen: 463860K->90954K(465920K)] 727036K->422831K(1864192K), 0.1080811 secs] [Times: user=0.59 sys=0.01, real=0.11 secs] 
3406.204: [GC (GCLocker Initiated GC) [PSYoungGen: 323914K->170036K(465920K)] 655791K->531793K(1864192K), 0.0612752 secs] [Times: user=0.28 sys=0.00, real=0.06 secs] 
3406.413: [GC (Allocation Failure) [PSYoungGen: 402996K->184598K(465920K)] 764919K->599701K(1864192K), 0.0425294 secs] [Times: user=0.19 sys=0.00, real=0.04 secs] 
3406.572: [GC (Allocation Failure) [PSYoungGen: 416671K->182934K(465920K)] 831774K->662206K(1864192K), 0.0495659 secs] [Times: user=0.23 sys=0.00, real=0.05 secs] 
3407.508: [GC (Allocation Failure) [PSYoungGen: 415894K->168755K(465920K)] 895166K->706130K(1864192K), 0.0587911 secs] [Times: user=0.29 sys=0.01, real=0.06 secs] 
3407.784: [GC (Allocation Failure) [PSYoungGen: 401715K->105100K(465920K)] 939090K->707099K(1864192K), 0.0398697 secs] [Times: user=0.20 sys=0.00, real=0.04 secs] 
3408.009: [GC (Allocation Failure) [PSYoungGen: 338060K->177013K(465920K)] 940059K->812393K(1864192K), 0.0559678 secs] [Times: user=0.25 sys=0.00, real=0.06 secs] 
3408.219: [GC (Allocation Failure) [PSYoungGen: 409973K->184374K(465920K)] 1045353K->875106K(1864192K), 0.0446219 secs] [Times: user=0.20 sys=0.00, real=0.05 secs] 
3408.375: [GC (Allocation Failure) [PSYoungGen: 417334K->186677K(465920K)] 1108066K->933289K(1864192K), 0.0466835 secs] [Times: user=0.22 sys=0.00, real=0.05 secs] 
3409.451: [GC (Allocation Failure) [PSYoungGen: 419514K->96123K(465920K)] 1166126K->913248K(1864192K), 0.0676725 secs] [Times: user=0.36 sys=0.01, real=0.06 secs] 
3410.359: [GC (Allocation Failure) [PSYoungGen: 329083K->168116K(465920K)] 1146208K->1016545K(1864192K), 0.0740937 secs] [Times: user=0.36 sys=0.00, real=0.08 secs] 
3410.630: [GC (Allocation Failure) [PSYoungGen: 401076K->184502K(465920K)] 1249505K->1085871K(1864192K), 0.0480627 secs] [Times: user=0.22 sys=0.00, real=0.04 secs] 
3410.831: [GC (Allocation Failure) [PSYoungGen: 417462K->185911K(465920K)] 1318831K->1151368K(1864192K), 0.0750754 secs] [Times: user=0.38 sys=0.00, real=0.07 secs] 
3411.699: [GC (Allocation Failure) [PSYoungGen: 418257K->213748K(465920K)] 1383715K->1238437K(1864192K), 0.0559151 secs] [Times: user=0.28 sys=0.00, real=0.06 secs] 
3413.221: [GC (Allocation Failure) [PSYoungGen: 446708K->90010K(465920K)] 1471397K->1182372K(1864192K), 0.0942682 secs] [Times: user=0.51 sys=0.01, real=0.09 secs] 
3413.606: [GC (Allocation Failure) [PSYoungGen: 322970K->180149K(465920K)] 1415332K->1301416K(1864192K), 0.0357878 secs] [Times: user=0.15 sys=0.00, real=0.04 secs] 
3413.758: [GC (Allocation Failure) [PSYoungGen: 413109K->184502K(465920K)] 1534376K->1361836K(1864192K), 0.0457226 secs] [Times: user=0.20 sys=0.00, real=0.05 secs] 
3413.915: [GC (Allocation Failure) [PSYoungGen: 417462K->183604K(465920K)] 1594796K->1416907K(1864192K), 0.0478949 secs] [Times: user=0.22 sys=0.00, real=0.05 secs] 
3414.926: [GC (Allocation Failure) [PSYoungGen: 416564K->102396K(465920K)] 1649867K->1405043K(1864192K), 0.0477874 secs] [Times: user=0.25 sys=0.00, real=0.05 secs] 
3415.138: [GC (Allocation Failure) [PSYoungGen: 335356K->166356K(465920K)] 1638003K->1502742K(1864192K), 0.0525507 secs] [Times: user=0.25 sys=0.00, real=0.06 secs] 
3415.190: [Full GC (Ergonomics) [PSYoungGen: 166356K->0K(465920K)] [ParOldGen: 1336386K->188899K(1398272K)] 1502742K->188899K(1864192K), [Metaspace: 60101K->60101K(1105920K)], 0.1845585 secs] [Times: user=0.80 sys=0.00, real=0.18 secs] 
3415.524: [GC (Allocation Failure) [PSYoungGen: 232960K->184053K(465920K)] 421859K->372953K(1864192K), 0.0341122 secs] [Times: user=0.14 sys=0.00, real=0.03 secs] 
3415.674: [GC (Allocation Failure) [PSYoungGen: 417013K->182486K(465920K)] 605913K->435450K(1864192K), 0.0437260 secs] [Times: user=0.19 sys=0.00, real=0.04 secs] 
3415.825: [GC (Allocation Failure) [PSYoungGen: 415446K->180948K(465920K)] 668410K->491863K(1864192K), 0.0538343 secs] [Times: user=0.26 sys=0.01, real=0.05 secs] 
3417.042: [GC (Allocation Failure) [PSYoungGen: 413908K->91674K(465920K)] 724823K->470910K(1864192K), 0.0937054 secs] [Times: user=0.50 sys=0.00, real=0.09 secs] 
3417.417: [GC (Allocation Failure) [PSYoungGen: 324634K->177493K(465920K)] 703870K->586253K(1864192K), 0.0368575 secs] [Times: user=0.15 sys=0.00, real=0.04 secs] 
3417.571: [GC (Allocation Failure) [PSYoungGen: 410453K->184918K(465920K)] 819213K->649286K(1864192K), 0.0425831 secs] [Times: user=0.19 sys=0.00, real=0.04 secs] 
3417.727: [GC (Allocation Failure) [PSYoungGen: 417878K->186837K(465920K)] 882246K->707365K(1864192K), 0.0449298 secs] [Times: user=0.20 sys=0.00, real=0.05 secs] 
3418.819: [GC (Allocation Failure) [PSYoungGen: 419797K->107357K(465920K)] 940325K->698133K(1864192K), 0.0542806 secs] [Times: user=0.28 sys=0.00, real=0.06 secs] 
3420.856: [GC (Allocation Failure) [PSYoungGen: 340317K->150610K(465920K)] 931093K->775863K(1864192K), 0.1034450 secs] [Times: user=0.54 sys=0.00, real=0.11 secs] 
3421.140: [GC (Allocation Failure) [PSYoungGen: 383570K->183797K(465920K)] 1008823K->856323K(1864192K), 0.0410679 secs] [Times: user=0.18 sys=0.00, real=0.04 secs] 
3421.326: [GC (Allocation Failure) [PSYoungGen: 416757K->186071K(465920K)] 1089283K->922444K(1864192K), 0.0556120 secs] [Times: user=0.26 sys=0.00, real=0.06 secs] 
3421.526: [GC (Allocation Failure) [PSYoungGen: 419031K->183188K(465920K)] 1155404K->978402K(1864192K), 0.0783421 secs] [Times: user=0.40 sys=0.00, real=0.08 secs] 
3422.548: [GC (Allocation Failure) [PSYoungGen: 416148K->90282K(465920K)] 1211362K->954916K(1864192K), 0.0474904 secs] [Times: user=0.22 sys=0.01, real=0.05 secs] 
3422.769: [GC (Allocation Failure) [PSYoungGen: 323242K->177941K(465920K)] 1187876K->1071788K(1864192K), 0.0371190 secs] [Times: user=0.13 sys=0.00, real=0.04 secs] 
3422.932: [GC (Allocation Failure) [PSYoungGen: 410901K->184502K(465920K)] 1304748K->1134292K(1864192K), 0.0546353 secs] [Times: user=0.26 sys=0.00, real=0.05 secs] 
3423.097: [GC (Allocation Failure) [PSYoungGen: 417462K->186965K(465920K)] 1367252K->1192827K(1864192K), 0.0463892 secs] [Times: user=0.22 sys=0.00, real=0.05 secs] 
3424.101: [GC (Allocation Failure) [PSYoungGen: 419925K->117358K(465920K)] 1425787K->1193761K(1864192K), 0.0474806 secs] [Times: user=0.24 sys=0.00, real=0.04 secs] 
3425.362: [GC (Allocation Failure) [PSYoungGen: 350318K->145361K(465920K)] 1426721K->1258980K(1864192K), 0.1234785 secs] [Times: user=0.67 sys=0.00, real=0.12 secs] 
3425.652: [GC (Allocation Failure) [PSYoungGen: 378321K->180757K(465920K)] 1491940K->1339933K(1864192K), 0.0450683 secs] [Times: user=0.17 sys=0.00, real=0.04 secs] 
3425.816: [GC (Allocation Failure) [PSYoungGen: 413717K->185719K(465920K)] 1572893K->1408174K(1864192K), 0.0505227 secs] [Times: user=0.24 sys=0.00, real=0.05 secs] 
3425.981: [GC (Allocation Failure) [PSYoungGen: 418679K->186933K(465920K)] 1641134K->1468156K(1864192K), 0.0575726 secs] [Times: user=0.29 sys=0.00, real=0.05 secs] 
3427.376: [GC (Allocation Failure) [PSYoungGen: 419893K->93819K(465920K)] 1701116K->1445650K(1864192K), 0.0637274 secs] [Times: user=0.34 sys=0.01, real=0.06 secs] 
3427.439: [Full GC (Ergonomics) [PSYoungGen: 93819K->0K(465920K)] [ParOldGen: 1351831K->102436K(1398272K)] 1445650K->102436K(1864192K), [Metaspace: 60103K->60103K(1105920K)], 0.0997989 secs] [Times: user=0.41 sys=0.00, real=0.09 secs] 
3428.226: [GC (Allocation Failure) [PSYoungGen: 232960K->173269K(465920K)] 335396K->275705K(1864192K), 0.0317791 secs] [Times: user=0.11 sys=0.00, real=0.03 secs] 
3428.391: [GC (Allocation Failure) [PSYoungGen: 406229K->184790K(465920K)] 508665K->341334K(1864192K), 0.0419181 secs] [Times: user=0.19 sys=0.00, real=0.04 secs] 
3428.571: [GC (Allocation Failure) [PSYoungGen: 417750K->187125K(465920K)] 574294K->399574K(1864192K), 0.0555305 secs] [Times: user=0.27 sys=0.00, real=0.05 secs] 
3429.597: [GC (Allocation Failure) [PSYoungGen: 420085K->124943K(465920K)] 632534K->407912K(1864192K), 0.0469553 secs] [Times: user=0.23 sys=0.00, real=0.05 secs] 
3430.468: [GC (Allocation Failure) [PSYoungGen: 357903K->140560K(465920K)] 640872K->463097K(1864192K), 0.1077044 secs] [Times: user=0.48 sys=0.00, real=0.11 secs] 
3430.794: [GC (Allocation Failure) [PSYoungGen: 373520K->179029K(465920K)] 696057K->546971K(1864192K), 0.0439226 secs] [Times: user=0.20 sys=0.00, real=0.04 secs] 
3430.954: [GC (Allocation Failure) [PSYoungGen: 411989K->181974K(465920K)] 779931K->612440K(1864192K), 0.0485017 secs] [Times: user=0.22 sys=0.00, real=0.05 secs] 
3431.115: [GC (Allocation Failure) [PSYoungGen: 414934K->186613K(465920K)] 845400K->674639K(1864192K), 0.0551009 secs] [Times: user=0.27 sys=0.00, real=0.06 secs] 
3432.684: [GC (Allocation Failure) [PSYoungGen: 419573K->83866K(465920K)] 907599K->642172K(1864192K), 0.1149750 secs] [Times: user=0.65 sys=0.00, real=0.12 secs] 
3434.375: [GC (Allocation Failure) [PSYoungGen: 316826K->174421K(465920K)] 875132K->760012K(1864192K), 0.0448621 secs] [Times: user=0.19 sys=0.00, real=0.05 secs] 
3434.562: [GC (Allocation Failure) [PSYoungGen: 407381K->184982K(465920K)] 992972K->824968K(1864192K), 0.0428136 secs] [Times: user=0.19 sys=0.01, real=0.04 secs] 
3434.719: [GC (Allocation Failure) [PSYoungGen: 417942K->187221K(465920K)] 1057928K->883408K(1864192K), 0.0456367 secs] [Times: user=0.21 sys=0.00, real=0.05 secs] 
3435.692: [GC (Allocation Failure) [PSYoungGen: 420181K->142481K(465920K)] 1116368K->909028K(1864192K), 0.0497892 secs] [Times: user=0.25 sys=0.00, real=0.05 secs] 
3436.204: [GC (Allocation Failure) [PSYoungGen: 375441K->128943K(465920K)] 1141988K->940722K(1864192K), 0.0720634 secs] [Times: user=0.39 sys=0.00, real=0.07 secs] 
3436.437: [GC (Allocation Failure) [PSYoungGen: 361903K->178517K(465920K)] 1173682K->1031500K(1864192K), 0.0547860 secs] [Times: user=0.25 sys=0.00, real=0.06 secs] 
3436.628: [GC (Allocation Failure) [PSYoungGen: 411477K->183446K(465920K)] 1264460K->1098846K(1864192K), 0.0493970 secs] [Times: user=0.23 sys=0.00, real=0.05 secs] 
3436.944: [GC (Allocation Failure) [PSYoungGen: 416406K->186613K(465920K)] 1331806K->1160364K(1864192K), 0.0629351 secs] [Times: user=0.31 sys=0.00, real=0.06 secs] 
3437.998: [GC (Allocation Failure) [PSYoungGen: 419573K->91595K(465920K)] 1393324K->1135650K(1864192K), 0.0514741 secs] [Times: user=0.27 sys=0.01, real=0.06 secs] 
3438.265: [GC (Allocation Failure) [PSYoungGen: 324555K->176597K(465920K)] 1368610K->1250261K(1864192K), 0.0584209 secs] [Times: user=0.26 sys=0.00, real=0.06 secs] 
3438.489: [GC (Allocation Failure) [PSYoungGen: 409557K->184598K(465920K)] 1483221K->1313850K(1864192K), 0.0460003 secs] [Times: user=0.21 sys=0.00, real=0.05 secs] 
3438.646: [GC (Allocation Failure) [PSYoungGen: 417558K->183764K(465920K)] 1546810K->1369145K(1864192K), 0.0477091 secs] [Times: user=0.22 sys=0.01, real=0.05 secs] 
3439.593: [GC (Allocation Failure) [PSYoungGen: 416724K->147922K(465920K)] 1602105K->1402722K(1864192K), 0.0521067 secs] [Times: user=0.26 sys=0.00, real=0.05 secs] 
3440.233: [GC (Allocation Failure) [PSYoungGen: 380882K->122382K(465920K)] 1635682K->1423975K(1864192K), 0.1362830 secs] [Times: user=0.76 sys=0.00, real=0.14 secs] 
3440.517: [GC (Allocation Failure) [PSYoungGen: 355342K->178613K(465920K)] 1656935K->1520046K(1864192K), 0.0394160 secs] [Times: user=0.17 sys=0.00, real=0.04 secs] 
3440.557: [Full GC (Ergonomics) [PSYoungGen: 178613K->0K(465920K)] [ParOldGen: 1341433K->235514K(1398272K)] 1520046K->235514K(1864192K), [Metaspace: 60125K->60125K(1105920K)], 0.2787208 secs] [Times: user=1.23 sys=0.01, real=0.28 secs] 
3440.976: [GC (GCLocker Initiated GC) [PSYoungGen: 232960K->182582K(465920K)] 468474K->418097K(1864192K), 0.0857278 secs] [Times: user=0.45 sys=0.01, real=0.09 secs] 
3441.184: [GC (Allocation Failure) [PSYoungGen: 415542K->181396K(465920K)] 651351K->475037K(1864192K), 0.0572036 secs] [Times: user=0.29 sys=0.00, real=0.06 secs] 
3442.545: [GC (Allocation Failure) [PSYoungGen: 414356K->98427K(465920K)] 707997K->461017K(1864192K), 0.0997718 secs] [Times: user=0.54 sys=0.00, real=0.10 secs] 
3444.119: [GC (Allocation Failure) [PSYoungGen: 331387K->169524K(465920K)] 693977K->563646K(1864192K), 0.0523882 secs] [Times: user=0.24 sys=0.00, real=0.06 secs] 
3444.314: [GC (Allocation Failure) [PSYoungGen: 402484K->184886K(465920K)] 796606K->631844K(1864192K), 0.0424271 secs] [Times: user=0.19 sys=0.00, real=0.04 secs] 
3444.465: [GC (Allocation Failure) [PSYoungGen: 404542K->174325K(465920K)] 851500K->685595K(1864192K), 0.0483356 secs] [Times: user=0.22 sys=0.00, real=0.05 secs] 
3444.934: [GC (Allocation Failure) [PSYoungGen: 403583K->203347K(465920K)] 914853K->769929K(1864192K), 0.0504250 secs] [Times: user=0.25 sys=0.00, real=0.05 secs] 
3445.650: [GC (GCLocker Initiated GC) [PSYoungGen: 436307K->96491K(465920K)] 1002889K->727538K(1864192K), 0.0587026 secs] [Times: user=0.31 sys=0.00, real=0.05 secs] 
3445.930: [GC (Allocation Failure) [PSYoungGen: 329451K->182646K(465920K)] 960664K->844344K(1864192K), 0.0540439 secs] [Times: user=0.24 sys=0.00, real=0.05 secs] 
3446.130: [GC (Allocation Failure) [PSYoungGen: 415606K->184950K(465920K)] 1077304K->903960K(1864192K), 0.0443037 secs] [Times: user=0.20 sys=0.00, real=0.04 secs] 
3446.284: [GC (Allocation Failure) [PSYoungGen: 417910K->186741K(465920K)] 1136920K->961943K(1864192K), 0.0464777 secs] [Times: user=0.22 sys=0.00, real=0.05 secs] 
3447.307: [GC (Allocation Failure) [PSYoungGen: 419701K->94123K(465920K)] 1194903K->939629K(1864192K), 0.0451073 secs] [Times: user=0.24 sys=0.00, real=0.05 secs] 
3447.812: [GC (Allocation Failure) [PSYoungGen: 327083K->169460K(465920K)] 1172589K->1045567K(1864192K), 0.0426383 secs] [Times: user=0.19 sys=0.00, real=0.04 secs] 
3447.969: [GC (GCLocker Initiated GC) [PSYoungGen: 402420K->183605K(465920K)] 1278527K->1112493K(1864192K), 0.0426231 secs] [Times: user=0.19 sys=0.00, real=0.05 secs] 
3448.170: [GC (Allocation Failure) [PSYoungGen: 416565K->182966K(465920K)] 1345456K->1175529K(1864192K), 0.0747133 secs] [Times: user=0.37 sys=0.00, real=0.07 secs] 
3448.569: [GC (Allocation Failure) [PSYoungGen: 415926K->218069K(465920K)] 1408489K->1269151K(1864192K), 0.0548743 secs] [Times: user=0.27 sys=0.00, real=0.05 secs] 
3450.909: [GC (Allocation Failure) [PSYoungGen: 451029K->86234K(465920K)] 1502111K->1206996K(1864192K), 0.1060053 secs] [Times: user=0.54 sys=0.00, real=0.10 secs] 
3451.484: [GC (Allocation Failure) [PSYoungGen: 319194K->178613K(465920K)] 1439956K->1327277K(1864192K), 0.0356934 secs] [Times: user=0.15 sys=0.00, real=0.03 secs] 
3451.633: [GC (Allocation Failure) [PSYoungGen: 411573K->182165K(465920K)] 1560237K->1386197K(1864192K), 0.0438832 secs] [Times: user=0.20 sys=0.00, real=0.04 secs] 
3451.864: [GC (Allocation Failure) [PSYoungGen: 415125K->186101K(465920K)] 1619157K->1445396K(1864192K), 0.0623878 secs] [Times: user=0.31 sys=0.00, real=0.06 secs] 
3452.913: [GC (Allocation Failure) [PSYoungGen: 419061K->104540K(465920K)] 1678356K->1434084K(1864192K), 0.0462975 secs] [Times: user=0.23 sys=0.01, real=0.05 secs] 
3452.960: [Full GC (Ergonomics) [PSYoungGen: 104540K->0K(465920K)] [ParOldGen: 1329543K->90598K(1394176K)] 1434084K->90598K(1860096K), [Metaspace: 60125K->60125K(1105920K)], 0.0340070 secs] [Times: user=0.10 sys=0.00, real=0.03 secs] 
3453.188: [GC (Allocation Failure) [PSYoungGen: 232960K->160531K(465920K)] 323558K->251129K(1860096K), 0.0304266 secs] [Times: user=0.09 sys=0.01, real=0.03 secs] 
3453.360: [GC (Allocation Failure) [PSYoungGen: 393491K->183957K(465920K)] 484089K->324924K(1860096K), 0.0408204 secs] [Times: user=0.18 sys=0.01, real=0.04 secs] 
3453.525: [GC (Allocation Failure) [PSYoungGen: 416917K->182742K(465920K)] 557884K->387681K(1860096K), 0.0490238 secs] [Times: user=0.22 sys=0.01, real=0.05 secs] 
3453.701: [GC (Allocation Failure) [PSYoungGen: 415702K->186421K(465920K)] 620641K->449311K(1860096K), 0.0553264 secs] [Times: user=0.27 sys=0.00, real=0.05 secs] 
3454.963: [GC (Allocation Failure) [PSYoungGen: 419381K->88842K(465920K)] 682271K->422121K(1860096K), 0.0944287 secs] [Times: user=0.52 sys=0.01, real=0.09 secs] 
3455.536: [GC (Allocation Failure) [PSYoungGen: 321802K->178485K(465920K)] 655081K->541013K(1860096K), 0.0418805 secs] [Times: user=0.18 sys=0.00, real=0.04 secs] 
3455.739: [GC (Allocation Failure) [PSYoungGen: 411445K->181845K(465920K)] 773973K->599761K(1860096K), 0.0520112 secs] [Times: user=0.25 sys=0.00, real=0.06 secs] 
3455.925: [GC (Allocation Failure) [PSYoungGen: 414805K->203349K(465920K)] 832721K->676553K(1860096K), 0.0459505 secs] [Times: user=0.21 sys=0.00, real=0.05 secs] 
3456.993: [GC (Allocation Failure) [PSYoungGen: 436309K->114782K(465920K)] 909513K->658689K(1860096K), 0.0469763 secs] [Times: user=0.24 sys=0.00, real=0.05 secs] 
3458.363: [GC (Allocation Failure) [PSYoungGen: 347742K->150930K(465920K)] 891649K->731202K(1860096K), 0.0986689 secs] [Times: user=0.52 sys=0.00, real=0.10 secs] 
3458.611: [GC (Allocation Failure) [PSYoungGen: 383890K->183893K(465920K)] 964162K->811474K(1860096K), 0.0412182 secs] [Times: user=0.18 sys=0.00, real=0.04 secs] 
3458.807: [GC (Allocation Failure) [PSYoungGen: 416853K->182902K(465920K)] 1044434K->874371K(1860096K), 0.0573829 secs] [Times: user=0.28 sys=0.01, real=0.06 secs] 
3458.999: [GC (Allocation Failure) [PSYoungGen: 415862K->186325K(465920K)] 1107331K->935658K(1860096K), 0.0719981 secs] [Times: user=0.36 sys=0.00, real=0.08 secs] 
3460.057: [GC (Allocation Failure) [PSYoungGen: 419285K->90954K(465920K)] 1168618K->910679K(1860096K), 0.0569434 secs] [Times: user=0.30 sys=0.01, real=0.06 secs] 
3460.440: [GC (Allocation Failure) [PSYoungGen: 323914K->177301K(465920K)] 1143639K->1025879K(1860096K), 0.0505346 secs] [Times: user=0.23 sys=0.00, real=0.05 secs] 
3460.634: [GC (Allocation Failure) [PSYoungGen: 410261K->185014K(465920K)] 1258839K->1089431K(1860096K), 0.0453537 secs] [Times: user=0.20 sys=0.00, real=0.04 secs] 
3460.788: [GC (GCLocker Initiated GC) [PSYoungGen: 417974K->183380K(465920K)] 1322392K->1144023K(1860096K), 0.0473985 secs] [Times: user=0.22 sys=0.00, real=0.05 secs] 
3461.800: [GC (Allocation Failure) [PSYoungGen: 416340K->123695K(465920K)] 1376984K->1153495K(1860096K), 0.0489826 secs] [Times: user=0.25 sys=0.00, real=0.04 secs] 
3462.504: [GC (Allocation Failure) [PSYoungGen: 352969K->141105K(465920K)] 1382769K->1209961K(1860096K), 0.0909654 secs] [Times: user=0.48 sys=0.00, real=0.09 secs] 
3462.787: [GC (GCLocker Initiated GC) [PSYoungGen: 374065K->172308K(465920K)] 1442925K->1286290K(1860096K), 0.0515656 secs] [Times: user=0.24 sys=0.00, real=0.05 secs] 
3462.994: [GC (Allocation Failure) [PSYoungGen: 405268K->185719K(465920K)] 1519544K->1360891K(1860096K), 0.0673731 secs] [Times: user=0.33 sys=0.01, real=0.07 secs] 
3463.229: [GC (Allocation Failure) [PSYoungGen: 418679K->186965K(465920K)] 1593851K->1421049K(1860096K), 0.0754652 secs] [Times: user=0.39 sys=0.00, real=0.07 secs] 
3465.133: [GC (Allocation Failure) [PSYoungGen: 419925K->93387K(465920K)] 1654009K->1397855K(1860096K), 0.0975520 secs] [Times: user=0.53 sys=0.01, real=0.10 secs] 
3465.909: [GC (Allocation Failure) [PSYoungGen: 326347K->174197K(465920K)] 1630815K->1508278K(1860096K), 0.0468588 secs] [Times: user=0.20 sys=0.00, real=0.05 secs] 
3465.956: [Full GC (Ergonomics) [PSYoungGen: 174197K->0K(465920K)] [ParOldGen: 1334080K->208659K(1398272K)] 1508278K->208659K(1864192K), [Metaspace: 60126K->60126K(1105920K)], 0.2303879 secs] [Times: user=1.07 sys=0.00, real=0.23 secs] 
3466.308: [GC (Allocation Failure) [PSYoungGen: 232960K->184406K(465920K)] 441619K->393065K(1864192K), 0.0273802 secs] [Times: user=0.10 sys=0.00, real=0.03 secs] 
3466.478: [GC (Allocation Failure) [PSYoungGen: 417366K->183380K(465920K)] 626025K->447952K(1864192K), 0.0444594 secs] [Times: user=0.20 sys=0.01, real=0.05 secs] 
3467.466: [GC (Allocation Failure) [PSYoungGen: 416340K->140145K(465920K)] 680912K->474117K(1864192K), 0.0491403 secs] [Times: user=0.24 sys=0.00, real=0.05 secs] 
3467.740: [GC (Allocation Failure) [PSYoungGen: 373105K->133360K(465920K)] 707077K->511859K(1864192K), 0.0835565 secs] [Times: user=0.45 sys=0.00, real=0.08 secs] 
3467.989: [GC (Allocation Failure) [PSYoungGen: 366320K->171860K(465920K)] 744819K->592748K(1864192K), 0.0543869 secs] [Times: user=0.25 sys=0.01, real=0.06 secs] 
3468.203: [GC (Allocation Failure) [PSYoungGen: 404820K->184823K(465920K)] 825708K->665971K(1864192K), 0.0491980 secs] [Times: user=0.22 sys=0.00, real=0.05 secs] 
3468.365: [GC (Allocation Failure) [PSYoungGen: 417783K->187029K(465920K)] 898931K->726674K(1864192K), 0.0588750 secs] [Times: user=0.29 sys=0.00, real=0.06 secs] 
3469.530: [GC (Allocation Failure) [PSYoungGen: 419903K->94107K(465920K)] 959548K->704344K(1864192K), 0.0676035 secs] [Times: user=0.35 sys=0.00, real=0.06 secs] 
3470.335: [GC (Allocation Failure) [PSYoungGen: 327067K->174677K(465920K)] 937304K->815322K(1864192K), 0.0485442 secs] [Times: user=0.21 sys=0.00, real=0.05 secs] 
3470.525: [GC (Allocation Failure) [PSYoungGen: 407637K->184502K(465920K)] 1048282K->880079K(1864192K), 0.0430992 secs] [Times: user=0.20 sys=0.00, real=0.04 secs] 
3470.677: [GC (Allocation Failure) [PSYoungGen: 417462K->181748K(465920K)] 1113039K->933230K(1864192K), 0.0452883 secs] [Times: user=0.21 sys=0.00, real=0.05 secs] 
3471.930: [GC (Allocation Failure) [PSYoungGen: 414708K->151474K(465920K)] 1166190K->971996K(1864192K), 0.0512379 secs] [Times: user=0.25 sys=0.00, real=0.05 secs] 
3473.062: [GC (Allocation Failure) [PSYoungGen: 384434K->121294K(465920K)] 1204956K->989960K(1864192K), 0.1798334 secs] [Times: user=1.02 sys=0.00, real=0.18 secs] 
3473.418: [GC (Allocation Failure) [PSYoungGen: 354254K->178741K(465920K)] 1222920K->1086496K(1864192K), 0.0385378 secs] [Times: user=0.17 sys=0.00, real=0.04 secs] 
3473.572: [GC (Allocation Failure) [PSYoungGen: 411701K->185495K(465920K)] 1319456K->1155489K(1864192K), 0.0506764 secs] [Times: user=0.24 sys=0.00, real=0.05 secs] 
3473.768: [GC (Allocation Failure) [PSYoungGen: 418455K->183636K(465920K)] 1388449K->1212311K(1864192K), 0.0706258 secs] [Times: user=0.36 sys=0.00, real=0.07 secs] 
3474.857: [GC (Allocation Failure) [PSYoungGen: 416596K->89882K(465920K)] 1445271K->1187805K(1864192K), 0.0455362 secs] [Times: user=0.24 sys=0.00, real=0.05 secs] 
3475.102: [GC (GCLocker Initiated GC) [PSYoungGen: 322842K->172756K(465920K)] 1420765K->1300251K(1864192K), 0.0485363 secs] [Times: user=0.22 sys=0.00, real=0.05 secs] 
3475.316: [GC (Allocation Failure) [PSYoungGen: 405716K->184886K(465920K)] 1533214K->1366828K(1864192K), 0.0445071 secs] [Times: user=0.20 sys=0.00, real=0.05 secs] 
3475.471: [GC (Allocation Failure) [PSYoungGen: 409203K->175093K(465920K)] 1591145K->1421307K(1864192K), 0.0498777 secs] [Times: user=0.23 sys=0.01, real=0.05 secs] 
3476.292: [GC (Allocation Failure) [PSYoungGen: 405975K->190099K(465920K)] 1652189K->1491761K(1864192K), 0.0534677 secs] [Times: user=0.25 sys=0.01, real=0.05 secs] 
3476.873: [GC (Allocation Failure) [PSYoungGen: 423059K->99083K(465920K)] 1724721K->1465518K(1864192K), 0.0449885 secs] [Times: user=0.23 sys=0.00, real=0.04 secs] 
3476.918: [Full GC (Ergonomics) [PSYoungGen: 99083K->0K(465920K)] [ParOldGen: 1366434K->116217K(1398272K)] 1465518K->116217K(1864192K), [Metaspace: 60133K->60133K(1105920K)], 0.1106091 secs] [Times: user=0.46 sys=0.00, real=0.11 secs] 
3477.235: [GC (Allocation Failure) [PSYoungGen: 232960K->180373K(465920K)] 349177K->296591K(1864192K), 0.0252281 secs] [Times: user=0.08 sys=0.00, real=0.03 secs] 
3477.377: [GC (Allocation Failure) [PSYoungGen: 413333K->184758K(465920K)] 529551K->357315K(1864192K), 0.0416849 secs] [Times: user=0.19 sys=0.00, real=0.04 secs] 
3477.533: [GC (Allocation Failure) [PSYoungGen: 417718K->186837K(465920K)] 590275K->415411K(1864192K), 0.0452822 secs] [Times: user=0.21 sys=0.00, real=0.04 secs] 
3478.919: [GC (Allocation Failure) [PSYoungGen: 419797K->97195K(465920K)] 648371K->396265K(1864192K), 0.1189735 secs] [Times: user=0.66 sys=0.00, real=0.12 secs] 
3480.679: [GC (Allocation Failure) [PSYoungGen: 330155K->165492K(465920K)] 629225K->495406K(1864192K), 0.0651547 secs] [Times: user=0.31 sys=0.00, real=0.07 secs] 
3480.891: [GC (Allocation Failure) [PSYoungGen: 398452K->184854K(465920K)] 728366K->566716K(1864192K), 0.0421712 secs] [Times: user=0.19 sys=0.00, real=0.04 secs] 
3481.050: [GC (Allocation Failure) [PSYoungGen: 417814K->182806K(465920K)] 799676K->628957K(1864192K), 0.0496208 secs] [Times: user=0.23 sys=0.00, real=0.05 secs] 
3481.337: [GC (Allocation Failure) [PSYoungGen: 413899K->216916K(465920K)] 860050K->720923K(1864192K), 0.0541639 secs] [Times: user=0.26 sys=0.00, real=0.06 secs] 
3482.204: [GC (Allocation Failure) [PSYoungGen: 449876K->88154K(465920K)] 953883K->661441K(1864192K), 0.0402552 secs] [Times: user=0.21 sys=0.00, real=0.04 secs] 
3482.461: [GC (Allocation Failure) [PSYoungGen: 321114K->182454K(465920K)] 894401K->783417K(1864192K), 0.0342364 secs] [Times: user=0.14 sys=0.00, real=0.03 secs] 
3482.635: [GC (Allocation Failure) [PSYoungGen: 415414K->184982K(465920K)] 1016377K->843458K(1864192K), 0.0544085 secs] [Times: user=0.26 sys=0.00, real=0.06 secs] 
3482.813: [GC (Allocation Failure) [PSYoungGen: 417942K->186901K(465920K)] 1076418K->901353K(1864192K), 0.0461307 secs] [Times: user=0.21 sys=0.00, real=0.04 secs] 
3483.785: [GC (Allocation Failure) [PSYoungGen: 419861K->95739K(465920K)] 1134313K->880879K(1864192K), 0.0447280 secs] [Times: user=0.23 sys=0.01, real=0.05 secs] 
3484.414: [GC (Allocation Failure) [PSYoungGen: 328699K->163699K(465920K)] 1113839K->979900K(1864192K), 0.0754130 secs] [Times: user=0.37 sys=0.00, real=0.08 secs] 
3484.643: [GC (Allocation Failure) [PSYoungGen: 396659K->184630K(465920K)] 1212860K->1051814K(1864192K), 0.0436176 secs] [Times: user=0.20 sys=0.00, real=0.04 secs] 
3484.837: [GC (Allocation Failure) [PSYoungGen: 417590K->183158K(465920K)] 1284774K->1114531K(1864192K), 0.0667848 secs] [Times: user=0.33 sys=0.00, real=0.07 secs] 
3485.035: [GC (Allocation Failure) [PSYoungGen: 416118K->186837K(465920K)] 1347491K->1176738K(1864192K), 0.0581820 secs] [Times: user=0.28 sys=0.00, real=0.06 secs] 
3487.302: [GC (Allocation Failure) [PSYoungGen: 419797K->85690K(465920K)] 1409698K->1146135K(1864192K), 0.1136356 secs] [Times: user=0.63 sys=0.00, real=0.11 secs] 
3488.172: [GC (Allocation Failure) [PSYoungGen: 318650K->178677K(465920K)] 1379095K->1266463K(1864192K), 0.0455334 secs] [Times: user=0.19 sys=0.00, real=0.04 secs] 
3488.342: [GC (Allocation Failure) [PSYoungGen: 411637K->181141K(465920K)] 1499423K->1324347K(1864192K), 0.0444746 secs] [Times: user=0.20 sys=0.00, real=0.04 secs] 
3488.500: [GC (Allocation Failure) [PSYoungGen: 414101K->186709K(465920K)] 1557307K->1384867K(1864192K), 0.0469822 secs] [Times: user=0.22 sys=0.00, real=0.04 secs] 
3489.544: [GC (Allocation Failure) [PSYoungGen: 419669K->113693K(465920K)] 1617827K->1382339K(1864192K), 0.0485036 secs] [Times: user=0.25 sys=0.00, real=0.05 secs] 
3489.767: [GC (Allocation Failure) [PSYoungGen: 346653K->156082K(465920K)] 1615299K->1462145K(1864192K), 0.0518517 secs] [Times: user=0.25 sys=0.01, real=0.05 secs] 
3489.972: [GC (Allocation Failure) [PSYoungGen: 389042K->180661K(465920K)] 1695105K->1535644K(1864192K), 0.0669282 secs] [Times: user=0.32 sys=0.01, real=0.06 secs] 
3490.039: [Full GC (Ergonomics) [PSYoungGen: 180661K->0K(465920K)] [ParOldGen: 1354982K->247714K(1398272K)] 1535644K->247714K(1864192K), [Metaspace: 60135K->60135K(1105920K)], 0.3336989 secs] [Times: user=1.58 sys=0.00, real=0.33 secs] 
3490.489: [GC (Allocation Failure) [PSYoungGen: 232960K->181814K(465920K)] 480674K->429529K(1864192K), 0.0770082 secs] [Times: user=0.40 sys=0.00, real=0.08 secs] 
3490.680: [GC (Allocation Failure) [PSYoungGen: 414774K->186677K(465920K)] 662489K->491840K(1864192K), 0.0557370 secs] [Times: user=0.28 sys=0.00, real=0.05 secs] 
3492.097: [GC (Allocation Failure) [PSYoungGen: 419637K->89930K(465920K)] 724800K->465609K(1864192K), 0.0904753 secs] [Times: user=0.49 sys=0.00, real=0.09 secs] 
3492.857: [GC (Allocation Failure) [PSYoungGen: 322890K->175445K(465920K)] 698569K->580481K(1864192K), 0.0408554 secs] [Times: user=0.17 sys=0.00, real=0.04 secs] 
3493.067: [GC (Allocation Failure) [PSYoungGen: 408405K->184662K(465920K)] 813441K->644406K(1864192K), 0.0604125 secs] [Times: user=0.28 sys=0.01, real=0.06 secs] 
3493.261: [GC (Allocation Failure) [PSYoungGen: 417622K->187125K(465920K)] 877366K->703037K(1864192K), 0.0451142 secs] [Times: user=0.21 sys=0.00, real=0.04 secs] 
3494.254: [GC (Allocation Failure) [PSYoungGen: 420085K->120367K(465920K)] 935997K->706815K(1864192K), 0.0473049 secs] [Times: user=0.23 sys=0.00, real=0.05 secs] 
3495.628: [GC (Allocation Failure) [PSYoungGen: 353327K->149937K(465920K)] 939775K->774409K(1864192K), 0.1207598 secs] [Times: user=0.65 sys=0.00, real=0.12 secs] 
3495.913: [GC (Allocation Failure) [PSYoungGen: 382897K->180789K(465920K)] 1007369K->851278K(1864192K), 0.0402978 secs] [Times: user=0.18 sys=0.00, real=0.04 secs] 
3496.075: [GC (Allocation Failure) [PSYoungGen: 413749K->185271K(465920K)] 1084238K->918504K(1864192K), 0.0497713 secs] [Times: user=0.23 sys=0.00, real=0.05 secs] 
3496.262: [GC (Allocation Failure) [PSYoungGen: 418231K->183476K(465920K)] 1151464K->975453K(1864192K), 0.0688350 secs] [Times: user=0.34 sys=0.01, real=0.07 secs] 
3497.316: [GC (Allocation Failure) [PSYoungGen: 416436K->97915K(465920K)] 1208413K->959128K(1864192K), 0.0536411 secs] [Times: user=0.29 sys=0.00, real=0.06 secs] 
3497.551: [GC (Allocation Failure) [PSYoungGen: 330875K->174933K(465920K)] 1192088K->1067471K(1864192K), 0.0341563 secs] [Times: user=0.14 sys=0.00, real=0.03 secs] 
3497.701: [GC (Allocation Failure) [PSYoungGen: 407893K->184502K(465920K)] 1300431K->1132052K(1864192K), 0.0451924 secs] [Times: user=0.20 sys=0.00, real=0.04 secs] 
3497.897: [GC (Allocation Failure) [PSYoungGen: 417462K->182964K(465920K)] 1365012K->1186370K(1864192K), 0.0653606 secs] [Times: user=0.31 sys=0.01, real=0.07 secs] 
3498.932: [GC (Allocation Failure) [PSYoungGen: 415924K->128784K(465920K)] 1419330K->1201158K(1864192K), 0.0495839 secs] [Times: user=0.25 sys=0.00, real=0.05 secs] 
3499.326: [GC (Allocation Failure) [PSYoungGen: 360253K->141201K(465920K)] 1432627K->1254391K(1864192K), 0.1167031 secs] [Times: user=0.63 sys=0.00, real=0.12 secs] 
3499.632: [GC (GCLocker Initiated GC) [PSYoungGen: 374161K->175892K(465920K)] 1487352K->1334409K(1864192K), 0.0401130 secs] [Times: user=0.17 sys=0.00, real=0.04 secs] 
3499.793: [GC (Allocation Failure) [PSYoungGen: 408852K->185719K(465920K)] 1567372K->1405998K(1864192K), 0.0502629 secs] [Times: user=0.23 sys=0.00, real=0.05 secs] 
3500.004: [GC (Allocation Failure) [PSYoungGen: 418679K->186581K(465920K)] 1638958K->1465748K(1864192K), 0.0796862 secs] [Times: user=0.41 sys=0.00, real=0.08 secs] 
3502.367: [GC (GCLocker Initiated GC) [PSYoungGen: 419541K->86826K(465920K)] 1698708K->1436505K(1864192K), 0.0794106 secs] [Times: user=0.43 sys=0.00, real=0.08 secs] 
3502.446: [Full GC (Ergonomics) [PSYoungGen: 86826K->0K(465920K)] [ParOldGen: 1349679K->91728K(1398272K)] 1436505K->91728K(1864192K), [Metaspace: 60135K->60135K(1105920K)], 0.0998701 secs] [Times: user=0.39 sys=0.00, real=0.10 secs] 
3503.597: [GC (Allocation Failure) [PSYoungGen: 232960K->167988K(465920K)] 324691K->259719K(1864192K), 0.0347279 secs] [Times: user=0.13 sys=0.00, real=0.04 secs] 
3503.785: [GC (Allocation Failure) [PSYoungGen: 400948K->183797K(465920K)] 492679K->328093K(1864192K), 0.0414013 secs] [Times: user=0.18 sys=0.00, real=0.04 secs] 
3503.979: [GC (Allocation Failure) [PSYoungGen: 416757K->187253K(465920K)] 561053K->387012K(1864192K), 0.0629933 secs] [Times: user=0.31 sys=0.00, real=0.07 secs] 
3505.134: [GC (Allocation Failure) [PSYoungGen: 420213K->146386K(465920K)] 619972K->416697K(1864192K), 0.0496580 secs] [Times: user=0.25 sys=0.00, real=0.05 secs] 
3505.353: [GC (Allocation Failure) [PSYoungGen: 379346K->131711K(465920K)] 649659K->448553K(1864192K), 0.0653535 secs] [Times: user=0.35 sys=0.00, real=0.06 secs] 
3505.581: [GC (Allocation Failure) [PSYoungGen: 364671K->171892K(463872K)] 681513K->530292K(1862144K), 0.0517966 secs] [Times: user=0.24 sys=0.00, real=0.05 secs] 
3505.763: [GC (Allocation Failure) [PSYoungGen: 404852K->185271K(464896K)] 763252K->604916K(1863168K), 0.0489315 secs] [Times: user=0.22 sys=0.00, real=0.05 secs] 
3505.951: [GC (Allocation Failure) [PSYoungGen: 418231K->181844K(465920K)] 837876K->660217K(1864192K), 0.0770705 secs] [Times: user=0.40 sys=0.00, real=0.07 secs] 
3507.024: [GC (Allocation Failure) [PSYoungGen: 414804K->98843K(465920K)] 893177K->645924K(1864192K), 0.0613841 secs] [Times: user=0.33 sys=0.00, real=0.06 secs] 
3507.514: [GC (Allocation Failure) [PSYoungGen: 331803K->173685K(465920K)] 878884K->752606K(1864192K), 0.0472718 secs] [Times: user=0.21 sys=0.00, real=0.05 secs] 
3507.711: [GC (Allocation Failure) [PSYoungGen: 406645K->184278K(465920K)] 985566K->817883K(1864192K), 0.0432148 secs] [Times: user=0.20 sys=0.00, real=0.04 secs] 
3507.862: [GC (Allocation Failure) [PSYoungGen: 403986K->168404K(464896K)] 1037592K->865842K(1863168K), 0.0477994 secs] [Times: user=0.22 sys=0.00, real=0.05 secs] 
3509.328: [GC (Allocation Failure) [PSYoungGen: 401364K->168595K(401920K)] 1098802K->919912K(1800192K), 0.0546848 secs] [Times: user=0.27 sys=0.00, real=0.06 secs] 
3510.836: [GC (Allocation Failure) [PSYoungGen: 401555K->105548K(458240K)] 1152872K->921474K(1856512K), 0.0953143 secs] [Times: user=0.51 sys=0.00, real=0.10 secs] 
3511.194: [GC (Allocation Failure) [PSYoungGen: 336460K->175989K(461824K)] 1152386K->1025560K(1860096K), 0.0359148 secs] [Times: user=0.15 sys=0.00, real=0.04 secs] 
3511.390: [GC (GCLocker Initiated GC) [PSYoungGen: 406901K->181653K(466432K)] 1256472K->1085849K(1864704K), 0.0678136 secs] [Times: user=0.32 sys=0.00, real=0.06 secs] 
3511.595: [GC (Allocation Failure) [PSYoungGen: 417685K->204949K(441344K)] 1321920K->1164239K(1839616K), 0.0464160 secs] [Times: user=0.21 sys=0.00, real=0.05 secs] 
3512.588: [GC (GCLocker Initiated GC) [PSYoungGen: 440981K->104588K(465920K)] 1400274K->1134857K(1864192K), 0.0466401 secs] [Times: user=0.24 sys=0.00, real=0.05 secs] 
3512.893: [GC (Allocation Failure) [PSYoungGen: 337548K->170228K(465920K)] 1367945K->1234126K(1864192K), 0.0828274 secs] [Times: user=0.41 sys=0.01, real=0.08 secs] 
3513.188: [GC (Allocation Failure) [PSYoungGen: 403188K->184342K(465920K)] 1467086K->1301907K(1864192K), 0.0447916 secs] [Times: user=0.21 sys=0.00, real=0.05 secs] 
3513.372: [GC (Allocation Failure) [PSYoungGen: 417302K->182262K(465920K)] 1534867K->1363956K(1864192K), 0.0716965 secs] [Times: user=0.35 sys=0.01, real=0.07 secs] 
3514.223: [GC (Allocation Failure) [PSYoungGen: 412031K->209971K(465920K)] 1593725K->1449493K(1864192K), 0.0568061 secs] [Times: user=0.29 sys=0.00, real=0.06 secs] 
3514.840: [GC (Allocation Failure) [PSYoungGen: 442931K->95403K(465920K)] 1682453K->1400805K(1864192K), 0.1043735 secs] [Times: user=0.57 sys=0.00, real=0.10 secs] 
3515.218: [GC (Allocation Failure) [PSYoungGen: 328363K->177269K(465920K)] 1633765K->1512964K(1864192K), 0.0389132 secs] [Times: user=0.17 sys=0.01, real=0.04 secs] 
3515.257: [Full GC (Ergonomics) [PSYoungGen: 177269K->0K(465920K)] [ParOldGen: 1335694K->224814K(1398272K)] 1512964K->224814K(1864192K), [Metaspace: 60138K->60138K(1105920K)], 0.2661731 secs] [Times: user=1.19 sys=0.00, real=0.27 secs] 
3515.645: [GC (Allocation Failure) [PSYoungGen: 232960K->184918K(465920K)] 457774K->409733K(1864192K), 0.0266210 secs] [Times: user=0.10 sys=0.00, real=0.03 secs] 
3515.786: [GC (Allocation Failure) [PSYoungGen: 417878K->186709K(465920K)] 642693K->467652K(1864192K), 0.0453590 secs] [Times: user=0.21 sys=0.00, real=0.05 secs] 
3516.912: [GC (Allocation Failure) [PSYoungGen: 419669K->101980K(465920K)] 700612K->453427K(1864192K), 0.0491218 secs] [Times: user=0.26 sys=0.00, real=0.05 secs] 
3518.705: [GC (Allocation Failure) [PSYoungGen: 334940K->160435K(465920K)] 686387K->544495K(1864192K), 0.0714594 secs] [Times: user=0.35 sys=0.00, real=0.07 secs] 
3518.994: [GC (Allocation Failure) [PSYoungGen: 393395K->184310K(465920K)] 777455K->619261K(1864192K), 0.0509306 secs] [Times: user=0.24 sys=0.00, real=0.05 secs] 
3519.162: [GC (Allocation Failure) [PSYoungGen: 417270K->185143K(465920K)] 852221K->684151K(1864192K), 0.0490547 secs] [Times: user=0.23 sys=0.00, real=0.05 secs] 
3519.323: [GC (Allocation Failure) [PSYoungGen: 418103K->186645K(465920K)] 917111K->744437K(1864192K), 0.0546504 secs] [Times: user=0.27 sys=0.00, real=0.05 secs] 
3520.278: [GC (Allocation Failure) [PSYoungGen: 419605K->91306K(465920K)] 977397K->719570K(1864192K), 0.0404041 secs] [Times: user=0.21 sys=0.00, real=0.04 secs] 
3520.541: [GC (Allocation Failure) [PSYoungGen: 324266K->178261K(465920K)] 952530K->835378K(1864192K), 0.0575697 secs] [Times: user=0.24 sys=0.01, real=0.05 secs] 
3520.745: [GC (Allocation Failure) [PSYoungGen: 411221K->181525K(465920K)] 1068338K->894614K(1864192K), 0.0429479 secs] [Times: user=0.20 sys=0.00, real=0.04 secs] 
3520.928: [GC (Allocation Failure) [PSYoungGen: 414485K->186453K(465920K)] 1127574K->954550K(1864192K), 0.0566191 secs] [Times: user=0.28 sys=0.00, real=0.06 secs] 
3521.925: [GC (Allocation Failure) [PSYoungGen: 419413K->105740K(465920K)] 1187510K->944138K(1864192K), 0.0460430 secs] [Times: user=0.24 sys=0.00, real=0.05 secs] 
3522.233: [GC (Allocation Failure) [PSYoungGen: 338700K->161555K(465920K)] 1177098K->1034505K(1864192K), 0.0575958 secs] [Times: user=0.28 sys=0.00, real=0.06 secs] 
3522.414: [GC (Allocation Failure) [PSYoungGen: 394515K->183733K(465920K)] 1267465K->1107204K(1864192K), 0.0421759 secs] [Times: user=0.19 sys=0.00, real=0.04 secs] 
3522.572: [GC (Allocation Failure) [PSYoungGen: 416693K->186135K(465920K)] 1340164K->1173749K(1864192K), 0.0507390 secs] [Times: user=0.24 sys=0.00, real=0.05 secs] 
3522.738: [GC (Allocation Failure) [PSYoungGen: 419095K->183956K(465920K)] 1406709K->1230651K(1864192K), 0.0580307 secs] [Times: user=0.28 sys=0.00, real=0.06 secs] 
3524.720: [GC (Allocation Failure) [PSYoungGen: 416916K->87418K(465920K)] 1463611K->1203580K(1864192K), 0.1123654 secs] [Times: user=0.62 sys=0.00, real=0.11 secs] 
3525.571: [GC (Allocation Failure) [PSYoungGen: 320378K->181558K(465920K)] 1436540K->1326113K(1864192K), 0.0433631 secs] [Times: user=0.18 sys=0.00, real=0.04 secs] 
3525.740: [GC (Allocation Failure) [PSYoungGen: 414518K->181525K(465920K)] 1559073K->1382692K(1864192K), 0.0441984 secs] [Times: user=0.20 sys=0.00, real=0.04 secs] 
3525.918: [GC (Allocation Failure) [PSYoungGen: 414485K->186869K(465920K)] 1615652K->1443268K(1864192K), 0.0634345 secs] [Times: user=0.31 sys=0.00, real=0.07 secs] 
3527.022: [GC (Allocation Failure) [PSYoungGen: 419829K->111533K(465920K)] 1676228K->1438348K(1864192K), 0.0469688 secs] [Times: user=0.24 sys=0.00, real=0.04 secs] 
3527.069: [Full GC (Ergonomics) [PSYoungGen: 111533K->0K(465920K)] [ParOldGen: 1326815K->94552K(1398272K)] 1438348K->94552K(1864192K), [Metaspace: 60139K->60139K(1105920K)], 0.0346876 secs] [Times: user=0.10 sys=0.00, real=0.04 secs] 
3527.389: [GC (Allocation Failure) [PSYoungGen: 232960K->151698K(465920K)] 327512K->246250K(1864192K), 0.0468509 secs] [Times: user=0.18 sys=0.00, real=0.05 secs] 
3527.641: [GC (Allocation Failure) [PSYoungGen: 384658K->183829K(465920K)] 479210K->325674K(1864192K), 0.0405176 secs] [Times: user=0.18 sys=0.00, real=0.04 secs] 
3527.819: [GC (GCLocker Initiated GC) [PSYoungGen: 416789K->182774K(465920K)] 558636K->389101K(1864192K), 0.0563814 secs] [Times: user=0.26 sys=0.01, real=0.06 secs] 
3528.008: [GC (Allocation Failure) [PSYoungGen: 415734K->186229K(465920K)] 622062K->450441K(1864192K), 0.0557356 secs] [Times: user=0.27 sys=0.00, real=0.06 secs] 
3529.125: [GC (Allocation Failure) [PSYoungGen: 419189K->89290K(465920K)] 683401K->423722K(1864192K), 0.0606812 secs] [Times: user=0.32 sys=0.00, real=0.06 secs] 
3529.498: [GC (Allocation Failure) [PSYoungGen: 322250K->178837K(465920K)] 656682K->542310K(1864192K), 0.0455452 secs] [Times: user=0.20 sys=0.00, real=0.05 secs] 
3529.672: [GC (Allocation Failure) [PSYoungGen: 411797K->180437K(465920K)] 775270K->599642K(1864192K), 0.0428552 secs] [Times: user=0.19 sys=0.00, real=0.04 secs] 
3529.852: [GC (Allocation Failure) [PSYoungGen: 413397K->186709K(465920K)] 832602K->660794K(1864192K), 0.0595714 secs] [Times: user=0.29 sys=0.00, real=0.06 secs] 
3530.859: [GC (Allocation Failure) [PSYoungGen: 419669K->123599K(465920K)] 893754K->668220K(1864192K), 0.0475570 secs] [Times: user=0.24 sys=0.00, real=0.05 secs] 
3532.467: [GC (Allocation Failure) [PSYoungGen: 354515K->142545K(465920K)] 899136K->726250K(1864192K), 0.1184872 secs] [Times: user=0.64 sys=0.00, real=0.12 secs] 
3532.743: [GC (Allocation Failure) [PSYoungGen: 375505K->178677K(465920K)] 959210K->808642K(1864192K), 0.0395755 secs] [Times: user=0.18 sys=0.00, real=0.04 secs] 
3532.903: [GC (Allocation Failure) [PSYoungGen: 411637K->185751K(465920K)] 1041602K->877964K(1864192K), 0.0520182 secs] [Times: user=0.23 sys=0.00, real=0.05 secs] 
3533.073: [GC (Allocation Failure) [PSYoungGen: 418711K->186709K(465920K)] 1110924K->937866K(1864192K), 0.0580951 secs] [Times: user=0.29 sys=0.00, real=0.06 secs] 
3534.258: [GC (GCLocker Initiated GC) [PSYoungGen: 419669K->90346K(465920K)] 1170827K->911969K(1864192K), 0.0607126 secs] [Times: user=0.32 sys=0.00, real=0.06 secs] 
3534.875: [GC (Allocation Failure) [PSYoungGen: 323306K->177077K(465920K)] 1144931K->1027403K(1864192K), 0.0473004 secs] [Times: user=0.20 sys=0.00, real=0.05 secs] 
3535.109: [GC (Allocation Failure) [PSYoungGen: 410037K->184790K(465920K)] 1260363K->1090820K(1864192K), 0.0625214 secs] [Times: user=0.30 sys=0.00, real=0.07 secs] 
3535.333: [GC (Allocation Failure) [PSYoungGen: 417750K->183668K(465920K)] 1323780K->1145475K(1864192K), 0.0637867 secs] [Times: user=0.32 sys=0.00, real=0.06 secs] 
3536.367: [GC (Allocation Failure) [PSYoungGen: 416628K->133136K(465920K)] 1378435K->1164278K(1864192K), 0.0489364 secs] [Times: user=0.24 sys=0.00, real=0.05 secs] 
3536.710: [GC (GCLocker Initiated GC) [PSYoungGen: 366096K->134832K(465920K)] 1397240K->1208359K(1864192K), 0.0660010 secs] [Times: user=0.34 sys=0.00, real=0.06 secs] 
3536.902: [GC (Allocation Failure) [PSYoungGen: 367792K->175636K(465920K)] 1441486K->1292643K(1864192K), 0.0389537 secs] [Times: user=0.17 sys=0.00, real=0.04 secs] 
3537.065: [GC (Allocation Failure) [PSYoungGen: 408596K->185271K(465920K)] 1525603K->1363602K(1864192K), 0.0503146 secs] [Times: user=0.23 sys=0.00, real=0.05 secs] 
3537.228: [GC (Allocation Failure) [PSYoungGen: 418231K->186613K(465920K)] 1596562K->1423672K(1864192K), 0.0582778 secs] [Times: user=0.29 sys=0.00, real=0.06 secs] 
3538.565: [GC (Allocation Failure) [PSYoungGen: 419573K->88362K(465920K)] 1656632K->1395897K(1864192K), 0.0728785 secs] [Times: user=0.40 sys=0.00, real=0.07 secs] 
3539.600: [GC (Allocation Failure) [PSYoungGen: 321322K->174517K(465920K)] 1628857K->1510609K(1864192K), 0.0453930 secs] [Times: user=0.19 sys=0.00, real=0.04 secs] 
3539.645: [Full GC (Ergonomics) [PSYoungGen: 174517K->0K(465920K)] [ParOldGen: 1336092K->205269K(1398272K)] 1510609K->205269K(1864192K), [Metaspace: 60143K->60143K(1105920K)], 0.2304452 secs] [Times: user=1.08 sys=0.00, real=0.23 secs] 
3539.992: [GC (Allocation Failure) [PSYoungGen: 232960K->184662K(465920K)] 438229K->389931K(1864192K), 0.0274090 secs] [Times: user=0.10 sys=0.00, real=0.03 secs] 
3540.180: [GC (Allocation Failure) [PSYoungGen: 417622K->187093K(465920K)] 622891K->448178K(1864192K), 0.0468442 secs] [Times: user=0.22 sys=0.00, real=0.04 secs] 
3541.404: [GC (Allocation Failure) [PSYoungGen: 420053K->145042K(465920K)] 681138K->476639K(1864192K), 0.0500012 secs] [Times: user=0.24 sys=0.00, real=0.05 secs] 
3541.841: [GC (Allocation Failure) [PSYoungGen: 378002K->124591K(465920K)] 709599K->502348K(1864192K), 0.1127139 secs] [Times: user=0.62 sys=0.00, real=0.11 secs] 
3542.088: [GC (Allocation Failure) [PSYoungGen: 357551K->175220K(465920K)] 735308K->592975K(1864192K), 0.0368616 secs] [Times: user=0.16 sys=0.00, real=0.04 secs] 
3542.296: [GC (Allocation Failure) [PSYoungGen: 408180K->181046K(465920K)] 825935K->660025K(1864192K), 0.0718463 secs] [Times: user=0.35 sys=0.00, real=0.07 secs] 
3542.528: [GC (Allocation Failure) [PSYoungGen: 414006K->187093K(465920K)] 892985K->723495K(1864192K), 0.0741229 secs] [Times: user=0.39 sys=0.00, real=0.08 secs] 
3543.547: [GC (Allocation Failure) [PSYoungGen: 420053K->94731K(465920K)] 956455K->701562K(1864192K), 0.0585924 secs] [Times: user=0.31 sys=0.00, real=0.06 secs] 
3543.963: [GC (Allocation Failure) [PSYoungGen: 327691K->170740K(465920K)] 934522K->808023K(1864192K), 0.0592258 secs] [Times: user=0.26 sys=0.01, real=0.06 secs] 
3544.179: [GC (Allocation Failure) [PSYoungGen: 403700K->181749K(465920K)] 1040983K->872781K(1864192K), 0.0436545 secs] [Times: user=0.20 sys=0.00, real=0.04 secs] 
3544.363: [GC (Allocation Failure) [PSYoungGen: 404130K->176534K(465920K)] 1095161K->930997K(1864192K), 0.0689797 secs] [Times: user=0.34 sys=0.00, real=0.07 secs] 
3545.308: [GC (Allocation Failure) [PSYoungGen: 409494K->169363K(402432K)] 1163957K->980110K(1800704K), 0.0554370 secs] [Times: user=0.28 sys=0.00, real=0.06 secs] 
3546.769: [GC (Allocation Failure) [PSYoungGen: 402323K->102588K(464896K)] 1213070K->978207K(1863168K), 0.1008616 secs] [Times: user=0.54 sys=0.00, real=0.11 secs] 
3547.188: [GC (Allocation Failure) [PSYoungGen: 335036K->177237K(465408K)] 1210655K->1085701K(1863680K), 0.0410083 secs] [Times: user=0.18 sys=0.00, real=0.04 secs] 
3547.346: [GC (Allocation Failure) [PSYoungGen: 409685K->184214K(465920K)] 1318149K->1148429K(1864192K), 0.0437369 secs] [Times: user=0.19 sys=0.00, real=0.05 secs] 
3547.503: [GC (Allocation Failure) [PSYoungGen: 417174K->186869K(465920K)] 1381389K->1206829K(1864192K), 0.0459215 secs] [Times: user=0.21 sys=0.00, real=0.04 secs] 
3548.760: [GC (Allocation Failure) [PSYoungGen: 419829K->103036K(465920K)] 1439789K->1193532K(1864192K), 0.0520908 secs] [Times: user=0.28 sys=0.00, real=0.05 secs] 
3549.438: [GC (Allocation Failure) [PSYoungGen: 335996K->166932K(465920K)] 1426492K->1290728K(1864192K), 0.0691695 secs] [Times: user=0.34 sys=0.00, real=0.07 secs] 
3549.660: [GC (Allocation Failure) [PSYoungGen: 399892K->184598K(465920K)] 1523688K->1360574K(1864192K), 0.0425003 secs] [Times: user=0.19 sys=0.00, real=0.04 secs] 
3549.818: [GC (Allocation Failure) [PSYoungGen: 417558K->182742K(465920K)] 1593534K->1431123K(1864192K), 0.0512819 secs] [Times: user=0.24 sys=0.00, real=0.05 secs] 
3550.375: [GC (Allocation Failure) [PSYoungGen: 415118K->212820K(465920K)] 1663499K->1519241K(1864192K), 0.0545333 secs] [Times: user=0.27 sys=0.00, real=0.05 secs] 
3551.111: [GC (Allocation Failure) [PSYoungGen: 445780K->94971K(465920K)] 1752201K->1468992K(1864192K), 0.0514886 secs] [Times: user=0.27 sys=0.00, real=0.05 secs] 
3551.163: [Full GC (Ergonomics) [PSYoungGen: 94971K->0K(465920K)] [ParOldGen: 1374020K->112711K(1398272K)] 1468992K->112711K(1864192K), [Metaspace: 60149K->60149K(1105920K)], 0.1028896 secs] [Times: user=0.41 sys=0.01, real=0.10 secs] 
3551.524: [GC (Allocation Failure) [PSYoungGen: 232960K->181558K(465920K)] 345671K->294269K(1864192K), 0.0334586 secs] [Times: user=0.13 sys=0.00, real=0.03 secs] 
3551.703: [GC (Allocation Failure) [PSYoungGen: 414518K->181557K(465920K)] 527229K->351017K(1864192K), 0.0418505 secs] [Times: user=0.19 sys=0.00, real=0.04 secs] 
3551.857: [GC (Allocation Failure) [PSYoungGen: 414517K->183892K(465920K)] 583977K->408216K(1864192K), 0.0442779 secs] [Times: user=0.20 sys=0.00, real=0.05 secs] 
3552.916: [GC (Allocation Failure) [PSYoungGen: 416852K->103500K(465920K)] 641176K->397400K(1864192K), 0.0477684 secs] [Times: user=0.25 sys=0.00, real=0.05 secs] 
3554.782: [GC (Allocation Failure) [PSYoungGen: 336460K->163955K(465920K)] 630360K->490980K(1864192K), 0.0772240 secs] [Times: user=0.39 sys=0.00, real=0.08 secs] 
3555.020: [GC (Allocation Failure) [PSYoungGen: 396915K->184566K(465920K)] 723940K->563146K(1864192K), 0.0422038 secs] [Times: user=0.18 sys=0.00, real=0.04 secs] 
3555.213: [GC (Allocation Failure) [PSYoungGen: 417466K->182998K(465920K)] 796047K->625715K(1864192K), 0.0738076 secs] [Times: user=0.37 sys=0.00, real=0.07 secs] 
3555.421: [GC (Allocation Failure) [PSYoungGen: 415958K->186677K(465920K)] 858675K->687762K(1864192K), 0.0546447 secs] [Times: user=0.27 sys=0.00, real=0.05 secs] 
3556.541: [GC (Allocation Failure) [PSYoungGen: 419637K->89530K(465920K)] 920722K->661047K(1864192K), 0.0651732 secs] [Times: user=0.35 sys=0.00, real=0.06 secs] 
3556.861: [GC (Allocation Failure) [PSYoungGen: 322490K->178677K(465920K)] 894007K->778851K(1864192K), 0.0415741 secs] [Times: user=0.18 sys=0.00, real=0.04 secs] 
3557.017: [GC (Allocation Failure) [PSYoungGen: 411637K->181045K(465920K)] 1011811K->836643K(1864192K), 0.0433437 secs] [Times: user=0.20 sys=0.00, real=0.05 secs] 
3557.172: [GC (Allocation Failure) [PSYoungGen: 414005K->186613K(465920K)] 1069603K->897035K(1864192K), 0.0453888 secs] [Times: user=0.21 sys=0.00, real=0.04 secs] 
3558.148: [GC (GCLocker Initiated GC) [PSYoungGen: 419573K->106508K(465920K)] 1129995K->887386K(1864192K), 0.0503788 secs] [Times: user=0.25 sys=0.00, real=0.05 secs] 
3558.542: [GC (Allocation Failure) [PSYoungGen: 339468K->160627K(465920K)] 1120351K->975854K(1864192K), 0.0727108 secs] [Times: user=0.36 sys=0.00, real=0.07 secs] 
3558.749: [GC (Allocation Failure) [PSYoungGen: 393587K->181269K(465920K)] 1208814K->1047020K(1864192K), 0.0434424 secs] [Times: user=0.20 sys=0.00, real=0.04 secs] 
3558.949: [GC (Allocation Failure) [PSYoungGen: 414229K->185559K(465920K)] 1279980K->1114742K(1864192K), 0.0698760 secs] [Times: user=0.35 sys=0.00, real=0.07 secs] 
3559.152: [GC (Allocation Failure) [PSYoungGen: 418519K->186197K(465920K)] 1347702K->1174400K(1864192K), 0.0590122 secs] [Times: user=0.29 sys=0.00, real=0.06 secs] 
3561.214: [GC (Allocation Failure) [PSYoungGen: 419157K->87882K(465920K)] 1407360K->1146265K(1864192K), 0.1073640 secs] [Times: user=0.59 sys=0.01, real=0.11 secs] 
3562.003: [GC (Allocation Failure) [PSYoungGen: 320842K->178645K(465920K)] 1379225K->1265137K(1864192K), 0.0461908 secs] [Times: user=0.21 sys=0.00, real=0.05 secs] 
3562.228: [GC (Allocation Failure) [PSYoungGen: 411605K->184758K(465920K)] 1498097K->1327221K(1864192K), 0.0658135 secs] [Times: user=0.32 sys=0.01, real=0.07 secs] 
3562.470: [GC (Allocation Failure) [PSYoungGen: 417718K->186613K(465920K)] 1560181K->1385060K(1864192K), 0.0609478 secs] [Times: user=0.29 sys=0.00, real=0.06 secs] 
3563.561: [GC (Allocation Failure) [PSYoungGen: 419573K->112365K(465920K)] 1618020K->1381077K(1864192K), 0.0472507 secs] [Times: user=0.24 sys=0.00, real=0.04 secs] 
3564.469: [GC (Allocation Failure) [PSYoungGen: 345325K->148881K(465920K)] 1614037K->1454390K(1864192K), 0.1063359 secs] [Times: user=0.56 sys=0.00, real=0.11 secs] 
3564.775: [GC (Allocation Failure) [PSYoungGen: 381841K->182517K(465920K)] 1687350K->1534358K(1864192K), 0.0451116 secs] [Times: user=0.21 sys=0.00, real=0.05 secs] 
3564.820: [Full GC (Ergonomics) [PSYoungGen: 182517K->0K(465920K)] [ParOldGen: 1351840K->247083K(1398272K)] 1534358K->247083K(1864192K), [Metaspace: 60150K->60150K(1105920K)], 0.2987542 secs] [Times: user=1.36 sys=0.01, real=0.29 secs] 
3565.234: [GC (Allocation Failure) [PSYoungGen: 232960K->186039K(465920K)] 480043K->433122K(1864192K), 0.0778162 secs] [Times: user=0.40 sys=0.00, real=0.08 secs] 
3565.421: [GC (Allocation Failure) [PSYoungGen: 418999K->186773K(465920K)] 666082K->493000K(1864192K), 0.0569606 secs] [Times: user=0.28 sys=0.00, real=0.05 secs] 
3566.436: [GC (Allocation Failure) [PSYoungGen: 419733K->85626K(465920K)] 725960K->462309K(1864192K), 0.0559414 secs] [Times: user=0.29 sys=0.00, real=0.06 secs] 
3566.845: [GC (Allocation Failure) [PSYoungGen: 318586K->177557K(465920K)] 695269K->581794K(1864192K), 0.0434463 secs] [Times: user=0.19 sys=0.00, real=0.04 secs] 
3567.017: [GC (Allocation Failure) [PSYoungGen: 410517K->184822K(465920K)] 814754K->644590K(1864192K), 0.0431207 secs] [Times: user=0.19 sys=0.00, real=0.05 secs] 
3567.173: [GC (Allocation Failure) [PSYoungGen: 417782K->186645K(465920K)] 877550K->702477K(1864192K), 0.0448420 secs] [Times: user=0.20 sys=0.00, real=0.04 secs] 
3568.153: [GC (Allocation Failure) [PSYoungGen: 419605K->123951K(465920K)] 935437K->710232K(1864192K), 0.0472979 secs] [Times: user=0.24 sys=0.00, real=0.05 secs] 
3571.527: [GC (Allocation Failure) [PSYoungGen: 356911K->138640K(465920K)] 943192K->764253K(1864192K), 0.1330211 secs] [Times: user=0.72 sys=0.00, real=0.14 secs] 
3571.830: [GC (Allocation Failure) [PSYoungGen: 371600K->178997K(465920K)] 997213K->849362K(1864192K), 0.0395293 secs] [Times: user=0.18 sys=0.00, real=0.04 secs] 
3571.986: [GC (Allocation Failure) [PSYoungGen: 411957K->182646K(465920K)] 1082322K->915340K(1864192K), 0.0501674 secs] [Times: user=0.24 sys=0.00, real=0.05 secs] 
3572.195: [GC (Allocation Failure) [PSYoungGen: 415606K->186485K(465920K)] 1148300K->977354K(1864192K), 0.0781390 secs] [Times: user=0.40 sys=0.00, real=0.08 secs] 
3573.263: [GC (Allocation Failure) [PSYoungGen: 419445K->90090K(465920K)] 1210314K->951312K(1864192K), 0.0448644 secs] [Times: user=0.23 sys=0.00, real=0.04 secs] 
3573.543: [GC (Allocation Failure) [PSYoungGen: 323050K->177237K(465920K)] 1184272K->1067055K(1864192K), 0.0459248 secs] [Times: user=0.20 sys=0.00, real=0.04 secs] 
3573.757: [GC (Allocation Failure) [PSYoungGen: 410197K->185046K(465920K)] 1300015K->1130596K(1864192K), 0.0452688 secs] [Times: user=0.20 sys=0.00, real=0.05 secs] 
3573.938: [GC (Allocation Failure) [PSYoungGen: 418006K->183476K(465920K)] 1363556K->1185275K(1864192K), 0.0506673 secs] [Times: user=0.21 sys=0.00, real=0.05 secs] 
3574.954: [GC (Allocation Failure) [PSYoungGen: 416436K->138769K(465920K)] 1418235K->1209771K(1864192K), 0.0508680 secs] [Times: user=0.25 sys=0.00, real=0.05 secs] 
3575.657: [GC (Allocation Failure) [PSYoungGen: 371729K->131951K(465920K)] 1442731K->1247030K(1864192K), 0.1565112 secs] [Times: user=0.88 sys=0.00, real=0.16 secs] 
3575.966: [GC (Allocation Failure) [PSYoungGen: 364911K->175796K(465920K)] 1479990K->1333492K(1864192K), 0.0384414 secs] [Times: user=0.17 sys=0.00, real=0.04 secs] 
3576.125: [GC (Allocation Failure) [PSYoungGen: 408756K->185463K(465920K)] 1566452K->1404662K(1864192K), 0.0510235 secs] [Times: user=0.23 sys=0.00, real=0.05 secs] 
3576.316: [GC (Allocation Failure) [PSYoungGen: 418423K->186773K(465920K)] 1637622K->1464892K(1864192K), 0.0737586 secs] [Times: user=0.38 sys=0.00, real=0.08 secs] 
3577.634: [GC (Allocation Failure) [PSYoungGen: 419733K->93547K(465920K)] 1697852K->1442178K(1864192K), 0.0849323 secs] [Times: user=0.46 sys=0.00, real=0.08 secs] 
3577.719: [Full GC (Ergonomics) [PSYoungGen: 93547K->0K(465920K)] [ParOldGen: 1348631K->95751K(1398272K)] 1442178K->95751K(1864192K), [Metaspace: 60150K->60150K(1105920K)], 0.0917673 secs] [Times: user=0.36 sys=0.01, real=0.10 secs] 
3578.940: [GC (Allocation Failure) [PSYoungGen: 232960K->174005K(465920K)] 328711K->269756K(1864192K), 0.0333708 secs] [Times: user=0.13 sys=0.00, real=0.03 secs] 
3579.116: [GC (Allocation Failure) [PSYoungGen: 406965K->181589K(465920K)] 502716K->331589K(1864192K), 0.0407920 secs] [Times: user=0.18 sys=0.00, real=0.04 secs] 
3579.270: [GC (Allocation Failure) [PSYoungGen: 414549K->187189K(465920K)] 564549K->392477K(1864192K), 0.0443239 secs] [Times: user=0.21 sys=0.00, real=0.04 secs] 
3580.305: [GC (Allocation Failure) [PSYoungGen: 420149K->145810K(465920K)] 625437K->421706K(1864192K), 0.0495586 secs] [Times: user=0.25 sys=0.00, real=0.05 secs] 
3580.663: [GC (Allocation Failure) [PSYoungGen: 378770K->128463K(465920K)] 654666K->450671K(1864192K), 0.0980327 secs] [Times: user=0.54 sys=0.00, real=0.10 secs] 
3580.899: [GC (Allocation Failure) [PSYoungGen: 361423K->178709K(465920K)] 683631K->542282K(1864192K), 0.0435166 secs] [Times: user=0.19 sys=0.00, real=0.05 secs] 
3581.053: [GC (Allocation Failure) [PSYoungGen: 411669K->173877K(465920K)] 775242K->599662K(1864192K), 0.0485087 secs] [Times: user=0.22 sys=0.01, real=0.05 secs] 
3581.224: [GC (Allocation Failure) [PSYoungGen: 406837K->185813K(465920K)] 832622K->666934K(1864192K), 0.0600823 secs] [Times: user=0.28 sys=0.01, real=0.06 secs] 
3582.224: [GC (Allocation Failure) [PSYoungGen: 418773K->99916K(465920K)] 899894K->651069K(1864192K), 0.0473807 secs] [Times: user=0.25 sys=0.00, real=0.05 secs] 
3582.495: [GC (Allocation Failure) [PSYoungGen: 332876K->174421K(465920K)] 884029K->757883K(1864192K), 0.0497183 secs] [Times: user=0.23 sys=0.00, real=0.05 secs] 
3582.720: [GC (Allocation Failure) [PSYoungGen: 407381K->181813K(465920K)] 990843K->819907K(1864192K), 0.0518402 secs] [Times: user=0.25 sys=0.00, real=0.05 secs] 
3582.886: [GC (Allocation Failure) [PSYoungGen: 414773K->232852K(465920K)] 1052867K->930819K(1864192K), 0.0482211 secs] [Times: user=0.23 sys=0.00, real=0.05 secs] 
3583.828: [GC (Allocation Failure) [PSYoungGen: 465812K->152306K(465920K)] 1163779K->921345K(1864192K), 0.0514906 secs] [Times: user=0.26 sys=0.00, real=0.06 secs] 
3585.247: [GC (Allocation Failure) [PSYoungGen: 385266K->115693K(465920K)] 1154305K->932932K(1864192K), 0.1543851 secs] [Times: user=0.87 sys=0.00, real=0.16 secs] 
3585.614: [GC (Allocation Failure) [PSYoungGen: 348653K->176437K(465920K)] 1165892K->1030788K(1864192K), 0.0370445 secs] [Times: user=0.16 sys=0.00, real=0.04 secs] 
3585.815: [GC (Allocation Failure) [PSYoungGen: 409397K->185335K(465920K)] 1263748K->1101654K(1864192K), 0.0775158 secs] [Times: user=0.38 sys=0.00, real=0.08 secs] 
3586.023: [GC (Allocation Failure) [PSYoungGen: 418295K->186517K(465920K)] 1334614K->1161621K(1864192K), 0.0556036 secs] [Times: user=0.27 sys=0.00, real=0.05 secs] 
3587.114: [GC (Allocation Failure) [PSYoungGen: 419477K->93131K(465920K)] 1394581K->1138779K(1864192K), 0.0489369 secs] [Times: user=0.26 sys=0.00, real=0.05 secs] 
3587.617: [GC (Allocation Failure) [PSYoungGen: 326091K->173173K(465920K)] 1371739K->1249329K(1864192K), 0.0605630 secs] [Times: user=0.28 sys=0.00, real=0.06 secs] 
3587.826: [GC (Allocation Failure) [PSYoungGen: 406133K->184182K(465920K)] 1482289K->1313946K(1864192K), 0.0442962 secs] [Times: user=0.20 sys=0.00, real=0.05 secs] 
3587.983: [GC (Allocation Failure) [PSYoungGen: 409502K->178006K(465920K)] 1539266K->1371855K(1864192K), 0.0498992 secs] [Times: user=0.23 sys=0.00, real=0.05 secs] 
3588.887: [GC (Allocation Failure) [PSYoungGen: 410966K->167442K(465920K)] 1604815K->1417843K(1864192K), 0.0584666 secs] [Times: user=0.30 sys=0.00, real=0.06 secs] 
3589.190: [GC (GCLocker Initiated GC) [PSYoungGen: 400402K->104044K(465920K)] 1650804K->1418614K(1864192K), 0.0415946 secs] [Times: user=0.21 sys=0.00, real=0.04 secs] 
3589.231: [Full GC (Ergonomics) [PSYoungGen: 104044K->0K(465920K)] [ParOldGen: 1314569K->122368K(1398272K)] 1418614K->122368K(1864192K), [Metaspace: 60150K->60150K(1105920K)], 0.1116619 secs] [Times: user=0.46 sys=0.00, real=0.11 secs] 
3589.514: [GC (Allocation Failure) [PSYoungGen: 232960K->174773K(465920K)] 363687K->305500K(1864192K), 0.0798639 secs] [Times: user=0.41 sys=0.00, real=0.08 secs] 
3589.712: [GC (Allocation Failure) [PSYoungGen: 407733K->182966K(465920K)] 538460K->369822K(1864192K), 0.1621830 secs] [Times: user=0.91 sys=0.00, real=0.16 secs] 
3589.985: [GC (Allocation Failure) [PSYoungGen: 415926K->202677K(465920K)] 602782K->447700K(1864192K), 0.0572930 secs] [Times: user=0.28 sys=0.00, real=0.06 secs] 
3591.176: [GC (Allocation Failure) [PSYoungGen: 435637K->95179K(465920K)] 680660K->410534K(1864192K), 0.0799895 secs] [Times: user=0.44 sys=0.00, real=0.08 secs] 
3592.781: [GC (Allocation Failure) [PSYoungGen: 328139K->165620K(465920K)] 643494K->511456K(1864192K), 0.0673837 secs] [Times: user=0.32 sys=0.00, real=0.06 secs] 
3593.023: [GC (Allocation Failure) [PSYoungGen: 398580K->184726K(465920K)] 744416K->582538K(1864192K), 0.0431880 secs] [Times: user=0.19 sys=0.00, real=0.04 secs] 
3593.249: [GC (GCLocker Initiated GC) [PSYoungGen: 417686K->185687K(465920K)] 815498K->647779K(1864192K), 0.0736179 secs] [Times: user=0.36 sys=0.00, real=0.08 secs] 
3594.176: [GC (Allocation Failure) [PSYoungGen: 418647K->175187K(465920K)] 885979K->701528K(1864192K), 0.0663133 secs] [Times: user=0.34 sys=0.00, real=0.07 secs] 
3594.990: [GC (Allocation Failure) [PSYoungGen: 408147K->99179K(465920K)] 934488K->692176K(1864192K), 0.1259313 secs] [Times: user=0.69 sys=0.00, real=0.12 secs] 
3595.379: [GC (Allocation Failure) [PSYoungGen: 332139K->178837K(465920K)] 925136K->803803K(1864192K), 0.0448229 secs] [Times: user=0.19 sys=0.00, real=0.05 secs] 
3595.546: [GC (Allocation Failure) [PSYoungGen: 411725K->184822K(465920K)] 1036691K->865327K(1864192K), 0.0442785 secs] [Times: user=0.20 sys=0.00, real=0.05 secs] 
3595.700: [GC (Allocation Failure) [PSYoungGen: 417782K->186869K(465920K)] 1098287K->923343K(1864192K), 0.0465048 secs] [Times: user=0.22 sys=0.00, real=0.04 secs] 
3596.673: [GC (Allocation Failure) [PSYoungGen: 419829K->100284K(465920K)] 1156303K->907197K(1864192K), 0.0491839 secs] [Times: user=0.26 sys=0.00, real=0.05 secs] 
3596.935: [GC (GCLocker Initiated GC) [PSYoungGen: 333244K->166452K(465920K)] 1140158K->1006035K(1864192K), 0.0666172 secs] [Times: user=0.31 sys=0.00, real=0.07 secs] 
3597.158: [GC (Allocation Failure) [PSYoungGen: 399412K->181141K(465920K)] 1239289K->1073343K(1864192K), 0.0431874 secs] [Times: user=0.19 sys=0.01, real=0.05 secs] 
3597.321: [GC (Allocation Failure) [PSYoungGen: 414101K->185527K(465920K)] 1306303K->1140705K(1864192K), 0.0510576 secs] [Times: user=0.24 sys=0.00, real=0.05 secs] 
3597.832: [GC (Allocation Failure) [PSYoungGen: 417024K->216948K(465920K)] 1372202K->1231110K(1864192K), 0.0552123 secs] [Times: user=0.27 sys=0.00, real=0.05 secs] 
3599.271: [GC (GCLocker Initiated GC) [PSYoungGen: 449908K->87754K(465920K)] 1464071K->1170797K(1864192K), 0.1156717 secs] [Times: user=0.64 sys=0.00, real=0.11 secs] 
3599.980: [GC (Allocation Failure) [PSYoungGen: 320714K->177493K(465920K)] 1403759K->1289047K(1864192K), 0.0449421 secs] [Times: user=0.19 sys=0.00, real=0.04 secs] 
3600.150: [GC (Allocation Failure) [PSYoungGen: 410453K->184822K(465920K)] 1522007K->1351943K(1864192K), 0.0447342 secs] [Times: user=0.21 sys=0.00, real=0.04 secs] 
3600.308: [GC (Allocation Failure) [PSYoungGen: 417782K->186933K(465920K)] 1584903K->1409967K(1864192K), 0.0472030 secs] [Times: user=0.22 sys=0.00, real=0.05 secs] 
3601.358: [GC (Allocation Failure) [PSYoungGen: 419893K->103164K(465920K)] 1642927K->1396782K(1864192K), 0.0472265 secs] [Times: user=0.25 sys=0.01, real=0.05 secs] 
3602.570: [GC (Allocation Failure) [PSYoungGen: 336124K->160851K(465920K)] 1629742K->1487522K(1864192K), 0.1011907 secs] [Times: user=0.53 sys=0.00, real=0.10 secs] 
3602.671: [Full GC (Ergonomics) [PSYoungGen: 160851K->0K(465920K)] [ParOldGen: 1326670K->181592K(1398272K)] 1487522K->181592K(1864192K), [Metaspace: 60286K->60286K(1105920K)], 0.2086021 secs] [Times: user=0.98 sys=0.00, real=0.21 secs] 
3602.993: [GC (Allocation Failure) [PSYoungGen: 232960K->184918K(465920K)] 414552K->366510K(1864192K), 0.0327908 secs] [Times: user=0.13 sys=0.00, real=0.03 secs] 
3603.152: [GC (Allocation Failure) [PSYoungGen: 417878K->182262K(465920K)] 599470K->428319K(1864192K), 0.0436171 secs] [Times: user=0.19 sys=0.00, real=0.04 secs] 
3603.321: [GC (Allocation Failure) [PSYoungGen: 415222K->182228K(465920K)] 661279K->486060K(1864192K), 0.0538945 secs] [Times: user=0.27 sys=0.00, real=0.05 secs] 
3604.307: [GC (Allocation Failure) [PSYoungGen: 415188K->89402K(465920K)] 719020K->461930K(1864192K), 0.0509013 secs] [Times: user=0.26 sys=0.00, real=0.05 secs] 
3604.598: [GC (GCLocker Initiated GC) [PSYoungGen: 322362K->180277K(465920K)] 694891K->581282K(1864192K), 0.0512436 secs] [Times: user=0.22 sys=0.00, real=0.05 secs] 
3604.853: [GC (Allocation Failure) [PSYoungGen: 413237K->185110K(465920K)] 814373K->643189K(1864192K), 0.0616801 secs] [Times: user=0.29 sys=0.00, real=0.06 secs] 
3605.046: [GC (Allocation Failure) [PSYoungGen: 418070K->183636K(465920K)] 876149K->697900K(1864192K), 0.0461624 secs] [Times: user=0.21 sys=0.00, real=0.05 secs] 
3606.061: [GC (Allocation Failure) [PSYoungGen: 416596K->114446K(465920K)] 930860K->698061K(1864192K), 0.0461633 secs] [Times: user=0.24 sys=0.00, real=0.04 secs] 
3607.441: [GC (Allocation Failure) [PSYoungGen: 347406K->150001K(465920K)] 931021K->769870K(1864192K), 0.1095495 secs] [Times: user=0.59 sys=0.00, real=0.11 secs] 
3607.717: [GC (Allocation Failure) [PSYoungGen: 382961K->184182K(465920K)] 1002830K->851250K(1864192K), 0.0410657 secs] [Times: user=0.18 sys=0.00, real=0.04 secs] 
3607.920: [GC (Allocation Failure) [PSYoungGen: 417142K->185655K(465920K)] 1084210K->916827K(1864192K), 0.0746786 secs] [Times: user=0.37 sys=0.00, real=0.07 secs] 
3608.122: [GC (Allocation Failure) [PSYoungGen: 418615K->183508K(465920K)] 1149787K->973665K(1864192K), 0.0565075 secs] [Times: user=0.28 sys=0.00, real=0.05 secs] 
3609.492: [GC (Allocation Failure) [PSYoungGen: 416468K->92779K(465920K)] 1206625K->952431K(1864192K), 0.1191230 secs] [Times: user=0.65 sys=0.01, real=0.12 secs] 
3610.037: [GC (Allocation Failure) [PSYoungGen: 325739K->175189K(465920K)] 1185391K->1064786K(1864192K), 0.0333340 secs] [Times: user=0.14 sys=0.01, real=0.04 secs] 
3610.226: [GC (Allocation Failure) [PSYoungGen: 408149K->180821K(465920K)] 1297746K->1124911K(1864192K), 0.0679260 secs] [Times: user=0.32 sys=0.01, real=0.07 secs] 
3610.495: [GC (Allocation Failure) [PSYoungGen: 413781K->203189K(465920K)] 1357871K->1201927K(1864192K), 0.0553162 secs] [Times: user=0.27 sys=0.00, real=0.06 secs] 
3611.521: [GC (Allocation Failure) [PSYoungGen: 436149K->124239K(465920K)] 1434887K->1193393K(1864192K), 0.0490452 secs] [Times: user=0.25 sys=0.01, real=0.05 secs] 
3611.800: [GC (Allocation Failure) [PSYoungGen: 357199K->146801K(465920K)] 1426353K->1255467K(1864192K), 0.0723565 secs] [Times: user=0.38 sys=0.00, real=0.07 secs] 
3612.005: [GC (Allocation Failure) [PSYoungGen: 379761K->178389K(465920K)] 1488427K->1333699K(1864192K), 0.0403562 secs] [Times: user=0.18 sys=0.00, real=0.04 secs] 
3612.164: [GC (Allocation Failure) [PSYoungGen: 411349K->185527K(465920K)] 1566659K->1403645K(1864192K), 0.0502936 secs] [Times: user=0.24 sys=0.00, real=0.05 secs] 
3612.328: [GC (Allocation Failure) [PSYoungGen: 418487K->186229K(465920K)] 1636605K->1463411K(1864192K), 0.0578373 secs] [Times: user=0.28 sys=0.01, real=0.06 secs] 
3613.917: [GC (Allocation Failure) [PSYoungGen: 419189K->89930K(465920K)] 1696371K->1437393K(1864192K), 0.1206061 secs] [Times: user=0.67 sys=0.00, real=0.12 secs] 
3614.037: [Full GC (Ergonomics) [PSYoungGen: 89930K->0K(465920K)] [ParOldGen: 1347462K->96639K(1398272K)] 1437393K->96639K(1864192K), [Metaspace: 60287K->60287K(1105920K)], 0.1259449 secs] [Times: user=0.51 sys=0.00, real=0.13 secs] 
3615.298: [GC (Allocation Failure) [PSYoungGen: 232960K->174709K(465920K)] 329599K->271348K(1864192K), 0.0312746 secs] [Times: user=0.11 sys=0.00, real=0.03 secs] 
3615.460: [GC (Allocation Failure) [PSYoungGen: 407669K->184790K(465920K)] 504308K->336025K(1864192K), 0.0422256 secs] [Times: user=0.19 sys=0.00, real=0.04 secs] 
3615.617: [GC (Allocation Failure) [PSYoungGen: 417750K->187061K(465920K)] 568985K->394352K(1864192K), 0.0451387 secs] [Times: user=0.21 sys=0.00, real=0.05 secs] 
3616.602: [GC (Allocation Failure) [PSYoungGen: 420021K->131248K(465920K)] 627312K->409115K(1864192K), 0.0480265 secs] [Times: user=0.24 sys=0.00, real=0.05 secs] 
3617.983: [GC (Allocation Failure) [PSYoungGen: 364208K->139008K(465920K)] 642075K->458692K(1864192K), 0.1328186 secs] [Times: user=0.73 sys=0.00, real=0.13 secs] 
3618.274: [GC (Allocation Failure) [PSYoungGen: 371968K->173396K(465920K)] 691652K->537865K(1864192K), 0.0383468 secs] [Times: user=0.17 sys=0.00, real=0.04 secs] 
3618.478: [GC (GCLocker Initiated GC) [PSYoungGen: 406356K->183894K(465920K)] 770825K->608636K(1864192K), 0.0763044 secs] [Times: user=0.37 sys=0.01, real=0.08 secs] 
3618.684: [GC (Allocation Failure) [PSYoungGen: 416854K->186773K(465920K)] 841763K->670233K(1864192K), 0.0574188 secs] [Times: user=0.28 sys=0.00, real=0.06 secs] 
3619.726: [GC (Allocation Failure) [PSYoungGen: 419733K->93867K(465920K)] 903193K->647679K(1864192K), 0.0445494 secs] [Times: user=0.23 sys=0.00, real=0.05 secs] 
3619.941: [GC (Allocation Failure) [PSYoungGen: 326827K->171860K(465920K)] 880639K->756481K(1864192K), 0.0341086 secs] [Times: user=0.13 sys=0.01, real=0.03 secs] 
3620.090: [GC (Allocation Failure) [PSYoungGen: 404820K->181077K(465920K)] 989441K->819594K(1864192K), 0.0429458 secs] [Times: user=0.19 sys=0.00, real=0.04 secs] 
3620.246: [GC (Allocation Failure) [PSYoungGen: 414037K->186837K(465920K)] 1052554K->880590K(1864192K), 0.0448715 secs] [Times: user=0.21 sys=0.00, real=0.05 secs] 
3621.190: [GC (Allocation Failure) [PSYoungGen: 419797K->146450K(465920K)] 1113550K->910479K(1864192K), 0.0502371 secs] [Times: user=0.25 sys=0.00, real=0.05 secs] 
3622.048: [GC (Allocation Failure) [PSYoungGen: 379410K->128863K(465920K)] 1143439K->939464K(1864192K), 0.1083416 secs] [Times: user=0.59 sys=0.00, real=0.11 secs] 
3622.282: [GC (Allocation Failure) [PSYoungGen: 361823K->172724K(406016K)] 1172424K->1024646K(1804288K), 0.0375472 secs] [Times: user=0.16 sys=0.01, real=0.04 secs] 
3622.439: [GC (Allocation Failure) [PSYoungGen: 405684K->185623K(464896K)] 1257606K->1098521K(1863168K), 0.0491940 secs] [Times: user=0.23 sys=0.00, real=0.04 secs] 
3622.603: [GC (Allocation Failure) [PSYoungGen: 418071K->186517K(465408K)] 1330969K->1158495K(1863680K), 0.0587397 secs] [Times: user=0.30 sys=0.01, real=0.06 secs] 
3624.809: [GC (Allocation Failure) [PSYoungGen: 418965K->94571K(465920K)] 1390943K->1136997K(1864192K), 0.1196084 secs] [Times: user=0.65 sys=0.01, real=0.12 secs] 
3626.019: [GC (Allocation Failure) [PSYoungGen: 327531K->169684K(465920K)] 1369957K->1242363K(1864192K), 0.0542755 secs] [Times: user=0.24 sys=0.00, real=0.06 secs] 
3626.244: [GC (Allocation Failure) [PSYoungGen: 402644K->184118K(465920K)] 1475323K->1309913K(1864192K), 0.0431457 secs] [Times: user=0.19 sys=0.00, real=0.04 secs] 
3626.417: [GC (Allocation Failure) [PSYoungGen: 404716K->172949K(465920K)] 1530511K->1362648K(1864192K), 0.0490116 secs] [Times: user=0.23 sys=0.00, real=0.05 secs] 
3627.319: [GC (Allocation Failure) [PSYoungGen: 405909K->168114K(458752K)] 1595608K->1412782K(1857024K), 0.0564575 secs] [Times: user=0.28 sys=0.00, real=0.05 secs] 
3627.646: [GC (Allocation Failure) [PSYoungGen: 401074K->108652K(462336K)] 1645742K->1417784K(1860608K), 0.0422776 secs] [Times: user=0.21 sys=0.00, real=0.04 secs] 
3627.895: [GC (Allocation Failure) [PSYoungGen: 336911K->175381K(467456K)] 1646042K->1519033K(1865728K), 0.0496573 secs] [Times: user=0.22 sys=0.00, real=0.05 secs] 
3627.945: [Full GC (Ergonomics) [PSYoungGen: 175381K->0K(467456K)] [ParOldGen: 1343652K->227206K(1398272K)] 1519033K->227206K(1865728K), [Metaspace: 60289K->60289K(1105920K)], 0.2815793 secs] [Times: user=1.31 sys=0.00, real=0.28 secs] 
3628.338: [GC (GCLocker Initiated GC) [PSYoungGen: 235008K->178741K(466432K)] 462214K->405947K(1864704K), 0.0257175 secs] [Times: user=0.09 sys=0.00, real=0.03 secs] 
3628.477: [GC (Allocation Failure) [PSYoungGen: 413749K->188469K(464384K)] 640994K->470314K(1862656K), 0.0448045 secs] [Times: user=0.21 sys=0.00, real=0.05 secs] 
3629.524: [GC (Allocation Failure) [PSYoungGen: 421429K->99532K(465920K)] 703274K->452493K(1864192K), 0.0496729 secs] [Times: user=0.26 sys=0.00, real=0.05 secs] 
3630.072: [GC (Allocation Failure) [PSYoungGen: 332492K->168500K(465920K)] 685453K->553734K(1864192K), 0.0611784 secs] [Times: user=0.29 sys=0.00, real=0.06 secs] 
3630.278: [GC (Allocation Failure) [PSYoungGen: 401460K->184342K(465920K)] 786694K->622495K(1864192K), 0.0419253 secs] [Times: user=0.18 sys=0.00, real=0.05 secs] 
3630.501: [GC (Allocation Failure) [PSYoungGen: 417302K->185911K(465920K)] 855455K->688197K(1864192K), 0.0741440 secs] [Times: user=0.37 sys=0.00, real=0.07 secs] 
3631.222: [GC (Allocation Failure) [PSYoungGen: 417027K->212980K(465920K)] 919313K->774306K(1864192K), 0.0534414 secs] [Times: user=0.27 sys=0.00, real=0.05 secs] 
3633.106: [GC (Allocation Failure) [PSYoungGen: 445940K->86282K(465920K)] 1007266K->715240K(1864192K), 0.1061715 secs] [Times: user=0.59 sys=0.00, real=0.11 secs] 
3633.762: [GC (Allocation Failure) [PSYoungGen: 319242K->182070K(465920K)] 948200K->839196K(1864192K), 0.0414193 secs] [Times: user=0.18 sys=0.00, real=0.04 secs] 
3633.919: [GC (Allocation Failure) [PSYoungGen: 415030K->184534K(465920K)] 1072156K->898084K(1864192K), 0.0437449 secs] [Times: user=0.20 sys=0.00, real=0.05 secs] 
3634.099: [GC (Allocation Failure) [PSYoungGen: 417494K->183636K(465920K)] 1131044K->953219K(1864192K), 0.0609753 secs] [Times: user=0.29 sys=0.00, real=0.07 secs] 
3635.138: [GC (Allocation Failure) [PSYoungGen: 416596K->101340K(465920K)] 1186179K->940203K(1864192K), 0.0448355 secs] [Times: user=0.23 sys=0.00, real=0.05 secs] 
3635.306: [GC (Allocation Failure) [PSYoungGen: 334300K->164596K(465920K)] 1173163K->1037035K(1864192K), 0.0456425 secs] [Times: user=0.21 sys=0.00, real=0.05 secs] 
3635.484: [GC (Allocation Failure) [PSYoungGen: 397556K->183701K(465920K)] 1269995K->1107349K(1864192K), 0.0439147 secs] [Times: user=0.18 sys=0.00, real=0.04 secs] 
3635.675: [GC (Allocation Failure) [PSYoungGen: 416661K->186199K(465920K)] 1340309K->1174187K(1864192K), 0.0606735 secs] [Times: user=0.29 sys=0.00, real=0.06 secs] 
3635.857: [GC (Allocation Failure) [PSYoungGen: 419159K->186549K(465920K)] 1407147K->1233449K(1864192K), 0.0567298 secs] [Times: user=0.28 sys=0.00, real=0.06 secs] 
3637.403: [GC (Allocation Failure) [PSYoungGen: 419509K->81273K(465920K)] 1466409K->1198665K(1864192K), 0.0886346 secs] [Times: user=0.48 sys=0.00, real=0.09 secs] 
3637.752: [GC (Allocation Failure) [PSYoungGen: 314233K->179957K(465920K)] 1431625K->1323498K(1864192K), 0.0345877 secs] [Times: user=0.15 sys=0.00, real=0.03 secs] 
3637.904: [GC (Allocation Failure) [PSYoungGen: 412847K->184566K(465920K)] 1556388K->1384342K(1864192K), 0.0460855 secs] [Times: user=0.22 sys=0.00, real=0.05 secs] 
3638.064: [GC (GCLocker Initiated GC) [PSYoungGen: 417526K->186645K(465920K)] 1617302K->1442302K(1864192K), 0.0484886 secs] [Times: user=0.22 sys=0.00, real=0.05 secs] 
3639.102: [GC (Allocation Failure) [PSYoungGen: 419605K->109853K(465920K)] 1675265K->1436041K(1864192K), 0.0491219 secs] [Times: user=0.26 sys=0.00, real=0.05 secs] 
3639.151: [Full GC (Ergonomics) [PSYoungGen: 109853K->0K(465920K)] [ParOldGen: 1326187K->95235K(1398272K)] 1436041K->95235K(1864192K), [Metaspace: 60291K->60291K(1105920K)], 0.0360640 secs] [Times: user=0.10 sys=0.00, real=0.03 secs] 
3640.525: [GC (Allocation Failure) [PSYoungGen: 232960K->161267K(465920K)] 328195K->256502K(1864192K), 0.0449218 secs] [Times: user=0.18 sys=0.00, real=0.05 secs] 
3640.777: [GC (Allocation Failure) [PSYoungGen: 394227K->181461K(465920K)] 489462K->325885K(1864192K), 0.0399952 secs] [Times: user=0.17 sys=0.00, real=0.04 secs] 
3640.937: [GC (Allocation Failure) [PSYoungGen: 414421K->185655K(465920K)] 558845K->393415K(1864192K), 0.0486266 secs] [Times: user=0.23 sys=0.00, real=0.05 secs] 
3641.171: [GC (Allocation Failure) [PSYoungGen: 418615K->182612K(465920K)] 626375K->449428K(1864192K), 0.0712028 secs] [Times: user=0.37 sys=0.00, real=0.07 secs] 
3642.281: [GC (Allocation Failure) [PSYoungGen: 415572K->93259K(465920K)] 682388K->429131K(1864192K), 0.0604330 secs] [Times: user=0.31 sys=0.00, real=0.06 secs] 
3642.609: [GC (Allocation Failure) [PSYoungGen: 326219K->173717K(465920K)] 662091K->539674K(1864192K), 0.0420068 secs] [Times: user=0.18 sys=0.00, real=0.04 secs] 
3642.774: [GC (Allocation Failure) [PSYoungGen: 406677K->184246K(465920K)] 772634K->604787K(1864192K), 0.0429917 secs] [Times: user=0.19 sys=0.00, real=0.04 secs] 
3642.957: [GC (Allocation Failure) [PSYoungGen: 417206K->186613K(465920K)] 837747K->662786K(1864192K), 0.0544734 secs] [Times: user=0.27 sys=0.00, real=0.06 secs] 
3643.996: [GC (Allocation Failure) [PSYoungGen: 419573K->117550K(465920K)] 895746K->664131K(1864192K), 0.0469463 secs] [Times: user=0.24 sys=0.00, real=0.05 secs] 
3645.375: [GC (Allocation Failure) [PSYoungGen: 350510K->144705K(465920K)] 897091K->728394K(1864192K), 0.1351247 secs] [Times: user=0.73 sys=0.00, real=0.14 secs] 
3645.685: [GC (Allocation Failure) [PSYoungGen: 377665K->180597K(465920K)] 961354K->809819K(1864192K), 0.0444215 secs] [Times: user=0.17 sys=0.00, real=0.05 secs] 
3645.864: [GC (Allocation Failure) [PSYoungGen: 413557K->185655K(465920K)] 1042779K->878301K(1864192K), 0.0638524 secs] [Times: user=0.31 sys=0.01, real=0.06 secs] 
3646.084: [GC (Allocation Failure) [PSYoungGen: 418615K->186901K(465920K)] 1111261K->938411K(1864192K), 0.0745242 secs] [Times: user=0.38 sys=0.00, real=0.07 secs] 
3647.897: [GC (Allocation Failure) [PSYoungGen: 419861K->88842K(465920K)] 1171371K->910960K(1864192K), 0.1156854 secs] [Times: user=0.64 sys=0.00, real=0.12 secs] 
3648.647: [GC (Allocation Failure) [PSYoungGen: 321802K->174645K(465920K)] 1143920K->1025756K(1864192K), 0.0437311 secs] [Times: user=0.18 sys=0.01, real=0.05 secs] 
3648.818: [GC (Allocation Failure) [PSYoungGen: 407605K->184117K(465920K)] 1258716K->1089545K(1864192K), 0.0455323 secs] [Times: user=0.21 sys=0.00, real=0.05 secs] 
3648.974: [GC (Allocation Failure) [PSYoungGen: 417077K->187381K(465920K)] 1322505K->1148824K(1864192K), 0.0483401 secs] [Times: user=0.23 sys=0.01, real=0.05 secs] 
3650.208: [GC (Allocation Failure) [PSYoungGen: 420341K->131600K(465920K)] 1381784K->1163539K(1864192K), 0.0519338 secs] [Times: user=0.26 sys=0.00, real=0.06 secs] 
3650.466: [GC (Allocation Failure) [PSYoungGen: 364560K->139840K(465920K)] 1396499K->1213712K(1864192K), 0.0807382 secs] [Times: user=0.42 sys=0.01, real=0.08 secs] 
3650.669: [GC (Allocation Failure) [PSYoungGen: 372800K->186165K(465920K)] 1446672K->1304341K(1864192K), 0.0396469 secs] [Times: user=0.18 sys=0.00, real=0.04 secs] 
3650.826: [GC (Allocation Failure) [PSYoungGen: 419125K->182774K(465920K)] 1537301K->1363707K(1864192K), 0.0516422 secs] [Times: user=0.24 sys=0.01, real=0.05 secs] 
3650.990: [GC (Allocation Failure) [PSYoungGen: 415734K->186517K(465920K)] 1596667K->1425465K(1864192K), 0.0592407 secs] [Times: user=0.29 sys=0.01, real=0.05 secs] 
3652.133: [GC (Allocation Failure) [PSYoungGen: 419477K->91562K(465920K)] 1658425K->1400955K(1864192K), 0.0723200 secs] [Times: user=0.40 sys=0.00, real=0.07 secs] 
3652.862: [GC (Allocation Failure) [PSYoungGen: 324522K->174517K(465920K)] 1633915K->1513446K(1864192K), 0.0476253 secs] [Times: user=0.20 sys=0.00, real=0.04 secs] 
3652.909: [Full GC (Ergonomics) [PSYoungGen: 174517K->0K(465920K)] [ParOldGen: 1338929K->208225K(1398272K)] 1513446K->208225K(1864192K), [Metaspace: 60296K->60296K(1105920K)], 0.2355244 secs] [Times: user=1.09 sys=0.00, real=0.24 secs] 
3653.266: [GC (Allocation Failure) [PSYoungGen: 232960K->183541K(465920K)] 441185K->391767K(1864192K), 0.0272643 secs] [Times: user=0.10 sys=0.00, real=0.03 secs] 
3653.438: [GC (Allocation Failure) [PSYoungGen: 416501K->187317K(465920K)] 624727K->451286K(1864192K), 0.0442294 secs] [Times: user=0.20 sys=0.00, real=0.05 secs] 
3654.937: [GC (Allocation Failure) [PSYoungGen: 420277K->139665K(465920K)] 684246K->474418K(1864192K), 0.0489249 secs] [Times: user=0.24 sys=0.00, real=0.05 secs] 
3656.146: [GC (Allocation Failure) [PSYoungGen: 372625K->125551K(465920K)] 707378K->504320K(1864192K), 0.1369001 secs] [Times: user=0.72 sys=0.00, real=0.14 secs] 
3656.456: [GC (Allocation Failure) [PSYoungGen: 358511K->177941K(465920K)] 737280K->597723K(1864192K), 0.0376660 secs] [Times: user=0.16 sys=0.00, real=0.04 secs] 
3656.651: [GC (Allocation Failure) [PSYoungGen: 410811K->184087K(465920K)] 830593K->666077K(1864192K), 0.0737294 secs] [Times: user=0.36 sys=0.00, real=0.07 secs] 
3656.858: [GC (Allocation Failure) [PSYoungGen: 417047K->186389K(465920K)] 899037K->726787K(1864192K), 0.0569388 secs] [Times: user=0.28 sys=0.00, real=0.06 secs] 
3657.828: [GC (Allocation Failure) [PSYoungGen: 419349K->93707K(465920K)] 959747K->704401K(1864192K), 0.0477832 secs] [Times: user=0.25 sys=0.01, real=0.05 secs] 
3658.124: [GC (Allocation Failure) [PSYoungGen: 326667K->175573K(465920K)] 937361K->816220K(1864192K), 0.0417701 secs] [Times: user=0.18 sys=0.00, real=0.04 secs] 
3658.289: [GC (Allocation Failure) [PSYoungGen: 408533K->184630K(465920K)] 1049180K->880505K(1864192K), 0.0434918 secs] [Times: user=0.19 sys=0.00, real=0.05 secs] 
3658.442: [GC (Allocation Failure) [PSYoungGen: 417590K->187285K(465920K)] 1113465K->939264K(1864192K), 0.0463740 secs] [Times: user=0.21 sys=0.00, real=0.04 secs] 
3659.406: [GC (Allocation Failure) [PSYoungGen: 420245K->147218K(465920K)] 1172224K->969878K(1864192K), 0.0506447 secs] [Times: user=0.25 sys=0.00, real=0.05 secs] 
3659.967: [GC (Allocation Failure) [PSYoungGen: 380178K->119822K(465920K)] 1202838K->989121K(1864192K), 0.1551904 secs] [Times: user=0.87 sys=0.00, real=0.16 secs] 
3660.387: [GC (Allocation Failure) [PSYoungGen: 352782K->178197K(465920K)] 1222081K->1086081K(1864192K), 0.0380076 secs] [Times: user=0.17 sys=0.00, real=0.04 secs] 
3660.545: [GC (Allocation Failure) [PSYoungGen: 411157K->185431K(465920K)] 1319041K->1155663K(1864192K), 0.0494811 secs] [Times: user=0.23 sys=0.01, real=0.05 secs] 
3660.708: [GC (Allocation Failure) [PSYoungGen: 418391K->186549K(465920K)] 1388623K->1215565K(1864192K), 0.0581850 secs] [Times: user=0.28 sys=0.00, real=0.06 secs] 
3662.379: [GC (Allocation Failure) [PSYoungGen: 419509K->91370K(465920K)] 1448525K->1190887K(1864192K), 0.1302080 secs] [Times: user=0.73 sys=0.00, real=0.13 secs] 
3663.760: [GC (Allocation Failure) [PSYoungGen: 324313K->170708K(465920K)] 1423829K->1299566K(1864192K), 0.0529792 secs] [Times: user=0.23 sys=0.00, real=0.05 secs] 
3664.015: [GC (Allocation Failure) [PSYoungGen: 403668K->181525K(465920K)] 1532526K->1363615K(1864192K), 0.0576426 secs] [Times: user=0.27 sys=0.00, real=0.06 secs] 
3664.229: [GC (Allocation Failure) [PSYoungGen: 412063K->179926K(465920K)] 1594152K->1424912K(1864192K), 0.0704221 secs] [Times: user=0.34 sys=0.00, real=0.07 secs] 
3665.234: [GC (Allocation Failure) [PSYoungGen: 412886K->168371K(465920K)] 1657872K->1470484K(1864192K), 0.0555499 secs] [Times: user=0.27 sys=0.00, real=0.06 secs] 
3665.646: [GC (Allocation Failure) [PSYoungGen: 401331K->104364K(465920K)] 1703444K->1470974K(1864192K), 0.0870850 secs] [Times: user=0.47 sys=0.00, real=0.09 secs] 
3665.733: [Full GC (Ergonomics) [PSYoungGen: 104364K->0K(465920K)] [ParOldGen: 1366609K->122671K(1398272K)] 1470974K->122671K(1864192K), [Metaspace: 60305K->60305K(1105920K)], 0.1737366 secs] [Times: user=0.75 sys=0.01, real=0.17 secs] 
3666.118: [GC (Allocation Failure) [PSYoungGen: 231737K->178805K(465920K)] 354409K->301477K(1864192K), 0.0250782 secs] [Times: user=0.09 sys=0.01, real=0.03 secs] 
3666.311: [GC (Allocation Failure) [PSYoungGen: 411765K->180853K(465920K)] 534437K->358869K(1864192K), 0.0550620 secs] [Times: user=0.25 sys=0.01, real=0.05 secs] 
3666.539: [GC (Allocation Failure) [PSYoungGen: 413813K->186901K(465920K)] 591829K->419793K(1864192K), 0.0542398 secs] [Times: user=0.26 sys=0.00, real=0.06 secs] 
3667.574: [GC (Allocation Failure) [PSYoungGen: 419861K->100060K(465920K)] 652753K->403476K(1864192K), 0.0566604 secs] [Times: user=0.30 sys=0.00, real=0.06 secs] 
3668.672: [GC (Allocation Failure) [PSYoungGen: 333020K->164723K(465920K)] 636436K->500636K(1864192K), 0.0717265 secs] [Times: user=0.35 sys=0.00, real=0.07 secs] 
3668.902: [GC (Allocation Failure) [PSYoungGen: 397683K->184662K(465920K)] 733596K->572479K(1864192K), 0.0414335 secs] [Times: user=0.18 sys=0.00, real=0.04 secs] 
3669.063: [GC (Allocation Failure) [PSYoungGen: 417622K->185911K(465920K)] 805439K->638040K(1864192K), 0.0496455 secs] [Times: user=0.23 sys=0.00, real=0.05 secs] 
3669.526: [GC (Allocation Failure) [PSYoungGen: 418871K->198324K(465920K)] 871000K->709181K(1864192K), 0.0538814 secs] [Times: user=0.26 sys=0.00, real=0.06 secs] 
3671.079: [GC (Allocation Failure) [PSYoungGen: 431284K->86650K(465920K)] 942141K->665683K(1864192K), 0.0975832 secs] [Times: user=0.53 sys=0.00, real=0.10 secs] 
3671.779: [GC (Allocation Failure) [PSYoungGen: 319610K->181110K(465920K)] 898643K->787372K(1864192K), 0.0444103 secs] [Times: user=0.19 sys=0.00, real=0.05 secs] 
3671.946: [GC (Allocation Failure) [PSYoungGen: 414070K->184950K(465920K)] 1020332K->847808K(1864192K), 0.0441770 secs] [Times: user=0.20 sys=0.00, real=0.05 secs] 
3672.126: [GC (Allocation Failure) [PSYoungGen: 417910K->186997K(465920K)] 1080768K->905807K(1864192K), 0.0512580 secs] [Times: user=0.24 sys=0.00, real=0.05 secs] 
3673.107: [GC (Allocation Failure) [PSYoungGen: 419957K->101164K(465920K)] 1138767K->890590K(1864192K), 0.0503745 secs] [Times: user=0.27 sys=0.00, real=0.05 secs] 
3673.402: [GC (Allocation Failure) [PSYoungGen: 334124K->164275K(465920K)] 1123550K->986114K(1864192K), 0.0741009 secs] [Times: user=0.36 sys=0.01, real=0.07 secs] 
3673.664: [GC (Allocation Failure) [PSYoungGen: 397235K->184214K(465920K)] 1219074K->1057705K(1864192K), 0.0434071 secs] [Times: user=0.20 sys=0.00, real=0.04 secs] 
3673.824: [GC (Allocation Failure) [PSYoungGen: 417174K->186007K(465920K)] 1290665K->1123522K(1864192K), 0.0514788 secs] [Times: user=0.24 sys=0.00, real=0.05 secs] 
3673.987: [GC (Allocation Failure) [PSYoungGen: 418967K->182996K(465920K)] 1356482K->1179511K(1864192K), 0.0576707 secs] [Times: user=0.28 sys=0.00, real=0.06 secs] 
3675.112: [GC (Allocation Failure) [PSYoungGen: 415956K->87162K(465920K)] 1412471K->1152877K(1864192K), 0.0464725 secs] [Times: user=0.24 sys=0.01, real=0.04 secs] 
3675.569: [GC (Allocation Failure) [PSYoungGen: 320122K->179381K(465920K)] 1385837K->1273089K(1864192K), 0.0350819 secs] [Times: user=0.14 sys=0.00, real=0.04 secs] 
3675.721: [GC (Allocation Failure) [PSYoungGen: 412341K->184662K(465920K)] 1506049K->1334438K(1864192K), 0.0446405 secs] [Times: user=0.21 sys=0.00, real=0.04 secs] 
3675.876: [GC (Allocation Failure) [PSYoungGen: 417622K->181524K(465920K)] 1567398K->1387364K(1864192K), 0.0464883 secs] [Times: user=0.22 sys=0.00, real=0.05 secs] 
3676.968: [GC (Allocation Failure) [PSYoungGen: 414484K->111741K(465920K)] 1620324K->1386333K(1864192K), 0.0474642 secs] [Times: user=0.25 sys=0.00, real=0.05 secs] 
3678.439: [GC (Allocation Failure) [PSYoungGen: 344701K->158963K(465920K)] 1619293K->1469588K(1864192K), 0.1093197 secs] [Times: user=0.58 sys=0.00, real=0.11 secs] 
3678.702: [GC (Allocation Failure) [PSYoungGen: 391923K->184438K(465920K)] 1702548K->1544547K(1864192K), 0.0438299 secs] [Times: user=0.19 sys=0.00, real=0.04 secs] 
3678.746: [Full GC (Ergonomics) [PSYoungGen: 184438K->0K(465920K)] [ParOldGen: 1360109K->252118K(1398272K)] 1544547K->252118K(1864192K), [Metaspace: 60306K->60306K(1105920K)], 0.3136152 secs] [Times: user=1.45 sys=0.00, real=0.32 secs] 
3679.176: [GC (Allocation Failure) [PSYoungGen: 232960K->182998K(465920K)] 485078K->435117K(1864192K), 0.0890377 secs] [Times: user=0.47 sys=0.00, real=0.09 secs] 
3679.386: [GC (Allocation Failure) [PSYoungGen: 415958K->202837K(465920K)] 668077K->513364K(1864192K), 0.0562980 secs] [Times: user=0.28 sys=0.00, real=0.06 secs] 
3680.377: [GC (Allocation Failure) [PSYoungGen: 435610K->88154K(465920K)] 746137K->469217K(1864192K), 0.0403770 secs] [Times: user=0.21 sys=0.00, real=0.04 secs] 
3680.667: [GC (GCLocker Initiated GC) [PSYoungGen: 321114K->177653K(465920K)] 702178K->587038K(1864192K), 0.0515177 secs] [Times: user=0.22 sys=0.00, real=0.05 secs] 
3680.867: [GC (Allocation Failure) [PSYoungGen: 410613K->184566K(465920K)] 820001K->649549K(1864192K), 0.0429266 secs] [Times: user=0.19 sys=0.00, real=0.05 secs] 
3681.045: [GC (Allocation Failure) [PSYoungGen: 417526K->186933K(465920K)] 882509K->708053K(1864192K), 0.0501447 secs] [Times: user=0.24 sys=0.00, real=0.05 secs] 
3682.078: [GC (Allocation Failure) [PSYoungGen: 419893K->112493K(465920K)] 941013K->704217K(1864192K), 0.0462482 secs] [Times: user=0.23 sys=0.01, real=0.05 secs] 
3682.819: [GC (Allocation Failure) [PSYoungGen: 345453K->150130K(465920K)] 937177K->777586K(1864192K), 0.0886319 secs] [Times: user=0.46 sys=0.00, real=0.09 secs] 
3683.114: [GC (Allocation Failure) [PSYoungGen: 383090K->184502K(465920K)] 1010546K->859238K(1864192K), 0.0504724 secs] [Times: user=0.24 sys=0.00, real=0.05 secs] 
3683.281: [GC (Allocation Failure) [PSYoungGen: 417462K->183158K(465920K)] 1092198K->921903K(1864192K), 0.0493917 secs] [Times: user=0.23 sys=0.00, real=0.05 secs] 
3683.472: [GC (Allocation Failure) [PSYoungGen: 416118K->186645K(465920K)] 1154863K->983830K(1864192K), 0.0761798 secs] [Times: user=0.38 sys=0.00, real=0.07 secs] 
3685.715: [GC (Allocation Failure) [PSYoungGen: 419605K->88634K(465920K)] 1216790K->956275K(1864192K), 0.1164500 secs] [Times: user=0.64 sys=0.00, real=0.12 secs] 
3686.797: [GC (Allocation Failure) [PSYoungGen: 321594K->174293K(465920K)] 1189235K->1070506K(1864192K), 0.0488491 secs] [Times: user=0.19 sys=0.00, real=0.05 secs] 
3686.982: [GC (Allocation Failure) [PSYoungGen: 407253K->182133K(465920K)] 1303466K->1132435K(1864192K), 0.0434135 secs] [Times: user=0.20 sys=0.00, real=0.04 secs] 
3687.195: [GC (Allocation Failure) [PSYoungGen: 415093K->203221K(465920K)] 1365395K->1209011K(1864192K), 0.0646777 secs] [Times: user=0.31 sys=0.00, real=0.06 secs] 
3688.292: [GC (Allocation Failure) [PSYoungGen: 436181K->126063K(465920K)] 1441971K->1202333K(1864192K), 0.0482739 secs] [Times: user=0.25 sys=0.00, real=0.05 secs] 
3688.629: [GC (Allocation Failure) [PSYoungGen: 359023K->141889K(465920K)] 1435293K->1258118K(1864192K), 0.0986839 secs] [Times: user=0.53 sys=0.00, real=0.10 secs] 
3688.906: [GC (Allocation Failure) [PSYoungGen: 374849K->178997K(465920K)] 1491078K->1340944K(1864192K), 0.0410845 secs] [Times: user=0.19 sys=0.00, real=0.04 secs] 
3689.063: [GC (Allocation Failure) [PSYoungGen: 411957K->185943K(465920K)] 1573904K->1410249K(1864192K), 0.0512602 secs] [Times: user=0.24 sys=0.00, real=0.05 secs] 
3689.224: [GC (Allocation Failure) [PSYoungGen: 418903K->186581K(465920K)] 1643209K->1469904K(1864192K), 0.0569691 secs] [Times: user=0.29 sys=0.00, real=0.06 secs] 
3690.377: [GC (Allocation Failure) [PSYoungGen: 419541K->83194K(465920K)] 1702864K->1436792K(1864192K), 0.0611018 secs] [Times: user=0.32 sys=0.00, real=0.06 secs] 
3690.438: [Full GC (Ergonomics) [PSYoungGen: 83194K->0K(465920K)] [ParOldGen: 1353598K->89792K(1398272K)] 1436792K->89792K(1864192K), [Metaspace: 60313K->60313K(1105920K)], 0.0716238 secs] [Times: user=0.28 sys=0.00, real=0.08 secs] 
3690.867: [GC (Allocation Failure) [PSYoungGen: 232960K->177621K(465920K)] 322752K->267414K(1864192K), 0.0341410 secs] [Times: user=0.13 sys=0.00, real=0.04 secs] 
3691.048: [GC (Allocation Failure) [PSYoungGen: 410581K->184918K(465920K)] 500374K->330334K(1864192K), 0.0421758 secs] [Times: user=0.18 sys=0.00, real=0.05 secs] 
3691.199: [GC (Allocation Failure) [PSYoungGen: 417878K->187157K(465920K)] 563294K->388478K(1864192K), 0.0444192 secs] [Times: user=0.21 sys=0.00, real=0.04 secs] 
3692.155: [GC (Allocation Failure) [PSYoungGen: 420117K->135120K(465920K)] 621438K->407033K(1864192K), 0.0482489 secs] [Times: user=0.24 sys=0.00, real=0.05 secs] 
3694.425: [GC (Allocation Failure) [PSYoungGen: 368080K->130671K(465920K)] 639993K->445240K(1864192K), 0.1559184 secs] [Times: user=0.86 sys=0.00, real=0.16 secs] 
3694.746: [GC (Allocation Failure) [PSYoungGen: 363631K->176212K(465920K)] 678200K->532598K(1864192K), 0.0374315 secs] [Times: user=0.16 sys=0.00, real=0.04 secs] 
3694.901: [GC (Allocation Failure) [PSYoungGen: 409172K->185399K(465920K)] 765558K->603664K(1864192K), 0.0483629 secs] [Times: user=0.23 sys=0.00, real=0.05 secs] 
3695.062: [GC (Allocation Failure) [PSYoungGen: 418359K->186773K(465920K)] 836624K->663631K(1864192K), 0.0557832 secs] [Times: user=0.28 sys=0.00, real=0.05 secs] 
3696.107: [GC (Allocation Failure) [PSYoungGen: 419733K->90170K(465920K)] 896591K->637564K(1864192K), 0.0433879 secs] [Times: user=0.23 sys=0.01, real=0.05 secs] 
3696.349: [GC (Allocation Failure) [PSYoungGen: 323130K->175733K(465920K)] 870524K->752862K(1864192K), 0.0479035 secs] [Times: user=0.20 sys=0.00, real=0.05 secs] 
3696.573: [GC (Allocation Failure) [PSYoungGen: 408693K->193078K(465920K)] 985822K->825663K(1864192K), 0.0431485 secs] [Times: user=0.19 sys=0.00, real=0.04 secs] 
3696.726: [GC (Allocation Failure) [PSYoungGen: 426038K->187221K(465920K)] 1058623K->875878K(1864192K), 0.0450972 secs] [Times: user=0.21 sys=0.00, real=0.05 secs] 
3697.671: [GC (Allocation Failure) [PSYoungGen: 420181K->144658K(465920K)] 1108838K->903915K(1864192K), 0.0499343 secs] [Times: user=0.24 sys=0.00, real=0.05 secs] 
3698.322: [GC (GCLocker Initiated GC) [PSYoungGen: 377618K->120414K(465920K)] 1136876K->925300K(1864192K), 0.0880295 secs] [Times: user=0.48 sys=0.00, real=0.09 secs] 
3698.548: [GC (Allocation Failure) [PSYoungGen: 353374K->178645K(465920K)] 1158390K->1022254K(1864192K), 0.0372671 secs] [Times: user=0.16 sys=0.00, real=0.04 secs] 
3698.700: [GC (Allocation Failure) [PSYoungGen: 411605K->185463K(465920K)] 1255214K->1091328K(1864192K), 0.0497171 secs] [Times: user=0.23 sys=0.00, real=0.05 secs] 
3698.894: [GC (Allocation Failure) [PSYoungGen: 418423K->183700K(465920K)] 1324288K->1148333K(1864192K), 0.0814390 secs] [Times: user=0.41 sys=0.00, real=0.08 secs] 
3700.647: [GC (GCLocker Initiated GC) [PSYoungGen: 416660K->92427K(465920K)] 1381295K->1126261K(1864192K), 0.1363312 secs] [Times: user=0.76 sys=0.01, real=0.14 secs] 
3702.136: [GC (Allocation Failure) [PSYoungGen: 325387K->170164K(465920K)] 1359350K->1233436K(1864192K), 0.0573470 secs] [Times: user=0.26 sys=0.00, real=0.06 secs] 
3702.345: [GC (Allocation Failure) [PSYoungGen: 403124K->181461K(465920K)] 1466396K->1297942K(1864192K), 0.0422397 secs] [Times: user=0.19 sys=0.00, real=0.04 secs] 
3702.503: [GC (Allocation Failure) [PSYoungGen: 411723K->180822K(465920K)] 1528203K->1360495K(1864192K), 0.0488744 secs] [Times: user=0.23 sys=0.00, real=0.05 secs] 
3703.346: [GC (Allocation Failure) [PSYoungGen: 413782K->206179K(465920K)] 1593455K->1443243K(1864192K), 0.0480201 secs] [Times: user=0.24 sys=0.00, real=0.05 secs] 
3703.740: [GC (Allocation Failure) [PSYoungGen: 439139K->101740K(465920K)] 1676203K->1403188K(1864192K), 0.0404985 secs] [Times: user=0.21 sys=0.00, real=0.04 secs] 
3703.949: [GC (Allocation Failure) [PSYoungGen: 334392K->181526K(465920K)] 1635841K->1515611K(1864192K), 0.0362572 secs] [Times: user=0.15 sys=0.00, real=0.04 secs] 
3703.985: [Full GC (Ergonomics) [PSYoungGen: 181526K->0K(465920K)] [ParOldGen: 1334085K->231781K(1398272K)] 1515611K->231781K(1864192K), [Metaspace: 60313K->60313K(1105920K)], 0.2660132 secs] [Times: user=1.18 sys=0.00, real=0.27 secs] 
3704.366: [GC (Allocation Failure) [PSYoungGen: 232960K->189269K(465920K)] 464741K->421051K(1864192K), 0.0258940 secs] [Times: user=0.09 sys=0.00, real=0.03 secs] 
3704.504: [GC (Allocation Failure) [PSYoungGen: 422229K->183380K(465920K)] 654011K->470018K(1864192K), 0.0445800 secs] [Times: user=0.20 sys=0.00, real=0.04 secs] 
3705.579: [GC (Allocation Failure) [PSYoungGen: 416340K->100380K(465920K)] 702978K->456134K(1864192K), 0.0469581 secs] [Times: user=0.24 sys=0.00, real=0.05 secs] 
3706.478: [GC (Allocation Failure) [PSYoungGen: 333340K->167764K(465920K)] 689094K->555999K(1864192K), 0.0608000 secs] [Times: user=0.29 sys=0.00, real=0.06 secs] 
3706.673: [GC (GCLocker Initiated GC) [PSYoungGen: 400724K->183925K(465920K)] 788959K->624889K(1864192K), 0.0421085 secs] [Times: user=0.19 sys=0.00, real=0.04 secs] 
3706.833: [GC (Allocation Failure) [PSYoungGen: 416885K->183030K(465920K)] 857888K->696337K(1864192K), 0.0494242 secs] [Times: user=0.23 sys=0.00, real=0.05 secs] 
3707.460: [GC (Allocation Failure) [PSYoungGen: 415669K->217941K(465920K)] 928976K->789711K(1864192K), 0.0689434 secs] [Times: user=0.35 sys=0.00, real=0.06 secs] 
3709.140: [GC (Allocation Failure) [PSYoungGen: 450901K->89226K(465920K)] 1022671K->730669K(1864192K), 0.1099208 secs] [Times: user=0.60 sys=0.00, real=0.11 secs] 
3709.784: [GC (Allocation Failure) [PSYoungGen: 322186K->180277K(465920K)] 963629K->850633K(1864192K), 0.0437624 secs] [Times: user=0.19 sys=0.00, real=0.04 secs] 
3709.950: [GC (Allocation Failure) [PSYoungGen: 413237K->181333K(465920K)] 1083593K->907513K(1864192K), 0.0437399 secs] [Times: user=0.20 sys=0.00, real=0.04 secs] 
3710.133: [GC (Allocation Failure) [PSYoungGen: 414293K->186357K(465920K)] 1140473K->967313K(1864192K), 0.0603439 secs] [Times: user=0.30 sys=0.00, real=0.06 secs] 
3711.154: [GC (Allocation Failure) [PSYoungGen: 419317K->103404K(465920K)] 1200273K->954448K(1864192K), 0.0487168 secs] [Times: user=0.25 sys=0.00, real=0.05 secs] 
3711.425: [GC (Allocation Failure) [PSYoungGen: 336364K->171988K(465920K)] 1187408K->1056568K(1864192K), 0.0623293 secs] [Times: user=0.30 sys=0.00, real=0.06 secs] 
3711.611: [GC (Allocation Failure) [PSYoungGen: 404948K->184758K(465920K)] 1289528K->1122318K(1864192K), 0.0421688 secs] [Times: user=0.19 sys=0.00, real=0.04 secs] 
3711.797: [GC (Allocation Failure) [PSYoungGen: 417718K->185783K(465920K)] 1355278K->1187632K(1864192K), 0.0548812 secs] [Times: user=0.26 sys=0.00, real=0.06 secs] 
3711.986: [GC (Allocation Failure) [PSYoungGen: 418743K->180564K(465920K)] 1420592K->1241337K(1864192K), 0.0659344 secs] [Times: user=0.32 sys=0.02, real=0.07 secs] 
3713.159: [GC (Allocation Failure) [PSYoungGen: 413524K->88986K(465920K)] 1474297K->1217711K(1864192K), 0.0533239 secs] [Times: user=0.28 sys=0.01, real=0.06 secs] 
3713.587: [GC (Allocation Failure) [PSYoungGen: 321946K->182422K(465920K)] 1450671K->1339247K(1864192K), 0.0442527 secs] [Times: user=0.19 sys=0.00, real=0.05 secs] 
3713.751: [GC (Allocation Failure) [PSYoungGen: 415382K->184854K(465920K)] 1572207K->1398719K(1864192K), 0.0441000 secs] [Times: user=0.20 sys=0.00, real=0.04 secs] 
3713.904: [GC (Allocation Failure) [PSYoungGen: 417814K->184052K(465920K)] 1631679K->1453886K(1864192K), 0.0456390 secs] [Times: user=0.21 sys=0.00, real=0.05 secs] 
3715.066: [GC (Allocation Failure) [PSYoungGen: 417012K->104636K(465920K)] 1686846K->1443998K(1864192K), 0.0662525 secs] [Times: user=0.35 sys=0.00, real=0.07 secs] 
3715.132: [Full GC (Ergonomics) [PSYoungGen: 104636K->0K(465920K)] [ParOldGen: 1339361K->91906K(1398272K)] 1443998K->91906K(1864192K), [Metaspace: 60313K->60313K(1105920K)], 0.0443317 secs] [Times: user=0.13 sys=0.00, real=0.04 secs] 
3716.879: [GC (Allocation Failure) [PSYoungGen: 232960K->157715K(465920K)] 324866K->249621K(1864192K), 0.0406055 secs] [Times: user=0.16 sys=0.00, real=0.05 secs] 
3717.168: [GC (Allocation Failure) [PSYoungGen: 390675K->184118K(465920K)] 482581K->325196K(1864192K), 0.0533618 secs] [Times: user=0.25 sys=0.01, real=0.06 secs] 
3717.387: [GC (Allocation Failure) [PSYoungGen: 417078K->186231K(465920K)] 558156K->391182K(1864192K), 0.0561317 secs] [Times: user=0.27 sys=0.00, real=0.06 secs] 
3717.603: [GC (Allocation Failure) [PSYoungGen: 419191K->203221K(465920K)] 624142K->467036K(1864192K), 0.0685558 secs] [Times: user=0.35 sys=0.00, real=0.07 secs] 
3718.730: [GC (Allocation Failure) [PSYoungGen: 436181K->91834K(465920K)] 699996K->426281K(1864192K), 0.0675065 secs] [Times: user=0.36 sys=0.00, real=0.06 secs] 
3719.150: [GC (Allocation Failure) [PSYoungGen: 324794K->173685K(465920K)] 659241K->537324K(1864192K), 0.0380539 secs] [Times: user=0.17 sys=0.00, real=0.03 secs] 
3719.329: [GC (Allocation Failure) [PSYoungGen: 406645K->184310K(465920K)] 770284K->602285K(1864192K), 0.0561751 secs] [Times: user=0.27 sys=0.00, real=0.06 secs] 
3719.536: [GC (Allocation Failure) [PSYoungGen: 417270K->187125K(465920K)] 835245K->661021K(1864192K), 0.0473000 secs] [Times: user=0.22 sys=0.00, real=0.05 secs] 
3720.535: [GC (Allocation Failure) [PSYoungGen: 420085K->110765K(465920K)] 893981K->655201K(1864192K), 0.0463909 secs] [Times: user=0.24 sys=0.00, real=0.05 secs] 
3721.141: [GC (Allocation Failure) [PSYoungGen: 343725K->156114K(465920K)] 888161K->736431K(1864192K), 0.0896577 secs] [Times: user=0.46 sys=0.01, real=0.09 secs] 
3721.384: [GC (Allocation Failure) [PSYoungGen: 389074K->181141K(465920K)] 969391K->810494K(1864192K), 0.0414883 secs] [Times: user=0.18 sys=0.00, real=0.04 secs] 
3721.607: [GC (Allocation Failure) [PSYoungGen: 414101K->185751K(465920K)] 1043454K->878352K(1864192K), 0.0727353 secs] [Times: user=0.36 sys=0.00, real=0.08 secs] 
3721.801: [GC (GCLocker Initiated GC) [PSYoungGen: 418711K->186101K(465920K)] 1111312K->937655K(1864192K), 0.0578160 secs] [Times: user=0.28 sys=0.00, real=0.05 secs] 
3723.691: [GC (GCLocker Initiated GC) [PSYoungGen: 419061K->86714K(465920K)] 1170617K->908698K(1864192K), 0.1161446 secs] [Times: user=0.64 sys=0.00, real=0.11 secs] 
3724.612: [GC (Allocation Failure) [PSYoungGen: 319674K->175541K(465920K)] 1141661K->1025521K(1864192K), 0.0439316 secs] [Times: user=0.19 sys=0.00, real=0.04 secs] 
3724.784: [GC (Allocation Failure) [PSYoungGen: 408501K->184822K(465920K)] 1258481K->1089553K(1864192K), 0.0440581 secs] [Times: user=0.20 sys=0.00, real=0.04 secs] 
3724.942: [GC (Allocation Failure) [PSYoungGen: 417782K->186933K(465920K)] 1322513K->1147601K(1864192K), 0.0464802 secs] [Times: user=0.22 sys=0.00, real=0.04 secs] 
3725.966: [GC (Allocation Failure) [PSYoungGen: 419893K->118798K(465920K)] 1380561K->1149850K(1864192K), 0.0477290 secs] [Times: user=0.24 sys=0.00, real=0.05 secs] 
3726.297: [GC (GCLocker Initiated GC) [PSYoungGen: 351758K->150113K(465920K)] 1382810K->1218981K(1864192K), 0.0587406 secs] [Times: user=0.30 sys=0.00, real=0.06 secs] 
3726.472: [GC (Allocation Failure) [PSYoungGen: 383073K->184149K(465920K)] 1451944K->1300261K(1864192K), 0.0418547 secs] [Times: user=0.19 sys=0.00, real=0.04 secs] 
3726.656: [GC (Allocation Failure) [PSYoungGen: 417109K->185559K(465920K)] 1533221K->1365823K(1864192K), 0.0604770 secs] [Times: user=0.30 sys=0.00, real=0.06 secs] 
3726.838: [GC (Allocation Failure) [PSYoungGen: 418519K->186869K(465920K)] 1598783K->1425893K(1864192K), 0.0576972 secs] [Times: user=0.29 sys=0.00, real=0.06 secs] 
3727.935: [GC (GCLocker Initiated GC) [PSYoungGen: 419829K->85514K(465920K)] 1658853K->1395114K(1864192K), 0.0425650 secs] [Times: user=0.22 sys=0.00, real=0.04 secs] 
3728.290: [GC (Allocation Failure) [PSYoungGen: 318474K->178133K(465920K)] 1628369K->1515301K(1864192K), 0.0347221 secs] [Times: user=0.15 sys=0.00, real=0.03 secs] 
3728.325: [Full GC (Ergonomics) [PSYoungGen: 178133K->0K(465920K)] [ParOldGen: 1337167K->216075K(1398272K)] 1515301K->216075K(1864192K), [Metaspace: 60315K->60315K(1105920K)], 0.2320788 secs] [Times: user=1.04 sys=0.00, real=0.23 secs] 
3728.675: [GC (Allocation Failure) [PSYoungGen: 232960K->184982K(465920K)] 449035K->401057K(1864192K), 0.0270131 secs] [Times: user=0.09 sys=0.00, real=0.03 secs] 
3728.812: [GC (Allocation Failure) [PSYoungGen: 417942K->186645K(465920K)] 634017K->458792K(1864192K), 0.0452519 secs] [Times: user=0.21 sys=0.00, real=0.04 secs] 
3729.807: [GC (Allocation Failure) [PSYoungGen: 419605K->121103K(465920K)] 691752K->463442K(1864192K), 0.0467979 secs] [Times: user=0.24 sys=0.00, real=0.05 secs] 
3731.157: [GC (Allocation Failure) [PSYoungGen: 354063K->141873K(465920K)] 696402K->522660K(1864192K), 0.1290230 secs] [Times: user=0.70 sys=0.01, real=0.13 secs] 
3731.453: [GC (Allocation Failure) [PSYoungGen: 374833K->178453K(465920K)] 755620K->604681K(1864192K), 0.0389859 secs] [Times: user=0.17 sys=0.00, real=0.04 secs] 
3731.612: [GC (Allocation Failure) [PSYoungGen: 411413K->185879K(465920K)] 837641K->674431K(1864192K), 0.0486783 secs] [Times: user=0.22 sys=0.00, real=0.05 secs] 
3731.808: [GC (Allocation Failure) [PSYoungGen: 418839K->186325K(465920K)] 907391K->733741K(1864192K), 0.0810213 secs] [Times: user=0.42 sys=0.00, real=0.08 secs] 
3733.124: [GC (Allocation Failure) [PSYoungGen: 419285K->90042K(465920K)] 966701K->707763K(1864192K), 0.0683198 secs] [Times: user=0.36 sys=0.01, real=0.07 secs] 
3733.847: [GC (Allocation Failure) [PSYoungGen: 323002K->173173K(465920K)] 940723K->819866K(1864192K), 0.0469586 secs] [Times: user=0.20 sys=0.00, real=0.05 secs] 
3734.035: [GC (Allocation Failure) [PSYoungGen: 406133K->184886K(465920K)] 1052826K->885583K(1864192K), 0.0426179 secs] [Times: user=0.20 sys=0.00, real=0.04 secs] 
3734.187: [GC (Allocation Failure) [PSYoungGen: 417846K->187285K(465920K)] 1118543K->943758K(1864192K), 0.0453691 secs] [Times: user=0.21 sys=0.00, real=0.05 secs] 
3735.142: [GC (Allocation Failure) [PSYoungGen: 420245K->132688K(465920K)] 1176718K->959961K(1864192K), 0.0488196 secs] [Times: user=0.24 sys=0.00, real=0.05 secs] 
3735.498: [GC (Allocation Failure) [PSYoungGen: 365648K->133184K(465920K)] 1192921K->1002281K(1864192K), 0.0667903 secs] [Times: user=0.35 sys=0.01, real=0.07 secs] 
3735.682: [GC (Allocation Failure) [PSYoungGen: 366144K->178517K(465920K)] 1235241K->1090295K(1864192K), 0.0384685 secs] [Times: user=0.17 sys=0.00, real=0.04 secs] 
3735.838: [GC (Allocation Failure) [PSYoungGen: 411477K->185783K(465920K)] 1323255K->1159985K(1864192K), 0.0495568 secs] [Times: user=0.23 sys=0.00, real=0.05 secs] 
3735.998: [GC (Allocation Failure) [PSYoungGen: 418743K->203253K(465920K)] 1392945K->1236531K(1864192K), 0.0589164 secs] [Times: user=0.30 sys=0.00, real=0.06 secs] 
3737.453: [GC (Allocation Failure) [PSYoungGen: 436213K->89946K(465920K)] 1469491K->1193785K(1864192K), 0.1200449 secs] [Times: user=0.65 sys=0.00, real=0.12 secs] 
3739.044: [GC (Allocation Failure) [PSYoungGen: 322906K->173332K(465920K)] 1426745K->1305536K(1864192K), 0.0499874 secs] [Times: user=0.22 sys=0.00, real=0.05 secs] 
3739.245: [GC (Allocation Failure) [PSYoungGen: 406292K->181653K(465920K)] 1538496K->1368096K(1864192K), 0.0437476 secs] [Times: user=0.19 sys=0.00, real=0.04 secs] 
3739.428: [GC (Allocation Failure) [PSYoungGen: 414613K->187253K(465920K)] 1601056K->1428912K(1864192K), 0.0629874 secs] [Times: user=0.30 sys=0.00, real=0.07 secs] 
3740.495: [GC (Allocation Failure) [PSYoungGen: 420213K->146674K(465920K)] 1661872K->1458853K(1864192K), 0.0516536 secs] [Times: user=0.26 sys=0.00, real=0.05 secs] 
3740.546: [Full GC (Ergonomics) [PSYoungGen: 146674K->0K(465920K)] [ParOldGen: 1312179K->354286K(1398272K)] 1458853K->354286K(1864192K), [Metaspace: 60316K->60316K(1105920K)], 0.6002597 secs] [Times: user=2.61 sys=0.00, real=0.60 secs] 
3741.683: [GC (Allocation Failure) [PSYoungGen: 232944K->118958K(465920K)] 587230K->473244K(1864192K), 0.0257072 secs] [Times: user=0.09 sys=0.00, real=0.02 secs] 
3741.989: [GC (Allocation Failure) [PSYoungGen: 351918K->174772K(465920K)] 706204K->567252K(1864192K), 0.0486272 secs] [Times: user=0.21 sys=0.01, real=0.05 secs] 
3742.205: [GC (Allocation Failure) [PSYoungGen: 407732K->185719K(465920K)] 800212K->639366K(1864192K), 0.0535411 secs] [Times: user=0.25 sys=0.00, real=0.05 secs] 
3742.379: [GC (Allocation Failure) [PSYoungGen: 418679K->186901K(465920K)] 872326K->699421K(1864192K), 0.0562365 secs] [Times: user=0.28 sys=0.00, real=0.06 secs] 
3743.703: [GC (Allocation Failure) [PSYoungGen: 419861K->90874K(465920K)] 932381K->673754K(1864192K), 0.0806810 secs] [Times: user=0.44 sys=0.00, real=0.08 secs] 
3744.566: [GC (Allocation Failure) [PSYoungGen: 323834K->170484K(465920K)] 906714K->782629K(1864192K), 0.0497128 secs] [Times: user=0.22 sys=0.00, real=0.05 secs] 
3744.767: [GC (Allocation Failure) [PSYoungGen: 403444K->184406K(465920K)] 1015589K->850074K(1864192K), 0.0432725 secs] [Times: user=0.19 sys=0.00, real=0.05 secs] 
3744.926: [GC (Allocation Failure) [PSYoungGen: 412159K->179478K(465920K)] 1077828K->909131K(1864192K), 0.0495078 secs] [Times: user=0.23 sys=0.00, real=0.05 secs] 
3746.138: [GC (Allocation Failure) [PSYoungGen: 412438K->168947K(465920K)] 1142091K->955775K(1864192K), 0.0551984 secs] [Times: user=0.27 sys=0.00, real=0.06 secs] 
3747.509: [GC (GCLocker Initiated GC) [PSYoungGen: 401907K->97867K(465920K)] 1188736K->949336K(1864192K), 0.0989140 secs] [Times: user=0.53 sys=0.01, real=0.10 secs] 
3748.111: [GC (Allocation Failure) [PSYoungGen: 330827K->181846K(465920K)] 1182299K->1064025K(1864192K), 0.0452653 secs] [Times: user=0.19 sys=0.00, real=0.04 secs] 
3748.278: [GC (Allocation Failure) [PSYoungGen: 414806K->182005K(465920K)] 1296985K->1121021K(1864192K), 0.0438235 secs] [Times: user=0.20 sys=0.00, real=0.05 secs] 
3748.487: [GC (Allocation Failure) [PSYoungGen: 414965K->186421K(465920K)] 1353981K->1180516K(1864192K), 0.0684192 secs] [Times: user=0.34 sys=0.00, real=0.07 secs] 
3749.525: [GC (Allocation Failure) [PSYoungGen: 419381K->98027K(465920K)] 1413476K->1162379K(1864192K), 0.0457789 secs] [Times: user=0.24 sys=0.00, real=0.05 secs] 
3749.787: [GC (Allocation Failure) [PSYoungGen: 330987K->164787K(465920K)] 1395339K->1261584K(1864192K), 0.0841352 secs] [Times: user=0.41 sys=0.01, real=0.09 secs] 
3750.053: [GC (Allocation Failure) [PSYoungGen: 397747K->183893K(465920K)] 1494544K->1332190K(1864192K), 0.0426981 secs] [Times: user=0.19 sys=0.00, real=0.04 secs] 
3750.239: [GC (Allocation Failure) [PSYoungGen: 416853K->186007K(465920K)] 1565150K->1398379K(1864192K), 0.0563622 secs] [Times: user=0.27 sys=0.00, real=0.05 secs] 
3750.464: [GC (Allocation Failure) [PSYoungGen: 418967K->219157K(465920K)] 1631339K->1490513K(1864192K), 0.0570985 secs] [Times: user=0.29 sys=0.00, real=0.06 secs] 
3751.526: [GC (Allocation Failure) [PSYoungGen: 452117K->86778K(465920K)] 1723476K->1428333K(1864192K), 0.0522304 secs] [Times: user=0.28 sys=0.00, real=0.05 secs] 
3751.578: [Full GC (Ergonomics) [PSYoungGen: 86778K->0K(465920K)] [ParOldGen: 1341554K->103407K(1398272K)] 1428333K->103407K(1864192K), [Metaspace: 60322K->60322K(1105920K)], 0.0960308 secs] [Times: user=0.38 sys=0.00, real=0.10 secs] 
3752.343: [GC (Allocation Failure) [PSYoungGen: 232960K->178933K(465920K)] 336367K->282340K(1864192K), 0.0343166 secs] [Times: user=0.13 sys=0.00, real=0.03 secs] 
3752.512: [GC (Allocation Failure) [PSYoungGen: 411893K->184662K(465920K)] 515300K->344241K(1864192K), 0.0409648 secs] [Times: user=0.18 sys=0.00, real=0.04 secs] 
3752.667: [GC (Allocation Failure) [PSYoungGen: 417622K->186773K(465920K)] 577201K->402256K(1864192K), 0.0450634 secs] [Times: user=0.21 sys=0.00, real=0.05 secs] 
3753.716: [GC (Allocation Failure) [PSYoungGen: 419733K->103708K(465920K)] 635216K->389520K(1864192K), 0.0477773 secs] [Times: user=0.25 sys=0.00, real=0.05 secs] 
3755.313: [GC (Allocation Failure) [PSYoungGen: 336668K->157650K(465920K)] 622480K->476827K(1864192K), 0.0971925 secs] [Times: user=0.49 sys=0.00, real=0.10 secs] 
3755.595: [GC (Allocation Failure) [PSYoungGen: 390610K->182869K(465920K)] 709787K->551918K(1864192K), 0.0403185 secs] [Times: user=0.18 sys=0.00, real=0.04 secs] 
3755.755: [GC (Allocation Failure) [PSYoungGen: 415829K->185847K(465920K)] 784878K->618543K(1864192K), 0.0489826 secs] [Times: user=0.23 sys=0.00, real=0.05 secs] 
3755.918: [GC (Allocation Failure) [PSYoungGen: 418807K->186709K(465920K)] 851503K->678317K(1864192K), 0.0559866 secs] [Times: user=0.27 sys=0.00, real=0.06 secs] 
3756.922: [GC (Allocation Failure) [PSYoungGen: 419669K->93723K(465920K)] 911277K->655843K(1864192K), 0.0411023 secs] [Times: user=0.21 sys=0.00, real=0.04 secs] 
3757.136: [GC (Allocation Failure) [PSYoungGen: 326683K->182006K(465920K)] 888803K->773595K(1864192K), 0.0343425 secs] [Times: user=0.14 sys=0.00, real=0.04 secs] 
3757.284: [GC (Allocation Failure) [PSYoungGen: 414966K->181973K(465920K)] 1006555K->830674K(1864192K), 0.0437141 secs] [Times: user=0.19 sys=0.00, real=0.04 secs] 
3757.440: [GC (Allocation Failure) [PSYoungGen: 414933K->183540K(465920K)] 1063634K->887578K(1864192K), 0.0456965 secs] [Times: user=0.21 sys=0.00, real=0.04 secs] 
3758.441: [GC (Allocation Failure) [PSYoungGen: 416500K->108829K(465920K)] 1120538K->882218K(1864192K), 0.0486940 secs] [Times: user=0.22 sys=0.00, real=0.05 secs] 
3758.839: [GC (Allocation Failure) [PSYoungGen: 341789K->161427K(465920K)] 1115178K->969773K(1864192K), 0.0538853 secs] [Times: user=0.27 sys=0.00, real=0.05 secs] 
3759.009: [GC (Allocation Failure) [PSYoungGen: 394387K->184630K(465920K)] 1202733K->1043652K(1864192K), 0.0421706 secs] [Times: user=0.19 sys=0.00, real=0.05 secs] 
3759.210: [GC (GCLocker Initiated GC) [PSYoungGen: 417590K->180342K(465920K)] 1276613K->1103541K(1864192K), 0.0680418 secs] [Times: user=0.34 sys=0.00, real=0.06 secs] 
3759.394: [GC (Allocation Failure) [PSYoungGen: 413302K->202997K(465920K)] 1336504K->1183767K(1864192K), 0.0552165 secs] [Times: user=0.27 sys=0.00, real=0.06 secs] 
3761.292: [GC (GCLocker Initiated GC) [PSYoungGen: 435957K->85418K(465920K)] 1416728K->1136597K(1864192K), 0.1008299 secs] [Times: user=0.55 sys=0.01, real=0.10 secs] 
3762.032: [GC (Allocation Failure) [PSYoungGen: 318378K->178837K(465920K)] 1369850K->1257974K(1864192K), 0.0464210 secs] [Times: user=0.20 sys=0.00, real=0.04 secs] 
3762.250: [GC (Allocation Failure) [PSYoungGen: 411797K->179573K(465920K)] 1490934K->1314338K(1864192K), 0.0648866 secs] [Times: user=0.31 sys=0.00, real=0.06 secs] 
3762.510: [GC (Allocation Failure) [PSYoungGen: 412533K->186901K(465920K)] 1547298K->1376546K(1864192K), 0.0568585 secs] [Times: user=0.28 sys=0.00, real=0.05 secs] 
3763.598: [GC (Allocation Failure) [PSYoungGen: 419861K->119598K(465920K)] 1609506K->1379804K(1864192K), 0.0478608 secs] [Times: user=0.24 sys=0.00, real=0.05 secs] 
3764.272: [GC (Allocation Failure) [PSYoungGen: 352558K->147793K(465920K)] 1612764K->1446783K(1864192K), 0.1168922 secs] [Times: user=0.63 sys=0.00, real=0.12 secs] 
3764.578: [GC (Allocation Failure) [PSYoungGen: 380753K->184021K(465920K)] 1679743K->1528968K(1864192K), 0.0412935 secs] [Times: user=0.18 sys=0.00, real=0.04 secs] 
3764.619: [Full GC (Ergonomics) [PSYoungGen: 184021K->0K(465920K)] [ParOldGen: 1344946K->247852K(1398272K)] 1528968K->247852K(1864192K), [Metaspace: 60342K->60342K(1105920K)], 0.3146536 secs] [Times: user=1.43 sys=0.00, real=0.32 secs] 
3765.047: [GC (Allocation Failure) [PSYoungGen: 232960K->178902K(465920K)] 480812K->426755K(1864192K), 0.0831605 secs] [Times: user=0.43 sys=0.01, real=0.09 secs] 
3765.242: [GC (Allocation Failure) [PSYoungGen: 411862K->186037K(465920K)] 659715K->490466K(1864192K), 0.0559249 secs] [Times: user=0.27 sys=0.01, real=0.05 secs] 
3766.236: [GC (GCLocker Initiated GC) [PSYoungGen: 418997K->92571K(465920K)] 723426K->467144K(1864192K), 0.0589409 secs] [Times: user=0.31 sys=0.00, real=0.06 secs] 
3766.562: [GC (Allocation Failure) [PSYoungGen: 325531K->178037K(465920K)] 700271K->582334K(1864192K), 0.0438646 secs] [Times: user=0.19 sys=0.00, real=0.04 secs] 
3766.769: [GC (Allocation Failure) [PSYoungGen: 410997K->182005K(465920K)] 815294K->642202K(1864192K), 0.0477237 secs] [Times: user=0.21 sys=0.01, real=0.04 secs] 
3766.953: [GC (Allocation Failure) [PSYoungGen: 414965K->203061K(465920K)] 875162K->718610K(1864192K), 0.0462286 secs] [Times: user=0.22 sys=0.00, real=0.05 secs] 
3767.994: [GC (Allocation Failure) [PSYoungGen: 436021K->126607K(465920K)] 951570K->712608K(1864192K), 0.0477544 secs] [Times: user=0.24 sys=0.00, real=0.05 secs] 
3769.807: [GC (Allocation Failure) [PSYoungGen: 359567K->139696K(465920K)] 945568K->765721K(1864192K), 0.1538042 secs] [Times: user=0.84 sys=0.00, real=0.16 secs] 
3770.129: [GC (Allocation Failure) [PSYoungGen: 372656K->175732K(465920K)] 998681K->846413K(1864192K), 0.0394721 secs] [Times: user=0.18 sys=0.00, real=0.04 secs] 
3770.310: [GC (Allocation Failure) [PSYoungGen: 408692K->185687K(465920K)] 1079373K->918240K(1864192K), 0.0613165 secs] [Times: user=0.30 sys=0.00, real=0.06 secs] 
3770.511: [GC (Allocation Failure) [PSYoungGen: 418647K->186741K(465920K)] 1151200K->978190K(1864192K), 0.0787360 secs] [Times: user=0.41 sys=0.00, real=0.08 secs] 
3771.645: [GC (Allocation Failure) [PSYoungGen: 419701K->92939K(465920K)] 1211150K->954996K(1864192K), 0.0687881 secs] [Times: user=0.37 sys=0.00, real=0.07 secs] 
3772.137: [GC (Allocation Failure) [PSYoungGen: 325899K->169044K(465920K)] 1187956K->1060804K(1864192K), 0.0467213 secs] [Times: user=0.19 sys=0.01, real=0.05 secs] 
3772.386: [GC (Allocation Failure) [PSYoungGen: 402004K->184310K(465920K)] 1293764K->1128886K(1864192K), 0.0493880 secs] [Times: user=0.23 sys=0.00, real=0.05 secs] 
3772.564: [GC (Allocation Failure) [PSYoungGen: 417270K->183700K(465920K)] 1361846K->1184117K(1864192K), 0.0459665 secs] [Times: user=0.21 sys=0.00, real=0.05 secs] 
3773.581: [GC (Allocation Failure) [PSYoungGen: 416660K->144498K(465920K)] 1417077K->1214338K(1864192K), 0.0510522 secs] [Times: user=0.26 sys=0.00, real=0.05 secs] 
3773.974: [GC (Allocation Failure) [PSYoungGen: 377458K->132784K(465920K)] 1447298K->1248664K(1864192K), 0.1125418 secs] [Times: user=0.62 sys=0.00, real=0.11 secs] 
3774.301: [GC (Allocation Failure) [PSYoungGen: 365744K->175700K(465920K)] 1481624K->1334386K(1864192K), 0.0405652 secs] [Times: user=0.18 sys=0.00, real=0.04 secs] 
3774.457: [GC (Allocation Failure) [PSYoungGen: 408660K->180054K(465920K)] 1567346K->1400019K(1864192K), 0.0500254 secs] [Times: user=0.24 sys=0.00, real=0.05 secs] 
3774.621: [GC (Allocation Failure) [PSYoungGen: 413014K->186741K(465920K)] 1632979K->1464282K(1864192K), 0.0591411 secs] [Times: user=0.30 sys=0.00, real=0.06 secs] 
3775.959: [GC (Allocation Failure) [PSYoungGen: 419701K->96715K(465920K)] 1697242K->1444729K(1864192K), 0.1038471 secs] [Times: user=0.57 sys=0.00, real=0.11 secs] 
3776.063: [Full GC (Ergonomics) [PSYoungGen: 96715K->0K(465920K)] [ParOldGen: 1348013K->97320K(1398272K)] 1444729K->97320K(1864192K), [Metaspace: 60342K->60342K(1105920K)], 0.1066341 secs] [Times: user=0.39 sys=0.01, real=0.10 secs] 
3777.358: [GC (Allocation Failure) [PSYoungGen: 232960K->174133K(465920K)] 330280K->271453K(1864192K), 0.0381478 secs] [Times: user=0.14 sys=0.00, real=0.04 secs] 
3777.553: [GC (Allocation Failure) [PSYoungGen: 407093K->178997K(465920K)] 504413K->330574K(1864192K), 0.0405868 secs] [Times: user=0.18 sys=0.00, real=0.04 secs] 
3777.708: [GC (Allocation Failure) [PSYoungGen: 411957K->187573K(465920K)] 563534K->393766K(1864192K), 0.0441560 secs] [Times: user=0.20 sys=0.00, real=0.05 secs] 
3778.663: [GC (Allocation Failure) [PSYoungGen: 420533K->150002K(465920K)] 626726K->426939K(1864192K), 0.0502044 secs] [Times: user=0.25 sys=0.00, real=0.05 secs] 
3779.502: [GC (Allocation Failure) [PSYoungGen: 382962K->122062K(465920K)] 659899K->446687K(1864192K), 0.1688252 secs] [Times: user=0.95 sys=0.00, real=0.17 secs] 
3779.824: [GC (Allocation Failure) [PSYoungGen: 355022K->175124K(464896K)] 679647K->538910K(1863168K), 0.0372059 secs] [Times: user=0.16 sys=0.00, real=0.04 secs] 
3780.022: [GC (Allocation Failure) [PSYoungGen: 408084K->185495K(465408K)] 771870K->610296K(1863680K), 0.0639418 secs] [Times: user=0.32 sys=0.00, real=0.06 secs] 
3780.196: [GC (Allocation Failure) [PSYoungGen: 418455K->186805K(465920K)] 843256K->670511K(1864192K), 0.0574416 secs] [Times: user=0.28 sys=0.00, real=0.06 secs] 
3781.196: [GC (GCLocker Initiated GC) [PSYoungGen: 419765K->92123K(465920K)] 903472K->646326K(1864192K), 0.0469831 secs] [Times: user=0.25 sys=0.00, real=0.05 secs] 
3781.611: [GC (Allocation Failure) [PSYoungGen: 325083K->170772K(465920K)] 879287K->754797K(1864192K), 0.0539633 secs] [Times: user=0.24 sys=0.01, real=0.05 secs] 
3781.822: [GC (GCLocker Initiated GC) [PSYoungGen: 403732K->183093K(465920K)] 987759K->820728K(1864192K), 0.0438061 secs] [Times: user=0.19 sys=0.00, real=0.04 secs] 
3782.049: [GC (Allocation Failure) [PSYoungGen: 416053K->184087K(465920K)] 1070074K->893811K(1864192K), 0.2070075 secs] [Times: user=1.17 sys=0.00, real=0.21 secs] 
3783.224: [GC (Allocation Failure) [PSYoungGen: 417047K->145426K(465920K)] 1126771K->913686K(1864192K), 0.1561874 secs] [Times: user=0.89 sys=0.00, real=0.16 secs] 
3785.383: [GC (Allocation Failure) [PSYoungGen: 378386K->118478K(465920K)] 1146646K->932778K(1864192K), 0.1975555 secs] [Times: user=1.10 sys=0.00, real=0.20 secs] 
3785.818: [GC (Allocation Failure) [PSYoungGen: 351438K->178485K(465920K)] 1165738K->1030886K(1864192K), 0.0381106 secs] [Times: user=0.17 sys=0.00, real=0.04 secs] 
3786.006: [GC (Allocation Failure) [PSYoungGen: 411445K->185335K(465920K)] 1263846K->1099864K(1864192K), 0.0765100 secs] [Times: user=0.38 sys=0.00, real=0.08 secs] 
3786.278: [GC (Allocation Failure) [PSYoungGen: 418295K->186869K(465920K)] 1332824K->1160302K(1864192K), 0.0755987 secs] [Times: user=0.39 sys=0.00, real=0.08 secs] 
3787.322: [GC (Allocation Failure) [PSYoungGen: 419829K->91867K(465920K)] 1393262K->1135940K(1864192K), 0.0530703 secs] [Times: user=0.29 sys=0.01, real=0.05 secs] 
3787.809: [GC (Allocation Failure) [PSYoungGen: 324827K->167060K(465920K)] 1368900K->1240394K(1864192K), 0.0681805 secs] [Times: user=0.31 sys=0.01, real=0.07 secs] 
3788.037: [GC (Allocation Failure) [PSYoungGen: 400020K->184470K(465920K)] 1473354K->1310416K(1864192K), 0.0438569 secs] [Times: user=0.19 sys=0.00, real=0.05 secs] 
3788.221: [GC (Allocation Failure) [PSYoungGen: 410472K->180438K(465920K)] 1536419K->1370424K(1864192K), 0.0562532 secs] [Times: user=0.28 sys=0.00, real=0.05 secs] 
3789.136: [GC (Allocation Failure) [PSYoungGen: 413398K->169043K(465920K)] 1603384K->1416365K(1864192K), 0.0551522 secs] [Times: user=0.27 sys=0.00, real=0.06 secs] 
3790.035: [GC (Allocation Failure) [PSYoungGen: 402003K->99915K(465920K)] 1649325K->1412014K(1864192K), 0.0780552 secs] [Times: user=0.42 sys=0.00, real=0.08 secs] 
3790.594: [GC (Allocation Failure) [PSYoungGen: 332875K->182518K(465920K)] 1644974K->1526233K(1864192K), 0.0471872 secs] [Times: user=0.21 sys=0.00, real=0.05 secs] 
3790.641: [Full GC (Ergonomics) [PSYoungGen: 182518K->0K(465920K)] [ParOldGen: 1343715K->231321K(1398272K)] 1526233K->231321K(1864192K), [Metaspace: 60342K->60342K(1105920K)], 0.2772769 secs] [Times: user=1.28 sys=0.00, real=0.27 secs] 
3791.033: [GC (Allocation Failure) [PSYoungGen: 232960K->182133K(465920K)] 464281K->413455K(1864192K), 0.0258705 secs] [Times: user=0.10 sys=0.00, real=0.02 secs] 
3791.173: [GC (Allocation Failure) [PSYoungGen: 415093K->186869K(465920K)] 646415K->473639K(1864192K), 0.0444365 secs] [Times: user=0.21 sys=0.00, real=0.04 secs] 
3792.328: [GC (Allocation Failure) [PSYoungGen: 419829K->100284K(465920K)] 706599K->457622K(1864192K), 0.0504477 secs] [Times: user=0.27 sys=0.00, real=0.05 secs] 
3793.507: [GC (Allocation Failure) [PSYoungGen: 333244K->165011K(465920K)] 690582K->554378K(1864192K), 0.0781639 secs] [Times: user=0.38 sys=0.00, real=0.08 secs] 
3793.753: [GC (Allocation Failure) [PSYoungGen: 397971K->184598K(465920K)] 787338K->626200K(1864192K), 0.0417897 secs] [Times: user=0.18 sys=0.00, real=0.04 secs] 
3793.915: [GC (Allocation Failure) [PSYoungGen: 417558K->186071K(465920K)] 859160K->691850K(1864192K), 0.0497132 secs] [Times: user=0.23 sys=0.00, real=0.05 secs] 
3794.372: [GC (Allocation Failure) [PSYoungGen: 417617K->213684K(465920K)] 923396K->778399K(1864192K), 0.0536993 secs] [Times: user=0.26 sys=0.00, real=0.05 secs] 
3795.111: [GC (GCLocker Initiated GC) [PSYoungGen: 446644K->91658K(465920K)] 1011359K->724325K(1864192K), 0.0398961 secs] [Times: user=0.20 sys=0.00, real=0.04 secs] 
3795.332: [GC (Allocation Failure) [PSYoungGen: 324618K->186710K(465920K)] 957453K->848775K(1864192K), 0.0451488 secs] [Times: user=0.19 sys=0.00, real=0.04 secs] 
3795.525: [GC (Allocation Failure) [PSYoungGen: 419670K->181237K(465920K)] 1081735K->900411K(1864192K), 0.0444298 secs] [Times: user=0.20 sys=0.00, real=0.05 secs] 
3795.682: [GC (Allocation Failure) [PSYoungGen: 414197K->186581K(465920K)] 1133371K->960530K(1864192K), 0.0459486 secs] [Times: user=0.21 sys=0.01, real=0.04 secs] 
3796.702: [GC (Allocation Failure) [PSYoungGen: 419541K->99228K(465920K)] 1193490K->943669K(1864192K), 0.0506377 secs] [Times: user=0.27 sys=0.00, real=0.05 secs] 
3797.204: [GC (GCLocker Initiated GC) [PSYoungGen: 332188K->167156K(465920K)] 1176629K->1044294K(1864192K), 0.0778969 secs] [Times: user=0.39 sys=0.00, real=0.08 secs] 
3797.430: [GC (Allocation Failure) [PSYoungGen: 400116K->184374K(465920K)] 1277257K->1113523K(1864192K), 0.0441757 secs] [Times: user=0.20 sys=0.00, real=0.04 secs] 
3797.592: [GC (Allocation Failure) [PSYoungGen: 417334K->185719K(465920K)] 1346483K->1179132K(1864192K), 0.0555568 secs] [Times: user=0.26 sys=0.00, real=0.05 secs] 
3797.801: [GC (Allocation Failure) [PSYoungGen: 418679K->183636K(465920K)] 1412092K->1236026K(1864192K), 0.0846390 secs] [Times: user=0.44 sys=0.00, real=0.08 secs] 
3800.294: [GC (Allocation Failure) [PSYoungGen: 416596K->83625K(465920K)] 1468986K->1205399K(1864192K), 0.1149348 secs] [Times: user=0.63 sys=0.01, real=0.11 secs] 
3801.007: [GC (Allocation Failure) [PSYoungGen: 316585K->180149K(465920K)] 1438359K->1329044K(1864192K), 0.0448299 secs] [Times: user=0.19 sys=0.00, real=0.05 secs] 
3801.175: [GC (Allocation Failure) [PSYoungGen: 413109K->184470K(465920K)] 1562004K->1389332K(1864192K), 0.0457964 secs] [Times: user=0.21 sys=0.01, real=0.05 secs] 
3801.332: [GC (Allocation Failure) [PSYoungGen: 417430K->183796K(465920K)] 1622292K->1444627K(1864192K), 0.0472167 secs] [Times: user=0.22 sys=0.00, real=0.05 secs] 
3802.362: [GC (Allocation Failure) [PSYoungGen: 416756K->107597K(465920K)] 1677587K->1437803K(1864192K), 0.0482804 secs] [Times: user=0.25 sys=0.00, real=0.05 secs] 
3802.410: [Full GC (Ergonomics) [PSYoungGen: 107597K->0K(465920K)] [ParOldGen: 1330206K->92322K(1398272K)] 1437803K->92322K(1864192K), [Metaspace: 60345K->60345K(1105920K)], 0.0344439 secs] [Times: user=0.10 sys=0.00, real=0.03 secs] 
3802.730: [GC (Allocation Failure) [PSYoungGen: 232960K->171411K(465920K)] 325282K->263733K(1864192K), 0.0230175 secs] [Times: user=0.08 sys=0.00, real=0.02 secs] 
3802.870: [GC (Allocation Failure) [PSYoungGen: 404371K->184470K(465920K)] 496693K->327220K(1864192K), 0.0407299 secs] [Times: user=0.18 sys=0.00, real=0.04 secs] 
3803.053: [GC (Allocation Failure) [PSYoungGen: 417430K->186263K(465920K)] 560180K->393070K(1864192K), 0.0548977 secs] [Times: user=0.27 sys=0.00, real=0.05 secs] 
3803.236: [GC (Allocation Failure) [PSYoungGen: 419223K->183220K(465920K)] 626030K->448987K(1864192K), 0.0549214 secs] [Times: user=0.26 sys=0.00, real=0.06 secs] 
3804.589: [GC (GCLocker Initiated GC) [PSYoungGen: 416180K->87370K(465920K)] 681948K->422321K(1864192K), 0.1148320 secs] [Times: user=0.63 sys=0.00, real=0.12 secs] 
3805.344: [GC (Allocation Failure) [PSYoungGen: 320330K->175605K(465920K)] 655448K->539328K(1864192K), 0.0467331 secs] [Times: user=0.20 sys=0.00, real=0.05 secs] 
3805.583: [GC (Allocation Failure) [PSYoungGen: 408565K->184502K(465920K)] 772288K->602957K(1864192K), 0.0593241 secs] [Times: user=0.28 sys=0.00, real=0.06 secs] 
3805.765: [GC (Allocation Failure) [PSYoungGen: 417462K->186773K(465920K)] 835917K->660956K(1864192K), 0.0455995 secs] [Times: user=0.21 sys=0.00, real=0.05 secs] 
3806.752: [GC (Allocation Failure) [PSYoungGen: 419733K->116974K(465920K)] 893916K->661597K(1864192K), 0.0468600 secs] [Times: user=0.23 sys=0.00, real=0.04 secs] 
3808.244: [GC (Allocation Failure) [PSYoungGen: 349934K->145521K(465920K)] 894557K->727421K(1864192K), 0.1288994 secs] [Times: user=0.70 sys=0.00, real=0.13 secs] 
3808.559: [GC (Allocation Failure) [PSYoungGen: 378481K->181653K(465920K)] 960381K->809225K(1864192K), 0.0406279 secs] [Times: user=0.18 sys=0.00, real=0.04 secs] 
3808.758: [GC (Allocation Failure) [PSYoungGen: 414613K->185751K(465920K)] 1042185K->876651K(1864192K), 0.0806339 secs] [Times: user=0.40 sys=0.00, real=0.08 secs] 
3808.968: [GC (Allocation Failure) [PSYoungGen: 418711K->186485K(465920K)] 1109611K->936105K(1864192K), 0.0596019 secs] [Times: user=0.29 sys=0.00, real=0.06 secs] 
3809.992: [GC (Allocation Failure) [PSYoungGen: 419445K->96955K(465920K)] 1169065K->917079K(1864192K), 0.0475378 secs] [Times: user=0.25 sys=0.00, real=0.05 secs] 
3810.452: [GC (Allocation Failure) [PSYoungGen: 329915K->167668K(465920K)] 1150039K->1018757K(1864192K), 0.0479755 secs] [Times: user=0.21 sys=0.00, real=0.05 secs] 
3810.640: [GC (Allocation Failure) [PSYoungGen: 400628K->184598K(465920K)] 1251717K->1088291K(1864192K), 0.0440489 secs] [Times: user=0.20 sys=0.00, real=0.04 secs] 
3810.841: [GC (Allocation Failure) [PSYoungGen: 417558K->183604K(465920K)] 1321251K->1143138K(1864192K), 0.0674385 secs] [Times: user=0.33 sys=0.00, real=0.06 secs] 
3811.851: [GC (Allocation Failure) [PSYoungGen: 416564K->130896K(465920K)] 1376098K->1159665K(1864192K), 0.0498894 secs] [Times: user=0.25 sys=0.00, real=0.05 secs] 
3813.366: [GC (Allocation Failure) [PSYoungGen: 363856K->135824K(465920K)] 1392625K->1206053K(1864192K), 0.1521464 secs] [Times: user=0.84 sys=0.00, real=0.15 secs] 
3813.745: [GC (Allocation Failure) [PSYoungGen: 368784K->178645K(465920K)] 1439013K->1292677K(1864192K), 0.0397698 secs] [Times: user=0.17 sys=0.00, real=0.04 secs] 
3813.905: [GC (Allocation Failure) [PSYoungGen: 411605K->185783K(465920K)] 1525637K->1362175K(1864192K), 0.0503654 secs] [Times: user=0.24 sys=0.00, real=0.05 secs] 
3814.069: [GC (Allocation Failure) [PSYoungGen: 418743K->186837K(465920K)] 1595135K->1422174K(1864192K), 0.0595779 secs] [Times: user=0.30 sys=0.00, real=0.06 secs] 
3815.357: [GC (Allocation Failure) [PSYoungGen: 419797K->89786K(465920K)] 1655134K->1395571K(1864192K), 0.0754157 secs] [Times: user=0.41 sys=0.00, real=0.08 secs] 
3816.353: [GC (Allocation Failure) [PSYoungGen: 322746K->173236K(465920K)] 1628531K->1507750K(1864192K), 0.0472419 secs] [Times: user=0.21 sys=0.00, real=0.05 secs] 
3816.400: [Full GC (Ergonomics) [PSYoungGen: 173236K->0K(465920K)] [ParOldGen: 1334513K->206312K(1398272K)] 1507750K->206312K(1864192K), [Metaspace: 60347K->60347K(1105920K)], 0.2338349 secs] [Times: user=1.08 sys=0.01, real=0.23 secs] 
3816.799: [GC (Allocation Failure) [PSYoungGen: 232875K->181077K(465920K)] 439188K->387390K(1864192K), 0.0272499 secs] [Times: user=0.10 sys=0.00, real=0.02 secs] 
3816.942: [GC (Allocation Failure) [PSYoungGen: 414037K->187189K(465920K)] 620350K->448814K(1864192K), 0.0438480 secs] [Times: user=0.20 sys=0.00, real=0.04 secs] 
3817.891: [GC (Allocation Failure) [PSYoungGen: 420149K->144242K(465920K)] 681774K->476562K(1864192K), 0.0496257 secs] [Times: user=0.24 sys=0.00, real=0.05 secs] 
3818.187: [GC (Allocation Failure) [PSYoungGen: 377202K->130623K(465920K)] 709522K->508592K(1864192K), 0.0723688 secs] [Times: user=0.38 sys=0.00, real=0.07 secs] 
3818.415: [GC (Allocation Failure) [PSYoungGen: 363583K->174676K(465920K)] 741552K->594218K(1864192K), 0.0529094 secs] [Times: user=0.24 sys=0.00, real=0.05 secs] 
3818.665: [GC (Allocation Failure) [PSYoungGen: 407636K->182582K(465920K)] 827178K->663344K(1864192K), 0.0676240 secs] [Times: user=0.33 sys=0.00, real=0.07 secs] 
3818.892: [GC (Allocation Failure) [PSYoungGen: 415542K->186389K(465920K)] 896304K->725503K(1864192K), 0.0781220 secs] [Times: user=0.40 sys=0.00, real=0.08 secs] 
3820.223: [GC (Allocation Failure) [PSYoungGen: 419349K->94683K(465920K)] 958463K->704033K(1864192K), 0.1100368 secs] [Times: user=0.59 sys=0.01, real=0.11 secs] 
3821.558: [GC (Allocation Failure) [PSYoungGen: 327643K->170292K(465920K)] 936993K->810175K(1864192K), 0.0566022 secs] [Times: user=0.25 sys=0.01, real=0.06 secs] 
3821.776: [GC (Allocation Failure) [PSYoungGen: 403252K->184566K(465920K)] 1043135K->877836K(1864192K), 0.0424801 secs] [Times: user=0.19 sys=0.00, real=0.04 secs] 
3821.956: [GC (Allocation Failure) [PSYoungGen: 417526K->232884K(465920K)] 1110796K->986180K(1864192K), 0.0667180 secs] [Times: user=0.32 sys=0.00, real=0.07 secs] 
3822.932: [GC (Allocation Failure) [PSYoungGen: 465844K->151218K(465920K)] 1219140K->975354K(1864192K), 0.0509841 secs] [Times: user=0.25 sys=0.00, real=0.05 secs] 
3824.171: [GC (Allocation Failure) [PSYoungGen: 384178K->118030K(465920K)] 1208314K->990013K(1864192K), 0.1523577 secs] [Times: user=0.86 sys=0.00, real=0.15 secs] 
3824.653: [GC (Allocation Failure) [PSYoungGen: 350990K->172148K(465920K)] 1222973K->1082041K(1864192K), 0.0479332 secs] [Times: user=0.22 sys=0.00, real=0.05 secs] 
3824.860: [GC (Allocation Failure) [PSYoungGen: 405108K->184407K(465920K)] 1315001K->1154267K(1864192K), 0.0533794 secs] [Times: user=0.26 sys=0.00, real=0.05 secs] 
3825.051: [GC (Allocation Failure) [PSYoungGen: 417367K->186933K(465920K)] 1387227K->1215505K(1864192K), 0.0627719 secs] [Times: user=0.31 sys=0.00, real=0.06 secs] 
3826.118: [GC (Allocation Failure) [PSYoungGen: 419893K->97691K(465920K)] 1448465K->1196836K(1864192K), 0.0476918 secs] [Times: user=0.24 sys=0.01, real=0.05 secs] 
3826.490: [GC (Allocation Failure) [PSYoungGen: 330651K->167316K(465920K)] 1429796K->1297905K(1864192K), 0.0649353 secs] [Times: user=0.31 sys=0.01, real=0.06 secs] 
3826.714: [GC (Allocation Failure) [PSYoungGen: 400276K->181333K(465920K)] 1530865K->1364455K(1864192K), 0.0427157 secs] [Times: user=0.19 sys=0.00, real=0.04 secs] 
3826.884: [GC (Allocation Failure) [PSYoungGen: 414293K->184951K(465920K)] 1597415K->1431560K(1864192K), 0.0502881 secs] [Times: user=0.23 sys=0.00, real=0.05 secs] 
3827.871: [GC (Allocation Failure) [PSYoungGen: 417911K->168979K(465920K)] 1664520K->1474328K(1864192K), 0.0593952 secs] [Times: user=0.30 sys=0.00, real=0.06 secs] 
3829.710: [GC (Allocation Failure) [PSYoungGen: 401939K->99355K(465920K)] 1707288K->1469257K(1864192K), 0.1066464 secs] [Times: user=0.58 sys=0.00, real=0.10 secs] 
3829.817: [Full GC (Ergonomics) [PSYoungGen: 99355K->0K(465920K)] [ParOldGen: 1369901K->117576K(1398272K)] 1469257K->117576K(1864192K), [Metaspace: 60347K->60347K(1105920K)], 0.1704703 secs] [Times: user=0.74 sys=0.00, real=0.17 secs] 
3830.607: [GC (Allocation Failure) [PSYoungGen: 232960K->180309K(465920K)] 350536K->297886K(1864192K), 0.0264597 secs] [Times: user=0.10 sys=0.00, real=0.03 secs] 
3830.750: [GC (Allocation Failure) [PSYoungGen: 413269K->184854K(465920K)] 530846K->358567K(1864192K), 0.0414563 secs] [Times: user=0.19 sys=0.00, real=0.04 secs] 
3830.905: [GC (Allocation Failure) [PSYoungGen: 417814K->186837K(465920K)] 591527K->416742K(1864192K), 0.0445091 secs] [Times: user=0.21 sys=0.00, real=0.05 secs] 
3831.951: [GC (GCLocker Initiated GC) [PSYoungGen: 419797K->98844K(465920K)] 649702K->399157K(1864192K), 0.0452643 secs] [Times: user=0.23 sys=0.00, real=0.04 secs] 
3832.532: [GC (GCLocker Initiated GC) [PSYoungGen: 331804K->162451K(465920K)] 632122K->495158K(1864192K), 0.0519776 secs] [Times: user=0.23 sys=0.00, real=0.05 secs] 
3832.785: [GC (Allocation Failure) [PSYoungGen: 395411K->183829K(465920K)] 728284K->567218K(1864192K), 0.0499354 secs] [Times: user=0.23 sys=0.00, real=0.05 secs] 
3832.955: [GC (Allocation Failure) [PSYoungGen: 416789K->186039K(465920K)] 800178K->633395K(1864192K), 0.0495823 secs] [Times: user=0.23 sys=0.00, real=0.05 secs] 
3833.175: [GC (Allocation Failure) [PSYoungGen: 418999K->215412K(465920K)] 866355K->721785K(1864192K), 0.0574775 secs] [Times: user=0.28 sys=0.00, real=0.06 secs] 
3834.207: [GC (Allocation Failure) [PSYoungGen: 448372K->88138K(465920K)] 954745K->663319K(1864192K), 0.0514613 secs] [Times: user=0.28 sys=0.00, real=0.05 secs] 
3834.709: [GC (Allocation Failure) [PSYoungGen: 321098K->179701K(465920K)] 896279K->782919K(1864192K), 0.0474892 secs] [Times: user=0.20 sys=0.00, real=0.05 secs] 
3834.892: [GC (Allocation Failure) [PSYoungGen: 412661K->183957K(465920K)] 1015879K->843287K(1864192K), 0.0434228 secs] [Times: user=0.19 sys=0.00, real=0.04 secs] 
3835.102: [GC (Allocation Failure) [PSYoungGen: 416917K->186869K(465920K)] 1076247K->901918K(1864192K), 0.0691208 secs] [Times: user=0.35 sys=0.00, real=0.07 secs] 
3836.201: [GC (Allocation Failure) [PSYoungGen: 419829K->103244K(465920K)] 1134878K->888806K(1864192K), 0.0450050 secs] [Times: user=0.24 sys=0.00, real=0.04 secs] 
3837.811: [GC (Allocation Failure) [PSYoungGen: 336204K->164307K(465920K)] 1121766K->983289K(1864192K), 0.0940829 secs] [Times: user=0.47 sys=0.00, real=0.09 secs] 
3838.085: [GC (Allocation Failure) [PSYoungGen: 397267K->178933K(465920K)] 1216249K->1049155K(1864192K), 0.0430669 secs] [Times: user=0.20 sys=0.00, real=0.04 secs] 
3838.246: [GC (Allocation Failure) [PSYoungGen: 411893K->182742K(465920K)] 1282115K->1115876K(1864192K), 0.0506331 secs] [Times: user=0.24 sys=0.00, real=0.05 secs] 
3838.410: [GC (Allocation Failure) [PSYoungGen: 415702K->186709K(465920K)] 1348836K->1177931K(1864192K), 0.0569116 secs] [Times: user=0.28 sys=0.00, real=0.05 secs] 
3839.823: [GC (Allocation Failure) [PSYoungGen: 419669K->89370K(465920K)] 1410891K->1150984K(1864192K), 0.1218787 secs] [Times: user=0.67 sys=0.00, real=0.12 secs] 
3840.278: [GC (Allocation Failure) [PSYoungGen: 322330K->181686K(465920K)] 1383944K->1271440K(1864192K), 0.0346728 secs] [Times: user=0.14 sys=0.00, real=0.04 secs] 
3840.463: [GC (Allocation Failure) [PSYoungGen: 414646K->178421K(465920K)] 1504400K->1324924K(1864192K), 0.0723180 secs] [Times: user=0.30 sys=0.00, real=0.07 secs] 
3840.718: [GC (Allocation Failure) [PSYoungGen: 411381K->186101K(465920K)] 1557884K->1386468K(1864192K), 0.0660423 secs] [Times: user=0.32 sys=0.01, real=0.07 secs] 
3841.743: [GC (Allocation Failure) [PSYoungGen: 419061K->113565K(465920K)] 1619428K->1384220K(1864192K), 0.0494441 secs] [Times: user=0.25 sys=0.00, real=0.05 secs] 
3842.237: [GC (Allocation Failure) [PSYoungGen: 346525K->153106K(465920K)] 1617180K->1460102K(1864192K), 0.1022916 secs] [Times: user=0.54 sys=0.01, real=0.10 secs] 
3842.501: [GC (Allocation Failure) [PSYoungGen: 386066K->184118K(465920K)] 1693062K->1540385K(1864192K), 0.0431570 secs] [Times: user=0.19 sys=0.01, real=0.04 secs] 
3842.544: [Full GC (Ergonomics) [PSYoungGen: 184118K->0K(465920K)] [ParOldGen: 1356267K->251633K(1398272K)] 1540385K->251633K(1864192K), [Metaspace: 60347K->60347K(1105920K)], 0.3093675 secs] [Times: user=1.43 sys=0.00, real=0.31 secs] 
3842.974: [GC (Allocation Failure) [PSYoungGen: 232960K->185527K(465920K)] 484593K->437161K(1864192K), 0.0837185 secs] [Times: user=0.43 sys=0.00, real=0.08 secs] 
3843.172: [GC (Allocation Failure) [PSYoungGen: 418487K->186229K(465920K)] 670121K->496631K(1864192K), 0.0570863 secs] [Times: user=0.28 sys=0.00, real=0.05 secs] 
3844.490: [GC (Allocation Failure) [PSYoungGen: 419189K->94523K(465920K)] 729591K->475337K(1864192K), 0.1093331 secs] [Times: user=0.59 sys=0.01, real=0.11 secs] 
3845.023: [GC (Allocation Failure) [PSYoungGen: 327483K->178709K(465920K)] 708297K->589344K(1864192K), 0.0404193 secs] [Times: user=0.18 sys=0.00, real=0.04 secs] 
3845.180: [GC (Allocation Failure) [PSYoungGen: 411669K->184950K(465920K)] 822304K->651809K(1864192K), 0.0432257 secs] [Times: user=0.20 sys=0.00, real=0.04 secs] 
3845.399: [GC (Allocation Failure) [PSYoungGen: 417910K->186421K(465920K)] 884769K->709360K(1864192K), 0.0706994 secs] [Times: user=0.33 sys=0.00, real=0.07 secs] 
3846.426: [GC (Allocation Failure) [PSYoungGen: 419381K->112893K(465920K)] 942320K->705944K(1864192K), 0.0464587 secs] [Times: user=0.24 sys=0.00, real=0.05 secs] 
3847.734: [GC (Allocation Failure) [PSYoungGen: 345853K->151186K(465920K)] 938904K->780169K(1864192K), 0.0928614 secs] [Times: user=0.48 sys=0.00, real=0.09 secs] 
3847.992: [GC (Allocation Failure) [PSYoungGen: 384146K->181077K(465920K)] 1013129K->857281K(1864192K), 0.0404224 secs] [Times: user=0.18 sys=0.01, real=0.04 secs] 
3848.152: [GC (Allocation Failure) [PSYoungGen: 414037K->185367K(465920K)] 1090241K->924883K(1864192K), 0.0497213 secs] [Times: user=0.23 sys=0.00, real=0.05 secs] 
3848.313: [GC (Allocation Failure) [PSYoungGen: 418327K->186805K(465920K)] 1157843K->985113K(1864192K), 0.0574762 secs] [Times: user=0.29 sys=0.00, real=0.06 secs] 
3849.392: [GC (Allocation Failure) [PSYoungGen: 419765K->93803K(465920K)] 1218073K->962551K(1864192K), 0.0428720 secs] [Times: user=0.22 sys=0.00, real=0.04 secs] 
3849.701: [GC (Allocation Failure) [PSYoungGen: 326763K->175061K(465920K)] 1195511K->1074090K(1864192K), 0.0498328 secs] [Times: user=0.22 sys=0.01, real=0.05 secs] 
3849.915: [GC (Allocation Failure) [PSYoungGen: 408021K->184021K(465920K)] 1307050K->1137754K(1864192K), 0.0438684 secs] [Times: user=0.20 sys=0.00, real=0.04 secs] 
3850.072: [GC (Allocation Failure) [PSYoungGen: 416981K->183604K(465920K)] 1370714K->1193353K(1864192K), 0.0456854 secs] [Times: user=0.21 sys=0.00, real=0.04 secs] 
3851.114: [GC (Allocation Failure) [PSYoungGen: 416564K->122063K(465920K)] 1426313K->1200972K(1864192K), 0.0475869 secs] [Times: user=0.24 sys=0.00, real=0.05 secs] 
3851.991: [GC (Allocation Failure) [PSYoungGen: 355023K->145233K(465920K)] 1433932K->1263062K(1864192K), 0.1532935 secs] [Times: user=0.84 sys=0.00, real=0.15 secs] 
3852.325: [GC (Allocation Failure) [PSYoungGen: 378193K->192086K(465920K)] 1496022K->1356015K(1864192K), 0.0408834 secs] [Times: user=0.18 sys=0.00, real=0.04 secs] 
3852.485: [GC (Allocation Failure) [PSYoungGen: 425046K->185655K(465920K)] 1588975K->1413449K(1864192K), 0.0508563 secs] [Times: user=0.24 sys=0.01, real=0.05 secs] 
3852.688: [GC (Allocation Failure) [PSYoungGen: 418615K->186453K(465920K)] 1646409K->1473015K(1864192K), 0.0803276 secs] [Times: user=0.41 sys=0.00, real=0.08 secs] 
3854.313: [GC (Allocation Failure) [PSYoungGen: 419413K->89482K(465920K)] 1705975K->1446588K(1864192K), 0.1025243 secs] [Times: user=0.56 sys=0.00, real=0.10 secs] 
3854.415: [Full GC (Ergonomics) [PSYoungGen: 89482K->0K(465920K)] [ParOldGen: 1357105K->98085K(1398272K)] 1446588K->98085K(1864192K), [Metaspace: 60367K->60367K(1105920K)], 0.1361546 secs] [Times: user=0.57 sys=0.00, real=0.14 secs] 
3855.369: [GC (Allocation Failure) [PSYoungGen: 232960K->173845K(465920K)] 331045K->271931K(1864192K), 0.0332435 secs] [Times: user=0.12 sys=0.01, real=0.04 secs] 
3855.540: [GC (Allocation Failure) [PSYoungGen: 406805K->184950K(465920K)] 504891K->337136K(1864192K), 0.0422787 secs] [Times: user=0.19 sys=0.00, real=0.04 secs] 
3855.693: [GC (Allocation Failure) [PSYoungGen: 417910K->187061K(465920K)] 570096K->395447K(1864192K), 0.0447581 secs] [Times: user=0.21 sys=0.00, real=0.04 secs] 
3856.737: [GC (Allocation Failure) [PSYoungGen: 420021K->125903K(465920K)] 628407K->404745K(1864192K), 0.0473875 secs] [Times: user=0.23 sys=0.00, real=0.05 secs] 
3857.011: [GC (Allocation Failure) [PSYoungGen: 358863K->142113K(465920K)] 637705K->460999K(1864192K), 0.0698682 secs] [Times: user=0.36 sys=0.00, real=0.07 secs] 
3857.230: [GC (Allocation Failure) [PSYoungGen: 375073K->174868K(465920K)] 693959K->538819K(1864192K), 0.0515993 secs] [Times: user=0.24 sys=0.00, real=0.05 secs] 
3857.456: [GC (Allocation Failure) [PSYoungGen: 407828K->185719K(465920K)] 771779K->610958K(1864192K), 0.0693297 secs] [Times: user=0.34 sys=0.00, real=0.07 secs] 
3857.650: [GC (Allocation Failure) [PSYoungGen: 418679K->186837K(465920K)] 843918K->671004K(1864192K), 0.0575908 secs] [Times: user=0.29 sys=0.00, real=0.05 secs] 
3858.922: [GC (Allocation Failure) [PSYoungGen: 419797K->86602K(465920K)] 903964K->641185K(1864192K), 0.0970990 secs] [Times: user=0.53 sys=0.01, real=0.09 secs] 
3860.185: [GC (Allocation Failure) [PSYoungGen: 319562K->177109K(465920K)] 874145K->759457K(1864192K), 0.0442063 secs] [Times: user=0.19 sys=0.00, real=0.04 secs] 
3860.408: [GC (Allocation Failure) [PSYoungGen: 410069K->182101K(465920K)] 992417K->819713K(1864192K), 0.0610664 secs] [Times: user=0.29 sys=0.00, real=0.06 secs] 
3860.596: [GC (Allocation Failure) [PSYoungGen: 415061K->187253K(465920K)] 1052673K->880265K(1864192K), 0.0453536 secs] [Times: user=0.21 sys=0.00, real=0.05 secs] 
3861.616: [GC (Allocation Failure) [PSYoungGen: 420213K->140209K(465920K)] 1113225K->903821K(1864192K), 0.0495079 secs] [Times: user=0.24 sys=0.00, real=0.05 secs] 
3863.052: [GC (Allocation Failure) [PSYoungGen: 373169K->129263K(465920K)] 1136781K->937547K(1864192K), 0.1327496 secs] [Times: user=0.73 sys=0.00, real=0.13 secs] 
3863.396: [GC (Allocation Failure) [PSYoungGen: 362223K->175540K(465920K)] 1170507K->1025361K(1864192K), 0.0384205 secs] [Times: user=0.17 sys=0.00, real=0.04 secs] 
3863.552: [GC (Allocation Failure) [PSYoungGen: 408500K->181942K(465920K)] 1258321K->1092803K(1864192K), 0.0494814 secs] [Times: user=0.23 sys=0.01, real=0.05 secs] 
3863.714: [GC (GCLocker Initiated GC) [PSYoungGen: 414902K->185077K(465920K)] 1325764K->1153650K(1864192K), 0.0574068 secs] [Times: user=0.28 sys=0.00, real=0.06 secs] 
3864.813: [GC (Allocation Failure) [PSYoungGen: 418037K->95419K(465920K)] 1386613K->1134060K(1864192K), 0.0448385 secs] [Times: user=0.23 sys=0.00, real=0.04 secs] 
3865.137: [GC (Allocation Failure) [PSYoungGen: 328379K->170708K(465920K)] 1367020K->1239746K(1864192K), 0.0464928 secs] [Times: user=0.20 sys=0.00, real=0.05 secs] 
3865.348: [GC (Allocation Failure) [PSYoungGen: 403668K->184406K(465920K)] 1472706K->1307299K(1864192K), 0.0445823 secs] [Times: user=0.20 sys=0.00, real=0.05 secs] 
3865.529: [GC (Allocation Failure) [PSYoungGen: 403359K->171349K(465920K)] 1526252K->1358314K(1864192K), 0.0667532 secs] [Times: user=0.33 sys=0.00, real=0.07 secs] 
3866.476: [GC (Allocation Failure) [PSYoungGen: 404309K->168275K(461824K)] 1591274K->1409496K(1860096K), 0.0566428 secs] [Times: user=0.28 sys=0.01, real=0.06 secs] 
3867.242: [GC (GCLocker Initiated GC) [PSYoungGen: 401235K->104332K(463872K)] 1642456K->1409934K(1862144K), 0.1117557 secs] [Times: user=0.61 sys=0.00, real=0.11 secs] 
3868.005: [GC (Allocation Failure) [PSYoungGen: 337292K->176662K(465920K)] 1651252K->1524239K(1864192K), 0.1265152 secs] [Times: user=0.69 sys=0.00, real=0.13 secs] 
3868.132: [Full GC (Ergonomics) [PSYoungGen: 176662K->0K(465920K)] [ParOldGen: 1347577K->236213K(1398272K)] 1524239K->236213K(1864192K), [Metaspace: 60367K->60367K(1105920K)], 0.2411795 secs] [Times: user=1.01 sys=0.00, real=0.24 secs] 
3868.501: [GC (Allocation Failure) [PSYoungGen: 232960K->184983K(465920K)] 469173K->421197K(1864192K), 0.0834024 secs] [Times: user=0.43 sys=0.00, real=0.08 secs] 
3868.698: [GC (Allocation Failure) [PSYoungGen: 417943K->186421K(465920K)] 654157K->481339K(1864192K), 0.0568965 secs] [Times: user=0.28 sys=0.00, real=0.06 secs] 
3869.871: [GC (Allocation Failure) [PSYoungGen: 419381K->94171K(465920K)] 714299K->459449K(1864192K), 0.0647216 secs] [Times: user=0.35 sys=0.00, real=0.06 secs] 
3870.996: [GC (Allocation Failure) [PSYoungGen: 327131K->165748K(465920K)] 692409K->560990K(1864192K), 0.0519830 secs] [Times: user=0.23 sys=0.00, real=0.05 secs] 
3871.202: [GC (Allocation Failure) [PSYoungGen: 398708K->192726K(465920K)] 793950K->639769K(1864192K), 0.0471865 secs] [Times: user=0.17 sys=0.00, real=0.05 secs] 
3871.390: [GC (Allocation Failure) [PSYoungGen: 425686K->182614K(465920K)] 872729K->693713K(1864192K), 0.0716796 secs] [Times: user=0.35 sys=0.01, real=0.07 secs] 
3872.283: [GC (Allocation Failure) [PSYoungGen: 413046K->210579K(465920K)] 924145K->779478K(1864192K), 0.0568488 secs] [Times: user=0.29 sys=0.00, real=0.06 secs] 
3872.647: [GC (Allocation Failure) [PSYoungGen: 443539K->101052K(465920K)] 1012438K->736343K(1864192K), 0.0521894 secs] [Times: user=0.27 sys=0.01, real=0.05 secs] 
3873.136: [GC (Allocation Failure) [PSYoungGen: 334012K->179221K(465920K)] 969303K->846477K(1864192K), 0.0484889 secs] [Times: user=0.22 sys=0.00, real=0.05 secs] 
3873.373: [GC (Allocation Failure) [PSYoungGen: 412181K->181557K(465920K)] 1079437K->904837K(1864192K), 0.0611440 secs] [Times: user=0.29 sys=0.00, real=0.06 secs] 
3873.557: [GC (Allocation Failure) [PSYoungGen: 414517K->186837K(465920K)] 1137797K->965493K(1864192K), 0.0457246 secs] [Times: user=0.21 sys=0.00, real=0.05 secs] 
3874.653: [GC (Allocation Failure) [PSYoungGen: 419797K->98492K(465920K)] 1198453K->947536K(1864192K), 0.0713428 secs] [Times: user=0.38 sys=0.00, real=0.07 secs] 
3876.293: [GC (Allocation Failure) [PSYoungGen: 331452K->163891K(465920K)] 1180496K->1044548K(1864192K), 0.0885244 secs] [Times: user=0.43 sys=0.00, real=0.09 secs] 
3876.561: [GC (Allocation Failure) [PSYoungGen: 396851K->184630K(465920K)] 1277508K->1116795K(1864192K), 0.0439347 secs] [Times: user=0.20 sys=0.00, real=0.04 secs] 
3876.725: [GC (Allocation Failure) [PSYoungGen: 417590K->185879K(465920K)] 1349755K->1182260K(1864192K), 0.0520391 secs] [Times: user=0.24 sys=0.00, real=0.05 secs] 
3876.947: [GC (Allocation Failure) [PSYoungGen: 418206K->217877K(465920K)] 1414587K->1273242K(1864192K), 0.0569611 secs] [Times: user=0.28 sys=0.00, real=0.06 secs] 
3878.301: [GC (Allocation Failure) [PSYoungGen: 450837K->87114K(465920K)] 1506202K->1212263K(1864192K), 0.0969351 secs] [Times: user=0.53 sys=0.00, real=0.09 secs] 
3878.776: [GC (Allocation Failure) [PSYoungGen: 320074K->175381K(465920K)] 1445223K->1327923K(1864192K), 0.0567456 secs] [Times: user=0.25 sys=0.00, real=0.06 secs] 
3879.039: [GC (Allocation Failure) [PSYoungGen: 408341K->184214K(465920K)] 1560883K->1391664K(1864192K), 0.0475039 secs] [Times: user=0.21 sys=0.01, real=0.05 secs] 
3879.209: [GC (Allocation Failure) [PSYoungGen: 417174K->186805K(465920K)] 1624624K->1449967K(1864192K), 0.0468894 secs] [Times: user=0.22 sys=0.00, real=0.04 secs] 
3880.266: [GC (GCLocker Initiated GC) [PSYoungGen: 419765K->107421K(465920K)] 1682928K->1441056K(1864192K), 0.0473294 secs] [Times: user=0.24 sys=0.00, real=0.05 secs] 
3880.313: [Full GC (Ergonomics) [PSYoungGen: 107421K->0K(465920K)] [ParOldGen: 1333635K->93634K(1398272K)] 1441056K->93634K(1864192K), [Metaspace: 60367K->60367K(1105920K)], 0.0364511 secs] [Times: user=0.11 sys=0.00, real=0.04 secs] 
3880.839: [GC (GCLocker Initiated GC) [PSYoungGen: 232960K->158067K(465920K)] 326601K->251708K(1864192K), 0.0419430 secs] [Times: user=0.16 sys=0.00, real=0.05 secs] 
3881.073: [GC (Allocation Failure) [PSYoungGen: 391027K->182293K(465920K)] 484669K->325816K(1864192K), 0.0404672 secs] [Times: user=0.18 sys=0.00, real=0.04 secs] 
3881.283: [GC (Allocation Failure) [PSYoungGen: 415253K->184887K(465920K)] 558776K->392081K(1864192K), 0.0744720 secs] [Times: user=0.37 sys=0.00, real=0.07 secs] 
3881.955: [GC (Allocation Failure) [PSYoungGen: 417847K->201845K(465920K)] 625041K->467687K(1864192K), 0.1175018 secs] [Times: user=0.62 sys=0.00, real=0.12 secs] 
3884.759: [GC (Allocation Failure) [PSYoungGen: 434066K->87226K(465920K)] 699908K->423077K(1864192K), 0.1113694 secs] [Times: user=0.60 sys=0.00, real=0.12 secs] 
3885.938: [GC (Allocation Failure) [PSYoungGen: 320186K->171220K(465920K)] 656037K->534332K(1864192K), 0.0460318 secs] [Times: user=0.19 sys=0.01, real=0.05 secs] 
3886.201: [GC (Allocation Failure) [PSYoungGen: 404180K->184598K(465920K)] 767292K->601797K(1864192K), 0.0583831 secs] [Times: user=0.27 sys=0.00, real=0.05 secs] 
3886.434: [GC (Allocation Failure) [PSYoungGen: 417558K->185013K(465920K)] 834757K->658196K(1864192K), 0.0627406 secs] [Times: user=0.31 sys=0.00, real=0.06 secs] 
3887.445: [GC (Allocation Failure) [PSYoungGen: 417973K->121295K(465920K)] 891156K->664518K(1864192K), 0.0467298 secs] [Times: user=0.24 sys=0.00, real=0.05 secs] 
3887.859: [GC (Allocation Failure) [PSYoungGen: 354255K->151602K(465920K)] 897478K->733430K(1864192K), 0.1221292 secs] [Times: user=0.65 sys=0.00, real=0.13 secs] 
3888.190: [GC (Allocation Failure) [PSYoungGen: 384562K->178165K(465920K)] 966390K->807545K(1864192K), 0.0405933 secs] [Times: user=0.18 sys=0.00, real=0.04 secs] 
3888.373: [GC (Allocation Failure) [PSYoungGen: 411125K->181974K(465920K)] 1040505K->873539K(1864192K), 0.0505411 secs] [Times: user=0.24 sys=0.00, real=0.05 secs] 
3888.560: [GC (Allocation Failure) [PSYoungGen: 414934K->186709K(465920K)] 1106499K->936425K(1864192K), 0.0785035 secs] [Times: user=0.40 sys=0.00, real=0.07 secs] 
3889.636: [GC (Allocation Failure) [PSYoungGen: 419669K->96987K(465920K)] 1169385K->917208K(1864192K), 0.0631585 secs] [Times: user=0.34 sys=0.00, real=0.06 secs] 
3890.469: [GC (Allocation Failure) [PSYoungGen: 329947K->174997K(465920K)] 1150168K->1026174K(1864192K), 0.0527095 secs] [Times: user=0.23 sys=0.00, real=0.06 secs] 
3890.671: [GC (Allocation Failure) [PSYoungGen: 407957K->184566K(465920K)] 1259134K->1090755K(1864192K), 0.0447528 secs] [Times: user=0.20 sys=0.00, real=0.04 secs] 
3890.858: [GC (Allocation Failure) [PSYoungGen: 417526K->181236K(465920K)] 1323715K->1143458K(1864192K), 0.0609658 secs] [Times: user=0.30 sys=0.00, real=0.06 secs] 
3891.907: [GC (Allocation Failure) [PSYoungGen: 414196K->128400K(465920K)] 1376418K->1159853K(1864192K), 0.0495829 secs] [Times: user=0.25 sys=0.00, real=0.05 secs] 
3893.454: [GC (GCLocker Initiated GC) [PSYoungGen: 361360K->143889K(465920K)] 1392813K->1216174K(1864192K), 0.1588986 secs] [Times: user=0.88 sys=0.00, real=0.16 secs] 
3893.791: [GC (Allocation Failure) [PSYoungGen: 376849K->180789K(465920K)] 1449137K->1298595K(1864192K), 0.0412712 secs] [Times: user=0.18 sys=0.00, real=0.04 secs] 
3893.995: [GC (Allocation Failure) [PSYoungGen: 413749K->185879K(465920K)] 1531555K->1367036K(1864192K), 0.0762264 secs] [Times: user=0.38 sys=0.00, real=0.08 secs] 
3894.248: [GC (Allocation Failure) [PSYoungGen: 418839K->186165K(465920K)] 1599996K->1426386K(1864192K), 0.0707146 secs] [Times: user=0.36 sys=0.00, real=0.07 secs] 
3895.386: [GC (Allocation Failure) [PSYoungGen: 419125K->85994K(465920K)] 1659346K->1396495K(1864192K), 0.0490343 secs] [Times: user=0.26 sys=0.00, real=0.05 secs] 
3895.720: [GC (Allocation Failure) [PSYoungGen: 318954K->177653K(465920K)] 1629455K->1516184K(1864192K), 0.0535646 secs] [Times: user=0.24 sys=0.00, real=0.05 secs] 
3895.774: [Full GC (Ergonomics) [PSYoungGen: 177653K->0K(465920K)] [ParOldGen: 1338530K->212617K(1398272K)] 1516184K->212617K(1864192K), [Metaspace: 60369K->60369K(1105920K)], 0.2572473 secs] [Times: user=1.22 sys=0.00, real=0.26 secs] 
3896.145: [GC (Allocation Failure) [PSYoungGen: 232960K->184278K(465920K)] 445577K->396895K(1864192K), 0.0268509 secs] [Times: user=0.09 sys=0.00, real=0.03 secs] 
3896.280: [GC (Allocation Failure) [PSYoungGen: 417238K->200629K(465920K)] 629855K->469294K(1864192K), 0.0447887 secs] [Times: user=0.21 sys=0.00, real=0.04 secs] 
3897.229: [GC (Allocation Failure) [PSYoungGen: 433589K->134416K(465920K)] 702254K->472498K(1864192K), 0.0480554 secs] [Times: user=0.24 sys=0.00, real=0.05 secs] 
3898.013: [GC (Allocation Failure) [PSYoungGen: 367376K->133664K(465920K)] 705458K->514458K(1864192K), 0.1398055 secs] [Times: user=0.77 sys=0.00, real=0.14 secs] 
3898.348: [GC (Allocation Failure) [PSYoungGen: 366624K->175796K(465920K)] 747418K->599223K(1864192K), 0.0380694 secs] [Times: user=0.16 sys=0.00, real=0.04 secs] 
3898.506: [GC (Allocation Failure) [PSYoungGen: 408756K->185527K(465920K)] 832183K->670574K(1864192K), 0.0488804 secs] [Times: user=0.23 sys=0.00, real=0.05 secs] 
3898.668: [GC (Allocation Failure) [PSYoungGen: 418487K->186581K(465920K)] 903534K->730628K(1864192K), 0.0573532 secs] [Times: user=0.29 sys=0.00, real=0.06 secs] 
3900.403: [GC (Allocation Failure) [PSYoungGen: 419541K->90906K(465920K)] 963588K->705129K(1864192K), 0.1152692 secs] [Times: user=0.64 sys=0.00, real=0.11 secs] 
3901.551: [GC (Allocation Failure) [PSYoungGen: 323866K->173461K(465920K)] 938089K->816376K(1864192K), 0.0488420 secs] [Times: user=0.22 sys=0.00, real=0.05 secs] 
3901.750: [GC (Allocation Failure) [PSYoungGen: 406421K->184502K(465920K)] 1049336K->881893K(1864192K), 0.0428150 secs] [Times: user=0.19 sys=0.00, real=0.04 secs] 
3901.904: [GC (Allocation Failure) [PSYoungGen: 417462K->184468K(465920K)] 1114853K->937868K(1864192K), 0.0458388 secs] [Times: user=0.20 sys=0.00, real=0.05 secs] 
3902.914: [GC (Allocation Failure) [PSYoungGen: 417428K->146322K(465920K)] 1170828K->969258K(1864192K), 0.0498596 secs] [Times: user=0.25 sys=0.00, real=0.05 secs] 
3903.292: [GC (Allocation Failure) [PSYoungGen: 379282K->127455K(465920K)] 1202218K->996815K(1864192K), 0.1243080 secs] [Times: user=0.68 sys=0.01, real=0.12 secs] 
3903.588: [GC (Allocation Failure) [PSYoungGen: 360415K->174036K(465920K)] 1229775K->1084197K(1864192K), 0.0380075 secs] [Times: user=0.16 sys=0.00, real=0.04 secs] 
3903.743: [GC (Allocation Failure) [PSYoungGen: 406996K->181046K(465920K)] 1317157K->1152095K(1864192K), 0.0482204 secs] [Times: user=0.22 sys=0.00, real=0.05 secs] 
3903.906: [GC (Allocation Failure) [PSYoungGen: 414006K->186421K(465920K)] 1385055K->1214846K(1864192K), 0.0568621 secs] [Times: user=0.28 sys=0.00, real=0.06 secs] 
3904.960: [GC (Allocation Failure) [PSYoungGen: 419381K->96971K(465920K)] 1447806K->1195704K(1864192K), 0.0473318 secs] [Times: user=0.25 sys=0.00, real=0.04 secs] 
3905.440: [GC (Allocation Failure) [PSYoungGen: 329931K->174485K(465920K)] 1428664K->1304646K(1864192K), 0.0349789 secs] [Times: user=0.14 sys=0.00, real=0.03 secs] 
3905.589: [GC (Allocation Failure) [PSYoungGen: 407445K->181781K(465920K)] 1537606K->1366387K(1864192K), 0.0442443 secs] [Times: user=0.20 sys=0.00, real=0.05 secs] 
3905.746: [GC (Allocation Failure) [PSYoungGen: 414741K->187669K(465920K)] 1599347K->1427635K(1864192K), 0.0466083 secs] [Times: user=0.22 sys=0.00, real=0.05 secs] 
3907.725: [GC (Allocation Failure) [PSYoungGen: 420629K->151954K(465920K)] 1660595K->1462752K(1864192K), 0.0524604 secs] [Times: user=0.26 sys=0.00, real=0.05 secs] 
3908.878: [GC (Allocation Failure) [PSYoungGen: 384914K->112653K(465920K)] 1695712K->1471771K(1864192K), 0.1784438 secs] [Times: user=1.01 sys=0.00, real=0.18 secs] 
3909.056: [Full GC (Ergonomics) [PSYoungGen: 112653K->0K(465920K)] [ParOldGen: 1359117K->130316K(1398272K)] 1471771K->130316K(1864192K), [Metaspace: 60369K->60369K(1105920K)], 0.1610750 secs] [Times: user=0.74 sys=0.00, real=0.16 secs] 
3909.494: [GC (Allocation Failure) [PSYoungGen: 226249K->171316K(465920K)] 356565K->301633K(1864192K), 0.0240845 secs] [Times: user=0.08 sys=0.00, real=0.02 secs] 
3909.670: [GC (Allocation Failure) [PSYoungGen: 404276K->184950K(465920K)] 534593K->368786K(1864192K), 0.0559851 secs] [Times: user=0.27 sys=0.00, real=0.05 secs] 
3909.840: [GC (Allocation Failure) [PSYoungGen: 417910K->186869K(465920K)] 601746K->426617K(1864192K), 0.0450559 secs] [Times: user=0.21 sys=0.00, real=0.04 secs] 
3910.825: [GC (GCLocker Initiated GC) [PSYoungGen: 419829K->98619K(465920K)] 659577K->408896K(1864192K), 0.0489449 secs] [Times: user=0.26 sys=0.00, real=0.05 secs] 
3911.157: [GC (Allocation Failure) [PSYoungGen: 331579K->169876K(465920K)] 641858K->511799K(1864192K), 0.0716581 secs] [Times: user=0.35 sys=0.01, real=0.07 secs] 
3911.419: [GC (Allocation Failure) [PSYoungGen: 402836K->178293K(465920K)] 744759K->573332K(1864192K), 0.0506891 secs] [Times: user=0.24 sys=0.01, real=0.06 secs] 
3911.587: [GC (Allocation Failure) [PSYoungGen: 411253K->185623K(465920K)] 806292K->643406K(1864192K), 0.0490045 secs] [Times: user=0.23 sys=0.00, real=0.05 secs] 
3912.399: [GC (Allocation Failure) [PSYoungGen: 418106K->215188K(465920K)] 875889K->731835K(1864192K), 0.0581059 secs] [Times: user=0.29 sys=0.00, real=0.06 secs] 
3912.907: [GC (GCLocker Initiated GC) [PSYoungGen: 448148K->98763K(465920K)] 964796K->683220K(1864192K), 0.0675425 secs] [Times: user=0.36 sys=0.00, real=0.07 secs] 
3913.692: [GC (Allocation Failure) [PSYoungGen: 331723K->173589K(465920K)] 916182K->789697K(1864192K), 0.0478324 secs] [Times: user=0.22 sys=0.00, real=0.05 secs] 
3913.874: [GC (Allocation Failure) [PSYoungGen: 406549K->184598K(465920K)] 1022657K->855230K(1864192K), 0.0442479 secs] [Times: user=0.20 sys=0.00, real=0.04 secs] 
3914.032: [GC (Allocation Failure) [PSYoungGen: 417558K->186549K(465920K)] 1088190K->913005K(1864192K), 0.0467324 secs] [Times: user=0.21 sys=0.00, real=0.04 secs] 
3915.187: [GC (Allocation Failure) [PSYoungGen: 419509K->101724K(465920K)] 1145965K->898588K(1864192K), 0.0616512 secs] [Times: user=0.33 sys=0.00, real=0.06 secs] 
3916.946: [GC (Allocation Failure) [PSYoungGen: 334684K->165267K(465920K)] 1131548K->994640K(1864192K), 0.0704027 secs] [Times: user=0.34 sys=0.00, real=0.07 secs] 
3917.220: [GC (Allocation Failure) [PSYoungGen: 398227K->181397K(465920K)] 1227600K->1062398K(1864192K), 0.0502377 secs] [Times: user=0.24 sys=0.00, real=0.05 secs] 
3917.415: [GC (Allocation Failure) [PSYoungGen: 414357K->185655K(465920K)] 1295358K->1129944K(1864192K), 0.0668756 secs] [Times: user=0.33 sys=0.00, real=0.07 secs] 
3917.614: [GC (Allocation Failure) [PSYoungGen: 418615K->186133K(465920K)] 1362904K->1189278K(1864192K), 0.0548863 secs] [Times: user=0.27 sys=0.01, real=0.05 secs] 
3918.716: [GC (Allocation Failure) [PSYoungGen: 419093K->85882K(465920K)] 1422238K->1159267K(1864192K), 0.0543568 secs] [Times: user=0.29 sys=0.00, real=0.06 secs] 
3919.184: [GC (Allocation Failure) [PSYoungGen: 318842K->178581K(465920K)] 1392227K->1278963K(1864192K), 0.0444018 secs] [Times: user=0.19 sys=0.01, real=0.04 secs] 
3919.417: [GC (Allocation Failure) [PSYoungGen: 411541K->184406K(465920K)] 1511923K->1340784K(1864192K), 0.0622550 secs] [Times: user=0.30 sys=0.00, real=0.07 secs] 
3919.601: [GC (Allocation Failure) [PSYoungGen: 417366K->187093K(465920K)] 1573744K->1399383K(1864192K), 0.0469508 secs] [Times: user=0.22 sys=0.00, real=0.04 secs] 
3920.662: [GC (Allocation Failure) [PSYoungGen: 420053K->104556K(465920K)] 1632343K->1387347K(1864192K), 0.0494809 secs] [Times: user=0.26 sys=0.00, real=0.05 secs] 
3921.835: [GC (Allocation Failure) [PSYoungGen: 337516K->157458K(465920K)] 1620307K->1473770K(1864192K), 0.1225491 secs] [Times: user=0.65 sys=0.00, real=0.12 secs] 
3921.958: [Full GC (Ergonomics) [PSYoungGen: 157458K->0K(465920K)] [ParOldGen: 1316311K->176180K(1398272K)] 1473770K->176180K(1864192K), [Metaspace: 60369K->60369K(1105920K)], 0.2316399 secs] [Times: user=1.11 sys=0.00, real=0.24 secs] 
3922.308: [GC (Allocation Failure) [PSYoungGen: 232960K->184438K(465920K)] 409140K->360618K(1864192K), 0.0333415 secs] [Times: user=0.14 sys=0.00, real=0.04 secs] 
3922.478: [GC (Allocation Failure) [PSYoungGen: 417398K->182774K(465920K)] 593578K->423011K(1864192K), 0.0470134 secs] [Times: user=0.18 sys=0.01, real=0.05 secs] 
3922.637: [GC (Allocation Failure) [PSYoungGen: 415734K->186133K(465920K)] 655971K->484465K(1864192K), 0.0562299 secs] [Times: user=0.28 sys=0.00, real=0.06 secs] 
3924.011: [GC (Allocation Failure) [PSYoungGen: 419093K->91770K(465920K)] 717425K->460195K(1864192K), 0.1066181 secs] [Times: user=0.58 sys=0.01, real=0.10 secs] 
3924.732: [GC (Allocation Failure) [PSYoungGen: 324730K->175381K(465920K)] 693155K->572810K(1864192K), 0.0512672 secs] [Times: user=0.22 sys=0.00, real=0.05 secs] 
3924.996: [GC (Allocation Failure) [PSYoungGen: 408341K->184406K(465920K)] 805770K->637431K(1864192K), 0.0569342 secs] [Times: user=0.27 sys=0.00, real=0.06 secs] 
3925.214: [GC (Allocation Failure) [PSYoungGen: 417366K->186485K(465920K)] 870391K->695502K(1864192K), 0.0632658 secs] [Times: user=0.31 sys=0.00, real=0.06 secs] 
3926.312: [GC (Allocation Failure) [PSYoungGen: 419445K->116590K(465920K)] 928462K->695911K(1864192K), 0.0464057 secs] [Times: user=0.23 sys=0.00, real=0.04 secs] 
3926.657: [GC (Allocation Failure) [PSYoungGen: 349550K->153618K(465920K)] 928871K->770080K(1864192K), 0.0829752 secs] [Times: user=0.43 sys=0.00, real=0.09 secs] 
3926.873: [GC (Allocation Failure) [PSYoungGen: 386578K->180917K(465920K)] 1003040K->845580K(1864192K), 0.0415227 secs] [Times: user=0.18 sys=0.00, real=0.04 secs] 
3927.084: [GC (Allocation Failure) [PSYoungGen: 413877K->185879K(465920K)] 1078540K->913397K(1864192K), 0.0789826 secs] [Times: user=0.39 sys=0.00, real=0.08 secs] 
3927.288: [GC (Allocation Failure) [PSYoungGen: 418839K->183764K(465920K)] 1146357K->970355K(1864192K), 0.0574161 secs] [Times: user=0.29 sys=0.01, real=0.06 secs] 
3928.587: [GC (Allocation Failure) [PSYoungGen: 416724K->89162K(465920K)] 1203315K->945129K(1864192K), 0.0827449 secs] [Times: user=0.45 sys=0.00, real=0.09 secs] 
3929.547: [GC (Allocation Failure) [PSYoungGen: 322122K->175253K(465920K)] 1178089K->1060048K(1864192K), 0.0491772 secs] [Times: user=0.21 sys=0.00, real=0.05 secs] 
3929.739: [GC (Allocation Failure) [PSYoungGen: 408213K->184630K(465920K)] 1293008K->1124101K(1864192K), 0.0435235 secs] [Times: user=0.20 sys=0.00, real=0.05 secs] 
3929.951: [GC (Allocation Failure) [PSYoungGen: 417590K->187029K(465920K)] 1357061K->1182260K(1864192K), 0.0649191 secs] [Times: user=0.31 sys=0.00, real=0.06 secs] 
3930.991: [GC (Allocation Failure) [PSYoungGen: 419989K->122511K(465920K)] 1415220K->1188318K(1864192K), 0.0483200 secs] [Times: user=0.24 sys=0.00, real=0.05 secs] 
3932.379: [GC (Allocation Failure) [PSYoungGen: 355471K->141425K(465920K)] 1421278K->1246008K(1864192K), 0.1248592 secs] [Times: user=0.68 sys=0.00, real=0.13 secs] 
3932.675: [GC (Allocation Failure) [PSYoungGen: 374385K->175156K(465920K)] 1478968K->1324909K(1864192K), 0.0422381 secs] [Times: user=0.17 sys=0.00, real=0.04 secs] 
3932.871: [GC (Allocation Failure) [PSYoungGen: 408002K->185335K(465920K)] 1557754K->1396207K(1864192K), 0.0670826 secs] [Times: user=0.32 sys=0.01, real=0.06 secs] 
3933.076: [GC (Allocation Failure) [PSYoungGen: 418295K->186677K(465920K)] 1629167K->1456341K(1864192K), 0.0586117 secs] [Times: user=0.29 sys=0.00, real=0.06 secs] 
3934.133: [GC (GCLocker Initiated GC) [PSYoungGen: 419637K->94283K(465920K)] 1689302K->1434332K(1864192K), 0.0590260 secs] [Times: user=0.32 sys=0.00, real=0.06 secs] 
3934.192: [Full GC (Ergonomics) [PSYoungGen: 94283K->0K(465920K)] [ParOldGen: 1340049K->99337K(1398272K)] 1434332K->99337K(1864192K), [Metaspace: 60370K->60370K(1105920K)], 0.0771224 secs] [Times: user=0.30 sys=0.00, real=0.07 secs] 
3934.746: [GC (Allocation Failure) [PSYoungGen: 232960K->170836K(465920K)] 332464K->270341K(1864192K), 0.0362739 secs] [Times: user=0.13 sys=0.00, real=0.04 secs] 
3935.012: [GC (Allocation Failure) [PSYoungGen: 403796K->184438K(465920K)] 503301K->337694K(1864192K), 0.0554233 secs] [Times: user=0.26 sys=0.00, real=0.05 secs] 
3935.187: [GC (Allocation Failure) [PSYoungGen: 417398K->186997K(465920K)] 570654K->396141K(1864192K), 0.0442474 secs] [Times: user=0.20 sys=0.00, real=0.05 secs] 
3936.192: [GC (Allocation Failure) [PSYoungGen: 419957K->136657K(465920K)] 629101K->416217K(1864192K), 0.0484002 secs] [Times: user=0.24 sys=0.01, real=0.05 secs] 
3937.697: [GC (Allocation Failure) [PSYoungGen: 369617K->127599K(465920K)] 649177K->450428K(1864192K), 0.1603603 secs] [Times: user=0.90 sys=0.00, real=0.16 secs] 
3938.196: [GC (Allocation Failure) [PSYoungGen: 360559K->175732K(465920K)] 683388K->539274K(1864192K), 0.0410094 secs] [Times: user=0.18 sys=0.00, real=0.04 secs] 
3938.388: [GC (Allocation Failure) [PSYoungGen: 408692K->185847K(465920K)] 772234K->610892K(1864192K), 0.0702615 secs] [Times: user=0.35 sys=0.00, real=0.07 secs] 
3938.633: [GC (Allocation Failure) [PSYoungGen: 418807K->186517K(465920K)] 843852K->670570K(1864192K), 0.0748508 secs] [Times: user=0.39 sys=0.00, real=0.07 secs] 
3939.902: [GC (Allocation Failure) [PSYoungGen: 419477K->91466K(465920K)] 903530K->645856K(1864192K), 0.1078633 secs] [Times: user=0.59 sys=0.00, real=0.11 secs] 
3940.521: [GC (Allocation Failure) [PSYoungGen: 324426K->173365K(465920K)] 878816K->757111K(1864192K), 0.0446829 secs] [Times: user=0.19 sys=0.00, real=0.04 secs] 
3940.764: [GC (Allocation Failure) [PSYoungGen: 406325K->183733K(465920K)] 990071K->821412K(1864192K), 0.0567810 secs] [Times: user=0.27 sys=0.00, real=0.06 secs] 
3940.935: [GC (Allocation Failure) [PSYoungGen: 401803K->168437K(465920K)] 1039482K->870203K(1864192K), 0.0473182 secs] [Times: user=0.22 sys=0.00, real=0.05 secs] 
3941.888: [GC (Allocation Failure) [PSYoungGen: 401397K->169651K(402944K)] 1103163K->924833K(1801216K), 0.0528747 secs] [Times: user=0.27 sys=0.00, real=0.06 secs] 
3942.405: [GC (Allocation Failure) [PSYoungGen: 402611K->99755K(464896K)] 1157793K->919746K(1863168K), 0.0861698 secs] [Times: user=0.45 sys=0.00, real=0.09 secs] 
3942.826: [GC (Allocation Failure) [PSYoungGen: 332203K->179797K(465408K)] 1152194K->1031923K(1863680K), 0.0366782 secs] [Times: user=0.15 sys=0.00, real=0.04 secs] 
3942.982: [GC (Allocation Failure) [PSYoungGen: 412245K->184310K(465920K)] 1264371K->1092776K(1864192K), 0.0444566 secs] [Times: user=0.18 sys=0.00, real=0.04 secs] 
3943.141: [GC (Allocation Failure) [PSYoungGen: 417270K->186549K(465920K)] 1325736K->1150831K(1864192K), 0.0455808 secs] [Times: user=0.21 sys=0.00, real=0.04 secs] 
3944.201: [GC (Allocation Failure) [PSYoungGen: 419509K->100684K(465920K)] 1383791K->1135334K(1864192K), 0.0467718 secs] [Times: user=0.24 sys=0.01, real=0.04 secs] 
3945.556: [GC (Allocation Failure) [PSYoungGen: 333644K->164819K(465920K)] 1368294K->1231490K(1864192K), 0.0807245 secs] [Times: user=0.40 sys=0.00, real=0.08 secs] 
3945.853: [GC (Allocation Failure) [PSYoungGen: 397779K->184406K(465920K)] 1464450K->1303356K(1864192K), 0.0473282 secs] [Times: user=0.22 sys=0.00, real=0.05 secs] 
3946.019: [GC (Allocation Failure) [PSYoungGen: 417351K->186135K(465920K)] 1536302K->1369078K(1864192K), 0.0509181 secs] [Times: user=0.23 sys=0.00, real=0.06 secs] 
3946.532: [GC (Allocation Failure) [PSYoungGen: 416301K->214580K(465920K)] 1599244K->1456587K(1864192K), 0.0551386 secs] [Times: user=0.27 sys=0.00, real=0.05 secs] 
3947.555: [GC (Allocation Failure) [PSYoungGen: 447540K->96155K(465920K)] 1689547K->1406354K(1864192K), 0.1068410 secs] [Times: user=0.56 sys=0.00, real=0.11 secs] 
3948.284: [GC (Allocation Failure) [PSYoungGen: 329115K->171636K(465920K)] 1639314K->1512296K(1864192K), 0.0495740 secs] [Times: user=0.22 sys=0.00, real=0.05 secs] 
3948.333: [Full GC (Ergonomics) [PSYoungGen: 171636K->0K(465920K)] [ParOldGen: 1340659K->219306K(1398272K)] 1512296K->219306K(1864192K), [Metaspace: 60370K->60370K(1105920K)], 0.2736199 secs] [Times: user=1.26 sys=0.00, real=0.27 secs] 
3948.749: [GC (Allocation Failure) [PSYoungGen: 232960K->184086K(465920K)] 452266K->403392K(1864192K), 0.0266628 secs] [Times: user=0.09 sys=0.00, real=0.03 secs] 
3948.887: [GC (Allocation Failure) [PSYoungGen: 417046K->187125K(465920K)] 636352K->462175K(1864192K), 0.0456791 secs] [Times: user=0.21 sys=0.00, real=0.05 secs] 
3949.882: [GC (Allocation Failure) [PSYoungGen: 420085K->102764K(465920K)] 695135K->448358K(1864192K), 0.0454039 secs] [Times: user=0.23 sys=0.00, real=0.04 secs] 
3950.497: [GC (Allocation Failure) [PSYoungGen: 335724K->164915K(465920K)] 681318K->543699K(1864192K), 0.1092726 secs] [Times: user=0.54 sys=0.00, real=0.11 secs] 
3950.783: [GC (Allocation Failure) [PSYoungGen: 397875K->181141K(465920K)] 776659K->611888K(1864192K), 0.0445459 secs] [Times: user=0.18 sys=0.01, real=0.04 secs] 
3950.950: [GC (Allocation Failure) [PSYoungGen: 414101K->185623K(465920K)] 844848K->679650K(1864192K), 0.0539566 secs] [Times: user=0.20 sys=0.00, real=0.05 secs] 
3951.122: [GC (Allocation Failure) [PSYoungGen: 418583K->186805K(465920K)] 912610K->739680K(1864192K), 0.0562557 secs] [Times: user=0.27 sys=0.00, real=0.05 secs] 
3953.129: [GC (GCLocker Initiated GC) [PSYoungGen: 419765K->85514K(465920K)] 972641K->708914K(1864192K), 0.1175040 secs] [Times: user=0.63 sys=0.00, real=0.12 secs] 
3954.121: [GC (Allocation Failure) [PSYoungGen: 318474K->179669K(465920K)] 942168K->830913K(1864192K), 0.0480063 secs] [Times: user=0.21 sys=0.00, real=0.04 secs] 
3954.383: [GC (Allocation Failure) [PSYoungGen: 412629K->184758K(465920K)] 1063873K->891953K(1864192K), 0.0606502 secs] [Times: user=0.28 sys=0.00, real=0.06 secs] 
3954.563: [GC (Allocation Failure) [PSYoungGen: 417718K->186613K(465920K)] 1124913K->949793K(1864192K), 0.0458912 secs] [Times: user=0.21 sys=0.01, real=0.05 secs] 
3955.623: [GC (Allocation Failure) [PSYoungGen: 419573K->105596K(465920K)] 1182753K->939152K(1864192K), 0.0459415 secs] [Times: user=0.24 sys=0.00, real=0.04 secs] 
3956.215: [GC (Allocation Failure) [PSYoungGen: 338556K->157266K(465920K)] 1172112K->1024903K(1864192K), 0.0809897 secs] [Times: user=0.41 sys=0.00, real=0.08 secs] 
3956.507: [GC (Allocation Failure) [PSYoungGen: 390199K->180565K(465920K)] 1257835K->1097286K(1864192K), 0.0473895 secs] [Times: user=0.21 sys=0.01, real=0.05 secs] 
3956.751: [GC (Allocation Failure) [PSYoungGen: 413525K->185431K(465920K)] 1330246K->1164824K(1864192K), 0.0681420 secs] [Times: user=0.33 sys=0.00, real=0.06 secs] 
3956.933: [GC (Allocation Failure) [PSYoungGen: 418391K->186965K(465920K)] 1397784K->1225230K(1864192K), 0.0569580 secs] [Times: user=0.28 sys=0.00, real=0.06 secs] 
3958.221: [GC (GCLocker Initiated GC) [PSYoungGen: 419925K->90730K(465920K)] 1458190K->1199563K(1864192K), 0.0683756 secs] [Times: user=0.37 sys=0.00, real=0.07 secs] 
3958.996: [GC (Allocation Failure) [PSYoungGen: 323690K->174837K(465920K)] 1432818K->1313557K(1864192K), 0.0484743 secs] [Times: user=0.21 sys=0.00, real=0.05 secs] 
3959.261: [GC (Allocation Failure) [PSYoungGen: 407797K->184566K(465920K)] 1546517K->1378154K(1864192K), 0.0610277 secs] [Times: user=0.29 sys=0.00, real=0.06 secs] 
3959.443: [GC (Allocation Failure) [PSYoungGen: 417526K->186677K(465920K)] 1611114K->1436114K(1864192K), 0.0465814 secs] [Times: user=0.22 sys=0.00, real=0.05 secs] 
3960.501: [GC (Allocation Failure) [PSYoungGen: 419637K->117390K(465920K)] 1669074K->1437371K(1864192K), 0.0480805 secs] [Times: user=0.25 sys=0.00, real=0.04 secs] 
3960.549: [Full GC (Ergonomics) [PSYoungGen: 117390K->0K(465920K)] [ParOldGen: 1319980K->99251K(1398272K)] 1437371K->99251K(1864192K), [Metaspace: 60370K->60370K(1105920K)], 0.0361360 secs] [Times: user=0.11 sys=0.00, real=0.04 secs] 
3962.612: [GC (Allocation Failure) [PSYoungGen: 232960K->146161K(465920K)] 332211K->245412K(1864192K), 0.0382821 secs] [Times: user=0.14 sys=0.00, real=0.04 secs] 
3962.906: [GC (Allocation Failure) [PSYoungGen: 379121K->181013K(465920K)] 478372K->325904K(1864192K), 0.0458952 secs] [Times: user=0.21 sys=0.00, real=0.05 secs] 
3963.072: [GC (Allocation Failure) [PSYoungGen: 413973K->185783K(465920K)] 558864K->394010K(1864192K), 0.0491959 secs] [Times: user=0.23 sys=0.00, real=0.05 secs] 
3963.283: [GC (Allocation Failure) [PSYoungGen: 418743K->186293K(465920K)] 626970K->453296K(1864192K), 0.0831252 secs] [Times: user=0.43 sys=0.00, real=0.08 secs] 
3964.393: [GC (Allocation Failure) [PSYoungGen: 419253K->90954K(465920K)] 686256K->428230K(1864192K), 0.0445731 secs] [Times: user=0.23 sys=0.01, real=0.04 secs] 
3964.724: [GC (Allocation Failure) [PSYoungGen: 323914K->174485K(465920K)] 661190K->541092K(1864192K), 0.0320472 secs] [Times: user=0.13 sys=0.00, real=0.03 secs] 
3964.873: [GC (Allocation Failure) [PSYoungGen: 407445K->184406K(465920K)] 774052K->605781K(1864192K), 0.0423813 secs] [Times: user=0.19 sys=0.01, real=0.04 secs] 
3965.064: [GC (Allocation Failure) [PSYoungGen: 417366K->186837K(465920K)] 838741K->663981K(1864192K), 0.0618353 secs] [Times: user=0.30 sys=0.00, real=0.06 secs] 
3966.102: [GC (Allocation Failure) [PSYoungGen: 419797K->127983K(465920K)] 896941K->675627K(1864192K), 0.0480977 secs] [Times: user=0.24 sys=0.00, real=0.05 secs] 
3967.062: [GC (Allocation Failure) [PSYoungGen: 360943K->137760K(465920K)] 908587K->725940K(1864192K), 0.1368331 secs] [Times: user=0.74 sys=0.00, real=0.13 secs] 
3967.469: [GC (Allocation Failure) [PSYoungGen: 370720K->178421K(465920K)] 958900K->811105K(1864192K), 0.0391862 secs] [Times: user=0.17 sys=0.00, real=0.04 secs] 
3967.670: [GC (Allocation Failure) [PSYoungGen: 411381K->185367K(465920K)] 1044065K->880319K(1864192K), 0.0737648 secs] [Times: user=0.36 sys=0.00, real=0.07 secs] 
3967.923: [GC (Allocation Failure) [PSYoungGen: 418327K->183668K(465920K)] 1113279K->937301K(1864192K), 0.0696765 secs] [Times: user=0.36 sys=0.00, real=0.07 secs] 
3969.991: [GC (Allocation Failure) [PSYoungGen: 416628K->90346K(465920K)] 1170261K->913379K(1864192K), 0.1194298 secs] [Times: user=0.65 sys=0.01, real=0.12 secs] 
3971.103: [GC (Allocation Failure) [PSYoungGen: 323306K->170740K(465920K)] 1146339K->1022538K(1864192K), 0.0515071 secs] [Times: user=0.22 sys=0.01, real=0.05 secs] 
3971.400: [GC (Allocation Failure) [PSYoungGen: 403700K->183829K(465920K)] 1255498K->1088727K(1864192K), 0.0524100 secs] [Times: user=0.25 sys=0.00, real=0.05 secs] 
3971.563: [GC (Allocation Failure) [PSYoungGen: 416789K->187509K(465920K)] 1321687K->1148247K(1864192K), 0.0469795 secs] [Times: user=0.22 sys=0.00, real=0.05 secs] 
3972.543: [GC (Allocation Failure) [PSYoungGen: 420469K->144082K(465920K)] 1381207K->1175331K(1864192K), 0.0520276 secs] [Times: user=0.26 sys=0.00, real=0.05 secs] 
3972.855: [GC (Allocation Failure) [PSYoungGen: 377042K->130543K(465920K)] 1408291K->1207425K(1864192K), 0.0834595 secs] [Times: user=0.44 sys=0.01, real=0.08 secs] 
3973.222: [GC (Allocation Failure) [PSYoungGen: 363503K->195892K(465920K)] 1440385K->1314203K(1864192K), 0.0505413 secs] [Times: user=0.23 sys=0.01, real=0.05 secs] 
3973.445: [GC (Allocation Failure) [PSYoungGen: 428852K->185399K(465920K)] 1547163K->1364273K(1864192K), 0.0717405 secs] [Times: user=0.35 sys=0.00, real=0.07 secs] 
3973.640: [GC (Allocation Failure) [PSYoungGen: 418359K->186677K(465920K)] 1597233K->1424256K(1864192K), 0.0614744 secs] [Times: user=0.30 sys=0.00, real=0.06 secs] 
3974.763: [GC (Allocation Failure) [PSYoungGen: 419637K->93819K(465920K)] 1657216K->1401798K(1864192K), 0.0657548 secs] [Times: user=0.35 sys=0.00, real=0.06 secs] 
3975.668: [GC (Allocation Failure) [PSYoungGen: 326779K->174101K(465920K)] 1634758K->1511920K(1864192K), 0.0548554 secs] [Times: user=0.24 sys=0.00, real=0.06 secs] 
3975.723: [Full GC (Ergonomics) [PSYoungGen: 174101K->0K(465920K)] [ParOldGen: 1337819K->204198K(1398272K)] 1511920K->204198K(1864192K), [Metaspace: 60372K->60372K(1105920K)], 0.2382249 secs] [Times: user=1.13 sys=0.00, real=0.24 secs] 
3976.080: [GC (Allocation Failure) [PSYoungGen: 232960K->184662K(465920K)] 437158K->388860K(1864192K), 0.0280752 secs] [Times: user=0.10 sys=0.00, real=0.02 secs] 
3976.236: [GC (Allocation Failure) [PSYoungGen: 417622K->186741K(465920K)] 621820K->446979K(1864192K), 0.0442481 secs] [Times: user=0.20 sys=0.00, real=0.05 secs] 
3977.196: [GC (Allocation Failure) [PSYoungGen: 419701K->148466K(465920K)] 679939K->479032K(1864192K), 0.0503530 secs] [Times: user=0.25 sys=0.01, real=0.05 secs] 
3978.586: [GC (Allocation Failure) [PSYoungGen: 381426K->117294K(465920K)] 711992K->494884K(1864192K), 0.1572061 secs] [Times: user=0.89 sys=0.00, real=0.16 secs] 
3979.032: [GC (Allocation Failure) [PSYoungGen: 350254K->175700K(465920K)] 727844K->590835K(1864192K), 0.0363498 secs] [Times: user=0.15 sys=0.00, real=0.03 secs] 
3979.188: [GC (Allocation Failure) [PSYoungGen: 408660K->185015K(465920K)] 823795K->661630K(1864192K), 0.0484506 secs] [Times: user=0.23 sys=0.00, real=0.05 secs] 
3979.348: [GC (Allocation Failure) [PSYoungGen: 417975K->183476K(465920K)] 894590K->718699K(1864192K), 0.0579891 secs] [Times: user=0.29 sys=0.01, real=0.06 secs] 
3980.503: [GC (Allocation Failure) [PSYoungGen: 416436K->94123K(465920K)] 951659K->698570K(1864192K), 0.0677626 secs] [Times: user=0.36 sys=0.01, real=0.07 secs] 
3981.059: [GC (Allocation Failure) [PSYoungGen: 327083K->172692K(465920K)] 931530K->807396K(1864192K), 0.0484154 secs] [Times: user=0.21 sys=0.00, real=0.05 secs] 
3981.235: [GC (Allocation Failure) [PSYoungGen: 405652K->181909K(465920K)] 1040356K->870697K(1864192K), 0.0431606 secs] [Times: user=0.19 sys=0.00, real=0.04 secs] 
3981.395: [GC (Allocation Failure) [PSYoungGen: 414804K->182390K(465920K)] 1103592K->934810K(1864192K), 0.0499684 secs] [Times: user=0.23 sys=0.00, real=0.05 secs] 
3982.378: [GC (Allocation Failure) [PSYoungGen: 415350K->169587K(465920K)] 1167770K->980063K(1864192K), 0.0550166 secs] [Times: user=0.27 sys=0.00, real=0.06 secs] 
3983.821: [GC (GCLocker Initiated GC) [PSYoungGen: 402547K->98107K(465920K)] 1213023K->973384K(1864192K), 0.1023278 secs] [Times: user=0.55 sys=0.00, real=0.10 secs] 
3984.959: [GC (Allocation Failure) [PSYoungGen: 331067K->179477K(465920K)] 1206511K->1086218K(1864192K), 0.0486031 secs] [Times: user=0.21 sys=0.00, real=0.04 secs] 
3985.208: [GC (Allocation Failure) [PSYoungGen: 412437K->184566K(465920K)] 1319178K->1147346K(1864192K), 0.0608855 secs] [Times: user=0.29 sys=0.00, real=0.06 secs] 
3985.439: [GC (Allocation Failure) [PSYoungGen: 417526K->186805K(465920K)] 1380306K->1205409K(1864192K), 0.0629243 secs] [Times: user=0.30 sys=0.01, real=0.07 secs] 
3986.476: [GC (GCLocker Initiated GC) [PSYoungGen: 419765K->96299K(465920K)] 1438369K->1185496K(1864192K), 0.0456838 secs] [Times: user=0.23 sys=0.00, real=0.05 secs] 
3986.824: [GC (Allocation Failure) [PSYoungGen: 329259K->170772K(465920K)] 1418459K->1291077K(1864192K), 0.0683684 secs] [Times: user=0.33 sys=0.00, real=0.07 secs] 
3987.093: [GC (Allocation Failure) [PSYoungGen: 403732K->180469K(465920K)] 1524037K->1354081K(1864192K), 0.0606744 secs] [Times: user=0.29 sys=0.00, real=0.06 secs] 
3987.311: [GC (Allocation Failure) [PSYoungGen: 413429K->185751K(465920K)] 1587041K->1422231K(1864192K), 0.0565715 secs] [Times: user=0.27 sys=0.00, real=0.05 secs] 
3987.596: [GC (Allocation Failure) [PSYoungGen: 417121K->199604K(465920K)] 1653601K->1495093K(1864192K), 0.0554827 secs] [Times: user=0.27 sys=0.00, real=0.06 secs] 
3988.544: [GC (Allocation Failure) [PSYoungGen: 432564K->87066K(465920K)] 1728053K->1451418K(1864192K), 0.0654785 secs] [Times: user=0.35 sys=0.00, real=0.07 secs] 
3988.610: [Full GC (Ergonomics) [PSYoungGen: 87066K->0K(465920K)] [ParOldGen: 1364352K->104737K(1398272K)] 1451418K->104737K(1864192K), [Metaspace: 60372K->60372K(1105920K)], 0.1303307 secs] [Times: user=0.56 sys=0.00, real=0.13 secs] 
3989.196: [GC (Allocation Failure) [PSYoungGen: 232960K->182102K(465920K)] 337697K->286839K(1864192K), 0.0289142 secs] [Times: user=0.11 sys=0.00, real=0.03 secs] 
3989.395: [GC (Allocation Failure) [PSYoungGen: 415062K->181621K(465920K)] 519799K->343267K(1864192K), 0.0543798 secs] [Times: user=0.25 sys=0.00, real=0.06 secs] 
3989.590: [GC (Allocation Failure) [PSYoungGen: 414581K->186837K(465920K)] 576227K->403874K(1864192K), 0.0450493 secs] [Times: user=0.21 sys=0.00, real=0.04 secs] 
3990.819: [GC (Allocation Failure) [PSYoungGen: 419797K->102748K(465920K)] 636834K->390290K(1864192K), 0.0582806 secs] [Times: user=0.31 sys=0.00, real=0.05 secs] 
3992.948: [GC (Allocation Failure) [PSYoungGen: 335708K->157683K(465920K)] 623250K->477997K(1864192K), 0.0856479 secs] [Times: user=0.44 sys=0.00, real=0.09 secs] 
3993.244: [GC (Allocation Failure) [PSYoungGen: 390643K->192534K(465920K)] 710957K->562068K(1864192K), 0.0425880 secs] [Times: user=0.19 sys=0.00, real=0.04 secs] 
3993.430: [GC (Allocation Failure) [PSYoungGen: 425494K->183190K(465920K)] 795028K->616845K(1864192K), 0.0665920 secs] [Times: user=0.33 sys=0.00, real=0.06 secs] 
3993.631: [GC (Allocation Failure) [PSYoungGen: 416150K->186741K(465920K)] 849805K->678723K(1864192K), 0.0550822 secs] [Times: user=0.26 sys=0.00, real=0.05 secs] 
3994.726: [GC (Allocation Failure) [PSYoungGen: 419701K->88602K(465920K)] 911683K->651153K(1864192K), 0.0542975 secs] [Times: user=0.29 sys=0.00, real=0.06 secs] 
3995.114: [GC (Allocation Failure) [PSYoungGen: 321562K->180341K(465920K)] 884113K->771217K(1864192K), 0.0489612 secs] [Times: user=0.21 sys=0.00, real=0.05 secs] 
3995.301: [GC (Allocation Failure) [PSYoungGen: 413301K->184246K(465920K)] 1004177K->831349K(1864192K), 0.0440054 secs] [Times: user=0.20 sys=0.00, real=0.04 secs] 
3995.455: [GC (Allocation Failure) [PSYoungGen: 417206K->186901K(465920K)] 1064309K->889860K(1864192K), 0.0458521 secs] [Times: user=0.21 sys=0.00, real=0.05 secs] 
3996.515: [GC (Allocation Failure) [PSYoungGen: 419861K->109677K(465920K)] 1122820K->883317K(1864192K), 0.0462975 secs] [Times: user=0.24 sys=0.01, real=0.05 secs] 
3997.281: [GC (Allocation Failure) [PSYoungGen: 342637K->153202K(465920K)] 1116277K->962242K(1864192K), 0.1128242 secs] [Times: user=0.59 sys=0.01, real=0.11 secs] 
3997.566: [GC (Allocation Failure) [PSYoungGen: 386162K->184214K(465920K)] 1195202K->1041157K(1864192K), 0.0414238 secs] [Times: user=0.18 sys=0.00, real=0.04 secs] 
3997.723: [GC (Allocation Failure) [PSYoungGen: 417174K->186039K(465920K)] 1274117K->1106863K(1864192K), 0.0506364 secs] [Times: user=0.24 sys=0.00, real=0.05 secs] 
3997.884: [GC (Allocation Failure) [PSYoungGen: 418999K->184308K(465920K)] 1339823K->1164252K(1864192K), 0.0570008 secs] [Times: user=0.28 sys=0.00, real=0.06 secs] 
3999.830: [GC (Allocation Failure) [PSYoungGen: 417268K->88682K(465920K)] 1397212K->1138166K(1864192K), 0.1107635 secs] [Times: user=0.61 sys=0.00, real=0.11 secs] 
4000.890: [GC (Allocation Failure) [PSYoungGen: 321642K->174517K(465920K)] 1371126K->1252061K(1864192K), 0.0446907 secs] [Times: user=0.19 sys=0.00, real=0.04 secs] 
4001.063: [GC (Allocation Failure) [PSYoungGen: 407477K->184726K(465920K)] 1485021K->1317242K(1864192K), 0.0452153 secs] [Times: user=0.21 sys=0.00, real=0.04 secs] 
4001.222: [GC (Allocation Failure) [PSYoungGen: 417686K->186997K(465920K)] 1550202K->1375354K(1864192K), 0.0476532 secs] [Times: user=0.23 sys=0.00, real=0.05 secs] 
4002.238: [GC (Allocation Failure) [PSYoungGen: 419957K->119854K(465920K)] 1608314K->1378843K(1864192K), 0.0490600 secs] [Times: user=0.25 sys=0.00, real=0.05 secs] 
4002.557: [GC (GCLocker Initiated GC) [PSYoungGen: 352814K->145841K(465920K)] 1611803K->1442846K(1864192K), 0.0631525 secs] [Times: user=0.33 sys=0.00, real=0.07 secs] 
4002.783: [GC (Allocation Failure) [PSYoungGen: 378801K->184021K(465920K)] 1675809K->1527034K(1864192K), 0.0434552 secs] [Times: user=0.19 sys=0.00, real=0.04 secs] 
4002.826: [Full GC (Ergonomics) [PSYoungGen: 184021K->0K(465920K)] [ParOldGen: 1343012K->247790K(1398272K)] 1527034K->247790K(1864192K), [Metaspace: 60372K->60372K(1105920K)], 0.3023724 secs] [Times: user=1.39 sys=0.00, real=0.30 secs] 
4003.265: [GC (Allocation Failure) [PSYoungGen: 232960K->179574K(465920K)] 480750K->427365K(1864192K), 0.0898856 secs] [Times: user=0.47 sys=0.00, real=0.09 secs] 
4003.482: [GC (Allocation Failure) [PSYoungGen: 412534K->186421K(465920K)] 660325K->491179K(1864192K), 0.0565046 secs] [Times: user=0.28 sys=0.01, real=0.05 secs] 
4004.579: [GC (Allocation Failure) [PSYoungGen: 419381K->93035K(465920K)] 724139K->468326K(1864192K), 0.0648687 secs] [Times: user=0.35 sys=0.00, real=0.07 secs] 
4005.259: [GC (Allocation Failure) [PSYoungGen: 325995K->175093K(465920K)] 701286K->580036K(1864192K), 0.0506314 secs] [Times: user=0.22 sys=0.00, real=0.06 secs] 
4005.465: [GC (Allocation Failure) [PSYoungGen: 408053K->184502K(465920K)] 812996K->644521K(1864192K), 0.0437060 secs] [Times: user=0.19 sys=0.00, real=0.04 secs] 
4005.622: [GC (Allocation Failure) [PSYoungGen: 417462K->186645K(465920K)] 877481K->702537K(1864192K), 0.0461537 secs] [Times: user=0.21 sys=0.01, real=0.04 secs] 
4006.597: [GC (Allocation Failure) [PSYoungGen: 419605K->130608K(465920K)] 935497K->716835K(1864192K), 0.0489731 secs] [Times: user=0.25 sys=0.00, real=0.05 secs] 
4008.353: [GC (Allocation Failure) [PSYoungGen: 363568K->135376K(465920K)] 949795K->763068K(1864192K), 0.1415493 secs] [Times: user=0.77 sys=0.00, real=0.14 secs] 
4008.750: [GC (Allocation Failure) [PSYoungGen: 368336K->173172K(465920K)] 996028K->844013K(1864192K), 0.0380650 secs] [Times: user=0.17 sys=0.00, real=0.03 secs] 
4008.907: [GC (Allocation Failure) [PSYoungGen: 406132K->185879K(465920K)] 1076973K->918007K(1864192K), 0.0487746 secs] [Times: user=0.22 sys=0.00, real=0.05 secs] 
4009.112: [GC (Allocation Failure) [PSYoungGen: 418839K->186645K(465920K)] 1150967K->977741K(1864192K), 0.0818656 secs] [Times: user=0.42 sys=0.00, real=0.08 secs] 
4010.273: [GC (Allocation Failure) [PSYoungGen: 419605K->96411K(465920K)] 1210701K->957860K(1864192K), 0.0648181 secs] [Times: user=0.35 sys=0.00, real=0.06 secs] 
4010.743: [GC (Allocation Failure) [PSYoungGen: 329371K->173717K(465920K)] 1190820K->1066106K(1864192K), 0.0439943 secs] [Times: user=0.19 sys=0.00, real=0.04 secs] 
4010.915: [GC (Allocation Failure) [PSYoungGen: 406677K->184822K(465920K)] 1299066K->1131587K(1864192K), 0.0449983 secs] [Times: user=0.20 sys=0.00, real=0.05 secs] 
4011.069: [GC (Allocation Failure) [PSYoungGen: 417782K->186837K(465920K)] 1364547K->1189675K(1864192K), 0.0477578 secs] [Times: user=0.23 sys=0.00, real=0.05 secs] 
4012.128: [GC (Allocation Failure) [PSYoungGen: 419797K->138417K(465920K)] 1422635K->1211647K(1864192K), 0.0513062 secs] [Times: user=0.26 sys=0.00, real=0.06 secs] 
4012.952: [GC (Allocation Failure) [PSYoungGen: 371377K->127311K(465920K)] 1444607K->1244445K(1864192K), 0.1615695 secs] [Times: user=0.90 sys=0.00, real=0.16 secs] 
4013.582: [GC (Allocation Failure) [PSYoungGen: 360271K->175252K(465920K)] 1477405K->1333155K(1864192K), 0.0531848 secs] [Times: user=0.24 sys=0.00, real=0.05 secs] 
4013.766: [GC (Allocation Failure) [PSYoungGen: 408212K->185527K(465920K)] 1566115K->1405045K(1864192K), 0.0507485 secs] [Times: user=0.24 sys=0.00, real=0.05 secs] 
4013.929: [GC (Allocation Failure) [PSYoungGen: 418487K->183828K(465920K)] 1638005K->1462211K(1864192K), 0.0594989 secs] [Times: user=0.29 sys=0.00, real=0.06 secs] 
4015.150: [GC (GCLocker Initiated GC) [PSYoungGen: 416788K->96603K(465920K)] 1695171K->1444434K(1864192K), 0.0504819 secs] [Times: user=0.26 sys=0.00, real=0.05 secs] 
4015.200: [Full GC (Ergonomics) [PSYoungGen: 96603K->0K(465920K)] [ParOldGen: 1347830K->95677K(1398272K)] 1444434K->95677K(1864192K), [Metaspace: 60372K->60372K(1105920K)], 0.0581071 secs] [Times: user=0.21 sys=0.00, real=0.05 secs] 
4016.479: [GC (Allocation Failure) [PSYoungGen: 232960K->172980K(465920K)] 328675K->268696K(1864192K), 0.0428702 secs] [Times: user=0.16 sys=0.00, real=0.05 secs] 
4016.757: [GC (Allocation Failure) [PSYoungGen: 405940K->184502K(465920K)] 501656K->333842K(1864192K), 0.0502186 secs] [Times: user=0.23 sys=0.00, real=0.05 secs] 
4016.916: [GC (Allocation Failure) [PSYoungGen: 403269K->171989K(465920K)] 552609K->385409K(1864192K), 0.0475494 secs] [Times: user=0.22 sys=0.00, real=0.05 secs] 
4017.897: [GC (Allocation Failure) [PSYoungGen: 404949K->168947K(462848K)] 618369K->437047K(1861120K), 0.0530541 secs] [Times: user=0.26 sys=0.00, real=0.06 secs] 
4018.355: [GC (Allocation Failure) [PSYoungGen: 401907K->106476K(464384K)] 670007K->439392K(1862656K), 0.0861903 secs] [Times: user=0.46 sys=0.00, real=0.09 secs] 
4018.822: [GC (Allocation Failure) [PSYoungGen: 339436K->176693K(465920K)] 672352K->543314K(1864192K), 0.0460578 secs] [Times: user=0.20 sys=0.00, real=0.04 secs] 
4018.993: [GC (Allocation Failure) [PSYoungGen: 409653K->184534K(465920K)] 776274K->606495K(1864192K), 0.0426564 secs] [Times: user=0.19 sys=0.00, real=0.04 secs] 
4019.151: [GC (Allocation Failure) [PSYoungGen: 417494K->186037K(465920K)] 839455K->663894K(1864192K), 0.0448296 secs] [Times: user=0.21 sys=0.00, real=0.04 secs] 
4020.131: [GC (Allocation Failure) [PSYoungGen: 418997K->102092K(465920K)] 896854K->650233K(1864192K), 0.0448980 secs] [Times: user=0.23 sys=0.00, real=0.04 secs] 
4020.591: [GC (Allocation Failure) [PSYoungGen: 335052K->170708K(465920K)] 883193K->752190K(1864192K), 0.0582323 secs] [Times: user=0.27 sys=0.00, real=0.05 secs] 
4020.849: [GC (Allocation Failure) [PSYoungGen: 403668K->209142K(465920K)] 985150K->844484K(1864192K), 0.0492335 secs] [Times: user=0.23 sys=0.00, real=0.05 secs] 
4021.018: [GC (Allocation Failure) [PSYoungGen: 442102K->185559K(465920K)] 1077444K->885013K(1864192K), 0.0501809 secs] [Times: user=0.23 sys=0.00, real=0.05 secs] 
4022.013: [GC (Allocation Failure) [PSYoungGen: 415371K->206963K(465920K)] 1114825K->965201K(1864192K), 0.0561874 secs] [Times: user=0.28 sys=0.00, real=0.06 secs] 
4023.397: [GC (GCLocker Initiated GC) [PSYoungGen: 439923K->94891K(465920K)] 1198161K->918241K(1864192K), 0.1017430 secs] [Times: user=0.55 sys=0.00, real=0.10 secs] 
4024.135: [GC (Allocation Failure) [PSYoungGen: 327851K->179893K(465920K)] 1151368K->1033899K(1864192K), 0.0488579 secs] [Times: user=0.21 sys=0.00, real=0.05 secs] 
4024.316: [GC (Allocation Failure) [PSYoungGen: 412853K->184726K(465920K)] 1266859K->1094707K(1864192K), 0.0443895 secs] [Times: user=0.20 sys=0.00, real=0.05 secs] 
4024.516: [GC (Allocation Failure) [PSYoungGen: 417686K->186453K(465920K)] 1327667K->1152323K(1864192K), 0.0713387 secs] [Times: user=0.35 sys=0.00, real=0.07 secs] 
4025.623: [GC (Allocation Failure) [PSYoungGen: 419413K->100364K(465920K)] 1385283K->1136650K(1864192K), 0.0506855 secs] [Times: user=0.26 sys=0.00, real=0.05 secs] 
4026.151: [GC (GCLocker Initiated GC) [PSYoungGen: 333324K->166356K(465920K)] 1369610K->1235246K(1864192K), 0.0784435 secs] [Times: user=0.38 sys=0.00, real=0.07 secs] 
4026.400: [GC (Allocation Failure) [PSYoungGen: 399316K->180725K(465920K)] 1468373K->1301495K(1864192K), 0.0426512 secs] [Times: user=0.19 sys=0.00, real=0.04 secs] 
4026.561: [GC (Allocation Failure) [PSYoungGen: 413685K->185911K(465920K)] 1534455K->1369448K(1864192K), 0.0505668 secs] [Times: user=0.24 sys=0.00, real=0.05 secs] 
4026.774: [GC (Allocation Failure) [PSYoungGen: 418163K->218293K(465920K)] 1601701K->1460710K(1864192K), 0.0560078 secs] [Times: user=0.27 sys=0.00, real=0.06 secs] 
4027.818: [GC (Allocation Failure) [PSYoungGen: 451253K->90314K(465920K)] 1693670K->1402628K(1864192K), 0.0441646 secs] [Times: user=0.23 sys=0.00, real=0.05 secs] 
4027.862: [Full GC (Ergonomics) [PSYoungGen: 90314K->0K(465920K)] [ParOldGen: 1312313K->107602K(1398272K)] 1402628K->107602K(1864192K), [Metaspace: 60372K->60372K(1105920K)], 0.1076904 secs] [Times: user=0.42 sys=0.00, real=0.11 secs] 
4028.693: [GC (Allocation Failure) [PSYoungGen: 232960K->179253K(465920K)] 340562K->286856K(1864192K), 0.0336339 secs] [Times: user=0.13 sys=0.00, real=0.03 secs] 
4028.938: [GC (Allocation Failure) [PSYoungGen: 412213K->181557K(465920K)] 519816K->345044K(1864192K), 0.0564613 secs] [Times: user=0.27 sys=0.00, real=0.06 secs] 
4029.161: [GC (Allocation Failure) [PSYoungGen: 414517K->186549K(465920K)] 578004K->405380K(1864192K), 0.0620706 secs] [Times: user=0.30 sys=0.00, real=0.06 secs] 
4030.166: [GC (Allocation Failure) [PSYoungGen: 419509K->102668K(465920K)] 638340K->391623K(1864192K), 0.0443100 secs] [Times: user=0.23 sys=0.00, real=0.05 secs] 
4032.000: [GC (Allocation Failure) [PSYoungGen: 335628K->161363K(465920K)] 624583K->483546K(1864192K), 0.1032249 secs] [Times: user=0.52 sys=0.00, real=0.10 secs] 
4032.320: [GC (Allocation Failure) [PSYoungGen: 394323K->181333K(465920K)] 716506K->553869K(1864192K), 0.0434295 secs] [Times: user=0.20 sys=0.00, real=0.04 secs] 
4032.522: [GC (Allocation Failure) [PSYoungGen: 414293K->184023K(465920K)] 786829K->619918K(1864192K), 0.0761713 secs] [Times: user=0.38 sys=0.00, real=0.07 secs] 
4032.730: [GC (Allocation Failure) [PSYoungGen: 416983K->186773K(465920K)] 852878K->681252K(1864192K), 0.0549022 secs] [Times: user=0.27 sys=0.00, real=0.05 secs] 
4033.785: [GC (GCLocker Initiated GC) [PSYoungGen: 419733K->86058K(465920K)] 914212K->650849K(1864192K), 0.0396713 secs] [Times: user=0.20 sys=0.00, real=0.04 secs] 
4034.121: [GC (Allocation Failure) [PSYoungGen: 319018K->185622K(465920K)] 883940K->778017K(1864192K), 0.0473421 secs] [Times: user=0.20 sys=0.00, real=0.04 secs] 
4034.317: [GC (Allocation Failure) [PSYoungGen: 418582K->181621K(465920K)] 1010977K->830885K(1864192K), 0.0436454 secs] [Times: user=0.19 sys=0.00, real=0.05 secs] 
4034.484: [GC (Allocation Failure) [PSYoungGen: 414581K->186485K(465920K)] 1063845K->890772K(1864192K), 0.0452907 secs] [Times: user=0.21 sys=0.00, real=0.05 secs] 
4035.559: [GC (Allocation Failure) [PSYoungGen: 419445K->112973K(465920K)] 1123732K->887521K(1864192K), 0.0466579 secs] [Times: user=0.24 sys=0.00, real=0.05 secs] 
4036.318: [GC (Allocation Failure) [PSYoungGen: 345933K->154674K(465920K)] 1120481K->965523K(1864192K), 0.1089945 secs] [Times: user=0.57 sys=0.00, real=0.11 secs] 
4036.611: [GC (Allocation Failure) [PSYoungGen: 387634K->181589K(465920K)] 1198483K->1040834K(1864192K), 0.0413066 secs] [Times: user=0.19 sys=0.00, real=0.04 secs] 
4036.772: [GC (Allocation Failure) [PSYoungGen: 414549K->185783K(465920K)] 1273794K->1108695K(1864192K), 0.0501033 secs] [Times: user=0.23 sys=0.00, real=0.05 secs] 
4036.983: [GC (Allocation Failure) [PSYoungGen: 418743K->186453K(465920K)] 1341655K->1168229K(1864192K), 0.0824314 secs] [Times: user=0.42 sys=0.00, real=0.08 secs] 
4038.845: [GC (GCLocker Initiated GC) [PSYoungGen: 419413K->88106K(465920K)] 1401189K->1140203K(1864192K), 0.0953578 secs] [Times: user=0.52 sys=0.00, real=0.10 secs] 
4040.231: [GC (Allocation Failure) [PSYoungGen: 321066K->174517K(465920K)] 1373329K->1254857K(1864192K), 0.0464194 secs] [Times: user=0.20 sys=0.00, real=0.04 secs] 
4040.459: [GC (Allocation Failure) [PSYoungGen: 407477K->181717K(465920K)] 1487817K->1316413K(1864192K), 0.0630964 secs] [Times: user=0.31 sys=0.00, real=0.06 secs] 
4040.655: [GC (Allocation Failure) [PSYoungGen: 414677K->184821K(465920K)] 1549373K->1374669K(1864192K), 0.0455379 secs] [Times: user=0.22 sys=0.00, real=0.05 secs] 
4041.639: [GC (Allocation Failure) [PSYoungGen: 417781K->124879K(465920K)] 1607629K->1384639K(1864192K), 0.0483546 secs] [Times: user=0.24 sys=0.00, real=0.05 secs] 
4042.004: [GC (Allocation Failure) [PSYoungGen: 356563K->141905K(465920K)] 1616324K->1441297K(1864192K), 0.1210572 secs] [Times: user=0.65 sys=0.01, real=0.12 secs] 
4042.327: [GC (Allocation Failure) [PSYoungGen: 374865K->175092K(465920K)] 1674257K->1519405K(1864192K), 0.0402983 secs] [Times: user=0.18 sys=0.00, real=0.04 secs] 
4042.367: [Full GC (Ergonomics) [PSYoungGen: 175092K->0K(465920K)] [ParOldGen: 1344313K->237170K(1398272K)] 1519405K->237170K(1864192K), [Metaspace: 60372K->60372K(1105920K)], 0.2986716 secs] [Times: user=1.37 sys=0.00, real=0.30 secs] 
4042.795: [GC (Allocation Failure) [PSYoungGen: 232960K->179414K(465920K)] 470130K->416585K(1864192K), 0.0845739 secs] [Times: user=0.44 sys=0.00, real=0.08 secs] 
4042.998: [GC (Allocation Failure) [PSYoungGen: 412374K->186293K(465920K)] 649545K->480663K(1864192K), 0.0572870 secs] [Times: user=0.28 sys=0.00, real=0.06 secs] 
4044.258: [GC (Allocation Failure) [PSYoungGen: 419253K->94315K(465920K)] 713623K->458969K(1864192K), 0.0800710 secs] [Times: user=0.43 sys=0.00, real=0.08 secs] 
4045.401: [GC (Allocation Failure) [PSYoungGen: 327275K->174133K(465920K)] 691929K->568720K(1864192K), 0.0541458 secs] [Times: user=0.23 sys=0.00, real=0.05 secs] 
4045.616: [GC (Allocation Failure) [PSYoungGen: 407093K->181973K(465920K)] 801680K->630857K(1864192K), 0.0424936 secs] [Times: user=0.19 sys=0.00, real=0.04 secs] 
4045.772: [GC (Allocation Failure) [PSYoungGen: 414933K->187221K(465920K)] 863817K->691465K(1864192K), 0.0452893 secs] [Times: user=0.21 sys=0.00, real=0.04 secs] 
4046.802: [GC (Allocation Failure) [PSYoungGen: 420181K->143505K(465920K)] 924425K->718261K(1864192K), 0.0496568 secs] [Times: user=0.24 sys=0.00, real=0.05 secs] 
4048.621: [GC (Allocation Failure) [PSYoungGen: 376460K->122622K(465920K)] 951216K->742834K(1864192K), 0.1657726 secs] [Times: user=0.93 sys=0.00, real=0.16 secs] 
4049.199: [GC (Allocation Failure) [PSYoungGen: 355582K->175284K(465920K)] 975794K->834717K(1864192K), 0.0454319 secs] [Times: user=0.21 sys=0.00, real=0.04 secs] 
4049.417: [GC (Allocation Failure) [PSYoungGen: 408244K->185559K(465920K)] 1067677K->906119K(1864192K), 0.0717364 secs] [Times: user=0.36 sys=0.00, real=0.07 secs] 
4049.612: [GC (Allocation Failure) [PSYoungGen: 418519K->186773K(465920K)] 1139079K->966294K(1864192K), 0.0564619 secs] [Times: user=0.28 sys=0.00, real=0.05 secs] 
4050.635: [GC (Allocation Failure) [PSYoungGen: 419733K->93723K(465920K)] 1199254K->943592K(1864192K), 0.0592453 secs] [Times: user=0.31 sys=0.01, real=0.06 secs] 
4051.172: [GC (Allocation Failure) [PSYoungGen: 326683K->173589K(465920K)] 1176552K->1053362K(1864192K), 0.0458340 secs] [Times: user=0.20 sys=0.00, real=0.04 secs] 
4051.412: [GC (Allocation Failure) [PSYoungGen: 406549K->181493K(465920K)] 1286322K->1115679K(1864192K), 0.0619011 secs] [Times: user=0.30 sys=0.00, real=0.06 secs] 
4051.595: [GC (Allocation Failure) [PSYoungGen: 400863K->173109K(465920K)] 1335049K->1170935K(1864192K), 0.0495652 secs] [Times: user=0.23 sys=0.00, real=0.05 secs] 
4052.583: [GC (Allocation Failure) [PSYoungGen: 406069K->169747K(402944K)] 1403895K->1222572K(1801216K), 0.0579384 secs] [Times: user=0.30 sys=0.00, real=0.06 secs] 
4054.094: [GC (Allocation Failure) [PSYoungGen: 402707K->95883K(464896K)] 1455532K->1213709K(1863168K), 0.1140506 secs] [Times: user=0.62 sys=0.00, real=0.11 secs] 
4055.158: [GC (Allocation Failure) [PSYoungGen: 328331K->181974K(465408K)] 1446157K->1330848K(1863680K), 0.0510964 secs] [Times: user=0.23 sys=0.00, real=0.05 secs] 
4055.346: [GC (Allocation Failure) [PSYoungGen: 414422K->184374K(465920K)] 1563296K->1389568K(1864192K), 0.0443967 secs] [Times: user=0.20 sys=0.00, real=0.05 secs] 
4055.544: [GC (Allocation Failure) [PSYoungGen: 417334K->186453K(465920K)] 1622528K->1447583K(1864192K), 0.0720816 secs] [Times: user=0.35 sys=0.00, real=0.07 secs] 
4056.692: [GC (Allocation Failure) [PSYoungGen: 419413K->98123K(465920K)] 1680543K->1429478K(1864192K), 0.0450711 secs] [Times: user=0.24 sys=0.00, real=0.04 secs] 
4056.737: [Full GC (Ergonomics) [PSYoungGen: 98123K->0K(465920K)] [ParOldGen: 1331354K->88657K(1398272K)] 1429478K->88657K(1864192K), [Metaspace: 60372K->60372K(1105920K)], 0.0379999 secs] [Times: user=0.11 sys=0.00, real=0.04 secs] 
4057.369: [GC (Allocation Failure) [PSYoungGen: 232960K->166132K(465920K)] 321617K->254789K(1864192K), 0.0369806 secs] [Times: user=0.14 sys=0.00, real=0.04 secs] 
4057.568: [GC (Allocation Failure) [PSYoungGen: 399092K->181589K(465920K)] 487749K->322147K(1864192K), 0.0417324 secs] [Times: user=0.19 sys=0.00, real=0.05 secs] 
4057.762: [GC (Allocation Failure) [PSYoungGen: 414549K->184951K(465920K)] 555107K->388508K(1864192K), 0.0772557 secs] [Times: user=0.38 sys=0.00, real=0.08 secs] 
4057.989: [GC (Allocation Failure) [PSYoungGen: 417911K->218709K(465920K)] 621468K->481138K(1864192K), 0.0555493 secs] [Times: user=0.27 sys=0.00, real=0.06 secs] 
4059.145: [GC (Allocation Failure) [PSYoungGen: 451669K->91018K(465920K)] 714098K->423368K(1864192K), 0.0870902 secs] [Times: user=0.47 sys=0.00, real=0.09 secs] 
4059.935: [GC (Allocation Failure) [PSYoungGen: 323978K->175093K(465920K)] 656328K->536307K(1864192K), 0.0491474 secs] [Times: user=0.21 sys=0.00, real=0.05 secs] 
4060.124: [GC (Allocation Failure) [PSYoungGen: 408053K->184630K(465920K)] 769267K->601044K(1864192K), 0.0431706 secs] [Times: user=0.19 sys=0.00, real=0.04 secs] 
4060.281: [GC (Allocation Failure) [PSYoungGen: 417590K->186741K(465920K)] 834004K->659171K(1864192K), 0.0453682 secs] [Times: user=0.21 sys=0.00, real=0.04 secs] 
4061.275: [GC (Allocation Failure) [PSYoungGen: 419701K->104524K(465920K)] 892131K->647403K(1864192K), 0.0453121 secs] [Times: user=0.23 sys=0.00, real=0.05 secs] 
4063.408: [GC (Allocation Failure) [PSYoungGen: 337484K->160851K(465920K)] 880363K->737126K(1864192K), 0.1114671 secs] [Times: user=0.58 sys=0.01, real=0.12 secs] 
4063.713: [GC (Allocation Failure) [PSYoungGen: 393811K->184534K(465920K)] 970086K->811565K(1864192K), 0.0413688 secs] [Times: user=0.19 sys=0.00, real=0.04 secs] 
4063.932: [GC (Allocation Failure) [PSYoungGen: 417494K->185719K(465920K)] 1044525K->876902K(1864192K), 0.0754227 secs] [Times: user=0.37 sys=0.00, real=0.07 secs] 
4064.190: [GC (Allocation Failure) [PSYoungGen: 418669K->186453K(465920K)] 1109852K->936324K(1864192K), 0.0655986 secs] [Times: user=0.34 sys=0.00, real=0.06 secs] 
4065.603: [GC (Allocation Failure) [PSYoungGen: 419413K->88106K(465920K)] 1169284K->908310K(1864192K), 0.0934403 secs] [Times: user=0.51 sys=0.00, real=0.09 secs] 
4066.310: [GC (Allocation Failure) [PSYoungGen: 321066K->175605K(465920K)] 1141270K->1024692K(1864192K), 0.0477521 secs] [Times: user=0.21 sys=0.00, real=0.04 secs] 
4066.491: [GC (Allocation Failure) [PSYoungGen: 408565K->181845K(465920K)] 1257652K->1085092K(1864192K), 0.0434463 secs] [Times: user=0.19 sys=0.00, real=0.04 secs] 
4066.648: [GC (Allocation Failure) [PSYoungGen: 414805K->186389K(465920K)] 1318052K->1144732K(1864192K), 0.0459417 secs] [Times: user=0.21 sys=0.00, real=0.05 secs] 
4067.664: [GC (Allocation Failure) [PSYoungGen: 419349K->110301K(465920K)] 1377692K->1138960K(1864192K), 0.0469486 secs] [Times: user=0.24 sys=0.00, real=0.05 secs] 
4068.666: [GC (Allocation Failure) [PSYoungGen: 343261K->157426K(465920K)] 1371920K->1221790K(1864192K), 0.1287424 secs] [Times: user=0.69 sys=0.00, real=0.13 secs] 
4068.989: [GC (Allocation Failure) [PSYoungGen: 390386K->181557K(465920K)] 1454750K->1295141K(1864192K), 0.0417688 secs] [Times: user=0.18 sys=0.00, real=0.04 secs] 
4069.151: [GC (Allocation Failure) [PSYoungGen: 414517K->185751K(465920K)] 1528101K->1362959K(1864192K), 0.0504998 secs] [Times: user=0.24 sys=0.00, real=0.05 secs] 
4069.315: [GC (GCLocker Initiated GC) [PSYoungGen: 418711K->186453K(465920K)] 1595920K->1422598K(1864192K), 0.0578465 secs] [Times: user=0.29 sys=0.00, real=0.06 secs] 
4070.759: [GC (GCLocker Initiated GC) [PSYoungGen: 419413K->88762K(465920K)] 1655560K->1395305K(1864192K), 0.0993805 secs] [Times: user=0.54 sys=0.00, real=0.10 secs] 
4071.767: [GC (Allocation Failure) [PSYoungGen: 321722K->174421K(465920K)] 1628432K->1509167K(1864192K), 0.0483399 secs] [Times: user=0.21 sys=0.00, real=0.05 secs] 
4071.815: [Full GC (Ergonomics) [PSYoungGen: 174421K->0K(465920K)] [ParOldGen: 1334746K->214206K(1398272K)] 1509167K->214206K(1864192K), [Metaspace: 60372K->60372K(1105920K)], 0.2575290 secs] [Times: user=1.18 sys=0.00, real=0.26 secs] 
4072.196: [GC (Allocation Failure) [PSYoungGen: 232960K->184374K(465920K)] 447166K->398580K(1864192K), 0.0265666 secs] [Times: user=0.10 sys=0.00, real=0.03 secs] 
4072.342: [GC (Allocation Failure) [PSYoungGen: 417334K->203349K(465920K)] 631540K->473308K(1864192K), 0.0458942 secs] [Times: user=0.21 sys=0.01, real=0.04 secs] 
4073.322: [GC (Allocation Failure) [PSYoungGen: 436309K->117342K(465920K)] 706268K->457917K(1864192K), 0.0461670 secs] [Times: user=0.24 sys=0.00, real=0.04 secs] 
4073.660: [GC (Allocation Failure) [PSYoungGen: 350302K->151570K(465920K)] 690877K->529566K(1864192K), 0.0910974 secs] [Times: user=0.48 sys=0.00, real=0.09 secs] 
4073.918: [GC (Allocation Failure) [PSYoungGen: 384530K->181301K(465920K)] 762526K->606861K(1864192K), 0.0419978 secs] [Times: user=0.18 sys=0.00, real=0.05 secs] 
4074.080: [GC (Allocation Failure) [PSYoungGen: 414261K->185559K(465920K)] 839821K->674111K(1864192K), 0.0487694 secs] [Times: user=0.23 sys=0.00, real=0.04 secs] 
4074.281: [GC (Allocation Failure) [PSYoungGen: 418519K->179860K(465920K)] 907071K->727148K(1864192K), 0.0589756 secs] [Times: user=0.29 sys=0.00, real=0.06 secs] 
4075.303: [GC (Allocation Failure) [PSYoungGen: 412820K->97387K(465920K)] 960108K->712835K(1864192K), 0.0467494 secs] [Times: user=0.25 sys=0.00, real=0.05 secs] 
4075.833: [GC (Allocation Failure) [PSYoungGen: 330347K->177845K(465920K)] 945795K->824346K(1864192K), 0.0487344 secs] [Times: user=0.21 sys=0.00, real=0.05 secs] 
4076.019: [GC (Allocation Failure) [PSYoungGen: 410805K->184726K(465920K)] 1057306K->886718K(1864192K), 0.0435616 secs] [Times: user=0.19 sys=0.00, real=0.05 secs] 
4076.174: [GC (Allocation Failure) [PSYoungGen: 417686K->183476K(465920K)] 1119678K->941493K(1864192K), 0.0476445 secs] [Times: user=0.21 sys=0.01, real=0.05 secs] 
4077.174: [GC (Allocation Failure) [PSYoungGen: 416436K->122159K(465920K)] 1174453K->949336K(1864192K), 0.0470679 secs] [Times: user=0.23 sys=0.00, real=0.05 secs] 
4079.041: [GC (Allocation Failure) [PSYoungGen: 355119K->147409K(465920K)] 1182296K->1013266K(1864192K), 0.1439389 secs] [Times: user=0.78 sys=0.00, real=0.14 secs] 
4079.507: [GC (Allocation Failure) [PSYoungGen: 380369K->181845K(465920K)] 1246226K->1093299K(1864192K), 0.0418811 secs] [Times: user=0.18 sys=0.00, real=0.04 secs] 
4079.714: [GC (Allocation Failure) [PSYoungGen: 414805K->183094K(465920K)] 1326259K->1157716K(1864192K), 0.0801341 secs] [Times: user=0.40 sys=0.00, real=0.08 secs] 
4079.978: [GC (Allocation Failure) [PSYoungGen: 416054K->183796K(465920K)] 1390676K->1216570K(1864192K), 0.0782050 secs] [Times: user=0.40 sys=0.00, real=0.08 secs] 
4081.204: [GC (Allocation Failure) [PSYoungGen: 416756K->92171K(465920K)] 1449530K->1194216K(1864192K), 0.0734432 secs] [Times: user=0.40 sys=0.00, real=0.07 secs] 
4081.636: [GC (Allocation Failure) [PSYoungGen: 325131K->175605K(465920K)] 1427176K->1307416K(1864192K), 0.0439927 secs] [Times: user=0.18 sys=0.00, real=0.05 secs] 
4081.873: [GC (Allocation Failure) [PSYoungGen: 408565K->184022K(465920K)] 1540376K->1370508K(1864192K), 0.0615716 secs] [Times: user=0.29 sys=0.00, real=0.06 secs] 
4082.056: [GC (Allocation Failure) [PSYoungGen: 416982K->184116K(465920K)] 1603468K->1426475K(1864192K), 0.0465367 secs] [Times: user=0.22 sys=0.00, real=0.05 secs] 
4083.028: [GC (Allocation Failure) [PSYoungGen: 417076K->135248K(465920K)] 1659435K->1446895K(1864192K), 0.0502098 secs] [Times: user=0.25 sys=0.00, real=0.05 secs] 
4083.078: [Full GC (Ergonomics) [PSYoungGen: 135248K->0K(465920K)] [ParOldGen: 1311646K->346601K(1398272K)] 1446895K->346601K(1864192K), [Metaspace: 60372K->60372K(1105920K)], 0.5988527 secs] [Times: user=2.64 sys=0.00, real=0.60 secs] 
4084.640: [GC (Allocation Failure) [PSYoungGen: 232960K->127727K(465920K)] 579561K->474328K(1864192K), 0.0483234 secs] [Times: user=0.19 sys=0.00, real=0.04 secs] 
4085.254: [GC (Allocation Failure) [PSYoungGen: 360687K->178197K(465920K)] 707288K->566379K(1864192K), 0.0507502 secs] [Times: user=0.23 sys=0.00, real=0.05 secs] 
4085.502: [GC (Allocation Failure) [PSYoungGen: 411157K->185495K(465920K)] 799339K->635893K(1864192K), 0.0689138 secs] [Times: user=0.34 sys=0.00, real=0.07 secs] 
4085.742: [GC (Allocation Failure) [PSYoungGen: 418455K->186773K(465920K)] 868853K->695883K(1864192K), 0.0820003 secs] [Times: user=0.43 sys=0.00, real=0.08 secs] 
4087.071: [GC (Allocation Failure) [PSYoungGen: 419733K->94027K(465920K)] 928843K->673765K(1864192K), 0.1106558 secs] [Times: user=0.60 sys=0.01, real=0.11 secs] 
4088.365: [GC (Allocation Failure) [PSYoungGen: 326987K->167924K(465920K)] 906725K->777555K(1864192K), 0.0563464 secs] [Times: user=0.25 sys=0.00, real=0.06 secs] 
4088.645: [GC (Allocation Failure) [PSYoungGen: 400884K->184662K(465920K)] 1010515K->847301K(1864192K), 0.0492654 secs] [Times: user=0.22 sys=0.00, real=0.05 secs] 
4088.833: [GC (Allocation Failure) [PSYoungGen: 417622K->187317K(465920K)] 1080261K->905844K(1864192K), 0.0634497 secs] [Times: user=0.30 sys=0.00, real=0.06 secs] 
4089.819: [GC (Allocation Failure) [PSYoungGen: 420277K->149202K(465920K)] 1138804K->938362K(1864192K), 0.0506902 secs] [Times: user=0.24 sys=0.00, real=0.05 secs] 
4090.211: [GC (Allocation Failure) [PSYoungGen: 382162K->127311K(465920K)] 1171322K->963774K(1864192K), 0.1181365 secs] [Times: user=0.65 sys=0.01, real=0.12 secs] 
4090.526: [GC (GCLocker Initiated GC) [PSYoungGen: 360271K->168243K(462848K)] 1196735K->1045360K(1861120K), 0.0380103 secs] [Times: user=0.17 sys=0.01, real=0.04 secs] 
4090.684: [GC (Allocation Failure) [PSYoungGen: 401203K->185239K(464384K)] 1278323K->1122270K(1862656K), 0.0486901 secs] [Times: user=0.23 sys=0.00, real=0.05 secs] 
4090.881: [GC (Allocation Failure) [PSYoungGen: 418199K->186837K(465920K)] 1355230K->1182637K(1864192K), 0.0793094 secs] [Times: user=0.40 sys=0.00, real=0.08 secs] 
4092.001: [GC (Allocation Failure) [PSYoungGen: 419797K->97787K(465920K)] 1415597K->1164107K(1864192K), 0.0476062 secs] [Times: user=0.25 sys=0.00, real=0.04 secs] 
4092.498: [GC (Allocation Failure) [PSYoungGen: 330747K->174229K(465920K)] 1397067K->1271665K(1864192K), 0.0671726 secs] [Times: user=0.30 sys=0.00, real=0.07 secs] 
4092.752: [GC (Allocation Failure) [PSYoungGen: 407189K->181525K(465920K)] 1504625K->1333606K(1864192K), 0.0442043 secs] [Times: user=0.20 sys=0.00, real=0.04 secs] 
4092.907: [GC (Allocation Failure) [PSYoungGen: 401403K->172277K(465920K)] 1553484K->1387614K(1864192K), 0.0492161 secs] [Times: user=0.23 sys=0.00, real=0.05 secs] 
4093.886: [GC (Allocation Failure) [PSYoungGen: 405237K->168498K(401920K)] 1620574K->1438635K(1800192K), 0.0578521 secs] [Times: user=0.29 sys=0.00, real=0.06 secs] 
4095.749: [GC (Allocation Failure) [PSYoungGen: 401458K->99499K(457728K)] 1671595K->1434068K(1856000K), 0.1180208 secs] [Times: user=0.65 sys=0.00, real=0.12 secs] 
4095.867: [Full GC (Ergonomics) [PSYoungGen: 99499K->0K(457728K)] [ParOldGen: 1334568K->116251K(1398272K)] 1434068K->116251K(1856000K), [Metaspace: 60374K->60374K(1105920K)], 0.1889295 secs] [Times: user=0.84 sys=0.00, real=0.19 secs] 
4096.741: [GC (Allocation Failure) [PSYoungGen: 228864K->174101K(461824K)] 345115K->290352K(1860096K), 0.0372173 secs] [Times: user=0.13 sys=0.00, real=0.03 secs] 
4097.001: [GC (Allocation Failure) [PSYoungGen: 402965K->181333K(464896K)] 519216K->352144K(1863168K), 0.0537389 secs] [Times: user=0.25 sys=0.00, real=0.05 secs] 
4097.221: [GC (Allocation Failure) [PSYoungGen: 414293K->186453K(465920K)] 585104K->412248K(1864192K), 0.0642052 secs] [Times: user=0.31 sys=0.00, real=0.06 secs] 
4098.239: [GC (Allocation Failure) [PSYoungGen: 419353K->101708K(465920K)] 645148K->397723K(1864192K), 0.0442976 secs] [Times: user=0.23 sys=0.00, real=0.05 secs] 
4098.712: [GC (GCLocker Initiated GC) [PSYoungGen: 334668K->163795K(465920K)] 630683K->493071K(1864192K), 0.0888535 secs] [Times: user=0.45 sys=0.01, real=0.09 secs] 
4098.969: [GC (Allocation Failure) [PSYoungGen: 396755K->189045K(465920K)] 726034K->569920K(1864192K), 0.0418033 secs] [Times: user=0.18 sys=0.00, real=0.05 secs] 
4099.162: [GC (Allocation Failure) [PSYoungGen: 422005K->185719K(465920K)] 802880K->629546K(1864192K), 0.0555458 secs] [Times: user=0.27 sys=0.00, real=0.05 secs] 
4099.338: [GC (Allocation Failure) [PSYoungGen: 418679K->186933K(465920K)] 862506K->689608K(1864192K), 0.0553220 secs] [Times: user=0.27 sys=0.00, real=0.06 secs] 
4100.837: [GC (GCLocker Initiated GC) [PSYoungGen: 419893K->84425K(465920K)] 922568K->657829K(1864192K), 0.1029971 secs] [Times: user=0.56 sys=0.01, real=0.11 secs] 
4101.529: [GC (Allocation Failure) [PSYoungGen: 317385K->178965K(465920K)] 890920K->778848K(1864192K), 0.0518837 secs] [Times: user=0.23 sys=0.00, real=0.05 secs] 
4101.796: [GC (Allocation Failure) [PSYoungGen: 411925K->184694K(465920K)] 1011808K->840669K(1864192K), 0.0609323 secs] [Times: user=0.29 sys=0.00, real=0.06 secs] 
4102.038: [GC (Allocation Failure) [PSYoungGen: 417654K->186837K(465920K)] 1073629K->898812K(1864192K), 0.0608222 secs] [Times: user=0.29 sys=0.00, real=0.06 secs] 
4103.055: [GC (Allocation Failure) [PSYoungGen: 419797K->108301K(465920K)] 1131772K->890684K(1864192K), 0.0480969 secs] [Times: user=0.25 sys=0.00, real=0.05 secs] 
4104.812: [GC (Allocation Failure) [PSYoungGen: 341261K->155506K(465920K)] 1123644K->972942K(1864192K), 0.0881837 secs] [Times: user=0.45 sys=0.00, real=0.09 secs] 
4105.079: [GC (Allocation Failure) [PSYoungGen: 388466K->208822K(465920K)] 1205902K->1074782K(1864192K), 0.0420795 secs] [Times: user=0.18 sys=0.00, real=0.04 secs] 
4105.274: [GC (Allocation Failure) [PSYoungGen: 441782K->182902K(465920K)] 1307742K->1112942K(1864192K), 0.0777975 secs] [Times: user=0.39 sys=0.00, real=0.08 secs] 
4105.525: [GC (Allocation Failure) [PSYoungGen: 415862K->183348K(465920K)] 1345902K->1171277K(1864192K), 0.0688866 secs] [Times: user=0.35 sys=0.00, real=0.07 secs] 
4106.599: [GC (GCLocker Initiated GC) [PSYoungGen: 416308K->90250K(465920K)] 1404237K->1147395K(1864192K), 0.0667265 secs] [Times: user=0.36 sys=0.00, real=0.06 secs] 
4107.006: [GC (Allocation Failure) [PSYoungGen: 323210K->178389K(465920K)] 1380649K->1264721K(1864192K), 0.0508338 secs] [Times: user=0.20 sys=0.00, real=0.05 secs] 
4107.242: [GC (Allocation Failure) [PSYoungGen: 411349K->181301K(465920K)] 1497681K->1323445K(1864192K), 0.0653407 secs] [Times: user=0.32 sys=0.00, real=0.06 secs] 
4107.492: [GC (Allocation Failure) [PSYoungGen: 414261K->186933K(465920K)] 1556405K->1383829K(1864192K), 0.0640457 secs] [Times: user=0.31 sys=0.00, real=0.06 secs] 
4108.505: [GC (Allocation Failure) [PSYoungGen: 419893K->118670K(465920K)] 1616789K->1386166K(1864192K), 0.0497791 secs] [Times: user=0.26 sys=0.00, real=0.05 secs] 
4109.591: [GC (Allocation Failure) [PSYoungGen: 351630K->145841K(465920K)] 1619126K->1450953K(1864192K), 0.1384401 secs] [Times: user=0.75 sys=0.00, real=0.14 secs] 
4110.043: [GC (Allocation Failure) [PSYoungGen: 378801K->183413K(465920K)] 1683913K->1534690K(1864192K), 0.0425259 secs] [Times: user=0.19 sys=0.00, real=0.04 secs] 
4110.086: [Full GC (Ergonomics) [PSYoungGen: 183413K->0K(465920K)] [ParOldGen: 1351276K->246853K(1398272K)] 1534690K->246853K(1864192K), [Metaspace: 60390K->60390K(1105920K)], 0.3040243 secs] [Times: user=1.40 sys=0.00, real=0.31 secs] 
4110.521: [GC (GCLocker Initiated GC) [PSYoungGen: 232960K->185495K(465920K)] 479813K->432348K(1864192K), 0.0878017 secs] [Times: user=0.46 sys=0.00, real=0.08 secs] 
4110.720: [GC (Allocation Failure) [PSYoungGen: 418455K->186837K(465920K)] 665603K->492761K(1864192K), 0.0567584 secs] [Times: user=0.28 sys=0.00, real=0.05 secs] 
4112.268: [GC (Allocation Failure) [PSYoungGen: 419797K->88890K(465920K)] 725721K->465218K(1864192K), 0.1093362 secs] [Times: user=0.60 sys=0.01, real=0.11 secs] 
4113.522: [GC (Allocation Failure) [PSYoungGen: 321850K->170932K(465920K)] 698178K->576625K(1864192K), 0.0502297 secs] [Times: user=0.22 sys=0.00, real=0.05 secs] 
4113.724: [GC (Allocation Failure) [PSYoungGen: 403892K->184342K(465920K)] 809585K->642723K(1864192K), 0.0424088 secs] [Times: user=0.19 sys=0.00, real=0.04 secs] 
4113.901: [GC (Allocation Failure) [PSYoungGen: 417302K->180660K(465920K)] 875683K->694985K(1864192K), 0.0619261 secs] [Times: user=0.29 sys=0.01, real=0.06 secs] 
4114.888: [GC (Allocation Failure) [PSYoungGen: 413620K->136625K(465920K)] 927945K->719486K(1864192K), 0.0485745 secs] [Times: user=0.24 sys=0.00, real=0.05 secs] 
4115.254: [GC (Allocation Failure) [PSYoungGen: 369585K->138256K(465920K)] 952446K->764389K(1864192K), 0.1151225 secs] [Times: user=0.62 sys=0.00, real=0.11 secs] 
4115.570: [GC (Allocation Failure) [PSYoungGen: 371216K->178165K(465920K)] 997349K->848251K(1864192K), 0.0408523 secs] [Times: user=0.17 sys=0.00, real=0.04 secs] 
4115.753: [GC (Allocation Failure) [PSYoungGen: 411125K->180374K(465920K)] 1081211K->912624K(1864192K), 0.0692149 secs] [Times: user=0.34 sys=0.00, real=0.07 secs] 
4115.960: [GC (Allocation Failure) [PSYoungGen: 413334K->186581K(465920K)] 1145584K->976623K(1864192K), 0.0571838 secs] [Times: user=0.28 sys=0.00, real=0.05 secs] 
4117.386: [GC (Allocation Failure) [PSYoungGen: 419541K->93515K(465920K)] 1209583K->953993K(1864192K), 0.1161791 secs] [Times: user=0.63 sys=0.00, real=0.12 secs] 
4118.883: [GC (Allocation Failure) [PSYoungGen: 326475K->170356K(465920K)] 1186953K->1060607K(1864192K), 0.0591689 secs] [Times: user=0.26 sys=0.00, real=0.06 secs] 
4119.112: [GC (Allocation Failure) [PSYoungGen: 403316K->184726K(465920K)] 1293567K->1128393K(1864192K), 0.0433163 secs] [Times: user=0.19 sys=0.00, real=0.04 secs] 
4119.269: [GC (Allocation Failure) [PSYoungGen: 417686K->187189K(465920K)] 1361353K->1186800K(1864192K), 0.0466936 secs] [Times: user=0.21 sys=0.00, real=0.05 secs] 
4120.345: [GC (Allocation Failure) [PSYoungGen: 420149K->143249K(465920K)] 1419760K->1213596K(1864192K), 0.0506646 secs] [Times: user=0.26 sys=0.00, real=0.05 secs] 
4121.040: [GC (GCLocker Initiated GC) [PSYoungGen: 376209K->127135K(465920K)] 1446558K->1242915K(1864192K), 0.1195718 secs] [Times: user=0.65 sys=0.01, real=0.12 secs] 
4121.450: [GC (Allocation Failure) [PSYoungGen: 360095K->172628K(465920K)] 1475914K->1329150K(1864192K), 0.0379687 secs] [Times: user=0.17 sys=0.01, real=0.03 secs] 
4121.607: [GC (Allocation Failure) [PSYoungGen: 405588K->185207K(465920K)] 1562110K->1402721K(1864192K), 0.0497970 secs] [Times: user=0.23 sys=0.00, real=0.05 secs] 
4121.822: [GC (Allocation Failure) [PSYoungGen: 418167K->185813K(465920K)] 1635681K->1461991K(1864192K), 0.0834473 secs] [Times: user=0.43 sys=0.00, real=0.08 secs] 
4122.888: [GC (Allocation Failure) [PSYoungGen: 418770K->97291K(465920K)] 1694949K->1443830K(1864192K), 0.0489509 secs] [Times: user=0.25 sys=0.00, real=0.05 secs] 
4122.937: [Full GC (Ergonomics) [PSYoungGen: 97291K->0K(465920K)] [ParOldGen: 1346538K->95977K(1398272K)] 1443830K->95977K(1864192K), [Metaspace: 60390K->60390K(1105920K)], 0.0568306 secs] [Times: user=0.20 sys=0.00, real=0.06 secs] 
4123.444: [GC (GCLocker Initiated GC) [PSYoungGen: 232960K->171956K(465920K)] 328938K->267935K(1864192K), 0.0447167 secs] [Times: user=0.16 sys=0.01, real=0.04 secs] 
4123.722: [GC (Allocation Failure) [PSYoungGen: 404916K->184117K(465920K)] 501061K->334354K(1864192K), 0.0547138 secs] [Times: user=0.25 sys=0.00, real=0.05 secs] 
4123.942: [GC (Allocation Failure) [PSYoungGen: 403901K->170069K(465920K)] 554137K->384337K(1864192K), 0.0704659 secs] [Times: user=0.36 sys=0.00, real=0.07 secs] 
4124.878: [GC (Allocation Failure) [PSYoungGen: 403029K->169363K(402432K)] 617297K->437615K(1800704K), 0.0541565 secs] [Times: user=0.26 sys=0.00, real=0.06 secs] 
4126.250: [GC (Allocation Failure) [PSYoungGen: 402323K->105580K(458752K)] 670575K->438713K(1857024K), 0.0987719 secs] [Times: user=0.53 sys=0.00, real=0.09 secs] 
4126.993: [GC (Allocation Failure) [PSYoungGen: 334956K->174773K(462336K)] 668089K->541450K(1860608K), 0.0488535 secs] [Times: user=0.22 sys=0.00, real=0.05 secs] 
4127.239: [GC (Allocation Failure) [PSYoungGen: 404149K->182037K(464896K)] 770826K->603643K(1863168K), 0.0602524 secs] [Times: user=0.29 sys=0.00, real=0.07 secs] 
4127.424: [GC (Allocation Failure) [PSYoungGen: 414997K->186709K(465920K)] 836603K->663370K(1864192K), 0.0486676 secs] [Times: user=0.20 sys=0.00, real=0.05 secs] 
4128.542: [GC (Allocation Failure) [PSYoungGen: 419669K->99868K(465920K)] 896330K->646929K(1864192K), 0.0580498 secs] [Times: user=0.31 sys=0.00, real=0.06 secs] 
4129.473: [GC (Allocation Failure) [PSYoungGen: 332828K->171571K(465920K)] 879889K->750768K(1864192K), 0.0905689 secs] [Times: user=0.45 sys=0.00, real=0.09 secs] 
4129.742: [GC (Allocation Failure) [PSYoungGen: 404531K->184406K(465920K)] 983728K->814582K(1864192K), 0.0415522 secs] [Times: user=0.18 sys=0.00, real=0.04 secs] 
4129.923: [GC (Allocation Failure) [PSYoungGen: 417250K->186071K(465920K)] 1047427K->880239K(1864192K), 0.0548332 secs] [Times: user=0.26 sys=0.00, real=0.05 secs] 
4130.133: [GC (Allocation Failure) [PSYoungGen: 419031K->216564K(465920K)] 1113199K->969769K(1864192K), 0.0559594 secs] [Times: user=0.28 sys=0.00, real=0.05 secs] 
4131.303: [GC (Allocation Failure) [PSYoungGen: 449524K->90634K(465920K)] 1202729K->913111K(1864192K), 0.0758709 secs] [Times: user=0.41 sys=0.01, real=0.07 secs] 
4132.019: [GC (Allocation Failure) [PSYoungGen: 323594K->179413K(465920K)] 1146071K->1030683K(1864192K), 0.0496848 secs] [Times: user=0.21 sys=0.00, real=0.05 secs] 
4132.214: [GC (Allocation Failure) [PSYoungGen: 412373K->184278K(465920K)] 1263643K->1091719K(1864192K), 0.0434838 secs] [Times: user=0.19 sys=0.00, real=0.04 secs] 
4132.371: [GC (Allocation Failure) [PSYoungGen: 417238K->186453K(465920K)] 1324679K->1149790K(1864192K), 0.0454540 secs] [Times: user=0.21 sys=0.01, real=0.04 secs] 
4133.456: [GC (Allocation Failure) [PSYoungGen: 419413K->102684K(465920K)] 1382750K->1136478K(1864192K), 0.0469976 secs] [Times: user=0.24 sys=0.00, real=0.05 secs] 
4134.636: [GC (Allocation Failure) [PSYoungGen: 335644K->165331K(465920K)] 1369438K->1232741K(1864192K), 0.0455291 secs] [Times: user=0.21 sys=0.00, real=0.05 secs] 
4134.854: [GC (Allocation Failure) [PSYoungGen: 398291K->184246K(465920K)] 1465701K->1303919K(1864192K), 0.0660767 secs] [Times: user=0.32 sys=0.00, real=0.07 secs] 
4135.066: [GC (Allocation Failure) [PSYoungGen: 417206K->180438K(465920K)] 1536879K->1364191K(1864192K), 0.0498667 secs] [Times: user=0.23 sys=0.00, real=0.05 secs] 
4135.262: [GC (Allocation Failure) [PSYoungGen: 413398K->186677K(465920K)] 1597151K->1428318K(1864192K), 0.0816299 secs] [Times: user=0.42 sys=0.00, real=0.08 secs] 
4136.811: [GC (Allocation Failure) [PSYoungGen: 419637K->86826K(465920K)] 1661278K->1398955K(1864192K), 0.0908001 secs] [Times: user=0.50 sys=0.00, real=0.09 secs] 
4136.902: [Full GC (Ergonomics) [PSYoungGen: 86826K->0K(465920K)] [ParOldGen: 1312129K->102053K(1398272K)] 1398955K->102053K(1864192K), [Metaspace: 60390K->60390K(1105920K)], 0.1485514 secs] [Times: user=0.62 sys=0.00, real=0.15 secs] 
4137.514: [GC (Allocation Failure) [PSYoungGen: 232960K->178997K(465920K)] 335013K->281051K(1864192K), 0.0259355 secs] [Times: user=0.09 sys=0.00, real=0.03 secs] 
4137.656: [GC (Allocation Failure) [PSYoungGen: 411957K->184662K(465920K)] 514011K->342515K(1864192K), 0.0426288 secs] [Times: user=0.19 sys=0.00, real=0.04 secs] 
4137.812: [GC (Allocation Failure) [PSYoungGen: 417622K->183028K(465920K)] 575475K->396778K(1864192K), 0.0449865 secs] [Times: user=0.21 sys=0.01, real=0.04 secs] 
4138.870: [GC (Allocation Failure) [PSYoungGen: 415988K->109597K(465920K)] 629738K->392587K(1864192K), 0.0447502 secs] [Times: user=0.23 sys=0.00, real=0.04 secs] 
4139.297: [GC (Allocation Failure) [PSYoungGen: 342557K->156530K(465920K)] 625547K->474965K(1864192K), 0.0916517 secs] [Times: user=0.47 sys=0.00, real=0.09 secs] 
4139.602: [GC (Allocation Failure) [PSYoungGen: 389490K->181237K(465920K)] 707925K->548872K(1864192K), 0.0492976 secs] [Times: user=0.22 sys=0.01, real=0.05 secs] 
4139.777: [GC (Allocation Failure) [PSYoungGen: 414197K->185815K(465920K)] 781832K->616681K(1864192K), 0.0495146 secs] [Times: user=0.23 sys=0.00, real=0.05 secs] 
4139.990: [GC (Allocation Failure) [PSYoungGen: 418775K->183668K(465920K)] 849641K->673567K(1864192K), 0.0825946 secs] [Times: user=0.43 sys=0.00, real=0.08 secs] 
4141.876: [GC (Allocation Failure) [PSYoungGen: 416628K->88970K(465920K)] 906527K->648141K(1864192K), 0.1130266 secs] [Times: user=0.62 sys=0.00, real=0.11 secs] 
4143.171: [GC (Allocation Failure) [PSYoungGen: 321930K->175349K(465920K)] 881101K->763196K(1864192K), 0.0540682 secs] [Times: user=0.24 sys=0.00, real=0.05 secs] 
4143.457: [GC (Allocation Failure) [PSYoungGen: 408309K->184598K(465920K)] 996156K->827353K(1864192K), 0.0529394 secs] [Times: user=0.25 sys=0.00, real=0.06 secs] 
4143.626: [GC (Allocation Failure) [PSYoungGen: 417558K->187125K(465920K)] 1060313K->885992K(1864192K), 0.0459749 secs] [Times: user=0.21 sys=0.00, real=0.05 secs] 
4144.675: [GC (Allocation Failure) [PSYoungGen: 420085K->119278K(465920K)] 1118952K->888770K(1864192K), 0.0473065 secs] [Times: user=0.24 sys=0.00, real=0.05 secs] 
4145.212: [GC (Allocation Failure) [PSYoungGen: 352238K->144481K(465920K)] 1121730K->951692K(1864192K), 0.1170383 secs] [Times: user=0.63 sys=0.00, real=0.11 secs] 
4145.570: [GC (Allocation Failure) [PSYoungGen: 377441K->179253K(465920K)] 1184652K->1031721K(1864192K), 0.0406138 secs] [Times: user=0.18 sys=0.00, real=0.04 secs] 
4145.765: [GC (Allocation Failure) [PSYoungGen: 412213K->185207K(465920K)] 1264681K->1100123K(1864192K), 0.0645189 secs] [Times: user=0.32 sys=0.00, real=0.07 secs] 
4145.952: [GC (Allocation Failure) [PSYoungGen: 418167K->186549K(465920K)] 1333083K->1160273K(1864192K), 0.0587437 secs] [Times: user=0.29 sys=0.00, real=0.06 secs] 
4147.033: [GC (Allocation Failure) [PSYoungGen: 419509K->98075K(465920K)] 1393233K->1142068K(1864192K), 0.0614823 secs] [Times: user=0.33 sys=0.00, real=0.06 secs] 
4148.044: [GC (Allocation Failure) [PSYoungGen: 331035K->168628K(465920K)] 1375028K->1244261K(1864192K), 0.0557378 secs] [Times: user=0.22 sys=0.01, real=0.06 secs] 
4148.259: [GC (Allocation Failure) [PSYoungGen: 401588K->184534K(465920K)] 1477221K->1313687K(1864192K), 0.0442408 secs] [Times: user=0.20 sys=0.00, real=0.04 secs] 
4148.417: [GC (Allocation Failure) [PSYoungGen: 417494K->186965K(465920K)] 1546647K->1371998K(1864192K), 0.0473741 secs] [Times: user=0.23 sys=0.00, real=0.05 secs] 
4149.647: [GC (Allocation Failure) [PSYoungGen: 419925K->131056K(465920K)] 1604958K->1386553K(1864192K), 0.0506339 secs] [Times: user=0.25 sys=0.01, real=0.05 secs] 
4151.278: [GC (Allocation Failure) [PSYoungGen: 364016K->135920K(465920K)] 1619513K->1432942K(1864192K), 0.1611312 secs] [Times: user=0.90 sys=0.00, real=0.16 secs] 
4151.671: [GC (Allocation Failure) [PSYoungGen: 368880K->178709K(465920K)] 1665902K->1519683K(1864192K), 0.0400219 secs] [Times: user=0.18 sys=0.00, real=0.04 secs] 
4151.711: [Full GC (Ergonomics) [PSYoungGen: 178709K->0K(465920K)] [ParOldGen: 1340974K->239844K(1398272K)] 1519683K->239844K(1864192K), [Metaspace: 60390K->60390K(1105920K)], 0.2920812 secs] [Times: user=1.30 sys=0.00, real=0.29 secs] 
4152.144: [GC (Allocation Failure) [PSYoungGen: 232960K->185431K(465920K)] 472804K->425275K(1864192K), 0.0923403 secs] [Times: user=0.48 sys=0.00, real=0.09 secs] 
4152.359: [GC (Allocation Failure) [PSYoungGen: 418391K->186453K(465920K)] 658235K->485114K(1864192K), 0.0579088 secs] [Times: user=0.28 sys=0.00, real=0.06 secs] 
4153.401: [GC (Allocation Failure) [PSYoungGen: 419413K->93355K(465920K)] 718074K->462272K(1864192K), 0.0557788 secs] [Times: user=0.30 sys=0.00, real=0.05 secs] 
4153.823: [GC (Allocation Failure) [PSYoungGen: 326315K->173044K(465920K)] 695232K->571917K(1864192K), 0.0505390 secs] [Times: user=0.22 sys=0.01, real=0.05 secs] 
4154.024: [GC (Allocation Failure) [PSYoungGen: 406004K->189877K(465920K)] 804877K->643114K(1864192K), 0.0429341 secs] [Times: user=0.19 sys=0.00, real=0.04 secs] 
4154.197: [GC (Allocation Failure) [PSYoungGen: 422837K->186837K(465920K)] 876074K->695418K(1864192K), 0.0590527 secs] [Times: user=0.29 sys=0.00, real=0.06 secs] 
4155.201: [GC (Allocation Failure) [PSYoungGen: 419797K->140401K(465920K)] 928378K->719326K(1864192K), 0.0498635 secs] [Times: user=0.24 sys=0.00, real=0.05 secs] 
4155.698: [GC (GCLocker Initiated GC) [PSYoungGen: 373361K->135200K(465920K)] 952286K->758585K(1864192K), 0.1420434 secs] [Times: user=0.77 sys=0.01, real=0.15 secs] 
4156.218: [GC (Allocation Failure) [PSYoungGen: 368160K->174708K(465920K)] 991712K->840753K(1864192K), 0.0418067 secs] [Times: user=0.19 sys=0.00, real=0.05 secs] 
4156.380: [GC (Allocation Failure) [PSYoungGen: 407668K->185431K(465920K)] 1073713K->913111K(1864192K), 0.0489533 secs] [Times: user=0.23 sys=0.00, real=0.04 secs] 
4156.540: [GC (Allocation Failure) [PSYoungGen: 418391K->183636K(465920K)] 1146071K->970077K(1864192K), 0.0567094 secs] [Times: user=0.28 sys=0.00, real=0.05 secs] 
4157.981: [GC (Allocation Failure) [PSYoungGen: 416596K->95083K(465920K)] 1203037K->950880K(1864192K), 0.1112807 secs] [Times: user=0.61 sys=0.00, real=0.11 secs] 
4159.590: [GC (Allocation Failure) [PSYoungGen: 328043K->171028K(465920K)] 1183840K->1056806K(1864192K), 0.0561638 secs] [Times: user=0.25 sys=0.00, real=0.05 secs] 
4159.820: [GC (Allocation Failure) [PSYoungGen: 403988K->181973K(465920K)] 1289766K->1121315K(1864192K), 0.0442379 secs] [Times: user=0.20 sys=0.00, real=0.04 secs] 
4160.040: [GC (Allocation Failure) [PSYoungGen: 414933K->187381K(465920K)] 1354275K->1182083K(1864192K), 0.0723920 secs] [Times: user=0.36 sys=0.00, real=0.07 secs] 
4161.041: [GC (Allocation Failure) [PSYoungGen: 420341K->149522K(465920K)] 1415043K->1215000K(1864192K), 0.0525224 secs] [Times: user=0.26 sys=0.00, real=0.05 secs] 
4161.571: [GC (Allocation Failure) [PSYoungGen: 382482K->123614K(465920K)] 1447960K->1236524K(1864192K), 0.1253771 secs] [Times: user=0.70 sys=0.00, real=0.12 secs] 
4161.963: [GC (Allocation Failure) [PSYoungGen: 356574K->172276K(463872K)] 1469484K->1324979K(1862144K), 0.0374310 secs] [Times: user=0.16 sys=0.00, real=0.04 secs] 
4162.119: [GC (Allocation Failure) [PSYoungGen: 405236K->184567K(464896K)] 1557939K->1397621K(1863168K), 0.0507372 secs] [Times: user=0.24 sys=0.00, real=0.06 secs] 
4162.282: [GC (Allocation Failure) [PSYoungGen: 417527K->186453K(465920K)] 1630581K->1458068K(1864192K), 0.0606107 secs] [Times: user=0.30 sys=0.00, real=0.06 secs] 
4163.313: [GC (Allocation Failure) [PSYoungGen: 419413K->97339K(465920K)] 1691028K->1439402K(1864192K), 0.0480180 secs] [Times: user=0.25 sys=0.00, real=0.05 secs] 
4163.361: [Full GC (Ergonomics) [PSYoungGen: 97339K->0K(465920K)] [ParOldGen: 1342062K->95246K(1398272K)] 1439402K->95246K(1864192K), [Metaspace: 60393K->60393K(1105920K)], 0.0571816 secs] [Times: user=0.20 sys=0.00, real=0.05 secs] 
4164.256: [GC (Allocation Failure) [PSYoungGen: 232960K->164243K(465920K)] 328206K->259489K(1864192K), 0.0509161 secs] [Times: user=0.19 sys=0.00, real=0.05 secs] 
4164.505: [GC (Allocation Failure) [PSYoungGen: 397203K->182453K(465920K)] 492449K->329671K(1864192K), 0.0412030 secs] [Times: user=0.19 sys=0.00, real=0.04 secs] 
4164.663: [GC (Allocation Failure) [PSYoungGen: 411974K->182038K(465920K)] 559193K->392949K(1864192K), 0.0486650 secs] [Times: user=0.23 sys=0.00, real=0.05 secs] 
4165.578: [GC (Allocation Failure) [PSYoungGen: 414998K->168883K(401920K)] 625909K->437609K(1800192K), 0.0541854 secs] [Times: user=0.27 sys=0.00, real=0.06 secs] 
4166.514: [GC (Allocation Failure) [PSYoungGen: 401843K->108012K(460800K)] 670569K->441491K(1859072K), 0.0761185 secs] [Times: user=0.40 sys=0.00, real=0.08 secs] 
4167.120: [GC (Allocation Failure) [PSYoungGen: 335605K->173877K(463360K)] 669083K->542032K(1861632K), 0.0455748 secs] [Times: user=0.20 sys=0.00, real=0.04 secs] 
4167.344: [GC (Allocation Failure) [PSYoungGen: 404277K->182581K(464384K)] 772432K->605097K(1862656K), 0.0625216 secs] [Times: user=0.30 sys=0.01, real=0.06 secs] 
4167.585: [GC (Allocation Failure) [PSYoungGen: 415541K->181172K(465920K)] 838057K->658799K(1864192K), 0.0617151 secs] [Times: user=0.30 sys=0.00, real=0.06 secs] 
4168.672: [GC (Allocation Failure) [PSYoungGen: 414132K->102412K(465920K)] 891759K->648967K(1864192K), 0.0592040 secs] [Times: user=0.32 sys=0.00, real=0.06 secs] 
4169.474: [GC (Allocation Failure) [PSYoungGen: 335372K->165812K(398848K)] 881927K->745332K(1797120K), 0.0600162 secs] [Times: user=0.29 sys=0.00, real=0.06 secs] 
4169.742: [GC (Allocation Failure) [PSYoungGen: 398772K->184566K(462848K)] 978292K->816046K(1861120K), 0.0549215 secs] [Times: user=0.25 sys=0.00, real=0.05 secs] 
4169.917: [GC (Allocation Failure) [PSYoungGen: 415990K->184823K(464384K)] 1047470K->880447K(1862656K), 0.0493273 secs] [Times: user=0.23 sys=0.00, real=0.05 secs] 
4170.109: [GC (Allocation Failure) [PSYoungGen: 416247K->215668K(465920K)] 1111871K->969837K(1864192K), 0.0546661 secs] [Times: user=0.27 sys=0.00, real=0.06 secs] 
4171.150: [GC (Allocation Failure) [PSYoungGen: 448628K->87786K(465920K)] 1202797K->910994K(1864192K), 0.0530166 secs] [Times: user=0.28 sys=0.00, real=0.05 secs] 
4171.708: [GC (Allocation Failure) [PSYoungGen: 320746K->178901K(465920K)] 1143954K->1029810K(1864192K), 0.0499478 secs] [Times: user=0.22 sys=0.00, real=0.05 secs] 
4171.967: [GC (Allocation Failure) [PSYoungGen: 411861K->184502K(465920K)] 1262770K->1091295K(1864192K), 0.0564889 secs] [Times: user=0.27 sys=0.00, real=0.06 secs] 
4172.139: [GC (Allocation Failure) [PSYoungGen: 417462K->184020K(465920K)] 1324255K->1146646K(1864192K), 0.0454564 secs] [Times: user=0.21 sys=0.00, real=0.05 secs] 
4173.316: [GC (Allocation Failure) [PSYoungGen: 416980K->104364K(465920K)] 1379606K->1136362K(1864192K), 0.0688073 secs] [Times: user=0.36 sys=0.01, real=0.07 secs] 
4175.030: [GC (Allocation Failure) [PSYoungGen: 337324K->161267K(465920K)] 1369322K->1226909K(1864192K), 0.0983928 secs] [Times: user=0.50 sys=0.00, real=0.09 secs] 
4175.311: [GC (Allocation Failure) [PSYoungGen: 394227K->179285K(465920K)] 1459869K->1295195K(1864192K), 0.0421530 secs] [Times: user=0.19 sys=0.00, real=0.04 secs] 
4175.471: [GC (Allocation Failure) [PSYoungGen: 412245K->182934K(465920K)] 1528155K->1361749K(1864192K), 0.0505942 secs] [Times: user=0.23 sys=0.01, real=0.05 secs] 
4175.687: [GC (Allocation Failure) [PSYoungGen: 415894K->186517K(465920K)] 1594709K->1423491K(1864192K), 0.0797469 secs] [Times: user=0.41 sys=0.00, real=0.08 secs] 
4177.004: [GC (Allocation Failure) [PSYoungGen: 419477K->91066K(465920K)] 1656451K->1398385K(1864192K), 0.0961613 secs] [Times: user=0.52 sys=0.00, real=0.10 secs] 
4177.671: [GC (Allocation Failure) [PSYoungGen: 324026K->173397K(465920K)] 1631345K->1509376K(1864192K), 0.0494506 secs] [Times: user=0.22 sys=0.00, real=0.05 secs] 
4177.720: [Full GC (Ergonomics) [PSYoungGen: 173397K->0K(465920K)] [ParOldGen: 1335979K->213894K(1398272K)] 1509376K->213894K(1864192K), [Metaspace: 60393K->60393K(1105920K)], 0.2579097 secs] [Times: user=1.20 sys=0.00, real=0.25 secs] 
4178.095: [GC (Allocation Failure) [PSYoungGen: 232960K->184822K(465920K)] 446854K->398716K(1864192K), 0.0267774 secs] [Times: user=0.10 sys=0.00, real=0.03 secs] 
4178.235: [GC (Allocation Failure) [PSYoungGen: 417782K->186869K(465920K)] 631676K->456819K(1864192K), 0.0449606 secs] [Times: user=0.21 sys=0.01, real=0.05 secs] 
4179.240: [GC (Allocation Failure) [PSYoungGen: 419829K->116542K(465920K)] 689779K->456948K(1864192K), 0.0462013 secs] [Times: user=0.23 sys=0.00, real=0.04 secs] 
4179.811: [GC (Allocation Failure) [PSYoungGen: 349502K->151794K(465920K)] 689908K->529689K(1864192K), 0.1432941 secs] [Times: user=0.76 sys=0.00, real=0.14 secs] 
4180.265: [GC (Allocation Failure) [PSYoungGen: 384754K->183861K(465920K)] 762649K->609433K(1864192K), 0.0424136 secs] [Times: user=0.18 sys=0.00, real=0.04 secs] 
4180.425: [GC (Allocation Failure) [PSYoungGen: 416821K->182966K(465920K)] 842393K->672546K(1864192K), 0.0493640 secs] [Times: user=0.23 sys=0.00, real=0.05 secs] 
4180.588: [GC (Allocation Failure) [PSYoungGen: 415926K->186709K(465920K)] 905506K->734760K(1864192K), 0.0564237 secs] [Times: user=0.28 sys=0.00, real=0.06 secs] 
4182.834: [GC (Allocation Failure) [PSYoungGen: 419669K->90874K(465920K)] 967720K->709446K(1864192K), 0.1159645 secs] [Times: user=0.64 sys=0.00, real=0.12 secs] 
4184.036: [GC (Allocation Failure) [PSYoungGen: 323834K->171124K(465920K)] 942406K->818540K(1864192K), 0.0524256 secs] [Times: user=0.23 sys=0.00, real=0.05 secs] 
4184.253: [GC (Allocation Failure) [PSYoungGen: 404084K->184406K(465920K)] 1051500K->886010K(1864192K), 0.0439684 secs] [Times: user=0.20 sys=0.00, real=0.04 secs] 
4184.410: [GC (Allocation Failure) [PSYoungGen: 417366K->186293K(465920K)] 1118970K->944009K(1864192K), 0.0462937 secs] [Times: user=0.22 sys=0.00, real=0.04 secs] 
4185.493: [GC (Allocation Failure) [PSYoungGen: 419253K->125999K(465920K)] 1176969K->954036K(1864192K), 0.0486254 secs] [Times: user=0.25 sys=0.00, real=0.05 secs] 
4185.931: [GC (Allocation Failure) [PSYoungGen: 357058K->142561K(465920K)] 1185094K->1010685K(1864192K), 0.0964119 secs] [Times: user=0.51 sys=0.00, real=0.09 secs] 
4186.231: [GC (Allocation Failure) [PSYoungGen: 375521K->175540K(465920K)] 1243645K->1089122K(1864192K), 0.0400812 secs] [Times: user=0.18 sys=0.00, real=0.04 secs] 
4186.437: [GC (Allocation Failure) [PSYoungGen: 408500K->185175K(465920K)] 1322082K->1160536K(1864192K), 0.0783341 secs] [Times: user=0.39 sys=0.00, real=0.08 secs] 
4186.646: [GC (Allocation Failure) [PSYoungGen: 418135K->186837K(465920K)] 1393496K->1220934K(1864192K), 0.0570454 secs] [Times: user=0.28 sys=0.00, real=0.06 secs] 
4187.697: [GC (GCLocker Initiated GC) [PSYoungGen: 419797K->92395K(465920K)] 1453895K->1197012K(1864192K), 0.0633841 secs] [Times: user=0.34 sys=0.00, real=0.07 secs] 
4188.529: [GC (Allocation Failure) [PSYoungGen: 325355K->174741K(465920K)] 1429975K->1308910K(1864192K), 0.0540433 secs] [Times: user=0.24 sys=0.00, real=0.06 secs] 
4188.738: [GC (Allocation Failure) [PSYoungGen: 407701K->178869K(465920K)] 1541870K->1367674K(1864192K), 0.0455326 secs] [Times: user=0.21 sys=0.00, real=0.05 secs] 
4188.897: [GC (Allocation Failure) [PSYoungGen: 411829K->187029K(465920K)] 1600634K->1430290K(1864192K), 0.0495724 secs] [Times: user=0.22 sys=0.00, real=0.05 secs] 
4189.947: [GC (Allocation Failure) [PSYoungGen: 419989K->140625K(465920K)] 1663250K->1454239K(1864192K), 0.0528675 secs] [Times: user=0.27 sys=0.00, real=0.06 secs] 
4190.000: [Full GC (Ergonomics) [PSYoungGen: 140625K->0K(465920K)] [ParOldGen: 1313613K->350398K(1398272K)] 1454239K->350398K(1864192K), [Metaspace: 60393K->60393K(1105920K)], 0.5918621 secs] [Times: user=2.58 sys=0.00, real=0.59 secs] 
4192.504: [GC (Allocation Failure) [PSYoungGen: 232960K->126415K(465920K)] 583358K->476813K(1864192K), 0.0509268 secs] [Times: user=0.19 sys=0.01, real=0.05 secs] 
4193.063: [GC (Allocation Failure) [PSYoungGen: 359375K->178069K(465920K)] 709773K->569140K(1864192K), 0.0493573 secs] [Times: user=0.23 sys=0.00, real=0.05 secs] 
4193.286: [GC (Allocation Failure) [PSYoungGen: 411029K->185591K(465920K)] 802100K->638870K(1864192K), 0.0677532 secs] [Times: user=0.33 sys=0.01, real=0.07 secs] 
4193.469: [GC (Allocation Failure) [PSYoungGen: 418551K->183892K(465920K)] 871830K->696060K(1864192K), 0.0571888 secs] [Times: user=0.28 sys=0.00, real=0.05 secs] 
4194.556: [GC (Allocation Failure) [PSYoungGen: 416852K->93019K(465920K)] 929020K->674570K(1864192K), 0.0443143 secs] [Times: user=0.23 sys=0.01, real=0.05 secs] 
4195.054: [GC (GCLocker Initiated GC) [PSYoungGen: 325979K->170068K(465920K)] 907531K->782061K(1864192K), 0.0514616 secs] [Times: user=0.21 sys=0.00, real=0.05 secs] 
4195.332: [GC (Allocation Failure) [PSYoungGen: 403028K->184150K(465920K)] 1015188K->849785K(1864192K), 0.0480616 secs] [Times: user=0.23 sys=0.00, real=0.05 secs] 
4195.511: [GC (Allocation Failure) [PSYoungGen: 402674K->171349K(465920K)] 1068309K->901001K(1864192K), 0.0536221 secs] [Times: user=0.26 sys=0.00, real=0.05 secs] 
4196.449: [GC (Allocation Failure) [PSYoungGen: 404309K->169459K(402432K)] 1133961K->953566K(1800704K), 0.0545891 secs] [Times: user=0.27 sys=0.00, real=0.06 secs] 
4196.950: [GC (Allocation Failure) [PSYoungGen: 402419K->105644K(462848K)] 1186526K->954664K(1861120K), 0.0923602 secs] [Times: user=0.49 sys=0.01, real=0.09 secs] 
4197.504: [GC (Allocation Failure) [PSYoungGen: 337068K->177461K(464384K)] 1186088K->1060046K(1862656K), 0.0456338 secs] [Times: user=0.20 sys=0.00, real=0.04 secs] 
4197.672: [GC (Allocation Failure) [PSYoungGen: 408885K->183509K(465920K)] 1291470K->1121530K(1864192K), 0.0437071 secs] [Times: user=0.19 sys=0.00, real=0.04 secs] 
4197.852: [GC (Allocation Failure) [PSYoungGen: 416469K->186485K(465920K)] 1354490K->1180021K(1864192K), 0.0633963 secs] [Times: user=0.31 sys=0.00, real=0.06 secs] 
4198.972: [GC (Allocation Failure) [PSYoungGen: 419445K->97515K(465920K)] 1412981K->1161484K(1864192K), 0.0494427 secs] [Times: user=0.26 sys=0.00, real=0.05 secs] 
4200.367: [GC (Allocation Failure) [PSYoungGen: 330475K->167092K(465920K)] 1394444K->1262097K(1864192K), 0.0689837 secs] [Times: user=0.33 sys=0.00, real=0.07 secs] 
4200.598: [GC (Allocation Failure) [PSYoungGen: 400052K->184374K(465920K)] 1495057K->1332011K(1864192K), 0.0440716 secs] [Times: user=0.20 sys=0.00, real=0.05 secs] 
4200.759: [GC (Allocation Failure) [PSYoungGen: 417334K->182966K(465920K)] 1564971K->1394684K(1864192K), 0.0512631 secs] [Times: user=0.25 sys=0.00, real=0.06 secs] 
4201.109: [GC (Allocation Failure) [PSYoungGen: 415589K->214772K(465920K)] 1627307K->1484434K(1864192K), 0.0563318 secs] [Times: user=0.28 sys=0.00, real=0.06 secs] 
4202.037: [GC (Allocation Failure) [PSYoungGen: 447732K->95243K(465920K)] 1717394K->1433433K(1864192K), 0.0642769 secs] [Times: user=0.34 sys=0.00, real=0.07 secs] 
4202.101: [Full GC (Ergonomics) [PSYoungGen: 95243K->0K(465920K)] [ParOldGen: 1338189K->112464K(1398272K)] 1433433K->112464K(1864192K), [Metaspace: 60393K->60393K(1105920K)], 0.1281153 secs] [Times: user=0.56 sys=0.01, real=0.12 secs] 
4202.508: [GC (Allocation Failure) [PSYoungGen: 232960K->176149K(465920K)] 345424K->288613K(1864192K), 0.0255758 secs] [Times: user=0.08 sys=0.00, real=0.03 secs] 
4202.711: [GC (Allocation Failure) [PSYoungGen: 409109K->184342K(465920K)] 521573K->352502K(1864192K), 0.0608092 secs] [Times: user=0.29 sys=0.01, real=0.06 secs] 
4202.952: [GC (Allocation Failure) [PSYoungGen: 417302K->186421K(465920K)] 585462K->410525K(1864192K), 0.0637572 secs] [Times: user=0.30 sys=0.00, real=0.06 secs] 
4203.974: [GC (Allocation Failure) [PSYoungGen: 419381K->102956K(465920K)] 643485K->397269K(1864192K), 0.0447749 secs] [Times: user=0.23 sys=0.00, real=0.04 secs] 
4204.826: [GC (Allocation Failure) [PSYoungGen: 335916K->165395K(465920K)] 630229K->492825K(1864192K), 0.0932992 secs] [Times: user=0.46 sys=0.00, real=0.10 secs] 
4205.139: [GC (Allocation Failure) [PSYoungGen: 398355K->181333K(465920K)] 725785K->560583K(1864192K), 0.0411539 secs] [Times: user=0.19 sys=0.00, real=0.05 secs] 
4205.344: [GC (Allocation Failure) [PSYoungGen: 414293K->185847K(465920K)] 793543K->628680K(1864192K), 0.0801219 secs] [Times: user=0.40 sys=0.01, real=0.08 secs] 
4205.558: [GC (Allocation Failure) [PSYoungGen: 418807K->186549K(465920K)] 861640K->688462K(1864192K), 0.0547170 secs] [Times: user=0.27 sys=0.00, real=0.06 secs] 
4207.331: [GC (Allocation Failure) [PSYoungGen: 419509K->86058K(465920K)] 921422K->658307K(1864192K), 0.1052438 secs] [Times: user=0.57 sys=0.00, real=0.10 secs] 
4208.331: [GC (Allocation Failure) [PSYoungGen: 319018K->176757K(465920K)] 891267K->776295K(1864192K), 0.0490119 secs] [Times: user=0.22 sys=0.00, real=0.05 secs] 
4208.579: [GC (Allocation Failure) [PSYoungGen: 409717K->184694K(465920K)] 1009255K->839732K(1864192K), 0.0599929 secs] [Times: user=0.28 sys=0.00, real=0.06 secs] 
4208.808: [GC (Allocation Failure) [PSYoungGen: 417654K->185141K(465920K)] 1072692K->896123K(1864192K), 0.0655378 secs] [Times: user=0.32 sys=0.00, real=0.07 secs] 
4209.911: [GC (Allocation Failure) [PSYoungGen: 418101K->108813K(465920K)] 1129083K->889924K(1864192K), 0.0463019 secs] [Times: user=0.24 sys=0.00, real=0.04 secs] 
4210.415: [GC (GCLocker Initiated GC) [PSYoungGen: 341773K->160723K(465920K)] 1122884K->977227K(1864192K), 0.0992059 secs] [Times: user=0.51 sys=0.00, real=0.10 secs] 
4210.683: [GC (Allocation Failure) [PSYoungGen: 393683K->178933K(465920K)] 1210353K->1046219K(1864192K), 0.0415263 secs] [Times: user=0.19 sys=0.00, real=0.04 secs] 
4210.907: [GC (Allocation Failure) [PSYoungGen: 411893K->185687K(465920K)] 1279179K->1115869K(1864192K), 0.0724663 secs] [Times: user=0.36 sys=0.00, real=0.08 secs] 
4211.160: [GC (Allocation Failure) [PSYoungGen: 418647K->186677K(465920K)] 1348829K->1175827K(1864192K), 0.0781284 secs] [Times: user=0.40 sys=0.00, real=0.07 secs] 
4212.437: [GC (Allocation Failure) [PSYoungGen: 419637K->90634K(465920K)] 1408787K->1150133K(1864192K), 0.0559302 secs] [Times: user=0.29 sys=0.00, real=0.06 secs] 
4213.206: [GC (Allocation Failure) [PSYoungGen: 323594K->176053K(465920K)] 1383093K->1264124K(1864192K), 0.0455393 secs] [Times: user=0.20 sys=0.00, real=0.05 secs] 
4213.381: [GC (Allocation Failure) [PSYoungGen: 409013K->184694K(465920K)] 1497084K->1328213K(1864192K), 0.0441635 secs] [Times: user=0.20 sys=0.00, real=0.04 secs] 
4213.599: [GC (Allocation Failure) [PSYoungGen: 417654K->186709K(465920K)] 1561173K->1386260K(1864192K), 0.0681106 secs] [Times: user=0.34 sys=0.00, real=0.07 secs] 
4214.713: [GC (Allocation Failure) [PSYoungGen: 419669K->113774K(465920K)] 1619220K->1383717K(1864192K), 0.0475586 secs] [Times: user=0.24 sys=0.00, real=0.05 secs] 
4215.758: [GC (Allocation Failure) [PSYoungGen: 346734K->156498K(465920K)] 1616677K->1463047K(1864192K), 0.1006055 secs] [Times: user=0.53 sys=0.00, real=0.10 secs] 
4216.414: [GC (Allocation Failure) [PSYoungGen: 389458K->181237K(465920K)] 1696007K->1536821K(1864192K), 0.0514158 secs] [Times: user=0.24 sys=0.00, real=0.05 secs] 
4216.466: [Full GC (Ergonomics) [PSYoungGen: 181237K->0K(465920K)] [ParOldGen: 1355584K->248386K(1398272K)] 1536821K->248386K(1864192K), [Metaspace: 60393K->60393K(1105920K)], 0.3026427 secs] [Times: user=1.39 sys=0.00, real=0.30 secs] 
4216.884: [GC (Allocation Failure) [PSYoungGen: 232960K->180374K(465920K)] 481346K->428761K(1864192K), 0.0840917 secs] [Times: user=0.44 sys=0.00, real=0.08 secs] 
4217.082: [GC (Allocation Failure) [PSYoungGen: 413334K->186645K(465920K)] 661721K->492744K(1864192K), 0.0549344 secs] [Times: user=0.26 sys=0.00, real=0.05 secs] 
4218.228: [GC (Allocation Failure) [PSYoungGen: 419605K->95195K(465920K)] 725704K->471790K(1864192K), 0.0662451 secs] [Times: user=0.36 sys=0.00, real=0.07 secs] 
4218.632: [GC (Allocation Failure) [PSYoungGen: 328155K->175477K(465920K)] 704750K->582629K(1864192K), 0.0457834 secs] [Times: user=0.19 sys=0.00, real=0.04 secs] 
4218.893: [GC (Allocation Failure) [PSYoungGen: 408437K->180469K(465920K)] 815589K->642065K(1864192K), 0.0575400 secs] [Times: user=0.26 sys=0.01, real=0.06 secs] 
4219.081: [GC (Allocation Failure) [PSYoungGen: 413429K->184372K(465920K)] 875025K->700608K(1864192K), 0.0448949 secs] [Times: user=0.21 sys=0.00, real=0.04 secs] 
4220.138: [GC (Allocation Failure) [PSYoungGen: 417332K->122479K(465920K)] 933568K->708171K(1864192K), 0.0472440 secs] [Times: user=0.24 sys=0.00, real=0.05 secs] 
4221.032: [GC (Allocation Failure) [PSYoungGen: 355439K->144913K(465920K)] 941131K->769597K(1864192K), 0.1568651 secs] [Times: user=0.86 sys=0.00, real=0.15 secs] 
4221.493: [GC (Allocation Failure) [PSYoungGen: 377873K->178165K(465920K)] 1002557K->848509K(1864192K), 0.0394221 secs] [Times: user=0.17 sys=0.00, real=0.04 secs] 
4221.702: [GC (Allocation Failure) [PSYoungGen: 411125K->185719K(465920K)] 1081469K->926816K(1864192K), 0.0761492 secs] [Times: user=0.37 sys=0.00, real=0.07 secs] 
4221.913: [GC (Allocation Failure) [PSYoungGen: 418679K->186325K(465920K)] 1159776K->986422K(1864192K), 0.0565728 secs] [Times: user=0.27 sys=0.00, real=0.06 secs] 
4223.559: [GC (Allocation Failure) [PSYoungGen: 419285K->91946K(465920K)] 1219382K->962231K(1864192K), 0.1257842 secs] [Times: user=0.69 sys=0.01, real=0.13 secs] 
4224.781: [GC (Allocation Failure) [PSYoungGen: 324906K->172852K(465920K)] 1195191K->1073002K(1864192K), 0.0477400 secs] [Times: user=0.21 sys=0.00, real=0.04 secs] 
4225.040: [GC (Allocation Failure) [PSYoungGen: 405812K->183862K(465920K)] 1305962K->1138351K(1864192K), 0.0604260 secs] [Times: user=0.29 sys=0.00, real=0.06 secs] 
4225.270: [GC (Allocation Failure) [PSYoungGen: 416822K->186677K(465920K)] 1371311K->1196751K(1864192K), 0.0624894 secs] [Times: user=0.30 sys=0.00, real=0.06 secs] 
4226.343: [GC (Allocation Failure) [PSYoungGen: 419637K->134736K(465920K)] 1429711K->1215258K(1864192K), 0.0500277 secs] [Times: user=0.25 sys=0.01, real=0.05 secs] 
4226.705: [GC (GCLocker Initiated GC) [PSYoungGen: 367696K->135952K(465920K)] 1448218K->1259138K(1864192K), 0.0902909 secs] [Times: user=0.49 sys=0.00, real=0.09 secs] 
4227.059: [GC (Allocation Failure) [PSYoungGen: 368912K->174452K(465920K)] 1492229K->1340662K(1864192K), 0.0392814 secs] [Times: user=0.17 sys=0.00, real=0.04 secs] 
4227.215: [GC (Allocation Failure) [PSYoungGen: 407412K->182742K(465920K)] 1573622K->1410132K(1864192K), 0.0508323 secs] [Times: user=0.24 sys=0.00, real=0.05 secs] 
4227.381: [GC (Allocation Failure) [PSYoungGen: 415626K->186389K(465920K)] 1643016K->1472027K(1864192K), 0.0600236 secs] [Times: user=0.30 sys=0.00, real=0.06 secs] 
4228.449: [GC (Allocation Failure) [PSYoungGen: 419349K->94459K(465920K)] 1704987K->1450457K(1864192K), 0.0476484 secs] [Times: user=0.25 sys=0.00, real=0.05 secs] 
4228.496: [Full GC (Ergonomics) [PSYoungGen: 94459K->0K(465920K)] [ParOldGen: 1355997K->96342K(1398272K)] 1450457K->96342K(1864192K), [Metaspace: 60393K->60393K(1105920K)], 0.0634428 secs] [Times: user=0.24 sys=0.00, real=0.07 secs] 
4229.229: [GC (Allocation Failure) [PSYoungGen: 232960K->174069K(465920K)] 329302K->270411K(1864192K), 0.0386250 secs] [Times: user=0.15 sys=0.00, real=0.04 secs] 
4229.444: [GC (Allocation Failure) [PSYoungGen: 407029K->184566K(465920K)] 503371K->335636K(1864192K), 0.0415518 secs] [Times: user=0.19 sys=0.00, real=0.04 secs] 
4229.599: [GC (Allocation Failure) [PSYoungGen: 417526K->186837K(465920K)] 568596K->393940K(1864192K), 0.0448642 secs] [Times: user=0.21 sys=0.00, real=0.05 secs] 
4230.566: [GC (Allocation Failure) [PSYoungGen: 419797K->143665K(465920K)] 626900K->421164K(1864192K), 0.0496504 secs] [Times: user=0.25 sys=0.00, real=0.05 secs] 
4231.364: [GC (Allocation Failure) [PSYoungGen: 376625K->127951K(465920K)] 654124K->451074K(1864192K), 0.1013416 secs] [Times: user=0.55 sys=0.00, real=0.10 secs] 
4232.020: [GC (Allocation Failure) [PSYoungGen: 360911K->178293K(465920K)] 684034K->542728K(1864192K), 0.0465651 secs] [Times: user=0.22 sys=0.01, real=0.04 secs] 
4232.187: [GC (Allocation Failure) [PSYoungGen: 411253K->185591K(465920K)] 775688K->612434K(1864192K), 0.0490374 secs] [Times: user=0.23 sys=0.00, real=0.05 secs] 
4232.349: [GC (Allocation Failure) [PSYoungGen: 418551K->186613K(465920K)] 845394K->672344K(1864192K), 0.0576232 secs] [Times: user=0.29 sys=0.00, real=0.05 secs] 
4233.497: [GC (Allocation Failure) [PSYoungGen: 419573K->91034K(465920K)] 905304K->647206K(1864192K), 0.0632021 secs] [Times: user=0.34 sys=0.00, real=0.07 secs] 
4234.071: [GC (Allocation Failure) [PSYoungGen: 323994K->174165K(465920K)] 880166K->759309K(1864192K), 0.0366596 secs] [Times: user=0.16 sys=0.00, real=0.03 secs] 
4234.225: [GC (Allocation Failure) [PSYoungGen: 407125K->184054K(465920K)] 992269K->824134K(1864192K), 0.0423057 secs] [Times: user=0.19 sys=0.00, real=0.04 secs] 
4234.424: [GC (Allocation Failure) [PSYoungGen: 417014K->186805K(465920K)] 1057094K->882701K(1864192K), 0.0642554 secs] [Times: user=0.31 sys=0.00, real=0.06 secs] 
4235.429: [GC (Allocation Failure) [PSYoungGen: 419765K->148178K(465920K)] 1115661K->914638K(1864192K), 0.0507478 secs] [Times: user=0.25 sys=0.00, real=0.06 secs] 
4235.834: [GC (Allocation Failure) [PSYoungGen: 381138K->122830K(465920K)] 1147598K->936339K(1864192K), 0.1231631 secs] [Times: user=0.68 sys=0.00, real=0.12 secs] 
4236.263: [GC (Allocation Failure) [PSYoungGen: 355790K->175092K(465920K)] 1169299K->1027677K(1864192K), 0.0368382 secs] [Times: user=0.16 sys=0.00, real=0.04 secs] 
4236.419: [GC (Allocation Failure) [PSYoungGen: 408052K->184887K(465920K)] 1260637K->1098996K(1864192K), 0.0497997 secs] [Times: user=0.23 sys=0.00, real=0.05 secs] 
4236.622: [GC (Allocation Failure) [PSYoungGen: 417847K->186581K(465920K)] 1331956K->1159450K(1864192K), 0.0827359 secs] [Times: user=0.42 sys=0.00, real=0.08 secs] 
4237.845: [GC (Allocation Failure) [PSYoungGen: 419541K->93467K(465920K)] 1392410K->1136888K(1864192K), 0.0691382 secs] [Times: user=0.37 sys=0.00, real=0.07 secs] 
4239.551: [GC (Allocation Failure) [PSYoungGen: 326425K->169812K(465920K)] 1369846K->1242974K(1864192K), 0.0624921 secs] [Times: user=0.29 sys=0.00, real=0.06 secs] 
4239.773: [GC (Allocation Failure) [PSYoungGen: 402772K->190357K(465920K)] 1475934K->1316623K(1864192K), 0.0431412 secs] [Times: user=0.19 sys=0.00, real=0.04 secs] 
4239.931: [GC (Allocation Failure) [PSYoungGen: 417038K->178518K(465920K)] 1543304K->1368440K(1864192K), 0.0491375 secs] [Times: user=0.23 sys=0.00, real=0.05 secs] 
4240.933: [GC (Allocation Failure) [PSYoungGen: 411478K->169491K(465920K)] 1601400K->1416117K(1864192K), 0.0542982 secs] [Times: user=0.28 sys=0.00, real=0.05 secs] 
4241.910: [GC (Allocation Failure) [PSYoungGen: 402451K->101948K(465920K)] 1649077K->1413382K(1864192K), 0.0847752 secs] [Times: user=0.45 sys=0.00, real=0.08 secs] 
4242.229: [GC (Allocation Failure) [PSYoungGen: 334402K->180278K(465920K)] 1645837K->1524613K(1864192K), 0.0359110 secs] [Times: user=0.15 sys=0.00, real=0.04 secs] 
4242.265: [Full GC (Ergonomics) [PSYoungGen: 180278K->0K(465920K)] [ParOldGen: 1344335K->230218K(1398272K)] 1524613K->230218K(1864192K), [Metaspace: 60393K->60393K(1105920K)], 0.2646454 secs] [Times: user=1.17 sys=0.01, real=0.27 secs] 
4242.645: [GC (Allocation Failure) [PSYoungGen: 232960K->184438K(465920K)] 463178K->414656K(1864192K), 0.0261380 secs] [Times: user=0.09 sys=0.00, real=0.03 secs] 
4242.781: [GC (Allocation Failure) [PSYoungGen: 417398K->183444K(465920K)] 647616K->469655K(1864192K), 0.0445366 secs] [Times: user=0.21 sys=0.00, real=0.04 secs] 
4243.785: [GC (Allocation Failure) [PSYoungGen: 416404K->95995K(465920K)] 702615K->451390K(1864192K), 0.0549437 secs] [Times: user=0.29 sys=0.00, real=0.06 secs] 
4244.393: [GC (GCLocker Initiated GC) [PSYoungGen: 328955K->168916K(465920K)] 684350K->555480K(1864192K), 0.0830625 secs] [Times: user=0.41 sys=0.00, real=0.08 secs] 
4244.643: [GC (GCLocker Initiated GC) [PSYoungGen: 401876K->180565K(465920K)] 788444K->619993K(1864192K), 0.0416291 secs] [Times: user=0.19 sys=0.00, real=0.04 secs] 
4244.803: [GC (Allocation Failure) [PSYoungGen: 413525K->184759K(465920K)] 853120K->687505K(1864192K), 0.0489379 secs] [Times: user=0.23 sys=0.00, real=0.05 secs] 
4245.129: [GC (Allocation Failure) [PSYoungGen: 417185K->217909K(465920K)] 919931K->779375K(1864192K), 0.0547872 secs] [Times: user=0.26 sys=0.00, real=0.06 secs] 
4247.000: [GC (Allocation Failure) [PSYoungGen: 450869K->85738K(465920K)] 1012335K->716828K(1864192K), 0.1088494 secs] [Times: user=0.60 sys=0.00, real=0.10 secs] 
4248.109: [GC (Allocation Failure) [PSYoungGen: 318698K->180149K(465920K)] 949788K->838941K(1864192K), 0.0493082 secs] [Times: user=0.21 sys=0.00, real=0.05 secs] 
4248.301: [GC (Allocation Failure) [PSYoungGen: 413109K->184662K(465920K)] 1071901K->899469K(1864192K), 0.0458554 secs] [Times: user=0.18 sys=0.00, real=0.04 secs] 
4248.457: [GC (Allocation Failure) [PSYoungGen: 417622K->181428K(465920K)] 1132429K->952291K(1864192K), 0.0467356 secs] [Times: user=0.18 sys=0.00, real=0.05 secs] 
4249.482: [GC (Allocation Failure) [PSYoungGen: 414388K->107661K(465920K)] 1185251K->947592K(1864192K), 0.0459525 secs] [Times: user=0.23 sys=0.00, real=0.04 secs] 
4250.010: [GC (Allocation Failure) [PSYoungGen: 340621K->165748K(465920K)] 1180552K->1040060K(1864192K), 0.0597503 secs] [Times: user=0.29 sys=0.00, real=0.06 secs] 
4250.268: [GC (Allocation Failure) [PSYoungGen: 398708K->178677K(465920K)] 1273020K->1105205K(1864192K), 0.0567245 secs] [Times: user=0.27 sys=0.01, real=0.06 secs] 
4250.454: [GC (Allocation Failure) [PSYoungGen: 411637K->185879K(465920K)] 1338165K->1175151K(1864192K), 0.0533864 secs] [Times: user=0.20 sys=0.00, real=0.05 secs] 
4250.655: [GC (Allocation Failure) [PSYoungGen: 418839K->185749K(465920K)] 1408111K->1234061K(1864192K), 0.0653695 secs] [Times: user=0.33 sys=0.00, real=0.07 secs] 
4251.808: [GC (Allocation Failure) [PSYoungGen: 418709K->89866K(465920K)] 1467021K->1208235K(1864192K), 0.0793869 secs] [Times: user=0.43 sys=0.01, real=0.08 secs] 
4252.243: [GC (Allocation Failure) [PSYoungGen: 322826K->175093K(465920K)] 1441195K->1322022K(1864192K), 0.0405337 secs] [Times: user=0.18 sys=0.00, real=0.04 secs] 
4252.474: [GC (Allocation Failure) [PSYoungGen: 408053K->183989K(465920K)] 1554982K->1386039K(1864192K), 0.0614374 secs] [Times: user=0.29 sys=0.01, real=0.06 secs] 
4252.709: [GC (Allocation Failure) [PSYoungGen: 416949K->186805K(465920K)] 1618999K->1444710K(1864192K), 0.0659165 secs] [Times: user=0.33 sys=0.00, real=0.07 secs] 
4253.822: [GC (Allocation Failure) [PSYoungGen: 419765K->111725K(465920K)] 1677670K->1440211K(1864192K), 0.0469796 secs] [Times: user=0.23 sys=0.00, real=0.04 secs] 
4253.869: [Full GC (Ergonomics) [PSYoungGen: 111725K->0K(465920K)] [ParOldGen: 1328485K->94939K(1398272K)] 1440211K->94939K(1864192K), [Metaspace: 60393K->60393K(1105920K)], 0.0354362 secs] [Times: user=0.11 sys=0.00, real=0.04 secs] 
4255.099: [GC (Allocation Failure) [PSYoungGen: 232960K->154898K(465920K)] 327899K->249838K(1864192K), 0.0499466 secs] [Times: user=0.19 sys=0.00, real=0.05 secs] 
4255.450: [GC (Allocation Failure) [PSYoungGen: 387858K->184406K(465920K)] 482798K->328109K(1864192K), 0.0522671 secs] [Times: user=0.24 sys=0.00, real=0.05 secs] 
4255.622: [GC (Allocation Failure) [PSYoungGen: 417366K->185847K(465920K)] 561069K->393727K(1864192K), 0.0489929 secs] [Times: user=0.22 sys=0.00, real=0.05 secs] 
4255.809: [GC (Allocation Failure) [PSYoungGen: 418807K->186645K(465920K)] 626687K->453313K(1864192K), 0.0734044 secs] [Times: user=0.37 sys=0.00, real=0.08 secs] 
4257.417: [GC (Allocation Failure) [PSYoungGen: 419605K->87690K(465920K)] 686273K->424858K(1864192K), 0.0883629 secs] [Times: user=0.48 sys=0.00, real=0.09 secs] 
4257.940: [GC (Allocation Failure) [PSYoungGen: 320650K->175541K(465920K)] 657818K->541522K(1864192K), 0.0449893 secs] [Times: user=0.20 sys=0.00, real=0.04 secs] 
4258.114: [GC (Allocation Failure) [PSYoungGen: 408501K->181397K(465920K)] 774482K->601610K(1864192K), 0.0426776 secs] [Times: user=0.19 sys=0.00, real=0.04 secs] 
4258.270: [GC (Allocation Failure) [PSYoungGen: 414357K->186677K(465920K)] 834570K->661618K(1864192K), 0.0452869 secs] [Times: user=0.21 sys=0.00, real=0.04 secs] 
4259.264: [GC (Allocation Failure) [PSYoungGen: 419637K->119022K(465920K)] 894578K->664359K(1864192K), 0.0466445 secs] [Times: user=0.24 sys=0.00, real=0.05 secs] 
4259.741: [GC (Allocation Failure) [PSYoungGen: 351982K->148625K(465920K)] 897319K->731991K(1864192K), 0.0780305 secs] [Times: user=0.41 sys=0.00, real=0.07 secs] 
4260.100: [GC (Allocation Failure) [PSYoungGen: 381585K->183797K(465920K)] 964951K->814243K(1864192K), 0.0408097 secs] [Times: user=0.17 sys=0.00, real=0.04 secs] 
4260.258: [GC (Allocation Failure) [PSYoungGen: 416757K->182582K(465920K)] 1047203K->876908K(1864192K), 0.0520005 secs] [Times: user=0.24 sys=0.00, real=0.06 secs] 
4260.423: [GC (Allocation Failure) [PSYoungGen: 415542K->186645K(465920K)] 1109868K->939079K(1864192K), 0.0582908 secs] [Times: user=0.28 sys=0.00, real=0.06 secs] 
4261.812: [GC (Allocation Failure) [PSYoungGen: 419605K->93323K(465920K)] 1172039K->916141K(1864192K), 0.1042267 secs] [Times: user=0.57 sys=0.00, real=0.10 secs] 
4263.304: [GC (Allocation Failure) [PSYoungGen: 326283K->168820K(465920K)] 1149101K->1021367K(1864192K), 0.0543152 secs] [Times: user=0.24 sys=0.00, real=0.05 secs] 
4263.519: [GC (Allocation Failure) [PSYoungGen: 401780K->184822K(465920K)] 1254327K->1090621K(1864192K), 0.0430806 secs] [Times: user=0.19 sys=0.00, real=0.05 secs] 
4263.675: [GC (Allocation Failure) [PSYoungGen: 417782K->187061K(465920K)] 1323581K->1148820K(1864192K), 0.0461581 secs] [Times: user=0.21 sys=0.00, real=0.05 secs] 
4264.753: [GC (Allocation Failure) [PSYoungGen: 420021K->127215K(465920K)] 1381780K->1159438K(1864192K), 0.0487433 secs] [Times: user=0.25 sys=0.00, real=0.05 secs] 
4265.356: [GC (Allocation Failure) [PSYoungGen: 360175K->144129K(465920K)] 1392398K->1216772K(1864192K), 0.1494376 secs] [Times: user=0.82 sys=0.00, real=0.15 secs] 
4265.746: [GC (Allocation Failure) [PSYoungGen: 377089K->181685K(465920K)] 1449732K->1299949K(1864192K), 0.0400420 secs] [Times: user=0.17 sys=0.00, real=0.04 secs] 
4265.951: [GC (Allocation Failure) [PSYoungGen: 414645K->179158K(465920K)] 1532909K->1360662K(1864192K), 0.0700546 secs] [Times: user=0.33 sys=0.01, real=0.07 secs] 
4266.143: [GC (Allocation Failure) [PSYoungGen: 412118K->186197K(465920K)] 1593622K->1424989K(1864192K), 0.0541236 secs] [Times: user=0.26 sys=0.00, real=0.05 secs] 
4267.262: [GC (Allocation Failure) [PSYoungGen: 419157K->97387K(465920K)] 1657949K->1406395K(1864192K), 0.0631607 secs] [Times: user=0.34 sys=0.00, real=0.06 secs] 
4267.674: [GC (Allocation Failure) [PSYoungGen: 330347K->175061K(465920K)] 1639355K->1515234K(1864192K), 0.0580658 secs] [Times: user=0.26 sys=0.00, real=0.06 secs] 
4267.732: [Full GC (Ergonomics) [PSYoungGen: 175061K->0K(465920K)] [ParOldGen: 1340172K->210724K(1398272K)] 1515234K->210724K(1864192K), [Metaspace: 60393K->60393K(1105920K)], 0.2646233 secs] [Times: user=1.26 sys=0.00, real=0.26 secs] 
4268.114: [GC (Allocation Failure) [PSYoungGen: 232960K->184502K(465920K)] 443684K->395226K(1864192K), 0.0271593 secs] [Times: user=0.10 sys=0.00, real=0.03 secs] 
4268.251: [GC (Allocation Failure) [PSYoungGen: 417462K->181108K(465920K)] 628186K->447661K(1864192K), 0.0436853 secs] [Times: user=0.20 sys=0.00, real=0.04 secs] 
4269.296: [GC (Allocation Failure) [PSYoungGen: 414068K->135376K(465920K)] 680621K->470145K(1864192K), 0.0478823 secs] [Times: user=0.24 sys=0.00, real=0.05 secs] 
4270.119: [GC (Allocation Failure) [PSYoungGen: 368336K->137648K(465920K)] 703105K->515485K(1864192K), 0.1435949 secs] [Times: user=0.79 sys=0.00, real=0.15 secs] 
4271.193: [GC (GCLocker Initiated GC) [PSYoungGen: 370608K->175316K(463872K)] 748445K->597118K(1862144K), 0.0513898 secs] [Times: user=0.24 sys=0.00, real=0.05 secs] 
4271.369: [GC (Allocation Failure) [PSYoungGen: 408276K->182358K(464896K)] 830081K->665667K(1863168K), 0.0488022 secs] [Times: user=0.22 sys=0.00, real=0.05 secs] 
4271.587: [GC (Allocation Failure) [PSYoungGen: 415318K->186677K(465920K)] 898627K->728114K(1864192K), 0.0849279 secs] [Times: user=0.44 sys=0.00, real=0.09 secs] 
4272.999: [GC (Allocation Failure) [PSYoungGen: 419637K->94795K(465920K)] 961074K->706788K(1864192K), 0.1071825 secs] [Times: user=0.59 sys=0.01, real=0.11 secs] 
4273.890: [GC (Allocation Failure) [PSYoungGen: 327755K->170836K(465920K)] 939748K->813242K(1864192K), 0.0594696 secs] [Times: user=0.27 sys=0.00, real=0.06 secs] 
4274.132: [GC (Allocation Failure) [PSYoungGen: 403796K->184022K(465920K)] 1046202K->880184K(1864192K), 0.0434576 secs] [Times: user=0.20 sys=0.00, real=0.04 secs] 
4274.284: [GC (Allocation Failure) [PSYoungGen: 416982K->183668K(465920K)] 1113144K->935479K(1864192K), 0.0462018 secs] [Times: user=0.22 sys=0.00, real=0.05 secs] 
4275.208: [GC (Allocation Failure) [PSYoungGen: 416628K->147410K(465920K)] 1168439K->968572K(1864192K), 0.0514992 secs] [Times: user=0.26 sys=0.00, real=0.05 secs] 
4275.855: [GC (Allocation Failure) [PSYoungGen: 380370K->123054K(465920K)] 1201532K->990936K(1864192K), 0.1860544 secs] [Times: user=1.04 sys=0.01, real=0.19 secs] 
4276.457: [GC (Allocation Failure) [PSYoungGen: 356014K->177557K(465920K)] 1223896K->1084836K(1864192K), 0.0380675 secs] [Times: user=0.17 sys=0.00, real=0.04 secs] 
4276.613: [GC (Allocation Failure) [PSYoungGen: 410517K->182742K(465920K)] 1317796K->1152361K(1864192K), 0.0504047 secs] [Times: user=0.24 sys=0.00, real=0.05 secs] 
4276.777: [GC (Allocation Failure) [PSYoungGen: 415702K->186837K(465920K)] 1385321K->1214696K(1864192K), 0.0595599 secs] [Times: user=0.30 sys=0.00, real=0.06 secs] 
4278.531: [GC (Allocation Failure) [PSYoungGen: 419797K->93899K(465920K)] 1447656K->1192374K(1864192K), 0.1163126 secs] [Times: user=0.64 sys=0.01, real=0.11 secs] 
4280.611: [GC (Allocation Failure) [PSYoungGen: 326859K->166164K(465920K)] 1425334K->1294316K(1864192K), 0.0794110 secs] [Times: user=0.38 sys=0.00, real=0.08 secs] 
4280.920: [GC (Allocation Failure) [PSYoungGen: 399124K->184662K(465920K)] 1527276K->1365142K(1864192K), 0.0520613 secs] [Times: user=0.25 sys=0.00, real=0.05 secs] 
4281.113: [GC (Allocation Failure) [PSYoungGen: 411937K->178518K(465920K)] 1592417K->1423310K(1864192K), 0.0719771 secs] [Times: user=0.36 sys=0.00, real=0.07 secs] 
4282.034: [GC (Allocation Failure) [PSYoungGen: 408091K->189363K(465920K)] 1652883K->1490875K(1864192K), 0.0558328 secs] [Times: user=0.28 sys=0.00, real=0.06 secs] 
4282.462: [GC (Allocation Failure) [PSYoungGen: 422323K->98267K(465920K)] 1723835K->1464403K(1864192K), 0.0658527 secs] [Times: user=0.35 sys=0.00, real=0.06 secs] 
4282.528: [Full GC (Ergonomics) [PSYoungGen: 98267K->0K(465920K)] [ParOldGen: 1366136K->115491K(1398272K)] 1464403K->115491K(1864192K), [Metaspace: 60394K->60394K(1105920K)], 0.1492278 secs] [Times: user=0.63 sys=0.01, real=0.15 secs] 
4283.223: [GC (Allocation Failure) [PSYoungGen: 232960K->181654K(465920K)] 348451K->297145K(1864192K), 0.0337325 secs] [Times: user=0.13 sys=0.00, real=0.03 secs] 
4283.389: [GC (Allocation Failure) [PSYoungGen: 414614K->184598K(465920K)] 530105K->357006K(1864192K), 0.0414443 secs] [Times: user=0.19 sys=0.00, real=0.05 secs] 
4283.540: [GC (GCLocker Initiated GC) [PSYoungGen: 417558K->185237K(465920K)] 589966K->413645K(1864192K), 0.0441319 secs] [Times: user=0.20 sys=0.00, real=0.04 secs] 
4284.591: [GC (Allocation Failure) [PSYoungGen: 418197K->96571K(465920K)] 646737K->395143K(1864192K), 0.0472896 secs] [Times: user=0.25 sys=0.00, real=0.04 secs] 
4285.639: [GC (Allocation Failure) [PSYoungGen: 329531K->169396K(465920K)] 628103K->499249K(1864192K), 0.0918715 secs] [Times: user=0.45 sys=0.00, real=0.10 secs] 
4285.959: [GC (Allocation Failure) [PSYoungGen: 402356K->181237K(465920K)] 732209K->564086K(1864192K), 0.0509165 secs] [Times: user=0.24 sys=0.00, real=0.06 secs] 
4286.176: [GC (Allocation Failure) [PSYoungGen: 414197K->185975K(465920K)] 797046K->632184K(1864192K), 0.0735244 secs] [Times: user=0.36 sys=0.00, real=0.08 secs] 
4286.571: [GC (Allocation Failure) [PSYoungGen: 418111K->216756K(465920K)] 864321K->721990K(1864192K), 0.0547407 secs] [Times: user=0.27 sys=0.00, real=0.05 secs] 
4288.799: [GC (Allocation Failure) [PSYoungGen: 449716K->83241K(465920K)] 954950K->657563K(1864192K), 0.1099228 secs] [Times: user=0.61 sys=0.00, real=0.11 secs] 
4289.719: [GC (Allocation Failure) [PSYoungGen: 316201K->181462K(465920K)] 890523K->782092K(1864192K), 0.0509233 secs] [Times: user=0.22 sys=0.00, real=0.06 secs] 
4289.913: [GC (Allocation Failure) [PSYoungGen: 414422K->184918K(465920K)] 1015052K->841924K(1864192K), 0.0447435 secs] [Times: user=0.21 sys=0.00, real=0.04 secs] 
4290.069: [GC (Allocation Failure) [PSYoungGen: 417878K->184308K(465920K)] 1074884K->897379K(1864192K), 0.0458546 secs] [Times: user=0.21 sys=0.00, real=0.05 secs] 
4291.069: [GC (Allocation Failure) [PSYoungGen: 417268K->103660K(465920K)] 1130339K->886354K(1864192K), 0.0449516 secs] [Times: user=0.23 sys=0.00, real=0.05 secs] 
4291.589: [GC (Allocation Failure) [PSYoungGen: 336620K->163027K(465920K)] 1119314K->979938K(1864192K), 0.0607761 secs] [Times: user=0.30 sys=0.00, real=0.06 secs] 
4291.814: [GC (Allocation Failure) [PSYoungGen: 395987K->184085K(465920K)] 1212898K->1051789K(1864192K), 0.0426681 secs] [Times: user=0.19 sys=0.00, real=0.04 secs] 
4291.971: [GC (Allocation Failure) [PSYoungGen: 417007K->183414K(465920K)] 1284710K->1115334K(1864192K), 0.0506290 secs] [Times: user=0.24 sys=0.01, real=0.05 secs] 
4292.136: [GC (Allocation Failure) [PSYoungGen: 416374K->186293K(465920K)] 1348294K->1176756K(1864192K), 0.0563176 secs] [Times: user=0.27 sys=0.00, real=0.06 secs] 
4293.404: [GC (Allocation Failure) [PSYoungGen: 419253K->87562K(465920K)] 1409716K->1148293K(1864192K), 0.0809217 secs] [Times: user=0.43 sys=0.01, real=0.08 secs] 
4294.242: [GC (Allocation Failure) [PSYoungGen: 320522K->181110K(465920K)] 1381253K->1269790K(1864192K), 0.0466477 secs] [Times: user=0.20 sys=0.00, real=0.04 secs] 
4294.474: [GC (Allocation Failure) [PSYoungGen: 414070K->181877K(465920K)] 1502750K->1327321K(1864192K), 0.0665561 secs] [Times: user=0.32 sys=0.00, real=0.07 secs] 
4294.733: [GC (Allocation Failure) [PSYoungGen: 414837K->186869K(465920K)] 1560281K->1387713K(1864192K), 0.0628505 secs] [Times: user=0.30 sys=0.00, real=0.06 secs] 
4295.757: [GC (Allocation Failure) [PSYoungGen: 419829K->110589K(465920K)] 1620673K->1382001K(1864192K), 0.0486954 secs] [Times: user=0.25 sys=0.00, real=0.05 secs] 
4297.221: [GC (GCLocker Initiated GC) [PSYoungGen: 343549K->155474K(465920K)] 1614962K->1462004K(1864192K), 0.1028830 secs] [Times: user=0.54 sys=0.00, real=0.10 secs] 
4297.627: [GC (Allocation Failure) [PSYoungGen: 388434K->178965K(465920K)] 1695131K->1534453K(1864192K), 0.0449709 secs] [Times: user=0.21 sys=0.00, real=0.05 secs] 
4297.672: [Full GC (Ergonomics) [PSYoungGen: 178965K->0K(465920K)] [ParOldGen: 1355488K->245880K(1398272K)] 1534453K->245880K(1864192K), [Metaspace: 60395K->60395K(1105920K)], 0.3071918 secs] [Times: user=1.41 sys=0.00, real=0.31 secs] 
4298.099: [GC (Allocation Failure) [PSYoungGen: 232960K->185687K(465920K)] 478840K->431567K(1864192K), 0.0834594 secs] [Times: user=0.44 sys=0.00, real=0.09 secs] 
4298.315: [GC (Allocation Failure) [PSYoungGen: 418647K->186229K(465920K)] 664527K->491013K(1864192K), 0.0563834 secs] [Times: user=0.27 sys=0.00, real=0.06 secs] 
4299.476: [GC (Allocation Failure) [PSYoungGen: 419189K->89258K(465920K)] 723973K->464447K(1864192K), 0.0551695 secs] [Times: user=0.30 sys=0.00, real=0.06 secs] 
4300.038: [GC (Allocation Failure) [PSYoungGen: 322218K->174997K(465920K)] 697407K->578526K(1864192K), 0.0490025 secs] [Times: user=0.21 sys=0.01, real=0.05 secs] 
4300.234: [GC (Allocation Failure) [PSYoungGen: 407957K->184438K(465920K)] 811486K->643103K(1864192K), 0.0426554 secs] [Times: user=0.19 sys=0.00, real=0.04 secs] 
4300.391: [GC (Allocation Failure) [PSYoungGen: 417398K->187093K(465920K)] 876063K->701542K(1864192K), 0.0450511 secs] [Times: user=0.21 sys=0.00, real=0.04 secs] 
4301.391: [GC (Allocation Failure) [PSYoungGen: 420053K->120591K(465920K)] 934502K->705676K(1864192K), 0.0471072 secs] [Times: user=0.24 sys=0.00, real=0.04 secs] 
4302.491: [GC (Allocation Failure) [PSYoungGen: 353551K->150001K(465920K)] 938636K->773338K(1864192K), 0.1420780 secs] [Times: user=0.78 sys=0.00, real=0.14 secs] 
4303.034: [GC (Allocation Failure) [PSYoungGen: 382961K->180949K(465920K)] 1006298K->850216K(1864192K), 0.0444019 secs] [Times: user=0.20 sys=0.01, real=0.04 secs] 
4303.216: [GC (Allocation Failure) [PSYoungGen: 413909K->185879K(465920K)] 1083176K->918369K(1864192K), 0.0497059 secs] [Times: user=0.23 sys=0.00, real=0.05 secs] 
4303.405: [GC (Allocation Failure) [PSYoungGen: 418839K->186677K(465920K)] 1151329K->978047K(1864192K), 0.0561724 secs] [Times: user=0.28 sys=0.00, real=0.06 secs] 
4304.968: [GC (Allocation Failure) [PSYoungGen: 419637K->89338K(465920K)] 1211007K->950989K(1864192K), 0.1125174 secs] [Times: user=0.62 sys=0.00, real=0.12 secs] 
4305.975: [GC (Allocation Failure) [PSYoungGen: 322298K->174517K(465920K)] 1183949K->1064900K(1864192K), 0.0471779 secs] [Times: user=0.20 sys=0.00, real=0.05 secs] 
4306.163: [GC (Allocation Failure) [PSYoungGen: 407477K->189909K(465920K)] 1297860K->1134505K(1864192K), 0.0437382 secs] [Times: user=0.19 sys=0.00, real=0.04 secs] 
4306.380: [GC (Allocation Failure) [PSYoungGen: 422869K->186485K(465920K)] 1367465K->1186456K(1864192K), 0.0699110 secs] [Times: user=0.35 sys=0.00, real=0.07 secs] 
4307.470: [GC (Allocation Failure) [PSYoungGen: 419445K->132240K(465920K)] 1419416K->1202604K(1864192K), 0.0496240 secs] [Times: user=0.25 sys=0.00, real=0.05 secs] 
4307.995: [GC (Allocation Failure) [PSYoungGen: 365200K->141585K(465920K)] 1435564K->1253924K(1864192K), 0.1450892 secs] [Times: user=0.80 sys=0.00, real=0.15 secs] 
4308.321: [GC (Allocation Failure) [PSYoungGen: 374545K->172372K(465920K)] 1486884K->1330404K(1864192K), 0.0388901 secs] [Times: user=0.17 sys=0.01, real=0.04 secs] 
4308.537: [GC (Allocation Failure) [PSYoungGen: 405332K->185207K(465920K)] 1563364K->1403463K(1864192K), 0.0732172 secs] [Times: user=0.35 sys=0.00, real=0.08 secs] 
4308.736: [GC (Allocation Failure) [PSYoungGen: 418167K->186645K(465920K)] 1636423K->1463621K(1864192K), 0.0573627 secs] [Times: user=0.28 sys=0.01, real=0.06 secs] 
4311.119: [GC (Allocation Failure) [PSYoungGen: 419605K->88618K(465920K)] 1696581K->1436051K(1864192K), 0.1123966 secs] [Times: user=0.61 sys=0.00, real=0.12 secs] 
4311.232: [Full GC (Ergonomics) [PSYoungGen: 88618K->0K(465920K)] [ParOldGen: 1347432K->91746K(1398272K)] 1436051K->91746K(1864192K), [Metaspace: 60395K->60395K(1105920K)], 0.1102223 secs] [Times: user=0.42 sys=0.00, real=0.11 secs] 
4313.332: [GC (Allocation Failure) [PSYoungGen: 232960K->170004K(465920K)] 324706K->261751K(1864192K), 0.0415490 secs] [Times: user=0.16 sys=0.00, real=0.04 secs] 
4313.548: [GC (Allocation Failure) [PSYoungGen: 402964K->184758K(465920K)] 494711K->330296K(1864192K), 0.0416147 secs] [Times: user=0.19 sys=0.00, real=0.05 secs] 
4313.747: [GC (Allocation Failure) [PSYoungGen: 417718K->186997K(465920K)] 563256K->388624K(1864192K), 0.0714672 secs] [Times: user=0.35 sys=0.00, real=0.07 secs] 
4314.734: [GC (Allocation Failure) [PSYoungGen: 419957K->147506K(465920K)] 621584K->419481K(1864192K), 0.0501371 secs] [Times: user=0.24 sys=0.00, real=0.05 secs] 
4315.214: [GC (GCLocker Initiated GC) [PSYoungGen: 380466K->127007K(465920K)] 652441K->445878K(1864192K), 0.1348135 secs] [Times: user=0.75 sys=0.00, real=0.13 secs] 
4315.766: [GC (Allocation Failure) [PSYoungGen: 359967K->173972K(465920K)] 678877K->533215K(1864192K), 0.0380763 secs] [Times: user=0.16 sys=0.00, real=0.04 secs] 
4315.987: [GC (Allocation Failure) [PSYoungGen: 406932K->185239K(465920K)] 766175K->605782K(1864192K), 0.0705920 secs] [Times: user=0.34 sys=0.00, real=0.07 secs] 
4316.178: [GC (Allocation Failure) [PSYoungGen: 418199K->183668K(465920K)] 838742K->663092K(1864192K), 0.0569464 secs] [Times: user=0.28 sys=0.00, real=0.06 secs] 
4317.208: [GC (Allocation Failure) [PSYoungGen: 416628K->98091K(465920K)] 896052K->646703K(1864192K), 0.0486251 secs] [Times: user=0.25 sys=0.00, real=0.05 secs] 
4318.066: [GC (Allocation Failure) [PSYoungGen: 331051K->169684K(465920K)] 879663K->749748K(1864192K), 0.0610250 secs] [Times: user=0.27 sys=0.00, real=0.06 secs] 
4318.293: [GC (Allocation Failure) [PSYoungGen: 402644K->184150K(465920K)] 982708K->817430K(1864192K), 0.0422380 secs] [Times: user=0.19 sys=0.00, real=0.04 secs] 
4318.489: [GC (Allocation Failure) [PSYoungGen: 401271K->172437K(465920K)] 1034551K->869741K(1864192K), 0.0738362 secs] [Times: user=0.36 sys=0.00, real=0.08 secs] 
4319.432: [GC (Allocation Failure) [PSYoungGen: 405397K->167890K(400896K)] 1102701K->919923K(1799168K), 0.0537443 secs] [Times: user=0.27 sys=0.01, real=0.05 secs] 
4321.178: [GC (Allocation Failure) [PSYoungGen: 400850K->97691K(457728K)] 1152883K->914119K(1856000K), 0.1115187 secs] [Times: user=0.61 sys=0.01, real=0.12 secs] 
4322.205: [GC (Allocation Failure) [PSYoungGen: 326555K->179029K(461824K)] 1142983K->1026967K(1860096K), 0.0558523 secs] [Times: user=0.22 sys=0.00, real=0.06 secs] 
4322.394: [GC (Allocation Failure) [PSYoungGen: 407893K->181653K(465920K)] 1255831K->1085198K(1864192K), 0.0437891 secs] [Times: user=0.20 sys=0.00, real=0.04 secs] 
4322.595: [GC (Allocation Failure) [PSYoungGen: 414613K->186325K(465920K)] 1318158K->1144934K(1864192K), 0.0698270 secs] [Times: user=0.35 sys=0.00, real=0.07 secs] 
4323.696: [GC (Allocation Failure) [PSYoungGen: 419285K->97883K(465920K)] 1377894K->1126749K(1864192K), 0.0462300 secs] [Times: user=0.24 sys=0.00, real=0.05 secs] 
4324.271: [GC (GCLocker Initiated GC) [PSYoungGen: 330843K->161651K(465920K)] 1359709K->1222673K(1864192K), 0.1023277 secs] [Times: user=0.52 sys=0.00, real=0.10 secs] 
4324.557: [GC (Allocation Failure) [PSYoungGen: 394611K->184822K(465920K)] 1455764K->1296559K(1864192K), 0.0424932 secs] [Times: user=0.19 sys=0.00, real=0.05 secs] 
4324.716: [GC (Allocation Failure) [PSYoungGen: 417782K->183222K(465920K)] 1529519K->1359184K(1864192K), 0.0508539 secs] [Times: user=0.24 sys=0.00, real=0.05 secs] 
4324.943: [GC (Allocation Failure) [PSYoungGen: 416182K->186293K(465920K)] 1592144K->1420614K(1864192K), 0.0631610 secs] [Times: user=0.32 sys=0.00, real=0.06 secs] 
4326.181: [GC (Allocation Failure) [PSYoungGen: 419253K->87050K(465920K)] 1653574K->1391759K(1864192K), 0.0829549 secs] [Times: user=0.45 sys=0.00, real=0.08 secs] 
4327.139: [GC (Allocation Failure) [PSYoungGen: 320010K->178837K(465920K)] 1624719K->1510903K(1864192K), 0.0527616 secs] [Times: user=0.24 sys=0.00, real=0.06 secs] 
4327.192: [Full GC (Ergonomics) [PSYoungGen: 178837K->0K(465920K)] [ParOldGen: 1332066K->221212K(1398272K)] 1510903K->221212K(1864192K), [Metaspace: 60396K->60396K(1105920K)], 0.2668289 secs] [Times: user=1.24 sys=0.00, real=0.26 secs] 
4327.581: [GC (Allocation Failure) [PSYoungGen: 232960K->184726K(465920K)] 454172K->405938K(1864192K), 0.0267150 secs] [Times: user=0.09 sys=0.00, real=0.02 secs] 
4327.754: [GC (Allocation Failure) [PSYoungGen: 417686K->186773K(465920K)] 638898K->463825K(1864192K), 0.0499233 secs] [Times: user=0.24 sys=0.00, real=0.05 secs] 
4328.737: [GC (Allocation Failure) [PSYoungGen: 419733K->107805K(465920K)] 696785K->455333K(1864192K), 0.0448563 secs] [Times: user=0.23 sys=0.00, real=0.05 secs] 
4330.423: [GC (Allocation Failure) [PSYoungGen: 340765K->153266K(465920K)] 688293K->535247K(1864192K), 0.1235496 secs] [Times: user=0.65 sys=0.01, real=0.12 secs] 
4330.853: [GC (Allocation Failure) [PSYoungGen: 386226K->183925K(465920K)] 768207K->614131K(1864192K), 0.0409590 secs] [Times: user=0.18 sys=0.00, real=0.04 secs] 
4331.014: [GC (Allocation Failure) [PSYoungGen: 416885K->185559K(465920K)] 847091K->679700K(1864192K), 0.0500847 secs] [Times: user=0.23 sys=0.00, real=0.05 secs] 
4331.242: [GC (Allocation Failure) [PSYoungGen: 418519K->186709K(465920K)] 912660K->739754K(1864192K), 0.0807769 secs] [Times: user=0.41 sys=0.00, real=0.08 secs] 
4332.500: [GC (Allocation Failure) [PSYoungGen: 419669K->90874K(465920K)] 972714K->714540K(1864192K), 0.0908747 secs] [Times: user=0.40 sys=0.01, real=0.09 secs] 
4333.214: [GC (Allocation Failure) [PSYoungGen: 323834K->170420K(465920K)] 947500K->822974K(1864192K), 0.0560410 secs] [Times: user=0.26 sys=0.00, real=0.06 secs] 
4333.487: [GC (Allocation Failure) [PSYoungGen: 403380K->182005K(465920K)] 1055934K->888072K(1864192K), 0.0555002 secs] [Times: user=0.26 sys=0.00, real=0.06 secs] 
4333.715: [GC (Allocation Failure) [PSYoungGen: 414965K->186677K(465920K)] 1121032K->948127K(1864192K), 0.0551410 secs] [Times: user=0.26 sys=0.00, real=0.06 secs] 
4334.779: [GC (Allocation Failure) [PSYoungGen: 419637K->121999K(465920K)] 1181087K->953769K(1864192K), 0.0473955 secs] [Times: user=0.24 sys=0.01, real=0.05 secs] 
4336.139: [GC (Allocation Failure) [PSYoungGen: 354959K->145201K(465920K)] 1186729K->1015667K(1864192K), 0.1367390 secs] [Times: user=0.73 sys=0.00, real=0.14 secs] 
4336.820: [GC (Allocation Failure) [PSYoungGen: 378161K->186165K(465920K)] 1248627K->1102288K(1864192K), 0.0528913 secs] [Times: user=0.25 sys=0.00, real=0.05 secs] 
4337.059: [GC (Allocation Failure) [PSYoungGen: 419125K->185719K(465920K)] 1335248K->1164442K(1864192K), 0.0705816 secs] [Times: user=0.34 sys=0.00, real=0.08 secs] 
4337.248: [GC (Allocation Failure) [PSYoungGen: 418679K->186709K(465920K)] 1397402K->1224184K(1864192K), 0.0580550 secs] [Times: user=0.28 sys=0.00, real=0.06 secs] 
4338.837: [GC (Allocation Failure) [PSYoungGen: 419669K->91290K(465920K)] 1457144K->1199290K(1864192K), 0.1155782 secs] [Times: user=0.64 sys=0.00, real=0.12 secs] 
4339.609: [GC (Allocation Failure) [PSYoungGen: 324250K->173781K(465920K)] 1432250K->1311197K(1864192K), 0.0429302 secs] [Times: user=0.19 sys=0.00, real=0.05 secs] 
4339.778: [GC (Allocation Failure) [PSYoungGen: 406741K->181237K(465920K)] 1544157K->1372778K(1864192K), 0.0434403 secs] [Times: user=0.20 sys=0.01, real=0.05 secs] 
4339.936: [GC (Allocation Failure) [PSYoungGen: 414197K->186677K(465920K)] 1605738K->1433385K(1864192K), 0.0462192 secs] [Times: user=0.22 sys=0.00, real=0.05 secs] 
4340.909: [GC (Allocation Failure) [PSYoungGen: 419637K->136400K(465920K)] 1666345K->1453333K(1864192K), 0.0500706 secs] [Times: user=0.25 sys=0.00, real=0.05 secs] 
4340.959: [Full GC (Ergonomics) [PSYoungGen: 136400K->0K(465920K)] [ParOldGen: 1316932K->347658K(1398272K)] 1453333K->347658K(1864192K), [Metaspace: 60396K->60396K(1105920K)], 0.5947397 secs] [Times: user=2.61 sys=0.00, real=0.60 secs] 
4342.701: [GC (Allocation Failure) [PSYoungGen: 232960K->127391K(465920K)] 580618K->475050K(1864192K), 0.0577589 secs] [Times: user=0.19 sys=0.01, real=0.05 secs] 
4343.502: [GC (Allocation Failure) [PSYoungGen: 360351K->175444K(465920K)] 708010K->563648K(1864192K), 0.0519875 secs] [Times: user=0.24 sys=0.00, real=0.05 secs] 
4343.750: [GC (Allocation Failure) [PSYoungGen: 408404K->185463K(465920K)] 796608K->635242K(1864192K), 0.0696464 secs] [Times: user=0.34 sys=0.00, real=0.07 secs] 
4343.999: [GC (Allocation Failure) [PSYoungGen: 418423K->186645K(465920K)] 868202K->695096K(1864192K), 0.0739626 secs] [Times: user=0.39 sys=0.00, real=0.08 secs] 
4345.304: [GC (Allocation Failure) [PSYoungGen: 419605K->92235K(465920K)] 928056K->671086K(1864192K), 0.0763521 secs] [Times: user=0.41 sys=0.01, real=0.08 secs] 
4347.051: [GC (Allocation Failure) [PSYoungGen: 325195K->168724K(465920K)] 904046K->776876K(1864192K), 0.0634660 secs] [Times: user=0.28 sys=0.00, real=0.06 secs] 
4347.298: [GC (Allocation Failure) [PSYoungGen: 401684K->184310K(465920K)] 1009836K->845526K(1864192K), 0.0421858 secs] [Times: user=0.18 sys=0.00, real=0.05 secs] 
4347.477: [GC (Allocation Failure) [PSYoungGen: 406042K->172341K(465920K)] 1067259K->897614K(1864192K), 0.0671190 secs] [Times: user=0.33 sys=0.00, real=0.07 secs] 
4348.421: [GC (Allocation Failure) [PSYoungGen: 405301K->169683K(465920K)] 1130574K->949795K(1864192K), 0.0550689 secs] [Times: user=0.27 sys=0.00, real=0.05 secs] 
4348.879: [GC (Allocation Failure) [PSYoungGen: 402643K->100316K(465920K)] 1182755K->945324K(1864192K), 0.0857618 secs] [Times: user=0.45 sys=0.01, real=0.09 secs] 
4349.345: [GC (Allocation Failure) [PSYoungGen: 333276K->182486K(465920K)] 1178284K->1058819K(1864192K), 0.0424898 secs] [Times: user=0.19 sys=0.00, real=0.04 secs] 
4349.501: [GC (Allocation Failure) [PSYoungGen: 415446K->181493K(465920K)] 1291779K->1115147K(1864192K), 0.0451014 secs] [Times: user=0.20 sys=0.01, real=0.04 secs] 
4349.688: [GC (Allocation Failure) [PSYoungGen: 414453K->186709K(465920K)] 1348107K->1175218K(1864192K), 0.0650359 secs] [Times: user=0.32 sys=0.00, real=0.07 secs] 
4350.746: [GC (Allocation Failure) [PSYoungGen: 419669K->100428K(465920K)] 1408178K->1159253K(1864192K), 0.0455964 secs] [Times: user=0.24 sys=0.00, real=0.05 secs] 
4351.814: [GC (Allocation Failure) [PSYoungGen: 333388K->167156K(465920K)] 1392213K->1257954K(1864192K), 0.0896336 secs] [Times: user=0.45 sys=0.00, real=0.09 secs] 
4352.115: [GC (Allocation Failure) [PSYoungGen: 400116K->181749K(465920K)] 1490914K->1324880K(1864192K), 0.0463828 secs] [Times: user=0.21 sys=0.00, real=0.05 secs] 
4352.278: [GC (Allocation Failure) [PSYoungGen: 414709K->185815K(465920K)] 1557840K->1392553K(1864192K), 0.0506404 secs] [Times: user=0.23 sys=0.00, real=0.05 secs] 
4352.792: [GC (Allocation Failure) [PSYoungGen: 415272K->214292K(465920K)] 1622010K->1479943K(1864192K), 0.0549817 secs] [Times: user=0.28 sys=0.00, real=0.05 secs] 
4354.732: [GC (Allocation Failure) [PSYoungGen: 447252K->84714K(465920K)] 1712903K->1418420K(1864192K), 0.1052659 secs] [Times: user=0.58 sys=0.00, real=0.10 secs] 
4354.837: [Full GC (Ergonomics) [PSYoungGen: 84714K->0K(465920K)] [ParOldGen: 1333706K->101464K(1398272K)] 1418420K->101464K(1864192K), [Metaspace: 60396K->60396K(1105920K)], 0.1685056 secs] [Times: user=0.74 sys=0.00, real=0.17 secs] 
4356.099: [GC (Allocation Failure) [PSYoungGen: 232960K->178485K(465920K)] 334424K->279950K(1864192K), 0.0350437 secs] [Times: user=0.13 sys=0.00, real=0.04 secs] 
4356.275: [GC (Allocation Failure) [PSYoungGen: 411445K->184886K(465920K)] 512910K->341670K(1864192K), 0.0404446 secs] [Times: user=0.18 sys=0.00, real=0.04 secs] 
4356.425: [GC (Allocation Failure) [PSYoungGen: 417846K->187189K(465920K)] 574630K->399989K(1864192K), 0.0445336 secs] [Times: user=0.20 sys=0.00, real=0.05 secs] 
4357.416: [GC (Allocation Failure) [PSYoungGen: 420149K->101740K(465920K)] 632949K->385112K(1864192K), 0.0441653 secs] [Times: user=0.23 sys=0.00, real=0.05 secs] 
4358.207: [GC (Allocation Failure) [PSYoungGen: 334700K->161331K(465920K)] 618072K->477316K(1864192K), 0.1105416 secs] [Times: user=0.57 sys=0.01, real=0.11 secs] 
4358.526: [GC (Allocation Failure) [PSYoungGen: 394291K->184534K(465920K)] 710276K->551163K(1864192K), 0.0417665 secs] [Times: user=0.19 sys=0.00, real=0.04 secs] 
4358.730: [GC (Allocation Failure) [PSYoungGen: 417425K->183254K(465920K)] 784054K->613908K(1864192K), 0.0715882 secs] [Times: user=0.36 sys=0.00, real=0.07 secs] 
4358.934: [GC (Allocation Failure) [PSYoungGen: 416214K->186677K(465920K)] 846868K->675698K(1864192K), 0.0567925 secs] [Times: user=0.28 sys=0.00, real=0.06 secs] 
4360.804: [GC (Allocation Failure) [PSYoungGen: 419637K->87674K(465920K)] 908658K->647255K(1864192K), 0.1202192 secs] [Times: user=0.65 sys=0.01, real=0.12 secs] 
4362.018: [GC (Allocation Failure) [PSYoungGen: 320634K->178453K(465920K)] 880215K->765904K(1864192K), 0.0545764 secs] [Times: user=0.23 sys=0.00, real=0.06 secs] 
4362.226: [GC (Allocation Failure) [PSYoungGen: 411413K->184566K(465920K)] 998864K->827908K(1864192K), 0.0442789 secs] [Times: user=0.20 sys=0.00, real=0.05 secs] 
4362.431: [GC (Allocation Failure) [PSYoungGen: 417526K->186805K(465920K)] 1060868K->886195K(1864192K), 0.0696323 secs] [Times: user=0.34 sys=0.00, real=0.07 secs] 
4363.901: [GC (Allocation Failure) [PSYoungGen: 419765K->110397K(465920K)] 1119155K->880268K(1864192K), 0.0466140 secs] [Times: user=0.24 sys=0.00, real=0.04 secs] 
4364.486: [GC (Allocation Failure) [PSYoungGen: 343357K->151170K(465920K)] 1113228K->956085K(1864192K), 0.1001488 secs] [Times: user=0.52 sys=0.00, real=0.10 secs] 
4364.805: [GC (Allocation Failure) [PSYoungGen: 384130K->180917K(465920K)] 1189045K->1033269K(1864192K), 0.0406907 secs] [Times: user=0.18 sys=0.00, real=0.04 secs] 
4364.963: [GC (Allocation Failure) [PSYoungGen: 413877K->182902K(465920K)] 1266229K->1098206K(1864192K), 0.0494183 secs] [Times: user=0.23 sys=0.00, real=0.05 secs] 
4365.126: [GC (Allocation Failure) [PSYoungGen: 415862K->186421K(465920K)] 1331166K->1159988K(1864192K), 0.0553894 secs] [Times: user=0.27 sys=0.00, real=0.06 secs] 
4366.392: [GC (Allocation Failure) [PSYoungGen: 419381K->93579K(465920K)] 1392948K->1137418K(1864192K), 0.0615944 secs] [Times: user=0.33 sys=0.00, real=0.06 secs] 
4367.021: [GC (Allocation Failure) [PSYoungGen: 326539K->172628K(465920K)] 1370378K->1246769K(1864192K), 0.0471587 secs] [Times: user=0.21 sys=0.00, real=0.04 secs] 
4367.206: [GC (Allocation Failure) [PSYoungGen: 405588K->184662K(465920K)] 1479729K->1313202K(1864192K), 0.0438577 secs] [Times: user=0.20 sys=0.00, real=0.05 secs] 
4367.364: [GC (Allocation Failure) [PSYoungGen: 417622K->187061K(465920K)] 1546162K->1371657K(1864192K), 0.0468360 secs] [Times: user=0.22 sys=0.00, real=0.05 secs] 
4368.866: [GC (Allocation Failure) [PSYoungGen: 420021K->124879K(465920K)] 1604617K->1380116K(1864192K), 0.0486186 secs] [Times: user=0.25 sys=0.00, real=0.05 secs] 
4370.559: [GC (Allocation Failure) [PSYoungGen: 356021K->141873K(465920K)] 1611258K->1436609K(1864192K), 0.1461465 secs] [Times: user=0.81 sys=0.00, real=0.15 secs] 
4371.005: [GC (Allocation Failure) [PSYoungGen: 374833K->173428K(465920K)] 1669569K->1513506K(1864192K), 0.0472893 secs] [Times: user=0.22 sys=0.00, real=0.05 secs] 
4371.053: [Full GC (Ergonomics) [PSYoungGen: 173428K->0K(465920K)] [ParOldGen: 1340077K->235939K(1398272K)] 1513506K->235939K(1864192K), [Metaspace: 60396K->60396K(1105920K)], 0.2833313 secs] [Times: user=1.30 sys=0.00, real=0.28 secs] 
4371.457: [GC (Allocation Failure) [PSYoungGen: 232960K->185335K(465920K)] 468899K->421274K(1864192K), 0.0921779 secs] [Times: user=0.49 sys=0.00, real=0.10 secs] 
4371.665: [GC (Allocation Failure) [PSYoungGen: 418295K->186357K(465920K)] 654234K->481104K(1864192K), 0.0578356 secs] [Times: user=0.29 sys=0.00, real=0.06 secs] 
4372.691: [GC (Allocation Failure) [PSYoungGen: 419317K->95035K(465920K)] 714064K->460091K(1864192K), 0.0525128 secs] [Times: user=0.27 sys=0.01, real=0.05 secs] 
4373.306: [GC (GCLocker Initiated GC) [PSYoungGen: 327995K->168468K(465920K)] 693051K->564149K(1864192K), 0.0435356 secs] [Times: user=0.18 sys=0.01, real=0.05 secs] 
4373.552: [GC (Allocation Failure) [PSYoungGen: 401428K->184245K(465920K)] 797112K->632682K(1864192K), 0.0631301 secs] [Times: user=0.28 sys=0.01, real=0.06 secs] 
4373.780: [GC (Allocation Failure) [PSYoungGen: 417205K->186837K(465920K)] 865642K->691309K(1864192K), 0.0656687 secs] [Times: user=0.32 sys=0.00, real=0.06 secs] 
4374.759: [GC (Allocation Failure) [PSYoungGen: 419797K->141169K(465920K)] 924269K->715934K(1864192K), 0.0498681 secs] [Times: user=0.25 sys=0.00, real=0.05 secs] 
4375.632: [GC (Allocation Failure) [PSYoungGen: 374129K->133728K(465920K)] 948894K->753388K(1864192K), 0.1701977 secs] [Times: user=0.95 sys=0.00, real=0.17 secs] 
4376.301: [GC (Allocation Failure) [PSYoungGen: 366688K->173108K(465920K)] 986348K->835457K(1864192K), 0.0527351 secs] [Times: user=0.24 sys=0.00, real=0.05 secs] 
4376.485: [GC (Allocation Failure) [PSYoungGen: 406068K->185559K(465920K)] 1068417K->908868K(1864192K), 0.0494821 secs] [Times: user=0.23 sys=0.00, real=0.05 secs] 
4377.212: [GC (Allocation Failure) [PSYoungGen: 418519K->183764K(465920K)] 1141828K->965834K(1864192K), 0.1507669 secs] [Times: user=0.81 sys=0.00, real=0.15 secs] 
4379.210: [GC (GCLocker Initiated GC) [PSYoungGen: 416724K->90362K(465920K)] 1198794K->942040K(1864192K), 0.1070014 secs] [Times: user=0.59 sys=0.00, real=0.10 secs] 
4380.464: [GC (Allocation Failure) [PSYoungGen: 323322K->168372K(465920K)] 1175131K->1048956K(1864192K), 0.0730666 secs] [Times: user=0.33 sys=0.00, real=0.07 secs] 
4380.753: [GC (Allocation Failure) [PSYoungGen: 401332K->184310K(465920K)] 1281916K->1118125K(1864192K), 0.0429149 secs] [Times: user=0.19 sys=0.00, real=0.04 secs] 
4380.906: [GC (Allocation Failure) [PSYoungGen: 404549K->173461K(465920K)] 1338365K->1171309K(1864192K), 0.0485058 secs] [Times: user=0.22 sys=0.00, real=0.05 secs] 
4381.815: [GC (Allocation Failure) [PSYoungGen: 406421K->169075K(460800K)] 1404269K->1222043K(1859072K), 0.0558315 secs] [Times: user=0.28 sys=0.00, real=0.06 secs] 
4382.240: [GC (GCLocker Initiated GC) [PSYoungGen: 402035K->105228K(463360K)] 1455005K->1223031K(1861632K), 0.0961401 secs] [Times: user=0.51 sys=0.00, real=0.09 secs] 
4382.884: [GC (Allocation Failure) [PSYoungGen: 338188K->178933K(465920K)] 1456157K->1330064K(1864192K), 0.0509866 secs] [Times: user=0.22 sys=0.00, real=0.05 secs] 
4383.071: [GC (Allocation Failure) [PSYoungGen: 411893K->184566K(465920K)] 1563024K->1391712K(1864192K), 0.0446068 secs] [Times: user=0.20 sys=0.00, real=0.04 secs] 
4383.246: [GC (Allocation Failure) [PSYoungGen: 417526K->200404K(465920K)] 1624672K->1463407K(1864192K), 0.0610554 secs] [Times: user=0.30 sys=0.00, real=0.06 secs] 
4384.317: [GC (Allocation Failure) [PSYoungGen: 433364K->101692K(465920K)] 1696367K->1434230K(1864192K), 0.0458985 secs] [Times: user=0.24 sys=0.00, real=0.05 secs] 
4384.363: [Full GC (Ergonomics) [PSYoungGen: 101692K->0K(465920K)] [ParOldGen: 1332538K->93349K(1398272K)] 1434230K->93349K(1864192K), [Metaspace: 60396K->60396K(1105920K)], 0.0466390 secs] [Times: user=0.14 sys=0.00, real=0.05 secs] 
4385.409: [GC (Allocation Failure) [PSYoungGen: 232960K->168436K(465920K)] 326309K->261785K(1864192K), 0.0467951 secs] [Times: user=0.18 sys=0.00, real=0.05 secs] 
4385.645: [GC (Allocation Failure) [PSYoungGen: 401396K->179157K(465920K)] 494745K->325270K(1864192K), 0.0407179 secs] [Times: user=0.19 sys=0.00, real=0.04 secs] 
4385.806: [GC (Allocation Failure) [PSYoungGen: 412117K->185943K(465920K)] 558230K->395008K(1864192K), 0.0484479 secs] [Times: user=0.23 sys=0.00, real=0.05 secs] 
4386.247: [GC (Allocation Failure) [PSYoungGen: 414973K->214292K(465920K)] 624038K->482382K(1864192K), 0.0529357 secs] [Times: user=0.26 sys=0.00, real=0.06 secs] 
4387.830: [GC (Allocation Failure) [PSYoungGen: 447252K->90378K(465920K)] 715342K->426492K(1864192K), 0.1043026 secs] [Times: user=0.57 sys=0.00, real=0.10 secs] 
4388.797: [GC (Allocation Failure) [PSYoungGen: 323338K->177141K(465920K)] 659452K->542375K(1864192K), 0.0481051 secs] [Times: user=0.21 sys=0.00, real=0.05 secs] 
4388.985: [GC (Allocation Failure) [PSYoungGen: 410101K->184342K(465920K)] 775335K->604832K(1864192K), 0.0429586 secs] [Times: user=0.20 sys=0.00, real=0.04 secs] 
4389.141: [GC (Allocation Failure) [PSYoungGen: 417302K->202965K(465920K)] 837792K->679271K(1864192K), 0.0467825 secs] [Times: user=0.21 sys=0.00, real=0.04 secs] 
4390.137: [GC (Allocation Failure) [PSYoungGen: 435925K->106092K(465920K)] 912231K->652751K(1864192K), 0.0449925 secs] [Times: user=0.23 sys=0.00, real=0.05 secs] 
4390.588: [GC (Allocation Failure) [PSYoungGen: 339052K->165908K(465920K)] 885711K->746811K(1864192K), 0.0605116 secs] [Times: user=0.30 sys=0.00, real=0.06 secs] 
4390.860: [GC (Allocation Failure) [PSYoungGen: 398868K->180693K(465920K)] 979771K->813344K(1864192K), 0.0559731 secs] [Times: user=0.26 sys=0.01, real=0.05 secs] 
4391.097: [GC (Allocation Failure) [PSYoungGen: 413653K->185399K(465920K)] 1046304K->880894K(1864192K), 0.0703655 secs] [Times: user=0.35 sys=0.00, real=0.07 secs] 
4391.284: [GC (Allocation Failure) [PSYoungGen: 418359K->183764K(465920K)] 1113854K->938116K(1864192K), 0.0546042 secs] [Times: user=0.27 sys=0.00, real=0.05 secs] 
4392.407: [GC (Allocation Failure) [PSYoungGen: 416724K->93675K(465920K)] 1171076K->917522K(1864192K), 0.0783871 secs] [Times: user=0.42 sys=0.00, real=0.08 secs] 
4393.624: [GC (Allocation Failure) [PSYoungGen: 326521K->172980K(465920K)] 1150369K->1026409K(1864192K), 0.0543480 secs] [Times: user=0.25 sys=0.00, real=0.05 secs] 
4393.829: [GC (Allocation Failure) [PSYoungGen: 405940K->184726K(465920K)] 1259369K->1092746K(1864192K), 0.0439379 secs] [Times: user=0.20 sys=0.00, real=0.05 secs] 
4394.016: [GC (Allocation Failure) [PSYoungGen: 417686K->186965K(465920K)] 1325706K->1151049K(1864192K), 0.0681546 secs] [Times: user=0.31 sys=0.00, real=0.07 secs] 
4395.136: [GC (Allocation Failure) [PSYoungGen: 419925K->107949K(465920K)] 1384009K->1142521K(1864192K), 0.0465683 secs] [Times: user=0.24 sys=0.00, real=0.05 secs] 
4397.093: [GC (Allocation Failure) [PSYoungGen: 340909K->155474K(465920K)] 1375481K->1224628K(1864192K), 0.1015625 secs] [Times: user=0.53 sys=0.00, real=0.10 secs] 
4397.469: [GC (Allocation Failure) [PSYoungGen: 388434K->184150K(465920K)] 1457588K->1302083K(1864192K), 0.0434229 secs] [Times: user=0.20 sys=0.00, real=0.05 secs] 
4397.678: [GC (Allocation Failure) [PSYoungGen: 417110K->185527K(465920K)] 1535043K->1367556K(1864192K), 0.0839532 secs] [Times: user=0.37 sys=0.00, real=0.09 secs] 
4397.888: [GC (Allocation Failure) [PSYoungGen: 418487K->184500K(465920K)] 1600516K->1425218K(1864192K), 0.0585525 secs] [Times: user=0.29 sys=0.00, real=0.06 secs] 
4398.948: [GC (Allocation Failure) [PSYoungGen: 417460K->90394K(465920K)] 1658178K->1400808K(1864192K), 0.0445167 secs] [Times: user=0.23 sys=0.01, real=0.05 secs] 
4399.442: [GC (Allocation Failure) [PSYoungGen: 323354K->178293K(465920K)] 1633768K->1516975K(1864192K), 0.0559886 secs] [Times: user=0.25 sys=0.00, real=0.05 secs] 
4399.498: [Full GC (Ergonomics) [PSYoungGen: 178293K->0K(465920K)] [ParOldGen: 1338682K->218606K(1398272K)] 1516975K->218606K(1864192K), [Metaspace: 60397K->60397K(1105920K)], 0.2731929 secs] [Times: user=1.28 sys=0.00, real=0.28 secs] 
4399.888: [GC (Allocation Failure) [PSYoungGen: 232960K->184726K(465920K)] 451566K->403332K(1864192K), 0.0267973 secs] [Times: user=0.10 sys=0.00, real=0.03 secs] 
4400.026: [GC (Allocation Failure) [PSYoungGen: 417686K->186485K(465920K)] 636292K->461035K(1864192K), 0.0456322 secs] [Times: user=0.21 sys=0.00, real=0.05 secs] 
4401.010: [GC (Allocation Failure) [PSYoungGen: 419445K->112557K(465920K)] 693995K->457444K(1864192K), 0.0456963 secs] [Times: user=0.23 sys=0.00, real=0.04 secs] 
4402.762: [GC (Allocation Failure) [PSYoungGen: 345517K->150418K(465920K)] 690404K->531101K(1864192K), 0.1241980 secs] [Times: user=0.66 sys=0.00, real=0.12 secs] 
4403.095: [GC (Allocation Failure) [PSYoungGen: 383378K->181781K(465920K)] 764061K->609513K(1864192K), 0.0400700 secs] [Times: user=0.18 sys=0.00, real=0.04 secs] 
4403.312: [GC (Allocation Failure) [PSYoungGen: 414741K->185719K(465920K)] 842473K->676994K(1864192K), 0.0754606 secs] [Times: user=0.37 sys=0.00, real=0.07 secs] 
4403.513: [GC (Allocation Failure) [PSYoungGen: 418679K->186581K(465920K)] 909954K->736633K(1864192K), 0.0573956 secs] [Times: user=0.28 sys=0.00, real=0.06 secs] 
4405.125: [GC (Allocation Failure) [PSYoungGen: 419541K->87530K(465920K)] 969593K->708030K(1864192K), 0.1203843 secs] [Times: user=0.66 sys=0.01, real=0.12 secs] 
4405.910: [GC (Allocation Failure) [PSYoungGen: 320490K->174453K(465920K)] 940990K->822945K(1864192K), 0.0535187 secs] [Times: user=0.23 sys=0.00, real=0.05 secs] 
4406.183: [GC (Allocation Failure) [PSYoungGen: 407413K->181749K(465920K)] 1055905K->884534K(1864192K), 0.0557053 secs] [Times: user=0.26 sys=0.00, real=0.05 secs] 
4406.353: [GC (Allocation Failure) [PSYoungGen: 414709K->184116K(465920K)] 1117494K->941909K(1864192K), 0.0445536 secs] [Times: user=0.20 sys=0.01, real=0.04 secs] 
4407.372: [GC (Allocation Failure) [PSYoungGen: 417076K->130800K(465920K)] 1174869K->958345K(1864192K), 0.0481767 secs] [Times: user=0.24 sys=0.00, real=0.05 secs] 
4407.806: [GC (Allocation Failure) [PSYoungGen: 363760K->141905K(465920K)] 1191305K->1010985K(1864192K), 0.1201235 secs] [Times: user=0.66 sys=0.00, real=0.12 secs] 
4408.183: [GC (Allocation Failure) [PSYoungGen: 374865K->175412K(465920K)] 1243945K->1090358K(1864192K), 0.0392804 secs] [Times: user=0.17 sys=0.00, real=0.04 secs] 
4408.389: [GC (Allocation Failure) [PSYoungGen: 408372K->182550K(465920K)] 1323318K->1158720K(1864192K), 0.0728981 secs] [Times: user=0.36 sys=0.00, real=0.07 secs] 
4408.644: [GC (Allocation Failure) [PSYoungGen: 415510K->186709K(465920K)] 1391680K->1221183K(1864192K), 0.0698351 secs] [Times: user=0.36 sys=0.00, real=0.07 secs] 
4409.794: [GC (Allocation Failure) [PSYoungGen: 419669K->94859K(465920K)] 1454143K->1199861K(1864192K), 0.0643491 secs] [Times: user=0.34 sys=0.01, real=0.06 secs] 
4411.180: [GC (Allocation Failure) [PSYoungGen: 327819K->171380K(465920K)] 1432821K->1306347K(1864192K), 0.0645896 secs] [Times: user=0.28 sys=0.00, real=0.06 secs] 
4411.423: [GC (Allocation Failure) [PSYoungGen: 404340K->184726K(465920K)] 1539307K->1373764K(1864192K), 0.0443261 secs] [Times: user=0.20 sys=0.00, real=0.04 secs] 
4411.581: [GC (Allocation Failure) [PSYoungGen: 417686K->187189K(465920K)] 1606724K->1432292K(1864192K), 0.0474858 secs] [Times: user=0.23 sys=0.00, real=0.04 secs] 
4412.633: [GC (Allocation Failure) [PSYoungGen: 420149K->138513K(465920K)] 1665252K->1454352K(1864192K), 0.0512849 secs] [Times: user=0.26 sys=0.00, real=0.05 secs] 
4412.684: [Full GC (Ergonomics) [PSYoungGen: 138513K->0K(465920K)] [ParOldGen: 1315838K->349286K(1398272K)] 1454352K->349286K(1864192K), [Metaspace: 60398K->60398K(1105920K)], 0.5938647 secs] [Times: user=2.61 sys=0.00, real=0.59 secs] 
4414.404: [GC (Allocation Failure) [PSYoungGen: 232960K->131343K(465920K)] 582246K->480630K(1864192K), 0.0411650 secs] [Times: user=0.15 sys=0.00, real=0.04 secs] 
4414.767: [GC (Allocation Failure) [PSYoungGen: 364303K->175412K(465920K)] 713590K->566748K(1864192K), 0.0439073 secs] [Times: user=0.20 sys=0.00, real=0.05 secs] 
4414.969: [GC (Allocation Failure) [PSYoungGen: 408372K->182614K(465920K)] 799708K->634958K(1864192K), 0.0718652 secs] [Times: user=0.35 sys=0.00, real=0.08 secs] 
4415.227: [GC (Allocation Failure) [PSYoungGen: 415574K->184821K(465920K)] 867918K->695428K(1864192K), 0.0682140 secs] [Times: user=0.35 sys=0.00, real=0.07 secs] 
4416.397: [GC (Allocation Failure) [PSYoungGen: 417781K->92635K(465920K)] 928388K->673203K(1864192K), 0.0580839 secs] [Times: user=0.31 sys=0.00, real=0.06 secs] 
4417.855: [GC (Allocation Failure) [PSYoungGen: 325595K->166452K(465920K)] 906163K->776640K(1864192K), 0.0678062 secs] [Times: user=0.31 sys=0.00, real=0.07 secs] 
4418.114: [GC (Allocation Failure) [PSYoungGen: 399412K->184822K(465920K)] 1009600K->847398K(1864192K), 0.0435732 secs] [Times: user=0.19 sys=0.00, real=0.04 secs] 
4418.270: [GC (Allocation Failure) [PSYoungGen: 406752K->174709K(465920K)] 1069329K->901502K(1864192K), 0.0493028 secs] [Times: user=0.23 sys=0.00, real=0.04 secs] 
4419.235: [GC (Allocation Failure) [PSYoungGen: 407669K->168915K(401920K)] 1134462K->951203K(1800192K), 0.0558861 secs] [Times: user=0.28 sys=0.00, real=0.06 secs] 
4420.425: [GC (Allocation Failure) [PSYoungGen: 401875K->102668K(460800K)] 1184163K->949741K(1859072K), 0.1091501 secs] [Times: user=0.60 sys=0.00, real=0.11 secs] 
4421.253: [GC (Allocation Failure) [PSYoungGen: 333068K->175733K(463360K)] 1180141K->1055819K(1861632K), 0.0496236 secs] [Times: user=0.22 sys=0.00, real=0.05 secs] 
4421.434: [GC (Allocation Failure) [PSYoungGen: 406133K->182773K(465920K)] 1286219K->1117907K(1864192K), 0.0441307 secs] [Times: user=0.21 sys=0.00, real=0.04 secs] 
4421.624: [GC (Allocation Failure) [PSYoungGen: 415733K->186773K(465920K)] 1350867K->1177307K(1864192K), 0.0656002 secs] [Times: user=0.32 sys=0.00, real=0.07 secs] 
4422.711: [GC (Allocation Failure) [PSYoungGen: 419733K->103132K(465920K)] 1410267K->1164002K(1864192K), 0.0460826 secs] [Times: user=0.24 sys=0.00, real=0.04 secs] 
4423.605: [GC (Allocation Failure) [PSYoungGen: 336050K->165331K(465920K)] 1396920K->1259190K(1864192K), 0.0725821 secs] [Times: user=0.35 sys=0.00, real=0.07 secs] 
4423.836: [GC (Allocation Failure) [PSYoungGen: 398291K->190581K(465920K)] 1492150K->1336312K(1864192K), 0.0427029 secs] [Times: user=0.19 sys=0.00, real=0.04 secs] 
4423.995: [GC (Allocation Failure) [PSYoungGen: 423541K->183222K(465920K)] 1569272K->1392273K(1864192K), 0.0508839 secs] [Times: user=0.24 sys=0.00, real=0.05 secs] 
4424.283: [GC (Allocation Failure) [PSYoungGen: 415334K->217076K(465920K)] 1624385K->1484047K(1864192K), 0.0555848 secs] [Times: user=0.27 sys=0.00, real=0.05 secs] 
4425.540: [GC (Allocation Failure) [PSYoungGen: 450036K->91978K(465920K)] 1717007K->1428245K(1864192K), 0.0865012 secs] [Times: user=0.47 sys=0.00, real=0.08 secs] 
4425.626: [Full GC (Ergonomics) [PSYoungGen: 91978K->0K(465920K)] [ParOldGen: 1336266K->108779K(1398272K)] 1428245K->108779K(1864192K), [Metaspace: 60398K->60398K(1105920K)], 0.1620253 secs] [Times: user=0.70 sys=0.00, real=0.16 secs] 
4426.199: [GC (Allocation Failure) [PSYoungGen: 232960K->182678K(465920K)] 341739K->291457K(1864192K), 0.0288150 secs] [Times: user=0.10 sys=0.00, real=0.03 secs] 
4426.341: [GC (Allocation Failure) [PSYoungGen: 415638K->179349K(465920K)] 524417K->344708K(1864192K), 0.0406419 secs] [Times: user=0.18 sys=0.00, real=0.04 secs] 
4426.528: [GC (Allocation Failure) [PSYoungGen: 412309K->186869K(465920K)] 577668K->407100K(1864192K), 0.0649783 secs] [Times: user=0.31 sys=0.00, real=0.07 secs] 
4427.564: [GC (Allocation Failure) [PSYoungGen: 419829K->104604K(465920K)] 640060K->395472K(1864192K), 0.0449764 secs] [Times: user=0.23 sys=0.00, real=0.04 secs] 
4428.870: [GC (Allocation Failure) [PSYoungGen: 337564K->165427K(465920K)] 628432K->489788K(1864192K), 0.1182719 secs] [Times: user=0.61 sys=0.01, real=0.11 secs] 
4429.521: [GC (Allocation Failure) [PSYoungGen: 398387K->178741K(465920K)] 722748K->554697K(1864192K), 0.0517187 secs] [Times: user=0.24 sys=0.00, real=0.05 secs] 
4429.723: [GC (Allocation Failure) [PSYoungGen: 411701K->185879K(465920K)] 787657K->624667K(1864192K), 0.0742592 secs] [Times: user=0.36 sys=0.00, real=0.07 secs] 
4429.975: [GC (Allocation Failure) [PSYoungGen: 418839K->186453K(465920K)] 857627K->684225K(1864192K), 0.0784601 secs] [Times: user=0.40 sys=0.00, real=0.08 secs] 
4431.424: [GC (Allocation Failure) [PSYoungGen: 419413K->89530K(465920K)] 917185K->657755K(1864192K), 0.0991904 secs] [Times: user=0.54 sys=0.00, real=0.10 secs] 
4432.286: [GC (Allocation Failure) [PSYoungGen: 322490K->174837K(465920K)] 890715K->771585K(1864192K), 0.0537330 secs] [Times: user=0.24 sys=0.00, real=0.06 secs] 
4432.490: [GC (Allocation Failure) [PSYoungGen: 407797K->184310K(465920K)] 1004545K->836094K(1864192K), 0.0428594 secs] [Times: user=0.19 sys=0.00, real=0.04 secs] 
4432.645: [GC (Allocation Failure) [PSYoungGen: 417270K->186677K(465920K)] 1069054K->894318K(1864192K), 0.0452747 secs] [Times: user=0.20 sys=0.00, real=0.05 secs] 
4433.625: [GC (Allocation Failure) [PSYoungGen: 419637K->107789K(465920K)] 1127278K->885918K(1864192K), 0.0454569 secs] [Times: user=0.23 sys=0.00, real=0.05 secs] 
4435.041: [GC (Allocation Failure) [PSYoungGen: 340749K->156658K(465920K)] 1118878K->969128K(1864192K), 0.1397235 secs] [Times: user=0.66 sys=0.00, real=0.14 secs] 
4435.709: [GC (Allocation Failure) [PSYoungGen: 389618K->184118K(465920K)] 1202088K->1045627K(1864192K), 0.0542228 secs] [Times: user=0.25 sys=0.00, real=0.05 secs] 
4435.882: [GC (Allocation Failure) [PSYoungGen: 417078K->185879K(465920K)] 1278587K->1111309K(1864192K), 0.0508051 secs] [Times: user=0.24 sys=0.00, real=0.05 secs] 
4436.040: [GC (Allocation Failure) [PSYoungGen: 418839K->181236K(465920K)] 1344269K->1165642K(1864192K), 0.0557423 secs] [Times: user=0.27 sys=0.00, real=0.05 secs] 
4438.270: [GC (Allocation Failure) [PSYoungGen: 414196K->93723K(465920K)] 1398602K->1147033K(1864192K), 0.1184701 secs] [Times: user=0.64 sys=0.01, real=0.11 secs] 
4440.275: [GC (Allocation Failure) [PSYoungGen: 326683K->168948K(465920K)] 1379993K->1251667K(1864192K), 0.0575537 secs] [Times: user=0.26 sys=0.00, real=0.06 secs] 
4440.493: [GC (Allocation Failure) [PSYoungGen: 401908K->185014K(465920K)] 1484627K->1320565K(1864192K), 0.0448060 secs] [Times: user=0.20 sys=0.00, real=0.04 secs] 
4440.647: [GC (Allocation Failure) [PSYoungGen: 417974K->184404K(465920K)] 1553525K->1375871K(1864192K), 0.0477970 secs] [Times: user=0.22 sys=0.00, real=0.05 secs] 
4441.660: [GC (Allocation Failure) [PSYoungGen: 417364K->121199K(465920K)] 1608831K->1382386K(1864192K), 0.0498547 secs] [Times: user=0.25 sys=0.00, real=0.05 secs] 
4442.299: [GC (Allocation Failure) [PSYoungGen: 354159K->145953K(465920K)] 1615346K->1445516K(1864192K), 0.0763693 secs] [Times: user=0.40 sys=0.00, real=0.08 secs] 
4442.554: [GC (Allocation Failure) [PSYoungGen: 378913K->183765K(465920K)] 1678476K->1529149K(1864192K), 0.0409889 secs] [Times: user=0.18 sys=0.00, real=0.04 secs] 
4442.595: [Full GC (Ergonomics) [PSYoungGen: 183765K->0K(465920K)] [ParOldGen: 1345383K->246900K(1398272K)] 1529149K->246900K(1864192K), [Metaspace: 60398K->60398K(1105920K)], 0.3036109 secs] [Times: user=1.40 sys=0.00, real=0.30 secs] 
4443.043: [GC (Allocation Failure) [PSYoungGen: 232960K->182710K(465920K)] 479860K->429611K(1864192K), 0.0830194 secs] [Times: user=0.43 sys=0.01, real=0.08 secs] 
4443.445: [GC (Allocation Failure) [PSYoungGen: 415670K->185237K(465920K)] 662571K->490129K(1864192K), 0.0698282 secs] [Times: user=0.35 sys=0.00, real=0.07 secs] 
4444.932: [GC (Allocation Failure) [PSYoungGen: 418197K->90074K(465920K)] 723089K->464903K(1864192K), 0.1111274 secs] [Times: user=0.61 sys=0.00, real=0.11 secs] 
4446.915: [GC (Allocation Failure) [PSYoungGen: 323034K->167924K(465920K)] 697863K->571285K(1864192K), 0.0541145 secs] [Times: user=0.24 sys=0.00, real=0.05 secs] 
4447.143: [GC (Allocation Failure) [PSYoungGen: 400884K->184790K(465920K)] 804245K->641147K(1864192K), 0.0423511 secs] [Times: user=0.18 sys=0.00, real=0.04 secs] 
4447.351: [GC (Allocation Failure) [PSYoungGen: 417750K->186869K(465920K)] 874107K->699290K(1864192K), 0.0715311 secs] [Times: user=0.36 sys=0.00, real=0.07 secs] 
4448.409: [GC (Allocation Failure) [PSYoungGen: 419829K->137105K(465920K)] 932250K->720182K(1864192K), 0.0488901 secs] [Times: user=0.25 sys=0.00, real=0.04 secs] 
4449.318: [GC (Allocation Failure) [PSYoungGen: 370065K->132575K(465920K)] 953142K->759157K(1864192K), 0.1230831 secs] [Times: user=0.68 sys=0.00, real=0.13 secs] 
4449.805: [GC (Allocation Failure) [PSYoungGen: 365535K->175220K(465920K)] 992117K->843967K(1864192K), 0.0454911 secs] [Times: user=0.21 sys=0.00, real=0.05 secs] 
4449.975: [GC (Allocation Failure) [PSYoungGen: 408180K->185463K(465920K)] 1076927K->915393K(1864192K), 0.0494563 secs] [Times: user=0.23 sys=0.00, real=0.05 secs] 
4450.135: [GC (Allocation Failure) [PSYoungGen: 418423K->186773K(465920K)] 1148353K->975464K(1864192K), 0.0581637 secs] [Times: user=0.29 sys=0.00, real=0.06 secs] 
4451.153: [GC (Allocation Failure) [PSYoungGen: 419733K->98347K(465920K)] 1208424K->957374K(1864192K), 0.0486459 secs] [Times: user=0.25 sys=0.00, real=0.05 secs] 
4451.957: [GC (Allocation Failure) [PSYoungGen: 331307K->168308K(465920K)] 1190334K->1058899K(1864192K), 0.0647552 secs] [Times: user=0.29 sys=0.00, real=0.07 secs] 
4452.202: [GC (Allocation Failure) [PSYoungGen: 401268K->184886K(465920K)] 1291859K->1128777K(1864192K), 0.0426686 secs] [Times: user=0.19 sys=0.00, real=0.04 secs] 
4452.358: [GC (Allocation Failure) [PSYoungGen: 417846K->187189K(465920K)] 1361737K->1187277K(1864192K), 0.0451575 secs] [Times: user=0.21 sys=0.00, real=0.05 secs] 
4453.359: [GC (Allocation Failure) [PSYoungGen: 420149K->144370K(465920K)] 1420237K->1214965K(1864192K), 0.0504394 secs] [Times: user=0.25 sys=0.00, real=0.06 secs] 
4454.406: [GC (Allocation Failure) [PSYoungGen: 377330K->127583K(465920K)] 1447925K->1244087K(1864192K), 0.1669830 secs] [Times: user=0.93 sys=0.01, real=0.17 secs] 
4455.121: [GC (Allocation Failure) [PSYoungGen: 360543K->181076K(465920K)] 1477047K->1338413K(1864192K), 0.0480893 secs] [Times: user=0.22 sys=0.00, real=0.04 secs] 
4455.296: [GC (Allocation Failure) [PSYoungGen: 414036K->185111K(465920K)] 1571373K->1403631K(1864192K), 0.0503639 secs] [Times: user=0.23 sys=0.00, real=0.05 secs] 
4455.542: [GC (Allocation Failure) [PSYoungGen: 418071K->186549K(465920K)] 1636591K->1463742K(1864192K), 0.0672094 secs] [Times: user=0.33 sys=0.01, real=0.06 secs] 
4456.804: [GC (Allocation Failure) [PSYoungGen: 419509K->95819K(465920K)] 1696702K->1443540K(1864192K), 0.0543467 secs] [Times: user=0.29 sys=0.00, real=0.05 secs] 
4456.859: [Full GC (Ergonomics) [PSYoungGen: 95819K->0K(465920K)] [ParOldGen: 1347720K->94873K(1398272K)] 1443540K->94873K(1864192K), [Metaspace: 60398K->60398K(1105920K)], 0.0595406 secs] [Times: user=0.22 sys=0.00, real=0.06 secs] 
4457.613: [GC (GCLocker Initiated GC) [PSYoungGen: 232960K->175093K(465920K)] 327833K->269966K(1864192K), 0.0422792 secs] [Times: user=0.16 sys=0.00, real=0.04 secs] 
4457.876: [GC (Allocation Failure) [PSYoungGen: 408053K->178133K(465920K)] 502929K->327885K(1864192K), 0.0540855 secs] [Times: user=0.25 sys=0.00, real=0.06 secs] 
4458.050: [GC (Allocation Failure) [PSYoungGen: 397204K->172757K(465920K)] 546956K->385334K(1864192K), 0.0460870 secs] [Times: user=0.21 sys=0.00, real=0.04 secs] 
4459.011: [GC (Allocation Failure) [PSYoungGen: 405717K->169331K(460800K)] 618294K->436835K(1859072K), 0.0546306 secs] [Times: user=0.28 sys=0.00, real=0.05 secs] 
4459.468: [GC (Allocation Failure) [PSYoungGen: 402291K->106492K(463360K)] 669795K->438829K(1861632K), 0.0658827 secs] [Times: user=0.34 sys=0.00, real=0.07 secs] 
4460.019: [GC (Allocation Failure) [PSYoungGen: 337787K->177941K(465920K)] 670124K->544267K(1864192K), 0.0483759 secs] [Times: user=0.21 sys=0.00, real=0.05 secs] 
4460.198: [GC (Allocation Failure) [PSYoungGen: 410901K->184854K(465920K)] 777227K->606719K(1864192K), 0.0430056 secs] [Times: user=0.19 sys=0.00, real=0.05 secs] 
4460.356: [GC (Allocation Failure) [PSYoungGen: 417814K->186773K(465920K)] 839679K->664574K(1864192K), 0.0449590 secs] [Times: user=0.20 sys=0.00, real=0.05 secs] 
4461.370: [GC (Allocation Failure) [PSYoungGen: 419733K->97947K(465920K)] 897534K->646277K(1864192K), 0.0439479 secs] [Times: user=0.23 sys=0.00, real=0.04 secs] 
4463.051: [GC (Allocation Failure) [PSYoungGen: 330907K->163923K(465920K)] 879237K->743602K(1864192K), 0.1094646 secs] [Times: user=0.55 sys=0.00, real=0.11 secs] 
4463.362: [GC (Allocation Failure) [PSYoungGen: 396883K->180341K(465920K)] 976562K->811523K(1864192K), 0.0414415 secs] [Times: user=0.18 sys=0.00, real=0.04 secs] 
4463.524: [GC (Allocation Failure) [PSYoungGen: 413301K->186007K(465920K)] 1044483K->880445K(1864192K), 0.0498203 secs] [Times: user=0.23 sys=0.00, real=0.05 secs] 
4463.853: [GC (Allocation Failure) [PSYoungGen: 418967K->219476K(465920K)] 1113405K->973091K(1864192K), 0.0560091 secs] [Times: user=0.27 sys=0.00, real=0.05 secs] 
4464.904: [GC (Allocation Failure) [PSYoungGen: 452436K->92186K(465920K)] 1206051K->914793K(1864192K), 0.0599796 secs] [Times: user=0.31 sys=0.00, real=0.06 secs] 
4465.431: [GC (Allocation Failure) [PSYoungGen: 325146K->182230K(465920K)] 1147753K->1034629K(1864192K), 0.0398149 secs] [Times: user=0.17 sys=0.01, real=0.04 secs] 
4465.586: [GC (Allocation Failure) [PSYoungGen: 415190K->181781K(465920K)] 1267589K->1090793K(1864192K), 0.0439483 secs] [Times: user=0.20 sys=0.00, real=0.05 secs] 
4465.774: [GC (Allocation Failure) [PSYoungGen: 414741K->186165K(465920K)] 1323753K->1150760K(1864192K), 0.0568009 secs] [Times: user=0.27 sys=0.01, real=0.06 secs] 
4466.809: [GC (Allocation Failure) [PSYoungGen: 419125K->102172K(465920K)] 1383720K->1137040K(1864192K), 0.0460614 secs] [Times: user=0.23 sys=0.00, real=0.05 secs] 
4467.247: [GC (Allocation Failure) [PSYoungGen: 335132K->168468K(465920K)] 1370000K->1235884K(1864192K), 0.0716911 secs] [Times: user=0.35 sys=0.00, real=0.07 secs] 
4467.492: [GC (Allocation Failure) [PSYoungGen: 401428K->184662K(465920K)] 1468844K->1305294K(1864192K), 0.0426851 secs] [Times: user=0.20 sys=0.00, real=0.04 secs] 
4467.649: [GC (Allocation Failure) [PSYoungGen: 417622K->181334K(465920K)] 1538254K->1365975K(1864192K), 0.0495792 secs] [Times: user=0.23 sys=0.00, real=0.04 secs] 
4467.841: [GC (Allocation Failure) [PSYoungGen: 414294K->182580K(465920K)] 1598935K->1425109K(1864192K), 0.0680382 secs] [Times: user=0.35 sys=0.01, real=0.06 secs] 
4469.840: [GC (Allocation Failure) [PSYoungGen: 415540K->87930K(465920K)] 1658069K->1399483K(1864192K), 0.1209955 secs] [Times: user=0.67 sys=0.00, real=0.12 secs] 
4470.378: [GC (Allocation Failure) [PSYoungGen: 320890K->180053K(465920K)] 1632443K->1519683K(1864192K), 0.0443260 secs] [Times: user=0.19 sys=0.00, real=0.05 secs] 
4470.423: [Full GC (Ergonomics) [PSYoungGen: 180053K->0K(465920K)] [ParOldGen: 1339629K->223752K(1398272K)] 1519683K->223752K(1864192K), [Metaspace: 60467K->60467K(1105920K)], 0.2550420 secs] [Times: user=1.14 sys=0.00, real=0.25 secs] 
4470.795: [GC (Allocation Failure) [PSYoungGen: 232960K->184566K(465920K)] 456712K->408318K(1864192K), 0.0267488 secs] [Times: user=0.09 sys=0.00, real=0.03 secs] 
4470.986: [GC (Allocation Failure) [PSYoungGen: 417526K->186933K(465920K)] 641278K->466645K(1864192K), 0.0577850 secs] [Times: user=0.28 sys=0.00, real=0.06 secs] 
4471.987: [GC (Allocation Failure) [PSYoungGen: 419893K->103660K(465920K)] 699605K->453837K(1864192K), 0.0492456 secs] [Times: user=0.26 sys=0.00, real=0.05 secs] 
4473.973: [GC (Allocation Failure) [PSYoungGen: 336620K->155986K(465920K)] 686797K->539144K(1864192K), 0.1256359 secs] [Times: user=0.66 sys=0.00, real=0.12 secs] 
4474.490: [GC (Allocation Failure) [PSYoungGen: 388946K->181045K(465920K)] 772104K->612718K(1864192K), 0.0515127 secs] [Times: user=0.24 sys=0.01, real=0.05 secs] 
4474.713: [GC (Allocation Failure) [PSYoungGen: 414005K->185431K(465920K)] 845678K->680472K(1864192K), 0.0783555 secs] [Times: user=0.38 sys=0.00, real=0.08 secs] 
4474.969: [GC (Allocation Failure) [PSYoungGen: 418391K->186677K(465920K)] 913432K->740198K(1864192K), 0.0666489 secs] [Times: user=0.34 sys=0.00, real=0.07 secs] 
4475.972: [GC (Allocation Failure) [PSYoungGen: 419637K->92379K(465920K)] 973158K->716404K(1864192K), 0.0454718 secs] [Times: user=0.19 sys=0.00, real=0.04 secs] 
4476.496: [GC (GCLocker Initiated GC) [PSYoungGen: 325339K->174773K(465920K)] 949365K->828044K(1864192K), 0.0505876 secs] [Times: user=0.22 sys=0.00, real=0.05 secs] 
4476.694: [GC (Allocation Failure) [PSYoungGen: 407733K->184406K(465920K)] 1061043K->892864K(1864192K), 0.0436143 secs] [Times: user=0.20 sys=0.00, real=0.04 secs] 
4476.899: [GC (Allocation Failure) [PSYoungGen: 417366K->184052K(465920K)] 1125824K->948422K(1864192K), 0.0671313 secs] [Times: user=0.34 sys=0.00, real=0.07 secs] 
4478.484: [GC (Allocation Failure) [PSYoungGen: 417012K->117598K(465920K)] 1181382K->951292K(1864192K), 0.0482492 secs] [Times: user=0.24 sys=0.00, real=0.05 secs] 
4480.277: [GC (Allocation Failure) [PSYoungGen: 350016K->141617K(465920K)] 1183710K->1012812K(1864192K), 0.1313266 secs] [Times: user=0.70 sys=0.00, real=0.13 secs] 
4480.865: [GC (Allocation Failure) [PSYoungGen: 374577K->178357K(465920K)] 1245772K->1095108K(1864192K), 0.0521484 secs] [Times: user=0.24 sys=0.00, real=0.05 secs] 
4481.041: [GC (Allocation Failure) [PSYoungGen: 411317K->185815K(465920K)] 1328068K->1164714K(1864192K), 0.0506366 secs] [Times: user=0.23 sys=0.00, real=0.05 secs] 
4481.206: [GC (Allocation Failure) [PSYoungGen: 418775K->186421K(465920K)] 1397674K->1224208K(1864192K), 0.0579667 secs] [Times: user=0.29 sys=0.00, real=0.06 secs] 
4482.505: [GC (Allocation Failure) [PSYoungGen: 419381K->90762K(465920K)] 1457168K->1198938K(1864192K), 0.0686503 secs] [Times: user=0.37 sys=0.00, real=0.07 secs] 
4483.657: [GC (Allocation Failure) [PSYoungGen: 323722K->172372K(465920K)] 1431898K->1309208K(1864192K), 0.0470047 secs] [Times: user=0.20 sys=0.00, real=0.05 secs] 
4483.841: [GC (Allocation Failure) [PSYoungGen: 405332K->185014K(465920K)] 1542168K->1375790K(1864192K), 0.0444701 secs] [Times: user=0.20 sys=0.00, real=0.04 secs] 
4483.995: [GC (Allocation Failure) [PSYoungGen: 417974K->187317K(465920K)] 1608750K->1434205K(1864192K), 0.0469650 secs] [Times: user=0.22 sys=0.00, real=0.05 secs] 
4484.962: [GC (Allocation Failure) [PSYoungGen: 420277K->133648K(465920K)] 1667165K->1451276K(1864192K), 0.0515491 secs] [Times: user=0.25 sys=0.01, real=0.05 secs] 
4485.014: [Full GC (Ergonomics) [PSYoungGen: 133648K->0K(465920K)] [ParOldGen: 1317628K->345835K(1398272K)] 1451276K->345835K(1864192K), [Metaspace: 60474K->60474K(1105920K)], 0.6016013 secs] [Times: user=2.65 sys=0.00, real=0.60 secs] 
4488.029: [GC (Allocation Failure) [PSYoungGen: 232960K->129263K(465920K)] 578795K->475099K(1864192K), 0.0532479 secs] [Times: user=0.21 sys=0.00, real=0.06 secs] 
4488.686: [GC (Allocation Failure) [PSYoungGen: 362223K->173108K(465920K)] 708059K->560305K(1864192K), 0.0540607 secs] [Times: user=0.25 sys=0.00, real=0.06 secs] 
4488.878: [GC (Allocation Failure) [PSYoungGen: 406068K->185783K(465920K)] 793265K->633939K(1864192K), 0.0487077 secs] [Times: user=0.23 sys=0.00, real=0.05 secs] 
4489.041: [GC (Allocation Failure) [PSYoungGen: 418743K->186901K(465920K)] 866899K->694201K(1864192K), 0.0572474 secs] [Times: user=0.29 sys=0.00, real=0.05 secs] 
4490.362: [GC (Allocation Failure) [PSYoungGen: 419861K->93147K(465920K)] 927161K->670967K(1864192K), 0.0700951 secs] [Times: user=0.38 sys=0.00, real=0.07 secs] 
4491.994: [GC (Allocation Failure) [PSYoungGen: 326107K->170772K(465920K)] 903927K->777870K(1864192K), 0.0567329 secs] [Times: user=0.25 sys=0.00, real=0.06 secs] 
4492.236: [GC (Allocation Failure) [PSYoungGen: 403732K->192758K(465920K)] 1010830K->853719K(1864192K), 0.0424299 secs] [Times: user=0.19 sys=0.00, real=0.04 secs] 
4492.439: [GC (Allocation Failure) [PSYoungGen: 425718K->188021K(465920K)] 1086679K->904879K(1864192K), 0.0694979 secs] [Times: user=0.34 sys=0.00, real=0.07 secs] 
4493.405: [GC (Allocation Failure) [PSYoungGen: 420981K->151474K(465920K)] 1137839K->938976K(1864192K), 0.0506697 secs] [Times: user=0.25 sys=0.00, real=0.05 secs] 
4494.179: [GC (Allocation Failure) [PSYoungGen: 384434K->118398K(465920K)] 1171936K->953899K(1864192K), 0.1109141 secs] [Times: user=0.60 sys=0.01, real=0.12 secs] 
4495.066: [GC (Allocation Failure) [PSYoungGen: 351358K->176692K(465920K)] 1186859K->1049283K(1864192K), 0.0502245 secs] [Times: user=0.23 sys=0.00, real=0.05 secs] 
4495.245: [GC (Allocation Failure) [PSYoungGen: 409652K->185431K(465920K)] 1282243K->1128321K(1864192K), 0.0494887 secs] [Times: user=0.23 sys=0.01, real=0.05 secs] 
4495.405: [GC (Allocation Failure) [PSYoungGen: 418391K->186869K(465920K)] 1361281K->1188615K(1864192K), 0.0582111 secs] [Times: user=0.29 sys=0.00, real=0.06 secs] 
4496.516: [GC (Allocation Failure) [PSYoungGen: 419829K->94427K(465920K)] 1421575K->1166726K(1864192K), 0.0684405 secs] [Times: user=0.36 sys=0.01, real=0.07 secs] 
4498.552: [GC (Allocation Failure) [PSYoungGen: 327387K->166036K(465920K)] 1399686K->1268275K(1864192K), 0.0730108 secs] [Times: user=0.34 sys=0.00, real=0.07 secs] 
4498.850: [GC (Allocation Failure) [PSYoungGen: 398996K->184470K(465920K)] 1501235K->1338929K(1864192K), 0.0437887 secs] [Times: user=0.19 sys=0.00, real=0.04 secs] 
4499.013: [GC (Allocation Failure) [PSYoungGen: 416000K->181558K(465920K)] 1570460K->1400210K(1864192K), 0.0505352 secs] [Times: user=0.24 sys=0.00, real=0.05 secs] 
4499.943: [GC (Allocation Failure) [PSYoungGen: 414518K->168403K(465920K)] 1633170K->1444742K(1864192K), 0.0586657 secs] [Times: user=0.30 sys=0.00, real=0.06 secs] 
4500.430: [GC (GCLocker Initiated GC) [PSYoungGen: 401363K->105388K(465920K)] 1677702K->1446296K(1864192K), 0.0791520 secs] [Times: user=0.42 sys=0.00, real=0.08 secs] 
4500.510: [Full GC (Ergonomics) [PSYoungGen: 105388K->0K(465920K)] [ParOldGen: 1340907K->122192K(1398272K)] 1446296K->122192K(1864192K), [Metaspace: 60474K->60474K(1105920K)], 0.1685514 secs] [Times: user=0.72 sys=0.00, real=0.16 secs] 
4501.122: [GC (Allocation Failure) [PSYoungGen: 232960K->174197K(465920K)] 363475K->304713K(1864192K), 0.0790028 secs] [Times: user=0.41 sys=0.00, real=0.08 secs] 
4501.318: [GC (Allocation Failure) [PSYoungGen: 407157K->178614K(465920K)] 537673K->364721K(1864192K), 0.1606930 secs] [Times: user=0.90 sys=0.00, real=0.16 secs] 
4501.590: [GC (Allocation Failure) [PSYoungGen: 411574K->184693K(465920K)] 597681K->427784K(1864192K), 0.0560991 secs] [Times: user=0.28 sys=0.00, real=0.05 secs] 
4502.643: [GC (Allocation Failure) [PSYoungGen: 417653K->100476K(465920K)] 660744K->413443K(1864192K), 0.0469057 secs] [Times: user=0.25 sys=0.00, real=0.05 secs] 
4503.154: [GC (Allocation Failure) [PSYoungGen: 333436K->170260K(465920K)] 646403K->515201K(1864192K), 0.0999198 secs] [Times: user=0.50 sys=0.00, real=0.10 secs] 
4503.451: [GC (Allocation Failure) [PSYoungGen: 403220K->184214K(465920K)] 748161K->583078K(1864192K), 0.0434055 secs] [Times: user=0.19 sys=0.00, real=0.04 secs] 
4503.636: [GC (Allocation Failure) [PSYoungGen: 417174K->180214K(465920K)] 816038K->642983K(1864192K), 0.0678732 secs] [Times: user=0.34 sys=0.00, real=0.07 secs] 
4504.567: [GC (Allocation Failure) [PSYoungGen: 412096K->213876K(465920K)] 874864K->734132K(1864192K), 0.0568337 secs] [Times: user=0.29 sys=0.00, real=0.06 secs] 
4505.342: [GC (Allocation Failure) [PSYoungGen: 446836K->99707K(465920K)] 967092K->687188K(1864192K), 0.0977467 secs] [Times: user=0.52 sys=0.01, real=0.09 secs] 
4506.586: [GC (Allocation Failure) [PSYoungGen: 332667K->175669K(465920K)] 920148K->794594K(1864192K), 0.0494688 secs] [Times: user=0.22 sys=0.00, real=0.05 secs] 
4506.836: [GC (Allocation Failure) [PSYoungGen: 408629K->180789K(465920K)] 1027554K->854695K(1864192K), 0.0602341 secs] [Times: user=0.29 sys=0.00, real=0.06 secs] 
4507.023: [GC (Allocation Failure) [PSYoungGen: 413749K->186965K(465920K)] 1087655K->916007K(1864192K), 0.0458469 secs] [Times: user=0.21 sys=0.01, real=0.04 secs] 
4508.053: [GC (Allocation Failure) [PSYoungGen: 419925K->102956K(465920K)] 1148967K->902558K(1864192K), 0.0461031 secs] [Times: user=0.24 sys=0.00, real=0.04 secs] 
4509.042: [GC (Allocation Failure) [PSYoungGen: 335916K->163155K(465920K)] 1135518K->995698K(1864192K), 0.0779423 secs] [Times: user=0.39 sys=0.00, real=0.08 secs] 
4509.302: [GC (Allocation Failure) [PSYoungGen: 396115K->179093K(465920K)] 1228658K->1062583K(1864192K), 0.0419460 secs] [Times: user=0.19 sys=0.00, real=0.04 secs] 
4509.464: [GC (Allocation Failure) [PSYoungGen: 412053K->185719K(465920K)] 1295543K->1132209K(1864192K), 0.0514300 secs] [Times: user=0.25 sys=0.00, real=0.05 secs] 
4509.679: [GC (Allocation Failure) [PSYoungGen: 418679K->186357K(465920K)] 1365169K->1191752K(1864192K), 0.0776878 secs] [Times: user=0.40 sys=0.00, real=0.08 secs] 
4510.740: [GC (Allocation Failure) [PSYoungGen: 419317K->90330K(465920K)] 1424712K->1166101K(1864192K), 0.0431689 secs] [Times: user=0.23 sys=0.00, real=0.04 secs] 
4511.431: [GC (Allocation Failure) [PSYoungGen: 323290K->178709K(465920K)] 1399061K->1283089K(1864192K), 0.0546841 secs] [Times: user=0.25 sys=0.00, real=0.05 secs] 
4511.636: [GC (Allocation Failure) [PSYoungGen: 411669K->184406K(465920K)] 1516049K->1344865K(1864192K), 0.0447110 secs] [Times: user=0.21 sys=0.00, real=0.05 secs] 
4511.854: [GC (Allocation Failure) [PSYoungGen: 417366K->186421K(465920K)] 1577825K->1402817K(1864192K), 0.0690990 secs] [Times: user=0.34 sys=0.00, real=0.07 secs] 
4512.897: [GC (Allocation Failure) [PSYoungGen: 419381K->105452K(465920K)] 1635777K->1392248K(1864192K), 0.0472837 secs] [Times: user=0.25 sys=0.00, real=0.05 secs] 
4514.226: [GC (Allocation Failure) [PSYoungGen: 338412K->161555K(465920K)] 1625208K->1482164K(1864192K), 0.1150364 secs] [Times: user=0.60 sys=0.00, real=0.12 secs] 
4514.341: [Full GC (Ergonomics) [PSYoungGen: 161555K->0K(465920K)] [ParOldGen: 1320608K->180772K(1398272K)] 1482164K->180772K(1864192K), [Metaspace: 60474K->60474K(1105920K)], 0.2453106 secs] [Times: user=1.18 sys=0.00, real=0.24 secs] 
4514.832: [GC (Allocation Failure) [PSYoungGen: 232960K->179029K(465920K)] 413732K->359801K(1864192K), 0.0334100 secs] [Times: user=0.14 sys=0.00, real=0.03 secs] 
4515.041: [GC (Allocation Failure) [PSYoungGen: 411989K->185719K(465920K)] 592761K->429491K(1864192K), 0.0602138 secs] [Times: user=0.28 sys=0.00, real=0.06 secs] 
4515.225: [GC (Allocation Failure) [PSYoungGen: 418679K->186901K(465920K)] 662451K->489489K(1864192K), 0.0557653 secs] [Times: user=0.27 sys=0.00, real=0.06 secs] 
4516.587: [GC (Allocation Failure) [PSYoungGen: 419861K->91786K(465920K)] 722449K->465023K(1864192K), 0.1019363 secs] [Times: user=0.55 sys=0.00, real=0.10 secs] 
4517.534: [GC (Allocation Failure) [PSYoungGen: 324746K->187061K(465920K)] 697983K->589466K(1864192K), 0.0577696 secs] [Times: user=0.26 sys=0.00, real=0.06 secs] 
4517.752: [GC (Allocation Failure) [PSYoungGen: 420021K->181653K(465920K)] 822426K->638591K(1864192K), 0.0420915 secs] [Times: user=0.19 sys=0.00, real=0.04 secs] 
4517.908: [GC (Allocation Failure) [PSYoungGen: 414613K->186549K(465920K)] 871551K->698838K(1864192K), 0.0449745 secs] [Times: user=0.21 sys=0.00, real=0.05 secs] 
4518.901: [GC (Allocation Failure) [PSYoungGen: 419509K->116206K(465920K)] 931798K->698839K(1864192K), 0.0465729 secs] [Times: user=0.23 sys=0.01, real=0.04 secs] 
4519.197: [GC (GCLocker Initiated GC) [PSYoungGen: 349166K->158003K(465920K)] 931799K->778669K(1864192K), 0.0554294 secs] [Times: user=0.28 sys=0.01, real=0.06 secs] 
4519.408: [GC (Allocation Failure) [PSYoungGen: 390963K->184181K(465920K)] 1011796K->854127K(1864192K), 0.0414696 secs] [Times: user=0.18 sys=0.00, real=0.05 secs] 
4519.567: [GC (Allocation Failure) [PSYoungGen: 417141K->181910K(465920K)] 1087087K->915976K(1864192K), 0.0499918 secs] [Times: user=0.22 sys=0.00, real=0.05 secs] 
4519.754: [GC (Allocation Failure) [PSYoungGen: 414870K->186549K(465920K)] 1148936K->978262K(1864192K), 0.0777542 secs] [Times: user=0.40 sys=0.00, real=0.08 secs] 
4521.230: [GC (Allocation Failure) [PSYoungGen: 419509K->88602K(465920K)] 1211222K->950700K(1864192K), 0.1002888 secs] [Times: user=0.56 sys=0.00, real=0.10 secs] 
4522.015: [GC (Allocation Failure) [PSYoungGen: 321562K->175765K(465920K)] 1183660K->1066619K(1864192K), 0.0464293 secs] [Times: user=0.20 sys=0.00, real=0.05 secs] 
4522.250: [GC (Allocation Failure) [PSYoungGen: 408725K->184438K(465920K)] 1299579K->1130152K(1864192K), 0.0614145 secs] [Times: user=0.30 sys=0.00, real=0.06 secs] 
4522.436: [GC (Allocation Failure) [PSYoungGen: 417398K->186805K(465920K)] 1363112K->1188455K(1864192K), 0.0462697 secs] [Times: user=0.22 sys=0.00, real=0.05 secs] 
4523.448: [GC (Allocation Failure) [PSYoungGen: 419765K->116462K(465920K)] 1421415K->1188584K(1864192K), 0.0475718 secs] [Times: user=0.24 sys=0.00, real=0.05 secs] 
4524.966: [GC (Allocation Failure) [PSYoungGen: 349422K->146769K(465920K)] 1421544K->1256008K(1864192K), 0.1336503 secs] [Times: user=0.72 sys=0.00, real=0.14 secs] 
4525.345: [GC (Allocation Failure) [PSYoungGen: 379729K->181109K(465920K)] 1488968K->1336176K(1864192K), 0.0412216 secs] [Times: user=0.19 sys=0.00, real=0.04 secs] 
4525.506: [GC (Allocation Failure) [PSYoungGen: 414069K->185335K(465920K)] 1569136K->1403690K(1864192K), 0.0508324 secs] [Times: user=0.23 sys=0.00, real=0.05 secs] 
4525.669: [GC (Allocation Failure) [PSYoungGen: 418295K->183988K(465920K)] 1636650K->1461080K(1864192K), 0.0589885 secs] [Times: user=0.29 sys=0.00, real=0.06 secs] 
4526.945: [GC (Allocation Failure) [PSYoungGen: 416948K->92443K(465920K)] 1694040K->1438982K(1864192K), 0.0629057 secs] [Times: user=0.33 sys=0.00, real=0.06 secs] 
4527.008: [Full GC (Ergonomics) [PSYoungGen: 92443K->0K(465920K)] [ParOldGen: 1346539K->99326K(1398272K)] 1438982K->99326K(1864192K), [Metaspace: 60474K->60474K(1105920K)], 0.1001344 secs] [Times: user=0.39 sys=0.01, real=0.10 secs] 
4527.719: [GC (Allocation Failure) [PSYoungGen: 232960K->172532K(465920K)] 332286K->271858K(1864192K), 0.0374139 secs] [Times: user=0.14 sys=0.00, real=0.04 secs] 
4527.979: [GC (Allocation Failure) [PSYoungGen: 405492K->184438K(465920K)] 504818K->338064K(1864192K), 0.0558512 secs] [Times: user=0.26 sys=0.00, real=0.05 secs] 
4528.202: [GC (Allocation Failure) [PSYoungGen: 417398K->186741K(465920K)] 571024K->396135K(1864192K), 0.0644605 secs] [Times: user=0.32 sys=0.00, real=0.06 secs] 
4529.288: [GC (Allocation Failure) [PSYoungGen: 419701K->130896K(465920K)] 629095K->410746K(1864192K), 0.0481498 secs] [Times: user=0.24 sys=0.00, real=0.05 secs] 
4530.753: [GC (Allocation Failure) [PSYoungGen: 363856K->138288K(465920K)] 643706K->459626K(1864192K), 0.1606912 secs] [Times: user=0.89 sys=0.00, real=0.16 secs] 
4531.372: [GC (Allocation Failure) [PSYoungGen: 371248K->173236K(465920K)] 692586K->538827K(1864192K), 0.0485418 secs] [Times: user=0.23 sys=0.00, real=0.05 secs] 
4531.541: [GC (Allocation Failure) [PSYoungGen: 406196K->185911K(465920K)] 771787K->612630K(1864192K), 0.0484584 secs] [Times: user=0.22 sys=0.00, real=0.04 secs] 
4531.703: [GC (Allocation Failure) [PSYoungGen: 418871K->186741K(465920K)] 845590K->672652K(1864192K), 0.0572806 secs] [Times: user=0.28 sys=0.00, real=0.06 secs] 
4532.988: [GC (GCLocker Initiated GC) [PSYoungGen: 419701K->96331K(465920K)] 905614K->652436K(1864192K), 0.0690867 secs] [Times: user=0.37 sys=0.00, real=0.07 secs] 
4534.530: [GC (Allocation Failure) [PSYoungGen: 329291K->166420K(465920K)] 885524K->753458K(1864192K), 0.0638577 secs] [Times: user=0.28 sys=0.00, real=0.06 secs] 
4534.778: [GC (Allocation Failure) [PSYoungGen: 399380K->184502K(465920K)] 986418K->823368K(1864192K), 0.0417334 secs] [Times: user=0.19 sys=0.00, real=0.05 secs] 
4534.955: [GC (Allocation Failure) [PSYoungGen: 417462K->187477K(465920K)] 1056328K->882207K(1864192K), 0.0496933 secs] [Times: user=0.23 sys=0.00, real=0.05 secs] 
4535.914: [GC (Allocation Failure) [PSYoungGen: 420437K->142993K(465920K)] 1115167K->908212K(1864192K), 0.0513605 secs] [Times: user=0.24 sys=0.01, real=0.05 secs] 
4537.152: [GC (Allocation Failure) [PSYoungGen: 375953K->124014K(465920K)] 1141172K->934549K(1864192K), 0.1599805 secs] [Times: user=0.89 sys=0.00, real=0.16 secs] 
4537.943: [GC (Allocation Failure) [PSYoungGen: 356974K->178357K(465920K)] 1167509K->1028520K(1864192K), 0.0520123 secs] [Times: user=0.24 sys=0.00, real=0.05 secs] 
4538.124: [GC (Allocation Failure) [PSYoungGen: 411317K->185879K(465920K)] 1261480K->1098242K(1864192K), 0.0500764 secs] [Times: user=0.23 sys=0.00, real=0.05 secs] 
4538.281: [GC (Allocation Failure) [PSYoungGen: 418839K->182292K(465920K)] 1331202K->1153511K(1864192K), 0.0587371 secs] [Times: user=0.29 sys=0.00, real=0.06 secs] 
4539.522: [GC (Allocation Failure) [PSYoungGen: 415252K->94139K(465920K)] 1386471K->1134458K(1864192K), 0.0710936 secs] [Times: user=0.39 sys=0.00, real=0.07 secs] 
4541.785: [GC (GCLocker Initiated GC) [PSYoungGen: 327099K->161907K(465920K)] 1367419K->1231856K(1864192K), 0.0661416 secs] [Times: user=0.30 sys=0.00, real=0.07 secs] 
4542.047: [GC (Allocation Failure) [PSYoungGen: 394867K->184470K(465920K)] 1464855K->1305493K(1864192K), 0.0427330 secs] [Times: user=0.18 sys=0.00, real=0.05 secs] 
4542.242: [GC (Allocation Failure) [PSYoungGen: 413185K->182230K(465920K)] 1534208K->1367310K(1864192K), 0.0648301 secs] [Times: user=0.31 sys=0.00, real=0.06 secs] 
4543.220: [GC (Allocation Failure) [PSYoungGen: 415190K->168179K(401408K)] 1600270K->1411090K(1799680K), 0.0583604 secs] [Times: user=0.29 sys=0.00, real=0.05 secs] 
4543.663: [GC (Allocation Failure) [PSYoungGen: 401139K->105580K(463872K)] 1644050K->1412988K(1862144K), 0.0801698 secs] [Times: user=0.42 sys=0.01, real=0.08 secs] 
4544.329: [GC (Allocation Failure) [PSYoungGen: 337516K->177717K(464896K)] 1644924K->1518590K(1863168K), 0.0562201 secs] [Times: user=0.25 sys=0.01, real=0.06 secs] 
4544.385: [Full GC (Ergonomics) [PSYoungGen: 177717K->0K(464896K)] [ParOldGen: 1340872K->228203K(1398272K)] 1518590K->228203K(1863168K), [Metaspace: 60474K->60474K(1105920K)], 0.2968871 secs] [Times: user=1.41 sys=0.00, real=0.30 secs] 
4544.806: [GC (Allocation Failure) [PSYoungGen: 231936K->183477K(465920K)] 460139K->411681K(1864192K), 0.0260043 secs] [Times: user=0.10 sys=0.00, real=0.03 secs] 
4544.962: [GC (Allocation Failure) [PSYoungGen: 416437K->184244K(465920K)] 644641K->468040K(1864192K), 0.0444698 secs] [Times: user=0.21 sys=0.00, real=0.04 secs] 
4545.959: [GC (Allocation Failure) [PSYoungGen: 417204K->100780K(465920K)] 701000K->454091K(1864192K), 0.0458862 secs] [Times: user=0.24 sys=0.00, real=0.05 secs] 
4548.318: [GC (Allocation Failure) [PSYoungGen: 333740K->162611K(465920K)] 687051K->547864K(1864192K), 0.1075344 secs] [Times: user=0.55 sys=0.00, real=0.11 secs] 
4548.722: [GC (Allocation Failure) [PSYoungGen: 395571K->184630K(465920K)] 780824K->621330K(1864192K), 0.0497627 secs] [Times: user=0.23 sys=0.01, real=0.05 secs] 
4548.928: [GC (Allocation Failure) [PSYoungGen: 417590K->183062K(465920K)] 854290K->683955K(1864192K), 0.0764277 secs] [Times: user=0.38 sys=0.00, real=0.08 secs] 
4549.182: [GC (Allocation Failure) [PSYoungGen: 416022K->218741K(465920K)] 916915K->777993K(1864192K), 0.0547108 secs] [Times: user=0.27 sys=0.00, real=0.05 secs] 
4551.051: [GC (Allocation Failure) [PSYoungGen: 451701K->86442K(465920K)] 1010953K->715766K(1864192K), 0.0809891 secs] [Times: user=0.38 sys=0.01, real=0.08 secs] 
4551.979: [GC (Allocation Failure) [PSYoungGen: 319402K->178677K(465920K)] 948726K->835107K(1864192K), 0.0507617 secs] [Times: user=0.23 sys=0.00, real=0.06 secs] 
4552.172: [GC (Allocation Failure) [PSYoungGen: 411637K->181685K(465920K)] 1068067K->893779K(1864192K), 0.0436592 secs] [Times: user=0.20 sys=0.00, real=0.04 secs] 
4552.379: [GC (Allocation Failure) [PSYoungGen: 414645K->186901K(465920K)] 1126739K->953947K(1864192K), 0.0698582 secs] [Times: user=0.34 sys=0.00, real=0.06 secs] 
4553.400: [GC (GCLocker Initiated GC) [PSYoungGen: 419861K->104332K(465920K)] 1186907K->941822K(1864192K), 0.0454476 secs] [Times: user=0.23 sys=0.01, real=0.04 secs] 
4554.663: [GC (Allocation Failure) [PSYoungGen: 337292K->159283K(465920K)] 1174785K->1030060K(1864192K), 0.1078094 secs] [Times: user=0.56 sys=0.00, real=0.11 secs] 
4555.254: [GC (Allocation Failure) [PSYoungGen: 392243K->181493K(465920K)] 1263020K->1102115K(1864192K), 0.0532722 secs] [Times: user=0.25 sys=0.00, real=0.05 secs] 
4555.427: [GC (Allocation Failure) [PSYoungGen: 414453K->185719K(465920K)] 1335075K->1169788K(1864192K), 0.0518647 secs] [Times: user=0.24 sys=0.00, real=0.05 secs] 
4555.631: [GC (Allocation Failure) [PSYoungGen: 418679K->186549K(465920K)] 1402748K->1229571K(1864192K), 0.0874781 secs] [Times: user=0.45 sys=0.00, real=0.08 secs] 
4556.956: [GC (Allocation Failure) [PSYoungGen: 419509K->88938K(465920K)] 1462531K->1202240K(1864192K), 0.0816645 secs] [Times: user=0.45 sys=0.00, real=0.08 secs] 
4558.077: [GC (Allocation Failure) [PSYoungGen: 321898K->177045K(465920K)] 1435200K->1318096K(1864192K), 0.0512500 secs] [Times: user=0.23 sys=0.00, real=0.05 secs] 
4558.276: [GC (Allocation Failure) [PSYoungGen: 410005K->184406K(465920K)] 1551056K->1381156K(1864192K), 0.0442379 secs] [Times: user=0.20 sys=0.00, real=0.05 secs] 
4558.462: [GC (Allocation Failure) [PSYoungGen: 417366K->186677K(465920K)] 1614116K->1439244K(1864192K), 0.0681022 secs] [Times: user=0.33 sys=0.00, real=0.07 secs] 
4559.510: [GC (Allocation Failure) [PSYoungGen: 419637K->114462K(465920K)] 1672204K->1437596K(1864192K), 0.0479464 secs] [Times: user=0.25 sys=0.00, real=0.04 secs] 
4559.558: [Full GC (Ergonomics) [PSYoungGen: 114462K->0K(465920K)] [ParOldGen: 1323134K->96565K(1398272K)] 1437596K->96565K(1864192K), [Metaspace: 60474K->60474K(1105920K)], 0.0349335 secs] [Times: user=0.10 sys=0.00, real=0.04 secs] 
4560.003: [GC (Allocation Failure) [PSYoungGen: 232960K->157203K(465920K)] 329525K->253768K(1864192K), 0.0405846 secs] [Times: user=0.15 sys=0.00, real=0.04 secs] 
4560.268: [GC (Allocation Failure) [PSYoungGen: 390163K->183925K(465920K)] 486728K->329375K(1864192K), 0.0404996 secs] [Times: user=0.17 sys=0.00, real=0.04 secs] 
4560.427: [GC (Allocation Failure) [PSYoungGen: 416885K->185399K(465920K)] 562335K->394932K(1864192K), 0.0495386 secs] [Times: user=0.23 sys=0.00, real=0.05 secs] 
4560.614: [GC (Allocation Failure) [PSYoungGen: 418359K->183156K(465920K)] 627892K->451522K(1864192K), 0.0772786 secs] [Times: user=0.39 sys=0.00, real=0.08 secs] 
4561.861: [GC (Allocation Failure) [PSYoungGen: 416116K->88618K(465920K)] 684482K->426112K(1864192K), 0.0699199 secs] [Times: user=0.38 sys=0.00, real=0.07 secs] 
4562.674: [GC (Allocation Failure) [PSYoungGen: 321578K->173973K(465920K)] 659072K->539463K(1864192K), 0.0521267 secs] [Times: user=0.23 sys=0.00, real=0.05 secs] 
4562.892: [GC (Allocation Failure) [PSYoungGen: 406933K->184598K(465920K)] 772423K->604940K(1864192K), 0.0435903 secs] [Times: user=0.19 sys=0.00, real=0.04 secs] 
4563.075: [GC (Allocation Failure) [PSYoungGen: 417558K->186933K(465920K)] 837900K->663123K(1864192K), 0.0641366 secs] [Times: user=0.31 sys=0.00, real=0.06 secs] 
4564.156: [GC (Allocation Failure) [PSYoungGen: 419893K->118734K(465920K)] 896083K->665433K(1864192K), 0.0472836 secs] [Times: user=0.24 sys=0.00, real=0.05 secs] 
4566.165: [GC (Allocation Failure) [PSYoungGen: 351694K->144657K(465920K)] 898393K->728971K(1864192K), 0.1404151 secs] [Times: user=0.77 sys=0.00, real=0.14 secs] 
4566.659: [GC (Allocation Failure) [PSYoungGen: 377617K->178165K(465920K)] 961931K->807956K(1864192K), 0.0480017 secs] [Times: user=0.22 sys=0.00, real=0.05 secs] 
4566.827: [GC (Allocation Failure) [PSYoungGen: 411125K->185751K(465920K)] 1040916K->878198K(1864192K), 0.0492404 secs] [Times: user=0.23 sys=0.00, real=0.05 secs] 
4566.990: [GC (Allocation Failure) [PSYoungGen: 418711K->186837K(465920K)] 1111158K->937964K(1864192K), 0.0571779 secs] [Times: user=0.28 sys=0.01, real=0.05 secs] 
4568.187: [GC (Allocation Failure) [PSYoungGen: 419797K->93147K(465920K)] 1170924K->914858K(1864192K), 0.0678449 secs] [Times: user=0.36 sys=0.00, real=0.07 secs] 
4568.750: [GC (Allocation Failure) [PSYoungGen: 326107K->174741K(465920K)] 1147818K->1025809K(1864192K), 0.0378271 secs] [Times: user=0.16 sys=0.00, real=0.03 secs] 
4568.945: [GC (Allocation Failure) [PSYoungGen: 407701K->184374K(465920K)] 1258769K->1090730K(1864192K), 0.0683350 secs] [Times: user=0.33 sys=0.00, real=0.07 secs] 
4569.150: [GC (Allocation Failure) [PSYoungGen: 417334K->183988K(465920K)] 1323690K->1146101K(1864192K), 0.0453463 secs] [Times: user=0.21 sys=0.00, real=0.04 secs] 
4570.131: [GC (Allocation Failure) [PSYoungGen: 416948K->132720K(465920K)] 1379061K->1164381K(1864192K), 0.0493757 secs] [Times: user=0.25 sys=0.00, real=0.05 secs] 
4571.555: [GC (Allocation Failure) [PSYoungGen: 365680K->135520K(465920K)] 1397341K->1209241K(1864192K), 0.1392217 secs] [Times: user=0.76 sys=0.00, real=0.14 secs] 
4572.172: [GC (Allocation Failure) [PSYoungGen: 368480K->175892K(465920K)] 1442201K->1292794K(1864192K), 0.0446227 secs] [Times: user=0.20 sys=0.00, real=0.04 secs] 
4572.361: [GC (Allocation Failure) [PSYoungGen: 408852K->185559K(465920K)] 1525754K->1364000K(1864192K), 0.0636001 secs] [Times: user=0.31 sys=0.00, real=0.06 secs] 
4572.556: [GC (Allocation Failure) [PSYoungGen: 418519K->186677K(465920K)] 1596960K->1424014K(1864192K), 0.0572894 secs] [Times: user=0.28 sys=0.00, real=0.06 secs] 
4574.006: [GC (Allocation Failure) [PSYoungGen: 419637K->91419K(465920K)] 1656974K->1399188K(1864192K), 0.0937460 secs] [Times: user=0.51 sys=0.01, real=0.10 secs] 
4576.254: [GC (Allocation Failure) [PSYoungGen: 324379K->168276K(465920K)] 1632148K->1504802K(1864192K), 0.0555534 secs] [Times: user=0.25 sys=0.00, real=0.05 secs] 
4576.309: [Full GC (Ergonomics) [PSYoungGen: 168276K->0K(465920K)] [ParOldGen: 1336526K->200020K(1398272K)] 1504802K->200020K(1864192K), [Metaspace: 60474K->60474K(1105920K)], 0.2686113 secs] [Times: user=1.28 sys=0.00, real=0.27 secs] 
4576.700: [GC (Allocation Failure) [PSYoungGen: 232960K->182165K(465920K)] 432980K->382186K(1864192K), 0.0271072 secs] [Times: user=0.10 sys=0.00, real=0.02 secs] 
4576.842: [GC (Allocation Failure) [PSYoungGen: 415125K->186933K(465920K)] 615146K->442353K(1864192K), 0.0445206 secs] [Times: user=0.21 sys=0.00, real=0.04 secs] 
4577.768: [GC (Allocation Failure) [PSYoungGen: 419893K->149490K(465920K)] 675313K->475367K(1864192K), 0.0503291 secs] [Times: user=0.24 sys=0.01, real=0.05 secs] 
4578.214: [GC (Allocation Failure) [PSYoungGen: 382450K->123678K(465920K)] 708327K->497083K(1864192K), 0.1338251 secs] [Times: user=0.75 sys=0.00, real=0.13 secs] 
4579.228: [GC (Allocation Failure) [PSYoungGen: 356638K->173844K(465920K)] 730043K->585389K(1864192K), 0.0519538 secs] [Times: user=0.24 sys=0.00, real=0.06 secs] 
4579.466: [GC (Allocation Failure) [PSYoungGen: 406804K->185687K(465920K)] 818349K->658680K(1864192K), 0.0619170 secs] [Times: user=0.30 sys=0.00, real=0.06 secs] 
4579.647: [GC (Allocation Failure) [PSYoungGen: 418647K->184052K(465920K)] 891640K->715846K(1864192K), 0.0581713 secs] [Times: user=0.28 sys=0.00, real=0.06 secs] 
4580.788: [GC (Allocation Failure) [PSYoungGen: 417012K->96939K(465920K)] 948806K->698173K(1864192K), 0.0628942 secs] [Times: user=0.34 sys=0.00, real=0.07 secs] 
4583.368: [GC (GCLocker Initiated GC) [PSYoungGen: 329899K->162291K(465920K)] 931134K->794283K(1864192K), 0.0801683 secs] [Times: user=0.39 sys=0.00, real=0.08 secs] 
4583.647: [GC (Allocation Failure) [PSYoungGen: 395251K->184726K(465920K)] 1027246K->867949K(1864192K), 0.0432758 secs] [Times: user=0.19 sys=0.00, real=0.05 secs] 
4583.860: [GC (Allocation Failure) [PSYoungGen: 417686K->183734K(465920K)] 1100909K->931102K(1864192K), 0.0752555 secs] [Times: user=0.37 sys=0.00, real=0.07 secs] 
4584.833: [GC (Allocation Failure) [PSYoungGen: 416694K->212904K(465920K)] 1164062K->1018735K(1864192K), 0.0491512 secs] [Times: user=0.24 sys=0.00, real=0.05 secs] 
4585.402: [GC (Allocation Failure) [PSYoungGen: 445864K->101804K(465920K)] 1251695K->972435K(1864192K), 0.0772843 secs] [Times: user=0.41 sys=0.01, real=0.07 secs] 
4586.253: [GC (Allocation Failure) [PSYoungGen: 334764K->178069K(465920K)] 1205395K->1080449K(1864192K), 0.0548372 secs] [Times: user=0.25 sys=0.00, real=0.05 secs] 
4586.450: [GC (Allocation Failure) [PSYoungGen: 411029K->182101K(465920K)] 1313409K->1140369K(1864192K), 0.0452451 secs] [Times: user=0.21 sys=0.00, real=0.04 secs] 
4586.638: [GC (Allocation Failure) [PSYoungGen: 415061K->186229K(465920K)] 1373329K->1199905K(1864192K), 0.0650588 secs] [Times: user=0.32 sys=0.00, real=0.07 secs] 
4587.753: [GC (Allocation Failure) [PSYoungGen: 419189K->100572K(465920K)] 1432865K->1184564K(1864192K), 0.0463702 secs] [Times: user=0.23 sys=0.00, real=0.05 secs] 
4589.053: [GC (Allocation Failure) [PSYoungGen: 333532K->166772K(465920K)] 1417524K->1283133K(1864192K), 0.1015084 secs] [Times: user=0.42 sys=0.00, real=0.10 secs] 
4589.375: [GC (Allocation Failure) [PSYoungGen: 399732K->182005K(465920K)] 1516093K->1350534K(1864192K), 0.0433843 secs] [Times: user=0.20 sys=0.00, real=0.04 secs] 
4589.541: [GC (Allocation Failure) [PSYoungGen: 414965K->185815K(465920K)] 1583494K->1417984K(1864192K), 0.0513099 secs] [Times: user=0.24 sys=0.00, real=0.05 secs] 
4589.832: [GC (Allocation Failure) [PSYoungGen: 417243K->216724K(465920K)] 1649412K->1507782K(1864192K), 0.0566260 secs] [Times: user=0.28 sys=0.00, real=0.05 secs] 
4591.248: [GC (Allocation Failure) [PSYoungGen: 449684K->86682K(465920K)] 1740742K->1447075K(1864192K), 0.0928047 secs] [Times: user=0.50 sys=0.00, real=0.10 secs] 
4591.341: [Full GC (Ergonomics) [PSYoungGen: 86682K->0K(465920K)] [ParOldGen: 1360393K->103903K(1398272K)] 1447075K->103903K(1864192K), [Metaspace: 60474K->60474K(1105920K)], 0.1615473 secs] [Times: user=0.69 sys=0.00, real=0.16 secs] 
4592.210: [GC (Allocation Failure) [PSYoungGen: 232960K->176597K(465920K)] 336863K->280500K(1864192K), 0.0376044 secs] [Times: user=0.14 sys=0.00, real=0.03 secs] 
4592.466: [GC (Allocation Failure) [PSYoungGen: 409557K->184214K(465920K)] 513460K->343201K(1864192K), 0.0555863 secs] [Times: user=0.26 sys=0.00, real=0.06 secs] 
4592.643: [GC (Allocation Failure) [PSYoungGen: 417174K->186869K(465920K)] 576161K->401696K(1864192K), 0.0450548 secs] [Times: user=0.21 sys=0.00, real=0.04 secs] 
4593.739: [GC (Allocation Failure) [PSYoungGen: 419829K->105820K(465920K)] 634656K->391296K(1864192K), 0.0452539 secs] [Times: user=0.23 sys=0.00, real=0.04 secs] 
4594.211: [GC (Allocation Failure) [PSYoungGen: 338780K->165684K(465920K)] 624256K->485988K(1864192K), 0.1103579 secs] [Times: user=0.57 sys=0.00, real=0.11 secs] 
4594.553: [GC (Allocation Failure) [PSYoungGen: 398644K->183925K(465920K)] 718948K->555810K(1864192K), 0.0423723 secs] [Times: user=0.19 sys=0.00, real=0.04 secs] 
4594.712: [GC (Allocation Failure) [PSYoungGen: 416885K->182870K(465920K)] 788770K->619039K(1864192K), 0.0486919 secs] [Times: user=0.22 sys=0.00, real=0.05 secs] 
4594.904: [GC (Allocation Failure) [PSYoungGen: 415830K->186005K(465920K)] 851999K->680261K(1864192K), 0.0762719 secs] [Times: user=0.39 sys=0.01, real=0.08 secs] 
4596.340: [GC (GCLocker Initiated GC) [PSYoungGen: 418965K->85818K(465920K)] 913221K->650334K(1864192K), 0.1097225 secs] [Times: user=0.61 sys=0.00, real=0.11 secs] 
4597.170: [GC (Allocation Failure) [PSYoungGen: 318778K->176917K(465920K)] 883425K->769242K(1864192K), 0.0517100 secs] [Times: user=0.23 sys=0.00, real=0.05 secs] 
4597.371: [GC (Allocation Failure) [PSYoungGen: 409877K->184598K(465920K)] 1002202K->832274K(1864192K), 0.0446725 secs] [Times: user=0.20 sys=0.00, real=0.04 secs] 
4597.561: [GC (Allocation Failure) [PSYoungGen: 417558K->186773K(465920K)] 1065234K->890313K(1864192K), 0.0676328 secs] [Times: user=0.34 sys=0.00, real=0.06 secs] 
4598.667: [GC (Allocation Failure) [PSYoungGen: 419733K->110797K(465920K)] 1123273K->884814K(1864192K), 0.0475461 secs] [Times: user=0.24 sys=0.00, real=0.05 secs] 
4599.954: [GC (Allocation Failure) [PSYoungGen: 343757K->158579K(465920K)] 1117774K->968240K(1864192K), 0.1029540 secs] [Times: user=0.53 sys=0.00, real=0.10 secs] 
4600.243: [GC (Allocation Failure) [PSYoungGen: 391539K->178997K(465920K)] 1201200K->1038222K(1864192K), 0.0408429 secs] [Times: user=0.18 sys=0.00, real=0.04 secs] 
4600.403: [GC (Allocation Failure) [PSYoungGen: 411957K->185943K(465920K)] 1271182K->1108088K(1864192K), 0.0497085 secs] [Times: user=0.23 sys=0.00, real=0.05 secs] 
4600.566: [GC (Allocation Failure) [PSYoungGen: 418903K->186773K(465920K)] 1341048K->1168055K(1864192K), 0.0579373 secs] [Times: user=0.29 sys=0.00, real=0.06 secs] 
4601.779: [GC (Allocation Failure) [PSYoungGen: 417895K->91002K(465920K)] 1399177K->1142620K(1864192K), 0.0482692 secs] [Times: user=0.25 sys=0.00, real=0.05 secs] 
4602.495: [GC (Allocation Failure) [PSYoungGen: 323962K->177461K(465920K)] 1375580K->1258028K(1864192K), 0.0498013 secs] [Times: user=0.22 sys=0.00, real=0.05 secs] 
4602.740: [GC (Allocation Failure) [PSYoungGen: 410421K->181685K(465920K)] 1490988K->1317796K(1864192K), 0.0620151 secs] [Times: user=0.29 sys=0.00, real=0.06 secs] 
4602.982: [GC (Allocation Failure) [PSYoungGen: 414645K->186645K(465920K)] 1550756K->1378124K(1864192K), 0.0682124 secs] [Times: user=0.33 sys=0.00, real=0.07 secs] 
4604.012: [GC (Allocation Failure) [PSYoungGen: 419605K->116318K(465920K)] 1611084K->1378229K(1864192K), 0.0490634 secs] [Times: user=0.25 sys=0.00, real=0.05 secs] 
4605.180: [GC (Allocation Failure) [PSYoungGen: 349278K->148049K(465920K)] 1611189K->1447145K(1864192K), 0.1576481 secs] [Times: user=0.87 sys=0.00, real=0.15 secs] 
4605.689: [GC (Allocation Failure) [PSYoungGen: 381009K->178741K(465920K)] 1680105K->1524036K(1864192K), 0.0465303 secs] [Times: user=0.22 sys=0.00, real=0.05 secs] 
4605.736: [Full GC (Ergonomics) [PSYoungGen: 178741K->0K(465920K)] [ParOldGen: 1345295K->242759K(1398272K)] 1524036K->242759K(1864192K), [Metaspace: 60474K->60474K(1105920K)], 0.2981277 secs] [Times: user=1.36 sys=0.01, real=0.30 secs] 
4606.154: [GC (Allocation Failure) [PSYoungGen: 232960K->185847K(465920K)] 475719K->428606K(1864192K), 0.0927028 secs] [Times: user=0.49 sys=0.00, real=0.09 secs] 
4606.359: [GC (Allocation Failure) [PSYoungGen: 418807K->186869K(465920K)] 661566K->488573K(1864192K), 0.0560464 secs] [Times: user=0.28 sys=0.00, real=0.06 secs] 
4607.695: [GC (Allocation Failure) [PSYoungGen: 419829K->96459K(465920K)] 721533K->468811K(1864192K), 0.1007457 secs] [Times: user=0.53 sys=0.00, real=0.10 secs] 
4609.163: [GC (Allocation Failure) [PSYoungGen: 329419K->170868K(465920K)] 701771K->573897K(1864192K), 0.0460986 secs] [Times: user=0.20 sys=0.00, real=0.04 secs] 
4609.347: [GC (Allocation Failure) [PSYoungGen: 403828K->184662K(465920K)] 806857K->641378K(1864192K), 0.0433454 secs] [Times: user=0.19 sys=0.01, real=0.05 secs] 
4609.507: [GC (Allocation Failure) [PSYoungGen: 417622K->186901K(465920K)] 874338K->699674K(1864192K), 0.0512758 secs] [Times: user=0.23 sys=0.00, real=0.05 secs] 
4610.575: [GC (Allocation Failure) [PSYoungGen: 419861K->125455K(465920K)] 932634K->708784K(1864192K), 0.0481215 secs] [Times: user=0.25 sys=0.00, real=0.05 secs] 
4611.182: [GC (Allocation Failure) [PSYoungGen: 358415K->147681K(465920K)] 941744K->770802K(1864192K), 0.1228302 secs] [Times: user=0.65 sys=0.01, real=0.12 secs] 
4611.659: [GC (Allocation Failure) [PSYoungGen: 380641K->174900K(465920K)] 1003762K->842622K(1864192K), 0.0421045 secs] [Times: user=0.18 sys=0.00, real=0.05 secs] 
4611.821: [GC (Allocation Failure) [PSYoungGen: 407860K->185463K(465920K)] 1075582K->914556K(1864192K), 0.0493175 secs] [Times: user=0.23 sys=0.00, real=0.05 secs] 
4611.984: [GC (Allocation Failure) [PSYoungGen: 418423K->186581K(465920K)] 1147516K->974499K(1864192K), 0.0574144 secs] [Times: user=0.28 sys=0.00, real=0.06 secs] 
4613.224: [GC (Allocation Failure) [PSYoungGen: 419541K->92587K(465920K)] 1207459K->951065K(1864192K), 0.0734405 secs] [Times: user=0.40 sys=0.00, real=0.07 secs] 
4614.494: [GC (Allocation Failure) [PSYoungGen: 325547K->173781K(465920K)] 1184025K->1061658K(1864192K), 0.0647180 secs] [Times: user=0.29 sys=0.00, real=0.06 secs] 
4614.738: [GC (Allocation Failure) [PSYoungGen: 406741K->181717K(465920K)] 1294618K->1123906K(1864192K), 0.0438552 secs] [Times: user=0.20 sys=0.00, real=0.05 secs] 
4614.896: [GC (Allocation Failure) [PSYoungGen: 414677K->187317K(465920K)] 1356866K->1184770K(1864192K), 0.0465312 secs] [Times: user=0.22 sys=0.00, real=0.05 secs] 
4615.887: [GC (Allocation Failure) [PSYoungGen: 420277K->139633K(465920K)] 1417730K->1207878K(1864192K), 0.0510061 secs] [Times: user=0.26 sys=0.00, real=0.05 secs] 
4617.355: [GC (Allocation Failure) [PSYoungGen: 372593K->128031K(465920K)] 1440838K->1240516K(1864192K), 0.1796476 secs] [Times: user=1.01 sys=0.00, real=0.18 secs] 
4617.854: [GC (Allocation Failure) [PSYoungGen: 360991K->178261K(465920K)] 1473476K->1331839K(1864192K), 0.0435559 secs] [Times: user=0.20 sys=0.00, real=0.04 secs] 
4618.022: [GC (Allocation Failure) [PSYoungGen: 411221K->185463K(465920K)] 1564799K->1401161K(1864192K), 0.0527552 secs] [Times: user=0.25 sys=0.00, real=0.05 secs] 
4618.193: [GC (Allocation Failure) [PSYoungGen: 418423K->186453K(465920K)] 1634121K->1460959K(1864192K), 0.0610654 secs] [Times: user=0.30 sys=0.00, real=0.06 secs] 
4619.257: [GC (Allocation Failure) [PSYoungGen: 419413K->93371K(465920K)] 1693919K->1438293K(1864192K), 0.0506185 secs] [Times: user=0.27 sys=0.00, real=0.05 secs] 
4619.308: [Full GC (Ergonomics) [PSYoungGen: 93371K->0K(465920K)] [ParOldGen: 1344922K->94554K(1398272K)] 1438293K->94554K(1864192K), [Metaspace: 60474K->60474K(1105920K)], 0.0650929 secs] [Times: user=0.22 sys=0.01, real=0.07 secs] 
4619.807: [GC (Allocation Failure) [PSYoungGen: 232960K->177237K(465920K)] 327514K->271792K(1864192K), 0.0381840 secs] [Times: user=0.13 sys=0.00, real=0.04 secs] 
4619.998: [GC (Allocation Failure) [PSYoungGen: 410197K->180693K(465920K)] 504752K->330672K(1864192K), 0.0417274 secs] [Times: user=0.19 sys=0.00, real=0.05 secs] 
4620.152: [GC (Allocation Failure) [PSYoungGen: 413653K->186453K(465920K)] 563632K->391192K(1864192K), 0.0448792 secs] [Times: user=0.21 sys=0.01, real=0.04 secs] 
4621.094: [GC (Allocation Failure) [PSYoungGen: 419413K->146098K(465920K)] 624152K->421049K(1864192K), 0.0498109 secs] [Times: user=0.24 sys=0.00, real=0.05 secs] 
4621.771: [GC (GCLocker Initiated GC) [PSYoungGen: 379058K->123086K(465920K)] 654009K->444385K(1864192K), 0.1266307 secs] [Times: user=0.70 sys=0.00, real=0.12 secs] 
4622.393: [GC (Allocation Failure) [PSYoungGen: 356046K->175348K(465920K)] 677512K->535795K(1864192K), 0.0477012 secs] [Times: user=0.21 sys=0.00, real=0.05 secs] 
4622.564: [GC (Allocation Failure) [PSYoungGen: 408308K->185495K(465920K)] 768755K->607481K(1864192K), 0.0486739 secs] [Times: user=0.22 sys=0.00, real=0.05 secs] 
4622.727: [GC (Allocation Failure) [PSYoungGen: 418455K->186581K(465920K)] 840441K->667400K(1864192K), 0.0567471 secs] [Times: user=0.28 sys=0.00, real=0.06 secs] 
4623.826: [GC (Allocation Failure) [PSYoungGen: 419541K->94475K(465920K)] 900360K->645730K(1864192K), 0.0444642 secs] [Times: user=0.23 sys=0.00, real=0.05 secs] 
4625.977: [GC (Allocation Failure) [PSYoungGen: 327435K->165972K(465920K)] 878690K->747271K(1864192K), 0.0652170 secs] [Times: user=0.29 sys=0.00, real=0.07 secs] 
4626.267: [GC (Allocation Failure) [PSYoungGen: 398932K->184630K(465920K)] 980231K->818377K(1864192K), 0.0489136 secs] [Times: user=0.23 sys=0.00, real=0.05 secs] 
4626.429: [GC (Allocation Failure) [PSYoungGen: 407790K->176758K(465920K)] 1041538K->874545K(1864192K), 0.0487905 secs] [Times: user=0.23 sys=0.00, real=0.05 secs] 
4627.309: [GC (Allocation Failure) [PSYoungGen: 409718K->169203K(463872K)] 1107505K->923194K(1862144K), 0.0532670 secs] [Times: user=0.27 sys=0.00, real=0.05 secs] 
4627.787: [GC (Allocation Failure) [PSYoungGen: 402163K->107900K(464896K)] 1156154K->926784K(1863168K), 0.0978279 secs] [Times: user=0.52 sys=0.00, real=0.10 secs] 
4628.182: [GC (Allocation Failure) [PSYoungGen: 338153K->175349K(465920K)] 1157037K->1028438K(1864192K), 0.0430300 secs] [Times: user=0.19 sys=0.00, real=0.04 secs] 
4628.431: [GC (Allocation Failure) [PSYoungGen: 408309K->183797K(465920K)] 1261398K->1091898K(1864192K), 0.0618296 secs] [Times: user=0.29 sys=0.00, real=0.06 secs] 
4628.657: [GC (Allocation Failure) [PSYoungGen: 416757K->183636K(465920K)] 1324858K->1147433K(1864192K), 0.0636730 secs] [Times: user=0.31 sys=0.00, real=0.07 secs] 
4629.686: [GC (Allocation Failure) [PSYoungGen: 416596K->100652K(465920K)] 1380393K->1133845K(1864192K), 0.0499304 secs] [Times: user=0.26 sys=0.00, real=0.05 secs] 
4630.366: [GC (Allocation Failure) [PSYoungGen: 333612K->168436K(465920K)] 1366805K->1234194K(1864192K), 0.0969863 secs] [Times: user=0.48 sys=0.00, real=0.10 secs] 
4630.696: [GC (Allocation Failure) [PSYoungGen: 401396K->181685K(465920K)] 1467154K->1300255K(1864192K), 0.0469072 secs] [Times: user=0.21 sys=0.00, real=0.05 secs] 
4630.865: [GC (Allocation Failure) [PSYoungGen: 414645K->185815K(465920K)] 1533215K->1367849K(1864192K), 0.0505260 secs] [Times: user=0.23 sys=0.00, real=0.05 secs] 
4631.363: [GC (Allocation Failure) [PSYoungGen: 417485K->213588K(465920K)] 1599519K->1454662K(1864192K), 0.0555694 secs] [Times: user=0.27 sys=0.00, real=0.05 secs] 
4633.006: [GC (Allocation Failure) [PSYoungGen: 446548K->92523K(465920K)] 1687622K->1401308K(1864192K), 0.1194898 secs] [Times: user=0.65 sys=0.00, real=0.12 secs] 
4634.057: [GC (Allocation Failure) [PSYoungGen: 325483K->175573K(465920K)] 1634268K->1513688K(1864192K), 0.0533969 secs] [Times: user=0.24 sys=0.00, real=0.06 secs] 
4634.110: [Full GC (Ergonomics) [PSYoungGen: 175573K->0K(465920K)] [ParOldGen: 1338114K->222014K(1398272K)] 1513688K->222014K(1864192K), [Metaspace: 60474K->60474K(1105920K)], 0.2715808 secs] [Times: user=1.26 sys=0.00, real=0.27 secs] 
4634.497: [GC (Allocation Failure) [PSYoungGen: 232960K->184822K(465920K)] 454974K->406836K(1864192K), 0.0267326 secs] [Times: user=0.10 sys=0.00, real=0.03 secs] 
4634.667: [GC (Allocation Failure) [PSYoungGen: 417782K->186805K(465920K)] 639796K->464899K(1864192K), 0.0459418 secs] [Times: user=0.22 sys=0.00, real=0.05 secs] 
4635.693: [GC (Allocation Failure) [PSYoungGen: 419765K->102076K(465920K)] 697859K->450638K(1864192K), 0.0444593 secs] [Times: user=0.23 sys=0.00, real=0.04 secs] 
4636.212: [GC (Allocation Failure) [PSYoungGen: 335036K->168372K(465920K)] 683598K->550123K(1864192K), 0.0515699 secs] [Times: user=0.24 sys=0.00, real=0.05 secs] 
4636.489: [GC (Allocation Failure) [PSYoungGen: 401332K->180853K(465920K)] 783083K->615332K(1864192K), 0.0416655 secs] [Times: user=0.18 sys=0.00, real=0.04 secs] 
4636.649: [GC (Allocation Failure) [PSYoungGen: 413813K->182966K(465920K)] 848292K->680398K(1864192K), 0.0486703 secs] [Times: user=0.22 sys=0.00, real=0.05 secs] 
4636.831: [GC (Allocation Failure) [PSYoungGen: 415926K->185909K(465920K)] 913358K->741652K(1864192K), 0.0651306 secs] [Times: user=0.32 sys=0.01, real=0.06 secs] 
4637.988: [GC (Allocation Failure) [PSYoungGen: 418869K->90090K(465920K)] 974612K->715990K(1864192K), 0.0461107 secs] [Times: user=0.24 sys=0.00, real=0.05 secs] 
4638.504: [GC (Allocation Failure) [PSYoungGen: 323050K->182710K(465920K)] 948950K->837154K(1864192K), 0.0465213 secs] [Times: user=0.21 sys=0.00, real=0.05 secs] 
4638.677: [GC (Allocation Failure) [PSYoungGen: 415670K->181685K(465920K)] 1070114K->893246K(1864192K), 0.0429767 secs] [Times: user=0.19 sys=0.00, real=0.05 secs] 
4638.873: [GC (Allocation Failure) [PSYoungGen: 414645K->186293K(465920K)] 1126206K->953113K(1864192K), 0.0678211 secs] [Times: user=0.33 sys=0.00, real=0.07 secs] 
4639.900: [GC (Allocation Failure) [PSYoungGen: 419253K->103436K(465920K)] 1186073K->940649K(1864192K), 0.0452418 secs] [Times: user=0.23 sys=0.00, real=0.04 secs] 
4641.769: [GC (Allocation Failure) [PSYoungGen: 336396K->159635K(465920K)] 1173609K->1029948K(1864192K), 0.1003880 secs] [Times: user=0.52 sys=0.00, real=0.11 secs] 
4642.246: [GC (Allocation Failure) [PSYoungGen: 392595K->181653K(465920K)] 1262908K->1101879K(1864192K), 0.0540791 secs] [Times: user=0.25 sys=0.00, real=0.06 secs] 
4642.461: [GC (Allocation Failure) [PSYoungGen: 414613K->186039K(465920K)] 1334839K->1169768K(1864192K), 0.0677954 secs] [Times: user=0.33 sys=0.00, real=0.06 secs] 
4642.649: [GC (Allocation Failure) [PSYoungGen: 418999K->186645K(465920K)] 1402728K->1229462K(1864192K), 0.0568331 secs] [Times: user=0.28 sys=0.01, real=0.06 secs] 
4643.854: [GC (Allocation Failure) [PSYoungGen: 419605K->90378K(465920K)] 1462422K->1203620K(1864192K), 0.0736738 secs] [Times: user=0.39 sys=0.00, real=0.07 secs] 
4644.631: [GC (Allocation Failure) [PSYoungGen: 323338K->174709K(465920K)] 1436580K->1316387K(1864192K), 0.0527148 secs] [Times: user=0.24 sys=0.00, real=0.05 secs] 
4644.832: [GC (Allocation Failure) [PSYoungGen: 407669K->184438K(465920K)] 1549347K->1381280K(1864192K), 0.0436747 secs] [Times: user=0.20 sys=0.00, real=0.04 secs] 
4645.026: [GC (Allocation Failure) [PSYoungGen: 417398K->183892K(465920K)] 1614240K->1436647K(1864192K), 0.0581797 secs] [Times: user=0.28 sys=0.00, real=0.06 secs] 
4646.060: [GC (Allocation Failure) [PSYoungGen: 416852K->117118K(465920K)] 1669607K->1439305K(1864192K), 0.0478890 secs] [Times: user=0.25 sys=0.00, real=0.04 secs] 
4646.108: [Full GC (Ergonomics) [PSYoungGen: 117118K->0K(465920K)] [ParOldGen: 1322186K->98542K(1398272K)] 1439305K->98542K(1864192K), [Metaspace: 60474K->60474K(1105920K)], 0.0360532 secs] [Times: user=0.10 sys=0.00, real=0.04 secs] 
4646.494: [GC (Allocation Failure) [PSYoungGen: 232960K->156210K(465920K)] 331502K->254752K(1864192K), 0.0366334 secs] [Times: user=0.13 sys=0.00, real=0.04 secs] 
4646.759: [GC (Allocation Failure) [PSYoungGen: 389170K->181237K(465920K)] 487712K->328779K(1864192K), 0.0493996 secs] [Times: user=0.24 sys=0.00, real=0.05 secs] 
4646.927: [GC (Allocation Failure) [PSYoungGen: 414197K->186007K(465920K)] 561739K->397021K(1864192K), 0.0494566 secs] [Times: user=0.22 sys=0.00, real=0.05 secs] 
4647.118: [GC (Allocation Failure) [PSYoungGen: 418967K->186517K(465920K)] 629981K->456563K(1864192K), 0.0789716 secs] [Times: user=0.40 sys=0.00, real=0.08 secs] 
4648.639: [GC (Allocation Failure) [PSYoungGen: 419477K->89786K(465920K)] 689523K->430200K(1864192K), 0.1221120 secs] [Times: user=0.68 sys=0.01, real=0.13 secs] 
4650.463: [GC (Allocation Failure) [PSYoungGen: 322746K->170260K(465920K)] 663160K->539271K(1864192K), 0.0579376 secs] [Times: user=0.22 sys=0.00, real=0.06 secs] 
4650.681: [GC (Allocation Failure) [PSYoungGen: 403220K->184790K(465920K)] 772231K->607137K(1864192K), 0.0427095 secs] [Times: user=0.19 sys=0.01, real=0.04 secs] 
4650.838: [GC (Allocation Failure) [PSYoungGen: 417750K->187061K(465920K)] 840097K->665336K(1864192K), 0.0458088 secs] [Times: user=0.21 sys=0.00, real=0.05 secs] 
4651.840: [GC (Allocation Failure) [PSYoungGen: 420021K->120271K(465920K)] 898296K->669166K(1864192K), 0.0472104 secs] [Times: user=0.24 sys=0.00, real=0.04 secs] 
4652.238: [GC (Allocation Failure) [PSYoungGen: 353231K->151554K(465920K)] 902126K->738657K(1864192K), 0.0658485 secs] [Times: user=0.34 sys=0.00, real=0.07 secs] 
4652.636: [GC (Allocation Failure) [PSYoungGen: 384514K->180245K(465920K)] 971617K->814698K(1864192K), 0.0405203 secs] [Times: user=0.18 sys=0.00, real=0.04 secs] 
4652.796: [GC (Allocation Failure) [PSYoungGen: 413205K->185559K(465920K)] 1047658K->883372K(1864192K), 0.0506577 secs] [Times: user=0.24 sys=0.00, real=0.05 secs] 
4652.958: [GC (Allocation Failure) [PSYoungGen: 418519K->183124K(465920K)] 1116332K->939825K(1864192K), 0.0573496 secs] [Times: user=0.27 sys=0.01, real=0.06 secs] 
4654.366: [GC (Allocation Failure) [PSYoungGen: 416084K->93899K(465920K)] 1172785K->919804K(1864192K), 0.0455203 secs] [Times: user=0.24 sys=0.00, real=0.05 secs] 
4654.753: [GC (Allocation Failure) [PSYoungGen: 326859K->178005K(465920K)] 1152764K->1034063K(1864192K), 0.0340306 secs] [Times: user=0.13 sys=0.00, real=0.03 secs] 
4654.900: [GC (Allocation Failure) [PSYoungGen: 410965K->181909K(465920K)] 1267023K->1093643K(1864192K), 0.0445839 secs] [Times: user=0.21 sys=0.00, real=0.04 secs] 
4655.059: [GC (Allocation Failure) [PSYoungGen: 414869K->186421K(465920K)] 1326603K->1153507K(1864192K), 0.0469490 secs] [Times: user=0.22 sys=0.00, real=0.05 secs] 
4656.132: [GC (Allocation Failure) [PSYoungGen: 419381K->123759K(465920K)] 1386467K->1161301K(1864192K), 0.0490384 secs] [Times: user=0.25 sys=0.00, real=0.05 secs] 
4657.267: [GC (Allocation Failure) [PSYoungGen: 356719K->141489K(465920K)] 1394261K->1218295K(1864192K), 0.1411184 secs] [Times: user=0.77 sys=0.00, real=0.14 secs] 
4657.702: [GC (GCLocker Initiated GC) [PSYoungGen: 374449K->177333K(465920K)] 1451256K->1299585K(1864192K), 0.0404205 secs] [Times: user=0.18 sys=0.00, real=0.04 secs] 
4657.862: [GC (Allocation Failure) [PSYoungGen: 410293K->185719K(465920K)] 1532547K->1378093K(1864192K), 0.0505922 secs] [Times: user=0.24 sys=0.00, real=0.05 secs] 
4658.070: [GC (Allocation Failure) [PSYoungGen: 418679K->186421K(465920K)] 1611053K->1437667K(1864192K), 0.0846555 secs] [Times: user=0.44 sys=0.00, real=0.08 secs] 
4659.277: [GC (Allocation Failure) [PSYoungGen: 419381K->91915K(465920K)] 1670627K->1413409K(1864192K), 0.0620409 secs] [Times: user=0.34 sys=0.00, real=0.06 secs] 
4659.339: [Full GC (Ergonomics) [PSYoungGen: 91915K->0K(465920K)] [ParOldGen: 1321494K->97422K(1398272K)] 1413409K->97422K(1864192K), [Metaspace: 60474K->60474K(1105920K)], 0.0730759 secs] [Times: user=0.28 sys=0.00, real=0.08 secs] 
4660.535: [GC (Allocation Failure) [PSYoungGen: 232960K->172468K(465920K)] 330382K->269891K(1864192K), 0.0469575 secs] [Times: user=0.19 sys=0.00, real=0.05 secs] 
4660.829: [GC (Allocation Failure) [PSYoungGen: 405428K->184758K(465920K)] 502851K->336249K(1864192K), 0.0570948 secs] [Times: user=0.27 sys=0.00, real=0.06 secs] 
4661.036: [GC (Allocation Failure) [PSYoungGen: 417718K->186133K(465920K)] 569209K->393520K(1864192K), 0.0500493 secs] [Times: user=0.24 sys=0.00, real=0.05 secs] 
4661.992: [GC (Allocation Failure) [PSYoungGen: 419093K->135728K(465920K)] 626480K->413388K(1864192K), 0.0484737 secs] [Times: user=0.24 sys=0.00, real=0.05 secs] 
4662.492: [GC (Allocation Failure) [PSYoungGen: 368688K->133312K(465920K)] 646348K->453851K(1864192K), 0.0979317 secs] [Times: user=0.53 sys=0.00, real=0.10 secs] 
4662.916: [GC (Allocation Failure) [PSYoungGen: 366272K->177941K(465920K)] 686811K->540365K(1864192K), 0.0527150 secs] [Times: user=0.24 sys=0.00, real=0.05 secs] 
4663.140: [GC (Allocation Failure) [PSYoungGen: 410901K->185847K(465920K)] 773325K->610627K(1864192K), 0.0583627 secs] [Times: user=0.28 sys=0.00, real=0.05 secs] 
4663.315: [GC (Allocation Failure) [PSYoungGen: 418807K->184020K(465920K)] 843587K->667761K(1864192K), 0.0572267 secs] [Times: user=0.28 sys=0.00, real=0.06 secs] 
4664.513: [GC (Allocation Failure) [PSYoungGen: 416980K->94811K(465920K)] 900721K->648067K(1864192K), 0.0712469 secs] [Times: user=0.39 sys=0.00, real=0.07 secs] 
4666.823: [GC (Allocation Failure) [PSYoungGen: 327771K->165427K(465920K)] 881027K->748624K(1864192K), 0.0652167 secs] [Times: user=0.30 sys=0.00, real=0.06 secs] 
4667.116: [GC (Allocation Failure) [PSYoungGen: 398387K->184726K(465920K)] 981584K->820043K(1864192K), 0.0464786 secs] [Times: user=0.22 sys=0.00, real=0.05 secs] 
4667.277: [GC (Allocation Failure) [PSYoungGen: 417686K->187253K(465920K)] 1053003K->878570K(1864192K), 0.0457980 secs] [Times: user=0.21 sys=0.00, real=0.05 secs] 
4668.254: [GC (Allocation Failure) [PSYoungGen: 420213K->149042K(465920K)] 1111530K->910975K(1864192K), 0.0509550 secs] [Times: user=0.25 sys=0.00, real=0.05 secs] 
4669.017: [GC (GCLocker Initiated GC) [PSYoungGen: 382002K->119614K(465920K)] 1143935K->928691K(1864192K), 0.1635482 secs] [Times: user=0.91 sys=0.01, real=0.17 secs] 
4669.743: [GC (Allocation Failure) [PSYoungGen: 352574K->177172K(465920K)] 1161654K->1023893K(1864192K), 0.0494618 secs] [Times: user=0.22 sys=0.00, real=0.05 secs] 
4669.925: [GC (Allocation Failure) [PSYoungGen: 410132K->184823K(465920K)] 1256853K->1091392K(1864192K), 0.0487177 secs] [Times: user=0.23 sys=0.00, real=0.05 secs] 
4670.087: [GC (Allocation Failure) [PSYoungGen: 417783K->186389K(465920K)] 1324352K->1151574K(1864192K), 0.0561393 secs] [Times: user=0.28 sys=0.00, real=0.06 secs] 
4671.103: [GC (Allocation Failure) [PSYoungGen: 419349K->99788K(465920K)] 1384534K->1135297K(1864192K), 0.0464763 secs] [Times: user=0.24 sys=0.00, real=0.05 secs] 
4673.019: [GC (Allocation Failure) [PSYoungGen: 332748K->162291K(465920K)] 1368257K->1229949K(1864192K), 0.0966031 secs] [Times: user=0.48 sys=0.01, real=0.10 secs] 
4673.312: [GC (Allocation Failure) [PSYoungGen: 395251K->184406K(465920K)] 1462909K->1302932K(1864192K), 0.0430720 secs] [Times: user=0.19 sys=0.00, real=0.04 secs] 
4673.475: [GC (Allocation Failure) [PSYoungGen: 417366K->185815K(465920K)] 1535892K->1368469K(1864192K), 0.0515352 secs] [Times: user=0.24 sys=0.01, real=0.05 secs] 
4674.364: [GC (Allocation Failure) [PSYoungGen: 414199K->189779K(465920K)] 1596854K->1431481K(1864192K), 0.0556528 secs] [Times: user=0.27 sys=0.00, real=0.06 secs] 
4675.580: [GC (Allocation Failure) [PSYoungGen: 422739K->97451K(465920K)] 1664441K->1403810K(1864192K), 0.1038009 secs] [Times: user=0.56 sys=0.01, real=0.10 secs] 
4676.617: [GC (Allocation Failure) [PSYoungGen: 330411K->178613K(465920K)] 1636770K->1515409K(1864192K), 0.0551805 secs] [Times: user=0.25 sys=0.01, real=0.06 secs] 
4676.672: [Full GC (Ergonomics) [PSYoungGen: 178613K->0K(465920K)] [ParOldGen: 1336795K->226139K(1398272K)] 1515409K->226139K(1864192K), [Metaspace: 60474K->60474K(1105920K)], 0.2829514 secs] [Times: user=1.31 sys=0.00, real=0.28 secs] 
4677.076: [GC (Allocation Failure) [PSYoungGen: 232960K->184342K(465920K)] 459099K->410481K(1864192K), 0.0265790 secs] [Times: user=0.09 sys=0.00, real=0.03 secs] 
4677.214: [GC (Allocation Failure) [PSYoungGen: 417302K->186805K(465920K)] 643441K->468832K(1864192K), 0.0456697 secs] [Times: user=0.21 sys=0.00, real=0.05 secs] 
4678.184: [GC (Allocation Failure) [PSYoungGen: 419765K->101004K(465920K)] 701792K->453519K(1864192K), 0.0444994 secs] [Times: user=0.23 sys=0.00, real=0.04 secs] 
4678.651: [GC (GCLocker Initiated GC) [PSYoungGen: 333964K->165396K(465920K)] 686479K->551015K(1864192K), 0.0751943 secs] [Times: user=0.37 sys=0.00, real=0.07 secs] 
4678.897: [GC (Allocation Failure) [PSYoungGen: 398356K->183957K(465920K)] 784270K->621932K(1864192K), 0.0422913 secs] [Times: user=0.19 sys=0.00, real=0.05 secs] 
4679.059: [GC (Allocation Failure) [PSYoungGen: 416917K->186039K(465920K)] 854892K->696113K(1864192K), 0.0501746 secs] [Times: user=0.23 sys=0.00, real=0.05 secs] 
4679.317: [GC (Allocation Failure) [PSYoungGen: 418999K->215892K(465920K)] 929073K->785063K(1864192K), 0.0554215 secs] [Times: user=0.27 sys=0.00, real=0.06 secs] 
4680.547: [GC (Allocation Failure) [PSYoungGen: 448852K->85098K(465920K)] 1018023K->723116K(1864192K), 0.0637647 secs] [Times: user=0.34 sys=0.01, real=0.07 secs] 
4681.787: [GC (Allocation Failure) [PSYoungGen: 318058K->179221K(465920K)] 956076K->844053K(1864192K), 0.0529773 secs] [Times: user=0.23 sys=0.01, real=0.06 secs] 
4681.991: [GC (Allocation Failure) [PSYoungGen: 412181K->185046K(465920K)] 1077013K->906021K(1864192K), 0.0439741 secs] [Times: user=0.20 sys=0.00, real=0.04 secs] 
4682.149: [GC (Allocation Failure) [PSYoungGen: 418006K->186837K(465920K)] 1138981K->964084K(1864192K), 0.0462268 secs] [Times: user=0.21 sys=0.00, real=0.05 secs] 
4683.211: [GC (Allocation Failure) [PSYoungGen: 419797K->103004K(465920K)] 1197044K->950608K(1864192K), 0.0497382 secs] [Times: user=0.26 sys=0.00, real=0.05 secs] 
4684.355: [GC (GCLocker Initiated GC) [PSYoungGen: 335964K->160595K(465920K)] 1183568K->1041847K(1864192K), 0.0832988 secs] [Times: user=0.42 sys=0.00, real=0.08 secs] 
4684.924: [GC (Allocation Failure) [PSYoungGen: 393555K->186773K(465920K)] 1274810K->1118104K(1864192K), 0.0494709 secs] [Times: user=0.22 sys=0.01, real=0.05 secs] 
4685.116: [GC (Allocation Failure) [PSYoungGen: 419733K->185719K(465920K)] 1351064K->1179790K(1864192K), 0.0726255 secs] [Times: user=0.36 sys=0.00, real=0.07 secs] 
4685.322: [GC (Allocation Failure) [PSYoungGen: 418679K->186581K(465920K)] 1412750K->1239516K(1864192K), 0.0577993 secs] [Times: user=0.29 sys=0.00, real=0.06 secs] 
4686.514: [GC (Allocation Failure) [PSYoungGen: 419541K->89882K(465920K)] 1472476K->1213321K(1864192K), 0.0630362 secs] [Times: user=0.33 sys=0.00, real=0.06 secs] 
4686.998: [GC (Allocation Failure) [PSYoungGen: 322842K->181206K(465920K)] 1446281K->1333109K(1864192K), 0.0449622 secs] [Times: user=0.19 sys=0.00, real=0.05 secs] 
4687.172: [GC (Allocation Failure) [PSYoungGen: 414166K->181877K(465920K)] 1566069K->1390557K(1864192K), 0.0442615 secs] [Times: user=0.20 sys=0.00, real=0.04 secs] 
4687.363: [GC (Allocation Failure) [PSYoungGen: 414837K->203093K(465920K)] 1623517K->1466981K(1864192K), 0.0672131 secs] [Times: user=0.33 sys=0.01, real=0.07 secs] 
4688.418: [GC (Allocation Failure) [PSYoungGen: 436053K->112349K(465920K)] 1699941K->1446717K(1864192K), 0.0471842 secs] [Times: user=0.24 sys=0.00, real=0.05 secs] 
4688.465: [Full GC (Ergonomics) [PSYoungGen: 112349K->0K(465920K)] [ParOldGen: 1334367K->95097K(1398272K)] 1446717K->95097K(1864192K), [Metaspace: 60474K->60474K(1105920K)], 0.0350160 secs] [Times: user=0.10 sys=0.00, real=0.04 secs] 
4689.521: [GC (Allocation Failure) [PSYoungGen: 232960K->148977K(465920K)] 328057K->244075K(1864192K), 0.0487656 secs] [Times: user=0.19 sys=0.00, real=0.05 secs] 
4690.200: [GC (Allocation Failure) [PSYoungGen: 381937K->183861K(465920K)] 477035K->325427K(1864192K), 0.0532130 secs] [Times: user=0.25 sys=0.00, real=0.05 secs] 
4690.376: [GC (Allocation Failure) [PSYoungGen: 416821K->182838K(465920K)] 558387K->388500K(1864192K), 0.0491104 secs] [Times: user=0.22 sys=0.00, real=0.05 secs] 
4690.594: [GC (Allocation Failure) [PSYoungGen: 415798K->186613K(465920K)] 621460K->450627K(1864192K), 0.0780364 secs] [Times: user=0.40 sys=0.00, real=0.08 secs] 
4691.837: [GC (Allocation Failure) [PSYoungGen: 419573K->91146K(465920K)] 683587K->425617K(1864192K), 0.0700554 secs] [Times: user=0.37 sys=0.00, real=0.07 secs] 
4693.105: [GC (Allocation Failure) [PSYoungGen: 324106K->174165K(465920K)] 658577K->537367K(1864192K), 0.0632208 secs] [Times: user=0.28 sys=0.00, real=0.06 secs] 
4693.352: [GC (Allocation Failure) [PSYoungGen: 407125K->182965K(465920K)] 770327K->601048K(1864192K), 0.0428054 secs] [Times: user=0.19 sys=0.00, real=0.04 secs] 
4693.542: [GC (Allocation Failure) [PSYoungGen: 415925K->186965K(465920K)] 834008K->660464K(1864192K), 0.0621324 secs] [Times: user=0.30 sys=0.00, real=0.06 secs] 
4694.550: [GC (Allocation Failure) [PSYoungGen: 419925K->126159K(465920K)] 893424K->670174K(1864192K), 0.0477282 secs] [Times: user=0.24 sys=0.00, real=0.04 secs] 
4695.239: [GC (Allocation Failure) [PSYoungGen: 358919K->141457K(465920K)] 902934K->725448K(1864192K), 0.1206680 secs] [Times: user=0.66 sys=0.00, real=0.13 secs] 
4695.626: [GC (Allocation Failure) [PSYoungGen: 374417K->186613K(465920K)] 958408K->815677K(1864192K), 0.0390568 secs] [Times: user=0.17 sys=0.00, real=0.04 secs] 
4695.808: [GC (Allocation Failure) [PSYoungGen: 419573K->185911K(465920K)] 1048637K->877499K(1864192K), 0.0548963 secs] [Times: user=0.26 sys=0.00, real=0.06 secs] 
4696.023: [GC (Allocation Failure) [PSYoungGen: 418871K->182964K(465920K)] 1110459K->933616K(1864192K), 0.0756147 secs] [Times: user=0.38 sys=0.00, real=0.07 secs] 
4697.118: [GC (Allocation Failure) [PSYoungGen: 415924K->93963K(465920K)] 1166576K->913559K(1864192K), 0.0592765 secs] [Times: user=0.31 sys=0.01, real=0.06 secs] 
4698.449: [GC (Allocation Failure) [PSYoungGen: 326923K->170932K(465920K)] 1146519K->1020557K(1864192K), 0.0574636 secs] [Times: user=0.25 sys=0.00, real=0.06 secs] 
4698.673: [GC (Allocation Failure) [PSYoungGen: 403892K->184502K(465920K)] 1253517K->1087919K(1864192K), 0.0434786 secs] [Times: user=0.19 sys=0.00, real=0.04 secs] 
4698.856: [GC (Allocation Failure) [PSYoungGen: 417462K->186901K(465920K)] 1320879K->1146302K(1864192K), 0.0611395 secs] [Times: user=0.29 sys=0.00, real=0.06 secs] 
4699.928: [GC (Allocation Failure) [PSYoungGen: 419861K->136881K(465920K)] 1379262K->1166734K(1864192K), 0.0505053 secs] [Times: user=0.25 sys=0.00, real=0.05 secs] 
4700.908: [GC (Allocation Failure) [PSYoungGen: 369841K->134304K(465920K)] 1399694K->1207685K(1864192K), 0.1704515 secs] [Times: user=0.94 sys=0.01, real=0.17 secs] 
4701.645: [GC (Allocation Failure) [PSYoungGen: 367264K->175060K(465920K)] 1440645K->1290970K(1864192K), 0.0519743 secs] [Times: user=0.24 sys=0.00, real=0.05 secs] 
4701.868: [GC (Allocation Failure) [PSYoungGen: 408020K->182390K(465920K)] 1523930K->1359725K(1864192K), 0.0715667 secs] [Times: user=0.35 sys=0.01, real=0.07 secs] 
4702.068: [GC (Allocation Failure) [PSYoungGen: 415350K->186517K(465920K)] 1592685K->1421963K(1864192K), 0.0591811 secs] [Times: user=0.29 sys=0.00, real=0.06 secs] 
4703.144: [GC (Allocation Failure) [PSYoungGen: 419477K->95179K(465920K)] 1654923K->1400849K(1864192K), 0.0473808 secs] [Times: user=0.25 sys=0.00, real=0.05 secs] 
4703.863: [GC (Allocation Failure) [PSYoungGen: 328139K->172916K(465920K)] 1633809K->1508848K(1864192K), 0.0490391 secs] [Times: user=0.21 sys=0.01, real=0.05 secs] 
4703.912: [Full GC (Ergonomics) [PSYoungGen: 172916K->0K(465920K)] [ParOldGen: 1335931K->203967K(1398272K)] 1508848K->203967K(1864192K), [Metaspace: 60474K->60474K(1105920K)], 0.2331279 secs] [Times: user=1.08 sys=0.00, real=0.23 secs] 
4704.286: [GC (Allocation Failure) [PSYoungGen: 232960K->181493K(465920K)] 436927K->385461K(1864192K), 0.0273281 secs] [Times: user=0.10 sys=0.00, real=0.03 secs] 
4704.442: [GC (Allocation Failure) [PSYoungGen: 414453K->187221K(465920K)] 618421K->446556K(1864192K), 0.0444810 secs] [Times: user=0.20 sys=0.00, real=0.04 secs] 
4705.361: [GC (Allocation Failure) [PSYoungGen: 420181K->147986K(465920K)] 679516K->477954K(1864192K), 0.0500525 secs] [Times: user=0.25 sys=0.00, real=0.05 secs] 
4706.514: [GC (Allocation Failure) [PSYoungGen: 380946K->121470K(465920K)] 710914K->498366K(1864192K), 0.1712807 secs] [Times: user=0.96 sys=0.00, real=0.17 secs] 
4707.288: [GC (Allocation Failure) [PSYoungGen: 354430K->177493K(465920K)] 731326K->592909K(1864192K), 0.0504926 secs] [Times: user=0.23 sys=0.00, real=0.05 secs] 
4707.527: [GC (Allocation Failure) [PSYoungGen: 410453K->185111K(465920K)] 825869K->662847K(1864192K), 0.0709197 secs] [Times: user=0.35 sys=0.00, real=0.07 secs] 
4707.720: [GC (Allocation Failure) [PSYoungGen: 418071K->186645K(465920K)] 895807K->723093K(1864192K), 0.0577098 secs] [Times: user=0.29 sys=0.00, real=0.05 secs] 
4708.705: [GC (Allocation Failure) [PSYoungGen: 419605K->94939K(465920K)] 956053K->701712K(1864192K), 0.0492553 secs] [Times: user=0.26 sys=0.00, real=0.05 secs] 
4710.622: [GC (Allocation Failure) [PSYoungGen: 327899K->165972K(465920K)] 934672K->802965K(1864192K), 0.0635086 secs] [Times: user=0.29 sys=0.00, real=0.06 secs] 
4710.901: [GC (Allocation Failure) [PSYoungGen: 398932K->184406K(465920K)] 1035925K->873747K(1864192K), 0.0449311 secs] [Times: user=0.20 sys=0.00, real=0.04 secs] 
4711.058: [GC (Allocation Failure) [PSYoungGen: 410422K->177558K(465920K)] 1099764K->930883K(1864192K), 0.0493668 secs] [Times: user=0.23 sys=0.00, real=0.05 secs] 
4712.017: [GC (Allocation Failure) [PSYoungGen: 410518K->168915K(463872K)] 1163843K->978736K(1862144K), 0.0566573 secs] [Times: user=0.29 sys=0.00, real=0.06 secs] 
4712.601: [GC (Allocation Failure) [PSYoungGen: 401875K->108636K(464896K)] 1211696K->983194K(1863168K), 0.0894790 secs] [Times: user=0.48 sys=0.01, real=0.09 secs] 
4713.153: [GC (Allocation Failure) [PSYoungGen: 341596K->187413K(465920K)] 1216154K->1096247K(1864192K), 0.0519257 secs] [Times: user=0.24 sys=0.00, real=0.05 secs] 
4713.334: [GC (GCLocker Initiated GC) [PSYoungGen: 420373K->181366K(465920K)] 1329207K->1153013K(1864192K), 0.0519152 secs] [Times: user=0.24 sys=0.00, real=0.05 secs] 
4713.496: [GC (Allocation Failure) [PSYoungGen: 414326K->186741K(465920K)] 1386012K->1215914K(1864192K), 0.0600380 secs] [Times: user=0.30 sys=0.00, real=0.06 secs] 
4714.545: [GC (Allocation Failure) [PSYoungGen: 419701K->94219K(465920K)] 1448874K->1193833K(1864192K), 0.0493213 secs] [Times: user=0.26 sys=0.00, real=0.05 secs] 
4715.151: [GC (Allocation Failure) [PSYoungGen: 327179K->170452K(465920K)] 1426793K->1300519K(1864192K), 0.0501559 secs] [Times: user=0.23 sys=0.00, real=0.05 secs] 
4715.318: [GC (Allocation Failure) [PSYoungGen: 403374K->184534K(465920K)] 1533441K->1368052K(1864192K), 0.0444413 secs] [Times: user=0.20 sys=0.00, real=0.05 secs] 
4715.518: [GC (Allocation Failure) [PSYoungGen: 417494K->185559K(465920K)] 1601012K->1433181K(1864192K), 0.0804126 secs] [Times: user=0.40 sys=0.00, real=0.08 secs] 
4716.383: [GC (Allocation Failure) [PSYoungGen: 415100K->207443K(465920K)] 1662722K->1513961K(1864192K), 0.0586700 secs] [Times: user=0.30 sys=0.00, real=0.06 secs] 
4717.662: [GC (Allocation Failure) [PSYoungGen: 440403K->99419K(465920K)] 1746921K->1470950K(1864192K), 0.1153681 secs] [Times: user=0.63 sys=0.01, real=0.11 secs] 
4717.777: [Full GC (Ergonomics) [PSYoungGen: 99419K->0K(465920K)] [ParOldGen: 1371530K->116598K(1398272K)] 1470950K->116598K(1864192K), [Metaspace: 60474K->60474K(1105920K)], 0.1843169 secs] [Times: user=0.81 sys=0.00, real=0.19 secs] 
4718.402: [GC (Allocation Failure) [PSYoungGen: 232960K->179317K(465920K)] 349558K->295916K(1864192K), 0.0270628 secs] [Times: user=0.10 sys=0.00, real=0.02 secs] 
4718.546: [GC (Allocation Failure) [PSYoungGen: 412277K->184790K(465920K)] 528876K->357512K(1864192K), 0.0415132 secs] [Times: user=0.18 sys=0.00, real=0.04 secs] 
4718.701: [GC (Allocation Failure) [PSYoungGen: 417750K->186805K(465920K)] 590472K->415447K(1864192K), 0.0449555 secs] [Times: user=0.21 sys=0.00, real=0.04 secs] 
4719.802: [GC (Allocation Failure) [PSYoungGen: 419765K->96715K(465920K)] 648407K->395934K(1864192K), 0.0432860 secs] [Times: user=0.22 sys=0.00, real=0.04 secs] 
4720.417: [GC (Allocation Failure) [PSYoungGen: 329675K->168468K(465920K)] 628894K->499763K(1864192K), 0.0747616 secs] [Times: user=0.37 sys=0.01, real=0.08 secs] 
4720.699: [GC (Allocation Failure) [PSYoungGen: 401428K->184406K(465920K)] 732723K->568229K(1864192K), 0.0509276 secs] [Times: user=0.24 sys=0.00, real=0.06 secs] 
4720.887: [GC (Allocation Failure) [PSYoungGen: 417366K->183062K(465920K)] 801189K->631098K(1864192K), 0.0520699 secs] [Times: user=0.25 sys=0.00, real=0.06 secs] 
4721.218: [GC (Allocation Failure) [PSYoungGen: 416022K->215924K(465920K)] 864058K->722096K(1864192K), 0.0537256 secs] [Times: user=0.26 sys=0.00, real=0.06 secs] 
4722.194: [GC (Allocation Failure) [PSYoungGen: 448884K->94378K(465920K)] 955056K->669350K(1864192K), 0.0689088 secs] [Times: user=0.33 sys=0.00, real=0.07 secs] 
4722.544: [GC (Allocation Failure) [PSYoungGen: 327338K->182678K(465920K)] 902310K->786838K(1864192K), 0.0339094 secs] [Times: user=0.14 sys=0.00, real=0.03 secs] 
4722.689: [GC (Allocation Failure) [PSYoungGen: 415638K->181813K(465920K)] 1019798K->842994K(1864192K), 0.0437355 secs] [Times: user=0.19 sys=0.01, real=0.05 secs] 
4722.875: [GC (Allocation Failure) [PSYoungGen: 414773K->186869K(465920K)] 1075954K->903313K(1864192K), 0.0632427 secs] [Times: user=0.31 sys=0.00, real=0.06 secs] 
4723.894: [GC (Allocation Failure) [PSYoungGen: 419829K->101100K(465920K)] 1136273K->888200K(1864192K), 0.0455461 secs] [Times: user=0.24 sys=0.00, real=0.04 secs] 
4725.561: [GC (Allocation Failure) [PSYoungGen: 334060K->161651K(465920K)] 1121160K->980932K(1864192K), 0.0914533 secs] [Times: user=0.46 sys=0.00, real=0.09 secs] 
4725.998: [GC (Allocation Failure) [PSYoungGen: 394611K->184534K(465920K)] 1213892K->1054539K(1864192K), 0.0463537 secs] [Times: user=0.21 sys=0.00, real=0.05 secs] 
4726.161: [GC (Allocation Failure) [PSYoungGen: 417494K->183254K(465920K)] 1287499K->1117348K(1864192K), 0.0503200 secs] [Times: user=0.24 sys=0.00, real=0.05 secs] 
4726.325: [GC (Allocation Failure) [PSYoungGen: 416214K->186805K(465920K)] 1350308K->1179298K(1864192K), 0.0557896 secs] [Times: user=0.27 sys=0.00, real=0.06 secs] 
4727.887: [GC (Allocation Failure) [PSYoungGen: 419765K->87578K(465920K)] 1412258K->1150583K(1864192K), 0.1011120 secs] [Times: user=0.55 sys=0.00, real=0.10 secs] 
4728.557: [GC (Allocation Failure) [PSYoungGen: 320538K->181494K(465920K)] 1383543K->1272304K(1864192K), 0.0475969 secs] [Times: user=0.20 sys=0.00, real=0.05 secs] 
4728.734: [GC (Allocation Failure) [PSYoungGen: 414454K->184374K(465920K)] 1505264K->1331672K(1864192K), 0.0446207 secs] [Times: user=0.20 sys=0.00, real=0.04 secs] 
4728.914: [GC (Allocation Failure) [PSYoungGen: 417334K->232916K(465920K)] 1564632K->1438567K(1864192K), 0.0509721 secs] [Times: user=0.24 sys=0.00, real=0.05 secs] 
4729.931: [GC (Allocation Failure) [PSYoungGen: 465876K->103020K(465920K)] 1671527K->1379135K(1864192K), 0.0462248 secs] [Times: user=0.24 sys=0.00, real=0.04 secs] 
4730.874: [GC (Allocation Failure) [PSYoungGen: 335980K->159411K(465920K)] 1612095K->1468363K(1864192K), 0.1254179 secs] [Times: user=0.66 sys=0.00, real=0.12 secs] 
4730.999: [Full GC (Ergonomics) [PSYoungGen: 159411K->0K(465920K)] [ParOldGen: 1308951K->178312K(1398272K)] 1468363K->178312K(1864192K), [Metaspace: 60474K->60474K(1105920K)], 0.2366699 secs] [Times: user=1.15 sys=0.00, real=0.23 secs] 
4731.499: [GC (Allocation Failure) [PSYoungGen: 232960K->181653K(465920K)] 411272K->359965K(1864192K), 0.0331446 secs] [Times: user=0.13 sys=0.00, real=0.04 secs] 
4731.673: [GC (Allocation Failure) [PSYoungGen: 414613K->185815K(465920K)] 592925K->427575K(1864192K), 0.0439801 secs] [Times: user=0.20 sys=0.00, real=0.04 secs] 
4731.835: [GC (Allocation Failure) [PSYoungGen: 418775K->186645K(465920K)] 660535K->487429K(1864192K), 0.0548446 secs] [Times: user=0.27 sys=0.00, real=0.06 secs] 
4733.209: [GC (Allocation Failure) [PSYoungGen: 419605K->88650K(465920K)] 720389K->459962K(1864192K), 0.0782668 secs] [Times: user=0.43 sys=0.00, real=0.08 secs] 
4734.949: [GC (Allocation Failure) [PSYoungGen: 321610K->173204K(465920K)] 692922K->571930K(1864192K), 0.0508558 secs] [Times: user=0.22 sys=0.00, real=0.06 secs] 
4735.208: [GC (Allocation Failure) [PSYoungGen: 406164K->184566K(465920K)] 804890K->637907K(1864192K), 0.0588281 secs] [Times: user=0.28 sys=0.00, real=0.06 secs] 
4735.387: [GC (Allocation Failure) [PSYoungGen: 417526K->186869K(465920K)] 870867K->696138K(1864192K), 0.0459740 secs] [Times: user=0.21 sys=0.00, real=0.05 secs] 
4736.428: [GC (Allocation Failure) [PSYoungGen: 419829K->116494K(465920K)] 929098K->696399K(1864192K), 0.0469482 secs] [Times: user=0.24 sys=0.00, real=0.05 secs] 
4736.778: [GC (Allocation Failure) [PSYoungGen: 349454K->149169K(465920K)] 929359K->766788K(1864192K), 0.0599154 secs] [Times: user=0.30 sys=0.01, real=0.06 secs] 
4737.162: [GC (Allocation Failure) [PSYoungGen: 382129K->183253K(465920K)] 999748K->847432K(1864192K), 0.0656530 secs] [Times: user=0.32 sys=0.00, real=0.06 secs] 
4737.436: [GC (GCLocker Initiated GC) [PSYoungGen: 416213K->180566K(465920K)] 1080392K->908621K(1864192K), 0.0674740 secs] [Times: user=0.33 sys=0.00, real=0.07 secs] 
4737.618: [GC (Allocation Failure) [PSYoungGen: 413526K->186293K(465920K)] 1141748K->972194K(1864192K), 0.0560766 secs] [Times: user=0.28 sys=0.00, real=0.06 secs] 
4738.718: [GC (Allocation Failure) [PSYoungGen: 419253K->93531K(465920K)] 1205154K->949656K(1864192K), 0.0488995 secs] [Times: user=0.26 sys=0.00, real=0.05 secs] 
4739.496: [GC (Allocation Failure) [PSYoungGen: 326491K->174293K(465920K)] 1182616K->1060167K(1864192K), 0.0615463 secs] [Times: user=0.28 sys=0.01, real=0.06 secs] 
4739.728: [GC (Allocation Failure) [PSYoungGen: 407253K->184566K(465920K)] 1293127K->1125120K(1864192K), 0.0436958 secs] [Times: user=0.20 sys=0.00, real=0.05 secs] 
4739.885: [GC (Allocation Failure) [PSYoungGen: 417526K->186869K(465920K)] 1358080K->1183448K(1864192K), 0.0464219 secs] [Times: user=0.22 sys=0.00, real=0.05 secs] 
4740.897: [GC (Allocation Failure) [PSYoungGen: 419829K->125455K(465920K)] 1416408K->1192590K(1864192K), 0.0487331 secs] [Times: user=0.25 sys=0.00, real=0.05 secs] 
4742.210: [GC (Allocation Failure) [PSYoungGen: 358415K->141793K(465920K)] 1425550K->1248591K(1864192K), 0.1466968 secs] [Times: user=0.81 sys=0.00, real=0.14 secs] 
4743.033: [GC (Allocation Failure) [PSYoungGen: 374753K->174772K(465920K)] 1481551K->1326432K(1864192K), 0.0563712 secs] [Times: user=0.27 sys=0.00, real=0.05 secs] 
4743.223: [GC (Allocation Failure) [PSYoungGen: 407732K->185687K(465920K)] 1559392K->1398722K(1864192K), 0.0523677 secs] [Times: user=0.25 sys=0.00, real=0.05 secs] 
4743.428: [GC (Allocation Failure) [PSYoungGen: 418647K->186581K(465920K)] 1631682K->1458641K(1864192K), 0.0869736 secs] [Times: user=0.45 sys=0.00, real=0.09 secs] 
4744.478: [GC (Allocation Failure) [PSYoungGen: 419541K->93771K(465920K)] 1691601K->1436295K(1864192K), 0.0475451 secs] [Times: user=0.24 sys=0.00, real=0.05 secs] 
4744.526: [Full GC (Ergonomics) [PSYoungGen: 93771K->0K(465920K)] [ParOldGen: 1342523K->98351K(1398272K)] 1436295K->98351K(1864192K), [Metaspace: 60474K->60474K(1105920K)], 0.0732210 secs] [Times: user=0.28 sys=0.01, real=0.07 secs] 
4745.674: [GC (Allocation Failure) [PSYoungGen: 232960K->168916K(465920K)] 331311K->267267K(1864192K), 0.0376932 secs] [Times: user=0.14 sys=0.00, real=0.04 secs] 
4745.875: [GC (Allocation Failure) [PSYoungGen: 401876K->184342K(465920K)] 500227K->336033K(1864192K), 0.0416724 secs] [Times: user=0.18 sys=0.00, real=0.04 secs] 
4746.053: [GC (Allocation Failure) [PSYoungGen: 417302K->184020K(465920K)] 568993K->391552K(1864192K), 0.0594127 secs] [Times: user=0.29 sys=0.00, real=0.06 secs] 
4747.039: [GC (Allocation Failure) [PSYoungGen: 416980K->142897K(465920K)] 624512K->419781K(1864192K), 0.0492780 secs] [Times: user=0.24 sys=0.00, real=0.05 secs] 
4747.645: [GC (Allocation Failure) [PSYoungGen: 375857K->132335K(465920K)] 652741K->454427K(1864192K), 0.1162030 secs] [Times: user=0.63 sys=0.00, real=0.12 secs] 
4748.082: [GC (Allocation Failure) [PSYoungGen: 365295K->178069K(465920K)] 687387K->541889K(1864192K), 0.0379095 secs] [Times: user=0.17 sys=0.00, real=0.04 secs] 
4748.279: [GC (GCLocker Initiated GC) [PSYoungGen: 411029K->183254K(465920K)] 774852K->609717K(1864192K), 0.0804106 secs] [Times: user=0.40 sys=0.00, real=0.09 secs] 
4748.495: [GC (Allocation Failure) [PSYoungGen: 416214K->203061K(465920K)] 842678K->687605K(1864192K), 0.0559150 secs] [Times: user=0.27 sys=0.00, real=0.06 secs] 
4749.568: [GC (Allocation Failure) [PSYoungGen: 436021K->90378K(465920K)] 920565K->645414K(1864192K), 0.0602003 secs] [Times: user=0.32 sys=0.00, real=0.06 secs] 
4751.318: [GC (Allocation Failure) [PSYoungGen: 323338K->175317K(465920K)] 878374K->758998K(1864192K), 0.0565186 secs] [Times: user=0.25 sys=0.00, real=0.06 secs] 
4751.543: [GC (Allocation Failure) [PSYoungGen: 408277K->181781K(465920K)] 991958K->820318K(1864192K), 0.0427694 secs] [Times: user=0.19 sys=0.00, real=0.04 secs] 
4751.699: [GC (Allocation Failure) [PSYoungGen: 414741K->203733K(465920K)] 1053278K->897446K(1864192K), 0.0454301 secs] [Times: user=0.21 sys=0.00, real=0.05 secs] 
4752.689: [GC (Allocation Failure) [PSYoungGen: 436693K->147442K(465920K)] 1130406K->911891K(1864192K), 0.0509334 secs] [Times: user=0.25 sys=0.00, real=0.06 secs] 
4753.420: [GC (Allocation Failure) [PSYoungGen: 380402K->124382K(465920K)] 1144851K->935503K(1864192K), 0.1636770 secs] [Times: user=0.91 sys=0.01, real=0.16 secs] 
4753.832: [GC (Allocation Failure) [PSYoungGen: 357342K->177781K(465920K)] 1168463K->1028354K(1864192K), 0.0378874 secs] [Times: user=0.17 sys=0.00, real=0.04 secs] 
4754.017: [GC (Allocation Failure) [PSYoungGen: 410741K->185719K(465920K)] 1261314K->1106709K(1864192K), 0.0557747 secs] [Times: user=0.27 sys=0.00, real=0.06 secs] 
4754.227: [GC (Allocation Failure) [PSYoungGen: 418679K->186357K(465920K)] 1339669K->1166555K(1864192K), 0.0592189 secs] [Times: user=0.29 sys=0.00, real=0.06 secs] 
4755.262: [GC (Allocation Failure) [PSYoungGen: 419317K->93291K(465920K)] 1399515K->1143705K(1864192K), 0.0443175 secs] [Times: user=0.23 sys=0.00, real=0.04 secs] 
4756.595: [GC (Allocation Failure) [PSYoungGen: 326251K->170868K(465920K)] 1376665K->1250535K(1864192K), 0.0629217 secs] [Times: user=0.28 sys=0.00, real=0.06 secs] 
4756.837: [GC (Allocation Failure) [PSYoungGen: 403828K->182037K(465920K)] 1483495K->1315272K(1864192K), 0.0443784 secs] [Times: user=0.21 sys=0.00, real=0.05 secs] 
4756.993: [GC (Allocation Failure) [PSYoungGen: 399578K->173237K(465920K)] 1532813K->1370224K(1864192K), 0.0498393 secs] [Times: user=0.23 sys=0.00, real=0.05 secs] 
4758.016: [GC (Allocation Failure) [PSYoungGen: 406197K->168595K(465920K)] 1603184K->1420610K(1864192K), 0.0556731 secs] [Times: user=0.28 sys=0.00, real=0.06 secs] 
4759.080: [GC (Allocation Failure) [PSYoungGen: 401555K->100460K(465920K)] 1653570K->1417075K(1864192K), 0.0965873 secs] [Times: user=0.51 sys=0.00, real=0.09 secs] 
4759.177: [Full GC (Ergonomics) [PSYoungGen: 100460K->0K(465920K)] [ParOldGen: 1316615K->117725K(1398272K)] 1417075K->117725K(1864192K), [Metaspace: 60474K->60474K(1105920K)], 0.1810828 secs] [Times: user=0.79 sys=0.00, real=0.18 secs] 
4760.405: [GC (Allocation Failure) [PSYoungGen: 232960K->175701K(465920K)] 350685K->293427K(1864192K), 0.0339067 secs] [Times: user=0.13 sys=0.00, real=0.03 secs] 
4760.644: [GC (Allocation Failure) [PSYoungGen: 408661K->184918K(465920K)] 526387K->357775K(1864192K), 0.0533507 secs] [Times: user=0.25 sys=0.00, real=0.05 secs] 
4760.836: [GC (Allocation Failure) [PSYoungGen: 417878K->186933K(465920K)] 590735K->415955K(1864192K), 0.0630244 secs] [Times: user=0.30 sys=0.00, real=0.07 secs] 
4761.899: [GC (Allocation Failure) [PSYoungGen: 419893K->100140K(465920K)] 648915K->399526K(1864192K), 0.0444775 secs] [Times: user=0.23 sys=0.00, real=0.05 secs] 
4762.846: [GC (Allocation Failure) [PSYoungGen: 333100K->166804K(465920K)] 632486K->498202K(1864192K), 0.1081752 secs] [Times: user=0.55 sys=0.00, real=0.11 secs] 
4763.147: [GC (Allocation Failure) [PSYoungGen: 399764K->181397K(465920K)] 731162K->565124K(1864192K), 0.0419798 secs] [Times: user=0.18 sys=0.00, real=0.05 secs] 
4763.355: [GC (Allocation Failure) [PSYoungGen: 414357K->182678K(465920K)] 798084K->629477K(1864192K), 0.0769270 secs] [Times: user=0.38 sys=0.01, real=0.08 secs] 
4763.616: [GC (Allocation Failure) [PSYoungGen: 415638K->186293K(465920K)] 862437K->691308K(1864192K), 0.0735570 secs] [Times: user=0.37 sys=0.00, real=0.08 secs] 
4765.065: [GC (Allocation Failure) [PSYoungGen: 419253K->91306K(465920K)] 924268K->666817K(1864192K), 0.0844308 secs] [Times: user=0.46 sys=0.01, real=0.09 secs] 
4766.274: [GC (Allocation Failure) [PSYoungGen: 324266K->174357K(465920K)] 899777K->778296K(1864192K), 0.0545346 secs] [Times: user=0.25 sys=0.00, real=0.05 secs] 
4766.493: [GC (Allocation Failure) [PSYoungGen: 407317K->184854K(465920K)] 1011256K->843645K(1864192K), 0.0430745 secs] [Times: user=0.19 sys=0.00, real=0.04 secs] 
4766.711: [GC (Allocation Failure) [PSYoungGen: 417814K->186773K(465920K)] 1076605K->901821K(1864192K), 0.0686179 secs] [Times: user=0.33 sys=0.00, real=0.06 secs] 
4767.792: [GC (Allocation Failure) [PSYoungGen: 419733K->102988K(465920K)] 1134781K->888476K(1864192K), 0.0449686 secs] [Times: user=0.23 sys=0.00, real=0.04 secs] 
4769.411: [GC (Allocation Failure) [PSYoungGen: 335948K->161459K(465920K)] 1121436K->980408K(1864192K), 0.1192035 secs] [Times: user=0.62 sys=0.00, real=0.12 secs] 
4769.785: [GC (Allocation Failure) [PSYoungGen: 394419K->183797K(465920K)] 1213368K->1053098K(1864192K), 0.0437491 secs] [Times: user=0.19 sys=0.00, real=0.04 secs] 
4769.945: [GC (Allocation Failure) [PSYoungGen: 416757K->186135K(465920K)] 1286058K->1119588K(1864192K), 0.0508443 secs] [Times: user=0.24 sys=0.00, real=0.05 secs] 
4770.106: [GC (Allocation Failure) [PSYoungGen: 419095K->186549K(465920K)] 1352548K->1179058K(1864192K), 0.0574592 secs] [Times: user=0.28 sys=0.00, real=0.06 secs] 
4771.376: [GC (Allocation Failure) [PSYoungGen: 419509K->86618K(465920K)] 1412018K->1149535K(1864192K), 0.0681360 secs] [Times: user=0.36 sys=0.00, real=0.07 secs] 
4772.131: [GC (Allocation Failure) [PSYoungGen: 319578K->177269K(465920K)] 1382495K->1267583K(1864192K), 0.0473489 secs] [Times: user=0.21 sys=0.00, real=0.04 secs] 
4772.344: [GC (Allocation Failure) [PSYoungGen: 410229K->181653K(465920K)] 1500543K->1327319K(1864192K), 0.0512563 secs] [Times: user=0.24 sys=0.00, real=0.05 secs] 
4772.514: [GC (Allocation Failure) [PSYoungGen: 414613K->186741K(465920K)] 1560279K->1387839K(1864192K), 0.0462970 secs] [Times: user=0.21 sys=0.01, real=0.05 secs] 
4773.581: [GC (Allocation Failure) [PSYoungGen: 419701K->113293K(465920K)] 1620799K->1384951K(1864192K), 0.0476112 secs] [Times: user=0.24 sys=0.00, real=0.04 secs] 
4774.510: [GC (Allocation Failure) [PSYoungGen: 346253K->157843K(465920K)] 1617911K->1465705K(1864192K), 0.1115427 secs] [Times: user=0.58 sys=0.00, real=0.11 secs] 
4774.875: [GC (Allocation Failure) [PSYoungGen: 390803K->178965K(465920K)] 1698665K->1536256K(1864192K), 0.0420429 secs] [Times: user=0.19 sys=0.00, real=0.04 secs] 
4774.917: [Full GC (Ergonomics) [PSYoungGen: 178965K->0K(465920K)] [ParOldGen: 1357291K->246571K(1398272K)] 1536256K->246571K(1864192K), [Metaspace: 60474K->60474K(1105920K)], 0.3038305 secs] [Times: user=1.39 sys=0.00, real=0.31 secs] 
4775.341: [GC (Allocation Failure) [PSYoungGen: 232960K->185559K(465920K)] 479531K->432130K(1864192K), 0.0835542 secs] [Times: user=0.44 sys=0.00, real=0.08 secs] 
4775.538: [GC (Allocation Failure) [PSYoungGen: 418519K->186773K(465920K)] 665090K->492113K(1864192K), 0.0557307 secs] [Times: user=0.28 sys=0.00, real=0.06 secs] 
4777.081: [GC (GCLocker Initiated GC) [PSYoungGen: 419733K->89962K(465920K)] 725073K->465814K(1864192K), 0.1207196 secs] [Times: user=0.66 sys=0.00, real=0.12 secs] 
4778.791: [GC (Allocation Failure) [PSYoungGen: 322922K->170804K(465920K)] 698813K->575422K(1864192K), 0.0656774 secs] [Times: user=0.29 sys=0.00, real=0.06 secs] 
4779.082: [GC (Allocation Failure) [PSYoungGen: 403764K->184886K(465920K)] 808382K->642992K(1864192K), 0.0505478 secs] [Times: user=0.24 sys=0.00, real=0.05 secs] 
4779.276: [GC (Allocation Failure) [PSYoungGen: 417846K->184052K(465920K)] 875952K->698366K(1864192K), 0.0654392 secs] [Times: user=0.32 sys=0.00, real=0.07 secs] 
4780.299: [GC (Allocation Failure) [PSYoungGen: 417012K->123823K(465920K)] 931326K->707529K(1864192K), 0.0474554 secs] [Times: user=0.24 sys=0.00, real=0.05 secs] 
4780.752: [GC (Allocation Failure) [PSYoungGen: 356783K->150097K(465920K)] 940489K->773155K(1864192K), 0.1084357 secs] [Times: user=0.58 sys=0.00, real=0.11 secs] 
4781.052: [GC (Allocation Failure) [PSYoungGen: 383057K->191637K(465920K)] 1006115K->860524K(1864192K), 0.0407918 secs] [Times: user=0.18 sys=0.01, real=0.04 secs] 
4781.209: [GC (Allocation Failure) [PSYoungGen: 424597K->182262K(465920K)] 1093484K->915081K(1864192K), 0.0499571 secs] [Times: user=0.23 sys=0.01, real=0.05 secs] 
4781.371: [GC (Allocation Failure) [PSYoungGen: 415222K->186485K(465920K)] 1148041K->977264K(1864192K), 0.0567791 secs] [Times: user=0.28 sys=0.00, real=0.05 secs] 
4782.504: [GC (Allocation Failure) [PSYoungGen: 419445K->87770K(465920K)] 1210224K->948917K(1864192K), 0.0556617 secs] [Times: user=0.30 sys=0.00, real=0.06 secs] 
4783.449: [GC (Allocation Failure) [PSYoungGen: 320730K->174069K(465920K)] 1181877K->1063092K(1864192K), 0.0581305 secs] [Times: user=0.25 sys=0.00, real=0.06 secs] 
4783.673: [GC (Allocation Failure) [PSYoungGen: 407029K->184662K(465920K)] 1296052K->1128394K(1864192K), 0.0469665 secs] [Times: user=0.19 sys=0.00, real=0.05 secs] 
4783.837: [GC (Allocation Failure) [PSYoungGen: 417622K->186869K(465920K)] 1361354K->1186729K(1864192K), 0.0463306 secs] [Times: user=0.22 sys=0.01, real=0.05 secs] 
4784.906: [GC (Allocation Failure) [PSYoungGen: 419829K->132560K(465920K)] 1419689K->1202860K(1864192K), 0.0495525 secs] [Times: user=0.24 sys=0.00, real=0.05 secs] 
4785.641: [GC (Allocation Failure) [PSYoungGen: 365520K->138880K(465920K)] 1435820K->1251216K(1864192K), 0.1375687 secs] [Times: user=0.72 sys=0.01, real=0.13 secs] 
4786.538: [GC (Allocation Failure) [PSYoungGen: 371840K->172116K(465920K)] 1484176K->1328273K(1864192K), 0.0546436 secs] [Times: user=0.26 sys=0.00, real=0.06 secs] 
4786.725: [GC (Allocation Failure) [PSYoungGen: 405076K->185623K(465920K)] 1561233K->1402848K(1864192K), 0.0497453 secs] [Times: user=0.23 sys=0.00, real=0.05 secs] 
4786.889: [GC (Allocation Failure) [PSYoungGen: 418583K->186293K(465920K)] 1635808K->1462326K(1864192K), 0.0589555 secs] [Times: user=0.28 sys=0.01, real=0.05 secs] 
4787.953: [GC (Allocation Failure) [PSYoungGen: 419253K->98235K(465920K)] 1695286K->1444476K(1864192K), 0.0449311 secs] [Times: user=0.23 sys=0.00, real=0.04 secs] 
4787.998: [Full GC (Ergonomics) [PSYoungGen: 98235K->0K(465920K)] [ParOldGen: 1346241K->101083K(1398272K)] 1444476K->101083K(1864192K), [Metaspace: 60476K->60476K(1105920K)], 0.0705966 secs] [Times: user=0.27 sys=0.00, real=0.07 secs] 
4788.452: [GC (Allocation Failure) [PSYoungGen: 232960K->177653K(465920K)] 334043K->278737K(1864192K), 0.0326178 secs] [Times: user=0.12 sys=0.00, real=0.03 secs] 
4788.669: [GC (Allocation Failure) [PSYoungGen: 410613K->181045K(465920K)] 511697K->337741K(1864192K), 0.0633360 secs] [Times: user=0.29 sys=0.00, real=0.07 secs] 
4788.862: [GC (Allocation Failure) [PSYoungGen: 414005K->186357K(465920K)] 570701K->398085K(1864192K), 0.0437839 secs] [Times: user=0.20 sys=0.00, real=0.04 secs] 
4789.809: [GC (Allocation Failure) [PSYoungGen: 419317K->135952K(465920K)] 631045K->417832K(1864192K), 0.0483381 secs] [Times: user=0.24 sys=0.00, real=0.05 secs] 
4790.858: [GC (Allocation Failure) [PSYoungGen: 368912K->133008K(465920K)] 650792K->458112K(1864192K), 0.1405008 secs] [Times: user=0.77 sys=0.00, real=0.14 secs] 
4792.174: [GC (Allocation Failure) [PSYoungGen: 365968K->171604K(465920K)] 691072K->539345K(1864192K), 0.0530201 secs] [Times: user=0.25 sys=0.00, real=0.05 secs] 
4792.361: [GC (Allocation Failure) [PSYoungGen: 404564K->185687K(465920K)] 772305K->613972K(1864192K), 0.0501600 secs] [Times: user=0.24 sys=0.01, real=0.05 secs] 
4792.526: [GC (Allocation Failure) [PSYoungGen: 418647K->186549K(465920K)] 846932K->673722K(1864192K), 0.0584392 secs] [Times: user=0.29 sys=0.00, real=0.06 secs] 
4793.695: [GC (Allocation Failure) [PSYoungGen: 419509K->92603K(465920K)] 906682K->650048K(1864192K), 0.0732102 secs] [Times: user=0.40 sys=0.00, real=0.07 secs] 
4796.179: [GC (Allocation Failure) [PSYoungGen: 325563K->165587K(465920K)] 883008K->752301K(1864192K), 0.0635165 secs] [Times: user=0.28 sys=0.00, real=0.07 secs] 
4796.431: [GC (Allocation Failure) [PSYoungGen: 398547K->185046K(465920K)] 985261K->823732K(1864192K), 0.0425518 secs] [Times: user=0.19 sys=0.00, real=0.04 secs] 
4796.606: [GC (Allocation Failure) [PSYoungGen: 405286K->172949K(465920K)] 1043972K->875811K(1864192K), 0.0515887 secs] [Times: user=0.25 sys=0.00, real=0.05 secs] 
4797.527: [GC (Allocation Failure) [PSYoungGen: 405909K->168979K(459776K)] 1108771K->926665K(1858048K), 0.0542847 secs] [Times: user=0.27 sys=0.00, real=0.06 secs] 
4798.093: [GC (Allocation Failure) [PSYoungGen: 401939K->108140K(462848K)] 1159625K->930502K(1861120K), 0.0667761 secs] [Times: user=0.35 sys=0.00, real=0.07 secs] 
4798.564: [GC (Allocation Failure) [PSYoungGen: 341100K->176341K(466944K)] 1163462K->1032787K(1865216K), 0.0489019 secs] [Times: user=0.22 sys=0.00, real=0.05 secs] 
4798.740: [GC (Allocation Failure) [PSYoungGen: 410325K->185718K(465920K)] 1266771K->1097828K(1864192K), 0.0442333 secs] [Times: user=0.20 sys=0.00, real=0.04 secs] 
4798.946: [GC (Allocation Failure) [PSYoungGen: 419702K->187285K(465920K)] 1331812K->1155603K(1864192K), 0.0697409 secs] [Times: user=0.35 sys=0.00, real=0.07 secs] 
4799.991: [GC (Allocation Failure) [PSYoungGen: 420245K->101036K(465920K)] 1388563K->1140042K(1864192K), 0.0456567 secs] [Times: user=0.23 sys=0.00, real=0.04 secs] 
4801.101: [GC (GCLocker Initiated GC) [PSYoungGen: 333996K->166836K(465920K)] 1373002K->1238187K(1864192K), 0.0868285 secs] [Times: user=0.43 sys=0.00, real=0.08 secs] 
4801.371: [GC (Allocation Failure) [PSYoungGen: 399796K->181013K(465920K)] 1471150K->1304908K(1864192K), 0.0447379 secs] [Times: user=0.21 sys=0.00, real=0.04 secs] 
4801.570: [GC (Allocation Failure) [PSYoungGen: 413973K->185815K(465920K)] 1537868K->1373093K(1864192K), 0.0827584 secs] [Times: user=0.42 sys=0.00, real=0.08 secs] 
4802.429: [GC (Allocation Failure) [PSYoungGen: 415474K->195059K(465920K)] 1602752K->1441018K(1864192K), 0.0592866 secs] [Times: user=0.30 sys=0.00, real=0.05 secs] 
4803.087: [GC (Allocation Failure) [PSYoungGen: 428019K->101036K(465920K)] 1673978K->1413538K(1864192K), 0.0889007 secs] [Times: user=0.48 sys=0.00, real=0.09 secs] 
4803.975: [GC (Allocation Failure) [PSYoungGen: 333996K->178645K(465920K)] 1646498K->1522769K(1864192K), 0.0557610 secs] [Times: user=0.25 sys=0.00, real=0.06 secs] 
4804.031: [Full GC (Ergonomics) [PSYoungGen: 178645K->0K(465920K)] [ParOldGen: 1344123K->227390K(1398272K)] 1522769K->227390K(1864192K), [Metaspace: 60476K->60476K(1105920K)], 0.2959426 secs] [Times: user=1.32 sys=0.00, real=0.29 secs] 
4804.460: [GC (Allocation Failure) [PSYoungGen: 232960K->187093K(465920K)] 460350K->414483K(1864192K), 0.0259696 secs] [Times: user=0.09 sys=0.00, real=0.02 secs] 
4804.641: [GC (Allocation Failure) [PSYoungGen: 420053K->186933K(465920K)] 647443K->468963K(1864192K), 0.0640549 secs] [Times: user=0.31 sys=0.00, real=0.06 secs] 
4805.736: [GC (Allocation Failure) [PSYoungGen: 419794K->103212K(465920K)] 701824K->455690K(1864192K), 0.0445262 secs] [Times: user=0.23 sys=0.00, real=0.05 secs] 
4806.527: [GC (Allocation Failure) [PSYoungGen: 336172K->166612K(465920K)] 688650K->552031K(1864192K), 0.0594116 secs] [Times: user=0.29 sys=0.00, real=0.06 secs] 
4806.777: [GC (Allocation Failure) [PSYoungGen: 399572K->181365K(465920K)] 784991K->619148K(1864192K), 0.0419328 secs] [Times: user=0.18 sys=0.00, real=0.04 secs] 
4806.939: [GC (Allocation Failure) [PSYoungGen: 414268K->185975K(465920K)] 852051K->687086K(1864192K), 0.0499624 secs] [Times: user=0.23 sys=0.00, real=0.05 secs] 
4807.224: [GC (Allocation Failure) [PSYoungGen: 418318K->217973K(465920K)] 919429K->778036K(1864192K), 0.0556306 secs] [Times: user=0.28 sys=0.00, real=0.06 secs] 
4808.195: [GC (Allocation Failure) [PSYoungGen: 450933K->92938K(465920K)] 1010996K->722726K(1864192K), 0.0414985 secs] [Times: user=0.21 sys=0.00, real=0.04 secs] 
4809.114: [GC (GCLocker Initiated GC) [PSYoungGen: 325898K->174997K(465920K)] 955686K->834037K(1864192K), 0.0516735 secs] [Times: user=0.23 sys=0.00, real=0.05 secs] 
4809.313: [GC (Allocation Failure) [PSYoungGen: 407957K->184630K(465920K)] 1067164K->898841K(1864192K), 0.0435277 secs] [Times: user=0.20 sys=0.00, real=0.04 secs] 
4809.505: [GC (Allocation Failure) [PSYoungGen: 417590K->186549K(465920K)] 1131801K->956680K(1864192K), 0.0614814 secs] [Times: user=0.29 sys=0.00, real=0.06 secs] 
4810.578: [GC (Allocation Failure) [PSYoungGen: 419509K->106269K(465920K)] 1189640K->946880K(1864192K), 0.0462997 secs] [Times: user=0.23 sys=0.00, real=0.05 secs] 
4811.306: [GC (Allocation Failure) [PSYoungGen: 339229K->168276K(465920K)] 1179840K->1043056K(1864192K), 0.0991502 secs] [Times: user=0.50 sys=0.01, real=0.10 secs] 
4811.580: [GC (Allocation Failure) [PSYoungGen: 401236K->181301K(465920K)] 1276016K->1108934K(1864192K), 0.0428214 secs] [Times: user=0.19 sys=0.00, real=0.04 secs] 
4811.743: [GC (Allocation Failure) [PSYoungGen: 414261K->185975K(465920K)] 1341894K->1176879K(1864192K), 0.0507468 secs] [Times: user=0.23 sys=0.00, real=0.05 secs] 
4811.962: [GC (Allocation Failure) [PSYoungGen: 418534K->218357K(465920K)] 1409439K->1268325K(1864192K), 0.0556774 secs] [Times: user=0.28 sys=0.00, real=0.05 secs] 
4813.252: [GC (Allocation Failure) [PSYoungGen: 451317K->88618K(465920K)] 1501285K->1208387K(1864192K), 0.0672912 secs] [Times: user=0.37 sys=0.00, real=0.07 secs] 
4814.064: [GC (Allocation Failure) [PSYoungGen: 321578K->181750K(465920K)] 1441347K->1329643K(1864192K), 0.0523808 secs] [Times: user=0.23 sys=0.00, real=0.05 secs] 
4814.257: [GC (Allocation Failure) [PSYoungGen: 414710K->184470K(465920K)] 1562603K->1389111K(1864192K), 0.0451403 secs] [Times: user=0.21 sys=0.00, real=0.05 secs] 
4814.437: [GC (Allocation Failure) [PSYoungGen: 417308K->186197K(465920K)] 1621949K->1446966K(1864192K), 0.0582083 secs] [Times: user=0.25 sys=0.00, real=0.06 secs] 
4815.468: [GC (Allocation Failure) [PSYoungGen: 419157K->98572K(465920K)] 1679926K->1429485K(1864192K), 0.0500710 secs] [Times: user=0.26 sys=0.00, real=0.05 secs] 
4815.518: [Full GC (Ergonomics) [PSYoungGen: 98572K->0K(465920K)] [ParOldGen: 1330913K->86662K(1398272K)] 1429485K->86662K(1864192K), [Metaspace: 60477K->60477K(1105920K)], 0.0345424 secs] [Times: user=0.10 sys=0.00, real=0.04 secs] 
4816.294: [GC (Allocation Failure) [PSYoungGen: 232960K->165300K(465920K)] 319622K->251962K(1864192K), 0.0420431 secs] [Times: user=0.15 sys=0.00, real=0.04 secs] 
4816.544: [GC (Allocation Failure) [PSYoungGen: 398260K->181813K(465920K)] 484922K->320024K(1864192K), 0.0410140 secs] [Times: user=0.18 sys=0.00, real=0.04 secs] 
4816.703: [GC (Allocation Failure) [PSYoungGen: 414773K->185975K(465920K)] 552984K->387801K(1864192K), 0.0491374 secs] [Times: user=0.23 sys=0.00, real=0.05 secs] 
4816.862: [GC (Allocation Failure) [PSYoungGen: 418935K->183700K(465920K)] 620761K->444551K(1864192K), 0.0543117 secs] [Times: user=0.27 sys=0.00, real=0.05 secs] 
4818.326: [GC (Allocation Failure) [PSYoungGen: 416660K->88026K(465920K)] 677511K->418189K(1864192K), 0.0988643 secs] [Times: user=0.54 sys=0.00, real=0.10 secs] 
4819.977: [GC (Allocation Failure) [PSYoungGen: 320986K->176277K(465920K)] 651149K->533828K(1864192K), 0.0497689 secs] [Times: user=0.22 sys=0.00, real=0.05 secs] 
4820.209: [GC (Allocation Failure) [PSYoungGen: 409237K->180373K(465920K)] 766788K->593017K(1864192K), 0.0578033 secs] [Times: user=0.27 sys=0.00, real=0.05 secs] 
4820.391: [GC (Allocation Failure) [PSYoungGen: 413333K->185845K(465920K)] 825977K->653456K(1864192K), 0.0450726 secs] [Times: user=0.21 sys=0.00, real=0.04 secs] 
4821.431: [GC (Allocation Failure) [PSYoungGen: 418805K->115310K(465920K)] 886416K->653037K(1864192K), 0.0459406 secs] [Times: user=0.23 sys=0.00, real=0.04 secs] 
4822.560: [GC (Allocation Failure) [PSYoungGen: 348270K->151154K(465920K)] 885997K->726558K(1864192K), 0.0956805 secs] [Times: user=0.50 sys=0.00, real=0.09 secs] 
4822.880: [GC (Allocation Failure) [PSYoungGen: 384114K->184278K(465920K)] 959518K->806770K(1864192K), 0.0409120 secs] [Times: user=0.18 sys=0.00, real=0.04 secs] 
4823.037: [GC (Allocation Failure) [PSYoungGen: 417238K->185783K(465920K)] 1039730K->872319K(1864192K), 0.0497824 secs] [Times: user=0.23 sys=0.00, real=0.05 secs] 
4823.975: [GC (Allocation Failure) [PSYoungGen: 418743K->177812K(465920K)] 1105279K->923348K(1864192K), 0.1007302 secs] [Times: user=0.53 sys=0.00, real=0.10 secs] 
4825.276: [GC (Allocation Failure) [PSYoungGen: 410772K->93931K(465920K)] 1156308K->906900K(1864192K), 0.0501526 secs] [Times: user=0.26 sys=0.00, real=0.05 secs] 
4825.719: [GC (Allocation Failure) [PSYoungGen: 326891K->178197K(465920K)] 1139860K->1021491K(1864192K), 0.0709113 secs] [Times: user=0.32 sys=0.00, real=0.08 secs] 
4826.031: [GC (Allocation Failure) [PSYoungGen: 411157K->181429K(465920K)] 1254451K->1080199K(1864192K), 0.0482579 secs] [Times: user=0.23 sys=0.00, real=0.04 secs] 
4826.230: [GC (Allocation Failure) [PSYoungGen: 414389K->203413K(465920K)] 1313159K->1157551K(1864192K), 0.0605777 secs] [Times: user=0.29 sys=0.00, real=0.06 secs] 
4827.275: [GC (Allocation Failure) [PSYoungGen: 436373K->121999K(465920K)] 1390511K->1146624K(1864192K), 0.0478345 secs] [Times: user=0.24 sys=0.00, real=0.05 secs] 
4828.765: [GC (Allocation Failure) [PSYoungGen: 354586K->141793K(465920K)] 1379212K->1204930K(1864192K), 0.1554656 secs] [Times: user=0.86 sys=0.00, real=0.16 secs] 
4829.334: [GC (Allocation Failure) [PSYoungGen: 374753K->175732K(465920K)] 1437890K->1283991K(1864192K), 0.0690545 secs] [Times: user=0.31 sys=0.00, real=0.07 secs] 
4829.539: [GC (Allocation Failure) [PSYoungGen: 408692K->185751K(465920K)] 1516951K->1355641K(1864192K), 0.0500937 secs] [Times: user=0.22 sys=0.00, real=0.05 secs] 
4829.702: [GC (Allocation Failure) [PSYoungGen: 418711K->186677K(465920K)] 1588601K->1415416K(1864192K), 0.0571168 secs] [Times: user=0.28 sys=0.00, real=0.06 secs] 
4830.753: [GC (Allocation Failure) [PSYoungGen: 419637K->91258K(465920K)] 1648376K->1390501K(1864192K), 0.0437648 secs] [Times: user=0.22 sys=0.01, real=0.04 secs] 
4831.669: [GC (Allocation Failure) [PSYoungGen: 324218K->176917K(465920K)] 1623461K->1505289K(1864192K), 0.0480712 secs] [Times: user=0.21 sys=0.00, real=0.05 secs] 
4831.717: [Full GC (Ergonomics) [PSYoungGen: 176917K->0K(465920K)] [ParOldGen: 1328371K->210991K(1398272K)] 1505289K->210991K(1864192K), [Metaspace: 60477K->60477K(1105920K)], 0.2562251 secs] [Times: user=1.16 sys=0.00, real=0.26 secs] 
4832.089: [GC (Allocation Failure) [PSYoungGen: 232960K->181397K(465920K)] 443951K->392389K(1864192K), 0.0264681 secs] [Times: user=0.10 sys=0.00, real=0.03 secs] 
4832.230: [GC (Allocation Failure) [PSYoungGen: 414357K->186965K(465920K)] 625349K->453189K(1864192K), 0.0434829 secs] [Times: user=0.20 sys=0.00, real=0.04 secs] 
4833.189: [GC (Allocation Failure) [PSYoungGen: 419925K->135856K(465920K)] 686149K->472476K(1864192K), 0.0486585 secs] [Times: user=0.24 sys=0.00, real=0.04 secs] 
4834.454: [GC (GCLocker Initiated GC) [PSYoungGen: 368816K->133232K(465920K)] 705437K->512900K(1864192K), 0.1539847 secs] [Times: user=0.86 sys=0.00, real=0.15 secs] 
4835.251: [GC (Allocation Failure) [PSYoungGen: 366192K->175604K(465920K)] 745898K->598100K(1864192K), 0.0513149 secs] [Times: user=0.24 sys=0.00, real=0.05 secs] 
4835.428: [GC (Allocation Failure) [PSYoungGen: 408564K->185911K(465920K)] 831060K->669654K(1864192K), 0.0486678 secs] [Times: user=0.23 sys=0.00, real=0.05 secs] 
4835.586: [GC (Allocation Failure) [PSYoungGen: 418871K->186805K(465920K)] 902614K->729380K(1864192K), 0.0570298 secs] [Times: user=0.28 sys=0.01, real=0.06 secs] 
4836.586: [GC (Allocation Failure) [PSYoungGen: 419765K->91931K(465920K)] 962340K->705050K(1864192K), 0.0424673 secs] [Times: user=0.22 sys=0.00, real=0.04 secs] 
4838.136: [GC (Allocation Failure) [PSYoungGen: 324891K->169364K(465920K)] 938010K->811780K(1864192K), 0.0573358 secs] [Times: user=0.26 sys=0.00, real=0.06 secs] 
4838.367: [GC (Allocation Failure) [PSYoungGen: 402324K->184694K(465920K)] 1044740K->880454K(1864192K), 0.0425980 secs] [Times: user=0.19 sys=0.01, real=0.05 secs] 
4838.523: [GC (Allocation Failure) [PSYoungGen: 417654K->187093K(465920K)] 1113414K->938805K(1864192K), 0.0454942 secs] [Times: user=0.21 sys=0.00, real=0.04 secs] 
4839.529: [GC (Allocation Failure) [PSYoungGen: 420053K->146258K(465920K)] 1171765K->968546K(1864192K), 0.0510966 secs] [Times: user=0.25 sys=0.00, real=0.05 secs] 
4840.484: [GC (Allocation Failure) [PSYoungGen: 379218K->128863K(465920K)] 1201506K->997651K(1864192K), 0.1361595 secs] [Times: user=0.76 sys=0.00, real=0.14 secs] 
4840.902: [GC (Allocation Failure) [PSYoungGen: 361823K->177685K(465920K)] 1230611K->1087510K(1864192K), 0.0383636 secs] [Times: user=0.16 sys=0.00, real=0.04 secs] 
4841.083: [GC (Allocation Failure) [PSYoungGen: 410645K->185367K(465920K)] 1320470K->1157436K(1864192K), 0.0560229 secs] [Times: user=0.27 sys=0.00, real=0.06 secs] 
4841.290: [GC (Allocation Failure) [PSYoungGen: 418327K->183892K(465920K)] 1390396K->1214858K(1864192K), 0.0621866 secs] [Times: user=0.32 sys=0.00, real=0.06 secs] 
4842.570: [GC (Allocation Failure) [PSYoungGen: 416852K->91435K(465920K)] 1447818K->1191904K(1864192K), 0.0555239 secs] [Times: user=0.30 sys=0.01, real=0.05 secs] 
4842.995: [GC (Allocation Failure) [PSYoungGen: 324395K->176341K(465920K)] 1424864K->1306394K(1864192K), 0.0599481 secs] [Times: user=0.26 sys=0.00, real=0.06 secs] 
4843.225: [GC (Allocation Failure) [PSYoungGen: 409301K->184470K(465920K)] 1539354K->1369475K(1864192K), 0.0447914 secs] [Times: user=0.20 sys=0.00, real=0.05 secs] 
4843.380: [GC (Allocation Failure) [PSYoungGen: 417430K->183732K(465920K)] 1602435K->1424722K(1864192K), 0.0465897 secs] [Times: user=0.22 sys=0.00, real=0.04 secs] 
4844.415: [GC (Allocation Failure) [PSYoungGen: 416692K->149810K(465920K)] 1657682K->1460152K(1864192K), 0.0518774 secs] [Times: user=0.26 sys=0.00, real=0.05 secs] 
4845.270: [GC (Allocation Failure) [PSYoungGen: 382770K->121470K(465920K)] 1693112K->1479264K(1864192K), 0.1489386 secs] [Times: user=0.72 sys=0.01, real=0.14 secs] 
4845.419: [Full GC (Ergonomics) [PSYoungGen: 121470K->0K(465920K)] [ParOldGen: 1357793K->138519K(1398272K)] 1479264K->138519K(1864192K), [Metaspace: 60482K->60482K(1105920K)], 0.1723604 secs] [Times: user=0.80 sys=0.00, real=0.18 secs] 
4846.071: [GC (Allocation Failure) [PSYoungGen: 232960K->174708K(465920K)] 371479K->313228K(1864192K), 0.0315145 secs] [Times: user=0.12 sys=0.00, real=0.03 secs] 
4846.231: [GC (Allocation Failure) [PSYoungGen: 407668K->185207K(465920K)] 546188K->385299K(1864192K), 0.0472019 secs] [Times: user=0.22 sys=0.00, real=0.04 secs] 
4846.392: [GC (Allocation Failure) [PSYoungGen: 418167K->186933K(465920K)] 618259K->445721K(1864192K), 0.0576820 secs] [Times: user=0.29 sys=0.00, real=0.05 secs] 
4847.430: [GC (Allocation Failure) [PSYoungGen: 419893K->95963K(465920K)] 678681K->425339K(1864192K), 0.0445717 secs] [Times: user=0.23 sys=0.00, real=0.04 secs] 
4849.267: [GC (Allocation Failure) [PSYoungGen: 328923K->167476K(465920K)] 658299K->527009K(1864192K), 0.0762521 secs] [Times: user=0.37 sys=0.00, real=0.08 secs] 
4849.531: [GC (Allocation Failure) [PSYoungGen: 400436K->193206K(465920K)] 759969K->605195K(1864192K), 0.0436915 secs] [Times: user=0.18 sys=0.00, real=0.04 secs] 
4849.716: [GC (Allocation Failure) [PSYoungGen: 421623K->176598K(465920K)] 833612K->652995K(1864192K), 0.0547463 secs] [Times: user=0.26 sys=0.00, real=0.06 secs] 
4850.671: [GC (Allocation Failure) [PSYoungGen: 409558K->168371K(465920K)] 885955K->700640K(1864192K), 0.0557227 secs] [Times: user=0.28 sys=0.00, real=0.05 secs] 
4851.085: [GC (Allocation Failure) [PSYoungGen: 401331K->105916K(465920K)] 933600K->702649K(1864192K), 0.0582622 secs] [Times: user=0.30 sys=0.00, real=0.06 secs] 
4851.930: [GC (Allocation Failure) [PSYoungGen: 337239K->177365K(465920K)] 933972K->807631K(1864192K), 0.0522572 secs] [Times: user=0.23 sys=0.00, real=0.05 secs] 
4852.128: [GC (Allocation Failure) [PSYoungGen: 410325K->184790K(465920K)] 1040591K->870388K(1864192K), 0.0451412 secs] [Times: user=0.20 sys=0.00, real=0.05 secs] 
4852.296: [GC (Allocation Failure) [PSYoungGen: 417750K->183508K(465920K)] 1103348K->925130K(1864192K), 0.0624012 secs] [Times: user=0.30 sys=0.00, real=0.06 secs] 
4853.311: [GC (Allocation Failure) [PSYoungGen: 416468K->100012K(465920K)] 1158090K->910898K(1864192K), 0.0463054 secs] [Times: user=0.24 sys=0.00, real=0.04 secs] 
4854.533: [GC (Allocation Failure) [PSYoungGen: 332972K->166004K(465920K)] 1143858K->1009179K(1864192K), 0.1042448 secs] [Times: user=0.53 sys=0.00, real=0.10 secs] 
4854.827: [GC (Allocation Failure) [PSYoungGen: 398964K->181333K(465920K)] 1242139K->1076440K(1864192K), 0.0440632 secs] [Times: user=0.20 sys=0.00, real=0.05 secs] 
4854.990: [GC (Allocation Failure) [PSYoungGen: 414293K->185943K(465920K)] 1309400K->1144242K(1864192K), 0.0522303 secs] [Times: user=0.24 sys=0.00, real=0.05 secs] 
4855.485: [GC (Allocation Failure) [PSYoungGen: 418903K->182740K(465920K)] 1377202K->1200055K(1864192K), 0.0552300 secs] [Times: user=0.26 sys=0.00, real=0.06 secs] 
4856.483: [GC (GCLocker Initiated GC) [PSYoungGen: 415700K->91738K(465920K)] 1433015K->1177498K(1864192K), 0.0755795 secs] [Times: user=0.41 sys=0.01, real=0.07 secs] 
4857.280: [GC (Allocation Failure) [PSYoungGen: 324698K->182038K(465920K)] 1410624K->1297069K(1864192K), 0.0533941 secs] [Times: user=0.24 sys=0.00, real=0.05 secs] 
4857.476: [GC (Allocation Failure) [PSYoungGen: 414998K->184950K(465920K)] 1530029K->1356461K(1864192K), 0.0456771 secs] [Times: user=0.21 sys=0.00, real=0.05 secs] 
4858.202: [GC (Allocation Failure) [PSYoungGen: 417910K->180244K(465920K)] 1589421K->1407723K(1864192K), 0.0843384 secs] [Times: user=0.43 sys=0.00, real=0.08 secs] 
4859.518: [GC (Allocation Failure) [PSYoungGen: 413204K->102924K(465920K)] 1640683K->1398699K(1864192K), 0.0467294 secs] [Times: user=0.24 sys=0.00, real=0.05 secs] 
4860.023: [GC (Allocation Failure) [PSYoungGen: 335884K->167668K(465920K)] 1631659K->1496352K(1864192K), 0.0966848 secs] [Times: user=0.50 sys=0.00, real=0.10 secs] 
4860.120: [Full GC (Ergonomics) [PSYoungGen: 167668K->0K(465920K)] [ParOldGen: 1328683K->187754K(1398272K)] 1496352K->187754K(1864192K), [Metaspace: 60482K->60482K(1105920K)], 0.2177202 secs] [Times: user=1.00 sys=0.00, real=0.21 secs] 
4860.471: [GC (Allocation Failure) [PSYoungGen: 232960K->178453K(465920K)] 420714K->366207K(1864192K), 0.0318460 secs] [Times: user=0.12 sys=0.00, real=0.03 secs] 
4860.621: [GC (Allocation Failure) [PSYoungGen: 411413K->186167K(465920K)] 599167K->436922K(1864192K), 0.0432790 secs] [Times: user=0.20 sys=0.00, real=0.04 secs] 
4860.784: [GC (Allocation Failure) [PSYoungGen: 419127K->185941K(465920K)] 669882K->495712K(1864192K), 0.0547427 secs] [Times: user=0.27 sys=0.00, real=0.05 secs] 
4862.074: [GC (Allocation Failure) [PSYoungGen: 418901K->89322K(465920K)] 728672K->469209K(1864192K), 0.0636171 secs] [Times: user=0.34 sys=0.00, real=0.06 secs] 
4863.276: [GC (Allocation Failure) [PSYoungGen: 322282K->175477K(465920K)] 702169K->583621K(1864192K), 0.0537106 secs] [Times: user=0.24 sys=0.00, real=0.05 secs] 
4863.483: [GC (Allocation Failure) [PSYoungGen: 408437K->184854K(465920K)] 816581K->647873K(1864192K), 0.0431357 secs] [Times: user=0.19 sys=0.00, real=0.04 secs] 
4863.696: [GC (Allocation Failure) [PSYoungGen: 417814K->186773K(465920K)] 880833K->705865K(1864192K), 0.0702425 secs] [Times: user=0.35 sys=0.00, real=0.07 secs] 
4864.801: [GC (Allocation Failure) [PSYoungGen: 419733K->106973K(465920K)] 938825K->696424K(1864192K), 0.0456789 secs] [Times: user=0.23 sys=0.00, real=0.04 secs] 
4865.883: [GC (GCLocker Initiated GC) [PSYoungGen: 339933K->160211K(465920K)] 929384K->784060K(1864192K), 0.1200844 secs] [Times: user=0.62 sys=0.00, real=0.12 secs] 
4866.197: [GC (Allocation Failure) [PSYoungGen: 393171K->181461K(465920K)] 1017186K->855525K(1864192K), 0.0433021 secs] [Times: user=0.19 sys=0.00, real=0.05 secs] 
4866.381: [GC (Allocation Failure) [PSYoungGen: 414421K->185751K(465920K)] 1088485K->923134K(1864192K), 0.0705655 secs] [Times: user=0.35 sys=0.00, real=0.07 secs] 
4866.609: [GC (Allocation Failure) [PSYoungGen: 418711K->186389K(465920K)] 1156094K->982604K(1864192K), 0.0736936 secs] [Times: user=0.38 sys=0.00, real=0.07 secs] 
4867.649: [GC (Allocation Failure) [PSYoungGen: 419349K->89706K(465920K)] 1215564K->956278K(1864192K), 0.0440356 secs] [Times: user=0.23 sys=0.01, real=0.04 secs] 
4868.162: [GC (Allocation Failure) [PSYoungGen: 322666K->178581K(465920K)] 1189238K->1073650K(1864192K), 0.0574875 secs] [Times: user=0.26 sys=0.00, real=0.06 secs] 
4868.441: [GC (Allocation Failure) [PSYoungGen: 411541K->192246K(465920K)] 1306610K->1143530K(1864192K), 0.0526636 secs] [Times: user=0.25 sys=0.00, real=0.05 secs] 
4868.631: [GC (Allocation Failure) [PSYoungGen: 425206K->184148K(465920K)] 1376490K->1191329K(1864192K), 0.0639956 secs] [Times: user=0.31 sys=0.00, real=0.06 secs] 
4869.753: [GC (Allocation Failure) [PSYoungGen: 417108K->113710K(465920K)] 1424289K->1190234K(1864192K), 0.0468920 secs] [Times: user=0.24 sys=0.00, real=0.05 secs] 
4870.214: [GC (Allocation Failure) [PSYoungGen: 346670K->157075K(465920K)] 1423194K->1270784K(1864192K), 0.0761277 secs] [Times: user=0.39 sys=0.00, real=0.08 secs] 
4870.512: [GC (Allocation Failure) [PSYoungGen: 390035K->184310K(465920K)] 1503744K->1347111K(1864192K), 0.0524839 secs] [Times: user=0.25 sys=0.00, real=0.05 secs] 
4870.719: [GC (Allocation Failure) [PSYoungGen: 417270K->182454K(465920K)] 1580071K->1409372K(1864192K), 0.0707258 secs] [Times: user=0.35 sys=0.00, real=0.08 secs] 
4870.920: [GC (Allocation Failure) [PSYoungGen: 415414K->186901K(465920K)] 1642332K->1471995K(1864192K), 0.0568572 secs] [Times: user=0.28 sys=0.00, real=0.05 secs] 
4872.144: [GC (Allocation Failure) [PSYoungGen: 419861K->90570K(465920K)] 1704955K->1446120K(1864192K), 0.0624671 secs] [Times: user=0.34 sys=0.00, real=0.06 secs] 
4872.206: [Full GC (Ergonomics) [PSYoungGen: 90570K->0K(465920K)] [ParOldGen: 1355549K->102343K(1398272K)] 1446120K->102343K(1864192K), [Metaspace: 60482K->60482K(1105920K)], 0.1111960 secs] [Times: user=0.46 sys=0.00, real=0.11 secs] 
4873.120: [GC (Allocation Failure) [PSYoungGen: 232960K->177589K(465920K)] 335303K->279933K(1864192K), 0.0361461 secs] [Times: user=0.14 sys=0.00, real=0.03 secs] 
4873.306: [GC (GCLocker Initiated GC) [PSYoungGen: 410549K->183445K(465920K)] 512894K->340847K(1864192K), 0.0424834 secs] [Times: user=0.19 sys=0.00, real=0.04 secs] 
4873.460: [GC (Allocation Failure) [PSYoungGen: 416405K->183572K(465920K)] 573935K->396966K(1864192K), 0.0444065 secs] [Times: user=0.21 sys=0.00, real=0.04 secs] 
4874.510: [GC (Allocation Failure) [PSYoungGen: 416532K->117454K(465920K)] 629926K->400192K(1864192K), 0.0462392 secs] [Times: user=0.24 sys=0.00, real=0.04 secs] 
4875.344: [GC (Allocation Failure) [PSYoungGen: 350414K->147505K(465920K)] 633152K->468432K(1864192K), 0.0985966 secs] [Times: user=0.52 sys=0.00, real=0.10 secs] 
4875.609: [GC (Allocation Failure) [PSYoungGen: 380465K->184117K(465920K)] 701392K->551192K(1864192K), 0.0397574 secs] [Times: user=0.17 sys=0.00, real=0.04 secs] 
4875.789: [GC (Allocation Failure) [PSYoungGen: 417077K->186039K(465920K)] 784152K->617141K(1864192K), 0.0555098 secs] [Times: user=0.26 sys=0.00, real=0.06 secs] 
4875.971: [GC (Allocation Failure) [PSYoungGen: 418999K->186741K(465920K)] 850101K->676859K(1864192K), 0.0579096 secs] [Times: user=0.25 sys=0.00, real=0.05 secs] 
4876.960: [GC (Allocation Failure) [PSYoungGen: 419701K->93979K(465920K)] 909819K->654533K(1864192K), 0.0550448 secs] [Times: user=0.28 sys=0.00, real=0.05 secs] 
4877.596: [GC (Allocation Failure) [PSYoungGen: 326939K->174645K(465920K)] 887493K->765060K(1864192K), 0.0525538 secs] [Times: user=0.24 sys=0.00, real=0.05 secs] 
4877.813: [GC (Allocation Failure) [PSYoungGen: 407605K->184502K(465920K)] 998020K->829957K(1864192K), 0.0429966 secs] [Times: user=0.19 sys=0.00, real=0.04 secs] 
4878.006: [GC (Allocation Failure) [PSYoungGen: 417462K->183540K(465920K)] 1062917K->884864K(1864192K), 0.0578409 secs] [Times: user=0.29 sys=0.00, real=0.06 secs] 
4879.086: [GC (Allocation Failure) [PSYoungGen: 416500K->121615K(465920K)] 1117824K->892250K(1864192K), 0.0472521 secs] [Times: user=0.24 sys=0.00, real=0.05 secs] 
4879.710: [GC (Allocation Failure) [PSYoungGen: 354575K->153057K(465920K)] 1125210K->962429K(1864192K), 0.1190935 secs] [Times: user=0.65 sys=0.00, real=0.11 secs] 
4880.376: [GC (Allocation Failure) [PSYoungGen: 386017K->180277K(465920K)] 1195389K->1036057K(1864192K), 0.0501199 secs] [Times: user=0.24 sys=0.00, real=0.05 secs] 
4880.596: [GC (Allocation Failure) [PSYoungGen: 413237K->185687K(465920K)] 1269017K->1104879K(1864192K), 0.0739232 secs] [Times: user=0.37 sys=0.00, real=0.08 secs] 
4880.836: [GC (Allocation Failure) [PSYoungGen: 418647K->183380K(465920K)] 1337839K->1161453K(1864192K), 0.0705235 secs] [Times: user=0.37 sys=0.00, real=0.07 secs] 
4881.868: [GC (Allocation Failure) [PSYoungGen: 416340K->95339K(465920K)] 1394413K->1142768K(1864192K), 0.0569458 secs] [Times: user=0.30 sys=0.00, real=0.06 secs] 
4882.589: [GC (Allocation Failure) [PSYoungGen: 328299K->176245K(465920K)] 1375728K->1254887K(1864192K), 0.0491973 secs] [Times: user=0.21 sys=0.00, real=0.05 secs] 
4882.842: [GC (Allocation Failure) [PSYoungGen: 409205K->184310K(465920K)] 1487847K->1317687K(1864192K), 0.0579751 secs] [Times: user=0.27 sys=0.00, real=0.06 secs] 
4883.051: [GC (Allocation Failure) [PSYoungGen: 417270K->186165K(465920K)] 1550647K->1375350K(1864192K), 0.0510454 secs] [Times: user=0.24 sys=0.00, real=0.05 secs] 
4884.153: [GC (Allocation Failure) [PSYoungGen: 419125K->123983K(465920K)] 1608310K->1383425K(1864192K), 0.0487262 secs] [Times: user=0.24 sys=0.00, real=0.05 secs] 
4885.518: [GC (Allocation Failure) [PSYoungGen: 356943K->141233K(465920K)] 1616385K->1440122K(1864192K), 0.1302602 secs] [Times: user=0.71 sys=0.00, real=0.13 secs] 
4886.552: [GC (Allocation Failure) [PSYoungGen: 374193K->174676K(465920K)] 1673082K->1518675K(1864192K), 0.0563615 secs] [Times: user=0.26 sys=0.00, real=0.05 secs] 
4886.609: [Full GC (Ergonomics) [PSYoungGen: 174676K->0K(465920K)] [ParOldGen: 1343998K->236804K(1398272K)] 1518675K->236804K(1864192K), [Metaspace: 60482K->60482K(1105920K)], 0.2940972 secs] [Times: user=1.36 sys=0.00, real=0.30 secs] 
4887.028: [GC (Allocation Failure) [PSYoungGen: 232932K->182454K(465920K)] 469737K->419259K(1864192K), 0.0859930 secs] [Times: user=0.45 sys=0.00, real=0.09 secs] 
4887.226: [GC (Allocation Failure) [PSYoungGen: 415414K->186325K(465920K)] 652219K->481153K(1864192K), 0.0566407 secs] [Times: user=0.28 sys=0.01, real=0.06 secs] 
4888.219: [GC (Allocation Failure) [PSYoungGen: 419285K->91851K(465920K)] 714113K->457243K(1864192K), 0.0502533 secs] [Times: user=0.27 sys=0.00, real=0.05 secs] 
4889.762: [GC (Allocation Failure) [PSYoungGen: 324811K->172436K(465920K)] 690203K->567178K(1864192K), 0.0531089 secs] [Times: user=0.23 sys=0.00, real=0.05 secs] 
4889.974: [GC (Allocation Failure) [PSYoungGen: 405396K->201238K(465920K)] 800138K->649915K(1864192K), 0.0435453 secs] [Times: user=0.19 sys=0.00, real=0.04 secs] 
4890.175: [GC (Allocation Failure) [PSYoungGen: 434198K->183860K(465920K)] 882875K->688754K(1864192K), 0.0618743 secs] [Times: user=0.31 sys=0.00, real=0.06 secs] 
4891.152: [GC (Allocation Failure) [PSYoungGen: 416820K->144145K(465920K)] 921714K->718423K(1864192K), 0.0505818 secs] [Times: user=0.26 sys=0.00, real=0.05 secs] 
4891.805: [GC (Allocation Failure) [PSYoungGen: 377105K->129615K(465920K)] 951383K->749597K(1864192K), 0.1383817 secs] [Times: user=0.77 sys=0.01, real=0.14 secs] 
4892.143: [GC (GCLocker Initiated GC) [PSYoungGen: 362575K->174964K(465920K)] 982557K->836155K(1864192K), 0.0375226 secs] [Times: user=0.16 sys=0.00, real=0.04 secs] 
4892.342: [GC (Allocation Failure) [PSYoungGen: 407924K->184631K(465920K)] 1069246K->915672K(1864192K), 0.0627254 secs] [Times: user=0.31 sys=0.00, real=0.06 secs] 
4892.518: [GC (Allocation Failure) [PSYoungGen: 417591K->186517K(465920K)] 1148632K->976167K(1864192K), 0.0578930 secs] [Times: user=0.29 sys=0.00, real=0.06 secs] 
4893.525: [GC (Allocation Failure) [PSYoungGen: 419477K->94747K(465920K)] 1209127K->954853K(1864192K), 0.0565252 secs] [Times: user=0.30 sys=0.00, real=0.06 secs] 
4893.976: [GC (Allocation Failure) [PSYoungGen: 327707K->177909K(465920K)] 1187813K->1068364K(1864192K), 0.0424491 secs] [Times: user=0.18 sys=0.00, real=0.04 secs] 
4894.177: [GC (Allocation Failure) [PSYoungGen: 410869K->184566K(465920K)] 1301324K->1130632K(1864192K), 0.0532442 secs] [Times: user=0.25 sys=0.00, real=0.06 secs] 
4894.714: [GC (Allocation Failure) [PSYoungGen: 417526K->183092K(465920K)] 1363592K->1185183K(1864192K), 0.0915429 secs] [Times: user=0.46 sys=0.00, real=0.09 secs] 
4896.761: [GC (Allocation Failure) [PSYoungGen: 416052K->145426K(465920K)] 1418143K->1216705K(1864192K), 0.0513443 secs] [Times: user=0.26 sys=0.00, real=0.05 secs] 
4897.784: [GC (Allocation Failure) [PSYoungGen: 378386K->117102K(465920K)] 1449665K->1234421K(1864192K), 0.1843575 secs] [Times: user=1.04 sys=0.00, real=0.18 secs] 
4898.542: [GC (Allocation Failure) [PSYoungGen: 350062K->173396K(465920K)] 1467381K->1328088K(1864192K), 0.0506226 secs] [Times: user=0.23 sys=0.00, real=0.05 secs] 
4898.725: [GC (Allocation Failure) [PSYoungGen: 406356K->185143K(465920K)] 1561048K->1400938K(1864192K), 0.0495768 secs] [Times: user=0.23 sys=0.00, real=0.05 secs] 
4898.889: [GC (Allocation Failure) [PSYoungGen: 418103K->186805K(465920K)] 1633898K->1461321K(1864192K), 0.0580958 secs] [Times: user=0.29 sys=0.00, real=0.06 secs] 
4899.927: [GC (Allocation Failure) [PSYoungGen: 419765K->100348K(465920K)] 1694281K->1445288K(1864192K), 0.0470366 secs] [Times: user=0.24 sys=0.00, real=0.05 secs] 
4899.974: [Full GC (Ergonomics) [PSYoungGen: 100348K->0K(465920K)] [ParOldGen: 1344939K->96384K(1398272K)] 1445288K->96384K(1864192K), [Metaspace: 60482K->60449K(1105920K)], 0.0846187 secs] [Times: user=0.32 sys=0.00, real=0.08 secs] 
4900.610: [GC (Allocation Failure) [PSYoungGen: 232960K->170868K(465920K)] 329344K->267253K(1864192K), 0.0356111 secs] [Times: user=0.13 sys=0.01, real=0.03 secs] 
4900.801: [GC (Allocation Failure) [PSYoungGen: 403828K->184406K(465920K)] 500213K->334715K(1864192K), 0.0425025 secs] [Times: user=0.19 sys=0.01, real=0.04 secs] 
4900.956: [GC (Allocation Failure) [PSYoungGen: 403973K->173461K(465920K)] 554283K->387834K(1864192K), 0.0477015 secs] [Times: user=0.22 sys=0.00, real=0.05 secs] 
4901.768: [GC (Allocation Failure) [PSYoungGen: 404324K->207027K(465920K)] 618698K->476780K(1864192K), 0.0517904 secs] [Times: user=0.25 sys=0.00, real=0.06 secs] 
4902.382: [GC (Allocation Failure) [PSYoungGen: 439987K->101468K(465920K)] 709740K->436149K(1864192K), 0.0978832 secs] [Times: user=0.53 sys=0.00, real=0.10 secs] 
4902.861: [GC (Allocation Failure) [PSYoungGen: 334428K->181398K(465920K)] 669109K->548332K(1864192K), 0.0432915 secs] [Times: user=0.19 sys=0.00, real=0.04 secs] 
4903.020: [GC (Allocation Failure) [PSYoungGen: 414358K->184406K(465920K)] 781292K->607936K(1864192K), 0.0436149 secs] [Times: user=0.20 sys=0.00, real=0.04 secs] 
4903.195: [GC (Allocation Failure) [PSYoungGen: 417366K->186773K(465920K)] 840896K->666335K(1864192K), 0.0495599 secs] [Times: user=0.23 sys=0.00, real=0.05 secs] 
4904.216: [GC (Allocation Failure) [PSYoungGen: 419733K->97259K(465920K)] 899295K->647317K(1864192K), 0.0440074 secs] [Times: user=0.23 sys=0.00, real=0.05 secs] 
4905.392: [GC (Allocation Failure) [PSYoungGen: 330219K->166676K(465920K)] 880277K->748455K(1864192K), 0.0772414 secs] [Times: user=0.38 sys=0.00, real=0.07 secs] 
4905.685: [GC (Allocation Failure) [PSYoungGen: 399636K->184470K(465920K)] 981415K->818125K(1864192K), 0.0543493 secs] [Times: user=0.26 sys=0.00, real=0.05 secs] 
4905.877: [GC (Allocation Failure) [PSYoungGen: 417430K->185783K(465920K)] 1051085K->883934K(1864192K), 0.0552953 secs] [Times: user=0.26 sys=0.00, real=0.06 secs] 
4906.326: [GC (Allocation Failure) [PSYoungGen: 415767K->211508K(465920K)] 1113919K->968523K(1864192K), 0.0528668 secs] [Times: user=0.25 sys=0.00, real=0.05 secs] 
4907.665: [GC (Allocation Failure) [PSYoungGen: 444468K->91530K(465920K)] 1201483K->915682K(1864192K), 0.1163481 secs] [Times: user=0.64 sys=0.00, real=0.12 secs] 
4908.660: [GC (Allocation Failure) [PSYoungGen: 324490K->181622K(465920K)] 1148642K->1035254K(1864192K), 0.0447484 secs] [Times: user=0.19 sys=0.00, real=0.04 secs] 
4908.862: [GC (Allocation Failure) [PSYoungGen: 414582K->181237K(465920K)] 1268214K->1091301K(1864192K), 0.0513622 secs] [Times: user=0.24 sys=0.00, real=0.05 secs] 
4909.037: [GC (Allocation Failure) [PSYoungGen: 414197K->186517K(465920K)] 1324261K->1151645K(1864192K), 0.0454118 secs] [Times: user=0.21 sys=0.00, real=0.05 secs] 
4910.274: [GC (Allocation Failure) [PSYoungGen: 419477K->102876K(465920K)] 1384605K->1138364K(1864192K), 0.0458202 secs] [Times: user=0.24 sys=0.00, real=0.05 secs] 
4910.632: [GC (Allocation Failure) [PSYoungGen: 335836K->166804K(465920K)] 1371324K->1236212K(1864192K), 0.0801301 secs] [Times: user=0.39 sys=0.00, real=0.08 secs] 
4910.877: [GC (Allocation Failure) [PSYoungGen: 399764K->180629K(465920K)] 1469172K->1301838K(1864192K), 0.0422172 secs] [Times: user=0.19 sys=0.00, real=0.04 secs] 
4911.118: [GC (Allocation Failure) [PSYoungGen: 413589K->182806K(465920K)] 1534798K->1366939K(1864192K), 0.0707915 secs] [Times: user=0.35 sys=0.00, real=0.07 secs] 
4911.544: [GC (Allocation Failure) [PSYoungGen: 415766K->185941K(465920K)] 1599899K->1428397K(1864192K), 0.0776747 secs] [Times: user=0.39 sys=0.00, real=0.08 secs] 
4912.633: [GC (Allocation Failure) [PSYoungGen: 418901K->87706K(465920K)] 1661357K->1400291K(1864192K), 0.0581321 secs] [Times: user=0.31 sys=0.00, real=0.06 secs] 
4912.691: [Full GC (Ergonomics) [PSYoungGen: 87706K->0K(465920K)] [ParOldGen: 1312584K->103360K(1398272K)] 1400291K->103360K(1864192K), [Metaspace: 60449K->60449K(1105920K)], 0.1052899 secs] [Times: user=0.45 sys=0.00, real=0.10 secs] 
4913.427: [GC (Allocation Failure) [PSYoungGen: 232960K->181238K(465920K)] 336320K->284598K(1864192K), 0.0397360 secs] [Times: user=0.15 sys=0.00, real=0.04 secs] 
4913.621: [GC (Allocation Failure) [PSYoungGen: 414198K->184694K(465920K)] 517558K->344950K(1864192K), 0.0412614 secs] [Times: user=0.18 sys=0.00, real=0.04 secs] 
4913.798: [GC (Allocation Failure) [PSYoungGen: 417654K->186613K(465920K)] 577910K->402821K(1864192K), 0.0506183 secs] [Times: user=0.22 sys=0.00, real=0.05 secs] 
4914.826: [GC (Allocation Failure) [PSYoungGen: 419573K->103724K(465920K)] 635781K->390220K(1864192K), 0.0441196 secs] [Times: user=0.22 sys=0.00, real=0.05 secs] 
4915.730: [GC (Allocation Failure) [PSYoungGen: 336684K->163123K(465920K)] 623180K->483964K(1864192K), 0.1072882 secs] [Times: user=0.55 sys=0.00, real=0.10 secs] 
4916.078: [GC (Allocation Failure) [PSYoungGen: 396083K->180789K(465920K)] 716924K->552502K(1864192K), 0.0409327 secs] [Times: user=0.18 sys=0.00, real=0.04 secs] 
4916.238: [GC (Allocation Failure) [PSYoungGen: 413749K->185559K(465920K)] 785462K->620512K(1864192K), 0.0490838 secs] [Times: user=0.22 sys=0.00, real=0.05 secs] 
4916.402: [GC (Allocation Failure) [PSYoungGen: 418519K->186901K(465920K)] 853472K->680638K(1864192K), 0.0564493 secs] [Times: user=0.27 sys=0.01, real=0.05 secs] 
4917.831: [GC (Allocation Failure) [PSYoungGen: 419861K->89866K(465920K)] 913598K->654100K(1864192K), 0.0668652 secs] [Times: user=0.36 sys=0.00, real=0.06 secs] 
4919.117: [GC (Allocation Failure) [PSYoungGen: 322826K->173109K(465920K)] 887060K->766091K(1864192K), 0.0507722 secs] [Times: user=0.23 sys=0.00, real=0.05 secs] 
4919.353: [GC (Allocation Failure) [PSYoungGen: 406069K->184822K(465920K)] 999051K->831824K(1864192K), 0.0601795 secs] [Times: user=0.29 sys=0.00, real=0.06 secs] 
4919.537: [GC (Allocation Failure) [PSYoungGen: 417782K->186805K(465920K)] 1064784K->889871K(1864192K), 0.0456962 secs] [Times: user=0.21 sys=0.00, real=0.05 secs] 
4920.512: [GC (Allocation Failure) [PSYoungGen: 419765K->111069K(465920K)] 1122831K->884608K(1864192K), 0.0464374 secs] [Times: user=0.24 sys=0.00, real=0.04 secs] 
4921.234: [GC (Allocation Failure) [PSYoungGen: 344029K->153266K(465920K)] 1117568K->962805K(1864192K), 0.1286504 secs] [Times: user=0.69 sys=0.00, real=0.13 secs] 
4921.610: [GC (GCLocker Initiated GC) [PSYoungGen: 386226K->181109K(465920K)] 1195771K->1038286K(1864192K), 0.0406316 secs] [Times: user=0.17 sys=0.00, real=0.04 secs] 
4921.804: [GC (Allocation Failure) [PSYoungGen: 414069K->184823K(465920K)] 1271284K->1113445K(1864192K), 0.0638053 secs] [Times: user=0.32 sys=0.00, real=0.06 secs] 
4922.023: [GC (Allocation Failure) [PSYoungGen: 417783K->186485K(465920K)] 1346405K->1173708K(1864192K), 0.0808730 secs] [Times: user=0.41 sys=0.00, real=0.08 secs] 
4923.168: [GC (Allocation Failure) [PSYoungGen: 419445K->93835K(465920K)] 1406668K->1151402K(1864192K), 0.0468280 secs] [Times: user=0.24 sys=0.00, real=0.05 secs] 
4924.367: [GC (Allocation Failure) [PSYoungGen: 326795K->170676K(465920K)] 1384362K->1258152K(1864192K), 0.0553068 secs] [Times: user=0.25 sys=0.00, real=0.06 secs] 
4924.583: [GC (Allocation Failure) [PSYoungGen: 403636K->184630K(465920K)] 1491112K->1325537K(1864192K), 0.0440303 secs] [Times: user=0.20 sys=0.00, real=0.04 secs] 
4924.742: [GC (Allocation Failure) [PSYoungGen: 417590K->186837K(465920K)] 1558497K->1383657K(1864192K), 0.0469943 secs] [Times: user=0.22 sys=0.00, real=0.04 secs] 
4925.798: [GC (Allocation Failure) [PSYoungGen: 419797K->120207K(465920K)] 1616617K->1387526K(1864192K), 0.0484180 secs] [Times: user=0.25 sys=0.00, real=0.05 secs] 
4926.534: [GC (Allocation Failure) [PSYoungGen: 353099K->148353K(465920K)] 1620419K->1453785K(1864192K), 0.1315270 secs] [Times: user=0.70 sys=0.00, real=0.13 secs] 
4927.283: [GC (Allocation Failure) [PSYoungGen: 381313K->179253K(465920K)] 1686745K->1530937K(1864192K), 0.0541365 secs] [Times: user=0.24 sys=0.00, real=0.05 secs] 
4927.337: [Full GC (Ergonomics) [PSYoungGen: 179253K->0K(465920K)] [ParOldGen: 1351684K->242820K(1398272K)] 1530937K->242820K(1864192K), [Metaspace: 60455K->60455K(1105920K)], 0.3159176 secs] [Times: user=1.45 sys=0.00, real=0.32 secs] 
4927.777: [GC (Allocation Failure) [PSYoungGen: 232960K->185623K(465920K)] 475780K->428443K(1864192K), 0.0920328 secs] [Times: user=0.49 sys=0.00, real=0.10 secs] 
4927.994: [GC (Allocation Failure) [PSYoungGen: 418583K->183540K(465920K)] 661403K->485217K(1864192K), 0.0569770 secs] [Times: user=0.28 sys=0.00, real=0.06 secs] 
4928.986: [GC (Allocation Failure) [PSYoungGen: 416500K->97195K(465920K)] 718177K->468248K(1864192K), 0.0424101 secs] [Times: user=0.22 sys=0.00, real=0.04 secs] 
4929.562: [GC (Allocation Failure) [PSYoungGen: 330155K->177749K(465920K)] 701208K->579782K(1864192K), 0.0558108 secs] [Times: user=0.24 sys=0.00, real=0.05 secs] 
4929.772: [GC (Allocation Failure) [PSYoungGen: 410709K->178133K(465920K)] 812742K->635662K(1864192K), 0.0422196 secs] [Times: user=0.19 sys=0.00, real=0.04 secs] 
4929.928: [GC (Allocation Failure) [PSYoungGen: 411093K->186997K(465920K)] 868622K->698910K(1864192K), 0.0447382 secs] [Times: user=0.21 sys=0.00, real=0.05 secs] 
4930.913: [GC (Allocation Failure) [PSYoungGen: 419957K->128432K(465920K)] 931870K->710905K(1864192K), 0.0479436 secs] [Times: user=0.24 sys=0.00, real=0.05 secs] 
4931.386: [GC (Allocation Failure) [PSYoungGen: 361392K->143825K(465920K)] 943865K->767134K(1864192K), 0.0568049 secs] [Times: user=0.29 sys=0.00, real=0.06 secs] 
4931.693: [GC (Allocation Failure) [PSYoungGen: 376785K->182613K(465920K)] 1000094K->850844K(1864192K), 0.0398562 secs] [Times: user=0.17 sys=0.00, real=0.04 secs] 
4931.877: [GC (Allocation Failure) [PSYoungGen: 415573K->185975K(465920K)] 1083804K->918177K(1864192K), 0.0548527 secs] [Times: user=0.26 sys=0.00, real=0.06 secs] 
4932.071: [GC (Allocation Failure) [PSYoungGen: 418935K->186645K(465920K)] 1151137K->977767K(1864192K), 0.0615481 secs] [Times: user=0.30 sys=0.00, real=0.06 secs] 
4933.079: [GC (Allocation Failure) [PSYoungGen: 419605K->91419K(465920K)] 1210727K->953017K(1864192K), 0.0570592 secs] [Times: user=0.30 sys=0.00, real=0.06 secs] 
4934.697: [GC (Allocation Failure) [PSYoungGen: 324379K->172724K(465920K)] 1185977K->1063360K(1864192K), 0.0601596 secs] [Times: user=0.27 sys=0.00, real=0.06 secs] 
4934.924: [GC (Allocation Failure) [PSYoungGen: 405684K->181333K(465920K)] 1296320K->1126149K(1864192K), 0.0440436 secs] [Times: user=0.19 sys=0.01, real=0.04 secs] 
4935.107: [GC (Allocation Failure) [PSYoungGen: 414293K->187061K(465920K)] 1359109K->1187084K(1864192K), 0.0611827 secs] [Times: user=0.30 sys=0.00, real=0.06 secs] 
4936.185: [GC (Allocation Failure) [PSYoungGen: 420021K->132336K(465920K)] 1420044K->1202848K(1864192K), 0.0496092 secs] [Times: user=0.25 sys=0.00, real=0.05 secs] 
4936.659: [GC (Allocation Failure) [PSYoungGen: 365187K->141281K(465920K)] 1435699K->1253832K(1864192K), 0.1262862 secs] [Times: user=0.68 sys=0.00, real=0.13 secs] 
4937.189: [GC (Allocation Failure) [PSYoungGen: 374241K->173524K(465920K)] 1486792K->1331056K(1864192K), 0.0395218 secs] [Times: user=0.18 sys=0.00, real=0.04 secs] 
4937.348: [GC (Allocation Failure) [PSYoungGen: 406484K->185239K(465920K)] 1564016K->1403883K(1864192K), 0.0510427 secs] [Times: user=0.23 sys=0.00, real=0.05 secs] 
4937.515: [GC (Allocation Failure) [PSYoungGen: 418199K->186389K(465920K)] 1636843K->1463785K(1864192K), 0.0588573 secs] [Times: user=0.29 sys=0.00, real=0.06 secs] 
4938.583: [GC (Allocation Failure) [PSYoungGen: 419349K->94363K(465920K)] 1696745K->1441943K(1864192K), 0.0522362 secs] [Times: user=0.28 sys=0.00, real=0.05 secs] 
4938.635: [Full GC (Ergonomics) [PSYoungGen: 94363K->0K(465920K)] [ParOldGen: 1347580K->97914K(1398272K)] 1441943K->97914K(1864192K), [Metaspace: 60466K->59593K(1105920K)], 0.0727654 secs] [Times: user=0.27 sys=0.00, real=0.07 secs] 
4939.127: [GC (Allocation Failure) [PSYoungGen: 232960K->178965K(465920K)] 330874K->276879K(1864192K), 0.0307059 secs] [Times: user=0.11 sys=0.00, real=0.03 secs] 
4939.326: [GC (Allocation Failure) [PSYoungGen: 411925K->184278K(465920K)] 509839K->337396K(1864192K), 0.0590656 secs] [Times: user=0.28 sys=0.00, real=0.06 secs] 
4939.554: [GC (Allocation Failure) [PSYoungGen: 417238K->183668K(465920K)] 570356K->392579K(1864192K), 0.0629963 secs] [Times: user=0.30 sys=0.01, real=0.06 secs] 
4940.525: [GC (Allocation Failure) [PSYoungGen: 416628K->139665K(465920K)] 625539K->417991K(1864192K), 0.0486631 secs] [Times: user=0.24 sys=0.01, real=0.05 secs] 
4941.292: [GC (Allocation Failure) [PSYoungGen: 372625K->134128K(465920K)] 650951K->456802K(1864192K), 0.1540197 secs] [Times: user=0.85 sys=0.00, real=0.15 secs] 
4941.834: [GC (Allocation Failure) [PSYoungGen: 367088K->174804K(465920K)] 689762K->539964K(1864192K), 0.0536524 secs] [Times: user=0.25 sys=0.00, real=0.05 secs] 
4942.094: [GC (Allocation Failure) [PSYoungGen: 407764K->185207K(465920K)] 772924K->612230K(1864192K), 0.0656051 secs] [Times: user=0.32 sys=0.00, real=0.07 secs] 
4942.285: [GC (Allocation Failure) [PSYoungGen: 418167K->183508K(465920K)] 845190K->669244K(1864192K), 0.0614776 secs] [Times: user=0.29 sys=0.00, real=0.06 secs] 
4943.297: [GC (Allocation Failure) [PSYoungGen: 416468K->95803K(465920K)] 902204K->650731K(1864192K), 0.0427844 secs] [Times: user=0.22 sys=0.00, real=0.05 secs] 
4944.069: [GC (Allocation Failure) [PSYoungGen: 328763K->177589K(465920K)] 883691K->763833K(1864192K), 0.0499869 secs] [Times: user=0.21 sys=0.00, real=0.05 secs] 
4944.272: [GC (Allocation Failure) [PSYoungGen: 410549K->183701K(465920K)] 996793K->825089K(1864192K), 0.0446859 secs] [Times: user=0.20 sys=0.00, real=0.04 secs] 
4944.543: [GC (Allocation Failure) [PSYoungGen: 416661K->183444K(465920K)] 1058049K->880616K(1864192K), 0.0626161 secs] [Times: user=0.30 sys=0.00, real=0.06 secs] 
4946.084: [GC (Allocation Failure) [PSYoungGen: 416404K->144754K(465920K)] 1113576K->911229K(1864192K), 0.0504486 secs] [Times: user=0.24 sys=0.00, real=0.05 secs] 
4946.671: [GC (Allocation Failure) [PSYoungGen: 377714K->124398K(465920K)] 1144189K->936714K(1864192K), 0.1219794 secs] [Times: user=0.67 sys=0.00, real=0.12 secs] 
4947.268: [GC (Allocation Failure) [PSYoungGen: 357358K->178293K(465920K)] 1169674K->1030113K(1864192K), 0.0498706 secs] [Times: user=0.23 sys=0.00, real=0.05 secs] 
4947.478: [GC (Allocation Failure) [PSYoungGen: 411253K->179286K(465920K)] 1263073K->1093287K(1864192K), 0.0704102 secs] [Times: user=0.34 sys=0.01, real=0.07 secs] 
4947.721: [GC (Allocation Failure) [PSYoungGen: 412246K->186901K(465920K)] 1326247K->1158238K(1864192K), 0.0845251 secs] [Times: user=0.42 sys=0.00, real=0.08 secs] 
4948.841: [GC (Allocation Failure) [PSYoungGen: 419861K->99308K(465920K)] 1391198K->1141284K(1864192K), 0.0468955 secs] [Times: user=0.24 sys=0.00, real=0.04 secs] 
4950.145: [GC (Allocation Failure) [PSYoungGen: 332268K->166196K(465920K)] 1374244K->1239801K(1864192K), 0.0712312 secs] [Times: user=0.34 sys=0.01, real=0.07 secs] 
4950.389: [GC (Allocation Failure) [PSYoungGen: 399156K->184726K(465920K)] 1472761K->1310711K(1864192K), 0.0438178 secs] [Times: user=0.20 sys=0.00, real=0.05 secs] 
4950.545: [GC (Allocation Failure) [PSYoungGen: 407993K->174965K(465920K)] 1533979K->1365231K(1864192K), 0.0497154 secs] [Times: user=0.24 sys=0.00, real=0.05 secs] 
4951.468: [GC (Allocation Failure) [PSYoungGen: 407925K->169075K(457728K)] 1598191K->1414909K(1856000K), 0.0574738 secs] [Times: user=0.29 sys=0.01, real=0.06 secs] 
4952.231: [GC (Allocation Failure) [PSYoungGen: 402035K->104796K(461824K)] 1647869K->1415382K(1860096K), 0.0879980 secs] [Times: user=0.47 sys=0.00, real=0.09 secs] 
4952.912: [GC (Allocation Failure) [PSYoungGen: 337600K->178709K(465408K)] 1648186K->1522020K(1863680K), 0.0484389 secs] [Times: user=0.22 sys=0.00, real=0.05 secs] 
4952.961: [Full GC (Ergonomics) [PSYoungGen: 178709K->0K(465408K)] [ParOldGen: 1343310K->228528K(1398272K)] 1522020K->228528K(1863680K), [Metaspace: 59593K->59593K(1105920K)], 0.2723927 secs] [Times: user=1.23 sys=0.00, real=0.27 secs] 
4953.346: [GC (Allocation Failure) [PSYoungGen: 232960K->184886K(465920K)] 461488K->413414K(1864192K), 0.0263161 secs] [Times: user=0.10 sys=0.00, real=0.03 secs] 
4953.498: [GC (Allocation Failure) [PSYoungGen: 417846K->183668K(465920K)] 646374K->467973K(1864192K), 0.0439343 secs] [Times: user=0.20 sys=0.00, real=0.05 secs] 
4954.507: [GC (Allocation Failure) [PSYoungGen: 416628K->97611K(465920K)] 700933K->451292K(1864192K), 0.0430557 secs] [Times: user=0.22 sys=0.00, real=0.05 secs] 
4955.408: [GC (Allocation Failure) [PSYoungGen: 330571K->170644K(465920K)] 684252K->556570K(1864192K), 0.0778401 secs] [Times: user=0.38 sys=0.00, real=0.08 secs] 
4955.650: [GC (Allocation Failure) [PSYoungGen: 403604K->184470K(465920K)] 789530K->623323K(1864192K), 0.0423330 secs] [Times: user=0.19 sys=0.00, real=0.04 secs] 
4955.809: [GC (Allocation Failure) [PSYoungGen: 417430K->183830K(465920K)] 856283K->686796K(1864192K), 0.0496655 secs] [Times: user=0.23 sys=0.00, real=0.05 secs] 
4956.318: [GC (Allocation Failure) [PSYoungGen: 414411K->211348K(465920K)] 917377K->772849K(1864192K), 0.0536838 secs] [Times: user=0.26 sys=0.00, real=0.06 secs] 
4958.145: [GC (Allocation Failure) [PSYoungGen: 444308K->89530K(465920K)] 1005809K->718008K(1864192K), 0.0954790 secs] [Times: user=0.52 sys=0.00, real=0.10 secs] 
4959.321: [GC (Allocation Failure) [PSYoungGen: 322490K->178581K(465920K)] 950968K->835204K(1864192K), 0.0503167 secs] [Times: user=0.22 sys=0.00, real=0.05 secs] 
4959.519: [GC (Allocation Failure) [PSYoungGen: 411541K->181685K(465920K)] 1068164K->893920K(1864192K), 0.0428246 secs] [Times: user=0.19 sys=0.00, real=0.04 secs] 
4959.737: [GC (Allocation Failure) [PSYoungGen: 414645K->186869K(465920K)] 1126880K->954119K(1864192K), 0.0695732 secs] [Times: user=0.34 sys=0.00, real=0.07 secs] 
4960.754: [GC (Allocation Failure) [PSYoungGen: 419829K->107309K(465920K)] 1187079K->945079K(1864192K), 0.0455219 secs] [Times: user=0.24 sys=0.00, real=0.05 secs] 
4961.603: [GC (Allocation Failure) [PSYoungGen: 340269K->164723K(465920K)] 1178039K->1037247K(1864192K), 0.1206576 secs] [Times: user=0.63 sys=0.00, real=0.12 secs] 
4961.911: [GC (Allocation Failure) [PSYoungGen: 397683K->179509K(465920K)] 1270207K->1103308K(1864192K), 0.0422262 secs] [Times: user=0.18 sys=0.01, real=0.04 secs] 
4962.097: [GC (Allocation Failure) [PSYoungGen: 412469K->185623K(465920K)] 1336268K->1180510K(1864192K), 0.0676410 secs] [Times: user=0.33 sys=0.00, real=0.07 secs] 
4962.336: [GC (Allocation Failure) [PSYoungGen: 418583K->186293K(465920K)] 1413470K->1240236K(1864192K), 0.0715920 secs] [Times: user=0.37 sys=0.00, real=0.07 secs] 
4963.434: [GC (Allocation Failure) [PSYoungGen: 419253K->91786K(465920K)] 1473196K->1216082K(1864192K), 0.0410869 secs] [Times: user=0.21 sys=0.00, real=0.04 secs] 
4963.848: [GC (GCLocker Initiated GC) [PSYoungGen: 324746K->180374K(465920K)] 1449042K->1334418K(1864192K), 0.0353812 secs] [Times: user=0.15 sys=0.00, real=0.04 secs] 
4964.024: [GC (Allocation Failure) [PSYoungGen: 413334K->192630K(465920K)] 1567509K->1402549K(1864192K), 0.0490786 secs] [Times: user=0.23 sys=0.00, real=0.05 secs] 
4964.210: [GC (Allocation Failure) [PSYoungGen: 425590K->202485K(465920K)] 1635509K->1468204K(1864192K), 0.0503206 secs] [Times: user=0.24 sys=0.00, real=0.05 secs] 
4965.427: [GC (Allocation Failure) [PSYoungGen: 435445K->99980K(465920K)] 1701164K->1435907K(1864192K), 0.0455845 secs] [Times: user=0.23 sys=0.00, real=0.05 secs] 
4965.473: [Full GC (Ergonomics) [PSYoungGen: 99980K->0K(465920K)] [ParOldGen: 1335927K->87176K(1398272K)] 1435907K->87176K(1864192K), [Metaspace: 59595K->59595K(1105920K)], 0.0346018 secs] [Times: user=0.10 sys=0.00, real=0.03 secs] 
4966.354: [GC (Allocation Failure) [PSYoungGen: 232960K->163283K(465920K)] 320136K->250460K(1864192K), 0.0445209 secs] [Times: user=0.17 sys=0.00, real=0.04 secs] 
4966.607: [GC (Allocation Failure) [PSYoungGen: 396243K->184438K(465920K)] 483420K->322594K(1864192K), 0.0413082 secs] [Times: user=0.18 sys=0.00, real=0.04 secs] 
4966.794: [GC (Allocation Failure) [PSYoungGen: 417398K->185751K(465920K)] 555554K->388276K(1864192K), 0.0546317 secs] [Times: user=0.26 sys=0.01, real=0.05 secs] 
4966.986: [GC (Allocation Failure) [PSYoungGen: 418711K->183444K(465920K)] 621236K->445053K(1864192K), 0.0664435 secs] [Times: user=0.33 sys=0.00, real=0.07 secs] 
4968.012: [GC (Allocation Failure) [PSYoungGen: 416404K->91450K(465920K)] 678013K->422347K(1864192K), 0.0397150 secs] [Times: user=0.20 sys=0.00, real=0.04 secs] 
4969.381: [GC (Allocation Failure) [PSYoungGen: 324410K->174581K(465920K)] 655307K->534247K(1864192K), 0.0524524 secs] [Times: user=0.23 sys=0.00, real=0.05 secs] 
4969.635: [GC (Allocation Failure) [PSYoungGen: 407541K->181909K(465920K)] 767207K->596195K(1864192K), 0.0530336 secs] [Times: user=0.26 sys=0.00, real=0.05 secs] 
4969.846: [GC (Allocation Failure) [PSYoungGen: 414869K->183764K(465920K)] 829155K->653394K(1864192K), 0.0676585 secs] [Times: user=0.33 sys=0.00, real=0.07 secs] 
4970.879: [GC (Allocation Failure) [PSYoungGen: 416724K->115134K(465920K)] 886354K->654444K(1864192K), 0.0464087 secs] [Times: user=0.23 sys=0.00, real=0.05 secs] 
4971.385: [GC (Allocation Failure) [PSYoungGen: 348094K->156915K(465920K)] 887404K->733973K(1864192K), 0.1007705 secs] [Times: user=0.53 sys=0.00, real=0.10 secs] 
4971.730: [GC (Allocation Failure) [PSYoungGen: 389875K->183381K(465920K)] 966933K->808952K(1864192K), 0.0417679 secs] [Times: user=0.18 sys=0.00, real=0.04 secs] 
4971.913: [GC (GCLocker Initiated GC) [PSYoungGen: 416341K->182294K(465920K)] 1041912K->871624K(1864192K), 0.0616464 secs] [Times: user=0.29 sys=0.00, real=0.06 secs] 
4972.248: [GC (Allocation Failure) [PSYoungGen: 415254K->202421K(465920K)] 1104623K->949822K(1864192K), 0.0674788 secs] [Times: user=0.34 sys=0.00, real=0.07 secs] 
4973.301: [GC (Allocation Failure) [PSYoungGen: 433764K->92731K(465920K)] 1181165K->910316K(1864192K), 0.0421344 secs] [Times: user=0.21 sys=0.00, real=0.04 secs] 
4974.259: [GC (Allocation Failure) [PSYoungGen: 325691K->170132K(465920K)] 1143276K->1016930K(1864192K), 0.0532489 secs] [Times: user=0.24 sys=0.00, real=0.06 secs] 
4974.466: [GC (Allocation Failure) [PSYoungGen: 403092K->184470K(465920K)] 1249890K->1084836K(1864192K), 0.0450638 secs] [Times: user=0.20 sys=0.00, real=0.05 secs] 
4974.625: [GC (Allocation Failure) [PSYoungGen: 417430K->186837K(465920K)] 1317796K->1143043K(1864192K), 0.0476758 secs] [Times: user=0.22 sys=0.00, real=0.05 secs] 
4975.647: [GC (Allocation Failure) [PSYoungGen: 419797K->120414K(465920K)] 1376003K->1147037K(1864192K), 0.0491880 secs] [Times: user=0.25 sys=0.00, real=0.05 secs] 
4976.926: [GC (Allocation Failure) [PSYoungGen: 353374K->145649K(465920K)] 1379997K->1211012K(1864192K), 0.1506518 secs] [Times: user=0.82 sys=0.00, real=0.15 secs] 
4977.477: [GC (Allocation Failure) [PSYoungGen: 378609K->180565K(465920K)] 1443972K->1291484K(1864192K), 0.0497393 secs] [Times: user=0.24 sys=0.00, real=0.05 secs] 
4977.647: [GC (Allocation Failure) [PSYoungGen: 413525K->185879K(465920K)] 1524444K->1359902K(1864192K), 0.0518058 secs] [Times: user=0.24 sys=0.00, real=0.05 secs] 
4977.854: [GC (Allocation Failure) [PSYoungGen: 418839K->186773K(465920K)] 1592862K->1419860K(1864192K), 0.0845080 secs] [Times: user=0.43 sys=0.00, real=0.08 secs] 
4978.946: [GC (Allocation Failure) [PSYoungGen: 419733K->94443K(465920K)] 1652820K->1397958K(1864192K), 0.0460458 secs] [Times: user=0.24 sys=0.00, real=0.05 secs] 
4979.955: [GC (Allocation Failure) [PSYoungGen: 327403K->173076K(465920K)] 1630918K->1506833K(1864192K), 0.0579906 secs] [Times: user=0.26 sys=0.00, real=0.06 secs] 
4980.013: [Full GC (Ergonomics) [PSYoungGen: 173076K->0K(465920K)] [ParOldGen: 1333756K->210378K(1398272K)] 1506833K->210378K(1864192K), [Metaspace: 59595K->59595K(1105920K)], 0.2656618 secs] [Times: user=1.26 sys=0.00, real=0.26 secs] 
4980.410: [GC (Allocation Failure) [PSYoungGen: 232960K->184694K(465920K)] 443338K->395072K(1864192K), 0.0271536 secs] [Times: user=0.09 sys=0.00, real=0.02 secs] 
4980.547: [GC (Allocation Failure) [PSYoungGen: 417654K->183540K(465920K)] 628032K->450151K(1864192K), 0.0436489 secs] [Times: user=0.20 sys=0.01, real=0.05 secs] 
4981.511: [GC (Allocation Failure) [PSYoungGen: 416500K->128496K(465920K)] 683111K->464470K(1864192K), 0.0474228 secs] [Times: user=0.24 sys=0.00, real=0.04 secs] 
4981.986: [GC (Allocation Failure) [PSYoungGen: 359148K->142129K(465920K)] 695122K->518903K(1864192K), 0.1203439 secs] [Times: user=0.65 sys=0.00, real=0.12 secs] 
4982.646: [GC (Allocation Failure) [PSYoungGen: 375089K->174452K(465920K)] 751863K->596459K(1864192K), 0.0458295 secs] [Times: user=0.21 sys=0.00, real=0.05 secs] 
4982.836: [GC (Allocation Failure) [PSYoungGen: 407412K->185815K(465920K)] 829419K->668942K(1864192K), 0.0549304 secs] [Times: user=0.26 sys=0.00, real=0.06 secs] 
4983.013: [GC (Allocation Failure) [PSYoungGen: 418775K->186933K(465920K)] 901902K->728788K(1864192K), 0.0584604 secs] [Times: user=0.29 sys=0.00, real=0.06 secs] 
4984.003: [GC (Allocation Failure) [PSYoungGen: 419893K->91483K(465920K)] 961748K->703898K(1864192K), 0.0508916 secs] [Times: user=0.27 sys=0.00, real=0.05 secs] 
4985.513: [GC (Allocation Failure) [PSYoungGen: 324443K->172404K(465920K)] 936858K->813769K(1864192K), 0.0555748 secs] [Times: user=0.24 sys=0.00, real=0.05 secs] 
4985.741: [GC (Allocation Failure) [PSYoungGen: 405364K->184886K(465920K)] 1046729K->880254K(1864192K), 0.0424889 secs] [Times: user=0.19 sys=0.00, real=0.04 secs] 
4985.920: [GC (Allocation Failure) [PSYoungGen: 417846K->187125K(465920K)] 1113214K->938525K(1864192K), 0.0497139 secs] [Times: user=0.23 sys=0.00, real=0.05 secs] 
4986.918: [GC (Allocation Failure) [PSYoungGen: 420085K->136337K(465920K)] 1171485K->958265K(1864192K), 0.0494873 secs] [Times: user=0.25 sys=0.00, real=0.05 secs] 
4987.824: [GC (Allocation Failure) [PSYoungGen: 369297K->130991K(465920K)] 1191225K->996224K(1864192K), 0.1254832 secs] [Times: user=0.68 sys=0.00, real=0.13 secs] 
4988.364: [GC (Allocation Failure) [PSYoungGen: 363951K->177589K(465920K)] 1229184K->1084654K(1864192K), 0.0456580 secs] [Times: user=0.21 sys=0.00, real=0.05 secs] 
4988.528: [GC (Allocation Failure) [PSYoungGen: 410549K->185783K(465920K)] 1317614K->1155012K(1864192K), 0.0515232 secs] [Times: user=0.24 sys=0.00, real=0.06 secs] 
4988.717: [GC (Allocation Failure) [PSYoungGen: 418743K->186645K(465920K)] 1387972K->1214962K(1864192K), 0.0811560 secs] [Times: user=0.36 sys=0.00, real=0.08 secs] 
4989.803: [GC (Allocation Failure) [PSYoungGen: 419605K->94699K(465920K)] 1447922K->1193408K(1864192K), 0.0470579 secs] [Times: user=0.25 sys=0.00, real=0.05 secs] 
4990.321: [GC (Allocation Failure) [PSYoungGen: 327659K->174677K(465920K)] 1426368K->1304550K(1864192K), 0.0563274 secs] [Times: user=0.25 sys=0.00, real=0.05 secs] 
4990.599: [GC (Allocation Failure) [PSYoungGen: 407637K->184118K(465920K)] 1537510K->1368859K(1864192K), 0.0530837 secs] [Times: user=0.26 sys=0.00, real=0.05 secs] 
4990.771: [GC (Allocation Failure) [PSYoungGen: 417078K->183284K(465920K)] 1601819K->1423866K(1864192K), 0.0464111 secs] [Times: user=0.22 sys=0.00, real=0.04 secs] 
4991.847: [GC (Allocation Failure) [PSYoungGen: 416244K->144754K(465920K)] 1656826K->1454575K(1864192K), 0.0513775 secs] [Times: user=0.26 sys=0.00, real=0.05 secs] 
4992.479: [GC (Allocation Failure) [PSYoungGen: 377714K->128975K(465920K)] 1687535K->1484645K(1864192K), 0.1051652 secs] [Times: user=0.57 sys=0.00, real=0.11 secs] 
4992.584: [Full GC (Ergonomics) [PSYoungGen: 128975K->0K(465920K)] [ParOldGen: 1355669K->146153K(1398272K)] 1484645K->146153K(1864192K), [Metaspace: 59595K->59595K(1105920K)], 0.1627013 secs] [Times: user=0.70 sys=0.00, real=0.16 secs] 
4992.971: [GC (Allocation Failure) [PSYoungGen: 232960K->178133K(465920K)] 379113K->324286K(1864192K), 0.0262803 secs] [Times: user=0.09 sys=0.00, real=0.02 secs] 
4993.142: [GC (Allocation Failure) [PSYoungGen: 411093K->182422K(465920K)] 557246K->390991K(1864192K), 0.0476991 secs] [Times: user=0.22 sys=0.00, real=0.04 secs] 
4993.302: [GC (Allocation Failure) [PSYoungGen: 415382K->186805K(465920K)] 623951K->453526K(1864192K), 0.0555923 secs] [Times: user=0.27 sys=0.00, real=0.05 secs] 
4994.315: [GC (Allocation Failure) [PSYoungGen: 419765K->94683K(465920K)] 686486K->431900K(1864192K), 0.0435405 secs] [Times: user=0.22 sys=0.00, real=0.04 secs] 
4995.488: [GC (Allocation Failure) [PSYoungGen: 327643K->172852K(465920K)] 664860K->540271K(1864192K), 0.0606221 secs] [Times: user=0.27 sys=0.00, real=0.06 secs] 
4995.777: [GC (Allocation Failure) [PSYoungGen: 405812K->181301K(465920K)] 773231K->602659K(1864192K), 0.0463242 secs] [Times: user=0.21 sys=0.00, real=0.05 secs] 
4995.971: [GC (Allocation Failure) [PSYoungGen: 414261K->220213K(465920K)] 835619K->696755K(1864192K), 0.0634956 secs] [Times: user=0.31 sys=0.00, real=0.06 secs] 
4997.010: [GC (Allocation Failure) [PSYoungGen: 453173K->148978K(465920K)] 929715K->696240K(1864192K), 0.0511754 secs] [Times: user=0.25 sys=0.00, real=0.05 secs] 
4997.553: [GC (Allocation Failure) [PSYoungGen: 381938K->125695K(465920K)] 929200K->720141K(1864192K), 0.1088536 secs] [Times: user=0.60 sys=0.01, real=0.11 secs] 
4997.918: [GC (Allocation Failure) [PSYoungGen: 358655K->178197K(465920K)] 953101K->813064K(1864192K), 0.0526556 secs] [Times: user=0.24 sys=0.00, real=0.06 secs] 
4998.101: [GC (GCLocker Initiated GC) [PSYoungGen: 411157K->184791K(465920K)] 1046024K->881850K(1864192K), 0.0498478 secs] [Times: user=0.22 sys=0.00, real=0.05 secs] 
4998.261: [GC (Allocation Failure) [PSYoungGen: 417751K->183284K(465920K)] 1115105K->939519K(1864192K), 0.0558338 secs] [Times: user=0.27 sys=0.00, real=0.05 secs] 
4999.285: [GC (Allocation Failure) [PSYoungGen: 416244K->95707K(465920K)] 1172479K->921221K(1864192K), 0.0447307 secs] [Times: user=0.24 sys=0.00, real=0.05 secs] 
5000.204: [GC (Allocation Failure) [PSYoungGen: 328667K->171636K(465920K)] 1154181K->1027972K(1864192K), 0.0678089 secs] [Times: user=0.32 sys=0.00, real=0.07 secs] 
5000.474: [GC (Allocation Failure) [PSYoungGen: 404596K->181141K(465920K)] 1260932K->1091000K(1864192K), 0.0508825 secs] [Times: user=0.25 sys=0.00, real=0.05 secs] 
5000.686: [GC (Allocation Failure) [PSYoungGen: 398348K->172949K(465920K)] 1308207K->1146421K(1864192K), 0.0786446 secs] [Times: user=0.40 sys=0.00, real=0.08 secs] 
5001.632: [GC (Allocation Failure) [PSYoungGen: 405909K->169139K(463872K)] 1379381K->1197586K(1862144K), 0.0579467 secs] [Times: user=0.30 sys=0.00, real=0.06 secs] 
5002.232: [GC (GCLocker Initiated GC) [PSYoungGen: 402099K->108061K(464896K)] 1430546K->1201212K(1863168K), 0.0815518 secs] [Times: user=0.43 sys=0.00, real=0.08 secs] 
5003.424: [GC (Allocation Failure) [PSYoungGen: 341021K->175029K(465920K)] 1434303K->1302084K(1864192K), 0.0535959 secs] [Times: user=0.25 sys=0.00, real=0.05 secs] 
5003.618: [GC (Allocation Failure) [PSYoungGen: 407989K->184758K(465920K)] 1535044K->1366897K(1864192K), 0.0444873 secs] [Times: user=0.20 sys=0.00, real=0.05 secs] 
5003.774: [GC (Allocation Failure) [PSYoungGen: 417718K->186837K(465920K)] 1599857K->1424720K(1864192K), 0.0466123 secs] [Times: user=0.22 sys=0.00, real=0.05 secs] 
5004.823: [GC (Allocation Failure) [PSYoungGen: 419797K->98972K(465920K)] 1657680K->1407415K(1864192K), 0.0491932 secs] [Times: user=0.26 sys=0.00, real=0.05 secs] 
5005.402: [GC (Allocation Failure) [PSYoungGen: 331932K->170612K(465920K)] 1640375K->1511721K(1864192K), 0.0838489 secs] [Times: user=0.41 sys=0.00, real=0.08 secs] 
5005.486: [Full GC (Ergonomics) [PSYoungGen: 170612K->0K(465920K)] [ParOldGen: 1341108K->195498K(1398272K)] 1511721K->195498K(1864192K), [Metaspace: 59595K->59595K(1105920K)], 0.2348444 secs] [Times: user=1.10 sys=0.00, real=0.24 secs] 
5005.842: [GC (Allocation Failure) [PSYoungGen: 232960K->184213K(465920K)] 428458K->379712K(1864192K), 0.0336907 secs] [Times: user=0.14 sys=0.00, real=0.03 secs] 
5005.992: [GC (Allocation Failure) [PSYoungGen: 417173K->182262K(465920K)] 612672K->441948K(1864192K), 0.0439835 secs] [Times: user=0.19 sys=0.00, real=0.04 secs] 
5006.846: [GC (Allocation Failure) [PSYoungGen: 413663K->211091K(465920K)] 673349K->528554K(1864192K), 0.0557364 secs] [Times: user=0.28 sys=0.00, real=0.06 secs] 
5007.211: [GC (Allocation Failure) [PSYoungGen: 444051K->101628K(465920K)] 761514K->485558K(1864192K), 0.0588978 secs] [Times: user=0.31 sys=0.00, real=0.06 secs] 
5007.828: [GC (Allocation Failure) [PSYoungGen: 334588K->178165K(465920K)] 718518K->594196K(1864192K), 0.0494662 secs] [Times: user=0.22 sys=0.00, real=0.05 secs] 
5008.065: [GC (Allocation Failure) [PSYoungGen: 411125K->184726K(465920K)] 827156K->656376K(1864192K), 0.0596818 secs] [Times: user=0.28 sys=0.00, real=0.06 secs] 
5008.243: [GC (Allocation Failure) [PSYoungGen: 417686K->186901K(465920K)] 889336K->714479K(1864192K), 0.0455141 secs] [Times: user=0.21 sys=0.00, real=0.04 secs] 
5009.236: [GC (Allocation Failure) [PSYoungGen: 419861K->97531K(465920K)] 947439K->695678K(1864192K), 0.0473981 secs] [Times: user=0.19 sys=0.00, real=0.05 secs] 
5010.779: [GC (Allocation Failure) [PSYoungGen: 330395K->165716K(465920K)] 928542K->795307K(1864192K), 0.1137229 secs] [Times: user=0.59 sys=0.00, real=0.12 secs] 
5011.086: [GC (Allocation Failure) [PSYoungGen: 398676K->184662K(465920K)] 1028267K->865965K(1864192K), 0.0425507 secs] [Times: user=0.19 sys=0.00, real=0.04 secs] 
5011.244: [GC (Allocation Failure) [PSYoungGen: 417622K->186103K(465920K)] 1098925K->931502K(1864192K), 0.0503673 secs] [Times: user=0.23 sys=0.00, real=0.05 secs] 
5011.686: [GC (Allocation Failure) [PSYoungGen: 418991K->213844K(465920K)] 1164390K->1018299K(1864192K), 0.0535166 secs] [Times: user=0.26 sys=0.00, real=0.06 secs] 
5012.861: [GC (Allocation Failure) [PSYoungGen: 446804K->90426K(465920K)] 1251259K->962730K(1864192K), 0.0812822 secs] [Times: user=0.44 sys=0.00, real=0.08 secs] 
5013.719: [GC (Allocation Failure) [PSYoungGen: 323386K->181238K(465920K)] 1195690K->1082262K(1864192K), 0.0494682 secs] [Times: user=0.22 sys=0.00, real=0.05 secs] 
5013.947: [GC (Allocation Failure) [PSYoungGen: 414198K->184406K(465920K)] 1315222K->1141966K(1864192K), 0.0595412 secs] [Times: user=0.28 sys=0.00, real=0.06 secs] 
5014.130: [GC (Allocation Failure) [PSYoungGen: 417366K->186869K(465920K)] 1374926K->1200461K(1864192K), 0.0458715 secs] [Times: user=0.22 sys=0.00, real=0.04 secs] 
5015.173: [GC (Allocation Failure) [PSYoungGen: 419829K->102172K(465920K)] 1433421K->1186077K(1864192K), 0.0451848 secs] [Times: user=0.24 sys=0.00, real=0.04 secs] 
5016.490: [GC (Allocation Failure) [PSYoungGen: 335132K->161875K(465920K)] 1419037K->1279543K(1864192K), 0.0892905 secs] [Times: user=0.45 sys=0.01, real=0.08 secs] 
5016.836: [GC (Allocation Failure) [PSYoungGen: 394835K->184182K(465920K)] 1512503K->1352398K(1864192K), 0.0420226 secs] [Times: user=0.18 sys=0.00, real=0.04 secs] 
5016.996: [GC (Allocation Failure) [PSYoungGen: 417142K->186103K(465920K)] 1585358K->1418391K(1864192K), 0.0503999 secs] [Times: user=0.24 sys=0.00, real=0.05 secs] 
5017.479: [GC (Allocation Failure) [PSYoungGen: 419063K->186389K(465920K)] 1651351K->1477725K(1864192K), 0.0614338 secs] [Times: user=0.31 sys=0.00, real=0.07 secs] 
5018.843: [GC (Allocation Failure) [PSYoungGen: 419349K->81385K(465920K)] 1710685K->1443089K(1864192K), 0.0733717 secs] [Times: user=0.40 sys=0.00, real=0.07 secs] 
5018.916: [Full GC (Ergonomics) [PSYoungGen: 81385K->0K(465920K)] [ParOldGen: 1361704K->98153K(1398272K)] 1443089K->98153K(1864192K), [Metaspace: 59595K->59595K(1105920K)], 0.1424538 secs] [Times: user=0.60 sys=0.01, real=0.14 secs] 
5019.793: [GC (Allocation Failure) [PSYoungGen: 232960K->178997K(465920K)] 331113K->277151K(1864192K), 0.0359308 secs] [Times: user=0.14 sys=0.00, real=0.03 secs] 
5019.974: [GC (Allocation Failure) [PSYoungGen: 411957K->184662K(465920K)] 510111K->338883K(1864192K), 0.0411035 secs] [Times: user=0.19 sys=0.00, real=0.04 secs] 
5020.424: [GC (Allocation Failure) [PSYoungGen: 417622K->186485K(465920K)] 571843K->396482K(1864192K), 0.1033747 secs] [Times: user=0.53 sys=0.00, real=0.10 secs] 
5022.077: [GC (Allocation Failure) [PSYoungGen: 419445K->106477K(465920K)] 629442K->386842K(1864192K), 0.0447500 secs] [Times: user=0.23 sys=0.00, real=0.05 secs] 
5022.745: [GC (Allocation Failure) [PSYoungGen: 339437K->160435K(465920K)] 619802K->476049K(1864192K), 0.1171691 secs] [Times: user=0.61 sys=0.00, real=0.12 secs] 
5023.231: [GC (Allocation Failure) [PSYoungGen: 393395K->180341K(465920K)] 709009K->545571K(1864192K), 0.0414460 secs] [Times: user=0.19 sys=0.00, real=0.04 secs] 
5023.468: [GC (Allocation Failure) [PSYoungGen: 413301K->185591K(465920K)] 778531K->613793K(1864192K), 0.0620428 secs] [Times: user=0.30 sys=0.00, real=0.07 secs] 
5024.991: [GC (Allocation Failure) [PSYoungGen: 418551K->178996K(465920K)] 846753K->666038K(1864192K), 0.1088130 secs] [Times: user=0.57 sys=0.01, real=0.11 secs] 
5026.114: [GC (Allocation Failure) [PSYoungGen: 411956K->93947K(465920K)] 898998K->648861K(1864192K), 0.0406821 secs] [Times: user=0.21 sys=0.00, real=0.04 secs] 
5026.688: [GC (Allocation Failure) [PSYoungGen: 326907K->177429K(465920K)] 881821K->763043K(1864192K), 0.0529743 secs] [Times: user=0.24 sys=0.00, real=0.06 secs] 
5026.945: [GC (Allocation Failure) [PSYoungGen: 410389K->184598K(465920K)] 996003K->825524K(1864192K), 0.0567567 secs] [Times: user=0.26 sys=0.00, real=0.06 secs] 
5027.135: [GC (Allocation Failure) [PSYoungGen: 417558K->183348K(465920K)] 1058484K->880243K(1864192K), 0.0508650 secs] [Times: user=0.24 sys=0.01, real=0.05 secs] 
5028.190: [GC (Allocation Failure) [PSYoungGen: 416308K->117902K(465920K)] 1113203K->883869K(1864192K), 0.0470607 secs] [Times: user=0.24 sys=0.00, real=0.04 secs] 
5029.395: [GC (Allocation Failure) [PSYoungGen: 350862K->148337K(465920K)] 1116829K->951833K(1864192K), 0.1408713 secs] [Times: user=0.75 sys=0.00, real=0.14 secs] 
5029.832: [GC (Allocation Failure) [PSYoungGen: 381297K->180757K(465920K)] 1184793K->1030800K(1864192K), 0.0407679 secs] [Times: user=0.18 sys=0.00, real=0.04 secs] 
5029.992: [GC (Allocation Failure) [PSYoungGen: 413717K->185687K(465920K)] 1263760K->1098961K(1864192K), 0.0500069 secs] [Times: user=0.23 sys=0.00, real=0.05 secs] 
5030.157: [GC (Allocation Failure) [PSYoungGen: 418647K->186677K(465920K)] 1331921K->1158800K(1864192K), 0.0579421 secs] [Times: user=0.28 sys=0.00, real=0.06 secs] 
5031.165: [GC (Allocation Failure) [PSYoungGen: 419637K->95435K(465920K)] 1391760K->1137926K(1864192K), 0.0439009 secs] [Times: user=0.23 sys=0.00, real=0.04 secs] 
5032.298: [GC (Allocation Failure) [PSYoungGen: 328395K->173781K(465920K)] 1370886K->1247416K(1864192K), 0.0537067 secs] [Times: user=0.24 sys=0.00, real=0.06 secs] 
5032.582: [GC (Allocation Failure) [PSYoungGen: 406741K->180533K(465920K)] 1480376K->1308413K(1864192K), 0.0452669 secs] [Times: user=0.21 sys=0.00, real=0.04 secs] 
5032.740: [GC (Allocation Failure) [PSYoungGen: 413493K->186965K(465920K)] 1541373K->1370005K(1864192K), 0.0458188 secs] [Times: user=0.21 sys=0.00, real=0.04 secs] 
5033.782: [GC (Allocation Failure) [PSYoungGen: 419925K->125807K(465920K)] 1602965K->1379235K(1864192K), 0.0492113 secs] [Times: user=0.25 sys=0.00, real=0.05 secs] 
5034.622: [GC (Allocation Failure) [PSYoungGen: 358767K->145809K(465920K)] 1612195K->1439245K(1864192K), 0.1396885 secs] [Times: user=0.77 sys=0.00, real=0.14 secs] 
5035.050: [GC (Allocation Failure) [PSYoungGen: 378769K->183733K(465920K)] 1672205K->1523134K(1864192K), 0.0529797 secs] [Times: user=0.24 sys=0.00, real=0.05 secs] 
5035.103: [Full GC (Ergonomics) [PSYoungGen: 183733K->0K(465920K)] [ParOldGen: 1339400K->246818K(1398272K)] 1523134K->246818K(1864192K), [Metaspace: 59595K->59595K(1105920K)], 0.3022227 secs] [Times: user=1.39 sys=0.00, real=0.30 secs] 
5035.519: [GC (Allocation Failure) [PSYoungGen: 232960K->179350K(465920K)] 479778K->426168K(1864192K), 0.0844962 secs] [Times: user=0.44 sys=0.00, real=0.09 secs] 
5035.717: [GC (Allocation Failure) [PSYoungGen: 412310K->186645K(465920K)] 659128K->490847K(1864192K), 0.0549386 secs] [Times: user=0.27 sys=0.00, real=0.06 secs] 
5036.769: [GC (Allocation Failure) [PSYoungGen: 419605K->97467K(465920K)] 723807K->472142K(1864192K), 0.0531705 secs] [Times: user=0.28 sys=0.00, real=0.06 secs] 
5037.485: [GC (Allocation Failure) [PSYoungGen: 330427K->174197K(465920K)] 705102K->579748K(1864192K), 0.0640840 secs] [Times: user=0.29 sys=0.00, real=0.06 secs] 
5037.719: [GC (Allocation Failure) [PSYoungGen: 407157K->178229K(465920K)] 812708K->638376K(1864192K), 0.0430618 secs] [Times: user=0.18 sys=0.00, real=0.05 secs] 
5037.875: [GC (Allocation Failure) [PSYoungGen: 411189K->187093K(465920K)] 871336K->701824K(1864192K), 0.0450187 secs] [Times: user=0.20 sys=0.00, real=0.05 secs] 
5038.894: [GC (Allocation Failure) [PSYoungGen: 420053K->132944K(465920K)] 934784K->718207K(1864192K), 0.0484698 secs] [Times: user=0.24 sys=0.00, real=0.05 secs] 
5039.395: [GC (Allocation Failure) [PSYoungGen: 363373K->141473K(465920K)] 948636K->769064K(1864192K), 0.1227561 secs] [Times: user=0.66 sys=0.00, real=0.12 secs] 
5039.861: [GC (Allocation Failure) [PSYoungGen: 374433K->174420K(407552K)] 1002024K->846948K(1805824K), 0.0459648 secs] [Times: user=0.21 sys=0.00, real=0.04 secs] 
5040.067: [GC (Allocation Failure) [PSYoungGen: 407380K->185239K(462848K)] 1079908K->919039K(1861120K), 0.0773907 secs] [Times: user=0.38 sys=0.01, real=0.08 secs] 
5040.286: [GC (Allocation Failure) [PSYoungGen: 416663K->185109K(464384K)] 1150463K->977725K(1862656K), 0.0555483 secs] [Times: user=0.27 sys=0.00, real=0.06 secs] 
5041.288: [GC (Allocation Failure) [PSYoungGen: 416533K->90970K(465920K)] 1209149K->953563K(1864192K), 0.0425561 secs] [Times: user=0.22 sys=0.00, real=0.05 secs] 
5042.151: [GC (Allocation Failure) [PSYoungGen: 323930K->177749K(465920K)] 1186523K->1070219K(1864192K), 0.0534224 secs] [Times: user=0.24 sys=0.00, real=0.05 secs] 
5042.363: [GC (Allocation Failure) [PSYoungGen: 410709K->184182K(465920K)] 1303179K->1131659K(1864192K), 0.0445088 secs] [Times: user=0.20 sys=0.00, real=0.04 secs] 
5042.572: [GC (Allocation Failure) [PSYoungGen: 417142K->186517K(465920K)] 1364619K->1189602K(1864192K), 0.0503956 secs] [Times: user=0.24 sys=0.00, real=0.05 secs] 
5043.725: [GC (Allocation Failure) [PSYoungGen: 419477K->136080K(465920K)] 1422562K->1209566K(1864192K), 0.0505297 secs] [Times: user=0.25 sys=0.00, real=0.05 secs] 
5044.919: [GC (Allocation Failure) [PSYoungGen: 369040K->129295K(465920K)] 1442526K->1245997K(1864192K), 0.1703070 secs] [Times: user=0.96 sys=0.00, real=0.17 secs] 
5045.272: [GC (Allocation Failure) [PSYoungGen: 362255K->178709K(465920K)] 1478957K->1336911K(1864192K), 0.0388731 secs] [Times: user=0.17 sys=0.00, real=0.04 secs] 
5045.427: [GC (Allocation Failure) [PSYoungGen: 411669K->186103K(465920K)] 1569871K->1406417K(1864192K), 0.0505679 secs] [Times: user=0.24 sys=0.00, real=0.05 secs] 
5045.587: [GC (Allocation Failure) [PSYoungGen: 419063K->186805K(465920K)] 1639377K->1466239K(1864192K), 0.0589698 secs] [Times: user=0.29 sys=0.00, real=0.06 secs] 
5046.619: [GC (Allocation Failure) [PSYoungGen: 419765K->92283K(465920K)] 1699199K->1442185K(1864192K), 0.0457203 secs] [Times: user=0.23 sys=0.01, real=0.05 secs] 
5046.665: [Full GC (Ergonomics) [PSYoungGen: 92283K->0K(465920K)] [ParOldGen: 1349902K->94527K(1398272K)] 1442185K->94527K(1864192K), [Metaspace: 59595K->59595K(1105920K)], 0.0612734 secs] [Times: user=0.22 sys=0.00, real=0.06 secs] 
5048.269: [GC (Allocation Failure) [PSYoungGen: 232960K->170836K(465920K)] 327487K->265364K(1864192K), 0.0436604 secs] [Times: user=0.17 sys=0.00, real=0.05 secs] 
5048.506: [GC (Allocation Failure) [PSYoungGen: 403796K->184790K(465920K)] 498324K->332897K(1864192K), 0.0418264 secs] [Times: user=0.18 sys=0.00, real=0.04 secs] 
5048.657: [GC (Allocation Failure) [PSYoungGen: 417750K->187445K(465920K)] 565857K->391664K(1864192K), 0.0449619 secs] [Times: user=0.21 sys=0.00, real=0.05 secs] 
5049.597: [GC (Allocation Failure) [PSYoungGen: 420405K->145042K(465920K)] 624624K->419957K(1864192K), 0.0496079 secs] [Times: user=0.25 sys=0.00, real=0.05 secs] 
5050.296: [GC (Allocation Failure) [PSYoungGen: 378002K->127087K(465920K)] 652917K->447826K(1864192K), 0.1038917 secs] [Times: user=0.54 sys=0.00, real=0.11 secs] 
5050.662: [GC (Allocation Failure) [PSYoungGen: 360047K->174836K(465920K)] 680786K->536377K(1864192K), 0.0374969 secs] [Times: user=0.16 sys=0.00, real=0.04 secs] 
5050.819: [GC (Allocation Failure) [PSYoungGen: 407796K->185271K(465920K)] 769337K->616307K(1864192K), 0.0497306 secs] [Times: user=0.22 sys=0.00, real=0.05 secs] 
5051.202: [GC (Allocation Failure) [PSYoungGen: 418231K->185621K(465920K)] 849267K->675489K(1864192K), 0.0864202 secs] [Times: user=0.45 sys=0.00, real=0.08 secs] 
5052.373: [GC (Allocation Failure) [PSYoungGen: 418546K->93739K(465920K)] 908415K->653487K(1864192K), 0.0460902 secs] [Times: user=0.23 sys=0.00, real=0.04 secs] 
5053.241: [GC (Allocation Failure) [PSYoungGen: 326699K->173205K(465920K)] 886447K->763202K(1864192K), 0.0629872 secs] [Times: user=0.28 sys=0.00, real=0.06 secs] 
5053.547: [GC (Allocation Failure) [PSYoungGen: 406165K->181141K(465920K)] 996162K->825507K(1864192K), 0.0582361 secs] [Times: user=0.28 sys=0.00, real=0.06 secs] 
5053.782: [GC (Allocation Failure) [PSYoungGen: 399889K->171029K(465920K)] 1044255K->878323K(1864192K), 0.0671268 secs] [Times: user=0.33 sys=0.01, real=0.07 secs] 
5054.695: [GC (Allocation Failure) [PSYoungGen: 403989K->170035K(461824K)] 1111283K->931824K(1860096K), 0.0541853 secs] [Times: user=0.27 sys=0.00, real=0.05 secs] 
5055.494: [GC (GCLocker Initiated GC) [PSYoungGen: 402995K->105868K(463872K)] 1164784K->932770K(1862144K), 0.0846016 secs] [Times: user=0.45 sys=0.00, real=0.08 secs] 
5056.548: [GC (Allocation Failure) [PSYoungGen: 338828K->175573K(465920K)] 1165733K->1035658K(1864192K), 0.0526130 secs] [Times: user=0.24 sys=0.00, real=0.06 secs] 
5056.742: [GC (Allocation Failure) [PSYoungGen: 408533K->184662K(465920K)] 1268618K->1099855K(1864192K), 0.0439749 secs] [Times: user=0.20 sys=0.00, real=0.04 secs] 
5056.900: [GC (Allocation Failure) [PSYoungGen: 417622K->186741K(465920K)] 1332815K->1157835K(1864192K), 0.0468538 secs] [Times: user=0.22 sys=0.00, real=0.04 secs] 
5058.003: [GC (GCLocker Initiated GC) [PSYoungGen: 419701K->99740K(465920K)] 1390795K->1141410K(1864192K), 0.0508042 secs] [Times: user=0.26 sys=0.00, real=0.05 secs] 
5058.705: [GC (Allocation Failure) [PSYoungGen: 332700K->168084K(465920K)] 1374537K->1242877K(1864192K), 0.0779092 secs] [Times: user=0.38 sys=0.00, real=0.08 secs] 
5058.951: [GC (Allocation Failure) [PSYoungGen: 401044K->184310K(465920K)] 1475837K->1311859K(1864192K), 0.0435047 secs] [Times: user=0.19 sys=0.00, real=0.04 secs] 
5059.161: [GC (Allocation Failure) [PSYoungGen: 417270K->185463K(465920K)] 1544819K->1377048K(1864192K), 0.0781677 secs] [Times: user=0.39 sys=0.00, real=0.08 secs] 
5059.791: [GC (Allocation Failure) [PSYoungGen: 415426K->209875K(465920K)] 1607012K->1460613K(1864192K), 0.0536319 secs] [Times: user=0.27 sys=0.00, real=0.05 secs] 
5060.632: [GC (Allocation Failure) [PSYoungGen: 442835K->96587K(465920K)] 1693573K->1413837K(1864192K), 0.0577537 secs] [Times: user=0.31 sys=0.00, real=0.06 secs] 
5060.689: [Full GC (Ergonomics) [PSYoungGen: 96587K->0K(465920K)] [ParOldGen: 1317249K->113899K(1398272K)] 1413837K->113899K(1864192K), [Metaspace: 59595K->59595K(1105920K)], 0.1193594 secs] [Times: user=0.51 sys=0.00, real=0.11 secs] 
5061.138: [GC (Allocation Failure) [PSYoungGen: 232960K->178997K(465920K)] 346859K->292897K(1864192K), 0.0324420 secs] [Times: user=0.11 sys=0.01, real=0.04 secs] 
5061.299: [GC (Allocation Failure) [PSYoungGen: 411957K->184694K(465920K)] 525857K->354817K(1864192K), 0.0417985 secs] [Times: user=0.19 sys=0.00, real=0.05 secs] 
5061.454: [GC (Allocation Failure) [PSYoungGen: 417654K->186165K(465920K)] 587777K->412328K(1864192K), 0.0448708 secs] [Times: user=0.21 sys=0.00, real=0.04 secs] 
5062.501: [GC (Allocation Failure) [PSYoungGen: 419125K->99084K(465920K)] 645288K->395459K(1864192K), 0.0435851 secs] [Times: user=0.22 sys=0.00, real=0.04 secs] 
5063.252: [GC (Allocation Failure) [PSYoungGen: 332044K->169108K(465920K)] 628419K->498084K(1864192K), 0.1100365 secs] [Times: user=0.56 sys=0.00, real=0.11 secs] 
5063.551: [GC (Allocation Failure) [PSYoungGen: 402068K->184053K(465920K)] 731044K->565546K(1864192K), 0.0424699 secs] [Times: user=0.19 sys=0.00, real=0.04 secs] 
5063.709: [GC (Allocation Failure) [PSYoungGen: 417013K->185719K(465920K)] 798506K->631563K(1864192K), 0.0496773 secs] [Times: user=0.23 sys=0.00, real=0.05 secs] 
5064.140: [GC (Allocation Failure) [PSYoungGen: 416512K->215892K(465920K)] 862357K->720617K(1864192K), 0.0554095 secs] [Times: user=0.27 sys=0.00, real=0.05 secs] 
5065.304: [GC (Allocation Failure) [PSYoungGen: 448852K->91066K(465920K)] 953577K->664287K(1864192K), 0.0864504 secs] [Times: user=0.47 sys=0.01, real=0.09 secs] 
5066.651: [GC (Allocation Failure) [PSYoungGen: 324026K->176949K(465920K)] 897247K->778422K(1864192K), 0.0522096 secs] [Times: user=0.23 sys=0.00, real=0.05 secs] 
5066.849: [GC (Allocation Failure) [PSYoungGen: 409909K->184822K(465920K)] 1011382K->841635K(1864192K), 0.0433907 secs] [Times: user=0.20 sys=0.00, real=0.04 secs] 
5067.003: [GC (Allocation Failure) [PSYoungGen: 417782K->187125K(465920K)] 1074595K->899954K(1864192K), 0.0456335 secs] [Times: user=0.21 sys=0.00, real=0.04 secs] 
5067.999: [GC (Allocation Failure) [PSYoungGen: 420085K->100124K(465920K)] 1132914K->883465K(1864192K), 0.0445182 secs] [Times: user=0.24 sys=0.00, real=0.05 secs] 
5068.832: [GC (Allocation Failure) [PSYoungGen: 333084K->163571K(465920K)] 1116425K->979990K(1864192K), 0.0640262 secs] [Times: user=0.31 sys=0.00, real=0.06 secs] 
5069.168: [GC (Allocation Failure) [PSYoungGen: 396531K->184053K(465920K)] 1212950K->1051248K(1864192K), 0.0425758 secs] [Times: user=0.19 sys=0.00, real=0.05 secs] 
5069.355: [GC (Allocation Failure) [PSYoungGen: 417013K->185751K(465920K)] 1284208K->1116969K(1864192K), 0.0561840 secs] [Times: user=0.27 sys=0.00, real=0.06 secs] 
5069.535: [GC (Allocation Failure) [PSYoungGen: 418711K->186453K(465920K)] 1349929K->1176727K(1864192K), 0.0560320 secs] [Times: user=0.27 sys=0.00, real=0.06 secs] 
5070.746: [GC (Allocation Failure) [PSYoungGen: 419413K->91578K(465920K)] 1409687K->1152333K(1864192K), 0.0632299 secs] [Times: user=0.29 sys=0.00, real=0.07 secs] 
5071.814: [GC (Allocation Failure) [PSYoungGen: 324538K->173461K(465920K)] 1385293K->1262964K(1864192K), 0.0523866 secs] [Times: user=0.24 sys=0.00, real=0.05 secs] 
5072.014: [GC (Allocation Failure) [PSYoungGen: 406421K->184470K(465920K)] 1495924K->1328293K(1864192K), 0.0435233 secs] [Times: user=0.19 sys=0.00, real=0.04 secs] 
5072.169: [GC (Allocation Failure) [PSYoungGen: 417430K->187061K(465920K)] 1561253K->1386733K(1864192K), 0.0459456 secs] [Times: user=0.22 sys=0.00, real=0.04 secs] 
5073.163: [GC (Allocation Failure) [PSYoungGen: 420021K->106973K(465920K)] 1619693K->1377276K(1864192K), 0.0464930 secs] [Times: user=0.24 sys=0.00, real=0.05 secs] 
5074.272: [GC (Allocation Failure) [PSYoungGen: 339933K->160723K(465920K)] 1610236K->1465599K(1864192K), 0.1149739 secs] [Times: user=0.60 sys=0.00, real=0.11 secs] 
5074.726: [GC (Allocation Failure) [PSYoungGen: 393683K->181141K(465920K)] 1698559K->1536429K(1864192K), 0.0419950 secs] [Times: user=0.19 sys=0.00, real=0.04 secs] 
5074.768: [Full GC (Ergonomics) [PSYoungGen: 181141K->0K(465920K)] [ParOldGen: 1355288K->250175K(1398272K)] 1536429K->250175K(1864192K), [Metaspace: 59597K->59597K(1105920K)], 0.3076951 secs] [Times: user=1.41 sys=0.00, real=0.31 secs] 
5075.195: [GC (Allocation Failure) [PSYoungGen: 232960K->185975K(465920K)] 483135K->436151K(1864192K), 0.0906056 secs] [Times: user=0.47 sys=0.00, real=0.09 secs] 
5075.399: [GC (Allocation Failure) [PSYoungGen: 418935K->186645K(465920K)] 669111K->495889K(1864192K), 0.0557811 secs] [Times: user=0.27 sys=0.00, real=0.06 secs] 
5076.412: [GC (Allocation Failure) [PSYoungGen: 419605K->92043K(465920K)] 728849K->471783K(1864192K), 0.0441336 secs] [Times: user=0.23 sys=0.01, real=0.04 secs] 
5077.678: [GC (Allocation Failure) [PSYoungGen: 325003K->177237K(465920K)] 704743K->586306K(1864192K), 0.0506965 secs] [Times: user=0.23 sys=0.00, real=0.05 secs] 
5077.873: [GC (Allocation Failure) [PSYoungGen: 410197K->181013K(465920K)] 819266K->645210K(1864192K), 0.0437212 secs] [Times: user=0.20 sys=0.00, real=0.04 secs] 
5078.029: [GC (Allocation Failure) [PSYoungGen: 413973K->187029K(465920K)] 878170K->706482K(1864192K), 0.0459495 secs] [Times: user=0.22 sys=0.00, real=0.05 secs] 
5079.066: [GC (Allocation Failure) [PSYoungGen: 419989K->112733K(465920K)] 939442K->702718K(1864192K), 0.0467402 secs] [Times: user=0.24 sys=0.00, real=0.05 secs] 
5079.813: [GC (Allocation Failure) [PSYoungGen: 345693K->155794K(465920K)] 935678K->782280K(1864192K), 0.1248833 secs] [Times: user=0.67 sys=0.00, real=0.12 secs] 
5080.247: [GC (Allocation Failure) [PSYoungGen: 388754K->180757K(465920K)] 1015240K->856143K(1864192K), 0.0432476 secs] [Times: user=0.19 sys=0.00, real=0.05 secs] 
5080.442: [GC (Allocation Failure) [PSYoungGen: 413717K->185687K(465920K)] 1089103K->923936K(1864192K), 0.0734217 secs] [Times: user=0.36 sys=0.00, real=0.07 secs] 
5080.643: [GC (Allocation Failure) [PSYoungGen: 418647K->183348K(465920K)] 1156896K->980510K(1864192K), 0.0574747 secs] [Times: user=0.29 sys=0.01, real=0.06 secs] 
5081.694: [GC (Allocation Failure) [PSYoungGen: 416308K->96571K(465920K)] 1213470K->963093K(1864192K), 0.0585911 secs] [Times: user=0.30 sys=0.00, real=0.06 secs] 
5082.271: [GC (Allocation Failure) [PSYoungGen: 329531K->174965K(465920K)] 1196053K->1072007K(1864192K), 0.0555579 secs] [Times: user=0.25 sys=0.00, real=0.05 secs] 
5082.481: [GC (Allocation Failure) [PSYoungGen: 407925K->183669K(465920K)] 1304967K->1135416K(1864192K), 0.0441592 secs] [Times: user=0.20 sys=0.00, real=0.04 secs] 
5082.639: [GC (Allocation Failure) [PSYoungGen: 416629K->186997K(465920K)] 1368376K->1194479K(1864192K), 0.0465832 secs] [Times: user=0.22 sys=0.00, real=0.05 secs] 
5083.672: [GC (Allocation Failure) [PSYoungGen: 419957K->116142K(465920K)] 1427439K->1194264K(1864192K), 0.0483273 secs] [Times: user=0.25 sys=0.00, real=0.05 secs] 
5084.364: [GC (Allocation Failure) [PSYoungGen: 349102K->152146K(465920K)] 1427224K->1267493K(1864192K), 0.0910322 secs] [Times: user=0.48 sys=0.00, real=0.09 secs] 
5085.100: [GC (GCLocker Initiated GC) [PSYoungGen: 385106K->177077K(465920K)] 1500453K->1339408K(1864192K), 0.0541518 secs] [Times: user=0.25 sys=0.00, real=0.05 secs] 
5085.280: [GC (Allocation Failure) [PSYoungGen: 410037K->185591K(465920K)] 1572407K->1410189K(1864192K), 0.0517231 secs] [Times: user=0.24 sys=0.00, real=0.05 secs] 
5085.444: [GC (Allocation Failure) [PSYoungGen: 418551K->186805K(465920K)] 1643149K->1470339K(1864192K), 0.0587053 secs] [Times: user=0.29 sys=0.00, real=0.06 secs] 
5086.510: [GC (Allocation Failure) [PSYoungGen: 419765K->94795K(465920K)] 1703299K->1448729K(1864192K), 0.0457393 secs] [Times: user=0.24 sys=0.00, real=0.04 secs] 
5086.555: [Full GC (Ergonomics) [PSYoungGen: 94795K->0K(465920K)] [ParOldGen: 1353934K->103108K(1398272K)] 1448729K->103108K(1864192K), [Metaspace: 59597K->59597K(1105920K)], 0.0836973 secs] [Times: user=0.33 sys=0.00, real=0.08 secs] 
5087.187: [GC (Allocation Failure) [PSYoungGen: 232960K->177269K(465920K)] 336068K->280377K(1864192K), 0.0434278 secs] [Times: user=0.17 sys=0.01, real=0.05 secs] 
5087.465: [GC (Allocation Failure) [PSYoungGen: 410229K->178101K(465920K)] 513337K->336713K(1864192K), 0.0558329 secs] [Times: user=0.27 sys=0.00, real=0.06 secs] 
5087.643: [GC (Allocation Failure) [PSYoungGen: 411061K->187189K(465920K)] 569673K->400233K(1864192K), 0.0444730 secs] [Times: user=0.20 sys=0.00, real=0.04 secs] 
5088.644: [GC (Allocation Failure) [PSYoungGen: 420149K->124719K(465920K)] 633193K->408572K(1864192K), 0.0474265 secs] [Times: user=0.24 sys=0.00, real=0.05 secs] 
5089.331: [GC (GCLocker Initiated GC) [PSYoungGen: 357679K->146449K(465920K)] 641532K->469878K(1864192K), 0.1126166 secs] [Times: user=0.60 sys=0.01, real=0.11 secs] 
5089.699: [GC (Allocation Failure) [PSYoungGen: 379409K->183445K(465920K)] 703005K->552926K(1864192K), 0.0396039 secs] [Times: user=0.17 sys=0.00, real=0.04 secs] 
5089.855: [GC (Allocation Failure) [PSYoungGen: 416405K->185815K(465920K)] 785886K->619467K(1864192K), 0.0497647 secs] [Times: user=0.23 sys=0.00, real=0.05 secs] 
5090.039: [GC (Allocation Failure) [PSYoungGen: 418775K->186549K(465920K)] 852427K->679129K(1864192K), 0.0606499 secs] [Times: user=0.30 sys=0.00, real=0.06 secs] 
5091.039: [GC (Allocation Failure) [PSYoungGen: 419509K->90954K(465920K)] 912089K->653815K(1864192K), 0.0565901 secs] [Times: user=0.30 sys=0.00, real=0.06 secs] 
5092.049: [GC (Allocation Failure) [PSYoungGen: 323914K->177077K(465920K)] 886775K->769095K(1864192K), 0.0537433 secs] [Times: user=0.23 sys=0.00, real=0.06 secs] 
5092.269: [GC (Allocation Failure) [PSYoungGen: 410037K->184470K(465920K)] 1002055K->831927K(1864192K), 0.0431877 secs] [Times: user=0.20 sys=0.00, real=0.05 secs] 
5092.422: [GC (Allocation Failure) [PSYoungGen: 417430K->186805K(465920K)] 1064887K->890126K(1864192K), 0.0452026 secs] [Times: user=0.21 sys=0.00, real=0.04 secs] 
5093.472: [GC (Allocation Failure) [PSYoungGen: 419765K->121551K(465920K)] 1123086K->895264K(1864192K), 0.0471979 secs] [Times: user=0.24 sys=0.00, real=0.04 secs] 
5094.469: [GC (Allocation Failure) [PSYoungGen: 351169K->141345K(465920K)] 1124883K->953778K(1864192K), 0.1178017 secs] [Times: user=0.64 sys=0.00, real=0.12 secs] 
5094.830: [GC (Allocation Failure) [PSYoungGen: 374305K->178357K(465920K)] 1186738K->1036059K(1864192K), 0.0398172 secs] [Times: user=0.17 sys=0.00, real=0.04 secs] 
5095.073: [GC (Allocation Failure) [PSYoungGen: 411317K->184247K(465920K)] 1269019K->1104045K(1864192K), 0.0510840 secs] [Times: user=0.24 sys=0.00, real=0.05 secs] 
5095.291: [GC (Allocation Failure) [PSYoungGen: 417207K->186293K(465920K)] 1337005K->1164611K(1864192K), 0.0574550 secs] [Times: user=0.28 sys=0.00, real=0.05 secs] 
5096.401: [GC (Allocation Failure) [PSYoungGen: 419253K->90986K(465920K)] 1397571K->1139529K(1864192K), 0.0509702 secs] [Times: user=0.27 sys=0.00, real=0.05 secs] 
5097.481: [GC (Allocation Failure) [PSYoungGen: 323946K->172692K(465920K)] 1372489K->1250152K(1864192K), 0.0667254 secs] [Times: user=0.31 sys=0.00, real=0.06 secs] 
5097.733: [GC (Allocation Failure) [PSYoungGen: 405652K->184790K(465920K)] 1483112K->1316345K(1864192K), 0.0439198 secs] [Times: user=0.20 sys=0.00, real=0.04 secs] 
5097.887: [GC (Allocation Failure) [PSYoungGen: 417750K->187221K(465920K)] 1549305K->1374769K(1864192K), 0.0529227 secs] [Times: user=0.24 sys=0.00, real=0.06 secs] 
5098.859: [GC (Allocation Failure) [PSYoungGen: 420181K->135088K(465920K)] 1607729K->1393132K(1864192K), 0.0499398 secs] [Times: user=0.25 sys=0.00, real=0.05 secs] 
5099.564: [GC (Allocation Failure) [PSYoungGen: 368048K->133520K(465920K)] 1626092K->1434243K(1864192K), 0.1452448 secs] [Times: user=0.81 sys=0.01, real=0.14 secs] 
5100.131: [GC (Allocation Failure) [PSYoungGen: 366480K->177429K(465920K)] 1667203K->1520853K(1864192K), 0.0392818 secs] [Times: user=0.18 sys=0.00, real=0.04 secs] 
5100.171: [Full GC (Ergonomics) [PSYoungGen: 177429K->0K(465920K)] [ParOldGen: 1343424K->237181K(1398272K)] 1520853K->237181K(1864192K), [Metaspace: 59597K->59597K(1105920K)], 0.2792552 secs] [Times: user=1.27 sys=0.00, real=0.28 secs] 
5100.568: [GC (Allocation Failure) [PSYoungGen: 232960K->182422K(465920K)] 470141K->419604K(1864192K), 0.0762305 secs] [Times: user=0.38 sys=0.01, real=0.08 secs] 
5100.782: [GC (Allocation Failure) [PSYoungGen: 415382K->186773K(465920K)] 652564K->482242K(1864192K), 0.0563041 secs] [Times: user=0.27 sys=0.00, real=0.05 secs] 
5101.783: [GC (Allocation Failure) [PSYoungGen: 419733K->98091K(465920K)] 715202K->464041K(1864192K), 0.0440509 secs] [Times: user=0.23 sys=0.00, real=0.04 secs] 
5102.721: [GC (Allocation Failure) [PSYoungGen: 331051K->167636K(465920K)] 697001K->564970K(1864192K), 0.0640721 secs] [Times: user=0.29 sys=0.00, real=0.06 secs] 
5102.962: [GC (Allocation Failure) [PSYoungGen: 400596K->184790K(465920K)] 797930K->635324K(1864192K), 0.0426389 secs] [Times: user=0.19 sys=0.01, real=0.04 secs] 
5103.117: [GC (Allocation Failure) [PSYoungGen: 417750K->187253K(465920K)] 868284K->693795K(1864192K), 0.0463808 secs] [Times: user=0.21 sys=0.00, real=0.05 secs] 
5104.078: [GC (Allocation Failure) [PSYoungGen: 420213K->144978K(465920K)] 926755K->722064K(1864192K), 0.0507749 secs] [Times: user=0.25 sys=0.00, real=0.05 secs] 
5104.554: [GC (Allocation Failure) [PSYoungGen: 377938K->132320K(465920K)] 955024K->755430K(1864192K), 0.1013616 secs] [Times: user=0.55 sys=0.00, real=0.10 secs] 
5104.885: [GC (Allocation Failure) [PSYoungGen: 365280K->178069K(465920K)] 988390K->843256K(1864192K), 0.0386241 secs] [Times: user=0.17 sys=0.00, real=0.04 secs] 
5105.040: [GC (Allocation Failure) [PSYoungGen: 411029K->181718K(465920K)] 1076216K->917414K(1864192K), 0.0496249 secs] [Times: user=0.23 sys=0.00, real=0.05 secs] 
5105.202: [GC (Allocation Failure) [PSYoungGen: 414678K->186069K(465920K)] 1150374K->979756K(1864192K), 0.0564665 secs] [Times: user=0.28 sys=0.00, real=0.05 secs] 
5106.202: [GC (Allocation Failure) [PSYoungGen: 419029K->98107K(465920K)] 1212716K->961915K(1864192K), 0.0572377 secs] [Times: user=0.30 sys=0.00, real=0.06 secs] 
5106.623: [GC (Allocation Failure) [PSYoungGen: 331067K->174261K(465920K)] 1194875K->1069957K(1864192K), 0.0333116 secs] [Times: user=0.14 sys=0.00, real=0.03 secs] 
5106.772: [GC (Allocation Failure) [PSYoungGen: 407118K->184374K(465920K)] 1302815K->1134690K(1864192K), 0.0444147 secs] [Times: user=0.20 sys=0.00, real=0.04 secs] 
5106.930: [GC (Allocation Failure) [PSYoungGen: 417328K->186517K(465920K)] 1367645K->1192973K(1864192K), 0.0462093 secs] [Times: user=0.22 sys=0.00, real=0.04 secs] 
5107.915: [GC (Allocation Failure) [PSYoungGen: 419477K->140369K(465920K)] 1425933K->1217146K(1864192K), 0.0507783 secs] [Times: user=0.26 sys=0.00, real=0.05 secs] 
5108.512: [GC (Allocation Failure) [PSYoungGen: 373329K->130911K(465920K)] 1450106K->1252288K(1864192K), 0.1290785 secs] [Times: user=0.71 sys=0.00, real=0.13 secs] 
5108.896: [GC (Allocation Failure) [PSYoungGen: 363871K->177941K(465920K)] 1485248K->1341174K(1864192K), 0.0384729 secs] [Times: user=0.17 sys=0.00, real=0.04 secs] 
5109.050: [GC (Allocation Failure) [PSYoungGen: 410901K->183030K(465920K)] 1574134K->1408708K(1864192K), 0.0500140 secs] [Times: user=0.23 sys=0.00, real=0.05 secs] 
5109.212: [GC (Allocation Failure) [PSYoungGen: 415990K->184693K(465920K)] 1641668K->1468594K(1864192K), 0.0578390 secs] [Times: user=0.28 sys=0.00, real=0.06 secs] 
5110.242: [GC (Allocation Failure) [PSYoungGen: 417653K->95067K(465920K)] 1701554K->1448737K(1864192K), 0.0441957 secs] [Times: user=0.23 sys=0.00, real=0.04 secs] 
5110.286: [Full GC (Ergonomics) [PSYoungGen: 95067K->0K(465920K)] [ParOldGen: 1353669K->95421K(1398272K)] 1448737K->95421K(1864192K), [Metaspace: 59597K->59597K(1105920K)], 0.0670209 secs] [Times: user=0.24 sys=0.00, real=0.07 secs] 
5111.823: [GC (Allocation Failure) [PSYoungGen: 232960K->167732K(465920K)] 328381K->263153K(1864192K), 0.0630658 secs] [Times: user=0.22 sys=0.00, real=0.06 secs] 
5112.140: [GC (Allocation Failure) [PSYoungGen: 400692K->184310K(465920K)] 496113K->332143K(1864192K), 0.0441346 secs] [Times: user=0.20 sys=0.00, real=0.04 secs] 
5112.291: [GC (Allocation Failure) [PSYoungGen: 401418K->170453K(465920K)] 549252K->382399K(1864192K), 0.0468241 secs] [Times: user=0.22 sys=0.01, real=0.04 secs] 
5113.181: [GC (Allocation Failure) [PSYoungGen: 403413K->169107K(456704K)] 615359K->435204K(1854976K), 0.0541300 secs] [Times: user=0.27 sys=0.00, real=0.05 secs] 
5113.639: [GC (Allocation Failure) [PSYoungGen: 402067K->108925K(461312K)] 668164K->439830K(1859584K), 0.0539815 secs] [Times: user=0.28 sys=0.00, real=0.06 secs] 
5113.953: [GC (Allocation Failure) [PSYoungGen: 341885K->178741K(466944K)] 672790K->544772K(1865216K), 0.0513626 secs] [Times: user=0.23 sys=0.00, real=0.05 secs] 
5114.139: [GC (Allocation Failure) [PSYoungGen: 414773K->186903K(423424K)] 780804K->615278K(1821696K), 0.0503017 secs] [Times: user=0.23 sys=0.00, real=0.06 secs] 
5114.328: [GC (Allocation Failure) [PSYoungGen: 422935K->189205K(465920K)] 851310K->676796K(1864192K), 0.0640458 secs] [Times: user=0.32 sys=0.00, real=0.07 secs] 
5115.378: [GC (Allocation Failure) [PSYoungGen: 422165K->94107K(465920K)] 909756K->653090K(1864192K), 0.0465575 secs] [Times: user=0.25 sys=0.00, real=0.05 secs] 
5116.128: [GC (Allocation Failure) [PSYoungGen: 327067K->170548K(465920K)] 886050K->760408K(1864192K), 0.0822665 secs] [Times: user=0.39 sys=0.00, real=0.09 secs] 
5116.407: [GC (Allocation Failure) [PSYoungGen: 403508K->183957K(465920K)] 993368K->827637K(1864192K), 0.0421851 secs] [Times: user=0.19 sys=0.00, real=0.05 secs] 
5116.564: [GC (Allocation Failure) [PSYoungGen: 413317K->179862K(465920K)] 1056997K->887714K(1864192K), 0.0493189 secs] [Times: user=0.23 sys=0.00, real=0.05 secs] 
5117.451: [GC (Allocation Failure) [PSYoungGen: 412822K->169331K(465920K)] 1120674K->934231K(1864192K), 0.0561243 secs] [Times: user=0.28 sys=0.00, real=0.05 secs] 
5118.052: [GC (Allocation Failure) [PSYoungGen: 402291K->107692K(465920K)] 1167191K->937337K(1864192K), 0.0606279 secs] [Times: user=0.32 sys=0.00, real=0.06 secs] 
5118.595: [GC (Allocation Failure) [PSYoungGen: 337570K->174805K(465920K)] 1167214K->1039234K(1864192K), 0.0398617 secs] [Times: user=0.17 sys=0.01, real=0.04 secs] 
5118.752: [GC (Allocation Failure) [PSYoungGen: 407765K->184470K(465920K)] 1272194K->1103483K(1864192K), 0.0438141 secs] [Times: user=0.20 sys=0.00, real=0.04 secs] 
5118.950: [GC (GCLocker Initiated GC) [PSYoungGen: 417430K->182708K(465920K)] 1336444K->1157754K(1864192K), 0.0730658 secs] [Times: user=0.35 sys=0.00, real=0.07 secs] 
5120.074: [GC (Allocation Failure) [PSYoungGen: 415668K->100716K(465920K)] 1390881K->1144937K(1864192K), 0.0487656 secs] [Times: user=0.25 sys=0.00, real=0.05 secs] 
5121.251: [GC (Allocation Failure) [PSYoungGen: 333676K->169012K(465920K)] 1377897K->1246310K(1864192K), 0.0807177 secs] [Times: user=0.40 sys=0.00, real=0.08 secs] 
5121.492: [GC (Allocation Failure) [PSYoungGen: 401972K->182133K(465920K)] 1479270K->1311999K(1864192K), 0.0427116 secs] [Times: user=0.19 sys=0.00, real=0.04 secs] 
5121.653: [GC (Allocation Failure) [PSYoungGen: 415093K->186103K(465920K)] 1544959K->1379609K(1864192K), 0.0502962 secs] [Times: user=0.24 sys=0.00, real=0.05 secs] 
5122.110: [GC (Allocation Failure) [PSYoungGen: 418215K->212564K(465920K)] 1611721K->1465110K(1864192K), 0.0538665 secs] [Times: user=0.26 sys=0.00, real=0.05 secs] 
5123.028: [GC (Allocation Failure) [PSYoungGen: 445524K->94427K(465920K)] 1698070K->1414357K(1864192K), 0.0558073 secs] [Times: user=0.30 sys=0.00, real=0.06 secs] 
5123.084: [Full GC (Ergonomics) [PSYoungGen: 94427K->0K(465920K)] [ParOldGen: 1319929K->111781K(1398272K)] 1414357K->111781K(1864192K), [Metaspace: 59597K->59597K(1105920K)], 0.1144115 secs] [Times: user=0.49 sys=0.00, real=0.11 secs] 
5124.161: [GC (Allocation Failure) [PSYoungGen: 232960K->177493K(465920K)] 344741K->289274K(1864192K), 0.0384201 secs] [Times: user=0.15 sys=0.00, real=0.04 secs] 
5124.407: [GC (Allocation Failure) [PSYoungGen: 410453K->184950K(465920K)] 522234K->352407K(1864192K), 0.0562414 secs] [Times: user=0.27 sys=0.00, real=0.06 secs] 
5124.587: [GC (Allocation Failure) [PSYoungGen: 417910K->183252K(465920K)] 585367K->406838K(1864192K), 0.0446611 secs] [Times: user=0.20 sys=0.00, real=0.05 secs] 
5125.605: [GC (Allocation Failure) [PSYoungGen: 416212K->100956K(465920K)] 639798K->393761K(1864192K), 0.0438215 secs] [Times: user=0.23 sys=0.00, real=0.04 secs] 
5126.503: [GC (Allocation Failure) [PSYoungGen: 333872K->166420K(465920K)] 626678K->492382K(1864192K), 0.0894581 secs] [Times: user=0.46 sys=0.01, real=0.09 secs] 
5126.788: [GC (Allocation Failure) [PSYoungGen: 399380K->180789K(465920K)] 725342K->558539K(1864192K), 0.0416421 secs] [Times: user=0.19 sys=0.00, real=0.05 secs] 
5126.950: [GC (Allocation Failure) [PSYoungGen: 413749K->185719K(465920K)] 791499K->626793K(1864192K), 0.0496224 secs] [Times: user=0.23 sys=0.01, real=0.05 secs] 
5127.113: [GC (Allocation Failure) [PSYoungGen: 418679K->186709K(465920K)] 859753K->686735K(1864192K), 0.0552386 secs] [Times: user=0.27 sys=0.00, real=0.05 secs] 
5128.362: [GC (Allocation Failure) [PSYoungGen: 419669K->90874K(465920K)] 919695K->661409K(1864192K), 0.0705188 secs] [Times: user=0.38 sys=0.01, real=0.07 secs] 
5129.840: [GC (Allocation Failure) [PSYoungGen: 323834K->173652K(465920K)] 894369K->772504K(1864192K), 0.0507210 secs] [Times: user=0.23 sys=0.00, real=0.05 secs] 
5130.081: [GC (Allocation Failure) [PSYoungGen: 406612K->184950K(465920K)] 1005464K->838089K(1864192K), 0.0605384 secs] [Times: user=0.29 sys=0.00, real=0.06 secs] 
5130.268: [GC (Allocation Failure) [PSYoungGen: 417910K->187157K(465920K)] 1071049K->896440K(1864192K), 0.0459803 secs] [Times: user=0.22 sys=0.00, real=0.05 secs] 
5131.266: [GC (Allocation Failure) [PSYoungGen: 420117K->107277K(465920K)] 1129400K->887164K(1864192K), 0.0457835 secs] [Times: user=0.23 sys=0.00, real=0.05 secs] 
5131.891: [GC (Allocation Failure) [PSYoungGen: 340237K->164628K(465920K)] 1120124K->979924K(1864192K), 0.1018736 secs] [Times: user=0.52 sys=0.01, real=0.10 secs] 
5132.154: [GC (Allocation Failure) [PSYoungGen: 397588K->184053K(465920K)] 1212884K->1050438K(1864192K), 0.0442261 secs] [Times: user=0.19 sys=0.01, real=0.04 secs] 
5132.319: [GC (Allocation Failure) [PSYoungGen: 417013K->185079K(465920K)] 1283398K->1115619K(1864192K), 0.0511212 secs] [Times: user=0.24 sys=0.00, real=0.06 secs] 
5132.510: [GC (Allocation Failure) [PSYoungGen: 418039K->183188K(465920K)] 1348579K->1172513K(1864192K), 0.0769076 secs] [Times: user=0.39 sys=0.00, real=0.07 secs] 
5133.555: [GC (Allocation Failure) [PSYoungGen: 416148K->90922K(465920K)] 1405473K->1149711K(1864192K), 0.0418361 secs] [Times: user=0.22 sys=0.00, real=0.04 secs] 
5134.019: [GC (Allocation Failure) [PSYoungGen: 323882K->175797K(465920K)] 1382671K->1264063K(1864192K), 0.0550541 secs] [Times: user=0.25 sys=0.00, real=0.06 secs] 
5134.226: [GC (Allocation Failure) [PSYoungGen: 408757K->184438K(465920K)] 1497023K->1327463K(1864192K), 0.0442348 secs] [Times: user=0.20 sys=0.00, real=0.05 secs] 
5134.424: [GC (Allocation Failure) [PSYoungGen: 417398K->186357K(465920K)] 1560423K->1385238K(1864192K), 0.0651187 secs] [Times: user=0.32 sys=0.00, real=0.07 secs] 
5135.464: [GC (Allocation Failure) [PSYoungGen: 419317K->109805K(465920K)] 1618198K->1379071K(1864192K), 0.0474680 secs] [Times: user=0.24 sys=0.00, real=0.05 secs] 
5136.836: [GC (Allocation Failure) [PSYoungGen: 342765K->153298K(465920K)] 1612031K->1458965K(1864192K), 0.1304948 secs] [Times: user=0.70 sys=0.00, real=0.13 secs] 
5137.639: [GC (Allocation Failure) [PSYoungGen: 386258K->183317K(465920K)] 1691925K->1536516K(1864192K), 0.0566246 secs] [Times: user=0.27 sys=0.00, real=0.05 secs] 
5137.696: [Full GC (Ergonomics) [PSYoungGen: 183317K->0K(465920K)] [ParOldGen: 1353198K->249269K(1398272K)] 1536516K->249269K(1864192K), [Metaspace: 59625K->59625K(1105920K)], 0.3198797 secs] [Times: user=1.49 sys=0.00, real=0.32 secs] 
5138.132: [GC (Allocation Failure) [PSYoungGen: 232960K->185943K(465920K)] 482229K->435212K(1864192K), 0.0826049 secs] [Times: user=0.43 sys=0.00, real=0.08 secs] 
5138.325: [GC (Allocation Failure) [PSYoungGen: 418903K->183636K(465920K)] 668172K->491681K(1864192K), 0.0556174 secs] [Times: user=0.28 sys=0.00, real=0.06 secs] 
5139.345: [GC (Allocation Failure) [PSYoungGen: 416596K->94283K(465920K)] 724641K->471812K(1864192K), 0.0584149 secs] [Times: user=0.32 sys=0.00, real=0.06 secs] 
5140.441: [GC (Allocation Failure) [PSYoungGen: 327243K->172948K(465920K)] 704772K->580250K(1864192K), 0.0601691 secs] [Times: user=0.27 sys=0.00, real=0.06 secs] 
5140.667: [GC (Allocation Failure) [PSYoungGen: 405908K->183157K(465920K)] 813210K->644631K(1864192K), 0.0426994 secs] [Times: user=0.19 sys=0.00, real=0.05 secs] 
5140.828: [GC (Allocation Failure) [PSYoungGen: 416117K->184084K(465920K)] 877591K->701086K(1864192K), 0.0452179 secs] [Times: user=0.21 sys=0.00, real=0.05 secs] 
5141.860: [GC (Allocation Failure) [PSYoungGen: 417044K->121359K(465920K)] 934046K->707677K(1864192K), 0.0474414 secs] [Times: user=0.24 sys=0.01, real=0.04 secs] 
5142.536: [GC (Allocation Failure) [PSYoungGen: 354319K->149169K(465920K)] 940637K->773911K(1864192K), 0.1157882 secs] [Times: user=0.52 sys=0.00, real=0.12 secs] 
5143.412: [GC (Allocation Failure) [PSYoungGen: 382129K->177205K(465920K)] 1006871K->848134K(1864192K), 0.0538461 secs] [Times: user=0.26 sys=0.00, real=0.05 secs] 
5143.592: [GC (Allocation Failure) [PSYoungGen: 410165K->185911K(465920K)] 1081094K->919264K(1864192K), 0.0505780 secs] [Times: user=0.24 sys=0.00, real=0.05 secs] 
5143.778: [GC (Allocation Failure) [PSYoungGen: 418871K->186549K(465920K)] 1152224K->978950K(1864192K), 0.0812058 secs] [Times: user=0.41 sys=0.00, real=0.08 secs] 
5144.853: [GC (Allocation Failure) [PSYoungGen: 419509K->94411K(465920K)] 1211910K->957088K(1864192K), 0.0451079 secs] [Times: user=0.24 sys=0.00, real=0.04 secs] 
5145.450: [GC (Allocation Failure) [PSYoungGen: 327371K->177397K(465920K)] 1190048K->1070659K(1864192K), 0.0526669 secs] [Times: user=0.22 sys=0.00, real=0.05 secs] 
5145.646: [GC (Allocation Failure) [PSYoungGen: 410357K->178837K(465920K)] 1303619K->1127587K(1864192K), 0.0436859 secs] [Times: user=0.20 sys=0.00, real=0.05 secs] 
5145.830: [GC (Allocation Failure) [PSYoungGen: 411797K->187157K(465920K)] 1360547K->1190531K(1864192K), 0.0681902 secs] [Times: user=0.34 sys=0.00, real=0.06 secs] 
5146.939: [GC (Allocation Failure) [PSYoungGen: 420117K->127823K(465920K)] 1423491K->1201746K(1864192K), 0.0498185 secs] [Times: user=0.25 sys=0.00, real=0.05 secs] 
5147.549: [GC (Allocation Failure) [PSYoungGen: 360783K->144737K(465920K)] 1434706K->1259203K(1864192K), 0.1565479 secs] [Times: user=0.86 sys=0.00, real=0.16 secs] 
5148.311: [GC (Allocation Failure) [PSYoungGen: 377697K->182101K(465920K)] 1492163K->1341424K(1864192K), 0.0550654 secs] [Times: user=0.26 sys=0.00, real=0.05 secs] 
5148.529: [GC (Allocation Failure) [PSYoungGen: 415061K->185911K(465920K)] 1574384K->1409230K(1864192K), 0.0571531 secs] [Times: user=0.27 sys=0.00, real=0.05 secs] 
5148.747: [GC (Allocation Failure) [PSYoungGen: 418871K->183092K(465920K)] 1642190K->1465475K(1864192K), 0.0809688 secs] [Times: user=0.42 sys=0.00, real=0.08 secs] 
5149.867: [GC (Allocation Failure) [PSYoungGen: 416052K->94187K(465920K)] 1698435K->1445862K(1864192K), 0.0557804 secs] [Times: user=0.29 sys=0.00, real=0.06 secs] 
5149.923: [Full GC (Ergonomics) [PSYoungGen: 94187K->0K(465920K)] [ParOldGen: 1351675K->100036K(1398272K)] 1445862K->100036K(1864192K), [Metaspace: 59629K->59629K(1105920K)], 0.0755757 secs] [Times: user=0.30 sys=0.00, real=0.07 secs] 
5150.495: [GC (Allocation Failure) [PSYoungGen: 232960K->177557K(465920K)] 332996K->277594K(1864192K), 0.0452765 secs] [Times: user=0.17 sys=0.00, real=0.05 secs] 
5150.745: [GC (Allocation Failure) [PSYoungGen: 410517K->184598K(465920K)] 510554K->340142K(1864192K), 0.0601285 secs] [Times: user=0.25 sys=0.00, real=0.06 secs] 
5150.967: [GC (Allocation Failure) [PSYoungGen: 417558K->183476K(465920K)] 573102K->395093K(1864192K), 0.0484936 secs] [Times: user=0.20 sys=0.00, real=0.05 secs] 
5151.994: [GC (Allocation Failure) [PSYoungGen: 416436K->129168K(465920K)] 628053K->410089K(1864192K), 0.0469863 secs] [Times: user=0.24 sys=0.00, real=0.05 secs] 
5152.627: [GC (Allocation Failure) [PSYoungGen: 362128K->141489K(465920K)] 643049K->463446K(1864192K), 0.1661269 secs] [Times: user=0.87 sys=0.01, real=0.17 secs] 
5153.093: [GC (Allocation Failure) [PSYoungGen: 374449K->177717K(465920K)] 696406K->544366K(1864192K), 0.0386981 secs] [Times: user=0.17 sys=0.00, real=0.04 secs] 
5153.250: [GC (Allocation Failure) [PSYoungGen: 410677K->185975K(465920K)] 777326K->615041K(1864192K), 0.0491362 secs] [Times: user=0.22 sys=0.00, real=0.05 secs] 
5153.439: [GC (Allocation Failure) [PSYoungGen: 418935K->183028K(465920K)] 848001K->671214K(1864192K), 0.0769704 secs] [Times: user=0.39 sys=0.00, real=0.08 secs] 
5154.453: [GC (Allocation Failure) [PSYoungGen: 415988K->94939K(465920K)] 904174K->652309K(1864192K), 0.0440216 secs] [Times: user=0.23 sys=0.00, real=0.04 secs] 
5155.940: [GC (Allocation Failure) [PSYoungGen: 327899K->172980K(465920K)] 885269K->760251K(1864192K), 0.0583553 secs] [Times: user=0.26 sys=0.00, real=0.05 secs] 
5156.206: [GC (Allocation Failure) [PSYoungGen: 405940K->181525K(465920K)] 993211K->822952K(1864192K), 0.0562252 secs] [Times: user=0.26 sys=0.00, real=0.06 secs] 
5156.377: [GC (Allocation Failure) [PSYoungGen: 414485K->187125K(465920K)] 1055912K->883616K(1864192K), 0.0450871 secs] [Times: user=0.21 sys=0.00, real=0.05 secs] 
5157.391: [GC (Allocation Failure) [PSYoungGen: 420085K->138353K(465920K)] 1116576K->905348K(1864192K), 0.0492568 secs] [Times: user=0.25 sys=0.00, real=0.05 secs] 
5158.069: [GC (Allocation Failure) [PSYoungGen: 371313K->137200K(465920K)] 1138308K->948083K(1864192K), 0.1616416 secs] [Times: user=0.89 sys=0.00, real=0.17 secs] 
5158.609: [GC (Allocation Failure) [PSYoungGen: 370160K->174132K(407552K)] 1181043K->1028244K(1805824K), 0.0443901 secs] [Times: user=0.21 sys=0.00, real=0.05 secs] 
5158.772: [GC (Allocation Failure) [PSYoungGen: 407092K->185751K(463872K)] 1261204K->1101143K(1862144K), 0.0487780 secs] [Times: user=0.23 sys=0.00, real=0.05 secs] 
5158.932: [GC (Allocation Failure) [PSYoungGen: 417687K->182676K(464896K)] 1333079K->1156916K(1863168K), 0.0563144 secs] [Times: user=0.28 sys=0.01, real=0.05 secs] 
5159.954: [GC (Allocation Failure) [PSYoungGen: 414612K->94539K(465920K)] 1388852K->1137983K(1864192K), 0.0438818 secs] [Times: user=0.23 sys=0.01, real=0.04 secs] 
5161.428: [GC (Allocation Failure) [PSYoungGen: 327499K->170292K(465920K)] 1370943K->1243541K(1864192K), 0.0596651 secs] [Times: user=0.27 sys=0.00, real=0.06 secs] 
5161.671: [GC (Allocation Failure) [PSYoungGen: 403252K->182005K(465920K)] 1476501K->1308626K(1864192K), 0.0438979 secs] [Times: user=0.19 sys=0.00, real=0.04 secs] 
5161.828: [GC (Allocation Failure) [PSYoungGen: 414965K->187285K(465920K)] 1541586K->1368906K(1864192K), 0.0464634 secs] [Times: user=0.21 sys=0.00, real=0.05 secs] 
5162.811: [GC (Allocation Failure) [PSYoungGen: 420245K->149138K(465920K)] 1601866K->1401183K(1864192K), 0.0519277 secs] [Times: user=0.26 sys=0.00, real=0.05 secs] 
5163.526: [GC (Allocation Failure) [PSYoungGen: 382098K->125231K(465920K)] 1634143K->1424644K(1864192K), 0.1705172 secs] [Times: user=0.95 sys=0.01, real=0.17 secs] 
5164.052: [GC (Allocation Failure) [PSYoungGen: 358191K->174932K(462848K)] 1657604K->1514002K(1861120K), 0.0437957 secs] [Times: user=0.20 sys=0.00, real=0.04 secs] 
5164.096: [Full GC (Ergonomics) [PSYoungGen: 174932K->0K(462848K)] [ParOldGen: 1339069K->231624K(1398272K)] 1514002K->231624K(1861120K), [Metaspace: 59629K->59629K(1105920K)], 0.2733942 secs] [Times: user=1.24 sys=0.00, real=0.27 secs] 
5164.493: [GC (Allocation Failure) [PSYoungGen: 232960K->185463K(464384K)] 464584K->417087K(1862656K), 0.0872316 secs] [Times: user=0.46 sys=0.00, real=0.09 secs] 
5164.694: [GC (Allocation Failure) [PSYoungGen: 418423K->203285K(465920K)] 650047K->493854K(1864192K), 0.0575501 secs] [Times: user=0.29 sys=0.00, real=0.06 secs] 
5165.696: [GC (Allocation Failure) [PSYoungGen: 436245K->94091K(465920K)] 726814K->455268K(1864192K), 0.0434525 secs] [Times: user=0.22 sys=0.00, real=0.05 secs] 
5166.391: [GC (Allocation Failure) [PSYoungGen: 327051K->173749K(465920K)] 688228K->565558K(1864192K), 0.0481105 secs] [Times: user=0.20 sys=0.00, real=0.05 secs] 
5166.588: [GC (Allocation Failure) [PSYoungGen: 406709K->184374K(465920K)] 798518K->630151K(1864192K), 0.0428437 secs] [Times: user=0.20 sys=0.00, real=0.05 secs] 
5166.742: [GC (Allocation Failure) [PSYoungGen: 417334K->187413K(465920K)] 863111K->689031K(1864192K), 0.0453239 secs] [Times: user=0.21 sys=0.00, real=0.04 secs] 
5167.862: [GC (Allocation Failure) [PSYoungGen: 420373K->149074K(465920K)] 921991K->721420K(1864192K), 0.0509996 secs] [Times: user=0.24 sys=0.00, real=0.05 secs] 
5168.883: [GC (Allocation Failure) [PSYoungGen: 382034K->116574K(465920K)] 954380K->736135K(1864192K), 0.1705451 secs] [Times: user=0.96 sys=0.01, real=0.17 secs] 
5169.797: [GC (Allocation Failure) [PSYoungGen: 349534K->174132K(465920K)] 969095K->830271K(1864192K), 0.0510843 secs] [Times: user=0.23 sys=0.00, real=0.05 secs] 
5169.978: [GC (Allocation Failure) [PSYoungGen: 407092K->185271K(465920K)] 1063231K->902825K(1864192K), 0.0505598 secs] [Times: user=0.23 sys=0.00, real=0.05 secs] 
5170.167: [GC (Allocation Failure) [PSYoungGen: 418231K->186933K(465920K)] 1135785K->963236K(1864192K), 0.0700442 secs] [Times: user=0.36 sys=0.00, real=0.07 secs] 
5171.205: [GC (Allocation Failure) [PSYoungGen: 419893K->94315K(465920K)] 1196196K->941126K(1864192K), 0.0471446 secs] [Times: user=0.25 sys=0.00, real=0.05 secs] 
5172.577: [GC (Allocation Failure) [PSYoungGen: 327275K->168180K(465920K)] 1174086K->1045399K(1864192K), 0.0818725 secs] [Times: user=0.39 sys=0.00, real=0.08 secs] 
5172.848: [GC (Allocation Failure) [PSYoungGen: 401140K->182805K(465920K)] 1278359K->1112712K(1864192K), 0.0430855 secs] [Times: user=0.19 sys=0.00, real=0.05 secs] 
5173.010: [GC (Allocation Failure) [PSYoungGen: 415765K->184535K(465920K)] 1345672K->1178298K(1864192K), 0.0507070 secs] [Times: user=0.24 sys=0.00, real=0.05 secs] 
5173.947: [GC (Allocation Failure) [PSYoungGen: 417495K->168947K(465920K)] 1411258K->1221342K(1864192K), 0.0569597 secs] [Times: user=0.28 sys=0.01, real=0.06 secs] 
5174.500: [GC (Allocation Failure) [PSYoungGen: 401907K->108381K(465920K)] 1454302K->1225576K(1864192K), 0.0549731 secs] [Times: user=0.29 sys=0.00, real=0.05 secs] 
5174.937: [GC (Allocation Failure) [PSYoungGen: 333336K->174165K(465920K)] 1450531K->1326440K(1864192K), 0.0551510 secs] [Times: user=0.25 sys=0.00, real=0.06 secs] 
5175.192: [GC (Allocation Failure) [PSYoungGen: 407125K->184694K(465920K)] 1559400K->1391149K(1864192K), 0.0592561 secs] [Times: user=0.28 sys=0.00, real=0.06 secs] 
5175.375: [GC (Allocation Failure) [PSYoungGen: 417654K->182932K(465920K)] 1624109K->1445556K(1864192K), 0.0465529 secs] [Times: user=0.21 sys=0.01, real=0.05 secs] 
5176.419: [GC (Allocation Failure) [PSYoungGen: 415892K->97995K(465920K)] 1678516K->1429699K(1864192K), 0.0459399 secs] [Times: user=0.24 sys=0.00, real=0.05 secs] 
5176.465: [Full GC (Ergonomics) [PSYoungGen: 97995K->0K(465920K)] [ParOldGen: 1331703K->87650K(1398272K)] 1429699K->87650K(1864192K), [Metaspace: 59630K->59630K(1105920K)], 0.0553397 secs] [Times: user=0.20 sys=0.00, real=0.06 secs] 
5177.509: [GC (Allocation Failure) [PSYoungGen: 232960K->166900K(465920K)] 320610K->254550K(1864192K), 0.0428513 secs] [Times: user=0.16 sys=0.00, real=0.05 secs] 
5177.776: [GC (GCLocker Initiated GC) [PSYoungGen: 399860K->182805K(465920K)] 487512K->322493K(1864192K), 0.0410567 secs] [Times: user=0.19 sys=0.00, real=0.04 secs] 
5177.933: [GC (Allocation Failure) [PSYoungGen: 415765K->186103K(465920K)] 555620K->389710K(1864192K), 0.0493725 secs] [Times: user=0.22 sys=0.00, real=0.05 secs] 
5178.209: [GC (Allocation Failure) [PSYoungGen: 418499K->215124K(465920K)] 622106K->477667K(1864192K), 0.0548127 secs] [Times: user=0.26 sys=0.00, real=0.05 secs] 
5179.171: [GC (Allocation Failure) [PSYoungGen: 448084K->91450K(465920K)] 710627K->422565K(1864192K), 0.0498660 secs] [Times: user=0.26 sys=0.00, real=0.05 secs] 
5179.881: [GC (Allocation Failure) [PSYoungGen: 324410K->178485K(465920K)] 655525K->539016K(1864192K), 0.0360934 secs] [Times: user=0.15 sys=0.00, real=0.03 secs] 
5180.058: [GC (Allocation Failure) [PSYoungGen: 411445K->184406K(465920K)] 771976K->600637K(1864192K), 0.0568250 secs] [Times: user=0.26 sys=0.00, real=0.06 secs] 
5180.261: [GC (Allocation Failure) [PSYoungGen: 417366K->186261K(465920K)] 833597K->658516K(1864192K), 0.0451978 secs] [Times: user=0.21 sys=0.00, real=0.04 secs] 
5181.302: [GC (Allocation Failure) [PSYoungGen: 419221K->101836K(465920K)] 891476K->644419K(1864192K), 0.0447509 secs] [Times: user=0.23 sys=0.00, real=0.04 secs] 
5181.860: [GC (GCLocker Initiated GC) [PSYoungGen: 334796K->165012K(465920K)] 877379K->741335K(1864192K), 0.0788768 secs] [Times: user=0.39 sys=0.00, real=0.07 secs] 
5182.119: [GC (Allocation Failure) [PSYoungGen: 397972K->180661K(465920K)] 974426K->808492K(1864192K), 0.0419004 secs] [Times: user=0.18 sys=0.00, real=0.05 secs] 
5182.280: [GC (Allocation Failure) [PSYoungGen: 413621K->185783K(465920K)] 1041452K->876814K(1864192K), 0.0496416 secs] [Times: user=0.23 sys=0.00, real=0.05 secs] 
5182.443: [GC (Allocation Failure) [PSYoungGen: 418743K->186421K(465920K)] 1109774K->936316K(1864192K), 0.0560902 secs] [Times: user=0.27 sys=0.00, real=0.05 secs] 
5183.504: [GC (GCLocker Initiated GC) [PSYoungGen: 419381K->91082K(465920K)] 1169276K->911242K(1864192K), 0.0559176 secs] [Times: user=0.28 sys=0.00, real=0.06 secs] 
5184.090: [GC (Allocation Failure) [PSYoungGen: 324042K->176053K(465920K)] 1144206K->1025490K(1864192K), 0.0533143 secs] [Times: user=0.24 sys=0.00, real=0.05 secs] 
5184.291: [GC (Allocation Failure) [PSYoungGen: 409013K->184213K(465920K)] 1258450K->1088778K(1864192K), 0.0467678 secs] [Times: user=0.21 sys=0.00, real=0.04 secs] 
5184.451: [GC (Allocation Failure) [PSYoungGen: 417173K->186901K(465920K)] 1321738K->1147474K(1864192K), 0.0490721 secs] [Times: user=0.23 sys=0.00, real=0.05 secs] 
5185.482: [GC (Allocation Failure) [PSYoungGen: 419861K->103772K(465920K)] 1380434K->1134761K(1864192K), 0.0483478 secs] [Times: user=0.25 sys=0.00, real=0.05 secs] 
5185.960: [GC (Allocation Failure) [PSYoungGen: 336732K->164179K(465920K)] 1367721K->1229585K(1864192K), 0.0698706 secs] [Times: user=0.36 sys=0.00, real=0.07 secs] 
5186.216: [GC (Allocation Failure) [PSYoungGen: 397139K->184310K(465920K)] 1462545K->1300747K(1864192K), 0.0454610 secs] [Times: user=0.21 sys=0.00, real=0.05 secs] 
5186.404: [GC (Allocation Failure) [PSYoungGen: 417270K->185623K(465920K)] 1533707K->1366144K(1864192K), 0.0582387 secs] [Times: user=0.29 sys=0.00, real=0.06 secs] 
5186.588: [GC (Allocation Failure) [PSYoungGen: 418583K->186325K(465920K)] 1599104K->1425798K(1864192K), 0.0587106 secs] [Times: user=0.29 sys=0.00, real=0.06 secs] 
5187.625: [GC (Allocation Failure) [PSYoungGen: 419285K->88570K(465920K)] 1658758K->1398332K(1864192K), 0.0468543 secs] [Times: user=0.25 sys=0.00, real=0.05 secs] 
5189.129: [GC (Allocation Failure) [PSYoungGen: 321530K->175733K(465920K)] 1631292K->1513810K(1864192K), 0.0565753 secs] [Times: user=0.26 sys=0.00, real=0.06 secs] 
5189.186: [Full GC (Ergonomics) [PSYoungGen: 175733K->0K(465920K)] [ParOldGen: 1338077K->218117K(1398272K)] 1513810K->218117K(1864192K), [Metaspace: 59630K->59630K(1105920K)], 0.2878416 secs] [Times: user=1.37 sys=0.00, real=0.29 secs] 
5189.588: [GC (Allocation Failure) [PSYoungGen: 232960K->184822K(465920K)] 451077K->402939K(1864192K), 0.0267646 secs] [Times: user=0.09 sys=0.00, real=0.03 secs] 
5189.725: [GC (Allocation Failure) [PSYoungGen: 417782K->187093K(465920K)] 635899K->461194K(1864192K), 0.0455820 secs] [Times: user=0.21 sys=0.00, real=0.05 secs] 
5190.696: [GC (Allocation Failure) [PSYoungGen: 420053K->108237K(465920K)] 694154K->452934K(1864192K), 0.0451488 secs] [Times: user=0.23 sys=0.00, real=0.05 secs] 
5192.145: [GC (Allocation Failure) [PSYoungGen: 341197K->156018K(465920K)] 685894K->536097K(1864192K), 0.1154276 secs] [Times: user=0.59 sys=0.00, real=0.12 secs] 
5192.466: [GC (GCLocker Initiated GC) [PSYoungGen: 388978K->181365K(465920K)] 769057K->609864K(1864192K), 0.0406436 secs] [Times: user=0.18 sys=0.00, real=0.04 secs] 
5192.651: [GC (Allocation Failure) [PSYoungGen: 414325K->185943K(465920K)] 842990K->678020K(1864192K), 0.0616634 secs] [Times: user=0.30 sys=0.00, real=0.06 secs] 
5192.824: [GC (Allocation Failure) [PSYoungGen: 418903K->186677K(465920K)] 910980K->737714K(1864192K), 0.0575172 secs] [Times: user=0.28 sys=0.00, real=0.06 secs] 
5193.812: [GC (Allocation Failure) [PSYoungGen: 419637K->91066K(465920K)] 970674K->712383K(1864192K), 0.0409007 secs] [Times: user=0.21 sys=0.00, real=0.04 secs] 
5194.612: [GC (Allocation Failure) [PSYoungGen: 324026K->176853K(465920K)] 945343K->826775K(1864192K), 0.0384912 secs] [Times: user=0.17 sys=0.00, real=0.04 secs] 
5194.798: [GC (Allocation Failure) [PSYoungGen: 409813K->181557K(465920K)] 1059735K->886831K(1864192K), 0.0566773 secs] [Times: user=0.27 sys=0.00, real=0.06 secs] 
5195.008: [GC (Allocation Failure) [PSYoungGen: 414517K->186965K(465920K)] 1119791K->947407K(1864192K), 0.0622632 secs] [Times: user=0.30 sys=0.01, real=0.07 secs] 
5196.095: [GC (Allocation Failure) [PSYoungGen: 419925K->116590K(465920K)] 1180367K->947444K(1864192K), 0.0482989 secs] [Times: user=0.25 sys=0.00, real=0.05 secs] 
5196.506: [GC (GCLocker Initiated GC) [PSYoungGen: 349550K->154290K(465920K)] 1180404K->1023437K(1864192K), 0.0893535 secs] [Times: user=0.46 sys=0.00, real=0.09 secs] 
5196.791: [GC (Allocation Failure) [PSYoungGen: 387250K->184021K(465920K)] 1256436K->1101191K(1864192K), 0.0414523 secs] [Times: user=0.18 sys=0.00, real=0.04 secs] 
5196.972: [GC (Allocation Failure) [PSYoungGen: 416981K->178902K(465920K)] 1334151K->1160416K(1864192K), 0.0722812 secs] [Times: user=0.34 sys=0.01, real=0.07 secs] 
5197.182: [GC (Allocation Failure) [PSYoungGen: 411862K->186741K(465920K)] 1393376K->1225527K(1864192K), 0.0555178 secs] [Times: user=0.27 sys=0.00, real=0.05 secs] 
5198.259: [GC (Allocation Failure) [PSYoungGen: 419701K->97883K(465920K)] 1458487K->1207161K(1864192K), 0.0430666 secs] [Times: user=0.22 sys=0.00, real=0.04 secs] 
5199.408: [GC (Allocation Failure) [PSYoungGen: 330843K->173429K(465920K)] 1440121K->1313759K(1864192K), 0.0605772 secs] [Times: user=0.27 sys=0.00, real=0.06 secs] 
5199.639: [GC (Allocation Failure) [PSYoungGen: 406389K->181589K(465920K)] 1546719K->1376376K(1864192K), 0.0455146 secs] [Times: user=0.20 sys=0.01, real=0.05 secs] 
5199.823: [GC (Allocation Failure) [PSYoungGen: 414549K->187093K(465920K)] 1609336K->1436736K(1864192K), 0.0648950 secs] [Times: user=0.31 sys=0.00, real=0.06 secs] 
5200.877: [GC (Allocation Failure) [PSYoungGen: 420053K->119518K(465920K)] 1669696K->1439705K(1864192K), 0.0495976 secs] [Times: user=0.25 sys=0.00, real=0.05 secs] 
5200.926: [Full GC (Ergonomics) [PSYoungGen: 119518K->0K(465920K)] [ParOldGen: 1320186K->98517K(1398272K)] 1439705K->98517K(1864192K), [Metaspace: 59630K->59630K(1105920K)], 0.0350974 secs] [Times: user=0.11 sys=0.00, real=0.04 secs] 
5201.432: [GC (Allocation Failure) [PSYoungGen: 232960K->149073K(465920K)] 331477K->247591K(1864192K), 0.0505397 secs] [Times: user=0.20 sys=0.00, real=0.05 secs] 
5202.136: [GC (Allocation Failure) [PSYoungGen: 382033K->182997K(465920K)] 480551K->327795K(1864192K), 0.0559199 secs] [Times: user=0.26 sys=0.00, real=0.06 secs] 
5202.321: [GC (Allocation Failure) [PSYoungGen: 415957K->186199K(465920K)] 560755K->394816K(1864192K), 0.0491066 secs] [Times: user=0.23 sys=0.00, real=0.05 secs] 
5202.479: [GC (Allocation Failure) [PSYoungGen: 419159K->186773K(465920K)] 627776K->454626K(1864192K), 0.0560870 secs] [Times: user=0.27 sys=0.00, real=0.05 secs] 
5203.497: [GC (Allocation Failure) [PSYoungGen: 419733K->90842K(465920K)] 687586K->429140K(1864192K), 0.0411208 secs] [Times: user=0.21 sys=0.01, real=0.04 secs] 
5204.642: [GC (Allocation Failure) [PSYoungGen: 323802K->173301K(465920K)] 662100K->541002K(1864192K), 0.0551731 secs] [Times: user=0.25 sys=0.00, real=0.05 secs] 
5204.898: [GC (Allocation Failure) [PSYoungGen: 406261K->184758K(465920K)] 773962K->606540K(1864192K), 0.0466346 secs] [Times: user=0.22 sys=0.00, real=0.05 secs] 
5205.058: [GC (Allocation Failure) [PSYoungGen: 417718K->183156K(465920K)] 839500K->660938K(1864192K), 0.0454687 secs] [Times: user=0.21 sys=0.01, real=0.05 secs] 
5206.358: [GC (Allocation Failure) [PSYoungGen: 416116K->126543K(465920K)] 893898K->673605K(1864192K), 0.0473443 secs] [Times: user=0.24 sys=0.00, real=0.05 secs] 
5207.163: [GC (Allocation Failure) [PSYoungGen: 359503K->141633K(465920K)] 906565K->728751K(1864192K), 0.1570804 secs] [Times: user=0.87 sys=0.00, real=0.16 secs] 
5207.754: [GC (Allocation Failure) [PSYoungGen: 374593K->175188K(465920K)] 961711K->807455K(1864192K), 0.0527540 secs] [Times: user=0.25 sys=0.00, real=0.05 secs] 
5207.933: [GC (Allocation Failure) [PSYoungGen: 408148K->185783K(465920K)] 1040415K->879322K(1864192K), 0.0494921 secs] [Times: user=0.22 sys=0.00, real=0.05 secs] 
5208.095: [GC (Allocation Failure) [PSYoungGen: 418743K->186709K(465920K)] 1112282K->939096K(1864192K), 0.0580334 secs] [Times: user=0.28 sys=0.00, real=0.06 secs] 
5209.090: [GC (Allocation Failure) [PSYoungGen: 419669K->94811K(465920K)] 1172056K->917762K(1864192K), 0.0433022 secs] [Times: user=0.22 sys=0.00, real=0.04 secs] 
5209.657: [GC (Allocation Failure) [PSYoungGen: 327771K->177429K(465920K)] 1150722K->1031404K(1864192K), 0.0432148 secs] [Times: user=0.18 sys=0.00, real=0.05 secs] 
5209.866: [GC (Allocation Failure) [PSYoungGen: 410389K->181493K(465920K)] 1264364K->1090705K(1864192K), 0.0574062 secs] [Times: user=0.27 sys=0.00, real=0.06 secs] 
5210.044: [GC (Allocation Failure) [PSYoungGen: 414453K->186677K(465920K)] 1323665K->1151096K(1864192K), 0.0477665 secs] [Times: user=0.22 sys=0.00, real=0.05 secs] 
5211.029: [GC (Allocation Failure) [PSYoungGen: 419637K->131920K(465920K)] 1384056K->1166759K(1864192K), 0.0504615 secs] [Times: user=0.25 sys=0.00, real=0.06 secs] 
5211.568: [GC (Allocation Failure) [PSYoungGen: 364880K->138224K(465920K)] 1399719K->1214944K(1864192K), 0.1163612 secs] [Times: user=0.63 sys=0.00, real=0.12 secs] 
5212.252: [GC (Allocation Failure) [PSYoungGen: 371184K->174772K(465920K)] 1447904K->1295389K(1864192K), 0.0527223 secs] [Times: user=0.24 sys=0.00, real=0.05 secs] 
5212.432: [GC (Allocation Failure) [PSYoungGen: 407732K->185495K(465920K)] 1528349K->1367247K(1864192K), 0.0493503 secs] [Times: user=0.23 sys=0.00, real=0.05 secs] 
5212.593: [GC (Allocation Failure) [PSYoungGen: 418455K->183444K(465920K)] 1600207K->1424013K(1864192K), 0.0572356 secs] [Times: user=0.28 sys=0.01, real=0.06 secs] 
5213.612: [GC (Allocation Failure) [PSYoungGen: 416404K->98203K(465920K)] 1656973K->1408096K(1864192K), 0.0443604 secs] [Times: user=0.23 sys=0.00, real=0.04 secs] 
5214.116: [GC (Allocation Failure) [PSYoungGen: 331163K->177653K(465920K)] 1641056K->1519150K(1864192K), 0.0380671 secs] [Times: user=0.16 sys=0.00, real=0.04 secs] 
5214.154: [Full GC (Ergonomics) [PSYoungGen: 177653K->0K(465920K)] [ParOldGen: 1341497K->210510K(1398272K)] 1519150K->210510K(1864192K), [Metaspace: 59630K->59630K(1105920K)], 0.2155413 secs] [Times: user=0.88 sys=0.00, real=0.22 secs] 
5214.517: [GC (Allocation Failure) [PSYoungGen: 232960K->177813K(465920K)] 443470K->388323K(1864192K), 0.0260998 secs] [Times: user=0.10 sys=0.00, real=0.03 secs] 
5214.655: [GC (Allocation Failure) [PSYoungGen: 410773K->187317K(465920K)] 621283K->452291K(1864192K), 0.0442974 secs] [Times: user=0.20 sys=0.00, real=0.04 secs] 
5215.603: [GC (Allocation Failure) [PSYoungGen: 420277K->139409K(465920K)] 685251K->475095K(1864192K), 0.0491538 secs] [Times: user=0.24 sys=0.00, real=0.05 secs] 
5216.477: [GC (Allocation Failure) [PSYoungGen: 372369K->133136K(465920K)] 708055K->512882K(1864192K), 0.1576440 secs] [Times: user=0.87 sys=0.00, real=0.16 secs] 
5216.973: [GC (Allocation Failure) [PSYoungGen: 366096K->177973K(465920K)] 745842K->599636K(1864192K), 0.0381739 secs] [Times: user=0.16 sys=0.00, real=0.04 secs] 
5217.126: [GC (Allocation Failure) [PSYoungGen: 410933K->185879K(465920K)] 832596K->670078K(1864192K), 0.0489101 secs] [Times: user=0.23 sys=0.00, real=0.05 secs] 
5217.285: [GC (Allocation Failure) [PSYoungGen: 418839K->186389K(465920K)] 903038K->729524K(1864192K), 0.0567414 secs] [Times: user=0.27 sys=0.00, real=0.06 secs] 
5218.301: [GC (Allocation Failure) [PSYoungGen: 419349K->91451K(465920K)] 962484K->704942K(1864192K), 0.0423860 secs] [Times: user=0.22 sys=0.00, real=0.04 secs] 
5219.291: [GC (Allocation Failure) [PSYoungGen: 324411K->172917K(465920K)] 937902K->815873K(1864192K), 0.0564060 secs] [Times: user=0.25 sys=0.00, real=0.05 secs] 
5219.511: [GC (Allocation Failure) [PSYoungGen: 405877K->192822K(465920K)] 1048833K->889810K(1864192K), 0.0433671 secs] [Times: user=0.20 sys=0.00, real=0.04 secs] 
5219.666: [GC (Allocation Failure) [PSYoungGen: 425782K->187093K(465920K)] 1122770K->940161K(1864192K), 0.0458277 secs] [Times: user=0.21 sys=0.00, real=0.05 secs] 
5220.605: [GC (Allocation Failure) [PSYoungGen: 420053K->142705K(465920K)] 1173121K->966326K(1864192K), 0.0500938 secs] [Times: user=0.24 sys=0.00, real=0.05 secs] 
5221.450: [GC (Allocation Failure) [PSYoungGen: 375665K->126687K(465920K)] 1199286K->995567K(1864192K), 0.1633753 secs] [Times: user=0.92 sys=0.00, real=0.16 secs] 
5222.001: [GC (Allocation Failure) [PSYoungGen: 359647K->177205K(465920K)] 1228527K->1086582K(1864192K), 0.0461593 secs] [Times: user=0.21 sys=0.00, real=0.04 secs] 
5222.525: [GC (Allocation Failure) [PSYoungGen: 410165K->184919K(465920K)] 1319542K->1156032K(1864192K), 0.0805704 secs] [Times: user=0.39 sys=0.00, real=0.08 secs] 
5222.827: [GC (Allocation Failure) [PSYoungGen: 417879K->186133K(465920K)] 1388992K->1215870K(1864192K), 0.0692641 secs] [Times: user=0.36 sys=0.00, real=0.07 secs] 
5224.054: [GC (Allocation Failure) [PSYoungGen: 419093K->92331K(465920K)] 1448830K->1192324K(1864192K), 0.0443363 secs] [Times: user=0.23 sys=0.00, real=0.04 secs] 
5225.419: [GC (GCLocker Initiated GC) [PSYoungGen: 325291K->170612K(465920K)] 1425284K->1300171K(1864192K), 0.0654937 secs] [Times: user=0.29 sys=0.00, real=0.07 secs] 
5225.672: [GC (Allocation Failure) [PSYoungGen: 403572K->184726K(465920K)] 1533297K->1367923K(1864192K), 0.0437077 secs] [Times: user=0.19 sys=0.00, real=0.04 secs] 
5225.867: [GC (Allocation Failure) [PSYoungGen: 403991K->170741K(465920K)] 1587188K->1418110K(1864192K), 0.0689238 secs] [Times: user=0.34 sys=0.01, real=0.07 secs] 
5226.850: [GC (Allocation Failure) [PSYoungGen: 403701K->168627K(401920K)] 1651070K->1470108K(1800192K), 0.0534220 secs] [Times: user=0.26 sys=0.00, real=0.05 secs] 
5227.245: [GC (Allocation Failure) [PSYoungGen: 401587K->103196K(462848K)] 1703068K->1469301K(1861120K), 0.0476304 secs] [Times: user=0.24 sys=0.00, real=0.05 secs] 
5227.293: [Full GC (Ergonomics) [PSYoungGen: 103196K->0K(462848K)] [ParOldGen: 1366105K->119375K(1398272K)] 1469301K->119375K(1861120K), [Metaspace: 59630K->59630K(1105920K)], 0.1098749 secs] [Times: user=0.44 sys=0.00, real=0.11 secs] 
5228.122: [GC (Allocation Failure) [PSYoungGen: 231424K->180245K(464384K)] 350799K->299621K(1862656K), 0.0342784 secs] [Times: user=0.13 sys=0.00, real=0.03 secs] 
5228.296: [GC (Allocation Failure) [PSYoungGen: 411669K->183861K(465920K)] 531045K->359641K(1864192K), 0.0416845 secs] [Times: user=0.18 sys=0.00, real=0.04 secs] 
5228.447: [GC (Allocation Failure) [PSYoungGen: 416821K->186901K(465920K)] 592601K->418393K(1864192K), 0.0450258 secs] [Times: user=0.20 sys=0.00, real=0.05 secs] 
5229.454: [GC (Allocation Failure) [PSYoungGen: 419861K->96827K(465920K)] 651353K->398915K(1864192K), 0.0465688 secs] [Times: user=0.24 sys=0.00, real=0.05 secs] 
5230.475: [GC (Allocation Failure) [PSYoungGen: 329787K->165972K(465920K)] 631875K->499572K(1864192K), 0.0953803 secs] [Times: user=0.48 sys=0.00, real=0.10 secs] 
5230.797: [GC (Allocation Failure) [PSYoungGen: 398932K->184534K(465920K)] 732532K->569910K(1864192K), 0.0454460 secs] [Times: user=0.21 sys=0.00, real=0.05 secs] 
5230.961: [GC (Allocation Failure) [PSYoungGen: 417494K->186103K(465920K)] 802870K->635608K(1864192K), 0.0495666 secs] [Times: user=0.23 sys=0.00, real=0.05 secs] 
5231.547: [GC (Allocation Failure) [PSYoungGen: 419063K->198580K(465920K)] 868568K->707149K(1864192K), 0.0524512 secs] [Times: user=0.25 sys=0.00, real=0.06 secs] 
5232.355: [GC (Allocation Failure) [PSYoungGen: 431540K->96155K(465920K)] 940109K->672212K(1864192K), 0.0859649 secs] [Times: user=0.47 sys=0.00, real=0.09 secs] 
5233.777: [GC (Allocation Failure) [PSYoungGen: 329115K->176629K(465920K)] 905172K->782810K(1864192K), 0.0476203 secs] [Times: user=0.22 sys=0.00, real=0.05 secs] 
5233.990: [GC (Allocation Failure) [PSYoungGen: 409589K->184886K(465920K)] 1015770K->846367K(1864192K), 0.0583175 secs] [Times: user=0.28 sys=0.00, real=0.05 secs] 
5234.176: [GC (Allocation Failure) [PSYoungGen: 417846K->203253K(465920K)] 1079327K->920742K(1864192K), 0.0460615 secs] [Times: user=0.21 sys=0.00, real=0.05 secs] 
5235.203: [GC (Allocation Failure) [PSYoungGen: 436163K->99260K(465920K)] 1153652K->887269K(1864192K), 0.0448974 secs] [Times: user=0.23 sys=0.00, real=0.04 secs] 
5235.809: [GC (GCLocker Initiated GC) [PSYoungGen: 332220K->167348K(465920K)] 1120230K->988091K(1864192K), 0.1103520 secs] [Times: user=0.56 sys=0.00, real=0.12 secs] 
5236.111: [GC (Allocation Failure) [PSYoungGen: 400308K->180501K(465920K)] 1221217K->1053307K(1864192K), 0.0431455 secs] [Times: user=0.19 sys=0.00, real=0.04 secs] 
5236.273: [GC (Allocation Failure) [PSYoungGen: 413461K->185687K(465920K)] 1286267K->1121468K(1864192K), 0.0512644 secs] [Times: user=0.24 sys=0.00, real=0.05 secs] 
5236.601: [GC (Allocation Failure) [PSYoungGen: 418647K->186229K(465920K)] 1354428K->1181002K(1864192K), 0.0707852 secs] [Times: user=0.36 sys=0.00, real=0.07 secs] 
5237.690: [GC (Allocation Failure) [PSYoungGen: 419189K->88138K(465920K)] 1413962K->1153176K(1864192K), 0.0416756 secs] [Times: user=0.22 sys=0.00, real=0.04 secs] 
5238.535: [GC (Allocation Failure) [PSYoungGen: 321098K->181334K(465920K)] 1386136K->1274472K(1864192K), 0.0566088 secs] [Times: user=0.26 sys=0.00, real=0.06 secs] 
5238.778: [GC (Allocation Failure) [PSYoungGen: 414294K->184566K(465920K)] 1507432K->1334276K(1864192K), 0.0616250 secs] [Times: user=0.30 sys=0.00, real=0.07 secs] 
5238.995: [GC (Allocation Failure) [PSYoungGen: 417526K->186837K(465920K)] 1567236K->1392635K(1864192K), 0.0503619 secs] [Times: user=0.24 sys=0.00, real=0.05 secs] 
5240.028: [GC (Allocation Failure) [PSYoungGen: 419797K->100396K(465920K)] 1625595K->1376698K(1864192K), 0.0456852 secs] [Times: user=0.24 sys=0.00, real=0.05 secs] 
5241.267: [GC (Allocation Failure) [PSYoungGen: 333356K->161427K(465920K)] 1609658K->1469919K(1864192K), 0.1240563 secs] [Times: user=0.65 sys=0.00, real=0.13 secs] 
5241.791: [GC (Allocation Failure) [PSYoungGen: 394387K->181333K(465920K)] 1702879K->1540397K(1864192K), 0.0531464 secs] [Times: user=0.25 sys=0.00, real=0.05 secs] 
5241.845: [Full GC (Ergonomics) [PSYoungGen: 181333K->0K(465920K)] [ParOldGen: 1359063K->250024K(1398272K)] 1540397K->250024K(1864192K), [Metaspace: 59630K->59630K(1105920K)], 0.3089773 secs] [Times: user=1.42 sys=0.00, real=0.31 secs] 
5242.273: [GC (Allocation Failure) [PSYoungGen: 232960K->185815K(465920K)] 482984K->435839K(1864192K), 0.0835082 secs] [Times: user=0.44 sys=0.00, real=0.08 secs] 
5242.476: [GC (Allocation Failure) [PSYoungGen: 418775K->186613K(465920K)] 668799K->495653K(1864192K), 0.0547708 secs] [Times: user=0.27 sys=0.00, real=0.06 secs] 
5243.442: [GC (Allocation Failure) [PSYoungGen: 419573K->91098K(465920K)] 728613K->470443K(1864192K), 0.0397956 secs] [Times: user=0.20 sys=0.00, real=0.04 secs] 
5244.448: [GC (Allocation Failure) [PSYoungGen: 324058K->174613K(465920K)] 703403K->582594K(1864192K), 0.0496395 secs] [Times: user=0.21 sys=0.01, real=0.05 secs] 
5244.693: [GC (Allocation Failure) [PSYoungGen: 407573K->184726K(465920K)] 815554K->647391K(1864192K), 0.0573068 secs] [Times: user=0.27 sys=0.00, real=0.06 secs] 
5244.868: [GC (Allocation Failure) [PSYoungGen: 417686K->186741K(465920K)] 880351K->705486K(1864192K), 0.0447959 secs] [Times: user=0.20 sys=0.00, real=0.05 secs] 
5245.852: [GC (Allocation Failure) [PSYoungGen: 419701K->109853K(465920K)] 938446K->699022K(1864192K), 0.0455113 secs] [Times: user=0.23 sys=0.00, real=0.04 secs] 
5246.152: [GC (Allocation Failure) [PSYoungGen: 342813K->160947K(465920K)] 931982K->786533K(1864192K), 0.0795642 secs] [Times: user=0.40 sys=0.00, real=0.08 secs] 
5246.909: [GC (Allocation Failure) [PSYoungGen: 393907K->177845K(465920K)] 1019493K->853294K(1864192K), 0.0415354 secs] [Times: user=0.19 sys=0.00, real=0.05 secs] 
5247.067: [GC (Allocation Failure) [PSYoungGen: 410805K->182998K(465920K)] 1086254K->920832K(1864192K), 0.0495886 secs] [Times: user=0.23 sys=0.00, real=0.05 secs] 
5247.229: [GC (Allocation Failure) [PSYoungGen: 415958K->186485K(465920K)] 1153792K->982470K(1864192K), 0.0562319 secs] [Times: user=0.28 sys=0.00, real=0.06 secs] 
5248.207: [GC (Allocation Failure) [PSYoungGen: 419445K->95435K(465920K)] 1215430K->961797K(1864192K), 0.0417149 secs] [Times: user=0.21 sys=0.00, real=0.04 secs] 
5249.320: [GC (Allocation Failure) [PSYoungGen: 328395K->174101K(465920K)] 1194757K->1070403K(1864192K), 0.0535095 secs] [Times: user=0.24 sys=0.00, real=0.05 secs] 
5249.526: [GC (Allocation Failure) [PSYoungGen: 407061K->184886K(465920K)] 1303363K->1136008K(1864192K), 0.0440097 secs] [Times: user=0.20 sys=0.01, real=0.05 secs] 
5249.686: [GC (Allocation Failure) [PSYoungGen: 417846K->186677K(465920K)] 1368968K->1193895K(1864192K), 0.0462789 secs] [Times: user=0.22 sys=0.00, real=0.05 secs] 
5250.762: [GC (Allocation Failure) [PSYoungGen: 419637K->115502K(465920K)] 1426855K->1193244K(1864192K), 0.0474054 secs] [Times: user=0.25 sys=0.00, real=0.05 secs] 
5251.355: [GC (Allocation Failure) [PSYoungGen: 348462K->156306K(465920K)] 1426204K->1271938K(1864192K), 0.1409384 secs] [Times: user=0.76 sys=0.00, real=0.14 secs] 
5251.738: [GC (Allocation Failure) [PSYoungGen: 389266K->180149K(465920K)] 1504898K->1344141K(1864192K), 0.0416392 secs] [Times: user=0.18 sys=0.00, real=0.05 secs] 
5251.934: [GC (Allocation Failure) [PSYoungGen: 413109K->185463K(465920K)] 1577101K->1412498K(1864192K), 0.0749166 secs] [Times: user=0.37 sys=0.00, real=0.08 secs] 
5252.176: [GC (Allocation Failure) [PSYoungGen: 418423K->182964K(465920K)] 1645458K->1468864K(1864192K), 0.0780135 secs] [Times: user=0.40 sys=0.00, real=0.08 secs] 
5253.196: [GC (Allocation Failure) [PSYoungGen: 414609K->96667K(465920K)] 1700509K->1451651K(1864192K), 0.0432318 secs] [Times: user=0.23 sys=0.00, real=0.04 secs] 
5253.239: [Full GC (Ergonomics) [PSYoungGen: 96667K->0K(465920K)] [ParOldGen: 1354983K->105175K(1398272K)] 1451651K->105175K(1864192K), [Metaspace: 59630K->59630K(1105920K)], 0.0844265 secs] [Times: user=0.33 sys=0.00, real=0.09 secs] 
5254.052: [GC (Allocation Failure) [PSYoungGen: 232960K->173813K(465920K)] 338135K->278988K(1864192K), 0.0419594 secs] [Times: user=0.16 sys=0.00, real=0.04 secs] 
5254.265: [GC (Allocation Failure) [PSYoungGen: 406773K->181621K(465920K)] 511948K->341217K(1864192K), 0.0422872 secs] [Times: user=0.19 sys=0.01, real=0.04 secs] 
5254.437: [GC (Allocation Failure) [PSYoungGen: 414581K->186837K(465920K)] 574177K->401616K(1864192K), 0.0592308 secs] [Times: user=0.29 sys=0.00, real=0.06 secs] 
5255.455: [GC (Allocation Failure) [PSYoungGen: 419797K->119518K(465920K)] 634576K->404710K(1864192K), 0.0459474 secs] [Times: user=0.23 sys=0.00, real=0.05 secs] 
5255.929: [GC (Allocation Failure) [PSYoungGen: 352478K->152210K(465920K)] 637670K->475950K(1864192K), 0.1387578 secs] [Times: user=0.75 sys=0.00, real=0.14 secs] 
5256.318: [GC (GCLocker Initiated GC) [PSYoungGen: 385170K->177813K(465920K)] 708911K->548873K(1864192K), 0.0404221 secs] [Times: user=0.18 sys=0.00, real=0.04 secs] 
5256.504: [GC (Allocation Failure) [PSYoungGen: 410773K->185591K(465920K)] 782000K->619622K(1864192K), 0.0635119 secs] [Times: user=0.31 sys=0.00, real=0.06 secs] 
5256.734: [GC (Allocation Failure) [PSYoungGen: 418551K->186229K(465920K)] 852582K->679068K(1864192K), 0.0777031 secs] [Times: user=0.40 sys=0.00, real=0.08 secs] 
5257.796: [GC (Allocation Failure) [PSYoungGen: 419189K->94107K(465920K)] 912028K->657222K(1864192K), 0.0429067 secs] [Times: user=0.22 sys=0.00, real=0.04 secs] 
5259.014: [GC (Allocation Failure) [PSYoungGen: 327067K->170260K(465920K)] 890182K->763335K(1864192K), 0.0606431 secs] [Times: user=0.27 sys=0.01, real=0.06 secs] 
5259.247: [GC (Allocation Failure) [PSYoungGen: 403220K->184630K(465920K)] 996295K->830876K(1864192K), 0.0427207 secs] [Times: user=0.19 sys=0.00, real=0.05 secs] 
5259.403: [GC (Allocation Failure) [PSYoungGen: 417590K->186197K(465920K)] 1063841K->888432K(1864192K), 0.0454357 secs] [Times: user=0.21 sys=0.00, real=0.04 secs] 
5260.384: [GC (Allocation Failure) [PSYoungGen: 419157K->126255K(465920K)] 1121392K->898842K(1864192K), 0.0477969 secs] [Times: user=0.24 sys=0.00, real=0.05 secs] 
5260.765: [GC (Allocation Failure) [PSYoungGen: 359215K->146593K(465920K)] 1131802K->959276K(1864192K), 0.0752420 secs] [Times: user=0.38 sys=0.01, real=0.08 secs] 
5261.040: [GC (Allocation Failure) [PSYoungGen: 379553K->183605K(465920K)] 1192236K->1042780K(1864192K), 0.0406179 secs] [Times: user=0.18 sys=0.00, real=0.04 secs] 
5261.197: [GC (Allocation Failure) [PSYoungGen: 416565K->182198K(465920K)] 1275740K->1105493K(1864192K), 0.0499000 secs] [Times: user=0.23 sys=0.00, real=0.05 secs] 
5261.360: [GC (Allocation Failure) [PSYoungGen: 415158K->186549K(465920K)] 1338453K->1167836K(1864192K), 0.0575222 secs] [Times: user=0.28 sys=0.00, real=0.05 secs] 
5262.432: [GC (Allocation Failure) [PSYoungGen: 419509K->90683K(465920K)] 1400796K->1142349K(1864192K), 0.0528015 secs] [Times: user=0.29 sys=0.00, real=0.05 secs] 
5263.103: [GC (Allocation Failure) [PSYoungGen: 323643K->177301K(465920K)] 1375309K->1258720K(1864192K), 0.0560284 secs] [Times: user=0.25 sys=0.00, real=0.05 secs] 
5263.376: [GC (Allocation Failure) [PSYoungGen: 410261K->184630K(465920K)] 1491680K->1321473K(1864192K), 0.0590654 secs] [Times: user=0.28 sys=0.00, real=0.06 secs] 
5263.569: [GC (Allocation Failure) [PSYoungGen: 417590K->183060K(465920K)] 1554433K->1375664K(1864192K), 0.0456207 secs] [Times: user=0.21 sys=0.00, real=0.04 secs] 
5264.581: [GC (Allocation Failure) [PSYoungGen: 416020K->129488K(465920K)] 1608624K->1391331K(1864192K), 0.0488612 secs] [Times: user=0.25 sys=0.00, real=0.05 secs] 
5265.250: [GC (Allocation Failure) [PSYoungGen: 362448K->141553K(465920K)] 1624291K->1444364K(1864192K), 0.1129356 secs] [Times: user=0.61 sys=0.00, real=0.11 secs] 
5265.893: [GC (Allocation Failure) [PSYoungGen: 374513K->177845K(465920K)] 1677324K->1525540K(1864192K), 0.0404339 secs] [Times: user=0.17 sys=0.00, real=0.04 secs] 
5265.934: [Full GC (Ergonomics) [PSYoungGen: 177845K->0K(465920K)] [ParOldGen: 1347695K->238692K(1398272K)] 1525540K->238692K(1864192K), [Metaspace: 59630K->59630K(1105920K)], 0.2998268 secs] [Times: user=1.35 sys=0.00, real=0.30 secs] 
5266.349: [GC (GCLocker Initiated GC) [PSYoungGen: 232960K->179670K(465920K)] 471654K->418365K(1864192K), 0.0876951 secs] [Times: user=0.46 sys=0.00, real=0.09 secs] 
5266.550: [GC (Allocation Failure) [PSYoungGen: 412630K->186773K(465920K)] 651326K->482493K(1864192K), 0.0557046 secs] [Times: user=0.27 sys=0.00, real=0.05 secs] 
5267.536: [GC (GCLocker Initiated GC) [PSYoungGen: 419733K->98139K(465920K)] 715454K->464325K(1864192K), 0.0449168 secs] [Times: user=0.23 sys=0.00, real=0.05 secs] 
5268.588: [GC (Allocation Failure) [PSYoungGen: 331099K->167060K(465920K)] 697451K->564561K(1864192K), 0.0638365 secs] [Times: user=0.28 sys=0.01, real=0.07 secs] 
5268.888: [GC (Allocation Failure) [PSYoungGen: 400020K->184662K(465920K)] 797521K->634931K(1864192K), 0.0542410 secs] [Times: user=0.26 sys=0.01, real=0.06 secs] 
5269.054: [GC (Allocation Failure) [PSYoungGen: 417622K->187253K(465920K)] 867891K->693466K(1864192K), 0.0458312 secs] [Times: user=0.22 sys=0.00, real=0.05 secs] 
5270.005: [GC (Allocation Failure) [PSYoungGen: 420213K->139505K(465920K)] 926426K->716390K(1864192K), 0.0497764 secs] [Times: user=0.24 sys=0.00, real=0.05 secs] 
5270.321: [GC (GCLocker Initiated GC) [PSYoungGen: 372465K->139376K(372736K)] 949350K->760438K(1771008K), 0.0706124 secs] [Times: user=0.37 sys=0.00, real=0.07 secs] 
5270.616: [GC (Allocation Failure) [PSYoungGen: 372336K->186165K(463872K)] 993565K->851918K(1862144K), 0.0569088 secs] [Times: user=0.26 sys=0.00, real=0.06 secs] 
5270.817: [GC (Allocation Failure) [PSYoungGen: 418101K->184407K(464896K)] 1083854K->912464K(1863168K), 0.0497045 secs] [Times: user=0.23 sys=0.00, real=0.05 secs] 
5270.976: [GC (Allocation Failure) [PSYoungGen: 416343K->182036K(465920K)] 1144400K->968581K(1864192K), 0.0565120 secs] [Times: user=0.28 sys=0.00, real=0.06 secs] 
5272.000: [GC (Allocation Failure) [PSYoungGen: 414996K->95387K(465920K)] 1201541K->950864K(1864192K), 0.0432689 secs] [Times: user=0.22 sys=0.00, real=0.04 secs] 
5273.005: [GC (Allocation Failure) [PSYoungGen: 328347K->172852K(465920K)] 1183824K->1058795K(1864192K), 0.0630249 secs] [Times: user=0.28 sys=0.00, real=0.06 secs] 
5273.283: [GC (Allocation Failure) [PSYoungGen: 405812K->180885K(465920K)] 1291755K->1120895K(1864192K), 0.0587250 secs] [Times: user=0.28 sys=0.00, real=0.06 secs] 
5273.457: [GC (Allocation Failure) [PSYoungGen: 413845K->187093K(465920K)] 1353855K->1181879K(1864192K), 0.0471339 secs] [Times: user=0.23 sys=0.00, real=0.05 secs] 
5274.508: [GC (Allocation Failure) [PSYoungGen: 420053K->142225K(465920K)] 1414839K->1207652K(1864192K), 0.0521494 secs] [Times: user=0.26 sys=0.00, real=0.06 secs] 
5275.435: [GC (Allocation Failure) [PSYoungGen: 375185K->132479K(465920K)] 1440612K->1243034K(1864192K), 0.1584946 secs] [Times: user=0.87 sys=0.01, real=0.16 secs] 
5276.582: [GC (Allocation Failure) [PSYoungGen: 365439K->171188K(404480K)] 1475994K->1323779K(1802752K), 0.0563659 secs] [Times: user=0.26 sys=0.00, real=0.05 secs] 
5276.775: [GC (Allocation Failure) [PSYoungGen: 404148K->185559K(460288K)] 1556739K->1398454K(1858560K), 0.0498885 secs] [Times: user=0.23 sys=0.00, real=0.05 secs] 
5276.979: [GC (Allocation Failure) [PSYoungGen: 415959K->184757K(462848K)] 1628854K->1456680K(1861120K), 0.0814996 secs] [Times: user=0.43 sys=0.00, real=0.09 secs] 
5278.080: [GC (Allocation Failure) [PSYoungGen: 415157K->93515K(465920K)] 1687080K->1435318K(1864192K), 0.0471106 secs] [Times: user=0.25 sys=0.00, real=0.04 secs] 
5278.127: [Full GC (Ergonomics) [PSYoungGen: 93515K->0K(465920K)] [ParOldGen: 1341803K->92367K(1398272K)] 1435318K->92367K(1864192K), [Metaspace: 59630K->59630K(1105920K)], 0.0590787 secs] [Times: user=0.21 sys=0.00, real=0.06 secs] 
5278.632: [GC (Allocation Failure) [PSYoungGen: 232960K->173845K(465920K)] 325327K->266213K(1864192K), 0.0422245 secs] [Times: user=0.16 sys=0.00, real=0.04 secs] 
5278.900: [GC (Allocation Failure) [PSYoungGen: 406805K->184054K(465920K)] 499173K->331098K(1864192K), 0.0552288 secs] [Times: user=0.26 sys=0.00, real=0.05 secs] 
5279.072: [GC (Allocation Failure) [PSYoungGen: 417014K->187445K(465920K)] 564058K->390429K(1864192K), 0.0443909 secs] [Times: user=0.20 sys=0.00, real=0.04 secs] 
5279.985: [GC (Allocation Failure) [PSYoungGen: 420405K->149458K(465920K)] 623389K->423058K(1864192K), 0.0501594 secs] [Times: user=0.25 sys=0.00, real=0.05 secs] 
5280.299: [GC (Allocation Failure) [PSYoungGen: 382418K->122382K(465920K)] 656018K->443266K(1864192K), 0.0678610 secs] [Times: user=0.36 sys=0.00, real=0.07 secs] 
5280.675: [GC (Allocation Failure) [PSYoungGen: 355342K->175284K(465920K)] 676228K->535443K(1864192K), 0.0593736 secs] [Times: user=0.28 sys=0.00, real=0.06 secs] 
5280.952: [GC (Allocation Failure) [PSYoungGen: 408244K->185431K(465920K)] 768403K->615261K(1864192K), 0.0609992 secs] [Times: user=0.30 sys=0.00, real=0.06 secs] 
5281.123: [GC (Allocation Failure) [PSYoungGen: 418391K->186485K(465920K)] 848221K->675455K(1864192K), 0.0569894 secs] [Times: user=0.28 sys=0.00, real=0.06 secs] 
5282.146: [GC (Allocation Failure) [PSYoungGen: 419445K->94363K(465920K)] 908415K->653670K(1864192K), 0.0436363 secs] [Times: user=0.23 sys=0.00, real=0.05 secs] 
5284.164: [GC (Allocation Failure) [PSYoungGen: 327323K->164691K(465920K)] 886630K->754091K(1864192K), 0.0863129 secs] [Times: user=0.41 sys=0.00, real=0.09 secs] 
5284.446: [GC (Allocation Failure) [PSYoungGen: 397651K->184950K(465920K)] 987051K->826029K(1864192K), 0.0419490 secs] [Times: user=0.19 sys=0.00, real=0.04 secs] 
5284.599: [GC (Allocation Failure) [PSYoungGen: 410141K->178422K(465920K)] 1051221K->883765K(1864192K), 0.0487366 secs] [Times: user=0.23 sys=0.00, real=0.05 secs] 
5285.430: [GC (Allocation Failure) [PSYoungGen: 408123K->206483K(465920K)] 1113467K->968574K(1864192K), 0.0544980 secs] [Times: user=0.27 sys=0.00, real=0.05 secs] 
5285.824: [GC (Allocation Failure) [PSYoungGen: 439443K->101468K(465920K)] 1201534K->928391K(1864192K), 0.0400887 secs] [Times: user=0.20 sys=0.00, real=0.04 secs] 
5286.298: [GC (Allocation Failure) [PSYoungGen: 334428K->177173K(465920K)] 1161351K->1036681K(1864192K), 0.0658991 secs] [Times: user=0.31 sys=0.00, real=0.07 secs] 
5286.601: [GC (Allocation Failure) [PSYoungGen: 410133K->182293K(465920K)] 1269641K->1097009K(1864192K), 0.0519930 secs] [Times: user=0.24 sys=0.00, real=0.05 secs] 
5286.770: [GC (Allocation Failure) [PSYoungGen: 415253K->203029K(465920K)] 1329969K->1172993K(1864192K), 0.0469892 secs] [Times: user=0.22 sys=0.00, real=0.04 secs] 
5287.787: [GC (Allocation Failure) [PSYoungGen: 435989K->98700K(465920K)] 1405953K->1139192K(1864192K), 0.0458917 secs] [Times: user=0.24 sys=0.00, real=0.05 secs] 
5288.769: [GC (Allocation Failure) [PSYoungGen: 331660K->166516K(465920K)] 1372152K->1238965K(1864192K), 0.0927076 secs] [Times: user=0.46 sys=0.00, real=0.09 secs] 
5289.039: [GC (Allocation Failure) [PSYoungGen: 399476K->184598K(465920K)] 1471925K->1309075K(1864192K), 0.0437055 secs] [Times: user=0.19 sys=0.00, real=0.05 secs] 
5289.226: [GC (Allocation Failure) [PSYoungGen: 417558K->186103K(465920K)] 1542035K->1374644K(1864192K), 0.0565883 secs] [Times: user=0.27 sys=0.00, real=0.06 secs] 
5289.465: [GC (Allocation Failure) [PSYoungGen: 419063K->214964K(465920K)] 1607604K->1462529K(1864192K), 0.0566165 secs] [Times: user=0.28 sys=0.01, real=0.06 secs] 
5290.457: [GC (Allocation Failure) [PSYoungGen: 447924K->88506K(465920K)] 1695489K->1404775K(1864192K), 0.0415522 secs] [Times: user=0.21 sys=0.00, real=0.04 secs] 
5290.499: [Full GC (Ergonomics) [PSYoungGen: 88506K->0K(465920K)] [ParOldGen: 1316269K->104575K(1398272K)] 1404775K->104575K(1864192K), [Metaspace: 59630K->59630K(1105920K)], 0.1064742 secs] [Times: user=0.42 sys=0.00, real=0.11 secs] 
5291.622: [GC (Allocation Failure) [PSYoungGen: 232960K->185398K(465920K)] 337535K->289974K(1864192K), 0.0351823 secs] [Times: user=0.13 sys=0.01, real=0.03 secs] 
5291.798: [GC (Allocation Failure) [PSYoungGen: 418358K->184726K(465920K)] 522934K->346058K(1864192K), 0.0418232 secs] [Times: user=0.18 sys=0.00, real=0.05 secs] 
5291.950: [GC (Allocation Failure) [PSYoungGen: 417686K->186549K(465920K)] 579018K->403953K(1864192K), 0.0450662 secs] [Times: user=0.20 sys=0.00, real=0.04 secs] 
5292.939: [GC (Allocation Failure) [PSYoungGen: 419509K->99900K(465920K)] 636913K->387552K(1864192K), 0.0441088 secs] [Times: user=0.22 sys=0.00, real=0.05 secs] 
5293.931: [GC (Allocation Failure) [PSYoungGen: 332860K->163379K(465920K)] 620512K->483640K(1864192K), 0.0869308 secs] [Times: user=0.44 sys=0.00, real=0.08 secs] 
5294.220: [GC (Allocation Failure) [PSYoungGen: 396339K->184053K(465920K)] 716600K->555179K(1864192K), 0.0419129 secs] [Times: user=0.19 sys=0.00, real=0.04 secs] 
5294.379: [GC (Allocation Failure) [PSYoungGen: 417013K->186007K(465920K)] 788139K->621172K(1864192K), 0.0499490 secs] [Times: user=0.23 sys=0.00, real=0.05 secs] 
5294.541: [GC (Allocation Failure) [PSYoungGen: 418967K->185845K(465920K)] 854132K->680082K(1864192K), 0.0549058 secs] [Times: user=0.26 sys=0.00, real=0.05 secs] 
5295.526: [GC (Allocation Failure) [PSYoungGen: 418805K->87882K(465920K)] 913042K->652327K(1864192K), 0.0406877 secs] [Times: user=0.21 sys=0.00, real=0.04 secs] 
5295.916: [GC (Allocation Failure) [PSYoungGen: 320842K->186806K(465920K)] 885287K->779777K(1864192K), 0.0343987 secs] [Times: user=0.14 sys=0.00, real=0.04 secs] 
5296.066: [GC (Allocation Failure) [PSYoungGen: 419766K->184342K(465920K)] 1012737K->834065K(1864192K), 0.0441504 secs] [Times: user=0.20 sys=0.00, real=0.05 secs] 
5296.224: [GC (Allocation Failure) [PSYoungGen: 417302K->186293K(465920K)] 1067025K->891936K(1864192K), 0.0488444 secs] [Times: user=0.19 sys=0.00, real=0.05 secs] 
5297.541: [GC (Allocation Failure) [PSYoungGen: 419253K->101580K(465920K)] 1124896K->877447K(1864192K), 0.0449673 secs] [Times: user=0.23 sys=0.00, real=0.04 secs] 
5298.540: [GC (Allocation Failure) [PSYoungGen: 334540K->161363K(465920K)] 1110407K->970455K(1864192K), 0.0695799 secs] [Times: user=0.35 sys=0.01, real=0.07 secs] 
5298.801: [GC (Allocation Failure) [PSYoungGen: 394323K->184470K(465920K)] 1203415K->1043770K(1864192K), 0.0420089 secs] [Times: user=0.19 sys=0.00, real=0.04 secs] 
5298.988: [GC (Allocation Failure) [PSYoungGen: 417430K->186135K(465920K)] 1276730K->1109715K(1864192K), 0.0552702 secs] [Times: user=0.27 sys=0.00, real=0.06 secs] 
5299.600: [GC (Allocation Failure) [PSYoungGen: 419095K->186421K(465920K)] 1342675K->1168937K(1864192K), 0.0737344 secs] [Times: user=0.37 sys=0.00, real=0.07 secs] 
5300.724: [GC (Allocation Failure) [PSYoungGen: 419381K->87978K(465920K)] 1401897K->1140966K(1864192K), 0.0605457 secs] [Times: user=0.33 sys=0.00, real=0.06 secs] 
5301.969: [GC (Allocation Failure) [PSYoungGen: 320938K->176789K(465920K)] 1373926K->1258145K(1864192K), 0.0500404 secs] [Times: user=0.22 sys=0.00, real=0.05 secs] 
5302.203: [GC (Allocation Failure) [PSYoungGen: 409749K->184534K(465920K)] 1491105K->1321046K(1864192K), 0.0515753 secs] [Times: user=0.25 sys=0.00, real=0.05 secs] 
5302.410: [GC (Allocation Failure) [PSYoungGen: 417494K->183412K(465920K)] 1554006K->1376069K(1864192K), 0.0674600 secs] [Times: user=0.33 sys=0.00, real=0.06 secs] 
5303.513: [GC (Allocation Failure) [PSYoungGen: 416372K->111421K(465920K)] 1609029K->1373326K(1864192K), 0.0469400 secs] [Times: user=0.24 sys=0.00, real=0.05 secs] 
5304.236: [GC (Allocation Failure) [PSYoungGen: 344381K->155986K(465920K)] 1606286K->1454479K(1864192K), 0.1203312 secs] [Times: user=0.64 sys=0.00, real=0.12 secs] 
5304.568: [GC (GCLocker Initiated GC) [PSYoungGen: 388946K->178965K(465920K)] 1687439K->1525770K(1864192K), 0.0432233 secs] [Times: user=0.19 sys=0.01, real=0.05 secs] 
5304.611: [Full GC (Ergonomics) [PSYoungGen: 178965K->0K(465920K)] [ParOldGen: 1346804K->244494K(1398272K)] 1525770K->244494K(1864192K), [Metaspace: 59630K->59630K(1105920K)], 0.2996082 secs] [Times: user=1.37 sys=0.00, real=0.30 secs] 
5305.031: [GC (Allocation Failure) [PSYoungGen: 232960K->185559K(465920K)] 477457K->430056K(1864192K), 0.0883808 secs] [Times: user=0.46 sys=0.01, real=0.09 secs] 
5305.232: [GC (Allocation Failure) [PSYoungGen: 418519K->183764K(465920K)] 663016K->487157K(1864192K), 0.0565342 secs] [Times: user=0.27 sys=0.01, real=0.05 secs] 
5306.221: [GC (Allocation Failure) [PSYoungGen: 416724K->94763K(465920K)] 720117K->467476K(1864192K), 0.0412379 secs] [Times: user=0.21 sys=0.00, real=0.04 secs] 
5307.346: [GC (GCLocker Initiated GC) [PSYoungGen: 327723K->176469K(465920K)] 700439K->579178K(1864192K), 0.0517153 secs] [Times: user=0.23 sys=0.00, real=0.05 secs] 
5307.546: [GC (Allocation Failure) [PSYoungGen: 409429K->190133K(465920K)] 812303K->648247K(1864192K), 0.0436174 secs] [Times: user=0.19 sys=0.00, real=0.05 secs] 
5307.705: [GC (Allocation Failure) [PSYoungGen: 423093K->187221K(465920K)] 881207K->700399K(1864192K), 0.0449014 secs] [Times: user=0.21 sys=0.00, real=0.05 secs] 
5308.737: [GC (Allocation Failure) [PSYoungGen: 420181K->119246K(465920K)] 933359K->703000K(1864192K), 0.0466450 secs] [Times: user=0.24 sys=0.00, real=0.05 secs] 
5309.542: [GC (Allocation Failure) [PSYoungGen: 352206K->147697K(465920K)] 935960K->769500K(1864192K), 0.1499014 secs] [Times: user=0.82 sys=0.00, real=0.15 secs] 
5310.240: [GC (Allocation Failure) [PSYoungGen: 380657K->180405K(465920K)] 1002460K->848420K(1864192K), 0.0585932 secs] [Times: user=0.27 sys=0.00, real=0.05 secs] 
5310.500: [GC (Allocation Failure) [PSYoungGen: 413365K->185495K(465920K)] 1081380K->916134K(1864192K), 0.0704456 secs] [Times: user=0.35 sys=0.00, real=0.07 secs] 
5310.686: [GC (Allocation Failure) [PSYoungGen: 418455K->183348K(465920K)] 1149094K->972787K(1864192K), 0.0566467 secs] [Times: user=0.28 sys=0.00, real=0.06 secs] 
5311.670: [GC (Allocation Failure) [PSYoungGen: 416308K->97979K(465920K)] 1205747K->956742K(1864192K), 0.0435812 secs] [Times: user=0.23 sys=0.00, real=0.04 secs] 
5312.615: [GC (Allocation Failure) [PSYoungGen: 330939K->173493K(465920K)] 1189702K->1063404K(1864192K), 0.0571184 secs] [Times: user=0.26 sys=0.00, real=0.06 secs] 
5312.878: [GC (Allocation Failure) [PSYoungGen: 406453K->184950K(465920K)] 1296364K->1129062K(1864192K), 0.0519780 secs] [Times: user=0.25 sys=0.00, real=0.06 secs] 
5313.040: [GC (Allocation Failure) [PSYoungGen: 417910K->186549K(465920K)] 1362022K->1186741K(1864192K), 0.0457388 secs] [Times: user=0.21 sys=0.00, real=0.04 secs] 
5314.058: [GC (Allocation Failure) [PSYoungGen: 419509K->122799K(465920K)] 1419701K->1193383K(1864192K), 0.0475878 secs] [Times: user=0.24 sys=0.00, real=0.05 secs] 
5314.843: [GC (Allocation Failure) [PSYoungGen: 355759K->141841K(465920K)] 1426343K->1251525K(1864192K), 0.1287335 secs] [Times: user=0.70 sys=0.00, real=0.13 secs] 
5315.401: [GC (Allocation Failure) [PSYoungGen: 374801K->178261K(465920K)] 1484485K->1332842K(1864192K), 0.0485416 secs] [Times: user=0.22 sys=0.00, real=0.04 secs] 
5315.565: [GC (Allocation Failure) [PSYoungGen: 411221K->186071K(465920K)] 1565802K->1402888K(1864192K), 0.0497333 secs] [Times: user=0.23 sys=0.00, real=0.05 secs] 
5315.751: [GC (Allocation Failure) [PSYoungGen: 419031K->186549K(465920K)] 1635848K->1462486K(1864192K), 0.0627184 secs] [Times: user=0.31 sys=0.00, real=0.06 secs] 
5316.836: [GC (Allocation Failure) [PSYoungGen: 419509K->90698K(465920K)] 1695446K->1436923K(1864192K), 0.0447721 secs] [Times: user=0.24 sys=0.00, real=0.05 secs] 
5316.881: [Full GC (Ergonomics) [PSYoungGen: 90698K->0K(465920K)] [ParOldGen: 1346225K->95225K(1398272K)] 1436923K->95225K(1864192K), [Metaspace: 59630K->59630K(1105920K)], 0.0773803 secs] [Times: user=0.28 sys=0.00, real=0.07 secs] 
5318.305: [GC (Allocation Failure) [PSYoungGen: 232960K->172724K(465920K)] 328185K->267950K(1864192K), 0.0448705 secs] [Times: user=0.17 sys=0.00, real=0.05 secs] 
5318.545: [GC (Allocation Failure) [PSYoungGen: 405684K->185046K(465920K)] 500910K->334516K(1864192K), 0.0425284 secs] [Times: user=0.19 sys=0.00, real=0.04 secs] 
5318.733: [GC (Allocation Failure) [PSYoungGen: 418006K->183892K(465920K)] 567476K->389546K(1864192K), 0.0595580 secs] [Times: user=0.28 sys=0.00, real=0.06 secs] 
5319.738: [GC (Allocation Failure) [PSYoungGen: 416852K->137041K(465920K)] 622506K->412127K(1864192K), 0.0486353 secs] [Times: user=0.24 sys=0.00, real=0.05 secs] 
5320.800: [GC (Allocation Failure) [PSYoungGen: 370001K->134112K(465920K)] 645087K->452734K(1864192K), 0.1635183 secs] [Times: user=0.91 sys=0.00, real=0.16 secs] 
5321.521: [GC (Allocation Failure) [PSYoungGen: 367072K->174132K(465920K)] 685694K->535303K(1864192K), 0.0460581 secs] [Times: user=0.21 sys=0.00, real=0.04 secs] 
5321.721: [GC (Allocation Failure) [PSYoungGen: 407092K->185463K(465920K)] 768263K->607774K(1864192K), 0.0636484 secs] [Times: user=0.32 sys=0.00, real=0.06 secs] 
5321.908: [GC (Allocation Failure) [PSYoungGen: 418423K->186869K(465920K)] 840734K->667964K(1864192K), 0.0575972 secs] [Times: user=0.28 sys=0.00, real=0.06 secs] 
5322.929: [GC (Allocation Failure) [PSYoungGen: 419829K->93931K(465920K)] 900924K->645494K(1864192K), 0.0440099 secs] [Times: user=0.23 sys=0.00, real=0.05 secs] 
5323.909: [GC (Allocation Failure) [PSYoungGen: 326891K->169172K(465920K)] 878454K->750436K(1864192K), 0.0692492 secs] [Times: user=0.31 sys=0.00, real=0.06 secs] 
5324.215: [GC (Allocation Failure) [PSYoungGen: 402132K->184598K(465920K)] 983396K->818822K(1864192K), 0.0461182 secs] [Times: user=0.21 sys=0.00, real=0.05 secs] 
5324.397: [GC (Allocation Failure) [PSYoungGen: 417558K->187573K(465920K)] 1051782K->877757K(1864192K), 0.0494166 secs] [Times: user=0.24 sys=0.00, real=0.05 secs] 
5325.345: [GC (Allocation Failure) [PSYoungGen: 420533K->145234K(465920K)] 1110717K->906114K(1864192K), 0.0506428 secs] [Times: user=0.25 sys=0.00, real=0.05 secs] 
5325.830: [GC (Allocation Failure) [PSYoungGen: 378194K->127551K(465920K)] 1139074K->934471K(1864192K), 0.1268208 secs] [Times: user=0.70 sys=0.01, real=0.12 secs] 
5326.338: [GC (Allocation Failure) [PSYoungGen: 360511K->178069K(465920K)] 1167431K->1025194K(1864192K), 0.0518186 secs] [Times: user=0.24 sys=0.00, real=0.06 secs] 
5326.512: [GC (Allocation Failure) [PSYoungGen: 411029K->185335K(465920K)] 1258154K->1094816K(1864192K), 0.0498413 secs] [Times: user=0.24 sys=0.00, real=0.05 secs] 
5326.672: [GC (Allocation Failure) [PSYoungGen: 418295K->186421K(465920K)] 1327776K->1154726K(1864192K), 0.0579933 secs] [Times: user=0.28 sys=0.00, real=0.06 secs] 
5327.770: [GC (Allocation Failure) [PSYoungGen: 419381K->89290K(465920K)] 1387686K->1127855K(1864192K), 0.0442086 secs] [Times: user=0.24 sys=0.00, real=0.04 secs] 
5328.493: [GC (Allocation Failure) [PSYoungGen: 322250K->176501K(465920K)] 1360815K->1244414K(1864192K), 0.0564041 secs] [Times: user=0.25 sys=0.00, real=0.05 secs] 
5328.721: [GC (Allocation Failure) [PSYoungGen: 409461K->184278K(465920K)] 1477374K->1306934K(1864192K), 0.0440697 secs] [Times: user=0.20 sys=0.00, real=0.04 secs] 
5328.947: [GC (Allocation Failure) [PSYoungGen: 417238K->186357K(465920K)] 1539894K->1364789K(1864192K), 0.0524089 secs] [Times: user=0.25 sys=0.00, real=0.06 secs] 
5330.187: [GC (Allocation Failure) [PSYoungGen: 419317K->147218K(465920K)] 1597749K->1395722K(1864192K), 0.0519467 secs] [Times: user=0.26 sys=0.00, real=0.06 secs] 
5330.761: [GC (Allocation Failure) [PSYoungGen: 380178K->121134K(465920K)] 1628682K->1416383K(1864192K), 0.1499990 secs] [Times: user=0.84 sys=0.00, real=0.15 secs] 
5331.597: [GC (Allocation Failure) [PSYoungGen: 354094K->174324K(465920K)] 1649343K->1507274K(1864192K), 0.0560589 secs] [Times: user=0.26 sys=0.01, real=0.06 secs] 
5331.653: [Full GC (Ergonomics) [PSYoungGen: 174324K->0K(465920K)] [ParOldGen: 1332949K->228119K(1398272K)] 1507274K->228119K(1864192K), [Metaspace: 59630K->59630K(1105920K)], 0.2896535 secs] [Times: user=1.35 sys=0.00, real=0.29 secs] 
5332.061: [GC (Allocation Failure) [PSYoungGen: 232960K->184919K(465920K)] 461079K->413038K(1864192K), 0.0881492 secs] [Times: user=0.46 sys=0.00, real=0.08 secs] 
5332.260: [GC (Allocation Failure) [PSYoungGen: 417879K->186709K(465920K)] 645998K->473456K(1864192K), 0.0577584 secs] [Times: user=0.28 sys=0.00, real=0.05 secs] 
5333.247: [GC (Allocation Failure) [PSYoungGen: 419669K->96859K(465920K)] 706416K->454047K(1864192K), 0.0459546 secs] [Times: user=0.24 sys=0.00, real=0.05 secs] 
5333.682: [GC (Allocation Failure) [PSYoungGen: 329819K->169300K(465920K)] 687007K->558568K(1864192K), 0.0734778 secs] [Times: user=0.34 sys=0.00, real=0.07 secs] 
5333.977: [GC (Allocation Failure) [PSYoungGen: 402260K->183669K(465920K)] 791528K->626221K(1864192K), 0.0455421 secs] [Times: user=0.20 sys=0.00, real=0.05 secs] 
5334.181: [GC (Allocation Failure) [PSYoungGen: 404127K->175477K(465920K)] 846679K->682045K(1864192K), 0.0741512 secs] [Times: user=0.37 sys=0.00, real=0.07 secs] 
5335.027: [GC (Allocation Failure) [PSYoungGen: 404898K->206675K(465920K)] 911466K->769083K(1864192K), 0.0538763 secs] [Times: user=0.27 sys=0.00, real=0.06 secs] 
5335.363: [GC (GCLocker Initiated GC) [PSYoungGen: 439635K->100908K(465920K)] 1002043K->728292K(1864192K), 0.0399000 secs] [Times: user=0.20 sys=0.00, real=0.04 secs] 
5335.956: [GC (Allocation Failure) [PSYoungGen: 333868K->177654K(465920K)] 969446K->845523K(1864192K), 0.1538522 secs] [Times: user=0.86 sys=0.00, real=0.16 secs] 
5336.278: [GC (Allocation Failure) [PSYoungGen: 410614K->180182K(465920K)] 1078483K->904980K(1864192K), 0.1767759 secs] [Times: user=0.99 sys=0.00, real=0.18 secs] 
5336.569: [GC (Allocation Failure) [PSYoungGen: 413142K->186613K(465920K)] 1137940K->968875K(1864192K), 0.0602254 secs] [Times: user=0.30 sys=0.00, real=0.07 secs] 
5337.639: [GC (Allocation Failure) [PSYoungGen: 419573K->97643K(465920K)] 1201835K->950321K(1864192K), 0.0479648 secs] [Times: user=0.25 sys=0.00, real=0.05 secs] 
5338.617: [GC (Allocation Failure) [PSYoungGen: 330603K->165235K(465920K)] 1183281K->1049034K(1864192K), 0.0987486 secs] [Times: user=0.50 sys=0.00, real=0.10 secs] 
5338.915: [GC (Allocation Failure) [PSYoungGen: 398195K->184022K(465920K)] 1281994K->1119596K(1864192K), 0.0428219 secs] [Times: user=0.19 sys=0.00, real=0.04 secs] 
5339.081: [GC (Allocation Failure) [PSYoungGen: 416982K->185687K(465920K)] 1352556K->1185062K(1864192K), 0.0506151 secs] [Times: user=0.23 sys=0.00, real=0.05 secs] 
5339.574: [GC (Allocation Failure) [PSYoungGen: 414905K->210611K(465920K)] 1414280K->1269002K(1864192K), 0.0535228 secs] [Times: user=0.27 sys=0.00, real=0.05 secs] 
5340.320: [GC (Allocation Failure) [PSYoungGen: 443571K->97739K(465920K)] 1501962K->1223062K(1864192K), 0.0672514 secs] [Times: user=0.36 sys=0.00, real=0.06 secs] 
5340.823: [GC (Allocation Failure) [PSYoungGen: 330699K->178965K(465920K)] 1456022K->1335085K(1864192K), 0.0481264 secs] [Times: user=0.21 sys=0.00, real=0.05 secs] 
5341.000: [GC (Allocation Failure) [PSYoungGen: 411925K->184662K(465920K)] 1568045K->1396593K(1864192K), 0.0449607 secs] [Times: user=0.20 sys=0.00, real=0.04 secs] 
5341.159: [GC (Allocation Failure) [PSYoungGen: 417622K->186389K(465920K)] 1629553K->1454257K(1864192K), 0.0466687 secs] [Times: user=0.22 sys=0.00, real=0.05 secs] 
5342.169: [GC (Allocation Failure) [PSYoungGen: 419349K->97179K(465920K)] 1687217K->1435383K(1864192K), 0.0465495 secs] [Times: user=0.24 sys=0.00, real=0.05 secs] 
5342.216: [Full GC (Ergonomics) [PSYoungGen: 97179K->0K(465920K)] [ParOldGen: 1338203K->86377K(1398272K)] 1435383K->86377K(1864192K), [Metaspace: 59631K->59631K(1105920K)], 0.0354536 secs] [Times: user=0.10 sys=0.00, real=0.04 secs] 
5343.199: [GC (Allocation Failure) [PSYoungGen: 232960K->168692K(465920K)] 319337K->255069K(1864192K), 0.0513514 secs] [Times: user=0.20 sys=0.00, real=0.06 secs] 
5343.446: [GC (Allocation Failure) [PSYoungGen: 401652K->184534K(465920K)] 488029K->323575K(1864192K), 0.0418597 secs] [Times: user=0.19 sys=0.00, real=0.04 secs] 
5343.644: [GC (Allocation Failure) [PSYoungGen: 417494K->179254K(465920K)] 556535K->382527K(1864192K), 0.0538404 secs] [Times: user=0.26 sys=0.00, real=0.05 secs] 
5343.815: [GC (Allocation Failure) [PSYoungGen: 412214K->186933K(465920K)] 615487K->447478K(1864192K), 0.0532314 secs] [Times: user=0.26 sys=0.00, real=0.05 secs] 
5344.835: [GC (Allocation Failure) [PSYoungGen: 419893K->91290K(465920K)] 680438K->422388K(1864192K), 0.0401537 secs] [Times: user=0.20 sys=0.00, real=0.04 secs] 
5345.822: [GC (Allocation Failure) [PSYoungGen: 324250K->180629K(465920K)] 655348K->540515K(1864192K), 0.0489360 secs] [Times: user=0.21 sys=0.00, real=0.05 secs] 
5346.004: [GC (Allocation Failure) [PSYoungGen: 413589K->184790K(465920K)] 773475K->601224K(1864192K), 0.0439002 secs] [Times: user=0.20 sys=0.00, real=0.04 secs] 
5346.179: [GC (Allocation Failure) [PSYoungGen: 417750K->187029K(465920K)] 834184K->659511K(1864192K), 0.0503330 secs] [Times: user=0.24 sys=0.00, real=0.05 secs] 
5347.222: [GC (Allocation Failure) [PSYoungGen: 419989K->99180K(465920K)] 892471K->642150K(1864192K), 0.0444563 secs] [Times: user=0.23 sys=0.00, real=0.04 secs] 
5348.090: [GC (Allocation Failure) [PSYoungGen: 332140K->163667K(465920K)] 875110K->739258K(1864192K), 0.1143907 secs] [Times: user=0.59 sys=0.00, real=0.11 secs] 
5348.510: [GC (Allocation Failure) [PSYoungGen: 396627K->184470K(465920K)] 972218K->811197K(1864192K), 0.0469654 secs] [Times: user=0.21 sys=0.00, real=0.04 secs] 
5348.715: [GC (Allocation Failure) [PSYoungGen: 417430K->186295K(465920K)] 1044157K->877118K(1864192K), 0.0682557 secs] [Times: user=0.34 sys=0.00, real=0.07 secs] 
5348.895: [GC (Allocation Failure) [PSYoungGen: 419255K->186773K(465920K)] 1110078K->936708K(1864192K), 0.0554193 secs] [Times: user=0.27 sys=0.00, real=0.06 secs] 
5349.867: [GC (Allocation Failure) [PSYoungGen: 419733K->87418K(465920K)] 1169668K->907809K(1864192K), 0.0400588 secs] [Times: user=0.20 sys=0.00, real=0.04 secs] 
5351.148: [GC (Allocation Failure) [PSYoungGen: 320333K->177269K(465920K)] 1140725K->1025253K(1864192K), 0.0522624 secs] [Times: user=0.23 sys=0.00, real=0.06 secs] 
5351.348: [GC (Allocation Failure) [PSYoungGen: 410229K->184470K(465920K)] 1258213K->1087746K(1864192K), 0.0451385 secs] [Times: user=0.21 sys=0.00, real=0.05 secs] 
5351.503: [GC (Allocation Failure) [PSYoungGen: 417430K->187029K(465920K)] 1320706K->1146297K(1864192K), 0.0463213 secs] [Times: user=0.22 sys=0.00, real=0.04 secs] 
5352.511: [GC (Allocation Failure) [PSYoungGen: 419989K->103484K(465920K)] 1379257K->1133316K(1864192K), 0.0476195 secs] [Times: user=0.25 sys=0.00, real=0.04 secs] 
5353.650: [GC (Allocation Failure) [PSYoungGen: 336444K->159539K(465920K)] 1366276K->1222804K(1864192K), 0.1156547 secs] [Times: user=0.60 sys=0.00, real=0.11 secs] 
5354.083: [GC (Allocation Failure) [PSYoungGen: 392499K->180981K(465920K)] 1455764K->1294090K(1864192K), 0.0435747 secs] [Times: user=0.20 sys=0.00, real=0.04 secs] 
5354.267: [GC (Allocation Failure) [PSYoungGen: 413941K->185943K(465920K)] 1527050K->1362436K(1864192K), 0.0562558 secs] [Times: user=0.27 sys=0.00, real=0.06 secs] 
5354.444: [GC (Allocation Failure) [PSYoungGen: 418903K->186709K(465920K)] 1595396K->1422186K(1864192K), 0.0581124 secs] [Times: user=0.29 sys=0.00, real=0.06 secs] 
5355.498: [GC (Allocation Failure) [PSYoungGen: 419669K->89370K(465920K)] 1655146K->1395247K(1864192K), 0.0431821 secs] [Times: user=0.23 sys=0.00, real=0.05 secs] 
5356.214: [GC (Allocation Failure) [PSYoungGen: 322330K->177941K(465920K)] 1628207K->1511823K(1864192K), 0.0600951 secs] [Times: user=0.27 sys=0.01, real=0.06 secs] 
5356.274: [Full GC (Ergonomics) [PSYoungGen: 177941K->0K(465920K)] [ParOldGen: 1333882K->218048K(1398272K)] 1511823K->218048K(1864192K), [Metaspace: 59631K->59631K(1105920K)], 0.2864442 secs] [Times: user=1.37 sys=0.00, real=0.29 secs] 
5356.678: [GC (Allocation Failure) [PSYoungGen: 232960K->184726K(465920K)] 451008K->402774K(1864192K), 0.0266299 secs] [Times: user=0.10 sys=0.00, real=0.03 secs] 
5356.815: [GC (Allocation Failure) [PSYoungGen: 417686K->183412K(465920K)] 635734K->457556K(1864192K), 0.0442134 secs] [Times: user=0.20 sys=0.00, real=0.04 secs] 
5357.815: [GC (Allocation Failure) [PSYoungGen: 416372K->114750K(465920K)] 690516K->458230K(1864192K), 0.0455757 secs] [Times: user=0.23 sys=0.00, real=0.05 secs] 
5358.352: [GC (Allocation Failure) [PSYoungGen: 347710K->156786K(465920K)] 691190K->538016K(1864192K), 0.0790621 secs] [Times: user=0.41 sys=0.00, real=0.08 secs] 
5358.641: [GC (Allocation Failure) [PSYoungGen: 389746K->183925K(465920K)] 770976K->613975K(1864192K), 0.0407205 secs] [Times: user=0.18 sys=0.00, real=0.04 secs] 
5358.799: [GC (Allocation Failure) [PSYoungGen: 416885K->185495K(465920K)] 846935K->687948K(1864192K), 0.0499346 secs] [Times: user=0.23 sys=0.00, real=0.05 secs] 
5358.958: [GC (Allocation Failure) [PSYoungGen: 418451K->186805K(465920K)] 920904K->748178K(1864192K), 0.0568873 secs] [Times: user=0.28 sys=0.00, real=0.06 secs] 
5359.968: [GC (Allocation Failure) [PSYoungGen: 419765K->93290K(465920K)] 981138K->725079K(1864192K), 0.0578467 secs] [Times: user=0.31 sys=0.01, real=0.06 secs] 
5361.291: [GC (Allocation Failure) [PSYoungGen: 326250K->175957K(465920K)] 958039K->836315K(1864192K), 0.0512079 secs] [Times: user=0.23 sys=0.01, real=0.05 secs] 
5361.489: [GC (Allocation Failure) [PSYoungGen: 408917K->184566K(465920K)] 1069275K->899720K(1864192K), 0.0432651 secs] [Times: user=0.19 sys=0.00, real=0.05 secs] 
5361.644: [GC (Allocation Failure) [PSYoungGen: 417526K->186773K(465920K)] 1132680K->957879K(1864192K), 0.0454355 secs] [Times: user=0.21 sys=0.00, real=0.05 secs] 
5362.643: [GC (Allocation Failure) [PSYoungGen: 419733K->114414K(465920K)] 1190839K->955976K(1864192K), 0.0465055 secs] [Times: user=0.23 sys=0.00, real=0.05 secs] 
5363.327: [GC (GCLocker Initiated GC) [PSYoungGen: 347374K->150258K(465920K)] 1188936K->1028693K(1864192K), 0.0873101 secs] [Times: user=0.46 sys=0.00, real=0.09 secs] 
5363.568: [GC (Allocation Failure) [PSYoungGen: 383218K->189557K(465920K)] 1261656K->1114943K(1864192K), 0.0411146 secs] [Times: user=0.19 sys=0.01, real=0.05 secs] 
5363.727: [GC (Allocation Failure) [PSYoungGen: 422517K->185239K(465920K)] 1347903K->1173945K(1864192K), 0.0498739 secs] [Times: user=0.23 sys=0.00, real=0.05 secs] 
5363.890: [GC (Allocation Failure) [PSYoungGen: 418199K->186549K(465920K)] 1406905K->1233911K(1864192K), 0.0567470 secs] [Times: user=0.28 sys=0.00, real=0.05 secs] 
5364.949: [GC (GCLocker Initiated GC) [PSYoungGen: 419509K->92491K(465920K)] 1466872K->1210206K(1864192K), 0.0426455 secs] [Times: user=0.22 sys=0.00, real=0.05 secs] 
5365.421: [GC (Allocation Failure) [PSYoungGen: 325451K->178037K(465920K)] 1443331K->1326310K(1864192K), 0.0613653 secs] [Times: user=0.28 sys=0.00, real=0.06 secs] 
5365.649: [GC (Allocation Failure) [PSYoungGen: 410997K->184598K(465920K)] 1559270K->1388331K(1864192K), 0.0443720 secs] [Times: user=0.20 sys=0.00, real=0.05 secs] 
5365.829: [GC (Allocation Failure) [PSYoungGen: 417558K->203061K(465920K)] 1621291K->1463002K(1864192K), 0.0517535 secs] [Times: user=0.25 sys=0.00, real=0.06 secs] 
5366.853: [GC (Allocation Failure) [PSYoungGen: 436021K->116686K(465920K)] 1695962K->1447099K(1864192K), 0.0477933 secs] [Times: user=0.24 sys=0.00, real=0.05 secs] 
5366.901: [Full GC (Ergonomics) [PSYoungGen: 116686K->0K(465920K)] [ParOldGen: 1330413K->96376K(1398272K)] 1447099K->96376K(1864192K), [Metaspace: 59631K->59631K(1105920K)], 0.0339395 secs] [Times: user=0.10 sys=0.00, real=0.03 secs] 
5367.581: [GC (Allocation Failure) [PSYoungGen: 232960K->145601K(465920K)] 329336K->241977K(1864192K), 0.0492400 secs] [Times: user=0.19 sys=0.00, real=0.05 secs] 
5368.360: [GC (Allocation Failure) [PSYoungGen: 378561K->180213K(465920K)] 474937K->322290K(1864192K), 0.0546689 secs] [Times: user=0.26 sys=0.00, real=0.05 secs] 
5368.609: [GC (Allocation Failure) [PSYoungGen: 413173K->185367K(465920K)] 555250K->389964K(1864192K), 0.0673056 secs] [Times: user=0.33 sys=0.00, real=0.07 secs] 
5368.808: [GC (Allocation Failure) [PSYoungGen: 418327K->187125K(465920K)] 622924K->450546K(1864192K), 0.0605427 secs] [Times: user=0.30 sys=0.00, real=0.06 secs] 
5369.798: [GC (Allocation Failure) [PSYoungGen: 420085K->94939K(465920K)] 683506K->428872K(1864192K), 0.0421057 secs] [Times: user=0.22 sys=0.00, real=0.05 secs] 
5370.693: [GC (Allocation Failure) [PSYoungGen: 327899K->172820K(465920K)] 661832K->536758K(1864192K), 0.0599435 secs] [Times: user=0.27 sys=0.00, real=0.06 secs] 
5370.924: [GC (Allocation Failure) [PSYoungGen: 405780K->181301K(465920K)] 769718K->599567K(1864192K), 0.0425992 secs] [Times: user=0.19 sys=0.00, real=0.04 secs] 
5371.108: [GC (Allocation Failure) [PSYoungGen: 414261K->186965K(465920K)] 832527K->660243K(1864192K), 0.0599854 secs] [Times: user=0.29 sys=0.00, real=0.06 secs] 
5372.129: [GC (Allocation Failure) [PSYoungGen: 419925K->129872K(465920K)] 893203K->673710K(1864192K), 0.0477808 secs] [Times: user=0.24 sys=0.00, real=0.05 secs] 
5372.737: [GC (Allocation Failure) [PSYoungGen: 362832K->142049K(465920K)] 906670K->727043K(1864192K), 0.1216028 secs] [Times: user=0.66 sys=0.00, real=0.12 secs] 
5373.515: [GC (Allocation Failure) [PSYoungGen: 375009K->173140K(465920K)] 960003K->802767K(1864192K), 0.0491272 secs] [Times: user=0.22 sys=0.01, real=0.05 secs] 
5373.682: [GC (Allocation Failure) [PSYoungGen: 406100K->185623K(465920K)] 1035727K->876310K(1864192K), 0.0501769 secs] [Times: user=0.23 sys=0.00, real=0.05 secs] 
5373.885: [GC (Allocation Failure) [PSYoungGen: 418583K->186293K(465920K)] 1109270K->935816K(1864192K), 0.0868381 secs] [Times: user=0.45 sys=0.00, real=0.09 secs] 
5374.907: [GC (Allocation Failure) [PSYoungGen: 419253K->94827K(465920K)] 1168776K->914818K(1864192K), 0.0460614 secs] [Times: user=0.25 sys=0.00, real=0.05 secs] 
5376.072: [GC (GCLocker Initiated GC) [PSYoungGen: 327787K->172500K(465920K)] 1147786K->1022304K(1864192K), 0.0651648 secs] [Times: user=0.29 sys=0.01, real=0.06 secs] 
5376.366: [GC (Allocation Failure) [PSYoungGen: 405460K->181301K(465920K)] 1255431K->1085416K(1864192K), 0.0498599 secs] [Times: user=0.24 sys=0.01, real=0.05 secs] 
5376.561: [GC (Allocation Failure) [PSYoungGen: 414261K->187125K(465920K)] 1318376K->1146007K(1864192K), 0.0674073 secs] [Times: user=0.32 sys=0.00, real=0.06 secs] 
5377.572: [GC (Allocation Failure) [PSYoungGen: 420085K->139217K(465920K)] 1378967K->1168719K(1864192K), 0.0501230 secs] [Times: user=0.25 sys=0.00, real=0.05 secs] 
5378.434: [GC (Allocation Failure) [PSYoungGen: 372177K->132479K(465920K)] 1401679K->1206062K(1864192K), 0.1802398 secs] [Times: user=1.01 sys=0.00, real=0.18 secs] 
5379.552: [GC (Allocation Failure) [PSYoungGen: 365439K->171828K(464896K)] 1439022K->1287027K(1863168K), 0.0533865 secs] [Times: user=0.25 sys=0.00, real=0.05 secs] 
5379.742: [GC (Allocation Failure) [PSYoungGen: 404788K->185591K(465408K)] 1519987K->1361254K(1863680K), 0.0491826 secs] [Times: user=0.23 sys=0.00, real=0.05 secs] 
5379.930: [GC (Allocation Failure) [PSYoungGen: 418551K->187093K(465920K)] 1594214K->1421708K(1864192K), 0.0613095 secs] [Times: user=0.31 sys=0.00, real=0.06 secs] 
5380.978: [GC (GCLocker Initiated GC) [PSYoungGen: 420053K->93307K(465920K)] 1654669K->1398443K(1864192K), 0.0504233 secs] [Times: user=0.27 sys=0.00, real=0.05 secs] 
5381.753: [GC (Allocation Failure) [PSYoungGen: 326267K->172788K(465920K)] 1631570K->1507784K(1864192K), 0.0671040 secs] [Times: user=0.31 sys=0.00, real=0.07 secs] 
5381.820: [Full GC (Ergonomics) [PSYoungGen: 172788K->0K(465920K)] [ParOldGen: 1334995K->202077K(1398272K)] 1507784K->202077K(1864192K), [Metaspace: 59631K->59631K(1105920K)], 0.2844781 secs] [Times: user=1.40 sys=0.00, real=0.28 secs] 
5382.218: [GC (Allocation Failure) [PSYoungGen: 232960K->181045K(465920K)] 435037K->383123K(1864192K), 0.0273814 secs] [Times: user=0.10 sys=0.00, real=0.03 secs] 
5382.357: [GC (Allocation Failure) [PSYoungGen: 414005K->187733K(465920K)] 616083K->444691K(1864192K), 0.0444054 secs] [Times: user=0.20 sys=0.00, real=0.05 secs] 
5383.321: [GC (Allocation Failure) [PSYoungGen: 420693K->150482K(465920K)] 677651K->478204K(1864192K), 0.0506626 secs] [Times: user=0.25 sys=0.00, real=0.05 secs] 
5383.784: [GC (Allocation Failure) [PSYoungGen: 383442K->124110K(465920K)] 711164K->499672K(1864192K), 0.0992993 secs] [Times: user=0.55 sys=0.00, real=0.10 secs] 
5384.152: [GC (Allocation Failure) [PSYoungGen: 357070K->174868K(465920K)] 732632K->590246K(1864192K), 0.0376346 secs] [Times: user=0.16 sys=0.00, real=0.03 secs] 
5384.312: [GC (Allocation Failure) [PSYoungGen: 407828K->185783K(465920K)] 823206K->662832K(1864192K), 0.0489208 secs] [Times: user=0.22 sys=0.00, real=0.05 secs] 
5384.478: [GC (Allocation Failure) [PSYoungGen: 418743K->186773K(465920K)] 895792K->722902K(1864192K), 0.0569812 secs] [Times: user=0.28 sys=0.00, real=0.06 secs] 
5385.539: [GC (Allocation Failure) [PSYoungGen: 419733K->94379K(465920K)] 955862K->700976K(1864192K), 0.0447342 secs] [Times: user=0.23 sys=0.00, real=0.05 secs] 
5386.444: [GC (Allocation Failure) [PSYoungGen: 327339K->170388K(465920K)] 933936K->808034K(1864192K), 0.0569451 secs] [Times: user=0.25 sys=0.01, real=0.06 secs] 
5386.668: [GC (Allocation Failure) [PSYoungGen: 403348K->184150K(465920K)] 1040994K->874991K(1864192K), 0.0441948 secs] [Times: user=0.20 sys=0.00, real=0.05 secs] 
5386.824: [GC (Allocation Failure) [PSYoungGen: 404523K->172565K(465920K)] 1095365K->927463K(1864192K), 0.0493804 secs] [Times: user=0.23 sys=0.01, real=0.05 secs] 
5387.724: [GC (Allocation Failure) [PSYoungGen: 405525K->169267K(460800K)] 1160423K->979261K(1859072K), 0.0554301 secs] [Times: user=0.28 sys=0.00, real=0.05 secs] 
5388.255: [GC (Allocation Failure) [PSYoungGen: 402227K->108989K(463360K)] 1212221K->983731K(1861632K), 0.0582644 secs] [Times: user=0.30 sys=0.00, real=0.06 secs] 
5389.299: [GC (Allocation Failure) [PSYoungGen: 341949K->173653K(466944K)] 1216691K->1082311K(1865216K), 0.0519490 secs] [Times: user=0.23 sys=0.00, real=0.06 secs] 
5389.540: [GC (Allocation Failure) [PSYoungGen: 408149K->185814K(465920K)] 1316807K->1148877K(1864192K), 0.0626888 secs] [Times: user=0.28 sys=0.00, real=0.06 secs] 
5389.725: [GC (Allocation Failure) [PSYoungGen: 420310K->187893K(465920K)] 1383373K->1207220K(1864192K), 0.0473607 secs] [Times: user=0.22 sys=0.01, real=0.05 secs] 
5390.722: [GC (Allocation Failure) [PSYoungGen: 420853K->99147K(465920K)] 1440180K->1189402K(1864192K), 0.0486800 secs] [Times: user=0.25 sys=0.01, real=0.05 secs] 
5391.521: [GC (GCLocker Initiated GC) [PSYoungGen: 332107K->168308K(465920K)] 1422363K->1290400K(1864192K), 0.0999418 secs] [Times: user=0.51 sys=0.01, real=0.10 secs] 
5391.811: [GC (Allocation Failure) [PSYoungGen: 401268K->183861K(465920K)] 1523399K->1358821K(1864192K), 0.0436441 secs] [Times: user=0.20 sys=0.00, real=0.04 secs] 
5391.974: [GC (Allocation Failure) [PSYoungGen: 416821K->185687K(465920K)] 1591781K->1424578K(1864192K), 0.0526254 secs] [Times: user=0.25 sys=0.00, real=0.05 secs] 
5392.934: [GC (Allocation Failure) [PSYoungGen: 416192K->210483K(465920K)] 1655084K->1508423K(1864192K), 0.0582505 secs] [Times: user=0.30 sys=0.00, real=0.06 secs] 
5393.358: [GC (GCLocker Initiated GC) [PSYoungGen: 443443K->99659K(465920K)] 1741384K->1463880K(1864192K), 0.0692663 secs] [Times: user=0.37 sys=0.00, real=0.07 secs] 
5393.427: [Full GC (Ergonomics) [PSYoungGen: 99659K->0K(465920K)] [ParOldGen: 1364220K->118560K(1398272K)] 1463880K->118560K(1864192K), [Metaspace: 59631K->59631K(1105920K)], 0.1473377 secs] [Times: user=0.64 sys=0.00, real=0.15 secs] 
5394.104: [GC (Allocation Failure) [PSYoungGen: 232960K->182933K(465920K)] 351685K->301659K(1864192K), 0.0373005 secs] [Times: user=0.14 sys=0.00, real=0.04 secs] 
5394.290: [GC (Allocation Failure) [PSYoungGen: 415893K->184630K(465920K)] 534619K->359335K(1864192K), 0.0412768 secs] [Times: user=0.19 sys=0.00, real=0.04 secs] 
5394.446: [GC (Allocation Failure) [PSYoungGen: 417590K->186485K(465920K)] 592295K->417046K(1864192K), 0.0445420 secs] [Times: user=0.21 sys=0.00, real=0.05 secs] 
5395.436: [GC (Allocation Failure) [PSYoungGen: 419445K->96811K(465920K)] 650006K->397637K(1864192K), 0.0438395 secs] [Times: user=0.22 sys=0.00, real=0.05 secs] 
5396.016: [GC (Allocation Failure) [PSYoungGen: 329771K->168596K(465920K)] 630597K->501094K(1864192K), 0.0621604 secs] [Times: user=0.30 sys=0.01, real=0.06 secs] 
5396.230: [GC (Allocation Failure) [PSYoungGen: 401556K->180949K(465920K)] 734054K->566096K(1864192K), 0.0418148 secs] [Times: user=0.18 sys=0.01, real=0.04 secs] 
5396.391: [GC (Allocation Failure) [PSYoungGen: 413909K->185751K(465920K)] 799056K->634129K(1864192K), 0.0492812 secs] [Times: user=0.23 sys=0.00, real=0.05 secs] 
5396.759: [GC (Allocation Failure) [PSYoungGen: 417332K->217012K(465920K)] 865710K->724415K(1864192K), 0.0542483 secs] [Times: user=0.27 sys=0.00, real=0.06 secs] 
5397.621: [GC (Allocation Failure) [PSYoungGen: 449972K->90218K(465920K)] 957375K->666861K(1864192K), 0.0404326 secs] [Times: user=0.21 sys=0.00, real=0.04 secs] 
5398.492: [GC (Allocation Failure) [PSYoungGen: 323178K->180533K(465920K)] 899821K->785696K(1864192K), 0.0504719 secs] [Times: user=0.22 sys=0.00, real=0.05 secs] 
5398.681: [GC (Allocation Failure) [PSYoungGen: 413493K->184918K(465920K)] 1018656K->846629K(1864192K), 0.0452474 secs] [Times: user=0.20 sys=0.00, real=0.04 secs] 
5398.840: [GC (Allocation Failure) [PSYoungGen: 417878K->183188K(465920K)] 1079589K->901035K(1864192K), 0.0448789 secs] [Times: user=0.20 sys=0.00, real=0.04 secs] 
5399.878: [GC (Allocation Failure) [PSYoungGen: 416148K->102492K(465920K)] 1133995K->889515K(1864192K), 0.0447252 secs] [Times: user=0.23 sys=0.00, real=0.05 secs] 
5400.478: [GC (Allocation Failure) [PSYoungGen: 335452K->168116K(465920K)] 1122475K->989087K(1864192K), 0.0985514 secs] [Times: user=0.49 sys=0.00, real=0.10 secs] 
5400.808: [GC (Allocation Failure) [PSYoungGen: 401076K->180789K(465920K)] 1222047K->1054104K(1864192K), 0.0421659 secs] [Times: user=0.19 sys=0.00, real=0.05 secs] 
5400.968: [GC (Allocation Failure) [PSYoungGen: 413749K->185911K(465920K)] 1287064K->1122710K(1864192K), 0.0497736 secs] [Times: user=0.23 sys=0.00, real=0.05 secs] 
5401.179: [GC (Allocation Failure) [PSYoungGen: 418871K->186389K(465920K)] 1355670K->1182228K(1864192K), 0.0630510 secs] [Times: user=0.32 sys=0.00, real=0.07 secs] 
5402.224: [GC (Allocation Failure) [PSYoungGen: 419349K->89370K(465920K)] 1415188K->1155434K(1864192K), 0.0408322 secs] [Times: user=0.22 sys=0.00, real=0.04 secs] 
5403.095: [GC (Allocation Failure) [PSYoungGen: 322330K->174709K(465920K)] 1388394K->1268809K(1864192K), 0.0517840 secs] [Times: user=0.23 sys=0.01, real=0.05 secs] 
5403.293: [GC (Allocation Failure) [PSYoungGen: 407669K->209526K(465920K)] 1501769K->1358530K(1864192K), 0.0446415 secs] [Times: user=0.20 sys=0.00, real=0.04 secs] 
5403.503: [GC (Allocation Failure) [PSYoungGen: 442486K->186517K(465920K)] 1591490K->1391657K(1864192K), 0.0634982 secs] [Times: user=0.31 sys=0.00, real=0.06 secs] 
5404.522: [GC (GCLocker Initiated GC) [PSYoungGen: 419477K->105612K(465920K)] 1624618K->1380938K(1864192K), 0.0460906 secs] [Times: user=0.24 sys=0.00, real=0.04 secs] 
5404.924: [GC (Allocation Failure) [PSYoungGen: 338572K->164820K(465920K)] 1613936K->1474840K(1864192K), 0.0779299 secs] [Times: user=0.39 sys=0.00, real=0.08 secs] 
5405.282: [GC (Allocation Failure) [PSYoungGen: 397780K->180597K(465920K)] 1707800K->1541857K(1864192K), 0.0582422 secs] [Times: user=0.28 sys=0.00, real=0.06 secs] 
5405.341: [Full GC (Ergonomics) [PSYoungGen: 180597K->0K(465920K)] [ParOldGen: 1361260K->249806K(1398272K)] 1541857K->249806K(1864192K), [Metaspace: 59631K->59631K(1105920K)], 0.3160044 secs] [Times: user=1.45 sys=0.00, real=0.31 secs] 
5405.777: [GC (Allocation Failure) [PSYoungGen: 232960K->185335K(465920K)] 482766K->435141K(1864192K), 0.0832599 secs] [Times: user=0.43 sys=0.00, real=0.09 secs] 
5405.971: [GC (Allocation Failure) [PSYoungGen: 418295K->199860K(465920K)] 668101K->508611K(1864192K), 0.0566273 secs] [Times: user=0.28 sys=0.00, real=0.05 secs] 
5406.949: [GC (Allocation Failure) [PSYoungGen: 432820K->88250K(465920K)] 741571K->466436K(1864192K), 0.0399673 secs] [Times: user=0.20 sys=0.01, real=0.04 secs] 
5407.420: [GC (GCLocker Initiated GC) [PSYoungGen: 321210K->180886K(465920K)] 699397K->587789K(1864192K), 0.0620135 secs] [Times: user=0.28 sys=0.00, real=0.06 secs] 
5407.656: [GC (Allocation Failure) [PSYoungGen: 413846K->189205K(465920K)] 820915K->652547K(1864192K), 0.0434456 secs] [Times: user=0.19 sys=0.00, real=0.04 secs] 
5407.842: [GC (Allocation Failure) [PSYoungGen: 422165K->186613K(465920K)] 885507K->704739K(1864192K), 0.0617876 secs] [Times: user=0.30 sys=0.00, real=0.06 secs] 
5408.913: [GC (Allocation Failure) [PSYoungGen: 419573K->112141K(465920K)] 937699K->700667K(1864192K), 0.0479523 secs] [Times: user=0.22 sys=0.01, real=0.05 secs] 
5410.077: [GC (Allocation Failure) [PSYoungGen: 345101K->154898K(465920K)] 933627K->780100K(1864192K), 0.1402401 secs] [Times: user=0.74 sys=0.00, real=0.14 secs] 
5410.617: [GC (Allocation Failure) [PSYoungGen: 387858K->181685K(465920K)] 1013060K->855299K(1864192K), 0.0500249 secs] [Times: user=0.24 sys=0.00, real=0.05 secs] 
5410.827: [GC (Allocation Failure) [PSYoungGen: 414645K->185175K(465920K)] 1088259K->921933K(1864192K), 0.0629604 secs] [Times: user=0.31 sys=0.00, real=0.07 secs] 
5411.004: [GC (Allocation Failure) [PSYoungGen: 418135K->186965K(465920K)] 1154893K->982451K(1864192K), 0.0569053 secs] [Times: user=0.28 sys=0.01, real=0.06 secs] 
5412.007: [GC (Allocation Failure) [PSYoungGen: 418373K->92891K(465920K)] 1213859K->958921K(1864192K), 0.0419758 secs] [Times: user=0.22 sys=0.01, real=0.04 secs] 
5413.276: [GC (GCLocker Initiated GC) [PSYoungGen: 325851K->169332K(465920K)] 1191881K->1064791K(1864192K), 0.0606766 secs] [Times: user=0.28 sys=0.00, real=0.06 secs] 
5413.507: [GC (Allocation Failure) [PSYoungGen: 402292K->184534K(465920K)] 1297754K->1133060K(1864192K), 0.0441199 secs] [Times: user=0.20 sys=0.00, real=0.05 secs] 
5413.661: [GC (Allocation Failure) [PSYoungGen: 417494K->182996K(465920K)] 1366020K->1187411K(1864192K), 0.0457333 secs] [Times: user=0.22 sys=0.00, real=0.04 secs] 
5414.684: [GC (Allocation Failure) [PSYoungGen: 415956K->124111K(465920K)] 1420371K->1197557K(1864192K), 0.0486872 secs] [Times: user=0.25 sys=0.00, real=0.05 secs] 
5415.132: [GC (Allocation Failure) [PSYoungGen: 357071K->149921K(465920K)] 1430517K->1262748K(1864192K), 0.0899148 secs] [Times: user=0.48 sys=0.01, real=0.09 secs] 
5415.465: [GC (Allocation Failure) [PSYoungGen: 382881K->180501K(465920K)] 1495708K->1340070K(1864192K), 0.0410936 secs] [Times: user=0.18 sys=0.00, real=0.04 secs] 
5415.658: [GC (Allocation Failure) [PSYoungGen: 413461K->185783K(465920K)] 1573030K->1408572K(1864192K), 0.0742863 secs] [Times: user=0.36 sys=0.00, real=0.08 secs] 
5415.906: [GC (Allocation Failure) [PSYoungGen: 418743K->186517K(465920K)] 1641532K->1468282K(1864192K), 0.0699536 secs] [Times: user=0.35 sys=0.00, real=0.07 secs] 
5416.986: [GC (Allocation Failure) [PSYoungGen: 419477K->90570K(465920K)] 1701242K->1442708K(1864192K), 0.0549043 secs] [Times: user=0.29 sys=0.00, real=0.06 secs] 
5417.041: [Full GC (Ergonomics) [PSYoungGen: 90570K->0K(465920K)] [ParOldGen: 1352137K->98173K(1398272K)] 1442708K->98173K(1864192K), [Metaspace: 59631K->59615K(1105920K)], 0.0815336 secs] [Times: user=0.31 sys=0.00, real=0.08 secs] 
5418.393: [GC (Allocation Failure) [PSYoungGen: 232960K->172980K(465920K)] 331133K->271154K(1864192K), 0.0445981 secs] [Times: user=0.16 sys=0.00, real=0.04 secs] 
5418.617: [GC (Allocation Failure) [PSYoungGen: 405940K->185014K(465920K)] 504114K->337567K(1864192K), 0.0420595 secs] [Times: user=0.19 sys=0.00, real=0.04 secs] 
5418.768: [GC (Allocation Failure) [PSYoungGen: 417974K->187221K(465920K)] 570527K->395935K(1864192K), 0.0449950 secs] [Times: user=0.21 sys=0.00, real=0.05 secs] 
5419.754: [GC (Allocation Failure) [PSYoungGen: 420181K->125583K(465920K)] 628895K->404801K(1864192K), 0.0469107 secs] [Times: user=0.24 sys=0.00, real=0.05 secs] 
5420.446: [GC (Allocation Failure) [PSYoungGen: 358543K->141489K(465920K)] 637761K->460634K(1864192K), 0.0797304 secs] [Times: user=0.42 sys=0.00, real=0.08 secs] 
5420.959: [GC (Allocation Failure) [PSYoungGen: 374449K->178229K(465920K)] 693594K->542115K(1864192K), 0.0389421 secs] [Times: user=0.17 sys=0.00, real=0.04 secs] 
5421.114: [GC (Allocation Failure) [PSYoungGen: 411189K->186007K(465920K)] 775075K->612201K(1864192K), 0.0490319 secs] [Times: user=0.23 sys=0.00, real=0.05 secs] 
5421.298: [GC (Allocation Failure) [PSYoungGen: 418967K->186517K(465920K)] 845161K->671607K(1864192K), 0.0622734 secs] [Times: user=0.32 sys=0.00, real=0.07 secs] 
5422.308: [GC (Allocation Failure) [PSYoungGen: 419477K->91115K(465920K)] 904567K->646573K(1864192K), 0.0419771 secs] [Times: user=0.21 sys=0.00, real=0.05 secs] 
5423.302: [GC (Allocation Failure) [PSYoungGen: 324075K->172436K(465920K)] 879533K->757463K(1864192K), 0.0535746 secs] [Times: user=0.24 sys=0.00, real=0.05 secs] 
5423.515: [GC (Allocation Failure) [PSYoungGen: 405396K->184662K(465920K)] 990423K->823745K(1864192K), 0.0432816 secs] [Times: user=0.19 sys=0.01, real=0.04 secs] 
5423.694: [GC (Allocation Failure) [PSYoungGen: 417622K->187221K(465920K)] 1056705K->882096K(1864192K), 0.0508166 secs] [Times: user=0.24 sys=0.00, real=0.05 secs] 
5424.664: [GC (Allocation Failure) [PSYoungGen: 420181K->133904K(465920K)] 1115056K->899407K(1864192K), 0.0492381 secs] [Times: user=0.24 sys=0.00, real=0.05 secs] 
5425.538: [GC (Allocation Failure) [PSYoungGen: 366864K->134720K(465920K)] 1132367K->942807K(1864192K), 0.1606583 secs] [Times: user=0.89 sys=0.00, real=0.16 secs] 
5426.031: [GC (Allocation Failure) [PSYoungGen: 367680K->174868K(465920K)] 1175767K->1025632K(1864192K), 0.0501203 secs] [Times: user=0.23 sys=0.01, real=0.05 secs] 
5426.203: [GC (Allocation Failure) [PSYoungGen: 407828K->185783K(465920K)] 1258592K->1098171K(1864192K), 0.0501444 secs] [Times: user=0.23 sys=0.00, real=0.05 secs] 
5426.367: [GC (Allocation Failure) [PSYoungGen: 418743K->186837K(465920K)] 1331131K->1157961K(1864192K), 0.0586670 secs] [Times: user=0.29 sys=0.00, real=0.06 secs] 
5427.429: [GC (Allocation Failure) [PSYoungGen: 419797K->91467K(465920K)] 1390921K->1133239K(1864192K), 0.0486950 secs] [Times: user=0.26 sys=0.00, real=0.05 secs] 
5428.682: [GC (Allocation Failure) [PSYoungGen: 324427K->173396K(465920K)] 1366199K->1243973K(1864192K), 0.0659883 secs] [Times: user=0.29 sys=0.01, real=0.06 secs] 
5428.943: [GC (Allocation Failure) [PSYoungGen: 406356K->184438K(465920K)] 1476933K->1309383K(1864192K), 0.0437970 secs] [Times: user=0.19 sys=0.00, real=0.04 secs] 
5429.101: [GC (Allocation Failure) [PSYoungGen: 417398K->184885K(465920K)] 1542343K->1365814K(1864192K), 0.0463824 secs] [Times: user=0.21 sys=0.00, real=0.04 secs] 
5430.080: [GC (Allocation Failure) [PSYoungGen: 417845K->146898K(465920K)] 1598774K->1397599K(1864192K), 0.0522118 secs] [Times: user=0.26 sys=0.00, real=0.05 secs] 
5430.713: [GC (Allocation Failure) [PSYoungGen: 379858K->127567K(465920K)] 1630559K->1424796K(1864192K), 0.1551806 secs] [Times: user=0.87 sys=0.01, real=0.15 secs] 
5431.231: [GC (Allocation Failure) [PSYoungGen: 360507K->178101K(465920K)] 1657736K->1515591K(1864192K), 0.0531560 secs] [Times: user=0.25 sys=0.00, real=0.05 secs] 
5431.284: [Full GC (Ergonomics) [PSYoungGen: 178101K->0K(465920K)] [ParOldGen: 1337490K->234473K(1398272K)] 1515591K->234473K(1864192K), [Metaspace: 59615K->59615K(1105920K)], 0.2899274 secs] [Times: user=1.34 sys=0.00, real=0.29 secs] 
5431.696: [GC (Allocation Failure) [PSYoungGen: 232960K->178742K(465920K)] 467433K->413215K(1864192K), 0.0743179 secs] [Times: user=0.38 sys=0.00, real=0.08 secs] 
5431.881: [GC (Allocation Failure) [PSYoungGen: 411702K->186901K(465920K)] 646175K->478638K(1864192K), 0.0552980 secs] [Times: user=0.27 sys=0.00, real=0.05 secs] 
5432.863: [GC (Allocation Failure) [PSYoungGen: 419078K->95755K(465920K)] 710815K->458088K(1864192K), 0.0455761 secs] [Times: user=0.24 sys=0.00, real=0.04 secs] 
5433.729: [GC (Allocation Failure) [PSYoungGen: 328715K->173653K(465920K)] 691048K->567215K(1864192K), 0.0664554 secs] [Times: user=0.30 sys=0.00, real=0.07 secs] 
5433.976: [GC (Allocation Failure) [PSYoungGen: 406613K->192726K(465920K)] 800175K->640468K(1864192K), 0.0429359 secs] [Times: user=0.19 sys=0.00, real=0.04 secs] 
5434.129: [GC (Allocation Failure) [PSYoungGen: 425686K->187349K(465920K)] 873428K->691099K(1864192K), 0.0453966 secs] [Times: user=0.21 sys=0.00, real=0.05 secs] 
5435.053: [GC (Allocation Failure) [PSYoungGen: 420309K->149298K(465920K)] 924059K->723664K(1864192K), 0.0505731 secs] [Times: user=0.25 sys=0.00, real=0.05 secs] 
5436.139: [GC (Allocation Failure) [PSYoungGen: 382258K->118174K(465920K)] 956624K->739668K(1864192K), 0.1849332 secs] [Times: user=1.05 sys=0.00, real=0.18 secs] 
5436.543: [GC (Allocation Failure) [PSYoungGen: 351134K->174740K(465920K)] 972628K->833819K(1864192K), 0.0363032 secs] [Times: user=0.15 sys=0.00, real=0.03 secs] 
5436.745: [GC (Allocation Failure) [PSYoungGen: 407700K->185335K(465920K)] 1066779K->905826K(1864192K), 0.0682234 secs] [Times: user=0.33 sys=0.00, real=0.07 secs] 
5436.985: [GC (Allocation Failure) [PSYoungGen: 418295K->186613K(465920K)] 1138786K->966112K(1864192K), 0.0693375 secs] [Times: user=0.35 sys=0.00, real=0.07 secs] 
5437.985: [GC (Allocation Failure) [PSYoungGen: 419573K->98027K(465920K)] 1199072K->948051K(1864192K), 0.0492238 secs] [Times: user=0.26 sys=0.00, real=0.05 secs] 
5439.002: [GC (GCLocker Initiated GC) [PSYoungGen: 330987K->164787K(465920K)] 1181012K->1046468K(1864192K), 0.0776061 secs] [Times: user=0.36 sys=0.00, real=0.08 secs] 
5439.258: [GC (Allocation Failure) [PSYoungGen: 397747K->192726K(465920K)] 1279559K->1126005K(1864192K), 0.0423200 secs] [Times: user=0.19 sys=0.00, real=0.05 secs] 
5439.436: [GC (Allocation Failure) [PSYoungGen: 420454K->179894K(465920K)] 1353734K->1177278K(1864192K), 0.0666062 secs] [Times: user=0.32 sys=0.00, real=0.07 secs] 
5440.892: [GC (Allocation Failure) [PSYoungGen: 412854K->170003K(465920K)] 1410238K->1224554K(1864192K), 0.0553241 secs] [Times: user=0.28 sys=0.00, real=0.05 secs] 
5441.229: [GC (Allocation Failure) [PSYoungGen: 402963K->103964K(465920K)] 1457514K->1223532K(1864192K), 0.0404381 secs] [Times: user=0.20 sys=0.00, real=0.04 secs] 
5442.245: [GC (Allocation Failure) [PSYoungGen: 336924K->179125K(465920K)] 1456492K->1331406K(1864192K), 0.0533713 secs] [Times: user=0.24 sys=0.00, real=0.05 secs] 
5442.439: [GC (Allocation Failure) [PSYoungGen: 412085K->184502K(465920K)] 1564366K->1392942K(1864192K), 0.0439484 secs] [Times: user=0.20 sys=0.00, real=0.05 secs] 
5442.648: [GC (Allocation Failure) [PSYoungGen: 417462K->186389K(465920K)] 1625902K->1450717K(1864192K), 0.0620790 secs] [Times: user=0.30 sys=0.00, real=0.07 secs] 
5443.978: [GC (Allocation Failure) [PSYoungGen: 419349K->99308K(465920K)] 1683677K->1434052K(1864192K), 0.0464946 secs] [Times: user=0.24 sys=0.01, real=0.05 secs] 
5444.025: [Full GC (Ergonomics) [PSYoungGen: 99308K->0K(465920K)] [ParOldGen: 1334744K->90197K(1398272K)] 1434052K->90197K(1864192K), [Metaspace: 59616K->59616K(1105920K)], 0.0510888 secs] [Times: user=0.17 sys=0.00, real=0.05 secs] 
5444.552: [GC (Allocation Failure) [PSYoungGen: 232960K->170900K(465920K)] 323157K->261098K(1864192K), 0.0460615 secs] [Times: user=0.17 sys=0.00, real=0.04 secs] 
5444.829: [GC (Allocation Failure) [PSYoungGen: 403860K->180661K(465920K)] 494058K->324219K(1864192K), 0.0471960 secs] [Times: user=0.22 sys=0.00, real=0.05 secs] 
5444.995: [GC (Allocation Failure) [PSYoungGen: 413621K->186103K(465920K)] 557179K->392749K(1864192K), 0.0491046 secs] [Times: user=0.23 sys=0.00, real=0.05 secs] 
5445.806: [GC (Allocation Failure) [PSYoungGen: 417936K->211347K(465920K)] 624582K->477201K(1864192K), 0.0556349 secs] [Times: user=0.28 sys=0.00, real=0.06 secs] 
5446.183: [GC (Allocation Failure) [PSYoungGen: 444307K->98091K(465920K)] 710161K->430445K(1864192K), 0.0392245 secs] [Times: user=0.20 sys=0.00, real=0.04 secs] 
5446.815: [GC (GCLocker Initiated GC) [PSYoungGen: 331051K->180117K(465920K)] 663406K->544069K(1864192K), 0.0531334 secs] [Times: user=0.24 sys=0.00, real=0.05 secs] 
5447.018: [GC (Allocation Failure) [PSYoungGen: 413077K->181269K(465920K)] 777033K->601349K(1864192K), 0.0434522 secs] [Times: user=0.19 sys=0.00, real=0.05 secs] 
5447.197: [GC (Allocation Failure) [PSYoungGen: 414229K->186837K(465920K)] 834309K->662180K(1864192K), 0.0495358 secs] [Times: user=0.23 sys=0.00, real=0.05 secs] 
5448.194: [GC (Allocation Failure) [PSYoungGen: 419797K->99708K(465920K)] 895140K->645435K(1864192K), 0.0473948 secs] [Times: user=0.25 sys=0.00, real=0.05 secs] 
5448.643: [GC (Allocation Failure) [PSYoungGen: 332668K->166868K(465920K)] 878395K->745560K(1864192K), 0.0688188 secs] [Times: user=0.34 sys=0.00, real=0.07 secs] 
5448.914: [GC (Allocation Failure) [PSYoungGen: 399828K->192438K(465920K)] 978520K->823206K(1864192K), 0.0518658 secs] [Times: user=0.25 sys=0.00, real=0.05 secs] 
5449.114: [GC (Allocation Failure) [PSYoungGen: 425398K->185847K(465920K)] 1056166K->880759K(1864192K), 0.0672787 secs] [Times: user=0.33 sys=0.00, real=0.07 secs] 
5449.543: [GC (Allocation Failure) [PSYoungGen: 416882K->215924K(465920K)] 1111794K->969804K(1864192K), 0.0539320 secs] [Times: user=0.26 sys=0.00, real=0.05 secs] 
5450.396: [GC (Allocation Failure) [PSYoungGen: 448884K->89386K(465920K)] 1202764K->912274K(1864192K), 0.0403009 secs] [Times: user=0.21 sys=0.01, real=0.04 secs] 
5451.694: [GC (Allocation Failure) [PSYoungGen: 322346K->177269K(465920K)] 1145234K->1027826K(1864192K), 0.0498766 secs] [Times: user=0.22 sys=0.00, real=0.05 secs] 
5451.936: [GC (Allocation Failure) [PSYoungGen: 410229K->184822K(465920K)] 1260786K->1090771K(1864192K), 0.0617598 secs] [Times: user=0.30 sys=0.00, real=0.06 secs] 
5452.118: [GC (Allocation Failure) [PSYoungGen: 417782K->186965K(465920K)] 1323731K->1148946K(1864192K), 0.0461515 secs] [Times: user=0.21 sys=0.00, real=0.05 secs] 
5453.117: [GC (Allocation Failure) [PSYoungGen: 419925K->101436K(465920K)] 1381906K->1133817K(1864192K), 0.0454430 secs] [Times: user=0.24 sys=0.00, real=0.05 secs] 
5453.828: [GC (Allocation Failure) [PSYoungGen: 334396K->161875K(465920K)] 1366777K->1227469K(1864192K), 0.1081633 secs] [Times: user=0.56 sys=0.00, real=0.11 secs] 
5454.495: [GC (Allocation Failure) [PSYoungGen: 394835K->184182K(465920K)] 1460429K->1300492K(1864192K), 0.0529176 secs] [Times: user=0.25 sys=0.00, real=0.05 secs] 
5454.687: [GC (Allocation Failure) [PSYoungGen: 417053K->186103K(465920K)] 1533363K->1366493K(1864192K), 0.0571561 secs] [Times: user=0.28 sys=0.00, real=0.06 secs] 
5454.882: [GC (Allocation Failure) [PSYoungGen: 419063K->183284K(465920K)] 1599453K->1422650K(1864192K), 0.0743485 secs] [Times: user=0.37 sys=0.01, real=0.07 secs] 
5455.908: [GC (Allocation Failure) [PSYoungGen: 416167K->91258K(465920K)] 1655533K->1399881K(1864192K), 0.0417825 secs] [Times: user=0.21 sys=0.00, real=0.05 secs] 
5457.077: [GC (Allocation Failure) [PSYoungGen: 324218K->173685K(465920K)] 1632841K->1510823K(1864192K), 0.0514984 secs] [Times: user=0.23 sys=0.00, real=0.05 secs] 
5457.129: [Full GC (Ergonomics) [PSYoungGen: 173685K->0K(465920K)] [ParOldGen: 1337138K->215189K(1398272K)] 1510823K->215189K(1864192K), [Metaspace: 59616K->59616K(1105920K)], 0.2634927 secs] [Times: user=1.24 sys=0.00, real=0.27 secs] 
5457.512: [GC (Allocation Failure) [PSYoungGen: 232960K->184886K(465920K)] 448149K->400075K(1864192K), 0.0268480 secs] [Times: user=0.10 sys=0.00, real=0.02 secs] 
5457.655: [GC (Allocation Failure) [PSYoungGen: 417846K->186741K(465920K)] 633035K->458058K(1864192K), 0.0452393 secs] [Times: user=0.21 sys=0.00, real=0.05 secs] 
5458.648: [GC (Allocation Failure) [PSYoungGen: 419701K->110141K(465920K)] 691018K->451786K(1864192K), 0.0458678 secs] [Times: user=0.23 sys=0.00, real=0.05 secs] 
5459.219: [GC (Allocation Failure) [PSYoungGen: 343101K->165971K(465920K)] 684746K->544117K(1864192K), 0.1203538 secs] [Times: user=0.63 sys=0.00, real=0.13 secs] 
5459.580: [GC (Allocation Failure) [PSYoungGen: 398931K->180405K(465920K)] 777077K->608831K(1864192K), 0.0409879 secs] [Times: user=0.19 sys=0.00, real=0.04 secs] 
5459.741: [GC (Allocation Failure) [PSYoungGen: 413365K->185751K(465920K)] 841791K->677089K(1864192K), 0.0494281 secs] [Times: user=0.23 sys=0.00, real=0.05 secs] 
5459.941: [GC (Allocation Failure) [PSYoungGen: 418711K->183092K(465920K)] 910049K->733518K(1864192K), 0.0823659 secs] [Times: user=0.42 sys=0.00, real=0.08 secs] 
5460.980: [GC (Allocation Failure) [PSYoungGen: 415981K->92154K(465920K)] 966407K->711708K(1864192K), 0.0411195 secs] [Times: user=0.21 sys=0.00, real=0.04 secs] 
5461.882: [GC (Allocation Failure) [PSYoungGen: 325114K->180533K(465920K)] 944668K->828871K(1864192K), 0.0457923 secs] [Times: user=0.20 sys=0.00, real=0.04 secs] 
5462.055: [GC (Allocation Failure) [PSYoungGen: 413493K->184790K(465920K)] 1061831K->889936K(1864192K), 0.0437807 secs] [Times: user=0.20 sys=0.00, real=0.04 secs] 
5462.209: [GC (Allocation Failure) [PSYoungGen: 417634K->186677K(465920K)] 1122780K->947727K(1864192K), 0.0457578 secs] [Times: user=0.22 sys=0.00, real=0.05 secs] 
5463.274: [GC (Allocation Failure) [PSYoungGen: 419637K->108829K(465920K)] 1180687K->940259K(1864192K), 0.0462493 secs] [Times: user=0.24 sys=0.00, real=0.05 secs] 
5464.040: [GC (Allocation Failure) [PSYoungGen: 341789K->156146K(465920K)] 1173219K->1023305K(1864192K), 0.1187598 secs] [Times: user=0.63 sys=0.00, real=0.11 secs] 
5464.417: [GC (Allocation Failure) [PSYoungGen: 389106K->183765K(465920K)] 1256265K->1098996K(1864192K), 0.0417740 secs] [Times: user=0.18 sys=0.00, real=0.04 secs] 
5464.631: [GC (Allocation Failure) [PSYoungGen: 416725K->184919K(465920K)] 1331956K->1163757K(1864192K), 0.0511198 secs] [Times: user=0.24 sys=0.01, real=0.05 secs] 
5464.805: [GC (Allocation Failure) [PSYoungGen: 417879K->186325K(465920K)] 1396717K->1223899K(1864192K), 0.0568184 secs] [Times: user=0.28 sys=0.00, real=0.06 secs] 
5465.822: [GC (Allocation Failure) [PSYoungGen: 419285K->92650K(465920K)] 1456859K->1200473K(1864192K), 0.0420234 secs] [Times: user=0.22 sys=0.00, real=0.04 secs] 
5467.474: [GC (Allocation Failure) [PSYoungGen: 325610K->174421K(465920K)] 1433433K->1310320K(1864192K), 0.0588822 secs] [Times: user=0.26 sys=0.00, real=0.06 secs] 
5467.693: [GC (Allocation Failure) [PSYoungGen: 407381K->184918K(465920K)] 1543280K->1375413K(1864192K), 0.0445004 secs] [Times: user=0.20 sys=0.00, real=0.04 secs] 
5467.848: [GC (Allocation Failure) [PSYoungGen: 417878K->187413K(465920K)] 1608373K->1433924K(1864192K), 0.0473667 secs] [Times: user=0.22 sys=0.00, real=0.05 secs] 
5468.890: [GC (Allocation Failure) [PSYoungGen: 420373K->114846K(465920K)] 1666884K->1432029K(1864192K), 0.0481952 secs] [Times: user=0.24 sys=0.00, real=0.04 secs] 
5468.938: [Full GC (Ergonomics) [PSYoungGen: 114846K->0K(465920K)] [ParOldGen: 1317183K->95625K(1398272K)] 1432029K->95625K(1864192K), [Metaspace: 59616K->59616K(1105920K)], 0.0345899 secs] [Times: user=0.10 sys=0.00, real=0.04 secs] 
5469.838: [GC (Allocation Failure) [PSYoungGen: 232960K->146929K(465920K)] 328585K->242555K(1864192K), 0.0539027 secs] [Times: user=0.22 sys=0.00, real=0.06 secs] 
5470.174: [GC (Allocation Failure) [PSYoungGen: 379889K->184053K(465920K)] 475515K->325559K(1864192K), 0.0397759 secs] [Times: user=0.17 sys=0.00, real=0.04 secs] 
5470.330: [GC (Allocation Failure) [PSYoungGen: 417013K->182326K(465920K)] 558519K->387796K(1864192K), 0.0491268 secs] [Times: user=0.23 sys=0.00, real=0.04 secs] 
5470.529: [GC (Allocation Failure) [PSYoungGen: 415286K->186741K(465920K)] 620756K->450178K(1864192K), 0.0849899 secs] [Times: user=0.44 sys=0.00, real=0.09 secs] 
5471.625: [GC (Allocation Failure) [PSYoungGen: 419701K->94267K(465920K)] 683138K->428160K(1864192K), 0.0419819 secs] [Times: user=0.21 sys=0.00, real=0.04 secs] 
5472.102: [GC (Allocation Failure) [PSYoungGen: 327227K->178133K(465920K)] 661120K->542896K(1864192K), 0.0522605 secs] [Times: user=0.22 sys=0.00, real=0.05 secs] 
5472.338: [GC (Allocation Failure) [PSYoungGen: 411093K->181013K(465920K)] 775856K->601168K(1864192K), 0.0429203 secs] [Times: user=0.19 sys=0.00, real=0.05 secs] 
5472.494: [GC (Allocation Failure) [PSYoungGen: 413973K->186613K(465920K)] 834128K->661959K(1864192K), 0.0449046 secs] [Times: user=0.21 sys=0.00, real=0.04 secs] 
5473.543: [GC (Allocation Failure) [PSYoungGen: 419573K->122383K(465920K)] 894919K->668201K(1864192K), 0.0473927 secs] [Times: user=0.24 sys=0.00, real=0.05 secs] 
5474.547: [GC (Allocation Failure) [PSYoungGen: 355343K->143889K(465920K)] 901161K->728475K(1864192K), 0.1550249 secs] [Times: user=0.85 sys=0.00, real=0.16 secs] 
5474.938: [GC (Allocation Failure) [PSYoungGen: 376849K->180149K(465920K)] 961435K->810244K(1864192K), 0.0395152 secs] [Times: user=0.17 sys=0.00, real=0.04 secs] 
5475.097: [GC (Allocation Failure) [PSYoungGen: 413109K->185751K(465920K)] 1043204K->878726K(1864192K), 0.0499163 secs] [Times: user=0.23 sys=0.00, real=0.05 secs] 
5475.260: [GC (Allocation Failure) [PSYoungGen: 418711K->186517K(465920K)] 1111686K->938416K(1864192K), 0.0577352 secs] [Times: user=0.29 sys=0.00, real=0.05 secs] 
5476.274: [GC (Allocation Failure) [PSYoungGen: 419477K->93067K(465920K)] 1171376K->915302K(1864192K), 0.0566658 secs] [Times: user=0.30 sys=0.00, real=0.06 secs] 
5476.729: [GC (Allocation Failure) [PSYoungGen: 326027K->182325K(465920K)] 1148262K->1035273K(1864192K), 0.0338568 secs] [Times: user=0.14 sys=0.00, real=0.04 secs] 
5476.876: [GC (Allocation Failure) [PSYoungGen: 415285K->181077K(465920K)] 1268233K->1089633K(1864192K), 0.0445626 secs] [Times: user=0.20 sys=0.01, real=0.05 secs] 
5477.056: [GC (Allocation Failure) [PSYoungGen: 414037K->186997K(465920K)] 1322593K->1150705K(1864192K), 0.0559645 secs] [Times: user=0.28 sys=0.00, real=0.06 secs] 
5478.067: [GC (Allocation Failure) [PSYoungGen: 419957K->127375K(465920K)] 1383665K->1161515K(1864192K), 0.0492983 secs] [Times: user=0.25 sys=0.00, real=0.05 secs] 
5478.773: [GC (Allocation Failure) [PSYoungGen: 360335K->141473K(465920K)] 1394475K->1215997K(1864192K), 0.1634934 secs] [Times: user=0.89 sys=0.00, real=0.16 secs] 
5479.151: [GC (Allocation Failure) [PSYoungGen: 374433K->174804K(465920K)] 1448957K->1294568K(1864192K), 0.0396317 secs] [Times: user=0.17 sys=0.00, real=0.04 secs] 
5479.335: [GC (Allocation Failure) [PSYoungGen: 407764K->185463K(465920K)] 1527528K->1366683K(1864192K), 0.0560059 secs] [Times: user=0.27 sys=0.00, real=0.06 secs] 
5479.536: [GC (Allocation Failure) [PSYoungGen: 418423K->186677K(465920K)] 1599643K->1426705K(1864192K), 0.0833435 secs] [Times: user=0.43 sys=0.00, real=0.09 secs] 
5480.569: [GC (Allocation Failure) [PSYoungGen: 419637K->94907K(465920K)] 1659665K->1405431K(1864192K), 0.0440858 secs] [Times: user=0.23 sys=0.00, real=0.04 secs] 
5481.151: [GC (Allocation Failure) [PSYoungGen: 327867K->177493K(465920K)] 1638391K->1519190K(1864192K), 0.0630810 secs] [Times: user=0.29 sys=0.01, real=0.06 secs] 
5481.214: [Full GC (Ergonomics) [PSYoungGen: 177493K->0K(465920K)] [ParOldGen: 1341696K->211921K(1398272K)] 1519190K->211921K(1864192K), [Metaspace: 59616K->59616K(1105920K)], 0.2739595 secs] [Times: user=1.31 sys=0.00, real=0.27 secs] 
5481.599: [GC (Allocation Failure) [PSYoungGen: 232960K->177397K(465920K)] 444881K->389318K(1864192K), 0.0260497 secs] [Times: user=0.09 sys=0.00, real=0.03 secs] 
5481.737: [GC (Allocation Failure) [PSYoungGen: 410357K->187157K(465920K)] 622278K->453254K(1864192K), 0.0437874 secs] [Times: user=0.20 sys=0.00, real=0.05 secs] 
5482.707: [GC (Allocation Failure) [PSYoungGen: 420117K->136529K(465920K)] 686214K->473258K(1864192K), 0.0483815 secs] [Times: user=0.24 sys=0.00, real=0.05 secs] 
5483.486: [GC (Allocation Failure) [PSYoungGen: 369489K->135152K(465920K)] 706218K->515209K(1864192K), 0.1676686 secs] [Times: user=0.92 sys=0.00, real=0.17 secs] 
5484.090: [GC (Allocation Failure) [PSYoungGen: 368112K->174804K(465920K)] 748169K->598099K(1864192K), 0.0497327 secs] [Times: user=0.22 sys=0.00, real=0.05 secs] 
5484.263: [GC (Allocation Failure) [PSYoungGen: 407764K->185687K(465920K)] 831059K->670033K(1864192K), 0.0486488 secs] [Times: user=0.22 sys=0.00, real=0.05 secs] 
5484.469: [GC (Allocation Failure) [PSYoungGen: 418647K->186613K(465920K)] 902993K->729975K(1864192K), 0.0760095 secs] [Times: user=0.39 sys=0.00, real=0.08 secs] 
5485.542: [GC (GCLocker Initiated GC) [PSYoungGen: 419573K->91643K(465920K)] 962936K->705381K(1864192K), 0.0565714 secs] [Times: user=0.30 sys=0.00, real=0.05 secs] 
5486.371: [GC (Allocation Failure) [PSYoungGen: 324603K->171540K(465920K)] 938346K->814328K(1864192K), 0.0585546 secs] [Times: user=0.26 sys=0.01, real=0.06 secs] 
5486.614: [GC (Allocation Failure) [PSYoungGen: 404500K->184918K(465920K)] 1047288K->881498K(1864192K), 0.0431576 secs] [Times: user=0.19 sys=0.00, real=0.04 secs] 
5486.770: [GC (Allocation Failure) [PSYoungGen: 417878K->232884K(465920K)] 1114458K->989049K(1864192K), 0.0484044 secs] [Times: user=0.22 sys=0.01, real=0.04 secs] 
5487.780: [GC (Allocation Failure) [PSYoungGen: 465844K->144082K(465920K)] 1222009K->970710K(1864192K), 0.0503211 secs] [Times: user=0.25 sys=0.00, real=0.05 secs] 
5488.334: [GC (Allocation Failure) [PSYoungGen: 377042K->127327K(465920K)] 1203670K->999555K(1864192K), 0.1059091 secs] [Times: user=0.58 sys=0.00, real=0.11 secs] 
5488.969: [GC (Allocation Failure) [PSYoungGen: 360287K->177973K(465920K)] 1232515K->1090366K(1864192K), 0.0547531 secs] [Times: user=0.25 sys=0.00, real=0.06 secs] 
5489.211: [GC (Allocation Failure) [PSYoungGen: 410933K->185911K(465920K)] 1323326K->1160804K(1864192K), 0.0690140 secs] [Times: user=0.33 sys=0.01, real=0.07 secs] 
5489.435: [GC (Allocation Failure) [PSYoungGen: 418871K->183284K(465920K)] 1393764K->1216978K(1864192K), 0.0731473 secs] [Times: user=0.37 sys=0.00, real=0.07 secs] 
5490.475: [GC (Allocation Failure) [PSYoungGen: 416244K->93131K(465920K)] 1449938K->1195968K(1864192K), 0.0459919 secs] [Times: user=0.24 sys=0.00, real=0.05 secs] 
5491.310: [GC (GCLocker Initiated GC) [PSYoungGen: 326091K->170644K(465920K)] 1428929K->1303175K(1864192K), 0.0806055 secs] [Times: user=0.38 sys=0.01, real=0.08 secs] 
5491.599: [GC (Allocation Failure) [PSYoungGen: 403604K->184790K(465920K)] 1536266K->1370803K(1864192K), 0.0440112 secs] [Times: user=0.20 sys=0.00, real=0.04 secs] 
5491.753: [GC (Allocation Failure) [PSYoungGen: 417750K->187797K(465920K)] 1603763K->1429794K(1864192K), 0.0467509 secs] [Times: user=0.21 sys=0.00, real=0.05 secs] 
5492.761: [GC (Allocation Failure) [PSYoungGen: 420757K->151218K(465920K)] 1662754K->1463800K(1864192K), 0.0524302 secs] [Times: user=0.26 sys=0.00, real=0.05 secs] 
5492.814: [Full GC (Ergonomics) [PSYoungGen: 151218K->0K(465920K)] [ParOldGen: 1312581K->356580K(1398272K)] 1463800K->356580K(1864192K), [Metaspace: 59616K->59616K(1105920K)], 0.5941243 secs] [Times: user=2.60 sys=0.00, real=0.59 secs] 
5493.919: [GC (Allocation Failure) [PSYoungGen: 232960K->115373K(465920K)] 589540K->471954K(1864192K), 0.0254869 secs] [Times: user=0.10 sys=0.00, real=0.02 secs] 
5494.657: [GC (Allocation Failure) [PSYoungGen: 348333K->177365K(465920K)] 704914K->570094K(1864192K), 0.0480749 secs] [Times: user=0.22 sys=0.00, real=0.05 secs] 
5494.832: [GC (Allocation Failure) [PSYoungGen: 410325K->185591K(465920K)] 803054K->640500K(1864192K), 0.0506973 secs] [Times: user=0.23 sys=0.00, real=0.05 secs] 
5495.018: [GC (Allocation Failure) [PSYoungGen: 418551K->183412K(465920K)] 873460K->697162K(1864192K), 0.0803963 secs] [Times: user=0.41 sys=0.01, real=0.08 secs] 
5496.095: [GC (Allocation Failure) [PSYoungGen: 416372K->94331K(465920K)] 930122K->677456K(1864192K), 0.0556499 secs] [Times: user=0.30 sys=0.00, real=0.06 secs] 
5496.839: [GC (Allocation Failure) [PSYoungGen: 327291K->177685K(465920K)] 910416K->791854K(1864192K), 0.0724363 secs] [Times: user=0.34 sys=0.00, real=0.08 secs] 
5497.091: [GC (Allocation Failure) [PSYoungGen: 410645K->180533K(465920K)] 1024814K->848727K(1864192K), 0.0429571 secs] [Times: user=0.19 sys=0.01, real=0.04 secs] 
5497.285: [GC (Allocation Failure) [PSYoungGen: 411184K->182390K(465920K)] 1079377K->913504K(1864192K), 0.0681871 secs] [Times: user=0.34 sys=0.00, real=0.07 secs] 
5498.269: [GC (Allocation Failure) [PSYoungGen: 415350K->169139K(465920K)] 1146464K->958348K(1864192K), 0.0573363 secs] [Times: user=0.29 sys=0.00, real=0.05 secs] 
5498.699: [GC (Allocation Failure) [PSYoungGen: 402099K->108285K(465920K)] 1191308K->962230K(1864192K), 0.0439616 secs] [Times: user=0.22 sys=0.00, real=0.04 secs] 
5499.375: [GC (Allocation Failure) [PSYoungGen: 339535K->175093K(465920K)] 1193480K->1062851K(1864192K), 0.0455954 secs] [Times: user=0.20 sys=0.00, real=0.05 secs] 
5499.541: [GC (Allocation Failure) [PSYoungGen: 408053K->184918K(465920K)] 1295811K->1127608K(1864192K), 0.0437663 secs] [Times: user=0.20 sys=0.00, real=0.04 secs] 
5499.696: [GC (Allocation Failure) [PSYoungGen: 417878K->183924K(465920K)] 1360568K->1182543K(1864192K), 0.0460879 secs] [Times: user=0.21 sys=0.01, real=0.05 secs] 
5500.774: [GC (Allocation Failure) [PSYoungGen: 416884K->99948K(465920K)] 1415503K->1168182K(1864192K), 0.0475742 secs] [Times: user=0.25 sys=0.00, real=0.05 secs] 
5501.275: [GC (Allocation Failure) [PSYoungGen: 332908K->171316K(465920K)] 1401142K->1272152K(1864192K), 0.0911740 secs] [Times: user=0.37 sys=0.00, real=0.09 secs] 
5501.551: [GC (GCLocker Initiated GC) [PSYoungGen: 404276K->182965K(465920K)] 1505112K->1337369K(1864192K), 0.0469528 secs] [Times: user=0.22 sys=0.00, real=0.04 secs] 
5501.715: [GC (Allocation Failure) [PSYoungGen: 415925K->186007K(465920K)] 1570332K->1404169K(1864192K), 0.0540770 secs] [Times: user=0.26 sys=0.00, real=0.06 secs] 
5502.535: [GC (Allocation Failure) [PSYoungGen: 415488K->193619K(465920K)] 1633651K->1470990K(1864192K), 0.0558301 secs] [Times: user=0.28 sys=0.00, real=0.06 secs] 
5502.970: [GC (Allocation Failure) [PSYoungGen: 426579K->98443K(465920K)] 1703950K->1441838K(1864192K), 0.0438944 secs] [Times: user=0.23 sys=0.00, real=0.04 secs] 
5503.014: [Full GC (Ergonomics) [PSYoungGen: 98443K->0K(465920K)] [ParOldGen: 1343394K->114723K(1398272K)] 1441838K->114723K(1864192K), [Metaspace: 59616K->59616K(1105920K)], 0.1060584 secs] [Times: user=0.44 sys=0.00, real=0.11 secs] 
5504.139: [GC (Allocation Failure) [PSYoungGen: 232960K->176917K(465920K)] 347683K->291640K(1864192K), 0.0348413 secs] [Times: user=0.13 sys=0.00, real=0.04 secs] 
5504.350: [GC (Allocation Failure) [PSYoungGen: 409877K->184598K(465920K)] 524600K->354489K(1864192K), 0.0581909 secs] [Times: user=0.27 sys=0.00, real=0.05 secs] 
5504.537: [GC (Allocation Failure) [PSYoungGen: 417558K->182996K(465920K)] 587449K->408752K(1864192K), 0.0449605 secs] [Times: user=0.20 sys=0.00, real=0.05 secs] 
5505.508: [GC (Allocation Failure) [PSYoungGen: 415956K->101372K(465920K)] 641712K->396375K(1864192K), 0.0441042 secs] [Times: user=0.22 sys=0.00, real=0.05 secs] 
5506.047: [GC (Allocation Failure) [PSYoungGen: 334332K->165140K(465920K)] 629335K->493615K(1864192K), 0.0913150 secs] [Times: user=0.45 sys=0.01, real=0.09 secs] 
5506.307: [GC (Allocation Failure) [PSYoungGen: 398100K->184181K(465920K)] 726575K->564145K(1864192K), 0.0419347 secs] [Times: user=0.18 sys=0.00, real=0.04 secs] 
5506.468: [GC (Allocation Failure) [PSYoungGen: 417141K->186135K(465920K)] 797105K->630370K(1864192K), 0.0498388 secs] [Times: user=0.23 sys=0.01, real=0.05 secs] 
5506.630: [GC (Allocation Failure) [PSYoungGen: 419095K->183444K(465920K)] 863330K->686832K(1864192K), 0.0545665 secs] [Times: user=0.26 sys=0.00, real=0.05 secs] 
5507.657: [GC (Allocation Failure) [PSYoungGen: 416404K->96459K(465920K)] 919792K->669047K(1864192K), 0.0407734 secs] [Times: user=0.21 sys=0.00, real=0.04 secs] 
5508.811: [GC (Allocation Failure) [PSYoungGen: 329419K->174325K(465920K)] 902007K->776725K(1864192K), 0.0528176 secs] [Times: user=0.24 sys=0.00, real=0.05 secs] 
5509.059: [GC (Allocation Failure) [PSYoungGen: 407285K->184822K(465920K)] 1009685K->842042K(1864192K), 0.0577970 secs] [Times: user=0.27 sys=0.01, real=0.06 secs] 
5509.231: [GC (Allocation Failure) [PSYoungGen: 417782K->183700K(465920K)] 1075002K->896985K(1864192K), 0.0459614 secs] [Times: user=0.21 sys=0.00, real=0.04 secs] 
5510.273: [GC (Allocation Failure) [PSYoungGen: 416660K->107101K(465920K)] 1129945K->889705K(1864192K), 0.0454162 secs] [Times: user=0.24 sys=0.00, real=0.04 secs] 
5510.753: [GC (Allocation Failure) [PSYoungGen: 340061K->172052K(465920K)] 1122665K->989697K(1864192K), 0.1204687 secs] [Times: user=0.61 sys=0.01, real=0.12 secs] 
5511.085: [GC (Allocation Failure) [PSYoungGen: 405012K->180981K(465920K)] 1222657K->1051426K(1864192K), 0.0437689 secs] [Times: user=0.19 sys=0.00, real=0.04 secs] 
5511.279: [GC (Allocation Failure) [PSYoungGen: 413941K->185655K(465920K)] 1284386K->1119100K(1864192K), 0.0734639 secs] [Times: user=0.36 sys=0.00, real=0.08 secs] 
5511.546: [GC (Allocation Failure) [PSYoungGen: 418615K->179540K(465920K)] 1352060K->1171817K(1864192K), 0.0602314 secs] [Times: user=0.29 sys=0.01, real=0.06 secs] 
5512.577: [GC (Allocation Failure) [PSYoungGen: 412500K->94523K(465920K)] 1404777K->1154716K(1864192K), 0.0524501 secs] [Times: user=0.28 sys=0.00, real=0.05 secs] 
5513.030: [GC (Allocation Failure) [PSYoungGen: 327483K->182390K(465920K)] 1387676K->1273355K(1864192K), 0.0514755 secs] [Times: user=0.23 sys=0.00, real=0.05 secs] 
5513.265: [GC (Allocation Failure) [PSYoungGen: 415350K->184278K(465920K)] 1506315K->1332139K(1864192K), 0.0617096 secs] [Times: user=0.29 sys=0.00, real=0.06 secs] 
5513.444: [GC (Allocation Failure) [PSYoungGen: 417238K->183124K(465920K)] 1565099K->1386850K(1864192K), 0.0463223 secs] [Times: user=0.22 sys=0.00, real=0.05 secs] 
5514.508: [GC (Allocation Failure) [PSYoungGen: 416084K->104396K(465920K)] 1619814K->1377334K(1864192K), 0.0458062 secs] [Times: user=0.24 sys=0.01, real=0.05 secs] 
5515.958: [GC (Allocation Failure) [PSYoungGen: 337356K->155218K(465920K)] 1610294K->1461592K(1864192K), 0.1264803 secs] [Times: user=0.66 sys=0.01, real=0.13 secs] 
5516.410: [GC (Allocation Failure) [PSYoungGen: 388178K->180885K(465920K)] 1694552K->1535763K(1864192K), 0.0426772 secs] [Times: user=0.19 sys=0.00, real=0.04 secs] 
5516.453: [Full GC (Ergonomics) [PSYoungGen: 180885K->0K(465920K)] [ParOldGen: 1354878K->247390K(1398272K)] 1535763K->247390K(1864192K), [Metaspace: 59616K->59616K(1105920K)], 0.3063143 secs] [Times: user=1.39 sys=0.00, real=0.30 secs] 
5516.879: [GC (Allocation Failure) [PSYoungGen: 232960K->185975K(465920K)] 480350K->433365K(1864192K), 0.0911737 secs] [Times: user=0.48 sys=0.00, real=0.10 secs] 
5517.096: [GC (Allocation Failure) [PSYoungGen: 418935K->187029K(465920K)] 666325K->493468K(1864192K), 0.0573211 secs] [Times: user=0.28 sys=0.00, real=0.06 secs] 
5518.097: [GC (Allocation Failure) [PSYoungGen: 419989K->90650K(465920K)] 726428K->467705K(1864192K), 0.0494562 secs] [Times: user=0.27 sys=0.00, real=0.05 secs] 
5519.862: [GC (Allocation Failure) [PSYoungGen: 323610K->174677K(465920K)] 700665K->579680K(1864192K), 0.0599515 secs] [Times: user=0.27 sys=0.00, real=0.06 secs] 
5520.128: [GC (Allocation Failure) [PSYoungGen: 407637K->184950K(465920K)] 812640K->644821K(1864192K), 0.0437408 secs] [Times: user=0.19 sys=0.00, real=0.05 secs] 
5520.308: [GC (Allocation Failure) [PSYoungGen: 417910K->187317K(465920K)] 877781K->703253K(1864192K), 0.0499337 secs] [Times: user=0.24 sys=0.00, real=0.05 secs] 
5521.322: [GC (Allocation Failure) [PSYoungGen: 420277K->114606K(465920K)] 936213K->701277K(1864192K), 0.0466594 secs] [Times: user=0.24 sys=0.00, real=0.04 secs] 
5521.922: [GC (Allocation Failure) [PSYoungGen: 347566K->149233K(465920K)] 934237K->772929K(1864192K), 0.1053823 secs] [Times: user=0.55 sys=0.01, real=0.10 secs] 
5522.377: [GC (Allocation Failure) [PSYoungGen: 382193K->183637K(465920K)] 1005889K->853557K(1864192K), 0.0407008 secs] [Times: user=0.18 sys=0.00, real=0.04 secs] 
5522.532: [GC (GCLocker Initiated GC) [PSYoungGen: 416597K->180502K(465920K)] 1086518K->914407K(1864192K), 0.0499781 secs] [Times: user=0.23 sys=0.00, real=0.05 secs] 
5522.758: [GC (Allocation Failure) [PSYoungGen: 413462K->186453K(465920K)] 1147661K->978084K(1864192K), 0.0821613 secs] [Times: user=0.42 sys=0.00, real=0.09 secs] 
5523.957: [GC (Allocation Failure) [PSYoungGen: 419413K->94555K(465920K)] 1211044K->956498K(1864192K), 0.0624975 secs] [Times: user=0.33 sys=0.00, real=0.06 secs] 
5524.807: [GC (Allocation Failure) [PSYoungGen: 327515K->173717K(465920K)] 1189458K->1066161K(1864192K), 0.0470515 secs] [Times: user=0.21 sys=0.00, real=0.05 secs] 
5525.039: [GC (Allocation Failure) [PSYoungGen: 406573K->184310K(465920K)] 1299018K->1131062K(1864192K), 0.0629811 secs] [Times: user=0.30 sys=0.00, real=0.07 secs] 
5525.283: [GC (Allocation Failure) [PSYoungGen: 417270K->183412K(465920K)] 1364022K->1186117K(1864192K), 0.0622497 secs] [Times: user=0.31 sys=0.00, real=0.06 secs] 
5526.382: [GC (Allocation Failure) [PSYoungGen: 416372K->127119K(465920K)] 1419077K->1199208K(1864192K), 0.0485189 secs] [Times: user=0.25 sys=0.00, real=0.05 secs] 
5526.971: [GC (Allocation Failure) [PSYoungGen: 360079K->144193K(465920K)] 1432168K->1256513K(1864192K), 0.1416675 secs] [Times: user=0.77 sys=0.00, real=0.14 secs] 
5527.576: [GC (Allocation Failure) [PSYoungGen: 377153K->187157K(465920K)] 1489473K->1344290K(1864192K), 0.0439858 secs] [Times: user=0.20 sys=0.01, real=0.05 secs] 
5527.737: [GC (Allocation Failure) [PSYoungGen: 420027K->182710K(465920K)] 1577160K->1402312K(1864192K), 0.0504747 secs] [Times: user=0.23 sys=0.01, real=0.05 secs] 
5527.943: [GC (Allocation Failure) [PSYoungGen: 415618K->186421K(465920K)] 1635219K->1463918K(1864192K), 0.0714909 secs] [Times: user=0.37 sys=0.00, real=0.07 secs] 
5529.018: [GC (GCLocker Initiated GC) [PSYoungGen: 419381K->93787K(465920K)] 1696879K->1441717K(1864192K), 0.0448863 secs] [Times: user=0.23 sys=0.00, real=0.05 secs] 
5529.062: [Full GC (Ergonomics) [PSYoungGen: 93787K->0K(465920K)] [ParOldGen: 1347930K->98127K(1398272K)] 1441717K->98127K(1864192K), [Metaspace: 59616K->59616K(1105920K)], 0.0765813 secs] [Times: user=0.28 sys=0.00, real=0.07 secs] 
5529.789: [GC (Allocation Failure) [PSYoungGen: 232960K->173845K(465920K)] 331381K->272266K(1864192K), 0.0427667 secs] [Times: user=0.16 sys=0.00, real=0.05 secs] 
5530.004: [GC (Allocation Failure) [PSYoungGen: 406805K->184373K(465920K)] 505226K->337311K(1864192K), 0.0423491 secs] [Times: user=0.19 sys=0.00, real=0.04 secs] 
5530.227: [GC (Allocation Failure) [PSYoungGen: 417333K->183316K(465920K)] 570271K->392358K(1864192K), 0.0679263 secs] [Times: user=0.33 sys=0.01, real=0.07 secs] 
5531.235: [GC (Allocation Failure) [PSYoungGen: 416276K->136817K(465920K)] 625318K->415234K(1864192K), 0.0485270 secs] [Times: user=0.24 sys=0.00, real=0.05 secs] 
5531.601: [GC (Allocation Failure) [PSYoungGen: 369777K->141025K(465920K)] 648194K->462914K(1864192K), 0.0776291 secs] [Times: user=0.41 sys=0.01, real=0.07 secs] 
5532.524: [GC (Allocation Failure) [PSYoungGen: 373985K->170900K(462848K)] 695874K->537106K(1861120K), 0.0557401 secs] [Times: user=0.26 sys=0.01, real=0.06 secs] 
5532.721: [GC (Allocation Failure) [PSYoungGen: 403860K->185783K(464384K)] 770066K->612198K(1862656K), 0.0488521 secs] [Times: user=0.22 sys=0.00, real=0.05 secs] 
5532.912: [GC (Allocation Failure) [PSYoungGen: 418743K->186549K(465920K)] 845158K->671924K(1864192K), 0.0822396 secs] [Times: user=0.42 sys=0.00, real=0.08 secs] 
5533.939: [GC (Allocation Failure) [PSYoungGen: 419509K->94091K(465920K)] 904884K->649714K(1864192K), 0.0436454 secs] [Times: user=0.23 sys=0.00, real=0.05 secs] 
5534.442: [GC (Allocation Failure) [PSYoungGen: 327051K->173941K(465920K)] 882674K->759536K(1864192K), 0.0633206 secs] [Times: user=0.28 sys=0.01, real=0.06 secs] 
5534.694: [GC (Allocation Failure) [PSYoungGen: 406901K->184534K(465920K)] 992496K->824505K(1864192K), 0.0431864 secs] [Times: user=0.20 sys=0.00, real=0.04 secs] 
5534.847: [GC (Allocation Failure) [PSYoungGen: 417494K->183860K(465920K)] 1057465K->880008K(1864192K), 0.0452920 secs] [Times: user=0.21 sys=0.00, real=0.05 secs] 
5535.883: [GC (Allocation Failure) [PSYoungGen: 416820K->141617K(465920K)] 1112968K->907209K(1864192K), 0.0495463 secs] [Times: user=0.24 sys=0.00, real=0.05 secs] 
5536.178: [GC (Allocation Failure) [PSYoungGen: 374577K->134368K(465920K)] 1140169K->944928K(1864192K), 0.0693392 secs] [Times: user=0.36 sys=0.00, real=0.07 secs] 
5536.624: [GC (Allocation Failure) [PSYoungGen: 367328K->177013K(410112K)] 1177888K->1030257K(1808384K), 0.0560317 secs] [Times: user=0.26 sys=0.00, real=0.06 secs] 
5536.814: [GC (Allocation Failure) [PSYoungGen: 409973K->185207K(464896K)] 1263217K->1100648K(1863168K), 0.0494386 secs] [Times: user=0.23 sys=0.00, real=0.05 secs] 
5536.973: [GC (Allocation Failure) [PSYoungGen: 417655K->186229K(465408K)] 1333096K->1160430K(1863680K), 0.0582749 secs] [Times: user=0.28 sys=0.00, real=0.06 secs] 
5538.020: [GC (Allocation Failure) [PSYoungGen: 418677K->88042K(465920K)] 1392878K->1132415K(1864192K), 0.0430725 secs] [Times: user=0.22 sys=0.00, real=0.04 secs] 
5539.230: [GC (Allocation Failure) [PSYoungGen: 321002K->176245K(465920K)] 1365375K->1249506K(1864192K), 0.0653795 secs] [Times: user=0.29 sys=0.00, real=0.06 secs] 
5539.476: [GC (Allocation Failure) [PSYoungGen: 409205K->184406K(465920K)] 1482466K->1312667K(1864192K), 0.0447397 secs] [Times: user=0.20 sys=0.00, real=0.05 secs] 
5539.632: [GC (Allocation Failure) [PSYoungGen: 417366K->187317K(465920K)] 1545627K->1371474K(1864192K), 0.0469121 secs] [Times: user=0.22 sys=0.00, real=0.04 secs] 
5540.593: [GC (Allocation Failure) [PSYoungGen: 420277K->142257K(465920K)] 1604434K->1397039K(1864192K), 0.0508588 secs] [Times: user=0.25 sys=0.00, real=0.05 secs] 
5541.392: [GC (Allocation Failure) [PSYoungGen: 375217K->128223K(465920K)] 1629999K->1428236K(1864192K), 0.1536583 secs] [Times: user=0.86 sys=0.00, real=0.15 secs] 
5541.984: [GC (Allocation Failure) [PSYoungGen: 361183K->191444K(465920K)] 1661196K->1532567K(1864192K), 0.0459542 secs] [Times: user=0.21 sys=0.00, real=0.05 secs] 
5542.030: [Full GC (Ergonomics) [PSYoungGen: 191444K->0K(465920K)] [ParOldGen: 1341122K->232190K(1398272K)] 1532567K->232190K(1864192K), [Metaspace: 59616K->59616K(1105920K)], 0.2779538 secs] [Times: user=1.21 sys=0.00, real=0.27 secs] 
5542.435: [GC (Allocation Failure) [PSYoungGen: 232960K->185335K(465920K)] 465150K->417525K(1864192K), 0.0871492 secs] [Times: user=0.45 sys=0.01, real=0.09 secs] 
5542.634: [GC (Allocation Failure) [PSYoungGen: 418295K->183028K(465920K)] 650485K->473926K(1864192K), 0.0566635 secs] [Times: user=0.28 sys=0.00, real=0.06 secs] 
5543.634: [GC (Allocation Failure) [PSYoungGen: 415988K->98299K(465920K)] 706886K->458381K(1864192K), 0.0442430 secs] [Times: user=0.23 sys=0.00, real=0.04 secs] 
5544.511: [GC (Allocation Failure) [PSYoungGen: 331202K->169940K(465920K)] 691284K->561419K(1864192K), 0.0670837 secs] [Times: user=0.30 sys=0.01, real=0.06 secs] 
5544.780: [GC (Allocation Failure) [PSYoungGen: 402900K->181557K(465920K)] 794379K->626128K(1864192K), 0.0435326 secs] [Times: user=0.20 sys=0.00, real=0.04 secs] 
5544.933: [GC (Allocation Failure) [PSYoungGen: 399696K->172885K(465920K)] 844267K->680696K(1864192K), 0.0496611 secs] [Times: user=0.23 sys=0.01, real=0.05 secs] 
5545.865: [GC (Allocation Failure) [PSYoungGen: 405845K->168115K(401408K)] 913656K->730774K(1799680K), 0.0540802 secs] [Times: user=0.27 sys=0.00, real=0.05 secs] 
5546.144: [GC (Allocation Failure) [PSYoungGen: 401075K->112765K(461312K)] 963734K->739832K(1859584K), 0.0418335 secs] [Times: user=0.21 sys=0.00, real=0.04 secs] 
5547.082: [GC (Allocation Failure) [PSYoungGen: 336257K->170004K(463360K)] 963324K->832684K(1861632K), 0.0530068 secs] [Times: user=0.23 sys=0.00, real=0.05 secs] 
5547.320: [GC (Allocation Failure) [PSYoungGen: 400916K->179669K(464896K)] 1063596K->895633K(1863168K), 0.0600491 secs] [Times: user=0.28 sys=0.00, real=0.06 secs] 
5547.496: [GC (Allocation Failure) [PSYoungGen: 415189K->188725K(465408K)] 1131153K->959137K(1863680K), 0.0480893 secs] [Times: user=0.23 sys=0.00, real=0.05 secs] 
5548.557: [GC (Allocation Failure) [PSYoungGen: 424245K->102108K(465920K)] 1194657K->943668K(1864192K), 0.0469824 secs] [Times: user=0.24 sys=0.00, real=0.05 secs] 
5549.358: [GC (Allocation Failure) [PSYoungGen: 335068K->166324K(399360K)] 1176628K->1040705K(1797632K), 0.0943374 secs] [Times: user=0.47 sys=0.00, real=0.10 secs] 
5549.669: [GC (Allocation Failure) [PSYoungGen: 399284K->184662K(463872K)] 1273665K->1111187K(1862144K), 0.0510560 secs] [Times: user=0.24 sys=0.00, real=0.06 secs] 
5549.861: [GC (GCLocker Initiated GC) [PSYoungGen: 416598K->177494K(464896K)] 1343125K->1168117K(1863168K), 0.0658652 secs] [Times: user=0.33 sys=0.00, real=0.06 secs] 
5550.078: [GC (Allocation Failure) [PSYoungGen: 409430K->201109K(465408K)] 1400057K->1248360K(1863680K), 0.0772163 secs] [Times: user=0.39 sys=0.00, real=0.08 secs] 
5551.112: [GC (Allocation Failure) [PSYoungGen: 434069K->94379K(465920K)] 1481320K->1211430K(1864192K), 0.0433560 secs] [Times: user=0.23 sys=0.00, real=0.04 secs] 
5551.454: [GC (Allocation Failure) [PSYoungGen: 327339K->178261K(465920K)] 1444390K->1324949K(1864192K), 0.0574886 secs] [Times: user=0.26 sys=0.01, real=0.06 secs] 
5551.663: [GC (Allocation Failure) [PSYoungGen: 411221K->184726K(465920K)] 1557909K->1387626K(1864192K), 0.0469481 secs] [Times: user=0.21 sys=0.00, real=0.05 secs] 
5551.819: [GC (Allocation Failure) [PSYoungGen: 417686K->183764K(465920K)] 1620586K->1442520K(1864192K), 0.0482739 secs] [Times: user=0.22 sys=0.00, real=0.05 secs] 
5552.849: [GC (Allocation Failure) [PSYoungGen: 416724K->102524K(465920K)] 1675480K->1430668K(1864192K), 0.0481226 secs] [Times: user=0.25 sys=0.01, real=0.05 secs] 
5552.897: [Full GC (Ergonomics) [PSYoungGen: 102524K->0K(465920K)] [ParOldGen: 1328143K->89356K(1398272K)] 1430668K->89356K(1864192K), [Metaspace: 59616K->59616K(1105920K)], 0.0345848 secs] [Times: user=0.10 sys=0.00, real=0.04 secs] 
5553.169: [GC (Allocation Failure) [PSYoungGen: 232960K->168532K(465920K)] 322316K->257888K(1864192K), 0.0342258 secs] [Times: user=0.13 sys=0.00, real=0.04 secs] 
5553.422: [GC (Allocation Failure) [PSYoungGen: 401492K->180725K(465920K)] 490848K->323101K(1864192K), 0.0567136 secs] [Times: user=0.26 sys=0.01, real=0.05 secs] 
5553.605: [GC (Allocation Failure) [PSYoungGen: 413685K->182838K(465920K)] 556061K->388003K(1864192K), 0.0488141 secs] [Times: user=0.22 sys=0.00, real=0.05 secs] 
5553.815: [GC (Allocation Failure) [PSYoungGen: 415798K->186325K(465920K)] 620963K->449393K(1864192K), 0.0787676 secs] [Times: user=0.40 sys=0.00, real=0.08 secs] 
5554.841: [GC (Allocation Failure) [PSYoungGen: 419285K->89834K(465920K)] 682353K->423055K(1864192K), 0.0403079 secs] [Times: user=0.20 sys=0.00, real=0.04 secs] 
5555.170: [GC (Allocation Failure) [PSYoungGen: 322794K->178581K(465920K)] 656015K->540191K(1864192K), 0.0493801 secs] [Times: user=0.21 sys=0.00, real=0.05 secs] 
5555.394: [GC (Allocation Failure) [PSYoungGen: 411541K->184630K(465920K)] 773151K->602279K(1864192K), 0.0429502 secs] [Times: user=0.19 sys=0.00, real=0.04 secs] 
5555.549: [GC (Allocation Failure) [PSYoungGen: 417590K->186773K(465920K)] 835239K->660358K(1864192K), 0.0449092 secs] [Times: user=0.21 sys=0.00, real=0.05 secs] 
Heap
 PSYoungGen      total 465920K, used 402614K [0x00000000d5580000, 0x0000000100000000, 0x0000000100000000)
  eden space 23296