5.572: [GC (Allocation Failure) [PSYoungGen: 128000K->12468K(148992K)] 128000K->12556K(488960K), 0.0218926 secs] [Times: user=0.02 sys=0.01, real=0.02 secs] 
5.981: [GC (Metadata GC Threshold) [PSYoungGen: 48864K->6058K(148992K)] 48952K->6154K(488960K), 0.0044201 secs] [Times: user=0.02 sys=0.00, real=0.01 secs] 
5.985: [Full GC (Metadata GC Threshold) [PSYoungGen: 6058K->0K(148992K)] [ParOldGen: 96K->5939K(134144K)] 6154K->5939K(283136K), [Metaspace: 20449K->20449K(1067008K)], 0.0203594 secs] [Times: user=0.07 sys=0.01, real=0.02 secs] 
7.069: [GC (Allocation Failure) [PSYoungGen: 128000K->9847K(148992K)] 133939K->15794K(283136K), 0.0032468 secs] [Times: user=0.01 sys=0.00, real=0.00 secs] 
7.640: [GC (Metadata GC Threshold) [PSYoungGen: 38927K->4698K(148992K)] 44874K->10654K(283136K), 0.0030452 secs] [Times: user=0.01 sys=0.00, real=0.00 secs] 
7.643: [Full GC (Metadata GC Threshold) [PSYoungGen: 4698K->0K(148992K)] [ParOldGen: 5955K->8944K(221696K)] 10654K->8944K(370688K), [Metaspace: 33797K->33797K(1079296K)], 0.0269920 secs] [Times: user=0.08 sys=0.00, real=0.03 secs] 
9.030: [GC (Allocation Failure) [PSYoungGen: 128000K->12690K(148992K)] 136944K->21642K(370688K), 0.0058428 secs] [Times: user=0.02 sys=0.00, real=0.01 secs] 
9.858: [GC (Allocation Failure) [PSYoungGen: 140690K->12588K(185856K)] 149642K->54317K(407552K), 0.0107919 secs] [Times: user=0.04 sys=0.01, real=0.01 secs] 
10.734: [GC (Allocation Failure) [PSYoungGen: 175176K->4855K(186880K)] 216905K->112128K(408576K), 0.0118449 secs] [Times: user=0.05 sys=0.01, real=0.02 secs] 
11.493: [GC (Allocation Failure) [PSYoungGen: 163388K->4823K(266240K)] 270661K->177632K(487936K), 0.0149849 secs] [Times: user=0.07 sys=0.02, real=0.02 secs] 
11.508: [Full GC (Ergonomics) [PSYoungGen: 4823K->0K(266240K)] [ParOldGen: 172808K->159804K(512512K)] 177632K->159804K(778752K), [Metaspace: 52454K->52454K(1097728K)], 0.1081722 secs] [Times: user=0.47 sys=0.00, real=0.11 secs] 
12.273: [GC (Allocation Failure) [PSYoungGen: 249344K->1552K(266240K)] 409148K->259669K(778752K), 0.0090010 secs] [Times: user=0.04 sys=0.00, real=0.01 secs] 
12.950: [GC (Allocation Failure) [PSYoungGen: 250896K->17400K(325120K)] 509013K->276627K(837632K), 0.0038028 secs] [Times: user=0.01 sys=0.00, real=0.00 secs] 
14.034: [GC (Allocation Failure) [PSYoungGen: 325112K->1834K(328192K)] 584339K->261068K(840704K), 0.0024485 secs] [Times: user=0.01 sys=0.00, real=0.01 secs] 
16.149: [GC (Allocation Failure) [PSYoungGen: 309546K->1837K(372736K)] 568780K->261079K(885248K), 0.0036479 secs] [Times: user=0.02 sys=0.00, real=0.00 secs] 
18.599: [GC (Allocation Failure) [PSYoungGen: 363821K->1930K(381952K)] 623063K->261172K(894464K), 0.0019090 secs] [Times: user=0.01 sys=0.00, real=0.00 secs] 
21.106: [GC (Allocation Failure) [PSYoungGen: 363914K->1818K(416256K)] 623156K->261068K(928768K), 0.0018611 secs] [Times: user=0.01 sys=0.00, real=0.00 secs] 
22.972: [GC (Allocation Failure) [PSYoungGen: 407834K->1933K(425472K)] 667084K->261183K(937984K), 0.0025835 secs] [Times: user=0.01 sys=0.00, real=0.01 secs] 
24.347: [GC (Allocation Failure) [PSYoungGen: 407949K->4061K(458240K)] 667199K->263311K(970752K), 0.0026598 secs] [Times: user=0.01 sys=0.00, real=0.00 secs] 
27.780: [GC (Allocation Failure) [PSYoungGen: 448989K->2307K(462848K)] 708239K->261557K(975360K), 0.0023672 secs] [Times: user=0.00 sys=0.00, real=0.00 secs] 
29.852: [GC (Allocation Failure) [PSYoungGen: 447235K->2058K(479744K)] 706485K->261316K(992256K), 0.0026017 secs] [Times: user=0.01 sys=0.00, real=0.01 secs] 
32.329: [GC (Allocation Failure) [PSYoungGen: 467978K->2125K(482816K)] 727236K->261391K(995328K), 0.0037137 secs] [Times: user=0.02 sys=0.00, real=0.00 secs] 
34.074: [GC (Allocation Failure) [PSYoungGen: 468045K->2157K(500736K)] 727311K->261423K(1013248K), 0.0031388 secs] [Times: user=0.01 sys=0.01, real=0.01 secs] 
36.839: [GC (Allocation Failure) [PSYoungGen: 488557K->10333K(501760K)] 747823K->277791K(1014272K), 0.0091718 secs] [Times: user=0.03 sys=0.01, real=0.01 secs] 
40.404: [GC (Allocation Failure) [PSYoungGen: 496733K->10365K(523264K)] 764191K->277823K(1035776K), 0.0033936 secs] [Times: user=0.00 sys=0.01, real=0.01 secs] 
42.490: [GC (Allocation Failure) [PSYoungGen: 518269K->2186K(525312K)] 785727K->269644K(1037824K), 0.0020417 secs] [Times: user=0.01 sys=0.00, real=0.00 secs] 
44.665: [GC (Allocation Failure) [PSYoungGen: 510090K->2125K(539648K)] 777548K->269660K(1052160K), 0.0021704 secs] [Times: user=0.01 sys=0.01, real=0.00 secs] 
47.928: [GC (Allocation Failure) [PSYoungGen: 527949K->1821K(542208K)] 795484K->269618K(1054720K), 0.0020628 secs] [Times: user=0.01 sys=0.00, real=0.00 secs] 
51.300: [GC (Allocation Failure) [PSYoungGen: 527645K->1853K(548864K)] 795442K->269674K(1061376K), 0.0022461 secs] [Times: user=0.01 sys=0.00, real=0.00 secs] 
52.971: [GC (Allocation Failure) [PSYoungGen: 538429K->1885K(551424K)] 806250K->269762K(1063936K), 0.0018354 secs] [Times: user=0.00 sys=0.00, real=0.00 secs] 
57.061: [GC (Allocation Failure) [PSYoungGen: 538461K->1917K(557568K)] 806338K->269818K(1070080K), 0.0019706 secs] [Times: user=0.01 sys=0.00, real=0.00 secs] 
59.649: [GC (Allocation Failure) [PSYoungGen: 547709K->1917K(559616K)] 815610K->269858K(1072128K), 0.0019120 secs] [Times: user=0.01 sys=0.00, real=0.00 secs] 
62.591: [GC (Allocation Failure) [PSYoungGen: 547709K->1853K(566272K)] 815650K->269850K(1078784K), 0.0022347 secs] [Times: user=0.01 sys=0.00, real=0.00 secs] 
66.098: [GC (Allocation Failure) [PSYoungGen: 556349K->1853K(567296K)] 824346K->269898K(1079808K), 0.0019317 secs] [Times: user=0.00 sys=0.00, real=0.00 secs] 
68.506: [GC (Allocation Failure) [PSYoungGen: 556349K->1757K(573440K)] 824394K->269978K(1085952K), 0.0019562 secs] [Times: user=0.01 sys=0.00, real=0.00 secs] 
70.321: [GC (Allocation Failure) [PSYoungGen: 564445K->1693K(573952K)] 832666K->269946K(1086464K), 0.0020660 secs] [Times: user=0.01 sys=0.00, real=0.00 secs] 
75.177: [GC (Allocation Failure) [PSYoungGen: 564381K->1757K(578048K)] 832634K->270050K(1090560K), 0.0022069 secs] [Times: user=0.01 sys=0.00, real=0.00 secs] 
79.412: [GC (Allocation Failure) [PSYoungGen: 571101K->1696K(552960K)] 839394K->270029K(1065472K), 0.0022944 secs] [Times: user=0.01 sys=0.01, real=0.01 secs] 
82.427: [GC (Allocation Failure) [PSYoungGen: 552608K->1712K(535040K)] 820941K->270061K(1047552K), 0.0017165 secs] [Times: user=0.01 sys=0.00, real=0.00 secs] 
84.533: [GC (Allocation Failure) [PSYoungGen: 534704K->1741K(518144K)] 803053K->270098K(1030656K), 0.0019268 secs] [Times: user=0.01 sys=0.00, real=0.01 secs] 
87.644: [GC (Allocation Failure) [PSYoungGen: 517837K->1725K(501760K)] 786194K->270082K(1014272K), 0.0018895 secs] [Times: user=0.00 sys=0.00, real=0.01 secs] 
90.493: [GC (Allocation Failure) [PSYoungGen: 501437K->1709K(485888K)] 769794K->270106K(998400K), 0.0024714 secs] [Times: user=0.01 sys=0.00, real=0.01 secs] 
92.004: [GC (Allocation Failure) [PSYoungGen: 485549K->1696K(471040K)] 753946K->270109K(983552K), 0.0029560 secs] [Times: user=0.01 sys=0.00, real=0.01 secs] 
94.739: [GC (Allocation Failure) [PSYoungGen: 470688K->1680K(456704K)] 739101K->270133K(969216K), 0.0050499 secs] [Times: user=0.02 sys=0.00, real=0.00 secs] 
97.320: [GC (Allocation Failure) [PSYoungGen: 456336K->1696K(442880K)] 724789K->286557K(955392K), 0.0036945 secs] [Times: user=0.01 sys=0.00, real=0.00 secs] 
99.653: [GC (Allocation Failure) [PSYoungGen: 442528K->1728K(429568K)] 727389K->286637K(942080K), 0.0020232 secs] [Times: user=0.00 sys=0.00, real=0.01 secs] 
102.025: [GC (Allocation Failure) [PSYoungGen: 429248K->1629K(417280K)] 714157K->286546K(929792K), 0.0017504 secs] [Times: user=0.01 sys=0.00, real=0.00 secs] 
104.155: [GC (Allocation Failure) [PSYoungGen: 416861K->1584K(405504K)] 701778K->286517K(918016K), 0.0024939 secs] [Times: user=0.01 sys=0.00, real=0.00 secs] 
105.355: [GC (Allocation Failure) [PSYoungGen: 405040K->1664K(393728K)] 689973K->286637K(906240K), 0.0023949 secs] [Times: user=0.01 sys=0.00, real=0.00 secs] 
106.623: [GC (Allocation Failure) [PSYoungGen: 393344K->1709K(382464K)] 678317K->286706K(894976K), 0.0021163 secs] [Times: user=0.00 sys=0.00, real=0.01 secs] 
108.642: [GC (Allocation Failure) [PSYoungGen: 382125K->1565K(371712K)] 667122K->286602K(884224K), 0.0017857 secs] [Times: user=0.01 sys=0.00, real=0.00 secs] 
111.628: [GC (Allocation Failure) [PSYoungGen: 371229K->1600K(361472K)] 656266K->286653K(873984K), 0.0039595 secs] [Times: user=0.02 sys=0.00, real=0.00 secs] 
113.481: [GC (Allocation Failure) [PSYoungGen: 361024K->1712K(351744K)] 646077K->286781K(864256K), 0.0017924 secs] [Times: user=0.01 sys=0.00, real=0.00 secs] 
116.227: [GC (Allocation Failure) [PSYoungGen: 351408K->1533K(342016K)] 636477K->286618K(854528K), 0.0016839 secs] [Times: user=0.00 sys=0.00, real=0.00 secs] 
117.447: [GC (Allocation Failure) [PSYoungGen: 342013K->1616K(333312K)] 627098K->286717K(845824K), 0.0028019 secs] [Times: user=0.01 sys=0.00, real=0.00 secs] 
119.582: [GC (Allocation Failure) [PSYoungGen: 332880K->1565K(324608K)] 617981K->286674K(837120K), 0.0019322 secs] [Times: user=0.01 sys=0.00, real=0.00 secs] 
123.059: [GC (Allocation Failure) [PSYoungGen: 324125K->1504K(315904K)] 609234K->286629K(828416K), 0.0032184 secs] [Times: user=0.01 sys=0.00, real=0.00 secs] 
124.258: [GC (Allocation Failure) [PSYoungGen: 315872K->1664K(308224K)] 600997K->286797K(820736K), 0.0018777 secs] [Times: user=0.00 sys=0.00, real=0.00 secs] 
127.832: [GC (Allocation Failure) [PSYoungGen: 307840K->1517K(300032K)] 592973K->286682K(812544K), 0.0026843 secs] [Times: user=0.01 sys=0.00, real=0.01 secs] 
128.641: [GC (Allocation Failure) [PSYoungGen: 300013K->1664K(293376K)] 585178K->295045K(805888K), 0.0039029 secs] [Times: user=0.01 sys=0.00, real=0.01 secs] 
129.766: [GC (Allocation Failure) [PSYoungGen: 292992K->1549K(286208K)] 586373K->294939K(798720K), 0.0017389 secs] [Times: user=0.01 sys=0.00, real=0.00 secs] 
131.434: [GC (Allocation Failure) [PSYoungGen: 285709K->1600K(279552K)] 579099K->295005K(792064K), 0.0053064 secs] [Times: user=0.02 sys=0.00, real=0.00 secs] 
134.040: [GC (Allocation Failure) [PSYoungGen: 279104K->1517K(272384K)] 572509K->294939K(784896K), 0.0017042 secs] [Times: user=0.00 sys=0.00, real=0.00 secs] 
135.245: [GC (Allocation Failure) [PSYoungGen: 272365K->1536K(266752K)] 565787K->294965K(779264K), 0.0049451 secs] [Times: user=0.02 sys=0.00, real=0.00 secs] 
137.937: [GC (Allocation Failure) [PSYoungGen: 266240K->1517K(260096K)] 559669K->294946K(772608K), 0.0021024 secs] [Times: user=0.00 sys=0.00, real=0.00 secs] 
138.620: [GC (Allocation Failure) [PSYoungGen: 260077K->1568K(254976K)] 553506K->295005K(767488K), 0.0019161 secs] [Times: user=0.01 sys=0.00, real=0.00 secs] 
139.657: [GC (Allocation Failure) [PSYoungGen: 254496K->1533K(248832K)] 547933K->294978K(761344K), 0.0023563 secs] [Times: user=0.01 sys=0.00, real=0.00 secs] 
140.472: [GC (Allocation Failure) [PSYoungGen: 248829K->1600K(243712K)] 542274K->295053K(756224K), 0.0025067 secs] [Times: user=0.01 sys=0.00, real=0.01 secs] 
142.566: [GC (Allocation Failure) [PSYoungGen: 243264K->1408K(238080K)] 536717K->294885K(750592K), 0.0024958 secs] [Times: user=0.01 sys=0.00, real=0.00 secs] 
143.076: [GC (Allocation Failure) [PSYoungGen: 237952K->1725K(233472K)] 531429K->295202K(745984K), 0.0019577 secs] [Times: user=0.01 sys=0.00, real=0.00 secs] 
146.279: [GC (Allocation Failure) [PSYoungGen: 233149K->1472K(227840K)] 526626K->294973K(740352K), 0.0044638 secs] [Times: user=0.01 sys=0.00, real=0.00 secs] 
147.378: [GC (Allocation Failure) [PSYoungGen: 227776K->1597K(223744K)] 521277K->295098K(736256K), 0.0016667 secs] [Times: user=0.01 sys=0.00, real=0.00 secs] 
148.482: [GC (Allocation Failure) [PSYoungGen: 223293K->1536K(219136K)] 516794K->295037K(731648K), 0.0034411 secs] [Times: user=0.01 sys=0.00, real=0.01 secs] 
149.989: [GC (Allocation Failure) [PSYoungGen: 218624K->1517K(214016K)] 512125K->295059K(726528K), 0.0020808 secs] [Times: user=0.00 sys=0.00, real=0.00 secs] 
150.360: [GC (Allocation Failure) [PSYoungGen: 213997K->288K(208896K)] 507539K->293837K(721408K), 0.0016485 secs] [Times: user=0.01 sys=0.00, real=0.00 secs] 
152.931: [GC (Allocation Failure) [PSYoungGen: 208672K->1376K(206848K)] 502221K->294949K(719360K), 0.0030840 secs] [Times: user=0.01 sys=0.00, real=0.00 secs] 
153.957: [GC (Allocation Failure) [PSYoungGen: 205664K->1536K(202240K)] 499237K->295117K(714752K), 0.0017456 secs] [Times: user=0.00 sys=0.00, real=0.00 secs] 
154.874: [GC (Allocation Failure) [PSYoungGen: 201728K->1536K(198144K)] 495309K->295125K(710656K), 0.0021095 secs] [Times: user=0.01 sys=0.00, real=0.01 secs] 
156.590: [GC (Allocation Failure) [PSYoungGen: 197632K->1408K(194048K)] 491221K->294997K(706560K), 0.0025711 secs] [Times: user=0.01 sys=0.00, real=0.00 secs] 
157.111: [GC (Allocation Failure) [PSYoungGen: 193920K->1565K(190976K)] 487509K->295154K(703488K), 0.0017775 secs] [Times: user=0.01 sys=0.00, real=0.00 secs] 
157.748: [GC (Allocation Failure) [PSYoungGen: 190493K->1472K(186880K)] 484082K->295061K(699392K), 0.0020458 secs] [Times: user=0.01 sys=0.00, real=0.00 secs] 
159.315: [GC (Allocation Failure) [PSYoungGen: 186816K->1421K(183296K)] 480405K->295018K(695808K), 0.0021223 secs] [Times: user=0.01 sys=0.00, real=0.00 secs] 
159.665: [GC (Allocation Failure) [PSYoungGen: 183181K->1533K(180224K)] 476778K->295194K(692736K), 0.0017577 secs] [Times: user=0.01 sys=0.00, real=0.00 secs] 
160.665: [GC (Allocation Failure) [PSYoungGen: 180221K->1472K(177152K)] 473882K->295141K(689664K), 0.0022045 secs] [Times: user=0.01 sys=0.00, real=0.00 secs] 
162.514: [GC (Allocation Failure) [PSYoungGen: 177088K->1469K(174080K)] 470757K->295138K(686592K), 0.0037882 secs] [Times: user=0.02 sys=0.00, real=0.00 secs] 
162.922: [GC (Allocation Failure) [PSYoungGen: 174013K->1613K(171520K)] 467682K->295306K(684032K), 0.0018733 secs] [Times: user=0.01 sys=0.00, real=0.00 secs] 
163.887: [GC (Allocation Failure) [PSYoungGen: 171085K->416K(166912K)] 464778K->295133K(679424K), 0.0029796 secs] [Times: user=0.02 sys=0.00, real=0.00 secs] 
164.656: [GC (Allocation Failure) [PSYoungGen: 166816K->384K(164352K)] 461533K->295101K(676864K), 0.0019768 secs] [Times: user=0.01 sys=0.00, real=0.00 secs] 
165.169: [GC (Allocation Failure) [PSYoungGen: 164224K->1533K(162816K)] 458941K->296266K(675328K), 0.0016479 secs] [Times: user=0.01 sys=0.00, real=0.00 secs] 
165.784: [GC (Allocation Failure) [PSYoungGen: 162813K->1536K(160768K)] 457546K->296277K(673280K), 0.0020509 secs] [Times: user=0.01 sys=0.00, real=0.00 secs] 
166.687: [GC (Allocation Failure) [PSYoungGen: 160256K->1408K(157696K)] 454997K->296157K(670208K), 0.0021850 secs] [Times: user=0.01 sys=0.00, real=0.00 secs] 
167.211: [GC (Allocation Failure) [PSYoungGen: 157568K->1501K(155136K)] 452317K->296258K(667648K), 0.0026167 secs] [Times: user=0.01 sys=0.00, real=0.00 secs] 
167.568: [GC (Allocation Failure) [PSYoungGen: 155101K->1629K(153088K)] 449858K->296395K(665600K), 0.0017224 secs] [Times: user=0.01 sys=0.00, real=0.00 secs] 
168.142: [GC (Allocation Failure) [PSYoungGen: 152669K->1408K(150016K)] 447435K->296173K(662528K), 0.0022783 secs] [Times: user=0.01 sys=0.00, real=0.01 secs] 
168.795: [GC (Allocation Failure) [PSYoungGen: 149888K->1344K(147968K)] 444653K->296109K(660480K), 0.0021018 secs] [Times: user=0.01 sys=0.00, real=0.00 secs] 
169.483: [GC (Allocation Failure) [PSYoungGen: 147776K->1613K(146432K)] 442541K->296379K(658944K), 0.0017021 secs] [Times: user=0.00 sys=0.00, real=0.01 secs] 
169.831: [GC (Allocation Failure) [PSYoungGen: 145997K->512K(143360K)] 440763K->298357K(655872K), 0.0022698 secs] [Times: user=0.01 sys=0.00, real=0.00 secs] 
170.944: [GC (Allocation Failure) [PSYoungGen: 142848K->416K(140800K)] 440693K->298261K(653312K), 0.0027012 secs] [Times: user=0.01 sys=0.00, real=0.00 secs] 
173.199: [GC (Allocation Failure) [PSYoungGen: 140704K->1469K(139776K)] 438549K->299315K(652288K), 0.0032637 secs] [Times: user=0.01 sys=0.00, real=0.00 secs] 
173.577: [GC (Allocation Failure) [PSYoungGen: 139709K->1645K(138240K)] 437555K->299491K(650752K), 0.0018374 secs] [Times: user=0.00 sys=0.00, real=0.00 secs] 
173.998: [GC (Allocation Failure) [PSYoungGen: 137837K->1568K(136192K)] 435683K->303517K(648704K), 0.0026153 secs] [Times: user=0.01 sys=0.00, real=0.00 secs] 
174.618: [GC (Allocation Failure) [PSYoungGen: 135712K->1408K(133632K)] 437661K->303365K(646144K), 0.0021643 secs] [Times: user=0.00 sys=0.00, real=0.00 secs] 
175.167: [GC (Allocation Failure) [PSYoungGen: 133504K->1501K(131584K)] 435461K->303475K(644096K), 0.0021438 secs] [Times: user=0.01 sys=0.00, real=0.00 secs] 
175.401: [GC (Allocation Failure) [PSYoungGen: 131549K->1533K(130048K)] 433523K->303523K(642560K), 0.0016635 secs] [Times: user=0.00 sys=0.00, real=0.00 secs] 
175.686: [GC (Allocation Failure) [PSYoungGen: 130045K->1504K(128512K)] 432035K->303509K(641024K), 0.0020513 secs] [Times: user=0.01 sys=0.00, real=0.00 secs] 
176.213: [GC (Allocation Failure) [PSYoungGen: 128480K->1392K(126976K)] 430485K->303397K(639488K), 0.0019602 secs] [Times: user=0.01 sys=0.00, real=0.01 secs] 
176.734: [GC (Allocation Failure) [PSYoungGen: 126832K->1408K(125440K)] 428837K->303413K(637952K), 0.0019983 secs] [Times: user=0.01 sys=0.00, real=0.01 secs] 
177.077: [GC (Allocation Failure) [PSYoungGen: 125312K->1613K(124416K)] 427317K->303619K(636928K), 0.0016698 secs] [Times: user=0.01 sys=0.00, real=0.00 secs] 
177.291: [GC (Allocation Failure) [PSYoungGen: 123981K->589K(121856K)] 425987K->303627K(634368K), 0.0016313 secs] [Times: user=0.00 sys=0.00, real=0.00 secs] 
177.759: [GC (Allocation Failure) [PSYoungGen: 121421K->1408K(120832K)] 424459K->304445K(633344K), 0.0020175 secs] [Times: user=0.01 sys=0.01, real=0.00 secs] 
178.349: [GC (Allocation Failure) [PSYoungGen: 120704K->1408K(119296K)] 423741K->304445K(631808K), 0.0020323 secs] [Times: user=0.00 sys=0.00, real=0.00 secs] 
178.983: [GC (Allocation Failure) [PSYoungGen: 119168K->1517K(117760K)] 422205K->304579K(630272K), 0.0020100 secs] [Times: user=0.01 sys=0.00, real=0.01 secs] 
179.194: [GC (Allocation Failure) [PSYoungGen: 117741K->1520K(116224K)] 420803K->304597K(628736K), 0.0017122 secs] [Times: user=0.00 sys=0.00, real=0.01 secs] 
179.810: [GC (Allocation Failure) [PSYoungGen: 116208K->1504K(114688K)] 419285K->304581K(627200K), 0.0047068 secs] [Times: user=0.01 sys=0.00, real=0.01 secs] 
181.384: [GC (Allocation Failure) [PSYoungGen: 114656K->1408K(113152K)] 417733K->304485K(625664K), 0.0045388 secs] [Times: user=0.02 sys=0.00, real=0.00 secs] 
182.633: [GC (Allocation Failure) [PSYoungGen: 113024K->1376K(111616K)] 416101K->304469K(624128K), 0.0031667 secs] [Times: user=0.01 sys=0.00, real=0.01 secs] 
183.130: [GC (Allocation Failure) [PSYoungGen: 111456K->1533K(110592K)] 414549K->304651K(623104K), 0.0015914 secs] [Times: user=0.01 sys=0.00, real=0.00 secs] 
183.320: [GC (Allocation Failure) [PSYoungGen: 110589K->1549K(110080K)] 413707K->304667K(622592K), 0.0018016 secs] [Times: user=0.01 sys=0.00, real=0.00 secs] 
184.424: [GC (Allocation Failure) [PSYoungGen: 109581K->432K(107520K)] 412699K->304573K(620032K), 0.0041847 secs] [Times: user=0.01 sys=0.00, real=0.00 secs] 
185.769: [GC (Allocation Failure) [PSYoungGen: 107440K->384K(106496K)] 411581K->304525K(619008K), 0.0033270 secs] [Times: user=0.02 sys=0.00, real=0.00 secs] 
186.789: [GC (Allocation Failure) [PSYoungGen: 106368K->416K(105472K)] 410509K->304557K(617984K), 0.0029953 secs] [Times: user=0.01 sys=0.00, real=0.00 secs] 
187.446: [GC (Allocation Failure) [PSYoungGen: 105376K->1485K(106496K)] 409517K->305627K(619008K), 0.0015978 secs] [Times: user=0.01 sys=0.00, real=0.00 secs] 
187.627: [GC (Allocation Failure) [PSYoungGen: 105421K->1485K(104448K)] 409563K->305627K(616960K), 0.0017280 secs] [Times: user=0.01 sys=0.00, real=0.00 secs] 
188.040: [GC (Allocation Failure) [PSYoungGen: 104397K->1440K(103424K)] 408539K->305581K(615936K), 0.0021952 secs] [Times: user=0.01 sys=0.00, real=0.00 secs] 
188.464: [GC (Allocation Failure) [PSYoungGen: 103328K->1376K(102400K)] 407469K->305517K(614912K), 0.0021799 secs] [Times: user=0.01 sys=0.00, real=0.01 secs] 
189.157: [GC (Allocation Failure) [PSYoungGen: 102240K->1424K(101376K)] 406381K->305565K(613888K), 0.0021818 secs] [Times: user=0.01 sys=0.00, real=0.00 secs] 
189.865: [GC (Allocation Failure) [PSYoungGen: 101264K->1469K(100352K)] 405405K->305611K(612864K), 0.0016868 secs] [Times: user=0.01 sys=0.00, real=0.00 secs] 
190.038: [GC (Allocation Failure) [PSYoungGen: 100285K->1565K(99840K)] 404427K->305707K(612352K), 0.0016805 secs] [Times: user=0.01 sys=0.00, real=0.00 secs] 
190.207: [GC (Allocation Failure) [PSYoungGen: 99357K->1565K(98816K)] 403499K->305707K(611328K), 0.0017944 secs] [Times: user=0.01 sys=0.00, real=0.00 secs] 
190.614: [GC (Allocation Failure) [PSYoungGen: 98333K->1472K(97280K)] 402475K->305621K(609792K), 0.0020797 secs] [Times: user=0.01 sys=0.00, real=0.01 secs] 
191.012: [GC (Allocation Failure) [PSYoungGen: 97216K->1408K(96256K)] 401365K->305557K(608768K), 0.0020243 secs] [Times: user=0.01 sys=0.00, real=0.00 secs] 
191.574: [GC (Allocation Failure) [PSYoungGen: 96128K->1376K(95232K)] 400277K->305525K(607744K), 0.0021815 secs] [Times: user=0.01 sys=0.00, real=0.01 secs] 
191.807: [GC (Allocation Failure) [PSYoungGen: 95072K->1501K(94208K)] 399221K->305651K(606720K), 0.0016409 secs] [Times: user=0.01 sys=0.00, real=0.00 secs] 
191.968: [GC (Allocation Failure) [PSYoungGen: 94173K->1501K(93184K)] 398323K->305683K(605696K), 0.0016926 secs] [Times: user=0.00 sys=0.00, real=0.00 secs] 
192.177: [GC (Allocation Failure) [PSYoungGen: 93149K->960K(98816K)] 397331K->306173K(611328K), 0.0018275 secs] [Times: user=0.00 sys=0.00, real=0.00 secs] 
193.006: [GC (Allocation Failure) [PSYoungGen: 98752K->336K(97280K)] 403965K->305549K(609792K), 0.0017683 secs] [Times: user=0.00 sys=0.00, real=0.00 secs] 
193.998: [GC (Allocation Failure) [PSYoungGen: 97104K->352K(96256K)] 402317K->305565K(608768K), 0.0023356 secs] [Times: user=0.01 sys=0.00, real=0.00 secs] 
194.850: [GC (Allocation Failure) [PSYoungGen: 96096K->1437K(97280K)] 401309K->306651K(609792K), 0.0020417 secs] [Times: user=0.01 sys=0.00, real=0.00 secs] 
195.030: [GC (Allocation Failure) [PSYoungGen: 96157K->1517K(95232K)] 401371K->306731K(607744K), 0.0016639 secs] [Times: user=0.00 sys=0.00, real=0.00 secs] 
195.193: [GC (Allocation Failure) [PSYoungGen: 95213K->1501K(94208K)] 400427K->306715K(606720K), 0.0016673 secs] [Times: user=0.00 sys=0.00, real=0.01 secs] 
195.548: [GC (Allocation Failure) [PSYoungGen: 94173K->1472K(93184K)] 399387K->306685K(605696K), 0.0020898 secs] [Times: user=0.01 sys=0.00, real=0.00 secs] 
195.939: [GC (Allocation Failure) [PSYoungGen: 93120K->1440K(92160K)] 398333K->306653K(604672K), 0.0022207 secs] [Times: user=0.01 sys=0.00, real=0.00 secs] 
196.345: [GC (Allocation Failure) [PSYoungGen: 92064K->1424K(91136K)] 397277K->306637K(603648K), 0.0019810 secs] [Times: user=0.01 sys=0.00, real=0.00 secs] 
196.779: [GC (Allocation Failure) [PSYoungGen: 91024K->1485K(90112K)] 396237K->306699K(602624K), 0.0016545 secs] [Times: user=0.01 sys=0.00, real=0.00 secs] 
196.935: [GC (Allocation Failure) [PSYoungGen: 90061K->1504K(89088K)] 395275K->306725K(601600K), 0.0016650 secs] [Times: user=0.01 sys=0.00, real=0.00 secs] 
197.088: [GC (Allocation Failure) [PSYoungGen: 89056K->1501K(94720K)] 394277K->306723K(607232K), 0.0016181 secs] [Times: user=0.01 sys=0.00, real=0.00 secs] 
197.694: [GC (Allocation Failure) [PSYoungGen: 94685K->1424K(93696K)] 399907K->306645K(606208K), 0.0022616 secs] [Times: user=0.01 sys=0.00, real=0.00 secs] 
198.480: [GC (Allocation Failure) [PSYoungGen: 93584K->1408K(92672K)] 398805K->306637K(605184K), 0.0022776 secs] [Times: user=0.01 sys=0.00, real=0.00 secs] 
199.073: [GC (Allocation Failure) [PSYoungGen: 92544K->1344K(91648K)] 397773K->306573K(604160K), 0.0022080 secs] [Times: user=0.01 sys=0.00, real=0.01 secs] 
199.540: [GC (Allocation Failure) [PSYoungGen: 91456K->1440K(90624K)] 396685K->306669K(603136K), 0.0016228 secs] [Times: user=0.01 sys=0.00, real=0.00 secs] 
199.694: [GC (Allocation Failure) [PSYoungGen: 90528K->1501K(89600K)] 395757K->306731K(602112K), 0.0016239 secs] [Times: user=0.01 sys=0.00, real=0.00 secs] 
199.850: [GC (Allocation Failure) [PSYoungGen: 89565K->1485K(95232K)] 394795K->306715K(607744K), 0.0018045 secs] [Times: user=0.01 sys=0.01, real=0.00 secs] 
200.733: [GC (Allocation Failure) [PSYoungGen: 95181K->1472K(94208K)] 400411K->306725K(606720K), 0.0021211 secs] [Times: user=0.01 sys=0.00, real=0.01 secs] 
202.705: [GC (Allocation Failure) [PSYoungGen: 94144K->1408K(93184K)] 399397K->306661K(605696K), 0.0028632 secs] [Times: user=0.01 sys=0.00, real=0.00 secs] 
203.974: [GC (Allocation Failure) [PSYoungGen: 93056K->1408K(92160K)] 398309K->306661K(604672K), 0.0031017 secs] [Times: user=0.02 sys=0.00, real=0.01 secs] 
204.530: [GC (Allocation Failure) [PSYoungGen: 92032K->1501K(91136K)] 397285K->306771K(603648K), 0.0020694 secs] [Times: user=0.01 sys=0.00, real=0.00 secs] 
204.695: [GC (Allocation Failure) [PSYoungGen: 91101K->1517K(90112K)] 396371K->306787K(602624K), 0.0015619 secs] [Times: user=0.00 sys=0.00, real=0.00 secs] 
204.849: [GC (Allocation Failure) [PSYoungGen: 90093K->1501K(89088K)] 395363K->306771K(601600K), 0.0016606 secs] [Times: user=0.00 sys=0.00, real=0.00 secs] 
205.375: [GC (Allocation Failure) [PSYoungGen: 89053K->1408K(88064K)] 394323K->306685K(600576K), 0.0021163 secs] [Times: user=0.01 sys=0.00, real=0.00 secs] 
206.329: [GC (Allocation Failure) [PSYoungGen: 87936K->1408K(87552K)] 393213K->306685K(600064K), 0.0034463 secs] [Times: user=0.01 sys=0.00, real=0.00 secs] 
207.350: [GC (Allocation Failure) [PSYoungGen: 87424K->1408K(87040K)] 392701K->306685K(599552K), 0.0037011 secs] [Times: user=0.02 sys=0.00, real=0.00 secs] 
208.350: [GC (Allocation Failure) [PSYoungGen: 86912K->1469K(86528K)] 392189K->306747K(599040K), 0.0025694 secs] [Times: user=0.01 sys=0.00, real=0.00 secs] 
208.552: [GC (Allocation Failure) [PSYoungGen: 86461K->1533K(86016K)] 391739K->306811K(598528K), 0.0015884 secs] [Times: user=0.01 sys=0.00, real=0.00 secs] 
208.700: [GC (Allocation Failure) [PSYoungGen: 86013K->1485K(85504K)] 391291K->306763K(598016K), 0.0016552 secs] [Times: user=0.01 sys=0.00, real=0.00 secs] 
209.270: [GC (Allocation Failure) [PSYoungGen: 85453K->1472K(84992K)] 390731K->306749K(597504K), 0.0024085 secs] [Times: user=0.01 sys=0.00, real=0.00 secs] 
209.617: [GC (Allocation Failure) [PSYoungGen: 84928K->1408K(84480K)] 390205K->306685K(596992K), 0.0022227 secs] [Times: user=0.01 sys=0.00, real=0.00 secs] 
209.997: [GC (Allocation Failure) [PSYoungGen: 84352K->1360K(83968K)] 389629K->306637K(596480K), 0.0020635 secs] [Times: user=0.01 sys=0.00, real=0.00 secs] 
210.341: [GC (Allocation Failure) [PSYoungGen: 83792K->1376K(83456K)] 389069K->306661K(595968K), 0.0022536 secs] [Times: user=0.01 sys=0.00, real=0.00 secs] 
210.604: [GC (Allocation Failure) [PSYoungGen: 83296K->1517K(82944K)] 388581K->306803K(595456K), 0.0015432 secs] [Times: user=0.01 sys=0.00, real=0.01 secs] 
210.747: [GC (Allocation Failure) [PSYoungGen: 82925K->1501K(88064K)] 388211K->306787K(600576K), 0.0016822 secs] [Times: user=0.01 sys=0.00, real=0.00 secs] 
210.899: [GC (Allocation Failure) [PSYoungGen: 88029K->1469K(94208K)] 393315K->306787K(606720K), 0.0015804 secs] [Times: user=0.01 sys=0.00, real=0.00 secs] 
211.737: [GC (Allocation Failure) [PSYoungGen: 94141K->1376K(93184K)] 399459K->306693K(605696K), 0.0024909 secs] [Times: user=0.01 sys=0.00, real=0.00 secs] 
212.556: [GC (Allocation Failure) [PSYoungGen: 93024K->1392K(92160K)] 398341K->306709K(604672K), 0.0023859 secs] [Times: user=0.01 sys=0.00, real=0.00 secs] 
213.324: [GC (Allocation Failure) [PSYoungGen: 92016K->1376K(91136K)] 397333K->306701K(603648K), 0.0024890 secs] [Times: user=0.00 sys=0.00, real=0.00 secs] 
213.594: [GC (Allocation Failure) [PSYoungGen: 90976K->1501K(90112K)] 396301K->306827K(602624K), 0.0015316 secs] [Times: user=0.00 sys=0.00, real=0.00 secs] 
213.751: [GC (Allocation Failure) [PSYoungGen: 90077K->1488K(89088K)] 395403K->306814K(601600K), 0.0016650 secs] [Times: user=0.01 sys=0.00, real=0.00 secs] 
213.903: [GC (Allocation Failure) [PSYoungGen: 89040K->1472K(95232K)] 394366K->306797K(607744K), 0.0016886 secs] [Times: user=0.01 sys=0.00, real=0.01 secs] 
215.866: [GC (Allocation Failure) [PSYoungGen: 95168K->1472K(94208K)] 400493K->306797K(606720K), 0.0050546 secs] [Times: user=0.02 sys=0.00, real=0.00 secs] 
216.902: [GC (Allocation Failure) [PSYoungGen: 94144K->1440K(93184K)] 399469K->306765K(605696K), 0.0033872 secs] [Times: user=0.01 sys=0.00, real=0.01 secs] 
218.050: [GC (Allocation Failure) [PSYoungGen: 93088K->1408K(92160K)] 398413K->306749K(604672K), 0.0046606 secs] [Times: user=0.01 sys=0.00, real=0.01 secs] 
218.535: [GC (Allocation Failure) [PSYoungGen: 92032K->1517K(91136K)] 397373K->306859K(603648K), 0.0018782 secs] [Times: user=0.01 sys=0.00, real=0.00 secs] 
218.704: [GC (Allocation Failure) [PSYoungGen: 91117K->1488K(90112K)] 396459K->306829K(602624K), 0.0016519 secs] [Times: user=0.01 sys=0.00, real=0.00 secs] 
218.862: [GC (Allocation Failure) [PSYoungGen: 90064K->1517K(89088K)] 395405K->306891K(601600K), 0.0016324 secs] [Times: user=0.01 sys=0.00, real=0.00 secs] 
219.922: [GC (Allocation Failure) [PSYoungGen: 89069K->1472K(88064K)] 394443K->306845K(600576K), 0.0050425 secs] [Times: user=0.02 sys=0.00, real=0.01 secs] 
220.752: [GC (Allocation Failure) [PSYoungGen: 88000K->1424K(87552K)] 393373K->306797K(600064K), 0.0025051 secs] [Times: user=0.01 sys=0.00, real=0.01 secs] 
221.109: [GC (Allocation Failure) [PSYoungGen: 87440K->1408K(87040K)] 392813K->306781K(599552K), 0.0022562 secs] [Times: user=0.01 sys=0.00, real=0.00 secs] 
221.382: [GC (Allocation Failure) [PSYoungGen: 86910K->1485K(86528K)] 392284K->306859K(599040K), 0.0015946 secs] [Times: user=0.01 sys=0.00, real=0.00 secs] 
221.530: [GC (Allocation Failure) [PSYoungGen: 86477K->1517K(86016K)] 391851K->306891K(598528K), 0.0016876 secs] [Times: user=0.01 sys=0.00, real=0.00 secs] 
221.679: [GC (Allocation Failure) [PSYoungGen: 85997K->1517K(91648K)] 391371K->306923K(604160K), 0.0015233 secs] [Times: user=0.01 sys=0.00, real=0.00 secs] 
222.221: [GC (Allocation Failure) [PSYoungGen: 91629K->1440K(90624K)] 397035K->306853K(603136K), 0.0020763 secs] [Times: user=0.00 sys=0.00, real=0.00 secs] 
222.998: [GC (Allocation Failure) [PSYoungGen: 90528K->1408K(89600K)] 395941K->306821K(602112K), 0.0044472 secs] [Times: user=0.02 sys=0.00, real=0.00 secs] 
223.380: [GC (Allocation Failure) [PSYoungGen: 89472K->1376K(88576K)] 394885K->306789K(601088K), 0.0022863 secs] [Times: user=0.01 sys=0.00, real=0.00 secs] 
224.113: [GC (Allocation Failure) [PSYoungGen: 88416K->1453K(88064K)] 393829K->306891K(600576K), 0.0021587 secs] [Times: user=0.01 sys=0.01, real=0.01 secs] 
224.283: [GC (Allocation Failure) [PSYoungGen: 87981K->1533K(87552K)] 393419K->306971K(600064K), 0.0018937 secs] [Times: user=0.01 sys=0.00, real=0.01 secs] 
224.435: [GC (Allocation Failure) [PSYoungGen: 87549K->1501K(93696K)] 392987K->306947K(606208K), 0.0016053 secs] [Times: user=0.00 sys=0.00, real=0.00 secs] 
224.875: [GC (Allocation Failure) [PSYoungGen: 93661K->1472K(92672K)] 399107K->306917K(605184K), 0.0019470 secs] [Times: user=0.01 sys=0.00, real=0.00 secs] 
225.295: [GC (Allocation Failure) [PSYoungGen: 92608K->1408K(91648K)] 398053K->306853K(604160K), 0.0018290 secs] [Times: user=0.00 sys=0.00, real=0.00 secs] 
225.669: [GC (Allocation Failure) [PSYoungGen: 91520K->1440K(90624K)] 396965K->306885K(603136K), 0.0019493 secs] [Times: user=0.01 sys=0.00, real=0.00 secs] 
226.042: [GC (Allocation Failure) [PSYoungGen: 90528K->1485K(89600K)] 395973K->306939K(602112K), 0.0015459 secs] [Times: user=0.00 sys=0.00, real=0.00 secs] 
226.198: [GC (Allocation Failure) [PSYoungGen: 89549K->1469K(88576K)] 395003K->306923K(601088K), 0.0016877 secs] [Times: user=0.01 sys=0.00, real=0.00 secs] 
226.349: [GC (Allocation Failure) [PSYoungGen: 88509K->1469K(94208K)] 393963K->306923K(606720K), 0.0015366 secs] [Times: user=0.01 sys=0.00, real=0.00 secs] 
227.511: [GC (Allocation Failure) [PSYoungGen: 94141K->1472K(93184K)] 399595K->306933K(605696K), 0.0046528 secs] [Times: user=0.02 sys=0.00, real=0.01 secs] 
228.487: [GC (Allocation Failure) [PSYoungGen: 93120K->1408K(92160K)] 398581K->306869K(604672K), 0.0031445 secs] [Times: user=0.01 sys=0.00, real=0.00 secs] 
228.898: [GC (Allocation Failure) [PSYoungGen: 92032K->1440K(91136K)] 397493K->306901K(603648K), 0.0020120 secs] [Times: user=0.01 sys=0.00, real=0.00 secs] 
229.341: [GC (Allocation Failure) [PSYoungGen: 91040K->1421K(90112K)] 396501K->306891K(602624K), 0.0015034 secs] [Times: user=0.01 sys=0.00, real=0.00 secs] 
229.497: [GC (Allocation Failure) [PSYoungGen: 89997K->1533K(89088K)] 395467K->307003K(601600K), 0.0016222 secs] [Times: user=0.00 sys=0.00, real=0.00 secs] 
229.651: [GC (Allocation Failure) [PSYoungGen: 89085K->1501K(88064K)] 394555K->306971K(600576K), 0.0015474 secs] [Times: user=0.01 sys=0.00, real=0.00 secs] 
230.630: [GC (Allocation Failure) [PSYoungGen: 88029K->1440K(87552K)] 393499K->306909K(600064K), 0.0035973 secs] [Times: user=0.01 sys=0.00, real=0.00 secs] 
231.572: [GC (Allocation Failure) [PSYoungGen: 87456K->1376K(87040K)] 392925K->306845K(599552K), 0.0026929 secs] [Times: user=0.01 sys=0.00, real=0.01 secs] 
232.358: [GC (Allocation Failure) [PSYoungGen: 86880K->1408K(86528K)] 392349K->306909K(599040K), 0.0027734 secs] [Times: user=0.00 sys=0.00, real=0.00 secs] 
232.944: [GC (Allocation Failure) [PSYoungGen: 86400K->1421K(86016K)] 391901K->306923K(598528K), 0.0024671 secs] [Times: user=0.01 sys=0.00, real=0.01 secs] 
233.198: [GC (Allocation Failure) [PSYoungGen: 85901K->1485K(85504K)] 391403K->306987K(598016K), 0.0021481 secs] [Times: user=0.01 sys=0.00, real=0.00 secs] 
233.356: [GC (Allocation Failure) [PSYoungGen: 85453K->1485K(84992K)] 390955K->306987K(597504K), 0.0017117 secs] [Times: user=0.01 sys=0.00, real=0.00 secs] 
233.560: [GC (Allocation Failure) [PSYoungGen: 84941K->1552K(84992K)] 390443K->307053K(597504K), 0.0017516 secs] [Times: user=0.01 sys=0.00, real=0.00 secs] 
234.034: [GC (Allocation Failure) [PSYoungGen: 84496K->368K(82944K)] 389997K->306893K(595456K), 0.0021798 secs] [Times: user=0.01 sys=0.00, real=0.01 secs] 
234.430: [GC (Allocation Failure) [PSYoungGen: 82800K->384K(83968K)] 389325K->306909K(596480K), 0.0021231 secs] [Times: user=0.01 sys=0.00, real=0.00 secs] 
235.068: [GC (Allocation Failure) [PSYoungGen: 82304K->384K(81920K)] 388829K->306917K(594432K), 0.0026071 secs] [Times: user=0.01 sys=0.00, real=0.00 secs] 
235.523: [GC (Allocation Failure) [PSYoungGen: 81792K->1453K(82944K)] 388325K->307987K(595456K), 0.0019364 secs] [Times: user=0.01 sys=0.00, real=0.01 secs] 
235.670: [GC (Allocation Failure) [PSYoungGen: 82349K->1469K(81920K)] 388883K->308003K(594432K), 0.0018200 secs] [Times: user=0.00 sys=0.00, real=0.00 secs] 
235.809: [GC (Allocation Failure) [PSYoungGen: 81853K->1533K(87552K)] 388387K->308067K(600064K), 0.0017491 secs] [Times: user=0.01 sys=0.00, real=0.00 secs] 
236.128: [GC (Allocation Failure) [PSYoungGen: 87549K->1408K(93696K)] 394083K->307941K(606208K), 0.0019520 secs] [Times: user=0.00 sys=0.00, real=0.00 secs] 
236.510: [GC (Allocation Failure) [PSYoungGen: 93568K->1408K(92672K)] 400101K->307941K(605184K), 0.0021226 secs] [Times: user=0.00 sys=0.00, real=0.00 secs] 
236.894: [GC (Allocation Failure) [PSYoungGen: 92544K->1392K(91648K)] 399077K->307925K(604160K), 0.0021247 secs] [Times: user=0.01 sys=0.00, real=0.01 secs] 
237.310: [GC (Allocation Failure) [PSYoungGen: 91504K->1501K(90624K)] 398037K->308035K(603136K), 0.0016219 secs] [Times: user=0.00 sys=0.00, real=0.00 secs] 
237.465: [GC (Allocation Failure) [PSYoungGen: 90589K->1501K(89600K)] 397123K->308035K(602112K), 0.0015972 secs] [Times: user=0.01 sys=0.00, real=0.00 secs] 
237.647: [GC (Allocation Failure) [PSYoungGen: 89565K->1517K(95744K)] 396099K->308051K(608256K), 0.0019189 secs] [Times: user=0.01 sys=0.00, real=0.00 secs] 
237.979: [GC (Allocation Failure) [PSYoungGen: 95725K->1408K(94720K)] 402259K->307941K(607232K), 0.0022283 secs] [Times: user=0.01 sys=0.00, real=0.00 secs] 
238.390: [GC (Allocation Failure) [PSYoungGen: 94592K->1408K(93696K)] 401125K->307941K(606208K), 0.0022006 secs] [Times: user=0.01 sys=0.00, real=0.00 secs] 
238.788: [GC (Allocation Failure) [PSYoungGen: 93568K->1376K(92672K)] 400101K->307917K(605184K), 0.0021604 secs] [Times: user=0.01 sys=0.00, real=0.00 secs] 
239.126: [GC (Allocation Failure) [PSYoungGen: 92512K->1485K(91648K)] 399053K->308027K(604160K), 0.0016735 secs] [Times: user=0.01 sys=0.00, real=0.00 secs] 
239.285: [GC (Allocation Failure) [PSYoungGen: 91597K->1485K(90624K)] 398139K->308051K(603136K), 0.0015084 secs] [Times: user=0.01 sys=0.00, real=0.00 secs] 
239.442: [GC (Allocation Failure) [PSYoungGen: 90573K->1485K(96768K)] 397139K->308051K(609280K), 0.0016136 secs] [Times: user=0.01 sys=0.00, real=0.00 secs] 
240.612: [GC (Allocation Failure) [PSYoungGen: 96717K->1408K(95744K)] 403283K->307973K(608256K), 0.0021772 secs] [Times: user=0.01 sys=0.00, real=0.00 secs] 
241.791: [GC (Allocation Failure) [PSYoungGen: 95616K->1392K(94720K)] 402181K->307957K(607232K), 0.0026548 secs] [Times: user=0.01 sys=0.00, real=0.00 secs] 
242.819: [GC (Allocation Failure) [PSYoungGen: 94576K->1376K(93696K)] 401141K->307941K(606208K), 0.0027059 secs] [Times: user=0.01 sys=0.01, real=0.00 secs] 
243.476: [GC (Allocation Failure) [PSYoungGen: 93536K->1469K(92672K)] 400101K->308035K(605184K), 0.0020108 secs] [Times: user=0.01 sys=0.00, real=0.00 secs] 
243.641: [GC (Allocation Failure) [PSYoungGen: 92591K->1533K(91648K)] 399157K->308099K(604160K), 0.0015314 secs] [Times: user=0.00 sys=0.00, real=0.00 secs] 
243.798: [GC (Allocation Failure) [PSYoungGen: 91645K->1501K(90624K)] 398211K->308067K(603136K), 0.0017153 secs] [Times: user=0.01 sys=0.00, real=0.00 secs] 
244.186: [GC (Allocation Failure) [PSYoungGen: 90589K->1472K(89600K)] 397155K->308037K(602112K), 0.0018901 secs] [Times: user=0.01 sys=0.00, real=0.00 secs] 
244.612: [GC (Allocation Failure) [PSYoungGen: 89536K->1408K(88576K)] 396101K->307973K(601088K), 0.0019738 secs] [Times: user=0.00 sys=0.01, real=0.00 secs] 
245.293: [GC (Allocation Failure) [PSYoungGen: 88448K->1376K(88064K)] 395013K->307941K(600576K), 0.0020662 secs] [Times: user=0.01 sys=0.00, real=0.01 secs] 
245.744: [GC (Allocation Failure) [PSYoungGen: 87887K->1501K(87552K)] 394453K->308067K(600064K), 0.0017304 secs] [Times: user=0.01 sys=0.00, real=0.00 secs] 
245.895: [GC (Allocation Failure) [PSYoungGen: 87517K->1533K(87040K)] 394083K->308099K(599552K), 0.0015504 secs] [Times: user=0.01 sys=0.00, real=0.00 secs] 
246.045: [GC (Allocation Failure) [PSYoungGen: 87037K->1453K(86528K)] 393603K->308019K(599040K), 0.0016175 secs] [Times: user=0.00 sys=0.00, real=0.00 secs] 
247.267: [GC (Allocation Failure) [PSYoungGen: 86445K->1424K(86016K)] 393011K->307989K(598528K), 0.0045780 secs] [Times: user=0.02 sys=0.00, real=0.00 secs] 
248.097: [GC (Allocation Failure) [PSYoungGen: 85904K->1408K(85504K)] 392469K->307973K(598016K), 0.0024550 secs] [Times: user=0.01 sys=0.00, real=0.00 secs] 
248.892: [GC (Allocation Failure) [PSYoungGen: 85376K->1376K(84992K)] 391941K->307941K(597504K), 0.0020205 secs] [Times: user=0.01 sys=0.00, real=0.00 secs] 
249.680: [GC (Allocation Failure) [PSYoungGen: 84832K->1485K(84480K)] 391397K->308051K(596992K), 0.0027243 secs] [Times: user=0.01 sys=0.01, real=0.00 secs] 
249.883: [GC (Allocation Failure) [PSYoungGen: 84429K->1533K(83968K)] 390995K->308099K(596480K), 0.0016235 secs] [Times: user=0.01 sys=0.00, real=0.01 secs] 
250.027: [GC (Allocation Failure) [PSYoungGen: 83965K->1469K(83456K)] 390531K->308035K(595968K), 0.0016340 secs] [Times: user=0.01 sys=0.00, real=0.00 secs] 
250.220: [GC (Allocation Failure) [PSYoungGen: 83389K->928K(82432K)] 389955K->308517K(594944K), 0.0019511 secs] [Times: user=0.01 sys=0.00, real=0.00 secs] 
250.610: [GC (Allocation Failure) [PSYoungGen: 82336K->320K(81408K)] 389925K->307909K(593920K), 0.0019849 secs] [Times: user=0.01 sys=0.00, real=0.00 secs] 
250.961: [GC (Allocation Failure) [PSYoungGen: 81216K->352K(80896K)] 388805K->307941K(593408K), 0.0022141 secs] [Times: user=0.01 sys=0.00, real=0.00 secs] 
251.359: [GC (Allocation Failure) [PSYoungGen: 80736K->336K(81920K)] 388325K->307925K(594432K), 0.0020813 secs] [Times: user=0.01 sys=0.00, real=0.00 secs] 
251.676: [GC (Allocation Failure) [PSYoungGen: 80208K->1437K(80896K)] 387797K->309059K(593408K), 0.0015852 secs] [Times: user=0.00 sys=0.00, real=0.00 secs] 
251.839: [GC (Allocation Failure) [PSYoungGen: 80797K->1517K(80384K)] 388419K->309139K(592896K), 0.0020165 secs] [Times: user=0.01 sys=0.00, real=0.00 secs] 
252.018: [GC (Allocation Failure) [PSYoungGen: 80365K->1533K(86016K)] 387987K->309155K(598528K), 0.0020905 secs] [Times: user=0.00 sys=0.00, real=0.00 secs] 
252.320: [GC (Allocation Failure) [PSYoungGen: 86013K->1440K(92160K)] 393635K->309061K(604672K), 0.0023000 secs] [Times: user=0.01 sys=0.00, real=0.00 secs] 
252.734: [GC (Allocation Failure) [PSYoungGen: 92064K->1424K(91136K)] 399685K->309045K(603648K), 0.0022464 secs] [Times: user=0.01 sys=0.00, real=0.01 secs] 
253.272: [GC (Allocation Failure) [PSYoungGen: 91024K->1440K(90112K)] 398645K->309085K(602624K), 0.0022252 secs] [Times: user=0.01 sys=0.00, real=0.00 secs] 
253.939: [GC (Allocation Failure) [PSYoungGen: 90016K->1453K(89088K)] 397661K->309107K(601600K), 0.0022883 secs] [Times: user=0.01 sys=0.00, real=0.00 secs] 
254.110: [GC (Allocation Failure) [PSYoungGen: 89005K->1488K(88064K)] 396659K->309150K(600576K), 0.0016823 secs] [Times: user=0.01 sys=0.00, real=0.00 secs] 
254.261: [GC (Allocation Failure) [PSYoungGen: 88016K->1533K(87552K)] 395678K->309203K(600064K), 0.0016745 secs] [Times: user=0.01 sys=0.00, real=0.00 secs] 
254.731: [GC (Allocation Failure) [PSYoungGen: 87549K->1472K(87040K)] 395219K->309141K(599552K), 0.0020321 secs] [Times: user=0.01 sys=0.00, real=0.00 secs] 
255.806: [GC (Allocation Failure) [PSYoungGen: 86976K->1408K(86528K)] 394645K->309077K(599040K), 0.0041498 secs] [Times: user=0.02 sys=0.00, real=0.00 secs] 
256.810: [GC (Allocation Failure) [PSYoungGen: 86400K->1408K(86016K)] 394069K->309093K(598528K), 0.0033155 secs] [Times: user=0.02 sys=0.00, real=0.00 secs] 
257.543: [GC (Allocation Failure) [PSYoungGen: 85888K->1376K(85504K)] 393573K->309061K(598016K), 0.0030963 secs] [Times: user=0.01 sys=0.01, real=0.01 secs] 
257.787: [GC (Allocation Failure) [PSYoungGen: 85344K->1517K(84992K)] 393029K->309203K(597504K), 0.0016189 secs] [Times: user=0.01 sys=0.00, real=0.00 secs] 
257.933: [GC (Allocation Failure) [PSYoungGen: 84973K->1501K(84480K)] 392659K->309187K(596992K), 0.0016071 secs] [Times: user=0.01 sys=0.00, real=0.01 secs] 
258.079: [GC (Allocation Failure) [PSYoungGen: 84445K->1472K(83968K)] 392131K->309158K(596480K), 0.0016938 secs] [Times: user=0.01 sys=0.00, real=0.00 secs] 
258.917: [GC (Allocation Failure) [PSYoungGen: 83904K->1440K(83456K)] 391590K->309133K(595968K), 0.0021093 secs] [Times: user=0.01 sys=0.00, real=0.00 secs] 
259.409: [GC (Allocation Failure) [PSYoungGen: 83360K->1344K(82944K)] 391053K->309037K(595456K), 0.0023718 secs] [Times: user=0.01 sys=0.00, real=0.00 secs] 
259.748: [GC (Allocation Failure) [PSYoungGen: 82752K->1408K(82432K)] 390445K->309101K(594944K), 0.0021689 secs] [Times: user=0.00 sys=0.00, real=0.00 secs] 
260.054: [GC (Allocation Failure) [PSYoungGen: 82304K->1501K(81920K)] 389997K->309195K(594432K), 0.0017125 secs] [Times: user=0.01 sys=0.00, real=0.00 secs] 
260.194: [GC (Allocation Failure) [PSYoungGen: 81885K->1533K(81408K)] 389579K->309227K(593920K), 0.0016328 secs] [Times: user=0.01 sys=0.00, real=0.00 secs] 
260.334: [GC (Allocation Failure) [PSYoungGen: 81405K->1485K(87552K)] 389099K->309187K(600064K), 0.0016999 secs] [Times: user=0.01 sys=0.00, real=0.01 secs] 
260.719: [GC (Allocation Failure) [PSYoungGen: 87501K->1504K(87040K)] 395203K->309205K(599552K), 0.0019166 secs] [Times: user=0.01 sys=0.00, real=0.00 secs] 
261.379: [GC (Allocation Failure) [PSYoungGen: 87008K->1344K(86528K)] 394709K->309045K(599040K), 0.0041485 secs] [Times: user=0.02 sys=0.00, real=0.00 secs] 
261.839: [GC (Allocation Failure) [PSYoungGen: 86336K->1376K(86016K)] 394037K->309093K(598528K), 0.0020865 secs] [Times: user=0.01 sys=0.00, real=0.00 secs] 
262.231: [GC (Allocation Failure) [PSYoungGen: 85856K->1440K(85504K)] 393573K->309157K(598016K), 0.0020102 secs] [Times: user=0.00 sys=0.00, real=0.00 secs] 
262.407: [GC (Allocation Failure) [PSYoungGen: 85408K->1501K(84992K)] 393125K->309219K(597504K), 0.0015828 secs] [Times: user=0.01 sys=0.00, real=0.00 secs] 
262.552: [GC (Allocation Failure) [PSYoungGen: 84957K->1501K(84480K)] 392675K->309219K(596992K), 0.0016767 secs] [Times: user=0.01 sys=0.00, real=0.00 secs] 
262.698: [GC (Allocation Failure) [PSYoungGen: 84445K->1533K(90624K)] 392163K->309251K(603136K), 0.0016678 secs] [Times: user=0.01 sys=0.00, real=0.00 secs] 
263.121: [GC (Allocation Failure) [PSYoungGen: 90621K->1472K(89600K)] 398339K->309189K(602112K), 0.0022040 secs] [Times: user=0.00 sys=0.00, real=0.00 secs] 
263.551: [GC (Allocation Failure) [PSYoungGen: 89536K->1376K(88576K)] 397253K->309093K(601088K), 0.0021207 secs] [Times: user=0.01 sys=0.00, real=0.00 secs] 
263.911: [GC (Allocation Failure) [PSYoungGen: 88416K->1392K(88064K)] 396133K->309133K(600576K), 0.0021959 secs] [Times: user=0.01 sys=0.00, real=0.00 secs] 
264.191: [GC (Allocation Failure) [PSYoungGen: 87920K->1485K(87552K)] 395661K->309227K(600064K), 0.0015734 secs] [Times: user=0.01 sys=0.00, real=0.00 secs] 
264.342: [GC (Allocation Failure) [PSYoungGen: 87501K->1517K(87040K)] 395243K->309259K(599552K), 0.0015560 secs] [Times: user=0.01 sys=0.00, real=0.00 secs] 
264.491: [GC (Allocation Failure) [PSYoungGen: 87021K->1517K(93184K)] 394763K->309291K(605696K), 0.0016490 secs] [Times: user=0.01 sys=0.00, real=0.00 secs] 
264.887: [GC (Allocation Failure) [PSYoungGen: 93165K->1472K(92160K)] 400939K->309245K(604672K), 0.0021829 secs] [Times: user=0.01 sys=0.00, real=0.00 secs] 
265.307: [GC (Allocation Failure) [PSYoungGen: 92096K->1376K(91136K)] 399869K->309149K(603648K), 0.0018296 secs] [Times: user=0.00 sys=0.00, real=0.00 secs] 
265.704: [GC (Allocation Failure) [PSYoungGen: 90976K->1392K(90112K)] 398749K->309165K(602624K), 0.0021574 secs] [Times: user=0.01 sys=0.00, real=0.00 secs] 
266.373: [GC (Allocation Failure) [PSYoungGen: 89968K->1469K(89088K)] 397741K->309243K(601600K), 0.0026632 secs] [Times: user=0.01 sys=0.00, real=0.01 secs] 
266.567: [GC (Allocation Failure) [PSYoungGen: 89021K->1469K(88064K)] 396795K->309243K(600576K), 0.0016777 secs] [Times: user=0.01 sys=0.00, real=0.00 secs] 
266.720: [GC (Allocation Failure) [PSYoungGen: 87997K->1501K(87552K)] 395771K->309275K(600064K), 0.0016806 secs] [Times: user=0.01 sys=0.00, real=0.00 secs] 
267.451: [GC (Allocation Failure) [PSYoungGen: 87517K->1440K(87040K)] 395291K->309213K(599552K), 0.0048325 secs] [Times: user=0.02 sys=0.00, real=0.01 secs] 
268.492: [GC (Allocation Failure) [PSYoungGen: 86944K->1376K(86528K)] 394717K->309149K(599040K), 0.0029728 secs] [Times: user=0.02 sys=0.00, real=0.01 secs] 
269.241: [GC (Allocation Failure) [PSYoungGen: 86368K->1408K(86016K)] 394141K->309181K(598528K), 0.0028485 secs] [Times: user=0.01 sys=0.00, real=0.00 secs] 
269.849: [GC (Allocation Failure) [PSYoungGen: 85888K->1472K(85504K)] 393661K->309246K(598016K), 0.0022304 secs] [Times: user=0.01 sys=0.00, real=0.00 secs] 
270.016: [GC (Allocation Failure) [PSYoungGen: 85440K->1533K(84992K)] 393214K->309315K(597504K), 0.0016214 secs] [Times: user=0.01 sys=0.00, real=0.00 secs] 
270.162: [GC (Allocation Failure) [PSYoungGen: 84989K->1488K(84480K)] 392771K->309270K(596992K), 0.0016074 secs] [Times: user=0.01 sys=0.00, real=0.00 secs] 
270.474: [GC (Allocation Failure) [PSYoungGen: 84432K->1456K(83968K)] 392214K->309237K(596480K), 0.0020559 secs] [Times: user=0.01 sys=0.00, real=0.01 secs] 
271.191: [GC (Allocation Failure) [PSYoungGen: 83888K->1408K(83456K)] 391669K->309189K(595968K), 0.0017299 secs] [Times: user=0.01 sys=0.00, real=0.00 secs] 
271.952: [GC (Allocation Failure) [PSYoungGen: 83328K->1376K(82944K)] 391109K->309173K(595456K), 0.0036100 secs] [Times: user=0.01 sys=0.00, real=0.01 secs] 
272.293: [GC (Allocation Failure) [PSYoungGen: 82784K->1408K(82432K)] 390581K->309213K(594944K), 0.0020217 secs] [Times: user=0.01 sys=0.00, real=0.01 secs] 
272.498: [GC (Allocation Failure) [PSYoungGen: 82304K->1549K(82432K)] 390109K->309355K(594944K), 0.0016573 secs] [Times: user=0.00 sys=0.00, real=0.00 secs] 
272.662: [GC (Allocation Failure) [PSYoungGen: 81933K->480K(80384K)] 389739K->309310K(592896K), 0.0019626 secs] [Times: user=0.01 sys=0.00, real=0.00 secs] 
272.837: [GC (Allocation Failure) [PSYoungGen: 80352K->464K(87552K)] 389182K->309294K(600064K), 0.0016670 secs] [Times: user=0.00 sys=0.01, real=0.00 secs] 
274.127: [GC (Allocation Failure) [PSYoungGen: 85968K->1376K(86528K)] 394798K->310205K(599040K), 0.0042244 secs] [Times: user=0.01 sys=0.00, real=0.00 secs] 
275.188: [GC (Allocation Failure) [PSYoungGen: 86368K->1376K(86016K)] 395197K->310205K(598528K), 0.0030283 secs] [Times: user=0.01 sys=0.00, real=0.00 secs] 
276.382: [GC (Allocation Failure) [PSYoungGen: 85856K->1424K(85504K)] 394685K->310253K(598016K), 0.0033675 secs] [Times: user=0.01 sys=0.00, real=0.01 secs] 
277.288: [GC (Allocation Failure) [PSYoungGen: 85366K->1501K(84992K)] 394195K->310331K(597504K), 0.0025255 secs] [Times: user=0.01 sys=0.01, real=0.00 secs] 
277.480: [GC (Allocation Failure) [PSYoungGen: 84957K->1485K(84480K)] 393787K->310315K(596992K), 0.0015781 secs] [Times: user=0.00 sys=0.00, real=0.00 secs] 
277.625: [GC (Allocation Failure) [PSYoungGen: 84429K->1549K(84480K)] 393259K->310387K(596992K), 0.0016970 secs] [Times: user=0.00 sys=0.00, real=0.00 secs] 
277.937: [GC (Allocation Failure) [PSYoungGen: 83981K->416K(82432K)] 392819K->310277K(594944K), 0.0021627 secs] [Times: user=0.01 sys=0.00, real=0.00 secs] 
278.623: [GC (Allocation Failure) [PSYoungGen: 82336K->352K(81920K)] 392197K->310213K(594432K), 0.0031088 secs] [Times: user=0.01 sys=0.01, real=0.01 secs] 
279.201: [GC (Allocation Failure) [PSYoungGen: 81760K->384K(81408K)] 391621K->310245K(593920K), 0.0023922 secs] [Times: user=0.01 sys=0.00, real=0.00 secs] 
279.877: [GC (Allocation Failure) [PSYoungGen: 81280K->352K(82944K)] 391141K->310213K(595456K), 0.0022240 secs] [Times: user=0.01 sys=0.00, real=0.00 secs] 
280.269: [GC (Allocation Failure) [PSYoungGen: 80736K->1501K(81408K)] 390597K->311363K(593920K), 0.0017653 secs] [Times: user=0.00 sys=0.00, real=0.00 secs] 
280.410: [GC (Allocation Failure) [PSYoungGen: 81373K->1517K(80896K)] 391235K->311379K(593408K), 0.0016678 secs] [Times: user=0.01 sys=0.00, real=0.00 secs] 
280.573: [GC (Allocation Failure) [PSYoungGen: 80877K->1485K(80384K)] 390739K->311347K(592896K), 0.0019229 secs] [Times: user=0.01 sys=0.00, real=0.01 secs] 
281.116: [GC (Allocation Failure) [PSYoungGen: 80333K->1440K(79872K)] 390195K->311301K(592384K), 0.0022822 secs] [Times: user=0.01 sys=0.00, real=0.00 secs] 
282.181: [GC (Allocation Failure) [PSYoungGen: 79776K->1376K(79360K)] 389637K->311237K(591872K), 0.0040973 secs] [Times: user=0.02 sys=0.00, real=0.01 secs] 
282.923: [GC (Allocation Failure) [PSYoungGen: 79200K->1440K(78848K)] 389061K->311317K(591360K), 0.0027570 secs] [Times: user=0.01 sys=0.00, real=0.01 secs] 
283.770: [GC (Allocation Failure) [PSYoungGen: 78752K->1392K(78336K)] 388629K->311285K(590848K), 0.0024146 secs] [Times: user=0.01 sys=0.00, real=0.00 secs] 
284.017: [GC (Allocation Failure) [PSYoungGen: 78192K->1469K(77824K)] 388085K->311363K(590336K), 0.0016269 secs] [Times: user=0.01 sys=0.00, real=0.00 secs] 
284.150: [GC (Allocation Failure) [PSYoungGen: 77757K->1501K(77312K)] 387651K->311395K(589824K), 0.0017134 secs] [Times: user=0.00 sys=0.00, real=0.00 secs] 
284.284: [GC (Allocation Failure) [PSYoungGen: 77277K->1517K(76800K)] 387171K->311411K(589312K), 0.0015788 secs] [Times: user=0.00 sys=0.00, real=0.01 secs] 
285.500: [GC (Allocation Failure) [PSYoungGen: 76781K->1408K(76288K)] 386675K->311301K(588800K), 0.0030357 secs] [Times: user=0.01 sys=0.00, real=0.00 secs] 
286.240: [GC (Allocation Failure) [PSYoungGen: 76160K->1440K(75776K)] 386053K->311341K(588288K), 0.0029207 secs] [Times: user=0.02 sys=0.00, real=0.00 secs] 
287.127: [GC (Allocation Failure) [PSYoungGen: 75680K->1440K(75264K)] 385581K->311341K(587776K), 0.0033652 secs] [Times: user=0.02 sys=0.00, real=0.00 secs] 
288.025: [GC (Allocation Failure) [PSYoungGen: 75168K->1360K(74752K)] 385069K->311261K(587264K), 0.0023323 secs] [Times: user=0.01 sys=0.00, real=0.00 secs] 
288.383: [GC (Allocation Failure) [PSYoungGen: 74576K->1485K(74240K)] 384477K->311387K(586752K), 0.0019236 secs] [Times: user=0.01 sys=0.00, real=0.01 secs] 
288.553: [GC (Allocation Failure) [PSYoungGen: 74189K->1485K(73728K)] 384091K->311387K(586240K), 0.0020898 secs] [Times: user=0.01 sys=0.00, real=0.01 secs] 
288.713: [GC (Allocation Failure) [PSYoungGen: 73677K->1504K(73216K)] 383579K->311438K(585728K), 0.0019314 secs] [Times: user=0.00 sys=0.00, real=0.01 secs] 
289.042: [GC (Allocation Failure) [PSYoungGen: 73184K->1440K(72704K)] 383118K->311373K(585216K), 0.0021973 secs] [Times: user=0.01 sys=0.00, real=0.00 secs] 
289.776: [GC (Allocation Failure) [PSYoungGen: 72608K->1344K(72192K)] 382541K->311277K(584704K), 0.0027769 secs] [Times: user=0.01 sys=0.00, real=0.00 secs] 
290.427: [GC (Allocation Failure) [PSYoungGen: 72000K->1376K(71680K)] 381933K->311309K(584192K), 0.0025795 secs] [Times: user=0.01 sys=0.00, real=0.00 secs] 
291.034: [GC (Allocation Failure) [PSYoungGen: 71520K->1328K(71168K)] 381453K->311261K(583680K), 0.0023695 secs] [Times: user=0.01 sys=0.00, real=0.01 secs] 
291.659: [GC (Allocation Failure) [PSYoungGen: 70960K->1504K(70656K)] 380893K->311438K(583168K), 0.0033351 secs] [Times: user=0.01 sys=0.00, real=0.00 secs] 
291.879: [GC (Allocation Failure) [PSYoungGen: 70624K->1533K(70144K)] 380558K->311467K(582656K), 0.0020567 secs] [Times: user=0.01 sys=0.00, real=0.00 secs] 
292.032: [GC (Allocation Failure) [PSYoungGen: 70141K->1517K(69632K)] 380075K->311451K(582144K), 0.0020559 secs] [Times: user=0.00 sys=0.00, real=0.01 secs] 
292.181: [GC (Allocation Failure) [PSYoungGen: 69613K->1485K(74752K)] 379547K->311419K(587264K), 0.0016676 secs] [Times: user=0.01 sys=0.00, real=0.00 secs] 
292.419: [GC (Allocation Failure) [PSYoungGen: 74701K->1440K(80384K)] 384635K->311397K(592896K), 0.0026639 secs] [Times: user=0.01 sys=0.00, real=0.00 secs] 
292.749: [GC (Allocation Failure) [PSYoungGen: 80288K->1376K(86016K)] 390245K->311333K(598528K), 0.0020344 secs] [Times: user=0.01 sys=0.00, real=0.00 secs] 
293.100: [GC (Allocation Failure) [PSYoungGen: 85856K->1408K(85504K)] 395813K->311365K(598016K), 0.0022603 secs] [Times: user=0.01 sys=0.00, real=0.00 secs] 
293.449: [GC (Allocation Failure) [PSYoungGen: 85376K->1408K(84992K)] 395333K->311365K(597504K), 0.0020755 secs] [Times: user=0.01 sys=0.00, real=0.00 secs] 
293.683: [GC (Allocation Failure) [PSYoungGen: 84864K->1501K(84480K)] 394821K->311467K(596992K), 0.0023199 secs] [Times: user=0.01 sys=0.00, real=0.01 secs] 
293.857: [GC (Allocation Failure) [PSYoungGen: 84445K->1501K(90624K)] 394411K->311467K(603136K), 0.0015439 secs] [Times: user=0.01 sys=0.00, real=0.00 secs] 
294.010: [GC (Allocation Failure) [PSYoungGen: 90589K->1469K(97280K)] 400555K->311435K(609792K), 0.0016825 secs] [Times: user=0.00 sys=0.00, real=0.00 secs] 
295.928: [GC (Allocation Failure) [PSYoungGen: 97213K->1440K(96256K)] 407179K->311405K(608768K), 0.0043025 secs] [Times: user=0.01 sys=0.00, real=0.00 secs] 
296.933: [GC (Allocation Failure) [PSYoungGen: 96160K->1408K(95232K)] 406125K->311373K(607744K), 0.0024445 secs] [Times: user=0.01 sys=0.00, real=0.01 secs] 
297.703: [GC (Allocation Failure) [PSYoungGen: 95104K->1360K(94208K)] 405069K->311325K(606720K), 0.0036783 secs] [Times: user=0.01 sys=0.00, real=0.01 secs] 
298.040: [GC (Allocation Failure) [PSYoungGen: 94032K->1469K(93184K)] 403997K->311435K(605696K), 0.0017484 secs] [Times: user=0.00 sys=0.00, real=0.00 secs] 
298.200: [GC (Allocation Failure) [PSYoungGen: 93117K->1456K(92160K)] 403083K->311422K(604672K), 0.0018037 secs] [Times: user=0.00 sys=0.00, real=0.00 secs] 
298.480: [GC (Allocation Failure) [PSYoungGen: 92080K->1408K(91136K)] 402046K->311373K(603648K), 0.0025129 secs] [Times: user=0.01 sys=0.00, real=0.00 secs] 
299.037: [GC (Allocation Failure) [PSYoungGen: 91008K->1344K(90112K)] 400973K->311309K(602624K), 0.0020214 secs] [Times: user=0.01 sys=0.00, real=0.00 secs] 
300.122: [GC (Allocation Failure) [PSYoungGen: 89920K->1376K(89088K)] 399885K->311341K(601600K), 0.0026329 secs] [Times: user=0.01 sys=0.00, real=0.01 secs] 
301.602: [GC (Allocation Failure) [PSYoungGen: 88928K->1424K(88064K)] 398893K->311398K(600576K), 0.0037326 secs] [Times: user=0.02 sys=0.00, real=0.01 secs] 
301.856: [GC (Allocation Failure) [PSYoungGen: 87952K->1504K(87552K)] 397926K->311486K(600064K), 0.0018507 secs] [Times: user=0.01 sys=0.00, real=0.00 secs] 
302.008: [GC (Allocation Failure) [PSYoungGen: 87520K->1501K(87040K)] 397502K->311483K(599552K), 0.0016950 secs] [Times: user=0.00 sys=0.00, real=0.00 secs] 
302.160: [GC (Allocation Failure) [PSYoungGen: 86672K->288K(85504K)] 396654K->310269K(598016K), 0.0016630 secs] [Times: user=0.01 sys=0.00, real=0.00 secs] 
302.765: [GC (Allocation Failure) [PSYoungGen: 85280K->1376K(86016K)] 395261K->311365K(598528K), 0.0020416 secs] [Times: user=0.01 sys=0.00, real=0.00 secs] 
303.116: [GC (Allocation Failure) [PSYoungGen: 85856K->1376K(85504K)] 395845K->311365K(598016K), 0.0021235 secs] [Times: user=0.01 sys=0.00, real=0.00 secs] 
303.464: [GC (Allocation Failure) [PSYoungGen: 85344K->1408K(84992K)] 395333K->311397K(597504K), 0.0021604 secs] [Times: user=0.01 sys=0.00, real=0.00 secs] 
303.706: [GC (Allocation Failure) [PSYoungGen: 84864K->1472K(84480K)] 394853K->311486K(596992K), 0.0016785 secs] [Times: user=0.01 sys=0.00, real=0.00 secs] 
303.853: [GC (Allocation Failure) [PSYoungGen: 84416K->1533K(83968K)] 394430K->311547K(596480K), 0.0016411 secs] [Times: user=0.00 sys=0.00, real=0.01 secs] 
304.020: [GC (Allocation Failure) [PSYoungGen: 83965K->1453K(90112K)] 393979K->311467K(602624K), 0.0020587 secs] [Times: user=0.01 sys=0.00, real=0.00 secs] 
305.516: [GC (Allocation Failure) [PSYoungGen: 90029K->1440K(89088K)] 400043K->311453K(601600K), 0.0039291 secs] [Times: user=0.01 sys=0.00, real=0.00 secs] 
306.715: [GC (Allocation Failure) [PSYoungGen: 88992K->1408K(88064K)] 399005K->311421K(600576K), 0.0033923 secs] [Times: user=0.02 sys=0.00, real=0.00 secs] 
307.490: [GC (Allocation Failure) [PSYoungGen: 87936K->1440K(87552K)] 397949K->311453K(600064K), 0.0024081 secs] [Times: user=0.01 sys=0.00, real=0.00 secs] 
308.391: [GC (Allocation Failure) [PSYoungGen: 87456K->1469K(87040K)] 397469K->311483K(599552K), 0.0026513 secs] [Times: user=0.01 sys=0.01, real=0.00 secs] 
308.593: [GC (Allocation Failure) [PSYoungGen: 86973K->1501K(86528K)] 396987K->311515K(599040K), 0.0015305 secs] [Times: user=0.01 sys=0.01, real=0.01 secs] 
308.742: [GC (Allocation Failure) [PSYoungGen: 86493K->1533K(86016K)] 396507K->311563K(598528K), 0.0017336 secs] [Times: user=0.00 sys=0.00, real=0.00 secs] 
309.197: [GC (Allocation Failure) [PSYoungGen: 86013K->1408K(85504K)] 396043K->311437K(598016K), 0.0018359 secs] [Times: user=0.00 sys=0.00, real=0.00 secs] 
310.488: [GC (Allocation Failure) [PSYoungGen: 85376K->1408K(84992K)] 395405K->311437K(597504K), 0.0032956 secs] [Times: user=0.01 sys=0.00, real=0.00 secs] 
311.427: [GC (Allocation Failure) [PSYoungGen: 84864K->1376K(84480K)] 394893K->311405K(596992K), 0.0020680 secs] [Times: user=0.01 sys=0.00, real=0.00 secs] 
312.710: [GC (Allocation Failure) [PSYoungGen: 84320K->1376K(83968K)] 394349K->311405K(596480K), 0.0026232 secs] [Times: user=0.01 sys=0.00, real=0.00 secs] 
312.953: [GC (Allocation Failure) [PSYoungGen: 83808K->1517K(83456K)] 393837K->311547K(595968K), 0.0016570 secs] [Times: user=0.01 sys=0.00, real=0.01 secs] 
313.096: [GC (Allocation Failure) [PSYoungGen: 83437K->1488K(82944K)] 393467K->311518K(595456K), 0.0017248 secs] [Times: user=0.01 sys=0.00, real=0.00 secs] 
313.262: [GC (Allocation Failure) [PSYoungGen: 82896K->1517K(82432K)] 392926K->311547K(594944K), 0.0018206 secs] [Times: user=0.01 sys=0.00, real=0.00 secs] 
314.172: [GC (Allocation Failure) [PSYoungGen: 82413K->1376K(81920K)] 392443K->311405K(594432K), 0.0035169 secs] [Times: user=0.01 sys=0.00, real=0.01 secs] 
314.968: [GC (Allocation Failure) [PSYoungGen: 81760K->1440K(81408K)] 391789K->311469K(593920K), 0.0040227 secs] [Times: user=0.01 sys=0.00, real=0.00 secs] 
315.660: [GC (Allocation Failure) [PSYoungGen: 81312K->1408K(80896K)] 391341K->311453K(593408K), 0.0028150 secs] [Times: user=0.01 sys=0.00, real=0.00 secs] 
316.286: [GC (Allocation Failure) [PSYoungGen: 80768K->1437K(80384K)] 390813K->311483K(592896K), 0.0025361 secs] [Times: user=0.01 sys=0.00, real=0.00 secs] 
316.477: [GC (Allocation Failure) [PSYoungGen: 80285K->1533K(79872K)] 390331K->311579K(592384K), 0.0017153 secs] [Times: user=0.01 sys=0.00, real=0.00 secs] 
316.615: [GC (Allocation Failure) [PSYoungGen: 79869K->1533K(79360K)] 389915K->311579K(591872K), 0.0015929 secs] [Times: user=0.01 sys=0.00, real=0.00 secs] 
316.796: [GC (Allocation Failure) [PSYoungGen: 78870K->224K(83968K)] 388916K->310269K(596480K), 0.0021209 secs] [Times: user=0.00 sys=0.00, real=0.00 secs] 
318.397: [GC (Allocation Failure) [PSYoungGen: 83680K->1360K(84480K)] 393725K->311405K(596992K), 0.0022985 secs] [Times: user=0.01 sys=0.00, real=0.00 secs] 
318.742: [GC (Allocation Failure) [PSYoungGen: 84304K->1376K(83968K)] 394349K->311421K(596480K), 0.0023357 secs] [Times: user=0.01 sys=0.00, real=0.01 secs] 
319.097: [GC (Allocation Failure) [PSYoungGen: 83808K->1376K(83456K)] 393853K->311421K(595968K), 0.0021888 secs] [Times: user=0.01 sys=0.00, real=0.00 secs] 
319.340: [GC (Allocation Failure) [PSYoungGen: 83296K->1501K(82944K)] 393341K->311547K(595456K), 0.0016757 secs] [Times: user=0.01 sys=0.00, real=0.00 secs] 
319.484: [GC (Allocation Failure) [PSYoungGen: 82909K->1504K(82432K)] 392955K->311550K(594944K), 0.0016464 secs] [Times: user=0.01 sys=0.00, real=0.01 secs] 
319.627: [GC (Allocation Failure) [PSYoungGen: 82400K->1469K(88576K)] 392446K->311515K(601088K), 0.0015975 secs] [Times: user=0.00 sys=0.00, real=0.00 secs] 
320.063: [GC (Allocation Failure) [PSYoungGen: 88509K->1440K(88064K)] 398555K->311493K(600576K), 0.0020924 secs] [Times: user=0.00 sys=0.00, real=0.01 secs] 
320.793: [GC (Allocation Failure) [PSYoungGen: 87968K->1408K(87552K)] 398021K->311461K(600064K), 0.0019755 secs] [Times: user=0.01 sys=0.01, real=0.01 secs] 
321.526: [GC (Allocation Failure) [PSYoungGen: 87424K->1376K(87040K)] 397477K->311429K(599552K), 0.0020131 secs] [Times: user=0.01 sys=0.00, real=0.00 secs] 
322.036: [GC (Allocation Failure) [PSYoungGen: 86880K->1485K(86528K)] 396933K->311555K(599040K), 0.0020017 secs] [Times: user=0.01 sys=0.00, real=0.00 secs] 
322.196: [GC (Allocation Failure) [PSYoungGen: 86477K->1517K(86016K)] 396547K->311587K(598528K), 0.0014740 secs] [Times: user=0.00 sys=0.00, real=0.00 secs] 
322.345: [GC (Allocation Failure) [PSYoungGen: 85997K->1485K(85504K)] 396067K->311555K(598016K), 0.0016931 secs] [Times: user=0.01 sys=0.00, real=0.00 secs] 
324.012: [GC (Allocation Failure) [PSYoungGen: 85453K->1472K(84992K)] 395523K->311541K(597504K), 0.0041296 secs] [Times: user=0.01 sys=0.00, real=0.01 secs] 
324.634: [GC (Allocation Failure) [PSYoungGen: 84928K->1408K(84480K)] 394997K->311477K(596992K), 0.0019948 secs] [Times: user=0.01 sys=0.00, real=0.00 secs] 
324.987: [GC (Allocation Failure) [PSYoungGen: 84352K->1408K(83968K)] 394421K->311477K(596480K), 0.0020486 secs] [Times: user=0.01 sys=0.00, real=0.00 secs] 
325.329: [GC (Allocation Failure) [PSYoungGen: 83840K->1424K(83456K)] 393909K->311509K(595968K), 0.0021861 secs] [Times: user=0.01 sys=0.00, real=0.00 secs] 
325.554: [GC (Allocation Failure) [PSYoungGen: 83344K->1485K(82944K)] 393429K->311571K(595456K), 0.0016396 secs] [Times: user=0.01 sys=0.00, real=0.01 secs] 
325.697: [GC (Allocation Failure) [PSYoungGen: 82893K->1501K(82432K)] 392979K->311587K(594944K), 0.0016781 secs] [Times: user=0.01 sys=0.00, real=0.00 secs] 
325.838: [GC (Allocation Failure) [PSYoungGen: 82397K->1440K(88576K)] 392483K->311526K(601088K), 0.0016553 secs] [Times: user=0.01 sys=0.00, real=0.00 secs] 
326.770: [GC (Allocation Failure) [PSYoungGen: 88480K->1440K(88064K)] 398566K->311525K(600576K), 0.0030568 secs] [Times: user=0.02 sys=0.00, real=0.00 secs] 
327.792: [GC (Allocation Failure) [PSYoungGen: 87968K->1376K(87552K)] 398053K->311461K(600064K), 0.0038355 secs] [Times: user=0.02 sys=0.00, real=0.01 secs] 
328.585: [GC (Allocation Failure) [PSYoungGen: 87392K->1408K(87040K)] 397477K->311517K(599552K), 0.0029397 secs] [Times: user=0.01 sys=0.00, real=0.00 secs] 
329.223: [GC (Allocation Failure) [PSYoungGen: 86912K->1469K(86528K)] 397021K->311579K(599040K), 0.0022850 secs] [Times: user=0.01 sys=0.00, real=0.01 secs] 
329.400: [GC (Allocation Failure) [PSYoungGen: 86461K->1469K(86016K)] 396571K->311579K(598528K), 0.0016610 secs] [Times: user=0.01 sys=0.00, real=0.00 secs] 
329.549: [GC (Allocation Failure) [PSYoungGen: 85949K->1501K(85504K)] 396059K->311611K(598016K), 0.0016686 secs] [Times: user=0.01 sys=0.00, real=0.00 secs] 
330.002: [GC (Allocation Failure) [PSYoungGen: 85469K->1440K(84992K)] 395579K->311549K(597504K), 0.0023274 secs] [Times: user=0.01 sys=0.00, real=0.01 secs] 
331.050: [GC (Allocation Failure) [PSYoungGen: 84896K->1424K(84480K)] 395005K->311533K(596992K), 0.0033695 secs] [Times: user=0.01 sys=0.00, real=0.00 secs] 
331.739: [GC (Allocation Failure) [PSYoungGen: 84368K->1392K(83968K)] 394477K->311501K(596480K), 0.0024186 secs] [Times: user=0.01 sys=0.00, real=0.00 secs] 
333.160: [GC (Allocation Failure) [PSYoungGen: 83824K->1376K(83456K)] 393933K->311509K(595968K), 0.0026398 secs] [Times: user=0.01 sys=0.00, real=0.00 secs] 
333.428: [GC (Allocation Failure) [PSYoungGen: 83296K->1488K(82944K)] 393429K->311622K(595456K), 0.0016572 secs] [Times: user=0.01 sys=0.00, real=0.00 secs] 
333.572: [GC (Allocation Failure) [PSYoungGen: 82896K->1517K(82432K)] 393030K->311651K(594944K), 0.0017458 secs] [Times: user=0.00 sys=0.00, real=0.00 secs] 
333.714: [GC (Allocation Failure) [PSYoungGen: 82413K->1501K(81920K)] 392547K->311635K(594432K), 0.0017682 secs] [Times: user=0.01 sys=0.00, real=0.00 secs] 
334.717: [GC (Allocation Failure) [PSYoungGen: 81885K->1408K(81408K)] 392019K->311549K(593920K), 0.0028604 secs] [Times: user=0.01 sys=0.00, real=0.00 secs] 
336.401: [GC (Allocation Failure) [PSYoungGen: 81280K->1408K(80896K)] 391421K->311549K(593408K), 0.0044822 secs] [Times: user=0.02 sys=0.00, real=0.01 secs] 
337.394: [GC (Allocation Failure) [PSYoungGen: 80768K->1424K(80384K)] 390909K->311573K(592896K), 0.0032163 secs] [Times: user=0.01 sys=0.01, real=0.01 secs] 
338.028: [GC (Allocation Failure) [PSYoungGen: 80272K->1485K(79872K)] 390421K->311635K(592384K), 0.0024755 secs] [Times: user=0.01 sys=0.00, real=0.00 secs] 
338.208: [GC (Allocation Failure) [PSYoungGen: 79821K->1533K(79360K)] 389971K->311683K(591872K), 0.0017730 secs] [Times: user=0.01 sys=0.00, real=0.00 secs] 
338.367: [GC (Allocation Failure) [PSYoungGen: 79357K->1517K(78848K)] 389507K->311667K(591360K), 0.0018953 secs] [Times: user=0.01 sys=0.00, real=0.00 secs] 
338.524: [GC (Allocation Failure) [PSYoungGen: 78829K->1517K(78336K)] 388979K->311699K(590848K), 0.0016414 secs] [Times: user=0.01 sys=0.00, real=0.01 secs] 
339.324: [GC (Allocation Failure) [PSYoungGen: 78317K->1472K(77824K)] 388499K->311669K(590336K), 0.0022718 secs] [Times: user=0.01 sys=0.00, real=0.01 secs] 
340.026: [GC (Allocation Failure) [PSYoungGen: 77760K->1392K(77312K)] 387957K->311589K(589824K), 0.0022128 secs] [Times: user=0.01 sys=0.00, real=0.00 secs] 
341.073: [GC (Allocation Failure) [PSYoungGen: 77168K->1344K(76800K)] 387365K->311541K(589312K), 0.0032403 secs] [Times: user=0.02 sys=0.00, real=0.01 secs] 
341.893: [GC (Allocation Failure) [PSYoungGen: 76608K->1469K(76288K)] 386805K->311667K(588800K), 0.0023908 secs] [Times: user=0.01 sys=0.00, real=0.01 secs] 
342.074: [GC (Allocation Failure) [PSYoungGen: 76221K->1549K(76288K)] 386419K->311747K(588800K), 0.0017193 secs] [Times: user=0.00 sys=0.00, real=0.00 secs] 
342.206: [GC (Allocation Failure) [PSYoungGen: 75789K->509K(74240K)] 385987K->311731K(586752K), 0.0017652 secs] [Times: user=0.01 sys=0.00, real=0.00 secs] 
342.335: [GC (Allocation Failure) [PSYoungGen: 74237K->432K(81408K)] 385459K->311654K(593920K), 0.0014487 secs] [Times: user=0.00 sys=0.00, real=0.00 secs] 
343.173: [GC (Allocation Failure) [PSYoungGen: 79792K->1440K(80384K)] 391014K->312661K(592896K), 0.0021658 secs] [Times: user=0.01 sys=0.00, real=0.01 secs] 
344.169: [GC (Allocation Failure) [PSYoungGen: 80288K->1408K(79872K)] 391509K->312653K(592384K), 0.0027009 secs] [Times: user=0.00 sys=0.00, real=0.00 secs] 
345.535: [GC (Allocation Failure) [PSYoungGen: 79744K->1376K(79360K)] 390989K->312621K(591872K), 0.0044138 secs] [Times: user=0.02 sys=0.00, real=0.00 secs] 
346.936: [GC (Allocation Failure) [PSYoungGen: 79200K->1517K(78848K)] 390445K->312763K(591360K), 0.0031352 secs] [Times: user=0.01 sys=0.00, real=0.00 secs] 
347.154: [GC (Allocation Failure) [PSYoungGen: 78829K->1517K(78336K)] 390075K->312763K(590848K), 0.0016449 secs] [Times: user=0.00 sys=0.00, real=0.01 secs] 
347.308: [GC (Allocation Failure) [PSYoungGen: 78317K->1517K(77824K)] 389563K->312763K(590336K), 0.0020940 secs] [Times: user=0.01 sys=0.00, real=0.00 secs] 
347.472: [GC (Allocation Failure) [PSYoungGen: 77805K->1485K(77312K)] 389051K->312731K(589824K), 0.0016806 secs] [Times: user=0.01 sys=0.00, real=0.00 secs] 
348.445: [GC (Allocation Failure) [PSYoungGen: 77261K->1440K(76800K)] 388507K->312693K(589312K), 0.0026465 secs] [Times: user=0.01 sys=0.00, real=0.00 secs] 
349.028: [GC (Allocation Failure) [PSYoungGen: 76704K->1376K(76288K)] 387957K->312629K(588800K), 0.0024425 secs] [Times: user=0.01 sys=0.00, real=0.00 secs] 
349.650: [GC (Allocation Failure) [PSYoungGen: 76128K->1440K(75776K)] 387381K->312693K(588288K), 0.0025595 secs] [Times: user=0.01 sys=0.00, real=0.00 secs] 
350.577: [GC (Allocation Failure) [PSYoungGen: 75648K->1437K(75264K)] 386901K->312691K(587776K), 0.0020814 secs] [Times: user=0.01 sys=0.00, real=0.00 secs] 
350.747: [GC (Allocation Failure) [PSYoungGen: 75165K->1501K(74752K)] 386419K->312755K(587264K), 0.0016953 secs] [Times: user=0.00 sys=0.00, real=0.00 secs] 
350.876: [GC (Allocation Failure) [PSYoungGen: 74717K->1517K(74240K)] 385971K->312771K(586752K), 0.0016857 secs] [Times: user=0.01 sys=0.00, real=0.00 secs] 
351.005: [GC (Allocation Failure) [PSYoungGen: 74221K->1501K(79872K)] 385475K->312755K(592384K), 0.0017431 secs] [Times: user=0.01 sys=0.00, real=0.00 secs] 
351.585: [GC (Allocation Failure) [PSYoungGen: 79837K->1408K(79360K)] 391091K->312661K(591872K), 0.0025431 secs] [Times: user=0.01 sys=0.00, real=0.00 secs] 
352.248: [GC (Allocation Failure) [PSYoungGen: 79232K->1408K(78848K)] 390485K->312669K(591360K), 0.0023965 secs] [Times: user=0.01 sys=0.00, real=0.00 secs] 
352.897: [GC (Allocation Failure) [PSYoungGen: 78720K->1408K(78336K)] 389981K->312669K(590848K), 0.0021195 secs] [Times: user=0.01 sys=0.00, real=0.00 secs] 
353.476: [GC (Allocation Failure) [PSYoungGen: 78208K->1440K(77824K)] 389469K->312717K(590336K), 0.0024724 secs] [Times: user=0.00 sys=0.00, real=0.00 secs] 
353.653: [GC (Allocation Failure) [PSYoungGen: 77728K->1485K(77312K)] 389005K->312763K(589824K), 0.0015132 secs] [Times: user=0.01 sys=0.00, real=0.01 secs] 
353.786: [GC (Allocation Failure) [PSYoungGen: 77261K->1472K(76800K)] 388539K->312750K(589312K), 0.0016765 secs] [Times: user=0.01 sys=0.00, real=0.00 secs] 
353.917: [GC (Allocation Failure) [PSYoungGen: 76736K->1469K(82432K)] 388014K->312747K(594944K), 0.0016754 secs] [Times: user=0.01 sys=0.00, real=0.00 secs] 
354.457: [GC (Allocation Failure) [PSYoungGen: 82365K->1472K(81920K)] 393643K->312757K(594432K), 0.0024431 secs] [Times: user=0.01 sys=0.00, real=0.00 secs] 
355.265: [GC (Allocation Failure) [PSYoungGen: 81856K->1408K(81408K)] 393141K->312701K(593920K), 0.0024697 secs] [Times: user=0.01 sys=0.01, real=0.00 secs] 
355.948: [GC (Allocation Failure) [PSYoungGen: 81280K->1440K(80896K)] 392573K->312733K(593408K), 0.0022249 secs] [Times: user=0.00 sys=0.01, real=0.00 secs] 
356.751: [GC (Allocation Failure) [PSYoungGen: 80800K->1437K(80384K)] 392093K->312731K(592896K), 0.0022989 secs] [Times: user=0.01 sys=0.00, real=0.00 secs] 
356.914: [GC (Allocation Failure) [PSYoungGen: 80285K->1501K(79872K)] 391579K->312795K(592384K), 0.0017593 secs] [Times: user=0.00 sys=0.00, real=0.00 secs] 
357.051: [GC (Allocation Failure) [PSYoungGen: 79837K->1469K(79360K)] 391131K->312763K(591872K), 0.0015733 secs] [Times: user=0.01 sys=0.00, real=0.00 secs] 
357.211: [GC (Allocation Failure) [PSYoungGen: 79293K->1549K(86016K)] 390587K->312843K(598528K), 0.0020472 secs] [Times: user=0.01 sys=0.00, real=0.00 secs] 
357.691: [GC (Allocation Failure) [PSYoungGen: 85517K->416K(83968K)] 396811K->312733K(596480K), 0.0021774 secs] [Times: user=0.01 sys=0.00, real=0.00 secs] 
358.042: [GC (Allocation Failure) [PSYoungGen: 83872K->352K(84992K)] 396189K->312677K(597504K), 0.0020082 secs] [Times: user=0.01 sys=0.00, real=0.01 secs] 
358.387: [GC (Allocation Failure) [PSYoungGen: 83296K->384K(82944K)] 395621K->312709K(595456K), 0.0020453 secs] [Times: user=0.01 sys=0.00, real=0.00 secs] 
358.800: [GC (Allocation Failure) [PSYoungGen: 82816K->1517K(83968K)] 395141K->313843K(596480K), 0.0018974 secs] [Times: user=0.01 sys=0.00, real=0.00 secs] 
358.946: [GC (Allocation Failure) [PSYoungGen: 83437K->1501K(82944K)] 395763K->313827K(595456K), 0.0015681 secs] [Times: user=0.01 sys=0.00, real=0.00 secs] 
359.115: [GC (Allocation Failure) [PSYoungGen: 82909K->1501K(82432K)] 395235K->313827K(594944K), 0.0019952 secs] [Times: user=0.00 sys=0.00, real=0.00 secs] 
359.429: [GC (Allocation Failure) [PSYoungGen: 82397K->1440K(81920K)] 394723K->313773K(594432K), 0.0022444 secs] [Times: user=0.01 sys=0.00, real=0.00 secs] 
359.764: [GC (Allocation Failure) [PSYoungGen: 81824K->1440K(81408K)] 394157K->313773K(593920K), 0.0022745 secs] [Times: user=0.00 sys=0.00, real=0.00 secs] 
360.323: [GC (Allocation Failure) [PSYoungGen: 81312K->1408K(80896K)] 393645K->313765K(593408K), 0.0028983 secs] [Times: user=0.01 sys=0.00, real=0.01 secs] 
361.038: [GC (Allocation Failure) [PSYoungGen: 80768K->1360K(80384K)] 393125K->313717K(592896K), 0.0028864 secs] [Times: user=0.01 sys=0.00, real=0.00 secs] 
361.509: [GC (Allocation Failure) [PSYoungGen: 80208K->1520K(79872K)] 392565K->313878K(592384K), 0.0019295 secs] [Times: user=0.01 sys=0.00, real=0.00 secs] 
361.651: [GC (Allocation Failure) [PSYoungGen: 79856K->1501K(79360K)] 392214K->313859K(591872K), 0.0016642 secs] [Times: user=0.01 sys=0.00, real=0.00 secs] 
361.788: [GC (Allocation Failure) [PSYoungGen: 79325K->1453K(78848K)] 391683K->313811K(591360K), 0.0015655 secs] [Times: user=0.01 sys=0.00, real=0.00 secs] 
362.811: [GC (Allocation Failure) [PSYoungGen: 78765K->1440K(78336K)] 391123K->313797K(590848K), 0.0045826 secs] [Times: user=0.02 sys=0.00, real=0.01 secs] 
363.542: [GC (Allocation Failure) [PSYoungGen: 78240K->1376K(77824K)] 390597K->313733K(590336K), 0.0024149 secs] [Times: user=0.01 sys=0.00, real=0.01 secs] 
363.859: [GC (Allocation Failure) [PSYoungGen: 77664K->1392K(77312K)] 390021K->313749K(589824K), 0.0023483 secs] [Times: user=0.01 sys=0.00, real=0.00 secs] 
364.293: [GC (Allocation Failure) [PSYoungGen: 77168K->1408K(76800K)] 389525K->313765K(589312K), 0.0026365 secs] [Times: user=0.01 sys=0.00, real=0.01 secs] 
364.589: [GC (Allocation Failure) [PSYoungGen: 76672K->1501K(76288K)] 389029K->313859K(588800K), 0.0016038 secs] [Times: user=0.01 sys=0.00, real=0.00 secs] 
364.719: [GC (Allocation Failure) [PSYoungGen: 76253K->1504K(75776K)] 388611K->313862K(588288K), 0.0015893 secs] [Times: user=0.00 sys=0.00, real=0.00 secs] 
364.850: [GC (Allocation Failure) [PSYoungGen: 75744K->1504K(81408K)] 388102K->313862K(593920K), 0.0016607 secs] [Times: user=0.01 sys=0.00, real=0.00 secs] 
365.160: [GC (Allocation Failure) [PSYoungGen: 81376K->1440K(80896K)] 393734K->313797K(593408K), 0.0018135 secs] [Times: user=0.00 sys=0.00, real=0.00 secs] 
365.808: [GC (Allocation Failure) [PSYoungGen: 80800K->1392K(80384K)] 393157K->313757K(592896K), 0.0023092 secs] [Times: user=0.01 sys=0.00, real=0.00 secs] 
366.188: [GC (Allocation Failure) [PSYoungGen: 80240K->1344K(79872K)] 392605K->313709K(592384K), 0.0019908 secs] [Times: user=0.01 sys=0.00, real=0.00 secs] 
366.549: [GC (Allocation Failure) [PSYoungGen: 79680K->1408K(79360K)] 392045K->313773K(591872K), 0.0022795 secs] [Times: user=0.01 sys=0.00, real=0.00 secs] 
366.891: [GC (Allocation Failure) [PSYoungGen: 79232K->1485K(78848K)] 391597K->313851K(591360K), 0.0017312 secs] [Times: user=0.00 sys=0.00, real=0.00 secs] 
367.027: [GC (Allocation Failure) [PSYoungGen: 78797K->1485K(78336K)] 391163K->313851K(590848K), 0.0018640 secs] [Times: user=0.00 sys=0.00, real=0.00 secs] 
367.160: [GC (Allocation Failure) [PSYoungGen: 78285K->1453K(83968K)] 390651K->313819K(596480K), 0.0016262 secs] [Times: user=0.01 sys=0.00, real=0.00 secs] 
367.545: [GC (Allocation Failure) [PSYoungGen: 83885K->1440K(83456K)] 396251K->313805K(595968K), 0.0022887 secs] [Times: user=0.01 sys=0.00, real=0.00 secs] 
368.819: [GC (Allocation Failure) [PSYoungGen: 83360K->1376K(82944K)] 395725K->313757K(595456K), 0.0031133 secs] [Times: user=0.01 sys=0.00, real=0.00 secs] 
370.271: [GC (Allocation Failure) [PSYoungGen: 82784K->1408K(82432K)] 395165K->313789K(594944K), 0.0023572 secs] [Times: user=0.01 sys=0.00, real=0.00 secs] 
371.560: [GC (Allocation Failure) [PSYoungGen: 82304K->1501K(81920K)] 394685K->313883K(594432K), 0.0022851 secs] [Times: user=0.01 sys=0.00, real=0.00 secs] 
371.730: [GC (Allocation Failure) [PSYoungGen: 81885K->1472K(81408K)] 394267K->313854K(593920K), 0.0016411 secs] [Times: user=0.01 sys=0.00, real=0.00 secs] 
371.893: [GC (Allocation Failure) [PSYoungGen: 81344K->1469K(80896K)] 393726K->313883K(593408K), 0.0018738 secs] [Times: user=0.01 sys=0.00, real=0.01 secs] 
372.082: [GC (Allocation Failure) [PSYoungGen: 80829K->1485K(80384K)] 393243K->313899K(592896K), 0.0024522 secs] [Times: user=0.01 sys=0.00, real=0.01 secs] 
373.311: [GC (Allocation Failure) [PSYoungGen: 80333K->1440K(79872K)] 392747K->313853K(592384K), 0.0032293 secs] [Times: user=0.01 sys=0.00, real=0.01 secs] 
374.285: [GC (Allocation Failure) [PSYoungGen: 79776K->1376K(79360K)] 392189K->313789K(591872K), 0.0027108 secs] [Times: user=0.01 sys=0.00, real=0.00 secs] 
375.001: [GC (Allocation Failure) [PSYoungGen: 79200K->1392K(78848K)] 391613K->313805K(591360K), 0.0025819 secs] [Times: user=0.01 sys=0.00, real=0.00 secs] 
375.537: [GC (Allocation Failure) [PSYoungGen: 78704K->1533K(78336K)] 391117K->313947K(590848K), 0.0021958 secs] [Times: user=0.00 sys=0.00, real=0.00 secs] 
375.710: [GC (Allocation Failure) [PSYoungGen: 78333K->1533K(77824K)] 390747K->313947K(590336K), 0.0015227 secs] [Times: user=0.01 sys=0.00, real=0.00 secs] 
375.843: [GC (Allocation Failure) [PSYoungGen: 77821K->1533K(77312K)] 390235K->313947K(589824K), 0.0016219 secs] [Times: user=0.00 sys=0.00, real=0.01 secs] 
375.977: [GC (Allocation Failure) [PSYoungGen: 77309K->1501K(82944K)] 389723K->313915K(595456K), 0.0016225 secs] [Times: user=0.01 sys=0.00, real=0.00 secs] 
376.327: [GC (Allocation Failure) [PSYoungGen: 82909K->1408K(82432K)] 395323K->313829K(594944K), 0.0022149 secs] [Times: user=0.01 sys=0.00, real=0.00 secs] 
376.676: [GC (Allocation Failure) [PSYoungGen: 82304K->1376K(81920K)] 394725K->313813K(594432K), 0.0020424 secs] [Times: user=0.01 sys=0.00, real=0.00 secs] 
377.107: [GC (Allocation Failure) [PSYoungGen: 81760K->1376K(81408K)] 394197K->313821K(593920K), 0.0020709 secs] [Times: user=0.01 sys=0.00, real=0.00 secs] 
377.488: [GC (Allocation Failure) [PSYoungGen: 81248K->1437K(80896K)] 393693K->313891K(593408K), 0.0015287 secs] [Times: user=0.01 sys=0.00, real=0.00 secs] 
377.628: [GC (Allocation Failure) [PSYoungGen: 80797K->1501K(80384K)] 393251K->313955K(592896K), 0.0017710 secs] [Times: user=0.01 sys=0.00, real=0.00 secs] 
377.766: [GC (Allocation Failure) [PSYoungGen: 80349K->1533K(79872K)] 392803K->313987K(592384K), 0.0015890 secs] [Times: user=0.01 sys=0.00, real=0.00 secs] 
377.957: [GC (Allocation Failure) [PSYoungGen: 79869K->1984K(86528K)] 392323K->314437K(599040K), 0.0020780 secs] [Times: user=0.01 sys=0.00, real=0.00 secs] 
378.907: [GC (Allocation Failure) [PSYoungGen: 86464K->352K(84480K)] 398917K->313829K(596992K), 0.0026495 secs] [Times: user=0.01 sys=0.00, real=0.00 secs] 
380.085: [GC (Allocation Failure) [PSYoungGen: 84320K->384K(83968K)] 397797K->313869K(596480K), 0.0027829 secs] [Times: user=0.01 sys=0.00, real=0.00 secs] 
381.133: [GC (Allocation Failure) [PSYoungGen: 83840K->384K(83456K)] 397325K->313869K(595968K), 0.0028758 secs] [Times: user=0.01 sys=0.00, real=0.01 secs] 
381.530: [GC (Allocation Failure) [PSYoungGen: 83328K->1453K(84992K)] 396813K->314963K(597504K), 0.0016828 secs] [Times: user=0.01 sys=0.00, real=0.00 secs] 
381.677: [GC (Allocation Failure) [PSYoungGen: 83885K->1517K(83456K)] 397395K->315027K(595968K), 0.0017491 secs] [Times: user=0.00 sys=0.00, real=0.00 secs] 
381.822: [GC (Allocation Failure) [PSYoungGen: 83437K->1453K(82944K)] 396947K->314963K(595456K), 0.0017419 secs] [Times: user=0.01 sys=0.00, real=0.00 secs] 
382.214: [GC (Allocation Failure) [PSYoungGen: 82861K->1440K(82432K)] 396371K->314949K(594944K), 0.0021244 secs] [Times: user=0.01 sys=0.00, real=0.00 secs] 
382.574: [GC (Allocation Failure) [PSYoungGen: 82336K->1408K(81920K)] 395845K->314917K(594432K), 0.0020630 secs] [Times: user=0.01 sys=0.00, real=0.01 secs] 
382.917: [GC (Allocation Failure) [PSYoungGen: 81792K->1408K(81408K)] 395301K->314917K(593920K), 0.0022471 secs] [Times: user=0.01 sys=0.00, real=0.00 secs] 
383.253: [GC (Allocation Failure) [PSYoungGen: 81280K->1469K(80896K)] 394789K->314979K(593408K), 0.0022501 secs] [Times: user=0.00 sys=0.00, real=0.01 secs] 
383.404: [GC (Allocation Failure) [PSYoungGen: 80829K->1485K(80384K)] 394339K->314995K(592896K), 0.0016232 secs] [Times: user=0.01 sys=0.00, real=0.01 secs] 
383.541: [GC (Allocation Failure) [PSYoungGen: 80333K->1453K(86016K)] 393843K->314963K(598528K), 0.0017034 secs] [Times: user=0.00 sys=0.00, real=0.00 secs] 
383.689: [GC (Allocation Failure) [PSYoungGen: 85933K->1488K(92672K)] 399443K->314998K(605184K), 0.0016189 secs] [Times: user=0.01 sys=0.00, real=0.00 secs] 
385.277: [GC (Allocation Failure) [PSYoungGen: 92624K->1408K(91648K)] 406134K->314917K(604160K), 0.0045668 secs] [Times: user=0.02 sys=0.00, real=0.00 secs] 
386.629: [GC (Allocation Failure) [PSYoungGen: 91520K->1376K(90624K)] 405029K->314885K(603136K), 0.0044409 secs] [Times: user=0.02 sys=0.00, real=0.00 secs] 
387.658: [GC (Allocation Failure) [PSYoungGen: 90464K->1344K(89600K)] 403973K->314853K(602112K), 0.0033018 secs] [Times: user=0.01 sys=0.00, real=0.00 secs] 
388.053: [GC (Allocation Failure) [PSYoungGen: 89408K->1517K(88576K)] 402917K->315059K(601088K), 0.0018448 secs] [Times: user=0.01 sys=0.00, real=0.01 secs] 
388.232: [GC (Allocation Failure) [PSYoungGen: 88557K->1469K(88064K)] 402099K->315011K(600576K), 0.0020917 secs] [Times: user=0.01 sys=0.00, real=0.00 secs] 
388.404: [GC (Allocation Failure) [PSYoungGen: 87997K->1501K(87552K)] 401539K->315043K(600064K), 0.0016509 secs] [Times: user=0.01 sys=0.00, real=0.00 secs] 
389.201: [GC (Allocation Failure) [PSYoungGen: 87517K->1408K(87040K)] 401059K->314957K(599552K), 0.0022762 secs] [Times: user=0.01 sys=0.00, real=0.00 secs] 
389.557: [GC (Allocation Failure) [PSYoungGen: 86912K->1440K(86528K)] 400461K->314989K(599040K), 0.0021179 secs] [Times: user=0.01 sys=0.00, real=0.00 secs] 
389.910: [GC (Allocation Failure) [PSYoungGen: 86432K->1408K(86016K)] 399981K->314973K(598528K), 0.0021547 secs] [Times: user=0.01 sys=0.00, real=0.00 secs] 
390.176: [GC (Allocation Failure) [PSYoungGen: 85888K->1485K(85504K)] 399453K->315051K(598016K), 0.0015834 secs] [Times: user=0.01 sys=0.00, real=0.00 secs] 
390.322: [GC (Allocation Failure) [PSYoungGen: 85453K->1501K(84992K)] 399019K->315067K(597504K), 0.0017246 secs] [Times: user=0.01 sys=0.00, real=0.00 secs] 
390.467: [GC (Allocation Failure) [PSYoungGen: 84957K->1517K(84480K)] 398523K->315083K(596992K), 0.0016222 secs] [Times: user=0.01 sys=0.00, real=0.00 secs] 
391.130: [GC (Allocation Failure) [PSYoungGen: 84461K->1472K(83968K)] 398027K->315045K(596480K), 0.0024015 secs] [Times: user=0.01 sys=0.00, real=0.00 secs] 
392.267: [GC (Allocation Failure) [PSYoungGen: 83904K->1376K(83456K)] 397477K->314949K(595968K), 0.0027619 secs] [Times: user=0.01 sys=0.00, real=0.00 secs] 
393.286: [GC (Allocation Failure) [PSYoungGen: 83296K->1344K(82944K)] 396869K->314917K(595456K), 0.0033091 secs] [Times: user=0.01 sys=0.00, real=0.00 secs] 
394.610: [GC (Allocation Failure) [PSYoungGen: 82752K->1501K(82432K)] 396325K->315091K(594944K), 0.0031592 secs] [Times: user=0.01 sys=0.00, real=0.00 secs] 
394.837: [GC (Allocation Failure) [PSYoungGen: 82397K->1533K(81920K)] 395987K->315123K(594432K), 0.0017610 secs] [Times: user=0.01 sys=0.00, real=0.00 secs] 
394.977: [GC (Allocation Failure) [PSYoungGen: 81917K->1501K(81408K)] 395507K->315091K(593920K), 0.0018241 secs] [Times: user=0.01 sys=0.00, real=0.00 secs] 
395.117: [GC (Allocation Failure) [PSYoungGen: 81373K->1501K(80896K)] 394963K->315091K(593408K), 0.0017016 secs] [Times: user=0.01 sys=0.00, real=0.00 secs] 
395.452: [GC (Allocation Failure) [PSYoungGen: 80861K->1424K(80384K)] 394451K->315013K(592896K), 0.0019193 secs] [Times: user=0.01 sys=0.00, real=0.00 secs] 
395.779: [GC (Allocation Failure) [PSYoungGen: 80272K->1440K(79872K)] 393861K->315029K(592384K), 0.0020585 secs] [Times: user=0.01 sys=0.00, real=0.00 secs] 
396.105: [GC (Allocation Failure) [PSYoungGen: 79776K->1344K(79360K)] 393365K->314949K(591872K), 0.0020132 secs] [Times: user=0.00 sys=0.00, real=0.00 secs] 
396.468: [GC (Allocation Failure) [PSYoungGen: 79168K->1453K(78848K)] 392773K->315059K(591360K), 0.0021894 secs] [Times: user=0.00 sys=0.00, real=0.00 secs] 
396.643: [GC (Allocation Failure) [PSYoungGen: 78765K->1517K(78336K)] 392371K->315155K(590848K), 0.0023811 secs] [Times: user=0.01 sys=0.00, real=0.01 secs] 
396.814: [GC (Allocation Failure) [PSYoungGen: 78317K->1485K(83968K)] 391955K->315123K(596480K), 0.0020397 secs] [Times: user=0.01 sys=0.00, real=0.01 secs] 
396.986: [GC (Allocation Failure) [PSYoungGen: 83027K->256K(89088K)] 396665K->313893K(601600K), 0.0016005 secs] [Times: user=0.01 sys=0.00, real=0.00 secs] 
397.399: [GC (Allocation Failure) [PSYoungGen: 88832K->1392K(89600K)] 402469K->315029K(602112K), 0.0022379 secs] [Times: user=0.01 sys=0.00, real=0.00 secs] 
397.764: [GC (Allocation Failure) [PSYoungGen: 88944K->1376K(88064K)] 402581K->315021K(600576K), 0.0024204 secs] [Times: user=0.00 sys=0.00, real=0.01 secs] 
398.123: [GC (Allocation Failure) [PSYoungGen: 87904K->1360K(87552K)] 401549K->315005K(600064K), 0.0022526 secs] [Times: user=0.01 sys=0.00, real=0.01 secs] 
398.356: [GC (Allocation Failure) [PSYoungGen: 87376K->1517K(87040K)] 401021K->315163K(599552K), 0.0016234 secs] [Times: user=0.01 sys=0.00, real=0.00 secs] 
398.504: [GC (Allocation Failure) [PSYoungGen: 87021K->1517K(86528K)] 400667K->315187K(599040K), 0.0016634 secs] [Times: user=0.00 sys=0.00, real=0.01 secs] 
398.653: [GC (Allocation Failure) [PSYoungGen: 86509K->1501K(86016K)] 400179K->315171K(598528K), 0.0015254 secs] [Times: user=0.01 sys=0.00, real=0.01 secs] 
399.336: [GC (Allocation Failure) [PSYoungGen: 85981K->1408K(85504K)] 399651K->315077K(598016K), 0.0021337 secs] [Times: user=0.01 sys=0.00, real=0.00 secs] 
400.059: [GC (Allocation Failure) [PSYoungGen: 85376K->1408K(84992K)] 399045K->315077K(597504K), 0.0044425 secs] [Times: user=0.02 sys=0.00, real=0.00 secs] 
400.681: [GC (Allocation Failure) [PSYoungGen: 84864K->1408K(84480K)] 398533K->315077K(596992K), 0.0021934 secs] [Times: user=0.01 sys=0.00, real=0.00 secs] 
400.965: [GC (Allocation Failure) [PSYoungGen: 84352K->1408K(83968K)] 398021K->315086K(596480K), 0.0016029 secs] [Times: user=0.01 sys=0.00, real=0.00 secs] 
401.110: [GC (Allocation Failure) [PSYoungGen: 83840K->1533K(83456K)] 397518K->315211K(595968K), 0.0017974 secs] [Times: user=0.00 sys=0.00, real=0.00 secs] 
401.253: [GC (Allocation Failure) [PSYoungGen: 83453K->1501K(82944K)] 397131K->315179K(595456K), 0.0015720 secs] [Times: user=0.00 sys=0.00, real=0.01 secs] 
401.505: [GC (Allocation Failure) [PSYoungGen: 82909K->1424K(82432K)] 396587K->315109K(594944K), 0.0021629 secs] [Times: user=0.01 sys=0.00, real=0.00 secs] 
402.196: [GC (Allocation Failure) [PSYoungGen: 82320K->1408K(81920K)] 396005K->315093K(594432K), 0.0020056 secs] [Times: user=0.00 sys=0.00, real=0.00 secs] 
403.214: [GC (Allocation Failure) [PSYoungGen: 81792K->1376K(81408K)] 395477K->315061K(593920K), 0.0040455 secs] [Times: user=0.01 sys=0.00, real=0.01 secs] 
404.223: [GC (Allocation Failure) [PSYoungGen: 81248K->1408K(80896K)] 394933K->315093K(593408K), 0.0026278 secs] [Times: user=0.01 sys=0.00, real=0.01 secs] 
404.640: [GC (Allocation Failure) [PSYoungGen: 80768K->1469K(80384K)] 394453K->315155K(592896K), 0.0017067 secs] [Times: user=0.01 sys=0.00, real=0.00 secs] 
404.778: [GC (Allocation Failure) [PSYoungGen: 80317K->1501K(79872K)] 394003K->315187K(592384K), 0.0016718 secs] [Times: user=0.00 sys=0.00, real=0.00 secs] 
404.915: [GC (Allocation Failure) [PSYoungGen: 79837K->1533K(79360K)] 393523K->315219K(591872K), 0.0017129 secs] [Times: user=0.01 sys=0.00, real=0.00 secs] 
405.168: [GC (Allocation Failure) [PSYoungGen: 79357K->1440K(78848K)] 393043K->315125K(591360K), 0.0016226 secs] [Times: user=0.01 sys=0.00, real=0.00 secs] 
405.511: [GC (Allocation Failure) [PSYoungGen: 78752K->1376K(78336K)] 392437K->315061K(590848K), 0.0015938 secs] [Times: user=0.01 sys=0.00, real=0.00 secs] 
405.977: [GC (Allocation Failure) [PSYoungGen: 78176K->1376K(77824K)] 391861K->315061K(590336K), 0.0031768 secs] [Times: user=0.01 sys=0.00, real=0.00 secs] 
406.514: [GC (Allocation Failure) [PSYoungGen: 77664K->1344K(77312K)] 391349K->315029K(589824K), 0.0041333 secs] [Times: user=0.02 sys=0.01, real=0.00 secs] 
406.909: [GC (Allocation Failure) [PSYoungGen: 77120K->1501K(76800K)] 390805K->315187K(589312K), 0.0021162 secs] [Times: user=0.01 sys=0.00, real=0.00 secs] 
407.048: [GC (Allocation Failure) [PSYoungGen: 76765K->1485K(76288K)] 390451K->315179K(588800K), 0.0017071 secs] [Times: user=0.00 sys=0.00, real=0.00 secs] 
407.198: [GC (Allocation Failure) [PSYoungGen: 76237K->1533K(82432K)] 389931K->315259K(594944K), 0.0019827 secs] [Times: user=0.01 sys=0.00, real=0.00 secs] 
407.685: [GC (Allocation Failure) [PSYoungGen: 82429K->1504K(81920K)] 396155K->315237K(594432K), 0.0021458 secs] [Times: user=0.01 sys=0.00, real=0.00 secs] 
408.258: [GC (Allocation Failure) [PSYoungGen: 81888K->1376K(81408K)] 395621K->315109K(593920K), 0.0019892 secs] [Times: user=0.01 sys=0.00, real=0.00 secs] 
408.890: [GC (Allocation Failure) [PSYoungGen: 81248K->1408K(80896K)] 394981K->315141K(593408K), 0.0032816 secs] [Times: user=0.01 sys=0.00, real=0.00 secs] 
409.542: [GC (Allocation Failure) [PSYoungGen: 80768K->1376K(80384K)] 394501K->315109K(592896K), 0.0030874 secs] [Times: user=0.01 sys=0.00, real=0.01 secs] 
409.869: [GC (Allocation Failure) [PSYoungGen: 80224K->1517K(79872K)] 393957K->315251K(592384K), 0.0022882 secs] [Times: user=0.01 sys=0.00, real=0.00 secs] 
410.044: [GC (Allocation Failure) [PSYoungGen: 79853K->1469K(79360K)] 393587K->315235K(591872K), 0.0018565 secs] [Times: user=0.01 sys=0.00, real=0.00 secs] 
410.222: [GC (Allocation Failure) [PSYoungGen: 79293K->1517K(78848K)] 393059K->315283K(591360K), 0.0022494 secs] [Times: user=0.01 sys=0.00, real=0.01 secs] 
410.578: [GC (Allocation Failure) [PSYoungGen: 78829K->1456K(78336K)] 392595K->315229K(590848K), 0.0021009 secs] [Times: user=0.01 sys=0.00, real=0.00 secs] 
410.897: [GC (Allocation Failure) [PSYoungGen: 78256K->1376K(77824K)] 392029K->315149K(590336K), 0.0022007 secs] [Times: user=0.01 sys=0.00, real=0.00 secs] 
411.241: [GC (Allocation Failure) [PSYoungGen: 77664K->1408K(77312K)] 391437K->315181K(589824K), 0.0021976 secs] [Times: user=0.01 sys=0.01, real=0.00 secs] 
411.572: [GC (Allocation Failure) [PSYoungGen: 77184K->1376K(76800K)] 390957K->315149K(589312K), 0.0023795 secs] [Times: user=0.01 sys=0.00, real=0.01 secs] 
411.778: [GC (Allocation Failure) [PSYoungGen: 76640K->1456K(76288K)] 390413K->315230K(588800K), 0.0015625 secs] [Times: user=0.00 sys=0.00, real=0.00 secs] 
411.908: [GC (Allocation Failure) [PSYoungGen: 76208K->1501K(75776K)] 389982K->315275K(588288K), 0.0017177 secs] [Times: user=0.00 sys=0.00, real=0.00 secs] 
412.039: [GC (Allocation Failure) [PSYoungGen: 75741K->1485K(81408K)] 389515K->315259K(593920K), 0.0014778 secs] [Times: user=0.01 sys=0.00, real=0.00 secs] 
412.716: [GC (Allocation Failure) [PSYoungGen: 81357K->1440K(80896K)] 395131K->315213K(593408K), 0.0022429 secs] [Times: user=0.01 sys=0.00, real=0.00 secs] 
413.443: [GC (Allocation Failure) [PSYoungGen: 80800K->1376K(80384K)] 394573K->315149K(592896K), 0.0031742 secs] [Times: user=0.01 sys=0.01, real=0.01 secs] 
414.256: [GC (Allocation Failure) [PSYoungGen: 80224K->1408K(79872K)] 393997K->315181K(592384K), 0.0034134 secs] [Times: user=0.01 sys=0.00, real=0.00 secs] 
415.123: [GC (Allocation Failure) [PSYoungGen: 79744K->1408K(79360K)] 393517K->315181K(591872K), 0.0031586 secs] [Times: user=0.01 sys=0.00, real=0.01 secs] 
415.392: [GC (Allocation Failure) [PSYoungGen: 79232K->1485K(78848K)] 393005K->315259K(591360K), 0.0016814 secs] [Times: user=0.01 sys=0.00, real=0.00 secs] 
415.528: [GC (Allocation Failure) [PSYoungGen: 78797K->1440K(78336K)] 392571K->315214K(590848K), 0.0016144 secs] [Times: user=0.00 sys=0.00, real=0.00 secs] 
415.660: [GC (Allocation Failure) [PSYoungGen: 78240K->1469K(77824K)] 392014K->315243K(590336K), 0.0016353 secs] [Times: user=0.00 sys=0.00, real=0.00 secs] 
416.359: [GC (Allocation Failure) [PSYoungGen: 77757K->1440K(77312K)] 391531K->315213K(589824K), 0.0021754 secs] [Times: user=0.01 sys=0.00, real=0.00 secs] 
417.211: [GC (Allocation Failure) [PSYoungGen: 77216K->1408K(76800K)] 390989K->315189K(589312K), 0.0022316 secs] [Times: user=0.01 sys=0.00, real=0.00 secs] 
417.608: [GC (Allocation Failure) [PSYoungGen: 76672K->1424K(76288K)] 390453K->315205K(588800K), 0.0018339 secs] [Times: user=0.00 sys=0.00, real=0.00 secs] 
417.959: [GC (Allocation Failure) [PSYoungGen: 76176K->1392K(75776K)] 389957K->315173K(588288K), 0.0021976 secs] [Times: user=0.00 sys=0.00, real=0.00 secs] 
418.137: [GC (Allocation Failure) [PSYoungGen: 75632K->445K(74240K)] 389413K->315251K(586752K), 0.0015648 secs] [Times: user=0.00 sys=0.00, real=0.00 secs] 
418.267: [GC (Allocation Failure) [PSYoungGen: 74173K->496K(75264K)] 388979K->315302K(587776K), 0.0014023 secs] [Times: user=0.00 sys=0.00, real=0.00 secs] 
418.396: [GC (Allocation Failure) [PSYoungGen: 73712K->464K(73216K)] 388518K->315270K(585728K), 0.0016463 secs] [Times: user=0.00 sys=0.00, real=0.00 secs] 
420.380: [GC (Allocation Failure) [PSYoungGen: 73168K->1440K(74240K)] 387974K->316245K(586752K), 0.0043072 secs] [Times: user=0.02 sys=0.00, real=0.01 secs] 
422.158: [GC (Allocation Failure) [PSYoungGen: 73632K->1408K(73216K)] 388437K->316221K(585728K), 0.0041572 secs] [Times: user=0.02 sys=0.00, real=0.00 secs] 
423.273: [GC (Allocation Failure) [PSYoungGen: 73088K->1376K(72704K)] 387901K->316189K(585216K), 0.0029506 secs] [Times: user=0.01 sys=0.00, real=0.01 secs] 
424.287: [GC (Allocation Failure) [PSYoungGen: 72544K->1408K(72192K)] 387357K->316221K(584704K), 0.0038801 secs] [Times: user=0.02 sys=0.00, real=0.00 secs] 
424.819: [GC (Allocation Failure) [PSYoungGen: 72064K->1437K(71680K)] 386877K->316259K(584192K), 0.0024690 secs] [Times: user=0.01 sys=0.00, real=0.00 secs] 
424.964: [GC (Allocation Failure) [PSYoungGen: 71581K->1485K(71168K)] 386403K->316307K(583680K), 0.0016236 secs] [Times: user=0.00 sys=0.00, real=0.01 secs] 
425.086: [GC (Allocation Failure) [PSYoungGen: 71117K->1504K(70656K)] 385939K->316326K(583168K), 0.0016926 secs] [Times: user=0.01 sys=0.00, real=0.00 secs] 
425.208: [GC (Allocation Failure) [PSYoungGen: 70624K->1504K(75776K)] 385446K->316326K(588288K), 0.0016147 secs] [Times: user=0.01 sys=0.00, real=0.00 secs] 
425.846: [GC (Allocation Failure) [PSYoungGen: 75744K->1408K(75264K)] 390566K->316237K(587776K), 0.0046304 secs] [Times: user=0.02 sys=0.01, real=0.00 secs] 
426.501: [GC (Allocation Failure) [PSYoungGen: 75136K->1408K(74752K)] 389965K->316237K(587264K), 0.0031758 secs] [Times: user=0.01 sys=0.00, real=0.01 secs] 
427.107: [GC (Allocation Failure) [PSYoungGen: 74624K->1440K(74240K)] 389453K->316269K(586752K), 0.0034536 secs] [Times: user=0.01 sys=0.00, real=0.00 secs] 
427.597: [GC (Allocation Failure) [PSYoungGen: 74144K->1408K(73728K)] 388973K->316237K(586240K), 0.0022227 secs] [Times: user=0.01 sys=0.00, real=0.00 secs] 
427.777: [GC (Allocation Failure) [PSYoungGen: 73600K->1501K(73216K)] 388429K->316331K(585728K), 0.0017336 secs] [Times: user=0.01 sys=0.00, real=0.00 secs] 
427.902: [GC (Allocation Failure) [PSYoungGen: 73181K->1501K(72704K)] 388011K->316331K(585216K), 0.0015916 secs] [Times: user=0.01 sys=0.00, real=0.00 secs] 
428.026: [GC (Allocation Failure) [PSYoungGen: 72669K->1501K(78336K)] 387499K->316331K(590848K), 0.0016373 secs] [Times: user=0.01 sys=0.00, real=0.00 secs] 
430.113: [GC (Allocation Failure) [PSYoungGen: 78301K->1408K(77824K)] 393131K->316245K(590336K), 0.0046891 secs] [Times: user=0.02 sys=0.00, real=0.01 secs] 
430.868: [GC (Allocation Failure) [PSYoungGen: 77696K->1344K(77312K)] 392533K->316181K(589824K), 0.0033775 secs] [Times: user=0.01 sys=0.00, real=0.00 secs] 
431.523: [GC (Allocation Failure) [PSYoungGen: 77120K->1408K(76800K)] 391957K->316245K(589312K), 0.0019986 secs] [Times: user=0.01 sys=0.00, real=0.01 secs] 
432.145: [GC (Allocation Failure) [PSYoungGen: 76672K->1408K(76288K)] 391509K->316245K(588800K), 0.0023805 secs] [Times: user=0.01 sys=0.00, real=0.00 secs] 
432.489: [GC (Allocation Failure) [PSYoungGen: 76160K->1453K(75776K)] 390997K->316315K(588288K), 0.0025386 secs] [Times: user=0.01 sys=0.00, real=0.00 secs] 
432.710: [GC (Allocation Failure) [PSYoungGen: 75693K->1485K(75264K)] 390555K->316347K(587776K), 0.0025863 secs] [Times: user=0.00 sys=0.00, real=0.00 secs] 
432.864: [GC (Allocation Failure) [PSYoungGen: 75213K->1533K(74752K)] 390075K->316427K(587264K), 0.0017743 secs] [Times: user=0.01 sys=0.00, real=0.00 secs] 
433.294: [GC (Allocation Failure) [PSYoungGen: 74749K->1408K(74240K)] 389643K->316317K(586752K), 0.0040607 secs] [Times: user=0.01 sys=0.01, real=0.00 secs] 
433.963: [GC (Allocation Failure) [PSYoungGen: 74112K->1360K(73728K)] 389021K->316269K(586240K), 0.0030374 secs] [Times: user=0.01 sys=0.00, real=0.01 secs] 
434.598: [GC (Allocation Failure) [PSYoungGen: 73552K->1408K(73216K)] 388461K->316317K(585728K), 0.0042274 secs] [Times: user=0.02 sys=0.00, real=0.00 secs] 
435.314: [GC (Allocation Failure) [PSYoungGen: 73088K->1424K(72704K)] 387997K->316333K(585216K), 0.0025710 secs] [Times: user=0.02 sys=0.00, real=0.01 secs] 
435.710: [GC (Allocation Failure) [PSYoungGen: 72592K->1517K(72192K)] 387501K->316427K(584704K), 0.0022114 secs] [Times: user=0.01 sys=0.00, real=0.00 secs] 
435.854: [GC (Allocation Failure) [PSYoungGen: 72173K->1437K(71680K)] 387083K->316347K(584192K), 0.0015914 secs] [Times: user=0.00 sys=0.00, real=0.01 secs] 
435.976: [GC (Allocation Failure) [PSYoungGen: 71581K->1533K(77312K)] 386491K->316443K(589824K), 0.0017585 secs] [Times: user=0.00 sys=0.00, real=0.00 secs] 
436.108: [GC (Allocation Failure) [PSYoungGen: 77309K->1533K(83456K)] 392219K->316443K(595968K), 0.0015952 secs] [Times: user=0.00 sys=0.00, real=0.00 secs] 
437.677: [GC (Allocation Failure) [PSYoungGen: 83453K->1440K(82944K)] 398363K->316349K(595456K), 0.0043888 secs] [Times: user=0.02 sys=0.00, real=0.00 secs] 
439.170: [GC (Allocation Failure) [PSYoungGen: 82848K->1376K(82432K)] 397757K->316285K(594944K), 0.0023461 secs] [Times: user=0.01 sys=0.00, real=0.00 secs] 
440.308: [GC (Allocation Failure) [PSYoungGen: 82272K->1408K(81920K)] 397181K->316317K(594432K), 0.0033136 secs] [Times: user=0.01 sys=0.00, real=0.00 secs] 
440.758: [GC (Allocation Failure) [PSYoungGen: 81761K->1453K(81408K)] 396671K->316363K(593920K), 0.0019455 secs] [Times: user=0.01 sys=0.00, real=0.00 secs] 
440.904: [GC (Allocation Failure) [PSYoungGen: 81325K->1501K(80896K)] 396235K->316411K(593408K), 0.0017496 secs] [Times: user=0.01 sys=0.00, real=0.01 secs] 
441.044: [GC (Allocation Failure) [PSYoungGen: 80861K->1517K(80384K)] 395771K->316427K(592896K), 0.0016207 secs] [Times: user=0.01 sys=0.00, real=0.00 secs] 
441.182: [GC (Allocation Failure) [PSYoungGen: 80365K->1504K(86528K)] 395275K->316413K(599040K), 0.0017251 secs] [Times: user=0.01 sys=0.00, real=0.01 secs] 
443.105: [GC (Allocation Failure) [PSYoungGen: 86496K->1344K(86016K)] 401405K->316261K(598528K), 0.0045239 secs] [Times: user=0.02 sys=0.01, real=0.00 secs] 
444.937: [GC (Allocation Failure) [PSYoungGen: 85824K->1360K(85504K)] 400741K->316285K(598016K), 0.0046674 secs] [Times: user=0.01 sys=0.00, real=0.00 secs] 
445.529: [GC (Allocation Failure) [PSYoungGen: 85328K->1408K(84992K)] 400253K->316349K(597504K), 0.0021402 secs] [Times: user=0.01 sys=0.00, real=0.00 secs] 
445.768: [GC (Allocation Failure) [PSYoungGen: 84864K->1469K(84480K)] 399805K->316411K(596992K), 0.0017196 secs] [Times: user=0.01 sys=0.00, real=0.00 secs] 
445.914: [GC (Allocation Failure) [PSYoungGen: 84413K->1501K(83968K)] 399355K->316443K(596480K), 0.0015892 secs] [Times: user=0.00 sys=0.00, real=0.01 secs] 
446.057: [GC (Allocation Failure) [PSYoungGen: 83933K->1501K(83456K)] 398875K->316443K(595968K), 0.0016916 secs] [Times: user=0.01 sys=0.00, real=0.00 secs] 
446.691: [GC (Allocation Failure) [PSYoungGen: 83421K->1440K(82944K)] 398363K->316381K(595456K), 0.0019397 secs] [Times: user=0.01 sys=0.00, real=0.00 secs] 
447.348: [GC (Allocation Failure) [PSYoungGen: 82848K->1440K(82432K)] 397789K->316381K(594944K), 0.0022154 secs] [Times: user=0.01 sys=0.00, real=0.00 secs] 
447.869: [GC (Allocation Failure) [PSYoungGen: 82336K->1408K(81920K)] 397277K->316349K(594432K), 0.0023115 secs] [Times: user=0.01 sys=0.00, real=0.00 secs] 
448.649: [GC (Allocation Failure) [PSYoungGen: 81792K->1453K(81408K)] 396733K->316395K(593920K), 0.0039270 secs] [Times: user=0.01 sys=0.01, real=0.00 secs] 
448.886: [GC (Allocation Failure) [PSYoungGen: 81325K->1501K(80896K)] 396267K->316443K(593408K), 0.0016569 secs] [Times: user=0.01 sys=0.00, real=0.00 secs] 
449.025: [GC (Allocation Failure) [PSYoungGen: 80861K->1533K(80384K)] 395803K->316475K(592896K), 0.0018686 secs] [Times: user=0.01 sys=0.00, real=0.00 secs] 
449.184: [GC (Allocation Failure) [PSYoungGen: 80381K->1485K(79872K)] 395323K->316427K(592384K), 0.0019978 secs] [Times: user=0.01 sys=0.00, real=0.00 secs] 
450.123: [GC (Allocation Failure) [PSYoungGen: 79821K->1408K(79360K)] 394763K->316349K(591872K), 0.0034032 secs] [Times: user=0.01 sys=0.00, real=0.01 secs] 
450.959: [GC (Allocation Failure) [PSYoungGen: 79232K->1408K(78848K)] 394173K->316349K(591360K), 0.0030077 secs] [Times: user=0.01 sys=0.00, real=0.00 secs] 
451.759: [GC (Allocation Failure) [PSYoungGen: 78720K->1408K(78336K)] 393661K->316349K(590848K), 0.0024046 secs] [Times: user=0.01 sys=0.00, real=0.00 secs] 
452.269: [GC (Allocation Failure) [PSYoungGen: 78208K->1421K(77824K)] 393149K->316387K(590336K), 0.0021505 secs] [Times: user=0.01 sys=0.00, real=0.00 secs] 
452.415: [GC (Allocation Failure) [PSYoungGen: 77709K->1501K(77312K)] 392675K->316467K(589824K), 0.0016341 secs] [Times: user=0.00 sys=0.00, real=0.00 secs] 
452.548: [GC (Allocation Failure) [PSYoungGen: 77277K->1517K(76800K)] 392243K->316483K(589312K), 0.0016226 secs] [Times: user=0.01 sys=0.00, real=0.00 secs] 
452.680: [GC (Allocation Failure) [PSYoungGen: 76781K->1501K(82944K)] 391747K->316467K(595456K), 0.0018587 secs] [Times: user=0.01 sys=0.00, real=0.00 secs] 
453.410: [GC (Allocation Failure) [PSYoungGen: 82909K->1408K(82432K)] 397875K->316373K(594944K), 0.0023220 secs] [Times: user=0.01 sys=0.00, real=0.00 secs] 
454.174: [GC (Allocation Failure) [PSYoungGen: 82304K->1360K(81920K)] 397269K->316325K(594432K), 0.0033584 secs] [Times: user=0.01 sys=0.00, real=0.01 secs] 
454.666: [GC (Allocation Failure) [PSYoungGen: 81744K->1408K(81408K)] 396709K->316373K(593920K), 0.0020761 secs] [Times: user=0.01 sys=0.00, real=0.00 secs] 
454.975: [GC (Allocation Failure) [PSYoungGen: 81280K->1453K(80896K)] 396245K->316419K(593408K), 0.0022699 secs] [Times: user=0.01 sys=0.00, real=0.00 secs] 
455.180: [GC (Allocation Failure) [PSYoungGen: 80813K->1501K(80384K)] 395779K->316467K(592896K), 0.0016710 secs] [Times: user=0.00 sys=0.00, real=0.00 secs] 
455.340: [GC (Allocation Failure) [PSYoungGen: 80349K->1517K(79872K)] 395315K->316483K(592384K), 0.0021085 secs] [Times: user=0.00 sys=0.00, real=0.00 secs] 
455.725: [GC (Allocation Failure) [PSYoungGen: 79853K->1520K(79360K)] 394819K->316655K(591872K), 0.0025914 secs] [Times: user=0.02 sys=0.00, real=0.00 secs] 
456.435: [GC (Allocation Failure) [PSYoungGen: 79344K->1344K(78848K)] 394479K->316479K(591360K), 0.0033124 secs] [Times: user=0.01 sys=0.00, real=0.00 secs] 
457.087: [GC (Allocation Failure) [PSYoungGen: 78656K->1312K(78336K)] 393791K->316447K(590848K), 0.0025245 secs] [Times: user=0.01 sys=0.00, real=0.00 secs] 
457.581: [GC (Allocation Failure) [PSYoungGen: 78112K->1312K(77824K)] 393247K->316447K(590336K), 0.0026556 secs] [Times: user=0.01 sys=0.00, real=0.00 secs] 
458.065: [GC (Allocation Failure) [PSYoungGen: 77587K->1453K(77312K)] 392723K->317613K(589824K), 0.0020489 secs] [Times: user=0.01 sys=0.00, real=0.00 secs] 
458.201: [GC (Allocation Failure) [PSYoungGen: 77229K->1472K(76800K)] 393389K->317632K(589312K), 0.0017003 secs] [Times: user=0.01 sys=0.00, real=0.00 secs] 
458.332: [GC (Allocation Failure) [PSYoungGen: 76736K->1453K(76288K)] 392896K->317613K(588800K), 0.0016260 secs] [Times: user=0.01 sys=0.00, real=0.01 secs] 
458.484: [GC (Allocation Failure) [PSYoungGen: 76205K->333K(81408K)] 392365K->316493K(593920K), 0.0019410 secs] [Times: user=0.01 sys=0.00, real=0.00 secs] 
459.229: [GC (Allocation Failure) [PSYoungGen: 81229K->1440K(81920K)] 397389K->317599K(594432K), 0.0019880 secs] [Times: user=0.01 sys=0.00, real=0.00 secs] 
459.706: [GC (Allocation Failure) [PSYoungGen: 81824K->1392K(81408K)] 397983K->317551K(593920K), 0.0025050 secs] [Times: user=0.01 sys=0.00, real=0.00 secs] 
460.093: [GC (Allocation Failure) [PSYoungGen: 81264K->1440K(80896K)] 397423K->317599K(593408K), 0.0023523 secs] [Times: user=0.01 sys=0.00, real=0.01 secs] 
460.496: [GC (Allocation Failure) [PSYoungGen: 80800K->1485K(80384K)] 396959K->317661K(592896K), 0.0016493 secs] [Times: user=0.00 sys=0.00, real=0.00 secs] 
460.635: [GC (Allocation Failure) [PSYoungGen: 80333K->1533K(79872K)] 396509K->317709K(592384K), 0.0015913 secs] [Times: user=0.01 sys=0.00, real=0.00 secs] 
460.774: [GC (Allocation Failure) [PSYoungGen: 79869K->1533K(79360K)] 396045K->317709K(591872K), 0.0017468 secs] [Times: user=0.01 sys=0.00, real=0.01 secs] 
461.271: [GC (Allocation Failure) [PSYoungGen: 79357K->1504K(78848K)] 395533K->317679K(591360K), 0.0021437 secs] [Times: user=0.01 sys=0.00, real=0.00 secs] 
462.542: [GC (Allocation Failure) [PSYoungGen: 78816K->1408K(78336K)] 394991K->317639K(590848K), 0.0047514 secs] [Times: user=0.02 sys=0.00, real=0.01 secs] 
462.918: [GC (Allocation Failure) [PSYoungGen: 78208K->1376K(77824K)] 394439K->317607K(590336K), 0.0022332 secs] [Times: user=0.01 sys=0.00, real=0.00 secs] 
463.278: [GC (Allocation Failure) [PSYoungGen: 77664K->1376K(77312K)] 393895K->317607K(589824K), 0.0021701 secs] [Times: user=0.00 sys=0.00, real=0.00 secs] 
463.557: [GC (Allocation Failure) [PSYoungGen: 77152K->1488K(76800K)] 393383K->317720K(589312K), 0.0015354 secs] [Times: user=0.00 sys=0.00, real=0.00 secs] 
463.688: [GC (Allocation Failure) [PSYoungGen: 76752K->1533K(76288K)] 392984K->317765K(588800K), 0.0017228 secs] [Times: user=0.00 sys=0.00, real=0.00 secs] 
463.818: [GC (Allocation Failure) [PSYoungGen: 76285K->1501K(81920K)] 392517K->317733K(594432K), 0.0016591 secs] [Times: user=0.01 sys=0.00, real=0.00 secs] 
464.288: [GC (Allocation Failure) [PSYoungGen: 81885K->1504K(81408K)] 398117K->317735K(593920K), 0.0023671 secs] [Times: user=0.00 sys=0.00, real=0.00 secs] 
465.488: [GC (Allocation Failure) [PSYoungGen: 81376K->1376K(80896K)] 397607K->317607K(593408K), 0.0040191 secs] [Times: user=0.02 sys=0.00, real=0.00 secs] 
466.281: [GC (Allocation Failure) [PSYoungGen: 80736K->1408K(80384K)] 396967K->317639K(592896K), 0.0041968 secs] [Times: user=0.02 sys=0.00, real=0.01 secs] 
466.981: [GC (Allocation Failure) [PSYoungGen: 80256K->1408K(79872K)] 396487K->317639K(592384K), 0.0028700 secs] [Times: user=0.01 sys=0.00, real=0.01 secs] 
467.382: [GC (Allocation Failure) [PSYoungGen: 79744K->1469K(79360K)] 395975K->317701K(591872K), 0.0022102 secs] [Times: user=0.00 sys=0.00, real=0.00 secs] 
467.527: [GC (Allocation Failure) [PSYoungGen: 79293K->1501K(78848K)] 395525K->317733K(591360K), 0.0016138 secs] [Times: user=0.01 sys=0.00, real=0.00 secs] 
467.662: [GC (Allocation Failure) [PSYoungGen: 78813K->1485K(78336K)] 395045K->317717K(590848K), 0.0016707 secs] [Times: user=0.01 sys=0.00, real=0.00 secs] 
467.884: [GC (Allocation Failure) [PSYoungGen: 78285K->1472K(77824K)] 394517K->317703K(590336K), 0.0020399 secs] [Times: user=0.01 sys=0.00, real=0.01 secs] 
468.201: [GC (Allocation Failure) [PSYoungGen: 77760K->1408K(77312K)] 393991K->317639K(589824K), 0.0018516 secs] [Times: user=0.01 sys=0.00, real=0.00 secs] 
468.732: [GC (Allocation Failure) [PSYoungGen: 77184K->1376K(76800K)] 393415K->317607K(589312K), 0.0019925 secs] [Times: user=0.00 sys=0.00, real=0.01 secs] 
469.347: [GC (Allocation Failure) [PSYoungGen: 76640K->1376K(76288K)] 392871K->317607K(588800K), 0.0034183 secs] [Times: user=0.02 sys=0.00, real=0.00 secs] 
469.721: [GC (Allocation Failure) [PSYoungGen: 76128K->1501K(75776K)] 392359K->317733K(588288K), 0.0015905 secs] [Times: user=0.00 sys=0.00, real=0.00 secs] 
469.852: [GC (Allocation Failure) [PSYoungGen: 75741K->1517K(75264K)] 391973K->317749K(587776K), 0.0016137 secs] [Times: user=0.01 sys=0.00, real=0.00 secs] 
469.980: [GC (Allocation Failure) [PSYoungGen: 75245K->1533K(74752K)] 391477K->317765K(587264K), 0.0016085 secs] [Times: user=0.01 sys=0.00, real=0.00 secs] 
470.322: [GC (Allocation Failure) [PSYoungGen: 74749K->1712K(74752K)] 390981K->317943K(587264K), 0.0023585 secs] [Times: user=0.01 sys=0.00, real=0.01 secs] 
472.028: [GC (Allocation Failure) [PSYoungGen: 74416K->352K(72704K)] 390647K->317615K(585216K), 0.0048315 secs] [Times: user=0.02 sys=0.00, real=0.00 secs] 
473.419: [GC (Allocation Failure) [PSYoungGen: 72544K->352K(73728K)] 389807K->317631K(586240K), 0.0043583 secs] [Times: user=0.02 sys=0.00, real=0.00 secs] 
474.406: [GC (Allocation Failure) [PSYoungGen: 72032K->384K(71680K)] 389311K->317663K(584192K), 0.0033107 secs] [Times: user=0.01 sys=0.00, real=0.00 secs] 
475.191: [GC (Allocation Failure) [PSYoungGen: 71552K->1501K(73216K)] 388831K->318781K(585728K), 0.0024696 secs] [Times: user=0.02 sys=0.00, real=0.00 secs] 
475.367: [GC (Allocation Failure) [PSYoungGen: 72143K->1501K(71680K)] 389423K->318781K(584192K), 0.0015802 secs] [Times: user=0.01 sys=0.00, real=0.00 secs] 
475.490: [GC (Allocation Failure) [PSYoungGen: 71641K->1469K(71168K)] 388921K->318749K(583680K), 0.0016982 secs] [Times: user=0.00 sys=0.00, real=0.00 secs] 
475.614: [GC (Allocation Failure) [PSYoungGen: 71101K->1469K(70656K)] 388381K->318749K(583168K), 0.0016554 secs] [Times: user=0.01 sys=0.00, real=0.01 secs] 
475.874: [GC (Allocation Failure) [PSYoungGen: 70589K->1392K(70144K)] 387869K->318671K(582656K), 0.0021630 secs] [Times: user=0.01 sys=0.00, real=0.01 secs] 
476.201: [GC (Allocation Failure) [PSYoungGen: 70000K->1376K(69632K)] 387279K->318655K(582144K), 0.0021642 secs] [Times: user=0.00 sys=0.00, real=0.00 secs] 
476.491: [GC (Allocation Failure) [PSYoungGen: 69472K->1376K(69120K)] 386751K->318655K(581632K), 0.0019398 secs] [Times: user=0.00 sys=0.00, real=0.00 secs] 
476.804: [GC (Allocation Failure) [PSYoungGen: 68960K->1376K(68608K)] 386239K->318655K(581120K), 0.0018641 secs] [Times: user=0.01 sys=0.00, real=0.01 secs] 
477.073: [GC (Allocation Failure) [PSYoungGen: 68448K->1501K(68096K)] 385727K->318781K(580608K), 0.0020957 secs] [Times: user=0.01 sys=0.00, real=0.01 secs] 
477.195: [GC (Allocation Failure) [PSYoungGen: 68061K->1501K(67584K)] 385341K->318781K(580096K), 0.0016613 secs] [Times: user=0.01 sys=0.00, real=0.00 secs] 
477.332: [GC (Allocation Failure) [PSYoungGen: 67549K->1485K(73216K)] 384829K->318765K(585728K), 0.0020348 secs] [Times: user=0.01 sys=0.00, real=0.01 secs] 
477.501: [GC (Allocation Failure) [PSYoungGen: 73165K->1501K(78848K)] 390445K->318797K(591360K), 0.0016337 secs] [Times: user=0.01 sys=0.00, real=0.00 secs] 
478.298: [GC (Allocation Failure) [PSYoungGen: 78813K->1440K(78336K)] 396109K->318735K(590848K), 0.0038147 secs] [Times: user=0.01 sys=0.00, real=0.00 secs] 
479.209: [GC (Allocation Failure) [PSYoungGen: 78240K->1408K(77824K)] 395535K->318703K(590336K), 0.0047280 secs] [Times: user=0.02 sys=0.00, real=0.00 secs] 
479.891: [GC (Allocation Failure) [PSYoungGen: 77696K->1360K(77312K)] 394991K->318655K(589824K), 0.0028153 secs] [Times: user=0.01 sys=0.00, real=0.00 secs] 
480.574: [GC (Allocation Failure) [PSYoungGen: 77136K->1376K(76800K)] 394431K->318679K(589312K), 0.0023124 secs] [Times: user=0.01 sys=0.00, real=0.01 secs] 
480.808: [GC (Allocation Failure) [PSYoungGen: 76640K->1437K(76288K)] 393943K->318741K(588800K), 0.0016016 secs] [Times: user=0.00 sys=0.00, real=0.00 secs] 
480.940: [GC (Allocation Failure) [PSYoungGen: 76189K->1533K(75776K)] 393493K->318837K(588288K), 0.0016495 secs] [Times: user=0.01 sys=0.00, real=0.00 secs] 
481.071: [GC (Allocation Failure) [PSYoungGen: 75773K->1485K(75264K)] 393077K->318789K(587776K), 0.0016507 secs] [Times: user=0.01 sys=0.00, real=0.00 secs] 
481.489: [GC (Allocation Failure) [PSYoungGen: 75213K->1440K(74752K)] 392517K->318743K(587264K), 0.0020467 secs] [Times: user=0.00 sys=0.00, real=0.00 secs] 
481.839: [GC (Allocation Failure) [PSYoungGen: 74656K->1440K(74240K)] 391959K->318743K(586752K), 0.0020436 secs] [Times: user=0.01 sys=0.00, real=0.00 secs] 
482.180: [GC (Allocation Failure) [PSYoungGen: 74144K->1424K(73728K)] 391447K->318727K(586240K), 0.0020169 secs] [Times: user=0.01 sys=0.00, real=0.00 secs] 
482.488: [GC (Allocation Failure) [PSYoungGen: 73616K->1408K(73216K)] 390919K->318711K(585728K), 0.0020305 secs] [Times: user=0.01 sys=0.00, real=0.00 secs] 
482.738: [GC (Allocation Failure) [PSYoungGen: 73088K->1469K(72704K)] 390391K->318773K(585216K), 0.0015514 secs] [Times: user=0.00 sys=0.00, real=0.00 secs] 
482.863: [GC (Allocation Failure) [PSYoungGen: 72637K->1501K(72192K)] 389941K->318805K(584704K), 0.0018143 secs] [Times: user=0.01 sys=0.00, real=0.01 secs] 
482.987: [GC (Allocation Failure) [PSYoungGen: 72157K->1485K(77824K)] 389461K->318789K(590336K), 0.0015215 secs] [Times: user=0.00 sys=0.00, real=0.00 secs] 
483.171: [GC (Allocation Failure) [PSYoungGen: 77773K->1536K(84480K)] 395077K->318839K(596992K), 0.0017766 secs] [Times: user=0.01 sys=0.00, real=0.00 secs] 
484.478: [GC (Allocation Failure) [PSYoungGen: 83968K->384K(82432K)] 401271K->318727K(594944K), 0.0041792 secs] [Times: user=0.01 sys=0.00, real=0.00 secs] 
485.104: [GC (Allocation Failure) [PSYoungGen: 82304K->384K(83456K)] 400647K->318727K(595968K), 0.0025735 secs] [Times: user=0.01 sys=0.00, real=0.01 secs] 
485.812: [GC (Allocation Failure) [PSYoungGen: 81792K->416K(81408K)] 400135K->318759K(593920K), 0.0028537 secs] [Times: user=0.02 sys=0.00, real=0.01 secs] 
486.322: [GC (Allocation Failure) [PSYoungGen: 81312K->1517K(81920K)] 399655K->319861K(594432K), 0.0021709 secs] [Times: user=0.01 sys=0.00, real=0.01 secs] 
486.484: [GC (Allocation Failure) [PSYoungGen: 81901K->1485K(81408K)] 400245K->319829K(593920K), 0.0017269 secs] [Times: user=0.01 sys=0.00, real=0.01 secs] 
486.623: [GC (Allocation Failure) [PSYoungGen: 81357K->1437K(80896K)] 399701K->319781K(593408K), 0.0016968 secs] [Times: user=0.00 sys=0.00, real=0.01 secs] 
487.120: [GC (Allocation Failure) [PSYoungGen: 80797K->1440K(80384K)] 399141K->319783K(592896K), 0.0049907 secs] [Times: user=0.02 sys=0.00, real=0.01 secs] 
487.920: [GC (Allocation Failure) [PSYoungGen: 80288K->1408K(79872K)] 398631K->319751K(592384K), 0.0034289 secs] [Times: user=0.01 sys=0.00, real=0.00 secs] 
488.611: [GC (Allocation Failure) [PSYoungGen: 79744K->1408K(79360K)] 398087K->319751K(591872K), 0.0025215 secs] [Times: user=0.01 sys=0.00, real=0.00 secs] 
489.350: [GC (Allocation Failure) [PSYoungGen: 79232K->1440K(78848K)] 397575K->319783K(591360K), 0.0042674 secs] [Times: user=0.02 sys=0.00, real=0.00 secs] 
489.693: [GC (Allocation Failure) [PSYoungGen: 78752K->1517K(78336K)] 397095K->319861K(590848K), 0.0019992 secs] [Times: user=0.01 sys=0.00, real=0.01 secs] 
489.833: [GC (Allocation Failure) [PSYoungGen: 78317K->1501K(77824K)] 396661K->319845K(590336K), 0.0016907 secs] [Times: user=0.00 sys=0.00, real=0.01 secs] 
489.969: [GC (Allocation Failure) [PSYoungGen: 77789K->1533K(77312K)] 396133K->319877K(589824K), 0.0015312 secs] [Times: user=0.01 sys=0.00, real=0.00 secs] 
491.753: [GC (Allocation Failure) [PSYoungGen: 77309K->1440K(76800K)] 395653K->319783K(589312K), 0.0044071 secs] [Times: user=0.02 sys=0.00, real=0.01 secs] 
492.485: [GC (Allocation Failure) [PSYoungGen: 76704K->1392K(76288K)] 395047K->319735K(588800K), 0.0025106 secs] [Times: user=0.02 sys=0.00, real=0.00 secs] 
493.480: [GC (Allocation Failure) [PSYoungGen: 76144K->1408K(75776K)] 394487K->319775K(588288K), 0.0048106 secs] [Times: user=0.01 sys=0.00, real=0.01 secs] 
494.312: [GC (Allocation Failure) [PSYoungGen: 75648K->1392K(75264K)] 394015K->319759K(587776K), 0.0031881 secs] [Times: user=0.01 sys=0.00, real=0.01 secs] 
494.784: [GC (Allocation Failure) [PSYoungGen: 75091K->1501K(74752K)] 393458K->319869K(587264K), 0.0025896 secs] [Times: user=0.01 sys=0.00, real=0.00 secs] 
494.948: [GC (Allocation Failure) [PSYoungGen: 74693K->1424K(74240K)] 393061K->319792K(586752K), 0.0015753 secs] [Times: user=0.01 sys=0.00, real=0.00 secs] 
495.076: [GC (Allocation Failure) [PSYoungGen: 74128K->1453K(73728K)] 392496K->319821K(586240K), 0.0018287 secs] [Times: user=0.00 sys=0.00, real=0.00 secs] 
495.277: [GC (Allocation Failure) [PSYoungGen: 73645K->1456K(73216K)] 392013K->320848K(585728K), 0.0019987 secs] [Times: user=0.01 sys=0.00, real=0.00 secs] 
496.259: [GC (Allocation Failure) [PSYoungGen: 73136K->1344K(72704K)] 392528K->320744K(585216K), 0.0044162 secs] [Times: user=0.02 sys=0.00, real=0.00 secs] 
497.272: [GC (Allocation Failure) [PSYoungGen: 72512K->1408K(72192K)] 391912K->320808K(584704K), 0.0036399 secs] [Times: user=0.02 sys=0.00, real=0.01 secs] 
498.125: [GC (Allocation Failure) [PSYoungGen: 72064K->1440K(71680K)] 391464K->320848K(584192K), 0.0050830 secs] [Times: user=0.02 sys=0.00, real=0.00 secs] 
498.599: [GC (Allocation Failure) [PSYoungGen: 71584K->1469K(71168K)] 390992K->320893K(583680K), 0.0022537 secs] [Times: user=0.01 sys=0.00, real=0.00 secs] 
498.768: [GC (Allocation Failure) [PSYoungGen: 71101K->1469K(70656K)] 390525K->320893K(583168K), 0.0016299 secs] [Times: user=0.01 sys=0.00, real=0.00 secs] 
498.889: [GC (Allocation Failure) [PSYoungGen: 70589K->1437K(70144K)] 390013K->320861K(582656K), 0.0014877 secs] [Times: user=0.00 sys=0.00, real=0.00 secs] 
499.009: [GC (Allocation Failure) [PSYoungGen: 70039K->1517K(75776K)] 389463K->320941K(588288K), 0.0017366 secs] [Times: user=0.01 sys=0.00, real=0.00 secs] 
499.751: [GC (Allocation Failure) [PSYoungGen: 75757K->1456K(75264K)] 395181K->320888K(587776K), 0.0023847 secs] [Times: user=0.01 sys=0.00, real=0.00 secs] 
500.753: [GC (Allocation Failure) [PSYoungGen: 75184K->1376K(74752K)] 394616K->320808K(587264K), 0.0048202 secs] [Times: user=0.02 sys=0.00, real=0.01 secs] 
501.736: [GC (Allocation Failure) [PSYoungGen: 74592K->1408K(74240K)] 394024K->320840K(586752K), 0.0040043 secs] [Times: user=0.01 sys=0.00, real=0.00 secs] 
502.341: [GC (Allocation Failure) [PSYoungGen: 74112K->1440K(73728K)] 393544K->320872K(586240K), 0.0029166 secs] [Times: user=0.01 sys=0.01, real=0.01 secs] 
502.760: [GC (Allocation Failure) [PSYoungGen: 73632K->1501K(73216K)] 393064K->320957K(585728K), 0.0021642 secs] [Times: user=0.01 sys=0.00, real=0.00 secs] 
502.908: [GC (Allocation Failure) [PSYoungGen: 73176K->1501K(72704K)] 392632K->320957K(585216K), 0.0016133 secs] [Times: user=0.00 sys=0.00, real=0.00 secs] 
503.033: [GC (Allocation Failure) [PSYoungGen: 72669K->1533K(72192K)] 392125K->320989K(584704K), 0.0016405 secs] [Times: user=0.01 sys=0.00, real=0.01 secs] 
503.156: [GC (Allocation Failure) [PSYoungGen: 72189K->1469K(77824K)] 391645K->320949K(590336K), 0.0015741 secs] [Times: user=0.01 sys=0.00, real=0.00 secs] 
503.774: [GC (Allocation Failure) [PSYoungGen: 77757K->1440K(77312K)] 397237K->320928K(589824K), 0.0019021 secs] [Times: user=0.01 sys=0.00, real=0.01 secs] 
504.272: [GC (Allocation Failure) [PSYoungGen: 77216K->1344K(76800K)] 396704K->320832K(589312K), 0.0029666 secs] [Times: user=0.02 sys=0.00, real=0.01 secs] 
504.584: [GC (Allocation Failure) [PSYoungGen: 76608K->1408K(76288K)] 396096K->320904K(588800K), 0.0023785 secs] [Times: user=0.01 sys=0.00, real=0.00 secs] 
505.046: [GC (Allocation Failure) [PSYoungGen: 76160K->1501K(75776K)] 395656K->320997K(588288K), 0.0022088 secs] [Times: user=0.01 sys=0.00, real=0.00 secs] 
505.180: [GC (Allocation Failure) [PSYoungGen: 75741K->1533K(75264K)] 395237K->321061K(587776K), 0.0017545 secs] [Times: user=0.00 sys=0.00, real=0.00 secs] 
505.308: [GC (Allocation Failure) [PSYoungGen: 75261K->1533K(80896K)] 394789K->321061K(593408K), 0.0016630 secs] [Times: user=0.01 sys=0.00, real=0.00 secs] 
505.448: [GC (Allocation Failure) [PSYoungGen: 80893K->1517K(87040K)] 400421K->321045K(599552K), 0.0016200 secs] [Times: user=0.01 sys=0.00, real=0.00 secs] 
506.281: [GC (Allocation Failure) [PSYoungGen: 87021K->1424K(86528K)] 406549K->320968K(599040K), 0.0025453 secs] [Times: user=0.01 sys=0.00, real=0.00 secs] 
506.998: [GC (Allocation Failure) [PSYoungGen: 86416K->1376K(86016K)] 405960K->320920K(598528K), 0.0053796 secs] [Times: user=0.02 sys=0.00, real=0.00 secs] 
507.711: [GC (Allocation Failure) [PSYoungGen: 85856K->1408K(85504K)] 405400K->320952K(598016K), 0.0024954 secs] [Times: user=0.01 sys=0.00, real=0.00 secs] 
508.085: [GC (Allocation Failure) [PSYoungGen: 85376K->1469K(84992K)] 404920K->321013K(597504K), 0.0015864 secs] [Times: user=0.01 sys=0.00, real=0.00 secs] 
508.230: [GC (Allocation Failure) [PSYoungGen: 84925K->1472K(84480K)] 404469K->321016K(596992K), 0.0017546 secs] [Times: user=0.01 sys=0.00, real=0.00 secs] 
508.376: [GC (Allocation Failure) [PSYoungGen: 84416K->1504K(83968K)] 403960K->321048K(596480K), 0.0015783 secs] [Times: user=0.00 sys=0.00, real=0.00 secs] 
508.663: [GC (Allocation Failure) [PSYoungGen: 83936K->1440K(83456K)] 403480K->320992K(595968K), 0.0019769 secs] [Times: user=0.01 sys=0.00, real=0.01 secs] 
509.003: [GC (Allocation Failure) [PSYoungGen: 83360K->1376K(82944K)] 402912K->320928K(595456K), 0.0018975 secs] [Times: user=0.01 sys=0.00, real=0.01 secs] 
509.394: [GC (Allocation Failure) [PSYoungGen: 82784K->1376K(82432K)] 402336K->320936K(594944K), 0.0034497 secs] [Times: user=0.02 sys=0.00, real=0.01 secs] 
510.025: [GC (Allocation Failure) [PSYoungGen: 82087K->304K(80896K)] 401647K->319864K(593408K), 0.0025462 secs] [Times: user=0.01 sys=0.00, real=0.00 secs] 
510.228: [GC (Allocation Failure) [PSYoungGen: 80688K->1501K(81920K)] 400248K->321093K(594432K), 0.0016207 secs] [Times: user=0.01 sys=0.00, real=0.00 secs] 
510.368: [GC (Allocation Failure) [PSYoungGen: 81373K->1488K(80896K)] 400965K->321080K(593408K), 0.0016394 secs] [Times: user=0.00 sys=0.00, real=0.00 secs] 
510.530: [GC (Allocation Failure) [PSYoungGen: 80848K->1501K(87040K)] 400440K->321093K(599552K), 0.0021507 secs] [Times: user=0.01 sys=0.00, real=0.00 secs] 
511.141: [GC (Allocation Failure) [PSYoungGen: 87005K->1440K(86528K)] 406597K->321040K(599040K), 0.0021344 secs] [Times: user=0.01 sys=0.00, real=0.00 secs] 
512.218: [GC (Allocation Failure) [PSYoungGen: 86432K->1408K(86016K)] 406032K->321008K(598528K), 0.0041488 secs] [Times: user=0.01 sys=0.00, real=0.00 secs] 
513.314: [GC (Allocation Failure) [PSYoungGen: 85888K->1376K(85504K)] 405488K->320984K(598016K), 0.0023377 secs] [Times: user=0.01 sys=0.00, real=0.01 secs] 
514.046: [GC (Allocation Failure) [PSYoungGen: 85344K->1453K(84992K)] 404952K->321061K(597504K), 0.0024006 secs] [Times: user=0.00 sys=0.00, real=0.00 secs] 
514.204: [GC (Allocation Failure) [PSYoungGen: 84909K->1501K(84480K)] 404517K->321109K(596992K), 0.0016690 secs] [Times: user=0.01 sys=0.00, real=0.00 secs] 
514.350: [GC (Allocation Failure) [PSYoungGen: 84445K->1517K(83968K)] 404053K->321125K(596480K), 0.0017384 secs] [Times: user=0.01 sys=0.00, real=0.00 secs] 
514.705: [GC (Allocation Failure) [PSYoungGen: 83949K->1440K(83456K)] 403557K->321048K(595968K), 0.0021822 secs] [Times: user=0.01 sys=0.00, real=0.00 secs] 
515.484: [GC (Allocation Failure) [PSYoungGen: 83360K->1408K(82944K)] 402968K->321016K(595456K), 0.0047533 secs] [Times: user=0.01 sys=0.00, real=0.00 secs] 
516.104: [GC (Allocation Failure) [PSYoungGen: 82816K->1408K(82432K)] 402424K->321024K(594944K), 0.0025605 secs] [Times: user=0.01 sys=0.00, real=0.00 secs] 
516.768: [GC (Allocation Failure) [PSYoungGen: 82304K->1408K(81920K)] 401920K->321024K(594432K), 0.0025065 secs] [Times: user=0.01 sys=0.00, real=0.00 secs] 
517.040: [GC (Allocation Failure) [PSYoungGen: 81792K->1501K(81408K)] 401408K->321117K(593920K), 0.0015783 secs] [Times: user=0.00 sys=0.00, real=0.00 secs] 
517.179: [GC (Allocation Failure) [PSYoungGen: 81373K->1501K(80896K)] 400989K->321117K(593408K), 0.0017868 secs] [Times: user=0.00 sys=0.00, real=0.00 secs] 
517.342: [GC (Allocation Failure) [PSYoungGen: 80861K->1453K(80384K)] 400477K->321069K(592896K), 0.0020112 secs] [Times: user=0.01 sys=0.00, real=0.00 secs] 
517.647: [GC (Allocation Failure) [PSYoungGen: 80301K->1456K(79872K)] 399917K->321072K(592384K), 0.0021622 secs] [Times: user=0.01 sys=0.00, real=0.00 secs] 
518.228: [GC (Allocation Failure) [PSYoungGen: 79792K->1440K(79360K)] 399408K->321056K(591872K), 0.0023622 secs] [Times: user=0.01 sys=0.00, real=0.00 secs] 
518.871: [GC (Allocation Failure) [PSYoungGen: 79264K->1408K(78848K)] 398880K->321032K(591360K), 0.0026815 secs] [Times: user=0.01 sys=0.00, real=0.00 secs] 
519.508: [GC (Allocation Failure) [PSYoungGen: 78720K->1469K(78336K)] 398344K->321093K(590848K), 0.0029631 secs] [Times: user=0.01 sys=0.00, real=0.00 secs] 
519.716: [GC (Allocation Failure) [PSYoungGen: 78269K->1520K(77824K)] 397893K->321144K(590336K), 0.0016580 secs] [Times: user=0.00 sys=0.00, real=0.00 secs] 
519.850: [GC (Allocation Failure) [PSYoungGen: 77808K->1488K(77312K)] 397432K->321112K(589824K), 0.0015187 secs] [Times: user=0.00 sys=0.00, real=0.00 secs] 
519.982: [GC (Allocation Failure) [PSYoungGen: 77264K->1469K(76800K)] 396888K->321093K(589312K), 0.0016162 secs] [Times: user=0.00 sys=0.00, real=0.00 secs] 
520.359: [GC (Allocation Failure) [PSYoungGen: 76733K->1456K(76288K)] 396357K->321080K(588800K), 0.0028179 secs] [Times: user=0.01 sys=0.00, real=0.00 secs] 
520.937: [GC (Allocation Failure) [PSYoungGen: 76208K->1408K(75776K)] 395832K->321048K(588288K), 0.0028599 secs] [Times: user=0.01 sys=0.01, real=0.00 secs] 
521.499: [GC (Allocation Failure) [PSYoungGen: 75648K->1392K(75264K)] 395288K->321032K(587776K), 0.0025844 secs] [Times: user=0.01 sys=0.00, real=0.00 secs] 
522.238: [GC (Allocation Failure) [PSYoungGen: 75120K->1408K(74752K)] 394760K->321048K(587264K), 0.0024489 secs] [Times: user=0.01 sys=0.00, real=0.00 secs] 
522.529: [GC (Allocation Failure) [PSYoungGen: 74624K->1469K(74240K)] 394264K->321109K(586752K), 0.0017342 secs] [Times: user=0.01 sys=0.00, real=0.00 secs] 
522.657: [GC (Allocation Failure) [PSYoungGen: 74173K->1456K(75264K)] 393813K->321096K(587776K), 0.0039299 secs] [Times: user=0.02 sys=0.00, real=0.00 secs] 
522.787: [GC (Allocation Failure) [PSYoungGen: 74672K->1533K(81408K)] 394312K->321173K(593920K), 0.0023138 secs] [Times: user=0.01 sys=0.00, real=0.00 secs] 
523.498: [GC (Allocation Failure) [PSYoungGen: 80893K->1456K(81408K)] 400533K->321096K(593920K), 0.0023146 secs] [Times: user=0.01 sys=0.00, real=0.00 secs] 
524.692: [GC (Allocation Failure) [PSYoungGen: 80816K->1424K(80384K)] 400456K->321080K(592896K), 0.0029624 secs] [Times: user=0.00 sys=0.00, real=0.01 secs] 
525.688: [GC (Allocation Failure) [PSYoungGen: 80272K->1360K(79872K)] 399928K->321016K(592384K), 0.0031999 secs] [Times: user=0.01 sys=0.00, real=0.00 secs] 
526.591: [GC (Allocation Failure) [PSYoungGen: 79696K->1376K(79360K)] 399352K->321032K(591872K), 0.0027288 secs] [Times: user=0.01 sys=0.01, real=0.00 secs] 
526.957: [GC (Allocation Failure) [PSYoungGen: 79200K->1469K(78848K)] 398856K->321125K(591360K), 0.0017059 secs] [Times: user=0.01 sys=0.00, real=0.00 secs] 
527.092: [GC (Allocation Failure) [PSYoungGen: 78781K->1488K(78336K)] 398437K->321144K(590848K), 0.0016255 secs] [Times: user=0.00 sys=0.00, real=0.00 secs] 
527.226: [GC (Allocation Failure) [PSYoungGen: 78288K->1501K(77824K)] 397944K->321157K(590336K), 0.0018286 secs] [Times: user=0.01 sys=0.00, real=0.00 secs] 
527.706: [GC (Allocation Failure) [PSYoungGen: 77789K->1424K(77312K)] 397445K->321080K(589824K), 0.0019910 secs] [Times: user=0.01 sys=0.00, real=0.00 secs] 
528.539: [GC (Allocation Failure) [PSYoungGen: 77200K->1440K(76800K)] 396856K->321096K(589312K), 0.0026302 secs] [Times: user=0.00 sys=0.00, real=0.00 secs] 
529.758: [GC (Allocation Failure) [PSYoungGen: 76704K->1376K(76288K)] 396360K->321032K(588800K), 0.0032031 secs] [Times: user=0.01 sys=0.01, real=0.00 secs] 
530.858: [GC (Allocation Failure) [PSYoungGen: 76128K->1408K(75776K)] 395784K->321064K(588288K), 0.0031613 secs] [Times: user=0.01 sys=0.00, real=0.00 secs] 
531.366: [GC (Allocation Failure) [PSYoungGen: 75648K->1469K(75264K)] 395304K->321125K(587776K), 0.0021685 secs] [Times: user=0.01 sys=0.00, real=0.00 secs] 
531.503: [GC (Allocation Failure) [PSYoungGen: 75197K->1485K(74752K)] 394853K->321141K(587264K), 0.0017164 secs] [Times: user=0.01 sys=0.00, real=0.01 secs] 
531.631: [GC (Allocation Failure) [PSYoungGen: 74701K->1517K(74240K)] 394357K->321173K(586752K), 0.0015702 secs] [Times: user=0.01 sys=0.00, real=0.00 secs] 
531.886: [GC (Allocation Failure) [PSYoungGen: 74221K->1488K(73728K)] 393877K->321144K(586240K), 0.0020363 secs] [Times: user=0.01 sys=0.00, real=0.00 secs] 
532.187: [GC (Allocation Failure) [PSYoungGen: 73680K->1376K(73216K)] 393336K->321032K(585728K), 0.0021935 secs] [Times: user=0.01 sys=0.00, real=0.00 secs] 
532.491: [GC (Allocation Failure) [PSYoungGen: 73056K->1392K(72704K)] 392712K->321072K(585216K), 0.0033404 secs] [Times: user=0.01 sys=0.01, real=0.01 secs] 
532.783: [GC (Allocation Failure) [PSYoungGen: 72560K->1376K(72192K)] 392240K->321056K(584704K), 0.0026990 secs] [Times: user=0.01 sys=0.00, real=0.01 secs] 
533.698: [GC (Allocation Failure) [PSYoungGen: 72019K->1453K(71680K)] 391699K->321133K(584192K), 0.0023713 secs] [Times: user=0.01 sys=0.00, real=0.00 secs] 
533.838: [GC (Allocation Failure) [PSYoungGen: 71567K->1485K(71168K)] 391247K->321165K(583680K), 0.0015995 secs] [Times: user=0.01 sys=0.01, real=0.00 secs] 
533.977: [GC (Allocation Failure) [PSYoungGen: 71117K->1485K(76800K)] 390797K->321165K(589312K), 0.0020462 secs] [Times: user=0.01 sys=0.00, real=0.00 secs] 
534.141: [GC (Allocation Failure) [PSYoungGen: 76749K->1501K(77312K)] 396429K->321181K(589824K), 0.0017865 secs] [Times: user=0.00 sys=0.00, real=0.00 secs] 
534.866: [GC (Allocation Failure) [PSYoungGen: 77277K->1472K(76800K)] 396957K->321152K(589312K), 0.0035422 secs] [Times: user=0.01 sys=0.00, real=0.00 secs] 
535.539: [GC (Allocation Failure) [PSYoungGen: 76736K->1376K(76288K)] 396416K->321072K(588800K), 0.0034162 secs] [Times: user=0.01 sys=0.00, real=0.00 secs] 
536.268: [GC (Allocation Failure) [PSYoungGen: 76128K->1392K(75776K)] 395824K->321088K(588288K), 0.0026025 secs] [Times: user=0.01 sys=0.00, real=0.00 secs] 
537.022: [GC (Allocation Failure) [PSYoungGen: 75632K->1408K(75264K)] 395328K->321104K(587776K), 0.0045446 secs] [Times: user=0.02 sys=0.00, real=0.01 secs] 
537.299: [GC (Allocation Failure) [PSYoungGen: 75136K->1565K(75264K)] 394832K->321261K(587776K), 0.0019926 secs] [Times: user=0.01 sys=0.00, real=0.00 secs] 
537.432: [GC (Allocation Failure) [PSYoungGen: 74781K->1533K(74240K)] 394477K->321229K(586752K), 0.0016393 secs] [Times: user=0.01 sys=0.00, real=0.00 secs] 
537.560: [GC (Allocation Failure) [PSYoungGen: 74237K->1501K(75264K)] 393933K->321197K(587776K), 0.0016717 secs] [Times: user=0.01 sys=0.00, real=0.00 secs] 
538.361: [GC (Allocation Failure) [PSYoungGen: 74717K->1456K(74240K)] 394413K->321168K(586752K), 0.0031381 secs] [Times: user=0.01 sys=0.00, real=0.00 secs] 
539.354: [GC (Allocation Failure) [PSYoungGen: 74160K->1408K(73728K)] 393872K->321120K(586240K), 0.0042932 secs] [Times: user=0.02 sys=0.01, real=0.00 secs] 
540.214: [GC (Allocation Failure) [PSYoungGen: 73600K->1376K(73216K)] 393312K->321088K(585728K), 0.0041905 secs] [Times: user=0.01 sys=0.00, real=0.01 secs] 
540.873: [GC (Allocation Failure) [PSYoungGen: 73056K->1408K(72704K)] 392768K->321120K(585216K), 0.0033636 secs] [Times: user=0.01 sys=0.00, real=0.01 secs] 
541.262: [GC (Allocation Failure) [PSYoungGen: 72576K->1533K(72192K)] 392288K->321245K(584704K), 0.0021627 secs] [Times: user=0.01 sys=0.00, real=0.00 secs] 
541.408: [GC (Allocation Failure) [PSYoungGen: 72189K->1565K(72192K)] 391901K->321277K(584704K), 0.0016817 secs] [Times: user=0.01 sys=0.00, real=0.00 secs] 
541.531: [GC (Allocation Failure) [PSYoungGen: 71679K->480K(70144K)] 391391K->321216K(582656K), 0.0015761 secs] [Times: user=0.00 sys=0.00, real=0.00 secs] 
541.654: [GC (Allocation Failure) [PSYoungGen: 70112K->496K(76288K)] 390848K->321232K(588800K), 0.0013976 secs] [Times: user=0.00 sys=0.00, real=0.01 secs] 
543.729: [GC (Allocation Failure) [PSYoungGen: 74736K->1408K(75264K)] 395472K->322160K(587776K), 0.0044578 secs] [Times: user=0.02 sys=0.00, real=0.00 secs] 
545.052: [GC (Allocation Failure) [PSYoungGen: 75136K->1408K(74752K)] 395888K->322160K(587264K), 0.0047324 secs] [Times: user=0.02 sys=0.00, real=0.01 secs] 
546.454: [GC (Allocation Failure) [PSYoungGen: 74624K->1376K(74240K)] 395376K->322128K(586752K), 0.0069834 secs] [Times: user=0.02 sys=0.00, real=0.01 secs] 
547.553: [GC (Allocation Failure) [PSYoungGen: 74080K->1469K(73728K)] 394832K->322221K(586240K), 0.0028060 secs] [Times: user=0.01 sys=0.00, real=0.01 secs] 
547.752: [GC (Allocation Failure) [PSYoungGen: 73661K->1533K(73216K)] 394413K->322285K(585728K), 0.0016916 secs] [Times: user=0.01 sys=0.00, real=0.00 secs] 
547.876: [GC (Allocation Failure) [PSYoungGen: 73213K->1549K(73216K)] 393965K->322301K(585728K), 0.0016659 secs] [Times: user=0.01 sys=0.00, real=0.00 secs] 
548.022: [GC (Allocation Failure) [PSYoungGen: 72717K->509K(71168K)] 393469K->322285K(583680K), 0.0018992 secs] [Times: user=0.01 sys=0.00, real=0.00 secs] 
548.292: [GC (Allocation Failure) [PSYoungGen: 71165K->1472K(72192K)] 392941K->323248K(584704K), 0.0022200 secs] [Times: user=0.01 sys=0.00, real=0.00 secs] 
548.609: [GC (Allocation Failure) [PSYoungGen: 71616K->1408K(71168K)] 393392K->323184K(583680K), 0.0023061 secs] [Times: user=0.01 sys=0.00, real=0.00 secs] 
548.983: [GC (Allocation Failure) [PSYoungGen: 71040K->1408K(70656K)] 392816K->323192K(583168K), 0.0022235 secs] [Times: user=0.01 sys=0.00, real=0.01 secs] 
549.270: [GC (Allocation Failure) [PSYoungGen: 70528K->1376K(70144K)] 392312K->323160K(582656K), 0.0020138 secs] [Times: user=0.01 sys=0.00, real=0.00 secs] 
549.556: [GC (Allocation Failure) [PSYoungGen: 69984K->1501K(69632K)] 391768K->323285K(582144K), 0.0018129 secs] [Times: user=0.01 sys=0.00, real=0.00 secs] 
549.676: [GC (Allocation Failure) [PSYoungGen: 69597K->1533K(69120K)] 391381K->323317K(581632K), 0.0016075 secs] [Times: user=0.01 sys=0.00, real=0.00 secs] 
549.795: [GC (Allocation Failure) [PSYoungGen: 69117K->1469K(70656K)] 390901K->323253K(583168K), 0.0016216 secs] [Times: user=0.01 sys=0.00, real=0.00 secs] 
549.914: [GC (Allocation Failure) [PSYoungGen: 70077K->1517K(75264K)] 391861K->323301K(587776K), 0.0019336 secs] [Times: user=0.01 sys=0.00, real=0.01 secs] 
550.779: [GC (Allocation Failure) [PSYoungGen: 74733K->1440K(75264K)] 396517K->323224K(587776K), 0.0024859 secs] [Times: user=0.01 sys=0.00, real=0.00 secs] 
551.303: [GC (Allocation Failure) [PSYoungGen: 74656K->1472K(74240K)] 396440K->323272K(586752K), 0.0025396 secs] [Times: user=0.01 sys=0.00, real=0.01 secs] 
551.861: [GC (Allocation Failure) [PSYoungGen: 74176K->1408K(73728K)] 395976K->323208K(586240K), 0.0024910 secs] [Times: user=0.01 sys=0.00, real=0.00 secs] 
552.465: [GC (Allocation Failure) [PSYoungGen: 73600K->1424K(73216K)] 395400K->323224K(585728K), 0.0023891 secs] [Times: user=0.01 sys=0.00, real=0.00 secs] 
552.759: [GC (Allocation Failure) [PSYoungGen: 73104K->1469K(72704K)] 394904K->323269K(585216K), 0.0015993 secs] [Times: user=0.00 sys=0.00, real=0.00 secs] 
552.883: [GC (Allocation Failure) [PSYoungGen: 72637K->1517K(72192K)] 394437K->323349K(584704K), 0.0016907 secs] [Times: user=0.01 sys=0.00, real=0.01 secs] 
553.007: [GC (Allocation Failure) [PSYoungGen: 72173K->1501K(71680K)] 394005K->323341K(584192K), 0.0015294 secs] [Times: user=0.00 sys=0.00, real=0.00 secs] 
553.171: [GC (Allocation Failure) [PSYoungGen: 71645K->960K(77312K)] 393485K->323824K(589824K), 0.0019394 secs] [Times: user=0.01 sys=0.00, real=0.00 secs] 
553.487: [GC (Allocation Failure) [PSYoungGen: 76736K->352K(75776K)] 399600K->323216K(588288K), 0.0017870 secs] [Times: user=0.00 sys=0.00, real=0.00 secs] 
553.799: [GC (Allocation Failure) [PSYoungGen: 75616K->368K(76288K)] 398480K->323232K(588800K), 0.0018309 secs] [Times: user=0.00 sys=0.00, real=0.00 secs] 
554.109: [GC (Allocation Failure) [PSYoungGen: 75120K->416K(76288K)] 397984K->323280K(588800K), 0.0017787 secs] [Times: user=0.00 sys=0.00, real=0.00 secs] 
554.372: [GC (Allocation Failure) [PSYoungGen: 74656K->1501K(75776K)] 397520K->324365K(588288K), 0.0015800 secs] [Times: user=0.00 sys=0.00, real=0.00 secs] 
554.503: [GC (Allocation Failure) [PSYoungGen: 75229K->1501K(74752K)] 398093K->324365K(587264K), 0.0016190 secs] [Times: user=0.00 sys=0.00, real=0.01 secs] 
554.633: [GC (Allocation Failure) [PSYoungGen: 74717K->1517K(75776K)] 397581K->324381K(588288K), 0.0015925 secs] [Times: user=0.01 sys=0.00, real=0.01 secs] 
554.762: [GC (Allocation Failure) [PSYoungGen: 74733K->1517K(75776K)] 397597K->324381K(588288K), 0.0015778 secs] [Times: user=0.01 sys=0.01, real=0.00 secs] 
555.281: [GC (Allocation Failure) [PSYoungGen: 74733K->1472K(74240K)] 397597K->324360K(586752K), 0.0029487 secs] [Times: user=0.01 sys=0.00, real=0.01 secs] 
555.900: [GC (Allocation Failure) [PSYoungGen: 74176K->1440K(73728K)] 397064K->324328K(586240K), 0.0024460 secs] [Times: user=0.01 sys=0.01, real=0.00 secs] 
556.506: [GC (Allocation Failure) [PSYoungGen: 73632K->1408K(73216K)] 396520K->324296K(585728K), 0.0028054 secs] [Times: user=0.01 sys=0.00, real=0.00 secs] 
556.817: [GC (Allocation Failure) [PSYoungGen: 73088K->1408K(72704K)] 395976K->324296K(585216K), 0.0019943 secs] [Times: user=0.01 sys=0.00, real=0.00 secs] 
556.972: [GC (Allocation Failure) [PSYoungGen: 72576K->1501K(72192K)] 395464K->324389K(584704K), 0.0015989 secs] [Times: user=0.01 sys=0.00, real=0.00 secs] 
557.097: [GC (Allocation Failure) [PSYoungGen: 72157K->1501K(71680K)] 395045K->324389K(584192K), 0.0017179 secs] [Times: user=0.01 sys=0.00, real=0.00 secs] 
557.219: [GC (Allocation Failure) [PSYoungGen: 71623K->1501K(76288K)] 394511K->324389K(588800K), 0.0016972 secs] [Times: user=0.01 sys=0.00, real=0.00 secs] 
557.910: [GC (Allocation Failure) [PSYoungGen: 75229K->1456K(74752K)] 398117K->324352K(587264K), 0.0028977 secs] [Times: user=0.02 sys=0.00, real=0.00 secs] 
559.858: [GC (Allocation Failure) [PSYoungGen: 74672K->1376K(74240K)] 397568K->324272K(586752K), 0.0044659 secs] [Times: user=0.01 sys=0.00, real=0.00 secs] 
560.982: [GC (Allocation Failure) [PSYoungGen: 74080K->1376K(73728K)] 396976K->324272K(586240K), 0.0041675 secs] [Times: user=0.01 sys=0.00, real=0.01 secs] 
561.520: [GC (Allocation Failure) [PSYoungGen: 73568K->1408K(73216K)] 396464K->324304K(585728K), 0.0028463 secs] [Times: user=0.01 sys=0.00, real=0.00 secs] 
561.962: [GC (Allocation Failure) [PSYoungGen: 73088K->1453K(72704K)] 395984K->324349K(585216K), 0.0023809 secs] [Times: user=0.01 sys=0.00, real=0.01 secs] 
562.109: [GC (Allocation Failure) [PSYoungGen: 72621K->1533K(72192K)] 395517K->324461K(584704K), 0.0015942 secs] [Times: user=0.00 sys=0.00, real=0.00 secs] 
562.233: [GC (Allocation Failure) [PSYoungGen: 72189K->1536K(72192K)] 395117K->324464K(584704K), 0.0016307 secs] [Times: user=0.01 sys=0.00, real=0.01 secs] 
562.375: [GC (Allocation Failure) [PSYoungGen: 71680K->1501K(72192K)] 394608K->324429K(584704K), 0.0020483 secs] [Times: user=0.01 sys=0.00, real=0.00 secs] 
562.914: [GC (Allocation Failure) [PSYoungGen: 72157K->1392K(71680K)] 395085K->324328K(584192K), 0.0023700 secs] [Times: user=0.01 sys=0.00, real=0.01 secs] 
563.225: [GC (Allocation Failure) [PSYoungGen: 71536K->1408K(71168K)] 394472K->324344K(583680K), 0.0032020 secs] [Times: user=0.01 sys=0.00, real=0.00 secs] 
563.521: [GC (Allocation Failure) [PSYoungGen: 71040K->1376K(70656K)] 393976K->324312K(583168K), 0.0022357 secs] [Times: user=0.01 sys=0.00, real=0.00 secs] 
563.808: [GC (Allocation Failure) [PSYoungGen: 70496K->1344K(70144K)] 393432K->324280K(582656K), 0.0021419 secs] [Times: user=0.01 sys=0.00, real=0.00 secs] 
564.037: [GC (Allocation Failure) [PSYoungGen: 69952K->1565K(70144K)] 392888K->324501K(582656K), 0.0016117 secs] [Times: user=0.01 sys=0.00, real=0.00 secs] 
564.156: [GC (Allocation Failure) [PSYoungGen: 69661K->1533K(70144K)] 392597K->324469K(582656K), 0.0016059 secs] [Times: user=0.01 sys=0.00, real=0.00 secs] 
564.277: [GC (Allocation Failure) [PSYoungGen: 70140K->1501K(70656K)] 393076K->324437K(583168K), 0.0017311 secs] [Times: user=0.01 sys=0.00, real=0.00 secs] 
564.397: [GC (Allocation Failure) [PSYoungGen: 70109K->1485K(76288K)] 393045K->324437K(588800K), 0.0019070 secs] [Times: user=0.01 sys=0.00, real=0.00 secs] 
564.961: [GC (Allocation Failure) [PSYoungGen: 75725K->1392K(76288K)] 398677K->324344K(588800K), 0.0022101 secs] [Times: user=0.01 sys=0.00, real=0.00 secs] 
565.547: [GC (Allocation Failure) [PSYoungGen: 75632K->1344K(81408K)] 398584K->324296K(593920K), 0.0054089 secs] [Times: user=0.02 sys=0.00, real=0.00 secs] 
566.267: [GC (Allocation Failure) [PSYoungGen: 81216K->1408K(80896K)] 404168K->324360K(593408K), 0.0030826 secs] [Times: user=0.01 sys=0.00, real=0.00 secs] 
567.154: [GC (Allocation Failure) [PSYoungGen: 80768K->1456K(80384K)] 403720K->324408K(592896K), 0.0024607 secs] [Times: user=0.01 sys=0.00, real=0.00 secs] 
567.332: [GC (Allocation Failure) [PSYoungGen: 80304K->1501K(79872K)] 403256K->324453K(592384K), 0.0016921 secs] [Times: user=0.01 sys=0.00, real=0.00 secs] 
567.469: [GC (Allocation Failure) [PSYoungGen: 79837K->1533K(79360K)] 402789K->324485K(591872K), 0.0016271 secs] [Times: user=0.01 sys=0.00, real=0.00 secs] 
567.681: [GC (Allocation Failure) [PSYoungGen: 79357K->1616K(79360K)] 402309K->324568K(591872K), 0.0019244 secs] [Times: user=0.01 sys=0.00, real=0.00 secs] 
568.635: [GC (Allocation Failure) [PSYoungGen: 78928K->1376K(78336K)] 401880K->324328K(590848K), 0.0040995 secs] [Times: user=0.02 sys=0.00, real=0.00 secs] 
569.570: [GC (Allocation Failure) [PSYoungGen: 78176K->1376K(77824K)] 401128K->324328K(590336K), 0.0028933 secs] [Times: user=0.01 sys=0.00, real=0.00 secs] 
570.562: [GC (Allocation Failure) [PSYoungGen: 77664K->1376K(77312K)] 400616K->324328K(589824K), 0.0033831 secs] [Times: user=0.01 sys=0.00, real=0.01 secs] 
571.284: [GC (Allocation Failure) [PSYoungGen: 77152K->1485K(76800K)] 400104K->324437K(589312K), 0.0025567 secs] [Times: user=0.01 sys=0.00, real=0.01 secs] 
571.452: [GC (Allocation Failure) [PSYoungGen: 76749K->1501K(76288K)] 399701K->324453K(588800K), 0.0015856 secs] [Times: user=0.01 sys=0.00, real=0.00 secs] 
571.582: [GC (Allocation Failure) [PSYoungGen: 76253K->1533K(75776K)] 399205K->324485K(588288K), 0.0016101 secs] [Times: user=0.01 sys=0.00, real=0.00 secs] 
571.713: [GC (Allocation Failure) [PSYoungGen: 75773K->1469K(75264K)] 398725K->324421K(587776K), 0.0015442 secs] [Times: user=0.01 sys=0.00, real=0.01 secs] 
572.149: [GC (Allocation Failure) [PSYoungGen: 75197K->1440K(74752K)] 398149K->324400K(587264K), 0.0021531 secs] [Times: user=0.01 sys=0.00, real=0.00 secs] 
572.763: [GC (Allocation Failure) [PSYoungGen: 74656K->1408K(74240K)] 397616K->324400K(586752K), 0.0022290 secs] [Times: user=0.01 sys=0.00, real=0.01 secs] 
573.485: [GC (Allocation Failure) [PSYoungGen: 74112K->1408K(73728K)] 397104K->324400K(586240K), 0.0042919 secs] [Times: user=0.01 sys=0.00, real=0.00 secs] 
574.062: [GC (Allocation Failure) [PSYoungGen: 73600K->1501K(73216K)] 396592K->324493K(585728K), 0.0022813 secs] [Times: user=0.01 sys=0.00, real=0.01 secs] 
574.216: [GC (Allocation Failure) [PSYoungGen: 73181K->1520K(72704K)] 396173K->324512K(585216K), 0.0017183 secs] [Times: user=0.01 sys=0.00, real=0.00 secs] 
574.343: [GC (Allocation Failure) [PSYoungGen: 72688K->1469K(72192K)] 395680K->324461K(584704K), 0.0016405 secs] [Times: user=0.01 sys=0.00, real=0.01 secs] 
574.468: [GC (Allocation Failure) [PSYoungGen: 72125K->1549K(73216K)] 395117K->324541K(585728K), 0.0016964 secs] [Times: user=0.00 sys=0.00, real=0.00 secs] 
575.087: [GC (Allocation Failure) [PSYoungGen: 72717K->1472K(72192K)] 395709K->324464K(584704K), 0.0027072 secs] [Times: user=0.01 sys=0.01, real=0.00 secs] 
576.060: [GC (Allocation Failure) [PSYoungGen: 72128K->1408K(71680K)] 395120K->324400K(584192K), 0.0026387 secs] [Times: user=0.01 sys=0.00, real=0.00 secs] 
576.913: [GC (Allocation Failure) [PSYoungGen: 71552K->1360K(71168K)] 394544K->324352K(583680K), 0.0030985 secs] [Times: user=0.02 sys=0.00, real=0.01 secs] 
577.871: [GC (Allocation Failure) [PSYoungGen: 70992K->1424K(70656K)] 393984K->324416K(583168K), 0.0040926 secs] [Times: user=0.02 sys=0.00, real=0.01 secs] 
578.605: [GC (Allocation Failure) [PSYoungGen: 70544K->1501K(70144K)] 393536K->324493K(582656K), 0.0021860 secs] [Times: user=0.01 sys=0.00, real=0.00 secs] 
578.760: [GC (Allocation Failure) [PSYoungGen: 70109K->1517K(69632K)] 393101K->324509K(582144K), 0.0015292 secs] [Times: user=0.01 sys=0.00, real=0.00 secs] 
578.879: [GC (Allocation Failure) [PSYoungGen: 69613K->1501K(69120K)] 392605K->324493K(581632K), 0.0015198 secs] [Times: user=0.01 sys=0.00, real=0.00 secs] 
578.998: [GC (Allocation Failure) [PSYoungGen: 69085K->1453K(74752K)] 392077K->324445K(587264K), 0.0016014 secs] [Times: user=0.01 sys=0.00, real=0.00 secs] 
579.617: [GC (Allocation Failure) [PSYoungGen: 74157K->1440K(73728K)] 397149K->324440K(586240K), 0.0023585 secs] [Times: user=0.01 sys=0.00, real=0.00 secs] 
579.918: [GC (Allocation Failure) [PSYoungGen: 73632K->1408K(73216K)] 396632K->324408K(585728K), 0.0022320 secs] [Times: user=0.01 sys=0.00, real=0.00 secs] 
580.216: [GC (Allocation Failure) [PSYoungGen: 73088K->1376K(72704K)] 396088K->324376K(585216K), 0.0022477 secs] [Times: user=0.01 sys=0.01, real=0.00 secs] 
580.529: [GC (Allocation Failure) [PSYoungGen: 72544K->1376K(72192K)] 395544K->324376K(584704K), 0.0019908 secs] [Times: user=0.01 sys=0.00, real=0.00 secs] 
580.740: [GC (Allocation Failure) [PSYoungGen: 72032K->1453K(71680K)] 395032K->324453K(584192K), 0.0016880 secs] [Times: user=0.01 sys=0.00, real=0.00 secs] 
580.862: [GC (Allocation Failure) [PSYoungGen: 71597K->1501K(71168K)] 394597K->324501K(583680K), 0.0016793 secs] [Times: user=0.01 sys=0.00, real=0.00 secs] 
580.984: [GC (Allocation Failure) [PSYoungGen: 71133K->1488K(71680K)] 394133K->324512K(584192K), 0.0015717 secs] [Times: user=0.01 sys=0.00, real=0.01 secs] 
581.231: [GC (Allocation Failure) [PSYoungGen: 71120K->1728K(71680K)] 394144K->324752K(584192K), 0.0022069 secs] [Times: user=0.01 sys=0.00, real=0.00 secs] 
582.166: [GC (Allocation Failure) [PSYoungGen: 71360K->1392K(70656K)] 394384K->324416K(583168K), 0.0026537 secs] [Times: user=0.01 sys=0.00, real=0.00 secs] 
583.099: [GC (Allocation Failure) [PSYoungGen: 70512K->1392K(70144K)] 393536K->324416K(582656K), 0.0038038 secs] [Times: user=0.02 sys=0.00, real=0.00 secs] 
584.048: [GC (Allocation Failure) [PSYoungGen: 70000K->1376K(69632K)] 393024K->324400K(582144K), 0.0033364 secs] [Times: user=0.01 sys=0.00, real=0.00 secs] 
584.836: [GC (Allocation Failure) [PSYoungGen: 69472K->1408K(69120K)] 392496K->324432K(581632K), 0.0029326 secs] [Times: user=0.01 sys=0.00, real=0.00 secs] 
585.034: [GC (Allocation Failure) [PSYoungGen: 68992K->1469K(68608K)] 392016K->324493K(581120K), 0.0015764 secs] [Times: user=0.01 sys=0.00, real=0.01 secs] 
585.151: [GC (Allocation Failure) [PSYoungGen: 68541K->1533K(68096K)] 391565K->324557K(580608K), 0.0017177 secs] [Times: user=0.01 sys=0.00, real=0.00 secs] 
585.267: [GC (Allocation Failure) [PSYoungGen: 68093K->1485K(73216K)] 391117K->324509K(585728K), 0.0016182 secs] [Times: user=0.00 sys=0.00, real=0.00 secs] 
586.068: [GC (Allocation Failure) [PSYoungGen: 73165K->1440K(72704K)] 396189K->324472K(585216K), 0.0024697 secs] [Times: user=0.01 sys=0.00, real=0.00 secs] 
586.933: [GC (Allocation Failure) [PSYoungGen: 72608K->1408K(72192K)] 395640K->324440K(584704K), 0.0028859 secs] [Times: user=0.01 sys=0.00, real=0.01 secs] 
587.676: [GC (Allocation Failure) [PSYoungGen: 72064K->1440K(71680K)] 395096K->324472K(584192K), 0.0032568 secs] [Times: user=0.01 sys=0.00, real=0.00 secs] 
588.472: [GC (Allocation Failure) [PSYoungGen: 71584K->1376K(71168K)] 394616K->324408K(583680K), 0.0024625 secs] [Times: user=0.01 sys=0.00, real=0.01 secs] 
589.104: [GC (Allocation Failure) [PSYoungGen: 71008K->1517K(70656K)] 394040K->324549K(583168K), 0.0022183 secs] [Times: user=0.01 sys=0.00, real=0.01 secs] 
589.253: [GC (Allocation Failure) [PSYoungGen: 70637K->1533K(70144K)] 393669K->324565K(582656K), 0.0017003 secs] [Times: user=0.01 sys=0.00, real=0.01 secs] 
589.373: [GC (Allocation Failure) [PSYoungGen: 70141K->1533K(69632K)] 393173K->324565K(582144K), 0.0017398 secs] [Times: user=0.01 sys=0.00, real=0.01 secs] 
589.492: [GC (Allocation Failure) [PSYoungGen: 69629K->1485K(70144K)] 392661K->324525K(582656K), 0.0017514 secs] [Times: user=0.00 sys=0.00, real=0.01 secs] 
590.004: [GC (Allocation Failure) [PSYoungGen: 69581K->1456K(69120K)] 392621K->324496K(581632K), 0.0022721 secs] [Times: user=0.01 sys=0.00, real=0.00 secs] 
590.585: [GC (Allocation Failure) [PSYoungGen: 69040K->1408K(68608K)] 392080K->324448K(581120K), 0.0043924 secs] [Times: user=0.02 sys=0.00, real=0.00 secs] 
591.191: [GC (Allocation Failure) [PSYoungGen: 68480K->1408K(68096K)] 391520K->324448K(580608K), 0.0028755 secs] [Times: user=0.01 sys=0.01, real=0.00 secs] 
591.695: [GC (Allocation Failure) [PSYoungGen: 67968K->1440K(67584K)] 391008K->324496K(580096K), 0.0032043 secs] [Times: user=0.01 sys=0.00, real=0.00 secs] 
591.985: [GC (Allocation Failure) [PSYoungGen: 67488K->1453K(67072K)] 390544K->324509K(579584K), 0.0022605 secs] [Times: user=0.01 sys=0.00, real=0.00 secs] 
592.109: [GC (Allocation Failure) [PSYoungGen: 66975K->1485K(66560K)] 390031K->324541K(579072K), 0.0016723 secs] [Times: user=0.00 sys=0.00, real=0.00 secs] 
592.222: [GC (Allocation Failure) [PSYoungGen: 66509K->1437K(67072K)] 389565K->324493K(579584K), 0.0015975 secs] [Times: user=0.00 sys=0.00, real=0.00 secs] 
592.337: [GC (Allocation Failure) [PSYoungGen: 66461K->1456K(72192K)] 389517K->324520K(584704K), 0.0020284 secs] [Times: user=0.01 sys=0.00, real=0.00 secs] 
592.764: [GC (Allocation Failure) [PSYoungGen: 71600K->1440K(72192K)] 394664K->324504K(584704K), 0.0024049 secs] [Times: user=0.01 sys=0.00, real=0.01 secs] 
593.358: [GC (Allocation Failure) [PSYoungGen: 71584K->1360K(71168K)] 394648K->324424K(583680K), 0.0025230 secs] [Times: user=0.01 sys=0.00, real=0.00 secs] 
593.780: [GC (Allocation Failure) [PSYoungGen: 70992K->1376K(70656K)] 394056K->324440K(583168K), 0.0034500 secs] [Times: user=0.01 sys=0.00, real=0.00 secs] 
594.423: [GC (Allocation Failure) [PSYoungGen: 70496K->1408K(70144K)] 393560K->324472K(582656K), 0.0021660 secs] [Times: user=0.01 sys=0.00, real=0.01 secs] 
595.062: [GC (Allocation Failure) [PSYoungGen: 70016K->1421K(69632K)] 393080K->324485K(582144K), 0.0024762 secs] [Times: user=0.01 sys=0.00, real=0.01 secs] 
595.211: [GC (Allocation Failure) [PSYoungGen: 69517K->1469K(69120K)] 392581K->324533K(581632K), 0.0015927 secs] [Times: user=0.01 sys=0.00, real=0.00 secs] 
595.329: [GC (Allocation Failure) [PSYoungGen: 69053K->1472K(68608K)] 392117K->324536K(581120K), 0.0015619 secs] [Times: user=0.01 sys=0.00, real=0.00 secs] 
595.446: [GC (Allocation Failure) [PSYoungGen: 68528K->1469K(74240K)] 391592K->324549K(586752K), 0.0015594 secs] [Times: user=0.01 sys=0.00, real=0.00 secs] 
596.024: [GC (Allocation Failure) [PSYoungGen: 74173K->1440K(73728K)] 397253K->324520K(586240K), 0.0019541 secs] [Times: user=0.00 sys=0.00, real=0.00 secs] 
597.121: [GC (Allocation Failure) [PSYoungGen: 73632K->1408K(73216K)] 396712K->324488K(585728K), 0.0042441 secs] [Times: user=0.02 sys=0.00, real=0.01 secs] 
597.801: [GC (Allocation Failure) [PSYoungGen: 73088K->1376K(72704K)] 396168K->324456K(585216K), 0.0080946 secs] [Times: user=0.03 sys=0.00, real=0.01 secs] 
598.432: [GC (Allocation Failure) [PSYoungGen: 72544K->384K(71168K)] 395624K->324488K(583680K), 0.0030322 secs] [Times: user=0.01 sys=0.00, real=0.01 secs] 
599.016: [GC (Allocation Failure) [PSYoungGen: 71040K->1485K(72192K)] 395144K->325589K(584704K), 0.0023240 secs] [Times: user=0.01 sys=0.00, real=0.00 secs] 
599.229: [GC (Allocation Failure) [PSYoungGen: 71629K->1501K(71168K)] 395733K->325605K(583680K), 0.0024500 secs] [Times: user=0.01 sys=0.00, real=0.00 secs] 
599.377: [GC (Allocation Failure) [PSYoungGen: 71133K->1501K(70656K)] 395237K->325605K(583168K), 0.0017091 secs] [Times: user=0.01 sys=0.00, real=0.00 secs] 
599.531: [GC (Allocation Failure) [PSYoungGen: 70621K->1517K(71168K)] 394725K->325637K(583680K), 0.0020912 secs] [Times: user=0.01 sys=0.00, real=0.00 secs] 
600.441: [GC (Allocation Failure) [PSYoungGen: 71149K->1440K(70656K)] 395269K->325560K(583168K), 0.0042599 secs] [Times: user=0.02 sys=0.00, real=0.01 secs] 
601.073: [GC (Allocation Failure) [PSYoungGen: 70560K->1392K(70144K)] 394680K->325512K(582656K), 0.0028198 secs] [Times: user=0.01 sys=0.00, real=0.01 secs] 
601.776: [GC (Allocation Failure) [PSYoungGen: 70000K->1344K(69632K)] 394120K->325488K(582144K), 0.0042465 secs] [Times: user=0.02 sys=0.00, real=0.00 secs] 
602.411: [GC (Allocation Failure) [PSYoungGen: 69440K->1408K(69120K)] 393584K->325560K(581632K), 0.0021870 secs] [Times: user=0.01 sys=0.00, real=0.00 secs] 
602.811: [GC (GCLocker Initiated GC) [PSYoungGen: 68992K->1485K(68608K)] 393144K->325637K(581120K), 0.0021670 secs] [Times: user=0.01 sys=0.00, real=0.00 secs] 
602.954: [GC (Allocation Failure) [PSYoungGen: 68557K->1437K(68096K)] 392840K->325720K(580608K), 0.0016684 secs] [Times: user=0.01 sys=0.00, real=0.01 secs] 
603.071: [GC (Allocation Failure) [PSYoungGen: 67997K->1517K(67584K)] 392280K->325800K(580096K), 0.0016731 secs] [Times: user=0.01 sys=0.00, real=0.00 secs] 
603.187: [GC (Allocation Failure) [PSYoungGen: 67565K->1469K(68096K)] 391848K->325760K(580608K), 0.0016435 secs] [Times: user=0.01 sys=0.00, real=0.00 secs] 
603.625: [GC (Allocation Failure) [PSYoungGen: 67517K->1440K(67072K)] 391808K->325731K(579584K), 0.0026424 secs] [Times: user=0.01 sys=0.00, real=0.00 secs] 
603.888: [GC (Allocation Failure) [PSYoungGen: 66976K->1408K(66560K)] 391267K->325699K(579072K), 0.0023104 secs] [Times: user=0.01 sys=0.00, real=0.00 secs] 
604.159: [GC (Allocation Failure) [PSYoungGen: 66432K->1408K(66048K)] 390723K->325699K(578560K), 0.0023133 secs] [Times: user=0.01 sys=0.00, real=0.00 secs] 
604.427: [GC (Allocation Failure) [PSYoungGen: 65920K->1408K(65536K)] 390211K->325699K(578048K), 0.0020660 secs] [Times: user=0.00 sys=0.00, real=0.00 secs] 
604.693: [GC (Allocation Failure) [PSYoungGen: 65408K->1485K(65024K)] 389699K->325776K(577536K), 0.0021275 secs] [Times: user=0.01 sys=0.00, real=0.01 secs] 
604.845: [GC (Allocation Failure) [PSYoungGen: 64973K->1517K(65536K)] 389264K->325808K(578048K), 0.0020059 secs] [Times: user=0.01 sys=0.00, real=0.00 secs] 
604.990: [GC (Allocation Failure) [PSYoungGen: 65005K->1488K(65536K)] 389296K->325779K(578048K), 0.0017945 secs] [Times: user=0.01 sys=0.00, real=0.00 secs] 
605.102: [GC (Allocation Failure) [PSYoungGen: 64976K->1565K(70656K)] 389267K->325872K(583168K), 0.0019721 secs] [Times: user=0.01 sys=0.00, real=0.00 secs] 
605.347: [GC (Allocation Failure) [PSYoungGen: 70173K->1408K(70656K)] 394480K->325715K(583168K), 0.0023698 secs] [Times: user=0.01 sys=0.00, real=0.00 secs] 
605.661: [GC (Allocation Failure) [PSYoungGen: 70016K->1408K(75776K)] 394323K->325715K(588288K), 0.0024047 secs] [Times: user=0.01 sys=0.00, real=0.00 secs] 
605.969: [GC (Allocation Failure) [PSYoungGen: 75648K->1424K(76288K)] 399955K->325731K(588800K), 0.0023479 secs] [Times: user=0.00 sys=0.00, real=0.00 secs] 
606.278: [GC (Allocation Failure) [PSYoungGen: 75664K->1408K(75264K)] 399971K->325723K(587776K), 0.0022860 secs] [Times: user=0.01 sys=0.00, real=0.00 secs] 
606.517: [GC (Allocation Failure) [PSYoungGen: 75136K->1488K(74752K)] 399451K->325819K(587264K), 0.0019471 secs] [Times: user=0.00 sys=0.00, real=0.00 secs] 
606.667: [GC (Allocation Failure) [PSYoungGen: 74704K->1501K(80384K)] 399035K->325840K(592896K), 0.0021101 secs] [Times: user=0.01 sys=0.00, real=0.00 secs] 
606.842: [GC (Allocation Failure) [PSYoungGen: 80349K->1469K(80896K)] 404688K->325808K(593408K), 0.0016906 secs] [Times: user=0.01 sys=0.00, real=0.01 secs] 
608.632: [GC (Allocation Failure) [PSYoungGen: 80317K->1472K(79872K)] 404656K->325827K(592384K), 0.0050097 secs] [Times: user=0.02 sys=0.00, real=0.01 secs] 
610.005: [GC (Allocation Failure) [PSYoungGen: 79808K->1408K(79360K)] 404163K->325763K(591872K), 0.0049902 secs] [Times: user=0.01 sys=0.00, real=0.00 secs] 
610.842: [GC (Allocation Failure) [PSYoungGen: 79232K->1344K(78848K)] 403587K->325699K(591360K), 0.0024475 secs] [Times: user=0.01 sys=0.00, real=0.01 secs] 
611.765: [GC (Allocation Failure) [PSYoungGen: 78656K->1344K(78336K)] 403011K->325723K(590848K), 0.0028584 secs] [Times: user=0.02 sys=0.00, real=0.00 secs] 
612.241: [GC (Allocation Failure) [PSYoungGen: 78144K->1485K(77824K)] 402523K->325864K(590336K), 0.0021453 secs] [Times: user=0.01 sys=0.00, real=0.00 secs] 
612.391: [GC (Allocation Failure) [PSYoungGen: 77773K->1533K(77312K)] 402152K->325912K(589824K), 0.0016190 secs] [Times: user=0.01 sys=0.00, real=0.00 secs] 
612.524: [GC (Allocation Failure) [PSYoungGen: 77309K->1533K(76800K)] 401688K->325912K(589312K), 0.0016486 secs] [Times: user=0.00 sys=0.00, real=0.01 secs] 
612.925: [GC (Allocation Failure) [PSYoungGen: 76797K->1472K(76288K)] 401176K->325859K(588800K), 0.0025746 secs] [Times: user=0.01 sys=0.00, real=0.00 secs] 
613.644: [GC (Allocation Failure) [PSYoungGen: 76224K->1424K(75776K)] 400611K->325811K(588288K), 0.0026561 secs] [Times: user=0.01 sys=0.00, real=0.01 secs] 
614.462: [GC (Allocation Failure) [PSYoungGen: 75664K->1376K(75264K)] 400051K->325763K(587776K), 0.0041325 secs] [Times: user=0.01 sys=0.00, real=0.01 secs] 
615.354: [GC (Allocation Failure) [PSYoungGen: 75104K->1440K(74752K)] 399491K->325827K(587264K), 0.0040819 secs] [Times: user=0.02 sys=0.01, real=0.01 secs] 
615.853: [GC (Allocation Failure) [PSYoungGen: 74656K->1469K(74240K)] 399043K->325856K(586752K), 0.0021411 secs] [Times: user=0.00 sys=0.00, real=0.01 secs] 
616.014: [GC (Allocation Failure) [PSYoungGen: 74173K->1440K(73728K)] 398560K->325827K(586240K), 0.0016020 secs] [Times: user=0.01 sys=0.00, real=0.01 secs] 
616.140: [GC (Allocation Failure) [PSYoungGen: 73632K->1501K(73216K)] 398019K->325888K(585728K), 0.0017409 secs] [Times: user=0.01 sys=0.00, real=0.00 secs] 
616.264: [GC (Allocation Failure) [PSYoungGen: 73181K->1533K(78848K)] 397568K->325920K(591360K), 0.0016483 secs] [Times: user=0.00 sys=0.00, real=0.00 secs] 
617.178: [GC (Allocation Failure) [PSYoungGen: 78845K->1472K(78336K)] 403232K->325875K(590848K), 0.0047581 secs] [Times: user=0.02 sys=0.00, real=0.00 secs] 
618.133: [GC (Allocation Failure) [PSYoungGen: 78272K->1376K(77824K)] 402675K->325795K(590336K), 0.0027217 secs] [Times: user=0.01 sys=0.00, real=0.01 secs] 
619.055: [GC (Allocation Failure) [PSYoungGen: 77664K->1360K(77312K)] 402083K->325779K(589824K), 0.0047534 secs] [Times: user=0.02 sys=0.00, real=0.00 secs] 
619.689: [GC (Allocation Failure) [PSYoungGen: 77136K->1469K(76800K)] 401555K->325888K(589312K), 0.0026690 secs] [Times: user=0.01 sys=0.00, real=0.00 secs] 
619.873: [GC (Allocation Failure) [PSYoungGen: 76733K->1453K(76288K)] 401152K->325872K(588800K), 0.0016462 secs] [Times: user=0.01 sys=0.00, real=0.01 secs] 
620.003: [GC (Allocation Failure) [PSYoungGen: 76205K->1501K(75776K)] 400624K->325920K(588288K), 0.0016394 secs] [Times: user=0.01 sys=0.00, real=0.01 secs] 
620.133: [GC (Allocation Failure) [PSYoungGen: 75741K->1469K(75264K)] 400160K->325888K(587776K), 0.0016781 secs] [Times: user=0.01 sys=0.00, real=0.01 secs] 
620.974: [GC (Allocation Failure) [PSYoungGen: 75197K->1440K(74752K)] 399616K->325867K(587264K), 0.0044534 secs] [Times: user=0.02 sys=0.00, real=0.01 secs] 
621.735: [GC (Allocation Failure) [PSYoungGen: 74656K->1376K(74240K)] 399083K->325803K(586752K), 0.0029178 secs] [Times: user=0.01 sys=0.00, real=0.00 secs] 
622.503: [GC (Allocation Failure) [PSYoungGen: 74080K->1376K(73728K)] 398507K->325819K(586240K), 0.0029087 secs] [Times: user=0.01 sys=0.00, real=0.01 secs] 
623.367: [GC (Allocation Failure) [PSYoungGen: 73568K->1376K(73216K)] 398011K->325819K(585728K), 0.0037058 secs] [Times: user=0.02 sys=0.01, real=0.00 secs] 
623.746: [GC (Allocation Failure) [PSYoungGen: 73056K->1469K(72704K)] 397499K->325912K(585216K), 0.0023395 secs] [Times: user=0.01 sys=0.00, real=0.00 secs] 
623.886: [GC (Allocation Failure) [PSYoungGen: 72637K->1533K(72192K)] 397080K->325976K(584704K), 0.0016951 secs] [Times: user=0.01 sys=0.00, real=0.00 secs] 
624.030: [GC (Allocation Failure) [PSYoungGen: 72189K->1501K(71680K)] 396632K->325944K(584192K), 0.0020326 secs] [Times: user=0.01 sys=0.00, real=0.00 secs] 
624.270: [GC (Allocation Failure) [PSYoungGen: 71645K->1408K(71168K)] 396088K->325851K(583680K), 0.0020869 secs] [Times: user=0.01 sys=0.00, real=0.00 secs] 
624.617: [GC (Allocation Failure) [PSYoungGen: 71040K->1376K(70656K)] 395483K->325835K(583168K), 0.0022631 secs] [Times: user=0.01 sys=0.00, real=0.00 secs] 
624.904: [GC (Allocation Failure) [PSYoungGen: 70496K->1408K(70144K)] 394955K->325867K(582656K), 0.0021627 secs] [Times: user=0.01 sys=0.00, real=0.00 secs] 
625.210: [GC (Allocation Failure) [PSYoungGen: 70016K->1408K(69632K)] 394475K->325867K(582144K), 0.0022208 secs] [Times: user=0.01 sys=0.00, real=0.00 secs] 
625.493: [GC (Allocation Failure) [PSYoungGen: 69504K->1469K(69120K)] 393963K->325928K(581632K), 0.0021803 secs] [Times: user=0.01 sys=0.00, real=0.01 secs] 
625.623: [GC (Allocation Failure) [PSYoungGen: 69053K->1469K(68608K)] 393512K->325928K(581120K), 0.0015862 secs] [Times: user=0.01 sys=0.00, real=0.01 secs] 
625.741: [GC (Allocation Failure) [PSYoungGen: 68541K->1469K(69120K)] 393000K->325928K(581632K), 0.0015901 secs] [Times: user=0.01 sys=0.00, real=0.00 secs] 
625.860: [GC (Allocation Failure) [PSYoungGen: 68541K->1456K(74752K)] 393000K->325915K(587264K), 0.0019133 secs] [Times: user=0.01 sys=0.01, real=0.00 secs] 
626.229: [GC (Allocation Failure) [PSYoungGen: 74160K->1424K(74752K)] 398619K->325899K(587264K), 0.0021513 secs] [Times: user=0.01 sys=0.00, real=0.00 secs] 
626.833: [GC (Allocation Failure) [PSYoungGen: 74128K->1408K(73728K)] 398603K->325891K(586240K), 0.0022829 secs] [Times: user=0.00 sys=0.00, real=0.01 secs] 
627.444: [GC (Allocation Failure) [PSYoungGen: 73600K->1440K(73216K)] 398083K->325923K(585728K), 0.0035216 secs] [Times: user=0.01 sys=0.00, real=0.00 secs] 
627.824: [GC (Allocation Failure) [PSYoungGen: 73120K->1360K(72704K)] 397603K->325843K(585216K), 0.0021328 secs] [Times: user=0.01 sys=0.00, real=0.00 secs] 
628.073: [GC (Allocation Failure) [PSYoungGen: 72528K->1501K(72192K)] 397011K->325992K(584704K), 0.0016154 secs] [Times: user=0.01 sys=0.00, real=0.01 secs] 
628.197: [GC (Allocation Failure) [PSYoungGen: 72138K->1501K(71680K)] 396630K->325992K(584192K), 0.0016639 secs] [Times: user=0.01 sys=0.00, real=0.00 secs] 
628.319: [GC (Allocation Failure) [PSYoungGen: 71639K->1469K(77312K)] 396131K->325960K(589824K), 0.0014899 secs] [Times: user=0.01 sys=0.00, real=0.00 secs] 
628.450: [GC (Allocation Failure) [PSYoungGen: 77245K->1469K(77824K)] 401736K->325976K(590336K), 0.0015945 secs] [Times: user=0.00 sys=0.00, real=0.00 secs] 
628.835: [GC (Allocation Failure) [PSYoungGen: 77245K->1424K(76800K)] 401752K->325947K(589312K), 0.0021726 secs] [Times: user=0.01 sys=0.00, real=0.00 secs] 
629.182: [GC (Allocation Failure) [PSYoungGen: 76688K->1392K(76288K)] 401211K->325915K(588800K), 0.0021580 secs] [Times: user=0.01 sys=0.00, real=0.00 secs] 
629.734: [GC (Allocation Failure) [PSYoungGen: 76144K->1408K(75776K)] 400667K->325931K(588288K), 0.0021617 secs] [Times: user=0.01 sys=0.00, real=0.01 secs] 
630.267: [GC (Allocation Failure) [PSYoungGen: 75648K->1469K(75264K)] 400171K->325992K(587776K), 0.0024006 secs] [Times: user=0.01 sys=0.00, real=0.00 secs] 
630.440: [GC (Allocation Failure) [PSYoungGen: 75197K->1437K(74752K)] 399720K->325960K(587264K), 0.0016033 secs] [Times: user=0.01 sys=0.00, real=0.00 secs] 
630.588: [GC (Allocation Failure) [PSYoungGen: 74653K->1453K(74240K)] 399176K->325976K(586752K), 0.0018765 secs] [Times: user=0.01 sys=0.00, real=0.00 secs] 
630.749: [GC (Allocation Failure) [PSYoungGen: 74157K->1517K(73728K)] 398680K->326072K(586240K), 0.0019978 secs] [Times: user=0.01 sys=0.00, real=0.00 secs] 
631.828: [GC (Allocation Failure) [PSYoungGen: 73709K->384K(72192K)] 398264K->325971K(584704K), 0.0029761 secs] [Times: user=0.01 sys=0.00, real=0.00 secs] 
632.441: [GC (Allocation Failure) [PSYoungGen: 72064K->352K(73216K)] 397651K->325939K(585728K), 0.0023312 secs] [Times: user=0.01 sys=0.00, real=0.00 secs] 
633.776: [GC (Allocation Failure) [PSYoungGen: 71520K->352K(71680K)] 397107K->325939K(584192K), 0.0035401 secs] [Times: user=0.02 sys=0.00, real=0.00 secs] 
634.513: [GC (Allocation Failure) [PSYoungGen: 71008K->384K(70656K)] 396595K->325971K(583168K), 0.0027655 secs] [Times: user=0.01 sys=0.00, real=0.01 secs] 
634.924: [GC (Allocation Failure) [PSYoungGen: 70528K->1533K(71680K)] 396115K->327128K(584192K), 0.0021105 secs] [Times: user=0.01 sys=0.00, real=0.01 secs] 
635.060: [GC (Allocation Failure) [PSYoungGen: 71165K->1501K(70656K)] 396760K->327096K(583168K), 0.0017395 secs] [Times: user=0.01 sys=0.00, real=0.00 secs] 
635.182: [GC (Allocation Failure) [PSYoungGen: 70621K->1501K(70656K)] 396216K->327096K(583168K), 0.0017284 secs] [Times: user=0.00 sys=0.00, real=0.00 secs] 
635.302: [GC (Allocation Failure) [PSYoungGen: 70083K->1533K(71168K)] 395679K->327128K(583680K), 0.0016461 secs] [Times: user=0.01 sys=0.00, real=0.00 secs] 
635.662: [GC (Allocation Failure) [PSYoungGen: 70141K->1408K(69632K)] 395736K->327035K(582144K), 0.0022773 secs] [Times: user=0.01 sys=0.00, real=0.00 secs] 
635.958: [GC (Allocation Failure) [PSYoungGen: 69504K->1344K(69120K)] 395131K->326971K(581632K), 0.0022103 secs] [Times: user=0.00 sys=0.01, real=0.00 secs] 
636.394: [GC (Allocation Failure) [PSYoungGen: 68928K->1376K(68608K)] 394555K->327003K(581120K), 0.0023031 secs] [Times: user=0.01 sys=0.00, real=0.00 secs] 
636.885: [GC (Allocation Failure) [PSYoungGen: 68448K->1376K(68096K)] 394075K->327003K(580608K), 0.0022245 secs] [Times: user=0.01 sys=0.00, real=0.00 secs] 
637.137: [GC (Allocation Failure) [PSYoungGen: 67904K->1501K(67584K)] 393532K->327128K(580096K), 0.0016497 secs] [Times: user=0.01 sys=0.00, real=0.00 secs] 
637.253: [GC (Allocation Failure) [PSYoungGen: 67549K->1501K(67072K)] 393176K->327128K(579584K), 0.0016260 secs] [Times: user=0.00 sys=0.00, real=0.01 secs] 
637.368: [GC (Allocation Failure) [PSYoungGen: 67010K->1469K(71680K)] 392637K->327096K(584192K), 0.0015780 secs] [Times: user=0.00 sys=0.00, real=0.00 secs] 
637.491: [GC (Allocation Failure) [PSYoungGen: 71613K->1549K(72192K)] 397240K->327200K(584704K), 0.0017433 secs] [Times: user=0.01 sys=0.00, real=0.00 secs] 
638.059: [GC (Allocation Failure) [PSYoungGen: 71693K->1408K(71168K)] 397344K->327059K(583680K), 0.0024156 secs] [Times: user=0.01 sys=0.00, real=0.00 secs] 
638.996: [GC (Allocation Failure) [PSYoungGen: 71040K->1408K(70656K)] 396691K->327059K(583168K), 0.0023291 secs] [Times: user=0.00 sys=0.00, real=0.00 secs] 
639.751: [GC (Allocation Failure) [PSYoungGen: 70528K->1392K(70144K)] 396179K->327059K(582656K), 0.0022987 secs] [Times: user=0.01 sys=0.00, real=0.00 secs] 
640.300: [GC (Allocation Failure) [PSYoungGen: 70000K->1376K(69632K)] 395667K->327043K(582144K), 0.0021833 secs] [Times: user=0.00 sys=0.00, real=0.00 secs] 
640.573: [GC (Allocation Failure) [PSYoungGen: 69472K->1469K(69120K)] 395139K->327136K(581632K), 0.0015567 secs] [Times: user=0.01 sys=0.00, real=0.01 secs] 
640.692: [GC (Allocation Failure) [PSYoungGen: 69053K->1421K(68608K)] 394720K->327088K(581120K), 0.0015871 secs] [Times: user=0.01 sys=0.00, real=0.00 secs] 
640.810: [GC (Allocation Failure) [PSYoungGen: 68493K->1469K(68096K)] 394160K->327136K(580608K), 0.0016415 secs] [Times: user=0.01 sys=0.00, real=0.00 secs] 
640.927: [GC (Allocation Failure) [PSYoungGen: 68029K->160K(72704K)] 393696K->325843K(585216K), 0.0016367 secs] [Times: user=0.01 sys=0.00, real=0.00 secs] 
641.733: [GC (Allocation Failure) [PSYoungGen: 72352K->1440K(73216K)] 398035K->327123K(585728K), 0.0020943 secs] [Times: user=0.01 sys=0.00, real=0.01 secs] 
642.539: [GC (Allocation Failure) [PSYoungGen: 73120K->1376K(72704K)] 398803K->327059K(585216K), 0.0025899 secs] [Times: user=0.01 sys=0.00, real=0.00 secs] 
643.149: [GC (Allocation Failure) [PSYoungGen: 72544K->1360K(72192K)] 398227K->327043K(584704K), 0.0024671 secs] [Times: user=0.01 sys=0.00, real=0.00 secs] 
643.735: [GC (Allocation Failure) [PSYoungGen: 72016K->1469K(71680K)] 397699K->327152K(584192K), 0.0022788 secs] [Times: user=0.01 sys=0.00, real=0.00 secs] 
643.916: [GC (Allocation Failure) [PSYoungGen: 71583K->1453K(71168K)] 397267K->327136K(583680K), 0.0022540 secs] [Times: user=0.01 sys=0.01, real=0.00 secs] 
644.067: [GC (Allocation Failure) [PSYoungGen: 71085K->1453K(70656K)] 396768K->327136K(583168K), 0.0016985 secs] [Times: user=0.01 sys=0.00, real=0.00 secs] 
644.190: [GC (Allocation Failure) [PSYoungGen: 70573K->1485K(71168K)] 396256K->327168K(583680K), 0.0016019 secs] [Times: user=0.00 sys=0.00, real=0.00 secs] 
644.702: [GC (Allocation Failure) [PSYoungGen: 70605K->1472K(70144K)] 396288K->327163K(582656K), 0.0033712 secs] [Times: user=0.01 sys=0.00, real=0.01 secs] 
645.817: [GC (Allocation Failure) [PSYoungGen: 70080K->1408K(69632K)] 395771K->327099K(582144K), 0.0045633 secs] [Times: user=0.01 sys=0.00, real=0.00 secs] 
646.675: [GC (Allocation Failure) [PSYoungGen: 69504K->1440K(69120K)] 395195K->327131K(581632K), 0.0045412 secs] [Times: user=0.02 sys=0.00, real=0.00 secs] 
647.563: [GC (Allocation Failure) [PSYoungGen: 69024K->1440K(68608K)] 394715K->327131K(581120K), 0.0034161 secs] [Times: user=0.01 sys=0.00, real=0.01 secs] 
648.353: [GC (Allocation Failure) [PSYoungGen: 68512K->1501K(68096K)] 394203K->327192K(580608K), 0.0033219 secs] [Times: user=0.01 sys=0.00, real=0.01 secs] 
648.551: [GC (Allocation Failure) [PSYoungGen: 68061K->1472K(67584K)] 393752K->327163K(580096K), 0.0021004 secs] [Times: user=0.01 sys=0.00, real=0.00 secs] 
648.668: [GC (Allocation Failure) [PSYoungGen: 67520K->1469K(67072K)] 393211K->327160K(579584K), 0.0016823 secs] [Times: user=0.00 sys=0.00, real=0.00 secs] 
648.783: [GC (Allocation Failure) [PSYoungGen: 67005K->1533K(67584K)] 392696K->327224K(580096K), 0.0016293 secs] [Times: user=0.00 sys=0.00, real=0.01 secs] 
649.102: [GC (Allocation Failure) [PSYoungGen: 67069K->1440K(66560K)] 392760K->327139K(579072K), 0.0022061 secs] [Times: user=0.01 sys=0.01, real=0.01 secs] 
649.618: [GC (Allocation Failure) [PSYoungGen: 66464K->1408K(66048K)] 392163K->327107K(578560K), 0.0021885 secs] [Times: user=0.01 sys=0.00, real=0.00 secs] 
649.986: [GC (Allocation Failure) [PSYoungGen: 65920K->1392K(65536K)] 391619K->327091K(578048K), 0.0021908 secs] [Times: user=0.01 sys=0.00, real=0.00 secs] 
650.272: [GC (Allocation Failure) [PSYoungGen: 65392K->1376K(65024K)] 391091K->327075K(577536K), 0.0021886 secs] [Times: user=0.00 sys=0.00, real=0.01 secs] 
650.586: [GC (Allocation Failure) [PSYoungGen: 64864K->1408K(64512K)] 390563K->327107K(577024K), 0.0021118 secs] [Times: user=0.01 sys=0.00, real=0.00 secs] 
650.749: [GC (Allocation Failure) [PSYoungGen: 64384K->1488K(64000K)] 390083K->327187K(576512K), 0.0015630 secs] [Times: user=0.01 sys=0.00, real=0.00 secs] 
650.859: [GC (Allocation Failure) [PSYoungGen: 63952K->1533K(64512K)] 389651K->327232K(577024K), 0.0016407 secs] [Times: user=0.00 sys=0.00, real=0.00 secs] 
650.983: [GC (Allocation Failure) [PSYoungGen: 63980K->1485K(69632K)] 389679K->327216K(582144K), 0.0021030 secs] [Times: user=0.01 sys=0.00, real=0.01 secs] 
651.139: [GC (Allocation Failure) [PSYoungGen: 69069K->1453K(69632K)] 394800K->327184K(582144K), 0.0017281 secs] [Times: user=0.01 sys=0.00, real=0.00 secs] 
651.466: [GC (Allocation Failure) [PSYoungGen: 69037K->1408K(74752K)] 394768K->327139K(587264K), 0.0023199 secs] [Times: user=0.01 sys=0.00, real=0.00 secs] 
651.774: [GC (Allocation Failure) [PSYoungGen: 74624K->1408K(75264K)] 400355K->327139K(587776K), 0.0021490 secs] [Times: user=0.01 sys=0.00, real=0.00 secs] 
652.078: [GC (Allocation Failure) [PSYoungGen: 74624K->1344K(74240K)] 400355K->327075K(586752K), 0.0023238 secs] [Times: user=0.01 sys=0.00, real=0.00 secs] 
652.408: [GC (Allocation Failure) [PSYoungGen: 73922K->304K(72704K)] 399654K->326035K(585216K), 0.0024722 secs] [Times: user=0.00 sys=0.01, real=0.00 secs] 
652.553: [GC (Allocation Failure) [PSYoungGen: 72496K->1501K(73216K)] 398227K->327232K(585728K), 0.0016523 secs] [Times: user=0.00 sys=0.00, real=0.01 secs] 
652.677: [GC (Allocation Failure) [PSYoungGen: 73181K->1501K(78848K)] 398912K->327232K(591360K), 0.0017482 secs] [Times: user=0.01 sys=0.00, real=0.00 secs] 
652.812: [GC (Allocation Failure) [PSYoungGen: 78301K->1469K(79872K)] 404032K->327216K(592384K), 0.0015961 secs] [Times: user=0.01 sys=0.00, real=0.00 secs] 
653.097: [GC (Allocation Failure) [PSYoungGen: 79293K->1440K(79872K)] 405040K->327187K(592384K), 0.0018567 secs] [Times: user=0.01 sys=0.00, real=0.00 secs] 
653.444: [GC (Allocation Failure) [PSYoungGen: 79264K->1392K(78848K)] 405011K->327139K(591360K), 0.0021439 secs] [Times: user=0.01 sys=0.00, real=0.01 secs] 
653.802: [GC (Allocation Failure) [PSYoungGen: 78704K->1392K(78336K)] 404451K->327139K(590848K), 0.0021218 secs] [Times: user=0.01 sys=0.00, real=0.00 secs] 
654.357: [GC (Allocation Failure) [PSYoungGen: 78192K->1344K(77824K)] 403939K->327091K(590336K), 0.0030856 secs] [Times: user=0.01 sys=0.00, real=0.00 secs] 
654.715: [GC (Allocation Failure) [PSYoungGen: 77632K->1501K(77312K)] 403379K->327256K(589824K), 0.0020554 secs] [Times: user=0.01 sys=0.00, real=0.00 secs] 
654.853: [GC (Allocation Failure) [PSYoungGen: 77277K->1533K(76800K)] 403032K->327288K(589312K), 0.0017551 secs] [Times: user=0.01 sys=0.00, real=0.01 secs] 
654.985: [GC (Allocation Failure) [PSYoungGen: 76797K->1533K(76288K)] 402552K->327288K(588800K), 0.0016098 secs] [Times: user=0.00 sys=0.01, real=0.00 secs] 
655.470: [GC (Allocation Failure) [PSYoungGen: 76285K->1408K(75776K)] 402040K->327163K(588288K), 0.0019431 secs] [Times: user=0.01 sys=0.00, real=0.00 secs] 
656.506: [GC (Allocation Failure) [PSYoungGen: 75648K->1376K(75264K)] 401403K->327139K(587776K), 0.0023103 secs] [Times: user=0.01 sys=0.00, real=0.00 secs] 
657.347: [GC (Allocation Failure) [PSYoungGen: 75104K->1376K(74752K)] 400867K->327139K(587264K), 0.0046940 secs] [Times: user=0.02 sys=0.00, real=0.00 secs] 
658.038: [GC (Allocation Failure) [PSYoungGen: 74592K->1440K(74240K)] 400355K->327203K(586752K), 0.0028823 secs] [Times: user=0.01 sys=0.00, real=0.00 secs] 
658.890: [GC (Allocation Failure) [PSYoungGen: 74144K->1517K(73728K)] 399907K->327280K(586240K), 0.0022471 secs] [Times: user=0.01 sys=0.00, real=0.00 secs] 
659.035: [GC (Allocation Failure) [PSYoungGen: 73709K->1469K(73216K)] 399472K->327232K(585728K), 0.0016824 secs] [Times: user=0.01 sys=0.00, real=0.00 secs] 
659.162: [GC (Allocation Failure) [PSYoungGen: 73149K->1485K(72704K)] 398912K->327248K(585216K), 0.0017143 secs] [Times: user=0.00 sys=0.00, real=0.00 secs] 
659.293: [GC (Allocation Failure) [PSYoungGen: 72653K->1440K(72192K)] 398416K->327203K(584704K), 0.0016460 secs] [Times: user=0.00 sys=0.00, real=0.01 secs] 
659.972: [GC (Allocation Failure) [PSYoungGen: 72096K->1344K(71680K)] 397859K->327107K(584192K), 0.0018531 secs] [Times: user=0.01 sys=0.00, real=0.00 secs] 
660.595: [GC (Allocation Failure) [PSYoungGen: 71488K->1344K(71168K)] 397251K->327107K(583680K), 0.0031413 secs] [Times: user=0.01 sys=0.00, real=0.00 secs] 
661.058: [GC (Allocation Failure) [PSYoungGen: 70976K->1440K(70656K)] 396739K->327203K(583168K), 0.0024356 secs] [Times: user=0.01 sys=0.00, real=0.00 secs] 
661.626: [GC (Allocation Failure) [PSYoungGen: 70560K->256K(69120K)] 396323K->326019K(581632K), 0.0023223 secs] [Times: user=0.01 sys=0.00, real=0.00 secs] 
661.789: [GC (Allocation Failure) [PSYoungGen: 68864K->1501K(69632K)] 394627K->327288K(582144K), 0.0016877 secs] [Times: user=0.01 sys=0.00, real=0.00 secs] 
661.908: [GC (Allocation Failure) [PSYoungGen: 69597K->1437K(69120K)] 395384K->327224K(581632K), 0.0016674 secs] [Times: user=0.01 sys=0.00, real=0.00 secs] 
662.027: [GC (Allocation Failure) [PSYoungGen: 69021K->1485K(74752K)] 394808K->327272K(587264K), 0.0015867 secs] [Times: user=0.01 sys=0.00, real=0.00 secs] 
662.469: [GC (Allocation Failure) [PSYoungGen: 74701K->1440K(74240K)] 400488K->327227K(586752K), 0.0021687 secs] [Times: user=0.01 sys=0.00, real=0.00 secs] 
663.706: [GC (Allocation Failure) [PSYoungGen: 74144K->1360K(73728K)] 399931K->327147K(586240K), 0.0045465 secs] [Times: user=0.02 sys=0.00, real=0.00 secs] 
664.396: [GC (Allocation Failure) [PSYoungGen: 73552K->1376K(73216K)] 399339K->327163K(585728K), 0.0042487 secs] [Times: user=0.01 sys=0.00, real=0.00 secs] 
665.169: [GC (Allocation Failure) [PSYoungGen: 73056K->1440K(72704K)] 398843K->327227K(585216K), 0.0044764 secs] [Times: user=0.02 sys=0.00, real=0.00 secs] 
665.676: [GC (Allocation Failure) [PSYoungGen: 72608K->1437K(72192K)] 398395K->327224K(584704K), 0.0021614 secs] [Times: user=0.01 sys=0.00, real=0.00 secs] 
665.831: [GC (Allocation Failure) [PSYoungGen: 72093K->1501K(71680K)] 397880K->327288K(584192K), 0.0016195 secs] [Times: user=0.00 sys=0.00, real=0.00 secs] 
665.954: [GC (Allocation Failure) [PSYoungGen: 71645K->1485K(71168K)] 397432K->327272K(583680K), 0.0016492 secs] [Times: user=0.01 sys=0.00, real=0.01 secs] 
666.076: [GC (Allocation Failure) [PSYoungGen: 71117K->1501K(71680K)] 396904K->327296K(584192K), 0.0016676 secs] [Times: user=0.00 sys=0.00, real=0.00 secs] 
666.797: [GC (Allocation Failure) [PSYoungGen: 71133K->1424K(70656K)] 396928K->327219K(583168K), 0.0020493 secs] [Times: user=0.01 sys=0.00, real=0.00 secs] 
667.891: [GC (Allocation Failure) [PSYoungGen: 70544K->1408K(70144K)] 396339K->327203K(582656K), 0.0028883 secs] [Times: user=0.01 sys=0.00, real=0.01 secs] 
668.828: [GC (Allocation Failure) [PSYoungGen: 70016K->1376K(69632K)] 395811K->327171K(582144K), 0.0046611 secs] [Times: user=0.02 sys=0.00, real=0.00 secs] 
669.709: [GC (Allocation Failure) [PSYoungGen: 69472K->1376K(69120K)] 395267K->327171K(581632K), 0.0028826 secs] [Times: user=0.01 sys=0.00, real=0.00 secs] 
670.290: [GC (Allocation Failure) [PSYoungGen: 68960K->1469K(68608K)] 394755K->327264K(581120K), 0.0022501 secs] [Times: user=0.01 sys=0.00, real=0.00 secs] 
670.426: [GC (Allocation Failure) [PSYoungGen: 68510K->1469K(68096K)] 394306K->327264K(580608K), 0.0016136 secs] [Times: user=0.01 sys=0.00, real=0.00 secs] 
670.542: [GC (Allocation Failure) [PSYoungGen: 68029K->1533K(67584K)] 393824K->327328K(580096K), 0.0016403 secs] [Times: user=0.00 sys=0.00, real=0.00 secs] 
670.658: [GC (Allocation Failure) [PSYoungGen: 67581K->1485K(68096K)] 393376K->327288K(580608K), 0.0017612 secs] [Times: user=0.01 sys=0.00, real=0.00 secs] 
672.226: [GC (Allocation Failure) [PSYoungGen: 67533K->1472K(67072K)] 393336K->327283K(579584K), 0.0027726 secs] [Times: user=0.01 sys=0.01, real=0.00 secs] 
672.773: [GC (Allocation Failure) [PSYoungGen: 67008K->1408K(66560K)] 392819K->327219K(579072K), 0.0022709 secs] [Times: user=0.01 sys=0.00, real=0.01 secs] 
673.289: [GC (Allocation Failure) [PSYoungGen: 66432K->1376K(66048K)] 392243K->327211K(578560K), 0.0025091 secs] [Times: user=0.00 sys=0.00, real=0.00 secs] 
673.824: [GC (Allocation Failure) [PSYoungGen: 65888K->1344K(65536K)] 391723K->327179K(578048K), 0.0025184 secs] [Times: user=0.01 sys=0.00, real=0.01 secs] 
674.284: [GC (Allocation Failure) [PSYoungGen: 65344K->1485K(65024K)] 391179K->327320K(577536K), 0.0025357 secs] [Times: user=0.01 sys=0.00, real=0.01 secs] 
674.465: [GC (Allocation Failure) [PSYoungGen: 64973K->1517K(64512K)] 390808K->327352K(577024K), 0.0023332 secs] [Times: user=0.01 sys=0.00, real=0.00 secs] 
674.603: [GC (Allocation Failure) [PSYoungGen: 64493K->1533K(64000K)] 390328K->327368K(576512K), 0.0016024 secs] [Times: user=0.00 sys=0.00, real=0.01 secs] 
674.714: [GC (Allocation Failure) [PSYoungGen: 63997K->1517K(64512K)] 389832K->327360K(577024K), 0.0017160 secs] [Times: user=0.00 sys=0.00, real=0.00 secs] 
675.217: [GC (Allocation Failure) [PSYoungGen: 63981K->1472K(64512K)] 389824K->327315K(577024K), 0.0047006 secs] [Times: user=0.02 sys=0.00, real=0.00 secs] 
675.745: [GC (Allocation Failure) [PSYoungGen: 63936K->1440K(63488K)] 389779K->327283K(576000K), 0.0025273 secs] [Times: user=0.01 sys=0.00, real=0.00 secs] 
675.998: [GC (Allocation Failure) [PSYoungGen: 63392K->1376K(62976K)] 389235K->327219K(575488K), 0.0020799 secs] [Times: user=0.01 sys=0.00, real=0.00 secs] 
676.254: [GC (Allocation Failure) [PSYoungGen: 62816K->1408K(62464K)] 388659K->327251K(574976K), 0.0020868 secs] [Times: user=0.01 sys=0.00, real=0.01 secs] 
676.507: [GC (Allocation Failure) [PSYoungGen: 62336K->1408K(61952K)] 388179K->327251K(574464K), 0.0021945 secs] [Times: user=0.01 sys=0.00, real=0.00 secs] 
676.693: [GC (Allocation Failure) [PSYoungGen: 61824K->1501K(61440K)] 387667K->327344K(573952K), 0.0016072 secs] [Times: user=0.00 sys=0.00, real=0.01 secs] 
676.814: [GC (Allocation Failure) [PSYoungGen: 61405K->1485K(67072K)] 387248K->327328K(579584K), 0.0018235 secs] [Times: user=0.01 sys=0.00, real=0.00 secs] 
676.963: [GC (Allocation Failure) [PSYoungGen: 66509K->1501K(67072K)] 392352K->327360K(579584K), 0.0022686 secs] [Times: user=0.01 sys=0.00, real=0.01 secs] 
677.087: [GC (Allocation Failure) [PSYoungGen: 66525K->1501K(67072K)] 392384K->327360K(579584K), 0.0016474 secs] [Times: user=0.01 sys=0.00, real=0.00 secs] 
677.552: [GC (Allocation Failure) [PSYoungGen: 66525K->1424K(72192K)] 392384K->327283K(584704K), 0.0025081 secs] [Times: user=0.01 sys=0.00, real=0.01 secs] 
678.117: [GC (Allocation Failure) [PSYoungGen: 72080K->1440K(71680K)] 397939K->327299K(584192K), 0.0022056 secs] [Times: user=0.01 sys=0.00, real=0.00 secs] 
678.689: [GC (Allocation Failure) [PSYoungGen: 71584K->1440K(71168K)] 397443K->327299K(583680K), 0.0024580 secs] [Times: user=0.01 sys=0.00, real=0.00 secs] 
679.421: [GC (Allocation Failure) [PSYoungGen: 71072K->1408K(70656K)] 396931K->327291K(583168K), 0.0046474 secs] [Times: user=0.02 sys=0.00, real=0.01 secs] 
679.974: [GC (Allocation Failure) [PSYoungGen: 70528K->1485K(70144K)] 396411K->327368K(582656K), 0.0024222 secs] [Times: user=0.01 sys=0.00, real=0.00 secs] 
680.136: [GC (Allocation Failure) [PSYoungGen: 70093K->1469K(69632K)] 395976K->327352K(582144K), 0.0017386 secs] [Times: user=0.00 sys=0.00, real=0.00 secs] 
680.282: [GC (Allocation Failure) [PSYoungGen: 69565K->1517K(69120K)] 395448K->327408K(581632K), 0.0021716 secs] [Times: user=0.01 sys=0.00, real=0.00 secs] 
680.441: [GC (Allocation Failure) [PSYoungGen: 69101K->1469K(69632K)] 394992K->327360K(582144K), 0.0016815 secs] [Times: user=0.00 sys=0.00, real=0.00 secs] 
681.021: [GC (Allocation Failure) [PSYoungGen: 69053K->1424K(68608K)] 394944K->327315K(581120K), 0.0031361 secs] [Times: user=0.01 sys=0.00, real=0.00 secs] 
681.762: [GC (Allocation Failure) [PSYoungGen: 68496K->1360K(68096K)] 394387K->327251K(580608K), 0.0028492 secs] [Times: user=0.01 sys=0.00, real=0.01 secs] 
682.390: [GC (Allocation Failure) [PSYoungGen: 67920K->1408K(67584K)] 393811K->327299K(580096K), 0.0023377 secs] [Times: user=0.01 sys=0.00, real=0.00 secs] 
683.017: [GC (Allocation Failure) [PSYoungGen: 67456K->1424K(67072K)] 393347K->327315K(579584K), 0.0023678 secs] [Times: user=0.01 sys=0.00, real=0.00 secs] 
683.713: [GC (Allocation Failure) [PSYoungGen: 66960K->1469K(66560K)] 392851K->327360K(579072K), 0.0025876 secs] [Times: user=0.01 sys=0.00, real=0.01 secs] 
683.860: [GC (Allocation Failure) [PSYoungGen: 66493K->1437K(66048K)] 392384K->327328K(578560K), 0.0018121 secs] [Times: user=0.00 sys=0.00, real=0.00 secs] 
683.973: [GC (Allocation Failure) [PSYoungGen: 65949K->1469K(65536K)] 391840K->327360K(578048K), 0.0017611 secs] [Times: user=0.00 sys=0.00, real=0.01 secs] 
684.086: [GC (Allocation Failure) [PSYoungGen: 65469K->1501K(70656K)] 391360K->327400K(583168K), 0.0016669 secs] [Times: user=0.01 sys=0.00, real=0.00 secs] 
684.310: [GC (Allocation Failure) [PSYoungGen: 70621K->1472K(71168K)] 396520K->327379K(583680K), 0.0017183 secs] [Times: user=0.00 sys=0.00, real=0.00 secs] 
684.596: [GC (Allocation Failure) [PSYoungGen: 70592K->1440K(70144K)] 396499K->327355K(582656K), 0.0017826 secs] [Times: user=0.00 sys=0.00, real=0.00 secs] 
685.144: [GC (Allocation Failure) [PSYoungGen: 70048K->1408K(69632K)] 395963K->327323K(582144K), 0.0021090 secs] [Times: user=0.01 sys=0.00, real=0.01 secs] 
685.706: [GC (Allocation Failure) [PSYoungGen: 69504K->1344K(69120K)] 395419K->327259K(581632K), 0.0021431 secs] [Times: user=0.01 sys=0.00, real=0.00 secs] 
686.042: [GC (Allocation Failure) [PSYoungGen: 68928K->1469K(68608K)] 394843K->327384K(581120K), 0.0015567 secs] [Times: user=0.01 sys=0.00, real=0.00 secs] 
686.159: [GC (Allocation Failure) [PSYoungGen: 68541K->1501K(68096K)] 394456K->327416K(580608K), 0.0017203 secs] [Times: user=0.01 sys=0.00, real=0.00 secs] 
686.275: [GC (Allocation Failure) [PSYoungGen: 68061K->1485K(68608K)] 393976K->327400K(581120K), 0.0016605 secs] [Times: user=0.01 sys=0.00, real=0.00 secs] 
686.393: [GC (Allocation Failure) [PSYoungGen: 68045K->1469K(68608K)] 393960K->327400K(581120K), 0.0016817 secs] [Times: user=0.01 sys=0.00, real=0.01 secs] 
686.671: [GC (Allocation Failure) [PSYoungGen: 68029K->1424K(73216K)] 393960K->327363K(585728K), 0.0019311 secs] [Times: user=0.01 sys=0.01, real=0.00 secs] 
686.985: [GC (Allocation Failure) [PSYoungGen: 73104K->1408K(72704K)] 399043K->327347K(585216K), 0.0020597 secs] [Times: user=0.01 sys=0.00, real=0.00 secs] 
687.281: [GC (Allocation Failure) [PSYoungGen: 72576K->1408K(72192K)] 398515K->327347K(584704K), 0.0019198 secs] [Times: user=0.01 sys=0.00, real=0.00 secs] 
687.575: [GC (Allocation Failure) [PSYoungGen: 72064K->1408K(71680K)] 398003K->327347K(584192K), 0.0024542 secs] [Times: user=0.01 sys=0.00, real=0.00 secs] 
687.803: [GC (Allocation Failure) [PSYoungGen: 71552K->1533K(71168K)] 397491K->327472K(583680K), 0.0015946 secs] [Times: user=0.01 sys=0.00, real=0.01 secs] 
687.925: [GC (Allocation Failure) [PSYoungGen: 71165K->1472K(70656K)] 397104K->327411K(583168K), 0.0016682 secs] [Times: user=0.01 sys=0.00, real=0.00 secs] 
688.046: [GC (Allocation Failure) [PSYoungGen: 70592K->1485K(71168K)] 396531K->327424K(583680K), 0.0016953 secs] [Times: user=0.00 sys=0.00, real=0.00 secs] 
688.167: [GC (Allocation Failure) [PSYoungGen: 70605K->1501K(71168K)] 396544K->327464K(583680K), 0.0016644 secs] [Times: user=0.01 sys=0.00, real=0.00 secs] 
690.740: [GC (Allocation Failure) [PSYoungGen: 70621K->1408K(70144K)] 396584K->327395K(582656K), 0.0028578 secs] [Times: user=0.01 sys=0.01, real=0.00 secs] 
691.296: [GC (Allocation Failure) [PSYoungGen: 70016K->1376K(69632K)] 396003K->327363K(582144K), 0.0025892 secs] [Times: user=0.01 sys=0.00, real=0.00 secs] 
692.173: [GC (Allocation Failure) [PSYoungGen: 69472K->1376K(69120K)] 395459K->327363K(581632K), 0.0032202 secs] [Times: user=0.01 sys=0.00, real=0.01 secs] 
692.956: [GC (Allocation Failure) [PSYoungGen: 68960K->1344K(68608K)] 394947K->327331K(581120K), 0.0033774 secs] [Times: user=0.02 sys=0.00, real=0.00 secs] 
693.404: [GC (Allocation Failure) [PSYoungGen: 68416K->1424K(68096K)] 394403K->327411K(580608K), 0.0020909 secs] [Times: user=0.01 sys=0.00, real=0.00 secs] 
693.535: [GC (Allocation Failure) [PSYoungGen: 67984K->1469K(67584K)] 393971K->327456K(580096K), 0.0017261 secs] [Times: user=0.00 sys=0.00, real=0.00 secs] 
693.650: [GC (Allocation Failure) [PSYoungGen: 67517K->1501K(67072K)] 393504K->327488K(579584K), 0.0015954 secs] [Times: user=0.01 sys=0.00, real=0.00 secs] 
693.765: [GC (Allocation Failure) [PSYoungGen: 67037K->1533K(72704K)] 393024K->327528K(585216K), 0.0016101 secs] [Times: user=0.01 sys=0.00, real=0.00 secs] 
694.069: [GC (Allocation Failure) [PSYoungGen: 72701K->1440K(72192K)] 398696K->327435K(584704K), 0.0019881 secs] [Times: user=0.01 sys=0.00, real=0.00 secs] 
694.363: [GC (Allocation Failure) [PSYoungGen: 72096K->1376K(71680K)] 398091K->327371K(584192K), 0.0019167 secs] [Times: user=0.01 sys=0.00, real=0.01 secs] 
694.783: [GC (Allocation Failure) [PSYoungGen: 71520K->1408K(71168K)] 397515K->327403K(583680K), 0.0020473 secs] [Times: user=0.01 sys=0.00, real=0.01 secs] 
695.397: [GC (Allocation Failure) [PSYoungGen: 71040K->1424K(70656K)] 397035K->327419K(583168K), 0.0020196 secs] [Times: user=0.01 sys=0.00, real=0.00 secs] 
695.727: [GC (Allocation Failure) [PSYoungGen: 70544K->1533K(70144K)] 396539K->327528K(582656K), 0.0023349 secs] [Times: user=0.01 sys=0.00, real=0.00 secs] 
695.867: [GC (Allocation Failure) [PSYoungGen: 70109K->1485K(69632K)] 396104K->327480K(582144K), 0.0017156 secs] [Times: user=0.01 sys=0.00, real=0.00 secs] 
695.989: [GC (Allocation Failure) [PSYoungGen: 69581K->1485K(69120K)] 395576K->327480K(581632K), 0.0016401 secs] [Times: user=0.00 sys=0.00, real=0.00 secs] 
696.463: [GC (Allocation Failure) [PSYoungGen: 69069K->1984K(69120K)] 395064K->328491K(581632K), 0.0022606 secs] [Times: user=0.01 sys=0.00, real=0.01 secs] 
697.247: [GC (Allocation Failure) [PSYoungGen: 69056K->1344K(68096K)] 395563K->327851K(580608K), 0.0029007 secs] [Times: user=0.01 sys=0.00, real=0.00 secs] 
698.215: [GC (Allocation Failure) [PSYoungGen: 67904K->1376K(67584K)] 394411K->327883K(580096K), 0.0029320 secs] [Times: user=0.02 sys=0.00, real=0.00 secs] 
698.793: [GC (Allocation Failure) [PSYoungGen: 67424K->1408K(67072K)] 393931K->327915K(579584K), 0.0039608 secs] [Times: user=0.02 sys=0.00, real=0.01 secs] 
699.097: [GC (Allocation Failure) [PSYoungGen: 66944K->1376K(66560K)] 393451K->327883K(579072K), 0.0026686 secs] [Times: user=0.01 sys=0.00, real=0.00 secs] 
699.332: [GC (Allocation Failure) [PSYoungGen: 66400K->1485K(66048K)] 392907K->327992K(578560K), 0.0016355 secs] [Times: user=0.01 sys=0.00, real=0.00 secs] 
699.445: [GC (Allocation Failure) [PSYoungGen: 65997K->1469K(65536K)] 392504K->327976K(578048K), 0.0015729 secs] [Times: user=0.00 sys=0.00, real=0.00 secs] 
699.557: [GC (Allocation Failure) [PSYoungGen: 65469K->1533K(66048K)] 391976K->328040K(578560K), 0.0015639 secs] [Times: user=0.01 sys=0.00, real=0.00 secs] 
699.670: [GC (Allocation Failure) [PSYoungGen: 66045K->1485K(66560K)] 392552K->328008K(579072K), 0.0016428 secs] [Times: user=0.01 sys=0.00, real=0.00 secs] 
700.043: [GC (Allocation Failure) [PSYoungGen: 65997K->1408K(71168K)] 392520K->327931K(583680K), 0.0019663 secs] [Times: user=0.01 sys=0.00, real=0.01 secs] 
700.333: [GC (Allocation Failure) [PSYoungGen: 71040K->1424K(70656K)] 397563K->327963K(583168K), 0.0021658 secs] [Times: user=0.01 sys=0.00, real=0.01 secs] 
700.673: [GC (Allocation Failure) [PSYoungGen: 70544K->1360K(70144K)] 397083K->327899K(582656K), 0.0032901 secs] [Times: user=0.01 sys=0.00, real=0.01 secs] 
700.959: [GC (Allocation Failure) [PSYoungGen: 69968K->1376K(69632K)] 396507K->327915K(582144K), 0.0025547 secs] [Times: user=0.01 sys=0.00, real=0.00 secs] 
701.267: [GC (Allocation Failure) [PSYoungGen: 69472K->1456K(69120K)] 396011K->327995K(581632K), 0.0021704 secs] [Times: user=0.00 sys=0.00, real=0.00 secs] 
701.394: [GC (Allocation Failure) [PSYoungGen: 69040K->1501K(69632K)] 395579K->328040K(582144K), 0.0017272 secs] [Times: user=0.01 sys=0.00, real=0.00 secs] 
701.513: [GC (Allocation Failure) [PSYoungGen: 69085K->1488K(75264K)] 395624K->328035K(587776K), 0.0019297 secs] [Times: user=0.01 sys=0.00, real=0.01 secs] 
701.706: [GC (Allocation Failure) [PSYoungGen: 74704K->1536K(75264K)] 401251K->328091K(587776K), 0.0017186 secs] [Times: user=0.01 sys=0.00, real=0.00 secs] 
702.554: [GC (Allocation Failure) [PSYoungGen: 74752K->1408K(74240K)] 401307K->327963K(586752K), 0.0022851 secs] [Times: user=0.01 sys=0.00, real=0.01 secs] 
703.271: [GC (Allocation Failure) [PSYoungGen: 74112K->1360K(73728K)] 400667K->327915K(586240K), 0.0026527 secs] [Times: user=0.01 sys=0.00, real=0.00 secs] 
704.118: [GC (Allocation Failure) [PSYoungGen: 73552K->1344K(73216K)] 400107K->327899K(585728K), 0.0040322 secs] [Times: user=0.01 sys=0.00, real=0.00 secs] 
704.872: [GC (Allocation Failure) [PSYoungGen: 73024K->1469K(72704K)] 399579K->328024K(585216K), 0.0034476 secs] [Times: user=0.01 sys=0.01, real=0.01 secs] 
705.080: [GC (Allocation Failure) [PSYoungGen: 72623K->1501K(72192K)] 399179K->328056K(584704K), 0.0016520 secs] [Times: user=0.00 sys=0.00, real=0.00 secs] 
705.204: [GC (Allocation Failure) [PSYoungGen: 72157K->1469K(71680K)] 398712K->328024K(584192K), 0.0016041 secs] [Times: user=0.01 sys=0.00, real=0.00 secs] 
705.326: [GC (Allocation Failure) [PSYoungGen: 71588K->1533K(71168K)] 398143K->328088K(583680K), 0.0016246 secs] [Times: user=0.01 sys=0.00, real=0.00 secs] 
705.691: [GC (Allocation Failure) [PSYoungGen: 71165K->1440K(70656K)] 397720K->327995K(583168K), 0.0031192 secs] [Times: user=0.01 sys=0.00, real=0.01 secs] 
705.990: [GC (Allocation Failure) [PSYoungGen: 70560K->1376K(70144K)] 397115K->327931K(582656K), 0.0020733 secs] [Times: user=0.01 sys=0.00, real=0.00 secs] 
706.286: [GC (Allocation Failure) [PSYoungGen: 69984K->1408K(69632K)] 396539K->327963K(582144K), 0.0023516 secs] [Times: user=0.01 sys=0.00, real=0.00 secs] 
706.574: [GC (Allocation Failure) [PSYoungGen: 69504K->1392K(69120K)] 396059K->327947K(581632K), 0.0020953 secs] [Times: user=0.01 sys=0.00, real=0.01 secs] 
707.087: [GC (Allocation Failure) [PSYoungGen: 68976K->1437K(68608K)] 395531K->327992K(581120K), 0.0022666 secs] [Times: user=0.01 sys=0.00, real=0.00 secs] 
707.262: [GC (Allocation Failure) [PSYoungGen: 68509K->1501K(68096K)] 395064K->328056K(580608K), 0.0020897 secs] [Times: user=0.01 sys=0.00, real=0.00 secs] 
707.409: [GC (Allocation Failure) [PSYoungGen: 68061K->1533K(67584K)] 394616K->328088K(580096K), 0.0017049 secs] [Times: user=0.00 sys=0.00, real=0.00 secs] 
707.525: [GC (Allocation Failure) [PSYoungGen: 67581K->1501K(73216K)] 394136K->328080K(585728K), 0.0016955 secs] [Times: user=0.01 sys=0.00, real=0.00 secs] 
708.191: [GC (Allocation Failure) [PSYoungGen: 73181K->1408K(72704K)] 399760K->327995K(585216K), 0.0024361 secs] [Times: user=0.01 sys=0.00, real=0.00 secs] 
709.035: [GC (Allocation Failure) [PSYoungGen: 72576K->1408K(72192K)] 399163K->327995K(584704K), 0.0026739 secs] [Times: user=0.01 sys=0.00, real=0.00 secs] 
709.937: [GC (Allocation Failure) [PSYoungGen: 72064K->1344K(71680K)] 398651K->327931K(584192K), 0.0032827 secs] [Times: user=0.01 sys=0.00, real=0.00 secs] 
710.676: [GC (Allocation Failure) [PSYoungGen: 71488K->1376K(71168K)] 398075K->327979K(583680K), 0.0026091 secs] [Times: user=0.01 sys=0.00, real=0.00 secs] 
711.278: [GC (Allocation Failure) [PSYoungGen: 71008K->1488K(70656K)] 397611K->328091K(583168K), 0.0016498 secs] [Times: user=0.01 sys=0.00, real=0.00 secs] 
711.400: [GC (Allocation Failure) [PSYoungGen: 70608K->1520K(70144K)] 397211K->328123K(582656K), 0.0016119 secs] [Times: user=0.01 sys=0.00, real=0.00 secs] 
711.521: [GC (Allocation Failure) [PSYoungGen: 70128K->1440K(69632K)] 396731K->328043K(582144K), 0.0017316 secs] [Times: user=0.01 sys=0.00, real=0.00 secs] 
711.640: [GC (Allocation Failure) [PSYoungGen: 69536K->1504K(70144K)] 396139K->328115K(582656K), 0.0015684 secs] [Times: user=0.01 sys=0.00, real=0.00 secs] 
712.223: [GC (Allocation Failure) [PSYoungGen: 69600K->1376K(69120K)] 396211K->327987K(581632K), 0.0019990 secs] [Times: user=0.01 sys=0.00, real=0.01 secs] 
712.829: [GC (Allocation Failure) [PSYoungGen: 68960K->1376K(68608K)] 395571K->327987K(581120K), 0.0027390 secs] [Times: user=0.01 sys=0.00, real=0.00 secs] 
713.537: [GC (Allocation Failure) [PSYoungGen: 68448K->1408K(68096K)] 395059K->328019K(580608K), 0.0029578 secs] [Times: user=0.02 sys=0.00, real=0.00 secs] 
714.089: [GC (Allocation Failure) [PSYoungGen: 67968K->1408K(67584K)] 394579K->328019K(580096K), 0.0023016 secs] [Times: user=0.01 sys=0.00, real=0.00 secs] 
714.384: [GC (Allocation Failure) [PSYoungGen: 67456K->1485K(67072K)] 394067K->328096K(579584K), 0.0016076 secs] [Times: user=0.01 sys=0.00, real=0.00 secs] 
714.500: [GC (Allocation Failure) [PSYoungGen: 67021K->1501K(66560K)] 393632K->328120K(579072K), 0.0016394 secs] [Times: user=0.01 sys=0.00, real=0.00 secs] 
714.613: [GC (Allocation Failure) [PSYoungGen: 66525K->1504K(67072K)] 393144K->328123K(579584K), 0.0017018 secs] [Times: user=0.01 sys=0.00, real=0.01 secs] 
714.727: [GC (Allocation Failure) [PSYoungGen: 66528K->1517K(72192K)] 393147K->328160K(584704K), 0.0018869 secs] [Times: user=0.01 sys=0.00, real=0.00 secs] 
715.444: [GC (Allocation Failure) [PSYoungGen: 71661K->1424K(71168K)] 398304K->328067K(583680K), 0.0022356 secs] [Times: user=0.01 sys=0.00, real=0.00 secs] 
716.199: [GC (Allocation Failure) [PSYoungGen: 71056K->1408K(70656K)] 397699K->328051K(583168K), 0.0033601 secs] [Times: user=0.01 sys=0.00, real=0.00 secs] 
716.756: [GC (Allocation Failure) [PSYoungGen: 70528K->1376K(70144K)] 397171K->328019K(582656K), 0.0027755 secs] [Times: user=0.01 sys=0.00, real=0.00 secs] 
717.344: [GC (Allocation Failure) [PSYoungGen: 69984K->1408K(69632K)] 396627K->328059K(582144K), 0.0025514 secs] [Times: user=0.01 sys=0.00, real=0.01 secs] 
717.659: [GC (Allocation Failure) [PSYoungGen: 69504K->1453K(69120K)] 396155K->328104K(581632K), 0.0021438 secs] [Times: user=0.00 sys=0.00, real=0.00 secs] 
717.782: [GC (Allocation Failure) [PSYoungGen: 69037K->1504K(68608K)] 395688K->328155K(581120K), 0.0016512 secs] [Times: user=0.00 sys=0.00, real=0.00 secs] 
717.899: [GC (Allocation Failure) [PSYoungGen: 68576K->1501K(69120K)] 395227K->328152K(581632K), 0.0016866 secs] [Times: user=0.00 sys=0.00, real=0.00 secs] 
718.016: [GC (Allocation Failure) [PSYoungGen: 68573K->1536K(74752K)] 395224K->328211K(587264K), 0.0018343 secs] [Times: user=0.01 sys=0.00, real=0.00 secs] 
719.289: [GC (Allocation Failure) [PSYoungGen: 74240K->1440K(73728K)] 400915K->328115K(586240K), 0.0042198 secs] [Times: user=0.02 sys=0.00, real=0.00 secs] 
719.969: [GC (Allocation Failure) [PSYoungGen: 73632K->1408K(73216K)] 400307K->328083K(585728K), 0.0027100 secs] [Times: user=0.01 sys=0.00, real=0.00 secs] 
720.564: [GC (Allocation Failure) [PSYoungGen: 73088K->1440K(72704K)] 399763K->328115K(585216K), 0.0022705 secs] [Times: user=0.01 sys=0.00, real=0.01 secs] 
720.999: [GC (Allocation Failure) [PSYoungGen: 72608K->1424K(72192K)] 399283K->328099K(584704K), 0.0022225 secs] [Times: user=0.01 sys=0.00, real=0.00 secs] 
721.172: [GC (Allocation Failure) [PSYoungGen: 72080K->1501K(71680K)] 398755K->328192K(584192K), 0.0017173 secs] [Times: user=0.01 sys=0.00, real=0.00 secs] 
721.294: [GC (Allocation Failure) [PSYoungGen: 71645K->1520K(71168K)] 398336K->328211K(583680K), 0.0017359 secs] [Times: user=0.01 sys=0.00, real=0.00 secs] 
721.418: [GC (Allocation Failure) [PSYoungGen: 71152K->1472K(71680K)] 397843K->328163K(584192K), 0.0016181 secs] [Times: user=0.01 sys=0.00, real=0.00 secs] 
722.354: [GC (Allocation Failure) [PSYoungGen: 71104K->1408K(70656K)] 397795K->328099K(583168K), 0.0038139 secs] [Times: user=0.01 sys=0.00, real=0.00 secs] 
723.407: [GC (Allocation Failure) [PSYoungGen: 70528K->1408K(70144K)] 397219K->328099K(582656K), 0.0036584 secs] [Times: user=0.01 sys=0.01, real=0.00 secs] 
724.030: [GC (Allocation Failure) [PSYoungGen: 70016K->1392K(69632K)] 396707K->328083K(582144K), 0.0031051 secs] [Times: user=0.02 sys=0.00, real=0.00 secs] 
724.411: [GC (Allocation Failure) [PSYoungGen: 69488K->1376K(69120K)] 396179K->328067K(581632K), 0.0021882 secs] [Times: user=0.01 sys=0.01, real=0.00 secs] 
724.718: [GC (Allocation Failure) [PSYoungGen: 68960K->1501K(68608K)] 395651K->328192K(581120K), 0.0020261 secs] [Times: user=0.01 sys=0.00, real=0.00 secs] 
724.842: [GC (Allocation Failure) [PSYoungGen: 68573K->1488K(68096K)] 395264K->328179K(580608K), 0.0017398 secs] [Times: user=0.01 sys=0.00, real=0.01 secs] 
724.959: [GC (Allocation Failure) [PSYoungGen: 68048K->1533K(73216K)] 394739K->328224K(585728K), 0.0016327 secs] [Times: user=0.01 sys=0.00, real=0.00 secs] 
725.085: [GC (Allocation Failure) [PSYoungGen: 73213K->1501K(73728K)] 399904K->328192K(586240K), 0.0016998 secs] [Times: user=0.00 sys=0.00, real=0.00 secs] 
725.390: [GC (Allocation Failure) [PSYoungGen: 73181K->1440K(78848K)] 399872K->328147K(591360K), 0.0026240 secs] [Times: user=0.00 sys=0.00, real=0.00 secs] 
725.768: [GC (Allocation Failure) [PSYoungGen: 78752K->1408K(78336K)] 405459K->328123K(590848K), 0.0021393 secs] [Times: user=0.00 sys=0.00, real=0.00 secs] 
726.131: [GC (Allocation Failure) [PSYoungGen: 78208K->1376K(77824K)] 404923K->328091K(590336K), 0.0023149 secs] [Times: user=0.01 sys=0.00, real=0.00 secs] 
726.566: [GC (Allocation Failure) [PSYoungGen: 77664K->1440K(77312K)] 404379K->328155K(589824K), 0.0021894 secs] [Times: user=0.01 sys=0.00, real=0.00 secs] 
726.843: [GC (Allocation Failure) [PSYoungGen: 77216K->1501K(76800K)] 403931K->328216K(589312K), 0.0016431 secs] [Times: user=0.00 sys=0.00, real=0.01 secs] 
726.976: [GC (Allocation Failure) [PSYoungGen: 76765K->1533K(76288K)] 403480K->328248K(588800K), 0.0017545 secs] [Times: user=0.01 sys=0.00, real=0.00 secs] 
727.109: [GC (Allocation Failure) [PSYoungGen: 76285K->1501K(75776K)] 403000K->328216K(588288K), 0.0015993 secs] [Times: user=0.00 sys=0.00, real=0.00 secs] 
727.641: [GC (Allocation Failure) [PSYoungGen: 75741K->1456K(75264K)] 402456K->328171K(587776K), 0.0022539 secs] [Times: user=0.01 sys=0.00, real=0.00 secs] 
728.673: [GC (Allocation Failure) [PSYoungGen: 75184K->1408K(74752K)] 401899K->328123K(587264K), 0.0024017 secs] [Times: user=0.01 sys=0.00, real=0.01 secs] 
729.434: [GC (Allocation Failure) [PSYoungGen: 74624K->1408K(74240K)] 401339K->328123K(586752K), 0.0028940 secs] [Times: user=0.01 sys=0.00, real=0.00 secs] 
730.283: [GC (Allocation Failure) [PSYoungGen: 74112K->1376K(73728K)] 400827K->328091K(586240K), 0.0027905 secs] [Times: user=0.01 sys=0.00, real=0.01 secs] 
731.226: [GC (Allocation Failure) [PSYoungGen: 73568K->1469K(73216K)] 400283K->328200K(585728K), 0.0023487 secs] [Times: user=0.01 sys=0.00, real=0.00 secs] 
731.396: [GC (Allocation Failure) [PSYoungGen: 73149K->1469K(72704K)] 399880K->328200K(585216K), 0.0017963 secs] [Times: user=0.01 sys=0.00, real=0.00 secs] 
731.520: [GC (Allocation Failure) [PSYoungGen: 72637K->1517K(72192K)] 399368K->328248K(584704K), 0.0016488 secs] [Times: user=0.01 sys=0.00, real=0.00 secs] 
731.644: [GC (Allocation Failure) [PSYoungGen: 72173K->1504K(71680K)] 398904K->328235K(584192K), 0.0018114 secs] [Times: user=0.01 sys=0.00, real=0.00 secs] 
732.384: [GC (Allocation Failure) [PSYoungGen: 71648K->1440K(71168K)] 398379K->328179K(583680K), 0.0023008 secs] [Times: user=0.01 sys=0.00, real=0.01 secs] 
733.015: [GC (Allocation Failure) [PSYoungGen: 71072K->1392K(70656K)] 397811K->328131K(583168K), 0.0021779 secs] [Times: user=0.01 sys=0.00, real=0.00 secs] 
733.877: [GC (Allocation Failure) [PSYoungGen: 70512K->1376K(70144K)] 397251K->328115K(582656K), 0.0029737 secs] [Times: user=0.01 sys=0.00, real=0.00 secs] 
734.903: [GC (Allocation Failure) [PSYoungGen: 69984K->1424K(69632K)] 396723K->328163K(582144K), 0.0041193 secs] [Times: user=0.02 sys=0.00, real=0.01 secs] 
735.340: [GC (Allocation Failure) [PSYoungGen: 69520K->1501K(69120K)] 396259K->328240K(581632K), 0.0021998 secs] [Times: user=0.00 sys=0.00, real=0.00 secs] 
735.475: [GC (Allocation Failure) [PSYoungGen: 69059K->1565K(69120K)] 395799K->328304K(581632K), 0.0015263 secs] [Times: user=0.01 sys=0.00, real=0.00 secs] 
735.592: [GC (Allocation Failure) [PSYoungGen: 68637K->1517K(68096K)] 395376K->328264K(580608K), 0.0015771 secs] [Times: user=0.01 sys=0.00, real=0.00 secs] 
735.708: [GC (Allocation Failure) [PSYoungGen: 68077K->1501K(68608K)] 394824K->328280K(581120K), 0.0016031 secs] [Times: user=0.00 sys=0.00, real=0.00 secs] 
736.785: [GC (Allocation Failure) [PSYoungGen: 68573K->1408K(68096K)] 395352K->328195K(580608K), 0.0020643 secs] [Times: user=0.01 sys=0.00, real=0.00 secs] 
737.186: [GC (Allocation Failure) [PSYoungGen: 67968K->1424K(67584K)] 394755K->328219K(580096K), 0.0022176 secs] [Times: user=0.01 sys=0.00, real=0.00 secs] 
737.736: [GC (Allocation Failure) [PSYoungGen: 67472K->1344K(67072K)] 394267K->328139K(579584K), 0.0024530 secs] [Times: user=0.01 sys=0.00, real=0.00 secs] 
738.232: [GC (Allocation Failure) [PSYoungGen: 66880K->1408K(66560K)] 393675K->328203K(579072K), 0.0022168 secs] [Times: user=0.01 sys=0.00, real=0.01 secs] 
738.556: [GC (Allocation Failure) [PSYoungGen: 66432K->1501K(66048K)] 393227K->328296K(578560K), 0.0017359 secs] [Times: user=0.01 sys=0.00, real=0.00 secs] 
738.669: [GC (Allocation Failure) [PSYoungGen: 66013K->1517K(65536K)] 392808K->328312K(578048K), 0.0016546 secs] [Times: user=0.00 sys=0.00, real=0.00 secs] 
738.781: [GC (Allocation Failure) [PSYoungGen: 65512K->1469K(65024K)] 392308K->328264K(577536K), 0.0015819 secs] [Times: user=0.01 sys=0.00, real=0.00 secs] 
738.908: [GC (Allocation Failure) [PSYoungGen: 64957K->1472K(65536K)] 391752K->328283K(578048K), 0.0019224 secs] [Times: user=0.01 sys=0.00, real=0.00 secs] 
739.651: [GC (Allocation Failure) [PSYoungGen: 64960K->1408K(64512K)] 391771K->328219K(577024K), 0.0026531 secs] [Times: user=0.01 sys=0.00, real=0.00 secs] 
740.377: [GC (Allocation Failure) [PSYoungGen: 64384K->1376K(64000K)] 391195K->328187K(576512K), 0.0025529 secs] [Times: user=0.01 sys=0.00, real=0.00 secs] 
740.934: [GC (Allocation Failure) [PSYoungGen: 63840K->1408K(63488K)] 390651K->328235K(576000K), 0.0023496 secs] [Times: user=0.01 sys=0.00, real=0.01 secs] 
741.556: [GC (Allocation Failure) [PSYoungGen: 63360K->1376K(62976K)] 390187K->328203K(575488K), 0.0028794 secs] [Times: user=0.01 sys=0.00, real=0.00 secs] 
742.330: [GC (Allocation Failure) [PSYoungGen: 62816K->1469K(62464K)] 389643K->328296K(574976K), 0.0027022 secs] [Times: user=0.01 sys=0.00, real=0.00 secs] 
742.489: [GC (Allocation Failure) [PSYoungGen: 62397K->1456K(61952K)] 389224K->328283K(574464K), 0.0016155 secs] [Times: user=0.01 sys=0.00, real=0.00 secs] 
742.597: [GC (Allocation Failure) [PSYoungGen: 61872K->1517K(61440K)] 388699K->328344K(573952K), 0.0016828 secs] [Times: user=0.00 sys=0.00, real=0.00 secs] 
742.702: [GC (Allocation Failure) [PSYoungGen: 61421K->1501K(61952K)] 388248K->328344K(574464K), 0.0016470 secs] [Times: user=0.01 sys=0.00, real=0.00 secs] 
742.808: [GC (Allocation Failure) [PSYoungGen: 61405K->1533K(61952K)] 388248K->328376K(574464K), 0.0016459 secs] [Times: user=0.00 sys=0.00, real=0.00 secs] 
743.662: [GC (Allocation Failure) [PSYoungGen: 61437K->1424K(66560K)] 388280K->328267K(579072K), 0.0030656 secs] [Times: user=0.01 sys=0.00, real=0.01 secs] 
744.380: [GC (Allocation Failure) [PSYoungGen: 66448K->1408K(66048K)] 393291K->328251K(578560K), 0.0027536 secs] [Times: user=0.01 sys=0.00, real=0.00 secs] 
745.109: [GC (Allocation Failure) [PSYoungGen: 65920K->1376K(65536K)] 392763K->328219K(578048K), 0.0021929 secs] [Times: user=0.01 sys=0.00, real=0.00 secs] 
745.846: [GC (Allocation Failure) [PSYoungGen: 65376K->1408K(65024K)] 392219K->328251K(577536K), 0.0022065 secs] [Times: user=0.01 sys=0.00, real=0.00 secs] 
746.480: [GC (Allocation Failure) [PSYoungGen: 64896K->1437K(64512K)] 391739K->328280K(577024K), 0.0022496 secs] [Times: user=0.01 sys=0.00, real=0.00 secs] 
746.613: [GC (Allocation Failure) [PSYoungGen: 64413K->1469K(64000K)] 391256K->328312K(576512K), 0.0017218 secs] [Times: user=0.01 sys=0.00, real=0.01 secs] 
746.723: [GC (Allocation Failure) [PSYoungGen: 63933K->1469K(63488K)] 390776K->328328K(576000K), 0.0017332 secs] [Times: user=0.01 sys=0.00, real=0.01 secs] 
746.831: [GC (Allocation Failure) [PSYoungGen: 63390K->1488K(64000K)] 390249K->328347K(576512K), 0.0018184 secs] [Times: user=0.01 sys=0.00, real=0.00 secs] 
747.403: [GC (Allocation Failure) [PSYoungGen: 63440K->1424K(62976K)] 390299K->328291K(575488K), 0.0023365 secs] [Times: user=0.01 sys=0.00, real=0.01 secs] 
749.240: [GC (Allocation Failure) [PSYoungGen: 62864K->1376K(62464K)] 389731K->328243K(574976K), 0.0047892 secs] [Times: user=0.02 sys=0.00, real=0.01 secs] 
750.100: [GC (Allocation Failure) [PSYoungGen: 62304K->1360K(61952K)] 389171K->328227K(574464K), 0.0025031 secs] [Times: user=0.01 sys=0.00, real=0.00 secs] 
750.351: [GC (Allocation Failure) [PSYoungGen: 61776K->1376K(61440K)] 388643K->328243K(573952K), 0.0023253 secs] [Times: user=0.01 sys=0.00, real=0.00 secs] 
750.738: [GC (Allocation Failure) [PSYoungGen: 61280K->1312K(60928K)] 388147K->328179K(573440K), 0.0018990 secs] [Times: user=0.01 sys=0.00, real=0.00 secs] 
750.996: [GC (Allocation Failure) [PSYoungGen: 60704K->1533K(60928K)] 387571K->328400K(573440K), 0.0017648 secs] [Times: user=0.00 sys=0.00, real=0.00 secs] 
751.100: [GC (Allocation Failure) [PSYoungGen: 60925K->1533K(60928K)] 387792K->328400K(573440K), 0.0016930 secs] [Times: user=0.00 sys=0.00, real=0.00 secs] 
751.205: [GC (Allocation Failure) [PSYoungGen: 60925K->1469K(66048K)] 387792K->328360K(578560K), 0.0015152 secs] [Times: user=0.00 sys=0.01, real=0.00 secs] 
751.317: [GC (Allocation Failure) [PSYoungGen: 65469K->1501K(66560K)] 392360K->328392K(579072K), 0.0015147 secs] [Times: user=0.01 sys=0.00, real=0.00 secs] 
751.756: [GC (Allocation Failure) [PSYoungGen: 66013K->1376K(66560K)] 392904K->328283K(579072K), 0.0024881 secs] [Times: user=0.02 sys=0.00, real=0.00 secs] 
752.602: [GC (Allocation Failure) [PSYoungGen: 65888K->1392K(65536K)] 392795K->328299K(578048K), 0.0030922 secs] [Times: user=0.01 sys=0.00, real=0.01 secs] 
753.599: [GC (Allocation Failure) [PSYoungGen: 65392K->1312K(65024K)] 392299K->328219K(577536K), 0.0026189 secs] [Times: user=0.01 sys=0.00, real=0.00 secs] 
754.441: [GC (Allocation Failure) [PSYoungGen: 64800K->1376K(64512K)] 391707K->328283K(577024K), 0.0024430 secs] [Times: user=0.01 sys=0.00, real=0.00 secs] 
755.304: [GC (Allocation Failure) [PSYoungGen: 64332K->1501K(64000K)] 391239K->328408K(576512K), 0.0028479 secs] [Times: user=0.02 sys=0.00, real=0.01 secs] 
755.470: [GC (Allocation Failure) [PSYoungGen: 63965K->1533K(63488K)] 390872K->328440K(576000K), 0.0015922 secs] [Times: user=0.00 sys=0.00, real=0.00 secs] 
755.595: [GC (Allocation Failure) [PSYoungGen: 63485K->1488K(62976K)] 390392K->328411K(575488K), 0.0019905 secs] [Times: user=0.01 sys=0.00, real=0.00 secs] 
755.736: [GC (Allocation Failure) [PSYoungGen: 62928K->1501K(68096K)] 389851K->328424K(580608K), 0.0021974 secs] [Times: user=0.01 sys=0.00, real=0.00 secs] 
755.893: [GC (Allocation Failure) [PSYoungGen: 68034K->1469K(68608K)] 394958K->328392K(581120K), 0.0016619 secs] [Times: user=0.01 sys=0.00, real=0.01 secs] 
756.195: [GC (Allocation Failure) [PSYoungGen: 68029K->1408K(73216K)] 394952K->328331K(585728K), 0.0025947 secs] [Times: user=0.01 sys=0.00, real=0.00 secs] 
756.493: [GC (Allocation Failure) [PSYoungGen: 73088K->1408K(72704K)] 400011K->328331K(585216K), 0.0024921 secs] [Times: user=0.01 sys=0.00, real=0.01 secs] 
757.045: [GC (Allocation Failure) [PSYoungGen: 72576K->1376K(72192K)] 399499K->328299K(584704K), 0.0022122 secs] [Times: user=0.01 sys=0.00, real=0.00 secs] 
757.585: [GC (Allocation Failure) [PSYoungGen: 72032K->1424K(71680K)] 398955K->328347K(584192K), 0.0022331 secs] [Times: user=0.01 sys=0.00, real=0.00 secs] 
757.809: [GC (Allocation Failure) [PSYoungGen: 71568K->1437K(71168K)] 398491K->328360K(583680K), 0.0016573 secs] [Times: user=0.01 sys=0.00, real=0.00 secs] 
757.948: [GC (Allocation Failure) [PSYoungGen: 71069K->1533K(70656K)] 397992K->328456K(583168K), 0.0021396 secs] [Times: user=0.01 sys=0.00, real=0.00 secs] 
758.109: [GC (Allocation Failure) [PSYoungGen: 70653K->1456K(70144K)] 397576K->328395K(582656K), 0.0017807 secs] [Times: user=0.01 sys=0.00, real=0.00 secs] 
758.446: [GC (Allocation Failure) [PSYoungGen: 70064K->1440K(69632K)] 397003K->328379K(582144K), 0.0026098 secs] [Times: user=0.01 sys=0.00, real=0.00 secs] 
759.041: [GC (Allocation Failure) [PSYoungGen: 69536K->1408K(69120K)] 396475K->328347K(581632K), 0.0024299 secs] [Times: user=0.01 sys=0.00, real=0.00 secs] 
759.352: [GC (Allocation Failure) [PSYoungGen: 68992K->1344K(68608K)] 395931K->328307K(581120K), 0.0022686 secs] [Times: user=0.01 sys=0.00, real=0.01 secs] 
759.631: [GC (Allocation Failure) [PSYoungGen: 68416K->1408K(68096K)] 395379K->328371K(580608K), 0.0022410 secs] [Times: user=0.01 sys=0.00, real=0.00 secs] 
759.965: [GC (Allocation Failure) [PSYoungGen: 67968K->1469K(67584K)] 394931K->328432K(580096K), 0.0021551 secs] [Times: user=0.00 sys=0.00, real=0.00 secs] 
760.096: [GC (Allocation Failure) [PSYoungGen: 67517K->1517K(67072K)] 394480K->328480K(579584K), 0.0016921 secs] [Times: user=0.00 sys=0.00, real=0.00 secs] 
760.212: [GC (Allocation Failure) [PSYoungGen: 67053K->1520K(67584K)] 394016K->328483K(580096K), 0.0016160 secs] [Times: user=0.01 sys=0.00, real=0.00 secs] 
760.327: [GC (Allocation Failure) [PSYoungGen: 67056K->1485K(72704K)] 394019K->328448K(585216K), 0.0020379 secs] [Times: user=0.00 sys=0.00, real=0.00 secs] 
761.425: [GC (Allocation Failure) [PSYoungGen: 72141K->1472K(72704K)] 399104K->328435K(585216K), 0.0046193 secs] [Times: user=0.02 sys=0.00, real=0.00 secs] 
762.176: [GC (Allocation Failure) [PSYoungGen: 72128K->1376K(71680K)] 399091K->328339K(584192K), 0.0037326 secs] [Times: user=0.02 sys=0.00, real=0.00 secs] 
762.931: [GC (Allocation Failure) [PSYoungGen: 71520K->1376K(71168K)] 398483K->328339K(583680K), 0.0034120 secs] [Times: user=0.01 sys=0.00, real=0.00 secs] 
763.868: [GC (Allocation Failure) [PSYoungGen: 71008K->1376K(70656K)] 397971K->328339K(583168K), 0.0027290 secs] [Times: user=0.01 sys=0.00, real=0.00 secs] 
764.566: [GC (Allocation Failure) [PSYoungGen: 70496K->1488K(70144K)] 397459K->328451K(582656K), 0.0028955 secs] [Times: user=0.01 sys=0.01, real=0.00 secs] 
764.733: [GC (Allocation Failure) [PSYoungGen: 70096K->1504K(69632K)] 397059K->328467K(582144K), 0.0016916 secs] [Times: user=0.00 sys=0.00, real=0.01 secs] 
764.852: [GC (Allocation Failure) [PSYoungGen: 69600K->1501K(69120K)] 396563K->328464K(581632K), 0.0017745 secs] [Times: user=0.01 sys=0.00, real=0.01 secs] 
764.972: [GC (Allocation Failure) [PSYoungGen: 69085K->1437K(74752K)] 396048K->328416K(587264K), 0.0016295 secs] [Times: user=0.01 sys=0.00, real=0.00 secs] 
766.135: [GC (Allocation Failure) [PSYoungGen: 74653K->1392K(74240K)] 401632K->328371K(586752K), 0.0035524 secs] [Times: user=0.01 sys=0.00, real=0.00 secs] 
767.322: [GC (Allocation Failure) [PSYoungGen: 74096K->1408K(73728K)] 401075K->328387K(586240K), 0.0041330 secs] [Times: user=0.02 sys=0.00, real=0.01 secs] 
768.207: [GC (Allocation Failure) [PSYoungGen: 73600K->1376K(73216K)] 400579K->328355K(585728K), 0.0041283 secs] [Times: user=0.02 sys=0.00, real=0.00 secs] 
768.892: [GC (Allocation Failure) [PSYoungGen: 73056K->1408K(72704K)] 400035K->328387K(585216K), 0.0032181 secs] [Times: user=0.02 sys=0.00, real=0.01 secs] 
769.347: [GC (Allocation Failure) [PSYoungGen: 72576K->1437K(72192K)] 399555K->328416K(584704K), 0.0023003 secs] [Times: user=0.00 sys=0.00, real=0.00 secs] 
769.493: [GC (Allocation Failure) [PSYoungGen: 72093K->1501K(71680K)] 399072K->328480K(584192K), 0.0016834 secs] [Times: user=0.01 sys=0.00, real=0.01 secs] 
769.614: [GC (Allocation Failure) [PSYoungGen: 71645K->1565K(71680K)] 398624K->328544K(584192K), 0.0017458 secs] [Times: user=0.01 sys=0.00, real=0.00 secs] 
769.736: [GC (Allocation Failure) [PSYoungGen: 71197K->1501K(71680K)] 398176K->328504K(584192K), 0.0017646 secs] [Times: user=0.01 sys=0.00, real=0.00 secs] 
770.489: [GC (Allocation Failure) [PSYoungGen: 71645K->1408K(71168K)] 398648K->328411K(583680K), 0.0019818 secs] [Times: user=0.01 sys=0.00, real=0.00 secs] 
771.508: [GC (Allocation Failure) [PSYoungGen: 71040K->1408K(70656K)] 398043K->328411K(583168K), 0.0040443 secs] [Times: user=0.01 sys=0.00, real=0.00 secs] 
772.208: [GC (Allocation Failure) [PSYoungGen: 70528K->1376K(70144K)] 397531K->328379K(582656K), 0.0046698 secs] [Times: user=0.02 sys=0.00, real=0.00 secs] 
772.828: [GC (Allocation Failure) [PSYoungGen: 69984K->1408K(69632K)] 396987K->328435K(582144K), 0.0027813 secs] [Times: user=0.01 sys=0.00, real=0.00 secs] 
773.074: [GC (Allocation Failure) [PSYoungGen: 69504K->1485K(69120K)] 396531K->328512K(581632K), 0.0016429 secs] [Times: user=0.01 sys=0.00, real=0.01 secs] 
773.193: [GC (Allocation Failure) [PSYoungGen: 69069K->1485K(68608K)] 396096K->328512K(581120K), 0.0016294 secs] [Times: user=0.01 sys=0.00, real=0.01 secs] 
773.310: [GC (Allocation Failure) [PSYoungGen: 68536K->1472K(69120K)] 395563K->328499K(581632K), 0.0016562 secs] [Times: user=0.00 sys=0.00, real=0.00 secs] 
773.426: [GC (Allocation Failure) [PSYoungGen: 68544K->1437K(74752K)] 395571K->328472K(587264K), 0.0020625 secs] [Times: user=0.01 sys=0.00, real=0.00 secs] 
774.065: [GC (Allocation Failure) [PSYoungGen: 74141K->1408K(74752K)] 401176K->328443K(587264K), 0.0020448 secs] [Times: user=0.00 sys=0.00, real=0.00 secs] 
774.612: [GC (Allocation Failure) [PSYoungGen: 74112K->1408K(73728K)] 401147K->328443K(586240K), 0.0026597 secs] [Times: user=0.01 sys=0.00, real=0.01 secs] 
775.150: [GC (Allocation Failure) [PSYoungGen: 73600K->1376K(73216K)] 400635K->328411K(585728K), 0.0029518 secs] [Times: user=0.01 sys=0.00, real=0.00 secs] 
775.691: [GC (Allocation Failure) [PSYoungGen: 73056K->1501K(72704K)] 400091K->328536K(585216K), 0.0026662 secs] [Times: user=0.02 sys=0.00, real=0.00 secs] 
775.878: [GC (Allocation Failure) [PSYoungGen: 72669K->1488K(72192K)] 399704K->328523K(584704K), 0.0017225 secs] [Times: user=0.01 sys=0.00, real=0.00 secs] 
776.002: [GC (Allocation Failure) [PSYoungGen: 72144K->1504K(71680K)] 399179K->328539K(584192K), 0.0016399 secs] [Times: user=0.01 sys=0.00, real=0.00 secs] 
776.144: [GC (Allocation Failure) [PSYoungGen: 71648K->1437K(77824K)] 398683K->328472K(590336K), 0.0018749 secs] [Times: user=0.01 sys=0.00, real=0.00 secs] 
776.458: [GC (Allocation Failure) [PSYoungGen: 77213K->1440K(76800K)] 404248K->328475K(589312K), 0.0022165 secs] [Times: user=0.01 sys=0.00, real=0.00 secs] 
776.934: [GC (Allocation Failure) [PSYoungGen: 76704K->1344K(76288K)] 403739K->328379K(588800K), 0.0024331 secs] [Times: user=0.01 sys=0.01, real=0.01 secs] 
777.565: [GC (Allocation Failure) [PSYoungGen: 76096K->1408K(75776K)] 403131K->328443K(588288K), 0.0026032 secs] [Times: user=0.01 sys=0.00, real=0.00 secs] 
778.183: [GC (Allocation Failure) [PSYoungGen: 75648K->1408K(75264K)] 402683K->328443K(587776K), 0.0026451 secs] [Times: user=0.01 sys=0.00, real=0.01 secs] 
778.633: [GC (Allocation Failure) [PSYoungGen: 75136K->1533K(74752K)] 402171K->328568K(587264K), 0.0023733 secs] [Times: user=0.01 sys=0.00, real=0.01 secs] 
778.785: [GC (Allocation Failure) [PSYoungGen: 74749K->1533K(74240K)] 401784K->328568K(586752K), 0.0016312 secs] [Times: user=0.01 sys=0.00, real=0.00 secs] 
778.913: [GC (Allocation Failure) [PSYoungGen: 74237K->1501K(73728K)] 401272K->328536K(586240K), 0.0017733 secs] [Times: user=0.01 sys=0.00, real=0.01 secs] 
779.217: [GC (Allocation Failure) [PSYoungGen: 73693K->1472K(73216K)] 400728K->328507K(585728K), 0.0021035 secs] [Times: user=0.01 sys=0.00, real=0.00 secs] 
779.692: [GC (Allocation Failure) [PSYoungGen: 73152K->1376K(72704K)] 400187K->328411K(585216K), 0.0022555 secs] [Times: user=0.01 sys=0.00, real=0.01 secs] 
780.244: [GC (Allocation Failure) [PSYoungGen: 72544K->1408K(72192K)] 399579K->328467K(584704K), 0.0027458 secs] [Times: user=0.02 sys=0.00, real=0.00 secs] 
780.853: [GC (Allocation Failure) [PSYoungGen: 72064K->1344K(71680K)] 399123K->328403K(584192K), 0.0026379 secs] [Times: user=0.01 sys=0.01, real=0.01 secs] 
781.548: [GC (Allocation Failure) [PSYoungGen: 71463K->1501K(71168K)] 398523K->328560K(583680K), 0.0027380 secs] [Times: user=0.01 sys=0.00, real=0.00 secs] 
781.713: [GC (Allocation Failure) [PSYoungGen: 71133K->1469K(70656K)] 398192K->328528K(583168K), 0.0018581 secs] [Times: user=0.01 sys=0.00, real=0.01 secs] 
781.835: [GC (Allocation Failure) [PSYoungGen: 70589K->1533K(70144K)] 397648K->328592K(582656K), 0.0018003 secs] [Times: user=0.01 sys=0.00, real=0.00 secs] 
781.972: [GC (Allocation Failure) [PSYoungGen: 70123K->1453K(70656K)] 397182K->328512K(583168K), 0.0020652 secs] [Times: user=0.01 sys=0.00, real=0.01 secs] 
782.465: [GC (Allocation Failure) [PSYoungGen: 70061K->1440K(69632K)] 397120K->328507K(582144K), 0.0022145 secs] [Times: user=0.01 sys=0.00, real=0.00 secs] 
783.346: [GC (Allocation Failure) [PSYoungGen: 69536K->1408K(69120K)] 396603K->328475K(581632K), 0.0023430 secs] [Times: user=0.01 sys=0.00, real=0.00 secs] 
784.250: [GC (Allocation Failure) [PSYoungGen: 68992K->1376K(68608K)] 396059K->328443K(581120K), 0.0033195 secs] [Times: user=0.01 sys=0.00, real=0.00 secs] 
784.938: [GC (Allocation Failure) [PSYoungGen: 68448K->1328K(68096K)] 395515K->328395K(580608K), 0.0027406 secs] [Times: user=0.01 sys=0.00, real=0.00 secs] 
785.628: [GC (Allocation Failure) [PSYoungGen: 67888K->1501K(67584K)] 394955K->328568K(580096K), 0.0032386 secs] [Times: user=0.01 sys=0.01, real=0.00 secs] 
785.818: [GC (Allocation Failure) [PSYoungGen: 67549K->1549K(67584K)] 394616K->328616K(580096K), 0.0017424 secs] [Times: user=0.01 sys=0.00, real=0.00 secs] 
785.935: [GC (Allocation Failure) [PSYoungGen: 67085K->1469K(66560K)] 394152K->328536K(579072K), 0.0017206 secs] [Times: user=0.00 sys=0.00, real=0.00 secs] 
786.049: [GC (Allocation Failure) [PSYoungGen: 66493K->1469K(67072K)] 393560K->328552K(579584K), 0.0016911 secs] [Times: user=0.01 sys=0.00, real=0.00 secs] 
786.336: [GC (Allocation Failure) [PSYoungGen: 67005K->1440K(66560K)] 394088K->328523K(579072K), 0.0023372 secs] [Times: user=0.01 sys=0.00, real=0.00 secs] 
786.875: [GC (Allocation Failure) [PSYoungGen: 66464K->1408K(66048K)] 393547K->328491K(578560K), 0.0022345 secs] [Times: user=0.01 sys=0.00, real=0.00 secs] 
787.181: [GC (Allocation Failure) [PSYoungGen: 65920K->1376K(65536K)] 393003K->328459K(578048K), 0.0030227 secs] [Times: user=0.01 sys=0.00, real=0.00 secs] 
787.454: [GC (Allocation Failure) [PSYoungGen: 65376K->1408K(65024K)] 392459K->328491K(577536K), 0.0022445 secs] [Times: user=0.01 sys=0.00, real=0.01 secs] 
787.717: [GC (Allocation Failure) [PSYoungGen: 64896K->1376K(64512K)] 391979K->328459K(577024K), 0.0021142 secs] [Times: user=0.01 sys=0.00, real=0.00 secs] 
787.866: [GC (Allocation Failure) [PSYoungGen: 64352K->1501K(64000K)] 391435K->328584K(576512K), 0.0016260 secs] [Times: user=0.01 sys=0.00, real=0.00 secs] 
787.977: [GC (Allocation Failure) [PSYoungGen: 63965K->1501K(64512K)] 391048K->328584K(577024K), 0.0015653 secs] [Times: user=0.01 sys=0.00, real=0.00 secs] 
788.087: [GC (Allocation Failure) [PSYoungGen: 63965K->1517K(69632K)] 391048K->328616K(582144K), 0.0017619 secs] [Times: user=0.01 sys=0.00, real=0.00 secs] 
788.205: [GC (Allocation Failure) [PSYoungGen: 69101K->1501K(69632K)] 396200K->328600K(582144K), 0.0016669 secs] [Times: user=0.01 sys=0.00, real=0.00 secs] 
788.554: [GC (Allocation Failure) [PSYoungGen: 69085K->1424K(74752K)] 396184K->328523K(587264K), 0.0024041 secs] [Times: user=0.00 sys=0.01, real=0.00 secs] 
788.874: [GC (Allocation Failure) [PSYoungGen: 74640K->1408K(75264K)] 401739K->328523K(587776K), 0.0023885 secs] [Times: user=0.01 sys=0.00, real=0.01 secs] 
789.236: [GC (Allocation Failure) [PSYoungGen: 74624K->1392K(74240K)] 401739K->328507K(586752K), 0.0021407 secs] [Times: user=0.00 sys=0.00, real=0.00 secs] 
789.991: [GC (Allocation Failure) [PSYoungGen: 74096K->1456K(73728K)] 401211K->328571K(586240K), 0.0024279 secs] [Times: user=0.01 sys=0.00, real=0.00 secs] 
790.137: [GC (Allocation Failure) [PSYoungGen: 73648K->1501K(73216K)] 400763K->328616K(585728K), 0.0016686 secs] [Times: user=0.00 sys=0.00, real=0.00 secs] 
790.282: [GC (Allocation Failure) [PSYoungGen: 73181K->1501K(78848K)] 400296K->328616K(591360K), 0.0019380 secs] [Times: user=0.01 sys=0.00, real=0.00 secs] 
790.448: [GC (Allocation Failure) [PSYoungGen: 78813K->1533K(79360K)] 405928K->328664K(591872K), 0.0017437 secs] [Times: user=0.01 sys=0.00, real=0.00 secs] 
791.364: [GC (Allocation Failure) [PSYoungGen: 78845K->1392K(78336K)] 405976K->328523K(590848K), 0.0024142 secs] [Times: user=0.01 sys=0.00, real=0.00 secs] 
792.457: [GC (Allocation Failure) [PSYoungGen: 78192K->1344K(77824K)] 405323K->328475K(590336K), 0.0030968 secs] [Times: user=0.01 sys=0.00, real=0.00 secs] 
793.082: [GC (Allocation Failure) [PSYoungGen: 77632K->1344K(77312K)] 404763K->328475K(589824K), 0.0030858 secs] [Times: user=0.01 sys=0.00, real=0.01 secs] 
793.884: [GC (Allocation Failure) [PSYoungGen: 77120K->1408K(76800K)] 404251K->328539K(589312K), 0.0028499 secs] [Times: user=0.01 sys=0.00, real=0.00 secs] 
794.240: [GC (Allocation Failure) [PSYoungGen: 76672K->1501K(76288K)] 403803K->328632K(588800K), 0.0021639 secs] [Times: user=0.01 sys=0.00, real=0.00 secs] 
794.415: [GC (Allocation Failure) [PSYoungGen: 76253K->1501K(75776K)] 403384K->328632K(588288K), 0.0021449 secs] [Times: user=0.01 sys=0.00, real=0.00 secs] 
794.567: [GC (Allocation Failure) [PSYoungGen: 75741K->1472K(75264K)] 402872K->328603K(587776K), 0.0022939 secs] [Times: user=0.01 sys=0.00, real=0.00 secs] 
794.984: [GC (Allocation Failure) [PSYoungGen: 75200K->1440K(74752K)] 402331K->328571K(587264K), 0.0025487 secs] [Times: user=0.01 sys=0.00, real=0.00 secs] 
795.834: [GC (Allocation Failure) [PSYoungGen: 74656K->1376K(74240K)] 401787K->328507K(586752K), 0.0024696 secs] [Times: user=0.01 sys=0.00, real=0.01 secs] 
796.422: [GC (Allocation Failure) [PSYoungGen: 74080K->1408K(73728K)] 401211K->328539K(586240K), 0.0024444 secs] [Times: user=0.01 sys=0.00, real=0.01 secs] 
796.728: [GC (Allocation Failure) [PSYoungGen: 73600K->1392K(73216K)] 400731K->328523K(585728K), 0.0021803 secs] [Times: user=0.01 sys=0.00, real=0.00 secs] 
796.969: [GC (Allocation Failure) [PSYoungGen: 73072K->1469K(72704K)] 400203K->328600K(585216K), 0.0016390 secs] [Times: user=0.00 sys=0.00, real=0.00 secs] 
797.093: [GC (Allocation Failure) [PSYoungGen: 72637K->1533K(72192K)] 399768K->328664K(584704K), 0.0016303 secs] [Times: user=0.01 sys=0.00, real=0.01 secs] 
797.217: [GC (Allocation Failure) [PSYoungGen: 72189K->1469K(71680K)] 399320K->328600K(584192K), 0.0015717 secs] [Times: user=0.00 sys=0.00, real=0.00 secs] 
797.339: [GC (Allocation Failure) [PSYoungGen: 71613K->1549K(72192K)] 398744K->328680K(584704K), 0.0016656 secs] [Times: user=0.00 sys=0.00, real=0.00 secs] 
798.208: [GC (Allocation Failure) [PSYoungGen: 71693K->1472K(71168K)] 398824K->328603K(583680K), 0.0025188 secs] [Times: user=0.01 sys=0.00, real=0.00 secs] 
799.281: [GC (Allocation Failure) [PSYoungGen: 71104K->1424K(70656K)] 398235K->328555K(583168K), 0.0032788 secs] [Times: user=0.02 sys=0.00, real=0.01 secs] 
799.660: [GC (Allocation Failure) [PSYoungGen: 70544K->1408K(70144K)] 397675K->328539K(582656K), 0.0021883 secs] [Times: user=0.00 sys=0.00, real=0.00 secs] 
799.993: [GC (Allocation Failure) [PSYoungGen: 70016K->1376K(69632K)] 397147K->328507K(582144K), 0.0021430 secs] [Times: user=0.01 sys=0.00, real=0.01 secs] 
800.173: [GC (Allocation Failure) [PSYoungGen: 69472K->1501K(69120K)] 396603K->328632K(581632K), 0.0017071 secs] [Times: user=0.01 sys=0.00, real=0.01 secs] 
800.293: [GC (Allocation Failure) [PSYoungGen: 69085K->1469K(68608K)] 396216K->328600K(581120K), 0.0016615 secs] [Times: user=0.01 sys=0.00, real=0.01 secs] 
800.411: [GC (Allocation Failure) [PSYoungGen: 68541K->1517K(74240K)] 395672K->328696K(586752K), 0.0015563 secs] [Times: user=0.01 sys=0.00, real=0.00 secs] 
800.783: [GC (Allocation Failure) [PSYoungGen: 74221K->1728K(74240K)] 401400K->328907K(586752K), 0.0021505 secs] [Times: user=0.01 sys=0.00, real=0.01 secs] 
802.002: [GC (Allocation Failure) [PSYoungGen: 73920K->1424K(73216K)] 401099K->328603K(585728K), 0.0030503 secs] [Times: user=0.02 sys=0.00, real=0.01 secs] 
802.801: [GC (Allocation Failure) [PSYoungGen: 73104K->1376K(72704K)] 400283K->328555K(585216K), 0.0036402 secs] [Times: user=0.01 sys=0.00, real=0.01 secs] 
803.200: [GC (Allocation Failure) [PSYoungGen: 72544K->1344K(72192K)] 399723K->328523K(584704K), 0.0022452 secs] [Times: user=0.01 sys=0.00, real=0.00 secs] 
803.728: [GC (Allocation Failure) [PSYoungGen: 72000K->1472K(71680K)] 399179K->328651K(584192K), 0.0023253 secs] [Times: user=0.01 sys=0.00, real=0.00 secs] 
803.864: [GC (Allocation Failure) [PSYoungGen: 71610K->1469K(71168K)] 398789K->328648K(583680K), 0.0015698 secs] [Times: user=0.01 sys=0.00, real=0.00 secs] 
803.987: [GC (Allocation Failure) [PSYoungGen: 71101K->1536K(71168K)] 398280K->328715K(583680K), 0.0017244 secs] [Times: user=0.00 sys=0.00, real=0.00 secs] 
804.109: [GC (Allocation Failure) [PSYoungGen: 70656K->445K(71168K)] 397835K->328648K(583680K), 0.0017292 secs] [Times: user=0.00 sys=0.00, real=0.00 secs] 
804.932: [GC (Allocation Failure) [PSYoungGen: 70589K->1424K(71168K)] 398792K->329627K(583680K), 0.0036785 secs] [Times: user=0.01 sys=0.00, real=0.01 secs] 
805.957: [GC (Allocation Failure) [PSYoungGen: 71056K->1408K(70656K)] 399259K->329611K(583168K), 0.0034223 secs] [Times: user=0.01 sys=0.01, real=0.00 secs] 
806.594: [GC (Allocation Failure) [PSYoungGen: 70528K->1424K(70144K)] 398731K->329627K(582656K), 0.0033951 secs] [Times: user=0.01 sys=0.01, real=0.00 secs] 
807.271: [GC (Allocation Failure) [PSYoungGen: 70032K->1376K(69632K)] 398235K->329579K(582144K), 0.0025270 secs] [Times: user=0.01 sys=0.00, real=0.00 secs] 
807.823: [GC (Allocation Failure) [PSYoungGen: 69472K->1501K(69120K)] 397675K->329704K(581632K), 0.0025249 secs] [Times: user=0.01 sys=0.00, real=0.01 secs] 
807.971: [GC (Allocation Failure) [PSYoungGen: 69085K->1437K(68608K)] 397288K->329640K(581120K), 0.0017325 secs] [Times: user=0.01 sys=0.00, real=0.00 secs] 
808.089: [GC (Allocation Failure) [PSYoungGen: 68509K->1437K(68096K)] 396712K->329640K(580608K), 0.0016393 secs] [Times: user=0.01 sys=0.00, real=0.00 secs] 
808.205: [GC (Allocation Failure) [PSYoungGen: 67997K->1488K(68608K)] 396200K->329707K(581120K), 0.0017908 secs] [Times: user=0.00 sys=0.00, real=0.00 secs] 
808.801: [GC (Allocation Failure) [PSYoungGen: 68048K->1440K(67584K)] 396267K->329659K(580096K), 0.0028758 secs] [Times: user=0.02 sys=0.00, real=0.01 secs] 
809.459: [GC (Allocation Failure) [PSYoungGen: 67488K->1408K(67072K)] 395707K->329627K(579584K), 0.0028475 secs] [Times: user=0.01 sys=0.00, real=0.00 secs] 
810.172: [GC (Allocation Failure) [PSYoungGen: 66944K->1408K(66560K)] 395163K->329627K(579072K), 0.0024464 secs] [Times: user=0.00 sys=0.00, real=0.01 secs] 
810.999: [GC (Allocation Failure) [PSYoungGen: 66432K->1408K(66048K)] 394651K->329627K(578560K), 0.0030410 secs] [Times: user=0.02 sys=0.00, real=0.00 secs] 
811.531: [GC (Allocation Failure) [PSYoungGen: 65920K->1517K(65536K)] 394139K->329736K(578048K), 0.0024340 secs] [Times: user=0.01 sys=0.00, real=0.00 secs] 
811.670: [GC (Allocation Failure) [PSYoungGen: 65517K->1549K(65536K)] 393736K->329768K(578048K), 0.0015757 secs] [Times: user=0.01 sys=0.00, real=0.00 secs] 
811.781: [GC (Allocation Failure) [PSYoungGen: 65037K->1472K(64512K)] 393256K->329691K(577024K), 0.0015964 secs] [Times: user=0.01 sys=0.00, real=0.00 secs] 
811.891: [GC (Allocation Failure) [PSYoungGen: 64448K->1501K(65024K)] 392667K->329752K(577536K), 0.0017747 secs] [Times: user=0.01 sys=0.00, real=0.00 secs] 
812.179: [GC (Allocation Failure) [PSYoungGen: 64989K->1424K(65536K)] 393240K->329675K(578048K), 0.0023122 secs] [Times: user=0.01 sys=0.00, real=0.00 secs] 
813.233: [GC (Allocation Failure) [PSYoungGen: 64912K->1376K(64512K)] 393163K->329627K(577024K), 0.0048015 secs] [Times: user=0.02 sys=0.01, real=0.01 secs] 
813.763: [GC (Allocation Failure) [PSYoungGen: 64352K->1344K(64000K)] 392603K->329595K(576512K), 0.0030839 secs] [Times: user=0.01 sys=0.00, real=0.01 secs] 
814.474: [GC (Allocation Failure) [PSYoungGen: 63808K->1408K(63488K)] 392059K->329659K(576000K), 0.0026397 secs] [Times: user=0.01 sys=0.00, real=0.01 secs] 
814.956: [GC (Allocation Failure) [PSYoungGen: 63360K->1408K(62976K)] 391611K->329659K(575488K), 0.0028805 secs] [Times: user=0.01 sys=0.01, real=0.00 secs] 
815.320: [GC (Allocation Failure) [PSYoungGen: 62848K->1533K(62464K)] 391099K->329784K(574976K), 0.0022056 secs] [Times: user=0.01 sys=0.00, real=0.00 secs] 
815.450: [GC (Allocation Failure) [PSYoungGen: 62461K->1517K(61952K)] 390712K->329768K(574464K), 0.0016697 secs] [Times: user=0.01 sys=0.00, real=0.00 secs] 
815.571: [GC (Allocation Failure) [PSYoungGen: 61921K->1485K(67072K)] 390172K->329752K(579584K), 0.0020236 secs] [Times: user=0.01 sys=0.00, real=0.00 secs] 
815.720: [GC (Allocation Failure) [PSYoungGen: 67007K->1469K(67584K)] 395274K->329736K(580096K), 0.0022073 secs] [Times: user=0.01 sys=0.00, real=0.00 secs] 
816.002: [GC (Allocation Failure) [PSYoungGen: 67005K->1408K(73216K)] 395272K->329675K(585728K), 0.0023732 secs] [Times: user=0.01 sys=0.01, real=0.01 secs] 
816.299: [GC (Allocation Failure) [PSYoungGen: 72576K->1376K(73216K)] 400843K->329643K(585728K), 0.0021327 secs] [Times: user=0.01 sys=0.00, real=0.00 secs] 
816.650: [GC (Allocation Failure) [PSYoungGen: 72544K->1408K(72192K)] 400811K->329675K(584704K), 0.0023446 secs] [Times: user=0.01 sys=0.00, real=0.00 secs] 
816.975: [GC (Allocation Failure) [PSYoungGen: 72064K->1392K(71680K)] 400331K->329659K(584192K), 0.0026254 secs] [Times: user=0.01 sys=0.00, real=0.00 secs] 
817.285: [GC (Allocation Failure) [PSYoungGen: 71536K->1533K(71168K)] 399803K->329800K(583680K), 0.0021014 secs] [Times: user=0.01 sys=0.00, real=0.00 secs] 
817.415: [GC (Allocation Failure) [PSYoungGen: 71165K->1437K(70656K)] 399432K->329704K(583168K), 0.0016567 secs] [Times: user=0.01 sys=0.00, real=0.00 secs] 
817.537: [GC (Allocation Failure) [PSYoungGen: 70557K->1469K(76288K)] 398824K->329744K(588800K), 0.0016350 secs] [Times: user=0.00 sys=0.00, real=0.00 secs] 
817.667: [GC (Allocation Failure) [PSYoungGen: 76221K->1517K(76800K)] 404496K->329792K(589312K), 0.0017560 secs] [Times: user=0.00 sys=0.00, real=0.00 secs] 
819.716: [GC (Allocation Failure) [PSYoungGen: 76269K->1440K(75776K)] 404544K->329723K(588288K), 0.0043593 secs] [Times: user=0.02 sys=0.01, real=0.00 secs] 
820.416: [GC (Allocation Failure) [PSYoungGen: 75680K->1376K(75264K)] 403963K->329683K(587776K), 0.0025784 secs] [Times: user=0.01 sys=0.00, real=0.00 secs] 
820.723: [GC (Allocation Failure) [PSYoungGen: 75104K->1424K(74752K)] 403411K->329731K(587264K), 0.0021456 secs] [Times: user=0.01 sys=0.00, real=0.01 secs] 
821.037: [GC (Allocation Failure) [PSYoungGen: 74640K->1469K(74240K)] 402947K->329776K(586752K), 0.0019651 secs] [Times: user=0.01 sys=0.01, real=0.00 secs] 
821.170: [GC (Allocation Failure) [PSYoungGen: 74173K->1533K(73728K)] 402480K->329840K(586240K), 0.0015471 secs] [Times: user=0.00 sys=0.00, real=0.00 secs] 
821.297: [GC (Allocation Failure) [PSYoungGen: 73725K->1533K(73216K)] 402032K->329840K(585728K), 0.0017113 secs] [Times: user=0.01 sys=0.00, real=0.00 secs] 
821.423: [GC (Allocation Failure) [PSYoungGen: 73213K->1533K(78848K)] 401520K->329840K(591360K), 0.0016642 secs] [Times: user=0.00 sys=0.00, real=0.01 secs] 
822.684: [GC (Allocation Failure) [PSYoungGen: 78845K->1440K(78336K)] 407152K->329747K(590848K), 0.0047025 secs] [Times: user=0.02 sys=0.00, real=0.00 secs] 
823.924: [GC (Allocation Failure) [PSYoungGen: 78240K->1408K(77824K)] 406547K->329715K(590336K), 0.0049374 secs] [Times: user=0.02 sys=0.00, real=0.01 secs] 
825.076: [GC (Allocation Failure) [PSYoungGen: 77696K->1408K(77312K)] 406003K->329715K(589824K), 0.0046342 secs] [Times: user=0.02 sys=0.00, real=0.00 secs] 
826.200: [GC (Allocation Failure) [PSYoungGen: 77184K->1376K(76800K)] 405491K->329683K(589312K), 0.0027453 secs] [Times: user=0.01 sys=0.00, real=0.00 secs] 
826.574: [GC (Allocation Failure) [PSYoungGen: 76640K->1453K(76288K)] 404947K->329760K(588800K), 0.0020848 secs] [Times: user=0.01 sys=0.01, real=0.00 secs] 
826.745: [GC (Allocation Failure) [PSYoungGen: 76205K->1485K(75776K)] 404512K->329792K(588288K), 0.0018670 secs] [Times: user=0.00 sys=0.00, real=0.00 secs] 
826.913: [GC (Allocation Failure) [PSYoungGen: 75725K->1517K(75264K)] 404032K->329824K(587776K), 0.0021954 secs] [Times: user=0.01 sys=0.00, real=0.01 secs] 
827.632: [GC (Allocation Failure) [PSYoungGen: 75245K->1472K(74752K)] 403552K->329787K(587264K), 0.0024261 secs] [Times: user=0.01 sys=0.00, real=0.01 secs] 
828.649: [GC (Allocation Failure) [PSYoungGen: 74688K->1376K(74240K)] 403003K->329699K(586752K), 0.0025905 secs] [Times: user=0.01 sys=0.00, real=0.00 secs] 
829.349: [GC (Allocation Failure) [PSYoungGen: 74080K->1376K(73728K)] 402403K->329699K(586240K), 0.0024275 secs] [Times: user=0.01 sys=0.00, real=0.00 secs] 
830.145: [GC (Allocation Failure) [PSYoungGen: 73568K->1408K(73216K)] 401891K->329731K(585728K), 0.0026589 secs] [Times: user=0.02 sys=0.00, real=0.00 secs] 
830.607: [GC (Allocation Failure) [PSYoungGen: 73088K->1517K(72704K)] 401411K->329840K(585216K), 0.0021060 secs] [Times: user=0.01 sys=0.00, real=0.00 secs] 
830.746: [GC (Allocation Failure) [PSYoungGen: 72685K->1469K(72192K)] 401008K->329792K(584704K), 0.0016736 secs] [Times: user=0.00 sys=0.00, real=0.00 secs] 
830.870: [GC (Allocation Failure) [PSYoungGen: 72125K->1533K(71680K)] 400448K->329856K(584192K), 0.0017376 secs] [Times: user=0.00 sys=0.00, real=0.00 secs] 
830.992: [GC (Allocation Failure) [PSYoungGen: 71677K->1501K(72704K)] 400000K->329824K(585216K), 0.0016363 secs] [Times: user=0.00 sys=0.00, real=0.00 secs] 
831.746: [GC (Allocation Failure) [PSYoungGen: 72157K->1408K(71680K)] 400480K->329731K(584192K), 0.0023956 secs] [Times: user=0.01 sys=0.00, real=0.00 secs] 
832.065: [GC (Allocation Failure) [PSYoungGen: 71552K->1344K(71168K)] 399875K->329667K(583680K), 0.0025901 secs] [Times: user=0.01 sys=0.00, real=0.00 secs] 
832.401: [GC (Allocation Failure) [PSYoungGen: 70976K->1376K(70656K)] 399299K->329715K(583168K), 0.0022800 secs] [Times: user=0.01 sys=0.00, real=0.00 secs] 
832.688: [GC (Allocation Failure) [PSYoungGen: 70496K->1408K(70144K)] 398835K->329747K(582656K), 0.0022437 secs] [Times: user=0.01 sys=0.01, real=0.00 secs] 
832.891: [GC (Allocation Failure) [PSYoungGen: 70016K->1469K(69632K)] 398355K->329808K(582144K), 0.0016222 secs] [Times: user=0.01 sys=0.00, real=0.00 secs] 
833.010: [GC (Allocation Failure) [PSYoungGen: 69565K->1469K(69120K)] 397904K->329808K(581632K), 0.0017029 secs] [Times: user=0.00 sys=0.00, real=0.00 secs] 
833.128: [GC (Allocation Failure) [PSYoungGen: 69053K->1469K(74240K)] 397392K->329808K(586752K), 0.0016276 secs] [Times: user=0.00 sys=0.00, real=0.00 secs] 
833.330: [GC (Allocation Failure) [PSYoungGen: 74173K->1440K(74752K)] 402512K->329795K(587264K), 0.0019366 secs] [Times: user=0.01 sys=0.00, real=0.00 secs] 
833.672: [GC (Allocation Failure) [PSYoungGen: 74144K->1392K(73728K)] 402499K->329747K(586240K), 0.0020306 secs] [Times: user=0.00 sys=0.00, real=0.01 secs] 
833.973: [GC (Allocation Failure) [PSYoungGen: 73584K->1392K(73216K)] 401939K->329747K(585728K), 0.0021920 secs] [Times: user=0.01 sys=0.00, real=0.01 secs] 
834.569: [GC (Allocation Failure) [PSYoungGen: 73072K->1376K(72704K)] 401427K->329731K(585216K), 0.0022529 secs] [Times: user=0.01 sys=0.00, real=0.00 secs] 
835.128: [GC (Allocation Failure) [PSYoungGen: 72544K->1485K(72192K)] 400899K->329840K(584704K), 0.0051276 secs] [Times: user=0.03 sys=0.00, real=0.00 secs] 
835.370: [GC (Allocation Failure) [PSYoungGen: 72141K->1469K(71680K)] 400496K->329824K(584192K), 0.0021751 secs] [Times: user=0.01 sys=0.00, real=0.00 secs] 
835.506: [GC (Allocation Failure) [PSYoungGen: 71613K->1549K(71680K)] 399968K->329904K(584192K), 0.0015995 secs] [Times: user=0.01 sys=0.00, real=0.00 secs] 
835.630: [GC (Allocation Failure) [PSYoungGen: 71181K->509K(76288K)] 399536K->329888K(588800K), 0.0015641 secs] [Times: user=0.00 sys=0.00, real=0.00 secs] 
836.925: [GC (Allocation Failure) [PSYoungGen: 75773K->1440K(76288K)] 405152K->330827K(588800K), 0.0049409 secs] [Times: user=0.02 sys=0.00, real=0.00 secs] 
838.427: [GC (Allocation Failure) [PSYoungGen: 76192K->1408K(75776K)] 405579K->330795K(588288K), 0.0046281 secs] [Times: user=0.02 sys=0.00, real=0.00 secs] 
839.093: [GC (Allocation Failure) [PSYoungGen: 75648K->1408K(75264K)] 405035K->330795K(587776K), 0.0023593 secs] [Times: user=0.00 sys=0.00, real=0.01 secs] 
839.581: [GC (Allocation Failure) [PSYoungGen: 75136K->1440K(74752K)] 404523K->330827K(587264K), 0.0022309 secs] [Times: user=0.01 sys=0.00, real=0.00 secs] 
839.897: [GC (Allocation Failure) [PSYoungGen: 74656K->1501K(74240K)] 404043K->330888K(586752K), 0.0017037 secs] [Times: user=0.00 sys=0.00, real=0.00 secs] 
840.025: [GC (Allocation Failure) [PSYoungGen: 74205K->1469K(73728K)] 403592K->330856K(586240K), 0.0016524 secs] [Times: user=0.01 sys=0.00, real=0.00 secs] 
840.151: [GC (Allocation Failure) [PSYoungGen: 73661K->1501K(73216K)] 403048K->330888K(585728K), 0.0016142 secs] [Times: user=0.00 sys=0.00, real=0.00 secs] 
840.519: [GC (Allocation Failure) [PSYoungGen: 73181K->1472K(72704K)] 402568K->330867K(585216K), 0.0018796 secs] [Times: user=0.01 sys=0.00, real=0.00 secs] 
841.395: [GC (Allocation Failure) [PSYoungGen: 72640K->1408K(72192K)] 402035K->330803K(584704K), 0.0035468 secs] [Times: user=0.02 sys=0.00, real=0.00 secs] 
842.132: [GC (Allocation Failure) [PSYoungGen: 72064K->1408K(71680K)] 401459K->330803K(584192K), 0.0034185 secs] [Times: user=0.02 sys=0.00, real=0.01 secs] 
842.886: [GC (Allocation Failure) [PSYoungGen: 71552K->1408K(71168K)] 400947K->330819K(583680K), 0.0025374 secs] [Times: user=0.01 sys=0.00, real=0.00 secs] 
843.425: [GC (Allocation Failure) [PSYoungGen: 71040K->1517K(70656K)] 400451K->330928K(583168K), 0.0023818 secs] [Times: user=0.01 sys=0.00, real=0.00 secs] 
843.574: [GC (Allocation Failure) [PSYoungGen: 70637K->1501K(70144K)] 400048K->330912K(582656K), 0.0016751 secs] [Times: user=0.01 sys=0.00, real=0.00 secs] 
843.712: [GC (Allocation Failure) [PSYoungGen: 70101K->1469K(70656K)] 399513K->330880K(583168K), 0.0028884 secs] [Times: user=0.01 sys=0.00, real=0.01 secs] 
843.880: [GC (Allocation Failure) [PSYoungGen: 70077K->1469K(70656K)] 399488K->330880K(583168K), 0.0022393 secs] [Times: user=0.01 sys=0.00, real=0.00 secs] 
844.300: [GC (Allocation Failure) [PSYoungGen: 70077K->1408K(76288K)] 399488K->330835K(588800K), 0.0035477 secs] [Times: user=0.02 sys=0.00, real=0.00 secs] 
844.610: [GC (Allocation Failure) [PSYoungGen: 75648K->1376K(76288K)] 405075K->330803K(588800K), 0.0025470 secs] [Times: user=0.01 sys=0.00, real=0.00 secs] 
845.019: [GC (Allocation Failure) [PSYoungGen: 75616K->1376K(75264K)] 405043K->330803K(587776K), 0.0024497 secs] [Times: user=0.01 sys=0.00, real=0.00 secs] 
845.584: [GC (Allocation Failure) [PSYoungGen: 75104K->1392K(74752K)] 404531K->330819K(587264K), 0.0028137 secs] [Times: user=0.00 sys=0.00, real=0.00 secs] 
845.891: [GC (Allocation Failure) [PSYoungGen: 74603K->1504K(74240K)] 404030K->330955K(586752K), 0.0016270 secs] [Times: user=0.01 sys=0.00, real=0.00 secs] 
846.020: [GC (Allocation Failure) [PSYoungGen: 74208K->1504K(73728K)] 403659K->330955K(586240K), 0.0016391 secs] [Times: user=0.00 sys=0.00, real=0.00 secs] 
846.147: [GC (Allocation Failure) [PSYoungGen: 73696K->1485K(79360K)] 403147K->330936K(591872K), 0.0016662 secs] [Times: user=0.00 sys=0.00, real=0.00 secs] 
846.399: [GC (Allocation Failure) [PSYoungGen: 79309K->1440K(78848K)] 408760K->330899K(591360K), 0.0020669 secs] [Times: user=0.01 sys=0.00, real=0.00 secs] 
847.000: [GC (Allocation Failure) [PSYoungGen: 78752K->1408K(78336K)] 408211K->330867K(590848K), 0.0022480 secs] [Times: user=0.01 sys=0.00, real=0.00 secs] 
847.336: [GC (Allocation Failure) [PSYoungGen: 78208K->1376K(77824K)] 407667K->330835K(590336K), 0.0025720 secs] [Times: user=0.01 sys=0.00, real=0.00 secs] 
847.917: [GC (Allocation Failure) [PSYoungGen: 77664K->1376K(77312K)] 407123K->330835K(589824K), 0.0024149 secs] [Times: user=0.01 sys=0.01, real=0.00 secs] 
848.356: [GC (Allocation Failure) [PSYoungGen: 77152K->1437K(76800K)] 406611K->330896K(589312K), 0.0020088 secs] [Times: user=0.00 sys=0.00, real=0.00 secs] 
848.493: [GC (Allocation Failure) [PSYoungGen: 76701K->1469K(76288K)] 406160K->330928K(588800K), 0.0016489 secs] [Times: user=0.01 sys=0.00, real=0.01 secs] 
848.623: [GC (Allocation Failure) [PSYoungGen: 76221K->1533K(75776K)] 405680K->330992K(588288K), 0.0016628 secs] [Times: user=0.01 sys=0.00, real=0.01 secs] 
848.836: [GC (Allocation Failure) [PSYoungGen: 75773K->1632K(75776K)] 405232K->331099K(588288K), 0.0019619 secs] [Times: user=0.01 sys=0.00, real=0.00 secs] 
849.291: [GC (Allocation Failure) [PSYoungGen: 75360K->1408K(74752K)] 404827K->330907K(587264K), 0.0035157 secs] [Times: user=0.01 sys=0.00, real=0.01 secs] 
849.593: [GC (Allocation Failure) [PSYoungGen: 74624K->1408K(74240K)] 404123K->330923K(586752K), 0.0020451 secs] [Times: user=0.01 sys=0.01, real=0.01 secs] 
849.902: [GC (Allocation Failure) [PSYoungGen: 74112K->1360K(73728K)] 403627K->330875K(586240K), 0.0030769 secs] [Times: user=0.01 sys=0.00, real=0.01 secs] 
850.208: [GC (Allocation Failure) [PSYoungGen: 73552K->1453K(73216K)] 403067K->330968K(585728K), 0.0021168 secs] [Times: user=0.01 sys=0.00, real=0.00 secs] 
850.346: [GC (Allocation Failure) [PSYoungGen: 73133K->1501K(72704K)] 402648K->331016K(585216K), 0.0017356 secs] [Times: user=0.01 sys=0.00, real=0.00 secs] 
850.471: [GC (Allocation Failure) [PSYoungGen: 72669K->1504K(73216K)] 402184K->331019K(585728K), 0.0017021 secs] [Times: user=0.01 sys=0.00, real=0.00 secs] 
850.595: [GC (Allocation Failure) [PSYoungGen: 73184K->1501K(73728K)] 402699K->331016K(586240K), 0.0016589 secs] [Times: user=0.01 sys=0.00, real=0.00 secs] 
851.591: [GC (Allocation Failure) [PSYoungGen: 73181K->1408K(72704K)] 402696K->330923K(585216K), 0.0049939 secs] [Times: user=0.02 sys=0.00, real=0.01 secs] 
852.616: [GC (Allocation Failure) [PSYoungGen: 72576K->1408K(72192K)] 402091K->330923K(584704K), 0.0051174 secs] [Times: user=0.02 sys=0.00, real=0.00 secs] 
853.418: [GC (Allocation Failure) [PSYoungGen: 72064K->1376K(71680K)] 401579K->330899K(584192K), 0.0030328 secs] [Times: user=0.02 sys=0.00, real=0.00 secs] 
854.320: [GC (Allocation Failure) [PSYoungGen: 71520K->1424K(71168K)] 401043K->330947K(583680K), 0.0030243 secs] [Times: user=0.02 sys=0.00, real=0.00 secs] 
854.955: [GC (Allocation Failure) [PSYoungGen: 71056K->1453K(70656K)] 400579K->330984K(583168K), 0.0023329 secs] [Times: user=0.01 sys=0.00, real=0.00 secs] 
855.101: [GC (Allocation Failure) [PSYoungGen: 70573K->1501K(70144K)] 400104K->331032K(582656K), 0.0015728 secs] [Times: user=0.01 sys=0.00, real=0.00 secs] 
855.221: [GC (Allocation Failure) [PSYoungGen: 70106K->1501K(69632K)] 399637K->331032K(582144K), 0.0016565 secs] [Times: user=0.01 sys=0.00, real=0.00 secs] 
855.340: [GC (Allocation Failure) [PSYoungGen: 69597K->1501K(75264K)] 399128K->331048K(587776K), 0.0017049 secs] [Times: user=0.01 sys=0.00, real=0.00 secs] 
856.437: [GC (Allocation Failure) [PSYoungGen: 75229K->1376K(74752K)] 404776K->330923K(587264K), 0.0027063 secs] [Times: user=0.01 sys=0.00, real=0.00 secs] 
856.891: [GC (Allocation Failure) [PSYoungGen: 74592K->1408K(74240K)] 404139K->330963K(586752K), 0.0021900 secs] [Times: user=0.01 sys=0.00, real=0.00 secs] 
857.510: [GC (Allocation Failure) [PSYoungGen: 74112K->1344K(73728K)] 403667K->330899K(586240K), 0.0022253 secs] [Times: user=0.01 sys=0.00, real=0.00 secs] 
858.415: [GC (Allocation Failure) [PSYoungGen: 73536K->1453K(73216K)] 403091K->331008K(585728K), 0.0025732 secs] [Times: user=0.01 sys=0.00, real=0.00 secs] 
858.581: [GC (Allocation Failure) [PSYoungGen: 73133K->1533K(72704K)] 402688K->331088K(585216K), 0.0017176 secs] [Times: user=0.01 sys=0.00, real=0.00 secs] 
858.706: [GC (Allocation Failure) [PSYoungGen: 72701K->1517K(72192K)] 402256K->331072K(584704K), 0.0018311 secs] [Times: user=0.01 sys=0.00, real=0.00 secs] 
858.847: [GC (Allocation Failure) [PSYoungGen: 72173K->1469K(72704K)] 401728K->331024K(585216K), 0.0020273 secs] [Times: user=0.01 sys=0.00, real=0.00 secs] 
859.198: [GC (Allocation Failure) [PSYoungGen: 72125K->1440K(71680K)] 401680K->331003K(584192K), 0.0025212 secs] [Times: user=0.01 sys=0.00, real=0.00 secs] 
859.509: [GC (Allocation Failure) [PSYoungGen: 71584K->1408K(71168K)] 401147K->330971K(583680K), 0.0023433 secs] [Times: user=0.01 sys=0.00, real=0.00 secs] 
859.804: [GC (Allocation Failure) [PSYoungGen: 71040K->1376K(70656K)] 400603K->330939K(583168K), 0.0022762 secs] [Times: user=0.01 sys=0.00, real=0.00 secs] 
860.092: [GC (Allocation Failure) [PSYoungGen: 70496K->1376K(70144K)] 400059K->330939K(582656K), 0.0021477 secs] [Times: user=0.01 sys=0.00, real=0.00 secs] 
860.362: [GC (Allocation Failure) [PSYoungGen: 69984K->1440K(69632K)] 399547K->331027K(582144K), 0.0015204 secs] [Times: user=0.00 sys=0.00, real=0.00 secs] 
860.480: [GC (Allocation Failure) [PSYoungGen: 69536K->1504K(69120K)] 399123K->331091K(581632K), 0.0015809 secs] [Times: user=0.00 sys=0.00, real=0.00 secs] 
860.599: [GC (Allocation Failure) [PSYoungGen: 69088K->1501K(69632K)] 398675K->331088K(582144K), 0.0016946 secs] [Times: user=0.00 sys=0.00, real=0.00 secs] 
860.718: [GC (Allocation Failure) [PSYoungGen: 69085K->1501K(75264K)] 398672K->331088K(587776K), 0.0019445 secs] [Times: user=0.01 sys=0.00, real=0.00 secs] 
861.587: [GC (Allocation Failure) [PSYoungGen: 74717K->1408K(74240K)] 404304K->330995K(586752K), 0.0027275 secs] [Times: user=0.01 sys=0.00, real=0.00 secs] 
862.276: [GC (Allocation Failure) [PSYoungGen: 74112K->1408K(73728K)] 403699K->330995K(586240K), 0.0028425 secs] [Times: user=0.01 sys=0.00, real=0.00 secs] 
862.979: [GC (Allocation Failure) [PSYoungGen: 73600K->1376K(73216K)] 403187K->330963K(585728K), 0.0028877 secs] [Times: user=0.01 sys=0.00, real=0.00 secs] 
863.948: [GC (Allocation Failure) [PSYoungGen: 73056K->1376K(72704K)] 402643K->330963K(585216K), 0.0034811 secs] [Times: user=0.01 sys=0.00, real=0.00 secs] 
864.430: [GC (Allocation Failure) [PSYoungGen: 72544K->1421K(72192K)] 402131K->331008K(584704K), 0.0022147 secs] [Times: user=0.01 sys=0.00, real=0.00 secs] 
864.568: [GC (Allocation Failure) [PSYoungGen: 72077K->1488K(71680K)] 401664K->331075K(584192K), 0.0018510 secs] [Times: user=0.00 sys=0.00, real=0.00 secs] 
864.691: [GC (Allocation Failure) [PSYoungGen: 71613K->1517K(71168K)] 401201K->331104K(583680K), 0.0017303 secs] [Times: user=0.00 sys=0.00, real=0.00 secs] 
864.814: [GC (Allocation Failure) [PSYoungGen: 70435K->256K(71680K)] 400022K->329843K(584192K), 0.0015507 secs] [Times: user=0.00 sys=0.00, real=0.00 secs] 
865.140: [GC (Allocation Failure) [PSYoungGen: 69888K->1456K(70656K)] 399475K->331043K(583168K), 0.0020802 secs] [Times: user=0.01 sys=0.00, real=0.00 secs] 
865.428: [GC (Allocation Failure) [PSYoungGen: 70576K->1408K(70144K)] 400163K->330995K(582656K), 0.0020647 secs] [Times: user=0.01 sys=0.00, real=0.00 secs] 
865.713: [GC (Allocation Failure) [PSYoungGen: 70016K->1376K(69632K)] 399603K->330963K(582144K), 0.0019846 secs] [Times: user=0.01 sys=0.00, real=0.01 secs] 
865.996: [GC (Allocation Failure) [PSYoungGen: 69472K->1408K(69120K)] 399059K->330995K(581632K), 0.0019871 secs] [Times: user=0.01 sys=0.00, real=0.00 secs] 
866.167: [GC (Allocation Failure) [PSYoungGen: 68992K->1501K(68608K)] 398579K->331088K(581120K), 0.0016713 secs] [Times: user=0.00 sys=0.00, real=0.00 secs] 
866.285: [GC (Allocation Failure) [PSYoungGen: 68573K->1469K(69120K)] 398160K->331056K(581632K), 0.0017221 secs] [Times: user=0.01 sys=0.00, real=0.00 secs] 
866.403: [GC (Allocation Failure) [PSYoungGen: 68541K->1469K(69120K)] 398128K->331056K(581632K), 0.0016321 secs] [Times: user=0.01 sys=0.00, real=0.01 secs] 
866.608: [GC (Allocation Failure) [PSYoungGen: 68541K->1952K(74752K)] 398128K->331547K(587264K), 0.0021856 secs] [Times: user=0.00 sys=0.00, real=0.00 secs] 
867.379: [GC (Allocation Failure) [PSYoungGen: 74656K->1376K(73728K)] 404251K->330971K(586240K), 0.0025303 secs] [Times: user=0.00 sys=0.00, real=0.00 secs] 
867.978: [GC (Allocation Failure) [PSYoungGen: 73568K->1408K(73216K)] 403163K->331003K(585728K), 0.0036322 secs] [Times: user=0.01 sys=0.00, real=0.00 secs] 
868.694: [GC (Allocation Failure) [PSYoungGen: 73088K->1344K(72704K)] 402683K->330939K(585216K), 0.0030078 secs] [Times: user=0.01 sys=0.00, real=0.01 secs] 
869.383: [GC (Allocation Failure) [PSYoungGen: 72511K->1440K(72192K)] 402106K->331051K(584704K), 0.0025127 secs] [Times: user=0.01 sys=0.00, real=0.01 secs] 
869.554: [GC (Allocation Failure) [PSYoungGen: 72096K->1469K(71680K)] 401707K->331080K(584192K), 0.0016980 secs] [Times: user=0.01 sys=0.00, real=0.01 secs] 
869.676: [GC (Allocation Failure) [PSYoungGen: 71613K->1501K(71168K)] 401224K->331112K(583680K), 0.0015753 secs] [Times: user=0.01 sys=0.00, real=0.00 secs] 
869.798: [GC (Allocation Failure) [PSYoungGen: 71133K->1533K(71680K)] 400744K->331152K(584192K), 0.0016694 secs] [Times: user=0.01 sys=0.00, real=0.00 secs] 
870.317: [GC (Allocation Failure) [PSYoungGen: 71165K->1392K(70656K)] 400784K->331011K(583168K), 0.0023852 secs] [Times: user=0.01 sys=0.00, real=0.00 secs] 
871.062: [GC (Allocation Failure) [PSYoungGen: 70512K->1376K(70144K)] 400131K->330995K(582656K), 0.0025720 secs] [Times: user=0.01 sys=0.00, real=0.01 secs] 
871.596: [GC (Allocation Failure) [PSYoungGen: 69984K->1440K(69632K)] 399603K->331059K(582144K), 0.0021783 secs] [Times: user=0.01 sys=0.00, real=0.00 secs] 
871.879: [GC (Allocation Failure) [PSYoungGen: 69536K->1376K(69120K)] 399155K->330995K(581632K), 0.0021714 secs] [Times: user=0.00 sys=0.00, real=0.00 secs] 
872.146: [GC (Allocation Failure) [PSYoungGen: 68960K->1469K(68608K)] 398579K->331088K(581120K), 0.0014976 secs] [Times: user=0.00 sys=0.00, real=0.00 secs] 
872.264: [GC (Allocation Failure) [PSYoungGen: 68541K->1469K(68096K)] 398160K->331088K(580608K), 0.0017276 secs] [Times: user=0.00 sys=0.00, real=0.01 secs] 
872.380: [GC (Allocation Failure) [PSYoungGen: 68029K->1501K(73216K)] 397648K->331120K(585728K), 0.0016309 secs] [Times: user=0.00 sys=0.00, real=0.00 secs] 
872.505: [GC (Allocation Failure) [PSYoungGen: 73181K->1504K(73728K)] 402800K->331139K(586240K), 0.0016362 secs] [Times: user=0.01 sys=0.00, real=0.00 secs] 
872.762: [GC (Allocation Failure) [PSYoungGen: 73184K->1408K(78848K)] 402819K->331043K(591360K), 0.0021466 secs] [Times: user=0.01 sys=0.00, real=0.00 secs] 
873.083: [GC (Allocation Failure) [PSYoungGen: 78720K->1408K(78336K)] 408355K->331043K(590848K), 0.0019624 secs] [Times: user=0.01 sys=0.00, real=0.01 secs] 
873.401: [GC (Allocation Failure) [PSYoungGen: 78208K->1408K(77824K)] 407843K->331043K(590336K), 0.0020178 secs] [Times: user=0.01 sys=0.00, real=0.00 secs] 
873.718: [GC (Allocation Failure) [PSYoungGen: 77696K->1408K(77312K)] 407331K->331043K(589824K), 0.0020308 secs] [Times: user=0.01 sys=0.00, real=0.00 secs] 
873.888: [GC (Allocation Failure) [PSYoungGen: 77184K->1517K(76800K)] 406819K->331152K(589312K), 0.0017251 secs] [Times: user=0.01 sys=0.00, real=0.00 secs] 
874.041: [GC (Allocation Failure) [PSYoungGen: 76781K->1453K(76288K)] 406416K->331088K(588800K), 0.0020637 secs] [Times: user=0.01 sys=0.00, real=0.00 secs] 
874.220: [GC (Allocation Failure) [PSYoungGen: 76205K->1469K(76800K)] 405840K->331104K(589312K), 0.0021895 secs] [Times: user=0.01 sys=0.00, real=0.00 secs] 
874.506: [GC (Allocation Failure) [PSYoungGen: 76221K->1408K(76800K)] 405856K->331043K(589312K), 0.0045068 secs] [Times: user=0.01 sys=0.00, real=0.00 secs] 
874.833: [GC (Allocation Failure) [PSYoungGen: 76160K->1408K(82432K)] 405795K->331043K(594944K), 0.0022409 secs] [Times: user=0.00 sys=0.00, real=0.01 secs] 
875.170: [GC (Allocation Failure) [PSYoungGen: 82304K->1408K(81920K)] 411939K->331043K(594432K), 0.0019765 secs] [Times: user=0.01 sys=0.00, real=0.00 secs] 
875.513: [GC (Allocation Failure) [PSYoungGen: 81792K->1408K(81408K)] 411427K->331043K(593920K), 0.0020839 secs] [Times: user=0.01 sys=0.01, real=0.01 secs] 
875.700: [GC (Allocation Failure) [PSYoungGen: 81280K->1501K(80896K)] 410915K->331136K(593408K), 0.0016680 secs] [Times: user=0.00 sys=0.00, real=0.00 secs] 
875.840: [GC (Allocation Failure) [PSYoungGen: 80861K->1504K(80384K)] 410496K->331139K(592896K), 0.0017410 secs] [Times: user=0.00 sys=0.00, real=0.00 secs] 
875.978: [GC (Allocation Failure) [PSYoungGen: 80352K->1469K(80896K)] 409987K->331104K(593408K), 0.0016751 secs] [Times: user=0.01 sys=0.00, real=0.00 secs] 
876.586: [GC (Allocation Failure) [PSYoungGen: 80317K->1440K(79872K)] 409952K->331075K(592384K), 0.0037805 secs] [Times: user=0.01 sys=0.00, real=0.00 secs] 
877.247: [GC (Allocation Failure) [PSYoungGen: 79776K->1424K(79360K)] 409411K->331059K(591872K), 0.0045812 secs] [Times: user=0.01 sys=0.01, real=0.00 secs] 
877.949: [GC (Allocation Failure) [PSYoungGen: 79248K->1360K(78848K)] 408883K->330995K(591360K), 0.0031783 secs] [Times: user=0.01 sys=0.00, real=0.00 secs] 
878.514: [GC (Allocation Failure) [PSYoungGen: 78672K->1485K(78336K)] 408307K->331120K(590848K), 0.0021769 secs] [Times: user=0.01 sys=0.00, real=0.00 secs] 
878.673: [GC (Allocation Failure) [PSYoungGen: 78285K->1501K(77824K)] 407920K->331136K(590336K), 0.0015874 secs] [Times: user=0.00 sys=0.00, real=0.01 secs] 
878.807: [GC (Allocation Failure) [PSYoungGen: 77789K->1469K(77312K)] 407424K->331104K(589824K), 0.0018906 secs] [Times: user=0.01 sys=0.00, real=0.00 secs] 
878.963: [GC (Allocation Failure) [PSYoungGen: 77245K->1533K(83456K)] 406880K->331200K(595968K), 0.0019925 secs] [Times: user=0.01 sys=0.00, real=0.01 secs] 
879.758: [GC (Allocation Failure) [PSYoungGen: 83453K->1408K(82944K)] 413120K->331099K(595456K), 0.0027968 secs] [Times: user=0.01 sys=0.00, real=0.00 secs] 
880.172: [GC (Allocation Failure) [PSYoungGen: 82816K->1408K(82432K)] 412507K->331099K(594944K), 0.0022608 secs] [Times: user=0.01 sys=0.00, real=0.00 secs] 
880.512: [GC (Allocation Failure) [PSYoungGen: 82304K->1408K(81920K)] 411995K->331099K(594432K), 0.0021820 secs] [Times: user=0.01 sys=0.00, real=0.00 secs] 
880.851: [GC (Allocation Failure) [PSYoungGen: 81792K->1469K(81408K)] 411483K->331160K(593920K), 0.0016449 secs] [Times: user=0.01 sys=0.00, real=0.00 secs] 
880.992: [GC (Allocation Failure) [PSYoungGen: 81341K->1501K(80896K)] 411032K->331192K(593408K), 0.0016406 secs] [Times: user=0.01 sys=0.00, real=0.00 secs] 
881.131: [GC (Allocation Failure) [PSYoungGen: 80861K->1469K(80384K)] 410552K->331160K(592896K), 0.0016148 secs] [Times: user=0.00 sys=0.00, real=0.00 secs] 
881.268: [GC (Allocation Failure) [PSYoungGen: 80317K->1501K(79872K)] 410008K->331192K(592384K), 0.0016782 secs] [Times: user=0.01 sys=0.00, real=0.00 secs] 
882.073: [GC (Allocation Failure) [PSYoungGen: 79837K->1440K(79360K)] 409528K->331131K(591872K), 0.0023165 secs] [Times: user=0.01 sys=0.00, real=0.01 secs] 
882.792: [GC (Allocation Failure) [PSYoungGen: 79264K->1408K(78848K)] 408955K->331099K(591360K), 0.0021390 secs] [Times: user=0.01 sys=0.00, real=0.00 secs] 
883.526: [GC (Allocation Failure) [PSYoungGen: 78720K->1344K(78336K)] 408411K->331035K(590848K), 0.0023628 secs] [Times: user=0.01 sys=0.00, real=0.00 secs] 
884.129: [GC (Allocation Failure) [PSYoungGen: 78144K->1501K(77824K)] 407835K->331192K(590336K), 0.0021188 secs] [Times: user=0.00 sys=0.00, real=0.00 secs] 
884.269: [GC (Allocation Failure) [PSYoungGen: 77789K->1536K(77824K)] 407480K->331227K(590336K), 0.0016620 secs] [Times: user=0.00 sys=0.00, real=0.00 secs] 
884.403: [GC (Allocation Failure) [PSYoungGen: 77312K->1533K(76800K)] 407003K->331224K(589312K), 0.0016241 secs] [Times: user=0.00 sys=0.00, real=0.01 secs] 
884.556: [GC (Allocation Failure) [PSYoungGen: 76797K->1517K(76288K)] 406488K->331208K(588800K), 0.0018688 secs] [Times: user=0.00 sys=0.00, real=0.00 secs] 
884.932: [GC (Allocation Failure) [PSYoungGen: 76269K->1392K(75776K)] 405960K->331083K(588288K), 0.0025483 secs] [Times: user=0.00 sys=0.00, real=0.01 secs] 
885.259: [GC (Allocation Failure) [PSYoungGen: 75632K->1440K(75264K)] 405323K->331131K(587776K), 0.0019053 secs] [Times: user=0.00 sys=0.00, real=0.00 secs] 
885.572: [GC (Allocation Failure) [PSYoungGen: 75168K->1408K(74752K)] 404859K->331099K(587264K), 0.0023185 secs] [Times: user=0.00 sys=0.00, real=0.00 secs] 
885.920: [GC (Allocation Failure) [PSYoungGen: 74624K->1469K(74240K)] 404315K->331160K(586752K), 0.0020210 secs] [Times: user=0.01 sys=0.00, real=0.00 secs] 
886.058: [GC (Allocation Failure) [PSYoungGen: 74145K->1437K(73728K)] 403836K->331128K(586240K), 0.0016365 secs] [Times: user=0.01 sys=0.00, real=0.00 secs] 
886.185: [GC (Allocation Failure) [PSYoungGen: 73629K->1469K(73216K)] 403320K->331160K(585728K), 0.0016597 secs] [Times: user=0.01 sys=0.00, real=0.00 secs] 
886.310: [GC (Allocation Failure) [PSYoungGen: 73149K->1485K(74240K)] 402840K->331176K(586752K), 0.0017844 secs] [Times: user=0.01 sys=0.00, real=0.00 secs] 
886.580: [GC (Allocation Failure) [PSYoungGen: 73677K->1440K(79872K)] 403368K->331139K(592384K), 0.0022206 secs] [Times: user=0.01 sys=0.00, real=0.00 secs] 
886.940: [GC (Allocation Failure) [PSYoungGen: 79264K->1344K(78848K)] 408963K->331059K(591360K), 0.0020236 secs] [Times: user=0.01 sys=0.01, real=0.00 secs] 
887.261: [GC (Allocation Failure) [PSYoungGen: 78656K->1408K(78336K)] 408371K->331123K(590848K), 0.0020643 secs] [Times: user=0.00 sys=0.00, real=0.00 secs] 
887.582: [GC (Allocation Failure) [PSYoungGen: 78208K->1408K(77824K)] 407923K->331123K(590336K), 0.0020787 secs] [Times: user=0.01 sys=0.00, real=0.01 secs] 
887.849: [GC (Allocation Failure) [PSYoungGen: 77696K->1469K(77312K)] 407411K->331184K(589824K), 0.0017632 secs] [Times: user=0.00 sys=0.00, real=0.00 secs] 
888.004: [GC (Allocation Failure) [PSYoungGen: 77245K->1533K(76800K)] 406960K->331248K(589312K), 0.0019157 secs] [Times: user=0.01 sys=0.00, real=0.01 secs] 
888.165: [GC (Allocation Failure) [PSYoungGen: 76797K->1533K(76288K)] 406512K->331248K(588800K), 0.0017575 secs] [Times: user=0.00 sys=0.00, real=0.00 secs] 
888.596: [GC (Allocation Failure) [PSYoungGen: 76285K->1440K(75776K)] 406000K->331179K(588288K), 0.0025169 secs] [Times: user=0.02 sys=0.00, real=0.00 secs] 
889.138: [GC (Allocation Failure) [PSYoungGen: 75680K->1344K(75264K)] 405419K->331083K(587776K), 0.0022600 secs] [Times: user=0.00 sys=0.01, real=0.00 secs] 
889.445: [GC (Allocation Failure) [PSYoungGen: 75072K->1392K(74752K)] 404811K->331131K(587264K), 0.0022538 secs] [Times: user=0.01 sys=0.00, real=0.00 secs] 
889.980: [GC (Allocation Failure) [PSYoungGen: 74608K->1408K(74240K)] 404347K->331147K(586752K), 0.0024343 secs] [Times: user=0.01 sys=0.00, real=0.00 secs] 
890.278: [GC (Allocation Failure) [PSYoungGen: 74112K->1501K(73728K)] 403851K->331240K(586240K), 0.0016207 secs] [Times: user=0.01 sys=0.00, real=0.00 secs] 
890.406: [GC (Allocation Failure) [PSYoungGen: 73693K->1469K(73216K)] 403432K->331208K(585728K), 0.0015931 secs] [Times: user=0.00 sys=0.00, real=0.00 secs] 
890.531: [GC (Allocation Failure) [PSYoungGen: 73149K->1485K(72704K)] 402888K->331224K(585216K), 0.0016822 secs] [Times: user=0.01 sys=0.00, real=0.00 secs] 
890.858: [GC (Allocation Failure) [PSYoungGen: 72653K->1952K(72704K)] 402392K->331691K(585216K), 0.0024316 secs] [Times: user=0.01 sys=0.00, real=0.00 secs] 
891.933: [GC (Allocation Failure) [PSYoungGen: 72608K->1408K(71680K)] 402347K->331163K(584192K), 0.0042592 secs] [Times: user=0.02 sys=0.00, real=0.01 secs] 
892.663: [GC (Allocation Failure) [PSYoungGen: 71552K->1376K(71168K)] 401307K->331131K(583680K), 0.0029555 secs] [Times: user=0.02 sys=0.00, real=0.01 secs] 
893.440: [GC (Allocation Failure) [PSYoungGen: 71008K->1376K(70656K)] 400763K->331131K(583168K), 0.0037533 secs] [Times: user=0.02 sys=0.00, real=0.00 secs] 
894.178: [GC (Allocation Failure) [PSYoungGen: 70496K->1501K(70144K)] 400251K->331256K(582656K), 0.0025433 secs] [Times: user=0.01 sys=0.00, real=0.00 secs] 
894.358: [GC (Allocation Failure) [PSYoungGen: 70109K->1437K(69632K)] 399864K->331192K(582144K), 0.0016012 secs] [Times: user=0.01 sys=0.00, real=0.00 secs] 
894.477: [GC (Allocation Failure) [PSYoungGen: 69533K->1501K(69120K)] 399288K->331256K(581632K), 0.0017385 secs] [Times: user=0.01 sys=0.00, real=0.00 secs] 
894.596: [GC (Allocation Failure) [PSYoungGen: 69085K->1501K(70144K)] 398840K->331256K(582656K), 0.0016703 secs] [Times: user=0.01 sys=0.00, real=0.00 secs] 
895.361: [GC (Allocation Failure) [PSYoungGen: 69597K->1472K(69120K)] 399352K->331227K(581632K), 0.0028208 secs] [Times: user=0.01 sys=0.00, real=0.00 secs] 
896.520: [GC (Allocation Failure) [PSYoungGen: 69056K->1408K(68608K)] 398811K->331163K(581120K), 0.0052388 secs] [Times: user=0.02 sys=0.00, real=0.01 secs] 
897.664: [GC (Allocation Failure) [PSYoungGen: 68480K->1360K(68096K)] 398235K->331115K(580608K), 0.0046076 secs] [Times: user=0.02 sys=0.00, real=0.01 secs] 
898.181: [GC (Allocation Failure) [PSYoungGen: 67920K->1376K(67584K)] 397675K->331131K(580096K), 0.0027178 secs] [Times: user=0.01 sys=0.00, real=0.00 secs] 
898.769: [GC (Allocation Failure) [PSYoungGen: 67424K->1469K(67072K)] 397179K->331224K(579584K), 0.0037841 secs] [Times: user=0.01 sys=0.00, real=0.00 secs] 
898.988: [GC (Allocation Failure) [PSYoungGen: 66976K->1517K(66560K)] 396732K->331272K(579072K), 0.0023265 secs] [Times: user=0.01 sys=0.00, real=0.00 secs] 
899.110: [GC (Allocation Failure) [PSYoungGen: 66541K->1485K(66048K)] 396296K->331240K(578560K), 0.0017105 secs] [Times: user=0.00 sys=0.00, real=0.00 secs] 
899.225: [GC (Allocation Failure) [PSYoungGen: 65997K->1488K(71680K)] 395752K->331259K(584192K), 0.0016500 secs] [Times: user=0.01 sys=0.00, real=0.00 secs] 
899.489: [GC (Allocation Failure) [PSYoungGen: 71120K->1456K(70656K)] 400891K->331227K(583168K), 0.0018585 secs] [Times: user=0.01 sys=0.00, real=0.00 secs] 
899.868: [GC (Allocation Failure) [PSYoungGen: 70576K->1408K(70144K)] 400347K->331179K(582656K), 0.0022660 secs] [Times: user=0.01 sys=0.00, real=0.00 secs] 
900.199: [GC (Allocation Failure) [PSYoungGen: 70016K->1376K(69632K)] 399787K->331147K(582144K), 0.0021122 secs] [Times: user=0.01 sys=0.00, real=0.00 secs] 
900.765: [GC (Allocation Failure) [PSYoungGen: 69472K->1408K(69120K)] 399243K->331179K(581632K), 0.0026773 secs] [Times: user=0.01 sys=0.00, real=0.00 secs] 
901.448: [GC (Allocation Failure) [PSYoungGen: 68992K->1501K(68608K)] 398763K->331272K(581120K), 0.0027005 secs] [Times: user=0.01 sys=0.00, real=0.00 secs] 
901.620: [GC (Allocation Failure) [PSYoungGen: 68573K->1472K(68096K)] 398344K->331267K(580608K), 0.0017452 secs] [Times: user=0.01 sys=0.00, real=0.00 secs] 
901.736: [GC (Allocation Failure) [PSYoungGen: 68032K->1485K(67584K)] 397827K->331280K(580096K), 0.0016398 secs] [Times: user=0.00 sys=0.00, real=0.00 secs] 
901.851: [GC (Allocation Failure) [PSYoungGen: 67533K->1501K(68608K)] 397328K->331304K(581120K), 0.0015261 secs] [Times: user=0.01 sys=0.00, real=0.00 secs] 
902.026: [GC (Allocation Failure) [PSYoungGen: 68061K->1456K(73728K)] 397864K->331259K(586240K), 0.0022055 secs] [Times: user=0.01 sys=0.00, real=0.00 secs] 
902.327: [GC (Allocation Failure) [PSYoungGen: 73136K->1344K(73728K)] 402939K->331147K(586240K), 0.0020599 secs] [Times: user=0.01 sys=0.00, real=0.00 secs] 
902.626: [GC (Allocation Failure) [PSYoungGen: 73024K->1392K(72704K)] 402827K->331195K(585216K), 0.0021632 secs] [Times: user=0.01 sys=0.00, real=0.00 secs] 
902.922: [GC (Allocation Failure) [PSYoungGen: 72560K->1376K(72192K)] 402363K->331179K(584704K), 0.0025767 secs] [Times: user=0.01 sys=0.01, real=0.01 secs] 
903.212: [GC (Allocation Failure) [PSYoungGen: 72032K->1501K(71680K)] 401835K->331304K(584192K), 0.0021338 secs] [Times: user=0.01 sys=0.00, real=0.00 secs] 
903.341: [GC (Allocation Failure) [PSYoungGen: 71645K->1533K(71168K)] 401448K->331336K(583680K), 0.0016869 secs] [Times: user=0.00 sys=0.00, real=0.00 secs] 
903.462: [GC (Allocation Failure) [PSYoungGen: 71165K->1533K(76800K)] 400968K->331336K(589312K), 0.0015845 secs] [Times: user=0.00 sys=0.00, real=0.00 secs] 
903.593: [GC (Allocation Failure) [PSYoungGen: 76797K->1533K(77312K)] 406600K->331344K(589824K), 0.0017440 secs] [Times: user=0.01 sys=0.00, real=0.01 secs] 
904.568: [GC (Allocation Failure) [PSYoungGen: 76797K->1440K(76288K)] 406608K->331251K(588800K), 0.0025203 secs] [Times: user=0.01 sys=0.00, real=0.00 secs] 
905.528: [GC (Allocation Failure) [PSYoungGen: 76192K->1392K(75776K)] 406003K->331203K(588288K), 0.0036745 secs] [Times: user=0.02 sys=0.00, real=0.00 secs] 
906.318: [GC (Allocation Failure) [PSYoungGen: 75632K->1408K(75264K)] 405443K->331219K(587776K), 0.0027129 secs] [Times: user=0.02 sys=0.00, real=0.00 secs] 
907.048: [GC (Allocation Failure) [PSYoungGen: 75136K->1360K(74752K)] 404947K->331171K(587264K), 0.0026783 secs] [Times: user=0.01 sys=0.00, real=0.00 secs] 
907.343: [GC (Allocation Failure) [PSYoungGen: 74576K->1469K(74240K)] 404387K->331280K(586752K), 0.0015894 secs] [Times: user=0.01 sys=0.00, real=0.01 secs] 
907.470: [GC (Allocation Failure) [PSYoungGen: 74173K->1501K(73728K)] 403984K->331312K(586240K), 0.0016898 secs] [Times: user=0.01 sys=0.00, real=0.00 secs] 
907.596: [GC (Allocation Failure) [PSYoungGen: 73693K->1533K(73216K)] 403504K->331376K(585728K), 0.0016019 secs] [Times: user=0.01 sys=0.00, real=0.00 secs] 
908.079: [GC (Allocation Failure) [PSYoungGen: 73213K->1440K(72704K)] 403056K->331283K(585216K), 0.0025728 secs] [Times: user=0.01 sys=0.01, real=0.00 secs] 
909.422: [GC (Allocation Failure) [PSYoungGen: 72608K->1376K(72192K)] 402451K->331219K(584704K), 0.0028761 secs] [Times: user=0.01 sys=0.00, real=0.01 secs] 
910.004: [GC (Allocation Failure) [PSYoungGen: 72032K->1376K(71680K)] 401875K->331219K(584192K), 0.0045262 secs] [Times: user=0.01 sys=0.00, real=0.00 secs] 
910.574: [GC (Allocation Failure) [PSYoungGen: 71520K->1408K(71168K)] 401363K->331251K(583680K), 0.0025632 secs] [Times: user=0.01 sys=0.00, real=0.01 secs] 
911.092: [GC (Allocation Failure) [PSYoungGen: 71040K->1469K(70656K)] 400883K->331312K(583168K), 0.0026469 secs] [Times: user=0.01 sys=0.00, real=0.01 secs] 
911.275: [GC (Allocation Failure) [PSYoungGen: 70588K->1469K(70144K)] 400431K->331312K(582656K), 0.0015327 secs] [Times: user=0.01 sys=0.00, real=0.00 secs] 
911.413: [GC (Allocation Failure) [PSYoungGen: 70077K->1453K(69632K)] 399920K->331296K(582144K), 0.0019104 secs] [Times: user=0.00 sys=0.00, real=0.01 secs] 
911.563: [GC (Allocation Failure) [PSYoungGen: 69549K->1472K(69120K)] 399392K->331315K(581632K), 0.0019077 secs] [Times: user=0.00 sys=0.00, real=0.01 secs] 
911.905: [GC (Allocation Failure) [PSYoungGen: 69056K->1408K(68608K)] 398899K->331267K(581120K), 0.0023989 secs] [Times: user=0.01 sys=0.00, real=0.00 secs] 
912.247: [GC (Allocation Failure) [PSYoungGen: 68480K->1408K(68096K)] 398339K->331267K(580608K), 0.0023103 secs] [Times: user=0.01 sys=0.00, real=0.00 secs] 
912.524: [GC (Allocation Failure) [PSYoungGen: 67968K->1376K(67584K)] 397827K->331235K(580096K), 0.0023106 secs] [Times: user=0.01 sys=0.00, real=0.00 secs] 
912.799: [GC (Allocation Failure) [PSYoungGen: 67424K->1376K(67072K)] 397283K->331235K(579584K), 0.0022435 secs] [Times: user=0.01 sys=0.00, real=0.00 secs] 
913.056: [GC (Allocation Failure) [PSYoungGen: 66912K->1469K(66560K)] 396771K->331328K(579072K), 0.0017003 secs] [Times: user=0.01 sys=0.00, real=0.00 secs] 
913.171: [GC (Allocation Failure) [PSYoungGen: 66493K->1469K(66048K)] 396352K->331328K(578560K), 0.0015541 secs] [Times: user=0.00 sys=0.00, real=0.00 secs] 
913.284: [GC (Allocation Failure) [PSYoungGen: 65958K->1501K(71680K)] 395817K->331360K(584192K), 0.0016940 secs] [Times: user=0.00 sys=0.00, real=0.01 secs] 
913.406: [GC (Allocation Failure) [PSYoungGen: 71645K->1501K(72192K)] 401504K->331368K(584704K), 0.0016468 secs] [Times: user=0.00 sys=0.00, real=0.00 secs] 
913.626: [GC (Allocation Failure) [PSYoungGen: 72157K->1440K(72704K)] 402024K->331307K(585216K), 0.0020139 secs] [Times: user=0.01 sys=0.00, real=0.00 secs] 
913.920: [GC (Allocation Failure) [PSYoungGen: 72096K->1360K(77824K)] 401963K->331227K(590336K), 0.0020481 secs] [Times: user=0.01 sys=0.00, real=0.00 secs] 
914.236: [GC (Allocation Failure) [PSYoungGen: 77648K->1360K(77312K)] 407515K->331227K(589824K), 0.0021137 secs] [Times: user=0.00 sys=0.00, real=0.00 secs] 
914.551: [GC (Allocation Failure) [PSYoungGen: 77136K->1408K(76800K)] 407003K->331275K(589312K), 0.0019708 secs] [Times: user=0.01 sys=0.00, real=0.00 secs] 
914.783: [GC (Allocation Failure) [PSYoungGen: 76672K->1533K(76288K)] 406539K->331400K(588800K), 0.0017417 secs] [Times: user=0.01 sys=0.00, real=0.01 secs] 
914.934: [GC (Allocation Failure) [PSYoungGen: 76285K->1565K(76288K)] 406152K->331432K(588800K), 0.0020529 secs] [Times: user=0.01 sys=0.00, real=0.00 secs] 
915.102: [GC (Allocation Failure) [PSYoungGen: 75805K->1469K(76800K)] 405672K->331336K(589312K), 0.0021125 secs] [Times: user=0.01 sys=0.00, real=0.00 secs] 
915.729: [GC (Allocation Failure) [PSYoungGen: 76221K->1424K(75776K)] 406088K->331291K(588288K), 0.0049802 secs] [Times: user=0.02 sys=0.00, real=0.00 secs] 
916.519: [GC (Allocation Failure) [PSYoungGen: 75664K->1408K(75264K)] 405531K->331275K(587776K), 0.0036688 secs] [Times: user=0.01 sys=0.01, real=0.00 secs] 
917.751: [GC (Allocation Failure) [PSYoungGen: 75136K->1376K(74752K)] 405003K->331243K(587264K), 0.0031777 secs] [Times: user=0.02 sys=0.00, real=0.01 secs] 
918.630: [GC (Allocation Failure) [PSYoungGen: 74592K->1408K(74240K)] 404459K->331275K(586752K), 0.0048477 secs] [Times: user=0.01 sys=0.00, real=0.01 secs] 
919.455: [GC (Allocation Failure) [PSYoungGen: 74112K->1469K(73728K)] 403979K->331336K(586240K), 0.0024846 secs] [Times: user=0.01 sys=0.00, real=0.00 secs] 
919.623: [GC (Allocation Failure) [PSYoungGen: 73661K->1501K(73216K)] 403528K->331368K(585728K), 0.0017591 secs] [Times: user=0.00 sys=0.00, real=0.01 secs] 
919.748: [GC (Allocation Failure) [PSYoungGen: 73181K->1517K(72704K)] 403048K->331416K(585216K), 0.0015329 secs] [Times: user=0.00 sys=0.00, real=0.00 secs] 
919.873: [GC (Allocation Failure) [PSYoungGen: 72685K->1533K(78848K)] 402584K->331448K(591360K), 0.0017687 secs] [Times: user=0.00 sys=0.00, real=0.01 secs] 
920.743: [GC (Allocation Failure) [PSYoungGen: 78333K->1440K(77824K)] 408248K->331363K(590336K), 0.0023572 secs] [Times: user=0.01 sys=0.00, real=0.01 secs] 
921.403: [GC (Allocation Failure) [PSYoungGen: 77728K->1344K(77312K)] 407651K->331267K(589824K), 0.0023081 secs] [Times: user=0.01 sys=0.00, real=0.01 secs] 
921.966: [GC (Allocation Failure) [PSYoungGen: 77120K->1376K(76800K)] 407043K->331299K(589312K), 0.0021365 secs] [Times: user=0.01 sys=0.00, real=0.00 secs] 
922.285: [GC (Allocation Failure) [PSYoungGen: 76640K->1501K(76288K)] 406563K->331448K(588800K), 0.0020541 secs] [Times: user=0.01 sys=0.00, real=0.00 secs] 
922.419: [GC (Allocation Failure) [PSYoungGen: 76253K->1517K(75776K)] 406200K->331464K(588288K), 0.0016824 secs] [Times: user=0.00 sys=0.00, real=0.00 secs] 
922.550: [GC (Allocation Failure) [PSYoungGen: 75757K->1533K(75264K)] 405704K->331480K(587776K), 0.0016821 secs] [Times: user=0.01 sys=0.00, real=0.00 secs] 
922.677: [GC (Allocation Failure) [PSYoungGen: 75261K->1501K(75776K)] 405208K->331448K(588288K), 0.0017456 secs] [Times: user=0.01 sys=0.00, real=0.00 secs] 
923.197: [GC (Allocation Failure) [PSYoungGen: 75229K->1440K(74752K)] 405176K->331395K(587264K), 0.0024594 secs] [Times: user=0.01 sys=0.00, real=0.00 secs] 
923.767: [GC (Allocation Failure) [PSYoungGen: 74656K->1376K(74240K)] 404611K->331331K(586752K), 0.0023745 secs] [Times: user=0.01 sys=0.00, real=0.00 secs] 
924.299: [GC (Allocation Failure) [PSYoungGen: 74080K->1408K(73728K)] 404035K->331363K(586240K), 0.0023141 secs] [Times: user=0.01 sys=0.00, real=0.00 secs] 
924.765: [GC (Allocation Failure) [PSYoungGen: 73600K->1376K(73216K)] 403555K->331331K(585728K), 0.0023551 secs] [Times: user=0.00 sys=0.00, real=0.00 secs] 
925.005: [GC (Allocation Failure) [PSYoungGen: 73056K->1501K(72704K)] 403011K->331456K(585216K), 0.0017051 secs] [Times: user=0.01 sys=0.00, real=0.00 secs] 
925.130: [GC (Allocation Failure) [PSYoungGen: 72669K->1533K(72192K)] 402624K->331488K(584704K), 0.0015914 secs] [Times: user=0.01 sys=0.00, real=0.00 secs] 
925.254: [GC (Allocation Failure) [PSYoungGen: 72189K->1501K(71680K)] 402144K->331456K(584192K), 0.0017068 secs] [Times: user=0.01 sys=0.00, real=0.00 secs] 
925.499: [GC (Allocation Failure) [PSYoungGen: 71645K->1984K(71680K)] 401600K->332451K(584192K), 0.0019003 secs] [Times: user=0.01 sys=0.00, real=0.00 secs] 
926.136: [GC (Allocation Failure) [PSYoungGen: 71616K->1408K(70656K)] 402083K->331883K(583168K), 0.0027502 secs] [Times: user=0.01 sys=0.00, real=0.00 secs] 
926.734: [GC (Allocation Failure) [PSYoungGen: 70528K->1440K(70144K)] 401003K->331915K(582656K), 0.0023742 secs] [Times: user=0.01 sys=0.00, real=0.01 secs] 
927.397: [GC (Allocation Failure) [PSYoungGen: 70048K->1408K(69632K)] 400523K->331883K(582144K), 0.0049450 secs] [Times: user=0.02 sys=0.00, real=0.00 secs] 
927.954: [GC (Allocation Failure) [PSYoungGen: 69504K->1453K(69120K)] 399979K->331928K(581632K), 0.0019638 secs] [Times: user=0.01 sys=0.00, real=0.01 secs] 
928.105: [GC (Allocation Failure) [PSYoungGen: 69037K->1469K(68608K)] 399512K->331944K(581120K), 0.0016716 secs] [Times: user=0.00 sys=0.00, real=0.00 secs] 
928.240: [GC (Allocation Failure) [PSYoungGen: 68541K->1453K(68096K)] 399016K->331928K(580608K), 0.0019465 secs] [Times: user=0.01 sys=0.00, real=0.00 secs] 
928.384: [GC (Allocation Failure) [PSYoungGen: 68013K->1517K(69120K)] 398488K->331992K(581632K), 0.0017129 secs] [Times: user=0.01 sys=0.00, real=0.00 secs] 
928.556: [GC (Allocation Failure) [PSYoungGen: 68589K->1488K(73728K)] 399064K->331971K(586240K), 0.0020875 secs] [Times: user=0.00 sys=0.00, real=0.00 secs] 
928.862: [GC (Allocation Failure) [PSYoungGen: 73168K->1376K(72704K)] 403651K->331859K(585216K), 0.0022585 secs] [Times: user=0.01 sys=0.00, real=0.00 secs] 
929.207: [GC (Allocation Failure) [PSYoungGen: 72544K->1344K(72192K)] 403027K->331827K(584704K), 0.0021536 secs] [Times: user=0.01 sys=0.00, real=0.00 secs] 
929.501: [GC (Allocation Failure) [PSYoungGen: 72000K->1376K(71680K)] 402483K->331883K(584192K), 0.0020400 secs] [Times: user=0.01 sys=0.00, real=0.00 secs] 
929.837: [GC (Allocation Failure) [PSYoungGen: 71520K->1437K(71168K)] 402027K->331944K(583680K), 0.0020393 secs] [Times: user=0.01 sys=0.00, real=0.00 secs] 
929.964: [GC (Allocation Failure) [PSYoungGen: 71069K->1469K(70656K)] 401576K->331976K(583168K), 0.0016114 secs] [Times: user=0.00 sys=0.00, real=0.01 secs] 
930.104: [GC (Allocation Failure) [PSYoungGen: 70589K->1517K(71168K)] 401096K->332024K(583680K), 0.0019633 secs] [Times: user=0.01 sys=0.00, real=0.00 secs] 
930.256: [GC (Allocation Failure) [PSYoungGen: 70637K->1488K(71168K)] 401144K->332011K(583680K), 0.0017662 secs] [Times: user=0.00 sys=0.00, real=0.00 secs] 
930.547: [GC (Allocation Failure) [PSYoungGen: 70608K->1408K(76800K)] 401131K->331931K(589312K), 0.0023940 secs] [Times: user=0.00 sys=0.00, real=0.00 secs] 
930.884: [GC (Allocation Failure) [PSYoungGen: 76160K->1408K(75776K)] 406683K->331931K(588288K), 0.0021870 secs] [Times: user=0.01 sys=0.00, real=0.01 secs] 
931.291: [GC (Allocation Failure) [PSYoungGen: 75648K->1376K(75264K)] 406171K->331899K(587776K), 0.0023463 secs] [Times: user=0.01 sys=0.00, real=0.00 secs] 
931.622: [GC (Allocation Failure) [PSYoungGen: 75104K->1408K(74752K)] 405627K->331931K(587264K), 0.0022624 secs] [Times: user=0.01 sys=0.00, real=0.01 secs] 
931.877: [GC (Allocation Failure) [PSYoungGen: 74624K->1421K(74240K)] 405147K->331944K(586752K), 0.0017519 secs] [Times: user=0.01 sys=0.00, real=0.00 secs] 
932.025: [GC (Allocation Failure) [PSYoungGen: 74125K->1533K(73728K)] 404648K->332056K(586240K), 0.0022628 secs] [Times: user=0.00 sys=0.00, real=0.00 secs] 
932.194: [GC (Allocation Failure) [PSYoungGen: 73725K->1501K(74240K)] 404248K->332024K(586752K), 0.0023342 secs] [Times: user=0.01 sys=0.00, real=0.00 secs] 
932.423: [GC (Allocation Failure) [PSYoungGen: 73693K->1952K(74240K)] 404216K->332475K(586752K), 0.0019075 secs] [Times: user=0.01 sys=0.00, real=0.01 secs] 
933.090: [GC (Allocation Failure) [PSYoungGen: 74144K->1360K(73216K)] 404667K->331883K(585728K), 0.0031821 secs] [Times: user=0.01 sys=0.00, real=0.00 secs] 
933.716: [GC (Allocation Failure) [PSYoungGen: 73040K->1392K(72704K)] 403563K->331915K(585216K), 0.0026552 secs] [Times: user=0.01 sys=0.00, real=0.00 secs] 
934.350: [GC (Allocation Failure) [PSYoungGen: 72560K->1376K(72192K)] 403083K->331899K(584704K), 0.0040688 secs] [Times: user=0.02 sys=0.00, real=0.00 secs] 
934.857: [GC (Allocation Failure) [PSYoungGen: 72032K->1501K(71680K)] 402555K->332024K(584192K), 0.0023220 secs] [Times: user=0.01 sys=0.00, real=0.00 secs] 
935.019: [GC (Allocation Failure) [PSYoungGen: 71631K->1533K(71168K)] 402154K->332056K(583680K), 0.0015857 secs] [Times: user=0.01 sys=0.01, real=0.00 secs] 
935.141: [GC (Allocation Failure) [PSYoungGen: 71165K->1536K(71168K)] 401688K->332059K(583680K), 0.0016414 secs] [Times: user=0.00 sys=0.00, real=0.00 secs] 
935.263: [GC (Allocation Failure) [PSYoungGen: 70656K->509K(75776K)] 401179K->332056K(588288K), 0.0016041 secs] [Times: user=0.00 sys=0.00, real=0.01 secs] 
935.581: [GC (Allocation Failure) [PSYoungGen: 75261K->1408K(75776K)] 406808K->332963K(588288K), 0.0019265 secs] [Times: user=0.00 sys=0.00, real=0.00 secs] 
935.891: [GC (Allocation Failure) [PSYoungGen: 75648K->1408K(75264K)] 407203K->332963K(587776K), 0.0019955 secs] [Times: user=0.01 sys=0.00, real=0.00 secs] 
936.224: [GC (Allocation Failure) [PSYoungGen: 75136K->1376K(74752K)] 406691K->332931K(587264K), 0.0019844 secs] [Times: user=0.00 sys=0.00, real=0.00 secs] 
936.570: [GC (Allocation Failure) [PSYoungGen: 74592K->1424K(74240K)] 406147K->332979K(586752K), 0.0020133 secs] [Times: user=0.01 sys=0.00, real=0.00 secs] 
936.806: [GC (Allocation Failure) [PSYoungGen: 74128K->1469K(73728K)] 405683K->333024K(586240K), 0.0018296 secs] [Times: user=0.00 sys=0.00, real=0.00 secs] 
936.935: [GC (Allocation Failure) [PSYoungGen: 73661K->1520K(73216K)] 405216K->333075K(585728K), 0.0016766 secs] [Times: user=0.01 sys=0.00, real=0.00 secs] 
937.079: [GC (Allocation Failure) [PSYoungGen: 73200K->1536K(73728K)] 404755K->333091K(586240K), 0.0019589 secs] [Times: user=0.01 sys=0.00, real=0.00 secs] 
937.309: [GC (Allocation Failure) [PSYoungGen: 73216K->1472K(79360K)] 404771K->334059K(591872K), 0.0023802 secs] [Times: user=0.01 sys=0.01, real=0.00 secs] 
938.260: [GC (Allocation Failure) [PSYoungGen: 78784K->384K(77312K)] 411371K->332971K(589824K), 0.0046143 secs] [Times: user=0.02 sys=0.00, real=0.01 secs] 
939.152: [GC (Allocation Failure) [PSYoungGen: 77184K->352K(77824K)] 409771K->332939K(590336K), 0.0048332 secs] [Times: user=0.02 sys=0.00, real=0.01 secs] 
939.930: [GC (Allocation Failure) [PSYoungGen: 76640K->320K(77824K)] 409227K->332907K(590336K), 0.0032351 secs] [Times: user=0.02 sys=0.00, real=0.00 secs] 
940.371: [GC (Allocation Failure) [PSYoungGen: 76082K->1469K(77312K)] 408669K->334080K(589824K), 0.0022227 secs] [Times: user=0.01 sys=0.00, real=0.00 secs] 
940.521: [GC (Allocation Failure) [PSYoungGen: 76733K->1501K(76288K)] 409344K->334112K(588800K), 0.0016428 secs] [Times: user=0.01 sys=0.00, real=0.00 secs] 
940.652: [GC (Allocation Failure) [PSYoungGen: 76253K->1504K(76288K)] 408864K->334115K(588800K), 0.0015517 secs] [Times: user=0.01 sys=0.00, real=0.00 secs] 
940.803: [GC (Allocation Failure) [PSYoungGen: 75744K->1501K(76800K)] 408355K->334112K(589312K), 0.0020901 secs] [Times: user=0.00 sys=0.00, real=0.01 secs] 
942.902: [GC (Allocation Failure) [PSYoungGen: 75741K->1408K(75264K)] 408352K->334019K(587776K), 0.0049361 secs] [Times: user=0.02 sys=0.00, real=0.01 secs] 
943.715: [GC (Allocation Failure) [PSYoungGen: 75136K->1376K(74752K)] 407747K->333987K(587264K), 0.0040638 secs] [Times: user=0.01 sys=0.01, real=0.00 secs] 
944.539: [GC (Allocation Failure) [PSYoungGen: 74592K->1408K(74240K)] 407203K->334019K(586752K), 0.0023916 secs] [Times: user=0.01 sys=0.00, real=0.00 secs] 
945.311: [GC (Allocation Failure) [PSYoungGen: 74112K->1469K(73728K)] 406723K->334080K(586240K), 0.0025128 secs] [Times: user=0.01 sys=0.00, real=0.00 secs] 
945.542: [GC (Allocation Failure) [PSYoungGen: 73661K->1517K(73216K)] 406272K->334128K(585728K), 0.0020176 secs] [Times: user=0.01 sys=0.00, real=0.00 secs] 
945.688: [GC (Allocation Failure) [PSYoungGen: 73197K->1469K(72704K)] 405808K->334080K(585216K), 0.0016350 secs] [Times: user=0.01 sys=0.00, real=0.00 secs] 
945.813: [GC (Allocation Failure) [PSYoungGen: 72637K->1533K(72192K)] 405248K->334144K(584704K), 0.0016793 secs] [Times: user=0.01 sys=0.00, real=0.01 secs] 
946.263: [GC (Allocation Failure) [PSYoungGen: 72189K->1408K(71680K)] 404800K->334019K(584192K), 0.0050479 secs] [Times: user=0.01 sys=0.00, real=0.01 secs] 
946.804: [GC (Allocation Failure) [PSYoungGen: 71552K->1376K(71168K)] 404163K->333987K(583680K), 0.0027247 secs] [Times: user=0.01 sys=0.00, real=0.01 secs] 
947.348: [GC (Allocation Failure) [PSYoungGen: 71008K->1376K(70656K)] 403619K->333987K(583168K), 0.0037152 secs] [Times: user=0.02 sys=0.00, real=0.00 secs] 
947.967: [GC (Allocation Failure) [PSYoungGen: 70496K->1408K(70144K)] 403107K->334019K(582656K), 0.0024240 secs] [Times: user=0.01 sys=0.00, real=0.00 secs] 
948.369: [GC (Allocation Failure) [PSYoungGen: 70016K->1501K(69632K)] 402627K->334112K(582144K), 0.0022562 secs] [Times: user=0.01 sys=0.00, real=0.00 secs] 
948.501: [GC (Allocation Failure) [PSYoungGen: 69597K->1501K(69120K)] 402208K->334112K(581632K), 0.0015941 secs] [Times: user=0.00 sys=0.00, real=0.00 secs] 
948.620: [GC (Allocation Failure) [PSYoungGen: 69085K->1533K(68608K)] 401696K->334144K(581120K), 0.0016795 secs] [Times: user=0.00 sys=0.00, real=0.00 secs] 
948.737: [GC (Allocation Failure) [PSYoungGen: 68578K->1517K(74240K)] 401189K->334128K(586752K), 0.0015256 secs] [Times: user=0.00 sys=0.01, real=0.00 secs] 
949.020: [GC (Allocation Failure) [PSYoungGen: 74221K->1376K(73728K)] 406832K->333987K(586240K), 0.0020138 secs] [Times: user=0.01 sys=0.00, real=0.00 secs] 
949.320: [GC (Allocation Failure) [PSYoungGen: 73568K->1376K(73216K)] 406179K->333987K(585728K), 0.0020361 secs] [Times: user=0.01 sys=0.00, real=0.00 secs] 
949.618: [GC (Allocation Failure) [PSYoungGen: 73056K->1424K(72704K)] 405667K->334051K(585216K), 0.0021562 secs] [Times: user=0.01 sys=0.00, real=0.00 secs] 
949.914: [GC (Allocation Failure) [PSYoungGen: 72592K->1376K(72192K)] 405219K->334003K(584704K), 0.0020729 secs] [Times: user=0.01 sys=0.00, real=0.01 secs] 
950.097: [GC (Allocation Failure) [PSYoungGen: 72032K->1501K(71680K)] 404659K->334128K(584192K), 0.0016136 secs] [Times: user=0.01 sys=0.00, real=0.00 secs] 
950.219: [GC (Allocation Failure) [PSYoungGen: 71645K->1501K(71168K)] 404272K->334128K(583680K), 0.0017271 secs] [Times: user=0.01 sys=0.00, real=0.00 secs] 
950.341: [GC (Allocation Failure) [PSYoungGen: 71133K->1501K(71680K)] 403760K->334128K(584192K), 0.0017183 secs] [Times: user=0.00 sys=0.00, real=0.00 secs] 
950.586: [GC (Allocation Failure) [PSYoungGen: 71133K->1936K(77312K)] 403760K->334587K(589824K), 0.0021204 secs] [Times: user=0.00 sys=0.00, real=0.00 secs] 
951.699: [GC (Allocation Failure) [PSYoungGen: 77200K->1424K(76288K)] 409851K->334075K(588800K), 0.0047126 secs] [Times: user=0.02 sys=0.00, real=0.00 secs] 
952.809: [GC (Allocation Failure) [PSYoungGen: 76176K->1344K(75776K)] 408827K->333995K(588288K), 0.0047072 secs] [Times: user=0.02 sys=0.00, real=0.01 secs] 
953.334: [GC (Allocation Failure) [PSYoungGen: 75584K->1376K(75264K)] 408235K->334027K(587776K), 0.0029809 secs] [Times: user=0.01 sys=0.00, real=0.01 secs] 
953.987: [GC (Allocation Failure) [PSYoungGen: 75104K->1469K(74752K)] 407755K->334120K(587264K), 0.0024224 secs] [Times: user=0.01 sys=0.00, real=0.00 secs] 
954.143: [GC (Allocation Failure) [PSYoungGen: 74685K->1501K(74240K)] 407336K->334152K(586752K), 0.0015982 secs] [Times: user=0.00 sys=0.00, real=0.01 secs] 
954.291: [GC (Allocation Failure) [PSYoungGen: 74205K->1485K(73728K)] 406856K->334136K(586240K), 0.0018935 secs] [Times: user=0.01 sys=0.00, real=0.00 secs] 
954.423: [GC (Allocation Failure) [PSYoungGen: 73676K->1469K(73216K)] 406328K->334120K(585728K), 0.0016919 secs] [Times: user=0.01 sys=0.00, real=0.01 secs] 
955.139: [GC (Allocation Failure) [PSYoungGen: 73149K->1408K(72704K)] 405800K->334059K(585216K), 0.0023880 secs] [Times: user=0.01 sys=0.00, real=0.00 secs] 
955.436: [GC (Allocation Failure) [PSYoungGen: 72576K->1408K(72192K)] 405227K->334059K(584704K), 0.0023046 secs] [Times: user=0.01 sys=0.00, real=0.00 secs] 
955.739: [GC (Allocation Failure) [PSYoungGen: 72064K->1376K(71680K)] 404715K->334027K(584192K), 0.0020614 secs] [Times: user=0.01 sys=0.00, real=0.00 secs] 
956.240: [GC (Allocation Failure) [PSYoungGen: 71520K->1408K(71168K)] 404171K->334059K(583680K), 0.0023331 secs] [Times: user=0.01 sys=0.00, real=0.00 secs] 
956.653: [GC (Allocation Failure) [PSYoungGen: 71040K->1424K(70656K)] 403691K->334075K(583168K), 0.0015391 secs] [Times: user=0.01 sys=0.00, real=0.01 secs] 
956.776: [GC (Allocation Failure) [PSYoungGen: 70544K->1565K(70656K)] 403195K->334216K(583168K), 0.0018222 secs] [Times: user=0.01 sys=0.00, real=0.00 secs] 
956.896: [GC (Allocation Failure) [PSYoungGen: 70173K->445K(68608K)] 402824K->334120K(581120K), 0.0016900 secs] [Times: user=0.01 sys=0.00, real=0.00 secs] 
957.461: [GC (Allocation Failure) [PSYoungGen: 68541K->1696K(69632K)] 402216K->335371K(582144K), 0.0026522 secs] [Times: user=0.01 sys=0.00, real=0.00 secs] 
958.386: [GC (Allocation Failure) [PSYoungGen: 69280K->1408K(68608K)] 402955K->335083K(581120K), 0.0028010 secs] [Times: user=0.01 sys=0.00, real=0.00 secs] 
958.917: [GC (Allocation Failure) [PSYoungGen: 68480K->1392K(68096K)] 402155K->335067K(580608K), 0.0025792 secs] [Times: user=0.01 sys=0.00, real=0.00 secs] 
959.547: [GC (Allocation Failure) [PSYoungGen: 67952K->1376K(67584K)] 401627K->335051K(580096K), 0.0022502 secs] [Times: user=0.01 sys=0.00, real=0.00 secs] 
960.345: [GC (Allocation Failure) [PSYoungGen: 67424K->1376K(67072K)] 401099K->335051K(579584K), 0.0025811 secs] [Times: user=0.01 sys=0.00, real=0.00 secs] 
960.628: [GC (Allocation Failure) [PSYoungGen: 66912K->1469K(66560K)] 400587K->335144K(579072K), 0.0016262 secs] [Times: user=0.01 sys=0.00, real=0.00 secs] 
960.742: [GC (Allocation Failure) [PSYoungGen: 66493K->1501K(66048K)] 400168K->335176K(578560K), 0.0018368 secs] [Times: user=0.00 sys=0.00, real=0.00 secs] 
960.855: [GC (Allocation Failure) [PSYoungGen: 66013K->1469K(65536K)] 399688K->335160K(578048K), 0.0015802 secs] [Times: user=0.01 sys=0.00, real=0.00 secs] 
960.968: [GC (Allocation Failure) [PSYoungGen: 65469K->1453K(66560K)] 399160K->335160K(579072K), 0.0018217 secs] [Times: user=0.01 sys=0.00, real=0.00 secs] 
961.561: [GC (Allocation Failure) [PSYoungGen: 65965K->1408K(65536K)] 399672K->335115K(578048K), 0.0022576 secs] [Times: user=0.01 sys=0.00, real=0.00 secs] 
962.119: [GC (Allocation Failure) [PSYoungGen: 65408K->1408K(65024K)] 399115K->335115K(577536K), 0.0025150 secs] [Times: user=0.01 sys=0.00, real=0.00 secs] 
962.721: [GC (Allocation Failure) [PSYoungGen: 64896K->1408K(64512K)] 398603K->335115K(577024K), 0.0023322 secs] [Times: user=0.01 sys=0.00, real=0.00 secs] 
963.270: [GC (Allocation Failure) [PSYoungGen: 64384K->1408K(64000K)] 398091K->335115K(576512K), 0.0022909 secs] [Times: user=0.01 sys=0.00, real=0.00 secs] 
963.686: [GC (Allocation Failure) [PSYoungGen: 63872K->1453K(63488K)] 397579K->335160K(576000K), 0.0021691 secs] [Times: user=0.01 sys=0.00, real=0.00 secs] 
963.860: [GC (Allocation Failure) [PSYoungGen: 63405K->1469K(62976K)] 397112K->335176K(575488K), 0.0021224 secs] [Times: user=0.01 sys=0.00, real=0.00 secs] 
963.973: [GC (Allocation Failure) [PSYoungGen: 62909K->1469K(62464K)] 396616K->335184K(574976K), 0.0017045 secs] [Times: user=0.01 sys=0.00, real=0.01 secs] 
964.096: [GC (Allocation Failure) [PSYoungGen: 62397K->1453K(68096K)] 396112K->335168K(580608K), 0.0019323 secs] [Times: user=0.00 sys=0.00, real=0.00 secs] 
964.758: [GC (Allocation Failure) [PSYoungGen: 67501K->1456K(68096K)] 401216K->335171K(580608K), 0.0043471 secs] [Times: user=0.02 sys=0.00, real=0.00 secs] 
965.769: [GC (Allocation Failure) [PSYoungGen: 67504K->1408K(67072K)] 401219K->335123K(579584K), 0.0033207 secs] [Times: user=0.02 sys=0.00, real=0.00 secs] 
966.330: [GC (Allocation Failure) [PSYoungGen: 66944K->1376K(66560K)] 400659K->335091K(579072K), 0.0027441 secs] [Times: user=0.01 sys=0.00, real=0.00 secs] 
966.780: [GC (Allocation Failure) [PSYoungGen: 66400K->1376K(66048K)] 400115K->335091K(578560K), 0.0035498 secs] [Times: user=0.01 sys=0.00, real=0.00 secs] 
967.073: [GC (Allocation Failure) [PSYoungGen: 65785K->320K(65536K)] 399501K->334035K(578048K), 0.0019587 secs] [Times: user=0.01 sys=0.00, real=0.01 secs] 
967.196: [GC (Allocation Failure) [PSYoungGen: 64320K->1501K(65024K)] 398035K->335216K(577536K), 0.0016475 secs] [Times: user=0.01 sys=0.00, real=0.00 secs] 
967.307: [GC (Allocation Failure) [PSYoungGen: 64989K->1472K(65536K)] 398704K->335187K(578048K), 0.0016332 secs] [Times: user=0.01 sys=0.00, real=0.00 secs] 
967.417: [GC (Allocation Failure) [PSYoungGen: 64960K->1565K(65536K)] 398675K->335288K(578048K), 0.0015552 secs] [Times: user=0.01 sys=0.00, real=0.00 secs] 
967.528: [GC (Allocation Failure) [PSYoungGen: 65053K->1517K(71168K)] 398776K->335240K(583680K), 0.0018708 secs] [Times: user=0.01 sys=0.00, real=0.00 secs] 
968.628: [GC (Allocation Failure) [PSYoungGen: 70637K->1440K(71168K)] 404360K->335163K(583680K), 0.0023900 secs] [Times: user=0.01 sys=0.00, real=0.00 secs] 
969.499: [GC (Allocation Failure) [PSYoungGen: 70560K->1440K(70144K)] 404283K->335163K(582656K), 0.0026741 secs] [Times: user=0.01 sys=0.00, real=0.00 secs] 
970.432: [GC (Allocation Failure) [PSYoungGen: 70048K->1408K(69632K)] 403771K->335131K(582144K), 0.0030208 secs] [Times: user=0.01 sys=0.00, real=0.01 secs] 
971.152: [GC (Allocation Failure) [PSYoungGen: 69504K->1408K(69120K)] 403227K->335131K(581632K), 0.0024676 secs] [Times: user=0.01 sys=0.00, real=0.01 secs] 
971.451: [GC (Allocation Failure) [PSYoungGen: 68992K->1469K(68608K)] 402715K->335192K(581120K), 0.0020279 secs] [Times: user=0.01 sys=0.00, real=0.00 secs] 
971.570: [GC (Allocation Failure) [PSYoungGen: 68541K->1504K(68096K)] 402264K->335227K(580608K), 0.0016476 secs] [Times: user=0.00 sys=0.00, real=0.00 secs] 
971.686: [GC (Allocation Failure) [PSYoungGen: 68064K->1565K(73728K)] 401787K->335312K(586240K), 0.0017678 secs] [Times: user=0.01 sys=0.00, real=0.00 secs] 
971.810: [GC (Allocation Failure) [PSYoungGen: 73245K->1520K(73728K)] 406992K->335267K(586240K), 0.0017220 secs] [Times: user=0.00 sys=0.00, real=0.00 secs] 
972.534: [GC (Allocation Failure) [PSYoungGen: 73712K->1376K(73216K)] 407459K->335123K(585728K), 0.0021348 secs] [Times: user=0.01 sys=0.00, real=0.00 secs] 
973.060: [GC (Allocation Failure) [PSYoungGen: 73056K->1408K(72704K)] 406803K->335155K(585216K), 0.0022188 secs] [Times: user=0.01 sys=0.00, real=0.00 secs] 
973.441: [GC (Allocation Failure) [PSYoungGen: 72576K->1408K(72192K)] 406323K->335163K(584704K), 0.0022860 secs] [Times: user=0.01 sys=0.00, real=0.00 secs] 
974.204: [GC (Allocation Failure) [PSYoungGen: 72064K->1453K(71680K)] 405819K->335208K(584192K), 0.0022634 secs] [Times: user=0.01 sys=0.00, real=0.01 secs] 
974.387: [GC (Allocation Failure) [PSYoungGen: 71597K->1469K(71168K)] 405352K->335224K(583680K), 0.0024215 secs] [Times: user=0.01 sys=0.00, real=0.00 secs] 
974.542: [GC (Allocation Failure) [PSYoungGen: 71101K->1469K(70656K)] 404856K->335224K(583168K), 0.0016245 secs] [Times: user=0.01 sys=0.00, real=0.00 secs] 
974.683: [GC (Allocation Failure) [PSYoungGen: 70589K->1453K(71168K)] 404344K->335208K(583680K), 0.0021821 secs] [Times: user=0.01 sys=0.00, real=0.01 secs] 
975.051: [GC (Allocation Failure) [PSYoungGen: 70573K->1488K(76800K)] 404328K->335259K(589312K), 0.0031810 secs] [Times: user=0.01 sys=0.00, real=0.01 secs] 
975.691: [GC (Allocation Failure) [PSYoungGen: 76240K->1408K(75776K)] 410011K->335187K(588288K), 0.0026262 secs] [Times: user=0.01 sys=0.00, real=0.00 secs] 
976.362: [GC (Allocation Failure) [PSYoungGen: 75648K->1376K(75264K)] 409427K->335163K(587776K), 0.0022721 secs] [Times: user=0.01 sys=0.00, real=0.01 secs] 
976.733: [GC (Allocation Failure) [PSYoungGen: 75104K->1440K(74752K)] 408891K->335227K(587264K), 0.0022592 secs] [Times: user=0.01 sys=0.00, real=0.01 secs] 
977.050: [GC (Allocation Failure) [PSYoungGen: 74656K->1421K(74240K)] 408443K->335208K(586752K), 0.0015727 secs] [Times: user=0.00 sys=0.00, real=0.00 secs] 
977.181: [GC (Allocation Failure) [PSYoungGen: 74125K->1517K(73728K)] 407912K->335304K(586240K), 0.0017417 secs] [Times: user=0.00 sys=0.00, real=0.00 secs] 
977.307: [GC (Allocation Failure) [PSYoungGen: 73709K->1501K(73216K)] 407496K->335288K(585728K), 0.0016844 secs] [Times: user=0.00 sys=0.00, real=0.00 secs] 
977.431: [GC (Allocation Failure) [PSYoungGen: 73181K->1501K(73728K)] 406968K->335296K(586240K), 0.0016348 secs] [Times: user=0.01 sys=0.00, real=0.00 secs] 
979.312: [GC (Allocation Failure) [PSYoungGen: 73181K->1440K(72704K)] 406976K->335235K(585216K), 0.0045902 secs] [Times: user=0.02 sys=0.00, real=0.01 secs] 
980.212: [GC (Allocation Failure) [PSYoungGen: 72608K->1408K(72192K)] 406403K->335203K(584704K), 0.0028833 secs] [Times: user=0.01 sys=0.00, real=0.01 secs] 
980.815: [GC (Allocation Failure) [PSYoungGen: 72064K->1392K(71680K)] 405859K->335187K(584192K), 0.0021510 secs] [Times: user=0.00 sys=0.01, real=0.00 secs] 
981.918: [GC (Allocation Failure) [PSYoungGen: 71359K->288K(70144K)] 405154K->334083K(582656K), 0.0034572 secs] [Times: user=0.01 sys=0.00, real=0.00 secs] 
982.129: [GC (Allocation Failure) [PSYoungGen: 69920K->1488K(70656K)] 403715K->335283K(583168K), 0.0020896 secs] [Times: user=0.01 sys=0.00, real=0.00 secs] 
982.253: [GC (Allocation Failure) [PSYoungGen: 70608K->1501K(70144K)] 404403K->335320K(582656K), 0.0018021 secs] [Times: user=0.00 sys=0.00, real=0.01 secs] 
982.373: [GC (Allocation Failure) [PSYoungGen: 70098K->1485K(75264K)] 403918K->335304K(587776K), 0.0017003 secs] [Times: user=0.01 sys=0.00, real=0.01 secs] 
982.922: [GC (Allocation Failure) [PSYoungGen: 75213K->1440K(74752K)] 409032K->335259K(587264K), 0.0033931 secs] [Times: user=0.01 sys=0.00, real=0.01 secs] 
983.263: [GC (Allocation Failure) [PSYoungGen: 74656K->1408K(74240K)] 408475K->335227K(586752K), 0.0022773 secs] [Times: user=0.01 sys=0.00, real=0.01 secs] 
983.740: [GC (Allocation Failure) [PSYoungGen: 74112K->1408K(73728K)] 407931K->335227K(586240K), 0.0023055 secs] [Times: user=0.01 sys=0.00, real=0.00 secs] 
984.335: [GC (Allocation Failure) [PSYoungGen: 73600K->1440K(73216K)] 407419K->335259K(585728K), 0.0022707 secs] [Times: user=0.01 sys=0.00, real=0.00 secs] 
984.777: [GC (Allocation Failure) [PSYoungGen: 73120K->1485K(72704K)] 406939K->335304K(585216K), 0.0019584 secs] [Times: user=0.01 sys=0.00, real=0.00 secs] 
984.940: [GC (Allocation Failure) [PSYoungGen: 72653K->1533K(72192K)] 406472K->335352K(584704K), 0.0020965 secs] [Times: user=0.00 sys=0.00, real=0.00 secs] 
985.099: [GC (Allocation Failure) [PSYoungGen: 72189K->1501K(71680K)] 406008K->335320K(584192K), 0.0017408 secs] [Times: user=0.01 sys=0.00, real=0.00 secs] 
985.222: [GC (Allocation Failure) [PSYoungGen: 71645K->1501K(72192K)] 405464K->335320K(584704K), 0.0017322 secs] [Times: user=0.00 sys=0.00, real=0.01 secs] 
985.602: [GC (Allocation Failure) [PSYoungGen: 71645K->1488K(71168K)] 405464K->335307K(583680K), 0.0023004 secs] [Times: user=0.01 sys=0.00, real=0.00 secs] 
985.944: [GC (Allocation Failure) [PSYoungGen: 71120K->1376K(70656K)] 404939K->335195K(583168K), 0.0021810 secs] [Times: user=0.01 sys=0.00, real=0.01 secs] 
986.258: [GC (Allocation Failure) [PSYoungGen: 70496K->1408K(70144K)] 404315K->335227K(582656K), 0.0022543 secs] [Times: user=0.01 sys=0.00, real=0.00 secs] 
986.543: [GC (Allocation Failure) [PSYoungGen: 70016K->1408K(69632K)] 403835K->335227K(582144K), 0.0021928 secs] [Times: user=0.01 sys=0.00, real=0.01 secs] 
986.743: [GC (Allocation Failure) [PSYoungGen: 69493K->1469K(69120K)] 403312K->335288K(581632K), 0.0017351 secs] [Times: user=0.01 sys=0.00, real=0.01 secs] 
986.862: [GC (Allocation Failure) [PSYoungGen: 69026K->1533K(68608K)] 402846K->335352K(581120K), 0.0016468 secs] [Times: user=0.01 sys=0.00, real=0.00 secs] 
986.979: [GC (Allocation Failure) [PSYoungGen: 68605K->1533K(69120K)] 402424K->335352K(581632K), 0.0016968 secs] [Times: user=0.01 sys=0.00, real=0.00 secs] 
987.097: [GC (Allocation Failure) [PSYoungGen: 68605K->1485K(74752K)] 402424K->335320K(587264K), 0.0019997 secs] [Times: user=0.00 sys=0.00, real=0.00 secs] 
988.834: [GC (Allocation Failure) [PSYoungGen: 74189K->1440K(74752K)] 408024K->335275K(587264K), 0.0045690 secs] [Times: user=0.02 sys=0.00, real=0.00 secs] 
989.287: [GC (Allocation Failure) [PSYoungGen: 74144K->1408K(73728K)] 407979K->335243K(586240K), 0.0025457 secs] [Times: user=0.01 sys=0.00, real=0.00 secs] 
989.607: [GC (Allocation Failure) [PSYoungGen: 73600K->1440K(73216K)] 407435K->335275K(585728K), 0.0026436 secs] [Times: user=0.01 sys=0.00, real=0.00 secs] 
989.931: [GC (Allocation Failure) [PSYoungGen: 73120K->1453K(72704K)] 406955K->335304K(585216K), 0.0019285 secs] [Times: user=0.01 sys=0.00, real=0.00 secs] 
990.075: [GC (Allocation Failure) [PSYoungGen: 72621K->1533K(72192K)] 406472K->335384K(584704K), 0.0017584 secs] [Times: user=0.01 sys=0.00, real=0.00 secs] 
990.200: [GC (Allocation Failure) [PSYoungGen: 72189K->1472K(77824K)] 406040K->335323K(590336K), 0.0016304 secs] [Times: user=0.01 sys=0.00, real=0.00 secs] 
990.335: [GC (Allocation Failure) [PSYoungGen: 77760K->1501K(78336K)] 411611K->335352K(590848K), 0.0017048 secs] [Times: user=0.00 sys=0.00, real=0.00 secs] 
990.597: [GC (Allocation Failure) [PSYoungGen: 77789K->1424K(84480K)] 411640K->335275K(596992K), 0.0021066 secs] [Times: user=0.01 sys=0.00, real=0.00 secs] 
990.940: [GC (Allocation Failure) [PSYoungGen: 83856K->1360K(83456K)] 417707K->335211K(595968K), 0.0021408 secs] [Times: user=0.01 sys=0.00, real=0.00 secs] 
991.280: [GC (Allocation Failure) [PSYoungGen: 83280K->1408K(82944K)] 417131K->335259K(595456K), 0.0019862 secs] [Times: user=0.01 sys=0.00, real=0.00 secs] 
991.707: [GC (Allocation Failure) [PSYoungGen: 82816K->1437K(82432K)] 416667K->335288K(594944K), 0.0021383 secs] [Times: user=0.01 sys=0.00, real=0.00 secs] 
991.857: [GC (Allocation Failure) [PSYoungGen: 82333K->1469K(81920K)] 416184K->335320K(594432K), 0.0017418 secs] [Times: user=0.00 sys=0.00, real=0.00 secs] 
991.997: [GC (Allocation Failure) [PSYoungGen: 81853K->1485K(81408K)] 415704K->335336K(593920K), 0.0016647 secs] [Times: user=0.00 sys=0.00, real=0.00 secs] 
992.137: [GC (Allocation Failure) [PSYoungGen: 81357K->1469K(81920K)] 415208K->335320K(594432K), 0.0018712 secs] [Times: user=0.00 sys=0.00, real=0.00 secs] 
993.385: [GC (Allocation Failure) [PSYoungGen: 81341K->1440K(80896K)] 415192K->335291K(593408K), 0.0033820 secs] [Times: user=0.01 sys=0.01, real=0.00 secs] 
994.225: [GC (Allocation Failure) [PSYoungGen: 80800K->1440K(80384K)] 414651K->335291K(592896K), 0.0034529 secs] [Times: user=0.01 sys=0.00, real=0.00 secs] 
995.128: [GC (Allocation Failure) [PSYoungGen: 80288K->1376K(79872K)] 414139K->335227K(592384K), 0.0028587 secs] [Times: user=0.01 sys=0.00, real=0.00 secs] 
995.926: [GC (Allocation Failure) [PSYoungGen: 79712K->1501K(79360K)] 413563K->335352K(591872K), 0.0026792 secs] [Times: user=0.01 sys=0.00, real=0.00 secs] 
996.117: [GC (Allocation Failure) [PSYoungGen: 79325K->1501K(78848K)] 413176K->335352K(591360K), 0.0017067 secs] [Times: user=0.01 sys=0.00, real=0.00 secs] 
996.252: [GC (Allocation Failure) [PSYoungGen: 78813K->1469K(78336K)] 412664K->335320K(590848K), 0.0016736 secs] [Times: user=0.01 sys=0.00, real=0.01 secs] 
996.386: [GC (Allocation Failure) [PSYoungGen: 78269K->1517K(77824K)] 412120K->335368K(590336K), 0.0016248 secs] [Times: user=0.01 sys=0.00, real=0.00 secs] 
997.127: [GC (Allocation Failure) [PSYoungGen: 77805K->1408K(77312K)] 411656K->335259K(589824K), 0.0021540 secs] [Times: user=0.01 sys=0.00, real=0.00 secs] 
997.492: [GC (Allocation Failure) [PSYoungGen: 77184K->1376K(76800K)] 411035K->335227K(589312K), 0.0030853 secs] [Times: user=0.01 sys=0.00, real=0.01 secs] 
997.830: [GC (Allocation Failure) [PSYoungGen: 76640K->1408K(76288K)] 410491K->335259K(588800K), 0.0022558 secs] [Times: user=0.00 sys=0.00, real=0.00 secs] 
998.136: [GC (Allocation Failure) [PSYoungGen: 76160K->1437K(75776K)] 410011K->335288K(588288K), 0.0021758 secs] [Times: user=0.01 sys=0.00, real=0.00 secs] 
998.274: [GC (Allocation Failure) [PSYoungGen: 75677K->1485K(75264K)] 409528K->335336K(587776K), 0.0018061 secs] [Times: user=0.01 sys=0.00, real=0.01 secs] 
998.403: [GC (Allocation Failure) [PSYoungGen: 75213K->1549K(75264K)] 409064K->335400K(587776K), 0.0016060 secs] [Times: user=0.01 sys=0.00, real=0.01 secs] 
998.551: [GC (Allocation Failure) [PSYoungGen: 74765K->1501K(75264K)] 408616K->335352K(587776K), 0.0019461 secs] [Times: user=0.00 sys=0.00, real=0.00 secs] 
1000.516: [GC (Allocation Failure) [PSYoungGen: 75229K->1408K(74752K)] 409080K->335259K(587264K), 0.0041179 secs] [Times: user=0.02 sys=0.00, real=0.00 secs] 
1001.611: [GC (Allocation Failure) [PSYoungGen: 74624K->1408K(74240K)] 408475K->335275K(586752K), 0.0033392 secs] [Times: user=0.01 sys=0.00, real=0.01 secs] 
1002.737: [GC (Allocation Failure) [PSYoungGen: 74112K->1376K(73728K)] 407979K->335243K(586240K), 0.0036265 secs] [Times: user=0.01 sys=0.00, real=0.00 secs] 
1003.778: [GC (Allocation Failure) [PSYoungGen: 73568K->1376K(73216K)] 407435K->335259K(585728K), 0.0041098 secs] [Times: user=0.01 sys=0.01, real=0.00 secs] 
1004.187: [GC (Allocation Failure) [PSYoungGen: 73056K->1520K(72704K)] 406939K->335403K(585216K), 0.0022113 secs] [Times: user=0.00 sys=0.00, real=0.00 secs] 
1004.326: [GC (Allocation Failure) [PSYoungGen: 72688K->1533K(72192K)] 406571K->335416K(584704K), 0.0017347 secs] [Times: user=0.01 sys=0.00, real=0.00 secs] 
1004.450: [GC (Allocation Failure) [PSYoungGen: 72189K->1453K(71680K)] 406072K->335336K(584192K), 0.0017488 secs] [Times: user=0.00 sys=0.00, real=0.00 secs] 
1005.055: [GC (Allocation Failure) [PSYoungGen: 71597K->1456K(71168K)] 405480K->335339K(583680K), 0.0026621 secs] [Times: user=0.01 sys=0.00, real=0.00 secs] 
1006.056: [GC (Allocation Failure) [PSYoungGen: 71088K->1408K(70656K)] 404971K->335291K(583168K), 0.0022705 secs] [Times: user=0.00 sys=0.00, real=0.00 secs] 
1006.773: [GC (Allocation Failure) [PSYoungGen: 70528K->1344K(70144K)] 404411K->335227K(582656K), 0.0030002 secs] [Times: user=0.01 sys=0.00, real=0.01 secs] 
1007.375: [GC (Allocation Failure) [PSYoungGen: 69952K->1408K(69632K)] 403835K->335291K(582144K), 0.0029628 secs] [Times: user=0.01 sys=0.00, real=0.00 secs] 
1007.958: [GC (Allocation Failure) [PSYoungGen: 69504K->1421K(69120K)] 403387K->335304K(581632K), 0.0023412 secs] [Times: user=0.01 sys=0.00, real=0.00 secs] 
1008.170: [GC (Allocation Failure) [PSYoungGen: 69005K->1536K(69120K)] 402888K->335419K(581632K), 0.0025221 secs] [Times: user=0.01 sys=0.00, real=0.00 secs] 
1008.356: [GC (Allocation Failure) [PSYoungGen: 68608K->1453K(68096K)] 402491K->335336K(580608K), 0.0023051 secs] [Times: user=0.01 sys=0.00, real=0.00 secs] 
1008.533: [GC (Allocation Failure) [PSYoungGen: 68013K->1469K(67584K)] 401896K->335352K(580096K), 0.0023563 secs] [Times: user=0.01 sys=0.00, real=0.01 secs] 
1008.862: [GC (Allocation Failure) [PSYoungGen: 67517K->1408K(67072K)] 401400K->335291K(579584K), 0.0022768 secs] [Times: user=0.01 sys=0.00, real=0.01 secs] 
1009.733: [GC (Allocation Failure) [PSYoungGen: 66944K->1376K(66560K)] 400827K->335259K(579072K), 0.0047075 secs] [Times: user=0.01 sys=0.00, real=0.01 secs] 
1010.529: [GC (Allocation Failure) [PSYoungGen: 66400K->1408K(66048K)] 400283K->335291K(578560K), 0.0041413 secs] [Times: user=0.02 sys=0.00, real=0.00 secs] 
1011.355: [GC (Allocation Failure) [PSYoungGen: 65920K->1440K(65536K)] 399803K->335323K(578048K), 0.0047155 secs] [Times: user=0.02 sys=0.00, real=0.00 secs] 
1012.202: [GC (Allocation Failure) [PSYoungGen: 65440K->1408K(65024K)] 399323K->335291K(577536K), 0.0032238 secs] [Times: user=0.01 sys=0.00, real=0.01 secs] 
1012.508: [GC (Allocation Failure) [PSYoungGen: 64896K->1501K(64512K)] 398779K->335384K(577024K), 0.0021805 secs] [Times: user=0.01 sys=0.00, real=0.00 secs] 
1012.625: [GC (Allocation Failure) [PSYoungGen: 64477K->1501K(64000K)] 398360K->335408K(576512K), 0.0015289 secs] [Times: user=0.01 sys=0.00, real=0.00 secs] 
1012.736: [GC (Allocation Failure) [PSYoungGen: 63965K->1533K(65024K)] 397872K->335448K(577536K), 0.0017151 secs] [Times: user=0.01 sys=0.00, real=0.00 secs] 
1012.846: [GC (Allocation Failure) [PSYoungGen: 64509K->1485K(69632K)] 398424K->335400K(582144K), 0.0018455 secs] [Times: user=0.01 sys=0.00, real=0.00 secs] 
1013.167: [GC (Allocation Failure) [PSYoungGen: 69069K->1408K(69632K)] 402984K->335323K(582144K), 0.0018959 secs] [Times: user=0.01 sys=0.00, real=0.00 secs] 
1013.506: [GC (Allocation Failure) [PSYoungGen: 68992K->1392K(68608K)] 402907K->335307K(581120K), 0.0021160 secs] [Times: user=0.00 sys=0.00, real=0.00 secs] 
1013.789: [GC (Allocation Failure) [PSYoungGen: 68464K->1376K(68096K)] 402379K->335291K(580608K), 0.0021561 secs] [Times: user=0.01 sys=0.01, real=0.00 secs] 
1014.115: [GC (Allocation Failure) [PSYoungGen: 67936K->1376K(67584K)] 401851K->335291K(580096K), 0.0020873 secs] [Times: user=0.01 sys=0.00, real=0.00 secs] 
1014.333: [GC (Allocation Failure) [PSYoungGen: 67424K->1453K(67072K)] 401339K->335368K(579584K), 0.0022903 secs] [Times: user=0.00 sys=0.00, real=0.01 secs] 
1014.510: [GC (Allocation Failure) [PSYoungGen: 66989K->1469K(66560K)] 400904K->335384K(579072K), 0.0019388 secs] [Times: user=0.01 sys=0.00, real=0.00 secs] 
1014.630: [GC (Allocation Failure) [PSYoungGen: 66493K->1533K(72704K)] 400408K->335456K(585216K), 0.0016544 secs] [Times: user=0.01 sys=0.00, real=0.00 secs] 
1014.754: [GC (Allocation Failure) [PSYoungGen: 72189K->1501K(72704K)] 406112K->335424K(585216K), 0.0016788 secs] [Times: user=0.01 sys=0.00, real=0.01 secs] 
1015.078: [GC (Allocation Failure) [PSYoungGen: 72157K->1408K(72704K)] 406080K->335331K(585216K), 0.0023950 secs] [Times: user=0.01 sys=0.00, real=0.00 secs] 
1015.376: [GC (Allocation Failure) [PSYoungGen: 72064K->1424K(78336K)] 405987K->335347K(590848K), 0.0024639 secs] [Times: user=0.01 sys=0.00, real=0.00 secs] 
1015.708: [GC (Allocation Failure) [PSYoungGen: 77712K->1424K(77312K)] 411635K->335347K(589824K), 0.0024700 secs] [Times: user=0.01 sys=0.00, real=0.00 secs] 
1016.023: [GC (Allocation Failure) [PSYoungGen: 77200K->1408K(76800K)] 411123K->335331K(589312K), 0.0020290 secs] [Times: user=0.01 sys=0.00, real=0.01 secs] 
1016.294: [GC (Allocation Failure) [PSYoungGen: 76672K->1533K(76288K)] 410595K->335456K(588800K), 0.0017400 secs] [Times: user=0.00 sys=0.00, real=0.01 secs] 
1016.427: [GC (Allocation Failure) [PSYoungGen: 76285K->1485K(75776K)] 410208K->335408K(588288K), 0.0017706 secs] [Times: user=0.01 sys=0.00, real=0.00 secs] 
1016.557: [GC (Allocation Failure) [PSYoungGen: 75725K->1501K(76288K)] 409648K->335424K(588800K), 0.0017343 secs] [Times: user=0.01 sys=0.00, real=0.00 secs] 
1016.794: [GC (Allocation Failure) [PSYoungGen: 75741K->1472K(75264K)] 409664K->335403K(587776K), 0.0020618 secs] [Times: user=0.00 sys=0.00, real=0.00 secs] 
1017.124: [GC (Allocation Failure) [PSYoungGen: 75200K->1408K(74752K)] 409131K->335339K(587264K), 0.0024205 secs] [Times: user=0.01 sys=0.00, real=0.01 secs] 
1017.631: [GC (Allocation Failure) [PSYoungGen: 74624K->1344K(74240K)] 408555K->335275K(586752K), 0.0040622 secs] [Times: user=0.02 sys=0.00, real=0.01 secs] 
1018.181: [GC (Allocation Failure) [PSYoungGen: 74048K->1392K(73728K)] 407979K->335323K(586240K), 0.0035089 secs] [Times: user=0.02 sys=0.00, real=0.01 secs] 
1018.586: [GC (Allocation Failure) [PSYoungGen: 73584K->1517K(73216K)] 407515K->335472K(585728K), 0.0024323 secs] [Times: user=0.01 sys=0.00, real=0.00 secs] 
1018.755: [GC (Allocation Failure) [PSYoungGen: 73197K->1469K(72704K)] 407152K->335448K(585216K), 0.0016991 secs] [Times: user=0.01 sys=0.00, real=0.00 secs] 
1018.880: [GC (Allocation Failure) [PSYoungGen: 72637K->1453K(72192K)] 406616K->335432K(584704K), 0.0016996 secs] [Times: user=0.01 sys=0.00, real=0.00 secs] 
1019.070: [GC (Allocation Failure) [PSYoungGen: 72109K->1664K(78336K)] 406088K->335643K(590848K), 0.0021073 secs] [Times: user=0.00 sys=0.00, real=0.00 secs] 
1019.417: [GC (Allocation Failure) [PSYoungGen: 77952K->1408K(77312K)] 411931K->335387K(589824K), 0.0021902 secs] [Times: user=0.01 sys=0.00, real=0.00 secs] 
1019.732: [GC (Allocation Failure) [PSYoungGen: 77184K->1360K(76800K)] 411163K->335339K(589312K), 0.0022795 secs] [Times: user=0.01 sys=0.00, real=0.00 secs] 
1020.324: [GC (Allocation Failure) [PSYoungGen: 76624K->1344K(76288K)] 410603K->335323K(588800K), 0.0020400 secs] [Times: user=0.01 sys=0.00, real=0.01 secs] 
1020.812: [GC (Allocation Failure) [PSYoungGen: 76096K->1437K(75776K)] 410075K->335416K(588288K), 0.0020808 secs] [Times: user=0.01 sys=0.00, real=0.00 secs] 
1020.949: [GC (Allocation Failure) [PSYoungGen: 75677K->1501K(75264K)] 409656K->335480K(587776K), 0.0016517 secs] [Times: user=0.01 sys=0.00, real=0.00 secs] 
1021.077: [GC (Allocation Failure) [PSYoungGen: 75229K->1469K(74752K)] 409208K->335448K(587264K), 0.0016343 secs] [Times: user=0.01 sys=0.00, real=0.00 secs] 
1021.205: [GC (Allocation Failure) [PSYoungGen: 74685K->1533K(75264K)] 408664K->335512K(587776K), 0.0016646 secs] [Times: user=0.00 sys=0.00, real=0.00 secs] 
1021.699: [GC (Allocation Failure) [PSYoungGen: 75261K->1440K(74752K)] 409240K->335427K(587264K), 0.0020844 secs] [Times: user=0.01 sys=0.00, real=0.00 secs] 
1022.003: [GC (Allocation Failure) [PSYoungGen: 74656K->1376K(74240K)] 408643K->335363K(586752K), 0.0020818 secs] [Times: user=0.01 sys=0.00, real=0.01 secs] 
1022.435: [GC (Allocation Failure) [PSYoungGen: 74080K->1392K(73728K)] 408067K->335379K(586240K), 0.0021825 secs] [Times: user=0.01 sys=0.00, real=0.00 secs] 
1023.008: [GC (Allocation Failure) [PSYoungGen: 73584K->1360K(73216K)] 407571K->335347K(585728K), 0.0022651 secs] [Times: user=0.01 sys=0.00, real=0.00 secs] 
1023.207: [GC (Allocation Failure) [PSYoungGen: 73023K->1469K(72704K)] 407011K->335456K(585216K), 0.0024583 secs] [Times: user=0.01 sys=0.00, real=0.00 secs] 
1023.367: [GC (Allocation Failure) [PSYoungGen: 72637K->1472K(72192K)] 406624K->335459K(584704K), 0.0017598 secs] [Times: user=0.01 sys=0.00, real=0.00 secs] 
1023.490: [GC (Allocation Failure) [PSYoungGen: 72128K->1453K(72704K)] 406115K->335440K(585216K), 0.0016859 secs] [Times: user=0.00 sys=0.00, real=0.00 secs] 
1024.243: [GC (Allocation Failure) [PSYoungGen: 72109K->1440K(71680K)] 406096K->335435K(584192K), 0.0031755 secs] [Times: user=0.01 sys=0.00, real=0.01 secs] 
1025.306: [GC (Allocation Failure) [PSYoungGen: 71584K->1408K(71168K)] 405579K->335403K(583680K), 0.0037112 secs] [Times: user=0.01 sys=0.01, real=0.00 secs] 
1025.832: [GC (Allocation Failure) [PSYoungGen: 71040K->1424K(70656K)] 405035K->335419K(583168K), 0.0027977 secs] [Times: user=0.01 sys=0.00, real=0.01 secs] 
1026.351: [GC (Allocation Failure) [PSYoungGen: 70544K->1440K(70144K)] 404539K->335435K(582656K), 0.0029624 secs] [Times: user=0.01 sys=0.00, real=0.00 secs] 
1026.837: [GC (Allocation Failure) [PSYoungGen: 70048K->1437K(69632K)] 404043K->335432K(582144K), 0.0018736 secs] [Times: user=0.01 sys=0.00, real=0.00 secs] 
1026.980: [GC (Allocation Failure) [PSYoungGen: 69533K->1501K(69120K)] 403528K->335496K(581632K), 0.0017201 secs] [Times: user=0.01 sys=0.00, real=0.00 secs] 
1027.100: [GC (Allocation Failure) [PSYoungGen: 69085K->445K(67584K)] 403080K->335464K(580096K), 0.0016795 secs] [Times: user=0.00 sys=0.00, real=0.00 secs] 
1027.236: [GC (Allocation Failure) [PSYoungGen: 67517K->461K(74752K)] 402536K->335480K(587264K), 0.0018291 secs] [Times: user=0.01 sys=0.00, real=0.00 secs] 
1027.650: [GC (Allocation Failure) [PSYoungGen: 73165K->1440K(73728K)] 408184K->336475K(586240K), 0.0024862 secs] [Times: user=0.01 sys=0.00, real=0.00 secs] 
1028.784: [GC (Allocation Failure) [PSYoungGen: 73632K->1408K(73216K)] 408667K->336443K(585728K), 0.0047633 secs] [Times: user=0.02 sys=0.01, real=0.00 secs] 
1029.848: [GC (Allocation Failure) [PSYoungGen: 73088K->1440K(72704K)] 408123K->336475K(585216K), 0.0045895 secs] [Times: user=0.02 sys=0.00, real=0.00 secs] 
1030.924: [GC (Allocation Failure) [PSYoungGen: 72608K->1376K(72192K)] 407643K->336411K(584704K), 0.0048647 secs] [Times: user=0.01 sys=0.00, real=0.01 secs] 
1031.555: [GC (Allocation Failure) [PSYoungGen: 72032K->1501K(71680K)] 407067K->336536K(584192K), 0.0022675 secs] [Times: user=0.01 sys=0.00, real=0.00 secs] 
1031.711: [GC (Allocation Failure) [PSYoungGen: 71645K->1501K(71168K)] 406680K->336536K(583680K), 0.0017082 secs] [Times: user=0.00 sys=0.00, real=0.00 secs] 
1031.832: [GC (Allocation Failure) [PSYoungGen: 71133K->1469K(70656K)] 406168K->336504K(583168K), 0.0015985 secs] [Times: user=0.01 sys=0.00, real=0.00 secs] 
1031.973: [GC (Allocation Failure) [PSYoungGen: 70589K->1485K(71168K)] 405624K->336536K(583680K), 0.0021129 secs] [Times: user=0.01 sys=0.00, real=0.01 secs] 
1033.165: [GC (Allocation Failure) [PSYoungGen: 70605K->1408K(70144K)] 405656K->336483K(582656K), 0.0035517 secs] [Times: user=0.01 sys=0.00, real=0.00 secs] 
1033.713: [GC (Allocation Failure) [PSYoungGen: 70016K->1360K(69632K)] 405091K->336435K(582144K), 0.0029598 secs] [Times: user=0.01 sys=0.00, real=0.01 secs] 
1034.261: [GC (Allocation Failure) [PSYoungGen: 69456K->1440K(69120K)] 404531K->336515K(581632K), 0.0024460 secs] [Times: user=0.01 sys=0.00, real=0.00 secs] 
1034.858: [GC (Allocation Failure) [PSYoungGen: 69024K->1376K(68608K)] 404099K->336459K(581120K), 0.0029004 secs] [Times: user=0.01 sys=0.00, real=0.00 secs] 
1035.215: [GC (Allocation Failure) [PSYoungGen: 68448K->1485K(68096K)] 403531K->336568K(580608K), 0.0019656 secs] [Times: user=0.01 sys=0.00, real=0.00 secs] 
1035.337: [GC (Allocation Failure) [PSYoungGen: 68045K->1517K(67584K)] 403128K->336600K(580096K), 0.0017295 secs] [Times: user=0.01 sys=0.00, real=0.00 secs] 
1035.453: [GC (Allocation Failure) [PSYoungGen: 67565K->1437K(67072K)] 402648K->336520K(579584K), 0.0016655 secs] [Times: user=0.01 sys=0.00, real=0.01 secs] 
1035.568: [GC (Allocation Failure) [PSYoungGen: 66973K->1517K(73216K)] 402056K->336616K(585728K), 0.0015908 secs] [Times: user=0.00 sys=0.00, real=0.00 secs] 
1035.981: [GC (Allocation Failure) [PSYoungGen: 72685K->1424K(72192K)] 407784K->336531K(584704K), 0.0020151 secs] [Times: user=0.01 sys=0.00, real=0.00 secs] 
1036.830: [GC (Allocation Failure) [PSYoungGen: 72080K->1408K(71680K)] 407187K->336515K(584192K), 0.0033564 secs] [Times: user=0.01 sys=0.00, real=0.00 secs] 
1037.824: [GC (Allocation Failure) [PSYoungGen: 71552K->1424K(71168K)] 406659K->336531K(583680K), 0.0047989 secs] [Times: user=0.02 sys=0.00, real=0.01 secs] 
1038.691: [GC (Allocation Failure) [PSYoungGen: 71056K->1408K(70656K)] 406163K->336515K(583168K), 0.0039190 secs] [Times: user=0.02 sys=0.00, real=0.01 secs] 
1039.010: [GC (Allocation Failure) [PSYoungGen: 70528K->1565K(70656K)] 405635K->336672K(583168K), 0.0020489 secs] [Times: user=0.01 sys=0.00, real=0.00 secs] 
1039.137: [GC (Allocation Failure) [PSYoungGen: 70173K->1469K(69632K)] 405280K->336576K(582144K), 0.0017442 secs] [Times: user=0.01 sys=0.00, real=0.00 secs] 
1039.256: [GC (Allocation Failure) [PSYoungGen: 69565K->1501K(69120K)] 404672K->336608K(581632K), 0.0016029 secs] [Times: user=0.01 sys=0.00, real=0.00 secs] 
1039.501: [GC (Allocation Failure) [PSYoungGen: 69085K->1984K(69120K)] 404192K->337099K(581632K), 0.0021870 secs] [Times: user=0.00 sys=0.00, real=0.00 secs] 
1040.246: [GC (Allocation Failure) [PSYoungGen: 69056K->320K(67072K)] 404171K->336459K(579584K), 0.0024434 secs] [Times: user=0.01 sys=0.00, real=0.00 secs] 
1041.136: [GC (Allocation Failure) [PSYoungGen: 66880K->352K(68096K)] 403019K->336491K(580608K), 0.0020076 secs] [Times: user=0.01 sys=0.00, real=0.00 secs] 
1042.030: [GC (Allocation Failure) [PSYoungGen: 66400K->352K(67584K)] 402539K->336507K(580096K), 0.0023434 secs] [Times: user=0.01 sys=0.00, real=0.00 secs] 
1042.777: [GC (Allocation Failure) [PSYoungGen: 65888K->320K(65536K)] 402043K->336475K(578048K), 0.0021814 secs] [Times: user=0.01 sys=0.00, real=0.00 secs] 
1043.023: [GC (Allocation Failure) [PSYoungGen: 65344K->1501K(66560K)] 401499K->337656K(579072K), 0.0016787 secs] [Times: user=0.01 sys=0.01, real=0.01 secs] 
1043.136: [GC (Allocation Failure) [PSYoungGen: 66013K->1501K(65536K)] 402168K->337656K(578048K), 0.0016787 secs] [Times: user=0.00 sys=0.00, real=0.00 secs] 
1043.249: [GC (Allocation Failure) [PSYoungGen: 65501K->1437K(65536K)] 401656K->337592K(578048K), 0.0016170 secs] [Times: user=0.01 sys=0.00, real=0.00 secs] 
1043.360: [GC (Allocation Failure) [PSYoungGen: 64925K->1469K(66048K)] 401080K->337648K(578560K), 0.0016766 secs] [Times: user=0.01 sys=0.00, real=0.00 secs] 
1043.634: [GC (Allocation Failure) [PSYoungGen: 64957K->1408K(64512K)] 401136K->337587K(577024K), 0.0019096 secs] [Times: user=0.00 sys=0.01, real=0.01 secs] 
1043.895: [GC (Allocation Failure) [PSYoungGen: 64384K->1408K(64000K)] 400563K->337587K(576512K), 0.0017692 secs] [Times: user=0.01 sys=0.00, real=0.00 secs] 
1044.154: [GC (Allocation Failure) [PSYoungGen: 63872K->1376K(63488K)] 400051K->337555K(576000K), 0.0017023 secs] [Times: user=0.00 sys=0.00, real=0.01 secs] 
1044.410: [GC (Allocation Failure) [PSYoungGen: 63328K->1392K(62976K)] 399507K->337571K(575488K), 0.0016810 secs] [Times: user=0.01 sys=0.00, real=0.00 secs] 
1044.653: [GC (Allocation Failure) [PSYoungGen: 62832K->1501K(62464K)] 399011K->337688K(574976K), 0.0016251 secs] [Times: user=0.01 sys=0.00, real=0.01 secs] 
1044.760: [GC (Allocation Failure) [PSYoungGen: 62429K->1469K(61952K)] 398616K->337656K(574464K), 0.0017067 secs] [Times: user=0.01 sys=0.00, real=0.00 secs] 
1044.867: [GC (Allocation Failure) [PSYoungGen: 61885K->1517K(65024K)] 398072K->337712K(577536K), 0.0016969 secs] [Times: user=0.00 sys=0.00, real=0.00 secs] 
1044.977: [GC (Allocation Failure) [PSYoungGen: 63981K->1437K(65024K)] 400176K->337632K(577536K), 0.0015946 secs] [Times: user=0.00 sys=0.00, real=0.00 secs] 
1045.909: [GC (Allocation Failure) [PSYoungGen: 63901K->1440K(63488K)] 400096K->337635K(576000K), 0.0027532 secs] [Times: user=0.01 sys=0.00, real=0.00 secs] 
1046.882: [GC (Allocation Failure) [PSYoungGen: 63392K->1376K(62976K)] 399587K->337571K(575488K), 0.0032721 secs] [Times: user=0.01 sys=0.00, real=0.01 secs] 
1047.342: [GC (Allocation Failure) [PSYoungGen: 62816K->1312K(62464K)] 399011K->337507K(574976K), 0.0022971 secs] [Times: user=0.01 sys=0.00, real=0.01 secs] 
1047.766: [GC (Allocation Failure) [PSYoungGen: 62240K->1408K(61952K)] 398435K->337603K(574464K), 0.0024883 secs] [Times: user=0.01 sys=0.00, real=0.00 secs] 
1048.199: [GC (Allocation Failure) [PSYoungGen: 61824K->1360K(61440K)] 398019K->337555K(573952K), 0.0020551 secs] [Times: user=0.01 sys=0.00, real=0.00 secs] 
1048.501: [GC (Allocation Failure) [PSYoungGen: 61264K->1533K(60928K)] 397459K->337728K(573440K), 0.0021670 secs] [Times: user=0.01 sys=0.00, real=0.00 secs] 
1048.609: [GC (Allocation Failure) [PSYoungGen: 60925K->1469K(60928K)] 397120K->337664K(573440K), 0.0015929 secs] [Times: user=0.00 sys=0.00, real=0.00 secs] 
1048.715: [GC (Allocation Failure) [PSYoungGen: 60861K->1469K(66560K)] 397056K->337680K(579072K), 0.0020922 secs] [Times: user=0.01 sys=0.00, real=0.00 secs] 
1048.834: [GC (Allocation Failure) [PSYoungGen: 65981K->1501K(66560K)] 402192K->337712K(579072K), 0.0016539 secs] [Times: user=0.01 sys=0.00, real=0.01 secs] 
1049.297: [GC (Allocation Failure) [PSYoungGen: 66013K->1456K(66560K)] 402224K->337667K(579072K), 0.0021329 secs] [Times: user=0.01 sys=0.01, real=0.00 secs] 
1049.626: [GC (Allocation Failure) [PSYoungGen: 65968K->1408K(65536K)] 402179K->337619K(578048K), 0.0025838 secs] [Times: user=0.01 sys=0.00, real=0.00 secs] 
1050.051: [GC (Allocation Failure) [PSYoungGen: 65408K->1408K(65024K)] 401619K->337651K(577536K), 0.0021317 secs] [Times: user=0.01 sys=0.00, real=0.00 secs] 
1050.340: [GC (Allocation Failure) [PSYoungGen: 64896K->1376K(64512K)] 401139K->337619K(577024K), 0.0021397 secs] [Times: user=0.01 sys=0.00, real=0.00 secs] 
1050.758: [GC (Allocation Failure) [PSYoungGen: 64352K->1376K(64000K)] 400595K->337619K(576512K), 0.0022981 secs] [Times: user=0.01 sys=0.00, real=0.00 secs] 
1050.897: [GC (Allocation Failure) [PSYoungGen: 63840K->1469K(63488K)] 400083K->337712K(576000K), 0.0015566 secs] [Times: user=0.01 sys=0.00, real=0.00 secs] 
1051.007: [GC (Allocation Failure) [PSYoungGen: 63421K->1469K(68608K)] 399664K->337720K(581120K), 0.0017165 secs] [Times: user=0.00 sys=0.00, real=0.00 secs] 
1051.126: [GC (Allocation Failure) [PSYoungGen: 68541K->1504K(69120K)] 404792K->337755K(581632K), 0.0016740 secs] [Times: user=0.00 sys=0.00, real=0.00 secs] 
1051.244: [GC (Allocation Failure) [PSYoungGen: 68576K->1501K(69120K)] 404827K->337752K(581632K), 0.0017146 secs] [Times: user=0.00 sys=0.00, real=0.01 secs] 
1052.150: [GC (Allocation Failure) [PSYoungGen: 68573K->1456K(74240K)] 404824K->337707K(586752K), 0.0034373 secs] [Times: user=0.01 sys=0.00, real=0.00 secs] 
1052.829: [GC (Allocation Failure) [PSYoungGen: 74160K->1344K(73728K)] 410411K->337595K(586240K), 0.0027522 secs] [Times: user=0.01 sys=0.00, real=0.00 secs] 
1053.677: [GC (Allocation Failure) [PSYoungGen: 73536K->1344K(73216K)] 409787K->337595K(585728K), 0.0042191 secs] [Times: user=0.02 sys=0.00, real=0.00 secs] 
1054.308: [GC (Allocation Failure) [PSYoungGen: 73024K->1469K(72704K)] 409275K->337720K(585216K), 0.0028262 secs] [Times: user=0.01 sys=0.00, real=0.00 secs] 
1054.486: [GC (Allocation Failure) [PSYoungGen: 72637K->1533K(72192K)] 408888K->337784K(584704K), 0.0016267 secs] [Times: user=0.01 sys=0.00, real=0.00 secs] 
1054.610: [GC (Allocation Failure) [PSYoungGen: 72189K->1517K(71680K)] 408440K->337768K(584192K), 0.0018200 secs] [Times: user=0.00 sys=0.00, real=0.00 secs] 
1054.732: [GC (Allocation Failure) [PSYoungGen: 71644K->1501K(72192K)] 407896K->337768K(584704K), 0.0016082 secs] [Times: user=0.00 sys=0.00, real=0.00 secs] 
1055.222: [GC (Allocation Failure) [PSYoungGen: 71645K->1440K(71168K)] 407912K->337707K(583680K), 0.0022290 secs] [Times: user=0.01 sys=0.00, real=0.01 secs] 
1055.976: [GC (Allocation Failure) [PSYoungGen: 71072K->1376K(70656K)] 407339K->337643K(583168K), 0.0046006 secs] [Times: user=0.02 sys=0.00, real=0.00 secs] 
1056.568: [GC (Allocation Failure) [PSYoungGen: 70496K->1408K(70144K)] 406763K->337675K(582656K), 0.0029280 secs] [Times: user=0.01 sys=0.00, real=0.00 secs] 
1057.217: [GC (Allocation Failure) [PSYoungGen: 70016K->1408K(69632K)] 406283K->337675K(582144K), 0.0025002 secs] [Times: user=0.01 sys=0.00, real=0.00 secs] 
1057.775: [GC (Allocation Failure) [PSYoungGen: 69504K->1501K(69120K)] 405771K->337768K(581632K), 0.0025834 secs] [Times: user=0.01 sys=0.00, real=0.00 secs] 
1057.926: [GC (Allocation Failure) [PSYoungGen: 69085K->1565K(69120K)] 405352K->337832K(581632K), 0.0015352 secs] [Times: user=0.00 sys=0.00, real=0.00 secs] 
1058.044: [GC (Allocation Failure) [PSYoungGen: 68637K->1533K(68096K)] 404904K->337800K(580608K), 0.0017346 secs] [Times: user=0.01 sys=0.00, real=0.00 secs] 
1058.161: [GC (Allocation Failure) [PSYoungGen: 68093K->1501K(68608K)] 404360K->337768K(581120K), 0.0016768 secs] [Times: user=0.01 sys=0.00, real=0.00 secs] 
1058.686: [GC (Allocation Failure) [PSYoungGen: 68573K->1440K(68096K)] 404840K->337707K(580608K), 0.0035374 secs] [Times: user=0.01 sys=0.00, real=0.00 secs] 
1059.361: [GC (Allocation Failure) [PSYoungGen: 68000K->1376K(67584K)] 404267K->337643K(580096K), 0.0022504 secs] [Times: user=0.01 sys=0.01, real=0.00 secs] 
1059.955: [GC (Allocation Failure) [PSYoungGen: 67424K->1376K(67072K)] 403691K->337643K(579584K), 0.0025046 secs] [Times: user=0.01 sys=0.01, real=0.00 secs] 
1060.517: [GC (Allocation Failure) [PSYoungGen: 66912K->1408K(66560K)] 403179K->337675K(579072K), 0.0022240 secs] [Times: user=0.01 sys=0.00, real=0.00 secs] 
1061.223: [GC (Allocation Failure) [PSYoungGen: 66432K->1469K(66048K)] 402699K->337768K(578560K), 0.0023791 secs] [Times: user=0.01 sys=0.00, real=0.01 secs] 
1061.359: [GC (Allocation Failure) [PSYoungGen: 65981K->1565K(66048K)] 402280K->337864K(578560K), 0.0016210 secs] [Times: user=0.01 sys=0.00, real=0.00 secs] 
1061.471: [GC (Allocation Failure) [PSYoungGen: 65549K->1501K(65024K)] 401849K->337800K(577536K), 0.0018248 secs] [Times: user=0.01 sys=0.00, real=0.00 secs] 
1061.583: [GC (Allocation Failure) [PSYoungGen: 64989K->1469K(65536K)] 401288K->337784K(578048K), 0.0015775 secs] [Times: user=0.01 sys=0.00, real=0.01 secs] 
1062.082: [GC (Allocation Failure) [PSYoungGen: 65469K->1408K(65024K)] 401784K->337723K(577536K), 0.0022198 secs] [Times: user=0.01 sys=0.00, real=0.00 secs] 
1062.628: [GC (Allocation Failure) [PSYoungGen: 64896K->1440K(64512K)] 401211K->337755K(577024K), 0.0022240 secs] [Times: user=0.01 sys=0.00, real=0.00 secs] 
1062.890: [GC (Allocation Failure) [PSYoungGen: 64416K->1408K(64000K)] 400731K->337723K(576512K), 0.0021902 secs] [Times: user=0.01 sys=0.00, real=0.00 secs] 
1063.313: [GC (Allocation Failure) [PSYoungGen: 63872K->1440K(63488K)] 400187K->337763K(576000K), 0.0021693 secs] [Times: user=0.01 sys=0.00, real=0.01 secs] 
1063.832: [GC (Allocation Failure) [PSYoungGen: 63392K->1344K(62976K)] 399715K->337667K(575488K), 0.0026041 secs] [Times: user=0.01 sys=0.00, real=0.01 secs] 
1064.108: [GC (Allocation Failure) [PSYoungGen: 62784K->1533K(62464K)] 399107K->337856K(574976K), 0.0016499 secs] [Times: user=0.01 sys=0.00, real=0.00 secs] 
1064.215: [GC (Allocation Failure) [PSYoungGen: 62461K->1469K(61952K)] 398784K->337792K(574464K), 0.0016189 secs] [Times: user=0.01 sys=0.00, real=0.00 secs] 
1064.322: [GC (Allocation Failure) [PSYoungGen: 61885K->1533K(62464K)] 398208K->337872K(574976K), 0.0015666 secs] [Times: user=0.01 sys=0.00, real=0.00 secs] 
1064.429: [GC (Allocation Failure) [PSYoungGen: 61949K->1533K(62464K)] 398288K->337872K(574976K), 0.0015215 secs] [Times: user=0.01 sys=0.00, real=0.00 secs] 
1065.146: [GC (Allocation Failure) [PSYoungGen: 61949K->1440K(61440K)] 398288K->337787K(573952K), 0.0037179 secs] [Times: user=0.02 sys=0.00, real=0.00 secs] 
1065.871: [GC (Allocation Failure) [PSYoungGen: 61344K->1408K(60928K)] 397691K->337755K(573440K), 0.0030936 secs] [Times: user=0.01 sys=0.00, real=0.01 secs] 
1066.448: [GC (Allocation Failure) [PSYoungGen: 60800K->1408K(60928K)] 397147K->337755K(573440K), 0.0025117 secs] [Times: user=0.01 sys=0.00, real=0.00 secs] 
1066.742: [GC (Allocation Failure) [PSYoungGen: 60800K->1408K(60928K)] 397147K->337755K(573440K), 0.0023663 secs] [Times: user=0.01 sys=0.01, real=0.01 secs] 
1067.503: [GC (Allocation Failure) [PSYoungGen: 60800K->1408K(60928K)] 397147K->337755K(573440K), 0.0023186 secs] [Times: user=0.01 sys=0.00, real=0.01 secs] 
1067.820: [GC (Allocation Failure) [PSYoungGen: 60800K->1501K(60928K)] 397147K->337848K(573440K), 0.0016374 secs] [Times: user=0.01 sys=0.00, real=0.00 secs] 
1067.924: [GC (Allocation Failure) [PSYoungGen: 60893K->1533K(60928K)] 397240K->337888K(573440K), 0.0015880 secs] [Times: user=0.00 sys=0.00, real=0.01 secs] 
1068.043: [GC (Allocation Failure) [PSYoungGen: 60925K->1533K(64000K)] 397280K->337888K(576512K), 0.0021011 secs] [Times: user=0.00 sys=0.00, real=0.01 secs] 
1068.180: [GC (Allocation Failure) [PSYoungGen: 63485K->1485K(66560K)] 399840K->337840K(579072K), 0.0022682 secs] [Times: user=0.01 sys=0.01, real=0.00 secs] 
1068.811: [GC (Allocation Failure) [PSYoungGen: 65997K->1440K(66560K)] 402352K->337795K(579072K), 0.0044987 secs] [Times: user=0.02 sys=0.00, real=0.01 secs] 
1069.357: [GC (Allocation Failure) [PSYoungGen: 65952K->1408K(65536K)] 402307K->337763K(578048K), 0.0029562 secs] [Times: user=0.01 sys=0.00, real=0.00 secs] 
1069.759: [GC (Allocation Failure) [PSYoungGen: 65408K->1376K(65024K)] 401763K->337731K(577536K), 0.0030158 secs] [Times: user=0.01 sys=0.00, real=0.00 secs] 
1070.192: [GC (Allocation Failure) [PSYoungGen: 64864K->1376K(64512K)] 401219K->337731K(577024K), 0.0024479 secs] [Times: user=0.00 sys=0.00, real=0.01 secs] 
1071.062: [GC (Allocation Failure) [PSYoungGen: 64330K->1469K(64000K)] 400686K->337824K(576512K), 0.0035287 secs] [Times: user=0.02 sys=0.00, real=0.01 secs] 
1071.258: [GC (Allocation Failure) [PSYoungGen: 63933K->1469K(63488K)] 400288K->337848K(576000K), 0.0019838 secs] [Times: user=0.01 sys=0.00, real=0.00 secs] 
1071.371: [GC (Allocation Failure) [PSYoungGen: 63421K->1469K(68608K)] 399800K->337880K(581120K), 0.0018648 secs] [Times: user=0.01 sys=0.00, real=0.00 secs] 
1071.488: [GC (Allocation Failure) [PSYoungGen: 68541K->1469K(69120K)] 404952K->337880K(581632K), 0.0017492 secs] [Times: user=0.01 sys=0.00, real=0.00 secs] 
1071.651: [GC (Allocation Failure) [PSYoungGen: 68541K->1600K(69120K)] 404952K->338011K(581632K), 0.0018783 secs] [Times: user=0.01 sys=0.00, real=0.00 secs] 
1072.055: [GC (Allocation Failure) [PSYoungGen: 68672K->1360K(68096K)] 405083K->337771K(580608K), 0.0021587 secs] [Times: user=0.01 sys=0.00, real=0.00 secs] 
1072.604: [GC (Allocation Failure) [PSYoungGen: 67920K->1360K(67584K)] 404331K->337771K(580096K), 0.0024794 secs] [Times: user=0.00 sys=0.00, real=0.00 secs] 
1073.267: [GC (Allocation Failure) [PSYoungGen: 67408K->1408K(67072K)] 403819K->337819K(579584K), 0.0043277 secs] [Times: user=0.02 sys=0.00, real=0.00 secs] 
1074.005: [GC (Allocation Failure) [PSYoungGen: 66944K->1344K(66560K)] 403355K->337755K(579072K), 0.0058745 secs] [Times: user=0.02 sys=0.00, real=0.00 secs] 
1074.405: [GC (Allocation Failure) [PSYoungGen: 66368K->1501K(66048K)] 402779K->337912K(578560K), 0.0022104 secs] [Times: user=0.01 sys=0.00, real=0.00 secs] 
1074.539: [GC (Allocation Failure) [PSYoungGen: 66013K->1469K(65536K)] 402424K->337880K(578048K), 0.0018123 secs] [Times: user=0.00 sys=0.00, real=0.00 secs] 
1074.668: [GC (Allocation Failure) [PSYoungGen: 65469K->1469K(70656K)] 401880K->337896K(583168K), 0.0018793 secs] [Times: user=0.01 sys=0.00, real=0.00 secs] 
1074.830: [GC (Allocation Failure) [PSYoungGen: 70589K->1517K(71680K)] 407016K->337944K(584192K), 0.0020688 secs] [Times: user=0.00 sys=0.00, real=0.00 secs] 
1075.328: [GC (Allocation Failure) [PSYoungGen: 71149K->1376K(70656K)] 407576K->337803K(583168K), 0.0025686 secs] [Times: user=0.01 sys=0.00, real=0.00 secs] 
1075.683: [GC (Allocation Failure) [PSYoungGen: 70496K->1408K(70144K)] 406923K->337835K(582656K), 0.0024715 secs] [Times: user=0.00 sys=0.01, real=0.01 secs] 
1076.034: [GC (Allocation Failure) [PSYoungGen: 70016K->1408K(69632K)] 406443K->337835K(582144K), 0.0021351 secs] [Times: user=0.01 sys=0.00, real=0.01 secs] 
1076.323: [GC (Allocation Failure) [PSYoungGen: 69504K->1344K(69120K)] 405931K->337771K(581632K), 0.0023045 secs] [Times: user=0.01 sys=0.00, real=0.01 secs] 
1076.626: [GC (Allocation Failure) [PSYoungGen: 68928K->1501K(68608K)] 405355K->337928K(581120K), 0.0015192 secs] [Times: user=0.00 sys=0.00, real=0.00 secs] 
1076.762: [GC (Allocation Failure) [PSYoungGen: 68573K->1485K(68096K)] 405000K->337912K(580608K), 0.0021506 secs] [Times: user=0.01 sys=0.00, real=0.00 secs] 
1076.910: [GC (Allocation Failure) [PSYoungGen: 68045K->1469K(67584K)] 404472K->337912K(580096K), 0.0016384 secs] [Times: user=0.01 sys=0.00, real=0.00 secs] 
1077.043: [GC (Allocation Failure) [PSYoungGen: 67517K->1469K(73216K)] 403960K->337912K(585728K), 0.0019020 secs] [Times: user=0.00 sys=0.00, real=0.01 secs] 
1077.982: [GC (Allocation Failure) [PSYoungGen: 72637K->1456K(72192K)] 409080K->337899K(584704K), 0.0027547 secs] [Times: user=0.01 sys=0.00, real=0.01 secs] 
1079.141: [GC (Allocation Failure) [PSYoungGen: 72112K->1344K(71680K)] 408555K->337787K(584192K), 0.0041779 secs] [Times: user=0.02 sys=0.00, real=0.01 secs] 
1079.871: [GC (Allocation Failure) [PSYoungGen: 71488K->1408K(71168K)] 407931K->337851K(583680K), 0.0031763 secs] [Times: user=0.01 sys=0.00, real=0.01 secs] 
1080.607: [GC (Allocation Failure) [PSYoungGen: 71040K->1408K(70656K)] 407483K->337851K(583168K), 0.0034511 secs] [Times: user=0.02 sys=0.00, real=0.00 secs] 
1080.825: [GC (Allocation Failure) [PSYoungGen: 70528K->1501K(70144K)] 406971K->337960K(582656K), 0.0016465 secs] [Times: user=0.01 sys=0.00, real=0.00 secs] 
1080.946: [GC (Allocation Failure) [PSYoungGen: 70109K->1533K(69632K)] 406568K->337992K(582144K), 0.0016121 secs] [Times: user=0.01 sys=0.00, real=0.00 secs] 
1081.064: [GC (Allocation Failure) [PSYoungGen: 69629K->1501K(70144K)] 406088K->337960K(582656K), 0.0017425 secs] [Times: user=0.01 sys=0.00, real=0.00 secs] 
1081.257: [GC (Allocation Failure) [PSYoungGen: 70109K->1456K(70656K)] 406568K->337915K(583168K), 0.0019095 secs] [Times: user=0.00 sys=0.00, real=0.00 secs] 
1081.926: [GC (Allocation Failure) [PSYoungGen: 70064K->1408K(69632K)] 406523K->337867K(582144K), 0.0021966 secs] [Times: user=0.01 sys=0.00, real=0.00 secs] 
1082.784: [GC (Allocation Failure) [PSYoungGen: 69504K->1424K(69120K)] 405963K->337883K(581632K), 0.0027553 secs] [Times: user=0.01 sys=0.00, real=0.01 secs] 
1083.562: [GC (Allocation Failure) [PSYoungGen: 69008K->1376K(68608K)] 405467K->337835K(581120K), 0.0022782 secs] [Times: user=0.01 sys=0.00, real=0.01 secs] 
1084.341: [GC (Allocation Failure) [PSYoungGen: 68448K->1469K(68096K)] 404907K->337928K(580608K), 0.0028767 secs] [Times: user=0.01 sys=0.00, real=0.00 secs] 
1084.514: [GC (Allocation Failure) [PSYoungGen: 68029K->1501K(67584K)] 404488K->337960K(580096K), 0.0015360 secs] [Times: user=0.01 sys=0.00, real=0.01 secs] 
1084.630: [GC (Allocation Failure) [PSYoungGen: 67549K->1485K(67072K)] 404008K->337944K(579584K), 0.0016718 secs] [Times: user=0.00 sys=0.00, real=0.00 secs] 
1084.746: [GC (Allocation Failure) [PSYoungGen: 67021K->1533K(66560K)] 403480K->338016K(579072K), 0.0015073 secs] [Times: user=0.01 sys=0.00, real=0.00 secs] 
1085.042: [GC (Allocation Failure) [PSYoungGen: 66557K->1952K(66560K)] 403040K->338443K(579072K), 0.0021273 secs] [Times: user=0.01 sys=0.00, real=0.00 secs] 
1085.391: [GC (Allocation Failure) [PSYoungGen: 66464K->416K(64512K)] 402955K->337931K(577024K), 0.0022624 secs] [Times: user=0.01 sys=0.00, real=0.00 secs] 
1085.804: [GC (Allocation Failure) [PSYoungGen: 64416K->336K(64000K)] 401931K->337851K(576512K), 0.0021499 secs] [Times: user=0.01 sys=0.00, real=0.01 secs] 
1086.287: [GC (Allocation Failure) [PSYoungGen: 63824K->352K(63488K)] 401339K->337867K(576000K), 0.0022506 secs] [Times: user=0.01 sys=0.00, real=0.00 secs] 
1086.787: [GC (Allocation Failure) [PSYoungGen: 63328K->384K(65024K)] 400843K->337899K(577536K), 0.0021399 secs] [Times: user=0.01 sys=0.01, real=0.00 secs] 
1087.244: [GC (Allocation Failure) [PSYoungGen: 62848K->1485K(63488K)] 400363K->339000K(576000K), 0.0021072 secs] [Times: user=0.00 sys=0.00, real=0.01 secs] 
1087.361: [GC (Allocation Failure) [PSYoungGen: 63437K->1437K(62976K)] 400952K->338952K(575488K), 0.0017986 secs] [Times: user=0.01 sys=0.00, real=0.00 secs] 
1087.469: [GC (Allocation Failure) [PSYoungGen: 62877K->1485K(66560K)] 400392K->339008K(579072K), 0.0017564 secs] [Times: user=0.01 sys=0.00, real=0.00 secs] 
1087.582: [GC (Allocation Failure) [PSYoungGen: 65485K->1469K(66560K)] 403008K->338992K(579072K), 0.0017474 secs] [Times: user=0.01 sys=0.00, real=0.00 secs] 
1088.048: [GC (Allocation Failure) [PSYoungGen: 65469K->1440K(65024K)] 402992K->338963K(577536K), 0.0023421 secs] [Times: user=0.01 sys=0.00, real=0.00 secs] 
1088.592: [GC (Allocation Failure) [PSYoungGen: 64928K->1408K(64512K)] 402451K->338931K(577024K), 0.0026778 secs] [Times: user=0.01 sys=0.00, real=0.01 secs] 
1089.120: [GC (Allocation Failure) [PSYoungGen: 64384K->1408K(64000K)] 401907K->338931K(576512K), 0.0024441 secs] [Times: user=0.01 sys=0.01, real=0.00 secs] 
1089.798: [GC (Allocation Failure) [PSYoungGen: 63872K->1376K(63488K)] 401395K->338923K(576000K), 0.0032109 secs] [Times: user=0.02 sys=0.00, real=0.00 secs] 
1090.346: [GC (Allocation Failure) [PSYoungGen: 63328K->1469K(62976K)] 400875K->339016K(575488K), 0.0040157 secs] [Times: user=0.02 sys=0.00, real=0.00 secs] 
1090.555: [GC (Allocation Failure) [PSYoungGen: 62909K->1488K(62464K)] 400456K->339035K(574976K), 0.0021620 secs] [Times: user=0.00 sys=0.00, real=0.00 secs] 
1090.673: [GC (Allocation Failure) [PSYoungGen: 62416K->1469K(61952K)] 399963K->339032K(574464K), 0.0017111 secs] [Times: user=0.00 sys=0.00, real=0.01 secs] 
1090.780: [GC (Allocation Failure) [PSYoungGen: 61885K->1533K(66048K)] 399448K->339096K(578560K), 0.0015990 secs] [Times: user=0.01 sys=0.00, real=0.00 secs] 
1090.892: [GC (Allocation Failure) [PSYoungGen: 65533K->1501K(67584K)] 403096K->339064K(580096K), 0.0017773 secs] [Times: user=0.01 sys=0.00, real=0.00 secs] 
1091.720: [GC (Allocation Failure) [PSYoungGen: 67037K->1360K(67584K)] 404600K->338923K(580096K), 0.0042826 secs] [Times: user=0.02 sys=0.00, real=0.00 secs] 
1092.231: [GC (Allocation Failure) [PSYoungGen: 66896K->1376K(66560K)] 404459K->338939K(579072K), 0.0023101 secs] [Times: user=0.01 sys=0.01, real=0.00 secs] 
1092.732: [GC (Allocation Failure) [PSYoungGen: 66400K->1376K(66048K)] 403963K->338947K(578560K), 0.0024236 secs] [Times: user=0.01 sys=0.00, real=0.01 secs] 
1093.344: [GC (Allocation Failure) [PSYoungGen: 65888K->1376K(65536K)] 403459K->338947K(578048K), 0.0034359 secs] [Times: user=0.01 sys=0.01, real=0.00 secs] 
1093.762: [GC (Allocation Failure) [PSYoungGen: 65376K->1472K(65024K)] 402947K->339043K(577536K), 0.0025002 secs] [Times: user=0.01 sys=0.00, real=0.01 secs] 
1093.903: [GC (Allocation Failure) [PSYoungGen: 64960K->1533K(64512K)] 402531K->339104K(577024K), 0.0016887 secs] [Times: user=0.00 sys=0.00, real=0.01 secs] 
1094.013: [GC (Allocation Failure) [PSYoungGen: 64509K->1485K(69632K)] 402080K->339072K(582144K), 0.0018268 secs] [Times: user=0.00 sys=0.00, real=0.01 secs] 
1094.133: [GC (Allocation Failure) [PSYoungGen: 69581K->1469K(70144K)] 407168K->339064K(582656K), 0.0016579 secs] [Times: user=0.01 sys=0.00, real=0.01 secs] 
1094.472: [GC (Allocation Failure) [PSYoungGen: 69565K->1472K(70144K)] 407160K->339075K(582656K), 0.0030495 secs] [Times: user=0.02 sys=0.00, real=0.01 secs] 
1094.752: [GC (Allocation Failure) [PSYoungGen: 69568K->1440K(75776K)] 407171K->339051K(588288K), 0.0022249 secs] [Times: user=0.01 sys=0.00, real=0.01 secs] 
1095.102: [GC (Allocation Failure) [PSYoungGen: 75168K->1408K(74752K)] 412779K->339019K(587264K), 0.0022069 secs] [Times: user=0.01 sys=0.01, real=0.01 secs] 
1095.407: [GC (Allocation Failure) [PSYoungGen: 74624K->1344K(74240K)] 412235K->338955K(586752K), 0.0022088 secs] [Times: user=0.01 sys=0.00, real=0.00 secs] 
1095.865: [GC (Allocation Failure) [PSYoungGen: 74048K->1440K(73728K)] 411659K->339051K(586240K), 0.0018201 secs] [Times: user=0.01 sys=0.00, real=0.00 secs] 
1095.993: [GC (Allocation Failure) [PSYoungGen: 73632K->1501K(73216K)] 411243K->339112K(585728K), 0.0017720 secs] [Times: user=0.01 sys=0.00, real=0.01 secs] 
1096.117: [GC (Allocation Failure) [PSYoungGen: 73181K->1533K(73728K)] 410792K->339144K(586240K), 0.0017023 secs] [Times: user=0.00 sys=0.00, real=0.00 secs] 
1096.323: [GC (Allocation Failure) [PSYoungGen: 72955K->1968K(79360K)] 410566K->339579K(591872K), 0.0022163 secs] [Times: user=0.00 sys=0.00, real=0.01 secs] 
1097.107: [GC (Allocation Failure) [PSYoungGen: 79280K->1376K(78336K)] 416891K->338987K(590848K), 0.0020344 secs] [Times: user=0.01 sys=0.00, real=0.00 secs] 
1097.937: [GC (Allocation Failure) [PSYoungGen: 78176K->1376K(77824K)] 415787K->338987K(590336K), 0.0024581 secs] [Times: user=0.01 sys=0.00, real=0.00 secs] 
1098.563: [GC (Allocation Failure) [PSYoungGen: 77664K->1408K(77312K)] 415275K->339019K(589824K), 0.0025737 secs] [Times: user=0.01 sys=0.00, real=0.01 secs] 
1099.155: [GC (Allocation Failure) [PSYoungGen: 77184K->1421K(76800K)] 414795K->339032K(589312K), 0.0021094 secs] [Times: user=0.01 sys=0.00, real=0.00 secs] 
1099.297: [GC (Allocation Failure) [PSYoungGen: 76685K->1501K(76288K)] 414296K->339112K(588800K), 0.0017221 secs] [Times: user=0.01 sys=0.00, real=0.00 secs] 
1099.428: [GC (Allocation Failure) [PSYoungGen: 76253K->1533K(75776K)] 413864K->339144K(588288K), 0.0017069 secs] [Times: user=0.00 sys=0.00, real=0.00 secs] 
1099.560: [GC (Allocation Failure) [PSYoungGen: 75773K->1469K(75264K)] 413384K->339080K(587776K), 0.0017935 secs] [Times: user=0.00 sys=0.00, real=0.00 secs] 
1100.453: [GC (Allocation Failure) [PSYoungGen: 75197K->1440K(74752K)] 412808K->339067K(587264K), 0.0023300 secs] [Times: user=0.01 sys=0.00, real=0.01 secs] 
1101.095: [GC (Allocation Failure) [PSYoungGen: 74656K->1376K(74240K)] 412283K->339003K(586752K), 0.0024363 secs] [Times: user=0.01 sys=0.00, real=0.00 secs] 
1101.837: [GC (Allocation Failure) [PSYoungGen: 74080K->1376K(73728K)] 411707K->339003K(586240K), 0.0028968 secs] [Times: user=0.01 sys=0.00, real=0.00 secs] 
1102.222: [GC (Allocation Failure) [PSYoungGen: 73568K->1501K(73216K)] 411195K->339128K(585728K), 0.0022194 secs] [Times: user=0.01 sys=0.00, real=0.01 secs] 
1102.363: [GC (Allocation Failure) [PSYoungGen: 73181K->1501K(72704K)] 410808K->339128K(585216K), 0.0015851 secs] [Times: user=0.01 sys=0.00, real=0.01 secs] 
1102.488: [GC (Allocation Failure) [PSYoungGen: 72669K->1517K(72192K)] 410296K->339144K(584704K), 0.0017079 secs] [Times: user=0.01 sys=0.00, real=0.00 secs] 
1102.612: [GC (Allocation Failure) [PSYoungGen: 72173K->1469K(72704K)] 409800K->339096K(585216K), 0.0017040 secs] [Times: user=0.00 sys=0.00, real=0.00 secs] 
1103.070: [GC (Allocation Failure) [PSYoungGen: 72125K->1440K(71680K)] 409752K->339067K(584192K), 0.0021017 secs] [Times: user=0.01 sys=0.00, real=0.00 secs] 
1103.699: [GC (Allocation Failure) [PSYoungGen: 71584K->1376K(71168K)] 409211K->339003K(583680K), 0.0043221 secs] [Times: user=0.01 sys=0.00, real=0.00 secs] 
1104.471: [GC (Allocation Failure) [PSYoungGen: 71008K->1408K(70656K)] 408635K->339035K(583168K), 0.0029927 secs] [Times: user=0.01 sys=0.00, real=0.01 secs] 
1105.135: [GC (Allocation Failure) [PSYoungGen: 70528K->1408K(70144K)] 408155K->339035K(582656K), 0.0024683 secs] [Times: user=0.01 sys=0.00, real=0.00 secs] 
1105.615: [GC (Allocation Failure) [PSYoungGen: 70016K->1485K(69632K)] 407643K->339128K(582144K), 0.0022600 secs] [Times: user=0.01 sys=0.00, real=0.00 secs] 
1105.753: [GC (Allocation Failure) [PSYoungGen: 69581K->1485K(69120K)] 407224K->339128K(581632K), 0.0016464 secs] [Times: user=0.01 sys=0.00, real=0.01 secs] 
1105.873: [GC (Allocation Failure) [PSYoungGen: 69069K->1533K(68608K)] 406712K->339176K(581120K), 0.0017797 secs] [Times: user=0.01 sys=0.00, real=0.01 secs] 
1105.990: [GC (Allocation Failure) [PSYoungGen: 68579K->1469K(69120K)] 406222K->339112K(581632K), 0.0016356 secs] [Times: user=0.01 sys=0.00, real=0.00 secs] 
1106.635: [GC (Allocation Failure) [PSYoungGen: 68541K->1440K(68096K)] 406184K->339107K(580608K), 0.0027224 secs] [Times: user=0.01 sys=0.00, real=0.00 secs] 
1107.268: [GC (Allocation Failure) [PSYoungGen: 68000K->1408K(67584K)] 405667K->339075K(580096K), 0.0021009 secs] [Times: user=0.01 sys=0.00, real=0.00 secs] 
1107.885: [GC (Allocation Failure) [PSYoungGen: 67456K->1344K(67072K)] 405123K->339011K(579584K), 0.0022456 secs] [Times: user=0.01 sys=0.00, real=0.00 secs] 
1108.568: [GC (Allocation Failure) [PSYoungGen: 66880K->1376K(66560K)] 404547K->339043K(579072K), 0.0042991 secs] [Times: user=0.02 sys=0.00, real=0.00 secs] 
1109.106: [GC (Allocation Failure) [PSYoungGen: 66400K->1453K(66048K)] 404067K->339120K(578560K), 0.0029007 secs] [Times: user=0.01 sys=0.00, real=0.00 secs] 
1109.274: [GC (Allocation Failure) [PSYoungGen: 65965K->1501K(65536K)] 403632K->339168K(578048K), 0.0017737 secs] [Times: user=0.01 sys=0.00, real=0.01 secs] 
1109.387: [GC (Allocation Failure) [PSYoungGen: 65501K->1501K(65024K)] 403168K->339168K(577536K), 0.0017429 secs] [Times: user=0.01 sys=0.00, real=0.00 secs] 
1109.498: [GC (Allocation Failure) [PSYoungGen: 64989K->1501K(65536K)] 402656K->339176K(578048K), 0.0016021 secs] [Times: user=0.01 sys=0.00, real=0.00 secs] 
1110.286: [GC (Allocation Failure) [PSYoungGen: 64989K->1408K(64512K)] 402664K->339083K(577024K), 0.0034472 secs] [Times: user=0.02 sys=0.00, real=0.00 secs] 
1111.122: [GC (Allocation Failure) [PSYoungGen: 64384K->1376K(64000K)] 402059K->339075K(576512K), 0.0026049 secs] [Times: user=0.01 sys=0.00, real=0.01 secs] 
1111.821: [GC (Allocation Failure) [PSYoungGen: 63840K->1344K(63488K)] 401539K->339043K(576000K), 0.0024992 secs] [Times: user=0.01 sys=0.00, real=0.00 secs] 
1112.514: [GC (Allocation Failure) [PSYoungGen: 63296K->1408K(62976K)] 400995K->339107K(575488K), 0.0024796 secs] [Times: user=0.01 sys=0.00, real=0.01 secs] 
1113.460: [GC (Allocation Failure) [PSYoungGen: 62848K->1424K(62464K)] 400547K->339123K(574976K), 0.0023316 secs] [Times: user=0.01 sys=0.00, real=0.00 secs] 
1113.693: [GC (Allocation Failure) [PSYoungGen: 62352K->1469K(61952K)] 400051K->339168K(574464K), 0.0016656 secs] [Times: user=0.01 sys=0.00, real=0.01 secs] 
1113.815: [GC (Allocation Failure) [PSYoungGen: 61885K->1517K(61440K)] 399584K->339216K(573952K), 0.0019220 secs] [Times: user=0.01 sys=0.00, real=0.00 secs] 
1113.949: [GC (Allocation Failure) [PSYoungGen: 61421K->1485K(61952K)] 399120K->339200K(574464K), 0.0020793 secs] [Times: user=0.01 sys=0.00, real=0.00 secs] 
1114.099: [GC (Allocation Failure) [PSYoungGen: 61389K->1501K(61952K)] 399104K->339216K(574464K), 0.0024766 secs] [Times: user=0.01 sys=0.00, real=0.00 secs] 
1114.507: [GC (Allocation Failure) [PSYoungGen: 61405K->1376K(66560K)] 399120K->339091K(579072K), 0.0025102 secs] [Times: user=0.01 sys=0.00, real=0.00 secs] 
1115.166: [GC (Allocation Failure) [PSYoungGen: 66400K->1376K(66048K)] 404115K->339091K(578560K), 0.0021826 secs] [Times: user=0.01 sys=0.00, real=0.00 secs] 
1115.782: [GC (Allocation Failure) [PSYoungGen: 65888K->1376K(65536K)] 403603K->339091K(578048K), 0.0025787 secs] [Times: user=0.01 sys=0.01, real=0.01 secs] 
1116.409: [GC (Allocation Failure) [PSYoungGen: 65376K->1344K(65024K)] 403091K->339059K(577536K), 0.0027580 secs] [Times: user=0.01 sys=0.00, real=0.00 secs] 
1117.345: [GC (Allocation Failure) [PSYoungGen: 64832K->1453K(64512K)] 402547K->339168K(577024K), 0.0031458 secs] [Times: user=0.01 sys=0.00, real=0.00 secs] 
1117.530: [GC (Allocation Failure) [PSYoungGen: 64429K->1533K(64000K)] 402144K->339248K(576512K), 0.0020286 secs] [Times: user=0.01 sys=0.00, real=0.00 secs] 
1117.641: [GC (Allocation Failure) [PSYoungGen: 63997K->1469K(63488K)] 401712K->339200K(576000K), 0.0016466 secs] [Times: user=0.01 sys=0.00, real=0.00 secs] 
1117.750: [GC (Allocation Failure) [PSYoungGen: 63421K->1533K(64000K)] 401152K->339264K(576512K), 0.0017218 secs] [Times: user=0.01 sys=0.00, real=0.00 secs] 
1117.858: [GC (Allocation Failure) [PSYoungGen: 63483K->1485K(69120K)] 401214K->339216K(581632K), 0.0019499 secs] [Times: user=0.01 sys=0.00, real=0.00 secs] 
1118.201: [GC (Allocation Failure) [PSYoungGen: 68557K->1408K(69120K)] 406288K->339139K(581632K), 0.0018308 secs] [Times: user=0.00 sys=0.00, real=0.00 secs] 
1118.480: [GC (Allocation Failure) [PSYoungGen: 68480K->1376K(74752K)] 406211K->339107K(587264K), 0.0021381 secs] [Times: user=0.01 sys=0.00, real=0.00 secs] 
1118.922: [GC (Allocation Failure) [PSYoungGen: 74080K->1408K(73728K)] 411811K->339139K(586240K), 0.0020475 secs] [Times: user=0.01 sys=0.00, real=0.00 secs] 
1119.245: [GC (Allocation Failure) [PSYoungGen: 73600K->1376K(73216K)] 411331K->339107K(585728K), 0.0022239 secs] [Times: user=0.01 sys=0.00, real=0.00 secs] 
1119.556: [GC (Allocation Failure) [PSYoungGen: 73056K->1533K(72704K)] 410787K->339264K(585216K), 0.0018347 secs] [Times: user=0.01 sys=0.00, real=0.00 secs] 
1119.681: [GC (Allocation Failure) [PSYoungGen: 72701K->1469K(72192K)] 410432K->339200K(584704K), 0.0018515 secs] [Times: user=0.00 sys=0.00, real=0.00 secs] 
1119.806: [GC (Allocation Failure) [PSYoungGen: 72125K->1501K(72704K)] 409856K->339264K(585216K), 0.0016894 secs] [Times: user=0.01 sys=0.00, real=0.00 secs] 
1120.724: [GC (Allocation Failure) [PSYoungGen: 72157K->1456K(71680K)] 409920K->339219K(584192K), 0.0050505 secs] [Times: user=0.02 sys=0.01, real=0.01 secs] 
1123.040: [GC (Allocation Failure) [PSYoungGen: 71600K->1376K(71168K)] 409363K->339139K(583680K), 0.0047206 secs] [Times: user=0.02 sys=0.00, real=0.01 secs] 
1124.113: [GC (Allocation Failure) [PSYoungGen: 71008K->1408K(70656K)] 408771K->339171K(583168K), 0.0031793 secs] [Times: user=0.02 sys=0.00, real=0.01 secs] 
1124.711: [GC (Allocation Failure) [PSYoungGen: 70528K->1376K(70144K)] 408291K->339139K(582656K), 0.0028764 secs] [Times: user=0.01 sys=0.00, real=0.01 secs] 
1125.189: [GC (Allocation Failure) [PSYoungGen: 69984K->1488K(69632K)] 407747K->339251K(582144K), 0.0025084 secs] [Times: user=0.01 sys=0.00, real=0.00 secs] 
1125.343: [GC (Allocation Failure) [PSYoungGen: 69584K->1421K(69120K)] 407347K->339184K(581632K), 0.0018199 secs] [Times: user=0.01 sys=0.00, real=0.01 secs] 
1125.461: [GC (Allocation Failure) [PSYoungGen: 69005K->1533K(68608K)] 406768K->339296K(581120K), 0.0018072 secs] [Times: user=0.01 sys=0.00, real=0.00 secs] 
1125.579: [GC (Allocation Failure) [PSYoungGen: 68605K->1533K(74752K)] 406368K->339296K(587264K), 0.0016233 secs] [Times: user=0.01 sys=0.00, real=0.00 secs] 
1126.283: [GC (Allocation Failure) [PSYoungGen: 74237K->1408K(73728K)] 412000K->339171K(586240K), 0.0026336 secs] [Times: user=0.00 sys=0.00, real=0.01 secs] 
1127.265: [GC (Allocation Failure) [PSYoungGen: 73600K->1376K(73216K)] 411363K->339139K(585728K), 0.0042127 secs] [Times: user=0.01 sys=0.00, real=0.00 secs] 
1127.939: [GC (Allocation Failure) [PSYoungGen: 73056K->1408K(72704K)] 410819K->339171K(585216K), 0.0033924 secs] [Times: user=0.01 sys=0.00, real=0.00 secs] 
1128.492: [GC (Allocation Failure) [PSYoungGen: 72576K->1408K(72192K)] 410339K->339171K(584704K), 0.0024109 secs] [Times: user=0.01 sys=0.00, real=0.01 secs] 
1128.861: [GC (Allocation Failure) [PSYoungGen: 72064K->1501K(71680K)] 409827K->339264K(584192K), 0.0017252 secs] [Times: user=0.01 sys=0.00, real=0.00 secs] 
1128.983: [GC (Allocation Failure) [PSYoungGen: 71645K->1533K(71168K)] 409408K->339296K(583680K), 0.0017180 secs] [Times: user=0.01 sys=0.00, real=0.01 secs] 
1129.105: [GC (Allocation Failure) [PSYoungGen: 71165K->1501K(70656K)] 408928K->339264K(583168K), 0.0017151 secs] [Times: user=0.01 sys=0.00, real=0.00 secs] 
1129.227: [GC (Allocation Failure) [PSYoungGen: 70621K->1469K(71168K)] 408384K->339256K(583680K), 0.0016879 secs] [Times: user=0.01 sys=0.00, real=0.00 secs] 
1129.761: [GC (Allocation Failure) [PSYoungGen: 70589K->1456K(70144K)] 408376K->339243K(582656K), 0.0022847 secs] [Times: user=0.00 sys=0.00, real=0.00 secs] 
1130.463: [GC (Allocation Failure) [PSYoungGen: 70064K->1360K(69632K)] 407851K->339147K(582144K), 0.0026934 secs] [Times: user=0.00 sys=0.01, real=0.01 secs] 
1131.140: [GC (Allocation Failure) [PSYoungGen: 69456K->1424K(69120K)] 407243K->339227K(581632K), 0.0023634 secs] [Times: user=0.01 sys=0.00, real=0.00 secs] 
1131.968: [GC (Allocation Failure) [PSYoungGen: 69008K->1408K(68608K)] 406811K->339211K(581120K), 0.0029703 secs] [Times: user=0.01 sys=0.00, real=0.00 secs] 
1132.322: [GC (Allocation Failure) [PSYoungGen: 68480K->1501K(68096K)] 406283K->339304K(580608K), 0.0019892 secs] [Times: user=0.01 sys=0.00, real=0.00 secs] 
1132.447: [GC (Allocation Failure) [PSYoungGen: 68061K->1469K(67584K)] 405864K->339272K(580096K), 0.0015728 secs] [Times: user=0.00 sys=0.00, real=0.00 secs] 
1132.563: [GC (Allocation Failure) [PSYoungGen: 67517K->1453K(67072K)] 405320K->339256K(579584K), 0.0015988 secs] [Times: user=0.01 sys=0.00, real=0.01 secs] 
1132.678: [GC (Allocation Failure) [PSYoungGen: 66989K->1533K(73216K)] 404792K->339352K(585728K), 0.0015107 secs] [Times: user=0.01 sys=0.00, real=0.00 secs] 
1132.965: [GC (Allocation Failure) [PSYoungGen: 72701K->1472K(72192K)] 410520K->339291K(584704K), 0.0016958 secs] [Times: user=0.01 sys=0.00, real=0.00 secs] 
1133.258: [GC (Allocation Failure) [PSYoungGen: 72128K->1376K(71680K)] 409947K->339195K(584192K), 0.0017257 secs] [Times: user=0.01 sys=0.00, real=0.00 secs] 
1133.549: [GC (Allocation Failure) [PSYoungGen: 71520K->1376K(71168K)] 409339K->339195K(583680K), 0.0017627 secs] [Times: user=0.01 sys=0.00, real=0.00 secs] 
1133.837: [GC (Allocation Failure) [PSYoungGen: 71008K->1376K(70656K)] 408827K->339203K(583168K), 0.0022670 secs] [Times: user=0.01 sys=0.00, real=0.00 secs] 
1134.017: [GC (Allocation Failure) [PSYoungGen: 70496K->1501K(70144K)] 408323K->339328K(582656K), 0.0017124 secs] [Times: user=0.01 sys=0.00, real=0.00 secs] 
1134.137: [GC (Allocation Failure) [PSYoungGen: 70109K->1517K(69632K)] 407936K->339344K(582144K), 0.0017656 secs] [Times: user=0.00 sys=0.01, real=0.00 secs] 
1134.256: [GC (Allocation Failure) [PSYoungGen: 69613K->1533K(70144K)] 407440K->339360K(582656K), 0.0016932 secs] [Times: user=0.00 sys=0.00, real=0.00 secs] 
1134.410: [GC (Allocation Failure) [PSYoungGen: 69629K->1744K(70144K)] 407456K->339571K(582656K), 0.0019271 secs] [Times: user=0.00 sys=0.00, real=0.00 secs] 
1134.690: [GC (Allocation Failure) [PSYoungGen: 69840K->1440K(75264K)] 407667K->339267K(587776K), 0.0017894 secs] [Times: user=0.01 sys=0.00, real=0.00 secs] 
1134.996: [GC (Allocation Failure) [PSYoungGen: 75168K->1424K(74752K)] 412995K->339251K(587264K), 0.0021102 secs] [Times: user=0.01 sys=0.00, real=0.00 secs] 
1135.300: [GC (Allocation Failure) [PSYoungGen: 74640K->1408K(74240K)] 412467K->339235K(586752K), 0.0020135 secs] [Times: user=0.00 sys=0.00, real=0.00 secs] 
1135.610: [GC (Allocation Failure) [PSYoungGen: 74112K->1485K(73728K)] 411939K->339312K(586240K), 0.0022719 secs] [Times: user=0.01 sys=0.00, real=0.00 secs] 
1135.807: [GC (Allocation Failure) [PSYoungGen: 73677K->1501K(73216K)] 411504K->339328K(585728K), 0.0025911 secs] [Times: user=0.01 sys=0.01, real=0.00 secs] 
1135.952: [GC (Allocation Failure) [PSYoungGen: 73181K->1501K(73728K)] 411008K->339328K(586240K), 0.0016537 secs] [Times: user=0.01 sys=0.00, real=0.00 secs] 
1136.078: [GC (Allocation Failure) [PSYoungGen: 73181K->1517K(79360K)] 411008K->339344K(591872K), 0.0019971 secs] [Times: user=0.01 sys=0.00, real=0.00 secs] 
1136.915: [GC (Allocation Failure) [PSYoungGen: 78829K->1440K(78336K)] 416656K->339267K(590848K), 0.0029460 secs] [Times: user=0.02 sys=0.00, real=0.00 secs] 
1138.397: [GC (Allocation Failure) [PSYoungGen: 78240K->1408K(77824K)] 416067K->339235K(590336K), 0.0032684 secs] [Times: user=0.02 sys=0.00, real=0.00 secs] 
1139.669: [GC (Allocation Failure) [PSYoungGen: 77696K->1376K(77312K)] 415523K->339203K(589824K), 0.0030672 secs] [Times: user=0.01 sys=0.00, real=0.00 secs] 
1140.497: [GC (Allocation Failure) [PSYoungGen: 77152K->1344K(76800K)] 414979K->339171K(589312K), 0.0026316 secs] [Times: user=0.01 sys=0.01, real=0.00 secs] 
1140.769: [GC (Allocation Failure) [PSYoungGen: 76601K->1533K(76288K)] 414429K->339360K(588800K), 0.0017475 secs] [Times: user=0.01 sys=0.00, real=0.00 secs] 
1140.900: [GC (Allocation Failure) [PSYoungGen: 76285K->1501K(75776K)] 414112K->339328K(588288K), 0.0016762 secs] [Times: user=0.01 sys=0.00, real=0.00 secs] 
1141.035: [GC (Allocation Failure) [PSYoungGen: 75741K->1501K(75264K)] 413568K->339328K(587776K), 0.0017228 secs] [Times: user=0.01 sys=0.00, real=0.00 secs] 
1141.283: [GC (Allocation Failure) [PSYoungGen: 75229K->1440K(74752K)] 413056K->339267K(587264K), 0.0021195 secs] [Times: user=0.01 sys=0.00, real=0.01 secs] 
1141.587: [GC (Allocation Failure) [PSYoungGen: 74656K->1440K(74240K)] 412483K->339291K(586752K), 0.0019948 secs] [Times: user=0.01 sys=0.00, real=0.00 secs] 
1141.891: [GC (Allocation Failure) [PSYoungGen: 74144K->1376K(73728K)] 411995K->339227K(586240K), 0.0019250 secs] [Times: user=0.01 sys=0.00, real=0.00 secs] 
1142.190: [GC (Allocation Failure) [PSYoungGen: 73568K->1408K(73216K)] 411419K->339259K(585728K), 0.0018113 secs] [Times: user=0.01 sys=0.00, real=0.00 secs] 
1142.517: [GC (Allocation Failure) [PSYoungGen: 73088K->1456K(72704K)] 410939K->339307K(585216K), 0.0018050 secs] [Times: user=0.00 sys=0.00, real=0.00 secs] 
1142.641: [GC (Allocation Failure) [PSYoungGen: 72624K->1533K(72192K)] 410475K->339384K(584704K), 0.0017201 secs] [Times: user=0.01 sys=0.00, real=0.00 secs] 
1142.766: [GC (Allocation Failure) [PSYoungGen: 72189K->1549K(72192K)] 410040K->339400K(584704K), 0.0016368 secs] [Times: user=0.00 sys=0.00, real=0.00 secs] 
1142.888: [GC (Allocation Failure) [PSYoungGen: 71693K->1501K(72704K)] 409544K->339352K(585216K), 0.0018385 secs] [Times: user=0.01 sys=0.00, real=0.00 secs] 
1143.215: [GC (Allocation Failure) [PSYoungGen: 72157K->1392K(71680K)] 410008K->339243K(584192K), 0.0021353 secs] [Times: user=0.01 sys=0.00, real=0.00 secs] 
1143.636: [GC (Allocation Failure) [PSYoungGen: 71536K->1376K(71168K)] 409387K->339227K(583680K), 0.0022596 secs] [Times: user=0.01 sys=0.00, real=0.00 secs] 
1144.187: [GC (Allocation Failure) [PSYoungGen: 71008K->1376K(70656K)] 408859K->339227K(583168K), 0.0040326 secs] [Times: user=0.02 sys=0.00, real=0.00 secs] 
1144.779: [GC (Allocation Failure) [PSYoungGen: 70496K->1392K(70144K)] 408347K->339243K(582656K), 0.0034629 secs] [Times: user=0.01 sys=0.00, real=0.00 secs] 
1145.086: [GC (Allocation Failure) [PSYoungGen: 70000K->1453K(69632K)] 407851K->339304K(582144K), 0.0020188 secs] [Times: user=0.00 sys=0.00, real=0.00 secs] 
1145.208: [GC (Allocation Failure) [PSYoungGen: 69549K->1501K(69120K)] 407400K->339352K(581632K), 0.0017171 secs] [Times: user=0.01 sys=0.00, real=0.00 secs] 
1145.345: [GC (Allocation Failure) [PSYoungGen: 69085K->1485K(74752K)] 406936K->339336K(587264K), 0.0019979 secs] [Times: user=0.01 sys=0.00, real=0.00 secs] 
1145.694: [GC (Allocation Failure) [PSYoungGen: 74701K->1408K(74240K)] 412552K->339267K(586752K), 0.0020178 secs] [Times: user=0.01 sys=0.00, real=0.00 secs] 
1146.337: [GC (Allocation Failure) [PSYoungGen: 74112K->1344K(73728K)] 411971K->339203K(586240K), 0.0042943 secs] [Times: user=0.02 sys=0.00, real=0.00 secs] 
1146.921: [GC (Allocation Failure) [PSYoungGen: 73536K->1408K(73216K)] 411395K->339267K(585728K), 0.0034484 secs] [Times: user=0.01 sys=0.00, real=0.01 secs] 
1147.509: [GC (Allocation Failure) [PSYoungGen: 73088K->1408K(72704K)] 410947K->339267K(585216K), 0.0027481 secs] [Times: user=0.02 sys=0.00, real=0.00 secs] 
1147.971: [GC (Allocation Failure) [PSYoungGen: 72576K->1421K(72192K)] 410435K->339280K(584704K), 0.0026289 secs] [Times: user=0.02 sys=0.00, real=0.00 secs] 
1148.122: [GC (Allocation Failure) [PSYoungGen: 72077K->1469K(71680K)] 409936K->339328K(584192K), 0.0016791 secs] [Times: user=0.00 sys=0.00, real=0.00 secs] 
1148.243: [GC (Allocation Failure) [PSYoungGen: 71611K->1440K(71168K)] 409471K->339299K(583680K), 0.0016879 secs] [Times: user=0.01 sys=0.00, real=0.01 secs] 
1148.366: [GC (Allocation Failure) [PSYoungGen: 71072K->1533K(71680K)] 408931K->339392K(584192K), 0.0015569 secs] [Times: user=0.01 sys=0.00, real=0.00 secs] 
1149.099: [GC (Allocation Failure) [PSYoungGen: 71165K->1376K(70656K)] 409024K->339235K(583168K), 0.0027216 secs] [Times: user=0.01 sys=0.00, real=0.00 secs] 
1150.187: [GC (Allocation Failure) [PSYoungGen: 70496K->1376K(70144K)] 408355K->339235K(582656K), 0.0035778 secs] [Times: user=0.02 sys=0.01, real=0.00 secs] 
1151.311: [GC (Allocation Failure) [PSYoungGen: 69984K->1344K(69632K)] 407843K->339203K(582144K), 0.0032826 secs] [Times: user=0.01 sys=0.00, real=0.01 secs] 
1152.219: [GC (Allocation Failure) [PSYoungGen: 69440K->1344K(69120K)] 407299K->339235K(581632K), 0.0033257 secs] [Times: user=0.01 sys=0.00, real=0.00 secs] 
1152.636: [GC (Allocation Failure) [PSYoungGen: 68928K->1437K(68608K)] 406819K->339328K(581120K), 0.0020020 secs] [Times: user=0.01 sys=0.00, real=0.00 secs] 
1152.773: [GC (Allocation Failure) [PSYoungGen: 68509K->1485K(68096K)] 406400K->339376K(580608K), 0.0016878 secs] [Times: user=0.01 sys=0.00, real=0.01 secs] 
1152.890: [GC (Allocation Failure) [PSYoungGen: 68045K->1504K(67584K)] 405936K->339395K(580096K), 0.0017238 secs] [Times: user=0.00 sys=0.00, real=0.00 secs] 
1153.006: [GC (Allocation Failure) [PSYoungGen: 67552K->1472K(68096K)] 405443K->339379K(580608K), 0.0017152 secs] [Times: user=0.01 sys=0.00, real=0.00 secs] 
1153.471: [GC (Allocation Failure) [PSYoungGen: 67520K->1392K(67072K)] 405427K->339299K(579584K), 0.0026026 secs] [Times: user=0.01 sys=0.00, real=0.00 secs] 
1153.796: [GC (Allocation Failure) [PSYoungGen: 66928K->1376K(66560K)] 404835K->339283K(579072K), 0.0021464 secs] [Times: user=0.01 sys=0.00, real=0.00 secs] 
1154.074: [GC (Allocation Failure) [PSYoungGen: 66400K->1408K(66048K)] 404307K->339315K(578560K), 0.0023053 secs] [Times: user=0.01 sys=0.00, real=0.01 secs] 
1154.342: [GC (Allocation Failure) [PSYoungGen: 65920K->1408K(65536K)] 403827K->339315K(578048K), 0.0022362 secs] [Times: user=0.01 sys=0.00, real=0.01 secs] 
1154.629: [GC (Allocation Failure) [PSYoungGen: 65408K->1517K(65024K)] 403315K->339424K(577536K), 0.0016613 secs] [Times: user=0.00 sys=0.00, real=0.00 secs] 
1154.741: [GC (Allocation Failure) [PSYoungGen: 65005K->1469K(64512K)] 402912K->339376K(577024K), 0.0017156 secs] [Times: user=0.01 sys=0.00, real=0.00 secs] 
1154.850: [GC (Allocation Failure) [PSYoungGen: 64445K->1533K(65024K)] 402352K->339440K(577536K), 0.0016471 secs] [Times: user=0.01 sys=0.00, real=0.00 secs] 
1154.962: [GC (Allocation Failure) [PSYoungGen: 64509K->1485K(70656K)] 402416K->339408K(583168K), 0.0018994 secs] [Times: user=0.00 sys=0.01, real=0.00 secs] 
1155.472: [GC (Allocation Failure) [PSYoungGen: 70093K->1440K(70656K)] 408016K->339363K(583168K), 0.0026326 secs] [Times: user=0.01 sys=0.00, real=0.01 secs] 
1156.386: [GC (Allocation Failure) [PSYoungGen: 70048K->1408K(69632K)] 407971K->339331K(582144K), 0.0052397 secs] [Times: user=0.02 sys=0.00, real=0.00 secs] 
1157.763: [GC (Allocation Failure) [PSYoungGen: 69504K->1440K(69120K)] 407427K->339363K(581632K), 0.0044983 secs] [Times: user=0.01 sys=0.01, real=0.01 secs] 
1159.048: [GC (Allocation Failure) [PSYoungGen: 69024K->1376K(68608K)] 406947K->339299K(581120K), 0.0045707 secs] [Times: user=0.02 sys=0.00, real=0.00 secs] 
1159.854: [GC (Allocation Failure) [PSYoungGen: 68448K->1533K(68096K)] 406371K->339456K(580608K), 0.0027672 secs] [Times: user=0.02 sys=0.00, real=0.01 secs] 
1160.031: [GC (Allocation Failure) [PSYoungGen: 68093K->1533K(67584K)] 406016K->339456K(580096K), 0.0016399 secs] [Times: user=0.00 sys=0.00, real=0.00 secs] 
1160.147: [GC (Allocation Failure) [PSYoungGen: 67581K->1469K(67072K)] 405504K->339392K(579584K), 0.0018603 secs] [Times: user=0.01 sys=0.00, real=0.00 secs] 
1160.263: [GC (Allocation Failure) [PSYoungGen: 67005K->1472K(72704K)] 404928K->339427K(585216K), 0.0017488 secs] [Times: user=0.00 sys=0.00, real=0.01 secs] 
1160.476: [GC (Allocation Failure) [PSYoungGen: 72640K->1440K(73216K)] 410595K->339395K(585728K), 0.0019484 secs] [Times: user=0.01 sys=0.00, real=0.00 secs] 
1160.827: [GC (Allocation Failure) [PSYoungGen: 72608K->1376K(72192K)] 410563K->339331K(584704K), 0.0021457 secs] [Times: user=0.01 sys=0.00, real=0.00 secs] 
1161.129: [GC (Allocation Failure) [PSYoungGen: 72032K->1408K(71680K)] 409987K->339363K(584192K), 0.0023090 secs] [Times: user=0.01 sys=0.00, real=0.00 secs] 
1161.445: [GC (Allocation Failure) [PSYoungGen: 71552K->1440K(71168K)] 409507K->339411K(583680K), 0.0019005 secs] [Times: user=0.01 sys=0.00, real=0.00 secs] 
1161.705: [GC (Allocation Failure) [PSYoungGen: 71072K->1469K(70656K)] 409043K->339440K(583168K), 0.0016414 secs] [Times: user=0.00 sys=0.00, real=0.00 secs] 
1161.827: [GC (Allocation Failure) [PSYoungGen: 70589K->1533K(70144K)] 408560K->339504K(582656K), 0.0015942 secs] [Times: user=0.01 sys=0.00, real=0.00 secs] 
1161.948: [GC (Allocation Failure) [PSYoungGen: 70141K->1533K(76288K)] 408112K->339504K(588800K), 0.0017104 secs] [Times: user=0.01 sys=0.00, real=0.00 secs] 
1162.077: [GC (Allocation Failure) [PSYoungGen: 75773K->1501K(76288K)] 413744K->339488K(588800K), 0.0016439 secs] [Times: user=0.01 sys=0.00, real=0.00 secs] 
1163.906: [GC (Allocation Failure) [PSYoungGen: 75741K->1440K(75264K)] 413728K->339427K(587776K), 0.0048548 secs] [Times: user=0.02 sys=0.00, real=0.00 secs] 
1164.402: [GC (Allocation Failure) [PSYoungGen: 75168K->1376K(74752K)] 413155K->339363K(587264K), 0.0021919 secs] [Times: user=0.01 sys=0.00, real=0.01 secs] 
1165.142: [GC (Allocation Failure) [PSYoungGen: 74592K->1344K(74240K)] 412579K->339331K(586752K), 0.0049241 secs] [Times: user=0.02 sys=0.00, real=0.01 secs] 
1166.105: [GC (Allocation Failure) [PSYoungGen: 74048K->1440K(73728K)] 412035K->339427K(586240K), 0.0042106 secs] [Times: user=0.02 sys=0.00, real=0.00 secs] 
1166.460: [GC (Allocation Failure) [PSYoungGen: 73632K->1533K(73216K)] 411619K->339520K(585728K), 0.0021527 secs] [Times: user=0.01 sys=0.00, real=0.00 secs] 
1166.631: [GC (Allocation Failure) [PSYoungGen: 73213K->1533K(72704K)] 411200K->339520K(585216K), 0.0023083 secs] [Times: user=0.01 sys=0.00, real=0.00 secs] 
1166.799: [GC (Allocation Failure) [PSYoungGen: 72701K->1533K(72192K)] 410688K->339520K(584704K), 0.0020984 secs] [Times: user=0.00 sys=0.00, real=0.00 secs] 
1167.316: [GC (Allocation Failure) [PSYoungGen: 72189K->1472K(71680K)] 410176K->339459K(584192K), 0.0027397 secs] [Times: user=0.01 sys=0.00, real=0.00 secs] 
1168.541: [GC (Allocation Failure) [PSYoungGen: 71616K->1424K(71168K)] 409603K->339411K(583680K), 0.0045419 secs] [Times: user=0.02 sys=0.00, real=0.01 secs] 
1169.145: [GC (Allocation Failure) [PSYoungGen: 71056K->1376K(70656K)] 409043K->339363K(583168K), 0.0025914 secs] [Times: user=0.01 sys=0.00, real=0.00 secs] 
1169.450: [GC (Allocation Failure) [PSYoungGen: 70496K->1408K(70144K)] 408483K->339395K(582656K), 0.0021434 secs] [Times: user=0.01 sys=0.00, real=0.00 secs] 
1170.007: [GC (Allocation Failure) [PSYoungGen: 70016K->1472K(69632K)] 408003K->339459K(582144K), 0.0024288 secs] [Times: user=0.01 sys=0.00, real=0.00 secs] 
1170.146: [GC (Allocation Failure) [PSYoungGen: 69568K->1469K(69120K)] 407555K->339456K(581632K), 0.0017769 secs] [Times: user=0.00 sys=0.00, real=0.00 secs] 
1170.265: [GC (Allocation Failure) [PSYoungGen: 69053K->1517K(68608K)] 407040K->339504K(581120K), 0.0016860 secs] [Times: user=0.01 sys=0.00, real=0.00 secs] 
1170.382: [GC (Allocation Failure) [PSYoungGen: 68589K->1501K(69120K)] 406576K->339488K(581632K), 0.0016226 secs] [Times: user=0.00 sys=0.00, real=0.00 secs] 
1170.803: [GC (Allocation Failure) [PSYoungGen: 68573K->1456K(68096K)] 406560K->339443K(580608K), 0.0024061 secs] [Times: user=0.01 sys=0.01, real=0.01 secs] 
1171.410: [GC (Allocation Failure) [PSYoungGen: 68016K->1376K(67584K)] 406003K->339363K(580096K), 0.0032701 secs] [Times: user=0.01 sys=0.00, real=0.00 secs] 
1171.747: [GC (Allocation Failure) [PSYoungGen: 67424K->1408K(73216K)] 405411K->339411K(585728K), 0.0068393 secs] [Times: user=0.03 sys=0.00, real=0.00 secs] 
1172.185: [GC (Allocation Failure) [PSYoungGen: 73088K->1408K(72704K)] 411091K->339411K(585216K), 0.0021933 secs] [Times: user=0.01 sys=0.00, real=0.00 secs] 
1172.648: [GC (Allocation Failure) [PSYoungGen: 72576K->1469K(72192K)] 410579K->339472K(584704K), 0.0021830 secs] [Times: user=0.01 sys=0.00, real=0.00 secs] 
1172.822: [GC (Allocation Failure) [PSYoungGen: 72125K->1453K(71680K)] 410128K->339456K(584192K), 0.0023801 secs] [Times: user=0.00 sys=0.00, real=0.01 secs] 
1173.006: [GC (Allocation Failure) [PSYoungGen: 71597K->1517K(72192K)] 409600K->339520K(584704K), 0.0021554 secs] [Times: user=0.01 sys=0.00, real=0.00 secs] 
1173.208: [GC (Allocation Failure) [PSYoungGen: 71661K->1485K(72192K)] 409664K->339504K(584704K), 0.0024548 secs] [Times: user=0.01 sys=0.00, real=0.00 secs] 
1173.493: [GC (Allocation Failure) [PSYoungGen: 71629K->1440K(78336K)] 409648K->339459K(590848K), 0.0027613 secs] [Times: user=0.01 sys=0.00, real=0.01 secs] 
1173.811: [GC (Allocation Failure) [PSYoungGen: 77728K->1376K(77312K)] 415747K->339395K(589824K), 0.0023963 secs] [Times: user=0.01 sys=0.00, real=0.00 secs] 
1174.126: [GC (Allocation Failure) [PSYoungGen: 77152K->1408K(76800K)] 415171K->339427K(589312K), 0.0021524 secs] [Times: user=0.01 sys=0.00, real=0.00 secs] 
1174.439: [GC (Allocation Failure) [PSYoungGen: 76672K->1392K(76288K)] 414691K->339411K(588800K), 0.0023657 secs] [Times: user=0.01 sys=0.00, real=0.00 secs] 
1174.689: [GC (Allocation Failure) [PSYoungGen: 76144K->1469K(75776K)] 414163K->339488K(588288K), 0.0017721 secs] [Times: user=0.00 sys=0.00, real=0.00 secs] 
1174.819: [GC (Allocation Failure) [PSYoungGen: 75709K->1501K(75264K)] 413728K->339520K(587776K), 0.0017501 secs] [Times: user=0.01 sys=0.00, real=0.00 secs] 
1174.948: [GC (Allocation Failure) [PSYoungGen: 75229K->1501K(75776K)] 413248K->339520K(588288K), 0.0016752 secs] [Times: user=0.01 sys=0.00, real=0.00 secs] 
1175.165: [GC (Allocation Failure) [PSYoungGen: 75229K->1488K(75776K)] 413248K->339507K(588288K), 0.0019996 secs] [Times: user=0.01 sys=0.00, real=0.00 secs] 
1175.471: [GC (Allocation Failure) [PSYoungGen: 75216K->1456K(74752K)] 413235K->339475K(587264K), 0.0023024 secs] [Times: user=0.01 sys=0.00, real=0.00 secs] 
1175.776: [GC (Allocation Failure) [PSYoungGen: 74672K->1392K(74240K)] 412691K->339411K(586752K), 0.0022560 secs] [Times: user=0.01 sys=0.00, real=0.00 secs] 
1176.078: [GC (Allocation Failure) [PSYoungGen: 74096K->1408K(73728K)] 412115K->339427K(586240K), 0.0022671 secs] [Times: user=0.01 sys=0.00, real=0.00 secs] 
1176.331: [GC (Allocation Failure) [PSYoungGen: 73600K->1437K(73216K)] 411619K->339456K(585728K), 0.0017774 secs] [Times: user=0.00 sys=0.00, real=0.00 secs] 
1176.457: [GC (Allocation Failure) [PSYoungGen: 73117K->1501K(72704K)] 411136K->339520K(585216K), 0.0016922 secs] [Times: user=0.01 sys=0.00, real=0.00 secs] 
1176.581: [GC (Allocation Failure) [PSYoungGen: 72669K->1533K(79360K)] 410688K->339552K(591872K), 0.0017260 secs] [Times: user=0.00 sys=0.00, real=0.00 secs] 
1176.715: [GC (Allocation Failure) [PSYoungGen: 78845K->1565K(79360K)] 416864K->339584K(591872K), 0.0015874 secs] [Times: user=0.00 sys=0.00, real=0.00 secs] 
1178.296: [GC (Allocation Failure) [PSYoungGen: 78877K->1376K(78336K)] 416896K->339395K(590848K), 0.0047519 secs] [Times: user=0.02 sys=0.00, real=0.00 secs] 
1179.088: [GC (Allocation Failure) [PSYoungGen: 78176K->1344K(77824K)] 416195K->339363K(590336K), 0.0046251 secs] [Times: user=0.02 sys=0.00, real=0.00 secs] 
1179.805: [GC (Allocation Failure) [PSYoungGen: 77632K->1424K(77312K)] 415651K->339443K(589824K), 0.0028864 secs] [Times: user=0.01 sys=0.00, real=0.00 secs] 
1180.615: [GC (Allocation Failure) [PSYoungGen: 77200K->1517K(76800K)] 415219K->339560K(589312K), 0.0025084 secs] [Times: user=0.01 sys=0.00, real=0.00 secs] 
1180.778: [GC (Allocation Failure) [PSYoungGen: 76781K->1469K(76288K)] 414824K->339512K(588800K), 0.0017965 secs] [Times: user=0.01 sys=0.00, real=0.00 secs] 
1180.909: [GC (Allocation Failure) [PSYoungGen: 76221K->1501K(75776K)] 414264K->339544K(588288K), 0.0016209 secs] [Times: user=0.00 sys=0.01, real=0.00 secs] 
1181.039: [GC (Allocation Failure) [PSYoungGen: 75741K->1485K(75264K)] 413784K->339528K(587776K), 0.0017296 secs] [Times: user=0.01 sys=0.00, real=0.00 secs] 
1183.480: [GC (Allocation Failure) [PSYoungGen: 75213K->1472K(74752K)] 413256K->339515K(587264K), 0.0034235 secs] [Times: user=0.01 sys=0.00, real=0.00 secs] 
1184.154: [GC (Allocation Failure) [PSYoungGen: 74688K->1376K(74240K)] 412731K->339419K(586752K), 0.0023116 secs] [Times: user=0.00 sys=0.00, real=0.00 secs] 
1184.724: [GC (Allocation Failure) [PSYoungGen: 74080K->1408K(73728K)] 412123K->339451K(586240K), 0.0022990 secs] [Times: user=0.01 sys=0.00, real=0.01 secs] 
1185.326: [GC (Allocation Failure) [PSYoungGen: 73451K->320K(72192K)] 411494K->338363K(584704K), 0.0027773 secs] [Times: user=0.01 sys=0.00, real=0.00 secs] 
1185.486: [GC (Allocation Failure) [PSYoungGen: 72000K->1533K(72704K)] 410043K->339576K(585216K), 0.0017856 secs] [Times: user=0.01 sys=0.00, real=0.00 secs] 
1185.611: [GC (Allocation Failure) [PSYoungGen: 72701K->1565K(72704K)] 410744K->339608K(585216K), 0.0016455 secs] [Times: user=0.01 sys=0.00, real=0.00 secs] 
1185.753: [GC (Allocation Failure) [PSYoungGen: 72221K->1421K(71680K)] 410264K->339464K(584192K), 0.0019047 secs] [Times: user=0.01 sys=0.00, real=0.01 secs] 
1186.105: [GC (Allocation Failure) [PSYoungGen: 71565K->1440K(71168K)] 409608K->339483K(583680K), 0.0021702 secs] [Times: user=0.01 sys=0.00, real=0.00 secs] 
1186.657: [GC (Allocation Failure) [PSYoungGen: 71072K->1392K(70656K)] 409115K->339435K(583168K), 0.0021555 secs] [Times: user=0.01 sys=0.01, real=0.00 secs] 
1187.046: [GC (Allocation Failure) [PSYoungGen: 70512K->1408K(70144K)] 408555K->339451K(582656K), 0.0022559 secs] [Times: user=0.01 sys=0.00, real=0.00 secs] 
1187.663: [GC (Allocation Failure) [PSYoungGen: 70016K->1376K(69632K)] 408059K->339419K(582144K), 0.0024125 secs] [Times: user=0.01 sys=0.00, real=0.01 secs] 
1188.294: [GC (Allocation Failure) [PSYoungGen: 69472K->1485K(69120K)] 407515K->339528K(581632K), 0.0022768 secs] [Times: user=0.01 sys=0.00, real=0.00 secs] 
1188.454: [GC (Allocation Failure) [PSYoungGen: 69069K->1469K(68608K)] 407112K->339512K(581120K), 0.0016045 secs] [Times: user=0.01 sys=0.00, real=0.00 secs] 
1188.572: [GC (Allocation Failure) [PSYoungGen: 68541K->1485K(68096K)] 406584K->339528K(580608K), 0.0016750 secs] [Times: user=0.00 sys=0.01, real=0.00 secs] 
1188.688: [GC (Allocation Failure) [PSYoungGen: 68045K->1469K(68608K)] 406088K->339512K(581120K), 0.0016165 secs] [Times: user=0.01 sys=0.00, real=0.00 secs] 
1188.940: [GC (Allocation Failure) [PSYoungGen: 68541K->1440K(68096K)] 406584K->339483K(580608K), 0.0020507 secs] [Times: user=0.01 sys=0.00, real=0.00 secs] 
1189.241: [GC (Allocation Failure) [PSYoungGen: 68000K->1344K(67584K)] 406043K->339387K(580096K), 0.0020239 secs] [Times: user=0.00 sys=0.00, real=0.00 secs] 
1189.601: [GC (Allocation Failure) [PSYoungGen: 67392K->1376K(67072K)] 405435K->339435K(579584K), 0.0021946 secs] [Times: user=0.01 sys=0.00, real=0.00 secs] 
1189.904: [GC (Allocation Failure) [PSYoungGen: 66912K->1408K(66560K)] 404971K->339467K(579072K), 0.0021276 secs] [Times: user=0.01 sys=0.00, real=0.01 secs] 
1190.374: [GC (Allocation Failure) [PSYoungGen: 66432K->1469K(66048K)] 404491K->339528K(578560K), 0.0022302 secs] [Times: user=0.01 sys=0.00, real=0.01 secs] 
1190.505: [GC (Allocation Failure) [PSYoungGen: 65981K->1501K(65536K)] 404040K->339560K(578048K), 0.0016649 secs] [Times: user=0.00 sys=0.00, real=0.00 secs] 
1190.617: [GC (Allocation Failure) [PSYoungGen: 65501K->1533K(66048K)] 403560K->339592K(578560K), 0.0017617 secs] [Times: user=0.01 sys=0.00, real=0.00 secs] 
1190.730: [GC (Allocation Failure) [PSYoungGen: 65510K->1485K(71168K)] 403569K->339560K(583680K), 0.0020139 secs] [Times: user=0.01 sys=0.00, real=0.00 secs] 
1190.936: [GC (Allocation Failure) [PSYoungGen: 70605K->1408K(71168K)] 408680K->339483K(583680K), 0.0020270 secs] [Times: user=0.01 sys=0.00, real=0.00 secs] 
1191.229: [GC (Allocation Failure) [PSYoungGen: 70528K->1360K(76288K)] 408603K->339435K(588800K), 0.0021412 secs] [Times: user=0.01 sys=0.00, real=0.00 secs] 
1191.590: [GC (Allocation Failure) [PSYoungGen: 76112K->1392K(75776K)] 414187K->339467K(588288K), 0.0020176 secs] [Times: user=0.01 sys=0.00, real=0.00 secs] 
1191.930: [GC (Allocation Failure) [PSYoungGen: 75632K->1440K(75264K)] 413707K->339515K(587776K), 0.0021807 secs] [Times: user=0.01 sys=0.00, real=0.00 secs] 
1192.261: [GC (Allocation Failure) [PSYoungGen: 75168K->1437K(74752K)] 413243K->339512K(587264K), 0.0014497 secs] [Times: user=0.01 sys=0.00, real=0.00 secs] 
1192.393: [GC (Allocation Failure) [PSYoungGen: 74653K->1501K(74240K)] 412728K->339576K(586752K), 0.0016343 secs] [Times: user=0.01 sys=0.00, real=0.01 secs] 
1192.522: [GC (Allocation Failure) [PSYoungGen: 74205K->1533K(73728K)] 412280K->339608K(586240K), 0.0017212 secs] [Times: user=0.00 sys=0.00, real=0.01 secs] 
1192.648: [GC (Allocation Failure) [PSYoungGen: 73725K->1472K(74240K)] 411800K->339555K(586752K), 0.0016452 secs] [Times: user=0.01 sys=0.00, real=0.00 secs] 
1192.958: [GC (Allocation Failure) [PSYoungGen: 73664K->1376K(73216K)] 411747K->339459K(585728K), 0.0021907 secs] [Times: user=0.01 sys=0.00, real=0.00 secs] 
1193.270: [GC (Allocation Failure) [PSYoungGen: 73056K->1408K(72704K)] 411139K->339491K(585216K), 0.0020893 secs] [Times: user=0.01 sys=0.00, real=0.00 secs] 
1193.570: [GC (Allocation Failure) [PSYoungGen: 72576K->1408K(72192K)] 410659K->339491K(584704K), 0.0020608 secs] [Times: user=0.01 sys=0.00, real=0.00 secs] 
1193.973: [GC (Allocation Failure) [PSYoungGen: 72064K->1376K(71680K)] 410147K->339459K(584192K), 0.0021865 secs] [Times: user=0.00 sys=0.00, real=0.01 secs] 
1194.197: [GC (Allocation Failure) [PSYoungGen: 71520K->1533K(71168K)] 409603K->339616K(583680K), 0.0016482 secs] [Times: user=0.01 sys=0.00, real=0.00 secs] 
1194.321: [GC (Allocation Failure) [PSYoungGen: 71165K->1501K(70656K)] 409248K->339584K(583168K), 0.0016928 secs] [Times: user=0.01 sys=0.00, real=0.00 secs] 
1194.445: [GC (Allocation Failure) [PSYoungGen: 70621K->1549K(71168K)] 408704K->339632K(583680K), 0.0016928 secs] [Times: user=0.01 sys=0.00, real=0.00 secs] 
1194.625: [GC (Allocation Failure) [PSYoungGen: 70669K->1472K(76800K)] 408752K->339555K(589312K), 0.0021771 secs] [Times: user=0.01 sys=0.00, real=0.00 secs] 
1195.087: [GC (Allocation Failure) [PSYoungGen: 76224K->1376K(75776K)] 414307K->339459K(588288K), 0.0019599 secs] [Times: user=0.01 sys=0.00, real=0.00 secs] 
1195.798: [GC (Allocation Failure) [PSYoungGen: 75616K->1376K(75264K)] 413699K->339459K(587776K), 0.0042758 secs] [Times: user=0.01 sys=0.00, real=0.00 secs] 
1196.532: [GC (Allocation Failure) [PSYoungGen: 75104K->1376K(74752K)] 413187K->339459K(587264K), 0.0042228 secs] [Times: user=0.01 sys=0.00, real=0.01 secs] 
1197.062: [GC (Allocation Failure) [PSYoungGen: 74592K->1472K(74240K)] 412675K->339555K(586752K), 0.0022537 secs] [Times: user=0.01 sys=0.00, real=0.01 secs] 
1197.260: [GC (Allocation Failure) [PSYoungGen: 74152K->1453K(73728K)] 412235K->339536K(586240K), 0.0023711 secs] [Times: user=0.01 sys=0.00, real=0.00 secs] 
1197.417: [GC (Allocation Failure) [PSYoungGen: 73645K->1469K(73216K)] 411728K->339552K(585728K), 0.0018626 secs] [Times: user=0.01 sys=0.00, real=0.00 secs] 
1197.561: [GC (Allocation Failure) [PSYoungGen: 73145K->1517K(73728K)] 411229K->339600K(586240K), 0.0021021 secs] [Times: user=0.01 sys=0.00, real=0.00 secs] 
1198.070: [GC (Allocation Failure) [PSYoungGen: 73197K->1408K(72704K)] 411280K->339491K(585216K), 0.0030328 secs] [Times: user=0.01 sys=0.00, real=0.00 secs] 
1198.651: [GC (Allocation Failure) [PSYoungGen: 72576K->1392K(72192K)] 410659K->339475K(584704K), 0.0032592 secs] [Times: user=0.01 sys=0.01, real=0.01 secs] 
1199.218: [GC (Allocation Failure) [PSYoungGen: 72048K->1376K(71680K)] 410131K->339459K(584192K), 0.0024845 secs] [Times: user=0.01 sys=0.00, real=0.00 secs] 
1199.670: [GC (Allocation Failure) [PSYoungGen: 71520K->1440K(71168K)] 409603K->339523K(583680K), 0.0022996 secs] [Times: user=0.01 sys=0.00, real=0.00 secs] 
1199.861: [GC (Allocation Failure) [PSYoungGen: 71072K->1501K(70656K)] 409155K->339584K(583168K), 0.0016546 secs] [Times: user=0.01 sys=0.00, real=0.00 secs] 
1199.983: [GC (Allocation Failure) [PSYoungGen: 70621K->1485K(70144K)] 408704K->339568K(582656K), 0.0016945 secs] [Times: user=0.01 sys=0.00, real=0.01 secs] 
1200.103: [GC (Allocation Failure) [PSYoungGen: 70065K->1501K(75776K)] 408148K->339600K(588288K), 0.0015761 secs] [Times: user=0.01 sys=0.00, real=0.01 secs] 
1200.517: [GC (Allocation Failure) [PSYoungGen: 75741K->1408K(75264K)] 413840K->339515K(587776K), 0.0031097 secs] [Times: user=0.01 sys=0.00, real=0.00 secs] 
1201.667: [GC (Allocation Failure) [PSYoungGen: 75136K->1424K(74752K)] 413243K->339531K(587264K), 0.0049230 secs] [Times: user=0.02 sys=0.00, real=0.00 secs] 
1202.665: [GC (Allocation Failure) [PSYoungGen: 74640K->1376K(74240K)] 412747K->339483K(586752K), 0.0045221 secs] [Times: user=0.02 sys=0.00, real=0.00 secs] 
1203.586: [GC (Allocation Failure) [PSYoungGen: 74080K->1408K(73728K)] 412187K->339515K(586240K), 0.0034072 secs] [Times: user=0.01 sys=0.00, real=0.00 secs] 
1204.107: [GC (Allocation Failure) [PSYoungGen: 73600K->1440K(73216K)] 411707K->339547K(585728K), 0.0024408 secs] [Times: user=0.01 sys=0.00, real=0.00 secs] 
1204.276: [GC (Allocation Failure) [PSYoungGen: 73120K->1504K(72704K)] 411227K->339611K(585216K), 0.0015767 secs] [Times: user=0.01 sys=0.00, real=0.00 secs] 
1204.401: [GC (Allocation Failure) [PSYoungGen: 72672K->1533K(72192K)] 410779K->339640K(584704K), 0.0016717 secs] [Times: user=0.01 sys=0.00, real=0.00 secs] 
1204.525: [GC (Allocation Failure) [PSYoungGen: 72189K->1517K(71680K)] 410296K->339624K(584192K), 0.0017009 secs] [Times: user=0.00 sys=0.00, real=0.00 secs] 
1205.248: [GC (Allocation Failure) [PSYoungGen: 71661K->1424K(71168K)] 409768K->339531K(583680K), 0.0026400 secs] [Times: user=0.01 sys=0.00, real=0.00 secs] 
1205.816: [GC (Allocation Failure) [PSYoungGen: 71056K->1408K(70656K)] 409163K->339515K(583168K), 0.0024136 secs] [Times: user=0.01 sys=0.00, real=0.00 secs] 
1206.372: [GC (Allocation Failure) [PSYoungGen: 70528K->1408K(70144K)] 408635K->339515K(582656K), 0.0024908 secs] [Times: user=0.01 sys=0.00, real=0.01 secs] 
1206.667: [GC (Allocation Failure) [PSYoungGen: 70016K->1360K(69632K)] 408123K->339467K(582144K), 0.0023818 secs] [Times: user=0.01 sys=0.00, real=0.00 secs] 
1206.876: [GC (Allocation Failure) [PSYoungGen: 69456K->1469K(69120K)] 407563K->339576K(581632K), 0.0016801 secs] [Times: user=0.01 sys=0.00, real=0.00 secs] 
1206.995: [GC (Allocation Failure) [PSYoungGen: 69053K->1501K(68608K)] 407160K->339608K(581120K), 0.0016283 secs] [Times: user=0.01 sys=0.00, real=0.00 secs] 
1207.131: [GC (Allocation Failure) [PSYoungGen: 68573K->1469K(68096K)] 406680K->339576K(580608K), 0.0018355 secs] [Times: user=0.01 sys=0.00, real=0.00 secs] 
1207.277: [GC (Allocation Failure) [PSYoungGen: 68029K->1501K(68608K)] 406136K->339624K(581120K), 0.0021557 secs] [Times: user=0.01 sys=0.00, real=0.00 secs] 
1207.620: [GC (Allocation Failure) [PSYoungGen: 68061K->1440K(68608K)] 406184K->339563K(581120K), 0.0021958 secs] [Times: user=0.01 sys=0.00, real=0.00 secs] 
1208.200: [GC (Allocation Failure) [PSYoungGen: 68000K->1376K(67584K)] 406123K->339499K(580096K), 0.0024892 secs] [Times: user=0.01 sys=0.00, real=0.00 secs] 
1208.824: [GC (Allocation Failure) [PSYoungGen: 67424K->1392K(67072K)] 405547K->339515K(579584K), 0.0032200 secs] [Times: user=0.01 sys=0.00, real=0.01 secs] 
1209.497: [GC (Allocation Failure) [PSYoungGen: 66928K->1376K(66560K)] 405051K->339499K(579072K), 0.0027927 secs] [Times: user=0.01 sys=0.00, real=0.00 secs] 
1210.081: [GC (Allocation Failure) [PSYoungGen: 66400K->1469K(66048K)] 404523K->339592K(578560K), 0.0024584 secs] [Times: user=0.00 sys=0.00, real=0.00 secs] 
1210.217: [GC (Allocation Failure) [PSYoungGen: 65981K->1533K(65536K)] 404104K->339656K(578048K), 0.0017886 secs] [Times: user=0.01 sys=0.00, real=0.00 secs] 
1210.345: [GC (Allocation Failure) [PSYoungGen: 65528K->1501K(65024K)] 403651K->339648K(577536K), 0.0020507 secs] [Times: user=0.01 sys=0.00, real=0.00 secs] 
1210.486: [GC (Allocation Failure) [PSYoungGen: 64989K->1533K(70144K)] 403136K->339696K(582656K), 0.0020971 secs] [Times: user=0.01 sys=0.00, real=0.00 secs] 
1210.754: [GC (Allocation Failure) [PSYoungGen: 70141K->1440K(70656K)] 408304K->339603K(583168K), 0.0024944 secs] [Times: user=0.01 sys=0.00, real=0.01 secs] 
1211.070: [GC (Allocation Failure) [PSYoungGen: 70048K->1344K(76288K)] 408211K->339507K(588800K), 0.0023671 secs] [Times: user=0.01 sys=0.00, real=0.00 secs] 
1211.387: [GC (Allocation Failure) [PSYoungGen: 75584K->1392K(75264K)] 413747K->339555K(587776K), 0.0023502 secs] [Times: user=0.01 sys=0.00, real=0.00 secs] 
1211.694: [GC (Allocation Failure) [PSYoungGen: 75120K->1376K(74752K)] 413283K->339539K(587264K), 0.0023149 secs] [Times: user=0.01 sys=0.00, real=0.00 secs] 
1211.936: [GC (Allocation Failure) [PSYoungGen: 74592K->1469K(74240K)] 412755K->339632K(586752K), 0.0016676 secs] [Times: user=0.00 sys=0.00, real=0.00 secs] 
1212.064: [GC (Allocation Failure) [PSYoungGen: 74173K->1501K(73728K)] 412336K->339672K(586240K), 0.0016840 secs] [Times: user=0.01 sys=0.00, real=0.01 secs] 
1212.190: [GC (Allocation Failure) [PSYoungGen: 73693K->1453K(74240K)] 411864K->339624K(586752K), 0.0016892 secs] [Times: user=0.01 sys=0.00, real=0.00 secs] 
1212.316: [GC (Allocation Failure) [PSYoungGen: 73645K->192K(80384K)] 411816K->338379K(592896K), 0.0017513 secs] [Times: user=0.01 sys=0.00, real=0.00 secs] 
1212.724: [GC (Allocation Failure) [PSYoungGen: 78528K->1344K(80384K)] 416715K->339539K(592896K), 0.0025385 secs] [Times: user=0.01 sys=0.00, real=0.01 secs] 
1213.051: [GC (Allocation Failure) [PSYoungGen: 79680K->1408K(79360K)] 417875K->339611K(591872K), 0.0020983 secs] [Times: user=0.00 sys=0.00, real=0.00 secs] 
1213.592: [GC (Allocation Failure) [PSYoungGen: 79232K->1424K(78848K)] 417435K->339627K(591360K), 0.0032274 secs] [Times: user=0.01 sys=0.00, real=0.01 secs] 
1214.107: [GC (Allocation Failure) [PSYoungGen: 78736K->1517K(78336K)] 416939K->339728K(590848K), 0.0022387 secs] [Times: user=0.01 sys=0.00, real=0.00 secs] 
1214.262: [GC (Allocation Failure) [PSYoungGen: 78317K->1533K(77824K)] 416528K->339744K(590336K), 0.0017689 secs] [Times: user=0.00 sys=0.00, real=0.00 secs] 
1214.395: [GC (Allocation Failure) [PSYoungGen: 77821K->1469K(77312K)] 416032K->339680K(589824K), 0.0015562 secs] [Times: user=0.00 sys=0.00, real=0.00 secs] 
1214.529: [GC (Allocation Failure) [PSYoungGen: 76356K->256K(75776K)] 414567K->338467K(588288K), 0.0015342 secs] [Times: user=0.01 sys=0.00, real=0.00 secs] 
1215.438: [GC (Allocation Failure) [PSYoungGen: 75520K->1376K(76288K)] 413731K->339595K(588800K), 0.0025242 secs] [Times: user=0.01 sys=0.00, real=0.00 secs] 
1216.133: [GC (Allocation Failure) [PSYoungGen: 76128K->1376K(75776K)] 414347K->339595K(588288K), 0.0029494 secs] [Times: user=0.01 sys=0.00, real=0.01 secs] 
1216.536: [GC (Allocation Failure) [PSYoungGen: 75616K->1344K(75264K)] 413835K->339563K(587776K), 0.0021456 secs] [Times: user=0.01 sys=0.00, real=0.00 secs] 
1216.830: [GC (Allocation Failure) [PSYoungGen: 75072K->1469K(74752K)] 413291K->339688K(587264K), 0.0022105 secs] [Times: user=0.00 sys=0.00, real=0.00 secs] 
1216.962: [GC (Allocation Failure) [PSYoungGen: 74685K->1533K(74240K)] 412904K->339752K(586752K), 0.0016315 secs] [Times: user=0.01 sys=0.00, real=0.00 secs] 
1217.089: [GC (Allocation Failure) [PSYoungGen: 74237K->1549K(74240K)] 412456K->339768K(586752K), 0.0017647 secs] [Times: user=0.01 sys=0.00, real=0.00 secs] 
1217.215: [GC (Allocation Failure) [PSYoungGen: 73741K->477K(79360K)] 411960K->339720K(591872K), 0.0016534 secs] [Times: user=0.01 sys=0.00, real=0.00 secs] 
1218.215: [GC (Allocation Failure) [PSYoungGen: 78813K->1456K(79360K)] 418056K->340699K(591872K), 0.0022660 secs] [Times: user=0.01 sys=0.00, real=0.00 secs] 
1218.870: [GC (Allocation Failure) [PSYoungGen: 79280K->1376K(78848K)] 418523K->340619K(591360K), 0.0031961 secs] [Times: user=0.01 sys=0.00, real=0.00 secs] 
1219.363: [GC (Allocation Failure) [PSYoungGen: 78688K->1408K(78336K)] 417931K->340651K(590848K), 0.0022850 secs] [Times: user=0.01 sys=0.00, real=0.01 secs] 
1219.690: [GC (Allocation Failure) [PSYoungGen: 78194K->1469K(77824K)] 417437K->340712K(590336K), 0.0020858 secs] [Times: user=0.01 sys=0.00, real=0.00 secs] 
1219.832: [GC (Allocation Failure) [PSYoungGen: 77757K->1485K(77312K)] 417000K->340728K(589824K), 0.0017133 secs] [Times: user=0.01 sys=0.00, real=0.00 secs] 
1219.966: [GC (Allocation Failure) [PSYoungGen: 77261K->1501K(76800K)] 416504K->340744K(589312K), 0.0017792 secs] [Times: user=0.01 sys=0.00, real=0.00 secs] 
1220.098: [GC (Allocation Failure) [PSYoungGen: 76765K->1501K(77312K)] 416008K->340744K(589824K), 0.0016030 secs] [Times: user=0.01 sys=0.00, real=0.00 secs] 
1220.743: [GC (Allocation Failure) [PSYoungGen: 76765K->1424K(76288K)] 416008K->340683K(588800K), 0.0043311 secs] [Times: user=0.02 sys=0.00, real=0.01 secs] 
1221.377: [GC (Allocation Failure) [PSYoungGen: 76176K->1408K(75776K)] 415435K->340667K(588288K), 0.0036906 secs] [Times: user=0.01 sys=0.00, real=0.00 secs] 
1221.877: [GC (Allocation Failure) [PSYoungGen: 75648K->1408K(75264K)] 414907K->340667K(587776K), 0.0024980 secs] [Times: user=0.00 sys=0.00, real=0.00 secs] 
1222.322: [GC (Allocation Failure) [PSYoungGen: 75136K->1392K(74752K)] 414395K->340651K(587264K), 0.0024354 secs] [Times: user=0.01 sys=0.00, real=0.01 secs] 
1222.564: [GC (Allocation Failure) [PSYoungGen: 74608K->1501K(74240K)] 413867K->340760K(586752K), 0.0016687 secs] [Times: user=0.01 sys=0.00, real=0.01 secs] 
1222.691: [GC (Allocation Failure) [PSYoungGen: 74205K->1456K(73728K)] 413464K->340715K(586240K), 0.0017227 secs] [Times: user=0.00 sys=0.00, real=0.00 secs] 
1222.817: [GC (Allocation Failure) [PSYoungGen: 73648K->1533K(73216K)] 412907K->340792K(585728K), 0.0017137 secs] [Times: user=0.01 sys=0.00, real=0.00 secs] 
1223.075: [GC (Allocation Failure) [PSYoungGen: 73213K->1440K(72704K)] 412472K->340707K(585216K), 0.0021662 secs] [Times: user=0.01 sys=0.00, real=0.00 secs] 
1223.371: [GC (Allocation Failure) [PSYoungGen: 72608K->1408K(72192K)] 411875K->340675K(584704K), 0.0020352 secs] [Times: user=0.01 sys=0.00, real=0.00 secs] 
1223.683: [GC (Allocation Failure) [PSYoungGen: 72064K->1376K(71680K)] 411331K->340643K(584192K), 0.0021254 secs] [Times: user=0.01 sys=0.00, real=0.01 secs] 
1223.983: [GC (Allocation Failure) [PSYoungGen: 71520K->1376K(71168K)] 410787K->340643K(583680K), 0.0019906 secs] [Times: user=0.01 sys=0.00, real=0.01 secs] 
1224.323: [GC (Allocation Failure) [PSYoungGen: 71008K->1453K(70656K)] 410275K->340720K(583168K), 0.0020420 secs] [Times: user=0.01 sys=0.00, real=0.01 secs] 
1224.448: [GC (Allocation Failure) [PSYoungGen: 70573K->1469K(70144K)] 409840K->340736K(582656K), 0.0015689 secs] [Times: user=0.00 sys=0.00, real=0.00 secs] 
1224.567: [GC (Allocation Failure) [PSYoungGen: 70068K->1437K(69632K)] 409336K->340704K(582144K), 0.0016800 secs] [Times: user=0.00 sys=0.00, real=0.00 secs] 
1224.687: [GC (Allocation Failure) [PSYoungGen: 69533K->1517K(75776K)] 408800K->340809K(588288K), 0.0017694 secs] [Times: user=0.01 sys=0.00, real=0.00 secs] 
1225.122: [GC (Allocation Failure) [PSYoungGen: 75757K->1488K(75264K)] 415049K->340795K(587776K), 0.0019703 secs] [Times: user=0.00 sys=0.00, real=0.01 secs] 
1226.218: [GC (Allocation Failure) [PSYoungGen: 75216K->1376K(74752K)] 414523K->340683K(587264K), 0.0046215 secs] [Times: user=0.02 sys=0.00, real=0.00 secs] 
1227.420: [GC (Allocation Failure) [PSYoungGen: 74592K->1408K(74240K)] 413899K->340715K(586752K), 0.0036470 secs] [Times: user=0.01 sys=0.00, real=0.00 secs] 
1228.359: [GC (Allocation Failure) [PSYoungGen: 74112K->1408K(73728K)] 413419K->340715K(586240K), 0.0042802 secs] [Times: user=0.01 sys=0.00, real=0.00 secs] 
1228.787: [GC (Allocation Failure) [PSYoungGen: 73600K->1469K(73216K)] 412907K->340776K(585728K), 0.0022968 secs] [Times: user=0.01 sys=0.00, real=0.00 secs] 
1228.926: [GC (Allocation Failure) [PSYoungGen: 73149K->1533K(72704K)] 412456K->340840K(585216K), 0.0016362 secs] [Times: user=0.00 sys=0.00, real=0.00 secs] 
1229.051: [GC (Allocation Failure) [PSYoungGen: 72701K->1469K(72192K)] 412008K->340776K(584704K), 0.0016944 secs] [Times: user=0.01 sys=0.00, real=0.00 secs] 
1229.239: [GC (Allocation Failure) [PSYoungGen: 72125K->1504K(71680K)] 411432K->340819K(584192K), 0.0021681 secs] [Times: user=0.01 sys=0.00, real=0.00 secs] 
1229.574: [GC (Allocation Failure) [PSYoungGen: 71648K->1408K(71168K)] 410963K->340723K(583680K), 0.0021910 secs] [Times: user=0.01 sys=0.00, real=0.00 secs] 
1230.185: [GC (Allocation Failure) [PSYoungGen: 71040K->1408K(70656K)] 410355K->340723K(583168K), 0.0024631 secs] [Times: user=0.01 sys=0.00, real=0.00 secs] 
1230.843: [GC (Allocation Failure) [PSYoungGen: 70528K->1408K(70144K)] 409843K->340723K(582656K), 0.0022368 secs] [Times: user=0.01 sys=0.00, real=0.01 secs] 
1231.749: [GC (Allocation Failure) [PSYoungGen: 70016K->1469K(69632K)] 409331K->340784K(582144K), 0.0028609 secs] [Times: user=0.01 sys=0.00, real=0.00 secs] 
1231.985: [GC (Allocation Failure) [PSYoungGen: 69565K->1453K(69120K)] 408880K->340792K(581632K), 0.0024894 secs] [Times: user=0.01 sys=0.00, real=0.00 secs] 
1232.124: [GC (Allocation Failure) [PSYoungGen: 69037K->1533K(68608K)] 408376K->340872K(581120K), 0.0017344 secs] [Times: user=0.00 sys=0.00, real=0.00 secs] 
1232.242: [GC (Allocation Failure) [PSYoungGen: 68605K->1501K(69120K)] 407944K->340840K(581632K), 0.0017848 secs] [Times: user=0.01 sys=0.00, real=0.00 secs] 
1232.461: [GC (Allocation Failure) [PSYoungGen: 68573K->1456K(74752K)] 407912K->340803K(587264K), 0.0023172 secs] [Times: user=0.01 sys=0.00, real=0.00 secs] 
1232.765: [GC (Allocation Failure) [PSYoungGen: 74160K->1408K(73728K)] 413507K->340755K(586240K), 0.0021921 secs] [Times: user=0.01 sys=0.00, real=0.00 secs] 
1233.065: [GC (Allocation Failure) [PSYoungGen: 73600K->1376K(73216K)] 412947K->340723K(585728K), 0.0022494 secs] [Times: user=0.01 sys=0.00, real=0.00 secs] 
1233.363: [GC (Allocation Failure) [PSYoungGen: 73056K->1408K(72704K)] 412403K->340755K(585216K), 0.0021898 secs] [Times: user=0.01 sys=0.00, real=0.01 secs] 
1233.642: [GC (Allocation Failure) [PSYoungGen: 72576K->1501K(72192K)] 411923K->340848K(584704K), 0.0016746 secs] [Times: user=0.01 sys=0.00, real=0.00 secs] 
1233.786: [GC (Allocation Failure) [PSYoungGen: 72152K->1485K(71680K)] 411500K->340833K(584192K), 0.0021430 secs] [Times: user=0.01 sys=0.00, real=0.00 secs] 
1233.937: [GC (Allocation Failure) [PSYoungGen: 71629K->1520K(71168K)] 410977K->340867K(583680K), 0.0016959 secs] [Times: user=0.00 sys=0.00, real=0.00 secs] 
1234.060: [GC (Allocation Failure) [PSYoungGen: 71152K->1533K(71680K)] 410499K->340904K(584192K), 0.0018102 secs] [Times: user=0.01 sys=0.00, real=0.00 secs] 
1234.778: [GC (Allocation Failure) [PSYoungGen: 71165K->1440K(70656K)] 410536K->340811K(583168K), 0.0033345 secs] [Times: user=0.01 sys=0.00, real=0.00 secs] 
1235.406: [GC (Allocation Failure) [PSYoungGen: 70560K->1344K(70144K)] 409931K->340715K(582656K), 0.0031767 secs] [Times: user=0.00 sys=0.01, real=0.00 secs] 
1236.001: [GC (Allocation Failure) [PSYoungGen: 69952K->1408K(69632K)] 409323K->340779K(582144K), 0.0024725 secs] [Times: user=0.01 sys=0.00, real=0.00 secs] 
1236.610: [GC (Allocation Failure) [PSYoungGen: 69504K->1344K(69120K)] 408875K->340715K(581632K), 0.0025018 secs] [Times: user=0.01 sys=0.00, real=0.00 secs] 
1236.941: [GC (Allocation Failure) [PSYoungGen: 68928K->1501K(68608K)] 408299K->340872K(581120K), 0.0016887 secs] [Times: user=0.01 sys=0.01, real=0.00 secs] 
1237.061: [GC (Allocation Failure) [PSYoungGen: 68573K->1437K(68096K)] 407944K->340808K(580608K), 0.0018762 secs] [Times: user=0.01 sys=0.00, real=0.00 secs] 
1237.177: [GC (Allocation Failure) [PSYoungGen: 67997K->1533K(67584K)] 407368K->340904K(580096K), 0.0015792 secs] [Times: user=0.01 sys=0.00, real=0.00 secs] 
1237.309: [GC (Allocation Failure) [PSYoungGen: 67581K->1501K(73216K)] 406952K->340880K(585728K), 0.0021280 secs] [Times: user=0.01 sys=0.00, real=0.00 secs] 
1237.930: [GC (Allocation Failure) [PSYoungGen: 73181K->1392K(72704K)] 412560K->340779K(585216K), 0.0029032 secs] [Times: user=0.01 sys=0.00, real=0.00 secs] 
1238.604: [GC (Allocation Failure) [PSYoungGen: 72560K->1376K(72192K)] 411947K->340763K(584704K), 0.0025604 secs] [Times: user=0.01 sys=0.00, real=0.00 secs] 
1239.223: [GC (Allocation Failure) [PSYoungGen: 72032K->1376K(71680K)] 411419K->340763K(584192K), 0.0025828 secs] [Times: user=0.02 sys=0.00, real=0.01 secs] 
1239.562: [GC (Allocation Failure) [PSYoungGen: 71520K->1376K(71168K)] 410907K->340763K(583680K), 0.0022725 secs] [Times: user=0.01 sys=0.00, real=0.01 secs] 
1239.748: [GC (Allocation Failure) [PSYoungGen: 71008K->1501K(70656K)] 410395K->340888K(583168K), 0.0015664 secs] [Times: user=0.01 sys=0.00, real=0.00 secs] 
1239.870: [GC (Allocation Failure) [PSYoungGen: 70621K->1501K(70144K)] 410008K->340888K(582656K), 0.0017797 secs] [Times: user=0.01 sys=0.00, real=0.00 secs] 
1239.989: [GC (Allocation Failure) [PSYoungGen: 70081K->1469K(70656K)] 409469K->340856K(583168K), 0.0016576 secs] [Times: user=0.01 sys=0.00, real=0.00 secs] 
1240.194: [GC (Allocation Failure) [PSYoungGen: 70077K->1520K(70656K)] 409464K->340923K(583168K), 0.0021129 secs] [Times: user=0.01 sys=0.00, real=0.01 secs] 
1241.117: [GC (Allocation Failure) [PSYoungGen: 70128K->1376K(69632K)] 409531K->340779K(582144K), 0.0050546 secs] [Times: user=0.02 sys=0.01, real=0.00 secs] 
1242.219: [GC (Allocation Failure) [PSYoungGen: 69472K->1376K(69120K)] 408875K->340779K(581632K), 0.0047226 secs] [Times: user=0.02 sys=0.01, real=0.00 secs] 
1242.976: [GC (Allocation Failure) [PSYoungGen: 68960K->1376K(68608K)] 408363K->340779K(581120K), 0.0039712 secs] [Times: user=0.02 sys=0.00, real=0.00 secs] 
1243.888: [GC (Allocation Failure) [PSYoungGen: 68448K->1376K(68096K)] 407851K->340779K(580608K), 0.0033883 secs] [Times: user=0.01 sys=0.00, real=0.00 secs] 
1244.172: [GC (Allocation Failure) [PSYoungGen: 67936K->1501K(67584K)] 407339K->340904K(580096K), 0.0021042 secs] [Times: user=0.01 sys=0.00, real=0.01 secs] 
1244.289: [GC (Allocation Failure) [PSYoungGen: 67549K->1533K(67072K)] 406952K->340936K(579584K), 0.0016817 secs] [Times: user=0.00 sys=0.00, real=0.00 secs] 
1244.405: [GC (Allocation Failure) [PSYoungGen: 67069K->1501K(66560K)] 406472K->340904K(579072K), 0.0015803 secs] [Times: user=0.01 sys=0.00, real=0.00 secs] 
1244.536: [GC (Allocation Failure) [PSYoungGen: 66525K->1456K(72704K)] 405928K->340875K(585216K), 0.0019594 secs] [Times: user=0.01 sys=0.00, real=0.00 secs] 
1244.870: [GC (Allocation Failure) [PSYoungGen: 72112K->1408K(72704K)] 411531K->340827K(585216K), 0.0022796 secs] [Times: user=0.01 sys=0.00, real=0.00 secs] 
1245.164: [GC (Allocation Failure) [PSYoungGen: 72064K->1376K(71680K)] 411483K->340795K(584192K), 0.0022174 secs] [Times: user=0.01 sys=0.00, real=0.00 secs] 
1245.458: [GC (Allocation Failure) [PSYoungGen: 71520K->1440K(71168K)] 410939K->340859K(583680K), 0.0021001 secs] [Times: user=0.01 sys=0.00, real=0.00 secs] 
1245.748: [GC (Allocation Failure) [PSYoungGen: 71072K->1376K(70656K)] 410491K->340795K(583168K), 0.0021987 secs] [Times: user=0.01 sys=0.00, real=0.00 secs] 
1245.913: [GC (Allocation Failure) [PSYoungGen: 70496K->1536K(70656K)] 409915K->340955K(583168K), 0.0016514 secs] [Times: user=0.00 sys=0.00, real=0.01 secs] 
1246.032: [GC (Allocation Failure) [PSYoungGen: 70144K->1533K(71168K)] 409563K->340952K(583680K), 0.0016811 secs] [Times: user=0.01 sys=0.00, real=0.00 secs] 
1246.154: [GC (Allocation Failure) [PSYoungGen: 70653K->1456K(76288K)] 410072K->340891K(588800K), 0.0020163 secs] [Times: user=0.01 sys=0.00, real=0.01 secs] 
1246.479: [GC (Allocation Failure) [PSYoungGen: 75696K->1424K(76288K)] 415131K->340859K(588800K), 0.0023995 secs] [Times: user=0.00 sys=0.00, real=0.00 secs] 
1247.377: [GC (Allocation Failure) [PSYoungGen: 75664K->1408K(75264K)] 415099K->340843K(587776K), 0.0027371 secs] [Times: user=0.01 sys=0.01, real=0.00 secs] 
1248.282: [GC (Allocation Failure) [PSYoungGen: 75136K->1392K(74752K)] 414571K->340827K(587264K), 0.0027437 secs] [Times: user=0.01 sys=0.01, real=0.01 secs] 
1249.154: [GC (Allocation Failure) [PSYoungGen: 74608K->1376K(74240K)] 414043K->340811K(586752K), 0.0024439 secs] [Times: user=0.01 sys=0.00, real=0.01 secs] 
1249.744: [GC (Allocation Failure) [PSYoungGen: 74080K->1485K(73728K)] 413515K->340929K(586240K), 0.0021489 secs] [Times: user=0.01 sys=0.00, real=0.01 secs] 
1249.880: [GC (Allocation Failure) [PSYoungGen: 73677K->1533K(73216K)] 413121K->340976K(585728K), 0.0016669 secs] [Times: user=0.01 sys=0.00, real=0.00 secs] 
1250.004: [GC (Allocation Failure) [PSYoungGen: 73213K->1533K(72704K)] 412656K->340976K(585216K), 0.0015923 secs] [Times: user=0.00 sys=0.00, real=0.00 secs] 
1250.129: [GC (Allocation Failure) [PSYoungGen: 72701K->1517K(72192K)] 412144K->341017K(584704K), 0.0016546 secs] [Times: user=0.01 sys=0.00, real=0.00 secs] 
1250.823: [GC (Allocation Failure) [PSYoungGen: 72173K->1408K(71680K)] 411673K->340907K(584192K), 0.0020507 secs] [Times: user=0.01 sys=0.00, real=0.01 secs] 
1251.407: [GC (Allocation Failure) [PSYoungGen: 71552K->1408K(71168K)] 411051K->340907K(583680K), 0.0019827 secs] [Times: user=0.01 sys=0.00, real=0.00 secs] 
1252.111: [GC (Allocation Failure) [PSYoungGen: 71040K->1408K(70656K)] 410539K->340907K(583168K), 0.0024122 secs] [Times: user=0.01 sys=0.00, real=0.00 secs] 
1252.802: [GC (Allocation Failure) [PSYoungGen: 70528K->1376K(70144K)] 410027K->340875K(582656K), 0.0024661 secs] [Times: user=0.01 sys=0.00, real=0.01 secs] 
1253.215: [GC (Allocation Failure) [PSYoungGen: 69984K->1488K(69632K)] 409483K->340987K(582144K), 0.0019146 secs] [Times: user=0.00 sys=0.00, real=0.00 secs] 
1253.336: [GC (Allocation Failure) [PSYoungGen: 69584K->1501K(69120K)] 409083K->341000K(581632K), 0.0016685 secs] [Times: user=0.01 sys=0.00, real=0.00 secs] 
1253.473: [GC (Allocation Failure) [PSYoungGen: 69085K->1504K(68608K)] 408584K->341003K(581120K), 0.0021619 secs] [Times: user=0.01 sys=0.00, real=0.01 secs] 
1253.622: [GC (Allocation Failure) [PSYoungGen: 68431K->224K(67072K)] 407931K->339723K(579584K), 0.0015855 secs] [Times: user=0.00 sys=0.00, real=0.00 secs] 
1253.934: [GC (Allocation Failure) [PSYoungGen: 66784K->1408K(68096K)] 406283K->340907K(580608K), 0.0019461 secs] [Times: user=0.01 sys=0.00, real=0.01 secs] 
1254.208: [GC (Allocation Failure) [PSYoungGen: 67456K->1440K(67072K)] 406955K->340939K(579584K), 0.0020901 secs] [Times: user=0.01 sys=0.00, real=0.00 secs] 
1254.567: [GC (Allocation Failure) [PSYoungGen: 66976K->1344K(66560K)] 406475K->340843K(579072K), 0.0021040 secs] [Times: user=0.01 sys=0.00, real=0.00 secs] 
1255.062: [GC (Allocation Failure) [PSYoungGen: 66368K->1376K(66048K)] 405867K->340883K(578560K), 0.0021013 secs] [Times: user=0.01 sys=0.00, real=0.00 secs] 
1255.393: [GC (Allocation Failure) [PSYoungGen: 65888K->1469K(65536K)] 405395K->340976K(578048K), 0.0019381 secs] [Times: user=0.01 sys=0.00, real=0.01 secs] 
1255.507: [GC (Allocation Failure) [PSYoungGen: 65469K->1533K(65024K)] 404976K->341040K(577536K), 0.0016684 secs] [Times: user=0.00 sys=0.00, real=0.00 secs] 
1255.618: [GC (Allocation Failure) [PSYoungGen: 65021K->1469K(70144K)] 404528K->340976K(582656K), 0.0016577 secs] [Times: user=0.01 sys=0.00, real=0.00 secs] 
1255.737: [GC (Allocation Failure) [PSYoungGen: 70077K->1501K(70656K)] 409584K->341016K(583168K), 0.0016675 secs] [Times: user=0.01 sys=0.00, real=0.00 secs] 
1256.088: [GC (Allocation Failure) [PSYoungGen: 70109K->1440K(70656K)] 409624K->340955K(583168K), 0.0022100 secs] [Times: user=0.01 sys=0.00, real=0.00 secs] 
1256.406: [GC (Allocation Failure) [PSYoungGen: 70048K->1392K(69632K)] 409563K->340907K(582144K), 0.0023992 secs] [Times: user=0.01 sys=0.00, real=0.00 secs] 
1256.725: [GC (Allocation Failure) [PSYoungGen: 69488K->1408K(69120K)] 409003K->340923K(581632K), 0.0022938 secs] [Times: user=0.00 sys=0.01, real=0.00 secs] 
1257.031: [GC (Allocation Failure) [PSYoungGen: 68992K->1376K(68608K)] 408507K->340891K(581120K), 0.0020173 secs] [Times: user=0.01 sys=0.00, real=0.00 secs] 
1257.242: [GC (Allocation Failure) [PSYoungGen: 68448K->1501K(68096K)] 407963K->341016K(580608K), 0.0017163 secs] [Times: user=0.01 sys=0.00, real=0.00 secs] 
1257.375: [GC (Allocation Failure) [PSYoungGen: 68061K->1517K(73216K)] 407576K->341057K(585728K), 0.0020131 secs] [Times: user=0.00 sys=0.00, real=0.00 secs] 
1257.542: [GC (Allocation Failure) [PSYoungGen: 73197K->1469K(73728K)] 412737K->341016K(586240K), 0.0022809 secs] [Times: user=0.01 sys=0.00, real=0.00 secs] 
1257.704: [GC (Allocation Failure) [PSYoungGen: 73149K->1517K(79872K)] 412696K->341065K(592384K), 0.0018391 secs] [Times: user=0.00 sys=0.00, real=0.00 secs] 
1258.066: [GC (Allocation Failure) [PSYoungGen: 79341K->1440K(78848K)] 418889K->340987K(591360K), 0.0022207 secs] [Times: user=0.01 sys=0.00, real=0.00 secs] 
1258.423: [GC (Allocation Failure) [PSYoungGen: 78752K->1408K(78336K)] 418299K->340971K(590848K), 0.0021693 secs] [Times: user=0.01 sys=0.00, real=0.01 secs] 
1258.821: [GC (Allocation Failure) [PSYoungGen: 78208K->1376K(77824K)] 417771K->340939K(590336K), 0.0023068 secs] [Times: user=0.01 sys=0.00, real=0.00 secs] 
1259.129: [GC (Allocation Failure) [PSYoungGen: 77664K->1485K(77312K)] 417227K->341049K(589824K), 0.0022006 secs] [Times: user=0.01 sys=0.00, real=0.00 secs] 
1259.302: [GC (Allocation Failure) [PSYoungGen: 77261K->1456K(76800K)] 416825K->341019K(589312K), 0.0021859 secs] [Times: user=0.00 sys=0.00, real=0.01 secs] 
1259.465: [GC (Allocation Failure) [PSYoungGen: 76720K->1469K(76288K)] 416283K->341032K(588800K), 0.0017939 secs] [Times: user=0.01 sys=0.00, real=0.00 secs] 
1259.619: [GC (Allocation Failure) [PSYoungGen: 76221K->1485K(76800K)] 415784K->341048K(589312K), 0.0021194 secs] [Times: user=0.00 sys=0.00, real=0.00 secs] 
1259.953: [GC (Allocation Failure) [PSYoungGen: 76237K->1440K(75776K)] 415800K->341011K(588288K), 0.0023852 secs] [Times: user=0.01 sys=0.00, real=0.01 secs] 
1260.262: [GC (Allocation Failure) [PSYoungGen: 75680K->1392K(75264K)] 415251K->340963K(587776K), 0.0027019 secs] [Times: user=0.01 sys=0.00, real=0.01 secs] 
1260.636: [GC (Allocation Failure) [PSYoungGen: 75120K->1376K(74752K)] 414691K->340947K(587264K), 0.0021189 secs] [Times: user=0.01 sys=0.00, real=0.00 secs] 
1260.999: [GC (Allocation Failure) [PSYoungGen: 74567K->1405K(74240K)] 414139K->340976K(586752K), 0.0024128 secs] [Times: user=0.01 sys=0.00, real=0.00 secs] 
1261.158: [GC (Allocation Failure) [PSYoungGen: 74109K->1469K(73728K)] 413680K->341040K(586240K), 0.0015452 secs] [Times: user=0.00 sys=0.00, real=0.00 secs] 
1261.285: [GC (Allocation Failure) [PSYoungGen: 73661K->1533K(73216K)] 413232K->341104K(585728K), 0.0017811 secs] [Times: user=0.01 sys=0.00, real=0.00 secs] 
1261.411: [GC (Allocation Failure) [PSYoungGen: 73213K->1517K(79360K)] 412784K->341089K(591872K), 0.0016603 secs] [Times: user=0.00 sys=0.00, real=0.00 secs] 
1261.914: [GC (Allocation Failure) [PSYoungGen: 79341K->1440K(78848K)] 418913K->341011K(591360K), 0.0019964 secs] [Times: user=0.01 sys=0.00, real=0.00 secs] 
1262.568: [GC (Allocation Failure) [PSYoungGen: 78752K->1408K(78336K)] 418323K->340979K(590848K), 0.0022625 secs] [Times: user=0.01 sys=0.00, real=0.00 secs] 
1263.559: [GC (Allocation Failure) [PSYoungGen: 78208K->1376K(77824K)] 417779K->340947K(590336K), 0.0029170 secs] [Times: user=0.01 sys=0.00, real=0.00 secs] 
1265.205: [GC (Allocation Failure) [PSYoungGen: 77664K->1376K(77312K)] 417235K->340955K(589824K), 0.0047025 secs] [Times: user=0.03 sys=0.00, real=0.00 secs] 
1265.561: [GC (Allocation Failure) [PSYoungGen: 77152K->1485K(76800K)] 416731K->341064K(589312K), 0.0020848 secs] [Times: user=0.00 sys=0.00, real=0.00 secs] 
1265.697: [GC (Allocation Failure) [PSYoungGen: 76749K->1501K(76288K)] 416328K->341080K(588800K), 0.0016923 secs] [Times: user=0.01 sys=0.00, real=0.00 secs] 
1265.828: [GC (Allocation Failure) [PSYoungGen: 76253K->1501K(75776K)] 415832K->341080K(588288K), 0.0017241 secs] [Times: user=0.01 sys=0.00, real=0.00 secs] 
1266.101: [GC (Allocation Failure) [PSYoungGen: 75741K->1408K(75264K)] 415320K->340987K(587776K), 0.0021085 secs] [Times: user=0.01 sys=0.00, real=0.00 secs] 
1266.488: [GC (Allocation Failure) [PSYoungGen: 75136K->1344K(74752K)] 414715K->340923K(587264K), 0.0021798 secs] [Times: user=0.01 sys=0.00, real=0.00 secs] 
1267.085: [GC (Allocation Failure) [PSYoungGen: 74560K->1456K(74240K)] 414139K->341035K(586752K), 0.0030239 secs] [Times: user=0.01 sys=0.00, real=0.00 secs] 
1267.685: [GC (Allocation Failure) [PSYoungGen: 74160K->1344K(73728K)] 413739K->340923K(586240K), 0.0028523 secs] [Times: user=0.01 sys=0.00, real=0.00 secs] 
1268.161: [GC (Allocation Failure) [PSYoungGen: 73536K->1501K(73216K)] 413115K->341080K(585728K), 0.0025177 secs] [Times: user=0.01 sys=0.00, real=0.00 secs] 
1268.317: [GC (Allocation Failure) [PSYoungGen: 73181K->1485K(72704K)] 412760K->341064K(585216K), 0.0016381 secs] [Times: user=0.01 sys=0.00, real=0.00 secs] 
1268.442: [GC (Allocation Failure) [PSYoungGen: 72653K->1501K(72192K)] 412232K->341080K(584704K), 0.0017451 secs] [Times: user=0.01 sys=0.00, real=0.00 secs] 
1268.567: [GC (Allocation Failure) [PSYoungGen: 72157K->1533K(72704K)] 411736K->341112K(585216K), 0.0017164 secs] [Times: user=0.01 sys=0.00, real=0.00 secs] 
1269.105: [GC (Allocation Failure) [PSYoungGen: 72189K->1440K(71680K)] 411768K->341019K(584192K), 0.0027721 secs] [Times: user=0.01 sys=0.00, real=0.00 secs] 
1269.866: [GC (Allocation Failure) [PSYoungGen: 71584K->1392K(71168K)] 411163K->340971K(583680K), 0.0043691 secs] [Times: user=0.01 sys=0.01, real=0.00 secs] 
1270.716: [GC (Allocation Failure) [PSYoungGen: 71024K->1408K(70656K)] 410603K->340987K(583168K), 0.0041708 secs] [Times: user=0.02 sys=0.00, real=0.00 secs] 
1271.544: [GC (Allocation Failure) [PSYoungGen: 70528K->1376K(70144K)] 410107K->340971K(582656K), 0.0045154 secs] [Times: user=0.02 sys=0.00, real=0.00 secs] 
1271.802: [GC (Allocation Failure) [PSYoungGen: 69984K->1472K(69632K)] 409579K->341067K(582144K), 0.0020947 secs] [Times: user=0.00 sys=0.00, real=0.00 secs] 
1271.926: [GC (Allocation Failure) [PSYoungGen: 69568K->1421K(69120K)] 409163K->341016K(581632K), 0.0016586 secs] [Times: user=0.01 sys=0.00, real=0.00 secs] 
1272.063: [GC (Allocation Failure) [PSYoungGen: 69005K->1501K(74752K)] 408600K->341096K(587264K), 0.0020414 secs] [Times: user=0.01 sys=0.00, real=0.01 secs] 
1272.674: [GC (Allocation Failure) [PSYoungGen: 74717K->1440K(74240K)] 414312K->341035K(586752K), 0.0031621 secs] [Times: user=0.02 sys=0.00, real=0.01 secs] 
1273.320: [GC (Allocation Failure) [PSYoungGen: 74144K->1376K(73728K)] 413739K->340971K(586240K), 0.0023648 secs] [Times: user=0.01 sys=0.00, real=0.00 secs] 
1273.620: [GC (Allocation Failure) [PSYoungGen: 73568K->1360K(73216K)] 413163K->340955K(585728K), 0.0022696 secs] [Times: user=0.01 sys=0.00, real=0.00 secs] 
1273.918: [GC (Allocation Failure) [PSYoungGen: 73040K->1440K(72704K)] 412635K->341035K(585216K), 0.0021328 secs] [Times: user=0.01 sys=0.00, real=0.00 secs] 
1274.200: [GC (Allocation Failure) [PSYoungGen: 72608K->1469K(72192K)] 412203K->341064K(584704K), 0.0018048 secs] [Times: user=0.01 sys=0.00, real=0.00 secs] 
1274.328: [GC (Allocation Failure) [PSYoungGen: 72125K->1488K(71680K)] 411720K->341083K(584192K), 0.0015413 secs] [Times: user=0.01 sys=0.00, real=0.00 secs] 
1274.455: [GC (Allocation Failure) [PSYoungGen: 71632K->1501K(71168K)] 411227K->341096K(583680K), 0.0016957 secs] [Times: user=0.00 sys=0.00, real=0.00 secs] 
1274.579: [GC (Allocation Failure) [PSYoungGen: 71133K->1501K(71680K)] 410728K->341096K(584192K), 0.0016891 secs] [Times: user=0.01 sys=0.00, real=0.00 secs] 
1274.839: [GC (Allocation Failure) [PSYoungGen: 71133K->1408K(70656K)] 410728K->341003K(583168K), 0.0020155 secs] [Times: user=0.01 sys=0.00, real=0.00 secs] 
1275.126: [GC (Allocation Failure) [PSYoungGen: 70528K->1408K(70144K)] 410123K->341003K(582656K), 0.0019846 secs] [Times: user=0.01 sys=0.00, real=0.00 secs] 
1275.411: [GC (Allocation Failure) [PSYoungGen: 70016K->1344K(69632K)] 409611K->340939K(582144K), 0.0019930 secs] [Times: user=0.01 sys=0.00, real=0.00 secs] 
1275.694: [GC (Allocation Failure) [PSYoungGen: 69440K->1408K(69120K)] 409035K->341003K(581632K), 0.0020053 secs] [Times: user=0.01 sys=0.00, real=0.00 secs] 
1275.966: [GC (Allocation Failure) [PSYoungGen: 68992K->1501K(68608K)] 408587K->341096K(581120K), 0.0018091 secs] [Times: user=0.01 sys=0.00, real=0.00 secs] 
1276.085: [GC (Allocation Failure) [PSYoungGen: 68573K->1472K(68096K)] 408168K->341067K(580608K), 0.0017390 secs] [Times: user=0.01 sys=0.00, real=0.00 secs] 
1276.202: [GC (Allocation Failure) [PSYoungGen: 68032K->1501K(68608K)] 407627K->341096K(581120K), 0.0016685 secs] [Times: user=0.01 sys=0.00, real=0.00 secs] 
1276.318: [GC (Allocation Failure) [PSYoungGen: 68061K->1485K(74240K)] 407656K->341096K(586752K), 0.0019339 secs] [Times: user=0.01 sys=0.01, real=0.00 secs] 
1276.597: [GC (Allocation Failure) [PSYoungGen: 73677K->1488K(74240K)] 413288K->341099K(586752K), 0.0019537 secs] [Times: user=0.01 sys=0.00, real=0.00 secs] 
1276.896: [GC (Allocation Failure) [PSYoungGen: 73680K->1424K(80384K)] 413291K->341035K(592896K), 0.0023618 secs] [Times: user=0.01 sys=0.01, real=0.00 secs] 
1277.223: [GC (Allocation Failure) [PSYoungGen: 79760K->1376K(79360K)] 419371K->340987K(591872K), 0.0026941 secs] [Times: user=0.01 sys=0.00, real=0.01 secs] 
1277.594: [GC (Allocation Failure) [PSYoungGen: 79200K->288K(78848K)] 418811K->339899K(591360K), 0.0023365 secs] [Times: user=0.01 sys=0.00, real=0.01 secs] 
1277.795: [GC (Allocation Failure) [PSYoungGen: 77600K->1469K(79360K)] 417211K->341080K(591872K), 0.0031640 secs] [Times: user=0.02 sys=0.00, real=0.00 secs] 
1277.964: [GC (Allocation Failure) [PSYoungGen: 78781K->1485K(86016K)] 418392K->341112K(598528K), 0.0020316 secs] [Times: user=0.01 sys=0.00, real=0.00 secs] 
1278.111: [GC (Allocation Failure) [PSYoungGen: 85453K->1501K(86016K)] 425080K->341128K(598528K), 0.0016618 secs] [Times: user=0.01 sys=0.00, real=0.00 secs] 
1278.674: [GC (Allocation Failure) [PSYoungGen: 85469K->1440K(84992K)] 425096K->341075K(597504K), 0.0035130 secs] [Times: user=0.02 sys=0.01, real=0.01 secs] 
1279.363: [GC (Allocation Failure) [PSYoungGen: 84896K->1392K(84480K)] 424531K->341027K(596992K), 0.0029971 secs] [Times: user=0.01 sys=0.00, real=0.01 secs] 
1280.024: [GC (Allocation Failure) [PSYoungGen: 84336K->1408K(83968K)] 423971K->341043K(596480K), 0.0027247 secs] [Times: user=0.01 sys=0.00, real=0.01 secs] 
1280.627: [GC (Allocation Failure) [PSYoungGen: 83840K->1437K(83456K)] 423475K->341072K(595968K), 0.0025641 secs] [Times: user=0.01 sys=0.00, real=0.00 secs] 
1280.798: [GC (Allocation Failure) [PSYoungGen: 83357K->1469K(82944K)] 422992K->341104K(595456K), 0.0017617 secs] [Times: user=0.00 sys=0.00, real=0.00 secs] 
1280.941: [GC (Allocation Failure) [PSYoungGen: 82877K->1456K(82432K)] 422512K->341091K(594944K), 0.0017379 secs] [Times: user=0.00 sys=0.00, real=0.00 secs] 
1281.351: [GC (Allocation Failure) [PSYoungGen: 82352K->1456K(81920K)] 421987K->341091K(594432K), 0.0022654 secs] [Times: user=0.01 sys=0.00, real=0.00 secs] 
1282.089: [GC (Allocation Failure) [PSYoungGen: 81840K->1408K(81408K)] 421475K->341043K(593920K), 0.0028199 secs] [Times: user=0.00 sys=0.01, real=0.00 secs] 
1282.814: [GC (Allocation Failure) [PSYoungGen: 81280K->1376K(80896K)] 420915K->341011K(593408K), 0.0025224 secs] [Times: user=0.01 sys=0.00, real=0.01 secs] 
1283.480: [GC (Allocation Failure) [PSYoungGen: 80736K->1344K(80384K)] 420371K->340979K(592896K), 0.0035097 secs] [Times: user=0.01 sys=0.00, real=0.00 secs] 
1283.763: [GC (Allocation Failure) [PSYoungGen: 80192K->1533K(79872K)] 419827K->341192K(592384K), 0.0015934 secs] [Times: user=0.01 sys=0.00, real=0.01 secs] 
1283.902: [GC (Allocation Failure) [PSYoungGen: 79869K->1469K(79360K)] 419528K->341128K(591872K), 0.0017208 secs] [Times: user=0.01 sys=0.00, real=0.00 secs] 
1284.040: [GC (Allocation Failure) [PSYoungGen: 79293K->1501K(78848K)] 418952K->341160K(591360K), 0.0017220 secs] [Times: user=0.01 sys=0.00, real=0.00 secs] 
1284.301: [GC (Allocation Failure) [PSYoungGen: 78813K->1440K(78336K)] 418472K->341099K(590848K), 0.0021750 secs] [Times: user=0.01 sys=0.00, real=0.00 secs] 
1284.774: [GC (Allocation Failure) [PSYoungGen: 78240K->1424K(77824K)] 417899K->341083K(590336K), 0.0021815 secs] [Times: user=0.01 sys=0.00, real=0.01 secs] 
1285.129: [GC (Allocation Failure) [PSYoungGen: 77712K->1456K(77312K)] 417371K->341115K(589824K), 0.0021910 secs] [Times: user=0.01 sys=0.00, real=0.00 secs] 
1285.444: [GC (Allocation Failure) [PSYoungGen: 77232K->1408K(76800K)] 416891K->341067K(589312K), 0.0019847 secs] [Times: user=0.01 sys=0.00, real=0.01 secs] 
1285.696: [GC (Allocation Failure) [PSYoungGen: 76672K->1469K(76288K)] 416331K->341128K(588800K), 0.0016279 secs] [Times: user=0.00 sys=0.00, real=0.00 secs] 
1285.827: [GC (Allocation Failure) [PSYoungGen: 76221K->1469K(75776K)] 415880K->341128K(588288K), 0.0016795 secs] [Times: user=0.01 sys=0.00, real=0.00 secs] 
1285.958: [GC (Allocation Failure) [PSYoungGen: 75709K->1501K(75264K)] 415368K->341160K(587776K), 0.0017035 secs] [Times: user=0.01 sys=0.00, real=0.00 secs] 
1286.188: [GC (Allocation Failure) [PSYoungGen: 75229K->1504K(74752K)] 414888K->341163K(587264K), 0.0019371 secs] [Times: user=0.01 sys=0.00, real=0.00 secs] 
1286.544: [GC (Allocation Failure) [PSYoungGen: 74720K->1408K(74240K)] 414379K->341083K(586752K), 0.0020251 secs] [Times: user=0.01 sys=0.00, real=0.01 secs] 
1286.871: [GC (Allocation Failure) [PSYoungGen: 74112K->1408K(73728K)] 413787K->341083K(586240K), 0.0019645 secs] [Times: user=0.01 sys=0.00, real=0.00 secs] 
1287.224: [GC (Allocation Failure) [PSYoungGen: 73600K->1408K(73216K)] 413275K->341083K(585728K), 0.0033413 secs] [Times: user=0.01 sys=0.00, real=0.01 secs] 
1287.584: [GC (Allocation Failure) [PSYoungGen: 73088K->1453K(72704K)] 412763K->341128K(585216K), 0.0023586 secs] [Times: user=0.02 sys=0.00, real=0.01 secs] 
1287.782: [GC (Allocation Failure) [PSYoungGen: 72621K->1533K(72192K)] 412296K->341208K(584704K), 0.0017785 secs] [Times: user=0.01 sys=0.01, real=0.01 secs] 
1287.907: [GC (Allocation Failure) [PSYoungGen: 72189K->1485K(71680K)] 411864K->341160K(584192K), 0.0017214 secs] [Times: user=0.01 sys=0.00, real=0.00 secs] 
1288.030: [GC (Allocation Failure) [PSYoungGen: 71619K->1501K(77824K)] 411295K->341176K(590336K), 0.0017230 secs] [Times: user=0.01 sys=0.00, real=0.00 secs] 
1288.685: [GC (Allocation Failure) [PSYoungGen: 77789K->1440K(77312K)] 417464K->341115K(589824K), 0.0021468 secs] [Times: user=0.01 sys=0.00, real=0.00 secs] 
1289.570: [GC (Allocation Failure) [PSYoungGen: 77216K->1408K(76800K)] 416891K->341107K(589312K), 0.0051510 secs] [Times: user=0.02 sys=0.00, real=0.01 secs] 
1290.406: [GC (Allocation Failure) [PSYoungGen: 76672K->1376K(76288K)] 416371K->341075K(588800K), 0.0033020 secs] [Times: user=0.01 sys=0.00, real=0.00 secs] 
1291.141: [GC (Allocation Failure) [PSYoungGen: 76128K->1469K(75776K)] 415827K->341168K(588288K), 0.0027844 secs] [Times: user=0.01 sys=0.01, real=0.01 secs] 
1291.329: [GC (Allocation Failure) [PSYoungGen: 75709K->1501K(75264K)] 415408K->341200K(587776K), 0.0016145 secs] [Times: user=0.01 sys=0.00, real=0.00 secs] 
1291.458: [GC (Allocation Failure) [PSYoungGen: 75229K->1549K(75264K)] 414928K->341249K(587776K), 0.0018259 secs] [Times: user=0.00 sys=0.00, real=0.00 secs] 
1291.586: [GC (Allocation Failure) [PSYoungGen: 74765K->477K(73216K)] 414465K->341200K(585728K), 0.0016600 secs] [Times: user=0.01 sys=0.00, real=0.00 secs] 
1291.881: [GC (Allocation Failure) [PSYoungGen: 73181K->1424K(74240K)] 413904K->342147K(586752K), 0.0021791 secs] [Times: user=0.01 sys=0.00, real=0.00 secs] 
1292.185: [GC (Allocation Failure) [PSYoungGen: 73616K->1376K(73216K)] 414339K->342099K(585728K), 0.0020236 secs] [Times: user=0.01 sys=0.00, real=0.00 secs] 
1292.564: [GC (Allocation Failure) [PSYoungGen: 73056K->1376K(72704K)] 413779K->342099K(585216K), 0.0022683 secs] [Times: user=0.01 sys=0.00, real=0.00 secs] 
1292.860: [GC (Allocation Failure) [PSYoungGen: 72544K->1408K(72192K)] 413267K->342131K(584704K), 0.0021790 secs] [Times: user=0.01 sys=0.00, real=0.00 secs] 
1293.117: [GC (Allocation Failure) [PSYoungGen: 72064K->1501K(71680K)] 412787K->342225K(584192K), 0.0017568 secs] [Times: user=0.00 sys=0.00, real=0.00 secs] 
1293.240: [GC (Allocation Failure) [PSYoungGen: 71645K->1501K(71168K)] 412369K->342224K(583680K), 0.0016271 secs] [Times: user=0.01 sys=0.00, real=0.00 secs] 
1293.362: [GC (Allocation Failure) [PSYoungGen: 71133K->1485K(72192K)] 411856K->342209K(584704K), 0.0016927 secs] [Times: user=0.01 sys=0.00, real=0.00 secs] 
1293.485: [GC (Allocation Failure) [PSYoungGen: 71629K->1469K(77312K)] 412353K->342192K(589824K), 0.0019060 secs] [Times: user=0.01 sys=0.00, real=0.00 secs] 
1294.344: [GC (Allocation Failure) [PSYoungGen: 76733K->1440K(77312K)] 417456K->342171K(589824K), 0.0048247 secs] [Times: user=0.02 sys=0.01, real=0.00 secs] 
1295.148: [GC (Allocation Failure) [PSYoungGen: 76704K->1424K(76288K)] 417435K->342155K(588800K), 0.0036531 secs] [Times: user=0.01 sys=0.00, real=0.00 secs] 
1295.823: [GC (Allocation Failure) [PSYoungGen: 76176K->1392K(75776K)] 416907K->342123K(588288K), 0.0030480 secs] [Times: user=0.01 sys=0.00, real=0.01 secs] 
1296.196: [GC (Allocation Failure) [PSYoungGen: 75632K->1440K(75264K)] 416363K->342171K(587776K), 0.0022408 secs] [Times: user=0.01 sys=0.00, real=0.00 secs] 
1296.342: [GC (Allocation Failure) [PSYoungGen: 75168K->1533K(74752K)] 415899K->342265K(587264K), 0.0017514 secs] [Times: user=0.01 sys=0.00, real=0.00 secs] 
1296.471: [GC (Allocation Failure) [PSYoungGen: 74749K->1501K(74240K)] 415481K->342233K(586752K), 0.0016120 secs] [Times: user=0.00 sys=0.00, real=0.00 secs] 
1296.599: [GC (Allocation Failure) [PSYoungGen: 74205K->1501K(80896K)] 414937K->342232K(593408K), 0.0015240 secs] [Times: user=0.01 sys=0.00, real=0.00 secs] 
1297.307: [GC (Allocation Failure) [PSYoungGen: 80349K->1424K(79872K)] 421080K->342155K(592384K), 0.0046856 secs] [Times: user=0.02 sys=0.00, real=0.00 secs] 
1297.810: [GC (Allocation Failure) [PSYoungGen: 79760K->1408K(79360K)] 420491K->342139K(591872K), 0.0023380 secs] [Times: user=0.00 sys=0.00, real=0.00 secs] 
1298.328: [GC (Allocation Failure) [PSYoungGen: 79232K->1408K(78848K)] 419963K->342139K(591360K), 0.0024962 secs] [Times: user=0.01 sys=0.00, real=0.00 secs] 
1299.164: [GC (Allocation Failure) [PSYoungGen: 78720K->1501K(78336K)] 419451K->342233K(590848K), 0.0023870 secs] [Times: user=0.01 sys=0.00, real=0.01 secs] 
1299.344: [GC (Allocation Failure) [PSYoungGen: 78301K->1469K(77824K)] 419033K->342200K(590336K), 0.0016717 secs] [Times: user=0.00 sys=0.00, real=0.01 secs] 
1299.477: [GC (Allocation Failure) [PSYoungGen: 77757K->1536K(77824K)] 418488K->342267K(590336K), 0.0016879 secs] [Times: user=0.00 sys=0.00, real=0.00 secs] 
1299.612: [GC (Allocation Failure) [PSYoungGen: 77312K->1501K(76800K)] 418043K->342232K(589312K), 0.0016383 secs] [Times: user=0.01 sys=0.00, real=0.00 secs] 
1299.962: [GC (Allocation Failure) [PSYoungGen: 76765K->1440K(76288K)] 417496K->342171K(588800K), 0.0021811 secs] [Times: user=0.01 sys=0.00, real=0.01 secs] 
1300.273: [GC (Allocation Failure) [PSYoungGen: 76192K->1408K(75776K)] 416923K->342139K(588288K), 0.0021232 secs] [Times: user=0.01 sys=0.00, real=0.01 secs] 
1300.684: [GC (Allocation Failure) [PSYoungGen: 75648K->1344K(75264K)] 416379K->342091K(587776K), 0.0021562 secs] [Times: user=0.01 sys=0.00, real=0.01 secs] 
1300.990: [GC (Allocation Failure) [PSYoungGen: 75072K->1376K(74752K)] 415819K->342123K(587264K), 0.0019121 secs] [Times: user=0.00 sys=0.00, real=0.00 secs] 
1301.233: [GC (Allocation Failure) [PSYoungGen: 74592K->1501K(74240K)] 415339K->342249K(586752K), 0.0016756 secs] [Times: user=0.01 sys=0.00, real=0.01 secs] 
1301.361: [GC (Allocation Failure) [PSYoungGen: 74205K->1501K(73728K)] 414953K->342248K(586240K), 0.0016190 secs] [Times: user=0.01 sys=0.00, real=0.00 secs] 
1301.487: [GC (Allocation Failure) [PSYoungGen: 73693K->1488K(74752K)] 414440K->342235K(587264K), 0.0018288 secs] [Times: user=0.01 sys=0.00, real=0.00 secs] 
1301.822: [GC (Allocation Failure) [PSYoungGen: 74192K->1440K(73728K)] 414939K->342187K(586240K), 0.0020870 secs] [Times: user=0.01 sys=0.00, real=0.00 secs] 
1302.505: [GC (Allocation Failure) [PSYoungGen: 73632K->1344K(73216K)] 414379K->342091K(585728K), 0.0023302 secs] [Times: user=0.01 sys=0.00, real=0.00 secs] 
1303.132: [GC (Allocation Failure) [PSYoungGen: 73024K->1376K(72704K)] 413771K->342123K(585216K), 0.0020092 secs] [Times: user=0.01 sys=0.00, real=0.00 secs] 
1303.803: [GC (Allocation Failure) [PSYoungGen: 72544K->1360K(72192K)] 413291K->342107K(584704K), 0.0021563 secs] [Times: user=0.01 sys=0.00, real=0.01 secs] 
1304.133: [GC (Allocation Failure) [PSYoungGen: 72016K->1485K(71680K)] 412763K->342233K(584192K), 0.0020125 secs] [Times: user=0.00 sys=0.00, real=0.01 secs] 
1304.258: [GC (Allocation Failure) [PSYoungGen: 71629K->1501K(71168K)] 412377K->342248K(583680K), 0.0016592 secs] [Times: user=0.00 sys=0.00, real=0.00 secs] 
1304.380: [GC (Allocation Failure) [PSYoungGen: 71133K->1501K(70656K)] 411880K->342248K(583168K), 0.0016597 secs] [Times: user=0.01 sys=0.00, real=0.00 secs] 
1304.504: [GC (Allocation Failure) [PSYoungGen: 70621K->1549K(76800K)] 411368K->342297K(589312K), 0.0016109 secs] [Times: user=0.01 sys=0.00, real=0.01 secs] 
1305.903: [GC (Allocation Failure) [PSYoungGen: 76301K->1440K(75776K)] 417049K->342187K(588288K), 0.0041407 secs] [Times: user=0.02 sys=0.00, real=0.01 secs] 
1306.857: [GC (Allocation Failure) [PSYoungGen: 75680K->1408K(75264K)] 416427K->342155K(587776K), 0.0029793 secs] [Times: user=0.01 sys=0.00, real=0.00 secs] 
1307.728: [GC (Allocation Failure) [PSYoungGen: 75136K->1408K(74752K)] 415883K->342155K(587264K), 0.0028616 secs] [Times: user=0.01 sys=0.00, real=0.00 secs] 
1308.603: [GC (Allocation Failure) [PSYoungGen: 74624K->1376K(74240K)] 415371K->342123K(586752K), 0.0034332 secs] [Times: user=0.02 sys=0.00, real=0.01 secs] 
1308.892: [GC (Allocation Failure) [PSYoungGen: 74075K->1469K(73728K)] 414823K->342216K(586240K), 0.0021235 secs] [Times: user=0.01 sys=0.00, real=0.01 secs] 
1309.022: [GC (Allocation Failure) [PSYoungGen: 73661K->1469K(73216K)] 414408K->342216K(585728K), 0.0016607 secs] [Times: user=0.01 sys=0.00, real=0.00 secs] 
1309.167: [GC (Allocation Failure) [PSYoungGen: 73138K->1517K(72704K)] 413886K->342265K(585216K), 0.0019969 secs] [Times: user=0.01 sys=0.00, real=0.00 secs] 
1309.415: [GC (Allocation Failure) [PSYoungGen: 72685K->1440K(72192K)] 413433K->342187K(584704K), 0.0021388 secs] [Times: user=0.01 sys=0.00, real=0.00 secs] 
1309.835: [GC (Allocation Failure) [PSYoungGen: 72096K->1376K(71680K)] 412843K->342123K(584192K), 0.0025143 secs] [Times: user=0.01 sys=0.00, real=0.00 secs] 
1310.540: [GC (Allocation Failure) [PSYoungGen: 71520K->1376K(71168K)] 412267K->342123K(583680K), 0.0026049 secs] [Times: user=0.01 sys=0.00, real=0.00 secs] 
1311.371: [GC (Allocation Failure) [PSYoungGen: 71008K->1408K(70656K)] 411755K->342155K(583168K), 0.0027817 secs] [Times: user=0.01 sys=0.00, real=0.00 secs] 
1311.983: [GC (Allocation Failure) [PSYoungGen: 70528K->1469K(70144K)] 411275K->342217K(582656K), 0.0023779 secs] [Times: user=0.01 sys=0.00, real=0.01 secs] 
1312.126: [GC (Allocation Failure) [PSYoungGen: 70077K->1533K(69632K)] 410825K->342281K(582144K), 0.0016549 secs] [Times: user=0.01 sys=0.00, real=0.00 secs] 
1312.246: [GC (Allocation Failure) [PSYoungGen: 69629K->1533K(69120K)] 410377K->342281K(581632K), 0.0016757 secs] [Times: user=0.01 sys=0.00, real=0.00 secs] 
1312.367: [GC (Allocation Failure) [PSYoungGen: 69117K->1549K(69120K)] 409865K->342321K(581632K), 0.0016305 secs] [Times: user=0.01 sys=0.00, real=0.00 secs] 
1312.761: [GC (Allocation Failure) [PSYoungGen: 68621K->1408K(68096K)] 409393K->342179K(580608K), 0.0021930 secs] [Times: user=0.00 sys=0.00, real=0.00 secs] 
1313.039: [GC (Allocation Failure) [PSYoungGen: 67968K->1344K(67584K)] 408739K->342115K(580096K), 0.0020705 secs] [Times: user=0.01 sys=0.00, real=0.00 secs] 
1313.314: [GC (Allocation Failure) [PSYoungGen: 67392K->1392K(67072K)] 408163K->342163K(579584K), 0.0026212 secs] [Times: user=0.01 sys=0.00, real=0.00 secs] 
1313.782: [GC (Allocation Failure) [PSYoungGen: 66928K->1408K(66560K)] 407699K->342179K(579072K), 0.0027530 secs] [Times: user=0.01 sys=0.00, real=0.01 secs] 
1314.284: [GC (Allocation Failure) [PSYoungGen: 66432K->1453K(66048K)] 407203K->342225K(578560K), 0.0028795 secs] [Times: user=0.01 sys=0.00, real=0.01 secs] 
1314.479: [GC (Allocation Failure) [PSYoungGen: 65965K->1533K(65536K)] 406737K->342304K(578048K), 0.0019539 secs] [Times: user=0.01 sys=0.00, real=0.00 secs] 
1314.629: [GC (Allocation Failure) [PSYoungGen: 65514K->1533K(65024K)] 406286K->342305K(577536K), 0.0019787 secs] [Times: user=0.01 sys=0.00, real=0.00 secs] 
1314.766: [GC (Allocation Failure) [PSYoungGen: 65021K->1501K(65536K)] 405793K->342297K(578048K), 0.0016983 secs] [Times: user=0.00 sys=0.00, real=0.00 secs] 
1314.951: [GC (Allocation Failure) [PSYoungGen: 65501K->1472K(66048K)] 406297K->342267K(578560K), 0.0019006 secs] [Times: user=0.01 sys=0.00, real=0.00 secs] 
1315.487: [GC (Allocation Failure) [PSYoungGen: 65472K->1408K(65024K)] 406267K->342203K(577536K), 0.0028103 secs] [Times: user=0.01 sys=0.00, real=0.00 secs] 
1316.076: [GC (Allocation Failure) [PSYoungGen: 64896K->1440K(64512K)] 405691K->342235K(577024K), 0.0026773 secs] [Times: user=0.01 sys=0.00, real=0.00 secs] 
1316.625: [GC (Allocation Failure) [PSYoungGen: 64416K->1408K(64000K)] 405211K->342203K(576512K), 0.0022835 secs] [Times: user=0.01 sys=0.00, real=0.00 secs] 
1317.212: [GC (Allocation Failure) [PSYoungGen: 63872K->1408K(63488K)] 404667K->342203K(576000K), 0.0026083 secs] [Times: user=0.01 sys=0.00, real=0.01 secs] 
1317.545: [GC (Allocation Failure) [PSYoungGen: 63360K->1485K(62976K)] 404155K->342281K(575488K), 0.0023188 secs] [Times: user=0.01 sys=0.00, real=0.00 secs] 
1317.682: [GC (Allocation Failure) [PSYoungGen: 62925K->1533K(62464K)] 403721K->342329K(574976K), 0.0017248 secs] [Times: user=0.01 sys=0.00, real=0.00 secs] 
1317.790: [GC (Allocation Failure) [PSYoungGen: 62461K->1501K(61952K)] 403257K->342312K(574464K), 0.0015472 secs] [Times: user=0.01 sys=0.00, real=0.00 secs] 
1317.897: [GC (Allocation Failure) [PSYoungGen: 61917K->1501K(67584K)] 402728K->342313K(580096K), 0.0016559 secs] [Times: user=0.00 sys=0.00, real=0.00 secs] 
1318.565: [GC (Allocation Failure) [PSYoungGen: 67037K->1440K(67584K)] 407849K->342251K(580096K), 0.0044757 secs] [Times: user=0.02 sys=0.00, real=0.00 secs] 
1319.310: [GC (Allocation Failure) [PSYoungGen: 66976K->1440K(66560K)] 407787K->342251K(579072K), 0.0029068 secs] [Times: user=0.01 sys=0.00, real=0.00 secs] 
1319.852: [GC (Allocation Failure) [PSYoungGen: 66464K->1440K(66048K)] 407275K->342251K(578560K), 0.0028060 secs] [Times: user=0.01 sys=0.00, real=0.01 secs] 
1320.350: [GC (Allocation Failure) [PSYoungGen: 65952K->1344K(65536K)] 406763K->342179K(578048K), 0.0035562 secs] [Times: user=0.02 sys=0.00, real=0.00 secs] 
1320.865: [GC (Allocation Failure) [PSYoungGen: 65312K->1469K(65024K)] 406148K->342305K(577536K), 0.0026627 secs] [Times: user=0.01 sys=0.00, real=0.00 secs] 
1321.033: [GC (Allocation Failure) [PSYoungGen: 64957K->1501K(64512K)] 405793K->342336K(577024K), 0.0018389 secs] [Times: user=0.01 sys=0.00, real=0.01 secs] 
1321.143: [GC (Allocation Failure) [PSYoungGen: 64477K->1533K(64000K)] 405312K->342385K(576512K), 0.0017590 secs] [Times: user=0.01 sys=0.00, real=0.01 secs] 
1321.269: [GC (Allocation Failure) [PSYoungGen: 63997K->1501K(64512K)] 404849K->342352K(577024K), 0.0020389 secs] [Times: user=0.01 sys=0.00, real=0.00 secs] 
1321.896: [GC (Allocation Failure) [PSYoungGen: 63965K->1936K(64000K)] 404816K->343299K(576512K), 0.0027082 secs] [Times: user=0.01 sys=0.00, real=0.00 secs] 
1322.453: [GC (Allocation Failure) [PSYoungGen: 63888K->1408K(68608K)] 405251K->342771K(581120K), 0.0061823 secs] [Times: user=0.02 sys=0.00, real=0.01 secs] 
1322.807: [GC (Allocation Failure) [PSYoungGen: 68480K->1408K(68096K)] 409843K->342771K(580608K), 0.0023600 secs] [Times: user=0.01 sys=0.01, real=0.00 secs] 
1323.085: [GC (Allocation Failure) [PSYoungGen: 67968K->1440K(67584K)] 409331K->342803K(580096K), 0.0024149 secs] [Times: user=0.01 sys=0.00, real=0.00 secs] 
1323.447: [GC (Allocation Failure) [PSYoungGen: 67488K->1408K(67072K)] 408851K->342771K(579584K), 0.0021244 secs] [Times: user=0.01 sys=0.00, real=0.00 secs] 
1323.631: [GC (Allocation Failure) [PSYoungGen: 66944K->1469K(66560K)] 408307K->342833K(579072K), 0.0018101 secs] [Times: user=0.00 sys=0.01, real=0.00 secs] 
1323.745: [GC (Allocation Failure) [PSYoungGen: 66493K->1501K(67072K)] 407857K->342865K(579584K), 0.0016341 secs] [Times: user=0.00 sys=0.00, real=0.00 secs] 
1323.860: [GC (Allocation Failure) [PSYoungGen: 67014K->1501K(67584K)] 408378K->342873K(580096K), 0.0016252 secs] [Times: user=0.01 sys=0.00, real=0.00 secs] 
1323.975: [GC (Allocation Failure) [PSYoungGen: 67037K->1501K(73216K)] 408409K->342873K(585728K), 0.0017181 secs] [Times: user=0.01 sys=0.00, real=0.00 secs] 
1325.101: [GC (Allocation Failure) [PSYoungGen: 72669K->1440K(72192K)] 414041K->342811K(584704K), 0.0026893 secs] [Times: user=0.01 sys=0.00, real=0.00 secs] 
1325.683: [GC (Allocation Failure) [PSYoungGen: 72096K->1344K(71680K)] 413467K->342715K(584192K), 0.0027228 secs] [Times: user=0.01 sys=0.00, real=0.01 secs] 
1326.287: [GC (Allocation Failure) [PSYoungGen: 71488K->1440K(71168K)] 412859K->342811K(583680K), 0.0028822 secs] [Times: user=0.01 sys=0.00, real=0.00 secs] 
1326.774: [GC (Allocation Failure) [PSYoungGen: 71072K->1408K(70656K)] 412443K->342779K(583168K), 0.0023489 secs] [Times: user=0.01 sys=0.00, real=0.00 secs] 
1326.968: [GC (Allocation Failure) [PSYoungGen: 70528K->1501K(70144K)] 411899K->342873K(582656K), 0.0022734 secs] [Times: user=0.01 sys=0.00, real=0.00 secs] 
1327.134: [GC (Allocation Failure) [PSYoungGen: 70104K->1501K(69632K)] 411476K->342873K(582144K), 0.0018534 secs] [Times: user=0.01 sys=0.00, real=0.00 secs] 
1327.253: [GC (Allocation Failure) [PSYoungGen: 69597K->1469K(70144K)] 410969K->342857K(582656K), 0.0018245 secs] [Times: user=0.01 sys=0.00, real=0.01 secs] 
1327.507: [GC (Allocation Failure) [PSYoungGen: 69565K->1952K(69632K)] 410953K->343851K(582144K), 0.0019974 secs] [Times: user=0.01 sys=0.00, real=0.00 secs] 
1328.331: [GC (Allocation Failure) [PSYoungGen: 69536K->1344K(68608K)] 411435K->343243K(581120K), 0.0035422 secs] [Times: user=0.01 sys=0.01, real=0.01 secs] 
1329.077: [GC (Allocation Failure) [PSYoungGen: 68416K->384K(67072K)] 410315K->343307K(579584K), 0.0028459 secs] [Times: user=0.01 sys=0.00, real=0.00 secs] 
1329.910: [GC (Allocation Failure) [PSYoungGen: 66944K->384K(66560K)] 409867K->343307K(579072K), 0.0027440 secs] [Times: user=0.01 sys=0.00, real=0.00 secs] 
1330.739: [GC (Allocation Failure) [PSYoungGen: 66432K->384K(66048K)] 409355K->343307K(578560K), 0.0038281 secs] [Times: user=0.02 sys=0.01, real=0.00 secs] 
1331.006: [GC (Allocation Failure) [PSYoungGen: 65889K->1565K(67584K)] 408812K->344489K(580096K), 0.0021710 secs] [Times: user=0.01 sys=0.00, real=0.00 secs] 
1331.129: [GC (Allocation Failure) [PSYoungGen: 66589K->1469K(66048K)] 409513K->344393K(578560K), 0.0017790 secs] [Times: user=0.01 sys=0.00, real=0.00 secs] 
1331.242: [GC (Allocation Failure) [PSYoungGen: 65981K->1469K(70144K)] 408905K->344393K(582656K), 0.0016723 secs] [Times: user=0.00 sys=0.00, real=0.00 secs] 
1331.380: [GC (Allocation Failure) [PSYoungGen: 69053K->1517K(72192K)] 411977K->344473K(584704K), 0.0019527 secs] [Times: user=0.01 sys=0.00, real=0.00 secs] 
1331.777: [GC (Allocation Failure) [PSYoungGen: 71149K->1408K(70656K)] 414105K->344363K(583168K), 0.0019755 secs] [Times: user=0.01 sys=0.00, real=0.00 secs] 
1332.511: [GC (Allocation Failure) [PSYoungGen: 70528K->1376K(70656K)] 413483K->344331K(583168K), 0.0027529 secs] [Times: user=0.01 sys=0.00, real=0.00 secs] 
1333.236: [GC (Allocation Failure) [PSYoungGen: 69984K->1344K(69632K)] 412939K->344299K(582144K), 0.0034920 secs] [Times: user=0.02 sys=0.00, real=0.00 secs] 
1333.975: [GC (Allocation Failure) [PSYoungGen: 69440K->1408K(69120K)] 412395K->344363K(581632K), 0.0037238 secs] [Times: user=0.01 sys=0.00, real=0.00 secs] 
1334.294: [GC (Allocation Failure) [PSYoungGen: 68992K->1469K(68608K)] 411947K->344441K(581120K), 0.0020783 secs] [Times: user=0.01 sys=0.00, real=0.01 secs] 
1334.418: [GC (Allocation Failure) [PSYoungGen: 68541K->1456K(68096K)] 411513K->344427K(580608K), 0.0016037 secs] [Times: user=0.01 sys=0.00, real=0.00 secs] 
1334.551: [GC (Allocation Failure) [PSYoungGen: 68006K->1501K(68608K)] 410978K->344481K(581120K), 0.0022190 secs] [Times: user=0.01 sys=0.00, real=0.00 secs] 
1334.710: [GC (Allocation Failure) [PSYoungGen: 68061K->1408K(74240K)] 411041K->344395K(586752K), 0.0020024 secs] [Times: user=0.00 sys=0.00, real=0.00 secs] 
1335.871: [GC (Allocation Failure) [PSYoungGen: 73600K->1376K(73216K)] 416587K->344371K(585728K), 0.0057510 secs] [Times: user=0.02 sys=0.00, real=0.01 secs] 
1336.624: [GC (Allocation Failure) [PSYoungGen: 73056K->1408K(72704K)] 416051K->344411K(585216K), 0.0050127 secs] [Times: user=0.02 sys=0.00, real=0.01 secs] 
1337.448: [GC (Allocation Failure) [PSYoungGen: 72576K->1408K(72192K)] 415579K->344411K(584704K), 0.0048090 secs] [Times: user=0.02 sys=0.00, real=0.00 secs] 
1338.221: [GC (Allocation Failure) [PSYoungGen: 72064K->1469K(71680K)] 415067K->344473K(584192K), 0.0035473 secs] [Times: user=0.02 sys=0.00, real=0.01 secs] 
1338.423: [GC (Allocation Failure) [PSYoungGen: 71613K->1501K(71168K)] 414617K->344505K(583680K), 0.0017065 secs] [Times: user=0.01 sys=0.00, real=0.01 secs] 
1338.564: [GC (Allocation Failure) [PSYoungGen: 71133K->1517K(70656K)] 414137K->344521K(583168K), 0.0021599 secs] [Times: user=0.01 sys=0.00, real=0.01 secs] 
1338.719: [GC (Allocation Failure) [PSYoungGen: 70637K->1485K(71168K)] 413641K->344489K(583680K), 0.0019746 secs] [Times: user=0.01 sys=0.00, real=0.00 secs] 
1339.218: [GC (Allocation Failure) [PSYoungGen: 70605K->1440K(70144K)] 413609K->344451K(582656K), 0.0021312 secs] [Times: user=0.01 sys=0.00, real=0.00 secs] 
1340.080: [GC (Allocation Failure) [PSYoungGen: 70048K->1344K(69632K)] 413059K->344355K(582144K), 0.0027874 secs] [Times: user=0.01 sys=0.01, real=0.00 secs] 
1340.770: [GC (Allocation Failure) [PSYoungGen: 69440K->1376K(69120K)] 412451K->344387K(581632K), 0.0022347 secs] [Times: user=0.01 sys=0.00, real=0.00 secs] 
1341.393: [GC (Allocation Failure) [PSYoungGen: 68960K->1376K(68608K)] 411971K->344387K(581120K), 0.0028231 secs] [Times: user=0.01 sys=0.00, real=0.01 secs] 
1341.969: [GC (Allocation Failure) [PSYoungGen: 68448K->1485K(68096K)] 411459K->344497K(580608K), 0.0029319 secs] [Times: user=0.01 sys=0.00, real=0.00 secs] 
1342.149: [GC (Allocation Failure) [PSYoungGen: 68045K->1533K(67584K)] 411057K->344545K(580096K), 0.0016440 secs] [Times: user=0.01 sys=0.00, real=0.00 secs] 
1342.266: [GC (Allocation Failure) [PSYoungGen: 67581K->1501K(67072K)] 410593K->344529K(579584K), 0.0016304 secs] [Times: user=0.01 sys=0.00, real=0.00 secs] 
1342.383: [GC (Allocation Failure) [PSYoungGen: 67037K->1469K(66560K)] 410065K->344505K(579072K), 0.0016906 secs] [Times: user=0.00 sys=0.00, real=0.01 secs] 
1342.696: [GC (Allocation Failure) [PSYoungGen: 66493K->1472K(66048K)] 409529K->344507K(578560K), 0.0018672 secs] [Times: user=0.01 sys=0.00, real=0.00 secs] 
1343.342: [GC (Allocation Failure) [PSYoungGen: 65984K->1360K(65536K)] 409019K->344395K(578048K), 0.0020198 secs] [Times: user=0.01 sys=0.00, real=0.00 secs] 
1343.660: [GC (Allocation Failure) [PSYoungGen: 65360K->1376K(65024K)] 408395K->344411K(577536K), 0.0022072 secs] [Times: user=0.01 sys=0.00, real=0.00 secs] 
1343.924: [GC (Allocation Failure) [PSYoungGen: 64864K->1376K(64512K)] 407899K->344411K(577024K), 0.0022113 secs] [Times: user=0.01 sys=0.00, real=0.01 secs] 
1344.217: [GC (Allocation Failure) [PSYoungGen: 64352K->1440K(64000K)] 407387K->344475K(576512K), 0.0020350 secs] [Times: user=0.01 sys=0.00, real=0.00 secs] 
1344.372: [GC (Allocation Failure) [PSYoungGen: 63904K->1469K(63488K)] 406939K->344505K(576000K), 0.0017228 secs] [Times: user=0.01 sys=0.00, real=0.01 secs] 
1344.483: [GC (Allocation Failure) [PSYoungGen: 63421K->1469K(68608K)] 406457K->344505K(581120K), 0.0016776 secs] [Times: user=0.01 sys=0.00, real=0.01 secs] 
1344.618: [GC (Allocation Failure) [PSYoungGen: 68523K->1565K(69120K)] 411559K->344617K(581632K), 0.0019440 secs] [Times: user=0.01 sys=0.00, real=0.00 secs] 
1344.769: [GC (Allocation Failure) [PSYoungGen: 68637K->1520K(74752K)] 411689K->344571K(587264K), 0.0055011 secs] [Times: user=0.01 sys=0.02, real=0.01 secs] 
1345.594: [GC (Allocation Failure) [PSYoungGen: 74224K->1408K(74752K)] 417275K->344459K(587264K), 0.0041956 secs] [Times: user=0.02 sys=0.00, real=0.01 secs] 
1346.524: [GC (Allocation Failure) [PSYoungGen: 74112K->1344K(80896K)] 417163K->344395K(593408K), 0.0040080 secs] [Times: user=0.01 sys=0.00, real=0.00 secs] 
1347.570: [GC (Allocation Failure) [PSYoungGen: 80704K->1408K(81408K)] 423755K->344459K(593920K), 0.0045397 secs] [Times: user=0.02 sys=0.00, real=0.01 secs] 
1348.584: [GC (Allocation Failure) [PSYoungGen: 80768K->1501K(80384K)] 423819K->344553K(592896K), 0.0032414 secs] [Times: user=0.01 sys=0.00, real=0.01 secs] 
1348.798: [GC (Allocation Failure) [PSYoungGen: 80349K->1485K(79872K)] 423401K->344537K(592384K), 0.0018817 secs] [Times: user=0.01 sys=0.00, real=0.00 secs] 
1348.936: [GC (Allocation Failure) [PSYoungGen: 79821K->1533K(79360K)] 422873K->344585K(591872K), 0.0015675 secs] [Times: user=0.01 sys=0.00, real=0.00 secs] 
1349.074: [GC (Allocation Failure) [PSYoungGen: 79357K->1469K(86016K)] 422409K->344537K(598528K), 0.0016888 secs] [Times: user=0.01 sys=0.00, real=0.01 secs] 
1350.787: [GC (Allocation Failure) [PSYoungGen: 85437K->1408K(84992K)] 428505K->344475K(597504K), 0.0030309 secs] [Times: user=0.01 sys=0.00, real=0.00 secs] 
1351.173: [GC (Allocation Failure) [PSYoungGen: 84864K->1440K(84480K)] 427931K->344507K(596992K), 0.0022573 secs] [Times: user=0.01 sys=0.00, real=0.01 secs] 
1351.518: [GC (Allocation Failure) [PSYoungGen: 84384K->1360K(83968K)] 427451K->344427K(596480K), 0.0023801 secs] [Times: user=0.01 sys=0.00, real=0.00 secs] 
1351.812: [GC (Allocation Failure) [PSYoungGen: 83792K->1453K(83456K)] 426859K->344521K(595968K), 0.0018323 secs] [Times: user=0.00 sys=0.00, real=0.00 secs] 
1351.955: [GC (Allocation Failure) [PSYoungGen: 83373K->1501K(82944K)] 426441K->344569K(595456K), 0.0016243 secs] [Times: user=0.01 sys=0.00, real=0.00 secs] 
1352.098: [GC (Allocation Failure) [PSYoungGen: 82909K->1485K(82432K)] 425977K->344561K(594944K), 0.0016602 secs] [Times: user=0.01 sys=0.00, real=0.00 secs] 
1352.371: [GC (Allocation Failure) [PSYoungGen: 82381K->1408K(81920K)] 425457K->344483K(594432K), 0.0021092 secs] [Times: user=0.01 sys=0.00, real=0.00 secs] 
1352.729: [GC (Allocation Failure) [PSYoungGen: 81792K->1408K(81408K)] 424867K->344483K(593920K), 0.0020747 secs] [Times: user=0.01 sys=0.00, real=0.00 secs] 
1353.125: [GC (Allocation Failure) [PSYoungGen: 81280K->1408K(80896K)] 424355K->344483K(593408K), 0.0021754 secs] [Times: user=0.00 sys=0.01, real=0.00 secs] 
1353.468: [GC (Allocation Failure) [PSYoungGen: 80768K->1344K(80384K)] 423843K->344419K(592896K), 0.0023124 secs] [Times: user=0.01 sys=0.00, real=0.00 secs] 
1353.681: [GC (Allocation Failure) [PSYoungGen: 80192K->1517K(79872K)] 423267K->344593K(592384K), 0.0016558 secs] [Times: user=0.00 sys=0.00, real=0.00 secs] 
1353.818: [GC (Allocation Failure) [PSYoungGen: 79853K->1469K(79360K)] 422929K->344545K(591872K), 0.0017078 secs] [Times: user=0.01 sys=0.00, real=0.00 secs] 
1353.956: [GC (Allocation Failure) [PSYoungGen: 79293K->1533K(78848K)] 422369K->344609K(591360K), 0.0015937 secs] [Times: user=0.00 sys=0.00, real=0.00 secs] 
1354.842: [GC (Allocation Failure) [PSYoungGen: 78845K->1472K(78336K)] 421921K->344547K(590848K), 0.0034965 secs] [Times: user=0.02 sys=0.00, real=0.01 secs] 
1355.706: [GC (Allocation Failure) [PSYoungGen: 78272K->1376K(77824K)] 421347K->344451K(590336K), 0.0034322 secs] [Times: user=0.01 sys=0.00, real=0.00 secs] 
1356.393: [GC (Allocation Failure) [PSYoungGen: 77664K->1408K(77312K)] 420739K->344483K(589824K), 0.0027975 secs] [Times: user=0.01 sys=0.00, real=0.01 secs] 
1357.361: [GC (Allocation Failure) [PSYoungGen: 77184K->1408K(76800K)] 420259K->344483K(589312K), 0.0025840 secs] [Times: user=0.01 sys=0.00, real=0.00 secs] 
1357.611: [GC (Allocation Failure) [PSYoungGen: 76672K->1469K(76288K)] 419747K->344545K(588800K), 0.0016752 secs] [Times: user=0.01 sys=0.00, real=0.00 secs] 
1357.742: [GC (Allocation Failure) [PSYoungGen: 76221K->1533K(75776K)] 419297K->344609K(588288K), 0.0017222 secs] [Times: user=0.01 sys=0.00, real=0.00 secs] 
1357.873: [GC (Allocation Failure) [PSYoungGen: 75773K->1501K(75264K)] 418849K->344577K(587776K), 0.0016150 secs] [Times: user=0.01 sys=0.00, real=0.01 secs] 
1358.209: [GC (Allocation Failure) [PSYoungGen: 75229K->1440K(74752K)] 418305K->344515K(587264K), 0.0019350 secs] [Times: user=0.01 sys=0.00, real=0.00 secs] 
1358.614: [GC (Allocation Failure) [PSYoungGen: 74656K->1408K(74240K)] 417731K->344483K(586752K), 0.0023773 secs] [Times: user=0.01 sys=0.00, real=0.00 secs] 
1358.957: [GC (Allocation Failure) [PSYoungGen: 74112K->1408K(73728K)] 417187K->344483K(586240K), 0.0023334 secs] [Times: user=0.01 sys=0.00, real=0.00 secs] 
1359.338: [GC (Allocation Failure) [PSYoungGen: 73600K->1408K(73216K)] 416675K->344483K(585728K), 0.0022518 secs] [Times: user=0.01 sys=0.00, real=0.00 secs] 
1359.617: [GC (Allocation Failure) [PSYoungGen: 73088K->1437K(72704K)] 416163K->344513K(585216K), 0.0017172 secs] [Times: user=0.01 sys=0.00, real=0.00 secs] 
1359.742: [GC (Allocation Failure) [PSYoungGen: 72605K->1501K(72192K)] 415681K->344577K(584704K), 0.0016018 secs] [Times: user=0.01 sys=0.00, real=0.00 secs] 
1359.868: [GC (Allocation Failure) [PSYoungGen: 72157K->1485K(71680K)] 415233K->344561K(584192K), 0.0017173 secs] [Times: user=0.01 sys=0.00, real=0.00 secs] 
1359.992: [GC (Allocation Failure) [PSYoungGen: 71629K->1533K(72192K)] 414705K->344609K(584704K), 0.0016569 secs] [Times: user=0.01 sys=0.00, real=0.00 secs] 
1361.994: [GC (Allocation Failure) [PSYoungGen: 71677K->1392K(71168K)] 414753K->344491K(583680K), 0.0045386 secs] [Times: user=0.01 sys=0.01, real=0.01 secs] 
1362.798: [GC (Allocation Failure) [PSYoungGen: 71024K->1408K(70656K)] 414123K->344507K(583168K), 0.0036041 secs] [Times: user=0.02 sys=0.00, real=0.00 secs] 
1363.618: [GC (Allocation Failure) [PSYoungGen: 70528K->1376K(70144K)] 413627K->344475K(582656K), 0.0027774 secs] [Times: user=0.01 sys=0.00, real=0.00 secs] 
1364.165: [GC (Allocation Failure) [PSYoungGen: 69984K->1408K(69632K)] 413083K->344507K(582144K), 0.0029238 secs] [Times: user=0.01 sys=0.00, real=0.00 secs] 
1364.415: [GC (Allocation Failure) [PSYoungGen: 69504K->1485K(69120K)] 412603K->344585K(581632K), 0.0018814 secs] [Times: user=0.01 sys=0.00, real=0.00 secs] 
1364.535: [GC (Allocation Failure) [PSYoungGen: 69069K->1469K(68608K)] 412169K->344569K(581120K), 0.0017180 secs] [Times: user=0.01 sys=0.00, real=0.00 secs] 
1364.653: [GC (Allocation Failure) [PSYoungGen: 68541K->1533K(68096K)] 411641K->344633K(580608K), 0.0016534 secs] [Times: user=0.01 sys=0.00, real=0.01 secs] 
1364.788: [GC (Allocation Failure) [PSYoungGen: 68093K->1424K(74240K)] 411193K->344531K(586752K), 0.0052617 secs] [Times: user=0.03 sys=0.00, real=0.00 secs] 
1365.313: [GC (Allocation Failure) [PSYoungGen: 73616K->1408K(75776K)] 416723K->344515K(588288K), 0.0024324 secs] [Times: user=0.01 sys=0.01, real=0.01 secs] 
1366.019: [GC (Allocation Failure) [PSYoungGen: 75136K->1344K(75776K)] 418243K->344451K(588288K), 0.0035335 secs] [Times: user=0.02 sys=0.00, real=0.00 secs] 
1366.658: [GC (Allocation Failure) [PSYoungGen: 75072K->1376K(81408K)] 418179K->344483K(593920K), 0.0033803 secs] [Times: user=0.01 sys=0.00, real=0.00 secs] 
1367.268: [GC (Allocation Failure) [PSYoungGen: 81248K->1485K(80896K)] 424355K->344593K(593408K), 0.0023106 secs] [Times: user=0.01 sys=0.00, real=0.00 secs] 
1367.421: [GC (Allocation Failure) [PSYoungGen: 80845K->1501K(80384K)] 423953K->344609K(592896K), 0.0016123 secs] [Times: user=0.00 sys=0.00, real=0.00 secs] 
1367.559: [GC (Allocation Failure) [PSYoungGen: 80349K->1517K(79872K)] 423457K->344625K(592384K), 0.0017597 secs] [Times: user=0.00 sys=0.00, real=0.00 secs] 
1367.696: [GC (Allocation Failure) [PSYoungGen: 79853K->1533K(80384K)] 422961K->344641K(592896K), 0.0017191 secs] [Times: user=0.01 sys=0.00, real=0.00 secs] 
1368.091: [GC (Allocation Failure) [PSYoungGen: 79869K->1440K(79360K)] 422977K->344547K(591872K), 0.0020833 secs] [Times: user=0.00 sys=0.00, real=0.00 secs] 
1368.466: [GC (Allocation Failure) [PSYoungGen: 79264K->1376K(78848K)] 422371K->344483K(591360K), 0.0022539 secs] [Times: user=0.01 sys=0.00, real=0.00 secs] 
1368.789: [GC (Allocation Failure) [PSYoungGen: 78688K->1408K(78336K)] 421795K->344515K(590848K), 0.0032194 secs] [Times: user=0.01 sys=0.00, real=0.00 secs] 
1369.091: [GC (Allocation Failure) [PSYoungGen: 78208K->1485K(77824K)] 421315K->344593K(590336K), 0.0021331 secs] [Times: user=0.01 sys=0.00, real=0.00 secs] 
1369.282: [GC (Allocation Failure) [PSYoungGen: 77773K->1485K(77312K)] 420881K->344593K(589824K), 0.0021487 secs] [Times: user=0.00 sys=0.00, real=0.01 secs] 
1369.431: [GC (Allocation Failure) [PSYoungGen: 77261K->1501K(76800K)] 420369K->344633K(589312K), 0.0016008 secs] [Times: user=0.00 sys=0.00, real=0.00 secs] 
1369.562: [GC (Allocation Failure) [PSYoungGen: 76765K->1469K(77312K)] 419897K->344601K(589824K), 0.0017949 secs] [Times: user=0.01 sys=0.00, real=0.00 secs] 
1371.125: [GC (Allocation Failure) [PSYoungGen: 76733K->1440K(76288K)] 419865K->344579K(588800K), 0.0026344 secs] [Times: user=0.01 sys=0.00, real=0.00 secs] 
1371.441: [GC (Allocation Failure) [PSYoungGen: 76192K->1376K(75776K)] 419331K->344515K(588288K), 0.0041252 secs] [Times: user=0.01 sys=0.01, real=0.01 secs] 
1372.077: [GC (Allocation Failure) [PSYoungGen: 75616K->1376K(75264K)] 418755K->344515K(587776K), 0.0020781 secs] [Times: user=0.01 sys=0.00, real=0.00 secs] 
1372.770: [GC (Allocation Failure) [PSYoungGen: 75104K->1440K(74752K)] 418243K->344579K(587264K), 0.0025907 secs] [Times: user=0.01 sys=0.00, real=0.00 secs] 
1372.996: [GC (Allocation Failure) [PSYoungGen: 74656K->1501K(74240K)] 417795K->344641K(586752K), 0.0021484 secs] [Times: user=0.01 sys=0.00, real=0.00 secs] 
1373.130: [GC (Allocation Failure) [PSYoungGen: 74205K->1437K(73728K)] 417345K->344577K(586240K), 0.0019523 secs] [Times: user=0.01 sys=0.00, real=0.00 secs] 
1373.256: [GC (Allocation Failure) [PSYoungGen: 73629K->1437K(79872K)] 416769K->344577K(592384K), 0.0016241 secs] [Times: user=0.01 sys=0.00, real=0.00 secs] 
1373.885: [GC (Allocation Failure) [PSYoungGen: 79773K->1440K(79360K)] 422913K->344579K(591872K), 0.0033532 secs] [Times: user=0.01 sys=0.00, real=0.00 secs] 
1374.547: [GC (Allocation Failure) [PSYoungGen: 79264K->1376K(78848K)] 422403K->344515K(591360K), 0.0029890 secs] [Times: user=0.02 sys=0.00, real=0.00 secs] 
1375.226: [GC (Allocation Failure) [PSYoungGen: 78688K->1376K(78336K)] 421827K->344515K(590848K), 0.0029262 secs] [Times: user=0.01 sys=0.00, real=0.00 secs] 
1375.932: [GC (Allocation Failure) [PSYoungGen: 78176K->1469K(77824K)] 421315K->344609K(590336K), 0.0031696 secs] [Times: user=0.01 sys=0.00, real=0.01 secs] 
1376.150: [GC (Allocation Failure) [PSYoungGen: 77757K->1533K(77312K)] 420897K->344673K(589824K), 0.0016667 secs] [Times: user=0.00 sys=0.00, real=0.00 secs] 
1376.284: [GC (Allocation Failure) [PSYoungGen: 77309K->1472K(76800K)] 420449K->344611K(589312K), 0.0016528 secs] [Times: user=0.00 sys=0.00, real=0.01 secs] 
1376.415: [GC (Allocation Failure) [PSYoungGen: 76736K->1501K(76288K)] 419875K->344641K(588800K), 0.0016898 secs] [Times: user=0.01 sys=0.00, real=0.00 secs] 
1377.381: [GC (Allocation Failure) [PSYoungGen: 76253K->1440K(75776K)] 419393K->344579K(588288K), 0.0027866 secs] [Times: user=0.01 sys=0.00, real=0.00 secs] 
1378.199: [GC (Allocation Failure) [PSYoungGen: 75680K->1408K(75264K)] 418819K->344547K(587776K), 0.0031071 secs] [Times: user=0.01 sys=0.00, real=0.00 secs] 
1379.092: [GC (Allocation Failure) [PSYoungGen: 75136K->1376K(74752K)] 418275K->344515K(587264K), 0.0043902 secs] [Times: user=0.02 sys=0.00, real=0.01 secs] 
1379.943: [GC (Allocation Failure) [PSYoungGen: 74592K->1408K(74240K)] 417731K->344547K(586752K), 0.0037452 secs] [Times: user=0.02 sys=0.00, real=0.01 secs] 
1380.256: [GC (Allocation Failure) [PSYoungGen: 74112K->1517K(73728K)] 417251K->344657K(586240K), 0.0022812 secs] [Times: user=0.01 sys=0.00, real=0.00 secs] 
1380.389: [GC (Allocation Failure) [PSYoungGen: 73709K->1469K(73216K)] 416849K->344609K(585728K), 0.0016945 secs] [Times: user=0.00 sys=0.00, real=0.00 secs] 
1380.514: [GC (Allocation Failure) [PSYoungGen: 73149K->1469K(72704K)] 416289K->344609K(585216K), 0.0017038 secs] [Times: user=0.01 sys=0.00, real=0.00 secs] 
1380.999: [GC (Allocation Failure) [PSYoungGen: 72637K->1472K(72192K)] 415777K->344611K(584704K), 0.0024499 secs] [Times: user=0.00 sys=0.00, real=0.00 secs] 
1382.033: [GC (Allocation Failure) [PSYoungGen: 72128K->1440K(71680K)] 415267K->344579K(584192K), 0.0035720 secs] [Times: user=0.01 sys=0.00, real=0.01 secs] 
1382.551: [GC (Allocation Failure) [PSYoungGen: 71584K->1408K(71168K)] 414723K->344563K(583680K), 0.0022951 secs] [Times: user=0.01 sys=0.00, real=0.00 secs] 
1382.902: [GC (Allocation Failure) [PSYoungGen: 71040K->1408K(70656K)] 414195K->344563K(583168K), 0.0023309 secs] [Times: user=0.01 sys=0.00, real=0.01 secs] 
1383.399: [GC (Allocation Failure) [PSYoungGen: 70528K->1437K(70144K)] 413683K->344593K(582656K), 0.0022963 secs] [Times: user=0.01 sys=0.00, real=0.00 secs] 
1383.537: [GC (Allocation Failure) [PSYoungGen: 70045K->1533K(69632K)] 413201K->344689K(582144K), 0.0016070 secs] [Times: user=0.01 sys=0.00, real=0.00 secs] 
1383.674: [GC (Allocation Failure) [PSYoungGen: 69629K->1501K(69120K)] 412785K->344657K(581632K), 0.0020040 secs] [Times: user=0.01 sys=0.00, real=0.01 secs] 
1383.829: [GC (Allocation Failure) [PSYoungGen: 69085K->1501K(68608K)] 412241K->344657K(581120K), 0.0017815 secs] [Times: user=0.01 sys=0.00, real=0.00 secs] 
1386.398: [GC (Allocation Failure) [PSYoungGen: 68573K->1488K(68096K)] 411729K->344643K(580608K), 0.0042932 secs] [Times: user=0.01 sys=0.00, real=0.00 secs] 
1387.277: [GC (Allocation Failure) [PSYoungGen: 68048K->1408K(67584K)] 411203K->344563K(580096K), 0.0027857 secs] [Times: user=0.01 sys=0.00, real=0.00 secs] 
1387.931: [GC (Allocation Failure) [PSYoungGen: 67456K->1440K(67072K)] 410611K->344595K(579584K), 0.0025936 secs] [Times: user=0.01 sys=0.00, real=0.00 secs] 
1388.625: [GC (Allocation Failure) [PSYoungGen: 66976K->1376K(66560K)] 410131K->344531K(579072K), 0.0047024 secs] [Times: user=0.02 sys=0.00, real=0.00 secs] 
1389.268: [GC (Allocation Failure) [PSYoungGen: 66400K->1533K(66048K)] 409555K->344689K(578560K), 0.0031960 secs] [Times: user=0.02 sys=0.00, real=0.00 secs] 
1389.455: [GC (Allocation Failure) [PSYoungGen: 66045K->1501K(65536K)] 409201K->344657K(578048K), 0.0018100 secs] [Times: user=0.01 sys=0.01, real=0.00 secs] 
1389.587: [GC (Allocation Failure) [PSYoungGen: 65501K->1520K(65024K)] 408657K->344675K(577536K), 0.0021353 secs] [Times: user=0.01 sys=0.00, real=0.00 secs] 
1389.728: [GC (Allocation Failure) [PSYoungGen: 65008K->1437K(65536K)] 408163K->344601K(578048K), 0.0020827 secs] [Times: user=0.01 sys=0.00, real=0.00 secs] 
1389.931: [GC (Allocation Failure) [PSYoungGen: 64925K->1664K(65536K)] 408089K->344827K(578048K), 0.0021643 secs] [Times: user=0.01 sys=0.00, real=0.00 secs] 
1390.402: [GC (Allocation Failure) [PSYoungGen: 65152K->1376K(64512K)] 408315K->344539K(577024K), 0.0023387 secs] [Times: user=0.01 sys=0.00, real=0.00 secs] 
1390.664: [GC (Allocation Failure) [PSYoungGen: 64352K->1376K(64000K)] 407515K->344539K(576512K), 0.0021522 secs] [Times: user=0.01 sys=0.00, real=0.01 secs] 
1390.981: [GC (Allocation Failure) [PSYoungGen: 63840K->1408K(63488K)] 407003K->344571K(576000K), 0.0020828 secs] [Times: user=0.00 sys=0.00, real=0.00 secs] 
1391.459: [GC (Allocation Failure) [PSYoungGen: 63360K->1424K(62976K)] 406523K->344587K(575488K), 0.0021527 secs] [Times: user=0.01 sys=0.00, real=0.00 secs] 
1391.938: [GC (Allocation Failure) [PSYoungGen: 62864K->1437K(62464K)] 406027K->344601K(574976K), 0.0025270 secs] [Times: user=0.01 sys=0.00, real=0.00 secs] 
1392.085: [GC (Allocation Failure) [PSYoungGen: 62365K->1501K(61952K)] 405529K->344665K(574464K), 0.0018902 secs] [Times: user=0.00 sys=0.00, real=0.00 secs] 
1392.191: [GC (Allocation Failure) [PSYoungGen: 61917K->1517K(67072K)] 405081K->344713K(579584K), 0.0017288 secs] [Times: user=0.00 sys=0.00, real=0.00 secs] 
1392.322: [GC (Allocation Failure) [PSYoungGen: 67041K->1568K(67584K)] 410237K->344763K(580096K), 0.0020875 secs] [Times: user=0.01 sys=0.00, real=0.01 secs] 
1393.027: [GC (Allocation Failure) [PSYoungGen: 67104K->1440K(72192K)] 410299K->344635K(584704K), 0.0036422 secs] [Times: user=0.02 sys=0.00, real=0.00 secs] 
1393.653: [GC (Allocation Failure) [PSYoungGen: 72096K->1408K(71680K)] 415291K->344603K(584192K), 0.0022915 secs] [Times: user=0.01 sys=0.00, real=0.01 secs] 
1394.228: [GC (Allocation Failure) [PSYoungGen: 71552K->1376K(71168K)] 414747K->344571K(583680K), 0.0024241 secs] [Times: user=0.01 sys=0.00, real=0.00 secs] 
1394.747: [GC (Allocation Failure) [PSYoungGen: 71008K->1408K(70656K)] 414203K->344603K(583168K), 0.0026155 secs] [Times: user=0.01 sys=0.00, real=0.00 secs] 
1395.137: [GC (Allocation Failure) [PSYoungGen: 70528K->1501K(70144K)] 413723K->344697K(582656K), 0.0020180 secs] [Times: user=0.01 sys=0.00, real=0.00 secs] 
1395.263: [GC (Allocation Failure) [PSYoungGen: 70109K->1533K(69632K)] 413305K->344729K(582144K), 0.0015708 secs] [Times: user=0.01 sys=0.00, real=0.01 secs] 
1395.382: [GC (Allocation Failure) [PSYoungGen: 69629K->1437K(69120K)] 412825K->344649K(581632K), 0.0017442 secs] [Times: user=0.00 sys=0.00, real=0.00 secs] 
1395.501: [GC (Allocation Failure) [PSYoungGen: 69021K->1501K(69632K)] 412233K->344713K(582144K), 0.0016290 secs] [Times: user=0.00 sys=0.00, real=0.00 secs] 
1395.883: [GC (Allocation Failure) [PSYoungGen: 69085K->1408K(68608K)] 412297K->344619K(581120K), 0.0020123 secs] [Times: user=0.01 sys=0.00, real=0.01 secs] 
1396.449: [GC (Allocation Failure) [PSYoungGen: 68480K->1376K(68096K)] 411691K->344587K(580608K), 0.0021305 secs] [Times: user=0.01 sys=0.00, real=0.00 secs] 
1396.851: [GC (Allocation Failure) [PSYoungGen: 67936K->1376K(67584K)] 411147K->344587K(580096K), 0.0022955 secs] [Times: user=0.01 sys=0.00, real=0.00 secs] 
1397.142: [GC (Allocation Failure) [PSYoungGen: 67424K->1392K(67072K)] 410635K->344603K(579584K), 0.0030926 secs] [Times: user=0.01 sys=0.01, real=0.01 secs] 
1397.397: [GC (Allocation Failure) [PSYoungGen: 66928K->1501K(66560K)] 410139K->344713K(579072K), 0.0018663 secs] [Times: user=0.01 sys=0.00, real=0.00 secs] 
1397.513: [GC (Allocation Failure) [PSYoungGen: 66525K->1485K(66048K)] 409737K->344697K(578560K), 0.0016605 secs] [Times: user=0.01 sys=0.01, real=0.01 secs] 
1397.626: [GC (Allocation Failure) [PSYoungGen: 65997K->1469K(71680K)] 409209K->344681K(584192K), 0.0016612 secs] [Times: user=0.01 sys=0.01, real=0.00 secs] 
1397.752: [GC (Allocation Failure) [PSYoungGen: 71613K->1424K(72192K)] 414825K->344643K(584704K), 0.0015929 secs] [Times: user=0.00 sys=0.00, real=0.00 secs] 
1397.982: [GC (Allocation Failure) [PSYoungGen: 71568K->1424K(77312K)] 414787K->344643K(589824K), 0.0018531 secs] [Times: user=0.01 sys=0.00, real=0.01 secs] 
1398.311: [GC (Allocation Failure) [PSYoungGen: 77200K->1376K(76800K)] 420419K->344595K(589312K), 0.0018703 secs] [Times: user=0.01 sys=0.00, real=0.00 secs] 
1398.624: [GC (Allocation Failure) [PSYoungGen: 76640K->1376K(76288K)] 419859K->344619K(588800K), 0.0019233 secs] [Times: user=0.01 sys=0.00, real=0.01 secs] 
1398.934: [GC (Allocation Failure) [PSYoungGen: 76128K->1408K(75776K)] 419371K->344651K(588288K), 0.0019641 secs] [Times: user=0.01 sys=0.00, real=0.00 secs] 
1399.131: [GC (Allocation Failure) [PSYoungGen: 75648K->1517K(75264K)] 418891K->344761K(587776K), 0.0017052 secs] [Times: user=0.01 sys=0.00, real=0.00 secs] 
1399.261: [GC (Allocation Failure) [PSYoungGen: 75245K->1533K(74752K)] 418489K->344777K(587264K), 0.0017536 secs] [Times: user=0.01 sys=0.00, real=0.00 secs] 
1399.390: [GC (Allocation Failure) [PSYoungGen: 74749K->1533K(75264K)] 417993K->344777K(587776K), 0.0016440 secs] [Times: user=0.01 sys=0.00, real=0.00 secs] 
1400.172: [GC (Allocation Failure) [PSYoungGen: 74749K->1440K(74240K)] 417993K->344683K(586752K), 0.0027790 secs] [Times: user=0.02 sys=0.00, real=0.01 secs] 
1401.548: [GC (Allocation Failure) [PSYoungGen: 74144K->1344K(73728K)] 417387K->344587K(586240K), 0.0029683 secs] [Times: user=0.02 sys=0.00, real=0.00 secs] 
1402.070: [GC (Allocation Failure) [PSYoungGen: 73536K->1376K(73216K)] 416779K->344619K(585728K), 0.0023800 secs] [Times: user=0.01 sys=0.00, real=0.00 secs] 
1402.375: [GC (Allocation Failure) [PSYoungGen: 73056K->1408K(72704K)] 416299K->344651K(585216K), 0.0023813 secs] [Times: user=0.01 sys=0.00, real=0.00 secs] 
1402.854: [GC (Allocation Failure) [PSYoungGen: 72576K->1501K(72192K)] 415819K->344745K(584704K), 0.0021983 secs] [Times: user=0.01 sys=0.00, real=0.01 secs] 
1403.024: [GC (Allocation Failure) [PSYoungGen: 72144K->1520K(71680K)] 415388K->344763K(584192K), 0.0021222 secs] [Times: user=0.00 sys=0.00, real=0.01 secs] 
1403.183: [GC (Allocation Failure) [PSYoungGen: 71659K->1520K(71168K)] 414902K->344763K(583680K), 0.0017811 secs] [Times: user=0.01 sys=0.00, real=0.01 secs] 
1403.307: [GC (Allocation Failure) [PSYoungGen: 71152K->1517K(70656K)] 414395K->344761K(583168K), 0.0017238 secs] [Times: user=0.00 sys=0.00, real=0.00 secs] 
1403.905: [GC (Allocation Failure) [PSYoungGen: 70637K->1440K(70144K)] 413881K->344683K(582656K), 0.0030956 secs] [Times: user=0.02 sys=0.00, real=0.00 secs] 
1404.387: [GC (Allocation Failure) [PSYoungGen: 70048K->1360K(69632K)] 413291K->344603K(582144K), 0.0022169 secs] [Times: user=0.01 sys=0.00, real=0.00 secs] 
1404.700: [GC (Allocation Failure) [PSYoungGen: 69456K->1376K(69120K)] 412699K->344619K(581632K), 0.0022219 secs] [Times: user=0.01 sys=0.00, real=0.00 secs] 
1405.037: [GC (Allocation Failure) [PSYoungGen: 68960K->1392K(68608K)] 412203K->344635K(581120K), 0.0022213 secs] [Times: user=0.01 sys=0.00, real=0.00 secs] 
1405.450: [GC (Allocation Failure) [PSYoungGen: 68464K->1501K(68096K)] 411707K->344745K(580608K), 0.0020137 secs] [Times: user=0.00 sys=0.00, real=0.00 secs] 
1405.568: [GC (Allocation Failure) [PSYoungGen: 68061K->1501K(67584K)] 411305K->344745K(580096K), 0.0016759 secs] [Times: user=0.01 sys=0.00, real=0.00 secs] 
1405.685: [GC (Allocation Failure) [PSYoungGen: 67531K->1472K(67072K)] 410775K->344715K(579584K), 0.0017045 secs] [Times: user=0.00 sys=0.00, real=0.00 secs] 
1405.801: [GC (Allocation Failure) [PSYoungGen: 67008K->1501K(67584K)] 410251K->344761K(580096K), 0.0017131 secs] [Times: user=0.01 sys=0.00, real=0.00 secs] 
1406.317: [GC (Allocation Failure) [PSYoungGen: 67037K->1424K(66560K)] 410297K->344683K(579072K), 0.0023923 secs] [Times: user=0.01 sys=0.00, real=0.00 secs] 
1406.892: [GC (Allocation Failure) [PSYoungGen: 66448K->1376K(66048K)] 409707K->344635K(578560K), 0.0043651 secs] [Times: user=0.02 sys=0.00, real=0.01 secs] 
1407.185: [GC (Allocation Failure) [PSYoungGen: 65888K->1408K(65536K)] 409147K->344667K(578048K), 0.0022595 secs] [Times: user=0.01 sys=0.00, real=0.00 secs] 
1407.452: [GC (Allocation Failure) [PSYoungGen: 65408K->1360K(65024K)] 408667K->344619K(577536K), 0.0024067 secs] [Times: user=0.01 sys=0.00, real=0.01 secs] 
1407.952: [GC (Allocation Failure) [PSYoungGen: 64848K->1501K(64512K)] 408107K->344761K(577024K), 0.0041153 secs] [Times: user=0.01 sys=0.00, real=0.01 secs] 
1408.125: [GC (Allocation Failure) [PSYoungGen: 64477K->1501K(64000K)] 407737K->344761K(576512K), 0.0016431 secs] [Times: user=0.00 sys=0.00, real=0.00 secs] 
1408.252: [GC (Allocation Failure) [PSYoungGen: 63965K->1549K(64512K)] 407225K->344809K(577024K), 0.0019524 secs] [Times: user=0.01 sys=0.00, real=0.01 secs] 
1408.391: [GC (Allocation Failure) [PSYoungGen: 63992K->1469K(69632K)] 407252K->344745K(582144K), 0.0020370 secs] [Times: user=0.01 sys=0.00, real=0.00 secs] 
1408.817: [GC (Allocation Failure) [PSYoungGen: 69053K->1440K(69632K)] 412329K->344715K(582144K), 0.0024927 secs] [Times: user=0.01 sys=0.00, real=0.00 secs] 
1409.700: [GC (Allocation Failure) [PSYoungGen: 69024K->1376K(68608K)] 412299K->344667K(581120K), 0.0024687 secs] [Times: user=0.01 sys=0.00, real=0.00 secs] 
1410.532: [GC (Allocation Failure) [PSYoungGen: 68448K->1344K(68096K)] 411739K->344635K(580608K), 0.0045672 secs] [Times: user=0.02 sys=0.00, real=0.01 secs] 
1411.149: [GC (Allocation Failure) [PSYoungGen: 67904K->1376K(67584K)] 411195K->344667K(580096K), 0.0031325 secs] [Times: user=0.02 sys=0.00, real=0.00 secs] 
1411.897: [GC (Allocation Failure) [PSYoungGen: 67424K->1501K(67072K)] 410715K->344793K(579584K), 0.0025545 secs] [Times: user=0.01 sys=0.00, real=0.00 secs] 
1412.053: [GC (Allocation Failure) [PSYoungGen: 67037K->1469K(66560K)] 410329K->344761K(579072K), 0.0016212 secs] [Times: user=0.01 sys=0.00, real=0.01 secs] 
1412.168: [GC (Allocation Failure) [PSYoungGen: 66493K->1501K(66048K)] 409785K->344793K(578560K), 0.0018354 secs] [Times: user=0.01 sys=0.00, real=0.00 secs] 
1412.283: [GC (Allocation Failure) [PSYoungGen: 66013K->1485K(71680K)] 409305K->344785K(584192K), 0.0017052 secs] [Times: user=0.00 sys=0.00, real=0.01 secs] 
1412.925: [GC (Allocation Failure) [PSYoungGen: 71629K->1472K(71168K)] 414929K->344771K(583680K), 0.0023043 secs] [Times: user=0.01 sys=0.00, real=0.00 secs] 
1413.679: [GC (Allocation Failure) [PSYoungGen: 71104K->1376K(70656K)] 414403K->344675K(583168K), 0.0028927 secs] [Times: user=0.01 sys=0.00, real=0.00 secs] 
1414.521: [GC (Allocation Failure) [PSYoungGen: 70496K->1376K(70144K)] 413795K->344675K(582656K), 0.0030472 secs] [Times: user=0.01 sys=0.00, real=0.01 secs] 
1415.171: [GC (Allocation Failure) [PSYoungGen: 69984K->1408K(69632K)] 413283K->344707K(582144K), 0.0041194 secs] [Times: user=0.02 sys=0.00, real=0.01 secs] 
1415.965: [GC (Allocation Failure) [PSYoungGen: 69504K->1472K(69120K)] 412803K->344779K(581632K), 0.0040235 secs] [Times: user=0.01 sys=0.00, real=0.00 secs] 
1416.180: [GC (Allocation Failure) [PSYoungGen: 69056K->1501K(68608K)] 412363K->344809K(581120K), 0.0021508 secs] [Times: user=0.00 sys=0.00, real=0.00 secs] 
1416.302: [GC (Allocation Failure) [PSYoungGen: 68573K->1469K(68096K)] 411881K->344777K(580608K), 0.0016951 secs] [Times: user=0.01 sys=0.00, real=0.00 secs] 
1416.418: [GC (Allocation Failure) [PSYoungGen: 68029K->1472K(68608K)] 411337K->344795K(581120K), 0.0016616 secs] [Times: user=0.01 sys=0.00, real=0.00 secs] 
1416.767: [GC (Allocation Failure) [PSYoungGen: 68032K->1472K(67584K)] 411355K->344795K(580096K), 0.0024721 secs] [Times: user=0.01 sys=0.00, real=0.00 secs] 
1417.335: [GC (Allocation Failure) [PSYoungGen: 67520K->1344K(67072K)] 410843K->344667K(579584K), 0.0022903 secs] [Times: user=0.01 sys=0.00, real=0.00 secs] 
1417.664: [GC (Allocation Failure) [PSYoungGen: 66880K->1360K(66560K)] 410203K->344683K(579072K), 0.0023326 secs] [Times: user=0.00 sys=0.01, real=0.01 secs] 
1418.179: [GC (Allocation Failure) [PSYoungGen: 66384K->1408K(66048K)] 409707K->344731K(578560K), 0.0023492 secs] [Times: user=0.01 sys=0.00, real=0.00 secs] 
1418.883: [GC (Allocation Failure) [PSYoungGen: 65920K->1408K(65536K)] 409243K->344731K(578048K), 0.0024059 secs] [Times: user=0.01 sys=0.00, real=0.01 secs] 
1419.490: [GC (Allocation Failure) [PSYoungGen: 65408K->1549K(65536K)] 408731K->344873K(578048K), 0.0023544 secs] [Times: user=0.01 sys=0.00, real=0.00 secs] 
1419.621: [GC (Allocation Failure) [PSYoungGen: 65037K->1485K(64512K)] 408361K->344809K(577024K), 0.0017916 secs] [Times: user=0.00 sys=0.00, real=0.00 secs] 
1419.730: [GC (Allocation Failure) [PSYoungGen: 64461K->1533K(64000K)] 407785K->344881K(576512K), 0.0018083 secs] [Times: user=0.00 sys=0.00, real=0.00 secs] 
1419.841: [GC (Allocation Failure) [PSYoungGen: 63997K->1472K(65024K)] 407345K->344819K(577536K), 0.0017372 secs] [Times: user=0.00 sys=0.00, real=0.00 secs] 
1420.124: [GC (Allocation Failure) [PSYoungGen: 64448K->1440K(70144K)] 407795K->344811K(582656K), 0.0027590 secs] [Times: user=0.02 sys=0.00, real=0.01 secs] 
1420.403: [GC (Allocation Failure) [PSYoungGen: 69536K->1408K(70144K)] 412907K->344779K(582656K), 0.0021868 secs] [Times: user=0.00 sys=0.00, real=0.01 secs] 
1420.686: [GC (Allocation Failure) [PSYoungGen: 69504K->1344K(69120K)] 412875K->344731K(581632K), 0.0021688 secs] [Times: user=0.01 sys=0.00, real=0.00 secs] 
1420.967: [GC (Allocation Failure) [PSYoungGen: 68928K->1440K(68608K)] 412315K->344827K(581120K), 0.0022340 secs] [Times: user=0.01 sys=0.00, real=0.00 secs] 
1421.178: [GC (Allocation Failure) [PSYoungGen: 68512K->1501K(68096K)] 411899K->344889K(580608K), 0.0015888 secs] [Times: user=0.01 sys=0.00, real=0.00 secs] 
1421.295: [GC (Allocation Failure) [PSYoungGen: 68061K->1501K(67584K)] 411449K->344889K(580096K), 0.0016492 secs] [Times: user=0.01 sys=0.00, real=0.00 secs] 
1421.411: [GC (Allocation Failure) [PSYoungGen: 67549K->1533K(73216K)] 410937K->344929K(585728K), 0.0016778 secs] [Times: user=0.01 sys=0.00, real=0.00 secs] 
1421.536: [GC (Allocation Failure) [PSYoungGen: 73213K->1501K(73728K)] 416609K->344897K(586240K), 0.0016940 secs] [Times: user=0.00 sys=0.00, real=0.00 secs] 
1422.355: [GC (Allocation Failure) [PSYoungGen: 73181K->1472K(79872K)] 416577K->344867K(592384K), 0.0097395 secs] [Times: user=0.01 sys=0.05, real=0.01 secs] 
1423.088: [GC (Allocation Failure) [PSYoungGen: 79296K->1344K(78848K)] 422691K->344739K(591360K), 0.0025308 secs] [Times: user=0.01 sys=0.00, real=0.00 secs] 
1423.685: [GC (Allocation Failure) [PSYoungGen: 78656K->1376K(78336K)] 422051K->344771K(590848K), 0.0027011 secs] [Times: user=0.01 sys=0.00, real=0.00 secs] 
1424.479: [GC (Allocation Failure) [PSYoungGen: 78176K->1501K(77824K)] 421571K->344897K(590336K), 0.0032433 secs] [Times: user=0.01 sys=0.00, real=0.00 secs] 
1424.692: [GC (Allocation Failure) [PSYoungGen: 77789K->1501K(77312K)] 421185K->344897K(589824K), 0.0017537 secs] [Times: user=0.00 sys=0.00, real=0.00 secs] 
1424.825: [GC (Allocation Failure) [PSYoungGen: 77277K->1501K(76800K)] 420673K->344897K(589312K), 0.0016788 secs] [Times: user=0.01 sys=0.00, real=0.00 secs] 
1424.957: [GC (Allocation Failure) [PSYoungGen: 76765K->1437K(76288K)] 420161K->344833K(588800K), 0.0017137 secs] [Times: user=0.01 sys=0.00, real=0.00 secs] 
1425.470: [GC (Allocation Failure) [PSYoungGen: 76189K->1424K(75776K)] 419585K->344835K(588288K), 0.0029323 secs] [Times: user=0.01 sys=0.00, real=0.00 secs] 
1425.891: [GC (Allocation Failure) [PSYoungGen: 75664K->1408K(75264K)] 419075K->344819K(587776K), 0.0023260 secs] [Times: user=0.01 sys=0.00, real=0.00 secs] 
1426.231: [GC (Allocation Failure) [PSYoungGen: 75136K->1408K(74752K)] 418547K->344819K(587264K), 0.0022208 secs] [Times: user=0.00 sys=0.00, real=0.00 secs] 
1426.547: [GC (Allocation Failure) [PSYoungGen: 74624K->1408K(74240K)] 418035K->344819K(586752K), 0.0021700 secs] [Times: user=0.00 sys=0.00, real=0.00 secs] 
1426.860: [GC (Allocation Failure) [PSYoungGen: 74112K->1485K(73728K)] 417523K->344897K(586240K), 0.0018446 secs] [Times: user=0.01 sys=0.00, real=0.00 secs] 
1426.986: [GC (Allocation Failure) [PSYoungGen: 73677K->1469K(73216K)] 417089K->344881K(585728K), 0.0017850 secs] [Times: user=0.01 sys=0.00, real=0.00 secs] 
1427.112: [GC (Allocation Failure) [PSYoungGen: 73149K->1469K(73728K)] 416561K->344881K(586240K), 0.0017346 secs] [Times: user=0.01 sys=0.00, real=0.00 secs] 
1429.395: [GC (Allocation Failure) [PSYoungGen: 73149K->1424K(72704K)] 416561K->344835K(585216K), 0.0050634 secs] [Times: user=0.02 sys=0.00, real=0.00 secs] 
1429.834: [GC (Allocation Failure) [PSYoungGen: 72592K->1408K(72192K)] 416003K->344835K(584704K), 0.0025038 secs] [Times: user=0.00 sys=0.00, real=0.00 secs] 
1430.252: [GC (Allocation Failure) [PSYoungGen: 72064K->1376K(71680K)] 415491K->344803K(584192K), 0.0021209 secs] [Times: user=0.01 sys=0.00, real=0.00 secs] 
1430.824: [GC (Allocation Failure) [PSYoungGen: 71520K->1408K(71168K)] 414947K->344835K(583680K), 0.0022960 secs] [Times: user=0.01 sys=0.00, real=0.01 secs] 
1431.253: [GC (Allocation Failure) [PSYoungGen: 71040K->1469K(70656K)] 414467K->344913K(583168K), 0.0021115 secs] [Times: user=0.00 sys=0.00, real=0.01 secs] 
1431.381: [GC (Allocation Failure) [PSYoungGen: 70589K->1488K(70144K)] 414033K->344931K(582656K), 0.0017416 secs] [Times: user=0.01 sys=0.00, real=0.00 secs] 
1431.501: [GC (Allocation Failure) [PSYoungGen: 70089K->1501K(69632K)] 413532K->344945K(582144K), 0.0015783 secs] [Times: user=0.01 sys=0.00, real=0.00 secs] 
1431.621: [GC (Allocation Failure) [PSYoungGen: 69597K->1469K(75776K)] 413041K->344913K(588288K), 0.0016329 secs] [Times: user=0.01 sys=0.00, real=0.00 secs] 
1433.879: [GC (Allocation Failure) [PSYoungGen: 75197K->1408K(74752K)] 418641K->344859K(587264K), 0.0029791 secs] [Times: user=0.01 sys=0.00, real=0.00 secs] 
1434.838: [GC (Allocation Failure) [PSYoungGen: 74624K->1408K(74240K)] 418075K->344859K(586752K), 0.0028401 secs] [Times: user=0.01 sys=0.00, real=0.00 secs] 
1435.553: [GC (Allocation Failure) [PSYoungGen: 74112K->1424K(73728K)] 417563K->344875K(586240K), 0.0026123 secs] [Times: user=0.01 sys=0.00, real=0.01 secs] 
1436.288: [GC (Allocation Failure) [PSYoungGen: 73616K->1424K(73216K)] 417067K->344875K(585728K), 0.0027585 secs] [Times: user=0.01 sys=0.00, real=0.00 secs] 
1436.656: [GC (Allocation Failure) [PSYoungGen: 73104K->1501K(72704K)] 416555K->344953K(585216K), 0.0016391 secs] [Times: user=0.00 sys=0.00, real=0.00 secs] 
1436.801: [GC (Allocation Failure) [PSYoungGen: 72669K->1501K(72192K)] 416121K->344953K(584704K), 0.0019777 secs] [Times: user=0.01 sys=0.00, real=0.00 secs] 
1436.971: [GC (Allocation Failure) [PSYoungGen: 72157K->1533K(71680K)] 415609K->344985K(584192K), 0.0023477 secs] [Times: user=0.01 sys=0.00, real=0.00 secs] 
1437.214: [GC (Allocation Failure) [PSYoungGen: 71677K->2016K(71680K)] 415129K->345467K(584192K), 0.0021686 secs] [Times: user=0.01 sys=0.00, real=0.01 secs] 
1437.975: [GC (Allocation Failure) [PSYoungGen: 71648K->1376K(70656K)] 415099K->344827K(583168K), 0.0025525 secs] [Times: user=0.01 sys=0.00, real=0.00 secs] 
1438.550: [GC (Allocation Failure) [PSYoungGen: 70496K->1392K(70144K)] 413947K->344843K(582656K), 0.0023053 secs] [Times: user=0.01 sys=0.00, real=0.00 secs] 
1439.001: [GC (Allocation Failure) [PSYoungGen: 70000K->1360K(69632K)] 413451K->344811K(582144K), 0.0056649 secs] [Times: user=0.03 sys=0.00, real=0.01 secs] 
1439.342: [GC (Allocation Failure) [PSYoungGen: 69456K->1440K(69120K)] 412907K->344891K(581632K), 0.0023292 secs] [Times: user=0.01 sys=0.00, real=0.00 secs] 
1439.522: [GC (Allocation Failure) [PSYoungGen: 69024K->1469K(68608K)] 412475K->344921K(581120K), 0.0021596 secs] [Times: user=0.01 sys=0.00, real=0.01 secs] 
1439.717: [GC (Allocation Failure) [PSYoungGen: 68541K->1565K(68608K)] 411993K->345017K(581120K), 0.0021619 secs] [Times: user=0.01 sys=0.00, real=0.00 secs] 
1439.866: [GC (Allocation Failure) [PSYoungGen: 68125K->461K(68608K)] 411577K->344937K(581120K), 0.0025088 secs] [Times: user=0.00 sys=0.00, real=0.00 secs] 
1440.478: [GC (Allocation Failure) [PSYoungGen: 68045K->1456K(68608K)] 412521K->345939K(581120K), 0.0022985 secs] [Times: user=0.01 sys=0.00, real=0.00 secs] 
1441.143: [GC (Allocation Failure) [PSYoungGen: 68528K->1376K(68096K)] 413011K->345875K(580608K), 0.0029786 secs] [Times: user=0.01 sys=0.00, real=0.01 secs] 
1442.125: [GC (Allocation Failure) [PSYoungGen: 67936K->1408K(67584K)] 412435K->345907K(580096K), 0.0028635 secs] [Times: user=0.01 sys=0.00, real=0.00 secs] 
1442.948: [GC (Allocation Failure) [PSYoungGen: 67456K->1344K(67072K)] 411955K->345843K(579584K), 0.0030571 secs] [Times: user=0.02 sys=0.00, real=0.00 secs] 
1443.742: [GC (Allocation Failure) [PSYoungGen: 66880K->1408K(66560K)] 411379K->345907K(579072K), 0.0043046 secs] [Times: user=0.02 sys=0.00, real=0.01 secs] 
1444.189: [GC (Allocation Failure) [PSYoungGen: 66432K->1533K(66048K)] 410931K->346033K(578560K), 0.0022626 secs] [Times: user=0.01 sys=0.00, real=0.00 secs] 
1444.315: [GC (Allocation Failure) [PSYoungGen: 66045K->1469K(65536K)] 410545K->345969K(578048K), 0.0016239 secs] [Times: user=0.01 sys=0.00, real=0.00 secs] 
1444.429: [GC (Allocation Failure) [PSYoungGen: 65469K->1565K(65536K)] 409969K->346073K(578048K), 0.0015583 secs] [Times: user=0.01 sys=0.00, real=0.00 secs] 
1444.540: [GC (Allocation Failure) [PSYoungGen: 65053K->1501K(66048K)] 409561K->346009K(578560K), 0.0016186 secs] [Times: user=0.00 sys=0.00, real=0.00 secs] 
1445.119: [GC (Allocation Failure) [PSYoungGen: 65501K->1440K(65024K)] 410009K->345947K(577536K), 0.0022904 secs] [Times: user=0.01 sys=0.00, real=0.00 secs] 
1445.384: [GC (Allocation Failure) [PSYoungGen: 64928K->1424K(70144K)] 409435K->345931K(582656K), 0.0059819 secs] [Times: user=0.02 sys=0.02, real=0.00 secs] 
1445.704: [GC (Allocation Failure) [PSYoungGen: 69520K->1408K(71168K)] 414027K->345915K(583680K), 0.0028523 secs] [Times: user=0.01 sys=0.00, real=0.01 secs] 
1445.991: [GC (Allocation Failure) [PSYoungGen: 70528K->1440K(71168K)] 415035K->345947K(583680K), 0.0023142 secs] [Times: user=0.01 sys=0.00, real=0.00 secs] 
1446.208: [GC (Allocation Failure) [PSYoungGen: 70560K->1501K(76800K)] 415067K->346009K(589312K), 0.0017730 secs] [Times: user=0.01 sys=0.00, real=0.00 secs] 
1446.340: [GC (Allocation Failure) [PSYoungGen: 76253K->1485K(76800K)] 420761K->345993K(589312K), 0.0016328 secs] [Times: user=0.00 sys=0.00, real=0.00 secs] 
1446.471: [GC (Allocation Failure) [PSYoungGen: 76237K->1517K(82944K)] 420745K->346033K(595456K), 0.0038833 secs] [Times: user=0.01 sys=0.01, real=0.01 secs] 
1446.822: [GC (Allocation Failure) [PSYoungGen: 82413K->1440K(82944K)] 426929K->345955K(595456K), 0.0022404 secs] [Times: user=0.00 sys=0.00, real=0.01 secs] 
1447.485: [GC (Allocation Failure) [PSYoungGen: 82336K->1440K(90624K)] 426851K->345955K(603136K), 0.0118231 secs] [Times: user=0.03 sys=0.03, real=0.01 secs] 
1448.039: [GC (Allocation Failure) [PSYoungGen: 90016K->1408K(90624K)] 434531K->345923K(603136K), 0.0020494 secs] [Times: user=0.01 sys=0.00, real=0.00 secs] 
1448.426: [GC (Allocation Failure) [PSYoungGen: 89984K->1376K(97280K)] 434499K->345891K(609792K), 0.0020314 secs] [Times: user=0.01 sys=0.00, real=0.00 secs] 
1448.631: [GC (Allocation Failure) [PSYoungGen: 97120K->1501K(96256K)] 441635K->346017K(608768K), 0.0015981 secs] [Times: user=0.01 sys=0.00, real=0.00 secs] 
1448.798: [GC (Allocation Failure) [PSYoungGen: 96221K->1533K(95232K)] 440737K->346049K(607744K), 0.0017191 secs] [Times: user=0.01 sys=0.00, real=0.00 secs] 
1449.116: [GC (Allocation Failure) [PSYoungGen: 95229K->1456K(94208K)] 439745K->346003K(606720K), 0.0018136 secs] [Times: user=0.01 sys=0.00, real=0.00 secs] 
1449.918: [GC (Allocation Failure) [PSYoungGen: 94128K->1376K(93184K)] 438675K->345923K(605696K), 0.0019555 secs] [Times: user=0.01 sys=0.00, real=0.00 secs] 
1450.709: [GC (Allocation Failure) [PSYoungGen: 93024K->1408K(92160K)] 437571K->345955K(604672K), 0.0022448 secs] [Times: user=0.01 sys=0.00, real=0.00 secs] 
1451.090: [GC (Allocation Failure) [PSYoungGen: 92032K->1501K(91136K)] 436579K->346049K(603648K), 0.0019317 secs] [Times: user=0.00 sys=0.00, real=0.00 secs] 
1451.250: [GC (Allocation Failure) [PSYoungGen: 91101K->1453K(90112K)] 435649K->346001K(602624K), 0.0017841 secs] [Times: user=0.01 sys=0.00, real=0.00 secs] 
1451.404: [GC (Allocation Failure) [PSYoungGen: 90029K->1469K(89088K)] 434577K->346017K(601600K), 0.0016333 secs] [Times: user=0.01 sys=0.00, real=0.00 secs] 
1451.794: [GC (Allocation Failure) [PSYoungGen: 89021K->1440K(88064K)] 433569K->345987K(600576K), 0.0021732 secs] [Times: user=0.01 sys=0.00, real=0.01 secs] 
1452.743: [GC (Allocation Failure) [PSYoungGen: 87968K->1440K(87552K)] 432515K->345987K(600064K), 0.0021305 secs] [Times: user=0.01 sys=0.00, real=0.01 secs] 
1453.701: [GC (Allocation Failure) [PSYoungGen: 87456K->1408K(87040K)] 432003K->345955K(599552K), 0.0032348 secs] [Times: user=0.02 sys=0.00, real=0.01 secs] 
1454.537: [GC (Allocation Failure) [PSYoungGen: 86912K->1517K(86528K)] 431459K->346081K(599040K), 0.0025326 secs] [Times: user=0.01 sys=0.00, real=0.00 secs] 
1454.744: [GC (Allocation Failure) [PSYoungGen: 86509K->1501K(86016K)] 431073K->346073K(598528K), 0.0017985 secs] [Times: user=0.00 sys=0.00, real=0.00 secs] 
1454.894: [GC (Allocation Failure) [PSYoungGen: 85981K->1533K(85504K)] 430553K->346105K(598016K), 0.0016369 secs] [Times: user=0.01 sys=0.00, real=0.01 secs] 
1455.040: [GC (Allocation Failure) [PSYoungGen: 85501K->1501K(84992K)] 430073K->346081K(597504K), 0.0017461 secs] [Times: user=0.00 sys=0.00, real=0.00 secs] 
1456.248: [GC (Allocation Failure) [PSYoungGen: 84957K->1408K(84480K)] 429537K->345987K(596992K), 0.0022044 secs] [Times: user=0.01 sys=0.00, real=0.00 secs] 
1457.088: [GC (Allocation Failure) [PSYoungGen: 84352K->1408K(83968K)] 428931K->345995K(596480K), 0.0023077 secs] [Times: user=0.01 sys=0.00, real=0.00 secs] 
1457.782: [GC (Allocation Failure) [PSYoungGen: 83840K->1408K(83456K)] 428427K->345995K(595968K), 0.0022330 secs] [Times: user=0.01 sys=0.00, real=0.01 secs] 
1458.188: [GC (Allocation Failure) [PSYoungGen: 83328K->1533K(82944K)] 427915K->346129K(595456K), 0.0017024 secs] [Times: user=0.01 sys=0.00, real=0.00 secs] 
1458.332: [GC (Allocation Failure) [PSYoungGen: 82941K->1501K(82432K)] 427537K->346097K(594944K), 0.0015928 secs] [Times: user=0.01 sys=0.00, real=0.00 secs] 
1458.473: [GC (Allocation Failure) [PSYoungGen: 82397K->1517K(81920K)] 426993K->346113K(594432K), 0.0017922 secs] [Times: user=0.00 sys=0.00, real=0.01 secs] 
1459.036: [GC (Allocation Failure) [PSYoungGen: 81901K->1424K(81408K)] 426497K->346019K(593920K), 0.0020078 secs] [Times: user=0.01 sys=0.00, real=0.00 secs] 
1460.350: [GC (Allocation Failure) [PSYoungGen: 81296K->1376K(80896K)] 425891K->345971K(593408K), 0.0028843 secs] [Times: user=0.01 sys=0.00, real=0.00 secs] 
1461.303: [GC (Allocation Failure) [PSYoungGen: 80736K->1440K(80384K)] 425331K->346043K(592896K), 0.0022034 secs] [Times: user=0.01 sys=0.00, real=0.01 secs] 
1462.670: [GC (Allocation Failure) [PSYoungGen: 80288K->1408K(79872K)] 424891K->346011K(592384K), 0.0023164 secs] [Times: user=0.01 sys=0.00, real=0.00 secs] 
1463.024: [GC (Allocation Failure) [PSYoungGen: 79744K->1533K(79360K)] 424347K->346161K(591872K), 0.0015605 secs] [Times: user=0.00 sys=0.00, real=0.00 secs] 
1463.184: [GC (Allocation Failure) [PSYoungGen: 79357K->1549K(79360K)] 423985K->346193K(591872K), 0.0021298 secs] [Times: user=0.01 sys=0.00, real=0.00 secs] 
1463.355: [GC (Allocation Failure) [PSYoungGen: 78861K->493K(77312K)] 423505K->346161K(589824K), 0.0020094 secs] [Times: user=0.01 sys=0.00, real=0.00 secs] 
1463.714: [GC (Allocation Failure) [PSYoungGen: 77293K->1440K(78336K)] 422961K->347107K(590848K), 0.0022730 secs] [Times: user=0.01 sys=0.00, real=0.00 secs] 
1464.127: [GC (Allocation Failure) [PSYoungGen: 77728K->1344K(77312K)] 423395K->347011K(589824K), 0.0022116 secs] [Times: user=0.01 sys=0.00, real=0.00 secs] 
1464.702: [GC (Allocation Failure) [PSYoungGen: 77120K->1408K(76800K)] 422787K->347075K(589312K), 0.0024173 secs] [Times: user=0.01 sys=0.00, real=0.01 secs] 
1465.375: [GC (Allocation Failure) [PSYoungGen: 76672K->1376K(76288K)] 422339K->347043K(588800K), 0.0022892 secs] [Times: user=0.01 sys=0.01, real=0.00 secs] 
1465.776: [GC (Allocation Failure) [PSYoungGen: 76128K->1440K(75776K)] 421795K->347107K(588288K), 0.0018380 secs] [Times: user=0.00 sys=0.00, real=0.00 secs] 
1465.934: [GC (Allocation Failure) [PSYoungGen: 75680K->1501K(75264K)] 421347K->347169K(587776K), 0.0022242 secs] [Times: user=0.01 sys=0.00, real=0.01 secs] 
1466.106: [GC (Allocation Failure) [PSYoungGen: 75229K->1533K(74752K)] 420897K->347201K(587264K), 0.0018296 secs] [Times: user=0.01 sys=0.00, real=0.00 secs] 
1466.940: [GC (Allocation Failure) [PSYoungGen: 74749K->1408K(74240K)] 420417K->347075K(586752K), 0.0044124 secs] [Times: user=0.02 sys=0.00, real=0.00 secs] 
1467.717: [GC (Allocation Failure) [PSYoungGen: 74112K->1424K(73728K)] 419779K->347091K(586240K), 0.0023128 secs] [Times: user=0.01 sys=0.00, real=0.00 secs] 
1468.332: [GC (Allocation Failure) [PSYoungGen: 73616K->1376K(73216K)] 419283K->347043K(585728K), 0.0022516 secs] [Times: user=0.01 sys=0.00, real=0.01 secs] 
1468.950: [GC (Allocation Failure) [PSYoungGen: 73056K->1408K(72704K)] 418723K->347075K(585216K), 0.0023638 secs] [Times: user=0.01 sys=0.00, real=0.00 secs] 
1469.369: [GC (Allocation Failure) [PSYoungGen: 72576K->1517K(72192K)] 418243K->347185K(584704K), 0.0021046 secs] [Times: user=0.01 sys=0.00, real=0.00 secs] 
1469.547: [GC (Allocation Failure) [PSYoungGen: 72173K->1533K(71680K)] 417841K->347201K(584192K), 0.0023722 secs] [Times: user=0.01 sys=0.00, real=0.00 secs] 
1469.702: [GC (Allocation Failure) [PSYoungGen: 71677K->1501K(71168K)] 417345K->347169K(583680K), 0.0016178 secs] [Times: user=0.00 sys=0.00, real=0.00 secs] 
1469.843: [GC (Allocation Failure) [PSYoungGen: 71133K->1533K(70656K)] 416801K->347201K(583168K), 0.0021711 secs] [Times: user=0.00 sys=0.00, real=0.01 secs] 
1470.298: [GC (Allocation Failure) [PSYoungGen: 70653K->1440K(70144K)] 416321K->347107K(582656K), 0.0022926 secs] [Times: user=0.01 sys=0.00, real=0.00 secs] 
1470.570: [GC (Allocation Failure) [PSYoungGen: 70048K->1408K(69632K)] 415715K->347075K(582144K), 0.0022320 secs] [Times: user=0.01 sys=0.00, real=0.00 secs] 
1470.999: [GC (Allocation Failure) [PSYoungGen: 69504K->1408K(69120K)] 415171K->347091K(581632K), 0.0019895 secs] [Times: user=0.00 sys=0.00, real=0.00 secs] 
1471.491: [GC (Allocation Failure) [PSYoungGen: 68992K->1376K(68608K)] 414675K->347059K(581120K), 0.0021388 secs] [Times: user=0.01 sys=0.00, real=0.00 secs] 
1471.780: [GC (Allocation Failure) [PSYoungGen: 68448K->1469K(68096K)] 414131K->347153K(580608K), 0.0015351 secs] [Times: user=0.00 sys=0.00, real=0.00 secs] 
1471.897: [GC (Allocation Failure) [PSYoungGen: 68029K->1533K(67584K)] 413713K->347217K(580096K), 0.0017481 secs] [Times: user=0.01 sys=0.00, real=0.00 secs] 
1472.014: [GC (Allocation Failure) [PSYoungGen: 67581K->1501K(67072K)] 413265K->347185K(579584K), 0.0017311 secs] [Times: user=0.00 sys=0.00, real=0.00 secs] 
1472.132: [GC (Allocation Failure) [PSYoungGen: 67037K->1469K(72192K)] 412721K->347169K(584704K), 0.0016433 secs] [Times: user=0.01 sys=0.00, real=0.00 secs] 
1472.950: [GC (Allocation Failure) [PSYoungGen: 71613K->1424K(71168K)] 417313K->347123K(583680K), 0.0023658 secs] [Times: user=0.01 sys=0.00, real=0.00 secs] 
1473.633: [GC (Allocation Failure) [PSYoungGen: 71056K->1376K(70656K)] 416755K->347075K(583168K), 0.0026054 secs] [Times: user=0.01 sys=0.00, real=0.01 secs] 
1475.002: [GC (Allocation Failure) [PSYoungGen: 70496K->1408K(70144K)] 416195K->347107K(582656K), 0.0035529 secs] [Times: user=0.01 sys=0.00, real=0.01 secs] 
1475.582: [GC (Allocation Failure) [PSYoungGen: 70016K->1376K(69632K)] 415715K->347075K(582144K), 0.0029009 secs] [Times: user=0.01 sys=0.00, real=0.01 secs] 
1476.009: [GC (Allocation Failure) [PSYoungGen: 69472K->1453K(69120K)] 415171K->347153K(581632K), 0.0022151 secs] [Times: user=0.01 sys=0.00, real=0.00 secs] 
1476.173: [GC (Allocation Failure) [PSYoungGen: 69034K->1469K(68608K)] 414734K->347169K(581120K), 0.0021955 secs] [Times: user=0.01 sys=0.00, real=0.01 secs] 
1476.323: [GC (Allocation Failure) [PSYoungGen: 68541K->1501K(68096K)] 414241K->347201K(580608K), 0.0017157 secs] [Times: user=0.01 sys=0.00, real=0.01 secs] 
1476.456: [GC (Allocation Failure) [PSYoungGen: 68061K->1453K(69632K)] 413761K->347161K(582144K), 0.0019796 secs] [Times: user=0.01 sys=0.00, real=0.00 secs] 
1477.326: [GC (Allocation Failure) [PSYoungGen: 69037K->1376K(68608K)] 414745K->347083K(581120K), 0.0053960 secs] [Times: user=0.02 sys=0.00, real=0.00 secs] 
1478.299: [GC (Allocation Failure) [PSYoungGen: 68448K->1344K(68096K)] 414155K->347051K(580608K), 0.0050093 secs] [Times: user=0.01 sys=0.00, real=0.00 secs] 
1478.886: [GC (Allocation Failure) [PSYoungGen: 67904K->1376K(67584K)] 413611K->347083K(580096K), 0.0027981 secs] [Times: user=0.01 sys=0.00, real=0.00 secs] 
1479.518: [GC (Allocation Failure) [PSYoungGen: 67424K->1376K(67072K)] 413131K->347083K(579584K), 0.0023685 secs] [Times: user=0.01 sys=0.00, real=0.00 secs] 
1479.864: [GC (Allocation Failure) [PSYoungGen: 66912K->1469K(66560K)] 412619K->347177K(579072K), 0.0017459 secs] [Times: user=0.01 sys=0.00, real=0.01 secs] 
1480.000: [GC (Allocation Failure) [PSYoungGen: 66493K->1504K(66048K)] 412201K->347211K(578560K), 0.0022473 secs] [Times: user=0.01 sys=0.00, real=0.00 secs] 
1480.163: [GC (Allocation Failure) [PSYoungGen: 66016K->1533K(65536K)] 411723K->347241K(578048K), 0.0016795 secs] [Times: user=0.01 sys=0.00, real=0.01 secs] 
1480.281: [GC (Allocation Failure) [PSYoungGen: 65533K->1485K(70656K)] 411241K->347201K(583168K), 0.0015954 secs] [Times: user=0.01 sys=0.00, real=0.00 secs] 
1480.720: [GC (Allocation Failure) [PSYoungGen: 70093K->1376K(69632K)] 415809K->347091K(582144K), 0.0030146 secs] [Times: user=0.01 sys=0.00, real=0.00 secs] 
1481.004: [GC (Allocation Failure) [PSYoungGen: 69472K->1376K(69120K)] 415187K->347107K(581632K), 0.0023182 secs] [Times: user=0.01 sys=0.00, real=0.01 secs] 
1481.285: [GC (Allocation Failure) [PSYoungGen: 68960K->1344K(68608K)] 414691K->347075K(581120K), 0.0022302 secs] [Times: user=0.01 sys=0.00, real=0.00 secs] 
1481.409: [GC (Allocation Failure) [PSYoungGen: 68416K->1469K(68096K)] 414147K->347201K(580608K), 0.0016262 secs] [Times: user=0.00 sys=0.00, real=0.00 secs] 
1481.488: [GC (Allocation Failure) [PSYoungGen: 68029K->1456K(68608K)] 413761K->347187K(581120K), 0.0017280 secs] [Times: user=0.01 sys=0.00, real=0.00 secs] 
1481.568: [GC (Allocation Failure) [PSYoungGen: 68528K->1469K(69120K)] 414259K->347201K(581632K), 0.0016318 secs] [Times: user=0.01 sys=0.00, real=0.00 secs] 
1481.650: [GC (Allocation Failure) [PSYoungGen: 68363K->288K(75776K)] 414095K->346019K(588288K), 0.0015969 secs] [Times: user=0.01 sys=0.00, real=0.00 secs] 
1482.075: [GC (Allocation Failure) [PSYoungGen: 74016K->1344K(75776K)] 419747K->347083K(588288K), 0.0018719 secs] [Times: user=0.01 sys=0.00, real=0.00 secs] 
1483.089: [GC (Allocation Failure) [PSYoungGen: 75072K->1376K(81408K)] 420811K->347115K(593920K), 0.0027969 secs] [Times: user=0.01 sys=0.01, real=0.00 secs] 
1484.210: [GC (Allocation Failure) [PSYoungGen: 81248K->1376K(80896K)] 426987K->347115K(593408K), 0.0033444 secs] [Times: user=0.01 sys=0.01, real=0.00 secs] 
1485.096: [GC (Allocation Failure) [PSYoungGen: 80736K->1501K(80384K)] 426475K->347241K(592896K), 0.0022565 secs] [Times: user=0.01 sys=0.00, real=0.00 secs] 
1485.302: [GC (Allocation Failure) [PSYoungGen: 80349K->1501K(79872K)] 426089K->347241K(592384K), 0.0023408 secs] [Times: user=0.01 sys=0.00, real=0.01 secs] 
1485.469: [GC (Allocation Failure) [PSYoungGen: 79837K->1485K(79360K)] 425577K->347225K(591872K), 0.0017152 secs] [Times: user=0.00 sys=0.00, real=0.00 secs] 
1485.661: [GC (Allocation Failure) [PSYoungGen: 79309K->1568K(79360K)] 425049K->347307K(591872K), 0.0018213 secs] [Times: user=0.01 sys=0.00, real=0.00 secs] 
1485.979: [GC (Allocation Failure) [PSYoungGen: 78880K->1376K(78336K)] 424619K->347115K(590848K), 0.0022027 secs] [Times: user=0.01 sys=0.00, real=0.00 secs] 
1486.299: [GC (Allocation Failure) [PSYoungGen: 78176K->1408K(77824K)] 423915K->347155K(590336K), 0.0022245 secs] [Times: user=0.01 sys=0.01, real=0.00 secs] 
1486.645: [GC (Allocation Failure) [PSYoungGen: 77696K->1392K(77312K)] 423443K->347139K(589824K), 0.0019891 secs] [Times: user=0.01 sys=0.00, real=0.00 secs] 
1486.931: [GC (Allocation Failure) [PSYoungGen: 77168K->1469K(76800K)] 422915K->347217K(589312K), 0.0017231 secs] [Times: user=0.00 sys=0.00, real=0.00 secs] 
1487.063: [GC (Allocation Failure) [PSYoungGen: 76733K->1469K(76288K)] 422481K->347217K(588800K), 0.0015888 secs] [Times: user=0.01 sys=0.00, real=0.01 secs] 
1487.194: [GC (Allocation Failure) [PSYoungGen: 76221K->1533K(75776K)] 421969K->347281K(588288K), 0.0016145 secs] [Times: user=0.01 sys=0.00, real=0.01 secs] 
1487.325: [GC (Allocation Failure) [PSYoungGen: 75773K->1501K(76288K)] 421521K->347249K(588800K), 0.0016729 secs] [Times: user=0.01 sys=0.00, real=0.00 secs] 
1487.670: [GC (Allocation Failure) [PSYoungGen: 76253K->1408K(75776K)] 422001K->347155K(588288K), 0.0017257 secs] [Times: user=0.00 sys=0.01, real=0.00 secs] 
1488.000: [GC (Allocation Failure) [PSYoungGen: 75648K->1376K(75264K)] 421395K->347123K(587776K), 0.0020140 secs] [Times: user=0.01 sys=0.00, real=0.00 secs] 
1488.356: [GC (Allocation Failure) [PSYoungGen: 75104K->1376K(74752K)] 420851K->347123K(587264K), 0.0020344 secs] [Times: user=0.01 sys=0.00, real=0.00 secs] 
1488.730: [GC (Allocation Failure) [PSYoungGen: 74592K->1453K(74240K)] 420339K->347201K(586752K), 0.0016607 secs] [Times: user=0.01 sys=0.00, real=0.00 secs] 
1488.860: [GC (Allocation Failure) [PSYoungGen: 74157K->1488K(73728K)] 419905K->347251K(586240K), 0.0017632 secs] [Times: user=0.01 sys=0.00, real=0.00 secs] 
1489.008: [GC (Allocation Failure) [PSYoungGen: 73680K->1469K(73216K)] 419443K->347233K(585728K), 0.0021621 secs] [Times: user=0.01 sys=0.00, real=0.00 secs] 
1489.182: [GC (Allocation Failure) [PSYoungGen: 73149K->1517K(73728K)] 418913K->347281K(586240K), 0.0020785 secs] [Times: user=0.00 sys=0.00, real=0.00 secs] 
1489.563: [GC (Allocation Failure) [PSYoungGen: 73197K->1408K(72704K)] 418961K->347171K(585216K), 0.0022702 secs] [Times: user=0.01 sys=0.01, real=0.01 secs] 
1490.331: [GC (Allocation Failure) [PSYoungGen: 72576K->1392K(72192K)] 418339K->347155K(584704K), 0.0031321 secs] [Times: user=0.01 sys=0.00, real=0.01 secs] 
1491.287: [GC (Allocation Failure) [PSYoungGen: 72048K->1376K(71680K)] 417811K->347139K(584192K), 0.0026967 secs] [Times: user=0.01 sys=0.00, real=0.00 secs] 
1492.325: [GC (Allocation Failure) [PSYoungGen: 71520K->1376K(71168K)] 417283K->347139K(583680K), 0.0048695 secs] [Times: user=0.02 sys=0.00, real=0.00 secs] 
1492.904: [GC (Allocation Failure) [PSYoungGen: 71008K->1437K(70656K)] 416771K->347201K(583168K), 0.0025245 secs] [Times: user=0.01 sys=0.00, real=0.01 secs] 
1493.103: [GC (Allocation Failure) [PSYoungGen: 70557K->1469K(70144K)] 416321K->347233K(582656K), 0.0025074 secs] [Times: user=0.01 sys=0.00, real=0.01 secs] 
1493.244: [GC (Allocation Failure) [PSYoungGen: 70065K->1501K(69632K)] 415829K->347265K(582144K), 0.0016842 secs] [Times: user=0.01 sys=0.00, real=0.01 secs] 
1493.364: [GC (Allocation Failure) [PSYoungGen: 69597K->1501K(69120K)] 415361K->347265K(581632K), 0.0016810 secs] [Times: user=0.01 sys=0.00, real=0.00 secs] 
1493.779: [GC (Allocation Failure) [PSYoungGen: 69085K->1472K(68608K)] 414849K->347235K(581120K), 0.0023902 secs] [Times: user=0.02 sys=0.00, real=0.00 secs] 
1494.054: [GC (Allocation Failure) [PSYoungGen: 68544K->1376K(68096K)] 414307K->347139K(580608K), 0.0023121 secs] [Times: user=0.01 sys=0.00, real=0.00 secs] 
1494.331: [GC (Allocation Failure) [PSYoungGen: 67936K->1344K(67584K)] 413699K->347107K(580096K), 0.0020509 secs] [Times: user=0.00 sys=0.01, real=0.00 secs] 
1494.623: [GC (Allocation Failure) [PSYoungGen: 67392K->1376K(67072K)] 413155K->347139K(579584K), 0.0021715 secs] [Times: user=0.01 sys=0.00, real=0.01 secs] 
1494.864: [GC (Allocation Failure) [PSYoungGen: 66912K->1437K(66560K)] 412675K->347201K(579072K), 0.0015918 secs] [Times: user=0.01 sys=0.00, real=0.01 secs] 
1494.978: [GC (Allocation Failure) [PSYoungGen: 66461K->1501K(66048K)] 412225K->347265K(578560K), 0.0017974 secs] [Times: user=0.01 sys=0.00, real=0.00 secs] 
1495.090: [GC (Allocation Failure) [PSYoungGen: 66013K->1453K(71680K)] 411777K->347217K(584192K), 0.0016905 secs] [Times: user=0.01 sys=0.00, real=0.00 secs] 
1495.213: [GC (Allocation Failure) [PSYoungGen: 71597K->1501K(72192K)] 417361K->347281K(584704K), 0.0016830 secs] [Times: user=0.01 sys=0.00, real=0.01 secs] 
1496.132: [GC (Allocation Failure) [PSYoungGen: 71645K->1424K(71168K)] 417425K->347203K(583680K), 0.0027184 secs] [Times: user=0.01 sys=0.00, real=0.01 secs] 
1497.007: [GC (Allocation Failure) [PSYoungGen: 71056K->1408K(70656K)] 416835K->347187K(583168K), 0.0033711 secs] [Times: user=0.01 sys=0.00, real=0.00 secs] 
1497.678: [GC (Allocation Failure) [PSYoungGen: 70528K->1408K(70144K)] 416307K->347187K(582656K), 0.0025109 secs] [Times: user=0.01 sys=0.00, real=0.00 secs] 
1498.187: [GC (Allocation Failure) [PSYoungGen: 70016K->1376K(69632K)] 415795K->347155K(582144K), 0.0026948 secs] [Times: user=0.01 sys=0.00, real=0.00 secs] 
1498.476: [GC (Allocation Failure) [PSYoungGen: 69472K->1485K(69120K)] 415251K->347265K(581632K), 0.0021816 secs] [Times: user=0.00 sys=0.00, real=0.00 secs] 
1498.612: [GC (Allocation Failure) [PSYoungGen: 69069K->1501K(68608K)] 414849K->347281K(581120K), 0.0018202 secs] [Times: user=0.01 sys=0.00, real=0.00 secs] 
1498.730: [GC (Allocation Failure) [PSYoungGen: 68573K->1501K(68096K)] 414353K->347281K(580608K), 0.0016641 secs] [Times: user=0.01 sys=0.00, real=0.00 secs] 
1498.846: [GC (Allocation Failure) [PSYoungGen: 68061K->1533K(73728K)] 413841K->347321K(586240K), 0.0017660 secs] [Times: user=0.01 sys=0.00, real=0.00 secs] 
1500.514: [GC (Allocation Failure) [PSYoungGen: 73725K->1408K(73216K)] 419513K->347195K(585728K), 0.0044899 secs] [Times: user=0.02 sys=0.00, real=0.00 secs] 
1501.529: [GC (Allocation Failure) [PSYoungGen: 73088K->1408K(72704K)] 418875K->347195K(585216K), 0.0040763 secs] [Times: user=0.01 sys=0.00, real=0.00 secs] 
1502.147: [GC (Allocation Failure) [PSYoungGen: 72576K->1376K(72192K)] 418363K->347187K(584704K), 0.0028595 secs] [Times: user=0.01 sys=0.00, real=0.00 secs] 
1502.962: [GC (Allocation Failure) [PSYoungGen: 72032K->1408K(71680K)] 417843K->347219K(584192K), 0.0025633 secs] [Times: user=0.01 sys=0.00, real=0.01 secs] 
1503.199: [GC (Allocation Failure) [PSYoungGen: 71552K->1533K(71168K)] 417363K->347345K(583680K), 0.0017391 secs] [Times: user=0.01 sys=0.00, real=0.00 secs] 
1503.322: [GC (Allocation Failure) [PSYoungGen: 71165K->1533K(70656K)] 416977K->347345K(583168K), 0.0016363 secs] [Times: user=0.01 sys=0.00, real=0.00 secs] 
1503.464: [GC (Allocation Failure) [PSYoungGen: 70653K->1517K(70144K)] 416465K->347329K(582656K), 0.0021037 secs] [Times: user=0.01 sys=0.00, real=0.00 secs] 
1503.747: [GC (Allocation Failure) [PSYoungGen: 70125K->1472K(69632K)] 415937K->347283K(582144K), 0.0020235 secs] [Times: user=0.00 sys=0.00, real=0.00 secs] 
1504.598: [GC (Allocation Failure) [PSYoungGen: 69568K->1360K(69120K)] 415379K->347171K(581632K), 0.0041143 secs] [Times: user=0.02 sys=0.00, real=0.00 secs] 
1505.151: [GC (Allocation Failure) [PSYoungGen: 68944K->1376K(68608K)] 414755K->347187K(581120K), 0.0034295 secs] [Times: user=0.01 sys=0.00, real=0.01 secs] 
1505.756: [GC (Allocation Failure) [PSYoungGen: 68448K->1360K(68096K)] 414259K->347171K(580608K), 0.0034396 secs] [Times: user=0.01 sys=0.00, real=0.00 secs] 
1506.420: [GC (Allocation Failure) [PSYoungGen: 67785K->320K(66560K)] 413597K->346131K(579072K), 0.0025905 secs] [Times: user=0.01 sys=0.00, real=0.00 secs] 
1506.591: [GC (Allocation Failure) [PSYoungGen: 66368K->1501K(67072K)] 412179K->347313K(579584K), 0.0016917 secs] [Times: user=0.00 sys=0.00, real=0.00 secs] 
1506.708: [GC (Allocation Failure) [PSYoungGen: 67037K->1517K(66560K)] 412849K->347329K(579072K), 0.0016772 secs] [Times: user=0.00 sys=0.00, real=0.00 secs] 
1506.823: [GC (Allocation Failure) [PSYoungGen: 66541K->1469K(67072K)] 412353K->347281K(579584K), 0.0016058 secs] [Times: user=0.01 sys=0.00, real=0.01 secs] 
1506.937: [GC (Allocation Failure) [PSYoungGen: 66493K->1456K(67072K)] 412305K->347267K(579584K), 0.0016309 secs] [Times: user=0.01 sys=0.00, real=0.00 secs] 
1507.613: [GC (Allocation Failure) [PSYoungGen: 66480K->1408K(66048K)] 412291K->347219K(578560K), 0.0037508 secs] [Times: user=0.02 sys=0.00, real=0.01 secs] 
1508.126: [GC (Allocation Failure) [PSYoungGen: 65920K->1392K(65536K)] 411731K->347203K(578048K), 0.0034347 secs] [Times: user=0.01 sys=0.00, real=0.00 secs] 
1508.676: [GC (Allocation Failure) [PSYoungGen: 65392K->1376K(65024K)] 411203K->347187K(577536K), 0.0021054 secs] [Times: user=0.01 sys=0.00, real=0.00 secs] 
1509.167: [GC (Allocation Failure) [PSYoungGen: 64864K->1408K(64512K)] 410675K->347219K(577024K), 0.0019863 secs] [Times: user=0.01 sys=0.00, real=0.00 secs] 
1509.598: [GC (Allocation Failure) [PSYoungGen: 64384K->1517K(64000K)] 410195K->347329K(576512K), 0.0021913 secs] [Times: user=0.01 sys=0.00, real=0.00 secs] 
1509.747: [GC (Allocation Failure) [PSYoungGen: 63981K->1533K(63488K)] 409793K->347345K(576000K), 0.0017386 secs] [Times: user=0.00 sys=0.00, real=0.00 secs] 
1509.857: [GC (Allocation Failure) [PSYoungGen: 63485K->1501K(62976K)] 409297K->347321K(575488K), 0.0015926 secs] [Times: user=0.00 sys=0.00, real=0.00 secs] 
1509.965: [GC (Allocation Failure) [PSYoungGen: 62941K->1501K(68096K)] 408761K->347337K(580608K), 0.0016724 secs] [Times: user=0.01 sys=0.00, real=0.00 secs] 
1511.510: [GC (Allocation Failure) [PSYoungGen: 68061K->1440K(67584K)] 413897K->347275K(580096K), 0.0040394 secs] [Times: user=0.02 sys=0.00, real=0.00 secs] 
1513.095: [GC (Allocation Failure) [PSYoungGen: 67488K->1344K(67072K)] 413323K->347179K(579584K), 0.0032523 secs] [Times: user=0.01 sys=0.00, real=0.00 secs] 
1513.379: [GC (Allocation Failure) [PSYoungGen: 66880K->1408K(66560K)] 412715K->347243K(579072K), 0.0024216 secs] [Times: user=0.01 sys=0.00, real=0.00 secs] 
1513.667: [GC (Allocation Failure) [PSYoungGen: 66432K->1376K(66048K)] 412267K->347211K(578560K), 0.0021692 secs] [Times: user=0.01 sys=0.00, real=0.00 secs] 
1513.919: [GC (Allocation Failure) [PSYoungGen: 65888K->1421K(65536K)] 411723K->347257K(578048K), 0.0021618 secs] [Times: user=0.01 sys=0.00, real=0.00 secs] 
1514.038: [GC (Allocation Failure) [PSYoungGen: 65421K->1469K(65024K)] 411257K->347305K(577536K), 0.0016159 secs] [Times: user=0.01 sys=0.00, real=0.00 secs] 
1514.150: [GC (Allocation Failure) [PSYoungGen: 64957K->1504K(65536K)] 410793K->347355K(578048K), 0.0015968 secs] [Times: user=0.01 sys=0.00, real=0.00 secs] 
1514.261: [GC (Allocation Failure) [PSYoungGen: 64992K->1533K(65536K)] 410843K->347385K(578048K), 0.0016012 secs] [Times: user=0.01 sys=0.00, real=0.00 secs] 
1514.928: [GC (Allocation Failure) [PSYoungGen: 65021K->1952K(70656K)] 410873K->347803K(583168K), 0.0046742 secs] [Times: user=0.02 sys=0.00, real=0.00 secs] 
1516.990: [GC (Allocation Failure) [PSYoungGen: 70560K->1376K(69632K)] 416411K->347227K(582144K), 0.0049267 secs] [Times: user=0.02 sys=0.00, real=0.01 secs] 
1517.637: [GC (Allocation Failure) [PSYoungGen: 69472K->1408K(69120K)] 415323K->347259K(581632K), 0.0032315 secs] [Times: user=0.01 sys=0.00, real=0.00 secs] 
1518.360: [GC (Allocation Failure) [PSYoungGen: 68992K->1376K(68608K)] 414843K->347227K(581120K), 0.0036695 secs] [Times: user=0.01 sys=0.00, real=0.00 secs] 
1519.168: [GC (Allocation Failure) [PSYoungGen: 68448K->1408K(68096K)] 414299K->347259K(580608K), 0.0045984 secs] [Times: user=0.02 sys=0.01, real=0.00 secs] 
1519.477: [GC (Allocation Failure) [PSYoungGen: 67968K->1469K(67584K)] 413819K->347321K(580096K), 0.0021691 secs] [Times: user=0.01 sys=0.00, real=0.00 secs] 
1519.603: [GC (Allocation Failure) [PSYoungGen: 67517K->1501K(67072K)] 413369K->347353K(579584K), 0.0016590 secs] [Times: user=0.01 sys=0.00, real=0.01 secs] 
1519.719: [GC (Allocation Failure) [PSYoungGen: 67037K->1517K(66560K)] 412889K->347385K(579072K), 0.0017184 secs] [Times: user=0.01 sys=0.00, real=0.00 secs] 
1519.965: [GC (Allocation Failure) [PSYoungGen: 66541K->1504K(66048K)] 412409K->347531K(578560K), 0.0019736 secs] [Times: user=0.01 sys=0.00, real=0.00 secs] 
1520.700: [GC (Allocation Failure) [PSYoungGen: 66016K->1344K(65536K)] 412043K->347371K(578048K), 0.0045468 secs] [Times: user=0.01 sys=0.01, real=0.01 secs] 
1521.600: [GC (Allocation Failure) [PSYoungGen: 65344K->1312K(65024K)] 411371K->347339K(577536K), 0.0039931 secs] [Times: user=0.01 sys=0.00, real=0.00 secs] 
1522.379: [GC (Allocation Failure) [PSYoungGen: 64800K->1312K(64512K)] 410827K->347339K(577024K), 0.0042336 secs] [Times: user=0.02 sys=0.00, real=0.00 secs] 
1523.157: [GC (Allocation Failure) [PSYoungGen: 64288K->1280K(64000K)] 410315K->347307K(576512K), 0.0035066 secs] [Times: user=0.02 sys=0.00, real=0.00 secs] 
1523.509: [GC (Allocation Failure) [PSYoungGen: 63744K->1469K(63488K)] 409771K->347497K(576000K), 0.0023894 secs] [Times: user=0.01 sys=0.00, real=0.00 secs] 
1523.638: [GC (Allocation Failure) [PSYoungGen: 63421K->1485K(62976K)] 409449K->347513K(575488K), 0.0015997 secs] [Times: user=0.00 sys=0.00, real=0.00 secs] 
1523.745: [GC (Allocation Failure) [PSYoungGen: 62925K->1469K(62464K)] 408953K->347521K(574976K), 0.0016903 secs] [Times: user=0.01 sys=0.00, real=0.00 secs] 
1523.852: [GC (Allocation Failure) [PSYoungGen: 62397K->1501K(62976K)] 408449K->347553K(575488K), 0.0017632 secs] [Times: user=0.00 sys=0.00, real=0.01 secs] 
1524.345: [GC (Allocation Failure) [PSYoungGen: 62941K->1456K(62464K)] 408993K->347507K(574976K), 0.0022566 secs] [Times: user=0.01 sys=0.00, real=0.00 secs] 
1524.859: [GC (Allocation Failure) [PSYoungGen: 62384K->1440K(61952K)] 408435K->347491K(574464K), 0.0022926 secs] [Times: user=0.01 sys=0.00, real=0.00 secs] 
1525.360: [GC (Allocation Failure) [PSYoungGen: 61856K->1408K(61440K)] 407907K->347459K(573952K), 0.0021474 secs] [Times: user=0.00 sys=0.00, real=0.00 secs] 
1525.870: [GC (Allocation Failure) [PSYoungGen: 61312K->1408K(60928K)] 407363K->347467K(573440K), 0.0045958 secs] [Times: user=0.02 sys=0.00, real=0.01 secs] 
1526.354: [GC (Allocation Failure) [PSYoungGen: 60800K->1376K(61440K)] 406859K->347435K(573952K), 0.0023722 secs] [Times: user=0.01 sys=0.00, real=0.01 secs] 
1526.528: [GC (Allocation Failure) [PSYoungGen: 60768K->1501K(61440K)] 406827K->347561K(573952K), 0.0016499 secs] [Times: user=0.01 sys=0.00, real=0.00 secs] 
1526.632: [GC (Allocation Failure) [PSYoungGen: 60893K->1485K(61440K)] 406953K->347585K(573952K), 0.0018424 secs] [Times: user=0.00 sys=0.00, real=0.01 secs] 
1526.751: [GC (Allocation Failure) [PSYoungGen: 60877K->1501K(66560K)] 406977K->347601K(579072K), 0.0018996 secs] [Times: user=0.01 sys=0.00, real=0.00 secs] 
1526.893: [GC (Allocation Failure) [PSYoungGen: 66013K->1517K(66560K)] 412113K->347617K(579072K), 0.0019728 secs] [Times: user=0.00 sys=0.00, real=0.01 secs] 
1527.121: [GC (Allocation Failure) [PSYoungGen: 66029K->1440K(72704K)] 412129K->347539K(585216K), 0.0055299 secs] [Times: user=0.01 sys=0.02, real=0.01 secs] 
1527.419: [GC (Allocation Failure) [PSYoungGen: 72096K->1344K(72704K)] 418195K->347443K(585216K), 0.0022669 secs] [Times: user=0.01 sys=0.00, real=0.00 secs] 
1527.713: [GC (Allocation Failure) [PSYoungGen: 72000K->1376K(78336K)] 418099K->347483K(590848K), 0.0024203 secs] [Times: user=0.01 sys=0.00, real=0.01 secs] 
1528.034: [GC (Allocation Failure) [PSYoungGen: 78176K->1376K(78848K)] 424283K->347483K(591360K), 0.0025400 secs] [Times: user=0.01 sys=0.00, real=0.01 secs] 
1528.353: [GC (Allocation Failure) [PSYoungGen: 78176K->1472K(77824K)] 424283K->347579K(590336K), 0.0020900 secs] [Times: user=0.01 sys=0.00, real=0.01 secs] 
1528.493: [GC (Allocation Failure) [PSYoungGen: 77760K->1533K(83968K)] 423867K->347641K(596480K), 0.0016577 secs] [Times: user=0.01 sys=0.00, real=0.01 secs] 
1528.637: [GC (Allocation Failure) [PSYoungGen: 83965K->1501K(84480K)] 430073K->347633K(596992K), 0.0034438 secs] [Times: user=0.01 sys=0.00, real=0.00 secs] 
1529.500: [GC (Allocation Failure) [PSYoungGen: 83933K->1440K(84480K)] 430065K->347603K(596992K), 0.0029575 secs] [Times: user=0.01 sys=0.00, real=0.00 secs] 
1530.150: [GC (Allocation Failure) [PSYoungGen: 83872K->1408K(83456K)] 430035K->347571K(595968K), 0.0022470 secs] [Times: user=0.01 sys=0.00, real=0.00 secs] 
1530.569: [GC (Allocation Failure) [PSYoungGen: 83328K->1376K(82944K)] 429491K->347539K(595456K), 0.0024336 secs] [Times: user=0.01 sys=0.00, real=0.00 secs] 
1531.184: [GC (Allocation Failure) [PSYoungGen: 82784K->1408K(82432K)] 428947K->347571K(594944K), 0.0020934 secs] [Times: user=0.00 sys=0.00, real=0.00 secs] 
1531.440: [GC (Allocation Failure) [PSYoungGen: 82304K->1469K(81920K)] 428467K->347633K(594432K), 0.0018842 secs] [Times: user=0.00 sys=0.00, real=0.00 secs] 
1531.586: [GC (Allocation Failure) [PSYoungGen: 81853K->1469K(81408K)] 428017K->347633K(593920K), 0.0016830 secs] [Times: user=0.01 sys=0.00, real=0.00 secs] 
1531.729: [GC (Allocation Failure) [PSYoungGen: 81341K->1501K(80896K)] 427505K->347665K(593408K), 0.0017173 secs] [Times: user=0.00 sys=0.00, real=0.00 secs] 
1532.441: [GC (Allocation Failure) [PSYoungGen: 80861K->1408K(80384K)] 427025K->347571K(592896K), 0.0021201 secs] [Times: user=0.01 sys=0.00, real=0.00 secs] 
1533.009: [GC (Allocation Failure) [PSYoungGen: 80256K->1408K(79872K)] 426419K->347571K(592384K), 0.0023347 secs] [Times: user=0.01 sys=0.01, real=0.00 secs] 
1533.397: [GC (Allocation Failure) [PSYoungGen: 79744K->1440K(79360K)] 425907K->347603K(591872K), 0.0021000 secs] [Times: user=0.01 sys=0.00, real=0.00 secs] 
1533.720: [GC (Allocation Failure) [PSYoungGen: 79264K->1472K(78848K)] 425427K->347635K(591360K), 0.0016222 secs] [Times: user=0.01 sys=0.00, real=0.00 secs] 
1533.859: [GC (Allocation Failure) [PSYoungGen: 78784K->1501K(78336K)] 424947K->347665K(590848K), 0.0016452 secs] [Times: user=0.01 sys=0.00, real=0.00 secs] 
1534.014: [GC (Allocation Failure) [PSYoungGen: 78301K->1485K(77824K)] 424465K->347649K(590336K), 0.0021102 secs] [Times: user=0.01 sys=0.00, real=0.00 secs] 
1534.196: [GC (Allocation Failure) [PSYoungGen: 77773K->1472K(77312K)] 423937K->347635K(589824K), 0.0020968 secs] [Times: user=0.01 sys=0.00, real=0.00 secs] 
1535.156: [GC (Allocation Failure) [PSYoungGen: 77248K->1440K(76800K)] 423411K->347603K(589312K), 0.0046938 secs] [Times: user=0.02 sys=0.00, real=0.00 secs] 
1535.694: [GC (Allocation Failure) [PSYoungGen: 76704K->1408K(76288K)] 422867K->347571K(588800K), 0.0029336 secs] [Times: user=0.01 sys=0.00, real=0.00 secs] 
1536.374: [GC (Allocation Failure) [PSYoungGen: 76160K->1408K(75776K)] 422323K->347571K(588288K), 0.0029017 secs] [Times: user=0.02 sys=0.00, real=0.01 secs] 
1536.990: [GC (Allocation Failure) [PSYoungGen: 75648K->1469K(75264K)] 421811K->347633K(587776K), 0.0025924 secs] [Times: user=0.01 sys=0.00, real=0.00 secs] 
1537.171: [GC (Allocation Failure) [PSYoungGen: 75197K->1501K(74752K)] 421361K->347665K(587264K), 0.0017199 secs] [Times: user=0.00 sys=0.00, real=0.00 secs] 
1537.299: [GC (Allocation Failure) [PSYoungGen: 74717K->1533K(74240K)] 420881K->347697K(586752K), 0.0016873 secs] [Times: user=0.01 sys=0.00, real=0.00 secs] 
1537.427: [GC (Allocation Failure) [PSYoungGen: 74237K->1520K(73728K)] 420401K->347683K(586240K), 0.0016710 secs] [Times: user=0.01 sys=0.00, real=0.00 secs] 
1537.964: [GC (Allocation Failure) [PSYoungGen: 73712K->1440K(73216K)] 419875K->347603K(585728K), 0.0019735 secs] [Times: user=0.01 sys=0.00, real=0.00 secs] 
1538.705: [GC (Allocation Failure) [PSYoungGen: 73120K->1408K(72704K)] 419283K->347587K(585216K), 0.0021836 secs] [Times: user=0.00 sys=0.00, real=0.00 secs] 
1539.382: [GC (Allocation Failure) [PSYoungGen: 72576K->1408K(72192K)] 418755K->347587K(584704K), 0.0023398 secs] [Times: user=0.02 sys=0.00, real=0.01 secs] 
1539.993: [GC (Allocation Failure) [PSYoungGen: 72064K->1344K(71680K)] 418243K->347523K(584192K), 0.0020675 secs] [Times: user=0.00 sys=0.00, real=0.01 secs] 
1540.367: [GC (Allocation Failure) [PSYoungGen: 71479K->1453K(71168K)] 417658K->347633K(583680K), 0.0020963 secs] [Times: user=0.01 sys=0.00, real=0.00 secs] 
1540.525: [GC (Allocation Failure) [PSYoungGen: 71085K->1501K(70656K)] 417265K->347681K(583168K), 0.0022714 secs] [Times: user=0.01 sys=0.00, real=0.00 secs] 
1540.681: [GC (Allocation Failure) [PSYoungGen: 70621K->1485K(70144K)] 416801K->347665K(582656K), 0.0017538 secs] [Times: user=0.00 sys=0.00, real=0.00 secs] 
1540.818: [GC (Allocation Failure) [PSYoungGen: 70079K->1485K(69632K)] 416259K->347665K(582144K), 0.0020490 secs] [Times: user=0.01 sys=0.00, real=0.00 secs] 
1541.902: [GC (Allocation Failure) [PSYoungGen: 69581K->1376K(69120K)] 415761K->347571K(581632K), 0.0045016 secs] [Times: user=0.02 sys=0.00, real=0.01 secs] 
1542.905: [GC (Allocation Failure) [PSYoungGen: 68960K->1408K(68608K)] 415155K->347603K(581120K), 0.0035819 secs] [Times: user=0.01 sys=0.00, real=0.00 secs] 
1543.570: [GC (Allocation Failure) [PSYoungGen: 68480K->1440K(68096K)] 414675K->347635K(580608K), 0.0026451 secs] [Times: user=0.01 sys=0.00, real=0.00 secs] 
1544.413: [GC (Allocation Failure) [PSYoungGen: 68000K->1376K(67584K)] 414195K->347571K(580096K), 0.0028863 secs] [Times: user=0.01 sys=0.00, real=0.01 secs] 
1544.855: [GC (Allocation Failure) [PSYoungGen: 67424K->1469K(67072K)] 413619K->347665K(579584K), 0.0020447 secs] [Times: user=0.01 sys=0.00, real=0.00 secs] 
1545.012: [GC (Allocation Failure) [PSYoungGen: 67005K->1421K(66560K)] 413201K->347617K(579072K), 0.0023189 secs] [Times: user=0.01 sys=0.00, real=0.01 secs] 
1545.159: [GC (Allocation Failure) [PSYoungGen: 66445K->1533K(66048K)] 412641K->347729K(578560K), 0.0017210 secs] [Times: user=0.01 sys=0.00, real=0.00 secs] 
1545.273: [GC (Allocation Failure) [PSYoungGen: 66045K->1533K(71680K)] 412241K->347737K(584192K), 0.0018586 secs] [Times: user=0.00 sys=0.00, real=0.01 secs] 
1545.610: [GC (Allocation Failure) [PSYoungGen: 71677K->1472K(71168K)] 417881K->347675K(583680K), 0.0025894 secs] [Times: user=0.01 sys=0.00, real=0.00 secs] 
1545.935: [GC (Allocation Failure) [PSYoungGen: 71104K->1376K(70656K)] 417307K->347579K(583168K), 0.0022170 secs] [Times: user=0.01 sys=0.00, real=0.00 secs] 
1546.222: [GC (Allocation Failure) [PSYoungGen: 70496K->1408K(70144K)] 416699K->347611K(582656K), 0.0021106 secs] [Times: user=0.00 sys=0.00, real=0.01 secs] 
1546.507: [GC (Allocation Failure) [PSYoungGen: 70016K->1392K(69632K)] 416219K->347595K(582144K), 0.0020465 secs] [Times: user=0.01 sys=0.00, real=0.00 secs] 
1546.714: [GC (Allocation Failure) [PSYoungGen: 69488K->1501K(69120K)] 415691K->347705K(581632K), 0.0016595 secs] [Times: user=0.00 sys=0.00, real=0.01 secs] 
1546.834: [GC (Allocation Failure) [PSYoungGen: 69085K->1469K(68608K)] 415289K->347673K(581120K), 0.0017380 secs] [Times: user=0.00 sys=0.00, real=0.01 secs] 
1546.952: [GC (Allocation Failure) [PSYoungGen: 68541K->1517K(69632K)] 414745K->347721K(582144K), 0.0016434 secs] [Times: user=0.00 sys=0.00, real=0.00 secs] 
1547.071: [GC (Allocation Failure) [PSYoungGen: 69613K->1501K(70144K)] 415817K->347713K(582656K), 0.0017004 secs] [Times: user=0.01 sys=0.00, real=0.00 secs] 
1547.366: [GC (Allocation Failure) [PSYoungGen: 69597K->1440K(75264K)] 415809K->347651K(587776K), 0.0018734 secs] [Times: user=0.00 sys=0.00, real=0.00 secs] 
1547.698: [GC (Allocation Failure) [PSYoungGen: 75168K->1408K(74752K)] 421379K->347619K(587264K), 0.0018838 secs] [Times: user=0.01 sys=0.00, real=0.00 secs] 
1548.013: [GC (Allocation Failure) [PSYoungGen: 74624K->1424K(74240K)] 420835K->347635K(586752K), 0.0020331 secs] [Times: user=0.01 sys=0.00, real=0.01 secs] 
1548.316: [GC (Allocation Failure) [PSYoungGen: 74128K->1376K(73728K)] 420339K->347611K(586240K), 0.0019404 secs] [Times: user=0.01 sys=0.00, real=0.00 secs] 
1548.475: [GC (Allocation Failure) [PSYoungGen: 73568K->1517K(73216K)] 419803K->347753K(585728K), 0.0024770 secs] [Times: user=0.01 sys=0.00, real=0.00 secs] 
1548.601: [GC (Allocation Failure) [PSYoungGen: 73197K->1469K(73728K)] 419433K->347705K(586240K), 0.0016742 secs] [Times: user=0.00 sys=0.00, real=0.00 secs] 
1548.726: [GC (Allocation Failure) [PSYoungGen: 73149K->1533K(79872K)] 419385K->347769K(592384K), 0.0015339 secs] [Times: user=0.00 sys=0.00, real=0.00 secs] 
1548.971: [GC (Allocation Failure) [PSYoungGen: 79357K->1424K(79872K)] 425593K->347667K(592384K), 0.0019330 secs] [Times: user=0.01 sys=0.00, real=0.00 secs] 
1549.313: [GC (Allocation Failure) [PSYoungGen: 79248K->1440K(78848K)] 425491K->347683K(591360K), 0.0018557 secs] [Times: user=0.01 sys=0.00, real=0.01 secs] 
1549.890: [GC (Allocation Failure) [PSYoungGen: 78752K->1408K(78336K)] 424995K->347651K(590848K), 0.0026533 secs] [Times: user=0.01 sys=0.00, real=0.00 secs] 
1550.583: [GC (Allocation Failure) [PSYoungGen: 78208K->1408K(77824K)] 424451K->347651K(590336K), 0.0020012 secs] [Times: user=0.01 sys=0.00, real=0.01 secs] 
1550.847: [GC (Allocation Failure) [PSYoungGen: 77696K->1485K(77312K)] 423939K->347729K(589824K), 0.0017082 secs] [Times: user=0.01 sys=0.00, real=0.00 secs] 
1550.981: [GC (Allocation Failure) [PSYoungGen: 77261K->1501K(76800K)] 423505K->347745K(589312K), 0.0017547 secs] [Times: user=0.01 sys=0.00, real=0.00 secs] 
1551.113: [GC (Allocation Failure) [PSYoungGen: 76765K->1549K(76800K)] 423009K->347793K(589312K), 0.0018753 secs] [Times: user=0.01 sys=0.00, real=0.01 secs] 
1551.571: [GC (Allocation Failure) [PSYoungGen: 76301K->448K(74752K)] 422545K->347715K(587264K), 0.0025175 secs] [Times: user=0.01 sys=0.01, real=0.00 secs] 
1552.163: [GC (Allocation Failure) [PSYoungGen: 74688K->320K(75776K)] 421955K->347587K(588288K), 0.0024838 secs] [Times: user=0.01 sys=0.00, real=0.01 secs] 
1552.930: [GC (Allocation Failure) [PSYoungGen: 74048K->352K(73728K)] 421315K->347619K(586240K), 0.0026736 secs] [Times: user=0.01 sys=0.00, real=0.00 secs] 
1553.740: [GC (Allocation Failure) [PSYoungGen: 73568K->384K(74752K)] 420835K->347651K(587264K), 0.0039105 secs] [Times: user=0.02 sys=0.00, real=0.01 secs] 
1554.330: [GC (Allocation Failure) [PSYoungGen: 73088K->1485K(73728K)] 420355K->348753K(586240K), 0.0025602 secs] [Times: user=0.01 sys=0.00, real=0.00 secs] 
1554.492: [GC (Allocation Failure) [PSYoungGen: 73677K->1485K(73216K)] 420945K->348753K(585728K), 0.0017292 secs] [Times: user=0.00 sys=0.00, real=0.00 secs] 
1554.617: [GC (Allocation Failure) [PSYoungGen: 73165K->1517K(72704K)] 420433K->348785K(585216K), 0.0015937 secs] [Times: user=0.01 sys=0.00, real=0.00 secs] 
1554.743: [GC (Allocation Failure) [PSYoungGen: 72685K->1469K(72192K)] 419953K->348737K(584704K), 0.0017623 secs] [Times: user=0.01 sys=0.00, real=0.01 secs] 
1555.064: [GC (Allocation Failure) [PSYoungGen: 72125K->1424K(71680K)] 419393K->348691K(584192K), 0.0020295 secs] [Times: user=0.01 sys=0.00, real=0.01 secs] 
1555.387: [GC (Allocation Failure) [PSYoungGen: 71568K->1376K(71168K)] 418835K->348643K(583680K), 0.0019972 secs] [Times: user=0.01 sys=0.00, real=0.00 secs] 
1555.722: [GC (Allocation Failure) [PSYoungGen: 71008K->1408K(70656K)] 418275K->348675K(583168K), 0.0021962 secs] [Times: user=0.01 sys=0.00, real=0.01 secs] 
1556.021: [GC (Allocation Failure) [PSYoungGen: 70528K->1392K(70144K)] 417795K->348659K(582656K), 0.0023123 secs] [Times: user=0.00 sys=0.00, real=0.00 secs] 
1556.232: [GC (Allocation Failure) [PSYoungGen: 70000K->1485K(69632K)] 417267K->348753K(582144K), 0.0022609 secs] [Times: user=0.01 sys=0.00, real=0.00 secs] 
1556.384: [GC (Allocation Failure) [PSYoungGen: 69581K->1501K(69120K)] 416849K->348769K(581632K), 0.0017818 secs] [Times: user=0.00 sys=0.00, real=0.00 secs] 
1556.503: [GC (Allocation Failure) [PSYoungGen: 69085K->1469K(71680K)] 416353K->348737K(584192K), 0.0016229 secs] [Times: user=0.01 sys=0.00, real=0.01 secs] 
1556.694: [GC (Allocation Failure) [PSYoungGen: 71613K->1440K(72192K)] 418881K->348715K(584704K), 0.0020798 secs] [Times: user=0.00 sys=0.00, real=0.00 secs] 
1557.138: [GC (Allocation Failure) [PSYoungGen: 71584K->1408K(71168K)] 418859K->348683K(583680K), 0.0022776 secs] [Times: user=0.01 sys=0.00, real=0.00 secs] 
1557.428: [GC (Allocation Failure) [PSYoungGen: 71040K->1344K(70656K)] 418315K->348619K(583168K), 0.0020716 secs] [Times: user=0.01 sys=0.00, real=0.00 secs] 
1557.729: [GC (Allocation Failure) [PSYoungGen: 70464K->1360K(70144K)] 417739K->348635K(582656K), 0.0020453 secs] [Times: user=0.01 sys=0.00, real=0.00 secs] 
1558.043: [GC (Allocation Failure) [PSYoungGen: 69968K->1469K(69632K)] 417243K->348745K(582144K), 0.0021311 secs] [Times: user=0.01 sys=0.00, real=0.01 secs] 
1558.167: [GC (Allocation Failure) [PSYoungGen: 69565K->1501K(69120K)] 416841K->348801K(581632K), 0.0015873 secs] [Times: user=0.01 sys=0.00, real=0.00 secs] 
1558.287: [GC (Allocation Failure) [PSYoungGen: 69085K->1501K(75264K)] 416385K->348801K(587776K), 0.0015264 secs] [Times: user=0.00 sys=0.00, real=0.00 secs] 
1558.417: [GC (Allocation Failure) [PSYoungGen: 74717K->1501K(75264K)] 422017K->348801K(587776K), 0.0016211 secs] [Times: user=0.01 sys=0.00, real=0.00 secs] 
1558.682: [GC (Allocation Failure) [PSYoungGen: 74717K->1456K(74240K)] 422017K->348763K(586752K), 0.0020631 secs] [Times: user=0.00 sys=0.00, real=0.01 secs] 
1559.013: [GC (Allocation Failure) [PSYoungGen: 74160K->1440K(73728K)] 421467K->348747K(586240K), 0.0020177 secs] [Times: user=0.01 sys=0.00, real=0.01 secs] 
1559.344: [GC (Allocation Failure) [PSYoungGen: 73632K->1440K(73216K)] 420939K->348747K(585728K), 0.0021299 secs] [Times: user=0.01 sys=0.01, real=0.01 secs] 
1559.696: [GC (Allocation Failure) [PSYoungGen: 73120K->1408K(72704K)] 420427K->348715K(585216K), 0.0025087 secs] [Times: user=0.01 sys=0.00, real=0.00 secs] 
1560.000: [GC (Allocation Failure) [PSYoungGen: 72576K->1469K(72192K)] 419883K->348777K(584704K), 0.0025749 secs] [Times: user=0.01 sys=0.00, real=0.00 secs] 
1560.155: [GC (Allocation Failure) [PSYoungGen: 72125K->1469K(71680K)] 419433K->348777K(584192K), 0.0017159 secs] [Times: user=0.00 sys=0.00, real=0.00 secs] 
1560.277: [GC (Allocation Failure) [PSYoungGen: 71613K->1469K(71168K)] 418921K->348777K(583680K), 0.0016735 secs] [Times: user=0.00 sys=0.00, real=0.00 secs] 
1560.399: [GC (Allocation Failure) [PSYoungGen: 71101K->1504K(71680K)] 418409K->348819K(584192K), 0.0016597 secs] [Times: user=0.01 sys=0.00, real=0.00 secs] 
1561.042: [GC (Allocation Failure) [PSYoungGen: 71136K->1440K(70656K)] 418451K->348755K(583168K), 0.0021703 secs] [Times: user=0.01 sys=0.00, real=0.00 secs] 
1561.374: [GC (Allocation Failure) [PSYoungGen: 70560K->1408K(70144K)] 417875K->348723K(582656K), 0.0022855 secs] [Times: user=0.01 sys=0.00, real=0.00 secs] 
1561.713: [GC (Allocation Failure) [PSYoungGen: 70016K->1424K(69632K)] 417331K->348739K(582144K), 0.0023727 secs] [Times: user=0.00 sys=0.00, real=0.01 secs] 
1562.252: [GC (Allocation Failure) [PSYoungGen: 69520K->1344K(69120K)] 416835K->348659K(581632K), 0.0067018 secs] [Times: user=0.03 sys=0.00, real=0.01 secs] 
1562.496: [GC (Allocation Failure) [PSYoungGen: 68928K->1485K(68608K)] 416243K->348801K(581120K), 0.0016702 secs] [Times: user=0.01 sys=0.00, real=0.00 secs] 
1562.615: [GC (Allocation Failure) [PSYoungGen: 68557K->1565K(68608K)] 415873K->348881K(581120K), 0.0016148 secs] [Times: user=0.01 sys=0.00, real=0.00 secs] 
1562.732: [GC (Allocation Failure) [PSYoungGen: 68125K->1437K(69120K)] 415441K->348753K(581632K), 0.0015221 secs] [Times: user=0.01 sys=0.00, real=0.00 secs] 
1562.849: [GC (Allocation Failure) [PSYoungGen: 68485K->1501K(74240K)] 415801K->348833K(586752K), 0.0015291 secs] [Times: user=0.00 sys=0.00, real=0.00 secs] 
1563.450: [GC (Allocation Failure) [PSYoungGen: 73693K->1440K(73216K)] 421025K->348771K(585728K), 0.0019212 secs] [Times: user=0.00 sys=0.00, real=0.00 secs] 
1564.105: [GC (Allocation Failure) [PSYoungGen: 73120K->1440K(72704K)] 420451K->348771K(585216K), 0.0043568 secs] [Times: user=0.02 sys=0.00, real=0.00 secs] 
1564.801: [GC (Allocation Failure) [PSYoungGen: 72608K->1408K(72192K)] 419939K->348739K(584704K), 0.0026704 secs] [Times: user=0.01 sys=0.00, real=0.00 secs] 
1565.610: [GC (Allocation Failure) [PSYoungGen: 72064K->1533K(71680K)] 419395K->348865K(584192K), 0.0031993 secs] [Times: user=0.02 sys=0.00, real=0.00 secs] 
1565.806: [GC (Allocation Failure) [PSYoungGen: 71647K->1501K(71168K)] 418978K->348833K(583680K), 0.0017153 secs] [Times: user=0.00 sys=0.00, real=0.00 secs] 
1565.929: [GC (Allocation Failure) [PSYoungGen: 71133K->1565K(71168K)] 418465K->348897K(583680K), 0.0016624 secs] [Times: user=0.01 sys=0.00, real=0.00 secs] 
1566.052: [GC (Allocation Failure) [PSYoungGen: 70685K->1533K(71680K)] 418017K->348865K(584192K), 0.0017465 secs] [Times: user=0.01 sys=0.00, real=0.00 secs] 
1566.366: [GC (Allocation Failure) [PSYoungGen: 71165K->1440K(70656K)] 418497K->348771K(583168K), 0.0020362 secs] [Times: user=0.01 sys=0.00, real=0.00 secs] 
1567.169: [GC (Allocation Failure) [PSYoungGen: 70560K->1424K(70144K)] 417891K->348755K(582656K), 0.0050104 secs] [Times: user=0.01 sys=0.00, real=0.00 secs] 
1567.887: [GC (Allocation Failure) [PSYoungGen: 70032K->1376K(69632K)] 417363K->348707K(582144K), 0.0031272 secs] [Times: user=0.02 sys=0.01, real=0.00 secs] 
1568.566: [GC (Allocation Failure) [PSYoungGen: 69472K->1408K(69120K)] 416803K->348739K(581632K), 0.0031342 secs] [Times: user=0.01 sys=0.00, real=0.00 secs] 
1569.198: [GC (Allocation Failure) [PSYoungGen: 68992K->1437K(68608K)] 416323K->348769K(581120K), 0.0023746 secs] [Times: user=0.01 sys=0.00, real=0.00 secs] 
1569.348: [GC (Allocation Failure) [PSYoungGen: 68509K->1501K(68096K)] 415841K->348833K(580608K), 0.0016395 secs] [Times: user=0.01 sys=0.00, real=0.00 secs] 
1569.465: [GC (Allocation Failure) [PSYoungGen: 68061K->1501K(67584K)] 415393K->348833K(580096K), 0.0016543 secs] [Times: user=0.01 sys=0.00, real=0.00 secs] 
1569.581: [GC (Allocation Failure) [PSYoungGen: 67549K->1437K(73216K)] 414881K->348769K(585728K), 0.0016435 secs] [Times: user=0.01 sys=0.00, real=0.00 secs] 
1569.789: [GC (Allocation Failure) [PSYoungGen: 72605K->1472K(72192K)] 419937K->348803K(584704K), 0.0016969 secs] [Times: user=0.01 sys=0.00, real=0.00 secs] 
1570.209: [GC (Allocation Failure) [PSYoungGen: 72128K->1408K(71680K)] 419459K->348739K(584192K), 0.0020573 secs] [Times: user=0.01 sys=0.00, real=0.00 secs] 
1570.875: [GC (Allocation Failure) [PSYoungGen: 71552K->1408K(71168K)] 418883K->348771K(583680K), 0.0021229 secs] [Times: user=0.01 sys=0.00, real=0.00 secs] 
1571.448: [GC (Allocation Failure) [PSYoungGen: 71040K->1344K(70656K)] 418403K->348707K(583168K), 0.0022152 secs] [Times: user=0.01 sys=0.00, real=0.00 secs] 
1571.983: [GC (Allocation Failure) [PSYoungGen: 70464K->1437K(70144K)] 417827K->348801K(582656K), 0.0019355 secs] [Times: user=0.01 sys=0.00, real=0.01 secs] 
1572.107: [GC (Allocation Failure) [PSYoungGen: 70045K->1501K(69632K)] 417409K->348865K(582144K), 0.0016740 secs] [Times: user=0.01 sys=0.00, real=0.00 secs] 
1572.226: [GC (Allocation Failure) [PSYoungGen: 69597K->1488K(69120K)] 416961K->348851K(581632K), 0.0015506 secs] [Times: user=0.00 sys=0.00, real=0.00 secs] 
1572.344: [GC (Allocation Failure) [PSYoungGen: 69072K->1533K(70144K)] 416435K->348913K(582656K), 0.0017173 secs] [Times: user=0.01 sys=0.00, real=0.00 secs] 
1572.987: [GC (Allocation Failure) [PSYoungGen: 69629K->1440K(69120K)] 417009K->348827K(581632K), 0.0021818 secs] [Times: user=0.01 sys=0.00, real=0.00 secs] 
1573.746: [GC (Allocation Failure) [PSYoungGen: 69024K->1360K(68608K)] 416411K->348747K(581120K), 0.0026499 secs] [Times: user=0.01 sys=0.00, real=0.00 secs] 
1574.223: [GC (Allocation Failure) [PSYoungGen: 68432K->1376K(68096K)] 415819K->348771K(580608K), 0.0021462 secs] [Times: user=0.01 sys=0.00, real=0.01 secs] 
1574.874: [GC (Allocation Failure) [PSYoungGen: 67936K->1408K(67584K)] 415331K->348811K(580096K), 0.0022665 secs] [Times: user=0.01 sys=0.00, real=0.01 secs] 
1575.681: [GC (Allocation Failure) [PSYoungGen: 67456K->1501K(67072K)] 414859K->348905K(579584K), 0.0022455 secs] [Times: user=0.01 sys=0.00, real=0.00 secs] 
1575.834: [GC (Allocation Failure) [PSYoungGen: 67037K->1501K(66560K)] 414441K->348905K(579072K), 0.0019238 secs] [Times: user=0.01 sys=0.00, real=0.00 secs] 
1575.948: [GC (Allocation Failure) [PSYoungGen: 66525K->1453K(66048K)] 413929K->348857K(578560K), 0.0016475 secs] [Times: user=0.01 sys=0.00, real=0.00 secs] 
1576.061: [GC (Allocation Failure) [PSYoungGen: 65965K->1533K(71680K)] 413369K->348953K(584192K), 0.0016388 secs] [Times: user=0.01 sys=0.00, real=0.00 secs] 
1576.263: [GC (Allocation Failure) [PSYoungGen: 71165K->1440K(70656K)] 418585K->348859K(583168K), 0.0017145 secs] [Times: user=0.00 sys=0.00, real=0.01 secs] 
1576.762: [GC (Allocation Failure) [PSYoungGen: 70560K->1376K(70144K)] 417979K->348795K(582656K), 0.0018461 secs] [Times: user=0.01 sys=0.00, real=0.00 secs] 
1577.417: [GC (Allocation Failure) [PSYoungGen: 69984K->1408K(69632K)] 417403K->348827K(582144K), 0.0038530 secs] [Times: user=0.01 sys=0.00, real=0.00 secs] 
1578.202: [GC (Allocation Failure) [PSYoungGen: 69504K->1392K(69120K)] 416923K->348811K(581632K), 0.0034243 secs] [Times: user=0.01 sys=0.00, real=0.01 secs] 
1578.831: [GC (Allocation Failure) [PSYoungGen: 68976K->1469K(68608K)] 416395K->348889K(581120K), 0.0022125 secs] [Times: user=0.01 sys=0.00, real=0.00 secs] 
1579.028: [GC (Allocation Failure) [PSYoungGen: 68541K->1485K(68096K)] 415961K->348905K(580608K), 0.0022758 secs] [Times: user=0.01 sys=0.00, real=0.00 secs] 
1579.172: [GC (Allocation Failure) [PSYoungGen: 68045K->1469K(67584K)] 415465K->348889K(580096K), 0.0017202 secs] [Times: user=0.01 sys=0.00, real=0.00 secs] 
1579.290: [GC (Allocation Failure) [PSYoungGen: 67517K->1501K(67072K)] 414937K->348937K(579584K), 0.0017181 secs] [Times: user=0.01 sys=0.00, real=0.00 secs] 
1579.699: [GC (Allocation Failure) [PSYoungGen: 67037K->1440K(67584K)] 414473K->348875K(580096K), 0.0047907 secs] [Times: user=0.02 sys=0.00, real=0.00 secs] 
1580.441: [GC (Allocation Failure) [PSYoungGen: 67488K->1408K(67072K)] 414923K->348843K(579584K), 0.0042277 secs] [Times: user=0.02 sys=0.00, real=0.01 secs] 
1581.107: [GC (Allocation Failure) [PSYoungGen: 66944K->1376K(66560K)] 414379K->348827K(579072K), 0.0042754 secs] [Times: user=0.02 sys=0.00, real=0.00 secs] 
1581.619: [GC (Allocation Failure) [PSYoungGen: 66400K->1376K(66048K)] 413851K->348827K(578560K), 0.0026783 secs] [Times: user=0.01 sys=0.00, real=0.00 secs] 
1582.176: [GC (Allocation Failure) [PSYoungGen: 65888K->1469K(65536K)] 413339K->348921K(578048K), 0.0027264 secs] [Times: user=0.01 sys=0.00, real=0.00 secs] 
1582.387: [GC (Allocation Failure) [PSYoungGen: 65469K->1469K(65024K)] 412921K->348921K(577536K), 0.0025932 secs] [Times: user=0.01 sys=0.00, real=0.00 secs] 
1582.526: [GC (Allocation Failure) [PSYoungGen: 64957K->1501K(64512K)] 412409K->348953K(577024K), 0.0017921 secs] [Times: user=0.00 sys=0.00, real=0.00 secs] 
1582.636: [GC (Allocation Failure) [PSYoungGen: 64477K->1469K(65024K)] 411929K->348937K(577536K), 0.0017801 secs] [Times: user=0.00 sys=0.00, real=0.00 secs] 
1582.863: [GC (Allocation Failure) [PSYoungGen: 64445K->1696K(70144K)] 411913K->349163K(582656K), 0.0021170 secs] [Times: user=0.01 sys=0.00, real=0.01 secs] 
1583.457: [GC (Allocation Failure) [PSYoungGen: 69792K->1360K(69120K)] 417259K->348827K(581632K), 0.0032932 secs] [Times: user=0.01 sys=0.01, real=0.00 secs] 
1583.756: [GC (Allocation Failure) [PSYoungGen: 68944K->1344K(68608K)] 416411K->348811K(581120K), 0.0021431 secs] [Times: user=0.01 sys=0.00, real=0.00 secs] 
1584.046: [GC (Allocation Failure) [PSYoungGen: 68416K->1344K(68096K)] 415883K->348811K(580608K), 0.0029950 secs] [Times: user=0.01 sys=0.00, real=0.00 secs] 
1584.481: [GC (Allocation Failure) [PSYoungGen: 67904K->1376K(67584K)] 415371K->348843K(580096K), 0.0027332 secs] [Times: user=0.01 sys=0.00, real=0.00 secs] 
1584.752: [GC (Allocation Failure) [PSYoungGen: 67424K->1469K(67072K)] 414891K->348937K(579584K), 0.0021796 secs] [Times: user=0.01 sys=0.00, real=0.00 secs] 
1584.871: [GC (Allocation Failure) [PSYoungGen: 67005K->1501K(66560K)] 414473K->348969K(579072K), 0.0017571 secs] [Times: user=0.00 sys=0.00, real=0.00 secs] 
1584.987: [GC (Allocation Failure) [PSYoungGen: 66525K->1453K(67584K)] 413993K->348937K(580096K), 0.0016156 secs] [Times: user=0.01 sys=0.00, real=0.00 secs] 
1585.104: [GC (Allocation Failure) [PSYoungGen: 66989K->1488K(72704K)] 414473K->348971K(585216K), 0.0030691 secs] [Times: user=0.01 sys=0.00, real=0.00 secs] 
1585.796: [GC (Allocation Failure) [PSYoungGen: 72144K->1408K(72704K)] 419627K->348891K(585216K), 0.0020991 secs] [Times: user=0.01 sys=0.00, real=0.00 secs] 
1586.092: [GC (Allocation Failure) [PSYoungGen: 72064K->1440K(78848K)] 419547K->348923K(591360K), 0.0056917 secs] [Times: user=0.01 sys=0.02, real=0.01 secs] 
1586.419: [GC (Allocation Failure) [PSYoungGen: 78240K->1344K(78848K)] 425723K->348827K(591360K), 0.0023773 secs] [Times: user=0.01 sys=0.00, real=0.00 secs] 
1586.730: [GC (Allocation Failure) [PSYoungGen: 78144K->1488K(85504K)] 425627K->348971K(598016K), 0.0038690 secs] [Times: user=0.01 sys=0.02, real=0.01 secs] 
1586.886: [GC (Allocation Failure) [PSYoungGen: 84944K->1501K(85504K)] 432427K->348985K(598016K), 0.0017006 secs] [Times: user=0.01 sys=0.00, real=0.00 secs] 
1587.032: [GC (Allocation Failure) [PSYoungGen: 84957K->1501K(92672K)] 432441K->348985K(605184K), 0.0015950 secs] [Times: user=0.01 sys=0.00, real=0.00 secs] 
1587.300: [GC (Allocation Failure) [PSYoungGen: 92125K->1488K(92672K)] 439609K->348971K(605184K), 0.0037953 secs] [Times: user=0.02 sys=0.00, real=0.01 secs] 
1588.145: [GC (Allocation Failure) [PSYoungGen: 92112K->1408K(99840K)] 439595K->348891K(612352K), 0.0045977 secs] [Times: user=0.02 sys=0.00, real=0.00 secs] 
1589.077: [GC (Allocation Failure) [PSYoungGen: 99712K->1440K(98816K)] 447195K->348923K(611328K), 0.0043790 secs] [Times: user=0.02 sys=0.00, real=0.00 secs] 
1589.831: [GC (Allocation Failure) [PSYoungGen: 98713K->1501K(97792K)] 446197K->348985K(610304K), 0.0026208 secs] [Times: user=0.01 sys=0.00, real=0.00 secs] 
1590.063: [GC (Allocation Failure) [PSYoungGen: 97757K->1533K(96768K)] 445241K->349033K(609280K), 0.0018096 secs] [Times: user=0.00 sys=0.00, real=0.01 secs] 
1590.231: [GC (Allocation Failure) [PSYoungGen: 96765K->1501K(95744K)] 444265K->349001K(608256K), 0.0018390 secs] [Times: user=0.00 sys=0.00, real=0.00 secs] 
1590.882: [GC (Allocation Failure) [PSYoungGen: 95709K->1472K(94720K)] 443209K->348971K(607232K), 0.0020269 secs] [Times: user=0.01 sys=0.00, real=0.01 secs] 
1591.760: [GC (Allocation Failure) [PSYoungGen: 94656K->1392K(93696K)] 442155K->348891K(606208K), 0.0031745 secs] [Times: user=0.01 sys=0.00, real=0.00 secs] 
1592.489: [GC (Allocation Failure) [PSYoungGen: 93552K->1408K(92672K)] 441051K->348907K(605184K), 0.0029160 secs] [Times: user=0.02 sys=0.00, real=0.00 secs] 
1592.926: [GC (Allocation Failure) [PSYoungGen: 92544K->1453K(91648K)] 440043K->348953K(604160K), 0.0023959 secs] [Times: user=0.01 sys=0.00, real=0.00 secs] 
1593.148: [GC (Allocation Failure) [PSYoungGen: 91565K->1549K(91136K)] 439065K->349049K(603648K), 0.0017080 secs] [Times: user=0.01 sys=0.00, real=0.00 secs] 
1593.303: [GC (Allocation Failure) [PSYoungGen: 90637K->493K(88576K)] 438137K->349017K(601088K), 0.0018297 secs] [Times: user=0.01 sys=0.00, real=0.01 secs] 
1593.888: [GC (Allocation Failure) [PSYoungGen: 88557K->1408K(89088K)] 437081K->349931K(601600K), 0.0034553 secs] [Times: user=0.01 sys=0.00, real=0.00 secs] 
1594.810: [GC (Allocation Failure) [PSYoungGen: 88448K->1424K(88064K)] 436971K->349947K(600576K), 0.0027757 secs] [Times: user=0.01 sys=0.00, real=0.00 secs] 
1595.267: [GC (Allocation Failure) [PSYoungGen: 87952K->1440K(87552K)] 436475K->349963K(600064K), 0.0022551 secs] [Times: user=0.01 sys=0.00, real=0.00 secs] 
1595.819: [GC (Allocation Failure) [PSYoungGen: 87456K->1485K(87040K)] 435979K->350017K(599552K), 0.0020046 secs] [Times: user=0.00 sys=0.00, real=0.00 secs] 
1595.979: [GC (Allocation Failure) [PSYoungGen: 86989K->1533K(86528K)] 435521K->350065K(599040K), 0.0018737 secs] [Times: user=0.01 sys=0.00, real=0.00 secs] 
1596.131: [GC (Allocation Failure) [PSYoungGen: 86525K->1469K(86016K)] 435057K->350001K(598528K), 0.0016715 secs] [Times: user=0.01 sys=0.00, real=0.00 secs] 
1596.659: [GC (Allocation Failure) [PSYoungGen: 85949K->1440K(85504K)] 434481K->349971K(598016K), 0.0021434 secs] [Times: user=0.01 sys=0.00, real=0.00 secs] 
1597.973: [GC (Allocation Failure) [PSYoungGen: 85408K->1376K(84992K)] 433939K->349907K(597504K), 0.0046493 secs] [Times: user=0.02 sys=0.00, real=0.01 secs] 
1599.081: [GC (Allocation Failure) [PSYoungGen: 84832K->1408K(84480K)] 433363K->349939K(596992K), 0.0037691 secs] [Times: user=0.01 sys=0.00, real=0.01 secs] 
1600.209: [GC (Allocation Failure) [PSYoungGen: 84352K->1408K(83968K)] 432883K->349947K(596480K), 0.0034958 secs] [Times: user=0.01 sys=0.00, real=0.00 secs] 
1600.504: [GC (Allocation Failure) [PSYoungGen: 83840K->1517K(83456K)] 432379K->350057K(595968K), 0.0017691 secs] [Times: user=0.00 sys=0.00, real=0.01 secs] 
1600.647: [GC (Allocation Failure) [PSYoungGen: 83437K->1469K(82944K)] 431977K->350009K(595456K), 0.0017279 secs] [Times: user=0.01 sys=0.00, real=0.00 secs] 
1600.819: [GC (Allocation Failure) [PSYoungGen: 82877K->1485K(82432K)] 431417K->350025K(594944K), 0.0023106 secs] [Times: user=0.00 sys=0.00, real=0.00 secs] 
1601.326: [GC (Allocation Failure) [PSYoungGen: 82381K->1472K(81920K)] 430921K->350011K(594432K), 0.0019849 secs] [Times: user=0.01 sys=0.00, real=0.00 secs] 
1601.931: [GC (Allocation Failure) [PSYoungGen: 81856K->1408K(81408K)] 430395K->349947K(593920K), 0.0021215 secs] [Times: user=0.00 sys=0.00, real=0.00 secs] 
1602.519: [GC (Allocation Failure) [PSYoungGen: 81280K->1440K(80896K)] 429819K->349979K(593408K), 0.0021560 secs] [Times: user=0.01 sys=0.00, real=0.00 secs] 
1603.084: [GC (Allocation Failure) [PSYoungGen: 80800K->1437K(80384K)] 429339K->349993K(592896K), 0.0027886 secs] [Times: user=0.01 sys=0.00, real=0.00 secs] 
1603.341: [GC (Allocation Failure) [PSYoungGen: 80285K->1501K(79872K)] 428841K->350057K(592384K), 0.0020976 secs] [Times: user=0.01 sys=0.00, real=0.00 secs] 
1603.533: [GC (Allocation Failure) [PSYoungGen: 79837K->1485K(79360K)] 428393K->350041K(591872K), 0.0022679 secs] [Times: user=0.01 sys=0.00, real=0.01 secs] 
1603.703: [GC (Allocation Failure) [PSYoungGen: 79309K->1501K(78848K)] 427865K->350057K(591360K), 0.0016872 secs] [Times: user=0.00 sys=0.00, real=0.01 secs] 
1605.263: [GC (Allocation Failure) [PSYoungGen: 78813K->1440K(78336K)] 427369K->349995K(590848K), 0.0047481 secs] [Times: user=0.01 sys=0.01, real=0.01 secs] 
1606.376: [GC (Allocation Failure) [PSYoungGen: 78240K->1392K(77824K)] 426795K->349947K(590336K), 0.0040489 secs] [Times: user=0.02 sys=0.00, real=0.00 secs] 
1607.165: [GC (Allocation Failure) [PSYoungGen: 77680K->1376K(77312K)] 426235K->349931K(589824K), 0.0029833 secs] [Times: user=0.01 sys=0.00, real=0.00 secs] 
1607.722: [GC (Allocation Failure) [PSYoungGen: 77152K->1453K(76800K)] 425707K->350009K(589312K), 0.0021575 secs] [Times: user=0.00 sys=0.00, real=0.01 secs] 
1607.868: [GC (Allocation Failure) [PSYoungGen: 76717K->1485K(76288K)] 425273K->350041K(588800K), 0.0017241 secs] [Times: user=0.00 sys=0.00, real=0.00 secs] 
1608.000: [GC (Allocation Failure) [PSYoungGen: 76237K->1501K(75776K)] 424793K->350057K(588288K), 0.0016650 secs] [Times: user=0.01 sys=0.00, real=0.00 secs] 
1608.131: [GC (Allocation Failure) [PSYoungGen: 75741K->1536K(75776K)] 424297K->350091K(588288K), 0.0017351 secs] [Times: user=0.01 sys=0.00, real=0.00 secs] 
1608.743: [GC (Allocation Failure) [PSYoungGen: 75264K->416K(73728K)] 423819K->349995K(586240K), 0.0019746 secs] [Times: user=0.01 sys=0.00, real=0.01 secs] 
1609.360: [GC (Allocation Failure) [PSYoungGen: 73632K->352K(74752K)] 423211K->349931K(587264K), 0.0021856 secs] [Times: user=0.01 sys=0.00, real=0.00 secs] 
1609.664: [GC (Allocation Failure) [PSYoungGen: 73056K->352K(72704K)] 422635K->349931K(585216K), 0.0023635 secs] [Times: user=0.01 sys=0.00, real=0.01 secs] 
1609.989: [GC (Allocation Failure) [PSYoungGen: 72544K->1405K(73728K)] 422123K->350984K(586240K), 0.0020925 secs] [Times: user=0.01 sys=0.00, real=0.00 secs] 
1610.134: [GC (Allocation Failure) [PSYoungGen: 73085K->1517K(72704K)] 422664K->351097K(585216K), 0.0016535 secs] [Times: user=0.01 sys=0.00, real=0.01 secs] 
1610.260: [GC (Allocation Failure) [PSYoungGen: 72685K->1440K(72192K)] 422265K->351019K(584704K), 0.0016449 secs] [Times: user=0.01 sys=0.00, real=0.00 secs] 
1610.385: [GC (Allocation Failure) [PSYoungGen: 72096K->1469K(77312K)] 421675K->351049K(589824K), 0.0017390 secs] [Times: user=0.00 sys=0.00, real=0.00 secs] 
1611.093: [GC (Allocation Failure) [PSYoungGen: 77245K->1424K(76800K)] 426825K->351011K(589312K), 0.0026668 secs] [Times: user=0.00 sys=0.00, real=0.01 secs] 
1611.970: [GC (Allocation Failure) [PSYoungGen: 76688K->1344K(76288K)] 426275K->350971K(588800K), 0.0023821 secs] [Times: user=0.01 sys=0.01, real=0.00 secs] 
1613.306: [GC (Allocation Failure) [PSYoungGen: 76096K->1344K(75776K)] 425723K->350971K(588288K), 0.0050760 secs] [Times: user=0.02 sys=0.00, real=0.00 secs] 
1614.669: [GC (Allocation Failure) [PSYoungGen: 75584K->1376K(75264K)] 425211K->351003K(587776K), 0.0041449 secs] [Times: user=0.02 sys=0.00, real=0.00 secs] 
1615.185: [GC (Allocation Failure) [PSYoungGen: 75104K->1501K(74752K)] 424731K->351129K(587264K), 0.0020933 secs] [Times: user=0.01 sys=0.00, real=0.00 secs] 
1615.334: [GC (Allocation Failure) [PSYoungGen: 74717K->1501K(74240K)] 424345K->351129K(586752K), 0.0017392 secs] [Times: user=0.00 sys=0.00, real=0.01 secs] 
1615.464: [GC (Allocation Failure) [PSYoungGen: 74205K->1501K(73728K)] 423833K->351129K(586240K), 0.0016998 secs] [Times: user=0.01 sys=0.00, real=0.01 secs] 
1615.708: [GC (Allocation Failure) [PSYoungGen: 73693K->1488K(73216K)] 423321K->351115K(585728K), 0.0021739 secs] [Times: user=0.01 sys=0.00, real=0.00 secs] 
1616.415: [GC (Allocation Failure) [PSYoungGen: 73168K->1376K(72704K)] 422795K->351003K(585216K), 0.0034841 secs] [Times: user=0.01 sys=0.00, real=0.00 secs] 
1617.007: [GC (Allocation Failure) [PSYoungGen: 72544K->1408K(72192K)] 422171K->351035K(584704K), 0.0025773 secs] [Times: user=0.01 sys=0.00, real=0.00 secs] 
1617.526: [GC (Allocation Failure) [PSYoungGen: 72064K->1376K(71680K)] 421691K->351003K(584192K), 0.0037846 secs] [Times: user=0.01 sys=0.00, real=0.00 secs] 
1618.065: [GC (Allocation Failure) [PSYoungGen: 71520K->1456K(71168K)] 421147K->351083K(583680K), 0.0022967 secs] [Times: user=0.01 sys=0.00, real=0.00 secs] 
1618.271: [GC (Allocation Failure) [PSYoungGen: 71088K->1424K(70656K)] 420715K->351051K(583168K), 0.0026168 secs] [Times: user=0.01 sys=0.00, real=0.00 secs] 
1618.419: [GC (Allocation Failure) [PSYoungGen: 70544K->1533K(70144K)] 420171K->351161K(582656K), 0.0018049 secs] [Times: user=0.01 sys=0.00, real=0.00 secs] 
1618.538: [GC (Allocation Failure) [PSYoungGen: 70139K->1501K(70656K)] 419767K->351129K(583168K), 0.0018114 secs] [Times: user=0.01 sys=0.00, real=0.00 secs] 
1618.975: [GC (Allocation Failure) [PSYoungGen: 70109K->1424K(76288K)] 419737K->351059K(588800K), 0.0040786 secs] [Times: user=0.02 sys=0.00, real=0.00 secs] 
1619.739: [GC (Allocation Failure) [PSYoungGen: 75664K->1408K(75264K)] 425299K->351043K(587776K), 0.0031694 secs] [Times: user=0.02 sys=0.00, real=0.00 secs] 
1620.535: [GC (Allocation Failure) [PSYoungGen: 75136K->1376K(74752K)] 424771K->351011K(587264K), 0.0040497 secs] [Times: user=0.02 sys=0.00, real=0.00 secs] 
1621.483: [GC (Allocation Failure) [PSYoungGen: 74592K->1344K(74240K)] 424227K->351003K(586752K), 0.0033660 secs] [Times: user=0.02 sys=0.00, real=0.01 secs] 
1621.963: [GC (Allocation Failure) [PSYoungGen: 74048K->1456K(73728K)] 423707K->351116K(586240K), 0.0021219 secs] [Times: user=0.00 sys=0.00, real=0.01 secs] 
1622.112: [GC (Allocation Failure) [PSYoungGen: 73648K->1501K(73216K)] 423308K->351161K(585728K), 0.0016635 secs] [Times: user=0.00 sys=0.00, real=0.00 secs] 
1622.237: [GC (Allocation Failure) [PSYoungGen: 73152K->1453K(72704K)] 422812K->351113K(585216K), 0.0017231 secs] [Times: user=0.01 sys=0.00, real=0.00 secs] 
1622.362: [GC (Allocation Failure) [PSYoungGen: 72621K->160K(71168K)] 422281K->349835K(583680K), 0.0017056 secs] [Times: user=0.01 sys=0.00, real=0.00 secs] 
1622.698: [GC (Allocation Failure) [PSYoungGen: 70816K->1408K(71680K)] 420491K->351091K(584192K), 0.0017704 secs] [Times: user=0.01 sys=0.00, real=0.00 secs] 
1623.097: [GC (Allocation Failure) [PSYoungGen: 71552K->1424K(71168K)] 421235K->351115K(583680K), 0.0021786 secs] [Times: user=0.01 sys=0.00, real=0.00 secs] 
1623.394: [GC (Allocation Failure) [PSYoungGen: 71056K->1408K(70656K)] 420747K->351099K(583168K), 0.0025262 secs] [Times: user=0.01 sys=0.00, real=0.01 secs] 
1623.788: [GC (Allocation Failure) [PSYoungGen: 70528K->1312K(70144K)] 420219K->351003K(582656K), 0.0029595 secs] [Times: user=0.01 sys=0.00, real=0.00 secs] 
1623.998: [GC (Allocation Failure) [PSYoungGen: 69889K->1501K(69632K)] 419580K->351193K(582144K), 0.0016804 secs] [Times: user=0.01 sys=0.00, real=0.00 secs] 
1624.117: [GC (Allocation Failure) [PSYoungGen: 69597K->1533K(69120K)] 419289K->351225K(581632K), 0.0018184 secs] [Times: user=0.01 sys=0.00, real=0.00 secs] 
1624.237: [GC (Allocation Failure) [PSYoungGen: 69117K->1533K(69632K)] 418809K->351225K(582144K), 0.0017274 secs] [Times: user=0.00 sys=0.00, real=0.00 secs] 
1624.531: [GC (Allocation Failure) [PSYoungGen: 69117K->1456K(68608K)] 418809K->351155K(581120K), 0.0021019 secs] [Times: user=0.01 sys=0.00, real=0.00 secs] 
1625.121: [GC (Allocation Failure) [PSYoungGen: 68528K->1376K(68096K)] 418227K->351083K(580608K), 0.0021023 secs] [Times: user=0.01 sys=0.00, real=0.00 secs] 
1625.730: [GC (Allocation Failure) [PSYoungGen: 67936K->1408K(67584K)] 417643K->351115K(580096K), 0.0043432 secs] [Times: user=0.02 sys=0.00, real=0.01 secs] 
1626.132: [GC (Allocation Failure) [PSYoungGen: 67456K->1408K(67072K)] 417163K->351115K(579584K), 0.0022694 secs] [Times: user=0.01 sys=0.00, real=0.00 secs] 
1626.686: [GC (Allocation Failure) [PSYoungGen: 66944K->1408K(66560K)] 416651K->351115K(579072K), 0.0023814 secs] [Times: user=0.01 sys=0.00, real=0.00 secs] 
1626.984: [GC (Allocation Failure) [PSYoungGen: 66432K->1469K(66048K)] 416139K->351177K(578560K), 0.0018529 secs] [Times: user=0.01 sys=0.00, real=0.01 secs] 
1627.097: [GC (Allocation Failure) [PSYoungGen: 65981K->1469K(65536K)] 415689K->351177K(578048K), 0.0018916 secs] [Times: user=0.00 sys=0.00, real=0.00 secs] 
1627.209: [GC (Allocation Failure) [PSYoungGen: 65437K->1501K(66048K)] 415145K->351209K(578560K), 0.0017436 secs] [Times: user=0.01 sys=0.00, real=0.00 secs] 
1627.321: [GC (Allocation Failure) [PSYoungGen: 65484K->1533K(66048K)] 415191K->351257K(578560K), 0.0017803 secs] [Times: user=0.01 sys=0.00, real=0.00 secs] 
1628.019: [GC (Allocation Failure) [PSYoungGen: 65533K->1440K(65024K)] 415257K->351163K(577536K), 0.0024438 secs] [Times: user=0.01 sys=0.00, real=0.00 secs] 
1628.762: [GC (Allocation Failure) [PSYoungGen: 64928K->1312K(64512K)] 414651K->351035K(577024K), 0.0044497 secs] [Times: user=0.01 sys=0.00, real=0.01 secs] 
1629.306: [GC (Allocation Failure) [PSYoungGen: 64288K->1376K(64000K)] 414011K->351099K(576512K), 0.0026779 secs] [Times: user=0.01 sys=0.01, real=0.00 secs] 
1629.946: [GC (Allocation Failure) [PSYoungGen: 63840K->1376K(63488K)] 413563K->351099K(576000K), 0.0030133 secs] [Times: user=0.01 sys=0.00, real=0.00 secs] 
1630.517: [GC (Allocation Failure) [PSYoungGen: 63328K->1501K(62976K)] 413051K->351225K(575488K), 0.0025751 secs] [Times: user=0.01 sys=0.00, real=0.00 secs] 
1630.673: [GC (Allocation Failure) [PSYoungGen: 62941K->1549K(62976K)] 412665K->351273K(575488K), 0.0017058 secs] [Times: user=0.01 sys=0.00, real=0.01 secs] 
1630.780: [GC (Allocation Failure) [PSYoungGen: 62477K->429K(60928K)] 412201K->351201K(573440K), 0.0017121 secs] [Times: user=0.01 sys=0.00, real=0.00 secs] 
1630.887: [GC (Allocation Failure) [PSYoungGen: 60845K->416K(67584K)] 411617K->351187K(580096K), 0.0014883 secs] [Times: user=0.01 sys=0.00, real=0.00 secs] 
1631.815: [GC (Allocation Failure) [PSYoungGen: 65952K->1408K(66560K)] 416723K->352179K(579072K), 0.0051400 secs] [Times: user=0.02 sys=0.00, real=0.00 secs] 
1632.899: [GC (Allocation Failure) [PSYoungGen: 66432K->1344K(66048K)] 417203K->352115K(578560K), 0.0033825 secs] [Times: user=0.01 sys=0.00, real=0.00 secs] 
1633.447: [GC (Allocation Failure) [PSYoungGen: 65856K->1376K(65536K)] 416627K->352147K(578048K), 0.0026330 secs] [Times: user=0.01 sys=0.01, real=0.00 secs] 
1633.729: [GC (Allocation Failure) [PSYoungGen: 65376K->1376K(65024K)] 416147K->352147K(577536K), 0.0022691 secs] [Times: user=0.01 sys=0.00, real=0.00 secs] 
1633.996: [GC (Allocation Failure) [PSYoungGen: 64864K->1376K(64512K)] 415635K->352147K(577024K), 0.0018603 secs] [Times: user=0.01 sys=0.00, real=0.00 secs] 
1634.136: [GC (Allocation Failure) [PSYoungGen: 64352K->1472K(64000K)] 415123K->352243K(576512K), 0.0016626 secs] [Times: user=0.00 sys=0.00, real=0.00 secs] 
1634.247: [GC (Allocation Failure) [PSYoungGen: 63936K->1533K(63488K)] 414707K->352305K(576000K), 0.0016791 secs] [Times: user=0.01 sys=0.00, real=0.00 secs] 
1634.356: [GC (Allocation Failure) [PSYoungGen: 63485K->1469K(64000K)] 414257K->352249K(576512K), 0.0016418 secs] [Times: user=0.00 sys=0.00, real=0.00 secs] 
1634.465: [GC (Allocation Failure) [PSYoungGen: 63421K->1552K(69632K)] 414201K->352332K(582144K), 0.0039300 secs] [Times: user=0.01 sys=0.01, real=0.00 secs] 
1635.065: [GC (Allocation Failure) [PSYoungGen: 69136K->1440K(69632K)] 419916K->352219K(582144K), 0.0020064 secs] [Times: user=0.00 sys=0.01, real=0.00 secs] 
1635.449: [GC (Allocation Failure) [PSYoungGen: 69024K->1392K(76288K)] 419803K->352171K(588800K), 0.0058107 secs] [Times: user=0.02 sys=0.01, real=0.01 secs] 
1636.033: [GC (Allocation Failure) [PSYoungGen: 75632K->1424K(76288K)] 426411K->352203K(588800K), 0.0055739 secs] [Times: user=0.02 sys=0.01, real=0.01 secs] 
1636.632: [GC (Allocation Failure) [PSYoungGen: 75664K->1424K(83456K)] 426443K->352203K(595968K), 0.0082034 secs] [Times: user=0.02 sys=0.03, real=0.01 secs] 
1637.018: [GC (Allocation Failure) [PSYoungGen: 82832K->1520K(83456K)] 433611K->352300K(595968K), 0.0016918 secs] [Times: user=0.01 sys=0.00, real=0.00 secs] 
1637.185: [GC (Allocation Failure) [PSYoungGen: 82928K->1504K(90624K)] 433708K->352283K(603136K), 0.0043856 secs] [Times: user=0.01 sys=0.01, real=0.00 secs] 
1637.369: [GC (Allocation Failure) [PSYoungGen: 90080K->1549K(90624K)] 440859K->352345K(603136K), 0.0056919 secs] [Times: user=0.02 sys=0.02, real=0.01 secs] 
1638.510: [GC (Allocation Failure) [PSYoungGen: 90125K->1488K(98816K)] 440921K->352283K(611328K), 0.0026395 secs] [Times: user=0.01 sys=0.00, real=0.00 secs] 
1640.159: [GC (Allocation Failure) [PSYoungGen: 98768K->1376K(99840K)] 449563K->352171K(612352K), 0.0037263 secs] [Times: user=0.02 sys=0.00, real=0.00 secs] 
1641.880: [GC (Allocation Failure) [PSYoungGen: 99168K->1424K(108032K)] 449963K->352219K(620544K), 0.0137485 secs] [Times: user=0.04 sys=0.04, real=0.02 secs] 
1642.419: [GC (Allocation Failure) [PSYoungGen: 107408K->1533K(106496K)] 458203K->352329K(619008K), 0.0018807 secs] [Times: user=0.01 sys=0.00, real=0.00 secs] 
1642.603: [GC (Allocation Failure) [PSYoungGen: 106493K->1517K(105472K)] 457289K->352353K(617984K), 0.0016914 secs] [Times: user=0.00 sys=0.00, real=0.01 secs] 
1642.979: [GC (Allocation Failure) [PSYoungGen: 105453K->1472K(104448K)] 456289K->352307K(616960K), 0.0023325 secs] [Times: user=0.01 sys=0.00, real=0.00 secs] 
1643.454: [GC (Allocation Failure) [PSYoungGen: 104384K->1344K(103424K)] 455219K->352179K(615936K), 0.0020512 secs] [Times: user=0.01 sys=0.00, real=0.00 secs] 
1643.926: [GC (Allocation Failure) [PSYoungGen: 103232K->1408K(102400K)] 454067K->352259K(614912K), 0.0027040 secs] [Times: user=0.01 sys=0.00, real=0.00 secs] 
1644.226: [GC (Allocation Failure) [PSYoungGen: 102272K->1485K(101376K)] 453123K->352337K(613888K), 0.0016662 secs] [Times: user=0.00 sys=0.00, real=0.00 secs] 
1644.408: [GC (Allocation Failure) [PSYoungGen: 101325K->1565K(100864K)] 452177K->352417K(613376K), 0.0018600 secs] [Times: user=0.01 sys=0.00, real=0.00 secs] 
1644.634: [GC (Allocation Failure) [PSYoungGen: 100381K->992K(98816K)] 451233K->353379K(611328K), 0.0019247 secs] [Times: user=0.00 sys=0.00, real=0.00 secs] 
1645.058: [GC (Allocation Failure) [PSYoungGen: 98784K->384K(97280K)] 451171K->352771K(609792K), 0.0018450 secs] [Times: user=0.01 sys=0.00, real=0.00 secs] 
1645.486: [GC (Allocation Failure) [PSYoungGen: 97152K->352K(96256K)] 449539K->352739K(608768K), 0.0021385 secs] [Times: user=0.01 sys=0.00, real=0.00 secs] 
1646.000: [GC (Allocation Failure) [PSYoungGen: 96096K->1437K(96768K)] 448483K->353825K(609280K), 0.0020548 secs] [Times: user=0.01 sys=0.00, real=0.00 secs] 
1646.175: [GC (Allocation Failure) [PSYoungGen: 96157K->1568K(95744K)] 448545K->353956K(608256K), 0.0017231 secs] [Times: user=0.01 sys=0.00, real=0.00 secs] 
1646.369: [GC (Allocation Failure) [PSYoungGen: 95264K->1549K(94720K)] 447652K->353937K(607232K), 0.0021184 secs] [Times: user=0.01 sys=0.00, real=0.00 secs] 
1646.686: [GC (Allocation Failure) [PSYoungGen: 94221K->1440K(93184K)] 446609K->353827K(605696K), 0.0022039 secs] [Times: user=0.01 sys=0.00, real=0.00 secs] 
1647.245: [GC (Allocation Failure) [PSYoungGen: 93088K->1360K(92160K)] 445475K->353747K(604672K), 0.0023889 secs] [Times: user=0.00 sys=0.00, real=0.00 secs] 
1648.261: [GC (Allocation Failure) [PSYoungGen: 91984K->1376K(91136K)] 444371K->353763K(603648K), 0.0068277 secs] [Times: user=0.03 sys=0.01, real=0.01 secs] 
1649.091: [GC (Allocation Failure) [PSYoungGen: 90976K->1469K(90112K)] 443363K->353857K(602624K), 0.0026288 secs] [Times: user=0.01 sys=0.00, real=0.00 secs] 
1649.287: [GC (Allocation Failure) [PSYoungGen: 90045K->1501K(89088K)] 442433K->353889K(601600K), 0.0016502 secs] [Times: user=0.01 sys=0.00, real=0.00 secs] 
1649.440: [GC (Allocation Failure) [PSYoungGen: 89053K->1533K(88064K)] 441441K->353921K(600576K), 0.0018255 secs] [Times: user=0.01 sys=0.00, real=0.00 secs] 
1649.700: [GC (Allocation Failure) [PSYoungGen: 88061K->1440K(87552K)] 440449K->353827K(600064K), 0.0019371 secs] [Times: user=0.01 sys=0.00, real=0.00 secs] 
1650.057: [GC (Allocation Failure) [PSYoungGen: 87456K->1376K(87040K)] 439843K->353763K(599552K), 0.0019536 secs] [Times: user=0.01 sys=0.00, real=0.00 secs] 
1650.411: [GC (Allocation Failure) [PSYoungGen: 86880K->1392K(86528K)] 439267K->353779K(599040K), 0.0018275 secs] [Times: user=0.01 sys=0.00, real=0.00 secs] 
1650.785: [GC (Allocation Failure) [PSYoungGen: 86361K->1437K(86016K)] 438749K->353841K(598528K), 0.0034110 secs] [Times: user=0.02 sys=0.00, real=0.00 secs] 
1651.033: [GC (Allocation Failure) [PSYoungGen: 85917K->1453K(85504K)] 438321K->353857K(598016K), 0.0016648 secs] [Times: user=0.01 sys=0.00, real=0.01 secs] 
1651.179: [GC (Allocation Failure) [PSYoungGen: 85421K->1469K(84992K)] 437825K->353873K(597504K), 0.0017877 secs] [Times: user=0.00 sys=0.00, real=0.00 secs] 
1651.364: [GC (Allocation Failure) [PSYoungGen: 84925K->672K(83968K)] 437329K->354099K(596480K), 0.0020966 secs] [Times: user=0.01 sys=0.00, real=0.01 secs] 
1651.708: [GC (Allocation Failure) [PSYoungGen: 83616K->384K(82944K)] 437043K->353811K(595456K), 0.0024849 secs] [Times: user=0.01 sys=0.00, real=0.00 secs] 
1652.051: [GC (Allocation Failure) [PSYoungGen: 82816K->400K(82432K)] 436243K->353827K(594944K), 0.0020697 secs] [Times: user=0.01 sys=0.00, real=0.00 secs] 
1652.392: [GC (Allocation Failure) [PSYoungGen: 82320K->320K(81920K)] 435747K->353747K(594432K), 0.0018102 secs] [Times: user=0.01 sys=0.00, real=0.00 secs] 
1652.638: [GC (Allocation Failure) [PSYoungGen: 81728K->1504K(82432K)] 435155K->354932K(594944K), 0.0018872 secs] [Times: user=0.01 sys=0.00, real=0.00 secs] 
1652.781: [GC (Allocation Failure) [PSYoungGen: 82400K->1533K(81920K)] 435828K->354961K(594432K), 0.0017374 secs] [Times: user=0.00 sys=0.00, real=0.00 secs] 
1652.921: [GC (Allocation Failure) [PSYoungGen: 81917K->1453K(81408K)] 435345K->354881K(593920K), 0.0017880 secs] [Times: user=0.00 sys=0.00, real=0.00 secs] 
1653.605: [GC (Allocation Failure) [PSYoungGen: 81325K->1424K(80896K)] 434753K->354851K(593408K), 0.0021445 secs] [Times: user=0.01 sys=0.00, real=0.00 secs] 
1654.256: [GC (Allocation Failure) [PSYoungGen: 80784K->1376K(80384K)] 434211K->354803K(592896K), 0.0022258 secs] [Times: user=0.01 sys=0.00, real=0.00 secs] 
1654.774: [GC (Allocation Failure) [PSYoungGen: 80224K->1360K(79872K)] 433651K->354787K(592384K), 0.0025512 secs] [Times: user=0.01 sys=0.00, real=0.01 secs] 
1655.305: [GC (Allocation Failure) [PSYoungGen: 79696K->1376K(79360K)] 433123K->354803K(591872K), 0.0023888 secs] [Times: user=0.00 sys=0.00, real=0.00 secs] 
1655.535: [GC (Allocation Failure) [PSYoungGen: 79200K->1501K(78848K)] 432627K->354929K(591360K), 0.0017210 secs] [Times: user=0.01 sys=0.00, real=0.00 secs] 
1655.702: [GC (Allocation Failure) [PSYoungGen: 78813K->1565K(78848K)] 432241K->354993K(591360K), 0.0021964 secs] [Times: user=0.01 sys=0.00, real=0.00 secs] 
1655.873: [GC (Allocation Failure) [PSYoungGen: 78365K->1501K(77824K)] 431793K->354929K(590336K), 0.0018180 secs] [Times: user=0.01 sys=0.00, real=0.01 secs] 
1656.325: [GC (Allocation Failure) [PSYoungGen: 77789K->1440K(77312K)] 431217K->354867K(589824K), 0.0037923 secs] [Times: user=0.01 sys=0.00, real=0.00 secs] 
1656.892: [GC (Allocation Failure) [PSYoungGen: 77216K->1376K(76800K)] 430643K->354803K(589312K), 0.0023913 secs] [Times: user=0.01 sys=0.00, real=0.01 secs] 
1657.275: [GC (Allocation Failure) [PSYoungGen: 76640K->1376K(76288K)] 430067K->354803K(588800K), 0.0023766 secs] [Times: user=0.01 sys=0.00, real=0.00 secs] 
1658.024: [GC (Allocation Failure) [PSYoungGen: 76128K->1344K(75776K)] 429555K->354771K(588288K), 0.0042975 secs] [Times: user=0.02 sys=0.00, real=0.00 secs] 
1658.349: [GC (Allocation Failure) [PSYoungGen: 75584K->1501K(75264K)] 429011K->354929K(587776K), 0.0021254 secs] [Times: user=0.01 sys=0.00, real=0.00 secs] 
1658.485: [GC (Allocation Failure) [PSYoungGen: 75229K->1453K(74752K)] 428657K->354881K(587264K), 0.0018111 secs] [Times: user=0.01 sys=0.00, real=0.00 secs] 
1658.613: [GC (Allocation Failure) [PSYoungGen: 74669K->1533K(74240K)] 428097K->354961K(586752K), 0.0016688 secs] [Times: user=0.01 sys=0.00, real=0.01 secs] 
1658.849: [GC (Allocation Failure) [PSYoungGen: 74237K->1408K(73728K)] 427665K->354835K(586240K), 0.0020688 secs] [Times: user=0.00 sys=0.00, real=0.00 secs] 
1659.152: [GC (Allocation Failure) [PSYoungGen: 73600K->1408K(73216K)] 427027K->354843K(585728K), 0.0020647 secs] [Times: user=0.01 sys=0.00, real=0.01 secs] 
1659.451: [GC (Allocation Failure) [PSYoungGen: 73088K->1408K(72704K)] 426523K->354843K(585216K), 0.0022238 secs] [Times: user=0.01 sys=0.01, real=0.00 secs] 
1659.748: [GC (Allocation Failure) [PSYoungGen: 72576K->1392K(72192K)] 426011K->354851K(584704K), 0.0022099 secs] [Times: user=0.01 sys=0.00, real=0.00 secs] 
1660.081: [GC (Allocation Failure) [PSYoungGen: 72048K->1456K(71680K)] 425507K->354916K(584192K), 0.0024759 secs] [Times: user=0.01 sys=0.00, real=0.00 secs] 
1660.263: [GC (Allocation Failure) [PSYoungGen: 71600K->1485K(71168K)] 425060K->354945K(583680K), 0.0022905 secs] [Times: user=0.00 sys=0.00, real=0.01 secs] 
1660.413: [GC (Allocation Failure) [PSYoungGen: 71117K->1533K(70656K)] 424577K->354993K(583168K), 0.0018308 secs] [Times: user=0.01 sys=0.00, real=0.01 secs] 
1660.535: [GC (Allocation Failure) [PSYoungGen: 70653K->1469K(72704K)] 424113K->354929K(585216K), 0.0018525 secs] [Times: user=0.01 sys=0.00, real=0.00 secs] 
1661.565: [GC (Allocation Failure) [PSYoungGen: 72637K->1440K(72192K)] 426097K->354899K(584704K), 0.0034830 secs] [Times: user=0.01 sys=0.00, real=0.00 secs] 
1662.224: [GC (Allocation Failure) [PSYoungGen: 72096K->1344K(71680K)] 425555K->354803K(584192K), 0.0034362 secs] [Times: user=0.01 sys=0.00, real=0.01 secs] 
1663.088: [GC (Allocation Failure) [PSYoungGen: 71488K->1376K(71168K)] 424947K->354835K(583680K), 0.0046727 secs] [Times: user=0.02 sys=0.00, real=0.00 secs] 
1663.995: [GC (Allocation Failure) [PSYoungGen: 71008K->1376K(70656K)] 424467K->354835K(583168K), 0.0045070 secs] [Times: user=0.02 sys=0.00, real=0.00 secs] 
1664.482: [GC (Allocation Failure) [PSYoungGen: 70496K->1501K(70144K)] 423955K->354961K(582656K), 0.0021616 secs] [Times: user=0.00 sys=0.01, real=0.01 secs] 
1664.624: [GC (Allocation Failure) [PSYoungGen: 70101K->1501K(69632K)] 423561K->354961K(582144K), 0.0018439 secs] [Times: user=0.01 sys=0.00, real=0.00 secs] 
1664.749: [GC (Allocation Failure) [PSYoungGen: 69597K->1501K(70144K)] 423057K->354961K(582656K), 0.0023550 secs] [Times: user=0.00 sys=0.00, real=0.00 secs] 
1664.901: [GC (Allocation Failure) [PSYoungGen: 69597K->1501K(75776K)] 423057K->354977K(588288K), 0.0024486 secs] [Times: user=0.01 sys=0.00, real=0.00 secs] 
1665.889: [GC (Allocation Failure) [PSYoungGen: 75229K->1472K(74752K)] 428705K->354947K(587264K), 0.0033557 secs] [Times: user=0.01 sys=0.00, real=0.00 secs] 
1666.872: [GC (Allocation Failure) [PSYoungGen: 74688K->1376K(74240K)] 428163K->354851K(586752K), 0.0045692 secs] [Times: user=0.02 sys=0.00, real=0.01 secs] 
1667.899: [GC (Allocation Failure) [PSYoungGen: 74080K->1344K(73728K)] 427555K->354819K(586240K), 0.0043288 secs] [Times: user=0.02 sys=0.00, real=0.00 secs] 
1668.563: [GC (Allocation Failure) [PSYoungGen: 73536K->1469K(73216K)] 427011K->354945K(585728K), 0.0027105 secs] [Times: user=0.01 sys=0.00, real=0.01 secs] 
1668.734: [GC (Allocation Failure) [PSYoungGen: 73149K->1501K(72704K)] 426625K->354977K(585216K), 0.0018004 secs] [Times: user=0.01 sys=0.00, real=0.01 secs] 
1668.859: [GC (Allocation Failure) [PSYoungGen: 72669K->1504K(72192K)] 426145K->354980K(584704K), 0.0017481 secs] [Times: user=0.00 sys=0.00, real=0.00 secs] 
1668.983: [GC (Allocation Failure) [PSYoungGen: 72160K->1437K(72704K)] 425636K->354913K(585216K), 0.0017072 secs] [Times: user=0.01 sys=0.00, real=0.01 secs] 
1669.680: [GC (Allocation Failure) [PSYoungGen: 72093K->1408K(71680K)] 425569K->354883K(584192K), 0.0020058 secs] [Times: user=0.01 sys=0.00, real=0.00 secs] 
1670.572: [GC (Allocation Failure) [PSYoungGen: 71552K->1376K(71168K)] 425027K->354851K(583680K), 0.0035531 secs] [Times: user=0.01 sys=0.00, real=0.01 secs] 
1671.374: [GC (Allocation Failure) [PSYoungGen: 71008K->1376K(70656K)] 424483K->354851K(583168K), 0.0042529 secs] [Times: user=0.01 sys=0.00, real=0.00 secs] 
1672.147: [GC (Allocation Failure) [PSYoungGen: 70496K->1392K(70144K)] 423971K->354867K(582656K), 0.0042315 secs] [Times: user=0.01 sys=0.01, real=0.00 secs] 
1672.792: [GC (Allocation Failure) [PSYoungGen: 70000K->1501K(69632K)] 423475K->355001K(582144K), 0.0026653 secs] [Times: user=0.01 sys=0.00, real=0.01 secs] 
1672.953: [GC (Allocation Failure) [PSYoungGen: 69597K->1485K(69120K)] 423097K->354985K(581632K), 0.0017361 secs] [Times: user=0.01 sys=0.00, real=0.01 secs] 
1673.071: [GC (Allocation Failure) [PSYoungGen: 69069K->1504K(68608K)] 422569K->355004K(581120K), 0.0017507 secs] [Times: user=0.01 sys=0.00, real=0.00 secs] 
1673.189: [GC (Allocation Failure) [PSYoungGen: 68549K->1469K(74752K)] 422049K->354969K(587264K), 0.0016543 secs] [Times: user=0.01 sys=0.00, real=0.00 secs] 
1673.955: [GC (Allocation Failure) [PSYoungGen: 74173K->1392K(73728K)] 427673K->354891K(586240K), 0.0048033 secs] [Times: user=0.02 sys=0.00, real=0.00 secs] 
1674.947: [GC (Allocation Failure) [PSYoungGen: 73584K->1408K(73216K)] 427083K->354907K(585728K), 0.0036946 secs] [Times: user=0.01 sys=0.00, real=0.00 secs] 
1675.860: [GC (Allocation Failure) [PSYoungGen: 73088K->1376K(72704K)] 426587K->354875K(585216K), 0.0035883 secs] [Times: user=0.02 sys=0.00, real=0.00 secs] 
1676.600: [GC (Allocation Failure) [PSYoungGen: 72544K->1376K(72192K)] 426043K->354875K(584704K), 0.0034529 secs] [Times: user=0.02 sys=0.00, real=0.00 secs] 
1677.029: [GC (Allocation Failure) [PSYoungGen: 72032K->1533K(71680K)] 425531K->355033K(584192K), 0.0023685 secs] [Times: user=0.01 sys=0.00, real=0.00 secs] 
1677.226: [GC (Allocation Failure) [PSYoungGen: 71677K->1568K(71680K)] 425177K->355068K(584192K), 0.0023398 secs] [Times: user=0.01 sys=0.00, real=0.00 secs] 
1677.383: [GC (Allocation Failure) [PSYoungGen: 71200K->1533K(70656K)] 424700K->355057K(583168K), 0.0018454 secs] [Times: user=0.01 sys=0.00, real=0.01 secs] 
1677.505: [GC (Allocation Failure) [PSYoungGen: 70653K->1517K(70144K)] 424177K->355057K(582656K), 0.0017370 secs] [Times: user=0.00 sys=0.00, real=0.00 secs] 
1677.827: [GC (Allocation Failure) [PSYoungGen: 70125K->1456K(69632K)] 423665K->354995K(582144K), 0.0026044 secs] [Times: user=0.01 sys=0.00, real=0.00 secs] 
1678.105: [GC (Allocation Failure) [PSYoungGen: 69552K->1344K(69120K)] 423091K->354883K(581632K), 0.0023341 secs] [Times: user=0.01 sys=0.00, real=0.00 secs] 
1678.386: [GC (Allocation Failure) [PSYoungGen: 68928K->1408K(68608K)] 422467K->354947K(581120K), 0.0021619 secs] [Times: user=0.01 sys=0.00, real=0.00 secs] 
1678.665: [GC (Allocation Failure) [PSYoungGen: 68480K->1408K(68096K)] 422019K->354947K(580608K), 0.0021275 secs] [Times: user=0.01 sys=0.00, real=0.00 secs] 
1678.835: [GC (Allocation Failure) [PSYoungGen: 67968K->1533K(67584K)] 421507K->355073K(580096K), 0.0017823 secs] [Times: user=0.00 sys=0.00, real=0.00 secs] 
1678.953: [GC (Allocation Failure) [PSYoungGen: 67581K->1501K(68608K)] 421121K->355041K(581120K), 0.0017248 secs] [Times: user=0.01 sys=0.00, real=0.01 secs] 
1679.069: [GC (Allocation Failure) [PSYoungGen: 68046K->1485K(73728K)] 421586K->355025K(586240K), 0.0039194 secs] [Times: user=0.01 sys=0.01, real=0.00 secs] 
1679.197: [GC (Allocation Failure) [PSYoungGen: 73165K->1472K(73728K)] 426705K->355011K(586240K), 0.0016466 secs] [Times: user=0.01 sys=0.00, real=0.00 secs] 
1680.370: [GC (Allocation Failure) [PSYoungGen: 73152K->1424K(79872K)] 426691K->354979K(592384K), 0.0032269 secs] [Times: user=0.02 sys=0.00, real=0.00 secs] 
1681.152: [GC (Allocation Failure) [PSYoungGen: 79760K->1360K(80384K)] 433315K->354915K(592896K), 0.0033116 secs] [Times: user=0.02 sys=0.00, real=0.01 secs] 
1681.862: [GC (Allocation Failure) [PSYoungGen: 79696K->1440K(79360K)] 433251K->354995K(591872K), 0.0027618 secs] [Times: user=0.01 sys=0.00, real=0.01 secs] 
1682.410: [GC (Allocation Failure) [PSYoungGen: 79264K->1469K(78848K)] 432819K->355033K(591360K), 0.0022351 secs] [Times: user=0.01 sys=0.00, real=0.00 secs] 
1682.572: [GC (Allocation Failure) [PSYoungGen: 78781K->1469K(78336K)] 432345K->355033K(590848K), 0.0015984 secs] [Times: user=0.01 sys=0.00, real=0.00 secs] 
1682.706: [GC (Allocation Failure) [PSYoungGen: 78269K->1437K(77824K)] 431833K->355001K(590336K), 0.0017169 secs] [Times: user=0.01 sys=0.00, real=0.00 secs] 
1682.840: [GC (Allocation Failure) [PSYoungGen: 77725K->1469K(83968K)] 431289K->355033K(596480K), 0.0017187 secs] [Times: user=0.01 sys=0.00, real=0.00 secs] 
1683.268: [GC (Allocation Failure) [PSYoungGen: 83901K->1440K(83456K)] 437465K->355003K(595968K), 0.0016110 secs] [Times: user=0.00 sys=0.00, real=0.00 secs] 
1684.173: [GC (Allocation Failure) [PSYoungGen: 83360K->1408K(82944K)] 436923K->354971K(595456K), 0.0020426 secs] [Times: user=0.01 sys=0.01, real=0.01 secs] 
1685.686: [GC (Allocation Failure) [PSYoungGen: 82816K->1408K(82432K)] 436379K->354971K(594944K), 0.0052250 secs] [Times: user=0.02 sys=0.00, real=0.00 secs] 
1686.472: [GC (Allocation Failure) [PSYoungGen: 82304K->1501K(81920K)] 435867K->355065K(594432K), 0.0023297 secs] [Times: user=0.01 sys=0.00, real=0.01 secs] 
1686.631: [GC (Allocation Failure) [PSYoungGen: 81885K->1517K(81408K)] 435449K->355081K(593920K), 0.0017504 secs] [Times: user=0.01 sys=0.00, real=0.00 secs] 
1686.771: [GC (Allocation Failure) [PSYoungGen: 81389K->1485K(80896K)] 434953K->355049K(593408K), 0.0018827 secs] [Times: user=0.01 sys=0.00, real=0.00 secs] 
1687.276: [GC (Allocation Failure) [PSYoungGen: 80845K->1456K(80384K)] 434409K->355019K(592896K), 0.0023657 secs] [Times: user=0.01 sys=0.00, real=0.00 secs] 
1687.604: [GC (Allocation Failure) [PSYoungGen: 80304K->1408K(79872K)] 433867K->354971K(592384K), 0.0022440 secs] [Times: user=0.01 sys=0.00, real=0.01 secs] 
1687.930: [GC (Allocation Failure) [PSYoungGen: 79744K->1376K(79360K)] 433307K->354939K(591872K), 0.0022437 secs] [Times: user=0.01 sys=0.00, real=0.00 secs] 
1688.441: [GC (Allocation Failure) [PSYoungGen: 79200K->1408K(78848K)] 432763K->354971K(591360K), 0.0024345 secs] [Times: user=0.01 sys=0.01, real=0.00 secs] 
1688.735: [GC (Allocation Failure) [PSYoungGen: 78720K->1437K(78336K)] 432283K->355001K(590848K), 0.0017182 secs] [Times: user=0.01 sys=0.00, real=0.00 secs] 
1688.868: [GC (Allocation Failure) [PSYoungGen: 78237K->1501K(77824K)] 431801K->355065K(590336K), 0.0017305 secs] [Times: user=0.01 sys=0.00, real=0.00 secs] 
1689.024: [GC (Allocation Failure) [PSYoungGen: 77789K->1501K(77312K)] 431353K->355065K(589824K), 0.0020728 secs] [Times: user=0.01 sys=0.00, real=0.00 secs] 
1689.465: [GC (Allocation Failure) [PSYoungGen: 77277K->1440K(76800K)] 430841K->355003K(589312K), 0.0024773 secs] [Times: user=0.01 sys=0.00, real=0.00 secs] 
1690.015: [GC (Allocation Failure) [PSYoungGen: 76704K->1408K(76288K)] 430267K->354971K(588800K), 0.0024138 secs] [Times: user=0.01 sys=0.00, real=0.00 secs] 
1690.327: [GC (Allocation Failure) [PSYoungGen: 76160K->1408K(75776K)] 429723K->354979K(588288K), 0.0022127 secs] [Times: user=0.01 sys=0.00, real=0.00 secs] 
1690.635: [GC (Allocation Failure) [PSYoungGen: 75648K->1376K(75264K)] 429219K->354947K(587776K), 0.0020939 secs] [Times: user=0.01 sys=0.00, real=0.00 secs] 
1690.855: [GC (Allocation Failure) [PSYoungGen: 75104K->1453K(74752K)] 428675K->355057K(587264K), 0.0017346 secs] [Times: user=0.01 sys=0.00, real=0.00 secs] 
1690.983: [GC (Allocation Failure) [PSYoungGen: 74657K->1469K(74240K)] 428261K->355073K(586752K), 0.0016768 secs] [Times: user=0.01 sys=0.00, real=0.01 secs] 
1691.112: [GC (Allocation Failure) [PSYoungGen: 74173K->1533K(74752K)] 427777K->355137K(587264K), 0.0018904 secs] [Times: user=0.00 sys=0.00, real=0.00 secs] 
1691.410: [GC (Allocation Failure) [PSYoungGen: 74237K->1728K(74240K)] 427841K->355331K(586752K), 0.0022703 secs] [Times: user=0.01 sys=0.00, real=0.00 secs] 
1692.449: [GC (Allocation Failure) [PSYoungGen: 73920K->1376K(73216K)] 427523K->354987K(585728K), 0.0043743 secs] [Times: user=0.01 sys=0.00, real=0.00 secs] 
1693.114: [GC (Allocation Failure) [PSYoungGen: 73056K->1376K(72704K)] 426667K->354987K(585216K), 0.0029049 secs] [Times: user=0.01 sys=0.00, real=0.01 secs] 
1693.735: [GC (Allocation Failure) [PSYoungGen: 72544K->1408K(72192K)] 426155K->355019K(584704K), 0.0024779 secs] [Times: user=0.01 sys=0.00, real=0.00 secs] 
1694.298: [GC (Allocation Failure) [PSYoungGen: 72064K->1437K(71680K)] 425675K->355057K(584192K), 0.0023913 secs] [Times: user=0.01 sys=0.00, real=0.00 secs] 
1694.445: [GC (Allocation Failure) [PSYoungGen: 71566K->1469K(71168K)] 425186K->355097K(583680K), 0.0017496 secs] [Times: user=0.01 sys=0.00, real=0.00 secs] 
1694.567: [GC (Allocation Failure) [PSYoungGen: 71101K->1437K(70656K)] 424729K->355065K(583168K), 0.0018376 secs] [Times: user=0.01 sys=0.00, real=0.00 secs] 
1694.689: [GC (Allocation Failure) [PSYoungGen: 70557K->1533K(71168K)] 424185K->355161K(583680K), 0.0017551 secs] [Times: user=0.01 sys=0.00, real=0.00 secs] 
1695.788: [GC (Allocation Failure) [PSYoungGen: 71165K->1408K(70656K)] 424793K->355035K(583168K), 0.0030249 secs] [Times: user=0.01 sys=0.00, real=0.00 secs] 
1696.672: [GC (Allocation Failure) [PSYoungGen: 70528K->1408K(70144K)] 424155K->355043K(582656K), 0.0036613 secs] [Times: user=0.01 sys=0.00, real=0.01 secs] 
1697.458: [GC (Allocation Failure) [PSYoungGen: 70016K->1408K(69632K)] 423651K->355043K(582144K), 0.0028864 secs] [Times: user=0.02 sys=0.00, real=0.00 secs] 
1698.321: [GC (Allocation Failure) [PSYoungGen: 69504K->1376K(69120K)] 423139K->355011K(581632K), 0.0030420 secs] [Times: user=0.01 sys=0.00, real=0.00 secs] 
1698.834: [GC (Allocation Failure) [PSYoungGen: 68960K->1501K(68608K)] 422595K->355137K(581120K), 0.0023461 secs] [Times: user=0.01 sys=0.00, real=0.00 secs] 
1698.978: [GC (Allocation Failure) [PSYoungGen: 68573K->1501K(68096K)] 422209K->355137K(580608K), 0.0016733 secs] [Times: user=0.01 sys=0.00, real=0.00 secs] 
1699.094: [GC (Allocation Failure) [PSYoungGen: 68061K->1501K(67584K)] 421697K->355137K(580096K), 0.0017056 secs] [Times: user=0.01 sys=0.00, real=0.01 secs] 
1699.210: [GC (Allocation Failure) [PSYoungGen: 67549K->1469K(68096K)] 421185K->355121K(580608K), 0.0017043 secs] [Times: user=0.01 sys=0.00, real=0.00 secs] 
1700.006: [GC (Allocation Failure) [PSYoungGen: 67517K->1488K(67072K)] 421169K->355139K(579584K), 0.0027238 secs] [Times: user=0.01 sys=0.00, real=0.00 secs] 
1700.869: [GC (Allocation Failure) [PSYoungGen: 67024K->1376K(66560K)] 420675K->355027K(579072K), 0.0033887 secs] [Times: user=0.01 sys=0.00, real=0.00 secs] 
1701.751: [GC (Allocation Failure) [PSYoungGen: 66400K->1440K(66048K)] 420051K->355091K(578560K), 0.0046715 secs] [Times: user=0.02 sys=0.00, real=0.01 secs] 
1702.235: [GC (Allocation Failure) [PSYoungGen: 65952K->1424K(65536K)] 419603K->355075K(578048K), 0.0022205 secs] [Times: user=0.00 sys=0.00, real=0.00 secs] 
1702.497: [GC (Allocation Failure) [PSYoungGen: 65424K->1437K(65024K)] 419075K->355097K(577536K), 0.0021342 secs] [Times: user=0.01 sys=0.00, real=0.00 secs] 
1702.619: [GC (Allocation Failure) [PSYoungGen: 64925K->1533K(64512K)] 418585K->355193K(577024K), 0.0016929 secs] [Times: user=0.01 sys=0.00, real=0.00 secs] 
1702.730: [GC (Allocation Failure) [PSYoungGen: 64509K->1517K(65024K)] 418169K->355177K(577536K), 0.0018424 secs] [Times: user=0.01 sys=0.00, real=0.00 secs] 
1702.840: [GC (Allocation Failure) [PSYoungGen: 64493K->1485K(70144K)] 418153K->355153K(582656K), 0.0016834 secs] [Times: user=0.01 sys=0.00, real=0.00 secs] 
1703.130: [GC (Allocation Failure) [PSYoungGen: 69581K->1984K(70144K)] 423249K->356163K(582656K), 0.0022813 secs] [Times: user=0.01 sys=0.01, real=0.00 secs] 
1704.019: [GC (Allocation Failure) [PSYoungGen: 70080K->1376K(69120K)] 424259K->355555K(581632K), 0.0029442 secs] [Times: user=0.01 sys=0.00, real=0.00 secs] 
1704.789: [GC (Allocation Failure) [PSYoungGen: 68960K->1408K(68608K)] 423139K->355587K(581120K), 0.0035109 secs] [Times: user=0.01 sys=0.00, real=0.00 secs] 
1705.365: [GC (Allocation Failure) [PSYoungGen: 68480K->1440K(68096K)] 422659K->355627K(580608K), 0.0033557 secs] [Times: user=0.01 sys=0.00, real=0.00 secs] 
1705.878: [GC (Allocation Failure) [PSYoungGen: 68000K->1440K(67584K)] 422187K->355627K(580096K), 0.0029671 secs] [Times: user=0.01 sys=0.00, real=0.00 secs] 
1706.116: [GC (Allocation Failure) [PSYoungGen: 67488K->1501K(67072K)] 421675K->355689K(579584K), 0.0017232 secs] [Times: user=0.00 sys=0.00, real=0.00 secs] 
1706.235: [GC (Allocation Failure) [PSYoungGen: 67037K->1517K(66560K)] 421225K->355705K(579072K), 0.0018944 secs] [Times: user=0.00 sys=0.00, real=0.00 secs] 
1706.353: [GC (Allocation Failure) [PSYoungGen: 66541K->1469K(72192K)] 420729K->355665K(584704K), 0.0016369 secs] [Times: user=0.01 sys=0.00, real=0.01 secs] 
1706.681: [GC (Allocation Failure) [PSYoungGen: 72125K->1744K(72192K)] 426321K->355939K(584704K), 0.0021869 secs] [Times: user=0.01 sys=0.00, real=0.00 secs] 
1707.921: [GC (Allocation Failure) [PSYoungGen: 71888K->1344K(71168K)] 426083K->355539K(583680K), 0.0047587 secs] [Times: user=0.01 sys=0.00, real=0.01 secs] 
1708.956: [GC (Allocation Failure) [PSYoungGen: 70976K->1376K(70656K)] 425171K->355571K(583168K), 0.0036418 secs] [Times: user=0.02 sys=0.00, real=0.00 secs] 
1709.578: [GC (Allocation Failure) [PSYoungGen: 70496K->1344K(70144K)] 424691K->355539K(582656K), 0.0033933 secs] [Times: user=0.02 sys=0.00, real=0.00 secs] 
1710.506: [GC (Allocation Failure) [PSYoungGen: 69733K->288K(68608K)] 423929K->354483K(581120K), 0.0034673 secs] [Times: user=0.02 sys=0.00, real=0.00 secs] 
1710.699: [GC (Allocation Failure) [PSYoungGen: 68384K->1469K(69120K)] 422579K->355665K(581632K), 0.0017451 secs] [Times: user=0.01 sys=0.00, real=0.00 secs] 
1710.819: [GC (Allocation Failure) [PSYoungGen: 69053K->1469K(68608K)] 423249K->355665K(581120K), 0.0019244 secs] [Times: user=0.01 sys=0.00, real=0.00 secs] 
1710.936: [GC (Allocation Failure) [PSYoungGen: 68512K->1501K(69120K)] 422708K->355713K(581632K), 0.0019411 secs] [Times: user=0.01 sys=0.00, real=0.00 secs] 
1711.287: [GC (Allocation Failure) [PSYoungGen: 68573K->1440K(68096K)] 422785K->355651K(580608K), 0.0020724 secs] [Times: user=0.01 sys=0.00, real=0.00 secs] 
1712.245: [GC (Allocation Failure) [PSYoungGen: 68000K->1344K(67584K)] 422211K->355571K(580096K), 0.0021361 secs] [Times: user=0.01 sys=0.00, real=0.00 secs] 
1713.002: [GC (Allocation Failure) [PSYoungGen: 67392K->1376K(67072K)] 421619K->355603K(579584K), 0.0036513 secs] [Times: user=0.02 sys=0.01, real=0.01 secs] 
1713.675: [GC (Allocation Failure) [PSYoungGen: 66912K->1376K(66560K)] 421139K->355603K(579072K), 0.0028942 secs] [Times: user=0.01 sys=0.00, real=0.00 secs] 
1714.037: [GC (Allocation Failure) [PSYoungGen: 66400K->1392K(66048K)] 420627K->355619K(578560K), 0.0023161 secs] [Times: user=0.01 sys=0.00, real=0.00 secs] 
1714.220: [GC (Allocation Failure) [PSYoungGen: 65904K->1469K(65536K)] 420131K->355697K(578048K), 0.0017152 secs] [Times: user=0.01 sys=0.00, real=0.00 secs] 
1714.335: [GC (Allocation Failure) [PSYoungGen: 65446K->1549K(65536K)] 419674K->355777K(578048K), 0.0017255 secs] [Times: user=0.01 sys=0.00, real=0.00 secs] 
1714.447: [GC (Allocation Failure) [PSYoungGen: 65037K->1504K(65536K)] 419265K->355748K(578048K), 0.0017633 secs] [Times: user=0.01 sys=0.00, real=0.00 secs] 
1714.562: [GC (Allocation Failure) [PSYoungGen: 65504K->1437K(66048K)] 419748K->355681K(578560K), 0.0016538 secs] [Times: user=0.01 sys=0.00, real=0.00 secs] 
1715.054: [GC (Allocation Failure) [PSYoungGen: 65437K->1440K(65024K)] 419681K->355683K(577536K), 0.0019759 secs] [Times: user=0.01 sys=0.00, real=0.00 secs] 
1715.666: [GC (Allocation Failure) [PSYoungGen: 64928K->1376K(64512K)] 419171K->355619K(577024K), 0.0042791 secs] [Times: user=0.02 sys=0.00, real=0.00 secs] 
1716.067: [GC (Allocation Failure) [PSYoungGen: 64352K->1408K(64000K)] 418595K->355651K(576512K), 0.0021176 secs] [Times: user=0.01 sys=0.00, real=0.00 secs] 
1716.413: [GC (Allocation Failure) [PSYoungGen: 63872K->1408K(63488K)] 418115K->355651K(576000K), 0.0022369 secs] [Times: user=0.01 sys=0.00, real=0.01 secs] 
1716.639: [GC (Allocation Failure) [PSYoungGen: 63360K->1517K(62976K)] 417603K->355761K(575488K), 0.0016376 secs] [Times: user=0.01 sys=0.00, real=0.00 secs] 
1716.749: [GC (Allocation Failure) [PSYoungGen: 62957K->1533K(62464K)] 417201K->355777K(574976K), 0.0016058 secs] [Times: user=0.01 sys=0.00, real=0.00 secs] 
1716.856: [GC (Allocation Failure) [PSYoungGen: 62461K->1517K(67584K)] 416705K->355785K(580096K), 0.0016515 secs] [Times: user=0.00 sys=0.00, real=0.00 secs] 
1716.990: [GC (Allocation Failure) [PSYoungGen: 67565K->1533K(68096K)] 421833K->355801K(580608K), 0.0019333 secs] [Times: user=0.01 sys=0.00, real=0.00 secs] 
1717.207: [GC (Allocation Failure) [PSYoungGen: 67581K->1408K(73728K)] 421849K->355675K(586240K), 0.0029318 secs] [Times: user=0.01 sys=0.00, real=0.00 secs] 
1717.505: [GC (Allocation Failure) [PSYoungGen: 73088K->1424K(73728K)] 427355K->355691K(586240K), 0.0020956 secs] [Times: user=0.00 sys=0.00, real=0.00 secs] 
1717.804: [GC (Allocation Failure) [PSYoungGen: 73104K->1408K(72704K)] 427371K->355675K(585216K), 0.0021173 secs] [Times: user=0.01 sys=0.00, real=0.01 secs] 
1718.100: [GC (Allocation Failure) [PSYoungGen: 72576K->1376K(72192K)] 426843K->355651K(584704K), 0.0023129 secs] [Times: user=0.01 sys=0.00, real=0.00 secs] 
1718.371: [GC (Allocation Failure) [PSYoungGen: 72032K->1533K(71680K)] 426307K->355809K(584192K), 0.0019477 secs] [Times: user=0.01 sys=0.00, real=0.00 secs] 
1718.495: [GC (Allocation Failure) [PSYoungGen: 71677K->1533K(77312K)] 425953K->355833K(589824K), 0.0017402 secs] [Times: user=0.01 sys=0.00, real=0.00 secs] 
1718.629: [GC (Allocation Failure) [PSYoungGen: 77309K->1501K(77824K)] 431609K->355801K(590336K), 0.0016920 secs] [Times: user=0.01 sys=0.00, real=0.00 secs] 
1718.763: [GC (Allocation Failure) [PSYoungGen: 77277K->1469K(77824K)] 431577K->355777K(590336K), 0.0017717 secs] [Times: user=0.00 sys=0.00, real=0.01 secs] 
1719.087: [GC (Allocation Failure) [PSYoungGen: 77245K->1376K(76800K)] 431553K->355683K(589312K), 0.0016782 secs] [Times: user=0.01 sys=0.00, real=0.00 secs] 
1719.399: [GC (Allocation Failure) [PSYoungGen: 76640K->1376K(76288K)] 430947K->355683K(588800K), 0.0017747 secs] [Times: user=0.01 sys=0.00, real=0.00 secs] 
1719.709: [GC (Allocation Failure) [PSYoungGen: 76128K->1376K(75776K)] 430435K->355683K(588288K), 0.0016106 secs] [Times: user=0.01 sys=0.00, real=0.00 secs] 
1720.059: [GC (Allocation Failure) [PSYoungGen: 75616K->1501K(75264K)] 429923K->355809K(587776K), 0.0016969 secs] [Times: user=0.01 sys=0.00, real=0.00 secs] 
1720.190: [GC (Allocation Failure) [PSYoungGen: 75229K->1501K(74752K)] 429537K->355809K(587264K), 0.0016482 secs] [Times: user=0.01 sys=0.00, real=0.00 secs] 
1720.338: [GC (Allocation Failure) [PSYoungGen: 74717K->1456K(74240K)] 429025K->355764K(586752K), 0.0020210 secs] [Times: user=0.00 sys=0.00, real=0.00 secs] 
1720.504: [GC (Allocation Failure) [PSYoungGen: 74160K->1520K(80384K)] 428468K->355828K(592896K), 0.0022219 secs] [Times: user=0.01 sys=0.00, real=0.01 secs] 
1720.798: [GC (Allocation Failure) [PSYoungGen: 80368K->1440K(79872K)] 434676K->355747K(592384K), 0.0023721 secs] [Times: user=0.01 sys=0.00, real=0.00 secs] 
1721.124: [GC (Allocation Failure) [PSYoungGen: 79776K->1408K(79360K)] 434083K->355715K(591872K), 0.0021337 secs] [Times: user=0.01 sys=0.00, real=0.01 secs] 
1721.447: [GC (Allocation Failure) [PSYoungGen: 79232K->1376K(78848K)] 433539K->355683K(591360K), 0.0021359 secs] [Times: user=0.01 sys=0.00, real=0.00 secs] 
1721.773: [GC (Allocation Failure) [PSYoungGen: 78688K->1437K(78336K)] 432995K->355745K(590848K), 0.0019915 secs] [Times: user=0.00 sys=0.00, real=0.01 secs] 
1721.914: [GC (Allocation Failure) [PSYoungGen: 78237K->1533K(77824K)] 432545K->355841K(590336K), 0.0018069 secs] [Times: user=0.00 sys=0.00, real=0.00 secs] 
1722.048: [GC (Allocation Failure) [PSYoungGen: 77821K->1456K(78336K)] 432129K->355764K(590848K), 0.0021490 secs] [Times: user=0.01 sys=0.00, real=0.00 secs] 
1722.183: [GC (Allocation Failure) [PSYoungGen: 77744K->1453K(78336K)] 432052K->355761K(590848K), 0.0016561 secs] [Times: user=0.01 sys=0.00, real=0.01 secs] 
1722.456: [GC (Allocation Failure) [PSYoungGen: 77741K->1440K(83968K)] 432049K->355747K(596480K), 0.0019944 secs] [Times: user=0.00 sys=0.00, real=0.00 secs] 
1722.798: [GC (Allocation Failure) [PSYoungGen: 83872K->1344K(83456K)] 438179K->355659K(595968K), 0.0018670 secs] [Times: user=0.01 sys=0.00, real=0.00 secs] 
1723.138: [GC (Allocation Failure) [PSYoungGen: 83264K->1408K(82944K)] 437579K->355723K(595456K), 0.0018753 secs] [Times: user=0.01 sys=0.00, real=0.00 secs] 
1723.466: [GC (Allocation Failure) [PSYoungGen: 82816K->1472K(82432K)] 437131K->355788K(594944K), 0.0017449 secs] [Times: user=0.01 sys=0.00, real=0.00 secs] 
1723.610: [GC (Allocation Failure) [PSYoungGen: 82368K->1472K(81920K)] 436684K->355788K(594432K), 0.0018247 secs] [Times: user=0.01 sys=0.00, real=0.00 secs] 
1723.751: [GC (Allocation Failure) [PSYoungGen: 81856K->1469K(81408K)] 436172K->355785K(593920K), 0.0018356 secs] [Times: user=0.00 sys=0.00, real=0.00 secs] 
1723.890: [GC (Allocation Failure) [PSYoungGen: 81341K->1485K(81920K)] 435657K->355801K(594432K), 0.0017177 secs] [Times: user=0.01 sys=0.00, real=0.00 secs] 
1724.912: [GC (Allocation Failure) [PSYoungGen: 81357K->1408K(80896K)] 435673K->355723K(593408K), 0.0027690 secs] [Times: user=0.01 sys=0.00, real=0.01 secs] 
1726.550: [GC (Allocation Failure) [PSYoungGen: 80768K->1344K(80384K)] 435083K->355659K(592896K), 0.0037935 secs] [Times: user=0.01 sys=0.01, real=0.01 secs] 
1727.855: [GC (Allocation Failure) [PSYoungGen: 80192K->1376K(79872K)] 434507K->355691K(592384K), 0.0044141 secs] [Times: user=0.02 sys=0.00, real=0.00 secs] 
1728.484: [GC (Allocation Failure) [PSYoungGen: 79712K->1437K(79360K)] 434027K->355753K(591872K), 0.0024140 secs] [Times: user=0.01 sys=0.00, real=0.00 secs] 
1728.649: [GC (Allocation Failure) [PSYoungGen: 79261K->1472K(78848K)] 433577K->355788K(591360K), 0.0018243 secs] [Times: user=0.01 sys=0.00, real=0.00 secs] 
1728.786: [GC (Allocation Failure) [PSYoungGen: 78784K->1469K(78336K)] 433100K->355785K(590848K), 0.0018221 secs] [Times: user=0.00 sys=0.00, real=0.00 secs] 
1728.973: [GC (Allocation Failure) [PSYoungGen: 78269K->1696K(78336K)] 432585K->356011K(590848K), 0.0020425 secs] [Times: user=0.00 sys=0.00, real=0.01 secs] 
1729.307: [GC (Allocation Failure) [PSYoungGen: 77984K->1440K(77312K)] 432299K->355755K(589824K), 0.0019772 secs] [Times: user=0.00 sys=0.00, real=0.00 secs] 
1729.622: [GC (Allocation Failure) [PSYoungGen: 77216K->1376K(76800K)] 431531K->355707K(589312K), 0.0020000 secs] [Times: user=0.00 sys=0.00, real=0.01 secs] 
1730.157: [GC (Allocation Failure) [PSYoungGen: 76640K->1392K(76288K)] 430971K->355723K(588800K), 0.0020669 secs] [Times: user=0.01 sys=0.01, real=0.00 secs] 
1730.602: [GC (Allocation Failure) [PSYoungGen: 76144K->1437K(75776K)] 430475K->355769K(588288K), 0.0016652 secs] [Times: user=0.00 sys=0.00, real=0.00 secs] 
1730.733: [GC (Allocation Failure) [PSYoungGen: 75677K->1501K(75264K)] 430009K->355833K(587776K), 0.0017494 secs] [Times: user=0.00 sys=0.00, real=0.01 secs] 
1730.862: [GC (Allocation Failure) [PSYoungGen: 75229K->1533K(74752K)] 429561K->355865K(587264K), 0.0018038 secs] [Times: user=0.00 sys=0.00, real=0.00 secs] 
1731.011: [GC (Allocation Failure) [PSYoungGen: 74749K->1533K(75264K)] 429081K->355865K(587776K), 0.0020151 secs] [Times: user=0.01 sys=0.00, real=0.00 secs] 
1731.399: [GC (Allocation Failure) [PSYoungGen: 75261K->1472K(74752K)] 429593K->355803K(587264K), 0.0021640 secs] [Times: user=0.00 sys=0.00, real=0.00 secs] 
1731.736: [GC (Allocation Failure) [PSYoungGen: 74688K->1376K(74240K)] 429019K->355731K(586752K), 0.0021332 secs] [Times: user=0.01 sys=0.00, real=0.00 secs] 
1732.039: [GC (Allocation Failure) [PSYoungGen: 74080K->1376K(73728K)] 428435K->355731K(586240K), 0.0022195 secs] [Times: user=0.01 sys=0.00, real=0.00 secs] 
1732.392: [GC (Allocation Failure) [PSYoungGen: 73373K->256K(73216K)] 427729K->354611K(585728K), 0.0019885 secs] [Times: user=0.01 sys=0.00, real=0.00 secs] 
1732.522: [GC (Allocation Failure) [PSYoungGen: 71936K->1533K(72704K)] 426291K->355889K(585216K), 0.0016831 secs] [Times: user=0.01 sys=0.00, real=0.00 secs] 
1732.647: [GC (Allocation Failure) [PSYoungGen: 72701K->1485K(73216K)] 427057K->355841K(585728K), 0.0018269 secs] [Times: user=0.01 sys=0.00, real=0.00 secs] 
1732.775: [GC (Allocation Failure) [PSYoungGen: 72653K->1421K(73216K)] 427009K->355777K(585728K), 0.0017937 secs] [Times: user=0.00 sys=0.00, real=0.00 secs] 
1733.299: [GC (Allocation Failure) [PSYoungGen: 72589K->1504K(72192K)] 426945K->355867K(584704K), 0.0019504 secs] [Times: user=0.01 sys=0.00, real=0.00 secs] 
1734.270: [GC (Allocation Failure) [PSYoungGen: 72160K->1440K(71680K)] 426523K->355803K(584192K), 0.0020202 secs] [Times: user=0.01 sys=0.00, real=0.00 secs] 
1735.167: [GC (Allocation Failure) [PSYoungGen: 71584K->1408K(71168K)] 425947K->355771K(583680K), 0.0045761 secs] [Times: user=0.02 sys=0.00, real=0.00 secs] 
1735.778: [GC (Allocation Failure) [PSYoungGen: 71040K->1440K(70656K)] 425403K->355803K(583168K), 0.0035298 secs] [Times: user=0.01 sys=0.00, real=0.00 secs] 
1736.080: [GC (Allocation Failure) [PSYoungGen: 70560K->1501K(70144K)] 424923K->355865K(582656K), 0.0019729 secs] [Times: user=0.00 sys=0.00, real=0.00 secs] 
1736.206: [GC (Allocation Failure) [PSYoungGen: 70109K->1469K(69632K)] 424473K->355833K(582144K), 0.0017678 secs] [Times: user=0.01 sys=0.00, real=0.00 secs] 
1736.325: [GC (Allocation Failure) [PSYoungGen: 69565K->1501K(75264K)] 423929K->355865K(587776K), 0.0017525 secs] [Times: user=0.00 sys=0.00, real=0.00 secs] 
1736.454: [GC (Allocation Failure) [PSYoungGen: 75229K->1469K(75776K)] 429593K->355833K(588288K), 0.0017952 secs] [Times: user=0.00 sys=0.00, real=0.01 secs] 
1737.061: [GC (Allocation Failure) [PSYoungGen: 75197K->1424K(74752K)] 429561K->355787K(587264K), 0.0042480 secs] [Times: user=0.02 sys=0.00, real=0.01 secs] 
1737.763: [GC (Allocation Failure) [PSYoungGen: 74640K->1408K(74240K)] 429003K->355771K(586752K), 0.0027804 secs] [Times: user=0.01 sys=0.00, real=0.01 secs] 
1738.098: [GC (Allocation Failure) [PSYoungGen: 74112K->1392K(73728K)] 428475K->355755K(586240K), 0.0021361 secs] [Times: user=0.01 sys=0.00, real=0.00 secs] 
1738.487: [GC (Allocation Failure) [PSYoungGen: 73584K->1408K(73216K)] 427947K->355771K(585728K), 0.0021883 secs] [Times: user=0.01 sys=0.01, real=0.00 secs] 
1738.725: [GC (Allocation Failure) [PSYoungGen: 73088K->1504K(72704K)] 427451K->355892K(585216K), 0.0017351 secs] [Times: user=0.01 sys=0.00, real=0.00 secs] 
1738.851: [GC (Allocation Failure) [PSYoungGen: 72672K->1469K(72192K)] 427060K->355857K(584704K), 0.0015897 secs] [Times: user=0.00 sys=0.00, real=0.00 secs] 
1738.975: [GC (Allocation Failure) [PSYoungGen: 72125K->1533K(71680K)] 426513K->355921K(584192K), 0.0017316 secs] [Times: user=0.01 sys=0.00, real=0.00 secs] 
1739.227: [GC (Allocation Failure) [PSYoungGen: 71677K->1472K(71168K)] 426065K->355859K(583680K), 0.0020943 secs] [Times: user=0.01 sys=0.00, real=0.00 secs] 
1740.063: [GC (Allocation Failure) [PSYoungGen: 71104K->1360K(70656K)] 425491K->355747K(583168K), 0.0023971 secs] [Times: user=0.01 sys=0.00, real=0.01 secs] 
1741.013: [GC (Allocation Failure) [PSYoungGen: 70480K->1408K(70144K)] 424867K->355811K(582656K), 0.0034526 secs] [Times: user=0.01 sys=0.00, real=0.01 secs] 
1741.881: [GC (Allocation Failure) [PSYoungGen: 70016K->1408K(69632K)] 424419K->355811K(582144K), 0.0034634 secs] [Times: user=0.01 sys=0.00, real=0.01 secs] 
1742.730: [GC (Allocation Failure) [PSYoungGen: 69504K->1437K(69120K)] 423907K->355841K(581632K), 0.0034300 secs] [Times: user=0.01 sys=0.00, real=0.00 secs] 
1742.921: [GC (Allocation Failure) [PSYoungGen: 69021K->1517K(68608K)] 423425K->355945K(581120K), 0.0016255 secs] [Times: user=0.01 sys=0.00, real=0.00 secs] 
1743.041: [GC (Allocation Failure) [PSYoungGen: 68589K->1533K(68096K)] 423017K->355961K(580608K), 0.0018511 secs] [Times: user=0.01 sys=0.00, real=0.00 secs] 
1743.159: [GC (Allocation Failure) [PSYoungGen: 68093K->1453K(67584K)] 422521K->355881K(580096K), 0.0016409 secs] [Times: user=0.01 sys=0.00, real=0.00 secs] 
1743.442: [GC (Allocation Failure) [PSYoungGen: 67501K->1440K(67072K)] 421929K->355867K(579584K), 0.0021306 secs] [Times: user=0.01 sys=0.00, real=0.00 secs] 
1744.045: [GC (Allocation Failure) [PSYoungGen: 66976K->1376K(66560K)] 421403K->355803K(579072K), 0.0023770 secs] [Times: user=0.01 sys=0.00, real=0.00 secs] 
1744.595: [GC (Allocation Failure) [PSYoungGen: 66400K->1376K(66048K)] 420827K->355803K(578560K), 0.0028441 secs] [Times: user=0.01 sys=0.00, real=0.00 secs] 
1745.121: [GC (Allocation Failure) [PSYoungGen: 65888K->1408K(65536K)] 420315K->355835K(578048K), 0.0025116 secs] [Times: user=0.01 sys=0.00, real=0.00 secs] 
1745.656: [GC (Allocation Failure) [PSYoungGen: 65408K->1328K(65024K)] 419835K->355755K(577536K), 0.0029897 secs] [Times: user=0.01 sys=0.00, real=0.00 secs] 
1745.949: [GC (Allocation Failure) [PSYoungGen: 64816K->1472K(64512K)] 419243K->355900K(577024K), 0.0020869 secs] [Times: user=0.01 sys=0.00, real=0.00 secs] 
1746.098: [GC (Allocation Failure) [PSYoungGen: 64448K->1533K(64000K)] 418876K->355961K(576512K), 0.0021617 secs] [Times: user=0.01 sys=0.00, real=0.00 secs] 
1746.255: [GC (Allocation Failure) [PSYoungGen: 63997K->1469K(63488K)] 418425K->355913K(576000K), 0.0019032 secs] [Times: user=0.01 sys=0.00, real=0.00 secs] 
1746.364: [GC (Allocation Failure) [PSYoungGen: 63421K->1453K(69120K)] 417865K->355897K(581632K), 0.0017479 secs] [Times: user=0.01 sys=0.00, real=0.00 secs] 
1747.929: [GC (Allocation Failure) [PSYoungGen: 69037K->1408K(68608K)] 423481K->355851K(581120K), 0.0048451 secs] [Times: user=0.02 sys=0.00, real=0.01 secs] 
1748.719: [GC (Allocation Failure) [PSYoungGen: 68480K->1376K(68096K)] 422923K->355819K(580608K), 0.0035643 secs] [Times: user=0.01 sys=0.00, real=0.00 secs] 
1749.294: [GC (Allocation Failure) [PSYoungGen: 67936K->1376K(67584K)] 422379K->355819K(580096K), 0.0038293 secs] [Times: user=0.02 sys=0.00, real=0.00 secs] 
1749.622: [GC (Allocation Failure) [PSYoungGen: 67424K->1376K(67072K)] 421867K->355819K(579584K), 0.0021619 secs] [Times: user=0.00 sys=0.00, real=0.01 secs] 
1749.837: [GC (Allocation Failure) [PSYoungGen: 66912K->1456K(66560K)] 421355K->355900K(579072K), 0.0017212 secs] [Times: user=0.01 sys=0.00, real=0.00 secs] 
1749.952: [GC (Allocation Failure) [PSYoungGen: 66480K->1501K(66048K)] 420924K->355945K(578560K), 0.0017456 secs] [Times: user=0.00 sys=0.00, real=0.00 secs] 
1750.065: [GC (Allocation Failure) [PSYoungGen: 66010K->1565K(66560K)] 420454K->356017K(579072K), 0.0017073 secs] [Times: user=0.01 sys=0.00, real=0.00 secs] 
1750.178: [GC (Allocation Failure) [PSYoungGen: 66077K->1488K(66560K)] 420529K->355940K(579072K), 0.0017661 secs] [Times: user=0.01 sys=0.00, real=0.00 secs] 
1750.647: [GC (Allocation Failure) [PSYoungGen: 66000K->1440K(71168K)] 420452K->355915K(583680K), 0.0020792 secs] [Times: user=0.00 sys=0.00, real=0.00 secs] 
1750.936: [GC (Allocation Failure) [PSYoungGen: 71072K->1408K(70656K)] 425547K->355883K(583168K), 0.0021964 secs] [Times: user=0.00 sys=0.00, real=0.00 secs] 
1751.224: [GC (Allocation Failure) [PSYoungGen: 70528K->1408K(70144K)] 425003K->355883K(582656K), 0.0019990 secs] [Times: user=0.01 sys=0.00, real=0.01 secs] 
1751.509: [GC (Allocation Failure) [PSYoungGen: 70016K->1440K(69632K)] 424491K->355915K(582144K), 0.0021934 secs] [Times: user=0.00 sys=0.01, real=0.00 secs] 
1751.747: [GC (Allocation Failure) [PSYoungGen: 69536K->1469K(69120K)] 424011K->355945K(581632K), 0.0017246 secs] [Times: user=0.01 sys=0.00, real=0.00 secs] 
1751.868: [GC (Allocation Failure) [PSYoungGen: 69053K->1501K(68608K)] 423529K->355977K(581120K), 0.0017483 secs] [Times: user=0.01 sys=0.00, real=0.00 secs] 
1751.988: [GC (Allocation Failure) [PSYoungGen: 68573K->1501K(69120K)] 423049K->355977K(581632K), 0.0016384 secs] [Times: user=0.01 sys=0.00, real=0.00 secs] 
1752.107: [GC (Allocation Failure) [PSYoungGen: 69085K->1469K(69632K)] 423561K->355961K(582144K), 0.0018083 secs] [Times: user=0.01 sys=0.00, real=0.00 secs] 
1752.367: [GC (Allocation Failure) [PSYoungGen: 69053K->1440K(74752K)] 423545K->355931K(587264K), 0.0020271 secs] [Times: user=0.01 sys=0.00, real=0.00 secs] 
1752.700: [GC (Allocation Failure) [PSYoungGen: 74656K->1408K(74240K)] 429147K->355899K(586752K), 0.0019846 secs] [Times: user=0.00 sys=0.00, real=0.00 secs] 
1753.002: [GC (Allocation Failure) [PSYoungGen: 74112K->1440K(73728K)] 428603K->355931K(586240K), 0.0019199 secs] [Times: user=0.01 sys=0.00, real=0.00 secs] 
1753.447: [GC (Allocation Failure) [PSYoungGen: 73632K->1440K(73216K)] 428123K->355939K(585728K), 0.0021331 secs] [Times: user=0.01 sys=0.00, real=0.00 secs] 
1753.699: [GC (Allocation Failure) [PSYoungGen: 73120K->1501K(72704K)] 427619K->356001K(585216K), 0.0017296 secs] [Times: user=0.00 sys=0.00, real=0.00 secs] 
1753.826: [GC (Allocation Failure) [PSYoungGen: 72669K->1501K(72192K)] 427169K->356001K(584704K), 0.0018763 secs] [Times: user=0.01 sys=0.00, real=0.00 secs] 
1753.952: [GC (Allocation Failure) [PSYoungGen: 72157K->1520K(72704K)] 426657K->356020K(585216K), 0.0018716 secs] [Times: user=0.01 sys=0.00, real=0.00 secs] 
1754.211: [GC (Allocation Failure) [PSYoungGen: 72176K->1984K(72192K)] 426676K->356483K(584704K), 0.0020700 secs] [Times: user=0.01 sys=0.00, real=0.00 secs] 
1755.055: [GC (Allocation Failure) [PSYoungGen: 72128K->1408K(71168K)] 426627K->355907K(583680K), 0.0020938 secs] [Times: user=0.01 sys=0.00, real=0.00 secs] 
1756.241: [GC (Allocation Failure) [PSYoungGen: 71040K->1408K(70656K)] 425539K->355907K(583168K), 0.0029613 secs] [Times: user=0.01 sys=0.00, real=0.00 secs] 
1757.377: [GC (Allocation Failure) [PSYoungGen: 70528K->1376K(70144K)] 425027K->355875K(582656K), 0.0035519 secs] [Times: user=0.01 sys=0.00, real=0.00 secs] 
1758.465: [GC (Allocation Failure) [PSYoungGen: 69984K->1501K(69632K)] 424483K->356001K(582144K), 0.0027820 secs] [Times: user=0.01 sys=0.00, real=0.00 secs] 
1758.638: [GC (Allocation Failure) [PSYoungGen: 69597K->1533K(69120K)] 424097K->356033K(581632K), 0.0016860 secs] [Times: user=0.00 sys=0.00, real=0.00 secs] 
1758.757: [GC (Allocation Failure) [PSYoungGen: 69117K->1501K(68608K)] 423617K->356001K(581120K), 0.0017173 secs] [Times: user=0.01 sys=0.00, real=0.00 secs] 
1758.875: [GC (Allocation Failure) [PSYoungGen: 68573K->1504K(68096K)] 423073K->356028K(580608K), 0.0017237 secs] [Times: user=0.01 sys=0.00, real=0.00 secs] 
1759.132: [GC (Allocation Failure) [PSYoungGen: 68064K->1408K(67584K)] 422588K->355947K(580096K), 0.0023795 secs] [Times: user=0.01 sys=0.00, real=0.01 secs] 
1759.711: [GC (Allocation Failure) [PSYoungGen: 67456K->1424K(67072K)] 421995K->355963K(579584K), 0.0023280 secs] [Times: user=0.01 sys=0.00, real=0.00 secs] 
1760.427: [GC (Allocation Failure) [PSYoungGen: 66960K->1376K(66560K)] 421499K->355915K(579072K), 0.0043542 secs] [Times: user=0.01 sys=0.00, real=0.00 secs] 
1761.103: [GC (Allocation Failure) [PSYoungGen: 66400K->1376K(66048K)] 420939K->355915K(578560K), 0.0028173 secs] [Times: user=0.01 sys=0.00, real=0.01 secs] 
1761.672: [GC (Allocation Failure) [PSYoungGen: 65888K->1408K(65536K)] 420427K->355947K(578048K), 0.0025412 secs] [Times: user=0.01 sys=0.00, real=0.01 secs] 
1761.925: [GC (Allocation Failure) [PSYoungGen: 65408K->1504K(65024K)] 419947K->356044K(577536K), 0.0023416 secs] [Times: user=0.01 sys=0.00, real=0.00 secs] 
1762.065: [GC (Allocation Failure) [PSYoungGen: 64992K->1536K(65024K)] 419532K->356076K(577536K), 0.0017095 secs] [Times: user=0.01 sys=0.00, real=0.00 secs] 
1762.175: [GC (Allocation Failure) [PSYoungGen: 64512K->477K(62976K)] 419052K->356057K(575488K), 0.0017274 secs] [Times: user=0.01 sys=0.00, real=0.00 secs] 
1762.285: [GC (Allocation Failure) [PSYoungGen: 62941K->429K(64512K)] 418521K->356017K(577024K), 0.0015816 secs] [Times: user=0.01 sys=0.00, real=0.00 secs] 
1762.763: [GC (Allocation Failure) [PSYoungGen: 62893K->1440K(63488K)] 418481K->357027K(576000K), 0.0029941 secs] [Times: user=0.01 sys=0.00, real=0.01 secs] 
1763.014: [GC (Allocation Failure) [PSYoungGen: 63392K->1408K(62976K)] 418979K->356995K(575488K), 0.0020794 secs] [Times: user=0.00 sys=0.00, real=0.01 secs] 
1763.269: [GC (Allocation Failure) [PSYoungGen: 62848K->1408K(62464K)] 418435K->356995K(574976K), 0.0020696 secs] [Times: user=0.01 sys=0.00, real=0.00 secs] 
1763.605: [GC (Allocation Failure) [PSYoungGen: 62336K->1408K(61952K)] 417923K->356995K(574464K), 0.0019860 secs] [Times: user=0.01 sys=0.00, real=0.00 secs] 
1764.015: [GC (Allocation Failure) [PSYoungGen: 61824K->1469K(61440K)] 417411K->357057K(573952K), 0.0034650 secs] [Times: user=0.01 sys=0.00, real=0.00 secs] 
1764.205: [GC (Allocation Failure) [PSYoungGen: 61373K->1485K(60928K)] 416961K->357073K(573440K), 0.0021779 secs] [Times: user=0.01 sys=0.00, real=0.00 secs] 
1764.317: [GC (Allocation Failure) [PSYoungGen: 60877K->1501K(66048K)] 416465K->357105K(578560K), 0.0016612 secs] [Times: user=0.01 sys=0.00, real=0.00 secs] 
1764.431: [GC (Allocation Failure) [PSYoungGen: 66013K->1469K(66560K)] 421617K->357073K(579072K), 0.0016593 secs] [Times: user=0.01 sys=0.00, real=0.00 secs] 
1764.587: [GC (Allocation Failure) [PSYoungGen: 65981K->1952K(72192K)] 421585K->357555K(584704K), 0.0018896 secs] [Times: user=0.01 sys=0.00, real=0.00 secs] 
1765.163: [GC (Allocation Failure) [PSYoungGen: 72096K->1408K(72192K)] 427699K->357011K(584704K), 0.0032543 secs] [Times: user=0.01 sys=0.01, real=0.01 secs] 
1765.605: [GC (Allocation Failure) [PSYoungGen: 71552K->1376K(71168K)] 427155K->356979K(583680K), 0.0024026 secs] [Times: user=0.01 sys=0.00, real=0.00 secs] 
1766.270: [GC (Allocation Failure) [PSYoungGen: 71008K->1376K(70656K)] 426611K->356979K(583168K), 0.0025613 secs] [Times: user=0.01 sys=0.00, real=0.00 secs] 
1767.054: [GC (Allocation Failure) [PSYoungGen: 70496K->1533K(70144K)] 426099K->357137K(582656K), 0.0040797 secs] [Times: user=0.02 sys=0.00, real=0.01 secs] 
1767.289: [GC (Allocation Failure) [PSYoungGen: 70141K->1501K(69632K)] 425745K->357105K(582144K), 0.0023328 secs] [Times: user=0.01 sys=0.00, real=0.00 secs] 
1767.415: [GC (Allocation Failure) [PSYoungGen: 69597K->1533K(69120K)] 425201K->357161K(581632K), 0.0016914 secs] [Times: user=0.00 sys=0.01, real=0.00 secs] 
1767.534: [GC (Allocation Failure) [PSYoungGen: 69117K->1485K(75264K)] 424745K->357129K(587776K), 0.0017387 secs] [Times: user=0.00 sys=0.00, real=0.01 secs] 
1767.767: [GC (Allocation Failure) [PSYoungGen: 74701K->1472K(74240K)] 430345K->357115K(586752K), 0.0017740 secs] [Times: user=0.01 sys=0.00, real=0.00 secs] 
1768.072: [GC (Allocation Failure) [PSYoungGen: 74176K->1392K(73728K)] 429819K->357035K(586240K), 0.0025048 secs] [Times: user=0.01 sys=0.00, real=0.01 secs] 
1768.391: [GC (Allocation Failure) [PSYoungGen: 73584K->1376K(73216K)] 429227K->357019K(585728K), 0.0022117 secs] [Times: user=0.01 sys=0.00, real=0.00 secs] 
1768.728: [GC (Allocation Failure) [PSYoungGen: 73056K->1376K(72704K)] 428699K->357019K(585216K), 0.0021104 secs] [Times: user=0.01 sys=0.00, real=0.00 secs] 
1769.048: [GC (Allocation Failure) [PSYoungGen: 72544K->1453K(72192K)] 428187K->357097K(584704K), 0.0024301 secs] [Times: user=0.01 sys=0.00, real=0.00 secs] 
1769.260: [GC (Allocation Failure) [PSYoungGen: 72081K->1501K(71680K)] 427725K->357145K(584192K), 0.0025326 secs] [Times: user=0.01 sys=0.00, real=0.00 secs] 
1769.406: [GC (Allocation Failure) [PSYoungGen: 71637K->1469K(71168K)] 427281K->357137K(583680K), 0.0017672 secs] [Times: user=0.01 sys=0.00, real=0.00 secs] 
1769.548: [GC (Allocation Failure) [PSYoungGen: 71101K->1453K(71680K)] 426769K->357137K(584192K), 0.0019761 secs] [Times: user=0.01 sys=0.00, real=0.00 secs] 
1770.664: [GC (Allocation Failure) [PSYoungGen: 71085K->1440K(70656K)] 426769K->357123K(583168K), 0.0033320 secs] [Times: user=0.02 sys=0.00, real=0.00 secs] 
1771.270: [GC (Allocation Failure) [PSYoungGen: 70560K->1376K(70144K)] 426243K->357059K(582656K), 0.0024195 secs] [Times: user=0.01 sys=0.00, real=0.00 secs] 
1771.572: [GC (Allocation Failure) [PSYoungGen: 69984K->1344K(69632K)] 425667K->357027K(582144K), 0.0022075 secs] [Times: user=0.01 sys=0.00, real=0.01 secs] 
1771.870: [GC (Allocation Failure) [PSYoungGen: 69440K->1376K(69120K)] 425123K->357059K(581632K), 0.0020975 secs] [Times: user=0.00 sys=0.00, real=0.00 secs] 
1772.181: [GC (Allocation Failure) [PSYoungGen: 68960K->1533K(68608K)] 424643K->357217K(581120K), 0.0017148 secs] [Times: user=0.00 sys=0.00, real=0.00 secs] 
1772.300: [GC (Allocation Failure) [PSYoungGen: 68605K->1485K(68096K)] 424289K->357169K(580608K), 0.0018385 secs] [Times: user=0.01 sys=0.00, real=0.00 secs] 
1772.417: [GC (Allocation Failure) [PSYoungGen: 68045K->1440K(73728K)] 423729K->357124K(586240K), 0.0017320 secs] [Times: user=0.01 sys=0.00, real=0.00 secs] 
1772.545: [GC (Allocation Failure) [PSYoungGen: 73632K->1501K(74240K)] 429316K->357201K(586752K), 0.0017350 secs] [Times: user=0.01 sys=0.00, real=0.00 secs] 
1773.171: [GC (Allocation Failure) [PSYoungGen: 73693K->1440K(73216K)] 429393K->357139K(585728K), 0.0017977 secs] [Times: user=0.01 sys=0.01, real=0.00 secs] 
1773.711: [GC (Allocation Failure) [PSYoungGen: 73120K->1408K(72704K)] 428819K->357107K(585216K), 0.0020513 secs] [Times: user=0.00 sys=0.00, real=0.00 secs] 
1774.063: [GC (Allocation Failure) [PSYoungGen: 72576K->1376K(72192K)] 428275K->357075K(584704K), 0.0020472 secs] [Times: user=0.00 sys=0.00, real=0.01 secs] 
1774.655: [GC (Allocation Failure) [PSYoungGen: 72032K->1408K(71680K)] 427731K->357115K(584192K), 0.0017996 secs] [Times: user=0.00 sys=0.00, real=0.00 secs] 
1774.824: [GC (Allocation Failure) [PSYoungGen: 71552K->1533K(71168K)] 427259K->357265K(583680K), 0.0017336 secs] [Times: user=0.01 sys=0.00, real=0.01 secs] 
1774.946: [GC (Allocation Failure) [PSYoungGen: 71165K->1501K(70656K)] 426897K->357233K(583168K), 0.0017230 secs] [Times: user=0.01 sys=0.00, real=0.00 secs] 
1775.068: [GC (Allocation Failure) [PSYoungGen: 70621K->1472K(76288K)] 426353K->357204K(588800K), 0.0016579 secs] [Times: user=0.00 sys=0.00, real=0.00 secs] 
1775.320: [GC (Allocation Failure) [PSYoungGen: 76224K->1472K(75776K)] 431956K->357203K(588288K), 0.0019710 secs] [Times: user=0.01 sys=0.00, real=0.00 secs] 
1775.628: [GC (Allocation Failure) [PSYoungGen: 75712K->1376K(75264K)] 431443K->357107K(587776K), 0.0019062 secs] [Times: user=0.00 sys=0.00, real=0.00 secs] 
1776.231: [GC (Allocation Failure) [PSYoungGen: 75104K->1376K(74752K)] 430835K->357107K(587264K), 0.0022212 secs] [Times: user=0.01 sys=0.00, real=0.00 secs] 
1776.910: [GC (Allocation Failure) [PSYoungGen: 74592K->1408K(74240K)] 430323K->357139K(586752K), 0.0023980 secs] [Times: user=0.01 sys=0.00, real=0.00 secs] 
1777.330: [GC (Allocation Failure) [PSYoungGen: 74112K->1485K(73728K)] 429843K->357217K(586240K), 0.0021446 secs] [Times: user=0.01 sys=0.00, real=0.00 secs] 
1777.464: [GC (Allocation Failure) [PSYoungGen: 73677K->1501K(73216K)] 429409K->357233K(585728K), 0.0016961 secs] [Times: user=0.01 sys=0.00, real=0.01 secs] 
1777.589: [GC (Allocation Failure) [PSYoungGen: 73178K->1501K(72704K)] 428910K->357233K(585216K), 0.0016953 secs] [Times: user=0.01 sys=0.00, real=0.00 secs] 
1777.714: [GC (Allocation Failure) [PSYoungGen: 72669K->1533K(73216K)] 428401K->357265K(585728K), 0.0017106 secs] [Times: user=0.00 sys=0.00, real=0.00 secs] 
1778.021: [GC (Allocation Failure) [PSYoungGen: 72701K->1408K(72192K)] 428433K->357139K(584704K), 0.0018998 secs] [Times: user=0.00 sys=0.00, real=0.00 secs] 
1778.315: [GC (Allocation Failure) [PSYoungGen: 72064K->1376K(71680K)] 427795K->357107K(584192K), 0.0021035 secs] [Times: user=0.00 sys=0.00, real=0.00 secs] 
1778.606: [GC (Allocation Failure) [PSYoungGen: 71520K->1424K(71168K)] 427251K->357155K(583680K), 0.0020171 secs] [Times: user=0.01 sys=0.00, real=0.00 secs] 
1778.906: [GC (Allocation Failure) [PSYoungGen: 71056K->1408K(70656K)] 426787K->357163K(583168K), 0.0019344 secs] [Times: user=0.01 sys=0.00, real=0.00 secs] 
1779.061: [GC (Allocation Failure) [PSYoungGen: 70528K->1565K(70656K)] 426283K->357321K(583168K), 0.0018325 secs] [Times: user=0.01 sys=0.00, real=0.00 secs] 
1779.181: [GC (Allocation Failure) [PSYoungGen: 70167K->1501K(70656K)] 425923K->357257K(583168K), 0.0018219 secs] [Times: user=0.01 sys=0.00, real=0.00 secs] 
1779.303: [GC (Allocation Failure) [PSYoungGen: 70621K->1501K(71168K)] 426377K->357257K(583680K), 0.0017197 secs] [Times: user=0.01 sys=0.00, real=0.01 secs] 
1779.512: [GC (Allocation Failure) [PSYoungGen: 70621K->1408K(76288K)] 426377K->357179K(588800K), 0.0017481 secs] [Times: user=0.01 sys=0.00, real=0.00 secs] 
1780.164: [GC (Allocation Failure) [PSYoungGen: 76160K->1344K(75776K)] 431931K->357115K(588288K), 0.0018578 secs] [Times: user=0.00 sys=0.01, real=0.00 secs] 
1780.736: [GC (Allocation Failure) [PSYoungGen: 75584K->1408K(75264K)] 431355K->357179K(587776K), 0.0020778 secs] [Times: user=0.01 sys=0.00, real=0.00 secs] 
1781.419: [GC (Allocation Failure) [PSYoungGen: 75136K->1376K(74752K)] 430907K->357147K(587264K), 0.0021154 secs] [Times: user=0.01 sys=0.00, real=0.00 secs] 
1782.005: [GC (Allocation Failure) [PSYoungGen: 74592K->1485K(74240K)] 430363K->357257K(586752K), 0.0021725 secs] [Times: user=0.01 sys=0.00, real=0.00 secs] 
1782.154: [GC (Allocation Failure) [PSYoungGen: 74189K->1501K(73728K)] 429961K->357273K(586240K), 0.0017197 secs] [Times: user=0.01 sys=0.00, real=0.01 secs] 
1782.281: [GC (Allocation Failure) [PSYoungGen: 73693K->1469K(73216K)] 429465K->357241K(585728K), 0.0018054 secs] [Times: user=0.00 sys=0.00, real=0.00 secs] 
1782.406: [GC (Allocation Failure) [PSYoungGen: 73124K->1520K(73728K)] 428895K->357292K(586240K), 0.0025451 secs] [Times: user=0.01 sys=0.00, real=0.00 secs] 
1782.870: [GC (Allocation Failure) [PSYoungGen: 73200K->1408K(72704K)] 428972K->357187K(585216K), 0.0018634 secs] [Times: user=0.00 sys=0.00, real=0.00 secs] 
1783.224: [GC (Allocation Failure) [PSYoungGen: 72576K->1440K(72192K)] 428355K->357219K(584704K), 0.0019919 secs] [Times: user=0.01 sys=0.00, real=0.01 secs] 
1783.785: [GC (Allocation Failure) [PSYoungGen: 72096K->1408K(71680K)] 427875K->357187K(584192K), 0.0022487 secs] [Times: user=0.01 sys=0.00, real=0.00 secs] 
1784.362: [GC (Allocation Failure) [PSYoungGen: 71552K->1376K(71168K)] 427331K->357155K(583680K), 0.0024397 secs] [Times: user=0.01 sys=0.01, real=0.01 secs] 
1784.725: [GC (Allocation Failure) [PSYoungGen: 71008K->1501K(70656K)] 426787K->357281K(583168K), 0.0016139 secs] [Times: user=0.01 sys=0.00, real=0.00 secs] 
1784.847: [GC (Allocation Failure) [PSYoungGen: 70621K->1504K(70144K)] 426401K->357284K(582656K), 0.0018704 secs] [Times: user=0.01 sys=0.00, real=0.00 secs] 
1784.968: [GC (Allocation Failure) [PSYoungGen: 70105K->1501K(69632K)] 425885K->357281K(582144K), 0.0016555 secs] [Times: user=0.01 sys=0.00, real=0.00 secs] 
1785.189: [GC (Allocation Failure) [PSYoungGen: 69597K->1584K(69632K)] 425377K->357363K(582144K), 0.0021828 secs] [Times: user=0.00 sys=0.00, real=0.00 secs] 
1786.707: [GC (Allocation Failure) [PSYoungGen: 69168K->384K(67584K)] 424947K->357187K(580096K), 0.0050609 secs] [Times: user=0.02 sys=0.00, real=0.00 secs] 
1787.398: [GC (Allocation Failure) [PSYoungGen: 67456K->320K(68608K)] 424259K->357123K(581120K), 0.0048345 secs] [Times: user=0.02 sys=0.01, real=0.00 secs] 
1788.086: [GC (Allocation Failure) [PSYoungGen: 66880K->320K(66560K)] 423683K->357123K(579072K), 0.0031660 secs] [Times: user=0.01 sys=0.00, real=0.00 secs] 
1788.846: [GC (Allocation Failure) [PSYoungGen: 66368K->352K(66048K)] 423171K->357155K(578560K), 0.0028617 secs] [Times: user=0.01 sys=0.00, real=0.00 secs] 
1789.249: [GC (Allocation Failure) [PSYoungGen: 65888K->1453K(66560K)] 422691K->358257K(579072K), 0.0024569 secs] [Times: user=0.01 sys=0.00, real=0.00 secs] 
1789.382: [GC (Allocation Failure) [PSYoungGen: 66477K->1469K(66048K)] 423281K->358273K(578560K), 0.0018344 secs] [Times: user=0.01 sys=0.00, real=0.01 secs] 
1789.496: [GC (Allocation Failure) [PSYoungGen: 65981K->1469K(65536K)] 422785K->358273K(578048K), 0.0017075 secs] [Times: user=0.00 sys=0.00, real=0.00 secs] 
1789.609: [GC (Allocation Failure) [PSYoungGen: 65469K->1469K(69632K)] 422273K->358297K(582144K), 0.0016881 secs] [Times: user=0.01 sys=0.00, real=0.00 secs] 
1790.754: [GC (Allocation Failure) [PSYoungGen: 68541K->1424K(68096K)] 425369K->358251K(580608K), 0.0042747 secs] [Times: user=0.02 sys=0.00, real=0.00 secs] 
1791.735: [GC (Allocation Failure) [PSYoungGen: 67984K->1408K(67584K)] 424811K->358235K(580096K), 0.0042124 secs] [Times: user=0.02 sys=0.00, real=0.00 secs] 
1792.524: [GC (Allocation Failure) [PSYoungGen: 67456K->1376K(67072K)] 424283K->358203K(579584K), 0.0035517 secs] [Times: user=0.01 sys=0.00, real=0.01 secs] 
1793.060: [GC (Allocation Failure) [PSYoungGen: 66912K->1376K(66560K)] 423739K->358219K(579072K), 0.0033808 secs] [Times: user=0.02 sys=0.00, real=0.00 secs] 
1793.421: [GC (Allocation Failure) [PSYoungGen: 66372K->1437K(66048K)] 423216K->358281K(578560K), 0.0021255 secs] [Times: user=0.01 sys=0.00, real=0.00 secs] 
1793.544: [GC (Allocation Failure) [PSYoungGen: 65949K->1501K(65536K)] 422793K->358345K(578048K), 0.0019086 secs] [Times: user=0.01 sys=0.00, real=0.01 secs] 
1793.657: [GC (Allocation Failure) [PSYoungGen: 65501K->1533K(66560K)] 422345K->358417K(579072K), 0.0017212 secs] [Times: user=0.01 sys=0.00, real=0.00 secs] 
1793.771: [GC (Allocation Failure) [PSYoungGen: 66557K->1533K(67584K)] 423441K->358417K(580096K), 0.0016672 secs] [Times: user=0.00 sys=0.00, real=0.00 secs] 
1794.136: [GC (Allocation Failure) [PSYoungGen: 66557K->1440K(66048K)] 423441K->358323K(578560K), 0.0018695 secs] [Times: user=0.01 sys=0.00, real=0.00 secs] 
1794.654: [GC (Allocation Failure) [PSYoungGen: 65952K->1344K(65536K)] 422835K->358227K(578048K), 0.0020571 secs] [Times: user=0.01 sys=0.00, real=0.00 secs] 
1795.196: [GC (Allocation Failure) [PSYoungGen: 65344K->1376K(65024K)] 422227K->358259K(577536K), 0.0021227 secs] [Times: user=0.00 sys=0.00, real=0.00 secs] 
1795.729: [GC (Allocation Failure) [PSYoungGen: 64864K->1408K(64512K)] 421747K->358291K(577024K), 0.0024019 secs] [Times: user=0.01 sys=0.00, real=0.00 secs] 
1796.252: [GC (Allocation Failure) [PSYoungGen: 64384K->1437K(64000K)] 421267K->358321K(576512K), 0.0023049 secs] [Times: user=0.01 sys=0.00, real=0.00 secs] 
1796.395: [GC (Allocation Failure) [PSYoungGen: 63901K->1437K(63488K)] 420785K->358321K(576000K), 0.0017798 secs] [Times: user=0.01 sys=0.00, real=0.00 secs] 
1796.506: [GC (Allocation Failure) [PSYoungGen: 63389K->1501K(62976K)] 420273K->358385K(575488K), 0.0017501 secs] [Times: user=0.01 sys=0.00, real=0.00 secs] 
1796.614: [GC (Allocation Failure) [PSYoungGen: 62941K->1469K(68096K)] 419825K->358369K(580608K), 0.0018028 secs] [Times: user=0.00 sys=0.00, real=0.00 secs] 
1797.225: [GC (Allocation Failure) [PSYoungGen: 68029K->992K(67072K)] 424929K->358915K(579584K), 0.0023957 secs] [Times: user=0.01 sys=0.00, real=0.00 secs] 
1797.924: [GC (Allocation Failure) [PSYoungGen: 67040K->368K(66048K)] 424963K->358291K(578560K), 0.0022412 secs] [Times: user=0.01 sys=0.00, real=0.01 secs] 
1798.660: [GC (Allocation Failure) [PSYoungGen: 65904K->384K(66560K)] 423827K->358307K(579072K), 0.0023246 secs] [Times: user=0.01 sys=0.00, real=0.00 secs] 
1799.350: [GC (Allocation Failure) [PSYoungGen: 65408K->384K(66560K)] 423331K->358307K(579072K), 0.0020443 secs] [Times: user=0.01 sys=0.00, real=0.00 secs] 
1800.090: [GC (Allocation Failure) [PSYoungGen: 64896K->320K(66048K)] 422819K->358243K(578560K), 0.0030821 secs] [Times: user=0.01 sys=0.00, real=0.00 secs] 
1800.328: [GC (Allocation Failure) [PSYoungGen: 64320K->1501K(65024K)] 422243K->359425K(577536K), 0.0017783 secs] [Times: user=0.01 sys=0.00, real=0.00 secs] 
1800.440: [GC (Allocation Failure) [PSYoungGen: 64989K->1533K(65024K)] 422913K->359457K(577536K), 0.0018033 secs] [Times: user=0.00 sys=0.00, real=0.00 secs] 
1800.565: [GC (Allocation Failure) [PSYoungGen: 64509K->1469K(65536K)] 422433K->359401K(578048K), 0.0019740 secs] [Times: user=0.01 sys=0.00, real=0.00 secs] 
1800.707: [GC (Allocation Failure) [PSYoungGen: 64445K->1565K(70656K)] 422377K->359513K(583168K), 0.0019745 secs] [Times: user=0.01 sys=0.00, real=0.00 secs] 
1800.983: [GC (Allocation Failure) [PSYoungGen: 69661K->1408K(70656K)] 427609K->359355K(583168K), 0.0021828 secs] [Times: user=0.01 sys=0.00, real=0.01 secs] 
1801.266: [GC (Allocation Failure) [PSYoungGen: 69504K->1408K(69120K)] 427451K->359355K(581632K), 0.0022876 secs] [Times: user=0.01 sys=0.01, real=0.00 secs] 
1801.547: [GC (Allocation Failure) [PSYoungGen: 68992K->1408K(68608K)] 426939K->359355K(581120K), 0.0021069 secs] [Times: user=0.01 sys=0.00, real=0.00 secs] 
1801.828: [GC (Allocation Failure) [PSYoungGen: 68480K->1376K(68096K)] 426427K->359323K(580608K), 0.0020773 secs] [Times: user=0.00 sys=0.00, real=0.00 secs] 
1802.046: [GC (Allocation Failure) [PSYoungGen: 67936K->1469K(67584K)] 425883K->359417K(580096K), 0.0017294 secs] [Times: user=0.01 sys=0.00, real=0.00 secs] 
1802.164: [GC (Allocation Failure) [PSYoungGen: 67517K->1533K(67072K)] 425465K->359481K(579584K), 0.0016434 secs] [Times: user=0.00 sys=0.00, real=0.01 secs] 
1802.280: [GC (Allocation Failure) [PSYoungGen: 67069K->1517K(71168K)] 425017K->359481K(583680K), 0.0033946 secs] [Times: user=0.01 sys=0.00, real=0.00 secs] 
1802.401: [GC (Allocation Failure) [PSYoungGen: 70125K->1517K(74752K)] 428089K->359481K(587264K), 0.0016321 secs] [Times: user=0.01 sys=0.01, real=0.00 secs] 
1802.663: [GC (Allocation Failure) [PSYoungGen: 73709K->1376K(74752K)] 431673K->359339K(587264K), 0.0017678 secs] [Times: user=0.01 sys=0.00, real=0.01 secs] 
1802.962: [GC (Allocation Failure) [PSYoungGen: 73568K->1408K(79872K)] 431531K->359371K(592384K), 0.0016328 secs] [Times: user=0.00 sys=0.00, real=0.00 secs] 
1803.289: [GC (Allocation Failure) [PSYoungGen: 79744K->1408K(79360K)] 437707K->359371K(591872K), 0.0017225 secs] [Times: user=0.01 sys=0.00, real=0.00 secs] 
1803.954: [GC (Allocation Failure) [PSYoungGen: 78986K->288K(78848K)] 436950K->358251K(591360K), 0.0021388 secs] [Times: user=0.01 sys=0.00, real=0.00 secs] 
1804.190: [GC (Allocation Failure) [PSYoungGen: 77600K->1469K(78336K)] 435563K->359433K(590848K), 0.0022039 secs] [Times: user=0.01 sys=0.00, real=0.00 secs] 
1804.381: [GC (Allocation Failure) [PSYoungGen: 78269K->1488K(79360K)] 436233K->359452K(591872K), 0.0030413 secs] [Times: user=0.01 sys=0.00, real=0.00 secs] 
1804.547: [GC (Allocation Failure) [PSYoungGen: 78288K->1469K(79360K)] 436252K->359433K(591872K), 0.0016780 secs] [Times: user=0.00 sys=0.00, real=0.00 secs] 
1804.949: [GC (Allocation Failure) [PSYoungGen: 78269K->1440K(77824K)] 436233K->359403K(590336K), 0.0025531 secs] [Times: user=0.00 sys=0.00, real=0.00 secs] 
1805.449: [GC (Allocation Failure) [PSYoungGen: 77728K->1344K(77312K)] 435691K->359307K(589824K), 0.0022879 secs] [Times: user=0.01 sys=0.00, real=0.00 secs] 
1805.862: [GC (Allocation Failure) [PSYoungGen: 77120K->1376K(76800K)] 435083K->359339K(589312K), 0.0020907 secs] [Times: user=0.00 sys=0.00, real=0.01 secs] 
1806.455: [GC (Allocation Failure) [PSYoungGen: 76640K->1376K(76288K)] 434603K->359339K(588800K), 0.0024522 secs] [Times: user=0.01 sys=0.00, real=0.00 secs] 
1806.775: [GC (Allocation Failure) [PSYoungGen: 76128K->1533K(75776K)] 434091K->359497K(588288K), 0.0017290 secs] [Times: user=0.00 sys=0.00, real=0.00 secs] 
1806.906: [GC (Allocation Failure) [PSYoungGen: 75773K->1469K(75264K)] 433737K->359433K(587776K), 0.0018118 secs] [Times: user=0.00 sys=0.00, real=0.00 secs] 
1807.037: [GC (Allocation Failure) [PSYoungGen: 75197K->1501K(74752K)] 433161K->359465K(587264K), 0.0017406 secs] [Times: user=0.01 sys=0.00, real=0.00 secs] 
1807.546: [GC (Allocation Failure) [PSYoungGen: 74717K->1408K(74240K)] 432681K->359371K(586752K), 0.0022433 secs] [Times: user=0.01 sys=0.00, real=0.00 secs] 
1807.996: [GC (Allocation Failure) [PSYoungGen: 74112K->1344K(73728K)] 432075K->359307K(586240K), 0.0021917 secs] [Times: user=0.01 sys=0.00, real=0.00 secs] 
1808.632: [GC (Allocation Failure) [PSYoungGen: 73536K->1408K(73216K)] 431499K->359371K(585728K), 0.0022095 secs] [Times: user=0.01 sys=0.00, real=0.00 secs] 
1809.005: [GC (Allocation Failure) [PSYoungGen: 73088K->1408K(72704K)] 431051K->359371K(585216K), 0.0021284 secs] [Times: user=0.01 sys=0.00, real=0.00 secs] 
1809.406: [GC (Allocation Failure) [PSYoungGen: 72576K->1501K(72192K)] 430539K->359465K(584704K), 0.0018956 secs] [Times: user=0.01 sys=0.00, real=0.00 secs] 
1809.550: [GC (Allocation Failure) [PSYoungGen: 72157K->1517K(71680K)] 430121K->359481K(584192K), 0.0019356 secs] [Times: user=0.01 sys=0.00, real=0.00 secs] 
1809.709: [GC (Allocation Failure) [PSYoungGen: 71661K->1456K(71168K)] 429625K->359420K(583680K), 0.0022400 secs] [Times: user=0.01 sys=0.00, real=0.00 secs] 
1809.869: [GC (Allocation Failure) [PSYoungGen: 71088K->1469K(70656K)] 429052K->359457K(583168K), 0.0017273 secs] [Times: user=0.01 sys=0.00, real=0.00 secs] 
1810.279: [GC (Allocation Failure) [PSYoungGen: 70589K->1440K(70144K)] 428577K->359427K(582656K), 0.0021824 secs] [Times: user=0.01 sys=0.00, real=0.00 secs] 
1810.588: [GC (Allocation Failure) [PSYoungGen: 70048K->1376K(69632K)] 428035K->359363K(582144K), 0.0021179 secs] [Times: user=0.01 sys=0.00, real=0.00 secs] 
1810.958: [GC (Allocation Failure) [PSYoungGen: 69472K->1408K(69120K)] 427459K->359395K(581632K), 0.0022218 secs] [Times: user=0.00 sys=0.00, real=0.00 secs] 
1811.576: [GC (Allocation Failure) [PSYoungGen: 68992K->1408K(68608K)] 426979K->359395K(581120K), 0.0021571 secs] [Times: user=0.01 sys=0.00, real=0.00 secs] 
1811.931: [GC (Allocation Failure) [PSYoungGen: 68480K->1437K(68096K)] 426467K->359425K(580608K), 0.0016833 secs] [Times: user=0.01 sys=0.00, real=0.00 secs] 
1812.048: [GC (Allocation Failure) [PSYoungGen: 67997K->1504K(67584K)] 425985K->359492K(580096K), 0.0017493 secs] [Times: user=0.00 sys=0.00, real=0.00 secs] 
1812.163: [GC (Allocation Failure) [PSYoungGen: 67552K->1504K(72704K)] 425540K->359492K(585216K), 0.0018229 secs] [Times: user=0.01 sys=0.00, real=0.01 secs] 
1812.289: [GC (Allocation Failure) [PSYoungGen: 72672K->1469K(73728K)] 430660K->359473K(586240K), 0.0018571 secs] [Times: user=0.01 sys=0.00, real=0.00 secs] 
1813.912: [GC (Allocation Failure) [PSYoungGen: 73661K->1408K(73216K)] 431665K->359411K(585728K), 0.0030537 secs] [Times: user=0.01 sys=0.00, real=0.01 secs] 
1814.885: [GC (Allocation Failure) [PSYoungGen: 73088K->1376K(72704K)] 431091K->359387K(585216K), 0.0031344 secs] [Times: user=0.01 sys=0.00, real=0.00 secs] 
1815.836: [GC (Allocation Failure) [PSYoungGen: 72544K->1376K(72192K)] 430555K->359395K(584704K), 0.0026059 secs] [Times: user=0.01 sys=0.00, real=0.00 secs] 
1816.929: [GC (Allocation Failure) [PSYoungGen: 72032K->1501K(71680K)] 430051K->359521K(584192K), 0.0043129 secs] [Times: user=0.02 sys=0.00, real=0.00 secs] 
1817.147: [GC (Allocation Failure) [PSYoungGen: 71639K->1501K(71168K)] 429658K->359521K(583680K), 0.0021333 secs] [Times: user=0.01 sys=0.00, real=0.00 secs] 
1817.271: [GC (Allocation Failure) [PSYoungGen: 71133K->1533K(70656K)] 429153K->359561K(583168K), 0.0018813 secs] [Times: user=0.01 sys=0.00, real=0.00 secs] 
1817.394: [GC (Allocation Failure) [PSYoungGen: 70653K->1469K(70144K)] 428681K->359497K(582656K), 0.0016966 secs] [Times: user=0.01 sys=0.00, real=0.01 secs] 
1817.700: [GC (Allocation Failure) [PSYoungGen: 70077K->1424K(69632K)] 428105K->359467K(582144K), 0.0021420 secs] [Times: user=0.01 sys=0.00, real=0.00 secs] 
1817.983: [GC (Allocation Failure) [PSYoungGen: 69520K->1392K(69120K)] 427563K->359435K(581632K), 0.0021959 secs] [Times: user=0.01 sys=0.00, real=0.01 secs] 
1818.264: [GC (Allocation Failure) [PSYoungGen: 68976K->1392K(68608K)] 427019K->359435K(581120K), 0.0022777 secs] [Times: user=0.01 sys=0.00, real=0.00 secs] 
1818.545: [GC (Allocation Failure) [PSYoungGen: 68464K->1408K(68096K)] 426507K->359451K(580608K), 0.0021730 secs] [Times: user=0.01 sys=0.00, real=0.00 secs] 
1818.816: [GC (Allocation Failure) [PSYoungGen: 67968K->1472K(67584K)] 426011K->359516K(580096K), 0.0020501 secs] [Times: user=0.01 sys=0.00, real=0.00 secs] 
1818.937: [GC (Allocation Failure) [PSYoungGen: 67520K->1565K(67584K)] 425564K->359609K(580096K), 0.0017936 secs] [Times: user=0.01 sys=0.00, real=0.00 secs] 
1819.056: [GC (Allocation Failure) [PSYoungGen: 67101K->1533K(67584K)] 425145K->359577K(580096K), 0.0017037 secs] [Times: user=0.01 sys=0.00, real=0.00 secs] 
1819.176: [GC (Allocation Failure) [PSYoungGen: 67581K->1437K(68096K)] 425625K->359481K(580608K), 0.0017988 secs] [Times: user=0.00 sys=0.00, real=0.00 secs] 
1819.366: [GC (Allocation Failure) [PSYoungGen: 67485K->1440K(73216K)] 425529K->359483K(585728K), 0.0020275 secs] [Times: user=0.00 sys=0.00, real=0.00 secs] 
1819.663: [GC (Allocation Failure) [PSYoungGen: 73120K->1408K(73728K)] 431163K->359483K(586240K), 0.0019357 secs] [Times: user=0.01 sys=0.00, real=0.01 secs] 
1819.962: [GC (Allocation Failure) [PSYoungGen: 73088K->1376K(72704K)] 431163K->359451K(585216K), 0.0019181 secs] [Times: user=0.00 sys=0.00, real=0.01 secs] 
1820.258: [GC (Allocation Failure) [PSYoungGen: 72544K->1408K(72192K)] 430619K->359483K(584704K), 0.0020646 secs] [Times: user=0.01 sys=0.00, real=0.00 secs] 
1820.577: [GC (Allocation Failure) [PSYoungGen: 72064K->1501K(71680K)] 430139K->359577K(584192K), 0.0026272 secs] [Times: user=0.01 sys=0.00, real=0.00 secs] 
1820.758: [GC (Allocation Failure) [PSYoungGen: 71645K->1533K(71168K)] 429721K->359609K(583680K), 0.0017434 secs] [Times: user=0.01 sys=0.00, real=0.00 secs] 
1820.880: [GC (Allocation Failure) [PSYoungGen: 71165K->1469K(76800K)] 429241K->359545K(589312K), 0.0018330 secs] [Times: user=0.01 sys=0.00, real=0.00 secs] 
1821.012: [GC (Allocation Failure) [PSYoungGen: 76733K->1533K(77312K)] 434809K->359625K(589824K), 0.0017149 secs] [Times: user=0.01 sys=0.00, real=0.00 secs] 
1822.496: [GC (Allocation Failure) [PSYoungGen: 76797K->1456K(76288K)] 434889K->359547K(588800K), 0.0035858 secs] [Times: user=0.02 sys=0.00, real=0.00 secs] 
1823.423: [GC (Allocation Failure) [PSYoungGen: 76208K->1392K(75776K)] 434299K->359483K(588288K), 0.0025650 secs] [Times: user=0.01 sys=0.00, real=0.01 secs] 
1824.251: [GC (Allocation Failure) [PSYoungGen: 75632K->1376K(75264K)] 433723K->359467K(587776K), 0.0030667 secs] [Times: user=0.01 sys=0.00, real=0.01 secs] 
1824.995: [GC (Allocation Failure) [PSYoungGen: 75104K->1344K(74752K)] 433195K->359435K(587264K), 0.0029505 secs] [Times: user=0.01 sys=0.01, real=0.00 secs] 
1825.264: [GC (Allocation Failure) [PSYoungGen: 74560K->1504K(74240K)] 432651K->359596K(586752K), 0.0017607 secs] [Times: user=0.01 sys=0.00, real=0.00 secs] 
1825.393: [GC (Allocation Failure) [PSYoungGen: 74208K->1501K(73728K)] 432300K->359593K(586240K), 0.0016764 secs] [Times: user=0.00 sys=0.00, real=0.01 secs] 
1825.518: [GC (Allocation Failure) [PSYoungGen: 73693K->1469K(73216K)] 431785K->359561K(585728K), 0.0016657 secs] [Times: user=0.01 sys=0.00, real=0.00 secs] 
1825.853: [GC (Allocation Failure) [PSYoungGen: 73149K->1472K(72704K)] 431241K->359563K(585216K), 0.0021811 secs] [Times: user=0.01 sys=0.00, real=0.01 secs] 
1826.313: [GC (Allocation Failure) [PSYoungGen: 72640K->1408K(72192K)] 430731K->359499K(584704K), 0.0020525 secs] [Times: user=0.01 sys=0.00, real=0.01 secs] 
1826.607: [GC (Allocation Failure) [PSYoungGen: 72064K->1376K(71680K)] 430155K->359467K(584192K), 0.0020834 secs] [Times: user=0.01 sys=0.00, real=0.00 secs] 
1826.901: [GC (Allocation Failure) [PSYoungGen: 71520K->1408K(71168K)] 429611K->359499K(583680K), 0.0019304 secs] [Times: user=0.01 sys=0.00, real=0.00 secs] 
1827.386: [GC (Allocation Failure) [PSYoungGen: 71040K->1469K(70656K)] 429131K->359561K(583168K), 0.0021117 secs] [Times: user=0.01 sys=0.00, real=0.00 secs] 
1827.510: [GC (Allocation Failure) [PSYoungGen: 70579K->1501K(70144K)] 428671K->359593K(582656K), 0.0017355 secs] [Times: user=0.00 sys=0.00, real=0.00 secs] 
1827.630: [GC (Allocation Failure) [PSYoungGen: 70109K->1453K(69632K)] 428201K->359545K(582144K), 0.0017988 secs] [Times: user=0.01 sys=0.00, real=0.00 secs] 
1827.752: [GC (Allocation Failure) [PSYoungGen: 69549K->1485K(75264K)] 427641K->359577K(587776K), 0.0017096 secs] [Times: user=0.01 sys=0.00, real=0.00 secs] 
1828.457: [GC (Allocation Failure) [PSYoungGen: 75213K->1440K(74752K)] 433305K->359531K(587264K), 0.0022304 secs] [Times: user=0.01 sys=0.00, real=0.00 secs] 
1829.507: [GC (Allocation Failure) [PSYoungGen: 74656K->1424K(74240K)] 432747K->359515K(586752K), 0.0021367 secs] [Times: user=0.01 sys=0.00, real=0.00 secs] 
1830.441: [GC (Allocation Failure) [PSYoungGen: 74128K->1344K(73728K)] 432219K->359435K(586240K), 0.0041601 secs] [Times: user=0.02 sys=0.00, real=0.01 secs] 
1831.145: [GC (Allocation Failure) [PSYoungGen: 73536K->1344K(73216K)] 431627K->359459K(585728K), 0.0024266 secs] [Times: user=0.01 sys=0.00, real=0.00 secs] 
1831.442: [GC (Allocation Failure) [PSYoungGen: 73024K->1485K(72704K)] 431139K->359601K(585216K), 0.0023405 secs] [Times: user=0.01 sys=0.00, real=0.01 secs] 
1831.571: [GC (Allocation Failure) [PSYoungGen: 72653K->1469K(72192K)] 430769K->359585K(584704K), 0.0016808 secs] [Times: user=0.01 sys=0.00, real=0.00 secs] 
1831.696: [GC (Allocation Failure) [PSYoungGen: 72125K->1504K(71680K)] 430241K->359620K(584192K), 0.0017909 secs] [Times: user=0.00 sys=0.00, real=0.00 secs] 
1831.885: [GC (Allocation Failure) [PSYoungGen: 71648K->704K(72192K)] 429764K->359851K(584704K), 0.0022995 secs] [Times: user=0.01 sys=0.00, real=0.00 secs] 
1832.427: [GC (Allocation Failure) [PSYoungGen: 71360K->320K(70656K)] 430507K->359467K(583168K), 0.0022226 secs] [Times: user=0.01 sys=0.00, real=0.00 secs] 
1833.024: [GC (Allocation Failure) [PSYoungGen: 70464K->352K(71168K)] 429611K->359499K(583680K), 0.0021966 secs] [Times: user=0.01 sys=0.00, real=0.01 secs] 
1833.605: [GC (Allocation Failure) [PSYoungGen: 69984K->304K(69632K)] 429131K->359451K(582144K), 0.0023124 secs] [Times: user=0.01 sys=0.00, real=0.00 secs] 
1834.265: [GC (Allocation Failure) [PSYoungGen: 69424K->1405K(70144K)] 428571K->360553K(582656K), 0.0035378 secs] [Times: user=0.02 sys=0.00, real=0.00 secs] 
1834.449: [GC (Allocation Failure) [PSYoungGen: 70013K->1469K(70144K)] 429161K->360617K(582656K), 0.0023582 secs] [Times: user=0.00 sys=0.01, real=0.00 secs] 
1834.645: [GC (Allocation Failure) [PSYoungGen: 69565K->1517K(69632K)] 428713K->360665K(582144K), 0.0025003 secs] [Times: user=0.01 sys=0.00, real=0.00 secs] 
1834.845: [GC (Allocation Failure) [PSYoungGen: 69101K->1533K(68608K)] 428249K->360681K(581120K), 0.0024850 secs] [Times: user=0.01 sys=0.00, real=0.00 secs] 
1835.667: [GC (Allocation Failure) [PSYoungGen: 68605K->1440K(68608K)] 427753K->360587K(581120K), 0.0036237 secs] [Times: user=0.01 sys=0.00, real=0.00 secs] 
1836.418: [GC (Allocation Failure) [PSYoungGen: 68000K->1376K(67584K)] 427147K->360523K(580096K), 0.0035151 secs] [Times: user=0.01 sys=0.00, real=0.00 secs] 
1837.157: [GC (Allocation Failure) [PSYoungGen: 67424K->1376K(67584K)] 426571K->360523K(580096K), 0.0034512 secs] [Times: user=0.01 sys=0.00, real=0.00 secs] 
1837.886: [GC (Allocation Failure) [PSYoungGen: 66912K->1376K(66560K)] 426059K->360523K(579072K), 0.0038364 secs] [Times: user=0.01 sys=0.00, real=0.00 secs] 
1838.697: [GC (Allocation Failure) [PSYoungGen: 66400K->1360K(66048K)] 425547K->360507K(578560K), 0.0032198 secs] [Times: user=0.01 sys=0.00, real=0.00 secs] 
1838.898: [GC (Allocation Failure) [PSYoungGen: 65872K->1437K(65536K)] 425019K->360585K(578048K), 0.0018307 secs] [Times: user=0.01 sys=0.00, real=0.00 secs] 
1839.012: [GC (Allocation Failure) [PSYoungGen: 65409K->1501K(65024K)] 424557K->360649K(577536K), 0.0018123 secs] [Times: user=0.01 sys=0.00, real=0.01 secs] 
1839.126: [GC (Allocation Failure) [PSYoungGen: 64989K->1533K(65536K)] 424137K->360697K(578048K), 0.0018174 secs] [Times: user=0.01 sys=0.00, real=0.00 secs] 
1839.240: [GC (Allocation Failure) [PSYoungGen: 65021K->1501K(70656K)] 424185K->360665K(583168K), 0.0017455 secs] [Times: user=0.00 sys=0.00, real=0.00 secs] 
1840.617: [GC (Allocation Failure) [PSYoungGen: 70109K->1408K(69632K)] 429273K->360571K(582144K), 0.0029074 secs] [Times: user=0.01 sys=0.01, real=0.00 secs] 
1841.261: [GC (Allocation Failure) [PSYoungGen: 69504K->1408K(69120K)] 428667K->360571K(581632K), 0.0035781 secs] [Times: user=0.01 sys=0.00, real=0.01 secs] 
1842.351: [GC (Allocation Failure) [PSYoungGen: 68992K->1376K(68608K)] 428155K->360539K(581120K), 0.0045161 secs] [Times: user=0.02 sys=0.00, real=0.01 secs] 
1843.228: [GC (Allocation Failure) [PSYoungGen: 68448K->1376K(68096K)] 427611K->360563K(580608K), 0.0048785 secs] [Times: user=0.02 sys=0.00, real=0.00 secs] 
1843.621: [GC (Allocation Failure) [PSYoungGen: 67923K->1536K(68096K)] 427111K->360724K(580608K), 0.0023220 secs] [Times: user=0.00 sys=0.00, real=0.00 secs] 
1843.760: [GC (Allocation Failure) [PSYoungGen: 67584K->1520K(67072K)] 426772K->360708K(579584K), 0.0016707 secs] [Times: user=0.00 sys=0.00, real=0.00 secs] 
1843.875: [GC (Allocation Failure) [PSYoungGen: 67041K->1533K(66560K)] 426229K->360737K(579072K), 0.0018656 secs] [Times: user=0.01 sys=0.00, real=0.00 secs] 
1843.990: [GC (Allocation Failure) [PSYoungGen: 66557K->1485K(67072K)] 425761K->360689K(579584K), 0.0016474 secs] [Times: user=0.01 sys=0.00, real=0.00 secs] 
1844.577: [GC (Allocation Failure) [PSYoungGen: 67021K->1456K(66560K)] 426225K->360659K(579072K), 0.0022972 secs] [Times: user=0.01 sys=0.00, real=0.00 secs] 
1845.144: [GC (Allocation Failure) [PSYoungGen: 66480K->1344K(66048K)] 425683K->360547K(578560K), 0.0033308 secs] [Times: user=0.01 sys=0.00, real=0.00 secs] 
1845.685: [GC (Allocation Failure) [PSYoungGen: 65856K->1376K(65536K)] 425059K->360579K(578048K), 0.0030839 secs] [Times: user=0.02 sys=0.00, real=0.00 secs] 
1846.250: [GC (Allocation Failure) [PSYoungGen: 65376K->1424K(65024K)] 424579K->360627K(577536K), 0.0026674 secs] [Times: user=0.01 sys=0.00, real=0.00 secs] 
1846.736: [GC (Allocation Failure) [PSYoungGen: 64912K->1469K(64512K)] 424115K->360673K(577024K), 0.0022579 secs] [Times: user=0.01 sys=0.00, real=0.00 secs] 
1846.870: [GC (Allocation Failure) [PSYoungGen: 64445K->1472K(64000K)] 423649K->360676K(576512K), 0.0019115 secs] [Times: user=0.00 sys=0.00, real=0.00 secs] 
1846.981: [GC (Allocation Failure) [PSYoungGen: 63936K->1533K(64512K)] 423140K->360737K(577024K), 0.0018255 secs] [Times: user=0.01 sys=0.00, real=0.00 secs] 
1847.091: [GC (Allocation Failure) [PSYoungGen: 63997K->1533K(69632K)] 423201K->360753K(582144K), 0.0017969 secs] [Times: user=0.01 sys=0.00, real=0.00 secs] 
1847.279: [GC (Allocation Failure) [PSYoungGen: 69117K->1456K(69632K)] 428337K->360675K(582144K), 0.0017157 secs] [Times: user=0.00 sys=0.00, real=0.00 secs] 
1848.046: [GC (Allocation Failure) [PSYoungGen: 69040K->1376K(68608K)] 428259K->360595K(581120K), 0.0022085 secs] [Times: user=0.01 sys=0.00, real=0.00 secs] 
1848.879: [GC (Allocation Failure) [PSYoungGen: 68448K->1408K(68096K)] 427667K->360627K(580608K), 0.0042267 secs] [Times: user=0.02 sys=0.00, real=0.00 secs] 
1849.699: [GC (Allocation Failure) [PSYoungGen: 67968K->1376K(67584K)] 427187K->360595K(580096K), 0.0036892 secs] [Times: user=0.01 sys=0.00, real=0.00 secs] 
1850.472: [GC (Allocation Failure) [PSYoungGen: 67424K->1533K(67072K)] 426643K->360753K(579584K), 0.0032150 secs] [Times: user=0.01 sys=0.00, real=0.01 secs] 
1850.660: [GC (Allocation Failure) [PSYoungGen: 67069K->1485K(66560K)] 426289K->360705K(579072K), 0.0017269 secs] [Times: user=0.01 sys=0.00, real=0.00 secs] 
1850.774: [GC (Allocation Failure) [PSYoungGen: 66509K->1501K(66048K)] 425729K->360721K(578560K), 0.0018343 secs] [Times: user=0.01 sys=0.00, real=0.01 secs] 
1850.886: [GC (Allocation Failure) [PSYoungGen: 66013K->1472K(71680K)] 425233K->360716K(584192K), 0.0016763 secs] [Times: user=0.01 sys=0.00, real=0.00 secs] 
1851.073: [GC (Allocation Failure) [PSYoungGen: 71616K->1408K(72192K)] 430860K->360651K(584704K), 0.0020039 secs] [Times: user=0.01 sys=0.00, real=0.01 secs] 
1851.772: [GC (Allocation Failure) [PSYoungGen: 71552K->1408K(71168K)] 430795K->360651K(583680K), 0.0019430 secs] [Times: user=0.00 sys=0.00, real=0.00 secs] 
1852.616: [GC (Allocation Failure) [PSYoungGen: 71040K->1344K(70656K)] 430283K->360587K(583168K), 0.0036564 secs] [Times: user=0.01 sys=0.01, real=0.00 secs] 
1853.484: [GC (Allocation Failure) [PSYoungGen: 70464K->1344K(70144K)] 429707K->360587K(582656K), 0.0047326 secs] [Times: user=0.02 sys=0.00, real=0.00 secs] 
1854.375: [GC (Allocation Failure) [PSYoungGen: 69952K->1469K(69632K)] 429195K->360713K(582144K), 0.0027473 secs] [Times: user=0.01 sys=0.00, real=0.00 secs] 
1854.564: [GC (Allocation Failure) [PSYoungGen: 69565K->1469K(69120K)] 428809K->360713K(581632K), 0.0017352 secs] [Times: user=0.01 sys=0.00, real=0.00 secs] 
1854.683: [GC (Allocation Failure) [PSYoungGen: 69053K->1533K(68608K)] 428297K->360777K(581120K), 0.0016764 secs] [Times: user=0.01 sys=0.00, real=0.01 secs] 
1854.801: [GC (Allocation Failure) [PSYoungGen: 68605K->1504K(68096K)] 427849K->360764K(580608K), 0.0016891 secs] [Times: user=0.01 sys=0.00, real=0.00 secs] 
1855.033: [GC (Allocation Failure) [PSYoungGen: 68064K->1408K(73728K)] 427324K->360667K(586240K), 0.0027099 secs] [Times: user=0.01 sys=0.00, real=0.01 secs] 
1855.335: [GC (Allocation Failure) [PSYoungGen: 73600K->1376K(73216K)] 432859K->360635K(585728K), 0.0022774 secs] [Times: user=0.01 sys=0.00, real=0.00 secs] 
1855.705: [GC (Allocation Failure) [PSYoungGen: 73056K->1376K(72704K)] 432315K->360635K(585216K), 0.0023367 secs] [Times: user=0.01 sys=0.00, real=0.00 secs] 
1856.001: [GC (Allocation Failure) [PSYoungGen: 72544K->1312K(72192K)] 431803K->360571K(584704K), 0.0022053 secs] [Times: user=0.01 sys=0.00, real=0.00 secs] 
1856.268: [GC (Allocation Failure) [PSYoungGen: 71968K->1469K(71680K)] 431227K->360737K(584192K), 0.0017090 secs] [Times: user=0.01 sys=0.00, real=0.00 secs] 
1856.391: [GC (Allocation Failure) [PSYoungGen: 71613K->1501K(71168K)] 430881K->360769K(583680K), 0.0017413 secs] [Times: user=0.01 sys=0.00, real=0.00 secs] 
1856.513: [GC (Allocation Failure) [PSYoungGen: 71133K->1501K(71680K)] 430401K->360769K(584192K), 0.0017306 secs] [Times: user=0.01 sys=0.00, real=0.01 secs] 
1856.635: [GC (Allocation Failure) [PSYoungGen: 71133K->1437K(77824K)] 430401K->360721K(590336K), 0.0016494 secs] [Times: user=0.00 sys=0.00, real=0.00 secs] 
1857.358: [GC (Allocation Failure) [PSYoungGen: 77213K->1408K(76800K)] 436497K->360691K(589312K), 0.0035569 secs] [Times: user=0.02 sys=0.00, real=0.00 secs] 
1857.955: [GC (Allocation Failure) [PSYoungGen: 76672K->1376K(76288K)] 435955K->360659K(588800K), 0.0026606 secs] [Times: user=0.01 sys=0.00, real=0.00 secs] 
1858.527: [GC (Allocation Failure) [PSYoungGen: 76128K->1344K(75776K)] 435411K->360627K(588288K), 0.0026832 secs] [Times: user=0.01 sys=0.00, real=0.00 secs] 
1859.167: [GC (Allocation Failure) [PSYoungGen: 75584K->1453K(75264K)] 434867K->360737K(587776K), 0.0026020 secs] [Times: user=0.01 sys=0.00, real=0.00 secs] 
1859.332: [GC (Allocation Failure) [PSYoungGen: 75157K->1504K(74752K)] 434441K->360812K(587264K), 0.0017249 secs] [Times: user=0.01 sys=0.00, real=0.00 secs] 
1859.460: [GC (Allocation Failure) [PSYoungGen: 74720K->1469K(74240K)] 434028K->360777K(586752K), 0.0018194 secs] [Times: user=0.01 sys=0.00, real=0.00 secs] 
1859.588: [GC (Allocation Failure) [PSYoungGen: 74173K->1421K(74752K)] 433481K->360729K(587264K), 0.0016894 secs] [Times: user=0.01 sys=0.00, real=0.00 secs] 
1860.097: [GC (Allocation Failure) [PSYoungGen: 74125K->1440K(73728K)] 433433K->360747K(586240K), 0.0022431 secs] [Times: user=0.01 sys=0.00, real=0.00 secs] 
1860.754: [GC (Allocation Failure) [PSYoungGen: 73632K->1344K(73216K)] 432939K->360651K(585728K), 0.0033638 secs] [Times: user=0.02 sys=0.00, real=0.01 secs] 
1861.069: [GC (Allocation Failure) [PSYoungGen: 73024K->1344K(72704K)] 432331K->360651K(585216K), 0.0022014 secs] [Times: user=0.01 sys=0.00, real=0.00 secs] 
1861.383: [GC (Allocation Failure) [PSYoungGen: 72512K->1376K(72192K)] 431819K->360683K(584704K), 0.0023070 secs] [Times: user=0.01 sys=0.00, real=0.01 secs] 
1861.764: [GC (Allocation Failure) [PSYoungGen: 72032K->1501K(71680K)] 431339K->360817K(584192K), 0.0016097 secs] [Times: user=0.01 sys=0.00, real=0.00 secs] 
1861.886: [GC (Allocation Failure) [PSYoungGen: 71645K->1533K(71168K)] 430961K->360849K(583680K), 0.0017089 secs] [Times: user=0.01 sys=0.00, real=0.00 secs] 
1862.008: [GC (Allocation Failure) [PSYoungGen: 71165K->1533K(70656K)] 430481K->360849K(583168K), 0.0016124 secs] [Times: user=0.00 sys=0.00, real=0.00 secs] 
1862.150: [GC (Allocation Failure) [PSYoungGen: 70653K->1485K(76288K)] 429969K->360801K(588800K), 0.0020495 secs] [Times: user=0.01 sys=0.00, real=0.00 secs] 
1863.051: [GC (Allocation Failure) [PSYoungGen: 76237K->1376K(75776K)] 435553K->360691K(588288K), 0.0023770 secs] [Times: user=0.01 sys=0.00, real=0.00 secs] 
1864.202: [GC (Allocation Failure) [PSYoungGen: 75616K->1344K(75264K)] 434931K->360659K(587776K), 0.0029228 secs] [Times: user=0.01 sys=0.00, real=0.01 secs] 
1865.319: [GC (Allocation Failure) [PSYoungGen: 75072K->1376K(74752K)] 434387K->360691K(587264K), 0.0034074 secs] [Times: user=0.02 sys=0.00, real=0.00 secs] 
1866.525: [GC (Allocation Failure) [PSYoungGen: 74592K->1469K(74240K)] 433907K->360785K(586752K), 0.0043399 secs] [Times: user=0.02 sys=0.00, real=0.00 secs] 
1866.752: [GC (Allocation Failure) [PSYoungGen: 74173K->1501K(73728K)] 433489K->360817K(586240K), 0.0021453 secs] [Times: user=0.01 sys=0.00, real=0.01 secs] 
1866.881: [GC (Allocation Failure) [PSYoungGen: 73693K->1469K(73216K)] 433009K->360785K(585728K), 0.0016938 secs] [Times: user=0.01 sys=0.00, real=0.00 secs] 
1867.006: [GC (Allocation Failure) [PSYoungGen: 73149K->1437K(72704K)] 432465K->360753K(585216K), 0.0017404 secs] [Times: user=0.01 sys=0.00, real=0.00 secs] 
1867.271: [GC (Allocation Failure) [PSYoungGen: 72605K->1440K(72192K)] 431921K->360755K(584704K), 0.0020838 secs] [Times: user=0.01 sys=0.00, real=0.00 secs] 
1867.564: [GC (Allocation Failure) [PSYoungGen: 72096K->1392K(71680K)] 431411K->360707K(584192K), 0.0021312 secs] [Times: user=0.01 sys=0.00, real=0.00 secs] 
1867.869: [GC (Allocation Failure) [PSYoungGen: 71536K->1392K(71168K)] 430851K->360707K(583680K), 0.0022142 secs] [Times: user=0.01 sys=0.00, real=0.00 secs] 
1868.295: [GC (Allocation Failure) [PSYoungGen: 71024K->1376K(70656K)] 430339K->360691K(583168K), 0.0020356 secs] [Times: user=0.01 sys=0.00, real=0.00 secs] 
1868.794: [GC (Allocation Failure) [PSYoungGen: 70496K->1469K(70144K)] 429811K->360785K(582656K), 0.0017094 secs] [Times: user=0.00 sys=0.01, real=0.01 secs] 
1868.932: [GC (Allocation Failure) [PSYoungGen: 70077K->1565K(70144K)] 429393K->360881K(582656K), 0.0019761 secs] [Times: user=0.01 sys=0.00, real=0.01 secs] 
1869.082: [GC (Allocation Failure) [PSYoungGen: 69661K->1453K(70656K)] 428977K->360769K(583168K), 0.0025142 secs] [Times: user=0.01 sys=0.00, real=0.01 secs] 
1869.206: [GC (Allocation Failure) [PSYoungGen: 70061K->1533K(75776K)] 429377K->360849K(588288K), 0.0020190 secs] [Times: user=0.01 sys=0.00, real=0.00 secs] 
1869.713: [GC (Allocation Failure) [PSYoungGen: 75261K->1440K(74752K)] 434577K->360755K(587264K), 0.0021711 secs] [Times: user=0.01 sys=0.00, real=0.01 secs] 
1870.018: [GC (Allocation Failure) [PSYoungGen: 74656K->1408K(74240K)] 433971K->360723K(586752K), 0.0022292 secs] [Times: user=0.01 sys=0.00, real=0.00 secs] 
1870.489: [GC (Allocation Failure) [PSYoungGen: 74112K->1408K(73728K)] 433427K->360747K(586240K), 0.0022447 secs] [Times: user=0.01 sys=0.00, real=0.00 secs] 
1871.031: [GC (Allocation Failure) [PSYoungGen: 73600K->1376K(73216K)] 432939K->360715K(585728K), 0.0023610 secs] [Times: user=0.01 sys=0.00, real=0.00 secs] 
1871.285: [GC (Allocation Failure) [PSYoungGen: 73056K->1504K(72704K)] 432395K->360844K(585216K), 0.0016747 secs] [Times: user=0.00 sys=0.00, real=0.00 secs] 
1871.410: [GC (Allocation Failure) [PSYoungGen: 72672K->1472K(72192K)] 432012K->360812K(584704K), 0.0016699 secs] [Times: user=0.01 sys=0.00, real=0.00 secs] 
1871.534: [GC (Allocation Failure) [PSYoungGen: 72128K->1437K(71680K)] 431468K->360777K(584192K), 0.0017048 secs] [Times: user=0.01 sys=0.00, real=0.00 secs] 
1871.759: [GC (Allocation Failure) [PSYoungGen: 71581K->1408K(71168K)] 430921K->360747K(583680K), 0.0021684 secs] [Times: user=0.01 sys=0.00, real=0.00 secs] 
1872.071: [GC (Allocation Failure) [PSYoungGen: 71040K->1360K(70656K)] 430379K->360699K(583168K), 0.0021248 secs] [Times: user=0.01 sys=0.00, real=0.00 secs] 
1872.425: [GC (Allocation Failure) [PSYoungGen: 70480K->1424K(70144K)] 429819K->360763K(582656K), 0.0027031 secs] [Times: user=0.01 sys=0.00, real=0.00 secs] 
1872.756: [GC (Allocation Failure) [PSYoungGen: 70032K->1408K(69632K)] 429371K->360747K(582144K), 0.0022377 secs] [Times: user=0.01 sys=0.00, real=0.00 secs] 
1873.025: [GC (Allocation Failure) [PSYoungGen: 69504K->1453K(69120K)] 428843K->360793K(581632K), 0.0020638 secs] [Times: user=0.01 sys=0.00, real=0.00 secs] 
1873.147: [GC (Allocation Failure) [PSYoungGen: 69037K->1485K(68608K)] 428377K->360825K(581120K), 0.0016739 secs] [Times: user=0.01 sys=0.00, real=0.00 secs] 
1873.265: [GC (Allocation Failure) [PSYoungGen: 68557K->1533K(69120K)] 427897K->360873K(581632K), 0.0017812 secs] [Times: user=0.01 sys=0.00, real=0.00 secs] 
1873.401: [GC (Allocation Failure) [PSYoungGen: 68605K->1472K(69120K)] 427945K->360812K(581632K), 0.0019471 secs] [Times: user=0.01 sys=0.00, real=0.00 secs] 
1873.747: [GC (Allocation Failure) [PSYoungGen: 68544K->1376K(74240K)] 427884K->360723K(586752K), 0.0022157 secs] [Times: user=0.01 sys=0.00, real=0.00 secs] 
1874.409: [GC (Allocation Failure) [PSYoungGen: 74080K->1344K(73728K)] 433427K->360691K(586240K), 0.0028077 secs] [Times: user=0.02 sys=0.00, real=0.00 secs] 
1875.115: [GC (Allocation Failure) [PSYoungGen: 73536K->1376K(73216K)] 432883K->360723K(585728K), 0.0036410 secs] [Times: user=0.02 sys=0.00, real=0.00 secs] 
1875.746: [GC (Allocation Failure) [PSYoungGen: 73056K->1408K(72704K)] 432403K->360755K(585216K), 0.0034652 secs] [Times: user=0.01 sys=0.00, real=0.00 secs] 
1876.119: [GC (Allocation Failure) [PSYoungGen: 72576K->1501K(72192K)] 431923K->360849K(584704K), 0.0023032 secs] [Times: user=0.01 sys=0.00, real=0.00 secs] 
1876.261: [GC (Allocation Failure) [PSYoungGen: 72157K->1501K(71680K)] 431505K->360849K(584192K), 0.0017652 secs] [Times: user=0.01 sys=0.00, real=0.00 secs] 
1876.384: [GC (Allocation Failure) [PSYoungGen: 71645K->1549K(71680K)] 430993K->360897K(584192K), 0.0016596 secs] [Times: user=0.01 sys=0.00, real=0.01 secs] 
1876.506: [GC (Allocation Failure) [PSYoungGen: 71181K->1533K(72192K)] 430529K->360889K(584704K), 0.0017693 secs] [Times: user=0.01 sys=0.00, real=0.00 secs] 
1877.019: [GC (Allocation Failure) [PSYoungGen: 71677K->1408K(71168K)] 431033K->360763K(583680K), 0.0020982 secs] [Times: user=0.00 sys=0.00, real=0.00 secs] 
1877.617: [GC (Allocation Failure) [PSYoungGen: 71040K->1440K(70656K)] 430395K->360795K(583168K), 0.0047261 secs] [Times: user=0.02 sys=0.00, real=0.00 secs] 
1878.172: [GC (Allocation Failure) [PSYoungGen: 70560K->1424K(70144K)] 429915K->360779K(582656K), 0.0023885 secs] [Times: user=0.01 sys=0.00, real=0.01 secs] 
1878.449: [GC (Allocation Failure) [PSYoungGen: 70032K->1408K(69632K)] 429387K->360763K(582144K), 0.0023011 secs] [Times: user=0.00 sys=0.01, real=0.00 secs] 
1878.654: [GC (Allocation Failure) [PSYoungGen: 69504K->1469K(69120K)] 428859K->360825K(581632K), 0.0015696 secs] [Times: user=0.00 sys=0.00, real=0.00 secs] 
1878.794: [GC (Allocation Failure) [PSYoungGen: 69038K->1485K(68608K)] 428394K->360841K(581120K), 0.0022251 secs] [Times: user=0.01 sys=0.00, real=0.00 secs] 
1878.975: [GC (Allocation Failure) [PSYoungGen: 68557K->1501K(74240K)] 427913K->360857K(586752K), 0.0040374 secs] [Times: user=0.02 sys=0.00, real=0.00 secs] 
1879.145: [GC (Allocation Failure) [PSYoungGen: 74205K->1469K(74752K)] 433561K->360841K(587264K), 0.0016902 secs] [Times: user=0.01 sys=0.00, real=0.00 secs] 
1879.734: [GC (Allocation Failure) [PSYoungGen: 74173K->1472K(80384K)] 433545K->360843K(592896K), 0.0038447 secs] [Times: user=0.02 sys=0.01, real=0.01 secs] 
1880.341: [GC (Allocation Failure) [PSYoungGen: 80320K->1408K(79872K)] 439691K->360795K(592384K), 0.0029700 secs] [Times: user=0.01 sys=0.00, real=0.00 secs] 
1880.668: [GC (Allocation Failure) [PSYoungGen: 79744K->1376K(79360K)] 439131K->360763K(591872K), 0.0020818 secs] [Times: user=0.01 sys=0.00, real=0.00 secs] 
1880.953: [GC (Allocation Failure) [PSYoungGen: 79200K->1469K(78848K)] 438587K->360857K(591360K), 0.0017257 secs] [Times: user=0.01 sys=0.00, real=0.01 secs] 
1881.093: [GC (Allocation Failure) [PSYoungGen: 78781K->1501K(78336K)] 438169K->360889K(590848K), 0.0018611 secs] [Times: user=0.01 sys=0.00, real=0.01 secs] 
1881.230: [GC (Allocation Failure) [PSYoungGen: 78301K->1469K(78848K)] 437689K->360857K(591360K), 0.0018405 secs] [Times: user=0.01 sys=0.00, real=0.00 secs] 
1881.367: [GC (Allocation Failure) [PSYoungGen: 78269K->1485K(84992K)] 437657K->360873K(597504K), 0.0020257 secs] [Times: user=0.01 sys=0.00, real=0.00 secs] 
1881.772: [GC (Allocation Failure) [PSYoungGen: 84429K->1408K(83968K)] 443817K->360803K(596480K), 0.0022266 secs] [Times: user=0.01 sys=0.00, real=0.01 secs] 
1882.138: [GC (Allocation Failure) [PSYoungGen: 83840K->1360K(83456K)] 443235K->360755K(595968K), 0.0022189 secs] [Times: user=0.00 sys=0.00, real=0.00 secs] 
1882.478: [GC (Allocation Failure) [PSYoungGen: 83280K->1440K(82944K)] 442675K->360835K(595456K), 0.0022225 secs] [Times: user=0.01 sys=0.00, real=0.00 secs] 
1882.768: [GC (Allocation Failure) [PSYoungGen: 82848K->1472K(82432K)] 442243K->360868K(594944K), 0.0018313 secs] [Times: user=0.01 sys=0.00, real=0.00 secs] 
1882.910: [GC (Allocation Failure) [PSYoungGen: 82368K->1469K(81920K)] 441764K->360865K(594432K), 0.0018105 secs] [Times: user=0.00 sys=0.00, real=0.00 secs] 
1883.072: [GC (Allocation Failure) [PSYoungGen: 81853K->1469K(81408K)] 441249K->360865K(593920K), 0.0019555 secs] [Times: user=0.00 sys=0.00, real=0.00 secs] 
1883.346: [GC (Allocation Failure) [PSYoungGen: 81341K->1408K(80896K)] 440737K->360803K(593408K), 0.0021967 secs] [Times: user=0.01 sys=0.00, real=0.00 secs] 
1883.698: [GC (Allocation Failure) [PSYoungGen: 80768K->1392K(80384K)] 440163K->360787K(592896K), 0.0020921 secs] [Times: user=0.01 sys=0.00, real=0.00 secs] 
1884.170: [GC (Allocation Failure) [PSYoungGen: 80240K->1424K(79872K)] 439635K->360819K(592384K), 0.0022182 secs] [Times: user=0.01 sys=0.00, real=0.00 secs] 
1884.801: [GC (Allocation Failure) [PSYoungGen: 79760K->1344K(79360K)] 439155K->360739K(591872K), 0.0042898 secs] [Times: user=0.01 sys=0.00, real=0.01 secs] 
1885.197: [GC (Allocation Failure) [PSYoungGen: 79168K->1469K(78848K)] 438563K->360865K(591360K), 0.0023383 secs] [Times: user=0.01 sys=0.00, real=0.00 secs] 
1885.393: [GC (Allocation Failure) [PSYoungGen: 78781K->1469K(78336K)] 438177K->360865K(590848K), 0.0022101 secs] [Times: user=0.01 sys=0.00, real=0.01 secs] 
1885.545: [GC (Allocation Failure) [PSYoungGen: 78269K->1565K(78336K)] 437665K->360961K(590848K), 0.0019339 secs] [Times: user=0.01 sys=0.00, real=0.00 secs] 
1887.057: [GC (Allocation Failure) [PSYoungGen: 77853K->1408K(77312K)] 437249K->360803K(589824K), 0.0047318 secs] [Times: user=0.02 sys=0.00, real=0.00 secs] 
1888.228: [GC (Allocation Failure) [PSYoungGen: 77184K->1408K(76800K)] 436579K->360803K(589312K), 0.0050016 secs] [Times: user=0.02 sys=0.00, real=0.00 secs] 
1888.953: [GC (Allocation Failure) [PSYoungGen: 76672K->1408K(76288K)] 436067K->360803K(588800K), 0.0028125 secs] [Times: user=0.02 sys=0.00, real=0.01 secs] 
1889.524: [GC (Allocation Failure) [PSYoungGen: 76160K->1424K(75776K)] 435555K->360819K(588288K), 0.0047400 secs] [Times: user=0.02 sys=0.00, real=0.01 secs] 
1889.955: [GC (Allocation Failure) [PSYoungGen: 75664K->1533K(75264K)] 435059K->360929K(587776K), 0.0021873 secs] [Times: user=0.00 sys=0.00, real=0.00 secs] 
1890.102: [GC (Allocation Failure) [PSYoungGen: 75261K->1533K(74752K)] 434657K->360929K(587264K), 0.0019234 secs] [Times: user=0.01 sys=0.00, real=0.01 secs] 
1890.233: [GC (Allocation Failure) [PSYoungGen: 74749K->1533K(74240K)] 434145K->360929K(586752K), 0.0016759 secs] [Times: user=0.01 sys=0.00, real=0.01 secs] 
1890.439: [GC (Allocation Failure) [PSYoungGen: 74237K->1472K(73728K)] 433633K->360867K(586240K), 0.0021743 secs] [Times: user=0.01 sys=0.00, real=0.00 secs] 
1890.814: [GC (Allocation Failure) [PSYoungGen: 73664K->1376K(73216K)] 433059K->360771K(585728K), 0.0019133 secs] [Times: user=0.01 sys=0.00, real=0.00 secs] 
1891.165: [GC (Allocation Failure) [PSYoungGen: 73056K->1408K(72704K)] 432451K->360803K(585216K), 0.0022604 secs] [Times: user=0.01 sys=0.00, real=0.00 secs] 
1891.529: [GC (Allocation Failure) [PSYoungGen: 72576K->1408K(72192K)] 431971K->360803K(584704K), 0.0020076 secs] [Times: user=0.01 sys=0.00, real=0.00 secs] 
1891.842: [GC (Allocation Failure) [PSYoungGen: 72064K->1469K(71680K)] 431459K->360881K(584192K), 0.0021315 secs] [Times: user=0.00 sys=0.00, real=0.00 secs] 
1891.970: [GC (Allocation Failure) [PSYoungGen: 71613K->1501K(71168K)] 431025K->360913K(583680K), 0.0017157 secs] [Times: user=0.01 sys=0.00, real=0.00 secs] 
1892.094: [GC (Allocation Failure) [PSYoungGen: 71133K->1504K(72192K)] 430545K->360916K(584704K), 0.0017383 secs] [Times: user=0.01 sys=0.00, real=0.01 secs] 
1892.218: [GC (Allocation Failure) [PSYoungGen: 71648K->1501K(77312K)] 431060K->360913K(589824K), 0.0032398 secs] [Times: user=0.02 sys=0.00, real=0.00 secs] 
1892.899: [GC (Allocation Failure) [PSYoungGen: 76765K->1440K(77312K)] 436177K->360859K(589824K), 0.0019687 secs] [Times: user=0.00 sys=0.00, real=0.00 secs] 
1893.749: [GC (Allocation Failure) [PSYoungGen: 76704K->1344K(76288K)] 436123K->360763K(588800K), 0.0019170 secs] [Times: user=0.01 sys=0.00, real=0.00 secs] 
1894.313: [GC (Allocation Failure) [PSYoungGen: 76096K->1408K(75776K)] 435515K->360827K(588288K), 0.0020486 secs] [Times: user=0.01 sys=0.00, real=0.01 secs] 
1894.809: [GC (Allocation Failure) [PSYoungGen: 75648K->1440K(75264K)] 435067K->360859K(587776K), 0.0019506 secs] [Times: user=0.01 sys=0.00, real=0.00 secs] 
1895.010: [GC (Allocation Failure) [PSYoungGen: 75168K->1488K(74752K)] 434587K->360908K(587264K), 0.0017199 secs] [Times: user=0.00 sys=0.00, real=0.00 secs] 
1895.158: [GC (Allocation Failure) [PSYoungGen: 74704K->1488K(74240K)] 434124K->360908K(586752K), 0.0018953 secs] [Times: user=0.01 sys=0.00, real=0.00 secs] 
1895.318: [GC (Allocation Failure) [PSYoungGen: 74192K->1533K(73728K)] 433612K->360953K(586240K), 0.0017499 secs] [Times: user=0.00 sys=0.00, real=0.00 secs] 
1895.560: [GC (Allocation Failure) [PSYoungGen: 73725K->1440K(73216K)] 433145K->360859K(585728K), 0.0021938 secs] [Times: user=0.01 sys=0.00, real=0.00 secs] 
1896.088: [GC (Allocation Failure) [PSYoungGen: 73120K->1408K(72704K)] 432539K->360827K(585216K), 0.0026000 secs] [Times: user=0.01 sys=0.00, real=0.00 secs] 
1896.680: [GC (Allocation Failure) [PSYoungGen: 72576K->1344K(72192K)] 431995K->360763K(584704K), 0.0021796 secs] [Times: user=0.01 sys=0.00, real=0.00 secs] 
1897.305: [GC (Allocation Failure) [PSYoungGen: 72000K->1376K(71680K)] 431419K->360795K(584192K), 0.0024519 secs] [Times: user=0.01 sys=0.00, real=0.00 secs] 
1897.874: [GC (Allocation Failure) [PSYoungGen: 71520K->1469K(71168K)] 430939K->360889K(583680K), 0.0024060 secs] [Times: user=0.01 sys=0.00, real=0.01 secs] 
1898.028: [GC (Allocation Failure) [PSYoungGen: 71101K->1501K(70656K)] 430521K->360921K(583168K), 0.0016440 secs] [Times: user=0.01 sys=0.00, real=0.00 secs] 
1898.150: [GC (Allocation Failure) [PSYoungGen: 70621K->1533K(70144K)] 430041K->360953K(582656K), 0.0017517 secs] [Times: user=0.01 sys=0.00, real=0.00 secs] 
1898.270: [GC (Allocation Failure) [PSYoungGen: 70134K->1501K(75776K)] 429554K->360921K(588288K), 0.0017364 secs] [Times: user=0.01 sys=0.00, real=0.00 secs] 
1898.573: [GC (Allocation Failure) [PSYoungGen: 75741K->1376K(75264K)] 435161K->360795K(587776K), 0.0018789 secs] [Times: user=0.01 sys=0.00, real=0.01 secs] 
1898.879: [GC (Allocation Failure) [PSYoungGen: 75104K->1408K(74752K)] 434523K->360827K(587264K), 0.0020692 secs] [Times: user=0.01 sys=0.00, real=0.00 secs] 
1899.235: [GC (Allocation Failure) [PSYoungGen: 74624K->1408K(74240K)] 434043K->360827K(586752K), 0.0019342 secs] [Times: user=0.01 sys=0.00, real=0.00 secs] 
1899.537: [GC (Allocation Failure) [PSYoungGen: 74112K->1376K(73728K)] 433531K->360811K(586240K), 0.0019509 secs] [Times: user=0.01 sys=0.00, real=0.00 secs] 
1899.734: [GC (Allocation Failure) [PSYoungGen: 73568K->1501K(73216K)] 433003K->360937K(585728K), 0.0016185 secs] [Times: user=0.01 sys=0.00, real=0.00 secs] 
1899.892: [GC (Allocation Failure) [PSYoungGen: 73177K->1469K(72704K)] 432613K->360905K(585216K), 0.0022490 secs] [Times: user=0.01 sys=0.00, real=0.00 secs] 
1900.060: [GC (Allocation Failure) [PSYoungGen: 72637K->1533K(72192K)] 432073K->360969K(584704K), 0.0017352 secs] [Times: user=0.00 sys=0.00, real=0.00 secs] 
1900.248: [GC (Allocation Failure) [PSYoungGen: 72189K->1440K(71680K)] 431625K->360875K(584192K), 0.0022126 secs] [Times: user=0.00 sys=0.00, real=0.00 secs] 
1900.640: [GC (Allocation Failure) [PSYoungGen: 71584K->1408K(71168K)] 431019K->360843K(583680K), 0.0021001 secs] [Times: user=0.01 sys=0.00, real=0.00 secs] 
1900.978: [GC (Allocation Failure) [PSYoungGen: 71040K->1408K(70656K)] 430475K->360843K(583168K), 0.0032481 secs] [Times: user=0.01 sys=0.00, real=0.00 secs] 
1901.326: [GC (Allocation Failure) [PSYoungGen: 70528K->1408K(70144K)] 429963K->360843K(582656K), 0.0019621 secs] [Times: user=0.00 sys=0.00, real=0.00 secs] 
1901.607: [GC (Allocation Failure) [PSYoungGen: 70016K->1469K(69632K)] 429451K->360905K(582144K), 0.0017355 secs] [Times: user=0.01 sys=0.00, real=0.00 secs] 
1901.728: [GC (Allocation Failure) [PSYoungGen: 69565K->1501K(69120K)] 429001K->360937K(581632K), 0.0017156 secs] [Times: user=0.00 sys=0.00, real=0.00 secs] 
1901.848: [GC (Allocation Failure) [PSYoungGen: 69085K->1469K(70144K)] 428521K->360905K(582656K), 0.0016991 secs] [Times: user=0.01 sys=0.00, real=0.00 secs] 
1901.986: [GC (Allocation Failure) [PSYoungGen: 69565K->1469K(75264K)] 429001K->360905K(587776K), 0.0022576 secs] [Times: user=0.01 sys=0.00, real=0.00 secs] 
1902.734: [GC (Allocation Failure) [PSYoungGen: 74685K->1408K(75264K)] 434121K->360851K(587776K), 0.0037932 secs] [Times: user=0.02 sys=0.00, real=0.01 secs] 
1904.452: [GC (Allocation Failure) [PSYoungGen: 74624K->1360K(74240K)] 434067K->360811K(586752K), 0.0033979 secs] [Times: user=0.01 sys=0.00, real=0.01 secs] 
1905.689: [GC (Allocation Failure) [PSYoungGen: 74064K->1344K(73728K)] 433515K->360795K(586240K), 0.0035836 secs] [Times: user=0.01 sys=0.01, real=0.00 secs] 
1906.765: [GC (Allocation Failure) [PSYoungGen: 73536K->1376K(73216K)] 432987K->360827K(585728K), 0.0033789 secs] [Times: user=0.02 sys=0.00, real=0.00 secs] 
1907.232: [GC (Allocation Failure) [PSYoungGen: 73056K->1469K(72704K)] 432507K->360921K(585216K), 0.0024274 secs] [Times: user=0.00 sys=0.00, real=0.01 secs] 
1907.376: [GC (Allocation Failure) [PSYoungGen: 72637K->1501K(72192K)] 432089K->360953K(584704K), 0.0016394 secs] [Times: user=0.01 sys=0.00, real=0.00 secs] 
1907.500: [GC (Allocation Failure) [PSYoungGen: 72157K->1501K(71680K)] 431609K->360953K(584192K), 0.0016360 secs] [Times: user=0.01 sys=0.00, real=0.00 secs] 
1907.642: [GC (Allocation Failure) [PSYoungGen: 71645K->1485K(71168K)] 431097K->360953K(583680K), 0.0019620 secs] [Times: user=0.01 sys=0.00, real=0.00 secs] 
1909.811: [GC (Allocation Failure) [PSYoungGen: 71117K->1408K(70656K)] 430585K->360875K(583168K), 0.0051033 secs] [Times: user=0.02 sys=0.00, real=0.01 secs] 
1911.104: [GC (Allocation Failure) [PSYoungGen: 70528K->1376K(70144K)] 429995K->360843K(582656K), 0.0047905 secs] [Times: user=0.02 sys=0.00, real=0.00 secs] 
1911.953: [GC (Allocation Failure) [PSYoungGen: 69984K->1376K(69632K)] 429451K->360843K(582144K), 0.0045170 secs] [Times: user=0.02 sys=0.00, real=0.01 secs] 
1912.348: [GC (Allocation Failure) [PSYoungGen: 69472K->1376K(69120K)] 428939K->360843K(581632K), 0.0026145 secs] [Times: user=0.01 sys=0.00, real=0.00 secs] 
1912.624: [GC (Allocation Failure) [PSYoungGen: 68960K->1469K(68608K)] 428427K->360937K(581120K), 0.0017393 secs] [Times: user=0.01 sys=0.00, real=0.01 secs] 
1912.742: [GC (Allocation Failure) [PSYoungGen: 68520K->1533K(68096K)] 427988K->361001K(580608K), 0.0017244 secs] [Times: user=0.00 sys=0.00, real=0.00 secs] 
1912.859: [GC (Allocation Failure) [PSYoungGen: 68093K->1504K(73728K)] 427561K->360972K(586240K), 0.0018626 secs] [Times: user=0.00 sys=0.00, real=0.00 secs] 
1912.985: [GC (Allocation Failure) [PSYoungGen: 73696K->1501K(74240K)] 433164K->360993K(586752K), 0.0019017 secs] [Times: user=0.00 sys=0.00, real=0.00 secs] 
1914.204: [GC (Allocation Failure) [PSYoungGen: 73693K->1408K(73216K)] 433185K->360915K(585728K), 0.0045238 secs] [Times: user=0.02 sys=0.00, real=0.01 secs] 
1915.078: [GC (Allocation Failure) [PSYoungGen: 73088K->1344K(72704K)] 432595K->360851K(585216K), 0.0050469 secs] [Times: user=0.02 sys=0.01, real=0.00 secs] 
1916.074: [GC (Allocation Failure) [PSYoungGen: 72512K->1376K(72192K)] 432019K->360883K(584704K), 0.0043442 secs] [Times: user=0.02 sys=0.00, real=0.01 secs] 
1916.738: [GC (Allocation Failure) [PSYoungGen: 71811K->320K(71680K)] 431318K->359827K(584192K), 0.0031185 secs] [Times: user=0.02 sys=0.00, real=0.00 secs] 
1916.939: [GC (Allocation Failure) [PSYoungGen: 70464K->1440K(71168K)] 429971K->360948K(583680K), 0.0017589 secs] [Times: user=0.00 sys=0.00, real=0.00 secs] 
1917.062: [GC (Allocation Failure) [PSYoungGen: 71072K->1533K(70656K)] 430580K->361041K(583168K), 0.0016680 secs] [Times: user=0.01 sys=0.00, real=0.00 secs] 
1917.184: [GC (Allocation Failure) [PSYoungGen: 70653K->1501K(71168K)] 430161K->361009K(583680K), 0.0017733 secs] [Times: user=0.01 sys=0.00, real=0.00 secs] 
1917.630: [GC (Allocation Failure) [PSYoungGen: 70621K->1424K(70144K)] 430129K->360931K(582656K), 0.0021448 secs] [Times: user=0.01 sys=0.00, real=0.00 secs] 
1918.395: [GC (Allocation Failure) [PSYoungGen: 70032K->1408K(69632K)] 429539K->360915K(582144K), 0.0025391 secs] [Times: user=0.01 sys=0.00, real=0.00 secs] 
1919.026: [GC (Allocation Failure) [PSYoungGen: 69504K->1376K(69120K)] 429011K->360883K(581632K), 0.0024645 secs] [Times: user=0.01 sys=0.00, real=0.00 secs] 
1919.881: [GC (Allocation Failure) [PSYoungGen: 68960K->1344K(68608K)] 428467K->360851K(581120K), 0.0043262 secs] [Times: user=0.01 sys=0.00, real=0.01 secs] 
1920.509: [GC (Allocation Failure) [PSYoungGen: 68416K->1501K(68096K)] 427923K->361009K(580608K), 0.0028104 secs] [Times: user=0.01 sys=0.00, real=0.00 secs] 
1920.688: [GC (Allocation Failure) [PSYoungGen: 68061K->1501K(67584K)] 427569K->361009K(580096K), 0.0016904 secs] [Times: user=0.01 sys=0.00, real=0.00 secs] 
1920.805: [GC (Allocation Failure) [PSYoungGen: 67549K->1501K(67072K)] 427057K->361009K(579584K), 0.0016577 secs] [Times: user=0.01 sys=0.00, real=0.00 secs] 
1920.921: [GC (Allocation Failure) [PSYoungGen: 67037K->1501K(73216K)] 426545K->361009K(585728K), 0.0017441 secs] [Times: user=0.01 sys=0.00, real=0.00 secs] 
1921.558: [GC (Allocation Failure) [PSYoungGen: 72669K->1472K(72192K)] 432177K->360987K(584704K), 0.0026940 secs] [Times: user=0.02 sys=0.00, real=0.00 secs] 
1922.405: [GC (Allocation Failure) [PSYoungGen: 72128K->1344K(71680K)] 431643K->360883K(584192K), 0.0034952 secs] [Times: user=0.02 sys=0.00, real=0.00 secs] 
1923.258: [GC (Allocation Failure) [PSYoungGen: 71488K->1408K(71168K)] 431027K->360947K(583680K), 0.0033935 secs] [Times: user=0.02 sys=0.00, real=0.00 secs] 
1924.162: [GC (Allocation Failure) [PSYoungGen: 71040K->1392K(70656K)] 430579K->360931K(583168K), 0.0048970 secs] [Times: user=0.02 sys=0.00, real=0.01 secs] 
1924.971: [GC (Allocation Failure) [PSYoungGen: 70512K->1501K(70144K)] 430051K->361041K(582656K), 0.0025057 secs] [Times: user=0.01 sys=0.00, real=0.00 secs] 
1925.126: [GC (Allocation Failure) [PSYoungGen: 70109K->1501K(69632K)] 429649K->361041K(582144K), 0.0017284 secs] [Times: user=0.00 sys=0.00, real=0.00 secs] 
1925.246: [GC (Allocation Failure) [PSYoungGen: 69597K->1469K(69120K)] 429137K->361009K(581632K), 0.0017166 secs] [Times: user=0.01 sys=0.00, real=0.00 secs] 
1925.364: [GC (Allocation Failure) [PSYoungGen: 69053K->1533K(68608K)] 428593K->361089K(581120K), 0.0016957 secs] [Times: user=0.00 sys=0.01, real=0.00 secs] 
1925.626: [GC (Allocation Failure) [PSYoungGen: 68605K->1440K(68096K)] 428161K->360995K(580608K), 0.0021612 secs] [Times: user=0.01 sys=0.00, real=0.00 secs] 
1925.916: [GC (Allocation Failure) [PSYoungGen: 68000K->1376K(67584K)] 427555K->360931K(580096K), 0.0020582 secs] [Times: user=0.01 sys=0.00, real=0.00 secs] 
1926.243: [GC (Allocation Failure) [PSYoungGen: 67424K->1376K(67072K)] 426979K->360931K(579584K), 0.0022352 secs] [Times: user=0.00 sys=0.00, real=0.01 secs] 
1926.766: [GC (Allocation Failure) [PSYoungGen: 66912K->1376K(66560K)] 426467K->360931K(579072K), 0.0021438 secs] [Times: user=0.01 sys=0.00, real=0.00 secs] 
1927.369: [GC (Allocation Failure) [PSYoungGen: 66400K->1469K(66048K)] 425955K->361025K(578560K), 0.0022881 secs] [Times: user=0.01 sys=0.00, real=0.00 secs] 
1927.537: [GC (Allocation Failure) [PSYoungGen: 65981K->1485K(65536K)] 425537K->361041K(578048K), 0.0021776 secs] [Times: user=0.01 sys=0.00, real=0.00 secs] 
1927.713: [GC (Allocation Failure) [PSYoungGen: 65485K->1437K(65024K)] 425041K->360993K(577536K), 0.0026571 secs] [Times: user=0.02 sys=0.00, real=0.01 secs] 
1927.863: [GC (Allocation Failure) [PSYoungGen: 64925K->1437K(65536K)] 424481K->361009K(578048K), 0.0017404 secs] [Times: user=0.01 sys=0.00, real=0.01 secs] 
1928.085: [GC (Allocation Failure) [PSYoungGen: 64925K->1472K(64512K)] 424497K->361043K(577024K), 0.0021428 secs] [Times: user=0.01 sys=0.00, real=0.00 secs] 
1928.471: [GC (Allocation Failure) [PSYoungGen: 64448K->1440K(64000K)] 424019K->361011K(576512K), 0.0022346 secs] [Times: user=0.01 sys=0.00, real=0.00 secs] 
1928.736: [GC (Allocation Failure) [PSYoungGen: 63904K->1376K(63488K)] 423475K->360947K(576000K), 0.0021461 secs] [Times: user=0.01 sys=0.00, real=0.00 secs] 
1929.136: [GC (Allocation Failure) [PSYoungGen: 63328K->1424K(62976K)] 422899K->361027K(575488K), 0.0022385 secs] [Times: user=0.01 sys=0.01, real=0.00 secs] 
1929.620: [GC (Allocation Failure) [PSYoungGen: 62864K->1408K(62464K)] 422467K->361011K(574976K), 0.0021476 secs] [Times: user=0.01 sys=0.00, real=0.00 secs] 
1929.943: [GC (Allocation Failure) [PSYoungGen: 62336K->1501K(61952K)] 421939K->361105K(574464K), 0.0015882 secs] [Times: user=0.01 sys=0.00, real=0.01 secs] 
1930.066: [GC (Allocation Failure) [PSYoungGen: 61917K->1533K(61440K)] 421521K->361161K(573952K), 0.0019712 secs] [Times: user=0.01 sys=0.00, real=0.00 secs] 
1930.198: [GC (Allocation Failure) [PSYoungGen: 61437K->1485K(67072K)] 421065K->361129K(579584K), 0.0020113 secs] [Times: user=0.01 sys=0.00, real=0.00 secs] 
1930.352: [GC (Allocation Failure) [PSYoungGen: 66507K->1456K(67072K)] 426151K->361100K(579584K), 0.0023120 secs] [Times: user=0.01 sys=0.00, real=0.01 secs] 
1930.758: [GC (Allocation Failure) [PSYoungGen: 66480K->1472K(67072K)] 426124K->361115K(579584K), 0.0026062 secs] [Times: user=0.01 sys=0.00, real=0.00 secs] 
1931.399: [GC (Allocation Failure) [PSYoungGen: 66496K->1408K(66048K)] 426139K->361051K(578560K), 0.0023534 secs] [Times: user=0.01 sys=0.01, real=0.00 secs] 
1931.946: [GC (Allocation Failure) [PSYoungGen: 65920K->1408K(65536K)] 425563K->361059K(578048K), 0.0025135 secs] [Times: user=0.01 sys=0.00, real=0.00 secs] 
1932.492: [GC (Allocation Failure) [PSYoungGen: 65408K->1424K(65024K)] 425059K->361075K(577536K), 0.0023335 secs] [Times: user=0.01 sys=0.00, real=0.01 secs] 
1932.982: [GC (Allocation Failure) [PSYoungGen: 64912K->1453K(64512K)] 424563K->361105K(577024K), 0.0024702 secs] [Times: user=0.01 sys=0.00, real=0.01 secs] 
1933.130: [GC (Allocation Failure) [PSYoungGen: 64429K->1501K(64000K)] 424081K->361153K(576512K), 0.0017058 secs] [Times: user=0.00 sys=0.01, real=0.00 secs] 
1933.241: [GC (Allocation Failure) [PSYoungGen: 63965K->1472K(63488K)] 423617K->361132K(576000K), 0.0016889 secs] [Times: user=0.00 sys=0.00, real=0.00 secs] 
1933.351: [GC (Allocation Failure) [PSYoungGen: 63424K->1485K(69120K)] 423084K->361161K(581632K), 0.0016081 secs] [Times: user=0.01 sys=0.00, real=0.00 secs] 
1933.548: [GC (Allocation Failure) [PSYoungGen: 69069K->2000K(69632K)] 428745K->361683K(582144K), 0.0019479 secs] [Times: user=0.00 sys=0.00, real=0.00 secs] 
1934.265: [GC (Allocation Failure) [PSYoungGen: 69584K->1392K(68608K)] 429267K->361075K(581120K), 0.0031642 secs] [Times: user=0.01 sys=0.00, real=0.00 secs] 
1935.067: [GC (Allocation Failure) [PSYoungGen: 68464K->1376K(68096K)] 428147K->361067K(580608K), 0.0043475 secs] [Times: user=0.02 sys=0.00, real=0.00 secs] 
1935.880: [GC (Allocation Failure) [PSYoungGen: 67936K->1376K(67584K)] 427627K->361083K(580096K), 0.0040091 secs] [Times: user=0.01 sys=0.00, real=0.01 secs] 
1936.650: [GC (Allocation Failure) [PSYoungGen: 67424K->1344K(67072K)] 427131K->361051K(579584K), 0.0042858 secs] [Times: user=0.02 sys=0.00, real=0.01 secs] 
1937.117: [GC (Allocation Failure) [PSYoungGen: 66880K->1533K(66560K)] 426587K->361241K(579072K), 0.0022183 secs] [Times: user=0.01 sys=0.00, real=0.00 secs] 
1937.248: [GC (Allocation Failure) [PSYoungGen: 66557K->1453K(66048K)] 426265K->361161K(578560K), 0.0018158 secs] [Times: user=0.01 sys=0.00, real=0.00 secs] 
1937.378: [GC (Allocation Failure) [PSYoungGen: 65965K->1469K(65536K)] 425673K->361185K(578048K), 0.0020564 secs] [Times: user=0.01 sys=0.00, real=0.00 secs] 
1937.530: [GC (Allocation Failure) [PSYoungGen: 65469K->1437K(71680K)] 425185K->361153K(584192K), 0.0021020 secs] [Times: user=0.01 sys=0.00, real=0.00 secs] 
1937.846: [GC (Allocation Failure) [PSYoungGen: 71069K->1472K(71680K)] 430785K->361187K(584192K), 0.0024048 secs] [Times: user=0.00 sys=0.00, real=0.00 secs] 
1938.136: [GC (Allocation Failure) [PSYoungGen: 71104K->1376K(70656K)] 430819K->361091K(583168K), 0.0022999 secs] [Times: user=0.01 sys=0.00, real=0.00 secs] 
1938.479: [GC (Allocation Failure) [PSYoungGen: 70496K->1408K(70144K)] 430211K->361123K(582656K), 0.0022373 secs] [Times: user=0.01 sys=0.00, real=0.00 secs] 
1939.195: [GC (Allocation Failure) [PSYoungGen: 70016K->1376K(69632K)] 429731K->361091K(582144K), 0.0025113 secs] [Times: user=0.01 sys=0.01, real=0.00 secs] 
1939.458: [GC (Allocation Failure) [PSYoungGen: 69472K->1565K(69632K)] 429187K->361281K(582144K), 0.0017841 secs] [Times: user=0.01 sys=0.00, real=0.00 secs] 
1939.577: [GC (Allocation Failure) [PSYoungGen: 69149K->1501K(68608K)] 428865K->361217K(581120K), 0.0018416 secs] [Times: user=0.00 sys=0.00, real=0.00 secs] 
1939.695: [GC (Allocation Failure) [PSYoungGen: 68567K->1504K(69120K)] 428283K->361260K(581632K), 0.0017169 secs] [Times: user=0.01 sys=0.00, real=0.00 secs] 
1939.813: [GC (Allocation Failure) [PSYoungGen: 69088K->128K(69632K)] 428844K->359899K(582144K), 0.0014050 secs] [Times: user=0.00 sys=0.01, real=0.01 secs] 
1940.427: [GC (Allocation Failure) [PSYoungGen: 67712K->1408K(68608K)] 427483K->361179K(581120K), 0.0023496 secs] [Times: user=0.01 sys=0.00, real=0.00 secs] 
1940.744: [GC (Allocation Failure) [PSYoungGen: 68480K->1408K(68096K)] 428251K->361179K(580608K), 0.0021279 secs] [Times: user=0.01 sys=0.00, real=0.00 secs] 
1941.163: [GC (Allocation Failure) [PSYoungGen: 67968K->1440K(67584K)] 427739K->361211K(580096K), 0.0021091 secs] [Times: user=0.01 sys=0.01, real=0.01 secs] 
1941.593: [GC (Allocation Failure) [PSYoungGen: 67488K->1408K(67072K)] 427259K->361179K(579584K), 0.0020316 secs] [Times: user=0.01 sys=0.00, real=0.01 secs] 
1941.809: [GC (Allocation Failure) [PSYoungGen: 66944K->1517K(66560K)] 426715K->361289K(579072K), 0.0016426 secs] [Times: user=0.01 sys=0.00, real=0.00 secs] 
1941.923: [GC (Allocation Failure) [PSYoungGen: 66541K->1472K(66048K)] 426313K->361244K(578560K), 0.0016235 secs] [Times: user=0.01 sys=0.00, real=0.01 secs] 
1942.041: [GC (Allocation Failure) [PSYoungGen: 65984K->1501K(71680K)] 425756K->361273K(584192K), 0.0016830 secs] [Times: user=0.01 sys=0.00, real=0.00 secs] 
1942.167: [GC (Allocation Failure) [PSYoungGen: 71645K->1533K(72192K)] 431417K->361321K(584704K), 0.0016922 secs] [Times: user=0.01 sys=0.00, real=0.00 secs] 
1942.754: [GC (Allocation Failure) [PSYoungGen: 71677K->1408K(71168K)] 431465K->361195K(583680K), 0.0020734 secs] [Times: user=0.01 sys=0.00, real=0.00 secs] 
1943.493: [GC (Allocation Failure) [PSYoungGen: 71040K->1344K(70656K)] 430827K->361131K(583168K), 0.0031872 secs] [Times: user=0.02 sys=0.00, real=0.01 secs] 
1944.208: [GC (Allocation Failure) [PSYoungGen: 70464K->1376K(70144K)] 430251K->361163K(582656K), 0.0047171 secs] [Times: user=0.02 sys=0.00, real=0.00 secs] 
1945.157: [GC (Allocation Failure) [PSYoungGen: 69984K->1376K(69632K)] 429771K->361163K(582144K), 0.0049197 secs] [Times: user=0.02 sys=0.00, real=0.00 secs] 
1945.547: [GC (Allocation Failure) [PSYoungGen: 69472K->1437K(69120K)] 429259K->361225K(581632K), 0.0022927 secs] [Times: user=0.01 sys=0.00, real=0.00 secs] 
1945.686: [GC (Allocation Failure) [PSYoungGen: 69021K->1501K(68608K)] 428809K->361289K(581120K), 0.0017258 secs] [Times: user=0.01 sys=0.00, real=0.00 secs] 
1945.805: [GC (Allocation Failure) [PSYoungGen: 68573K->1469K(68096K)] 428361K->361257K(580608K), 0.0017444 secs] [Times: user=0.01 sys=0.00, real=0.00 secs] 
1945.921: [GC (Allocation Failure) [PSYoungGen: 68029K->1501K(73728K)] 427817K->361297K(586240K), 0.0016710 secs] [Times: user=0.01 sys=0.00, real=0.00 secs] 
1947.812: [GC (Allocation Failure) [PSYoungGen: 73693K->1472K(73216K)] 433489K->361267K(585728K), 0.0052040 secs] [Times: user=0.02 sys=0.00, real=0.01 secs] 
1948.658: [GC (Allocation Failure) [PSYoungGen: 73152K->1376K(72704K)] 432947K->361171K(585216K), 0.0030272 secs] [Times: user=0.01 sys=0.00, real=0.00 secs] 
1949.545: [GC (Allocation Failure) [PSYoungGen: 72544K->1408K(72192K)] 432339K->361203K(584704K), 0.0036003 secs] [Times: user=0.02 sys=0.00, real=0.00 secs] 
1950.468: [GC (Allocation Failure) [PSYoungGen: 72064K->1469K(71680K)] 431859K->361265K(584192K), 0.0043745 secs] [Times: user=0.02 sys=0.00, real=0.00 secs] 
1950.698: [GC (Allocation Failure) [PSYoungGen: 71594K->1469K(71168K)] 431390K->361265K(583680K), 0.0022696 secs] [Times: user=0.01 sys=0.00, real=0.00 secs] 
1950.826: [GC (Allocation Failure) [PSYoungGen: 71101K->1565K(71168K)] 430897K->361361K(583680K), 0.0018110 secs] [Times: user=0.01 sys=0.00, real=0.00 secs] 
1950.948: [GC (Allocation Failure) [PSYoungGen: 70685K->1533K(70144K)] 430481K->361329K(582656K), 0.0016663 secs] [Times: user=0.01 sys=0.00, real=0.00 secs] 
1951.316: [GC (Allocation Failure) [PSYoungGen: 70141K->1408K(69632K)] 429937K->361203K(582144K), 0.0021471 secs] [Times: user=0.01 sys=0.01, real=0.00 secs] 
1951.956: [GC (Allocation Failure) [PSYoungGen: 69504K->1360K(69120K)] 429299K->361155K(581632K), 0.0023363 secs] [Times: user=0.01 sys=0.00, real=0.00 secs] 
1953.438: [GC (Allocation Failure) [PSYoungGen: 68944K->1392K(68608K)] 428739K->361187K(581120K), 0.0045727 secs] [Times: user=0.02 sys=0.00, real=0.00 secs] 
1954.431: [GC (Allocation Failure) [PSYoungGen: 68464K->1376K(68096K)] 428259K->361195K(580608K), 0.0029906 secs] [Times: user=0.02 sys=0.00, real=0.01 secs] 
1954.960: [GC (Allocation Failure) [PSYoungGen: 67936K->1440K(67584K)] 427755K->361260K(580096K), 0.0024961 secs] [Times: user=0.01 sys=0.00, real=0.00 secs] 
1955.114: [GC (Allocation Failure) [PSYoungGen: 67488K->1437K(67072K)] 427308K->361257K(579584K), 0.0017638 secs] [Times: user=0.01 sys=0.00, real=0.00 secs] 
1955.232: [GC (Allocation Failure) [PSYoungGen: 66973K->1533K(66560K)] 426793K->361353K(579072K), 0.0017309 secs] [Times: user=0.00 sys=0.00, real=0.00 secs] 
1955.348: [GC (Allocation Failure) [PSYoungGen: 66557K->1469K(67072K)] 426377K->361289K(579584K), 0.0016894 secs] [Times: user=0.01 sys=0.00, real=0.00 secs] 
1956.138: [GC (Allocation Failure) [PSYoungGen: 67005K->1472K(66560K)] 426825K->361291K(579072K), 0.0051552 secs] [Times: user=0.02 sys=0.00, real=0.00 secs] 
1956.899: [GC (Allocation Failure) [PSYoungGen: 66496K->1440K(66048K)] 426315K->361259K(578560K), 0.0034071 secs] [Times: user=0.02 sys=0.00, real=0.00 secs] 
1957.735: [GC (Allocation Failure) [PSYoungGen: 65952K->1376K(65536K)] 425771K->361195K(578048K), 0.0029261 secs] [Times: user=0.01 sys=0.00, real=0.00 secs] 
1958.478: [GC (Allocation Failure) [PSYoungGen: 65376K->1408K(65024K)] 425195K->361227K(577536K), 0.0047508 secs] [Times: user=0.02 sys=0.00, real=0.00 secs] 
1959.152: [GC (Allocation Failure) [PSYoungGen: 64896K->1408K(64512K)] 424715K->361227K(577024K), 0.0029595 secs] [Times: user=0.01 sys=0.01, real=0.01 secs] 
1959.436: [GC (Allocation Failure) [PSYoungGen: 64384K->1469K(64000K)] 424203K->361289K(576512K), 0.0020849 secs] [Times: user=0.01 sys=0.00, real=0.00 secs] 
1959.551: [GC (Allocation Failure) [PSYoungGen: 63933K->1437K(63488K)] 423753K->361257K(576000K), 0.0016550 secs] [Times: user=0.00 sys=0.00, real=0.00 secs] 
1959.660: [GC (Allocation Failure) [PSYoungGen: 63389K->1533K(64000K)] 423209K->361361K(576512K), 0.0016955 secs] [Times: user=0.00 sys=0.00, real=0.00 secs] 
1959.769: [GC (Allocation Failure) [PSYoungGen: 63485K->1501K(64000K)] 423313K->361329K(576512K), 0.0016016 secs] [Times: user=0.01 sys=0.00, real=0.00 secs] 
1960.244: [GC (Allocation Failure) [PSYoungGen: 63453K->1440K(62976K)] 423281K->361267K(575488K), 0.0022392 secs] [Times: user=0.01 sys=0.00, real=0.01 secs] 
1960.754: [GC (Allocation Failure) [PSYoungGen: 62880K->1408K(62464K)] 422707K->361243K(574976K), 0.0028100 secs] [Times: user=0.01 sys=0.00, real=0.01 secs] 
1961.042: [GC (Allocation Failure) [PSYoungGen: 62336K->1376K(61952K)] 422171K->361211K(574464K), 0.0024417 secs] [Times: user=0.01 sys=0.00, real=0.01 secs] 
1961.401: [GC (Allocation Failure) [PSYoungGen: 61792K->1376K(61440K)] 421627K->361211K(573952K), 0.0022892 secs] [Times: user=0.01 sys=0.00, real=0.00 secs] 
1961.846: [GC (Allocation Failure) [PSYoungGen: 61280K->1485K(60928K)] 421115K->361321K(573440K), 0.0023444 secs] [Times: user=0.01 sys=0.00, real=0.00 secs] 
1961.985: [GC (Allocation Failure) [PSYoungGen: 60877K->1533K(60928K)] 420713K->361369K(573440K), 0.0017331 secs] [Times: user=0.00 sys=0.00, real=0.00 secs] 
1962.091: [GC (Allocation Failure) [PSYoungGen: 60925K->1437K(66048K)] 420761K->361289K(578560K), 0.0017371 secs] [Times: user=0.00 sys=0.00, real=0.00 secs] 
1962.204: [GC (Allocation Failure) [PSYoungGen: 65949K->1533K(66560K)] 425801K->361385K(579072K), 0.0017588 secs] [Times: user=0.01 sys=0.00, real=0.01 secs] 
1962.334: [GC (Allocation Failure) [PSYoungGen: 66045K->1485K(72192K)] 425897K->361337K(584704K), 0.0019681 secs] [Times: user=0.01 sys=0.00, real=0.01 secs] 
1964.530: [GC (Allocation Failure) [PSYoungGen: 71629K->1440K(71168K)] 431481K->361291K(583680K), 0.0050141 secs] [Times: user=0.02 sys=0.00, real=0.01 secs] 
1965.222: [GC (Allocation Failure) [PSYoungGen: 71072K->1408K(70656K)] 430923K->361259K(583168K), 0.0032431 secs] [Times: user=0.01 sys=0.00, real=0.01 secs] 
1966.406: [GC (Allocation Failure) [PSYoungGen: 70528K->1408K(70144K)] 430379K->361259K(582656K), 0.0036820 secs] [Times: user=0.01 sys=0.00, real=0.00 secs] 
1967.593: [GC (Allocation Failure) [PSYoungGen: 70016K->1424K(69632K)] 429867K->361275K(582144K), 0.0036899 secs] [Times: user=0.02 sys=0.00, real=0.01 secs] 
1967.966: [GC (Allocation Failure) [PSYoungGen: 69520K->1469K(69120K)] 429371K->361321K(581632K), 0.0023586 secs] [Times: user=0.01 sys=0.00, real=0.00 secs] 
1968.099: [GC (Allocation Failure) [PSYoungGen: 69053K->1488K(68608K)] 428905K->361340K(581120K), 0.0017170 secs] [Times: user=0.00 sys=0.00, real=0.00 secs] 
1968.217: [GC (Allocation Failure) [PSYoungGen: 68560K->1469K(68096K)] 428412K->361337K(580608K), 0.0017352 secs] [Times: user=0.01 sys=0.00, real=0.00 secs] 
1968.334: [GC (Allocation Failure) [PSYoungGen: 68029K->1344K(68608K)] 427897K->361211K(581120K), 0.0017355 secs] [Times: user=0.01 sys=0.00, real=0.01 secs] 
1968.884: [GC (Allocation Failure) [PSYoungGen: 67904K->1408K(67584K)] 427771K->361275K(580096K), 0.0022551 secs] [Times: user=0.01 sys=0.00, real=0.01 secs] 
1969.492: [GC (Allocation Failure) [PSYoungGen: 67456K->1408K(67072K)] 427323K->361275K(579584K), 0.0028654 secs] [Times: user=0.01 sys=0.00, real=0.01 secs] 
1970.143: [GC (Allocation Failure) [PSYoungGen: 66944K->1440K(66560K)] 426811K->361307K(579072K), 0.0030102 secs] [Times: user=0.01 sys=0.00, real=0.01 secs] 
1970.984: [GC (Allocation Failure) [PSYoungGen: 66464K->1344K(66048K)] 426331K->361211K(578560K), 0.0036140 secs] [Times: user=0.01 sys=0.00, real=0.01 secs] 
1971.373: [GC (Allocation Failure) [PSYoungGen: 65856K->1501K(65536K)] 425723K->361369K(578048K), 0.0022017 secs] [Times: user=0.01 sys=0.00, real=0.01 secs] 
1971.505: [GC (Allocation Failure) [PSYoungGen: 65501K->1469K(65024K)] 425369K->361337K(577536K), 0.0018055 secs] [Times: user=0.01 sys=0.00, real=0.00 secs] 
1971.616: [GC (Allocation Failure) [PSYoungGen: 64957K->1501K(64512K)] 424825K->361369K(577024K), 0.0018184 secs] [Times: user=0.01 sys=0.00, real=0.00 secs] 
1971.726: [GC (Allocation Failure) [PSYoungGen: 64477K->1472K(65024K)] 424345K->361356K(577536K), 0.0016449 secs] [Times: user=0.01 sys=0.00, real=0.00 secs] 
1971.950: [GC (Allocation Failure) [PSYoungGen: 64448K->1440K(65024K)] 424332K->361323K(577536K), 0.0019139 secs] [Times: user=0.00 sys=0.00, real=0.00 secs] 
1972.304: [GC (Allocation Failure) [PSYoungGen: 64416K->1376K(64000K)] 424299K->361259K(576512K), 0.0019832 secs] [Times: user=0.01 sys=0.00, real=0.00 secs] 
1972.774: [GC (Allocation Failure) [PSYoungGen: 63840K->1344K(63488K)] 423723K->361227K(576000K), 0.0049214 secs] [Times: user=0.01 sys=0.00, real=0.01 secs] 
1973.253: [GC (Allocation Failure) [PSYoungGen: 63296K->1408K(62976K)] 423179K->361291K(575488K), 0.0028235 secs] [Times: user=0.01 sys=0.00, real=0.01 secs] 
1973.703: [GC (Allocation Failure) [PSYoungGen: 62848K->1421K(62464K)] 422731K->361305K(574976K), 0.0024032 secs] [Times: user=0.01 sys=0.00, real=0.01 secs] 
1973.856: [GC (Allocation Failure) [PSYoungGen: 62349K->1533K(61952K)] 422233K->361417K(574464K), 0.0015665 secs] [Times: user=0.00 sys=0.00, real=0.00 secs] 
1973.975: [GC (Allocation Failure) [PSYoungGen: 61949K->1533K(67584K)] 421833K->361425K(580096K), 0.0021180 secs] [Times: user=0.01 sys=0.00, real=0.00 secs] 
1974.133: [GC (Allocation Failure) [PSYoungGen: 67069K->1501K(67584K)] 426961K->361401K(580096K), 0.0023048 secs] [Times: user=0.01 sys=0.00, real=0.01 secs] 
1974.365: [GC (Allocation Failure) [PSYoungGen: 67037K->1744K(67584K)] 426937K->361643K(580096K), 0.0017393 secs] [Times: user=0.00 sys=0.00, real=0.00 secs] 
1975.024: [GC (Allocation Failure) [PSYoungGen: 67280K->1376K(66560K)] 427179K->361275K(579072K), 0.0023800 secs] [Times: user=0.01 sys=0.00, real=0.01 secs] 
1975.580: [GC (Allocation Failure) [PSYoungGen: 66400K->1408K(66048K)] 426299K->361307K(578560K), 0.0034980 secs] [Times: user=0.01 sys=0.00, real=0.00 secs] 
1976.027: [GC (Allocation Failure) [PSYoungGen: 65920K->1408K(65536K)] 425819K->361307K(578048K), 0.0037308 secs] [Times: user=0.02 sys=0.01, real=0.00 secs] 
1976.758: [GC (Allocation Failure) [PSYoungGen: 65408K->1376K(65024K)] 425307K->361275K(577536K), 0.0033558 secs] [Times: user=0.02 sys=0.00, real=0.00 secs] 
1977.167: [GC (Allocation Failure) [PSYoungGen: 64864K->1485K(64512K)] 424763K->361385K(577024K), 0.0022465 secs] [Times: user=0.01 sys=0.00, real=0.00 secs] 
1977.291: [GC (Allocation Failure) [PSYoungGen: 64461K->1533K(64000K)] 424361K->361433K(576512K), 0.0019509 secs] [Times: user=0.01 sys=0.00, real=0.00 secs] 
1977.403: [GC (Allocation Failure) [PSYoungGen: 63997K->1517K(69632K)] 423897K->361425K(582144K), 0.0018477 secs] [Times: user=0.01 sys=0.00, real=0.01 secs] 
1977.541: [GC (Allocation Failure) [PSYoungGen: 69613K->1565K(70144K)] 429521K->361473K(582656K), 0.0019627 secs] [Times: user=0.01 sys=0.00, real=0.00 secs] 
1977.821: [GC (Allocation Failure) [PSYoungGen: 69661K->1408K(75264K)] 429569K->361315K(587776K), 0.0018958 secs] [Times: user=0.01 sys=0.00, real=0.00 secs] 
1978.128: [GC (Allocation Failure) [PSYoungGen: 75136K->1440K(74752K)] 435043K->361347K(587264K), 0.0020902 secs] [Times: user=0.01 sys=0.00, real=0.00 secs] 
1978.432: [GC (Allocation Failure) [PSYoungGen: 74656K->1408K(74240K)] 434563K->361315K(586752K), 0.0020674 secs] [Times: user=0.01 sys=0.00, real=0.00 secs] 
1978.745: [GC (Allocation Failure) [PSYoungGen: 74112K->1408K(73728K)] 434019K->361315K(586240K), 0.0021307 secs] [Times: user=0.01 sys=0.00, real=0.00 secs] 
1978.964: [GC (Allocation Failure) [PSYoungGen: 73600K->1501K(73216K)] 433507K->361409K(585728K), 0.0017752 secs] [Times: user=0.01 sys=0.00, real=0.01 secs] 
1979.089: [GC (Allocation Failure) [PSYoungGen: 73181K->1453K(72704K)] 433089K->361361K(585216K), 0.0016962 secs] [Times: user=0.01 sys=0.00, real=0.00 secs] 
1979.214: [GC (Allocation Failure) [PSYoungGen: 72621K->1501K(73216K)] 432529K->361433K(585728K), 0.0016506 secs] [Times: user=0.01 sys=0.00, real=0.01 secs] 
1979.530: [GC (Allocation Failure) [PSYoungGen: 72669K->1424K(72192K)] 432601K->361371K(584704K), 0.0021138 secs] [Times: user=0.01 sys=0.00, real=0.00 secs] 
1980.322: [GC (Allocation Failure) [PSYoungGen: 72080K->1408K(71680K)] 432027K->361355K(584192K), 0.0021592 secs] [Times: user=0.01 sys=0.00, real=0.00 secs] 
1981.228: [GC (Allocation Failure) [PSYoungGen: 71552K->1408K(71168K)] 431499K->361355K(583680K), 0.0025753 secs] [Times: user=0.01 sys=0.00, real=0.00 secs] 
1983.458: [GC (Allocation Failure) [PSYoungGen: 71040K->1376K(70656K)] 430987K->361323K(583168K), 0.0044690 secs] [Times: user=0.02 sys=0.00, real=0.00 secs] 
1984.326: [GC (Allocation Failure) [PSYoungGen: 70496K->1437K(70144K)] 430443K->361385K(582656K), 0.0021282 secs] [Times: user=0.01 sys=0.00, real=0.00 secs] 
1984.456: [GC (Allocation Failure) [PSYoungGen: 70045K->1469K(69632K)] 429993K->361425K(582144K), 0.0017667 secs] [Times: user=0.01 sys=0.00, real=0.00 secs] 
1984.575: [GC (Allocation Failure) [PSYoungGen: 69565K->1565K(69632K)] 429521K->361521K(582144K), 0.0018676 secs] [Times: user=0.01 sys=0.00, real=0.00 secs] 
1984.694: [GC (Allocation Failure) [PSYoungGen: 69149K->1469K(69632K)] 429105K->361425K(582144K), 0.0017188 secs] [Times: user=0.00 sys=0.00, real=0.01 secs] 
1985.309: [GC (Allocation Failure) [PSYoungGen: 69565K->1488K(69120K)] 429521K->361443K(581632K), 0.0024477 secs] [Times: user=0.01 sys=0.00, real=0.00 secs] 
1986.412: [GC (Allocation Failure) [PSYoungGen: 69072K->1408K(68608K)] 429027K->361363K(581120K), 0.0048520 secs] [Times: user=0.02 sys=0.00, real=0.01 secs] 
1987.444: [GC (Allocation Failure) [PSYoungGen: 68480K->1344K(68096K)] 428435K->361299K(580608K), 0.0041994 secs] [Times: user=0.02 sys=0.00, real=0.01 secs] 
1988.068: [GC (Allocation Failure) [PSYoungGen: 67904K->1408K(67584K)] 427859K->361363K(580096K), 0.0028267 secs] [Times: user=0.01 sys=0.00, real=0.00 secs] 
1988.854: [GC (Allocation Failure) [PSYoungGen: 67456K->1501K(67072K)] 427411K->361457K(579584K), 0.0035020 secs] [Times: user=0.01 sys=0.00, real=0.00 secs] 
1989.051: [GC (Allocation Failure) [PSYoungGen: 67037K->1536K(67072K)] 426993K->361492K(579584K), 0.0020261 secs] [Times: user=0.01 sys=0.00, real=0.00 secs] 
1989.166: [GC (Allocation Failure) [PSYoungGen: 66560K->1533K(66048K)] 426516K->361489K(578560K), 0.0018375 secs] [Times: user=0.00 sys=0.00, real=0.00 secs] 
1989.296: [GC (Allocation Failure) [PSYoungGen: 66045K->1485K(66560K)] 426001K->361457K(579072K), 0.0020223 secs] [Times: user=0.00 sys=0.00, real=0.00 secs] 
1989.954: [GC (Allocation Failure) [PSYoungGen: 66509K->1472K(66048K)] 426481K->361443K(578560K), 0.0030477 secs] [Times: user=0.01 sys=0.00, real=0.00 secs] 
1990.224: [GC (Allocation Failure) [PSYoungGen: 65984K->1392K(65536K)] 425955K->361363K(578048K), 0.0021082 secs] [Times: user=0.00 sys=0.01, real=0.01 secs] 
1990.490: [GC (Allocation Failure) [PSYoungGen: 65392K->1344K(65024K)] 425363K->361315K(577536K), 0.0022039 secs] [Times: user=0.01 sys=0.00, real=0.00 secs] 
1990.754: [GC (Allocation Failure) [PSYoungGen: 64832K->1376K(64512K)] 424803K->361347K(577024K), 0.0021964 secs] [Times: user=0.01 sys=0.00, real=0.00 secs] 
1991.017: [GC (Allocation Failure) [PSYoungGen: 64352K->1392K(64000K)] 424323K->361387K(576512K), 0.0021200 secs] [Times: user=0.00 sys=0.00, real=0.00 secs] 
1991.183: [GC (Allocation Failure) [PSYoungGen: 63856K->1440K(63488K)] 423851K->361436K(576000K), 0.0018737 secs] [Times: user=0.01 sys=0.00, real=0.01 secs] 
1991.293: [GC (Allocation Failure) [PSYoungGen: 63392K->1501K(64000K)] 423388K->361497K(576512K), 0.0018476 secs] [Times: user=0.01 sys=0.00, real=0.01 secs] 
1991.417: [GC (Allocation Failure) [PSYoungGen: 63453K->1501K(69632K)] 423449K->361505K(582144K), 0.0019563 secs] [Times: user=0.01 sys=0.00, real=0.00 secs] 
1991.575: [GC (Allocation Failure) [PSYoungGen: 69085K->1536K(69632K)] 429089K->361540K(582144K), 0.0021470 secs] [Times: user=0.01 sys=0.00, real=0.00 secs] 
1992.399: [GC (Allocation Failure) [PSYoungGen: 69120K->1456K(75776K)] 429124K->361459K(588288K), 0.0081880 secs] [Times: user=0.02 sys=0.02, real=0.01 secs] 
1993.026: [GC (Allocation Failure) [PSYoungGen: 75184K->1408K(75776K)] 435187K->361411K(588288K), 0.0032583 secs] [Times: user=0.02 sys=0.00, real=0.00 secs] 
1993.531: [GC (Allocation Failure) [PSYoungGen: 75136K->1376K(74752K)] 435139K->361379K(587264K), 0.0025209 secs] [Times: user=0.00 sys=0.00, real=0.00 secs] 
1993.835: [GC (Allocation Failure) [PSYoungGen: 74592K->1392K(74240K)] 434595K->361395K(586752K), 0.0022981 secs] [Times: user=0.01 sys=0.00, real=0.00 secs] 
1994.043: [GC (Allocation Failure) [PSYoungGen: 74096K->1469K(73728K)] 434099K->361473K(586240K), 0.0015815 secs] [Times: user=0.01 sys=0.00, real=0.01 secs] 
1994.170: [GC (Allocation Failure) [PSYoungGen: 73661K->1485K(73216K)] 433665K->361489K(585728K), 0.0017311 secs] [Times: user=0.01 sys=0.00, real=0.00 secs] 
1994.296: [GC (Allocation Failure) [PSYoungGen: 73155K->1533K(79360K)] 433159K->361545K(591872K), 0.0017946 secs] [Times: user=0.00 sys=0.00, real=0.00 secs] 
1994.740: [GC (Allocation Failure) [PSYoungGen: 79357K->1456K(78848K)] 439369K->361467K(591360K), 0.0019433 secs] [Times: user=0.01 sys=0.00, real=0.00 secs] 
1995.480: [GC (Allocation Failure) [PSYoungGen: 78768K->1376K(78336K)] 438779K->361387K(590848K), 0.0023763 secs] [Times: user=0.01 sys=0.00, real=0.00 secs] 
1996.132: [GC (Allocation Failure) [PSYoungGen: 78176K->1408K(77824K)] 438187K->361419K(590336K), 0.0036776 secs] [Times: user=0.01 sys=0.01, real=0.01 secs] 
1996.612: [GC (Allocation Failure) [PSYoungGen: 77696K->1392K(77312K)] 437707K->361403K(589824K), 0.0026407 secs] [Times: user=0.01 sys=0.00, real=0.01 secs] 
1996.816: [GC (Allocation Failure) [PSYoungGen: 77168K->1533K(76800K)] 437179K->361545K(589312K), 0.0017616 secs] [Times: user=0.01 sys=0.00, real=0.00 secs] 
1996.949: [GC (Allocation Failure) [PSYoungGen: 76797K->1440K(76288K)] 436809K->361452K(588800K), 0.0017559 secs] [Times: user=0.01 sys=0.00, real=0.00 secs] 
1997.082: [GC (Allocation Failure) [PSYoungGen: 76192K->1533K(75776K)] 436204K->361545K(588288K), 0.0017483 secs] [Times: user=0.01 sys=0.00, real=0.00 secs] 
1997.326: [GC (Allocation Failure) [PSYoungGen: 75773K->1408K(75264K)] 435785K->361419K(587776K), 0.0021803 secs] [Times: user=0.01 sys=0.00, real=0.00 secs] 
1997.643: [GC (Allocation Failure) [PSYoungGen: 75136K->1344K(74752K)] 435147K->361355K(587264K), 0.0021069 secs] [Times: user=0.01 sys=0.00, real=0.01 secs] 
1997.993: [GC (Allocation Failure) [PSYoungGen: 74560K->1376K(74240K)] 434571K->361387K(586752K), 0.0021336 secs] [Times: user=0.00 sys=0.00, real=0.01 secs] 
1998.383: [GC (Allocation Failure) [PSYoungGen: 74080K->1376K(73728K)] 434091K->361387K(586240K), 0.0022266 secs] [Times: user=0.01 sys=0.00, real=0.01 secs] 
1998.852: [GC (Allocation Failure) [PSYoungGen: 73568K->1501K(73216K)] 433579K->361513K(585728K), 0.0021730 secs] [Times: user=0.01 sys=0.00, real=0.00 secs] 
1998.983: [GC (Allocation Failure) [PSYoungGen: 73181K->1501K(72704K)] 433193K->361513K(585216K), 0.0018386 secs] [Times: user=0.00 sys=0.00, real=0.01 secs] 
1999.109: [GC (Allocation Failure) [PSYoungGen: 72669K->1501K(72192K)] 432681K->361513K(584704K), 0.0016571 secs] [Times: user=0.01 sys=0.00, real=0.00 secs] 
1999.233: [GC (Allocation Failure) [PSYoungGen: 72157K->1437K(72704K)] 432169K->361449K(585216K), 0.0017880 secs] [Times: user=0.01 sys=0.00, real=0.01 secs] 
1999.997: [GC (Allocation Failure) [PSYoungGen: 72093K->1456K(71680K)] 432105K->361483K(584192K), 0.0029264 secs] [Times: user=0.01 sys=0.00, real=0.00 secs] 
2000.800: [GC (Allocation Failure) [PSYoungGen: 71600K->1376K(71168K)] 431627K->361403K(583680K), 0.0026260 secs] [Times: user=0.01 sys=0.00, real=0.00 secs] 
2001.405: [GC (Allocation Failure) [PSYoungGen: 71008K->1344K(70656K)] 431035K->361371K(583168K), 0.0033206 secs] [Times: user=0.01 sys=0.00, real=0.00 secs] 
2002.220: [GC (Allocation Failure) [PSYoungGen: 70464K->1408K(70144K)] 430491K->361435K(582656K), 0.0033886 secs] [Times: user=0.01 sys=0.00, real=0.00 secs] 
2002.569: [GC (Allocation Failure) [PSYoungGen: 70016K->1437K(69632K)] 430043K->361465K(582144K), 0.0020754 secs] [Times: user=0.01 sys=0.00, real=0.00 secs] 
2002.695: [GC (Allocation Failure) [PSYoungGen: 69533K->1501K(69120K)] 429561K->361529K(581632K), 0.0015910 secs] [Times: user=0.01 sys=0.00, real=0.00 secs] 
2002.814: [GC (Allocation Failure) [PSYoungGen: 69085K->1533K(68608K)] 429113K->361561K(581120K), 0.0016661 secs] [Times: user=0.01 sys=0.00, real=0.01 secs] 
2002.932: [GC (Allocation Failure) [PSYoungGen: 68605K->160K(73216K)] 428633K->360203K(585728K), 0.0016281 secs] [Times: user=0.01 sys=0.00, real=0.00 secs] 
2004.235: [GC (Allocation Failure) [PSYoungGen: 72864K->1376K(73728K)] 432907K->361419K(586240K), 0.0047887 secs] [Times: user=0.02 sys=0.00, real=0.00 secs] 
2005.160: [GC (Allocation Failure) [PSYoungGen: 73568K->1408K(73216K)] 433611K->361451K(585728K), 0.0033468 secs] [Times: user=0.01 sys=0.00, real=0.00 secs] 
2006.016: [GC (Allocation Failure) [PSYoungGen: 73088K->1344K(72704K)] 433131K->361387K(585216K), 0.0043445 secs] [Times: user=0.02 sys=0.00, real=0.00 secs] 
2006.708: [GC (Allocation Failure) [PSYoungGen: 72512K->1501K(72192K)] 432555K->361545K(584704K), 0.0028576 secs] [Times: user=0.01 sys=0.00, real=0.00 secs] 
2006.896: [GC (Allocation Failure) [PSYoungGen: 72157K->1469K(71680K)] 432201K->361513K(584192K), 0.0017830 secs] [Times: user=0.01 sys=0.00, real=0.00 secs] 
2007.019: [GC (Allocation Failure) [PSYoungGen: 71613K->1469K(71168K)] 431657K->361513K(583680K), 0.0018443 secs] [Times: user=0.01 sys=0.00, real=0.00 secs] 
2007.144: [GC (Allocation Failure) [PSYoungGen: 71101K->1501K(71680K)] 431145K->361545K(584192K), 0.0018317 secs] [Times: user=0.01 sys=0.00, real=0.01 secs] 
2007.706: [GC (Allocation Failure) [PSYoungGen: 71133K->1440K(70656K)] 431177K->361483K(583168K), 0.0020986 secs] [Times: user=0.01 sys=0.00, real=0.00 secs] 
2008.036: [GC (Allocation Failure) [PSYoungGen: 70560K->1360K(70144K)] 430603K->361403K(582656K), 0.0032404 secs] [Times: user=0.02 sys=0.00, real=0.00 secs] 
2008.382: [GC (Allocation Failure) [PSYoungGen: 69968K->1440K(69632K)] 430011K->361483K(582144K), 0.0026258 secs] [Times: user=0.01 sys=0.00, real=0.01 secs] 
2008.924: [GC (Allocation Failure) [PSYoungGen: 69536K->1376K(69120K)] 429579K->361419K(581632K), 0.0027417 secs] [Times: user=0.01 sys=0.00, real=0.01 secs] 
2009.562: [GC (Allocation Failure) [PSYoungGen: 68960K->1485K(68608K)] 429003K->361529K(581120K), 0.0025464 secs] [Times: user=0.01 sys=0.00, real=0.01 secs] 
2009.717: [GC (Allocation Failure) [PSYoungGen: 68530K->1533K(68096K)] 428574K->361577K(580608K), 0.0017488 secs] [Times: user=0.01 sys=0.00, real=0.00 secs] 
2009.834: [GC (Allocation Failure) [PSYoungGen: 68093K->1469K(67584K)] 428137K->361513K(580096K), 0.0016813 secs] [Times: user=0.00 sys=0.00, real=0.01 secs] 
2009.950: [GC (Allocation Failure) [PSYoungGen: 67517K->1536K(68096K)] 427561K->361580K(580608K), 0.0017313 secs] [Times: user=0.01 sys=0.00, real=0.00 secs] 
2010.646: [GC (Allocation Failure) [PSYoungGen: 67584K->1456K(67072K)] 427628K->361499K(579584K), 0.0021214 secs] [Times: user=0.01 sys=0.00, real=0.00 secs] 
2011.769: [GC (Allocation Failure) [PSYoungGen: 66992K->1344K(66560K)] 427035K->361411K(579072K), 0.0048838 secs] [Times: user=0.02 sys=0.00, real=0.00 secs] 
2012.403: [GC (Allocation Failure) [PSYoungGen: 66368K->1376K(66048K)] 426435K->361443K(578560K), 0.0030010 secs] [Times: user=0.01 sys=0.00, real=0.01 secs] 
2013.256: [GC (Allocation Failure) [PSYoungGen: 65888K->1376K(65536K)] 425955K->361443K(578048K), 0.0047314 secs] [Times: user=0.02 sys=0.00, real=0.00 secs] 
2014.290: [GC (Allocation Failure) [PSYoungGen: 65365K->1469K(65024K)] 425433K->361537K(577536K), 0.0035087 secs] [Times: user=0.02 sys=0.01, real=0.00 secs] 
2014.526: [GC (Allocation Failure) [PSYoungGen: 64957K->1504K(64512K)] 425025K->361572K(577024K), 0.0023072 secs] [Times: user=0.01 sys=0.00, real=0.00 secs] 
2014.693: [GC (Allocation Failure) [PSYoungGen: 64480K->1469K(64000K)] 424548K->361537K(576512K), 0.0024019 secs] [Times: user=0.01 sys=0.00, real=0.01 secs] 
2014.843: [GC (Allocation Failure) [PSYoungGen: 63933K->1501K(63488K)] 424001K->361585K(576000K), 0.0017523 secs] [Times: user=0.00 sys=0.00, real=0.01 secs] 
2014.969: [GC (Allocation Failure) [PSYoungGen: 63453K->1469K(64000K)] 423537K->361553K(576512K), 0.0019791 secs] [Times: user=0.01 sys=0.00, real=0.00 secs] 
2015.791: [GC (Allocation Failure) [PSYoungGen: 63421K->1456K(62976K)] 423505K->361539K(575488K), 0.0044010 secs] [Times: user=0.02 sys=0.00, real=0.01 secs] 
2016.763: [GC (Allocation Failure) [PSYoungGen: 62896K->1440K(62464K)] 422979K->361523K(574976K), 0.0034166 secs] [Times: user=0.01 sys=0.01, real=0.01 secs] 
2017.612: [GC (Allocation Failure) [PSYoungGen: 62368K->1408K(61952K)] 422451K->361491K(574464K), 0.0028085 secs] [Times: user=0.01 sys=0.00, real=0.01 secs] 
2018.175: [GC (Allocation Failure) [PSYoungGen: 61824K->1376K(61440K)] 421907K->361459K(573952K), 0.0023257 secs] [Times: user=0.01 sys=0.00, real=0.00 secs] 
2018.839: [GC (Allocation Failure) [PSYoungGen: 61280K->1517K(60928K)] 421363K->361601K(573440K), 0.0019843 secs] [Times: user=0.01 sys=0.00, real=0.00 secs] 
2018.959: [GC (Allocation Failure) [PSYoungGen: 60909K->1469K(60928K)] 420993K->361553K(573440K), 0.0018013 secs] [Times: user=0.01 sys=0.00, real=0.00 secs] 
2019.064: [GC (Allocation Failure) [PSYoungGen: 60861K->1501K(60928K)] 420945K->361601K(573440K), 0.0017926 secs] [Times: user=0.01 sys=0.00, real=0.01 secs] 
2019.182: [GC (Allocation Failure) [PSYoungGen: 60874K->1485K(66048K)] 420974K->361585K(578560K), 0.0019755 secs] [Times: user=0.01 sys=0.00, real=0.00 secs] 
2019.421: [GC (Allocation Failure) [PSYoungGen: 65485K->1952K(67072K)] 425585K->362051K(579584K), 0.0025027 secs] [Times: user=0.01 sys=0.00, real=0.00 secs] 
2019.916: [GC (Allocation Failure) [PSYoungGen: 66976K->1440K(66048K)] 427075K->361539K(578560K), 0.0024063 secs] [Times: user=0.01 sys=0.01, real=0.00 secs] 
2020.415: [GC (Allocation Failure) [PSYoungGen: 65952K->1360K(65536K)] 426051K->361459K(578048K), 0.0026162 secs] [Times: user=0.01 sys=0.00, real=0.00 secs] 
2020.898: [GC (Allocation Failure) [PSYoungGen: 65360K->1392K(65024K)] 425459K->361507K(577536K), 0.0025849 secs] [Times: user=0.01 sys=0.00, real=0.00 secs] 
2021.550: [GC (Allocation Failure) [PSYoungGen: 64880K->1344K(64512K)] 424995K->361459K(577024K), 0.0025474 secs] [Times: user=0.01 sys=0.00, real=0.00 secs] 
2021.960: [GC (Allocation Failure) [PSYoungGen: 64290K->1421K(64000K)] 424406K->361537K(576512K), 0.0023063 secs] [Times: user=0.01 sys=0.00, real=0.00 secs] 
2022.086: [GC (Allocation Failure) [PSYoungGen: 63885K->1533K(63488K)] 424001K->361649K(576000K), 0.0018023 secs] [Times: user=0.00 sys=0.00, real=0.00 secs] 
2022.196: [GC (Allocation Failure) [PSYoungGen: 63485K->1533K(64000K)] 423601K->361657K(576512K), 0.0017578 secs] [Times: user=0.00 sys=0.00, real=0.00 secs] 
2022.305: [GC (Allocation Failure) [PSYoungGen: 63485K->1517K(69120K)] 423609K->361641K(581632K), 0.0018956 secs] [Times: user=0.00 sys=0.00, real=0.00 secs] 
2022.792: [GC (Allocation Failure) [PSYoungGen: 68589K->1408K(68096K)] 428713K->361531K(580608K), 0.0019601 secs] [Times: user=0.01 sys=0.00, real=0.00 secs] 
2023.374: [GC (Allocation Failure) [PSYoungGen: 67968K->1392K(67584K)] 428091K->361515K(580096K), 0.0023260 secs] [Times: user=0.01 sys=0.00, real=0.00 secs] 
2023.841: [GC (Allocation Failure) [PSYoungGen: 67440K->1424K(67072K)] 427563K->361547K(579584K), 0.0023358 secs] [Times: user=0.01 sys=0.00, real=0.00 secs] 
2024.116: [GC (Allocation Failure) [PSYoungGen: 66960K->1376K(66560K)] 427083K->361499K(579072K), 0.0020711 secs] [Times: user=0.01 sys=0.00, real=0.00 secs] 
2024.363: [GC (Allocation Failure) [PSYoungGen: 66400K->1501K(66048K)] 426523K->361625K(578560K), 0.0017532 secs] [Times: user=0.01 sys=0.00, real=0.01 secs] 
2024.476: [GC (Allocation Failure) [PSYoungGen: 66013K->1533K(65536K)] 426137K->361657K(578048K), 0.0016886 secs] [Times: user=0.01 sys=0.00, real=0.00 secs] 
2024.589: [GC (Allocation Failure) [PSYoungGen: 65533K->1469K(66048K)] 425657K->361609K(578560K), 0.0016658 secs] [Times: user=0.01 sys=0.00, real=0.00 secs] 
2024.702: [GC (Allocation Failure) [PSYoungGen: 65469K->1517K(71168K)] 425609K->361657K(583680K), 0.0032541 secs] [Times: user=0.01 sys=0.00, real=0.01 secs] 
2025.096: [GC (Allocation Failure) [PSYoungGen: 70637K->1488K(71168K)] 430777K->361635K(583680K), 0.0025539 secs] [Times: user=0.01 sys=0.00, real=0.00 secs] 
2025.702: [GC (Allocation Failure) [PSYoungGen: 70608K->1408K(76288K)] 430755K->361555K(588800K), 0.0026733 secs] [Times: user=0.01 sys=0.00, real=0.01 secs] 
2026.376: [GC (Allocation Failure) [PSYoungGen: 76160K->1376K(75776K)] 436307K->361523K(588288K), 0.0024003 secs] [Times: user=0.00 sys=0.00, real=0.00 secs] 
2026.921: [GC (Allocation Failure) [PSYoungGen: 75616K->1424K(75264K)] 435763K->361571K(587776K), 0.0022599 secs] [Times: user=0.01 sys=0.00, real=0.00 secs] 
2027.454: [GC (Allocation Failure) [PSYoungGen: 75152K->1469K(74752K)] 435299K->361617K(587264K), 0.0022660 secs] [Times: user=0.01 sys=0.00, real=0.01 secs] 
2027.593: [GC (Allocation Failure) [PSYoungGen: 74677K->1469K(74240K)] 434825K->361617K(586752K), 0.0017648 secs] [Times: user=0.01 sys=0.00, real=0.01 secs] 
2027.721: [GC (Allocation Failure) [PSYoungGen: 74173K->1533K(73728K)] 434321K->361681K(586240K), 0.0018154 secs] [Times: user=0.01 sys=0.00, real=0.00 secs] 
2027.849: [GC (Allocation Failure) [PSYoungGen: 73725K->1453K(74240K)] 433873K->361617K(586752K), 0.0019071 secs] [Times: user=0.01 sys=0.00, real=0.00 secs] 
2028.835: [GC (Allocation Failure) [PSYoungGen: 74157K->1408K(73728K)] 434321K->361579K(586240K), 0.0022721 secs] [Times: user=0.01 sys=0.00, real=0.00 secs] 
2029.641: [GC (Allocation Failure) [PSYoungGen: 73600K->1408K(73216K)] 433771K->361579K(585728K), 0.0030590 secs] [Times: user=0.01 sys=0.00, real=0.01 secs] 
2029.981: [GC (Allocation Failure) [PSYoungGen: 73088K->1376K(72704K)] 433259K->361547K(585216K), 0.0021871 secs] [Times: user=0.01 sys=0.00, real=0.00 secs] 
2030.506: [GC (Allocation Failure) [PSYoungGen: 72544K->1469K(72192K)] 432715K->361641K(584704K), 0.0023811 secs] [Times: user=0.01 sys=0.00, real=0.00 secs] 
2030.651: [GC (Allocation Failure) [PSYoungGen: 72125K->1533K(71680K)] 432297K->361729K(584192K), 0.0018495 secs] [Times: user=0.01 sys=0.00, real=0.00 secs] 
2030.774: [GC (Allocation Failure) [PSYoungGen: 71677K->1517K(71168K)] 431873K->361713K(583680K), 0.0017246 secs] [Times: user=0.01 sys=0.00, real=0.01 secs] 
2030.897: [GC (Allocation Failure) [PSYoungGen: 71149K->1453K(71680K)] 431345K->361649K(584192K), 0.0017911 secs] [Times: user=0.01 sys=0.00, real=0.00 secs] 
2031.181: [GC (Allocation Failure) [PSYoungGen: 71085K->1440K(70656K)] 431281K->361643K(583168K), 0.0021489 secs] [Times: user=0.01 sys=0.00, real=0.00 secs] 
2031.491: [GC (Allocation Failure) [PSYoungGen: 70560K->1392K(70144K)] 430763K->361595K(582656K), 0.0020938 secs] [Times: user=0.01 sys=0.00, real=0.00 secs] 
2031.831: [GC (Allocation Failure) [PSYoungGen: 70000K->1408K(69632K)] 430203K->361611K(582144K), 0.0020150 secs] [Times: user=0.01 sys=0.00, real=0.00 secs] 
2032.127: [GC (Allocation Failure) [PSYoungGen: 69504K->1408K(69120K)] 429707K->361611K(581632K), 0.0021100 secs] [Times: user=0.01 sys=0.00, real=0.00 secs] 
2032.434: [GC (Allocation Failure) [PSYoungGen: 68992K->1437K(68608K)] 429195K->361641K(581120K), 0.0021451 secs] [Times: user=0.00 sys=0.00, real=0.01 secs] 
2032.564: [GC (Allocation Failure) [PSYoungGen: 68509K->1533K(68096K)] 428713K->361737K(580608K), 0.0015441 secs] [Times: user=0.01 sys=0.00, real=0.01 secs] 
2032.680: [GC (Allocation Failure) [PSYoungGen: 68093K->1437K(73728K)] 428297K->361641K(586240K), 0.0017299 secs] [Times: user=0.01 sys=0.00, real=0.00 secs] 
2032.806: [GC (Allocation Failure) [PSYoungGen: 73629K->1533K(74240K)] 433833K->361737K(586752K), 0.0017128 secs] [Times: user=0.00 sys=0.00, real=0.00 secs] 
2033.125: [GC (Allocation Failure) [PSYoungGen: 73725K->1472K(80384K)] 433929K->361683K(592896K), 0.0022952 secs] [Times: user=0.01 sys=0.00, real=0.00 secs] 
2033.507: [GC (Allocation Failure) [PSYoungGen: 79808K->1424K(80384K)] 440019K->361635K(592896K), 0.0039670 secs] [Times: user=0.01 sys=0.01, real=0.00 secs] 
2033.930: [GC (Allocation Failure) [PSYoungGen: 79760K->1344K(79360K)] 439971K->361555K(591872K), 0.0025060 secs] [Times: user=0.01 sys=0.00, real=0.00 secs] 
2034.480: [GC (Allocation Failure) [PSYoungGen: 79168K->1456K(78848K)] 439379K->361667K(591360K), 0.0026481 secs] [Times: user=0.01 sys=0.01, real=0.00 secs] 
2034.746: [GC (Allocation Failure) [PSYoungGen: 78768K->1533K(78336K)] 438979K->361745K(590848K), 0.0018151 secs] [Times: user=0.01 sys=0.00, real=0.00 secs] 
2034.880: [GC (Allocation Failure) [PSYoungGen: 78333K->1469K(77824K)] 438545K->361681K(590336K), 0.0019480 secs] [Times: user=0.01 sys=0.00, real=0.00 secs] 
2035.014: [GC (Allocation Failure) [PSYoungGen: 77757K->1501K(77312K)] 437969K->361713K(589824K), 0.0016497 secs] [Times: user=0.01 sys=0.00, real=0.01 secs] 
2035.492: [GC (Allocation Failure) [PSYoungGen: 77277K->1376K(76800K)] 437489K->361587K(589312K), 0.0022763 secs] [Times: user=0.01 sys=0.00, real=0.00 secs] 
2036.113: [GC (Allocation Failure) [PSYoungGen: 76640K->1376K(76288K)] 436851K->361587K(588800K), 0.0022153 secs] [Times: user=0.01 sys=0.00, real=0.01 secs] 
2036.455: [GC (Allocation Failure) [PSYoungGen: 76128K->1408K(75776K)] 436339K->361619K(588288K), 0.0023845 secs] [Times: user=0.01 sys=0.00, real=0.00 secs] 
2036.887: [GC (Allocation Failure) [PSYoungGen: 75648K->1408K(75264K)] 435859K->361619K(587776K), 0.0022255 secs] [Times: user=0.01 sys=0.00, real=0.00 secs] 
2037.232: [GC (Allocation Failure) [PSYoungGen: 75136K->1501K(74752K)] 435347K->361713K(587264K), 0.0027936 secs] [Times: user=0.01 sys=0.00, real=0.01 secs] 
2037.402: [GC (Allocation Failure) [PSYoungGen: 74717K->1501K(74240K)] 434929K->361713K(586752K), 0.0016215 secs] [Times: user=0.01 sys=0.00, real=0.00 secs] 
2037.551: [GC (Allocation Failure) [PSYoungGen: 74205K->1456K(73728K)] 434417K->361668K(586240K), 0.0020760 secs] [Times: user=0.00 sys=0.00, real=0.00 secs] 
2038.048: [GC (Allocation Failure) [PSYoungGen: 73648K->1472K(73216K)] 433860K->361683K(585728K), 0.0045720 secs] [Times: user=0.02 sys=0.00, real=0.00 secs] 
2039.186: [GC (Allocation Failure) [PSYoungGen: 73152K->1376K(72704K)] 433363K->361587K(585216K), 0.0046608 secs] [Times: user=0.02 sys=0.00, real=0.00 secs] 
2040.034: [GC (Allocation Failure) [PSYoungGen: 72544K->1408K(72192K)] 432755K->361619K(584704K), 0.0033184 secs] [Times: user=0.02 sys=0.00, real=0.01 secs] 
2040.483: [GC (Allocation Failure) [PSYoungGen: 72064K->1376K(71680K)] 432275K->361587K(584192K), 0.0023561 secs] [Times: user=0.01 sys=0.00, real=0.01 secs] 
2041.209: [GC (Allocation Failure) [PSYoungGen: 71520K->1501K(71168K)] 431731K->361729K(583680K), 0.0023522 secs] [Times: user=0.01 sys=0.00, real=0.00 secs] 
2041.416: [GC (Allocation Failure) [PSYoungGen: 71133K->1485K(70656K)] 431361K->361713K(583168K), 0.0024133 secs] [Times: user=0.01 sys=0.00, real=0.00 secs] 
2041.605: [GC (Allocation Failure) [PSYoungGen: 70605K->1501K(70144K)] 430833K->361729K(582656K), 0.0025063 secs] [Times: user=0.01 sys=0.00, real=0.00 secs] 
2041.761: [GC (Allocation Failure) [PSYoungGen: 70096K->1504K(69632K)] 430324K->361732K(582144K), 0.0018370 secs] [Times: user=0.01 sys=0.00, real=0.00 secs] 
2042.601: [GC (Allocation Failure) [PSYoungGen: 69600K->1440K(69120K)] 429828K->361667K(581632K), 0.0044266 secs] [Times: user=0.01 sys=0.01, real=0.01 secs] 
2043.460: [GC (Allocation Failure) [PSYoungGen: 69024K->1344K(68608K)] 429251K->361571K(581120K), 0.0034146 secs] [Times: user=0.01 sys=0.00, real=0.00 secs] 
2043.831: [GC (Allocation Failure) [PSYoungGen: 68416K->1376K(68096K)] 428643K->361603K(580608K), 0.0021063 secs] [Times: user=0.01 sys=0.00, real=0.00 secs] 
2044.405: [GC (Allocation Failure) [PSYoungGen: 67936K->1440K(67584K)] 428163K->361667K(580096K), 0.0026458 secs] [Times: user=0.01 sys=0.00, real=0.00 secs] 
2044.853: [GC (Allocation Failure) [PSYoungGen: 67488K->1501K(67072K)] 427715K->361729K(579584K), 0.0021449 secs] [Times: user=0.01 sys=0.00, real=0.01 secs] 
2044.995: [GC (Allocation Failure) [PSYoungGen: 67037K->1501K(66560K)] 427265K->361729K(579072K), 0.0016521 secs] [Times: user=0.00 sys=0.00, real=0.00 secs] 
2045.125: [GC (Allocation Failure) [PSYoungGen: 66525K->1501K(66048K)] 426753K->361729K(578560K), 0.0019610 secs] [Times: user=0.01 sys=0.00, real=0.00 secs] 
2045.269: [GC (Allocation Failure) [PSYoungGen: 66013K->1437K(71680K)] 426241K->361681K(584192K), 0.0019581 secs] [Times: user=0.01 sys=0.00, real=0.00 secs] 
2045.516: [GC (Allocation Failure) [PSYoungGen: 71581K->1424K(71168K)] 431825K->361667K(583680K), 0.0022379 secs] [Times: user=0.00 sys=0.00, real=0.00 secs] 
2045.806: [GC (Allocation Failure) [PSYoungGen: 71056K->1376K(70656K)] 431299K->361619K(583168K), 0.0022465 secs] [Times: user=0.01 sys=0.00, real=0.00 secs] 
2046.094: [GC (Allocation Failure) [PSYoungGen: 70496K->1408K(70144K)] 430739K->361651K(582656K), 0.0022333 secs] [Times: user=0.00 sys=0.00, real=0.01 secs] 
2046.385: [GC (Allocation Failure) [PSYoungGen: 70016K->1408K(69632K)] 430259K->361651K(582144K), 0.0034578 secs] [Times: user=0.01 sys=0.00, real=0.00 secs] 
2046.668: [GC (Allocation Failure) [PSYoungGen: 69504K->1501K(69120K)] 429747K->361745K(581632K), 0.0024177 secs] [Times: user=0.01 sys=0.00, real=0.00 secs] 
2046.807: [GC (Allocation Failure) [PSYoungGen: 69085K->1533K(68608K)] 429329K->361777K(581120K), 0.0016890 secs] [Times: user=0.01 sys=0.00, real=0.00 secs] 
2046.925: [GC (Allocation Failure) [PSYoungGen: 68605K->1533K(69120K)] 428849K->361777K(581632K), 0.0017900 secs] [Times: user=0.01 sys=0.00, real=0.00 secs] 
2047.043: [GC (Allocation Failure) [PSYoungGen: 68605K->1469K(69120K)] 428849K->361721K(581632K), 0.0016761 secs] [Times: user=0.01 sys=0.00, real=0.01 secs] 
2047.664: [GC (Allocation Failure) [PSYoungGen: 68541K->1440K(68096K)] 428793K->361691K(580608K), 0.0022606 secs] [Times: user=0.01 sys=0.00, real=0.01 secs] 
2048.411: [GC (Allocation Failure) [PSYoungGen: 68000K->1344K(67584K)] 428251K->361595K(580096K), 0.0036572 secs] [Times: user=0.02 sys=0.00, real=0.01 secs] 
2049.344: [GC (Allocation Failure) [PSYoungGen: 67392K->1376K(67072K)] 427643K->361627K(579584K), 0.0034953 secs] [Times: user=0.01 sys=0.00, real=0.00 secs] 
2049.917: [GC (Allocation Failure) [PSYoungGen: 66912K->1376K(66560K)] 427163K->361659K(579072K), 0.0035592 secs] [Times: user=0.01 sys=0.00, real=0.00 secs] 
2050.446: [GC (Allocation Failure) [PSYoungGen: 66400K->1469K(66048K)] 426683K->361753K(578560K), 0.0033005 secs] [Times: user=0.01 sys=0.00, real=0.00 secs] 
2050.642: [GC (Allocation Failure) [PSYoungGen: 65981K->1485K(65536K)] 426265K->361769K(578048K), 0.0021648 secs] [Times: user=0.01 sys=0.00, real=0.01 secs] 
2050.760: [GC (Allocation Failure) [PSYoungGen: 65485K->1501K(65024K)] 425769K->361785K(577536K), 0.0017282 secs] [Times: user=0.00 sys=0.00, real=0.00 secs] 
2050.871: [GC (Allocation Failure) [PSYoungGen: 64989K->1437K(70656K)] 425273K->361737K(583168K), 0.0018079 secs] [Times: user=0.01 sys=0.00, real=0.00 secs] 
2051.278: [GC (Allocation Failure) [PSYoungGen: 70557K->1440K(71168K)] 430857K->361739K(583680K), 0.0035182 secs] [Times: user=0.01 sys=0.00, real=0.00 secs] 
2052.023: [GC (Allocation Failure) [PSYoungGen: 70560K->1344K(70144K)] 430859K->361643K(582656K), 0.0027000 secs] [Times: user=0.01 sys=0.00, real=0.01 secs] 
2052.960: [GC (Allocation Failure) [PSYoungGen: 69952K->1376K(69632K)] 430251K->361675K(582144K), 0.0050483 secs] [Times: user=0.02 sys=0.00, real=0.01 secs] 
2053.798: [GC (Allocation Failure) [PSYoungGen: 69472K->1344K(69120K)] 429771K->361643K(581632K), 0.0030093 secs] [Times: user=0.01 sys=0.00, real=0.00 secs] 
2054.515: [GC (Allocation Failure) [PSYoungGen: 68928K->1501K(68608K)] 429227K->361801K(581120K), 0.0035071 secs] [Times: user=0.02 sys=0.00, real=0.00 secs] 
2054.761: [GC (Allocation Failure) [PSYoungGen: 68573K->1533K(68096K)] 428873K->361833K(580608K), 0.0021122 secs] [Times: user=0.01 sys=0.00, real=0.00 secs] 
2054.947: [GC (Allocation Failure) [PSYoungGen: 68093K->1533K(67584K)] 428393K->361833K(580096K), 0.0027030 secs] [Times: user=0.01 sys=0.00, real=0.00 secs] 
2055.108: [GC (Allocation Failure) [PSYoungGen: 67581K->1565K(67584K)] 427881K->361873K(580096K), 0.0017322 secs] [Times: user=0.00 sys=0.00, real=0.00 secs] 
2055.421: [GC (Allocation Failure) [PSYoungGen: 67101K->1472K(66560K)] 427409K->361779K(579072K), 0.0022153 secs] [Times: user=0.01 sys=0.00, real=0.00 secs] 
2055.903: [GC (Allocation Failure) [PSYoungGen: 66496K->1408K(66048K)] 426803K->361723K(578560K), 0.0022381 secs] [Times: user=0.01 sys=0.00, real=0.01 secs] 
2056.433: [GC (Allocation Failure) [PSYoungGen: 65920K->1408K(65536K)] 426235K->361731K(578048K), 0.0029702 secs] [Times: user=0.01 sys=0.00, real=0.01 secs] 
2057.192: [GC (Allocation Failure) [PSYoungGen: 65408K->1408K(65024K)] 425731K->361731K(577536K), 0.0036411 secs] [Times: user=0.02 sys=0.00, real=0.01 secs] 
2057.928: [GC (Allocation Failure) [PSYoungGen: 64896K->1408K(64512K)] 425219K->361731K(577024K), 0.0033920 secs] [Times: user=0.01 sys=0.00, real=0.00 secs] 
2058.174: [GC (Allocation Failure) [PSYoungGen: 64358K->1501K(64000K)] 424682K->361825K(576512K), 0.0021537 secs] [Times: user=0.01 sys=0.00, real=0.00 secs] 
2058.291: [GC (Allocation Failure) [PSYoungGen: 63965K->1533K(63488K)] 424289K->361857K(576000K), 0.0015873 secs] [Times: user=0.01 sys=0.00, real=0.00 secs] 
2058.399: [GC (Allocation Failure) [PSYoungGen: 63485K->1469K(64512K)] 423809K->361809K(577024K), 0.0017436 secs] [Times: user=0.00 sys=0.00, real=0.00 secs] 
2058.509: [GC (Allocation Failure) [PSYoungGen: 63933K->1501K(69120K)] 424273K->361841K(581632K), 0.0016717 secs] [Times: user=0.00 sys=0.00, real=0.00 secs] 
2059.046: [GC (Allocation Failure) [PSYoungGen: 68573K->1408K(68096K)] 428913K->361747K(580608K), 0.0020781 secs] [Times: user=0.01 sys=0.00, real=0.00 secs] 
2059.323: [GC (Allocation Failure) [PSYoungGen: 67968K->1376K(67584K)] 428307K->361715K(580096K), 0.0020698 secs] [Times: user=0.00 sys=0.00, real=0.01 secs] 
2059.599: [GC (Allocation Failure) [PSYoungGen: 67424K->1376K(67072K)] 427763K->361739K(579584K), 0.0027477 secs] [Times: user=0.01 sys=0.00, real=0.00 secs] 
2059.983: [GC (Allocation Failure) [PSYoungGen: 66912K->1408K(66560K)] 427275K->361771K(579072K), 0.0022405 secs] [Times: user=0.01 sys=0.00, real=0.01 secs] 
2060.310: [GC (Allocation Failure) [PSYoungGen: 66432K->1469K(66048K)] 426795K->361833K(578560K), 0.0016733 secs] [Times: user=0.01 sys=0.00, real=0.00 secs] 
2060.423: [GC (Allocation Failure) [PSYoungGen: 65981K->1533K(65536K)] 426345K->361897K(578048K), 0.0018337 secs] [Times: user=0.01 sys=0.00, real=0.01 secs] 
2060.536: [GC (Allocation Failure) [PSYoungGen: 65517K->1437K(66048K)] 425881K->361817K(578560K), 0.0016978 secs] [Times: user=0.00 sys=0.00, real=0.00 secs] 
2060.650: [GC (Allocation Failure) [PSYoungGen: 65437K->1501K(71680K)] 425817K->361881K(584192K), 0.0016568 secs] [Times: user=0.01 sys=0.00, real=0.00 secs] 
2061.620: [GC (Allocation Failure) [PSYoungGen: 71133K->1408K(71680K)] 431513K->361787K(584192K), 0.0044307 secs] [Times: user=0.01 sys=0.00, real=0.01 secs] 
2062.629: [GC (Allocation Failure) [PSYoungGen: 71040K->1376K(70656K)] 431419K->361755K(583168K), 0.0041892 secs] [Times: user=0.01 sys=0.00, real=0.00 secs] 
2063.283: [GC (Allocation Failure) [PSYoungGen: 70496K->1392K(70144K)] 430875K->361771K(582656K), 0.0035168 secs] [Times: user=0.01 sys=0.00, real=0.01 secs] 
2064.532: [GC (Allocation Failure) [PSYoungGen: 70000K->1360K(69632K)] 430379K->361739K(582144K), 0.0042778 secs] [Times: user=0.02 sys=0.01, real=0.01 secs] 
2065.413: [GC (Allocation Failure) [PSYoungGen: 69456K->1469K(69120K)] 429835K->361849K(581632K), 0.0026279 secs] [Times: user=0.01 sys=0.00, real=0.01 secs] 
2065.575: [GC (Allocation Failure) [PSYoungGen: 69053K->1501K(68608K)] 429433K->361881K(581120K), 0.0020439 secs] [Times: user=0.01 sys=0.00, real=0.00 secs] 
2065.694: [GC (Allocation Failure) [PSYoungGen: 68573K->1536K(68608K)] 428953K->361916K(581120K), 0.0017048 secs] [Times: user=0.01 sys=0.00, real=0.01 secs] 
2065.811: [GC (Allocation Failure) [PSYoungGen: 68096K->509K(73216K)] 428476K->361929K(585728K), 0.0016721 secs] [Times: user=0.00 sys=0.00, real=0.00 secs] 
2066.112: [GC (Allocation Failure) [PSYoungGen: 72701K->1440K(73216K)] 434121K->362859K(585728K), 0.0020407 secs] [Times: user=0.01 sys=0.00, real=0.00 secs] 
2066.410: [GC (Allocation Failure) [PSYoungGen: 73120K->1376K(72704K)] 434539K->362795K(585216K), 0.0021555 secs] [Times: user=0.01 sys=0.00, real=0.00 secs] 
2066.706: [GC (Allocation Failure) [PSYoungGen: 72544K->1408K(72192K)] 433963K->362827K(584704K), 0.0020661 secs] [Times: user=0.00 sys=0.00, real=0.00 secs] 
2067.001: [GC (Allocation Failure) [PSYoungGen: 72064K->1344K(71680K)] 433483K->362763K(584192K), 0.0021657 secs] [Times: user=0.01 sys=0.00, real=0.00 secs] 
2067.298: [GC (Allocation Failure) [PSYoungGen: 71487K->1437K(71168K)] 432907K->362857K(583680K), 0.0017415 secs] [Times: user=0.01 sys=0.00, real=0.00 secs] 
2067.420: [GC (Allocation Failure) [PSYoungGen: 71069K->1469K(70656K)] 432489K->362889K(583168K), 0.0017105 secs] [Times: user=0.01 sys=0.00, real=0.00 secs] 
2067.543: [GC (Allocation Failure) [PSYoungGen: 70589K->1533K(71168K)] 432009K->362953K(583680K), 0.0017276 secs] [Times: user=0.00 sys=0.00, real=0.01 secs] 
2067.688: [GC (Allocation Failure) [PSYoungGen: 70653K->1536K(76800K)] 432073K->362955K(589312K), 0.0016209 secs] [Times: user=0.00 sys=0.00, real=0.00 secs] 
2067.993: [GC (Allocation Failure) [PSYoungGen: 76288K->1376K(75776K)] 437707K->362795K(588288K), 0.0018331 secs] [Times: user=0.00 sys=0.00, real=0.01 secs] 
2068.301: [GC (Allocation Failure) [PSYoungGen: 75616K->1408K(75264K)] 437035K->362827K(587776K), 0.0015391 secs] [Times: user=0.01 sys=0.00, real=0.00 secs] 
2068.607: [GC (Allocation Failure) [PSYoungGen: 75136K->1408K(74752K)] 436555K->362835K(587264K), 0.0024127 secs] [Times: user=0.01 sys=0.01, real=0.00 secs] 
2068.899: [GC (Allocation Failure) [PSYoungGen: 74624K->1469K(74240K)] 436051K->362897K(586752K), 0.0022049 secs] [Times: user=0.00 sys=0.00, real=0.00 secs] 
2069.089: [GC (Allocation Failure) [PSYoungGen: 74173K->1469K(73728K)] 435601K->362897K(586240K), 0.0025605 secs] [Times: user=0.01 sys=0.00, real=0.00 secs] 
2069.251: [GC (Allocation Failure) [PSYoungGen: 73661K->1437K(73216K)] 435089K->362865K(585728K), 0.0018727 secs] [Times: user=0.01 sys=0.00, real=0.00 secs] 
2069.377: [GC (Allocation Failure) [PSYoungGen: 73117K->1501K(73728K)] 434545K->362929K(586240K), 0.0017130 secs] [Times: user=0.00 sys=0.00, real=0.00 secs] 
2069.841: [GC (Allocation Failure) [PSYoungGen: 73181K->1440K(79872K)] 434609K->362875K(592384K), 0.0044856 secs] [Times: user=0.02 sys=0.00, real=0.01 secs] 
2070.498: [GC (Allocation Failure) [PSYoungGen: 79264K->1408K(78848K)] 440699K->362843K(591360K), 0.0028261 secs] [Times: user=0.01 sys=0.00, real=0.00 secs] 
2070.892: [GC (Allocation Failure) [PSYoungGen: 78720K->1376K(78336K)] 440155K->362811K(590848K), 0.0022991 secs] [Times: user=0.00 sys=0.00, real=0.01 secs] 
2071.214: [GC (Allocation Failure) [PSYoungGen: 78176K->1344K(77824K)] 439611K->362779K(590336K), 0.0020730 secs] [Times: user=0.01 sys=0.00, real=0.00 secs] 
2071.512: [GC (Allocation Failure) [PSYoungGen: 77632K->1536K(77824K)] 439067K->362972K(590336K), 0.0017272 secs] [Times: user=0.01 sys=0.00, real=0.00 secs] 
2071.667: [GC (Allocation Failure) [PSYoungGen: 77312K->1485K(76800K)] 438748K->362921K(589312K), 0.0022683 secs] [Times: user=0.00 sys=0.00, real=0.00 secs] 
2071.857: [GC (Allocation Failure) [PSYoungGen: 76749K->1469K(76288K)] 438185K->362905K(588800K), 0.0024229 secs] [Times: user=0.01 sys=0.00, real=0.00 secs] 
2072.633: [GC (Allocation Failure) [PSYoungGen: 76221K->1440K(75776K)] 437657K->362875K(588288K), 0.0037782 secs] [Times: user=0.02 sys=0.00, real=0.01 secs] 
2073.298: [GC (Allocation Failure) [PSYoungGen: 75680K->1408K(75264K)] 437115K->362843K(587776K), 0.0021870 secs] [Times: user=0.00 sys=0.00, real=0.00 secs] 
2074.096: [GC (Allocation Failure) [PSYoungGen: 75136K->1376K(74752K)] 436571K->362811K(587264K), 0.0023670 secs] [Times: user=0.01 sys=0.00, real=0.00 secs] 
2074.814: [GC (Allocation Failure) [PSYoungGen: 74592K->1408K(74240K)] 436027K->362843K(586752K), 0.0022217 secs] [Times: user=0.01 sys=0.00, real=0.01 secs] 
2075.088: [GC (Allocation Failure) [PSYoungGen: 74112K->1501K(73728K)] 435547K->362937K(586240K), 0.0017895 secs] [Times: user=0.00 sys=0.00, real=0.00 secs] 
2075.217: [GC (Allocation Failure) [PSYoungGen: 73693K->1453K(74240K)] 435129K->362889K(586752K), 0.0042097 secs] [Times: user=0.02 sys=0.00, real=0.00 secs] 
2075.383: [GC (Allocation Failure) [PSYoungGen: 74140K->1437K(74752K)] 435576K->362873K(587264K), 0.0022746 secs] [Times: user=0.01 sys=0.00, real=0.01 secs] 
2076.068: [GC (Allocation Failure) [PSYoungGen: 74141K->1504K(80384K)] 435577K->362939K(592896K), 0.0034032 secs] [Times: user=0.02 sys=0.00, real=0.00 secs] 
2077.646: [GC (Allocation Failure) [PSYoungGen: 80352K->1424K(79872K)] 441787K->362859K(592384K), 0.0029285 secs] [Times: user=0.01 sys=0.00, real=0.00 secs] 
2078.895: [GC (Allocation Failure) [PSYoungGen: 79760K->1376K(79360K)] 441195K->362811K(591872K), 0.0049716 secs] [Times: user=0.01 sys=0.00, real=0.00 secs] 
2079.932: [GC (Allocation Failure) [PSYoungGen: 79200K->1376K(78848K)] 440635K->362811K(591360K), 0.0044487 secs] [Times: user=0.02 sys=0.00, real=0.01 secs] 
2080.490: [GC (Allocation Failure) [PSYoungGen: 78688K->1488K(78336K)] 440123K->362924K(590848K), 0.0023407 secs] [Times: user=0.01 sys=0.00, real=0.00 secs] 
2080.644: [GC (Allocation Failure) [PSYoungGen: 78288K->1501K(77824K)] 439724K->362937K(590336K), 0.0018551 secs] [Times: user=0.01 sys=0.00, real=0.00 secs] 
2080.781: [GC (Allocation Failure) [PSYoungGen: 77789K->1533K(77312K)] 439225K->362969K(589824K), 0.0017753 secs] [Times: user=0.01 sys=0.00, real=0.00 secs] 
2080.999: [GC (Allocation Failure) [PSYoungGen: 77309K->1408K(76800K)] 438745K->362843K(589312K), 0.0020679 secs] [Times: user=0.01 sys=0.00, real=0.00 secs] 
2081.362: [GC (Allocation Failure) [PSYoungGen: 76672K->1408K(76288K)] 438107K->362843K(588800K), 0.0019125 secs] [Times: user=0.01 sys=0.00, real=0.00 secs] 
2081.696: [GC (Allocation Failure) [PSYoungGen: 76160K->1376K(75776K)] 437595K->362811K(588288K), 0.0020822 secs] [Times: user=0.01 sys=0.00, real=0.00 secs] 
2082.137: [GC (Allocation Failure) [PSYoungGen: 75616K->1408K(75264K)] 437051K->362843K(587776K), 0.0020961 secs] [Times: user=0.01 sys=0.00, real=0.00 secs] 
2082.579: [GC (Allocation Failure) [PSYoungGen: 75136K->1501K(74752K)] 436571K->362953K(587264K), 0.0017330 secs] [Times: user=0.01 sys=0.00, real=0.00 secs] 
2082.708: [GC (Allocation Failure) [PSYoungGen: 74717K->1533K(74240K)] 436169K->362985K(586752K), 0.0017938 secs] [Times: user=0.00 sys=0.00, real=0.00 secs] 
2082.836: [GC (Allocation Failure) [PSYoungGen: 74237K->1501K(73728K)] 435689K->362953K(586240K), 0.0017277 secs] [Times: user=0.01 sys=0.00, real=0.00 secs] 
2082.963: [GC (Allocation Failure) [PSYoungGen: 73693K->1501K(74240K)] 435145K->362953K(586752K), 0.0017446 secs] [Times: user=0.01 sys=0.00, real=0.01 secs] 
2083.371: [GC (Allocation Failure) [PSYoungGen: 73693K->1376K(73216K)] 435145K->362827K(585728K), 0.0021738 secs] [Times: user=0.01 sys=0.00, real=0.00 secs] 
2083.674: [GC (Allocation Failure) [PSYoungGen: 73056K->1376K(72704K)] 434507K->362827K(585216K), 0.0021402 secs] [Times: user=0.01 sys=0.00, real=0.00 secs] 
2083.971: [GC (Allocation Failure) [PSYoungGen: 72544K->1408K(72192K)] 433995K->362859K(584704K), 0.0020573 secs] [Times: user=0.00 sys=0.01, real=0.00 secs] 
2084.266: [GC (Allocation Failure) [PSYoungGen: 72064K->1408K(71680K)] 433515K->362859K(584192K), 0.0020562 secs] [Times: user=0.00 sys=0.00, real=0.00 secs] 
2084.420: [GC (Allocation Failure) [PSYoungGen: 71552K->1472K(71168K)] 433003K->362924K(583680K), 0.0018530 secs] [Times: user=0.00 sys=0.00, real=0.00 secs] 
2084.542: [GC (Allocation Failure) [PSYoungGen: 71104K->1501K(71680K)] 432556K->362953K(584192K), 0.0017733 secs] [Times: user=0.01 sys=0.00, real=0.00 secs] 
2084.664: [GC (Allocation Failure) [PSYoungGen: 71133K->1533K(71680K)] 432585K->362985K(584192K), 0.0036633 secs] [Times: user=0.01 sys=0.00, real=0.00 secs] 
2085.134: [GC (Allocation Failure) [PSYoungGen: 71165K->1408K(77824K)] 432617K->362867K(590336K), 0.0026732 secs] [Times: user=0.01 sys=0.00, real=0.01 secs] 
2085.980: [GC (Allocation Failure) [PSYoungGen: 77696K->1408K(78336K)] 439155K->362867K(590848K), 0.0064926 secs] [Times: user=0.01 sys=0.02, real=0.01 secs] 
2086.917: [GC (Allocation Failure) [PSYoungGen: 77696K->1440K(77312K)] 439155K->362899K(589824K), 0.0027825 secs] [Times: user=0.01 sys=0.00, real=0.00 secs] 
2087.624: [GC (Allocation Failure) [PSYoungGen: 77216K->1376K(76800K)] 438675K->362835K(589312K), 0.0028950 secs] [Times: user=0.01 sys=0.00, real=0.00 secs] 
2088.126: [GC (Allocation Failure) [PSYoungGen: 76640K->1469K(76288K)] 438099K->362929K(588800K), 0.0020362 secs] [Times: user=0.01 sys=0.00, real=0.00 secs] 
2088.265: [GC (Allocation Failure) [PSYoungGen: 76221K->1501K(75776K)] 437681K->362961K(588288K), 0.0017233 secs] [Times: user=0.00 sys=0.00, real=0.00 secs] 
2088.396: [GC (Allocation Failure) [PSYoungGen: 75741K->1533K(75264K)] 437201K->362993K(587776K), 0.0016950 secs] [Times: user=0.00 sys=0.00, real=0.00 secs] 
2088.625: [GC (Allocation Failure) [PSYoungGen: 75261K->1952K(75264K)] 436721K->363923K(587776K), 0.0021690 secs] [Times: user=0.01 sys=0.00, real=0.00 secs] 
2089.701: [GC (Allocation Failure) [PSYoungGen: 75168K->384K(73216K)] 437139K->363379K(585728K), 0.0022405 secs] [Times: user=0.01 sys=0.00, real=0.00 secs] 
2090.588: [GC (Allocation Failure) [PSYoungGen: 73088K->320K(72704K)] 436083K->363315K(585216K), 0.0021759 secs] [Times: user=0.01 sys=0.00, real=0.00 secs] 
2091.231: [GC (Allocation Failure) [PSYoungGen: 72512K->320K(72192K)] 435507K->363315K(584704K), 0.0023236 secs] [Times: user=0.01 sys=0.00, real=0.00 secs] 
2091.913: [GC (Allocation Failure) [PSYoungGen: 72000K->1485K(73728K)] 434995K->364481K(586240K), 0.0027256 secs] [Times: user=0.01 sys=0.01, real=0.01 secs] 
2092.090: [GC (Allocation Failure) [PSYoungGen: 72653K->1533K(72192K)] 435649K->364529K(584704K), 0.0016519 secs] [Times: user=0.00 sys=0.00, real=0.00 secs] 
2092.215: [GC (Allocation Failure) [PSYoungGen: 72189K->1437K(71680K)] 435185K->364449K(584192K), 0.0018842 secs] [Times: user=0.00 sys=0.00, real=0.00 secs] 
2092.338: [GC (Allocation Failure) [PSYoungGen: 71553K->1533K(71168K)] 434565K->364545K(583680K), 0.0018358 secs] [Times: user=0.00 sys=0.00, real=0.00 secs] 
2092.813: [GC (Allocation Failure) [PSYoungGen: 71165K->1472K(70656K)] 434177K->364483K(583168K), 0.0020525 secs] [Times: user=0.00 sys=0.00, real=0.01 secs] 
2093.824: [GC (Allocation Failure) [PSYoungGen: 70592K->1344K(70144K)] 433603K->364355K(582656K), 0.0021537 secs] [Times: user=0.01 sys=0.00, real=0.00 secs] 
2094.866: [GC (Allocation Failure) [PSYoungGen: 69952K->1376K(69632K)] 432963K->364387K(582144K), 0.0021350 secs] [Times: user=0.01 sys=0.00, real=0.00 secs] 
2095.580: [GC (Allocation Failure) [PSYoungGen: 69472K->1408K(69120K)] 432483K->364419K(581632K), 0.0022355 secs] [Times: user=0.01 sys=0.00, real=0.00 secs] 
2096.033: [GC (Allocation Failure) [PSYoungGen: 68992K->1533K(68608K)] 432003K->364545K(581120K), 0.0021442 secs] [Times: user=0.01 sys=0.00, real=0.01 secs] 
2096.159: [GC (Allocation Failure) [PSYoungGen: 68605K->1533K(68096K)] 431617K->364545K(580608K), 0.0016924 secs] [Times: user=0.01 sys=0.00, real=0.00 secs] 
2096.276: [GC (Allocation Failure) [PSYoungGen: 68093K->1453K(67584K)] 431105K->364465K(580096K), 0.0017061 secs] [Times: user=0.01 sys=0.00, real=0.00 secs] 
2096.393: [GC (Allocation Failure) [PSYoungGen: 67501K->1501K(70144K)] 430513K->364529K(582656K), 0.0017120 secs] [Times: user=0.01 sys=0.00, real=0.01 secs] 
2096.970: [GC (Allocation Failure) [PSYoungGen: 70109K->1408K(69632K)] 433137K->364435K(582144K), 0.0021968 secs] [Times: user=0.01 sys=0.00, real=0.00 secs] 
2097.456: [GC (Allocation Failure) [PSYoungGen: 69504K->1376K(69120K)] 432531K->364403K(581632K), 0.0023622 secs] [Times: user=0.01 sys=0.00, real=0.00 secs] 
2097.963: [GC (Allocation Failure) [PSYoungGen: 68960K->1408K(68608K)] 431987K->364435K(581120K), 0.0024061 secs] [Times: user=0.01 sys=0.00, real=0.01 secs] 
2098.528: [GC (Allocation Failure) [PSYoungGen: 68480K->1408K(68096K)] 431507K->364435K(580608K), 0.0024523 secs] [Times: user=0.01 sys=0.00, real=0.00 secs] 
2098.940: [GC (Allocation Failure) [PSYoungGen: 67968K->1453K(67584K)] 430995K->364481K(580096K), 0.0022091 secs] [Times: user=0.01 sys=0.00, real=0.00 secs] 
2099.072: [GC (Allocation Failure) [PSYoungGen: 67501K->1501K(67072K)] 430529K->364529K(579584K), 0.0017955 secs] [Times: user=0.01 sys=0.00, real=0.00 secs] 
2099.187: [GC (Allocation Failure) [PSYoungGen: 67037K->1469K(66560K)] 430065K->364497K(579072K), 0.0017062 secs] [Times: user=0.01 sys=0.01, real=0.00 secs] 
2099.301: [GC (Allocation Failure) [PSYoungGen: 66493K->1437K(67072K)] 429521K->364481K(579584K), 0.0016845 secs] [Times: user=0.00 sys=0.00, real=0.00 secs] 
2099.737: [GC (Allocation Failure) [PSYoungGen: 66461K->1472K(66048K)] 429505K->364515K(578560K), 0.0022762 secs] [Times: user=0.01 sys=0.00, real=0.00 secs] 
2100.006: [GC (Allocation Failure) [PSYoungGen: 65984K->1408K(65536K)] 429027K->364475K(578048K), 0.0021529 secs] [Times: user=0.01 sys=0.00, real=0.00 secs] 
2100.312: [GC (Allocation Failure) [PSYoungGen: 65408K->1344K(65024K)] 428475K->364411K(577536K), 0.0031269 secs] [Times: user=0.01 sys=0.00, real=0.01 secs] 
2100.626: [GC (Allocation Failure) [PSYoungGen: 64832K->1440K(64512K)] 427899K->364507K(577024K), 0.0022086 secs] [Times: user=0.01 sys=0.00, real=0.00 secs] 
2100.899: [GC (Allocation Failure) [PSYoungGen: 64416K->1437K(64000K)] 427483K->364505K(576512K), 0.0021550 secs] [Times: user=0.01 sys=0.00, real=0.00 secs] 
2101.020: [GC (Allocation Failure) [PSYoungGen: 63901K->1469K(63488K)] 426969K->364537K(576000K), 0.0017963 secs] [Times: user=0.01 sys=0.00, real=0.00 secs] 
2101.131: [GC (Allocation Failure) [PSYoungGen: 63421K->1472K(64000K)] 426489K->364540K(576512K), 0.0017448 secs] [Times: user=0.01 sys=0.00, real=0.00 secs] 
2101.240: [GC (Allocation Failure) [PSYoungGen: 63424K->1533K(69632K)] 426492K->364625K(582144K), 0.0016429 secs] [Times: user=0.01 sys=0.00, real=0.00 secs] 
2101.361: [GC (Allocation Failure) [PSYoungGen: 69117K->128K(69632K)] 432209K->363219K(582144K), 0.0016831 secs] [Times: user=0.01 sys=0.00, real=0.00 secs] 
2101.697: [GC (Allocation Failure) [PSYoungGen: 67712K->1376K(74752K)] 430803K->364467K(587264K), 0.0016122 secs] [Times: user=0.01 sys=0.00, real=0.00 secs] 
2102.056: [GC (Allocation Failure) [PSYoungGen: 74592K->1376K(74240K)] 437683K->364467K(586752K), 0.0019138 secs] [Times: user=0.00 sys=0.00, real=0.00 secs] 
2102.454: [GC (Allocation Failure) [PSYoungGen: 74080K->1376K(73728K)] 437171K->364467K(586240K), 0.0021248 secs] [Times: user=0.01 sys=0.00, real=0.00 secs] 
2103.096: [GC (Allocation Failure) [PSYoungGen: 73568K->1501K(73216K)] 436659K->364593K(585728K), 0.0023495 secs] [Times: user=0.00 sys=0.00, real=0.00 secs] 
2103.262: [GC (Allocation Failure) [PSYoungGen: 73181K->1501K(72704K)] 436273K->364593K(585216K), 0.0017410 secs] [Times: user=0.01 sys=0.00, real=0.00 secs] 
2103.407: [GC (Allocation Failure) [PSYoungGen: 72669K->1469K(72192K)] 435761K->364561K(584704K), 0.0020257 secs] [Times: user=0.01 sys=0.00, real=0.00 secs] 
2103.565: [GC (Allocation Failure) [PSYoungGen: 72125K->1469K(72704K)] 435217K->364569K(585216K), 0.0023897 secs] [Times: user=0.00 sys=0.00, real=0.00 secs] 
2104.496: [GC (Allocation Failure) [PSYoungGen: 72125K->1424K(71680K)] 435225K->364523K(584192K), 0.0031691 secs] [Times: user=0.02 sys=0.00, real=0.00 secs] 
2105.577: [GC (Allocation Failure) [PSYoungGen: 71568K->1408K(71168K)] 434667K->364507K(583680K), 0.0033613 secs] [Times: user=0.01 sys=0.00, real=0.00 secs] 
2105.959: [GC (Allocation Failure) [PSYoungGen: 71040K->1344K(70656K)] 434139K->364443K(583168K), 0.0029606 secs] [Times: user=0.01 sys=0.00, real=0.00 secs] 
2106.307: [GC (Allocation Failure) [PSYoungGen: 70464K->1408K(70144K)] 433563K->364507K(582656K), 0.0021213 secs] [Times: user=0.01 sys=0.00, real=0.00 secs] 
2106.568: [GC (Allocation Failure) [PSYoungGen: 70016K->1469K(69632K)] 433115K->364569K(582144K), 0.0017140 secs] [Times: user=0.01 sys=0.00, real=0.00 secs] 
2106.687: [GC (Allocation Failure) [PSYoungGen: 69565K->1469K(69120K)] 432665K->364569K(581632K), 0.0018191 secs] [Times: user=0.01 sys=0.00, real=0.00 secs] 
2106.808: [GC (Allocation Failure) [PSYoungGen: 69053K->1501K(69632K)] 432153K->364601K(582144K), 0.0016944 secs] [Times: user=0.00 sys=0.00, real=0.00 secs] 
2106.927: [GC (Allocation Failure) [PSYoungGen: 69085K->1517K(75264K)] 432185K->364617K(587776K), 0.0016839 secs] [Times: user=0.00 sys=0.01, real=0.00 secs] 
2108.470: [GC (Allocation Failure) [PSYoungGen: 74733K->1408K(74240K)] 437833K->364507K(586752K), 0.0048040 secs] [Times: user=0.01 sys=0.01, real=0.01 secs] 
2109.256: [GC (Allocation Failure) [PSYoungGen: 74112K->1344K(73728K)] 437211K->364443K(586240K), 0.0029549 secs] [Times: user=0.01 sys=0.00, real=0.00 secs] 
2110.096: [GC (Allocation Failure) [PSYoungGen: 73536K->1424K(73216K)] 436635K->364523K(585728K), 0.0031526 secs] [Times: user=0.01 sys=0.00, real=0.00 secs] 
2110.729: [GC (Allocation Failure) [PSYoungGen: 73104K->1408K(72704K)] 436203K->364507K(585216K), 0.0029676 secs] [Times: user=0.01 sys=0.00, real=0.00 secs] 
2111.159: [GC (Allocation Failure) [PSYoungGen: 72576K->1533K(72192K)] 435675K->364633K(584704K), 0.0022135 secs] [Times: user=0.01 sys=0.00, real=0.00 secs] 
2111.332: [GC (Allocation Failure) [PSYoungGen: 72189K->1517K(71680K)] 435289K->364617K(584192K), 0.0022547 secs] [Times: user=0.00 sys=0.00, real=0.01 secs] 
2111.497: [GC (Allocation Failure) [PSYoungGen: 71633K->1437K(71168K)] 434732K->364537K(583680K), 0.0021952 secs] [Times: user=0.01 sys=0.00, real=0.00 secs] 
2111.716: [GC (Allocation Failure) [PSYoungGen: 71069K->1696K(71168K)] 434169K->364819K(583680K), 0.0018729 secs] [Times: user=0.01 sys=0.00, real=0.00 secs] 
2112.078: [GC (Allocation Failure) [PSYoungGen: 70816K->1408K(70144K)] 433939K->364531K(582656K), 0.0023968 secs] [Times: user=0.01 sys=0.00, real=0.00 secs] 
2112.385: [GC (Allocation Failure) [PSYoungGen: 70016K->1360K(69632K)] 433139K->364483K(582144K), 0.0022407 secs] [Times: user=0.00 sys=0.00, real=0.00 secs] 
2112.708: [GC (Allocation Failure) [PSYoungGen: 69456K->1440K(69120K)] 432579K->364563K(581632K), 0.0024397 secs] [Times: user=0.00 sys=0.00, real=0.00 secs] 
2112.989: [GC (Allocation Failure) [PSYoungGen: 69024K->1344K(68608K)] 432147K->364467K(581120K), 0.0021654 secs] [Times: user=0.01 sys=0.00, real=0.00 secs] 
2113.246: [GC (Allocation Failure) [PSYoungGen: 68416K->1501K(68096K)] 431539K->364625K(580608K), 0.0017234 secs] [Times: user=0.01 sys=0.00, real=0.00 secs] 
2113.363: [GC (Allocation Failure) [PSYoungGen: 68061K->1469K(67584K)] 431185K->364593K(580096K), 0.0017802 secs] [Times: user=0.00 sys=0.00, real=0.01 secs] 
2113.480: [GC (Allocation Failure) [PSYoungGen: 67517K->1453K(68608K)] 430641K->364577K(581120K), 0.0018285 secs] [Times: user=0.01 sys=0.00, real=0.00 secs] 
2113.667: [GC (Allocation Failure) [PSYoungGen: 68013K->1968K(73728K)] 431137K->365092K(586240K), 0.0018762 secs] [Times: user=0.00 sys=0.00, real=0.00 secs] 
2114.595: [GC (Allocation Failure) [PSYoungGen: 73648K->1408K(72704K)] 436772K->364531K(585216K), 0.0032845 secs] [Times: user=0.02 sys=0.00, real=0.00 secs] 
2115.213: [GC (Allocation Failure) [PSYoungGen: 72576K->1408K(72192K)] 435699K->364531K(584704K), 0.0030207 secs] [Times: user=0.01 sys=0.00, real=0.01 secs] 
2115.822: [GC (Allocation Failure) [PSYoungGen: 72064K->1344K(71680K)] 435187K->364467K(584192K), 0.0024886 secs] [Times: user=0.01 sys=0.00, real=0.01 secs] 
2116.135: [GC (Allocation Failure) [PSYoungGen: 71488K->1501K(71168K)] 434611K->364625K(583680K), 0.0020846 secs] [Times: user=0.01 sys=0.00, real=0.00 secs] 
2116.280: [GC (Allocation Failure) [PSYoungGen: 71133K->1533K(70656K)] 434257K->364657K(583168K), 0.0015720 secs] [Times: user=0.01 sys=0.00, real=0.00 secs] 
2116.406: [GC (Allocation Failure) [PSYoungGen: 70653K->1533K(70144K)] 433777K->364657K(582656K), 0.0017312 secs] [Times: user=0.00 sys=0.00, real=0.00 secs] 
2116.527: [GC (Allocation Failure) [PSYoungGen: 70141K->1501K(70656K)] 433265K->364641K(583168K), 0.0018710 secs] [Times: user=0.01 sys=0.00, real=0.00 secs] 
2116.907: [GC (Allocation Failure) [PSYoungGen: 70109K->1440K(69632K)] 433249K->364579K(582144K), 0.0019610 secs] [Times: user=0.00 sys=0.00, real=0.00 secs] 
2117.809: [GC (Allocation Failure) [PSYoungGen: 69536K->1408K(69120K)] 432675K->364547K(581632K), 0.0028327 secs] [Times: user=0.01 sys=0.00, real=0.00 secs] 
2118.606: [GC (Allocation Failure) [PSYoungGen: 68992K->1440K(68608K)] 432131K->364579K(581120K), 0.0041759 secs] [Times: user=0.02 sys=0.00, real=0.00 secs] 
2119.310: [GC (Allocation Failure) [PSYoungGen: 68512K->1376K(68096K)] 431651K->364515K(580608K), 0.0036445 secs] [Times: user=0.02 sys=0.00, real=0.00 secs] 
2120.075: [GC (Allocation Failure) [PSYoungGen: 67936K->1469K(67584K)] 431075K->364609K(580096K), 0.0027888 secs] [Times: user=0.01 sys=0.00, real=0.00 secs] 
2120.294: [GC (Allocation Failure) [PSYoungGen: 67517K->1421K(67072K)] 430657K->364561K(579584K), 0.0025609 secs] [Times: user=0.01 sys=0.00, real=0.00 secs] 
2120.435: [GC (Allocation Failure) [PSYoungGen: 66957K->1501K(66560K)] 430097K->364641K(579072K), 0.0017223 secs] [Times: user=0.01 sys=0.00, real=0.00 secs] 
2120.565: [GC (Allocation Failure) [PSYoungGen: 66525K->1453K(72704K)] 429665K->364609K(585216K), 0.0019062 secs] [Times: user=0.01 sys=0.00, real=0.00 secs] 
2120.816: [GC (Allocation Failure) [PSYoungGen: 72109K->1376K(72704K)] 435265K->364563K(585216K), 0.0025892 secs] [Times: user=0.01 sys=0.00, real=0.00 secs] 
2121.275: [GC (Allocation Failure) [PSYoungGen: 72032K->1424K(71680K)] 435219K->364611K(584192K), 0.0024582 secs] [Times: user=0.01 sys=0.00, real=0.00 secs] 
2121.798: [GC (Allocation Failure) [PSYoungGen: 71568K->1376K(71168K)] 434755K->364563K(583680K), 0.0023102 secs] [Times: user=0.01 sys=0.00, real=0.00 secs] 
2122.545: [GC (Allocation Failure) [PSYoungGen: 71008K->1376K(70656K)] 434195K->364563K(583168K), 0.0042032 secs] [Times: user=0.02 sys=0.00, real=0.00 secs] 
2123.180: [GC (Allocation Failure) [PSYoungGen: 70496K->1437K(70144K)] 433683K->364625K(582656K), 0.0026334 secs] [Times: user=0.01 sys=0.00, real=0.00 secs] 
2123.349: [GC (Allocation Failure) [PSYoungGen: 70045K->1501K(69632K)] 433233K->364689K(582144K), 0.0017729 secs] [Times: user=0.01 sys=0.00, real=0.00 secs] 
2123.469: [GC (Allocation Failure) [PSYoungGen: 69597K->1485K(69120K)] 432785K->364673K(581632K), 0.0017233 secs] [Times: user=0.01 sys=0.00, real=0.00 secs] 
2123.588: [GC (Allocation Failure) [PSYoungGen: 69069K->1501K(69632K)] 432257K->364705K(582144K), 0.0017211 secs] [Times: user=0.00 sys=0.00, real=0.00 secs] 
2124.050: [GC (Allocation Failure) [PSYoungGen: 69085K->1424K(68608K)] 432289K->364627K(581120K), 0.0017898 secs] [Times: user=0.01 sys=0.00, real=0.00 secs] 
2124.704: [GC (Allocation Failure) [PSYoungGen: 68496K->1440K(68096K)] 431699K->364643K(580608K), 0.0021806 secs] [Times: user=0.00 sys=0.00, real=0.01 secs] 
2125.016: [GC (Allocation Failure) [PSYoungGen: 68000K->1376K(67584K)] 431203K->364579K(580096K), 0.0021536 secs] [Times: user=0.01 sys=0.00, real=0.00 secs] 
2125.363: [GC (Allocation Failure) [PSYoungGen: 67424K->1408K(67072K)] 430627K->364611K(579584K), 0.0021979 secs] [Times: user=0.01 sys=0.00, real=0.01 secs] 
2125.768: [GC (Allocation Failure) [PSYoungGen: 66944K->1437K(66560K)] 430147K->364641K(579072K), 0.0020302 secs] [Times: user=0.00 sys=0.00, real=0.00 secs] 
2125.891: [GC (Allocation Failure) [PSYoungGen: 66461K->1533K(66048K)] 429665K->364737K(578560K), 0.0019245 secs] [Times: user=0.01 sys=0.00, real=0.00 secs] 
2126.005: [GC (Allocation Failure) [PSYoungGen: 66045K->1485K(71680K)] 429249K->364689K(584192K), 0.0017550 secs] [Times: user=0.01 sys=0.00, real=0.00 secs] 
2126.128: [GC (Allocation Failure) [PSYoungGen: 71629K->1501K(72192K)] 434833K->364713K(584704K), 0.0017337 secs] [Times: user=0.00 sys=0.00, real=0.00 secs] 
2126.453: [GC (Allocation Failure) [PSYoungGen: 71645K->1440K(78336K)] 434857K->364651K(590848K), 0.0033296 secs] [Times: user=0.01 sys=0.00, real=0.01 secs] 
2127.097: [GC (Allocation Failure) [PSYoungGen: 77728K->1376K(77312K)] 440939K->364587K(589824K), 0.0015095 secs] [Times: user=0.01 sys=0.00, real=0.00 secs] 
2127.421: [GC (Allocation Failure) [PSYoungGen: 77152K->1408K(76800K)] 440363K->364619K(589312K), 0.0026610 secs] [Times: user=0.01 sys=0.00, real=0.00 secs] 
2127.869: [GC (Allocation Failure) [PSYoungGen: 76672K->1408K(76288K)] 439883K->364619K(588800K), 0.0031590 secs] [Times: user=0.01 sys=0.00, real=0.00 secs] 
2128.252: [GC (Allocation Failure) [PSYoungGen: 76160K->1501K(75776K)] 439371K->364713K(588288K), 0.0021897 secs] [Times: user=0.01 sys=0.00, real=0.00 secs] 
2128.390: [GC (Allocation Failure) [PSYoungGen: 75741K->1501K(75264K)] 438953K->364713K(587776K), 0.0018197 secs] [Times: user=0.01 sys=0.00, real=0.00 secs] 
2128.519: [GC (Allocation Failure) [PSYoungGen: 75229K->1533K(74752K)] 438441K->364745K(587264K), 0.0017498 secs] [Times: user=0.01 sys=0.00, real=0.00 secs] 
2128.731: [GC (Allocation Failure) [PSYoungGen: 74749K->1440K(75264K)] 437961K->364651K(587776K), 0.0023295 secs] [Times: user=0.01 sys=0.00, real=0.00 secs] 
2129.070: [GC (Allocation Failure) [PSYoungGen: 74656K->1392K(74240K)] 437867K->364611K(586752K), 0.0024179 secs] [Times: user=0.01 sys=0.00, real=0.00 secs] 
2129.378: [GC (Allocation Failure) [PSYoungGen: 74096K->1376K(73728K)] 437315K->364595K(586240K), 0.0021034 secs] [Times: user=0.01 sys=0.00, real=0.00 secs] 
2129.678: [GC (Allocation Failure) [PSYoungGen: 73568K->1408K(73216K)] 436787K->364627K(585728K), 0.0020422 secs] [Times: user=0.00 sys=0.01, real=0.00 secs] 
2129.973: [GC (Allocation Failure) [PSYoungGen: 73088K->1501K(72704K)] 436307K->364721K(585216K), 0.0018455 secs] [Times: user=0.01 sys=0.00, real=0.01 secs] 
2130.098: [GC (Allocation Failure) [PSYoungGen: 72669K->1453K(72192K)] 435889K->364673K(584704K), 0.0016981 secs] [Times: user=0.01 sys=0.00, real=0.00 secs] 
2130.223: [GC (Allocation Failure) [PSYoungGen: 72109K->1424K(77824K)] 435329K->364644K(590336K), 0.0018016 secs] [Times: user=0.01 sys=0.00, real=0.01 secs] 
2130.358: [GC (Allocation Failure) [PSYoungGen: 77712K->1501K(78336K)] 440932K->364721K(590848K), 0.0016948 secs] [Times: user=0.01 sys=0.00, real=0.00 secs] 
2130.686: [GC (Allocation Failure) [PSYoungGen: 77789K->1424K(77312K)] 441009K->364643K(589824K), 0.0020981 secs] [Times: user=0.01 sys=0.00, real=0.00 secs] 
2131.022: [GC (Allocation Failure) [PSYoungGen: 77200K->1376K(76800K)] 440419K->364595K(589312K), 0.0020745 secs] [Times: user=0.01 sys=0.00, real=0.00 secs] 
2131.498: [GC (Allocation Failure) [PSYoungGen: 76640K->1408K(76288K)] 439859K->364627K(588800K), 0.0022353 secs] [Times: user=0.01 sys=0.00, real=0.00 secs] 
2132.164: [GC (Allocation Failure) [PSYoungGen: 76160K->1437K(75776K)] 439379K->364657K(588288K), 0.0024049 secs] [Times: user=0.01 sys=0.00, real=0.01 secs] 
2132.324: [GC (Allocation Failure) [PSYoungGen: 75677K->1469K(75264K)] 438897K->364689K(587776K), 0.0018297 secs] [Times: user=0.01 sys=0.00, real=0.01 secs] 
2132.453: [GC (Allocation Failure) [PSYoungGen: 75197K->1533K(74752K)] 438417K->364753K(587264K), 0.0019893 secs] [Times: user=0.01 sys=0.00, real=0.01 secs] 
2132.582: [GC (Allocation Failure) [PSYoungGen: 74749K->1501K(75264K)] 437969K->364721K(587776K), 0.0018103 secs] [Times: user=0.01 sys=0.00, real=0.01 secs] 
2133.063: [GC (Allocation Failure) [PSYoungGen: 74717K->1440K(74240K)] 437937K->364659K(586752K), 0.0019110 secs] [Times: user=0.01 sys=0.00, real=0.01 secs] 
2133.384: [GC (Allocation Failure) [PSYoungGen: 74144K->1408K(73728K)] 437363K->364627K(586240K), 0.0021325 secs] [Times: user=0.01 sys=0.00, real=0.00 secs] 
2134.098: [GC (Allocation Failure) [PSYoungGen: 73600K->1440K(73216K)] 436819K->364659K(585728K), 0.0021581 secs] [Times: user=0.01 sys=0.00, real=0.00 secs] 
2134.770: [GC (Allocation Failure) [PSYoungGen: 73120K->1392K(72704K)] 436339K->364611K(585216K), 0.0050827 secs] [Times: user=0.02 sys=0.01, real=0.01 secs] 
2135.222: [GC (Allocation Failure) [PSYoungGen: 72560K->1501K(72192K)] 435779K->364721K(584704K), 0.0022298 secs] [Times: user=0.01 sys=0.00, real=0.01 secs] 
2135.363: [GC (Allocation Failure) [PSYoungGen: 72157K->1485K(71680K)] 435377K->364705K(584192K), 0.0016494 secs] [Times: user=0.01 sys=0.00, real=0.01 secs] 
2135.485: [GC (Allocation Failure) [PSYoungGen: 71629K->1501K(71168K)] 434849K->364721K(583680K), 0.0016520 secs] [Times: user=0.01 sys=0.00, real=0.00 secs] 
2135.608: [GC (Allocation Failure) [PSYoungGen: 71133K->384K(75776K)] 434353K->363603K(588288K), 0.0016113 secs] [Times: user=0.01 sys=0.00, real=0.00 secs] 
2135.952: [GC (Allocation Failure) [PSYoungGen: 75648K->1440K(76288K)] 438867K->364659K(588800K), 0.0020627 secs] [Times: user=0.00 sys=0.00, real=0.00 secs] 
2136.262: [GC (Allocation Failure) [PSYoungGen: 76192K->1392K(75776K)] 439411K->364611K(588288K), 0.0020831 secs] [Times: user=0.01 sys=0.00, real=0.01 secs] 
2136.572: [GC (Allocation Failure) [PSYoungGen: 75632K->1408K(75264K)] 438851K->364627K(587776K), 0.0020739 secs] [Times: user=0.00 sys=0.00, real=0.01 secs] 
2136.866: [GC (Allocation Failure) [PSYoungGen: 75136K->1437K(74752K)] 438355K->364657K(587264K), 0.0017310 secs] [Times: user=0.00 sys=0.00, real=0.00 secs] 
2136.995: [GC (Allocation Failure) [PSYoungGen: 74639K->1437K(74240K)] 437859K->364657K(586752K), 0.0017419 secs] [Times: user=0.00 sys=0.00, real=0.00 secs] 
2137.124: [GC (Allocation Failure) [PSYoungGen: 74141K->1501K(73728K)] 437361K->364721K(586240K), 0.0016672 secs] [Times: user=0.01 sys=0.00, real=0.01 secs] 
2137.270: [GC (Allocation Failure) [PSYoungGen: 73693K->1485K(74240K)] 436913K->364705K(586752K), 0.0021107 secs] [Times: user=0.01 sys=0.00, real=0.00 secs] 
2138.984: [GC (Allocation Failure) [PSYoungGen: 73677K->1376K(73216K)] 436897K->364611K(585728K), 0.0049038 secs] [Times: user=0.02 sys=0.00, real=0.01 secs] 
2140.666: [GC (Allocation Failure) [PSYoungGen: 73056K->1376K(72704K)] 436291K->364611K(585216K), 0.0049240 secs] [Times: user=0.02 sys=0.00, real=0.00 secs] 
2141.189: [GC (Allocation Failure) [PSYoungGen: 72544K->1440K(72192K)] 435779K->364675K(584704K), 0.0022942 secs] [Times: user=0.01 sys=0.00, real=0.00 secs] 
2141.545: [GC (Allocation Failure) [PSYoungGen: 72096K->1376K(71680K)] 435331K->364627K(584192K), 0.0023411 secs] [Times: user=0.01 sys=0.00, real=0.00 secs] 
2141.825: [GC (Allocation Failure) [PSYoungGen: 71520K->1472K(71168K)] 434771K->364724K(583680K), 0.0018095 secs] [Times: user=0.01 sys=0.00, real=0.00 secs] 
2141.948: [GC (Allocation Failure) [PSYoungGen: 71104K->1533K(70656K)] 434356K->364785K(583168K), 0.0018252 secs] [Times: user=0.01 sys=0.00, real=0.00 secs] 
2142.071: [GC (Allocation Failure) [PSYoungGen: 70653K->1504K(70144K)] 433905K->364756K(582656K), 0.0017165 secs] [Times: user=0.01 sys=0.00, real=0.00 secs] 
2142.191: [GC (Allocation Failure) [PSYoungGen: 70109K->1469K(70656K)] 433361K->364721K(583168K), 0.0017211 secs] [Times: user=0.00 sys=0.00, real=0.00 secs] 
2142.851: [GC (Allocation Failure) [PSYoungGen: 70077K->1408K(69632K)] 433329K->364659K(582144K), 0.0019472 secs] [Times: user=0.01 sys=0.00, real=0.00 secs] 
2143.450: [GC (Allocation Failure) [PSYoungGen: 69504K->1408K(69120K)] 432755K->364659K(581632K), 0.0020644 secs] [Times: user=0.01 sys=0.00, real=0.00 secs] 
2144.011: [GC (Allocation Failure) [PSYoungGen: 68992K->1408K(68608K)] 432243K->364659K(581120K), 0.0024013 secs] [Times: user=0.01 sys=0.00, real=0.00 secs] 
2144.796: [GC (Allocation Failure) [PSYoungGen: 68480K->1376K(68096K)] 431731K->364627K(580608K), 0.0026017 secs] [Times: user=0.01 sys=0.00, real=0.00 secs] 
2145.104: [GC (Allocation Failure) [PSYoungGen: 67936K->1501K(67584K)] 431187K->364753K(580096K), 0.0018203 secs] [Times: user=0.00 sys=0.01, real=0.01 secs] 
2145.220: [GC (Allocation Failure) [PSYoungGen: 67549K->1533K(67072K)] 430801K->364785K(579584K), 0.0016277 secs] [Times: user=0.01 sys=0.00, real=0.00 secs] 
2145.336: [GC (Allocation Failure) [PSYoungGen: 67069K->1533K(66560K)] 430321K->364785K(579072K), 0.0017820 secs] [Times: user=0.01 sys=0.00, real=0.00 secs] 
2145.450: [GC (Allocation Failure) [PSYoungGen: 66557K->1501K(67072K)] 429809K->364769K(579584K), 0.0016751 secs] [Times: user=0.00 sys=0.00, real=0.00 secs] 
2146.888: [GC (Allocation Failure) [PSYoungGen: 66525K->1408K(66048K)] 429793K->364675K(578560K), 0.0045246 secs] [Times: user=0.02 sys=0.00, real=0.00 secs] 
2148.078: [GC (Allocation Failure) [PSYoungGen: 65920K->1376K(65536K)] 429187K->364643K(578048K), 0.0043244 secs] [Times: user=0.02 sys=0.00, real=0.00 secs] 
2148.625: [GC (Allocation Failure) [PSYoungGen: 65376K->1376K(65024K)] 428643K->364643K(577536K), 0.0028268 secs] [Times: user=0.02 sys=0.00, real=0.00 secs] 
2149.103: [GC (Allocation Failure) [PSYoungGen: 64864K->1408K(64512K)] 428131K->364675K(577024K), 0.0029245 secs] [Times: user=0.01 sys=0.00, real=0.01 secs] 
2149.971: [GC (Allocation Failure) [PSYoungGen: 64384K->1533K(64000K)] 427651K->364801K(576512K), 0.0027611 secs] [Times: user=0.01 sys=0.00, real=0.00 secs] 
2150.124: [GC (Allocation Failure) [PSYoungGen: 63997K->1501K(63488K)] 427265K->364769K(576000K), 0.0018035 secs] [Times: user=0.01 sys=0.00, real=0.01 secs] 
2150.235: [GC (Allocation Failure) [PSYoungGen: 63453K->1565K(63488K)] 426721K->364833K(576000K), 0.0018025 secs] [Times: user=0.01 sys=0.00, real=0.00 secs] 
2150.343: [GC (Allocation Failure) [PSYoungGen: 63005K->1533K(63488K)] 426273K->364817K(576000K), 0.0017699 secs] [Times: user=0.00 sys=0.00, real=0.01 secs] 
2150.983: [GC (Allocation Failure) [PSYoungGen: 63485K->1440K(62976K)] 426769K->364723K(575488K), 0.0027983 secs] [Times: user=0.01 sys=0.00, real=0.01 secs] 
2151.696: [GC (Allocation Failure) [PSYoungGen: 62880K->1376K(62464K)] 426163K->364659K(574976K), 0.0035094 secs] [Times: user=0.02 sys=0.00, real=0.00 secs] 
2152.220: [GC (Allocation Failure) [PSYoungGen: 62304K->1344K(61952K)] 425587K->364651K(574464K), 0.0026856 secs] [Times: user=0.01 sys=0.00, real=0.00 secs] 
2152.698: [GC (Allocation Failure) [PSYoungGen: 61760K->1408K(61440K)] 425067K->364715K(573952K), 0.0045806 secs] [Times: user=0.02 sys=0.01, real=0.00 secs] 
2153.200: [GC (Allocation Failure) [PSYoungGen: 61312K->1376K(60928K)] 424619K->364683K(573440K), 0.0034640 secs] [Times: user=0.01 sys=0.00, real=0.00 secs] 
2153.500: [GC (Allocation Failure) [PSYoungGen: 60768K->1501K(61440K)] 424075K->364809K(573952K), 0.0026448 secs] [Times: user=0.01 sys=0.00, real=0.00 secs] 
2153.693: [GC (Allocation Failure) [PSYoungGen: 60893K->1504K(61440K)] 424201K->364812K(573952K), 0.0022701 secs] [Times: user=0.01 sys=0.00, real=0.01 secs] 
2153.831: [GC (Allocation Failure) [PSYoungGen: 60880K->1501K(61440K)] 424188K->364825K(573952K), 0.0018806 secs] [Times: user=0.01 sys=0.00, real=0.00 secs] 
2153.935: [GC (Allocation Failure) [PSYoungGen: 60893K->1533K(61440K)] 424217K->364857K(573952K), 0.0016487 secs] [Times: user=0.01 sys=0.00, real=0.00 secs] 
2154.153: [GC (Allocation Failure) [PSYoungGen: 60925K->1424K(67072K)] 424249K->364747K(579584K), 0.0025735 secs] [Times: user=0.01 sys=0.00, real=0.01 secs] 
2154.423: [GC (Allocation Failure) [PSYoungGen: 66448K->1376K(67072K)] 429771K->364699K(579584K), 0.0021143 secs] [Times: user=0.01 sys=0.00, real=0.01 secs] 
2154.693: [GC (Allocation Failure) [PSYoungGen: 66400K->1376K(72704K)] 429723K->364699K(585216K), 0.0072213 secs] [Times: user=0.01 sys=0.00, real=0.01 secs] 
2154.992: [GC (Allocation Failure) [PSYoungGen: 72032K->1408K(72704K)] 435355K->364731K(585216K), 0.0021813 secs] [Times: user=0.00 sys=0.00, real=0.01 secs] 
2155.464: [GC (Allocation Failure) [PSYoungGen: 72064K->1453K(79360K)] 435387K->364777K(591872K), 0.0058996 secs] [Times: user=0.02 sys=0.01, real=0.01 secs] 
2155.639: [GC (Allocation Failure) [PSYoungGen: 78765K->1501K(79360K)] 442089K->364825K(591872K), 0.0017547 secs] [Times: user=0.01 sys=0.00, real=0.00 secs] 
2155.775: [GC (Allocation Failure) [PSYoungGen: 78813K->1549K(86528K)] 442137K->364881K(599040K), 0.0220984 secs] [Times: user=0.05 sys=0.05, real=0.02 secs] 
2155.943: [GC (Allocation Failure) [PSYoungGen: 86029K->1520K(86528K)] 449361K->364852K(599040K), 0.0028470 secs] [Times: user=0.00 sys=0.00, real=0.01 secs] 
2156.592: [GC (Allocation Failure) [PSYoungGen: 86000K->1424K(97280K)] 449332K->364755K(609792K), 0.0058196 secs] [Times: user=0.02 sys=0.02, real=0.01 secs] 
2157.099: [GC (Allocation Failure) [PSYoungGen: 97168K->1440K(98304K)] 460499K->364771K(610816K), 0.0026785 secs] [Times: user=0.01 sys=0.00, real=0.00 secs] 
2157.741: [GC (Allocation Failure) [PSYoungGen: 97696K->1376K(108544K)] 461027K->364707K(621056K), 0.0019893 secs] [Times: user=0.00 sys=0.00, real=0.00 secs] 
2158.197: [GC (Allocation Failure) [PSYoungGen: 108384K->1536K(109568K)] 471715K->364892K(622080K), 0.0018428 secs] [Times: user=0.01 sys=0.00, real=0.00 secs] 
2158.385: [GC (Allocation Failure) [PSYoungGen: 109056K->1584K(119808K)] 472412K->364948K(632320K), 0.0033919 secs] [Times: user=0.00 sys=0.01, real=0.00 secs] 
2160.083: [GC (Allocation Failure) [PSYoungGen: 119344K->1408K(119808K)] 482708K->364771K(632320K), 0.0047758 secs] [Times: user=0.02 sys=0.01, real=0.01 secs] 
2160.818: [GC (Allocation Failure) [PSYoungGen: 119168K->1376K(129024K)] 482531K->364739K(641536K), 0.0022392 secs] [Times: user=0.01 sys=0.00, real=0.00 secs] 
2161.549: [GC (Allocation Failure) [PSYoungGen: 128864K->1469K(127488K)] 492227K->364833K(640000K), 0.0020379 secs] [Times: user=0.01 sys=0.00, real=0.00 secs] 
2161.772: [GC (Allocation Failure) [PSYoungGen: 127421K->1533K(125952K)] 490785K->364897K(638464K), 0.0017156 secs] [Times: user=0.00 sys=0.00, real=0.00 secs] 
2162.561: [GC (Allocation Failure) [PSYoungGen: 125949K->1520K(124416K)] 489313K->364883K(636928K), 0.0026314 secs] [Times: user=0.01 sys=0.00, real=0.00 secs] 
2163.615: [GC (Allocation Failure) [PSYoungGen: 124400K->1408K(122880K)] 487763K->364771K(635392K), 0.0024301 secs] [Times: user=0.01 sys=0.00, real=0.00 secs] 
2164.138: [GC (Allocation Failure) [PSYoungGen: 122752K->1408K(121344K)] 486115K->364771K(633856K), 0.0022516 secs] [Times: user=0.01 sys=0.00, real=0.00 secs] 
2164.450: [GC (Allocation Failure) [PSYoungGen: 121216K->1533K(119808K)] 484579K->364897K(632320K), 0.0017025 secs] [Times: user=0.01 sys=0.00, real=0.00 secs] 
2164.656: [GC (Allocation Failure) [PSYoungGen: 119805K->1565K(118784K)] 483169K->364929K(631296K), 0.0017530 secs] [Times: user=0.00 sys=0.00, real=0.00 secs] 
2165.385: [GC (Allocation Failure) [PSYoungGen: 118301K->416K(115712K)] 481665K->364803K(628224K), 0.0019723 secs] [Times: user=0.01 sys=0.00, real=0.00 secs] 
2166.158: [GC (Allocation Failure) [PSYoungGen: 115616K->352K(115712K)] 480003K->364739K(628224K), 0.0019304 secs] [Times: user=0.01 sys=0.00, real=0.00 secs] 
2166.596: [GC (Allocation Failure) [PSYoungGen: 114016K->1469K(113664K)] 478403K->365857K(626176K), 0.0017775 secs] [Times: user=0.01 sys=0.00, real=0.00 secs] 
2166.793: [GC (Allocation Failure) [PSYoungGen: 113597K->1597K(112640K)] 477985K->365985K(625152K), 0.0017445 secs] [Times: user=0.00 sys=0.00, real=0.01 secs] 
2166.987: [GC (Allocation Failure) [PSYoungGen: 112189K->509K(109568K)] 476577K->365921K(622080K), 0.0017607 secs] [Times: user=0.01 sys=0.00, real=0.00 secs] 
2167.941: [GC (Allocation Failure) [PSYoungGen: 109565K->1408K(110592K)] 474977K->366819K(623104K), 0.0025507 secs] [Times: user=0.01 sys=0.00, real=0.00 secs] 
2168.629: [GC (Allocation Failure) [PSYoungGen: 109440K->1408K(108544K)] 474851K->366819K(621056K), 0.0023425 secs] [Times: user=0.01 sys=0.00, real=0.00 secs] 
2169.026: [GC (Allocation Failure) [PSYoungGen: 108416K->1501K(107520K)] 473827K->366913K(620032K), 0.0016358 secs] [Times: user=0.01 sys=0.00, real=0.00 secs] 
2169.212: [GC (Allocation Failure) [PSYoungGen: 107485K->1533K(106496K)] 472897K->366985K(619008K), 0.0017639 secs] [Times: user=0.00 sys=0.00, real=0.00 secs] 
2169.395: [GC (Allocation Failure) [PSYoungGen: 106493K->1533K(105472K)] 471945K->366985K(617984K), 0.0019398 secs] [Times: user=0.01 sys=0.00, real=0.00 secs] 
2170.607: [GC (Allocation Failure) [PSYoungGen: 105469K->1408K(104448K)] 470921K->366859K(616960K), 0.0026733 secs] [Times: user=0.01 sys=0.00, real=0.00 secs] 
2173.236: [GC (Allocation Failure) [PSYoungGen: 104320K->1344K(103424K)] 469771K->366795K(615936K), 0.0044451 secs] [Times: user=0.02 sys=0.00, real=0.00 secs] 
2174.181: [GC (Allocation Failure) [PSYoungGen: 103232K->1501K(102400K)] 468683K->366953K(614912K), 0.0023377 secs] [Times: user=0.01 sys=0.00, real=0.00 secs] 
2174.387: [GC (Allocation Failure) [PSYoungGen: 102365K->1565K(101888K)] 467817K->367041K(614400K), 0.0018619 secs] [Times: user=0.01 sys=0.00, real=0.00 secs] 
2174.596: [GC (Allocation Failure) [PSYoungGen: 101405K->493K(99328K)] 466881K->366993K(611840K), 0.0022303 secs] [Times: user=0.01 sys=0.00, real=0.00 secs] 
2175.357: [GC (Allocation Failure) [PSYoungGen: 99309K->1440K(100352K)] 465809K->367940K(612864K), 0.0029917 secs] [Times: user=0.01 sys=0.00, real=0.00 secs] 
2176.071: [GC (Allocation Failure) [PSYoungGen: 99232K->1408K(98304K)] 465732K->367908K(610816K), 0.0021745 secs] [Times: user=0.01 sys=0.00, real=0.00 secs] 
2176.869: [GC (Allocation Failure) [PSYoungGen: 98176K->1408K(97280K)] 464676K->367908K(609792K), 0.0025816 secs] [Times: user=0.01 sys=0.00, real=0.00 secs] 
2177.511: [GC (Allocation Failure) [PSYoungGen: 97152K->1485K(96256K)] 463652K->367985K(608768K), 0.0021328 secs] [Times: user=0.01 sys=0.00, real=0.00 secs] 
2177.680: [GC (Allocation Failure) [PSYoungGen: 96205K->1565K(95744K)] 462705K->368065K(608256K), 0.0018009 secs] [Times: user=0.01 sys=0.00, real=0.00 secs] 
2177.852: [GC (Allocation Failure) [PSYoungGen: 95261K->525K(93696K)] 461761K->368057K(606208K), 0.0016690 secs] [Times: user=0.00 sys=0.00, real=0.00 secs] 
2180.488: [GC (Allocation Failure) [PSYoungGen: 93197K->1408K(94208K)] 460729K->368948K(606720K), 0.0038031 secs] [Times: user=0.01 sys=0.00, real=0.00 secs] 
2181.534: [GC (Allocation Failure) [PSYoungGen: 93056K->1424K(92160K)] 460596K->368972K(604672K), 0.0023830 secs] [Times: user=0.01 sys=0.01, real=0.00 secs] 
2182.134: [GC (Allocation Failure) [PSYoungGen: 92048K->1408K(91136K)] 459596K->368956K(603648K), 0.0022960 secs] [Times: user=0.01 sys=0.00, real=0.01 secs] 
2182.480: [GC (Allocation Failure) [PSYoungGen: 91008K->1469K(90112K)] 458556K->369017K(602624K), 0.0017554 secs] [Times: user=0.01 sys=0.00, real=0.00 secs] 
2182.635: [GC (Allocation Failure) [PSYoungGen: 90045K->1501K(89088K)] 457593K->369057K(601600K), 0.0018541 secs] [Times: user=0.00 sys=0.00, real=0.00 secs] 
2182.787: [GC (Allocation Failure) [PSYoungGen: 89053K->1533K(88064K)] 456609K->369089K(600576K), 0.0017438 secs] [Times: user=0.01 sys=0.00, real=0.00 secs] 
2183.916: [GC (Allocation Failure) [PSYoungGen: 88061K->1440K(87552K)] 455617K->368996K(600064K), 0.0034305 secs] [Times: user=0.01 sys=0.00, real=0.00 secs] 
2184.743: [GC (Allocation Failure) [PSYoungGen: 87456K->1408K(87040K)] 455012K->368964K(599552K), 0.0033328 secs] [Times: user=0.02 sys=0.00, real=0.01 secs] 
2185.456: [GC (Allocation Failure) [PSYoungGen: 86912K->1392K(86528K)] 454468K->368972K(599040K), 0.0024887 secs] [Times: user=0.01 sys=0.00, real=0.00 secs] 
2185.852: [GC (Allocation Failure) [PSYoungGen: 86384K->1469K(86016K)] 453964K->369049K(598528K), 0.0017206 secs] [Times: user=0.01 sys=0.00, real=0.00 secs] 
2186.003: [GC (Allocation Failure) [PSYoungGen: 85949K->1517K(85504K)] 453529K->369097K(598016K), 0.0017836 secs] [Times: user=0.01 sys=0.00, real=0.01 secs] 
2186.151: [GC (Allocation Failure) [PSYoungGen: 85485K->1533K(84992K)] 453065K->369113K(597504K), 0.0017713 secs] [Times: user=0.01 sys=0.00, real=0.00 secs] 
2187.970: [GC (Allocation Failure) [PSYoungGen: 84989K->1408K(84480K)] 452569K->368988K(596992K), 0.0072546 secs] [Times: user=0.03 sys=0.00, real=0.01 secs] 
2189.067: [GC (Allocation Failure) [PSYoungGen: 84352K->1408K(83968K)] 451932K->368988K(596480K), 0.0033543 secs] [Times: user=0.01 sys=0.00, real=0.00 secs] 
2190.052: [GC (Allocation Failure) [PSYoungGen: 83840K->1408K(83456K)] 451420K->368988K(595968K), 0.0041790 secs] [Times: user=0.02 sys=0.00, real=0.01 secs] 
2190.508: [GC (Allocation Failure) [PSYoungGen: 83328K->1533K(82944K)] 450908K->369113K(595456K), 0.0026419 secs] [Times: user=0.01 sys=0.01, real=0.00 secs] 
2190.695: [GC (Allocation Failure) [PSYoungGen: 82941K->1533K(82432K)] 450521K->369113K(594944K), 0.0018193 secs] [Times: user=0.01 sys=0.01, real=0.00 secs] 
2190.838: [GC (Allocation Failure) [PSYoungGen: 82429K->1469K(81920K)] 450009K->369049K(594432K), 0.0017731 secs] [Times: user=0.01 sys=0.00, real=0.00 secs] 
2190.978: [GC (Allocation Failure) [PSYoungGen: 81853K->1472K(81408K)] 449433K->369052K(593920K), 0.0018410 secs] [Times: user=0.01 sys=0.00, real=0.00 secs] 
2191.924: [GC (Allocation Failure) [PSYoungGen: 81344K->1376K(80896K)] 448924K->368956K(593408K), 0.0020080 secs] [Times: user=0.01 sys=0.01, real=0.00 secs] 
2192.962: [GC (Allocation Failure) [PSYoungGen: 80736K->1344K(80384K)] 448316K->368924K(592896K), 0.0048933 secs] [Times: user=0.02 sys=0.00, real=0.01 secs] 
2193.773: [GC (Allocation Failure) [PSYoungGen: 80192K->1376K(79872K)] 447772K->368956K(592384K), 0.0033578 secs] [Times: user=0.02 sys=0.00, real=0.01 secs] 
2194.180: [GC (Allocation Failure) [PSYoungGen: 79712K->1437K(79360K)] 447292K->369041K(591872K), 0.0021689 secs] [Times: user=0.01 sys=0.00, real=0.00 secs] 
2194.328: [GC (Allocation Failure) [PSYoungGen: 79261K->1437K(78848K)] 446865K->369041K(591360K), 0.0016759 secs] [Times: user=0.01 sys=0.00, real=0.00 secs] 
2194.464: [GC (Allocation Failure) [PSYoungGen: 78749K->1469K(78336K)] 446353K->369073K(590848K), 0.0017787 secs] [Times: user=0.00 sys=0.00, real=0.00 secs] 
2195.019: [GC (Allocation Failure) [PSYoungGen: 78269K->1472K(77824K)] 445873K->369076K(590336K), 0.0042820 secs] [Times: user=0.02 sys=0.00, real=0.00 secs] 
2196.046: [GC (Allocation Failure) [PSYoungGen: 77760K->1344K(77312K)] 445364K->368948K(589824K), 0.0037551 secs] [Times: user=0.01 sys=0.00, real=0.00 secs] 
2196.948: [GC (Allocation Failure) [PSYoungGen: 77120K->1440K(76800K)] 444724K->369044K(589312K), 0.0035845 secs] [Times: user=0.02 sys=0.00, real=0.00 secs] 
2197.339: [GC (Allocation Failure) [PSYoungGen: 76704K->1408K(76288K)] 444308K->369012K(588800K), 0.0023003 secs] [Times: user=0.01 sys=0.00, real=0.00 secs] 
2197.614: [GC (Allocation Failure) [PSYoungGen: 76160K->1437K(75776K)] 443764K->369041K(588288K), 0.0016588 secs] [Times: user=0.01 sys=0.00, real=0.00 secs] 
2197.746: [GC (Allocation Failure) [PSYoungGen: 75677K->1501K(75264K)] 443281K->369105K(587776K), 0.0018386 secs] [Times: user=0.01 sys=0.00, real=0.00 secs] 
2197.875: [GC (Allocation Failure) [PSYoungGen: 75229K->1533K(74752K)] 442833K->369137K(587264K), 0.0017849 secs] [Times: user=0.01 sys=0.00, real=0.00 secs] 
2198.004: [GC (Allocation Failure) [PSYoungGen: 74749K->1437K(80896K)] 442353K->369041K(593408K), 0.0018849 secs] [Times: user=0.00 sys=0.01, real=0.01 secs] 
2199.521: [GC (Allocation Failure) [PSYoungGen: 80797K->1424K(80384K)] 448401K->369028K(592896K), 0.0029074 secs] [Times: user=0.01 sys=0.00, real=0.00 secs] 
2200.694: [GC (Allocation Failure) [PSYoungGen: 80272K->1376K(79872K)] 447876K->368980K(592384K), 0.0036214 secs] [Times: user=0.02 sys=0.00, real=0.00 secs] 
2201.866: [GC (Allocation Failure) [PSYoungGen: 79712K->1408K(79360K)] 447316K->369012K(591872K), 0.0033142 secs] [Times: user=0.02 sys=0.00, real=0.00 secs] 
2202.721: [GC (Allocation Failure) [PSYoungGen: 79232K->1437K(78848K)] 446836K->369041K(591360K), 0.0025253 secs] [Times: user=0.01 sys=0.00, real=0.00 secs] 
2202.933: [GC (Allocation Failure) [PSYoungGen: 78749K->1533K(78336K)] 446353K->369137K(590848K), 0.0022573 secs] [Times: user=0.01 sys=0.00, real=0.01 secs] 
2203.092: [GC (Allocation Failure) [PSYoungGen: 78333K->1501K(77824K)] 445937K->369105K(590336K), 0.0019962 secs] [Times: user=0.01 sys=0.00, real=0.01 secs] 
2203.227: [GC (Allocation Failure) [PSYoungGen: 77789K->352K(76288K)] 445393K->367980K(588800K), 0.0015711 secs] [Times: user=0.00 sys=0.00, real=0.00 secs] 
2203.866: [GC (Allocation Failure) [PSYoungGen: 76128K->1408K(77312K)] 443756K->369036K(589824K), 0.0023719 secs] [Times: user=0.00 sys=0.00, real=0.00 secs] 
2204.196: [GC (Allocation Failure) [PSYoungGen: 76672K->1408K(76288K)] 444300K->369036K(588800K), 0.0022218 secs] [Times: user=0.01 sys=0.00, real=0.00 secs] 
2204.538: [GC (Allocation Failure) [PSYoungGen: 76160K->1344K(75776K)] 443788K->368972K(588288K), 0.0021760 secs] [Times: user=0.01 sys=0.00, real=0.00 secs] 
2204.827: [GC (Allocation Failure) [PSYoungGen: 75584K->1469K(75264K)] 443212K->369097K(587776K), 0.0016936 secs] [Times: user=0.01 sys=0.00, real=0.00 secs] 
2204.960: [GC (Allocation Failure) [PSYoungGen: 75197K->1533K(74752K)] 442825K->369161K(587264K), 0.0018267 secs] [Times: user=0.01 sys=0.00, real=0.00 secs] 
2205.109: [GC (Allocation Failure) [PSYoungGen: 74749K->1469K(74240K)] 442377K->369097K(586752K), 0.0020338 secs] [Times: user=0.01 sys=0.00, real=0.00 secs] 
2205.280: [GC (Allocation Failure) [PSYoungGen: 74173K->1501K(80384K)] 441801K->369129K(592896K), 0.0025089 secs] [Times: user=0.00 sys=0.00, real=0.00 secs] 
2205.806: [GC (Allocation Failure) [PSYoungGen: 80349K->1424K(79872K)] 447977K->369052K(592384K), 0.0022703 secs] [Times: user=0.01 sys=0.00, real=0.00 secs] 
2206.177: [GC (Allocation Failure) [PSYoungGen: 79760K->1344K(79360K)] 447388K->368972K(591872K), 0.0023120 secs] [Times: user=0.01 sys=0.00, real=0.00 secs] 
2206.547: [GC (Allocation Failure) [PSYoungGen: 79168K->1408K(78848K)] 446796K->369036K(591360K), 0.0021117 secs] [Times: user=0.01 sys=0.00, real=0.00 secs] 
2207.064: [GC (Allocation Failure) [PSYoungGen: 78720K->1533K(78336K)] 446348K->369161K(590848K), 0.0023429 secs] [Times: user=0.01 sys=0.00, real=0.01 secs] 
2207.220: [GC (Allocation Failure) [PSYoungGen: 78333K->1501K(77824K)] 445961K->369129K(590336K), 0.0017168 secs] [Times: user=0.00 sys=0.00, real=0.00 secs] 
2207.356: [GC (Allocation Failure) [PSYoungGen: 77789K->1533K(77312K)] 445417K->369161K(589824K), 0.0018441 secs] [Times: user=0.00 sys=0.01, real=0.00 secs] 
2207.492: [GC (Allocation Failure) [PSYoungGen: 77309K->1440K(83456K)] 444937K->369068K(595968K), 0.0017795 secs] [Times: user=0.01 sys=0.00, real=0.00 secs] 
2208.151: [GC (Allocation Failure) [PSYoungGen: 83360K->1440K(82944K)] 450988K->369068K(595456K), 0.0027754 secs] [Times: user=0.01 sys=0.00, real=0.01 secs] 
2208.770: [GC (Allocation Failure) [PSYoungGen: 82848K->1376K(82432K)] 450476K->369004K(594944K), 0.0023340 secs] [Times: user=0.01 sys=0.00, real=0.00 secs] 
2209.826: [GC (Allocation Failure) [PSYoungGen: 82272K->1408K(81920K)] 449900K->369036K(594432K), 0.0062206 secs] [Times: user=0.03 sys=0.00, real=0.00 secs] 
2210.746: [GC (Allocation Failure) [PSYoungGen: 81792K->1453K(81408K)] 449420K->369105K(593920K), 0.0026147 secs] [Times: user=0.01 sys=0.00, real=0.00 secs] 
2210.931: [GC (Allocation Failure) [PSYoungGen: 81325K->1501K(80896K)] 448977K->369153K(593408K), 0.0018085 secs] [Times: user=0.01 sys=0.00, real=0.00 secs] 
2211.071: [GC (Allocation Failure) [PSYoungGen: 80861K->1472K(80384K)] 448513K->369124K(592896K), 0.0017401 secs] [Times: user=0.01 sys=0.00, real=0.00 secs] 
2212.164: [GC (Allocation Failure) [PSYoungGen: 80320K->1984K(80384K)] 447972K->369636K(592896K), 0.0050440 secs] [Times: user=0.02 sys=0.00, real=0.00 secs] 
2213.092: [GC (Allocation Failure) [PSYoungGen: 80320K->352K(78336K)] 447972K->369028K(590848K), 0.0024669 secs] [Times: user=0.01 sys=0.00, real=0.01 secs] 
2213.415: [GC (Allocation Failure) [PSYoungGen: 78176K->352K(77824K)] 446852K->369028K(590336K), 0.0020523 secs] [Times: user=0.01 sys=0.00, real=0.00 secs] 
2213.916: [GC (Allocation Failure) [PSYoungGen: 77664K->320K(77824K)] 446340K->368996K(590336K), 0.0020817 secs] [Times: user=0.01 sys=0.00, real=0.00 secs] 
2214.352: [GC (Allocation Failure) [PSYoungGen: 77120K->1453K(77824K)] 445796K->370129K(590336K), 0.0017730 secs] [Times: user=0.01 sys=0.00, real=0.00 secs] 
2214.486: [GC (Allocation Failure) [PSYoungGen: 77741K->1517K(77824K)] 446417K->370193K(590336K), 0.0018543 secs] [Times: user=0.01 sys=0.00, real=0.00 secs] 
2214.620: [GC (Allocation Failure) [PSYoungGen: 77293K->1469K(76800K)] 445969K->370145K(589312K), 0.0018754 secs] [Times: user=0.01 sys=0.00, real=0.00 secs] 
2214.809: [GC (Allocation Failure) [PSYoungGen: 76733K->1696K(76800K)] 445409K->370372K(589312K), 0.0020417 secs] [Times: user=0.01 sys=0.00, real=0.00 secs] 
2215.449: [GC (Allocation Failure) [PSYoungGen: 76448K->1440K(75776K)] 445124K->370116K(588288K), 0.0023097 secs] [Times: user=0.01 sys=0.00, real=0.00 secs] 
2215.799: [GC (Allocation Failure) [PSYoungGen: 75680K->1376K(75776K)] 444356K->370052K(588288K), 0.0022249 secs] [Times: user=0.01 sys=0.00, real=0.00 secs] 
2216.147: [GC (Allocation Failure) [PSYoungGen: 75104K->1408K(74752K)] 443780K->370084K(587264K), 0.0021607 secs] [Times: user=0.00 sys=0.00, real=0.00 secs] 
2216.437: [GC (Allocation Failure) [PSYoungGen: 74624K->1501K(74752K)] 443300K->370177K(587264K), 0.0018603 secs] [Times: user=0.00 sys=0.00, real=0.00 secs] 
2216.565: [GC (Allocation Failure) [PSYoungGen: 74205K->1533K(73728K)] 442881K->370209K(586240K), 0.0018180 secs] [Times: user=0.01 sys=0.00, real=0.00 secs] 
2216.692: [GC (Allocation Failure) [PSYoungGen: 73725K->1469K(73216K)] 442401K->370145K(585728K), 0.0018588 secs] [Times: user=0.01 sys=0.00, real=0.00 secs] 
2216.818: [GC (Allocation Failure) [PSYoungGen: 73149K->1501K(74240K)] 441825K->370177K(586752K), 0.0017318 secs] [Times: user=0.00 sys=0.00, real=0.00 secs] 
2218.146: [GC (Allocation Failure) [PSYoungGen: 73693K->1408K(73216K)] 442369K->370084K(585728K), 0.0042549 secs] [Times: user=0.02 sys=0.01, real=0.00 secs] 
2219.168: [GC (Allocation Failure) [PSYoungGen: 73088K->1392K(72704K)] 441764K->370068K(585216K), 0.0029591 secs] [Times: user=0.01 sys=0.00, real=0.00 secs] 
2220.094: [GC (Allocation Failure) [PSYoungGen: 72560K->1408K(72192K)] 441236K->370084K(584704K), 0.0031792 secs] [Times: user=0.01 sys=0.00, real=0.01 secs] 
2220.908: [GC (Allocation Failure) [PSYoungGen: 72064K->1408K(71680K)] 440740K->370084K(584192K), 0.0024473 secs] [Times: user=0.01 sys=0.00, real=0.00 secs] 
2221.283: [GC (Allocation Failure) [PSYoungGen: 71552K->1501K(71168K)] 440228K->370177K(583680K), 0.0017673 secs] [Times: user=0.01 sys=0.00, real=0.01 secs] 
2221.405: [GC (Allocation Failure) [PSYoungGen: 71133K->1469K(70656K)] 439809K->370169K(583168K), 0.0019738 secs] [Times: user=0.01 sys=0.00, real=0.00 secs] 
2221.528: [GC (Allocation Failure) [PSYoungGen: 70589K->1504K(70144K)] 439289K->370204K(582656K), 0.0017178 secs] [Times: user=0.00 sys=0.00, real=0.00 secs] 
2221.665: [GC (Allocation Failure) [PSYoungGen: 70112K->1488K(76288K)] 438812K->370188K(588800K), 0.0018889 secs] [Times: user=0.00 sys=0.00, real=0.00 secs] 
2222.579: [GC (Allocation Failure) [PSYoungGen: 75728K->1376K(75264K)] 444428K->370076K(587776K), 0.0029628 secs] [Times: user=0.01 sys=0.00, real=0.00 secs] 
2223.545: [GC (Allocation Failure) [PSYoungGen: 75104K->1376K(74752K)] 443804K->370076K(587264K), 0.0047913 secs] [Times: user=0.02 sys=0.00, real=0.00 secs] 
2224.512: [GC (Allocation Failure) [PSYoungGen: 74592K->1376K(74240K)] 443292K->370076K(586752K), 0.0045964 secs] [Times: user=0.02 sys=0.00, real=0.01 secs] 
2225.298: [GC (Allocation Failure) [PSYoungGen: 74080K->1469K(73728K)] 442780K->370169K(586240K), 0.0029941 secs] [Times: user=0.02 sys=0.00, real=0.00 secs] 
2225.537: [GC (Allocation Failure) [PSYoungGen: 73661K->1501K(73216K)] 442361K->370201K(585728K), 0.0025047 secs] [Times: user=0.01 sys=0.00, real=0.00 secs] 
2225.680: [GC (Allocation Failure) [PSYoungGen: 73181K->1504K(72704K)] 441881K->370204K(585216K), 0.0017559 secs] [Times: user=0.01 sys=0.00, real=0.00 secs] 
2225.805: [GC (Allocation Failure) [PSYoungGen: 72672K->1469K(72192K)] 441372K->370169K(584704K), 0.0018606 secs] [Times: user=0.00 sys=0.00, real=0.00 secs] 
2226.209: [GC (Allocation Failure) [PSYoungGen: 72125K->1440K(72704K)] 440825K->370140K(585216K), 0.0044239 secs] [Times: user=0.01 sys=0.00, real=0.00 secs] 
2226.620: [GC (Allocation Failure) [PSYoungGen: 72096K->1376K(71680K)] 440796K->370076K(584192K), 0.0022709 secs] [Times: user=0.01 sys=0.00, real=0.00 secs] 
2226.912: [GC (Allocation Failure) [PSYoungGen: 71520K->1376K(71168K)] 440220K->370076K(583680K), 0.0022521 secs] [Times: user=0.01 sys=0.00, real=0.00 secs] 
2227.203: [GC (Allocation Failure) [PSYoungGen: 71008K->1376K(70656K)] 439708K->370076K(583168K), 0.0020062 secs] [Times: user=0.01 sys=0.00, real=0.01 secs] 
2227.431: [GC (Allocation Failure) [PSYoungGen: 70496K->1501K(70144K)] 439196K->370201K(582656K), 0.0017564 secs] [Times: user=0.00 sys=0.00, real=0.00 secs] 
2227.552: [GC (Allocation Failure) [PSYoungGen: 70109K->1469K(69632K)] 438809K->370169K(582144K), 0.0016904 secs] [Times: user=0.01 sys=0.00, real=0.00 secs] 
2227.672: [GC (Allocation Failure) [PSYoungGen: 69565K->1501K(75776K)] 438265K->370201K(588288K), 0.0016860 secs] [Times: user=0.01 sys=0.00, real=0.00 secs] 
2227.800: [GC (Allocation Failure) [PSYoungGen: 75229K->1469K(75776K)] 443929K->370177K(588288K), 0.0018059 secs] [Times: user=0.01 sys=0.00, real=0.00 secs] 
2228.119: [GC (Allocation Failure) [PSYoungGen: 75197K->1376K(75776K)] 443905K->370084K(588288K), 0.0018164 secs] [Times: user=0.01 sys=0.00, real=0.00 secs] 
2228.437: [GC (Allocation Failure) [PSYoungGen: 75104K->1376K(74752K)] 443812K->370084K(587264K), 0.0019936 secs] [Times: user=0.01 sys=0.00, real=0.00 secs] 
2228.741: [GC (Allocation Failure) [PSYoungGen: 74592K->1408K(74240K)] 443300K->370132K(586752K), 0.0020851 secs] [Times: user=0.01 sys=0.00, real=0.00 secs] 
2229.054: [GC (Allocation Failure) [PSYoungGen: 74112K->1437K(73728K)] 442836K->370161K(586240K), 0.0017581 secs] [Times: user=0.01 sys=0.01, real=0.00 secs] 
2229.191: [GC (Allocation Failure) [PSYoungGen: 73629K->1501K(73216K)] 442353K->370225K(585728K), 0.0017496 secs] [Times: user=0.00 sys=0.00, real=0.00 secs] 
2229.316: [GC (Allocation Failure) [PSYoungGen: 73181K->1533K(72704K)] 441905K->370257K(585216K), 0.0014541 secs] [Times: user=0.00 sys=0.00, real=0.00 secs] 
2229.441: [GC (Allocation Failure) [PSYoungGen: 72701K->1533K(78336K)] 441425K->370257K(590848K), 0.0015801 secs] [Times: user=0.01 sys=0.00, real=0.00 secs] 
2229.915: [GC (Allocation Failure) [PSYoungGen: 78333K->1408K(77824K)] 447057K->370132K(590336K), 0.0021342 secs] [Times: user=0.00 sys=0.00, real=0.00 secs] 
2230.789: [GC (Allocation Failure) [PSYoungGen: 77696K->1376K(77312K)] 446420K->370100K(589824K), 0.0029216 secs] [Times: user=0.01 sys=0.00, real=0.00 secs] 
2231.593: [GC (Allocation Failure) [PSYoungGen: 77152K->1344K(76800K)] 445876K->370068K(589312K), 0.0027430 secs] [Times: user=0.01 sys=0.00, real=0.01 secs] 
2232.266: [GC (Allocation Failure) [PSYoungGen: 76608K->1344K(76288K)] 445332K->370068K(588800K), 0.0026052 secs] [Times: user=0.01 sys=0.00, real=0.00 secs] 
2232.620: [GC (Allocation Failure) [PSYoungGen: 76096K->1485K(75776K)] 444820K->370209K(588288K), 0.0023370 secs] [Times: user=0.01 sys=0.00, real=0.00 secs] 
2232.774: [GC (Allocation Failure) [PSYoungGen: 75725K->1565K(75776K)] 444449K->370289K(588288K), 0.0018562 secs] [Times: user=0.01 sys=0.00, real=0.00 secs] 
2232.903: [GC (Allocation Failure) [PSYoungGen: 75293K->1533K(74752K)] 444017K->370257K(587264K), 0.0018400 secs] [Times: user=0.00 sys=0.00, real=0.01 secs] 
2233.433: [GC (Allocation Failure) [PSYoungGen: 74749K->1408K(74240K)] 443473K->370132K(586752K), 0.0030400 secs] [Times: user=0.01 sys=0.00, real=0.01 secs] 
2233.765: [GC (Allocation Failure) [PSYoungGen: 74112K->1408K(73728K)] 442836K->370132K(586240K), 0.0019973 secs] [Times: user=0.01 sys=0.00, real=0.00 secs] 
2234.385: [GC (Allocation Failure) [PSYoungGen: 73600K->1344K(73216K)] 442324K->370068K(585728K), 0.0023566 secs] [Times: user=0.01 sys=0.00, real=0.00 secs] 
2234.715: [GC (Allocation Failure) [PSYoungGen: 73024K->1469K(72704K)] 441748K->370193K(585216K), 0.0020336 secs] [Times: user=0.00 sys=0.00, real=0.00 secs] 
2234.806: [GC (Allocation Failure) [PSYoungGen: 72637K->1456K(72192K)] 441361K->370180K(584704K), 0.0018135 secs] [Times: user=0.01 sys=0.00, real=0.00 secs] 
2234.890: [GC (Allocation Failure) [PSYoungGen: 72112K->1533K(72704K)] 440836K->370257K(585216K), 0.0017433 secs] [Times: user=0.00 sys=0.00, real=0.00 secs] 
2235.050: [GC (Allocation Failure) [PSYoungGen: 72701K->1984K(73216K)] 441425K->371220K(585728K), 0.0021010 secs] [Times: user=0.01 sys=0.00, real=0.00 secs] 
2235.729: [GC (Allocation Failure) [PSYoungGen: 73152K->1392K(78848K)] 442388K->370628K(591360K), 0.0038248 secs] [Times: user=0.01 sys=0.01, real=0.00 secs] 
2236.293: [GC (Allocation Failure) [PSYoungGen: 78704K->1344K(78336K)] 447940K->370580K(590848K), 0.0020475 secs] [Times: user=0.01 sys=0.00, real=0.01 secs] 
2236.626: [GC (Allocation Failure) [PSYoungGen: 78144K->1312K(77824K)] 447380K->370548K(590336K), 0.0022889 secs] [Times: user=0.01 sys=0.00, real=0.00 secs] 
2236.929: [GC (Allocation Failure) [PSYoungGen: 77600K->1501K(77312K)] 446836K->370737K(589824K), 0.0016739 secs] [Times: user=0.00 sys=0.00, real=0.00 secs] 
2237.063: [GC (Allocation Failure) [PSYoungGen: 77277K->1517K(76800K)] 446513K->370753K(589312K), 0.0019745 secs] [Times: user=0.00 sys=0.00, real=0.01 secs] 
2237.217: [GC (Allocation Failure) [PSYoungGen: 76781K->1469K(77312K)] 446017K->370705K(589824K), 0.0020045 secs] [Times: user=0.01 sys=0.00, real=0.00 secs] 
2237.379: [GC (Allocation Failure) [PSYoungGen: 76733K->1533K(83456K)] 445969K->370769K(595968K), 0.0017389 secs] [Times: user=0.01 sys=0.00, real=0.00 secs] 
2238.848: [GC (Allocation Failure) [PSYoungGen: 82941K->1408K(82432K)] 452177K->370644K(594944K), 0.0034647 secs] [Times: user=0.01 sys=0.00, real=0.00 secs] 
2240.490: [GC (Allocation Failure) [PSYoungGen: 82304K->1344K(81920K)] 451540K->370580K(594432K), 0.0044480 secs] [Times: user=0.02 sys=0.00, real=0.01 secs] 
2241.243: [GC (Allocation Failure) [PSYoungGen: 81728K->1344K(81408K)] 450964K->370580K(593920K), 0.0034796 secs] [Times: user=0.02 sys=0.00, real=0.01 secs] 
2241.758: [GC (Allocation Failure) [PSYoungGen: 81216K->1469K(80896K)] 450452K->370705K(593408K), 0.0024254 secs] [Times: user=0.01 sys=0.00, real=0.00 secs] 
2241.922: [GC (Allocation Failure) [PSYoungGen: 80829K->1469K(80384K)] 450065K->370721K(592896K), 0.0017069 secs] [Times: user=0.01 sys=0.01, real=0.00 secs] 
2242.060: [GC (Allocation Failure) [PSYoungGen: 80317K->1469K(79872K)] 449569K->370721K(592384K), 0.0018229 secs] [Times: user=0.01 sys=0.00, real=0.00 secs] 
2242.289: [GC (Allocation Failure) [PSYoungGen: 79805K->1408K(79360K)] 449057K->370660K(591872K), 0.0022271 secs] [Times: user=0.01 sys=0.00, real=0.00 secs] 
2243.109: [GC (Allocation Failure) [PSYoungGen: 79232K->1408K(78848K)] 448484K->370660K(591360K), 0.0023585 secs] [Times: user=0.01 sys=0.00, real=0.00 secs] 
2243.810: [GC (Allocation Failure) [PSYoungGen: 78720K->1376K(78336K)] 447972K->370628K(590848K), 0.0023410 secs] [Times: user=0.00 sys=0.00, real=0.00 secs] 
2244.526: [GC (Allocation Failure) [PSYoungGen: 78176K->1408K(77824K)] 447428K->370660K(590336K), 0.0027098 secs] [Times: user=0.01 sys=0.00, real=0.00 secs] 
2244.900: [GC (Allocation Failure) [PSYoungGen: 77696K->1501K(77312K)] 446948K->370753K(589824K), 0.0018174 secs] [Times: user=0.00 sys=0.00, real=0.00 secs] 
2245.035: [GC (Allocation Failure) [PSYoungGen: 77277K->1501K(76800K)] 446529K->370753K(589312K), 0.0017126 secs] [Times: user=0.00 sys=0.00, real=0.00 secs] 
2245.189: [GC (Allocation Failure) [PSYoungGen: 76765K->1533K(76288K)] 446017K->370785K(588800K), 0.0021561 secs] [Times: user=0.01 sys=0.00, real=0.00 secs] 
2245.887: [GC (Allocation Failure) [PSYoungGen: 76285K->1952K(76288K)] 445537K->371716K(588800K), 0.0028876 secs] [Times: user=0.01 sys=0.00, real=0.00 secs] 
2247.459: [GC (Allocation Failure) [PSYoungGen: 76192K->1376K(75264K)] 445956K->371140K(587776K), 0.0050876 secs] [Times: user=0.02 sys=0.00, real=0.01 secs] 
2248.288: [GC (Allocation Failure) [PSYoungGen: 75104K->1408K(74752K)] 444868K->371172K(587264K), 0.0033629 secs] [Times: user=0.02 sys=0.00, real=0.00 secs] 
2248.873: [GC (Allocation Failure) [PSYoungGen: 74624K->1376K(74240K)] 444388K->371140K(586752K), 0.0034812 secs] [Times: user=0.01 sys=0.00, real=0.01 secs] 
2249.405: [GC (Allocation Failure) [PSYoungGen: 74080K->1469K(73728K)] 443844K->371233K(586240K), 0.0023130 secs] [Times: user=0.01 sys=0.00, real=0.00 secs] 
2249.572: [GC (Allocation Failure) [PSYoungGen: 73661K->1472K(73216K)] 443425K->371236K(585728K), 0.0016707 secs] [Times: user=0.01 sys=0.00, real=0.00 secs] 
2249.700: [GC (Allocation Failure) [PSYoungGen: 73152K->1501K(72704K)] 442916K->371265K(585216K), 0.0017592 secs] [Times: user=0.00 sys=0.00, real=0.00 secs] 
2249.828: [GC (Allocation Failure) [PSYoungGen: 72669K->1533K(72192K)] 442433K->371297K(584704K), 0.0017416 secs] [Times: user=0.01 sys=0.00, real=0.00 secs] 
2250.123: [GC (Allocation Failure) [PSYoungGen: 72189K->1440K(71680K)] 441953K->371204K(584192K), 0.0020820 secs] [Times: user=0.01 sys=0.00, real=0.01 secs] 
2250.657: [GC (Allocation Failure) [PSYoungGen: 71584K->1408K(71168K)] 441348K->371172K(583680K), 0.0023126 secs] [Times: user=0.01 sys=0.00, real=0.00 secs] 
2251.273: [GC (Allocation Failure) [PSYoungGen: 71040K->1376K(70656K)] 440804K->371140K(583168K), 0.0022120 secs] [Times: user=0.01 sys=0.00, real=0.01 secs] 
2252.018: [GC (Allocation Failure) [PSYoungGen: 70496K->1408K(70144K)] 440260K->371196K(582656K), 0.0042981 secs] [Times: user=0.01 sys=0.00, real=0.00 secs] 
2252.496: [GC (Allocation Failure) [PSYoungGen: 70016K->1469K(69632K)] 439804K->371257K(582144K), 0.0021508 secs] [Times: user=0.01 sys=0.00, real=0.00 secs] 
2252.666: [GC (Allocation Failure) [PSYoungGen: 69565K->1469K(69120K)] 439353K->371257K(581632K), 0.0022859 secs] [Times: user=0.01 sys=0.00, real=0.00 secs] 
2252.837: [GC (Allocation Failure) [PSYoungGen: 69053K->1501K(68608K)] 438841K->371289K(581120K), 0.0022292 secs] [Times: user=0.01 sys=0.00, real=0.00 secs] 
2252.992: [GC (Allocation Failure) [PSYoungGen: 68573K->1533K(68096K)] 438361K->371329K(580608K), 0.0017748 secs] [Times: user=0.01 sys=0.00, real=0.00 secs] 
2254.035: [GC (Allocation Failure) [PSYoungGen: 68093K->1440K(67584K)] 437889K->371236K(580096K), 0.0042910 secs] [Times: user=0.02 sys=0.00, real=0.00 secs] 
2254.853: [GC (Allocation Failure) [PSYoungGen: 67488K->1376K(67072K)] 437284K->371172K(579584K), 0.0045148 secs] [Times: user=0.01 sys=0.00, real=0.01 secs] 
2255.579: [GC (Allocation Failure) [PSYoungGen: 66912K->1424K(66560K)] 436708K->371220K(579072K), 0.0025971 secs] [Times: user=0.01 sys=0.00, real=0.00 secs] 
2255.840: [GC (Allocation Failure) [PSYoungGen: 66448K->1408K(66048K)] 436244K->371204K(578560K), 0.0022182 secs] [Times: user=0.01 sys=0.00, real=0.00 secs] 
2256.043: [GC (Allocation Failure) [PSYoungGen: 65920K->1453K(65536K)] 435716K->371249K(578048K), 0.0017140 secs] [Times: user=0.01 sys=0.00, real=0.01 secs] 
2256.156: [GC (Allocation Failure) [PSYoungGen: 65453K->1533K(65024K)] 435249K->371329K(577536K), 0.0017842 secs] [Times: user=0.01 sys=0.00, real=0.00 secs] 
2256.267: [GC (Allocation Failure) [PSYoungGen: 65021K->1469K(65536K)] 434817K->371265K(578048K), 0.0017080 secs] [Times: user=0.01 sys=0.00, real=0.00 secs] 
2256.380: [GC (Allocation Failure) [PSYoungGen: 65469K->1501K(66048K)] 435265K->371313K(578560K), 0.0016373 secs] [Times: user=0.01 sys=0.00, real=0.00 secs] 
2256.805: [GC (Allocation Failure) [PSYoungGen: 65501K->1440K(70656K)] 435313K->371252K(583168K), 0.0023007 secs] [Times: user=0.01 sys=0.00, real=0.00 secs] 
2257.398: [GC (Allocation Failure) [PSYoungGen: 70560K->1408K(70144K)] 440372K->371220K(582656K), 0.0022241 secs] [Times: user=0.01 sys=0.00, real=0.00 secs] 
2258.023: [GC (Allocation Failure) [PSYoungGen: 70016K->1376K(69632K)] 439828K->371188K(582144K), 0.0027303 secs] [Times: user=0.01 sys=0.00, real=0.01 secs] 
2258.504: [GC (Allocation Failure) [PSYoungGen: 69472K->1424K(69120K)] 439284K->371236K(581632K), 0.0024135 secs] [Times: user=0.01 sys=0.00, real=0.01 secs] 
2258.772: [GC (Allocation Failure) [PSYoungGen: 69008K->1469K(68608K)] 438820K->371281K(581120K), 0.0020806 secs] [Times: user=0.00 sys=0.00, real=0.01 secs] 
2258.892: [GC (Allocation Failure) [PSYoungGen: 68541K->1533K(68096K)] 438353K->371345K(580608K), 0.0018565 secs] [Times: user=0.00 sys=0.00, real=0.01 secs] 
2259.009: [GC (Allocation Failure) [PSYoungGen: 68093K->1440K(68608K)] 437905K->371252K(581120K), 0.0017224 secs] [Times: user=0.01 sys=0.00, real=0.00 secs] 
2259.126: [GC (Allocation Failure) [PSYoungGen: 68000K->1501K(68608K)] 437812K->371329K(581120K), 0.0018923 secs] [Times: user=0.00 sys=0.00, real=0.00 secs] 
2259.751: [GC (Allocation Failure) [PSYoungGen: 68061K->1376K(73728K)] 437889K->371228K(586240K), 0.0048136 secs] [Times: user=0.02 sys=0.00, real=0.01 secs] 
2260.832: [GC (Allocation Failure) [PSYoungGen: 73568K->1408K(73216K)] 443420K->371260K(585728K), 0.0041369 secs] [Times: user=0.01 sys=0.01, real=0.01 secs] 
2261.541: [GC (Allocation Failure) [PSYoungGen: 73088K->1344K(72704K)] 442940K->371196K(585216K), 0.0035789 secs] [Times: user=0.02 sys=0.00, real=0.01 secs] 
2262.188: [GC (Allocation Failure) [PSYoungGen: 72512K->1408K(72192K)] 442364K->371260K(584704K), 0.0029046 secs] [Times: user=0.01 sys=0.00, real=0.00 secs] 
2262.575: [GC (Allocation Failure) [PSYoungGen: 72064K->1453K(71680K)] 441916K->371305K(584192K), 0.0021141 secs] [Times: user=0.00 sys=0.00, real=0.00 secs] 
2262.710: [GC (Allocation Failure) [PSYoungGen: 71597K->1533K(71168K)] 441449K->371385K(583680K), 0.0017564 secs] [Times: user=0.01 sys=0.00, real=0.00 secs] 
2262.832: [GC (Allocation Failure) [PSYoungGen: 71165K->1501K(70656K)] 441017K->371353K(583168K), 0.0017394 secs] [Times: user=0.01 sys=0.00, real=0.00 secs] 
2262.954: [GC (Allocation Failure) [PSYoungGen: 70621K->1501K(71168K)] 440473K->371369K(583680K), 0.0018019 secs] [Times: user=0.01 sys=0.00, real=0.00 secs] 
2263.553: [GC (Allocation Failure) [PSYoungGen: 70621K->1408K(70144K)] 440489K->371276K(582656K), 0.0020646 secs] [Times: user=0.00 sys=0.00, real=0.01 secs] 
2264.329: [GC (Allocation Failure) [PSYoungGen: 70016K->1408K(69632K)] 439884K->371276K(582144K), 0.0030441 secs] [Times: user=0.01 sys=0.00, real=0.00 secs] 
2264.898: [GC (Allocation Failure) [PSYoungGen: 69504K->1376K(69120K)] 439372K->371244K(581632K), 0.0027781 secs] [Times: user=0.01 sys=0.00, real=0.00 secs] 
2265.711: [GC (Allocation Failure) [PSYoungGen: 68960K->1408K(68608K)] 438828K->371276K(581120K), 0.0036071 secs] [Times: user=0.01 sys=0.00, real=0.01 secs] 
2266.190: [GC (Allocation Failure) [PSYoungGen: 68480K->1533K(68096K)] 438348K->371401K(580608K), 0.0021553 secs] [Times: user=0.01 sys=0.00, real=0.00 secs] 
2266.326: [GC (Allocation Failure) [PSYoungGen: 68093K->1533K(67584K)] 437961K->371401K(580096K), 0.0017892 secs] [Times: user=0.01 sys=0.00, real=0.00 secs] 
2266.442: [GC (Allocation Failure) [PSYoungGen: 67558K->1501K(67072K)] 437426K->371369K(579584K), 0.0016288 secs] [Times: user=0.01 sys=0.00, real=0.00 secs] 
2266.558: [GC (Allocation Failure) [PSYoungGen: 67037K->1533K(73216K)] 436905K->371417K(585728K), 0.0017163 secs] [Times: user=0.00 sys=0.00, real=0.00 secs] 
2266.876: [GC (Allocation Failure) [PSYoungGen: 72701K->1424K(72192K)] 442585K->371308K(584704K), 0.0020809 secs] [Times: user=0.01 sys=0.00, real=0.00 secs] 
2267.170: [GC (Allocation Failure) [PSYoungGen: 72080K->1440K(71680K)] 441964K->371324K(584192K), 0.0020799 secs] [Times: user=0.00 sys=0.00, real=0.00 secs] 
2267.478: [GC (Allocation Failure) [PSYoungGen: 71584K->1392K(71168K)] 441468K->371276K(583680K), 0.0022330 secs] [Times: user=0.00 sys=0.00, real=0.00 secs] 
2267.769: [GC (Allocation Failure) [PSYoungGen: 71024K->1376K(70656K)] 440908K->371260K(583168K), 0.0020279 secs] [Times: user=0.01 sys=0.00, real=0.00 secs] 
2268.006: [GC (Allocation Failure) [PSYoungGen: 70496K->1437K(70144K)] 440380K->371321K(582656K), 0.0017509 secs] [Times: user=0.01 sys=0.00, real=0.00 secs] 
2268.126: [GC (Allocation Failure) [PSYoungGen: 70045K->1501K(69632K)] 439929K->371385K(582144K), 0.0018148 secs] [Times: user=0.01 sys=0.00, real=0.00 secs] 
2268.245: [GC (Allocation Failure) [PSYoungGen: 69597K->1437K(70144K)] 439481K->371321K(582656K), 0.0016943 secs] [Times: user=0.01 sys=0.00, real=0.00 secs] 
2268.637: [GC (Allocation Failure) [PSYoungGen: 69533K->1712K(70144K)] 439417K->371596K(582656K), 0.0036710 secs] [Times: user=0.01 sys=0.00, real=0.00 secs] 
2269.659: [GC (Allocation Failure) [PSYoungGen: 69808K->1440K(69120K)] 439692K->371324K(581632K), 0.0052033 secs] [Times: user=0.02 sys=0.01, real=0.01 secs] 
2270.515: [GC (Allocation Failure) [PSYoungGen: 69024K->1392K(68608K)] 438908K->371300K(581120K), 0.0030090 secs] [Times: user=0.01 sys=0.00, real=0.00 secs] 
2271.511: [GC (Allocation Failure) [PSYoungGen: 68464K->1408K(68096K)] 438372K->371316K(580608K), 0.0035006 secs] [Times: user=0.01 sys=0.00, real=0.01 secs] 
2272.398: [GC (Allocation Failure) [PSYoungGen: 67968K->1376K(67584K)] 437876K->371284K(580096K), 0.0050800 secs] [Times: user=0.02 sys=0.00, real=0.00 secs] 
2272.808: [GC (Allocation Failure) [PSYoungGen: 67424K->1469K(67072K)] 437332K->371377K(579584K), 0.0021850 secs] [Times: user=0.00 sys=0.00, real=0.00 secs] 
2272.975: [GC (Allocation Failure) [PSYoungGen: 67005K->1517K(66560K)] 436913K->371425K(579072K), 0.0022368 secs] [Times: user=0.01 sys=0.00, real=0.00 secs] 
2273.117: [GC (Allocation Failure) [PSYoungGen: 66541K->1501K(66048K)] 436449K->371409K(578560K), 0.0017341 secs] [Times: user=0.01 sys=0.00, real=0.00 secs] 
2273.248: [GC (Allocation Failure) [PSYoungGen: 66013K->1565K(72192K)] 435921K->371481K(584704K), 0.0019811 secs] [Times: user=0.01 sys=0.00, real=0.00 secs] 
2274.778: [GC (Allocation Failure) [PSYoungGen: 71709K->1408K(71168K)] 441625K->371324K(583680K), 0.0027692 secs] [Times: user=0.01 sys=0.00, real=0.00 secs] 
2275.311: [GC (Allocation Failure) [PSYoungGen: 71040K->1376K(70656K)] 440956K->371292K(583168K), 0.0025695 secs] [Times: user=0.01 sys=0.00, real=0.00 secs] 
2275.806: [GC (Allocation Failure) [PSYoungGen: 70496K->1392K(70144K)] 440412K->371308K(582656K), 0.0027218 secs] [Times: user=0.01 sys=0.00, real=0.00 secs] 
2276.352: [GC (Allocation Failure) [PSYoungGen: 70000K->1424K(69632K)] 439916K->371340K(582144K), 0.0027004 secs] [Times: user=0.01 sys=0.00, real=0.01 secs] 
2276.601: [GC (Allocation Failure) [PSYoungGen: 69520K->1504K(69120K)] 439436K->371420K(581632K), 0.0017497 secs] [Times: user=0.01 sys=0.00, real=0.00 secs] 
2276.721: [GC (Allocation Failure) [PSYoungGen: 69088K->1501K(68608K)] 439004K->371417K(581120K), 0.0017783 secs] [Times: user=0.01 sys=0.00, real=0.00 secs] 
2276.840: [GC (Allocation Failure) [PSYoungGen: 68573K->1565K(69120K)] 438489K->371513K(581632K), 0.0017967 secs] [Times: user=0.01 sys=0.00, real=0.00 secs] 
2277.232: [GC (Allocation Failure) [PSYoungGen: 68637K->1600K(68608K)] 438585K->371548K(581120K), 0.0021856 secs] [Times: user=0.00 sys=0.00, real=0.00 secs] 
2278.480: [GC (Allocation Failure) [PSYoungGen: 68160K->1376K(67584K)] 438108K->371324K(580096K), 0.0030331 secs] [Times: user=0.02 sys=0.00, real=0.00 secs] 
2279.034: [GC (Allocation Failure) [PSYoungGen: 67424K->1408K(67072K)] 437372K->371356K(579584K), 0.0031390 secs] [Times: user=0.01 sys=0.00, real=0.01 secs] 
2279.467: [GC (Allocation Failure) [PSYoungGen: 66944K->1408K(66560K)] 436892K->371356K(579072K), 0.0022331 secs] [Times: user=0.01 sys=0.00, real=0.00 secs] 
2279.773: [GC (Allocation Failure) [PSYoungGen: 66432K->1408K(66048K)] 436380K->371356K(578560K), 0.0021990 secs] [Times: user=0.01 sys=0.00, real=0.01 secs] 
2279.999: [GC (Allocation Failure) [PSYoungGen: 65920K->1437K(65536K)] 435868K->371385K(578048K), 0.0017629 secs] [Times: user=0.00 sys=0.00, real=0.00 secs] 
2280.113: [GC (Allocation Failure) [PSYoungGen: 65437K->1501K(65024K)] 435385K->371449K(577536K), 0.0018139 secs] [Times: user=0.01 sys=0.00, real=0.01 secs] 
2280.238: [GC (Allocation Failure) [PSYoungGen: 64989K->1472K(64512K)] 434937K->371420K(577024K), 0.0016585 secs] [Times: user=0.01 sys=0.00, real=0.00 secs] 
2280.370: [GC (Allocation Failure) [PSYoungGen: 64448K->1501K(65536K)] 434396K->371473K(578048K), 0.0021714 secs] [Times: user=0.01 sys=0.00, real=0.00 secs] 
2281.184: [GC (Allocation Failure) [PSYoungGen: 64989K->1408K(64512K)] 434961K->371380K(577024K), 0.0027256 secs] [Times: user=0.01 sys=0.00, real=0.00 secs] 
2282.503: [GC (Allocation Failure) [PSYoungGen: 64384K->1344K(64000K)] 434356K->371316K(576512K), 0.0027899 secs] [Times: user=0.01 sys=0.00, real=0.01 secs] 
2283.358: [GC (Allocation Failure) [PSYoungGen: 63808K->1344K(63488K)] 433780K->371316K(576000K), 0.0030420 secs] [Times: user=0.01 sys=0.00, real=0.00 secs] 
2284.055: [GC (Allocation Failure) [PSYoungGen: 63296K->1344K(62976K)] 433268K->371316K(575488K), 0.0030066 secs] [Times: user=0.01 sys=0.00, real=0.00 secs] 
2284.548: [GC (Allocation Failure) [PSYoungGen: 62784K->1501K(62464K)] 432756K->371473K(574976K), 0.0028759 secs] [Times: user=0.01 sys=0.00, real=0.00 secs] 
2284.708: [GC (Allocation Failure) [PSYoungGen: 62429K->1453K(61952K)] 432401K->371425K(574464K), 0.0017117 secs] [Times: user=0.00 sys=0.00, real=0.00 secs] 
2284.816: [GC (Allocation Failure) [PSYoungGen: 61869K->1485K(61440K)] 431841K->371489K(573952K), 0.0017754 secs] [Times: user=0.00 sys=0.00, real=0.00 secs] 
2284.922: [GC (Allocation Failure) [PSYoungGen: 61389K->1469K(67072K)] 431393K->371473K(579584K), 0.0016025 secs] [Times: user=0.01 sys=0.00, real=0.00 secs] 
2285.053: [GC (Allocation Failure) [PSYoungGen: 66493K->1469K(67072K)] 436497K->371473K(579584K), 0.0020562 secs] [Times: user=0.01 sys=0.00, real=0.01 secs] 
2285.704: [GC (Allocation Failure) [PSYoungGen: 66493K->1408K(66048K)] 436497K->371412K(578560K), 0.0024382 secs] [Times: user=0.01 sys=0.00, real=0.00 secs] 
2286.340: [GC (Allocation Failure) [PSYoungGen: 65920K->1408K(65536K)] 435924K->371412K(578048K), 0.0026367 secs] [Times: user=0.01 sys=0.01, real=0.00 secs] 
2286.991: [GC (Allocation Failure) [PSYoungGen: 65408K->1376K(65024K)] 435412K->371380K(577536K), 0.0029299 secs] [Times: user=0.01 sys=0.00, real=0.00 secs] 
2287.660: [GC (Allocation Failure) [PSYoungGen: 64864K->1440K(64512K)] 434868K->371444K(577024K), 0.0029457 secs] [Times: user=0.01 sys=0.00, real=0.00 secs] 
2287.968: [GC (Allocation Failure) [PSYoungGen: 64416K->1472K(64000K)] 434420K->371476K(576512K), 0.0019475 secs] [Times: user=0.01 sys=0.00, real=0.00 secs] 
2288.087: [GC (Allocation Failure) [PSYoungGen: 63936K->1469K(63488K)] 433940K->371473K(576000K), 0.0016669 secs] [Times: user=0.01 sys=0.00, real=0.00 secs] 
2288.196: [GC (Allocation Failure) [PSYoungGen: 63421K->1472K(64000K)] 433425K->371492K(576512K), 0.0017493 secs] [Times: user=0.01 sys=0.00, real=0.00 secs] 
2288.304: [GC (Allocation Failure) [PSYoungGen: 63424K->1469K(69120K)] 433444K->371489K(581632K), 0.0016741 secs] [Times: user=0.01 sys=0.00, real=0.00 secs] 
2288.795: [GC (Allocation Failure) [PSYoungGen: 68541K->1408K(68096K)] 438561K->371428K(580608K), 0.0022087 secs] [Times: user=0.00 sys=0.00, real=0.00 secs] 
2289.354: [GC (Allocation Failure) [PSYoungGen: 67968K->1408K(67584K)] 437988K->371428K(580096K), 0.0024321 secs] [Times: user=0.01 sys=0.00, real=0.01 secs] 
2289.707: [GC (Allocation Failure) [PSYoungGen: 67456K->1376K(67072K)] 437476K->371420K(579584K), 0.0023384 secs] [Times: user=0.01 sys=0.00, real=0.00 secs] 
2290.033: [GC (Allocation Failure) [PSYoungGen: 66912K->1376K(66560K)] 436956K->371420K(579072K), 0.0022571 secs] [Times: user=0.01 sys=0.00, real=0.01 secs] 
2290.332: [GC (Allocation Failure) [PSYoungGen: 66400K->1469K(66048K)] 436444K->371513K(578560K), 0.0021032 secs] [Times: user=0.01 sys=0.00, real=0.00 secs] 
2290.488: [GC (Allocation Failure) [PSYoungGen: 65981K->1501K(65536K)] 436025K->371545K(578048K), 0.0019881 secs] [Times: user=0.01 sys=0.00, real=0.00 secs] 
2290.644: [GC (Allocation Failure) [PSYoungGen: 65501K->1469K(65024K)] 435545K->371513K(577536K), 0.0016779 secs] [Times: user=0.01 sys=0.00, real=0.01 secs] 
2290.757: [GC (Allocation Failure) [PSYoungGen: 64957K->1501K(65536K)] 435001K->371561K(578048K), 0.0017532 secs] [Times: user=0.01 sys=0.00, real=0.00 secs] 
2291.088: [GC (Allocation Failure) [PSYoungGen: 64989K->1424K(65536K)] 435049K->371484K(578048K), 0.0029499 secs] [Times: user=0.01 sys=0.00, real=0.00 secs] 
2292.048: [GC (Allocation Failure) [PSYoungGen: 64912K->1408K(64512K)] 434972K->371468K(577024K), 0.0047492 secs] [Times: user=0.02 sys=0.00, real=0.00 secs] 
2292.562: [GC (Allocation Failure) [PSYoungGen: 64384K->1376K(64000K)] 434444K->371444K(576512K), 0.0033267 secs] [Times: user=0.01 sys=0.00, real=0.01 secs] 
2292.928: [GC (Allocation Failure) [PSYoungGen: 63840K->1344K(63488K)] 433908K->371412K(576000K), 0.0020469 secs] [Times: user=0.01 sys=0.00, real=0.00 secs] 
2293.186: [GC (Allocation Failure) [PSYoungGen: 63296K->1376K(62976K)] 433364K->371444K(575488K), 0.0022902 secs] [Times: user=0.01 sys=0.00, real=0.00 secs] 
2293.369: [GC (Allocation Failure) [PSYoungGen: 62816K->1437K(62464K)] 432884K->371505K(574976K), 0.0016884 secs] [Times: user=0.01 sys=0.00, real=0.00 secs] 
2293.476: [GC (Allocation Failure) [PSYoungGen: 62356K->1469K(68096K)] 432424K->371537K(580608K), 0.0017411 secs] [Times: user=0.01 sys=0.00, real=0.00 secs] 
2293.610: [GC (Allocation Failure) [PSYoungGen: 67517K->1565K(68096K)] 437585K->371649K(580608K), 0.0020421 secs] [Times: user=0.01 sys=0.00, real=0.00 secs] 
2293.767: [GC (Allocation Failure) [PSYoungGen: 67613K->1517K(68096K)] 437697K->371601K(580608K), 0.0021858 secs] [Times: user=0.01 sys=0.00, real=0.00 secs] 
2294.556: [GC (Allocation Failure) [PSYoungGen: 67565K->1472K(73216K)] 437649K->371556K(585728K), 0.0049940 secs] [Times: user=0.02 sys=0.00, real=0.00 secs] 
2295.403: [GC (Allocation Failure) [PSYoungGen: 73152K->1408K(72704K)] 443236K->371500K(585216K), 0.0055084 secs] [Times: user=0.02 sys=0.00, real=0.01 secs] 
2296.002: [GC (Allocation Failure) [PSYoungGen: 72576K->1376K(72192K)] 442668K->371468K(584704K), 0.0049800 secs] [Times: user=0.02 sys=0.00, real=0.01 secs] 
2296.595: [GC (Allocation Failure) [PSYoungGen: 72032K->1376K(71680K)] 442124K->371468K(584192K), 0.0043533 secs] [Times: user=0.02 sys=0.00, real=0.00 secs] 
2297.098: [GC (Allocation Failure) [PSYoungGen: 71520K->1469K(71168K)] 441612K->371561K(583680K), 0.0023932 secs] [Times: user=0.01 sys=0.00, real=0.00 secs] 
2297.244: [GC (Allocation Failure) [PSYoungGen: 71101K->1469K(70656K)] 441193K->371561K(583168K), 0.0017110 secs] [Times: user=0.00 sys=0.00, real=0.01 secs] 
2297.366: [GC (Allocation Failure) [PSYoungGen: 70589K->1536K(71168K)] 440681K->371636K(583680K), 0.0018243 secs] [Times: user=0.00 sys=0.00, real=0.00 secs] 
2297.488: [GC (Allocation Failure) [PSYoungGen: 70656K->1437K(71168K)] 440756K->371537K(583680K), 0.0016693 secs] [Times: user=0.01 sys=0.00, real=0.00 secs] 
2297.778: [GC (Allocation Failure) [PSYoungGen: 70557K->1376K(70144K)] 440657K->371476K(582656K), 0.0016638 secs] [Times: user=0.01 sys=0.00, real=0.00 secs] 
2298.062: [GC (Allocation Failure) [PSYoungGen: 69984K->1408K(69632K)] 440084K->371508K(582144K), 0.0018041 secs] [Times: user=0.00 sys=0.00, real=0.01 secs] 
2298.345: [GC (Allocation Failure) [PSYoungGen: 69504K->1344K(69120K)] 439604K->371444K(581632K), 0.0014139 secs] [Times: user=0.01 sys=0.00, real=0.00 secs] 
2298.688: [GC (Allocation Failure) [PSYoungGen: 68928K->1360K(68608K)] 439028K->371460K(581120K), 0.0031974 secs] [Times: user=0.01 sys=0.01, real=0.00 secs] 
2298.897: [GC (Allocation Failure) [PSYoungGen: 68432K->1453K(68096K)] 438532K->371553K(580608K), 0.0015855 secs] [Times: user=0.01 sys=0.00, real=0.00 secs] 
2299.013: [GC (Allocation Failure) [PSYoungGen: 68013K->1501K(67584K)] 438113K->371601K(580096K), 0.0016958 secs] [Times: user=0.00 sys=0.00, real=0.01 secs] 
2299.129: [GC (Allocation Failure) [PSYoungGen: 67549K->1485K(73216K)] 437649K->371585K(585728K), 0.0017357 secs] [Times: user=0.01 sys=0.00, real=0.00 secs] 
2299.255: [GC (Allocation Failure) [PSYoungGen: 73165K->1472K(73728K)] 443265K->371596K(586240K), 0.0016914 secs] [Times: user=0.00 sys=0.00, real=0.00 secs] 
2299.852: [GC (Allocation Failure) [PSYoungGen: 73152K->1376K(78848K)] 443276K->371500K(591360K), 0.0037501 secs] [Times: user=0.02 sys=0.01, real=0.01 secs] 
2300.633: [GC (Allocation Failure) [PSYoungGen: 78688K->1376K(78336K)] 448812K->371500K(590848K), 0.0047650 secs] [Times: user=0.02 sys=0.00, real=0.01 secs] 
2301.456: [GC (Allocation Failure) [PSYoungGen: 78176K->1376K(77824K)] 448300K->371500K(590336K), 0.0050130 secs] [Times: user=0.02 sys=0.00, real=0.00 secs] 
2302.132: [GC (Allocation Failure) [PSYoungGen: 77664K->1469K(77312K)] 447788K->371593K(589824K), 0.0029032 secs] [Times: user=0.01 sys=0.00, real=0.01 secs] 
2302.317: [GC (Allocation Failure) [PSYoungGen: 77245K->1469K(76800K)] 447369K->371593K(589312K), 0.0017391 secs] [Times: user=0.00 sys=0.00, real=0.00 secs] 
2302.449: [GC (Allocation Failure) [PSYoungGen: 76733K->1501K(76288K)] 446857K->371625K(588800K), 0.0017910 secs] [Times: user=0.01 sys=0.00, real=0.00 secs] 
2302.581: [GC (Allocation Failure) [PSYoungGen: 76253K->1469K(76800K)] 446377K->371593K(589312K), 0.0018079 secs] [Times: user=0.01 sys=0.00, real=0.00 secs] 
2302.945: [GC (Allocation Failure) [PSYoungGen: 76221K->1472K(75776K)] 446345K->371596K(588288K), 0.0020758 secs] [Times: user=0.01 sys=0.00, real=0.00 secs] 
2303.308: [GC (Allocation Failure) [PSYoungGen: 75712K->1408K(75264K)] 445836K->371532K(587776K), 0.0021267 secs] [Times: user=0.01 sys=0.00, real=0.00 secs] 
2303.710: [GC (Allocation Failure) [PSYoungGen: 75136K->1344K(74752K)] 445260K->371468K(587264K), 0.0029811 secs] [Times: user=0.01 sys=0.00, real=0.00 secs] 
2304.032: [GC (Allocation Failure) [PSYoungGen: 74560K->1501K(74240K)] 444684K->371625K(586752K), 0.0021198 secs] [Times: user=0.01 sys=0.00, real=0.00 secs] 
2304.173: [GC (Allocation Failure) [PSYoungGen: 74205K->1501K(73728K)] 444329K->371625K(586240K), 0.0017270 secs] [Times: user=0.01 sys=0.00, real=0.01 secs] 
2304.301: [GC (Allocation Failure) [PSYoungGen: 73693K->1533K(73216K)] 443817K->371657K(585728K), 0.0017127 secs] [Times: user=0.01 sys=0.00, real=0.00 secs] 
2304.426: [GC (Allocation Failure) [PSYoungGen: 73205K->1485K(73728K)] 443329K->371609K(586240K), 0.0018728 secs] [Times: user=0.00 sys=0.00, real=0.00 secs] 
2304.678: [GC (Allocation Failure) [PSYoungGen: 73165K->1440K(78848K)] 443289K->371564K(591360K), 0.0020468 secs] [Times: user=0.01 sys=0.00, real=0.00 secs] 
2305.060: [GC (Allocation Failure) [PSYoungGen: 78752K->1408K(78336K)] 448876K->371532K(590848K), 0.0023190 secs] [Times: user=0.01 sys=0.00, real=0.00 secs] 
2305.393: [GC (Allocation Failure) [PSYoungGen: 78208K->1408K(77824K)] 448332K->371532K(590336K), 0.0022469 secs] [Times: user=0.01 sys=0.00, real=0.01 secs] 
2305.760: [GC (Allocation Failure) [PSYoungGen: 77696K->1376K(77312K)] 447820K->371500K(589824K), 0.0022029 secs] [Times: user=0.01 sys=0.00, real=0.00 secs] 
2305.988: [GC (Allocation Failure) [PSYoungGen: 77152K->1437K(76800K)] 447276K->371561K(589312K), 0.0017909 secs] [Times: user=0.00 sys=0.00, real=0.00 secs] 
2306.119: [GC (Allocation Failure) [PSYoungGen: 76701K->1469K(76288K)] 446825K->371593K(588800K), 0.0018024 secs] [Times: user=0.00 sys=0.00, real=0.00 secs] 
2306.251: [GC (Allocation Failure) [PSYoungGen: 76221K->1504K(76800K)] 446345K->371628K(589312K), 0.0017716 secs] [Times: user=0.00 sys=0.00, real=0.00 secs] 
2306.742: [GC (Allocation Failure) [PSYoungGen: 76256K->1456K(75776K)] 446380K->371580K(588288K), 0.0027486 secs] [Times: user=0.01 sys=0.00, real=0.01 secs] 
2307.381: [GC (Allocation Failure) [PSYoungGen: 75696K->1344K(75264K)] 445820K->371468K(587776K), 0.0024300 secs] [Times: user=0.01 sys=0.00, real=0.00 secs] 
2308.020: [GC (Allocation Failure) [PSYoungGen: 75072K->1376K(74752K)] 445196K->371500K(587264K), 0.0034116 secs] [Times: user=0.01 sys=0.00, real=0.00 secs] 
2308.743: [GC (Allocation Failure) [PSYoungGen: 74592K->1408K(74240K)] 444716K->371532K(586752K), 0.0034755 secs] [Times: user=0.01 sys=0.00, real=0.01 secs] 
2309.111: [GC (Allocation Failure) [PSYoungGen: 74112K->1469K(73728K)] 444236K->371593K(586240K), 0.0020792 secs] [Times: user=0.01 sys=0.00, real=0.00 secs] 
2309.239: [GC (Allocation Failure) [PSYoungGen: 73661K->1517K(73216K)] 443785K->371641K(585728K), 0.0017301 secs] [Times: user=0.00 sys=0.00, real=0.00 secs] 
2309.364: [GC (Allocation Failure) [PSYoungGen: 73197K->1437K(72704K)] 443321K->371561K(585216K), 0.0017344 secs] [Times: user=0.01 sys=0.00, real=0.01 secs] 
2309.489: [GC (Allocation Failure) [PSYoungGen: 72605K->1533K(73216K)] 442729K->371681K(585728K), 0.0017385 secs] [Times: user=0.01 sys=0.00, real=0.00 secs] 
2310.641: [GC (Allocation Failure) [PSYoungGen: 72701K->1408K(72192K)] 442849K->371556K(584704K), 0.0050004 secs] [Times: user=0.02 sys=0.01, real=0.01 secs] 
2311.385: [GC (Allocation Failure) [PSYoungGen: 72064K->1408K(71680K)] 442212K->371556K(584192K), 0.0037628 secs] [Times: user=0.01 sys=0.01, real=0.00 secs] 
2312.288: [GC (Allocation Failure) [PSYoungGen: 71552K->1440K(71168K)] 441700K->371588K(583680K), 0.0034859 secs] [Times: user=0.01 sys=0.00, real=0.00 secs] 
2313.039: [GC (Allocation Failure) [PSYoungGen: 71072K->1408K(70656K)] 441220K->371556K(583168K), 0.0035201 secs] [Times: user=0.01 sys=0.00, real=0.00 secs] 
2313.289: [GC (Allocation Failure) [PSYoungGen: 70528K->1533K(70144K)] 440676K->371681K(582656K), 0.0021597 secs] [Times: user=0.01 sys=0.00, real=0.00 secs] 
2313.412: [GC (Allocation Failure) [PSYoungGen: 70113K->1501K(69632K)] 440261K->371649K(582144K), 0.0018467 secs] [Times: user=0.01 sys=0.00, real=0.00 secs] 
2313.532: [GC (Allocation Failure) [PSYoungGen: 69597K->1501K(70144K)] 439745K->371649K(582656K), 0.0017411 secs] [Times: user=0.01 sys=0.00, real=0.00 secs] 
2314.080: [GC (Allocation Failure) [PSYoungGen: 69597K->1440K(69120K)] 439745K->371588K(581632K), 0.0026078 secs] [Times: user=0.01 sys=0.00, real=0.00 secs] 
2314.875: [GC (Allocation Failure) [PSYoungGen: 69024K->1344K(68608K)] 439172K->371492K(581120K), 0.0037220 secs] [Times: user=0.02 sys=0.00, real=0.00 secs] 
2315.501: [GC (Allocation Failure) [PSYoungGen: 68416K->1392K(68096K)] 438564K->371540K(580608K), 0.0028347 secs] [Times: user=0.01 sys=0.00, real=0.01 secs] 
2316.175: [GC (Allocation Failure) [PSYoungGen: 67952K->1408K(67584K)] 438100K->371556K(580096K), 0.0033857 secs] [Times: user=0.01 sys=0.01, real=0.00 secs] 
2316.808: [GC (Allocation Failure) [PSYoungGen: 67456K->1376K(67072K)] 437604K->371524K(579584K), 0.0031950 secs] [Times: user=0.01 sys=0.00, real=0.00 secs] 
2317.027: [GC (Allocation Failure) [PSYoungGen: 66912K->1437K(66560K)] 437060K->371585K(579072K), 0.0020594 secs] [Times: user=0.01 sys=0.00, real=0.00 secs] 
2317.181: [GC (Allocation Failure) [PSYoungGen: 66461K->1501K(66048K)] 436609K->371649K(578560K), 0.0020440 secs] [Times: user=0.01 sys=0.00, real=0.00 secs] 
2317.323: [GC (Allocation Failure) [PSYoungGen: 66013K->1504K(65536K)] 436161K->371652K(578048K), 0.0019478 secs] [Times: user=0.00 sys=0.00, real=0.01 secs] 
2317.439: [GC (Allocation Failure) [PSYoungGen: 65326K->192K(70656K)] 435474K->370340K(583168K), 0.0015530 secs] [Times: user=0.00 sys=0.00, real=0.00 secs] 
2318.805: [GC (Allocation Failure) [PSYoungGen: 69312K->1408K(70144K)] 439460K->371556K(582656K), 0.0051197 secs] [Times: user=0.02 sys=0.00, real=0.00 secs] 
2319.567: [GC (Allocation Failure) [PSYoungGen: 70016K->1408K(69632K)] 440164K->371556K(582144K), 0.0043866 secs] [Times: user=0.01 sys=0.01, real=0.00 secs] 
2320.150: [GC (Allocation Failure) [PSYoungGen: 69504K->1440K(69120K)] 439652K->371588K(581632K), 0.0029690 secs] [Times: user=0.01 sys=0.00, real=0.00 secs] 
2320.663: [GC (Allocation Failure) [PSYoungGen: 69024K->1408K(68608K)] 439172K->371556K(581120K), 0.0043251 secs] [Times: user=0.02 sys=0.00, real=0.01 secs] 
2320.950: [GC (Allocation Failure) [PSYoungGen: 68480K->1501K(68096K)] 438628K->371649K(580608K), 0.0023244 secs] [Times: user=0.01 sys=0.00, real=0.00 secs] 
2321.081: [GC (Allocation Failure) [PSYoungGen: 68061K->1469K(67584K)] 438209K->371617K(580096K), 0.0017073 secs] [Times: user=0.01 sys=0.00, real=0.00 secs] 
2321.198: [GC (Allocation Failure) [PSYoungGen: 67517K->1501K(68096K)] 437665K->371657K(580608K), 0.0017170 secs] [Times: user=0.01 sys=0.00, real=0.00 secs] 
2321.321: [GC (Allocation Failure) [PSYoungGen: 67549K->160K(73728K)] 437705K->370340K(586240K), 0.0014778 secs] [Times: user=0.00 sys=0.00, real=0.00 secs] 
2322.258: [GC (Allocation Failure) [PSYoungGen: 71840K->1408K(72704K)] 442020K->371588K(585216K), 0.0022697 secs] [Times: user=0.01 sys=0.00, real=0.00 secs] 
2323.362: [GC (Allocation Failure) [PSYoungGen: 72576K->1408K(72192K)] 442756K->371588K(584704K), 0.0041475 secs] [Times: user=0.01 sys=0.00, real=0.01 secs] 
2323.951: [GC (Allocation Failure) [PSYoungGen: 72064K->1376K(71680K)] 442244K->371556K(584192K), 0.0034471 secs] [Times: user=0.01 sys=0.00, real=0.01 secs] 
2324.592: [GC (Allocation Failure) [PSYoungGen: 71520K->1533K(71168K)] 441700K->371713K(583680K), 0.0030358 secs] [Times: user=0.01 sys=0.00, real=0.01 secs] 
2324.776: [GC (Allocation Failure) [PSYoungGen: 71165K->1437K(70656K)] 441345K->371617K(583168K), 0.0017800 secs] [Times: user=0.01 sys=0.00, real=0.00 secs] 
2324.897: [GC (Allocation Failure) [PSYoungGen: 70557K->1536K(70656K)] 440737K->371716K(583168K), 0.0017198 secs] [Times: user=0.01 sys=0.00, real=0.00 secs] 
2325.018: [GC (Allocation Failure) [PSYoungGen: 70144K->1501K(71168K)] 440324K->371689K(583680K), 0.0017335 secs] [Times: user=0.00 sys=0.00, real=0.00 secs] 
2325.240: [GC (Allocation Failure) [PSYoungGen: 70621K->1424K(70144K)] 440809K->371612K(582656K), 0.0019279 secs] [Times: user=0.01 sys=0.01, real=0.00 secs] 
2325.610: [GC (Allocation Failure) [PSYoungGen: 70032K->1408K(69632K)] 440220K->371596K(582144K), 0.0019923 secs] [Times: user=0.01 sys=0.00, real=0.00 secs] 
2325.900: [GC (Allocation Failure) [PSYoungGen: 69504K->1408K(69120K)] 439692K->371596K(581632K), 0.0018701 secs] [Times: user=0.01 sys=0.01, real=0.00 secs] 
2326.185: [GC (Allocation Failure) [PSYoungGen: 68992K->1408K(68608K)] 439180K->371596K(581120K), 0.0020131 secs] [Times: user=0.01 sys=0.01, real=0.00 secs] 
2326.459: [GC (Allocation Failure) [PSYoungGen: 68478K->1469K(68096K)] 438666K->371657K(580608K), 0.0016183 secs] [Times: user=0.01 sys=0.00, real=0.00 secs] 
2326.577: [GC (Allocation Failure) [PSYoungGen: 68029K->1533K(67584K)] 438217K->371721K(580096K), 0.0016811 secs] [Times: user=0.01 sys=0.00, real=0.00 secs] 
2326.694: [GC (Allocation Failure) [PSYoungGen: 67581K->1501K(72704K)] 437769K->371689K(585216K), 0.0017146 secs] [Times: user=0.00 sys=0.00, real=0.01 secs] 
2326.820: [GC (Allocation Failure) [PSYoungGen: 72669K->1533K(73216K)] 442857K->371721K(585728K), 0.0017427 secs] [Times: user=0.00 sys=0.00, real=0.00 secs] 
2327.934: [GC (Allocation Failure) [PSYoungGen: 72701K->1440K(78336K)] 442889K->371636K(590848K), 0.0076438 secs] [Times: user=0.03 sys=0.00, real=0.01 secs] 
2329.028: [GC (Allocation Failure) [PSYoungGen: 78240K->1376K(77824K)] 448436K->371572K(590336K), 0.0035399 secs] [Times: user=0.01 sys=0.01, real=0.00 secs] 
2329.946: [GC (Allocation Failure) [PSYoungGen: 77664K->1344K(77312K)] 447860K->371540K(589824K), 0.0038988 secs] [Times: user=0.01 sys=0.01, real=0.00 secs] 
2330.843: [GC (Allocation Failure) [PSYoungGen: 77120K->1408K(76800K)] 447316K->371620K(589312K), 0.0048255 secs] [Times: user=0.02 sys=0.00, real=0.01 secs] 
2331.350: [GC (Allocation Failure) [PSYoungGen: 76672K->1520K(76288K)] 446884K->371732K(588800K), 0.0024663 secs] [Times: user=0.01 sys=0.00, real=0.00 secs] 
2331.512: [GC (Allocation Failure) [PSYoungGen: 76272K->1485K(75776K)] 446484K->371697K(588288K), 0.0016997 secs] [Times: user=0.00 sys=0.00, real=0.00 secs] 
2331.647: [GC (Allocation Failure) [PSYoungGen: 75725K->1456K(75264K)] 445937K->371668K(587776K), 0.0017045 secs] [Times: user=0.01 sys=0.00, real=0.00 secs] 
2331.853: [GC (Allocation Failure) [PSYoungGen: 75184K->1408K(74752K)] 445396K->371620K(587264K), 0.0021978 secs] [Times: user=0.01 sys=0.00, real=0.01 secs] 
2332.282: [GC (Allocation Failure) [PSYoungGen: 74624K->1408K(74240K)] 444836K->371620K(586752K), 0.0021395 secs] [Times: user=0.01 sys=0.00, real=0.01 secs] 
2332.952: [GC (Allocation Failure) [PSYoungGen: 74112K->1440K(73728K)] 444324K->371652K(586240K), 0.0035938 secs] [Times: user=0.02 sys=0.00, real=0.01 secs] 
2333.776: [GC (Allocation Failure) [PSYoungGen: 73632K->1376K(73216K)] 443844K->371588K(585728K), 0.0034303 secs] [Times: user=0.01 sys=0.00, real=0.00 secs] 
2334.432: [GC (Allocation Failure) [PSYoungGen: 73056K->1501K(72704K)] 443268K->371713K(585216K), 0.0024574 secs] [Times: user=0.01 sys=0.00, real=0.01 secs] 
2334.591: [GC (Allocation Failure) [PSYoungGen: 72669K->1456K(72192K)] 442881K->371668K(584704K), 0.0018063 secs] [Times: user=0.01 sys=0.00, real=0.00 secs] 
2334.717: [GC (Allocation Failure) [PSYoungGen: 72112K->1469K(71680K)] 442324K->371681K(584192K), 0.0017919 secs] [Times: user=0.00 sys=0.00, real=0.00 secs] 
2334.859: [GC (Allocation Failure) [PSYoungGen: 71587K->1488K(72192K)] 441799K->371700K(584704K), 0.0020030 secs] [Times: user=0.01 sys=0.00, real=0.00 secs] 
2335.174: [GC (Allocation Failure) [PSYoungGen: 71632K->1408K(71168K)] 441844K->371620K(583680K), 0.0020793 secs] [Times: user=0.01 sys=0.00, real=0.01 secs] 
2335.676: [GC (Allocation Failure) [PSYoungGen: 71040K->1344K(70656K)] 441252K->371556K(583168K), 0.0020727 secs] [Times: user=0.01 sys=0.00, real=0.00 secs] 
2336.300: [GC (Allocation Failure) [PSYoungGen: 70464K->1344K(70144K)] 440676K->371556K(582656K), 0.0049698 secs] [Times: user=0.02 sys=0.00, real=0.01 secs] 
2337.514: [GC (Allocation Failure) [PSYoungGen: 69952K->1344K(69632K)] 440164K->371556K(582144K), 0.0044380 secs] [Times: user=0.01 sys=0.00, real=0.01 secs] 
2338.462: [GC (Allocation Failure) [PSYoungGen: 69440K->1437K(69120K)] 439652K->371649K(581632K), 0.0026699 secs] [Times: user=0.01 sys=0.00, real=0.01 secs] 
2338.612: [GC (Allocation Failure) [PSYoungGen: 69021K->1504K(68608K)] 439233K->371716K(581120K), 0.0018809 secs] [Times: user=0.01 sys=0.00, real=0.00 secs] 
2338.747: [GC (Allocation Failure) [PSYoungGen: 68576K->1485K(68096K)] 438788K->371697K(580608K), 0.0020149 secs] [Times: user=0.00 sys=0.00, real=0.00 secs] 
2338.894: [GC (Allocation Failure) [PSYoungGen: 68045K->1533K(68608K)] 438257K->371761K(581120K), 0.0021180 secs] [Times: user=0.01 sys=0.00, real=0.01 secs] 
2339.195: [GC (Allocation Failure) [PSYoungGen: 68093K->1440K(67584K)] 438321K->371668K(580096K), 0.0025316 secs] [Times: user=0.01 sys=0.00, real=0.00 secs] 
2339.513: [GC (Allocation Failure) [PSYoungGen: 67488K->1408K(67072K)] 437716K->371636K(579584K), 0.0023712 secs] [Times: user=0.01 sys=0.00, real=0.01 secs] 
2339.786: [GC (Allocation Failure) [PSYoungGen: 66944K->1376K(66560K)] 437172K->371604K(579072K), 0.0021732 secs] [Times: user=0.00 sys=0.01, real=0.00 secs] 
2340.241: [GC (Allocation Failure) [PSYoungGen: 66400K->1440K(66048K)] 436628K->371692K(578560K), 0.0026541 secs] [Times: user=0.01 sys=0.00, real=0.00 secs] 
2340.588: [GC (Allocation Failure) [PSYoungGen: 65952K->1469K(65536K)] 436204K->371721K(578048K), 0.0021555 secs] [Times: user=0.01 sys=0.00, real=0.00 secs] 
2340.709: [GC (Allocation Failure) [PSYoungGen: 65469K->1485K(65024K)] 435721K->371737K(577536K), 0.0019093 secs] [Times: user=0.01 sys=0.00, real=0.00 secs] 
2340.820: [GC (Allocation Failure) [PSYoungGen: 64973K->1501K(65536K)] 435225K->371753K(578048K), 0.0016497 secs] [Times: user=0.01 sys=0.00, real=0.00 secs] 
2340.932: [GC (Allocation Failure) [PSYoungGen: 64989K->1501K(71168K)] 435241K->371769K(583680K), 0.0017066 secs] [Times: user=0.01 sys=0.00, real=0.00 secs] 
2341.159: [GC (Allocation Failure) [PSYoungGen: 70621K->1408K(71168K)] 440889K->371676K(583680K), 0.0019317 secs] [Times: user=0.01 sys=0.00, real=0.00 secs] 
2341.478: [GC (Allocation Failure) [PSYoungGen: 70528K->1344K(70144K)] 440796K->371612K(582656K), 0.0020008 secs] [Times: user=0.00 sys=0.00, real=0.00 secs] 
2342.019: [GC (Allocation Failure) [PSYoungGen: 69952K->1344K(69632K)] 440220K->371612K(582144K), 0.0025293 secs] [Times: user=0.01 sys=0.00, real=0.00 secs] 
2342.574: [GC (Allocation Failure) [PSYoungGen: 69440K->1376K(69120K)] 439708K->371644K(581632K), 0.0030167 secs] [Times: user=0.02 sys=0.00, real=0.01 secs] 
2343.064: [GC (Allocation Failure) [PSYoungGen: 68960K->1501K(68608K)] 439228K->371769K(581120K), 0.0024797 secs] [Times: user=0.01 sys=0.00, real=0.01 secs] 
2343.211: [GC (Allocation Failure) [PSYoungGen: 68573K->1501K(68096K)] 438841K->371769K(580608K), 0.0017925 secs] [Times: user=0.01 sys=0.00, real=0.00 secs] 
2343.345: [GC (Allocation Failure) [PSYoungGen: 68061K->1469K(67584K)] 438329K->371737K(580096K), 0.0020096 secs] [Times: user=0.01 sys=0.00, real=0.00 secs] 
2343.493: [GC (Allocation Failure) [PSYoungGen: 67517K->1453K(73216K)] 437785K->371737K(585728K), 0.0020490 secs] [Times: user=0.01 sys=0.00, real=0.01 secs] 
2343.894: [GC (Allocation Failure) [PSYoungGen: 73133K->1440K(72704K)] 443417K->371724K(585216K), 0.0020611 secs] [Times: user=0.01 sys=0.00, real=0.01 secs] 
2344.464: [GC (Allocation Failure) [PSYoungGen: 72608K->1408K(72192K)] 442892K->371692K(584704K), 0.0031414 secs] [Times: user=0.01 sys=0.00, real=0.01 secs] 
2345.017: [GC (Allocation Failure) [PSYoungGen: 72064K->1392K(71680K)] 442348K->371676K(584192K), 0.0030729 secs] [Times: user=0.01 sys=0.00, real=0.00 secs] 
2345.564: [GC (Allocation Failure) [PSYoungGen: 71536K->1312K(71168K)] 441820K->371596K(583680K), 0.0029294 secs] [Times: user=0.01 sys=0.00, real=0.01 secs] 
2346.011: [GC (Allocation Failure) [PSYoungGen: 70944K->1437K(70656K)] 441228K->371721K(583168K), 0.0024443 secs] [Times: user=0.01 sys=0.00, real=0.00 secs] 
2346.145: [GC (Allocation Failure) [PSYoungGen: 70530K->1501K(70144K)] 440814K->371785K(582656K), 0.0017595 secs] [Times: user=0.01 sys=0.00, real=0.00 secs] 
2346.265: [GC (Allocation Failure) [PSYoungGen: 70099K->1501K(69632K)] 440383K->371785K(582144K), 0.0018209 secs] [Times: user=0.00 sys=0.00, real=0.00 secs] 
2346.386: [GC (Allocation Failure) [PSYoungGen: 69597K->1533K(70144K)] 439881K->371825K(582656K), 0.0017884 secs] [Times: user=0.00 sys=0.00, real=0.00 secs] 
2346.869: [GC (Allocation Failure) [PSYoungGen: 69629K->1440K(69120K)] 439921K->371732K(581632K), 0.0023228 secs] [Times: user=0.01 sys=0.00, real=0.00 secs] 
2347.409: [GC (Allocation Failure) [PSYoungGen: 69024K->1408K(68608K)] 439316K->371700K(581120K), 0.0043108 secs] [Times: user=0.02 sys=0.01, real=0.00 secs] 
2347.865: [GC (Allocation Failure) [PSYoungGen: 68480K->1376K(68096K)] 438772K->371668K(580608K), 0.0029312 secs] [Times: user=0.01 sys=0.00, real=0.00 secs] 
2348.473: [GC (Allocation Failure) [PSYoungGen: 67936K->1408K(67584K)] 438228K->371700K(580096K), 0.0025597 secs] [Times: user=0.01 sys=0.00, real=0.01 secs] 
2348.808: [GC (Allocation Failure) [PSYoungGen: 67456K->1469K(67072K)] 437748K->371761K(579584K), 0.0028581 secs] [Times: user=0.01 sys=0.00, real=0.00 secs] 
2348.928: [GC (Allocation Failure) [PSYoungGen: 67005K->1437K(66560K)] 437297K->371729K(579072K), 0.0018011 secs] [Times: user=0.01 sys=0.00, real=0.00 secs] 
2349.043: [GC (Allocation Failure) [PSYoungGen: 66461K->1501K(67072K)] 436753K->371793K(579584K), 0.0016293 secs] [Times: user=0.00 sys=0.00, real=0.01 secs] 
2349.175: [GC (Allocation Failure) [PSYoungGen: 66525K->1536K(72704K)] 436817K->371844K(585216K), 0.0019476 secs] [Times: user=0.01 sys=0.00, real=0.00 secs] 
2349.479: [GC (Allocation Failure) [PSYoungGen: 72192K->1440K(72704K)] 442500K->371772K(585216K), 0.0021841 secs] [Times: user=0.01 sys=0.00, real=0.00 secs] 
2349.773: [GC (Allocation Failure) [PSYoungGen: 72096K->1376K(71680K)] 442428K->371708K(584192K), 0.0021521 secs] [Times: user=0.01 sys=0.00, real=0.01 secs] 
2350.292: [GC (Allocation Failure) [PSYoungGen: 71520K->1344K(71168K)] 441852K->371676K(583680K), 0.0038058 secs] [Times: user=0.01 sys=0.00, real=0.01 secs] 
2350.869: [GC (Allocation Failure) [PSYoungGen: 70976K->1376K(70656K)] 441308K->371708K(583168K), 0.0023724 secs] [Times: user=0.01 sys=0.00, real=0.00 secs] 
2351.283: [GC (Allocation Failure) [PSYoungGen: 70496K->1533K(70144K)] 440828K->371865K(582656K), 0.0025989 secs] [Times: user=0.01 sys=0.00, real=0.01 secs] 
2351.441: [GC (Allocation Failure) [PSYoungGen: 70141K->1440K(69632K)] 440473K->371772K(582144K), 0.0016996 secs] [Times: user=0.01 sys=0.00, real=0.00 secs] 
2351.560: [GC (Allocation Failure) [PSYoungGen: 69536K->1485K(69120K)] 439868K->371817K(581632K), 0.0017718 secs] [Times: user=0.01 sys=0.00, real=0.00 secs] 
2351.679: [GC (Allocation Failure) [PSYoungGen: 69069K->1501K(74752K)] 439401K->371841K(587264K), 0.0016616 secs] [Times: user=0.01 sys=0.00, real=0.00 secs] 
2352.592: [GC (Allocation Failure) [PSYoungGen: 74717K->1376K(74240K)] 445057K->371716K(586752K), 0.0044531 secs] [Times: user=0.02 sys=0.00, real=0.01 secs] 
2353.505: [GC (Allocation Failure) [PSYoungGen: 74080K->1312K(73728K)] 444420K->371652K(586240K), 0.0031394 secs] [Times: user=0.02 sys=0.00, real=0.00 secs] 
2354.381: [GC (Allocation Failure) [PSYoungGen: 73504K->1392K(73216K)] 443844K->371732K(585728K), 0.0037778 secs] [Times: user=0.02 sys=0.00, real=0.01 secs] 
2354.976: [GC (Allocation Failure) [PSYoungGen: 73072K->1437K(72704K)] 443412K->371777K(585216K), 0.0028418 secs] [Times: user=0.01 sys=0.00, real=0.00 secs] 
2355.172: [GC (Allocation Failure) [PSYoungGen: 72605K->1536K(72704K)] 442945K->371876K(585216K), 0.0016983 secs] [Times: user=0.01 sys=0.00, real=0.00 secs] 
2355.317: [GC (Allocation Failure) [PSYoungGen: 72192K->1533K(71680K)] 442532K->371873K(584192K), 0.0019718 secs] [Times: user=0.01 sys=0.00, real=0.00 secs] 
2355.473: [GC (Allocation Failure) [PSYoungGen: 71674K->1469K(71168K)] 442014K->371809K(583680K), 0.0021647 secs] [Times: user=0.01 sys=0.00, real=0.01 secs] 
2356.250: [GC (Allocation Failure) [PSYoungGen: 71101K->1376K(70656K)] 441441K->371716K(583168K), 0.0035480 secs] [Times: user=0.02 sys=0.00, real=0.00 secs] 
2356.954: [GC (Allocation Failure) [PSYoungGen: 70496K->1424K(70144K)] 440836K->371764K(582656K), 0.0038833 secs] [Times: user=0.02 sys=0.00, real=0.01 secs] 
2357.555: [GC (Allocation Failure) [PSYoungGen: 70032K->1408K(69632K)] 440372K->371748K(582144K), 0.0025410 secs] [Times: user=0.01 sys=0.00, real=0.00 secs] 
2357.981: [GC (Allocation Failure) [PSYoungGen: 69504K->1408K(69120K)] 439844K->371748K(581632K), 0.0027870 secs] [Times: user=0.01 sys=0.00, real=0.00 secs] 
2358.614: [GC (Allocation Failure) [PSYoungGen: 68992K->1501K(68608K)] 439332K->371841K(581120K), 0.0024024 secs] [Times: user=0.01 sys=0.00, real=0.00 secs] 
2358.767: [GC (Allocation Failure) [PSYoungGen: 68573K->1517K(68096K)] 438913K->371857K(580608K), 0.0017656 secs] [Times: user=0.01 sys=0.00, real=0.00 secs] 
2358.885: [GC (Allocation Failure) [PSYoungGen: 68077K->1485K(67584K)] 438417K->371825K(580096K), 0.0017511 secs] [Times: user=0.01 sys=0.00, real=0.00 secs] 
2359.004: [GC (Allocation Failure) [PSYoungGen: 67533K->1565K(68608K)] 437873K->371905K(581120K), 0.0017981 secs] [Times: user=0.01 sys=0.00, real=0.01 secs] 
2359.230: [GC (Allocation Failure) [PSYoungGen: 68125K->1408K(73728K)] 438465K->371748K(586240K), 0.0021027 secs] [Times: user=0.01 sys=0.01, real=0.00 secs] 
2359.528: [GC (Allocation Failure) [PSYoungGen: 73088K->1424K(72704K)] 443428K->371764K(585216K), 0.0019852 secs] [Times: user=0.00 sys=0.00, real=0.00 secs] 
2359.824: [GC (Allocation Failure) [PSYoungGen: 72592K->1408K(72192K)] 442932K->371748K(584704K), 0.0020477 secs] [Times: user=0.00 sys=0.00, real=0.00 secs] 
2360.118: [GC (Allocation Failure) [PSYoungGen: 72064K->1408K(71680K)] 442404K->371772K(584192K), 0.0021052 secs] [Times: user=0.01 sys=0.00, real=0.00 secs] 
2360.368: [GC (Allocation Failure) [PSYoungGen: 71546K->1501K(71168K)] 441910K->371865K(583680K), 0.0017362 secs] [Times: user=0.00 sys=0.00, real=0.00 secs] 
2360.491: [GC (Allocation Failure) [PSYoungGen: 71133K->1469K(70656K)] 441497K->371833K(583168K), 0.0016411 secs] [Times: user=0.00 sys=0.00, real=0.00 secs] 
2360.613: [GC (Allocation Failure) [PSYoungGen: 70589K->1472K(71168K)] 440953K->371836K(583680K), 0.0025785 secs] [Times: user=0.00 sys=0.00, real=0.01 secs] 
2360.736: [GC (Allocation Failure) [PSYoungGen: 70592K->1501K(71168K)] 440956K->371873K(583680K), 0.0016147 secs] [Times: user=0.00 sys=0.00, real=0.00 secs] 
2361.005: [GC (Allocation Failure) [PSYoungGen: 70621K->1440K(77312K)] 440993K->371812K(589824K), 0.0021354 secs] [Times: user=0.01 sys=0.00, real=0.00 secs] 
2361.600: [GC (Allocation Failure) [PSYoungGen: 76704K->1376K(76288K)] 447076K->371748K(588800K), 0.0019701 secs] [Times: user=0.01 sys=0.00, real=0.00 secs] 
2362.310: [GC (Allocation Failure) [PSYoungGen: 76128K->1344K(75776K)] 446500K->371716K(588288K), 0.0040579 secs] [Times: user=0.02 sys=0.00, real=0.01 secs] 
2362.946: [GC (Allocation Failure) [PSYoungGen: 75584K->1408K(75264K)] 445956K->371788K(587776K), 0.0023510 secs] [Times: user=0.01 sys=0.00, real=0.00 secs] 
2363.242: [GC (Allocation Failure) [PSYoungGen: 75136K->1469K(74752K)] 445516K->371849K(587264K), 0.0018544 secs] [Times: user=0.01 sys=0.00, real=0.00 secs] 
2363.370: [GC (Allocation Failure) [PSYoungGen: 74685K->1533K(74240K)] 445065K->371913K(586752K), 0.0017897 secs] [Times: user=0.00 sys=0.00, real=0.00 secs] 
2363.498: [GC (Allocation Failure) [PSYoungGen: 74237K->1565K(74240K)] 444617K->371945K(586752K), 0.0017272 secs] [Times: user=0.00 sys=0.00, real=0.00 secs] 
2363.894: [GC (Allocation Failure) [PSYoungGen: 73757K->1408K(73216K)] 444137K->371788K(585728K), 0.0022277 secs] [Times: user=0.01 sys=0.00, real=0.00 secs] 
2364.827: [GC (Allocation Failure) [PSYoungGen: 73088K->1376K(72704K)] 443468K->371756K(585216K), 0.0021515 secs] [Times: user=0.01 sys=0.00, real=0.00 secs] 
2365.568: [GC (Allocation Failure) [PSYoungGen: 72544K->1408K(72192K)] 442924K->371788K(584704K), 0.0023286 secs] [Times: user=0.01 sys=0.00, real=0.00 secs] 
2366.549: [GC (Allocation Failure) [PSYoungGen: 72064K->1408K(71680K)] 442444K->371788K(584192K), 0.0024495 secs] [Times: user=0.01 sys=0.00, real=0.00 secs] 
2367.195: [GC (Allocation Failure) [PSYoungGen: 71552K->1469K(71168K)] 441932K->371849K(583680K), 0.0022579 secs] [Times: user=0.01 sys=0.00, real=0.00 secs] 
2367.341: [GC (Allocation Failure) [PSYoungGen: 71101K->1469K(70656K)] 441481K->371849K(583168K), 0.0017170 secs] [Times: user=0.01 sys=0.00, real=0.00 secs] 
2367.462: [GC (Allocation Failure) [PSYoungGen: 70589K->1533K(70144K)] 440969K->371913K(582656K), 0.0018203 secs] [Times: user=0.01 sys=0.00, real=0.01 secs] 
2367.583: [GC (Allocation Failure) [PSYoungGen: 70141K->1533K(69632K)] 440521K->371913K(582144K), 0.0016696 secs] [Times: user=0.01 sys=0.00, real=0.01 secs] 
2367.986: [GC (Allocation Failure) [PSYoungGen: 69629K->1424K(69120K)] 440009K->371812K(581632K), 0.0022043 secs] [Times: user=0.01 sys=0.00, real=0.00 secs] 
2368.342: [GC (Allocation Failure) [PSYoungGen: 69008K->1376K(68608K)] 439396K->371764K(581120K), 0.0020709 secs] [Times: user=0.00 sys=0.00, real=0.00 secs] 
2368.635: [GC (Allocation Failure) [PSYoungGen: 68448K->1408K(68096K)] 438836K->371796K(580608K), 0.0023652 secs] [Times: user=0.01 sys=0.00, real=0.00 secs] 
2368.912: [GC (Allocation Failure) [PSYoungGen: 67968K->1344K(67584K)] 438356K->371732K(580096K), 0.0018970 secs] [Times: user=0.01 sys=0.00, real=0.00 secs] 
2369.156: [GC (Allocation Failure) [PSYoungGen: 67392K->1453K(67072K)] 437780K->371849K(579584K), 0.0016979 secs] [Times: user=0.01 sys=0.00, real=0.00 secs] 
2369.273: [GC (Allocation Failure) [PSYoungGen: 66989K->1501K(66560K)] 437385K->371897K(579072K), 0.0017486 secs] [Times: user=0.00 sys=0.00, real=0.01 secs] 
2369.389: [GC (Allocation Failure) [PSYoungGen: 66525K->1536K(67584K)] 436921K->371932K(580096K), 0.0016814 secs] [Times: user=0.01 sys=0.01, real=0.00 secs] 
2369.506: [GC (Allocation Failure) [PSYoungGen: 67072K->1520K(72704K)] 437468K->371932K(585216K), 0.0038201 secs] [Times: user=0.01 sys=0.01, real=0.00 secs] 
2370.346: [GC (Allocation Failure) [PSYoungGen: 72176K->1376K(72704K)] 442588K->371804K(585216K), 0.0044474 secs] [Times: user=0.01 sys=0.00, real=0.00 secs] 
2371.892: [GC (Allocation Failure) [PSYoungGen: 72032K->1408K(78336K)] 442460K->371836K(590848K), 0.0034001 secs] [Times: user=0.01 sys=0.00, real=0.01 secs] 
2372.566: [GC (Allocation Failure) [PSYoungGen: 78208K->1376K(77824K)] 448636K->371804K(590336K), 0.0041274 secs] [Times: user=0.01 sys=0.00, real=0.00 secs] 
2373.223: [GC (Allocation Failure) [PSYoungGen: 77664K->1344K(77312K)] 448092K->371772K(589824K), 0.0045318 secs] [Times: user=0.02 sys=0.00, real=0.01 secs] 
2373.480: [GC (Allocation Failure) [PSYoungGen: 77120K->1469K(76800K)] 447548K->371897K(589312K), 0.0017801 secs] [Times: user=0.00 sys=0.00, real=0.00 secs] 
2373.612: [GC (Allocation Failure) [PSYoungGen: 76733K->1472K(76288K)] 447161K->371900K(588800K), 0.0017767 secs] [Times: user=0.00 sys=0.00, real=0.00 secs] 
2373.743: [GC (Allocation Failure) [PSYoungGen: 76224K->1517K(76800K)] 446652K->371945K(589312K), 0.0017661 secs] [Times: user=0.01 sys=0.00, real=0.01 secs] 
2374.085: [GC (Allocation Failure) [PSYoungGen: 76269K->1440K(75776K)] 446697K->371868K(588288K), 0.0023007 secs] [Times: user=0.01 sys=0.00, real=0.00 secs] 
2374.953: [GC (Allocation Failure) [PSYoungGen: 75680K->1392K(75264K)] 446108K->371828K(587776K), 0.0054689 secs] [Times: user=0.01 sys=0.01, real=0.01 secs] 
2376.005: [GC (Allocation Failure) [PSYoungGen: 75120K->1376K(74752K)] 445556K->371812K(587264K), 0.0043564 secs] [Times: user=0.02 sys=0.00, real=0.00 secs] 
2377.103: [GC (Allocation Failure) [PSYoungGen: 74592K->1376K(74240K)] 445028K->371812K(586752K), 0.0050892 secs] [Times: user=0.02 sys=0.01, real=0.01 secs] 
2377.780: [GC (Allocation Failure) [PSYoungGen: 74080K->1520K(73728K)] 444516K->371956K(586240K), 0.0024160 secs] [Times: user=0.01 sys=0.00, real=0.00 secs] 
2377.945: [GC (Allocation Failure) [PSYoungGen: 73712K->1533K(73216K)] 444148K->371969K(585728K), 0.0016656 secs] [Times: user=0.00 sys=0.00, real=0.00 secs] 
2378.070: [GC (Allocation Failure) [PSYoungGen: 73213K->1533K(72704K)] 443649K->371969K(585216K), 0.0016837 secs] [Times: user=0.00 sys=0.00, real=0.00 secs] 
2378.195: [GC (Allocation Failure) [PSYoungGen: 72701K->1469K(72192K)] 443137K->371905K(584704K), 0.0017430 secs] [Times: user=0.01 sys=0.00, real=0.00 secs] 
2379.024: [GC (Allocation Failure) [PSYoungGen: 72125K->1440K(71680K)] 442561K->371876K(584192K), 0.0042261 secs] [Times: user=0.02 sys=0.00, real=0.01 secs] 
2379.746: [GC (Allocation Failure) [PSYoungGen: 71584K->1408K(71168K)] 442020K->371844K(583680K), 0.0035287 secs] [Times: user=0.02 sys=0.00, real=0.00 secs] 
2380.465: [GC (Allocation Failure) [PSYoungGen: 71040K->1360K(70656K)] 441476K->371796K(583168K), 0.0033039 secs] [Times: user=0.02 sys=0.00, real=0.00 secs] 
2381.292: [GC (Allocation Failure) [PSYoungGen: 70480K->1408K(70144K)] 440916K->371844K(582656K), 0.0034907 secs] [Times: user=0.02 sys=0.00, real=0.01 secs] 
2381.629: [GC (Allocation Failure) [PSYoungGen: 70016K->1501K(69632K)] 440452K->371937K(582144K), 0.0021508 secs] [Times: user=0.01 sys=0.00, real=0.00 secs] 
2381.756: [GC (Allocation Failure) [PSYoungGen: 69597K->1501K(69120K)] 440033K->371937K(581632K), 0.0018103 secs] [Times: user=0.01 sys=0.00, real=0.00 secs] 
2381.875: [GC (Allocation Failure) [PSYoungGen: 69085K->1453K(75264K)] 439521K->371889K(587776K), 0.0034607 secs] [Times: user=0.02 sys=0.00, real=0.00 secs] 
2382.196: [GC (Allocation Failure) [PSYoungGen: 75181K->2016K(75776K)] 445617K->372452K(588288K), 0.0025779 secs] [Times: user=0.01 sys=0.00, real=0.00 secs] 
2383.003: [GC (Allocation Failure) [PSYoungGen: 75744K->1376K(81408K)] 446180K->371828K(593920K), 0.0045915 secs] [Times: user=0.02 sys=0.00, real=0.01 secs] 
2383.782: [GC (Allocation Failure) [PSYoungGen: 81248K->1440K(80896K)] 451700K->371892K(593408K), 0.0037025 secs] [Times: user=0.01 sys=0.00, real=0.01 secs] 
2384.661: [GC (Allocation Failure) [PSYoungGen: 80800K->1392K(80384K)] 451252K->371844K(592896K), 0.0029825 secs] [Times: user=0.01 sys=0.00, real=0.01 secs] 
2385.196: [GC (Allocation Failure) [PSYoungGen: 80240K->1485K(79872K)] 450692K->371937K(592384K), 0.0023399 secs] [Times: user=0.01 sys=0.00, real=0.00 secs] 
2385.364: [GC (Allocation Failure) [PSYoungGen: 79821K->1536K(79872K)] 450273K->371988K(592384K), 0.0018424 secs] [Times: user=0.01 sys=0.00, real=0.00 secs] 
2385.503: [GC (Allocation Failure) [PSYoungGen: 79360K->1533K(78848K)] 449812K->371985K(591360K), 0.0017893 secs] [Times: user=0.01 sys=0.00, real=0.01 secs] 
2385.697: [GC (Allocation Failure) [PSYoungGen: 78845K->1440K(78336K)] 449297K->371892K(590848K), 0.0020836 secs] [Times: user=0.01 sys=0.00, real=0.00 secs] 
2386.017: [GC (Allocation Failure) [PSYoungGen: 78240K->1408K(77824K)] 448692K->371868K(590336K), 0.0024234 secs] [Times: user=0.01 sys=0.00, real=0.00 secs] 
2386.552: [GC (Allocation Failure) [PSYoungGen: 77696K->1408K(77312K)] 448156K->371868K(589824K), 0.0022561 secs] [Times: user=0.01 sys=0.00, real=0.01 secs] 
2387.127: [GC (Allocation Failure) [PSYoungGen: 77184K->1376K(76800K)] 447644K->371836K(589312K), 0.0045014 secs] [Times: user=0.02 sys=0.00, real=0.00 secs] 
2387.606: [GC (Allocation Failure) [PSYoungGen: 76640K->1469K(76288K)] 447100K->371929K(588800K), 0.0026518 secs] [Times: user=0.01 sys=0.00, real=0.00 secs] 
2387.784: [GC (Allocation Failure) [PSYoungGen: 76221K->1469K(75776K)] 446681K->371929K(588288K), 0.0024050 secs] [Times: user=0.01 sys=0.00, real=0.01 secs] 
2387.916: [GC (Allocation Failure) [PSYoungGen: 75709K->1533K(75264K)] 446169K->371993K(587776K), 0.0016945 secs] [Times: user=0.01 sys=0.00, real=0.00 secs] 
2388.045: [GC (Allocation Failure) [PSYoungGen: 75261K->1376K(76288K)] 445721K->371836K(588800K), 0.0015696 secs] [Times: user=0.00 sys=0.00, real=0.00 secs] 
2388.378: [GC (Allocation Failure) [PSYoungGen: 75616K->1408K(75264K)] 446076K->371876K(587776K), 0.0018624 secs] [Times: user=0.00 sys=0.00, real=0.00 secs] 
2388.853: [GC (Allocation Failure) [PSYoungGen: 75136K->1440K(74752K)] 445604K->371908K(587264K), 0.0020566 secs] [Times: user=0.01 sys=0.00, real=0.01 secs] 
2389.464: [GC (Allocation Failure) [PSYoungGen: 74656K->1360K(74240K)] 445124K->371828K(586752K), 0.0022196 secs] [Times: user=0.01 sys=0.00, real=0.00 secs] 
2390.164: [GC (Allocation Failure) [PSYoungGen: 74064K->1488K(73728K)] 444532K->371980K(586240K), 0.0026414 secs] [Times: user=0.01 sys=0.00, real=0.01 secs] 
2390.383: [GC (Allocation Failure) [PSYoungGen: 73680K->1469K(73216K)] 444172K->371961K(585728K), 0.0021828 secs] [Times: user=0.00 sys=0.00, real=0.01 secs] 
2390.517: [GC (Allocation Failure) [PSYoungGen: 73149K->1469K(72704K)] 443641K->371961K(585216K), 0.0018568 secs] [Times: user=0.01 sys=0.00, real=0.00 secs] 
2390.643: [GC (Allocation Failure) [PSYoungGen: 72637K->1501K(78336K)] 443129K->371993K(590848K), 0.0018314 secs] [Times: user=0.00 sys=0.00, real=0.01 secs] 
2390.919: [GC (Allocation Failure) [PSYoungGen: 78301K->1440K(78848K)] 448793K->371932K(591360K), 0.0034770 secs] [Times: user=0.02 sys=0.00, real=0.00 secs] 
2391.531: [GC (Allocation Failure) [PSYoungGen: 78240K->1376K(77824K)] 448732K->371868K(590336K), 0.0027710 secs] [Times: user=0.01 sys=0.00, real=0.00 secs] 
2392.133: [GC (Allocation Failure) [PSYoungGen: 77664K->1408K(77312K)] 448156K->371900K(589824K), 0.0028969 secs] [Times: user=0.02 sys=0.00, real=0.01 secs] 
2392.740: [GC (Allocation Failure) [PSYoungGen: 77184K->1376K(76800K)] 447676K->371868K(589312K), 0.0021682 secs] [Times: user=0.01 sys=0.00, real=0.00 secs] 
2392.943: [GC (Allocation Failure) [PSYoungGen: 76640K->1485K(76288K)] 447132K->371977K(588800K), 0.0021875 secs] [Times: user=0.01 sys=0.00, real=0.01 secs] 
2393.108: [GC (Allocation Failure) [PSYoungGen: 76237K->1485K(75776K)] 446729K->371977K(588288K), 0.0021725 secs] [Times: user=0.01 sys=0.00, real=0.00 secs] 
2393.253: [GC (Allocation Failure) [PSYoungGen: 75725K->1469K(81920K)] 446217K->371961K(594432K), 0.0019157 secs] [Times: user=0.01 sys=0.00, real=0.01 secs] 
2393.903: [GC (Allocation Failure) [PSYoungGen: 81853K->1440K(81408K)] 452345K->371940K(593920K), 0.0027020 secs] [Times: user=0.01 sys=0.00, real=0.01 secs] 
2394.888: [GC (Allocation Failure) [PSYoungGen: 81312K->1376K(80896K)] 451812K->371876K(593408K), 0.0026854 secs] [Times: user=0.01 sys=0.00, real=0.00 secs] 
2395.764: [GC (Allocation Failure) [PSYoungGen: 80736K->1344K(80384K)] 451236K->371844K(592896K), 0.0035458 secs] [Times: user=0.02 sys=0.00, real=0.01 secs] 
2396.421: [GC (Allocation Failure) [PSYoungGen: 80192K->1376K(79872K)] 450692K->371876K(592384K), 0.0026077 secs] [Times: user=0.01 sys=0.00, real=0.00 secs] 
2396.643: [GC (Allocation Failure) [PSYoungGen: 79712K->1549K(79872K)] 450212K->372049K(592384K), 0.0016131 secs] [Times: user=0.01 sys=0.00, real=0.01 secs] 
2396.780: [GC (Allocation Failure) [PSYoungGen: 79373K->1517K(78848K)] 449873K->372017K(591360K), 0.0018473 secs] [Times: user=0.01 sys=0.00, real=0.00 secs] 
2396.916: [GC (Allocation Failure) [PSYoungGen: 78829K->1501K(78336K)] 449329K->372001K(590848K), 0.0016911 secs] [Times: user=0.01 sys=0.00, real=0.00 secs] 
2397.570: [GC (Allocation Failure) [PSYoungGen: 78301K->1488K(77824K)] 448801K->371988K(590336K), 0.0018826 secs] [Times: user=0.01 sys=0.00, real=0.00 secs] 
2397.987: [GC (Allocation Failure) [PSYoungGen: 77776K->1376K(77312K)] 448276K->371876K(589824K), 0.0019386 secs] [Times: user=0.00 sys=0.00, real=0.00 secs] 
2398.302: [GC (Allocation Failure) [PSYoungGen: 77152K->1344K(76800K)] 447652K->371844K(589312K), 0.0023280 secs] [Times: user=0.00 sys=0.00, real=0.01 secs] 
2398.644: [GC (Allocation Failure) [PSYoungGen: 76608K->1408K(76288K)] 447108K->371908K(588800K), 0.0019486 secs] [Times: user=0.01 sys=0.00, real=0.00 secs] 
2398.813: [GC (Allocation Failure) [PSYoungGen: 76160K->1469K(75776K)] 446660K->371969K(588288K), 0.0017122 secs] [Times: user=0.01 sys=0.00, real=0.01 secs] 
2398.944: [GC (Allocation Failure) [PSYoungGen: 75709K->1533K(75264K)] 446209K->372033K(587776K), 0.0016467 secs] [Times: user=0.00 sys=0.00, real=0.01 secs] 
2399.072: [GC (Allocation Failure) [PSYoungGen: 75261K->1533K(76288K)] 445761K->372033K(588800K), 0.0018546 secs] [Times: user=0.01 sys=0.00, real=0.01 secs] 
2399.378: [GC (Allocation Failure) [PSYoungGen: 75773K->1472K(75264K)] 446273K->371972K(587776K), 0.0016663 secs] [Times: user=0.01 sys=0.01, real=0.00 secs] 
2399.683: [GC (Allocation Failure) [PSYoungGen: 75200K->1376K(74752K)] 445700K->371876K(587264K), 0.0017074 secs] [Times: user=0.01 sys=0.00, real=0.01 secs] 
2400.040: [GC (Allocation Failure) [PSYoungGen: 74592K->1408K(74240K)] 445092K->371924K(586752K), 0.0020311 secs] [Times: user=0.01 sys=0.00, real=0.00 secs] 
2400.378: [GC (Allocation Failure) [PSYoungGen: 74112K->1440K(73728K)] 444628K->371956K(586240K), 0.0023232 secs] [Times: user=0.01 sys=0.00, real=0.00 secs] 
2400.830: [GC (Allocation Failure) [PSYoungGen: 73632K->1456K(73216K)] 444148K->371972K(585728K), 0.0020607 secs] [Times: user=0.01 sys=0.00, real=0.00 secs] 
2400.958: [GC (Allocation Failure) [PSYoungGen: 73136K->1533K(72704K)] 443652K->372049K(585216K), 0.0018723 secs] [Times: user=0.01 sys=0.00, real=0.00 secs] 
2401.102: [GC (Allocation Failure) [PSYoungGen: 72701K->1517K(72192K)] 443217K->372033K(584704K), 0.0019491 secs] [Times: user=0.01 sys=0.00, real=0.00 secs] 
2401.256: [GC (Allocation Failure) [PSYoungGen: 72173K->1440K(78336K)] 442689K->371956K(590848K), 0.0021455 secs] [Times: user=0.01 sys=0.00, real=0.00 secs] 
2401.630: [GC (Allocation Failure) [PSYoungGen: 77728K->1392K(77312K)] 448244K->371916K(589824K), 0.0021315 secs] [Times: user=0.01 sys=0.00, real=0.00 secs] 
2402.047: [GC (Allocation Failure) [PSYoungGen: 77168K->1360K(76800K)] 447692K->371884K(589312K), 0.0025199 secs] [Times: user=0.01 sys=0.00, real=0.00 secs] 
2402.662: [GC (Allocation Failure) [PSYoungGen: 76624K->1408K(76288K)] 447148K->371932K(588800K), 0.0033978 secs] [Times: user=0.02 sys=0.00, real=0.01 secs] 
2403.244: [GC (Allocation Failure) [PSYoungGen: 76160K->1533K(75776K)] 446684K->372057K(588288K), 0.0044804 secs] [Times: user=0.01 sys=0.00, real=0.00 secs] 
2403.496: [GC (Allocation Failure) [PSYoungGen: 75773K->1501K(75264K)] 446297K->372025K(587776K), 0.0022446 secs] [Times: user=0.01 sys=0.00, real=0.00 secs] 
2403.643: [GC (Allocation Failure) [PSYoungGen: 75229K->1504K(74752K)] 445753K->372028K(587264K), 0.0017565 secs] [Times: user=0.00 sys=0.00, real=0.01 secs] 
2403.772: [GC (Allocation Failure) [PSYoungGen: 74720K->1533K(75264K)] 445244K->372057K(587776K), 0.0018769 secs] [Times: user=0.01 sys=0.00, real=0.00 secs] 
2404.134: [GC (Allocation Failure) [PSYoungGen: 75261K->1376K(74752K)] 445785K->371900K(587264K), 0.0029665 secs] [Times: user=0.02 sys=0.00, real=0.01 secs] 
2404.476: [GC (Allocation Failure) [PSYoungGen: 74592K->1440K(74240K)] 445116K->371964K(586752K), 0.0021534 secs] [Times: user=0.01 sys=0.00, real=0.00 secs] 
2404.896: [GC (Allocation Failure) [PSYoungGen: 74144K->1376K(73728K)] 444668K->371900K(586240K), 0.0022764 secs] [Times: user=0.01 sys=0.00, real=0.00 secs] 
2405.357: [GC (Allocation Failure) [PSYoungGen: 73568K->1344K(73216K)] 444092K->371868K(585728K), 0.0035667 secs] [Times: user=0.01 sys=0.00, real=0.00 secs] 
2405.585: [GC (Allocation Failure) [PSYoungGen: 73024K->1469K(72704K)] 443548K->371993K(585216K), 0.0016258 secs] [Times: user=0.01 sys=0.00, real=0.00 secs] 
2405.710: [GC (Allocation Failure) [PSYoungGen: 72637K->1488K(72192K)] 443161K->372012K(584704K), 0.0018364 secs] [Times: user=0.01 sys=0.00, real=0.00 secs] 
2405.836: [GC (Allocation Failure) [PSYoungGen: 72144K->1469K(72704K)] 442668K->371993K(585216K), 0.0016530 secs] [Times: user=0.00 sys=0.00, real=0.00 secs] 
2406.065: [GC (Allocation Failure) [PSYoungGen: 72125K->1440K(71680K)] 442649K->371964K(584192K), 0.0021316 secs] [Times: user=0.00 sys=0.00, real=0.00 secs] 
2406.357: [GC (Allocation Failure) [PSYoungGen: 71584K->1408K(71168K)] 442108K->371932K(583680K), 0.0020618 secs] [Times: user=0.01 sys=0.00, real=0.00 secs] 
2406.646: [GC (Allocation Failure) [PSYoungGen: 71040K->1408K(70656K)] 441564K->371932K(583168K), 0.0020691 secs] [Times: user=0.00 sys=0.00, real=0.00 secs] 
2407.013: [GC (Allocation Failure) [PSYoungGen: 70528K->1376K(70144K)] 441052K->371900K(582656K), 0.0021330 secs] [Times: user=0.00 sys=0.00, real=0.01 secs] 
2407.418: [GC (Allocation Failure) [PSYoungGen: 69984K->1469K(69632K)] 440508K->371993K(582144K), 0.0025737 secs] [Times: user=0.01 sys=0.00, real=0.00 secs] 
2407.586: [GC (Allocation Failure) [PSYoungGen: 69565K->1469K(69120K)] 440089K->371993K(581632K), 0.0018537 secs] [Times: user=0.01 sys=0.00, real=0.00 secs] 
2407.706: [GC (Allocation Failure) [PSYoungGen: 69053K->1504K(68608K)] 439577K->372052K(581120K), 0.0016918 secs] [Times: user=0.00 sys=0.00, real=0.00 secs] 
2407.825: [GC (Allocation Failure) [PSYoungGen: 68576K->1533K(74752K)] 439124K->372089K(587264K), 0.0016866 secs] [Times: user=0.01 sys=0.00, real=0.00 secs] 
2408.382: [GC (Allocation Failure) [PSYoungGen: 74237K->1440K(73728K)] 444793K->371996K(586240K), 0.0021867 secs] [Times: user=0.01 sys=0.00, real=0.00 secs] 
2409.143: [GC (Allocation Failure) [PSYoungGen: 73632K->1408K(73216K)] 444188K->371988K(585728K), 0.0025848 secs] [Times: user=0.01 sys=0.00, real=0.01 secs] 
2409.723: [GC (Allocation Failure) [PSYoungGen: 73088K->1376K(72704K)] 443668K->371956K(585216K), 0.0026655 secs] [Times: user=0.01 sys=0.00, real=0.01 secs] 
2410.014: [GC (Allocation Failure) [PSYoungGen: 72544K->1376K(72192K)] 443124K->371956K(584704K), 0.0022416 secs] [Times: user=0.01 sys=0.00, real=0.01 secs] 
2410.236: [GC (Allocation Failure) [PSYoungGen: 72032K->1533K(71680K)] 442612K->372113K(584192K), 0.0016910 secs] [Times: user=0.01 sys=0.00, real=0.00 secs] 
2410.360: [GC (Allocation Failure) [PSYoungGen: 71677K->1472K(71168K)] 442257K->372052K(583680K), 0.0017060 secs] [Times: user=0.01 sys=0.00, real=0.00 secs] 
2410.504: [GC (Allocation Failure) [PSYoungGen: 71104K->1469K(70656K)] 441684K->372049K(583168K), 0.0019779 secs] [Times: user=0.01 sys=0.00, real=0.01 secs] 
2410.660: [GC (Allocation Failure) [PSYoungGen: 70589K->1453K(71168K)] 441169K->372041K(583680K), 0.0018017 secs] [Times: user=0.01 sys=0.00, real=0.00 secs] 
2411.277: [GC (Allocation Failure) [PSYoungGen: 70573K->1424K(70144K)] 441161K->372012K(582656K), 0.0022679 secs] [Times: user=0.01 sys=0.01, real=0.00 secs] 
2411.562: [GC (Allocation Failure) [PSYoungGen: 70032K->1392K(69632K)] 440620K->371980K(582144K), 0.0021496 secs] [Times: user=0.01 sys=0.00, real=0.01 secs] 
2411.846: [GC (Allocation Failure) [PSYoungGen: 69488K->1408K(69120K)] 440076K->371996K(581632K), 0.0021994 secs] [Times: user=0.01 sys=0.00, real=0.00 secs] 
2412.126: [GC (Allocation Failure) [PSYoungGen: 68992K->1376K(68608K)] 439580K->371972K(581120K), 0.0021625 secs] [Times: user=0.00 sys=0.01, real=0.00 secs] 
2412.311: [GC (Allocation Failure) [PSYoungGen: 68448K->1504K(68096K)] 439044K->372100K(580608K), 0.0017872 secs] [Times: user=0.01 sys=0.00, real=0.00 secs] 
2412.428: [GC (Allocation Failure) [PSYoungGen: 68064K->1469K(67584K)] 438660K->372065K(580096K), 0.0017773 secs] [Times: user=0.00 sys=0.00, real=0.00 secs] 
2412.562: [GC (Allocation Failure) [PSYoungGen: 67517K->1517K(73216K)] 438113K->372113K(585728K), 0.0019313 secs] [Times: user=0.01 sys=0.00, real=0.00 secs] 
2412.719: [GC (Allocation Failure) [PSYoungGen: 73197K->1549K(73728K)] 443793K->372161K(586240K), 0.0017204 secs] [Times: user=0.01 sys=0.00, real=0.00 secs] 
2414.890: [GC (Allocation Failure) [PSYoungGen: 73229K->1440K(72704K)] 443841K->372060K(585216K), 0.0031280 secs] [Times: user=0.02 sys=0.00, real=0.00 secs] 
2415.658: [GC (Allocation Failure) [PSYoungGen: 72608K->1376K(72192K)] 443228K->371996K(584704K), 0.0034265 secs] [Times: user=0.01 sys=0.00, real=0.00 secs] 
2416.364: [GC (Allocation Failure) [PSYoungGen: 72032K->1408K(71680K)] 442652K->372036K(584192K), 0.0026973 secs] [Times: user=0.01 sys=0.00, real=0.00 secs] 
2416.726: [GC (Allocation Failure) [PSYoungGen: 71552K->1501K(71168K)] 442180K->372129K(583680K), 0.0023351 secs] [Times: user=0.01 sys=0.00, real=0.00 secs] 
2416.877: [GC (Allocation Failure) [PSYoungGen: 71115K->1469K(70656K)] 441743K->372097K(583168K), 0.0017859 secs] [Times: user=0.01 sys=0.00, real=0.00 secs] 
2417.000: [GC (Allocation Failure) [PSYoungGen: 70589K->1453K(70144K)] 441217K->372081K(582656K), 0.0017624 secs] [Times: user=0.01 sys=0.00, real=0.00 secs] 
2417.123: [GC (Allocation Failure) [PSYoungGen: 70056K->1533K(75776K)] 440684K->372161K(588288K), 0.0016300 secs] [Times: user=0.01 sys=0.00, real=0.01 secs] 
2419.292: [GC (Allocation Failure) [PSYoungGen: 75773K->1472K(75264K)] 446401K->372100K(587776K), 0.0044460 secs] [Times: user=0.01 sys=0.01, real=0.01 secs] 
2419.954: [GC (Allocation Failure) [PSYoungGen: 75200K->1376K(74752K)] 445828K->372004K(587264K), 0.0024686 secs] [Times: user=0.01 sys=0.00, real=0.01 secs] 
2420.527: [GC (Allocation Failure) [PSYoungGen: 74592K->1408K(74240K)] 445220K->372036K(586752K), 0.0023668 secs] [Times: user=0.01 sys=0.00, real=0.00 secs] 
2421.376: [GC (Allocation Failure) [PSYoungGen: 74112K->1344K(73728K)] 444740K->371972K(586240K), 0.0026763 secs] [Times: user=0.01 sys=0.00, real=0.00 secs] 
2421.977: [GC (Allocation Failure) [PSYoungGen: 73536K->1533K(73216K)] 444164K->372161K(585728K), 0.0022238 secs] [Times: user=0.01 sys=0.00, real=0.00 secs] 
2422.127: [GC (Allocation Failure) [PSYoungGen: 73210K->1501K(72704K)] 443839K->372129K(585216K), 0.0017379 secs] [Times: user=0.01 sys=0.00, real=0.00 secs] 
2422.254: [GC (Allocation Failure) [PSYoungGen: 72669K->1533K(72192K)] 443297K->372161K(584704K), 0.0017469 secs] [Times: user=0.01 sys=0.00, real=0.01 secs] 
2422.397: [GC (Allocation Failure) [PSYoungGen: 72189K->1501K(71680K)] 442817K->372129K(584192K), 0.0020018 secs] [Times: user=0.01 sys=0.00, real=0.00 secs] 
2422.806: [GC (Allocation Failure) [PSYoungGen: 71645K->1408K(71168K)] 442273K->372052K(583680K), 0.0022635 secs] [Times: user=0.00 sys=0.01, real=0.00 secs] 
2423.145: [GC (Allocation Failure) [PSYoungGen: 71040K->1440K(70656K)] 441684K->372084K(583168K), 0.0022252 secs] [Times: user=0.00 sys=0.00, real=0.00 secs] 
2423.438: [GC (Allocation Failure) [PSYoungGen: 70560K->1376K(70144K)] 441204K->372020K(582656K), 0.0020684 secs] [Times: user=0.01 sys=0.00, real=0.00 secs] 
2423.840: [GC (Allocation Failure) [PSYoungGen: 69984K->1376K(69632K)] 440628K->372020K(582144K), 0.0020851 secs] [Times: user=0.01 sys=0.00, real=0.00 secs] 
2424.076: [GC (Allocation Failure) [PSYoungGen: 69472K->1469K(69120K)] 440116K->372113K(581632K), 0.0017454 secs] [Times: user=0.01 sys=0.00, real=0.00 secs] 
2424.216: [GC (Allocation Failure) [PSYoungGen: 69053K->1469K(68608K)] 439697K->372113K(581120K), 0.0020077 secs] [Times: user=0.01 sys=0.00, real=0.00 secs] 
2424.369: [GC (Allocation Failure) [PSYoungGen: 68541K->1488K(69120K)] 439185K->372132K(581632K), 0.0021546 secs] [Times: user=0.00 sys=0.00, real=0.00 secs] 
2424.529: [GC (Allocation Failure) [PSYoungGen: 68560K->1469K(74752K)] 439204K->372121K(587264K), 0.0020352 secs] [Times: user=0.01 sys=0.00, real=0.00 secs] 
2425.393: [GC (Allocation Failure) [PSYoungGen: 74173K->1440K(73728K)] 444825K->372100K(586240K), 0.0033379 secs] [Times: user=0.01 sys=0.00, real=0.01 secs] 
2425.952: [GC (Allocation Failure) [PSYoungGen: 73632K->1376K(73216K)] 444292K->372036K(585728K), 0.0025791 secs] [Times: user=0.01 sys=0.00, real=0.01 secs] 
2426.469: [GC (Allocation Failure) [PSYoungGen: 73056K->1376K(72704K)] 443716K->372036K(585216K), 0.0025230 secs] [Times: user=0.01 sys=0.00, real=0.00 secs] 
2427.050: [GC (Allocation Failure) [PSYoungGen: 72544K->1469K(72192K)] 443204K->372129K(584704K), 0.0026688 secs] [Times: user=0.01 sys=0.00, real=0.00 secs] 
2427.227: [GC (Allocation Failure) [PSYoungGen: 72125K->1533K(71680K)] 442785K->372193K(584192K), 0.0018439 secs] [Times: user=0.01 sys=0.00, real=0.00 secs] 
2427.350: [GC (Allocation Failure) [PSYoungGen: 71677K->1469K(71168K)] 442337K->372129K(583680K), 0.0018561 secs] [Times: user=0.01 sys=0.00, real=0.00 secs] 
2427.473: [GC (Allocation Failure) [PSYoungGen: 71101K->1501K(71680K)] 441761K->372161K(584192K), 0.0017460 secs] [Times: user=0.01 sys=0.00, real=0.01 secs] 
2427.818: [GC (Allocation Failure) [PSYoungGen: 71133K->1376K(70656K)] 441793K->372044K(583168K), 0.0020537 secs] [Times: user=0.01 sys=0.00, real=0.00 secs] 
2428.148: [GC (Allocation Failure) [PSYoungGen: 70496K->1440K(76288K)] 441164K->372108K(588800K), 0.0046994 secs] [Times: user=0.01 sys=0.01, real=0.00 secs] 
2428.461: [GC (Allocation Failure) [PSYoungGen: 76192K->1408K(75776K)] 446860K->372076K(588288K), 0.0021064 secs] [Times: user=0.01 sys=0.00, real=0.00 secs] 
2428.837: [GC (Allocation Failure) [PSYoungGen: 75648K->1408K(75264K)] 446316K->372076K(587776K), 0.0022522 secs] [Times: user=0.01 sys=0.00, real=0.00 secs] 
2429.087: [GC (Allocation Failure) [PSYoungGen: 75136K->1501K(74752K)] 445804K->372169K(587264K), 0.0016812 secs] [Times: user=0.00 sys=0.00, real=0.00 secs] 
2429.234: [GC (Allocation Failure) [PSYoungGen: 74700K->1501K(74240K)] 445368K->372169K(586752K), 0.0020377 secs] [Times: user=0.01 sys=0.00, real=0.00 secs] 
2429.396: [GC (Allocation Failure) [PSYoungGen: 74205K->1469K(74752K)] 444873K->372137K(587264K), 0.0019914 secs] [Times: user=0.01 sys=0.00, real=0.00 secs] 
2429.574: [GC (Allocation Failure) [PSYoungGen: 74173K->1469K(74752K)] 444841K->372153K(587264K), 0.0022907 secs] [Times: user=0.01 sys=0.00, real=0.01 secs] 
2431.019: [GC (Allocation Failure) [PSYoungGen: 74173K->1440K(73728K)] 444857K->372140K(586240K), 0.0029327 secs] [Times: user=0.01 sys=0.00, real=0.00 secs] 
2431.480: [GC (Allocation Failure) [PSYoungGen: 73632K->1360K(73216K)] 444332K->372060K(585728K), 0.0023941 secs] [Times: user=0.01 sys=0.01, real=0.00 secs] 
2432.023: [GC (Allocation Failure) [PSYoungGen: 73040K->1344K(72704K)] 443740K->372044K(585216K), 0.0022681 secs] [Times: user=0.01 sys=0.00, real=0.01 secs] 
2432.538: [GC (Allocation Failure) [PSYoungGen: 72512K->1437K(72192K)] 443212K->372137K(584704K), 0.0022043 secs] [Times: user=0.01 sys=0.00, real=0.00 secs] 
2432.694: [GC (Allocation Failure) [PSYoungGen: 72093K->1533K(71680K)] 442793K->372233K(584192K), 0.0016617 secs] [Times: user=0.01 sys=0.00, real=0.00 secs] 
2432.817: [GC (Allocation Failure) [PSYoungGen: 71677K->1501K(71168K)] 442377K->372201K(583680K), 0.0016411 secs] [Times: user=0.00 sys=0.00, real=0.00 secs] 
2432.942: [GC (Allocation Failure) [PSYoungGen: 71133K->1501K(70656K)] 441833K->372201K(583168K), 0.0017281 secs] [Times: user=0.01 sys=0.00, real=0.00 secs] 
2433.156: [GC (Allocation Failure) [PSYoungGen: 70621K->1424K(70144K)] 441321K->372132K(582656K), 0.0019771 secs] [Times: user=0.01 sys=0.00, real=0.00 secs] 
2433.441: [GC (Allocation Failure) [PSYoungGen: 70032K->1424K(69632K)] 440740K->372132K(582144K), 0.0019246 secs] [Times: user=0.01 sys=0.00, real=0.00 secs] 
2433.726: [GC (Allocation Failure) [PSYoungGen: 69520K->1376K(69120K)] 440228K->372084K(581632K), 0.0019559 secs] [Times: user=0.01 sys=0.00, real=0.00 secs] 
2434.008: [GC (Allocation Failure) [PSYoungGen: 68960K->1312K(68608K)] 439668K->372020K(581120K), 0.0019862 secs] [Times: user=0.01 sys=0.00, real=0.00 secs] 
2434.305: [GC (Allocation Failure) [PSYoungGen: 68384K->1469K(68096K)] 439092K->372177K(580608K), 0.0018145 secs] [Times: user=0.01 sys=0.00, real=0.00 secs] 
2434.422: [GC (GCLocker Initiated GC) [PSYoungGen: 68029K->1501K(67584K)] 438738K->372218K(580096K), 0.0016459 secs] [Times: user=0.00 sys=0.00, real=0.00 secs] 
2434.539: [GC (Allocation Failure) [PSYoungGen: 67549K->1437K(73216K)] 438493K->372381K(585728K), 0.0018692 secs] [Times: user=0.01 sys=0.00, real=0.00 secs] 
2434.664: [GC (Allocation Failure) [PSYoungGen: 73117K->1533K(73728K)] 444061K->372477K(586240K), 0.0018598 secs] [Times: user=0.00 sys=0.00, real=0.00 secs] 
2435.370: [GC (Allocation Failure) [PSYoungGen: 73213K->1472K(72704K)] 444157K->372416K(585216K), 0.0024188 secs] [Times: user=0.01 sys=0.00, real=0.00 secs] 
2436.143: [GC (Allocation Failure) [PSYoungGen: 72640K->1408K(72192K)] 443584K->372352K(584704K), 0.0024058 secs] [Times: user=0.01 sys=0.00, real=0.01 secs] 
2437.052: [GC (Allocation Failure) [PSYoungGen: 72064K->1376K(71680K)] 443008K->372320K(584192K), 0.0027731 secs] [Times: user=0.01 sys=0.00, real=0.01 secs] 
2437.784: [GC (Allocation Failure) [PSYoungGen: 71520K->1424K(71168K)] 442464K->372368K(583680K), 0.0027608 secs] [Times: user=0.01 sys=0.00, real=0.01 secs] 
2438.208: [GC (Allocation Failure) [PSYoungGen: 71056K->1485K(70656K)] 442000K->372429K(583168K), 0.0022726 secs] [Times: user=0.01 sys=0.00, real=0.00 secs] 
2438.344: [GC (Allocation Failure) [PSYoungGen: 70605K->1469K(70144K)] 441549K->372413K(582656K), 0.0018367 secs] [Times: user=0.00 sys=0.00, real=0.01 secs] 
2438.464: [GC (Allocation Failure) [PSYoungGen: 70068K->1485K(69632K)] 441012K->372429K(582144K), 0.0018322 secs] [Times: user=0.00 sys=0.00, real=0.01 secs] 
2438.585: [GC (Allocation Failure) [PSYoungGen: 69581K->1469K(70144K)] 440525K->372429K(582656K), 0.0018289 secs] [Times: user=0.01 sys=0.00, real=0.00 secs] 
2439.272: [GC (Allocation Failure) [PSYoungGen: 69565K->1472K(69120K)] 440525K->372432K(581632K), 0.0027264 secs] [Times: user=0.01 sys=0.00, real=0.01 secs] 
2439.992: [GC (Allocation Failure) [PSYoungGen: 69056K->1376K(68608K)] 440016K->372336K(581120K), 0.0022636 secs] [Times: user=0.01 sys=0.00, real=0.01 secs] 
2440.852: [GC (Allocation Failure) [PSYoungGen: 68448K->1376K(68096K)] 439408K->372336K(580608K), 0.0052844 secs] [Times: user=0.02 sys=0.00, real=0.01 secs] 
2441.564: [GC (Allocation Failure) [PSYoungGen: 67936K->1440K(67584K)] 438896K->372408K(580096K), 0.0034691 secs] [Times: user=0.02 sys=0.00, real=0.00 secs] 
2442.007: [GC (Allocation Failure) [PSYoungGen: 67488K->1501K(67072K)] 438456K->372493K(579584K), 0.0024950 secs] [Times: user=0.01 sys=0.00, real=0.00 secs] 
2442.186: [GC (Allocation Failure) [PSYoungGen: 67037K->1501K(66560K)] 438029K->372509K(579072K), 0.0025246 secs] [Times: user=0.01 sys=0.00, real=0.00 secs] 
2442.336: [GC (Allocation Failure) [PSYoungGen: 66525K->1469K(66048K)] 437533K->372493K(578560K), 0.0017735 secs] [Times: user=0.01 sys=0.00, real=0.00 secs] 
2442.449: [GC (Allocation Failure) [PSYoungGen: 65981K->1501K(66560K)] 437005K->372541K(579072K), 0.0018371 secs] [Times: user=0.00 sys=0.00, real=0.00 secs] 
2443.034: [GC (Allocation Failure) [PSYoungGen: 66013K->1440K(65536K)] 437053K->372480K(578048K), 0.0045976 secs] [Times: user=0.01 sys=0.00, real=0.00 secs] 
2443.708: [GC (Allocation Failure) [PSYoungGen: 65440K->1344K(65024K)] 436480K->372384K(577536K), 0.0030247 secs] [Times: user=0.02 sys=0.00, real=0.00 secs] 
2444.585: [GC (Allocation Failure) [PSYoungGen: 64832K->1376K(64512K)] 435872K->372416K(577024K), 0.0035741 secs] [Times: user=0.01 sys=0.00, real=0.00 secs] 
2445.174: [GC (Allocation Failure) [PSYoungGen: 64352K->1408K(64000K)] 435392K->372448K(576512K), 0.0026386 secs] [Times: user=0.01 sys=0.00, real=0.01 secs] 
2445.676: [GC (Allocation Failure) [PSYoungGen: 63872K->1469K(63488K)] 434912K->372509K(576000K), 0.0023479 secs] [Times: user=0.01 sys=0.00, real=0.00 secs] 
2445.827: [GC (Allocation Failure) [PSYoungGen: 63421K->1469K(62976K)] 434461K->372509K(575488K), 0.0019487 secs] [Times: user=0.00 sys=0.00, real=0.00 secs] 
2445.935: [GC (Allocation Failure) [PSYoungGen: 62909K->1453K(62464K)] 433949K->372493K(574976K), 0.0018128 secs] [Times: user=0.01 sys=0.00, real=0.00 secs] 
2446.042: [GC (Allocation Failure) [PSYoungGen: 62381K->1533K(62976K)] 433421K->372581K(575488K), 0.0018478 secs] [Times: user=0.01 sys=0.00, real=0.00 secs] 
2446.150: [GC (Allocation Failure) [PSYoungGen: 62461K->1485K(62976K)] 433509K->372533K(575488K), 0.0017872 secs] [Times: user=0.01 sys=0.00, real=0.00 secs] 
2446.429: [GC (Allocation Failure) [PSYoungGen: 62413K->1440K(68608K)] 433461K->372488K(581120K), 0.0018958 secs] [Times: user=0.01 sys=0.00, real=0.00 secs] 
2446.825: [GC (Allocation Failure) [PSYoungGen: 68000K->1376K(67584K)] 439048K->372424K(580096K), 0.0021054 secs] [Times: user=0.01 sys=0.00, real=0.00 secs] 
2447.393: [GC (Allocation Failure) [PSYoungGen: 67424K->1344K(67072K)] 438472K->372392K(579584K), 0.0029826 secs] [Times: user=0.01 sys=0.00, real=0.01 secs] 
2447.927: [GC (Allocation Failure) [PSYoungGen: 66880K->1392K(66560K)] 437928K->372440K(579072K), 0.0028789 secs] [Times: user=0.01 sys=0.00, real=0.00 secs] 
2448.351: [GC (Allocation Failure) [PSYoungGen: 66416K->1437K(66048K)] 437464K->372485K(578560K), 0.0023983 secs] [Times: user=0.01 sys=0.00, real=0.00 secs] 
2448.491: [GC (Allocation Failure) [PSYoungGen: 65949K->1469K(65536K)] 436997K->372517K(578048K), 0.0017454 secs] [Times: user=0.01 sys=0.00, real=0.00 secs] 
2448.604: [GC (Allocation Failure) [PSYoungGen: 65469K->1488K(66048K)] 436517K->372544K(578560K), 0.0021722 secs] [Times: user=0.01 sys=0.00, real=0.00 secs] 
2448.718: [GC (Allocation Failure) [PSYoungGen: 65488K->1469K(66048K)] 436544K->372525K(578560K), 0.0016500 secs] [Times: user=0.01 sys=0.00, real=0.00 secs] 
2449.131: [GC (Allocation Failure) [PSYoungGen: 65469K->1408K(70656K)] 436525K->372488K(583168K), 0.0019346 secs] [Times: user=0.01 sys=0.00, real=0.00 secs] 
2449.495: [GC (Allocation Failure) [PSYoungGen: 70528K->1408K(70144K)] 441608K->372488K(582656K), 0.0022801 secs] [Times: user=0.01 sys=0.00, real=0.00 secs] 
2449.786: [GC (Allocation Failure) [PSYoungGen: 70016K->1408K(69632K)] 441096K->372488K(582144K), 0.0021505 secs] [Times: user=0.01 sys=0.01, real=0.00 secs] 
2450.069: [GC (Allocation Failure) [PSYoungGen: 69504K->1376K(69120K)] 440584K->372456K(581632K), 0.0020677 secs] [Times: user=0.01 sys=0.00, real=0.00 secs] 
2450.320: [GC (Allocation Failure) [PSYoungGen: 68960K->1453K(68608K)] 440040K->372533K(581120K), 0.0017334 secs] [Times: user=0.01 sys=0.00, real=0.00 secs] 
2450.438: [GC (Allocation Failure) [PSYoungGen: 68525K->1533K(68096K)] 439605K->372613K(580608K), 0.0017868 secs] [Times: user=0.01 sys=0.00, real=0.00 secs] 
2450.555: [GC (Allocation Failure) [PSYoungGen: 68093K->1485K(68608K)] 439173K->372565K(581120K), 0.0017783 secs] [Times: user=0.00 sys=0.00, real=0.00 secs] 
2450.671: [GC (Allocation Failure) [PSYoungGen: 68044K->1501K(68608K)] 439124K->372589K(581120K), 0.0017339 secs] [Times: user=0.00 sys=0.00, real=0.00 secs] 
2450.918: [GC (Allocation Failure) [PSYoungGen: 68061K->1440K(73728K)] 439149K->372528K(586240K), 0.0022394 secs] [Times: user=0.01 sys=0.00, real=0.00 secs] 
2451.513: [GC (Allocation Failure) [PSYoungGen: 73632K->1392K(73216K)] 444720K->372480K(585728K), 0.0019141 secs] [Times: user=0.01 sys=0.00, real=0.01 secs] 
2452.107: [GC (Allocation Failure) [PSYoungGen: 73072K->1408K(72704K)] 444160K->372496K(585216K), 0.0023063 secs] [Times: user=0.01 sys=0.00, real=0.00 secs] 
2452.701: [GC (Allocation Failure) [PSYoungGen: 72576K->1440K(72192K)] 443664K->372528K(584704K), 0.0025264 secs] [Times: user=0.01 sys=0.00, real=0.00 secs] 
2453.088: [GC (Allocation Failure) [PSYoungGen: 72096K->1501K(71680K)] 443184K->372589K(584192K), 0.0021077 secs] [Times: user=0.01 sys=0.00, real=0.00 secs] 
2453.214: [GC (Allocation Failure) [PSYoungGen: 71645K->1485K(71168K)] 442733K->372573K(583680K), 0.0017976 secs] [Times: user=0.01 sys=0.00, real=0.00 secs] 
2453.337: [GC (Allocation Failure) [PSYoungGen: 71117K->1437K(70656K)] 442205K->372525K(583168K), 0.0017701 secs] [Times: user=0.01 sys=0.00, real=0.00 secs] 
2453.459: [GC (Allocation Failure) [PSYoungGen: 70557K->1501K(71168K)] 441645K->372597K(583680K), 0.0017519 secs] [Times: user=0.01 sys=0.00, real=0.00 secs] 
2454.028: [GC (Allocation Failure) [PSYoungGen: 70621K->1376K(70144K)] 441717K->372472K(582656K), 0.0021777 secs] [Times: user=0.00 sys=0.00, real=0.00 secs] 
2454.599: [GC (Allocation Failure) [PSYoungGen: 69984K->1344K(69632K)] 441080K->372440K(582144K), 0.0063226 secs] [Times: user=0.01 sys=0.01, real=0.01 secs] 
2455.134: [GC (Allocation Failure) [PSYoungGen: 69440K->1344K(69120K)] 440536K->372440K(581632K), 0.0023775 secs] [Times: user=0.01 sys=0.00, real=0.00 secs] 
2455.631: [GC (Allocation Failure) [PSYoungGen: 68928K->1376K(68608K)] 440024K->372472K(581120K), 0.0023682 secs] [Times: user=0.01 sys=0.00, real=0.00 secs] 
2455.918: [GC (Allocation Failure) [PSYoungGen: 68448K->1533K(68096K)] 439544K->372629K(580608K), 0.0016090 secs] [Times: user=0.00 sys=0.00, real=0.00 secs] 
2456.034: [GC (Allocation Failure) [PSYoungGen: 68093K->1533K(67584K)] 439189K->372629K(580096K), 0.0017637 secs] [Times: user=0.01 sys=0.00, real=0.00 secs] 
2456.150: [GC (Allocation Failure) [PSYoungGen: 67581K->1533K(73216K)] 438677K->372629K(585728K), 0.0016713 secs] [Times: user=0.00 sys=0.00, real=0.00 secs] 
2456.276: [GC (Allocation Failure) [PSYoungGen: 73213K->1501K(73728K)] 444309K->372605K(586240K), 0.0017754 secs] [Times: user=0.00 sys=0.00, real=0.00 secs] 
2456.970: [GC (Allocation Failure) [PSYoungGen: 73181K->1472K(72704K)] 444285K->372576K(585216K), 0.0019235 secs] [Times: user=0.01 sys=0.00, real=0.00 secs] 
2457.267: [GC (Allocation Failure) [PSYoungGen: 72640K->1392K(72192K)] 443744K->372496K(584704K), 0.0023594 secs] [Times: user=0.01 sys=0.00, real=0.00 secs] 
2457.561: [GC (Allocation Failure) [PSYoungGen: 72048K->1424K(71680K)] 443152K->372528K(584192K), 0.0024168 secs] [Times: user=0.01 sys=0.00, real=0.00 secs] 
2458.049: [GC (Allocation Failure) [PSYoungGen: 71387K->288K(70144K)] 442491K->371392K(582656K), 0.0022985 secs] [Times: user=0.01 sys=0.00, real=0.00 secs] 
2458.191: [GC (Allocation Failure) [PSYoungGen: 69920K->1485K(70656K)] 441024K->372589K(583168K), 0.0018157 secs] [Times: user=0.01 sys=0.00, real=0.00 secs] 
2458.313: [GC (Allocation Failure) [PSYoungGen: 70605K->1533K(70144K)] 441709K->372637K(582656K), 0.0016715 secs] [Times: user=0.01 sys=0.00, real=0.01 secs] 
2458.434: [GC (Allocation Failure) [PSYoungGen: 70130K->1469K(75776K)] 441234K->372573K(588288K), 0.0017263 secs] [Times: user=0.00 sys=0.00, real=0.01 secs] 
2458.697: [GC (Allocation Failure) [PSYoungGen: 75709K->1408K(76288K)] 446813K->372512K(588800K), 0.0019758 secs] [Times: user=0.01 sys=0.00, real=0.00 secs] 
2459.006: [GC (Allocation Failure) [PSYoungGen: 75648K->1440K(75264K)] 446752K->372568K(587776K), 0.0019755 secs] [Times: user=0.01 sys=0.00, real=0.00 secs] 
2459.389: [GC (Allocation Failure) [PSYoungGen: 75168K->1376K(74752K)] 446296K->372504K(587264K), 0.0029662 secs] [Times: user=0.01 sys=0.00, real=0.00 secs] 
2459.713: [GC (Allocation Failure) [PSYoungGen: 74592K->1344K(74240K)] 445720K->372472K(586752K), 0.0040273 secs] [Times: user=0.02 sys=0.00, real=0.01 secs] 
2460.081: [GC (Allocation Failure) [PSYoungGen: 74048K->1485K(73728K)] 445176K->372613K(586240K), 0.0018041 secs] [Times: user=0.00 sys=0.00, real=0.00 secs] 
2460.210: [GC (Allocation Failure) [PSYoungGen: 73677K->1501K(73216K)] 444805K->372629K(585728K), 0.0018044 secs] [Times: user=0.01 sys=0.00, real=0.00 secs] 
2460.356: [GC (Allocation Failure) [PSYoungGen: 73181K->1533K(79872K)] 444309K->372661K(592384K), 0.0020401 secs] [Times: user=0.01 sys=0.01, real=0.00 secs] 
2460.539: [GC (Allocation Failure) [PSYoungGen: 79357K->128K(79872K)] 450485K->371256K(592384K), 0.0022320 secs] [Times: user=0.01 sys=0.00, real=0.00 secs] 
2461.781: [GC (Allocation Failure) [PSYoungGen: 77952K->1376K(78848K)] 449080K->372504K(591360K), 0.0023404 secs] [Times: user=0.00 sys=0.00, real=0.00 secs] 
2462.588: [GC (Allocation Failure) [PSYoungGen: 78688K->1360K(78336K)] 449816K->372488K(590848K), 0.0044083 secs] [Times: user=0.01 sys=0.00, real=0.00 secs] 
2463.488: [GC (Allocation Failure) [PSYoungGen: 78160K->1376K(77824K)] 449288K->372504K(590336K), 0.0044031 secs] [Times: user=0.02 sys=0.00, real=0.00 secs] 
2464.169: [GC (Allocation Failure) [PSYoungGen: 77664K->1517K(77312K)] 448792K->372645K(589824K), 0.0027625 secs] [Times: user=0.01 sys=0.00, real=0.00 secs] 
2464.345: [GC (Allocation Failure) [PSYoungGen: 77293K->1533K(76800K)] 448421K->372661K(589312K), 0.0017576 secs] [Times: user=0.00 sys=0.00, real=0.00 secs] 
2464.477: [GC (Allocation Failure) [PSYoungGen: 76797K->1549K(76800K)] 447925K->372677K(589312K), 0.0018327 secs] [Times: user=0.01 sys=0.00, real=0.00 secs] 
2464.629: [GC (Allocation Failure) [PSYoungGen: 76301K->1501K(75776K)] 447429K->372629K(588288K), 0.0020752 secs] [Times: user=0.01 sys=0.00, real=0.00 secs] 
2465.580: [GC (Allocation Failure) [PSYoungGen: 75741K->1472K(75264K)] 446869K->372600K(587776K), 0.0049007 secs] [Times: user=0.02 sys=0.00, real=0.01 secs] 
2466.417: [GC (Allocation Failure) [PSYoungGen: 75200K->1344K(74752K)] 446328K->372472K(587264K), 0.0048614 secs] [Times: user=0.02 sys=0.00, real=0.00 secs] 
2466.991: [GC (Allocation Failure) [PSYoungGen: 74560K->1392K(74240K)] 445688K->372520K(586752K), 0.0025403 secs] [Times: user=0.01 sys=0.00, real=0.00 secs] 
2467.475: [GC (Allocation Failure) [PSYoungGen: 74096K->1437K(73728K)] 445224K->372565K(586240K), 0.0025187 secs] [Times: user=0.01 sys=0.00, real=0.00 secs] 
2467.635: [GC (Allocation Failure) [PSYoungGen: 73629K->1533K(73216K)] 444757K->372661K(585728K), 0.0017570 secs] [Times: user=0.01 sys=0.00, real=0.00 secs] 
2467.782: [GC (Allocation Failure) [PSYoungGen: 73213K->1469K(72704K)] 444341K->372597K(585216K), 0.0020078 secs] [Times: user=0.01 sys=0.00, real=0.01 secs] 
2467.941: [GC (Allocation Failure) [PSYoungGen: 72637K->1517K(73216K)] 443765K->372645K(585728K), 0.0021259 secs] [Times: user=0.01 sys=0.00, real=0.00 secs] 
2468.606: [GC (Allocation Failure) [PSYoungGen: 73197K->1376K(72704K)] 444325K->372504K(585216K), 0.0031160 secs] [Times: user=0.01 sys=0.00, real=0.00 secs] 
2468.946: [GC (Allocation Failure) [PSYoungGen: 72544K->1408K(72192K)] 443672K->372536K(584704K), 0.0023258 secs] [Times: user=0.01 sys=0.00, real=0.00 secs] 
2469.253: [GC (Allocation Failure) [PSYoungGen: 72064K->1408K(71680K)] 443192K->372536K(584192K), 0.0021475 secs] [Times: user=0.01 sys=0.00, real=0.01 secs] 
2469.661: [GC (Allocation Failure) [PSYoungGen: 71552K->1376K(71168K)] 442680K->372504K(583680K), 0.0020890 secs] [Times: user=0.01 sys=0.00, real=0.00 secs] 
2470.041: [GC (Allocation Failure) [PSYoungGen: 71008K->1517K(70656K)] 442136K->372645K(583168K), 0.0021014 secs] [Times: user=0.01 sys=0.00, real=0.00 secs] 
2470.168: [GC (Allocation Failure) [PSYoungGen: 70637K->1501K(70144K)] 441765K->372629K(582656K), 0.0017744 secs] [Times: user=0.01 sys=0.00, real=0.00 secs] 
2470.288: [GC (Allocation Failure) [PSYoungGen: 70095K->1517K(69632K)] 441223K->372661K(582144K), 0.0018242 secs] [Times: user=0.00 sys=0.00, real=0.00 secs] 
2470.408: [GC (Allocation Failure) [PSYoungGen: 69613K->1501K(70144K)] 440757K->372645K(582656K), 0.0017482 secs] [Times: user=0.00 sys=0.00, real=0.00 secs] 
2471.573: [GC (Allocation Failure) [PSYoungGen: 69597K->1392K(69120K)] 440741K->372536K(581632K), 0.0050879 secs] [Times: user=0.02 sys=0.00, real=0.01 secs] 
2472.335: [GC (Allocation Failure) [PSYoungGen: 68976K->1376K(68608K)] 440120K->372520K(581120K), 0.0034730 secs] [Times: user=0.02 sys=0.00, real=0.00 secs] 
2472.962: [GC (Allocation Failure) [PSYoungGen: 68448K->1408K(68096K)] 439592K->372552K(580608K), 0.0030338 secs] [Times: user=0.01 sys=0.00, real=0.01 secs] 
2473.267: [GC (Allocation Failure) [PSYoungGen: 67968K->1376K(67584K)] 439112K->372520K(580096K), 0.0021516 secs] [Times: user=0.01 sys=0.00, real=0.00 secs] 
2473.517: [GC (Allocation Failure) [PSYoungGen: 67424K->1453K(67072K)] 438568K->372597K(579584K), 0.0017931 secs] [Times: user=0.01 sys=0.00, real=0.00 secs] 
2473.632: [GC (Allocation Failure) [PSYoungGen: 66989K->1501K(66560K)] 438133K->372645K(579072K), 0.0017162 secs] [Times: user=0.00 sys=0.00, real=0.01 secs] 
2473.763: [GC (Allocation Failure) [PSYoungGen: 66525K->1568K(67072K)] 437669K->372712K(579584K), 0.0021075 secs] [Times: user=0.01 sys=0.00, real=0.01 secs] 
2473.906: [GC (Allocation Failure) [PSYoungGen: 66592K->1565K(72704K)] 437736K->372717K(585216K), 0.0020076 secs] [Times: user=0.01 sys=0.00, real=0.00 secs] 
2474.711: [GC (Allocation Failure) [PSYoungGen: 72221K->1440K(71680K)] 443373K->372600K(584192K), 0.0023894 secs] [Times: user=0.00 sys=0.00, real=0.00 secs] 
2475.624: [GC (Allocation Failure) [PSYoungGen: 71584K->1392K(71168K)] 442744K->372552K(583680K), 0.0045272 secs] [Times: user=0.02 sys=0.00, real=0.01 secs] 
2476.316: [GC (Allocation Failure) [PSYoungGen: 71024K->1376K(70656K)] 442184K->372536K(583168K), 0.0038217 secs] [Times: user=0.02 sys=0.00, real=0.00 secs] 
2477.189: [GC (Allocation Failure) [PSYoungGen: 70496K->1392K(70144K)] 441656K->372552K(582656K), 0.0044560 secs] [Times: user=0.02 sys=0.00, real=0.00 secs] 
2477.685: [GC (Allocation Failure) [PSYoungGen: 70000K->1437K(69632K)] 441160K->372597K(582144K), 0.0023976 secs] [Times: user=0.01 sys=0.00, real=0.00 secs] 
2477.825: [GC (Allocation Failure) [PSYoungGen: 69518K->1549K(69632K)] 440679K->372709K(582144K), 0.0017605 secs] [Times: user=0.00 sys=0.00, real=0.00 secs] 
2477.945: [GC (Allocation Failure) [PSYoungGen: 69133K->1501K(68608K)] 440293K->372661K(581120K), 0.0018386 secs] [Times: user=0.01 sys=0.00, real=0.00 secs] 
2478.063: [GC (Allocation Failure) [PSYoungGen: 68565K->1469K(69120K)] 439726K->372645K(581632K), 0.0016584 secs] [Times: user=0.01 sys=0.00, real=0.01 secs] 
2478.876: [GC (Allocation Failure) [PSYoungGen: 69053K->1472K(68608K)] 440229K->372648K(581120K), 0.0038009 secs] [Times: user=0.02 sys=0.00, real=0.00 secs] 
2479.998: [GC (Allocation Failure) [PSYoungGen: 68544K->1376K(68096K)] 439720K->372552K(580608K), 0.0035558 secs] [Times: user=0.02 sys=0.00, real=0.00 secs] 
2480.767: [GC (Allocation Failure) [PSYoungGen: 67936K->1344K(67584K)] 439112K->372520K(580096K), 0.0035073 secs] [Times: user=0.02 sys=0.00, real=0.00 secs] 
2481.395: [GC (Allocation Failure) [PSYoungGen: 67392K->1344K(67072K)] 438568K->372520K(579584K), 0.0031778 secs] [Times: user=0.01 sys=0.00, real=0.00 secs] 
2481.773: [GC (Allocation Failure) [PSYoungGen: 66880K->1469K(66560K)] 438056K->372645K(579072K), 0.0020457 secs] [Times: user=0.01 sys=0.00, real=0.01 secs] 
2481.889: [GC (Allocation Failure) [PSYoungGen: 66493K->1533K(66048K)] 437669K->372709K(578560K), 0.0018988 secs] [Times: user=0.01 sys=0.00, real=0.00 secs] 
2482.018: [GC (Allocation Failure) [PSYoungGen: 66045K->1501K(66560K)] 437221K->372677K(579072K), 0.0019772 secs] [Times: user=0.01 sys=0.00, real=0.00 secs] 
2482.160: [GC (Allocation Failure) [PSYoungGen: 66013K->1488K(72192K)] 437189K->372696K(584704K), 0.0022495 secs] [Times: user=0.00 sys=0.00, real=0.00 secs] 
2482.435: [GC (Allocation Failure) [PSYoungGen: 71632K->1376K(72192K)] 442840K->372584K(584704K), 0.0023379 secs] [Times: user=0.01 sys=0.00, real=0.00 secs] 
2482.726: [GC (Allocation Failure) [PSYoungGen: 71520K->1408K(77312K)] 442728K->372616K(589824K), 0.0023953 secs] [Times: user=0.01 sys=0.00, real=0.00 secs] 
2483.040: [GC (Allocation Failure) [PSYoungGen: 77184K->1440K(77824K)] 448392K->372648K(590336K), 0.0047609 secs] [Times: user=0.01 sys=0.02, real=0.01 secs] 
2483.357: [GC (Allocation Failure) [PSYoungGen: 77216K->1360K(83456K)] 448424K->372568K(595968K), 0.0020918 secs] [Times: user=0.00 sys=0.00, real=0.00 secs] 
2483.548: [GC (Allocation Failure) [PSYoungGen: 83280K->1533K(83968K)] 454488K->372741K(596480K), 0.0025478 secs] [Times: user=0.01 sys=0.01, real=0.00 secs] 
2483.693: [GC (Allocation Failure) [PSYoungGen: 83453K->1533K(90624K)] 454661K->372741K(603136K), 0.0017479 secs] [Times: user=0.01 sys=0.01, real=0.01 secs] 
2483.848: [GC (Allocation Failure) [PSYoungGen: 90109K->1501K(90624K)] 461317K->372709K(603136K), 0.0017267 secs] [Times: user=0.00 sys=0.00, real=0.00 secs] 
2484.190: [GC (Allocation Failure) [PSYoungGen: 90077K->1408K(89088K)] 461285K->372616K(601600K), 0.0020498 secs] [Times: user=0.01 sys=0.00, real=0.00 secs] 
2484.554: [GC (Allocation Failure) [PSYoungGen: 88960K->1408K(88064K)] 460168K->372616K(600576K), 0.0019051 secs] [Times: user=0.01 sys=0.00, real=0.00 secs] 
2484.913: [GC (Allocation Failure) [PSYoungGen: 87936K->1376K(87552K)] 459144K->372584K(600064K), 0.0019675 secs] [Times: user=0.01 sys=0.00, real=0.01 secs] 
2485.190: [GC (Allocation Failure) [PSYoungGen: 87392K->1501K(87040K)] 458600K->372709K(599552K), 0.0017796 secs] [Times: user=0.01 sys=0.00, real=0.00 secs] 
2485.346: [GC (Allocation Failure) [PSYoungGen: 87005K->1504K(86528K)] 458213K->372744K(599040K), 0.0016736 secs] [Times: user=0.00 sys=0.01, real=0.00 secs] 
2485.522: [GC (Allocation Failure) [PSYoungGen: 86496K->1501K(86016K)] 457736K->372741K(598528K), 0.0020899 secs] [Times: user=0.01 sys=0.01, real=0.01 secs] 
2486.266: [GC (Allocation Failure) [PSYoungGen: 85981K->1440K(85504K)] 457221K->372680K(598016K), 0.0022748 secs] [Times: user=0.01 sys=0.00, real=0.00 secs] 
2487.131: [GC (Allocation Failure) [PSYoungGen: 85408K->1440K(84992K)] 456648K->372680K(597504K), 0.0025337 secs] [Times: user=0.01 sys=0.00, real=0.00 secs] 
2487.794: [GC (Allocation Failure) [PSYoungGen: 84896K->1376K(84480K)] 456136K->372616K(596992K), 0.0034165 secs] [Times: user=0.01 sys=0.00, real=0.01 secs] 
2488.398: [GC (Allocation Failure) [PSYoungGen: 84320K->1533K(83968K)] 455560K->372773K(596480K), 0.0025240 secs] [Times: user=0.00 sys=0.00, real=0.00 secs] 
2488.592: [GC (Allocation Failure) [PSYoungGen: 83965K->1472K(83456K)] 455205K->372712K(595968K), 0.0017659 secs] [Times: user=0.01 sys=0.00, real=0.01 secs] 
2488.735: [GC (Allocation Failure) [PSYoungGen: 83392K->1501K(82944K)] 454632K->372741K(595456K), 0.0019848 secs] [Times: user=0.01 sys=0.00, real=0.00 secs] 
2488.879: [GC (Allocation Failure) [PSYoungGen: 82909K->1504K(82432K)] 454149K->372744K(594944K), 0.0016991 secs] [Times: user=0.01 sys=0.00, real=0.00 secs] 
2490.953: [GC (Allocation Failure) [PSYoungGen: 82400K->1440K(81920K)] 453640K->372680K(594432K), 0.0044801 secs] [Times: user=0.02 sys=0.00, real=0.01 secs] 
2492.539: [GC (Allocation Failure) [PSYoungGen: 81824K->1408K(81408K)] 453064K->372648K(593920K), 0.0042270 secs] [Times: user=0.02 sys=0.00, real=0.00 secs] 
2493.561: [GC (Allocation Failure) [PSYoungGen: 81280K->1408K(80896K)] 452520K->372648K(593408K), 0.0034739 secs] [Times: user=0.01 sys=0.01, real=0.01 secs] 
2493.997: [GC (Allocation Failure) [PSYoungGen: 80768K->1501K(80384K)] 452008K->372757K(592896K), 0.0022069 secs] [Times: user=0.01 sys=0.00, real=0.00 secs] 
2494.159: [GC (Allocation Failure) [PSYoungGen: 80349K->1533K(79872K)] 451605K->372789K(592384K), 0.0018420 secs] [Times: user=0.00 sys=0.00, real=0.00 secs] 
2494.296: [GC (Allocation Failure) [PSYoungGen: 79869K->1504K(79360K)] 451125K->372760K(591872K), 0.0017011 secs] [Times: user=0.01 sys=0.00, real=0.00 secs] 
2494.559: [GC (Allocation Failure) [PSYoungGen: 79328K->1472K(78848K)] 450584K->372728K(591360K), 0.0023706 secs] [Times: user=0.01 sys=0.00, real=0.00 secs] 
2495.328: [GC (Allocation Failure) [PSYoungGen: 78784K->1408K(78336K)] 450040K->372664K(590848K), 0.0033678 secs] [Times: user=0.01 sys=0.01, real=0.00 secs] 
2495.985: [GC (Allocation Failure) [PSYoungGen: 78208K->1408K(77824K)] 449464K->372664K(590336K), 0.0029195 secs] [Times: user=0.01 sys=0.01, real=0.00 secs] 
2496.298: [GC (Allocation Failure) [PSYoungGen: 77696K->1408K(77312K)] 448952K->372664K(589824K), 0.0022242 secs] [Times: user=0.01 sys=0.00, real=0.00 secs] 
2496.549: [GC (Allocation Failure) [PSYoungGen: 77184K->1533K(76800K)] 448440K->372789K(589312K), 0.0016765 secs] [Times: user=0.00 sys=0.00, real=0.00 secs] 
2496.681: [GC (Allocation Failure) [PSYoungGen: 76797K->1501K(76288K)] 448053K->372757K(588800K), 0.0016977 secs] [Times: user=0.00 sys=0.00, real=0.00 secs] 
2496.813: [GC (Allocation Failure) [PSYoungGen: 76253K->1501K(75776K)] 447509K->372757K(588288K), 0.0017690 secs] [Times: user=0.01 sys=0.00, real=0.01 secs] 
2497.028: [GC (Allocation Failure) [PSYoungGen: 75741K->944K(74752K)] 446997K->373224K(587264K), 0.0025683 secs] [Times: user=0.01 sys=0.00, real=0.00 secs] 
2497.550: [GC (Allocation Failure) [PSYoungGen: 74672K->352K(73728K)] 446952K->372632K(586240K), 0.0018753 secs] [Times: user=0.00 sys=0.00, real=0.00 secs] 
2497.886: [GC (Allocation Failure) [PSYoungGen: 73568K->320K(73216K)] 445848K->372600K(585728K), 0.0022035 secs] [Times: user=0.01 sys=0.00, real=0.00 secs] 
2498.188: [GC (Allocation Failure) [PSYoungGen: 73024K->384K(74240K)] 445304K->372664K(586752K), 0.0019390 secs] [Times: user=0.01 sys=0.00, real=0.00 secs] 
2498.521: [GC (Allocation Failure) [PSYoungGen: 72576K->1469K(73216K)] 444856K->373749K(585728K), 0.0021689 secs] [Times: user=0.01 sys=0.00, real=0.00 secs] 
2498.651: [GC (Allocation Failure) [PSYoungGen: 73149K->1501K(72704K)] 445429K->373781K(585216K), 0.0019127 secs] [Times: user=0.00 sys=0.00, real=0.00 secs] 
2498.778: [GC (Allocation Failure) [PSYoungGen: 72669K->1501K(78848K)] 444949K->373781K(591360K), 0.0017971 secs] [Times: user=0.01 sys=0.00, real=0.00 secs] 
2498.912: [GC (Allocation Failure) [PSYoungGen: 78301K->1485K(79360K)] 450581K->373765K(591872K), 0.0017514 secs] [Times: user=0.01 sys=0.00, real=0.00 secs] 
2499.273: [GC (Allocation Failure) [PSYoungGen: 78285K->1440K(77824K)] 450565K->373744K(590336K), 0.0018772 secs] [Times: user=0.01 sys=0.00, real=0.01 secs] 
2499.947: [GC (Allocation Failure) [PSYoungGen: 77728K->1440K(77312K)] 450032K->373744K(589824K), 0.0023144 secs] [Times: user=0.01 sys=0.00, real=0.00 secs] 
2500.589: [GC (Allocation Failure) [PSYoungGen: 77216K->1344K(76800K)] 449520K->373648K(589312K), 0.0036643 secs] [Times: user=0.01 sys=0.00, real=0.00 secs] 
2501.432: [GC (Allocation Failure) [PSYoungGen: 76608K->1501K(76288K)] 448912K->373805K(588800K), 0.0040768 secs] [Times: user=0.02 sys=0.00, real=0.01 secs] 
2501.670: [GC (Allocation Failure) [PSYoungGen: 76253K->1501K(75776K)] 448557K->373805K(588288K), 0.0019944 secs] [Times: user=0.01 sys=0.00, real=0.00 secs] 
2501.803: [GC (Allocation Failure) [PSYoungGen: 75741K->1533K(75264K)] 448045K->373837K(587776K), 0.0018521 secs] [Times: user=0.01 sys=0.00, real=0.01 secs] 
2501.932: [GC (Allocation Failure) [PSYoungGen: 75261K->1533K(81408K)] 447565K->373837K(593920K), 0.0018009 secs] [Times: user=0.01 sys=0.00, real=0.00 secs] 
2502.228: [GC (Allocation Failure) [PSYoungGen: 81405K->1440K(80896K)] 453709K->373752K(593408K), 0.0020095 secs] [Times: user=0.01 sys=0.00, real=0.00 secs] 
2502.558: [GC (Allocation Failure) [PSYoungGen: 80800K->1376K(80384K)] 453112K->373688K(592896K), 0.0019847 secs] [Times: user=0.01 sys=0.00, real=0.00 secs] 
2503.024: [GC (Allocation Failure) [PSYoungGen: 80224K->1360K(79872K)] 452536K->373672K(592384K), 0.0020348 secs] [Times: user=0.01 sys=0.00, real=0.01 secs] 
2503.627: [GC (Allocation Failure) [PSYoungGen: 79696K->1469K(79360K)] 452008K->373781K(591872K), 0.0026433 secs] [Times: user=0.01 sys=0.00, real=0.00 secs] 
2503.807: [GC (Allocation Failure) [PSYoungGen: 79293K->1533K(78848K)] 451605K->373845K(591360K), 0.0018382 secs] [Times: user=0.01 sys=0.00, real=0.00 secs] 
2503.944: [GC (Allocation Failure) [PSYoungGen: 78845K->1517K(78336K)] 451157K->373829K(590848K), 0.0017475 secs] [Times: user=0.01 sys=0.00, real=0.01 secs] 
2504.078: [GC (Allocation Failure) [PSYoungGen: 78317K->1501K(77824K)] 450629K->373813K(590336K), 0.0017734 secs] [Times: user=0.01 sys=0.00, real=0.00 secs] 
2504.387: [GC (Allocation Failure) [PSYoungGen: 77789K->1424K(77312K)] 450101K->373736K(589824K), 0.0021014 secs] [Times: user=0.01 sys=0.00, real=0.00 secs] 
2504.806: [GC (Allocation Failure) [PSYoungGen: 77200K->1440K(76800K)] 449512K->373752K(589312K), 0.0020741 secs] [Times: user=0.01 sys=0.00, real=0.00 secs] 
2505.426: [GC (Allocation Failure) [PSYoungGen: 76704K->1440K(76288K)] 449016K->373752K(588800K), 0.0022893 secs] [Times: user=0.01 sys=0.00, real=0.00 secs] 
2506.040: [GC (Allocation Failure) [PSYoungGen: 76192K->1376K(75776K)] 448504K->373688K(588288K), 0.0022856 secs] [Times: user=0.01 sys=0.00, real=0.00 secs] 
2506.246: [GC (Allocation Failure) [PSYoungGen: 75616K->1469K(75264K)] 447928K->373781K(587776K), 0.0017630 secs] [Times: user=0.01 sys=0.00, real=0.00 secs] 
2506.375: [GC (Allocation Failure) [PSYoungGen: 75197K->1533K(74752K)] 447509K->373845K(587264K), 0.0017448 secs] [Times: user=0.00 sys=0.00, real=0.00 secs] 
2506.503: [GC (Allocation Failure) [PSYoungGen: 74749K->1501K(74240K)] 447061K->373813K(586752K), 0.0018101 secs] [Times: user=0.01 sys=0.00, real=0.01 secs] 
2506.911: [GC (Allocation Failure) [PSYoungGen: 74205K->1408K(73728K)] 446517K->373720K(586240K), 0.0021383 secs] [Times: user=0.01 sys=0.00, real=0.00 secs] 
2507.598: [GC (Allocation Failure) [PSYoungGen: 73600K->1440K(73216K)] 445912K->373752K(585728K), 0.0023428 secs] [Times: user=0.01 sys=0.01, real=0.00 secs] 
2508.738: [GC (Allocation Failure) [PSYoungGen: 73120K->1344K(72704K)] 445432K->373656K(585216K), 0.0031123 secs] [Times: user=0.02 sys=0.00, real=0.00 secs] 
2509.952: [GC (Allocation Failure) [PSYoungGen: 72512K->1360K(72192K)] 444824K->373672K(584704K), 0.0048381 secs] [Times: user=0.02 sys=0.00, real=0.01 secs] 
2510.578: [GC (Allocation Failure) [PSYoungGen: 72016K->1469K(71680K)] 444328K->373781K(584192K), 0.0025036 secs] [Times: user=0.01 sys=0.00, real=0.00 secs] 
2510.740: [GC (Allocation Failure) [PSYoungGen: 71613K->1501K(71168K)] 443925K->373813K(583680K), 0.0018267 secs] [Times: user=0.01 sys=0.00, real=0.00 secs] 
2510.862: [GC (Allocation Failure) [PSYoungGen: 71133K->1533K(70656K)] 443445K->373845K(583168K), 0.0018671 secs] [Times: user=0.01 sys=0.00, real=0.01 secs] 
2510.985: [GC (Allocation Failure) [PSYoungGen: 70653K->1469K(71168K)] 442965K->373781K(583680K), 0.0017984 secs] [Times: user=0.01 sys=0.00, real=0.00 secs] 
2511.863: [GC (Allocation Failure) [PSYoungGen: 70589K->1392K(70144K)] 442901K->373704K(582656K), 0.0050026 secs] [Times: user=0.02 sys=0.00, real=0.01 secs] 
2512.708: [GC (Allocation Failure) [PSYoungGen: 70000K->1376K(69632K)] 442312K->373696K(582144K), 0.0044522 secs] [Times: user=0.01 sys=0.00, real=0.00 secs] 
2513.439: [GC (Allocation Failure) [PSYoungGen: 69472K->1344K(69120K)] 441792K->373664K(581632K), 0.0035805 secs] [Times: user=0.01 sys=0.00, real=0.00 secs] 
2514.081: [GC (Allocation Failure) [PSYoungGen: 68928K->1344K(68608K)] 441248K->373664K(581120K), 0.0030031 secs] [Times: user=0.02 sys=0.00, real=0.01 secs] 
2514.427: [GC (Allocation Failure) [PSYoungGen: 68416K->1453K(68096K)] 440736K->373773K(580608K), 0.0019497 secs] [Times: user=0.00 sys=0.00, real=0.00 secs] 
2514.545: [GC (Allocation Failure) [PSYoungGen: 68013K->1472K(67584K)] 440333K->373792K(580096K), 0.0017899 secs] [Times: user=0.01 sys=0.00, real=0.00 secs] 
2514.661: [GC (Allocation Failure) [PSYoungGen: 67520K->1501K(67072K)] 439840K->373821K(579584K), 0.0017285 secs] [Times: user=0.00 sys=0.00, real=0.00 secs] 
2514.779: [GC (Allocation Failure) [PSYoungGen: 67037K->1501K(67584K)] 439357K->373837K(580096K), 0.0017162 secs] [Times: user=0.01 sys=0.00, real=0.00 secs] 
2515.389: [GC (Allocation Failure) [PSYoungGen: 67037K->1440K(66560K)] 439373K->373776K(579072K), 0.0020945 secs] [Times: user=0.01 sys=0.00, real=0.00 secs] 
2516.052: [GC (Allocation Failure) [PSYoungGen: 66464K->1312K(66048K)] 438800K->373648K(578560K), 0.0062581 secs] [Times: user=0.03 sys=0.00, real=0.01 secs] 
2516.805: [GC (Allocation Failure) [PSYoungGen: 65824K->1408K(65536K)] 438160K->373744K(578048K), 0.0035256 secs] [Times: user=0.02 sys=0.00, real=0.00 secs] 
2517.580: [GC (Allocation Failure) [PSYoungGen: 65408K->1360K(65024K)] 437744K->373696K(577536K), 0.0035306 secs] [Times: user=0.02 sys=0.00, real=0.00 secs] 
2518.103: [GC (Allocation Failure) [PSYoungGen: 64842K->1501K(64512K)] 437178K->373837K(577024K), 0.0026182 secs] [Times: user=0.01 sys=0.00, real=0.01 secs] 
2518.287: [GC (Allocation Failure) [PSYoungGen: 64477K->1536K(64512K)] 436813K->373872K(577024K), 0.0023382 secs] [Times: user=0.01 sys=0.00, real=0.00 secs] 
2518.432: [GC (Allocation Failure) [PSYoungGen: 64000K->1501K(63488K)] 436336K->373837K(576000K), 0.0017558 secs] [Times: user=0.01 sys=0.01, real=0.01 secs] 
2518.556: [GC (Allocation Failure) [PSYoungGen: 63453K->1533K(64000K)] 435789K->373877K(576512K), 0.0020104 secs] [Times: user=0.00 sys=0.00, real=0.00 secs] 
2518.888: [GC (Allocation Failure) [PSYoungGen: 63997K->1424K(64512K)] 436341K->373768K(577024K), 0.0030747 secs] [Times: user=0.01 sys=0.00, real=0.00 secs] 
2519.784: [GC (Allocation Failure) [PSYoungGen: 63888K->1440K(63488K)] 436232K->373784K(576000K), 0.0042225 secs] [Times: user=0.02 sys=0.00, real=0.01 secs] 
2520.578: [GC (Allocation Failure) [PSYoungGen: 63392K->1376K(62976K)] 435736K->373720K(575488K), 0.0030255 secs] [Times: user=0.02 sys=0.00, real=0.00 secs] 
2521.262: [GC (Allocation Failure) [PSYoungGen: 62816K->1408K(62464K)] 435160K->373768K(574976K), 0.0047505 secs] [Times: user=0.02 sys=0.00, real=0.01 secs] 
2521.910: [GC (Allocation Failure) [PSYoungGen: 62336K->1408K(61952K)] 434696K->373768K(574464K), 0.0043858 secs] [Times: user=0.01 sys=0.00, real=0.01 secs] 
2522.268: [GC (Allocation Failure) [PSYoungGen: 61824K->1469K(61440K)] 434184K->373829K(573952K), 0.0022515 secs] [Times: user=0.01 sys=0.00, real=0.00 secs] 
2522.392: [GC (Allocation Failure) [PSYoungGen: 61373K->1533K(60928K)] 433733K->373893K(573440K), 0.0018091 secs] [Times: user=0.01 sys=0.00, real=0.01 secs] 
2522.497: [GC (Allocation Failure) [PSYoungGen: 60925K->1501K(66048K)] 433285K->373869K(578560K), 0.0016714 secs] [Times: user=0.01 sys=0.00, real=0.00 secs] 
2522.611: [GC (Allocation Failure) [PSYoungGen: 66013K->1533K(66560K)] 438381K->373901K(579072K), 0.0017343 secs] [Times: user=0.00 sys=0.00, real=0.00 secs] 
2523.016: [GC (Allocation Failure) [PSYoungGen: 66045K->1408K(65536K)] 438413K->373776K(578048K), 0.0020315 secs] [Times: user=0.01 sys=0.01, real=0.00 secs] 
2523.678: [GC (Allocation Failure) [PSYoungGen: 65408K->1408K(65024K)] 437776K->373776K(577536K), 0.0023399 secs] [Times: user=0.01 sys=0.00, real=0.00 secs] 
2524.215: [GC (Allocation Failure) [PSYoungGen: 64896K->1440K(64512K)] 437264K->373808K(577024K), 0.0021149 secs] [Times: user=0.01 sys=0.00, real=0.00 secs] 
2524.768: [GC (Allocation Failure) [PSYoungGen: 64416K->1408K(64000K)] 436784K->373776K(576512K), 0.0023560 secs] [Times: user=0.01 sys=0.00, real=0.00 secs] 
2525.446: [GC (Allocation Failure) [PSYoungGen: 63872K->1469K(63488K)] 436240K->373837K(576000K), 0.0029796 secs] [Times: user=0.01 sys=0.00, real=0.00 secs] 
2525.610: [GC (Allocation Failure) [PSYoungGen: 63421K->1501K(62976K)] 435789K->373869K(575488K), 0.0016605 secs] [Times: user=0.01 sys=0.00, real=0.00 secs] 
2525.717: [GC (Allocation Failure) [PSYoungGen: 62941K->1472K(62464K)] 435309K->373856K(574976K), 0.0016309 secs] [Times: user=0.01 sys=0.00, real=0.00 secs] 
2525.824: [GC (Allocation Failure) [PSYoungGen: 62400K->1517K(67584K)] 434784K->373901K(580096K), 0.0018085 secs] [Times: user=0.01 sys=0.00, real=0.00 secs] 
2525.942: [GC (Allocation Failure) [PSYoungGen: 67565K->1533K(68096K)] 439949K->373917K(580608K), 0.0017710 secs] [Times: user=0.01 sys=0.00, real=0.00 secs] 
2526.791: [GC (Allocation Failure) [PSYoungGen: 67581K->1376K(67072K)] 439965K->373760K(579584K), 0.0034912 secs] [Times: user=0.01 sys=0.00, real=0.01 secs] 
2527.922: [GC (Allocation Failure) [PSYoungGen: 66912K->1376K(66560K)] 439296K->373760K(579072K), 0.0048588 secs] [Times: user=0.02 sys=0.00, real=0.01 secs] 
2528.653: [GC (Allocation Failure) [PSYoungGen: 66400K->1376K(66048K)] 438784K->373760K(578560K), 0.0046170 secs] [Times: user=0.02 sys=0.00, real=0.01 secs] 
2529.235: [GC (Allocation Failure) [PSYoungGen: 65888K->1440K(65536K)] 438272K->373824K(578048K), 0.0041585 secs] [Times: user=0.01 sys=0.00, real=0.00 secs] 
2529.618: [GC (Allocation Failure) [PSYoungGen: 65440K->1469K(65024K)] 437824K->373853K(577536K), 0.0023057 secs] [Times: user=0.01 sys=0.00, real=0.00 secs] 
2529.753: [GC (Allocation Failure) [PSYoungGen: 64957K->1469K(64512K)] 437341K->373853K(577024K), 0.0017476 secs] [Times: user=0.01 sys=0.00, real=0.01 secs] 
2529.863: [GC (Allocation Failure) [PSYoungGen: 64445K->1472K(65024K)] 436829K->373864K(577536K), 0.0016691 secs] [Times: user=0.01 sys=0.00, real=0.01 secs] 
2529.974: [GC (Allocation Failure) [PSYoungGen: 64448K->1437K(70144K)] 436840K->373829K(582656K), 0.0016070 secs] [Times: user=0.01 sys=0.00, real=0.00 secs] 
2530.432: [GC (Allocation Failure) [PSYoungGen: 69533K->1424K(69120K)] 441925K->373816K(581632K), 0.0020013 secs] [Times: user=0.01 sys=0.00, real=0.01 secs] 
2530.767: [GC (Allocation Failure) [PSYoungGen: 69008K->1376K(68608K)] 441400K->373784K(581120K), 0.0022630 secs] [Times: user=0.01 sys=0.00, real=0.00 secs] 
2531.199: [GC (Allocation Failure) [PSYoungGen: 68448K->1424K(68096K)] 440856K->373832K(580608K), 0.0035573 secs] [Times: user=0.01 sys=0.00, real=0.00 secs] 
2531.680: [GC (Allocation Failure) [PSYoungGen: 67984K->1344K(67584K)] 440392K->373752K(580096K), 0.0028034 secs] [Times: user=0.01 sys=0.00, real=0.00 secs] 
2532.443: [GC (Allocation Failure) [PSYoungGen: 67392K->1469K(67072K)] 439800K->373877K(579584K), 0.0025481 secs] [Times: user=0.01 sys=0.00, real=0.01 secs] 
2532.596: [GC (Allocation Failure) [PSYoungGen: 67005K->1533K(66560K)] 439413K->373941K(579072K), 0.0018141 secs] [Times: user=0.01 sys=0.00, real=0.00 secs] 
2532.710: [GC (Allocation Failure) [PSYoungGen: 66557K->1533K(66048K)] 438965K->373941K(578560K), 0.0017960 secs] [Times: user=0.01 sys=0.00, real=0.00 secs] 
2532.841: [GC (Allocation Failure) [PSYoungGen: 66045K->1485K(66560K)] 438453K->373901K(579072K), 0.0019730 secs] [Times: user=0.01 sys=0.00, real=0.00 secs] 
2533.301: [GC (Allocation Failure) [PSYoungGen: 65997K->1408K(65536K)] 438413K->373832K(578048K), 0.0025590 secs] [Times: user=0.01 sys=0.00, real=0.00 secs] 
2533.934: [GC (Allocation Failure) [PSYoungGen: 65408K->1376K(65024K)] 437832K->373808K(577536K), 0.0045860 secs] [Times: user=0.02 sys=0.00, real=0.01 secs] 
2534.686: [GC (Allocation Failure) [PSYoungGen: 64864K->1376K(64512K)] 437296K->373816K(577024K), 0.0047557 secs] [Times: user=0.02 sys=0.00, real=0.00 secs] 
2535.472: [GC (Allocation Failure) [PSYoungGen: 64352K->1376K(64000K)] 436792K->373816K(576512K), 0.0049045 secs] [Times: user=0.02 sys=0.00, real=0.01 secs] 
2536.311: [GC (Allocation Failure) [PSYoungGen: 63713K->288K(62464K)] 436154K->372728K(574976K), 0.0042492 secs] [Times: user=0.02 sys=0.01, real=0.01 secs] 
2536.518: [GC (Allocation Failure) [PSYoungGen: 62219K->1501K(62976K)] 434660K->373941K(575488K), 0.0020267 secs] [Times: user=0.01 sys=0.00, real=0.00 secs] 
2536.638: [GC (Allocation Failure) [PSYoungGen: 62941K->1501K(62464K)] 435381K->373949K(574976K), 0.0017368 secs] [Times: user=0.00 sys=0.00, real=0.00 secs] 
2536.748: [GC (Allocation Failure) [PSYoungGen: 62429K->1533K(62976K)] 434877K->373989K(575488K), 0.0018536 secs] [Times: user=0.01 sys=0.00, real=0.00 secs] 
2536.856: [GC (Allocation Failure) [PSYoungGen: 62461K->1533K(62976K)] 434917K->373989K(575488K), 0.0017901 secs] [Times: user=0.01 sys=0.00, real=0.00 secs] 
2537.451: [GC (Allocation Failure) [PSYoungGen: 62461K->1376K(67584K)] 434917K->373832K(580096K), 0.0019910 secs] [Times: user=0.01 sys=0.00, real=0.00 secs] 
2538.248: [GC (Allocation Failure) [PSYoungGen: 67424K->1408K(67072K)] 439880K->373864K(579584K), 0.0043707 secs] [Times: user=0.02 sys=0.00, real=0.00 secs] 
2538.927: [GC (Allocation Failure) [PSYoungGen: 66944K->1392K(66560K)] 439400K->373848K(579072K), 0.0042678 secs] [Times: user=0.02 sys=0.00, real=0.00 secs] 
2539.746: [GC (Allocation Failure) [PSYoungGen: 66416K->1392K(66048K)] 438872K->373848K(578560K), 0.0048183 secs] [Times: user=0.02 sys=0.00, real=0.00 secs] 
2540.352: [GC (Allocation Failure) [PSYoungGen: 65904K->1501K(65536K)] 438360K->373957K(578048K), 0.0031622 secs] [Times: user=0.01 sys=0.00, real=0.01 secs] 
2540.516: [GC (Allocation Failure) [PSYoungGen: 65501K->1501K(65024K)] 437957K->373957K(577536K), 0.0017380 secs] [Times: user=0.00 sys=0.00, real=0.00 secs] 
2540.628: [GC (Allocation Failure) [PSYoungGen: 64989K->1533K(64512K)] 437445K->373997K(577024K), 0.0018264 secs] [Times: user=0.01 sys=0.00, real=0.00 secs] 
2540.739: [GC (Allocation Failure) [PSYoungGen: 64509K->1501K(65024K)] 436973K->373965K(577536K), 0.0016472 secs] [Times: user=0.01 sys=0.00, real=0.00 secs] 
2540.925: [GC (Allocation Failure) [PSYoungGen: 64477K->1440K(70656K)] 436941K->373920K(583168K), 0.0019599 secs] [Times: user=0.00 sys=0.00, real=0.00 secs] 
2541.447: [GC (Allocation Failure) [PSYoungGen: 70048K->1408K(69632K)] 442528K->373888K(582144K), 0.0020032 secs] [Times: user=0.01 sys=0.00, real=0.00 secs] 
2542.055: [GC (Allocation Failure) [PSYoungGen: 69504K->1376K(69120K)] 441984K->373856K(581632K), 0.0045961 secs] [Times: user=0.01 sys=0.00, real=0.00 secs] 
2542.618: [GC (Allocation Failure) [PSYoungGen: 68960K->1440K(68608K)] 441440K->373920K(581120K), 0.0035377 secs] [Times: user=0.01 sys=0.00, real=0.00 secs] 
2543.150: [GC (Allocation Failure) [PSYoungGen: 68512K->1469K(68096K)] 440992K->373949K(580608K), 0.0030172 secs] [Times: user=0.01 sys=0.00, real=0.00 secs] 
2543.318: [GC (Allocation Failure) [PSYoungGen: 68029K->1469K(67584K)] 440509K->373949K(580096K), 0.0017589 secs] [Times: user=0.01 sys=0.00, real=0.00 secs] 
2543.435: [GC (Allocation Failure) [PSYoungGen: 67517K->1501K(67072K)] 439997K->373981K(579584K), 0.0017228 secs] [Times: user=0.01 sys=0.00, real=0.00 secs] 
2543.551: [GC (Allocation Failure) [PSYoungGen: 67037K->1501K(67584K)] 439517K->373989K(580096K), 0.0017759 secs] [Times: user=0.00 sys=0.00, real=0.00 secs] 
2543.930: [GC (Allocation Failure) [PSYoungGen: 67037K->1440K(66560K)] 439525K->373928K(579072K), 0.0019761 secs] [Times: user=0.00 sys=0.00, real=0.00 secs] 
2544.587: [GC (Allocation Failure) [PSYoungGen: 66464K->1440K(66048K)] 438952K->373928K(578560K), 0.0022043 secs] [Times: user=0.00 sys=0.00, real=0.00 secs] 
2544.938: [GC (Allocation Failure) [PSYoungGen: 65952K->1376K(65536K)] 438440K->373864K(578048K), 0.0020999 secs] [Times: user=0.01 sys=0.00, real=0.00 secs] 
2545.204: [GC (Allocation Failure) [PSYoungGen: 65376K->1440K(65024K)] 437864K->373928K(577536K), 0.0022271 secs] [Times: user=0.01 sys=0.00, real=0.01 secs] 
2545.695: [GC (Allocation Failure) [PSYoungGen: 64928K->1376K(64512K)] 437416K->373864K(577024K), 0.0023003 secs] [Times: user=0.01 sys=0.00, real=0.00 secs] 
2545.884: [GC (Allocation Failure) [PSYoungGen: 64352K->1469K(64000K)] 436840K->373957K(576512K), 0.0017025 secs] [Times: user=0.01 sys=0.00, real=0.01 secs] 
2546.010: [GC (Allocation Failure) [PSYoungGen: 63933K->1501K(63488K)] 436421K->373989K(576000K), 0.0019373 secs] [Times: user=0.00 sys=0.00, real=0.00 secs] 
2546.152: [GC (Allocation Failure) [PSYoungGen: 63453K->1469K(69632K)] 435941K->373973K(582144K), 0.0021341 secs] [Times: user=0.01 sys=0.00, real=0.01 secs] 
2546.277: [GC (Allocation Failure) [PSYoungGen: 69053K->1517K(69632K)] 441557K->374021K(582144K), 0.0018798 secs] [Times: user=0.01 sys=0.00, real=0.00 secs] 
2546.902: [GC (Allocation Failure) [PSYoungGen: 69101K->1456K(68608K)] 441605K->373960K(581120K), 0.0023685 secs] [Times: user=0.00 sys=0.00, real=0.01 secs] 
2547.253: [GC (Allocation Failure) [PSYoungGen: 68528K->1408K(68096K)] 441032K->373912K(580608K), 0.0023697 secs] [Times: user=0.01 sys=0.00, real=0.01 secs] 
2547.751: [GC (Allocation Failure) [PSYoungGen: 67968K->1376K(67584K)] 440472K->373880K(580096K), 0.0022547 secs] [Times: user=0.01 sys=0.00, real=0.00 secs] 
2548.313: [GC (Allocation Failure) [PSYoungGen: 67424K->1408K(67072K)] 439928K->373912K(579584K), 0.0024377 secs] [Times: user=0.01 sys=0.00, real=0.01 secs] 
2548.681: [GC (Allocation Failure) [PSYoungGen: 66944K->1453K(66560K)] 439448K->373957K(579072K), 0.0020822 secs] [Times: user=0.01 sys=0.00, real=0.00 secs] 
2548.804: [GC (Allocation Failure) [PSYoungGen: 66477K->1501K(66048K)] 438981K->374005K(578560K), 0.0017392 secs] [Times: user=0.01 sys=0.00, real=0.01 secs] 
2548.918: [GC (Allocation Failure) [PSYoungGen: 66013K->1469K(65536K)] 438517K->373981K(578048K), 0.0017057 secs] [Times: user=0.01 sys=0.00, real=0.00 secs] 
2549.031: [GC (Allocation Failure) [PSYoungGen: 65469K->1549K(66048K)] 437981K->374077K(578560K), 0.0017987 secs] [Times: user=0.00 sys=0.00, real=0.00 secs] 
2549.279: [GC (Allocation Failure) [PSYoungGen: 65549K->1424K(66048K)] 438077K->373952K(578560K), 0.0020798 secs] [Times: user=0.00 sys=0.00, real=0.00 secs] 
2549.546: [GC (Allocation Failure) [PSYoungGen: 65424K->1440K(65024K)] 437952K->373968K(577536K), 0.0019812 secs] [Times: user=0.00 sys=0.00, real=0.00 secs] 
2549.993: [GC (Allocation Failure) [PSYoungGen: 64928K->1392K(64512K)] 437456K->373920K(577024K), 0.0031556 secs] [Times: user=0.01 sys=0.00, real=0.01 secs] 
2550.509: [GC (Allocation Failure) [PSYoungGen: 64368K->1440K(64000K)] 436896K->373968K(576512K), 0.0032598 secs] [Times: user=0.01 sys=0.00, real=0.00 secs] 
2551.023: [GC (Allocation Failure) [PSYoungGen: 63904K->1488K(63488K)] 436432K->374016K(576000K), 0.0033389 secs] [Times: user=0.02 sys=0.00, real=0.01 secs] 
2551.216: [GC (Allocation Failure) [PSYoungGen: 63440K->1469K(62976K)] 435968K->373997K(575488K), 0.0020786 secs] [Times: user=0.01 sys=0.00, real=0.00 secs] 
2551.329: [GC (Allocation Failure) [PSYoungGen: 62909K->1533K(68608K)] 435437K->374061K(581120K), 0.0018868 secs] [Times: user=0.01 sys=0.00, real=0.00 secs] 
2551.445: [GC (Allocation Failure) [PSYoungGen: 68093K->1501K(68608K)] 440621K->374037K(581120K), 0.0017041 secs] [Times: user=0.00 sys=0.00, real=0.00 secs] 
2551.699: [GC (Allocation Failure) [PSYoungGen: 68061K->1472K(68608K)] 440597K->374008K(581120K), 0.0021998 secs] [Times: user=0.01 sys=0.00, real=0.00 secs] 
2552.277: [GC (Allocation Failure) [PSYoungGen: 68032K->1408K(67584K)] 440568K->373944K(580096K), 0.0033678 secs] [Times: user=0.01 sys=0.00, real=0.00 secs] 
2552.914: [GC (Allocation Failure) [PSYoungGen: 67456K->1408K(67072K)] 439992K->373944K(579584K), 0.0031575 secs] [Times: user=0.01 sys=0.00, real=0.01 secs] 
2553.420: [GC (Allocation Failure) [PSYoungGen: 66944K->1392K(66560K)] 439480K->373928K(579072K), 0.0027981 secs] [Times: user=0.01 sys=0.00, real=0.00 secs] 
2553.979: [GC (Allocation Failure) [PSYoungGen: 66416K->1376K(66048K)] 438952K->373912K(578560K), 0.0029615 secs] [Times: user=0.01 sys=0.00, real=0.00 secs] 
2554.251: [GC (Allocation Failure) [PSYoungGen: 65888K->1501K(65536K)] 438424K->374037K(578048K), 0.0022898 secs] [Times: user=0.01 sys=0.00, real=0.00 secs] 
2554.383: [GC (Allocation Failure) [PSYoungGen: 65501K->1437K(65024K)] 438037K->373973K(577536K), 0.0018592 secs] [Times: user=0.01 sys=0.00, real=0.01 secs] 
2554.494: [GC (Allocation Failure) [PSYoungGen: 64925K->1501K(70656K)] 437461K->374053K(583168K), 0.0024738 secs] [Times: user=0.01 sys=0.00, real=0.00 secs] 
2554.618: [GC (Allocation Failure) [PSYoungGen: 70621K->1469K(71168K)] 443173K->374021K(583680K), 0.0019394 secs] [Times: user=0.01 sys=0.00, real=0.00 secs] 
2554.932: [GC (Allocation Failure) [PSYoungGen: 70589K->1456K(76800K)] 443141K->374008K(589312K), 0.0027888 secs] [Times: user=0.01 sys=0.00, real=0.01 secs] 
2555.297: [GC (Allocation Failure) [PSYoungGen: 76720K->1424K(77312K)] 449272K->373976K(589824K), 0.0021845 secs] [Times: user=0.01 sys=0.00, real=0.00 secs] 
2555.811: [GC (Allocation Failure) [PSYoungGen: 76688K->1408K(76288K)] 449240K->373960K(588800K), 0.0020751 secs] [Times: user=0.01 sys=0.00, real=0.00 secs] 
2556.495: [GC (Allocation Failure) [PSYoungGen: 76160K->1549K(82944K)] 448712K->374101K(595456K), 0.0125054 secs] [Times: user=0.01 sys=0.05, real=0.01 secs] 
2556.713: [GC (Allocation Failure) [PSYoungGen: 82445K->1501K(83456K)] 454997K->374053K(595968K), 0.0018039 secs] [Times: user=0.00 sys=0.00, real=0.01 secs] 
2556.856: [GC (Allocation Failure) [PSYoungGen: 82909K->1469K(83456K)] 455461K->374021K(595968K), 0.0016744 secs] [Times: user=0.01 sys=0.00, real=0.00 secs] 
2557.002: [GC (Allocation Failure) [PSYoungGen: 82877K->1565K(90112K)] 455429K->374125K(602624K), 0.0082383 secs] [Times: user=0.02 sys=0.01, real=0.01 secs] 
2557.456: [GC (Allocation Failure) [PSYoungGen: 89629K->1392K(90112K)] 462189K->373952K(602624K), 0.0038098 secs] [Times: user=0.01 sys=0.00, real=0.00 secs] 
2557.903: [GC (Allocation Failure) [PSYoungGen: 89456K->1376K(98816K)] 462016K->373936K(611328K), 0.0023908 secs] [Times: user=0.01 sys=0.00, real=0.01 secs] 
2558.346: [GC (Allocation Failure) [PSYoungGen: 98656K->1440K(99328K)] 471216K->374000K(611840K), 0.0020561 secs] [Times: user=0.01 sys=0.00, real=0.00 secs] 
2558.590: [GC (Allocation Failure) [PSYoungGen: 98720K->1549K(108032K)] 471280K->374109K(620544K), 0.0025062 secs] [Times: user=0.00 sys=0.01, real=0.00 secs] 
2558.777: [GC (Allocation Failure) [PSYoungGen: 107533K->1549K(108032K)] 480093K->374109K(620544K), 0.0018082 secs] [Times: user=0.01 sys=0.00, real=0.00 secs] 
2559.106: [GC (Allocation Failure) [PSYoungGen: 107533K->1408K(116224K)] 480093K->373968K(628736K), 0.0023309 secs] [Times: user=0.01 sys=0.00, real=0.00 secs] 
2559.634: [GC (Allocation Failure) [PSYoungGen: 116096K->1440K(114688K)] 488656K->374024K(627200K), 0.0024183 secs] [Times: user=0.01 sys=0.00, real=0.00 secs] 
2560.211: [GC (Allocation Failure) [PSYoungGen: 114592K->1376K(113152K)] 487176K->373960K(625664K), 0.0021415 secs] [Times: user=0.01 sys=0.00, real=0.00 secs] 
2560.479: [GC (Allocation Failure) [PSYoungGen: 112992K->1533K(111616K)] 485576K->374117K(624128K), 0.0019921 secs] [Times: user=0.00 sys=0.00, real=0.00 secs] 
2560.675: [GC (Allocation Failure) [PSYoungGen: 111613K->1533K(110592K)] 484197K->374125K(623104K), 0.0017952 secs] [Times: user=0.01 sys=0.00, real=0.00 secs] 
2563.607: [GC (Allocation Failure) [PSYoungGen: 110589K->1408K(109568K)] 483181K->374000K(622080K), 0.0052439 secs] [Times: user=0.02 sys=0.00, real=0.00 secs] 
2564.778: [GC (Allocation Failure) [PSYoungGen: 109440K->1408K(108544K)] 482032K->374008K(621056K), 0.0024849 secs] [Times: user=0.01 sys=0.00, real=0.00 secs] 
2566.128: [GC (Allocation Failure) [PSYoungGen: 108416K->1376K(107520K)] 481016K->373976K(620032K), 0.0025677 secs] [Times: user=0.01 sys=0.00, real=0.00 secs] 
2566.492: [GC (Allocation Failure) [PSYoungGen: 107360K->1533K(106496K)] 479960K->374141K(619008K), 0.0018052 secs] [Times: user=0.01 sys=0.00, real=0.01 secs] 
2566.677: [GC (Allocation Failure) [PSYoungGen: 106493K->1549K(105984K)] 479101K->374157K(618496K), 0.0023665 secs] [Times: user=0.01 sys=0.00, real=0.00 secs] 
2567.071: [GC (Allocation Failure) [PSYoungGen: 105485K->416K(103424K)] 478093K->374048K(615936K), 0.0023259 secs] [Times: user=0.01 sys=0.00, real=0.00 secs] 
2567.506: [GC (Allocation Failure) [PSYoungGen: 103328K->352K(103936K)] 476960K->373984K(616448K), 0.0020897 secs] [Times: user=0.01 sys=0.00, real=0.00 secs] 
2567.960: [GC (Allocation Failure) [PSYoungGen: 102240K->336K(101376K)] 475872K->373968K(613888K), 0.0022269 secs] [Times: user=0.00 sys=0.00, real=0.00 secs] 
2568.308: [GC (Allocation Failure) [PSYoungGen: 101200K->1533K(101376K)] 474832K->375165K(613888K), 0.0018133 secs] [Times: user=0.00 sys=0.00, real=0.00 secs] 
2568.485: [GC (Allocation Failure) [PSYoungGen: 101373K->1533K(100352K)] 475005K->375165K(612864K), 0.0018823 secs] [Times: user=0.00 sys=0.00, real=0.00 secs] 
2568.771: [GC (Allocation Failure) [PSYoungGen: 100349K->1472K(99328K)] 473981K->375104K(611840K), 0.0021105 secs] [Times: user=0.00 sys=0.00, real=0.00 secs] 
2569.942: [GC (Allocation Failure) [PSYoungGen: 99264K->1408K(98304K)] 472896K->375040K(610816K), 0.0023151 secs] [Times: user=0.01 sys=0.00, real=0.00 secs] 
2571.410: [GC (Allocation Failure) [PSYoungGen: 98176K->1440K(97280K)] 471808K->375072K(609792K), 0.0049859 secs] [Times: user=0.02 sys=0.00, real=0.01 secs] 
2572.242: [GC (Allocation Failure) [PSYoungGen: 97184K->1501K(96256K)] 470816K->375133K(608768K), 0.0023304 secs] [Times: user=0.01 sys=0.00, real=0.01 secs] 
2572.423: [GC (Allocation Failure) [PSYoungGen: 96221K->1533K(95232K)] 469853K->375165K(607744K), 0.0017793 secs] [Times: user=0.00 sys=0.00, real=0.01 secs] 
2572.587: [GC (Allocation Failure) [PSYoungGen: 95229K->1533K(94208K)] 468861K->375165K(606720K), 0.0019472 secs] [Times: user=0.01 sys=0.00, real=0.00 secs] 
2573.427: [GC (Allocation Failure) [PSYoungGen: 94205K->1408K(93184K)] 467837K->375072K(605696K), 0.0025064 secs] [Times: user=0.01 sys=0.00, real=0.00 secs] 
2575.100: [GC (Allocation Failure) [PSYoungGen: 93056K->1344K(92160K)] 466720K->375016K(604672K), 0.0031995 secs] [Times: user=0.01 sys=0.00, real=0.00 secs] 
2576.711: [GC (Allocation Failure) [PSYoungGen: 91968K->1376K(91136K)] 465640K->375048K(603648K), 0.0031762 secs] [Times: user=0.01 sys=0.00, real=0.01 secs] 
2577.653: [GC (Allocation Failure) [PSYoungGen: 90976K->1437K(90112K)] 464648K->375109K(602624K), 0.0025320 secs] [Times: user=0.01 sys=0.00, real=0.01 secs] 
2577.848: [GC (Allocation Failure) [PSYoungGen: 90013K->1533K(89088K)] 463685K->375205K(601600K), 0.0019405 secs] [Times: user=0.01 sys=0.00, real=0.00 secs] 
2578.001: [GC (Allocation Failure) [PSYoungGen: 89085K->1533K(88064K)] 462757K->375205K(600576K), 0.0017328 secs] [Times: user=0.00 sys=0.00, real=0.00 secs] 
2578.391: [GC (Allocation Failure) [PSYoungGen: 88061K->1456K(87552K)] 461733K->375128K(600064K), 0.0031905 secs] [Times: user=0.02 sys=0.00, real=0.00 secs] 
2578.751: [GC (Allocation Failure) [PSYoungGen: 87472K->1376K(87040K)] 461144K->375048K(599552K), 0.0021248 secs] [Times: user=0.00 sys=0.00, real=0.00 secs] 
2579.106: [GC (Allocation Failure) [PSYoungGen: 86880K->1408K(86528K)] 460552K->375080K(599040K), 0.0022802 secs] [Times: user=0.01 sys=0.00, real=0.00 secs] 
2579.480: [GC (Allocation Failure) [PSYoungGen: 86400K->1469K(86016K)] 460072K->375141K(598528K), 0.0020992 secs] [Times: user=0.01 sys=0.01, real=0.00 secs] 
2579.638: [GC (Allocation Failure) [PSYoungGen: 85949K->1533K(85504K)] 459621K->375205K(598016K), 0.0017794 secs] [Times: user=0.00 sys=0.01, real=0.00 secs] 
2579.785: [GC (Allocation Failure) [PSYoungGen: 85501K->1517K(84992K)] 459173K->375189K(597504K), 0.0017993 secs] [Times: user=0.01 sys=0.00, real=0.00 secs] 
2580.039: [GC (Allocation Failure) [PSYoungGen: 84973K->1408K(84480K)] 458645K->375080K(596992K), 0.0020255 secs] [Times: user=0.01 sys=0.00, real=0.00 secs] 
2580.792: [GC (Allocation Failure) [PSYoungGen: 84352K->1376K(83968K)] 458024K->375048K(596480K), 0.0024899 secs] [Times: user=0.01 sys=0.00, real=0.01 secs] 
2581.481: [GC (Allocation Failure) [PSYoungGen: 83808K->1376K(83456K)] 457480K->375048K(595968K), 0.0022165 secs] [Times: user=0.01 sys=0.00, real=0.00 secs] 
2582.196: [GC (Allocation Failure) [PSYoungGen: 83296K->1376K(82944K)] 456968K->375056K(595456K), 0.0025741 secs] [Times: user=0.01 sys=0.01, real=0.00 secs] 
2582.521: [GC (Allocation Failure) [PSYoungGen: 82784K->1469K(82432K)] 456464K->375165K(594944K), 0.0017376 secs] [Times: user=0.01 sys=0.00, real=0.00 secs] 
2582.664: [GC (Allocation Failure) [PSYoungGen: 82365K->1533K(81920K)] 456061K->375229K(594432K), 0.0018111 secs] [Times: user=0.01 sys=0.00, real=0.01 secs] 
2582.804: [GC (Allocation Failure) [PSYoungGen: 81917K->1533K(81408K)] 455613K->375229K(593920K), 0.0018646 secs] [Times: user=0.01 sys=0.00, real=0.01 secs] 
2583.207: [GC (Allocation Failure) [PSYoungGen: 81405K->1408K(80896K)] 455101K->375104K(593408K), 0.0020235 secs] [Times: user=0.01 sys=0.00, real=0.00 secs] 
2583.890: [GC (Allocation Failure) [PSYoungGen: 80768K->1440K(80384K)] 454464K->375136K(592896K), 0.0021622 secs] [Times: user=0.01 sys=0.00, real=0.00 secs] 
2584.262: [GC (Allocation Failure) [PSYoungGen: 80288K->1360K(79872K)] 453984K->375056K(592384K), 0.0019908 secs] [Times: user=0.01 sys=0.00, real=0.01 secs] 
2584.588: [GC (Allocation Failure) [PSYoungGen: 79696K->1392K(79360K)] 453392K->375088K(591872K), 0.0021289 secs] [Times: user=0.01 sys=0.00, real=0.00 secs] 
2584.762: [GC (Allocation Failure) [PSYoungGen: 79216K->1469K(78848K)] 452912K->375165K(591360K), 0.0017047 secs] [Times: user=0.00 sys=0.00, real=0.00 secs] 
2584.898: [GC (Allocation Failure) [PSYoungGen: 78781K->1485K(78336K)] 452477K->375181K(590848K), 0.0018240 secs] [Times: user=0.01 sys=0.00, real=0.00 secs] 
2585.032: [GC (Allocation Failure) [PSYoungGen: 78285K->1501K(77824K)] 451981K->375197K(590336K), 0.0017038 secs] [Times: user=0.00 sys=0.00, real=0.00 secs] 
2585.734: [GC (Allocation Failure) [PSYoungGen: 77789K->1440K(77312K)] 451485K->375136K(589824K), 0.0032699 secs] [Times: user=0.01 sys=0.00, real=0.00 secs] 
2586.642: [GC (Allocation Failure) [PSYoungGen: 77216K->1376K(76800K)] 450912K->375072K(589312K), 0.0029026 secs] [Times: user=0.02 sys=0.00, real=0.01 secs] 
2587.922: [GC (Allocation Failure) [PSYoungGen: 76640K->1344K(76288K)] 450336K->375040K(588800K), 0.0047471 secs] [Times: user=0.01 sys=0.00, real=0.01 secs] 
2589.121: [GC (Allocation Failure) [PSYoungGen: 76096K->1424K(75776K)] 449792K->375120K(588288K), 0.0036935 secs] [Times: user=0.01 sys=0.01, real=0.01 secs] 
2589.442: [GC (Allocation Failure) [PSYoungGen: 75664K->1504K(75264K)] 449360K->375200K(587776K), 0.0020501 secs] [Times: user=0.01 sys=0.00, real=0.00 secs] 
2589.575: [GC (Allocation Failure) [PSYoungGen: 75232K->1501K(74752K)] 448928K->375197K(587264K), 0.0018277 secs] [Times: user=0.01 sys=0.00, real=0.00 secs] 
2589.705: [GC (Allocation Failure) [PSYoungGen: 74717K->1533K(74240K)] 448413K->375229K(586752K), 0.0017336 secs] [Times: user=0.00 sys=0.00, real=0.00 secs] 
2590.148: [GC (Allocation Failure) [PSYoungGen: 74237K->1440K(73728K)] 447933K->375136K(586240K), 0.0019893 secs] [Times: user=0.01 sys=0.00, real=0.00 secs] 
2590.959: [GC (Allocation Failure) [PSYoungGen: 73632K->1376K(73216K)] 447328K->375072K(585728K), 0.0024808 secs] [Times: user=0.01 sys=0.00, real=0.00 secs] 
2591.729: [GC (Allocation Failure) [PSYoungGen: 73056K->1376K(72704K)] 446752K->375072K(585216K), 0.0022505 secs] [Times: user=0.01 sys=0.00, real=0.00 secs] 
2592.831: [GC (Allocation Failure) [PSYoungGen: 72544K->1344K(72192K)] 446240K->375040K(584704K), 0.0037920 secs] [Times: user=0.02 sys=0.00, real=0.01 secs] 
2593.700: [GC (Allocation Failure) [PSYoungGen: 72000K->1501K(71680K)] 445696K->375213K(584192K), 0.0027291 secs] [Times: user=0.01 sys=0.00, real=0.00 secs] 
2593.870: [GC (Allocation Failure) [PSYoungGen: 71645K->1501K(71168K)] 445357K->375213K(583680K), 0.0018582 secs] [Times: user=0.00 sys=0.00, real=0.00 secs] 
2593.992: [GC (Allocation Failure) [PSYoungGen: 71133K->1501K(70656K)] 444845K->375213K(583168K), 0.0017086 secs] [Times: user=0.01 sys=0.00, real=0.00 secs] 
2594.115: [GC (Allocation Failure) [PSYoungGen: 70621K->1469K(70144K)] 444333K->375181K(582656K), 0.0018333 secs] [Times: user=0.01 sys=0.00, real=0.00 secs] 
2594.426: [GC (Allocation Failure) [PSYoungGen: 70077K->1472K(69632K)] 443789K->375184K(582144K), 0.0020638 secs] [Times: user=0.00 sys=0.01, real=0.00 secs] 
2594.747: [GC (Allocation Failure) [PSYoungGen: 69568K->1344K(69120K)] 443280K->375056K(581632K), 0.0021825 secs] [Times: user=0.01 sys=0.00, real=0.00 secs] 
2595.085: [GC (Allocation Failure) [PSYoungGen: 68928K->1344K(68608K)] 442640K->375056K(581120K), 0.0022825 secs] [Times: user=0.01 sys=0.00, real=0.00 secs] 
2595.364: [GC (Allocation Failure) [PSYoungGen: 68416K->1408K(68096K)] 442128K->375120K(580608K), 0.0021477 secs] [Times: user=0.01 sys=0.00, real=0.00 secs] 
2595.582: [GC (Allocation Failure) [PSYoungGen: 67968K->1469K(67584K)] 441680K->375181K(580096K), 0.0016053 secs] [Times: user=0.01 sys=0.00, real=0.00 secs] 
2595.699: [GC (Allocation Failure) [PSYoungGen: 67517K->1501K(67072K)] 441229K->375213K(579584K), 0.0017961 secs] [Times: user=0.01 sys=0.00, real=0.00 secs] 
2595.815: [GC (Allocation Failure) [PSYoungGen: 67037K->1501K(72704K)] 440749K->375213K(585216K), 0.0016871 secs] [Times: user=0.01 sys=0.00, real=0.00 secs] 
2595.940: [GC (Allocation Failure) [PSYoungGen: 72669K->1533K(77312K)] 446381K->375253K(589824K), 0.0017480 secs] [Times: user=0.00 sys=0.00, real=0.00 secs] 
2596.725: [GC (Allocation Failure) [PSYoungGen: 76797K->1408K(76288K)] 450517K->375128K(588800K), 0.0020994 secs] [Times: user=0.01 sys=0.00, real=0.00 secs] 
2597.532: [GC (Allocation Failure) [PSYoungGen: 76160K->1376K(75776K)] 449880K->375096K(588288K), 0.0023855 secs] [Times: user=0.01 sys=0.00, real=0.01 secs] 
2598.146: [GC (Allocation Failure) [PSYoungGen: 75616K->1376K(75264K)] 449336K->375096K(587776K), 0.0023280 secs] [Times: user=0.00 sys=0.00, real=0.00 secs] 
2598.983: [GC (Allocation Failure) [PSYoungGen: 74946K->288K(73728K)] 448666K->374008K(586240K), 0.0027338 secs] [Times: user=0.02 sys=0.00, real=0.01 secs] 
2599.214: [GC (Allocation Failure) [PSYoungGen: 73504K->1501K(74240K)] 447224K->375221K(586752K), 0.0023859 secs] [Times: user=0.01 sys=0.00, real=0.00 secs] 
2599.354: [GC (Allocation Failure) [PSYoungGen: 74205K->1536K(74240K)] 447925K->375256K(586752K), 0.0018221 secs] [Times: user=0.01 sys=0.00, real=0.01 secs] 
2599.500: [GC (Allocation Failure) [PSYoungGen: 73728K->509K(72192K)] 447448K->375253K(584704K), 0.0021457 secs] [Times: user=0.01 sys=0.00, real=0.00 secs] 
2600.072: [GC (Allocation Failure) [PSYoungGen: 72189K->1424K(73216K)] 446933K->376192K(585728K), 0.0046136 secs] [Times: user=0.02 sys=0.00, real=0.01 secs] 
2601.294: [GC (Allocation Failure) [PSYoungGen: 72592K->1376K(72192K)] 447360K->376144K(584704K), 0.0043692 secs] [Times: user=0.02 sys=0.00, real=0.01 secs] 
2602.107: [GC (Allocation Failure) [PSYoungGen: 72032K->1344K(71680K)] 446800K->376112K(584192K), 0.0035698 secs] [Times: user=0.01 sys=0.00, real=0.00 secs] 
2602.847: [GC (Allocation Failure) [PSYoungGen: 71488K->1376K(71168K)] 446256K->376144K(583680K), 0.0029566 secs] [Times: user=0.01 sys=0.00, real=0.00 secs] 
2603.396: [GC (Allocation Failure) [PSYoungGen: 71008K->1533K(70656K)] 445776K->376301K(583168K), 0.0026672 secs] [Times: user=0.01 sys=0.00, real=0.00 secs] 
2603.550: [GC (Allocation Failure) [PSYoungGen: 70653K->1501K(70144K)] 445421K->376269K(582656K), 0.0017511 secs] [Times: user=0.01 sys=0.00, real=0.00 secs] 
2603.670: [GC (Allocation Failure) [PSYoungGen: 70100K->1472K(69632K)] 444869K->376240K(582144K), 0.0017920 secs] [Times: user=0.01 sys=0.00, real=0.00 secs] 
2603.791: [GC (Allocation Failure) [PSYoungGen: 69568K->1469K(71168K)] 444336K->376237K(583680K), 0.0018220 secs] [Times: user=0.01 sys=0.00, real=0.00 secs] 
2604.570: [GC (Allocation Failure) [PSYoungGen: 71101K->1376K(70656K)] 445869K->376144K(583168K), 0.0021997 secs] [Times: user=0.01 sys=0.00, real=0.00 secs] 
2605.291: [GC (Allocation Failure) [PSYoungGen: 70496K->1344K(70144K)] 445264K->376112K(582656K), 0.0025105 secs] [Times: user=0.01 sys=0.00, real=0.00 secs] 
2605.915: [GC (Allocation Failure) [PSYoungGen: 69952K->1376K(69632K)] 444720K->376144K(582144K), 0.0024517 secs] [Times: user=0.01 sys=0.01, real=0.00 secs] 
2606.555: [GC (Allocation Failure) [PSYoungGen: 69472K->1344K(69120K)] 444240K->376112K(581632K), 0.0024249 secs] [Times: user=0.01 sys=0.00, real=0.00 secs] 
2606.910: [GC (Allocation Failure) [PSYoungGen: 68928K->1501K(68608K)] 443696K->376269K(581120K), 0.0021638 secs] [Times: user=0.01 sys=0.00, real=0.00 secs] 
2607.036: [GC (Allocation Failure) [PSYoungGen: 68573K->1437K(68096K)] 443341K->376205K(580608K), 0.0018298 secs] [Times: user=0.01 sys=0.00, real=0.00 secs] 
2607.153: [GC (Allocation Failure) [PSYoungGen: 67997K->1501K(67584K)] 442765K->376269K(580096K), 0.0018949 secs] [Times: user=0.01 sys=0.00, real=0.01 secs] 
2607.272: [GC (Allocation Failure) [PSYoungGen: 67549K->1469K(68096K)] 442317K->376245K(580608K), 0.0017085 secs] [Times: user=0.01 sys=0.00, real=0.00 secs] 
2607.853: [GC (Allocation Failure) [PSYoungGen: 67517K->1440K(67072K)] 442293K->376216K(579584K), 0.0024371 secs] [Times: user=0.01 sys=0.00, real=0.01 secs] 
2608.451: [GC (Allocation Failure) [PSYoungGen: 66976K->1376K(66560K)] 441752K->376152K(579072K), 0.0025128 secs] [Times: user=0.01 sys=0.00, real=0.00 secs] 
2608.985: [GC (Allocation Failure) [PSYoungGen: 66400K->1408K(66048K)] 441176K->376184K(578560K), 0.0024791 secs] [Times: user=0.01 sys=0.00, real=0.00 secs] 
2609.535: [GC (Allocation Failure) [PSYoungGen: 65920K->1408K(65536K)] 440696K->376184K(578048K), 0.0024581 secs] [Times: user=0.01 sys=0.00, real=0.00 secs] 
2609.926: [GC (Allocation Failure) [PSYoungGen: 65408K->1469K(65024K)] 440184K->376245K(577536K), 0.0020988 secs] [Times: user=0.00 sys=0.00, real=0.00 secs] 
2610.045: [GC (Allocation Failure) [PSYoungGen: 64957K->1504K(64512K)] 439733K->376280K(577024K), 0.0017632 secs] [Times: user=0.01 sys=0.00, real=0.00 secs] 
2610.155: [GC (Allocation Failure) [PSYoungGen: 64480K->1501K(65024K)] 439256K->376277K(577536K), 0.0017822 secs] [Times: user=0.01 sys=0.00, real=0.00 secs] 
2610.266: [GC (Allocation Failure) [PSYoungGen: 64477K->1501K(70144K)] 439253K->376301K(582656K), 0.0033446 secs] [Times: user=0.01 sys=0.01, real=0.00 secs] 
2610.486: [GC (Allocation Failure) [PSYoungGen: 69597K->1440K(70144K)] 444397K->376240K(582656K), 0.0022198 secs] [Times: user=0.01 sys=0.00, real=0.00 secs] 
2610.804: [GC (Allocation Failure) [PSYoungGen: 69536K->1360K(75776K)] 444336K->376160K(588288K), 0.0022601 secs] [Times: user=0.01 sys=0.01, real=0.00 secs] 
2611.137: [GC (Allocation Failure) [PSYoungGen: 75600K->1392K(76288K)] 450400K->376192K(588800K), 0.0021452 secs] [Times: user=0.01 sys=0.00, real=0.00 secs] 
2611.562: [GC (Allocation Failure) [PSYoungGen: 75632K->1392K(75264K)] 450432K->376192K(587776K), 0.0023557 secs] [Times: user=0.01 sys=0.00, real=0.01 secs] 
2611.966: [GC (Allocation Failure) [PSYoungGen: 75120K->1469K(74752K)] 449920K->376269K(587264K), 0.0022252 secs] [Times: user=0.00 sys=0.01, real=0.00 secs] 
2612.095: [GC (Allocation Failure) [PSYoungGen: 74685K->1533K(74240K)] 449485K->376333K(586752K), 0.0017631 secs] [Times: user=0.01 sys=0.00, real=0.00 secs] 
2612.225: [GC (Allocation Failure) [PSYoungGen: 74237K->1533K(80896K)] 449037K->376333K(593408K), 0.0018184 secs] [Times: user=0.01 sys=0.00, real=0.00 secs] 
2612.364: [GC (Allocation Failure) [PSYoungGen: 80381K->128K(80896K)] 455181K->374944K(593408K), 0.0025290 secs] [Times: user=0.01 sys=0.00, real=0.00 secs] 
2613.184: [GC (Allocation Failure) [PSYoungGen: 78976K->1408K(80896K)] 453792K->376224K(593408K), 0.0020557 secs] [Times: user=0.01 sys=0.00, real=0.01 secs] 
2613.916: [GC (Allocation Failure) [PSYoungGen: 80256K->1424K(79872K)] 455072K->376240K(592384K), 0.0037337 secs] [Times: user=0.01 sys=0.01, real=0.00 secs] 
2614.647: [GC (Allocation Failure) [PSYoungGen: 79760K->1424K(79360K)] 454576K->376240K(591872K), 0.0051409 secs] [Times: user=0.01 sys=0.01, real=0.00 secs] 
2615.141: [GC (Allocation Failure) [PSYoungGen: 79248K->1485K(78848K)] 454064K->376301K(591360K), 0.0022818 secs] [Times: user=0.01 sys=0.00, real=0.00 secs] 
2615.292: [GC (Allocation Failure) [PSYoungGen: 78797K->1501K(78336K)] 453613K->376317K(590848K), 0.0017684 secs] [Times: user=0.00 sys=0.00, real=0.00 secs] 
2615.426: [GC (Allocation Failure) [PSYoungGen: 78301K->1501K(77824K)] 453117K->376317K(590336K), 0.0018148 secs] [Times: user=0.01 sys=0.00, real=0.00 secs] 
2615.657: [GC (Allocation Failure) [PSYoungGen: 77789K->1728K(77824K)] 452605K->376544K(590336K), 0.0022319 secs] [Times: user=0.01 sys=0.00, real=0.00 secs] 
2616.703: [GC (Allocation Failure) [PSYoungGen: 77504K->384K(75776K)] 452320K->376224K(588288K), 0.0035035 secs] [Times: user=0.02 sys=0.00, real=0.01 secs] 
2617.836: [GC (Allocation Failure) [PSYoungGen: 75648K->320K(75264K)] 451488K->376160K(587776K), 0.0040564 secs] [Times: user=0.02 sys=0.00, real=0.00 secs] 
2618.859: [GC (Allocation Failure) [PSYoungGen: 75072K->320K(74752K)] 450912K->376160K(587264K), 0.0039622 secs] [Times: user=0.01 sys=0.00, real=0.00 secs] 
2619.791: [GC (Allocation Failure) [PSYoungGen: 74560K->1501K(76288K)] 450400K->377341K(588800K), 0.0027040 secs] [Times: user=0.01 sys=0.00, real=0.00 secs] 
2620.016: [GC (Allocation Failure) [PSYoungGen: 75229K->1469K(74752K)] 451069K->377309K(587264K), 0.0023895 secs] [Times: user=0.01 sys=0.00, real=0.00 secs] 
2620.161: [GC (Allocation Failure) [PSYoungGen: 74685K->1565K(74752K)] 450525K->377405K(587264K), 0.0019414 secs] [Times: user=0.01 sys=0.00, real=0.00 secs] 
2620.290: [GC (Allocation Failure) [PSYoungGen: 74269K->1517K(78336K)] 450109K->377357K(590848K), 0.0033068 secs] [Times: user=0.02 sys=0.00, real=0.00 secs] 
2621.479: [GC (Allocation Failure) [PSYoungGen: 77805K->1392K(78848K)] 453645K->377232K(591360K), 0.0037822 secs] [Times: user=0.02 sys=0.00, real=0.00 secs] 
2622.181: [GC (Allocation Failure) [PSYoungGen: 77680K->1376K(77312K)] 453520K->377216K(589824K), 0.0031384 secs] [Times: user=0.01 sys=0.00, real=0.00 secs] 
2622.892: [GC (Allocation Failure) [PSYoungGen: 77152K->1376K(76800K)] 452992K->377216K(589312K), 0.0029903 secs] [Times: user=0.01 sys=0.00, real=0.01 secs] 
2623.453: [GC (Allocation Failure) [PSYoungGen: 76627K->1421K(76288K)] 452468K->377277K(588800K), 0.0024973 secs] [Times: user=0.01 sys=0.00, real=0.01 secs] 
2623.616: [GC (Allocation Failure) [PSYoungGen: 76160K->1533K(75776K)] 452016K->377389K(588288K), 0.0018608 secs] [Times: user=0.01 sys=0.00, real=0.00 secs] 
2623.747: [GC (Allocation Failure) [PSYoungGen: 75773K->1536K(75776K)] 451629K->377392K(588288K), 0.0017851 secs] [Times: user=0.01 sys=0.00, real=0.00 secs] 
2623.876: [GC (Allocation Failure) [PSYoungGen: 75264K->1501K(80384K)] 451120K->377357K(592896K), 0.0017239 secs] [Times: user=0.01 sys=0.00, real=0.00 secs] 
2624.269: [GC (Allocation Failure) [PSYoungGen: 79325K->1440K(78848K)] 455181K->377296K(591360K), 0.0020984 secs] [Times: user=0.01 sys=0.00, real=0.00 secs] 
2624.843: [GC (Allocation Failure) [PSYoungGen: 78752K->1392K(78336K)] 454608K->377248K(590848K), 0.0037600 secs] [Times: user=0.01 sys=0.01, real=0.01 secs] 
2625.522: [GC (Allocation Failure) [PSYoungGen: 78192K->1376K(77824K)] 454048K->377232K(590336K), 0.0025655 secs] [Times: user=0.01 sys=0.00, real=0.01 secs] 
2626.333: [GC (Allocation Failure) [PSYoungGen: 77664K->1376K(77312K)] 453520K->377232K(589824K), 0.0027509 secs] [Times: user=0.01 sys=0.00, real=0.01 secs] 
2626.609: [GC (Allocation Failure) [PSYoungGen: 77152K->1533K(76800K)] 453008K->377421K(589312K), 0.0023618 secs] [Times: user=0.01 sys=0.00, real=0.00 secs] 
2626.754: [GC (Allocation Failure) [PSYoungGen: 76797K->1469K(76288K)] 452685K->377357K(588800K), 0.0018329 secs] [Times: user=0.00 sys=0.00, real=0.01 secs] 
2626.905: [GC (Allocation Failure) [PSYoungGen: 76221K->1533K(75776K)] 452109K->377421K(588288K), 0.0019618 secs] [Times: user=0.01 sys=0.00, real=0.00 secs] 
2627.686: [GC (Allocation Failure) [PSYoungGen: 75773K->1440K(75264K)] 451661K->377328K(587776K), 0.0051258 secs] [Times: user=0.02 sys=0.00, real=0.00 secs] 
2628.325: [GC (Allocation Failure) [PSYoungGen: 75168K->1376K(74752K)] 451056K->377264K(587264K), 0.0026881 secs] [Times: user=0.01 sys=0.00, real=0.00 secs] 
2629.087: [GC (Allocation Failure) [PSYoungGen: 74592K->1376K(74240K)] 450480K->377264K(586752K), 0.0036202 secs] [Times: user=0.02 sys=0.00, real=0.00 secs] 
2629.847: [GC (Allocation Failure) [PSYoungGen: 74080K->1376K(73728K)] 449968K->377264K(586240K), 0.0045970 secs] [Times: user=0.02 sys=0.00, real=0.00 secs] 
2630.500: [GC (Allocation Failure) [PSYoungGen: 73568K->1533K(73216K)] 449456K->377421K(585728K), 0.0025346 secs] [Times: user=0.01 sys=0.00, real=0.00 secs] 
2630.648: [GC (Allocation Failure) [PSYoungGen: 73213K->1504K(72704K)] 449101K->377392K(585216K), 0.0017512 secs] [Times: user=0.01 sys=0.00, real=0.00 secs] 
2630.791: [GC (Allocation Failure) [PSYoungGen: 72672K->1549K(72704K)] 448560K->377437K(585216K), 0.0022357 secs] [Times: user=0.00 sys=0.00, real=0.00 secs] 
2631.081: [GC (Allocation Failure) [PSYoungGen: 72205K->976K(71168K)] 448093K->377888K(583680K), 0.0021332 secs] [Times: user=0.01 sys=0.00, real=0.00 secs] 
2631.911: [GC (Allocation Failure) [PSYoungGen: 71120K->320K(70144K)] 448032K->377232K(582656K), 0.0043590 secs] [Times: user=0.01 sys=0.00, real=0.01 secs] 
2632.735: [GC (Allocation Failure) [PSYoungGen: 69952K->320K(69632K)] 446864K->377248K(582144K), 0.0044092 secs] [Times: user=0.02 sys=0.00, real=0.00 secs] 
2633.585: [GC (Allocation Failure) [PSYoungGen: 69440K->320K(69120K)] 446368K->377248K(581632K), 0.0045191 secs] [Times: user=0.02 sys=0.00, real=0.00 secs] 
2634.484: [GC (Allocation Failure) [PSYoungGen: 68928K->1469K(69632K)] 445856K->378397K(582144K), 0.0046244 secs] [Times: user=0.02 sys=0.00, real=0.00 secs] 
2634.701: [GC (Allocation Failure) [PSYoungGen: 69565K->1533K(69120K)] 446493K->378461K(581632K), 0.0021110 secs] [Times: user=0.00 sys=0.00, real=0.00 secs] 
2634.824: [GC (Allocation Failure) [PSYoungGen: 69117K->1533K(69120K)] 446045K->378461K(581632K), 0.0017299 secs] [Times: user=0.01 sys=0.00, real=0.00 secs] 
2634.942: [GC (Allocation Failure) [PSYoungGen: 68605K->1501K(69632K)] 445533K->378429K(582144K), 0.0017509 secs] [Times: user=0.01 sys=0.00, real=0.01 secs] 
2635.281: [GC (Allocation Failure) [PSYoungGen: 68573K->1440K(68096K)] 445501K->378368K(580608K), 0.0022216 secs] [Times: user=0.01 sys=0.01, real=0.00 secs] 
2635.584: [GC (Allocation Failure) [PSYoungGen: 68000K->1440K(67584K)] 444928K->378368K(580096K), 0.0024346 secs] [Times: user=0.01 sys=0.00, real=0.01 secs] 
2636.050: [GC (Allocation Failure) [PSYoungGen: 67488K->1408K(67072K)] 444416K->378336K(579584K), 0.0044482 secs] [Times: user=0.01 sys=0.00, real=0.01 secs] 
2636.726: [GC (Allocation Failure) [PSYoungGen: 66944K->1408K(66560K)] 443872K->378336K(579072K), 0.0031202 secs] [Times: user=0.01 sys=0.00, real=0.00 secs] 
2637.370: [GC (Allocation Failure) [PSYoungGen: 66432K->1344K(66048K)] 443360K->378272K(578560K), 0.0038201 secs] [Times: user=0.01 sys=0.00, real=0.01 secs] 
2637.608: [GC (Allocation Failure) [PSYoungGen: 65856K->1469K(65536K)] 442784K->378397K(578048K), 0.0022903 secs] [Times: user=0.00 sys=0.01, real=0.00 secs] 
2637.729: [GC (Allocation Failure) [PSYoungGen: 65469K->1469K(65024K)] 442397K->378397K(577536K), 0.0017006 secs] [Times: user=0.01 sys=0.00, real=0.00 secs] 
2637.840: [GC (Allocation Failure) [PSYoungGen: 64957K->1517K(69632K)] 441885K->378453K(582144K), 0.0017014 secs] [Times: user=0.01 sys=0.00, real=0.00 secs] 
2637.959: [GC (Allocation Failure) [PSYoungGen: 69101K->1453K(71168K)] 446037K->378389K(583680K), 0.0016320 secs] [Times: user=0.00 sys=0.00, real=0.00 secs] 
2638.295: [GC (Allocation Failure) [PSYoungGen: 70573K->1392K(71168K)] 447509K->378328K(583680K), 0.0019664 secs] [Times: user=0.01 sys=0.00, real=0.00 secs] 
2638.669: [GC (Allocation Failure) [PSYoungGen: 70512K->1408K(70144K)] 447448K->378344K(582656K), 0.0020801 secs] [Times: user=0.01 sys=0.00, real=0.00 secs] 
2639.230: [GC (Allocation Failure) [PSYoungGen: 70016K->1360K(69632K)] 446952K->378328K(582144K), 0.0036787 secs] [Times: user=0.01 sys=0.00, real=0.00 secs] 
2639.757: [GC (Allocation Failure) [PSYoungGen: 69456K->1408K(69120K)] 446424K->378376K(581632K), 0.0027768 secs] [Times: user=0.02 sys=0.00, real=0.00 secs] 
2640.100: [GC (Allocation Failure) [PSYoungGen: 68992K->1469K(68608K)] 445960K->378437K(581120K), 0.0026687 secs] [Times: user=0.01 sys=0.01, real=0.00 secs] 
2640.290: [GC (Allocation Failure) [PSYoungGen: 68541K->1501K(68096K)] 445509K->378469K(580608K), 0.0024421 secs] [Times: user=0.01 sys=0.00, real=0.00 secs] 
2640.481: [GC (Allocation Failure) [PSYoungGen: 68061K->1437K(67584K)] 445029K->378413K(580096K), 0.0023784 secs] [Times: user=0.01 sys=0.00, real=0.00 secs] 
2640.636: [GC (Allocation Failure) [PSYoungGen: 67485K->1456K(67072K)] 444461K->378432K(579584K), 0.0016309 secs] [Times: user=0.01 sys=0.00, real=0.00 secs] 
2641.896: [GC (Allocation Failure) [PSYoungGen: 66992K->1376K(66560K)] 443968K->378352K(579072K), 0.0035297 secs] [Times: user=0.02 sys=0.00, real=0.00 secs] 
2642.570: [GC (Allocation Failure) [PSYoungGen: 66400K->1392K(66048K)] 443376K->378368K(578560K), 0.0034088 secs] [Times: user=0.02 sys=0.00, real=0.00 secs] 
2643.331: [GC (Allocation Failure) [PSYoungGen: 65904K->1344K(65536K)] 442880K->378320K(578048K), 0.0047182 secs] [Times: user=0.02 sys=0.01, real=0.01 secs] 
2643.950: [GC (Allocation Failure) [PSYoungGen: 65344K->1392K(65024K)] 442320K->378368K(577536K), 0.0046714 secs] [Times: user=0.02 sys=0.00, real=0.01 secs] 
2644.317: [GC (Allocation Failure) [PSYoungGen: 64852K->1501K(64512K)] 441828K->378477K(577024K), 0.0025820 secs] [Times: user=0.01 sys=0.00, real=0.00 secs] 
2644.468: [GC (Allocation Failure) [PSYoungGen: 64477K->1517K(64000K)] 441453K->378493K(576512K), 0.0017097 secs] [Times: user=0.00 sys=0.00, real=0.00 secs] 
2644.579: [GC (Allocation Failure) [PSYoungGen: 63964K->1469K(63488K)] 440940K->378445K(576000K), 0.0017819 secs] [Times: user=0.01 sys=0.00, real=0.00 secs] 
2644.689: [GC (Allocation Failure) [PSYoungGen: 63421K->1501K(69120K)] 440397K->378485K(581632K), 0.0017206 secs] [Times: user=0.01 sys=0.00, real=0.00 secs] 
2644.971: [GC (Allocation Failure) [PSYoungGen: 69085K->1472K(69632K)] 446069K->378456K(582144K), 0.0021733 secs] [Times: user=0.01 sys=0.00, real=0.00 secs] 
2645.301: [GC (Allocation Failure) [PSYoungGen: 69056K->1424K(68608K)] 446040K->378408K(581120K), 0.0022475 secs] [Times: user=0.01 sys=0.00, real=0.00 secs] 
2645.580: [GC (Allocation Failure) [PSYoungGen: 68496K->1376K(68096K)] 445480K->378360K(580608K), 0.0024003 secs] [Times: user=0.01 sys=0.01, real=0.00 secs] 
2645.899: [GC (Allocation Failure) [PSYoungGen: 67936K->1408K(67584K)] 444920K->378392K(580096K), 0.0020401 secs] [Times: user=0.01 sys=0.00, real=0.00 secs] 
2646.184: [GC (Allocation Failure) [PSYoungGen: 67456K->1437K(67072K)] 444440K->378421K(579584K), 0.0025366 secs] [Times: user=0.01 sys=0.00, real=0.01 secs] 
2646.328: [GC (Allocation Failure) [PSYoungGen: 66973K->1485K(66560K)] 443957K->378469K(579072K), 0.0016590 secs] [Times: user=0.01 sys=0.00, real=0.00 secs] 
2646.442: [GC (Allocation Failure) [PSYoungGen: 66509K->1501K(72704K)] 443493K->378493K(585216K), 0.0015487 secs] [Times: user=0.01 sys=0.00, real=0.00 secs] 
2646.565: [GC (Allocation Failure) [PSYoungGen: 72157K->1469K(72704K)] 449149K->378461K(585216K), 0.0018222 secs] [Times: user=0.00 sys=0.00, real=0.00 secs] 
2646.832: [GC (Allocation Failure) [PSYoungGen: 72125K->1440K(72704K)] 449117K->378432K(585216K), 0.0024650 secs] [Times: user=0.01 sys=0.00, real=0.01 secs] 
2647.176: [GC (Allocation Failure) [PSYoungGen: 72096K->1408K(71680K)] 449088K->378400K(584192K), 0.0024990 secs] [Times: user=0.01 sys=0.00, real=0.00 secs] 
2647.586: [GC (Allocation Failure) [PSYoungGen: 71552K->1392K(71168K)] 448544K->378384K(583680K), 0.0029925 secs] [Times: user=0.01 sys=0.01, real=0.00 secs] 
2647.877: [GC (Allocation Failure) [PSYoungGen: 71024K->1408K(70656K)] 448016K->378400K(583168K), 0.0021048 secs] [Times: user=0.01 sys=0.00, real=0.00 secs] 
2648.213: [GC (Allocation Failure) [PSYoungGen: 70528K->1421K(70144K)] 447520K->378437K(582656K), 0.0021306 secs] [Times: user=0.01 sys=0.00, real=0.01 secs] 
2648.339: [GC (Allocation Failure) [PSYoungGen: 70029K->1501K(69632K)] 447045K->378517K(582144K), 0.0017165 secs] [Times: user=0.00 sys=0.00, real=0.00 secs] 
2648.457: [GC (Allocation Failure) [PSYoungGen: 69597K->1533K(75264K)] 446613K->378549K(587776K), 0.0016630 secs] [Times: user=0.01 sys=0.00, real=0.00 secs] 
2648.586: [GC (Allocation Failure) [PSYoungGen: 75261K->1517K(75776K)] 452277K->378541K(588288K), 0.0018125 secs] [Times: user=0.01 sys=0.00, real=0.00 secs] 
2649.260: [GC (Allocation Failure) [PSYoungGen: 75245K->1376K(75776K)] 452269K->378400K(588288K), 0.0067475 secs] [Times: user=0.03 sys=0.00, real=0.01 secs] 
2649.875: [GC (Allocation Failure) [PSYoungGen: 75104K->1408K(74752K)] 452128K->378432K(587264K), 0.0024208 secs] [Times: user=0.01 sys=0.00, real=0.00 secs] 
2650.180: [GC (Allocation Failure) [PSYoungGen: 74624K->1360K(74240K)] 451648K->378384K(586752K), 0.0024287 secs] [Times: user=0.01 sys=0.00, real=0.00 secs] 
2650.537: [GC (Allocation Failure) [PSYoungGen: 74064K->1469K(73728K)] 451088K->378493K(586240K), 0.0021020 secs] [Times: user=0.01 sys=0.00, real=0.00 secs] 
2650.682: [GC (Allocation Failure) [PSYoungGen: 73661K->1533K(73216K)] 450685K->378557K(585728K), 0.0018301 secs] [Times: user=0.00 sys=0.00, real=0.00 secs] 
2650.807: [GC (Allocation Failure) [PSYoungGen: 73213K->1501K(79360K)] 450237K->378525K(591872K), 0.0017543 secs] [Times: user=0.00 sys=0.00, real=0.00 secs] 
2650.945: [GC (Allocation Failure) [PSYoungGen: 79325K->1501K(79872K)] 456349K->378525K(592384K), 0.0016648 secs] [Times: user=0.01 sys=0.00, real=0.00 secs] 
2651.224: [GC (Allocation Failure) [PSYoungGen: 79325K->1408K(85504K)] 456349K->378432K(598016K), 0.0023504 secs] [Times: user=0.01 sys=0.01, real=0.01 secs] 
2651.650: [GC (Allocation Failure) [PSYoungGen: 85376K->1440K(84992K)] 462400K->378472K(597504K), 0.0021723 secs] [Times: user=0.00 sys=0.00, real=0.00 secs] 
2652.231: [GC (Allocation Failure) [PSYoungGen: 84896K->1376K(84480K)] 461928K->378408K(596992K), 0.0026492 secs] [Times: user=0.01 sys=0.01, real=0.00 secs] 
2653.130: [GC (Allocation Failure) [PSYoungGen: 84320K->1469K(83968K)] 461352K->378501K(596480K), 0.0025023 secs] [Times: user=0.01 sys=0.00, real=0.00 secs] 
2653.308: [GC (Allocation Failure) [PSYoungGen: 83901K->1504K(83456K)] 460933K->378536K(595968K), 0.0017893 secs] [Times: user=0.01 sys=0.00, real=0.00 secs] 
2653.476: [GC (Allocation Failure) [PSYoungGen: 83424K->1533K(82944K)] 460456K->378565K(595456K), 0.0020715 secs] [Times: user=0.01 sys=0.00, real=0.00 secs] 
2653.657: [GC (Allocation Failure) [PSYoungGen: 82941K->224K(82432K)] 459973K->377256K(594944K), 0.0021420 secs] [Times: user=0.01 sys=0.00, real=0.00 secs] 
2654.053: [GC (Allocation Failure) [PSYoungGen: 81120K->1376K(81920K)] 458152K->378408K(594432K), 0.0022447 secs] [Times: user=0.01 sys=0.00, real=0.01 secs] 
2654.720: [GC (Allocation Failure) [PSYoungGen: 81760K->1408K(81408K)] 458792K->378456K(593920K), 0.0023287 secs] [Times: user=0.01 sys=0.00, real=0.00 secs] 
2655.399: [GC (Allocation Failure) [PSYoungGen: 81280K->1344K(80896K)] 458328K->378392K(593408K), 0.0026678 secs] [Times: user=0.01 sys=0.00, real=0.00 secs] 
2655.888: [GC (Allocation Failure) [PSYoungGen: 80704K->1469K(80384K)] 457752K->378525K(592896K), 0.0021521 secs] [Times: user=0.01 sys=0.00, real=0.00 secs] 
2656.033: [GC (Allocation Failure) [PSYoungGen: 80317K->1501K(79872K)] 457373K->378557K(592384K), 0.0017987 secs] [Times: user=0.01 sys=0.00, real=0.01 secs] 
2656.171: [GC (Allocation Failure) [PSYoungGen: 79837K->1533K(79360K)] 456893K->378589K(591872K), 0.0017369 secs] [Times: user=0.00 sys=0.00, real=0.00 secs] 
2656.405: [GC (Allocation Failure) [PSYoungGen: 79357K->1440K(78848K)] 456413K->378496K(591360K), 0.0020946 secs] [Times: user=0.01 sys=0.00, real=0.00 secs] 
2657.148: [GC (Allocation Failure) [PSYoungGen: 78752K->1376K(78336K)] 455808K->378432K(590848K), 0.0029956 secs] [Times: user=0.01 sys=0.00, real=0.00 secs] 
2658.018: [GC (Allocation Failure) [PSYoungGen: 78176K->1344K(77824K)] 455232K->378400K(590336K), 0.0049092 secs] [Times: user=0.02 sys=0.00, real=0.00 secs] 
2658.903: [GC (Allocation Failure) [PSYoungGen: 77632K->1376K(77312K)] 454688K->378432K(589824K), 0.0045246 secs] [Times: user=0.02 sys=0.00, real=0.01 secs] 
2659.674: [GC (Allocation Failure) [PSYoungGen: 77152K->1533K(76800K)] 454208K->378589K(589312K), 0.0023766 secs] [Times: user=0.01 sys=0.00, real=0.01 secs] 
2659.871: [GC (Allocation Failure) [PSYoungGen: 76797K->1501K(76288K)] 453853K->378557K(588800K), 0.0023803 secs] [Times: user=0.01 sys=0.00, real=0.00 secs] 
2660.029: [GC (Allocation Failure) [PSYoungGen: 76253K->1533K(75776K)] 453309K->378589K(588288K), 0.0017730 secs] [Times: user=0.00 sys=0.00, real=0.00 secs] 
2660.239: [GC (Allocation Failure) [PSYoungGen: 75773K->2000K(75776K)] 452829K->379056K(588288K), 0.0021955 secs] [Times: user=0.00 sys=0.00, real=0.00 secs] 
2660.636: [GC (Allocation Failure) [PSYoungGen: 75728K->1376K(74752K)] 452784K->378432K(587264K), 0.0023528 secs] [Times: user=0.00 sys=0.00, real=0.00 secs] 
2660.997: [GC (Allocation Failure) [PSYoungGen: 74592K->1376K(74240K)] 451648K->378432K(586752K), 0.0021299 secs] [Times: user=0.01 sys=0.00, real=0.00 secs] 
2661.329: [GC (Allocation Failure) [PSYoungGen: 74080K->1408K(73728K)] 451136K->378488K(586240K), 0.0022624 secs] [Times: user=0.01 sys=0.01, real=0.00 secs] 
2661.613: [GC (Allocation Failure) [PSYoungGen: 73600K->1472K(73216K)] 450680K->378552K(585728K), 0.0018830 secs] [Times: user=0.00 sys=0.00, real=0.01 secs] 
2661.741: [GC (Allocation Failure) [PSYoungGen: 73152K->1501K(72704K)] 450232K->378581K(585216K), 0.0018043 secs] [Times: user=0.01 sys=0.00, real=0.00 secs] 
2661.867: [GC (Allocation Failure) [PSYoungGen: 72669K->1533K(72192K)] 449749K->378613K(584704K), 0.0017010 secs] [Times: user=0.01 sys=0.00, real=0.00 secs] 
2662.013: [GC (Allocation Failure) [PSYoungGen: 72189K->1485K(73216K)] 449269K->378565K(585728K), 0.0022758 secs] [Times: user=0.01 sys=0.00, real=0.01 secs] 
2662.373: [GC (Allocation Failure) [PSYoungGen: 72653K->1440K(72192K)] 449733K->378528K(584704K), 0.0020965 secs] [Times: user=0.01 sys=0.00, real=0.01 secs] 
2662.667: [GC (Allocation Failure) [PSYoungGen: 72096K->1344K(71680K)] 449184K->378432K(584192K), 0.0023033 secs] [Times: user=0.01 sys=0.00, real=0.00 secs] 
2663.050: [GC (Allocation Failure) [PSYoungGen: 71488K->1408K(71168K)] 448576K->378496K(583680K), 0.0019803 secs] [Times: user=0.01 sys=0.00, real=0.00 secs] 
2663.504: [GC (Allocation Failure) [PSYoungGen: 71040K->1440K(70656K)] 448128K->378528K(583168K), 0.0023464 secs] [Times: user=0.01 sys=0.00, real=0.01 secs] 
2663.808: [GC (Allocation Failure) [PSYoungGen: 70560K->1437K(70144K)] 447648K->378525K(582656K), 0.0017211 secs] [Times: user=0.01 sys=0.00, real=0.00 secs] 
2663.929: [GC (Allocation Failure) [PSYoungGen: 70045K->1501K(69632K)] 447133K->378589K(582144K), 0.0018544 secs] [Times: user=0.01 sys=0.00, real=0.00 secs] 
2664.048: [GC (Allocation Failure) [PSYoungGen: 69597K->1469K(75264K)] 446685K->378557K(587776K), 0.0017178 secs] [Times: user=0.01 sys=0.00, real=0.00 secs] 
2664.176: [GC (Allocation Failure) [PSYoungGen: 75197K->1469K(75776K)] 452285K->378565K(588288K), 0.0018151 secs] [Times: user=0.00 sys=0.00, real=0.00 secs] 
2664.808: [GC (Allocation Failure) [PSYoungGen: 75197K->1472K(74752K)] 452293K->378568K(587264K), 0.0035485 secs] [Times: user=0.02 sys=0.01, real=0.00 secs] 
2665.126: [GC (Allocation Failure) [PSYoungGen: 74688K->1424K(81408K)] 451784K->378520K(593920K), 0.0060890 secs] [Times: user=0.02 sys=0.01, real=0.00 secs] 
2665.461: [GC (Allocation Failure) [PSYoungGen: 80784K->1344K(81920K)] 457880K->378440K(594432K), 0.0024703 secs] [Times: user=0.01 sys=0.00, real=0.00 secs] 
2665.785: [GC (Allocation Failure) [PSYoungGen: 81216K->1437K(80896K)] 458312K->378533K(593408K), 0.0020358 secs] [Times: user=0.01 sys=0.00, real=0.00 secs] 
2665.929: [GC (Allocation Failure) [PSYoungGen: 80797K->1501K(81408K)] 457893K->378597K(593920K), 0.0017536 secs] [Times: user=0.01 sys=0.00, real=0.00 secs] 
2666.068: [GC (Allocation Failure) [PSYoungGen: 80861K->1517K(81408K)] 457957K->378613K(593920K), 0.0016830 secs] [Times: user=0.01 sys=0.00, real=0.00 secs] 
2666.209: [GC (Allocation Failure) [PSYoungGen: 80877K->1440K(88064K)] 457973K->378536K(600576K), 0.0015500 secs] [Times: user=0.01 sys=0.00, real=0.00 secs] 
2666.602: [GC (Allocation Failure) [PSYoungGen: 87456K->1392K(87040K)] 464552K->378488K(599552K), 0.0018732 secs] [Times: user=0.01 sys=0.00, real=0.00 secs] 
2666.957: [GC (Allocation Failure) [PSYoungGen: 86896K->1408K(86528K)] 463992K->378504K(599040K), 0.0019326 secs] [Times: user=0.01 sys=0.00, real=0.00 secs] 
2667.311: [GC (Allocation Failure) [PSYoungGen: 86400K->1408K(86016K)] 463496K->378504K(598528K), 0.0025608 secs] [Times: user=0.01 sys=0.00, real=0.00 secs] 
2667.615: [GC (Allocation Failure) [PSYoungGen: 85888K->1504K(85504K)] 462984K->378600K(598016K), 0.0018756 secs] [Times: user=0.01 sys=0.00, real=0.00 secs] 
2667.764: [GC (Allocation Failure) [PSYoungGen: 85472K->1501K(84992K)] 462568K->378597K(597504K), 0.0018869 secs] [Times: user=0.01 sys=0.00, real=0.01 secs] 
2667.910: [GC (Allocation Failure) [PSYoungGen: 84957K->1501K(84480K)] 462053K->378597K(596992K), 0.0018529 secs] [Times: user=0.00 sys=0.00, real=0.00 secs] 
2668.581: [GC (Allocation Failure) [PSYoungGen: 84445K->1408K(83968K)] 461541K->378504K(596480K), 0.0020854 secs] [Times: user=0.00 sys=0.01, real=0.00 secs] 
2669.388: [GC (Allocation Failure) [PSYoungGen: 83840K->1360K(83456K)] 460936K->378456K(595968K), 0.0047128 secs] [Times: user=0.02 sys=0.00, real=0.00 secs] 
2670.112: [GC (Allocation Failure) [PSYoungGen: 83280K->1376K(82944K)] 460376K->378496K(595456K), 0.0028197 secs] [Times: user=0.01 sys=0.00, real=0.01 secs] 
2670.683: [GC (Allocation Failure) [PSYoungGen: 82784K->1469K(82432K)] 459904K->378589K(594944K), 0.0022427 secs] [Times: user=0.01 sys=0.00, real=0.01 secs] 
2670.836: [GC (Allocation Failure) [PSYoungGen: 82365K->1453K(81920K)] 459485K->378573K(594432K), 0.0018810 secs] [Times: user=0.00 sys=0.00, real=0.00 secs] 
2670.977: [GC (Allocation Failure) [PSYoungGen: 81837K->1469K(81408K)] 458957K->378589K(593920K), 0.0018489 secs] [Times: user=0.01 sys=0.00, real=0.00 secs] 
2671.142: [GC (Allocation Failure) [PSYoungGen: 81341K->1472K(80896K)] 458461K->378592K(593408K), 0.0020584 secs] [Times: user=0.01 sys=0.00, real=0.01 secs] 
2672.562: [GC (Allocation Failure) [PSYoungGen: 80832K->1376K(80384K)] 457952K->378496K(592896K), 0.0049632 secs] [Times: user=0.02 sys=0.00, real=0.01 secs] 
2673.502: [GC (Allocation Failure) [PSYoungGen: 80224K->1376K(79872K)] 457344K->378496K(592384K), 0.0043552 secs] [Times: user=0.02 sys=0.00, real=0.01 secs] 
2674.237: [GC (Allocation Failure) [PSYoungGen: 79712K->1408K(79360K)] 456832K->378528K(591872K), 0.0035933 secs] [Times: user=0.02 sys=0.00, real=0.00 secs] 
2674.854: [GC (Allocation Failure) [PSYoungGen: 79226K->1469K(78848K)] 456346K->378589K(591360K), 0.0024983 secs] [Times: user=0.01 sys=0.00, real=0.01 secs] 
2675.014: [GC (Allocation Failure) [PSYoungGen: 78781K->1501K(78336K)] 455901K->378621K(590848K), 0.0017369 secs] [Times: user=0.00 sys=0.00, real=0.00 secs] 
2675.148: [GC (Allocation Failure) [PSYoungGen: 78301K->1504K(77824K)] 455421K->378624K(590336K), 0.0018109 secs] [Times: user=0.01 sys=0.00, real=0.00 secs] 
2675.384: [GC (Allocation Failure) [PSYoungGen: 77792K->1952K(77824K)] 454912K->379072K(590336K), 0.0031612 secs] [Times: user=0.01 sys=0.00, real=0.01 secs] 
2676.390: [GC (Allocation Failure) [PSYoungGen: 77728K->1376K(76800K)] 454848K->378496K(589312K), 0.0043382 secs] [Times: user=0.01 sys=0.00, real=0.01 secs] 
2677.141: [GC (Allocation Failure) [PSYoungGen: 76640K->1440K(76288K)] 453760K->378560K(588800K), 0.0041709 secs] [Times: user=0.02 sys=0.00, real=0.01 secs] 
2677.698: [GC (Allocation Failure) [PSYoungGen: 76192K->1376K(75776K)] 453312K->378496K(588288K), 0.0029109 secs] [Times: user=0.01 sys=0.00, real=0.00 secs] 
2678.147: [GC (Allocation Failure) [PSYoungGen: 75616K->1485K(75264K)] 452736K->378605K(587776K), 0.0022233 secs] [Times: user=0.00 sys=0.00, real=0.00 secs] 
2678.290: [GC (Allocation Failure) [PSYoungGen: 75213K->1453K(74752K)] 452333K->378573K(587264K), 0.0019338 secs] [Times: user=0.01 sys=0.00, real=0.00 secs] 
2678.418: [GC (Allocation Failure) [PSYoungGen: 74669K->1469K(74240K)] 451789K->378589K(586752K), 0.0017542 secs] [Times: user=0.01 sys=0.00, real=0.00 secs] 
2678.547: [GC (Allocation Failure) [PSYoungGen: 74173K->1469K(75264K)] 451293K->378589K(587776K), 0.0018594 secs] [Times: user=0.00 sys=0.00, real=0.00 secs] 
2678.924: [GC (Allocation Failure) [PSYoungGen: 74685K->1424K(74240K)] 451805K->378544K(586752K), 0.0020938 secs] [Times: user=0.00 sys=0.01, real=0.00 secs] 
2679.232: [GC (Allocation Failure) [PSYoungGen: 74128K->1376K(73728K)] 451248K->378496K(586240K), 0.0035628 secs] [Times: user=0.01 sys=0.00, real=0.01 secs] 
2679.533: [GC (Allocation Failure) [PSYoungGen: 73568K->1376K(73216K)] 450688K->378496K(585728K), 0.0023762 secs] [Times: user=0.01 sys=0.00, real=0.01 secs] 
2679.832: [GC (Allocation Failure) [PSYoungGen: 73056K->1424K(72704K)] 450176K->378544K(585216K), 0.0021578 secs] [Times: user=0.00 sys=0.00, real=0.00 secs] 
2680.005: [GC (Allocation Failure) [PSYoungGen: 72592K->1456K(78336K)] 449712K->378600K(590848K), 0.0025342 secs] [Times: user=0.01 sys=0.00, real=0.00 secs] 
2680.144: [GC (Allocation Failure) [PSYoungGen: 78256K->1501K(78848K)] 455400K->378645K(591360K), 0.0017014 secs] [Times: user=0.00 sys=0.00, real=0.01 secs] 
2680.280: [GC (Allocation Failure) [PSYoungGen: 78301K->1533K(85504K)] 455445K->378677K(598016K), 0.0017361 secs] [Times: user=0.00 sys=0.01, real=0.00 secs] 
2680.608: [GC (Allocation Failure) [PSYoungGen: 84989K->1440K(84480K)] 462133K->378584K(596992K), 0.0019526 secs] [Times: user=0.01 sys=0.01, real=0.00 secs] 
2681.260: [GC (Allocation Failure) [PSYoungGen: 84384K->1344K(83968K)] 461528K->378488K(596480K), 0.0030011 secs] [Times: user=0.01 sys=0.00, real=0.00 secs] 
2681.933: [GC (Allocation Failure) [PSYoungGen: 83776K->1376K(83456K)] 460920K->378520K(595968K), 0.0029535 secs] [Times: user=0.01 sys=0.00, real=0.01 secs] 
2682.561: [GC (Allocation Failure) [PSYoungGen: 83296K->1501K(82944K)] 460440K->378645K(595456K), 0.0025719 secs] [Times: user=0.01 sys=0.00, real=0.00 secs] 
2682.734: [GC (Allocation Failure) [PSYoungGen: 82909K->1469K(82432K)] 460053K->378613K(594944K), 0.0018139 secs] [Times: user=0.01 sys=0.00, real=0.01 secs] 
2682.877: [GC (Allocation Failure) [PSYoungGen: 82365K->1504K(81920K)] 459509K->378648K(594432K), 0.0017032 secs] [Times: user=0.01 sys=0.00, real=0.00 secs] 
2683.018: [GC (Allocation Failure) [PSYoungGen: 81888K->1472K(81408K)] 459032K->378616K(593920K), 0.0018836 secs] [Times: user=0.00 sys=0.00, real=0.00 secs] 
2684.610: [GC (Allocation Failure) [PSYoungGen: 81344K->1408K(80896K)] 458488K->378552K(593408K), 0.0030128 secs] [Times: user=0.01 sys=0.00, real=0.00 secs] 
2685.634: [GC (Allocation Failure) [PSYoungGen: 80768K->1376K(80384K)] 457912K->378520K(592896K), 0.0030337 secs] [Times: user=0.01 sys=0.00, real=0.00 secs] 
2686.626: [GC (Allocation Failure) [PSYoungGen: 80224K->1376K(79872K)] 457368K->378520K(592384K), 0.0029333 secs] [Times: user=0.02 sys=0.00, real=0.00 secs] 
2687.517: [GC (Allocation Failure) [PSYoungGen: 79712K->1533K(79360K)] 456856K->378677K(591872K), 0.0030123 secs] [Times: user=0.01 sys=0.00, real=0.00 secs] 
2687.763: [GC (Allocation Failure) [PSYoungGen: 79357K->1568K(79360K)] 456501K->378712K(591872K), 0.0023320 secs] [Times: user=0.01 sys=0.00, real=0.01 secs] 
2687.907: [GC (Allocation Failure) [PSYoungGen: 78880K->1533K(78336K)] 456024K->378677K(590848K), 0.0019527 secs] [Times: user=0.01 sys=0.00, real=0.00 secs] 
2688.105: [GC (Allocation Failure) [PSYoungGen: 78333K->1504K(77824K)] 455477K->378704K(590336K), 0.0019356 secs] [Times: user=0.01 sys=0.00, real=0.00 secs] 
2688.428: [GC (Allocation Failure) [PSYoungGen: 77792K->1376K(77312K)] 454992K->378576K(589824K), 0.0022503 secs] [Times: user=0.01 sys=0.00, real=0.00 secs] 
2688.743: [GC (Allocation Failure) [PSYoungGen: 77152K->1312K(76800K)] 454352K->378512K(589312K), 0.0021628 secs] [Times: user=0.01 sys=0.00, real=0.01 secs] 
2689.055: [GC (Allocation Failure) [PSYoungGen: 76576K->1312K(76288K)] 453776K->378512K(588800K), 0.0023242 secs] [Times: user=0.01 sys=0.00, real=0.00 secs] 
2689.393: [GC (Allocation Failure) [PSYoungGen: 76064K->1533K(75776K)] 453264K->378749K(588288K), 0.0019419 secs] [Times: user=0.01 sys=0.00, real=0.01 secs] 
2689.525: [GC (Allocation Failure) [PSYoungGen: 75773K->1565K(75776K)] 452989K->378781K(588288K), 0.0018695 secs] [Times: user=0.01 sys=0.01, real=0.00 secs] 
2689.655: [GC (Allocation Failure) [PSYoungGen: 75293K->541K(74240K)] 452509K->378781K(586752K), 0.0017865 secs] [Times: user=0.01 sys=0.00, real=0.00 secs] 
2689.813: [GC (Allocation Failure) [PSYoungGen: 73757K->512K(75776K)] 451997K->378752K(588288K), 0.0020997 secs] [Times: user=0.01 sys=0.00, real=0.01 secs] 
2690.119: [GC (Allocation Failure) [PSYoungGen: 74240K->1488K(81408K)] 452480K->379728K(593920K), 0.0057411 secs] [Times: user=0.00 sys=0.02, real=0.01 secs] 
2690.623: [GC (Allocation Failure) [PSYoungGen: 80848K->1424K(81408K)] 459088K->379680K(593920K), 0.0021417 secs] [Times: user=0.01 sys=0.01, real=0.01 secs] 
2691.222: [GC (Allocation Failure) [PSYoungGen: 80784K->1424K(80384K)] 459040K->379680K(592896K), 0.0021388 secs] [Times: user=0.01 sys=0.00, real=0.00 secs] 
2691.786: [GC (Allocation Failure) [PSYoungGen: 80272K->1469K(79872K)] 458528K->379725K(592384K), 0.0020828 secs] [Times: user=0.01 sys=0.00, real=0.00 secs] 
2691.932: [GC (Allocation Failure) [PSYoungGen: 79805K->1501K(79360K)] 458061K->379757K(591872K), 0.0017781 secs] [Times: user=0.00 sys=0.00, real=0.00 secs] 
2692.069: [GC (Allocation Failure) [PSYoungGen: 79325K->1565K(79360K)] 457581K->379821K(591872K), 0.0018138 secs] [Times: user=0.00 sys=0.00, real=0.00 secs] 
2692.206: [GC (Allocation Failure) [PSYoungGen: 78877K->541K(84992K)] 457133K->379821K(597504K), 0.0017318 secs] [Times: user=0.01 sys=0.00, real=0.00 secs] 
2692.549: [GC (Allocation Failure) [PSYoungGen: 84509K->1392K(84992K)] 463789K->380752K(597504K), 0.0017281 secs] [Times: user=0.00 sys=0.00, real=0.00 secs] 
2693.176: [GC (Allocation Failure) [PSYoungGen: 84848K->1392K(84480K)] 464208K->380752K(596992K), 0.0020340 secs] [Times: user=0.01 sys=0.00, real=0.00 secs] 
2694.060: [GC (Allocation Failure) [PSYoungGen: 84336K->1376K(83968K)] 463696K->380736K(596480K), 0.0021187 secs] [Times: user=0.01 sys=0.00, real=0.00 secs] 
2694.642: [GC (Allocation Failure) [PSYoungGen: 83808K->1533K(83456K)] 463168K->380893K(595968K), 0.0018940 secs] [Times: user=0.01 sys=0.00, real=0.01 secs] 
2694.785: [GC (Allocation Failure) [PSYoungGen: 83453K->1533K(82944K)] 462813K->380893K(595456K), 0.0017911 secs] [Times: user=0.00 sys=0.00, real=0.00 secs] 
2694.929: [GC (Allocation Failure) [PSYoungGen: 82941K->1517K(82432K)] 462301K->380877K(594944K), 0.0018993 secs] [Times: user=0.01 sys=0.00, real=0.00 secs] 
2695.245: [GC (Allocation Failure) [PSYoungGen: 82413K->1472K(81920K)] 461773K->380832K(594432K), 0.0019203 secs] [Times: user=0.01 sys=0.00, real=0.00 secs] 
2695.592: [GC (Allocation Failure) [PSYoungGen: 81856K->1408K(81408K)] 461216K->380768K(593920K), 0.0018560 secs] [Times: user=0.01 sys=0.00, real=0.01 secs] 
2695.949: [GC (Allocation Failure) [PSYoungGen: 81280K->1376K(80896K)] 460640K->380736K(593408K), 0.0017450 secs] [Times: user=0.01 sys=0.00, real=0.00 secs] 
2696.514: [GC (Allocation Failure) [PSYoungGen: 80736K->1344K(80384K)] 460096K->380704K(592896K), 0.0019078 secs] [Times: user=0.01 sys=0.00, real=0.00 secs] 
2696.725: [GC (Allocation Failure) [PSYoungGen: 80192K->1501K(79872K)] 459552K->380861K(592384K), 0.0017615 secs] [Times: user=0.01 sys=0.00, real=0.00 secs] 
2696.865: [GC (Allocation Failure) [PSYoungGen: 79837K->1469K(79360K)] 459197K->380829K(591872K), 0.0018385 secs] [Times: user=0.01 sys=0.00, real=0.00 secs] 
2697.004: [GC (Allocation Failure) [PSYoungGen: 79293K->1501K(78848K)] 458653K->380861K(591360K), 0.0017370 secs] [Times: user=0.01 sys=0.00, real=0.00 secs] 
2697.283: [GC (Allocation Failure) [PSYoungGen: 78813K->1408K(78336K)] 458173K->380768K(590848K), 0.0019954 secs] [Times: user=0.01 sys=0.00, real=0.01 secs] 
2697.982: [GC (Allocation Failure) [PSYoungGen: 78208K->1440K(77824K)] 457568K->380800K(590336K), 0.0020853 secs] [Times: user=0.01 sys=0.00, real=0.01 secs] 
2698.543: [GC (Allocation Failure) [PSYoungGen: 77728K->1376K(77312K)] 457088K->380736K(589824K), 0.0022989 secs] [Times: user=0.01 sys=0.00, real=0.01 secs] 
2699.174: [GC (Allocation Failure) [PSYoungGen: 77152K->1344K(76800K)] 456512K->380704K(589312K), 0.0023030 secs] [Times: user=0.01 sys=0.00, real=0.01 secs] 
2699.397: [GC (Allocation Failure) [PSYoungGen: 76599K->1469K(76288K)] 455960K->380829K(588800K), 0.0017049 secs] [Times: user=0.01 sys=0.00, real=0.00 secs] 
2699.552: [GC (Allocation Failure) [PSYoungGen: 76221K->1501K(75776K)] 455581K->380885K(588288K), 0.0020985 secs] [Times: user=0.01 sys=0.00, real=0.01 secs] 
2699.709: [GC (Allocation Failure) [PSYoungGen: 75741K->1485K(75264K)] 455125K->380869K(587776K), 0.0017772 secs] [Times: user=0.00 sys=0.00, real=0.00 secs] 
2700.024: [GC (Allocation Failure) [PSYoungGen: 75213K->1408K(74752K)] 454597K->380792K(587264K), 0.0022673 secs] [Times: user=0.01 sys=0.00, real=0.00 secs] 
2700.562: [GC (Allocation Failure) [PSYoungGen: 74624K->1376K(74240K)] 454008K->380760K(586752K), 0.0022524 secs] [Times: user=0.01 sys=0.00, real=0.01 secs] 
2701.073: [GC (Allocation Failure) [PSYoungGen: 74080K->1440K(73728K)] 453464K->380824K(586240K), 0.0024277 secs] [Times: user=0.01 sys=0.00, real=0.01 secs] 
2701.617: [GC (Allocation Failure) [PSYoungGen: 73632K->1408K(73216K)] 453016K->380792K(585728K), 0.0022965 secs] [Times: user=0.01 sys=0.00, real=0.00 secs] 
2701.983: [GC (Allocation Failure) [PSYoungGen: 73088K->1440K(72704K)] 452472K->380824K(585216K), 0.0017111 secs] [Times: user=0.01 sys=0.00, real=0.01 secs] 
2702.108: [GC (Allocation Failure) [PSYoungGen: 72608K->1501K(72192K)] 451992K->380885K(584704K), 0.0018403 secs] [Times: user=0.01 sys=0.00, real=0.00 secs] 
2702.234: [GC (Allocation Failure) [PSYoungGen: 72157K->1437K(71680K)] 451541K->380821K(584192K), 0.0018122 secs] [Times: user=0.01 sys=0.00, real=0.01 secs] 
2702.359: [GC (Allocation Failure) [PSYoungGen: 71561K->1517K(72192K)] 450946K->380901K(584704K), 0.0018772 secs] [Times: user=0.00 sys=0.00, real=0.00 secs] 
2702.863: [GC (Allocation Failure) [PSYoungGen: 71661K->1440K(71168K)] 451045K->380824K(583680K), 0.0021446 secs] [Times: user=0.01 sys=0.00, real=0.01 secs] 
2703.427: [GC (Allocation Failure) [PSYoungGen: 71072K->1408K(70656K)] 450456K->380792K(583168K), 0.0022960 secs] [Times: user=0.01 sys=0.01, real=0.00 secs] 
2703.956: [GC (Allocation Failure) [PSYoungGen: 70528K->1408K(70144K)] 449912K->380792K(582656K), 0.0022722 secs] [Times: user=0.01 sys=0.01, real=0.00 secs] 
2704.350: [GC (Allocation Failure) [PSYoungGen: 70016K->1344K(69632K)] 449400K->380728K(582144K), 0.0030151 secs] [Times: user=0.02 sys=0.00, real=0.00 secs] 
2704.660: [GC (Allocation Failure) [PSYoungGen: 69440K->1472K(69120K)] 448824K->380856K(581632K), 0.0021742 secs] [Times: user=0.01 sys=0.00, real=0.00 secs] 
2704.790: [GC (Allocation Failure) [PSYoungGen: 69056K->1501K(68608K)] 448440K->380885K(581120K), 0.0017507 secs] [Times: user=0.01 sys=0.00, real=0.00 secs] 
2704.908: [GC (Allocation Failure) [PSYoungGen: 68542K->1533K(69120K)] 447927K->380917K(581632K), 0.0018022 secs] [Times: user=0.00 sys=0.00, real=0.00 secs] 
2705.042: [GC (Allocation Failure) [PSYoungGen: 68605K->1533K(74752K)] 447989K->380925K(587264K), 0.0020032 secs] [Times: user=0.00 sys=0.00, real=0.00 secs] 
2705.774: [GC (Allocation Failure) [PSYoungGen: 74237K->1440K(73728K)] 453629K->380832K(586240K), 0.0020846 secs] [Times: user=0.01 sys=0.00, real=0.01 secs] 
2706.500: [GC (Allocation Failure) [PSYoungGen: 73632K->1408K(73216K)] 453024K->380800K(585728K), 0.0029507 secs] [Times: user=0.01 sys=0.00, real=0.00 secs] 
2707.233: [GC (Allocation Failure) [PSYoungGen: 73088K->1376K(72704K)] 452480K->380768K(585216K), 0.0031197 secs] [Times: user=0.01 sys=0.00, real=0.01 secs] 
2708.031: [GC (Allocation Failure) [PSYoungGen: 72544K->1501K(72192K)] 451936K->380893K(584704K), 0.0044706 secs] [Times: user=0.01 sys=0.01, real=0.01 secs] 
2708.263: [GC (Allocation Failure) [PSYoungGen: 72157K->1501K(71680K)] 451549K->380893K(584192K), 0.0021030 secs] [Times: user=0.01 sys=0.00, real=0.01 secs] 
2708.390: [GC (Allocation Failure) [PSYoungGen: 71645K->1504K(71168K)] 451037K->380896K(583680K), 0.0018087 secs] [Times: user=0.01 sys=0.00, real=0.00 secs] 
2708.513: [GC (Allocation Failure) [PSYoungGen: 71136K->1533K(71680K)] 450528K->380925K(584192K), 0.0018898 secs] [Times: user=0.01 sys=0.00, real=0.01 secs] 
2708.808: [GC (Allocation Failure) [PSYoungGen: 71165K->1440K(70656K)] 450557K->380832K(583168K), 0.0017953 secs] [Times: user=0.00 sys=0.00, real=0.00 secs] 
2709.610: [GC (Allocation Failure) [PSYoungGen: 70560K->1376K(70144K)] 449952K->380768K(582656K), 0.0045446 secs] [Times: user=0.01 sys=0.00, real=0.01 secs] 
2710.173: [GC (Allocation Failure) [PSYoungGen: 69984K->1376K(69632K)] 449376K->380768K(582144K), 0.0032203 secs] [Times: user=0.01 sys=0.00, real=0.01 secs] 
2710.730: [GC (Allocation Failure) [PSYoungGen: 69472K->1344K(69120K)] 448864K->380736K(581632K), 0.0056642 secs] [Times: user=0.02 sys=0.00, real=0.01 secs] 
2711.236: [GC (Allocation Failure) [PSYoungGen: 68898K->1469K(68608K)] 448291K->380877K(581120K), 0.0023762 secs] [Times: user=0.01 sys=0.00, real=0.00 secs] 
2711.386: [GC (Allocation Failure) [PSYoungGen: 68541K->1469K(68096K)] 447949K->380877K(580608K), 0.0016174 secs] [Times: user=0.01 sys=0.00, real=0.00 secs] 
2711.503: [GC (Allocation Failure) [PSYoungGen: 68029K->1469K(67584K)] 447437K->380877K(580096K), 0.0017768 secs] [Times: user=0.00 sys=0.00, real=0.01 secs] 
2711.620: [GC (Allocation Failure) [PSYoungGen: 67517K->1501K(73216K)] 446925K->380909K(585728K), 0.0018150 secs] [Times: user=0.01 sys=0.00, real=0.00 secs] 
2712.115: [GC (Allocation Failure) [PSYoungGen: 73181K->1440K(72704K)] 452589K->380848K(585216K), 0.0021445 secs] [Times: user=0.01 sys=0.00, real=0.00 secs] 
2712.930: [GC (Allocation Failure) [PSYoungGen: 72608K->1360K(72192K)] 452016K->380768K(584704K), 0.0058950 secs] [Times: user=0.02 sys=0.00, real=0.01 secs] 
2713.533: [GC (Allocation Failure) [PSYoungGen: 72016K->1360K(71680K)] 451424K->380768K(584192K), 0.0029685 secs] [Times: user=0.01 sys=0.00, real=0.01 secs] 
2714.019: [GC (Allocation Failure) [PSYoungGen: 71504K->1408K(71168K)] 450912K->380816K(583680K), 0.0028913 secs] [Times: user=0.01 sys=0.00, real=0.00 secs] 
2714.400: [GC (Allocation Failure) [PSYoungGen: 71040K->1469K(70656K)] 450448K->380877K(583168K), 0.0023319 secs] [Times: user=0.01 sys=0.00, real=0.00 secs] 
2714.532: [GC (Allocation Failure) [PSYoungGen: 70589K->1453K(70144K)] 449997K->380861K(582656K), 0.0018556 secs] [Times: user=0.01 sys=0.00, real=0.01 secs] 
2714.653: [GC (Allocation Failure) [PSYoungGen: 70049K->1501K(70656K)] 449458K->380909K(583168K), 0.0018669 secs] [Times: user=0.01 sys=0.00, real=0.01 secs] 
2714.773: [GC (Allocation Failure) [PSYoungGen: 70109K->1501K(70656K)] 449517K->380917K(583168K), 0.0017852 secs] [Times: user=0.01 sys=0.00, real=0.01 secs] 
2715.059: [GC (Allocation Failure) [PSYoungGen: 70109K->1408K(75776K)] 449525K->380824K(588288K), 0.0018985 secs] [Times: user=0.01 sys=0.00, real=0.00 secs] 
2715.367: [GC (Allocation Failure) [PSYoungGen: 75648K->1376K(75264K)] 455064K->380792K(587776K), 0.0019944 secs] [Times: user=0.00 sys=0.00, real=0.00 secs] 
2715.676: [GC (Allocation Failure) [PSYoungGen: 75104K->1440K(74752K)] 454520K->380856K(587264K), 0.0024136 secs] [Times: user=0.01 sys=0.01, real=0.00 secs] 
2716.382: [GC (Allocation Failure) [PSYoungGen: 74656K->1408K(74240K)] 454072K->380824K(586752K), 0.0044541 secs] [Times: user=0.02 sys=0.00, real=0.01 secs] 
2716.692: [GC (Allocation Failure) [PSYoungGen: 74112K->1501K(73728K)] 453528K->380917K(586240K), 0.0021933 secs] [Times: user=0.01 sys=0.00, real=0.01 secs] 
2716.826: [GC (Allocation Failure) [PSYoungGen: 73693K->1501K(73216K)] 453109K->380917K(585728K), 0.0017778 secs] [Times: user=0.01 sys=0.00, real=0.00 secs] 
2716.952: [GC (Allocation Failure) [PSYoungGen: 73181K->1517K(73728K)] 452597K->380933K(586240K), 0.0017523 secs] [Times: user=0.00 sys=0.00, real=0.00 secs] 
2717.208: [GC (Allocation Failure) [PSYoungGen: 73197K->1408K(72704K)] 452613K->380824K(585216K), 0.0022610 secs] [Times: user=0.01 sys=0.00, real=0.00 secs] 
2717.578: [GC (Allocation Failure) [PSYoungGen: 72576K->1408K(72192K)] 451992K->380824K(584704K), 0.0022662 secs] [Times: user=0.01 sys=0.00, real=0.00 secs] 
2717.872: [GC (Allocation Failure) [PSYoungGen: 72064K->1440K(71680K)] 451480K->380856K(584192K), 0.0022507 secs] [Times: user=0.01 sys=0.00, real=0.00 secs] 
2718.371: [GC (Allocation Failure) [PSYoungGen: 71584K->1408K(71168K)] 451000K->380824K(583680K), 0.0022359 secs] [Times: user=0.01 sys=0.00, real=0.00 secs] 
2718.925: [GC (Allocation Failure) [PSYoungGen: 71040K->1504K(70656K)] 450456K->380920K(583168K), 0.0030431 secs] [Times: user=0.02 sys=0.00, real=0.00 secs] 
2719.102: [GC (Allocation Failure) [PSYoungGen: 70624K->1501K(70144K)] 450040K->380941K(582656K), 0.0018202 secs] [Times: user=0.01 sys=0.00, real=0.00 secs] 
2719.222: [GC (Allocation Failure) [PSYoungGen: 70102K->1472K(69632K)] 449542K->380912K(582144K), 0.0017239 secs] [Times: user=0.00 sys=0.00, real=0.00 secs] 
2719.342: [GC (Allocation Failure) [PSYoungGen: 69568K->1501K(70144K)] 449008K->380941K(582656K), 0.0017127 secs] [Times: user=0.01 sys=0.00, real=0.00 secs] 
2719.732: [GC (Allocation Failure) [PSYoungGen: 69597K->1408K(70144K)] 449037K->380848K(582656K), 0.0034483 secs] [Times: user=0.02 sys=0.00, real=0.01 secs] 
2720.010: [GC (Allocation Failure) [PSYoungGen: 69504K->1392K(69120K)] 448944K->380832K(581632K), 0.0022631 secs] [Times: user=0.01 sys=0.00, real=0.00 secs] 
2720.291: [GC (Allocation Failure) [PSYoungGen: 68976K->1408K(68608K)] 448416K->380848K(581120K), 0.0022125 secs] [Times: user=0.01 sys=0.00, real=0.00 secs] 
2720.570: [GC (Allocation Failure) [PSYoungGen: 68480K->1408K(68096K)] 447920K->380848K(580608K), 0.0020495 secs] [Times: user=0.01 sys=0.00, real=0.00 secs] 
2720.818: [GC (Allocation Failure) [PSYoungGen: 67968K->1533K(67584K)] 447408K->380973K(580096K), 0.0017636 secs] [Times: user=0.01 sys=0.00, real=0.00 secs] 
2720.936: [GC (Allocation Failure) [PSYoungGen: 67581K->1469K(67072K)] 447021K->380909K(579584K), 0.0017166 secs] [Times: user=0.01 sys=0.00, real=0.00 secs] 
2721.058: [GC (Allocation Failure) [PSYoungGen: 67005K->1485K(73216K)] 446445K->380925K(585728K), 0.0017301 secs] [Times: user=0.00 sys=0.00, real=0.00 secs] 
2721.205: [GC (Allocation Failure) [PSYoungGen: 72653K->1533K(73216K)] 452093K->380989K(585728K), 0.0020852 secs] [Times: user=0.01 sys=0.00, real=0.00 secs] 
2721.479: [GC (Allocation Failure) [PSYoungGen: 72701K->1408K(73216K)] 452157K->380864K(585728K), 0.0021631 secs] [Times: user=0.00 sys=0.00, real=0.00 secs] 
2721.776: [GC (Allocation Failure) [PSYoungGen: 72576K->1440K(72192K)] 452032K->380896K(584704K), 0.0020203 secs] [Times: user=0.01 sys=0.00, real=0.00 secs] 
2722.082: [GC (Allocation Failure) [PSYoungGen: 72096K->1408K(71680K)] 451552K->380864K(584192K), 0.0022049 secs] [Times: user=0.01 sys=0.00, real=0.00 secs] 
2722.495: [GC (Allocation Failure) [PSYoungGen: 71552K->1376K(71168K)] 451008K->380832K(583680K), 0.0021038 secs] [Times: user=0.01 sys=0.00, real=0.00 secs] 
2722.822: [GC (Allocation Failure) [PSYoungGen: 71008K->1533K(70656K)] 450464K->380989K(583168K), 0.0018832 secs] [Times: user=0.00 sys=0.01, real=0.01 secs] 
2722.945: [GC (Allocation Failure) [PSYoungGen: 70653K->1533K(70144K)] 450109K->380989K(582656K), 0.0017215 secs] [Times: user=0.01 sys=0.00, real=0.00 secs] 
2723.066: [GC (Allocation Failure) [PSYoungGen: 70125K->1501K(75776K)] 449582K->380957K(588288K), 0.0016218 secs] [Times: user=0.00 sys=0.00, real=0.00 secs] 
2723.196: [GC (Allocation Failure) [PSYoungGen: 75741K->1565K(76288K)] 455197K->381029K(588800K), 0.0018776 secs] [Times: user=0.00 sys=0.00, real=0.00 secs] 
2723.570: [GC (Allocation Failure) [PSYoungGen: 75805K->1440K(75264K)] 455269K->380904K(587776K), 0.0021515 secs] [Times: user=0.01 sys=0.00, real=0.00 secs] 
2723.890: [GC (Allocation Failure) [PSYoungGen: 75168K->1408K(74752K)] 454632K->380872K(587264K), 0.0021641 secs] [Times: user=0.01 sys=0.01, real=0.00 secs] 
2724.250: [GC (Allocation Failure) [PSYoungGen: 74624K->1344K(74240K)] 454088K->380808K(586752K), 0.0021644 secs] [Times: user=0.01 sys=0.00, real=0.00 secs] 
2724.548: [GC (Allocation Failure) [PSYoungGen: 74048K->1469K(73728K)] 453512K->380933K(586240K), 0.0021441 secs] [Times: user=0.01 sys=0.00, real=0.00 secs] 
2724.685: [GC (Allocation Failure) [PSYoungGen: 73661K->1501K(73216K)] 453125K->380965K(585728K), 0.0018345 secs] [Times: user=0.01 sys=0.00, real=0.00 secs] 
2724.810: [GC (Allocation Failure) [PSYoungGen: 73181K->1501K(73728K)] 452645K->380965K(586240K), 0.0018092 secs] [Times: user=0.01 sys=0.00, real=0.00 secs] 
2724.936: [GC (Allocation Failure) [PSYoungGen: 73181K->1472K(73728K)] 452645K->380936K(586240K), 0.0016920 secs] [Times: user=0.01 sys=0.00, real=0.00 secs] 
2725.862: [GC (Allocation Failure) [PSYoungGen: 73152K->1472K(72704K)] 452616K->380936K(585216K), 0.0037511 secs] [Times: user=0.02 sys=0.00, real=0.01 secs] 
2726.458: [GC (Allocation Failure) [PSYoungGen: 72640K->1376K(72192K)] 452104K->380840K(584704K), 0.0030170 secs] [Times: user=0.01 sys=0.00, real=0.00 secs] 
2726.748: [GC (Allocation Failure) [PSYoungGen: 72032K->1408K(71680K)] 451496K->380872K(584192K), 0.0021907 secs] [Times: user=0.01 sys=0.00, real=0.00 secs] 
2727.139: [GC (Allocation Failure) [PSYoungGen: 71552K->1376K(71168K)] 451016K->380840K(583680K), 0.0022756 secs] [Times: user=0.01 sys=0.00, real=0.00 secs] 
2727.454: [GC (Allocation Failure) [PSYoungGen: 71008K->1501K(70656K)] 450472K->380965K(583168K), 0.0015139 secs] [Times: user=0.00 sys=0.00, real=0.00 secs] 
2727.577: [GC (Allocation Failure) [PSYoungGen: 70621K->1501K(70144K)] 450085K->380965K(582656K), 0.0017422 secs] [Times: user=0.00 sys=0.00, real=0.00 secs] 
2727.697: [GC (Allocation Failure) [PSYoungGen: 70091K->1501K(69632K)] 449555K->380965K(582144K), 0.0017053 secs] [Times: user=0.00 sys=0.00, real=0.00 secs] 
2727.818: [GC (Allocation Failure) [PSYoungGen: 69597K->1501K(76288K)] 449061K->380965K(588800K), 0.0016892 secs] [Times: user=0.01 sys=0.00, real=0.00 secs] 
2728.535: [GC (Allocation Failure) [PSYoungGen: 75741K->1408K(75264K)] 455205K->380888K(587776K), 0.0022619 secs] [Times: user=0.01 sys=0.00, real=0.00 secs] 
2728.923: [GC (Allocation Failure) [PSYoungGen: 75136K->1440K(74752K)] 454616K->380920K(587264K), 0.0020314 secs] [Times: user=0.01 sys=0.00, real=0.01 secs] 
2729.228: [GC (Allocation Failure) [PSYoungGen: 74656K->1376K(74240K)] 454136K->380856K(586752K), 0.0022646 secs] [Times: user=0.01 sys=0.00, real=0.00 secs] 
2729.530: [GC (Allocation Failure) [PSYoungGen: 74080K->1408K(73728K)] 453560K->380904K(586240K), 0.0021339 secs] [Times: user=0.01 sys=0.00, real=0.00 secs] 
2729.717: [GC (Allocation Failure) [PSYoungGen: 73600K->1565K(73728K)] 453096K->381061K(586240K), 0.0016900 secs] [Times: user=0.00 sys=0.00, real=0.00 secs] 
2729.843: [GC (Allocation Failure) [PSYoungGen: 73245K->1469K(72704K)] 452741K->380965K(585216K), 0.0019635 secs] [Times: user=0.01 sys=0.00, real=0.01 secs] 
2729.969: [GC (Allocation Failure) [PSYoungGen: 72637K->1504K(73216K)] 452133K->381000K(585728K), 0.0016945 secs] [Times: user=0.01 sys=0.00, real=0.00 secs] 
2730.998: [GC (Allocation Failure) [PSYoungGen: 73184K->1408K(72704K)] 452680K->380904K(585216K), 0.0045815 secs] [Times: user=0.02 sys=0.00, real=0.00 secs] 
2732.383: [GC (Allocation Failure) [PSYoungGen: 72576K->1344K(72192K)] 452072K->380840K(584704K), 0.0044172 secs] [Times: user=0.02 sys=0.00, real=0.01 secs] 
2733.445: [GC (Allocation Failure) [PSYoungGen: 72000K->1392K(71680K)] 451496K->380888K(584192K), 0.0036160 secs] [Times: user=0.02 sys=0.00, real=0.00 secs] 
2734.017: [GC (Allocation Failure) [PSYoungGen: 71536K->1376K(71168K)] 451032K->380872K(583680K), 0.0035704 secs] [Times: user=0.01 sys=0.00, real=0.00 secs] 
2734.627: [GC (Allocation Failure) [PSYoungGen: 71008K->1437K(70656K)] 450504K->380933K(583168K), 0.0027317 secs] [Times: user=0.01 sys=0.00, real=0.00 secs] 
2734.794: [GC (Allocation Failure) [PSYoungGen: 70548K->1501K(70144K)] 450045K->380997K(582656K), 0.0018356 secs] [Times: user=0.00 sys=0.00, real=0.01 secs] 
2734.932: [GC (Allocation Failure) [PSYoungGen: 70105K->1469K(69632K)] 449601K->380965K(582144K), 0.0020439 secs] [Times: user=0.01 sys=0.00, real=0.00 secs] 
2735.094: [GC (Allocation Failure) [PSYoungGen: 69565K->1501K(69120K)] 449061K->380997K(581632K), 0.0019967 secs] [Times: user=0.01 sys=0.00, real=0.01 secs] 
2735.401: [GC (Allocation Failure) [PSYoungGen: 69085K->1424K(68608K)] 448581K->380928K(581120K), 0.0024231 secs] [Times: user=0.01 sys=0.01, real=0.00 secs] 
2736.071: [GC (Allocation Failure) [PSYoungGen: 68496K->1376K(68096K)] 448000K->380880K(580608K), 0.0029258 secs] [Times: user=0.01 sys=0.00, real=0.01 secs] 
2736.698: [GC (Allocation Failure) [PSYoungGen: 67936K->1360K(67584K)] 447440K->380864K(580096K), 0.0027102 secs] [Times: user=0.01 sys=0.00, real=0.00 secs] 
2737.336: [GC (Allocation Failure) [PSYoungGen: 67408K->1424K(67072K)] 446912K->380928K(579584K), 0.0025197 secs] [Times: user=0.01 sys=0.00, real=0.00 secs] 
2737.954: [GC (Allocation Failure) [PSYoungGen: 66960K->1504K(66560K)] 446464K->381016K(579072K), 0.0023170 secs] [Times: user=0.01 sys=0.00, real=0.01 secs] 
2738.122: [GC (Allocation Failure) [PSYoungGen: 66528K->1469K(66048K)] 446040K->380981K(578560K), 0.0023281 secs] [Times: user=0.01 sys=0.00, real=0.01 secs] 
2738.273: [GC (Allocation Failure) [PSYoungGen: 65981K->1533K(65536K)] 445493K->381045K(578048K), 0.0019526 secs] [Times: user=0.01 sys=0.00, real=0.01 secs] 
2738.403: [GC (Allocation Failure) [PSYoungGen: 65533K->1504K(66048K)] 445045K->381024K(578560K), 0.0020015 secs] [Times: user=0.01 sys=0.00, real=0.01 secs] 
2738.634: [GC (Allocation Failure) [PSYoungGen: 65504K->1472K(66048K)] 445024K->380992K(578560K), 0.0025283 secs] [Times: user=0.01 sys=0.00, real=0.01 secs] 
2738.901: [GC (Allocation Failure) [PSYoungGen: 65472K->1408K(71168K)] 444992K->380928K(583680K), 0.0024751 secs] [Times: user=0.01 sys=0.00, real=0.00 secs] 
2739.319: [GC (Allocation Failure) [PSYoungGen: 70528K->1344K(70144K)] 450048K->380864K(582656K), 0.0020690 secs] [Times: user=0.01 sys=0.01, real=0.00 secs] 
2739.725: [GC (Allocation Failure) [PSYoungGen: 69952K->1376K(69632K)] 449472K->380912K(582144K), 0.0022516 secs] [Times: user=0.01 sys=0.00, real=0.00 secs] 
2740.293: [GC (Allocation Failure) [PSYoungGen: 69472K->1501K(69120K)] 449008K->381037K(581632K), 0.0022883 secs] [Times: user=0.01 sys=0.00, real=0.01 secs] 
2740.423: [GC (Allocation Failure) [PSYoungGen: 69085K->1533K(68608K)] 448621K->381069K(581120K), 0.0018474 secs] [Times: user=0.01 sys=0.00, real=0.01 secs] 
2740.559: [GC (Allocation Failure) [PSYoungGen: 68605K->1533K(69120K)] 448141K->381069K(581632K), 0.0021954 secs] [Times: user=0.01 sys=0.00, real=0.00 secs] 
2740.712: [GC (Allocation Failure) [PSYoungGen: 68605K->1517K(74752K)] 448141K->381069K(587264K), 0.0024627 secs] [Times: user=0.01 sys=0.00, real=0.01 secs] 
2741.218: [GC (Allocation Failure) [PSYoungGen: 74221K->1408K(74752K)] 453773K->380960K(587264K), 0.0027874 secs] [Times: user=0.01 sys=0.00, real=0.00 secs] 
2741.517: [GC (Allocation Failure) [PSYoungGen: 74112K->1376K(80896K)] 453664K->380928K(593408K), 0.0044499 secs] [Times: user=0.02 sys=0.00, real=0.00 secs] 
2742.065: [GC (Allocation Failure) [PSYoungGen: 80224K->1344K(79872K)] 459776K->380896K(592384K), 0.0022429 secs] [Times: user=0.01 sys=0.00, real=0.00 secs] 
2742.657: [GC (Allocation Failure) [PSYoungGen: 79680K->1408K(79360K)] 459232K->380960K(591872K), 0.0025949 secs] [Times: user=0.01 sys=0.00, real=0.00 secs] 
2743.011: [GC (Allocation Failure) [PSYoungGen: 79232K->1533K(78848K)] 458784K->381085K(591360K), 0.0018651 secs] [Times: user=0.01 sys=0.00, real=0.00 secs] 
2743.148: [GC (Allocation Failure) [PSYoungGen: 78845K->1517K(78336K)] 458397K->381069K(590848K), 0.0017902 secs] [Times: user=0.01 sys=0.00, real=0.00 secs] 
2743.282: [GC (Allocation Failure) [PSYoungGen: 78317K->1472K(77824K)] 457869K->381024K(590336K), 0.0017892 secs] [Times: user=0.00 sys=0.00, real=0.00 secs] 
2743.750: [GC (Allocation Failure) [PSYoungGen: 77760K->1440K(77312K)] 457312K->380992K(589824K), 0.0021090 secs] [Times: user=0.01 sys=0.00, real=0.00 secs] 
2744.117: [GC (Allocation Failure) [PSYoungGen: 77216K->1408K(76800K)] 456768K->380960K(589312K), 0.0021611 secs] [Times: user=0.01 sys=0.00, real=0.00 secs] 
2744.585: [GC (Allocation Failure) [PSYoungGen: 76672K->1376K(76288K)] 456224K->380928K(588800K), 0.0021512 secs] [Times: user=0.00 sys=0.00, real=0.00 secs] 
2745.176: [GC (Allocation Failure) [PSYoungGen: 76128K->1440K(75776K)] 455680K->380992K(588288K), 0.0022357 secs] [Times: user=0.00 sys=0.00, real=0.00 secs] 
2745.519: [GC (Allocation Failure) [PSYoungGen: 75680K->1469K(75264K)] 455232K->381021K(587776K), 0.0017875 secs] [Times: user=0.01 sys=0.00, real=0.00 secs] 
2745.650: [GC (Allocation Failure) [PSYoungGen: 75197K->1469K(74752K)] 454749K->381021K(587264K), 0.0018479 secs] [Times: user=0.00 sys=0.00, real=0.00 secs] 
2745.778: [GC (Allocation Failure) [PSYoungGen: 74685K->1469K(74240K)] 454237K->381021K(586752K), 0.0018445 secs] [Times: user=0.01 sys=0.00, real=0.00 secs] 
2746.055: [GC (Allocation Failure) [PSYoungGen: 74173K->1456K(73728K)] 453725K->381008K(586240K), 0.0020380 secs] [Times: user=0.01 sys=0.00, real=0.00 secs] 
2746.371: [GC (Allocation Failure) [PSYoungGen: 73648K->1408K(73216K)] 453200K->380960K(585728K), 0.0020911 secs] [Times: user=0.01 sys=0.00, real=0.00 secs] 
2746.669: [GC (Allocation Failure) [PSYoungGen: 73088K->1408K(72704K)] 452640K->380960K(585216K), 0.0021429 secs] [Times: user=0.01 sys=0.00, real=0.00 secs] 
2746.982: [GC (Allocation Failure) [PSYoungGen: 72576K->1408K(72192K)] 452128K->380960K(584704K), 0.0029608 secs] [Times: user=0.01 sys=0.00, real=0.01 secs] 
2747.482: [GC (Allocation Failure) [PSYoungGen: 72064K->1501K(71680K)] 451616K->381053K(584192K), 0.0026973 secs] [Times: user=0.01 sys=0.00, real=0.01 secs] 
2747.642: [GC (Allocation Failure) [PSYoungGen: 71614K->1472K(71168K)] 451166K->381024K(583680K), 0.0018485 secs] [Times: user=0.01 sys=0.01, real=0.01 secs] 
2747.765: [GC (Allocation Failure) [PSYoungGen: 71104K->1504K(70656K)] 450656K->381056K(583168K), 0.0018172 secs] [Times: user=0.01 sys=0.00, real=0.00 secs] 
2747.888: [GC (Allocation Failure) [PSYoungGen: 70624K->1533K(71168K)] 450176K->381085K(583680K), 0.0018722 secs] [Times: user=0.00 sys=0.00, real=0.00 secs] 
2748.435: [GC (Allocation Failure) [PSYoungGen: 70653K->1408K(70144K)] 450205K->380960K(582656K), 0.0020236 secs] [Times: user=0.01 sys=0.00, real=0.00 secs] 
2748.825: [GC (Allocation Failure) [PSYoungGen: 70016K->1392K(69632K)] 449568K->380944K(582144K), 0.0023471 secs] [Times: user=0.01 sys=0.00, real=0.00 secs] 
2749.111: [GC (Allocation Failure) [PSYoungGen: 69488K->1376K(69120K)] 449040K->380944K(581632K), 0.0029543 secs] [Times: user=0.01 sys=0.00, real=0.00 secs] 
2749.493: [GC (Allocation Failure) [PSYoungGen: 68960K->1376K(68608K)] 448528K->380944K(581120K), 0.0022940 secs] [Times: user=0.01 sys=0.00, real=0.01 secs] 
2749.859: [GC (Allocation Failure) [PSYoungGen: 68448K->1501K(68096K)] 448016K->381069K(580608K), 0.0026596 secs] [Times: user=0.01 sys=0.00, real=0.00 secs] 
2750.056: [GC (Allocation Failure) [PSYoungGen: 68061K->1469K(67584K)] 447629K->381037K(580096K), 0.0021095 secs] [Times: user=0.01 sys=0.00, real=0.00 secs] 
2750.177: [GC (Allocation Failure) [PSYoungGen: 67517K->1533K(67072K)] 447085K->381101K(579584K), 0.0017649 secs] [Times: user=0.01 sys=0.00, real=0.00 secs] 
2750.312: [GC (Allocation Failure) [PSYoungGen: 67069K->1469K(67584K)] 446637K->381045K(580096K), 0.0020515 secs] [Times: user=0.01 sys=0.00, real=0.01 secs] 
2750.705: [GC (Allocation Failure) [PSYoungGen: 67005K->1408K(67584K)] 446581K->380984K(580096K), 0.0046683 secs] [Times: user=0.02 sys=0.00, real=0.00 secs] 
2751.167: [GC (Allocation Failure) [PSYoungGen: 66944K->1392K(66560K)] 446520K->380968K(579072K), 0.0024932 secs] [Times: user=0.01 sys=0.00, real=0.00 secs] 
2751.670: [GC (Allocation Failure) [PSYoungGen: 66416K->1360K(66048K)] 445992K->380936K(578560K), 0.0026389 secs] [Times: user=0.01 sys=0.00, real=0.00 secs] 
2752.196: [GC (Allocation Failure) [PSYoungGen: 65872K->1408K(65536K)] 445448K->380984K(578048K), 0.0022367 secs] [Times: user=0.01 sys=0.00, real=0.00 secs] 
2752.678: [GC (Allocation Failure) [PSYoungGen: 65408K->1501K(65024K)] 444984K->381077K(577536K), 0.0022476 secs] [Times: user=0.01 sys=0.00, real=0.00 secs] 
2752.806: [GC (Allocation Failure) [PSYoungGen: 64989K->1421K(64512K)] 444565K->380997K(577024K), 0.0018228 secs] [Times: user=0.01 sys=0.00, real=0.00 secs] 
2752.935: [GC (Allocation Failure) [PSYoungGen: 64397K->1501K(70656K)] 443973K->381077K(583168K), 0.0022066 secs] [Times: user=0.01 sys=0.00, real=0.00 secs] 
2753.109: [GC (Allocation Failure) [PSYoungGen: 70109K->1501K(70656K)] 449685K->381085K(583168K), 0.0024636 secs] [Times: user=0.01 sys=0.00, real=0.00 secs] 
2753.728: [GC (Allocation Failure) [PSYoungGen: 70109K->1440K(70656K)] 449693K->381024K(583168K), 0.0046765 secs] [Times: user=0.01 sys=0.00, real=0.00 secs] 
2754.343: [GC (Allocation Failure) [PSYoungGen: 70048K->1344K(69632K)] 449632K->380928K(582144K), 0.0036927 secs] [Times: user=0.01 sys=0.00, real=0.01 secs] 
2755.167: [GC (Allocation Failure) [PSYoungGen: 69440K->1376K(69120K)] 449024K->380960K(581632K), 0.0050013 secs] [Times: user=0.02 sys=0.00, real=0.00 secs] 
2755.704: [GC (Allocation Failure) [PSYoungGen: 68960K->1344K(68608K)] 448544K->380928K(581120K), 0.0029374 secs] [Times: user=0.02 sys=0.00, real=0.01 secs] 
2756.323: [GC (Allocation Failure) [PSYoungGen: 68416K->1469K(68096K)] 448000K->381053K(580608K), 0.0030616 secs] [Times: user=0.01 sys=0.00, real=0.01 secs] 
2756.545: [GC (Allocation Failure) [PSYoungGen: 68029K->1533K(67584K)] 447613K->381117K(580096K), 0.0021753 secs] [Times: user=0.01 sys=0.00, real=0.00 secs] 
2756.676: [GC (Allocation Failure) [PSYoungGen: 67581K->1533K(67072K)] 447165K->381117K(579584K), 0.0018411 secs] [Times: user=0.00 sys=0.00, real=0.00 secs] 
2756.793: [GC (Allocation Failure) [PSYoungGen: 67069K->1472K(72704K)] 446653K->381064K(585216K), 0.0017145 secs] [Times: user=0.00 sys=0.00, real=0.01 secs] 
2757.346: [GC (Allocation Failure) [PSYoungGen: 72640K->1408K(72192K)] 452232K->381000K(584704K), 0.0032522 secs] [Times: user=0.01 sys=0.00, real=0.00 secs] 
2758.518: [GC (Allocation Failure) [PSYoungGen: 72064K->1344K(71680K)] 451656K->380936K(584192K), 0.0043394 secs] [Times: user=0.02 sys=0.00, real=0.00 secs] 
2759.366: [GC (Allocation Failure) [PSYoungGen: 71488K->1408K(71168K)] 451080K->381000K(583680K), 0.0049862 secs] [Times: user=0.02 sys=0.00, real=0.00 secs] 
2760.278: [GC (Allocation Failure) [PSYoungGen: 71040K->1376K(70656K)] 450632K->380968K(583168K), 0.0044430 secs] [Times: user=0.02 sys=0.00, real=0.00 secs] 
2761.135: [GC (Allocation Failure) [PSYoungGen: 70496K->1472K(70144K)] 450088K->381064K(582656K), 0.0036402 secs] [Times: user=0.02 sys=0.01, real=0.00 secs] 
2761.337: [GC (Allocation Failure) [PSYoungGen: 70080K->1501K(69632K)] 449672K->381093K(582144K), 0.0018200 secs] [Times: user=0.01 sys=0.00, real=0.00 secs] 
2761.458: [GC (Allocation Failure) [PSYoungGen: 69597K->1469K(69120K)] 449189K->381061K(581632K), 0.0017839 secs] [Times: user=0.01 sys=0.00, real=0.00 secs] 
2761.579: [GC (Allocation Failure) [PSYoungGen: 69053K->1469K(68608K)] 448645K->381069K(581120K), 0.0017443 secs] [Times: user=0.01 sys=0.00, real=0.00 secs] 
2761.809: [GC (Allocation Failure) [PSYoungGen: 68541K->1440K(68096K)] 448141K->381040K(580608K), 0.0021684 secs] [Times: user=0.00 sys=0.00, real=0.00 secs] 
2762.115: [GC (Allocation Failure) [PSYoungGen: 68000K->1376K(67584K)] 447600K->381000K(580096K), 0.0020338 secs] [Times: user=0.00 sys=0.00, real=0.00 secs] 
2762.446: [GC (Allocation Failure) [PSYoungGen: 67424K->1408K(67072K)] 447048K->381032K(579584K), 0.0021418 secs] [Times: user=0.01 sys=0.00, real=0.00 secs] 
2762.727: [GC (Allocation Failure) [PSYoungGen: 66944K->1376K(66560K)] 446568K->381000K(579072K), 0.0021508 secs] [Times: user=0.01 sys=0.00, real=0.00 secs] 
2763.003: [GC (Allocation Failure) [PSYoungGen: 66400K->1501K(66048K)] 446024K->381125K(578560K), 0.0020950 secs] [Times: user=0.00 sys=0.00, real=0.01 secs] 
2763.156: [GC (Allocation Failure) [PSYoungGen: 66013K->1469K(65536K)] 445637K->381093K(578048K), 0.0021643 secs] [Times: user=0.01 sys=0.00, real=0.00 secs] 
2763.305: [GC (Allocation Failure) [PSYoungGen: 65469K->1472K(65024K)] 445093K->381096K(577536K), 0.0017532 secs] [Times: user=0.01 sys=0.00, real=0.00 secs] 
2763.417: [GC (Allocation Failure) [PSYoungGen: 64960K->1469K(65536K)] 444584K->381101K(578048K), 0.0023105 secs] [Times: user=0.01 sys=0.00, real=0.00 secs] 
2763.991: [GC (Allocation Failure) [PSYoungGen: 64957K->1648K(65536K)] 444589K->381280K(578048K), 0.0045841 secs] [Times: user=0.02 sys=0.00, real=0.01 secs] 
2765.218: [GC (Allocation Failure) [PSYoungGen: 65136K->1376K(64512K)] 444768K->381008K(577024K), 0.0045247 secs] [Times: user=0.02 sys=0.00, real=0.00 secs] 
2766.221: [GC (Allocation Failure) [PSYoungGen: 64352K->1408K(64000K)] 443984K->381040K(576512K), 0.0050987 secs] [Times: user=0.02 sys=0.01, real=0.01 secs] 
2767.009: [GC (Allocation Failure) [PSYoungGen: 63872K->1376K(63488K)] 443504K->381008K(576000K), 0.0030154 secs] [Times: user=0.01 sys=0.00, real=0.00 secs] 
2767.570: [GC (Allocation Failure) [PSYoungGen: 63328K->1376K(62976K)] 442960K->381008K(575488K), 0.0033729 secs] [Times: user=0.02 sys=0.00, real=0.00 secs] 
2767.931: [GC (Allocation Failure) [PSYoungGen: 62800K->1501K(62464K)] 442433K->381133K(574976K), 0.0024750 secs] [Times: user=0.01 sys=0.00, real=0.00 secs] 
2768.065: [GC (Allocation Failure) [PSYoungGen: 62429K->1533K(61952K)] 442061K->381165K(574464K), 0.0018989 secs] [Times: user=0.01 sys=0.00, real=0.00 secs] 
2768.172: [GC (Allocation Failure) [PSYoungGen: 61949K->1501K(67072K)] 441581K->381141K(579584K), 0.0017778 secs] [Times: user=0.01 sys=0.00, real=0.00 secs] 
2768.286: [GC (Allocation Failure) [PSYoungGen: 67037K->1533K(67584K)] 446677K->381173K(580096K), 0.0017569 secs] [Times: user=0.01 sys=0.00, real=0.00 secs] 
2768.502: [GC (Allocation Failure) [PSYoungGen: 67069K->1424K(73216K)] 446709K->381064K(585728K), 0.0021068 secs] [Times: user=0.01 sys=0.00, real=0.01 secs] 
2768.903: [GC (Allocation Failure) [PSYoungGen: 72592K->1376K(72192K)] 452232K->381016K(584704K), 0.0020705 secs] [Times: user=0.01 sys=0.00, real=0.01 secs] 
2769.280: [GC (Allocation Failure) [PSYoungGen: 72032K->1344K(71680K)] 451672K->380984K(584192K), 0.0022812 secs] [Times: user=0.01 sys=0.00, real=0.00 secs] 
2769.572: [GC (Allocation Failure) [PSYoungGen: 71488K->1376K(71168K)] 451128K->381016K(583680K), 0.0022699 secs] [Times: user=0.01 sys=0.00, real=0.01 secs] 
2769.804: [GC (Allocation Failure) [PSYoungGen: 71008K->1469K(70656K)] 450648K->381109K(583168K), 0.0017978 secs] [Times: user=0.01 sys=0.00, real=0.00 secs] 
2769.926: [GC (Allocation Failure) [PSYoungGen: 70589K->1501K(70144K)] 450229K->381141K(582656K), 0.0018095 secs] [Times: user=0.01 sys=0.00, real=0.00 secs] 
2770.047: [GC (Allocation Failure) [PSYoungGen: 70109K->1533K(70656K)] 449749K->381181K(583168K), 0.0016613 secs] [Times: user=0.01 sys=0.00, real=0.00 secs] 
2770.187: [GC (Allocation Failure) [PSYoungGen: 70141K->1469K(70656K)] 449789K->381141K(583168K), 0.0019657 secs] [Times: user=0.01 sys=0.00, real=0.00 secs] 
2770.800: [GC (Allocation Failure) [PSYoungGen: 70077K->1392K(69632K)] 449749K->381064K(582144K), 0.0026862 secs] [Times: user=0.01 sys=0.00, real=0.00 secs] 
2771.369: [GC (Allocation Failure) [PSYoungGen: 69488K->1360K(69120K)] 449160K->381032K(581632K), 0.0027014 secs] [Times: user=0.01 sys=0.00, real=0.00 secs] 
2771.693: [GC (Allocation Failure) [PSYoungGen: 68944K->1360K(68608K)] 448616K->381048K(581120K), 0.0021775 secs] [Times: user=0.01 sys=0.00, real=0.01 secs] 
2772.024: [GC (Allocation Failure) [PSYoungGen: 68432K->1376K(68096K)] 448120K->381072K(580608K), 0.0022118 secs] [Times: user=0.01 sys=0.00, real=0.00 secs] 
2772.354: [GC (Allocation Failure) [PSYoungGen: 67936K->1469K(67584K)] 447632K->381165K(580096K), 0.0020723 secs] [Times: user=0.01 sys=0.00, real=0.01 secs] 
2772.475: [GC (Allocation Failure) [PSYoungGen: 67515K->1501K(67072K)] 447212K->381197K(579584K), 0.0016010 secs] [Times: user=0.01 sys=0.00, real=0.00 secs] 
2772.610: [GC (Allocation Failure) [PSYoungGen: 67037K->1504K(72704K)] 446733K->381224K(585216K), 0.0020645 secs] [Times: user=0.01 sys=0.00, real=0.00 secs] 
2772.768: [GC (Allocation Failure) [PSYoungGen: 72672K->1501K(73216K)] 452392K->381237K(585728K), 0.0021068 secs] [Times: user=0.00 sys=0.00, real=0.00 secs] 
2773.395: [GC (Allocation Failure) [PSYoungGen: 72669K->1440K(72192K)] 452405K->381176K(584704K), 0.0022994 secs] [Times: user=0.00 sys=0.00, real=0.00 secs] 
2774.031: [GC (Allocation Failure) [PSYoungGen: 72096K->1376K(71680K)] 451832K->381112K(584192K), 0.0026890 secs] [Times: user=0.02 sys=0.00, real=0.00 secs] 
2774.400: [GC (Allocation Failure) [PSYoungGen: 71520K->1376K(71168K)] 451256K->381112K(583680K), 0.0020222 secs] [Times: user=0.01 sys=0.00, real=0.00 secs] 
2774.689: [GC (Allocation Failure) [PSYoungGen: 71008K->1408K(70656K)] 450744K->381152K(583168K), 0.0022007 secs] [Times: user=0.01 sys=0.00, real=0.00 secs] 
2774.886: [GC (Allocation Failure) [PSYoungGen: 70528K->1501K(70144K)] 450272K->381245K(582656K), 0.0016265 secs] [Times: user=0.00 sys=0.00, real=0.00 secs] 
2775.026: [GC (Allocation Failure) [PSYoungGen: 70109K->1501K(75776K)] 449853K->381253K(588288K), 0.0029647 secs] [Times: user=0.01 sys=0.00, real=0.00 secs] 
2775.204: [GC (Allocation Failure) [PSYoungGen: 75741K->1501K(76288K)] 455493K->381253K(588800K), 0.0023582 secs] [Times: user=0.01 sys=0.00, real=0.00 secs] 
2775.426: [GC (Allocation Failure) [PSYoungGen: 75741K->1984K(76288K)] 455493K->382248K(588800K), 0.0020947 secs] [Times: user=0.01 sys=0.00, real=0.00 secs] 
2775.757: [GC (Allocation Failure) [PSYoungGen: 76224K->1408K(75264K)] 456488K->381672K(587776K), 0.0024569 secs] [Times: user=0.01 sys=0.00, real=0.00 secs] 
2776.064: [GC (Allocation Failure) [PSYoungGen: 75136K->1456K(74752K)] 455400K->381720K(587264K), 0.0030367 secs] [Times: user=0.01 sys=0.00, real=0.01 secs] 
2776.412: [GC (Allocation Failure) [PSYoungGen: 74672K->1408K(74240K)] 454936K->381672K(586752K), 0.0020631 secs] [Times: user=0.01 sys=0.00, real=0.00 secs] 
2776.725: [GC (Allocation Failure) [PSYoungGen: 74112K->1485K(73728K)] 454376K->381750K(586240K), 0.0017705 secs] [Times: user=0.01 sys=0.00, real=0.00 secs] 
2776.854: [GC (Allocation Failure) [PSYoungGen: 73677K->1533K(73216K)] 453942K->381797K(585728K), 0.0017444 secs] [Times: user=0.00 sys=0.00, real=0.01 secs] 
2776.979: [GC (Allocation Failure) [PSYoungGen: 73213K->1469K(79872K)] 453477K->381733K(592384K), 0.0017931 secs] [Times: user=0.01 sys=0.00, real=0.00 secs] 
2777.116: [GC (Allocation Failure) [PSYoungGen: 79293K->1533K(79872K)] 459557K->381797K(592384K), 0.0016781 secs] [Times: user=0.00 sys=0.00, real=0.00 secs] 
2778.569: [GC (Allocation Failure) [PSYoungGen: 79357K->1408K(78848K)] 459621K->381680K(591360K), 0.0037357 secs] [Times: user=0.02 sys=0.00, real=0.00 secs] 
2779.097: [GC (Allocation Failure) [PSYoungGen: 78720K->1376K(78336K)] 458992K->381648K(590848K), 0.0034889 secs] [Times: user=0.02 sys=0.00, real=0.00 secs] 
2779.771: [GC (Allocation Failure) [PSYoungGen: 78176K->1408K(77824K)] 458448K->381680K(590336K), 0.0029899 secs] [Times: user=0.02 sys=0.00, real=0.00 secs] 
2780.348: [GC (Allocation Failure) [PSYoungGen: 77696K->1440K(77312K)] 457968K->381728K(589824K), 0.0026794 secs] [Times: user=0.01 sys=0.00, real=0.00 secs] 
2780.525: [GC (Allocation Failure) [PSYoungGen: 77216K->1517K(76800K)] 457504K->381814K(589312K), 0.0017635 secs] [Times: user=0.01 sys=0.00, real=0.00 secs] 
2780.658: [GC (Allocation Failure) [PSYoungGen: 76781K->1469K(76288K)] 457078K->381765K(588800K), 0.0017405 secs] [Times: user=0.01 sys=0.00, real=0.00 secs] 
2780.789: [GC (Allocation Failure) [PSYoungGen: 76221K->1536K(76288K)] 456517K->381832K(588800K), 0.0018398 secs] [Times: user=0.01 sys=0.01, real=0.00 secs] 
2781.479: [GC (Allocation Failure) [PSYoungGen: 75776K->1440K(75264K)] 456072K->381736K(587776K), 0.0019401 secs] [Times: user=0.01 sys=0.00, real=0.00 secs] 
2782.269: [GC (Allocation Failure) [PSYoungGen: 75168K->1376K(74752K)] 455464K->381672K(587264K), 0.0051806 secs] [Times: user=0.02 sys=0.00, real=0.01 secs] 
2783.221: [GC (Allocation Failure) [PSYoungGen: 74592K->1424K(74240K)] 454888K->381720K(586752K), 0.0048524 secs] [Times: user=0.02 sys=0.00, real=0.01 secs] 
2783.884: [GC (Allocation Failure) [PSYoungGen: 74128K->1376K(73728K)] 454424K->381672K(586240K), 0.0035991 secs] [Times: user=0.01 sys=0.00, real=0.00 secs] 
2784.154: [GC (Allocation Failure) [PSYoungGen: 73568K->1469K(73216K)] 453864K->381765K(585728K), 0.0019287 secs] [Times: user=0.01 sys=0.00, real=0.00 secs] 
2784.280: [GC (Allocation Failure) [PSYoungGen: 73149K->1565K(73216K)] 453445K->381861K(585728K), 0.0017533 secs] [Times: user=0.01 sys=0.00, real=0.00 secs] 
2784.405: [GC (Allocation Failure) [PSYoungGen: 72733K->477K(71168K)] 453029K->381797K(583680K), 0.0018124 secs] [Times: user=0.01 sys=0.00, real=0.00 secs] 
2785.455: [GC (Allocation Failure) [PSYoungGen: 71133K->1440K(72192K)] 452453K->382760K(584704K), 0.0043550 secs] [Times: user=0.02 sys=0.00, real=0.00 secs] 
2786.242: [GC (Allocation Failure) [PSYoungGen: 71584K->1360K(71168K)] 452904K->382680K(583680K), 0.0037656 secs] [Times: user=0.02 sys=0.00, real=0.01 secs] 
2786.883: [GC (Allocation Failure) [PSYoungGen: 70992K->1344K(70656K)] 452312K->382664K(583168K), 0.0030311 secs] [Times: user=0.01 sys=0.00, real=0.01 secs] 
2787.509: [GC (Allocation Failure) [PSYoungGen: 70464K->1408K(70144K)] 451784K->382728K(582656K), 0.0023825 secs] [Times: user=0.01 sys=0.00, real=0.00 secs] 
2788.113: [GC (Allocation Failure) [PSYoungGen: 70016K->1469K(69632K)] 451336K->382789K(582144K), 0.0036204 secs] [Times: user=0.01 sys=0.00, real=0.01 secs] 
2788.324: [GC (Allocation Failure) [PSYoungGen: 69565K->1469K(69120K)] 450885K->382789K(581632K), 0.0021267 secs] [Times: user=0.01 sys=0.00, real=0.01 secs] 
2788.484: [GC (Allocation Failure) [PSYoungGen: 69053K->1517K(68608K)] 450373K->382838K(581120K), 0.0021420 secs] [Times: user=0.00 sys=0.00, real=0.01 secs] 
2788.634: [GC (Allocation Failure) [PSYoungGen: 68589K->1501K(69120K)] 449910K->382821K(581632K), 0.0028715 secs] [Times: user=0.01 sys=0.00, real=0.01 secs] 
2789.548: [GC (Allocation Failure) [PSYoungGen: 69085K->1440K(68608K)] 450405K->382760K(581120K), 0.0046494 secs] [Times: user=0.01 sys=0.00, real=0.00 secs] 
2790.102: [GC (Allocation Failure) [PSYoungGen: 68512K->1376K(68096K)] 449832K->382696K(580608K), 0.0034949 secs] [Times: user=0.02 sys=0.00, real=0.01 secs] 
2790.670: [GC (Allocation Failure) [PSYoungGen: 67936K->1344K(67584K)] 449256K->382664K(580096K), 0.0034308 secs] [Times: user=0.01 sys=0.01, real=0.00 secs] 
2791.146: [GC (Allocation Failure) [PSYoungGen: 67392K->1344K(67072K)] 448712K->382664K(579584K), 0.0026478 secs] [Times: user=0.01 sys=0.00, real=0.00 secs] 
2791.557: [GC (Allocation Failure) [PSYoungGen: 66880K->1469K(66560K)] 448200K->382789K(579072K), 0.0022978 secs] [Times: user=0.01 sys=0.00, real=0.00 secs] 
2791.688: [GC (Allocation Failure) [PSYoungGen: 66468K->1469K(66048K)] 447788K->382789K(578560K), 0.0017594 secs] [Times: user=0.00 sys=0.00, real=0.00 secs] 
2791.802: [GC (Allocation Failure) [PSYoungGen: 65981K->1504K(66560K)] 447301K->382824K(579072K), 0.0017679 secs] [Times: user=0.00 sys=0.00, real=0.01 secs] 
2791.916: [GC (Allocation Failure) [PSYoungGen: 66016K->1501K(72192K)] 447336K->382838K(584704K), 0.0017289 secs] [Times: user=0.01 sys=0.00, real=0.00 secs] 
2792.445: [GC (Allocation Failure) [PSYoungGen: 71645K->1440K(71168K)] 452982K->382776K(583680K), 0.0029397 secs] [Times: user=0.02 sys=0.00, real=0.00 secs] 
2793.796: [GC (Allocation Failure) [PSYoungGen: 71072K->1376K(70656K)] 452408K->382712K(583168K), 0.0030329 secs] [Times: user=0.02 sys=0.00, real=0.00 secs] 
2794.426: [GC (Allocation Failure) [PSYoungGen: 70496K->1392K(70144K)] 451832K->382728K(582656K), 0.0031628 secs] [Times: user=0.01 sys=0.00, real=0.00 secs] 
2794.986: [GC (Allocation Failure) [PSYoungGen: 70000K->1376K(69632K)] 451336K->382712K(582144K), 0.0024707 secs] [Times: user=0.01 sys=0.00, real=0.00 secs] 
2795.706: [GC (Allocation Failure) [PSYoungGen: 69472K->1440K(69120K)] 450808K->382776K(581632K), 0.0024423 secs] [Times: user=0.01 sys=0.00, real=0.00 secs] 
2795.853: [GC (Allocation Failure) [PSYoungGen: 69024K->1469K(68608K)] 450360K->382805K(581120K), 0.0017751 secs] [Times: user=0.00 sys=0.00, real=0.01 secs] 
2795.971: [GC (Allocation Failure) [PSYoungGen: 68541K->1485K(68096K)] 449877K->382822K(580608K), 0.0017609 secs] [Times: user=0.00 sys=0.00, real=0.00 secs] 
2796.087: [GC (Allocation Failure) [PSYoungGen: 68045K->1469K(68608K)] 449382K->382821K(581120K), 0.0017981 secs] [Times: user=0.01 sys=0.00, real=0.00 secs] 
2796.308: [GC (Allocation Failure) [PSYoungGen: 68029K->1440K(68608K)] 449381K->382792K(581120K), 0.0020547 secs] [Times: user=0.00 sys=0.00, real=0.00 secs] 
2796.604: [GC (Allocation Failure) [PSYoungGen: 68000K->1408K(67584K)] 449352K->382760K(580096K), 0.0020402 secs] [Times: user=0.01 sys=0.00, real=0.01 secs] 
2796.917: [GC (Allocation Failure) [PSYoungGen: 67456K->1376K(67072K)] 448808K->382728K(579584K), 0.0025542 secs] [Times: user=0.01 sys=0.00, real=0.00 secs] 
2797.192: [GC (Allocation Failure) [PSYoungGen: 66912K->1376K(66560K)] 448264K->382728K(579072K), 0.0026373 secs] [Times: user=0.01 sys=0.00, real=0.01 secs] 
2797.608: [GC (Allocation Failure) [PSYoungGen: 66377K->1501K(66048K)] 447729K->382854K(578560K), 0.0025476 secs] [Times: user=0.01 sys=0.00, real=0.00 secs] 
2797.756: [GC (Allocation Failure) [PSYoungGen: 66013K->1533K(65536K)] 447366K->382886K(578048K), 0.0019325 secs] [Times: user=0.01 sys=0.00, real=0.00 secs] 
2797.870: [GC (Allocation Failure) [PSYoungGen: 65533K->1501K(71680K)] 446886K->382854K(584192K), 0.0017110 secs] [Times: user=0.01 sys=0.00, real=0.00 secs] 
2797.992: [GC (Allocation Failure) [PSYoungGen: 71133K->1501K(71680K)] 452486K->382861K(584192K), 0.0017595 secs] [Times: user=0.01 sys=0.00, real=0.01 secs] 
2798.593: [GC (Allocation Failure) [PSYoungGen: 71133K->1408K(71680K)] 452493K->382768K(584192K), 0.0038626 secs] [Times: user=0.02 sys=0.00, real=0.01 secs] 
2799.588: [GC (Allocation Failure) [PSYoungGen: 71040K->1344K(70656K)] 452400K->382720K(583168K), 0.0035126 secs] [Times: user=0.01 sys=0.00, real=0.00 secs] 
2800.418: [GC (Allocation Failure) [PSYoungGen: 70464K->1360K(70144K)] 451840K->382736K(582656K), 0.0030595 secs] [Times: user=0.01 sys=0.00, real=0.00 secs] 
2801.219: [GC (Allocation Failure) [PSYoungGen: 69968K->1376K(69632K)] 451344K->382752K(582144K), 0.0046118 secs] [Times: user=0.02 sys=0.00, real=0.00 secs] 
2801.770: [GC (Allocation Failure) [PSYoungGen: 69472K->1472K(69120K)] 450848K->382848K(581632K), 0.0029041 secs] [Times: user=0.01 sys=0.00, real=0.00 secs] 
2801.951: [GC (Allocation Failure) [PSYoungGen: 69056K->1469K(68608K)] 450432K->382845K(581120K), 0.0017196 secs] [Times: user=0.01 sys=0.00, real=0.00 secs] 
2802.070: [GC (Allocation Failure) [PSYoungGen: 68541K->1453K(68096K)] 449917K->382830K(580608K), 0.0017531 secs] [Times: user=0.00 sys=0.00, real=0.00 secs] 
2802.186: [GC (Allocation Failure) [PSYoungGen: 68013K->1501K(73728K)] 449390K->382885K(586240K), 0.0016429 secs] [Times: user=0.01 sys=0.00, real=0.00 secs] 
2802.474: [GC (Allocation Failure) [PSYoungGen: 73693K->1440K(73216K)] 455077K->382824K(585728K), 0.0023413 secs] [Times: user=0.01 sys=0.01, real=0.00 secs] 
2803.048: [GC (Allocation Failure) [PSYoungGen: 73120K->1344K(72704K)] 454504K->382728K(585216K), 0.0019087 secs] [Times: user=0.00 sys=0.00, real=0.00 secs] 
2803.623: [GC (Allocation Failure) [PSYoungGen: 72512K->1344K(72192K)] 453896K->382728K(584704K), 0.0035158 secs] [Times: user=0.01 sys=0.00, real=0.01 secs] 
2803.971: [GC (Allocation Failure) [PSYoungGen: 72000K->1376K(71680K)] 453384K->382760K(584192K), 0.0021046 secs] [Times: user=0.00 sys=0.00, real=0.00 secs] 
2804.263: [GC (Allocation Failure) [PSYoungGen: 71520K->1437K(71168K)] 452904K->382821K(583680K), 0.0026859 secs] [Times: user=0.01 sys=0.00, real=0.01 secs] 
2804.465: [GC (Allocation Failure) [PSYoungGen: 71069K->1453K(70656K)] 452453K->382838K(583168K), 0.0022075 secs] [Times: user=0.01 sys=0.00, real=0.00 secs] 
2804.590: [GC (Allocation Failure) [PSYoungGen: 70573K->1485K(70144K)] 451958K->382870K(582656K), 0.0017953 secs] [Times: user=0.01 sys=0.00, real=0.00 secs] 
2804.710: [GC (Allocation Failure) [PSYoungGen: 70064K->1501K(70656K)] 451449K->382902K(583168K), 0.0017701 secs] [Times: user=0.01 sys=0.00, real=0.00 secs] 
2805.367: [GC (Allocation Failure) [PSYoungGen: 70109K->1408K(69632K)] 451510K->382808K(582144K), 0.0044707 secs] [Times: user=0.02 sys=0.00, real=0.00 secs] 
2806.120: [GC (Allocation Failure) [PSYoungGen: 69504K->1344K(69120K)] 450904K->382744K(581632K), 0.0028855 secs] [Times: user=0.01 sys=0.00, real=0.00 secs] 
2806.673: [GC (Allocation Failure) [PSYoungGen: 68928K->1376K(68608K)] 450328K->382776K(581120K), 0.0030401 secs] [Times: user=0.01 sys=0.00, real=0.01 secs] 
2807.305: [GC (Allocation Failure) [PSYoungGen: 68448K->1376K(68096K)] 449848K->382776K(580608K), 0.0048987 secs] [Times: user=0.02 sys=0.01, real=0.00 secs] 
2808.047: [GC (Allocation Failure) [PSYoungGen: 67936K->1469K(67584K)] 449336K->382869K(580096K), 0.0030781 secs] [Times: user=0.02 sys=0.00, real=0.00 secs] 
2808.217: [GC (Allocation Failure) [PSYoungGen: 67517K->1533K(67072K)] 448917K->382934K(579584K), 0.0017063 secs] [Times: user=0.01 sys=0.00, real=0.00 secs] 
2808.333: [GC (Allocation Failure) [PSYoungGen: 67069K->1501K(66560K)] 448470K->382901K(579072K), 0.0017508 secs] [Times: user=0.01 sys=0.00, real=0.01 secs] 
2808.447: [GC (Allocation Failure) [PSYoungGen: 66525K->1533K(67072K)] 447925K->382941K(579584K), 0.0017713 secs] [Times: user=0.00 sys=0.01, real=0.00 secs] 
2808.727: [GC (Allocation Failure) [PSYoungGen: 66557K->1408K(66048K)] 447965K->382816K(578560K), 0.0019935 secs] [Times: user=0.01 sys=0.00, real=0.00 secs] 
2809.169: [GC (Allocation Failure) [PSYoungGen: 65920K->1408K(65536K)] 447328K->382816K(578048K), 0.0019085 secs] [Times: user=0.01 sys=0.00, real=0.00 secs] 
2809.672: [GC (Allocation Failure) [PSYoungGen: 65408K->1408K(65024K)] 446816K->382816K(577536K), 0.0034489 secs] [Times: user=0.01 sys=0.00, real=0.01 secs] 
2810.543: [GC (Allocation Failure) [PSYoungGen: 64896K->1424K(64512K)] 446304K->382832K(577024K), 0.0043695 secs] [Times: user=0.02 sys=0.00, real=0.01 secs] 
2811.442: [GC (Allocation Failure) [PSYoungGen: 64400K->1437K(64000K)] 445808K->382869K(576512K), 0.0034338 secs] [Times: user=0.02 sys=0.00, real=0.01 secs] 
2811.636: [GC (Allocation Failure) [PSYoungGen: 63901K->1533K(63488K)] 445333K->382966K(576000K), 0.0021525 secs] [Times: user=0.01 sys=0.00, real=0.00 secs] 
2811.752: [GC (Allocation Failure) [PSYoungGen: 63485K->1437K(62976K)] 444918K->382869K(575488K), 0.0017198 secs] [Times: user=0.01 sys=0.00, real=0.00 secs] 
2811.860: [GC (Allocation Failure) [PSYoungGen: 62877K->1501K(63488K)] 444309K->382949K(576000K), 0.0018286 secs] [Times: user=0.00 sys=0.00, real=0.00 secs] 
2811.968: [GC (Allocation Failure) [PSYoungGen: 62941K->1501K(63488K)] 444389K->382949K(576000K), 0.0016739 secs] [Times: user=0.01 sys=0.00, real=0.00 secs] 
2813.271: [GC (Allocation Failure) [PSYoungGen: 62941K->1408K(68096K)] 444389K->382856K(580608K), 0.0049006 secs] [Times: user=0.01 sys=0.00, real=0.01 secs] 
2813.995: [GC (Allocation Failure) [PSYoungGen: 67968K->1376K(67584K)] 449416K->382824K(580096K), 0.0027102 secs] [Times: user=0.01 sys=0.00, real=0.00 secs] 
2814.590: [GC (Allocation Failure) [PSYoungGen: 67424K->1376K(67072K)] 448872K->382824K(579584K), 0.0030321 secs] [Times: user=0.02 sys=0.00, real=0.00 secs] 
2815.376: [GC (Allocation Failure) [PSYoungGen: 66912K->1408K(66560K)] 448360K->382856K(579072K), 0.0025188 secs] [Times: user=0.01 sys=0.01, real=0.00 secs] 
2815.803: [GC (Allocation Failure) [PSYoungGen: 66430K->1469K(66048K)] 447879K->382917K(578560K), 0.0021732 secs] [Times: user=0.01 sys=0.00, real=0.01 secs] 
2815.925: [GC (Allocation Failure) [PSYoungGen: 65981K->1485K(65536K)] 447429K->382934K(578048K), 0.0023187 secs] [Times: user=0.01 sys=0.00, real=0.00 secs] 
2816.038: [GC (Allocation Failure) [PSYoungGen: 65485K->1533K(66048K)] 446934K->382990K(578560K), 0.0016986 secs] [Times: user=0.01 sys=0.00, real=0.00 secs] 
2816.168: [GC (Allocation Failure) [PSYoungGen: 65533K->1472K(66048K)] 446990K->382928K(578560K), 0.0019754 secs] [Times: user=0.01 sys=0.00, real=0.00 secs] 
2816.758: [GC (Allocation Failure) [PSYoungGen: 65472K->1408K(70656K)] 446928K->382864K(583168K), 0.0030393 secs] [Times: user=0.01 sys=0.00, real=0.00 secs] 
2817.372: [GC (Allocation Failure) [PSYoungGen: 70528K->1408K(70144K)] 451984K->382864K(582656K), 0.0027690 secs] [Times: user=0.01 sys=0.00, real=0.01 secs] 
2817.835: [GC (Allocation Failure) [PSYoungGen: 70016K->1408K(69632K)] 451472K->382864K(582144K), 0.0022879 secs] [Times: user=0.01 sys=0.00, real=0.00 secs] 
2818.151: [GC (Allocation Failure) [PSYoungGen: 69504K->1376K(69120K)] 450960K->382832K(581632K), 0.0022651 secs] [Times: user=0.01 sys=0.00, real=0.00 secs] 
2818.463: [GC (Allocation Failure) [PSYoungGen: 68960K->1501K(68608K)] 450416K->382957K(581120K), 0.0017630 secs] [Times: user=0.01 sys=0.00, real=0.01 secs] 
2818.580: [GC (Allocation Failure) [PSYoungGen: 68573K->1533K(68096K)] 450029K->382990K(580608K), 0.0018227 secs] [Times: user=0.01 sys=0.00, real=0.00 secs] 
2818.699: [GC (Allocation Failure) [PSYoungGen: 68093K->1501K(68608K)] 449550K->382958K(581120K), 0.0017979 secs] [Times: user=0.00 sys=0.00, real=0.00 secs] 
2818.816: [GC (Allocation Failure) [PSYoungGen: 68061K->1501K(68608K)] 449518K->382966K(581120K), 0.0017784 secs] [Times: user=0.01 sys=0.00, real=0.00 secs] 
2819.615: [GC (Allocation Failure) [PSYoungGen: 68061K->1408K(67584K)] 449526K->382880K(580096K), 0.0032460 secs] [Times: user=0.01 sys=0.01, real=0.00 secs] 
2820.154: [GC (Allocation Failure) [PSYoungGen: 67456K->1408K(67072K)] 448928K->382904K(579584K), 0.0024357 secs] [Times: user=0.01 sys=0.00, real=0.00 secs] 
2820.662: [GC (Allocation Failure) [PSYoungGen: 66944K->1344K(66560K)] 448440K->382840K(579072K), 0.0022321 secs] [Times: user=0.01 sys=0.01, real=0.01 secs] 
2821.176: [GC (Allocation Failure) [PSYoungGen: 66368K->1344K(66048K)] 447864K->382840K(578560K), 0.0024686 secs] [Times: user=0.01 sys=0.00, real=0.00 secs] 
2821.600: [GC (Allocation Failure) [PSYoungGen: 65856K->1469K(65536K)] 447352K->382966K(578048K), 0.0022121 secs] [Times: user=0.01 sys=0.01, real=0.00 secs] 
2821.735: [GC (Allocation Failure) [PSYoungGen: 65469K->1501K(65024K)] 446966K->382998K(577536K), 0.0017302 secs] [Times: user=0.01 sys=0.01, real=0.00 secs] 
2821.868: [GC (Allocation Failure) [PSYoungGen: 64989K->1469K(64512K)] 446486K->382966K(577024K), 0.0020238 secs] [Times: user=0.01 sys=0.00, real=0.00 secs] 
2822.025: [GC (Allocation Failure) [PSYoungGen: 64445K->1488K(70656K)] 445942K->382992K(583168K), 0.0023000 secs] [Times: user=0.00 sys=0.00, real=0.00 secs] 
2822.450: [GC (Allocation Failure) [PSYoungGen: 70096K->1440K(70656K)] 451600K->382944K(583168K), 0.0036018 secs] [Times: user=0.02 sys=0.00, real=0.00 secs] 
2823.099: [GC (Allocation Failure) [PSYoungGen: 70048K->1408K(69632K)] 451552K->382912K(582144K), 0.0027529 secs] [Times: user=0.01 sys=0.00, real=0.00 secs] 
2823.674: [GC (Allocation Failure) [PSYoungGen: 69504K->1376K(69120K)] 451008K->382880K(581632K), 0.0027154 secs] [Times: user=0.02 sys=0.00, real=0.00 secs] 
2824.410: [GC (Allocation Failure) [PSYoungGen: 68960K->1392K(68608K)] 450464K->382896K(581120K), 0.0029795 secs] [Times: user=0.01 sys=0.00, real=0.00 secs] 
2825.113: [GC (Allocation Failure) [PSYoungGen: 68464K->1469K(68096K)] 449968K->382973K(580608K), 0.0028048 secs] [Times: user=0.01 sys=0.00, real=0.01 secs] 
2825.280: [GC (Allocation Failure) [PSYoungGen: 68029K->1485K(68608K)] 449533K->382990K(581120K), 0.0048340 secs] [Times: user=0.02 sys=0.00, real=0.01 secs] 
2825.400: [GC (Allocation Failure) [PSYoungGen: 68024K->1533K(74752K)] 449529K->383038K(587264K), 0.0016913 secs] [Times: user=0.01 sys=0.00, real=0.00 secs] 
2825.527: [GC (Allocation Failure) [PSYoungGen: 74237K->1533K(74752K)] 455742K->383054K(587264K), 0.0017236 secs] [Times: user=0.01 sys=0.00, real=0.00 secs] 
2825.739: [GC (Allocation Failure) [PSYoungGen: 74237K->1456K(81408K)] 455758K->382976K(593920K), 0.0020395 secs] [Times: user=0.01 sys=0.00, real=0.00 secs] 
2826.069: [GC (Allocation Failure) [PSYoungGen: 80816K->1408K(81408K)] 462336K->382928K(593920K), 0.0019080 secs] [Times: user=0.00 sys=0.00, real=0.00 secs] 
2826.439: [GC (Allocation Failure) [PSYoungGen: 80768K->1440K(80384K)] 462288K->382960K(592896K), 0.0017907 secs] [Times: user=0.01 sys=0.00, real=0.00 secs] 
2827.152: [GC (Allocation Failure) [PSYoungGen: 80288K->1408K(79872K)] 461808K->382928K(592384K), 0.0032882 secs] [Times: user=0.01 sys=0.00, real=0.01 secs] 
2827.478: [GC (Allocation Failure) [PSYoungGen: 79744K->1469K(79360K)] 461264K->382989K(591872K), 0.0017623 secs] [Times: user=0.01 sys=0.00, real=0.00 secs] 
2827.615: [GC (Allocation Failure) [PSYoungGen: 79293K->1501K(78848K)] 460813K->383021K(591360K), 0.0017669 secs] [Times: user=0.01 sys=0.00, real=0.00 secs] 
2827.751: [GC (Allocation Failure) [PSYoungGen: 78813K->1501K(78336K)] 460333K->383021K(590848K), 0.0017420 secs] [Times: user=0.00 sys=0.00, real=0.00 secs] 
2828.210: [GC (Allocation Failure) [PSYoungGen: 78301K->1440K(77824K)] 459821K->382968K(590336K), 0.0019702 secs] [Times: user=0.01 sys=0.01, real=0.00 secs] 
2828.892: [GC (Allocation Failure) [PSYoungGen: 77728K->1392K(77312K)] 459256K->382920K(589824K), 0.0033504 secs] [Times: user=0.01 sys=0.00, real=0.01 secs] 
2829.203: [GC (Allocation Failure) [PSYoungGen: 77168K->1376K(76800K)] 458696K->382904K(589312K), 0.0022890 secs] [Times: user=0.01 sys=0.00, real=0.01 secs] 
2829.694: [GC (Allocation Failure) [PSYoungGen: 76640K->1408K(76288K)] 458168K->382936K(588800K), 0.0020800 secs] [Times: user=0.01 sys=0.00, real=0.00 secs] 
2830.007: [GC (Allocation Failure) [PSYoungGen: 76160K->1469K(75776K)] 457688K->383014K(588288K), 0.0018707 secs] [Times: user=0.01 sys=0.00, real=0.00 secs] 
2830.140: [GC (Allocation Failure) [PSYoungGen: 75709K->1504K(75264K)] 457254K->383048K(587776K), 0.0017189 secs] [Times: user=0.01 sys=0.00, real=0.00 secs] 
2830.270: [GC (Allocation Failure) [PSYoungGen: 75232K->1472K(74752K)] 456776K->383016K(587264K), 0.0018392 secs] [Times: user=0.00 sys=0.00, real=0.00 secs] 
2830.552: [GC (Allocation Failure) [PSYoungGen: 74688K->1408K(74240K)] 456232K->382952K(586752K), 0.0020347 secs] [Times: user=0.01 sys=0.00, real=0.01 secs] 
2831.115: [GC (Allocation Failure) [PSYoungGen: 74112K->1392K(73728K)] 455656K->382936K(586240K), 0.0021600 secs] [Times: user=0.01 sys=0.00, real=0.00 secs] 
2831.561: [GC (Allocation Failure) [PSYoungGen: 73584K->1408K(73216K)] 455128K->382952K(585728K), 0.0025374 secs] [Times: user=0.01 sys=0.00, real=0.00 secs] 
2831.884: [GC (Allocation Failure) [PSYoungGen: 73088K->1344K(72704K)] 454632K->382888K(585216K), 0.0024191 secs] [Times: user=0.01 sys=0.00, real=0.00 secs] 
2832.189: [GC (Allocation Failure) [PSYoungGen: 72512K->1437K(72192K)] 454056K->382981K(584704K), 0.0021179 secs] [Times: user=0.01 sys=0.00, real=0.00 secs] 
2832.321: [GC (Allocation Failure) [PSYoungGen: 72093K->1501K(71680K)] 453637K->383045K(584192K), 0.0018844 secs] [Times: user=0.01 sys=0.00, real=0.00 secs] 
2832.444: [GC (Allocation Failure) [PSYoungGen: 71645K->1533K(71168K)] 453189K->383078K(583680K), 0.0016778 secs] [Times: user=0.01 sys=0.00, real=0.01 secs] 
2832.585: [GC (Allocation Failure) [PSYoungGen: 71165K->1533K(77312K)] 452710K->383078K(589824K), 0.0020232 secs] [Times: user=0.01 sys=0.00, real=0.00 secs] 
2833.096: [GC (Allocation Failure) [PSYoungGen: 77309K->1376K(76800K)] 458854K->382920K(589312K), 0.0021942 secs] [Times: user=0.01 sys=0.00, real=0.00 secs] 
2833.673: [GC (Allocation Failure) [PSYoungGen: 76640K->1344K(76288K)] 458184K->382888K(588800K), 0.0045533 secs] [Times: user=0.02 sys=0.00, real=0.01 secs] 
2834.250: [GC (Allocation Failure) [PSYoungGen: 76096K->1376K(75776K)] 457640K->382920K(588288K), 0.0029833 secs] [Times: user=0.02 sys=0.00, real=0.00 secs] 
2834.837: [GC (Allocation Failure) [PSYoungGen: 75616K->1408K(75264K)] 457160K->382952K(587776K), 0.0027852 secs] [Times: user=0.01 sys=0.00, real=0.00 secs] 
2835.094: [GC (Allocation Failure) [PSYoungGen: 75136K->1485K(74752K)] 456680K->383030K(587264K), 0.0018485 secs] [Times: user=0.01 sys=0.00, real=0.01 secs] 
2835.223: [GC (Allocation Failure) [PSYoungGen: 74701K->1549K(74752K)] 456246K->383094K(587264K), 0.0017366 secs] [Times: user=0.01 sys=0.00, real=0.01 secs] 
2835.352: [GC (Allocation Failure) [PSYoungGen: 74253K->1469K(73728K)] 455798K->383013K(586240K), 0.0017376 secs] [Times: user=0.00 sys=0.00, real=0.00 secs] 
2836.251: [GC (Allocation Failure) [PSYoungGen: 73661K->1456K(73216K)] 455205K->383000K(585728K), 0.0033429 secs] [Times: user=0.01 sys=0.00, real=0.01 secs] 
2837.279: [GC (Allocation Failure) [PSYoungGen: 73136K->1344K(72704K)] 454680K->382888K(585216K), 0.0042651 secs] [Times: user=0.02 sys=0.00, real=0.00 secs] 
2837.948: [GC (Allocation Failure) [PSYoungGen: 72512K->1360K(72192K)] 454056K->382904K(584704K), 0.0029634 secs] [Times: user=0.01 sys=0.00, real=0.00 secs] 
2838.456: [GC (Allocation Failure) [PSYoungGen: 72016K->1408K(71680K)] 453560K->382952K(584192K), 0.0022252 secs] [Times: user=0.01 sys=0.00, real=0.00 secs] 
2838.732: [GC (Allocation Failure) [PSYoungGen: 71552K->1421K(71168K)] 453096K->382966K(583680K), 0.0018193 secs] [Times: user=0.00 sys=0.00, real=0.00 secs] 
2838.855: [GC (Allocation Failure) [PSYoungGen: 71042K->1501K(70656K)] 452586K->383045K(583168K), 0.0018594 secs] [Times: user=0.00 sys=0.00, real=0.00 secs] 
2838.978: [GC (Allocation Failure) [PSYoungGen: 70621K->1533K(70144K)] 452165K->383078K(582656K), 0.0017432 secs] [Times: user=0.01 sys=0.00, real=0.00 secs] 
2839.099: [GC (Allocation Failure) [PSYoungGen: 70117K->1437K(70656K)] 451662K->382981K(583168K), 0.0017052 secs] [Times: user=0.01 sys=0.00, real=0.00 secs] 
2840.612: [GC (Allocation Failure) [PSYoungGen: 70557K->1440K(70144K)] 452101K->382984K(582656K), 0.0051113 secs] [Times: user=0.02 sys=0.00, real=0.01 secs] 
2841.737: [GC (Allocation Failure) [PSYoungGen: 70048K->1408K(69632K)] 451592K->382952K(582144K), 0.0049252 secs] [Times: user=0.02 sys=0.00, real=0.00 secs] 
2842.270: [GC (Allocation Failure) [PSYoungGen: 69504K->1344K(69120K)] 451048K->382888K(581632K), 0.0026745 secs] [Times: user=0.01 sys=0.00, real=0.00 secs] 
2843.001: [GC (Allocation Failure) [PSYoungGen: 68928K->1344K(68608K)] 450472K->382904K(581120K), 0.0031611 secs] [Times: user=0.02 sys=0.00, real=0.00 secs] 
2843.504: [GC (Allocation Failure) [PSYoungGen: 68416K->1501K(68096K)] 449976K->383061K(580608K), 0.0024420 secs] [Times: user=0.01 sys=0.00, real=0.01 secs] 
2843.635: [GC (Allocation Failure) [PSYoungGen: 68061K->1469K(67584K)] 449621K->383029K(580096K), 0.0018209 secs] [Times: user=0.01 sys=0.00, real=0.00 secs] 
2843.751: [GC (Allocation Failure) [PSYoungGen: 67517K->1469K(67072K)] 449077K->383029K(579584K), 0.0017910 secs] [Times: user=0.01 sys=0.00, real=0.00 secs] 
2843.868: [GC (Allocation Failure) [PSYoungGen: 67005K->1472K(67584K)] 448565K->383048K(580096K), 0.0017821 secs] [Times: user=0.01 sys=0.00, real=0.00 secs] 
2844.196: [GC (Allocation Failure) [PSYoungGen: 67008K->1440K(66560K)] 448584K->383016K(579072K), 0.0022667 secs] [Times: user=0.01 sys=0.00, real=0.00 secs] 
2844.630: [GC (Allocation Failure) [PSYoungGen: 66464K->1376K(66048K)] 448040K->382952K(578560K), 0.0021514 secs] [Times: user=0.01 sys=0.00, real=0.00 secs] 
2845.138: [GC (Allocation Failure) [PSYoungGen: 65888K->1408K(65536K)] 447464K->382984K(578048K), 0.0021784 secs] [Times: user=0.01 sys=0.00, real=0.00 secs] 
2845.772: [GC (Allocation Failure) [PSYoungGen: 65408K->1344K(65024K)] 446984K->382920K(577536K), 0.0034348 secs] [Times: user=0.02 sys=0.00, real=0.01 secs] 
2846.208: [GC (Allocation Failure) [PSYoungGen: 64832K->1469K(64512K)] 446408K->383045K(577024K), 0.0022574 secs] [Times: user=0.01 sys=0.00, real=0.00 secs] 
2846.333: [GC (Allocation Failure) [PSYoungGen: 64445K->1533K(64000K)] 446021K->383110K(576512K), 0.0018016 secs] [Times: user=0.01 sys=0.00, real=0.01 secs] 
2846.458: [GC (Allocation Failure) [PSYoungGen: 63997K->1501K(64512K)] 445574K->383078K(577024K), 0.0019968 secs] [Times: user=0.01 sys=0.00, real=0.00 secs] 
2846.606: [GC (Allocation Failure) [PSYoungGen: 63948K->1469K(69632K)] 445524K->383053K(582144K), 0.0021206 secs] [Times: user=0.00 sys=0.00, real=0.00 secs] 
2846.826: [GC (Allocation Failure) [PSYoungGen: 69053K->1440K(69632K)] 450637K->383024K(582144K), 0.0023105 secs] [Times: user=0.01 sys=0.00, real=0.00 secs] 
2847.108: [GC (Allocation Failure) [PSYoungGen: 69024K->1408K(74752K)] 450608K->382992K(587264K), 0.0021672 secs] [Times: user=0.01 sys=0.00, real=0.00 secs] 
2847.412: [GC (Allocation Failure) [PSYoungGen: 74624K->1392K(74240K)] 456208K->382976K(586752K), 0.0022170 secs] [Times: user=0.00 sys=0.00, real=0.01 secs] 
2847.889: [GC (Allocation Failure) [PSYoungGen: 74096K->1408K(73728K)] 455680K->382992K(586240K), 0.0021134 secs] [Times: user=0.01 sys=0.00, real=0.00 secs] 
2848.283: [GC (Allocation Failure) [PSYoungGen: 73600K->1504K(73216K)] 455184K->383088K(585728K), 0.0018199 secs] [Times: user=0.01 sys=0.00, real=0.01 secs] 
2848.409: [GC (Allocation Failure) [PSYoungGen: 73184K->1469K(72704K)] 454768K->383053K(585216K), 0.0017461 secs] [Times: user=0.01 sys=0.00, real=0.00 secs] 
2848.534: [GC (Allocation Failure) [PSYoungGen: 72637K->1501K(73216K)] 454221K->383085K(585728K), 0.0018420 secs] [Times: user=0.01 sys=0.00, real=0.01 secs] 
2848.659: [GC (Allocation Failure) [PSYoungGen: 72669K->1501K(78848K)] 454253K->383102K(591360K), 0.0021622 secs] [Times: user=0.01 sys=0.00, real=0.00 secs] 
2849.188: [GC (Allocation Failure) [PSYoungGen: 78301K->1408K(77824K)] 459902K->383024K(590336K), 0.0021943 secs] [Times: user=0.01 sys=0.00, real=0.00 secs] 
2849.613: [GC (Allocation Failure) [PSYoungGen: 77696K->1408K(77312K)] 459312K->383024K(589824K), 0.0022428 secs] [Times: user=0.01 sys=0.00, real=0.01 secs] 
2849.928: [GC (Allocation Failure) [PSYoungGen: 77184K->1408K(76800K)] 458800K->383024K(589312K), 0.0022703 secs] [Times: user=0.01 sys=0.00, real=0.00 secs] 
2850.298: [GC (Allocation Failure) [PSYoungGen: 76672K->1469K(76288K)] 458288K->383085K(588800K), 0.0021528 secs] [Times: user=0.01 sys=0.00, real=0.00 secs] 
2850.439: [GC (Allocation Failure) [PSYoungGen: 76199K->1533K(75776K)] 457816K->383150K(588288K), 0.0017373 secs] [Times: user=0.01 sys=0.00, real=0.00 secs] 
2850.571: [GC (Allocation Failure) [PSYoungGen: 75773K->1501K(75264K)] 457390K->383118K(587776K), 0.0018520 secs] [Times: user=0.01 sys=0.00, real=0.00 secs] 
2850.699: [GC (Allocation Failure) [PSYoungGen: 75229K->1504K(75776K)] 456846K->383120K(588288K), 0.0017139 secs] [Times: user=0.01 sys=0.00, real=0.00 secs] 
2851.217: [GC (Allocation Failure) [PSYoungGen: 75232K->1440K(74752K)] 456848K->383064K(587264K), 0.0022903 secs] [Times: user=0.01 sys=0.00, real=0.00 secs] 
2851.867: [GC (Allocation Failure) [PSYoungGen: 74656K->1360K(74240K)] 456280K->382984K(586752K), 0.0026687 secs] [Times: user=0.01 sys=0.00, real=0.00 secs] 
2852.539: [GC (Allocation Failure) [PSYoungGen: 74064K->1408K(73728K)] 455688K->383032K(586240K), 0.0025901 secs] [Times: user=0.01 sys=0.00, real=0.00 secs] 
2853.147: [GC (Allocation Failure) [PSYoungGen: 73600K->1408K(73216K)] 455224K->383032K(585728K), 0.0030781 secs] [Times: user=0.01 sys=0.00, real=0.00 secs] 
2853.602: [GC (Allocation Failure) [PSYoungGen: 73088K->1501K(72704K)] 454712K->383126K(585216K), 0.0020123 secs] [Times: user=0.01 sys=0.00, real=0.01 secs] 
2853.733: [GC (Allocation Failure) [PSYoungGen: 72669K->1469K(72192K)] 454294K->383093K(584704K), 0.0017317 secs] [Times: user=0.00 sys=0.00, real=0.01 secs] 
2853.857: [GC (Allocation Failure) [PSYoungGen: 72125K->1501K(71680K)] 453749K->383126K(584192K), 0.0018159 secs] [Times: user=0.01 sys=0.00, real=0.00 secs] 
2854.124: [GC (Allocation Failure) [PSYoungGen: 71645K->1664K(71680K)] 453270K->383288K(584192K), 0.0023817 secs] [Times: user=0.01 sys=0.00, real=0.01 secs] 
2855.076: [GC (Allocation Failure) [PSYoungGen: 71296K->352K(69632K)] 452920K->383000K(582144K), 0.0048311 secs] [Times: user=0.02 sys=0.00, real=0.00 secs] 
2855.749: [GC (Allocation Failure) [PSYoungGen: 69472K->384K(70656K)] 452120K->383032K(583168K), 0.0025882 secs] [Times: user=0.01 sys=0.00, real=0.00 secs] 
2856.058: [GC (Allocation Failure) [PSYoungGen: 68992K->384K(68608K)] 451640K->383032K(581120K), 0.0023296 secs] [Times: user=0.01 sys=0.00, real=0.00 secs] 
2856.431: [GC (Allocation Failure) [PSYoungGen: 68346K->288K(68096K)] 450995K->382936K(580608K), 0.0019379 secs] [Times: user=0.01 sys=0.00, real=0.00 secs] 
2856.575: [GC (Allocation Failure) [PSYoungGen: 67872K->1456K(68608K)] 450520K->384104K(581120K), 0.0018564 secs] [Times: user=0.01 sys=0.00, real=0.00 secs] 
2856.694: [GC (Allocation Failure) [PSYoungGen: 68528K->1501K(68096K)] 451176K->384150K(580608K), 0.0017897 secs] [Times: user=0.01 sys=0.00, real=0.00 secs] 
2856.813: [GC (Allocation Failure) [PSYoungGen: 68061K->1485K(72704K)] 450710K->384134K(585216K), 0.0017749 secs] [Times: user=0.01 sys=0.00, real=0.01 secs] 
2857.465: [GC (Allocation Failure) [PSYoungGen: 71629K->1440K(71168K)] 454278K->384088K(583680K), 0.0045240 secs] [Times: user=0.02 sys=0.00, real=0.00 secs] 
2860.063: [GC (Allocation Failure) [PSYoungGen: 71072K->1344K(71168K)] 453720K->383992K(583680K), 0.0049947 secs] [Times: user=0.02 sys=0.00, real=0.01 secs] 
2860.674: [GC (Allocation Failure) [PSYoungGen: 70464K->1376K(70144K)] 453112K->384024K(582656K), 0.0036330 secs] [Times: user=0.01 sys=0.00, real=0.01 secs] 
2861.517: [GC (Allocation Failure) [PSYoungGen: 69984K->1376K(70144K)] 452632K->384024K(582656K), 0.0048004 secs] [Times: user=0.02 sys=0.00, real=0.00 secs] 
2862.517: [GC (Allocation Failure) [PSYoungGen: 69472K->1440K(69120K)] 452120K->384088K(581632K), 0.0037339 secs] [Times: user=0.01 sys=0.00, real=0.00 secs] 
2862.716: [GC (Allocation Failure) [PSYoungGen: 69024K->1565K(69120K)] 451672K->384214K(581632K), 0.0018165 secs] [Times: user=0.00 sys=0.00, real=0.00 secs] 
2862.835: [GC (Allocation Failure) [PSYoungGen: 68637K->1533K(68096K)] 451286K->384182K(580608K), 0.0017581 secs] [Times: user=0.01 sys=0.00, real=0.00 secs] 
2862.951: [GC (Allocation Failure) [PSYoungGen: 68093K->1549K(69120K)] 450742K->384214K(581632K), 0.0020662 secs] [Times: user=0.01 sys=0.00, real=0.00 secs] 
2863.201: [GC (Allocation Failure) [PSYoungGen: 68109K->1408K(69120K)] 450774K->384096K(581632K), 0.0019401 secs] [Times: user=0.01 sys=0.00, real=0.00 secs] 
2863.505: [GC (Allocation Failure) [PSYoungGen: 67968K->1408K(67584K)] 450656K->384096K(580096K), 0.0020642 secs] [Times: user=0.01 sys=0.00, real=0.00 secs] 
2863.779: [GC (Allocation Failure) [PSYoungGen: 67456K->1408K(67072K)] 450144K->384096K(579584K), 0.0019608 secs] [Times: user=0.00 sys=0.00, real=0.00 secs] 
2864.099: [GC (Allocation Failure) [PSYoungGen: 66944K->1392K(66560K)] 449632K->384080K(579072K), 0.0030481 secs] [Times: user=0.02 sys=0.00, real=0.00 secs] 
2864.556: [GC (Allocation Failure) [PSYoungGen: 66416K->1376K(66048K)] 449104K->384064K(578560K), 0.0043031 secs] [Times: user=0.01 sys=0.01, real=0.00 secs] 
2864.745: [GC (Allocation Failure) [PSYoungGen: 65888K->1533K(65536K)] 448576K->384222K(578048K), 0.0017099 secs] [Times: user=0.01 sys=0.00, real=0.00 secs] 
2864.858: [GC (Allocation Failure) [PSYoungGen: 65533K->1533K(71680K)] 448222K->384222K(584192K), 0.0017843 secs] [Times: user=0.01 sys=0.00, real=0.00 secs] 
2864.981: [GC (Allocation Failure) [PSYoungGen: 71165K->1469K(71680K)] 453854K->384166K(584192K), 0.0017727 secs] [Times: user=0.01 sys=0.00, real=0.00 secs] 
2865.464: [GC (Allocation Failure) [PSYoungGen: 71101K->2016K(71680K)] 453798K->384712K(584192K), 0.0047180 secs] [Times: user=0.02 sys=0.00, real=0.00 secs] 
2866.537: [GC (Allocation Failure) [PSYoungGen: 71648K->1376K(70656K)] 454344K->384072K(583168K), 0.0033371 secs] [Times: user=0.01 sys=0.00, real=0.00 secs] 
2867.082: [GC (Allocation Failure) [PSYoungGen: 70496K->1408K(70144K)] 453192K->384104K(582656K), 0.0045710 secs] [Times: user=0.01 sys=0.00, real=0.01 secs] 
2867.638: [GC (Allocation Failure) [PSYoungGen: 70016K->1424K(69632K)] 452712K->384120K(582144K), 0.0034789 secs] [Times: user=0.01 sys=0.00, real=0.00 secs] 
2868.201: [GC (Allocation Failure) [PSYoungGen: 69520K->1437K(69120K)] 452216K->384134K(581632K), 0.0050251 secs] [Times: user=0.02 sys=0.00, real=0.01 secs] 
2868.442: [GC (Allocation Failure) [PSYoungGen: 69021K->1485K(68608K)] 451718K->384182K(581120K), 0.0020790 secs] [Times: user=0.01 sys=0.00, real=0.00 secs] 
2868.568: [GC (Allocation Failure) [PSYoungGen: 68557K->1533K(68096K)] 451254K->384230K(580608K), 0.0017851 secs] [Times: user=0.01 sys=0.00, real=0.00 secs] 
2868.685: [GC (Allocation Failure) [PSYoungGen: 68093K->1501K(73728K)] 450790K->384214K(586240K), 0.0017798 secs] [Times: user=0.01 sys=0.00, real=0.00 secs] 
2869.082: [GC (Allocation Failure) [PSYoungGen: 73693K->1408K(73216K)] 456406K->384120K(585728K), 0.0022838 secs] [Times: user=0.00 sys=0.00, real=0.01 secs] 
2869.942: [GC (Allocation Failure) [PSYoungGen: 73088K->1408K(72704K)] 455800K->384120K(585216K), 0.0027941 secs] [Times: user=0.01 sys=0.00, real=0.01 secs] 
2870.982: [GC (Allocation Failure) [PSYoungGen: 72576K->1392K(72192K)] 455288K->384104K(584704K), 0.0049399 secs] [Times: user=0.02 sys=0.00, real=0.01 secs] 
2871.860: [GC (Allocation Failure) [PSYoungGen: 72048K->1360K(71680K)] 454760K->384088K(584192K), 0.0049507 secs] [Times: user=0.02 sys=0.00, real=0.01 secs] 
2872.514: [GC (Allocation Failure) [PSYoungGen: 71504K->1485K(71168K)] 454232K->384214K(583680K), 0.0025268 secs] [Times: user=0.01 sys=0.00, real=0.00 secs] 
2872.677: [GC (Allocation Failure) [PSYoungGen: 71094K->1469K(70656K)] 453822K->384198K(583168K), 0.0018036 secs] [Times: user=0.01 sys=0.00, real=0.00 secs] 
2872.800: [GC (Allocation Failure) [PSYoungGen: 70589K->1501K(70144K)] 453318K->384230K(582656K), 0.0018273 secs] [Times: user=0.01 sys=0.00, real=0.00 secs] 
2872.920: [GC (Allocation Failure) [PSYoungGen: 70088K->1501K(70656K)] 452817K->384238K(583168K), 0.0017879 secs] [Times: user=0.01 sys=0.00, real=0.00 secs] 
2873.517: [GC (Allocation Failure) [PSYoungGen: 70109K->1456K(69632K)] 452846K->384192K(582144K), 0.0021135 secs] [Times: user=0.01 sys=0.00, real=0.00 secs] 
2874.640: [GC (Allocation Failure) [PSYoungGen: 69552K->1392K(69120K)] 452288K->384128K(581632K), 0.0045314 secs] [Times: user=0.02 sys=0.00, real=0.01 secs] 
2875.188: [GC (Allocation Failure) [PSYoungGen: 68976K->1408K(68608K)] 451712K->384144K(581120K), 0.0023909 secs] [Times: user=0.01 sys=0.00, real=0.00 secs] 
2875.468: [GC (Allocation Failure) [PSYoungGen: 68480K->1376K(68096K)] 451216K->384112K(580608K), 0.0022935 secs] [Times: user=0.01 sys=0.00, real=0.00 secs] 
2875.716: [GC (Allocation Failure) [PSYoungGen: 67936K->1501K(67584K)] 450672K->384238K(580096K), 0.0018063 secs] [Times: user=0.00 sys=0.00, real=0.00 secs] 
2875.834: [GC (Allocation Failure) [PSYoungGen: 67549K->1533K(67072K)] 450286K->384270K(579584K), 0.0017583 secs] [Times: user=0.01 sys=0.00, real=0.01 secs] 
2875.950: [GC (Allocation Failure) [PSYoungGen: 67069K->1517K(67584K)] 449806K->384254K(580096K), 0.0018450 secs] [Times: user=0.00 sys=0.00, real=0.00 secs] 
2876.066: [GC (Allocation Failure) [PSYoungGen: 67053K->1501K(73216K)] 449790K->384254K(585728K), 0.0017073 secs] [Times: user=0.01 sys=0.00, real=0.00 secs] 
2877.430: [GC (Allocation Failure) [PSYoungGen: 72669K->1472K(72192K)] 455422K->384224K(584704K), 0.0048172 secs] [Times: user=0.02 sys=0.00, real=0.01 secs] 
2878.893: [GC (Allocation Failure) [PSYoungGen: 72128K->1408K(71680K)] 454880K->384160K(584192K), 0.0047233 secs] [Times: user=0.02 sys=0.00, real=0.01 secs] 
2879.765: [GC (Allocation Failure) [PSYoungGen: 71552K->1376K(71168K)] 454304K->384128K(583680K), 0.0035123 secs] [Times: user=0.01 sys=0.00, real=0.00 secs] 
2880.093: [GC (Allocation Failure) [PSYoungGen: 71008K->1408K(70656K)] 453760K->384160K(583168K), 0.0023675 secs] [Times: user=0.01 sys=0.00, real=0.01 secs] 
2880.342: [GC (Allocation Failure) [PSYoungGen: 70528K->1469K(70144K)] 453280K->384222K(582656K), 0.0018736 secs] [Times: user=0.00 sys=0.00, real=0.01 secs] 
2880.464: [GC (Allocation Failure) [PSYoungGen: 70077K->1501K(69632K)] 452830K->384254K(582144K), 0.0018287 secs] [Times: user=0.01 sys=0.00, real=0.00 secs] 
2880.584: [GC (Allocation Failure) [PSYoungGen: 69597K->1533K(70144K)] 452350K->384286K(582656K), 0.0017526 secs] [Times: user=0.01 sys=0.00, real=0.01 secs] 
2880.703: [GC (Allocation Failure) [PSYoungGen: 69629K->1501K(75776K)] 452382K->384262K(588288K), 0.0017422 secs] [Times: user=0.00 sys=0.00, real=0.01 secs] 
2880.982: [GC (Allocation Failure) [PSYoungGen: 75229K->1408K(75776K)] 457990K->384192K(588288K), 0.0019905 secs] [Times: user=0.01 sys=0.01, real=0.00 secs] 
2881.307: [GC (Allocation Failure) [PSYoungGen: 75136K->1376K(74752K)] 457920K->384160K(587264K), 0.0018726 secs] [Times: user=0.00 sys=0.00, real=0.00 secs] 
2881.611: [GC (Allocation Failure) [PSYoungGen: 74592K->1376K(74240K)] 457376K->384160K(586752K), 0.0021550 secs] [Times: user=0.01 sys=0.00, real=0.00 secs] 
2881.913: [GC (Allocation Failure) [PSYoungGen: 74080K->1408K(73728K)] 456864K->384192K(586240K), 0.0019729 secs] [Times: user=0.00 sys=0.01, real=0.01 secs] 
2882.120: [GC (Allocation Failure) [PSYoungGen: 73600K->1485K(73216K)] 456384K->384270K(585728K), 0.0022501 secs] [Times: user=0.01 sys=0.01, real=0.00 secs] 
2882.289: [GC (Allocation Failure) [PSYoungGen: 73165K->1469K(72704K)] 455950K->384254K(585216K), 0.0017421 secs] [Times: user=0.01 sys=0.00, real=0.00 secs] 
2882.414: [GC (Allocation Failure) [PSYoungGen: 72637K->1501K(78336K)] 455422K->384286K(590848K), 0.0017403 secs] [Times: user=0.00 sys=0.00, real=0.01 secs] 
2882.639: [GC (Allocation Failure) [PSYoungGen: 78301K->1408K(78848K)] 461086K->384200K(591360K), 0.0022810 secs] [Times: user=0.01 sys=0.00, real=0.00 secs] 
2882.988: [GC (Allocation Failure) [PSYoungGen: 78208K->1408K(77824K)] 461000K->384200K(590336K), 0.0022394 secs] [Times: user=0.01 sys=0.00, real=0.00 secs] 
2883.360: [GC (Allocation Failure) [PSYoungGen: 77696K->1408K(77312K)] 460488K->384200K(589824K), 0.0023480 secs] [Times: user=0.01 sys=0.01, real=0.00 secs] 
2883.676: [GC (Allocation Failure) [PSYoungGen: 77184K->1376K(76800K)] 459976K->384168K(589312K), 0.0021913 secs] [Times: user=0.01 sys=0.00, real=0.00 secs] 
2883.965: [GC (Allocation Failure) [PSYoungGen: 76640K->1533K(76288K)] 459432K->384326K(588800K), 0.0018444 secs] [Times: user=0.01 sys=0.00, real=0.00 secs] 
2884.096: [GC (Allocation Failure) [PSYoungGen: 76285K->1501K(75776K)] 459078K->384294K(588288K), 0.0017967 secs] [Times: user=0.00 sys=0.00, real=0.00 secs] 
2884.228: [GC (Allocation Failure) [PSYoungGen: 75741K->1501K(76288K)] 458534K->384294K(588800K), 0.0018771 secs] [Times: user=0.00 sys=0.00, real=0.00 secs] 
2884.483: [GC (Allocation Failure) [PSYoungGen: 75741K->1472K(75264K)] 458534K->384264K(587776K), 0.0021316 secs] [Times: user=0.01 sys=0.00, real=0.01 secs] 
2885.145: [GC (Allocation Failure) [PSYoungGen: 75200K->1376K(74752K)] 457992K->384168K(587264K), 0.0024465 secs] [Times: user=0.01 sys=0.00, real=0.00 secs] 
2885.549: [GC (Allocation Failure) [PSYoungGen: 74592K->1392K(74240K)] 457384K->384184K(586752K), 0.0021843 secs] [Times: user=0.01 sys=0.00, real=0.00 secs] 
2885.851: [GC (Allocation Failure) [PSYoungGen: 74096K->1408K(73728K)] 456888K->384200K(586240K), 0.0022276 secs] [Times: user=0.01 sys=0.00, real=0.00 secs] 
2886.174: [GC (Allocation Failure) [PSYoungGen: 73600K->1469K(73216K)] 456392K->384262K(585728K), 0.0026397 secs] [Times: user=0.01 sys=0.00, real=0.01 secs] 
2886.340: [GC (Allocation Failure) [PSYoungGen: 73149K->1501K(72704K)] 455942K->384294K(585216K), 0.0018292 secs] [Times: user=0.01 sys=0.00, real=0.00 secs] 
2886.485: [GC (Allocation Failure) [PSYoungGen: 72669K->1501K(72192K)] 455462K->384294K(584704K), 0.0021878 secs] [Times: user=0.01 sys=0.00, real=0.00 secs] 
2886.654: [GC (Allocation Failure) [PSYoungGen: 72157K->1533K(72704K)] 454950K->384326K(585216K), 0.0021703 secs] [Times: user=0.01 sys=0.00, real=0.00 secs] 
2886.952: [GC (Allocation Failure) [PSYoungGen: 72189K->1440K(72704K)] 454982K->384240K(585216K), 0.0027321 secs] [Times: user=0.01 sys=0.01, real=0.01 secs] 
2887.253: [GC (Allocation Failure) [PSYoungGen: 72096K->1376K(71680K)] 454896K->384176K(584192K), 0.0025679 secs] [Times: user=0.01 sys=0.00, real=0.01 secs] 
2887.743: [GC (Allocation Failure) [PSYoungGen: 71520K->1408K(71168K)] 454320K->384208K(583680K), 0.0024985 secs] [Times: user=0.01 sys=0.00, real=0.01 secs] 
2888.334: [GC (Allocation Failure) [PSYoungGen: 71040K->1376K(70656K)] 453840K->384176K(583168K), 0.0042780 secs] [Times: user=0.02 sys=0.00, real=0.01 secs] 
2888.703: [GC (Allocation Failure) [PSYoungGen: 70496K->1469K(70144K)] 453296K->384270K(582656K), 0.0023428 secs] [Times: user=0.01 sys=0.00, real=0.01 secs] 
2888.833: [GC (Allocation Failure) [PSYoungGen: 70077K->1533K(69632K)] 452878K->384334K(582144K), 0.0016462 secs] [Times: user=0.01 sys=0.00, real=0.01 secs] 
2888.970: [GC (Allocation Failure) [PSYoungGen: 69629K->1501K(75776K)] 452430K->384302K(588288K), 0.0022061 secs] [Times: user=0.01 sys=0.00, real=0.00 secs] 
2889.138: [GC (Allocation Failure) [PSYoungGen: 75229K->224K(75776K)] 458030K->383040K(588288K), 0.0017570 secs] [Times: user=0.01 sys=0.00, real=0.00 secs] 
2890.162: [GC (Allocation Failure) [PSYoungGen: 73952K->1376K(74752K)] 456768K->384192K(587264K), 0.0049682 secs] [Times: user=0.01 sys=0.00, real=0.01 secs] 
2891.260: [GC (Allocation Failure) [PSYoungGen: 74592K->1376K(74240K)] 457408K->384192K(586752K), 0.0049418 secs] [Times: user=0.02 sys=0.00, real=0.01 secs] 
2892.315: [GC (Allocation Failure) [PSYoungGen: 74080K->1408K(73728K)] 456896K->384224K(586240K), 0.0050791 secs] [Times: user=0.02 sys=0.00, real=0.00 secs] 
2893.008: [GC (Allocation Failure) [PSYoungGen: 73600K->1469K(73216K)] 456416K->384286K(585728K), 0.0031013 secs] [Times: user=0.01 sys=0.00, real=0.00 secs] 
2893.197: [GC (Allocation Failure) [PSYoungGen: 73119K->1440K(72704K)] 455936K->384256K(585216K), 0.0017708 secs] [Times: user=0.01 sys=0.00, real=0.00 secs] 
2893.323: [GC (Allocation Failure) [PSYoungGen: 72608K->1501K(72192K)] 455424K->384318K(584704K), 0.0023892 secs] [Times: user=0.01 sys=0.00, real=0.01 secs] 
2893.447: [GC (Allocation Failure) [PSYoungGen: 72157K->1501K(72704K)] 454974K->384318K(585216K), 0.0017292 secs] [Times: user=0.01 sys=0.00, real=0.00 secs] 
2893.719: [GC (Allocation Failure) [PSYoungGen: 72157K->1424K(77824K)] 454974K->384240K(590336K), 0.0022915 secs] [Times: user=0.01 sys=0.00, real=0.00 secs] 
2894.140: [GC (Allocation Failure) [PSYoungGen: 77712K->1344K(77312K)] 460528K->384168K(589824K), 0.0024544 secs] [Times: user=0.01 sys=0.00, real=0.00 secs] 
2894.504: [GC (Allocation Failure) [PSYoungGen: 77120K->1376K(76800K)] 459944K->384200K(589312K), 0.0021802 secs] [Times: user=0.00 sys=0.00, real=0.00 secs] 
2894.854: [GC (Allocation Failure) [PSYoungGen: 76640K->1440K(76288K)] 459464K->384264K(588800K), 0.0021290 secs] [Times: user=0.00 sys=0.00, real=0.01 secs] 
2895.086: [GC (Allocation Failure) [PSYoungGen: 76192K->1504K(75776K)] 459016K->384328K(588288K), 0.0017251 secs] [Times: user=0.01 sys=0.00, real=0.00 secs] 
2895.219: [GC (Allocation Failure) [PSYoungGen: 75744K->1421K(75264K)] 458568K->384262K(587776K), 0.0016676 secs] [Times: user=0.00 sys=0.00, real=0.00 secs] 
2895.354: [GC (Allocation Failure) [PSYoungGen: 75149K->1504K(74752K)] 457990K->384344K(587264K), 0.0016720 secs] [Times: user=0.01 sys=0.00, real=0.01 secs] 
2896.181: [GC (Allocation Failure) [PSYoungGen: 74720K->1408K(74240K)] 457560K->384248K(586752K), 0.0045265 secs] [Times: user=0.02 sys=0.01, real=0.01 secs] 
2898.283: [GC (Allocation Failure) [PSYoungGen: 74112K->1408K(73728K)] 456952K->384256K(586240K), 0.0049788 secs] [Times: user=0.02 sys=0.01, real=0.01 secs] 
2899.602: [GC (Allocation Failure) [PSYoungGen: 73600K->1376K(73216K)] 456448K->384224K(585728K), 0.0036007 secs] [Times: user=0.01 sys=0.00, real=0.01 secs] 
2900.297: [GC (Allocation Failure) [PSYoungGen: 73056K->1344K(72704K)] 455904K->384192K(585216K), 0.0035441 secs] [Times: user=0.01 sys=0.00, real=0.00 secs] 
2900.825: [GC (Allocation Failure) [PSYoungGen: 72512K->1501K(72192K)] 455360K->384350K(584704K), 0.0026058 secs] [Times: user=0.01 sys=0.00, real=0.00 secs] 
2900.979: [GC (Allocation Failure) [PSYoungGen: 72157K->1437K(71680K)] 455006K->384286K(584192K), 0.0018343 secs] [Times: user=0.01 sys=0.00, real=0.00 secs] 
2901.101: [GC (Allocation Failure) [PSYoungGen: 71581K->1533K(71168K)] 454430K->384382K(583680K), 0.0017715 secs] [Times: user=0.00 sys=0.00, real=0.00 secs] 
2901.223: [GC (Allocation Failure) [PSYoungGen: 71165K->1501K(71680K)] 454014K->384350K(584192K), 0.0017737 secs] [Times: user=0.01 sys=0.00, real=0.01 secs] 
2901.585: [GC (Allocation Failure) [PSYoungGen: 71133K->1440K(70656K)] 453982K->384288K(583168K), 0.0021020 secs] [Times: user=0.01 sys=0.00, real=0.00 secs] 
2902.284: [GC (Allocation Failure) [PSYoungGen: 70560K->1376K(70144K)] 453408K->384224K(582656K), 0.0047589 secs] [Times: user=0.02 sys=0.00, real=0.00 secs] 
2903.010: [GC (Allocation Failure) [PSYoungGen: 69984K->1408K(69632K)] 452832K->384272K(582144K), 0.0045858 secs] [Times: user=0.02 sys=0.00, real=0.01 secs] 
2903.606: [GC (Allocation Failure) [PSYoungGen: 69504K->1376K(69120K)] 452368K->384240K(581632K), 0.0029637 secs] [Times: user=0.01 sys=0.01, real=0.00 secs] 
2903.980: [GC (Allocation Failure) [PSYoungGen: 68960K->1469K(68608K)] 451824K->384334K(581120K), 0.0022252 secs] [Times: user=0.01 sys=0.00, real=0.00 secs] 
2904.110: [GC (Allocation Failure) [PSYoungGen: 68541K->1469K(68096K)] 451406K->384334K(580608K), 0.0017218 secs] [Times: user=0.01 sys=0.00, real=0.00 secs] 
2904.244: [GC (Allocation Failure) [PSYoungGen: 68029K->1469K(67584K)] 450894K->384334K(580096K), 0.0020485 secs] [Times: user=0.01 sys=0.00, real=0.01 secs] 
2904.390: [GC (Allocation Failure) [PSYoungGen: 67517K->1501K(68096K)] 450382K->384374K(580608K), 0.0021618 secs] [Times: user=0.01 sys=0.00, real=0.00 secs] 
2905.035: [GC (Allocation Failure) [PSYoungGen: 67549K->1440K(67072K)] 450422K->384312K(579584K), 0.0024496 secs] [Times: user=0.01 sys=0.00, real=0.00 secs] 
2905.991: [GC (Allocation Failure) [PSYoungGen: 66976K->1376K(66560K)] 449848K->384248K(579072K), 0.0049351 secs] [Times: user=0.02 sys=0.00, real=0.01 secs] 
2906.576: [GC (Allocation Failure) [PSYoungGen: 66400K->1440K(66048K)] 449272K->384312K(578560K), 0.0029142 secs] [Times: user=0.01 sys=0.00, real=0.00 secs] 
2907.102: [GC (Allocation Failure) [PSYoungGen: 65952K->1408K(65536K)] 448824K->384280K(578048K), 0.0026300 secs] [Times: user=0.01 sys=0.00, real=0.01 secs] 
2907.509: [GC (Allocation Failure) [PSYoungGen: 65408K->1469K(65024K)] 448280K->384342K(577536K), 0.0024390 secs] [Times: user=0.01 sys=0.00, real=0.00 secs] 
2907.648: [GC (Allocation Failure) [PSYoungGen: 64957K->1501K(64512K)] 447830K->384374K(577024K), 0.0017957 secs] [Times: user=0.00 sys=0.00, real=0.00 secs] 
2907.759: [GC (Allocation Failure) [PSYoungGen: 64477K->1501K(64000K)] 447350K->384374K(576512K), 0.0017704 secs] [Times: user=0.00 sys=0.00, real=0.00 secs] 
2907.869: [GC (Allocation Failure) [PSYoungGen: 63965K->1501K(64512K)] 446838K->384382K(577024K), 0.0018349 secs] [Times: user=0.00 sys=0.00, real=0.00 secs] 
2908.271: [GC (Allocation Failure) [PSYoungGen: 63965K->1440K(63488K)] 446846K->384320K(576000K), 0.0024261 secs] [Times: user=0.01 sys=0.00, real=0.00 secs] 
2908.836: [GC (Allocation Failure) [PSYoungGen: 63392K->1408K(62976K)] 446272K->384288K(575488K), 0.0024856 secs] [Times: user=0.01 sys=0.00, real=0.00 secs] 
2909.344: [GC (Allocation Failure) [PSYoungGen: 62848K->1392K(62464K)] 445728K->384272K(574976K), 0.0027389 secs] [Times: user=0.01 sys=0.00, real=0.01 secs] 
2909.637: [GC (Allocation Failure) [PSYoungGen: 62320K->1360K(61952K)] 445200K->384240K(574464K), 0.0022935 secs] [Times: user=0.01 sys=0.01, real=0.00 secs] 
2909.911: [GC (Allocation Failure) [PSYoungGen: 61776K->1376K(61440K)] 444656K->384256K(573952K), 0.0022525 secs] [Times: user=0.01 sys=0.00, real=0.00 secs] 
2910.088: [GC (Allocation Failure) [PSYoungGen: 61280K->1501K(60928K)] 444160K->384382K(573440K), 0.0017895 secs] [Times: user=0.01 sys=0.00, real=0.00 secs] 
2910.192: [GC (Allocation Failure) [PSYoungGen: 60893K->1501K(61440K)] 443774K->384382K(573952K), 0.0016934 secs] [Times: user=0.01 sys=0.00, real=0.00 secs] 
2910.298: [GC (Allocation Failure) [PSYoungGen: 60893K->1501K(66560K)] 443774K->384406K(579072K), 0.0018595 secs] [Times: user=0.01 sys=0.00, real=0.00 secs] 
2910.412: [GC (Allocation Failure) [PSYoungGen: 66013K->1517K(66560K)] 448918K->384422K(579072K), 0.0017428 secs] [Times: user=0.01 sys=0.00, real=0.00 secs] 
2910.742: [GC (Allocation Failure) [PSYoungGen: 66029K->1440K(71680K)] 448934K->384344K(584192K), 0.0022362 secs] [Times: user=0.00 sys=0.00, real=0.00 secs] 
2911.264: [GC (Allocation Failure) [PSYoungGen: 71584K->1392K(71168K)] 454488K->384296K(583680K), 0.0023181 secs] [Times: user=0.01 sys=0.00, real=0.01 secs] 
2911.883: [GC (Allocation Failure) [PSYoungGen: 71024K->1440K(70656K)] 453928K->384344K(583168K), 0.0020785 secs] [Times: user=0.01 sys=0.00, real=0.01 secs] 
2912.489: [GC (Allocation Failure) [PSYoungGen: 70560K->1408K(70144K)] 453464K->384312K(582656K), 0.0023683 secs] [Times: user=0.01 sys=0.00, real=0.00 secs] 
2912.974: [GC (Allocation Failure) [PSYoungGen: 70016K->1437K(69632K)] 452920K->384342K(582144K), 0.0022012 secs] [Times: user=0.00 sys=0.00, real=0.01 secs] 
2913.099: [GC (Allocation Failure) [PSYoungGen: 69533K->1501K(69120K)] 452438K->384406K(581632K), 0.0018609 secs] [Times: user=0.01 sys=0.00, real=0.00 secs] 
2913.218: [GC (Allocation Failure) [PSYoungGen: 69085K->1501K(68608K)] 451990K->384414K(581120K), 0.0017580 secs] [Times: user=0.01 sys=0.01, real=0.00 secs] 
2913.337: [GC (Allocation Failure) [PSYoungGen: 68573K->1533K(69120K)] 451486K->384446K(581632K), 0.0017467 secs] [Times: user=0.01 sys=0.00, real=0.00 secs] 
2913.682: [GC (Allocation Failure) [PSYoungGen: 68605K->1456K(74752K)] 451518K->384368K(587264K), 0.0029679 secs] [Times: user=0.02 sys=0.00, real=0.01 secs] 
2913.985: [GC (Allocation Failure) [PSYoungGen: 74160K->1376K(74752K)] 457072K->384288K(587264K), 0.0157550 secs] [Times: user=0.07 sys=0.00, real=0.01 secs] 
2914.367: [GC (Allocation Failure) [PSYoungGen: 74080K->1408K(82432K)] 456992K->384320K(594944K), 0.0056744 secs] [Times: user=0.02 sys=0.00, real=0.00 secs] 
2914.905: [GC (Allocation Failure) [PSYoungGen: 82304K->1408K(82944K)] 465216K->384320K(595456K), 0.0026796 secs] [Times: user=0.01 sys=0.00, real=0.00 secs] 
2915.205: [GC (Allocation Failure) [PSYoungGen: 82304K->1533K(90112K)] 465216K->384446K(602624K), 0.0017572 secs] [Times: user=0.01 sys=0.00, real=0.00 secs] 
2915.362: [GC (Allocation Failure) [PSYoungGen: 90109K->1533K(90624K)] 473022K->384446K(603136K), 0.0017242 secs] [Times: user=0.00 sys=0.00, real=0.00 secs] 
2915.517: [GC (Allocation Failure) [PSYoungGen: 90109K->1533K(98816K)] 473022K->384446K(611328K), 0.0017401 secs] [Times: user=0.00 sys=0.00, real=0.00 secs] 
2916.600: [GC (Allocation Failure) [PSYoungGen: 98301K->1472K(98816K)] 481214K->384384K(611328K), 0.0051027 secs] [Times: user=0.02 sys=0.01, real=0.01 secs] 
2917.569: [GC (Allocation Failure) [PSYoungGen: 98240K->1344K(97280K)] 481152K->384256K(609792K), 0.0033439 secs] [Times: user=0.01 sys=0.00, real=0.00 secs] 
2918.592: [GC (Allocation Failure) [PSYoungGen: 97088K->1408K(96256K)] 480000K->384320K(608768K), 0.0030513 secs] [Times: user=0.01 sys=0.00, real=0.01 secs] 
2919.105: [GC (Allocation Failure) [PSYoungGen: 96128K->1501K(95232K)] 479040K->384414K(607744K), 0.0017822 secs] [Times: user=0.00 sys=0.00, real=0.00 secs] 
2919.270: [GC (Allocation Failure) [PSYoungGen: 95197K->1501K(94208K)] 478110K->384414K(606720K), 0.0017302 secs] [Times: user=0.01 sys=0.00, real=0.00 secs] 
2919.597: [GC (Allocation Failure) [PSYoungGen: 94173K->1472K(93184K)] 477086K->384384K(605696K), 0.0021833 secs] [Times: user=0.01 sys=0.00, real=0.00 secs] 
2920.241: [GC (Allocation Failure) [PSYoungGen: 93120K->1408K(92160K)] 476032K->384320K(604672K), 0.0023534 secs] [Times: user=0.01 sys=0.00, real=0.00 secs] 
2921.015: [GC (Allocation Failure) [PSYoungGen: 92032K->1376K(91136K)] 474944K->384288K(603648K), 0.0034563 secs] [Times: user=0.01 sys=0.00, real=0.00 secs] 
2921.774: [GC (Allocation Failure) [PSYoungGen: 90976K->1472K(90112K)] 473888K->384384K(602624K), 0.0027305 secs] [Times: user=0.01 sys=0.00, real=0.01 secs] 
2921.969: [GC (Allocation Failure) [PSYoungGen: 90048K->1469K(89088K)] 472960K->384382K(601600K), 0.0018239 secs] [Times: user=0.00 sys=0.00, real=0.00 secs] 
2922.122: [GC (Allocation Failure) [PSYoungGen: 89021K->1565K(88576K)] 471934K->384478K(601088K), 0.0017884 secs] [Times: user=0.00 sys=0.00, real=0.00 secs] 
2922.356: [GC (Allocation Failure) [PSYoungGen: 88093K->448K(86528K)] 471006K->384400K(599040K), 0.0021296 secs] [Times: user=0.01 sys=0.00, real=0.00 secs] 
2923.188: [GC (Allocation Failure) [PSYoungGen: 86464K->352K(87552K)] 470416K->384304K(600064K), 0.0023478 secs] [Times: user=0.01 sys=0.00, real=0.00 secs] 
2923.842: [GC (Allocation Failure) [PSYoungGen: 85856K->352K(85504K)] 469808K->384304K(598016K), 0.0027030 secs] [Times: user=0.02 sys=0.00, real=0.01 secs] 
2924.544: [GC (Allocation Failure) [PSYoungGen: 85344K->384K(86528K)] 469296K->384336K(599040K), 0.0026359 secs] [Times: user=0.02 sys=0.00, real=0.00 secs] 
2924.890: [GC (Allocation Failure) [PSYoungGen: 84864K->1501K(85504K)] 468816K->385454K(598016K), 0.0018491 secs] [Times: user=0.01 sys=0.00, real=0.00 secs] 
2925.037: [GC (Allocation Failure) [PSYoungGen: 85469K->1501K(84992K)] 469422K->385454K(597504K), 0.0019620 secs] [Times: user=0.01 sys=0.00, real=0.00 secs] 
2925.186: [GC (Allocation Failure) [PSYoungGen: 84957K->1485K(84480K)] 468910K->385438K(596992K), 0.0018235 secs] [Times: user=0.01 sys=0.00, real=0.00 secs] 
2925.538: [GC (Allocation Failure) [PSYoungGen: 84429K->1408K(83968K)] 468382K->385360K(596480K), 0.0019566 secs] [Times: user=0.01 sys=0.00, real=0.00 secs] 
2925.891: [GC (Allocation Failure) [PSYoungGen: 83840K->1376K(83456K)] 467792K->385328K(595968K), 0.0020557 secs] [Times: user=0.01 sys=0.00, real=0.00 secs] 
2926.295: [GC (Allocation Failure) [PSYoungGen: 83296K->1376K(82944K)] 467248K->385328K(595456K), 0.0027308 secs] [Times: user=0.01 sys=0.00, real=0.00 secs] 
2926.674: [GC (Allocation Failure) [PSYoungGen: 82784K->1437K(82432K)] 466736K->385390K(594944K), 0.0025442 secs] [Times: user=0.01 sys=0.00, real=0.01 secs] 
2926.893: [GC (Allocation Failure) [PSYoungGen: 82333K->1488K(81920K)] 466286K->385440K(594432K), 0.0019252 secs] [Times: user=0.01 sys=0.00, real=0.01 secs] 
2927.035: [GC (Allocation Failure) [PSYoungGen: 81872K->1533K(81408K)] 465824K->385486K(593920K), 0.0019029 secs] [Times: user=0.01 sys=0.00, real=0.00 secs] 
2927.339: [GC (Allocation Failure) [PSYoungGen: 81405K->1440K(80896K)] 465358K->385392K(593408K), 0.0023398 secs] [Times: user=0.01 sys=0.00, real=0.00 secs] 
2928.231: [GC (Allocation Failure) [PSYoungGen: 80800K->1344K(80384K)] 464752K->385296K(592896K), 0.0029320 secs] [Times: user=0.01 sys=0.00, real=0.01 secs] 
2929.152: [GC (Allocation Failure) [PSYoungGen: 80192K->1376K(79872K)] 464144K->385336K(592384K), 0.0051147 secs] [Times: user=0.02 sys=0.00, real=0.01 secs] 
2930.322: [GC (Allocation Failure) [PSYoungGen: 79712K->1376K(79360K)] 463672K->385336K(591872K), 0.0049724 secs] [Times: user=0.02 sys=0.00, real=0.01 secs] 
2930.977: [GC (Allocation Failure) [PSYoungGen: 79200K->1501K(78848K)] 463160K->385462K(591360K), 0.0027345 secs] [Times: user=0.01 sys=0.00, real=0.00 secs] 
2931.146: [GC (Allocation Failure) [PSYoungGen: 78813K->1469K(78336K)] 462774K->385454K(590848K), 0.0017839 secs] [Times: user=0.01 sys=0.00, real=0.00 secs] 
2931.281: [GC (Allocation Failure) [PSYoungGen: 78269K->1469K(77824K)] 462254K->385454K(590336K), 0.0018780 secs] [Times: user=0.00 sys=0.00, real=0.00 secs] 
2932.143: [GC (Allocation Failure) [PSYoungGen: 77757K->1440K(77312K)] 461742K->385424K(589824K), 0.0045896 secs] [Times: user=0.02 sys=0.01, real=0.01 secs] 
2932.713: [GC (Allocation Failure) [PSYoungGen: 77216K->1376K(76800K)] 461200K->385360K(589312K), 0.0037620 secs] [Times: user=0.02 sys=0.00, real=0.01 secs] 
2933.365: [GC (Allocation Failure) [PSYoungGen: 76640K->1344K(76288K)] 460624K->385328K(588800K), 0.0023655 secs] [Times: user=0.01 sys=0.00, real=0.00 secs] 
2934.217: [GC (Allocation Failure) [PSYoungGen: 76096K->1360K(75776K)] 460080K->385344K(588288K), 0.0030714 secs] [Times: user=0.01 sys=0.00, real=0.00 secs] 
2934.937: [GC (Allocation Failure) [PSYoungGen: 75600K->1501K(75264K)] 459584K->385486K(587776K), 0.0025308 secs] [Times: user=0.01 sys=0.00, real=0.00 secs] 
2935.154: [GC (Allocation Failure) [PSYoungGen: 75229K->1469K(74752K)] 459214K->385454K(587264K), 0.0025240 secs] [Times: user=0.01 sys=0.00, real=0.00 secs] 
2935.307: [GC (Allocation Failure) [PSYoungGen: 74685K->1469K(74240K)] 458670K->385454K(586752K), 0.0019107 secs] [Times: user=0.01 sys=0.00, real=0.00 secs] 
2935.436: [GC (Allocation Failure) [PSYoungGen: 74173K->1517K(73728K)] 458158K->385502K(586240K), 0.0018597 secs] [Times: user=0.00 sys=0.00, real=0.00 secs] 
2935.787: [GC (Allocation Failure) [PSYoungGen: 73709K->1424K(73216K)] 457694K->385408K(585728K), 0.0024774 secs] [Times: user=0.01 sys=0.00, real=0.00 secs] 
2936.211: [GC (Allocation Failure) [PSYoungGen: 73104K->1376K(72704K)] 457088K->385360K(585216K), 0.0029529 secs] [Times: user=0.01 sys=0.00, real=0.00 secs] 
2936.593: [GC (Allocation Failure) [PSYoungGen: 72544K->1376K(72192K)] 456528K->385360K(584704K), 0.0019439 secs] [Times: user=0.01 sys=0.00, real=0.01 secs] 
2937.222: [GC (Allocation Failure) [PSYoungGen: 72032K->1501K(71680K)] 456016K->385486K(584192K), 0.0024756 secs] [Times: user=0.01 sys=0.00, real=0.01 secs] 
2937.374: [GC (Allocation Failure) [PSYoungGen: 71645K->1533K(71168K)] 455630K->385518K(583680K), 0.0017120 secs] [Times: user=0.01 sys=0.00, real=0.00 secs] 
2937.496: [GC (Allocation Failure) [PSYoungGen: 71163K->1501K(70656K)] 455148K->385486K(583168K), 0.0017875 secs] [Times: user=0.01 sys=0.00, real=0.00 secs] 
2937.618: [GC (Allocation Failure) [PSYoungGen: 70621K->1501K(76288K)] 454606K->385486K(588800K), 0.0017546 secs] [Times: user=0.01 sys=0.00, real=0.00 secs] 
2938.082: [GC (Allocation Failure) [PSYoungGen: 76253K->1440K(75776K)] 460238K->385424K(588288K), 0.0023790 secs] [Times: user=0.01 sys=0.01, real=0.01 secs] 
2939.307: [GC (Allocation Failure) [PSYoungGen: 75680K->1376K(75264K)] 459664K->385360K(587776K), 0.0041293 secs] [Times: user=0.02 sys=0.00, real=0.00 secs] 
2940.458: [GC (Allocation Failure) [PSYoungGen: 75104K->1376K(74752K)] 459088K->385360K(587264K), 0.0049008 secs] [Times: user=0.01 sys=0.01, real=0.00 secs] 
2941.139: [GC (Allocation Failure) [PSYoungGen: 74592K->1408K(74240K)] 458576K->385392K(586752K), 0.0030359 secs] [Times: user=0.01 sys=0.00, real=0.00 secs] 
2942.139: [GC (Allocation Failure) [PSYoungGen: 74112K->1469K(73728K)] 458096K->385470K(586240K), 0.0025840 secs] [Times: user=0.01 sys=0.00, real=0.00 secs] 
2942.304: [GC (Allocation Failure) [PSYoungGen: 73661K->1501K(73216K)] 457662K->385502K(585728K), 0.0017369 secs] [Times: user=0.00 sys=0.00, real=0.01 secs] 
2942.429: [GC (Allocation Failure) [PSYoungGen: 73181K->1533K(72704K)] 457182K->385534K(585216K), 0.0017813 secs] [Times: user=0.01 sys=0.00, real=0.00 secs] 
2942.555: [GC (Allocation Failure) [PSYoungGen: 72701K->1488K(72192K)] 456702K->385488K(584704K), 0.0017250 secs] [Times: user=0.01 sys=0.00, real=0.00 secs] 
2942.875: [GC (Allocation Failure) [PSYoungGen: 72144K->1440K(71680K)] 456144K->385448K(584192K), 0.0020661 secs] [Times: user=0.01 sys=0.00, real=0.00 secs] 
2943.166: [GC (Allocation Failure) [PSYoungGen: 71584K->1376K(71168K)] 455592K->385384K(583680K), 0.0020559 secs] [Times: user=0.01 sys=0.00, real=0.00 secs] 
2943.455: [GC (Allocation Failure) [PSYoungGen: 71008K->1376K(70656K)] 455016K->385384K(583168K), 0.0020914 secs] [Times: user=0.01 sys=0.00, real=0.00 secs] 
2943.742: [GC (Allocation Failure) [PSYoungGen: 70496K->1360K(70144K)] 454504K->385368K(582656K), 0.0019758 secs] [Times: user=0.01 sys=0.00, real=0.01 secs] 
2943.903: [GC (Allocation Failure) [PSYoungGen: 69968K->1469K(69632K)] 453976K->385478K(582144K), 0.0018819 secs] [Times: user=0.01 sys=0.00, real=0.01 secs] 
2944.022: [GC (Allocation Failure) [PSYoungGen: 69565K->1533K(71168K)] 453574K->385542K(583680K), 0.0017626 secs] [Times: user=0.00 sys=0.00, real=0.00 secs] 
2944.163: [GC (Allocation Failure) [PSYoungGen: 71165K->1485K(71680K)] 455174K->385494K(584192K), 0.0020438 secs] [Times: user=0.01 sys=0.00, real=0.01 secs] 
2944.370: [GC (Allocation Failure) [PSYoungGen: 71117K->1408K(77824K)] 455126K->385432K(590336K), 0.0020105 secs] [Times: user=0.00 sys=0.00, real=0.00 secs] 
2944.685: [GC (Allocation Failure) [PSYoungGen: 77184K->1408K(76800K)] 461208K->385432K(589312K), 0.0020616 secs] [Times: user=0.01 sys=0.00, real=0.00 secs] 
2944.998: [GC (Allocation Failure) [PSYoungGen: 76672K->1376K(76288K)] 460696K->385400K(588800K), 0.0021153 secs] [Times: user=0.01 sys=0.00, real=0.00 secs] 
2945.309: [GC (Allocation Failure) [PSYoungGen: 76128K->1344K(75776K)] 460152K->385368K(588288K), 0.0021189 secs] [Times: user=0.01 sys=0.00, real=0.00 secs] 
2945.631: [GC (Allocation Failure) [PSYoungGen: 75584K->1501K(75264K)] 459608K->385534K(587776K), 0.0025540 secs] [Times: user=0.00 sys=0.01, real=0.00 secs] 
2945.795: [GC (Allocation Failure) [PSYoungGen: 75229K->1533K(74752K)] 459262K->385566K(587264K), 0.0017618 secs] [Times: user=0.01 sys=0.00, real=0.00 secs] 
2945.922: [GC (Allocation Failure) [PSYoungGen: 74749K->1517K(75264K)] 458782K->385550K(587776K), 0.0019073 secs] [Times: user=0.00 sys=0.00, real=0.01 secs] 
2946.051: [GC (Allocation Failure) [PSYoungGen: 74733K->1504K(75264K)] 458766K->385536K(587776K), 0.0017156 secs] [Times: user=0.01 sys=0.00, real=0.00 secs] 
2947.226: [GC (Allocation Failure) [PSYoungGen: 74720K->1440K(74240K)] 458752K->385472K(586752K), 0.0021780 secs] [Times: user=0.00 sys=0.00, real=0.00 secs] 
2948.536: [GC (Allocation Failure) [PSYoungGen: 74144K->1408K(73728K)] 458176K->385440K(586240K), 0.0037565 secs] [Times: user=0.01 sys=0.00, real=0.00 secs] 
2949.506: [GC (Allocation Failure) [PSYoungGen: 73600K->1408K(73216K)] 457632K->385440K(585728K), 0.0027960 secs] [Times: user=0.01 sys=0.00, real=0.00 secs] 
2950.183: [GC (Allocation Failure) [PSYoungGen: 73088K->1501K(72704K)] 457120K->385534K(585216K), 0.0027937 secs] [Times: user=0.01 sys=0.00, real=0.01 secs] 
2950.364: [GC (Allocation Failure) [PSYoungGen: 72669K->1469K(72192K)] 456702K->385502K(584704K), 0.0016572 secs] [Times: user=0.01 sys=0.00, real=0.00 secs] 
2950.507: [GC (Allocation Failure) [PSYoungGen: 72108K->1517K(71680K)] 456140K->385550K(584192K), 0.0020195 secs] [Times: user=0.01 sys=0.00, real=0.00 secs] 
2950.666: [GC (Allocation Failure) [PSYoungGen: 71646K->1517K(71168K)] 455679K->385550K(583680K), 0.0021278 secs] [Times: user=0.01 sys=0.00, real=0.00 secs] 
2951.092: [GC (Allocation Failure) [PSYoungGen: 71149K->1456K(70656K)] 455182K->385488K(583168K), 0.0034558 secs] [Times: user=0.01 sys=0.00, real=0.01 secs] 
2951.742: [GC (Allocation Failure) [PSYoungGen: 70576K->1408K(70144K)] 454608K->385464K(582656K), 0.0029850 secs] [Times: user=0.01 sys=0.00, real=0.01 secs] 
2952.415: [GC (Allocation Failure) [PSYoungGen: 70016K->1376K(69632K)] 454072K->385432K(582144K), 0.0029218 secs] [Times: user=0.01 sys=0.00, real=0.00 secs] 
2953.006: [GC (Allocation Failure) [PSYoungGen: 69472K->1392K(69120K)] 453528K->385448K(581632K), 0.0026468 secs] [Times: user=0.01 sys=0.00, real=0.00 secs] 
2953.427: [GC (Allocation Failure) [PSYoungGen: 68976K->1437K(68608K)] 453032K->385494K(581120K), 0.0021707 secs] [Times: user=0.00 sys=0.01, real=0.00 secs] 
2953.553: [GC (Allocation Failure) [PSYoungGen: 68509K->1501K(68096K)] 452566K->385558K(580608K), 0.0017186 secs] [Times: user=0.01 sys=0.00, real=0.01 secs] 
2953.670: [GC (Allocation Failure) [PSYoungGen: 68061K->1533K(67584K)] 452118K->385590K(580096K), 0.0018160 secs] [Times: user=0.01 sys=0.00, real=0.00 secs] 
2953.786: [GC (Allocation Failure) [PSYoungGen: 67581K->1533K(73216K)] 451638K->385590K(585728K), 0.0016320 secs] [Times: user=0.01 sys=0.00, real=0.00 secs] 
2954.373: [GC (Allocation Failure) [PSYoungGen: 73213K->1408K(72704K)] 457270K->385472K(585216K), 0.0022631 secs] [Times: user=0.01 sys=0.00, real=0.01 secs] 
2955.539: [GC (Allocation Failure) [PSYoungGen: 72576K->1360K(72192K)] 456640K->385424K(584704K), 0.0046526 secs] [Times: user=0.02 sys=0.00, real=0.00 secs] 
2956.321: [GC (Allocation Failure) [PSYoungGen: 72016K->1392K(71680K)] 456080K->385456K(584192K), 0.0027828 secs] [Times: user=0.01 sys=0.00, real=0.00 secs] 
2956.795: [GC (Allocation Failure) [PSYoungGen: 71536K->1360K(71168K)] 455600K->385424K(583680K), 0.0022458 secs] [Times: user=0.01 sys=0.00, real=0.00 secs] 
2957.232: [GC (Allocation Failure) [PSYoungGen: 70992K->1485K(70656K)] 455056K->385550K(583168K), 0.0019807 secs] [Times: user=0.01 sys=0.00, real=0.00 secs] 
2957.356: [GC (Allocation Failure) [PSYoungGen: 70581K->1469K(70144K)] 454646K->385534K(582656K), 0.0018409 secs] [Times: user=0.00 sys=0.00, real=0.00 secs] 
2957.478: [GC (Allocation Failure) [PSYoungGen: 70077K->1488K(69632K)] 454142K->385552K(582144K), 0.0017862 secs] [Times: user=0.00 sys=0.00, real=0.00 secs] 
2957.598: [GC (Allocation Failure) [PSYoungGen: 69584K->1469K(70144K)] 453648K->385550K(582656K), 0.0018121 secs] [Times: user=0.01 sys=0.00, real=0.00 secs] 
2958.549: [GC (Allocation Failure) [PSYoungGen: 69565K->2016K(69632K)] 453646K->386201K(582144K), 0.0034679 secs] [Times: user=0.02 sys=0.00, real=0.00 secs] 
2961.593: [GC (Allocation Failure) [PSYoungGen: 69600K->1504K(67072K)] 453785K->393100K(579584K), 0.0041679 secs] [Times: user=0.02 sys=0.00, real=0.01 secs] 
2971.185: [GC (Allocation Failure) [PSYoungGen: 67040K->4576K(69632K)] 458636K->417308K(582144K), 0.0362335 secs] [Times: user=0.18 sys=0.03, real=0.03 secs] 
2975.883: [GC (Allocation Failure) [PSYoungGen: 69600K->13280K(68608K)] 482332K->445596K(581120K), 0.0449519 secs] [Times: user=0.22 sys=0.03, real=0.05 secs] 
2976.037: [GC (Allocation Failure) [PSYoungGen: 68576K->23008K(78336K)] 500892K->471692K(590848K), 0.0207737 secs] [Times: user=0.11 sys=0.01, real=0.02 secs] 
2976.124: [GC (Allocation Failure) [PSYoungGen: 78304K->33248K(85504K)] 526988K->497228K(598016K), 0.0597246 secs] [Times: user=0.23 sys=0.09, real=0.06 secs] 
2976.329: [GC (Allocation Failure) [PSYoungGen: 85472K->45024K(97280K)] 549452K->521396K(609792K), 0.0339080 secs] [Times: user=0.15 sys=0.05, real=0.03 secs] 
2977.248: [GC (Allocation Failure) [PSYoungGen: 97248K->57824K(105472K)] 573620K->546260K(617984K), 0.0789185 secs] [Times: user=0.27 sys=0.20, real=0.08 secs] 
2977.891: [GC (Allocation Failure) [PSYoungGen: 105440K->72672K(120320K)] 593876K->568931K(632832K), 0.0491903 secs] [Times: user=0.29 sys=0.01, real=0.05 secs] 
2977.940: [Full GC (Ergonomics) [PSYoungGen: 72672K->0K(120320K)] [ParOldGen: 496259K->192625K(515072K)] 568931K->192625K(635392K), [Metaspace: 59924K->59823K(1105920K)], 0.5295260 secs] [Times: user=2.50 sys=0.00, real=0.53 secs] 
2980.898: [GC (Allocation Failure) [PSYoungGen: 47616K->30240K(134144K)] 240241K->222865K(649216K), 0.0375477 secs] [Times: user=0.21 sys=0.00, real=0.04 secs] 
2981.775: [GC (Allocation Failure) [PSYoungGen: 86560K->56832K(139776K)] 279185K->249457K(654848K), 0.0540675 secs] [Times: user=0.31 sys=0.00, real=0.05 secs] 
2985.181: [GC (Allocation Failure) [PSYoungGen: 113152K->71677K(145408K)] 305777K->264303K(660480K), 0.0668942 secs] [Times: user=0.33 sys=0.07, real=0.07 secs] 
2985.419: [GC (Allocation Failure) [PSYoungGen: 129021K->41504K(154624K)] 321647K->264194K(669696K), 0.0403699 secs] [Times: user=0.24 sys=0.00, real=0.04 secs] 
2986.195: [GC (Allocation Failure) [PSYoungGen: 98848K->13664K(157184K)] 321538K->277930K(672256K), 0.0922911 secs] [Times: user=0.55 sys=0.00, real=0.09 secs] 
2987.269: [GC (Allocation Failure) [PSYoungGen: 81760K->29472K(159232K)] 346026K->306455K(674304K), 0.0329884 secs] [Times: user=0.18 sys=0.00, real=0.03 secs] 
2987.413: [GC (Allocation Failure) [PSYoungGen: 97568K->33536K(157696K)] 374551K->337759K(672768K), 0.0271556 secs] [Times: user=0.16 sys=0.00, real=0.03 secs] 
2987.518: [GC (Allocation Failure) [PSYoungGen: 114432K->41472K(162304K)] 418655K->375055K(677376K), 0.0212469 secs] [Times: user=0.12 sys=0.00, real=0.02 secs] 
2987.597: [GC (Allocation Failure) [PSYoungGen: 122368K->38976K(171520K)] 455951K->413895K(686592K), 0.0244057 secs] [Times: user=0.14 sys=0.00, real=0.02 secs] 
2987.679: [GC (Allocation Failure) [PSYoungGen: 135744K->54272K(173568K)] 510663K->468063K(688640K), 0.0403025 secs] [Times: user=0.22 sys=0.00, real=0.04 secs] 
2987.916: [GC (Allocation Failure) [PSYoungGen: 150360K->46144K(193024K)] 564151K->546855K(708096K), 0.0292521 secs] [Times: user=0.16 sys=0.01, real=0.03 secs] 
2987.946: [Full GC (Ergonomics) [PSYoungGen: 46144K->0K(193024K)] [ParOldGen: 500711K->253214K(643072K)] 546855K->253214K(836096K), [Metaspace: 60039K->60039K(1105920K)], 0.5883409 secs] [Times: user=2.62 sys=0.00, real=0.58 secs] 
2989.287: [GC (Allocation Failure) [PSYoungGen: 115200K->10463K(194048K)] 368414K->263678K(837120K), 0.0051923 secs] [Times: user=0.03 sys=0.00, real=0.00 secs] 
2991.703: [GC (Allocation Failure) [PSYoungGen: 125663K->46256K(211968K)] 378878K->307459K(855040K), 0.0430915 secs] [Times: user=0.21 sys=0.01, real=0.05 secs] 
2992.108: [GC (Allocation Failure) [PSYoungGen: 180912K->63936K(213504K)] 442115K->368430K(856576K), 0.0416257 secs] [Times: user=0.25 sys=0.00, real=0.04 secs] 
2992.320: [GC (Allocation Failure) [PSYoungGen: 198592K->64864K(237568K)] 503086K->433166K(880640K), 0.0647088 secs] [Times: user=0.35 sys=0.04, real=0.07 secs] 
2993.417: [GC (Allocation Failure) [PSYoungGen: 215915K->90080K(242688K)] 584217K->544938K(885760K), 0.0571936 secs] [Times: user=0.34 sys=0.00, real=0.06 secs] 
2994.252: [GC (Allocation Failure) [PSYoungGen: 242656K->30560K(305664K)] 697514K->538687K(948736K), 0.0886471 secs] [Times: user=0.48 sys=0.04, real=0.09 secs] 
2995.100: [GC (Allocation Failure) [PSYoungGen: 209248K->84544K(309760K)] 717375K->616067K(952832K), 0.0385518 secs] [Times: user=0.21 sys=0.01, real=0.04 secs] 
2995.300: [GC (Allocation Failure) [PSYoungGen: 263232K->93536K(337408K)] 794755K->700827K(980480K), 0.0638152 secs] [Times: user=0.27 sys=0.09, real=0.07 secs] 
2995.364: [Full GC (Ergonomics) [PSYoungGen: 93536K->0K(337408K)] [ParOldGen: 607291K->206859K(650240K)] 700827K->206859K(987648K), [Metaspace: 60055K->60055K(1105920K)], 0.4633350 secs] [Times: user=2.13 sys=0.00, real=0.46 secs] 
2998.270: [GC (Allocation Failure) [PSYoungGen: 202240K->48800K(343552K)] 409099K->255660K(993792K), 0.0672975 secs] [Times: user=0.40 sys=0.01, real=0.07 secs] 
3001.252: [GC (Allocation Failure) [PSYoungGen: 251040K->81760K(367616K)] 457900K->336613K(1017856K), 0.0772855 secs] [Times: user=0.46 sys=0.01, real=0.08 secs] 
3001.484: [GC (Allocation Failure) [PSYoungGen: 299030K->106016K(368640K)] 553883K->436857K(1018880K), 0.0441398 secs] [Times: user=0.26 sys=0.00, real=0.04 secs] 
3003.912: [GC (Allocation Failure) [PSYoungGen: 338464K->70304K(399360K)] 669305K->498489K(1049600K), 0.0555954 secs] [Times: user=0.29 sys=0.04, real=0.06 secs] 
3004.781: [GC (Allocation Failure) [PSYoungGen: 338080K->119168K(407040K)] 766265K->616186K(1057280K), 0.0547554 secs] [Times: user=0.33 sys=0.00, real=0.06 secs] 
3005.931: [GC (Allocation Failure) [PSYoungGen: 386944K->125696K(446464K)] 883962K->731930K(1096704K), 0.0662381 secs] [Times: user=0.37 sys=0.03, real=0.07 secs] 
3005.997: [Full GC (Ergonomics) [PSYoungGen: 125696K->0K(446464K)] [ParOldGen: 606234K->252620K(762368K)] 731930K->252620K(1208832K), [Metaspace: 60058K->60058K(1105920K)], 0.5289916 secs] [Times: user=2.32 sys=0.00, real=0.53 secs] 
3009.034: [GC (Allocation Failure) [PSYoungGen: 294912K->92720K(458752K)] 547532K->345341K(1221120K), 0.0282666 secs] [Times: user=0.17 sys=0.00, real=0.02 secs] 
3009.517: [GC (Allocation Failure) [PSYoungGen: 387632K->143536K(477696K)] 640253K->482994K(1240064K), 0.1253612 secs] [Times: user=0.58 sys=0.12, real=0.12 secs] 
3011.733: [GC (Allocation Failure) [PSYoungGen: 460464K->95648K(493568K)] 799922K->578597K(1255936K), 0.0932289 secs] [Times: user=0.55 sys=0.00, real=0.10 secs] 
3014.345: [GC (Allocation Failure) [PSYoungGen: 412576K->151872K(495616K)] 895525K->724062K(1257984K), 0.1062611 secs] [Times: user=0.59 sys=0.04, real=0.10 secs] 
3017.571: [GC (Allocation Failure) [PSYoungGen: 475968K->98048K(511488K)] 1048158K->821890K(1273856K), 0.0998799 secs] [Times: user=0.46 sys=0.13, real=0.10 secs] 
3017.671: [Full GC (Ergonomics) [PSYoungGen: 98048K->0K(511488K)] [ParOldGen: 723842K->108456K(706560K)] 821890K->108456K(1218048K), [Metaspace: 60066K->60066K(1105920K)], 0.2394632 secs] [Times: user=1.07 sys=0.00, real=0.24 secs] 
3019.073: [GC (Allocation Failure) [PSYoungGen: 323470K->180192K(465408K)] 431926K->296936K(1171968K), 0.0578182 secs] [Times: user=0.27 sys=0.05, real=0.06 secs] 
3022.519: [GC (Allocation Failure) [PSYoungGen: 465376K->81408K(492032K)] 582120K->341500K(1198592K), 0.1044129 secs] [Times: user=0.62 sys=0.00, real=0.10 secs] 
3023.435: [GC (Allocation Failure) [PSYoungGen: 366592K->139056K(490496K)] 626684K->474517K(1197056K), 0.1364620 secs] [Times: user=0.81 sys=0.00, real=0.13 secs] 
3025.395: [GC (Allocation Failure) [PSYoungGen: 429360K->83472K(374272K)] 764821K->557813K(1080832K), 0.1393013 secs] [Times: user=0.82 sys=0.01, real=0.14 secs] 
3025.750: [GC (Allocation Failure) [PSYoungGen: 373776K->140256K(487424K)] 848117K->692081K(1193984K), 0.0515578 secs] [Times: user=0.31 sys=0.00, real=0.05 secs] 
3025.801: [Full GC (Ergonomics) [PSYoungGen: 140256K->0K(487424K)] [ParOldGen: 551825K->208678K(837632K)] 692081K->208678K(1325056K), [Metaspace: 60071K->60071K(1105920K)], 0.4800706 secs] [Times: user=2.25 sys=0.00, real=0.48 secs] 
3029.002: [GC (Allocation Failure) [PSYoungGen: 289792K->82496K(492032K)] 498470K->291174K(1329664K), 0.1239028 secs] [Times: user=0.73 sys=0.00, real=0.13 secs] 
3029.906: [GC (Allocation Failure) [PSYoungGen: 372288K->138464K(492032K)] 580966K->425958K(1329664K), 0.0453874 secs] [Times: user=0.26 sys=0.00, real=0.04 secs] 
3031.893: [GC (Allocation Failure) [PSYoungGen: 433888K->97824K(393728K)] 721382K->514915K(1231360K), 0.1646499 secs] [Times: user=0.98 sys=0.00, real=0.17 secs] 
3033.799: [GC (Allocation Failure) [PSYoungGen: 393248K->134624K(492544K)] 810339K->646167K(1330176K), 0.0489274 secs] [Times: user=0.29 sys=0.00, real=0.05 secs] 
3034.952: [GC (Allocation Failure) [PSYoungGen: 434656K->104384K(494592K)] 946199K->741027K(1332224K), 0.0762519 secs] [Times: user=0.45 sys=0.01, real=0.08 secs] 
3036.920: [GC (Allocation Failure) [PSYoungGen: 404416K->133440K(497152K)] 1041059K->872892K(1334784K), 0.0602284 secs] [Times: user=0.31 sys=0.05, real=0.06 secs] 
3036.981: [Full GC (Ergonomics) [PSYoungGen: 133440K->0K(497152K)] [ParOldGen: 739452K->156438K(825856K)] 872892K->156438K(1323008K), [Metaspace: 60082K->60082K(1105920K)], 0.3611210 secs] [Times: user=1.68 sys=0.00, real=0.36 secs] 
3040.900: [GC (Allocation Failure) [PSYoungGen: 310272K->110352K(498688K)] 466710K->266791K(1324544K), 0.0392620 secs] [Times: user=0.23 sys=0.00, real=0.04 secs] 
3044.319: [GC (Allocation Failure) [PSYoungGen: 420624K->131904K(503808K)] 577063K->397439K(1329664K), 0.0586280 secs] [Times: user=0.35 sys=0.00, real=0.06 secs] 
3047.205: [GC (Allocation Failure) [PSYoungGen: 454976K->117888K(504320K)] 720511K->505599K(1330176K), 0.0645298 secs] [Times: user=0.37 sys=0.01, real=0.06 secs] 
3048.727: [GC (GCLocker Initiated GC) [PSYoungGen: 440960K->176624K(432128K)] 828671K->641136K(1257984K), 0.0591605 secs] [Times: user=0.35 sys=0.01, real=0.06 secs] 
3049.906: [GC (Allocation Failure) [PSYoungGen: 432112K->109568K(477184K)] 896625K->740781K(1303040K), 0.0701398 secs] [Times: user=0.42 sys=0.00, real=0.07 secs] 
3049.976: [Full GC (Ergonomics) [PSYoungGen: 109568K->0K(477184K)] [ParOldGen: 631213K->252253K(990720K)] 740781K->252253K(1467904K), [Metaspace: 60101K->60101K(1105920K)], 0.5354005 secs] [Times: user=2.36 sys=0.00, real=0.53 secs] 
3052.580: [GC (Allocation Failure) [PSYoungGen: 255488K->85312K(466944K)] 507741K->337565K(1457664K), 0.0339309 secs] [Times: user=0.20 sys=0.01, real=0.04 secs] 
3052.823: [GC (Allocation Failure) [PSYoungGen: 346944K->207744K(469504K)] 599197K->459997K(1460224K), 0.0414196 secs] [Times: user=0.24 sys=0.00, real=0.05 secs] 
3057.697: [GC (Allocation Failure) [PSYoungGen: 469376K->37984K(462336K)] 721629K->290293K(1453056K), 0.0273876 secs] [Times: user=0.16 sys=0.00, real=0.03 secs] 
3058.765: [GC (Allocation Failure) [PSYoungGen: 270944K->117760K(465920K)] 523253K->404518K(1456640K), 0.0437188 secs] [Times: user=0.26 sys=0.00, real=0.04 secs] 
3060.968: [GC (Allocation Failure) [PSYoungGen: 350720K->104000K(449024K)] 637478K->491485K(1439744K), 0.0566698 secs] [Times: user=0.34 sys=0.00, real=0.06 secs] 
3063.370: [GC (Allocation Failure) [PSYoungGen: 340032K->71712K(457728K)] 727517K->563214K(1448448K), 0.1016181 secs] [Times: user=0.61 sys=0.00, real=0.10 secs] 
3063.696: [GC (Allocation Failure) [PSYoungGen: 307744K->114048K(454656K)] 799246K->671226K(1445376K), 0.0434088 secs] [Times: user=0.25 sys=0.01, real=0.04 secs] 
3065.754: [GC (Allocation Failure) [PSYoungGen: 371584K->82032K(466944K)] 928762K->744291K(1457664K), 0.0547795 secs] [Times: user=0.33 sys=0.00, real=0.05 secs] 
3067.018: [GC (Allocation Failure) [PSYoungGen: 339568K->115488K(470016K)] 1001827K->857595K(1460736K), 0.0569989 secs] [Times: user=0.33 sys=0.01, real=0.06 secs] 
3071.150: [GC (Allocation Failure) [PSYoungGen: 399648K->121216K(481792K)] 1141755K->968911K(1472512K), 0.0811768 secs] [Times: user=0.31 sys=0.16, real=0.08 secs] 
3071.231: [Full GC (Ergonomics) [PSYoungGen: 121216K->0K(481792K)] [ParOldGen: 847695K->253057K(1015296K)] 968911K->253057K(1497088K), [Metaspace: 60114K->60114K(1105920K)], 0.5276366 secs] [Times: user=2.31 sys=0.00, real=0.53 secs] 
3074.859: [GC (Allocation Failure) [PSYoungGen: 280251K->93168K(486912K)] 533308K->346226K(1502208K), 0.0321294 secs] [Times: user=0.18 sys=0.01, real=0.03 secs] 
3075.167: [GC (Allocation Failure) [PSYoungGen: 401904K->150112K(496640K)] 654962K->490518K(1511936K), 0.0704200 secs] [Times: user=0.41 sys=0.01, real=0.07 secs] 
3079.915: [GC (Allocation Failure) [PSYoungGen: 458848K->89472K(507392K)] 799254K->579786K(1522688K), 0.0981925 secs] [Times: user=0.59 sys=0.00, real=0.09 secs] 
3080.217: [GC (Allocation Failure) [PSYoungGen: 402816K->153056K(466432K)] 893130K->726819K(1481728K), 0.0617502 secs] [Times: user=0.32 sys=0.00, real=0.06 secs] 
3082.578: [GC (Allocation Failure) [PSYoungGen: 466400K->92832K(504832K)] 1040163K->819639K(1520128K), 0.1036337 secs] [Times: user=0.61 sys=0.00, real=0.10 secs] 
3083.678: [GC (Allocation Failure) [PSYoungGen: 399520K->147024K(500736K)] 1126327K->960401K(1516032K), 0.1343076 secs] [Times: user=0.80 sys=0.01, real=0.13 secs] 
3086.899: [GC (Allocation Failure) [PSYoungGen: 453712K->89728K(501760K)] 1267089K->1050000K(1517056K), 0.1222047 secs] [Times: user=0.51 sys=0.13, real=0.12 secs] 
3087.022: [Full GC (Ergonomics) [PSYoungGen: 89728K->0K(501760K)] [ParOldGen: 960272K->98156K(914432K)] 1050000K->98156K(1416192K), [Metaspace: 60126K->60126K(1105920K)], 0.2258426 secs] [Times: user=1.02 sys=0.00, real=0.23 secs] 
3087.559: [GC (Allocation Failure) [PSYoungGen: 305664K->149168K(455168K)] 403820K->247325K(1369600K), 0.0521756 secs] [Times: user=0.30 sys=0.00, real=0.05 secs] 
3090.615: [GC (Allocation Failure) [PSYoungGen: 454832K->90400K(502784K)] 552989K->337769K(1417216K), 0.1216275 secs] [Times: user=0.63 sys=0.00, real=0.12 secs] 
3091.926: [GC (Allocation Failure) [PSYoungGen: 393504K->142016K(499200K)] 640873K->473666K(1413632K), 0.1465533 secs] [Times: user=0.87 sys=0.01, real=0.14 secs] 
3095.177: [GC (Allocation Failure) [PSYoungGen: 445120K->87008K(499712K)] 776770K->560338K(1414144K), 0.1290009 secs] [Times: user=0.77 sys=0.00, real=0.13 secs] 
3095.936: [GC (Allocation Failure) [PSYoungGen: 391648K->147360K(452096K)] 864978K->701667K(1366528K), 0.1021684 secs] [Times: user=0.61 sys=0.00, real=0.10 secs] 
3098.655: [GC (Allocation Failure) [PSYoungGen: 452000K->90816K(502784K)] 1006307K->792315K(1417216K), 0.1549478 secs] [Times: user=0.92 sys=0.00, real=0.15 secs] 
3098.810: [Full GC (Ergonomics) [PSYoungGen: 90816K->0K(502784K)] [ParOldGen: 701499K->71923K(930816K)] 792315K->71923K(1433600K), [Metaspace: 60130K->60130K(1105920K)], 0.1868466 secs] [Times: user=0.88 sys=0.00, real=0.19 secs] 
3099.186: [GC (Allocation Failure) [PSYoungGen: 303616K->146160K(499712K)] 375539K->218084K(1430528K), 0.0335854 secs] [Times: user=0.20 sys=0.00, real=0.03 secs] 
3102.572: [GC (Allocation Failure) [PSYoungGen: 449776K->92016K(498688K)] 521700K->309277K(1429504K), 0.1559471 secs] [Times: user=0.93 sys=0.00, real=0.16 secs] 
3103.300: [GC (Allocation Failure) [PSYoungGen: 381396K->138208K(499200K)] 598657K->443633K(1430016K), 0.0492887 secs] [Times: user=0.29 sys=0.00, real=0.05 secs] 
3105.132: [GC (Allocation Failure) [PSYoungGen: 441824K->100896K(493568K)] 747249K->535937K(1424384K), 0.1649026 secs] [Times: user=0.98 sys=0.00, real=0.17 secs] 
3105.732: [GC (Allocation Failure) [PSYoungGen: 408096K->145696K(498176K)] 843137K->677510K(1428992K), 0.0506622 secs] [Times: user=0.30 sys=0.00, real=0.05 secs] 
3108.953: [GC (Allocation Failure) [PSYoungGen: 452896K->98432K(503296K)] 984710K->767098K(1434112K), 0.1668504 secs] [Times: user=1.00 sys=0.00, real=0.17 secs] 
3110.231: [GC (Allocation Failure) [PSYoungGen: 411776K->148352K(503808K)] 1080442K->911675K(1434624K), 0.0504196 secs] [Times: user=0.30 sys=0.00, real=0.05 secs] 
3110.281: [Full GC (Ergonomics) [PSYoungGen: 148352K->0K(503808K)] [ParOldGen: 763323K->188902K(1071616K)] 911675K->188902K(1575424K), [Metaspace: 60131K->60131K(1105920K)], 0.4461221 secs] [Times: user=2.08 sys=0.00, real=0.45 secs] 
3112.863: [GC (Allocation Failure) [PSYoungGen: 313344K->101856K(503808K)] 502246K->290758K(1575424K), 0.0439441 secs] [Times: user=0.26 sys=0.00, real=0.05 secs] 
3113.704: [GC (Allocation Failure) [PSYoungGen: 415200K->148000K(503808K)] 604102K->435058K(1575424K), 0.0510026 secs] [Times: user=0.30 sys=0.00, real=0.06 secs] 
3116.888: [GC (Allocation Failure) [PSYoungGen: 461344K->104816K(503808K)] 748402K->530906K(1575424K), 0.1712730 secs] [Times: user=1.02 sys=0.01, real=0.17 secs] 
3118.106: [GC (Allocation Failure) [PSYoungGen: 419184K->148096K(504320K)] 845274K->675046K(1575936K), 0.0517248 secs] [Times: user=0.31 sys=0.00, real=0.05 secs] 
3120.399: [GC (GCLocker Initiated GC) [PSYoungGen: 462464K->102864K(504320K)] 989415K->768816K(1575936K), 0.1633305 secs] [Times: user=0.97 sys=0.00, real=0.16 secs] 
3122.152: [GC (Allocation Failure) [PSYoungGen: 418256K->149696K(504832K)] 1084210K->914478K(1576448K), 0.0515606 secs] [Times: user=0.31 sys=0.00, real=0.05 secs] 
3124.203: [GC (Allocation Failure) [PSYoungGen: 465083K->104832K(505856K)] 1229865K->1009998K(1577472K), 0.1437704 secs] [Times: user=0.85 sys=0.01, real=0.15 secs] 
3124.347: [Full GC (Ergonomics) [PSYoungGen: 104832K->0K(505856K)] [ParOldGen: 905166K->48073K(971264K)] 1009998K->48073K(1477120K), [Metaspace: 60138K->60138K(1105920K)], 0.1270176 secs] [Times: user=0.53 sys=0.00, real=0.12 secs] 
3126.179: [GC (Allocation Failure) [PSYoungGen: 315392K->147440K(505344K)] 363465K->195514K(1476608K), 0.0294280 secs] [Times: user=0.17 sys=0.00, real=0.03 secs] 
3129.555: [GC (Allocation Failure) [PSYoungGen: 462832K->99792K(506368K)] 510906K->286834K(1477632K), 0.1666452 secs] [Times: user=0.99 sys=0.00, real=0.16 secs] 
3131.815: [GC (Allocation Failure) [PSYoungGen: 416208K->149472K(465920K)] 603250K->431951K(1437184K), 0.0496151 secs] [Times: user=0.29 sys=0.00, real=0.05 secs] 
3133.981: [GC (Allocation Failure) [PSYoungGen: 465888K->102016K(508416K)] 748367K->525007K(1479680K), 0.1631370 secs] [Times: user=0.97 sys=0.01, real=0.17 secs] 
3135.037: [GC (Allocation Failure) [PSYoungGen: 416896K->149984K(505344K)] 839887K->671156K(1476608K), 0.0514559 secs] [Times: user=0.30 sys=0.00, real=0.05 secs] 
3138.950: [GC (Allocation Failure) [PSYoungGen: 464864K->103616K(505344K)] 986036K->766068K(1476608K), 0.1621167 secs] [Times: user=0.97 sys=0.00, real=0.16 secs] 
3140.063: [GC (Allocation Failure) [PSYoungGen: 418496K->148224K(505344K)] 1080948K->910356K(1476608K), 0.0521629 secs] [Times: user=0.31 sys=0.00, real=0.06 secs] 
3143.360: [GC (Allocation Failure) [PSYoungGen: 463104K->103264K(505856K)] 1225236K->1004325K(1477120K), 0.1117765 secs] [Times: user=0.66 sys=0.00, real=0.11 secs] 
3143.471: [Full GC (Ergonomics) [PSYoungGen: 103264K->0K(505856K)] [ParOldGen: 901060K->45346K(1012736K)] 1004325K->45346K(1518592K), [Metaspace: 60152K->60152K(1105920K)], 0.0981351 secs] [Times: user=0.42 sys=0.00, real=0.10 secs] 
3145.072: [GC (Allocation Failure) [PSYoungGen: 315392K->147200K(505856K)] 360738K->192546K(1518592K), 0.0298329 secs] [Times: user=0.17 sys=0.00, real=0.03 secs] 
3148.888: [GC (Allocation Failure) [PSYoungGen: 462592K->102336K(505344K)] 507938K->285922K(1518080K), 0.1593893 secs] [Times: user=0.96 sys=0.00, real=0.16 secs] 
3150.847: [GC (Allocation Failure) [PSYoungGen: 418240K->147008K(505856K)] 601826K->429311K(1518592K), 0.0508456 secs] [Times: user=0.29 sys=0.00, real=0.05 secs] 
3152.916: [GC (Allocation Failure) [PSYoungGen: 462912K->105984K(503808K)] 745215K->525479K(1516544K), 0.1649528 secs] [Times: user=0.98 sys=0.00, real=0.16 secs] 
3154.420: [GC (GCLocker Initiated GC) [PSYoungGen: 422912K->145920K(505344K)] 842407K->667740K(1518080K), 0.0519718 secs] [Times: user=0.31 sys=0.00, real=0.05 secs] 
3156.807: [GC (Allocation Failure) [PSYoungGen: 462848K->108256K(505344K)] 984720K->766720K(1518080K), 0.1064681 secs] [Times: user=0.63 sys=0.00, real=0.10 secs] 
3157.858: [GC (Allocation Failure) [PSYoungGen: 428256K->148704K(506880K)] 1086720K->911541K(1519616K), 0.0527684 secs] [Times: user=0.31 sys=0.00, real=0.05 secs] 
3161.945: [GC (Allocation Failure) [PSYoungGen: 468704K->105680K(508928K)] 1231541K->1007645K(1521664K), 0.1024251 secs] [Times: user=0.61 sys=0.01, real=0.10 secs] 
3162.047: [Full GC (Ergonomics) [PSYoungGen: 105680K->0K(508928K)] [ParOldGen: 901965K->50319K(1057280K)] 1007645K->50319K(1566208K), [Metaspace: 60163K->60163K(1105920K)], 0.1053112 secs] [Times: user=0.45 sys=0.00, real=0.10 secs] 
3163.221: [GC (Allocation Failure) [PSYoungGen: 322048K->151616K(474112K)] 372367K->201935K(1531392K), 0.0302630 secs] [Times: user=0.18 sys=0.00, real=0.03 secs] 
3167.404: [GC (Allocation Failure) [PSYoungGen: 473664K->105696K(510464K)] 523983K->298971K(1567744K), 0.1622056 secs] [Times: user=0.97 sys=0.00, real=0.17 secs] 
3169.283: [GC (Allocation Failure) [PSYoungGen: 424035K->147280K(507904K)] 617310K->442244K(1565184K), 0.0505647 secs] [Times: user=0.30 sys=0.00, real=0.05 secs] 
3171.587: [GC (Allocation Failure) [PSYoungGen: 466768K->104320K(507904K)] 761732K->537212K(1565184K), 0.1605824 secs] [Times: user=0.96 sys=0.01, real=0.16 secs] 
3173.164: [GC (Allocation Failure) [PSYoungGen: 414375K->146656K(508416K)] 847266K->679596K(1565696K), 0.1363477 secs] [Times: user=0.80 sys=0.01, real=0.14 secs] 
3176.336: [GC (Allocation Failure) [PSYoungGen: 467168K->106048K(507392K)] 1000108K->777196K(1564672K), 0.1800357 secs] [Times: user=1.07 sys=0.01, real=0.18 secs] 
3177.126: [GC (Allocation Failure) [PSYoungGen: 417956K->145360K(508416K)] 1089105K->918622K(1565696K), 0.0514593 secs] [Times: user=0.30 sys=0.01, real=0.05 secs] 
3180.772: [GC (Allocation Failure) [PSYoungGen: 466896K->100704K(510464K)] 1240158K->1010393K(1567744K), 0.1561572 secs] [Times: user=0.93 sys=0.00, real=0.16 secs] 
3180.928: [Full GC (Ergonomics) [PSYoungGen: 100704K->0K(510464K)] [ParOldGen: 909689K->52434K(1091584K)] 1010393K->52434K(1602048K), [Metaspace: 60188K->60188K(1105920K)], 0.1517138 secs] [Times: user=0.66 sys=0.00, real=0.15 secs] 
3181.651: [GC (Allocation Failure) [PSYoungGen: 316169K->150592K(474624K)] 368603K->203026K(1566208K), 0.0298879 secs] [Times: user=0.18 sys=0.00, real=0.03 secs] 
3185.428: [GC (GCLocker Initiated GC) [PSYoungGen: 474176K->106416K(511488K)] 526610K->301011K(1603072K), 0.1397817 secs] [Times: user=0.82 sys=0.01, real=0.14 secs] 
3186.054: [GC (Allocation Failure) [PSYoungGen: 427952K->140960K(462848K)] 638982K->454465K(1554432K), 0.2452875 secs] [Times: user=1.47 sys=0.00, real=0.25 secs] 
3191.092: [GC (Allocation Failure) [PSYoungGen: 462496K->97216K(509440K)] 776001K->550697K(1601024K), 0.4286406 secs] [Times: user=2.56 sys=0.00, real=0.43 secs] 
3191.740: [GC (Allocation Failure) [PSYoungGen: 419776K->154880K(477696K)] 873257K->699588K(1569280K), 0.0570375 secs] [Times: user=0.34 sys=0.00, real=0.06 secs] 
3196.800: [GC (Allocation Failure) [PSYoungGen: 477440K->95456K(508416K)] 1022148K->794296K(1600000K), 0.1430567 secs] [Times: user=0.86 sys=0.00, real=0.14 secs] 
3197.576: [GC (Allocation Failure) [PSYoungGen: 412384K->152224K(469504K)] 1111224K->940825K(1561088K), 0.0950673 secs] [Times: user=0.57 sys=0.00, real=0.09 secs] 
3200.926: [GC (Allocation Failure) [PSYoungGen: 469152K->92768K(505856K)] 1257753K->1033553K(1597440K), 0.1735225 secs] [Times: user=0.94 sys=0.10, real=0.17 secs] 
3201.099: [Full GC (Ergonomics) [PSYoungGen: 92768K->0K(505856K)] [ParOldGen: 940785K->74818K(1147904K)] 1033553K->74818K(1653760K), [Metaspace: 60191K->60191K(1105920K)], 0.1922152 secs] [Times: user=0.90 sys=0.00, real=0.19 secs] 
3201.486: [GC (Allocation Failure) [PSYoungGen: 311808K->151008K(462848K)] 386626K->225826K(1610752K), 0.0337169 secs] [Times: user=0.20 sys=0.00, real=0.03 secs] 
3205.076: [GC (Allocation Failure) [PSYoungGen: 462816K->92528K(503808K)] 537634K->317899K(1651712K), 0.1536878 secs] [Times: user=0.92 sys=0.00, real=0.15 secs] 
3205.462: [GC (Allocation Failure) [PSYoungGen: 399728K->149760K(457216K)] 625099K->461568K(1605120K), 0.0531880 secs] [Times: user=0.31 sys=0.00, real=0.06 secs] 
3210.025: [GC (Allocation Failure) [PSYoungGen: 454754K->87616K(501760K)] 766562K->549040K(1649664K), 0.1574139 secs] [Times: user=0.94 sys=0.00, real=0.15 secs] 
3210.486: [GC (Allocation Failure) [PSYoungGen: 376166K->138080K(441856K)] 837590K->683045K(1589760K), 0.0479228 secs] [Times: user=0.28 sys=0.00, real=0.04 secs] 
3214.853: [GC (Allocation Failure) [PSYoungGen: 441696K->97296K(501760K)] 986661K->771890K(1649664K), 0.1517781 secs] [Times: user=0.90 sys=0.01, real=0.16 secs] 
3216.293: [GC (Allocation Failure) [PSYoungGen: 403472K->154400K(499200K)] 1078066K->922306K(1647104K), 0.0497573 secs] [Times: user=0.29 sys=0.00, real=0.05 secs] 
3218.594: [GC (Allocation Failure) [PSYoungGen: 460576K->100144K(502784K)] 1228482K->1005506K(1650688K), 0.1452949 secs] [Times: user=0.86 sys=0.00, real=0.15 secs] 
3221.211: [GC (Allocation Failure) [PSYoungGen: 405808K->141888K(500736K)] 1311170K->1143775K(1648640K), 0.0639596 secs] [Times: user=0.22 sys=0.13, real=0.07 secs] 
3221.275: [Full GC (Ergonomics) [PSYoungGen: 141888K->0K(500736K)] [ParOldGen: 1001887K->180979K(1282048K)] 1143775K->180979K(1782784K), [Metaspace: 60197K->60197K(1105920K)], 0.4248046 secs] [Times: user=1.98 sys=0.00, real=0.42 secs] 
3222.973: [GC (Allocation Failure) [PSYoungGen: 305664K->101665K(498688K)] 486643K->282644K(1780736K), 0.0589314 secs] [Times: user=0.34 sys=0.00, real=0.06 secs] 
3224.056: [GC (Allocation Failure) [PSYoungGen: 410401K->142752K(500224K)] 591380K->422309K(1782272K), 0.0536888 secs] [Times: user=0.28 sys=0.00, real=0.05 secs] 
3226.293: [GC (Allocation Failure) [PSYoungGen: 451488K->105104K(501248K)] 731045K->517966K(1783296K), 0.0811132 secs] [Times: user=0.48 sys=0.00, real=0.09 secs] 
3228.006: [GC (Allocation Failure) [PSYoungGen: 419984K->144256K(503808K)] 832846K->659006K(1785856K), 0.0531608 secs] [Times: user=0.31 sys=0.00, real=0.05 secs] 
3231.129: [GC (Allocation Failure) [PSYoungGen: 459136K->104112K(505344K)] 973886K->753599K(1787392K), 0.0646753 secs] [Times: user=0.39 sys=0.00, real=0.06 secs] 
3233.244: [GC (Allocation Failure) [PSYoungGen: 423600K->144912K(506880K)] 1073087K->896604K(1788928K), 0.0529149 secs] [Times: user=0.31 sys=0.00, real=0.05 secs] 
3235.362: [GC (Allocation Failure) [PSYoungGen: 464400K->108688K(505344K)] 1216092K->995724K(1787392K), 0.0662062 secs] [Times: user=0.39 sys=0.01, real=0.07 secs] 
3236.979: [GC (Allocation Failure) [PSYoungGen: 430736K->146672K(507392K)] 1317772K->1140013K(1789440K), 0.0543804 secs] [Times: user=0.32 sys=0.00, real=0.05 secs] 
3239.951: [GC (Allocation Failure) [PSYoungGen: 468720K->105536K(509952K)] 1462061K->1235964K(1792000K), 0.1053869 secs] [Times: user=0.44 sys=0.16, real=0.11 secs] 
3240.056: [Full GC (Ergonomics) [PSYoungGen: 105536K->0K(509952K)] [ParOldGen: 1130428K->34681K(1169408K)] 1235964K->34681K(1679360K), [Metaspace: 60197K->60197K(1105920K)], 0.0581030 secs] [Times: user=0.20 sys=0.00, real=0.06 secs] 
3242.543: [GC (Allocation Failure) [PSYoungGen: 325632K->151680K(477696K)] 360313K->186361K(1647104K), 0.0300887 secs] [Times: user=0.18 sys=0.00, real=0.03 secs] 
3245.029: [GC (Allocation Failure) [PSYoungGen: 477312K->109376K(513024K)] 511993K->286889K(1682432K), 0.1576193 secs] [Times: user=0.94 sys=0.00, real=0.16 secs] 
3246.673: [GC (Allocation Failure) [PSYoungGen: 432960K->151328K(475136K)] 610473K->434610K(1644544K), 0.0535835 secs] [Times: user=0.32 sys=0.00, real=0.06 secs] 
3249.985: [GC (Allocation Failure) [PSYoungGen: 474912K->105552K(511488K)] 758194K->530711K(1680896K), 0.1517410 secs] [Times: user=0.90 sys=0.00, real=0.15 secs] 
3251.704: [GC (Allocation Failure) [PSYoungGen: 427088K->153104K(475136K)] 852247K->679159K(1644544K), 0.0516087 secs] [Times: user=0.31 sys=0.00, real=0.06 secs] 
3255.433: [GC (Allocation Failure) [PSYoungGen: 474640K->104656K(509952K)] 1000695K->775183K(1679360K), 0.1593767 secs] [Times: user=0.95 sys=0.00, real=0.16 secs] 
3257.041: [GC (Allocation Failure) [PSYoungGen: 414766K->146896K(507392K)] 1085293K->917720K(1676800K), 0.0501892 secs] [Times: user=0.30 sys=0.00, real=0.05 secs] 
3259.966: [GC (Allocation Failure) [PSYoungGen: 465360K->103904K(507392K)] 1236184K->1012868K(1676800K), 0.1519189 secs] [Times: user=0.90 sys=0.01, real=0.15 secs] 
3260.806: [GC (Allocation Failure) [PSYoungGen: 417649K->147472K(507904K)] 1326613K->1156209K(1677312K), 0.0505750 secs] [Times: user=0.30 sys=0.00, real=0.05 secs] 
3260.857: [Full GC (Ergonomics) [PSYoungGen: 147472K->0K(507904K)] [ParOldGen: 1008736K->198423K(1379840K)] 1156209K->198423K(1887744K), [Metaspace: 60200K->60200K(1105920K)], 0.4648839 secs] [Times: user=2.16 sys=0.00, real=0.46 secs] 
3264.253: [GC (Allocation Failure) [PSYoungGen: 319488K->103232K(508416K)] 517911K->301655K(1888256K), 0.1041585 secs] [Times: user=0.62 sys=0.00, real=0.11 secs] 
3265.556: [GC (Allocation Failure) [PSYoungGen: 418734K->148128K(508416K)] 617157K->445843K(1888256K), 0.0500547 secs] [Times: user=0.30 sys=0.00, real=0.05 secs] 
3267.761: [GC (Allocation Failure) [PSYoungGen: 468128K->105216K(507392K)] 765843K->541899K(1887232K), 0.1258371 secs] [Times: user=0.75 sys=0.00, real=0.13 secs] 
3269.279: [GC (Allocation Failure) [PSYoungGen: 413214K->146576K(507904K)] 849898K->684283K(1887744K), 0.0503118 secs] [Times: user=0.30 sys=0.00, real=0.05 secs] 
3273.629: [GC (Allocation Failure) [PSYoungGen: 466576K->103152K(508416K)] 1004283K->779011K(1888256K), 0.1722706 secs] [Times: user=1.02 sys=0.01, real=0.17 secs] 
3274.543: [GC (Allocation Failure) [PSYoungGen: 417633K->148576K(508928K)] 1093492K->923708K(1888768K), 0.0504344 secs] [Times: user=0.30 sys=0.00, real=0.05 secs] 
3277.859: [GC (Allocation Failure) [PSYoungGen: 470112K->106048K(508928K)] 1245244K->1020776K(1888768K), 0.1631870 secs] [Times: user=0.97 sys=0.00, real=0.16 secs] 
3279.160: [GC (Allocation Failure) [PSYoungGen: 414619K->145024K(508928K)] 1329347K->1162016K(1888768K), 0.0506326 secs] [Times: user=0.30 sys=0.00, real=0.05 secs] 
3282.171: [GC (Allocation Failure) [PSYoungGen: 466560K->104208K(508416K)] 1483552K->1257681K(1888256K), 0.1503709 secs] [Times: user=0.85 sys=0.03, real=0.15 secs] 
3283.546: [GC (Allocation Failure) [PSYoungGen: 422173K->147680K(509440K)] 1575646K->1401121K(1889280K), 0.0574765 secs] [Times: user=0.30 sys=0.03, real=0.05 secs] 
3283.604: [Full GC (Ergonomics) [PSYoungGen: 147680K->0K(509440K)] [ParOldGen: 1253441K->196997K(1398272K)] 1401121K->196997K(1907712K), [Metaspace: 60213K->60213K(1105920K)], 0.4962264 secs] [Times: user=2.32 sys=0.00, real=0.50 secs] 
3288.245: [GC (Allocation Failure) [PSYoungGen: 323072K->103856K(510464K)] 520069K->300854K(1908736K), 0.0850735 secs] [Times: user=0.50 sys=0.00, real=0.08 secs] 
3289.254: [GC (Allocation Failure) [PSYoungGen: 416220K->147360K(471552K)] 613217K->444214K(1869824K), 0.0499419 secs] [Times: user=0.29 sys=0.00, real=0.05 secs] 
3291.641: [GC (Allocation Failure) [PSYoungGen: 471456K->108416K(513024K)] 768310K->543910K(1911296K), 0.1753573 secs] [Times: user=1.04 sys=0.00, real=0.18 secs] 
3292.234: [GC (Allocation Failure) [PSYoungGen: 432512K->152896K(477184K)] 868006K->692839K(1875456K), 0.0525934 secs] [Times: user=0.30 sys=0.01, real=0.05 secs] 
3295.352: [GC (Allocation Failure) [PSYoungGen: 476992K->100000K(510464K)] 1016935K->792111K(1908736K), 0.1584560 secs] [Times: user=0.94 sys=0.00, real=0.16 secs] 
3295.879: [GC (Allocation Failure) [PSYoungGen: 420512K->154384K(475136K)] 1112623K->940677K(1873408K), 0.0570776 secs] [Times: user=0.34 sys=0.00, real=0.06 secs] 
3299.523: [GC (Allocation Failure) [PSYoungGen: 474896K->96144K(506880K)] 1261189K->1036181K(1905152K), 0.1547048 secs] [Times: user=0.92 sys=0.00, real=0.16 secs] 
3299.909: [GC (Allocation Failure) [PSYoungGen: 410000K->152960K(466944K)] 1350037K->1183321K(1865216K), 0.0554004 secs] [Times: user=0.33 sys=0.00, real=0.06 secs] 
3304.349: [GC (Allocation Failure) [PSYoungGen: 466816K->90880K(503808K)] 1497177K->1273801K(1902080K), 0.1483858 secs] [Times: user=0.89 sys=0.00, real=0.15 secs] 
3304.727: [GC (Allocation Failure) [PSYoungGen: 399104K->150496K(458752K)] 1582025K->1418394K(1857024K), 0.0548989 secs] [Times: user=0.33 sys=0.00, real=0.05 secs] 
3304.782: [Full GC (Ergonomics) [PSYoungGen: 150496K->0K(458752K)] [ParOldGen: 1267898K->217412K(1398272K)] 1418394K->217412K(1857024K), [Metaspace: 60219K->60219K(1105920K)], 0.5090524 secs] [Times: user=2.37 sys=0.00, real=0.51 secs] 
3308.838: [GC (Allocation Failure) [PSYoungGen: 308224K->88432K(501760K)] 525636K->305845K(1900032K), 0.1473555 secs] [Times: user=0.88 sys=0.00, real=0.15 secs] 
3309.319: [GC (Allocation Failure) [PSYoungGen: 392560K->146800K(451072K)] 609973K->446533K(1849344K), 0.0521515 secs] [Times: user=0.30 sys=0.00, real=0.05 secs] 
3311.224: [GC (Allocation Failure) [PSYoungGen: 450928K->92608K(501760K)] 750661K->538356K(1900032K), 0.1606217 secs] [Times: user=0.95 sys=0.00, real=0.16 secs] 
3312.179: [GC (Allocation Failure) [PSYoungGen: 389076K->139312K(442880K)] 834825K->674170K(1841152K), 0.0499093 secs] [Times: user=0.29 sys=0.01, real=0.05 secs] 
3315.665: [GC (Allocation Failure) [PSYoungGen: 442416K->96608K(501760K)] 977274K->761865K(1900032K), 0.1672474 secs] [Times: user=0.99 sys=0.00, real=0.16 secs] 
3317.782: [GC (Allocation Failure) [PSYoungGen: 402272K->142016K(499200K)] 1067529K->899880K(1897472K), 0.0480585 secs] [Times: user=0.29 sys=0.00, real=0.05 secs] 
3319.359: [GC (Allocation Failure) [PSYoungGen: 447680K->103920K(499200K)] 1205544K->994489K(1897472K), 0.0908569 secs] [Times: user=0.54 sys=0.00, real=0.09 secs] 
3320.330: [GC (Allocation Failure) [PSYoungGen: 415216K->144176K(501248K)] 1305785K->1134906K(1899520K), 0.0524420 secs] [Times: user=0.30 sys=0.01, real=0.05 secs] 
3324.616: [GC (Allocation Failure) [PSYoungGen: 455472K->103168K(504320K)] 1446202K->1227897K(1902592K), 0.1650253 secs] [Times: user=0.98 sys=0.00, real=0.16 secs] 
3327.187: [GC (Allocation Failure) [PSYoungGen: 420608K->144704K(505856K)] 1545337K->1369722K(1904128K), 0.0523487 secs] [Times: user=0.30 sys=0.01, real=0.05 secs] 
3327.239: [Full GC (Ergonomics) [PSYoungGen: 144704K->0K(505856K)] [ParOldGen: 1225018K->177688K(1398272K)] 1369722K->177688K(1904128K), [Metaspace: 60225K->60225K(1105920K)], 0.4121271 secs] [Times: user=1.91 sys=0.00, real=0.41 secs] 
3329.668: [GC (GCLocker Initiated GC) [PSYoungGen: 317440K->106752K(504320K)] 495128K->284440K(1902592K), 0.0902767 secs] [Times: user=0.53 sys=0.00, real=0.09 secs] 
3331.768: [GC (Allocation Failure) [PSYoungGen: 426752K->147584K(506368K)] 604443K->429236K(1904640K), 0.0538566 secs] [Times: user=0.32 sys=0.00, real=0.05 secs] 
3334.784: [GC (Allocation Failure) [PSYoungGen: 467584K->103600K(509952K)] 749236K->523529K(1908224K), 0.1627003 secs] [Times: user=0.96 sys=0.01, real=0.16 secs] 
3336.788: [GC (Allocation Failure) [PSYoungGen: 426160K->151088K(474112K)] 846089K->671590K(1872384K), 0.0528920 secs] [Times: user=0.30 sys=0.00, real=0.05 secs] 
3339.208: [GC (Allocation Failure) [PSYoungGen: 473648K->109088K(512000K)] 994150K->771781K(1910272K), 0.1629814 secs] [Times: user=0.97 sys=0.00, real=0.16 secs] 
3341.000: [GC (Allocation Failure) [PSYoungGen: 430112K->152176K(473600K)] 1092805K->919871K(1871872K), 0.0532818 secs] [Times: user=0.31 sys=0.00, real=0.05 secs] 
3343.273: [GC (Allocation Failure) [PSYoungGen: 473200K->102448K(509952K)] 1240895K->1013531K(1908224K), 0.1712445 secs] [Times: user=1.01 sys=0.00, real=0.18 secs] 
3345.099: [GC (Allocation Failure) [PSYoungGen: 420912K->150848K(469504K)] 1331995K->1159905K(1867776K), 0.0504990 secs] [Times: user=0.30 sys=0.00, real=0.05 secs] 
3349.208: [GC (Allocation Failure) [PSYoungGen: 469312K->102144K(508928K)] 1478369K->1252733K(1907200K), 0.1752228 secs] [Times: user=1.05 sys=0.00, real=0.17 secs] 
3350.783: [GC (Allocation Failure) [PSYoungGen: 418560K->150320K(466944K)] 1569149K->1398877K(1865216K), 0.0521741 secs] [Times: user=0.30 sys=0.00, real=0.06 secs] 
3350.835: [Full GC (Ergonomics) [PSYoungGen: 150320K->0K(466944K)] [ParOldGen: 1248556K->197544K(1398272K)] 1398877K->197544K(1865216K), [Metaspace: 60228K->60228K(1105920K)], 0.4787655 secs] [Times: user=2.24 sys=0.00, real=0.47 secs] 
3355.149: [GC (Allocation Failure) [PSYoungGen: 316416K->102752K(508416K)] 513960K->300304K(1906688K), 0.0991500 secs] [Times: user=0.58 sys=0.00, real=0.10 secs] 
3356.421: [GC (Allocation Failure) [PSYoungGen: 417075K->148192K(505856K)] 614627K->444709K(1904128K), 0.0500050 secs] [Times: user=0.30 sys=0.00, real=0.05 secs] 
3358.046: [GC (Allocation Failure) [PSYoungGen: 463584K->105456K(504832K)] 760101K->541386K(1903104K), 0.1491731 secs] [Times: user=0.89 sys=0.00, real=0.15 secs] 
3359.033: [GC (Allocation Failure) [PSYoungGen: 416539K->146736K(505344K)] 852468K->683674K(1903616K), 0.0502847 secs] [Times: user=0.30 sys=0.00, real=0.05 secs] 
3363.149: [GC (Allocation Failure) [PSYoungGen: 462128K->102816K(506368K)] 999066K->777478K(1904640K), 0.1705548 secs] [Times: user=1.02 sys=0.00, real=0.17 secs] 
3365.059: [GC (Allocation Failure) [PSYoungGen: 420256K->148896K(506880K)] 1094918K->922383K(1905152K), 0.0503359 secs] [Times: user=0.30 sys=0.00, real=0.05 secs] 
3368.259: [GC (Allocation Failure) [PSYoungGen: 466336K->100000K(507392K)] 1239823K->1013247K(1905664K), 0.1641638 secs] [Times: user=0.97 sys=0.01, real=0.16 secs] 
3370.259: [GC (Allocation Failure) [PSYoungGen: 416928K->150496K(467456K)] 1330175K->1159700K(1865728K), 0.0499022 secs] [Times: user=0.30 sys=0.00, real=0.05 secs] 
3372.989: [GC (Allocation Failure) [PSYoungGen: 467424K->101408K(507904K)] 1476628K->1252580K(1906176K), 0.1733606 secs] [Times: user=1.03 sys=0.00, real=0.17 secs] 
3373.783: [GC (Allocation Failure) [PSYoungGen: 416288K->150880K(465920K)] 1567460K->1399324K(1864192K), 0.0504534 secs] [Times: user=0.30 sys=0.00, real=0.05 secs] 
3373.834: [Full GC (Ergonomics) [PSYoungGen: 150880K->0K(465920K)] [ParOldGen: 1248444K->197046K(1398272K)] 1399324K->197046K(1864192K), [Metaspace: 60244K->60244K(1105920K)], 0.4677775 secs] [Times: user=2.16 sys=0.00, real=0.47 secs] 
3377.036: [GC (Allocation Failure) [PSYoungGen: 314880K->103200K(507392K)] 511926K->300246K(1905664K), 0.0885581 secs] [Times: user=0.52 sys=0.00, real=0.09 secs] 
3378.254: [GC (Allocation Failure) [PSYoungGen: 416544K->147456K(504832K)] 613590K->443851K(1903104K), 0.0506628 secs] [Times: user=0.30 sys=0.00, real=0.06 secs] 
3380.369: [GC (Allocation Failure) [PSYoungGen: 460800K->105504K(503808K)] 757195K->540059K(1902080K), 0.1611988 secs] [Times: user=0.96 sys=0.00, real=0.16 secs] 
3381.099: [GC (Allocation Failure) [PSYoungGen: 412545K->146976K(504832K)] 847100K->682772K(1903104K), 0.0516288 secs] [Times: user=0.30 sys=0.00, real=0.05 secs] 
3383.974: [GC (Allocation Failure) [PSYoungGen: 461344K->100960K(505856K)] 997140K->775072K(1904128K), 0.1770881 secs] [Times: user=1.05 sys=0.01, real=0.17 secs] 
3385.475: [GC (Allocation Failure) [PSYoungGen: 417376K->148032K(506368K)] 1091488K->919153K(1904640K), 0.0497309 secs] [Times: user=0.30 sys=0.00, real=0.05 secs] 
3388.356: [GC (Allocation Failure) [PSYoungGen: 464448K->101440K(506880K)] 1235569K->1011413K(1905152K), 0.1681129 secs] [Times: user=1.00 sys=0.00, real=0.16 secs] 
3389.554: [GC (Allocation Failure) [PSYoungGen: 418368K->149952K(466944K)] 1328341K->1157554K(1865216K), 0.0504821 secs] [Times: user=0.30 sys=0.00, real=0.06 secs] 
3392.973: [GC (Allocation Failure) [PSYoungGen: 466880K->102848K(508416K)] 1474482K->1251322K(1906688K), 0.1827511 secs] [Times: user=1.09 sys=0.00, real=0.19 secs] 
3394.833: [GC (Allocation Failure) [PSYoungGen: 418240K->147680K(505856K)] 1566714K->1395207K(1904128K), 0.0524846 secs] [Times: user=0.31 sys=0.00, real=0.06 secs] 
3394.886: [Full GC (Ergonomics) [PSYoungGen: 147680K->0K(505856K)] [ParOldGen: 1247527K->194284K(1398272K)] 1395207K->194284K(1904128K), [Metaspace: 60244K->60244K(1105920K)], 0.4751776 secs] [Times: user=2.23 sys=0.00, real=0.47 secs] 
3397.668: [GC (Allocation Failure) [PSYoungGen: 315392K->102672K(505344K)] 509676K->296957K(1903616K), 0.0989287 secs] [Times: user=0.59 sys=0.00, real=0.10 secs] 
3398.801: [GC (Allocation Failure) [PSYoungGen: 418576K->159376K(475648K)] 612861K->452150K(1873920K), 0.0509480 secs] [Times: user=0.30 sys=0.00, real=0.05 secs] 
3402.174: [GC (Allocation Failure) [PSYoungGen: 475280K->102496K(504832K)] 768054K->537757K(1903104K), 0.1484455 secs] [Times: user=0.88 sys=0.01, real=0.14 secs] 
3403.793: [GC (Allocation Failure) [PSYoungGen: 410720K->145024K(502272K)] 845981K->678566K(1900544K), 0.0509838 secs] [Times: user=0.30 sys=0.00, real=0.06 secs] 
3405.705: [GC (Allocation Failure) [PSYoungGen: 453248K->104352K(500736K)] 986790K->773270K(1899008K), 0.0915224 secs] [Times: user=0.55 sys=0.00, real=0.09 secs] 
3406.811: [GC (Allocation Failure) [PSYoungGen: 414624K->144176K(501760K)] 1083542K->913380K(1900032K), 0.0516080 secs] [Times: user=0.31 sys=0.00, real=0.05 secs] 
3409.839: [GC (Allocation Failure) [PSYoungGen: 454448K->101824K(503808K)] 1223652K->1005519K(1902080K), 0.0788258 secs] [Times: user=0.47 sys=0.00, real=0.08 secs] 
3411.582: [GC (Allocation Failure) [PSYoungGen: 417216K->144800K(505344K)] 1320911K->1146516K(1903616K), 0.0519363 secs] [Times: user=0.31 sys=0.00, real=0.05 secs] 
3414.827: [GC (Allocation Failure) [PSYoungGen: 460192K->107552K(502784K)] 1461908K->1244456K(1901056K), 0.0998015 secs] [Times: user=0.59 sys=0.00, real=0.10 secs] 
3415.866: [GC (Allocation Failure) [PSYoungGen: 425504K->147008K(505344K)] 1562408K->1387469K(1903616K), 0.0540775 secs] [Times: user=0.31 sys=0.00, real=0.05 secs] 
3415.920: [Full GC (Ergonomics) [PSYoungGen: 147008K->0K(505344K)] [ParOldGen: 1240461K->186676K(1398272K)] 1387469K->186676K(1903616K), [Metaspace: 60247K->60247K(1105920K)], 0.4355495 secs] [Times: user=2.03 sys=0.00, real=0.44 secs] 
3418.857: [GC (Allocation Failure) [PSYoungGen: 317952K->108304K(507392K)] 504628K->294981K(1905664K), 0.0601920 secs] [Times: user=0.35 sys=0.00, real=0.06 secs] 
3420.725: [GC (Allocation Failure) [PSYoungGen: 430352K->150000K(508416K)] 617029K->441213K(1906688K), 0.0530186 secs] [Times: user=0.31 sys=0.00, real=0.05 secs] 
3423.165: [GC (Allocation Failure) [PSYoungGen: 472048K->108800K(509952K)] 763261K->540652K(1908224K), 0.1652046 secs] [Times: user=0.98 sys=0.00, real=0.16 secs] 
3423.709: [GC (Allocation Failure) [PSYoungGen: 417707K->146912K(509440K)] 849560K->683849K(1907712K), 0.0526183 secs] [Times: user=0.31 sys=0.00, real=0.05 secs] 
3426.524: [GC (Allocation Failure) [PSYoungGen: 469472K->105440K(509440K)] 1006409K->780609K(1907712K), 0.1619091 secs] [Times: user=0.96 sys=0.01, real=0.17 secs] 
3427.818: [GC (Allocation Failure) [PSYoungGen: 415464K->145152K(509952K)] 1090634K->922270K(1908224K), 0.0520391 secs] [Times: user=0.30 sys=0.00, real=0.05 secs] 
3431.040: [GC (Allocation Failure) [PSYoungGen: 468736K->105008K(509440K)] 1245854K->1018374K(1907712K), 0.1655988 secs] [Times: user=0.99 sys=0.00, real=0.17 secs] 
3431.885: [GC (Allocation Failure) [PSYoungGen: 430128K->155040K(480256K)] 1343494K->1169639K(1878528K), 0.0548530 secs] [Times: user=0.32 sys=0.00, real=0.05 secs] 
3436.099: [GC (Allocation Failure) [PSYoungGen: 480032K->96000K(509440K)] 1494631K->1265263K(1907712K), 0.1460019 secs] [Times: user=0.87 sys=0.00, real=0.15 secs] 
3437.352: [GC (Allocation Failure) [PSYoungGen: 414976K->151872K(471040K)] 1584239K->1412872K(1869312K), 0.0575469 secs] [Times: user=0.35 sys=0.00, real=0.06 secs] 
3437.410: [Full GC (Ergonomics) [PSYoungGen: 151872K->0K(471040K)] [ParOldGen: 1261000K->210211K(1398272K)] 1412872K->210211K(1869312K), [Metaspace: 60253K->60253K(1105920K)], 0.4921471 secs] [Times: user=2.30 sys=0.00, real=0.49 secs] 
3441.481: [GC (Allocation Failure) [PSYoungGen: 318976K->93872K(506368K)] 529187K->304083K(1904640K), 0.1546345 secs] [Times: user=0.92 sys=0.00, real=0.16 secs] 
3442.403: [GC (Allocation Failure) [PSYoungGen: 407216K->149088K(462848K)] 617427K->447220K(1861120K), 0.0548671 secs] [Times: user=0.32 sys=0.00, real=0.06 secs] 
3446.874: [GC (Allocation Failure) [PSYoungGen: 462432K->90336K(504832K)] 760564K->536604K(1903104K), 0.1785631 secs] [Times: user=1.06 sys=0.00, real=0.18 secs] 
3447.789: [GC (Allocation Failure) [PSYoungGen: 392440K->142128K(504320K)] 838708K->674628K(1902592K), 0.0497919 secs] [Times: user=0.30 sys=0.00, real=0.05 secs] 
3450.280: [GC (Allocation Failure) [PSYoungGen: 452400K->101504K(500224K)] 984900K->767476K(1898496K), 0.1523921 secs] [Times: user=0.90 sys=0.00, real=0.15 secs] 
3451.616: [GC (Allocation Failure) [PSYoungGen: 412288K->144544K(502272K)] 1078260K->908352K(1900544K), 0.1380491 secs] [Times: user=0.82 sys=0.00, real=0.14 secs] 
3453.931: [GC (Allocation Failure) [PSYoungGen: 455328K->102135K(502272K)] 1219136K->1001659K(1900544K), 0.1218498 secs] [Times: user=0.73 sys=0.00, real=0.12 secs] 
3455.841: [GC (Allocation Failure) [PSYoungGen: 417015K->146496K(504320K)] 1316539K->1144057K(1902592K), 0.0507864 secs] [Times: user=0.30 sys=0.00, real=0.05 secs] 
3458.690: [GC (Allocation Failure) [PSYoungGen: 461376K->103408K(505856K)] 1458937K->1237986K(1904128K), 0.1138309 secs] [Times: user=0.68 sys=0.00, real=0.11 secs] 
3460.265: [GC (Allocation Failure) [PSYoungGen: 420848K->149024K(506368K)] 1555426K->1382934K(1904640K), 0.0524315 secs] [Times: user=0.31 sys=0.00, real=0.05 secs] 
3460.317: [Full GC (Ergonomics) [PSYoungGen: 149024K->0K(506368K)] [ParOldGen: 1233910K->189771K(1398272K)] 1382934K->189771K(1904640K), [Metaspace: 60259K->60259K(1105920K)], 0.4506279 secs] [Times: user=2.10 sys=0.00, real=0.45 secs] 
3463.753: [GC (Allocation Failure) [PSYoungGen: 317440K->106176K(505856K)] 507211K->295947K(1904128K), 0.1056430 secs] [Times: user=0.62 sys=0.00, real=0.11 secs] 
3465.812: [GC (Allocation Failure) [PSYoungGen: 424128K->148192K(506368K)] 613899K->439787K(1904640K), 0.0514748 secs] [Times: user=0.30 sys=0.00, real=0.05 secs] 
3469.200: [GC (Allocation Failure) [PSYoungGen: 466144K->105312K(507904K)] 757739K->535483K(1906176K), 0.1662823 secs] [Times: user=0.99 sys=0.00, real=0.17 secs] 
3470.273: [GC (Allocation Failure) [PSYoungGen: 424800K->152192K(472064K)] 854971K->683476K(1870336K), 0.0518094 secs] [Times: user=0.31 sys=0.00, real=0.06 secs] 
3473.778: [GC (Allocation Failure) [PSYoungGen: 471680K->103968K(509440K)] 1002964K->778844K(1907712K), 0.1693581 secs] [Times: user=1.00 sys=0.00, real=0.17 secs] 
3474.799: [GC (Allocation Failure) [PSYoungGen: 420470K->147632K(506368K)] 1095346K->922573K(1904640K), 0.0512958 secs] [Times: user=0.30 sys=0.00, real=0.05 secs] 
3479.378: [GC (GCLocker Initiated GC) [PSYoungGen: 464560K->101248K(507392K)] 1239501K->1014753K(1905664K), 0.1654458 secs] [Times: user=0.98 sys=0.01, real=0.16 secs] 
3480.988: [GC (Allocation Failure) [PSYoungGen: 419200K->150320K(468480K)] 1332707K->1160841K(1866752K), 0.0695830 secs] [Times: user=0.41 sys=0.00, real=0.07 secs] 
3483.653: [GC (Allocation Failure) [PSYoungGen: 468272K->103792K(508928K)] 1478793K->1255416K(1907200K), 0.1438709 secs] [Times: user=0.86 sys=0.00, real=0.15 secs] 
3485.335: [GC (Allocation Failure) [PSYoungGen: 420208K->149200K(506368K)] 1571832K->1400169K(1904640K), 0.0508587 secs] [Times: user=0.30 sys=0.00, real=0.05 secs] 
3485.386: [Full GC (Ergonomics) [PSYoungGen: 149200K->0K(506368K)] [ParOldGen: 1250969K->197600K(1398272K)] 1400169K->197600K(1904640K), [Metaspace: 60261K->60261K(1105920K)], 0.4701581 secs] [Times: user=2.18 sys=0.00, real=0.47 secs] 
3488.967: [GC (Allocation Failure) [PSYoungGen: 316416K->101648K(506880K)] 514016K->299249K(1905152K), 0.0993659 secs] [Times: user=0.59 sys=0.00, real=0.10 secs] 
3490.264: [GC (Allocation Failure) [PSYoungGen: 417552K->150256K(466432K)] 615153K->444838K(1864704K), 0.0495438 secs] [Times: user=0.29 sys=0.00, real=0.05 secs] 
3493.780: [GC (Allocation Failure) [PSYoungGen: 466160K->101136K(507904K)] 760742K->537246K(1906176K), 0.1657853 secs] [Times: user=0.99 sys=0.01, real=0.17 secs] 
3495.700: [GC (Allocation Failure) [PSYoungGen: 415504K->149632K(464384K)] 851614K->682118K(1862656K), 0.0499936 secs] [Times: user=0.29 sys=0.00, real=0.05 secs] 
3498.782: [GC (Allocation Failure) [PSYoungGen: 464000K->101808K(507392K)] 996486K->775114K(1905664K), 0.1754941 secs] [Times: user=1.04 sys=0.00, real=0.18 secs] 
3500.019: [GC (Allocation Failure) [PSYoungGen: 415152K->149216K(504832K)] 1088458K->920339K(1903104K), 0.0507967 secs] [Times: user=0.29 sys=0.01, real=0.05 secs] 
3502.423: [GC (Allocation Failure) [PSYoungGen: 462560K->101296K(504832K)] 1233683K->1012863K(1903104K), 0.1645493 secs] [Times: user=0.98 sys=0.00, real=0.17 secs] 
3505.050: [GC (Allocation Failure) [PSYoungGen: 414640K->146768K(504832K)] 1326207K->1155728K(1903104K), 0.0509461 secs] [Times: user=0.30 sys=0.00, real=0.05 secs] 
3507.012: [GC (Allocation Failure) [PSYoungGen: 460112K->104960K(503808K)] 1469072K->1251832K(1902080K), 0.1671867 secs] [Times: user=1.00 sys=0.00, real=0.17 secs] 
3508.376: [GC (Allocation Failure) [PSYoungGen: 419328K->147840K(504832K)] 1566200K->1395428K(1903104K), 0.0527594 secs] [Times: user=0.31 sys=0.00, real=0.05 secs] 
3508.429: [Full GC (Ergonomics) [PSYoungGen: 147840K->0K(504832K)] [ParOldGen: 1247588K->193273K(1398272K)] 1395428K->193273K(1903104K), [Metaspace: 60261K->60261K(1105920K)], 0.4628980 secs] [Times: user=2.16 sys=0.01, real=0.46 secs] 
3511.354: [GC (Allocation Failure) [PSYoungGen: 314368K->102560K(505344K)] 507641K->295833K(1903616K), 0.1041906 secs] [Times: user=0.61 sys=0.00, real=0.10 secs] 
3513.081: [GC (Allocation Failure) [PSYoungGen: 418464K->157104K(473088K)] 611737K->448439K(1871360K), 0.0508710 secs] [Times: user=0.30 sys=0.00, real=0.05 secs] 
3515.607: [GC (Allocation Failure) [PSYoungGen: 473008K->101376K(505856K)] 764343K->532334K(1904128K), 0.1212160 secs] [Times: user=0.72 sys=0.00, real=0.12 secs] 
3516.755: [GC (Allocation Failure) [PSYoungGen: 411648K->147392K(503296K)] 842606K->675991K(1901568K), 0.0504990 secs] [Times: user=0.30 sys=0.00, real=0.05 secs] 
3519.291: [GC (Allocation Failure) [PSYoungGen: 457664K->98592K(504320K)] 986263K->765787K(1902592K), 0.1820923 secs] [Times: user=1.08 sys=0.00, real=0.18 secs] 
3521.785: [GC (Allocation Failure) [PSYoungGen: 409888K->146000K(504320K)] 1077083K->907169K(1902592K), 0.0497429 secs] [Times: user=0.29 sys=0.00, real=0.05 secs] 
3524.660: [GC (Allocation Failure) [PSYoungGen: 457296K->102144K(501760K)] 1218465K->1000124K(1900032K), 0.1553951 secs] [Times: user=0.92 sys=0.00, real=0.16 secs] 
3526.179: [GC (Allocation Failure) [PSYoungGen: 413952K->146144K(503296K)] 1311932K->1143177K(1901568K), 0.0519368 secs] [Times: user=0.31 sys=0.00, real=0.05 secs] 
3528.303: [GC (Allocation Failure) [PSYoungGen: 457952K->102960K(503808K)] 1454985K->1236994K(1902080K), 0.1616313 secs] [Times: user=0.95 sys=0.02, real=0.17 secs] 
3531.676: [GC (Allocation Failure) [PSYoungGen: 417328K->144528K(504832K)] 1551362K->1378382K(1903104K), 0.0521344 secs] [Times: user=0.31 sys=0.00, real=0.05 secs] 
3531.728: [Full GC (Ergonomics) [PSYoungGen: 144528K->0K(504832K)] [ParOldGen: 1233854K->177634K(1398272K)] 1378382K->177634K(1903104K), [Metaspace: 60262K->60262K(1105920K)], 0.4226204 secs] [Times: user=1.88 sys=0.00, real=0.42 secs] 
3533.361: [GC (Allocation Failure) [PSYoungGen: 314368K->104384K(503296K)] 492002K->282018K(1901568K), 0.0447129 secs] [Times: user=0.26 sys=0.00, real=0.05 secs] 
3536.059: [GC (Allocation Failure) [PSYoungGen: 421312K->147504K(505344K)] 598946K->426351K(1903616K), 0.0526233 secs] [Times: user=0.31 sys=0.00, real=0.05 secs] 
3538.481: [GC (Allocation Failure) [PSYoungGen: 464432K->104016K(506880K)] 743279K->521403K(1905152K), 0.1771223 secs] [Times: user=1.06 sys=0.00, real=0.18 secs] 
3541.356: [GC (Allocation Failure) [PSYoungGen: 423504K->155872K(475648K)] 840891K->674359K(1873920K), 0.0527597 secs] [Times: user=0.31 sys=0.00, real=0.05 secs] 
3543.901: [GC (Allocation Failure) [PSYoungGen: 475360K->106000K(508416K)] 993847K->763116K(1906688K), 0.1665034 secs] [Times: user=0.99 sys=0.00, real=0.17 secs] 
3545.681: [GC (Allocation Failure) [PSYoungGen: 420880K->146464K(505344K)] 1077996K->906692K(1903616K), 0.0539977 secs] [Times: user=0.32 sys=0.01, real=0.06 secs] 
3548.188: [GC (Allocation Failure) [PSYoungGen: 461344K->105952K(503808K)] 1221572K->1003548K(1902080K), 0.1629865 secs] [Times: user=0.97 sys=0.00, real=0.16 secs] 
3551.102: [GC (Allocation Failure) [PSYoungGen: 422368K->146368K(505344K)] 1319964K->1146129K(1903616K), 0.0530069 secs] [Times: user=0.31 sys=0.00, real=0.06 secs] 
3553.526: [GC (Allocation Failure) [PSYoungGen: 462784K->104160K(507392K)] 1462545K->1240953K(1905664K), 0.1611498 secs] [Times: user=0.95 sys=0.00, real=0.16 secs] 
3555.838: [GC (Allocation Failure) [PSYoungGen: 423648K->146752K(507904K)] 1560441K->1384710K(1906176K), 0.0535122 secs] [Times: user=0.31 sys=0.00, real=0.05 secs] 
3555.892: [Full GC (Ergonomics) [PSYoungGen: 146752K->0K(507904K)] [ParOldGen: 1237958K->184036K(1398272K)] 1384710K->184036K(1906176K), [Metaspace: 60275K->60275K(1105920K)], 0.4332047 secs] [Times: user=2.02 sys=0.00, real=0.44 secs] 
3558.852: [GC (Allocation Failure) [PSYoungGen: 319488K->106576K(506880K)] 503524K->290612K(1905152K), 0.1031787 secs] [Times: user=0.61 sys=0.00, real=0.11 secs] 
3560.923: [GC (Allocation Failure) [PSYoungGen: 427088K->150400K(507904K)] 611124K->436581K(1906176K), 0.0533789 secs] [Times: user=0.31 sys=0.00, real=0.06 secs] 
3563.340: [GC (Allocation Failure) [PSYoungGen: 470912K->106432K(508928K)] 757093K->533581K(1907200K), 0.1664185 secs] [Times: user=0.99 sys=0.00, real=0.17 secs] 
3566.341: [GC (Allocation Failure) [PSYoungGen: 426944K->149536K(508416K)] 854093K->679202K(1906688K), 0.0521193 secs] [Times: user=0.30 sys=0.00, real=0.05 secs] 
3569.192: [GC (Allocation Failure) [PSYoungGen: 470048K->104576K(508416K)] 999714K->774810K(1906688K), 0.1702460 secs] [Times: user=1.01 sys=0.00, real=0.17 secs] 
3570.763: [GC (Allocation Failure) [PSYoungGen: 422302K->150784K(471552K)] 1092537K->921671K(1869824K), 0.0585948 secs] [Times: user=0.34 sys=0.00, real=0.06 secs] 
3574.681: [GC (Allocation Failure) [PSYoungGen: 471296K->100416K(509440K)] 1242183K->1013679K(1907712K), 0.1659702 secs] [Times: user=0.99 sys=0.00, real=0.17 secs] 
3576.119: [GC (Allocation Failure) [PSYoungGen: 418368K->151200K(469504K)] 1331631K->1160276K(1867776K), 0.0503895 secs] [Times: user=0.30 sys=0.00, real=0.05 secs] 
3578.582: [GC (Allocation Failure) [PSYoungGen: 469152K->103056K(508416K)] 1478228K->1254556K(1906688K), 0.1665555 secs] [Times: user=0.99 sys=0.00, real=0.17 secs] 
3579.776: [GC (Allocation Failure) [PSYoungGen: 415586K->148160K(505856K)] 1567086K->1398545K(1904128K), 0.0508918 secs] [Times: user=0.30 sys=0.00, real=0.05 secs] 
3579.827: [Full GC (Ergonomics) [PSYoungGen: 148160K->0K(505856K)] [ParOldGen: 1250385K->196987K(1398272K)] 1398545K->196987K(1904128K), [Metaspace: 60277K->60277K(1105920K)], 0.4780154 secs] [Times: user=2.22 sys=0.00, real=0.48 secs] 
3583.039: [GC (Allocation Failure) [PSYoungGen: 315392K->100160K(506880K)] 512379K->297147K(1905152K), 0.0953439 secs] [Times: user=0.56 sys=0.00, real=0.10 secs] 
3585.335: [GC (Allocation Failure) [PSYoungGen: 415552K->149120K(464896K)] 612539K->441864K(1863168K), 0.0485029 secs] [Times: user=0.28 sys=0.00, real=0.04 secs] 
3588.541: [GC (Allocation Failure) [PSYoungGen: 464512K->102272K(507904K)] 757256K->535168K(1906176K), 0.1624180 secs] [Times: user=0.96 sys=0.01, real=0.16 secs] 
3590.277: [GC (Allocation Failure) [PSYoungGen: 417152K->147744K(505856K)] 850048K->679157K(1904128K), 0.0505628 secs] [Times: user=0.30 sys=0.00, real=0.05 secs] 
3593.324: [GC (Allocation Failure) [PSYoungGen: 462624K->100016K(506368K)] 994037K->770485K(1904640K), 0.1658036 secs] [Times: user=0.96 sys=0.00, real=0.17 secs] 
3595.482: [GC (Allocation Failure) [PSYoungGen: 415408K->146992K(506368K)] 1085877K->913694K(1904640K), 0.0502599 secs] [Times: user=0.30 sys=0.00, real=0.05 secs] 
3597.776: [GC (Allocation Failure) [PSYoungGen: 462384K->105408K(503296K)] 1229086K->1009710K(1901568K), 0.1680044 secs] [Times: user=1.00 sys=0.00, real=0.16 secs] 
3598.718: [GC (Allocation Failure) [PSYoungGen: 420800K->148688K(504832K)] 1325102K->1154927K(1903104K), 0.0529907 secs] [Times: user=0.31 sys=0.00, real=0.05 secs] 
3601.467: [GC (Allocation Failure) [PSYoungGen: 464080K->101512K(507392K)] 1470319K->1247698K(1905664K), 0.1737008 secs] [Times: user=1.04 sys=0.00, real=0.17 secs] 
3603.659: [GC (Allocation Failure) [PSYoungGen: 418440K->147248K(506880K)] 1564626K->1391480K(1905152K), 0.0529825 secs] [Times: user=0.31 sys=0.00, real=0.05 secs] 
3603.712: [Full GC (Ergonomics) [PSYoungGen: 147248K->0K(506880K)] [ParOldGen: 1244231K->190788K(1398272K)] 1391480K->190788K(1905152K), [Metaspace: 60402K->60402K(1105920K)], 0.4550186 secs] [Times: user=2.03 sys=0.00, real=0.46 secs] 
3606.438: [GC (Allocation Failure) [PSYoungGen: 316928K->103584K(505856K)] 507716K->294372K(1904128K), 0.0899774 secs] [Times: user=0.53 sys=0.01, real=0.09 secs] 
3608.127: [GC (Allocation Failure) [PSYoungGen: 420512K->146864K(506368K)] 611300K->437658K(1904640K), 0.1345375 secs] [Times: user=0.79 sys=0.01, real=0.13 secs] 
3611.026: [GC (Allocation Failure) [PSYoungGen: 463792K->103808K(505856K)] 754586K->532461K(1904128K), 0.1829272 secs] [Times: user=1.10 sys=0.00, real=0.18 secs] 
3613.214: [GC (Allocation Failure) [PSYoungGen: 422272K->149120K(506880K)] 850925K->677698K(1905152K), 0.0514011 secs] [Times: user=0.30 sys=0.00, real=0.05 secs] 
3615.583: [GC (Allocation Failure) [PSYoungGen: 467584K->105120K(507392K)] 996162K->773718K(1905664K), 0.1760073 secs] [Times: user=1.04 sys=0.00, real=0.18 secs] 
3616.855: [GC (Allocation Failure) [PSYoungGen: 424096K->150656K(470016K)] 1092694K->919931K(1868288K), 0.0531548 secs] [Times: user=0.31 sys=0.00, real=0.05 secs] 
3620.141: [GC (Allocation Failure) [PSYoungGen: 469632K->106336K(509952K)] 1238907K->1017023K(1908224K), 0.1644298 secs] [Times: user=0.98 sys=0.00, real=0.17 secs] 
3621.145: [GC (Allocation Failure) [PSYoungGen: 424236K->148640K(506880K)] 1334923K->1161636K(1905152K), 0.0520632 secs] [Times: user=0.31 sys=0.00, real=0.05 secs] 
3625.788: [GC (Allocation Failure) [PSYoungGen: 466592K->103616K(507392K)] 1479588K->1255932K(1905664K), 0.1625290 secs] [Times: user=0.96 sys=0.00, real=0.16 secs] 
3627.375: [GC (Allocation Failure) [PSYoungGen: 414941K->148064K(507392K)] 1567257K->1400069K(1905664K), 0.0527152 secs] [Times: user=0.31 sys=0.00, real=0.05 secs] 
3627.428: [Full GC (Ergonomics) [PSYoungGen: 148064K->0K(507392K)] [ParOldGen: 1252005K->197871K(1398272K)] 1400069K->197871K(1905664K), [Metaspace: 60402K->60402K(1105920K)], 0.4792350 secs] [Times: user=2.25 sys=0.00, real=0.48 secs] 
3630.998: [GC (Allocation Failure) [PSYoungGen: 318464K->100672K(508416K)] 516335K->298543K(1906688K), 0.0791256 secs] [Times: user=0.46 sys=0.01, real=0.08 secs] 
3632.797: [GC (Allocation Failure) [PSYoungGen: 417927K->151184K(470016K)] 615798K->445369K(1868288K), 0.0486434 secs] [Times: user=0.29 sys=0.00, real=0.05 secs] 
3636.027: [GC (Allocation Failure) [PSYoungGen: 469648K->102016K(508416K)] 763833K->538512K(1906688K), 0.1603720 secs] [Times: user=0.95 sys=0.00, real=0.16 secs] 
3636.789: [GC (Allocation Failure) [PSYoungGen: 417920K->149024K(465408K)] 854416K->683779K(1863680K), 0.0503743 secs] [Times: user=0.29 sys=0.00, real=0.05 secs] 
3640.194: [GC (Allocation Failure) [PSYoungGen: 464928K->102816K(508416K)] 999683K->778147K(1906688K), 0.1486089 secs] [Times: user=0.88 sys=0.00, real=0.15 secs] 
3641.741: [GC (Allocation Failure) [PSYoungGen: 418208K->149104K(505856K)] 1093539K->923069K(1904128K), 0.0510732 secs] [Times: user=0.30 sys=0.01, real=0.05 secs] 
3645.678: [GC (Allocation Failure) [PSYoungGen: 464496K->100320K(506368K)] 1238461K->1014508K(1904640K), 0.1567627 secs] [Times: user=0.94 sys=0.00, real=0.16 secs] 
3646.934: [GC (Allocation Failure) [PSYoungGen: 415200K->150384K(465408K)] 1329388K->1160866K(1863680K), 0.0501904 secs] [Times: user=0.30 sys=0.00, real=0.05 secs] 
3650.012: [GC (Allocation Failure) [PSYoungGen: 465264K->101888K(507392K)] 1475746K->1253873K(1905664K), 0.1700295 secs] [Times: user=1.01 sys=0.01, real=0.17 secs] 
3651.364: [GC (Allocation Failure) [PSYoungGen: 415232K->149920K(504832K)] 1567217K->1399858K(1903104K), 0.0510118 secs] [Times: user=0.30 sys=0.00, real=0.05 secs] 
3651.415: [Full GC (Ergonomics) [PSYoungGen: 149920K->0K(504832K)] [ParOldGen: 1249938K->197876K(1398272K)] 1399858K->197876K(1903104K), [Metaspace: 60404K->60404K(1105920K)], 0.4726407 secs] [Times: user=2.19 sys=0.00, real=0.47 secs] 
3654.574: [GC (Allocation Failure) [PSYoungGen: 313344K->100224K(505344K)] 511220K->298100K(1903616K), 0.0968809 secs] [Times: user=0.57 sys=0.00, real=0.09 secs] 
3656.934: [GC (Allocation Failure) [PSYoungGen: 413056K->148512K(461824K)] 610932K->442281K(1860096K), 0.0489757 secs] [Times: user=0.29 sys=0.00, real=0.05 secs] 
3659.409: [GC (Allocation Failure) [PSYoungGen: 461344K->100256K(506880K)] 755113K->533609K(1905152K), 0.1697203 secs] [Times: user=1.01 sys=0.00, real=0.17 secs] 
3661.092: [GC (Allocation Failure) [PSYoungGen: 412576K->146848K(504320K)] 845929K->676548K(1902592K), 0.0503961 secs] [Times: user=0.30 sys=0.00, real=0.05 secs] 
3663.727: [GC (Allocation Failure) [PSYoungGen: 459168K->102688K(503296K)] 988868K->770028K(1901568K), 0.1502236 secs] [Times: user=0.89 sys=0.01, real=0.15 secs] 
3665.840: [GC (Allocation Failure) [PSYoungGen: 416032K->148064K(504320K)] 1083372K->913929K(1902592K), 0.0509440 secs] [Times: user=0.30 sys=0.00, real=0.05 secs] 
3668.037: [GC (Allocation Failure) [PSYoungGen: 461408K->105392K(503808K)] 1227273K->1010546K(1902080K), 0.1111170 secs] [Times: user=0.67 sys=0.00, real=0.11 secs] 
3670.082: [GC (Allocation Failure) [PSYoungGen: 420272K->146656K(504832K)] 1325426K->1152974K(1903104K), 0.0518575 secs] [Times: user=0.31 sys=0.00, real=0.05 secs] 
3672.517: [GC (Allocation Failure) [PSYoungGen: 461536K->105335K(504832K)] 1467854K->1248890K(1903104K), 0.1190979 secs] [Times: user=0.71 sys=0.00, real=0.12 secs] 
3674.342: [GC (Allocation Failure) [PSYoungGen: 422263K->149072K(505856K)] 1565818K->1394119K(1904128K), 0.0528141 secs] [Times: user=0.31 sys=0.00, real=0.06 secs] 
3674.395: [Full GC (Ergonomics) [PSYoungGen: 149072K->0K(505856K)] [ParOldGen: 1245047K->192926K(1398272K)] 1394119K->192926K(1904128K), [Metaspace: 60415K->60415K(1105920K)], 0.4604012 secs] [Times: user=2.15 sys=0.00, real=0.46 secs] 
3677.272: [GC (Allocation Failure) [PSYoungGen: 316928K->101536K(507904K)] 509854K->294462K(1906176K), 0.0578958 secs] [Times: user=0.34 sys=0.01, real=0.06 secs] 
3679.443: [GC (Allocation Failure) [PSYoungGen: 419488K->146816K(507392K)] 612414K->437327K(1905664K), 0.0498788 secs] [Times: user=0.29 sys=0.00, real=0.05 secs] 
3682.374: [GC (Allocation Failure) [PSYoungGen: 464768K->104800K(505344K)] 755279K->532495K(1903616K), 0.1447548 secs] [Times: user=0.87 sys=0.00, real=0.14 secs] 
3684.582: [GC (Allocation Failure) [PSYoungGen: 422752K->147680K(506368K)] 850447K->676268K(1904640K), 0.0516373 secs] [Times: user=0.30 sys=0.00, real=0.05 secs] 
3687.205: [GC (Allocation Failure) [PSYoungGen: 465632K->104384K(507904K)] 994220K->771812K(1906176K), 0.1521036 secs] [Times: user=0.91 sys=0.00, real=0.15 secs] 
3689.253: [GC (Allocation Failure) [PSYoungGen: 423872K->150800K(470528K)] 1091300K->918221K(1868800K), 0.0522818 secs] [Times: user=0.31 sys=0.01, real=0.06 secs] 
3692.538: [GC (Allocation Failure) [PSYoungGen: 470288K->103040K(509440K)] 1237709K->1011997K(1907712K), 0.1129453 secs] [Times: user=0.67 sys=0.00, real=0.11 secs] 
3693.987: [GC (Allocation Failure) [PSYoungGen: 420992K->149008K(467456K)] 1329949K->1157090K(1865728K), 0.0510000 secs] [Times: user=0.30 sys=0.00, real=0.05 secs] 
3696.361: [GC (Allocation Failure) [PSYoungGen: 466960K->106800K(509952K)] 1475042K->1254138K(1908224K), 0.1557391 secs] [Times: user=0.91 sys=0.00, real=0.16 secs] 
3697.308: [GC (Allocation Failure) [PSYoungGen: 421109K->148208K(506880K)] 1568447K->1398151K(1905152K), 0.0522930 secs] [Times: user=0.30 sys=0.00, real=0.05 secs] 
3697.360: [Full GC (Ergonomics) [PSYoungGen: 148208K->0K(506880K)] [ParOldGen: 1249942K->198201K(1398272K)] 1398151K->198201K(1905152K), [Metaspace: 60423K->60423K(1105920K)], 0.4752291 secs] [Times: user=2.22 sys=0.00, real=0.48 secs] 
3701.183: [GC (Allocation Failure) [PSYoungGen: 317952K->102176K(507904K)] 516153K->300377K(1906176K), 0.0564907 secs] [Times: user=0.33 sys=0.00, real=0.06 secs] 
3701.952: [GC (Allocation Failure) [PSYoungGen: 413214K->147712K(507904K)] 611415K->444906K(1906176K), 0.0535875 secs] [Times: user=0.32 sys=0.00, real=0.06 secs] 
3705.723: [GC (Allocation Failure) [PSYoungGen: 466688K->102336K(507904K)] 763882K->538834K(1906176K), 0.1631842 secs] [Times: user=0.97 sys=0.00, real=0.17 secs] 
3706.762: [GC (Allocation Failure) [PSYoungGen: 414264K->148128K(507904K)] 850762K->683346K(1906176K), 0.0502667 secs] [Times: user=0.28 sys=0.00, real=0.05 secs] 
3709.686: [GC (Allocation Failure) [PSYoungGen: 467104K->105280K(506880K)] 1002322K->779931K(1905152K), 0.1624669 secs] [Times: user=0.96 sys=0.00, real=0.16 secs] 
3711.238: [GC (Allocation Failure) [PSYoungGen: 416016K->145616K(507392K)] 1090667K->921608K(1905664K), 0.0505711 secs] [Times: user=0.30 sys=0.00, real=0.05 secs] 
3714.838: [GC (Allocation Failure) [PSYoungGen: 464592K->102480K(507904K)] 1240584K->1015296K(1906176K), 0.1635117 secs] [Times: user=0.98 sys=0.00, real=0.16 secs] 
3716.163: [GC (Allocation Failure) [PSYoungGen: 420299K->148944K(508416K)] 1333115K->1160473K(1906688K), 0.0504968 secs] [Times: user=0.30 sys=0.00, real=0.05 secs] 
3719.550: [GC (GCLocker Initiated GC) [PSYoungGen: 469456K->102768K(508928K)] 1480986K->1254542K(1907200K), 0.1602410 secs] [Times: user=0.95 sys=0.00, real=0.16 secs] 
3720.386: [GC (Allocation Failure) [PSYoungGen: 422768K->143008K(508416K)] 1590945K->1410457K(1906688K), 0.2589819 secs] [Times: user=1.54 sys=0.01, real=0.26 secs] 
3720.646: [Full GC (Ergonomics) [PSYoungGen: 143008K->0K(508416K)] [ParOldGen: 1267449K->208667K(1398272K)] 1410457K->208667K(1906688K), [Metaspace: 60423K->60423K(1105920K)], 0.4076797 secs] [Times: user=1.78 sys=0.00, real=0.40 secs] 
3724.363: [GC (Allocation Failure) [PSYoungGen: 320000K->90992K(509952K)] 528667K->299660K(1908224K), 0.1821459 secs] [Times: user=1.09 sys=0.00, real=0.19 secs] 
3725.848: [GC (Allocation Failure) [PSYoungGen: 412528K->153408K(475136K)] 621196K->448575K(1873408K), 0.0536899 secs] [Times: user=0.32 sys=0.00, real=0.05 secs] 
3729.250: [GC (Allocation Failure) [PSYoungGen: 474944K->95024K(506880K)] 770111K->543391K(1905152K), 0.1384074 secs] [Times: user=0.83 sys=0.00, real=0.14 secs] 
3730.425: [GC (GCLocker Initiated GC) [PSYoungGen: 408368K->149968K(463360K)] 856735K->687840K(1861632K), 0.0616313 secs] [Times: user=0.37 sys=0.00, real=0.06 secs] 
3734.413: [GC (Allocation Failure) [PSYoungGen: 463312K->90944K(504832K)] 1001235K->778802K(1903104K), 0.1795088 secs] [Times: user=1.07 sys=0.00, real=0.18 secs] 
3735.416: [GC (Allocation Failure) [PSYoungGen: 391043K->139584K(449536K)] 1078902K->914315K(1847808K), 0.0501525 secs] [Times: user=0.30 sys=0.00, real=0.05 secs] 
3738.866: [GC (Allocation Failure) [PSYoungGen: 449344K->99056K(506368K)] 1224075K->1004044K(1904640K), 0.1697931 secs] [Times: user=1.01 sys=0.01, real=0.17 secs] 
3740.345: [GC (Allocation Failure) [PSYoungGen: 411888K->146992K(503296K)] 1316876K->1146929K(1901568K), 0.0485040 secs] [Times: user=0.29 sys=0.00, real=0.04 secs] 
3743.432: [GC (Allocation Failure) [PSYoungGen: 459824K->102656K(504832K)] 1459761K->1240652K(1903104K), 0.1714020 secs] [Times: user=1.02 sys=0.01, real=0.17 secs] 
3744.483: [GC (Allocation Failure) [PSYoungGen: 418048K->146912K(505344K)] 1556044K->1384581K(1903616K), 0.0522288 secs] [Times: user=0.30 sys=0.00, real=0.06 secs] 
3744.535: [Full GC (Ergonomics) [PSYoungGen: 146912K->0K(505344K)] [ParOldGen: 1237669K->191400K(1398272K)] 1384581K->191400K(1903616K), [Metaspace: 60426K->60426K(1105920K)], 0.4492309 secs] [Times: user=2.08 sys=0.00, real=0.45 secs] 
3747.914: [GC (Allocation Failure) [PSYoungGen: 315392K->101104K(505344K)] 506792K->292505K(1903616K), 0.0877223 secs] [Times: user=0.52 sys=0.00, real=0.08 secs] 
3749.231: [GC (Allocation Failure) [PSYoungGen: 417520K->150992K(467456K)] 608921K->439417K(1865728K), 0.0501744 secs] [Times: user=0.29 sys=0.00, real=0.05 secs] 
3752.566: [GC (Allocation Failure) [PSYoungGen: 467408K->103488K(508416K)] 755833K->534101K(1906688K), 0.1641525 secs] [Times: user=0.98 sys=0.00, real=0.16 secs] 
3753.895: [GC (Allocation Failure) [PSYoungGen: 418368K->150208K(505344K)] 848981K->679926K(1903616K), 0.0512866 secs] [Times: user=0.30 sys=0.00, real=0.05 secs] 
3757.152: [GC (Allocation Failure) [PSYoungGen: 465088K->101274K(505856K)] 994806K->772225K(1904128K), 0.1705047 secs] [Times: user=1.02 sys=0.00, real=0.17 secs] 
3759.345: [GC (Allocation Failure) [PSYoungGen: 415642K->150176K(464896K)] 1086593K->918153K(1863168K), 0.0501770 secs] [Times: user=0.30 sys=0.00, real=0.05 secs] 
3761.338: [GC (Allocation Failure) [PSYoungGen: 464544K->102592K(507392K)] 1232521K->1011929K(1905664K), 0.1559208 secs] [Times: user=0.91 sys=0.02, real=0.16 secs] 
3763.288: [GC (Allocation Failure) [PSYoungGen: 415424K->147616K(504320K)] 1324761K->1155230K(1902592K), 0.0506007 secs] [Times: user=0.30 sys=0.00, real=0.05 secs] 
3766.968: [GC (Allocation Failure) [PSYoungGen: 460448K->101392K(504320K)] 1468062K->1247519K(1902592K), 0.1723026 secs] [Times: user=1.02 sys=0.00, real=0.17 secs] 
3768.837: [GC (Allocation Failure) [PSYoungGen: 415248K->146528K(504832K)] 1561375K->1390751K(1903104K), 0.0511923 secs] [Times: user=0.30 sys=0.00, real=0.05 secs] 
3768.888: [Full GC (Ergonomics) [PSYoungGen: 146528K->0K(504832K)] [ParOldGen: 1244223K->188903K(1398272K)] 1390751K->188903K(1903104K), [Metaspace: 60427K->60427K(1105920K)], 0.4674417 secs] [Times: user=2.16 sys=0.01, real=0.47 secs] 
3771.776: [GC (Allocation Failure) [PSYoungGen: 313856K->102048K(503808K)] 502759K->290951K(1902080K), 0.0990619 secs] [Times: user=0.58 sys=0.00, real=0.10 secs] 
3773.605: [GC (Allocation Failure) [PSYoungGen: 416928K->149728K(504832K)] 605831K->437240K(1903104K), 0.0500866 secs] [Times: user=0.29 sys=0.00, real=0.05 secs] 
3776.496: [GC (Allocation Failure) [PSYoungGen: 464608K->102400K(505856K)] 752120K->531016K(1904128K), 0.0872414 secs] [Times: user=0.51 sys=0.01, real=0.08 secs] 
3778.140: [GC (Allocation Failure) [PSYoungGen: 417280K->147648K(505344K)] 845896K->674229K(1903616K), 0.0509483 secs] [Times: user=0.30 sys=0.00, real=0.05 secs] 
3782.160: [GC (GCLocker Initiated GC) [PSYoungGen: 462528K->101296K(505856K)] 989109K->765901K(1904128K), 0.1649988 secs] [Times: user=0.98 sys=0.00, real=0.17 secs] 
3783.505: [GC (Allocation Failure) [PSYoungGen: 416688K->149504K(465408K)] 1081296K->911945K(1863680K), 0.0514432 secs] [Times: user=0.30 sys=0.00, real=0.05 secs] 
3786.512: [GC (Allocation Failure) [PSYoungGen: 464896K->103568K(508416K)] 1227337K->1006793K(1906688K), 0.1692592 secs] [Times: user=1.01 sys=0.01, real=0.17 secs] 
3788.569: [GC (Allocation Failure) [PSYoungGen: 418448K->148000K(505344K)] 1321673K->1150833K(1903616K), 0.0514155 secs] [Times: user=0.31 sys=0.00, real=0.05 secs] 
3791.315: [GC (Allocation Failure) [PSYoungGen: 462880K->104096K(505344K)] 1465713K->1245821K(1903616K), 0.1596301 secs] [Times: user=0.96 sys=0.00, real=0.16 secs] 
3793.544: [GC (Allocation Failure) [PSYoungGen: 420000K->147168K(505856K)] 1561725K->1389402K(1904128K), 0.0533345 secs] [Times: user=0.31 sys=0.00, real=0.06 secs] 
3793.597: [Full GC (Ergonomics) [PSYoungGen: 147168K->0K(505856K)] [ParOldGen: 1242234K->188167K(1398272K)] 1389402K->188167K(1904128K), [Metaspace: 60430K->60430K(1105920K)], 0.4499747 secs] [Times: user=2.09 sys=0.00, real=0.45 secs] 
3796.606: [GC (GCLocker Initiated GC) [PSYoungGen: 315904K->103136K(505856K)] 504071K->291303K(1904128K), 0.1042487 secs] [Times: user=0.59 sys=0.00, real=0.10 secs] 
3798.538: [GC (Allocation Failure) [PSYoungGen: 420064K->147392K(506368K)] 608234K->435164K(1904640K), 0.0513210 secs] [Times: user=0.30 sys=0.00, real=0.05 secs] 
3800.883: [GC (Allocation Failure) [PSYoungGen: 464320K->103552K(506368K)] 752092K->529604K(1904640K), 0.1749859 secs] [Times: user=1.04 sys=0.01, real=0.18 secs] 
3803.428: [GC (Allocation Failure) [PSYoungGen: 421504K->150672K(506880K)] 847556K->676293K(1905152K), 0.0526445 secs] [Times: user=0.31 sys=0.00, real=0.05 secs] 
3805.923: [GC (Allocation Failure) [PSYoungGen: 468624K->102176K(507904K)] 994245K->769564K(1906176K), 0.1771273 secs] [Times: user=1.06 sys=0.01, real=0.18 secs] 
3808.599: [GC (Allocation Failure) [PSYoungGen: 419104K->147072K(506880K)] 1086492K->912361K(1905152K), 0.0514460 secs] [Times: user=0.30 sys=0.00, real=0.05 secs] 
3810.821: [GC (Allocation Failure) [PSYoungGen: 464000K->103712K(504832K)] 1229289K->1006729K(1903104K), 0.1647690 secs] [Times: user=0.97 sys=0.01, real=0.17 secs] 
3812.380: [GC (Allocation Failure) [PSYoungGen: 420640K->148000K(505856K)] 1323657K->1150778K(1904128K), 0.0528004 secs] [Times: user=0.31 sys=0.00, real=0.05 secs] 
3814.690: [GC (Allocation Failure) [PSYoungGen: 464928K->105984K(506368K)] 1467706K->1247738K(1904640K), 0.1305403 secs] [Times: user=0.78 sys=0.01, real=0.13 secs] 
3816.063: [GC (Allocation Failure) [PSYoungGen: 424448K->149488K(506880K)] 1566202K->1393288K(1905152K), 0.0532237 secs] [Times: user=0.32 sys=0.00, real=0.06 secs] 
3816.116: [Full GC (Ergonomics) [PSYoungGen: 149488K->0K(506880K)] [ParOldGen: 1243799K->192320K(1398272K)] 1393288K->192320K(1905152K), [Metaspace: 60432K->60432K(1105920K)], 0.4581551 secs] [Times: user=2.14 sys=0.00, real=0.46 secs] 
3819.760: [GC (GCLocker Initiated GC) [PSYoungGen: 318464K->102448K(507904K)] 510784K->294769K(1906176K), 0.0960432 secs] [Times: user=0.56 sys=0.00, real=0.10 secs] 
3821.319: [GC (Allocation Failure) [PSYoungGen: 420912K->150240K(468992K)] 613285K->441253K(1867264K), 0.0506571 secs] [Times: user=0.30 sys=0.00, real=0.05 secs] 
3824.895: [GC (Allocation Failure) [PSYoungGen: 468704K->103200K(508928K)] 759717K->535965K(1907200K), 0.1811702 secs] [Times: user=1.09 sys=0.00, real=0.18 secs] 
3826.718: [GC (Allocation Failure) [PSYoungGen: 420128K->150400K(467456K)] 852893K->682446K(1865728K), 0.0510193 secs] [Times: user=0.30 sys=0.00, real=0.05 secs] 
3829.433: [GC (Allocation Failure) [PSYoungGen: 467328K->105056K(508928K)] 999374K->778830K(1907200K), 0.1712194 secs] [Times: user=1.02 sys=0.01, real=0.17 secs] 
3830.274: [GC (Allocation Failure) [PSYoungGen: 418481K->147728K(505856K)] 1092256K->922654K(1904128K), 0.0510328 secs] [Times: user=0.31 sys=0.00, real=0.06 secs] 
3834.095: [GC (Allocation Failure) [PSYoungGen: 463632K->102384K(506880K)] 1238558K->1015854K(1905152K), 0.1694622 secs] [Times: user=1.01 sys=0.00, real=0.17 secs] 
3835.684: [GC (Allocation Failure) [PSYoungGen: 419095K->149264K(466432K)] 1332565K->1161275K(1864704K), 0.0510057 secs] [Times: user=0.30 sys=0.00, real=0.06 secs] 
3839.515: [GC (Allocation Failure) [PSYoungGen: 466192K->102528K(508928K)] 1478203K->1255146K(1907200K), 0.1697175 secs] [Times: user=1.01 sys=0.00, real=0.17 secs] 
3840.972: [GC (Allocation Failure) [PSYoungGen: 418944K->148928K(506368K)] 1571562K->1400027K(1904640K), 0.0510747 secs] [Times: user=0.30 sys=0.00, real=0.05 secs] 
3841.023: [Full GC (Ergonomics) [PSYoungGen: 148928K->0K(506368K)] [ParOldGen: 1251099K->197677K(1398272K)] 1400027K->197677K(1904640K), [Metaspace: 60433K->60433K(1105920K)], 0.4732848 secs] [Times: user=2.20 sys=0.00, real=0.48 secs] 
3843.683: [GC (Allocation Failure) [PSYoungGen: 316416K->103504K(506368K)] 514093K->301182K(1904640K), 0.1021120 secs] [Times: user=0.60 sys=0.01, real=0.11 secs] 
3845.166: [GC (Allocation Failure) [PSYoungGen: 419920K->147712K(506368K)] 617598K->444630K(1904640K), 0.0499576 secs] [Times: user=0.30 sys=0.00, real=0.05 secs] 
3848.399: [GC (Allocation Failure) [PSYoungGen: 464128K->103232K(505856K)] 761046K->539030K(1904128K), 0.1652405 secs] [Times: user=0.99 sys=0.00, real=0.17 secs] 
3849.783: [GC (Allocation Failure) [PSYoungGen: 417975K->148672K(506368K)] 853773K->683163K(1904640K), 0.0503895 secs] [Times: user=0.29 sys=0.00, real=0.05 secs] 
3853.174: [GC (Allocation Failure) [PSYoungGen: 465600K->103104K(506880K)] 1000091K->777307K(1905152K), 0.1803676 secs] [Times: user=1.08 sys=0.00, real=0.18 secs] 
3855.474: [GC (Allocation Failure) [PSYoungGen: 417819K->148896K(506880K)] 1092022K->921324K(1905152K), 0.0504102 secs] [Times: user=0.29 sys=0.00, real=0.05 secs] 
3859.257: [GC (Allocation Failure) [PSYoungGen: 466336K->102144K(507392K)] 1238764K->1014680K(1905664K), 0.1645361 secs] [Times: user=0.97 sys=0.01, real=0.16 secs] 
3860.712: [GC (Allocation Failure) [PSYoungGen: 416788K->148800K(465920K)] 1329325K->1159493K(1864192K), 0.0506825 secs] [Times: user=0.30 sys=0.00, real=0.05 secs] 
3863.252: [GC (Allocation Failure) [PSYoungGen: 465728K->102704K(508928K)] 1476421K->1253354K(1907200K), 0.1799138 secs] [Times: user=1.07 sys=0.00, real=0.18 secs] 
3865.136: [GC (Allocation Failure) [PSYoungGen: 419011K->148160K(506368K)] 1569660K->1397614K(1904640K), 0.0511187 secs] [Times: user=0.30 sys=0.00, real=0.05 secs] 
3865.187: [Full GC (Ergonomics) [PSYoungGen: 148160K->0K(506368K)] [ParOldGen: 1249454K->197371K(1398272K)] 1397614K->197371K(1904640K), [Metaspace: 60454K->60454K(1105920K)], 0.4728940 secs] [Times: user=2.21 sys=0.00, real=0.47 secs] 
3868.876: [GC (Allocation Failure) [PSYoungGen: 316416K->100480K(506880K)] 513787K->297851K(1905152K), 0.0967188 secs] [Times: user=0.57 sys=0.00, real=0.09 secs] 
3870.664: [GC (Allocation Failure) [PSYoungGen: 417408K->149104K(466432K)] 614779K->442921K(1864704K), 0.0491212 secs] [Times: user=0.29 sys=0.00, real=0.05 secs] 
3873.734: [GC (Allocation Failure) [PSYoungGen: 466032K->104064K(508928K)] 759849K->537976K(1907200K), 0.1554548 secs] [Times: user=0.93 sys=0.00, real=0.15 secs] 
3874.713: [GC (Allocation Failure) [PSYoungGen: 417822K->148896K(505856K)] 851734K->683037K(1904128K), 0.0507429 secs] [Times: user=0.30 sys=0.00, real=0.05 secs] 
3877.593: [GC (Allocation Failure) [PSYoungGen: 464800K->103040K(506368K)] 998941K->777165K(1904640K), 0.1378329 secs] [Times: user=0.82 sys=0.00, real=0.14 secs] 
3878.468: [GC (Allocation Failure) [PSYoungGen: 419456K->147776K(506368K)] 1093581K->921510K(1904640K), 0.0506292 secs] [Times: user=0.30 sys=0.00, real=0.05 secs] 
3881.830: [GC (Allocation Failure) [PSYoungGen: 464192K->103872K(505856K)] 1237926K->1016778K(1904128K), 0.1706735 secs] [Times: user=1.02 sys=0.01, real=0.17 secs] 
3883.056: [GC (Allocation Failure) [PSYoungGen: 418625K->147728K(506368K)] 1331531K->1160539K(1904640K), 0.0507005 secs] [Times: user=0.30 sys=0.00, real=0.05 secs] 
3885.619: [GC (Allocation Failure) [PSYoungGen: 464656K->103440K(507392K)] 1477467K->1254816K(1905664K), 0.1539697 secs] [Times: user=0.92 sys=0.00, real=0.15 secs] 
3887.392: [GC (Allocation Failure) [PSYoungGen: 415753K->147728K(507392K)] 1567128K->1398507K(1905664K), 0.1055812 secs] [Times: user=0.62 sys=0.00, real=0.11 secs] 
3887.498: [Full GC (Ergonomics) [PSYoungGen: 147728K->0K(507392K)] [ParOldGen: 1250778K->197483K(1398272K)] 1398507K->197483K(1905664K), [Metaspace: 60455K->60455K(1105920K)], 0.5083188 secs] [Times: user=2.42 sys=0.00, real=0.51 secs] 
3890.238: [GC (GCLocker Initiated GC) [PSYoungGen: 317952K->103408K(506368K)] 515443K->300900K(1904640K), 0.0949133 secs] [Times: user=0.56 sys=0.00, real=0.09 secs] 
3892.001: [GC (Allocation Failure) [PSYoungGen: 421360K->142224K(506880K)] 635239K->455100K(1905152K), 0.2401021 secs] [Times: user=1.44 sys=0.00, real=0.24 secs] 
3896.816: [GC (Allocation Failure) [PSYoungGen: 460176K->92800K(508928K)] 773052K->547747K(1907200K), 0.4447018 secs] [Times: user=2.66 sys=0.01, real=0.44 secs] 
3898.271: [GC (Allocation Failure) [PSYoungGen: 413824K->167616K(488960K)] 868771K->711388K(1887232K), 0.0540598 secs] [Times: user=0.32 sys=0.00, real=0.06 secs] 
3901.091: [GC (Allocation Failure) [PSYoungGen: 488640K->97968K(502272K)] 1032412K->791933K(1900544K), 0.1713290 secs] [Times: user=1.02 sys=0.00, real=0.17 secs] 
3901.679: [GC (Allocation Failure) [PSYoungGen: 401584K->146512K(500224K)] 1095549K->932370K(1898496K), 0.0539982 secs] [Times: user=0.32 sys=0.00, real=0.05 secs] 
3906.874: [GC (Allocation Failure) [PSYoungGen: 450128K->87088K(501760K)] 1235986K->1018594K(1900032K), 0.1639365 secs] [Times: user=0.97 sys=0.01, real=0.16 secs] 
3908.464: [GC (Allocation Failure) [PSYoungGen: 391216K->144832K(501248K)] 1322722K->1159486K(1899520K), 0.0495543 secs] [Times: user=0.30 sys=0.00, real=0.04 secs] 
3911.415: [GC (Allocation Failure) [PSYoungGen: 448960K->98624K(497152K)] 1463614K->1249270K(1895424K), 0.1667616 secs] [Times: user=0.99 sys=0.00, real=0.16 secs] 
3912.896: [GC (Allocation Failure) [PSYoungGen: 402752K->143472K(499200K)] 1553398K->1388471K(1897472K), 0.0503274 secs] [Times: user=0.30 sys=0.00, real=0.05 secs] 
3912.947: [Full GC (Ergonomics) [PSYoungGen: 143472K->0K(499200K)] [ParOldGen: 1244999K->186387K(1398272K)] 1388471K->186387K(1897472K), [Metaspace: 60455K->60455K(1105920K)], 0.4454471 secs] [Times: user=2.07 sys=0.00, real=0.44 secs] 
3914.427: [GC (GCLocker Initiated GC) [PSYoungGen: 304128K->100768K(498176K)] 490516K->287157K(1896448K), 0.0427164 secs] [Times: user=0.25 sys=0.00, real=0.04 secs] 
3916.905: [GC (Allocation Failure) [PSYoungGen: 408992K->148240K(500736K)] 595381K->432831K(1899008K), 0.0532828 secs] [Times: user=0.32 sys=0.00, real=0.05 secs] 
3919.283: [GC (Allocation Failure) [PSYoungGen: 456464K->103904K(501760K)] 741055K->518998K(1900032K), 0.0641356 secs] [Times: user=0.38 sys=0.00, real=0.07 secs] 
3922.263: [GC (Allocation Failure) [PSYoungGen: 415200K->143504K(502784K)] 830294K->660111K(1901056K), 0.0519742 secs] [Times: user=0.31 sys=0.00, real=0.06 secs] 
3923.424: [GC (Allocation Failure) [PSYoungGen: 454800K->105920K(501248K)] 971407K->756919K(1899520K), 0.0652498 secs] [Times: user=0.38 sys=0.00, real=0.07 secs] 
3926.840: [GC (Allocation Failure) [PSYoungGen: 420800K->141616K(503808K)] 1071799K->896156K(1902080K), 0.0525554 secs] [Times: user=0.31 sys=0.00, real=0.05 secs] 
3928.501: [GC (Allocation Failure) [PSYoungGen: 456496K->106944K(503296K)] 1211036K->993844K(1901568K), 0.0734281 secs] [Times: user=0.44 sys=0.00, real=0.08 secs] 
3931.305: [GC (Allocation Failure) [PSYoungGen: 427456K->145776K(506368K)] 1314356K->1137837K(1904640K), 0.0787510 secs] [Times: user=0.46 sys=0.00, real=0.07 secs] 
3934.007: [GC (Allocation Failure) [PSYoungGen: 466288K->108320K(508928K)] 1458349K->1237116K(1907200K), 0.0791439 secs] [Times: user=0.47 sys=0.00, real=0.08 secs] 
3937.873: [GC (Allocation Failure) [PSYoungGen: 433440K->149568K(509952K)] 1562236K->1383905K(1908224K), 0.0548140 secs] [Times: user=0.32 sys=0.00, real=0.06 secs] 
3937.928: [Full GC (Ergonomics) [PSYoungGen: 149568K->0K(509952K)] [ParOldGen: 1234337K->182600K(1398272K)] 1383905K->182600K(1908224K), [Metaspace: 60456K->60456K(1105920K)], 0.4266527 secs] [Times: user=1.97 sys=0.00, real=0.43 secs] 
3939.890: [GC (Allocation Failure) [PSYoungGen: 325120K->111824K(509440K)] 507720K->294425K(1907712K), 0.0746353 secs] [Times: user=0.44 sys=0.00, real=0.08 secs] 
3941.582: [GC (Allocation Failure) [PSYoungGen: 437456K->152704K(509952K)] 620057K->443610K(1908224K), 0.0548020 secs] [Times: user=0.32 sys=0.00, real=0.06 secs] 
3946.031: [GC (Allocation Failure) [PSYoungGen: 478336K->104000K(512000K)] 769242K->538702K(1910272K), 0.1717819 secs] [Times: user=1.02 sys=0.00, real=0.17 secs] 
3947.366: [GC (Allocation Failure) [PSYoungGen: 419526K->148928K(472064K)] 854228K->683675K(1870336K), 0.0514142 secs] [Times: user=0.31 sys=0.00, real=0.05 secs] 
3950.558: [GC (Allocation Failure) [PSYoungGen: 472000K->107808K(512000K)] 1006747K->782755K(1910272K), 0.1794089 secs] [Times: user=1.08 sys=0.00, real=0.18 secs] 
3951.867: [GC (Allocation Failure) [PSYoungGen: 414494K->143728K(509440K)] 1089441K->922765K(1907712K), 0.0518602 secs] [Times: user=0.30 sys=0.00, real=0.05 secs] 
3955.000: [GC (Allocation Failure) [PSYoungGen: 466288K->105184K(509952K)] 1245325K->1018976K(1908224K), 0.1608613 secs] [Times: user=0.95 sys=0.00, real=0.16 secs] 
3956.213: [GC (Allocation Failure) [PSYoungGen: 429792K->155072K(479744K)] 1343584K->1169738K(1878016K), 0.0520739 secs] [Times: user=0.31 sys=0.00, real=0.06 secs] 
3960.705: [GC (Allocation Failure) [PSYoungGen: 479680K->96096K(509440K)] 1494346K->1265470K(1907712K), 0.1650695 secs] [Times: user=0.98 sys=0.00, real=0.16 secs] 
3962.021: [GC (Allocation Failure) [PSYoungGen: 415584K->152096K(472064K)] 1584958K->1413271K(1870336K), 0.0560576 secs] [Times: user=0.33 sys=0.00, real=0.06 secs] 
3962.077: [Full GC (Ergonomics) [PSYoungGen: 152096K->0K(472064K)] [ParOldGen: 1261174K->210061K(1398272K)] 1413271K->210061K(1870336K), [Metaspace: 60456K->60456K(1105920K)], 0.4766811 secs] [Times: user=2.20 sys=0.00, real=0.47 secs] 
3965.575: [GC (Allocation Failure) [PSYoungGen: 319488K->94304K(506880K)] 529549K->304365K(1905152K), 0.1500065 secs] [Times: user=0.89 sys=0.00, real=0.15 secs] 
3966.156: [GC (Allocation Failure) [PSYoungGen: 408160K->152640K(466944K)] 618221K->450990K(1865216K), 0.0536548 secs] [Times: user=0.32 sys=0.01, real=0.05 secs] 
3970.218: [GC (Allocation Failure) [PSYoungGen: 466496K->92864K(503808K)] 764846K->543354K(1902080K), 0.1549423 secs] [Times: user=0.93 sys=0.00, real=0.15 secs] 
3970.680: [GC (Allocation Failure) [PSYoungGen: 400576K->150016K(458240K)] 851066K->687559K(1856512K), 0.0531297 secs] [Times: user=0.31 sys=0.00, real=0.05 secs] 
3973.313: [GC (Allocation Failure) [PSYoungGen: 457728K->90784K(502272K)] 995271K->778143K(1900544K), 0.1660587 secs] [Times: user=0.98 sys=0.00, real=0.17 secs] 
3975.069: [GC (Allocation Failure) [PSYoungGen: 388551K->139504K(444416K)] 1075910K->913405K(1842688K), 0.0502889 secs] [Times: user=0.30 sys=0.00, real=0.05 secs] 
3977.912: [GC (Allocation Failure) [PSYoungGen: 444144K->96704K(502784K)] 1218045K->1000924K(1901056K), 0.1440755 secs] [Times: user=0.86 sys=0.00, real=0.15 secs] 
3979.448: [GC (Allocation Failure) [PSYoungGen: 403904K->144320K(500224K)] 1308124K->1140917K(1898496K), 0.0486766 secs] [Times: user=0.29 sys=0.00, real=0.05 secs] 
3982.168: [GC (Allocation Failure) [PSYoungGen: 451520K->103280K(501248K)] 1448117K->1234758K(1899520K), 0.1016324 secs] [Times: user=0.60 sys=0.00, real=0.10 secs] 
3983.972: [GC (Allocation Failure) [PSYoungGen: 415088K->144480K(502784K)] 1546566K->1375616K(1901056K), 0.0513902 secs] [Times: user=0.30 sys=0.00, real=0.05 secs] 
3984.023: [Full GC (Ergonomics) [PSYoungGen: 144480K->0K(502784K)] [ParOldGen: 1231136K->183055K(1398272K)] 1375616K->183055K(1901056K), [Metaspace: 60456K->60456K(1105920K)], 0.4220396 secs] [Times: user=1.84 sys=0.00, real=0.43 secs] 
3986.439: [GC (Allocation Failure) [PSYoungGen: 311808K->106240K(501248K)] 494863K->289295K(1899520K), 0.0338521 secs] [Times: user=0.20 sys=0.00, real=0.03 secs] 
3987.550: [GC (Allocation Failure) [PSYoungGen: 421632K->146560K(503808K)] 604687K->432664K(1902080K), 0.0522976 secs] [Times: user=0.31 sys=0.00, real=0.05 secs] 
3991.011: [GC (Allocation Failure) [PSYoungGen: 461952K->104992K(506880K)] 748056K->528504K(1905152K), 0.0883494 secs] [Times: user=0.52 sys=0.01, real=0.09 secs] 
3992.579: [GC (Allocation Failure) [PSYoungGen: 424480K->149216K(507392K)] 847992K->673797K(1905664K), 0.0521545 secs] [Times: user=0.30 sys=0.01, real=0.05 secs] 
3994.937: [GC (Allocation Failure) [PSYoungGen: 468704K->104448K(507904K)] 993285K->768989K(1906176K), 0.1795900 secs] [Times: user=1.06 sys=0.01, real=0.18 secs] 
3997.003: [GC (Allocation Failure) [PSYoungGen: 424448K->150496K(470528K)] 1088989K->915541K(1868800K), 0.0528265 secs] [Times: user=0.31 sys=0.00, real=0.06 secs] 
3999.563: [GC (Allocation Failure) [PSYoungGen: 470496K->104736K(509952K)] 1235541K->1011469K(1908224K), 0.1662381 secs] [Times: user=0.98 sys=0.00, real=0.17 secs] 
4000.988: [GC (Allocation Failure) [PSYoungGen: 423200K->150528K(469504K)] 1329933K->1157673K(1867776K), 0.0524622 secs] [Times: user=0.31 sys=0.00, real=0.05 secs] 
4004.050: [GC (GCLocker Initiated GC) [PSYoungGen: 468992K->104624K(509440K)] 1476137K->1252813K(1907712K), 0.1745529 secs] [Times: user=1.04 sys=0.00, real=0.18 secs] 
4005.589: [GC (Allocation Failure) [PSYoungGen: 422064K->150016K(467968K)] 1570256K->1398617K(1866240K), 0.0524916 secs] [Times: user=0.31 sys=0.00, real=0.05 secs] 
4005.641: [Full GC (Ergonomics) [PSYoungGen: 150016K->0K(467968K)] [ParOldGen: 1248600K->196718K(1398272K)] 1398617K->196718K(1866240K), [Metaspace: 60456K->60456K(1105920K)], 0.4636601 secs] [Times: user=2.14 sys=0.00, real=0.47 secs] 
4008.786: [GC (Allocation Failure) [PSYoungGen: 317440K->103840K(508928K)] 514158K->300558K(1907200K), 0.0616368 secs] [Times: user=0.36 sys=0.00, real=0.06 secs] 
4010.057: [GC (Allocation Failure) [PSYoungGen: 420256K->147312K(506368K)] 616974K->444119K(1904640K), 0.0746125 secs] [Times: user=0.44 sys=0.00, real=0.07 secs] 
4014.403: [GC (Allocation Failure) [PSYoungGen: 463728K->104976K(505344K)] 760535K->539703K(1903616K), 0.1729602 secs] [Times: user=1.03 sys=0.00, real=0.18 secs] 
4015.972: [GC (Allocation Failure) [PSYoungGen: 422034K->148208K(506368K)] 856761K->683608K(1904640K), 0.0503505 secs] [Times: user=0.29 sys=0.01, real=0.05 secs] 
4019.992: [GC (GCLocker Initiated GC) [PSYoungGen: 465648K->101440K(508416K)] 1001050K->776205K(1906688K), 0.1595201 secs] [Times: user=0.95 sys=0.01, real=0.16 secs] 
4021.322: [GC (Allocation Failure) [PSYoungGen: 419904K->142944K(507904K)] 1111104K->931593K(1906176K), 0.2478838 secs] [Times: user=1.48 sys=0.00, real=0.25 secs] 
4025.467: [GC (Allocation Failure) [PSYoungGen: 461408K->95680K(507904K)] 1250057K->1027241K(1906176K), 0.4180932 secs] [Times: user=2.51 sys=0.00, real=0.42 secs] 
4026.710: [GC (Allocation Failure) [PSYoungGen: 415680K->152560K(472576K)] 1347241K->1175745K(1870848K), 0.0557413 secs] [Times: user=0.32 sys=0.00, real=0.06 secs] 
4030.615: [GC (Allocation Failure) [PSYoungGen: 472560K->93440K(506880K)] 1495745K->1268864K(1905152K), 0.1561452 secs] [Times: user=0.93 sys=0.00, real=0.15 secs] 
4031.687: [GC (Allocation Failure) [PSYoungGen: 407296K->151648K(465920K)] 1582720K->1414857K(1864192K), 0.0551204 secs] [Times: user=0.33 sys=0.01, real=0.05 secs] 
4031.742: [Full GC (Ergonomics) [PSYoungGen: 151648K->0K(465920K)] [ParOldGen: 1263209K->211899K(1398272K)] 1414857K->211899K(1864192K), [Metaspace: 60456K->60456K(1105920K)], 0.4821657 secs] [Times: user=2.24 sys=0.00, real=0.49 secs] 
4034.565: [GC (Allocation Failure) [PSYoungGen: 313856K->93569K(504832K)] 525755K->305469K(1903104K), 0.1652840 secs] [Times: user=0.98 sys=0.01, real=0.16 secs] 
4035.428: [GC (Allocation Failure) [PSYoungGen: 402817K->148160K(457728K)] 614717K->447191K(1856000K), 0.0577741 secs] [Times: user=0.31 sys=0.00, real=0.06 secs] 
4039.729: [GC (Allocation Failure) [PSYoungGen: 457408K->88432K(503296K)] 756439K->534668K(1901568K), 0.1572517 secs] [Times: user=0.93 sys=0.01, real=0.16 secs] 
4042.246: [GC (Allocation Failure) [PSYoungGen: 395120K->145328K(452096K)] 841356K->675397K(1850368K), 0.0486248 secs] [Times: user=0.29 sys=0.00, real=0.05 secs] 
4045.120: [GC (Allocation Failure) [PSYoungGen: 452016K->97360K(504832K)] 982085K->763829K(1903104K), 0.1632314 secs] [Times: user=0.97 sys=0.00, real=0.16 secs] 
4047.433: [GC (Allocation Failure) [PSYoungGen: 405072K->142688K(501760K)] 1071541K->902677K(1900032K), 0.0492317 secs] [Times: user=0.29 sys=0.00, real=0.05 secs] 
4049.372: [GC (Allocation Failure) [PSYoungGen: 450400K->103344K(498688K)] 1210389K->996734K(1896960K), 0.0938020 secs] [Times: user=0.56 sys=0.01, real=0.10 secs] 
4051.207: [GC (GCLocker Initiated GC) [PSYoungGen: 413104K->143632K(500736K)] 1306494K->1137043K(1899008K), 0.0520916 secs] [Times: user=0.31 sys=0.00, real=0.05 secs] 
4052.853: [GC (GCLocker Initiated GC) [PSYoungGen: 453392K->104432K(502272K)] 1446805K->1232441K(1900544K), 0.0644375 secs] [Times: user=0.38 sys=0.00, real=0.07 secs] 
4054.478: [GC (Allocation Failure) [PSYoungGen: 419824K->144768K(504320K)] 1547836K->1375424K(1902592K), 0.0524254 secs] [Times: user=0.31 sys=0.00, real=0.05 secs] 
4054.530: [Full GC (Ergonomics) [PSYoungGen: 144768K->0K(504320K)] [ParOldGen: 1230656K->182151K(1398272K)] 1375424K->182151K(1902592K), [Metaspace: 60456K->60456K(1105920K)], 0.4262923 secs] [Times: user=1.98 sys=0.00, real=0.43 secs] 
4056.937: [GC (Allocation Failure) [PSYoungGen: 315392K->108528K(504320K)] 497543K->290680K(1902592K), 0.0517415 secs] [Times: user=0.30 sys=0.01, real=0.05 secs] 
4058.633: [GC (Allocation Failure) [PSYoungGen: 428016K->149424K(506368K)] 610168K->434317K(1904640K), 0.0531682 secs] [Times: user=0.31 sys=0.00, real=0.06 secs] 
4062.381: [GC (Allocation Failure) [PSYoungGen: 468912K->101424K(509440K)] 753805K->526701K(1907712K), 0.1179548 secs] [Times: user=0.70 sys=0.00, real=0.12 secs] 
4065.714: [GC (Allocation Failure) [PSYoungGen: 421936K->148160K(468992K)] 847213K->671445K(1867264K), 0.0514218 secs] [Times: user=0.31 sys=0.01, real=0.06 secs] 
4067.931: [GC (Allocation Failure) [PSYoungGen: 468672K->106160K(511488K)] 991957K->768474K(1909760K), 0.1684963 secs] [Times: user=1.00 sys=0.01, real=0.17 secs] 
4069.004: [GC (Allocation Failure) [PSYoungGen: 426672K->152640K(473600K)] 1088986K->916970K(1871872K), 0.0525382 secs] [Times: user=0.31 sys=0.00, real=0.06 secs] 
4072.890: [GC (Allocation Failure) [PSYoungGen: 473152K->104704K(509952K)] 1237482K->1012826K(1908224K), 0.1736337 secs] [Times: user=1.03 sys=0.00, real=0.17 secs] 
4074.610: [GC (Allocation Failure) [PSYoungGen: 422656K->149632K(506880K)] 1330778K->1158655K(1905152K), 0.0519264 secs] [Times: user=0.31 sys=0.00, real=0.05 secs] 
4077.448: [GC (Allocation Failure) [PSYoungGen: 467584K->103008K(507392K)] 1476607K->1252535K(1905664K), 0.1732670 secs] [Times: user=1.03 sys=0.01, real=0.17 secs] 
4078.416: [GC (Allocation Failure) [PSYoungGen: 420448K->149552K(467456K)] 1569975K->1397980K(1865728K), 0.0519839 secs] [Times: user=0.30 sys=0.00, real=0.05 secs] 
4078.468: [Full GC (Ergonomics) [PSYoungGen: 149552K->0K(467456K)] [ParOldGen: 1248427K->197373K(1398272K)] 1397980K->197373K(1865728K), [Metaspace: 60456K->60456K(1105920K)], 0.4656624 secs] [Times: user=2.17 sys=0.00, real=0.46 secs] 
4081.819: [GC (Allocation Failure) [PSYoungGen: 317440K->105488K(509440K)] 514813K->302862K(1907712K), 0.0957899 secs] [Times: user=0.56 sys=0.00, real=0.10 secs] 
4083.020: [GC (Allocation Failure) [PSYoungGen: 422416K->148896K(506368K)] 619790K->445496K(1904640K), 0.0499117 secs] [Times: user=0.29 sys=0.00, real=0.05 secs] 
4085.525: [GC (Allocation Failure) [PSYoungGen: 465824K->106656K(505856K)] 762424K->542708K(1904128K), 0.1519629 secs] [Times: user=0.91 sys=0.00, real=0.15 secs] 
4086.716: [GC (Allocation Failure) [PSYoungGen: 416297K->144928K(506368K)] 852350K->683545K(1904640K), 0.0504160 secs] [Times: user=0.29 sys=0.00, real=0.05 secs] 
4089.551: [GC (Allocation Failure) [PSYoungGen: 462368K->103440K(506880K)] 1000985K->778010K(1905152K), 0.1558823 secs] [Times: user=0.93 sys=0.00, real=0.16 secs] 
4091.265: [GC (Allocation Failure) [PSYoungGen: 423440K->148784K(507904K)] 1098010K->922191K(1906176K), 0.0506979 secs] [Times: user=0.30 sys=0.00, real=0.05 secs] 
4094.956: [GC (Allocation Failure) [PSYoungGen: 468784K->102816K(508928K)] 1242191K->1015802K(1907200K), 0.1595349 secs] [Times: user=0.95 sys=0.00, real=0.16 secs] 
4096.489: [GC (Allocation Failure) [PSYoungGen: 415292K->148496K(508416K)] 1328279K->1160160K(1906688K), 0.0511256 secs] [Times: user=0.30 sys=0.00, real=0.05 secs] 
4100.328: [GC (Allocation Failure) [PSYoungGen: 468496K->102432K(508416K)] 1480160K->1254007K(1906688K), 0.1600181 secs] [Times: user=0.95 sys=0.00, real=0.16 secs] 
4102.078: [GC (Allocation Failure) [PSYoungGen: 422432K->148704K(468992K)] 1574007K->1398836K(1867264K), 0.0509937 secs] [Times: user=0.30 sys=0.01, real=0.05 secs] 
4102.129: [Full GC (Ergonomics) [PSYoungGen: 148704K->0K(468992K)] [ParOldGen: 1250132K->197000K(1398272K)] 1398836K->197000K(1867264K), [Metaspace: 60456K->60456K(1105920K)], 0.4701450 secs] [Times: user=2.18 sys=0.00, real=0.47 secs] 
4104.873: [GC (Allocation Failure) [PSYoungGen: 320000K->108528K(510976K)] 517000K->305529K(1909248K), 0.0996484 secs] [Times: user=0.59 sys=0.00, real=0.10 secs] 
4106.794: [GC (Allocation Failure) [PSYoungGen: 420852K->143840K(507904K)] 617853K->445137K(1906176K), 0.0506319 secs] [Times: user=0.30 sys=0.00, real=0.05 secs] 
4109.132: [GC (Allocation Failure) [PSYoungGen: 463840K->105040K(508928K)] 765137K->541094K(1907200K), 0.1689305 secs] [Times: user=1.00 sys=0.00, real=0.17 secs] 
4109.765: [GC (Allocation Failure) [PSYoungGen: 419389K->146512K(508416K)] 855442K->683327K(1906688K), 0.0507855 secs] [Times: user=0.30 sys=0.00, real=0.05 secs] 
4113.782: [GC (Allocation Failure) [PSYoungGen: 468560K->107328K(508928K)] 1005375K->781794K(1907200K), 0.1753150 secs] [Times: user=1.04 sys=0.00, real=0.18 secs] 
4114.890: [GC (Allocation Failure) [PSYoungGen: 420259K->144576K(509952K)] 1094725K->922523K(1908224K), 0.0514620 secs] [Times: user=0.30 sys=0.00, real=0.05 secs] 
4118.393: [GC (Allocation Failure) [PSYoungGen: 469184K->107776K(509440K)] 1247131K->1021087K(1907712K), 0.1669884 secs] [Times: user=1.00 sys=0.00, real=0.17 secs] 
4119.567: [GC (Allocation Failure) [PSYoungGen: 434944K->153152K(480768K)] 1348255K->1170380K(1879040K), 0.0527243 secs] [Times: user=0.31 sys=0.00, real=0.05 secs] 
4122.653: [GC (Allocation Failure) [PSYoungGen: 480320K->99904K(511488K)] 1497548K->1269612K(1909760K), 0.1720269 secs] [Times: user=1.03 sys=0.00, real=0.18 secs] 
4123.708: [GC (Allocation Failure) [PSYoungGen: 422976K->154368K(477696K)] 1592684K->1418201K(1875968K), 0.0565352 secs] [Times: user=0.34 sys=0.00, real=0.06 secs] 
4123.765: [Full GC (Ergonomics) [PSYoungGen: 154368K->0K(477696K)] [ParOldGen: 1263832K->216965K(1398272K)] 1418201K->216965K(1875968K), [Metaspace: 60459K->60459K(1105920K)], 0.5027625 secs] [Times: user=2.35 sys=0.00, real=0.50 secs] 
4127.658: [GC (Allocation Failure) [PSYoungGen: 323072K->97696K(508416K)] 540037K->314661K(1906688K), 0.1318367 secs] [Times: user=0.78 sys=0.00, real=0.13 secs] 
4128.629: [GC (Allocation Failure) [PSYoungGen: 414112K->153792K(470528K)] 631077K->462102K(1868800K), 0.0557759 secs] [Times: user=0.33 sys=0.00, real=0.06 secs] 
4133.140: [GC (Allocation Failure) [PSYoungGen: 470208K->91968K(504832K)] 778518K->553726K(1903104K), 0.1639049 secs] [Times: user=0.97 sys=0.00, real=0.16 secs] 
4133.621: [GC (Allocation Failure) [PSYoungGen: 402240K->150304K(460800K)] 863998K->698031K(1859072K), 0.0546148 secs] [Times: user=0.33 sys=0.00, real=0.06 secs] 
4138.176: [GC (Allocation Failure) [PSYoungGen: 460576K->86720K(502272K)] 1008303K->784523K(1900544K), 0.1815995 secs] [Times: user=0.98 sys=0.00, real=0.18 secs] 
4139.098: [GC (Allocation Failure) [PSYoungGen: 392384K->147536K(453632K)] 1090187K->925845K(1851904K), 0.0527889 secs] [Times: user=0.31 sys=0.00, real=0.05 secs] 
4141.916: [GC (Allocation Failure) [PSYoungGen: 453200K->91808K(501760K)] 1231509K->1017052K(1900032K), 0.1658020 secs] [Times: user=0.99 sys=0.00, real=0.16 secs] 
4143.186: [GC (Allocation Failure) [PSYoungGen: 387475K->139104K(442368K)] 1312719K->1152341K(1840640K), 0.0496375 secs] [Times: user=0.30 sys=0.00, real=0.05 secs] 
4146.212: [GC (Allocation Failure) [PSYoungGen: 442208K->99504K(501760K)] 1455445K->1242830K(1900032K), 0.1655988 secs] [Times: user=0.98 sys=0.00, real=0.17 secs] 
4147.989: [GC (Allocation Failure) [PSYoungGen: 405680K->144528K(498688K)] 1549006K->1383013K(1896960K), 0.0501268 secs] [Times: user=0.30 sys=0.01, real=0.05 secs] 
4148.040: [Full GC (Ergonomics) [PSYoungGen: 144528K->0K(498688K)] [ParOldGen: 1238484K->190012K(1398272K)] 1383013K->190012K(1896960K), [Metaspace: 60470K->60470K(1105920K)], 0.4569047 secs] [Times: user=2.12 sys=0.00, real=0.46 secs] 
4149.592: [GC (Allocation Failure) [PSYoungGen: 306176K->100912K(501760K)] 496188K->290924K(1900032K), 0.0357083 secs] [Times: user=0.20 sys=0.00, real=0.04 secs] 
4151.976: [GC (Allocation Failure) [PSYoungGen: 413232K->147968K(503296K)] 603244K->435140K(1901568K), 0.0505958 secs] [Times: user=0.30 sys=0.00, real=0.05 secs] 
4153.976: [GC (Allocation Failure) [PSYoungGen: 460288K->102016K(503808K)] 747460K->528521K(1902080K), 0.0645838 secs] [Times: user=0.39 sys=0.00, real=0.06 secs] 
4157.136: [GC (Allocation Failure) [PSYoungGen: 415872K->147808K(504320K)] 842377K->672237K(1902592K), 0.0514565 secs] [Times: user=0.31 sys=0.00, real=0.05 secs] 
4158.684: [GC (Allocation Failure) [PSYoungGen: 461664K->103808K(504320K)] 986093K->767078K(1902592K), 0.0681561 secs] [Times: user=0.40 sys=0.00, real=0.06 secs] 
4161.656: [GC (Allocation Failure) [PSYoungGen: 418688K->146048K(504832K)] 1081958K->909686K(1903104K), 0.0515533 secs] [Times: user=0.31 sys=0.00, real=0.05 secs] 
4163.316: [GC (Allocation Failure) [PSYoungGen: 460928K->106672K(503808K)] 1224566K->1007279K(1902080K), 0.0747480 secs] [Times: user=0.44 sys=0.00, real=0.07 secs] 
4165.372: [GC (Allocation Failure) [PSYoungGen: 423600K->147152K(505344K)] 1324207K->1150540K(1903616K), 0.0531877 secs] [Times: user=0.31 sys=0.00, real=0.06 secs] 
4169.547: [GC (Allocation Failure) [PSYoungGen: 464080K->104288K(506880K)] 1467468K->1245427K(1905152K), 0.1027198 secs] [Times: user=0.61 sys=0.00, real=0.10 secs] 
4170.989: [GC (Allocation Failure) [PSYoungGen: 423776K->152160K(472064K)] 1564915K->1394056K(1870336K), 0.0532022 secs] [Times: user=0.32 sys=0.00, real=0.05 secs] 
4171.042: [Full GC (Ergonomics) [PSYoungGen: 152160K->0K(472064K)] [ParOldGen: 1241896K->192642K(1398272K)] 1394056K->192642K(1870336K), [Metaspace: 60486K->60486K(1105920K)], 0.4455268 secs] [Times: user=2.04 sys=0.00, real=0.45 secs] 
4174.203: [GC (Allocation Failure) [PSYoungGen: 319488K->104320K(509440K)] 512130K->296962K(1907712K), 0.1024091 secs] [Times: user=0.60 sys=0.00, real=0.11 secs] 
4175.823: [GC (Allocation Failure) [PSYoungGen: 421760K->149056K(506880K)] 614402K->442344K(1905152K), 0.0507952 secs] [Times: user=0.30 sys=0.00, real=0.05 secs] 
4178.749: [GC (Allocation Failure) [PSYoungGen: 466496K->105120K(506880K)] 759784K->538612K(1905152K), 0.1730058 secs] [Times: user=1.03 sys=0.00, real=0.17 secs] 
4180.485: [GC (Allocation Failure) [PSYoungGen: 421302K->148432K(506880K)] 854794K->683237K(1905152K), 0.0513771 secs] [Times: user=0.30 sys=0.00, real=0.05 secs] 
4183.060: [GC (Allocation Failure) [PSYoungGen: 465872K->102832K(507392K)] 1000677K->777010K(1905664K), 0.1638787 secs] [Times: user=0.97 sys=0.00, real=0.16 secs] 
4184.529: [GC (Allocation Failure) [PSYoungGen: 417720K->148224K(507392K)] 1091897K->921226K(1905664K), 0.0805125 secs] [Times: user=0.48 sys=0.00, real=0.08 secs] 
4188.188: [GC (Allocation Failure) [PSYoungGen: 466176K->102176K(507392K)] 1239178K->1014874K(1905664K), 0.1727194 secs] [Times: user=1.02 sys=0.00, real=0.17 secs] 
4190.560: [GC (Allocation Failure) [PSYoungGen: 420128K->165760K(483840K)] 1332826K->1176326K(1882112K), 0.0514448 secs] [Times: user=0.31 sys=0.00, real=0.05 secs] 
4193.914: [GC (Allocation Failure) [PSYoungGen: 483712K->102624K(503296K)] 1494278K->1253278K(1901568K), 0.1687704 secs] [Times: user=1.01 sys=0.00, real=0.17 secs] 
4196.366: [GC (Allocation Failure) [PSYoungGen: 407776K->144080K(500736K)] 1558430K->1393168K(1899008K), 0.0504234 secs] [Times: user=0.30 sys=0.00, real=0.05 secs] 
4196.417: [Full GC (Ergonomics) [PSYoungGen: 144080K->0K(500736K)] [ParOldGen: 1249087K->192505K(1398272K)] 1393168K->192505K(1899008K), [Metaspace: 60492K->60492K(1105920K)], 0.4641890 secs] [Times: user=2.16 sys=0.00, real=0.46 secs] 
4199.489: [GC (Allocation Failure) [PSYoungGen: 305152K->98480K(501248K)] 497657K->290985K(1899520K), 0.0607717 secs] [Times: user=0.36 sys=0.01, real=0.06 secs] 
4200.754: [GC (Allocation Failure) [PSYoungGen: 405680K->146192K(500736K)] 598185K->433306K(1899008K), 0.0492199 secs] [Times: user=0.29 sys=0.00, real=0.05 secs] 
4202.571: [GC (Allocation Failure) [PSYoungGen: 453392K->102160K(501248K)] 740506K->526382K(1899520K), 0.1571881 secs] [Times: user=0.93 sys=0.00, real=0.16 secs] 
4205.687: [GC (Allocation Failure) [PSYoungGen: 412944K->142752K(502784K)] 837166K->666442K(1901056K), 0.0509588 secs] [Times: user=0.30 sys=0.00, real=0.05 secs] 
4207.206: [GC (Allocation Failure) [PSYoungGen: 453536K->104160K(501760K)] 977226K->761330K(1900032K), 0.0641230 secs] [Times: user=0.38 sys=0.00, real=0.06 secs] 
4210.129: [GC (Allocation Failure) [PSYoungGen: 419040K->144864K(504320K)] 1076210K->903503K(1902592K), 0.0521350 secs] [Times: user=0.31 sys=0.00, real=0.05 secs] 
4212.513: [GC (Allocation Failure) [PSYoungGen: 459744K->104608K(505344K)] 1218383K->999219K(1903616K), 0.0653268 secs] [Times: user=0.39 sys=0.00, real=0.07 secs] 
4215.305: [GC (Allocation Failure) [PSYoungGen: 423584K->146016K(506880K)] 1318195K->1143040K(1905152K), 0.0524121 secs] [Times: user=0.31 sys=0.00, real=0.05 secs] 
4217.046: [GC (Allocation Failure) [PSYoungGen: 464992K->108256K(506368K)] 1462016K->1242176K(1904640K), 0.1304188 secs] [Times: user=0.77 sys=0.00, real=0.13 secs] 
4219.158: [GC (Allocation Failure) [PSYoungGen: 429792K->148160K(507904K)] 1563712K->1387053K(1906176K), 0.0546404 secs] [Times: user=0.32 sys=0.00, real=0.05 secs] 
4219.212: [Full GC (Ergonomics) [PSYoungGen: 148160K->0K(507904K)] [ParOldGen: 1238893K->185242K(1398272K)] 1387053K->185242K(1906176K), [Metaspace: 60493K->60493K(1105920K)], 0.4451672 secs] [Times: user=2.07 sys=0.00, real=0.45 secs] 
4222.623: [GC (Allocation Failure) [PSYoungGen: 321536K->107040K(509952K)] 506778K->292282K(1908224K), 0.0332727 secs] [Times: user=0.19 sys=0.01, real=0.04 secs] 
4224.163: [GC (Allocation Failure) [PSYoungGen: 430624K->148736K(509952K)] 615866K->437776K(1908224K), 0.0603975 secs] [Times: user=0.36 sys=0.00, real=0.06 secs] 
4227.579: [GC (Allocation Failure) [PSYoungGen: 472320K->108576K(508928K)] 761360K->537496K(1907200K), 0.1531608 secs] [Times: user=0.90 sys=0.01, real=0.15 secs] 
4230.028: [GC (Allocation Failure) [PSYoungGen: 432160K->149632K(509440K)] 861080K->683121K(1907712K), 0.0527634 secs] [Times: user=0.31 sys=0.00, real=0.05 secs] 
4232.727: [GC (Allocation Failure) [PSYoungGen: 473216K->106656K(510464K)] 1006705K->780197K(1908736K), 0.1627576 secs] [Times: user=0.97 sys=0.01, real=0.16 secs] 
4234.133: [GC (Allocation Failure) [PSYoungGen: 421724K->147088K(509952K)] 1095265K->923034K(1908224K), 0.0515159 secs] [Times: user=0.31 sys=0.00, real=0.06 secs] 
4238.188: [GC (Allocation Failure) [PSYoungGen: 470672K->108512K(508416K)] 1246618K->1022530K(1906688K), 0.1719641 secs] [Times: user=1.02 sys=0.00, real=0.17 secs] 
4239.886: [GC (Allocation Failure) [PSYoungGen: 418637K->143312K(509440K)] 1332655K->1162003K(1907712K), 0.0519076 secs] [Times: user=0.31 sys=0.00, real=0.05 secs] 
4242.395: [GC (Allocation Failure) [PSYoungGen: 467408K->109280K(508928K)] 1486099K->1261826K(1907200K), 0.1670530 secs] [Times: user=1.00 sys=0.00, real=0.16 secs] 
4243.636: [GC (Allocation Failure) [PSYoungGen: 436960K->154416K(482304K)] 1589506K->1412228K(1880576K), 0.0541663 secs] [Times: user=0.32 sys=0.00, real=0.05 secs] 
4243.690: [Full GC (Ergonomics) [PSYoungGen: 154416K->0K(482304K)] [ParOldGen: 1257811K->209808K(1398272K)] 1412228K->209808K(1880576K), [Metaspace: 60494K->60494K(1105920K)], 0.4825770 secs] [Times: user=2.24 sys=0.00, real=0.48 secs] 
4247.328: [GC (Allocation Failure) [PSYoungGen: 327680K->100352K(512000K)] 537488K->310160K(1910272K), 0.1678190 secs] [Times: user=1.00 sys=0.00, real=0.17 secs] 
4247.989: [GC (Allocation Failure) [PSYoungGen: 423936K->156384K(480256K)] 633744K->460345K(1878528K), 0.0569801 secs] [Times: user=0.33 sys=0.00, real=0.06 secs] 
4252.574: [GC (Allocation Failure) [PSYoungGen: 479968K->95504K(507392K)] 783929K->555298K(1905664K), 0.1680655 secs] [Times: user=1.00 sys=0.00, real=0.17 secs] 
4252.991: [GC (Allocation Failure) [PSYoungGen: 410384K->153232K(468480K)] 870178K->702402K(1866752K), 0.0555374 secs] [Times: user=0.33 sys=0.00, real=0.06 secs] 
4256.868: [GC (Allocation Failure) [PSYoungGen: 468112K->92512K(504320K)] 1017282K->794494K(1902592K), 0.1717571 secs] [Times: user=1.03 sys=0.00, real=0.17 secs] 
4257.292: [GC (Allocation Failure) [PSYoungGen: 401760K->150304K(459776K)] 1103742K->938651K(1858048K), 0.0550911 secs] [Times: user=0.32 sys=0.00, real=0.06 secs] 
4261.508: [GC (Allocation Failure) [PSYoungGen: 459552K->87648K(501760K)] 1247899K->1025939K(1900032K), 0.1702160 secs] [Times: user=1.00 sys=0.01, real=0.17 secs] 
4262.261: [GC (Allocation Failure) [PSYoungGen: 392288K->146512K(451584K)] 1330579K->1166328K(1849856K), 0.0527412 secs] [Times: user=0.32 sys=0.00, real=0.05 secs] 
4266.464: [GC (Allocation Failure) [PSYoungGen: 451152K->89520K(501760K)] 1470968K->1255216K(1900032K), 0.1576779 secs] [Times: user=0.94 sys=0.00, real=0.15 secs] 
4267.331: [GC (Allocation Failure) [PSYoungGen: 387179K->138928K(442880K)] 1552875K->1389921K(1841152K), 0.0496197 secs] [Times: user=0.29 sys=0.00, real=0.05 secs] 
4267.380: [Full GC (Ergonomics) [PSYoungGen: 138928K->0K(442880K)] [ParOldGen: 1250992K->196842K(1398272K)] 1389921K->196842K(1841152K), [Metaspace: 60494K->60494K(1105920K)], 0.4753687 secs] [Times: user=2.23 sys=0.00, real=0.48 secs] 
4269.978: [GC (Allocation Failure) [PSYoungGen: 303616K->99392K(502784K)] 500458K->296234K(1901056K), 0.1014540 secs] [Times: user=0.60 sys=0.01, real=0.10 secs] 
4272.077: [GC (Allocation Failure) [PSYoungGen: 406080K->141520K(499712K)] 602922K->433888K(1897984K), 0.0479291 secs] [Times: user=0.29 sys=0.00, real=0.05 secs] 
4274.355: [GC (GCLocker Initiated GC) [PSYoungGen: 448208K->103216K(501760K)] 740576K->527056K(1900032K), 0.0856409 secs] [Times: user=0.51 sys=0.00, real=0.08 secs] 
4276.391: [GC (Allocation Failure) [PSYoungGen: 416048K->144688K(502272K)] 839891K->668152K(1900544K), 0.0516313 secs] [Times: user=0.29 sys=0.01, real=0.05 secs] 
4279.233: [GC (Allocation Failure) [PSYoungGen: 457520K->102720K(505344K)] 980984K->761515K(1903616K), 0.0660010 secs] [Times: user=0.39 sys=0.01, real=0.07 secs] 
4282.287: [GC (Allocation Failure) [PSYoungGen: 420672K->143872K(506368K)] 1079467K->903200K(1904640K), 0.0523685 secs] [Times: user=0.31 sys=0.00, real=0.05 secs] 
4284.015: [GC (Allocation Failure) [PSYoungGen: 461824K->109264K(503808K)] 1221152K->1002841K(1902080K), 0.1181658 secs] [Times: user=0.69 sys=0.01, real=0.11 secs] 
4286.593: [GC (Allocation Failure) [PSYoungGen: 429776K->146624K(506368K)] 1323353K->1146293K(1904640K), 0.0553961 secs] [Times: user=0.33 sys=0.00, real=0.06 secs] 
4288.157: [GC (Allocation Failure) [PSYoungGen: 467136K->109120K(508416K)] 1466805K->1245949K(1906688K), 0.0672740 secs] [Times: user=0.40 sys=0.00, real=0.06 secs] 
4289.911: [GC (Allocation Failure) [PSYoungGen: 433728K->151584K(509440K)] 1570557K->1393994K(1907712K), 0.0553850 secs] [Times: user=0.33 sys=0.00, real=0.06 secs] 
4289.966: [Full GC (Ergonomics) [PSYoungGen: 151584K->0K(509440K)] [ParOldGen: 1242410K->193177K(1398272K)] 1393994K->193177K(1907712K), [Metaspace: 60494K->60494K(1105920K)], 0.4674713 secs] [Times: user=2.19 sys=0.00, real=0.46 secs] 
4294.346: [GC (Allocation Failure) [PSYoungGen: 324608K->103936K(511488K)] 517785K->297113K(1909760K), 0.0926205 secs] [Times: user=0.54 sys=0.00, real=0.09 secs] 
4295.774: [GC (Allocation Failure) [PSYoungGen: 426524K->151952K(475648K)] 619701K->445507K(1873920K), 0.0509920 secs] [Times: user=0.30 sys=0.00, real=0.06 secs] 
4299.236: [GC (Allocation Failure) [PSYoungGen: 475536K->110016K(511488K)] 769091K->546402K(1909760K), 0.1805673 secs] [Times: user=1.08 sys=0.00, real=0.18 secs] 
4300.446: [GC (Allocation Failure) [PSYoungGen: 416505K->141808K(507904K)] 852892K->683951K(1906176K), 0.0514568 secs] [Times: user=0.30 sys=0.01, real=0.05 secs] 
4303.226: [GC (Allocation Failure) [PSYoungGen: 462320K->106640K(508928K)] 1004463K->781391K(1907200K), 0.1692653 secs] [Times: user=1.01 sys=0.00, real=0.17 secs] 
4304.354: [GC (Allocation Failure) [PSYoungGen: 422103K->145376K(507904K)] 1096854K->922816K(1906176K), 0.0507884 secs] [Times: user=0.30 sys=0.00, real=0.06 secs] 
4307.016: [GC (Allocation Failure) [PSYoungGen: 468448K->110096K(509440K)] 1245888K->1023488K(1907712K), 0.1531530 secs] [Times: user=0.91 sys=0.00, real=0.15 secs] 
4308.097: [GC (Allocation Failure) [PSYoungGen: 437776K->152736K(510976K)] 1351168K->1172241K(1909248K), 0.0536433 secs] [Times: user=0.32 sys=0.00, real=0.05 secs] 
4311.171: [GC (Allocation Failure) [PSYoungGen: 480416K->101664K(512512K)] 1499921K->1272929K(1910784K), 0.1710894 secs] [Times: user=1.02 sys=0.00, real=0.17 secs] 
4311.756: [GC (Allocation Failure) [PSYoungGen: 426272K->155136K(480256K)] 1597537K->1422129K(1878528K), 0.0572994 secs] [Times: user=0.34 sys=0.00, real=0.05 secs] 
4311.813: [Full GC (Ergonomics) [PSYoungGen: 155136K->0K(480256K)] [ParOldGen: 1266993K->219762K(1398272K)] 1422129K->219762K(1878528K), [Metaspace: 60494K->60494K(1105920K)], 0.5076925 secs] [Times: user=2.37 sys=0.00, real=0.51 secs] 
4317.348: [GC (Allocation Failure) [PSYoungGen: 324608K->101648K(509440K)] 544370K->321410K(1907712K), 0.1181388 secs] [Times: user=0.70 sys=0.00, real=0.12 secs] 
4318.409: [GC (Allocation Failure) [PSYoungGen: 420112K->151200K(470016K)] 639874K->462563K(1868288K), 0.1454541 secs] [Times: user=0.86 sys=0.00, real=0.15 secs] 
4324.603: [GC (Allocation Failure) [PSYoungGen: 469664K->91552K(506368K)] 781027K->553339K(1904640K), 0.1625445 secs] [Times: user=0.97 sys=0.00, real=0.17 secs] 
4325.031: [GC (Allocation Failure) [PSYoungGen: 405408K->152480K(466432K)] 867195K->699844K(1864704K), 0.0554005 secs] [Times: user=0.32 sys=0.01, real=0.06 secs] 
4328.863: [GC (Allocation Failure) [PSYoungGen: 466336K->90560K(503296K)] 1013700K->789840K(1901568K), 0.1720780 secs] [Times: user=1.02 sys=0.00, real=0.18 secs] 
4329.431: [GC (Allocation Failure) [PSYoungGen: 397760K->165648K(473088K)] 1097040K->949466K(1871360K), 0.0553350 secs] [Times: user=0.33 sys=0.01, real=0.06 secs] 
4332.899: [GC (Allocation Failure) [PSYoungGen: 472848K->88016K(496128K)] 1256666K->1020722K(1894400K), 0.1623698 secs] [Times: user=0.97 sys=0.00, real=0.16 secs] 
4334.074: [GC (Allocation Failure) [PSYoungGen: 372561K->137056K(429568K)] 1305266K->1151734K(1827840K), 0.0492825 secs] [Times: user=0.28 sys=0.01, real=0.04 secs] 
4336.062: [GC (Allocation Failure) [PSYoungGen: 429408K->94304K(495104K)] 1444086K->1237358K(1893376K), 0.1118904 secs] [Times: user=0.66 sys=0.00, real=0.11 secs] 
4338.692: [GC (Allocation Failure) [PSYoungGen: 389216K->136384K(492544K)] 1532270K->1370087K(1890816K), 0.0476854 secs] [Times: user=0.28 sys=0.00, real=0.05 secs] 
4338.740: [Full GC (Ergonomics) [PSYoungGen: 136384K->0K(492544K)] [ParOldGen: 1233703K->176743K(1398272K)] 1370087K->176743K(1890816K), [Metaspace: 60496K->60496K(1105920K)], 0.4233171 secs] [Times: user=1.98 sys=0.00, real=0.42 secs] 
4340.787: [GC (Allocation Failure) [PSYoungGen: 294912K->97889K(498176K)] 471655K->274633K(1896448K), 0.0359329 secs] [Times: user=0.21 sys=0.00, real=0.03 secs] 
4342.807: [GC (Allocation Failure) [PSYoungGen: 402015K->138528K(496640K)] 578759K->411581K(1894912K), 0.0526142 secs] [Times: user=0.31 sys=0.00, real=0.05 secs] 
4345.051: [GC (Allocation Failure) [PSYoungGen: 442656K->103008K(501248K)] 715709K->505361K(1899520K), 0.0636688 secs] [Times: user=0.38 sys=0.00, real=0.07 secs] 
4346.604: [GC (Allocation Failure) [PSYoungGen: 417376K->140480K(502784K)] 819729K->644666K(1901056K), 0.0604793 secs] [Times: user=0.36 sys=0.00, real=0.07 secs] 
4349.279: [GC (Allocation Failure) [PSYoungGen: 454848K->109456K(502784K)] 959034K->744515K(1901056K), 0.0653421 secs] [Times: user=0.39 sys=0.00, real=0.07 secs] 
4352.437: [GC (Allocation Failure) [PSYoungGen: 430992K->140992K(506368K)] 1066051K->884079K(1904640K), 0.0579351 secs] [Times: user=0.35 sys=0.00, real=0.06 secs] 
4354.684: [GC (Allocation Failure) [PSYoungGen: 462528K->111568K(505856K)] 1205615K->985660K(1904128K), 0.0662397 secs] [Times: user=0.39 sys=0.00, real=0.07 secs] 
4356.524: [GC (Allocation Failure) [PSYoungGen: 439760K->148832K(509440K)] 1313852K->1133188K(1907712K), 0.0554812 secs] [Times: user=0.33 sys=0.00, real=0.06 secs] 
4359.196: [GC (Allocation Failure) [PSYoungGen: 477024K->111440K(514048K)] 1461380K->1235396K(1912320K), 0.0673385 secs] [Times: user=0.40 sys=0.00, real=0.06 secs] 
4361.512: [GC (Allocation Failure) [PSYoungGen: 443216K->151488K(483328K)] 1567172K->1384184K(1881600K), 0.0550925 secs] [Times: user=0.32 sys=0.00, real=0.06 secs] 
4361.567: [Full GC (Ergonomics) [PSYoungGen: 151488K->0K(483328K)] [ParOldGen: 1232696K->182869K(1398272K)] 1384184K->182869K(1881600K), [Metaspace: 60496K->60496K(1105920K)], 0.4187350 secs] [Times: user=1.93 sys=0.00, real=0.42 secs] 
4363.840: [GC (Allocation Failure) [PSYoungGen: 331776K->113376K(516608K)] 514645K->296245K(1914880K), 0.0854413 secs] [Times: user=0.51 sys=0.00, real=0.09 secs] 
4365.315: [GC (Allocation Failure) [PSYoungGen: 442353K->153104K(483840K)] 625222K->445231K(1882112K), 0.0565133 secs] [Times: user=0.32 sys=0.00, real=0.05 secs] 
4370.578: [GC (Allocation Failure) [PSYoungGen: 483344K->103872K(513536K)] 775471K->540218K(1911808K), 0.1482840 secs] [Times: user=0.87 sys=0.01, real=0.15 secs] 
4373.088: [GC (Allocation Failure) [PSYoungGen: 415494K->148112K(475136K)] 851840K->683572K(1873408K), 0.0503622 secs] [Times: user=0.30 sys=0.00, real=0.05 secs] 
4376.558: [GC (Allocation Failure) [PSYoungGen: 474768K->102160K(513024K)] 1010228K->777132K(1911296K), 0.1551994 secs] [Times: user=0.91 sys=0.00, real=0.15 secs] 
4378.272: [GC (Allocation Failure) [PSYoungGen: 418458K->149792K(475136K)] 1093430K->922764K(1873408K), 0.0512394 secs] [Times: user=0.31 sys=0.00, real=0.05 secs] 
4381.331: [GC (Allocation Failure) [PSYoungGen: 474912K->109584K(513024K)] 1247884K->1023649K(1911296K), 0.1711837 secs] [Times: user=1.02 sys=0.00, real=0.17 secs] 
4382.434: [GC (Allocation Failure) [PSYoungGen: 433680K->152368K(476672K)] 1347745K->1171698K(1874944K), 0.0541833 secs] [Times: user=0.32 sys=0.00, real=0.06 secs] 
4385.540: [GC (Allocation Failure) [PSYoungGen: 476464K->97088K(509952K)] 1495794K->1268269K(1908224K), 0.1676794 secs] [Times: user=1.00 sys=0.00, real=0.17 secs] 
4387.184: [GC (Allocation Failure) [PSYoungGen: 417088K->152224K(472576K)] 1588269K->1414406K(1870848K), 0.0559799 secs] [Times: user=0.34 sys=0.00, real=0.05 secs] 
4387.240: [Full GC (Ergonomics) [PSYoungGen: 152224K->0K(472576K)] [ParOldGen: 1262182K->211375K(1398272K)] 1414406K->211375K(1870848K), [Metaspace: 60496K->60496K(1105920K)], 0.4785576 secs] [Times: user=2.22 sys=0.00, real=0.48 secs] 
4391.069: [GC (Allocation Failure) [PSYoungGen: 320000K->96577K(507392K)] 531375K->307953K(1905664K), 0.1437319 secs] [Times: user=0.86 sys=0.00, real=0.14 secs] 
4391.864: [GC (Allocation Failure) [PSYoungGen: 411457K->153296K(468480K)] 622833K->454860K(1866752K), 0.0553404 secs] [Times: user=0.33 sys=0.00, real=0.06 secs] 
4396.121: [GC (Allocation Failure) [PSYoungGen: 468176K->91136K(503808K)] 769740K->545731K(1902080K), 0.1804100 secs] [Times: user=1.02 sys=0.00, real=0.18 secs] 
4396.868: [GC (Allocation Failure) [PSYoungGen: 399360K->165888K(474624K)] 853955K->705284K(1872896K), 0.0546454 secs] [Times: user=0.33 sys=0.00, real=0.05 secs] 
4401.486: [GC (Allocation Failure) [PSYoungGen: 474112K->88128K(496128K)] 1013508K->776560K(1894400K), 0.1463584 secs] [Times: user=0.87 sys=0.00, real=0.14 secs] 
4402.200: [GC (Allocation Failure) [PSYoungGen: 380992K->140448K(433664K)] 1069424K->913181K(1831936K), 0.0492826 secs] [Times: user=0.29 sys=0.00, real=0.05 secs] 
4403.883: [GC (Allocation Failure) [PSYoungGen: 433312K->94048K(495616K)] 1206045K->998765K(1893888K), 0.1040877 secs] [Times: user=0.61 sys=0.01, real=0.11 secs] 
4405.806: [GC (Allocation Failure) [PSYoungGen: 388960K->139424K(493568K)] 1293677K->1134086K(1891840K), 0.0487192 secs] [Times: user=0.28 sys=0.00, real=0.05 secs] 
4407.001: [GC (Allocation Failure) [PSYoungGen: 434336K->97952K(497152K)] 1428998K->1222918K(1895424K), 0.0770931 secs] [Times: user=0.46 sys=0.00, real=0.08 secs] 
4409.693: [GC (Allocation Failure) [PSYoungGen: 400544K->137072K(497152K)] 1525510K->1357880K(1895424K), 0.0558246 secs] [Times: user=0.33 sys=0.01, real=0.06 secs] 
4409.749: [Full GC (Ergonomics) [PSYoungGen: 137072K->0K(497152K)] [ParOldGen: 1220807K->164295K(1398272K)] 1357880K->164295K(1895424K), [Metaspace: 60496K->60496K(1105920K)], 0.3751020 secs] [Times: user=1.71 sys=0.00, real=0.37 secs] 
4411.292: [GC (Allocation Failure) [PSYoungGen: 302592K->105024K(497664K)] 466887K->269319K(1895936K), 0.0381568 secs] [Times: user=0.23 sys=0.00, real=0.04 secs] 
4414.064: [GC (Allocation Failure) [PSYoungGen: 416320K->138784K(500224K)] 580615K->406652K(1898496K), 0.0611541 secs] [Times: user=0.37 sys=0.00, real=0.07 secs] 
4416.597: [GC (Allocation Failure) [PSYoungGen: 450080K->108544K(501760K)] 717948K->505652K(1900032K), 0.0650165 secs] [Times: user=0.39 sys=0.00, real=0.06 secs] 
4419.411: [GC (Allocation Failure) [PSYoungGen: 429568K->141216K(505856K)] 826676K->645697K(1904128K), 0.0589138 secs] [Times: user=0.35 sys=0.00, real=0.06 secs] 
4421.095: [GC (Allocation Failure) [PSYoungGen: 462240K->111184K(506880K)] 966721K->747418K(1905152K), 0.0666036 secs] [Times: user=0.39 sys=0.00, real=0.06 secs] 
4423.522: [GC (Allocation Failure) [PSYoungGen: 439376K->147168K(509952K)] 1075610K->892726K(1908224K), 0.0582874 secs] [Times: user=0.35 sys=0.00, real=0.06 secs] 
4426.008: [GC (Allocation Failure) [PSYoungGen: 475360K->112464K(513024K)] 1220918K->995679K(1911296K), 0.0683717 secs] [Times: user=0.40 sys=0.00, real=0.07 secs] 
4428.128: [GC (Allocation Failure) [PSYoungGen: 444752K->152256K(484864K)] 1327967K->1145743K(1883136K), 0.0561849 secs] [Times: user=0.33 sys=0.00, real=0.06 secs] 
4430.850: [GC (Allocation Failure) [PSYoungGen: 484544K->111936K(516608K)] 1478031K->1248363K(1914880K), 0.0734122 secs] [Times: user=0.43 sys=0.00, real=0.07 secs] 
4432.501: [GC (Allocation Failure) [PSYoungGen: 442688K->151600K(482816K)] 1579115K->1396432K(1881088K), 0.0554008 secs] [Times: user=0.33 sys=0.00, real=0.06 secs] 
4432.557: [Full GC (Ergonomics) [PSYoungGen: 151600K->0K(482816K)] [ParOldGen: 1244832K->194916K(1398272K)] 1396432K->194916K(1881088K), [Metaspace: 60496K->60496K(1105920K)], 0.4675699 secs] [Times: user=2.19 sys=0.00, real=0.47 secs] 
4436.839: [GC (Allocation Failure) [PSYoungGen: 330752K->108160K(515072K)] 525668K->303076K(1913344K), 0.1046633 secs] [Times: user=0.62 sys=0.00, real=0.10 secs] 
4437.736: [GC (Allocation Failure) [PSYoungGen: 420509K->146016K(512512K)] 615425K->445177K(1910784K), 0.0545484 secs] [Times: user=0.32 sys=0.00, real=0.05 secs] 
4440.534: [GC (Allocation Failure) [PSYoungGen: 474720K->111376K(510976K)] 773881K->547693K(1909248K), 0.1599798 secs] [Times: user=0.94 sys=0.01, real=0.16 secs] 
4441.738: [GC (Allocation Failure) [PSYoungGen: 440592K->154784K(484352K)] 876909K->698276K(1882624K), 0.0539117 secs] [Times: user=0.32 sys=0.00, real=0.05 secs] 
4444.791: [GC (Allocation Failure) [PSYoungGen: 484000K->102272K(512512K)] 1027492K->799664K(1910784K), 0.1596719 secs] [Times: user=0.94 sys=0.00, real=0.16 secs] 
4445.695: [GC (Allocation Failure) [PSYoungGen: 426880K->158240K(483328K)] 1124272K->951633K(1881600K), 0.0576612 secs] [Times: user=0.34 sys=0.00, real=0.05 secs] 
4449.512: [GC (Allocation Failure) [PSYoungGen: 482848K->96752K(507392K)] 1276241K->1048042K(1905664K), 0.1396568 secs] [Times: user=0.83 sys=0.00, real=0.14 secs] 
4450.523: [GC (Allocation Failure) [PSYoungGen: 412144K->153680K(469504K)] 1363434K->1195190K(1867776K), 0.0991517 secs] [Times: user=0.59 sys=0.00, real=0.10 secs] 
4454.857: [GC (Allocation Failure) [PSYoungGen: 469072K->91056K(503808K)] 1510582K->1286078K(1902080K), 0.1574469 secs] [Times: user=0.94 sys=0.00, real=0.16 secs] 
4455.245: [GC (Allocation Failure) [PSYoungGen: 399792K->150624K(459776K)] 1594814K->1430839K(1858048K), 0.0560606 secs] [Times: user=0.33 sys=0.00, real=0.05 secs] 
4455.301: [Full GC (Ergonomics) [PSYoungGen: 150624K->0K(459776K)] [ParOldGen: 1280215K->228586K(1398272K)] 1430839K->228586K(1858048K), [Metaspace: 60498K->60498K(1105920K)], 0.5431290 secs] [Times: user=2.55 sys=0.00, real=0.55 secs] 
4460.064: [GC (Allocation Failure) [PSYoungGen: 308736K->88448K(501760K)] 537322K->317035K(1900032K), 0.0985194 secs] [Times: user=0.58 sys=0.00, real=0.10 secs] 
4460.448: [GC (Allocation Failure) [PSYoungGen: 392576K->147680K(452096K)] 621163K->458544K(1850368K), 0.0526126 secs] [Times: user=0.31 sys=0.00, real=0.05 secs] 
4463.771: [GC (Allocation Failure) [PSYoungGen: 451808K->87520K(500736K)] 762672K->545720K(1899008K), 0.1649506 secs] [Times: user=0.98 sys=0.00, real=0.17 secs] 
4464.649: [GC (Allocation Failure) [PSYoungGen: 389600K->144688K(500224K)] 847800K->684506K(1898496K), 0.0517491 secs] [Times: user=0.30 sys=0.00, real=0.05 secs] 
4468.928: [GC (Allocation Failure) [PSYoungGen: 446768K->87776K(499200K)] 986586K->771629K(1897472K), 0.1688571 secs] [Times: user=1.00 sys=0.01, real=0.17 secs] 
4470.288: [GC (Allocation Failure) [PSYoungGen: 389856K->143184K(499712K)] 1073709K->910699K(1897984K), 0.0491226 secs] [Times: user=0.29 sys=0.00, real=0.05 secs] 
4472.000: [GC (Allocation Failure) [PSYoungGen: 445264K->97344K(495616K)] 1212779K->998978K(1893888K), 0.0632275 secs] [Times: user=0.37 sys=0.00, real=0.06 secs] 
4475.292: [GC (Allocation Failure) [PSYoungGen: 400448K->139152K(498176K)] 1302082K->1134144K(1896448K), 0.0482867 secs] [Times: user=0.29 sys=0.01, real=0.05 secs] 
4476.501: [GC (Allocation Failure) [PSYoungGen: 442256K->100832K(496128K)] 1437248K->1225739K(1894400K), 0.0631202 secs] [Times: user=0.38 sys=0.00, real=0.06 secs] 
4480.068: [GC (Allocation Failure) [PSYoungGen: 410080K->140576K(500224K)] 1534987K->1363948K(1898496K), 0.0531267 secs] [Times: user=0.32 sys=0.00, real=0.05 secs] 
4480.121: [Full GC (Ergonomics) [PSYoungGen: 140576K->0K(500224K)] [ParOldGen: 1223372K->172924K(1398272K)] 1363948K->172924K(1898496K), [Metaspace: 60500K->60500K(1105920K)], 0.4091240 secs] [Times: user=1.89 sys=0.00, real=0.41 secs] 
4481.573: [GC (Allocation Failure) [PSYoungGen: 309248K->107152K(500224K)] 482172K->280077K(1898496K), 0.0362603 secs] [Times: user=0.22 sys=0.00, real=0.04 secs] 
4483.633: [GC (Allocation Failure) [PSYoungGen: 423568K->143296K(503808K)] 596493K->421166K(1902080K), 0.0548849 secs] [Times: user=0.32 sys=0.00, real=0.06 secs] 
4486.008: [GC (Allocation Failure) [PSYoungGen: 459712K->108640K(504832K)] 737582K->520458K(1903104K), 0.0657777 secs] [Times: user=0.39 sys=0.00, real=0.06 secs] 
4488.321: [GC (Allocation Failure) [PSYoungGen: 431200K->147232K(507392K)] 843018K->665391K(1905664K), 0.0539359 secs] [Times: user=0.32 sys=0.00, real=0.06 secs] 
4491.453: [GC (Allocation Failure) [PSYoungGen: 469792K->105488K(510976K)] 987951K->761676K(1909248K), 0.0661930 secs] [Times: user=0.39 sys=0.00, real=0.07 secs] 
4493.188: [GC (Allocation Failure) [PSYoungGen: 431632K->147552K(510976K)] 1087820K->906696K(1909248K), 0.0526023 secs] [Times: user=0.31 sys=0.00, real=0.05 secs] 
4494.718: [GC (Allocation Failure) [PSYoungGen: 473696K->113152K(508928K)] 1232840K->1010296K(1907200K), 0.0872576 secs] [Times: user=0.52 sys=0.00, real=0.09 secs] 
4496.208: [GC (Allocation Failure) [PSYoungGen: 439296K->153264K(509952K)] 1336440K->1159973K(1908224K), 0.0556080 secs] [Times: user=0.32 sys=0.00, real=0.05 secs] 
4498.647: [GC (Allocation Failure) [PSYoungGen: 479408K->112224K(511488K)] 1486117K->1263465K(1909760K), 0.1637336 secs] [Times: user=0.98 sys=0.00, real=0.16 secs] 
4499.684: [GC (Allocation Failure) [PSYoungGen: 437856K->154080K(479744K)] 1589097K->1412990K(1878016K), 0.0550406 secs] [Times: user=0.32 sys=0.00, real=0.06 secs] 
4499.739: [Full GC (Ergonomics) [PSYoungGen: 154080K->0K(479744K)] [ParOldGen: 1258909K->211777K(1398272K)] 1412990K->211777K(1878016K), [Metaspace: 60506K->60506K(1105920K)], 0.4842288 secs] [Times: user=2.25 sys=0.00, real=0.48 secs] 
4503.612: [GC (Allocation Failure) [PSYoungGen: 325632K->97920K(510464K)] 537409K->309697K(1908736K), 0.1493098 secs] [Times: user=0.89 sys=0.00, real=0.15 secs] 
4504.307: [GC (Allocation Failure) [PSYoungGen: 418944K->153216K(474624K)] 630721K->456622K(1872896K), 0.0551523 secs] [Times: user=0.32 sys=0.00, real=0.05 secs] 
4507.977: [GC (Allocation Failure) [PSYoungGen: 474240K->103648K(508416K)] 777646K->559146K(1906688K), 0.1668883 secs] [Times: user=1.00 sys=0.00, real=0.17 secs] 
4508.383: [GC (Allocation Failure) [PSYoungGen: 419552K->152880K(468992K)] 875050K->701636K(1867264K), 0.0569476 secs] [Times: user=0.34 sys=0.00, real=0.06 secs] 
4511.189: [GC (Allocation Failure) [PSYoungGen: 468784K->94528K(505856K)] 1017540K->795659K(1904128K), 0.1500590 secs] [Times: user=0.89 sys=0.00, real=0.15 secs] 
4511.753: [GC (Allocation Failure) [PSYoungGen: 406336K->152160K(464384K)] 1107467K->941988K(1862656K), 0.0738746 secs] [Times: user=0.44 sys=0.00, real=0.08 secs] 
4517.600: [GC (Allocation Failure) [PSYoungGen: 463968K->87520K(502272K)] 1253796K->1029272K(1900544K), 0.1620902 secs] [Times: user=0.97 sys=0.00, real=0.16 secs] 
4518.309: [GC (Allocation Failure) [PSYoungGen: 393184K->148608K(454656K)] 1334936K->1171605K(1852928K), 0.0544292 secs] [Times: user=0.32 sys=0.00, real=0.05 secs] 
4521.668: [GC (Allocation Failure) [PSYoungGen: 454272K->88496K(501248K)] 1477269K->1259678K(1899520K), 0.1821161 secs] [Times: user=1.08 sys=0.00, real=0.18 secs] 
4522.712: [GC (Allocation Failure) [PSYoungGen: 375987K->136752K(439808K)] 1547169K->1390507K(1838080K), 0.0492923 secs] [Times: user=0.29 sys=0.00, real=0.05 secs] 
4522.761: [Full GC (Ergonomics) [PSYoungGen: 136752K->0K(439808K)] [ParOldGen: 1253754K->197742K(1398272K)] 1390507K->197742K(1838080K), [Metaspace: 60509K->60509K(1105920K)], 0.4625142 secs] [Times: user=2.14 sys=0.00, real=0.46 secs] 
4525.291: [GC (Allocation Failure) [PSYoungGen: 302592K->99008K(501248K)] 500334K->296750K(1899520K), 0.0958152 secs] [Times: user=0.56 sys=0.01, real=0.10 secs] 
4527.230: [GC (Allocation Failure) [PSYoungGen: 404672K->142704K(498176K)] 602414K->435388K(1896448K), 0.0478346 secs] [Times: user=0.29 sys=0.00, real=0.05 secs] 
4528.524: [GC (Allocation Failure) [PSYoungGen: 448368K->102080K(501248K)] 741052K->528351K(1899520K), 0.0701845 secs] [Times: user=0.42 sys=0.00, real=0.07 secs] 
4530.611: [GC (Allocation Failure) [PSYoungGen: 414912K->144672K(502784K)] 841183K->669516K(1901056K), 0.0509528 secs] [Times: user=0.30 sys=0.00, real=0.05 secs] 
4531.791: [GC (GCLocker Initiated GC) [PSYoungGen: 457504K->106592K(502784K)] 982348K->766516K(1901056K), 0.0895320 secs] [Times: user=0.53 sys=0.00, real=0.09 secs] 
4532.950: [GC (Allocation Failure) [PSYoungGen: 423520K->149840K(504832K)] 1083447K->912773K(1903104K), 0.0530434 secs] [Times: user=0.32 sys=0.00, real=0.05 secs] 
4534.420: [GC (Allocation Failure) [PSYoungGen: 466768K->106112K(507904K)] 1229701K->1009760K(1906176K), 0.1183691 secs] [Times: user=0.70 sys=0.01, real=0.12 secs] 
4537.559: [GC (Allocation Failure) [PSYoungGen: 425088K->148128K(507392K)] 1328736K->1153789K(1905664K), 0.0530915 secs] [Times: user=0.32 sys=0.00, real=0.05 secs] 
4539.194: [GC (Allocation Failure) [PSYoungGen: 467104K->103136K(507904K)] 1472765K->1248121K(1906176K), 0.1015604 secs] [Times: user=0.61 sys=0.00, real=0.10 secs] 
4541.984: [GC (Allocation Failure) [PSYoungGen: 422624K->148144K(507904K)] 1567609K->1392094K(1906176K), 0.0532504 secs] [Times: user=0.31 sys=0.00, real=0.05 secs] 
4542.038: [Full GC (Ergonomics) [PSYoungGen: 148144K->0K(507904K)] [ParOldGen: 1243950K->191239K(1398272K)] 1392094K->191239K(1906176K), [Metaspace: 60509K->60509K(1105920K)], 0.4442945 secs] [Times: user=2.05 sys=0.00, real=0.44 secs] 
4544.872: [GC (Allocation Failure) [PSYoungGen: 319488K->106480K(506880K)] 510727K->297719K(1905152K), 0.0922852 secs] [Times: user=0.55 sys=0.00, real=0.09 secs] 
4546.555: [GC (Allocation Failure) [PSYoungGen: 425968K->149984K(507392K)] 617207K->443684K(1905664K), 0.0519341 secs] [Times: user=0.30 sys=0.00, real=0.05 secs] 
4549.899: [GC (Allocation Failure) [PSYoungGen: 469472K->105936K(507904K)] 763172K->540660K(1906176K), 0.1790758 secs] [Times: user=1.07 sys=0.00, real=0.18 secs] 
4551.930: [GC (Allocation Failure) [PSYoungGen: 420180K->146832K(507904K)] 854904K->683081K(1906176K), 0.0505702 secs] [Times: user=0.30 sys=0.00, real=0.05 secs] 
4554.196: [GC (Allocation Failure) [PSYoungGen: 466832K->106912K(506880K)] 1003081K->780804K(1905152K), 0.1375344 secs] [Times: user=0.82 sys=0.01, real=0.13 secs] 
4555.468: [GC (Allocation Failure) [PSYoungGen: 421306K->144624K(507904K)] 1095198K->921506K(1906176K), 0.0514217 secs] [Times: user=0.31 sys=0.00, real=0.05 secs] 
4560.399: [GC (Allocation Failure) [PSYoungGen: 465648K->102080K(509440K)] 1242530K->1014173K(1907712K), 0.1644189 secs] [Times: user=0.97 sys=0.02, real=0.16 secs] 
4561.727: [GC (Allocation Failure) [PSYoungGen: 422715K->148880K(472576K)] 1334808K->1159375K(1870848K), 0.0510292 secs] [Times: user=0.30 sys=0.00, real=0.05 secs] 
4564.618: [GC (Allocation Failure) [PSYoungGen: 472464K->105664K(512512K)] 1482959K->1256086K(1910784K), 0.1497144 secs] [Times: user=0.88 sys=0.00, real=0.15 secs] 
4565.967: [GC (Allocation Failure) [PSYoungGen: 415082K->145616K(509440K)] 1565505K->1397644K(1907712K), 0.0548443 secs] [Times: user=0.33 sys=0.00, real=0.05 secs] 
4566.022: [Full GC (Ergonomics) [PSYoungGen: 145616K->0K(509440K)] [ParOldGen: 1252027K->197415K(1398272K)] 1397644K->197415K(1907712K), [Metaspace: 60510K->60510K(1105920K)], 0.4746371 secs] [Times: user=2.21 sys=0.00, real=0.48 secs] 
4569.910: [GC (Allocation Failure) [PSYoungGen: 323072K->104640K(509440K)] 520487K->302055K(1907712K), 0.0991891 secs] [Times: user=0.58 sys=0.00, real=0.10 secs] 
4571.370: [GC (Allocation Failure) [PSYoungGen: 423241K->147328K(509952K)] 620656K->445244K(1908224K), 0.0497044 secs] [Times: user=0.29 sys=0.00, real=0.05 secs] 
4575.455: [GC (Allocation Failure) [PSYoungGen: 471424K->106208K(509440K)] 769340K->542184K(1907712K), 0.1650533 secs] [Times: user=0.99 sys=0.01, real=0.16 secs] 
4576.753: [GC (Allocation Failure) [PSYoungGen: 430816K->154000K(478720K)] 866792K->691610K(1876992K), 0.0521825 secs] [Times: user=0.31 sys=0.00, real=0.06 secs] 
4579.522: [GC (Allocation Failure) [PSYoungGen: 478608K->98688K(509952K)] 1016218K->789725K(1908224K), 0.1666172 secs] [Times: user=0.99 sys=0.00, real=0.17 secs] 
4580.148: [GC (Allocation Failure) [PSYoungGen: 418176K->153440K(473088K)] 1109213K->937466K(1871360K), 0.0565951 secs] [Times: user=0.34 sys=0.00, real=0.06 secs] 
4583.523: [GC (Allocation Failure) [PSYoungGen: 472928K->95856K(506880K)] 1256954K->1032611K(1905152K), 0.1648365 secs] [Times: user=0.97 sys=0.01, real=0.17 secs] 
4584.937: [GC (Allocation Failure) [PSYoungGen: 409712K->150880K(464896K)] 1346467K->1176695K(1863168K), 0.1261834 secs] [Times: user=0.75 sys=0.00, real=0.12 secs] 
4589.470: [GC (Allocation Failure) [PSYoungGen: 464736K->91552K(504320K)] 1490551K->1267711K(1902592K), 0.1578422 secs] [Times: user=0.94 sys=0.00, real=0.16 secs] 
4590.341: [GC (Allocation Failure) [PSYoungGen: 400800K->150272K(459776K)] 1576959K->1411770K(1858048K), 0.0539878 secs] [Times: user=0.32 sys=0.00, real=0.06 secs] 
4590.395: [Full GC (Ergonomics) [PSYoungGen: 150272K->0K(459776K)] [ParOldGen: 1261498K->210540K(1398272K)] 1411770K->210540K(1858048K), [Metaspace: 60510K->60510K(1105920K)], 0.4929967 secs] [Times: user=2.30 sys=0.00, real=0.49 secs] 
4594.714: [GC (Allocation Failure) [PSYoungGen: 309248K->93680K(503296K)] 519788K->304220K(1901568K), 0.1540734 secs] [Times: user=0.91 sys=0.00, real=0.15 secs] 
4595.817: [GC (Allocation Failure) [PSYoungGen: 386014K->138656K(444928K)] 596555K->436669K(1843200K), 0.0488748 secs] [Times: user=0.29 sys=0.00, real=0.05 secs] 
4597.549: [GC (Allocation Failure) [PSYoungGen: 444832K->100176K(502784K)] 742845K->528297K(1901056K), 0.1013430 secs] [Times: user=0.60 sys=0.00, real=0.10 secs] 
4600.559: [GC (Allocation Failure) [PSYoungGen: 408912K->141744K(500224K)] 837033K->665922K(1898496K), 0.0494962 secs] [Times: user=0.29 sys=0.00, real=0.05 secs] 
4602.414: [GC (Allocation Failure) [PSYoungGen: 450480K->102688K(503296K)] 974658K->759838K(1901568K), 0.0637758 secs] [Times: user=0.38 sys=0.00, real=0.06 secs] 
4605.312: [GC (Allocation Failure) [PSYoungGen: 418080K->144736K(504320K)] 1075230K->901074K(1902592K), 0.0513819 secs] [Times: user=0.30 sys=0.00, real=0.05 secs] 
4607.026: [GC (Allocation Failure) [PSYoungGen: 460128K->104880K(505344K)] 1216466K->996915K(1903616K), 0.0655707 secs] [Times: user=0.39 sys=0.00, real=0.06 secs] 
4609.019: [GC (Allocation Failure) [PSYoungGen: 424368K->149632K(506880K)] 1316403K->1142543K(1905152K), 0.0524251 secs] [Times: user=0.31 sys=0.00, real=0.05 secs] 
4610.910: [GC (Allocation Failure) [PSYoungGen: 469120K->108128K(506880K)] 1462031K->1241327K(1905152K), 0.1221195 secs] [Times: user=0.72 sys=0.00, real=0.12 secs] 
4612.917: [GC (Allocation Failure) [PSYoungGen: 428640K->148032K(507392K)] 1561839K->1385792K(1905664K), 0.0545820 secs] [Times: user=0.32 sys=0.00, real=0.05 secs] 
4612.972: [Full GC (Ergonomics) [PSYoungGen: 148032K->0K(507392K)] [ParOldGen: 1237760K->192244K(1398272K)] 1385792K->192244K(1905664K), [Metaspace: 60510K->60510K(1105920K)], 0.4563691 secs] [Times: user=2.12 sys=0.00, real=0.46 secs] 
4615.838: [GC (Allocation Failure) [PSYoungGen: 320512K->106464K(508928K)] 512756K->298708K(1907200K), 0.0643759 secs] [Times: user=0.38 sys=0.00, real=0.06 secs] 
4617.364: [GC (Allocation Failure) [PSYoungGen: 427306K->150784K(473088K)] 619551K->445551K(1871360K), 0.0510570 secs] [Times: user=0.31 sys=0.00, real=0.05 secs] 
4620.906: [GC (Allocation Failure) [PSYoungGen: 472832K->100448K(510464K)] 767599K->537576K(1908736K), 0.1494661 secs] [Times: user=0.89 sys=0.00, real=0.15 secs] 
4622.531: [GC (Allocation Failure) [PSYoungGen: 419755K->151072K(471552K)] 856883K->684300K(1869824K), 0.0505279 secs] [Times: user=0.30 sys=0.00, real=0.05 secs] 
4624.958: [GC (Allocation Failure) [PSYoungGen: 471072K->107296K(509952K)] 1004300K->782880K(1908224K), 0.1664349 secs] [Times: user=0.99 sys=0.00, real=0.17 secs] 
4626.049: [GC (Allocation Failure) [PSYoungGen: 413513K->143344K(506880K)] 1089098K->922558K(1905152K), 0.0512681 secs] [Times: user=0.30 sys=0.00, real=0.05 secs] 
4628.818: [GC (Allocation Failure) [PSYoungGen: 461296K->103520K(507392K)] 1240510K->1017401K(1905664K), 0.1749676 secs] [Times: user=1.03 sys=0.01, real=0.17 secs] 
4629.948: [GC (Allocation Failure) [PSYoungGen: 417477K->147616K(507392K)] 1331358K->1161114K(1905664K), 0.0505164 secs] [Times: user=0.30 sys=0.00, real=0.05 secs] 
4632.432: [GC (Allocation Failure) [PSYoungGen: 468128K->104128K(509440K)] 1481626K->1256418K(1907712K), 0.1609182 secs] [Times: user=0.95 sys=0.01, real=0.16 secs] 
4634.672: [GC (Allocation Failure) [PSYoungGen: 422334K->147776K(509440K)] 1574625K->1399759K(1907712K), 0.0510749 secs] [Times: user=0.30 sys=0.00, real=0.05 secs] 
4634.723: [Full GC (Ergonomics) [PSYoungGen: 147776K->0K(509440K)] [ParOldGen: 1251983K->197558K(1398272K)] 1399759K->197558K(1907712K), [Metaspace: 60510K->60510K(1105920K)], 0.4658218 secs] [Times: user=2.15 sys=0.00, real=0.47 secs] 
4637.461: [GC (Allocation Failure) [PSYoungGen: 322560K->106192K(509440K)] 520118K->303750K(1907712K), 0.1018468 secs] [Times: user=0.60 sys=0.01, real=0.10 secs] 
4638.934: [GC (Allocation Failure) [PSYoungGen: 415723K->144672K(509440K)] 613281K->444379K(1907712K), 0.0499683 secs] [Times: user=0.29 sys=0.00, real=0.04 secs] 
4642.289: [GC (Allocation Failure) [PSYoungGen: 467232K->103648K(508928K)] 766939K->539499K(1907200K), 0.1696171 secs] [Times: user=1.02 sys=0.00, real=0.17 secs] 
4643.915: [GC (Allocation Failure) [PSYoungGen: 420872K->147776K(509952K)] 856723K->683175K(1908224K), 0.0500343 secs] [Times: user=0.30 sys=0.01, real=0.05 secs] 
4646.905: [GC (Allocation Failure) [PSYoungGen: 471872K->103792K(510464K)] 1007271K->778288K(1908736K), 0.1592909 secs] [Times: user=0.95 sys=0.00, real=0.15 secs] 
4648.570: [GC (Allocation Failure) [PSYoungGen: 417171K->147968K(510464K)] 1091667K->921708K(1908736K), 0.0503579 secs] [Times: user=0.30 sys=0.00, real=0.05 secs] 
4651.460: [GC (Allocation Failure) [PSYoungGen: 472576K->106320K(510464K)] 1246316K->1019401K(1908736K), 0.1764768 secs] [Times: user=1.04 sys=0.01, real=0.18 secs] 
4652.798: [GC (Allocation Failure) [PSYoungGen: 415676K->145280K(510464K)] 1328757K->1160085K(1908736K), 0.0513604 secs] [Times: user=0.30 sys=0.00, real=0.05 secs] 
4655.416: [GC (Allocation Failure) [PSYoungGen: 469888K->106784K(509440K)] 1484693K->1258021K(1907712K), 0.1461742 secs] [Times: user=0.87 sys=0.00, real=0.14 secs] 
4657.038: [GC (Allocation Failure) [PSYoungGen: 432416K->153952K(479744K)] 1583653K->1407758K(1878016K), 0.0529494 secs] [Times: user=0.32 sys=0.00, real=0.05 secs] 
4657.091: [Full GC (Ergonomics) [PSYoungGen: 153952K->0K(479744K)] [ParOldGen: 1253806K->206896K(1398272K)] 1407758K->206896K(1878016K), [Metaspace: 60511K->60511K(1105920K)], 0.4669146 secs] [Times: user=2.16 sys=0.00, real=0.47 secs] 
4661.029: [GC (Allocation Failure) [PSYoungGen: 325632K->97264K(510464K)] 532528K->304161K(1908736K), 0.1524291 secs] [Times: user=0.91 sys=0.00, real=0.15 secs] 
4661.943: [GC (Allocation Failure) [PSYoungGen: 418288K->154512K(475648K)] 625185K->452539K(1873920K), 0.0554668 secs] [Times: user=0.33 sys=0.00, real=0.06 secs] 
4666.128: [GC (Allocation Failure) [PSYoungGen: 475536K->93727K(506368K)] 773563K->545773K(1904640K), 0.1614283 secs] [Times: user=0.96 sys=0.00, real=0.16 secs] 
4667.424: [GC (Allocation Failure) [PSYoungGen: 406559K->149312K(462336K)] 858605K->689207K(1860608K), 0.0547612 secs] [Times: user=0.32 sys=0.01, real=0.06 secs] 
4670.065: [GC (Allocation Failure) [PSYoungGen: 462144K->93200K(504832K)] 1002039K->781896K(1903104K), 0.1395836 secs] [Times: user=0.83 sys=0.01, real=0.14 secs] 
4671.064: [GC (Allocation Failure) [PSYoungGen: 402960K->148816K(458752K)] 1091656K->924545K(1857024K), 0.0818274 secs] [Times: user=0.49 sys=0.00, real=0.09 secs] 
4675.474: [GC (Allocation Failure) [PSYoungGen: 458576K->92128K(503808K)] 1234305K->1016484K(1902080K), 0.1687567 secs] [Times: user=1.01 sys=0.00, real=0.16 secs] 
4676.887: [GC (Allocation Failure) [PSYoungGen: 393726K->139200K(446976K)] 1318082K->1151657K(1845248K), 0.0508998 secs] [Times: user=0.30 sys=0.00, real=0.05 secs] 
4679.048: [GC (Allocation Failure) [PSYoungGen: 446912K->100112K(504832K)] 1459369K->1242849K(1903104K), 0.1368150 secs] [Times: user=0.81 sys=0.00, real=0.14 secs] 
4680.841: [GC (Allocation Failure) [PSYoungGen: 410896K->147200K(501760K)] 1553633K->1386128K(1900032K), 0.0508678 secs] [Times: user=0.30 sys=0.01, real=0.05 secs] 
4680.892: [Full GC (Ergonomics) [PSYoungGen: 147200K->0K(501760K)] [ParOldGen: 1238928K->193606K(1398272K)] 1386128K->193606K(1900032K), [Metaspace: 60511K->60511K(1105920K)], 0.4560996 secs] [Times: user=2.11 sys=0.00, real=0.46 secs] 
4682.612: [GC (Allocation Failure) [PSYoungGen: 310784K->102544K(504320K)] 504390K->296151K(1902592K), 0.0443001 secs] [Times: user=0.26 sys=0.01, real=0.05 secs] 
4685.732: [GC (Allocation Failure) [PSYoungGen: 416912K->144928K(504832K)] 610519K->437099K(1903104K), 0.0501821 secs] [Times: user=0.30 sys=0.00, real=0.05 secs] 
4687.419: [GC (Allocation Failure) [PSYoungGen: 459296K->103792K(503808K)] 751467K->531660K(1902080K), 0.0864009 secs] [Times: user=0.51 sys=0.00, real=0.09 secs] 
4689.804: [GC (Allocation Failure) [PSYoungGen: 420208K->157152K(473600K)] 848076K->684568K(1871872K), 0.0513647 secs] [Times: user=0.30 sys=0.00, real=0.05 secs] 
4691.300: [GC (Allocation Failure) [PSYoungGen: 473568K->104832K(507392K)] 1000984K->771872K(1905664K), 0.1086945 secs] [Times: user=0.65 sys=0.00, real=0.11 secs] 
4694.696: [GC (Allocation Failure) [PSYoungGen: 417152K->152288K(464896K)] 1084192K->920453K(1863168K), 0.0526093 secs] [Times: user=0.31 sys=0.00, real=0.05 secs] 
4696.050: [GC (Allocation Failure) [PSYoungGen: 464608K->105120K(506368K)] 1232773K->1008381K(1904640K), 0.1003323 secs] [Times: user=0.59 sys=0.00, real=0.10 secs] 
4699.115: [GC (Allocation Failure) [PSYoungGen: 415904K->141536K(452608K)] 1319165K->1146161K(1850880K), 0.0515177 secs] [Times: user=0.31 sys=0.00, real=0.05 secs] 
4700.905: [GC (Allocation Failure) [PSYoungGen: 452320K->105280K(505856K)] 1456945K->1242137K(1904128K), 0.0840446 secs] [Times: user=0.50 sys=0.00, real=0.08 secs] 
4703.626: [GC (Allocation Failure) [PSYoungGen: 419136K->145536K(502784K)] 1555993K->1384574K(1901056K), 0.0547298 secs] [Times: user=0.33 sys=0.00, real=0.05 secs] 
4703.680: [Full GC (Ergonomics) [PSYoungGen: 145536K->0K(502784K)] [ParOldGen: 1239038K->184442K(1398272K)] 1384574K->184442K(1901056K), [Metaspace: 60511K->60511K(1105920K)], 0.4324819 secs] [Times: user=2.00 sys=0.00, real=0.43 secs] 
4706.282: [GC (Allocation Failure) [PSYoungGen: 313856K->102560K(506368K)] 498298K->287002K(1904640K), 0.0325807 secs] [Times: user=0.19 sys=0.00, real=0.04 secs] 
4709.629: [GC (Allocation Failure) [PSYoungGen: 422048K->145248K(507392K)] 606490K->429287K(1905664K), 0.0510823 secs] [Times: user=0.30 sys=0.00, real=0.05 secs] 
4711.276: [GC (Allocation Failure) [PSYoungGen: 464736K->108224K(506368K)] 748775K->528319K(1904640K), 0.0737289 secs] [Times: user=0.44 sys=0.00, real=0.07 secs] 
4713.444: [GC (Allocation Failure) [PSYoungGen: 429760K->149536K(507904K)] 849855K->674820K(1906176K), 0.0534481 secs] [Times: user=0.32 sys=0.00, real=0.06 secs] 
4715.866: [GC (Allocation Failure) [PSYoungGen: 471072K->105408K(509952K)] 996356K->771552K(1908224K), 0.0973091 secs] [Times: user=0.58 sys=0.00, real=0.09 secs] 
4718.748: [GC (Allocation Failure) [PSYoungGen: 427968K->151232K(474112K)] 1094112K->918741K(1872384K), 0.0525762 secs] [Times: user=0.31 sys=0.00, real=0.05 secs] 
4720.967: [GC (Allocation Failure) [PSYoungGen: 473792K->107200K(511488K)] 1241301K->1016813K(1909760K), 0.1749241 secs] [Times: user=1.05 sys=0.00, real=0.17 secs] 
4723.027: [GC (Allocation Failure) [PSYoungGen: 420570K->148512K(508416K)] 1330184K->1160936K(1906688K), 0.0751371 secs] [Times: user=0.44 sys=0.00, real=0.07 secs] 
4726.387: [GC (Allocation Failure) [PSYoungGen: 469536K->106912K(508928K)] 1481960K->1258988K(1907200K), 0.1635770 secs] [Times: user=0.98 sys=0.00, real=0.16 secs] 
4727.535: [GC (Allocation Failure) [PSYoungGen: 420424K->144416K(508928K)] 1572501K->1399537K(1907200K), 0.0520411 secs] [Times: user=0.30 sys=0.00, real=0.05 secs] 
4727.587: [Full GC (Ergonomics) [PSYoungGen: 144416K->0K(508928K)] [ParOldGen: 1255121K->197581K(1398272K)] 1399537K->197581K(1907200K), [Metaspace: 60511K->60511K(1105920K)], 0.4667917 secs] [Times: user=2.16 sys=0.00, real=0.46 secs] 
4730.945: [GC (Allocation Failure) [PSYoungGen: 321536K->103680K(507904K)] 519117K->301261K(1906176K), 0.0938599 secs] [Times: user=0.55 sys=0.00, real=0.09 secs] 
4732.813: [GC (Allocation Failure) [PSYoungGen: 421126K->148288K(509440K)] 618707K->445429K(1907712K), 0.0500968 secs] [Times: user=0.30 sys=0.00, real=0.05 secs] 
4735.203: [GC (Allocation Failure) [PSYoungGen: 471872K->110432K(509440K)] 769013K->546854K(1907712K), 0.1646732 secs] [Times: user=0.98 sys=0.00, real=0.17 secs] 
4736.379: [GC (Allocation Failure) [PSYoungGen: 435040K->149984K(509952K)] 871462K->693038K(1908224K), 0.0788329 secs] [Times: user=0.47 sys=0.00, real=0.08 secs] 
4742.020: [GC (Allocation Failure) [PSYoungGen: 474592K->95264K(510976K)] 1017646K->787246K(1909248K), 0.1634248 secs] [Times: user=0.97 sys=0.00, real=0.16 secs] 
4742.990: [GC (Allocation Failure) [PSYoungGen: 417824K->154048K(476672K)] 1109806K->937415K(1874944K), 0.0556128 secs] [Times: user=0.33 sys=0.00, real=0.06 secs] 
4746.838: [GC (Allocation Failure) [PSYoungGen: 476608K->96336K(507392K)] 1259975K->1033520K(1905664K), 0.1667755 secs] [Times: user=0.99 sys=0.01, real=0.17 secs] 
4747.782: [GC (Allocation Failure) [PSYoungGen: 411216K->152352K(467456K)] 1348400K->1179172K(1865728K), 0.0558633 secs] [Times: user=0.33 sys=0.00, real=0.06 secs] 
4751.144: [GC (Allocation Failure) [PSYoungGen: 467232K->93184K(504832K)] 1494052K->1271848K(1903104K), 0.1727987 secs] [Times: user=1.03 sys=0.01, real=0.18 secs] 
4752.180: [GC (Allocation Failure) [PSYoungGen: 402944K->150688K(460800K)] 1581608K->1415841K(1859072K), 0.0551118 secs] [Times: user=0.32 sys=0.00, real=0.06 secs] 
4752.235: [Full GC (Ergonomics) [PSYoungGen: 150688K->0K(460800K)] [ParOldGen: 1265153K->213460K(1398272K)] 1415841K->213460K(1859072K), [Metaspace: 60516K->60516K(1105920K)], 0.4893803 secs] [Times: user=2.26 sys=0.00, real=0.49 secs] 
4755.574: [GC (Allocation Failure) [PSYoungGen: 309760K->91536K(502784K)] 523220K->304997K(1901056K), 0.1401350 secs] [Times: user=0.83 sys=0.00, real=0.15 secs] 
4756.593: [GC (Allocation Failure) [PSYoungGen: 397200K->148640K(454656K)] 610661K->447426K(1852928K), 0.0530789 secs] [Times: user=0.31 sys=0.00, real=0.06 secs] 
4759.009: [GC (Allocation Failure) [PSYoungGen: 454304K->89952K(501760K)] 753090K->537010K(1900032K), 0.1699385 secs] [Times: user=1.01 sys=0.00, real=0.17 secs] 
4761.185: [GC (Allocation Failure) [PSYoungGen: 390778K->140960K(444928K)] 837837K->674411K(1843200K), 0.1253275 secs] [Times: user=0.74 sys=0.00, real=0.12 secs] 
4763.706: [GC (Allocation Failure) [PSYoungGen: 444576K->99232K(503296K)] 978027K->764771K(1901568K), 0.1711298 secs] [Times: user=1.02 sys=0.00, real=0.17 secs] 
4765.398: [GC (Allocation Failure) [PSYoungGen: 405920K->141088K(500224K)] 1071459K->902332K(1898496K), 0.0651270 secs] [Times: user=0.38 sys=0.00, real=0.06 secs] 
4766.995: [GC (GCLocker Initiated GC) [PSYoungGen: 447776K->103120K(501248K)] 1209020K->996289K(1899520K), 0.0639683 secs] [Times: user=0.38 sys=0.00, real=0.06 secs] 
4769.205: [GC (Allocation Failure) [PSYoungGen: 414928K->143680K(501760K)] 1308148K->1136408K(1900032K), 0.0513487 secs] [Times: user=0.30 sys=0.00, real=0.05 secs] 
4771.849: [GC (Allocation Failure) [PSYoungGen: 455488K->105936K(503296K)] 1448216K->1232821K(1901568K), 0.0662666 secs] [Times: user=0.40 sys=0.00, real=0.07 secs] 
4773.870: [GC (Allocation Failure) [PSYoungGen: 423376K->142096K(505344K)] 1550261K->1372950K(1903616K), 0.1400417 secs] [Times: user=0.83 sys=0.00, real=0.14 secs] 
4774.011: [Full GC (Ergonomics) [PSYoungGen: 142096K->0K(505344K)] [ParOldGen: 1230853K->179461K(1398272K)] 1372950K->179461K(1903616K), [Metaspace: 60529K->60529K(1105920K)], 0.4729006 secs] [Times: user=2.26 sys=0.00, real=0.47 secs] 
4775.953: [GC (Allocation Failure) [PSYoungGen: 317440K->109328K(504320K)] 496901K->288790K(1902592K), 0.0383537 secs] [Times: user=0.23 sys=0.00, real=0.04 secs] 
4778.168: [GC (Allocation Failure) [PSYoungGen: 431888K->147008K(507392K)] 611350K->432266K(1905664K), 0.0538917 secs] [Times: user=0.32 sys=0.00, real=0.05 secs] 
4780.791: [GC (Allocation Failure) [PSYoungGen: 469568K->109152K(509440K)] 754826K->531550K(1907712K), 0.0825616 secs] [Times: user=0.49 sys=0.00, real=0.08 secs] 
4783.010: [GC (Allocation Failure) [PSYoungGen: 435808K->153744K(480768K)] 858206K->681387K(1879040K), 0.0540425 secs] [Times: user=0.31 sys=0.00, real=0.05 secs] 
4786.248: [GC (Allocation Failure) [PSYoungGen: 480400K->106880K(512512K)] 1008043K->778979K(1910784K), 0.1647369 secs] [Times: user=0.98 sys=0.00, real=0.16 secs] 
4787.888: [GC (Allocation Failure) [PSYoungGen: 426469K->148144K(509440K)] 1098569K->922524K(1907712K), 0.0520726 secs] [Times: user=0.31 sys=0.00, real=0.05 secs] 
4791.374: [GC (Allocation Failure) [PSYoungGen: 471216K->107152K(508928K)] 1245596K->1020477K(1907200K), 0.1712483 secs] [Times: user=1.00 sys=0.01, real=0.18 secs] 
4793.613: [GC (Allocation Failure) [PSYoungGen: 422648K->144256K(509440K)] 1335972K->1160475K(1907712K), 0.0524362 secs] [Times: user=0.30 sys=0.01, real=0.06 secs] 
4796.198: [GC (Allocation Failure) [PSYoungGen: 467840K->105728K(509952K)] 1484059K->1257183K(1908224K), 0.1651702 secs] [Times: user=0.98 sys=0.01, real=0.16 secs] 
4797.388: [GC (Allocation Failure) [PSYoungGen: 431872K->155264K(481792K)] 1583327K->1408500K(1880064K), 0.0539040 secs] [Times: user=0.32 sys=0.00, real=0.05 secs] 
4797.442: [Full GC (Ergonomics) [PSYoungGen: 155264K->0K(481792K)] [ParOldGen: 1253236K->207281K(1398272K)] 1408500K->207281K(1880064K), [Metaspace: 60529K->60529K(1105920K)], 0.4560680 secs] [Times: user=2.00 sys=0.00, real=0.46 secs] 
4801.412: [GC (Allocation Failure) [PSYoungGen: 326144K->98688K(509952K)] 533425K->305969K(1908224K), 0.1743044 secs] [Times: user=1.04 sys=0.00, real=0.18 secs] 
4803.481: [GC (Allocation Failure) [PSYoungGen: 418688K->171344K(491520K)] 625969K->470475K(1889792K), 0.0566008 secs] [Times: user=0.34 sys=0.00, real=0.06 secs] 
4807.319: [GC (GCLocker Initiated GC) [PSYoungGen: 491344K->92816K(500224K)] 790475K->546675K(1898496K), 0.1357165 secs] [Times: user=0.80 sys=0.00, real=0.14 secs] 
4808.578: [GC (Allocation Failure) [PSYoungGen: 393360K->161664K(462336K)] 847223K->701895K(1860608K), 0.0531889 secs] [Times: user=0.32 sys=0.00, real=0.05 secs] 
4811.599: [GC (Allocation Failure) [PSYoungGen: 462208K->90320K(495104K)] 1002439K->775500K(1893376K), 0.1740835 secs] [Times: user=1.04 sys=0.00, real=0.17 secs] 
4813.282: [GC (Allocation Failure) [PSYoungGen: 380624K->136448K(427008K)] 1065804K->908092K(1825280K), 0.0562458 secs] [Times: user=0.33 sys=0.00, real=0.06 secs] 
4815.243: [GC (Allocation Failure) [PSYoungGen: 426752K->94592K(492544K)] 1198396K->993376K(1890816K), 0.0609641 secs] [Times: user=0.37 sys=0.00, real=0.07 secs] 
4818.588: [GC (Allocation Failure) [PSYoungGen: 386944K->133536K(490496K)] 1285728K->1124149K(1888768K), 0.0500386 secs] [Times: user=0.30 sys=0.00, real=0.05 secs] 
4820.347: [GC (Allocation Failure) [PSYoungGen: 425888K->99424K(497664K)] 1416501K->1214277K(1895936K), 0.0629494 secs] [Times: user=0.38 sys=0.00, real=0.06 secs] 
4823.565: [GC (Allocation Failure) [PSYoungGen: 402528K->133120K(495104K)] 1517381K->1346053K(1893376K), 0.0645491 secs] [Times: user=0.38 sys=0.00, real=0.06 secs] 
4826.537: [GC (Allocation Failure) [PSYoungGen: 436224K->110880K(502272K)] 1649157K->1447817K(1900544K), 0.0693561 secs] [Times: user=0.38 sys=0.03, real=0.07 secs] 
4826.607: [Full GC (Ergonomics) [PSYoungGen: 110880K->0K(502272K)] [ParOldGen: 1336937K->16419K(1398272K)] 1447817K->16419K(1900544K), [Metaspace: 60529K->59626K(1105920K)], 0.0353163 secs] [Times: user=0.07 sys=0.00, real=0.03 secs] 
4828.950: [GC (Allocation Failure) [PSYoungGen: 316928K->129280K(501248K)] 333347K->145699K(1899520K), 0.0323225 secs] [Times: user=0.19 sys=0.00, real=0.03 secs] 
4830.754: [GC (Allocation Failure) [PSYoungGen: 446208K->2144K(488960K)] 462627K->18719K(1887232K), 0.0015783 secs] [Times: user=0.00 sys=0.00, real=0.01 secs] 
4832.817: [GC (Allocation Failure) [PSYoungGen: 309856K->127968K(503296K)] 326431K->145300K(1901568K), 0.0361116 secs] [Times: user=0.21 sys=0.00, real=0.03 secs] 
4835.553: [GC (Allocation Failure) [PSYoungGen: 435680K->119904K(491008K)] 453012K->255060K(1889280K), 0.0631295 secs] [Times: user=0.37 sys=0.00, real=0.07 secs] 
4837.333: [GC (Allocation Failure) [PSYoungGen: 429664K->122976K(498176K)] 564820K->377872K(1896448K), 0.0720035 secs] [Times: user=0.42 sys=0.00, real=0.08 secs] 
4839.742: [GC (Allocation Failure) [PSYoungGen: 432736K->125216K(502272K)] 687632K->492324K(1900544K), 0.0626938 secs] [Times: user=0.37 sys=0.00, real=0.07 secs] 
4842.720: [GC (Allocation Failure) [PSYoungGen: 451360K->124848K(507904K)] 818468K->617229K(1906176K), 0.0802816 secs] [Times: user=0.45 sys=0.02, real=0.08 secs] 
4844.545: [GC (Allocation Failure) [PSYoungGen: 450992K->1504K(493568K)] 943373K->493916K(1891840K), 0.0019447 secs] [Times: user=0.00 sys=0.00, real=0.00 secs] 
4847.440: [GC (Allocation Failure) [PSYoungGen: 316384K->129584K(444928K)] 808796K->622626K(1843200K), 0.0364297 secs] [Times: user=0.22 sys=0.00, real=0.04 secs] 
4849.211: [GC (Allocation Failure) [PSYoungGen: 444464K->2048K(487936K)] 937506K->495221K(1886208K), 0.0019787 secs] [Times: user=0.01 sys=0.00, real=0.00 secs] 
4851.458: [GC (Allocation Failure) [PSYoungGen: 297472K->123024K(497152K)] 790645K->616198K(1895424K), 0.0366180 secs] [Times: user=0.21 sys=0.00, real=0.04 secs] 
4854.300: [GC (Allocation Failure) [PSYoungGen: 418448K->201184K(434176K)] 911622K->730810K(1832448K), 0.0622776 secs] [Times: user=0.36 sys=0.00, real=0.06 secs] 
4856.780: [GC (Allocation Failure) [PSYoungGen: 434144K->77040K(465920K)] 963770K->606815K(1864192K), 0.0391536 secs] [Times: user=0.23 sys=0.00, real=0.04 secs] 
4857.097: [GC (Allocation Failure) [PSYoungGen: 309951K->111632K(447488K)] 839726K->712518K(1845760K), 0.0451585 secs] [Times: user=0.26 sys=0.00, real=0.04 secs] 
4858.696: [GC (Allocation Failure) [PSYoungGen: 344592K->70416K(456704K)] 945478K->774238K(1854976K), 0.0535060 secs] [Times: user=0.31 sys=0.01, real=0.05 secs] 
4861.493: [GC (GCLocker Initiated GC) [PSYoungGen: 303376K->101808K(449024K)] 1007198K->874347K(1847296K), 0.0648967 secs] [Times: user=0.37 sys=0.00, real=0.07 secs] 
4861.821: [GC (Allocation Failure) [PSYoungGen: 357808K->129728K(464384K)] 1130350K->994661K(1862656K), 0.0694624 secs] [Times: user=0.41 sys=0.00, real=0.07 secs] 
4865.011: [GC (Allocation Failure) [PSYoungGen: 385728K->64384K(483840K)] 1250661K->1058837K(1882112K), 0.1436565 secs] [Times: user=0.85 sys=0.00, real=0.15 secs] 
4866.548: [GC (Allocation Failure) [PSYoungGen: 348032K->137488K(487936K)] 1342485K->1189679K(1886208K), 0.0439583 secs] [Times: user=0.26 sys=0.00, real=0.04 secs] 
4867.740: [GC (Allocation Failure) [PSYoungGen: 421136K->92896K(481792K)] 1473327K->1273802K(1880064K), 0.0620420 secs] [Times: user=0.37 sys=0.00, real=0.06 secs] 
4870.613: [GC (Allocation Failure) [PSYoungGen: 380640K->131328K(486912K)] 1561546K->1401506K(1885184K), 0.0476926 secs] [Times: user=0.28 sys=0.00, real=0.05 secs] 
4870.661: [Full GC (Ergonomics) [PSYoungGen: 131328K->0K(486912K)] [ParOldGen: 1270178K->170332K(1398272K)] 1401506K->170332K(1885184K), [Metaspace: 59626K->59626K(1105920K)], 0.3977746 secs] [Times: user=1.84 sys=0.00, real=0.40 secs] 
4872.644: [GC (Allocation Failure) [PSYoungGen: 287744K->97697K(484864K)] 458076K->268029K(1883136K), 0.0361510 secs] [Times: user=0.21 sys=0.00, real=0.03 secs] 
4875.474: [GC (Allocation Failure) [PSYoungGen: 397729K->129472K(492032K)] 568061K->395745K(1890304K), 0.0676291 secs] [Times: user=0.40 sys=0.00, real=0.07 secs] 
4876.674: [GC (Allocation Failure) [PSYoungGen: 429504K->115072K(494592K)] 695777K->500937K(1892864K), 0.0629531 secs] [Times: user=0.37 sys=0.00, real=0.07 secs] 
4879.011: [GC (Allocation Failure) [PSYoungGen: 429952K->135472K(500736K)] 815817K->636266K(1899008K), 0.0737226 secs] [Times: user=0.43 sys=0.00, real=0.08 secs] 
4881.437: [GC (Allocation Failure) [PSYoungGen: 450352K->122048K(506880K)] 951146K->739146K(1905152K), 0.0638676 secs] [Times: user=0.38 sys=0.00, real=0.06 secs] 
4884.971: [GC (Allocation Failure) [PSYoungGen: 447168K->129840K(508928K)] 1064266K->868619K(1907200K), 0.0752144 secs] [Times: user=0.44 sys=0.00, real=0.08 secs] 
4886.242: [GC (Allocation Failure) [PSYoungGen: 454960K->3024K(491520K)] 1193739K->741867K(1889792K), 0.0026117 secs] [Times: user=0.01 sys=0.00, real=0.01 secs] 
4889.662: [GC (Allocation Failure) [PSYoungGen: 311760K->139648K(448512K)] 1050603K->879583K(1846784K), 0.0371965 secs] [Times: user=0.22 sys=0.00, real=0.04 secs] 
4891.079: [GC (Allocation Failure) [PSYoungGen: 448384K->115968K(505344K)] 1188319K->977551K(1903616K), 0.0631714 secs] [Times: user=0.37 sys=0.00, real=0.06 secs] 
4894.797: [GC (Allocation Failure) [PSYoungGen: 422144K->124224K(430592K)] 1283727K->1101807K(1828864K), 0.0777545 secs] [Times: user=0.46 sys=0.00, real=0.08 secs] 
4896.200: [GC (Allocation Failure) [PSYoungGen: 430400K->124416K(500224K)] 1407983K->1215214K(1898496K), 0.0629634 secs] [Times: user=0.38 sys=0.00, real=0.06 secs] 
4898.286: [GC (Allocation Failure) [PSYoungGen: 433664K->119232K(497152K)] 1524462K->1334454K(1895424K), 0.0827496 secs] [Times: user=0.49 sys=0.00, real=0.08 secs] 
4898.369: [Full GC (Ergonomics) [PSYoungGen: 119232K->0K(497152K)] [ParOldGen: 1215222K->133711K(1398272K)] 1334454K->133711K(1895424K), [Metaspace: 59626K->59622K(1105920K)], 0.2964917 secs] [Times: user=1.34 sys=0.00, real=0.30 secs] 
4900.596: [GC (Allocation Failure) [PSYoungGen: 309248K->129120K(503808K)] 442959K->262831K(1902080K), 0.0472287 secs] [Times: user=0.28 sys=0.01, real=0.04 secs] 
4903.516: [GC (Allocation Failure) [PSYoungGen: 449632K->126160K(503296K)] 583343K->388996K(1901568K), 0.0897175 secs] [Times: user=0.53 sys=0.01, real=0.09 secs] 
4904.737: [GC (Allocation Failure) [PSYoungGen: 446672K->131008K(513536K)] 709508K->501208K(1911808K), 0.0622066 secs] [Times: user=0.37 sys=0.01, real=0.06 secs] 
4907.621: [GC (Allocation Failure) [PSYoungGen: 464320K->129280K(513024K)] 834520K->629968K(1911296K), 0.0725917 secs] [Times: user=0.43 sys=0.00, real=0.08 secs] 
4908.936: [GC (GCLocker Initiated GC) [PSYoungGen: 462592K->3328K(494080K)] 963280K->504100K(1892352K), 0.0035189 secs] [Times: user=0.01 sys=0.00, real=0.00 secs] 
4911.180: [GC (Allocation Failure) [PSYoungGen: 319232K->145824K(461824K)] 820024K->648156K(1860096K), 0.0368948 secs] [Times: user=0.22 sys=0.00, real=0.04 secs] 
4913.001: [GC (Allocation Failure) [PSYoungGen: 461728K->112320K(509440K)] 964060K->742240K(1907712K), 0.0647291 secs] [Times: user=0.38 sys=0.01, real=0.07 secs] 
4914.106: [GC (Allocation Failure) [PSYoungGen: 424128K->138656K(501248K)] 1054048K->880089K(1899520K), 0.0679147 secs] [Times: user=0.40 sys=0.01, real=0.06 secs] 
4916.959: [GC (Allocation Failure) [PSYoungGen: 450464K->109968K(500736K)] 1191897K->981026K(1899008K), 0.0664328 secs] [Times: user=0.39 sys=0.00, real=0.07 secs] 
4919.436: [GC (Allocation Failure) [PSYoungGen: 427408K->139104K(502272K)] 1298466K->1118310K(1900544K), 0.0645133 secs] [Times: user=0.38 sys=0.00, real=0.06 secs] 
4921.384: [GC (Allocation Failure) [PSYoungGen: 456544K->112736K(503296K)] 1435750K->1221398K(1901568K), 0.0668431 secs] [Times: user=0.40 sys=0.01, real=0.07 secs] 
4922.821: [GC (Allocation Failure) [PSYoungGen: 439392K->146976K(507392K)] 1548054K->1366907K(1905664K), 0.0598149 secs] [Times: user=0.35 sys=0.01, real=0.06 secs] 
4922.880: [Full GC (Ergonomics) [PSYoungGen: 146976K->0K(507392K)] [ParOldGen: 1219931K->165806K(1398272K)] 1366907K->165806K(1905664K), [Metaspace: 59622K->59622K(1105920K)], 0.3838206 secs] [Times: user=1.77 sys=0.00, real=0.39 secs] 
4925.287: [GC (Allocation Failure) [PSYoungGen: 326656K->109168K(513024K)] 492462K->274975K(1911296K), 0.0431907 secs] [Times: user=0.25 sys=0.00, real=0.04 secs] 
4928.121: [GC (Allocation Failure) [PSYoungGen: 441456K->149376K(481792K)] 607263K->422373K(1880064K), 0.0560266 secs] [Times: user=0.33 sys=0.00, real=0.06 secs] 
4930.164: [GC (Allocation Failure) [PSYoungGen: 481664K->114384K(518144K)] 754661K->527374K(1916416K), 0.0667112 secs] [Times: user=0.40 sys=0.01, real=0.07 secs] 
4932.705: [GC (Allocation Failure) [PSYoungGen: 446160K->153312K(485376K)] 859150K->677242K(1883648K), 0.0551479 secs] [Times: user=0.33 sys=0.00, real=0.05 secs] 
4934.990: [GC (Allocation Failure) [PSYoungGen: 485088K->113184K(516608K)] 1009018K->781178K(1914880K), 0.1740212 secs] [Times: user=1.03 sys=0.00, real=0.17 secs] 
4936.090: [GC (Allocation Failure) [PSYoungGen: 442912K->182240K(512000K)] 1110906K->980983K(1910272K), 0.0597921 secs] [Times: user=0.35 sys=0.01, real=0.06 secs] 
4939.213: [GC (Allocation Failure) [PSYoungGen: 511968K->101824K(419840K)] 1310711K->1032615K(1818112K), 0.1215673 secs] [Times: user=0.73 sys=0.00, real=0.13 secs] 
4939.686: [GC (Allocation Failure) [PSYoungGen: 334784K->113664K(465920K)] 1265575K->1140532K(1864192K), 0.0507618 secs] [Times: user=0.30 sys=0.00, real=0.05 secs] 
4940.788: [GC (Allocation Failure) [PSYoungGen: 346624K->85056K(465920K)] 1373492K->1216932K(1864192K), 0.0562311 secs] [Times: user=0.34 sys=0.00, real=0.05 secs] 
4944.135: [GC (GCLocker Initiated GC) [PSYoungGen: 318016K->85104K(318464K)] 1449893K->1301985K(1716736K), 0.0860838 secs] [Times: user=0.50 sys=0.00, real=0.08 secs] 
4944.222: [Full GC (Ergonomics) [PSYoungGen: 85104K->0K(318464K)] [ParOldGen: 1216881K->100696K(1398272K)] 1301985K->100696K(1716736K), [Metaspace: 59626K->59626K(1105920K)], 0.2611680 secs] [Times: user=1.22 sys=0.01, real=0.26 secs] 
4944.633: [GC (Allocation Failure) [PSYoungGen: 232960K->131040K(474112K)] 333676K->231764K(1872384K), 0.0268847 secs] [Times: user=0.16 sys=0.00, real=0.03 secs] 
4945.719: [GC (Allocation Failure) [PSYoungGen: 372704K->64688K(465408K)] 473428K->279781K(1863680K), 0.0525405 secs] [Times: user=0.31 sys=0.01, real=0.05 secs] 
4948.378: [GC (Allocation Failure) [PSYoungGen: 306352K->108768K(466944K)] 521445K->386585K(1865216K), 0.0614004 secs] [Times: user=0.36 sys=0.00, real=0.06 secs] 
4949.688: [GC (Allocation Failure) [PSYoungGen: 357536K->158944K(466944K)] 635353K->535521K(1865216K), 0.0665357 secs] [Times: user=0.40 sys=0.00, real=0.07 secs] 
4951.597: [GC (Allocation Failure) [PSYoungGen: 409824K->66976K(478208K)] 786401K->565641K(1876480K), 0.1070399 secs] [Times: user=0.64 sys=0.00, real=0.10 secs] 
4951.933: [GC (Allocation Failure) [PSYoungGen: 317714K->122144K(379392K)] 816379K->681726K(1777664K), 0.0430218 secs] [Times: user=0.26 sys=0.00, real=0.05 secs] 
4954.710: [GC (Allocation Failure) [PSYoungGen: 379168K->79296K(471552K)] 938750K->752654K(1869824K), 0.0563185 secs] [Times: user=0.33 sys=0.00, real=0.06 secs] 
4956.494: [GC (GCLocker Initiated GC) [PSYoungGen: 338880K->116368K(468992K)] 1012239K->867133K(1867264K), 0.0592453 secs] [Times: user=0.34 sys=0.01, real=0.06 secs] 
4960.652: [GC (Allocation Failure) [PSYoungGen: 375952K->119680K(482816K)] 1131957K->982572K(1881088K), 0.0784378 secs] [Times: user=0.46 sys=0.00, real=0.08 secs] 
4964.170: [GC (Allocation Failure) [PSYoungGen: 403840K->86848K(478208K)] 1266732K->1069088K(1876480K), 0.1287008 secs] [Times: user=0.76 sys=0.01, real=0.13 secs] 
4964.495: [GC (Allocation Failure) [PSYoungGen: 371008K->155552K(488960K)] 1353248K->1218617K(1887232K), 0.0544284 secs] [Times: user=0.32 sys=0.00, real=0.05 secs] 
4968.119: [GC (Allocation Failure) [PSYoungGen: 453536K->83248K(497152K)] 1516601K->1285402K(1895424K), 0.1578927 secs] [Times: user=0.94 sys=0.00, real=0.16 secs] 
4968.521: [GC (Allocation Failure) [PSYoungGen: 381232K->144352K(496128K)] 1583386K->1423642K(1894400K), 0.0530472 secs] [Times: user=0.32 sys=0.00, real=0.06 secs] 
4968.574: [Full GC (Ergonomics) [PSYoungGen: 144352K->0K(496128K)] [ParOldGen: 1279290K->217034K(1398272K)] 1423642K->217034K(1894400K), [Metaspace: 59640K->59640K(1105920K)], 0.5099228 secs] [Times: user=2.38 sys=0.01, real=0.51 secs] 
4971.330: [GC (Allocation Failure) [PSYoungGen: 299520K->87136K(499200K)] 516554K->304170K(1897472K), 0.1360966 secs] [Times: user=0.81 sys=0.00, real=0.14 secs] 
4972.331: [GC (Allocation Failure) [PSYoungGen: 375111K->138384K(498176K)] 592145K->436170K(1896448K), 0.0472853 secs] [Times: user=0.28 sys=0.00, real=0.05 secs] 
4975.874: [GC (Allocation Failure) [PSYoungGen: 439952K->97104K(398848K)] 737738K->524526K(1797120K), 0.0619248 secs] [Times: user=0.36 sys=0.00, real=0.07 secs] 
4978.547: [GC (Allocation Failure) [PSYoungGen: 398672K->139360K(495616K)] 826094K->660398K(1893888K), 0.0479467 secs] [Times: user=0.28 sys=0.00, real=0.05 secs] 
4979.917: [GC (Allocation Failure) [PSYoungGen: 442464K->99376K(497152K)] 963502K->751167K(1895424K), 0.0630225 secs] [Times: user=0.37 sys=0.00, real=0.06 secs] 
4982.563: [GC (Allocation Failure) [PSYoungGen: 402480K->137424K(501248K)] 1054271K->886028K(1899520K), 0.0530340 secs] [Times: user=0.32 sys=0.00, real=0.06 secs] 
4984.017: [GC (Allocation Failure) [PSYoungGen: 449232K->106608K(501760K)] 1197836K->983040K(1900032K), 0.0642935 secs] [Times: user=0.37 sys=0.01, real=0.06 secs] 
4985.648: [GC (Allocation Failure) [PSYoungGen: 418416K->141536K(501760K)] 1294848K->1122448K(1900032K), 0.0523185 secs] [Times: user=0.31 sys=0.00, real=0.05 secs] 
4989.491: [GC (Allocation Failure) [PSYoungGen: 458464K->106208K(504320K)] 1439376K->1219404K(1902592K), 0.0651612 secs] [Times: user=0.38 sys=0.00, real=0.07 secs] 
4991.936: [GC (Allocation Failure) [PSYoungGen: 423136K->144864K(504832K)] 1536332K->1362153K(1903104K), 0.0531332 secs] [Times: user=0.32 sys=0.00, real=0.05 secs] 
4993.488: [GC (Allocation Failure) [PSYoungGen: 467424K->109344K(508928K)] 1684713K->1462441K(1907200K), 0.0663088 secs] [Times: user=0.39 sys=0.00, real=0.07 secs] 
4993.555: [Full GC (Ergonomics) [PSYoungGen: 109344K->0K(508928K)] [ParOldGen: 1353097K->32413K(1398272K)] 1462441K->32413K(1907200K), [Metaspace: 59642K->59642K(1105920K)], 0.0613938 secs] [Times: user=0.21 sys=0.00, real=0.06 secs] 
4996.541: [GC (Allocation Failure) [PSYoungGen: 322560K->149760K(505856K)] 354973K->182173K(1904128K), 0.0298221 secs] [Times: user=0.17 sys=0.00, real=0.03 secs] 
4998.157: [GC (Allocation Failure) [PSYoungGen: 474368K->110560K(511488K)] 506781K->284009K(1909760K), 0.0653407 secs] [Times: user=0.39 sys=0.00, real=0.06 secs] 
5000.265: [GC (Allocation Failure) [PSYoungGen: 435168K->150208K(507392K)] 608617K->430525K(1905664K), 0.0535903 secs] [Times: user=0.31 sys=0.00, real=0.05 secs] 
5002.095: [GC (Allocation Failure) [PSYoungGen: 475328K->109744K(512000K)] 755645K->530846K(1910272K), 0.0761449 secs] [Times: user=0.45 sys=0.01, real=0.07 secs] 
5004.153: [GC (Allocation Failure) [PSYoungGen: 434864K->152016K(505856K)] 855966K->678563K(1904128K), 0.0530653 secs] [Times: user=0.31 sys=0.00, real=0.06 secs] 
5007.400: [GC (Allocation Failure) [PSYoungGen: 475088K->107712K(510976K)] 1001635K->776818K(1909248K), 0.1463734 secs] [Times: user=0.87 sys=0.00, real=0.15 secs] 
5008.585: [GC (Allocation Failure) [PSYoungGen: 415103K->144224K(510976K)] 1084209K->916754K(1909248K), 0.0511346 secs] [Times: user=0.30 sys=0.00, real=0.05 secs] 
5013.069: [GC (Allocation Failure) [PSYoungGen: 470368K->106656K(433152K)] 1242898K->1014322K(1831424K), 0.1577026 secs] [Times: user=0.94 sys=0.00, real=0.16 secs] 
5014.571: [GC (Allocation Failure) [PSYoungGen: 432800K->152928K(505344K)] 1340466K->1163327K(1903616K), 0.0525988 secs] [Times: user=0.31 sys=0.01, real=0.05 secs] 
5019.295: [GC (Allocation Failure) [PSYoungGen: 474976K->94128K(510464K)] 1485375K->1257175K(1908736K), 0.1676791 secs] [Times: user=1.00 sys=0.00, real=0.16 secs] 
5020.561: [GC (Allocation Failure) [PSYoungGen: 416176K->151744K(502784K)] 1579223K->1405211K(1901056K), 0.0550781 secs] [Times: user=0.33 sys=0.00, real=0.06 secs] 
5020.616: [Full GC (Ergonomics) [PSYoungGen: 151744K->0K(502784K)] [ParOldGen: 1253467K->209015K(1398272K)] 1405211K->209015K(1901056K), [Metaspace: 59642K->59642K(1105920K)], 0.4702584 secs] [Times: user=2.18 sys=0.00, real=0.47 secs] 
5024.153: [GC (Allocation Failure) [PSYoungGen: 314880K->90881K(506880K)] 523895K->299897K(1905152K), 0.1652801 secs] [Times: user=0.98 sys=0.01, real=0.17 secs] 
5025.726: [GC (Allocation Failure) [PSYoungGen: 390517K->140528K(505344K)] 599533K->436550K(1903616K), 0.0490840 secs] [Times: user=0.29 sys=0.00, real=0.05 secs] 
5027.069: [GC (Allocation Failure) [PSYoungGen: 455920K->102832K(418304K)] 751942K->530798K(1816576K), 0.0638298 secs] [Times: user=0.38 sys=0.00, real=0.06 secs] 
5029.726: [GC (Allocation Failure) [PSYoungGen: 418224K->165216K(491520K)] 846190K->691794K(1889792K), 0.0503572 secs] [Times: user=0.29 sys=0.00, real=0.05 secs] 
5032.681: [GC (Allocation Failure) [PSYoungGen: 468832K->95136K(501248K)] 995410K->761454K(1899520K), 0.0929692 secs] [Times: user=0.55 sys=0.00, real=0.10 secs] 
5034.675: [GC (Allocation Failure) [PSYoungGen: 398752K->142688K(499200K)] 1065070K->900879K(1897472K), 0.0867231 secs] [Times: user=0.51 sys=0.01, real=0.08 secs] 
5036.907: [GC (Allocation Failure) [PSYoungGen: 448352K->98592K(501248K)] 1206543K->991035K(1899520K), 0.0756957 secs] [Times: user=0.45 sys=0.00, real=0.07 secs] 
5039.658: [GC (Allocation Failure) [PSYoungGen: 404256K->141952K(502784K)] 1296699K->1129559K(1901056K), 0.0495866 secs] [Times: user=0.29 sys=0.00, real=0.05 secs] 
5041.387: [GC (Allocation Failure) [PSYoungGen: 451712K->102688K(502784K)] 1439319K->1222815K(1901056K), 0.0638131 secs] [Times: user=0.38 sys=0.00, real=0.06 secs] 
5044.496: [GC (Allocation Failure) [PSYoungGen: 412448K->143104K(501760K)] 1532575K->1362956K(1900032K), 0.0522909 secs] [Times: user=0.31 sys=0.00, real=0.05 secs] 
5045.709: [GC (Allocation Failure) [PSYoungGen: 454912K->105088K(502784K)] 1674764K->1458756K(1901056K), 0.0655437 secs] [Times: user=0.39 sys=0.00, real=0.07 secs] 
5045.774: [Full GC (Ergonomics) [PSYoungGen: 105088K->0K(502784K)] [ParOldGen: 1353668K->28000K(1398272K)] 1458756K->28000K(1901056K), [Metaspace: 59642K->59642K(1105920K)], 0.0484891 secs] [Times: user=0.16 sys=0.01, real=0.04 secs] 
5048.084: [GC (Allocation Failure) [PSYoungGen: 311808K->140336K(505856K)] 339808K->168337K(1904128K), 0.0311775 secs] [Times: user=0.18 sys=0.00, real=0.03 secs] 
5049.424: [GC (Allocation Failure) [PSYoungGen: 458288K->110192K(505856K)] 486289K->269761K(1904128K), 0.0639199 secs] [Times: user=0.38 sys=0.00, real=0.07 secs] 
5052.388: [GC (Allocation Failure) [PSYoungGen: 428144K->142384K(505856K)] 587713K->409862K(1904128K), 0.0550333 secs] [Times: user=0.33 sys=0.00, real=0.05 secs] 
5053.610: [GC (Allocation Failure) [PSYoungGen: 464432K->112560K(506880K)] 731910K->513118K(1905152K), 0.0650021 secs] [Times: user=0.38 sys=0.00, real=0.07 secs] 
5055.185: [GC (Allocation Failure) [PSYoungGen: 434608K->147584K(508416K)] 835166K->658180K(1906688K), 0.0546595 secs] [Times: user=0.32 sys=0.00, real=0.05 secs] 
5057.738: [GC (Allocation Failure) [PSYoungGen: 474752K->110800K(511488K)] 985348K->759725K(1909760K), 0.0661394 secs] [Times: user=0.39 sys=0.00, real=0.07 secs] 
5059.218: [GC (Allocation Failure) [PSYoungGen: 437968K->151472K(509440K)] 1086893K->907990K(1907712K), 0.0548882 secs] [Times: user=0.32 sys=0.00, real=0.05 secs] 
5062.637: [GC (Allocation Failure) [PSYoungGen: 479664K->110944K(513536K)] 1236182K->1009321K(1911808K), 0.1197859 secs] [Times: user=0.71 sys=0.00, real=0.12 secs] 
5063.442: [GC (Allocation Failure) [PSYoungGen: 424209K->148064K(511488K)] 1322587K->1153614K(1909760K), 0.0533419 secs] [Times: user=0.31 sys=0.00, real=0.06 secs] 
5066.300: [GC (Allocation Failure) [PSYoungGen: 477280K->109280K(514048K)] 1482830K->1254442K(1912320K), 0.1661458 secs] [Times: user=0.99 sys=0.01, real=0.17 secs] 
5067.577: [GC (Allocation Failure) [PSYoungGen: 438496K->153600K(507392K)] 1583658K->1404167K(1905664K), 0.0534657 secs] [Times: user=0.32 sys=0.00, real=0.05 secs] 
5067.630: [Full GC (Ergonomics) [PSYoungGen: 153600K->0K(507392K)] [ParOldGen: 1250567K->209080K(1398272K)] 1404167K->209080K(1905664K), [Metaspace: 59644K->59644K(1105920K)], 0.4860359 secs] [Times: user=2.27 sys=0.00, real=0.49 secs] 
5071.321: [GC (Allocation Failure) [PSYoungGen: 325120K->98288K(512000K)] 534200K->307369K(1910272K), 0.1749309 secs] [Times: user=1.05 sys=0.00, real=0.18 secs] 
5072.054: [GC (Allocation Failure) [PSYoungGen: 423408K->156000K(502272K)] 632489K->457382K(1900544K), 0.0552654 secs] [Times: user=0.32 sys=0.00, real=0.05 secs] 
5075.876: [GC (Allocation Failure) [PSYoungGen: 471904K->93248K(507392K)] 773286K->550298K(1905664K), 0.1704388 secs] [Times: user=1.00 sys=0.01, real=0.17 secs] 
5076.601: [GC (Allocation Failure) [PSYoungGen: 409152K->153152K(500224K)] 866202K->697179K(1898496K), 0.0554860 secs] [Times: user=0.33 sys=0.00, real=0.06 secs] 
5078.777: [GC (Allocation Failure) [PSYoungGen: 461888K->93696K(503808K)] 1005915K->790363K(1902080K), 0.1565234 secs] [Times: user=0.93 sys=0.00, real=0.15 secs] 
5079.673: [GC (Allocation Failure) [PSYoungGen: 402432K->145824K(502784K)] 1099099K->930192K(1901056K), 0.1467603 secs] [Times: user=0.87 sys=0.01, real=0.15 secs] 
5082.454: [GC (Allocation Failure) [PSYoungGen: 454560K->91360K(503808K)] 1238928K->1020552K(1902080K), 0.1632841 secs] [Times: user=0.97 sys=0.00, real=0.17 secs] 
5083.364: [GC (Allocation Failure) [PSYoungGen: 400096K->148048K(500224K)] 1329288K->1161997K(1898496K), 0.0551517 secs] [Times: user=0.33 sys=0.00, real=0.06 secs] 
5086.000: [GC (Allocation Failure) [PSYoungGen: 453712K->92992K(502272K)] 1467661K->1254045K(1900544K), 0.0992009 secs] [Times: user=0.59 sys=0.00, real=0.10 secs] 
5087.208: [GC (Allocation Failure) [PSYoungGen: 390248K->139584K(499712K)] 1551301K->1390278K(1897984K), 0.0744838 secs] [Times: user=0.44 sys=0.00, real=0.07 secs] 
5087.283: [Full GC (Ergonomics) [PSYoungGen: 139584K->0K(499712K)] [ParOldGen: 1250694K->196708K(1398272K)] 1390278K->196708K(1897984K), [Metaspace: 59644K->59644K(1105920K)], 0.4709061 secs] [Times: user=2.18 sys=0.00, real=0.47 secs] 
5089.902: [GC (Allocation Failure) [PSYoungGen: 307200K->97696K(501248K)] 503908K->294405K(1899520K), 0.0435537 secs] [Times: user=0.26 sys=0.00, real=0.05 secs] 
5091.863: [GC (Allocation Failure) [PSYoungGen: 404896K->146368K(501248K)] 601605K->436433K(1899520K), 0.0482036 secs] [Times: user=0.29 sys=0.00, real=0.05 secs] 
5093.027: [GC (Allocation Failure) [PSYoungGen: 456128K->102464K(503808K)] 746193K->530013K(1902080K), 0.0645256 secs] [Times: user=0.38 sys=0.00, real=0.06 secs] 
5095.120: [GC (Allocation Failure) [PSYoungGen: 412224K->144256K(502272K)] 839773K->670789K(1900544K), 0.0512529 secs] [Times: user=0.31 sys=0.00, real=0.05 secs] 
5096.514: [GC (Allocation Failure) [PSYoungGen: 456064K->103680K(503808K)] 982597K->764877K(1902080K), 0.0646183 secs] [Times: user=0.38 sys=0.00, real=0.06 secs] 
5099.859: [GC (Allocation Failure) [PSYoungGen: 415488K->142880K(504320K)] 1076685K->903849K(1902592K), 0.0512085 secs] [Times: user=0.30 sys=0.00, real=0.05 secs] 
5101.399: [GC (Allocation Failure) [PSYoungGen: 458158K->106960K(505344K)] 1219128K->1001578K(1903616K), 0.0644445 secs] [Times: user=0.38 sys=0.00, real=0.06 secs] 
5104.587: [GC (Allocation Failure) [PSYoungGen: 422352K->143600K(505344K)] 1316970K->1142391K(1903616K), 0.0533986 secs] [Times: user=0.31 sys=0.00, real=0.05 secs] 
5106.011: [GC (GCLocker Initiated GC) [PSYoungGen: 462576K->108256K(506368K)] 1461367K->1241470K(1904640K), 0.0646451 secs] [Times: user=0.38 sys=0.00, real=0.07 secs] 
5109.368: [GC (Allocation Failure) [PSYoungGen: 427232K->156192K(502272K)] 1560466K->1393635K(1900544K), 0.0540544 secs] [Times: user=0.32 sys=0.00, real=0.05 secs] 
5109.422: [Full GC (Ergonomics) [PSYoungGen: 156192K->0K(502272K)] [ParOldGen: 1237443K->185607K(1398272K)] 1393635K->185607K(1900544K), [Metaspace: 59644K->59644K(1105920K)], 0.4454564 secs] [Times: user=2.07 sys=0.01, real=0.45 secs] 
5110.962: [GC (Allocation Failure) [PSYoungGen: 317952K->107872K(508416K)] 503559K->293479K(1906688K), 0.0448835 secs] [Times: user=0.26 sys=0.00, real=0.05 secs] 
5113.737: [GC (Allocation Failure) [PSYoungGen: 425824K->146176K(507904K)] 611431K->436179K(1906176K), 0.1223182 secs] [Times: user=0.73 sys=0.00, real=0.12 secs] 
5116.549: [GC (Allocation Failure) [PSYoungGen: 467200K->109216K(430592K)] 757203K->536355K(1828864K), 0.0661942 secs] [Times: user=0.39 sys=0.01, real=0.07 secs] 
5117.976: [GC (Allocation Failure) [PSYoungGen: 430240K->148096K(506368K)] 857379K->680944K(1904640K), 0.0526829 secs] [Times: user=0.31 sys=0.00, real=0.05 secs] 
5120.887: [GC (Allocation Failure) [PSYoungGen: 468608K->106272K(508928K)] 1001456K->777544K(1907200K), 0.0823058 secs] [Times: user=0.48 sys=0.01, real=0.08 secs] 
5122.988: [GC (Allocation Failure) [PSYoungGen: 426784K->150016K(506880K)] 1098056K->922825K(1905152K), 0.0518786 secs] [Times: user=0.31 sys=0.00, real=0.05 secs] 
5125.136: [GC (Allocation Failure) [PSYoungGen: 471040K->108992K(509952K)] 1243849K->1022385K(1908224K), 0.1669220 secs] [Times: user=0.99 sys=0.00, real=0.16 secs] 
5126.055: [GC (Allocation Failure) [PSYoungGen: 430016K->152512K(504832K)] 1343409K->1170718K(1903104K), 0.0533168 secs] [Times: user=0.32 sys=0.00, real=0.05 secs] 
5128.279: [GC (Allocation Failure) [PSYoungGen: 471488K->97632K(508928K)] 1489694K->1267710K(1907200K), 0.1667797 secs] [Times: user=1.00 sys=0.00, real=0.17 secs] 
5129.661: [GC (Allocation Failure) [PSYoungGen: 416608K->152288K(502784K)] 1586686K->1413827K(1901056K), 0.0560487 secs] [Times: user=0.33 sys=0.00, real=0.06 secs] 
5129.717: [Full GC (Ergonomics) [PSYoungGen: 152288K->0K(502784K)] [ParOldGen: 1261539K->211706K(1398272K)] 1413827K->211706K(1901056K), [Metaspace: 59644K->59644K(1105920K)], 0.4986291 secs] [Times: user=2.33 sys=0.00, real=0.50 secs] 
5133.159: [GC (Allocation Failure) [PSYoungGen: 313856K->93568K(506368K)] 525562K->305274K(1904640K), 0.1480480 secs] [Times: user=0.88 sys=0.00, real=0.15 secs] 
5134.419: [GC (Allocation Failure) [PSYoungGen: 407424K->168128K(488448K)] 619130K->467239K(1886720K), 0.0538051 secs] [Times: user=0.32 sys=0.00, real=0.05 secs] 
5136.848: [GC (Allocation Failure) [PSYoungGen: 464576K->87712K(497664K)] 763687K->537963K(1895936K), 0.1596379 secs] [Times: user=0.95 sys=0.00, real=0.16 secs] 
5138.387: [GC (Allocation Failure) [PSYoungGen: 384160K->140320K(493568K)] 834411K->673704K(1891840K), 0.0483859 secs] [Times: user=0.28 sys=0.00, real=0.05 secs] 
5140.251: [GC (Allocation Failure) [PSYoungGen: 436768K->93088K(495616K)] 970152K->758164K(1893888K), 0.0673137 secs] [Times: user=0.40 sys=0.00, real=0.07 secs] 
5142.264: [GC (Allocation Failure) [PSYoungGen: 389536K->140064K(497152K)] 1054612K->894441K(1895424K), 0.0481747 secs] [Times: user=0.28 sys=0.00, real=0.05 secs] 
5143.525: [GC (Allocation Failure) [PSYoungGen: 442144K->99296K(498688K)] 1196521K->984593K(1896960K), 0.0630153 secs] [Times: user=0.37 sys=0.00, real=0.06 secs] 
5146.721: [GC (Allocation Failure) [PSYoungGen: 401376K->139616K(501248K)] 1286673K->1121046K(1899520K), 0.0540461 secs] [Times: user=0.32 sys=0.00, real=0.06 secs] 
5149.467: [GC (Allocation Failure) [PSYoungGen: 447328K->102640K(500736K)] 1428758K->1214419K(1899008K), 0.0647561 secs] [Times: user=0.38 sys=0.00, real=0.06 secs] 
5152.139: [GC (Allocation Failure) [PSYoungGen: 410352K->134816K(503808K)] 1522131K->1347431K(1902080K), 0.0610458 secs] [Times: user=0.36 sys=0.00, real=0.06 secs] 
5154.718: [GC (Allocation Failure) [PSYoungGen: 449184K->111984K(502272K)] 1661799K->1449204K(1900544K), 0.0669982 secs] [Times: user=0.40 sys=0.00, real=0.07 secs] 
5154.785: [Full GC (Ergonomics) [PSYoungGen: 111984K->0K(502272K)] [ParOldGen: 1337219K->19207K(1398272K)] 1449204K->19207K(1900544K), [Metaspace: 59682K->59682K(1105920K)], 0.0279516 secs] [Times: user=0.07 sys=0.00, real=0.02 secs] 
5156.748: [GC (Allocation Failure) [PSYoungGen: 314368K->147776K(501248K)] 333575K->166983K(1899520K), 0.0346771 secs] [Times: user=0.20 sys=0.00, real=0.03 secs] 
5159.538: [GC (Allocation Failure) [PSYoungGen: 465728K->109360K(504832K)] 484935K->258935K(1903104K), 0.0644432 secs] [Times: user=0.37 sys=0.01, real=0.06 secs] 
5162.891: [GC (Allocation Failure) [PSYoungGen: 427312K->138208K(510976K)] 576887K->394956K(1909248K), 0.0649328 secs] [Times: user=0.38 sys=0.00, real=0.07 secs] 
5164.090: [GC (Allocation Failure) [PSYoungGen: 466912K->117264K(511488K)] 723660K->502509K(1909760K), 0.0651737 secs] [Times: user=0.39 sys=0.00, real=0.07 secs] 
5167.449: [GC (Allocation Failure) [PSYoungGen: 445968K->145440K(509440K)] 831213K->645905K(1907712K), 0.0568461 secs] [Times: user=0.33 sys=0.00, real=0.06 secs] 
5168.621: [GC (Allocation Failure) [PSYoungGen: 476704K->115600K(512000K)] 977169K->752313K(1910272K), 0.0657279 secs] [Times: user=0.39 sys=0.00, real=0.07 secs] 
5172.610: [GC (Allocation Failure) [PSYoungGen: 446864K->149632K(513024K)] 1083577K->899358K(1911296K), 0.0560024 secs] [Times: user=0.33 sys=0.00, real=0.06 secs] 
5173.788: [GC (Allocation Failure) [PSYoungGen: 485504K->116464K(517120K)] 1235230K->1006698K(1915392K), 0.0669022 secs] [Times: user=0.39 sys=0.00, real=0.07 secs] 
5176.831: [GC (Allocation Failure) [PSYoungGen: 452004K->150720K(514048K)] 1342238K->1153838K(1912320K), 0.0553687 secs] [Times: user=0.33 sys=0.00, real=0.06 secs] 
5179.075: [GC (Allocation Failure) [PSYoungGen: 487104K->113168K(517632K)] 1490222K->1257979K(1915904K), 0.1701419 secs] [Times: user=1.00 sys=0.00, real=0.17 secs] 
5180.715: [GC (Allocation Failure) [PSYoungGen: 449552K->159824K(505856K)] 1594363K->1413672K(1904128K), 0.1486427 secs] [Times: user=0.88 sys=0.01, real=0.14 secs] 
5180.864: [Full GC (Ergonomics) [PSYoungGen: 159824K->0K(505856K)] [ParOldGen: 1253847K->219021K(1398272K)] 1413672K->219021K(1904128K), [Metaspace: 59682K->59682K(1105920K)], 0.5535691 secs] [Times: user=2.65 sys=0.00, real=0.56 secs] 
5184.049: [GC (Allocation Failure) [PSYoungGen: 327168K->99296K(513024K)] 546189K->318317K(1911296K), 0.1440491 secs] [Times: user=0.85 sys=0.00, real=0.14 secs] 
5185.751: [GC (Allocation Failure) [PSYoungGen: 426464K->157024K(502784K)] 645485K->469182K(1901056K), 0.1354373 secs] [Times: user=0.81 sys=0.00, real=0.14 secs] 
5189.271: [GC (Allocation Failure) [PSYoungGen: 473952K->94592K(507904K)] 786110K->563806K(1906176K), 0.1324171 secs] [Times: user=0.79 sys=0.00, real=0.13 secs] 
5190.201: [GC (Allocation Failure) [PSYoungGen: 411520K->149760K(503808K)] 880734K->708103K(1902080K), 0.1123654 secs] [Times: user=0.67 sys=0.00, real=0.11 secs] 
5193.845: [GC (Allocation Failure) [PSYoungGen: 462592K->90624K(505856K)] 1020935K->798719K(1904128K), 0.1590302 secs] [Times: user=0.94 sys=0.00, real=0.15 secs] 
5194.268: [GC (Allocation Failure) [PSYoungGen: 403456K->150912K(499712K)] 1111551K->943996K(1897984K), 0.0594822 secs] [Times: user=0.35 sys=0.00, real=0.06 secs] 
5198.064: [GC (Allocation Failure) [PSYoungGen: 457600K->86256K(502784K)] 1250684K->1030100K(1901056K), 0.1624351 secs] [Times: user=0.96 sys=0.01, real=0.17 secs] 
5199.175: [GC (Allocation Failure) [PSYoungGen: 392944K->147648K(499712K)] 1336788K->1171468K(1897984K), 0.1174657 secs] [Times: user=0.70 sys=0.00, real=0.11 secs] 
5202.390: [GC (Allocation Failure) [PSYoungGen: 451264K->89056K(501248K)] 1475084K->1260140K(1899520K), 0.1704279 secs] [Times: user=1.01 sys=0.00, real=0.17 secs] 
5203.856: [GC (Allocation Failure) [PSYoungGen: 392672K->193728K(463872K)] 1563756K->1447853K(1862144K), 0.1157259 secs] [Times: user=0.66 sys=0.01, real=0.11 secs] 
5203.971: [Full GC (Ergonomics) [PSYoungGen: 193728K->0K(463872K)] [ParOldGen: 1254125K->205935K(1398272K)] 1447853K->205935K(1862144K), [Metaspace: 59682K->59682K(1105920K)], 0.5081800 secs] [Times: user=2.40 sys=0.00, real=0.51 secs] 
5206.343: [GC (Allocation Failure) [PSYoungGen: 266752K->72784K(339968K)] 472687K->278719K(1738240K), 0.0802711 secs] [Times: user=0.48 sys=0.00, real=0.08 secs] 
5209.576: [GC (Allocation Failure) [PSYoungGen: 339536K->118544K(490496K)] 545471K->394740K(1888768K), 0.0585323 secs] [Times: user=0.35 sys=0.00, real=0.06 secs] 
5210.692: [GC (Allocation Failure) [PSYoungGen: 391952K->107136K(380928K)] 668148K->492475K(1779200K), 0.0605706 secs] [Times: user=0.36 sys=0.00, real=0.06 secs] 
5213.097: [GC (Allocation Failure) [PSYoungGen: 380544K->105504K(481280K)] 765883K->597588K(1879552K), 0.0815762 secs] [Times: user=0.48 sys=0.00, real=0.08 secs] 
5214.226: [GC (Allocation Failure) [PSYoungGen: 384032K->138432K(476160K)] 876116K->725996K(1874432K), 0.1089378 secs] [Times: user=0.65 sys=0.00, real=0.11 secs] 
5217.088: [GC (Allocation Failure) [PSYoungGen: 416960K->74752K(494592K)] 1004524K->800812K(1892864K), 0.1310322 secs] [Times: user=0.77 sys=0.01, real=0.13 secs] 
5217.707: [GC (Allocation Failure) [PSYoungGen: 372736K->141136K(495104K)] 1098796K->936106K(1893376K), 0.0631260 secs] [Times: user=0.37 sys=0.00, real=0.06 secs] 
5220.547: [GC (Allocation Failure) [PSYoungGen: 439120K->86368K(497664K)] 1234090K->1022297K(1895936K), 0.1655985 secs] [Times: user=0.99 sys=0.00, real=0.16 secs] 
5221.416: [GC (Allocation Failure) [PSYoungGen: 389984K->146592K(499200K)] 1325913K->1162790K(1897472K), 0.0521830 secs] [Times: user=0.31 sys=0.00, real=0.05 secs] 
5224.174: [GC (Allocation Failure) [PSYoungGen: 450208K->88768K(500736K)] 1466406K->1251034K(1899008K), 0.1193431 secs] [Times: user=0.71 sys=0.00, real=0.11 secs] 
5225.286: [GC (Allocation Failure) [PSYoungGen: 391872K->141392K(499712K)] 1554138K->1388616K(1897984K), 0.0495122 secs] [Times: user=0.30 sys=0.00, real=0.05 secs] 
5225.336: [Full GC (Ergonomics) [PSYoungGen: 141392K->0K(499712K)] [ParOldGen: 1247223K->195655K(1398272K)] 1388616K->195655K(1897984K), [Metaspace: 59682K->59682K(1105920K)], 0.4670802 secs] [Times: user=2.17 sys=0.00, real=0.46 secs] 
5227.159: [GC (Allocation Failure) [PSYoungGen: 303104K->100640K(494080K)] 498759K->296295K(1892352K), 0.0501014 secs] [Times: user=0.29 sys=0.01, real=0.05 secs] 
5229.308: [GC (Allocation Failure) [PSYoungGen: 405280K->143392K(497664K)] 600935K->435891K(1895936K), 0.0489683 secs] [Times: user=0.29 sys=0.00, real=0.05 secs] 
5230.490: [GC (Allocation Failure) [PSYoungGen: 448032K->101680K(498688K)] 740531K->528544K(1896960K), 0.0625922 secs] [Times: user=0.38 sys=0.00, real=0.06 secs] 
5233.086: [GC (Allocation Failure) [PSYoungGen: 412464K->143552K(501248K)] 839328K->668180K(1899520K), 0.0507903 secs] [Times: user=0.30 sys=0.00, real=0.05 secs] 
5234.350: [GC (Allocation Failure) [PSYoungGen: 454336K->104640K(501760K)] 978964K->763708K(1900032K), 0.0646196 secs] [Times: user=0.38 sys=0.00, real=0.07 secs] 
5237.246: [GC (GCLocker Initiated GC) [PSYoungGen: 420032K->140512K(503808K)] 1079105K->901718K(1902080K), 0.0527162 secs] [Times: user=0.30 sys=0.01, real=0.05 secs] 
5239.252: [GC (Allocation Failure) [PSYoungGen: 455904K->108736K(502272K)] 1217113K->1000489K(1900544K), 0.0639040 secs] [Times: user=0.38 sys=0.00, real=0.07 secs] 
5241.237: [GC (Allocation Failure) [PSYoungGen: 429760K->149088K(505856K)] 1321513K->1147469K(1904128K), 0.0543737 secs] [Times: user=0.32 sys=0.00, real=0.05 secs] 
5242.789: [GC (Allocation Failure) [PSYoungGen: 470112K->108176K(509952K)] 1468493K->1246678K(1908224K), 0.0666429 secs] [Times: user=0.40 sys=0.01, real=0.07 secs] 
5245.241: [GC (Allocation Failure) [PSYoungGen: 433296K->152032K(477184K)] 1571798K->1395194K(1875456K), 0.0539832 secs] [Times: user=0.32 sys=0.00, real=0.06 secs] 
5245.295: [Full GC (Ergonomics) [PSYoungGen: 152032K->0K(477184K)] [ParOldGen: 1243162K->193837K(1398272K)] 1395194K->193837K(1875456K), [Metaspace: 59682K->59682K(1105920K)], 0.4651209 secs] [Times: user=2.16 sys=0.00, real=0.46 secs] 
5247.849: [GC (Allocation Failure) [PSYoungGen: 325120K->107872K(512512K)] 518957K->301709K(1910784K), 0.0930735 secs] [Times: user=0.55 sys=0.00, real=0.09 secs] 
5249.708: [GC (Allocation Failure) [PSYoungGen: 422944K->147040K(508928K)] 616782K->444786K(1907200K), 0.0511253 secs] [Times: user=0.31 sys=0.00, real=0.05 secs] 
5251.527: [GC (Allocation Failure) [PSYoungGen: 469600K->111376K(506880K)] 767346K->547067K(1905152K), 0.1634790 secs] [Times: user=0.98 sys=0.00, real=0.16 secs] 
5252.427: [GC (Allocation Failure) [PSYoungGen: 434960K->151744K(508416K)] 870651K->693195K(1906688K), 0.0532034 secs] [Times: user=0.31 sys=0.00, real=0.05 secs] 
5256.460: [GC (Allocation Failure) [PSYoungGen: 473734K->93872K(510464K)] 1015185K->786768K(1908736K), 0.1629539 secs] [Times: user=0.97 sys=0.00, real=0.16 secs] 
5257.113: [GC (Allocation Failure) [PSYoungGen: 415408K->153248K(475136K)] 1108304K->936372K(1873408K), 0.0560740 secs] [Times: user=0.34 sys=0.00, real=0.06 secs] 
5260.076: [GC (Allocation Failure) [PSYoungGen: 474784K->94240K(506880K)] 1257908K->1030324K(1905152K), 0.1591919 secs] [Times: user=0.94 sys=0.02, real=0.16 secs] 
5261.521: [GC (Allocation Failure) [PSYoungGen: 408096K->151392K(465408K)] 1344180K->1175029K(1863680K), 0.0551495 secs] [Times: user=0.32 sys=0.00, real=0.06 secs] 
5264.591: [GC (Allocation Failure) [PSYoungGen: 465248K->92864K(504832K)] 1488885K->1267225K(1903104K), 0.1682938 secs] [Times: user=1.00 sys=0.00, real=0.17 secs] 
5265.205: [GC (Allocation Failure) [PSYoungGen: 402112K->150400K(459776K)] 1576473K->1411510K(1858048K), 0.0557404 secs] [Times: user=0.33 sys=0.00, real=0.05 secs] 
5265.261: [Full GC (Ergonomics) [PSYoungGen: 150400K->0K(459776K)] [ParOldGen: 1261110K->209386K(1398272K)] 1411510K->209386K(1858048K), [Metaspace: 59682K->59682K(1105920K)], 0.5135156 secs] [Times: user=2.39 sys=0.00, real=0.52 secs] 
5267.272: [GC (Allocation Failure) [PSYoungGen: 307032K->91936K(502784K)] 516419K->301322K(1901056K), 0.0952249 secs] [Times: user=0.56 sys=0.00, real=0.10 secs] 
5268.315: [GC (Allocation Failure) [PSYoungGen: 383885K->138432K(444416K)] 593271K->435562K(1842688K), 0.0480671 secs] [Times: user=0.28 sys=0.00, real=0.04 secs] 
5270.221: [GC (Allocation Failure) [PSYoungGen: 444096K->102336K(503808K)] 741226K->529070K(1902080K), 0.0958496 secs] [Times: user=0.57 sys=0.00, real=0.10 secs] 
5271.525: [GC (Allocation Failure) [PSYoungGen: 411584K->145264K(500224K)] 838318K->670651K(1898496K), 0.0510215 secs] [Times: user=0.31 sys=0.00, real=0.05 secs] 
5272.715: [GC (Allocation Failure) [PSYoungGen: 454512K->100704K(503808K)] 979899K->762123K(1902080K), 0.0651049 secs] [Times: user=0.39 sys=0.00, real=0.06 secs] 
5275.016: [GC (Allocation Failure) [PSYoungGen: 415584K->147072K(504832K)] 1077003K->905288K(1903104K), 0.0500282 secs] [Times: user=0.29 sys=0.00, real=0.05 secs] 
5276.198: [GC (Allocation Failure) [PSYoungGen: 461952K->105472K(504320K)] 1220168K->1001836K(1902592K), 0.0875721 secs] [Times: user=0.50 sys=0.00, real=0.09 secs] 
5279.253: [GC (Allocation Failure) [PSYoungGen: 421888K->146704K(505344K)] 1318252K->1144825K(1903616K), 0.0527221 secs] [Times: user=0.32 sys=0.00, real=0.06 secs] 
5280.459: [GC (Allocation Failure) [PSYoungGen: 463120K->105184K(505344K)] 1461241K->1241276K(1903616K), 0.0672326 secs] [Times: user=0.40 sys=0.00, real=0.07 secs] 
5283.191: [GC (Allocation Failure) [PSYoungGen: 423648K->148624K(506368K)] 1559740K->1385882K(1904640K), 0.0527084 secs] [Times: user=0.31 sys=0.00, real=0.05 secs] 
5283.243: [Full GC (Ergonomics) [PSYoungGen: 148624K->0K(506368K)] [ParOldGen: 1237257K->192960K(1398272K)] 1385882K->192960K(1904640K), [Metaspace: 59682K->59682K(1105920K)], 0.4610859 secs] [Times: user=2.13 sys=0.00, real=0.47 secs] 
5285.415: [GC (Allocation Failure) [PSYoungGen: 318464K->105440K(507904K)] 511424K->298400K(1906176K), 0.0318183 secs] [Times: user=0.18 sys=0.00, real=0.03 secs] 
5287.760: [GC (Allocation Failure) [PSYoungGen: 425440K->148096K(507904K)] 618400K->442621K(1906176K), 0.0509679 secs] [Times: user=0.30 sys=0.00, real=0.05 secs] 
5290.044: [GC (Allocation Failure) [PSYoungGen: 468096K->105792K(507392K)] 762621K->539641K(1905664K), 0.1607789 secs] [Times: user=0.95 sys=0.00, real=0.17 secs] 
5291.745: [GC (Allocation Failure) [PSYoungGen: 412239K->145424K(507904K)] 846088K->680978K(1906176K), 0.0501863 secs] [Times: user=0.30 sys=0.00, real=0.05 secs] 
5294.420: [GC (Allocation Failure) [PSYoungGen: 465936K->103840K(508416K)] 1001490K->776238K(1906688K), 0.1527962 secs] [Times: user=0.91 sys=0.00, real=0.15 secs] 
5295.844: [GC (Allocation Failure) [PSYoungGen: 422895K->147392K(508928K)] 1095293K->919798K(1907200K), 0.0766894 secs] [Times: user=0.46 sys=0.00, real=0.08 secs] 
5299.317: [GC (Allocation Failure) [PSYoungGen: 469440K->106432K(508416K)] 1241846K->1017814K(1906688K), 0.1185314 secs] [Times: user=0.70 sys=0.00, real=0.12 secs] 
5301.117: [GC (Allocation Failure) [PSYoungGen: 421045K->145216K(508928K)] 1332428K->1158775K(1907200K), 0.0510050 secs] [Times: user=0.30 sys=0.01, real=0.05 secs] 
5303.384: [GC (Allocation Failure) [PSYoungGen: 467776K->105664K(508928K)] 1481335K->1255607K(1907200K), 0.1591643 secs] [Times: user=0.95 sys=0.00, real=0.15 secs] 
5304.866: [GC (Allocation Failure) [PSYoungGen: 420153K->144848K(509952K)] 1570097K->1396613K(1908224K), 0.0514392 secs] [Times: user=0.30 sys=0.00, real=0.05 secs] 
5304.917: [Full GC (Ergonomics) [PSYoungGen: 144848K->0K(509952K)] [ParOldGen: 1251764K->195657K(1398272K)] 1396613K->195657K(1908224K), [Metaspace: 59682K->59682K(1105920K)], 0.4617280 secs] [Times: user=2.14 sys=0.00, real=0.46 secs] 
5307.914: [GC (Allocation Failure) [PSYoungGen: 324608K->105696K(509952K)] 520265K->301353K(1908224K), 0.1052220 secs] [Times: user=0.62 sys=0.00, real=0.10 secs] 
5309.208: [GC (Allocation Failure) [PSYoungGen: 432352K->171200K(498176K)] 628009K->468614K(1896448K), 0.0522304 secs] [Times: user=0.31 sys=0.00, real=0.05 secs] 
5312.035: [GC (Allocation Failure) [PSYoungGen: 497856K->99424K(504832K)] 795270K->550906K(1903104K), 0.1814953 secs] [Times: user=1.08 sys=0.00, real=0.18 secs] 
5312.913: [GC (Allocation Failure) [PSYoungGen: 408672K->164640K(474112K)] 860154K->709419K(1872384K), 0.0564747 secs] [Times: user=0.34 sys=0.00, real=0.06 secs] 
5317.131: [GC (Allocation Failure) [PSYoungGen: 473888K->90752K(497664K)] 1018667K->782795K(1895936K), 0.1695363 secs] [Times: user=1.01 sys=0.00, real=0.17 secs] 
5318.342: [GC (Allocation Failure) [PSYoungGen: 386688K->139712K(435712K)] 1078731K->918540K(1833984K), 0.0502192 secs] [Times: user=0.30 sys=0.00, real=0.05 secs] 
5319.587: [GC (Allocation Failure) [PSYoungGen: 435648K->96288K(496640K)] 1214476K->1006200K(1894912K), 0.0622442 secs] [Times: user=0.36 sys=0.00, real=0.06 secs] 
5322.068: [GC (Allocation Failure) [PSYoungGen: 394272K->137952K(494592K)] 1304184K->1140759K(1892864K), 0.0482014 secs] [Times: user=0.29 sys=0.00, real=0.05 secs] 
5323.917: [GC (Allocation Failure) [PSYoungGen: 435936K->98128K(500224K)] 1438743K->1229736K(1898496K), 0.0634626 secs] [Times: user=0.37 sys=0.00, real=0.06 secs] 
5325.319: [GC (Allocation Failure) [PSYoungGen: 403792K->138400K(498176K)] 1535400K->1365908K(1896448K), 0.0554446 secs] [Times: user=0.33 sys=0.01, real=0.06 secs] 
5325.375: [Full GC (Ergonomics) [PSYoungGen: 138400K->0K(498176K)] [ParOldGen: 1227508K->165612K(1398272K)] 1365908K->165612K(1896448K), [Metaspace: 59748K->59748K(1105920K)], 0.3933433 secs] [Times: user=1.82 sys=0.00, real=0.39 secs] 
5328.305: [GC (Allocation Failure) [PSYoungGen: 305664K->104033K(502272K)] 471276K->269645K(1900544K), 0.0774052 secs] [Times: user=0.45 sys=0.00, real=0.07 secs] 
5330.507: [GC (Allocation Failure) [PSYoungGen: 418913K->139776K(502784K)] 584525K->407949K(1901056K), 0.0769201 secs] [Times: user=0.46 sys=0.00, real=0.08 secs] 
5331.817: [GC (Allocation Failure) [PSYoungGen: 454656K->110096K(502784K)] 722829K->508190K(1901056K), 0.0653155 secs] [Times: user=0.39 sys=0.00, real=0.06 secs] 
5333.844: [GC (Allocation Failure) [PSYoungGen: 433168K->145760K(506880K)] 831262K->652430K(1905152K), 0.0570125 secs] [Times: user=0.33 sys=0.00, real=0.06 secs] 
5337.277: [GC (Allocation Failure) [PSYoungGen: 468832K->109440K(510464K)] 975502K->751970K(1908736K), 0.0663861 secs] [Times: user=0.39 sys=0.00, real=0.06 secs] 
5339.321: [GC (Allocation Failure) [PSYoungGen: 438144K->148512K(511488K)] 1080674K->898807K(1909760K), 0.0568950 secs] [Times: user=0.33 sys=0.00, real=0.06 secs] 
5342.394: [GC (Allocation Failure) [PSYoungGen: 477216K->111056K(512512K)] 1227511K->1000928K(1910784K), 0.0671263 secs] [Times: user=0.40 sys=0.00, real=0.07 secs] 
5344.420: [GC (Allocation Failure) [PSYoungGen: 440784K->150256K(512512K)] 1330656K->1148869K(1910784K), 0.0561940 secs] [Times: user=0.33 sys=0.00, real=0.06 secs] 
5346.458: [GC (Allocation Failure) [PSYoungGen: 479984K->113408K(512512K)] 1478597K->1252596K(1910784K), 0.0902769 secs] [Times: user=0.54 sys=0.00, real=0.09 secs] 
5348.750: [GC (Allocation Failure) [PSYoungGen: 442338K->149952K(512512K)] 1581526K->1399225K(1910784K), 0.0562468 secs] [Times: user=0.32 sys=0.01, real=0.06 secs] 
5348.806: [Full GC (Ergonomics) [PSYoungGen: 149952K->0K(512512K)] [ParOldGen: 1249273K->196036K(1398272K)] 1399225K->196036K(1910784K), [Metaspace: 59748K->59748K(1105920K)], 0.4627763 secs] [Times: user=2.13 sys=0.00, real=0.46 secs] 
5351.895: [GC (Allocation Failure) [PSYoungGen: 329728K->108128K(513536K)] 525764K->304164K(1911808K), 0.0972345 secs] [Times: user=0.55 sys=0.00, real=0.09 secs] 
5353.026: [GC (Allocation Failure) [PSYoungGen: 436832K->153088K(482304K)] 632868K->453537K(1880576K), 0.0961170 secs] [Times: user=0.57 sys=0.00, real=0.09 secs] 
5355.908: [GC (GCLocker Initiated GC) [PSYoungGen: 481792K->100832K(512000K)] 782241K->554129K(1910272K), 0.1607904 secs] [Times: user=0.95 sys=0.01, real=0.16 secs] 
5356.552: [GC (Allocation Failure) [PSYoungGen: 424928K->155488K(479744K)] 878228K->703504K(1878016K), 0.0571407 secs] [Times: user=0.34 sys=0.00, real=0.06 secs] 
5358.589: [GC (Allocation Failure) [PSYoungGen: 479584K->102000K(508928K)] 1027600K->804793K(1907200K), 0.1607965 secs] [Times: user=0.96 sys=0.00, real=0.16 secs] 
5358.993: [GC (Allocation Failure) [PSYoungGen: 418928K->152928K(470016K)] 1121721K->951901K(1868288K), 0.0576217 secs] [Times: user=0.34 sys=0.00, real=0.06 secs] 
5362.532: [GC (Allocation Failure) [PSYoungGen: 469856K->94176K(505856K)] 1268829K->1045365K(1904128K), 0.1480344 secs] [Times: user=0.88 sys=0.00, real=0.15 secs] 
5362.927: [GC (Allocation Failure) [PSYoungGen: 406496K->150656K(463360K)] 1357685K->1190225K(1861632K), 0.0561381 secs] [Times: user=0.33 sys=0.01, real=0.05 secs] 
5366.254: [GC (Allocation Failure) [PSYoungGen: 462976K->92000K(503808K)] 1502545K->1281629K(1902080K), 0.1463257 secs] [Times: user=0.87 sys=0.00, real=0.14 secs] 
5366.627: [GC (Allocation Failure) [PSYoungGen: 400224K->150112K(458752K)] 1589853K->1425790K(1857024K), 0.0556443 secs] [Times: user=0.33 sys=0.01, real=0.05 secs] 
5366.683: [Full GC (Ergonomics) [PSYoungGen: 150112K->0K(458752K)] [ParOldGen: 1275678K->224677K(1398272K)] 1425790K->224677K(1857024K), [Metaspace: 59749K->59749K(1105920K)], 0.5241901 secs] [Times: user=2.43 sys=0.00, real=0.53 secs] 
5371.014: [GC (Allocation Failure) [PSYoungGen: 308224K->88096K(501760K)] 532901K->312773K(1900032K), 0.1105078 secs] [Times: user=0.65 sys=0.01, real=0.12 secs] 
5371.479: [GC (Allocation Failure) [PSYoungGen: 392224K->147168K(451584K)] 616901K->453939K(1849856K), 0.0536209 secs] [Times: user=0.32 sys=0.00, real=0.05 secs] 
5373.995: [GC (Allocation Failure) [PSYoungGen: 451296K->89648K(501248K)] 758067K->543364K(1899520K), 0.1658087 secs] [Times: user=0.99 sys=0.00, real=0.16 secs] 
5374.968: [GC (Allocation Failure) [PSYoungGen: 377661K->134752K(437760K)] 831377K->672216K(1836032K), 0.0475734 secs] [Times: user=0.28 sys=0.00, real=0.05 secs] 
5376.936: [GC (Allocation Failure) [PSYoungGen: 437344K->98288K(499712K)] 974808K->761420K(1897984K), 0.0664387 secs] [Times: user=0.39 sys=0.01, real=0.06 secs] 
5378.456: [GC (Allocation Failure) [PSYoungGen: 403440K->144416K(497152K)] 1066572K->902460K(1895424K), 0.0498697 secs] [Times: user=0.29 sys=0.00, real=0.05 secs] 
5380.499: [GC (Allocation Failure) [PSYoungGen: 449568K->97792K(503296K)] 1207612K->991513K(1901568K), 0.0644416 secs] [Times: user=0.36 sys=0.02, real=0.06 secs] 
5382.626: [GC (Allocation Failure) [PSYoungGen: 411136K->144384K(504320K)] 1304857K->1132973K(1902592K), 0.0503010 secs] [Times: user=0.29 sys=0.00, real=0.05 secs] 
5383.789: [GC (Allocation Failure) [PSYoungGen: 456864K->106320K(501248K)] 1445454K->1229822K(1899520K), 0.0658112 secs] [Times: user=0.39 sys=0.00, real=0.07 secs] 
5386.549: [GC (Allocation Failure) [PSYoungGen: 421712K->145568K(503808K)] 1545214K->1372482K(1902080K), 0.0540057 secs] [Times: user=0.33 sys=0.00, real=0.05 secs] 
5386.603: [Full GC (Ergonomics) [PSYoungGen: 145568K->0K(503808K)] [ParOldGen: 1226914K->181883K(1398272K)] 1372482K->181883K(1902080K), [Metaspace: 59749K->59749K(1105920K)], 0.4231723 secs] [Times: user=1.94 sys=0.00, real=0.43 secs] 
5388.453: [GC (Allocation Failure) [PSYoungGen: 315392K->104448K(505856K)] 497275K->286331K(1904128K), 0.0433750 secs] [Times: user=0.26 sys=0.00, real=0.05 secs] 
5391.274: [GC (Allocation Failure) [PSYoungGen: 423936K->147776K(506880K)] 605819K->431080K(1905152K), 0.0519727 secs] [Times: user=0.30 sys=0.00, real=0.06 secs] 
5392.653: [GC (Allocation Failure) [PSYoungGen: 467264K->106112K(507392K)] 750568K->528336K(1905664K), 0.0643602 secs] [Times: user=0.39 sys=0.00, real=0.07 secs] 
5395.859: [GC (Allocation Failure) [PSYoungGen: 427136K->149216K(507904K)] 849360K->673524K(1906176K), 0.0528135 secs] [Times: user=0.31 sys=0.00, real=0.05 secs] 
5397.583: [GC (Allocation Failure) [PSYoungGen: 470240K->106809K(508416K)] 994548K->771365K(1906688K), 0.1122047 secs] [Times: user=0.67 sys=0.00, real=0.12 secs] 
5399.408: [GC (Allocation Failure) [PSYoungGen: 428345K->150784K(472576K)] 1092901K->918808K(1870848K), 0.0803509 secs] [Times: user=0.48 sys=0.00, real=0.08 secs] 
5401.209: [GC (Allocation Failure) [PSYoungGen: 472320K->108112K(511488K)] 1240344K->1018432K(1909760K), 0.0669562 secs] [Times: user=0.39 sys=0.01, real=0.07 secs] 
5403.705: [GC (Allocation Failure) [PSYoungGen: 421974K->146368K(507904K)] 1332294K->1160945K(1906176K), 0.0572751 secs] [Times: user=0.34 sys=0.00, real=0.05 secs] 
5406.075: [GC (Allocation Failure) [PSYoungGen: 466880K->106144K(507392K)] 1481457K->1257889K(1905664K), 0.1656146 secs] [Times: user=0.99 sys=0.00, real=0.16 secs] 
5407.687: [GC (Allocation Failure) [PSYoungGen: 426723K->145664K(508416K)] 1578468K->1399493K(1906688K), 0.0519421 secs] [Times: user=0.31 sys=0.00, real=0.05 secs] 
5407.739: [Full GC (Ergonomics) [PSYoungGen: 145664K->0K(508416K)] [ParOldGen: 1253829K->196471K(1398272K)] 1399493K->196471K(1906688K), [Metaspace: 59751K->59751K(1105920K)], 0.4777841 secs] [Times: user=2.24 sys=0.00, real=0.48 secs] 
5411.309: [GC (Allocation Failure) [PSYoungGen: 322048K->105856K(508416K)] 518519K->302327K(1906688K), 0.0701044 secs] [Times: user=0.41 sys=0.00, real=0.07 secs] 
5413.004: [GC (Allocation Failure) [PSYoungGen: 420630K->145744K(509440K)] 617102K->444037K(1907712K), 0.0503557 secs] [Times: user=0.29 sys=0.00, real=0.06 secs] 
5414.742: [GC (Allocation Failure) [PSYoungGen: 469840K->107392K(510464K)] 768133K->542068K(1908736K), 0.1337820 secs] [Times: user=0.80 sys=0.00, real=0.14 secs] 
5415.822: [GC (Allocation Failure) [PSYoungGen: 433536K->184816K(510976K)] 868212K->723390K(1909248K), 0.0538414 secs] [Times: user=0.32 sys=0.00, real=0.06 secs] 
5419.447: [GC (Allocation Failure) [PSYoungGen: 507306K->96176K(420864K)] 1045879K->786190K(1819136K), 0.1628492 secs] [Times: user=0.96 sys=0.01, real=0.16 secs] 
5420.482: [GC (Allocation Failure) [PSYoungGen: 329136K->110192K(465920K)] 1019150K->892271K(1864192K), 0.0541888 secs] [Times: user=0.33 sys=0.00, real=0.06 secs] 
5422.887: [GC (Allocation Failure) [PSYoungGen: 343152K->93248K(459264K)] 1125231K->976514K(1857536K), 0.0558439 secs] [Times: user=0.33 sys=0.00, real=0.05 secs] 
5425.515: [GC (Allocation Failure) [PSYoungGen: 327744K->76672K(463360K)] 1211010K->1053154K(1861632K), 0.0963470 secs] [Times: user=0.56 sys=0.01, real=0.09 secs] 
5425.796: [GC (Allocation Failure) [PSYoungGen: 307417K->111776K(452608K)] 1283900K->1159035K(1850880K), 0.0446855 secs] [Times: user=0.26 sys=0.00, real=0.04 secs] 
5426.871: [GC (Allocation Failure) [PSYoungGen: 353952K->76208K(461824K)] 1401211K->1226508K(1860096K), 0.0552074 secs] [Times: user=0.32 sys=0.01, real=0.06 secs] 
5428.407: [GC (Allocation Failure) [PSYoungGen: 318384K->107552K(461312K)] 1468684K->1332468K(1859584K), 0.0620132 secs] [Times: user=0.36 sys=0.00, real=0.06 secs] 
5429.469: [GC (Allocation Failure) [PSYoungGen: 368672K->130208K(471040K)] 1593588K->1452652K(1869312K), 0.1541088 secs] [Times: user=0.92 sys=0.00, real=0.15 secs] 
5429.623: [Full GC (Ergonomics) [PSYoungGen: 130208K->0K(471040K)] [ParOldGen: 1322444K->250214K(1398272K)] 1452652K->250214K(1869312K), [Metaspace: 59751K->59751K(1105920K)], 0.6252978 secs] [Times: user=2.97 sys=0.00, real=0.63 secs] 
5432.957: [GC (Allocation Failure) [PSYoungGen: 261120K->68832K(483840K)] 511334K->319046K(1882112K), 0.0458836 secs] [Times: user=0.27 sys=0.00, real=0.04 secs] 
5433.276: [GC (Allocation Failure) [PSYoungGen: 351968K->136000K(488448K)] 602182K->448951K(1886720K), 0.0471657 secs] [Times: user=0.27 sys=0.00, real=0.04 secs] 
5435.921: [GC (Allocation Failure) [PSYoungGen: 419136K->81056K(487424K)] 732087K->529159K(1885696K), 0.0675709 secs] [Times: user=0.40 sys=0.00, real=0.07 secs] 
5437.332: [GC (Allocation Failure) [PSYoungGen: 370336K->134848K(491008K)] 818439K->660320K(1889280K), 0.0457090 secs] [Times: user=0.27 sys=0.00, real=0.05 secs] 
5439.571: [GC (Allocation Failure) [PSYoungGen: 424128K->95920K(485376K)] 949600K->746712K(1883648K), 0.0607306 secs] [Times: user=0.35 sys=0.00, real=0.06 secs] 
5441.708: [GC (Allocation Failure) [PSYoungGen: 391856K->132496K(491520K)] 1042648K->876613K(1889792K), 0.0558345 secs] [Times: user=0.33 sys=0.00, real=0.06 secs] 
5445.073: [GC (Allocation Failure) [PSYoungGen: 428432K->102512K(491008K)] 1172549K->969345K(1889280K), 0.0618375 secs] [Times: user=0.37 sys=0.00, real=0.07 secs] 
5447.129: [GC (Allocation Failure) [PSYoungGen: 411248K->133424K(497664K)] 1278081K->1102322K(1895936K), 0.0635431 secs] [Times: user=0.37 sys=0.00, real=0.06 secs] 
5449.045: [GC (Allocation Failure) [PSYoungGen: 442160K->114720K(495104K)] 1411058K->1207905K(1893376K), 0.0642574 secs] [Times: user=0.38 sys=0.00, real=0.06 secs] 
5450.936: [GC (Allocation Failure) [PSYoungGen: 436256K->133472K(502784K)] 1529441K->1340358K(1901056K), 0.0714845 secs] [Times: user=0.42 sys=0.00, real=0.07 secs] 
5452.607: [GC (Allocation Failure) [PSYoungGen: 455008K->3168K(491520K)] 1661894K->1210166K(1889792K), 0.0034287 secs] [Times: user=0.01 sys=0.00, real=0.00 secs] 
5454.831: [GC (Allocation Failure) [PSYoungGen: 312928K->143152K(453120K)] 1519926K->1352060K(1851392K), 0.0372831 secs] [Times: user=0.22 sys=0.00, real=0.04 secs] 
5456.941: [GC (Allocation Failure) [PSYoungGen: 452912K->113600K(506880K)] 1661820K->1447859K(1905152K), 0.0648469 secs] [Times: user=0.38 sys=0.00, real=0.07 secs] 
5457.006: [Full GC (Ergonomics) [PSYoungGen: 113600K->0K(506880K)] [ParOldGen: 1334259K->16759K(1398272K)] 1447859K->16759K(1905152K), [Metaspace: 59751K->59731K(1105920K)], 0.0340167 secs] [Times: user=0.08 sys=0.00, real=0.03 secs] 
5460.136: [GC (Allocation Failure) [PSYoungGen: 307200K->128320K(435712K)] 323959K->145079K(1833984K), 0.0359826 secs] [Times: user=0.21 sys=0.00, real=0.03 secs] 
5461.515: [GC (Allocation Failure) [PSYoungGen: 435520K->119136K(502784K)] 452279K->254315K(1901056K), 0.0628833 secs] [Times: user=0.37 sys=0.00, real=0.06 secs] 
5462.984: [GC (Allocation Failure) [PSYoungGen: 431456K->127872K(497664K)] 566635K->382139K(1895936K), 0.0691946 secs] [Times: user=0.41 sys=0.00, real=0.07 secs] 
5465.658: [GC (Allocation Failure) [PSYoungGen: 440192K->120448K(508928K)] 694459K->492556K(1907200K), 0.0639052 secs] [Times: user=0.37 sys=0.01, real=0.06 secs] 
5468.103: [GC (Allocation Failure) [PSYoungGen: 448128K->131072K(506880K)] 820236K->623108K(1905152K), 0.0701484 secs] [Times: user=0.42 sys=0.00, real=0.07 secs] 
5469.418: [GC (Allocation Failure) [PSYoungGen: 458752K->3152K(493568K)] 950788K->495277K(1891840K), 0.0032123 secs] [Times: user=0.02 sys=0.00, real=0.00 secs] 
5472.336: [GC (Allocation Failure) [PSYoungGen: 318032K->135840K(451072K)] 810157K->629733K(1849344K), 0.0372558 secs] [Times: user=0.22 sys=0.00, real=0.03 secs] 
5473.560: [GC (Allocation Failure) [PSYoungGen: 450720K->113744K(510976K)] 944613K->733422K(1909248K), 0.0649164 secs] [Times: user=0.38 sys=0.00, real=0.07 secs] 
5475.453: [GC (Allocation Failure) [PSYoungGen: 430160K->137664K(504320K)] 1049838K->869834K(1902592K), 0.0598816 secs] [Times: user=0.36 sys=0.00, real=0.06 secs] 
5476.976: [GC (Allocation Failure) [PSYoungGen: 454080K->113808K(500224K)] 1186250K->973699K(1898496K), 0.0658154 secs] [Times: user=0.39 sys=0.01, real=0.06 secs] 
5478.493: [GC (Allocation Failure) [PSYoungGen: 433808K->142128K(503808K)] 1293699K->1114663K(1902080K), 0.0604147 secs] [Times: user=0.35 sys=0.00, real=0.06 secs] 
5481.631: [GC (Allocation Failure) [PSYoungGen: 462128K->107872K(506880K)] 1434663K->1213171K(1905152K), 0.0665862 secs] [Times: user=0.40 sys=0.00, real=0.07 secs] 
5483.413: [GC (Allocation Failure) [PSYoungGen: 435040K->145280K(508928K)] 1540339K->1357388K(1907200K), 0.0553256 secs] [Times: user=0.32 sys=0.01, real=0.06 secs] 
5483.468: [Full GC (Ergonomics) [PSYoungGen: 145280K->0K(508928K)] [ParOldGen: 1212108K->163361K(1398272K)] 1357388K->163361K(1907200K), [Metaspace: 59731K->59731K(1105920K)], 0.3730217 secs] [Times: user=1.70 sys=0.00, real=0.37 secs] 
5485.826: [GC (Allocation Failure) [PSYoungGen: 327168K->112864K(509440K)] 490529K->276225K(1907712K), 0.0371122 secs] [Times: user=0.21 sys=0.00, real=0.03 secs] 
5487.504: [GC (GCLocker Initiated GC) [PSYoungGen: 443616K->150160K(510976K)] 606979K->424732K(1909248K), 0.0567819 secs] [Times: user=0.34 sys=0.00, real=0.05 secs] 
5490.005: [GC (Allocation Failure) [PSYoungGen: 480912K->111008K(513536K)] 755487K->526503K(1911808K), 0.0780158 secs] [Times: user=0.46 sys=0.00, real=0.07 secs] 
5492.055: [GC (Allocation Failure) [PSYoungGen: 442272K->154432K(485888K)] 857767K->677595K(1884160K), 0.0545941 secs] [Times: user=0.32 sys=0.00, real=0.05 secs] 
5494.127: [GC (Allocation Failure) [PSYoungGen: 485696K->109600K(515072K)] 1008859K->777967K(1913344K), 0.0726784 secs] [Times: user=0.43 sys=0.00, real=0.07 secs] 
5496.642: [GC (Allocation Failure) [PSYoungGen: 428471K->147360K(510464K)] 1096839K->921420K(1908736K), 0.0532994 secs] [Times: user=0.31 sys=0.00, real=0.06 secs] 
5499.176: [GC (Allocation Failure) [PSYoungGen: 474016K->110400K(510464K)] 1248076K->1022924K(1908736K), 0.1690072 secs] [Times: user=1.01 sys=0.00, real=0.17 secs] 
5501.381: [GC (Allocation Failure) [PSYoungGen: 438080K->153440K(481280K)] 1350604K->1171529K(1879552K), 0.0531235 secs] [Times: user=0.32 sys=0.00, real=0.05 secs] 
5506.304: [GC (Allocation Failure) [PSYoungGen: 481120K->97088K(511488K)] 1499209K->1267717K(1909760K), 0.1806065 secs] [Times: user=1.05 sys=0.00, real=0.19 secs] 
5506.989: [GC (Allocation Failure) [PSYoungGen: 420160K->173408K(496640K)] 1590789K->1435150K(1894912K), 0.0569514 secs] [Times: user=0.34 sys=0.00, real=0.06 secs] 
5507.046: [Full GC (Ergonomics) [PSYoungGen: 173408K->0K(496640K)] [ParOldGen: 1261742K->216446K(1398272K)] 1435150K->216446K(1894912K), [Metaspace: 59731K->59731K(1105920K)], 0.5131003 secs] [Times: user=2.41 sys=0.00, real=0.51 secs] 
5510.803: [GC (Allocation Failure) [PSYoungGen: 323072K->95056K(500736K)] 539518K->311503K(1899008K), 0.1337496 secs] [Times: user=0.79 sys=0.00, real=0.14 secs] 
5511.387: [GC (Allocation Failure) [PSYoungGen: 396112K->145568K(499200K)] 612559K->450995K(1897472K), 0.0536142 secs] [Times: user=0.31 sys=0.00, real=0.05 secs] 
5516.323: [GC (Allocation Failure) [PSYoungGen: 446624K->82512K(499712K)] 752051K->532956K(1897984K), 0.1605808 secs] [Times: user=0.95 sys=0.01, real=0.16 secs] 
5517.810: [GC (Allocation Failure) [PSYoungGen: 383568K->142096K(499712K)] 834012K->671301K(1897984K), 0.0477591 secs] [Times: user=0.28 sys=0.00, real=0.05 secs] 
5519.612: [GC (Allocation Failure) [PSYoungGen: 443152K->98560K(494080K)] 972357K->761112K(1892352K), 0.0636526 secs] [Times: user=0.36 sys=0.01, real=0.07 secs] 
5522.950: [GC (Allocation Failure) [PSYoungGen: 400128K->139904K(497152K)] 1062680K->897213K(1895424K), 0.0495669 secs] [Times: user=0.29 sys=0.01, real=0.05 secs] 
5524.488: [GC (Allocation Failure) [PSYoungGen: 441472K->98384K(496640K)] 1198781K->986602K(1894912K), 0.0665669 secs] [Times: user=0.39 sys=0.01, real=0.07 secs] 
5526.586: [GC (Allocation Failure) [PSYoungGen: 406608K->141760K(500224K)] 1294826K->1125838K(1898496K), 0.0525973 secs] [Times: user=0.31 sys=0.00, real=0.05 secs] 
5528.946: [GC (Allocation Failure) [PSYoungGen: 449984K->101072K(501248K)] 1434062K->1217890K(1899520K), 0.0649033 secs] [Times: user=0.39 sys=0.00, real=0.06 secs] 
5531.291: [GC (Allocation Failure) [PSYoungGen: 415440K->144320K(503808K)] 1532258K->1359865K(1902080K), 0.0515926 secs] [Times: user=0.30 sys=0.00, real=0.05 secs] 
5531.342: [Full GC (Ergonomics) [PSYoungGen: 144320K->0K(503808K)] [ParOldGen: 1215545K->167322K(1398272K)] 1359865K->167322K(1902080K), [Metaspace: 59732K->59732K(1105920K)], 0.3816707 secs] [Times: user=1.74 sys=0.00, real=0.39 secs] 
5532.783: [GC (Allocation Failure) [PSYoungGen: 314368K->108944K(502272K)] 481690K->276267K(1900544K), 0.0367070 secs] [Times: user=0.21 sys=0.00, real=0.04 secs] 
5535.201: [GC (Allocation Failure) [PSYoungGen: 426896K->143408K(504832K)] 594219K->417176K(1903104K), 0.0545971 secs] [Times: user=0.33 sys=0.00, real=0.06 secs] 
5537.029: [GC (Allocation Failure) [PSYoungGen: 461360K->110176K(505344K)] 735128K->517864K(1903616K), 0.0644536 secs] [Times: user=0.39 sys=0.00, real=0.06 secs] 
5539.500: [GC (Allocation Failure) [PSYoungGen: 433760K->146432K(507904K)] 841448K->662085K(1906176K), 0.0551339 secs] [Times: user=0.32 sys=0.02, real=0.06 secs] 
5541.042: [GC (Allocation Failure) [PSYoungGen: 470016K->111040K(509952K)] 985669K->764185K(1908224K), 0.0659294 secs] [Times: user=0.39 sys=0.01, real=0.07 secs] 
5543.589: [GC (Allocation Failure) [PSYoungGen: 438720K->149440K(510976K)] 1091865K->910349K(1909248K), 0.0545522 secs] [Times: user=0.32 sys=0.00, real=0.05 secs] 
5545.087: [GC (Allocation Failure) [PSYoungGen: 477120K->110320K(512000K)] 1238029K->1011230K(1910272K), 0.0669509 secs] [Times: user=0.39 sys=0.00, real=0.06 secs] 
5546.848: [GC (Allocation Failure) [PSYoungGen: 438269K->151392K(480256K)] 1339179K->1158914K(1878528K), 0.0539055 secs] [Times: user=0.32 sys=0.00, real=0.05 secs] 
5549.302: [GC (GCLocker Initiated GC) [PSYoungGen: 480096K->110576K(514560K)] 1487618K->1260667K(1912832K), 0.1787612 secs] [Times: user=1.07 sys=0.00, real=0.18 secs] 
5550.681: [GC (Allocation Failure) [PSYoungGen: 437744K->153120K(480768K)] 1587838K->1409514K(1879040K), 0.0538353 secs] [Times: user=0.32 sys=0.00, real=0.06 secs] 
5550.735: [Full GC (Ergonomics) [PSYoungGen: 153120K->0K(480768K)] [ParOldGen: 1256394K->208807K(1398272K)] 1409514K->208807K(1879040K), [Metaspace: 59732K->59732K(1105920K)], 0.4785916 secs] [Times: user=2.22 sys=0.00, real=0.47 secs] 
5555.197: [GC (Allocation Failure) [PSYoungGen: 323911K->92208K(509952K)] 532718K->301016K(1908224K), 0.1396677 secs] [Times: user=0.83 sys=0.00, real=0.14 secs] 
5556.259: [GC (Allocation Failure) [PSYoungGen: 413232K->151472K(472576K)] 622040K->448284K(1870848K), 0.0542996 secs] [Times: user=0.32 sys=0.00, real=0.05 secs] 
5558.927: [GC (Allocation Failure) [PSYoungGen: 472496K->97168K(507904K)] 769308K->544580K(1906176K), 0.1512220 secs] [Times: user=0.89 sys=0.00, real=0.15 secs] 
5559.411: [GC (Allocation Failure) [PSYoungGen: 412560K->151808K(467456K)] 859972K->690425K(1865728K), 0.0548622 secs] [Times: user=0.32 sys=0.00, real=0.06 secs] 
5562.419: [GC (Allocation Failure) [PSYoungGen: 467200K->94400K(505344K)] 1005817K->784053K(1903616K), 0.1195295 secs] [Times: user=0.71 sys=0.00, real=0.12 secs] 
5562.932: [GC (Allocation Failure) [PSYoungGen: 405184K->151088K(462336K)] 1094837K->929218K(1860608K), 0.0543563 secs] [Times: user=0.32 sys=0.00, real=0.06 secs] 
5566.267: [GC (Allocation Failure) [PSYoungGen: 461872K->92768K(503808K)] 1240002K->1021582K(1902080K), 0.1616195 secs] [Times: user=0.96 sys=0.01, real=0.16 secs] 
5566.794: [GC (Allocation Failure) [PSYoungGen: 399968K->146048K(502272K)] 1328782K->1161694K(1900544K), 0.0537361 secs] [Times: user=0.32 sys=0.00, real=0.06 secs] 
5569.267: [GC (Allocation Failure) [PSYoungGen: 453248K->92800K(502272K)] 1468894K->1254406K(1900544K), 0.1586784 secs] [Times: user=0.94 sys=0.00, real=0.16 secs] 
5570.322: [GC (Allocation Failure) [PSYoungGen: 393722K->140160K(502272K)] 1555329K->1390774K(1900544K), 0.1195835 secs] [Times: user=0.72 sys=0.01, real=0.12 secs] 
5570.442: [Full GC (Ergonomics) [PSYoungGen: 140160K->0K(502272K)] [ParOldGen: 1250614K->197273K(1398272K)] 1390774K->197273K(1900544K), [Metaspace: 59732K->59732K(1105920K)], 0.5215302 secs] [Times: user=2.48 sys=0.00, real=0.52 secs] 
5573.410: [GC (Allocation Failure) [PSYoungGen: 307200K->96944K(499200K)] 504473K->294218K(1897472K), 0.0306909 secs] [Times: user=0.18 sys=0.00, real=0.03 secs] 
5576.781: [GC (Allocation Failure) [PSYoungGen: 406192K->143072K(501248K)] 603466K->433382K(1899520K), 0.1337592 secs] [Times: user=0.79 sys=0.00, real=0.14 secs] 
5578.093: [GC (Allocation Failure) [PSYoungGen: 452320K->104160K(500736K)] 742630K->528854K(1899008K), 0.0638909 secs] [Times: user=0.38 sys=0.01, real=0.07 secs] 
5580.861: [GC (Allocation Failure) [PSYoungGen: 418016K->143296K(503296K)] 842710K->669015K(1901568K), 0.0757225 secs] [Times: user=0.45 sys=0.00, real=0.08 secs] 
5583.010: [GC (Allocation Failure) [PSYoungGen: 456804K->103408K(504320K)] 982523K->764079K(1902592K), 0.0640351 secs] [Times: user=0.38 sys=0.00, real=0.07 secs] 
5586.167: [GC (Allocation Failure) [PSYoungGen: 422384K->144224K(506368K)] 1083055K->905628K(1904640K), 0.0520948 secs] [Times: user=0.31 sys=0.01, real=0.05 secs] 
5587.403: [GC (Allocation Failure) [PSYoungGen: 463200K->108560K(505344K)] 1224604K->1004628K(1903616K), 0.0845197 secs] [Times: user=0.51 sys=0.00, real=0.09 secs] 
5589.604: [GC (Allocation Failure) [PSYoungGen: 430608K->151200K(507392K)] 1326676K->1152196K(1905664K), 0.0539115 secs] [Times: user=0.32 sys=0.00, real=0.05 secs] 
5591.505: [GC (Allocation Failure) [PSYoungGen: 473248K->106336K(509952K)] 1474244K->1249772K(1908224K), 0.0797021 secs] [Times: user=0.47 sys=0.01, real=0.08 secs] 
5594.155: [GC (Allocation Failure) [PSYoungGen: 428896K->150400K(473088K)] 1572332K->1396337K(1871360K), 0.0527593 secs] [Times: user=0.31 sys=0.00, real=0.05 secs] 
5594.208: [Full GC (Ergonomics) [PSYoungGen: 150400K->0K(473088K)] [ParOldGen: 1245937K->193858K(1398272K)] 1396337K->193858K(1871360K), [Metaspace: 59732K->59732K(1105920K)], 0.4653583 secs] [Times: user=2.17 sys=0.00, real=0.46 secs] 
5597.606: [GC (Allocation Failure) [PSYoungGen: 322560K->108640K(512000K)] 516418K->302498K(1910272K), 0.1018694 secs] [Times: user=0.60 sys=0.01, real=0.10 secs] 
5598.941: [GC (Allocation Failure) [PSYoungGen: 424147K->144864K(508416K)] 618005K->443663K(1906688K), 0.0613692 secs] [Times: user=0.35 sys=0.00, real=0.06 secs] 
5600.768: [GC (Allocation Failure) [PSYoungGen: 466400K->105712K(507904K)] 765199K->540675K(1906176K), 0.1289134 secs] [Times: user=0.76 sys=0.00, real=0.13 secs] 
5603.288: [GC (Allocation Failure) [PSYoungGen: 422189K->145632K(508928K)] 857153K->682264K(1907200K), 0.0500588 secs] [Times: user=0.29 sys=0.00, real=0.05 secs] 
5605.427: [GC (Allocation Failure) [PSYoungGen: 469216K->107456K(509440K)] 1005848K->780708K(1907712K), 0.1418017 secs] [Times: user=0.84 sys=0.00, real=0.14 secs] 
5607.570: [GC (Allocation Failure) [PSYoungGen: 433600K->153440K(479744K)] 1106852K->929944K(1878016K), 0.0523371 secs] [Times: user=0.31 sys=0.00, real=0.05 secs] 
5610.695: [GC (Allocation Failure) [PSYoungGen: 479584K->98176K(510976K)] 1256088K->1027632K(1909248K), 0.1683653 secs] [Times: user=1.00 sys=0.00, real=0.16 secs] 
5611.596: [GC (Allocation Failure) [PSYoungGen: 419712K->152416K(474112K)] 1349168K->1174093K(1872384K), 0.0562868 secs] [Times: user=0.33 sys=0.00, real=0.05 secs] 
5615.017: [GC (Allocation Failure) [PSYoungGen: 473952K->95168K(507904K)] 1495629K->1268413K(1906176K), 0.1682471 secs] [Times: user=1.00 sys=0.00, real=0.17 secs] 
5615.555: [GC (Allocation Failure) [PSYoungGen: 411072K->153872K(470016K)] 1584317K->1416177K(1868288K), 0.0559043 secs] [Times: user=0.33 sys=0.00, real=0.05 secs] 
5615.611: [Full GC (Ergonomics) [PSYoungGen: 153872K->0K(470016K)] [ParOldGen: 1262305K->214519K(1398272K)] 1416177K->214519K(1868288K), [Metaspace: 59732K->59732K(1105920K)], 0.5057299 secs] [Times: user=2.37 sys=0.00, real=0.51 secs] 
5618.769: [GC (Allocation Failure) [PSYoungGen: 315904K->94208K(504832K)] 530423K->308727K(1903104K), 0.1200663 secs] [Times: user=0.71 sys=0.00, real=0.12 secs] 
5619.256: [GC (Allocation Failure) [PSYoungGen: 403456K->149664K(459264K)] 617975K->452144K(1857536K), 0.0539935 secs] [Times: user=0.31 sys=0.00, real=0.05 secs] 
5622.105: [GC (Allocation Failure) [PSYoungGen: 458912K->93488K(503808K)] 761392K->545229K(1902080K), 0.1713487 secs] [Times: user=1.02 sys=0.01, real=0.17 secs] 
5623.416: [GC (Allocation Failure) [PSYoungGen: 400688K->147248K(454656K)] 852429K->686298K(1852928K), 0.0536062 secs] [Times: user=0.32 sys=0.00, real=0.05 secs] 
5625.641: [GC (Allocation Failure) [PSYoungGen: 454448K->91248K(503296K)] 993498K->776650K(1901568K), 0.1609055 secs] [Times: user=0.96 sys=0.00, real=0.16 secs] 
5626.646: [GC (Allocation Failure) [PSYoungGen: 381678K->138240K(444928K)] 1067080K->911154K(1843200K), 0.0494320 secs] [Times: user=0.29 sys=0.00, real=0.05 secs] 
5628.769: [GC (GCLocker Initiated GC) [PSYoungGen: 444416K->100752K(503808K)] 1217330K->1003291K(1902080K), 0.0892670 secs] [Times: user=0.53 sys=0.00, real=0.09 secs] 
5629.881: [GC (Allocation Failure) [PSYoungGen: 410000K->142496K(500736K)] 1312591K->1142415K(1899008K), 0.0525322 secs] [Times: user=0.31 sys=0.00, real=0.05 secs] 
5633.127: [GC (Allocation Failure) [PSYoungGen: 451744K->103216K(503808K)] 1451663K->1236527K(1902080K), 0.0651241 secs] [Times: user=0.39 sys=0.00, real=0.06 secs] 
5635.114: [GC (Allocation Failure) [PSYoungGen: 418608K->145248K(504320K)] 1551919K->1378115K(1902592K), 0.0529555 secs] [Times: user=0.32 sys=0.00, real=0.05 secs] 
5635.167: [Full GC (Ergonomics) [PSYoungGen: 145248K->0K(504320K)] [ParOldGen: 1232867K->185521K(1398272K)] 1378115K->185521K(1902592K), [Metaspace: 59732K->59732K(1105920K)], 0.4357616 secs] [Times: user=2.01 sys=0.00, real=0.43 secs] 
5638.024: [GC (Allocation Failure) [PSYoungGen: 315392K->102992K(505856K)] 500913K->288514K(1904128K), 0.0423861 secs] [Times: user=0.25 sys=0.00, real=0.05 secs] 
5640.251: [GC (Allocation Failure) [PSYoungGen: 421968K->147920K(506880K)] 607490K->433135K(1905152K), 0.0514487 secs] [Times: user=0.31 sys=0.00, real=0.05 secs] 
5642.301: [GC (Allocation Failure) [PSYoungGen: 466896K->107008K(505856K)] 752111K->531519K(1904128K), 0.0652333 secs] [Times: user=0.38 sys=0.00, real=0.07 secs] 
5643.986: [GC (Allocation Failure) [PSYoungGen: 427008K->148880K(506880K)] 851519K->677108K(1905152K), 0.0526016 secs] [Times: user=0.31 sys=0.00, real=0.05 secs] 
5645.874: [GC (Allocation Failure) [PSYoungGen: 468880K->108256K(508416K)] 997108K->776128K(1906688K), 0.0883946 secs] [Times: user=0.53 sys=0.00, real=0.09 secs] 
5648.431: [GC (Allocation Failure) [PSYoungGen: 429792K->147984K(508416K)] 1097664K->920557K(1906688K), 0.0527210 secs] [Times: user=0.31 sys=0.00, real=0.05 secs] 
5650.447: [GC (Allocation Failure) [PSYoungGen: 469520K->108672K(508416K)] 1242093K->1019812K(1906688K), 0.1690667 secs] [Times: user=0.93 sys=0.00, real=0.17 secs] 
5651.757: [GC (Allocation Failure) [PSYoungGen: 415469K->143728K(508928K)] 1326610K->1159750K(1907200K), 0.0518472 secs] [Times: user=0.30 sys=0.00, real=0.05 secs] 
5654.945: [GC (Allocation Failure) [PSYoungGen: 466288K->103808K(508416K)] 1482310K->1254765K(1906688K), 0.0969546 secs] [Times: user=0.57 sys=0.00, real=0.09 secs] 
5657.185: [GC (Allocation Failure) [PSYoungGen: 421747K->148464K(509952K)] 1572705K->1398983K(1908224K), 0.0514086 secs] [Times: user=0.30 sys=0.00, real=0.05 secs] 
5657.236: [Full GC (Ergonomics) [PSYoungGen: 148464K->0K(509952K)] [ParOldGen: 1250518K->196482K(1398272K)] 1398983K->196482K(1908224K), [Metaspace: 59732K->59732K(1105920K)], 0.4738609 secs] [Times: user=2.22 sys=0.00, real=0.47 secs] 
5659.281: [GC (Allocation Failure) [PSYoungGen: 325120K->109952K(510976K)] 521602K->306434K(1909248K), 0.0667274 secs] [Times: user=0.39 sys=0.00, real=0.07 secs] 
5660.920: [GC (Allocation Failure) [PSYoungGen: 436096K->151456K(477696K)] 632578K->453959K(1875968K), 0.0522608 secs] [Times: user=0.31 sys=0.00, real=0.05 secs] 
5663.154: [GC (Allocation Failure) [PSYoungGen: 477600K->106736K(513024K)] 780103K->560119K(1911296K), 0.1568865 secs] [Times: user=0.93 sys=0.01, real=0.16 secs] 
5663.794: [GC (Allocation Failure) [PSYoungGen: 431344K->171984K(496640K)] 884727K->722420K(1894912K), 0.0587216 secs] [Times: user=0.34 sys=0.00, real=0.06 secs] 
5667.715: [GC (Allocation Failure) [PSYoungGen: 496592K->96288K(502784K)] 1047028K->802072K(1901056K), 0.1780539 secs] [Times: user=1.06 sys=0.00, real=0.17 secs] 
5668.142: [GC (Allocation Failure) [PSYoungGen: 401952K->165584K(471552K)] 1107736K->961529K(1869824K), 0.0561143 secs] [Times: user=0.33 sys=0.00, real=0.06 secs] 
5671.314: [GC (Allocation Failure) [PSYoungGen: 471248K->85968K(495104K)] 1267193K->1030921K(1893376K), 0.1425363 secs] [Times: user=0.85 sys=0.00, real=0.15 secs] 
5672.228: [GC (Allocation Failure) [PSYoungGen: 368368K->134960K(426496K)] 1313321K->1159818K(1824768K), 0.0469895 secs] [Times: user=0.28 sys=0.00, real=0.05 secs] 
5675.613: [GC (Allocation Failure) [PSYoungGen: 426288K->90944K(492032K)] 1451146K->1241925K(1890304K), 0.0615480 secs] [Times: user=0.35 sys=0.01, real=0.07 secs] 
5677.816: [GC (Allocation Failure) [PSYoungGen: 383296K->136608K(491008K)] 1534277K->1375170K(1889280K), 0.0479406 secs] [Times: user=0.29 sys=0.00, real=0.04 secs] 
5677.864: [Full GC (Ergonomics) [PSYoungGen: 136608K->0K(491008K)] [ParOldGen: 1238562K->173468K(1398272K)] 1375170K->173468K(1889280K), [Metaspace: 59732K->59732K(1105920K)], 0.4087305 secs] [Times: user=1.88 sys=0.00, real=0.41 secs] 
5680.097: [GC (Allocation Failure) [PSYoungGen: 292352K->96656K(498176K)] 465820K->270125K(1896448K), 0.0356585 secs] [Times: user=0.22 sys=0.00, real=0.03 secs] 
5682.005: [GC (Allocation Failure) [PSYoungGen: 399248K->134560K(496128K)] 572717K->403042K(1894400K), 0.0585119 secs] [Times: user=0.34 sys=0.00, real=0.05 secs] 
5684.316: [GC (Allocation Failure) [PSYoungGen: 437152K->108736K(501248K)] 705634K->502258K(1899520K), 0.0634784 secs] [Times: user=0.37 sys=0.00, real=0.06 secs] 
5685.361: [GC (Allocation Failure) [PSYoungGen: 422592K->142128K(500736K)] 816114K->643564K(1899008K), 0.0688511 secs] [Times: user=0.41 sys=0.00, real=0.07 secs] 
5687.910: [GC (Allocation Failure) [PSYoungGen: 455984K->2048K(482304K)] 957420K->503571K(1880576K), 0.0022081 secs] [Times: user=0.01 sys=0.00, real=0.00 secs] 
5689.806: [GC (Allocation Failure) [PSYoungGen: 296448K->121984K(496640K)] 797971K->624352K(1894912K), 0.0363338 secs] [Times: user=0.21 sys=0.00, real=0.03 secs] 
5693.420: [GC (Allocation Failure) [PSYoungGen: 416384K->126432K(484352K)] 918752K->740392K(1882624K), 0.0622718 secs] [Times: user=0.37 sys=0.00, real=0.06 secs] 
5695.177: [GC (Allocation Failure) [PSYoungGen: 425952K->106400K(493056K)] 1039912K->846304K(1891328K), 0.0826317 secs] [Times: user=0.49 sys=0.00, real=0.08 secs] 
5696.591: [GC (Allocation Failure) [PSYoungGen: 402997K->178624K(478208K)] 1142901K->1014833K(1876480K), 0.0698363 secs] [Times: user=0.41 sys=0.00, real=0.07 secs] 
5698.172: [GC (GCLocker Initiated GC) [PSYoungGen: 469952K->86768K(495104K)] 1306161K->1064817K(1893376K), 0.1075795 secs] [Times: user=0.63 sys=0.02, real=0.11 secs] 
5699.220: [GC (Allocation Failure) [PSYoungGen: 378096K->139280K(492544K)] 1356148K->1198040K(1890816K), 0.1012812 secs] [Times: user=0.60 sys=0.00, real=0.10 secs] 
5701.808: [GC (Allocation Failure) [PSYoungGen: 433168K->87856K(495104K)] 1491928K->1285517K(1893376K), 0.1258909 secs] [Times: user=0.66 sys=0.01, real=0.12 secs] 
5702.136: [GC (Allocation Failure) [PSYoungGen: 381744K->143488K(495104K)] 1579405K->1423057K(1893376K), 0.0530305 secs] [Times: user=0.31 sys=0.00, real=0.05 secs] 
5702.189: [Full GC (Ergonomics) [PSYoungGen: 143488K->0K(495104K)] [ParOldGen: 1279569K->220279K(1398272K)] 1423057K->220279K(1893376K), [Metaspace: 59732K->59732K(1105920K)], 0.5124677 secs] [Times: user=2.38 sys=0.00, real=0.51 secs] 
5705.782: [GC (Allocation Failure) [PSYoungGen: 296960K->82976K(497152K)] 517239K->303255K(1895424K), 0.1069041 secs] [Times: user=0.63 sys=0.01, real=0.11 secs] 
5706.382: [GC (Allocation Failure) [PSYoungGen: 369017K->137152K(498688K)] 589296K->434469K(1896960K), 0.0461462 secs] [Times: user=0.27 sys=0.00, real=0.05 secs] 
5707.762: [GC (Allocation Failure) [PSYoungGen: 437696K->98176K(398848K)] 735013K->524097K(1797120K), 0.0824700 secs] [Times: user=0.49 sys=0.00, real=0.09 secs] 
5711.484: [GC (Allocation Failure) [PSYoungGen: 398720K->143776K(492544K)] 824641K->664406K(1890816K), 0.0486136 secs] [Times: user=0.29 sys=0.01, real=0.05 secs] 
5712.697: [GC (Allocation Failure) [PSYoungGen: 443296K->100800K(495616K)] 963926K->747662K(1893888K), 0.0765043 secs] [Times: user=0.46 sys=0.00, real=0.07 secs] 
5714.341: [GC (Allocation Failure) [PSYoungGen: 400320K->136864K(500224K)] 1047182K->882855K(1898496K), 0.0508585 secs] [Times: user=0.30 sys=0.01, real=0.05 secs] 
5716.747: [GC (Allocation Failure) [PSYoungGen: 446112K->103056K(500736K)] 1192103K->977632K(1899008K), 0.0630871 secs] [Times: user=0.37 sys=0.00, real=0.06 secs] 
5719.577: [GC (Allocation Failure) [PSYoungGen: 412304K->138240K(502784K)] 1286880K->1113812K(1901056K), 0.0561460 secs] [Times: user=0.33 sys=0.00, real=0.05 secs] 
5720.783: [GC (Allocation Failure) [PSYoungGen: 454144K->107792K(503296K)] 1429716K->1212140K(1901568K), 0.0722520 secs] [Times: user=0.42 sys=0.01, real=0.08 secs] 
5723.650: [GC (Allocation Failure) [PSYoungGen: 423696K->142352K(504832K)] 1528044K->1352545K(1903104K), 0.0594248 secs] [Times: user=0.35 sys=0.00, real=0.06 secs] 
5724.907: [GC (Allocation Failure) [PSYoungGen: 464400K->112176K(507392K)] 1674593K->1455549K(1905664K), 0.0667970 secs] [Times: user=0.40 sys=0.00, real=0.06 secs] 
5724.974: [Full GC (Ergonomics) [PSYoungGen: 112176K->0K(507392K)] [ParOldGen: 1343373K->24971K(1398272K)] 1455549K->24971K(1905664K), [Metaspace: 59732K->59732K(1105920K)], 0.0755723 secs] [Times: user=0.30 sys=0.00, real=0.08 secs] 
5726.641: [GC (Allocation Failure) [PSYoungGen: 322048K->147344K(506880K)] 347019K->172315K(1905152K), 0.0427507 secs] [Times: user=0.25 sys=0.00, real=0.04 secs] 
5728.993: [GC (Allocation Failure) [PSYoungGen: 474000K->108128K(510976K)] 498971K->271863K(1909248K), 0.0804185 secs] [Times: user=0.48 sys=0.00, real=0.08 secs] 
5731.741: [GC (Allocation Failure) [PSYoungGen: 434784K->150688K(507904K)] 598519K->419852K(1906176K), 0.0532766 secs] [Times: user=0.31 sys=0.01, real=0.06 secs] 
5733.397: [GC (Allocation Failure) [PSYoungGen: 477856K->112352K(513024K)] 747020K->523176K(1911296K), 0.0656477 secs] [Times: user=0.39 sys=0.00, real=0.06 secs] 
5735.967: [GC (Allocation Failure) [PSYoungGen: 439520K->151824K(507904K)] 850344K->671097K(1906176K), 0.0539056 secs] [Times: user=0.32 sys=0.01, real=0.05 secs] 
5737.975: [GC (Allocation Failure) [PSYoungGen: 477968K->109600K(512512K)] 997241K->771557K(1910784K), 0.1703189 secs] [Times: user=1.01 sys=0.00, real=0.17 secs] 
5740.530: [GC (Allocation Failure) [PSYoungGen: 429907K->146560K(511488K)] 1091864K->914201K(1909760K), 0.0526217 secs] [Times: user=0.32 sys=0.00, real=0.05 secs] 
5743.132: [GC (Allocation Failure) [PSYoungGen: 474752K->110112K(438784K)] 1242393K->1014746K(1837056K), 0.1585496 secs] [Times: user=0.94 sys=0.00, real=0.16 secs] 
5744.542: [GC (Allocation Failure) [PSYoungGen: 438304K->152896K(507392K)] 1342938K->1163702K(1905664K), 0.0530469 secs] [Times: user=0.31 sys=0.00, real=0.06 secs] 
5748.347: [GC (Allocation Failure) [PSYoungGen: 478016K->96992K(512000K)] 1488822K->1260178K(1910272K), 0.1625689 secs] [Times: user=0.97 sys=0.00, real=0.16 secs] 
5749.589: [GC (Allocation Failure) [PSYoungGen: 422112K->172416K(488960K)] 1585298K->1426362K(1887232K), 0.0575826 secs] [Times: user=0.34 sys=0.00, real=0.06 secs] 
5749.647: [Full GC (Ergonomics) [PSYoungGen: 172416K->0K(488960K)] [ParOldGen: 1253946K->215964K(1398272K)] 1426362K->215964K(1887232K), [Metaspace: 59732K->59732K(1105920K)], 0.5083890 secs] [Times: user=2.38 sys=0.00, real=0.51 secs] 
5753.717: [GC (Allocation Failure) [PSYoungGen: 302592K->86000K(388608K)] 518556K->301965K(1786880K), 0.1249107 secs] [Times: user=0.73 sys=0.01, real=0.12 secs] 
5754.632: [GC (Allocation Failure) [PSYoungGen: 375460K->138144K(502784K)] 591424K->435616K(1901056K), 0.0462832 secs] [Times: user=0.27 sys=0.00, real=0.05 secs] 
5756.771: [GC (Allocation Failure) [PSYoungGen: 442272K->99536K(403968K)] 739744K->526612K(1802240K), 0.0738652 secs] [Times: user=0.44 sys=0.01, real=0.08 secs] 
5759.404: [GC (Allocation Failure) [PSYoungGen: 403664K->140496K(498176K)] 830740K->663425K(1896448K), 0.0487447 secs] [Times: user=0.28 sys=0.00, real=0.05 secs] 
5761.436: [GC (Allocation Failure) [PSYoungGen: 445136K->100272K(497664K)] 968065K->754929K(1895936K), 0.0629975 secs] [Times: user=0.37 sys=0.00, real=0.06 secs] 
5763.445: [GC (Allocation Failure) [PSYoungGen: 404912K->139712K(503296K)] 1059569K->892149K(1901568K), 0.0520665 secs] [Times: user=0.28 sys=0.00, real=0.05 secs] 
5764.867: [GC (Allocation Failure) [PSYoungGen: 452544K->107184K(502784K)] 1204981K->989642K(1901056K), 0.0759729 secs] [Times: user=0.44 sys=0.01, real=0.07 secs] 
5766.199: [GC (Allocation Failure) [PSYoungGen: 420016K->145248K(502784K)] 1302474K->1132366K(1901056K), 0.0541329 secs] [Times: user=0.32 sys=0.00, real=0.05 secs] 
5767.395: [GC (Allocation Failure) [PSYoungGen: 461664K->108032K(504832K)] 1448782K->1231406K(1903104K), 0.0655747 secs] [Times: user=0.39 sys=0.00, real=0.06 secs] 
5770.782: [GC (Allocation Failure) [PSYoungGen: 424448K->144528K(506880K)] 1547822K->1372748K(1905152K), 0.0540532 secs] [Times: user=0.32 sys=0.01, real=0.06 secs] 
5770.836: [Full GC (Ergonomics) [PSYoungGen: 144528K->0K(506880K)] [ParOldGen: 1228219K->178996K(1398272K)] 1372748K->178996K(1905152K), [Metaspace: 59732K->59732K(1105920K)], 0.4236932 secs] [Times: user=1.96 sys=0.00, real=0.42 secs] 
5772.313: [GC (Allocation Failure) [PSYoungGen: 322048K->108432K(508928K)] 501044K->287428K(1907200K), 0.0341439 secs] [Times: user=0.20 sys=0.00, real=0.04 secs] 
5775.126: [GC (Allocation Failure) [PSYoungGen: 430480K->149376K(506880K)] 609476K->433023K(1905152K), 0.0536291 secs] [Times: user=0.32 sys=0.00, real=0.05 secs] 
5776.303: [GC (Allocation Failure) [PSYoungGen: 472960K->109280K(510464K)] 756607K->533247K(1908736K), 0.0731249 secs] [Times: user=0.43 sys=0.00, real=0.08 secs] 
5779.292: [GC (Allocation Failure) [PSYoungGen: 432864K->152000K(506880K)] 856831K->680980K(1905152K), 0.0533814 secs] [Times: user=0.32 sys=0.00, real=0.06 secs] 
5782.000: [GC (Allocation Failure) [PSYoungGen: 475072K->108032K(510976K)] 1004052K->779732K(1909248K), 0.1698709 secs] [Times: user=1.01 sys=0.01, real=0.17 secs] 
5783.529: [GC (Allocation Failure) [PSYoungGen: 418655K->143968K(510976K)] 1090356K->920020K(1909248K), 0.0520271 secs] [Times: user=0.31 sys=0.00, real=0.05 secs] 
5785.593: [GC (Allocation Failure) [PSYoungGen: 469600K->110912K(436736K)] 1245652K->1022093K(1835008K), 0.1296190 secs] [Times: user=0.78 sys=0.00, real=0.13 secs] 
5787.293: [GC (Allocation Failure) [PSYoungGen: 436544K->150192K(507392K)] 1347725K->1168478K(1905664K), 0.1030701 secs] [Times: user=0.61 sys=0.00, real=0.11 secs] 
5791.459: [GC (Allocation Failure) [PSYoungGen: 473283K->94928K(510464K)] 1491569K->1263174K(1908736K), 0.1767454 secs] [Times: user=1.05 sys=0.00, real=0.18 secs] 
5792.531: [GC (Allocation Failure) [PSYoungGen: 419024K->154112K(503296K)] 1587270K->1413282K(1901568K), 0.0553373 secs] [Times: user=0.33 sys=0.00, real=0.06 secs] 
5792.587: [Full GC (Ergonomics) [PSYoungGen: 154112K->0K(503296K)] [ParOldGen: 1259170K->212195K(1398272K)] 1413282K->212195K(1901568K), [Metaspace: 59732K->59732K(1105920K)], 0.4869290 secs] [Times: user=2.26 sys=0.00, real=0.48 secs] 
5795.471: [GC (Allocation Failure) [PSYoungGen: 316928K->94608K(507904K)] 529123K->306804K(1906176K), 0.1542140 secs] [Times: user=0.90 sys=0.01, real=0.16 secs] 
5797.456: [GC (Allocation Failure) [PSYoungGen: 411536K->149984K(503296K)] 623732K->450729K(1901568K), 0.0533059 secs] [Times: user=0.31 sys=0.00, real=0.05 secs] 
5799.422: [GC (Allocation Failure) [PSYoungGen: 462816K->96704K(505856K)] 763561K->546649K(1904128K), 0.1503081 secs] [Times: user=0.90 sys=0.00, real=0.15 secs] 
5800.157: [GC (Allocation Failure) [PSYoungGen: 409536K->149568K(501760K)] 859481K->690078K(1900032K), 0.0545250 secs] [Times: user=0.32 sys=0.00, real=0.05 secs] 
5802.917: [GC (GCLocker Initiated GC) [PSYoungGen: 459328K->92816K(504320K)] 999838K->781783K(1902592K), 0.1440539 secs] [Times: user=0.85 sys=0.01, real=0.14 secs] 
5803.624: [GC (Allocation Failure) [PSYoungGen: 402576K->138208K(500224K)] 1107930K->930182K(1898496K), 0.2459356 secs] [Times: user=1.47 sys=0.00, real=0.24 secs] 
5806.604: [GC (Allocation Failure) [PSYoungGen: 448992K->99376K(502784K)] 1240966K->1029071K(1901056K), 0.4367756 secs] [Times: user=2.61 sys=0.00, real=0.44 secs] 
5807.499: [GC (Allocation Failure) [PSYoungGen: 410160K->148256K(503296K)] 1339855K->1167151K(1901568K), 0.0555920 secs] [Times: user=0.33 sys=0.00, real=0.06 secs] 
5810.993: [GC (Allocation Failure) [PSYoungGen: 462112K->92256K(506368K)] 1481007K->1258147K(1904640K), 0.1206455 secs] [Times: user=0.72 sys=0.00, real=0.13 secs] 
5812.144: [GC (Allocation Failure) [PSYoungGen: 406112K->151472K(499200K)] 1572003K->1403529K(1897472K), 0.0550992 secs] [Times: user=0.33 sys=0.00, real=0.05 secs] 
5812.199: [Full GC (Ergonomics) [PSYoungGen: 151472K->0K(499200K)] [ParOldGen: 1252056K->209643K(1398272K)] 1403529K->209643K(1897472K), [Metaspace: 59732K->59732K(1105920K)], 0.4869685 secs] [Times: user=2.27 sys=0.00, real=0.49 secs] 
5815.506: [GC (Allocation Failure) [PSYoungGen: 307712K->89968K(503296K)] 517355K->299612K(1901568K), 0.1350682 secs] [Times: user=0.81 sys=0.00, real=0.13 secs] 
5816.345: [GC (Allocation Failure) [PSYoungGen: 389542K->139392K(500736K)] 599186K->434804K(1899008K), 0.0480156 secs] [Times: user=0.29 sys=0.00, real=0.04 secs] 
5820.211: [GC (Allocation Failure) [PSYoungGen: 448640K->100384K(502784K)] 744052K->526172K(1901056K), 0.0633327 secs] [Times: user=0.38 sys=0.00, real=0.07 secs] 
5823.000: [GC (Allocation Failure) [PSYoungGen: 409632K->143808K(502784K)] 835420K->666453K(1901056K), 0.0503128 secs] [Times: user=0.29 sys=0.00, real=0.05 secs] 
5824.196: [GC (Allocation Failure) [PSYoungGen: 456128K->104992K(504320K)] 978773K->761961K(1902592K), 0.0641007 secs] [Times: user=0.38 sys=0.01, real=0.06 secs] 
5826.143: [GC (GCLocker Initiated GC) [PSYoungGen: 417312K->144160K(503296K)] 1074281K->902986K(1901568K), 0.0964298 secs] [Times: user=0.57 sys=0.01, real=0.10 secs] 
5828.193: [GC (Allocation Failure) [PSYoungGen: 459040K->104624K(504832K)] 1217869K->998502K(1903104K), 0.0896646 secs] [Times: user=0.53 sys=0.00, real=0.09 secs] 
5831.161: [GC (Allocation Failure) [PSYoungGen: 419504K->146144K(504832K)] 1313382K->1140502K(1903104K), 0.0523467 secs] [Times: user=0.31 sys=0.00, real=0.05 secs] 
5832.778: [GC (Allocation Failure) [PSYoungGen: 464096K->107248K(507392K)] 1458454K->1238687K(1905664K), 0.0814660 secs] [Times: user=0.47 sys=0.01, real=0.08 secs] 
5835.536: [GC (Allocation Failure) [PSYoungGen: 425200K->148800K(505344K)] 1556639K->1383387K(1903616K), 0.0532009 secs] [Times: user=0.31 sys=0.00, real=0.05 secs] 
5835.589: [Full GC (Ergonomics) [PSYoungGen: 148800K->0K(505344K)] [ParOldGen: 1234587K->191336K(1398272K)] 1383387K->191336K(1903616K), [Metaspace: 59732K->59732K(1105920K)], 0.4525619 secs] [Times: user=2.10 sys=0.00, real=0.45 secs] 
5837.131: [GC (Allocation Failure) [PSYoungGen: 319488K->107888K(508416K)] 510824K->299224K(1906688K), 0.0327122 secs] [Times: user=0.19 sys=0.00, real=0.03 secs] 
5840.086: [GC (Allocation Failure) [PSYoungGen: 427376K->148016K(507392K)] 618712K->443157K(1905664K), 0.0520490 secs] [Times: user=0.30 sys=0.00, real=0.05 secs] 
5842.756: [GC (Allocation Failure) [PSYoungGen: 469552K->104128K(509952K)] 764693K->538441K(1908224K), 0.1095787 secs] [Times: user=0.66 sys=0.00, real=0.11 secs] 
5844.592: [GC (Allocation Failure) [PSYoungGen: 425664K->148176K(506880K)] 859977K->682686K(1905152K), 0.0512138 secs] [Times: user=0.30 sys=0.00, real=0.05 secs] 
5846.642: [GC (Allocation Failure) [PSYoungGen: 469200K->106048K(509952K)] 1003710K->779334K(1908224K), 0.0855253 secs] [Times: user=0.51 sys=0.00, real=0.09 secs] 
5848.469: [GC (Allocation Failure) [PSYoungGen: 422135K->145792K(507904K)] 1095421K->921078K(1906176K), 0.0509116 secs] [Times: user=0.31 sys=0.00, real=0.05 secs] 
5851.143: [GC (Allocation Failure) [PSYoungGen: 467840K->108432K(509952K)] 1243126K->1020115K(1908224K), 0.1038255 secs] [Times: user=0.62 sys=0.00, real=0.11 secs] 
5853.046: [GC (Allocation Failure) [PSYoungGen: 420566K->142672K(509440K)] 1332249K->1159180K(1907712K), 0.0937958 secs] [Times: user=0.56 sys=0.01, real=0.09 secs] 
5856.465: [GC (Allocation Failure) [PSYoungGen: 467280K->105744K(509952K)] 1483788K->1256220K(1908224K), 0.1730587 secs] [Times: user=1.02 sys=0.01, real=0.17 secs] 
5858.229: [GC (Allocation Failure) [PSYoungGen: 430352K->154112K(505344K)] 1580828K->1406032K(1903616K), 0.0530959 secs] [Times: user=0.31 sys=0.00, real=0.05 secs] 
5858.283: [Full GC (Ergonomics) [PSYoungGen: 154112K->0K(505344K)] [ParOldGen: 1251920K->204760K(1398272K)] 1406032K->204760K(1903616K), [Metaspace: 59732K->59732K(1105920K)], 0.4746414 secs] [Times: user=2.20 sys=0.00, real=0.48 secs] 
5861.927: [GC (Allocation Failure) [PSYoungGen: 322048K->94656K(510464K)] 526808K->299416K(1908736K), 0.1959827 secs] [Times: user=1.17 sys=0.00, real=0.19 secs] 
5863.498: [GC (Allocation Failure) [PSYoungGen: 416704K->151968K(502784K)] 621464K->447670K(1901056K), 0.0549845 secs] [Times: user=0.32 sys=0.00, real=0.05 secs] 
5865.386: [GC (Allocation Failure) [PSYoungGen: 463402K->93232K(506880K)] 759104K->540014K(1905152K), 0.1086055 secs] [Times: user=0.65 sys=0.00, real=0.11 secs] 
5866.057: [GC (Allocation Failure) [PSYoungGen: 408112K->166416K(489472K)] 854894K->702003K(1887744K), 0.0555785 secs] [Times: user=0.33 sys=0.00, real=0.05 secs] 
5868.153: [GC (Allocation Failure) [PSYoungGen: 464912K->86944K(498688K)] 1000499K->772235K(1896960K), 0.1385535 secs] [Times: user=0.82 sys=0.00, real=0.14 secs] 
5869.693: [GC (Allocation Failure) [PSYoungGen: 385440K->141408K(496128K)] 1070731K->909727K(1894400K), 0.0484443 secs] [Times: user=0.28 sys=0.00, real=0.05 secs] 
5872.159: [GC (Allocation Failure) [PSYoungGen: 440416K->96000K(497664K)] 1208735K->996735K(1895936K), 0.1295120 secs] [Times: user=0.78 sys=0.00, real=0.13 secs] 
5874.682: [GC (Allocation Failure) [PSYoungGen: 395008K->139136K(497664K)] 1295743K->1131940K(1895936K), 0.0493228 secs] [Times: user=0.29 sys=0.00, real=0.05 secs] 
5876.628: [GC (Allocation Failure) [PSYoungGen: 442752K->99952K(498688K)] 1435556K->1222737K(1896960K), 0.0662733 secs] [Times: user=0.39 sys=0.00, real=0.07 secs] 
5879.256: [GC (Allocation Failure) [PSYoungGen: 403568K->138432K(502784K)] 1526353K->1358901K(1901056K), 0.0560253 secs] [Times: user=0.34 sys=0.00, real=0.05 secs] 
5879.312: [Full GC (Ergonomics) [PSYoungGen: 138432K->0K(502784K)] [ParOldGen: 1220469K->165639K(1398272K)] 1358901K->165639K(1901056K), [Metaspace: 59739K->59739K(1105920K)], 0.3822162 secs] [Times: user=1.76 sys=0.00, real=0.39 secs] 
5881.045: [GC (Allocation Failure) [PSYoungGen: 310784K->105344K(502272K)] 476423K->270983K(1900544K), 0.0402234 secs] [Times: user=0.23 sys=0.00, real=0.04 secs] 
5883.054: [GC (Allocation Failure) [PSYoungGen: 416128K->140976K(502784K)] 581767K->409669K(1901056K), 0.0592610 secs] [Times: user=0.35 sys=0.00, real=0.05 secs] 
5884.344: [GC (Allocation Failure) [PSYoungGen: 455856K->108544K(503296K)] 724549K->508840K(1901568K), 0.0644129 secs] [Times: user=0.38 sys=0.00, real=0.07 secs] 
5886.717: [GC (Allocation Failure) [PSYoungGen: 423424K->143104K(505344K)] 823720K->649785K(1903616K), 0.0580910 secs] [Times: user=0.34 sys=0.00, real=0.06 secs] 
5889.579: [GC (Allocation Failure) [PSYoungGen: 464128K->110432K(506880K)] 970809K->751133K(1905152K), 0.0745000 secs] [Times: user=0.44 sys=0.00, real=0.07 secs] 
5892.462: [GC (Allocation Failure) [PSYoungGen: 431456K->153440K(505856K)] 1072157K->902614K(1904128K), 0.0580735 secs] [Times: user=0.34 sys=0.00, real=0.06 secs] 
5893.636: [GC (Allocation Failure) [PSYoungGen: 477024K->113248K(510976K)] 1226198K->998010K(1909248K), 0.0660219 secs] [Times: user=0.39 sys=0.00, real=0.06 secs] 
5896.179: [GC (Allocation Failure) [PSYoungGen: 436832K->146776K(510976K)] 1321594K->1142463K(1909248K), 0.0548055 secs] [Times: user=0.32 sys=0.00, real=0.05 secs] 
5898.319: [GC (Allocation Failure) [PSYoungGen: 473944K->109328K(436736K)] 1469631K->1242812K(1835008K), 0.0817038 secs] [Times: user=0.48 sys=0.00, real=0.08 secs] 
5900.839: [GC (Allocation Failure) [PSYoungGen: 436496K->149968K(508416K)] 1569980K->1388905K(1906688K), 0.0543748 secs] [Times: user=0.32 sys=0.00, real=0.05 secs] 
5900.894: [Full GC (Ergonomics) [PSYoungGen: 149968K->0K(508416K)] [ParOldGen: 1238936K->186711K(1398272K)] 1388905K->186711K(1906688K), [Metaspace: 59739K->59739K(1105920K)], 0.4271253 secs] [Times: user=1.97 sys=0.00, real=0.43 secs] 
5902.563: [GC (GCLocker Initiated GC) [PSYoungGen: 325632K->112176K(512000K)] 512343K->298888K(1910272K), 0.0475635 secs] [Times: user=0.28 sys=0.00, real=0.05 secs] 
5904.012: [GC (Allocation Failure) [PSYoungGen: 437808K->144288K(512000K)] 640955K->456050K(1910272K), 0.2378637 secs] [Times: user=1.43 sys=0.00, real=0.24 secs] 
5908.575: [GC (Allocation Failure) [PSYoungGen: 472992K->98608K(513024K)] 784754K->554198K(1911296K), 0.4154643 secs] [Times: user=2.49 sys=0.00, real=0.41 secs] 
5909.452: [GC (Allocation Failure) [PSYoungGen: 427312K->157952K(502784K)] 882902K->705711K(1901056K), 0.0564470 secs] [Times: user=0.34 sys=0.00, real=0.06 secs] 
5912.677: [GC (Allocation Failure) [PSYoungGen: 476928K->96896K(508928K)] 1024687K->801639K(1907200K), 0.1577078 secs] [Times: user=0.93 sys=0.01, real=0.16 secs] 
5913.089: [GC (Allocation Failure) [PSYoungGen: 415872K->155776K(500224K)] 1120615K->951104K(1898496K), 0.0570601 secs] [Times: user=0.34 sys=0.00, real=0.06 secs] 
5917.148: [GC (Allocation Failure) [PSYoungGen: 466560K->87568K(398848K)] 1261888K->1038577K(1797120K), 0.1600552 secs] [Times: user=0.95 sys=0.00, real=0.16 secs] 
5917.546: [GC (Allocation Failure) [PSYoungGen: 398352K->148848K(500224K)] 1349361K->1181562K(1898496K), 0.0542177 secs] [Times: user=0.33 sys=0.00, real=0.05 secs] 
5920.764: [GC (Allocation Failure) [PSYoungGen: 454512K->91392K(502272K)] 1487226K->1271993K(1900544K), 0.1603939 secs] [Times: user=0.95 sys=0.01, real=0.17 secs] 
5921.270: [GC (Allocation Failure) [PSYoungGen: 397056K->147072K(500224K)] 1577657K->1412810K(1898496K), 0.0550773 secs] [Times: user=0.33 sys=0.00, real=0.06 secs] 
5921.325: [Full GC (Ergonomics) [PSYoungGen: 147072K->0K(500224K)] [ParOldGen: 1265738K->210390K(1398272K)] 1412810K->210390K(1898496K), [Metaspace: 59739K->59739K(1105920K)], 0.4966903 secs] [Times: user=2.33 sys=0.00, real=0.49 secs] 
5924.861: [GC (Allocation Failure) [PSYoungGen: 304640K->91137K(501760K)] 515030K->301527K(1900032K), 0.1171851 secs] [Times: user=0.70 sys=0.00, real=0.12 secs] 
5925.619: [GC (Allocation Failure) [PSYoungGen: 388354K->139024K(499200K)] 598744K->436352K(1897472K), 0.0486693 secs] [Times: user=0.29 sys=0.00, real=0.05 secs] 
5927.741: [GC (GCLocker Initiated GC) [PSYoungGen: 444688K->99584K(500736K)] 742016K->526696K(1899008K), 0.0611413 secs] [Times: user=0.37 sys=0.00, real=0.06 secs] 
5930.596: [GC (Allocation Failure) [PSYoungGen: 405248K->148928K(499200K)] 832379K->671927K(1897472K), 0.0489301 secs] [Times: user=0.29 sys=0.00, real=0.05 secs] 
5931.987: [GC (Allocation Failure) [PSYoungGen: 456128K->102560K(502272K)] 979127K->757379K(1900544K), 0.0706415 secs] [Times: user=0.42 sys=0.00, real=0.07 secs] 
5933.688: [GC (Allocation Failure) [PSYoungGen: 409760K->142528K(502272K)] 1064579K->896243K(1900544K), 0.0511545 secs] [Times: user=0.30 sys=0.00, real=0.05 secs] 
5936.994: [GC (Allocation Failure) [PSYoungGen: 453312K->100064K(503296K)] 1207027K->986768K(1901568K), 0.0664217 secs] [Times: user=0.39 sys=0.00, real=0.07 secs] 
5939.134: [GC (Allocation Failure) [PSYoungGen: 410848K->141312K(503808K)] 1297552K->1125896K(1902080K), 0.0516719 secs] [Times: user=0.30 sys=0.00, real=0.06 secs] 
5941.557: [GC (Allocation Failure) [PSYoungGen: 455680K->108048K(504320K)] 1440264K->1224977K(1902592K), 0.0647545 secs] [Times: user=0.38 sys=0.00, real=0.06 secs] 
5944.200: [GC (Allocation Failure) [PSYoungGen: 422416K->143360K(504832K)] 1539345K->1365817K(1903104K), 0.0537090 secs] [Times: user=0.32 sys=0.00, real=0.05 secs] 
5944.253: [Full GC (Ergonomics) [PSYoungGen: 143360K->0K(504832K)] [ParOldGen: 1222457K->172374K(1398272K)] 1365817K->172374K(1903104K), [Metaspace: 59739K->59739K(1105920K)], 0.4114312 secs] [Times: user=1.90 sys=0.00, real=0.42 secs] 
5945.766: [GC (GCLocker Initiated GC) [PSYoungGen: 318464K->106928K(505856K)] 490838K->279303K(1904128K), 0.0350484 secs] [Times: user=0.20 sys=0.00, real=0.03 secs] 
5947.407: [GC (Allocation Failure) [PSYoungGen: 425392K->151840K(504832K)] 597822K->428691K(1903104K), 0.0545949 secs] [Times: user=0.32 sys=0.00, real=0.05 secs] 
5949.960: [GC (Allocation Failure) [PSYoungGen: 472352K->111392K(509440K)] 749203K->521651K(1907712K), 0.0654391 secs] [Times: user=0.38 sys=0.01, real=0.07 secs] 
5951.692: [GC (Allocation Failure) [PSYoungGen: 431904K->145600K(508416K)] 842163K->664996K(1906688K), 0.0546038 secs] [Times: user=0.32 sys=0.00, real=0.06 secs] 
5954.491: [GC (Allocation Failure) [PSYoungGen: 469184K->109072K(510464K)] 988580K->764873K(1908736K), 0.0884595 secs] [Times: user=0.53 sys=0.00, real=0.09 secs] 
5957.199: [GC (Allocation Failure) [PSYoungGen: 432656K->150048K(507392K)] 1088457K->911277K(1905664K), 0.0540736 secs] [Times: user=0.32 sys=0.00, real=0.05 secs] 
5959.818: [GC (Allocation Failure) [PSYoungGen: 473632K->106288K(510976K)] 1234861K->1008770K(1909248K), 0.0995080 secs] [Times: user=0.59 sys=0.01, real=0.10 secs] 
5962.008: [GC (Allocation Failure) [PSYoungGen: 429872K->151360K(505856K)] 1332354K->1156414K(1904128K), 0.0526098 secs] [Times: user=0.31 sys=0.00, real=0.05 secs] 
5963.164: [GC (Allocation Failure) [PSYoungGen: 472384K->108320K(509952K)] 1477438K->1255846K(1908224K), 0.0672453 secs] [Times: user=0.40 sys=0.01, real=0.07 secs] 
5965.809: [GC (Allocation Failure) [PSYoungGen: 426375K->145360K(509440K)] 1573901K->1397396K(1907712K), 0.0523609 secs] [Times: user=0.31 sys=0.00, real=0.05 secs] 
5965.861: [Full GC (Ergonomics) [PSYoungGen: 145360K->0K(509440K)] [ParOldGen: 1252035K->195577K(1398272K)] 1397396K->195577K(1907712K), [Metaspace: 59739K->59739K(1105920K)], 0.4590248 secs] [Times: user=2.12 sys=0.00, real=0.46 secs] 
5967.535: [GC (Allocation Failure) [PSYoungGen: 323584K->107664K(431616K)] 519161K->303242K(1829888K), 0.0424279 secs] [Times: user=0.25 sys=0.01, real=0.04 secs] 
5969.904: [GC (Allocation Failure) [PSYoungGen: 421387K->144512K(509440K)] 616965K->442934K(1907712K), 0.0501307 secs] [Times: user=0.30 sys=0.00, real=0.05 secs] 
5971.660: [GC (Allocation Failure) [PSYoungGen: 469120K->109344K(510464K)] 767542K->543206K(1908736K), 0.1163051 secs] [Times: user=0.70 sys=0.00, real=0.12 secs] 
5972.837: [GC (Allocation Failure) [PSYoungGen: 433952K->151952K(506880K)] 867814K->691040K(1905152K), 0.0521829 secs] [Times: user=0.31 sys=0.00, real=0.05 secs] 
5976.138: [GC (Allocation Failure) [PSYoungGen: 476048K->99008K(510976K)] 1015136K->788671K(1909248K), 0.1767816 secs] [Times: user=1.05 sys=0.01, real=0.18 secs] 
5977.201: [GC (Allocation Failure) [PSYoungGen: 423104K->154240K(503296K)] 1112767K->936836K(1901568K), 0.0565822 secs] [Times: user=0.34 sys=0.00, real=0.06 secs] 
5980.711: [GC (Allocation Failure) [PSYoungGen: 471168K->93536K(507904K)] 1253764K->1029204K(1906176K), 0.1609486 secs] [Times: user=0.96 sys=0.01, real=0.16 secs] 
5981.569: [GC (Allocation Failure) [PSYoungGen: 410464K->152416K(501248K)] 1346132K->1175465K(1899520K), 0.0556798 secs] [Times: user=0.33 sys=0.00, real=0.06 secs] 
5984.327: [GC (GCLocker Initiated GC) [PSYoungGen: 463200K->92048K(504832K)] 1486249K->1267054K(1903104K), 0.1620353 secs] [Times: user=0.96 sys=0.00, real=0.16 secs] 
5985.296: [GC (Allocation Failure) [PSYoungGen: 402832K->149776K(500224K)] 1577841K->1410766K(1898496K), 0.0550422 secs] [Times: user=0.32 sys=0.00, real=0.05 secs] 
5985.351: [Full GC (Ergonomics) [PSYoungGen: 149776K->0K(500224K)] [ParOldGen: 1260989K->210376K(1398272K)] 1410766K->210376K(1898496K), [Metaspace: 59739K->59739K(1105920K)], 0.4872057 secs] [Times: user=2.27 sys=0.00, real=0.49 secs] 
5988.337: [GC (Allocation Failure) [PSYoungGen: 306688K->90128K(502784K)] 517064K->300505K(1901056K), 0.1653866 secs] [Times: user=0.99 sys=0.00, real=0.16 secs] 
5989.376: [GC (Allocation Failure) [PSYoungGen: 384978K->138912K(499200K)] 595354K->435285K(1897472K), 0.0488435 secs] [Times: user=0.29 sys=0.00, real=0.05 secs] 
5990.662: [GC (Allocation Failure) [PSYoungGen: 446112K->102016K(501248K)] 742485K->527981K(1899520K), 0.0760990 secs] [Times: user=0.45 sys=0.00, real=0.08 secs] 
5992.617: [GC (Allocation Failure) [PSYoungGen: 409216K->143744K(502784K)] 835181K->667746K(1901056K), 0.0495998 secs] [Times: user=0.28 sys=0.01, real=0.05 secs] 
5994.020: [GC (Allocation Failure) [PSYoungGen: 455552K->102560K(503808K)] 979554K->760802K(1902080K), 0.1234897 secs] [Times: user=0.74 sys=0.01, real=0.12 secs] 
5996.272: [GC (Allocation Failure) [PSYoungGen: 414368K->143872K(503296K)] 1072610K->901271K(1901568K), 0.0516945 secs] [Times: user=0.31 sys=0.00, real=0.05 secs] 
5998.392: [GC (Allocation Failure) [PSYoungGen: 458240K->104064K(504832K)] 1215639K->995983K(1903104K), 0.0881319 secs] [Times: user=0.52 sys=0.00, real=0.09 secs] 
6000.519: [GC (Allocation Failure) [PSYoungGen: 418432K->146816K(504320K)] 1310351K->1139459K(1902592K), 0.0535280 secs] [Times: user=0.31 sys=0.00, real=0.05 secs] 
6002.037: [GC (Allocation Failure) [PSYoungGen: 463744K->108320K(506880K)] 1456387K->1238131K(1905152K), 0.0666295 secs] [Times: user=0.39 sys=0.00, real=0.06 secs] 
6004.969: [GC (Allocation Failure) [PSYoungGen: 425248K->144799K(506368K)] 1555059K->1379240K(1904640K), 0.0528956 secs] [Times: user=0.31 sys=0.00, real=0.05 secs] 
6005.022: [Full GC (Ergonomics) [PSYoungGen: 144799K->0K(506368K)] [ParOldGen: 1234440K->187468K(1398272K)] 1379240K->187468K(1904640K), [Metaspace: 59739K->59739K(1105920K)], 0.4474293 secs] [Times: user=2.08 sys=0.00, real=0.45 secs] 
6007.142: [GC (Allocation Failure) [PSYoungGen: 320000K->109152K(507904K)] 507468K->296620K(1906176K), 0.0330625 secs] [Times: user=0.19 sys=0.00, real=0.04 secs] 
6009.990: [GC (Allocation Failure) [PSYoungGen: 429152K->146960K(506368K)] 616620K->440053K(1904640K), 0.0534318 secs] [Times: user=0.32 sys=0.01, real=0.05 secs] 
6012.503: [GC (Allocation Failure) [PSYoungGen: 469008K->109888K(508928K)] 762101K->540857K(1907200K), 0.1729008 secs] [Times: user=1.04 sys=0.00, real=0.18 secs] 
6014.609: [GC (Allocation Failure) [PSYoungGen: 424764K->145216K(509952K)] 855733K->682453K(1908224K), 0.0525816 secs] [Times: user=0.31 sys=0.00, real=0.05 secs] 
6016.646: [GC (Allocation Failure) [PSYoungGen: 471360K->106624K(511488K)] 1008597K->780157K(1909760K), 0.1412176 secs] [Times: user=0.83 sys=0.01, real=0.14 secs] 
6019.088: [GC (Allocation Failure) [PSYoungGen: 432768K->153440K(505856K)] 1106301K->928938K(1904128K), 0.0526995 secs] [Times: user=0.31 sys=0.00, real=0.05 secs] 
6022.765: [GC (Allocation Failure) [PSYoungGen: 476512K->98784K(510976K)] 1252010K->1027046K(1909248K), 0.1638933 secs] [Times: user=0.97 sys=0.01, real=0.16 secs] 
6023.741: [GC (Allocation Failure) [PSYoungGen: 421856K->155104K(501760K)] 1350118K->1176227K(1900032K), 0.0632797 secs] [Times: user=0.38 sys=0.00, real=0.07 secs] 
6026.709: [GC (Allocation Failure) [PSYoungGen: 469984K->91456K(506880K)] 1491107K->1267515K(1905152K), 0.1750483 secs] [Times: user=1.04 sys=0.01, real=0.17 secs] 
6028.100: [GC (Allocation Failure) [PSYoungGen: 406336K->152000K(500224K)] 1582395K->1412796K(1898496K), 0.0549891 secs] [Times: user=0.32 sys=0.00, real=0.06 secs] 
6028.155: [Full GC (Ergonomics) [PSYoungGen: 152000K->0K(500224K)] [ParOldGen: 1260796K->211780K(1398272K)] 1412796K->211780K(1898496K), [Metaspace: 59739K->59739K(1105920K)], 0.4926164 secs] [Times: user=2.30 sys=0.00, real=0.49 secs] 
6031.180: [GC (Allocation Failure) [PSYoungGen: 304904K->88976K(503808K)] 516684K->300757K(1902080K), 0.1441278 secs] [Times: user=0.80 sys=0.00, real=0.14 secs] 
6032.250: [GC (Allocation Failure) [PSYoungGen: 384520K->138800K(501248K)] 596300K->435194K(1899520K), 0.0476701 secs] [Times: user=0.28 sys=0.00, real=0.05 secs] 
6033.802: [GC (Allocation Failure) [PSYoungGen: 448048K->103008K(502784K)] 744442K->529029K(1901056K), 0.1211828 secs] [Times: user=0.71 sys=0.00, real=0.12 secs] 
6036.026: [GC (Allocation Failure) [PSYoungGen: 412256K->144912K(502272K)] 838277K->670130K(1900544K), 0.0497985 secs] [Times: user=0.29 sys=0.00, real=0.05 secs] 
6037.649: [GC (Allocation Failure) [PSYoungGen: 456720K->101887K(503808K)] 981938K->763177K(1902080K), 0.0644093 secs] [Times: user=0.38 sys=0.00, real=0.06 secs] 
6039.639: [GC (Allocation Failure) [PSYoungGen: 413695K->146496K(502784K)] 1074985K->906530K(1901056K), 0.0512555 secs] [Times: user=0.30 sys=0.00, real=0.05 secs] 
6042.275: [GC (Allocation Failure) [PSYoungGen: 460352K->104383K(505344K)] 1220386K->1002346K(1903616K), 0.1383349 secs] [Times: user=0.83 sys=0.00, real=0.13 secs] 
6043.913: [GC (Allocation Failure) [PSYoungGen: 418239K->145216K(505344K)] 1316202K->1143480K(1903616K), 0.0513092 secs] [Times: user=0.29 sys=0.01, real=0.06 secs] 
6045.886: [GC (Allocation Failure) [PSYoungGen: 462144K->109024K(506880K)] 1460408K->1243212K(1905152K), 0.0966364 secs] [Times: user=0.56 sys=0.01, real=0.09 secs] 
6047.334: [GC (Allocation Failure) [PSYoungGen: 425952K->146416K(504832K)] 1560140K->1385826K(1903104K), 0.0529243 secs] [Times: user=0.31 sys=0.00, real=0.06 secs] 
6047.387: [Full GC (Ergonomics) [PSYoungGen: 146416K->0K(504832K)] [ParOldGen: 1239409K->193641K(1398272K)] 1385826K->193641K(1903104K), [Metaspace: 59739K->59739K(1105920K)], 0.4536156 secs] [Times: user=2.10 sys=0.00, real=0.45 secs] 
6049.154: [GC (GCLocker Initiated GC) [PSYoungGen: 318464K->107808K(506880K)] 512106K->301450K(1905152K), 0.0420795 secs] [Times: user=0.24 sys=0.00, real=0.05 secs] 
6050.589: [GC (Allocation Failure) [PSYoungGen: 426272K->140416K(509440K)] 636301K->454844K(1907712K), 0.2050154 secs] [Times: user=1.23 sys=0.00, real=0.20 secs] 
6054.246: [GC (Allocation Failure) [PSYoungGen: 463872K->94352K(509440K)] 778301K->548901K(1907712K), 0.4349880 secs] [Times: user=2.61 sys=0.00, real=0.43 secs] 
6055.581: [GC (Allocation Failure) [PSYoungGen: 418448K->153104K(503808K)] 872997K->697498K(1902080K), 0.0558406 secs] [Times: user=0.33 sys=0.00, real=0.06 secs] 
6059.991: [GC (Allocation Failure) [PSYoungGen: 472080K->92896K(508928K)] 1016474K->789734K(1907200K), 0.1707732 secs] [Times: user=1.02 sys=0.00, real=0.17 secs] 
6061.115: [GC (Allocation Failure) [PSYoungGen: 411872K->152416K(500736K)] 1108710K->936351K(1899008K), 0.0769515 secs] [Times: user=0.46 sys=0.00, real=0.07 secs] 
6063.938: [GC (Allocation Failure) [PSYoungGen: 464224K->96416K(505344K)] 1248159K->1032343K(1903616K), 0.1657393 secs] [Times: user=0.99 sys=0.00, real=0.16 secs] 
6064.725: [GC (Allocation Failure) [PSYoungGen: 408224K->150144K(500224K)] 1344151K->1171838K(1898496K), 0.0544961 secs] [Times: user=0.33 sys=0.00, real=0.05 secs] 
6067.043: [GC (Allocation Failure) [PSYoungGen: 457701K->92176K(503808K)] 1479395K->1263039K(1902080K), 0.1097674 secs] [Times: user=0.65 sys=0.00, real=0.11 secs] 
6067.619: [GC (Allocation Failure) [PSYoungGen: 384905K->138144K(500224K)] 1555767K->1397675K(1898496K), 0.0506427 secs] [Times: user=0.30 sys=0.00, real=0.05 secs] 
6067.670: [Full GC (Ergonomics) [PSYoungGen: 138144K->0K(500224K)] [ParOldGen: 1259531K->196097K(1398272K)] 1397675K->196097K(1898496K), [Metaspace: 59739K->59739K(1105920K)], 0.4633089 secs] [Times: user=2.13 sys=0.01, real=0.46 secs] 
6069.522: [GC (Allocation Failure) [PSYoungGen: 310272K->101632K(502784K)] 506369K->297729K(1901056K), 0.0465948 secs] [Times: user=0.27 sys=0.00, real=0.05 secs] 
6072.048: [GC (Allocation Failure) [PSYoungGen: 411904K->142976K(504832K)] 608001K->437030K(1903104K), 0.0490797 secs] [Times: user=0.29 sys=0.00, real=0.05 secs] 
6073.970: [GC (Allocation Failure) [PSYoungGen: 458368K->105936K(505856K)] 752422K->533799K(1904128K), 0.1682355 secs] [Times: user=1.00 sys=0.00, real=0.17 secs] 
6076.183: [GC (Allocation Failure) [PSYoungGen: 421328K->147872K(502784K)] 849191K->677755K(1901056K), 0.0521730 secs] [Times: user=0.31 sys=0.00, real=0.06 secs] 
6077.399: [GC (Allocation Failure) [PSYoungGen: 463776K->105600K(505856K)] 993659K->774547K(1904128K), 0.0660239 secs] [Times: user=0.39 sys=0.00, real=0.07 secs] 
6079.445: [GC (Allocation Failure) [PSYoungGen: 421504K->146848K(506368K)] 1090451K->917852K(1904640K), 0.0524143 secs] [Times: user=0.31 sys=0.00, real=0.05 secs] 
6081.330: [GC (Allocation Failure) [PSYoungGen: 466336K->104272K(508928K)] 1237340K->1013333K(1907200K), 0.0661053 secs] [Times: user=0.39 sys=0.00, real=0.07 secs] 
6083.264: [GC (Allocation Failure) [PSYoungGen: 423760K->148464K(505856K)] 1332821K->1158409K(1904128K), 0.0520373 secs] [Times: user=0.31 sys=0.00, real=0.05 secs] 
6085.359: [GC (Allocation Failure) [PSYoungGen: 467952K->106048K(508928K)] 1477897K->1255721K(1907200K), 0.0942620 secs] [Times: user=0.55 sys=0.00, real=0.09 secs] 
6087.644: [GC (Allocation Failure) [PSYoungGen: 418325K->145040K(507904K)] 1567998K->1397062K(1906176K), 0.0525410 secs] [Times: user=0.30 sys=0.01, real=0.05 secs] 
6087.697: [Full GC (Ergonomics) [PSYoungGen: 145040K->0K(507904K)] [ParOldGen: 1252021K->196477K(1398272K)] 1397062K->196477K(1906176K), [Metaspace: 59739K->59739K(1105920K)], 0.4580934 secs] [Times: user=2.11 sys=0.00, real=0.46 secs] 
6089.750: [GC (Allocation Failure) [PSYoungGen: 321536K->107488K(509440K)] 518013K->303965K(1907712K), 0.0997388 secs] [Times: user=0.58 sys=0.00, real=0.10 secs] 
6092.128: [GC (Allocation Failure) [PSYoungGen: 419063K->144192K(507904K)] 615541K->444082K(1906176K), 0.0505558 secs] [Times: user=0.30 sys=0.00, real=0.05 secs] 
6094.197: [GC (GCLocker Initiated GC) [PSYoungGen: 467264K->108880K(509440K)] 767154K->543999K(1907712K), 0.1092074 secs] [Times: user=0.65 sys=0.00, real=0.11 secs] 
6095.206: [GC (Allocation Failure) [PSYoungGen: 431952K->143360K(509952K)] 883458K->699750K(1908224K), 0.2600299 secs] [Times: user=1.56 sys=0.00, real=0.26 secs] 
6099.123: [GC (Allocation Failure) [PSYoungGen: 470016K->94640K(510976K)] 1026406K->794487K(1909248K), 0.4249821 secs] [Times: user=2.54 sys=0.01, real=0.43 secs] 
6100.132: [GC (Allocation Failure) [PSYoungGen: 421296K->158256K(500736K)] 1121143K->946476K(1899008K), 0.0560944 secs] [Times: user=0.33 sys=0.00, real=0.06 secs] 
6102.595: [GC (Allocation Failure) [PSYoungGen: 475184K->96480K(507904K)] 1263404K->1042275K(1906176K), 0.1710697 secs] [Times: user=1.02 sys=0.00, real=0.17 secs] 
6103.016: [GC (Allocation Failure) [PSYoungGen: 413408K->169072K(488448K)] 1359203K->1205023K(1886720K), 0.0578847 secs] [Times: user=0.34 sys=0.00, real=0.05 secs] 
6106.251: [GC (Allocation Failure) [PSYoungGen: 467568K->85856K(498688K)] 1503519K->1273790K(1896960K), 0.1711857 secs] [Times: user=1.01 sys=0.00, real=0.17 secs] 
6106.974: [GC (Allocation Failure) [PSYoungGen: 384352K->144960K(498688K)] 1572286K->1412587K(1896960K), 0.0529731 secs] [Times: user=0.32 sys=0.00, real=0.06 secs] 
6107.027: [Full GC (Ergonomics) [PSYoungGen: 144960K->0K(498688K)] [ParOldGen: 1267627K->211577K(1398272K)] 1412587K->211577K(1896960K), [Metaspace: 59739K->59739K(1105920K)], 0.4948495 secs] [Times: user=2.31 sys=0.00, real=0.49 secs] 
6109.585: [GC (Allocation Failure) [PSYoungGen: 298496K->87872K(386560K)] 510073K->299449K(1784832K), 0.1685896 secs] [Times: user=1.01 sys=0.00, real=0.16 secs] 
6111.362: [GC (Allocation Failure) [PSYoungGen: 386368K->138496K(499200K)] 597945K->434139K(1897472K), 0.0481646 secs] [Times: user=0.29 sys=0.00, real=0.05 secs] 
6113.274: [GC (Allocation Failure) [PSYoungGen: 438528K->98144K(398336K)] 734171K->523227K(1796608K), 0.0725259 secs] [Times: user=0.43 sys=0.00, real=0.07 secs] 
6114.877: [GC (GCLocker Initiated GC) [PSYoungGen: 398176K->136688K(498176K)] 823259K->656336K(1896448K), 0.0484016 secs] [Times: user=0.28 sys=0.00, real=0.05 secs] 
6117.042: [GC (Allocation Failure) [PSYoungGen: 440304K->102080K(496640K)] 959972K->748827K(1894912K), 0.0713569 secs] [Times: user=0.42 sys=0.00, real=0.07 secs] 
6118.546: [GC (Allocation Failure) [PSYoungGen: 405696K->140528K(500224K)] 1052443K->886969K(1898496K), 0.0534091 secs] [Times: user=0.32 sys=0.00, real=0.05 secs] 
6120.545: [GC (Allocation Failure) [PSYoungGen: 451312K->103520K(500736K)] 1197753K->981000K(1899008K), 0.0698730 secs] [Times: user=0.41 sys=0.00, real=0.07 secs] 
6121.600: [GC (Allocation Failure) [PSYoungGen: 414304K->141712K(504320K)] 1291784K->1121134K(1902592K), 0.0563730 secs] [Times: user=0.33 sys=0.00, real=0.06 secs] 
6123.190: [GC (Allocation Failure) [PSYoungGen: 459664K->109280K(505856K)] 1439086K->1221241K(1904128K), 0.0704094 secs] [Times: user=0.42 sys=0.00, real=0.07 secs] 
6125.997: [GC (Allocation Failure) [PSYoungGen: 427232K->143552K(506880K)] 1539193K->1362546K(1905152K), 0.0590586 secs] [Times: user=0.35 sys=0.00, real=0.06 secs] 
6127.756: [GC (Allocation Failure) [PSYoungGen: 466624K->110720K(508416K)] 1685618K->1464178K(1906688K), 0.1257855 secs] [Times: user=0.76 sys=0.00, real=0.12 secs] 
6127.882: [Full GC (Ergonomics) [PSYoungGen: 110720K->0K(508416K)] [ParOldGen: 1353458K->33249K(1398272K)] 1464178K->33249K(1906688K), [Metaspace: 59739K->59739K(1105920K)], 0.0858605 secs] [Times: user=0.31 sys=0.00, real=0.09 secs] 
6130.384: [GC (Allocation Failure) [PSYoungGen: 323072K->147808K(507904K)] 356321K->181057K(1906176K), 0.0294306 secs] [Times: user=0.17 sys=0.00, real=0.02 secs] 
6131.576: [GC (Allocation Failure) [PSYoungGen: 473952K->112672K(511488K)] 507201K->284614K(1909760K), 0.0655079 secs] [Times: user=0.39 sys=0.00, real=0.06 secs] 
6134.236: [GC (Allocation Failure) [PSYoungGen: 438816K->152128K(508416K)] 610758K->430962K(1906688K), 0.0535306 secs] [Times: user=0.31 sys=0.00, real=0.05 secs] 
6136.314: [GC (Allocation Failure) [PSYoungGen: 479296K->111824K(513024K)] 758130K->534027K(1911296K), 0.0666211 secs] [Times: user=0.40 sys=0.00, real=0.06 secs] 
6138.878: [GC (Allocation Failure) [PSYoungGen: 438197K->148208K(510976K)] 860400K->676972K(1909248K), 0.0623755 secs] [Times: user=0.37 sys=0.00, real=0.06 secs] 
6141.160: [GC (Allocation Failure) [PSYoungGen: 476400K->107536K(513536K)] 1005164K->775844K(1911808K), 0.1461739 secs] [Times: user=0.85 sys=0.01, real=0.15 secs] 
6143.273: [GC (Allocation Failure) [PSYoungGen: 435728K->155168K(504832K)] 1104036K->926188K(1903104K), 0.0526860 secs] [Times: user=0.31 sys=0.00, real=0.06 secs] 
6146.286: [GC (Allocation Failure) [PSYoungGen: 477216K->97168K(510464K)] 1248236K->1022697K(1908736K), 0.1525635 secs] [Times: user=0.91 sys=0.01, real=0.15 secs] 
6147.275: [GC (Allocation Failure) [PSYoungGen: 419216K->187360K(420352K)] 1344745K->1204911K(1818624K), 0.0572058 secs] [Times: user=0.33 sys=0.01, real=0.05 secs] 
6149.303: [GC (Allocation Failure) [PSYoungGen: 420320K->62048K(465920K)] 1437871K->1234139K(1864192K), 0.0635982 secs] [Times: user=0.38 sys=0.01, real=0.07 secs] 
6151.165: [GC (Allocation Failure) [PSYoungGen: 295008K->103472K(465920K)] 1467099K->1335361K(1864192K), 0.0606174 secs] [Times: user=0.36 sys=0.01, real=0.06 secs] 
6151.226: [Full GC (Ergonomics) [PSYoungGen: 103472K->0K(465920K)] [ParOldGen: 1231888K->138504K(1398272K)] 1335361K->138504K(1864192K), [Metaspace: 59739K->59739K(1105920K)], 0.3150760 secs] [Times: user=1.44 sys=0.00, real=0.31 secs] 
6152.592: [GC (Allocation Failure) [PSYoungGen: 232960K->118112K(351232K)] 371464K->256616K(1749504K), 0.1008207 secs] [Times: user=0.59 sys=0.00, real=0.10 secs] 
6155.513: [GC (Allocation Failure) [PSYoungGen: 351072K->54384K(457216K)] 489576K->310937K(1855488K), 0.1513174 secs] [Times: user=0.90 sys=0.00, real=0.16 secs] 
6156.785: [GC (Allocation Failure) [PSYoungGen: 284272K->108176K(460288K)] 540825K->415292K(1858560K), 0.0392780 secs] [Times: user=0.23 sys=0.00, real=0.04 secs] 
6157.887: [GC (Allocation Failure) [PSYoungGen: 338064K->94848K(461824K)] 645180K->501099K(1860096K), 0.0556134 secs] [Times: user=0.33 sys=0.00, real=0.05 secs] 
6159.306: [GC (Allocation Failure) [PSYoungGen: 341632K->82704K(462336K)] 747883K->583832K(1860608K), 0.0920600 secs] [Times: user=0.54 sys=0.01, real=0.09 secs] 
6159.599: [GC (Allocation Failure) [PSYoungGen: 329488K->121136K(472064K)] 830616K->698973K(1870336K), 0.0497050 secs] [Times: user=0.29 sys=0.00, real=0.05 secs] 
6162.114: [GC (Allocation Failure) [PSYoungGen: 392496K->77152K(476160K)] 970333K->776092K(1874432K), 0.0569192 secs] [Times: user=0.34 sys=0.00, real=0.05 secs] 
6163.591: [GC (Allocation Failure) [PSYoungGen: 348512K->124304K(484352K)] 1047452K->897062K(1882624K), 0.0455621 secs] [Times: user=0.27 sys=0.00, real=0.05 secs] 
6166.217: [GC (Allocation Failure) [PSYoungGen: 416144K->98400K(489984K)] 1188902K->985249K(1888256K), 0.0642505 secs] [Times: user=0.37 sys=0.02, real=0.06 secs] 
6168.832: [GC (Allocation Failure) [PSYoungGen: 390240K->129936K(499200K)] 1277089K->1113191K(1897472K), 0.0610926 secs] [Times: user=0.36 sys=0.00, real=0.06 secs] 
6170.957: [GC (Allocation Failure) [PSYoungGen: 438672K->114304K(499712K)] 1421927K->1218122K(1897984K), 0.0641411 secs] [Times: user=0.38 sys=0.00, real=0.06 secs] 
6173.027: [GC (Allocation Failure) [PSYoungGen: 423040K->126112K(503808K)] 1526858K->1344242K(1902080K), 0.0759283 secs] [Times: user=0.45 sys=0.00, real=0.07 secs] 
6175.522: [GC (Allocation Failure) [PSYoungGen: 446112K->122208K(501248K)] 1664242K->1455879K(1899520K), 0.0640192 secs] [Times: user=0.38 sys=0.00, real=0.07 secs] 
6175.586: [Full GC (Ergonomics) [PSYoungGen: 122208K->0K(501248K)] [ParOldGen: 1333671K->250871K(1398272K)] 1455879K->250871K(1899520K), [Metaspace: 59739K->59739K(1105920K)], 0.5309345 secs] [Times: user=2.32 sys=0.00, real=0.53 secs] 
6179.158: [GC (Allocation Failure) [PSYoungGen: 320000K->136000K(509952K)] 570871K->386871K(1908224K), 0.0381783 secs] [Times: user=0.22 sys=0.00, real=0.04 secs] 
6180.416: [GC (Allocation Failure) [PSYoungGen: 468288K->3120K(335872K)] 719159K->254152K(1734144K), 0.0028653 secs] [Times: user=0.01 sys=0.00, real=0.00 secs] 
6182.904: [GC (Allocation Failure) [PSYoungGen: 335408K->144608K(495104K)] 586440K->396732K(1893376K), 0.0371194 secs] [Times: user=0.22 sys=0.00, real=0.03 secs] 
6184.052: [GC (Allocation Failure) [PSYoungGen: 447200K->105760K(408576K)] 699324K->492988K(1806848K), 0.0658505 secs] [Times: user=0.39 sys=0.00, real=0.07 secs] 
6186.296: [GC (Allocation Failure) [PSYoungGen: 408352K->131712K(497664K)] 795580K->623401K(1895936K), 0.0692055 secs] [Times: user=0.41 sys=0.00, real=0.07 secs] 
6187.522: [GC (Allocation Failure) [PSYoungGen: 439424K->116096K(498176K)] 931113K->729545K(1896448K), 0.0631394 secs] [Times: user=0.37 sys=0.00, real=0.07 secs] 
6189.411: [GC (Allocation Failure) [PSYoungGen: 423808K->129472K(503808K)] 1037257K->857813K(1902080K), 0.0743594 secs] [Times: user=0.44 sys=0.01, real=0.08 secs] 
6190.610: [GC (Allocation Failure) [PSYoungGen: 448960K->544K(502784K)] 1177301K->729085K(1901056K), 0.0032020 secs] [Times: user=0.02 sys=0.00, real=0.00 secs] 
6193.463: [GC (Allocation Failure) [PSYoungGen: 320032K->133904K(498176K)] 1048573K->862478K(1896448K), 0.0378394 secs] [Times: user=0.22 sys=0.00, real=0.04 secs] 
6194.605: [GC (Allocation Failure) [PSYoungGen: 436496K->114400K(417280K)] 1165070K->966557K(1815552K), 0.0649113 secs] [Times: user=0.39 sys=0.00, real=0.06 secs] 
6197.646: [GC (Allocation Failure) [PSYoungGen: 416992K->123200K(499200K)] 1269149K->1089205K(1897472K), 0.0748896 secs] [Times: user=0.44 sys=0.01, real=0.07 secs] 
6198.931: [GC (Allocation Failure) [PSYoungGen: 430400K->125184K(497152K)] 1396405K->1203869K(1895424K), 0.0642870 secs] [Times: user=0.38 sys=0.00, real=0.07 secs] 
6202.121: [GC (Allocation Failure) [PSYoungGen: 432384K->116064K(501760K)] 1511069K->1319533K(1900032K), 0.0846781 secs] [Times: user=0.50 sys=0.00, real=0.09 secs] 
6202.206: [Full GC (Ergonomics) [PSYoungGen: 116064K->0K(501760K)] [ParOldGen: 1203469K->130152K(1398272K)] 1319533K->130152K(1900032K), [Metaspace: 59739K->59739K(1105920K)], 0.3034187 secs] [Times: user=1.39 sys=0.00, real=0.30 secs] 
6203.572: [GC (Allocation Failure) [PSYoungGen: 321024K->132672K(503296K)] 451176K->262824K(1901568K), 0.0488295 secs] [Times: user=0.29 sys=0.00, real=0.05 secs] 
6206.194: [GC (Allocation Failure) [PSYoungGen: 453696K->121984K(510464K)] 583848K->384533K(1908736K), 0.0913136 secs] [Times: user=0.54 sys=0.00, real=0.09 secs] 
6207.450: [GC (Allocation Failure) [PSYoungGen: 455296K->127104K(513024K)] 717845K->501252K(1911296K), 0.0627161 secs] [Times: user=0.37 sys=0.00, real=0.06 secs] 
6210.561: [GC (Allocation Failure) [PSYoungGen: 460416K->140256K(514560K)] 834564K->640428K(1912832K), 0.0667006 secs] [Times: user=0.40 sys=0.00, real=0.07 secs] 
6212.528: [GC (Allocation Failure) [PSYoungGen: 476640K->8688K(345088K)] 976812K->508993K(1743360K), 0.0032023 secs] [Times: user=0.01 sys=0.00, real=0.00 secs] 
6214.560: [GC (Allocation Failure) [PSYoungGen: 345072K->153920K(487936K)] 845377K->660777K(1886208K), 0.0322955 secs] [Times: user=0.19 sys=0.00, real=0.03 secs] 
6215.689: [GC (Allocation Failure) [PSYoungGen: 448320K->98960K(496640K)] 955177K->750617K(1894912K), 0.0686292 secs] [Times: user=0.40 sys=0.00, real=0.07 secs] 
6218.257: [GC (Allocation Failure) [PSYoungGen: 393360K->131072K(492544K)] 1045017K->879477K(1890816K), 0.0599768 secs] [Times: user=0.35 sys=0.00, real=0.06 secs] 
6219.418: [GC (Allocation Failure) [PSYoungGen: 432128K->109440K(495616K)] 1180533K->979253K(1893888K), 0.0636816 secs] [Times: user=0.38 sys=0.01, real=0.06 secs] 
6222.309: [GC (Allocation Failure) [PSYoungGen: 410496K->128288K(501248K)] 1280309K->1106482K(1899520K), 0.0717901 secs] [Times: user=0.42 sys=0.00, real=0.07 secs] 
6224.356: [GC (Allocation Failure) [PSYoungGen: 442656K->118912K(499712K)] 1420850K->1216018K(1897984K), 0.0636842 secs] [Times: user=0.38 sys=0.00, real=0.06 secs] 
6226.967: [GC (Allocation Failure) [PSYoungGen: 433280K->127584K(508416K)] 1530386K->1343530K(1906688K), 0.0762245 secs] [Times: user=0.45 sys=0.01, real=0.07 secs] 
6227.044: [Full GC (Ergonomics) [PSYoungGen: 127584K->0K(508416K)] [ParOldGen: 1215946K->141585K(1398272K)] 1343530K->141585K(1906688K), [Metaspace: 59742K->59742K(1105920K)], 0.3265030 secs] [Times: user=1.51 sys=0.00, real=0.33 secs] 
6228.489: [GC (Allocation Failure) [PSYoungGen: 328192K->122496K(506880K)] 469777K->264081K(1905152K), 0.0432182 secs] [Times: user=0.26 sys=0.00, real=0.04 secs] 
6230.943: [GC (GCLocker Initiated GC) [PSYoungGen: 450688K->138800K(512512K)] 592274K->402094K(1910784K), 0.0687033 secs] [Times: user=0.41 sys=0.00, real=0.07 secs] 
6232.645: [GC (Allocation Failure) [PSYoungGen: 476208K->12576K(350208K)] 739505K->275968K(1748480K), 0.0037330 secs] [Times: user=0.02 sys=0.00, real=0.00 secs] 
6234.441: [GC (Allocation Failure) [PSYoungGen: 349984K->151712K(493056K)] 613376K->425937K(1891328K), 0.0328969 secs] [Times: user=0.19 sys=0.00, real=0.03 secs] 
6236.053: [GC (Allocation Failure) [PSYoungGen: 455328K->103472K(501248K)] 729553K->519942K(1899520K), 0.0663318 secs] [Times: user=0.39 sys=0.00, real=0.07 secs] 
6237.710: [GC (Allocation Failure) [PSYoungGen: 407088K->139456K(499712K)] 823558K->657094K(1897984K), 0.0527746 secs] [Times: user=0.31 sys=0.00, real=0.05 secs] 
6238.867: [GC (Allocation Failure) [PSYoungGen: 448704K->106832K(416256K)] 966342K->754479K(1814528K), 0.0642352 secs] [Times: user=0.38 sys=0.00, real=0.06 secs] 
6240.289: [GC (Allocation Failure) [PSYoungGen: 416080K->140176K(499200K)] 1063727K->892783K(1897472K), 0.0526888 secs] [Times: user=0.31 sys=0.00, real=0.05 secs] 
6242.560: [GC (Allocation Failure) [PSYoungGen: 453008K->108000K(501760K)] 1205615K->991299K(1900032K), 0.0682239 secs] [Times: user=0.40 sys=0.00, real=0.07 secs] 
6244.636: [GC (Allocation Failure) [PSYoungGen: 420832K->139456K(504832K)] 1304131K->1128911K(1903104K), 0.0577922 secs] [Times: user=0.34 sys=0.00, real=0.05 secs] 
6245.814: [GC (Allocation Failure) [PSYoungGen: 460992K->109568K(506880K)] 1450447K->1228700K(1905152K), 0.0661059 secs] [Times: user=0.39 sys=0.01, real=0.07 secs] 
6248.558: [GC (Allocation Failure) [PSYoungGen: 431104K->143824K(506880K)] 1550236K->1370757K(1905152K), 0.0587392 secs] [Times: user=0.34 sys=0.00, real=0.06 secs] 
6248.616: [Full GC (Ergonomics) [PSYoungGen: 143824K->0K(506880K)] [ParOldGen: 1226932K->166351K(1398272K)] 1370757K->166351K(1905152K), [Metaspace: 59742K->59742K(1105920K)], 0.3871407 secs] [Times: user=1.78 sys=0.00, real=0.38 secs] 
6251.318: [GC (Allocation Failure) [PSYoungGen: 326656K->110416K(510464K)] 493007K->276767K(1908736K), 0.0370011 secs] [Times: user=0.22 sys=0.00, real=0.04 secs] 
6253.070: [GC (Allocation Failure) [PSYoungGen: 437072K->150016K(507904K)] 603423K->424835K(1906176K), 0.0553428 secs] [Times: user=0.33 sys=0.00, real=0.06 secs] 
6255.211: [GC (Allocation Failure) [PSYoungGen: 479232K->111408K(513536K)] 754051K->527116K(1911808K), 0.0775056 secs] [Times: user=0.46 sys=0.01, real=0.08 secs] 
6256.960: [GC (Allocation Failure) [PSYoungGen: 440624K->153024K(507392K)] 856332K->676380K(1905664K), 0.0545111 secs] [Times: user=0.32 sys=0.00, real=0.05 secs] 
6259.057: [GC (Allocation Failure) [PSYoungGen: 480192K->110352K(513024K)] 1003548K->777717K(1911296K), 0.0901249 secs] [Times: user=0.54 sys=0.00, real=0.09 secs] 
6260.768: [GC (Allocation Failure) [PSYoungGen: 426708K->146672K(510464K)] 1094073K->920746K(1908736K), 0.0527408 secs] [Times: user=0.31 sys=0.00, real=0.05 secs] 
6262.879: [GC (Allocation Failure) [PSYoungGen: 474864K->112448K(440832K)] 1248938K->1024121K(1839104K), 0.1571865 secs] [Times: user=0.94 sys=0.00, real=0.16 secs] 
6263.930: [GC (Allocation Failure) [PSYoungGen: 440640K->155584K(505344K)] 1352313K->1175650K(1903616K), 0.0539770 secs] [Times: user=0.32 sys=0.00, real=0.06 secs] 
6266.424: [GC (Allocation Failure) [PSYoungGen: 479680K->99680K(511488K)] 1499746K->1274734K(1909760K), 0.1760851 secs] [Times: user=1.05 sys=0.00, real=0.17 secs] 
6267.577: [GC (Allocation Failure) [PSYoungGen: 423776K->154960K(502784K)] 1598830K->1423388K(1901056K), 0.1212347 secs] [Times: user=0.72 sys=0.01, real=0.12 secs] 
6267.698: [Full GC (Ergonomics) [PSYoungGen: 154960K->0K(502784K)] [ParOldGen: 1268427K->221742K(1398272K)] 1423388K->221742K(1901056K), [Metaspace: 59742K->59742K(1105920K)], 0.5596027 secs] [Times: user=2.65 sys=0.00, real=0.56 secs] 
6271.667: [GC (Allocation Failure) [PSYoungGen: 316928K->93184K(507904K)] 538670K->314926K(1906176K), 0.1145170 secs] [Times: user=0.68 sys=0.00, real=0.11 secs] 
6272.074: [GC (Allocation Failure) [PSYoungGen: 410112K->154400K(499200K)] 631854K->463099K(1897472K), 0.0552724 secs] [Times: user=0.33 sys=0.00, real=0.05 secs] 
6276.195: [GC (Allocation Failure) [PSYoungGen: 463136K->88480K(503808K)] 771835K->551307K(1902080K), 0.1677878 secs] [Times: user=0.99 sys=0.01, real=0.16 secs] 
6276.619: [GC (Allocation Failure) [PSYoungGen: 397216K->149184K(498688K)] 860043K->694324K(1896960K), 0.0548337 secs] [Times: user=0.33 sys=0.01, real=0.06 secs] 
6278.822: [GC (Allocation Failure) [PSYoungGen: 452800K->90160K(501248K)] 997940K->783808K(1899520K), 0.1493635 secs] [Times: user=0.88 sys=0.01, real=0.15 secs] 
6279.915: [GC (Allocation Failure) [PSYoungGen: 393776K->146176K(500224K)] 1087424K->923788K(1898496K), 0.0539875 secs] [Times: user=0.32 sys=0.00, real=0.05 secs] 
6282.867: [GC (Allocation Failure) [PSYoungGen: 449792K->89760K(501248K)] 1227404K->1012633K(1899520K), 0.1693977 secs] [Times: user=1.00 sys=0.01, real=0.17 secs] 
6284.035: [GC (Allocation Failure) [PSYoungGen: 387282K->140464K(500224K)] 1310155K->1149026K(1898496K), 0.0510586 secs] [Times: user=0.30 sys=0.00, real=0.05 secs] 
6285.470: [GC (Allocation Failure) [PSYoungGen: 445104K->98160K(402944K)] 1453666K->1238498K(1801216K), 0.0744137 secs] [Times: user=0.44 sys=0.00, real=0.08 secs] 
6288.533: [GC (Allocation Failure) [PSYoungGen: 402800K->143760K(498688K)] 1543138K->1377983K(1896960K), 0.0506451 secs] [Times: user=0.30 sys=0.00, real=0.05 secs] 
6288.583: [Full GC (Ergonomics) [PSYoungGen: 143760K->0K(498688K)] [ParOldGen: 1234222K->186878K(1398272K)] 1377983K->186878K(1896960K), [Metaspace: 59742K->59742K(1105920K)], 0.4436207 secs] [Times: user=2.06 sys=0.00, real=0.45 secs] 
6290.120: [GC (Allocation Failure) [PSYoungGen: 305664K->100159K(500224K)] 492542K->287038K(1898496K), 0.0318366 secs] [Times: user=0.19 sys=0.01, real=0.03 secs] 
6292.804: [GC (Allocation Failure) [PSYoungGen: 405823K->142192K(501248K)] 592702K->425812K(1899520K), 0.0501695 secs] [Times: user=0.30 sys=0.00, real=0.05 secs] 
6294.000: [GC (Allocation Failure) [PSYoungGen: 452464K->105296K(502272K)] 736084K->521812K(1900544K), 0.0640596 secs] [Times: user=0.38 sys=0.00, real=0.06 secs] 
6296.160: [GC (Allocation Failure) [PSYoungGen: 415568K->142208K(503296K)] 832084K->661972K(1901568K), 0.0525684 secs] [Times: user=0.31 sys=0.00, real=0.05 secs] 
6297.698: [GC (GCLocker Initiated GC) [PSYoungGen: 457088K->106416K(504320K)] 976852K->759233K(1902592K), 0.0686054 secs] [Times: user=0.37 sys=0.01, real=0.07 secs] 
6300.020: [GC (Allocation Failure) [PSYoungGen: 421296K->144256K(504320K)] 1074116K->900912K(1902592K), 0.0521272 secs] [Times: user=0.31 sys=0.00, real=0.05 secs] 
6302.056: [GC (Allocation Failure) [PSYoungGen: 463232K->109552K(506368K)] 1219888K->1000757K(1904640K), 0.0654528 secs] [Times: user=0.38 sys=0.00, real=0.06 secs] 
6304.200: [GC (Allocation Failure) [PSYoungGen: 428528K->144832K(507904K)] 1319733K->1143305K(1906176K), 0.0539810 secs] [Times: user=0.31 sys=0.00, real=0.05 secs] 
6305.597: [GC (Allocation Failure) [PSYoungGen: 468928K->112592K(509952K)] 1467401K->1246405K(1908224K), 0.0889130 secs] [Times: user=0.52 sys=0.01, real=0.09 secs] 
6307.367: [GC (Allocation Failure) [PSYoungGen: 436688K->153312K(505856K)] 1570501K->1395765K(1904128K), 0.0555236 secs] [Times: user=0.33 sys=0.00, real=0.05 secs] 
6307.423: [Full GC (Ergonomics) [PSYoungGen: 153312K->0K(505856K)] [ParOldGen: 1242453K->193241K(1398272K)] 1395765K->193241K(1904128K), [Metaspace: 59742K->59742K(1105920K)], 0.4560158 secs] [Times: user=2.11 sys=0.00, real=0.46 secs] 
6309.405: [GC (GCLocker Initiated GC) [PSYoungGen: 324096K->105248K(510976K)] 517337K->298489K(1909248K), 0.0657904 secs] [Times: user=0.38 sys=0.00, real=0.06 secs] 
6311.529: [GC (Allocation Failure) [PSYoungGen: 429344K->143168K(512000K)] 638972K->454155K(1910272K), 0.2557110 secs] [Times: user=1.54 sys=0.00, real=0.26 secs] 
6314.596: [GC (Allocation Failure) [PSYoungGen: 470336K->97104K(513024K)] 781323K->550948K(1911296K), 0.4597274 secs] [Times: user=2.76 sys=0.00, real=0.46 secs] 
6316.212: [GC (Allocation Failure) [PSYoungGen: 424272K->155584K(502784K)] 878116K->700016K(1901056K), 0.0549555 secs] [Times: user=0.33 sys=0.00, real=0.06 secs] 
6319.407: [GC (Allocation Failure) [PSYoungGen: 473536K->94432K(508416K)] 1017968K->793608K(1906688K), 0.1707568 secs] [Times: user=1.02 sys=0.00, real=0.17 secs] 
6319.922: [GC (Allocation Failure) [PSYoungGen: 412384K->152928K(500224K)] 1111560K->940360K(1898496K), 0.0554513 secs] [Times: user=0.33 sys=0.00, real=0.06 secs] 
6322.391: [GC (Allocation Failure) [PSYoungGen: 463712K->92016K(504832K)] 1251144K->1031789K(1903104K), 0.1578155 secs] [Times: user=0.94 sys=0.00, real=0.16 secs] 
6323.104: [GC (Allocation Failure) [PSYoungGen: 402800K->151296K(498688K)] 1342573K->1177129K(1896960K), 0.0555893 secs] [Times: user=0.33 sys=0.00, real=0.05 secs] 
6325.607: [GC (Allocation Failure) [PSYoungGen: 456960K->90080K(502272K)] 1482793K->1266874K(1900544K), 0.1629216 secs] [Times: user=0.97 sys=0.00, real=0.16 secs] 
6326.750: [GC (Allocation Failure) [PSYoungGen: 395744K->146256K(500224K)] 1572538K->1407179K(1898496K), 0.0762196 secs] [Times: user=0.45 sys=0.01, real=0.08 secs] 
6326.827: [Full GC (Ergonomics) [PSYoungGen: 146256K->0K(500224K)] [ParOldGen: 1260922K->205992K(1398272K)] 1407179K->205992K(1898496K), [Metaspace: 59742K->59742K(1105920K)], 0.4759879 secs] [Times: user=2.19 sys=0.00, real=0.47 secs] 
6329.067: [GC (GCLocker Initiated GC) [PSYoungGen: 304640K->90560K(501760K)] 510632K->296552K(1900032K), 0.1789148 secs] [Times: user=1.06 sys=0.00, real=0.18 secs] 
6330.105: [GC (Allocation Failure) [PSYoungGen: 395200K->134688K(496640K)] 617597K->443878K(1894912K), 0.2443240 secs] [Times: user=1.47 sys=0.00, real=0.24 secs] 
6332.217: [GC (Allocation Failure) [PSYoungGen: 440864K->92064K(499200K)] 750054K->535162K(1897472K), 0.3922826 secs] [Times: user=2.34 sys=0.00, real=0.39 secs] 
6333.317: [GC (Allocation Failure) [PSYoungGen: 398240K->143648K(504320K)] 841338K->674218K(1902592K), 0.0503572 secs] [Times: user=0.29 sys=0.01, real=0.05 secs] 
6335.646: [GC (Allocation Failure) [PSYoungGen: 456480K->106192K(419328K)] 987050K->771003K(1817600K), 0.0649939 secs] [Times: user=0.38 sys=0.01, real=0.06 secs] 
6336.528: [GC (GCLocker Initiated GC) [PSYoungGen: 419024K->145424K(501248K)] 1083835K->912672K(1899520K), 0.0516675 secs] [Times: user=0.30 sys=0.01, real=0.05 secs] 
6337.766: [GC (Allocation Failure) [PSYoungGen: 457744K->104640K(503296K)] 1225047K->1008022K(1901568K), 0.0648942 secs] [Times: user=0.39 sys=0.00, real=0.06 secs] 
6339.661: [GC (Allocation Failure) [PSYoungGen: 416960K->144928K(503808K)] 1320342K->1149259K(1902080K), 0.0512153 secs] [Times: user=0.30 sys=0.01, real=0.05 secs] 
6341.764: [GC (Allocation Failure) [PSYoungGen: 461344K->105792K(506368K)] 1465675K->1245839K(1904640K), 0.0842876 secs] [Times: user=0.50 sys=0.00, real=0.08 secs] 
6342.913: [GC (Allocation Failure) [PSYoungGen: 419834K->147408K(503808K)] 1559882K->1389589K(1902080K), 0.0526706 secs] [Times: user=0.31 sys=0.00, real=0.06 secs] 
6342.965: [Full GC (Ergonomics) [PSYoungGen: 147408K->0K(503808K)] [ParOldGen: 1242180K->195922K(1398272K)] 1389589K->195922K(1902080K), [Metaspace: 59742K->59742K(1105920K)], 0.4680723 secs] [Times: user=2.17 sys=0.00, real=0.46 secs] 
6344.660: [GC (Allocation Failure) [PSYoungGen: 317952K->106464K(507392K)] 513874K->302386K(1905664K), 0.0524340 secs] [Times: user=0.30 sys=0.00, real=0.05 secs] 
6346.822: [GC (Allocation Failure) [PSYoungGen: 420717K->144768K(507392K)] 616639K->443441K(1905664K), 0.0502065 secs] [Times: user=0.29 sys=0.00, real=0.05 secs] 
6348.949: [GC (Allocation Failure) [PSYoungGen: 466304K->105792K(509440K)] 764977K->540225K(1907712K), 0.1059825 secs] [Times: user=0.60 sys=0.00, real=0.11 secs] 
6350.712: [GC (Allocation Failure) [PSYoungGen: 418890K->146368K(507392K)] 853323K->682222K(1905664K), 0.0512086 secs] [Times: user=0.30 sys=0.00, real=0.05 secs] 
6353.284: [GC (Allocation Failure) [PSYoungGen: 468928K->106816K(509952K)] 1004782K->780134K(1908224K), 0.1407723 secs] [Times: user=0.83 sys=0.01, real=0.15 secs] 
6354.732: [GC (Allocation Failure) [PSYoungGen: 418228K->144544K(509440K)] 1091546K->920930K(1907712K), 0.0515795 secs] [Times: user=0.30 sys=0.01, real=0.05 secs] 
6357.660: [GC (Allocation Failure) [PSYoungGen: 469664K->109968K(510976K)] 1246050K->1021955K(1909248K), 0.1189871 secs] [Times: user=0.71 sys=0.00, real=0.12 secs] 
6358.549: [GC (Allocation Failure) [PSYoungGen: 435088K->155152K(504832K)] 1347075K->1172816K(1903104K), 0.0547566 secs] [Times: user=0.32 sys=0.00, real=0.06 secs] 
6362.472: [GC (Allocation Failure) [PSYoungGen: 476932K->92176K(510464K)] 1494595K->1264572K(1908736K), 0.1622499 secs] [Times: user=0.96 sys=0.00, real=0.17 secs] 
6363.973: [GC (Allocation Failure) [PSYoungGen: 414224K->152480K(501760K)] 1586620K->1412220K(1900032K), 0.0712715 secs] [Times: user=0.42 sys=0.00, real=0.07 secs] 
6364.044: [Full GC (Ergonomics) [PSYoungGen: 152480K->0K(501760K)] [ParOldGen: 1259740K->209999K(1398272K)] 1412220K->209999K(1900032K), [Metaspace: 59742K->59742K(1105920K)], 0.4824730 secs] [Times: user=2.23 sys=0.01, real=0.49 secs] 
6366.804: [GC (Allocation Failure) [PSYoungGen: 313856K->95168K(506368K)] 523855K->305167K(1904640K), 0.1707866 secs] [Times: user=1.01 sys=0.01, real=0.18 secs] 
6367.591: [GC (Allocation Failure) [PSYoungGen: 409024K->166528K(489472K)] 619023K->465891K(1887744K), 0.0539539 secs] [Times: user=0.32 sys=0.00, real=0.06 secs] 
6370.930: [GC (Allocation Failure) [PSYoungGen: 465024K->85328K(498688K)] 764387K->534135K(1896960K), 0.1360312 secs] [Times: user=0.81 sys=0.00, real=0.14 secs] 
6372.729: [GC (Allocation Failure) [PSYoungGen: 383824K->141248K(496640K)] 832631K->671666K(1894912K), 0.0487186 secs] [Times: user=0.29 sys=0.00, real=0.05 secs] 
6374.234: [GC (Allocation Failure) [PSYoungGen: 439744K->98976K(497664K)] 970162K->761726K(1895936K), 0.0638209 secs] [Times: user=0.38 sys=0.00, real=0.07 secs] 
6376.825: [GC (Allocation Failure) [PSYoungGen: 397472K->138112K(498176K)] 1060222K->896247K(1896448K), 0.0493512 secs] [Times: user=0.29 sys=0.00, real=0.05 secs] 
6378.921: [GC (Allocation Failure) [PSYoungGen: 441216K->98096K(497664K)] 1199351K->984992K(1895936K), 0.0758788 secs] [Times: user=0.45 sys=0.00, real=0.08 secs] 
6381.227: [GC (Allocation Failure) [PSYoungGen: 401200K->138432K(501760K)] 1288096K->1120716K(1900032K), 0.0527740 secs] [Times: user=0.31 sys=0.00, real=0.05 secs] 
6382.996: [GC (Allocation Failure) [PSYoungGen: 448192K->105104K(501248K)] 1430476K->1216345K(1899520K), 0.0658973 secs] [Times: user=0.38 sys=0.01, real=0.06 secs] 
6385.850: [GC (Allocation Failure) [PSYoungGen: 414864K->139408K(502272K)] 1526105K->1353617K(1900544K), 0.0601014 secs] [Times: user=0.36 sys=0.00, real=0.06 secs] 
6387.397: [GC (Allocation Failure) [PSYoungGen: 454288K->109264K(502784K)] 1668497K->1453597K(1901056K), 0.0685238 secs] [Times: user=0.40 sys=0.01, real=0.07 secs] 
6387.466: [Full GC (Ergonomics) [PSYoungGen: 109264K->0K(502784K)] [ParOldGen: 1344333K->21988K(1398272K)] 1453597K->21988K(1901056K), [Metaspace: 59743K->59743K(1105920K)], 0.0315724 secs] [Times: user=0.09 sys=0.00, real=0.03 secs] 
6389.404: [GC (Allocation Failure) [PSYoungGen: 314880K->142080K(506368K)] 336868K->164068K(1904640K), 0.0364857 secs] [Times: user=0.22 sys=0.01, real=0.04 secs] 
6391.589: [GC (Allocation Failure) [PSYoungGen: 464640K->112848K(507392K)] 486628K->267581K(1905664K), 0.0651956 secs] [Times: user=0.39 sys=0.00, real=0.07 secs] 
6395.026: [GC (Allocation Failure) [PSYoungGen: 435408K->142336K(509440K)] 590141K->408057K(1907712K), 0.0563390 secs] [Times: user=0.33 sys=0.00, real=0.05 secs] 
6396.606: [GC (Allocation Failure) [PSYoungGen: 471040K->113040K(510976K)] 736761K->511382K(1909248K), 0.0646548 secs] [Times: user=0.38 sys=0.00, real=0.06 secs] 
6398.708: [GC (Allocation Failure) [PSYoungGen: 441744K->150496K(510464K)] 840086K->659714K(1908736K), 0.0549172 secs] [Times: user=0.32 sys=0.00, real=0.05 secs] 
6400.357: [GC (Allocation Failure) [PSYoungGen: 482272K->114768K(514560K)] 991490K->765578K(1912832K), 0.0676409 secs] [Times: user=0.40 sys=0.00, real=0.07 secs] 
6403.049: [GC (Allocation Failure) [PSYoungGen: 446544K->152400K(510464K)] 1097354K->914079K(1908736K), 0.0549894 secs] [Times: user=0.32 sys=0.00, real=0.06 secs] 
6406.636: [GC (Allocation Failure) [PSYoungGen: 483664K->108160K(515072K)] 1245343K->1012619K(1913344K), 0.0756913 secs] [Times: user=0.45 sys=0.00, real=0.07 secs] 
6409.220: [GC (Allocation Failure) [PSYoungGen: 439424K->155808K(505856K)] 1343883K->1163863K(1904128K), 0.0527604 secs] [Times: user=0.31 sys=0.00, real=0.05 secs] 
6411.456: [GC (Allocation Failure) [PSYoungGen: 479904K->99584K(511488K)] 1487959K->1262983K(1909760K), 0.1694364 secs] [Times: user=1.01 sys=0.00, real=0.17 secs] 
6413.217: [GC (Allocation Failure) [PSYoungGen: 423680K->152992K(504320K)] 1587079K->1409716K(1902592K), 0.1587772 secs] [Times: user=0.95 sys=0.00, real=0.16 secs] 
6413.375: [Full GC (Ergonomics) [PSYoungGen: 152992K->0K(504320K)] [ParOldGen: 1256724K->214539K(1398272K)] 1409716K->214539K(1902592K), [Metaspace: 59743K->59743K(1105920K)], 0.5526305 secs] [Times: user=2.65 sys=0.00, real=0.55 secs] 
6416.696: [GC (Allocation Failure) [PSYoungGen: 317952K->94144K(508416K)] 532491K->308683K(1906688K), 0.1432377 secs] [Times: user=0.85 sys=0.00, real=0.14 secs] 
6418.341: [GC (Allocation Failure) [PSYoungGen: 412096K->151312K(501760K)] 626635K->453737K(1900032K), 0.0748934 secs] [Times: user=0.44 sys=0.00, real=0.08 secs] 
6421.746: [GC (Allocation Failure) [PSYoungGen: 463120K->92544K(505344K)] 765545K->545884K(1903616K), 0.1614626 secs] [Times: user=0.96 sys=0.00, real=0.16 secs] 
6422.791: [GC (Allocation Failure) [PSYoungGen: 404352K->150784K(500736K)] 857692K->690761K(1899008K), 0.0548590 secs] [Times: user=0.32 sys=0.00, real=0.06 secs] 
6425.116: [GC (Allocation Failure) [PSYoungGen: 456226K->87584K(503296K)] 996204K->777693K(1901568K), 0.1446740 secs] [Times: user=0.86 sys=0.01, real=0.14 secs] 
6426.614: [GC (Allocation Failure) [PSYoungGen: 380540K->138368K(500224K)] 1070649K->912186K(1898496K), 0.0482237 secs] [Times: user=0.28 sys=0.00, real=0.04 secs] 
6428.668: [GC (Allocation Failure) [PSYoungGen: 446080K->102448K(501760K)] 1219898K->1005963K(1900032K), 0.0634368 secs] [Times: user=0.37 sys=0.00, real=0.06 secs] 
6430.554: [GC (Allocation Failure) [PSYoungGen: 410160K->141744K(502784K)] 1313675K->1144024K(1901056K), 0.0501095 secs] [Times: user=0.30 sys=0.00, real=0.05 secs] 
6432.080: [GC (Allocation Failure) [PSYoungGen: 453552K->104384K(503296K)] 1455832K->1239423K(1901568K), 0.0676331 secs] [Times: user=0.40 sys=0.00, real=0.07 secs] 
6433.524: [GC (Allocation Failure) [PSYoungGen: 416192K->147456K(501248K)] 1551231K->1383612K(1899520K), 0.0545111 secs] [Times: user=0.32 sys=0.00, real=0.05 secs] 
6433.579: [Full GC (Ergonomics) [PSYoungGen: 147456K->0K(501248K)] [ParOldGen: 1236156K->191322K(1398272K)] 1383612K->191322K(1899520K), [Metaspace: 59747K->59747K(1105920K)], 0.4646762 secs] [Times: user=2.16 sys=0.00, real=0.46 secs] 
6435.447: [GC (Allocation Failure) [PSYoungGen: 313344K->103376K(504320K)] 504666K->294699K(1902592K), 0.0461982 secs] [Times: user=0.27 sys=0.00, real=0.04 secs] 
6438.026: [GC (Allocation Failure) [PSYoungGen: 416720K->147968K(505344K)] 608043K->438268K(1903616K), 0.0507380 secs] [Times: user=0.30 sys=0.00, real=0.05 secs] 
6439.782: [GC (Allocation Failure) [PSYoungGen: 465408K->103472K(507904K)] 755708K->532713K(1906176K), 0.0966684 secs] [Times: user=0.57 sys=0.00, real=0.10 secs] 
6442.250: [GC (Allocation Failure) [PSYoungGen: 420912K->150592K(503808K)] 850153K->679309K(1902080K), 0.0513573 secs] [Times: user=0.30 sys=0.00, real=0.05 secs] 
6443.395: [GC (Allocation Failure) [PSYoungGen: 466496K->107840K(507392K)] 995213K->778389K(1905664K), 0.0666867 secs] [Times: user=0.40 sys=0.00, real=0.06 secs] 
6446.174: [GC (Allocation Failure) [PSYoungGen: 423744K->145184K(505856K)] 1094293K->919954K(1904128K), 0.0516413 secs] [Times: user=0.30 sys=0.00, real=0.06 secs] 
6448.563: [GC (Allocation Failure) [PSYoungGen: 463136K->105952K(507392K)] 1237906K->1016734K(1905664K), 0.0728821 secs] [Times: user=0.43 sys=0.00, real=0.08 secs] 
6451.086: [GC (Allocation Failure) [PSYoungGen: 420263K->145408K(506880K)] 1331045K->1158354K(1905152K), 0.0511129 secs] [Times: user=0.30 sys=0.00, real=0.05 secs] 
6452.923: [GC (Allocation Failure) [PSYoungGen: 465408K->106464K(508416K)] 1478354K->1255963K(1906688K), 0.1638166 secs] [Times: user=0.98 sys=0.00, real=0.17 secs] 
6454.555: [GC (Allocation Failure) [PSYoungGen: 418043K->144032K(507392K)] 1567542K->1396543K(1905664K), 0.0517529 secs] [Times: user=0.30 sys=0.00, real=0.05 secs] 
6454.607: [Full GC (Ergonomics) [PSYoungGen: 144032K->0K(507392K)] [ParOldGen: 1252511K->195850K(1398272K)] 1396543K->195850K(1905664K), [Metaspace: 59754K->59754K(1105920K)], 0.4717675 secs] [Times: user=2.20 sys=0.00, real=0.47 secs] 
6457.412: [GC (Allocation Failure) [PSYoungGen: 322048K->107584K(508928K)] 517898K->303434K(1907200K), 0.0984080 secs] [Times: user=0.58 sys=0.00, real=0.10 secs] 
6458.727: [GC (Allocation Failure) [PSYoungGen: 421244K->144016K(508928K)] 617094K->443947K(1907200K), 0.0505491 secs] [Times: user=0.29 sys=0.00, real=0.05 secs] 
6460.708: [GC (Allocation Failure) [PSYoungGen: 469136K->112512K(510464K)] 769067K->547099K(1908736K), 0.0691767 secs] [Times: user=0.41 sys=0.00, real=0.07 secs] 
6462.021: [GC (Allocation Failure) [PSYoungGen: 424513K->140784K(511488K)] 859100K->683136K(1909760K), 0.0536725 secs] [Times: user=0.29 sys=0.00, real=0.06 secs] 
6464.419: [GC (Allocation Failure) [PSYoungGen: 468408K->112176K(511488K)] 1010760K->785464K(1909760K), 0.0951257 secs] [Times: user=0.57 sys=0.00, real=0.09 secs] 
6464.974: [GC (Allocation Failure) [PSYoungGen: 441904K->173120K(494592K)] 1115192K->955252K(1892864K), 0.0554182 secs] [Times: user=0.32 sys=0.01, real=0.05 secs] 
6468.479: [GC (Allocation Failure) [PSYoungGen: 489024K->93664K(507392K)] 1271156K->1032476K(1905664K), 0.1799771 secs] [Times: user=1.07 sys=0.00, real=0.18 secs] 
6469.509: [GC (Allocation Failure) [PSYoungGen: 409568K->152544K(501248K)] 1348380K->1178621K(1899520K), 0.0539515 secs] [Times: user=0.32 sys=0.00, real=0.05 secs] 
6472.671: [GC (Allocation Failure) [PSYoungGen: 462304K->91248K(504320K)] 1488381K->1269458K(1902592K), 0.1587051 secs] [Times: user=0.94 sys=0.00, real=0.16 secs] 
6473.621: [GC (Allocation Failure) [PSYoungGen: 401008K->149760K(500224K)] 1579218K->1412902K(1898496K), 0.0545275 secs] [Times: user=0.31 sys=0.01, real=0.06 secs] 
6473.675: [Full GC (Ergonomics) [PSYoungGen: 149760K->0K(500224K)] [ParOldGen: 1263142K->211154K(1398272K)] 1412902K->211154K(1898496K), [Metaspace: 59754K->59754K(1105920K)], 0.4987122 secs] [Times: user=2.34 sys=0.00, real=0.49 secs] 
6476.955: [GC (Allocation Failure) [PSYoungGen: 304474K->89248K(502272K)] 515629K->300402K(1900544K), 0.1683368 secs] [Times: user=1.01 sys=0.00, real=0.16 secs] 
6478.459: [GC (Allocation Failure) [PSYoungGen: 384763K->138848K(498688K)] 595917K->435223K(1896960K), 0.0477283 secs] [Times: user=0.28 sys=0.00, real=0.05 secs] 
6479.628: [GC (Allocation Failure) [PSYoungGen: 445024K->101696K(500736K)] 741399K->527707K(1899008K), 0.0625432 secs] [Times: user=0.37 sys=0.00, real=0.06 secs] 
6481.877: [GC (Allocation Failure) [PSYoungGen: 407872K->142560K(502784K)] 833883K->666476K(1901056K), 0.0494208 secs] [Times: user=0.29 sys=0.00, real=0.05 secs] 
6483.951: [GC (Allocation Failure) [PSYoungGen: 453856K->102240K(503296K)] 977772K->759512K(1901568K), 0.0668730 secs] [Times: user=0.39 sys=0.01, real=0.07 secs] 
6485.996: [GC (Allocation Failure) [PSYoungGen: 413536K->144896K(503296K)] 1070808K->900737K(1901568K), 0.0502974 secs] [Times: user=0.30 sys=0.00, real=0.05 secs] 
6488.822: [GC (Allocation Failure) [PSYoungGen: 458752K->102752K(504832K)] 1214593K->994449K(1903104K), 0.0639532 secs] [Times: user=0.38 sys=0.00, real=0.07 secs] 
6492.007: [GC (Allocation Failure) [PSYoungGen: 416608K->145296K(504320K)] 1308305K->1136174K(1902592K), 0.0517932 secs] [Times: user=0.30 sys=0.00, real=0.05 secs] 
6493.373: [GC (Allocation Failure) [PSYoungGen: 461712K->107136K(506368K)] 1452590K->1233946K(1904640K), 0.0887410 secs] [Times: user=0.53 sys=0.00, real=0.09 secs] 
6495.791: [GC (Allocation Failure) [PSYoungGen: 423552K->146464K(504832K)] 1550362K->1376838K(1903104K), 0.0532204 secs] [Times: user=0.31 sys=0.00, real=0.06 secs] 
6495.844: [Full GC (Ergonomics) [PSYoungGen: 146464K->0K(504832K)] [ParOldGen: 1230374K->185366K(1398272K)] 1376838K->185366K(1903104K), [Metaspace: 59754K->59754K(1105920K)], 0.4466250 secs] [Times: user=2.08 sys=0.00, real=0.44 secs] 
6497.825: [GC (Allocation Failure) [PSYoungGen: 318464K->107680K(507392K)] 503830K->293046K(1905664K), 0.0444124 secs] [Times: user=0.26 sys=0.00, real=0.04 secs] 
6499.457: [GC (Allocation Failure) [PSYoungGen: 426144K->146912K(506368K)] 611510K->436399K(1904640K), 0.0522904 secs] [Times: user=0.30 sys=0.00, real=0.05 secs] 
6501.329: [GC (Allocation Failure) [PSYoungGen: 467936K->108560K(508928K)] 757423K->535716K(1907200K), 0.0652357 secs] [Times: user=0.39 sys=0.00, real=0.07 secs] 
6503.087: [GC (Allocation Failure) [PSYoungGen: 429584K->149568K(507392K)] 856740K->681840K(1905664K), 0.0523212 secs] [Times: user=0.31 sys=0.00, real=0.05 secs] 
6505.230: [GC (Allocation Failure) [PSYoungGen: 472128K->107616K(510464K)] 1004400K->780260K(1908736K), 0.0987057 secs] [Times: user=0.59 sys=0.00, real=0.10 secs] 
6506.309: [GC (Allocation Failure) [PSYoungGen: 425589K->145696K(509952K)] 1098233K->921865K(1908224K), 0.0515624 secs] [Times: user=0.31 sys=0.00, real=0.05 secs] 
6509.333: [GC (Allocation Failure) [PSYoungGen: 470304K->111440K(436224K)] 1246473K->1023653K(1834496K), 0.1014129 secs] [Times: user=0.60 sys=0.00, real=0.11 secs] 
6510.542: [GC (Allocation Failure) [PSYoungGen: 436048K->152096K(506368K)] 1348261K->1171514K(1904640K), 0.0546146 secs] [Times: user=0.32 sys=0.00, real=0.06 secs] 
6513.500: [GC (Allocation Failure) [PSYoungGen: 474656K->96800K(510464K)] 1494074K->1267530K(1908736K), 0.1631409 secs] [Times: user=0.96 sys=0.00, real=0.16 secs] 
6514.305: [GC (Allocation Failure) [PSYoungGen: 419360K->157168K(499712K)] 1590090K->1418475K(1897984K), 0.0582368 secs] [Times: user=0.34 sys=0.00, real=0.05 secs] 
6514.363: [Full GC (Ergonomics) [PSYoungGen: 157168K->0K(499712K)] [ParOldGen: 1261306K->216277K(1398272K)] 1418475K->216277K(1897984K), [Metaspace: 59754K->59754K(1105920K)], 0.5090023 secs] [Times: user=2.38 sys=0.00, real=0.51 secs] 
6517.835: [GC (Allocation Failure) [PSYoungGen: 312832K->92096K(505856K)] 529109K->308373K(1904128K), 0.1535514 secs] [Times: user=0.91 sys=0.00, real=0.15 secs] 
6518.880: [GC (Allocation Failure) [PSYoungGen: 404928K->148768K(502272K)] 621205K->451281K(1900544K), 0.0538727 secs] [Times: user=0.30 sys=0.02, real=0.06 secs] 
6522.535: [GC (Allocation Failure) [PSYoungGen: 458528K->91168K(504320K)] 761041K->541737K(1902592K), 0.1649875 secs] [Times: user=0.98 sys=0.00, real=0.16 secs] 
6523.690: [GC (Allocation Failure) [PSYoungGen: 400928K->148928K(499712K)] 851497K->684434K(1897984K), 0.0534861 secs] [Times: user=0.32 sys=0.00, real=0.05 secs] 
6527.444: [GC (Allocation Failure) [PSYoungGen: 454592K->90432K(502272K)] 990098K->774198K(1900544K), 0.1402079 secs] [Times: user=0.83 sys=0.00, real=0.15 secs] 
6528.743: [GC (Allocation Failure) [PSYoungGen: 396096K->142944K(501248K)] 1079862K->912747K(1899520K), 0.0501346 secs] [Times: user=0.30 sys=0.00, real=0.05 secs] 
6530.123: [GC (Allocation Failure) [PSYoungGen: 449632K->102672K(409600K)] 1219435K->1006204K(1807872K), 0.0639922 secs] [Times: user=0.38 sys=0.00, real=0.07 secs] 
6531.597: [GC (Allocation Failure) [PSYoungGen: 409360K->140128K(501760K)] 1312892K->1142536K(1900032K), 0.0497164 secs] [Times: user=0.29 sys=0.00, real=0.05 secs] 
6533.451: [GC (Allocation Failure) [PSYoungGen: 449376K->102512K(501248K)] 1451784K->1235429K(1899520K), 0.0641761 secs] [Times: user=0.38 sys=0.01, real=0.07 secs] 
6535.453: [GC (Allocation Failure) [PSYoungGen: 411760K->143024K(502272K)] 1544677K->1375010K(1900544K), 0.0515298 secs] [Times: user=0.31 sys=0.00, real=0.06 secs] 
6535.505: [Full GC (Ergonomics) [PSYoungGen: 143024K->0K(502272K)] [ParOldGen: 1231985K->182516K(1398272K)] 1375010K->182516K(1900544K), [Metaspace: 59754K->59754K(1105920K)], 0.4275803 secs] [Times: user=1.98 sys=0.00, real=0.42 secs] 
6537.792: [GC (Allocation Failure) [PSYoungGen: 313344K->106400K(503296K)] 495860K->288916K(1901568K), 0.0330492 secs] [Times: user=0.20 sys=0.00, real=0.04 secs] 
6540.327: [GC (Allocation Failure) [PSYoungGen: 419744K->143968K(504832K)] 602260K->429908K(1903104K), 0.0525299 secs] [Times: user=0.31 sys=0.00, real=0.05 secs] 
6541.664: [GC (Allocation Failure) [PSYoungGen: 462432K->108336K(506368K)] 748372K->528741K(1904640K), 0.0651345 secs] [Times: user=0.38 sys=0.01, real=0.07 secs] 
6543.756: [GC (Allocation Failure) [PSYoungGen: 426800K->145456K(506368K)] 847205K->670510K(1904640K), 0.0527607 secs] [Times: user=0.31 sys=0.00, real=0.05 secs] 
6545.665: [GC (Allocation Failure) [PSYoungGen: 467504K->108400K(508928K)] 992558K->769790K(1907200K), 0.0657572 secs] [Times: user=0.38 sys=0.01, real=0.06 secs] 
6548.405: [GC (Allocation Failure) [PSYoungGen: 430448K->148912K(507392K)] 1091838K->914963K(1905664K), 0.0531358 secs] [Times: user=0.32 sys=0.00, real=0.05 secs] 
6549.558: [GC (Allocation Failure) [PSYoungGen: 473008K->109696K(510976K)] 1239059K->1015730K(1909248K), 0.0668690 secs] [Times: user=0.39 sys=0.00, real=0.07 secs] 
6551.669: [GC (Allocation Failure) [PSYoungGen: 424635K->147712K(509952K)] 1330669K->1159591K(1908224K), 0.0526371 secs] [Times: user=0.31 sys=0.00, real=0.05 secs] 
6554.094: [GC (Allocation Failure) [PSYoungGen: 473856K->106240K(512512K)] 1485735K->1257055K(1910784K), 0.0692427 secs] [Times: user=0.41 sys=0.00, real=0.07 secs] 
6555.972: [GC (Allocation Failure) [PSYoungGen: 424930K->145040K(510976K)] 1575746K->1398605K(1909248K), 0.0521385 secs] [Times: user=0.30 sys=0.01, real=0.05 secs] 
6556.024: [Full GC (Ergonomics) [PSYoungGen: 145040K->0K(510976K)] [ParOldGen: 1253564K->196657K(1398272K)] 1398605K->196657K(1909248K), [Metaspace: 59754K->59754K(1105920K)], 0.4723084 secs] [Times: user=2.19 sys=0.00, real=0.48 secs] 
6558.906: [GC (Allocation Failure) [PSYoungGen: 327168K->109472K(512512K)] 523825K->306129K(1910784K), 0.1009280 secs] [Times: user=0.58 sys=0.00, real=0.10 secs] 
6559.554: [GC (Allocation Failure) [PSYoungGen: 436640K->156192K(504832K)] 633297K->458546K(1903104K), 0.0523647 secs] [Times: user=0.31 sys=0.00, real=0.06 secs] 
6562.936: [GC (Allocation Failure) [PSYoungGen: 478240K->93344K(510464K)] 780594K->551574K(1908736K), 0.1797890 secs] [Times: user=1.06 sys=0.01, real=0.18 secs] 
6563.983: [GC (Allocation Failure) [PSYoungGen: 415392K->156752K(499200K)] 873622K->702060K(1897472K), 0.0551553 secs] [Times: user=0.33 sys=0.00, real=0.06 secs] 
6566.503: [GC (GCLocker Initiated GC) [PSYoungGen: 467536K->91712K(504832K)] 1012844K->793380K(1903104K), 0.1463115 secs] [Times: user=0.85 sys=0.03, real=0.15 secs] 
6567.567: [GC (Allocation Failure) [PSYoungGen: 402496K->149440K(500224K)] 1104215K->936868K(1898496K), 0.0534737 secs] [Times: user=0.32 sys=0.00, real=0.05 secs] 
6570.251: [GC (Allocation Failure) [PSYoungGen: 455237K->89408K(502784K)] 1242666K->1025572K(1901056K), 0.1485108 secs] [Times: user=0.89 sys=0.00, real=0.15 secs] 
6571.454: [GC (Allocation Failure) [PSYoungGen: 382101K->138736K(499712K)] 1318266K->1159978K(1897984K), 0.0493444 secs] [Times: user=0.29 sys=0.00, real=0.04 secs] 
6572.829: [GC (Allocation Failure) [PSYoungGen: 446448K->102464K(501760K)] 1467690K->1253497K(1900032K), 0.0748357 secs] [Times: user=0.44 sys=0.00, real=0.08 secs] 
6574.718: [GC (Allocation Failure) [PSYoungGen: 410176K->145024K(502272K)] 1561209K->1395150K(1900544K), 0.0910153 secs] [Times: user=0.54 sys=0.01, real=0.09 secs] 
6574.809: [Full GC (Ergonomics) [PSYoungGen: 145024K->0K(502272K)] [ParOldGen: 1250126K->193127K(1398272K)] 1395150K->193127K(1900544K), [Metaspace: 59758K->59758K(1105920K)], 0.4895682 secs] [Times: user=2.29 sys=0.00, real=0.49 secs] 
6576.657: [GC (Allocation Failure) [PSYoungGen: 311296K->103200K(503808K)] 504423K->296327K(1902080K), 0.0315251 secs] [Times: user=0.19 sys=0.00, real=0.03 secs] 
6578.628: [GC (Allocation Failure) [PSYoungGen: 414496K->144016K(503808K)] 607623K->437053K(1902080K), 0.0502385 secs] [Times: user=0.29 sys=0.00, real=0.05 secs] 
6581.356: [GC (Allocation Failure) [PSYoungGen: 458384K->104064K(504832K)] 751421K->531964K(1903104K), 0.0649985 secs] [Times: user=0.38 sys=0.00, real=0.06 secs] 
6583.828: [GC (Allocation Failure) [PSYoungGen: 418432K->144288K(504832K)] 846332K->672777K(1903104K), 0.1344547 secs] [Times: user=0.79 sys=0.00, real=0.13 secs] 
6586.504: [GC (Allocation Failure) [PSYoungGen: 461728K->104160K(506368K)] 990217K->768225K(1904640K), 0.1009767 secs] [Times: user=0.60 sys=0.00, real=0.11 secs] 
6588.236: [GC (Allocation Failure) [PSYoungGen: 421600K->148896K(505856K)] 1085665K->912873K(1904128K), 0.0523377 secs] [Times: user=0.30 sys=0.01, real=0.05 secs] 
6590.464: [GC (Allocation Failure) [PSYoungGen: 468384K->107936K(508928K)] 1232361K->1012161K(1907200K), 0.0731700 secs] [Times: user=0.43 sys=0.00, real=0.07 secs] 
6594.105: [GC (Allocation Failure) [PSYoungGen: 427424K->146432K(506368K)] 1331649K->1155054K(1904640K), 0.0528210 secs] [Times: user=0.31 sys=0.00, real=0.05 secs] 
6595.257: [GC (Allocation Failure) [PSYoungGen: 466944K->108848K(508928K)] 1475566K->1255095K(1907200K), 0.0659570 secs] [Times: user=0.39 sys=0.00, real=0.06 secs] 
6598.407: [GC (Allocation Failure) [PSYoungGen: 429360K->147088K(506880K)] 1575607K->1398427K(1905152K), 0.0534614 secs] [Times: user=0.31 sys=0.00, real=0.05 secs] 
6598.461: [Full GC (Ergonomics) [PSYoungGen: 147088K->0K(506880K)] [ParOldGen: 1251339K->196504K(1398272K)] 1398427K->196504K(1905152K), [Metaspace: 59758K->59758K(1105920K)], 0.4668032 secs] [Times: user=2.16 sys=0.00, real=0.47 secs] 
6601.625: [GC (Allocation Failure) [PSYoungGen: 322048K->104592K(509440K)] 518552K->301097K(1907712K), 0.0475725 secs] [Times: user=0.27 sys=0.00, real=0.04 secs] 
6602.470: [GC (Allocation Failure) [PSYoungGen: 421615K->146672K(508928K)] 618120K->444377K(1907200K), 0.0498013 secs] [Times: user=0.29 sys=0.00, real=0.05 secs] 
6604.618: [GC (Allocation Failure) [PSYoungGen: 470768K->106720K(511488K)] 768473K->542029K(1909760K), 0.0990273 secs] [Times: user=0.59 sys=0.00, real=0.10 secs] 
6606.359: [GC (Allocation Failure) [PSYoungGen: 414614K->143904K(510464K)] 849923K->682314K(1908736K), 0.0511366 secs] [Times: user=0.30 sys=0.00, real=0.05 secs] 
6608.630: [GC (Allocation Failure) [PSYoungGen: 469536K->109792K(435712K)] 1007946K->783138K(1833984K), 0.1691821 secs] [Times: user=1.00 sys=0.01, real=0.17 secs] 
6610.277: [GC (Allocation Failure) [PSYoungGen: 435424K->151776K(506880K)] 1108770K->930990K(1905152K), 0.0536432 secs] [Times: user=0.32 sys=0.00, real=0.05 secs] 
6612.483: [GC (Allocation Failure) [PSYoungGen: 475872K->97568K(510976K)] 1255086K->1027722K(1909248K), 0.1758335 secs] [Times: user=1.05 sys=0.00, real=0.18 secs] 
6614.403: [GC (Allocation Failure) [PSYoungGen: 421664K->170848K(490496K)] 1351818K->1192523K(1888768K), 0.0574454 secs] [Times: user=0.34 sys=0.00, real=0.06 secs] 
6616.535: [GC (Allocation Failure) [PSYoungGen: 475488K->88176K(501760K)] 1497163K->1264032K(1900032K), 0.1517949 secs] [Times: user=0.80 sys=0.01, real=0.15 secs] 
6617.371: [GC (Allocation Failure) [PSYoungGen: 384899K->138608K(497664K)] 1560755K->1398225K(1895936K), 0.0493392 secs] [Times: user=0.29 sys=0.00, real=0.05 secs] 
6617.420: [Full GC (Ergonomics) [PSYoungGen: 138608K->0K(497664K)] [ParOldGen: 1259616K->196342K(1398272K)] 1398225K->196342K(1895936K), [Metaspace: 59758K->59758K(1105920K)], 0.4683418 secs] [Times: user=2.17 sys=0.00, real=0.47 secs] 
6619.276: [GC (Allocation Failure) [PSYoungGen: 304640K->99920K(499712K)] 500982K->296263K(1897984K), 0.0856450 secs] [Times: user=0.50 sys=0.01, real=0.08 secs] 
6621.771: [GC (Allocation Failure) [PSYoungGen: 404560K->139904K(501760K)] 600903K->432157K(1900032K), 0.0483319 secs] [Times: user=0.28 sys=0.00, real=0.05 secs] 
6623.620: [GC (Allocation Failure) [PSYoungGen: 450688K->104048K(502784K)] 742941K->526678K(1901056K), 0.0636981 secs] [Times: user=0.37 sys=0.01, real=0.06 secs] 
6625.712: [GC (GCLocker Initiated GC) [PSYoungGen: 414832K->144624K(503296K)] 837463K->667732K(1901568K), 0.0515133 secs] [Times: user=0.31 sys=0.00, real=0.05 secs] 
6627.190: [GC (Allocation Failure) [PSYoungGen: 458992K->105888K(504832K)] 982104K->764271K(1903104K), 0.0634861 secs] [Times: user=0.37 sys=0.00, real=0.06 secs] 
6629.337: [GC (Allocation Failure) [PSYoungGen: 420256K->146464K(503808K)] 1078639K->909100K(1902080K), 0.0508354 secs] [Times: user=0.31 sys=0.00, real=0.05 secs] 
6631.364: [GC (Allocation Failure) [PSYoungGen: 463392K->105023K(506368K)] 1226028K->1005152K(1904640K), 0.1392776 secs] [Times: user=0.82 sys=0.00, real=0.14 secs] 
6633.891: [GC (Allocation Failure) [PSYoungGen: 421951K->147168K(506368K)] 1322080K->1148237K(1904640K), 0.0519743 secs] [Times: user=0.30 sys=0.00, real=0.05 secs] 
6636.010: [GC (Allocation Failure) [PSYoungGen: 467168K->108032K(508928K)] 1468237K->1246793K(1907200K), 0.1608047 secs] [Times: user=0.95 sys=0.01, real=0.16 secs] 
6638.211: [GC (Allocation Failure) [PSYoungGen: 428032K->149264K(506368K)] 1566793K->1392321K(1904640K), 0.0530937 secs] [Times: user=0.31 sys=0.00, real=0.05 secs] 
6638.264: [Full GC (Ergonomics) [PSYoungGen: 149264K->0K(506368K)] [ParOldGen: 1243056K->189731K(1398272K)] 1392321K->189731K(1904640K), [Metaspace: 59758K->59758K(1105920K)], 0.4535610 secs] [Times: user=2.10 sys=0.00, real=0.46 secs] 
6640.172: [GC (Allocation Failure) [PSYoungGen: 320512K->109216K(509440K)] 510243K->298947K(1907712K), 0.0326786 secs] [Times: user=0.19 sys=0.00, real=0.04 secs] 
6643.228: [GC (Allocation Failure) [PSYoungGen: 429728K->147616K(507904K)] 619459K->442507K(1906176K), 0.0523691 secs] [Times: user=0.31 sys=0.00, real=0.05 secs] 
6644.455: [GC (Allocation Failure) [PSYoungGen: 469664K->111520K(509952K)] 764555K->544700K(1908224K), 0.0693922 secs] [Times: user=0.41 sys=0.00, real=0.07 secs] 
6646.091: [GC (Allocation Failure) [PSYoungGen: 418247K->142400K(509952K)] 851427K->682968K(1908224K), 0.0521066 secs] [Times: user=0.30 sys=0.01, real=0.05 secs] 
6647.882: [GC (Allocation Failure) [PSYoungGen: 467520K->109088K(509952K)] 1008088K->782820K(1908224K), 0.0649215 secs] [Times: user=0.39 sys=0.00, real=0.07 secs] 
6649.900: [GC (Allocation Failure) [PSYoungGen: 423354K->142400K(510976K)] 1097086K->921613K(1909248K), 0.0517047 secs] [Times: user=0.31 sys=0.00, real=0.05 secs] 
6652.072: [GC (Allocation Failure) [PSYoungGen: 471104K->112480K(511488K)] 1250317K->1024589K(1909760K), 0.1687677 secs] [Times: user=1.00 sys=0.00, real=0.17 secs] 
6652.837: [GC (Allocation Failure) [PSYoungGen: 441184K->155392K(507904K)] 1353293K->1175954K(1906176K), 0.0539117 secs] [Times: user=0.32 sys=0.00, real=0.05 secs] 
6656.054: [GC (Allocation Failure) [PSYoungGen: 483584K->98592K(513536K)] 1504146K->1273722K(1911808K), 0.1594102 secs] [Times: user=0.95 sys=0.00, real=0.15 secs] 
6656.588: [GC (Allocation Failure) [PSYoungGen: 426784K->156432K(502784K)] 1601914K->1423760K(1901056K), 0.0566698 secs] [Times: user=0.34 sys=0.00, real=0.06 secs] 
6656.645: [Full GC (Ergonomics) [PSYoungGen: 156432K->0K(502784K)] [ParOldGen: 1267328K->222508K(1398272K)] 1423760K->222508K(1901056K), [Metaspace: 59758K->59758K(1105920K)], 0.5212022 secs] [Times: user=2.44 sys=0.00, real=0.52 secs] 
6660.812: [GC (Allocation Failure) [PSYoungGen: 317952K->95488K(508416K)] 540460K->317996K(1906688K), 0.1133387 secs] [Times: user=0.66 sys=0.00, real=0.12 secs] 
6661.235: [GC (Allocation Failure) [PSYoungGen: 413440K->152352K(501760K)] 635948K->464265K(1900032K), 0.0548040 secs] [Times: user=0.33 sys=0.00, real=0.05 secs] 
6664.646: [GC (Allocation Failure) [PSYoungGen: 464160K->91920K(505344K)] 776073K->555534K(1903616K), 0.1613486 secs] [Times: user=0.96 sys=0.00, real=0.16 secs] 
6665.041: [GC (Allocation Failure) [PSYoungGen: 403728K->150624K(499712K)] 867342K->699814K(1897984K), 0.0559306 secs] [Times: user=0.33 sys=0.00, real=0.06 secs] 
6667.571: [GC (Allocation Failure) [PSYoungGen: 457312K->91968K(502784K)] 1006502K->791246K(1901056K), 0.1595941 secs] [Times: user=0.95 sys=0.00, real=0.16 secs] 
6667.965: [GC (Allocation Failure) [PSYoungGen: 398656K->147744K(500736K)] 1097934K->932855K(1899008K), 0.0551004 secs] [Times: user=0.32 sys=0.00, real=0.05 secs] 
6670.975: [GC (Allocation Failure) [PSYoungGen: 453408K->89616K(502272K)] 1238519K->1021900K(1900544K), 0.1546712 secs] [Times: user=0.92 sys=0.00, real=0.15 secs] 
6671.912: [GC (Allocation Failure) [PSYoungGen: 395280K->146880K(499712K)] 1327564K->1162684K(1897984K), 0.0533112 secs] [Times: user=0.32 sys=0.00, real=0.06 secs] 
6675.052: [GC (Allocation Failure) [PSYoungGen: 450496K->90048K(501248K)] 1466300K->1251636K(1899520K), 0.0936216 secs] [Times: user=0.56 sys=0.00, real=0.10 secs] 
6675.927: [GC (Allocation Failure) [PSYoungGen: 390790K->141776K(500736K)] 1552378K->1389701K(1899008K), 0.0504735 secs] [Times: user=0.30 sys=0.00, real=0.05 secs] 
6675.978: [Full GC (Ergonomics) [PSYoungGen: 141776K->0K(500736K)] [ParOldGen: 1247925K->196359K(1398272K)] 1389701K->196359K(1899008K), [Metaspace: 59758K->59758K(1105920K)], 0.4656101 secs] [Times: user=2.16 sys=0.00, real=0.46 secs] 
6678.845: [GC (Allocation Failure) [PSYoungGen: 304640K->96160K(400896K)] 500999K->292519K(1799168K), 0.0303819 secs] [Times: user=0.17 sys=0.00, real=0.03 secs] 
6681.151: [GC (Allocation Failure) [PSYoungGen: 400800K->140160K(500736K)] 597159K->429004K(1899008K), 0.0476929 secs] [Times: user=0.28 sys=0.00, real=0.05 secs] 
6683.906: [GC (Allocation Failure) [PSYoungGen: 446848K->100720K(500224K)] 735692K->520613K(1898496K), 0.0628253 secs] [Times: user=0.37 sys=0.00, real=0.06 secs] 
6686.207: [GC (Allocation Failure) [PSYoungGen: 407408K->140768K(501248K)] 827301K->658741K(1899520K), 0.0525643 secs] [Times: user=0.31 sys=0.00, real=0.05 secs] 
6687.625: [GC (Allocation Failure) [PSYoungGen: 451552K->105440K(501760K)] 969525K->755413K(1900032K), 0.0644280 secs] [Times: user=0.38 sys=0.00, real=0.06 secs] 
6689.355: [GC (Allocation Failure) [PSYoungGen: 416224K->141104K(503296K)] 1066197K->894702K(1901568K), 0.0528265 secs] [Times: user=0.31 sys=0.00, real=0.05 secs] 
6691.743: [GC (Allocation Failure) [PSYoungGen: 457520K->108160K(504320K)] 1211118K->993030K(1902592K), 0.0650295 secs] [Times: user=0.39 sys=0.00, real=0.07 secs] 
6693.067: [GC (Allocation Failure) [PSYoungGen: 424576K->143280K(505856K)] 1309446K->1134271K(1904128K), 0.0552169 secs] [Times: user=0.33 sys=0.00, real=0.05 secs] 
6694.707: [GC (Allocation Failure) [PSYoungGen: 465328K->112320K(507904K)] 1456319K->1236787K(1906176K), 0.0671095 secs] [Times: user=0.39 sys=0.01, real=0.06 secs] 
6696.312: [GC (Allocation Failure) [PSYoungGen: 434368K->150400K(506880K)] 1558835K->1384743K(1905152K), 0.0559165 secs] [Times: user=0.33 sys=0.00, real=0.06 secs] 
6696.368: [Full GC (Ergonomics) [PSYoungGen: 150400K->0K(506880K)] [ParOldGen: 1234343K->182022K(1398272K)] 1384743K->182022K(1905152K), [Metaspace: 59758K->59758K(1105920K)], 0.4400813 secs] [Times: user=2.06 sys=0.00, real=0.44 secs] 
6697.875: [GC (Allocation Failure) [PSYoungGen: 325120K->110592K(510976K)] 507142K->292614K(1909248K), 0.0338228 secs] [Times: user=0.19 sys=0.00, real=0.03 secs] 
6700.640: [GC (Allocation Failure) [PSYoungGen: 435712K->150240K(508416K)] 617734K->439435K(1906688K), 0.0540439 secs] [Times: user=0.32 sys=0.00, real=0.06 secs] 
6702.801: [GC (Allocation Failure) [PSYoungGen: 476384K->108384K(512512K)] 765579K->538947K(1910784K), 0.1452208 secs] [Times: user=0.86 sys=0.01, real=0.15 secs] 
6704.466: [GC (Allocation Failure) [PSYoungGen: 421155K->147168K(510464K)] 851719K->681712K(1908736K), 0.0512884 secs] [Times: user=0.30 sys=0.00, real=0.05 secs] 
6706.519: [GC (Allocation Failure) [PSYoungGen: 474336K->108576K(513024K)] 1008880K->781408K(1911296K), 0.1349397 secs] [Times: user=0.80 sys=0.00, real=0.13 secs] 
6707.786: [GC (Allocation Failure) [PSYoungGen: 420646K->142592K(512512K)] 1093479K->920001K(1910784K), 0.0524979 secs] [Times: user=0.31 sys=0.00, real=0.05 secs] 
6710.221: [GC (GCLocker Initiated GC) [PSYoungGen: 471808K->111936K(441344K)] 1249218K->1023498K(1839616K), 0.0652980 secs] [Times: user=0.39 sys=0.00, real=0.07 secs] 
6712.673: [GC (Allocation Failure) [PSYoungGen: 441152K->167648K(497664K)] 1352734K->1187042K(1895936K), 0.0547948 secs] [Times: user=0.32 sys=0.01, real=0.06 secs] 
6716.155: [GC (Allocation Failure) [PSYoungGen: 484576K->93472K(507904K)] 1503970K->1262939K(1906176K), 0.1688110 secs] [Times: user=1.00 sys=0.00, real=0.16 secs] 
6717.854: [GC (Allocation Failure) [PSYoungGen: 410400K->149984K(502784K)] 1579867K->1408551K(1901056K), 0.0550750 secs] [Times: user=0.33 sys=0.00, real=0.06 secs] 
6717.909: [Full GC (Ergonomics) [PSYoungGen: 149984K->0K(502784K)] [ParOldGen: 1258567K->207325K(1398272K)] 1408551K->207325K(1901056K), [Metaspace: 59758K->59758K(1105920K)], 0.4829503 secs] [Times: user=2.25 sys=0.00, real=0.48 secs] 
6719.931: [GC (Allocation Failure) [PSYoungGen: 311808K->93632K(505344K)] 519133K->300957K(1903616K), 0.1610143 secs] [Times: user=0.95 sys=0.01, real=0.16 secs] 
6721.526: [GC (Allocation Failure) [PSYoungGen: 391629K->138816K(501248K)] 598954K->435330K(1899520K), 0.0489988 secs] [Times: user=0.29 sys=0.00, real=0.05 secs] 
6723.457: [GC (Allocation Failure) [PSYoungGen: 451648K->104224K(503808K)] 748162K->530402K(1902080K), 0.0628785 secs] [Times: user=0.37 sys=0.01, real=0.06 secs] 
6726.039: [GC (GCLocker Initiated GC) [PSYoungGen: 417056K->142832K(507392K)] 843235K->669621K(1905664K), 0.1115381 secs] [Times: user=0.66 sys=0.00, real=0.11 secs] 
6727.431: [GC (Allocation Failure) [PSYoungGen: 461808K->105216K(507904K)] 988599K->766299K(1906176K), 0.0652591 secs] [Times: user=0.37 sys=0.01, real=0.07 secs] 
6729.675: [GC (Allocation Failure) [PSYoungGen: 424192K->148816K(504832K)] 1085275K->913556K(1903104K), 0.1117448 secs] [Times: user=0.61 sys=0.00, real=0.11 secs] 
6732.275: [GC (Allocation Failure) [PSYoungGen: 467280K->105568K(507904K)] 1232020K->1010284K(1906176K), 0.1271392 secs] [Times: user=0.75 sys=0.00, real=0.12 secs] 
6735.210: [GC (Allocation Failure) [PSYoungGen: 424032K->147440K(506880K)] 1328748K->1153645K(1905152K), 0.0515828 secs] [Times: user=0.30 sys=0.01, real=0.05 secs] 
6736.550: [GC (Allocation Failure) [PSYoungGen: 467952K->106080K(509440K)] 1474157K->1250756K(1907712K), 0.0922216 secs] [Times: user=0.53 sys=0.01, real=0.09 secs] 
6739.165: [GC (Allocation Failure) [PSYoungGen: 421345K->145712K(508416K)] 1566022K->1392342K(1906688K), 0.0516488 secs] [Times: user=0.30 sys=0.00, real=0.05 secs] 
6739.217: [Full GC (Ergonomics) [PSYoungGen: 145712K->0K(508416K)] [ParOldGen: 1246629K->197060K(1398272K)] 1392342K->197060K(1906688K), [Metaspace: 59758K->59758K(1105920K)], 0.4677129 secs] [Times: user=2.16 sys=0.00, real=0.47 secs] 
6741.570: [GC (Allocation Failure) [PSYoungGen: 322048K->108096K(430592K)] 519108K->305156K(1828864K), 0.0430894 secs] [Times: user=0.26 sys=0.00, real=0.04 secs] 
6742.926: [GC (Allocation Failure) [PSYoungGen: 419750K->143056K(508416K)] 616811K->444282K(1906688K), 0.0501461 secs] [Times: user=0.29 sys=0.00, real=0.05 secs] 
6745.641: [GC (Allocation Failure) [PSYoungGen: 466640K->108384K(509440K)] 767866K->543773K(1907712K), 0.1027514 secs] [Times: user=0.60 sys=0.00, real=0.10 secs] 
6747.226: [GC (Allocation Failure) [PSYoungGen: 417587K->143408K(509952K)] 852977K->683259K(1908224K), 0.0514055 secs] [Times: user=0.30 sys=0.00, real=0.05 secs] 
6748.790: [GC (Allocation Failure) [PSYoungGen: 470576K->109024K(510976K)] 1010427K->783602K(1909248K), 0.0685170 secs] [Times: user=0.40 sys=0.00, real=0.07 secs] 
6750.403: [GC (Allocation Failure) [PSYoungGen: 436192K->151968K(508416K)] 1110770K->931863K(1906688K), 0.0646852 secs] [Times: user=0.35 sys=0.00, real=0.07 secs] 
6755.099: [GC (Allocation Failure) [PSYoungGen: 479136K->97984K(513024K)] 1259031K->1028819K(1911296K), 0.1574145 secs] [Times: user=0.94 sys=0.00, real=0.16 secs] 
6756.559: [GC (Allocation Failure) [PSYoungGen: 425152K->157568K(501760K)] 1355987K->1180440K(1900032K), 0.0647770 secs] [Times: user=0.38 sys=0.01, real=0.06 secs] 
6760.456: [GC (Allocation Failure) [PSYoungGen: 474496K->92432K(507904K)] 1497368K->1272753K(1906176K), 0.1684826 secs] [Times: user=1.01 sys=0.00, real=0.16 secs] 
6760.948: [GC (Allocation Failure) [PSYoungGen: 409360K->169792K(487424K)] 1589681K->1436551K(1885696K), 0.0561474 secs] [Times: user=0.33 sys=0.00, real=0.06 secs] 
6761.005: [Full GC (Ergonomics) [PSYoungGen: 169792K->0K(487424K)] [ParOldGen: 1266759K->217644K(1398272K)] 1436551K->217644K(1885696K), [Metaspace: 59758K->59758K(1105920K)], 0.5126339 secs] [Times: user=2.39 sys=0.00, real=0.51 secs] 
6764.050: [GC (Allocation Failure) [PSYoungGen: 296448K->98752K(497664K)] 514092K->316396K(1895936K), 0.1101701 secs] [Times: user=0.66 sys=0.00, real=0.11 secs] 
6764.644: [GC (Allocation Failure) [PSYoungGen: 383478K->137376K(489472K)] 601122K->435365K(1887744K), 0.0466269 secs] [Times: user=0.27 sys=0.00, real=0.04 secs] 
6766.477: [GC (Allocation Failure) [PSYoungGen: 435872K->96608K(494592K)] 733861K->523341K(1892864K), 0.1610241 secs] [Times: user=0.95 sys=0.01, real=0.16 secs] 
6768.469: [GC (Allocation Failure) [PSYoungGen: 395104K->137216K(496640K)] 821837K->656514K(1894912K), 0.0484456 secs] [Times: user=0.29 sys=0.00, real=0.05 secs] 
6770.134: [GC (Allocation Failure) [PSYoungGen: 445952K->105008K(500736K)] 965250K->751939K(1899008K), 0.0628273 secs] [Times: user=0.37 sys=0.00, real=0.06 secs] 
6772.629: [GC (Allocation Failure) [PSYoungGen: 413744K->137632K(503808K)] 1060675K->886903K(1902080K), 0.0530502 secs] [Times: user=0.31 sys=0.00, real=0.05 secs] 
6775.547: [GC (Allocation Failure) [PSYoungGen: 455584K->106176K(505856K)] 1204855K->983079K(1904128K), 0.0748807 secs] [Times: user=0.44 sys=0.01, real=0.07 secs] 
6776.438: [GC (Allocation Failure) [PSYoungGen: 424128K->147136K(507392K)] 1301031K->1127972K(1905664K), 0.0543842 secs] [Times: user=0.32 sys=0.00, real=0.05 secs] 
6780.067: [GC (Allocation Failure) [PSYoungGen: 469696K->108032K(509952K)] 1450532K->1226676K(1908224K), 0.0666256 secs] [Times: user=0.39 sys=0.00, real=0.06 secs] 
6782.083: [GC (Allocation Failure) [PSYoungGen: 430592K->146544K(508416K)] 1549236K->1370905K(1906688K), 0.0540171 secs] [Times: user=0.32 sys=0.01, real=0.06 secs] 
6784.792: [GC (Allocation Failure) [PSYoungGen: 470640K->109440K(510976K)] 1695001K->1470765K(1909248K), 0.0681567 secs] [Times: user=0.39 sys=0.02, real=0.07 secs] 
6784.861: [Full GC (Ergonomics) [PSYoungGen: 109440K->0K(510976K)] [ParOldGen: 1361325K->39607K(1398272K)] 1470765K->39607K(1909248K), [Metaspace: 59758K->59758K(1105920K)], 0.0832940 secs] [Times: user=0.31 sys=0.00, real=0.08 secs] 
6788.271: [GC (Allocation Failure) [PSYoungGen: 324096K->147776K(507904K)] 363703K->187383K(1906176K), 0.0291021 secs] [Times: user=0.17 sys=0.00, real=0.03 secs] 
6789.859: [GC (Allocation Failure) [PSYoungGen: 472384K->107328K(510976K)] 511991K->285599K(1909248K), 0.0668320 secs] [Times: user=0.40 sys=0.00, real=0.07 secs] 
6791.633: [GC (Allocation Failure) [PSYoungGen: 431936K->152992K(505344K)] 610207K->435540K(1903616K), 0.0631670 secs] [Times: user=0.37 sys=0.00, real=0.07 secs] 
6793.351: [GC (Allocation Failure) [PSYoungGen: 475040K->105824K(510464K)] 757588K->532892K(1908736K), 0.1313849 secs] [Times: user=0.78 sys=0.00, real=0.13 secs] 
6795.508: [GC (Allocation Failure) [PSYoungGen: 427872K->147648K(508928K)] 854940K->676777K(1907200K), 0.0508569 secs] [Times: user=0.30 sys=0.00, real=0.05 secs] 
6797.499: [GC (Allocation Failure) [PSYoungGen: 470720K->109568K(433152K)] 999849K->777521K(1831424K), 0.1646701 secs] [Times: user=0.98 sys=0.01, real=0.16 secs] 
6798.712: [GC (Allocation Failure) [PSYoungGen: 432640K->166640K(495616K)] 1100593K->940598K(1893888K), 0.0534775 secs] [Times: user=0.32 sys=0.00, real=0.06 secs] 
6801.133: [GC (Allocation Failure) [PSYoungGen: 477424K->95328K(504832K)] 1251382K->1018770K(1903104K), 0.1271685 secs] [Times: user=0.76 sys=0.00, real=0.13 secs] 
6803.075: [GC (Allocation Failure) [PSYoungGen: 403368K->139872K(501248K)] 1326810K->1154783K(1899520K), 0.1216300 secs] [Times: user=0.72 sys=0.00, real=0.12 secs] 
6805.034: [GC (Allocation Failure) [PSYoungGen: 451168K->105264K(503296K)] 1466079K->1250915K(1901568K), 0.0644214 secs] [Times: user=0.38 sys=0.00, real=0.06 secs] 
6807.209: [GC (Allocation Failure) [PSYoungGen: 416560K->143456K(505856K)] 1562211K->1390632K(1904128K), 0.0509556 secs] [Times: user=0.30 sys=0.00, real=0.05 secs] 
6807.260: [Full GC (Ergonomics) [PSYoungGen: 143456K->0K(505856K)] [ParOldGen: 1247176K->194467K(1398272K)] 1390632K->194467K(1904128K), [Metaspace: 59758K->59758K(1105920K)], 0.4568399 secs] [Times: user=2.12 sys=0.00, real=0.46 secs] 
6809.443: [GC (Allocation Failure) [PSYoungGen: 316416K->105648K(506368K)] 510883K->300116K(1904640K), 0.0316710 secs] [Times: user=0.18 sys=0.00, real=0.04 secs] 
6811.473: [GC (Allocation Failure) [PSYoungGen: 422064K->145904K(505344K)] 616532K->442193K(1903616K), 0.0506725 secs] [Times: user=0.30 sys=0.00, real=0.05 secs] 
6813.141: [GC (Allocation Failure) [PSYoungGen: 463856K->108160K(506880K)] 760145K->541752K(1905152K), 0.1725651 secs] [Times: user=1.02 sys=0.01, real=0.17 secs] 
6814.793: [GC (Allocation Failure) [PSYoungGen: 417648K->144224K(507392K)] 851241K->682225K(1905664K), 0.0511154 secs] [Times: user=0.30 sys=0.00, real=0.06 secs] 
6817.529: [GC (Allocation Failure) [PSYoungGen: 465760K->106528K(508416K)] 1003761K->779741K(1906688K), 0.0961366 secs] [Times: user=0.57 sys=0.00, real=0.10 secs] 
6819.450: [GC (Allocation Failure) [PSYoungGen: 416574K->145088K(508928K)] 1089788K->920850K(1907200K), 0.0511051 secs] [Times: user=0.30 sys=0.00, real=0.05 secs] 
6821.504: [GC (Allocation Failure) [PSYoungGen: 469696K->107776K(510464K)] 1245458K->1019498K(1908736K), 0.1619027 secs] [Times: user=0.95 sys=0.01, real=0.16 secs] 
6822.479: [GC (Allocation Failure) [PSYoungGen: 432384K->152880K(506368K)] 1344106K->1168392K(1904640K), 0.0522664 secs] [Times: user=0.31 sys=0.00, real=0.05 secs] 
6824.975: [GC (Allocation Failure) [PSYoungGen: 475952K->98528K(510976K)] 1491464K->1265819K(1909248K), 0.1699738 secs] [Times: user=1.01 sys=0.00, real=0.17 secs] 
6825.845: [GC (Allocation Failure) [PSYoungGen: 421600K->156992K(500736K)] 1588891K->1416384K(1899008K), 0.0557602 secs] [Times: user=0.33 sys=0.00, real=0.05 secs] 
6825.901: [Full GC (Ergonomics) [PSYoungGen: 156992K->0K(500736K)] [ParOldGen: 1259392K->215655K(1398272K)] 1416384K->215655K(1899008K), [Metaspace: 59758K->59758K(1105920K)], 0.4950531 secs] [Times: user=2.30 sys=0.00, real=0.50 secs] 
6828.833: [GC (Allocation Failure) [PSYoungGen: 313856K->91504K(506368K)] 529511K->307160K(1904640K), 0.1440877 secs] [Times: user=0.86 sys=0.00, real=0.15 secs] 
6829.800: [GC (Allocation Failure) [PSYoungGen: 405360K->149760K(501248K)] 621016K->450841K(1899520K), 0.0528474 secs] [Times: user=0.31 sys=0.00, real=0.05 secs] 
6832.257: [GC (Allocation Failure) [PSYoungGen: 458496K->94224K(503808K)] 759577K->543993K(1902080K), 0.1636547 secs] [Times: user=0.98 sys=0.00, real=0.16 secs] 
6833.355: [GC (Allocation Failure) [PSYoungGen: 402960K->147216K(501248K)] 852729K->685506K(1899520K), 0.0532603 secs] [Times: user=0.31 sys=0.00, real=0.05 secs] 
6836.669: [GC (Allocation Failure) [PSYoungGen: 454928K->90847K(503296K)] 993218K->775517K(1901568K), 0.0895121 secs] [Times: user=0.53 sys=0.00, real=0.09 secs] 
6837.527: [GC (Allocation Failure) [PSYoungGen: 394492K->141808K(502272K)] 1079162K->912955K(1900544K), 0.0494741 secs] [Times: user=0.29 sys=0.00, real=0.05 secs] 
6839.433: [GC (Allocation Failure) [PSYoungGen: 450544K->103600K(412672K)] 1221691K->1007327K(1810944K), 0.0633709 secs] [Times: user=0.37 sys=0.00, real=0.07 secs] 
6841.211: [GC (Allocation Failure) [PSYoungGen: 412336K->141856K(501248K)] 1316063K->1145619K(1899520K), 0.0504962 secs] [Times: user=0.30 sys=0.00, real=0.05 secs] 
6843.504: [GC (Allocation Failure) [PSYoungGen: 452128K->103296K(501760K)] 1455891K->1239459K(1900032K), 0.0646171 secs] [Times: user=0.38 sys=0.00, real=0.07 secs] 
6845.173: [GC (Allocation Failure) [PSYoungGen: 413568K->142848K(503808K)] 1549731K->1378640K(1902080K), 0.0510945 secs] [Times: user=0.30 sys=0.00, real=0.06 secs] 
6845.224: [Full GC (Ergonomics) [PSYoungGen: 142848K->0K(503808K)] [ParOldGen: 1235792K->185861K(1398272K)] 1378640K->185861K(1902080K), [Metaspace: 59758K->59758K(1105920K)], 0.4354435 secs] [Times: user=2.01 sys=0.00, real=0.43 secs] 
6846.775: [GC (Allocation Failure) [PSYoungGen: 315392K->105664K(504832K)] 501253K->291525K(1903104K), 0.0327606 secs] [Times: user=0.19 sys=0.00, real=0.03 secs] 
6848.900: [GC (Allocation Failure) [PSYoungGen: 421056K->154016K(501248K)] 606917K->441437K(1899520K), 0.0527047 secs] [Times: user=0.30 sys=0.01, real=0.05 secs] 
6850.134: [GC (Allocation Failure) [PSYoungGen: 469408K->106464K(506880K)] 756829K->530089K(1905152K), 0.0652205 secs] [Times: user=0.38 sys=0.01, real=0.06 secs] 
6852.797: [GC (Allocation Failure) [PSYoungGen: 421856K->147360K(505856K)] 845481K->673854K(1904128K), 0.0530405 secs] [Times: user=0.31 sys=0.00, real=0.05 secs] 
6855.249: [GC (Allocation Failure) [PSYoungGen: 465312K->102496K(508416K)] 991806K->767562K(1906688K), 0.1076166 secs] [Times: user=0.64 sys=0.00, real=0.11 secs] 
6856.986: [GC (Allocation Failure) [PSYoungGen: 420448K->151968K(502784K)] 1085514K->915523K(1901056K), 0.0523773 secs] [Times: user=0.31 sys=0.00, real=0.05 secs] 
6858.742: [GC (Allocation Failure) [PSYoungGen: 466848K->105888K(506880K)] 1230403K->1012623K(1905152K), 0.1440962 secs] [Times: user=0.86 sys=0.00, real=0.15 secs] 
6861.025: [GC (Allocation Failure) [PSYoungGen: 420768K->154912K(499712K)] 1327503K->1163668K(1897984K), 0.0530181 secs] [Times: user=0.31 sys=0.00, real=0.05 secs] 
6862.170: [GC (Allocation Failure) [PSYoungGen: 465696K->103280K(504832K)] 1474452K->1249805K(1903104K), 0.0661462 secs] [Times: user=0.39 sys=0.00, real=0.07 secs] 
6864.724: [GC (Allocation Failure) [PSYoungGen: 414064K->143840K(502272K)] 1560589K->1390373K(1900544K), 0.0523956 secs] [Times: user=0.31 sys=0.00, real=0.06 secs] 
6864.776: [Full GC (Ergonomics) [PSYoungGen: 143840K->0K(502272K)] [ParOldGen: 1246533K->188759K(1398272K)] 1390373K->188759K(1900544K), [Metaspace: 59758K->59758K(1105920K)], 0.4566802 secs] [Times: user=2.12 sys=0.00, real=0.45 secs] 
6866.308: [GC (Allocation Failure) [PSYoungGen: 313344K->103872K(504832K)] 502103K->292631K(1903104K), 0.0319351 secs] [Times: user=0.18 sys=0.00, real=0.03 secs] 
6868.276: [GC (Allocation Failure) [PSYoungGen: 417216K->145584K(506880K)] 605975K->434621K(1905152K), 0.0511820 secs] [Times: user=0.30 sys=0.00, real=0.05 secs] 
6869.915: [GC (Allocation Failure) [PSYoungGen: 463024K->109824K(427520K)] 752061K->535092K(1825792K), 0.0943136 secs] [Times: user=0.56 sys=0.00, real=0.09 secs] 
6871.865: [GC (Allocation Failure) [PSYoungGen: 427264K->146368K(503808K)] 852532K->676373K(1902080K), 0.0527435 secs] [Times: user=0.32 sys=0.00, real=0.05 secs] 
6874.190: [GC (Allocation Failure) [PSYoungGen: 463296K->105664K(505856K)] 993301K->772973K(1904128K), 0.0654309 secs] [Times: user=0.39 sys=0.01, real=0.07 secs] 
6876.209: [GC (Allocation Failure) [PSYoungGen: 422592K->145088K(508416K)] 1089901K->914886K(1906688K), 0.0548927 secs] [Times: user=0.33 sys=0.00, real=0.05 secs] 
6878.294: [GC (GCLocker Initiated GC) [PSYoungGen: 467136K->106192K(509440K)] 1236936K->1011961K(1907712K), 0.0645788 secs] [Times: user=0.39 sys=0.00, real=0.07 secs] 
6880.044: [GC (Allocation Failure) [PSYoungGen: 428240K->149504K(507392K)] 1334026K->1157974K(1905664K), 0.0525153 secs] [Times: user=0.31 sys=0.00, real=0.06 secs] 
6882.023: [GC (Allocation Failure) [PSYoungGen: 471552K->106896K(510464K)] 1480022K->1255867K(1908736K), 0.0984689 secs] [Times: user=0.58 sys=0.01, real=0.10 secs] 
6883.576: [GC (Allocation Failure) [PSYoungGen: 421705K->145968K(509440K)] 1570675K->1397919K(1907712K), 0.0518377 secs] [Times: user=0.31 sys=0.00, real=0.05 secs] 
6883.628: [Full GC (Ergonomics) [PSYoungGen: 145968K->0K(509440K)] [ParOldGen: 1251951K->196772K(1398272K)] 1397919K->196772K(1907712K), [Metaspace: 59758K->59758K(1105920K)], 0.4863807 secs] [Times: user=2.23 sys=0.00, real=0.49 secs] 
6886.310: [GC (Allocation Failure) [PSYoungGen: 323584K->109184K(433152K)] 520356K->305956K(1831424K), 0.0909670 secs] [Times: user=0.53 sys=0.00, real=0.09 secs] 
6887.611: [GC (Allocation Failure) [PSYoungGen: 417419K->142272K(509440K)] 614192K->444084K(1907712K), 0.0507640 secs] [Times: user=0.30 sys=0.00, real=0.05 secs] 
6890.177: [GC (Allocation Failure) [PSYoungGen: 467392K->107712K(509952K)] 769204K->542772K(1908224K), 0.1431290 secs] [Times: user=0.85 sys=0.00, real=0.14 secs] 
6891.959: [GC (Allocation Failure) [PSYoungGen: 432832K->152640K(507392K)] 867892K->691541K(1905664K), 0.0523696 secs] [Times: user=0.31 sys=0.00, real=0.05 secs] 
6895.559: [GC (Allocation Failure) [PSYoungGen: 475256K->96896K(512000K)] 1014157K->787417K(1910272K), 0.1520633 secs] [Times: user=0.90 sys=0.00, real=0.15 secs] 
6896.765: [GC (Allocation Failure) [PSYoungGen: 422016K->155424K(502272K)] 1112537K->938427K(1900544K), 0.0555479 secs] [Times: user=0.33 sys=0.00, real=0.05 secs] 
6900.118: [GC (Allocation Failure) [PSYoungGen: 471328K->95264K(507392K)] 1254331K->1033499K(1905664K), 0.1696756 secs] [Times: user=1.01 sys=0.00, real=0.17 secs] 
6901.223: [GC (Allocation Failure) [PSYoungGen: 411168K->151920K(501248K)] 1349403K->1178868K(1899520K), 0.1158864 secs] [Times: user=0.68 sys=0.00, real=0.12 secs] 
6903.519: [GC (Allocation Failure) [PSYoungGen: 462704K->93856K(504832K)] 1489652K->1271911K(1903104K), 0.1097721 secs] [Times: user=0.64 sys=0.00, real=0.11 secs] 
6904.315: [GC (Allocation Failure) [PSYoungGen: 404640K->149072K(500736K)] 1582695K->1414273K(1899008K), 0.0548550 secs] [Times: user=0.32 sys=0.00, real=0.05 secs] 
6904.370: [Full GC (Ergonomics) [PSYoungGen: 149072K->0K(500736K)] [ParOldGen: 1265200K->211713K(1398272K)] 1414273K->211713K(1899008K), [Metaspace: 59758K->59758K(1105920K)], 0.4988092 secs] [Times: user=2.26 sys=0.00, real=0.50 secs] 
6908.135: [GC (GCLocker Initiated GC) [PSYoungGen: 307712K->89264K(503296K)] 519425K->300978K(1901568K), 0.1388780 secs] [Times: user=0.82 sys=0.02, real=0.13 secs] 
6909.941: [GC (Allocation Failure) [PSYoungGen: 396976K->137248K(498688K)] 625093K->450220K(1896960K), 0.2579714 secs] [Times: user=1.54 sys=0.00, real=0.26 secs] 
6913.759: [GC (Allocation Failure) [PSYoungGen: 445472K->88496K(501248K)] 758444K->538756K(1899520K), 0.4482804 secs] [Times: user=2.69 sys=0.00, real=0.45 secs] 
6914.868: [GC (Allocation Failure) [PSYoungGen: 381711K->139712K(505344K)] 831971K->674752K(1903616K), 0.0477455 secs] [Times: user=0.28 sys=0.00, real=0.05 secs] 
6916.870: [GC (Allocation Failure) [PSYoungGen: 453056K->104400K(417792K)] 988096K->770329K(1816064K), 0.1264521 secs] [Times: user=0.75 sys=0.01, real=0.13 secs] 
6918.865: [GC (Allocation Failure) [PSYoungGen: 417744K->142912K(501248K)] 1083673K->908777K(1899520K), 0.0512789 secs] [Times: user=0.30 sys=0.01, real=0.05 secs] 
6921.099: [GC (Allocation Failure) [PSYoungGen: 455744K->104448K(502784K)] 1221609K->1004085K(1901056K), 0.0652648 secs] [Times: user=0.39 sys=0.00, real=0.07 secs] 
6923.620: [GC (Allocation Failure) [PSYoungGen: 417280K->142848K(505344K)] 1316917K->1143218K(1903616K), 0.0518238 secs] [Times: user=0.31 sys=0.00, real=0.05 secs] 
6926.077: [GC (Allocation Failure) [PSYoungGen: 461824K->107328K(506880K)] 1462194K->1241086K(1905152K), 0.1184619 secs] [Times: user=0.70 sys=0.01, real=0.12 secs] 
6927.950: [GC (Allocation Failure) [PSYoungGen: 426304K->151168K(504320K)] 1560062K->1388455K(1902592K), 0.0548372 secs] [Times: user=0.33 sys=0.00, real=0.06 secs] 
6928.005: [Full GC (Ergonomics) [PSYoungGen: 151168K->0K(504320K)] [ParOldGen: 1237287K->195391K(1398272K)] 1388455K->195391K(1902592K), [Metaspace: 59758K->59758K(1105920K)], 0.4614056 secs] [Times: user=2.14 sys=0.00, real=0.46 secs] 
6931.203: [GC (Allocation Failure) [PSYoungGen: 320000K->103856K(508928K)] 515391K->299248K(1907200K), 0.0313759 secs] [Times: user=0.18 sys=0.00, real=0.04 secs] 
6933.929: [GC (Allocation Failure) [PSYoungGen: 423856K->148720K(505856K)] 619248K->444137K(1904128K), 0.0498336 secs] [Times: user=0.29 sys=0.00, real=0.05 secs] 
6935.814: [GC (Allocation Failure) [PSYoungGen: 468720K->106816K(509440K)] 764137K->542133K(1907712K), 0.0751310 secs] [Times: user=0.44 sys=0.00, real=0.08 secs] 
6937.752: [GC (Allocation Failure) [PSYoungGen: 418926K->146384K(506880K)] 854244K->682549K(1905152K), 0.0507688 secs] [Times: user=0.30 sys=0.00, real=0.05 secs] 
6939.268: [GC (Allocation Failure) [PSYoungGen: 467408K->107712K(509440K)] 1003573K->781508K(1907712K), 0.0833797 secs] [Times: user=0.49 sys=0.00, real=0.08 secs] 
6941.247: [GC (Allocation Failure) [PSYoungGen: 419829K->144224K(508928K)] 1093625K->921425K(1907200K), 0.0510550 secs] [Times: user=0.31 sys=0.00, real=0.05 secs] 
6943.500: [GC (Allocation Failure) [PSYoungGen: 467808K->108672K(509952K)] 1245009K->1020601K(1908224K), 0.0648000 secs] [Times: user=0.38 sys=0.00, real=0.07 secs] 
6945.229: [GC (Allocation Failure) [PSYoungGen: 420488K->143888K(508928K)] 1332417K->1160066K(1907200K), 0.0513090 secs] [Times: user=0.30 sys=0.00, real=0.05 secs] 
6947.350: [GC (Allocation Failure) [PSYoungGen: 469520K->109600K(510464K)] 1485698K->1260529K(1908736K), 0.0898179 secs] [Times: user=0.53 sys=0.00, real=0.09 secs] 
6949.375: [GC (Allocation Failure) [PSYoungGen: 435232K->151680K(507904K)] 1586161K->1407806K(1906176K), 0.0539252 secs] [Times: user=0.32 sys=0.00, real=0.05 secs] 
6949.429: [Full GC (Ergonomics) [PSYoungGen: 151680K->0K(507904K)] [ParOldGen: 1256126K->206039K(1398272K)] 1407806K->206039K(1906176K), [Metaspace: 59758K->59758K(1105920K)], 0.4676286 secs] [Times: user=2.17 sys=0.00, real=0.47 secs] 
6953.876: [GC (Allocation Failure) [PSYoungGen: 325557K->95424K(512512K)] 531596K->301463K(1910784K), 0.1813811 secs] [Times: user=1.08 sys=0.00, real=0.18 secs] 
6954.521: [GC (Allocation Failure) [PSYoungGen: 421568K->155072K(502784K)] 627607K->452636K(1901056K), 0.0549328 secs] [Times: user=0.33 sys=0.00, real=0.06 secs] 
6958.301: [GC (Allocation Failure) [PSYoungGen: 472000K->93440K(507904K)] 769564K->545724K(1906176K), 0.1775925 secs] [Times: user=1.06 sys=0.00, real=0.18 secs] 
6959.384: [GC (Allocation Failure) [PSYoungGen: 410368K->151248K(501248K)] 862652K->691226K(1899520K), 0.0542685 secs] [Times: user=0.32 sys=0.00, real=0.06 secs] 
6962.189: [GC (Allocation Failure) [PSYoungGen: 462032K->90976K(504832K)] 1002010K->781665K(1903104K), 0.1700205 secs] [Times: user=1.01 sys=0.00, real=0.17 secs] 
6964.437: [GC (Allocation Failure) [PSYoungGen: 401760K->147520K(500736K)] 1092449K->922862K(1899008K), 0.0528195 secs] [Times: user=0.31 sys=0.01, real=0.05 secs] 
6966.792: [GC (Allocation Failure) [PSYoungGen: 455232K->94144K(503296K)] 1230574K->1016210K(1901568K), 0.1680967 secs] [Times: user=1.00 sys=0.00, real=0.17 secs] 
6968.227: [GC (Allocation Failure) [PSYoungGen: 393190K->138784K(500736K)] 1315257K->1151463K(1899008K), 0.0786450 secs] [Times: user=0.47 sys=0.00, real=0.08 secs] 
6970.607: [GC (Allocation Failure) [PSYoungGen: 448544K->101392K(502272K)] 1461223K->1244432K(1900544K), 0.0928473 secs] [Times: user=0.55 sys=0.00, real=0.09 secs] 
6972.960: [GC (Allocation Failure) [PSYoungGen: 411152K->143360K(503296K)] 1554192K->1383196K(1901568K), 0.0497213 secs] [Times: user=0.29 sys=0.00, real=0.05 secs] 
6973.009: [Full GC (Ergonomics) [PSYoungGen: 143360K->0K(503296K)] [ParOldGen: 1239836K->188722K(1398272K)] 1383196K->188722K(1901568K), [Metaspace: 59758K->59758K(1105920K)], 0.4471280 secs] [Times: user=2.06 sys=0.00, real=0.45 secs] 
6974.563: [GC (Allocation Failure) [PSYoungGen: 313856K->105632K(504832K)] 502578K->294355K(1903104K), 0.0321661 secs] [Times: user=0.19 sys=0.00, real=0.04 secs] 
6977.695: [GC (Allocation Failure) [PSYoungGen: 419488K->144656K(503808K)] 608211K->435385K(1902080K), 0.0507752 secs] [Times: user=0.30 sys=0.00, real=0.05 secs] 
6978.831: [GC (Allocation Failure) [PSYoungGen: 461072K->108576K(505856K)] 751801K->534652K(1904128K), 0.0654100 secs] [Times: user=0.39 sys=0.00, real=0.07 secs] 
6981.167: [GC (Allocation Failure) [PSYoungGen: 424992K->143088K(505856K)] 851068K->674214K(1904128K), 0.1314863 secs] [Times: user=0.76 sys=0.02, real=0.13 secs] 
6983.405: [GC (Allocation Failure) [PSYoungGen: 463600K->108608K(507392K)] 994726K->774125K(1905664K), 0.0654646 secs] [Times: user=0.38 sys=0.01, real=0.06 secs] 
6985.884: [GC (Allocation Failure) [PSYoungGen: 429120K->148416K(506368K)] 1094637K->918666K(1904640K), 0.0527798 secs] [Times: user=0.32 sys=0.01, real=0.05 secs] 
6987.504: [GC (Allocation Failure) [PSYoungGen: 471488K->109984K(509952K)] 1241738K->1019554K(1908224K), 0.0665858 secs] [Times: user=0.40 sys=0.00, real=0.07 secs] 
6988.588: [GC (Allocation Failure) [PSYoungGen: 420457K->142704K(510976K)] 1330027K->1158924K(1909248K), 0.0705527 secs] [Times: user=0.42 sys=0.00, real=0.07 secs] 
6991.932: [GC (Allocation Failure) [PSYoungGen: 470384K->109408K(512000K)] 1486604K->1259755K(1910272K), 0.1694861 secs] [Times: user=1.01 sys=0.00, real=0.17 secs] 
6993.859: [GC (Allocation Failure) [PSYoungGen: 437088K->153056K(507392K)] 1587435K->1408060K(1905664K), 0.0538759 secs] [Times: user=0.32 sys=0.00, real=0.05 secs] 
6993.913: [Full GC (Ergonomics) [PSYoungGen: 153056K->0K(507392K)] [ParOldGen: 1255004K->206676K(1398272K)] 1408060K->206676K(1905664K), [Metaspace: 59758K->59758K(1105920K)], 0.4833094 secs] [Times: user=2.25 sys=0.00, real=0.49 secs] 
6997.088: [GC (Allocation Failure) [PSYoungGen: 326144K->97872K(512512K)] 532820K->304549K(1910784K), 0.1681816 secs] [Times: user=1.00 sys=0.00, real=0.17 secs] 
6998.252: [GC (Allocation Failure) [PSYoungGen: 424016K->158640K(500224K)] 630693K->457034K(1898496K), 0.0560271 secs] [Times: user=0.33 sys=0.01, real=0.06 secs] 
7000.645: [GC (Allocation Failure) [PSYoungGen: 473520K->91712K(506880K)] 771914K->548577K(1905152K), 0.1633250 secs] [Times: user=0.96 sys=0.00, real=0.16 secs] 
7001.369: [GC (Allocation Failure) [PSYoungGen: 406592K->150640K(501248K)] 863457K->692743K(1899520K), 0.0547274 secs] [Times: user=0.32 sys=0.00, real=0.05 secs] 
7004.770: [GC (Allocation Failure) [PSYoungGen: 460400K->90240K(504320K)] 1002503K->781938K(1902592K), 0.1586496 secs] [Times: user=0.95 sys=0.01, real=0.16 secs] 
7005.570: [GC (Allocation Failure) [PSYoungGen: 400000K->148592K(499712K)] 1091698K->924060K(1897984K), 0.0540701 secs] [Times: user=0.32 sys=0.01, real=0.06 secs] 
7009.031: [GC (Allocation Failure) [PSYoungGen: 454256K->92464K(502272K)] 1229724K->1015148K(1900544K), 0.1007870 secs] [Times: user=0.60 sys=0.00, real=0.10 secs] 
7010.165: [GC (Allocation Failure) [PSYoungGen: 393466K->140672K(500224K)] 1316149K->1151732K(1898496K), 0.0509898 secs] [Times: user=0.31 sys=0.00, real=0.05 secs] 
7012.166: [GC (Allocation Failure) [PSYoungGen: 447872K->102608K(501760K)] 1458932K->1245513K(1900032K), 0.0639645 secs] [Times: user=0.38 sys=0.00, real=0.06 secs] 
7013.944: [GC (Allocation Failure) [PSYoungGen: 409808K->140896K(502784K)] 1552713K->1382653K(1901056K), 0.0512478 secs] [Times: user=0.30 sys=0.01, real=0.05 secs] 
7013.996: [Full GC (Ergonomics) [PSYoungGen: 140896K->0K(502784K)] [ParOldGen: 1241757K->188231K(1398272K)] 1382653K->188231K(1901056K), [Metaspace: 59758K->59758K(1105920K)], 0.4345751 secs] [Times: user=2.00 sys=0.00, real=0.43 secs] 
7016.944: [GC (Allocation Failure) [PSYoungGen: 311296K->100544K(502784K)] 499527K->288775K(1901056K), 0.0328925 secs] [Times: user=0.19 sys=0.01, real=0.04 secs] 
7019.313: [GC (Allocation Failure) [PSYoungGen: 411840K->146432K(501760K)] 600071K->431019K(1900032K), 0.0500075 secs] [Times: user=0.30 sys=0.00, real=0.05 secs] 
7020.963: [GC (Allocation Failure) [PSYoungGen: 459776K->106112K(504320K)] 744363K->528199K(1902592K), 0.1518939 secs] [Times: user=0.90 sys=0.00, real=0.16 secs] 
7022.806: [GC (Allocation Failure) [PSYoungGen: 419456K->144128K(505344K)] 841543K->669028K(1903616K), 0.0915191 secs] [Times: user=0.54 sys=0.00, real=0.09 secs] 
7024.350: [GC (Allocation Failure) [PSYoungGen: 462080K->107648K(506880K)] 986980K->767644K(1905152K), 0.0653792 secs] [Times: user=0.39 sys=0.00, real=0.07 secs] 
7027.014: [GC (Allocation Failure) [PSYoungGen: 425600K->147008K(504832K)] 1085596K->910801K(1903104K), 0.0529394 secs] [Times: user=0.31 sys=0.00, real=0.06 secs] 
7028.454: [GC (Allocation Failure) [PSYoungGen: 466496K->109472K(507904K)] 1230289K->1011165K(1906176K), 0.0670131 secs] [Times: user=0.39 sys=0.00, real=0.07 secs] 
7030.081: [GC (Allocation Failure) [PSYoungGen: 428960K->147808K(507392K)] 1330653K->1155286K(1905664K), 0.0534211 secs] [Times: user=0.32 sys=0.00, real=0.06 secs] 
7031.840: [GC (Allocation Failure) [PSYoungGen: 470368K->108352K(509952K)] 1477846K->1254010K(1908224K), 0.0667248 secs] [Times: user=0.39 sys=0.00, real=0.07 secs] 
7033.100: [GC (Allocation Failure) [PSYoungGen: 426871K->148512K(507904K)] 1572529K->1398894K(1906176K), 0.0537198 secs] [Times: user=0.31 sys=0.00, real=0.05 secs] 
7033.154: [Full GC (Ergonomics) [PSYoungGen: 148512K->0K(507904K)] [ParOldGen: 1250382K->196371K(1398272K)] 1398894K->196371K(1906176K), [Metaspace: 59758K->59758K(1105920K)], 0.4618525 secs] [Times: user=2.14 sys=0.00, real=0.47 secs] 
7035.123: [GC (Allocation Failure) [PSYoungGen: 323584K->107712K(510976K)] 519955K->304083K(1909248K), 0.0623761 secs] [Times: user=0.37 sys=0.01, real=0.07 secs] 
7036.532: [GC (Allocation Failure) [PSYoungGen: 415538K->143216K(510464K)] 611909K->443732K(1908736K), 0.0508354 secs] [Times: user=0.29 sys=0.00, real=0.05 secs] 
7038.936: [GC (Allocation Failure) [PSYoungGen: 469360K->110672K(511488K)] 769876K->545324K(1909760K), 0.1656736 secs] [Times: user=0.98 sys=0.00, real=0.16 secs] 
7040.503: [GC (Allocation Failure) [PSYoungGen: 436816K->153264K(506880K)] 871468K->693685K(1905152K), 0.0529522 secs] [Times: user=0.31 sys=0.00, real=0.06 secs] 
7042.996: [GC (GCLocker Initiated GC) [PSYoungGen: 477872K->96848K(511488K)] 1018293K->789818K(1909760K), 0.1678609 secs] [Times: user=1.00 sys=0.00, real=0.17 secs] 
7044.090: [GC (Allocation Failure) [PSYoungGen: 421456K->157472K(500224K)] 1114428K->940641K(1898496K), 0.0565803 secs] [Times: user=0.34 sys=0.01, real=0.06 secs] 
7046.255: [GC (Allocation Failure) [PSYoungGen: 471328K->93184K(506368K)] 1254497K->1033513K(1904640K), 0.1495665 secs] [Times: user=0.89 sys=0.00, real=0.15 secs] 
7047.743: [GC (Allocation Failure) [PSYoungGen: 407040K->149008K(502784K)] 1347369K->1176258K(1901056K), 0.0667142 secs] [Times: user=0.39 sys=0.00, real=0.07 secs] 
7051.195: [GC (Allocation Failure) [PSYoungGen: 459792K->91360K(504832K)] 1487042K->1267070K(1903104K), 0.1565608 secs] [Times: user=0.93 sys=0.00, real=0.15 secs] 
7052.497: [GC (Allocation Failure) [PSYoungGen: 402144K->150016K(499200K)] 1577854K->1410434K(1897472K), 0.0545582 secs] [Times: user=0.32 sys=0.00, real=0.05 secs] 
7052.551: [Full GC (Ergonomics) [PSYoungGen: 150016K->0K(499200K)] [ParOldGen: 1260418K->208449K(1398272K)] 1410434K->208449K(1897472K), [Metaspace: 59758K->59758K(1105920K)], 0.4814843 secs] [Times: user=2.24 sys=0.00, real=0.48 secs] 
7055.724: [GC (Allocation Failure) [PSYoungGen: 305001K->91568K(502272K)] 513451K->300018K(1900544K), 0.1597496 secs] [Times: user=0.95 sys=0.01, real=0.16 secs] 
7057.712: [GC (Allocation Failure) [PSYoungGen: 397232K->139280K(498688K)] 605682K->434964K(1896960K), 0.0498205 secs] [Times: user=0.29 sys=0.01, real=0.05 secs] 
7059.455: [GC (Allocation Failure) [PSYoungGen: 446480K->103264K(501248K)] 742164K->528695K(1899520K), 0.0615181 secs] [Times: user=0.36 sys=0.00, real=0.06 secs] 
7061.659: [GC (Allocation Failure) [PSYoungGen: 410464K->141680K(504320K)] 835895K->667033K(1902592K), 0.0493968 secs] [Times: user=0.29 sys=0.01, real=0.05 secs] 
7062.851: [GC (Allocation Failure) [PSYoungGen: 455024K->105248K(504320K)] 980377K->763056K(1902592K), 0.0628778 secs] [Times: user=0.37 sys=0.00, real=0.07 secs] 
7065.374: [GC (Allocation Failure) [PSYoungGen: 418592K->146800K(502272K)] 1076400K->906166K(1900544K), 0.0520999 secs] [Times: user=0.31 sys=0.00, real=0.05 secs] 
7066.661: [GC (Allocation Failure) [PSYoungGen: 461168K->103584K(504832K)] 1220534K->1001105K(1903104K), 0.0661988 secs] [Times: user=0.39 sys=0.01, real=0.07 secs] 
7069.401: [GC (Allocation Failure) [PSYoungGen: 417952K->147152K(505344K)] 1315473K->1144487K(1903616K), 0.0536658 secs] [Times: user=0.31 sys=0.00, real=0.06 secs] 
7070.711: [GC (Allocation Failure) [PSYoungGen: 465104K->107488K(507904K)] 1462439K->1242934K(1906176K), 0.0662040 secs] [Times: user=0.39 sys=0.00, real=0.07 secs] 
7073.368: [GC (Allocation Failure) [PSYoungGen: 425440K->146656K(505344K)] 1560886K->1386307K(1903616K), 0.0533807 secs] [Times: user=0.32 sys=0.00, real=0.05 secs] 
7073.421: [Full GC (Ergonomics) [PSYoungGen: 146656K->0K(505344K)] [ParOldGen: 1239651K->193599K(1398272K)] 1386307K->193599K(1903616K), [Metaspace: 59758K->59758K(1105920K)], 0.4639873 secs] [Times: user=2.14 sys=0.01, real=0.47 secs] 
7074.922: [GC (Allocation Failure) [PSYoungGen: 318976K->107520K(507904K)] 512575K->301119K(1906176K), 0.0321564 secs] [Times: user=0.19 sys=0.00, real=0.04 secs] 
7076.945: [GC (Allocation Failure) [PSYoungGen: 422723K->146224K(507392K)] 616323K->443825K(1905664K), 0.0509516 secs] [Times: user=0.29 sys=0.02, real=0.05 secs] 
7078.453: [GC (Allocation Failure) [PSYoungGen: 467760K->109280K(509440K)] 765361K->543636K(1907712K), 0.0821776 secs] [Times: user=0.49 sys=0.01, real=0.09 secs] 
7079.132: [GC (Allocation Failure) [PSYoungGen: 430816K->150400K(505856K)] 865172K->689721K(1904128K), 0.0522187 secs] [Times: user=0.31 sys=0.00, real=0.06 secs] 
7080.507: [GC (Allocation Failure) [PSYoungGen: 471936K->103152K(509440K)] 1011257K->792046K(1907712K), 0.0778869 secs] [Times: user=0.46 sys=0.00, real=0.08 secs] 
7081.063: [GC (Allocation Failure) [PSYoungGen: 424688K->155424K(501760K)] 1113582K->937194K(1900032K), 0.0564178 secs] [Times: user=0.33 sys=0.00, real=0.06 secs] 
Heap
 PSYoungGen      total 501760K, used 342950K [0x00000000d5580000, 0x0000000100000000, 0x0000000100000000)
  eden space 315904