1.094: [GC (Allocation Failure) [PSYoungGen: 128000K->12961K(148992K)] 128000K->12985K(488960K), 0.0999751 secs] [Times: user=0.01 sys=0.00, real=0.10 secs] 
1.315: [GC (Metadata GC Threshold) [PSYoungGen: 49723K->6063K(148992K)] 49747K->6159K(488960K), 0.0042251 secs] [Times: user=0.01 sys=0.00, real=0.01 secs] 
1.319: [Full GC (Metadata GC Threshold) [PSYoungGen: 6063K->0K(148992K)] [ParOldGen: 96K->5926K(195584K)] 6159K->5926K(344576K), [Metaspace: 20457K->20457K(1067008K)], 0.0140328 secs] [Times: user=0.04 sys=0.00, real=0.01 secs] 
1.895: [GC (Allocation Failure) [PSYoungGen: 128000K->10326K(148992K)] 133926K->16261K(344576K), 0.0037345 secs] [Times: user=0.01 sys=0.00, real=0.01 secs] 
2.877: [GC (Metadata GC Threshold) [PSYoungGen: 37559K->4584K(198656K)] 43494K->10526K(394240K), 0.0032629 secs] [Times: user=0.01 sys=0.00, real=0.00 secs] 
2.880: [Full GC (Metadata GC Threshold) [PSYoungGen: 4584K->0K(198656K)] [ParOldGen: 5942K->8847K(304128K)] 10526K->8847K(502784K), [Metaspace: 33741K->33741K(1079296K)], 0.0154278 secs] [Times: user=0.04 sys=0.00, real=0.02 secs] 
4.034: [GC (Allocation Failure) [PSYoungGen: 183808K->18895K(204800K)] 192655K->27750K(508928K), 0.0061175 secs] [Times: user=0.02 sys=0.00, real=0.01 secs] 
5.558: [GC (Allocation Failure) [PSYoungGen: 202703K->12910K(278016K)] 211558K->95501K(582144K), 0.0093578 secs] [Times: user=0.04 sys=0.01, real=0.01 secs] 
6.190: [GC (Allocation Failure) [PSYoungGen: 272494K->4480K(280064K)] 355085K->218151K(584192K), 0.0203010 secs] [Times: user=0.09 sys=0.00, real=0.02 secs] 
6.210: [Full GC (Ergonomics) [PSYoungGen: 4480K->0K(280064K)] [ParOldGen: 213671K->175824K(662528K)] 218151K->175824K(942592K), [Metaspace: 52165K->52165K(1097728K)], 0.0822211 secs] [Times: user=0.41 sys=0.01, real=0.08 secs] 
6.801: [GC (Allocation Failure) [PSYoungGen: 259584K->20478K(351744K)] 435408K->359923K(1014272K), 0.0205111 secs] [Times: user=0.02 sys=0.01, real=0.02 secs] 
7.218: [GC (Allocation Failure) [PSYoungGen: 351742K->95162K(426496K)] 691187K->603752K(1089024K), 0.0309289 secs] [Times: user=0.02 sys=0.01, real=0.03 secs] 
7.249: [Full GC (Ergonomics) [PSYoungGen: 95162K->0K(426496K)] [ParOldGen: 508589K->472740K(1145856K)] 603752K->472740K(1572352K), [Metaspace: 52242K->52242K(1097728K)], 0.0452451 secs] [Times: user=0.19 sys=0.00, real=0.04 secs] 
8.344: [GC (Allocation Failure) [PSYoungGen: 331264K->101356K(552960K)] 804004K->574105K(1698816K), 0.0162147 secs] [Times: user=0.03 sys=0.02, real=0.02 secs] 
9.415: [GC (Allocation Failure) [PSYoungGen: 540140K->130039K(568832K)] 1012889K->752172K(1714688K), 0.0323559 secs] [Times: user=0.03 sys=0.01, real=0.03 secs] 
11.350: [GC (Allocation Failure) [PSYoungGen: 568823K->130037K(363008K)] 1190956K->858627K(1508864K), 0.0585385 secs] [Times: user=0.08 sys=0.02, real=0.06 secs] 
13.531: [GC (Allocation Failure) [PSYoungGen: 362997K->80880K(465920K)] 1091587K->809893K(1611776K), 0.0115625 secs] [Times: user=0.02 sys=0.00, real=0.01 secs] 
13.819: [GC (Allocation Failure) [PSYoungGen: 313840K->187252K(465920K)] 1042853K->916495K(1611776K), 0.0204447 secs] [Times: user=0.03 sys=0.00, real=0.02 secs] 
14.105: [GC (Allocation Failure) [PSYoungGen: 420212K->185554K(465920K)] 1149455K->916058K(1611776K), 0.0202919 secs] [Times: user=0.03 sys=0.00, real=0.02 secs] 
17.190: [GC (Allocation Failure) [PSYoungGen: 418514K->62997K(465920K)] 1149018K->793774K(1611776K), 0.0134061 secs] [Times: user=0.04 sys=0.00, real=0.01 secs] 
18.898: [GC (Allocation Failure) [PSYoungGen: 295957K->91921K(465920K)] 1026734K->823013K(1611776K), 0.0110483 secs] [Times: user=0.02 sys=0.00, real=0.01 secs] 
19.173: [GC (Allocation Failure) [PSYoungGen: 324881K->184622K(465920K)] 1055973K->916968K(1611776K), 0.0203723 secs] [Times: user=0.03 sys=0.00, real=0.02 secs] 
19.464: [GC (Allocation Failure) [PSYoungGen: 417582K->184719K(465920K)] 1149928K->917338K(1611776K), 0.0201473 secs] [Times: user=0.02 sys=0.00, real=0.02 secs] 
20.360: [GC (Allocation Failure) [PSYoungGen: 417679K->54048K(465920K)] 1150298K->787061K(1611776K), 0.0060450 secs] [Times: user=0.02 sys=0.00, real=0.01 secs] 
21.196: [GC (Allocation Failure) [PSYoungGen: 287008K->101142K(465920K)] 1020021K->834366K(1611776K), 0.0121515 secs] [Times: user=0.02 sys=0.00, real=0.01 secs] 
21.466: [GC (Allocation Failure) [PSYoungGen: 334102K->179086K(465920K)] 1067326K->913571K(1611776K), 0.0197817 secs] [Times: user=0.02 sys=0.00, real=0.02 secs] 
21.816: [GC (Allocation Failure) [PSYoungGen: 412046K->181185K(465920K)] 1146531K->916000K(1611776K), 0.0200023 secs] [Times: user=0.03 sys=0.00, real=0.02 secs] 
24.108: [GC (Allocation Failure) [PSYoungGen: 414145K->54161K(465920K)] 1148960K->789248K(1611776K), 0.0073790 secs] [Times: user=0.03 sys=0.00, real=0.01 secs] 
24.874: [GC (Allocation Failure) [PSYoungGen: 287121K->101399K(465920K)] 1022208K->836802K(1611776K), 0.0119048 secs] [Times: user=0.01 sys=0.00, real=0.02 secs] 
25.150: [GC (Allocation Failure) [PSYoungGen: 334359K->183916K(465920K)] 1069762K->920572K(1611776K), 0.0202090 secs] [Times: user=0.02 sys=0.00, real=0.02 secs] 
25.434: [GC (Allocation Failure) [PSYoungGen: 416876K->183916K(465920K)] 1153532K->920982K(1611776K), 0.0201975 secs] [Times: user=0.03 sys=0.00, real=0.02 secs] 
28.254: [GC (Allocation Failure) [PSYoungGen: 416876K->45919K(465920K)] 1153942K->783122K(1611776K), 0.0093044 secs] [Times: user=0.04 sys=0.00, real=0.01 secs] 
29.357: [GC (Allocation Failure) [PSYoungGen: 278879K->105705K(465920K)] 1016082K->843215K(1611776K), 0.0142387 secs] [Times: user=0.02 sys=0.00, real=0.01 secs] 
29.638: [GC (Allocation Failure) [PSYoungGen: 338665K->184912K(465920K)] 1076175K->923668K(1611776K), 0.0206219 secs] [Times: user=0.03 sys=0.00, real=0.02 secs] 
30.001: [GC (Allocation Failure) [PSYoungGen: 417872K->183787K(465920K)] 1156628K->922816K(1611776K), 0.0202364 secs] [Times: user=0.03 sys=0.00, real=0.02 secs] 
32.955: [GC (Allocation Failure) [PSYoungGen: 416747K->40762K(465920K)] 1155776K->780056K(1611776K), 0.0079612 secs] [Times: user=0.04 sys=0.00, real=0.01 secs] 
34.174: [GC (Allocation Failure) [PSYoungGen: 273722K->115312K(465920K)] 1013016K->854922K(1611776K), 0.0132857 secs] [Times: user=0.02 sys=0.00, real=0.02 secs] 
34.512: [GC (Allocation Failure) [PSYoungGen: 348272K->184430K(465920K)] 1087882K->925293K(1611776K), 0.0202908 secs] [Times: user=0.03 sys=0.00, real=0.02 secs] 
34.851: [GC (Allocation Failure) [PSYoungGen: 417390K->181281K(465920K)] 1158253K->922554K(1611776K), 0.0198455 secs] [Times: user=0.02 sys=0.00, real=0.02 secs] 
37.835: [GC (Allocation Failure) [PSYoungGen: 414241K->34176K(465920K)] 1155514K->775544K(1611776K), 0.0099318 secs] [Times: user=0.05 sys=0.00, real=0.01 secs] 
38.889: [GC (Allocation Failure) [PSYoungGen: 267136K->121738K(465920K)] 1008504K->863227K(1611776K), 0.0140878 secs] [Times: user=0.02 sys=0.00, real=0.01 secs] 
39.169: [GC (Allocation Failure) [PSYoungGen: 354698K->184590K(465920K)] 1096187K->927333K(1611776K), 0.0205303 secs] [Times: user=0.03 sys=0.00, real=0.02 secs] 
39.556: [GC (Allocation Failure) [PSYoungGen: 417550K->176998K(465920K)] 1160293K->920142K(1611776K), 0.0220404 secs] [Times: user=0.03 sys=0.00, real=0.02 secs] 
41.652: [GC (Allocation Failure) [PSYoungGen: 409958K->32960K(465920K)] 1153102K->777431K(1611776K), 0.0099858 secs] [Times: user=0.05 sys=0.00, real=0.01 secs] 
42.246: [GC (Allocation Failure) [PSYoungGen: 265920K->131120K(465920K)] 1010391K->875624K(1611776K), 0.0166194 secs] [Times: user=0.02 sys=0.00, real=0.01 secs] 
42.530: [GC (Allocation Failure) [PSYoungGen: 364080K->184333K(465920K)] 1108584K->930090K(1611776K), 0.0204853 secs] [Times: user=0.03 sys=0.00, real=0.02 secs] 
43.118: [GC (Allocation Failure) [PSYoungGen: 417293K->168785K(465920K)] 1163050K->914807K(1611776K), 0.0227546 secs] [Times: user=0.03 sys=0.00, real=0.02 secs] 
45.977: [GC (Allocation Failure) [PSYoungGen: 401745K->64K(465920K)] 1147767K->747533K(1611776K), 0.0026634 secs] [Times: user=0.01 sys=0.00, real=0.00 secs] 
47.184: [GC (Allocation Failure) [PSYoungGen: 233024K->142559K(465920K)] 980493K->890045K(1611776K), 0.0158578 secs] [Times: user=0.02 sys=0.00, real=0.02 secs] 
47.464: [GC (Allocation Failure) [PSYoungGen: 375519K->184751K(465920K)] 1123005K->933490K(1611776K), 0.0204034 secs] [Times: user=0.03 sys=0.00, real=0.02 secs] 
47.872: [GC (Allocation Failure) [PSYoungGen: 417711K->163185K(465920K)] 1166450K->912197K(1611776K), 0.0174225 secs] [Times: user=0.03 sys=0.00, real=0.02 secs] 
49.059: [GC (Allocation Failure) [PSYoungGen: 396145K->96K(465920K)] 1145157K->750552K(1611776K), 0.0027240 secs] [Times: user=0.01 sys=0.00, real=0.00 secs] 
49.710: [GC (Allocation Failure) [PSYoungGen: 233056K->154769K(465920K)] 983512K->905233K(1611776K), 0.0172203 secs] [Times: user=0.03 sys=0.00, real=0.02 secs] 
49.991: [GC (Allocation Failure) [PSYoungGen: 387729K->184558K(465920K)] 1138193K->936268K(1611776K), 0.0204497 secs] [Times: user=0.03 sys=0.00, real=0.02 secs] 
50.796: [GC (Allocation Failure) [PSYoungGen: 417518K->151055K(465920K)] 1169228K->903167K(1611776K), 0.0235472 secs] [Times: user=0.04 sys=0.00, real=0.02 secs] 
53.659: [GC (Allocation Failure) [PSYoungGen: 384015K->96K(465920K)] 1136127K->753526K(1611776K), 0.0063839 secs] [Times: user=0.02 sys=0.00, real=0.01 secs] 
54.542: [GC (Allocation Failure) [PSYoungGen: 233056K->165950K(465920K)] 986486K->919421K(1611776K), 0.0183951 secs] [Times: user=0.03 sys=0.00, real=0.02 secs] 
54.825: [GC (Allocation Failure) [PSYoungGen: 398910K->184847K(465920K)] 1152381K->939572K(1611776K), 0.0204176 secs] [Times: user=0.02 sys=0.00, real=0.03 secs] 
55.541: [GC (Allocation Failure) [PSYoungGen: 415773K->139681K(465920K)] 1170497K->894670K(1611776K), 0.0187706 secs] [Times: user=0.03 sys=0.00, real=0.02 secs] 
56.881: [GC (Allocation Failure) [PSYoungGen: 372641K->96K(465920K)] 1127630K->756539K(1611776K), 0.0030925 secs] [Times: user=0.01 sys=0.00, real=0.00 secs] 
57.334: [GC (Allocation Failure) [PSYoungGen: 233056K->173276K(465920K)] 989499K->929743K(1611776K), 0.0189044 secs] [Times: user=0.03 sys=0.00, real=0.02 secs] 
57.622: [GC (Allocation Failure) [PSYoungGen: 406236K->184526K(465920K)] 1162703K->942376K(1611776K), 0.0205920 secs] [Times: user=0.03 sys=0.00, real=0.02 secs] 
58.181: [GC (Allocation Failure) [PSYoungGen: 417486K->140724K(465920K)] 1175336K->898710K(1611776K), 0.0182321 secs] [Times: user=0.03 sys=0.01, real=0.02 secs] 
59.589: [GC (Allocation Failure) [PSYoungGen: 373684K->64K(465920K)] 1131670K->759489K(1611776K), 0.0027978 secs] [Times: user=0.01 sys=0.00, real=0.00 secs] 
59.983: [GC (Allocation Failure) [PSYoungGen: 233024K->182722K(465920K)] 992449K->942172K(1611776K), 0.0200823 secs] [Times: user=0.03 sys=0.00, real=0.02 secs] 
60.318: [GC (Allocation Failure) [PSYoungGen: 415682K->184590K(465920K)] 1175132K->945294K(1611776K), 0.0205821 secs] [Times: user=0.02 sys=0.00, real=0.02 secs] 
60.844: [GC (Allocation Failure) [PSYoungGen: 417550K->131374K(465920K)] 1178254K->892479K(1611776K), 0.0140269 secs] [Times: user=0.02 sys=0.00, real=0.02 secs] 
62.334: [GC (Allocation Failure) [PSYoungGen: 364334K->8027K(465920K)] 1125439K->769333K(1611776K), 0.0045616 secs] [Times: user=0.02 sys=0.01, real=0.01 secs] 
62.666: [GC (Allocation Failure) [PSYoungGen: 240987K->184847K(465920K)] 1002293K->947415K(1611776K), 0.0206212 secs] [Times: user=0.03 sys=0.00, real=0.02 secs] 
63.014: [GC (Allocation Failure) [PSYoungGen: 417807K->184912K(465920K)] 1180375K->947753K(1611776K), 0.0204979 secs] [Times: user=0.02 sys=0.00, real=0.03 secs] 
63.654: [GC (Allocation Failure) [PSYoungGen: 417872K->120995K(465920K)] 1180713K->884101K(1611776K), 0.0161152 secs] [Times: user=0.03 sys=0.00, real=0.02 secs] 
66.423: [GC (Allocation Failure) [PSYoungGen: 353955K->18149K(465920K)] 1117061K->781562K(1611776K), 0.0059109 secs] [Times: user=0.01 sys=0.00, real=0.01 secs] 
66.764: [GC (Allocation Failure) [PSYoungGen: 251109K->186261K(465920K)] 1014522K->950928K(1611776K), 0.0204590 secs] [Times: user=0.02 sys=0.00, real=0.02 secs] 
67.049: [GC (Allocation Failure) [PSYoungGen: 419221K->184687K(465920K)] 1183888K->949627K(1611776K), 0.0203272 secs] [Times: user=0.03 sys=0.00, real=0.02 secs] 
68.428: [GC (Allocation Failure) [PSYoungGen: 417647K->109653K(465920K)] 1182587K->874859K(1611776K), 0.0279834 secs] [Times: user=0.05 sys=0.00, real=0.03 secs] 
69.920: [GC (Allocation Failure) [PSYoungGen: 342613K->29202K(465920K)] 1107819K->794725K(1611776K), 0.0053518 secs] [Times: user=0.01 sys=0.00, real=0.01 secs] 
70.204: [GC (Allocation Failure) [PSYoungGen: 262162K->184076K(465920K)] 1027685K->950853K(1611776K), 0.0204061 secs] [Times: user=0.03 sys=0.00, real=0.02 secs] 
70.488: [GC (Allocation Failure) [PSYoungGen: 417036K->183851K(465920K)] 1183813K->950909K(1611776K), 0.0202403 secs] [Times: user=0.02 sys=0.01, real=0.02 secs] 
71.199: [GC (Allocation Failure) [PSYoungGen: 416811K->101605K(465920K)] 1183869K->868928K(1611776K), 0.0213612 secs] [Times: user=0.04 sys=0.00, real=0.02 secs] 
72.310: [GC (Allocation Failure) [PSYoungGen: 334565K->37973K(465920K)] 1101888K->805596K(1611776K), 0.0074875 secs] [Times: user=0.02 sys=0.00, real=0.01 secs] 
72.672: [GC (Allocation Failure) [PSYoungGen: 270933K->186389K(465920K)] 1038556K->955402K(1611776K), 0.0207410 secs] [Times: user=0.03 sys=0.01, real=0.02 secs] 
73.011: [GC (Allocation Failure) [PSYoungGen: 419349K->186132K(465920K)] 1188362K->955298K(1611776K), 0.0204403 secs] [Times: user=0.02 sys=0.00, real=0.02 secs] 
74.799: [GC (Allocation Failure) [PSYoungGen: 405444K->88238K(465920K)] 1174609K->857797K(1611776K), 0.0123419 secs] [Times: user=0.03 sys=0.00, real=0.01 secs] 
76.314: [GC (Allocation Failure) [PSYoungGen: 321198K->37556K(465920K)] 1090757K->807292K(1611776K), 0.0076300 secs] [Times: user=0.02 sys=0.00, real=0.01 secs] 
76.627: [GC (Allocation Failure) [PSYoungGen: 270516K->184173K(465920K)] 1040252K->955162K(1611776K), 0.0204313 secs] [Times: user=0.03 sys=0.00, real=0.02 secs] 
76.911: [GC (Allocation Failure) [PSYoungGen: 417133K->184494K(465920K)] 1188122K->955893K(1611776K), 0.0202286 secs] [Times: user=0.03 sys=0.00, real=0.02 secs] 
78.263: [GC (Allocation Failure) [PSYoungGen: 408099K->92480K(465920K)] 1179498K->864016K(1611776K), 0.0115803 secs] [Times: user=0.02 sys=0.00, real=0.01 secs] 
80.433: [GC (Allocation Failure) [PSYoungGen: 325440K->37042K(465920K)] 1096976K->808877K(1611776K), 0.0067031 secs] [Times: user=0.02 sys=0.00, real=0.01 secs] 
80.729: [GC (Allocation Failure) [PSYoungGen: 270002K->184590K(465920K)] 1041837K->957671K(1611776K), 0.0203129 secs] [Times: user=0.03 sys=0.00, real=0.02 secs] 
81.016: [GC (Allocation Failure) [PSYoungGen: 417550K->186325K(465920K)] 1190631K->959680K(1611776K), 0.0204551 secs] [Times: user=0.03 sys=0.00, real=0.02 secs] 
81.743: [GC (Allocation Failure) [PSYoungGen: 408020K->90712K(465920K)] 1181374K->864332K(1611776K), 0.0112677 secs] [Times: user=0.02 sys=0.00, real=0.01 secs] 
83.420: [GC (Allocation Failure) [PSYoungGen: 323672K->37684K(465920K)] 1097292K->811609K(1611776K), 0.0063669 secs] [Times: user=0.01 sys=0.00, real=0.01 secs] 
83.780: [GC (Allocation Failure) [PSYoungGen: 270644K->186389K(465920K)] 1044569K->961697K(1611776K), 0.0207144 secs] [Times: user=0.02 sys=0.00, real=0.02 secs] 
84.067: [GC (Allocation Failure) [PSYoungGen: 419349K->186068K(465920K)] 1194657K->961520K(1611776K), 0.0205867 secs] [Times: user=0.02 sys=0.00, real=0.02 secs] 
84.795: [GC (Allocation Failure) [PSYoungGen: 405367K->88527K(465920K)] 1180818K->864373K(1611776K), 0.0117968 secs] [Times: user=0.03 sys=0.00, real=0.01 secs] 
85.592: [GC (Allocation Failure) [PSYoungGen: 321487K->38134K(465920K)] 1097333K->814164K(1611776K), 0.0055277 secs] [Times: user=0.02 sys=0.00, real=0.01 secs] 
85.862: [GC (Allocation Failure) [PSYoungGen: 271094K->184044K(465920K)] 1047124K->961449K(1611776K), 0.0206950 secs] [Times: user=0.03 sys=0.00, real=0.02 secs] 
86.204: [GC (Allocation Failure) [PSYoungGen: 417004K->184108K(465920K)] 1194409K->961657K(1611776K), 0.0203228 secs] [Times: user=0.02 sys=0.00, real=0.02 secs] 
87.263: [GC (Allocation Failure) [PSYoungGen: 409547K->92512K(465920K)] 1187096K->870326K(1611776K), 0.0152196 secs] [Times: user=0.03 sys=0.00, real=0.02 secs] 
88.469: [GC (Allocation Failure) [PSYoungGen: 325472K->37684K(465920K)] 1103286K->815804K(1611776K), 0.0063656 secs] [Times: user=0.01 sys=0.00, real=0.01 secs] 
88.817: [GC (Allocation Failure) [PSYoungGen: 270644K->184590K(465920K)] 1048764K->963956K(1611776K), 0.0204640 secs] [Times: user=0.03 sys=0.01, real=0.02 secs] 
89.134: [GC (Allocation Failure) [PSYoungGen: 417550K->184301K(465920K)] 1196916K->963940K(1611776K), 0.0204602 secs] [Times: user=0.03 sys=0.00, real=0.02 secs] 
92.042: [GC (Allocation Failure) [PSYoungGen: 409205K->92126K(465920K)] 1188844K->872030K(1611776K), 0.0122042 secs] [Times: user=0.02 sys=0.00, real=0.01 secs] 
93.392: [GC (Allocation Failure) [PSYoungGen: 325086K->37556K(465920K)] 1104990K->817775K(1611776K), 0.0064213 secs] [Times: user=0.01 sys=0.00, real=0.01 secs] 
93.674: [GC (Allocation Failure) [PSYoungGen: 270516K->184462K(465920K)] 1050735K->965935K(1611776K), 0.0203220 secs] [Times: user=0.03 sys=0.00, real=0.02 secs] 
93.964: [GC (Allocation Failure) [PSYoungGen: 417422K->184687K(465920K)] 1198895K->966433K(1611776K), 0.0203187 secs] [Times: user=0.03 sys=0.00, real=0.02 secs] 
94.566: [GC (Allocation Failure) [PSYoungGen: 409782K->92030K(465920K)] 1191528K->874041K(1611776K), 0.0104272 secs] [Times: user=0.02 sys=0.00, real=0.01 secs] 
95.383: [GC (Allocation Failure) [PSYoungGen: 324990K->37748K(465920K)] 1107001K->820081K(1611776K), 0.0054528 secs] [Times: user=0.01 sys=0.00, real=0.01 secs] 
95.653: [GC (Allocation Failure) [PSYoungGen: 270708K->184879K(465920K)] 1053041K->968466K(1611776K), 0.0204798 secs] [Times: user=0.03 sys=0.00, real=0.02 secs] 
95.939: [GC (Allocation Failure) [PSYoungGen: 417839K->184687K(465920K)] 1201426K->968675K(1611776K), 0.0203605 secs] [Times: user=0.03 sys=0.00, real=0.02 secs] 
97.132: [GC (Allocation Failure) [PSYoungGen: 407228K->91484K(465920K)] 1191216K->875608K(1611776K), 0.0114655 secs] [Times: user=0.02 sys=0.00, real=0.01 secs] 
98.025: [GC (Allocation Failure) [PSYoungGen: 324444K->37970K(465920K)] 1108568K->822400K(1611776K), 0.0066656 secs] [Times: user=0.01 sys=0.00, real=0.00 secs] 
98.304: [GC (Allocation Failure) [PSYoungGen: 270930K->183787K(465920K)] 1055360K->969471K(1611776K), 0.0202730 secs] [Times: user=0.03 sys=0.00, real=0.02 secs] 
98.588: [GC (Allocation Failure) [PSYoungGen: 416747K->184333K(465920K)] 1202431K->970426K(1611776K), 0.0203463 secs] [Times: user=0.03 sys=0.00, real=0.02 secs] 
99.410: [GC (Allocation Failure) [PSYoungGen: 408158K->92608K(465920K)] 1194251K->878838K(1611776K), 0.0120688 secs] [Times: user=0.02 sys=0.00, real=0.01 secs] 
101.511: [GC (Allocation Failure) [PSYoungGen: 325568K->37588K(465920K)] 1111798K->824131K(1611776K), 0.0079508 secs] [Times: user=0.02 sys=0.00, real=0.01 secs] 
101.900: [GC (Allocation Failure) [PSYoungGen: 270548K->184655K(465920K)] 1057091K->972460K(1611776K), 0.0203797 secs] [Times: user=0.03 sys=0.00, real=0.02 secs] 
102.245: [GC (Allocation Failure) [PSYoungGen: 417615K->183690K(465920K)] 1205420K->971769K(1611776K), 0.0205606 secs] [Times: user=0.03 sys=0.00, real=0.02 secs] 
103.043: [GC (Allocation Failure) [PSYoungGen: 409117K->92785K(465920K)] 1197195K->881152K(1611776K), 0.0132701 secs] [Times: user=0.02 sys=0.01, real=0.02 secs] 
104.880: [GC (Allocation Failure) [PSYoungGen: 325745K->37556K(465920K)] 1114112K->826245K(1611776K), 0.0072409 secs] [Times: user=0.01 sys=0.00, real=0.01 secs] 
105.189: [GC (Allocation Failure) [PSYoungGen: 270516K->184430K(465920K)] 1059205K->974364K(1611776K), 0.0204164 secs] [Times: user=0.03 sys=0.00, real=0.02 secs] 
105.477: [GC (Allocation Failure) [PSYoungGen: 417390K->184558K(465920K)] 1207324K->974766K(1611776K), 0.0204705 secs] [Times: user=0.03 sys=0.00, real=0.02 secs] 
107.503: [GC (Allocation Failure) [PSYoungGen: 407601K->92126K(465920K)] 1197808K->882599K(1611776K), 0.0125244 secs] [Times: user=0.02 sys=0.00, real=0.02 secs] 
108.306: [GC (Allocation Failure) [PSYoungGen: 325086K->37874K(465920K)] 1115559K->828668K(1611776K), 0.0058408 secs] [Times: user=0.02 sys=0.00, real=0.00 secs] 
108.634: [GC (Allocation Failure) [PSYoungGen: 270834K->184912K(465920K)] 1061628K->976960K(1611776K), 0.0203709 secs] [Times: user=0.02 sys=0.00, real=0.02 secs] 
108.925: [GC (Allocation Failure) [PSYoungGen: 417872K->184912K(465920K)] 1209920K->977233K(1611776K), 0.0203553 secs] [Times: user=0.03 sys=0.00, real=0.03 secs] 
111.866: [GC (Allocation Failure) [PSYoungGen: 407147K->91001K(465920K)] 1199468K->883588K(1611776K), 0.0262905 secs] [Times: user=0.05 sys=0.00, real=0.02 secs] 
113.911: [GC (Allocation Failure) [PSYoungGen: 323961K->37845K(465920K)] 1116548K->830740K(1611776K), 0.0064402 secs] [Times: user=0.01 sys=0.00, real=0.01 secs] 
114.196: [GC (Allocation Failure) [PSYoungGen: 270805K->186357K(465920K)] 1063700K->980507K(1611776K), 0.0208433 secs] [Times: user=0.03 sys=0.00, real=0.02 secs] 
114.543: [GC (Allocation Failure) [PSYoungGen: 419317K->184301K(465920K)] 1213467K->978732K(1611776K), 0.0205286 secs] [Times: user=0.03 sys=0.00, real=0.02 secs] 
116.616: [GC (Allocation Failure) [PSYoungGen: 405923K->90198K(465920K)] 1200353K->884894K(1611776K), 0.0253222 secs] [Times: user=0.05 sys=0.00, real=0.02 secs] 
118.424: [GC (Allocation Failure) [PSYoungGen: 323158K->37842K(465920K)] 1117854K->832845K(1611776K), 0.0083788 secs] [Times: user=0.02 sys=0.00, real=0.01 secs] 
118.754: [GC (Allocation Failure) [PSYoungGen: 270802K->186357K(465920K)] 1065805K->982614K(1611776K), 0.0204032 secs] [Times: user=0.03 sys=0.00, real=0.02 secs] 
119.101: [GC (Allocation Failure) [PSYoungGen: 419317K->184847K(465920K)] 1215574K->981377K(1611776K), 0.0203838 secs] [Times: user=0.03 sys=0.00, real=0.02 secs] 
119.890: [GC (Allocation Failure) [PSYoungGen: 405724K->89716K(465920K)] 1202254K->886511K(1611776K), 0.0119469 secs] [Times: user=0.02 sys=0.00, real=0.01 secs] 
121.050: [GC (Allocation Failure) [PSYoungGen: 322676K->37716K(465920K)] 1119471K->834811K(1611776K), 0.0077342 secs] [Times: user=0.02 sys=0.00, real=0.01 secs] 
121.362: [GC (Allocation Failure) [PSYoungGen: 270676K->183755K(465920K)] 1067771K->982096K(1611776K), 0.0202434 secs] [Times: user=0.03 sys=0.00, real=0.02 secs] 
121.650: [GC (Allocation Failure) [PSYoungGen: 416715K->184430K(465920K)] 1215056K->983164K(1611776K), 0.0204491 secs] [Times: user=0.03 sys=0.00, real=0.02 secs] 
122.464: [GC (Allocation Failure) [PSYoungGen: 410575K->92833K(465920K)] 1209309K->891727K(1611776K), 0.0121537 secs] [Times: user=0.03 sys=0.00, real=0.02 secs] 
123.309: [GC (Allocation Failure) [PSYoungGen: 325793K->38037K(465920K)] 1124687K->837246K(1611776K), 0.0057235 secs] [Times: user=0.02 sys=0.00, real=0.00 secs] 
123.578: [GC (Allocation Failure) [PSYoungGen: 270997K->184301K(465920K)] 1070206K->984763K(1611776K), 0.0203329 secs] [Times: user=0.02 sys=0.00, real=0.02 secs] 
123.920: [GC (Allocation Failure) [PSYoungGen: 417261K->185008K(465920K)] 1217723K->985759K(1611776K), 0.0203602 secs] [Times: user=0.03 sys=0.00, real=0.02 secs] 
125.227: [GC (Allocation Failure) [PSYoungGen: 407937K->91484K(465920K)] 1208688K->892508K(1611776K), 0.0241080 secs] [Times: user=0.05 sys=0.00, real=0.02 secs] 
127.357: [GC (Allocation Failure) [PSYoungGen: 324444K->37427K(465920K)] 1125468K->838773K(1611776K), 0.0077047 secs] [Times: user=0.02 sys=0.00, real=0.00 secs] 
127.680: [GC (Allocation Failure) [PSYoungGen: 270387K->184558K(465920K)] 1071733K->987278K(1611776K), 0.0202526 secs] [Times: user=0.03 sys=0.00, real=0.02 secs] 
127.966: [GC (Allocation Failure) [PSYoungGen: 417518K->184719K(465920K)] 1220238K->987591K(1611776K), 0.0203335 secs] [Times: user=0.02 sys=0.00, real=0.02 secs] 
128.710: [GC (Allocation Failure) [PSYoungGen: 409718K->91966K(465920K)] 1212591K->895232K(1611776K), 0.0129714 secs] [Times: user=0.03 sys=0.00, real=0.01 secs] 
129.594: [GC (Allocation Failure) [PSYoungGen: 324926K->38102K(465920K)] 1128192K->841539K(1611776K), 0.0061603 secs] [Times: user=0.01 sys=0.00, real=0.01 secs] 
129.868: [GC (Allocation Failure) [PSYoungGen: 271062K->184719K(465920K)] 1074499K->989410K(1611776K), 0.0203496 secs] [Times: user=0.03 sys=0.00, real=0.02 secs] 
130.154: [GC (Allocation Failure) [PSYoungGen: 417679K->184815K(465920K)] 1222370K->989916K(1611776K), 0.0204727 secs] [Times: user=0.03 sys=0.00, real=0.02 secs] 
131.738: [GC (Allocation Failure) [PSYoungGen: 406615K->91114K(465920K)] 1211715K->896359K(1611776K), 0.0121014 secs] [Times: user=0.03 sys=0.00, real=0.01 secs] 
132.995: [GC (Allocation Failure) [PSYoungGen: 324074K->37684K(465920K)] 1129319K->843253K(1611776K), 0.0063684 secs] [Times: user=0.01 sys=0.00, real=0.00 secs] 
133.275: [GC (Allocation Failure) [PSYoungGen: 270644K->183658K(465920K)] 1076213K->990473K(1611776K), 0.0203819 secs] [Times: user=0.02 sys=0.00, real=0.03 secs] 
133.621: [GC (Allocation Failure) [PSYoungGen: 416618K->184430K(465920K)] 1223433K->991525K(1611776K), 0.0204142 secs] [Times: user=0.03 sys=0.00, real=0.02 secs] 
134.826: [GC (Allocation Failure) [PSYoungGen: 409887K->92897K(465920K)] 1216983K->900258K(1611776K), 0.0178253 secs] [Times: user=0.04 sys=0.00, real=0.01 secs] 
136.061: [GC (Allocation Failure) [PSYoungGen: 325857K->37845K(465920K)] 1133218K->845514K(1611776K), 0.0056403 secs] [Times: user=0.02 sys=0.00, real=0.01 secs] 
136.332: [GC (Allocation Failure) [PSYoungGen: 270805K->184526K(465920K)] 1078474K->993449K(1611776K), 0.0203769 secs] [Times: user=0.03 sys=0.00, real=0.02 secs] 
136.674: [GC (Allocation Failure) [PSYoungGen: 417486K->184333K(465920K)] 1226409K->993529K(1611776K), 0.0204240 secs] [Times: user=0.03 sys=0.00, real=0.02 secs] 
137.744: [GC (Allocation Failure) [PSYoungGen: 409212K->91998K(465920K)] 1218408K->901458K(1611776K), 0.0134050 secs] [Times: user=0.03 sys=0.00, real=0.02 secs] 
139.420: [GC (Allocation Failure) [PSYoungGen: 324958K->37713K(465920K)] 1134418K->847480K(1611776K), 0.0075711 secs] [Times: user=0.01 sys=0.00, real=0.01 secs] 
139.734: [GC (Allocation Failure) [PSYoungGen: 270673K->184430K(465920K)] 1080440K->995450K(1611776K), 0.0204888 secs] [Times: user=0.03 sys=0.00, real=0.02 secs] 
140.025: [GC (Allocation Failure) [PSYoungGen: 417390K->184269K(465920K)] 1228410K->995570K(1611776K), 0.0204224 secs] [Times: user=0.03 sys=0.00, real=0.02 secs] 
141.645: [GC (Allocation Failure) [PSYoungGen: 409443K->92255K(465920K)] 1220744K->903821K(1611776K), 0.0169319 secs] [Times: user=0.04 sys=0.00, real=0.02 secs] 
143.548: [GC (Allocation Failure) [PSYoungGen: 325215K->37585K(465920K)] 1136781K->849474K(1611776K), 0.0070338 secs] [Times: user=0.02 sys=0.00, real=0.01 secs] 
143.920: [GC (Allocation Failure) [PSYoungGen: 270545K->184141K(465920K)] 1082434K->997276K(1611776K), 0.0213681 secs] [Times: user=0.02 sys=0.00, real=0.02 secs] 
144.263: [GC (Allocation Failure) [PSYoungGen: 417101K->184590K(465920K)] 1230236K->997998K(1611776K), 0.0203041 secs] [Times: user=0.03 sys=0.00, real=0.02 secs] 
145.000: [GC (Allocation Failure) [PSYoungGen: 408198K->92399K(465920K)] 1221606K->906089K(1611776K), 0.0120167 secs] [Times: user=0.03 sys=0.00, real=0.01 secs] 
145.907: [GC (Allocation Failure) [PSYoungGen: 325359K->37842K(465920K)] 1139049K->851831K(1611776K), 0.0055428 secs] [Times: user=0.02 sys=0.00, real=0.00 secs] 
146.243: [GC (Allocation Failure) [PSYoungGen: 270802K->183755K(465920K)] 1084791K->998998K(1611776K), 0.0204768 secs] [Times: user=0.03 sys=0.00, real=0.02 secs] 
146.581: [GC (Allocation Failure) [PSYoungGen: 416715K->184237K(465920K)] 1231958K->999881K(1611776K), 0.0203270 secs] [Times: user=0.03 sys=0.00, real=0.02 secs] 
147.284: [GC (Allocation Failure) [PSYoungGen: 409487K->92753K(465920K)] 1225131K->908542K(1611776K), 0.0122443 secs] [Times: user=0.02 sys=0.00, real=0.02 secs] 
148.446: [GC (Allocation Failure) [PSYoungGen: 325713K->37652K(465920K)] 1141502K->853754K(1611776K), 0.0055789 secs] [Times: user=0.01 sys=0.00, real=0.00 secs] 
148.720: [GC (Allocation Failure) [PSYoungGen: 270612K->184623K(465920K)] 1086714K->1001971K(1611776K), 0.0241178 secs] [Times: user=0.04 sys=0.00, real=0.02 secs] 
149.013: [GC (Allocation Failure) [PSYoungGen: 417583K->184719K(465920K)] 1234931K->1002468K(1611776K), 0.0213013 secs] [Times: user=0.03 sys=0.00, real=0.02 secs] 
149.623: [GC (Allocation Failure) [PSYoungGen: 409719K->91741K(465920K)] 1227468K->909755K(1611776K), 0.0106535 secs] [Times: user=0.02 sys=0.00, real=0.01 secs] 
150.429: [GC (Allocation Failure) [PSYoungGen: 324701K->37973K(465920K)] 1142715K->856167K(1611776K), 0.0055157 secs] [Times: user=0.02 sys=0.00, real=0.00 secs] 
150.699: [GC (Allocation Failure) [PSYoungGen: 270933K->184847K(465920K)] 1089127K->1004423K(1611776K), 0.0205951 secs] [Times: user=0.02 sys=0.00, real=0.02 secs] 
151.045: [GC (Allocation Failure) [PSYoungGen: 417807K->184687K(465920K)] 1237383K->1004407K(1611776K), 0.0204409 secs] [Times: user=0.03 sys=0.01, real=0.03 secs] 
152.232: [GC (Allocation Failure) [PSYoungGen: 406657K->91226K(465920K)] 1226377K->911212K(1611776K), 0.0127556 secs] [Times: user=0.02 sys=0.00, real=0.02 secs] 
154.043: [GC (Allocation Failure) [PSYoungGen: 324186K->37556K(465920K)] 1144172K->857871K(1611776K), 0.0065575 secs] [Times: user=0.02 sys=0.00, real=0.01 secs] 
154.331: [GC (Allocation Failure) [PSYoungGen: 270516K->184494K(465920K)] 1090831K->1006183K(1611776K), 0.0206510 secs] [Times: user=0.03 sys=0.00, real=0.02 secs] 
154.684: [GC (Allocation Failure) [PSYoungGen: 417454K->184622K(465920K)] 1239143K->1006464K(1611776K), 0.0206572 secs] [Times: user=0.03 sys=0.00, real=0.02 secs] 
156.352: [GC (Allocation Failure) [PSYoungGen: 407673K->92126K(465920K)] 1229515K->914249K(1611776K), 0.0160107 secs] [Times: user=0.03 sys=0.00, real=0.02 secs] 
157.565: [GC (Allocation Failure) [PSYoungGen: 325086K->37941K(465920K)] 1147209K->860378K(1611776K), 0.0077122 secs] [Times: user=0.02 sys=0.00, real=0.00 secs] 
157.952: [GC (Allocation Failure) [PSYoungGen: 270901K->184462K(465920K)] 1093338K->1008152K(1611776K), 0.0207078 secs] [Times: user=0.03 sys=0.00, real=0.02 secs] 
158.238: [GC (Allocation Failure) [PSYoungGen: 417422K->184558K(465920K)] 1241112K->1008530K(1611776K), 0.0204119 secs] [Times: user=0.03 sys=0.00, real=0.02 secs] 
159.413: [GC (Allocation Failure) [PSYoungGen: 407088K->91709K(465920K)] 1231060K->915945K(1611776K), 0.0329522 secs] [Times: user=0.09 sys=0.00, real=0.04 secs] 
161.182: [GC (Allocation Failure) [PSYoungGen: 324669K->37813K(465920K)] 1148905K->862371K(1611776K), 0.0095438 secs] [Times: user=0.02 sys=0.00, real=0.01 secs] 
161.587: [GC (Allocation Failure) [PSYoungGen: 270773K->184526K(465920K)] 1095331K->1010337K(1611776K), 0.0206894 secs] [Times: user=0.03 sys=0.00, real=0.02 secs] 
161.874: [GC (Allocation Failure) [PSYoungGen: 417486K->184558K(465920K)] 1243297K->1010675K(1611776K), 0.0204259 secs] [Times: user=0.03 sys=0.00, real=0.03 secs] 
163.311: [GC (Allocation Failure) [PSYoungGen: 407098K->91853K(465920K)] 1233214K->918243K(1611776K), 0.0124003 secs] [Times: user=0.02 sys=0.00, real=0.01 secs] 
164.409: [GC (Allocation Failure) [PSYoungGen: 324813K->37684K(465920K)] 1151203K->864390K(1611776K), 0.0076024 secs] [Times: user=0.02 sys=0.00, real=0.01 secs] 
164.767: [GC (Allocation Failure) [PSYoungGen: 270644K->184462K(465920K)] 1097350K->1012550K(1611776K), 0.0207207 secs] [Times: user=0.03 sys=0.00, real=0.02 secs] 
165.112: [GC (Allocation Failure) [PSYoungGen: 417422K->184558K(465920K)] 1245510K->1012791K(1611776K), 0.0203360 secs] [Times: user=0.03 sys=0.00, real=0.02 secs] 
166.722: [GC (Allocation Failure) [PSYoungGen: 407613K->91966K(465920K)] 1235846K->920463K(1611776K), 0.0217399 secs] [Times: user=0.05 sys=0.00, real=0.02 secs] 
168.925: [GC (Allocation Failure) [PSYoungGen: 324926K->37813K(465920K)] 1153423K->866626K(1611776K), 0.0078701 secs] [Times: user=0.02 sys=0.00, real=0.00 secs] 
169.242: [GC (Allocation Failure) [PSYoungGen: 270773K->184462K(465920K)] 1099586K->1014649K(1611776K), 0.0203812 secs] [Times: user=0.03 sys=0.00, real=0.02 secs] 
169.528: [GC (Allocation Failure) [PSYoungGen: 417422K->184494K(465920K)] 1247609K->1014826K(1611776K), 0.0207237 secs] [Times: user=0.03 sys=0.00, real=0.02 secs] 
170.502: [GC (Allocation Failure) [PSYoungGen: 407033K->91837K(465920K)] 1237365K->922434K(1611776K), 0.0138807 secs] [Times: user=0.03 sys=0.00, real=0.02 secs] 
171.321: [GC (Allocation Failure) [PSYoungGen: 324797K->37941K(465920K)] 1155394K->868844K(1611776K), 0.0057781 secs] [Times: user=0.01 sys=0.00, real=0.01 secs] 
171.665: [GC (Allocation Failure) [PSYoungGen: 270901K->184494K(465920K)] 1101804K->1016650K(1611776K), 0.0209062 secs] [Times: user=0.03 sys=0.00, real=0.02 secs] 
171.972: [GC (Allocation Failure) [PSYoungGen: 417454K->184590K(465920K)] 1249610K->1017028K(1611776K), 0.0205976 secs] [Times: user=0.03 sys=0.00, real=0.02 secs] 
172.608: [GC (Allocation Failure) [PSYoungGen: 407120K->91709K(465920K)] 1239557K->924411K(1611776K), 0.0115420 secs] [Times: user=0.02 sys=0.00, real=0.01 secs] 
173.877: [GC (Allocation Failure) [PSYoungGen: 324669K->37427K(465920K)] 1157371K->870429K(1611776K), 0.0065954 secs] [Times: user=0.02 sys=0.00, real=0.00 secs] 
174.159: [GC (Allocation Failure) [PSYoungGen: 270387K->184462K(465920K)] 1103389K->1018717K(1611776K), 0.0205173 secs] [Times: user=0.03 sys=0.00, real=0.02 secs] 
174.446: [GC (Allocation Failure) [PSYoungGen: 417422K->184333K(465920K)] 1251677K->1018862K(1611776K), 0.0204251 secs] [Times: user=0.02 sys=0.00, real=0.02 secs] 
176.352: [GC (Allocation Failure) [PSYoungGen: 409370K->92560K(465920K)] 1243898K->927490K(1611776K), 0.0192870 secs] [Times: user=0.04 sys=0.01, real=0.02 secs] 
178.800: [GC (Allocation Failure) [PSYoungGen: 325520K->37813K(465920K)] 1160450K->872922K(1611776K), 0.0075687 secs] [Times: user=0.02 sys=0.00, real=0.01 secs] 
179.109: [GC (Allocation Failure) [PSYoungGen: 270773K->184076K(465920K)] 1105882K->1020439K(1611776K), 0.0203872 secs] [Times: user=0.03 sys=0.00, real=0.02 secs] 
179.393: [GC (Allocation Failure) [PSYoungGen: 417036K->184494K(465920K)] 1253399K->1021130K(1611776K), 0.0204246 secs] [Times: user=0.02 sys=0.00, real=0.02 secs] 
180.570: [GC (Allocation Failure) [PSYoungGen: 409672K->92255K(465920K)] 1246309K->929156K(1611776K), 0.0121927 secs] [Times: user=0.03 sys=0.00, real=0.01 secs] 
181.606: [GC (Allocation Failure) [PSYoungGen: 325215K->37973K(465920K)] 1162116K->875188K(1611776K), 0.0067029 secs] [Times: user=0.02 sys=0.00, real=0.00 secs] 
181.885: [GC (Allocation Failure) [PSYoungGen: 270933K->184719K(465920K)] 1108148K->1023195K(1611776K), 0.0206823 secs] [Times: user=0.03 sys=0.00, real=0.02 secs] 
182.169: [GC (Allocation Failure) [PSYoungGen: 417679K->184430K(465920K)] 1256155K->1023187K(1611776K), 0.0204725 secs] [Times: user=0.03 sys=0.00, real=0.02 secs] 
182.812: [GC (Allocation Failure) [PSYoungGen: 406891K->91628K(465920K)] 1245649K->930659K(1611776K), 0.0099616 secs] [Times: user=0.02 sys=0.00, real=0.01 secs] 
183.689: [GC (Allocation Failure) [PSYoungGen: 324588K->37748K(465920K)] 1163619K->877093K(1611776K), 0.0055561 secs] [Times: user=0.02 sys=0.00, real=0.00 secs] 
184.015: [GC (Allocation Failure) [PSYoungGen: 270708K->184751K(465920K)] 1110053K->1025349K(1611776K), 0.0206989 secs] [Times: user=0.03 sys=0.00, real=0.03 secs] 
184.305: [GC (Allocation Failure) [PSYoungGen: 417711K->184398K(465920K)] 1258309K->1025277K(1611776K), 0.0203681 secs] [Times: user=0.03 sys=0.00, real=0.02 secs] 
185.666: [GC (Allocation Failure) [PSYoungGen: 406868K->91901K(465920K)] 1247747K->933045K(1611776K), 0.0260570 secs] [Times: user=0.06 sys=0.01, real=0.02 secs] 
186.555: [GC (Allocation Failure) [PSYoungGen: 324861K->38134K(465920K)] 1166005K->879608K(1611776K), 0.0055423 secs] [Times: user=0.01 sys=0.00, real=0.00 secs] 
186.826: [GC (Allocation Failure) [PSYoungGen: 271094K->184719K(465920K)] 1112568K->1027575K(1611776K), 0.0205637 secs] [Times: user=0.03 sys=0.00, real=0.02 secs] 
187.116: [GC (Allocation Failure) [PSYoungGen: 417679K->184623K(465920K)] 1260535K->1027623K(1611776K), 0.0205161 secs] [Times: user=0.02 sys=0.00, real=0.02 secs] 
188.366: [GC (Allocation Failure) [PSYoungGen: 407036K->91226K(465920K)] 1250037K->934492K(1611776K), 0.0149398 secs] [Times: user=0.04 sys=0.00, real=0.01 secs] 
190.167: [GC (Allocation Failure) [PSYoungGen: 324186K->37684K(465920K)] 1167452K->881265K(1611776K), 0.0069121 secs] [Times: user=0.01 sys=0.00, real=0.00 secs] 
190.458: [GC (Allocation Failure) [PSYoungGen: 270644K->184719K(465920K)] 1114225K->1029674K(1611776K), 0.0213299 secs] [Times: user=0.03 sys=0.00, real=0.02 secs] 
190.746: [GC (Allocation Failure) [PSYoungGen: 417679K->184687K(465920K)] 1262634K->1029795K(1611776K), 0.0203736 secs] [Times: user=0.03 sys=0.00, real=0.02 secs] 
192.182: [GC (Allocation Failure) [PSYoungGen: 407270K->91612K(465920K)] 1252378K->936985K(1611776K), 0.0129876 secs] [Times: user=0.02 sys=0.00, real=0.02 secs] 
193.528: [GC (Allocation Failure) [PSYoungGen: 324572K->37716K(465920K)] 1169945K->883399K(1611776K), 0.0056315 secs] [Times: user=0.01 sys=0.00, real=0.00 secs] 
193.796: [GC (Allocation Failure) [PSYoungGen: 270676K->183851K(465920K)] 1116359K->1030787K(1611776K), 0.0204584 secs] [Times: user=0.03 sys=0.00, real=0.02 secs] 
194.086: [GC (Allocation Failure) [PSYoungGen: 416811K->184430K(465920K)] 1263747K->1031647K(1611776K), 0.0204517 secs] [Times: user=0.02 sys=0.00, real=0.02 secs] 
195.465: [GC (Allocation Failure) [PSYoungGen: 409665K->92769K(465920K)] 1256883K->940251K(1611776K), 0.0152285 secs] [Times: user=0.03 sys=0.00, real=0.02 secs] 
197.552: [GC (Allocation Failure) [PSYoungGen: 325729K->37427K(465920K)] 1173211K->885217K(1611776K), 0.0084371 secs] [Times: user=0.02 sys=0.00, real=0.01 secs] 
197.875: [GC (Allocation Failure) [PSYoungGen: 270387K->184751K(465920K)] 1118177K->1033794K(1611776K), 0.0205452 secs] [Times: user=0.03 sys=0.00, real=0.02 secs] 
198.165: [GC (Allocation Failure) [PSYoungGen: 417711K->184719K(465920K)] 1266754K->1034164K(1611776K), 0.0205082 secs] [Times: user=0.03 sys=0.00, real=0.03 secs] 
199.091: [GC (Allocation Failure) [PSYoungGen: 409714K->91837K(465920K)] 1259160K->941547K(1611776K), 0.0122417 secs] [Times: user=0.02 sys=0.00, real=0.01 secs] 
201.109: [GC (Allocation Failure) [PSYoungGen: 324797K->37716K(465920K)] 1174507K->887614K(1611776K), 0.0085392 secs] [Times: user=0.02 sys=0.00, real=0.01 secs] 
201.506: [GC (Allocation Failure) [PSYoungGen: 270676K->184365K(465920K)] 1120574K->1035517K(1611776K), 0.0204930 secs] [Times: user=0.02 sys=0.00, real=0.02 secs] 
201.791: [GC (Allocation Failure) [PSYoungGen: 417325K->183658K(465920K)] 1268477K->1035115K(1611776K), 0.0204422 secs] [Times: user=0.03 sys=0.00, real=0.02 secs] 
202.925: [GC (Allocation Failure) [PSYoungGen: 408341K->92994K(465920K)] 1259798K->944715K(1611776K), 0.0178626 secs] [Times: user=0.04 sys=0.00, real=0.01 secs] 
204.539: [GC (Allocation Failure) [PSYoungGen: 325954K->37813K(465920K)] 1177675K->889850K(1611776K), 0.0075485 secs] [Times: user=0.02 sys=0.00, real=0.01 secs] 
204.909: [GC (Allocation Failure) [PSYoungGen: 270773K->183884K(465920K)] 1122810K->1037167K(1611776K), 0.0206849 secs] [Times: user=0.02 sys=0.00, real=0.02 secs] 
205.195: [GC (Allocation Failure) [PSYoungGen: 416844K->184430K(465920K)] 1270127K->1037986K(1611776K), 0.0203701 secs] [Times: user=0.03 sys=0.00, real=0.02 secs] 
206.293: [GC (Allocation Failure) [PSYoungGen: 409647K->92512K(465920K)] 1263203K->946333K(1611776K), 0.0161716 secs] [Times: user=0.03 sys=0.00, real=0.02 secs] 
207.427: [GC (Allocation Failure) [PSYoungGen: 325472K->38002K(465920K)] 1179293K->892133K(1611776K), 0.0087665 secs] [Times: user=0.02 sys=0.00, real=0.01 secs] 
207.759: [GC (Allocation Failure) [PSYoungGen: 270962K->184687K(465920K)] 1125093K->1040071K(1611776K), 0.0205506 secs] [Times: user=0.03 sys=0.00, real=0.02 secs] 
208.046: [GC (Allocation Failure) [PSYoungGen: 417647K->184687K(465920K)] 1273031K->1040473K(1611776K), 0.0205851 secs] [Times: user=0.03 sys=0.00, real=0.02 secs] 
209.611: [GC (Allocation Failure) [PSYoungGen: 407118K->91323K(465920K)] 1262905K->947382K(1611776K), 0.0206502 secs] [Times: user=0.04 sys=0.00, real=0.02 secs] 
211.401: [GC (Allocation Failure) [PSYoungGen: 324283K->37588K(465920K)] 1180342K->893832K(1611776K), 0.0087876 secs] [Times: user=0.03 sys=0.00, real=0.01 secs] 
211.731: [GC (Allocation Failure) [PSYoungGen: 270548K->183819K(465920K)] 1126792K->1041301K(1611776K), 0.0202624 secs] [Times: user=0.03 sys=0.00, real=0.02 secs] 
212.016: [GC (Allocation Failure) [PSYoungGen: 416779K->184430K(465920K)] 1274261K->1042217K(1611776K), 0.0203764 secs] [Times: user=0.03 sys=0.00, real=0.02 secs] 
212.791: [GC (Allocation Failure) [PSYoungGen: 409651K->92897K(465920K)] 1267438K->950949K(1611776K), 0.0122625 secs] [Times: user=0.03 sys=0.00, real=0.01 secs] 
213.639: [GC (Allocation Failure) [PSYoungGen: 325857K->38002K(465920K)] 1183909K->896370K(1611776K), 0.0056539 secs] [Times: user=0.02 sys=0.01, real=0.00 secs] 
213.911: [GC (Allocation Failure) [PSYoungGen: 270962K->184655K(465920K)] 1129330K->1044268K(1611776K), 0.0204373 secs] [Times: user=0.03 sys=0.00, real=0.02 secs] 
214.197: [GC (Allocation Failure) [PSYoungGen: 417615K->184687K(465920K)] 1277228K->1044702K(1611776K), 0.0207572 secs] [Times: user=0.03 sys=0.00, real=0.02 secs] 
216.371: [GC (Allocation Failure) [PSYoungGen: 407117K->91339K(465920K)] 1267132K->951627K(1611776K), 0.0197934 secs] [Times: user=0.04 sys=0.00, real=0.02 secs] 
218.196: [GC (Allocation Failure) [PSYoungGen: 324299K->37684K(465920K)] 1184587K->898151K(1611776K), 0.0072046 secs] [Times: user=0.01 sys=0.00, real=0.00 secs] 
218.498: [GC (Allocation Failure) [PSYoungGen: 270644K->184655K(465920K)] 1131111K->1046368K(1611776K), 0.0203765 secs] [Times: user=0.03 sys=0.00, real=0.02 secs] 
218.839: [GC (Allocation Failure) [PSYoungGen: 417615K->184655K(465920K)] 1279328K->1046633K(1611776K), 0.0204682 secs] [Times: user=0.03 sys=0.00, real=0.02 secs] 
220.484: [GC (Allocation Failure) [PSYoungGen: 407201K->91596K(465920K)] 1269179K->953839K(1611776K), 0.0281409 secs] [Times: user=0.06 sys=0.00, real=0.03 secs] 
222.606: [GC (Allocation Failure) [PSYoungGen: 324556K->37780K(465920K)] 1186799K->900323K(1611776K), 0.0067354 secs] [Times: user=0.01 sys=0.00, real=0.00 secs] 
222.891: [GC (Allocation Failure) [PSYoungGen: 270740K->184912K(465920K)] 1133283K->1048716K(1611776K), 0.0205110 secs] [Times: user=0.03 sys=0.00, real=0.02 secs] 
223.177: [GC (Allocation Failure) [PSYoungGen: 417872K->184205K(465920K)] 1281676K->1048290K(1611776K), 0.0206097 secs] [Times: user=0.03 sys=0.00, real=0.02 secs] 
225.756: [GC (Allocation Failure) [PSYoungGen: 407552K->91837K(465920K)] 1271638K->956188K(1611776K), 0.0125965 secs] [Times: user=0.02 sys=0.00, real=0.01 secs] 
226.574: [GC (Allocation Failure) [PSYoungGen: 324797K->37877K(465920K)] 1189148K->902525K(1611776K), 0.0056159 secs] [Times: user=0.01 sys=0.00, real=0.01 secs] 
226.846: [GC (Allocation Failure) [PSYoungGen: 270837K->184912K(465920K)] 1135485K->1050814K(1611776K), 0.0204361 secs] [Times: user=0.03 sys=0.00, real=0.02 secs] 
227.134: [GC (Allocation Failure) [PSYoungGen: 417872K->184912K(465920K)] 1283774K->1051087K(1611776K), 0.0203503 secs] [Times: user=0.03 sys=0.00, real=0.02 secs] 
227.872: [GC (Allocation Failure) [PSYoungGen: 407732K->90985K(465920K)] 1273907K->957434K(1611776K), 0.0117674 secs] [Times: user=0.03 sys=0.00, real=0.01 secs] 
229.111: [GC (Allocation Failure) [PSYoungGen: 323945K->37684K(465920K)] 1190394K->904446K(1611776K), 0.0067768 secs] [Times: user=0.02 sys=0.00, real=0.01 secs] 
229.392: [GC (Allocation Failure) [PSYoungGen: 270644K->183755K(465920K)] 1137406K->1051763K(1611776K), 0.0202983 secs] [Times: user=0.03 sys=0.00, real=0.02 secs] 
229.677: [GC (Allocation Failure) [PSYoungGen: 416715K->184847K(465920K)] 1284723K->1053136K(1611776K), 0.0207786 secs] [Times: user=0.03 sys=0.00, real=0.02 secs] 
231.560: [GC (Allocation Failure) [PSYoungGen: 410301K->92431K(465920K)] 1278589K->961001K(1611776K), 0.0254627 secs] [Times: user=0.06 sys=0.00, real=0.03 secs] 
233.563: [GC (Allocation Failure) [PSYoungGen: 325391K->37845K(465920K)] 1193961K->906722K(1611776K), 0.0072230 secs] [Times: user=0.02 sys=0.00, real=0.01 secs] 
233.862: [GC (Allocation Failure) [PSYoungGen: 270805K->184173K(465920K)] 1139682K->1054296K(1611776K), 0.0203313 secs] [Times: user=0.03 sys=0.00, real=0.02 secs] 
234.209: [GC (Allocation Failure) [PSYoungGen: 417133K->184558K(465920K)] 1287256K->1054947K(1611776K), 0.0210439 secs] [Times: user=0.03 sys=0.00, real=0.02 secs] 
235.834: [GC (Allocation Failure) [PSYoungGen: 407625K->92094K(465920K)] 1278014K->962756K(1611776K), 0.0174173 secs] [Times: user=0.04 sys=0.00, real=0.02 secs] 
237.644: [GC (Allocation Failure) [PSYoungGen: 325054K->37716K(465920K)] 1195716K->908686K(1611776K), 0.0069924 secs] [Times: user=0.02 sys=0.00, real=0.01 secs] 
237.936: [GC (Allocation Failure) [PSYoungGen: 270676K->184398K(465920K)] 1141646K->1056741K(1611776K), 0.0204481 secs] [Times: user=0.02 sys=0.00, real=0.02 secs] 
238.225: [GC (Allocation Failure) [PSYoungGen: 417358K->184558K(465920K)] 1289701K->1057046K(1611776K), 0.0205235 secs] [Times: user=0.02 sys=0.00, real=0.02 secs] 
239.613: [GC (Allocation Failure) [PSYoungGen: 407616K->92014K(465920K)] 1280104K->964775K(1611776K), 0.0164407 secs] [Times: user=0.04 sys=0.00, real=0.02 secs] 
241.693: [GC (Allocation Failure) [PSYoungGen: 324974K->37363K(465920K)] 1197735K->910422K(1611776K), 0.0074043 secs] [Times: user=0.02 sys=0.01, real=0.01 secs] 
241.997: [GC (Allocation Failure) [PSYoungGen: 270323K->184687K(465920K)] 1143382K->1058999K(1611776K), 0.0204163 secs] [Times: user=0.03 sys=0.00, real=0.02 secs] 
242.284: [GC (Allocation Failure) [PSYoungGen: 417647K->183594K(465920K)] 1291959K->1058180K(1611776K), 0.0204319 secs] [Times: user=0.02 sys=0.00, real=0.02 secs] 
243.598: [GC (Allocation Failure) [PSYoungGen: 409006K->93010K(465920K)] 1283591K->967868K(1611776K), 0.0155713 secs] [Times: user=0.03 sys=0.00, real=0.01 secs] 
245.187: [GC (Allocation Failure) [PSYoungGen: 325970K->37716K(465920K)] 1200828K->912883K(1611776K), 0.0095167 secs] [Times: user=0.03 sys=0.00, real=0.01 secs] 
245.535: [GC (Allocation Failure) [PSYoungGen: 270676K->184430K(465920K)] 1145843K->1060963K(1611776K), 0.0206057 secs] [Times: user=0.02 sys=0.00, real=0.03 secs] 
245.876: [GC (Allocation Failure) [PSYoungGen: 417390K->184526K(465920K)] 1293923K->1061204K(1611776K), 0.0207379 secs] [Times: user=0.03 sys=0.00, real=0.02 secs] 
246.785: [GC (Allocation Failure) [PSYoungGen: 407577K->91998K(465920K)] 1284255K->968940K(1611776K), 0.0128318 secs] [Times: user=0.03 sys=0.00, real=0.02 secs] 
247.651: [GC (Allocation Failure) [PSYoungGen: 324958K->37813K(465920K)] 1201900K->915063K(1611776K), 0.0065527 secs] [Times: user=0.02 sys=0.00, real=0.01 secs] 
247.928: [GC (Allocation Failure) [PSYoungGen: 270773K->184398K(465920K)] 1148023K->1062901K(1611776K), 0.0205043 secs] [Times: user=0.02 sys=0.00, real=0.02 secs] 
248.212: [GC (Allocation Failure) [PSYoungGen: 417358K->184558K(465920K)] 1295861K->1063343K(1611776K), 0.0203634 secs] [Times: user=0.03 sys=0.00, real=0.02 secs] 
250.083: [GC (Allocation Failure) [PSYoungGen: 407088K->91869K(465920K)] 1285873K->970919K(1611776K), 0.0210150 secs] [Times: user=0.04 sys=0.00, real=0.02 secs] 
251.040: [GC (Allocation Failure) [PSYoungGen: 324829K->38005K(465920K)] 1203879K->917361K(1611776K), 0.0055841 secs] [Times: user=0.01 sys=0.00, real=0.01 secs] 
251.309: [GC (Allocation Failure) [PSYoungGen: 270965K->184398K(465920K)] 1150321K->1064999K(1611776K), 0.0203999 secs] [Times: user=0.03 sys=0.00, real=0.02 secs] 
251.595: [GC (Allocation Failure) [PSYoungGen: 417358K->184173K(465920K)] 1297959K->1065055K(1611776K), 0.0204251 secs] [Times: user=0.03 sys=0.00, real=0.02 secs] 
255.046: [GC (Allocation Failure) [PSYoungGen: 409075K->92126K(465920K)] 1289957K->973297K(1611776K), 0.0246477 secs] [Times: user=0.06 sys=0.00, real=0.02 secs] 
256.857: [GC (Allocation Failure) [PSYoungGen: 325086K->37427K(465920K)] 1206257K->918898K(1611776K), 0.0079333 secs] [Times: user=0.02 sys=0.00, real=0.00 secs] 
257.175: [GC (Allocation Failure) [PSYoungGen: 270387K->183626K(465920K)] 1151858K->1066343K(1611776K), 0.0205219 secs] [Times: user=0.03 sys=0.00, real=0.02 secs] 
257.464: [GC (Allocation Failure) [PSYoungGen: 416586K->184815K(465920K)] 1299303K->1067813K(1611776K), 0.0205347 secs] [Times: user=0.03 sys=0.00, real=0.02 secs] 
258.226: [GC (Allocation Failure) [PSYoungGen: 410021K->92753K(465920K)] 1293019K->976160K(1611776K), 0.0125205 secs] [Times: user=0.02 sys=0.00, real=0.01 secs] 
259.173: [GC (Allocation Failure) [PSYoungGen: 325713K->36045K(465920K)] 1209120K->919624K(1611776K), 0.0060040 secs] [Times: user=0.02 sys=0.00, real=0.01 secs] 
259.501: [GC (Allocation Failure) [PSYoungGen: 269005K->183916K(465920K)] 1152584K->1068732K(1611776K), 0.0204851 secs] [Times: user=0.03 sys=0.00, real=0.02 secs] 
259.783: [GC (Allocation Failure) [PSYoungGen: 416876K->182984K(465920K)] 1301692K->1068202K(1611776K), 0.0208524 secs] [Times: user=0.02 sys=0.00, real=0.02 secs] 
260.739: [GC (Allocation Failure) [PSYoungGen: 411561K->95741K(465920K)] 1296779K->981103K(1611776K), 0.0131568 secs] [Times: user=0.03 sys=0.00, real=0.01 secs] 
262.020: [GC (Allocation Failure) [PSYoungGen: 328701K->37427K(465920K)] 1214063K->923111K(1611776K), 0.0086402 secs] [Times: user=0.02 sys=0.00, real=0.01 secs] 
262.348: [GC (Allocation Failure) [PSYoungGen: 270387K->183884K(465920K)] 1156071K->1070829K(1611776K), 0.0207048 secs] [Times: user=0.03 sys=0.00, real=0.02 secs] 
262.632: [GC (Allocation Failure) [PSYoungGen: 416844K->183916K(465920K)] 1303789K->1071142K(1611776K), 0.0203309 secs] [Times: user=0.02 sys=0.00, real=0.02 secs] 
264.392: [GC (Allocation Failure) [PSYoungGen: 410499K->93379K(465920K)] 1297725K->980871K(1611776K), 0.0153738 secs] [Times: user=0.03 sys=0.00, real=0.02 secs] 
266.285: [GC (Allocation Failure) [PSYoungGen: 326339K->37556K(465920K)] 1213831K->925345K(1611776K), 0.0088843 secs] [Times: user=0.02 sys=0.00, real=0.00 secs] 
266.612: [GC (Allocation Failure) [PSYoungGen: 270516K->184398K(465920K)] 1158305K->1073441K(1611776K), 0.0208576 secs] [Times: user=0.03 sys=0.00, real=0.02 secs] 
266.896: [GC (Allocation Failure) [PSYoungGen: 417358K->183530K(465920K)] 1306401K->1072846K(1611776K), 0.0205086 secs] [Times: user=0.03 sys=0.00, real=0.02 secs] 
267.747: [GC (Allocation Failure) [PSYoungGen: 408375K->93154K(465920K)] 1297691K->982736K(1611776K), 0.0125291 secs] [Times: user=0.03 sys=0.00, real=0.01 secs] 
269.474: [GC (Allocation Failure) [PSYoungGen: 326114K->37684K(465920K)] 1215696K->927595K(1611776K), 0.0082809 secs] [Times: user=0.02 sys=0.00, real=0.01 secs] 
269.795: [GC (Allocation Failure) [PSYoungGen: 270644K->184719K(465920K)] 1160555K->1075883K(1611776K), 0.0207119 secs] [Times: user=0.03 sys=0.00, real=0.03 secs] 
270.088: [GC (Allocation Failure) [PSYoungGen: 417679K->184687K(465920K)] 1308843K->1076261K(1611776K), 0.0205705 secs] [Times: user=0.03 sys=0.00, real=0.02 secs] 
271.720: [GC (Allocation Failure) [PSYoungGen: 407294K->91628K(465920K)] 1298868K->983339K(1611776K), 0.0195017 secs] [Times: user=0.04 sys=0.00, real=0.02 secs] 
274.146: [GC (Allocation Failure) [PSYoungGen: 324588K->37331K(465920K)] 1216299K->929349K(1611776K), 0.0085715 secs] [Times: user=0.02 sys=0.00, real=0.00 secs] 
274.471: [GC (Allocation Failure) [PSYoungGen: 270291K->183819K(465920K)] 1162309K->1077091K(1611776K), 0.0205866 secs] [Times: user=0.03 sys=0.00, real=0.02 secs] 
274.754: [GC (Allocation Failure) [PSYoungGen: 416779K->184398K(465920K)] 1310051K->1077935K(1611776K), 0.0204540 secs] [Times: user=0.02 sys=0.00, real=0.02 secs] 
275.670: [GC (Allocation Failure) [PSYoungGen: 409621K->93202K(465920K)] 1303158K->987021K(1611776K), 0.0129689 secs] [Times: user=0.03 sys=0.00, real=0.01 secs] 
277.637: [GC (Allocation Failure) [PSYoungGen: 326162K->37459K(465920K)] 1219981K->931578K(1611776K), 0.0079009 secs] [Times: user=0.02 sys=0.00, real=0.01 secs] 
277.957: [GC (Allocation Failure) [PSYoungGen: 270419K->184751K(465920K)] 1164538K->1080123K(1611776K), 0.0207146 secs] [Times: user=0.03 sys=0.00, real=0.02 secs] 
278.248: [GC (Allocation Failure) [PSYoungGen: 417711K->184687K(465920K)] 1313083K->1080461K(1611776K), 0.0205790 secs] [Times: user=0.02 sys=0.00, real=0.02 secs] 
279.601: [GC (Allocation Failure) [PSYoungGen: 409685K->91917K(465920K)] 1305459K->987964K(1611776K), 0.0138072 secs] [Times: user=0.02 sys=0.00, real=0.02 secs] 
281.416: [GC (Allocation Failure) [PSYoungGen: 324877K->37459K(465920K)] 1220924K->933678K(1611776K), 0.0066240 secs] [Times: user=0.01 sys=0.00, real=0.00 secs] 
281.703: [GC (Allocation Failure) [PSYoungGen: 270419K->184237K(465920K)] 1166638K->1081709K(1611776K), 0.0207352 secs] [Times: user=0.03 sys=0.00, real=0.02 secs] 
281.989: [GC (Allocation Failure) [PSYoungGen: 417197K->184976K(465920K)] 1314669K->1082729K(1611776K), 0.0205749 secs] [Times: user=0.03 sys=0.00, real=0.02 secs] 
282.816: [GC (Allocation Failure) [PSYoungGen: 408204K->92174K(465920K)] 1305957K->990200K(1611776K), 0.0121582 secs] [Times: user=0.03 sys=0.00, real=0.01 secs] 
284.569: [GC (Allocation Failure) [PSYoungGen: 325134K->37684K(465920K)] 1223160K->936008K(1611776K), 0.0087906 secs] [Times: user=0.02 sys=0.00, real=0.01 secs] 
284.953: [GC (Allocation Failure) [PSYoungGen: 270644K->184847K(465920K)] 1168968K->1084425K(1611776K), 0.0210920 secs] [Times: user=0.03 sys=0.00, real=0.02 secs] 
285.248: [GC (Allocation Failure) [PSYoungGen: 417807K->184141K(465920K)] 1317385K->1083983K(1611776K), 0.0205801 secs] [Times: user=0.03 sys=0.00, real=0.02 secs] 
286.389: [GC (Allocation Failure) [PSYoungGen: 409453K->92014K(465920K)] 1309295K->992129K(1611776K), 0.0167931 secs] [Times: user=0.04 sys=0.00, real=0.02 secs] 
287.983: [GC (Allocation Failure) [PSYoungGen: 324974K->37845K(465920K)] 1225089K->938276K(1611776K), 0.0070424 secs] [Times: user=0.02 sys=0.00, real=0.01 secs] 
288.276: [GC (Allocation Failure) [PSYoungGen: 270805K->184751K(465920K)] 1171236K->1086564K(1611776K), 0.0205529 secs] [Times: user=0.03 sys=0.01, real=0.02 secs] 
288.567: [GC (Allocation Failure) [PSYoungGen: 417711K->184590K(465920K)] 1319524K->1086548K(1611776K), 0.0205638 secs] [Times: user=0.03 sys=0.00, real=0.02 secs] 
289.697: [GC (Allocation Failure) [PSYoungGen: 407134K->91644K(465920K)] 1309093K->993996K(1611776K), 0.0119121 secs] [Times: user=0.02 sys=0.00, real=0.01 secs] 
290.529: [GC (Allocation Failure) [PSYoungGen: 324604K->37941K(465920K)] 1226956K->940464K(1611776K), 0.0067474 secs] [Times: user=0.01 sys=0.00, real=0.01 secs] 
290.807: [GC (Allocation Failure) [PSYoungGen: 270901K->184719K(465920K)] 1173424K->1088495K(1611776K), 0.0204997 secs] [Times: user=0.03 sys=0.00, real=0.02 secs] 
291.091: [GC (Allocation Failure) [PSYoungGen: 417679K->184398K(465920K)] 1321455K->1088447K(1611776K), 0.0205277 secs] [Times: user=0.02 sys=0.00, real=0.02 secs] 
292.169: [GC (Allocation Failure) [PSYoungGen: 406895K->91596K(465920K)] 1310945K->995927K(1611776K), 0.0254521 secs] [Times: user=0.05 sys=0.00, real=0.02 secs] 
293.618: [GC (Allocation Failure) [PSYoungGen: 324556K->37941K(465920K)] 1228887K->942588K(1611776K), 0.0071469 secs] [Times: user=0.02 sys=0.00, real=0.01 secs] 
293.912: [GC (Allocation Failure) [PSYoungGen: 270901K->184751K(465920K)] 1175548K->1090651K(1611776K), 0.0207031 secs] [Times: user=0.03 sys=0.00, real=0.02 secs] 
294.254: [GC (Allocation Failure) [PSYoungGen: 417711K->184462K(465920K)] 1323611K->1090635K(1611776K), 0.0204725 secs] [Times: user=0.02 sys=0.00, real=0.02 secs] 
297.227: [GC (Allocation Failure) [PSYoungGen: 407188K->91612K(465920K)] 1313361K->998050K(1611776K), 0.0178701 secs] [Times: user=0.03 sys=0.00, real=0.01 secs] 
299.347: [GC (Allocation Failure) [PSYoungGen: 324572K->37684K(465920K)] 1231010K->944430K(1611776K), 0.0088678 secs] [Times: user=0.02 sys=0.00, real=0.01 secs] 
299.673: [GC (Allocation Failure) [PSYoungGen: 270644K->184719K(465920K)] 1177390K->1092710K(1611776K), 0.0206108 secs] [Times: user=0.03 sys=0.00, real=0.02 secs] 
300.028: [GC (Allocation Failure) [PSYoungGen: 417679K->184623K(465920K)] 1325670K->1092887K(1611776K), 0.0208769 secs] [Times: user=0.03 sys=0.00, real=0.02 secs] 
301.663: [GC (Allocation Failure) [PSYoungGen: 407189K->91580K(465920K)] 1315453K->1000110K(1611776K), 0.0194555 secs] [Times: user=0.04 sys=0.00, real=0.02 secs] 
302.504: [GC (Allocation Failure) [PSYoungGen: 324540K->38134K(465920K)] 1233070K->946987K(1611776K), 0.0056849 secs] [Times: user=0.02 sys=0.00, real=0.01 secs] 
302.776: [GC (Allocation Failure) [PSYoungGen: 271094K->184719K(465920K)] 1179947K->1094954K(1611776K), 0.0207325 secs] [Times: user=0.03 sys=0.00, real=0.02 secs] 
303.065: [GC (Allocation Failure) [PSYoungGen: 417679K->184687K(465920K)] 1327914K->1095075K(1611776K), 0.0204407 secs] [Times: user=0.03 sys=0.00, real=0.02 secs] 
305.857: [GC (Allocation Failure) [PSYoungGen: 407106K->91226K(465920K)] 1317494K->1001879K(1611776K), 0.0280678 secs] [Times: user=0.06 sys=0.00, real=0.03 secs] 
307.295: [GC (Allocation Failure) [PSYoungGen: 324186K->37941K(465920K)] 1234839K->948900K(1611776K), 0.0062192 secs] [Times: user=0.01 sys=0.00, real=0.01 secs] 
307.566: [GC (Allocation Failure) [PSYoungGen: 270901K->184719K(465920K)] 1181860K->1097060K(1611776K), 0.0205269 secs] [Times: user=0.03 sys=0.00, real=0.02 secs] 
307.851: [GC (Allocation Failure) [PSYoungGen: 417679K->184719K(465920K)] 1330020K->1097212K(1611776K), 0.0206843 secs] [Times: user=0.02 sys=0.00, real=0.02 secs] 
310.831: [GC (Allocation Failure) [PSYoungGen: 407275K->91403K(465920K)] 1319769K->1004161K(1611776K), 0.0263469 secs] [Times: user=0.06 sys=0.00, real=0.03 secs] 
312.257: [GC (Allocation Failure) [PSYoungGen: 324363K->38005K(465920K)] 1237121K->951077K(1611776K), 0.0057089 secs] [Times: user=0.01 sys=0.00, real=0.00 secs] 
312.528: [GC (Allocation Failure) [PSYoungGen: 270965K->183980K(465920K)] 1184037K->1098313K(1611776K), 0.0205744 secs] [Times: user=0.03 sys=0.00, real=0.02 secs] 
312.813: [GC (Allocation Failure) [PSYoungGen: 416940K->184494K(465920K)] 1331273K->1099237K(1611776K), 0.0205167 secs] [Times: user=0.03 sys=0.00, real=0.02 secs] 
314.090: [GC (Allocation Failure) [PSYoungGen: 409696K->92351K(465920K)] 1324440K->1007231K(1611776K), 0.0124976 secs] [Times: user=0.02 sys=0.00, real=0.01 secs] 
315.298: [GC (Allocation Failure) [PSYoungGen: 325311K->37777K(465920K)] 1240191K->952965K(1611776K), 0.0056992 secs] [Times: user=0.01 sys=0.00, real=0.00 secs] 
315.569: [GC (Allocation Failure) [PSYoungGen: 270737K->184719K(465920K)] 1185925K->1101160K(1611776K), 0.0206439 secs] [Times: user=0.03 sys=0.00, real=0.02 secs] 
315.855: [GC (Allocation Failure) [PSYoungGen: 417679K->184655K(465920K)] 1334120K->1101498K(1611776K), 0.0205462 secs] [Times: user=0.03 sys=0.00, real=0.03 secs] 
316.697: [GC (Allocation Failure) [PSYoungGen: 407336K->91580K(465920K)] 1324180K->1008688K(1611776K), 0.0123888 secs] [Times: user=0.03 sys=0.00, real=0.01 secs] 
318.142: [GC (Allocation Failure) [PSYoungGen: 324540K->37427K(465920K)] 1241648K->954714K(1611776K), 0.0066020 secs] [Times: user=0.01 sys=0.00, real=0.01 secs] 
318.489: [GC (Allocation Failure) [PSYoungGen: 270387K->183819K(465920K)] 1187674K->1102360K(1611776K), 0.0207646 secs] [Times: user=0.03 sys=0.00, real=0.02 secs] 
318.773: [GC (Allocation Failure) [PSYoungGen: 416779K->184462K(465920K)] 1335320K->1103276K(1611776K), 0.0205935 secs] [Times: user=0.03 sys=0.00, real=0.02 secs] 
319.413: [GC (Allocation Failure) [PSYoungGen: 409686K->92994K(465920K)] 1328500K->1012073K(1611776K), 0.0114663 secs] [Times: user=0.02 sys=0.00, real=0.01 secs] 
320.294: [GC (Allocation Failure) [PSYoungGen: 325954K->38034K(465920K)] 1245033K->957427K(1611776K), 0.0073396 secs] [Times: user=0.02 sys=0.00, real=0.01 secs] 
320.574: [GC (Allocation Failure) [PSYoungGen: 270994K->184719K(465920K)] 1190387K->1105365K(1611776K), 0.0206653 secs] [Times: user=0.03 sys=0.00, real=0.02 secs] 
320.864: [GC (Allocation Failure) [PSYoungGen: 417679K->184783K(465920K)] 1338325K->1105839K(1611776K), 0.0204845 secs] [Times: user=0.03 sys=0.00, real=0.02 secs] 
322.357: [GC (Allocation Failure) [PSYoungGen: 407242K->91387K(465920K)] 1328298K->1012708K(1611776K), 0.0127449 secs] [Times: user=0.03 sys=0.01, real=0.01 secs] 
323.183: [GC (Allocation Failure) [PSYoungGen: 324347K->37973K(465920K)] 1245668K->959490K(1611776K), 0.0073241 secs] [Times: user=0.02 sys=0.00, real=0.01 secs] 
323.533: [GC (Allocation Failure) [PSYoungGen: 270933K->183980K(465920K)] 1192450K->1106750K(1611776K), 0.0207018 secs] [Times: user=0.03 sys=0.00, real=0.02 secs] 
323.823: [GC (Allocation Failure) [PSYoungGen: 416940K->184430K(465920K)] 1339710K->1107609K(1611776K), 0.0205809 secs] [Times: user=0.03 sys=0.00, real=0.02 secs] 
324.438: [GC (Allocation Failure) [PSYoungGen: 409516K->92383K(465920K)] 1332696K->1015828K(1611776K), 0.0122949 secs] [Times: user=0.03 sys=0.00, real=0.01 secs] 
325.254: [GC (Allocation Failure) [PSYoungGen: 325343K->38005K(465920K)] 1248788K->961630K(1611776K), 0.0056809 secs] [Times: user=0.01 sys=0.00, real=0.01 secs] 
325.585: [GC (Allocation Failure) [PSYoungGen: 270965K->184751K(465920K)] 1194590K->1109629K(1611776K), 0.0209352 secs] [Times: user=0.03 sys=0.00, real=0.03 secs] 
325.870: [GC (Allocation Failure) [PSYoungGen: 417711K->184687K(465920K)] 1342589K->1109838K(1611776K), 0.0206236 secs] [Times: user=0.03 sys=0.00, real=0.02 secs] 
326.499: [GC (Allocation Failure) [PSYoungGen: 407240K->91371K(465920K)] 1332391K->1016795K(1611776K), 0.0122155 secs] [Times: user=0.03 sys=0.00, real=0.01 secs] 
328.018: [GC (Allocation Failure) [PSYoungGen: 324331K->37427K(465920K)] 1249755K->963159K(1611776K), 0.0069742 secs] [Times: user=0.02 sys=0.00, real=0.01 secs] 
328.304: [GC (Allocation Failure) [PSYoungGen: 270387K->183916K(465920K)] 1196119K->1110901K(1611776K), 0.0205139 secs] [Times: user=0.03 sys=0.00, real=0.02 secs] 
328.626: [GC (Allocation Failure) [PSYoungGen: 416876K->184815K(465920K)] 1343861K->1112082K(1611776K), 0.0205790 secs] [Times: user=0.02 sys=0.00, real=0.02 secs] 
330.006: [GC (Allocation Failure) [PSYoungGen: 410135K->92448K(465920K)] 1337402K->1020108K(1611776K), 0.0149517 secs] [Times: user=0.03 sys=0.00, real=0.01 secs] 
330.864: [GC (Allocation Failure) [PSYoungGen: 325408K->38166K(465920K)] 1253068K->966013K(1611776K), 0.0059496 secs] [Times: user=0.01 sys=0.00, real=0.01 secs] 
331.135: [GC (Allocation Failure) [PSYoungGen: 271126K->184526K(465920K)] 1198973K->1113748K(1611776K), 0.0204267 secs] [Times: user=0.03 sys=0.00, real=0.02 secs] 
331.424: [GC (Allocation Failure) [PSYoungGen: 417486K->184719K(465920K)] 1346708K->1114093K(1611776K), 0.0205405 secs] [Times: user=0.03 sys=0.00, real=0.02 secs] 
332.495: [GC (Allocation Failure) [PSYoungGen: 407320K->91403K(465920K)] 1336694K->1021050K(1611776K), 0.0135205 secs] [Times: user=0.03 sys=0.00, real=0.02 secs] 
333.577: [GC (Allocation Failure) [PSYoungGen: 324363K->37973K(465920K)] 1254010K->967929K(1611776K), 0.0069689 secs] [Times: user=0.01 sys=0.00, real=0.00 secs] 
333.865: [GC (Allocation Failure) [PSYoungGen: 270933K->184655K(465920K)] 1200889K->1115992K(1611776K), 0.0205471 secs] [Times: user=0.02 sys=0.00, real=0.03 secs] 
334.208: [GC (Allocation Failure) [PSYoungGen: 417615K->184687K(465920K)] 1348952K->1116169K(1611776K), 0.0206260 secs] [Times: user=0.03 sys=0.00, real=0.02 secs] 
336.422: [GC (Allocation Failure) [PSYoungGen: 407240K->91323K(465920K)] 1338722K->1023070K(1611776K), 0.0162971 secs] [Times: user=0.04 sys=0.00, real=0.02 secs] 
338.432: [GC (Allocation Failure) [PSYoungGen: 324283K->37909K(465920K)] 1256030K->969974K(1611776K), 0.0082151 secs] [Times: user=0.02 sys=0.00, real=0.01 secs] 
338.744: [GC (Allocation Failure) [PSYoungGen: 270869K->183787K(465920K)] 1202934K->1117090K(1611776K), 0.0203651 secs] [Times: user=0.03 sys=0.00, real=0.02 secs] 
339.086: [GC (Allocation Failure) [PSYoungGen: 416747K->184430K(465920K)] 1350050K->1118134K(1611776K), 0.0206556 secs] [Times: user=0.02 sys=0.00, real=0.02 secs] 
339.851: [GC (Allocation Failure) [PSYoungGen: 409538K->92640K(465920K)] 1343242K->1026610K(1611776K), 0.0123717 secs] [Times: user=0.03 sys=0.00, real=0.01 secs] 
341.593: [GC (Allocation Failure) [PSYoungGen: 325600K->37620K(465920K)] 1259570K->971769K(1611776K), 0.0089129 secs] [Times: user=0.03 sys=0.00, real=0.01 secs] 
341.925: [GC (Allocation Failure) [PSYoungGen: 270580K->184044K(465920K)] 1204729K->1119447K(1611776K), 0.0205050 secs] [Times: user=0.03 sys=0.00, real=0.02 secs] 
342.210: [GC (Allocation Failure) [PSYoungGen: 417004K->184558K(465920K)] 1352407K->1120242K(1611776K), 0.0206214 secs] [Times: user=0.02 sys=0.00, real=0.02 secs] 
343.162: [GC (Allocation Failure) [PSYoungGen: 409741K->92528K(465920K)] 1345424K->1028476K(1611776K), 0.0129310 secs] [Times: user=0.03 sys=0.00, real=0.01 secs] 
344.493: [GC (Allocation Failure) [PSYoungGen: 325488K->37842K(465920K)] 1261436K->974096K(1611776K), 0.0069463 secs] [Times: user=0.02 sys=0.00, real=0.01 secs] 
344.781: [GC (Allocation Failure) [PSYoungGen: 270802K->184655K(465920K)] 1207056K->1122163K(1611776K), 0.0205357 secs] [Times: user=0.02 sys=0.00, real=0.02 secs] 
345.066: [GC (Allocation Failure) [PSYoungGen: 417615K->184623K(465920K)] 1355123K->1122404K(1611776K), 0.0205244 secs] [Times: user=0.03 sys=0.00, real=0.02 secs] 
346.580: [GC (Allocation Failure) [PSYoungGen: 407182K->91452K(465920K)] 1344963K->1029498K(1611776K), 0.0142528 secs] [Times: user=0.03 sys=0.00, real=0.01 secs] 
348.264: [GC (Allocation Failure) [PSYoungGen: 324412K->37813K(465920K)] 1262458K->976164K(1611776K), 0.0067450 secs] [Times: user=0.01 sys=0.00, real=0.01 secs] 
348.547: [GC (Allocation Failure) [PSYoungGen: 270773K->183755K(465920K)] 1209124K->1123352K(1611776K), 0.0205055 secs] [Times: user=0.03 sys=0.00, real=0.02 secs] 
348.832: [GC (Allocation Failure) [PSYoungGen: 416715K->184719K(465920K)] 1356312K->1124589K(1611776K), 0.0204797 secs] [Times: user=0.03 sys=0.00, real=0.02 secs] 
349.484: [GC (Allocation Failure) [PSYoungGen: 410124K->92399K(465920K)] 1349995K->1032543K(1611776K), 0.0117554 secs] [Times: user=0.02 sys=0.01, real=0.02 secs] 
350.592: [GC (Allocation Failure) [PSYoungGen: 325359K->37716K(465920K)] 1265503K->978168K(1611776K), 0.0071074 secs] [Times: user=0.02 sys=0.00, real=0.01 secs] 
350.935: [GC (Allocation Failure) [PSYoungGen: 270676K->184141K(465920K)] 1211128K->1125838K(1611776K), 0.0204079 secs] [Times: user=0.03 sys=0.00, real=0.02 secs] 
351.232: [GC (Allocation Failure) [PSYoungGen: 417101K->184526K(465920K)] 1358798K->1126496K(1611776K), 0.0205339 secs] [Times: user=0.03 sys=0.00, real=0.02 secs] 
351.905: [GC (Allocation Failure) [PSYoungGen: 408133K->92287K(465920K)] 1350103K->1034530K(1611776K), 0.0127947 secs] [Times: user=0.02 sys=0.00, real=0.01 secs] 
352.736: [GC (Allocation Failure) [PSYoungGen: 325247K->37813K(465920K)] 1267490K->980372K(1611776K), 0.0082261 secs] [Times: user=0.03 sys=0.00, real=0.00 secs] 
353.091: [GC (Allocation Failure) [PSYoungGen: 270773K->183755K(465920K)] 1213332K->1127552K(1611776K), 0.0204314 secs] [Times: user=0.02 sys=0.00, real=0.02 secs] 
353.375: [GC (Allocation Failure) [PSYoungGen: 416715K->184590K(465920K)] 1360512K->1128668K(1611776K), 0.0204600 secs] [Times: user=0.03 sys=0.00, real=0.02 secs] 
354.959: [GC (Allocation Failure) [PSYoungGen: 410059K->92544K(465920K)] 1354137K->1036886K(1611776K), 0.0197358 secs] [Times: user=0.04 sys=0.00, real=0.02 secs] 
356.319: [GC (Allocation Failure) [PSYoungGen: 325504K->37973K(465920K)] 1269846K->982624K(1611776K), 0.0089311 secs] [Times: user=0.02 sys=0.00, real=0.01 secs] 
356.651: [GC (Allocation Failure) [PSYoungGen: 270933K->184558K(465920K)] 1215584K->1130583K(1611776K), 0.0207993 secs] [Times: user=0.03 sys=0.00, real=0.02 secs] 
356.938: [GC (Allocation Failure) [PSYoungGen: 417518K->184687K(465920K)] 1363543K->1130864K(1611776K), 0.0205567 secs] [Times: user=0.03 sys=0.00, real=0.02 secs] 
359.465: [GC (Allocation Failure) [PSYoungGen: 407123K->91499K(465920K)] 1353300K->1038079K(1611776K), 0.0142563 secs] [Times: user=0.02 sys=0.01, real=0.02 secs] 
360.976: [GC (Allocation Failure) [PSYoungGen: 324459K->37973K(465920K)] 1271039K->984724K(1611776K), 0.0059008 secs] [Times: user=0.01 sys=0.00, real=0.00 secs] 
361.245: [GC (Allocation Failure) [PSYoungGen: 270933K->183755K(465920K)] 1217684K->1131751K(1611776K), 0.0203506 secs] [Times: user=0.02 sys=0.00, real=0.02 secs] 
361.539: [GC (Allocation Failure) [PSYoungGen: 416715K->184687K(465920K)] 1364711K->1132964K(1611776K), 0.0206982 secs] [Times: user=0.03 sys=0.00, real=0.02 secs] 
362.614: [GC (Allocation Failure) [PSYoungGen: 410105K->92239K(465920K)] 1358383K->1040797K(1611776K), 0.0132238 secs] [Times: user=0.03 sys=0.00, real=0.02 secs] 
364.044: [GC (Allocation Failure) [PSYoungGen: 325199K->37427K(465920K)] 1273757K->986285K(1611776K), 0.0091099 secs] [Times: user=0.02 sys=0.00, real=0.01 secs] 
364.451: [GC (Allocation Failure) [PSYoungGen: 270387K->184173K(465920K)] 1219245K->1134277K(1611776K), 0.0205794 secs] [Times: user=0.03 sys=0.00, real=0.02 secs] 
364.794: [GC (Allocation Failure) [PSYoungGen: 417133K->184590K(465920K)] 1367237K->1134967K(1611776K), 0.0208110 secs] [Times: user=0.03 sys=0.00, real=0.03 secs] 
365.906: [GC (Allocation Failure) [PSYoungGen: 408169K->92528K(465920K)] 1358546K->1043178K(1611776K), 0.0138400 secs] [Times: user=0.03 sys=0.00, real=0.01 secs] 
366.947: [GC (Allocation Failure) [PSYoungGen: 325488K->37845K(465920K)] 1276138K->988803K(1611776K), 0.0057303 secs] [Times: user=0.01 sys=0.00, real=0.00 secs] 
367.216: [GC (Allocation Failure) [PSYoungGen: 270805K->184430K(465920K)] 1221763K->1136762K(1611776K), 0.0206448 secs] [Times: user=0.03 sys=0.00, real=0.02 secs] 
367.506: [GC (Allocation Failure) [PSYoungGen: 417390K->184558K(465920K)] 1369722K->1137043K(1611776K), 0.0204306 secs] [Times: user=0.02 sys=0.00, real=0.02 secs] 
368.668: [GC (Allocation Failure) [PSYoungGen: 407102K->91837K(465920K)] 1359587K->1044587K(1611776K), 0.0153845 secs] [Times: user=0.04 sys=0.00, real=0.01 secs] 
370.627: [GC (Allocation Failure) [PSYoungGen: 324797K->37556K(465920K)] 1277547K->990595K(1611776K), 0.0073999 secs] [Times: user=0.02 sys=0.00, real=0.01 secs] 
370.925: [GC (Allocation Failure) [PSYoungGen: 270516K->184430K(465920K)] 1223555K->1138851K(1611776K), 0.0206286 secs] [Times: user=0.03 sys=0.00, real=0.02 secs] 
371.211: [GC (Allocation Failure) [PSYoungGen: 417390K->184590K(465920K)] 1371811K->1139156K(1611776K), 0.0205928 secs] [Times: user=0.03 sys=0.00, real=0.02 secs] 
372.167: [GC (Allocation Failure) [PSYoungGen: 407673K->92126K(465920K)] 1362239K->1046957K(1611776K), 0.0117838 secs] [Times: user=0.03 sys=0.00, real=0.01 secs] 
372.971: [GC (Allocation Failure) [PSYoungGen: 325086K->37813K(465920K)] 1279917K->992960K(1611776K), 0.0057131 secs] [Times: user=0.02 sys=0.00, real=0.01 secs] 
373.241: [GC (Allocation Failure) [PSYoungGen: 270773K->183658K(465920K)] 1225920K->1140051K(1611776K), 0.0205649 secs] [Times: user=0.03 sys=0.00, real=0.02 secs] 
373.526: [GC (Allocation Failure) [PSYoungGen: 416618K->184366K(465920K)] 1373011K->1141031K(1611776K), 0.0207682 secs] [Times: user=0.03 sys=0.00, real=0.02 secs] 
375.357: [GC (Allocation Failure) [PSYoungGen: 408416K->92753K(465920K)] 1365081K->1049691K(1611776K), 0.0128681 secs] [Times: user=0.02 sys=0.01, real=0.01 secs] 
376.917: [GC (Allocation Failure) [PSYoungGen: 325713K->37556K(465920K)] 1282651K->994796K(1611776K), 0.0074146 secs] [Times: user=0.02 sys=0.00, real=0.00 secs] 
377.219: [GC (Allocation Failure) [PSYoungGen: 270516K->184430K(465920K)] 1227756K->1142924K(1611776K), 0.0207504 secs] [Times: user=0.03 sys=0.00, real=0.02 secs] 
377.504: [GC (Allocation Failure) [PSYoungGen: 417390K->184590K(465920K)] 1375884K->1143358K(1611776K), 0.0205783 secs] [Times: user=0.03 sys=0.00, real=0.03 secs] 
379.906: [GC (Allocation Failure) [PSYoungGen: 407612K->92110K(465920K)] 1366379K->1051022K(1611776K), 0.0202260 secs] [Times: user=0.05 sys=0.00, real=0.02 secs] 
381.407: [GC (Allocation Failure) [PSYoungGen: 325070K->37716K(465920K)] 1283982K->996938K(1611776K), 0.0057179 secs] [Times: user=0.01 sys=0.00, real=0.00 secs] 
381.677: [GC (Allocation Failure) [PSYoungGen: 270676K->184494K(465920K)] 1229898K->1144969K(1611776K), 0.0205820 secs] [Times: user=0.03 sys=0.00, real=0.02 secs] 
381.974: [GC (Allocation Failure) [PSYoungGen: 417454K->184558K(465920K)] 1377929K->1145322K(1611776K), 0.0208651 secs] [Times: user=0.03 sys=0.00, real=0.03 secs] 
383.204: [GC (Allocation Failure) [PSYoungGen: 407613K->92014K(465920K)] 1368377K->1053051K(1611776K), 0.0198805 secs] [Times: user=0.05 sys=0.00, real=0.02 secs] 
384.505: [GC (Allocation Failure) [PSYoungGen: 324974K->37716K(465920K)] 1286011K->999054K(1611776K), 0.0070862 secs] [Times: user=0.01 sys=0.00, real=0.01 secs] 
384.786: [GC (Allocation Failure) [PSYoungGen: 270676K->184687K(465920K)] 1232014K->1147270K(1611776K), 0.0208328 secs] [Times: user=0.03 sys=0.00, real=0.02 secs] 
385.070: [GC (Allocation Failure) [PSYoungGen: 417647K->183658K(465920K)] 1380230K->1146515K(1611776K), 0.0204340 secs] [Times: user=0.03 sys=0.00, real=0.02 secs] 
386.399: [GC (Allocation Failure) [PSYoungGen: 409075K->92624K(465920K)] 1371931K->1055753K(1611776K), 0.0129404 secs] [Times: user=0.03 sys=0.00, real=0.01 secs] 
388.448: [GC (Allocation Failure) [PSYoungGen: 325584K->37427K(465920K)] 1288713K->1000854K(1611776K), 0.0078542 secs] [Times: user=0.02 sys=0.00, real=0.01 secs] 
388.754: [GC (Allocation Failure) [PSYoungGen: 270387K->184398K(465920K)] 1233814K->1149207K(1611776K), 0.0207829 secs] [Times: user=0.03 sys=0.00, real=0.02 secs] 
389.044: [GC (Allocation Failure) [PSYoungGen: 417358K->184558K(465920K)] 1382167K->1149512K(1611776K), 0.0204985 secs] [Times: user=0.03 sys=0.00, real=0.03 secs] 
390.363: [GC (Allocation Failure) [PSYoungGen: 408121K->92255K(465920K)] 1373075K->1057473K(1611776K), 0.0167949 secs] [Times: user=0.04 sys=0.00, real=0.02 secs] 
392.177: [GC (Allocation Failure) [PSYoungGen: 325215K->37745K(465920K)] 1290433K->1003272K(1611776K), 0.0088196 secs] [Times: user=0.03 sys=0.00, real=0.01 secs] 
392.536: [GC (Allocation Failure) [PSYoungGen: 270705K->183787K(465920K)] 1236232K->1150575K(1611776K), 0.0206874 secs] [Times: user=0.03 sys=0.00, real=0.02 secs] 
392.883: [GC (Allocation Failure) [PSYoungGen: 416747K->184269K(465920K)] 1383535K->1151322K(1611776K), 0.0206069 secs] [Times: user=0.03 sys=0.00, real=0.02 secs] 
395.719: [GC (Allocation Failure) [PSYoungGen: 408170K->92865K(465920K)] 1375223K->1060183K(1611776K), 0.0270417 secs] [Times: user=0.06 sys=0.00, real=0.03 secs] 
397.555: [GC (Allocation Failure) [PSYoungGen: 325825K->37684K(465920K)] 1293143K->1005294K(1611776K), 0.0074946 secs] [Times: user=0.02 sys=0.00, real=0.00 secs] 
397.932: [GC (Allocation Failure) [PSYoungGen: 270644K->184398K(465920K)] 1238254K->1153261K(1611776K), 0.0210281 secs] [Times: user=0.03 sys=0.00, real=0.02 secs] 
398.216: [GC (Allocation Failure) [PSYoungGen: 417358K->184301K(465920K)] 1386221K->1153438K(1611776K), 0.0205500 secs] [Times: user=0.03 sys=0.00, real=0.02 secs] 
399.020: [GC (Allocation Failure) [PSYoungGen: 409334K->92223K(465920K)] 1378470K->1061753K(1611776K), 0.0141821 secs] [Times: user=0.03 sys=0.01, real=0.01 secs] 
401.281: [GC (Allocation Failure) [PSYoungGen: 325183K->37588K(465920K)] 1294713K->1007297K(1611776K), 0.0081306 secs] [Times: user=0.02 sys=0.00, real=0.01 secs] 
401.593: [GC (Allocation Failure) [PSYoungGen: 270548K->184687K(465920K)] 1240257K->1155642K(1611776K), 0.0213804 secs] [Times: user=0.03 sys=0.00, real=0.02 secs] 
401.935: [GC (Allocation Failure) [PSYoungGen: 417647K->184398K(465920K)] 1388602K->1155642K(1611776K), 0.0205241 secs] [Times: user=0.03 sys=0.00, real=0.03 secs] 
402.634: [GC (Allocation Failure) [PSYoungGen: 409426K->91966K(465920K)] 1380671K->1063475K(1611776K), 0.0116909 secs] [Times: user=0.03 sys=0.00, real=0.02 secs] 
403.502: [GC (Allocation Failure) [PSYoungGen: 324926K->37941K(465920K)] 1296435K->1009748K(1611776K), 0.0058214 secs] [Times: user=0.02 sys=0.00, real=0.01 secs] 
403.772: [GC (Allocation Failure) [PSYoungGen: 270901K->184847K(465920K)] 1242708K->1157908K(1611776K), 0.0207490 secs] [Times: user=0.03 sys=0.00, real=0.02 secs] 
404.057: [GC (Allocation Failure) [PSYoungGen: 417807K->184590K(465920K)] 1390868K->1157924K(1611776K), 0.0204801 secs] [Times: user=0.03 sys=0.00, real=0.02 secs] 
406.236: [GC (Allocation Failure) [PSYoungGen: 406975K->91323K(465920K)] 1380309K->1064922K(1611776K), 0.0125549 secs] [Times: user=0.03 sys=0.00, real=0.01 secs] 
407.049: [GC (Allocation Failure) [PSYoungGen: 324283K->37973K(465920K)] 1297882K->1011880K(1611776K), 0.0057957 secs] [Times: user=0.01 sys=0.00, real=0.00 secs] 
407.320: [GC (Allocation Failure) [PSYoungGen: 270933K->184751K(465920K)] 1244840K->1159911K(1611776K), 0.0206497 secs] [Times: user=0.03 sys=0.00, real=0.02 secs] 
407.604: [GC (Allocation Failure) [PSYoungGen: 417711K->184462K(465920K)] 1392871K->1159895K(1611776K), 0.0205172 secs] [Times: user=0.02 sys=0.00, real=0.02 secs] 
409.675: [GC (Allocation Failure) [PSYoungGen: 406913K->91564K(465920K)] 1382347K->1067270K(1611776K), 0.0199578 secs] [Times: user=0.05 sys=0.00, real=0.02 secs] 
411.217: [GC (Allocation Failure) [PSYoungGen: 324524K->38070K(465920K)] 1300230K->1014074K(1611776K), 0.0060184 secs] [Times: user=0.01 sys=0.00, real=0.00 secs] 
411.487: [GC (Allocation Failure) [PSYoungGen: 271030K->184751K(465920K)] 1247034K->1162137K(1611776K), 0.0211871 secs] [Times: user=0.03 sys=0.00, real=0.02 secs] 
411.775: [GC (Allocation Failure) [PSYoungGen: 417711K->184687K(465920K)] 1395097K->1162225K(1611776K), 0.0206732 secs] [Times: user=0.03 sys=0.00, real=0.02 secs] 
413.248: [GC (Allocation Failure) [PSYoungGen: 407088K->91210K(465920K)] 1384627K->1069014K(1611776K), 0.0139046 secs] [Times: user=0.03 sys=0.00, real=0.01 secs] 
414.086: [GC (Allocation Failure) [PSYoungGen: 324170K->37877K(465920K)] 1301974K->1015986K(1611776K), 0.0057856 secs] [Times: user=0.02 sys=0.00, real=0.00 secs] 
414.355: [GC (Allocation Failure) [PSYoungGen: 270837K->183819K(465920K)] 1248946K->1163182K(1611776K), 0.0206045 secs] [Times: user=0.03 sys=0.00, real=0.02 secs] 
414.645: [GC (Allocation Failure) [PSYoungGen: 416779K->184430K(465920K)] 1396142K->1164066K(1611776K), 0.0204940 secs] [Times: user=0.03 sys=0.00, real=0.02 secs] 
415.721: [GC (Allocation Failure) [PSYoungGen: 408232K->92624K(465920K)] 1387869K->1072533K(1611776K), 0.0251776 secs] [Times: user=0.05 sys=0.00, real=0.03 secs] 
416.548: [GC (Allocation Failure) [PSYoungGen: 325584K->38102K(465920K)] 1305493K->1018317K(1611776K), 0.0059427 secs] [Times: user=0.01 sys=0.00, real=0.00 secs] 
416.872: [GC (Allocation Failure) [PSYoungGen: 271062K->184462K(465920K)] 1251277K->1165930K(1611776K), 0.0210504 secs] [Times: user=0.03 sys=0.00, real=0.02 secs] 
417.156: [GC (Allocation Failure) [PSYoungGen: 417422K->184365K(465920K)] 1398890K->1166107K(1611776K), 0.0207650 secs] [Times: user=0.03 sys=0.00, real=0.02 secs] 
418.131: [GC (Allocation Failure) [PSYoungGen: 409401K->91805K(465920K)] 1391142K->1073940K(1611776K), 0.0131612 secs] [Times: user=0.02 sys=0.00, real=0.01 secs] 
418.924: [GC (Allocation Failure) [PSYoungGen: 324765K->37973K(465920K)] 1306900K->1020302K(1611776K), 0.0058278 secs] [Times: user=0.01 sys=0.00, real=0.01 secs] 
419.195: [GC (Allocation Failure) [PSYoungGen: 270933K->184847K(465920K)] 1253262K->1168429K(1611776K), 0.0208475 secs] [Times: user=0.03 sys=0.00, real=0.02 secs] 
419.486: [GC (Allocation Failure) [PSYoungGen: 417807K->184655K(465920K)] 1401389K->1168510K(1611776K), 0.0206996 secs] [Times: user=0.03 sys=0.00, real=0.02 secs] 
420.099: [GC (Allocation Failure) [PSYoungGen: 406597K->91194K(465920K)] 1390452K->1075315K(1611776K), 0.0110530 secs] [Times: user=0.02 sys=0.00, real=0.01 secs] 
420.924: [GC (Allocation Failure) [PSYoungGen: 324154K->37941K(465920K)] 1308275K->1022383K(1611776K), 0.0059460 secs] [Times: user=0.02 sys=0.00, real=0.01 secs] 
421.192: [GC (Allocation Failure) [PSYoungGen: 270901K->183690K(465920K)] 1255343K->1169386K(1611776K), 0.0206215 secs] [Times: user=0.03 sys=0.00, real=0.02 secs] 
421.479: [GC (Allocation Failure) [PSYoungGen: 416650K->184462K(465920K)] 1402346K->1170422K(1611776K), 0.0206795 secs] [Times: user=0.03 sys=0.00, real=0.02 secs] 
422.866: [GC (Allocation Failure) [PSYoungGen: 409891K->92576K(465920K)] 1395852K->1078818K(1611776K), 0.0226752 secs] [Times: user=0.04 sys=0.00, real=0.02 secs] 
424.506: [GC (Allocation Failure) [PSYoungGen: 325536K->37813K(465920K)] 1311778K->1024360K(1611776K), 0.0069597 secs] [Times: user=0.02 sys=0.00, real=0.00 secs] 
424.783: [GC (Allocation Failure) [PSYoungGen: 270773K->183916K(465920K)] 1257320K->1171716K(1611776K), 0.0208587 secs] [Times: user=0.02 sys=0.00, real=0.02 secs] 
425.127: [GC (Allocation Failure) [PSYoungGen: 416876K->184398K(465920K)] 1404676K->1172472K(1611776K), 0.0208617 secs] [Times: user=0.03 sys=0.00, real=0.02 secs] 
428.250: [GC (Allocation Failure) [PSYoungGen: 408047K->92512K(465920K)] 1396121K->1080851K(1611776K), 0.0224241 secs] [Times: user=0.05 sys=0.00, real=0.02 secs] 
430.104: [GC (Allocation Failure) [PSYoungGen: 325472K->38070K(465920K)] 1313811K->1026717K(1611776K), 0.0069082 secs] [Times: user=0.02 sys=0.00, real=0.01 secs] 
430.382: [GC (Allocation Failure) [PSYoungGen: 271030K->183819K(465920K)] 1259677K->1173720K(1611776K), 0.0207098 secs] [Times: user=0.03 sys=0.00, real=0.02 secs] 
430.730: [GC (Allocation Failure) [PSYoungGen: 416779K->184333K(465920K)] 1406680K->1174507K(1611776K), 0.0212539 secs] [Times: user=0.03 sys=0.00, real=0.02 secs] 
432.112: [GC (Allocation Failure) [PSYoungGen: 408121K->92528K(465920K)] 1398294K->1082974K(1611776K), 0.0197781 secs] [Times: user=0.05 sys=0.00, real=0.02 secs] 
433.968: [GC (Allocation Failure) [PSYoungGen: 325488K->37845K(465920K)] 1315934K->1028607K(1611776K), 0.0089503 secs] [Times: user=0.02 sys=0.00, real=0.01 secs] 
434.295: [GC (Allocation Failure) [PSYoungGen: 270805K->184462K(465920K)] 1261567K->1176599K(1611776K), 0.0205712 secs] [Times: user=0.02 sys=0.00, real=0.02 secs] 
434.586: [GC (Allocation Failure) [PSYoungGen: 417422K->184494K(465920K)] 1409559K->1176768K(1611776K), 0.0206728 secs] [Times: user=0.03 sys=0.00, real=0.02 secs] 
436.872: [GC (Allocation Failure) [PSYoungGen: 407039K->91853K(465920K)] 1399313K->1084392K(1611776K), 0.0268436 secs] [Times: user=0.05 sys=0.01, real=0.03 secs] 
438.214: [GC (Allocation Failure) [PSYoungGen: 324813K->37941K(465920K)] 1317352K->1030777K(1611776K), 0.0075568 secs] [Times: user=0.02 sys=0.00, real=0.01 secs] 
438.510: [GC (Allocation Failure) [PSYoungGen: 270901K->184462K(465920K)] 1263737K->1178551K(1611776K), 0.0208065 secs] [Times: user=0.03 sys=0.01, real=0.02 secs] 
438.847: [GC (Allocation Failure) [PSYoungGen: 417422K->184333K(465920K)] 1411511K->1178696K(1611776K), 0.0208617 secs] [Times: user=0.03 sys=0.00, real=0.02 secs] 
439.501: [GC (Allocation Failure) [PSYoungGen: 409368K->92046K(465920K)] 1403731K->1086810K(1611776K), 0.0112362 secs] [Times: user=0.02 sys=0.00, real=0.01 secs] 
440.810: [GC (Allocation Failure) [PSYoungGen: 325006K->37813K(465920K)] 1319770K->1032738K(1611776K), 0.0075232 secs] [Times: user=0.02 sys=0.00, real=0.01 secs] 
441.109: [GC (Allocation Failure) [PSYoungGen: 270773K->184719K(465920K)] 1265698K->1181018K(1611776K), 0.0205713 secs] [Times: user=0.02 sys=0.00, real=0.02 secs] 
441.466: [GC (Allocation Failure) [PSYoungGen: 417679K->184526K(465920K)] 1413978K->1180978K(1611776K), 0.0205977 secs] [Times: user=0.02 sys=0.00, real=0.02 secs] 
442.679: [GC (Allocation Failure) [PSYoungGen: 407091K->91725K(465920K)] 1403544K->1088466K(1611776K), 0.0157178 secs] [Times: user=0.04 sys=0.00, real=0.01 secs] 
443.911: [GC (Allocation Failure) [PSYoungGen: 324685K->37845K(465920K)] 1321426K->1034886K(1611776K), 0.0076838 secs] [Times: user=0.02 sys=0.00, real=0.01 secs] 
444.286: [GC (Allocation Failure) [PSYoungGen: 270805K->184976K(465920K)] 1267846K->1183271K(1611776K), 0.0211109 secs] [Times: user=0.03 sys=0.00, real=0.02 secs] 
444.634: [GC (Allocation Failure) [PSYoungGen: 417936K->184301K(465920K)] 1416231K->1182877K(1611776K), 0.0206755 secs] [Times: user=0.03 sys=0.00, real=0.03 secs] 
446.002: [GC (Allocation Failure) [PSYoungGen: 407143K->91628K(465920K)] 1405719K->1090606K(1611776K), 0.0166586 secs] [Times: user=0.03 sys=0.00, real=0.02 secs] 
448.221: [GC (Allocation Failure) [PSYoungGen: 324588K->37684K(465920K)] 1323566K->1036831K(1611776K), 0.0074751 secs] [Times: user=0.02 sys=0.00, real=0.01 secs] 
448.521: [GC (Allocation Failure) [PSYoungGen: 270644K->184719K(465920K)] 1269791K->1185111K(1611776K), 0.0205901 secs] [Times: user=0.03 sys=0.00, real=0.02 secs] 
448.866: [GC (Allocation Failure) [PSYoungGen: 417679K->184751K(465920K)] 1418071K->1185553K(1611776K), 0.0206367 secs] [Times: user=0.03 sys=0.00, real=0.02 secs] 
450.374: [GC (Allocation Failure) [PSYoungGen: 407441K->91596K(465920K)] 1408243K->1092663K(1611776K), 0.0210312 secs] [Times: user=0.04 sys=0.00, real=0.03 secs] 
452.284: [GC (Allocation Failure) [PSYoungGen: 324556K->37877K(465920K)] 1325623K->1039115K(1611776K), 0.0081707 secs] [Times: user=0.02 sys=0.00, real=0.01 secs] 
452.665: [GC (Allocation Failure) [PSYoungGen: 270837K->183819K(465920K)] 1272075K->1186319K(1611776K), 0.0208057 secs] [Times: user=0.03 sys=0.00, real=0.02 secs] 
452.949: [GC (Allocation Failure) [PSYoungGen: 416779K->184366K(465920K)] 1419279K->1187139K(1611776K), 0.0207584 secs] [Times: user=0.03 sys=0.00, real=0.02 secs] 
453.771: [GC (Allocation Failure) [PSYoungGen: 409586K->92608K(465920K)] 1412359K->1095647K(1611776K), 0.0154607 secs] [Times: user=0.03 sys=0.01, real=0.02 secs] 
455.358: [GC (Allocation Failure) [PSYoungGen: 325568K->37941K(465920K)] 1328607K->1041285K(1611776K), 0.0068658 secs] [Times: user=0.02 sys=0.00, real=0.01 secs] 
455.645: [GC (Allocation Failure) [PSYoungGen: 270901K->184751K(465920K)] 1274245K->1189348K(1611776K), 0.0208886 secs] [Times: user=0.03 sys=0.00, real=0.02 secs] 
455.932: [GC (Allocation Failure) [PSYoungGen: 417711K->184751K(465920K)] 1422308K->1189758K(1611776K), 0.0207905 secs] [Times: user=0.03 sys=0.00, real=0.02 secs] 
457.161: [GC (Allocation Failure) [PSYoungGen: 407180K->91355K(465920K)] 1412187K->1096627K(1611776K), 0.0255883 secs] [Times: user=0.05 sys=0.00, real=0.03 secs] 
459.099: [GC (Allocation Failure) [PSYoungGen: 324315K->37684K(465920K)] 1329587K->1043134K(1611776K), 0.0083250 secs] [Times: user=0.02 sys=0.00, real=0.01 secs] 
459.419: [GC (Allocation Failure) [PSYoungGen: 270644K->184751K(465920K)] 1276094K->1191454K(1611776K), 0.0210026 secs] [Times: user=0.03 sys=0.00, real=0.02 secs] 
459.703: [GC (Allocation Failure) [PSYoungGen: 417711K->184623K(465920K)] 1424414K->1191599K(1611776K), 0.0206354 secs] [Times: user=0.03 sys=0.00, real=0.02 secs] 
460.544: [GC (Allocation Failure) [PSYoungGen: 407171K->91612K(465920K)] 1414147K->1098853K(1611776K), 0.0126780 secs] [Times: user=0.02 sys=0.00, real=0.02 secs] 
461.402: [GC (Allocation Failure) [PSYoungGen: 324572K->37973K(465920K)] 1331813K->1045531K(1611776K), 0.0058269 secs] [Times: user=0.02 sys=0.00, real=0.01 secs] 
461.738: [GC (Allocation Failure) [PSYoungGen: 270933K->183851K(465920K)] 1278491K->1192662K(1611776K), 0.0208032 secs] [Times: user=0.03 sys=0.00, real=0.02 secs] 
462.023: [GC (Allocation Failure) [PSYoungGen: 416811K->184687K(465920K)] 1425622K->1193787K(1611776K), 0.0206436 secs] [Times: user=0.03 sys=0.00, real=0.02 secs] 
462.679: [GC (Allocation Failure) [PSYoungGen: 410097K->92255K(465920K)] 1419197K->1101620K(1611776K), 0.0129963 secs] [Times: user=0.03 sys=0.00, real=0.01 secs] 
463.628: [GC (Allocation Failure) [PSYoungGen: 325215K->38070K(465920K)] 1334580K->1047743K(1611776K), 0.0069630 secs] [Times: user=0.02 sys=0.00, real=0.01 secs] 
463.912: [GC (Allocation Failure) [PSYoungGen: 271030K->184687K(465920K)] 1280703K->1195613K(1611776K), 0.0207116 secs] [Times: user=0.03 sys=0.00, real=0.02 secs] 
464.199: [GC (Allocation Failure) [PSYoungGen: 417647K->184430K(465920K)] 1428573K->1195629K(1611776K), 0.0208548 secs] [Times: user=0.03 sys=0.00, real=0.02 secs] 
465.838: [GC (Allocation Failure) [PSYoungGen: 406881K->91467K(465920K)] 1418081K->1102932K(1611776K), 0.0110685 secs] [Times: user=0.03 sys=0.00, real=0.01 secs] 
467.546: [GC (Allocation Failure) [PSYoungGen: 324427K->37684K(465920K)] 1335892K->1049473K(1611776K), 0.0078308 secs] [Times: user=0.01 sys=0.01, real=0.00 secs] 
467.846: [GC (Allocation Failure) [PSYoungGen: 270644K->184655K(465920K)] 1282433K->1197689K(1611776K), 0.0205542 secs] [Times: user=0.03 sys=0.00, real=0.02 secs] 
468.130: [GC (Allocation Failure) [PSYoungGen: 417615K->184430K(465920K)] 1430649K->1197745K(1611776K), 0.0207057 secs] [Times: user=0.03 sys=0.00, real=0.02 secs] 
469.643: [GC (Allocation Failure) [PSYoungGen: 409464K->91869K(465920K)] 1422780K->1105450K(1611776K), 0.0203041 secs] [Times: user=0.05 sys=0.00, real=0.02 secs] 
472.052: [GC (Allocation Failure) [PSYoungGen: 324829K->37617K(465920K)] 1338410K->1051505K(1611776K), 0.0085560 secs] [Times: user=0.03 sys=0.00, real=0.01 secs] 
472.375: [GC (Allocation Failure) [PSYoungGen: 270577K->184430K(465920K)] 1284465K->1199580K(1611776K), 0.0207372 secs] [Times: user=0.03 sys=0.00, real=0.03 secs] 
472.665: [GC (Allocation Failure) [PSYoungGen: 417390K->184687K(465920K)] 1432540K->1200110K(1611776K), 0.0207291 secs] [Times: user=0.03 sys=0.00, real=0.02 secs] 
473.821: [GC (Allocation Failure) [PSYoungGen: 407641K->92014K(465920K)] 1423064K->1107702K(1611776K), 0.0127994 secs] [Times: user=0.03 sys=0.00, real=0.01 secs] 
475.380: [GC (Allocation Failure) [PSYoungGen: 324974K->37491K(465920K)] 1340662K->1053495K(1611776K), 0.0071486 secs] [Times: user=0.02 sys=0.00, real=0.01 secs] 
475.667: [GC (Allocation Failure) [PSYoungGen: 270451K->184430K(465920K)] 1286455K->1201808K(1611776K), 0.0205682 secs] [Times: user=0.03 sys=0.00, real=0.02 secs] 
475.953: [GC (Allocation Failure) [PSYoungGen: 417390K->184558K(465920K)] 1434768K->1202089K(1611776K), 0.0208424 secs] [Times: user=0.03 sys=0.00, real=0.02 secs] 
477.335: [GC (Allocation Failure) [PSYoungGen: 408122K->92223K(465920K)] 1425653K->1110018K(1611776K), 0.0202373 secs] [Times: user=0.05 sys=0.00, real=0.02 secs] 
479.933: [GC (Allocation Failure) [PSYoungGen: 325183K->37909K(465920K)] 1342978K->1056021K(1611776K), 0.0082135 secs] [Times: user=0.02 sys=0.00, real=0.01 secs] 
480.246: [GC (Allocation Failure) [PSYoungGen: 270869K->184430K(465920K)] 1288981K->1203916K(1611776K), 0.0207175 secs] [Times: user=0.03 sys=0.00, real=0.02 secs] 
480.532: [GC (Allocation Failure) [PSYoungGen: 417390K->184590K(465920K)] 1436876K->1204221K(1611776K), 0.0206598 secs] [Times: user=0.03 sys=0.00, real=0.02 secs] 
481.147: [GC (Allocation Failure) [PSYoungGen: 407130K->91853K(465920K)] 1426760K->1111757K(1611776K), 0.0114006 secs] [Times: user=0.02 sys=0.00, real=0.01 secs] 
481.969: [GC (Allocation Failure) [PSYoungGen: 324813K->37938K(465920K)] 1344717K->1058166K(1611776K), 0.0060079 secs] [Times: user=0.02 sys=0.00, real=0.00 secs] 
482.304: [GC (Allocation Failure) [PSYoungGen: 270898K->184912K(465920K)] 1291126K->1206393K(1611776K), 0.0206399 secs] [Times: user=0.03 sys=0.00, real=0.02 secs] 
482.591: [GC (Allocation Failure) [PSYoungGen: 417872K->184205K(465920K)] 1439353K->1205959K(1611776K), 0.0205184 secs] [Times: user=0.03 sys=0.00, real=0.02 secs] 
483.202: [GC (Allocation Failure) [PSYoungGen: 407043K->91741K(465920K)] 1428798K->1113760K(1611776K), 0.0127269 secs] [Times: user=0.03 sys=0.01, real=0.01 secs] 
484.057: [GC (Allocation Failure) [PSYoungGen: 324701K->37813K(465920K)] 1346720K->1060138K(1611776K), 0.0058576 secs] [Times: user=0.02 sys=0.00, real=0.00 secs] 
484.330: [GC (Allocation Failure) [PSYoungGen: 270773K->183658K(465920K)] 1293098K->1207229K(1611776K), 0.0224608 secs] [Times: user=0.03 sys=0.00, real=0.02 secs] 
484.705: [GC (Allocation Failure) [PSYoungGen: 416618K->184526K(465920K)] 1440189K->1208370K(1611776K), 0.0206894 secs] [Times: user=0.03 sys=0.00, real=0.02 secs] 
485.364: [GC (Allocation Failure) [PSYoungGen: 409967K->92656K(465920K)] 1433811K->1116773K(1611776K), 0.0132087 secs] [Times: user=0.03 sys=0.01, real=0.02 secs] 
486.651: [GC (Allocation Failure) [PSYoungGen: 325616K->37427K(465920K)] 1349733K->1061850K(1611776K), 0.0074618 secs] [Times: user=0.02 sys=0.00, real=0.01 secs] 
486.939: [GC (Allocation Failure) [PSYoungGen: 270387K->184012K(465920K)] 1294810K->1209680K(1611776K), 0.0207104 secs] [Times: user=0.03 sys=0.00, real=0.02 secs] 
487.225: [GC (Allocation Failure) [PSYoungGen: 416972K->184880K(465920K)] 1442640K->1210813K(1611776K), 0.0208034 secs] [Times: user=0.03 sys=0.00, real=0.03 secs] 
488.104: [GC (Allocation Failure) [PSYoungGen: 410200K->92303K(465920K)] 1436133K->1118637K(1611776K), 0.0132320 secs] [Times: user=0.03 sys=0.00, real=0.02 secs] 
489.335: [GC (Allocation Failure) [PSYoungGen: 325263K->37716K(465920K)] 1351597K->1064230K(1611776K), 0.0097641 secs] [Times: user=0.03 sys=0.00, real=0.01 secs] 
489.688: [GC (Allocation Failure) [PSYoungGen: 270676K->184173K(465920K)] 1297190K->1211925K(1611776K), 0.0205729 secs] [Times: user=0.03 sys=0.00, real=0.02 secs] 
490.034: [GC (Allocation Failure) [PSYoungGen: 417133K->184494K(465920K)] 1444885K->1212648K(1611776K), 0.0207650 secs] [Times: user=0.03 sys=0.00, real=0.02 secs] 
490.796: [GC (Allocation Failure) [PSYoungGen: 409642K->92255K(465920K)] 1437795K->1120545K(1611776K), 0.0124240 secs] [Times: user=0.02 sys=0.00, real=0.01 secs] 
491.606: [GC (Allocation Failure) [PSYoungGen: 325215K->37973K(465920K)] 1353505K->1066571K(1611776K), 0.0058790 secs] [Times: user=0.02 sys=0.00, real=0.00 secs] 
491.878: [GC (Allocation Failure) [PSYoungGen: 270933K->184815K(465920K)] 1299531K->1214675K(1611776K), 0.0208412 secs] [Times: user=0.03 sys=0.00, real=0.02 secs] 
492.221: [GC (Allocation Failure) [PSYoungGen: 417775K->184687K(465920K)] 1447635K->1214948K(1611776K), 0.0208647 secs] [Times: user=0.03 sys=0.00, real=0.02 secs] 
494.327: [GC (Allocation Failure) [PSYoungGen: 407107K->91242K(465920K)] 1437368K->1121640K(1611776K), 0.0267480 secs] [Times: user=0.07 sys=0.00, real=0.02 secs] 
495.587: [GC (Allocation Failure) [PSYoungGen: 324202K->37973K(465920K)] 1354600K->1068671K(1611776K), 0.0086620 secs] [Times: user=0.02 sys=0.00, real=0.01 secs] 
495.912: [GC (Allocation Failure) [PSYoungGen: 270933K->183626K(465920K)] 1301631K->1215562K(1611776K), 0.0224085 secs] [Times: user=0.04 sys=0.00, real=0.02 secs] 
496.239: [GC (Allocation Failure) [PSYoungGen: 416586K->184558K(465920K)] 1448522K->1216766K(1611776K), 0.0209536 secs] [Times: user=0.03 sys=0.00, real=0.02 secs] 
497.186: [GC (Allocation Failure) [PSYoungGen: 408362K->92480K(465920K)] 1440570K->1124953K(1611776K), 0.0125609 secs] [Times: user=0.03 sys=0.00, real=0.01 secs] 
498.159: [GC (Allocation Failure) [PSYoungGen: 325440K->37973K(465920K)] 1357913K->1070763K(1611776K), 0.0058746 secs] [Times: user=0.01 sys=0.00, real=0.00 secs] 
498.486: [GC (Allocation Failure) [PSYoungGen: 270933K->184912K(465920K)] 1303723K->1218939K(1611776K), 0.0207515 secs] [Times: user=0.03 sys=0.00, real=0.02 secs] 
498.771: [GC (Allocation Failure) [PSYoungGen: 417872K->184301K(465920K)] 1451899K->1218601K(1611776K), 0.0208018 secs] [Times: user=0.03 sys=0.00, real=0.02 secs] 
500.186: [GC (Allocation Failure) [PSYoungGen: 407151K->91484K(465920K)] 1441451K->1126177K(1611776K), 0.0170336 secs] [Times: user=0.03 sys=0.00, real=0.01 secs] 
502.484: [GC (Allocation Failure) [PSYoungGen: 324444K->37713K(465920K)] 1359137K->1072578K(1611776K), 0.0085183 secs] [Times: user=0.02 sys=0.00, real=0.01 secs] 
502.872: [GC (Allocation Failure) [PSYoungGen: 270673K->184687K(465920K)] 1305538K->1220797K(1611776K), 0.0208381 secs] [Times: user=0.03 sys=0.00, real=0.02 secs] 
503.158: [GC (Allocation Failure) [PSYoungGen: 417647K->184687K(465920K)] 1453757K->1221199K(1611776K), 0.0210395 secs] [Times: user=0.03 sys=0.00, real=0.02 secs] 
504.403: [GC (Allocation Failure) [PSYoungGen: 407379K->91580K(465920K)] 1443891K->1128357K(1611776K), 0.0190321 secs] [Times: user=0.04 sys=0.00, real=0.02 secs] 
505.294: [GC (Allocation Failure) [PSYoungGen: 324540K->38230K(465920K)] 1361317K->1075176K(1611776K), 0.0059368 secs] [Times: user=0.02 sys=0.00, real=0.01 secs] 
505.568: [GC (Allocation Failure) [PSYoungGen: 271190K->184687K(465920K)] 1308136K->1222878K(1611776K), 0.0207069 secs] [Times: user=0.03 sys=0.00, real=0.02 secs] 
505.858: [GC (Allocation Failure) [PSYoungGen: 417647K->184655K(465920K)] 1455838K->1223120K(1611776K), 0.0207190 secs] [Times: user=0.03 sys=0.00, real=0.02 secs] 
507.844: [GC (Allocation Failure) [PSYoungGen: 406946K->91066K(465920K)] 1445411K->1129796K(1611776K), 0.0176394 secs] [Times: user=0.04 sys=0.00, real=0.02 secs] 
509.013: [GC (Allocation Failure) [PSYoungGen: 324026K->37973K(465920K)] 1362756K->1077013K(1611776K), 0.0059105 secs] [Times: user=0.01 sys=0.00, real=0.01 secs] 
509.286: [GC (Allocation Failure) [PSYoungGen: 270933K->184655K(465920K)] 1309973K->1224932K(1611776K), 0.0208959 secs] [Times: user=0.03 sys=0.01, real=0.02 secs] 
509.574: [GC (Allocation Failure) [PSYoungGen: 417615K->184687K(465920K)] 1457892K->1225237K(1611776K), 0.0210552 secs] [Times: user=0.03 sys=0.00, real=0.03 secs] 
511.660: [GC (Allocation Failure) [PSYoungGen: 407267K->91323K(465920K)] 1447818K->1132139K(1611776K), 0.0169646 secs] [Times: user=0.04 sys=0.00, real=0.02 secs] 
513.930: [GC (Allocation Failure) [PSYoungGen: 324283K->37331K(465920K)] 1365099K->1078454K(1611776K), 0.0081723 secs] [Times: user=0.02 sys=0.00, real=0.01 secs] 
514.308: [GC (Allocation Failure) [PSYoungGen: 270291K->184944K(465920K)] 1311414K->1227313K(1611776K), 0.0209062 secs] [Times: user=0.03 sys=0.00, real=0.02 secs] 
514.594: [GC (Allocation Failure) [PSYoungGen: 417904K->183755K(465920K)] 1460273K->1226389K(1611776K), 0.0208947 secs] [Times: user=0.03 sys=0.00, real=0.03 secs] 
516.421: [GC (Allocation Failure) [PSYoungGen: 409176K->92656K(465920K)] 1451810K->1135700K(1611776K), 0.0173048 secs] [Times: user=0.04 sys=0.00, real=0.02 secs] 
518.120: [GC (Allocation Failure) [PSYoungGen: 325616K->37556K(465920K)] 1368660K->1080779K(1611776K), 0.0072446 secs] [Times: user=0.02 sys=0.00, real=0.01 secs] 
518.477: [GC (Allocation Failure) [PSYoungGen: 270516K->184526K(465920K)] 1313739K->1228995K(1611776K), 0.0208962 secs] [Times: user=0.03 sys=0.00, real=0.02 secs] 
518.772: [GC (Allocation Failure) [PSYoungGen: 417486K->184655K(465920K)] 1461955K->1229397K(1611776K), 0.0208960 secs] [Times: user=0.03 sys=0.00, real=0.02 secs] 
520.172: [GC (Allocation Failure) [PSYoungGen: 409661K->91837K(465920K)] 1454403K->1136973K(1611776K), 0.0171961 secs] [Times: user=0.04 sys=0.00, real=0.02 secs] 
522.062: [GC (Allocation Failure) [PSYoungGen: 324797K->37620K(465920K)] 1369933K->1082949K(1611776K), 0.0075383 secs] [Times: user=0.02 sys=0.00, real=0.01 secs] 
522.365: [GC (Allocation Failure) [PSYoungGen: 270580K->184783K(465920K)] 1315909K->1231350K(1611776K), 0.0207562 secs] [Times: user=0.03 sys=0.00, real=0.02 secs] 
522.654: [GC (Allocation Failure) [PSYoungGen: 417743K->184687K(465920K)] 1464310K->1231655K(1611776K), 0.0207771 secs] [Times: user=0.03 sys=0.00, real=0.03 secs] 
523.279: [GC (Allocation Failure) [PSYoungGen: 407237K->83420K(465920K)] 1454205K->1130541K(1611776K), 0.0111800 secs] [Times: user=0.02 sys=0.00, real=0.01 secs] 
524.615: [GC (Allocation Failure) [PSYoungGen: 316380K->37684K(465920K)] 1363501K->1085127K(1611776K), 0.0101794 secs] [Times: user=0.02 sys=0.00, real=0.01 secs] 
524.960: [GC (Allocation Failure) [PSYoungGen: 270644K->183787K(465920K)] 1318087K->1232467K(1611776K), 0.0209174 secs] [Times: user=0.03 sys=0.00, real=0.02 secs] 
525.248: [GC (Allocation Failure) [PSYoungGen: 416747K->184687K(465920K)] 1465427K->1233648K(1611776K), 0.0208007 secs] [Times: user=0.03 sys=0.00, real=0.02 secs] 
526.719: [GC (Allocation Failure) [PSYoungGen: 410095K->92560K(465920K)] 1459056K->1141794K(1611776K), 0.0171182 secs] [Times: user=0.04 sys=0.00, real=0.02 secs] 
528.624: [GC (Allocation Failure) [PSYoungGen: 325520K->37588K(465920K)] 1374754K->1087146K(1611776K), 0.0076588 secs] [Times: user=0.02 sys=0.00, real=0.01 secs] 
528.924: [GC (Allocation Failure) [PSYoungGen: 270548K->184526K(465920K)] 1320106K->1235466K(1611776K), 0.0218871 secs] [Times: user=0.03 sys=0.00, real=0.03 secs] 
529.277: [GC (Allocation Failure) [PSYoungGen: 417486K->184687K(465920K)] 1468426K->1235772K(1611776K), 0.0209627 secs] [Times: user=0.03 sys=0.00, real=0.02 secs] 
530.035: [GC (Allocation Failure) [PSYoungGen: 407253K->91869K(465920K)] 1458338K->1143219K(1611776K), 0.0129446 secs] [Times: user=0.03 sys=0.00, real=0.01 secs] 
531.380: [GC (Allocation Failure) [PSYoungGen: 324829K->37588K(465920K)] 1376179K->1089238K(1611776K), 0.0071758 secs] [Times: user=0.02 sys=0.00, real=0.01 secs] 
531.660: [GC (Allocation Failure) [PSYoungGen: 270548K->183883K(465920K)] 1322198K->1236787K(1611776K), 0.0208500 secs] [Times: user=0.03 sys=0.00, real=0.02 secs] 
532.002: [GC (Allocation Failure) [PSYoungGen: 416843K->184398K(465920K)] 1469747K->1237719K(1611776K), 0.0208879 secs] [Times: user=0.03 sys=0.01, real=0.02 secs] 
533.679: [GC (Allocation Failure) [PSYoungGen: 409501K->92945K(465920K)] 1462823K->1146539K(1611776K), 0.0204394 secs] [Times: user=0.05 sys=0.00, real=0.02 secs] 
535.555: [GC (Allocation Failure) [PSYoungGen: 325905K->37845K(465920K)] 1379499K->1091624K(1611776K), 0.0120257 secs] [Times: user=0.03 sys=0.00, real=0.01 secs] 
535.880: [GC (Allocation Failure) [PSYoungGen: 270805K->183948K(465920K)] 1324584K->1238981K(1611776K), 0.0208355 secs] [Times: user=0.03 sys=0.00, real=0.02 secs] 
536.167: [GC (Allocation Failure) [PSYoungGen: 416908K->184430K(465920K)] 1471941K->1239864K(1611776K), 0.0211188 secs] [Times: user=0.03 sys=0.00, real=0.02 secs] 
537.826: [GC (Allocation Failure) [PSYoungGen: 408030K->92528K(465920K)] 1463464K->1148115K(1611776K), 0.0172104 secs] [Times: user=0.04 sys=0.00, real=0.01 secs] 
539.455: [GC (Allocation Failure) [PSYoungGen: 325488K->37684K(465920K)] 1381075K->1093577K(1611776K), 0.0071579 secs] [Times: user=0.01 sys=0.00, real=0.00 secs] 
539.744: [GC (Allocation Failure) [PSYoungGen: 270644K->184462K(465920K)] 1326537K->1241737K(1611776K), 0.0209399 secs] [Times: user=0.03 sys=0.00, real=0.02 secs] 
540.031: [GC (Allocation Failure) [PSYoungGen: 417422K->184590K(465920K)] 1474697K->1242018K(1611776K), 0.0209313 secs] [Times: user=0.03 sys=0.00, real=0.02 secs] 
540.683: [GC (Allocation Failure) [PSYoungGen: 407644K->92046K(465920K)] 1465072K->1149746K(1611776K), 0.0118340 secs] [Times: user=0.02 sys=0.00, real=0.01 secs] 
541.649: [GC (Allocation Failure) [PSYoungGen: 325006K->37845K(465920K)] 1382706K->1095859K(1611776K), 0.0069125 secs] [Times: user=0.02 sys=0.00, real=0.01 secs] 
541.971: [GC (Allocation Failure) [PSYoungGen: 270805K->183626K(465920K)] 1328819K->1242886K(1611776K), 0.0210313 secs] [Times: user=0.03 sys=0.00, real=0.02 secs] 
542.259: [GC (Allocation Failure) [PSYoungGen: 416586K->184558K(465920K)] 1475846K->1244091K(1611776K), 0.0214225 secs] [Times: user=0.03 sys=0.00, real=0.02 secs] 
542.928: [GC (Allocation Failure) [PSYoungGen: 409863K->92656K(465920K)] 1469395K->1152583K(1611776K), 0.0131580 secs] [Times: user=0.02 sys=0.00, real=0.01 secs] 
543.752: [GC (Allocation Failure) [PSYoungGen: 325616K->37973K(465920K)] 1385543K->1098077K(1611776K), 0.0060307 secs] [Times: user=0.02 sys=0.00, real=0.01 secs] 
544.080: [GC (Allocation Failure) [PSYoungGen: 270933K->184590K(465920K)] 1331037K->1246068K(1611776K), 0.0208849 secs] [Times: user=0.03 sys=0.00, real=0.02 secs] 
544.365: [GC (Allocation Failure) [PSYoungGen: 417550K->184623K(465920K)] 1479028K->1246245K(1611776K), 0.0208480 secs] [Times: user=0.03 sys=0.00, real=0.02 secs] 
546.555: [GC (Allocation Failure) [PSYoungGen: 407195K->91499K(465920K)] 1468817K->1153395K(1611776K), 0.0177833 secs] [Times: user=0.04 sys=0.00, real=0.01 secs] 
548.036: [GC (Allocation Failure) [PSYoungGen: 324459K->37684K(465920K)] 1386355K->1099877K(1611776K), 0.0074594 secs] [Times: user=0.02 sys=0.00, real=0.00 secs] 
548.330: [GC (Allocation Failure) [PSYoungGen: 270644K->183819K(465920K)] 1332837K->1247258K(1611776K), 0.0207514 secs] [Times: user=0.03 sys=0.00, real=0.02 secs] 
548.615: [GC (Allocation Failure) [PSYoungGen: 416779K->184366K(465920K)] 1480218K->1248077K(1611776K), 0.0207801 secs] [Times: user=0.03 sys=0.00, real=0.02 secs] 
550.995: [GC (Allocation Failure) [PSYoungGen: 409602K->92737K(465920K)] 1473313K->1156714K(1611776K), 0.0169413 secs] [Times: user=0.04 sys=0.00, real=0.02 secs] 
551.989: [GC (Allocation Failure) [PSYoungGen: 325697K->37973K(465920K)] 1389674K->1102258K(1611776K), 0.0058869 secs] [Times: user=0.02 sys=0.00, real=0.00 secs] 
552.259: [GC (Allocation Failure) [PSYoungGen: 270933K->184590K(465920K)] 1335218K->1250265K(1611776K), 0.0209743 secs] [Times: user=0.03 sys=0.00, real=0.02 secs] 
552.544: [GC (Allocation Failure) [PSYoungGen: 417550K->184430K(465920K)] 1483225K->1250249K(1611776K), 0.0207891 secs] [Times: user=0.03 sys=0.00, real=0.03 secs] 
554.089: [GC (Allocation Failure) [PSYoungGen: 407174K->91789K(465920K)] 1472993K->1157881K(1611776K), 0.0235811 secs] [Times: user=0.05 sys=0.00, real=0.02 secs] 
555.779: [GC (Allocation Failure) [PSYoungGen: 324749K->37716K(465920K)] 1390841K->1104124K(1611776K), 0.0104561 secs] [Times: user=0.02 sys=0.00, real=0.01 secs] 
556.137: [GC (Allocation Failure) [PSYoungGen: 270676K->184719K(465920K)] 1337084K->1252373K(1611776K), 0.0213540 secs] [Times: user=0.03 sys=0.00, real=0.02 secs] 
556.485: [GC (Allocation Failure) [PSYoungGen: 417679K->184623K(465920K)] 1485333K->1252550K(1611776K), 0.0208224 secs] [Times: user=0.03 sys=0.00, real=0.03 secs] 
558.484: [GC (Allocation Failure) [PSYoungGen: 407160K->91612K(465920K)] 1475087K->1159804K(1611776K), 0.0203279 secs] [Times: user=0.04 sys=0.01, real=0.02 secs] 
559.965: [GC (Allocation Failure) [PSYoungGen: 324572K->37845K(465920K)] 1392764K->1106353K(1611776K), 0.0101784 secs] [Times: user=0.02 sys=0.00, real=0.01 secs] 
560.303: [GC (Allocation Failure) [PSYoungGen: 270805K->183690K(465920K)] 1339313K->1253452K(1611776K), 0.0207950 secs] [Times: user=0.03 sys=0.00, real=0.02 secs] 
560.588: [GC (Allocation Failure) [PSYoungGen: 416650K->184558K(465920K)] 1486412K->1254601K(1611776K), 0.0209067 secs] [Times: user=0.03 sys=0.01, real=0.02 secs] 
562.193: [GC (Allocation Failure) [PSYoungGen: 408522K->92688K(465920K)] 1478565K->1163004K(1611776K), 0.0183641 secs] [Times: user=0.04 sys=0.00, real=0.02 secs] 
564.308: [GC (Allocation Failure) [PSYoungGen: 325648K->37684K(465920K)] 1395964K->1108318K(1611776K), 0.0092810 secs] [Times: user=0.03 sys=0.00, real=0.01 secs] 
564.634: [GC (Allocation Failure) [PSYoungGen: 270644K->184462K(465920K)] 1341278K->1256349K(1611776K), 0.0208252 secs] [Times: user=0.03 sys=0.00, real=0.03 secs] 
564.976: [GC (Allocation Failure) [PSYoungGen: 417422K->184494K(465920K)] 1489309K->1256655K(1611776K), 0.0208897 secs] [Times: user=0.03 sys=0.00, real=0.02 secs] 
565.606: [GC (Allocation Failure) [PSYoungGen: 407563K->92030K(465920K)] 1479723K->1164463K(1611776K), 0.0124972 secs] [Times: user=0.03 sys=0.00, real=0.01 secs] 
566.445: [GC (Allocation Failure) [PSYoungGen: 324990K->37845K(465920K)] 1397423K->1110586K(1611776K), 0.0059680 secs] [Times: user=0.01 sys=0.00, real=0.01 secs] 
566.716: [GC (Allocation Failure) [PSYoungGen: 270805K->183658K(465920K)] 1343546K->1257645K(1611776K), 0.0208020 secs] [Times: user=0.03 sys=0.00, real=0.02 secs] 
567.063: [GC (Allocation Failure) [PSYoungGen: 416618K->184558K(465920K)] 1490605K->1258818K(1611776K), 0.0207693 secs] [Times: user=0.03 sys=0.00, real=0.02 secs] 
568.624: [GC (Allocation Failure) [PSYoungGen: 409862K->92656K(465920K)] 1484122K->1167318K(1611776K), 0.0173499 secs] [Times: user=0.04 sys=0.00, real=0.02 secs] 
570.918: [GC (Allocation Failure) [PSYoungGen: 325616K->37845K(465920K)] 1400278K->1112686K(1611776K), 0.0086822 secs] [Times: user=0.02 sys=0.00, real=0.01 secs] 
571.274: [GC (Allocation Failure) [PSYoungGen: 270805K->184076K(465920K)] 1345646K->1260171K(1611776K), 0.0210227 secs] [Times: user=0.03 sys=0.00, real=0.03 secs] 
571.623: [GC (Allocation Failure) [PSYoungGen: 417036K->184462K(465920K)] 1493131K->1260958K(1611776K), 0.0207780 secs] [Times: user=0.03 sys=0.00, real=0.02 secs] 
572.255: [GC (Allocation Failure) [PSYoungGen: 408100K->92367K(465920K)] 1484597K->1169016K(1611776K), 0.0125045 secs] [Times: user=0.03 sys=0.00, real=0.01 secs] 
573.059: [GC (Allocation Failure) [PSYoungGen: 325327K->38002K(465920K)] 1401976K->1114957K(1611776K), 0.0059063 secs] [Times: user=0.02 sys=0.00, real=0.01 secs] 
573.330: [GC (Allocation Failure) [PSYoungGen: 270962K->184462K(465920K)] 1347917K->1262798K(1611776K), 0.0208961 secs] [Times: user=0.03 sys=0.00, real=0.02 secs] 
573.617: [GC (Allocation Failure) [PSYoungGen: 417422K->184590K(465920K)] 1495758K->1263071K(1611776K), 0.0206584 secs] [Times: user=0.03 sys=0.00, real=0.02 secs] 
574.361: [GC (Allocation Failure) [PSYoungGen: 407134K->91741K(465920K)] 1485616K->1170487K(1611776K), 0.0128345 secs] [Times: user=0.02 sys=0.00, real=0.01 secs] 
576.184: [GC (Allocation Failure) [PSYoungGen: 324701K->37427K(465920K)] 1403447K->1116473K(1611776K), 0.0076144 secs] [Times: user=0.02 sys=0.00, real=0.01 secs] 
576.555: [GC (Allocation Failure) [PSYoungGen: 270387K->184398K(465920K)] 1349433K->1264810K(1611776K), 0.0217974 secs] [Times: user=0.03 sys=0.00, real=0.02 secs] 
576.854: [GC (Allocation Failure) [PSYoungGen: 417358K->184526K(465920K)] 1497770K->1265075K(1611776K), 0.0208794 secs] [Times: user=0.03 sys=0.00, real=0.03 secs] 
578.710: [GC (Allocation Failure) [PSYoungGen: 408089K->92271K(465920K)] 1488638K->1173092K(1611776K), 0.0174192 secs] [Times: user=0.04 sys=0.00, real=0.02 secs] 
581.072: [GC (Allocation Failure) [PSYoungGen: 325231K->35403K(465920K)] 1406052K->1116524K(1611776K), 0.0074770 secs] [Times: user=0.02 sys=0.00, real=0.01 secs] 
581.371: [GC (Allocation Failure) [PSYoungGen: 268363K->184590K(465920K)] 1349484K->1266973K(1611776K), 0.0209894 secs] [Times: user=0.03 sys=0.00, real=0.02 secs] 
581.721: [GC (Allocation Failure) [PSYoungGen: 417550K->184269K(465920K)] 1499933K->1266917K(1611776K), 0.0207186 secs] [Times: user=0.03 sys=0.00, real=0.02 secs] 
582.452: [GC (Allocation Failure) [PSYoungGen: 410683K->94424K(465920K)] 1493332K->1177353K(1611776K), 0.0131380 secs] [Times: user=0.03 sys=0.00, real=0.02 secs] 
584.164: [GC (Allocation Failure) [PSYoungGen: 327384K->37427K(465920K)] 1410313K->1120665K(1611776K), 0.0081760 secs] [Times: user=0.02 sys=0.00, real=0.01 secs] 
584.473: [GC (Allocation Failure) [PSYoungGen: 270387K->184462K(465920K)] 1353625K->1268953K(1611776K), 0.0209280 secs] [Times: user=0.03 sys=0.00, real=0.02 secs] 
584.764: [GC (Allocation Failure) [PSYoungGen: 417422K->184333K(465920K)] 1501913K->1269097K(1611776K), 0.0206353 secs] [Times: user=0.03 sys=0.00, real=0.02 secs] 
585.826: [GC (Allocation Failure) [PSYoungGen: 409368K->92512K(465920K)] 1494133K->1177669K(1611776K), 0.0132256 secs] [Times: user=0.03 sys=0.00, real=0.01 secs] 
586.758: [GC (Allocation Failure) [PSYoungGen: 325472K->37941K(465920K)] 1410629K->1123270K(1611776K), 0.0071145 secs] [Times: user=0.02 sys=0.00, real=0.01 secs] 
587.046: [GC (Allocation Failure) [PSYoungGen: 270901K->184205K(465920K)] 1356230K->1270779K(1611776K), 0.0206839 secs] [Times: user=0.03 sys=0.00, real=0.02 secs] 
587.389: [GC (Allocation Failure) [PSYoungGen: 417165K->184494K(465920K)] 1503739K->1271463K(1611776K), 0.0208734 secs] [Times: user=0.03 sys=0.00, real=0.02 secs] 
588.352: [GC (Allocation Failure) [PSYoungGen: 409660K->91966K(465920K)] 1496629K->1179071K(1611776K), 0.0130596 secs] [Times: user=0.03 sys=0.00, real=0.02 secs] 
589.754: [GC (Allocation Failure) [PSYoungGen: 324926K->37427K(465920K)] 1412031K->1124838K(1611776K), 0.0060120 secs] [Times: user=0.02 sys=0.00, real=0.01 secs] 
590.087: [GC (Allocation Failure) [PSYoungGen: 270387K->184847K(465920K)] 1357798K->1273504K(1611776K), 0.0208449 secs] [Times: user=0.03 sys=0.00, real=0.02 secs] 
590.430: [GC (Allocation Failure) [PSYoungGen: 417807K->184623K(465920K)] 1506464K->1273544K(1611776K), 0.0211658 secs] [Times: user=0.03 sys=0.00, real=0.02 secs] 
591.163: [GC (Allocation Failure) [PSYoungGen: 407409K->91741K(465920K)] 1496331K->1180927K(1611776K), 0.0133070 secs] [Times: user=0.03 sys=0.00, real=0.02 secs] 
592.051: [GC (Allocation Failure) [PSYoungGen: 324701K->38005K(465920K)] 1413887K->1127500K(1611776K), 0.0060342 secs] [Times: user=0.01 sys=0.00, real=0.01 secs] 
592.322: [GC (Allocation Failure) [PSYoungGen: 270965K->184751K(465920K)] 1360460K->1275507K(1611776K), 0.0209058 secs] [Times: user=0.03 sys=0.00, real=0.02 secs] 
592.607: [GC (Allocation Failure) [PSYoungGen: 417711K->184719K(465920K)] 1508467K->1275748K(1611776K), 0.0207692 secs] [Times: user=0.03 sys=0.00, real=0.02 secs] 
593.263: [GC (Allocation Failure) [PSYoungGen: 407263K->91387K(465920K)] 1498292K->1182681K(1611776K), 0.0103359 secs] [Times: user=0.02 sys=0.00, real=0.01 secs] 
594.539: [GC (Allocation Failure) [PSYoungGen: 324347K->37684K(465920K)] 1415641K->1129308K(1611776K), 0.0100958 secs] [Times: user=0.03 sys=0.00, real=0.01 secs] 
594.944: [GC (Allocation Failure) [PSYoungGen: 270644K->184655K(465920K)] 1362268K->1277653K(1611776K), 0.0210113 secs] [Times: user=0.03 sys=0.00, real=0.02 secs] 
595.293: [GC (Allocation Failure) [PSYoungGen: 417615K->184655K(465920K)] 1510613K->1277797K(1611776K), 0.0209570 secs] [Times: user=0.03 sys=0.00, real=0.02 secs] 
595.967: [GC (Allocation Failure) [PSYoungGen: 407207K->91644K(465920K)] 1500349K->1185052K(1611776K), 0.0133245 secs] [Times: user=0.03 sys=0.00, real=0.01 secs] 
596.874: [GC (Allocation Failure) [PSYoungGen: 324604K->38005K(465920K)] 1418012K->1131731K(1611776K), 0.0082155 secs] [Times: user=0.02 sys=0.00, real=0.01 secs] 
597.161: [GC (Allocation Failure) [PSYoungGen: 270965K->183884K(465920K)] 1364691K->1278846K(1611776K), 0.0208644 secs] [Times: user=0.03 sys=0.00, real=0.02 secs] 
597.510: [GC (Allocation Failure) [PSYoungGen: 416844K->184430K(465920K)] 1511806K->1279794K(1611776K), 0.0208468 secs] [Times: user=0.03 sys=0.01, real=0.02 secs] 
598.719: [GC (Allocation Failure) [PSYoungGen: 409655K->92351K(465920K)] 1505019K->1187852K(1611776K), 0.0135649 secs] [Times: user=0.03 sys=0.00, real=0.01 secs] 
600.255: [GC (Allocation Failure) [PSYoungGen: 325311K->37556K(465920K)] 1420812K->1133362K(1611776K), 0.0073407 secs] [Times: user=0.01 sys=0.00, real=0.01 secs] 
600.543: [GC (Allocation Failure) [PSYoungGen: 270516K->184687K(465920K)] 1366322K->1281747K(1611776K), 0.0211488 secs] [Times: user=0.03 sys=0.00, real=0.02 secs] 
600.830: [GC (Allocation Failure) [PSYoungGen: 417647K->184687K(465920K)] 1514707K->1282149K(1611776K), 0.0208140 secs] [Times: user=0.03 sys=0.00, real=0.02 secs] 
603.306: [GC (Allocation Failure) [PSYoungGen: 409714K->91757K(465920K)] 1507176K->1189492K(1611776K), 0.0254982 secs] [Times: user=0.06 sys=0.00, real=0.02 secs] 
605.192: [GC (Allocation Failure) [PSYoungGen: 324717K->37842K(465920K)] 1422452K->1135748K(1611776K), 0.0104003 secs] [Times: user=0.03 sys=0.01, real=0.01 secs] 
605.602: [GC (Allocation Failure) [PSYoungGen: 270802K->184655K(465920K)] 1368708K->1283806K(1611776K), 0.0210055 secs] [Times: user=0.03 sys=0.00, real=0.02 secs] 
605.956: [GC (Allocation Failure) [PSYoungGen: 417615K->184623K(465920K)] 1516766K->1284039K(1611776K), 0.0209265 secs] [Times: user=0.03 sys=0.00, real=0.02 secs] 
607.806: [GC (Allocation Failure) [PSYoungGen: 407158K->91484K(465920K)] 1506575K->1191165K(1611776K), 0.0185019 secs] [Times: user=0.04 sys=0.01, real=0.01 secs] 
609.717: [GC (Allocation Failure) [PSYoungGen: 324444K->37877K(465920K)] 1424125K->1137875K(1611776K), 0.0078421 secs] [Times: user=0.02 sys=0.00, real=0.00 secs] 
610.020: [GC (Allocation Failure) [PSYoungGen: 270837K->184687K(465920K)] 1370835K->1286059K(1611776K), 0.0208758 secs] [Times: user=0.03 sys=0.00, real=0.02 secs] 
610.305: [GC (Allocation Failure) [PSYoungGen: 417647K->184719K(465920K)] 1519019K->1286235K(1611776K), 0.0209090 secs] [Times: user=0.03 sys=0.00, real=0.02 secs] 
611.636: [GC (Allocation Failure) [PSYoungGen: 407300K->91484K(465920K)] 1508816K->1193265K(1611776K), 0.0157498 secs] [Times: user=0.03 sys=0.00, real=0.01 secs] 
613.488: [GC (Allocation Failure) [PSYoungGen: 324444K->37748K(465920K)] 1426225K->1139846K(1611776K), 0.0077925 secs] [Times: user=0.03 sys=0.00, real=0.01 secs] 
613.785: [GC (Allocation Failure) [PSYoungGen: 270708K->183755K(465920K)] 1372806K->1287098K(1611776K), 0.0213109 secs] [Times: user=0.03 sys=0.00, real=0.02 secs] 
614.071: [GC (Allocation Failure) [PSYoungGen: 416715K->184398K(465920K)] 1520058K->1288014K(1611776K), 0.0208453 secs] [Times: user=0.03 sys=0.00, real=0.02 secs] 
615.765: [GC (Allocation Failure) [PSYoungGen: 409635K->92769K(465920K)] 1513251K->1196650K(1611776K), 0.0286362 secs] [Times: user=0.07 sys=0.00, real=0.02 secs] 
617.836: [GC (Allocation Failure) [PSYoungGen: 325729K->37556K(465920K)] 1429610K->1141745K(1611776K), 0.0076971 secs] [Times: user=0.02 sys=0.00, real=0.00 secs] 
618.137: [GC (Allocation Failure) [PSYoungGen: 270516K->183755K(465920K)] 1374705K->1289190K(1611776K), 0.0208103 secs] [Times: user=0.03 sys=0.00, real=0.02 secs] 
618.423: [GC (Allocation Failure) [PSYoungGen: 416715K->184815K(465920K)] 1522150K->1290523K(1611776K), 0.0208441 secs] [Times: user=0.03 sys=0.00, real=0.02 secs] 
619.411: [GC (Allocation Failure) [PSYoungGen: 410082K->92544K(465920K)] 1515789K->1198645K(1611776K), 0.0128599 secs] [Times: user=0.03 sys=0.00, real=0.01 secs] 
621.196: [GC (Allocation Failure) [PSYoungGen: 325504K->37556K(465920K)] 1431605K->1143829K(1611776K), 0.0083844 secs] [Times: user=0.03 sys=0.00, real=0.00 secs] 
621.512: [GC (Allocation Failure) [PSYoungGen: 270516K->184590K(465920K)] 1376789K->1292101K(1611776K), 0.0220338 secs] [Times: user=0.04 sys=0.00, real=0.02 secs] 
621.845: [GC (Allocation Failure) [PSYoungGen: 417550K->184719K(465920K)] 1525061K->1292510K(1611776K), 0.0208583 secs] [Times: user=0.03 sys=0.00, real=0.03 secs] 
622.753: [GC (Allocation Failure) [PSYoungGen: 407273K->91869K(465920K)] 1515064K->1199926K(1611776K), 0.0171799 secs] [Times: user=0.04 sys=0.00, real=0.02 secs] 
624.419: [GC (Allocation Failure) [PSYoungGen: 324829K->37813K(465920K)] 1432886K->1146175K(1611776K), 0.0082409 secs] [Times: user=0.03 sys=0.00, real=0.01 secs] 
624.730: [GC (Allocation Failure) [PSYoungGen: 270773K->184687K(465920K)] 1379135K->1294295K(1611776K), 0.0207377 secs] [Times: user=0.03 sys=0.00, real=0.02 secs] 
625.015: [GC (Allocation Failure) [PSYoungGen: 417647K->184687K(465920K)] 1527255K->1294568K(1611776K), 0.0207585 secs] [Times: user=0.03 sys=0.00, real=0.02 secs] 
627.474: [GC (Allocation Failure) [PSYoungGen: 407234K->91452K(465920K)] 1517115K->1201598K(1611776K), 0.0298833 secs] [Times: user=0.06 sys=0.00, real=0.03 secs] 
629.304: [GC (Allocation Failure) [PSYoungGen: 324412K->37813K(465920K)] 1434558K->1148264K(1611776K), 0.0077808 secs] [Times: user=0.02 sys=0.00, real=0.01 secs] 
629.595: [GC (Allocation Failure) [PSYoungGen: 270773K->183626K(465920K)] 1381224K->1295316K(1611776K), 0.0208719 secs] [Times: user=0.03 sys=0.00, real=0.03 secs] 
629.885: [GC (Allocation Failure) [PSYoungGen: 416586K->184526K(465920K)] 1528276K->1296481K(1611776K), 0.0210492 secs] [Times: user=0.03 sys=0.00, real=0.02 secs] 
630.624: [GC (Allocation Failure) [PSYoungGen: 408463K->92640K(465920K)] 1520417K->1204860K(1611776K), 0.0135642 secs] [Times: user=0.03 sys=0.00, real=0.02 secs] 
631.427: [GC (Allocation Failure) [PSYoungGen: 325600K->37813K(465920K)] 1437820K->1150338K(1611776K), 0.0061881 secs] [Times: user=0.01 sys=0.00, real=0.00 secs] 
631.701: [GC (Allocation Failure) [PSYoungGen: 270773K->184944K(465920K)] 1383298K->1298707K(1611776K), 0.0209125 secs] [Times: user=0.03 sys=0.00, real=0.02 secs] 
631.986: [GC (Allocation Failure) [PSYoungGen: 417904K->184301K(465920K)] 1531667K->1298345K(1611776K), 0.0209247 secs] [Times: user=0.03 sys=0.00, real=0.02 secs] 
633.065: [GC (Allocation Failure) [PSYoungGen: 407016K->91548K(465920K)] 1521060K->1205857K(1611776K), 0.0205653 secs] [Times: user=0.05 sys=0.00, real=0.03 secs] 
634.994: [GC (Allocation Failure) [PSYoungGen: 324508K->37845K(465920K)] 1438817K->1152454K(1611776K), 0.0084311 secs] [Times: user=0.02 sys=0.00, real=0.01 secs] 
635.307: [GC (Allocation Failure) [PSYoungGen: 270805K->184687K(465920K)] 1385414K->1300533K(1611776K), 0.0208576 secs] [Times: user=0.03 sys=0.00, real=0.02 secs] 
635.594: [GC (Allocation Failure) [PSYoungGen: 417647K->184655K(465920K)] 1533493K->1300903K(1611776K), 0.0208865 secs] [Times: user=0.03 sys=0.00, real=0.03 secs] 
637.216: [GC (Allocation Failure) [PSYoungGen: 407090K->91499K(465920K)] 1523338K->1208013K(1611776K), 0.0145628 secs] [Times: user=0.03 sys=0.00, real=0.01 secs] 
639.046: [GC (Allocation Failure) [PSYoungGen: 324459K->37845K(465920K)] 1440973K->1154545K(1611776K), 0.0087995 secs] [Times: user=0.03 sys=0.00, real=0.00 secs] 
639.441: [GC (Allocation Failure) [PSYoungGen: 270805K->184912K(465920K)] 1387505K->1302858K(1611776K), 0.0211394 secs] [Times: user=0.03 sys=0.00, real=0.02 secs] 
639.726: [GC (Allocation Failure) [PSYoungGen: 417872K->184109K(465920K)] 1535818K->1302328K(1611776K), 0.0211102 secs] [Times: user=0.03 sys=0.00, real=0.02 secs] 
640.365: [GC (Allocation Failure) [PSYoungGen: 406942K->91741K(465920K)] 1525162K->1210225K(1611776K), 0.0133815 secs] [Times: user=0.03 sys=0.00, real=0.01 secs] 
641.316: [GC (Allocation Failure) [PSYoungGen: 324701K->37845K(465920K)] 1443185K->1156651K(1611776K), 0.0060076 secs] [Times: user=0.01 sys=0.00, real=0.00 secs] 
641.665: [GC (Allocation Failure) [PSYoungGen: 270805K->183690K(465920K)] 1389611K->1303734K(1611776K), 0.0208717 secs] [Times: user=0.04 sys=0.00, real=0.02 secs] 
641.963: [GC (Allocation Failure) [PSYoungGen: 416650K->184590K(465920K)] 1536694K->1304915K(1611776K), 0.0208205 secs] [Times: user=0.03 sys=0.00, real=0.02 secs] 
644.331: [GC (Allocation Failure) [PSYoungGen: 410027K->92640K(465920K)] 1530352K->1213230K(1611776K), 0.0143925 secs] [Times: user=0.03 sys=0.00, real=0.02 secs] 
645.169: [GC (Allocation Failure) [PSYoungGen: 325600K->37973K(465920K)] 1446190K->1158871K(1611776K), 0.0060304 secs] [Times: user=0.02 sys=0.00, real=0.00 secs] 
645.439: [GC (Allocation Failure) [PSYoungGen: 270933K->184526K(465920K)] 1391831K->1306790K(1611776K), 0.0208181 secs] [Times: user=0.03 sys=0.00, real=0.02 secs] 
645.724: [GC (Allocation Failure) [PSYoungGen: 417486K->184655K(465920K)] 1539750K->1307063K(1611776K), 0.0209164 secs] [Times: user=0.04 sys=0.00, real=0.03 secs] 
646.954: [GC (Allocation Failure) [PSYoungGen: 407223K->91499K(465920K)] 1529631K->1214181K(1611776K), 0.0132080 secs] [Times: user=0.03 sys=0.00, real=0.02 secs] 
648.300: [GC (Allocation Failure) [PSYoungGen: 324459K->37713K(465920K)] 1447141K->1160716K(1611776K), 0.0099161 secs] [Times: user=0.03 sys=0.00, real=0.01 secs] 
648.697: [GC (Allocation Failure) [PSYoungGen: 270673K->183755K(465920K)] 1393676K->1307996K(1611776K), 0.0208090 secs] [Times: user=0.03 sys=0.00, real=0.02 secs] 
648.983: [GC (Allocation Failure) [PSYoungGen: 416715K->184623K(465920K)] 1540956K->1309128K(1611776K), 0.0210913 secs] [Times: user=0.03 sys=0.00, real=0.02 secs] 
650.198: [GC (Allocation Failure) [PSYoungGen: 410038K->92512K(465920K)] 1534544K->1217282K(1611776K), 0.0172249 secs] [Times: user=0.04 sys=0.00, real=0.02 secs] 
651.087: [GC (Allocation Failure) [PSYoungGen: 325472K->37973K(465920K)] 1450242K->1163044K(1611776K), 0.0070990 secs] [Times: user=0.02 sys=0.00, real=0.00 secs] 
651.451: [GC (Allocation Failure) [PSYoungGen: 270933K->184526K(465920K)] 1396004K->1310835K(1611776K), 0.0212267 secs] [Times: user=0.03 sys=0.00, real=0.02 secs] 
651.815: [GC (Allocation Failure) [PSYoungGen: 417486K->184365K(465920K)] 1543795K->1310955K(1611776K), 0.0209176 secs] [Times: user=0.03 sys=0.00, real=0.03 secs] 
653.621: [GC (Allocation Failure) [PSYoungGen: 409464K->91805K(465920K)] 1536053K->1218668K(1611776K), 0.0172664 secs] [Times: user=0.04 sys=0.00, real=0.02 secs] 
655.182: [GC (Allocation Failure) [PSYoungGen: 324765K->37745K(465920K)] 1451628K->1164916K(1611776K), 0.0083917 secs] [Times: user=0.02 sys=0.00, real=0.01 secs] 
655.493: [GC (Allocation Failure) [PSYoungGen: 270705K->184301K(465920K)] 1397876K->1312725K(1611776K), 0.0208748 secs] [Times: user=0.03 sys=0.00, real=0.02 secs] 
655.784: [GC (Allocation Failure) [PSYoungGen: 417261K->183658K(465920K)] 1545685K->1312355K(1611776K), 0.0208795 secs] [Times: user=0.03 sys=0.00, real=0.03 secs] 
657.086: [GC (Allocation Failure) [PSYoungGen: 408349K->92994K(465920K)] 1537046K->1221956K(1611776K), 0.0220541 secs] [Times: user=0.05 sys=0.01, real=0.02 secs] 
658.252: [GC (Allocation Failure) [PSYoungGen: 325954K->37941K(465920K)] 1454916K->1167227K(1611776K), 0.0072596 secs] [Times: user=0.02 sys=0.00, real=0.01 secs] 
658.614: [GC (Allocation Failure) [PSYoungGen: 270901K->183755K(465920K)] 1400187K->1314287K(1611776K), 0.0210739 secs] [Times: user=0.03 sys=0.00, real=0.03 secs] 
658.907: [GC (Allocation Failure) [PSYoungGen: 416715K->184655K(465920K)] 1547247K->1315459K(1611776K), 0.0208055 secs] [Times: user=0.03 sys=0.00, real=0.02 secs] 
660.204: [GC (Allocation Failure) [PSYoungGen: 410095K->92191K(465920K)] 1540900K->1223260K(1611776K), 0.0211967 secs] [Times: user=0.05 sys=0.00, real=0.02 secs] 
661.713: [GC (Allocation Failure) [PSYoungGen: 325151K->37620K(465920K)] 1456220K->1168989K(1611776K), 0.0072458 secs] [Times: user=0.02 sys=0.00, real=0.01 secs] 
661.995: [GC (Allocation Failure) [PSYoungGen: 270580K->184655K(465920K)] 1401949K->1317286K(1611776K), 0.0210267 secs] [Times: user=0.03 sys=0.00, real=0.02 secs] 
662.286: [GC (Allocation Failure) [PSYoungGen: 417615K->184687K(465920K)] 1550246K->1317591K(1611776K), 0.0207430 secs] [Times: user=0.04 sys=0.00, real=0.02 secs] 
663.041: [GC (Allocation Failure) [PSYoungGen: 407499K->91789K(465920K)] 1540404K->1224958K(1611776K), 0.0130131 secs] [Times: user=0.03 sys=0.00, real=0.01 secs] 
663.911: [GC (Allocation Failure) [PSYoungGen: 324749K->37973K(465920K)] 1457918K->1171443K(1611776K), 0.0060143 secs] [Times: user=0.02 sys=0.00, real=0.01 secs] 
664.180: [GC (Allocation Failure) [PSYoungGen: 270933K->183916K(465920K)] 1404403K->1318639K(1611776K), 0.0211089 secs] [Times: user=0.04 sys=0.00, real=0.02 secs] 
664.466: [GC (Allocation Failure) [PSYoungGen: 416876K->184398K(465920K)] 1551599K->1319522K(1611776K), 0.0209130 secs] [Times: user=0.03 sys=0.00, real=0.02 secs] 
665.247: [GC (Allocation Failure) [PSYoungGen: 409625K->92351K(465920K)] 1544750K->1227613K(1611776K), 0.0128751 secs] [Times: user=0.03 sys=0.00, real=0.01 secs] 
666.285: [GC (Allocation Failure) [PSYoungGen: 325311K->37845K(465920K)] 1460573K->1173420K(1611776K), 0.0060897 secs] [Times: user=0.01 sys=0.00, real=0.00 secs] 
666.618: [GC (Allocation Failure) [PSYoungGen: 270805K->184687K(465920K)] 1406380K->1321644K(1611776K), 0.0215018 secs] [Times: user=0.03 sys=0.00, real=0.02 secs] 
666.965: [GC (Allocation Failure) [PSYoungGen: 417647K->184719K(465920K)] 1554604K->1321949K(1611776K), 0.0211752 secs] [Times: user=0.03 sys=0.00, real=0.02 secs] 
667.748: [GC (Allocation Failure) [PSYoungGen: 407280K->91499K(465920K)] 1544511K->1228882K(1611776K), 0.0128343 secs] [Times: user=0.02 sys=0.00, real=0.01 secs] 
668.614: [GC (Allocation Failure) [PSYoungGen: 324459K->37973K(465920K)] 1461842K->1175664K(1611776K), 0.0061497 secs] [Times: user=0.01 sys=0.00, real=0.01 secs] 
668.960: [GC (Allocation Failure) [PSYoungGen: 270933K->184719K(465920K)] 1408624K->1323663K(1611776K), 0.0211520 secs] [Times: user=0.03 sys=0.00, real=0.02 secs] 
669.249: [GC (Allocation Failure) [PSYoungGen: 417679K->184623K(465920K)] 1556623K->1323840K(1611776K), 0.0210782 secs] [Times: user=0.03 sys=0.00, real=0.02 secs] 
670.144: [GC (Allocation Failure) [PSYoungGen: 407171K->91403K(465920K)] 1546389K->1230894K(1611776K), 0.0134971 secs] [Times: user=0.03 sys=0.00, real=0.02 secs] 
671.086: [GC (Allocation Failure) [PSYoungGen: 324363K->37941K(465920K)] 1463854K->1177748K(1611776K), 0.0061126 secs] [Times: user=0.02 sys=0.00, real=0.00 secs] 
671.355: [GC (Allocation Failure) [PSYoungGen: 270901K->183948K(465920K)] 1410708K->1325008K(1611776K), 0.0208791 secs] [Times: user=0.03 sys=0.00, real=0.02 secs] 
671.702: [GC (Allocation Failure) [PSYoungGen: 416908K->184462K(465920K)] 1557968K->1325795K(1611776K), 0.0212478 secs] [Times: user=0.04 sys=0.00, real=0.02 secs] 
672.852: [GC (Allocation Failure) [PSYoungGen: 409665K->92399K(465920K)] 1550998K->1234030K(1611776K), 0.0157744 secs] [Times: user=0.04 sys=0.00, real=0.02 secs] 
674.607: [GC (Allocation Failure) [PSYoungGen: 325359K->37556K(465920K)] 1466990K->1179492K(1611776K), 0.0083794 secs] [Times: user=0.02 sys=0.00, real=0.01 secs] 
674.915: [GC (Allocation Failure) [PSYoungGen: 270516K->184719K(465920K)] 1412452K->1327908K(1611776K), 0.0210783 secs] [Times: user=0.03 sys=0.00, real=0.03 secs] 
675.205: [GC (Allocation Failure) [PSYoungGen: 417679K->184655K(465920K)] 1560868K->1328117K(1611776K), 0.0210211 secs] [Times: user=0.03 sys=0.00, real=0.02 secs] 
676.292: [GC (Allocation Failure) [PSYoungGen: 407474K->91741K(465920K)] 1550936K->1235468K(1611776K), 0.0286744 secs] [Times: user=0.07 sys=0.00, real=0.03 secs] 
677.258: [GC (Allocation Failure) [PSYoungGen: 324701K->38070K(465920K)] 1468428K->1182111K(1611776K), 0.0062752 secs] [Times: user=0.02 sys=0.00, real=0.00 secs] 
677.529: [GC (Allocation Failure) [PSYoungGen: 271030K->184173K(465920K)] 1415071K->1329468K(1611776K), 0.0208032 secs] [Times: user=0.03 sys=0.00, real=0.02 secs] 
677.550: [Full GC (Ergonomics) [PSYoungGen: 184173K->0K(465920K)] [ParOldGen: 1145295K->549358K(1092096K)] 1329468K->549358K(1558016K), [Metaspace: 55123K->55115K(1099776K)], 0.0608762 secs] [Times: user=0.26 sys=0.01, real=0.06 secs] 
677.927: [GC (Allocation Failure) [PSYoungGen: 232960K->184558K(465920K)] 782318K->733917K(1558016K), 0.0200000 secs] [Times: user=0.03 sys=0.00, real=0.02 secs] 
678.622: [GC (Allocation Failure) [PSYoungGen: 407159K->91837K(465920K)] 956518K->641365K(1558016K), 0.0116490 secs] [Times: user=0.02 sys=0.00, real=0.01 secs] 
679.515: [GC (Allocation Failure) [PSYoungGen: 324797K->37941K(465920K)] 874325K->587774K(1558016K), 0.0057086 secs] [Times: user=0.02 sys=0.00, real=0.00 secs] 
679.784: [GC (Allocation Failure) [PSYoungGen: 270901K->183819K(465920K)] 820734K->734906K(1558016K), 0.0202080 secs] [Times: user=0.03 sys=0.00, real=0.02 secs] 
680.068: [GC (Allocation Failure) [PSYoungGen: 416779K->184333K(465920K)] 967866K->735822K(1558016K), 0.0201396 secs] [Times: user=0.02 sys=0.00, real=0.02 secs] 
680.767: [GC (Allocation Failure) [PSYoungGen: 408153K->92608K(465920K)] 959641K->644233K(1558016K), 0.0112170 secs] [Times: user=0.02 sys=0.00, real=0.01 secs] 
682.034: [GC (Allocation Failure) [PSYoungGen: 325568K->37877K(465920K)] 877193K->589815K(1558016K), 0.0066863 secs] [Times: user=0.01 sys=0.00, real=0.01 secs] 
682.397: [GC (Allocation Failure) [PSYoungGen: 270837K->184430K(465920K)] 822775K->737630K(1558016K), 0.0201711 secs] [Times: user=0.03 sys=0.00, real=0.02 secs] 
682.685: [GC (Allocation Failure) [PSYoungGen: 417390K->184269K(465920K)] 970590K->737742K(1558016K), 0.0201509 secs] [Times: user=0.03 sys=0.00, real=0.02 secs] 
684.638: [GC (Allocation Failure) [PSYoungGen: 409309K->92142K(465920K)] 962783K->646009K(1558016K), 0.0118936 secs] [Times: user=0.02 sys=0.00, real=0.01 secs] 
686.195: [GC (Allocation Failure) [PSYoungGen: 325102K->37684K(465920K)] 878969K->591728K(1558016K), 0.0073209 secs] [Times: user=0.02 sys=0.00, real=0.01 secs] 
686.575: [GC (Allocation Failure) [PSYoungGen: 270644K->184687K(465920K)] 824688K->740113K(1558016K), 0.0208615 secs] [Times: user=0.03 sys=0.00, real=0.02 secs] 
686.867: [GC (Allocation Failure) [PSYoungGen: 417647K->184687K(465920K)] 973073K->740265K(1558016K), 0.0203667 secs] [Times: user=0.02 sys=0.00, real=0.02 secs] 
687.521: [GC (Allocation Failure) [PSYoungGen: 407233K->91580K(465920K)] 962812K->647424K(1558016K), 0.0120454 secs] [Times: user=0.02 sys=0.00, real=0.01 secs] 
688.398: [GC (Allocation Failure) [PSYoungGen: 324540K->38037K(465920K)] 880384K->594191K(1558016K), 0.0053662 secs] [Times: user=0.02 sys=0.00, real=0.00 secs] 
688.725: [GC (Allocation Failure) [PSYoungGen: 270997K->183916K(465920K)] 827151K->741315K(1558016K), 0.0202425 secs] [Times: user=0.02 sys=0.00, real=0.02 secs] 
689.073: [GC (Allocation Failure) [PSYoungGen: 416876K->184430K(465920K)] 974275K->742231K(1558016K), 0.0201925 secs] [Times: user=0.02 sys=0.00, real=0.02 secs] 
690.570: [GC (Allocation Failure) [PSYoungGen: 409658K->92319K(465920K)] 967459K->650257K(1558016K), 0.0155207 secs] [Times: user=0.03 sys=0.00, real=0.02 secs] 
692.806: [GC (Allocation Failure) [PSYoungGen: 325279K->35660K(465920K)] 883217K->593905K(1558016K), 0.0077341 secs] [Times: user=0.02 sys=0.00, real=0.00 secs] 
693.131: [GC (Allocation Failure) [PSYoungGen: 268620K->184205K(465920K)] 826865K->743703K(1558016K), 0.0201855 secs] [Times: user=0.03 sys=0.00, real=0.02 secs] 
693.413: [GC (Allocation Failure) [PSYoungGen: 417165K->183852K(465920K)] 976663K->743623K(1558016K), 0.0199597 secs] [Times: user=0.02 sys=0.00, real=0.02 secs] 
694.054: [GC (Allocation Failure) [PSYoungGen: 410932K->94954K(465920K)] 970704K->655119K(1558016K), 0.0119783 secs] [Times: user=0.02 sys=0.00, real=0.02 secs] 
695.045: [GC (Allocation Failure) [PSYoungGen: 327914K->38005K(465920K)] 888079K->598334K(1558016K), 0.0053653 secs] [Times: user=0.01 sys=0.00, real=0.00 secs] 
695.381: [GC (Allocation Failure) [PSYoungGen: 270965K->184173K(465920K)] 831294K->745755K(1558016K), 0.0201342 secs] [Times: user=0.02 sys=0.00, real=0.02 secs] 
695.666: [GC (Allocation Failure) [PSYoungGen: 417133K->184815K(465920K)] 978715K->746679K(1558016K), 0.0203017 secs] [Times: user=0.03 sys=0.00, real=0.02 secs] 
697.143: [GC (Allocation Failure) [PSYoungGen: 407616K->91709K(465920K)] 969480K->653837K(1558016K), 0.0194706 secs] [Times: user=0.04 sys=0.00, real=0.02 secs] 
699.231: [GC (Allocation Failure) [PSYoungGen: 324669K->37713K(465920K)] 886797K->600149K(1558016K), 0.0075720 secs] [Times: user=0.02 sys=0.00, real=0.01 secs] 
699.545: [GC (Allocation Failure) [PSYoungGen: 270673K->184269K(465920K)] 833109K->748071K(1558016K), 0.0261732 secs] [Times: user=0.04 sys=0.00, real=0.02 secs] 
699.939: [GC (Allocation Failure) [PSYoungGen: 417229K->184494K(465920K)] 981031K->748441K(1558016K), 0.0201878 secs] [Times: user=0.02 sys=0.00, real=0.02 secs] 
700.845: [GC (Allocation Failure) [PSYoungGen: 409649K->92126K(465920K)] 973596K->656338K(1558016K), 0.0120258 secs] [Times: user=0.03 sys=0.00, real=0.02 secs] 
702.433: [GC (Allocation Failure) [PSYoungGen: 325086K->36559K(465920K)] 889298K->601085K(1558016K), 0.0060518 secs] [Times: user=0.02 sys=0.00, real=0.01 secs] 
702.714: [GC (Allocation Failure) [PSYoungGen: 269519K->183787K(465920K)] 834045K->749574K(1558016K), 0.0200808 secs] [Times: user=0.03 sys=0.00, real=0.02 secs] 
703.003: [GC (Allocation Failure) [PSYoungGen: 416747K->183916K(465920K)] 982534K->749976K(1558016K), 0.0200765 secs] [Times: user=0.03 sys=0.00, real=0.02 secs] 
704.301: [GC (Allocation Failure) [PSYoungGen: 410215K->94440K(465920K)] 976276K->660765K(1558016K), 0.0138188 secs] [Times: user=0.02 sys=0.00, real=0.02 secs] 
706.217: [GC (Allocation Failure) [PSYoungGen: 327400K->37716K(465920K)] 893725K->604339K(1558016K), 0.0066476 secs] [Times: user=0.02 sys=0.00, real=0.00 secs] 
706.519: [GC (Allocation Failure) [PSYoungGen: 270676K->184976K(465920K)] 837299K->752844K(1558016K), 0.0201923 secs] [Times: user=0.03 sys=0.00, real=0.02 secs] 
706.865: [GC (Allocation Failure) [PSYoungGen: 417936K->184719K(465920K)] 985804K->752997K(1558016K), 0.0204742 secs] [Times: user=0.02 sys=0.00, real=0.03 secs] 
708.116: [GC (Allocation Failure) [PSYoungGen: 406601K->91323K(465920K)] 974879K->659738K(1558016K), 0.0230455 secs] [Times: user=0.04 sys=0.00, real=0.02 secs] 
709.839: [GC (Allocation Failure) [PSYoungGen: 324283K->37684K(465920K)] 892698K->606404K(1558016K), 0.0068732 secs] [Times: user=0.02 sys=0.00, real=0.01 secs] 
710.143: [GC (Allocation Failure) [PSYoungGen: 270644K->184687K(465920K)] 839364K->754653K(1558016K), 0.0201863 secs] [Times: user=0.02 sys=0.00, real=0.02 secs] 
710.430: [GC (Allocation Failure) [PSYoungGen: 417647K->186422K(465920K)] 987613K->756661K(1558016K), 0.0204394 secs] [Times: user=0.02 sys=0.00, real=0.02 secs] 
711.487: [GC (Allocation Failure) [PSYoungGen: 409104K->89813K(465920K)] 979343K->660317K(1558016K), 0.0115542 secs] [Times: user=0.02 sys=0.00, real=0.01 secs] 
713.035: [GC (Allocation Failure) [PSYoungGen: 322773K->37331K(465920K)] 893277K->608156K(1558016K), 0.0064453 secs] [Times: user=0.02 sys=0.00, real=0.01 secs] 
713.315: [GC (Allocation Failure) [PSYoungGen: 270291K->184462K(465920K)] 841116K->756533K(1558016K), 0.0201947 secs] [Times: user=0.03 sys=0.00, real=0.02 secs] 
713.651: [GC (Allocation Failure) [PSYoungGen: 417422K->184333K(465920K)] 989493K->756686K(1558016K), 0.0202669 secs] [Times: user=0.03 sys=0.00, real=0.02 secs] 
715.350: [GC (Allocation Failure) [PSYoungGen: 409362K->92592K(465920K)] 981715K->665338K(1558016K), 0.0204962 secs] [Times: user=0.04 sys=0.00, real=0.02 secs] 
716.881: [GC (Allocation Failure) [PSYoungGen: 325552K->38005K(465920K)] 898298K->610938K(1558016K), 0.0054041 secs] [Times: user=0.01 sys=0.00, real=0.01 secs] 
717.155: [GC (Allocation Failure) [PSYoungGen: 270965K->184719K(465920K)] 843898K->759026K(1558016K), 0.0202334 secs] [Times: user=0.03 sys=0.00, real=0.02 secs] 
717.447: [GC (Allocation Failure) [PSYoungGen: 417679K->184655K(465920K)] 991986K->759235K(1558016K), 0.0203870 secs] [Times: user=0.03 sys=0.00, real=0.02 secs] 
718.884: [GC (Allocation Failure) [PSYoungGen: 407088K->91323K(465920K)] 981668K->666168K(1558016K), 0.0143364 secs] [Times: user=0.03 sys=0.00, real=0.02 secs] 
720.849: [GC (Allocation Failure) [PSYoungGen: 324283K->37556K(465920K)] 899128K->612594K(1558016K), 0.0071183 secs] [Times: user=0.02 sys=0.00, real=0.01 secs] 
721.153: [GC (Allocation Failure) [PSYoungGen: 270516K->183626K(465920K)] 845554K->759911K(1558016K), 0.0204843 secs] [Times: user=0.02 sys=0.00, real=0.02 secs] 
721.507: [GC (Allocation Failure) [PSYoungGen: 416586K->184205K(465920K)] 992871K->760778K(1558016K), 0.0209799 secs] [Times: user=0.03 sys=0.00, real=0.02 secs] 
722.790: [GC (Allocation Failure) [PSYoungGen: 409439K->93299K(465920K)] 986013K->670161K(1558016K), 0.0202798 secs] [Times: user=0.04 sys=0.00, real=0.02 secs] 
724.564: [GC (Allocation Failure) [PSYoungGen: 326259K->37713K(465920K)] 903121K->614885K(1558016K), 0.0066506 secs] [Times: user=0.02 sys=0.00, real=0.01 secs] 
724.855: [GC (Allocation Failure) [PSYoungGen: 270673K->184687K(465920K)] 847845K->763112K(1558016K), 0.0202368 secs] [Times: user=0.02 sys=0.00, real=0.02 secs] 
725.145: [GC (Allocation Failure) [PSYoungGen: 417647K->184655K(465920K)] 996072K->763482K(1558016K), 0.0201342 secs] [Times: user=0.02 sys=0.00, real=0.02 secs] 
725.908: [GC (Allocation Failure) [PSYoungGen: 407345K->91612K(465920K)] 986172K->670704K(1558016K), 0.0111906 secs] [Times: user=0.03 sys=0.00, real=0.01 secs] 
727.400: [GC (Allocation Failure) [PSYoungGen: 324572K->37842K(465920K)] 903664K->617115K(1558016K), 0.0081525 secs] [Times: user=0.02 sys=0.00, real=0.01 secs] 
727.807: [GC (Allocation Failure) [PSYoungGen: 270802K->184687K(465920K)] 850075K->765342K(1558016K), 0.0203643 secs] [Times: user=0.02 sys=0.00, real=0.02 secs] 
728.092: [GC (Allocation Failure) [PSYoungGen: 417647K->184719K(465920K)] 998302K->765527K(1558016K), 0.0202077 secs] [Times: user=0.03 sys=0.00, real=0.02 secs] 
729.452: [GC (Allocation Failure) [PSYoungGen: 407275K->91420K(465920K)] 988083K->672493K(1558016K), 0.0189784 secs] [Times: user=0.03 sys=0.00, real=0.02 secs] 
731.089: [GC (Allocation Failure) [PSYoungGen: 324380K->37813K(465920K)] 905453K->619191K(1558016K), 0.0074173 secs] [Times: user=0.02 sys=0.00, real=0.01 secs] 
731.473: [GC (Allocation Failure) [PSYoungGen: 270773K->184526K(465920K)] 852151K->767158K(1558016K), 0.0203094 secs] [Times: user=0.02 sys=0.00, real=0.02 secs] 
731.758: [GC (Allocation Failure) [PSYoungGen: 417486K->184783K(465920K)] 1000118K->767705K(1558016K), 0.0204311 secs] [Times: user=0.03 sys=0.00, real=0.02 secs] 
733.482: [GC (Allocation Failure) [PSYoungGen: 407443K->91612K(465920K)] 990364K->674927K(1558016K), 0.0169986 secs] [Times: user=0.03 sys=0.00, real=0.02 secs] 
734.452: [GC (Allocation Failure) [PSYoungGen: 324572K->38070K(465920K)] 907887K->621562K(1558016K), 0.0061453 secs] [Times: user=0.01 sys=0.00, real=0.01 secs] 
734.728: [GC (Allocation Failure) [PSYoungGen: 271030K->184719K(465920K)] 854522K->769593K(1558016K), 0.0202054 secs] [Times: user=0.03 sys=0.00, real=0.02 secs] 
735.016: [GC (Allocation Failure) [PSYoungGen: 417679K->184687K(465920K)] 1002553K->769714K(1558016K), 0.0202521 secs] [Times: user=0.03 sys=0.00, real=0.02 secs] 
736.158: [GC (Allocation Failure) [PSYoungGen: 407108K->91210K(465920K)] 992135K->676510K(1558016K), 0.0196813 secs] [Times: user=0.04 sys=0.00, real=0.02 secs] 
737.630: [GC (Allocation Failure) [PSYoungGen: 324170K->37845K(465920K)] 909470K->623450K(1558016K), 0.0063208 secs] [Times: user=0.01 sys=0.00, real=0.01 secs] 
737.906: [GC (Allocation Failure) [PSYoungGen: 270805K->183787K(465920K)] 856410K->770638K(1558016K), 0.0200547 secs] [Times: user=0.03 sys=0.00, real=0.02 secs] 
738.191: [GC (Allocation Failure) [PSYoungGen: 416747K->184430K(465920K)] 1003598K->771562K(1558016K), 0.0200411 secs] [Times: user=0.02 sys=0.00, real=0.02 secs] 
741.576: [GC (Allocation Failure) [PSYoungGen: 409890K->92624K(465920K)] 997023K->680030K(1558016K), 0.0187752 secs] [Times: user=0.04 sys=0.00, real=0.01 secs] 
743.603: [GC (Allocation Failure) [PSYoungGen: 325584K->37842K(465920K)] 912990K->625563K(1558016K), 0.0075784 secs] [Times: user=0.02 sys=0.00, real=0.01 secs] 
743.921: [GC (Allocation Failure) [PSYoungGen: 270802K->184687K(465920K)] 858523K->773782K(1558016K), 0.0203623 secs] [Times: user=0.03 sys=0.00, real=0.02 secs] 
744.206: [GC (Allocation Failure) [PSYoungGen: 417647K->184687K(465920K)] 1006742K->773926K(1558016K), 0.0200665 secs] [Times: user=0.02 sys=0.00, real=0.02 secs] 
745.391: [GC (Allocation Failure) [PSYoungGen: 407240K->91516K(465920K)] 996480K->681020K(1558016K), 0.0195501 secs] [Times: user=0.04 sys=0.00, real=0.02 secs] 
747.023: [GC (Allocation Failure) [PSYoungGen: 324476K->37842K(465920K)] 913980K->627648K(1558016K), 0.0069627 secs] [Times: user=0.02 sys=0.00, real=0.01 secs] 
747.324: [GC (Allocation Failure) [PSYoungGen: 270802K->183787K(465920K)] 860608K->774847K(1558016K), 0.0202912 secs] [Times: user=0.03 sys=0.00, real=0.02 secs] 
747.608: [GC (Allocation Failure) [PSYoungGen: 416747K->184719K(465920K)] 1007807K->776060K(1558016K), 0.0202253 secs] [Times: user=0.02 sys=0.00, real=0.02 secs] 
749.381: [GC (Allocation Failure) [PSYoungGen: 410132K->92415K(465920K)] 1001473K->684021K(1558016K), 0.0146126 secs] [Times: user=0.03 sys=0.00, real=0.02 secs] 
752.581: [GC (Allocation Failure) [PSYoungGen: 325375K->37202K(465920K)] 916981K->629122K(1558016K), 0.0081134 secs] [Times: user=0.02 sys=0.00, real=0.01 secs] 
752.910: [GC (Allocation Failure) [PSYoungGen: 270162K->184173K(465920K)] 862082K->777354K(1558016K), 0.0200288 secs] [Times: user=0.02 sys=0.00, real=0.02 secs] 
753.195: [GC (Allocation Failure) [PSYoungGen: 417133K->184558K(465920K)] 1010314K->778021K(1558016K), 0.0201216 secs] [Times: user=0.03 sys=0.00, real=0.02 secs] 
753.855: [GC (Allocation Failure) [PSYoungGen: 408265K->92769K(465920K)] 1001728K->686496K(1558016K), 0.0113948 secs] [Times: user=0.02 sys=0.00, real=0.01 secs] 
755.254: [GC (Allocation Failure) [PSYoungGen: 325729K->37845K(465920K)] 919456K->631870K(1558016K), 0.0066284 secs] [Times: user=0.02 sys=0.00, real=0.01 secs] 
755.625: [GC (Allocation Failure) [PSYoungGen: 270805K->184462K(465920K)] 864830K->779725K(1558016K), 0.0202931 secs] [Times: user=0.02 sys=0.00, real=0.02 secs] 
755.908: [GC (Allocation Failure) [PSYoungGen: 417422K->184301K(465920K)] 1012685K->779837K(1558016K), 0.0202081 secs] [Times: user=0.03 sys=0.00, real=0.02 secs] 
756.600: [GC (Allocation Failure) [PSYoungGen: 409338K->92126K(465920K)] 1004874K->688056K(1558016K), 0.0121657 secs] [Times: user=0.02 sys=0.00, real=0.01 secs] 
758.051: [GC (Allocation Failure) [PSYoungGen: 325086K->37556K(465920K)] 921016K->633678K(1558016K), 0.0068394 secs] [Times: user=0.01 sys=0.00, real=0.01 secs] 
758.341: [GC (Allocation Failure) [PSYoungGen: 270516K->184847K(465920K)] 866638K->782216K(1558016K), 0.0202634 secs] [Times: user=0.03 sys=0.00, real=0.02 secs] 
758.630: [GC (Allocation Failure) [PSYoungGen: 417807K->184687K(465920K)] 1015176K->782465K(1558016K), 0.0202468 secs] [Times: user=0.03 sys=0.00, real=0.02 secs] 
759.240: [GC (Allocation Failure) [PSYoungGen: 407234K->91596K(465920K)] 1005012K->689518K(1558016K), 0.0106115 secs] [Times: user=0.02 sys=0.00, real=0.01 secs] 
760.257: [GC (Allocation Failure) [PSYoungGen: 324556K->37877K(465920K)] 922478K->636113K(1558016K), 0.0055919 secs] [Times: user=0.02 sys=0.00, real=0.00 secs] 
760.526: [GC (Allocation Failure) [PSYoungGen: 270837K->183787K(465920K)] 869073K->783277K(1558016K), 0.0201583 secs] [Times: user=0.03 sys=0.00, real=0.02 secs] 
760.811: [GC (Allocation Failure) [PSYoungGen: 416747K->184719K(465920K)] 1016237K->784481K(1558016K), 0.0201578 secs] [Times: user=0.03 sys=0.00, real=0.02 secs] 
761.926: [GC (Allocation Failure) [PSYoungGen: 410241K->92383K(465920K)] 1010004K->692419K(1558016K), 0.0254135 secs] [Times: user=0.08 sys=0.01, real=0.02 secs] 
762.818: [GC (Allocation Failure) [PSYoungGen: 325343K->38166K(465920K)] 925379K->638520K(1558016K), 0.0054142 secs] [Times: user=0.01 sys=0.00, real=0.00 secs] 
763.087: [GC (Allocation Failure) [PSYoungGen: 271126K->184687K(465920K)] 871480K->786294K(1558016K), 0.0202606 secs] [Times: user=0.03 sys=0.00, real=0.02 secs] 
763.372: [GC (Allocation Failure) [PSYoungGen: 417647K->184719K(465920K)] 1019254K->786736K(1558016K), 0.0202059 secs] [Times: user=0.03 sys=0.00, real=0.02 secs] 
764.864: [GC (Allocation Failure) [PSYoungGen: 407160K->91226K(465920K)] 1009177K->693509K(1558016K), 0.0205429 secs] [Times: user=0.04 sys=0.00, real=0.02 secs] 
767.311: [GC (Allocation Failure) [PSYoungGen: 324186K->37813K(465920K)] 926469K->640272K(1558016K), 0.0082179 secs] [Times: user=0.02 sys=0.00, real=0.01 secs] 
767.706: [GC (Allocation Failure) [PSYoungGen: 270773K->183819K(465920K)] 873232K->787524K(1558016K), 0.0208089 secs] [Times: user=0.03 sys=0.00, real=0.02 secs] 
768.050: [GC (Allocation Failure) [PSYoungGen: 416779K->184751K(465920K)] 1020484K->788737K(1558016K), 0.0202556 secs] [Times: user=0.02 sys=0.00, real=0.02 secs] 
770.246: [GC (Allocation Failure) [PSYoungGen: 410163K->92383K(465920K)] 1014149K->696634K(1558016K), 0.0129115 secs] [Times: user=0.02 sys=0.00, real=0.01 secs] 
771.762: [GC (Allocation Failure) [PSYoungGen: 325343K->37488K(465920K)] 929594K->642039K(1558016K), 0.0090786 secs] [Times: user=0.02 sys=0.00, real=0.01 secs] 
772.115: [GC (Allocation Failure) [PSYoungGen: 270448K->184847K(465920K)] 874999K->790660K(1558016K), 0.0203563 secs] [Times: user=0.03 sys=0.00, real=0.03 secs] 
772.457: [GC (Allocation Failure) [PSYoungGen: 417807K->184623K(465920K)] 1023620K->790837K(1558016K), 0.0203858 secs] [Times: user=0.03 sys=0.00, real=0.02 secs] 
773.584: [GC (Allocation Failure) [PSYoungGen: 407420K->91725K(465920K)] 1013634K->698083K(1558016K), 0.0144358 secs] [Times: user=0.03 sys=0.00, real=0.02 secs] 
775.137: [GC (Allocation Failure) [PSYoungGen: 324685K->37842K(465920K)] 931043K->644518K(1558016K), 0.0062989 secs] [Times: user=0.01 sys=0.00, real=0.00 secs] 
775.422: [GC (Allocation Failure) [PSYoungGen: 270802K->183819K(465920K)] 877478K->791749K(1558016K), 0.0200742 secs] [Times: user=0.03 sys=0.00, real=0.02 secs] 
775.770: [GC (Allocation Failure) [PSYoungGen: 416779K->184751K(465920K)] 1024709K->792961K(1558016K), 0.0201805 secs] [Times: user=0.03 sys=0.00, real=0.02 secs] 
777.284: [GC (Allocation Failure) [PSYoungGen: 410154K->92415K(465920K)] 1018365K->700891K(1558016K), 0.0187780 secs] [Times: user=0.04 sys=0.00, real=0.02 secs] 
778.835: [GC (Allocation Failure) [PSYoungGen: 325375K->37813K(465920K)] 933851K->646594K(1558016K), 0.0068780 secs] [Times: user=0.02 sys=0.00, real=0.00 secs] 
779.136: [GC (Allocation Failure) [PSYoungGen: 270773K->184205K(465920K)] 879554K->794232K(1558016K), 0.0202299 secs] [Times: user=0.02 sys=0.00, real=0.02 secs] 
779.426: [GC (Allocation Failure) [PSYoungGen: 417165K->184558K(465920K)] 1027192K->794995K(1558016K), 0.0202054 secs] [Times: user=0.02 sys=0.00, real=0.02 secs] 
780.598: [GC (Allocation Failure) [PSYoungGen: 409724K->92158K(465920K)] 1020161K->702731K(1558016K), 0.0147427 secs] [Times: user=0.03 sys=0.00, real=0.01 secs] 
781.396: [GC (Allocation Failure) [PSYoungGen: 325118K->38005K(465920K)] 935691K->648894K(1558016K), 0.0054074 secs] [Times: user=0.01 sys=0.00, real=0.00 secs] 
781.739: [GC (Allocation Failure) [PSYoungGen: 270965K->184751K(465920K)] 881854K->796893K(1558016K), 0.0204155 secs] [Times: user=0.03 sys=0.00, real=0.02 secs] 
782.084: [GC (Allocation Failure) [PSYoungGen: 417711K->184719K(465920K)] 1029853K->797158K(1558016K), 0.0202138 secs] [Times: user=0.03 sys=0.00, real=0.02 secs] 
783.482: [GC (Allocation Failure) [PSYoungGen: 406653K->91355K(465920K)] 1019093K->704060K(1558016K), 0.0167676 secs] [Times: user=0.03 sys=0.00, real=0.02 secs] 
785.080: [GC (Allocation Failure) [PSYoungGen: 324315K->37813K(465920K)] 937020K->650831K(1558016K), 0.0063801 secs] [Times: user=0.01 sys=0.00, real=0.01 secs] 
785.361: [GC (Allocation Failure) [PSYoungGen: 270773K->184976K(465920K)] 883791K->799248K(1558016K), 0.0202914 secs] [Times: user=0.02 sys=0.00, real=0.02 secs] 
785.700: [GC (Allocation Failure) [PSYoungGen: 417936K->184333K(465920K)] 1032208K->798886K(1558016K), 0.0202809 secs] [Times: user=0.03 sys=0.00, real=0.02 secs] 
786.313: [GC (Allocation Failure) [PSYoungGen: 407182K->91596K(465920K)] 1021735K->706551K(1558016K), 0.0119456 secs] [Times: user=0.03 sys=0.00, real=0.02 secs] 
787.748: [GC (Allocation Failure) [PSYoungGen: 324556K->37973K(465920K)] 939511K->653113K(1558016K), 0.0064229 secs] [Times: user=0.01 sys=0.00, real=0.00 secs] 
788.024: [GC (Allocation Failure) [PSYoungGen: 270933K->183787K(465920K)] 886073K->800180K(1558016K), 0.0202413 secs] [Times: user=0.03 sys=0.00, real=0.02 secs] 
788.364: [GC (Allocation Failure) [PSYoungGen: 416747K->184462K(465920K)] 1033140K->801136K(1558016K), 0.0202959 secs] [Times: user=0.03 sys=0.00, real=0.02 secs] 
789.745: [GC (Allocation Failure) [PSYoungGen: 408110K->92496K(465920K)] 1024784K->709443K(1558016K), 0.0113710 secs] [Times: user=0.02 sys=0.00, real=0.02 secs] 
792.238: [GC (Allocation Failure) [PSYoungGen: 325456K->38134K(465920K)] 942403K->655395K(1558016K), 0.0073783 secs] [Times: user=0.02 sys=0.00, real=0.01 secs] 
792.631: [GC (Allocation Failure) [PSYoungGen: 271094K->184462K(465920K)] 888355K->803113K(1558016K), 0.0203647 secs] [Times: user=0.03 sys=0.00, real=0.02 secs] 
792.915: [GC (Allocation Failure) [PSYoungGen: 417422K->184494K(465920K)] 1036073K->803290K(1558016K), 0.0203166 secs] [Times: user=0.02 sys=0.01, real=0.03 secs] 
794.068: [GC (Allocation Failure) [PSYoungGen: 407031K->91580K(465920K)] 1025827K->710641K(1558016K), 0.0169539 secs] [Times: user=0.04 sys=0.00, real=0.02 secs] 
795.840: [GC (Allocation Failure) [PSYoungGen: 324540K->37299K(465920K)] 943601K->656673K(1558016K), 0.0063261 secs] [Times: user=0.01 sys=0.00, real=0.01 secs] 
796.126: [GC (Allocation Failure) [PSYoungGen: 270259K->184847K(465920K)] 889633K->805475K(1558016K), 0.0202664 secs] [Times: user=0.03 sys=0.00, real=0.02 secs] 
796.410: [GC (Allocation Failure) [PSYoungGen: 417807K->184044K(465920K)] 1038435K->805082K(1558016K), 0.0202006 secs] [Times: user=0.02 sys=0.00, real=0.02 secs] 
799.423: [GC (Allocation Failure) [PSYoungGen: 407938K->92512K(465920K)] 1028976K->713686K(1558016K), 0.0269033 secs] [Times: user=0.05 sys=0.00, real=0.03 secs] 
801.296: [GC (Allocation Failure) [PSYoungGen: 325472K->37684K(465920K)] 946646K->659166K(1558016K), 0.0072688 secs] [Times: user=0.02 sys=0.00, real=0.00 secs] 
801.608: [GC (Allocation Failure) [PSYoungGen: 270644K->184526K(465920K)] 892126K->807261K(1558016K), 0.0203137 secs] [Times: user=0.02 sys=0.00, real=0.02 secs] 
801.893: [GC (Allocation Failure) [PSYoungGen: 417486K->184494K(465920K)] 1040221K->807503K(1558016K), 0.0201508 secs] [Times: user=0.03 sys=0.00, real=0.02 secs] 
803.891: [GC (Allocation Failure) [PSYoungGen: 407543K->91982K(465920K)] 1030552K->715263K(1558016K), 0.0166821 secs] [Times: user=0.04 sys=0.00, real=0.02 secs] 
806.124: [GC (Allocation Failure) [PSYoungGen: 324942K->37877K(465920K)] 948223K->661482K(1558016K), 0.0073743 secs] [Times: user=0.02 sys=0.00, real=0.01 secs] 
806.432: [GC (Allocation Failure) [PSYoungGen: 270837K->184462K(465920K)] 894442K->809449K(1558016K), 0.0201755 secs] [Times: user=0.03 sys=0.00, real=0.02 secs] 
806.717: [GC (Allocation Failure) [PSYoungGen: 417422K->184590K(465920K)] 1042409K->809730K(1558016K), 0.0201617 secs] [Times: user=0.02 sys=0.00, real=0.02 secs] 
807.687: [GC (Allocation Failure) [PSYoungGen: 407130K->91901K(465920K)] 1032271K->717306K(1558016K), 0.0110471 secs] [Times: user=0.02 sys=0.00, real=0.01 secs] 
809.292: [GC (Allocation Failure) [PSYoungGen: 324861K->37556K(465920K)] 950266K->663274K(1558016K), 0.0066329 secs] [Times: user=0.02 sys=0.00, real=0.01 secs] 
809.582: [GC (Allocation Failure) [PSYoungGen: 270516K->184430K(465920K)] 896234K->811394K(1558016K), 0.0202558 secs] [Times: user=0.03 sys=0.00, real=0.02 secs] 
809.866: [GC (Allocation Failure) [PSYoungGen: 417390K->184558K(465920K)] 1044354K->811804K(1558016K), 0.0203156 secs] [Times: user=0.03 sys=0.00, real=0.02 secs] 
810.920: [GC (Allocation Failure) [PSYoungGen: 407604K->92078K(465920K)] 1034849K->719597K(1558016K), 0.0112175 secs] [Times: user=0.03 sys=0.00, real=0.01 secs] 
812.466: [GC (Allocation Failure) [PSYoungGen: 325038K->37424K(465920K)] 952557K->665252K(1558016K), 0.0074797 secs] [Times: user=0.01 sys=0.00, real=0.00 secs] 
812.793: [GC (Allocation Failure) [PSYoungGen: 270384K->184719K(465920K)] 898212K->813809K(1558016K), 0.0202667 secs] [Times: user=0.03 sys=0.00, real=0.02 secs] 
813.081: [GC (Allocation Failure) [PSYoungGen: 417679K->186518K(465920K)] 1046769K->816017K(1558016K), 0.0204976 secs] [Times: user=0.03 sys=0.00, real=0.02 secs] 
814.286: [GC (Allocation Failure) [PSYoungGen: 408308K->90198K(465920K)] 1037807K->719971K(1558016K), 0.0234284 secs] [Times: user=0.05 sys=0.00, real=0.02 secs] 
815.504: [GC (Allocation Failure) [PSYoungGen: 323158K->38166K(465920K)] 952931K->668117K(1558016K), 0.0055394 secs] [Times: user=0.02 sys=0.00, real=0.01 secs] 
815.774: [GC (Allocation Failure) [PSYoungGen: 271126K->184687K(465920K)] 901077K->815892K(1558016K), 0.0207826 secs] [Times: user=0.02 sys=0.00, real=0.02 secs] 
816.064: [GC (Allocation Failure) [PSYoungGen: 417647K->184173K(465920K)] 1048852K->815659K(1558016K), 0.0201669 secs] [Times: user=0.02 sys=0.00, real=0.02 secs] 
816.745: [GC (Allocation Failure) [PSYoungGen: 406812K->91741K(465920K)] 1038298K->723620K(1558016K), 0.0107867 secs] [Times: user=0.02 sys=0.00, real=0.01 secs] 
817.659: [GC (Allocation Failure) [PSYoungGen: 324701K->38070K(465920K)] 956580K->670137K(1558016K), 0.0065572 secs] [Times: user=0.02 sys=0.00, real=0.01 secs] 
818.000: [GC (Allocation Failure) [PSYoungGen: 271030K->184558K(465920K)] 903097K->817879K(1558016K), 0.0205267 secs] [Times: user=0.03 sys=0.00, real=0.02 secs] 
818.345: [GC (Allocation Failure) [PSYoungGen: 417518K->184301K(465920K)] 1050839K->817903K(1558016K), 0.0203376 secs] [Times: user=0.03 sys=0.00, real=0.03 secs] 
819.989: [GC (Allocation Failure) [PSYoungGen: 406858K->91709K(465920K)] 1040460K->725575K(1558016K), 0.0124263 secs] [Times: user=0.03 sys=0.00, real=0.01 secs] 
821.237: [GC (Allocation Failure) [PSYoungGen: 324669K->37556K(465920K)] 958535K->671728K(1558016K), 0.0092050 secs] [Times: user=0.02 sys=0.00, real=0.01 secs] 
821.581: [GC (Allocation Failure) [PSYoungGen: 270516K->184751K(465920K)] 904688K->820169K(1558016K), 0.0205291 secs] [Times: user=0.03 sys=0.00, real=0.02 secs] 
821.925: [GC (Allocation Failure) [PSYoungGen: 417711K->184076K(465920K)] 1053129K->819791K(1558016K), 0.0202568 secs] [Times: user=0.02 sys=0.00, real=0.03 secs] 
823.020: [GC (Allocation Failure) [PSYoungGen: 408086K->92351K(465920K)] 1043801K->728331K(1558016K), 0.0143483 secs] [Times: user=0.03 sys=0.00, real=0.01 secs] 
824.822: [GC (Allocation Failure) [PSYoungGen: 325311K->37556K(465920K)] 961291K->673842K(1558016K), 0.0073097 secs] [Times: user=0.01 sys=0.00, real=0.01 secs] 
825.132: [GC (Allocation Failure) [PSYoungGen: 270516K->184430K(465920K)] 906802K->821953K(1558016K), 0.0204613 secs] [Times: user=0.03 sys=0.00, real=0.02 secs] 
825.417: [GC (Allocation Failure) [PSYoungGen: 417390K->184237K(465920K)] 1054913K->822034K(1558016K), 0.0202389 secs] [Times: user=0.03 sys=0.00, real=0.02 secs] 
826.040: [GC (Allocation Failure) [PSYoungGen: 409274K->92399K(465920K)] 1047071K->730597K(1558016K), 0.0098926 secs] [Times: user=0.02 sys=0.00, real=0.01 secs] 
827.742: [GC (Allocation Failure) [PSYoungGen: 325359K->37299K(465920K)] 963557K->675674K(1558016K), 0.0084451 secs] [Times: user=0.01 sys=0.00, real=0.01 secs] 
828.071: [GC (Allocation Failure) [PSYoungGen: 270259K->184687K(465920K)] 908634K->824316K(1558016K), 0.0203329 secs] [Times: user=0.03 sys=0.00, real=0.02 secs] 
828.413: [GC (Allocation Failure) [PSYoungGen: 417647K->184623K(465920K)] 1057276K->824525K(1558016K), 0.0202250 secs] [Times: user=0.03 sys=0.00, real=0.02 secs] 
830.034: [GC (Allocation Failure) [PSYoungGen: 405135K->91982K(465920K)] 1045037K->732157K(1558016K), 0.0122872 secs] [Times: user=0.03 sys=0.00, real=0.02 secs] 
831.463: [GC (Allocation Failure) [PSYoungGen: 324942K->35656K(465920K)] 965117K->676145K(1558016K), 0.0087078 secs] [Times: user=0.02 sys=0.00, real=0.01 secs] 
831.879: [GC (Allocation Failure) [PSYoungGen: 268616K->184687K(465920K)] 909105K->826429K(1558016K), 0.0206247 secs] [Times: user=0.02 sys=0.00, real=0.02 secs] 
832.228: [GC (Allocation Failure) [PSYoungGen: 417647K->184494K(465920K)] 1059389K->826389K(1558016K), 0.0207645 secs] [Times: user=0.02 sys=0.00, real=0.02 secs] 
833.213: [GC (Allocation Failure) [PSYoungGen: 410727K->93925K(465920K)] 1052622K->736085K(1558016K), 0.0148312 secs] [Times: user=0.03 sys=0.00, real=0.02 secs] 
835.538: [GC (Allocation Failure) [PSYoungGen: 326885K->37684K(465920K)] 969045K->680134K(1558016K), 0.0067808 secs] [Times: user=0.01 sys=0.00, real=0.01 secs] 
835.842: [GC (Allocation Failure) [PSYoungGen: 270644K->184944K(465920K)] 913094K->828647K(1558016K), 0.0203991 secs] [Times: user=0.03 sys=0.00, real=0.02 secs] 
836.127: [GC (Allocation Failure) [PSYoungGen: 417904K->183884K(465920K)] 1061607K->827860K(1558016K), 0.0201139 secs] [Times: user=0.02 sys=0.00, real=0.02 secs] 
836.957: [GC (Allocation Failure) [PSYoungGen: 409213K->92126K(465920K)] 1053190K->736496K(1558016K), 0.0123213 secs] [Times: user=0.03 sys=0.00, real=0.01 secs] 
839.209: [GC (Allocation Failure) [PSYoungGen: 325086K->37459K(465920K)] 969456K->682006K(1558016K), 0.0077128 secs] [Times: user=0.02 sys=0.00, real=0.01 secs] 
839.524: [GC (Allocation Failure) [PSYoungGen: 270419K->184687K(465920K)] 914966K->830487K(1558016K), 0.0204781 secs] [Times: user=0.03 sys=0.00, real=0.02 secs] 
839.872: [GC (Allocation Failure) [PSYoungGen: 417647K->184719K(465920K)] 1063447K->830792K(1558016K), 0.0203639 secs] [Times: user=0.03 sys=0.00, real=0.02 secs] 
840.497: [GC (Allocation Failure) [PSYoungGen: 407258K->91805K(465920K)] 1053332K->738144K(1558016K), 0.0120399 secs] [Times: user=0.02 sys=0.00, real=0.01 secs] 
841.324: [GC (Allocation Failure) [PSYoungGen: 324765K->38005K(465920K)] 971104K->684658K(1558016K), 0.0055816 secs] [Times: user=0.01 sys=0.00, real=0.01 secs] 
841.593: [GC (Allocation Failure) [PSYoungGen: 270965K->183722K(465920K)] 917618K->831621K(1558016K), 0.0202669 secs] [Times: user=0.03 sys=0.00, real=0.02 secs] 
841.878: [GC (Allocation Failure) [PSYoungGen: 416682K->184719K(465920K)] 1064581K->832914K(1558016K), 0.0201800 secs] [Times: user=0.03 sys=0.00, real=0.02 secs] 
843.973: [GC (Allocation Failure) [PSYoungGen: 409983K->92383K(465920K)] 1058179K->740980K(1558016K), 0.0158531 secs] [Times: user=0.03 sys=0.00, real=0.02 secs] 
845.520: [GC (Allocation Failure) [PSYoungGen: 325343K->37973K(465920K)] 973940K->686755K(1558016K), 0.0056256 secs] [Times: user=0.01 sys=0.00, real=0.01 secs] 
845.791: [GC (Allocation Failure) [PSYoungGen: 270933K->184558K(465920K)] 919715K->834586K(1558016K), 0.0205120 secs] [Times: user=0.03 sys=0.00, real=0.02 secs] 
846.078: [GC (Allocation Failure) [PSYoungGen: 417518K->184333K(465920K)] 1067546K->834642K(1558016K), 0.0201668 secs] [Times: user=0.03 sys=0.00, real=0.02 secs] 
847.650: [GC (Allocation Failure) [PSYoungGen: 409208K->91837K(465920K)] 1059516K->742411K(1558016K), 0.0166065 secs] [Times: user=0.03 sys=0.00, real=0.02 secs] 
850.082: [GC (Allocation Failure) [PSYoungGen: 324797K->37684K(465920K)] 975371K->688563K(1558016K), 0.0068430 secs] [Times: user=0.02 sys=0.00, real=0.01 secs] 
850.383: [GC (Allocation Failure) [PSYoungGen: 270644K->184558K(465920K)] 921523K->836683K(1558016K), 0.0203381 secs] [Times: user=0.03 sys=0.00, real=0.02 secs] 
850.734: [GC (Allocation Failure) [PSYoungGen: 417518K->184655K(465920K)] 1069643K->837053K(1558016K), 0.0203213 secs] [Times: user=0.03 sys=0.00, real=0.02 secs] 
851.412: [GC (Allocation Failure) [PSYoungGen: 407094K->91773K(465920K)] 1059492K->744572K(1558016K), 0.0122638 secs] [Times: user=0.02 sys=0.00, real=0.01 secs] 
852.263: [GC (Allocation Failure) [PSYoungGen: 324733K->38005K(465920K)] 977532K->690982K(1558016K), 0.0055616 secs] [Times: user=0.01 sys=0.00, real=0.01 secs] 
852.599: [GC (GCLocker Initiated GC) [PSYoungGen: 270965K->184301K(465920K)] 923942K->838540K(1558016K), 0.0202354 secs] [Times: user=0.02 sys=0.00, real=0.02 secs] 
852.885: [GC (Allocation Failure) [PSYoungGen: 417261K->184366K(465920K)] 1072625K->840002K(1558016K), 0.0204926 secs] [Times: user=0.03 sys=0.00, real=0.02 secs] 
853.506: [GC (Allocation Failure) [PSYoungGen: 406573K->91130K(465920K)] 1062210K->746775K(1558016K), 0.0121651 secs] [Times: user=0.03 sys=0.00, real=0.01 secs] 
854.394: [GC (Allocation Failure) [PSYoungGen: 324090K->38037K(465920K)] 979735K->694029K(1558016K), 0.0055204 secs] [Times: user=0.01 sys=0.01, real=0.01 secs] 
854.666: [GC (Allocation Failure) [PSYoungGen: 270997K->184687K(465920K)] 926989K->842053K(1558016K), 0.0206407 secs] [Times: user=0.02 sys=0.00, real=0.02 secs] 
854.952: [GC (Allocation Failure) [PSYoungGen: 417647K->184655K(465920K)] 1075013K->842166K(1558016K), 0.0204743 secs] [Times: user=0.02 sys=0.00, real=0.02 secs] 
856.103: [GC (Allocation Failure) [PSYoungGen: 407203K->91355K(465920K)] 1064714K->749131K(1558016K), 0.0123293 secs] [Times: user=0.03 sys=0.00, real=0.02 secs] 
857.171: [GC (Allocation Failure) [PSYoungGen: 324315K->37973K(465920K)] 982091K->696051K(1558016K), 0.0057455 secs] [Times: user=0.01 sys=0.00, real=0.01 secs] 
857.443: [GC (Allocation Failure) [PSYoungGen: 270933K->184687K(465920K)] 929011K->844018K(1558016K), 0.0206165 secs] [Times: user=0.02 sys=0.01, real=0.02 secs] 
857.791: [GC (Allocation Failure) [PSYoungGen: 417647K->184623K(465920K)] 1076978K->844227K(1558016K), 0.0201540 secs] [Times: user=0.03 sys=0.00, real=0.02 secs] 
859.282: [GC (Allocation Failure) [PSYoungGen: 407171K->91339K(465920K)] 1066775K->751216K(1558016K), 0.0165243 secs] [Times: user=0.04 sys=0.00, real=0.02 secs] 
862.191: [GC (Allocation Failure) [PSYoungGen: 324299K->38005K(465920K)] 984176K->698196K(1558016K), 0.0074044 secs] [Times: user=0.01 sys=0.00, real=0.01 secs] 
862.498: [GC (Allocation Failure) [PSYoungGen: 270965K->183916K(465920K)] 931156K->845360K(1558016K), 0.0203241 secs] [Times: user=0.02 sys=0.00, real=0.02 secs] 
862.784: [GC (Allocation Failure) [PSYoungGen: 416876K->184462K(465920K)] 1078320K->846187K(1558016K), 0.0202490 secs] [Times: user=0.03 sys=0.00, real=0.02 secs] 
863.610: [GC (Allocation Failure) [PSYoungGen: 409674K->92351K(465920K)] 1071400K->754350K(1558016K), 0.0118629 secs] [Times: user=0.02 sys=0.00, real=0.01 secs] 
864.843: [GC (Allocation Failure) [PSYoungGen: 325311K->37941K(465920K)] 987310K->700238K(1558016K), 0.0065628 secs] [Times: user=0.01 sys=0.00, real=0.01 secs] 
865.128: [GC (Allocation Failure) [PSYoungGen: 270901K->184687K(465920K)] 933198K->848237K(1558016K), 0.0205087 secs] [Times: user=0.02 sys=0.00, real=0.02 secs] 
865.413: [GC (Allocation Failure) [PSYoungGen: 417647K->184687K(465920K)] 1081197K->848518K(1558016K), 0.0203895 secs] [Times: user=0.03 sys=0.00, real=0.02 secs] 
866.459: [GC (Allocation Failure) [PSYoungGen: 407245K->91355K(465920K)] 1071076K->755451K(1558016K), 0.0121304 secs] [Times: user=0.02 sys=0.00, real=0.01 secs] 
868.038: [GC (Allocation Failure) [PSYoungGen: 324315K->37427K(465920K)] 988411K->701829K(1558016K), 0.0063912 secs] [Times: user=0.01 sys=0.00, real=0.00 secs] 
868.317: [GC (Allocation Failure) [PSYoungGen: 270387K->183787K(465920K)] 934789K->849443K(1558016K), 0.0202526 secs] [Times: user=0.03 sys=0.00, real=0.02 secs] 
868.607: [GC (Allocation Failure) [PSYoungGen: 416747K->184687K(465920K)] 1082403K->850615K(1558016K), 0.0205296 secs] [Times: user=0.03 sys=0.00, real=0.02 secs] 
869.866: [GC (Allocation Failure) [PSYoungGen: 410093K->92769K(465920K)] 1076022K->758962K(1558016K), 0.0128565 secs] [Times: user=0.02 sys=0.00, real=0.01 secs] 
871.398: [GC (Allocation Failure) [PSYoungGen: 325729K->37556K(465920K)] 991922K->704049K(1558016K), 0.0070730 secs] [Times: user=0.01 sys=0.00, real=0.01 secs] 
871.766: [GC (Allocation Failure) [PSYoungGen: 270516K->183883K(465920K)] 937009K->851630K(1558016K), 0.0203043 secs] [Times: user=0.03 sys=0.00, real=0.02 secs] 
872.111: [GC (Allocation Failure) [PSYoungGen: 416843K->184623K(465920K)] 1084590K->852651K(1558016K), 0.0203904 secs] [Times: user=0.03 sys=0.00, real=0.02 secs] 
873.846: [GC (Allocation Failure) [PSYoungGen: 408507K->92608K(465920K)] 1076535K->760901K(1558016K), 0.0130570 secs] [Times: user=0.02 sys=0.00, real=0.01 secs] 
875.033: [GC (Allocation Failure) [PSYoungGen: 325568K->37684K(465920K)] 993861K->706275K(1558016K), 0.0077695 secs] [Times: user=0.02 sys=0.00, real=0.01 secs] 
875.428: [GC (Allocation Failure) [PSYoungGen: 270644K->184301K(465920K)] 939235K->854266K(1558016K), 0.0203014 secs] [Times: user=0.02 sys=0.00, real=0.02 secs] 
875.779: [GC (Allocation Failure) [PSYoungGen: 417261K->184109K(465920K)] 1087226K->854218K(1558016K), 0.0202288 secs] [Times: user=0.03 sys=0.00, real=0.02 secs] 
876.467: [GC (Allocation Failure) [PSYoungGen: 409019K->92512K(465920K)] 1079129K->762886K(1558016K), 0.0122674 secs] [Times: user=0.02 sys=0.00, real=0.01 secs] 
877.922: [GC (Allocation Failure) [PSYoungGen: 325472K->37588K(465920K)] 995846K->708260K(1558016K), 0.0091897 secs] [Times: user=0.02 sys=0.00, real=0.01 secs] 
878.336: [GC (Allocation Failure) [PSYoungGen: 270548K->183916K(465920K)] 941220K->855841K(1558016K), 0.0203959 secs] [Times: user=0.03 sys=0.00, real=0.02 secs] 
878.625: [GC (Allocation Failure) [PSYoungGen: 416876K->184526K(465920K)] 1088801K->856725K(1558016K), 0.0204537 secs] [Times: user=0.03 sys=0.00, real=0.02 secs] 
879.354: [GC (Allocation Failure) [PSYoungGen: 409691K->92656K(465920K)] 1081890K->765128K(1558016K), 0.0124180 secs] [Times: user=0.02 sys=0.00, real=0.02 secs] 
880.898: [GC (Allocation Failure) [PSYoungGen: 325616K->37684K(465920K)] 998088K->710448K(1558016K), 0.0084657 secs] [Times: user=0.02 sys=0.00, real=0.01 secs] 
881.305: [GC (Allocation Failure) [PSYoungGen: 270644K->184173K(465920K)] 943408K->858190K(1558016K), 0.0203287 secs] [Times: user=0.02 sys=0.00, real=0.02 secs] 
881.592: [GC (Allocation Failure) [PSYoungGen: 417133K->184976K(465920K)] 1091150K->859266K(1558016K), 0.0204528 secs] [Times: user=0.02 sys=0.00, real=0.02 secs] 
882.391: [GC (Allocation Failure) [PSYoungGen: 405712K->91869K(465920K)] 1080002K->766577K(1558016K), 0.0136364 secs] [Times: user=0.02 sys=0.00, real=0.01 secs] 
884.136: [GC (Allocation Failure) [PSYoungGen: 324829K->37456K(465920K)] 999537K->712341K(1558016K), 0.0080508 secs] [Times: user=0.02 sys=0.00, real=0.00 secs] 
884.458: [GC (Allocation Failure) [PSYoungGen: 270416K->184558K(465920K)] 945301K->860689K(1558016K), 0.0204744 secs] [Times: user=0.03 sys=0.00, real=0.02 secs] 
884.743: [GC (Allocation Failure) [PSYoungGen: 417518K->184847K(465920K)] 1093649K->861259K(1558016K), 0.0203187 secs] [Times: user=0.03 sys=0.00, real=0.02 secs] 
885.548: [GC (Allocation Failure) [PSYoungGen: 409790K->91853K(465920K)] 1086202K->768538K(1558016K), 0.0124039 secs] [Times: user=0.02 sys=0.00, real=0.01 secs] 
886.371: [GC (Allocation Failure) [PSYoungGen: 324813K->38005K(465920K)] 1001498K->715000K(1558016K), 0.0057042 secs] [Times: user=0.01 sys=0.00, real=0.01 secs] 
886.705: [GC (Allocation Failure) [PSYoungGen: 270965K->184590K(465920K)] 947960K->862830K(1558016K), 0.0203793 secs] [Times: user=0.03 sys=0.00, real=0.02 secs] 
886.989: [GC (Allocation Failure) [PSYoungGen: 417550K->183916K(465920K)] 1095790K->862437K(1558016K), 0.0202104 secs] [Times: user=0.02 sys=0.00, real=0.02 secs] 
889.595: [GC (Allocation Failure) [PSYoungGen: 409336K->92223K(465920K)] 1087857K->771009K(1558016K), 0.0248321 secs] [Times: user=0.05 sys=0.01, real=0.02 secs] 
891.361: [GC (Allocation Failure) [PSYoungGen: 325183K->37716K(465920K)] 1003969K->716816K(1558016K), 0.0068404 secs] [Times: user=0.02 sys=0.00, real=0.01 secs] 
891.721: [GC (Allocation Failure) [PSYoungGen: 270676K->184108K(465920K)] 949776K->864461K(1558016K), 0.0203534 secs] [Times: user=0.03 sys=0.00, real=0.02 secs] 
892.076: [GC (Allocation Failure) [PSYoungGen: 417068K->184590K(465920K)] 1097421K->865241K(1558016K), 0.0204476 secs] [Times: user=0.03 sys=0.00, real=0.02 secs] 
893.007: [GC (Allocation Failure) [PSYoungGen: 409744K->92383K(465920K)] 1090394K->773299K(1558016K), 0.0134707 secs] [Times: user=0.03 sys=0.00, real=0.01 secs] 
894.730: [GC (Allocation Failure) [PSYoungGen: 325343K->37713K(465920K)] 1006259K->718938K(1558016K), 0.0070117 secs] [Times: user=0.02 sys=0.00, real=0.01 secs] 
895.020: [GC (Allocation Failure) [PSYoungGen: 270673K->184687K(465920K)] 951898K->867165K(1558016K), 0.0203498 secs] [Times: user=0.03 sys=0.00, real=0.02 secs] 
895.365: [GC (Allocation Failure) [PSYoungGen: 417647K->184623K(465920K)] 1100125K->867375K(1558016K), 0.0203106 secs] [Times: user=0.03 sys=0.00, real=0.02 secs] 
897.405: [GC (Allocation Failure) [PSYoungGen: 407165K->91612K(465920K)] 1089917K->774629K(1558016K), 0.0128024 secs] [Times: user=0.02 sys=0.00, real=0.01 secs] 
899.295: [GC (Allocation Failure) [PSYoungGen: 324572K->37363K(465920K)] 1007589K->720693K(1558016K), 0.0078497 secs] [Times: user=0.02 sys=0.00, real=0.00 secs] 
899.615: [GC (Allocation Failure) [PSYoungGen: 270323K->183819K(465920K)] 953653K->868395K(1558016K), 0.0204418 secs] [Times: user=0.03 sys=0.00, real=0.02 secs] 
899.903: [GC (Allocation Failure) [PSYoungGen: 416779K->184333K(465920K)] 1101355K->869190K(1558016K), 0.0203214 secs] [Times: user=0.03 sys=0.00, real=0.02 secs] 
900.678: [GC (Allocation Failure) [PSYoungGen: 410756K->93251K(465920K)] 1095613K->778373K(1558016K), 0.0127929 secs] [Times: user=0.02 sys=0.01, real=0.01 secs] 
902.295: [GC (Allocation Failure) [PSYoungGen: 326211K->37523K(465920K)] 1011333K->722959K(1558016K), 0.0087515 secs] [Times: user=0.02 sys=0.00, real=0.01 secs] 
902.629: [GC (Allocation Failure) [PSYoungGen: 270483K->184430K(465920K)] 955919K->871256K(1558016K), 0.0208089 secs] [Times: user=0.03 sys=0.01, real=0.02 secs] 
902.918: [GC (Allocation Failure) [PSYoungGen: 417390K->184269K(465920K)] 1104216K->871240K(1558016K), 0.0204670 secs] [Times: user=0.03 sys=0.00, real=0.02 secs] 
903.531: [GC (Allocation Failure) [PSYoungGen: 409379K->92544K(465920K)] 1096350K->779779K(1558016K), 0.0126615 secs] [Times: user=0.03 sys=0.00, real=0.01 secs] 
904.334: [GC (Allocation Failure) [PSYoungGen: 325504K->38034K(465920K)] 1012739K->725570K(1558016K), 0.0056039 secs] [Times: user=0.01 sys=0.00, real=0.01 secs] 
904.611: [GC (Allocation Failure) [PSYoungGen: 270994K->184719K(465920K)] 958530K->873500K(1558016K), 0.0206292 secs] [Times: user=0.03 sys=0.00, real=0.02 secs] 
904.901: [GC (Allocation Failure) [PSYoungGen: 417679K->184719K(465920K)] 1106460K->873773K(1558016K), 0.0204832 secs] [Times: user=0.03 sys=0.00, real=0.02 secs] 
906.937: [GC (Allocation Failure) [PSYoungGen: 407257K->91323K(465920K)] 1096312K->780642K(1558016K), 0.0163090 secs] [Times: user=0.03 sys=0.00, real=0.01 secs] 
908.739: [GC (Allocation Failure) [PSYoungGen: 324283K->37684K(465920K)] 1013602K->727319K(1558016K), 0.0068457 secs] [Times: user=0.02 sys=0.00, real=0.01 secs] 
909.097: [GC (Allocation Failure) [PSYoungGen: 270644K->183690K(465920K)] 960279K->874571K(1558016K), 0.0202937 secs] [Times: user=0.03 sys=0.00, real=0.02 secs] 
909.438: [GC (Allocation Failure) [PSYoungGen: 416650K->184558K(465920K)] 1107531K->875712K(1558016K), 0.0206421 secs] [Times: user=0.03 sys=0.00, real=0.02 secs] 
910.628: [GC (Allocation Failure) [PSYoungGen: 408505K->92737K(465920K)] 1099659K->784155K(1558016K), 0.0176603 secs] [Times: user=0.04 sys=0.00, real=0.02 secs] 
912.294: [GC (Allocation Failure) [PSYoungGen: 325697K->37617K(465920K)] 1017115K->729343K(1558016K), 0.0068640 secs] [Times: user=0.02 sys=0.00, real=0.01 secs] 
912.591: [GC (Allocation Failure) [PSYoungGen: 270577K->184430K(465920K)] 962303K->877402K(1558016K), 0.0204944 secs] [Times: user=0.03 sys=0.00, real=0.02 secs] 
912.934: [GC (Allocation Failure) [PSYoungGen: 417390K->184526K(465920K)] 1110362K->877900K(1558016K), 0.0203984 secs] [Times: user=0.02 sys=0.00, real=0.02 secs] 
914.425: [GC (Allocation Failure) [PSYoungGen: 409685K->92126K(465920K)] 1103058K->785636K(1558016K), 0.0262679 secs] [Times: user=0.06 sys=0.00, real=0.03 secs] 
916.739: [GC (Allocation Failure) [PSYoungGen: 325086K->37813K(465920K)] 1018596K->731628K(1558016K), 0.0085571 secs] [Times: user=0.02 sys=0.00, real=0.01 secs] 
917.040: [GC (Allocation Failure) [PSYoungGen: 270773K->184205K(465920K)] 964588K->879258K(1558016K), 0.0202501 secs] [Times: user=0.03 sys=0.00, real=0.02 secs] 
917.325: [GC (Allocation Failure) [PSYoungGen: 417165K->184590K(465920K)] 1112218K->879925K(1558016K), 0.0203154 secs] [Times: user=0.03 sys=0.00, real=0.03 secs] 
918.103: [GC (Allocation Failure) [PSYoungGen: 407646K->92158K(465920K)] 1102980K->787766K(1558016K), 0.0115578 secs] [Times: user=0.02 sys=0.00, real=0.01 secs] 
919.488: [GC (Allocation Failure) [PSYoungGen: 325118K->37874K(465920K)] 1020726K->733795K(1558016K), 0.0063429 secs] [Times: user=0.01 sys=0.00, real=0.00 secs] 
919.763: [GC (Allocation Failure) [PSYoungGen: 270834K->183658K(465920K)] 966755K->880825K(1558016K), 0.0204309 secs] [Times: user=0.03 sys=0.00, real=0.02 secs] 
920.047: [GC (Allocation Failure) [PSYoungGen: 416618K->184462K(465920K)] 1113785K->881901K(1558016K), 0.0208537 secs] [Times: user=0.03 sys=0.00, real=0.02 secs] 
921.204: [GC (Allocation Failure) [PSYoungGen: 408511K->92769K(465920K)] 1105951K->790474K(1558016K), 0.0122954 secs] [Times: user=0.02 sys=0.00, real=0.02 secs] 
923.130: [GC (Allocation Failure) [PSYoungGen: 325729K->37620K(465920K)] 1023434K->735622K(1558016K), 0.0076615 secs] [Times: user=0.02 sys=0.00, real=0.01 secs] 
923.435: [GC (Allocation Failure) [PSYoungGen: 270580K->184462K(465920K)] 968582K->883726K(1558016K), 0.0203136 secs] [Times: user=0.03 sys=0.00, real=0.02 secs] 
923.724: [GC (Allocation Failure) [PSYoungGen: 417422K->184558K(465920K)] 1116686K->884232K(1558016K), 0.0202387 secs] [Times: user=0.03 sys=0.00, real=0.02 secs] 
924.555: [GC (Allocation Failure) [PSYoungGen: 409708K->92094K(465920K)] 1109382K->791904K(1558016K), 0.0137528 secs] [Times: user=0.02 sys=0.00, real=0.01 secs] 
925.442: [GC (Allocation Failure) [PSYoungGen: 325054K->38102K(465920K)] 1024864K->738218K(1558016K), 0.0081335 secs] [Times: user=0.02 sys=0.00, real=0.01 secs] 
925.840: [GC (Allocation Failure) [PSYoungGen: 271062K->184687K(465920K)] 971178K->886048K(1558016K), 0.0207747 secs] [Times: user=0.02 sys=0.00, real=0.02 secs] 
926.125: [GC (Allocation Failure) [PSYoungGen: 417647K->184944K(465920K)] 1119008K->886578K(1558016K), 0.0205213 secs] [Times: user=0.02 sys=0.00, real=0.02 secs] 
926.819: [GC (Allocation Failure) [PSYoungGen: 407034K->90969K(465920K)] 1108668K->793006K(1558016K), 0.0124832 secs] [Times: user=0.03 sys=0.00, real=0.01 secs] 
927.664: [GC (Allocation Failure) [PSYoungGen: 323929K->37973K(465920K)] 1025966K->740203K(1558016K), 0.0057232 secs] [Times: user=0.01 sys=0.00, real=0.01 secs] 
927.937: [GC (Allocation Failure) [PSYoungGen: 270933K->184719K(465920K)] 973163K->888194K(1558016K), 0.0203773 secs] [Times: user=0.03 sys=0.00, real=0.02 secs] 
928.225: [GC (Allocation Failure) [PSYoungGen: 417679K->184687K(465920K)] 1121154K->888443K(1558016K), 0.0204998 secs] [Times: user=0.03 sys=0.00, real=0.02 secs] 
930.380: [GC (Allocation Failure) [PSYoungGen: 407227K->91323K(465920K)] 1110983K->795344K(1558016K), 0.0178829 secs] [Times: user=0.03 sys=0.00, real=0.02 secs] 
931.164: [GC (Allocation Failure) [PSYoungGen: 324283K->38134K(465920K)] 1028304K->742464K(1558016K), 0.0055695 secs] [Times: user=0.02 sys=0.00, real=0.01 secs] 
931.504: [GC (Allocation Failure) [PSYoungGen: 271094K->183819K(465920K)] 975424K->889395K(1558016K), 0.0203907 secs] [Times: user=0.03 sys=0.00, real=0.02 secs] 
931.789: [GC (Allocation Failure) [PSYoungGen: 416779K->184719K(465920K)] 1122355K->890592K(1558016K), 0.0202835 secs] [Times: user=0.03 sys=0.00, real=0.02 secs] 
933.467: [GC (Allocation Failure) [PSYoungGen: 410128K->92062K(465920K)] 1116002K->798201K(1558016K), 0.0287954 secs] [Times: user=0.06 sys=0.00, real=0.03 secs] 
935.433: [GC (Allocation Failure) [PSYoungGen: 325022K->37941K(465920K)] 1031161K->744379K(1558016K), 0.0071609 secs] [Times: user=0.02 sys=0.00, real=0.01 secs] 
935.809: [GC (Allocation Failure) [PSYoungGen: 270901K->184687K(465920K)] 977339K->892491K(1558016K), 0.0205410 secs] [Times: user=0.03 sys=0.00, real=0.02 secs] 
936.093: [GC (Allocation Failure) [PSYoungGen: 417647K->184623K(465920K)] 1125451K->892572K(1558016K), 0.0205563 secs] [Times: user=0.03 sys=0.00, real=0.02 secs] 
937.120: [GC (Allocation Failure) [PSYoungGen: 407175K->91307K(465920K)] 1115124K->799529K(1558016K), 0.0193304 secs] [Times: user=0.03 sys=0.01, real=0.02 secs] 
938.394: [GC (Allocation Failure) [PSYoungGen: 324267K->38005K(465920K)] 1032489K->746529K(1558016K), 0.0055407 secs] [Times: user=0.02 sys=0.00, real=0.01 secs] 
938.725: [GC (Allocation Failure) [PSYoungGen: 270965K->184719K(465920K)] 979489K->894625K(1558016K), 0.0205548 secs] [Times: user=0.03 sys=0.00, real=0.03 secs] 
939.065: [GC (Allocation Failure) [PSYoungGen: 417679K->184623K(465920K)] 1127585K->894673K(1558016K), 0.0205312 secs] [Times: user=0.02 sys=0.00, real=0.03 secs] 
940.705: [GC (Allocation Failure) [PSYoungGen: 407177K->91355K(465920K)] 1117228K->801671K(1558016K), 0.0200988 secs] [Times: user=0.04 sys=0.00, real=0.02 secs] 
943.161: [GC (Allocation Failure) [PSYoungGen: 324315K->37620K(465920K)] 1034631K->748243K(1558016K), 0.0076907 secs] [Times: user=0.02 sys=0.00, real=0.01 secs] 
943.471: [GC (Allocation Failure) [PSYoungGen: 270580K->184687K(465920K)] 981203K->896564K(1558016K), 0.0203628 secs] [Times: user=0.02 sys=0.00, real=0.02 secs] 
943.812: [GC (Allocation Failure) [PSYoungGen: 417647K->184719K(465920K)] 1129524K->896877K(1558016K), 0.0203856 secs] [Times: user=0.03 sys=0.00, real=0.02 secs] 
945.749: [GC (Allocation Failure) [PSYoungGen: 407531K->91693K(465920K)] 1119689K->804124K(1558016K), 0.0204985 secs] [Times: user=0.04 sys=0.00, real=0.02 secs] 
947.996: [GC (Allocation Failure) [PSYoungGen: 324653K->37877K(465920K)] 1037084K->750624K(1558016K), 0.0056965 secs] [Times: user=0.01 sys=0.00, real=0.00 secs] 
948.321: [GC (Allocation Failure) [PSYoungGen: 270837K->183819K(465920K)] 983584K->897820K(1558016K), 0.0202482 secs] [Times: user=0.03 sys=0.00, real=0.02 secs] 
948.605: [GC (Allocation Failure) [PSYoungGen: 416779K->184237K(465920K)] 1130780K->898639K(1558016K), 0.0203624 secs] [Times: user=0.02 sys=0.00, real=0.02 secs] 
949.258: [GC (Allocation Failure) [PSYoungGen: 408065K->92785K(465920K)] 1122467K->807332K(1558016K), 0.0123367 secs] [Times: user=0.03 sys=0.00, real=0.01 secs] 
950.194: [GC (Allocation Failure) [PSYoungGen: 325745K->37845K(465920K)] 1040292K->752705K(1558016K), 0.0060450 secs] [Times: user=0.01 sys=0.00, real=0.01 secs] 
950.465: [GC (Allocation Failure) [PSYoungGen: 270805K->184976K(465920K)] 985665K->901082K(1558016K), 0.0204578 secs] [Times: user=0.02 sys=0.00, real=0.03 secs] 
950.804: [GC (Allocation Failure) [PSYoungGen: 417936K->184333K(465920K)] 1134042K->900720K(1558016K), 0.0203776 secs] [Times: user=0.03 sys=0.00, real=0.02 secs] 
951.955: [GC (Allocation Failure) [PSYoungGen: 407209K->91612K(465920K)] 1123596K->808393K(1558016K), 0.0127973 secs] [Times: user=0.03 sys=0.00, real=0.01 secs] 
953.419: [GC (Allocation Failure) [PSYoungGen: 324572K->37491K(465920K)] 1041353K->754461K(1558016K), 0.0057427 secs] [Times: user=0.01 sys=0.00, real=0.00 secs] 
953.753: [GC (Allocation Failure) [PSYoungGen: 270451K->184719K(465920K)] 987421K->902943K(1558016K), 0.0205318 secs] [Times: user=0.03 sys=0.00, real=0.02 secs] 
954.095: [GC (Allocation Failure) [PSYoungGen: 417679K->184687K(465920K)] 1135903K->903320K(1558016K), 0.0204148 secs] [Times: user=0.03 sys=0.00, real=0.02 secs] 
954.745: [GC (Allocation Failure) [PSYoungGen: 409683K->91837K(465920K)] 1128317K->810736K(1558016K), 0.0120851 secs] [Times: user=0.02 sys=0.00, real=0.01 secs] 
955.644: [GC (Allocation Failure) [PSYoungGen: 324797K->38005K(465920K)] 1043696K->757091K(1558016K), 0.0055929 secs] [Times: user=0.02 sys=0.00, real=0.01 secs] 
955.919: [GC (Allocation Failure) [PSYoungGen: 270965K->184462K(465920K)] 990051K->904801K(1558016K), 0.0203898 secs] [Times: user=0.03 sys=0.00, real=0.02 secs] 
956.207: [GC (Allocation Failure) [PSYoungGen: 417422K->184687K(465920K)] 1137761K->905436K(1558016K), 0.0204407 secs] [Times: user=0.03 sys=0.00, real=0.02 secs] 
956.860: [GC (Allocation Failure) [PSYoungGen: 407211K->91628K(465920K)] 1127960K->812514K(1558016K), 0.0098985 secs] [Times: user=0.02 sys=0.00, real=0.01 secs] 
957.753: [GC (Allocation Failure) [PSYoungGen: 324588K->37748K(465920K)] 1045474K->758955K(1558016K), 0.0056393 secs] [Times: user=0.01 sys=0.00, real=0.01 secs] 
958.026: [GC (Allocation Failure) [PSYoungGen: 270708K->184687K(465920K)] 991915K->907147K(1558016K), 0.0206221 secs] [Times: user=0.03 sys=0.00, real=0.02 secs] 
958.314: [GC (Allocation Failure) [PSYoungGen: 417647K->184719K(465920K)] 1140107K->907453K(1558016K), 0.0205265 secs] [Times: user=0.03 sys=0.00, real=0.02 secs] 
959.166: [GC (Allocation Failure) [PSYoungGen: 407263K->91644K(465920K)] 1129997K->814643K(1558016K), 0.0114085 secs] [Times: user=0.02 sys=0.00, real=0.01 secs] 
961.251: [GC (Allocation Failure) [PSYoungGen: 324604K->37331K(465920K)] 1047603K->760643K(1558016K), 0.0073096 secs] [Times: user=0.02 sys=0.00, real=0.01 secs] 
961.547: [GC (Allocation Failure) [PSYoungGen: 270291K->183851K(465920K)] 993603K->908417K(1558016K), 0.0202797 secs] [Times: user=0.03 sys=0.00, real=0.02 secs] 
961.831: [GC (Allocation Failure) [PSYoungGen: 416811K->184269K(465920K)] 1141377K->909116K(1558016K), 0.0204112 secs] [Times: user=0.03 sys=0.00, real=0.02 secs] 
962.811: [GC (Allocation Failure) [PSYoungGen: 410696K->93283K(465920K)] 1135543K->818403K(1558016K), 0.0159360 secs] [Times: user=0.03 sys=0.00, real=0.02 secs] 
963.777: [GC (Allocation Failure) [PSYoungGen: 326243K->37973K(465920K)] 1051363K->763393K(1558016K), 0.0066908 secs] [Times: user=0.02 sys=0.00, real=0.00 secs] 
964.124: [GC (Allocation Failure) [PSYoungGen: 270933K->184430K(465920K)] 996353K->911095K(1558016K), 0.0205679 secs] [Times: user=0.03 sys=0.00, real=0.02 secs] 
964.408: [GC (Allocation Failure) [PSYoungGen: 417390K->184237K(465920K)] 1144055K->911176K(1558016K), 0.0205440 secs] [Times: user=0.02 sys=0.01, real=0.02 secs] 
965.908: [GC (Allocation Failure) [PSYoungGen: 409273K->91966K(465920K)] 1136212K->819298K(1558016K), 0.0132160 secs] [Times: user=0.02 sys=0.00, real=0.01 secs] 
967.282: [GC (Allocation Failure) [PSYoungGen: 324926K->37716K(465920K)] 1052258K->765234K(1558016K), 0.0080121 secs] [Times: user=0.02 sys=0.00, real=0.01 secs] 
967.599: [GC (Allocation Failure) [PSYoungGen: 270676K->184205K(465920K)] 998194K->912968K(1558016K), 0.0204640 secs] [Times: user=0.03 sys=0.00, real=0.02 secs] 
967.886: [GC (Allocation Failure) [PSYoungGen: 417165K->185008K(465920K)] 1145928K->914052K(1558016K), 0.0209993 secs] [Times: user=0.03 sys=0.00, real=0.02 secs] 
968.641: [GC (Allocation Failure) [PSYoungGen: 407715K->91869K(465920K)] 1136759K->821178K(1558016K), 0.0125496 secs] [Times: user=0.03 sys=0.01, real=0.01 secs] 
969.912: [GC (Allocation Failure) [PSYoungGen: 324829K->37684K(465920K)] 1054138K->767307K(1558016K), 0.0078675 secs] [Times: user=0.02 sys=0.00, real=0.01 secs] 
970.300: [GC (Allocation Failure) [PSYoungGen: 270644K->184815K(465920K)] 1000267K->915692K(1558016K), 0.0206185 secs] [Times: user=0.03 sys=0.00, real=0.02 secs] 
970.583: [GC (Allocation Failure) [PSYoungGen: 417775K->184109K(465920K)] 1148652K->915258K(1558016K), 0.0206568 secs] [Times: user=0.03 sys=0.00, real=0.02 secs] 
971.207: [GC (Allocation Failure) [PSYoungGen: 404808K->91950K(465920K)] 1135957K->823372K(1558016K), 0.0125906 secs] [Times: user=0.02 sys=0.00, real=0.01 secs] 
972.716: [GC (Allocation Failure) [PSYoungGen: 324910K->37488K(465920K)] 1056332K->769212K(1558016K), 0.0086313 secs] [Times: user=0.02 sys=0.00, real=0.00 secs] 
973.078: [GC (Allocation Failure) [PSYoungGen: 270448K->184590K(465920K)] 1002172K->917705K(1558016K), 0.0204349 secs] [Times: user=0.03 sys=0.00, real=0.02 secs] 
973.364: [GC (Allocation Failure) [PSYoungGen: 417550K->184430K(465920K)] 1150665K->917697K(1558016K), 0.0203859 secs] [Times: user=0.03 sys=0.00, real=0.02 secs] 
974.671: [GC (Allocation Failure) [PSYoungGen: 409485K->92255K(465920K)] 1142752K->825787K(1558016K), 0.0173227 secs] [Times: user=0.03 sys=0.01, real=0.02 secs] 
976.754: [GC (Allocation Failure) [PSYoungGen: 325215K->37845K(465920K)] 1058747K->771674K(1558016K), 0.0066415 secs] [Times: user=0.01 sys=0.00, real=0.01 secs] 
977.042: [GC (Allocation Failure) [PSYoungGen: 270805K->184687K(465920K)] 1004634K->919882K(1558016K), 0.0204856 secs] [Times: user=0.03 sys=0.00, real=0.02 secs] 
977.326: [GC (Allocation Failure) [PSYoungGen: 417647K->184623K(465920K)] 1152842K->919963K(1558016K), 0.0204683 secs] [Times: user=0.03 sys=0.00, real=0.02 secs] 
977.943: [GC (Allocation Failure) [PSYoungGen: 407165K->91516K(465920K)] 1142505K->827129K(1558016K), 0.0113177 secs] [Times: user=0.02 sys=0.00, real=0.01 secs] 
978.809: [GC (Allocation Failure) [PSYoungGen: 324476K->37970K(465920K)] 1060089K->773893K(1558016K), 0.0066753 secs] [Times: user=0.02 sys=0.00, real=0.01 secs] 
979.085: [GC (Allocation Failure) [PSYoungGen: 270930K->183948K(465920K)] 1006853K->921108K(1558016K), 0.0204013 secs] [Times: user=0.03 sys=0.00, real=0.02 secs] 
979.429: [GC (Allocation Failure) [PSYoungGen: 416908K->184398K(465920K)] 1154068K->921960K(1558016K), 0.0207298 secs] [Times: user=0.02 sys=0.00, real=0.02 secs] 
980.025: [GC (Allocation Failure) [PSYoungGen: 409617K->92351K(465920K)] 1147179K->830050K(1558016K), 0.0123178 secs] [Times: user=0.03 sys=0.00, real=0.01 secs] 
981.367: [GC (Allocation Failure) [PSYoungGen: 325311K->37748K(465920K)] 1063010K->775745K(1558016K), 0.0069428 secs] [Times: user=0.02 sys=0.00, real=0.00 secs] 
981.658: [GC (Allocation Failure) [PSYoungGen: 270708K->184751K(465920K)] 1008705K->923993K(1558016K), 0.0205057 secs] [Times: user=0.02 sys=0.00, real=0.02 secs] 
982.003: [GC (Allocation Failure) [PSYoungGen: 417711K->184687K(465920K)] 1156953K->924226K(1558016K), 0.0205895 secs] [Times: user=0.03 sys=0.00, real=0.02 secs] 
983.596: [GC (Allocation Failure) [PSYoungGen: 407226K->91548K(465920K)] 1146765K->831352K(1558016K), 0.0122807 secs] [Times: user=0.02 sys=0.00, real=0.01 secs] 
984.928: [GC (Allocation Failure) [PSYoungGen: 324508K->37748K(465920K)] 1064312K->777866K(1558016K), 0.0066622 secs] [Times: user=0.01 sys=0.00, real=0.00 secs] 
985.203: [GC (Allocation Failure) [PSYoungGen: 270708K->183948K(465920K)] 1010826K->925319K(1558016K), 0.0204251 secs] [Times: user=0.02 sys=0.01, real=0.02 secs] 
985.488: [GC (Allocation Failure) [PSYoungGen: 416908K->184462K(465920K)] 1158279K->926243K(1558016K), 0.0204789 secs] [Times: user=0.02 sys=0.00, real=0.02 secs] 
986.102: [GC (Allocation Failure) [PSYoungGen: 409691K->92608K(465920K)] 1151473K->834534K(1558016K), 0.0114690 secs] [Times: user=0.02 sys=0.00, real=0.01 secs] 
987.476: [GC (Allocation Failure) [PSYoungGen: 325568K->37684K(465920K)] 1067494K->779923K(1558016K), 0.0072990 secs] [Times: user=0.02 sys=0.00, real=0.00 secs] 
987.778: [GC (Allocation Failure) [PSYoungGen: 270644K->184076K(465920K)] 1012883K->927569K(1558016K), 0.0203508 secs] [Times: user=0.03 sys=0.00, real=0.02 secs] 
988.065: [GC (Allocation Failure) [PSYoungGen: 417036K->184976K(465920K)] 1160529K->928750K(1558016K), 0.0206093 secs] [Times: user=0.03 sys=0.00, real=0.02 secs] 
988.696: [GC (Allocation Failure) [PSYoungGen: 405779K->91966K(465920K)] 1149553K->836005K(1558016K), 0.0115040 secs] [Times: user=0.03 sys=0.00, real=0.01 secs] 
989.526: [GC (Allocation Failure) [PSYoungGen: 324926K->38166K(465920K)] 1068965K->782513K(1558016K), 0.0056199 secs] [Times: user=0.02 sys=0.00, real=0.00 secs] 
989.796: [GC (Allocation Failure) [PSYoungGen: 271126K->184590K(465920K)] 1015473K->930191K(1558016K), 0.0203864 secs] [Times: user=0.03 sys=0.00, real=0.02 secs] 
990.085: [GC (Allocation Failure) [PSYoungGen: 417550K->184237K(465920K)] 1163151K->930111K(1558016K), 0.0203219 secs] [Times: user=0.03 sys=0.00, real=0.03 secs] 
991.559: [GC (Allocation Failure) [PSYoungGen: 406835K->91773K(465920K)] 1152709K->837911K(1558016K), 0.0221240 secs] [Times: user=0.05 sys=0.00, real=0.02 secs] 
994.109: [GC (Allocation Failure) [PSYoungGen: 324733K->37459K(465920K)] 1070871K->783906K(1558016K), 0.0076702 secs] [Times: user=0.02 sys=0.00, real=0.01 secs] 
994.486: [GC (Allocation Failure) [PSYoungGen: 270419K->184847K(465920K)] 1016866K->932547K(1558016K), 0.0204999 secs] [Times: user=0.03 sys=0.00, real=0.02 secs] 
994.824: [GC (Allocation Failure) [PSYoungGen: 417807K->184044K(465920K)] 1165507K->932154K(1558016K), 0.0205026 secs] [Times: user=0.03 sys=0.00, real=0.02 secs] 
996.273: [GC (Allocation Failure) [PSYoungGen: 407976K->92383K(465920K)] 1156086K->840629K(1558016K), 0.0210971 secs] [Times: user=0.04 sys=0.00, real=0.02 secs] 
998.568: [GC (Allocation Failure) [PSYoungGen: 325343K->37684K(465920K)] 1073589K->786228K(1558016K), 0.0080194 secs] [Times: user=0.02 sys=0.00, real=0.01 secs] 
998.883: [GC (Allocation Failure) [PSYoungGen: 270644K->184462K(465920K)] 1019188K->934251K(1558016K), 0.0205198 secs] [Times: user=0.03 sys=0.00, real=0.02 secs] 
999.168: [GC (Allocation Failure) [PSYoungGen: 417422K->184590K(465920K)] 1167211K->934661K(1558016K), 0.0203667 secs] [Times: user=0.03 sys=0.00, real=0.02 secs] 
999.951: [GC (Allocation Failure) [PSYoungGen: 407638K->91982K(465920K)] 1157709K->842325K(1558016K), 0.0114867 secs] [Times: user=0.02 sys=0.00, real=0.01 secs] 
1000.943: [GC (Allocation Failure) [PSYoungGen: 324942K->37845K(465920K)] 1075285K->788486K(1558016K), 0.0070765 secs] [Times: user=0.02 sys=0.00, real=0.01 secs] 
1001.287: [GC (Allocation Failure) [PSYoungGen: 270805K->183658K(465920K)] 1021446K->935545K(1558016K), 0.0205180 secs] [Times: user=0.03 sys=0.00, real=0.02 secs] 
1001.630: [GC (Allocation Failure) [PSYoungGen: 416618K->184558K(465920K)] 1168505K->936718K(1558016K), 0.0204176 secs] [Times: user=0.03 sys=0.00, real=0.02 secs] 
1002.890: [GC (Allocation Failure) [PSYoungGen: 409870K->92640K(465920K)] 1162030K->845202K(1558016K), 0.0172736 secs] [Times: user=0.04 sys=0.01, real=0.02 secs] 
1004.218: [GC (Allocation Failure) [PSYoungGen: 325600K->37877K(465920K)] 1078162K->790609K(1558016K), 0.0059300 secs] [Times: user=0.01 sys=0.00, real=0.00 secs] 
1004.487: [GC (Allocation Failure) [PSYoungGen: 270837K->183916K(465920K)] 1023569K->937894K(1558016K), 0.0202930 secs] [Times: user=0.03 sys=0.00, real=0.02 secs] 
1004.830: [GC (Allocation Failure) [PSYoungGen: 416876K->184847K(465920K)] 1170854K->939107K(1558016K), 0.0204544 secs] [Times: user=0.03 sys=0.00, real=0.02 secs] 
1006.718: [GC (Allocation Failure) [PSYoungGen: 410265K->92094K(465920K)] 1164524K->846619K(1558016K), 0.0279443 secs] [Times: user=0.07 sys=0.00, real=0.03 secs] 
1007.747: [GC (Allocation Failure) [PSYoungGen: 325054K->38005K(465920K)] 1079579K->792824K(1558016K), 0.0056477 secs] [Times: user=0.02 sys=0.00, real=0.00 secs] 
1008.018: [GC (Allocation Failure) [PSYoungGen: 270965K->184687K(465920K)] 1025784K->940759K(1558016K), 0.0204157 secs] [Times: user=0.03 sys=0.00, real=0.02 secs] 
1008.359: [GC (Allocation Failure) [PSYoungGen: 417647K->184655K(465920K)] 1173719K->941000K(1558016K), 0.0207531 secs] [Times: user=0.03 sys=0.00, real=0.02 secs] 
1010.332: [GC (Allocation Failure) [PSYoungGen: 407214K->91355K(465920K)] 1163559K->847965K(1558016K), 0.0251924 secs] [Times: user=0.05 sys=0.00, real=0.03 secs] 
1011.659: [GC (Allocation Failure) [PSYoungGen: 324315K->37909K(465920K)] 1080925K->794825K(1558016K), 0.0080890 secs] [Times: user=0.02 sys=0.00, real=0.01 secs] 
1011.980: [GC (Allocation Failure) [PSYoungGen: 270869K->184687K(465920K)] 1027785K->942864K(1558016K), 0.0206746 secs] [Times: user=0.03 sys=0.00, real=0.02 secs] 
1012.264: [GC (Allocation Failure) [PSYoungGen: 417647K->184655K(465920K)] 1175824K->943113K(1558016K), 0.0204997 secs] [Times: user=0.03 sys=0.00, real=0.02 secs] 
1013.949: [GC (Allocation Failure) [PSYoungGen: 407204K->91484K(465920K)] 1165663K->850207K(1558016K), 0.0206828 secs] [Times: user=0.04 sys=0.01, real=0.02 secs] 
1016.103: [GC (Allocation Failure) [PSYoungGen: 324444K->37684K(465920K)] 1083167K->796722K(1558016K), 0.0078818 secs] [Times: user=0.01 sys=0.00, real=0.01 secs] 
1016.419: [GC (Allocation Failure) [PSYoungGen: 270644K->183948K(465920K)] 1029682K->944231K(1558016K), 0.0204057 secs] [Times: user=0.03 sys=0.00, real=0.02 secs] 
1016.774: [GC (Allocation Failure) [PSYoungGen: 416908K->184430K(465920K)] 1177191K->945114K(1558016K), 0.0204960 secs] [Times: user=0.03 sys=0.00, real=0.02 secs] 
1018.248: [GC (Allocation Failure) [PSYoungGen: 409651K->92608K(465920K)] 1170336K->853429K(1558016K), 0.0161443 secs] [Times: user=0.03 sys=0.00, real=0.01 secs] 
1020.144: [GC (Allocation Failure) [PSYoungGen: 325568K->37620K(465920K)] 1086389K->798740K(1558016K), 0.0066513 secs] [Times: user=0.02 sys=0.00, real=0.01 secs] 
1020.421: [GC (Allocation Failure) [PSYoungGen: 270580K->184044K(465920K)] 1031700K->946410K(1558016K), 0.0203597 secs] [Times: user=0.03 sys=0.00, real=0.02 secs] 
1020.709: [GC (Allocation Failure) [PSYoungGen: 417004K->184494K(465920K)] 1179370K->947134K(1558016K), 0.0203416 secs] [Times: user=0.03 sys=0.00, real=0.02 secs] 
1021.933: [GC (Allocation Failure) [PSYoungGen: 409685K->92544K(465920K)] 1172324K->855456K(1558016K), 0.0170646 secs] [Times: user=0.04 sys=0.00, real=0.02 secs] 
1023.540: [GC (Allocation Failure) [PSYoungGen: 325504K->37748K(465920K)] 1088416K->800976K(1558016K), 0.0057292 secs] [Times: user=0.02 sys=0.00, real=0.01 secs] 
1023.868: [GC (Allocation Failure) [PSYoungGen: 270708K->184205K(465920K)] 1033936K->948686K(1558016K), 0.0205515 secs] [Times: user=0.03 sys=0.00, real=0.02 secs] 
1024.152: [GC (Allocation Failure) [PSYoungGen: 417165K->184558K(465920K)] 1181646K->949450K(1558016K), 0.0205308 secs] [Times: user=0.03 sys=0.00, real=0.02 secs] 
1025.692: [GC (Allocation Failure) [PSYoungGen: 409727K->92255K(465920K)] 1174618K->857283K(1558016K), 0.0203502 secs] [Times: user=0.04 sys=0.00, real=0.02 secs] 
1027.970: [GC (Allocation Failure) [PSYoungGen: 325215K->37684K(465920K)] 1090243K->803010K(1558016K), 0.0076679 secs] [Times: user=0.02 sys=0.00, real=0.01 secs] 
1028.353: [GC (Allocation Failure) [PSYoungGen: 270644K->184687K(465920K)] 1035970K->951266K(1558016K), 0.0209716 secs] [Times: user=0.03 sys=0.00, real=0.02 secs] 
1028.694: [GC (Allocation Failure) [PSYoungGen: 417647K->184366K(465920K)] 1184226K->951218K(1558016K), 0.0203773 secs] [Times: user=0.03 sys=0.00, real=0.02 secs] 
1029.822: [GC (Allocation Failure) [PSYoungGen: 406838K->91853K(465920K)] 1173691K->858978K(1558016K), 0.0166050 secs] [Times: user=0.04 sys=0.00, real=0.02 secs] 
1032.022: [GC (Allocation Failure) [PSYoungGen: 324813K->37909K(465920K)] 1091938K->805348K(1558016K), 0.0081363 secs] [Times: user=0.02 sys=0.00, real=0.01 secs] 
1032.408: [GC (Allocation Failure) [PSYoungGen: 270869K->184687K(465920K)] 1038308K->953387K(1558016K), 0.0205429 secs] [Times: user=0.03 sys=0.00, real=0.02 secs] 
1032.693: [GC (Allocation Failure) [PSYoungGen: 417647K->184719K(465920K)] 1186347K->953700K(1558016K), 0.0204354 secs] [Times: user=0.02 sys=0.00, real=0.02 secs] 
1034.168: [GC (Allocation Failure) [PSYoungGen: 407264K->91484K(465920K)] 1176246K->860730K(1558016K), 0.0203868 secs] [Times: user=0.04 sys=0.00, real=0.02 secs] 
1035.843: [GC (Allocation Failure) [PSYoungGen: 324444K->37556K(465920K)] 1093690K->807116K(1558016K), 0.0073382 secs] [Times: user=0.02 sys=0.00, real=0.01 secs] 
1036.142: [GC (Allocation Failure) [PSYoungGen: 270516K->183819K(465920K)] 1040076K->954633K(1558016K), 0.0205013 secs] [Times: user=0.03 sys=0.00, real=0.02 secs] 
1036.426: [GC (Allocation Failure) [PSYoungGen: 416779K->184462K(465920K)] 1187593K->955549K(1558016K), 0.0206350 secs] [Times: user=0.03 sys=0.00, real=0.02 secs] 
1037.751: [GC (Allocation Failure) [PSYoungGen: 409678K->92865K(465920K)] 1180765K->864217K(1558016K), 0.0155226 secs] [Times: user=0.03 sys=0.00, real=0.02 secs] 
1038.705: [GC (Allocation Failure) [PSYoungGen: 325825K->37973K(465920K)] 1097177K->809635K(1558016K), 0.0071461 secs] [Times: user=0.01 sys=0.00, real=0.00 secs] 
1039.073: [GC (Allocation Failure) [PSYoungGen: 270933K->184719K(465920K)] 1042595K->957634K(1558016K), 0.0207096 secs] [Times: user=0.03 sys=0.01, real=0.02 secs] 
1039.358: [GC (Allocation Failure) [PSYoungGen: 417679K->184751K(465920K)] 1190594K->958076K(1558016K), 0.0206568 secs] [Times: user=0.03 sys=0.00, real=0.02 secs] 
1040.431: [GC (Allocation Failure) [PSYoungGen: 407183K->91307K(465920K)] 1180508K->864905K(1558016K), 0.0126950 secs] [Times: user=0.02 sys=0.00, real=0.01 secs] 
1042.009: [GC (Allocation Failure) [PSYoungGen: 324267K->37909K(465920K)] 1097865K->811692K(1558016K), 0.0079867 secs] [Times: user=0.02 sys=0.00, real=0.01 secs] 
1042.387: [GC (Allocation Failure) [PSYoungGen: 270869K->183948K(465920K)] 1044652K->958992K(1558016K), 0.0205428 secs] [Times: user=0.03 sys=0.00, real=0.02 secs] 
1042.672: [GC (Allocation Failure) [PSYoungGen: 416908K->184398K(465920K)] 1191952K->959844K(1558016K), 0.0207289 secs] [Times: user=0.03 sys=0.00, real=0.02 secs] 
1043.949: [GC (Allocation Failure) [PSYoungGen: 409595K->92512K(465920K)] 1185042K->868095K(1558016K), 0.0153006 secs] [Times: user=0.03 sys=0.00, real=0.01 secs] 
1044.774: [GC (Allocation Failure) [PSYoungGen: 325472K->37970K(465920K)] 1101055K->813855K(1558016K), 0.0099010 secs] [Times: user=0.02 sys=0.00, real=0.01 secs] 
1045.128: [GC (Allocation Failure) [PSYoungGen: 270930K->184205K(465920K)] 1046815K->961335K(1558016K), 0.0204825 secs] [Times: user=0.03 sys=0.00, real=0.02 secs] 
1045.412: [GC (Allocation Failure) [PSYoungGen: 417165K->184590K(465920K)] 1194295K->962130K(1558016K), 0.0205433 secs] [Times: user=0.02 sys=0.00, real=0.02 secs] 
1048.355: [GC (Allocation Failure) [PSYoungGen: 409752K->91998K(465920K)] 1187292K->869682K(1558016K), 0.0198486 secs] [Times: user=0.05 sys=0.00, real=0.02 secs] 
1049.785: [GC (Allocation Failure) [PSYoungGen: 324958K->37973K(465920K)] 1102642K->815963K(1558016K), 0.0072277 secs] [Times: user=0.02 sys=0.00, real=0.00 secs] 
1050.133: [GC (Allocation Failure) [PSYoungGen: 270933K->184462K(465920K)] 1048923K->963697K(1558016K), 0.0204366 secs] [Times: user=0.02 sys=0.00, real=0.02 secs] 
1050.417: [GC (Allocation Failure) [PSYoungGen: 417422K->184719K(465920K)] 1196657K->964364K(1558016K), 0.0204437 secs] [Times: user=0.03 sys=0.00, real=0.02 secs] 
1051.541: [GC (Allocation Failure) [PSYoungGen: 407280K->91644K(465920K)] 1186925K->871434K(1558016K), 0.0167828 secs] [Times: user=0.03 sys=0.00, real=0.02 secs] 
1052.498: [GC (Allocation Failure) [PSYoungGen: 324604K->38037K(465920K)] 1104394K->818143K(1558016K), 0.0056936 secs] [Times: user=0.02 sys=0.00, real=0.00 secs] 
1052.770: [GC (Allocation Failure) [PSYoungGen: 270997K->184719K(465920K)] 1051103K->966078K(1558016K), 0.0205607 secs] [Times: user=0.03 sys=0.00, real=0.02 secs] 
1053.054: [GC (Allocation Failure) [PSYoungGen: 417679K->184719K(465920K)] 1199038K->966359K(1558016K), 0.0204640 secs] [Times: user=0.03 sys=0.00, real=0.02 secs] 
1053.745: [GC (Allocation Failure) [PSYoungGen: 407258K->91387K(465920K)] 1188899K->873292K(1558016K), 0.0121589 secs] [Times: user=0.03 sys=0.00, real=0.01 secs] 
1054.750: [GC (Allocation Failure) [PSYoungGen: 324347K->37877K(465920K)] 1106252K->820088K(1558016K), 0.0073016 secs] [Times: user=0.02 sys=0.00, real=0.01 secs] 
1055.134: [GC (Allocation Failure) [PSYoungGen: 270837K->184719K(465920K)] 1053048K->968175K(1558016K), 0.0206643 secs] [Times: user=0.03 sys=0.00, real=0.02 secs] 
1055.474: [GC (Allocation Failure) [PSYoungGen: 417679K->184623K(465920K)] 1201135K->968352K(1558016K), 0.0203967 secs] [Times: user=0.02 sys=0.00, real=0.02 secs] 
1056.205: [GC (Allocation Failure) [PSYoungGen: 407170K->91516K(465920K)] 1190899K->875510K(1558016K), 0.0127741 secs] [Times: user=0.03 sys=0.00, real=0.01 secs] 
1057.010: [GC (Allocation Failure) [PSYoungGen: 324476K->38002K(465920K)] 1108470K->822313K(1558016K), 0.0059451 secs] [Times: user=0.02 sys=0.00, real=0.01 secs] 
1057.335: [GC (Allocation Failure) [PSYoungGen: 270962K->183916K(465920K)] 1055273K->969479K(1558016K), 0.0206134 secs] [Times: user=0.03 sys=0.00, real=0.02 secs] 
1057.625: [GC (Allocation Failure) [PSYoungGen: 416876K->184430K(465920K)] 1202439K->970403K(1558016K), 0.0205338 secs] [Times: user=0.03 sys=0.00, real=0.03 secs] 
1059.475: [GC (Allocation Failure) [PSYoungGen: 409651K->92415K(465920K)] 1195625K->878525K(1558016K), 0.0198609 secs] [Times: user=0.04 sys=0.00, real=0.02 secs] 
1061.714: [GC (Allocation Failure) [PSYoungGen: 325375K->37523K(465920K)] 1111485K->823949K(1558016K), 0.0078992 secs] [Times: user=0.02 sys=0.00, real=0.01 secs] 
1062.026: [GC (Allocation Failure) [PSYoungGen: 270483K->184719K(465920K)] 1056909K->972406K(1558016K), 0.0204271 secs] [Times: user=0.02 sys=0.00, real=0.02 secs] 
1062.311: [GC (Allocation Failure) [PSYoungGen: 417679K->184687K(465920K)] 1205366K->972784K(1558016K), 0.0204016 secs] [Times: user=0.03 sys=0.00, real=0.02 secs] 
1063.547: [GC (Allocation Failure) [PSYoungGen: 409693K->91869K(465920K)] 1197790K->880231K(1558016K), 0.0134656 secs] [Times: user=0.02 sys=0.00, real=0.01 secs] 
1064.902: [GC (Allocation Failure) [PSYoungGen: 324829K->37649K(465920K)] 1113191K->826192K(1558016K), 0.0056073 secs] [Times: user=0.01 sys=0.00, real=0.01 secs] 
1065.171: [GC (Allocation Failure) [PSYoungGen: 270609K->184333K(465920K)] 1059152K->974130K(1558016K), 0.0204333 secs] [Times: user=0.03 sys=0.00, real=0.02 secs] 
1065.460: [GC (Allocation Failure) [PSYoungGen: 417293K->183658K(465920K)] 1207090K->973728K(1558016K), 0.0205042 secs] [Times: user=0.03 sys=0.00, real=0.02 secs] 
1066.080: [GC (Allocation Failure) [PSYoungGen: 408627K->93122K(465920K)] 1198697K->883457K(1558016K), 0.0120929 secs] [Times: user=0.03 sys=0.00, real=0.01 secs] 
1067.404: [GC (Allocation Failure) [PSYoungGen: 326082K->37588K(465920K)] 1116417K->828238K(1558016K), 0.0066671 secs] [Times: user=0.01 sys=0.00, real=0.01 secs] 
1067.746: [GC (Allocation Failure) [PSYoungGen: 270548K->184687K(465920K)] 1061198K->976591K(1558016K), 0.0206510 secs] [Times: user=0.03 sys=0.00, real=0.02 secs] 
1068.030: [GC (Allocation Failure) [PSYoungGen: 417647K->184462K(465920K)] 1209551K->976639K(1558016K), 0.0205621 secs] [Times: user=0.02 sys=0.00, real=0.02 secs] 
1068.702: [GC (Allocation Failure) [PSYoungGen: 409494K->91998K(465920K)] 1201672K->884440K(1558016K), 0.0117086 secs] [Times: user=0.02 sys=0.00, real=0.01 secs] 
1069.512: [GC (Allocation Failure) [PSYoungGen: 324958K->38034K(465920K)] 1117400K->830790K(1558016K), 0.0056581 secs] [Times: user=0.01 sys=0.00, real=0.01 secs] 
1069.839: [GC (Allocation Failure) [PSYoungGen: 270994K->184815K(465920K)] 1063750K->978817K(1558016K), 0.0205731 secs] [Times: user=0.03 sys=0.00, real=0.02 secs] 
1070.124: [GC (Allocation Failure) [PSYoungGen: 417775K->184526K(465920K)] 1211777K->978801K(1558016K), 0.0204301 secs] [Times: user=0.02 sys=0.00, real=0.02 secs] 
1071.534: [GC (Allocation Failure) [PSYoungGen: 406958K->91387K(465920K)] 1201233K->885935K(1558016K), 0.0128864 secs] [Times: user=0.02 sys=0.00, real=0.02 secs] 
1072.903: [GC (Allocation Failure) [PSYoungGen: 324347K->37845K(465920K)] 1118895K->832700K(1558016K), 0.0080746 secs] [Times: user=0.02 sys=0.00, real=0.01 secs] 
1073.294: [GC (Allocation Failure) [PSYoungGen: 270805K->184687K(465920K)] 1065660K->980796K(1558016K), 0.0207368 secs] [Times: user=0.03 sys=0.00, real=0.02 secs] 
1073.639: [GC (Allocation Failure) [PSYoungGen: 417647K->184430K(465920K)] 1213756K->980820K(1558016K), 0.0222902 secs] [Times: user=0.04 sys=0.00, real=0.02 secs] 
1074.633: [GC (Allocation Failure) [PSYoungGen: 407147K->91709K(465920K)] 1203537K->888364K(1558016K), 0.0122958 secs] [Times: user=0.03 sys=0.00, real=0.02 secs] 
1076.283: [GC (Allocation Failure) [PSYoungGen: 324669K->37845K(465920K)] 1121324K->834815K(1558016K), 0.0072227 secs] [Times: user=0.02 sys=0.00, real=0.01 secs] 
1076.576: [GC (Allocation Failure) [PSYoungGen: 270805K->184719K(465920K)] 1067775K->982935K(1558016K), 0.0204861 secs] [Times: user=0.03 sys=0.00, real=0.02 secs] 
1076.865: [GC (Allocation Failure) [PSYoungGen: 417679K->184366K(465920K)] 1215895K->982855K(1558016K), 0.0205200 secs] [Times: user=0.03 sys=0.00, real=0.02 secs] 
1077.908: [GC (Allocation Failure) [PSYoungGen: 407096K->91709K(465920K)] 1205586K->890463K(1558016K), 0.0254531 secs] [Times: user=0.06 sys=0.01, real=0.02 secs] 
1079.950: [GC (Allocation Failure) [PSYoungGen: 324669K->37716K(465920K)] 1123423K->836770K(1558016K), 0.0078039 secs] [Times: user=0.02 sys=0.00, real=0.01 secs] 
1080.327: [GC (Allocation Failure) [PSYoungGen: 270676K->183819K(465920K)] 1069730K->984119K(1558016K), 0.0204765 secs] [Times: user=0.03 sys=0.00, real=0.02 secs] 
1080.614: [GC (Allocation Failure) [PSYoungGen: 416779K->184430K(465920K)] 1217079K->985010K(1558016K), 0.0204028 secs] [Times: user=0.03 sys=0.00, real=0.02 secs] 
1081.976: [GC (Allocation Failure) [PSYoungGen: 409683K->92769K(465920K)] 1210264K->893623K(1558016K), 0.0198278 secs] [Times: user=0.04 sys=0.00, real=0.02 secs] 
1082.797: [GC (Allocation Failure) [PSYoungGen: 325729K->38102K(465920K)] 1126583K->839271K(1558016K), 0.0074747 secs] [Times: user=0.02 sys=0.00, real=0.00 secs] 
1083.152: [GC (Allocation Failure) [PSYoungGen: 271062K->184719K(465920K)] 1072231K->987126K(1558016K), 0.0206869 secs] [Times: user=0.03 sys=0.00, real=0.02 secs] 
1083.436: [GC (Allocation Failure) [PSYoungGen: 417679K->184687K(465920K)] 1220086K->987503K(1558016K), 0.0205965 secs] [Times: user=0.03 sys=0.00, real=0.02 secs] 
1084.181: [GC (Allocation Failure) [PSYoungGen: 407117K->91194K(465920K)] 1209934K->894284K(1558016K), 0.0125612 secs] [Times: user=0.03 sys=0.00, real=0.01 secs] 
1085.025: [GC (Allocation Failure) [PSYoungGen: 324154K->37941K(465920K)] 1127244K->841212K(1558016K), 0.0091431 secs] [Times: user=0.02 sys=0.00, real=0.01 secs] 
1085.431: [GC (Allocation Failure) [PSYoungGen: 270901K->183948K(465920K)] 1074172K->988472K(1558016K), 0.0205734 secs] [Times: user=0.03 sys=0.00, real=0.02 secs] 
1085.715: [GC (Allocation Failure) [PSYoungGen: 416908K->184847K(465920K)] 1221432K->989653K(1558016K), 0.0206881 secs] [Times: user=0.03 sys=0.00, real=0.02 secs] 
1086.428: [GC (Allocation Failure) [PSYoungGen: 405545K->91998K(465920K)] 1210351K->897197K(1558016K), 0.0129153 secs] [Times: user=0.03 sys=0.00, real=0.01 secs] 
1087.264: [GC (Allocation Failure) [PSYoungGen: 324958K->37973K(465920K)] 1130157K->843360K(1558016K), 0.0069847 secs] [Times: user=0.02 sys=0.00, real=0.01 secs] 
1087.549: [GC (Allocation Failure) [PSYoungGen: 270933K->184719K(465920K)] 1076320K->991359K(1558016K), 0.0205611 secs] [Times: user=0.03 sys=0.00, real=0.02 secs] 
1087.891: [GC (Allocation Failure) [PSYoungGen: 417679K->184494K(465920K)] 1224319K->991407K(1558016K), 0.0204375 secs] [Times: user=0.02 sys=0.00, real=0.02 secs] 
1088.683: [GC (Allocation Failure) [PSYoungGen: 407095K->91516K(465920K)] 1214008K->898694K(1558016K), 0.0125718 secs] [Times: user=0.03 sys=0.00, real=0.02 secs] 
1089.558: [GC (Allocation Failure) [PSYoungGen: 324476K->38037K(465920K)] 1131654K->845523K(1558016K), 0.0058160 secs] [Times: user=0.01 sys=0.00, real=0.00 secs] 
1089.831: [GC (Allocation Failure) [PSYoungGen: 270997K->186357K(465920K)] 1078483K->995225K(1558016K), 0.0207637 secs] [Times: user=0.03 sys=0.00, real=0.02 secs] 
1090.117: [GC (Allocation Failure) [PSYoungGen: 419317K->184815K(465920K)] 1228185K->993828K(1558016K), 0.0207453 secs] [Times: user=0.03 sys=0.00, real=0.02 secs] 
1091.491: [GC (Allocation Failure) [PSYoungGen: 405132K->89556K(465920K)] 1214145K->898841K(1558016K), 0.0193243 secs] [Times: user=0.04 sys=0.00, real=0.02 secs] 
1093.325: [GC (Allocation Failure) [PSYoungGen: 322516K->37748K(465920K)] 1131801K->847341K(1558016K), 0.0080417 secs] [Times: user=0.03 sys=0.00, real=0.00 secs] 
1093.646: [GC (Allocation Failure) [PSYoungGen: 270708K->186389K(465920K)] 1080301K->997228K(1558016K), 0.0207346 secs] [Times: user=0.03 sys=0.00, real=0.02 secs] 
1093.931: [GC (Allocation Failure) [PSYoungGen: 419349K->184237K(465920K)] 1230188K->995349K(1558016K), 0.0205984 secs] [Times: user=0.03 sys=0.00, real=0.02 secs] 
1095.299: [GC (Allocation Failure) [PSYoungGen: 405867K->90295K(465920K)] 1216979K->901672K(1558016K), 0.0198801 secs] [Times: user=0.05 sys=0.00, real=0.02 secs] 
1097.155: [GC (Allocation Failure) [PSYoungGen: 323255K->37716K(465920K)] 1134632K->849401K(1558016K), 0.0072162 secs] [Times: user=0.02 sys=0.00, real=0.01 secs] 
1097.449: [GC (Allocation Failure) [PSYoungGen: 270676K->184076K(465920K)] 1082361K->997014K(1558016K), 0.0204981 secs] [Times: user=0.03 sys=0.00, real=0.02 secs] 
1097.760: [GC (Allocation Failure) [PSYoungGen: 417036K->184783K(465920K)] 1229974K->997994K(1558016K), 0.0204873 secs] [Times: user=0.03 sys=0.00, real=0.02 secs] 
1099.457: [GC (Allocation Failure) [PSYoungGen: 409395K->92126K(465920K)] 1222606K->905610K(1558016K), 0.0166052 secs] [Times: user=0.04 sys=0.00, real=0.01 secs] 
1101.583: [GC (Allocation Failure) [PSYoungGen: 325086K->37491K(465920K)] 1138570K->851299K(1558016K), 0.0070864 secs] [Times: user=0.02 sys=0.00, real=0.01 secs] 
1101.878: [GC (Allocation Failure) [PSYoungGen: 270451K->186486K(465920K)] 1084259K->1001684K(1558016K), 0.0210629 secs] [Times: user=0.03 sys=0.00, real=0.02 secs] 
1102.166: [GC (Allocation Failure) [PSYoungGen: 419446K->186132K(465920K)] 1234644K->1001475K(1558016K), 0.0207234 secs] [Times: user=0.02 sys=0.00, real=0.02 secs] 
1102.812: [GC (Allocation Failure) [PSYoungGen: 405547K->88656K(465920K)] 1220890K->904264K(1558016K), 0.0110363 secs] [Times: user=0.02 sys=0.00, real=0.01 secs] 
1103.606: [GC (Allocation Failure) [PSYoungGen: 321616K->38005K(465920K)] 1137224K->853931K(1558016K), 0.0078970 secs] [Times: user=0.02 sys=0.00, real=0.00 secs] 
1103.882: [GC (Allocation Failure) [PSYoungGen: 270965K->184205K(465920K)] 1086891K->1001384K(1558016K), 0.0206662 secs] [Times: user=0.03 sys=0.00, real=0.02 secs] 
1104.169: [GC (Allocation Failure) [PSYoungGen: 417165K->184398K(465920K)] 1234344K->1001979K(1558016K), 0.0207679 secs] [Times: user=0.03 sys=0.00, real=0.02 secs] 
1104.784: [GC (Allocation Failure) [PSYoungGen: 407501K->92158K(465920K)] 1225082K->909876K(1558016K), 0.0109264 secs] [Times: user=0.02 sys=0.00, real=0.01 secs] 
1105.577: [GC (Allocation Failure) [PSYoungGen: 325118K->37909K(465920K)] 1142836K->855924K(1558016K), 0.0057539 secs] [Times: user=0.01 sys=0.00, real=0.00 secs] 
1105.922: [GC (Allocation Failure) [PSYoungGen: 270869K->184430K(465920K)] 1088884K->1003690K(1558016K), 0.0204765 secs] [Times: user=0.03 sys=0.00, real=0.02 secs] 
1106.206: [GC (Allocation Failure) [PSYoungGen: 417390K->184590K(465920K)] 1236650K->1004124K(1558016K), 0.0204564 secs] [Times: user=0.03 sys=0.00, real=0.02 secs] 
1107.366: [GC (Allocation Failure) [PSYoungGen: 407131K->91821K(465920K)] 1226665K->911620K(1558016K), 0.0197901 secs] [Times: user=0.04 sys=0.00, real=0.02 secs] 
1108.599: [GC (Allocation Failure) [PSYoungGen: 324781K->37906K(465920K)] 1144580K->858020K(1558016K), 0.0074990 secs] [Times: user=0.02 sys=0.00, real=0.01 secs] 
1108.900: [GC (Allocation Failure) [PSYoungGen: 270866K->184462K(465920K)] 1090980K->1005830K(1558016K), 0.0205958 secs] [Times: user=0.03 sys=0.00, real=0.02 secs] 
1109.185: [GC (Allocation Failure) [PSYoungGen: 417422K->184494K(465920K)] 1238790K->1006135K(1558016K), 0.0205502 secs] [Times: user=0.03 sys=0.00, real=0.02 secs] 
1110.570: [GC (Allocation Failure) [PSYoungGen: 407028K->91837K(465920K)] 1228670K->913743K(1558016K), 0.0164939 secs] [Times: user=0.04 sys=0.00, real=0.02 secs] 
1112.118: [GC (Allocation Failure) [PSYoungGen: 324797K->38005K(465920K)] 1146703K->860217K(1558016K), 0.0075270 secs] [Times: user=0.01 sys=0.00, real=0.01 secs] 
1112.468: [GC (Allocation Failure) [PSYoungGen: 270965K->184847K(465920K)] 1093177K->1008305K(1558016K), 0.0207522 secs] [Times: user=0.03 sys=0.00, real=0.02 secs] 
1112.754: [GC (Allocation Failure) [PSYoungGen: 417807K->184976K(465920K)] 1241265K->1008706K(1558016K), 0.0206779 secs] [Times: user=0.03 sys=0.00, real=0.02 secs] 
1113.986: [GC (Allocation Failure) [PSYoungGen: 407689K->90953K(465920K)] 1231420K->915078K(1558016K), 0.0168462 secs] [Times: user=0.03 sys=0.00, real=0.01 secs] 
1115.479: [GC (Allocation Failure) [PSYoungGen: 323913K->37748K(465920K)] 1148038K->862050K(1558016K), 0.0087715 secs] [Times: user=0.02 sys=0.00, real=0.01 secs] 
1115.817: [GC (Allocation Failure) [PSYoungGen: 270708K->183819K(465920K)] 1095010K->1009374K(1558016K), 0.0206667 secs] [Times: user=0.03 sys=0.00, real=0.02 secs] 
1116.102: [GC (Allocation Failure) [PSYoungGen: 416779K->184462K(465920K)] 1242334K->1010298K(1558016K), 0.0206438 secs] [Times: user=0.03 sys=0.00, real=0.02 secs] 
1117.242: [GC (Allocation Failure) [PSYoungGen: 408251K->92769K(465920K)] 1234088K->918870K(1558016K), 0.0140264 secs] [Times: user=0.03 sys=0.00, real=0.02 secs] 
1118.812: [GC (Allocation Failure) [PSYoungGen: 325729K->37588K(465920K)] 1151830K->863995K(1558016K), 0.0075422 secs] [Times: user=0.02 sys=0.00, real=0.01 secs] 
1119.182: [GC (Allocation Failure) [PSYoungGen: 270548K->184719K(465920K)] 1096955K->1012371K(1558016K), 0.0207065 secs] [Times: user=0.03 sys=0.00, real=0.02 secs] 
1119.510: [GC (Allocation Failure) [PSYoungGen: 417679K->184044K(465920K)] 1245331K->1011970K(1558016K), 0.0209988 secs] [Times: user=0.03 sys=0.00, real=0.02 secs] 
1120.366: [GC (Allocation Failure) [PSYoungGen: 408048K->92383K(465920K)] 1235973K->920582K(1558016K), 0.0142417 secs] [Times: user=0.04 sys=0.00, real=0.01 secs] 
1121.989: [GC (Allocation Failure) [PSYoungGen: 325343K->37780K(465920K)] 1153542K->866284K(1558016K), 0.0081200 secs] [Times: user=0.02 sys=0.00, real=0.01 secs] 
1122.295: [GC (Allocation Failure) [PSYoungGen: 270740K->184430K(465920K)] 1099244K->1014316K(1558016K), 0.0205667 secs] [Times: user=0.03 sys=0.00, real=0.02 secs] 
1122.637: [GC (GCLocker Initiated GC) [PSYoungGen: 417390K->184462K(465920K)] 1247276K->1014501K(1558016K), 0.0206366 secs] [Times: user=0.03 sys=0.00, real=0.02 secs] 
1123.826: [GC (Allocation Failure) [PSYoungGen: 417422K->75726K(465920K)] 1263848K->922417K(1558016K), 0.0122010 secs] [Times: user=0.02 sys=0.00, real=0.01 secs] 
1124.650: [GC (Allocation Failure) [PSYoungGen: 308686K->60593K(465920K)] 1155377K->907502K(1558016K), 0.0081382 secs] [Times: user=0.01 sys=0.00, real=0.01 secs] 
1124.978: [GC (Allocation Failure) [PSYoungGen: 293553K->184301K(465920K)] 1140462K->1032447K(1558016K), 0.0207340 secs] [Times: user=0.03 sys=0.00, real=0.02 secs] 
1125.266: [GC (Allocation Failure) [PSYoungGen: 417261K->184558K(465920K)] 1265407K->1032977K(1558016K), 0.0207539 secs] [Times: user=0.03 sys=0.00, real=0.02 secs] 
1126.051: [GC (Allocation Failure) [PSYoungGen: 417518K->52881K(465920K)] 1265937K->901573K(1558016K), 0.0090929 secs] [Times: user=0.02 sys=0.00, real=0.01 secs] 
1127.029: [GC (Allocation Failure) [PSYoungGen: 285841K->83631K(465920K)] 1134533K->932623K(1558016K), 0.0119299 secs] [Times: user=0.02 sys=0.00, real=0.01 secs] 
1127.309: [GC (Allocation Failure) [PSYoungGen: 316591K->184044K(465920K)] 1165583K->1034410K(1558016K), 0.0206981 secs] [Times: user=0.02 sys=0.00, real=0.02 secs] 
1127.593: [GC (Allocation Failure) [PSYoungGen: 417004K->184076K(465920K)] 1267370K->1034586K(1558016K), 0.0206640 secs] [Times: user=0.03 sys=0.00, real=0.02 secs] 
1129.166: [GC (Allocation Failure) [PSYoungGen: 417036K->30598K(465920K)] 1267546K->881374K(1558016K), 0.0071970 secs] [Times: user=0.02 sys=0.00, real=0.00 secs] 
1130.228: [GC (Allocation Failure) [PSYoungGen: 263558K->105287K(465920K)] 1114334K->956376K(1558016K), 0.0127396 secs] [Times: user=0.02 sys=0.00, real=0.01 secs] 
1130.506: [GC (Allocation Failure) [PSYoungGen: 338247K->184173K(465920K)] 1189336K->1036499K(1558016K), 0.0206715 secs] [Times: user=0.03 sys=0.00, real=0.02 secs] 
1130.791: [GC (Allocation Failure) [PSYoungGen: 417133K->184494K(465920K)] 1269459K->1037094K(1558016K), 0.0205693 secs] [Times: user=0.03 sys=0.00, real=0.02 secs] 
1132.653: [GC (Allocation Failure) [PSYoungGen: 417454K->8380K(465920K)] 1270054K->861253K(1558016K), 0.0040663 secs] [Times: user=0.02 sys=0.00, real=0.01 secs] 
1133.258: [GC (Allocation Failure) [PSYoungGen: 241340K->127425K(465920K)] 1094213K->980624K(1558016K), 0.0148895 secs] [Times: user=0.03 sys=0.00, real=0.01 secs] 
1133.537: [GC (Allocation Failure) [PSYoungGen: 360385K->184944K(465920K)] 1213584K->1039388K(1558016K), 0.0206943 secs] [Times: user=0.03 sys=0.00, real=0.02 secs] 
1134.046: [GC (Allocation Failure) [PSYoungGen: 417904K->174957K(465920K)] 1272348K->1029803K(1558016K), 0.0237673 secs] [Times: user=0.03 sys=0.00, real=0.02 secs] 
1135.704: [GC (Allocation Failure) [PSYoungGen: 407917K->128K(465920K)] 1262763K->857309K(1558016K), 0.0029825 secs] [Times: user=0.02 sys=0.00, real=0.01 secs] 
1136.318: [GC (Allocation Failure) [PSYoungGen: 233088K->148920K(465920K)] 1090269K->1006118K(1558016K), 0.0170370 secs] [Times: user=0.02 sys=0.00, real=0.02 secs] 
1136.599: [GC (Allocation Failure) [PSYoungGen: 381880K->184719K(465920K)] 1239078K->1043162K(1558016K), 0.0207457 secs] [Times: user=0.03 sys=0.00, real=0.02 secs] 
1137.242: [GC (Allocation Failure) [PSYoungGen: 417679K->156887K(465920K)] 1276122K->1015595K(1558016K), 0.0228748 secs] [Times: user=0.04 sys=0.00, real=0.03 secs] 
1138.409: [GC (Allocation Failure) [PSYoungGen: 389847K->64K(465920K)] 1248555K->860213K(1558016K), 0.0030006 secs] [Times: user=0.01 sys=0.00, real=0.00 secs] 
1138.940: [GC (Allocation Failure) [PSYoungGen: 233024K->172505K(465920K)] 1093173K->1032670K(1558016K), 0.0197041 secs] [Times: user=0.03 sys=0.00, real=0.02 secs] 
1139.283: [GC (Allocation Failure) [PSYoungGen: 405465K->184205K(465920K)] 1265630K->1045616K(1558016K), 0.0207737 secs] [Times: user=0.03 sys=0.00, real=0.02 secs] 
1140.094: [GC (Allocation Failure) [PSYoungGen: 417165K->141897K(465920K)] 1278576K->1003573K(1558016K), 0.0216860 secs] [Times: user=0.04 sys=0.00, real=0.03 secs] 
1141.221: [GC (Allocation Failure) [PSYoungGen: 374857K->11626K(465920K)] 1236533K->873602K(1558016K), 0.0043587 secs] [Times: user=0.02 sys=0.00, real=0.01 secs] 
1141.513: [GC (Allocation Failure) [PSYoungGen: 244586K->184333K(465920K)] 1106562K->1047547K(1558016K), 0.0206469 secs] [Times: user=0.03 sys=0.00, real=0.02 secs] 
1141.803: [GC (Allocation Failure) [PSYoungGen: 417293K->184237K(465920K)] 1280507K->1047740K(1558016K), 0.0207118 secs] [Times: user=0.03 sys=0.00, real=0.02 secs] 
1142.671: [GC (Allocation Failure) [PSYoungGen: 417197K->118473K(465920K)] 1280700K->982241K(1558016K), 0.0150716 secs] [Times: user=0.03 sys=0.01, real=0.02 secs] 
1144.006: [GC (Allocation Failure) [PSYoungGen: 351433K->34792K(465920K)] 1215201K->898860K(1558016K), 0.0071345 secs] [Times: user=0.02 sys=0.00, real=0.00 secs] 
1144.379: [GC (Allocation Failure) [PSYoungGen: 267752K->186486K(465920K)] 1131820K->1051791K(1558016K), 0.0209096 secs] [Times: user=0.03 sys=0.00, real=0.02 secs] 
1144.753: [GC (Allocation Failure) [PSYoungGen: 419446K->186164K(465920K)] 1284751K->1051871K(1558016K), 0.0210391 secs] [Times: user=0.03 sys=0.00, real=0.02 secs] 
1145.543: [GC (Allocation Failure) [PSYoungGen: 419124K->74939K(465920K)] 1284831K->940911K(1558016K), 0.0123719 secs] [Times: user=0.02 sys=0.00, real=0.02 secs] 
1146.337: [GC (Allocation Failure) [PSYoungGen: 307899K->62936K(465920K)] 1173871K->929077K(1558016K), 0.0084735 secs] [Times: user=0.02 sys=0.00, real=0.01 secs] 
1146.676: [GC (Allocation Failure) [PSYoungGen: 295896K->185843K(465920K)] 1162037K->1053238K(1558016K), 0.0207775 secs] [Times: user=0.03 sys=0.00, real=0.02 secs] 
1147.023: [GC (Allocation Failure) [PSYoungGen: 418803K->185843K(465920K)] 1286198K->1053511K(1558016K), 0.0209949 secs] [Times: user=0.03 sys=0.00, real=0.02 secs] 
1149.239: [GC (Allocation Failure) [PSYoungGen: 418803K->47708K(465920K)] 1286471K->915649K(1558016K), 0.0086345 secs] [Times: user=0.02 sys=0.00, real=0.01 secs] 
1150.271: [GC (Allocation Failure) [PSYoungGen: 280668K->88869K(465920K)] 1148609K->957117K(1558016K), 0.0108824 secs] [Times: user=0.02 sys=0.00, real=0.01 secs] 
1150.551: [GC (Allocation Failure) [PSYoungGen: 321829K->186325K(465920K)] 1190077K->1055940K(1558016K), 0.0245686 secs] [Times: user=0.04 sys=0.00, real=0.03 secs] 
1150.852: [GC (Allocation Failure) [PSYoungGen: 419285K->184815K(465920K)] 1288900K->1054574K(1558016K), 0.0205877 secs] [Times: user=0.02 sys=0.00, real=0.02 secs] 
1152.934: [GC (Allocation Failure) [PSYoungGen: 417775K->22276K(465920K)] 1287534K->892308K(1558016K), 0.0056079 secs] [Times: user=0.01 sys=0.00, real=0.01 secs] 
1153.505: [GC (Allocation Failure) [PSYoungGen: 255236K->115566K(465920K)] 1125268K->985922K(1558016K), 0.0136528 secs] [Times: user=0.02 sys=0.00, real=0.01 secs] 
1153.787: [GC (Allocation Failure) [PSYoungGen: 348526K->185972K(465920K)] 1218882K->1057565K(1558016K), 0.0210280 secs] [Times: user=0.03 sys=0.00, real=0.02 secs] 
1154.136: [GC (Allocation Failure) [PSYoungGen: 418932K->181145K(465920K)] 1290525K->1053012K(1558016K), 0.0218960 secs] [Times: user=0.03 sys=0.00, real=0.02 secs] 
1155.070: [GC (Allocation Failure) [PSYoungGen: 414105K->96K(465920K)] 1285972K->873392K(1558016K), 0.0028884 secs] [Times: user=0.02 sys=0.00, real=0.00 secs] 
1155.552: [GC (Allocation Failure) [PSYoungGen: 233056K->141271K(465920K)] 1106352K->1014591K(1558016K), 0.0162292 secs] [Times: user=0.03 sys=0.00, real=0.02 secs] 
1155.887: [GC (Allocation Failure) [PSYoungGen: 374231K->186229K(465920K)] 1247551K->1060787K(1558016K), 0.0210231 secs] [Times: user=0.03 sys=0.00, real=0.02 secs] 
1156.281: [GC (Allocation Failure) [PSYoungGen: 419189K->162896K(465920K)] 1293747K->1037718K(1558016K), 0.0220568 secs] [Times: user=0.03 sys=0.00, real=0.02 secs] 
1157.856: [GC (Allocation Failure) [PSYoungGen: 395856K->64K(465920K)] 1270678K->876314K(1558016K), 0.0069741 secs] [Times: user=0.04 sys=0.00, real=0.00 secs] 
1158.323: [GC (Allocation Failure) [PSYoungGen: 233024K->167781K(465920K)] 1109274K->1044056K(1558016K), 0.0188836 secs] [Times: user=0.02 sys=0.01, real=0.02 secs] 
1158.605: [GC (Allocation Failure) [PSYoungGen: 400741K->184590K(465920K)] 1277016K->1062110K(1558016K), 0.0207830 secs] [Times: user=0.03 sys=0.00, real=0.02 secs] 
1159.148: [GC (Allocation Failure) [PSYoungGen: 411571K->138106K(465920K)] 1289091K->1015892K(1558016K), 0.0179956 secs] [Times: user=0.03 sys=0.00, real=0.02 secs] 
1160.241: [GC (Allocation Failure) [PSYoungGen: 371066K->1762K(465920K)] 1248852K->879854K(1558016K), 0.0030297 secs] [Times: user=0.01 sys=0.01, real=0.00 secs] 
1160.517: [GC (Allocation Failure) [PSYoungGen: 234722K->184205K(465920K)] 1112814K->1063551K(1558016K), 0.0207826 secs] [Times: user=0.03 sys=0.00, real=0.02 secs] 
1160.803: [GC (Allocation Failure) [PSYoungGen: 417165K->184622K(465920K)] 1296511K->1064242K(1558016K), 0.0230113 secs] [Times: user=0.03 sys=0.00, real=0.03 secs] 
1162.248: [GC (Allocation Failure) [PSYoungGen: 417582K->128241K(465920K)] 1297202K->1008126K(1558016K), 0.0272371 secs] [Times: user=0.05 sys=0.00, real=0.03 secs] 
1164.077: [GC (Allocation Failure) [PSYoungGen: 361201K->24992K(465920K)] 1241086K->905193K(1558016K), 0.0067707 secs] [Times: user=0.02 sys=0.00, real=0.00 secs] 
1164.399: [GC (Allocation Failure) [PSYoungGen: 257952K->186486K(465920K)] 1138153K->1067924K(1558016K), 0.0209290 secs] [Times: user=0.03 sys=0.00, real=0.02 secs] 
1164.687: [GC (Allocation Failure) [PSYoungGen: 419446K->186132K(465920K)] 1300884K->1067972K(1558016K), 0.0207583 secs] [Times: user=0.03 sys=0.00, real=0.02 secs] 
1165.966: [GC (Allocation Failure) [PSYoungGen: 419092K->84707K(465920K)] 1300932K->966811K(1558016K), 0.0264862 secs] [Times: user=0.05 sys=0.00, real=0.02 secs] 
1167.092: [GC (Allocation Failure) [PSYoungGen: 317667K->53297K(465920K)] 1199771K->935580K(1558016K), 0.0075321 secs] [Times: user=0.01 sys=0.00, real=0.01 secs] 
1167.363: [GC (Allocation Failure) [PSYoungGen: 286257K->184301K(465920K)] 1168540K->1067830K(1558016K), 0.0206927 secs] [Times: user=0.03 sys=0.00, real=0.02 secs] 
1167.704: [GC (Allocation Failure) [PSYoungGen: 417261K->184590K(465920K)] 1300790K->1068393K(1558016K), 0.0207735 secs] [Times: user=0.03 sys=0.00, real=0.02 secs] 
1168.524: [GC (Allocation Failure) [PSYoungGen: 417550K->60127K(465920K)] 1301353K->944323K(1558016K), 0.0100891 secs] [Times: user=0.02 sys=0.00, real=0.01 secs] 
1169.620: [GC (Allocation Failure) [PSYoungGen: 293087K->78073K(465920K)] 1177283K->962454K(1558016K), 0.0099292 secs] [Times: user=0.02 sys=0.00, real=0.01 secs] 
1169.954: [GC (Allocation Failure) [PSYoungGen: 311033K->185875K(465920K)] 1195414K->1071502K(1558016K), 0.0207692 secs] [Times: user=0.03 sys=0.00, real=0.03 secs] 
1170.302: [GC (Allocation Failure) [PSYoungGen: 418835K->184398K(465920K)] 1304462K->1070297K(1558016K), 0.0206743 secs] [Times: user=0.03 sys=0.00, real=0.02 secs] 
1171.355: [GC (Allocation Failure) [PSYoungGen: 417358K->33940K(465920K)] 1303257K->920105K(1558016K), 0.0068273 secs] [Times: user=0.01 sys=0.00, real=0.00 secs] 
1172.445: [GC (Allocation Failure) [PSYoungGen: 266900K->102524K(465920K)] 1153065K->988998K(1558016K), 0.0124789 secs] [Times: user=0.02 sys=0.00, real=0.02 secs] 
1172.720: [GC (Allocation Failure) [PSYoungGen: 335484K->183787K(465920K)] 1221958K->1071507K(1558016K), 0.0207623 secs] [Times: user=0.03 sys=0.00, real=0.02 secs] 
1173.005: [GC (Allocation Failure) [PSYoungGen: 416747K->184558K(465920K)] 1304467K->1072543K(1558016K), 0.0206290 secs] [Times: user=0.03 sys=0.00, real=0.03 secs] 
1175.139: [GC (Allocation Failure) [PSYoungGen: 417518K->11432K(465920K)] 1305503K->899691K(1558016K), 0.0072111 secs] [Times: user=0.03 sys=0.00, real=0.01 secs] 
1176.317: [GC (Allocation Failure) [PSYoungGen: 244392K->124887K(465920K)] 1132651K->1013451K(1558016K), 0.0147677 secs] [Times: user=0.03 sys=0.00, real=0.01 secs] 
1176.658: [GC (Allocation Failure) [PSYoungGen: 357847K->184847K(465920K)] 1246411K->1074665K(1558016K), 0.0209527 secs] [Times: user=0.03 sys=0.00, real=0.02 secs] 
1177.094: [GC (Allocation Failure) [PSYoungGen: 417807K->172408K(465920K)] 1307625K->1062619K(1558016K), 0.0239561 secs] [Times: user=0.04 sys=0.00, real=0.03 secs] 
1178.215: [GC (Allocation Failure) [PSYoungGen: 405368K->96K(465920K)] 1295579K->891622K(1558016K), 0.0031622 secs] [Times: user=0.01 sys=0.00, real=0.00 secs] 
1178.705: [GC (Allocation Failure) [PSYoungGen: 233056K->150235K(465920K)] 1124582K->1041786K(1558016K), 0.0172351 secs] [Times: user=0.03 sys=0.00, real=0.01 secs] 
1178.988: [GC (Allocation Failure) [PSYoungGen: 383195K->184558K(465920K)] 1274746K->1077346K(1558016K), 0.0212331 secs] [Times: user=0.03 sys=0.00, real=0.02 secs] 
1179.713: [GC (Allocation Failure) [PSYoungGen: 417518K->155586K(465920K)] 1310306K->1048639K(1558016K), 0.0222988 secs] [Times: user=0.03 sys=0.00, real=0.03 secs] 
1181.580: [GC (Allocation Failure) [PSYoungGen: 388546K->128K(465920K)] 1281599K->894616K(1558016K), 0.0031435 secs] [Times: user=0.01 sys=0.00, real=0.00 secs] 
1181.913: [GC (Allocation Failure) [PSYoungGen: 233088K->174433K(465920K)] 1127576K->1068969K(1558016K), 0.0197428 secs] [Times: user=0.03 sys=0.00, real=0.02 secs] 
1182.204: [GC (Allocation Failure) [PSYoungGen: 407393K->186357K(465920K)] 1301929K->1082132K(1558016K), 0.0208960 secs] [Times: user=0.03 sys=0.00, real=0.03 secs] 
1183.037: [GC (Allocation Failure) [PSYoungGen: 419317K->137832K(465920K)] 1315092K->1033871K(1558016K), 0.0302480 secs] [Times: user=0.06 sys=0.00, real=0.03 secs] 
1184.798: [GC (Allocation Failure) [PSYoungGen: 370792K->16539K(465920K)] 1266831K->912870K(1558016K), 0.0054595 secs] [Times: user=0.02 sys=0.00, real=0.00 secs] 
1185.173: [GC (Allocation Failure) [PSYoungGen: 249499K->184430K(465920K)] 1145830K->1081998K(1558016K), 0.0207843 secs] [Times: user=0.03 sys=0.00, real=0.02 secs] 
1185.515: [GC (Allocation Failure) [PSYoungGen: 417390K->184430K(465920K)] 1314958K->1082271K(1558016K), 0.0214461 secs] [Times: user=0.03 sys=0.00, real=0.02 secs] 
1186.346: [GC (Allocation Failure) [PSYoungGen: 417390K->113364K(465920K)] 1315231K->1011479K(1558016K), 0.0166986 secs] [Times: user=0.04 sys=0.00, real=0.01 secs] 
1188.212: [GC (Allocation Failure) [PSYoungGen: 346324K->39516K(465920K)] 1244439K->937930K(1558016K), 0.0077513 secs] [Times: user=0.02 sys=0.00, real=0.01 secs] 
1188.576: [GC (Allocation Failure) [PSYoungGen: 272476K->186229K(465920K)] 1170890K->1085897K(1558016K), 0.0209782 secs] [Times: user=0.03 sys=0.00, real=0.02 secs] 
1188.869: [GC (Allocation Failure) [PSYoungGen: 419189K->184687K(465920K)] 1318857K->1084628K(1558016K), 0.0216100 secs] [Times: user=0.03 sys=0.00, real=0.02 secs] 
1190.261: [GC (Allocation Failure) [PSYoungGen: 417647K->71870K(465920K)] 1317588K->972077K(1558016K), 0.0193446 secs] [Times: user=0.04 sys=0.00, real=0.02 secs] 
1193.135: [GC (Allocation Failure) [PSYoungGen: 304830K->65863K(465920K)] 1205037K->966361K(1558016K), 0.0102670 secs] [Times: user=0.02 sys=0.00, real=0.01 secs] 
1193.427: [GC (Allocation Failure) [PSYoungGen: 298823K->186100K(465920K)] 1199321K->1087988K(1558016K), 0.0208682 secs] [Times: user=0.03 sys=0.00, real=0.02 secs] 
1193.776: [GC (Allocation Failure) [PSYoungGen: 419060K->185972K(465920K)] 1320948K->1088133K(1558016K), 0.0215011 secs] [Times: user=0.03 sys=0.00, real=0.02 secs] 
1195.646: [GC (Allocation Failure) [PSYoungGen: 418932K->44334K(465920K)] 1321093K->946760K(1558016K), 0.0114915 secs] [Times: user=0.03 sys=0.00, real=0.01 secs] 
1197.061: [GC (Allocation Failure) [PSYoungGen: 277294K->93270K(465920K)] 1179720K->995882K(1558016K), 0.0114787 secs] [Times: user=0.02 sys=0.00, real=0.01 secs] 
1197.336: [GC (Allocation Failure) [PSYoungGen: 326230K->184558K(465920K)] 1228842K->1088407K(1558016K), 0.0208158 secs] [Times: user=0.03 sys=0.00, real=0.02 secs] 
1197.685: [GC (Allocation Failure) [PSYoungGen: 417518K->186325K(465920K)] 1321367K->1090447K(1558016K), 0.0210337 secs] [Times: user=0.03 sys=0.00, real=0.03 secs] 
1199.525: [GC (Allocation Failure) [PSYoungGen: 419285K->18180K(465920K)] 1323407K->922567K(1558016K), 0.0065337 secs] [Times: user=0.02 sys=0.00, real=0.00 secs] 
1200.982: [GC (Allocation Failure) [PSYoungGen: 251140K->118396K(465920K)] 1155527K->1023097K(1558016K), 0.0142469 secs] [Times: user=0.02 sys=0.00, real=0.02 secs] 
1201.320: [GC (Allocation Failure) [PSYoungGen: 351356K->184173K(465920K)] 1256057K->1090119K(1558016K), 0.0208308 secs] [Times: user=0.03 sys=0.00, real=0.02 secs] 
1201.676: [GC (Allocation Failure) [PSYoungGen: 417133K->180181K(465920K)] 1323079K->1086400K(1558016K), 0.0234724 secs] [Times: user=0.04 sys=0.00, real=0.02 secs] 
1202.638: [GC (Allocation Failure) [PSYoungGen: 413141K->128K(465920K)] 1319360K->907781K(1558016K), 0.0030147 secs] [Times: user=0.02 sys=0.00, real=0.00 secs] 
1203.137: [GC (Allocation Failure) [PSYoungGen: 233088K->141239K(465920K)] 1140741K->1048908K(1558016K), 0.0164222 secs] [Times: user=0.03 sys=0.00, real=0.01 secs] 
1203.478: [GC (Allocation Failure) [PSYoungGen: 374199K->184301K(465920K)] 1281868K->1093208K(1558016K), 0.0209986 secs] [Times: user=0.03 sys=0.00, real=0.02 secs] 
1203.927: [GC (Allocation Failure) [PSYoungGen: 413971K->160743K(465920K)] 1322878K->1069915K(1558016K), 0.0244990 secs] [Times: user=0.04 sys=0.00, real=0.02 secs] 
1204.915: [GC (Allocation Failure) [PSYoungGen: 393703K->128K(465920K)] 1302875K->910745K(1558016K), 0.0033724 secs] [Times: user=0.02 sys=0.00, real=0.01 secs] 
1205.334: [GC (Allocation Failure) [PSYoungGen: 233088K->161577K(465920K)] 1143705K->1072211K(1558016K), 0.0184768 secs] [Times: user=0.03 sys=0.00, real=0.02 secs] 
1205.622: [GC (Allocation Failure) [PSYoungGen: 394537K->184687K(465920K)] 1305171K->1096558K(1558016K), 0.0207374 secs] [Times: user=0.03 sys=0.00, real=0.02 secs] 
1206.478: [GC (Allocation Failure) [PSYoungGen: 417647K->144163K(465920K)] 1329518K->1056299K(1558016K), 0.0198824 secs] [Times: user=0.03 sys=0.00, real=0.02 secs] 
1207.880: [GC (Allocation Failure) [PSYoungGen: 377123K->128K(465920K)] 1289259K->912563K(1558016K), 0.0031839 secs] [Times: user=0.02 sys=0.00, real=0.00 secs] 
1208.164: [GC (Allocation Failure) [PSYoungGen: 233088K->184969K(465920K)] 1145523K->1097428K(1558016K), 0.0207225 secs] [Times: user=0.03 sys=0.00, real=0.02 secs] 
1208.448: [GC (Allocation Failure) [PSYoungGen: 417929K->184141K(465920K)] 1330388K->1097838K(1558016K), 0.0206795 secs] [Times: user=0.03 sys=0.00, real=0.02 secs] 
1209.917: [GC (Allocation Failure) [PSYoungGen: 417101K->129462K(465920K)] 1330798K->1043424K(1558016K), 0.0197001 secs] [Times: user=0.04 sys=0.00, real=0.02 secs] 
1211.861: [GC (Allocation Failure) [PSYoungGen: 362422K->22711K(465920K)] 1276384K->936987K(1558016K), 0.0057893 secs] [Times: user=0.02 sys=0.00, real=0.01 secs] 
1212.158: [GC (Allocation Failure) [PSYoungGen: 255671K->184173K(465920K)] 1169947K->1099702K(1558016K), 0.0208203 secs] [Times: user=0.03 sys=0.00, real=0.02 secs] 
1212.509: [GC (Allocation Failure) [PSYoungGen: 417133K->184269K(465920K)] 1332662K->1100200K(1558016K), 0.0207014 secs] [Times: user=0.03 sys=0.00, real=0.02 secs] 
1213.503: [GC (Allocation Failure) [PSYoungGen: 417229K->107629K(465920K)] 1333160K->1023697K(1558016K), 0.0146924 secs] [Times: user=0.02 sys=0.00, real=0.02 secs] 
1214.672: [GC (Allocation Failure) [PSYoungGen: 340589K->45939K(465920K)] 1256657K->962316K(1558016K), 0.0106311 secs] [Times: user=0.03 sys=0.00, real=0.01 secs] 
1215.074: [GC (Allocation Failure) [PSYoungGen: 278899K->184173K(465920K)] 1195276K->1101788K(1558016K), 0.0208946 secs] [Times: user=0.03 sys=0.00, real=0.02 secs] 
1215.363: [GC (Allocation Failure) [PSYoungGen: 417133K->184012K(465920K)] 1334748K->1101900K(1558016K), 0.0209100 secs] [Times: user=0.03 sys=0.00, real=0.02 secs] 
1216.177: [GC (Allocation Failure) [PSYoungGen: 416972K->68111K(465920K)] 1334860K->986265K(1558016K), 0.0113914 secs] [Times: user=0.03 sys=0.00, real=0.01 secs] 
1217.233: [GC (Allocation Failure) [PSYoungGen: 301071K->68947K(465920K)] 1219225K->987416K(1558016K), 0.0124757 secs] [Times: user=0.03 sys=0.00, real=0.02 secs] 
1217.619: [GC (Allocation Failure) [PSYoungGen: 301907K->184558K(465920K)] 1220376K->1104265K(1558016K), 0.0207929 secs] [Times: user=0.03 sys=0.00, real=0.02 secs] 
1217.902: [GC (Allocation Failure) [PSYoungGen: 417518K->184173K(465920K)] 1337225K->1104152K(1558016K), 0.0207157 secs] [Times: user=0.03 sys=0.00, real=0.02 secs] 
1219.394: [GC (Allocation Failure) [PSYoungGen: 417133K->44655K(465920K)] 1337112K->964900K(1558016K), 0.0092980 secs] [Times: user=0.03 sys=0.00, real=0.01 secs] 
1220.798: [GC (Allocation Failure) [PSYoungGen: 277615K->92274K(465920K)] 1197860K->1012833K(1558016K), 0.0114404 secs] [Times: user=0.02 sys=0.00, real=0.01 secs] 
1221.073: [GC (Allocation Failure) [PSYoungGen: 325234K->184076K(465920K)] 1245793K->1106001K(1558016K), 0.0206292 secs] [Times: user=0.03 sys=0.00, real=0.02 secs] 
1221.362: [GC (Allocation Failure) [PSYoungGen: 417036K->184012K(465920K)] 1338961K->1106081K(1558016K), 0.0207230 secs] [Times: user=0.03 sys=0.00, real=0.02 secs] 
1223.011: [GC (Allocation Failure) [PSYoungGen: 416972K->21987K(465920K)] 1339041K->944321K(1558016K), 0.0079236 secs] [Times: user=0.02 sys=0.00, real=0.01 secs] 
1224.118: [GC (Allocation Failure) [PSYoungGen: 254947K->114509K(465920K)] 1177281K->1037158K(1558016K), 0.0139274 secs] [Times: user=0.02 sys=0.00, real=0.01 secs] 
1224.462: [GC (Allocation Failure) [PSYoungGen: 347469K->184173K(465920K)] 1270118K->1108060K(1558016K), 0.0210520 secs] [Times: user=0.03 sys=0.00, real=0.02 secs] 
1224.747: [GC (Allocation Failure) [PSYoungGen: 417133K->182213K(465920K)] 1341020K->1106365K(1558016K), 0.0205759 secs] [Times: user=0.03 sys=0.00, real=0.02 secs] 
1225.777: [GC (Allocation Failure) [PSYoungGen: 415173K->1344K(465920K)] 1339325K->925641K(1558016K), 0.0031676 secs] [Times: user=0.02 sys=0.00, real=0.00 secs] 
1226.684: [GC (Allocation Failure) [PSYoungGen: 234304K->136069K(465920K)] 1158601K->1060545K(1558016K), 0.0159476 secs] [Times: user=0.02 sys=0.00, real=0.02 secs] 
1226.964: [GC (Allocation Failure) [PSYoungGen: 369029K->184526K(465920K)] 1293505K->1110240K(1558016K), 0.0207079 secs] [Times: user=0.03 sys=0.00, real=0.02 secs] 
1227.425: [GC (Allocation Failure) [PSYoungGen: 417486K->163531K(465920K)] 1343200K->1089510K(1558016K), 0.0198817 secs] [Times: user=0.03 sys=0.00, real=0.02 secs] 
1228.640: [GC (Allocation Failure) [PSYoungGen: 396491K->96K(465920K)] 1322470K->927518K(1558016K), 0.0051392 secs] [Times: user=0.03 sys=0.00, real=0.01 secs] 
1229.325: [GC (Allocation Failure) [PSYoungGen: 233035K->159524K(465920K)] 1160458K->1086963K(1558016K), 0.0181338 secs] [Times: user=0.02 sys=0.00, real=0.01 secs] 
1229.608: [GC (Allocation Failure) [PSYoungGen: 392484K->184430K(465920K)] 1319923K->1113114K(1558016K), 0.0206344 secs] [Times: user=0.03 sys=0.00, real=0.02 secs] 
1231.009: [GC (Allocation Failure) [PSYoungGen: 417390K->146445K(465920K)] 1346074K->1075523K(1558016K), 0.0277680 secs] [Times: user=0.05 sys=0.00, real=0.03 secs] 
1232.244: [GC (Allocation Failure) [PSYoungGen: 379405K->160K(465920K)] 1308483K->930547K(1558016K), 0.0032648 secs] [Times: user=0.02 sys=0.00, real=0.01 secs] 
1232.582: [GC (Allocation Failure) [PSYoungGen: 233120K->182302K(465920K)] 1163507K->1112697K(1558016K), 0.0226414 secs] [Times: user=0.03 sys=0.00, real=0.02 secs] 
1232.946: [GC (Allocation Failure) [PSYoungGen: 415262K->184398K(465920K)] 1345657K->1116031K(1558016K), 0.0209676 secs] [Times: user=0.03 sys=0.00, real=0.02 secs] 
1234.108: [GC (Allocation Failure) [PSYoungGen: 417358K->131888K(465920K)] 1348991K->1063786K(1558016K), 0.0200784 secs] [Times: user=0.04 sys=0.00, real=0.02 secs] 
1236.234: [GC (Allocation Failure) [PSYoungGen: 364786K->20751K(465920K)] 1296684K->952959K(1558016K), 0.0059469 secs] [Times: user=0.02 sys=0.00, real=0.01 secs] 
1236.536: [GC (Allocation Failure) [PSYoungGen: 253711K->184044K(465920K)] 1185919K->1117489K(1558016K), 0.0207571 secs] [Times: user=0.03 sys=0.00, real=0.02 secs] 
1236.876: [GC (Allocation Failure) [PSYoungGen: 417004K->184558K(465920K)] 1350449K->1118276K(1558016K), 0.0208854 secs] [Times: user=0.03 sys=0.00, real=0.02 secs] 
1237.955: [GC (Allocation Failure) [PSYoungGen: 417518K->109380K(465920K)] 1351236K->1043500K(1558016K), 0.0167923 secs] [Times: user=0.04 sys=0.00, real=0.01 secs] 
1239.252: [GC (Allocation Failure) [PSYoungGen: 342340K->43628K(465920K)] 1276460K->977911K(1558016K), 0.0065908 secs] [Times: user=0.02 sys=0.00, real=0.01 secs] 
1239.537: [GC (Allocation Failure) [PSYoungGen: 276588K->186486K(465920K)] 1210871K->1122015K(1558016K), 0.0255449 secs] [Times: user=0.04 sys=0.00, real=0.02 secs] 
1239.939: [GC (Allocation Failure) [PSYoungGen: 419446K->186100K(465920K)] 1354975K->1121902K(1558016K), 0.0209852 secs] [Times: user=0.03 sys=0.00, real=0.02 secs] 
1241.724: [GC (Allocation Failure) [PSYoungGen: 419060K->66087K(465920K)] 1354862K->1002154K(1558016K), 0.0152171 secs] [Times: user=0.03 sys=0.00, real=0.02 secs] 
1243.103: [GC (Allocation Failure) [PSYoungGen: 299047K->71261K(465920K)] 1235114K->1007637K(1558016K), 0.0131937 secs] [Times: user=0.02 sys=0.00, real=0.02 secs] 
1243.425: [GC (Allocation Failure) [PSYoungGen: 304221K->185843K(465920K)] 1240597K->1123457K(1558016K), 0.0211465 secs] [Times: user=0.03 sys=0.00, real=0.02 secs] 
1243.711: [GC (Allocation Failure) [PSYoungGen: 418803K->184430K(465920K)] 1356417K->1122317K(1558016K), 0.0210080 secs] [Times: user=0.03 sys=0.00, real=0.02 secs] 
1245.668: [GC (Allocation Failure) [PSYoungGen: 417390K->40768K(465920K)] 1355277K->978920K(1558016K), 0.0109005 secs] [Times: user=0.02 sys=0.00, real=0.01 secs] 
1247.114: [GC (Allocation Failure) [PSYoungGen: 273696K->95841K(465920K)] 1211848K->1034301K(1558016K), 0.0118946 secs] [Times: user=0.02 sys=0.00, real=0.02 secs] 
1247.389: [GC (Allocation Failure) [PSYoungGen: 328801K->184044K(465920K)] 1267261K->1123750K(1558016K), 0.0209938 secs] [Times: user=0.03 sys=0.00, real=0.02 secs] 
1247.675: [GC (Allocation Failure) [PSYoungGen: 417004K->184430K(465920K)] 1356710K->1124408K(1558016K), 0.0208879 secs] [Times: user=0.03 sys=0.00, real=0.03 secs] 
1249.520: [GC (Allocation Failure) [PSYoungGen: 417390K->17923K(465920K)] 1357368K->958167K(1558016K), 0.0102846 secs] [Times: user=0.03 sys=0.00, real=0.01 secs] 
1250.502: [GC (Allocation Failure) [PSYoungGen: 250883K->119104K(465920K)] 1191127K->1059657K(1558016K), 0.0143590 secs] [Times: user=0.03 sys=0.00, real=0.02 secs] 
1250.781: [GC (Allocation Failure) [PSYoungGen: 352064K->184398K(465920K)] 1292617K->1126197K(1558016K), 0.0207580 secs] [Times: user=0.03 sys=0.00, real=0.02 secs] 
1251.198: [GC (Allocation Failure) [PSYoungGen: 417358K->179137K(465920K)] 1359157K->1121209K(1558016K), 0.0233281 secs] [Times: user=0.03 sys=0.00, real=0.02 secs] 
1252.230: [GC (Allocation Failure) [PSYoungGen: 412097K->96K(465920K)] 1354169K->943609K(1558016K), 0.0032231 secs] [Times: user=0.01 sys=0.00, real=0.00 secs] 
1252.710: [GC (Allocation Failure) [PSYoungGen: 233056K->142427K(465920K)] 1176569K->1085965K(1558016K), 0.0165943 secs] [Times: user=0.03 sys=0.00, real=0.02 secs] 
1252.988: [GC (GCLocker Initiated GC) [PSYoungGen: 375387K->182502K(465920K)] 1318925K->1127285K(1558016K), 0.0206329 secs] [Times: user=0.03 sys=0.00, real=0.02 secs] 
1253.650: [GC (Allocation Failure) [PSYoungGen: 415462K->157274K(465920K)] 1364345K->1106422K(1558016K), 0.0235887 secs] [Times: user=0.04 sys=0.00, real=0.02 secs] 
1254.782: [GC (Allocation Failure) [PSYoungGen: 390234K->96K(465920K)] 1339382K->950571K(1558016K), 0.0032227 secs] [Times: user=0.02 sys=0.00, real=0.01 secs] 
1255.152: [GC (Allocation Failure) [PSYoungGen: 233056K->166593K(465920K)] 1183531K->1117092K(1558016K), 0.0189674 secs] [Times: user=0.03 sys=0.00, real=0.02 secs] 
1255.434: [GC (Allocation Failure) [PSYoungGen: 399553K->184333K(465920K)] 1350052K->1136206K(1558016K), 0.0206891 secs] [Times: user=0.03 sys=0.00, real=0.03 secs] 
1256.988: [GC (Allocation Failure) [PSYoungGen: 410416K->131328K(465920K)] 1362289K->1083338K(1558016K), 0.0411552 secs] [Times: user=0.07 sys=0.00, real=0.04 secs] 
1259.565: [GC (Allocation Failure) [PSYoungGen: 364288K->1633K(465920K)] 1316298K->953957K(1558016K), 0.0054598 secs] [Times: user=0.02 sys=0.00, real=0.00 secs] 
1259.963: [GC (Allocation Failure) [PSYoungGen: 234593K->184526K(465920K)] 1186917K->1138103K(1558016K), 0.0208415 secs] [Times: user=0.03 sys=0.00, real=0.02 secs] 
1260.247: [GC (Allocation Failure) [PSYoungGen: 417486K->184269K(465920K)] 1371063K->1138119K(1558016K), 0.0208530 secs] [Times: user=0.03 sys=0.00, real=0.02 secs] 
1261.152: [GC (Allocation Failure) [PSYoungGen: 417229K->128289K(465920K)] 1371079K->1082404K(1558016K), 0.0289742 secs] [Times: user=0.06 sys=0.00, real=0.03 secs] 
1262.968: [GC (Allocation Failure) [PSYoungGen: 361249K->28623K(465920K)] 1315364K->983054K(1558016K), 0.0081600 secs] [Times: user=0.03 sys=0.00, real=0.01 secs] 
1263.292: [GC (Allocation Failure) [PSYoungGen: 261583K->183755K(465920K)] 1216014K->1139431K(1558016K), 0.0240363 secs] [Times: user=0.04 sys=0.00, real=0.03 secs] 
1263.655: [GC (Allocation Failure) [PSYoungGen: 416715K->184269K(465920K)] 1372391K->1140211K(1558016K), 0.0209603 secs] [Times: user=0.03 sys=0.00, real=0.03 secs] 
1265.041: [GC (Allocation Failure) [PSYoungGen: 417229K->85606K(465920K)] 1373171K->1041821K(1558016K), 0.0183990 secs] [Times: user=0.04 sys=0.00, real=0.02 secs] 
1266.774: [GC (Allocation Failure) [PSYoungGen: 318566K->54296K(465920K)] 1274781K->1010818K(1558016K), 0.0094936 secs] [Times: user=0.02 sys=0.00, real=0.01 secs] 
1267.069: [GC (Allocation Failure) [PSYoungGen: 287256K->183787K(465920K)] 1243778K->1141547K(1558016K), 0.0207657 secs] [Times: user=0.03 sys=0.00, real=0.02 secs] 
1267.353: [GC (Allocation Failure) [PSYoungGen: 416747K->184462K(465920K)] 1374507K->1142495K(1558016K), 0.0208506 secs] [Times: user=0.02 sys=0.01, real=0.02 secs] 
1268.123: [GC (Allocation Failure) [PSYoungGen: 417422K->59821K(465920K)] 1375455K->1018248K(1558016K), 0.0102467 secs] [Times: user=0.02 sys=0.00, real=0.01 secs] 
1268.831: [GC (Allocation Failure) [PSYoungGen: 292781K->80672K(465920K)] 1251208K->1039292K(1558016K), 0.0102921 secs] [Times: user=0.02 sys=0.00, real=0.01 secs] 
1269.105: [GC (Allocation Failure) [PSYoungGen: 313632K->184044K(465920K)] 1272252K->1143893K(1558016K), 0.0208738 secs] [Times: user=0.03 sys=0.00, real=0.03 secs] 
1269.447: [GC (Allocation Failure) [PSYoungGen: 417004K->184044K(465920K)] 1376853K->1144166K(1558016K), 0.0207320 secs] [Times: user=0.03 sys=0.00, real=0.02 secs] 
1270.302: [GC (Allocation Failure) [PSYoungGen: 417004K->33602K(465920K)] 1377126K->993990K(1558016K), 0.0071227 secs] [Times: user=0.02 sys=0.00, real=0.01 secs] 
1270.899: [GC (Allocation Failure) [PSYoungGen: 266562K->106669K(465920K)] 1226950K->1067362K(1558016K), 0.0129859 secs] [Times: user=0.02 sys=0.00, real=0.01 secs] 
1271.175: [GC (Allocation Failure) [PSYoungGen: 339629K->183948K(465920K)] 1300322K->1145894K(1558016K), 0.0208012 secs] [Times: user=0.03 sys=0.00, real=0.02 secs] 
1271.468: [GC (Allocation Failure) [PSYoungGen: 416908K->184269K(465920K)] 1378854K->1146617K(1558016K), 0.0210129 secs] [Times: user=0.03 sys=0.00, real=0.02 secs] 
1272.857: [GC (Allocation Failure) [PSYoungGen: 417229K->7448K(465920K)] 1379577K->969957K(1558016K), 0.0053764 secs] [Times: user=0.02 sys=0.00, real=0.00 secs] 
1273.656: [GC (Allocation Failure) [PSYoungGen: 240408K->132502K(465920K)] 1202917K->1095324K(1558016K), 0.0154727 secs] [Times: user=0.03 sys=0.00, real=0.01 secs] 
1273.998: [GC (Allocation Failure) [PSYoungGen: 365462K->184462K(465920K)] 1328284K->1148658K(1558016K), 0.0207851 secs] [Times: user=0.03 sys=0.00, real=0.02 secs] 
1274.734: [GC (Allocation Failure) [PSYoungGen: 417422K->169322K(465920K)] 1381618K->1133656K(1558016K), 0.0272346 secs] [Times: user=0.04 sys=0.00, real=0.03 secs] 
1275.693: [GC (Allocation Failure) [PSYoungGen: 402282K->128K(465920K)] 1366616K->965894K(1558016K), 0.0033117 secs] [Times: user=0.01 sys=0.00, real=0.01 secs] 
1276.098: [GC (Allocation Failure) [PSYoungGen: 233088K->159135K(465920K)] 1198854K->1124926K(1558016K), 0.0181348 secs] [Times: user=0.03 sys=0.00, real=0.02 secs] 
1276.380: [GC (Allocation Failure) [PSYoungGen: 392095K->184012K(465920K)] 1357886K->1151041K(1558016K), 0.0207745 secs] [Times: user=0.03 sys=0.00, real=0.02 secs] 
1276.868: [GC (Allocation Failure) [PSYoungGen: 416972K->139040K(465920K)] 1384001K->1106341K(1558016K), 0.0176132 secs] [Times: user=0.02 sys=0.00, real=0.02 secs] 
1277.820: [GC (Allocation Failure) [PSYoungGen: 372000K->1630K(465920K)] 1339301K->969237K(1558016K), 0.0028482 secs] [Times: user=0.02 sys=0.00, real=0.00 secs] 
1278.094: [GC (Allocation Failure) [PSYoungGen: 234590K->186229K(465920K)] 1202197K->1155082K(1558016K), 0.0210059 secs] [Times: user=0.03 sys=0.00, real=0.02 secs] 
1278.386: [GC (Allocation Failure) [PSYoungGen: 419189K->185940K(465920K)] 1388042K->1155202K(1558016K), 0.0210125 secs] [Times: user=0.03 sys=0.00, real=0.02 secs] 
1279.147: [GC (Allocation Failure) [PSYoungGen: 418900K->124932K(465920K)] 1388162K->1094339K(1558016K), 0.0152547 secs] [Times: user=0.03 sys=0.00, real=0.01 secs] 
1280.902: [GC (Allocation Failure) [PSYoungGen: 357892K->31962K(465920K)] 1327299K->1001690K(1558016K), 0.0053911 secs] [Times: user=0.01 sys=0.00, real=0.01 secs] 
1281.174: [GC (Allocation Failure) [PSYoungGen: 264922K->185683K(465920K)] 1234650K->1156657K(1558016K), 0.0210138 secs] [Times: user=0.03 sys=0.00, real=0.02 secs] 
1281.514: [GC (Allocation Failure) [PSYoungGen: 418643K->185811K(465920K)] 1389617K->1157059K(1558016K), 0.0209621 secs] [Times: user=0.03 sys=0.00, real=0.03 secs] 
1282.274: [GC (Allocation Failure) [PSYoungGen: 418771K->78827K(465920K)] 1390019K->1050355K(1558016K), 0.0123628 secs] [Times: user=0.03 sys=0.00, real=0.02 secs] 
1283.109: [GC (Allocation Failure) [PSYoungGen: 311787K->62650K(465920K)] 1283315K->1034476K(1558016K), 0.0085788 secs] [Times: user=0.02 sys=0.00, real=0.01 secs] 
1283.383: [GC (Allocation Failure) [PSYoungGen: 295610K->185683K(465920K)] 1267436K->1158747K(1558016K), 0.0209230 secs] [Times: user=0.03 sys=0.00, real=0.02 secs] 
1283.670: [GC (Allocation Failure) [PSYoungGen: 418643K->185843K(465920K)] 1391707K->1159180K(1558016K), 0.0208593 secs] [Times: user=0.03 sys=0.00, real=0.02 secs] 
1285.213: [GC (Allocation Failure) [PSYoungGen: 418803K->48062K(465920K)] 1392140K->1021663K(1558016K), 0.0088008 secs] [Times: user=0.02 sys=0.00, real=0.01 secs] 
1286.383: [GC (Allocation Failure) [PSYoungGen: 281003K->91600K(465920K)] 1254604K->1065495K(1558016K), 0.0113262 secs] [Times: user=0.02 sys=0.00, real=0.01 secs] 
1286.660: [GC (Allocation Failure) [PSYoungGen: 324560K->186486K(465920K)] 1298455K->1161620K(1558016K), 0.0209567 secs] [Times: user=0.03 sys=0.00, real=0.02 secs] 
1286.947: [GC (Allocation Failure) [PSYoungGen: 419446K->186100K(465920K)] 1394580K->1161636K(1558016K), 0.0210902 secs] [Times: user=0.03 sys=0.00, real=0.02 secs] 
1288.889: [GC (Allocation Failure) [PSYoungGen: 419060K->18084K(465920K)] 1394596K->993884K(1558016K), 0.0092792 secs] [Times: user=0.03 sys=0.01, real=0.01 secs] 
1289.811: [GC (Allocation Failure) [PSYoungGen: 251044K->122924K(465920K)] 1226844K->1098909K(1558016K), 0.0147659 secs] [Times: user=0.03 sys=0.00, real=0.02 secs] 
1290.147: [GC (Allocation Failure) [PSYoungGen: 355884K->185747K(465920K)] 1331869K->1162978K(1558016K), 0.0211614 secs] [Times: user=0.03 sys=0.00, real=0.02 secs] 
1290.642: [GC (Allocation Failure) [PSYoungGen: 418707K->173660K(465920K)] 1395938K->1151156K(1558016K), 0.0297872 secs] [Times: user=0.04 sys=0.00, real=0.03 secs] 
1292.673: [GC (Allocation Failure) [PSYoungGen: 406620K->128K(465920K)] 1384116K->979063K(1558016K), 0.0033839 secs] [Times: user=0.02 sys=0.00, real=0.01 secs] 
1293.380: [GC (Allocation Failure) [PSYoungGen: 233088K->150878K(465920K)] 1212023K->1129838K(1558016K), 0.0175059 secs] [Times: user=0.03 sys=0.00, real=0.02 secs] 
1293.665: [GC (Allocation Failure) [PSYoungGen: 383838K->186197K(465920K)] 1362798K->1166394K(1558016K), 0.0211415 secs] [Times: user=0.03 sys=0.00, real=0.02 secs] 
1294.496: [GC (Allocation Failure) [PSYoungGen: 419157K->145064K(465920K)] 1399354K->1125535K(1558016K), 0.0324805 secs] [Times: user=0.05 sys=0.00, real=0.03 secs] 
1295.762: [GC (Allocation Failure) [PSYoungGen: 378024K->96K(465920K)] 1358495K->982000K(1558016K), 0.0036629 secs] [Times: user=0.02 sys=0.00, real=0.01 secs] 
1296.119: [GC (Allocation Failure) [PSYoungGen: 233056K->181148K(465920K)] 1214960K->1163068K(1558016K), 0.0203842 secs] [Times: user=0.03 sys=0.00, real=0.02 secs] 
1296.406: [GC (Allocation Failure) [PSYoungGen: 414108K->186229K(465920K)] 1396028K->1169403K(1558016K), 0.0210048 secs] [Times: user=0.03 sys=0.00, real=0.02 secs] 
1297.342: [GC (Allocation Failure) [PSYoungGen: 419189K->131261K(465920K)] 1402363K->1114700K(1558016K), 0.0168856 secs] [Times: user=0.03 sys=0.00, real=0.02 secs] 
1298.325: [GC (Allocation Failure) [PSYoungGen: 364221K->26278K(465920K)] 1347660K->1010026K(1558016K), 0.0063011 secs] [Times: user=0.02 sys=0.00, real=0.00 secs] 
1298.615: [GC (Allocation Failure) [PSYoungGen: 259238K->184269K(465920K)] 1242986K->1169263K(1558016K), 0.0209375 secs] [Times: user=0.03 sys=0.00, real=0.02 secs] 
1298.907: [GC (Allocation Failure) [PSYoungGen: 417229K->186261K(465920K)] 1402223K->1171657K(1558016K), 0.0210763 secs] [Times: user=0.03 sys=0.00, real=0.02 secs] 
1300.079: [GC (Allocation Failure) [PSYoungGen: 419221K->85526K(465920K)] 1404617K->1071195K(1558016K), 0.0268785 secs] [Times: user=0.05 sys=0.00, real=0.03 secs] 
1300.948: [GC (Allocation Failure) [PSYoungGen: 318486K->55482K(465920K)] 1304155K->1041335K(1558016K), 0.0079155 secs] [Times: user=0.02 sys=0.00, real=0.01 secs] 
1301.278: [GC (Allocation Failure) [PSYoungGen: 288442K->185811K(465920K)] 1274295K->1172911K(1558016K), 0.0211335 secs] [Times: user=0.03 sys=0.00, real=0.02 secs] 
1301.564: [GC (Allocation Failure) [PSYoungGen: 418771K->185843K(465920K)] 1405871K->1173216K(1558016K), 0.0211352 secs] [Times: user=0.03 sys=0.00, real=0.03 secs] 
1303.242: [GC (Allocation Failure) [PSYoungGen: 418803K->55162K(465920K)] 1406176K->1042816K(1558016K), 0.0157247 secs] [Times: user=0.04 sys=0.00, real=0.02 secs] 
1305.094: [GC (Allocation Failure) [PSYoungGen: 288122K->84627K(465920K)] 1275776K->1072590K(1558016K), 0.0110532 secs] [Times: user=0.03 sys=0.00, real=0.02 secs] 
1305.432: [GC (Allocation Failure) [PSYoungGen: 317587K->186325K(465920K)] 1305550K->1175534K(1558016K), 0.0212219 secs] [Times: user=0.03 sys=0.00, real=0.02 secs] 
1305.719: [GC (Allocation Failure) [PSYoungGen: 419285K->184815K(465920K)] 1408494K->1174305K(1558016K), 0.0207898 secs] [Times: user=0.03 sys=0.00, real=0.02 secs] 
1307.505: [GC (Allocation Failure) [PSYoungGen: 417775K->26534K(465920K)] 1407265K->1016289K(1558016K), 0.0123422 secs] [Times: user=0.04 sys=0.00, real=0.01 secs] 
1308.626: [GC (Allocation Failure) [PSYoungGen: 259494K->113481K(465920K)] 1249249K->1103545K(1558016K), 0.0138574 secs] [Times: user=0.02 sys=0.00, real=0.01 secs] 
1308.961: [GC (Allocation Failure) [PSYoungGen: 346441K->184076K(465920K)] 1336505K->1175515K(1558016K), 0.0208263 secs] [Times: user=0.03 sys=0.00, real=0.02 secs] 
1309.303: [GC (Allocation Failure) [PSYoungGen: 417036K->183369K(465920K)] 1408475K->1174953K(1558016K), 0.0208510 secs] [Times: user=0.03 sys=0.00, real=0.02 secs] 
1311.126: [GC (Allocation Failure) [PSYoungGen: 416329K->1376K(465920K)] 1407913K->993112K(1558016K), 0.0042566 secs] [Times: user=0.02 sys=0.01, real=0.00 secs] 
1311.849: [GC (Allocation Failure) [PSYoungGen: 234336K->138607K(465920K)] 1226072K->1130514K(1558016K), 0.0160552 secs] [Times: user=0.03 sys=0.00, real=0.01 secs] 
1312.130: [GC (Allocation Failure) [PSYoungGen: 371567K->184269K(465920K)] 1363474K->1177422K(1558016K), 0.0208662 secs] [Times: user=0.03 sys=0.00, real=0.02 secs] 
1313.103: [GC (Allocation Failure) [PSYoungGen: 417229K->159298K(465920K)] 1410382K->1152724K(1558016K), 0.0269060 secs] [Times: user=0.04 sys=0.00, real=0.03 secs] 
1317.056: [GC (Allocation Failure) [PSYoungGen: 392258K->64K(465920K)] 1385684K->994913K(1558016K), 0.0037871 secs] [Times: user=0.01 sys=0.00, real=0.00 secs] 
1317.567: [GC (Allocation Failure) [PSYoungGen: 233010K->165016K(465920K)] 1227860K->1159881K(1558016K), 0.0189868 secs] [Times: user=0.03 sys=0.00, real=0.02 secs] 
1317.850: [GC (Allocation Failure) [PSYoungGen: 397976K->184301K(465920K)] 1392841K->1180404K(1558016K), 0.0208423 secs] [Times: user=0.03 sys=0.00, real=0.02 secs] 
1318.969: [GC (Allocation Failure) [PSYoungGen: 412262K->132807K(465920K)] 1408365K->1129183K(1558016K), 0.0315854 secs] [Times: user=0.06 sys=0.00, real=0.03 secs] 
1321.303: [GC (Allocation Failure) [PSYoungGen: 365767K->1184K(465920K)] 1362143K->997866K(1558016K), 0.0056177 secs] [Times: user=0.02 sys=0.00, real=0.01 secs] 
1321.713: [GC (Allocation Failure) [PSYoungGen: 234144K->184783K(465920K)] 1230826K->1182582K(1558016K), 0.0211562 secs] [Times: user=0.03 sys=0.00, real=0.02 secs] 
1322.007: [GC (Allocation Failure) [PSYoungGen: 417743K->184687K(465920K)] 1415542K->1182911K(1558016K), 0.0209982 secs] [Times: user=0.03 sys=0.00, real=0.02 secs] 
1323.007: [GC (Allocation Failure) [PSYoungGen: 417647K->128064K(465920K)] 1415871K->1126434K(1558016K), 0.0275836 secs] [Times: user=0.05 sys=0.00, real=0.03 secs] 
1324.634: [GC (Allocation Failure) [PSYoungGen: 361024K->28749K(465920K)] 1359394K->1027432K(1558016K), 0.0065779 secs] [Times: user=0.02 sys=0.00, real=0.01 secs] 
1324.939: [GC (Allocation Failure) [PSYoungGen: 261709K->186454K(465920K)] 1260392K->1186519K(1558016K), 0.0210438 secs] [Times: user=0.03 sys=0.00, real=0.02 secs] 
1325.227: [GC (Allocation Failure) [PSYoungGen: 419414K->186068K(465920K)] 1419479K->1186407K(1558016K), 0.0209078 secs] [Times: user=0.03 sys=0.00, real=0.02 secs] 
1326.808: [GC (Allocation Failure) [PSYoungGen: 419028K->81028K(465920K)] 1419367K->1081639K(1558016K), 0.0171630 secs] [Times: user=0.04 sys=0.00, real=0.01 secs] 
1328.383: [GC (Allocation Failure) [PSYoungGen: 313988K->59951K(465920K)] 1314599K->1060733K(1558016K), 0.0103507 secs] [Times: user=0.02 sys=0.00, real=0.01 secs] 
1328.679: [GC (Allocation Failure) [PSYoungGen: 292911K->185683K(465920K)] 1293693K->1187839K(1558016K), 0.0210030 secs] [Times: user=0.03 sys=0.00, real=0.02 secs] 
1328.965: [GC (Allocation Failure) [PSYoungGen: 418643K->185811K(465920K)] 1420799K->1188113K(1558016K), 0.0209718 secs] [Times: user=0.03 sys=0.00, real=0.02 secs] 
1330.591: [GC (Allocation Failure) [PSYoungGen: 418771K->50793K(465920K)] 1421073K->1053359K(1558016K), 0.0112906 secs] [Times: user=0.02 sys=0.00, real=0.01 secs] 
1331.897: [GC (Allocation Failure) [PSYoungGen: 283682K->89607K(465920K)] 1286248K->1092481K(1558016K), 0.0130710 secs] [Times: user=0.02 sys=0.00, real=0.01 secs] 
1332.256: [GC (Allocation Failure) [PSYoungGen: 322567K->186004K(465920K)] 1325441K->1190139K(1558016K), 0.0212126 secs] [Times: user=0.03 sys=0.00, real=0.02 secs] 
1332.608: [GC (Allocation Failure) [PSYoungGen: 418964K->185972K(465920K)] 1423099K->1190388K(1558016K), 0.0210657 secs] [Times: user=0.03 sys=0.00, real=0.02 secs] 
1334.319: [GC (Allocation Failure) [PSYoungGen: 418932K->20879K(465920K)] 1423348K->1025689K(1558016K), 0.0058041 secs] [Times: user=0.02 sys=0.00, real=0.00 secs] 
1334.874: [GC (Allocation Failure) [PSYoungGen: 253839K->119679K(465920K)] 1258649K->1124676K(1558016K), 0.0144167 secs] [Times: user=0.03 sys=0.00, real=0.02 secs] 
1335.158: [GC (Allocation Failure) [PSYoungGen: 352639K->184430K(465920K)] 1357636K->1190665K(1558016K), 0.0209651 secs] [Times: user=0.03 sys=0.00, real=0.02 secs] 
1336.537: [GC (Allocation Failure) [PSYoungGen: 417390K->178591K(465920K)] 1423625K->1185091K(1558016K), 0.0523444 secs] [Times: user=0.08 sys=0.00, real=0.05 secs] 
1338.484: [GC (Allocation Failure) [PSYoungGen: 411551K->96K(465920K)] 1418051K->1008033K(1558016K), 0.0074455 secs] [Times: user=0.03 sys=0.00, real=0.01 secs] 
1339.415: [GC (Allocation Failure) [PSYoungGen: 233056K->146797K(465920K)] 1240993K->1154759K(1558016K), 0.0171839 secs] [Times: user=0.03 sys=0.00, real=0.02 secs] 
1339.756: [GC (Allocation Failure) [PSYoungGen: 379757K->184141K(465920K)] 1387719K->1193340K(1558016K), 0.0212048 secs] [Times: user=0.03 sys=0.00, real=0.02 secs] 
1340.423: [GC (Allocation Failure) [PSYoungGen: 417101K->151233K(465920K)] 1426300K->1160826K(1558016K), 0.0215776 secs] [Times: user=0.04 sys=0.01, real=0.02 secs] 
1341.949: [GC (Allocation Failure) [PSYoungGen: 384193K->160K(465920K)] 1393786K->1011068K(1558016K), 0.0076794 secs] [Times: user=0.04 sys=0.00, real=0.01 secs] 
1342.532: [GC (Allocation Failure) [PSYoungGen: 233120K->172505K(465920K)] 1244028K->1183453K(1558016K), 0.0197268 secs] [Times: user=0.03 sys=0.00, real=0.02 secs] 
1342.815: [GC (Allocation Failure) [PSYoungGen: 405465K->184462K(465920K)] 1416413K->1196664K(1558016K), 0.0208845 secs] [Times: user=0.03 sys=0.00, real=0.02 secs] 
1343.680: [GC (Allocation Failure) [PSYoungGen: 417422K->141656K(465920K)] 1429624K->1154251K(1558016K), 0.0190168 secs] [Times: user=0.03 sys=0.00, real=0.02 secs] 
1344.832: [GC (Allocation Failure) [PSYoungGen: 374616K->14997K(465920K)] 1387211K->1027763K(1558016K), 0.0052742 secs] [Times: user=0.02 sys=0.00, real=0.01 secs] 
1345.197: [GC (Allocation Failure) [PSYoungGen: 247957K->186325K(465920K)] 1260723K->1200330K(1558016K), 0.0212212 secs] [Times: user=0.03 sys=0.00, real=0.02 secs] 
1345.494: [GC (Allocation Failure) [PSYoungGen: 419285K->184783K(465920K)] 1433290K->1199061K(1558016K), 0.0209402 secs] [Times: user=0.03 sys=0.00, real=0.03 secs] 
1347.130: [GC (Allocation Failure) [PSYoungGen: 417743K->112561K(465920K)] 1432021K->1127104K(1558016K), 0.0245266 secs] [Times: user=0.06 sys=0.00, real=0.02 secs] 
1348.464: [GC (Allocation Failure) [PSYoungGen: 345521K->43914K(465920K)] 1360064K->1058765K(1558016K), 0.0067567 secs] [Times: user=0.02 sys=0.00, real=0.01 secs] 
1348.799: [GC (Allocation Failure) [PSYoungGen: 276874K->186197K(465920K)] 1291725K->1202421K(1558016K), 0.0214237 secs] [Times: user=0.03 sys=0.00, real=0.02 secs] 
1349.089: [GC (Allocation Failure) [PSYoungGen: 419157K->184879K(465920K)] 1435381K->1201248K(1558016K), 0.0210528 secs] [Times: user=0.03 sys=0.00, real=0.02 secs] 
1349.848: [GC (Allocation Failure) [PSYoungGen: 417839K->67388K(465920K)] 1434208K->1084151K(1558016K), 0.0091349 secs] [Times: user=0.02 sys=0.00, real=0.01 secs] 
1350.614: [GC (Allocation Failure) [PSYoungGen: 300348K->72289K(465920K)] 1317111K->1089229K(1558016K), 0.0095435 secs] [Times: user=0.02 sys=0.00, real=0.01 secs] 
1350.890: [GC (Allocation Failure) [PSYoungGen: 305249K->186357K(465920K)] 1322189K->1204679K(1558016K), 0.0211142 secs] [Times: user=0.03 sys=0.00, real=0.02 secs] 
1351.179: [GC (Allocation Failure) [PSYoungGen: 419317K->186100K(465920K)] 1437639K->1204567K(1558016K), 0.0210480 secs] [Times: user=0.03 sys=0.00, real=0.02 secs] 
1352.173: [GC (Allocation Failure) [PSYoungGen: 419060K->37539K(465920K)] 1437527K->1056399K(1558016K), 0.0073977 secs] [Times: user=0.02 sys=0.00, real=0.01 secs] 
1353.328: [GC (Allocation Failure) [PSYoungGen: 270499K->102813K(465920K)] 1289359K->1121852K(1558016K), 0.0125474 secs] [Times: user=0.03 sys=0.00, real=0.01 secs] 
1353.606: [GC (Allocation Failure) [PSYoungGen: 335773K->186132K(465920K)] 1354812K->1206417K(1558016K), 0.0213681 secs] [Times: user=0.03 sys=0.00, real=0.02 secs] 
1353.893: [GC (Allocation Failure) [PSYoungGen: 419092K->185875K(465920K)] 1439377K->1206562K(1558016K), 0.0210297 secs] [Times: user=0.03 sys=0.00, real=0.02 secs] 
1355.012: [GC (Allocation Failure) [PSYoungGen: 418835K->7641K(465920K)] 1439522K->1028472K(1558016K), 0.0041731 secs] [Times: user=0.02 sys=0.00, real=0.01 secs] 
1355.543: [GC (Allocation Failure) [PSYoungGen: 240601K->132502K(465920K)] 1261432K->1153639K(1558016K), 0.0178710 secs] [Times: user=0.03 sys=0.00, real=0.02 secs] 
1355.915: [GC (Allocation Failure) [PSYoungGen: 365462K->184719K(465920K)] 1386599K->1207101K(1558016K), 0.0208862 secs] [Times: user=0.03 sys=0.00, real=0.02 secs] 
1356.368: [GC (Allocation Failure) [PSYoungGen: 417679K->169081K(465920K)] 1440061K->1191737K(1558016K), 0.0233849 secs] [Times: user=0.04 sys=0.00, real=0.02 secs] 
1357.521: [GC (Allocation Failure) [PSYoungGen: 402041K->96K(465920K)] 1424697K->1024183K(1558016K), 0.0037451 secs] [Times: user=0.02 sys=0.00, real=0.01 secs] 
1357.919: [GC (Allocation Failure) [PSYoungGen: 233056K->161063K(465920K)] 1257143K->1185174K(1558016K), 0.0185402 secs] [Times: user=0.03 sys=0.00, real=0.02 secs] 
1358.204: [GC (Allocation Failure) [PSYoungGen: 394023K->185940K(465920K)] 1418134K->1211425K(1558016K), 0.0211750 secs] [Times: user=0.03 sys=0.00, real=0.03 secs] 
1358.955: [GC (Allocation Failure) [PSYoungGen: 417088K->135184K(465920K)] 1442574K->1160814K(1558016K), 0.0194896 secs] [Times: user=0.03 sys=0.00, real=0.01 secs] 
1361.534: [GC (Allocation Failure) [PSYoungGen: 368144K->1248K(465920K)] 1393774K->1027191K(1558016K), 0.0044293 secs] [Times: user=0.02 sys=0.00, real=0.01 secs] 
1361.865: [GC (Allocation Failure) [PSYoungGen: 234208K->184398K(465920K)] 1260151K->1211466K(1558016K), 0.0211126 secs] [Times: user=0.03 sys=0.00, real=0.02 secs] 
1362.206: [GC (Allocation Failure) [PSYoungGen: 417358K->184687K(465920K)] 1444426K->1212028K(1558016K), 0.0209577 secs] [Times: user=0.03 sys=0.00, real=0.02 secs] 
1363.211: [GC (Allocation Failure) [PSYoungGen: 417647K->128418K(465920K)] 1444988K->1156033K(1558016K), 0.0166420 secs] [Times: user=0.03 sys=0.00, real=0.02 secs] 
1364.541: [GC (Allocation Failure) [PSYoungGen: 361334K->27948K(465920K)] 1388949K->1055871K(1558016K), 0.0062217 secs] [Times: user=0.02 sys=0.01, real=0.01 secs] 
1364.827: [GC (Allocation Failure) [PSYoungGen: 260908K->183755K(465920K)] 1288831K->1212915K(1558016K), 0.0208878 secs] [Times: user=0.03 sys=0.00, real=0.02 secs] 
1365.173: [GC (Allocation Failure) [PSYoungGen: 416715K->184333K(465920K)] 1445875K->1213766K(1558016K), 0.0210141 secs] [Times: user=0.04 sys=0.00, real=0.02 secs] 
1367.002: [GC (Allocation Failure) [PSYoungGen: 417293K->86265K(465920K)] 1446726K->1115963K(1558016K), 0.0166950 secs] [Times: user=0.03 sys=0.00, real=0.02 secs] 
1368.860: [GC (Allocation Failure) [PSYoungGen: 319225K->53139K(465920K)] 1348923K->1083137K(1558016K), 0.0089806 secs] [Times: user=0.02 sys=0.00, real=0.01 secs] 
1369.141: [GC (Allocation Failure) [PSYoungGen: 286099K->184944K(465920K)] 1316097K->1216179K(1558016K), 0.0209205 secs] [Times: user=0.03 sys=0.00, real=0.02 secs] 
1369.426: [GC (Allocation Failure) [PSYoungGen: 417904K->184141K(465920K)] 1449139K->1215778K(1558016K), 0.0209761 secs] [Times: user=0.03 sys=0.00, real=0.02 secs] 
1370.858: [GC (Allocation Failure) [PSYoungGen: 417101K->60046K(465920K)] 1448738K->1091820K(1558016K), 0.0107915 secs] [Times: user=0.03 sys=0.00, real=0.01 secs] 
1371.722: [GC (Allocation Failure) [PSYoungGen: 293006K->80032K(465920K)] 1324780K->1112122K(1558016K), 0.0143605 secs] [Times: user=0.03 sys=0.00, real=0.02 secs] 
1372.035: [GC (Allocation Failure) [PSYoungGen: 312992K->184269K(465920K)] 1345082K->1217733K(1558016K), 0.0208178 secs] [Times: user=0.03 sys=0.00, real=0.02 secs] 
1372.325: [GC (Allocation Failure) [PSYoungGen: 417229K->184494K(465920K)] 1450693K->1218239K(1558016K), 0.0210281 secs] [Times: user=0.03 sys=0.00, real=0.02 secs] 
1373.741: [GC (Allocation Failure) [PSYoungGen: 417454K->33410K(465920K)] 1451199K->1067291K(1558016K), 0.0074218 secs] [Times: user=0.03 sys=0.00, real=0.01 secs] 
1374.450: [GC (Allocation Failure) [PSYoungGen: 266370K->106894K(465920K)] 1300251K->1141080K(1558016K), 0.0159104 secs] [Times: user=0.03 sys=0.00, real=0.02 secs] 
1374.754: [GC (Allocation Failure) [PSYoungGen: 339854K->184141K(465920K)] 1374040K->1219693K(1558016K), 0.0210733 secs] [Times: user=0.03 sys=0.00, real=0.03 secs] 
1375.044: [GC (Allocation Failure) [PSYoungGen: 417101K->184590K(465920K)] 1452653K->1220288K(1558016K), 0.0209954 secs] [Times: user=0.03 sys=0.00, real=0.02 secs] 
1378.777: [GC (Allocation Failure) [PSYoungGen: 417550K->6693K(465920K)] 1453248K->1042792K(1558016K), 0.0070687 secs] [Times: user=0.04 sys=0.00, real=0.00 secs] 
1379.572: [GC (Allocation Failure) [PSYoungGen: 239653K->132791K(465920K)] 1275752K->1169075K(1558016K), 0.0157729 secs] [Times: user=0.02 sys=0.00, real=0.02 secs] 
1379.913: [GC (Allocation Failure) [PSYoungGen: 365751K->184333K(465920K)] 1402035K->1221871K(1558016K), 0.0210980 secs] [Times: user=0.04 sys=0.00, real=0.02 secs] 
1380.335: [GC (Allocation Failure) [PSYoungGen: 417293K->169210K(465920K)] 1454831K->1207149K(1558016K), 0.0240067 secs] [Times: user=0.04 sys=0.00, real=0.03 secs] 
1382.007: [GC (Allocation Failure) [PSYoungGen: 402170K->128K(465920K)] 1440109K->1039388K(1558016K), 0.0057205 secs] [Times: user=0.03 sys=0.00, real=0.00 secs] 
1382.607: [GC (Allocation Failure) [PSYoungGen: 233088K->161192K(465920K)] 1272348K->1200476K(1558016K), 0.0185154 secs] [Times: user=0.03 sys=0.00, real=0.02 secs] 
1382.948: [GC (Allocation Failure) [PSYoungGen: 394152K->184687K(465920K)] 1433436K->1225225K(1558016K), 0.0209760 secs] [Times: user=0.03 sys=0.00, real=0.02 secs] 
1383.703: [GC (Allocation Failure) [PSYoungGen: 414857K->136309K(465920K)] 1455395K->1177240K(1558016K), 0.0267012 secs] [Times: user=0.04 sys=0.00, real=0.03 secs] 
1385.533: [GC (Allocation Failure) [PSYoungGen: 369269K->1473K(465920K)] 1410200K->1042591K(1558016K), 0.0034991 secs] [Times: user=0.02 sys=0.00, real=0.01 secs] 
1385.829: [GC (Allocation Failure) [PSYoungGen: 234433K->184173K(465920K)] 1275551K->1226674K(1558016K), 0.0209916 secs] [Times: user=0.03 sys=0.00, real=0.02 secs] 
1386.115: [GC (Allocation Failure) [PSYoungGen: 417133K->184173K(465920K)] 1459634K->1226818K(1558016K), 0.0210445 secs] [Times: user=0.03 sys=0.00, real=0.03 secs] 
1387.218: [GC (Allocation Failure) [PSYoungGen: 417133K->128964K(465920K)] 1459778K->1172003K(1558016K), 0.0185236 secs] [Times: user=0.04 sys=0.00, real=0.02 secs] 
1388.543: [GC (Allocation Failure) [PSYoungGen: 361924K->27434K(465920K)] 1404963K->1070651K(1558016K), 0.0059700 secs] [Times: user=0.02 sys=0.00, real=0.01 secs] 
1388.815: [GC (Allocation Failure) [PSYoungGen: 260394K->183690K(465920K)] 1303611K->1228152K(1558016K), 0.0208665 secs] [Times: user=0.03 sys=0.00, real=0.02 secs] 
1389.106: [GC (Allocation Failure) [PSYoungGen: 416650K->184430K(465920K)] 1461112K->1229165K(1558016K), 0.0209631 secs] [Times: user=0.03 sys=0.00, real=0.02 secs] 
1391.073: [GC (Allocation Failure) [PSYoungGen: 417390K->86827K(465920K)] 1462125K->1131827K(1558016K), 0.0228385 secs] [Times: user=0.05 sys=0.00, real=0.03 secs] 
1392.201: [GC (Allocation Failure) [PSYoungGen: 319787K->53300K(465920K)] 1364787K->1098607K(1558016K), 0.0077363 secs] [Times: user=0.02 sys=0.00, real=0.01 secs] 
1392.535: [GC (Allocation Failure) [PSYoungGen: 286260K->186325K(465920K)] 1331567K->1232879K(1558016K), 0.0218414 secs] [Times: user=0.03 sys=0.00, real=0.03 secs] 
1392.827: [GC (Allocation Failure) [PSYoungGen: 419285K->184783K(465920K)] 1465839K->1231610K(1558016K), 0.0209117 secs] [Times: user=0.03 sys=0.00, real=0.02 secs] 
1394.315: [GC (Allocation Failure) [PSYoungGen: 417743K->57861K(465920K)] 1464570K->1104961K(1558016K), 0.0104560 secs] [Times: user=0.03 sys=0.00, real=0.01 secs] 
1395.596: [GC (Allocation Failure) [PSYoungGen: 290821K->81832K(465920K)] 1337921K->1129239K(1558016K), 0.0104722 secs] [Times: user=0.02 sys=0.00, real=0.01 secs] 
1395.934: [GC (Allocation Failure) [PSYoungGen: 314792K->186325K(465920K)] 1362199K->1234978K(1558016K), 0.0212439 secs] [Times: user=0.03 sys=0.00, real=0.03 secs] 
1396.224: [GC (Allocation Failure) [PSYoungGen: 419285K->184815K(465920K)] 1467938K->1233741K(1558016K), 0.0210052 secs] [Times: user=0.04 sys=0.00, real=0.03 secs] 
1398.532: [GC (Allocation Failure) [PSYoungGen: 417775K->29313K(465920K)] 1466701K->1078504K(1558016K), 0.0112067 secs] [Times: user=0.04 sys=0.00, real=0.01 secs] 
1399.524: [GC (Allocation Failure) [PSYoungGen: 262273K->110524K(465920K)] 1311464K->1160023K(1558016K), 0.0134778 secs] [Times: user=0.03 sys=0.00, real=0.02 secs] 
1399.803: [GC (Allocation Failure) [PSYoungGen: 343484K->184012K(465920K)] 1392983K->1234772K(1558016K), 0.0210196 secs] [Times: user=0.03 sys=0.00, real=0.02 secs] 
1400.088: [GC (Allocation Failure) [PSYoungGen: 416972K->184430K(465920K)] 1467732K->1235471K(1558016K), 0.0210451 secs] [Times: user=0.03 sys=0.00, real=0.02 secs] 
1403.591: [GC (Allocation Failure) [PSYoungGen: 417390K->3367K(465920K)] 1468431K->1054674K(1558016K), 0.0062741 secs] [Times: user=0.03 sys=0.00, real=0.01 secs] 
1404.840: [GC (Allocation Failure) [PSYoungGen: 236327K->136647K(465920K)] 1287634K->1188277K(1558016K), 0.0161902 secs] [Times: user=0.02 sys=0.00, real=0.02 secs] 
1405.121: [GC (Allocation Failure) [PSYoungGen: 369607K->183755K(465920K)] 1421237K->1236631K(1558016K), 0.0208975 secs] [Times: user=0.03 sys=0.00, real=0.02 secs] 
1405.706: [GC (Allocation Failure) [PSYoungGen: 416715K->165900K(465920K)] 1469591K->1219049K(1558016K), 0.0216640 secs] [Times: user=0.04 sys=0.01, real=0.02 secs] 
1408.220: [GC (Allocation Failure) [PSYoungGen: 398860K->64K(465920K)] 1452009K->1054652K(1558016K), 0.0056847 secs] [Times: user=0.03 sys=0.00, real=0.01 secs] 
1409.047: [GC (Allocation Failure) [PSYoungGen: 233024K->162349K(465920K)] 1287612K->1216961K(1558016K), 0.0187209 secs] [Times: user=0.02 sys=0.00, real=0.02 secs] 
1409.329: [GC (Allocation Failure) [PSYoungGen: 395309K->184269K(465920K)] 1449921K->1240256K(1558016K), 0.0209720 secs] [Times: user=0.03 sys=0.00, real=0.02 secs] 
1409.849: [GC (Allocation Failure) [PSYoungGen: 415943K->135553K(465920K)] 1471930K->1191684K(1558016K), 0.0184671 secs] [Times: user=0.03 sys=0.00, real=0.02 secs] 
1411.559: [GC (Allocation Failure) [PSYoungGen: 368494K->1376K(465920K)] 1424625K->1057823K(1558016K), 0.0035835 secs] [Times: user=0.02 sys=0.00, real=0.00 secs] 
1411.857: [GC (Allocation Failure) [PSYoungGen: 234336K->184141K(465920K)] 1290783K->1241841K(1558016K), 0.0210110 secs] [Times: user=0.04 sys=0.00, real=0.02 secs] 
1412.147: [GC (Allocation Failure) [PSYoungGen: 417101K->184526K(465920K)] 1474801K->1242499K(1558016K), 0.0210150 secs] [Times: user=0.03 sys=0.00, real=0.02 secs] 
1413.164: [GC (Allocation Failure) [PSYoungGen: 417486K->128691K(465920K)] 1475459K->1186929K(1558016K), 0.0353835 secs] [Times: user=0.07 sys=0.00, real=0.04 secs] 
1414.440: [GC (Allocation Failure) [PSYoungGen: 361651K->27849K(465920K)] 1419889K->1086393K(1558016K), 0.0053330 secs] [Times: user=0.01 sys=0.00, real=0.01 secs] 
1414.715: [GC (Allocation Failure) [PSYoungGen: 260809K->186486K(465920K)] 1319353K->1246276K(1558016K), 0.0213340 secs] [Times: user=0.03 sys=0.00, real=0.02 secs] 
1415.011: [GC (Allocation Failure) [PSYoungGen: 419446K->186100K(465920K)] 1479236K->1246163K(1558016K), 0.0212260 secs] [Times: user=0.04 sys=0.00, real=0.02 secs] 
1415.733: [GC (Allocation Failure) [PSYoungGen: 419060K->81927K(465920K)] 1479123K->1142255K(1558016K), 0.0120323 secs] [Times: user=0.03 sys=0.00, real=0.02 secs] 
1416.658: [GC (Allocation Failure) [PSYoungGen: 314865K->59340K(465920K)] 1375193K->1119976K(1558016K), 0.0085456 secs] [Times: user=0.02 sys=0.00, real=0.01 secs] 
1416.930: [GC (Allocation Failure) [PSYoungGen: 292300K->184687K(465920K)] 1352936K->1246576K(1558016K), 0.0211098 secs] [Times: user=0.03 sys=0.00, real=0.02 secs] 
1417.224: [GC (Allocation Failure) [PSYoungGen: 417647K->184366K(465920K)] 1479536K->1246528K(1558016K), 0.0211406 secs] [Times: user=0.03 sys=0.00, real=0.03 secs] 
1417.990: [GC (Allocation Failure) [PSYoungGen: 417326K->53877K(465920K)] 1479488K->1116304K(1558016K), 0.0119006 secs] [Times: user=0.02 sys=0.01, real=0.01 secs] 
1418.734: [GC (Allocation Failure) [PSYoungGen: 286837K->86359K(465920K)] 1349264K->1149110K(1558016K), 0.0109813 secs] [Times: user=0.02 sys=0.00, real=0.02 secs] 
1419.065: [GC (Allocation Failure) [PSYoungGen: 319319K->186454K(465920K)] 1382070K->1250443K(1558016K), 0.0212517 secs] [Times: user=0.03 sys=0.00, real=0.02 secs] 
1419.352: [GC (Allocation Failure) [PSYoungGen: 419414K->186068K(465920K)] 1483403K->1250330K(1558016K), 0.0213092 secs] [Times: user=0.03 sys=0.00, real=0.02 secs] 
1420.225: [GC (Allocation Failure) [PSYoungGen: 419028K->23385K(465920K)] 1483290K->1087920K(1558016K), 0.0070611 secs] [Times: user=0.02 sys=0.00, real=0.01 secs] 
1420.843: [GC (Allocation Failure) [PSYoungGen: 256345K->117336K(465920K)] 1320880K->1182173K(1558016K), 0.0142120 secs] [Times: user=0.03 sys=0.00, real=0.02 secs] 
1421.123: [GC (Allocation Failure) [PSYoungGen: 350296K->185972K(465920K)] 1415133K->1252062K(1558016K), 0.0211542 secs] [Times: user=0.03 sys=0.00, real=0.02 secs] 
1421.758: [GC (Allocation Failure) [PSYoungGen: 418932K->179378K(465920K)] 1485022K->1245741K(1558016K), 0.0303621 secs] [Times: user=0.05 sys=0.00, real=0.03 secs] 
1424.623: [GC (Allocation Failure) [PSYoungGen: 412338K->128K(465920K)] 1478701K->1067944K(1558016K), 0.0082550 secs] [Times: user=0.04 sys=0.00, real=0.01 secs] 
1425.777: [GC (Allocation Failure) [PSYoungGen: 233088K->145898K(465920K)] 1300904K->1213731K(1558016K), 0.0171177 secs] [Times: user=0.02 sys=0.00, real=0.01 secs] 
1426.059: [GC (Allocation Failure) [PSYoungGen: 378858K->186197K(465920K)] 1446691K->1255284K(1558016K), 0.0213312 secs] [Times: user=0.03 sys=0.00, real=0.02 secs] 
1426.750: [GC (Allocation Failure) [PSYoungGen: 419157K->150013K(465920K)] 1488244K->1219372K(1558016K), 0.0216855 secs] [Times: user=0.03 sys=0.00, real=0.02 secs] 
1429.428: [GC (Allocation Failure) [PSYoungGen: 382973K->96K(465920K)] 1452332K->1070897K(1558016K), 0.0057728 secs] [Times: user=0.02 sys=0.00, real=0.00 secs] 
1429.902: [GC (Allocation Failure) [PSYoungGen: 233056K->175589K(465920K)] 1303857K->1246407K(1558016K), 0.0204604 secs] [Times: user=0.03 sys=0.00, real=0.02 secs] 
1430.248: [GC (Allocation Failure) [PSYoungGen: 408549K->186229K(465920K)] 1479367K->1258421K(1558016K), 0.0212296 secs] [Times: user=0.03 sys=0.00, real=0.02 secs] 
1431.380: [GC (Allocation Failure) [PSYoungGen: 419189K->136772K(465920K)] 1491381K->1209228K(1558016K), 0.0401920 secs] [Times: user=0.09 sys=0.00, real=0.04 secs] 
1433.917: [GC (Allocation Failure) [PSYoungGen: 369732K->20269K(465920K)] 1442188K->1092913K(1558016K), 0.0064285 secs] [Times: user=0.02 sys=0.00, real=0.00 secs] 
1434.228: [GC (Allocation Failure) [PSYoungGen: 253229K->184430K(465920K)] 1325873K->1258327K(1558016K), 0.0210888 secs] [Times: user=0.03 sys=0.00, real=0.02 secs] 
1434.515: [GC (Allocation Failure) [PSYoungGen: 417390K->186197K(465920K)] 1491287K->1260496K(1558016K), 0.0212095 secs] [Times: user=0.03 sys=0.00, real=0.02 secs] 
1436.152: [GC (Allocation Failure) [PSYoungGen: 419157K->107854K(465920K)] 1493456K->1182289K(1558016K), 0.0333609 secs] [Times: user=0.08 sys=0.00, real=0.04 secs] 
1438.690: [GC (Allocation Failure) [PSYoungGen: 340814K->48255K(465920K)] 1415249K->1122996K(1558016K), 0.0094175 secs] [Times: user=0.02 sys=0.00, real=0.01 secs] 
1438.990: [GC (Allocation Failure) [PSYoungGen: 281215K->186389K(465920K)] 1355956K->1262505K(1558016K), 0.0217935 secs] [Times: user=0.03 sys=0.00, real=0.02 secs] 
1439.278: [GC (Allocation Failure) [PSYoungGen: 419349K->185972K(465920K)] 1495465K->1262360K(1558016K), 0.0212571 secs] [Times: user=0.03 sys=0.00, real=0.02 secs] 
1440.692: [GC (Allocation Failure) [PSYoungGen: 418932K->61717K(465920K)] 1495320K->1138250K(1558016K), 0.0147111 secs] [Times: user=0.03 sys=0.00, real=0.02 secs] 
1442.147: [GC (Allocation Failure) [PSYoungGen: 294677K->77234K(465920K)] 1371210K->1154073K(1558016K), 0.0103176 secs] [Times: user=0.02 sys=0.00, real=0.01 secs] 
1442.476: [GC (Allocation Failure) [PSYoungGen: 310194K->186100K(465920K)] 1387033K->1264193K(1558016K), 0.0214677 secs] [Times: user=0.03 sys=0.00, real=0.02 secs] 
1442.823: [GC (Allocation Failure) [PSYoungGen: 419060K->184751K(465920K)] 1497153K->1263116K(1558016K), 0.0209212 secs] [Times: user=0.03 sys=0.00, real=0.02 secs] 
1444.575: [GC (Allocation Failure) [PSYoungGen: 417711K->34342K(465920K)] 1496076K->1113100K(1558016K), 0.0076689 secs] [Times: user=0.02 sys=0.00, real=0.01 secs] 
1445.360: [GC (Allocation Failure) [PSYoungGen: 267211K->106026K(465920K)] 1345970K->1184964K(1558016K), 0.0165105 secs] [Times: user=0.03 sys=0.00, real=0.02 secs] 
1445.669: [GC (Allocation Failure) [PSYoungGen: 338986K->186100K(465920K)] 1417924K->1266284K(1558016K), 0.0211938 secs] [Times: user=0.03 sys=0.00, real=0.02 secs] 
1445.953: [GC (Allocation Failure) [PSYoungGen: 419060K->184719K(465920K)] 1499244K->1265175K(1558016K), 0.0210125 secs] [Times: user=0.03 sys=0.00, real=0.02 secs] 
1449.683: [GC (Allocation Failure) [PSYoungGen: 417679K->5584K(465920K)] 1498135K->1086435K(1558016K), 0.0053348 secs] [Times: user=0.02 sys=0.00, real=0.01 secs] 
1450.689: [GC (Allocation Failure) [PSYoungGen: 238544K->135329K(465920K)] 1319395K->1216369K(1558016K), 0.0159541 secs] [Times: user=0.03 sys=0.00, real=0.01 secs] 
1451.026: [GC (Allocation Failure) [PSYoungGen: 368289K->184655K(465920K)] 1449329K->1266940K(1558016K), 0.0210679 secs] [Times: user=0.04 sys=0.00, real=0.02 secs] 
1451.423: [GC (Allocation Failure) [PSYoungGen: 417615K->166254K(465920K)] 1499900K->1248804K(1558016K), 0.0228304 secs] [Times: user=0.04 sys=0.00, real=0.03 secs] 
1452.586: [GC (Allocation Failure) [PSYoungGen: 399214K->128K(465920K)] 1481764K->1084116K(1558016K), 0.0035353 secs] [Times: user=0.01 sys=0.00, real=0.00 secs] 
1453.170: [GC (Allocation Failure) [PSYoungGen: 233088K->163023K(465920K)] 1317076K->1247043K(1558016K), 0.0188518 secs] [Times: user=0.02 sys=0.00, real=0.02 secs] 
1453.455: [GC (Allocation Failure) [PSYoungGen: 395983K->186261K(465920K)] 1480003K->1271527K(1558016K), 0.0213396 secs] [Times: user=0.04 sys=0.00, real=0.02 secs] 
1454.287: [GC (Allocation Failure) [PSYoungGen: 414181K->133031K(465920K)] 1499447K->1218562K(1558016K), 0.0218546 secs] [Times: user=0.03 sys=0.00, real=0.02 secs] 
1456.485: [GC (Allocation Failure) [PSYoungGen: 365991K->1344K(465920K)] 1451522K->1087183K(1558016K), 0.0049189 secs] [Times: user=0.03 sys=0.00, real=0.00 secs] 
1456.792: [GC (Allocation Failure) [PSYoungGen: 234304K->184430K(465920K)] 1320143K->1271514K(1558016K), 0.0210735 secs] [Times: user=0.03 sys=0.00, real=0.02 secs] 
1457.079: [GC (Allocation Failure) [PSYoungGen: 417390K->186357K(465920K)] 1504474K->1273715K(1558016K), 0.0213536 secs] [Times: user=0.03 sys=0.00, real=0.02 secs] 
1459.078: [GC (Allocation Failure) [PSYoungGen: 419317K->126618K(465920K)] 1506675K->1214369K(1558016K), 0.0387877 secs] [Times: user=0.08 sys=0.00, real=0.04 secs] 
1461.944: [GC (Allocation Failure) [PSYoungGen: 359578K->30294K(465920K)] 1447329K->1118230K(1558016K), 0.0079105 secs] [Times: user=0.03 sys=0.00, real=0.01 secs] 
1462.254: [GC (Allocation Failure) [PSYoungGen: 263254K->185683K(465920K)] 1351190K->1274993K(1558016K), 0.0212854 secs] [Times: user=0.03 sys=0.00, real=0.03 secs] 
1462.596: [GC (Allocation Failure) [PSYoungGen: 418643K->184462K(465920K)] 1507953K->1273916K(1558016K), 0.0210264 secs] [Times: user=0.03 sys=0.00, real=0.02 secs] 
1463.708: [GC (Allocation Failure) [PSYoungGen: 417422K->81863K(465920K)] 1506876K->1171591K(1558016K), 0.0135413 secs] [Times: user=0.03 sys=0.00, real=0.01 secs] 
1464.763: [GC (Allocation Failure) [PSYoungGen: 314823K->58312K(465920K)] 1404551K->1148345K(1558016K), 0.0083679 secs] [Times: user=0.02 sys=0.00, real=0.01 secs] 
1465.089: [GC (Allocation Failure) [PSYoungGen: 291272K->184430K(465920K)] 1381305K->1275701K(1558016K), 0.0210648 secs] [Times: user=0.03 sys=0.00, real=0.02 secs] 
1465.110: [Full GC (Ergonomics) [PSYoungGen: 184430K->0K(465920K)] [ParOldGen: 1091271K->576983K(1174016K)] 1275701K->576983K(1639936K), [Metaspace: 55785K->55785K(1101824K)], 0.0587053 secs] [Times: user=0.26 sys=0.00, real=0.06 secs] 
1465.480: [GC (Allocation Failure) [PSYoungGen: 232960K->183658K(465920K)] 809943K->760642K(1639936K), 0.0202250 secs] [Times: user=0.03 sys=0.00, real=0.02 secs] 
1468.429: [GC (Allocation Failure) [PSYoungGen: 416618K->88654K(465920K)] 993602K->665934K(1639936K), 0.0145753 secs] [Times: user=0.04 sys=0.00, real=0.01 secs] 
1469.845: [GC (Allocation Failure) [PSYoungGen: 321614K->66602K(465920K)] 898894K->644196K(1639936K), 0.0102275 secs] [Times: user=0.02 sys=0.00, real=0.01 secs] 
1470.206: [GC (Allocation Failure) [PSYoungGen: 299562K->184333K(465920K)] 877156K->763173K(1639936K), 0.0205205 secs] [Times: user=0.03 sys=0.00, real=0.02 secs] 
1470.545: [GC (Allocation Failure) [PSYoungGen: 417293K->184558K(465920K)] 996133K->763808K(1639936K), 0.0203855 secs] [Times: user=0.02 sys=0.00, real=0.02 secs] 
1471.698: [GC (Allocation Failure) [PSYoungGen: 417518K->79608K(465920K)] 996768K->659123K(1639936K), 0.0158340 secs] [Times: user=0.05 sys=0.00, real=0.01 secs] 
1473.098: [GC (Allocation Failure) [PSYoungGen: 312568K->76466K(465920K)] 892083K->656168K(1639936K), 0.0093413 secs] [Times: user=0.02 sys=0.00, real=0.01 secs] 
1473.372: [GC (Allocation Failure) [PSYoungGen: 309426K->184462K(465920K)] 889128K->765417K(1639936K), 0.0204109 secs] [Times: user=0.02 sys=0.00, real=0.02 secs] 
1473.656: [GC (Allocation Failure) [PSYoungGen: 417422K->184269K(465920K)] 998377K->765498K(1639936K), 0.0201822 secs] [Times: user=0.03 sys=0.00, real=0.02 secs] 
1474.860: [GC (Allocation Failure) [PSYoungGen: 417229K->69969K(465920K)] 998458K->651463K(1639936K), 0.0113565 secs] [Times: user=0.03 sys=0.00, real=0.01 secs] 
1475.604: [GC (Allocation Failure) [PSYoungGen: 302929K->85880K(465920K)] 884423K->667680K(1639936K), 0.0133869 secs] [Times: user=0.02 sys=0.00, real=0.02 secs] 
1475.915: [GC (Allocation Failure) [PSYoungGen: 318840K->184044K(465920K)] 900640K->767089K(1639936K), 0.0201518 secs] [Times: user=0.03 sys=0.00, real=0.02 secs] 
1476.203: [GC (Allocation Failure) [PSYoungGen: 417004K->184044K(465920K)] 1000049K->767362K(1639936K), 0.0200634 secs] [Times: user=0.02 sys=0.00, real=0.02 secs] 
1478.440: [GC (Allocation Failure) [PSYoungGen: 417004K->61101K(465920K)] 1000322K->644813K(1639936K), 0.0126210 secs] [Times: user=0.05 sys=0.00, real=0.01 secs] 
1480.108: [GC (Allocation Failure) [PSYoungGen: 293997K->94524K(465920K)] 877709K->678414K(1639936K), 0.0125052 secs] [Times: user=0.02 sys=0.00, real=0.01 secs] 
1480.390: [GC (Allocation Failure) [PSYoungGen: 327484K->184044K(465920K)] 911374K->769188K(1639936K), 0.0203231 secs] [Times: user=0.03 sys=0.00, real=0.02 secs] 
1480.673: [GC (Allocation Failure) [PSYoungGen: 417004K->184366K(465920K)] 1002148K->769783K(1639936K), 0.0200578 secs] [Times: user=0.02 sys=0.00, real=0.02 secs] 
1483.626: [GC (Allocation Failure) [PSYoungGen: 417326K->52104K(465920K)] 1002743K->637787K(1639936K), 0.0098601 secs] [Times: user=0.04 sys=0.01, real=0.01 secs] 
1484.474: [GC (Allocation Failure) [PSYoungGen: 285064K->104384K(465920K)] 870747K->690383K(1639936K), 0.0121895 secs] [Times: user=0.02 sys=0.00, real=0.02 secs] 
1484.808: [GC (Allocation Failure) [PSYoungGen: 337344K->184398K(465920K)] 923343K->771642K(1639936K), 0.0206133 secs] [Times: user=0.03 sys=0.00, real=0.02 secs] 
1485.161: [GC (Allocation Failure) [PSYoungGen: 417358K->184526K(465920K)] 1004602K->772035K(1639936K), 0.0206679 secs] [Times: user=0.03 sys=0.00, real=0.02 secs] 
1486.915: [GC (Allocation Failure) [PSYoungGen: 417486K->41758K(465920K)] 1004995K->629533K(1639936K), 0.0058904 secs] [Times: user=0.02 sys=0.00, real=0.01 secs] 
1487.521: [GC (Allocation Failure) [PSYoungGen: 274718K->114573K(465920K)] 862493K->702655K(1639936K), 0.0130729 secs] [Times: user=0.02 sys=0.00, real=0.01 secs] 
1487.863: [GC (Allocation Failure) [PSYoungGen: 347533K->184462K(465920K)] 935615K->773926K(1639936K), 0.0204243 secs] [Times: user=0.03 sys=0.00, real=0.02 secs] 
1488.146: [GC (Allocation Failure) [PSYoungGen: 417422K->181956K(465920K)] 1006886K->771572K(1639936K), 0.0201850 secs] [Times: user=0.02 sys=0.00, real=0.02 secs] 
1491.276: [GC (Allocation Failure) [PSYoungGen: 414916K->34144K(465920K)] 1004532K->623897K(1639936K), 0.0044147 secs] [Times: user=0.02 sys=0.00, real=0.00 secs] 
1491.827: [GC (Allocation Failure) [PSYoungGen: 267104K->122027K(465920K)] 856857K->711961K(1639936K), 0.0139723 secs] [Times: user=0.02 sys=0.00, real=0.01 secs] 
1492.107: [GC (Allocation Failure) [PSYoungGen: 354987K->184462K(465920K)] 944921K->775778K(1639936K), 0.0201256 secs] [Times: user=0.03 sys=0.00, real=0.02 secs] 
1492.508: [GC (Allocation Failure) [PSYoungGen: 417422K->177861K(465920K)] 1008738K->769314K(1639936K), 0.0209367 secs] [Times: user=0.02 sys=0.00, real=0.02 secs] 
1494.140: [GC (Allocation Failure) [PSYoungGen: 410821K->32864K(465920K)] 1002274K->625760K(1639936K), 0.0038152 secs] [Times: user=0.01 sys=0.00, real=0.00 secs] 
1494.706: [GC (Allocation Failure) [PSYoungGen: 265824K->130960K(465920K)] 858720K->723864K(1639936K), 0.0146443 secs] [Times: user=0.02 sys=0.01, real=0.01 secs] 
1494.986: [GC (Allocation Failure) [PSYoungGen: 363920K->184333K(465920K)] 956824K->778491K(1639936K), 0.0205473 secs] [Times: user=0.02 sys=0.00, real=0.02 secs] 
1495.849: [GC (Allocation Failure) [PSYoungGen: 417293K->168993K(465920K)] 1011451K->763545K(1639936K), 0.0476569 secs] [Times: user=0.07 sys=0.00, real=0.05 secs] 
1498.991: [GC (Allocation Failure) [PSYoungGen: 401953K->96K(465920K)] 996505K->595965K(1639936K), 0.0038802 secs] [Times: user=0.01 sys=0.01, real=0.00 secs] 
1500.108: [GC (Allocation Failure) [PSYoungGen: 233056K->139603K(465920K)] 828925K->735496K(1639936K), 0.0157742 secs] [Times: user=0.02 sys=0.00, real=0.01 secs] 
1500.388: [GC (Allocation Failure) [PSYoungGen: 372563K->184301K(465920K)] 968456K->781440K(1639936K), 0.0204264 secs] [Times: user=0.02 sys=0.00, real=0.02 secs] 
1501.039: [GC (Allocation Failure) [PSYoungGen: 417054K->162414K(465920K)] 1014193K->759826K(1639936K), 0.0211520 secs] [Times: user=0.03 sys=0.00, real=0.02 secs] 
1502.891: [GC (Allocation Failure) [PSYoungGen: 395374K->128K(465920K)] 992786K->598971K(1639936K), 0.0024997 secs] [Times: user=0.01 sys=0.00, real=0.00 secs] 
1503.329: [GC (Allocation Failure) [PSYoungGen: 233088K->148117K(465920K)] 831931K->746985K(1639936K), 0.0165250 secs] [Times: user=0.03 sys=0.00, real=0.02 secs] 
1503.609: [GC (Allocation Failure) [PSYoungGen: 381077K->183787K(465920K)] 979945K->783900K(1639936K), 0.0201300 secs] [Times: user=0.03 sys=0.00, real=0.02 secs] 
1504.328: [GC (Allocation Failure) [PSYoungGen: 416747K->158542K(465920K)] 1016860K->758928K(1639936K), 0.0195378 secs] [Times: user=0.02 sys=0.00, real=0.02 secs] 
1506.509: [GC (Allocation Failure) [PSYoungGen: 391502K->64K(465920K)] 991888K->601896K(1639936K), 0.0033182 secs] [Times: user=0.01 sys=0.00, real=0.00 secs] 
1507.162: [GC (Allocation Failure) [PSYoungGen: 233024K->156857K(465920K)] 834856K->758705K(1639936K), 0.0173928 secs] [Times: user=0.03 sys=0.00, real=0.02 secs] 
1507.442: [GC (Allocation Failure) [PSYoungGen: 389817K->184430K(465920K)] 991665K->787531K(1639936K), 0.0210933 secs] [Times: user=0.03 sys=0.00, real=0.02 secs] 
1508.154: [GC (Allocation Failure) [PSYoungGen: 417390K->149111K(465920K)] 1020491K->752478K(1639936K), 0.0399351 secs] [Times: user=0.06 sys=0.00, real=0.04 secs] 
1509.652: [GC (Allocation Failure) [PSYoungGen: 382071K->96K(465920K)] 985438K->604900K(1639936K), 0.0025386 secs] [Times: user=0.01 sys=0.00, real=0.00 secs] 
1510.242: [GC (Allocation Failure) [PSYoungGen: 233056K->166368K(465920K)] 837860K->771188K(1639936K), 0.0184431 secs] [Times: user=0.03 sys=0.00, real=0.02 secs] 
1510.526: [GC (Allocation Failure) [PSYoungGen: 399328K->184462K(465920K)] 1004148K->790528K(1639936K), 0.0203308 secs] [Times: user=0.02 sys=0.00, real=0.02 secs] 
1511.293: [GC (Allocation Failure) [PSYoungGen: 415238K->139649K(465920K)] 1021304K->746117K(1639936K), 0.0251845 secs] [Times: user=0.03 sys=0.00, real=0.03 secs] 
1512.213: [GC (Allocation Failure) [PSYoungGen: 372609K->96K(465920K)] 979077K->607878K(1639936K), 0.0023516 secs] [Times: user=0.01 sys=0.00, real=0.01 secs] 
1512.557: [GC (Allocation Failure) [PSYoungGen: 233056K->173276K(465920K)] 840838K->781083K(1639936K), 0.0191771 secs] [Times: user=0.03 sys=0.00, real=0.02 secs] 
1512.846: [GC (Allocation Failure) [PSYoungGen: 406236K->184719K(465920K)] 1014043K->793771K(1639936K), 0.0205091 secs] [Times: user=0.03 sys=0.00, real=0.02 secs] 
1514.343: [GC (Allocation Failure) [PSYoungGen: 417679K->140627K(465920K)] 1026731K->749945K(1639936K), 0.0417314 secs] [Times: user=0.07 sys=0.00, real=0.04 secs] 
1517.023: [GC (Allocation Failure) [PSYoungGen: 373587K->64K(465920K)] 982905K->610819K(1639936K), 0.0038574 secs] [Times: user=0.02 sys=0.00, real=0.01 secs] 
1517.530: [GC (Allocation Failure) [PSYoungGen: 233024K->182594K(465920K)] 843779K->793365K(1639936K), 0.0199148 secs] [Times: user=0.02 sys=0.00, real=0.02 secs] 
1517.866: [GC (Allocation Failure) [PSYoungGen: 415554K->184462K(465920K)] 1026325K->796479K(1639936K), 0.0204549 secs] [Times: user=0.02 sys=0.00, real=0.02 secs] 
1518.900: [GC (Allocation Failure) [PSYoungGen: 417422K->131663K(465920K)] 1029439K->743945K(1639936K), 0.0175434 secs] [Times: user=0.03 sys=0.00, real=0.02 secs] 
1519.876: [GC (Allocation Failure) [PSYoungGen: 364623K->8124K(465920K)] 976905K->620706K(1639936K), 0.0028396 secs] [Times: user=0.01 sys=0.00, real=0.00 secs] 
1520.157: [GC (Allocation Failure) [PSYoungGen: 241084K->184044K(465920K)] 853666K->797879K(1639936K), 0.0202835 secs] [Times: user=0.03 sys=0.00, real=0.02 secs] 
1520.447: [GC (Allocation Failure) [PSYoungGen: 417004K->184044K(465920K)] 1030839K->798153K(1639936K), 0.0201436 secs] [Times: user=0.03 sys=0.00, real=0.02 secs] 
1522.749: [GC (Allocation Failure) [PSYoungGen: 417004K->122538K(465920K)] 1031113K->736911K(1639936K), 0.0248438 secs] [Times: user=0.05 sys=0.00, real=0.02 secs] 
1524.906: [GC (Allocation Failure) [PSYoungGen: 355498K->16606K(465920K)] 969871K->631288K(1639936K), 0.0041668 secs] [Times: user=0.01 sys=0.00, real=0.00 secs] 
1525.196: [GC (Allocation Failure) [PSYoungGen: 249566K->183273K(465920K)] 864248K->799337K(1639936K), 0.0201579 secs] [Times: user=0.03 sys=0.00, real=0.02 secs] 
1525.489: [GC (Allocation Failure) [PSYoungGen: 416233K->184783K(465920K)] 1032297K->800991K(1639936K), 0.0202712 secs] [Times: user=0.03 sys=0.00, real=0.02 secs] 
1526.093: [GC (Allocation Failure) [PSYoungGen: 417743K->114023K(465920K)] 1033951K->730368K(1639936K), 0.0134360 secs] [Times: user=0.03 sys=0.00, real=0.02 secs] 
1527.042: [GC (Allocation Failure) [PSYoungGen: 346983K->25796K(465920K)] 963328K->642442K(1639936K), 0.0043243 secs] [Times: user=0.01 sys=0.00, real=0.01 secs] 
1527.369: [GC (Allocation Failure) [PSYoungGen: 258756K->186357K(465920K)] 875402K->804386K(1639936K), 0.0206115 secs] [Times: user=0.03 sys=0.00, real=0.02 secs] 
1527.657: [GC (Allocation Failure) [PSYoungGen: 419317K->186164K(465920K)] 1037346K->804346K(1639936K), 0.0203755 secs] [Times: user=0.02 sys=0.01, real=0.02 secs] 
1528.596: [GC (Allocation Failure) [PSYoungGen: 419124K->100480K(465920K)] 1037306K->719055K(1639936K), 0.0131847 secs] [Times: user=0.02 sys=0.00, real=0.01 secs] 
1529.494: [GC (Allocation Failure) [PSYoungGen: 333440K->37973K(465920K)] 952015K->656735K(1639936K), 0.0059100 secs] [Times: user=0.01 sys=0.00, real=0.01 secs] 
1529.767: [GC (Allocation Failure) [PSYoungGen: 270933K->186357K(465920K)] 889695K->806373K(1639936K), 0.0206405 secs] [Times: user=0.03 sys=0.00, real=0.02 secs] 
1530.060: [GC (Allocation Failure) [PSYoungGen: 419317K->184783K(465920K)] 1039333K->805072K(1639936K), 0.0204363 secs] [Times: user=0.03 sys=0.00, real=0.02 secs] 
1531.154: [GC (Allocation Failure) [PSYoungGen: 405651K->89556K(465920K)] 1025939K->710109K(1639936K), 0.0156009 secs] [Times: user=0.03 sys=0.00, real=0.02 secs] 
1531.968: [GC (Allocation Failure) [PSYoungGen: 322516K->38198K(465920K)] 943069K->659065K(1639936K), 0.0054148 secs] [Times: user=0.01 sys=0.00, real=0.00 secs] 
1532.238: [GC (Allocation Failure) [PSYoungGen: 271158K->184430K(465920K)] 892025K->806687K(1639936K), 0.0202165 secs] [Times: user=0.03 sys=0.00, real=0.02 secs] 
1532.521: [GC (Allocation Failure) [PSYoungGen: 417390K->184333K(465920K)] 1039647K->806743K(1639936K), 0.0201241 secs] [Times: user=0.02 sys=0.00, real=0.02 secs] 
1533.126: [GC (Allocation Failure) [PSYoungGen: 407135K->91869K(465920K)] 1029545K->714544K(1639936K), 0.0105431 secs] [Times: user=0.02 sys=0.00, real=0.01 secs] 
1533.992: [GC (Allocation Failure) [PSYoungGen: 324829K->38005K(465920K)] 947504K->660994K(1639936K), 0.0054212 secs] [Times: user=0.01 sys=0.00, real=0.01 secs] 
1534.262: [GC (Allocation Failure) [PSYoungGen: 270965K->184687K(465920K)] 893954K->808921K(1639936K), 0.0202646 secs] [Times: user=0.02 sys=0.00, real=0.02 secs] 
1534.546: [GC (Allocation Failure) [PSYoungGen: 417647K->184655K(465920K)] 1041881K->809162K(1639936K), 0.0202495 secs] [Times: user=0.02 sys=0.00, real=0.02 secs] 
1535.208: [GC (Allocation Failure) [PSYoungGen: 407200K->91307K(465920K)] 1031707K->716087K(1639936K), 0.0110935 secs] [Times: user=0.02 sys=0.00, real=0.01 secs] 
1536.840: [GC (Allocation Failure) [PSYoungGen: 324267K->37684K(465920K)] 949047K->662778K(1639936K), 0.0068090 secs] [Times: user=0.02 sys=0.00, real=0.01 secs] 
1537.217: [GC (Allocation Failure) [PSYoungGen: 270644K->183948K(465920K)] 895738K->810287K(1639936K), 0.0200558 secs] [Times: user=0.03 sys=0.00, real=0.02 secs] 
1537.506: [GC (Allocation Failure) [PSYoungGen: 416908K->184847K(465920K)] 1043247K->811468K(1639936K), 0.0202439 secs] [Times: user=0.02 sys=0.00, real=0.02 secs] 
1538.886: [GC (Allocation Failure) [PSYoungGen: 410162K->92255K(465920K)] 1036783K->719269K(1639936K), 0.0121469 secs] [Times: user=0.02 sys=0.00, real=0.01 secs] 
1540.272: [GC (Allocation Failure) [PSYoungGen: 325215K->37845K(465920K)] 952229K->665030K(1639936K), 0.0070122 secs] [Times: user=0.02 sys=0.00, real=0.01 secs] 
1540.563: [GC (Allocation Failure) [PSYoungGen: 270805K->184687K(465920K)] 897990K->813246K(1639936K), 0.0204489 secs] [Times: user=0.03 sys=0.00, real=0.02 secs] 
1540.848: [GC (Allocation Failure) [PSYoungGen: 417647K->184655K(465920K)] 1046206K->813487K(1639936K), 0.0203822 secs] [Times: user=0.03 sys=0.00, real=0.02 secs] 
1541.470: [GC (Allocation Failure) [PSYoungGen: 407111K->91484K(465920K)] 1035944K->720581K(1639936K), 0.0113456 secs] [Times: user=0.02 sys=0.01, real=0.01 secs] 
1542.110: [GC (Allocation Failure) [PSYoungGen: 324444K->144995K(465920K)] 953541K->774288K(1639936K), 0.0141436 secs] [Times: user=0.03 sys=0.00, real=0.01 secs] 
1542.353: [GC (Allocation Failure) [PSYoungGen: 377955K->184687K(465920K)] 1007248K->848001K(1639936K), 0.0251163 secs] [Times: user=0.05 sys=0.00, real=0.03 secs] 
1542.585: [GC (Allocation Failure) [PSYoungGen: 417647K->184012K(465920K)] 1080961K->847600K(1639936K), 0.0204564 secs] [Times: user=0.02 sys=0.00, real=0.02 secs] 
1544.112: [GC (Allocation Failure) [PSYoungGen: 416972K->1376K(465920K)] 1080560K->665108K(1639936K), 0.0025781 secs] [Times: user=0.01 sys=0.00, real=0.01 secs] 
1544.648: [GC (Allocation Failure) [PSYoungGen: 234336K->135104K(465920K)] 898068K->799016K(1639936K), 0.0152916 secs] [Times: user=0.02 sys=0.00, real=0.01 secs] 
1544.927: [GC (Allocation Failure) [PSYoungGen: 368064K->184558K(465920K)] 1031976K->849844K(1639936K), 0.0204073 secs] [Times: user=0.02 sys=0.00, real=0.02 secs] 
1545.559: [GC (Allocation Failure) [PSYoungGen: 417518K->166591K(465920K)] 1082804K->832021K(1639936K), 0.0223850 secs] [Times: user=0.03 sys=0.01, real=0.02 secs] 
1548.558: [GC (Allocation Failure) [PSYoungGen: 399551K->96K(465920K)] 1064981K->666939K(1639936K), 0.0043752 secs] [Times: user=0.02 sys=0.00, real=0.00 secs] 
1549.319: [GC (Allocation Failure) [PSYoungGen: 233056K->157339K(465920K)] 899899K->824199K(1639936K), 0.0174086 secs] [Times: user=0.02 sys=0.00, real=0.02 secs] 
1549.601: [GC (Allocation Failure) [PSYoungGen: 390299K->184430K(465920K)] 1057159K->852535K(1639936K), 0.0203242 secs] [Times: user=0.03 sys=0.00, real=0.02 secs] 
1550.479: [GC (Allocation Failure) [PSYoungGen: 417390K->148645K(465920K)] 1085495K->817016K(1639936K), 0.0213865 secs] [Times: user=0.04 sys=0.00, real=0.02 secs] 
1553.603: [GC (Allocation Failure) [PSYoungGen: 381605K->64K(465920K)] 1049976K->669874K(1639936K), 0.0040389 secs] [Times: user=0.02 sys=0.00, real=0.01 secs] 
1554.068: [GC (Allocation Failure) [PSYoungGen: 233024K->181405K(465920K)] 902834K->851247K(1639936K), 0.0198720 secs] [Times: user=0.02 sys=0.00, real=0.02 secs] 
1554.354: [GC (Allocation Failure) [PSYoungGen: 414365K->186100K(465920K)] 1084207K->857188K(1639936K), 0.0204753 secs] [Times: user=0.03 sys=0.00, real=0.02 secs] 
1554.902: [GC (Allocation Failure) [PSYoungGen: 419060K->131133K(465920K)] 1090148K->802486K(1639936K), 0.0152279 secs] [Times: user=0.03 sys=0.00, real=0.02 secs] 
1556.336: [GC (Allocation Failure) [PSYoungGen: 364093K->22711K(465920K)] 1035446K->694364K(1639936K), 0.0051308 secs] [Times: user=0.01 sys=0.00, real=0.00 secs] 
1556.624: [GC (Allocation Failure) [PSYoungGen: 255671K->185747K(465920K)] 927324K->858645K(1639936K), 0.0205736 secs] [Times: user=0.03 sys=0.00, real=0.02 secs] 
1556.960: [GC (Allocation Failure) [PSYoungGen: 418707K->185843K(465920K)] 1091605K->859015K(1639936K), 0.0206221 secs] [Times: user=0.03 sys=0.00, real=0.02 secs] 
1558.185: [GC (Allocation Failure) [PSYoungGen: 418803K->104512K(465920K)] 1091975K->777957K(1639936K), 0.0162508 secs] [Times: user=0.03 sys=0.00, real=0.02 secs] 
1560.407: [GC (Allocation Failure) [PSYoungGen: 337472K->48416K(465920K)] 1010917K->722176K(1639936K), 0.0088767 secs] [Times: user=0.02 sys=0.00, real=0.01 secs] 
1560.717: [GC (Allocation Failure) [PSYoungGen: 281376K->185843K(465920K)] 955136K->860858K(1639936K), 0.0205637 secs] [Times: user=0.03 sys=0.00, real=0.02 secs] 
1561.016: [GC (Allocation Failure) [PSYoungGen: 418803K->185875K(465920K)] 1093818K->861171K(1639936K), 0.0203802 secs] [Times: user=0.03 sys=0.00, real=0.02 secs] 
1562.664: [GC (Allocation Failure) [PSYoungGen: 418835K->62247K(465920K)] 1094131K->737808K(1639936K), 0.0121903 secs] [Times: user=0.02 sys=0.00, real=0.02 secs] 
1564.271: [GC (Allocation Failure) [PSYoungGen: 295207K->73124K(465920K)] 970768K->749009K(1639936K), 0.0090587 secs] [Times: user=0.02 sys=0.00, real=0.01 secs] 
1564.544: [GC (Allocation Failure) [PSYoungGen: 306084K->184173K(465920K)] 981969K->861311K(1639936K), 0.0203152 secs] [Times: user=0.03 sys=0.00, real=0.02 secs] 
1564.827: [GC (Allocation Failure) [PSYoungGen: 417133K->183723K(465920K)] 1094271K->861134K(1639936K), 0.0202379 secs] [Times: user=0.02 sys=0.00, real=0.02 secs] 
1565.645: [GC (Allocation Failure) [PSYoungGen: 416683K->41250K(465920K)] 1094094K->718926K(1639936K), 0.0065560 secs] [Times: user=0.01 sys=0.00, real=0.00 secs] 
1566.583: [GC (Allocation Failure) [PSYoungGen: 274131K->94845K(465920K)] 951807K->772818K(1639936K), 0.0112137 secs] [Times: user=0.01 sys=0.00, real=0.01 secs] 
1566.858: [GC (Allocation Failure) [PSYoungGen: 327805K->184044K(465920K)] 1005778K->863264K(1639936K), 0.0202352 secs] [Times: user=0.03 sys=0.00, real=0.02 secs] 
1567.142: [GC (Allocation Failure) [PSYoungGen: 417004K->184622K(465920K)] 1096224K->864115K(1639936K), 0.0203899 secs] [Times: user=0.03 sys=0.00, real=0.02 secs] 
1569.011: [GC (Allocation Failure) [PSYoungGen: 417582K->18903K(465920K)] 1097075K->698797K(1639936K), 0.0047838 secs] [Times: user=0.02 sys=0.00, real=0.01 secs] 
1569.650: [GC (Allocation Failure) [PSYoungGen: 251863K->116469K(465920K)] 931757K->796550K(1639936K), 0.0133861 secs] [Times: user=0.02 sys=0.00, real=0.01 secs] 
1569.985: [GC (Allocation Failure) [PSYoungGen: 349429K->183787K(465920K)] 1029510K->865114K(1639936K), 0.0203357 secs] [Times: user=0.02 sys=0.00, real=0.03 secs] 
1570.284: [GC (Allocation Failure) [PSYoungGen: 416747K->182222K(465920K)] 1098074K->863822K(1639936K), 0.0202315 secs] [Times: user=0.03 sys=0.00, real=0.02 secs] 
1572.754: [GC (Allocation Failure) [PSYoungGen: 415182K->96K(465920K)] 1096782K->683139K(1639936K), 0.0053274 secs] [Times: user=0.02 sys=0.00, real=0.01 secs] 
1574.070: [GC (Allocation Failure) [PSYoungGen: 233056K->138060K(465920K)] 916099K->821128K(1639936K), 0.0156194 secs] [Times: user=0.02 sys=0.00, real=0.02 secs] 
1574.350: [GC (Allocation Failure) [PSYoungGen: 371020K->184301K(465920K)] 1054088K->868743K(1639936K), 0.0204192 secs] [Times: user=0.03 sys=0.00, real=0.02 secs] 
1575.143: [GC (Allocation Failure) [PSYoungGen: 417261K->161860K(465920K)] 1101703K->846575K(1639936K), 0.0242312 secs] [Times: user=0.03 sys=0.00, real=0.03 secs] 
1577.222: [GC (Allocation Failure) [PSYoungGen: 394820K->128K(465920K)] 1079535K->686146K(1639936K), 0.0040768 secs] [Times: user=0.02 sys=0.00, real=0.01 secs] 
1577.908: [GC (Allocation Failure) [PSYoungGen: 232973K->160038K(465920K)] 918992K->846081K(1639936K), 0.0178674 secs] [Times: user=0.03 sys=0.00, real=0.02 secs] 
1578.192: [GC (Allocation Failure) [PSYoungGen: 392998K->184333K(465920K)] 1079041K->871629K(1639936K), 0.0203845 secs] [Times: user=0.03 sys=0.00, real=0.02 secs] 
1578.992: [GC (Allocation Failure) [PSYoungGen: 417293K->146043K(465920K)] 1104589K->833604K(1639936K), 0.0301832 secs] [Times: user=0.05 sys=0.00, real=0.03 secs] 
1581.445: [GC (Allocation Failure) [PSYoungGen: 379003K->64K(465920K)] 1066564K->689066K(1639936K), 0.0087401 secs] [Times: user=0.03 sys=0.00, real=0.00 secs] 
1581.919: [GC (Allocation Failure) [PSYoungGen: 233024K->181951K(465920K)] 922026K->870986K(1639936K), 0.0199708 secs] [Times: user=0.02 sys=0.00, real=0.02 secs] 
1582.258: [GC (Allocation Failure) [PSYoungGen: 414911K->184044K(465920K)] 1103946K->874341K(1639936K), 0.0203071 secs] [Times: user=0.03 sys=0.00, real=0.02 secs] 
1582.789: [GC (Allocation Failure) [PSYoungGen: 417004K->132659K(465920K)] 1107301K->823221K(1639936K), 0.0180783 secs] [Times: user=0.03 sys=0.00, real=0.02 secs] 
1583.882: [GC (Allocation Failure) [PSYoungGen: 365619K->20366K(465920K)] 1056181K->711243K(1639936K), 0.0064976 secs] [Times: user=0.02 sys=0.00, real=0.01 secs] 
1584.298: [GC (Allocation Failure) [PSYoungGen: 253326K->186389K(465920K)] 944203K->878641K(1639936K), 0.0205142 secs] [Times: user=0.03 sys=0.00, real=0.02 secs] 
1584.629: [GC (Allocation Failure) [PSYoungGen: 419349K->186068K(465920K)] 1111601K->878465K(1639936K), 0.0204880 secs] [Times: user=0.02 sys=0.00, real=0.02 secs] 
1585.882: [GC (Allocation Failure) [PSYoungGen: 419028K->105926K(465920K)] 1111425K->798716K(1639936K), 0.0156310 secs] [Times: user=0.03 sys=0.00, real=0.02 secs] 
1587.401: [GC (Allocation Failure) [PSYoungGen: 338886K->47195K(465920K)] 1031676K->740164K(1639936K), 0.0076575 secs] [Times: user=0.01 sys=0.00, real=0.01 secs] 
1587.689: [GC (Allocation Failure) [PSYoungGen: 280155K->186100K(465920K)] 973124K->880315K(1639936K), 0.0205321 secs] [Times: user=0.03 sys=0.00, real=0.02 secs] 
1587.975: [GC (Allocation Failure) [PSYoungGen: 419060K->185843K(465920K)] 1113275K->880331K(1639936K), 0.0211364 secs] [Times: user=0.03 sys=0.00, real=0.03 secs] 
1588.721: [GC (Allocation Failure) [PSYoungGen: 418803K->63115K(465920K)] 1113291K->757868K(1639936K), 0.0091707 secs] [Times: user=0.01 sys=0.00, real=0.01 secs] 
1589.473: [GC (Allocation Failure) [PSYoungGen: 296075K->74120K(465920K)] 990828K->769197K(1639936K), 0.0091380 secs] [Times: user=0.01 sys=0.00, real=0.01 secs] 
1589.746: [GC (Allocation Failure) [PSYoungGen: 307080K->184558K(465920K)] 1002157K->880881K(1639936K), 0.0204088 secs] [Times: user=0.03 sys=0.00, real=0.02 secs] 
1590.091: [GC (Allocation Failure) [PSYoungGen: 417518K->186325K(465920K)] 1113841K->882921K(1639936K), 0.0207837 secs] [Times: user=0.03 sys=0.00, real=0.02 secs] 
1591.660: [GC (Allocation Failure) [PSYoungGen: 419285K->37298K(465920K)] 1115881K->734158K(1639936K), 0.0115828 secs] [Times: user=0.03 sys=0.00, real=0.01 secs] 
1592.950: [GC (Allocation Failure) [PSYoungGen: 270258K->98572K(465920K)] 967118K->795749K(1639936K), 0.0116869 secs] [Times: user=0.02 sys=0.00, real=0.01 secs] 
1593.225: [GC (Allocation Failure) [PSYoungGen: 331532K->184173K(465920K)] 1028709K->882595K(1639936K), 0.0204640 secs] [Times: user=0.03 sys=0.00, real=0.02 secs] 
1593.571: [GC (Allocation Failure) [PSYoungGen: 417133K->184558K(465920K)] 1115555K->883254K(1639936K), 0.0202829 secs] [Times: user=0.02 sys=0.00, real=0.02 secs] 
1595.889: [GC (Allocation Failure) [PSYoungGen: 417518K->15031K(465920K)] 1116214K->714120K(1639936K), 0.0052182 secs] [Times: user=0.02 sys=0.00, real=0.00 secs] 
1597.302: [GC (Allocation Failure) [PSYoungGen: 247991K->120710K(465920K)] 947080K->819970K(1639936K), 0.0139963 secs] [Times: user=0.02 sys=0.00, real=0.02 secs] 
1597.580: [GC (Allocation Failure) [PSYoungGen: 353670K->184173K(465920K)] 1052930K->884679K(1639936K), 0.0203458 secs] [Times: user=0.02 sys=0.00, real=0.02 secs] 
1598.042: [GC (Allocation Failure) [PSYoungGen: 417133K->177868K(465920K)] 1117639K->878655K(1639936K), 0.0293562 secs] [Times: user=0.05 sys=0.00, real=0.03 secs] 
1600.143: [GC (Allocation Failure) [PSYoungGen: 410828K->64K(465920K)] 1111615K->702290K(1639936K), 0.0032745 secs] [Times: user=0.02 sys=0.00, real=0.01 secs] 
1601.021: [GC (Allocation Failure) [PSYoungGen: 233024K->142141K(465920K)] 935250K->844384K(1639936K), 0.0160630 secs] [Times: user=0.02 sys=0.00, real=0.02 secs] 
1601.367: [GC (Allocation Failure) [PSYoungGen: 375101K->184301K(465920K)] 1077344K->887790K(1639936K), 0.0203119 secs] [Times: user=0.03 sys=0.00, real=0.02 secs] 
1602.512: [GC (Allocation Failure) [PSYoungGen: 414957K->159828K(465920K)] 1118446K->863589K(1639936K), 0.0419891 secs] [Times: user=0.06 sys=0.00, real=0.04 secs] 
1604.893: [GC (Allocation Failure) [PSYoungGen: 392788K->64K(465920K)] 1096549K->705257K(1639936K), 0.0024033 secs] [Times: user=0.01 sys=0.00, real=0.01 secs] 
1605.515: [GC (Allocation Failure) [PSYoungGen: 233024K->161195K(465920K)] 938217K->866404K(1639936K), 0.0182007 secs] [Times: user=0.03 sys=0.00, real=0.01 secs] 
1605.805: [GC (Allocation Failure) [PSYoungGen: 394155K->184558K(465920K)] 1099364K->891013K(1639936K), 0.0203443 secs] [Times: user=0.03 sys=0.00, real=0.03 secs] 
1606.360: [GC (Allocation Failure) [PSYoungGen: 417518K->144645K(465920K)] 1123973K->851373K(1639936K), 0.0178043 secs] [Times: user=0.03 sys=0.01, real=0.02 secs] 
1607.561: [GC (Allocation Failure) [PSYoungGen: 377605K->96K(465920K)] 1084333K->708269K(1639936K), 0.0023492 secs] [Times: user=0.01 sys=0.00, real=0.00 secs] 
1607.852: [GC (Allocation Failure) [PSYoungGen: 233056K->183622K(465920K)] 941229K->891819K(1639936K), 0.0202005 secs] [Times: user=0.03 sys=0.00, real=0.02 secs] 
1608.192: [GC (Allocation Failure) [PSYoungGen: 416582K->184044K(465920K)] 1124779K->893479K(1639936K), 0.0203530 secs] [Times: user=0.03 sys=0.00, real=0.02 secs] 
1609.362: [GC (Allocation Failure) [PSYoungGen: 417004K->131020K(465920K)] 1126439K->840721K(1639936K), 0.0223742 secs] [Times: user=0.04 sys=0.00, real=0.02 secs] 
1612.510: [GC (Allocation Failure) [PSYoungGen: 363933K->21294K(465920K)] 1073634K->731300K(1639936K), 0.0065570 secs] [Times: user=0.02 sys=0.00, real=0.01 secs] 
1612.921: [GC (Allocation Failure) [PSYoungGen: 254254K->186229K(465920K)] 964260K->897497K(1639936K), 0.0206174 secs] [Times: user=0.02 sys=0.00, real=0.02 secs] 
1613.207: [GC (Allocation Failure) [PSYoungGen: 419189K->184655K(465920K)] 1130457K->896195K(1639936K), 0.0205610 secs] [Times: user=0.03 sys=0.00, real=0.02 secs] 
1613.822: [GC (Allocation Failure) [PSYoungGen: 417615K->106537K(465920K)] 1129155K->818343K(1639936K), 0.0121229 secs] [Times: user=0.02 sys=0.00, real=0.01 secs] 
1615.270: [GC (Allocation Failure) [PSYoungGen: 339497K->45653K(465920K)] 1051303K->757772K(1639936K), 0.0088570 secs] [Times: user=0.02 sys=0.00, real=0.01 secs] 
1615.581: [GC (Allocation Failure) [PSYoungGen: 278613K->186389K(465920K)] 990732K->899763K(1639936K), 0.0208640 secs] [Times: user=0.03 sys=0.00, real=0.02 secs] 
1615.870: [GC (Allocation Failure) [PSYoungGen: 419349K->185940K(465920K)] 1132723K->899715K(1639936K), 0.0206101 secs] [Times: user=0.03 sys=0.00, real=0.02 secs] 
1616.782: [GC (Allocation Failure) [PSYoungGen: 418900K->64319K(465920K)] 1132675K->778239K(1639936K), 0.0145762 secs] [Times: user=0.03 sys=0.00, real=0.02 secs] 
1618.212: [GC (Allocation Failure) [PSYoungGen: 297279K->71710K(465920K)] 1011199K->785946K(1639936K), 0.0103591 secs] [Times: user=0.02 sys=0.00, real=0.01 secs] 
1618.494: [GC (Allocation Failure) [PSYoungGen: 304670K->186357K(465920K)] 1018906K->901838K(1639936K), 0.0205309 secs] [Times: user=0.03 sys=0.00, real=0.02 secs] 
1618.784: [GC (Allocation Failure) [PSYoungGen: 419317K->184783K(465920K)] 1134798K->900537K(1639936K), 0.0204493 secs] [Times: user=0.02 sys=0.00, real=0.02 secs] 
1619.682: [GC (Allocation Failure) [PSYoungGen: 417743K->39466K(465920K)] 1133497K->755486K(1639936K), 0.0067262 secs] [Times: user=0.02 sys=0.00, real=0.01 secs] 
1620.345: [GC (Allocation Failure) [PSYoungGen: 272426K->97929K(465920K)] 988446K->814256K(1639936K), 0.0115835 secs] [Times: user=0.02 sys=0.00, real=0.01 secs] 
1620.625: [GC (Allocation Failure) [PSYoungGen: 330889K->186004K(465920K)] 1047216K->903577K(1639936K), 0.0205626 secs] [Times: user=0.02 sys=0.00, real=0.02 secs] 
1620.969: [GC (Allocation Failure) [PSYoungGen: 418964K->184494K(465920K)] 1136537K->902340K(1639936K), 0.0205311 secs] [Times: user=0.03 sys=0.01, real=0.02 secs] 
1624.060: [GC (Allocation Failure) [PSYoungGen: 417454K->13906K(465920K)] 1135300K->732017K(1639936K), 0.0050349 secs] [Times: user=0.02 sys=0.00, real=0.01 secs] 
1624.999: [GC (Allocation Failure) [PSYoungGen: 246866K->122477K(465920K)] 964977K->840906K(1639936K), 0.0142607 secs] [Times: user=0.02 sys=0.00, real=0.01 secs] 
1625.279: [GC (Allocation Failure) [PSYoungGen: 355437K->186100K(465920K)] 1073866K->905895K(1639936K), 0.0205656 secs] [Times: user=0.03 sys=0.00, real=0.02 secs] 
1626.021: [GC (Allocation Failure) [PSYoungGen: 419060K->174556K(465920K)] 1138855K->894488K(1639936K), 0.0518693 secs] [Times: user=0.07 sys=0.00, real=0.05 secs] 
1628.034: [GC (Allocation Failure) [PSYoungGen: 407516K->96K(465920K)] 1127448K->721458K(1639936K), 0.0036109 secs] [Times: user=0.02 sys=0.00, real=0.01 secs] 
1628.905: [GC (Allocation Failure) [PSYoungGen: 233056K->147025K(465920K)] 954418K->868404K(1639936K), 0.0168259 secs] [Times: user=0.03 sys=0.00, real=0.01 secs] 
1629.189: [GC (Allocation Failure) [PSYoungGen: 379985K->186229K(465920K)] 1101364K->908854K(1639936K), 0.0207460 secs] [Times: user=0.03 sys=0.00, real=0.02 secs] 
1629.991: [GC (Allocation Failure) [PSYoungGen: 419189K->157112K(465920K)] 1141814K->880010K(1639936K), 0.0227064 secs] [Times: user=0.03 sys=0.00, real=0.02 secs] 
1632.702: [GC (Allocation Failure) [PSYoungGen: 390072K->96K(465920K)] 1112970K->724439K(1639936K), 0.0039430 secs] [Times: user=0.02 sys=0.00, real=0.01 secs] 
1633.237: [GC (Allocation Failure) [PSYoungGen: 233056K->172505K(465920K)] 957399K->896888K(1639936K), 0.0190377 secs] [Times: user=0.03 sys=0.00, real=0.02 secs] 
1633.525: [GC (Allocation Failure) [PSYoungGen: 405465K->184430K(465920K)] 1129848K->910059K(1639936K), 0.0204344 secs] [Times: user=0.03 sys=0.00, real=0.03 secs] 
1634.327: [GC (Allocation Failure) [PSYoungGen: 417390K->141688K(465920K)] 1143019K->867590K(1639936K), 0.0173505 secs] [Times: user=0.03 sys=0.00, real=0.01 secs] 
1636.536: [GC (Allocation Failure) [PSYoungGen: 374648K->10501K(465920K)] 1100550K->736719K(1639936K), 0.0046991 secs] [Times: user=0.02 sys=0.01, real=0.00 secs] 
1636.858: [GC (Allocation Failure) [PSYoungGen: 243461K->186518K(465920K)] 969679K->913982K(1639936K), 0.0206353 secs] [Times: user=0.03 sys=0.00, real=0.02 secs] 
1637.148: [GC (Allocation Failure) [PSYoungGen: 419478K->186100K(465920K)] 1146942K->913837K(1639936K), 0.0205962 secs] [Times: user=0.03 sys=0.00, real=0.02 secs] 
1638.565: [GC (Allocation Failure) [PSYoungGen: 419060K->115694K(465920K)] 1146797K->843696K(1639936K), 0.0322352 secs] [Times: user=0.06 sys=0.00, real=0.03 secs] 
1640.627: [GC (Allocation Failure) [PSYoungGen: 348654K->37427K(465920K)] 1076656K->765737K(1639936K), 0.0067872 secs] [Times: user=0.01 sys=0.00, real=0.00 secs] 
1640.914: [GC (Allocation Failure) [PSYoungGen: 270387K->185715K(465920K)] 998697K->915399K(1639936K), 0.0205435 secs] [Times: user=0.02 sys=0.00, real=0.02 secs] 
1641.258: [GC (Allocation Failure) [PSYoungGen: 418675K->181924K(465920K)] 1148359K->911752K(1639936K), 0.0201410 secs] [Times: user=0.03 sys=0.00, real=0.02 secs] 
1642.612: [GC (Allocation Failure) [PSYoungGen: 414884K->77092K(465920K)] 1144712K->807185K(1639936K), 0.0179794 secs] [Times: user=0.03 sys=0.00, real=0.02 secs] 
1644.249: [GC (Allocation Failure) [PSYoungGen: 310052K->58505K(465920K)] 1040145K->788777K(1639936K), 0.0090261 secs] [Times: user=0.02 sys=0.00, real=0.01 secs] 
1644.530: [GC (Allocation Failure) [PSYoungGen: 291465K->184719K(465920K)] 1021737K->916245K(1639936K), 0.0203525 secs] [Times: user=0.03 sys=0.00, real=0.02 secs] 
1644.871: [GC (Allocation Failure) [PSYoungGen: 417679K->184012K(465920K)] 1149205K->915819K(1639936K), 0.0203283 secs] [Times: user=0.03 sys=0.00, real=0.02 secs] 
1646.394: [GC (Allocation Failure) [PSYoungGen: 416972K->54986K(465920K)] 1148779K->787058K(1639936K), 0.0091163 secs] [Times: user=0.02 sys=0.00, real=0.01 secs] 
1647.627: [GC (Allocation Failure) [PSYoungGen: 287946K->80579K(465920K)] 1020018K->812967K(1639936K), 0.0098857 secs] [Times: user=0.01 sys=0.00, real=0.01 secs] 
1647.900: [GC (Allocation Failure) [PSYoungGen: 313539K->184333K(465920K)] 1045927K->917975K(1639936K), 0.0204369 secs] [Times: user=0.02 sys=0.00, real=0.02 secs] 
1648.188: [GC (Allocation Failure) [PSYoungGen: 417293K->184558K(465920K)] 1150935K->918602K(1639936K), 0.0202939 secs] [Times: user=0.02 sys=0.00, real=0.02 secs] 
1650.055: [GC (Allocation Failure) [PSYoungGen: 417518K->32896K(465920K)] 1151562K->767076K(1639936K), 0.0065218 secs] [Times: user=0.02 sys=0.00, real=0.01 secs] 
1650.705: [GC (Allocation Failure) [PSYoungGen: 265856K->103359K(465920K)] 1000036K->837847K(1639936K), 0.0123488 secs] [Times: user=0.02 sys=0.00, real=0.01 secs] 
1650.984: [GC (Allocation Failure) [PSYoungGen: 336319K->184205K(465920K)] 1070807K->919946K(1639936K), 0.0204221 secs] [Times: user=0.03 sys=0.00, real=0.02 secs] 
1651.269: [GC (Allocation Failure) [PSYoungGen: 417165K->184558K(465920K)] 1152906K->920573K(1639936K), 0.0207000 secs] [Times: user=0.03 sys=0.00, real=0.02 secs] 
1653.049: [GC (Allocation Failure) [PSYoungGen: 417518K->10308K(465920K)] 1153533K->746716K(1639936K), 0.0070995 secs] [Times: user=0.03 sys=0.00, real=0.01 secs] 
1654.364: [GC (Allocation Failure) [PSYoungGen: 243268K->125433K(465920K)] 979676K->862037K(1639936K), 0.0145157 secs] [Times: user=0.03 sys=0.00, real=0.02 secs] 
1654.643: [GC (Allocation Failure) [PSYoungGen: 358393K->184205K(465920K)] 1094997K->922062K(1639936K), 0.0205206 secs] [Times: user=0.03 sys=0.00, real=0.02 secs] 
1655.009: [GC (Allocation Failure) [PSYoungGen: 417165K->173592K(465920K)] 1155022K->911723K(1639936K), 0.0235987 secs] [Times: user=0.04 sys=0.00, real=0.02 secs] 
1655.978: [GC (Allocation Failure) [PSYoungGen: 406552K->64K(465920K)] 1144683K->739618K(1639936K), 0.0024932 secs] [Times: user=0.02 sys=0.00, real=0.00 secs] 
1656.548: [GC (Allocation Failure) [PSYoungGen: 233024K->147571K(465920K)] 972578K->887141K(1639936K), 0.0165654 secs] [Times: user=0.02 sys=0.00, real=0.01 secs] 
1656.827: [GC (Allocation Failure) [PSYoungGen: 380531K->184301K(465920K)] 1120101K->925117K(1639936K), 0.0204545 secs] [Times: user=0.03 sys=0.00, real=0.02 secs] 
1657.712: [GC (Allocation Failure) [PSYoungGen: 417261K->158526K(465920K)] 1158077K->899615K(1639936K), 0.0475974 secs] [Times: user=0.07 sys=0.00, real=0.05 secs] 
1658.942: [GC (Allocation Failure) [PSYoungGen: 391486K->64K(465920K)] 1132575K->742592K(1639936K), 0.0026807 secs] [Times: user=0.01 sys=0.00, real=0.00 secs] 
1659.396: [GC (Allocation Failure) [PSYoungGen: 233024K->172119K(465920K)] 975552K->914672K(1639936K), 0.0191620 secs] [Times: user=0.03 sys=0.00, real=0.02 secs] 
1659.736: [GC (Allocation Failure) [PSYoungGen: 405079K->184558K(465920K)] 1147632K->928356K(1639936K), 0.0205596 secs] [Times: user=0.03 sys=0.00, real=0.02 secs] 
1660.515: [GC (Allocation Failure) [PSYoungGen: 417518K->141913K(465920K)] 1161316K->885984K(1639936K), 0.0287810 secs] [Times: user=0.05 sys=0.00, real=0.02 secs] 
1662.141: [GC (Allocation Failure) [PSYoungGen: 374873K->10887K(465920K)] 1118944K->755258K(1639936K), 0.0035175 secs] [Times: user=0.01 sys=0.00, real=0.00 secs] 
1662.421: [GC (Allocation Failure) [PSYoungGen: 243847K->186261K(465920K)] 988218K->931894K(1639936K), 0.0205253 secs] [Times: user=0.03 sys=0.00, real=0.02 secs] 
1662.763: [GC (Allocation Failure) [PSYoungGen: 419221K->185972K(465920K)] 1164854K->932006K(1639936K), 0.0205669 secs] [Times: user=0.02 sys=0.00, real=0.02 secs] 
1663.353: [GC (Allocation Failure) [PSYoungGen: 418932K->115646K(465920K)] 1164966K->861825K(1639936K), 0.0187824 secs] [Times: user=0.03 sys=0.00, real=0.02 secs] 
1664.271: [GC (Allocation Failure) [PSYoungGen: 348606K->37973K(465920K)] 1094785K->784460K(1639936K), 0.0098517 secs] [Times: user=0.02 sys=0.00, real=0.01 secs] 
1664.630: [GC (Allocation Failure) [PSYoungGen: 270933K->185875K(465920K)] 1017420K->933608K(1639936K), 0.0206463 secs] [Times: user=0.03 sys=0.00, real=0.02 secs] 
1664.975: [GC (Allocation Failure) [PSYoungGen: 418835K->185875K(465920K)] 1166568K->934018K(1639936K), 0.0206313 secs] [Times: user=0.02 sys=0.00, real=0.02 secs] 
1667.780: [GC (Allocation Failure) [PSYoungGen: 418835K->72658K(465920K)] 1166978K->820936K(1639936K), 0.0125239 secs] [Times: user=0.03 sys=0.00, real=0.01 secs] 
1669.664: [GC (Allocation Failure) [PSYoungGen: 305618K->64353K(465920K)] 1053896K->812941K(1639936K), 0.0082555 secs] [Times: user=0.01 sys=0.00, real=0.01 secs] 
1669.936: [GC (Allocation Failure) [PSYoungGen: 297313K->184558K(465920K)] 1045901K->934392K(1639936K), 0.0204036 secs] [Times: user=0.03 sys=0.01, real=0.02 secs] 
1670.227: [GC (Allocation Failure) [PSYoungGen: 417518K->186325K(465920K)] 1167352K->936561K(1639936K), 0.0204817 secs] [Times: user=0.03 sys=0.00, real=0.02 secs] 
1671.402: [GC (Allocation Failure) [PSYoungGen: 419285K->47033K(465920K)] 1169521K->797414K(1639936K), 0.0100390 secs] [Times: user=0.02 sys=0.00, real=0.01 secs] 
1672.145: [GC (Allocation Failure) [PSYoungGen: 279993K->90279K(465920K)] 1030374K->840967K(1639936K), 0.0110366 secs] [Times: user=0.02 sys=0.00, real=0.02 secs] 
1672.421: [GC (Allocation Failure) [PSYoungGen: 323239K->184301K(465920K)] 1073927K->936243K(1639936K), 0.0203105 secs] [Times: user=0.03 sys=0.00, real=0.02 secs] 
1672.767: [GC (Allocation Failure) [PSYoungGen: 417261K->184558K(465920K)] 1169203K->936773K(1639936K), 0.0203717 secs] [Times: user=0.02 sys=0.00, real=0.02 secs] 
1674.227: [GC (Allocation Failure) [PSYoungGen: 417518K->23273K(465920K)] 1169733K->775752K(1639936K), 0.0104752 secs] [Times: user=0.03 sys=0.00, real=0.01 secs] 
1675.298: [GC (Allocation Failure) [PSYoungGen: 256233K->113255K(465920K)] 1008712K->866051K(1639936K), 0.0133326 secs] [Times: user=0.02 sys=0.00, real=0.01 secs] 
1675.630: [GC (Allocation Failure) [PSYoungGen: 346215K->184944K(465920K)] 1099011K->938993K(1639936K), 0.0205250 secs] [Times: user=0.03 sys=0.00, real=0.02 secs] 
1675.916: [GC (Allocation Failure) [PSYoungGen: 417904K->182695K(465920K)] 1171953K->937146K(1639936K), 0.0203714 secs] [Times: user=0.02 sys=0.00, real=0.02 secs] 
1676.960: [GC (Allocation Failure) [PSYoungGen: 415655K->1408K(465920K)] 1170106K->755874K(1639936K), 0.0027508 secs] [Times: user=0.01 sys=0.00, real=0.00 secs] 
1677.491: [GC (Allocation Failure) [PSYoungGen: 234368K->135262K(465920K)] 988834K->889917K(1639936K), 0.0157302 secs] [Times: user=0.03 sys=0.00, real=0.02 secs] 
1677.772: [GC (Allocation Failure) [PSYoungGen: 368222K->184430K(465920K)] 1122877K->940338K(1639936K), 0.0205041 secs] [Times: user=0.03 sys=0.00, real=0.02 secs] 
1678.361: [GC (Allocation Failure) [PSYoungGen: 417390K->166639K(465920K)] 1173298K->922821K(1639936K), 0.0201800 secs] [Times: user=0.03 sys=0.00, real=0.02 secs] 
1680.483: [GC (Allocation Failure) [PSYoungGen: 399599K->64K(465920K)] 1155781K->757674K(1639936K), 0.0030116 secs] [Times: user=0.01 sys=0.00, real=0.01 secs] 
1680.907: [GC (Allocation Failure) [PSYoungGen: 233024K->158913K(465920K)] 990634K->916548K(1639936K), 0.0181704 secs] [Times: user=0.02 sys=0.00, real=0.02 secs] 
1681.193: [GC (Allocation Failure) [PSYoungGen: 391873K->186100K(465920K)] 1149508K->944981K(1639936K), 0.0206990 secs] [Times: user=0.02 sys=0.00, real=0.02 secs] 
1682.484: [GC (Allocation Failure) [PSYoungGen: 419060K->145432K(465920K)] 1177941K->904586K(1639936K), 0.0378173 secs] [Times: user=0.06 sys=0.00, real=0.04 secs] 
1684.999: [GC (Allocation Failure) [PSYoungGen: 378392K->128K(465920K)] 1137546K->760719K(1639936K), 0.0044039 secs] [Times: user=0.02 sys=0.00, real=0.00 secs] 
1685.388: [GC (Allocation Failure) [PSYoungGen: 233088K->184361K(465920K)] 993679K->944984K(1639936K), 0.0201753 secs] [Times: user=0.03 sys=0.00, real=0.02 secs] 
1685.675: [GC (Allocation Failure) [PSYoungGen: 417321K->186229K(465920K)] 1177944K->948098K(1639936K), 0.0206566 secs] [Times: user=0.03 sys=0.00, real=0.02 secs] 
1686.676: [GC (Allocation Failure) [PSYoungGen: 419189K->128064K(465920K)] 1181058K->890206K(1639936K), 0.0157661 secs] [Times: user=0.03 sys=0.01, real=0.01 secs] 
1688.972: [GC (Allocation Failure) [PSYoungGen: 361024K->24960K(465920K)] 1123166K->787394K(1639936K), 0.0062932 secs] [Times: user=0.02 sys=0.00, real=0.01 secs] 
1689.277: [GC (Allocation Failure) [PSYoungGen: 257920K->185715K(465920K)] 1020354K->949402K(1639936K), 0.0206105 secs] [Times: user=0.03 sys=0.00, real=0.02 secs] 
1689.566: [GC (Allocation Failure) [PSYoungGen: 418675K->184430K(465920K)] 1182362K->948398K(1639936K), 0.0202849 secs] [Times: user=0.03 sys=0.00, real=0.02 secs] 
1691.461: [GC (Allocation Failure) [PSYoungGen: 417390K->103581K(465920K)] 1181358K->867814K(1639936K), 0.0346488 secs] [Times: user=0.07 sys=0.00, real=0.04 secs] 
1693.659: [GC (Allocation Failure) [PSYoungGen: 336541K->48448K(465920K)] 1100774K->812979K(1639936K), 0.0086121 secs] [Times: user=0.02 sys=0.00, real=0.01 secs] 
1694.038: [GC (Allocation Failure) [PSYoungGen: 281408K->184205K(465920K)] 1045939K->949982K(1639936K), 0.0227373 secs] [Times: user=0.03 sys=0.00, real=0.02 secs] 
1694.332: [GC (Allocation Failure) [PSYoungGen: 417165K->184590K(465920K)] 1182942K->950648K(1639936K), 0.0206229 secs] [Times: user=0.03 sys=0.00, real=0.02 secs] 
1695.764: [GC (Allocation Failure) [PSYoungGen: 417550K->65219K(465920K)] 1183608K->831671K(1639936K), 0.0149487 secs] [Times: user=0.03 sys=0.00, real=0.02 secs] 
1696.614: [GC (Allocation Failure) [PSYoungGen: 298179K->71004K(465920K)] 1064631K->837635K(1639936K), 0.0091668 secs] [Times: user=0.02 sys=0.00, real=0.01 secs] 
1696.966: [GC (Allocation Failure) [PSYoungGen: 303964K->184044K(465920K)] 1070595K->951928K(1639936K), 0.0204882 secs] [Times: user=0.03 sys=0.00, real=0.02 secs] 
1697.248: [GC (Allocation Failure) [PSYoungGen: 417004K->184044K(465920K)] 1184888K->952202K(1639936K), 0.0206643 secs] [Times: user=0.03 sys=0.00, real=0.02 secs] 
1698.536: [GC (Allocation Failure) [PSYoungGen: 417004K->43242K(465920K)] 1185162K->811664K(1639936K), 0.0081933 secs] [Times: user=0.02 sys=0.00, real=0.00 secs] 
1699.203: [GC (Allocation Failure) [PSYoungGen: 276202K->92949K(465920K)] 1044624K->861681K(1639936K), 0.0115987 secs] [Times: user=0.02 sys=0.00, real=0.02 secs] 
1699.536: [GC (Allocation Failure) [PSYoungGen: 325909K->184044K(465920K)] 1094641K->954150K(1639936K), 0.0203325 secs] [Times: user=0.03 sys=0.00, real=0.02 secs] 
1699.876: [GC (Allocation Failure) [PSYoungGen: 417004K->184012K(465920K)] 1187110K->954263K(1639936K), 0.0205184 secs] [Times: user=0.03 sys=0.00, real=0.02 secs] 
1701.793: [GC (Allocation Failure) [PSYoungGen: 416972K->21329K(465920K)] 1187223K->791845K(1639936K), 0.0062922 secs] [Times: user=0.02 sys=0.00, real=0.01 secs] 
1703.324: [GC (Allocation Failure) [PSYoungGen: 254289K->114412K(465920K)] 1024805K->885244K(1639936K), 0.0133239 secs] [Times: user=0.02 sys=0.00, real=0.02 secs] 
1703.601: [GC (Allocation Failure) [PSYoungGen: 347372K->184141K(465920K)] 1118204K->956226K(1639936K), 0.0203293 secs] [Times: user=0.03 sys=0.00, real=0.02 secs] 
1703.942: [GC (Allocation Failure) [PSYoungGen: 417101K->182341K(465920K)] 1189186K->954699K(1639936K), 0.0203762 secs] [Times: user=0.03 sys=0.00, real=0.02 secs] 
1705.995: [GC (Allocation Failure) [PSYoungGen: 415301K->1376K(465920K)] 1187659K->773886K(1639936K), 0.0028721 secs] [Times: user=0.01 sys=0.00, real=0.01 secs] 
1706.733: [GC (Allocation Failure) [PSYoungGen: 234336K->134462K(465920K)] 1006846K->907168K(1639936K), 0.0154056 secs] [Times: user=0.02 sys=0.00, real=0.02 secs] 
1707.070: [GC (Allocation Failure) [PSYoungGen: 367422K->184462K(465920K)] 1140128K->958550K(1639936K), 0.0205032 secs] [Times: user=0.03 sys=0.00, real=0.02 secs] 
1707.601: [GC (Allocation Failure) [PSYoungGen: 417422K->165331K(465920K)] 1191510K->939564K(1639936K), 0.0303732 secs] [Times: user=0.04 sys=0.00, real=0.03 secs] 
1708.847: [GC (Allocation Failure) [PSYoungGen: 398291K->64K(465920K)] 1172524K->775734K(1639936K), 0.0027608 secs] [Times: user=0.02 sys=0.00, real=0.00 secs] 
1709.300: [GC (Allocation Failure) [PSYoungGen: 233024K->156953K(465920K)] 1008694K->932640K(1639936K), 0.0176676 secs] [Times: user=0.03 sys=0.00, real=0.02 secs] 
1709.582: [GC (Allocation Failure) [PSYoungGen: 389913K->184430K(465920K)] 1165600K->961370K(1639936K), 0.0205522 secs] [Times: user=0.02 sys=0.00, real=0.02 secs] 
1710.961: [GC (Allocation Failure) [PSYoungGen: 417390K->149047K(465920K)] 1194330K->926381K(1639936K), 0.0412739 secs] [Times: user=0.07 sys=0.00, real=0.04 secs] 
1712.772: [GC (Allocation Failure) [PSYoungGen: 382007K->128K(465920K)] 1159341K->778779K(1639936K), 0.0031271 secs] [Times: user=0.02 sys=0.00, real=0.01 secs] 
1713.179: [GC (Allocation Failure) [PSYoungGen: 233088K->181437K(465920K)] 1011739K->960120K(1639936K), 0.0199833 secs] [Times: user=0.03 sys=0.00, real=0.02 secs] 
1713.464: [GC (Allocation Failure) [PSYoungGen: 414397K->184815K(465920K)] 1193080K->964744K(1639936K), 0.0204743 secs] [Times: user=0.03 sys=0.00, real=0.02 secs] 
1714.416: [GC (Allocation Failure) [PSYoungGen: 417775K->132402K(465920K)] 1197704K->912596K(1639936K), 0.0192530 secs] [Times: user=0.04 sys=0.00, real=0.02 secs] 
1716.002: [GC (Allocation Failure) [PSYoungGen: 365362K->19980K(465920K)] 1145556K->800480K(1639936K), 0.0046915 secs] [Times: user=0.01 sys=0.00, real=0.01 secs] 
1716.355: [GC (Allocation Failure) [PSYoungGen: 252940K->186229K(465920K)] 1033440K->967982K(1639936K), 0.0206533 secs] [Times: user=0.02 sys=0.00, real=0.02 secs] 
1716.645: [GC (Allocation Failure) [PSYoungGen: 419189K->184687K(465920K)] 1200942K->966713K(1639936K), 0.0206023 secs] [Times: user=0.03 sys=0.00, real=0.02 secs] 
1717.268: [GC (Allocation Failure) [PSYoungGen: 417647K->107822K(465920K)] 1199673K->890122K(1639936K), 0.0148433 secs] [Times: user=0.03 sys=0.00, real=0.01 secs] 
1718.681: [GC (Allocation Failure) [PSYoungGen: 340782K->44654K(465920K)] 1123082K->827245K(1639936K), 0.0090462 secs] [Times: user=0.02 sys=0.00, real=0.01 secs] 
1719.002: [GC (Allocation Failure) [PSYoungGen: 277614K->186229K(465920K)] 1060205K->970066K(1639936K), 0.0207505 secs] [Times: user=0.02 sys=0.00, real=0.02 secs] 
1719.287: [GC (Allocation Failure) [PSYoungGen: 419189K->184655K(465920K)] 1203026K->968765K(1639936K), 0.0207321 secs] [Times: user=0.03 sys=0.00, real=0.02 secs] 
1720.624: [GC (Allocation Failure) [PSYoungGen: 417615K->66713K(465920K)] 1201725K->851088K(1639936K), 0.0119349 secs] [Times: user=0.03 sys=0.00, real=0.02 secs] 
1721.931: [GC (Allocation Failure) [PSYoungGen: 299673K->70297K(465920K)] 1084048K->854979K(1639936K), 0.0103423 secs] [Times: user=0.02 sys=0.00, real=0.01 secs] 
1722.212: [GC (Allocation Failure) [PSYoungGen: 303257K->186132K(465920K)] 1087939K->972077K(1639936K), 0.0206749 secs] [Times: user=0.03 sys=0.00, real=0.02 secs] 
1722.552: [GC (Allocation Failure) [PSYoungGen: 419092K->185908K(465920K)] 1205037K->972117K(1639936K), 0.0207972 secs] [Times: user=0.03 sys=0.00, real=0.02 secs] 
1723.557: [GC (Allocation Failure) [PSYoungGen: 418868K->39981K(465920K)] 1205077K->826455K(1639936K), 0.0069016 secs] [Times: user=0.01 sys=0.00, real=0.00 secs] 
1724.244: [GC (Allocation Failure) [PSYoungGen: 272941K->96738K(465920K)] 1059415K->883520K(1639936K), 0.0143474 secs] [Times: user=0.02 sys=0.00, real=0.02 secs] 
1724.557: [GC (Allocation Failure) [PSYoungGen: 329698K->186004K(465920K)] 1116480K->974160K(1639936K), 0.0207218 secs] [Times: user=0.03 sys=0.00, real=0.02 secs] 
1724.850: [GC (Allocation Failure) [PSYoungGen: 418964K->185843K(465920K)] 1207120K->974273K(1639936K), 0.0207917 secs] [Times: user=0.03 sys=0.00, real=0.02 secs] 
1725.787: [GC (Allocation Failure) [PSYoungGen: 418803K->13778K(465920K)] 1207233K->802344K(1639936K), 0.0045011 secs] [Times: user=0.01 sys=0.00, real=0.00 secs] 
1726.332: [GC (Allocation Failure) [PSYoungGen: 246738K->124083K(465920K)] 1035304K->912973K(1639936K), 0.0149694 secs] [Times: user=0.03 sys=0.00, real=0.02 secs] 
1726.670: [GC (Allocation Failure) [PSYoungGen: 357043K->186100K(465920K)] 1145933K->976244K(1639936K), 0.0207209 secs] [Times: user=0.03 sys=0.00, real=0.02 secs] 
1727.496: [GC (Allocation Failure) [PSYoungGen: 419060K->174070K(465920K)] 1209204K->964623K(1639936K), 0.0503157 secs] [Times: user=0.07 sys=0.00, real=0.05 secs] 
1730.568: [GC (Allocation Failure) [PSYoungGen: 407030K->128K(465920K)] 1197583K->791996K(1639936K), 0.0044705 secs] [Times: user=0.02 sys=0.00, real=0.00 secs] 
1731.380: [GC (Allocation Failure) [PSYoungGen: 233088K->148214K(465920K)] 1024956K->940106K(1639936K), 0.0166796 secs] [Times: user=0.02 sys=0.00, real=0.02 secs] 
1731.659: [GC (Allocation Failure) [PSYoungGen: 381174K->184237K(465920K)] 1173066K->977374K(1639936K), 0.0205532 secs] [Times: user=0.03 sys=0.00, real=0.02 secs] 
1732.409: [GC (Allocation Failure) [PSYoungGen: 417197K->158012K(465920K)] 1210334K->951431K(1639936K), 0.0216236 secs] [Times: user=0.03 sys=0.00, real=0.02 secs] 
1734.431: [GC (Allocation Failure) [PSYoungGen: 390972K->96K(465920K)] 1184391K->794948K(1639936K), 0.0036995 secs] [Times: user=0.01 sys=0.00, real=0.01 secs] 
1734.948: [GC (Allocation Failure) [PSYoungGen: 233056K->169966K(465920K)] 1027908K->964835K(1639936K), 0.0189790 secs] [Times: user=0.03 sys=0.00, real=0.02 secs] 
1735.240: [GC (Allocation Failure) [PSYoungGen: 402926K->184398K(465920K)] 1197795K->980648K(1639936K), 0.0206061 secs] [Times: user=0.03 sys=0.00, real=0.02 secs] 
1735.883: [GC (Allocation Failure) [PSYoungGen: 410293K->136050K(465920K)] 1206544K->932574K(1639936K), 0.0223347 secs] [Times: user=0.03 sys=0.00, real=0.03 secs] 
1737.069: [GC (Allocation Failure) [PSYoungGen: 368937K->1569K(465920K)] 1165461K->798286K(1639936K), 0.0037261 secs] [Times: user=0.01 sys=0.00, real=0.00 secs] 
1737.382: [GC (Allocation Failure) [PSYoungGen: 234529K->184719K(465920K)] 1031246K->982689K(1639936K), 0.0204757 secs] [Times: user=0.03 sys=0.00, real=0.02 secs] 
1737.666: [GC (Allocation Failure) [PSYoungGen: 417679K->184430K(465920K)] 1215649K->982681K(1639936K), 0.0205059 secs] [Times: user=0.03 sys=0.00, real=0.02 secs] 
1738.962: [GC (Allocation Failure) [PSYoungGen: 417390K->128064K(465920K)] 1215641K->926581K(1639936K), 0.0377161 secs] [Times: user=0.07 sys=0.00, real=0.04 secs] 
1741.242: [GC (Allocation Failure) [PSYoungGen: 361024K->24446K(465920K)] 1159541K->823261K(1639936K), 0.0062774 secs] [Times: user=0.02 sys=0.00, real=0.01 secs] 
1741.562: [GC (Allocation Failure) [PSYoungGen: 257406K->186261K(465920K)] 1056221K->986450K(1639936K), 0.0205579 secs] [Times: user=0.03 sys=0.00, real=0.02 secs] 
1741.848: [GC (Allocation Failure) [PSYoungGen: 419221K->186100K(465920K)] 1219410K->986458K(1639936K), 0.0205535 secs] [Times: user=0.02 sys=0.00, real=0.02 secs] 
1742.496: [GC (Allocation Failure) [PSYoungGen: 419060K->85478K(465920K)] 1219418K->886229K(1639936K), 0.0121912 secs] [Times: user=0.02 sys=0.00, real=0.01 secs] 
1743.966: [GC (Allocation Failure) [PSYoungGen: 318438K->51436K(465920K)] 1119189K->852364K(1639936K), 0.0101242 secs] [Times: user=0.02 sys=0.00, real=0.01 secs] 
1744.285: [GC (Allocation Failure) [PSYoungGen: 284396K->185715K(465920K)] 1085324K->987896K(1639936K), 0.0206882 secs] [Times: user=0.03 sys=0.00, real=0.03 secs] 
1744.632: [GC (Allocation Failure) [PSYoungGen: 418675K->185779K(465920K)] 1220856K->988234K(1639936K), 0.0207269 secs] [Times: user=0.03 sys=0.00, real=0.02 secs] 
1745.840: [GC (Allocation Failure) [PSYoungGen: 418739K->59275K(465920K)] 1221194K->862003K(1639936K), 0.0120100 secs] [Times: user=0.03 sys=0.00, real=0.01 secs] 
1747.466: [GC (Allocation Failure) [PSYoungGen: 292235K->77655K(465920K)] 1094963K->880688K(1639936K), 0.0114054 secs] [Times: user=0.02 sys=0.00, real=0.01 secs] 
1747.753: [GC (Allocation Failure) [PSYoungGen: 310615K->184558K(465920K)] 1113648K->988837K(1639936K), 0.0205321 secs] [Times: user=0.02 sys=0.00, real=0.02 secs] 
1748.039: [GC (Allocation Failure) [PSYoungGen: 417518K->186357K(465920K)] 1221797K->990909K(1639936K), 0.0206713 secs] [Times: user=0.03 sys=0.00, real=0.02 secs] 
1750.678: [GC (Allocation Failure) [PSYoungGen: 419317K->33667K(465920K)] 1223869K->838492K(1639936K), 0.0136324 secs] [Times: user=0.03 sys=0.00, real=0.01 secs] 
1752.492: [GC (Allocation Failure) [PSYoungGen: 266627K->101945K(465920K)] 1071452K->907078K(1639936K), 0.0123504 secs] [Times: user=0.02 sys=0.00, real=0.01 secs] 
1752.768: [GC (Allocation Failure) [PSYoungGen: 334905K->184173K(465920K)] 1140038K->990567K(1639936K), 0.0205067 secs] [Times: user=0.03 sys=0.00, real=0.02 secs] 
1753.053: [GC (Allocation Failure) [PSYoungGen: 417133K->184558K(465920K)] 1223527K->991234K(1639936K), 0.0204692 secs] [Times: user=0.03 sys=0.00, real=0.02 secs] 
1756.187: [GC (Allocation Failure) [PSYoungGen: 417518K->11689K(465920K)] 1224194K->818630K(1639936K), 0.0087641 secs] [Times: user=0.03 sys=0.00, real=0.01 secs] 
1757.513: [GC (Allocation Failure) [PSYoungGen: 244649K->123537K(465920K)] 1051590K->930794K(1639936K), 0.0143544 secs] [Times: user=0.02 sys=0.00, real=0.02 secs] 
1757.791: [GC (Allocation Failure) [PSYoungGen: 356497K->184205K(465920K)] 1163754K->992715K(1639936K), 0.0203775 secs] [Times: user=0.03 sys=0.00, real=0.02 secs] 
1758.155: [GC (Allocation Failure) [PSYoungGen: 417165K->175552K(465920K)] 1225675K->984328K(1639936K), 0.0212802 secs] [Times: user=0.03 sys=0.00, real=0.02 secs] 
1759.841: [GC (Allocation Failure) [PSYoungGen: 408512K->64K(465920K)] 1217288K->810293K(1639936K), 0.0040088 secs] [Times: user=0.02 sys=0.00, real=0.01 secs] 
1760.547: [GC (Allocation Failure) [PSYoungGen: 233024K->145129K(465920K)] 1043253K->955391K(1639936K), 0.0164578 secs] [Times: user=0.02 sys=0.00, real=0.01 secs] 
1760.829: [GC (Allocation Failure) [PSYoungGen: 378089K->184269K(465920K)] 1188351K->995776K(1639936K), 0.0204737 secs] [Times: user=0.02 sys=0.00, real=0.02 secs] 
1761.777: [GC (Allocation Failure) [PSYoungGen: 417229K->161032K(465920K)] 1228736K->972812K(1639936K), 0.0261328 secs] [Times: user=0.04 sys=0.00, real=0.02 secs] 
1764.652: [GC (Allocation Failure) [PSYoungGen: 393992K->96K(465920K)] 1205772K->813333K(1639936K), 0.0046399 secs] [Times: user=0.03 sys=0.00, real=0.01 secs] 
1765.219: [GC (Allocation Failure) [PSYoungGen: 233056K->166721K(465920K)] 1046293K->979983K(1639936K), 0.0185613 secs] [Times: user=0.03 sys=0.00, real=0.02 secs] 
1765.558: [GC (Allocation Failure) [PSYoungGen: 399681K->184301K(465920K)] 1212943K->998945K(1639936K), 0.0204450 secs] [Times: user=0.03 sys=0.00, real=0.02 secs] 
1766.100: [GC (Allocation Failure) [PSYoungGen: 414490K->139344K(465920K)] 1229134K->954132K(1639936K), 0.0190049 secs] [Times: user=0.03 sys=0.00, real=0.02 secs] 
1767.361: [GC (Allocation Failure) [PSYoungGen: 372304K->1569K(465920K)] 1187092K->816663K(1639936K), 0.0028046 secs] [Times: user=0.01 sys=0.00, real=0.00 secs] 
1767.730: [GC (Allocation Failure) [PSYoungGen: 234529K->184912K(465920K)] 1049623K->1001251K(1639936K), 0.0208317 secs] [Times: user=0.03 sys=0.00, real=0.02 secs] 
1768.066: [GC (Allocation Failure) [PSYoungGen: 417872K->184205K(465920K)] 1234211K->1000817K(1639936K), 0.0204142 secs] [Times: user=0.03 sys=0.00, real=0.02 secs] 
1769.002: [GC (Allocation Failure) [PSYoungGen: 417165K->128032K(465920K)] 1233777K->944910K(1639936K), 0.0189963 secs] [Times: user=0.04 sys=0.00, real=0.02 secs] 
1770.053: [GC (Allocation Failure) [PSYoungGen: 360992K->24507K(465920K)] 1177870K->841693K(1639936K), 0.0044608 secs] [Times: user=0.01 sys=0.00, real=0.01 secs] 
1770.322: [GC (Allocation Failure) [PSYoungGen: 257467K->184044K(465920K)] 1074653K->1002484K(1639936K), 0.0203838 secs] [Times: user=0.03 sys=0.00, real=0.02 secs] 
1770.665: [GC (Allocation Failure) [PSYoungGen: 417004K->183980K(465920K)] 1235444K->1002693K(1639936K), 0.0207243 secs] [Times: user=0.03 sys=0.00, real=0.02 secs] 
1772.613: [GC (Allocation Failure) [PSYoungGen: 416940K->106199K(465920K)] 1235653K->925305K(1639936K), 0.0208313 secs] [Times: user=0.04 sys=0.00, real=0.02 secs] 
1773.463: [GC (Allocation Failure) [PSYoungGen: 339159K->46359K(465920K)] 1158265K->865653K(1639936K), 0.0065272 secs] [Times: user=0.02 sys=0.01, real=0.01 secs] 
1773.738: [GC (Allocation Failure) [PSYoungGen: 279319K->186486K(465920K)] 1098613K->1007033K(1639936K), 0.0207430 secs] [Times: user=0.03 sys=0.00, real=0.02 secs] 
1774.028: [GC (Allocation Failure) [PSYoungGen: 419446K->186068K(465920K)] 1239993K->1007017K(1639936K), 0.0205381 secs] [Times: user=0.02 sys=0.00, real=0.02 secs] 
1774.757: [GC (Allocation Failure) [PSYoungGen: 419028K->63372K(465920K)] 1239977K->884586K(1639936K), 0.0094079 secs] [Times: user=0.02 sys=0.00, real=0.01 secs] 
1775.509: [GC (Allocation Failure) [PSYoungGen: 296332K->73796K(465920K)] 1117546K->895189K(1639936K), 0.0093037 secs] [Times: user=0.01 sys=0.00, real=0.01 secs] 
1775.784: [GC (Allocation Failure) [PSYoungGen: 306756K->185843K(465920K)] 1128149K->1008603K(1639936K), 0.0205812 secs] [Times: user=0.03 sys=0.00, real=0.02 secs] 
1776.123: [GC (Allocation Failure) [PSYoungGen: 418803K->184526K(465920K)] 1241563K->1007430K(1639936K), 0.0205769 secs] [Times: user=0.03 sys=0.00, real=0.02 secs] 
1777.912: [GC (Allocation Failure) [PSYoungGen: 417486K->38165K(465920K)] 1240390K->861463K(1639936K), 0.0084513 secs] [Times: user=0.02 sys=0.00, real=0.01 secs] 
1779.597: [GC (Allocation Failure) [PSYoungGen: 271125K->98540K(465920K)] 1094423K->922010K(1639936K), 0.0135047 secs] [Times: user=0.02 sys=0.00, real=0.01 secs] 
1779.976: [GC (Allocation Failure) [PSYoungGen: 331500K->186389K(465920K)] 1154970K->1011114K(1639936K), 0.0229195 secs] [Times: user=0.03 sys=0.00, real=0.02 secs] 
1780.341: [GC (Allocation Failure) [PSYoungGen: 419349K->185908K(465920K)] 1244074K->1010905K(1639936K), 0.0207160 secs] [Times: user=0.03 sys=0.00, real=0.02 secs] 
1783.012: [GC (Allocation Failure) [PSYoungGen: 418868K->11432K(465920K)] 1243865K->836695K(1639936K), 0.0040003 secs] [Times: user=0.02 sys=0.00, real=0.01 secs] 
1783.547: [GC (Allocation Failure) [PSYoungGen: 244392K->125591K(465920K)] 1069655K->951169K(1639936K), 0.0148618 secs] [Times: user=0.02 sys=0.00, real=0.01 secs] 
1783.828: [GC (Allocation Failure) [PSYoungGen: 358551K->185715K(465920K)] 1184129K->1012667K(1639936K), 0.0207238 secs] [Times: user=0.02 sys=0.00, real=0.02 secs] 
1785.392: [GC (Allocation Failure) [PSYoungGen: 418675K->172897K(465920K)] 1245627K->999986K(1639936K), 0.0522773 secs] [Times: user=0.08 sys=0.00, real=0.05 secs] 
1787.450: [GC (Allocation Failure) [PSYoungGen: 405857K->64K(465920K)] 1232946K->828584K(1639936K), 0.0030976 secs] [Times: user=0.01 sys=0.00, real=0.00 secs] 
1787.906: [GC (Allocation Failure) [PSYoungGen: 233024K->148567K(465920K)] 1061544K->977104K(1639936K), 0.0168749 secs] [Times: user=0.02 sys=0.00, real=0.01 secs] 
1788.247: [GC (Allocation Failure) [PSYoungGen: 381527K->184301K(465920K)] 1210064K->1014091K(1639936K), 0.0206759 secs] [Times: user=0.03 sys=0.00, real=0.02 secs] 
1788.818: [GC (Allocation Failure) [PSYoungGen: 417261K->157530K(465920K)] 1247051K->987584K(1639936K), 0.0226732 secs] [Times: user=0.04 sys=0.00, real=0.02 secs] 
1789.967: [GC (Allocation Failure) [PSYoungGen: 390490K->96K(465920K)] 1220544K->831584K(1639936K), 0.0040624 secs] [Times: user=0.02 sys=0.00, real=0.00 secs] 
1790.458: [GC (Allocation Failure) [PSYoungGen: 233056K->170834K(465920K)] 1064544K->1002355K(1639936K), 0.0191381 secs] [Times: user=0.03 sys=0.00, real=0.02 secs] 
1790.742: [GC (Allocation Failure) [PSYoungGen: 403794K->184173K(465920K)] 1235315K->1016931K(1639936K), 0.0204228 secs] [Times: user=0.03 sys=0.00, real=0.02 secs] 
1793.258: [GC (Allocation Failure) [PSYoungGen: 409090K->135423K(465920K)] 1241848K->968455K(1639936K), 0.0388486 secs] [Times: user=0.07 sys=0.01, real=0.04 secs] 
1794.762: [GC (Allocation Failure) [PSYoungGen: 368383K->128K(465920K)] 1201415K->833472K(1639936K), 0.0028600 secs] [Times: user=0.02 sys=0.00, real=0.01 secs] 
1795.056: [GC (Allocation Failure) [PSYoungGen: 233088K->184972K(465920K)] 1066432K->1018340K(1639936K), 0.0204290 secs] [Times: user=0.03 sys=0.00, real=0.02 secs] 
1795.345: [GC (Allocation Failure) [PSYoungGen: 417932K->184044K(465920K)] 1251300K->1018779K(1639936K), 0.0205217 secs] [Times: user=0.03 sys=0.00, real=0.03 secs] 
1797.376: [GC (Allocation Failure) [PSYoungGen: 417004K->129590K(465920K)] 1251739K->964470K(1639936K), 0.0335266 secs] [Times: user=0.06 sys=0.00, real=0.03 secs] 
1799.740: [GC (Allocation Failure) [PSYoungGen: 362550K->22261K(465920K)] 1197430K->857447K(1639936K), 0.0065656 secs] [Times: user=0.02 sys=0.00, real=0.01 secs] 
1800.071: [GC (Allocation Failure) [PSYoungGen: 255221K->186486K(465920K)] 1090407K->1022925K(1639936K), 0.0206742 secs] [Times: user=0.03 sys=0.00, real=0.02 secs] 
1800.414: [GC (Allocation Failure) [PSYoungGen: 419446K->186132K(465920K)] 1255885K->1022852K(1639936K), 0.0208338 secs] [Times: user=0.03 sys=0.00, real=0.03 secs] 
1802.610: [GC (Allocation Failure) [PSYoungGen: 419092K->103854K(465920K)] 1255812K->940839K(1639936K), 0.0307930 secs] [Times: user=0.06 sys=0.00, real=0.03 secs] 
1804.313: [GC (Allocation Failure) [PSYoungGen: 336814K->49023K(465920K)] 1173799K->886326K(1639936K), 0.0080552 secs] [Times: user=0.02 sys=0.00, real=0.01 secs] 
1804.597: [GC (Allocation Failure) [PSYoungGen: 281983K->185843K(465920K)] 1119286K->1024392K(1639936K), 0.0207373 secs] [Times: user=0.03 sys=0.00, real=0.02 secs] 
1804.887: [GC (Allocation Failure) [PSYoungGen: 418803K->185811K(465920K)] 1257352K->1024633K(1639936K), 0.0207780 secs] [Times: user=0.03 sys=0.00, real=0.02 secs] 
1806.563: [GC (Allocation Failure) [PSYoungGen: 418771K->61573K(465920K)] 1257593K->900659K(1639936K), 0.0138974 secs] [Times: user=0.03 sys=0.00, real=0.02 secs] 
1807.584: [GC (Allocation Failure) [PSYoungGen: 294533K->74345K(465920K)] 1133619K->913747K(1639936K), 0.0094963 secs] [Times: user=0.02 sys=0.00, real=0.01 secs] 
1807.860: [GC (Allocation Failure) [PSYoungGen: 307305K->186357K(465920K)] 1146707K->1027013K(1639936K), 0.0208658 secs] [Times: user=0.03 sys=0.00, real=0.02 secs] 
1808.147: [GC (Allocation Failure) [PSYoungGen: 419317K->186132K(465920K)] 1259973K->1027069K(1639936K), 0.0207172 secs] [Times: user=0.03 sys=0.00, real=0.02 secs] 
1810.158: [GC (Allocation Failure) [PSYoungGen: 419092K->35498K(465920K)] 1260029K->876829K(1639936K), 0.0094193 secs] [Times: user=0.02 sys=0.01, real=0.01 secs] 
1811.460: [GC (GCLocker Initiated GC) [PSYoungGen: 268458K->97862K(465920K)] 1109789K->939379K(1639936K), 0.0118733 secs] [Times: user=0.02 sys=0.00, real=0.01 secs] 
1811.799: [GC (Allocation Failure) [PSYoungGen: 330822K->184622K(465920K)] 1173721K->1028752K(1639936K), 0.0208392 secs] [Times: user=0.03 sys=0.00, real=0.02 secs] 
1812.083: [GC (Allocation Failure) [PSYoungGen: 417582K->184365K(465920K)] 1261712K->1028526K(1639936K), 0.0206005 secs] [Times: user=0.02 sys=0.00, real=0.02 secs] 
1813.011: [GC (Allocation Failure) [PSYoungGen: 417325K->14501K(465920K)] 1261486K->858959K(1639936K), 0.0043927 secs] [Times: user=0.02 sys=0.00, real=0.01 secs] 
1813.615: [GC (Allocation Failure) [PSYoungGen: 247461K->121641K(465920K)] 1091919K->966410K(1639936K), 0.0143142 secs] [Times: user=0.02 sys=0.00, real=0.02 secs] 
1813.893: [GC (Allocation Failure) [PSYoungGen: 354601K->184944K(465920K)] 1199370K->1030957K(1639936K), 0.0206815 secs] [Times: user=0.03 sys=0.00, real=0.02 secs] 
1814.234: [GC (Allocation Failure) [PSYoungGen: 417904K->176725K(465920K)] 1263917K->1023012K(1639936K), 0.0216787 secs] [Times: user=0.03 sys=0.00, real=0.03 secs] 
1815.162: [GC (Allocation Failure) [PSYoungGen: 409685K->64K(465920K)] 1255972K->847780K(1639936K), 0.0024414 secs] [Times: user=0.01 sys=0.00, real=0.00 secs] 
1815.615: [GC (Allocation Failure) [PSYoungGen: 232938K->143941K(465920K)] 1080654K->991665K(1639936K), 0.0167330 secs] [Times: user=0.02 sys=0.00, real=0.01 secs] 
1815.895: [GC (Allocation Failure) [PSYoungGen: 376901K->184173K(465920K)] 1224625K->1033143K(1639936K), 0.0203825 secs] [Times: user=0.03 sys=0.00, real=0.03 secs] 
1816.606: [GC (Allocation Failure) [PSYoungGen: 417133K->162221K(465920K)] 1266103K->1011456K(1639936K), 0.0231054 secs] [Times: user=0.03 sys=0.00, real=0.02 secs] 
1818.763: [GC (Allocation Failure) [PSYoungGen: 395181K->96K(465920K)] 1244416K->850768K(1639936K), 0.0063634 secs] [Times: user=0.03 sys=0.00, real=0.01 secs] 
1819.501: [GC (Allocation Failure) [PSYoungGen: 233056K->165565K(465920K)] 1083728K->1016253K(1639936K), 0.0186247 secs] [Times: user=0.03 sys=0.00, real=0.02 secs] 
1819.783: [GC (Allocation Failure) [PSYoungGen: 398525K->184333K(465920K)] 1249213K->1036276K(1639936K), 0.0206022 secs] [Times: user=0.03 sys=0.00, real=0.02 secs] 
1820.305: [GC (Allocation Failure) [PSYoungGen: 416135K->140548K(465920K)] 1268078K->992764K(1639936K), 0.0168291 secs] [Times: user=0.03 sys=0.00, real=0.01 secs] 
1821.395: [GC (Allocation Failure) [PSYoungGen: 373425K->1569K(465920K)] 1225641K->854090K(1639936K), 0.0027162 secs] [Times: user=0.01 sys=0.00, real=0.00 secs] 
1821.676: [GC (Allocation Failure) [PSYoungGen: 234529K->184751K(465920K)] 1087050K->1038526K(1639936K), 0.0205117 secs] [Times: user=0.03 sys=0.00, real=0.02 secs] 
1822.011: [GC (Allocation Failure) [PSYoungGen: 417711K->184462K(465920K)] 1271486K->1038534K(1639936K), 0.0204522 secs] [Times: user=0.02 sys=0.00, real=0.02 secs] 
1822.986: [GC (Allocation Failure) [PSYoungGen: 417422K->128064K(465920K)] 1271494K->982401K(1639936K), 0.0358992 secs] [Times: user=0.06 sys=0.00, real=0.03 secs] 
1825.386: [GC (Allocation Failure) [PSYoungGen: 361007K->24735K(465920K)] 1215344K->879388K(1639936K), 0.0076289 secs] [Times: user=0.03 sys=0.00, real=0.00 secs] 
1825.794: [GC (Allocation Failure) [PSYoungGen: 257695K->186389K(465920K)] 1112348K->1042288K(1639936K), 0.0207009 secs] [Times: user=0.02 sys=0.00, real=0.02 secs] 
1826.133: [GC (Allocation Failure) [PSYoungGen: 419349K->186004K(465920K)] 1275248K->1042304K(1639936K), 0.0207053 secs] [Times: user=0.03 sys=0.00, real=0.02 secs] 
1826.866: [GC (Allocation Failure) [PSYoungGen: 418964K->85269K(465920K)] 1275264K->941706K(1639936K), 0.0130070 secs] [Times: user=0.03 sys=0.00, real=0.01 secs] 
1827.749: [GC (Allocation Failure) [PSYoungGen: 318229K->51854K(465920K)] 1174666K->908604K(1639936K), 0.0071818 secs] [Times: user=0.01 sys=0.00, real=0.01 secs] 
1828.022: [GC (Allocation Failure) [PSYoungGen: 284814K->185972K(465920K)] 1141564K->1044097K(1639936K), 0.0206389 secs] [Times: user=0.03 sys=0.00, real=0.02 secs] 
1828.306: [GC (Allocation Failure) [PSYoungGen: 418932K->184494K(465920K)] 1277057K->1042763K(1639936K), 0.0206464 secs] [Times: user=0.03 sys=0.00, real=0.02 secs] 
1830.519: [GC (Allocation Failure) [PSYoungGen: 417454K->59902K(465920K)] 1275723K->918436K(1639936K), 0.0154774 secs] [Times: user=0.03 sys=0.01, real=0.01 secs] 
1832.222: [GC (Allocation Failure) [PSYoungGen: 292862K->75791K(465920K)] 1151396K->934633K(1639936K), 0.0110202 secs] [Times: user=0.02 sys=0.00, real=0.01 secs] 
1832.505: [GC (Allocation Failure) [PSYoungGen: 308751K->186518K(465920K)] 1167593K->1046614K(1639936K), 0.0207477 secs] [Times: user=0.03 sys=0.00, real=0.02 secs] 
1832.851: [GC (Allocation Failure) [PSYoungGen: 419478K->186068K(465920K)] 1279574K->1046566K(1639936K), 0.0207283 secs] [Times: user=0.03 sys=0.00, real=0.02 secs] 
1833.814: [GC (Allocation Failure) [PSYoungGen: 419028K->33956K(465920K)] 1279526K->894719K(1639936K), 0.0068500 secs] [Times: user=0.02 sys=0.00, real=0.01 secs] 
1834.471: [GC (Allocation Failure) [PSYoungGen: 266916K->103424K(465920K)] 1127679K->964367K(1639936K), 0.0125018 secs] [Times: user=0.02 sys=0.00, real=0.01 secs] 
1834.805: [GC (Allocation Failure) [PSYoungGen: 336384K->185715K(465920K)] 1197327K->1047904K(1639936K), 0.0206259 secs] [Times: user=0.03 sys=0.00, real=0.02 secs] 
1835.089: [GC (Allocation Failure) [PSYoungGen: 418675K->184366K(465920K)] 1280864K->1046828K(1639936K), 0.0207486 secs] [Times: user=0.03 sys=0.00, real=0.02 secs] 
1836.534: [GC (Allocation Failure) [PSYoungGen: 417326K->8797K(465920K)] 1279788K->871533K(1639936K), 0.0042506 secs] [Times: user=0.02 sys=0.00, real=0.01 secs] 
1837.364: [GC (Allocation Failure) [PSYoungGen: 241757K->128518K(465920K)] 1104493K->991561K(1639936K), 0.0148476 secs] [Times: user=0.03 sys=0.00, real=0.02 secs] 
1837.650: [GC (Allocation Failure) [PSYoungGen: 361478K->185843K(465920K)] 1224521K->1050133K(1639936K), 0.0206964 secs] [Times: user=0.03 sys=0.00, real=0.02 secs] 
1838.120: [GC (Allocation Failure) [PSYoungGen: 418803K->169829K(465920K)] 1283093K->1034391K(1639936K), 0.0229521 secs] [Times: user=0.04 sys=0.00, real=0.02 secs] 
1840.398: [GC (Allocation Failure) [PSYoungGen: 402789K->64K(465920K)] 1267351K->866071K(1639936K), 0.0046445 secs] [Times: user=0.02 sys=0.00, real=0.00 secs] 
1841.037: [GC (Allocation Failure) [PSYoungGen: 233024K->153869K(465920K)] 1099031K->1019901K(1639936K), 0.0174345 secs] [Times: user=0.02 sys=0.00, real=0.01 secs] 
1841.326: [GC (Allocation Failure) [PSYoungGen: 386829K->185843K(465920K)] 1252861K->1053129K(1639936K), 0.0208395 secs] [Times: user=0.03 sys=0.00, real=0.02 secs] 
1841.995: [GC (Allocation Failure) [PSYoungGen: 418803K->150686K(465920K)] 1286089K->1018236K(1639936K), 0.0195286 secs] [Times: user=0.03 sys=0.00, real=0.02 secs] 
1844.956: [GC (Allocation Failure) [PSYoungGen: 383646K->64K(465920K)] 1251196K->869060K(1639936K), 0.0044403 secs] [Times: user=0.02 sys=0.00, real=0.00 secs] 
1845.390: [GC (Allocation Failure) [PSYoungGen: 233024K->178160K(465920K)] 1102020K->1047180K(1639936K), 0.0197664 secs] [Times: user=0.02 sys=0.00, real=0.02 secs] 
1845.731: [GC (Allocation Failure) [PSYoungGen: 411120K->186357K(465920K)] 1280140K->1056615K(1639936K), 0.0207363 secs] [Times: user=0.03 sys=0.00, real=0.02 secs] 
1847.256: [GC (Allocation Failure) [PSYoungGen: 419317K->134089K(465920K)] 1289575K->1004612K(1639936K), 0.0276669 secs] [Times: user=0.05 sys=0.00, real=0.02 secs] 
1848.968: [GC (Allocation Failure) [PSYoungGen: 367049K->19434K(465920K)] 1237572K->890263K(1639936K), 0.0046761 secs] [Times: user=0.02 sys=0.00, real=0.00 secs] 
1849.243: [GC (Allocation Failure) [PSYoungGen: 252394K->184173K(465920K)] 1123223K->1056247K(1639936K), 0.0204679 secs] [Times: user=0.03 sys=0.00, real=0.02 secs] 
1849.528: [GC (Allocation Failure) [PSYoungGen: 417133K->186068K(465920K)] 1289207K->1058536K(1639936K), 0.0208524 secs] [Times: user=0.03 sys=0.00, real=0.02 secs] 
1851.432: [GC (Allocation Failure) [PSYoungGen: 419028K->108995K(465920K)] 1291496K->981599K(1639936K), 0.0296224 secs] [Times: user=0.06 sys=0.00, real=0.03 secs] 
1853.315: [GC (Allocation Failure) [PSYoungGen: 341955K->43018K(465920K)] 1214559K->915936K(1639936K), 0.0062684 secs] [Times: user=0.01 sys=0.00, real=0.00 secs] 
1853.642: [GC (Allocation Failure) [PSYoungGen: 275978K->184815K(465920K)] 1148896K->1058987K(1639936K), 0.0205735 secs] [Times: user=0.03 sys=0.00, real=0.02 secs] 
1853.980: [GC (Allocation Failure) [PSYoungGen: 417775K->184141K(465920K)] 1291947K->1058585K(1639936K), 0.0205449 secs] [Times: user=0.03 sys=0.00, real=0.02 secs] 
1855.360: [GC (Allocation Failure) [PSYoungGen: 417101K->70296K(465920K)] 1291545K->945006K(1639936K), 0.0140171 secs] [Times: user=0.02 sys=0.00, real=0.01 secs] 
1856.860: [GC (Allocation Failure) [PSYoungGen: 303256K->65606K(465920K)] 1177966K->940615K(1639936K), 0.0098280 secs] [Times: user=0.02 sys=0.00, real=0.01 secs] 
1857.219: [GC (Allocation Failure) [PSYoungGen: 298566K->186486K(465920K)] 1173575K->1062733K(1639936K), 0.0207875 secs] [Times: user=0.03 sys=0.00, real=0.02 secs] 
1857.561: [GC (Allocation Failure) [PSYoungGen: 419446K->186068K(465920K)] 1295693K->1062581K(1639936K), 0.0207935 secs] [Times: user=0.03 sys=0.00, real=0.02 secs] 
1858.712: [GC (Allocation Failure) [PSYoungGen: 419028K->44109K(465920K)] 1295541K->920887K(1639936K), 0.0082387 secs] [Times: user=0.02 sys=0.00, real=0.01 secs] 
1859.920: [GC (Allocation Failure) [PSYoungGen: 277069K->92242K(465920K)] 1153847K->969317K(1639936K), 0.0112071 secs] [Times: user=0.02 sys=0.00, real=0.01 secs] 
1860.197: [GC (Allocation Failure) [PSYoungGen: 325202K->185972K(465920K)] 1202277K->1064300K(1639936K), 0.0206864 secs] [Times: user=0.03 sys=0.00, real=0.02 secs] 
1860.544: [GC (Allocation Failure) [PSYoungGen: 418932K->185940K(465920K)] 1297260K->1064542K(1639936K), 0.0208836 secs] [Times: user=0.03 sys=0.00, real=0.03 secs] 
1862.361: [GC (Allocation Failure) [PSYoungGen: 418900K->18148K(465920K)] 1297502K->897143K(1639936K), 0.0096301 secs] [Times: user=0.03 sys=0.00, real=0.01 secs] 
1863.707: [GC (Allocation Failure) [PSYoungGen: 251108K->118236K(465920K)] 1130103K->997419K(1639936K), 0.0138739 secs] [Times: user=0.03 sys=0.00, real=0.01 secs] 
1863.987: [GC (Allocation Failure) [PSYoungGen: 351196K->185972K(465920K)] 1230379K->1066529K(1639936K), 0.0208308 secs] [Times: user=0.03 sys=0.00, real=0.02 secs] 
1864.536: [GC (Allocation Failure) [PSYoungGen: 418932K->179054K(465920K)] 1299489K->1059756K(1639936K), 0.0272526 secs] [Times: user=0.04 sys=0.00, real=0.02 secs] 
1866.730: [GC (Allocation Failure) [PSYoungGen: 412014K->96K(465920K)] 1292716K->882233K(1639936K), 0.0044218 secs] [Times: user=0.02 sys=0.01, real=0.00 secs] 
1867.538: [GC (Allocation Failure) [PSYoungGen: 233056K->143844K(465920K)] 1115193K->1025997K(1639936K), 0.0167163 secs] [Times: user=0.02 sys=0.00, real=0.02 secs] 
1867.822: [GC (Allocation Failure) [PSYoungGen: 376804K->186100K(465920K)] 1258957K->1069499K(1639936K), 0.0209650 secs] [Times: user=0.02 sys=0.00, real=0.02 secs] 
1868.251: [GC (Allocation Failure) [PSYoungGen: 419060K->160454K(465920K)] 1302459K->1044117K(1639936K), 0.0192930 secs] [Times: user=0.03 sys=0.00, real=0.02 secs] 
1869.998: [GC (Allocation Failure) [PSYoungGen: 393414K->64K(465920K)] 1277077K->885175K(1639936K), 0.0029210 secs] [Times: user=0.01 sys=0.00, real=0.00 secs] 
1870.474: [GC (Allocation Failure) [PSYoungGen: 233024K->169292K(465920K)] 1118135K->1054411K(1639936K), 0.0189954 secs] [Times: user=0.03 sys=0.00, real=0.02 secs] 
1870.829: [GC (Allocation Failure) [PSYoungGen: 402252K->184590K(465920K)] 1287371K->1070955K(1639936K), 0.0206169 secs] [Times: user=0.03 sys=0.00, real=0.02 secs] 
1871.753: [GC (Allocation Failure) [PSYoungGen: 410841K->136564K(465920K)] 1297207K->1023194K(1639936K), 0.0316449 secs] [Times: user=0.06 sys=0.00, real=0.04 secs] 
1874.239: [GC (Allocation Failure) [PSYoungGen: 369524K->1152K(465920K)] 1256154K->888105K(1639936K), 0.0041775 secs] [Times: user=0.02 sys=0.00, real=0.00 secs] 
1874.578: [GC (Allocation Failure) [PSYoungGen: 234112K->184301K(465920K)] 1121065K->1072372K(1639936K), 0.0206447 secs] [Times: user=0.02 sys=0.00, real=0.02 secs] 
1874.864: [GC (Allocation Failure) [PSYoungGen: 417261K->186165K(465920K)] 1305332K->1074517K(1639936K), 0.0208806 secs] [Times: user=0.03 sys=0.00, real=0.03 secs] 
1876.869: [GC (Allocation Failure) [PSYoungGen: 419125K->127004K(465920K)] 1307477K->1015621K(1639936K), 0.0187658 secs] [Times: user=0.03 sys=0.00, real=0.02 secs] 
1878.458: [GC (Allocation Failure) [PSYoungGen: 359964K->26021K(465920K)] 1248581K->914930K(1639936K), 0.0056260 secs] [Times: user=0.02 sys=0.00, real=0.00 secs] 
1878.822: [GC (Allocation Failure) [PSYoungGen: 258981K->184333K(465920K)] 1147890K->1074496K(1639936K), 0.0206206 secs] [Times: user=0.03 sys=0.00, real=0.02 secs] 
1879.108: [GC (Allocation Failure) [PSYoungGen: 417293K->186229K(465920K)] 1307456K->1076793K(1639936K), 0.0210199 secs] [Times: user=0.03 sys=0.00, real=0.02 secs] 
1879.842: [GC (Allocation Failure) [PSYoungGen: 419189K->85751K(465920K)] 1309753K->976588K(1639936K), 0.0131459 secs] [Times: user=0.03 sys=0.00, real=0.01 secs] 
1880.829: [GC (Allocation Failure) [PSYoungGen: 318711K->51658K(465920K)] 1209548K->942682K(1639936K), 0.0071068 secs] [Times: user=0.02 sys=0.00, real=0.01 secs] 
1881.101: [GC (Allocation Failure) [PSYoungGen: 284618K->185715K(465920K)] 1175642K->1077993K(1639936K), 0.0208828 secs] [Times: user=0.03 sys=0.00, real=0.02 secs] 
1881.385: [GC (GCLocker Initiated GC) [PSYoungGen: 418675K->183852K(465920K)] 1310953K->1076403K(1639936K), 0.0206037 secs] [Times: user=0.03 sys=0.00, real=0.02 secs] 
1882.136: [GC (Allocation Failure) [PSYoungGen: 416812K->61090K(465920K)] 1309366K->953910K(1639936K), 0.0095077 secs] [Times: user=0.02 sys=0.00, real=0.01 secs] 
1882.862: [GC (Allocation Failure) [PSYoungGen: 294050K->75149K(465920K)] 1186870K->968204K(1639936K), 0.0096948 secs] [Times: user=0.01 sys=0.00, real=0.01 secs] 
1883.137: [GC (Allocation Failure) [PSYoungGen: 308109K->186357K(465920K)] 1201164K->1080795K(1639936K), 0.0207375 secs] [Times: user=0.03 sys=0.00, real=0.02 secs] 
1883.426: [GC (Allocation Failure) [PSYoungGen: 419317K->184815K(465920K)] 1313755K->1079397K(1639936K), 0.0206631 secs] [Times: user=0.03 sys=0.00, real=0.02 secs] 
1885.293: [GC (Allocation Failure) [PSYoungGen: 417775K->36012K(465920K)] 1312357K->930859K(1639936K), 0.0078790 secs] [Times: user=0.02 sys=0.00, real=0.01 secs] 
1886.360: [GC (Allocation Failure) [PSYoungGen: 268972K->99857K(465920K)] 1163819K->995019K(1639936K), 0.0120884 secs] [Times: user=0.02 sys=0.00, real=0.01 secs] 
1886.638: [GC (Allocation Failure) [PSYoungGen: 332817K->186486K(465920K)] 1227979K->1082902K(1639936K), 0.0207190 secs] [Times: user=0.03 sys=0.00, real=0.02 secs] 
1886.980: [GC (Allocation Failure) [PSYoungGen: 419446K->186100K(465920K)] 1315862K->1082918K(1639936K), 0.0208295 secs] [Times: user=0.02 sys=0.00, real=0.02 secs] 
1888.203: [GC (Allocation Failure) [PSYoungGen: 419060K->9922K(465920K)] 1315878K->907005K(1639936K), 0.0039675 secs] [Times: user=0.01 sys=0.00, real=0.01 secs] 
1888.724: [GC (Allocation Failure) [PSYoungGen: 242882K->127425K(465920K)] 1139965K->1024687K(1639936K), 0.0148301 secs] [Times: user=0.02 sys=0.00, real=0.02 secs] 
1889.077: [GC (Allocation Failure) [PSYoungGen: 360385K->185875K(465920K)] 1257647K->1084391K(1639936K), 0.0208741 secs] [Times: user=0.02 sys=0.00, real=0.02 secs] 
1889.734: [GC (Allocation Failure) [PSYoungGen: 418835K->173098K(465920K)] 1317351K->1072015K(1639936K), 0.0411312 secs] [Times: user=0.06 sys=0.00, real=0.05 secs] 
1892.007: [GC (Allocation Failure) [PSYoungGen: 406058K->128K(465920K)] 1304975K->900358K(1639936K), 0.0030433 secs] [Times: user=0.01 sys=0.00, real=0.00 secs] 
1892.612: [GC (Allocation Failure) [PSYoungGen: 233054K->152552K(465920K)] 1133285K->1052830K(1639936K), 0.0174210 secs] [Times: user=0.03 sys=0.00, real=0.02 secs] 
1892.952: [GC (Allocation Failure) [PSYoungGen: 385512K->184944K(465920K)] 1285790K->1086460K(1639936K), 0.0208059 secs] [Times: user=0.03 sys=0.00, real=0.02 secs] 
1893.761: [GC (Allocation Failure) [PSYoungGen: 417904K->152903K(465920K)] 1319420K->1054684K(1639936K), 0.0406295 secs] [Times: user=0.07 sys=0.00, real=0.04 secs] 
1896.789: [GC (Allocation Failure) [PSYoungGen: 385863K->64K(465920K)] 1287644K->903284K(1639936K), 0.0071628 secs] [Times: user=0.03 sys=0.00, real=0.01 secs] 
1897.305: [GC (Allocation Failure) [PSYoungGen: 233024K->175332K(465920K)] 1136244K->1078577K(1639936K), 0.0196491 secs] [Times: user=0.03 sys=0.00, real=0.01 secs] 
1897.589: [GC (Allocation Failure) [PSYoungGen: 408292K->184333K(465920K)] 1311537K->1088952K(1639936K), 0.0205438 secs] [Times: user=0.03 sys=0.00, real=0.02 secs] 
1898.484: [GC (Allocation Failure) [PSYoungGen: 417293K->138989K(465920K)] 1321912K->1043744K(1639936K), 0.0174872 secs] [Times: user=0.03 sys=0.00, real=0.02 secs] 
1900.112: [GC (Allocation Failure) [PSYoungGen: 371949K->13265K(465920K)] 1276704K->918342K(1639936K), 0.0045884 secs] [Times: user=0.02 sys=0.00, real=0.01 secs] 
1900.484: [GC (Allocation Failure) [PSYoungGen: 246225K->184205K(465920K)] 1151302K->1090536K(1639936K), 0.0206615 secs] [Times: user=0.03 sys=0.00, real=0.02 secs] 
1900.767: [GC (Allocation Failure) [PSYoungGen: 417165K->184044K(465920K)] 1323496K->1090648K(1639936K), 0.0206624 secs] [Times: user=0.02 sys=0.00, real=0.02 secs] 
1901.385: [GC (Allocation Failure) [PSYoungGen: 417004K->117204K(465920K)] 1323608K->1024202K(1639936K), 0.0161485 secs] [Times: user=0.04 sys=0.00, real=0.01 secs] 
1902.893: [GC (Allocation Failure) [PSYoungGen: 350164K->35306K(465920K)] 1257162K->942483K(1639936K), 0.0098963 secs] [Times: user=0.02 sys=0.00, real=0.01 secs] 
1903.251: [GC (Allocation Failure) [PSYoungGen: 268266K->186357K(465920K)] 1175443K->1094788K(1639936K), 0.0209123 secs] [Times: user=0.03 sys=0.00, real=0.02 secs] 
1903.537: [GC (Allocation Failure) [PSYoungGen: 419317K->184815K(465920K)] 1327748K->1093519K(1639936K), 0.0209485 secs] [Times: user=0.03 sys=0.00, real=0.02 secs] 
1906.186: [GC (Allocation Failure) [PSYoungGen: 417775K->75871K(465920K)] 1326479K->984840K(1639936K), 0.0186004 secs] [Times: user=0.04 sys=0.01, real=0.01 secs] 
1907.223: [GC (Allocation Failure) [PSYoungGen: 308831K->59854K(465920K)] 1217800K->969139K(1639936K), 0.0080659 secs] [Times: user=0.02 sys=0.00, real=0.01 secs] 
1907.495: [GC (Allocation Failure) [PSYoungGen: 292814K->184558K(465920K)] 1202099K->1095096K(1639936K), 0.0207338 secs] [Times: user=0.03 sys=0.00, real=0.03 secs] 
1907.784: [GC (Allocation Failure) [PSYoungGen: 417518K->184976K(465920K)] 1328056K->1095795K(1639936K), 0.0206057 secs] [Times: user=0.03 sys=0.00, real=0.03 secs] 
1909.448: [GC (Allocation Failure) [PSYoungGen: 417936K->53025K(465920K)] 1328755K->964110K(1639936K), 0.0110842 secs] [Times: user=0.02 sys=0.00, real=0.01 secs] 
1910.731: [GC (Allocation Failure) [PSYoungGen: 285985K->83214K(465920K)] 1197070K->994621K(1639936K), 0.0103677 secs] [Times: user=0.02 sys=0.00, real=0.01 secs] 
1911.005: [GC (Allocation Failure) [PSYoungGen: 316174K->184173K(465920K)] 1227581K->1096834K(1639936K), 0.0206830 secs] [Times: user=0.03 sys=0.00, real=0.02 secs] 
1911.291: [GC (Allocation Failure) [PSYoungGen: 417133K->184526K(465920K)] 1329794K->1097461K(1639936K), 0.0205916 secs] [Times: user=0.03 sys=0.00, real=0.02 secs] 
1912.704: [GC (Allocation Failure) [PSYoungGen: 417486K->30357K(465920K)] 1330421K->943694K(1639936K), 0.0065755 secs] [Times: user=0.02 sys=0.00, real=0.01 secs] 
1913.315: [GC (Allocation Failure) [PSYoungGen: 263317K->105898K(465920K)] 1176654K->1019421K(1639936K), 0.0127472 secs] [Times: user=0.03 sys=0.00, real=0.02 secs] 
1913.591: [GC (Allocation Failure) [PSYoungGen: 338858K->184173K(465920K)] 1252381K->1098942K(1639936K), 0.0205598 secs] [Times: user=0.03 sys=0.00, real=0.02 secs] 
1913.875: [GC (Allocation Failure) [PSYoungGen: 417133K->184526K(465920K)] 1331902K->1099569K(1639936K), 0.0206463 secs] [Times: user=0.03 sys=0.00, real=0.02 secs] 
1916.322: [GC (Allocation Failure) [PSYoungGen: 417486K->7673K(465920K)] 1332529K->922981K(1639936K), 0.0043433 secs] [Times: user=0.02 sys=0.00, real=0.01 secs] 
1917.234: [GC (Allocation Failure) [PSYoungGen: 240633K->127650K(465920K)] 1155941K->1043274K(1639936K), 0.0148165 secs] [Times: user=0.03 sys=0.00, real=0.02 secs] 
1917.512: [GC (Allocation Failure) [PSYoungGen: 360610K->184173K(465920K)] 1276234K->1101050K(1639936K), 0.0206699 secs] [Times: user=0.03 sys=0.00, real=0.02 secs] 
1918.094: [GC (Allocation Failure) [PSYoungGen: 417133K->172431K(465920K)] 1334010K->1089582K(1639936K), 0.0250778 secs] [Times: user=0.04 sys=0.00, real=0.03 secs] 
1920.525: [GC (Allocation Failure) [PSYoungGen: 405391K->64K(465920K)] 1322542K->918653K(1639936K), 0.0041300 secs] [Times: user=0.02 sys=0.00, real=0.01 secs] 
1921.326: [GC (Allocation Failure) [PSYoungGen: 233024K->148211K(465920K)] 1151613K->1066809K(1639936K), 0.0168152 secs] [Times: user=0.03 sys=0.00, real=0.01 secs] 
1921.666: [GC (Allocation Failure) [PSYoungGen: 381171K->184365K(465920K)] 1299769K->1104345K(1639936K), 0.0206836 secs] [Times: user=0.03 sys=0.00, real=0.02 secs] 
1922.312: [GC (Allocation Failure) [PSYoungGen: 417325K->157915K(465920K)] 1337305K->1078048K(1639936K), 0.0255189 secs] [Times: user=0.04 sys=0.00, real=0.03 secs] 
1924.395: [GC (Allocation Failure) [PSYoungGen: 390875K->64K(465920K)] 1311008K->921628K(1639936K), 0.0037614 secs] [Times: user=0.01 sys=0.00, real=0.00 secs] 
1924.859: [GC (Allocation Failure) [PSYoungGen: 233024K->172216K(465920K)] 1154588K->1093804K(1639936K), 0.0192457 secs] [Times: user=0.03 sys=0.00, real=0.02 secs] 
1925.144: [GC (Allocation Failure) [PSYoungGen: 405176K->186100K(465920K)] 1326764K->1108934K(1639936K), 0.0207805 secs] [Times: user=0.03 sys=0.00, real=0.02 secs] 
1926.346: [GC (Allocation Failure) [PSYoungGen: 419060K->140210K(465920K)] 1341894K->1063309K(1639936K), 0.0286990 secs] [Times: user=0.06 sys=0.00, real=0.03 secs] 
1929.124: [GC (Allocation Failure) [PSYoungGen: 373170K->13265K(465920K)] 1296269K->936669K(1639936K), 0.0056274 secs] [Times: user=0.02 sys=0.00, real=0.01 secs] 
1929.501: [GC (Allocation Failure) [PSYoungGen: 246225K->184590K(465920K)] 1169629K->1109241K(1639936K), 0.0208434 secs] [Times: user=0.03 sys=0.00, real=0.02 secs] 
1929.788: [GC (Allocation Failure) [PSYoungGen: 417550K->186357K(465920K)] 1342201K->1111409K(1639936K), 0.0232930 secs] [Times: user=0.03 sys=0.00, real=0.02 secs] 
1931.104: [GC (Allocation Failure) [PSYoungGen: 419317K->114505K(465920K)] 1344369K->1039694K(1639936K), 0.0245505 secs] [Times: user=0.05 sys=0.00, real=0.03 secs] 
1932.598: [GC (Allocation Failure) [PSYoungGen: 347465K->38937K(465920K)] 1272654K->964447K(1639936K), 0.0062680 secs] [Times: user=0.02 sys=0.01, real=0.00 secs] 
1932.870: [GC (Allocation Failure) [PSYoungGen: 271897K->186357K(465920K)] 1197407K->1113121K(1639936K), 0.0208375 secs] [Times: user=0.03 sys=0.00, real=0.02 secs] 
1933.156: [GC (Allocation Failure) [PSYoungGen: 419317K->186004K(465920K)] 1346081K->1113041K(1639936K), 0.0211453 secs] [Times: user=0.03 sys=0.00, real=0.02 secs] 
1933.938: [GC (Allocation Failure) [PSYoungGen: 418964K->71083K(465920K)] 1346001K->998385K(1639936K), 0.0114578 secs] [Times: user=0.02 sys=0.00, real=0.01 secs] 
1935.269: [GC (Allocation Failure) [PSYoungGen: 304043K->65506K(465920K)] 1231345K->993126K(1639936K), 0.0098727 secs] [Times: user=0.02 sys=0.00, real=0.01 secs] 
1935.548: [GC (Allocation Failure) [PSYoungGen: 298466K->184558K(465920K)] 1226086K->1113415K(1639936K), 0.0206370 secs] [Times: user=0.03 sys=0.00, real=0.02 secs] 
1935.835: [GC (Allocation Failure) [PSYoungGen: 417518K->186293K(465920K)] 1346375K->1115424K(1639936K), 0.0208797 secs] [Times: user=0.03 sys=0.00, real=0.02 secs] 
1938.808: [GC (Allocation Failure) [PSYoungGen: 419253K->45861K(465920K)] 1348384K->975256K(1639936K), 0.0094611 secs] [Times: user=0.03 sys=0.00, real=0.01 secs] 
1939.293: [GC (Allocation Failure) [PSYoungGen: 278799K->164890K(465920K)] 1208194K->1094601K(1639936K), 0.0186084 secs] [Times: user=0.03 sys=0.00, real=0.02 secs] 
1939.502: [GC (Allocation Failure) [PSYoungGen: 397850K->184430K(465920K)] 1327561K->1115387K(1639936K), 0.0208185 secs] [Times: user=0.02 sys=0.00, real=0.02 secs] 
1940.566: [GC (Allocation Failure) [PSYoungGen: 416572K->141015K(465920K)] 1347529K->1072245K(1639936K), 0.0226854 secs] [Times: user=0.04 sys=0.00, real=0.02 secs] 
1943.504: [GC (Allocation Failure) [PSYoungGen: 373953K->1698K(465920K)] 1305183K->933225K(1639936K), 0.0035387 secs] [Times: user=0.02 sys=0.00, real=0.01 secs] 
1943.809: [GC (Allocation Failure) [PSYoungGen: 234658K->183916K(465920K)] 1166185K->1116697K(1639936K), 0.0205341 secs] [Times: user=0.03 sys=0.00, real=0.02 secs] 
1944.095: [GC (Allocation Failure) [PSYoungGen: 416876K->184494K(465920K)] 1349657K->1117556K(1639936K), 0.0206973 secs] [Times: user=0.03 sys=0.00, real=0.02 secs] 
1944.631: [GC (Allocation Failure) [PSYoungGen: 417454K->128675K(465920K)] 1350516K->1062002K(1639936K), 0.0151850 secs] [Times: user=0.03 sys=0.00, real=0.02 secs] 
1945.599: [GC (Allocation Failure) [PSYoungGen: 361635K->24221K(465920K)] 1294962K->957857K(1639936K), 0.0045523 secs] [Times: user=0.01 sys=0.00, real=0.00 secs] 
1945.868: [GC (Allocation Failure) [PSYoungGen: 257181K->183787K(465920K)] 1190817K->1118668K(1639936K), 0.0205804 secs] [Times: user=0.03 sys=0.00, real=0.02 secs] 
1946.152: [GC (Allocation Failure) [PSYoungGen: 416747K->184237K(465920K)] 1351628K->1119391K(1639936K), 0.0207535 secs] [Times: user=0.03 sys=0.00, real=0.02 secs] 
1947.796: [GC (Allocation Failure) [PSYoungGen: 417197K->106392K(465920K)] 1352351K->1041811K(1639936K), 0.0196388 secs] [Times: user=0.04 sys=0.00, real=0.02 secs] 
1950.595: [GC (Allocation Failure) [PSYoungGen: 339352K->45974K(465920K)] 1274771K->981701K(1639936K), 0.0094107 secs] [Times: user=0.02 sys=0.00, real=0.00 secs] 
1950.987: [GC (Allocation Failure) [PSYoungGen: 278934K->184205K(465920K)] 1214661K->1121178K(1639936K), 0.0206830 secs] [Times: user=0.03 sys=0.00, real=0.02 secs] 
1951.270: [GC (Allocation Failure) [PSYoungGen: 417165K->184558K(465920K)] 1354138K->1121812K(1639936K), 0.0206493 secs] [Times: user=0.03 sys=0.00, real=0.02 secs] 
1952.977: [GC (Allocation Failure) [PSYoungGen: 417518K->67613K(465920K)] 1354772K->1005261K(1639936K), 0.0156262 secs] [Times: user=0.03 sys=0.00, real=0.01 secs] 
1954.820: [GC (Allocation Failure) [PSYoungGen: 300573K->68302K(465920K)] 1238221K->1006145K(1639936K), 0.0107758 secs] [Times: user=0.02 sys=0.00, real=0.01 secs] 
1955.108: [GC (Allocation Failure) [PSYoungGen: 301262K->184558K(465920K)] 1239105K->1123646K(1639936K), 0.0206617 secs] [Times: user=0.03 sys=0.00, real=0.02 secs] 
1955.450: [GC (Allocation Failure) [PSYoungGen: 417518K->183723K(465920K)] 1356606K->1123084K(1639936K), 0.0206578 secs] [Times: user=0.03 sys=0.00, real=0.02 secs] 
1957.135: [GC (Allocation Failure) [PSYoungGen: 416683K->45668K(465920K)] 1356044K->985294K(1639936K), 0.0083075 secs] [Times: user=0.02 sys=0.00, real=0.01 secs] 
1958.099: [GC (Allocation Failure) [PSYoungGen: 278519K->90247K(465920K)] 1218145K->1030187K(1639936K), 0.0110478 secs] [Times: user=0.02 sys=0.00, real=0.01 secs] 
1958.376: [GC (Allocation Failure) [PSYoungGen: 323207K->186486K(465920K)] 1263147K->1127672K(1639936K), 0.0208503 secs] [Times: user=0.03 sys=0.00, real=0.02 secs] 
1958.724: [GC (Allocation Failure) [PSYoungGen: 419446K->186100K(465920K)] 1360632K->1127567K(1639936K), 0.0209516 secs] [Times: user=0.03 sys=0.00, real=0.02 secs] 
1959.808: [GC (Allocation Failure) [PSYoungGen: 419060K->19561K(465920K)] 1360527K->961293K(1639936K), 0.0051155 secs] [Times: user=0.02 sys=0.00, real=0.00 secs] 
1960.624: [GC (Allocation Failure) [PSYoungGen: 252521K->116851K(465920K)] 1194253K->1058901K(1639936K), 0.0137414 secs] [Times: user=0.03 sys=0.00, real=0.02 secs] 
1960.973: [GC (Allocation Failure) [PSYoungGen: 349811K->185972K(465920K)] 1291861K->1129267K(1639936K), 0.0208260 secs] [Times: user=0.03 sys=0.00, real=0.02 secs] 
1961.408: [GC (Allocation Failure) [PSYoungGen: 418932K->179972K(465920K)] 1362227K->1123540K(1639936K), 0.0254807 secs] [Times: user=0.04 sys=0.00, real=0.02 secs] 
1964.318: [GC (Allocation Failure) [PSYoungGen: 412932K->128K(465920K)] 1356500K->945129K(1639936K), 0.0042740 secs] [Times: user=0.02 sys=0.00, real=0.00 secs] 
1965.128: [GC (Allocation Failure) [PSYoungGen: 233088K->140374K(465920K)] 1178089K->1085416K(1639936K), 0.0161076 secs] [Times: user=0.03 sys=0.00, real=0.01 secs] 
1965.408: [GC (Allocation Failure) [PSYoungGen: 373334K->184430K(465920K)] 1318376K->1130717K(1639936K), 0.0205906 secs] [Times: user=0.03 sys=0.00, real=0.02 secs] 
1965.956: [GC (Allocation Failure) [PSYoungGen: 416721K->161483K(465920K)] 1363009K->1108043K(1639936K), 0.0225939 secs] [Times: user=0.03 sys=0.00, real=0.02 secs] 
1967.128: [GC (Allocation Failure) [PSYoungGen: 394443K->64K(465920K)] 1341003K->948060K(1639936K), 0.0028649 secs] [Times: user=0.01 sys=0.00, real=0.00 secs] 
1967.609: [GC (Allocation Failure) [PSYoungGen: 233024K->161452K(465920K)] 1181020K->1109472K(1639936K), 0.0181683 secs] [Times: user=0.03 sys=0.00, real=0.02 secs] 
1967.891: [GC (Allocation Failure) [PSYoungGen: 394412K->184590K(465920K)] 1342432K->1133985K(1639936K), 0.0205841 secs] [Times: user=0.03 sys=0.00, real=0.02 secs] 
1968.678: [GC (Allocation Failure) [PSYoungGen: 417550K->144388K(465920K)] 1366945K->1093919K(1639936K), 0.0186196 secs] [Times: user=0.03 sys=0.00, real=0.02 secs] 
1969.917: [GC (Allocation Failure) [PSYoungGen: 377348K->64K(465920K)] 1326879K->951040K(1639936K), 0.0034637 secs] [Times: user=0.02 sys=0.00, real=0.00 secs] 
1970.350: [GC (Allocation Failure) [PSYoungGen: 233024K->183847K(465920K)] 1184000K->1134839K(1639936K), 0.0206615 secs] [Times: user=0.03 sys=0.00, real=0.02 secs] 
1970.632: [GC (Allocation Failure) [PSYoungGen: 416807K->184173K(465920K)] 1367799K->1136419K(1639936K), 0.0204858 secs] [Times: user=0.03 sys=0.00, real=0.02 secs] 
1971.264: [GC (Allocation Failure) [PSYoungGen: 417133K->130603K(465920K)] 1369379K->1083251K(1639936K), 0.0178554 secs] [Times: user=0.03 sys=0.00, real=0.02 secs] 
1972.955: [GC (Allocation Failure) [PSYoungGen: 363563K->22036K(465920K)] 1316211K->974845K(1639936K), 0.0050093 secs] [Times: user=0.01 sys=0.00, real=0.00 secs] 
1973.231: [GC (Allocation Failure) [PSYoungGen: 254996K->186389K(465920K)] 1207805K->1140452K(1639936K), 0.0208386 secs] [Times: user=0.03 sys=0.00, real=0.02 secs] 
1973.569: [GC (Allocation Failure) [PSYoungGen: 419349K->184847K(465920K)] 1373412K->1139183K(1639936K), 0.0208394 secs] [Times: user=0.03 sys=0.00, real=0.02 secs] 
1974.454: [GC (Allocation Failure) [PSYoungGen: 417807K->105509K(465920K)] 1372143K->1060109K(1639936K), 0.0147168 secs] [Times: user=0.03 sys=0.00, real=0.02 secs] 
1975.468: [GC (Allocation Failure) [PSYoungGen: 338469K->46809K(465920K)] 1293069K->1001700K(1639936K), 0.0086385 secs] [Times: user=0.02 sys=0.00, real=0.01 secs] 
1975.768: [GC (Allocation Failure) [PSYoungGen: 279769K->186389K(465920K)] 1234660K->1142534K(1639936K), 0.0210867 secs] [Times: user=0.03 sys=0.00, real=0.02 secs] 
1976.054: [GC (Allocation Failure) [PSYoungGen: 419349K->185940K(465920K)] 1375494K->1142486K(1639936K), 0.0207836 secs] [Times: user=0.03 sys=0.00, real=0.02 secs] 
1977.900: [GC (Allocation Failure) [PSYoungGen: 418900K->63115K(465920K)] 1375446K->1019805K(1639936K), 0.0118050 secs] [Times: user=0.03 sys=0.00, real=0.01 secs] 
1979.449: [GC (Allocation Failure) [PSYoungGen: 296075K->72546K(465920K)] 1252765K->1029552K(1639936K), 0.0109966 secs] [Times: user=0.02 sys=0.00, real=0.01 secs] 
1979.737: [GC (Allocation Failure) [PSYoungGen: 305506K->186357K(465920K)] 1262512K->1144617K(1639936K), 0.0207857 secs] [Times: user=0.03 sys=0.00, real=0.02 secs] 
1980.026: [GC (Allocation Failure) [PSYoungGen: 419317K->184847K(465920K)] 1377577K->1143380K(1639936K), 0.0207295 secs] [Times: user=0.03 sys=0.00, real=0.02 secs] 
1981.036: [GC (Allocation Failure) [PSYoungGen: 417807K->38615K(465920K)] 1376340K->997413K(1639936K), 0.0076015 secs] [Times: user=0.02 sys=0.00, real=0.00 secs] 
1981.836: [GC (Allocation Failure) [PSYoungGen: 271575K->97733K(465920K)] 1230373K->1056833K(1639936K), 0.0121306 secs] [Times: user=0.02 sys=0.00, real=0.01 secs] 
1982.116: [GC (Allocation Failure) [PSYoungGen: 330693K->186357K(465920K)] 1289793K->1146847K(1639936K), 0.0212242 secs] [Times: user=0.03 sys=0.00, real=0.02 secs] 
1982.405: [GC (Allocation Failure) [PSYoungGen: 419317K->184879K(465920K)] 1379807K->1145522K(1639936K), 0.0207951 secs] [Times: user=0.03 sys=0.00, real=0.02 secs] 
1983.458: [GC (Allocation Failure) [PSYoungGen: 417839K->13489K(465920K)] 1378482K->974396K(1639936K), 0.0038805 secs] [Times: user=0.02 sys=0.00, real=0.00 secs] 
1984.036: [GC (Allocation Failure) [PSYoungGen: 246449K->124370K(465920K)] 1207356K->1085601K(1639936K), 0.0145094 secs] [Times: user=0.03 sys=0.00, real=0.01 secs] 
1984.316: [GC (Allocation Failure) [PSYoungGen: 357330K->186100K(465920K)] 1318561K->1148698K(1639936K), 0.0208553 secs] [Times: user=0.03 sys=0.00, real=0.02 secs] 
1984.839: [GC (Allocation Failure) [PSYoungGen: 419060K->173829K(465920K)] 1381658K->1136699K(1639936K), 0.0257983 secs] [Times: user=0.04 sys=0.00, real=0.03 secs] 
1986.749: [GC (Allocation Failure) [PSYoungGen: 406789K->96K(465920K)] 1369659K->964271K(1639936K), 0.0034892 secs] [Times: user=0.02 sys=0.00, real=0.00 secs] 
1987.478: [GC (Allocation Failure) [PSYoungGen: 233056K->148085K(465920K)] 1197231K->1112285K(1639936K), 0.0171672 secs] [Times: user=0.02 sys=0.00, real=0.01 secs] 
1987.758: [GC (Allocation Failure) [PSYoungGen: 381045K->184141K(465920K)] 1345245K->1149594K(1639936K), 0.0207866 secs] [Times: user=0.03 sys=0.00, real=0.02 secs] 
1988.437: [GC (Allocation Failure) [PSYoungGen: 417101K->158140K(465920K)] 1382554K->1123858K(1639936K), 0.0361520 secs] [Times: user=0.06 sys=0.00, real=0.03 secs] 
1991.166: [GC (Allocation Failure) [PSYoungGen: 391100K->96K(465920K)] 1356818K->967259K(1639936K), 0.0051761 secs] [Times: user=0.02 sys=0.00, real=0.00 secs] 
1991.765: [GC (Allocation Failure) [PSYoungGen: 233056K->169966K(465920K)] 1200219K->1137154K(1639936K), 0.0191417 secs] [Times: user=0.03 sys=0.00, real=0.02 secs] 
1992.048: [GC (Allocation Failure) [PSYoungGen: 402926K->184398K(465920K)] 1370114K->1152839K(1639936K), 0.0209230 secs] [Times: user=0.03 sys=0.00, real=0.02 secs] 
1992.821: [GC (Allocation Failure) [PSYoungGen: 410337K->136018K(465920K)] 1378779K->1104725K(1639936K), 0.0245136 secs] [Times: user=0.05 sys=0.00, real=0.03 secs] 
1994.043: [GC (Allocation Failure) [PSYoungGen: 368978K->1569K(465920K)] 1337685K->970592K(1639936K), 0.0035048 secs] [Times: user=0.02 sys=0.00, real=0.01 secs] 
1994.342: [GC (Allocation Failure) [PSYoungGen: 234529K->184944K(465920K)] 1203552K->1155212K(1639936K), 0.0206847 secs] [Times: user=0.03 sys=0.00, real=0.02 secs] 
1994.626: [GC (Allocation Failure) [PSYoungGen: 417904K->184301K(465920K)] 1388172K->1154850K(1639936K), 0.0205459 secs] [Times: user=0.03 sys=0.00, real=0.02 secs] 
1995.555: [GC (Allocation Failure) [PSYoungGen: 417261K->127904K(465920K)] 1387810K->1098847K(1639936K), 0.0177885 secs] [Times: user=0.03 sys=0.00, real=0.02 secs] 
1996.624: [GC (Allocation Failure) [PSYoungGen: 360768K->24703K(465920K)] 1331711K->995809K(1639936K), 0.0057787 secs] [Times: user=0.02 sys=0.00, real=0.01 secs] 
1996.910: [GC (Allocation Failure) [PSYoungGen: 257663K->186389K(465920K)] 1228769K->1158741K(1639936K), 0.0209940 secs] [Times: user=0.03 sys=0.00, real=0.02 secs] 
1997.197: [GC (Allocation Failure) [PSYoungGen: 419349K->184751K(465920K)] 1391701K->1157376K(1639936K), 0.0206425 secs] [Times: user=0.03 sys=0.00, real=0.02 secs] 
1998.246: [GC (Allocation Failure) [PSYoungGen: 417711K->102810K(465920K)] 1390336K->1075699K(1639936K), 0.0204469 secs] [Times: user=0.04 sys=0.00, real=0.02 secs] 
1999.249: [GC (Allocation Failure) [PSYoungGen: 335770K->49572K(465920K)] 1308659K->1022770K(1639936K), 0.0070717 secs] [Times: user=0.01 sys=0.00, real=0.01 secs] 
1999.584: [GC (Allocation Failure) [PSYoungGen: 282532K->184430K(465920K)] 1255730K->1158873K(1639936K), 0.0207428 secs] [Times: user=0.03 sys=0.00, real=0.02 secs] 
1999.867: [GC (Allocation Failure) [PSYoungGen: 417390K->183980K(465920K)] 1391833K->1158696K(1639936K), 0.0207273 secs] [Times: user=0.03 sys=0.00, real=0.02 secs] 
2002.186: [GC (Allocation Failure) [PSYoungGen: 416940K->64272K(465920K)] 1391656K->1039253K(1639936K), 0.0120104 secs] [Times: user=0.03 sys=0.01, real=0.01 secs] 
2003.410: [GC (Allocation Failure) [PSYoungGen: 297232K->71518K(465920K)] 1272213K->1046815K(1639936K), 0.0092293 secs] [Times: user=0.01 sys=0.00, real=0.01 secs] 
2003.682: [GC (Allocation Failure) [PSYoungGen: 304478K->184173K(465920K)] 1279775K->1160715K(1639936K), 0.0209089 secs] [Times: user=0.03 sys=0.00, real=0.02 secs] 
2003.965: [GC (Allocation Failure) [PSYoungGen: 417133K->184076K(465920K)] 1393675K->1160900K(1639936K), 0.0206364 secs] [Times: user=0.03 sys=0.01, real=0.02 secs] 
2004.742: [GC (Allocation Failure) [PSYoungGen: 417036K->42583K(465920K)] 1393860K->1019672K(1639936K), 0.0063002 secs] [Times: user=0.01 sys=0.00, real=0.01 secs] 
2005.526: [GC (Allocation Failure) [PSYoungGen: 275543K->93302K(465920K)] 1252632K->1070699K(1639936K), 0.0134575 secs] [Times: user=0.02 sys=0.00, real=0.01 secs] 
2005.863: [GC (Allocation Failure) [PSYoungGen: 326262K->183948K(465920K)] 1303659K->1162598K(1639936K), 0.0205703 secs] [Times: user=0.03 sys=0.00, real=0.02 secs] 
2006.147: [GC (Allocation Failure) [PSYoungGen: 416908K->184366K(465920K)] 1395558K->1163418K(1639936K), 0.0207500 secs] [Times: user=0.03 sys=0.00, real=0.02 secs] 
2008.034: [GC (Allocation Failure) [PSYoungGen: 417326K->20686K(465920K)] 1396378K->1000003K(1639936K), 0.0074661 secs] [Times: user=0.02 sys=0.00, real=0.01 secs] 
2009.160: [GC (Allocation Failure) [PSYoungGen: 253646K->115151K(465920K)] 1232963K->1094656K(1639936K), 0.0137077 secs] [Times: user=0.02 sys=0.00, real=0.01 secs] 
2009.496: [GC (Allocation Failure) [PSYoungGen: 348111K->184141K(465920K)] 1327616K->1164899K(1639936K), 0.0211218 secs] [Times: user=0.03 sys=0.00, real=0.02 secs] 
2009.787: [GC (Allocation Failure) [PSYoungGen: 417101K->182898K(465920K)] 1397859K->1163930K(1639936K), 0.0206314 secs] [Times: user=0.03 sys=0.00, real=0.02 secs] 
2010.817: [GC (Allocation Failure) [PSYoungGen: 415858K->128K(465920K)] 1396890K->982575K(1639936K), 0.0028838 secs] [Times: user=0.01 sys=0.00, real=0.00 secs] 
2011.375: [GC (Allocation Failure) [PSYoungGen: 233088K->136390K(465920K)] 1215535K->1118885K(1639936K), 0.0157460 secs] [Times: user=0.02 sys=0.00, real=0.02 secs] 
2011.716: [GC (Allocation Failure) [PSYoungGen: 369350K->184365K(465920K)] 1351845K->1168098K(1639936K), 0.0208611 secs] [Times: user=0.03 sys=0.00, real=0.02 secs] 
2013.055: [GC (Allocation Failure) [PSYoungGen: 417325K->165659K(465920K)] 1401058K->1149681K(1639936K), 0.0481947 secs] [Times: user=0.08 sys=0.00, real=0.05 secs] 
2014.676: [GC (Allocation Failure) [PSYoungGen: 398619K->96K(465920K)] 1382641K->985549K(1639936K), 0.0033124 secs] [Times: user=0.02 sys=0.00, real=0.00 secs] 
2015.335: [GC (Allocation Failure) [PSYoungGen: 233056K->158142K(465920K)] 1218509K->1143620K(1639936K), 0.0180059 secs] [Times: user=0.03 sys=0.00, real=0.01 secs] 
2015.622: [GC (Allocation Failure) [PSYoungGen: 391102K->184398K(465920K)] 1376580K->1171129K(1639936K), 0.0207652 secs] [Times: user=0.03 sys=0.00, real=0.02 secs] 
2017.330: [GC (Allocation Failure) [PSYoungGen: 417358K->147826K(465920K)] 1404089K->1134823K(1639936K), 0.0326840 secs] [Times: user=0.06 sys=0.00, real=0.03 secs] 
2020.547: [GC (Allocation Failure) [PSYoungGen: 380786K->96K(465920K)] 1367783K->988523K(1639936K), 0.0060960 secs] [Times: user=0.03 sys=0.00, real=0.00 secs] 
2020.947: [GC (Allocation Failure) [PSYoungGen: 233056K->182208K(465920K)] 1221483K->1170652K(1639936K), 0.0204222 secs] [Times: user=0.03 sys=0.00, real=0.02 secs] 
2021.231: [GC (Allocation Failure) [PSYoungGen: 415168K->184815K(465920K)] 1403612K->1174505K(1639936K), 0.0207219 secs] [Times: user=0.03 sys=0.00, real=0.02 secs] 
2021.744: [GC (Allocation Failure) [PSYoungGen: 417775K->131663K(465920K)] 1407465K->1121626K(1639936K), 0.0165613 secs] [Times: user=0.03 sys=0.00, real=0.02 secs] 
2022.675: [GC (Allocation Failure) [PSYoungGen: 364623K->20976K(465920K)] 1354586K->1011254K(1639936K), 0.0049693 secs] [Times: user=0.01 sys=0.00, real=0.01 secs] 
2022.952: [GC (Allocation Failure) [PSYoungGen: 253936K->186229K(465920K)] 1244214K->1177889K(1639936K), 0.0210394 secs] [Times: user=0.03 sys=0.00, real=0.02 secs] 
2023.286: [GC (Allocation Failure) [PSYoungGen: 419189K->184847K(465920K)] 1410849K->1176652K(1639936K), 0.0209627 secs] [Times: user=0.03 sys=0.00, real=0.02 secs] 
2025.611: [GC (Allocation Failure) [PSYoungGen: 417807K->106681K(465920K)] 1409612K->1098880K(1639936K), 0.0309543 secs] [Times: user=0.06 sys=0.00, real=0.03 secs] 
2027.510: [GC (Allocation Failure) [PSYoungGen: 339641K->45267K(465920K)] 1331840K->1037643K(1639936K), 0.0086581 secs] [Times: user=0.02 sys=0.00, real=0.01 secs] 
2027.804: [GC (Allocation Failure) [PSYoungGen: 278227K->186421K(465920K)] 1270603K->1180051K(1639936K), 0.0209550 secs] [Times: user=0.03 sys=0.00, real=0.02 secs] 
2028.092: [GC (Allocation Failure) [PSYoungGen: 419381K->186004K(465920K)] 1413011K->1180043K(1639936K), 0.0208226 secs] [Times: user=0.03 sys=0.00, real=0.02 secs] 
2028.888: [GC (Allocation Failure) [PSYoungGen: 418964K->64689K(465920K)] 1413003K->1058865K(1639936K), 0.0101537 secs] [Times: user=0.02 sys=0.00, real=0.01 secs] 
2030.221: [GC (Allocation Failure) [PSYoungGen: 297649K->71132K(465920K)] 1291825K->1065624K(1639936K), 0.0092276 secs] [Times: user=0.02 sys=0.00, real=0.01 secs] 
2030.496: [GC (Allocation Failure) [PSYoungGen: 304092K->186454K(465920K)] 1298584K->1182191K(1639936K), 0.0209491 secs] [Times: user=0.03 sys=0.00, real=0.02 secs] 
2030.787: [GC (Allocation Failure) [PSYoungGen: 419414K->186036K(465920K)] 1415151K->1182039K(1639936K), 0.0207981 secs] [Times: user=0.03 sys=0.00, real=0.02 secs] 
2031.704: [GC (Allocation Failure) [PSYoungGen: 418996K->38615K(465920K)] 1414999K->1035011K(1639936K), 0.0133381 secs] [Times: user=0.03 sys=0.00, real=0.02 secs] 
2032.839: [GC (Allocation Failure) [PSYoungGen: 271575K->97929K(465920K)] 1267971K->1094505K(1639936K), 0.0121875 secs] [Times: user=0.02 sys=0.00, real=0.01 secs] 
2033.183: [GC (Allocation Failure) [PSYoungGen: 330889K->185972K(465920K)] 1327465K->1183921K(1639936K), 0.0209076 secs] [Times: user=0.03 sys=0.00, real=0.02 secs] 
2033.528: [GC (Allocation Failure) [PSYoungGen: 418932K->186036K(465920K)] 1416881K->1184138K(1639936K), 0.0208345 secs] [Times: user=0.03 sys=0.00, real=0.02 secs] 
2035.740: [GC (Allocation Failure) [PSYoungGen: 418996K->12493K(465920K)] 1417098K->1010988K(1639936K), 0.0061094 secs] [Times: user=0.02 sys=0.00, real=0.01 secs] 
2036.806: [GC (Allocation Failure) [PSYoungGen: 245453K->123824K(465920K)] 1243948K->1122506K(1639936K), 0.0147600 secs] [Times: user=0.03 sys=0.00, real=0.01 secs] 
2037.087: [GC (Allocation Failure) [PSYoungGen: 356784K->185940K(465920K)] 1355466K->1185868K(1639936K), 0.0208910 secs] [Times: user=0.03 sys=0.00, real=0.02 secs] 
2037.461: [GC (Allocation Failure) [PSYoungGen: 418900K->173464K(465920K)] 1418828K->1173657K(1639936K), 0.0239824 secs] [Times: user=0.04 sys=0.00, real=0.03 secs] 
2038.460: [GC (Allocation Failure) [PSYoungGen: 406424K->64K(465920K)] 1406617K->1001697K(1639936K), 0.0031324 secs] [Times: user=0.02 sys=0.00, real=0.00 secs] 
2038.957: [GC (Allocation Failure) [PSYoungGen: 233024K->149788K(465920K)] 1234657K->1151437K(1639936K), 0.0171524 secs] [Times: user=0.03 sys=0.00, real=0.01 secs] 
2039.292: [GC (Allocation Failure) [PSYoungGen: 382748K->185972K(465920K)] 1384397K->1188867K(1639936K), 0.0208385 secs] [Times: user=0.03 sys=0.00, real=0.02 secs] 
2040.102: [GC (Allocation Failure) [PSYoungGen: 418932K->154686K(465920K)] 1421827K->1157974K(1639936K), 0.0208956 secs] [Times: user=0.04 sys=0.00, real=0.02 secs] 
2042.713: [GC (Allocation Failure) [PSYoungGen: 387646K->128K(465920K)] 1390934K->1004743K(1639936K), 0.0036379 secs] [Times: user=0.01 sys=0.00, real=0.01 secs] 
2043.247: [GC (Allocation Failure) [PSYoungGen: 233088K->174176K(465920K)] 1237703K->1178823K(1639936K), 0.0196077 secs] [Times: user=0.03 sys=0.00, real=0.02 secs] 
2043.591: [GC (Allocation Failure) [PSYoungGen: 407136K->186229K(465920K)] 1411783K->1192122K(1639936K), 0.0209558 secs] [Times: user=0.03 sys=0.00, real=0.02 secs] 
2044.428: [GC (Allocation Failure) [PSYoungGen: 419189K->138186K(465920K)] 1425082K->1144352K(1639936K), 0.0208242 secs] [Times: user=0.04 sys=0.00, real=0.02 secs] 
2046.760: [GC (Allocation Failure) [PSYoungGen: 371146K->14968K(465920K)] 1377312K->1021426K(1639936K), 0.0055644 secs] [Times: user=0.02 sys=0.00, real=0.01 secs] 
2047.070: [GC (Allocation Failure) [PSYoungGen: 247928K->184558K(465920K)] 1254386K->1192262K(1639936K), 0.0208009 secs] [Times: user=0.03 sys=0.00, real=0.02 secs] 
2047.358: [GC (Allocation Failure) [PSYoungGen: 417518K->186389K(465920K)] 1425222K->1194366K(1639936K), 0.0210518 secs] [Times: user=0.03 sys=0.00, real=0.02 secs] 
2048.619: [GC (Allocation Failure) [PSYoungGen: 419349K->112882K(465920K)] 1427326K->1121124K(1639936K), 0.0175044 secs] [Times: user=0.03 sys=0.00, real=0.02 secs] 
2050.565: [GC (Allocation Failure) [PSYoungGen: 345842K->39355K(465920K)] 1354084K->1047903K(1639936K), 0.0076639 secs] [Times: user=0.02 sys=0.00, real=0.00 secs] 
2050.859: [GC (Allocation Failure) [PSYoungGen: 272315K->186389K(465920K)] 1280863K->1196191K(1639936K), 0.0209075 secs] [Times: user=0.03 sys=0.00, real=0.02 secs] 
2051.146: [GC (Allocation Failure) [PSYoungGen: 419349K->185972K(465920K)] 1429151K->1196183K(1639936K), 0.0207141 secs] [Times: user=0.03 sys=0.00, real=0.02 secs] 
2053.754: [GC (Allocation Failure) [PSYoungGen: 418932K->70601K(465920K)] 1429143K->1080949K(1639936K), 0.0154250 secs] [Times: user=0.03 sys=0.01, real=0.02 secs] 
2054.759: [GC (Allocation Failure) [PSYoungGen: 303561K->65121K(465920K)] 1313909K->1075786K(1639936K), 0.0086589 secs] [Times: user=0.02 sys=0.00, real=0.01 secs] 
2055.033: [GC (Allocation Failure) [PSYoungGen: 298081K->186389K(465920K)] 1308746K->1198308K(1639936K), 0.0212828 secs] [Times: user=0.03 sys=0.00, real=0.02 secs] 
2055.320: [GC (Allocation Failure) [PSYoungGen: 419349K->186164K(465920K)] 1431268K->1198364K(1639936K), 0.0208172 secs] [Times: user=0.03 sys=0.00, real=0.02 secs] 
2057.239: [GC (Allocation Failure) [PSYoungGen: 419124K->44752K(465920K)] 1431324K->1057345K(1639936K), 0.0113493 secs] [Times: user=0.04 sys=0.00, real=0.01 secs] 
2058.581: [GC (Allocation Failure) [PSYoungGen: 277712K->90732K(465920K)] 1290305K->1103514K(1639936K), 0.0113504 secs] [Times: user=0.02 sys=0.00, real=0.01 secs] 
2058.927: [GC (Allocation Failure) [PSYoungGen: 323692K->186357K(465920K)] 1336474K->1200394K(1639936K), 0.0208628 secs] [Times: user=0.03 sys=0.00, real=0.02 secs] 
2059.267: [GC (Allocation Failure) [PSYoungGen: 419317K->185940K(465920K)] 1433354K->1200386K(1639936K), 0.0209096 secs] [Times: user=0.03 sys=0.00, real=0.02 secs] 
2061.535: [GC (Allocation Failure) [PSYoungGen: 418900K->19336K(465920K)] 1433346K->1033919K(1639936K), 0.0073544 secs] [Times: user=0.02 sys=0.00, real=0.00 secs] 
2062.445: [GC (Allocation Failure) [PSYoungGen: 252296K->117079K(465920K)] 1266879K->1131977K(1639936K), 0.0140760 secs] [Times: user=0.02 sys=0.00, real=0.01 secs] 
2062.727: [GC (Allocation Failure) [PSYoungGen: 350039K->185940K(465920K)] 1364937K->1202091K(1639936K), 0.0211020 secs] [Times: user=0.03 sys=0.00, real=0.02 secs] 
2063.139: [GC (Allocation Failure) [PSYoungGen: 418900K->179667K(465920K)] 1435051K->1196092K(1639936K), 0.0233026 secs] [Times: user=0.03 sys=0.00, real=0.02 secs] 
2064.110: [GC (Allocation Failure) [PSYoungGen: 412627K->64K(465920K)] 1429052K->1017934K(1639936K), 0.0032089 secs] [Times: user=0.01 sys=0.00, real=0.00 secs] 
2064.569: [GC (Allocation Failure) [PSYoungGen: 233024K->143105K(465920K)] 1250894K->1160991K(1639936K), 0.0164308 secs] [Times: user=0.02 sys=0.00, real=0.02 secs] 
2064.851: [GC (Allocation Failure) [PSYoungGen: 376065K->185843K(465920K)] 1393951K->1205112K(1639936K), 0.0208141 secs] [Times: user=0.03 sys=0.00, real=0.02 secs] 
2066.759: [GC (Allocation Failure) [PSYoungGen: 418803K->161514K(465920K)] 1438072K->1180919K(1639936K), 0.0464335 secs] [Times: user=0.09 sys=0.00, real=0.05 secs] 
2068.988: [GC (Allocation Failure) [PSYoungGen: 394474K->64K(465920K)] 1413879K->1020916K(1639936K), 0.0034556 secs] [Times: user=0.02 sys=0.00, real=0.00 secs] 
2069.518: [GC (Allocation Failure) [PSYoungGen: 233024K->167749K(465920K)] 1253876K->1188626K(1639936K), 0.0190075 secs] [Times: user=0.03 sys=0.00, real=0.02 secs] 
2069.802: [GC (Allocation Failure) [PSYoungGen: 400709K->184815K(465920K)] 1421586K->1206938K(1639936K), 0.0208359 secs] [Times: user=0.03 sys=0.00, real=0.02 secs] 
2070.951: [GC (Allocation Failure) [PSYoungGen: 414331K->137849K(465920K)] 1436454K->1160237K(1639936K), 0.0225123 secs] [Times: user=0.03 sys=0.00, real=0.02 secs] 
2073.678: [GC (Allocation Failure) [PSYoungGen: 370809K->1441K(465920K)] 1393197K->1024120K(1639936K), 0.0051494 secs] [Times: user=0.02 sys=0.00, real=0.00 secs] 
2074.030: [GC (Allocation Failure) [PSYoungGen: 234401K->184012K(465920K)] 1257080K->1208066K(1639936K), 0.0206035 secs] [Times: user=0.03 sys=0.00, real=0.02 secs] 
2074.366: [GC (Allocation Failure) [PSYoungGen: 416972K->184076K(465920K)] 1441026K->1208282K(1639936K), 0.0207480 secs] [Times: user=0.03 sys=0.00, real=0.02 secs] 
2075.507: [GC (Allocation Failure) [PSYoungGen: 417036K->129157K(465920K)] 1441242K->1153628K(1639936K), 0.0243180 secs] [Times: user=0.05 sys=0.00, real=0.02 secs] 
2078.503: [GC (Allocation Failure) [PSYoungGen: 362117K->22807K(465920K)] 1386588K->1047579K(1639936K), 0.0069626 secs] [Times: user=0.02 sys=0.00, real=0.01 secs] 
2078.829: [GC (Allocation Failure) [PSYoungGen: 255767K->184044K(465920K)] 1280539K->1210061K(1639936K), 0.0207669 secs] [Times: user=0.03 sys=0.00, real=0.02 secs] 
2079.171: [GC (Allocation Failure) [PSYoungGen: 417004K->183852K(465920K)] 1443021K->1210133K(1639936K), 0.0207846 secs] [Times: user=0.03 sys=0.00, real=0.02 secs] 
2079.827: [GC (Allocation Failure) [PSYoungGen: 416812K->107967K(465920K)] 1443093K->1134514K(1639936K), 0.0141645 secs] [Times: user=0.03 sys=0.00, real=0.01 secs] 
2080.738: [GC (Allocation Failure) [PSYoungGen: 340927K->44785K(465920K)] 1367474K->1071640K(1639936K), 0.0066408 secs] [Times: user=0.02 sys=0.00, real=0.00 secs] 
2081.069: [GC (Allocation Failure) [PSYoungGen: 277745K->184944K(465920K)] 1304600K->1213044K(1639936K), 0.0209436 secs] [Times: user=0.03 sys=0.00, real=0.02 secs] 
2081.353: [GC (Allocation Failure) [PSYoungGen: 417904K->184880K(465920K)] 1446004K->1213253K(1639936K), 0.0208438 secs] [Times: user=0.03 sys=0.00, real=0.02 secs] 
2083.434: [GC (Allocation Failure) [PSYoungGen: 417840K->67661K(465920K)] 1446213K->1096308K(1639936K), 0.0116001 secs] [Times: user=0.02 sys=0.00, real=0.02 secs] 
2084.186: [GC (Allocation Failure) [PSYoungGen: 300621K->68208K(465920K)] 1329268K->1097173K(1639936K), 0.0090901 secs] [Times: user=0.02 sys=0.00, real=0.01 secs] 
2084.462: [GC (Allocation Failure) [PSYoungGen: 301168K->186325K(465920K)] 1330133K->1216536K(1639936K), 0.0209835 secs] [Times: user=0.03 sys=0.00, real=0.02 secs] 
2084.747: [GC (Allocation Failure) [PSYoungGen: 419285K->184847K(465920K)] 1449496K->1215338K(1639936K), 0.0207071 secs] [Times: user=0.03 sys=0.00, real=0.02 secs] 
2085.536: [GC (Allocation Failure) [PSYoungGen: 417807K->42969K(465920K)] 1448298K->1073725K(1639936K), 0.0073347 secs] [Times: user=0.02 sys=0.00, real=0.00 secs] 
2086.248: [GC (Allocation Failure) [PSYoungGen: 275929K->94296K(465920K)] 1306685K->1125358K(1639936K), 0.0145482 secs] [Times: user=0.03 sys=0.00, real=0.01 secs] 
2086.559: [GC (Allocation Failure) [PSYoungGen: 327256K->185940K(465920K)] 1358318K->1218239K(1639936K), 0.0208432 secs] [Times: user=0.03 sys=0.00, real=0.02 secs] 
2086.843: [GC (Allocation Failure) [PSYoungGen: 418900K->184526K(465920K)] 1451199K->1217091K(1639936K), 0.0208134 secs] [Times: user=0.03 sys=0.00, real=0.02 secs] 
2087.733: [GC (Allocation Failure) [PSYoungGen: 417486K->17489K(465920K)] 1450051K->1050319K(1639936K), 0.0058198 secs] [Times: user=0.02 sys=0.00, real=0.01 secs] 
2088.327: [GC (Allocation Failure) [PSYoungGen: 250449K->119518K(465920K)] 1283279K->1152664K(1639936K), 0.0144451 secs] [Times: user=0.03 sys=0.00, real=0.01 secs] 
2088.608: [GC (Allocation Failure) [PSYoungGen: 352478K->186229K(465920K)] 1385624K->1220628K(1639936K), 0.0208703 secs] [Times: user=0.03 sys=0.00, real=0.02 secs] 
2089.168: [GC (Allocation Failure) [PSYoungGen: 419189K->177480K(465920K)] 1453588K->1212272K(1639936K), 0.0271140 secs] [Times: user=0.05 sys=0.00, real=0.03 secs] 
2092.089: [GC (Allocation Failure) [PSYoungGen: 410440K->160K(465920K)] 1445232K->1036257K(1639936K), 0.0035539 secs] [Times: user=0.02 sys=0.00, real=0.00 secs] 
2092.818: [GC (Allocation Failure) [PSYoungGen: 233120K->146125K(465920K)] 1269217K->1182263K(1639936K), 0.0168259 secs] [Times: user=0.02 sys=0.00, real=0.02 secs] 
2093.101: [GC (Allocation Failure) [PSYoungGen: 379085K->185811K(465920K)] 1415223K->1223195K(1639936K), 0.0209500 secs] [Times: user=0.03 sys=0.00, real=0.02 secs] 
2093.809: [GC (Allocation Failure) [PSYoungGen: 418771K->158365K(465920K)] 1456155K->1196014K(1639936K), 0.0220523 secs] [Times: user=0.03 sys=0.00, real=0.02 secs] 
2095.651: [GC (Allocation Failure) [PSYoungGen: 391325K->64K(465920K)] 1428974K->1039160K(1639936K), 0.0035554 secs] [Times: user=0.01 sys=0.00, real=0.00 secs] 
2096.110: [GC (Allocation Failure) [PSYoungGen: 233024K->171091K(465920K)] 1272120K->1210219K(1639936K), 0.0194118 secs] [Times: user=0.03 sys=0.00, real=0.02 secs] 
2096.394: [GC (Allocation Failure) [PSYoungGen: 404051K->186100K(465920K)] 1443179K->1226611K(1639936K), 0.0211472 secs] [Times: user=0.03 sys=0.00, real=0.03 secs] 
2096.872: [GC (Allocation Failure) [PSYoungGen: 419060K->141431K(465920K)] 1459571K->1182077K(1639936K), 0.0153677 secs] [Times: user=0.03 sys=0.00, real=0.02 secs] 
2097.844: [GC (Allocation Failure) [PSYoungGen: 374391K->11337K(465920K)] 1415037K->1052291K(1639936K), 0.0043475 secs] [Times: user=0.01 sys=0.00, real=0.01 secs] 
2098.129: [GC (Allocation Failure) [PSYoungGen: 244297K->186068K(465920K)] 1285251K->1228397K(1639936K), 0.0209437 secs] [Times: user=0.03 sys=0.00, real=0.02 secs] 
2098.415: [GC (Allocation Failure) [PSYoungGen: 419028K->185908K(465920K)] 1461357K->1228373K(1639936K), 0.0213619 secs] [Times: user=0.03 sys=0.00, real=0.02 secs] 
2098.990: [GC (Allocation Failure) [PSYoungGen: 418868K->115276K(465920K)] 1461333K->1158015K(1639936K), 0.0128524 secs] [Times: user=0.03 sys=0.00, real=0.01 secs] 
2099.999: [GC (Allocation Failure) [PSYoungGen: 348236K->37973K(465920K)] 1390975K->1081011K(1639936K), 0.0071967 secs] [Times: user=0.02 sys=0.00, real=0.01 secs] 
2100.349: [GC (Allocation Failure) [PSYoungGen: 270933K->185811K(465920K)] 1313971K->1230103K(1639936K), 0.0210467 secs] [Times: user=0.03 sys=0.00, real=0.02 secs] 
2100.635: [GC (Allocation Failure) [PSYoungGen: 418771K->185843K(465920K)] 1463063K->1230416K(1639936K), 0.0210149 secs] [Times: user=0.03 sys=0.00, real=0.03 secs] 
2102.696: [GC (Allocation Failure) [PSYoungGen: 418803K->72610K(465920K)] 1463376K->1117447K(1639936K), 0.0284257 secs] [Times: user=0.06 sys=0.00, real=0.02 secs] 
2105.273: [GC (Allocation Failure) [PSYoungGen: 305570K->63161K(465920K)] 1350407K->1108315K(1639936K), 0.0103505 secs] [Times: user=0.02 sys=0.00, real=0.01 secs] 
2105.631: [GC (Allocation Failure) [PSYoungGen: 296121K->186229K(465920K)] 1341275K->1232765K(1639936K), 0.0211280 secs] [Times: user=0.03 sys=0.00, real=0.02 secs] 
2105.921: [GC (Allocation Failure) [PSYoungGen: 419189K->186004K(465920K)] 1465725K->1232692K(1639936K), 0.0209348 secs] [Times: user=0.03 sys=0.00, real=0.02 secs] 
2109.180: [GC (Allocation Failure) [PSYoungGen: 418964K->46889K(465920K)] 1465652K->1093842K(1639936K), 0.0210185 secs] [Times: user=0.05 sys=0.00, real=0.02 secs] 
2111.095: [GC (Allocation Failure) [PSYoungGen: 279849K->89155K(465920K)] 1326802K->1136430K(1639936K), 0.0114042 secs] [Times: user=0.02 sys=0.00, real=0.01 secs] 
2111.374: [GC (Allocation Failure) [PSYoungGen: 322115K->186454K(465920K)] 1369390K->1234983K(1639936K), 0.0209336 secs] [Times: user=0.03 sys=0.00, real=0.02 secs] 
2111.667: [GC (Allocation Failure) [PSYoungGen: 419414K->186164K(465920K)] 1467943K->1234974K(1639936K), 0.0208353 secs] [Times: user=0.03 sys=0.00, real=0.02 secs] 
2112.686: [GC (Allocation Failure) [PSYoungGen: 419124K->20590K(465920K)] 1467934K->1069801K(1639936K), 0.0049017 secs] [Times: user=0.01 sys=0.00, real=0.00 secs] 
2113.420: [GC (Allocation Failure) [PSYoungGen: 253550K->115890K(465920K)] 1302761K->1165273K(1639936K), 0.0140531 secs] [Times: user=0.02 sys=0.00, real=0.01 secs] 
2113.699: [GC (Allocation Failure) [PSYoungGen: 348850K->184526K(465920K)] 1398233K->1235146K(1639936K), 0.0206937 secs] [Times: user=0.03 sys=0.00, real=0.02 secs] 
2114.052: [GC (Allocation Failure) [PSYoungGen: 417486K->182237K(465920K)] 1468106K->1233131K(1639936K), 0.0221541 secs] [Times: user=0.04 sys=0.00, real=0.02 secs] 
2115.978: [GC (Allocation Failure) [PSYoungGen: 415197K->64K(465920K)] 1466091K->1052404K(1639936K), 0.0040463 secs] [Times: user=0.02 sys=0.00, real=0.00 secs] 
2116.550: [GC (Allocation Failure) [PSYoungGen: 233024K->140470K(465920K)] 1285364K->1192827K(1639936K), 0.0162604 secs] [Times: user=0.03 sys=0.00, real=0.02 secs] 
2116.833: [GC (Allocation Failure) [PSYoungGen: 373430K->186068K(465920K)] 1425787K->1239671K(1639936K), 0.0209484 secs] [Times: user=0.03 sys=0.00, real=0.02 secs] 
2117.227: [GC (Allocation Failure) [PSYoungGen: 415380K->159715K(465920K)] 1468983K->1213583K(1639936K), 0.0180343 secs] [Times: user=0.03 sys=0.00, real=0.02 secs] 
2118.979: [GC (Allocation Failure) [PSYoungGen: 392675K->64K(465920K)] 1446543K->1055371K(1639936K), 0.0030207 secs] [Times: user=0.02 sys=0.00, real=0.00 secs] 
2119.567: [GC (Allocation Failure) [PSYoungGen: 233024K->160038K(465920K)] 1288331K->1215361K(1639936K), 0.0181953 secs] [Times: user=0.02 sys=0.00, real=0.02 secs] 
2119.904: [GC (Allocation Failure) [PSYoungGen: 392998K->184430K(465920K)] 1448321K->1240991K(1639936K), 0.0207513 secs] [Times: user=0.04 sys=0.00, real=0.03 secs] 
2120.356: [GC (Allocation Failure) [PSYoungGen: 417390K->145930K(465920K)] 1473951K->1202764K(1639936K), 0.0190703 secs] [Times: user=0.03 sys=0.00, real=0.02 secs] 
2122.401: [GC (Allocation Failure) [PSYoungGen: 378890K->96K(465920K)] 1435724K->1058377K(1639936K), 0.0031803 secs] [Times: user=0.02 sys=0.00, real=0.00 secs] 
2122.776: [GC (Allocation Failure) [PSYoungGen: 233056K->181597K(465920K)] 1291337K->1239919K(1639936K), 0.0203469 secs] [Times: user=0.03 sys=0.00, real=0.02 secs] 
2123.065: [GC (Allocation Failure) [PSYoungGen: 414557K->184398K(465920K)] 1472879K->1243965K(1639936K), 0.0207733 secs] [Times: user=0.03 sys=0.00, real=0.02 secs] 
2123.975: [GC (Allocation Failure) [PSYoungGen: 417358K->132691K(465920K)] 1476925K->1192523K(1639936K), 0.0183201 secs] [Times: user=0.04 sys=0.00, real=0.01 secs] 
2126.165: [GC (Allocation Failure) [PSYoungGen: 365651K->18920K(465920K)] 1425483K->1079058K(1639936K), 0.0057682 secs] [Times: user=0.02 sys=0.00, real=0.00 secs] 
2126.463: [GC (Allocation Failure) [PSYoungGen: 251880K->184398K(465920K)] 1312018K->1245789K(1639936K), 0.0208035 secs] [Times: user=0.03 sys=0.00, real=0.02 secs] 
2126.748: [GC (Allocation Failure) [PSYoungGen: 417358K->184237K(465920K)] 1478749K->1245902K(1639936K), 0.0207665 secs] [Times: user=0.03 sys=0.00, real=0.02 secs] 
2127.456: [GC (Allocation Failure) [PSYoungGen: 417197K->111051K(465920K)] 1478862K->1172981K(1639936K), 0.0137920 secs] [Times: user=0.03 sys=0.00, real=0.01 secs] 
2128.985: [GC (Allocation Failure) [PSYoungGen: 344011K->41443K(465920K)] 1405941K->1103689K(1639936K), 0.0082948 secs] [Times: user=0.02 sys=0.00, real=0.00 secs] 
2129.365: [GC (Allocation Failure) [PSYoungGen: 274403K->186325K(465920K)] 1336649K->1249953K(1639936K), 0.0210338 secs] [Times: user=0.03 sys=0.00, real=0.02 secs] 
2129.650: [GC (Allocation Failure) [PSYoungGen: 419285K->184815K(465920K)] 1482913K->1248596K(1639936K), 0.0207491 secs] [Times: user=0.03 sys=0.00, real=0.02 secs] 
2130.712: [GC (Allocation Failure) [PSYoungGen: 417775K->69717K(465920K)] 1481556K->1133763K(1639936K), 0.0116802 secs] [Times: user=0.03 sys=0.00, real=0.01 secs] 
2132.131: [GC (Allocation Failure) [PSYoungGen: 302677K->66763K(465920K)] 1366723K->1131124K(1639936K), 0.0090689 secs] [Times: user=0.02 sys=0.00, real=0.01 secs] 
2132.406: [GC (Allocation Failure) [PSYoungGen: 299723K->186100K(465920K)] 1364084K->1251723K(1639936K), 0.0209742 secs] [Times: user=0.03 sys=0.00, real=0.02 secs] 
2132.697: [GC (Allocation Failure) [PSYoungGen: 419060K->185908K(465920K)] 1484683K->1251796K(1639936K), 0.0210129 secs] [Times: user=0.03 sys=0.00, real=0.02 secs] 
2134.518: [GC (Allocation Failure) [PSYoungGen: 418868K->43435K(465920K)] 1484756K->1109588K(1639936K), 0.0126630 secs] [Times: user=0.03 sys=0.01, real=0.01 secs] 
2135.867: [GC (Allocation Failure) [PSYoungGen: 276279K->92820K(465920K)] 1342432K->1159289K(1639936K), 0.0114921 secs] [Times: user=0.02 sys=0.00, real=0.01 secs] 
2136.143: [GC (Allocation Failure) [PSYoungGen: 325780K->184815K(465920K)] 1392249K->1252538K(1639936K), 0.0209147 secs] [Times: user=0.03 sys=0.00, real=0.02 secs] 
2136.487: [GC (Allocation Failure) [PSYoungGen: 417775K->184237K(465920K)] 1485498K->1252232K(1639936K), 0.0208846 secs] [Times: user=0.03 sys=0.00, real=0.02 secs] 
2139.846: [GC (Allocation Failure) [PSYoungGen: 417197K->20590K(465920K)] 1485192K->1088850K(1639936K), 0.0076406 secs] [Times: user=0.03 sys=0.00, real=0.00 secs] 
2141.353: [GC (Allocation Failure) [PSYoungGen: 253550K->116080K(465920K)] 1321810K->1184658K(1639936K), 0.0140028 secs] [Times: user=0.02 sys=0.00, real=0.02 secs] 
2141.633: [GC (Allocation Failure) [PSYoungGen: 349040K->186293K(465920K)] 1417618K->1256109K(1639936K), 0.0210642 secs] [Times: user=0.03 sys=0.00, real=0.02 secs] 
2141.976: [GC (Allocation Failure) [PSYoungGen: 419253K->180934K(465920K)] 1489069K->1251160K(1639936K), 0.0234213 secs] [Times: user=0.03 sys=0.00, real=0.02 secs] 
2143.798: [GC (Allocation Failure) [PSYoungGen: 413894K->64K(465920K)] 1484120K->1071608K(1639936K), 0.0046479 secs] [Times: user=0.02 sys=0.00, real=0.00 secs] 
2144.621: [GC (Allocation Failure) [PSYoungGen: 233024K->142944K(465920K)] 1304568K->1214505K(1639936K), 0.0166272 secs] [Times: user=0.02 sys=0.00, real=0.02 secs] 
2144.963: [GC (Allocation Failure) [PSYoungGen: 375904K->185843K(465920K)] 1447465K->1258658K(1639936K), 0.0211151 secs] [Times: user=0.03 sys=0.00, real=0.02 secs] 
2145.404: [GC (Allocation Failure) [PSYoungGen: 418803K->161642K(465920K)] 1491618K->1234858K(1639936K), 0.0274270 secs] [Times: user=0.05 sys=0.00, real=0.03 secs] 
2146.400: [GC (Allocation Failure) [PSYoungGen: 394602K->64K(465920K)] 1467818K->1074597K(1639936K), 0.0033292 secs] [Times: user=0.02 sys=0.00, real=0.00 secs] 
2146.886: [GC (Allocation Failure) [PSYoungGen: 233024K->169549K(465920K)] 1307557K->1244122K(1639936K), 0.0192852 secs] [Times: user=0.03 sys=0.00, real=0.02 secs] 
2147.228: [GC (Allocation Failure) [PSYoungGen: 402509K->184430K(465920K)] 1477082K->1260256K(1639936K), 0.0209140 secs] [Times: user=0.03 sys=0.00, real=0.02 secs] 
2147.753: [GC (Allocation Failure) [PSYoungGen: 409662K->136436K(465920K)] 1485489K->1212528K(1639936K), 0.0191478 secs] [Times: user=0.03 sys=0.00, real=0.02 secs] 
2148.826: [GC (Allocation Failure) [PSYoungGen: 369396K->64K(465920K)] 1445488K->1077599K(1639936K), 0.0032438 secs] [Times: user=0.01 sys=0.00, real=0.00 secs] 
2149.130: [GC (Allocation Failure) [PSYoungGen: 233024K->184746K(465920K)] 1310559K->1262306K(1639936K), 0.0207291 secs] [Times: user=0.03 sys=0.00, real=0.02 secs] 
2149.414: [GC (Allocation Failure) [PSYoungGen: 417706K->184173K(465920K)] 1495266K->1262978K(1639936K), 0.0207148 secs] [Times: user=0.04 sys=0.00, real=0.02 secs] 
2150.897: [GC (Allocation Failure) [PSYoungGen: 417133K->129735K(465920K)] 1495938K->1208942K(1639936K), 0.0276912 secs] [Times: user=0.06 sys=0.00, real=0.02 secs] 
2152.787: [GC (Allocation Failure) [PSYoungGen: 362695K->22647K(465920K)] 1441902K->1102058K(1639936K), 0.0055449 secs] [Times: user=0.01 sys=0.00, real=0.00 secs] 
2153.066: [GC (Allocation Failure) [PSYoungGen: 255607K->184044K(465920K)] 1335018K->1264716K(1639936K), 0.0206554 secs] [Times: user=0.03 sys=0.00, real=0.02 secs] 
2153.350: [GC (Allocation Failure) [PSYoungGen: 417004K->183916K(465920K)] 1497676K->1264861K(1639936K), 0.0207272 secs] [Times: user=0.03 sys=0.00, real=0.02 secs] 
2154.471: [GC (Allocation Failure) [PSYoungGen: 416876K->108079K(465920K)] 1497821K->1189289K(1639936K), 0.0154355 secs] [Times: user=0.03 sys=0.00, real=0.02 secs] 
2155.598: [GC (Allocation Failure) [PSYoungGen: 341039K->44303K(465920K)] 1422249K->1125821K(1639936K), 0.0066394 secs] [Times: user=0.01 sys=0.00, real=0.00 secs] 
2155.872: [GC (Allocation Failure) [PSYoungGen: 277263K->186389K(465920K)] 1358781K->1269282K(1639936K), 0.0209451 secs] [Times: user=0.03 sys=0.00, real=0.02 secs] 
2156.210: [GC (Allocation Failure) [PSYoungGen: 419349K->184783K(465920K)] 1502242K->1267820K(1639936K), 0.0208879 secs] [Times: user=0.03 sys=0.00, real=0.02 secs] 
2158.496: [GC (Allocation Failure) [PSYoungGen: 417743K->66810K(465920K)] 1500780K->1150112K(1639936K), 0.0139176 secs] [Times: user=0.03 sys=0.00, real=0.01 secs] 
2159.961: [GC (Allocation Failure) [PSYoungGen: 299770K->68401K(465920K)] 1383072K->1152019K(1639936K), 0.0114364 secs] [Times: user=0.03 sys=0.00, real=0.01 secs] 
2160.257: [GC (Allocation Failure) [PSYoungGen: 301361K->184301K(465920K)] 1384979K->1269172K(1639936K), 0.0208569 secs] [Times: user=0.03 sys=0.00, real=0.02 secs] 
2160.596: [GC (Allocation Failure) [PSYoungGen: 417261K->183819K(465920K)] 1502132K->1268963K(1639936K), 0.0209018 secs] [Times: user=0.03 sys=0.00, real=0.02 secs] 
2163.535: [GC (Allocation Failure) [PSYoungGen: 416779K->45748K(465920K)] 1501923K->1131157K(1639936K), 0.0134209 secs] [Times: user=0.04 sys=0.00, real=0.01 secs] 
2164.769: [GC (Allocation Failure) [PSYoungGen: 278708K->89765K(465920K)] 1364117K->1175484K(1639936K), 0.0112005 secs] [Times: user=0.02 sys=0.00, real=0.01 secs] 
2165.044: [GC (Allocation Failure) [PSYoungGen: 322725K->183787K(465920K)] 1408444K->1270752K(1639936K), 0.0207739 secs] [Times: user=0.03 sys=0.00, real=0.02 secs] 
2165.328: [GC (Allocation Failure) [PSYoungGen: 416747K->184237K(465920K)] 1503712K->1271475K(1639936K), 0.0207465 secs] [Times: user=0.03 sys=0.00, real=0.02 secs] 
2167.265: [GC (Allocation Failure) [PSYoungGen: 417197K->24558K(465920K)] 1504435K->1112060K(1639936K), 0.0062459 secs] [Times: user=0.02 sys=0.00, real=0.00 secs] 
2167.848: [GC (Allocation Failure) [PSYoungGen: 257518K->111713K(465920K)] 1345020K->1199531K(1639936K), 0.0150392 secs] [Times: user=0.03 sys=0.00, real=0.01 secs] 
2168.127: [GC (Allocation Failure) [PSYoungGen: 344673K->184462K(465920K)] 1432491K->1273662K(1639936K), 0.0207730 secs] [Times: user=0.03 sys=0.00, real=0.02 secs] 
2168.478: [GC (Allocation Failure) [PSYoungGen: 417422K->184590K(465920K)] 1506622K->1274064K(1639936K), 0.0208390 secs] [Times: user=0.03 sys=0.00, real=0.02 secs] 
2170.742: [GC (Allocation Failure) [PSYoungGen: 417550K->1697K(465920K)] 1507024K->1091307K(1639936K), 0.0043772 secs] [Times: user=0.02 sys=0.00, real=0.01 secs] 
2171.557: [GC (Allocation Failure) [PSYoungGen: 234657K->133527K(465920K)] 1324267K->1223438K(1639936K), 0.0156497 secs] [Times: user=0.02 sys=0.00, real=0.01 secs] 
2171.836: [GC (Allocation Failure) [PSYoungGen: 366487K->184333K(465920K)] 1456398K->1275498K(1639936K), 0.0207723 secs] [Times: user=0.03 sys=0.00, real=0.02 secs] 
2172.235: [GC (Allocation Failure) [PSYoungGen: 417293K->168567K(465920K)] 1508458K->1260006K(1639936K), 0.0188321 secs] [Times: user=0.03 sys=0.00, real=0.02 secs] 
2173.168: [GC (Allocation Failure) [PSYoungGen: 401527K->96K(465920K)] 1492966K->1092974K(1639936K), 0.0040522 secs] [Times: user=0.02 sys=0.00, real=0.00 secs] 
2173.592: [GC (Allocation Failure) [PSYoungGen: 233056K->156083K(465920K)] 1325934K->1248985K(1639936K), 0.0178495 secs] [Times: user=0.03 sys=0.00, real=0.02 secs] 
2173.873: [GC (Allocation Failure) [PSYoungGen: 389043K->184333K(465920K)] 1481945K->1278489K(1639936K), 0.0207645 secs] [Times: user=0.03 sys=0.00, real=0.02 secs] 
2174.330: [GC (Allocation Failure) [PSYoungGen: 417293K->150107K(465920K)] 1511449K->1244536K(1639936K), 0.0183052 secs] [Times: user=0.03 sys=0.00, real=0.02 secs] 
2175.279: [GC (Allocation Failure) [PSYoungGen: 383067K->64K(465920K)] 1477496K->1095922K(1639936K), 0.0029057 secs] [Times: user=0.02 sys=0.00, real=0.00 secs] 
2175.603: [GC (Allocation Failure) [PSYoungGen: 233024K->180666K(465920K)] 1328882K->1276548K(1639936K), 0.0203331 secs] [Times: user=0.03 sys=0.01, real=0.02 secs] 
2175.940: [GC (Allocation Failure) [PSYoungGen: 413626K->186132K(465920K)] 1509508K->1283269K(1639936K), 0.0210600 secs] [Times: user=0.03 sys=0.00, real=0.02 secs] 
2176.873: [GC (Allocation Failure) [PSYoungGen: 419092K->131888K(465920K)] 1516229K->1229297K(1639936K), 0.0276572 secs] [Times: user=0.06 sys=0.00, real=0.03 secs] 
2179.051: [GC (Allocation Failure) [PSYoungGen: 364848K->21362K(465920K)] 1462257K->1119077K(1639936K), 0.0083008 secs] [Times: user=0.03 sys=0.00, real=0.01 secs] 
2179.407: [GC (Allocation Failure) [PSYoungGen: 254322K->184333K(465920K)] 1352037K->1283302K(1639936K), 0.0208554 secs] [Times: user=0.03 sys=0.00, real=0.02 secs] 
2179.695: [GC (Allocation Failure) [PSYoungGen: 417293K->186165K(465920K)] 1516262K->1285399K(1639936K), 0.0209368 secs] [Times: user=0.03 sys=0.00, real=0.02 secs] 
2180.902: [GC (Allocation Failure) [PSYoungGen: 419125K->106810K(465920K)] 1518359K->1206308K(1639936K), 0.0241059 secs] [Times: user=0.05 sys=0.00, real=0.03 secs] 
2182.975: [GC (Allocation Failure) [PSYoungGen: 339770K->46745K(465920K)] 1439268K->1146543K(1639936K), 0.0101232 secs] [Times: user=0.02 sys=0.00, real=0.01 secs] 
2183.299: [GC (Allocation Failure) [PSYoungGen: 279705K->185875K(465920K)] 1379503K->1286936K(1639936K), 0.0212625 secs] [Times: user=0.03 sys=0.01, real=0.02 secs] 
2183.586: [GC (Allocation Failure) [PSYoungGen: 418835K->185811K(465920K)] 1519896K->1287145K(1639936K), 0.0209705 secs] [Times: user=0.04 sys=0.00, real=0.02 secs] 
2184.478: [GC (Allocation Failure) [PSYoungGen: 418771K->63934K(465920K)] 1520105K->1165540K(1639936K), 0.0109097 secs] [Times: user=0.03 sys=0.00, real=0.01 secs] 
2185.289: [GC (Allocation Failure) [PSYoungGen: 296894K->73606K(465920K)] 1398500K->1175528K(1639936K), 0.0096631 secs] [Times: user=0.02 sys=0.00, real=0.01 secs] 
2185.563: [GC (Allocation Failure) [PSYoungGen: 306566K->184590K(465920K)] 1408488K->1287766K(1639936K), 0.0209494 secs] [Times: user=0.03 sys=0.00, real=0.02 secs] 
2185.850: [GC (Allocation Failure) [PSYoungGen: 417550K->186389K(465920K)] 1520726K->1289838K(1639936K), 0.0211541 secs] [Times: user=0.03 sys=0.00, real=0.02 secs] 
2187.381: [GC (Allocation Failure) [PSYoungGen: 419349K->37812K(465920K)] 1522798K->1141526K(1639936K), 0.0123049 secs] [Times: user=0.04 sys=0.01, real=0.01 secs] 
2188.385: [GC (Allocation Failure) [PSYoungGen: 270772K->98440K(465920K)] 1374486K->1202464K(1639936K), 0.0120637 secs] [Times: user=0.02 sys=0.00, real=0.02 secs] 
2188.661: [GC (Allocation Failure) [PSYoungGen: 331400K->184205K(465920K)] 1435424K->1289482K(1639936K), 0.0210513 secs] [Times: user=0.03 sys=0.01, real=0.02 secs] 
2189.002: [GC (Allocation Failure) [PSYoungGen: 417165K->184494K(465920K)] 1522442K->1290044K(1639936K), 0.0209042 secs] [Times: user=0.03 sys=0.00, real=0.02 secs] 
2191.611: [GC (Allocation Failure) [PSYoungGen: 417454K->15192K(465920K)] 1523004K->1121135K(1639936K), 0.0063111 secs] [Times: user=0.02 sys=0.00, real=0.01 secs] 
2192.451: [GC (Allocation Failure) [PSYoungGen: 248152K->120707K(465920K)] 1354095K->1226838K(1639936K), 0.0143211 secs] [Times: user=0.02 sys=0.00, real=0.02 secs] 
2192.729: [GC (Allocation Failure) [PSYoungGen: 353667K->184205K(465920K)] 1459798K->1291589K(1639936K), 0.0209293 secs] [Times: user=0.03 sys=0.00, real=0.02 secs] 
2193.168: [GC (Allocation Failure) [PSYoungGen: 417165K->178348K(465920K)] 1524549K->1286014K(1639936K), 0.0228655 secs] [Times: user=0.03 sys=0.00, real=0.02 secs] 
2195.163: [GC (Allocation Failure) [PSYoungGen: 411308K->64K(465920K)] 1518974K->1109165K(1639936K), 0.0037163 secs] [Times: user=0.02 sys=0.00, real=0.01 secs] 
2196.208: [GC (Allocation Failure) [PSYoungGen: 233024K->141820K(465920K)] 1342125K->1250953K(1639936K), 0.0163905 secs] [Times: user=0.02 sys=0.00, real=0.01 secs] 
2196.495: [GC (Allocation Failure) [PSYoungGen: 374780K->184333K(465920K)] 1483913K->1294841K(1639936K), 0.0208227 secs] [Times: user=0.03 sys=0.00, real=0.02 secs] 
2197.666: [GC (Allocation Failure) [PSYoungGen: 413966K->160213K(465920K)] 1524473K->1270866K(1639936K), 0.0463545 secs] [Times: user=0.08 sys=0.00, real=0.04 secs] 
2200.293: [GC (Allocation Failure) [PSYoungGen: 393173K->64K(465920K)] 1503826K->1112150K(1639936K), 0.0038193 secs] [Times: user=0.02 sys=0.00, real=0.01 secs] 
2200.825: [GC (Allocation Failure) [PSYoungGen: 233024K->161481K(465920K)] 1345110K->1273583K(1639936K), 0.0186251 secs] [Times: user=0.03 sys=0.00, real=0.02 secs] 
2201.163: [GC (Allocation Failure) [PSYoungGen: 394441K->184687K(465920K)] 1506543K->1298034K(1639936K), 0.0210581 secs] [Times: user=0.03 sys=0.00, real=0.02 secs] 
2201.828: [GC (Allocation Failure) [PSYoungGen: 417647K->144292K(465920K)] 1530994K->1258033K(1639936K), 0.0190625 secs] [Times: user=0.03 sys=0.00, real=0.02 secs] 
2203.889: [GC (Allocation Failure) [PSYoungGen: 377252K->64K(465920K)] 1490993K->1115126K(1639936K), 0.0037011 secs] [Times: user=0.02 sys=0.00, real=0.00 secs] 
2204.201: [GC (Allocation Failure) [PSYoungGen: 233024K->183975K(465920K)] 1348086K->1299054K(1639936K), 0.0209130 secs] [Times: user=0.03 sys=0.00, real=0.02 secs] 
2204.485: [GC (Allocation Failure) [PSYoungGen: 416935K->184462K(465920K)] 1532014K->1300786K(1639936K), 0.0209123 secs] [Times: user=0.03 sys=0.00, real=0.02 secs] 
2205.565: [GC (Allocation Failure) [PSYoungGen: 417422K->130185K(465920K)] 1533746K->1246782K(1639936K), 0.0197696 secs] [Times: user=0.04 sys=0.00, real=0.02 secs] 
2207.963: [GC (Allocation Failure) [PSYoungGen: 363145K->21908K(465920K)] 1479742K->1138813K(1639936K), 0.0067563 secs] [Times: user=0.02 sys=0.00, real=0.01 secs] 
2208.281: [GC (Allocation Failure) [PSYoungGen: 254868K->184205K(465920K)] 1371773K->1302363K(1639936K), 0.0209441 secs] [Times: user=0.03 sys=0.00, real=0.02 secs] 
2208.566: [GC (Allocation Failure) [PSYoungGen: 417165K->184558K(465920K)] 1535323K->1302998K(1639936K), 0.0210170 secs] [Times: user=0.03 sys=0.00, real=0.02 secs] 
2209.883: [GC (Allocation Failure) [PSYoungGen: 417518K->108079K(465920K)] 1535958K->1226912K(1639936K), 0.0241607 secs] [Times: user=0.05 sys=0.00, real=0.03 secs] 
2211.738: [GC (Allocation Failure) [PSYoungGen: 341039K->44271K(465920K)] 1459872K->1163291K(1639936K), 0.0084615 secs] [Times: user=0.02 sys=0.00, real=0.01 secs] 
2212.036: [GC (Allocation Failure) [PSYoungGen: 277231K->186518K(465920K)] 1396251K->1306800K(1639936K), 0.0210781 secs] [Times: user=0.03 sys=0.00, real=0.02 secs] 
2212.331: [GC (Allocation Failure) [PSYoungGen: 419478K->186100K(465920K)] 1539760K->1306656K(1639936K), 0.0211172 secs] [Times: user=0.03 sys=0.00, real=0.02 secs] 
2213.745: [GC (Allocation Failure) [PSYoungGen: 419060K->65396K(465920K)] 1539616K->1186217K(1639936K), 0.0175756 secs] [Times: user=0.04 sys=0.00, real=0.01 secs] 
2215.162: [GC (Allocation Failure) [PSYoungGen: 298356K->71386K(465920K)] 1419177K->1192530K(1639936K), 0.0096789 secs] [Times: user=0.02 sys=0.00, real=0.01 secs] 
2215.495: [GC (Allocation Failure) [PSYoungGen: 304346K->184333K(465920K)] 1425490K->1306731K(1639936K), 0.0210950 secs] [Times: user=0.03 sys=0.00, real=0.03 secs] 
2215.785: [GC (Allocation Failure) [PSYoungGen: 417293K->184526K(465920K)] 1539691K->1307197K(1639936K), 0.0209994 secs] [Times: user=0.03 sys=0.00, real=0.02 secs] 
2216.580: [GC (Allocation Failure) [PSYoungGen: 417486K->42085K(465920K)] 1540157K->1165021K(1639936K), 0.0082297 secs] [Times: user=0.02 sys=0.00, real=0.01 secs] 
2217.240: [GC (Allocation Failure) [PSYoungGen: 275045K->95516K(465920K)] 1397981K->1218762K(1639936K), 0.0119263 secs] [Times: user=0.02 sys=0.00, real=0.01 secs] 
2217.517: [GC (Allocation Failure) [PSYoungGen: 328476K->185875K(465920K)] 1451722K->1310374K(1639936K), 0.0211320 secs] [Times: user=0.03 sys=0.00, real=0.02 secs] 
2217.808: [GC (Allocation Failure) [PSYoungGen: 418835K->184366K(465920K)] 1543334K->1309138K(1639936K), 0.0209381 secs] [Times: user=0.03 sys=0.00, real=0.02 secs] 
2219.161: [GC (Allocation Failure) [PSYoungGen: 417326K->16589K(465920K)] 1542098K->1141626K(1639936K), 0.0059175 secs] [Times: user=0.02 sys=0.00, real=0.01 secs] 
2220.231: [GC (Allocation Failure) [PSYoungGen: 249549K->119168K(465920K)] 1374586K->1244529K(1639936K), 0.0143687 secs] [Times: user=0.03 sys=0.00, real=0.02 secs] 
2220.509: [GC (Allocation Failure) [PSYoungGen: 352128K->184205K(465920K)] 1477489K->1310819K(1639936K), 0.0217898 secs] [Times: user=0.04 sys=0.00, real=0.02 secs] 
2220.862: [GC (Allocation Failure) [PSYoungGen: 417165K->179442K(465920K)] 1543779K->1306322K(1639936K), 0.0233713 secs] [Times: user=0.03 sys=0.00, real=0.03 secs] 
2221.833: [GC (Allocation Failure) [PSYoungGen: 412402K->128K(465920K)] 1539282K->1128457K(1639936K), 0.0031956 secs] [Times: user=0.01 sys=0.00, real=0.01 secs] 
2222.376: [GC (Allocation Failure) [PSYoungGen: 233088K->141145K(465920K)] 1361417K->1269499K(1639936K), 0.0164049 secs] [Times: user=0.02 sys=0.00, real=0.01 secs] 
2222.714: [GC (Allocation Failure) [PSYoungGen: 374105K->184333K(465920K)] 1502459K->1313940K(1639936K), 0.0209202 secs] [Times: user=0.04 sys=0.00, real=0.02 secs] 
2223.099: [GC (Allocation Failure) [PSYoungGen: 416573K->160904K(465920K)] 1546180K->1290776K(1639936K), 0.0211578 secs] [Times: user=0.04 sys=0.00, real=0.02 secs] 
2225.890: [GC (Allocation Failure) [PSYoungGen: 393864K->96K(465920K)] 1523736K->1131407K(1639936K), 0.0068340 secs] [Times: user=0.03 sys=0.00, real=0.01 secs] 
2226.624: [GC (Allocation Failure) [PSYoungGen: 233056K->160938K(465920K)] 1364367K->1292274K(1639936K), 0.0183537 secs] [Times: user=0.03 sys=0.00, real=0.02 secs] 
2226.907: [GC (Allocation Failure) [PSYoungGen: 393898K->184751K(465920K)] 1525234K->1317332K(1639936K), 0.0209161 secs] [Times: user=0.03 sys=0.00, real=0.02 secs] 
2227.375: [GC (Allocation Failure) [PSYoungGen: 417711K->144758K(465920K)] 1550292K->1277612K(1639936K), 0.0178743 secs] [Times: user=0.03 sys=0.00, real=0.01 secs] 
2228.613: [GC (Allocation Failure) [PSYoungGen: 377718K->64K(465920K)] 1510572K->1134360K(1639936K), 0.0032830 secs] [Times: user=0.01 sys=0.00, real=0.01 secs] 
2228.951: [GC (Allocation Failure) [PSYoungGen: 233024K->183847K(465920K)] 1367320K->1318167K(1639936K), 0.0207027 secs] [Times: user=0.03 sys=0.00, real=0.02 secs] 
2229.236: [GC (Allocation Failure) [PSYoungGen: 416807K->184462K(465920K)] 1551127K->1320036K(1639936K), 0.0210196 secs] [Times: user=0.03 sys=0.00, real=0.02 secs] 
2230.219: [GC (Allocation Failure) [PSYoungGen: 417422K->130346K(465920K)] 1552996K->1266185K(1639936K), 0.0174480 secs] [Times: user=0.03 sys=0.00, real=0.02 secs] 
2231.894: [GC (Allocation Failure) [PSYoungGen: 363306K->22325K(465920K)] 1499145K->1158478K(1639936K), 0.0074418 secs] [Times: user=0.02 sys=0.00, real=0.01 secs] 
2232.228: [GC (Allocation Failure) [PSYoungGen: 255285K->186389K(465920K)] 1391438K->1323804K(1639936K), 0.0212948 secs] [Times: user=0.03 sys=0.00, real=0.02 secs] 
2232.572: [GC (Allocation Failure) [PSYoungGen: 419349K->184783K(465920K)] 1556764K->1322471K(1639936K), 0.0210823 secs] [Times: user=0.04 sys=0.00, real=0.02 secs] 
2233.399: [GC (Allocation Failure) [PSYoungGen: 417743K->105284K(465920K)] 1555431K->1243236K(1639936K), 0.0146398 secs] [Times: user=0.03 sys=0.00, real=0.01 secs] 
2235.511: [GC (Allocation Failure) [PSYoungGen: 338244K->46938K(465920K)] 1476196K->1185204K(1639936K), 0.0100318 secs] [Times: user=0.02 sys=0.00, real=0.01 secs] 
2235.829: [GC (Allocation Failure) [PSYoungGen: 279898K->186261K(465920K)] 1418164K->1325909K(1639936K), 0.0213292 secs] [Times: user=0.03 sys=0.00, real=0.02 secs] 
2236.114: [GC (Allocation Failure) [PSYoungGen: 419221K->184879K(465920K)] 1558869K->1324680K(1639936K), 0.0211291 secs] [Times: user=0.04 sys=0.00, real=0.03 secs] 
2236.840: [GC (Allocation Failure) [PSYoungGen: 417839K->64272K(465920K)] 1557640K->1204466K(1639936K), 0.0103413 secs] [Times: user=0.02 sys=0.00, real=0.01 secs] 
2238.021: [GC (Allocation Failure) [PSYoungGen: 297232K->71421K(465920K)] 1437426K->1211797K(1639936K), 0.0097206 secs] [Times: user=0.02 sys=0.00, real=0.01 secs] 
2238.298: [GC (Allocation Failure) [PSYoungGen: 304381K->186389K(465920K)] 1444757K->1328011K(1639936K), 0.0212441 secs] [Times: user=0.04 sys=0.00, real=0.02 secs] 
2238.644: [GC (Allocation Failure) [PSYoungGen: 419349K->184815K(465920K)] 1560971K->1326709K(1639936K), 0.0210462 secs] [Times: user=0.03 sys=0.00, real=0.02 secs] 
2241.667: [GC (Allocation Failure) [PSYoungGen: 417775K->39708K(465920K)] 1559669K->1181867K(1639936K), 0.0110666 secs] [Times: user=0.03 sys=0.00, real=0.01 secs] 
2242.359: [GC (Allocation Failure) [PSYoungGen: 272668K->95905K(465920K)] 1414827K->1238388K(1639936K), 0.0119206 secs] [Times: user=0.02 sys=0.00, real=0.01 secs] 
2242.693: [GC (Allocation Failure) [PSYoungGen: 328865K->183948K(465920K)] 1471348K->1327677K(1639936K), 0.0210753 secs] [Times: user=0.03 sys=0.00, real=0.02 secs] 
2242.984: [GC (Allocation Failure) [PSYoungGen: 416908K->184462K(465920K)] 1560637K->1328464K(1639936K), 0.0212658 secs] [Times: user=0.03 sys=0.00, real=0.03 secs] 
2243.901: [GC (Allocation Failure) [PSYoungGen: 417422K->18084K(465920K)] 1561424K->1162351K(1639936K), 0.0053941 secs] [Times: user=0.02 sys=0.00, real=0.01 secs] 
2244.460: [GC (Allocation Failure) [PSYoungGen: 251044K->118168K(465920K)] 1395311K->1262743K(1639936K), 0.0142038 secs] [Times: user=0.02 sys=0.00, real=0.01 secs] 
2244.738: [GC (Allocation Failure) [PSYoungGen: 351128K->184173K(465920K)] 1495703K->1330137K(1639936K), 0.0287054 secs] [Times: user=0.03 sys=0.05, real=0.03 secs] 
2245.295: [GC (Allocation Failure) [PSYoungGen: 417133K->180454K(465920K)] 1563097K->1326564K(1639936K), 0.0274358 secs] [Times: user=0.04 sys=0.00, real=0.02 secs] 
2247.434: [GC (Allocation Failure) [PSYoungGen: 413414K->64K(465920K)] 1559524K->1147609K(1639936K), 0.0042137 secs] [Times: user=0.02 sys=0.00, real=0.01 secs] 
2248.214: [GC (Allocation Failure) [PSYoungGen: 233024K->141948K(465920K)] 1380569K->1289525K(1639936K), 0.0166695 secs] [Times: user=0.03 sys=0.00, real=0.02 secs] 
2248.497: [GC (Allocation Failure) [PSYoungGen: 374908K->186132K(465920K)] 1522485K->1334963K(1639936K), 0.0212047 secs] [Times: user=0.03 sys=0.00, real=0.02 secs] 
2248.974: [GC (Allocation Failure) [PSYoungGen: 419092K->162429K(465920K)] 1567923K->1311533K(1639936K), 0.0223161 secs] [Times: user=0.03 sys=0.00, real=0.03 secs] 
2249.927: [GC (Allocation Failure) [PSYoungGen: 395389K->64K(465920K)] 1544493K->1150613K(1639936K), 0.0031777 secs] [Times: user=0.02 sys=0.00, real=0.00 secs] 
2250.276: [GC (Allocation Failure) [PSYoungGen: 233024K->167878K(465920K)] 1383573K->1318443K(1639936K), 0.0191770 secs] [Times: user=0.03 sys=0.00, real=0.02 secs] 
2250.619: [GC (Allocation Failure) [PSYoungGen: 400838K->184590K(465920K)] 1551403K->1336409K(1639936K), 0.0210491 secs] [Times: user=0.03 sys=0.00, real=0.02 secs] 
2251.307: [GC (Allocation Failure) [PSYoungGen: 414139K->137962K(465920K)] 1565958K->1290054K(1639936K), 0.0237920 secs] [Times: user=0.04 sys=0.00, real=0.02 secs] 
2253.075: [GC (Allocation Failure) [PSYoungGen: 370922K->1441K(465920K)] 1523014K->1153838K(1639936K), 0.0038789 secs] [Times: user=0.01 sys=0.00, real=0.01 secs] 
2253.377: [GC (Allocation Failure) [PSYoungGen: 234401K->184655K(465920K)] 1386798K->1338306K(1639936K), 0.0227499 secs] [Times: user=0.03 sys=0.00, real=0.02 secs] 
2253.667: [GC (Allocation Failure) [PSYoungGen: 417615K->186454K(465920K)] 1571266K->1340379K(1639936K), 0.0210569 secs] [Times: user=0.03 sys=0.00, real=0.02 secs] 
2254.461: [GC (Allocation Failure) [PSYoungGen: 419414K->126136K(465920K)] 1573339K->1280326K(1639936K), 0.0206487 secs] [Times: user=0.04 sys=0.01, real=0.02 secs] 
2255.738: [GC (Allocation Failure) [PSYoungGen: 359096K->27659K(465920K)] 1513286K->1182171K(1639936K), 0.0066322 secs] [Times: user=0.02 sys=0.00, real=0.00 secs] 
2256.104: [GC (Allocation Failure) [PSYoungGen: 260619K->185843K(465920K)] 1415131K->1341608K(1639936K), 0.0210010 secs] [Times: user=0.03 sys=0.00, real=0.02 secs] 
2256.452: [GC (Allocation Failure) [PSYoungGen: 418803K->185843K(465920K)] 1574568K->1341889K(1639936K), 0.0211765 secs] [Times: user=0.03 sys=0.00, real=0.02 secs] 
2257.218: [GC (Allocation Failure) [PSYoungGen: 418803K->82923K(465920K)] 1574849K->1239234K(1639936K), 0.0131452 secs] [Times: user=0.03 sys=0.01, real=0.01 secs] 
2258.026: [GC (Allocation Failure) [PSYoungGen: 315883K->53300K(465920K)] 1472194K->1209924K(1639936K), 0.0075693 secs] [Times: user=0.01 sys=0.00, real=0.00 secs] 
2258.354: [GC (Allocation Failure) [PSYoungGen: 286260K->186261K(465920K)] 1442884K->1344131K(1639936K), 0.0214684 secs] [Times: user=0.04 sys=0.00, real=0.03 secs] 
2258.701: [GC (Allocation Failure) [PSYoungGen: 419221K->184623K(465920K)] 1577091K->1342758K(1639936K), 0.0211740 secs] [Times: user=0.03 sys=0.00, real=0.02 secs] 
2260.795: [GC (Allocation Failure) [PSYoungGen: 417583K->58102K(465920K)] 1575718K->1216503K(1639936K), 0.0182358 secs] [Times: user=0.04 sys=0.00, real=0.01 secs] 
2262.427: [GC (Allocation Failure) [PSYoungGen: 291062K->77333K(465920K)] 1449463K->1236050K(1639936K), 0.0101483 secs] [Times: user=0.02 sys=0.00, real=0.01 secs] 
2262.759: [GC (Allocation Failure) [PSYoungGen: 310293K->184141K(465920K)] 1469010K->1344110K(1639936K), 0.0215071 secs] [Times: user=0.03 sys=0.00, real=0.02 secs] 
2263.103: [GC (Allocation Failure) [PSYoungGen: 417101K->183787K(465920K)] 1577070K->1344030K(1639936K), 0.0211795 secs] [Times: user=0.03 sys=0.00, real=0.02 secs] 
2264.248: [GC (Allocation Failure) [PSYoungGen: 416747K->37025K(465920K)] 1576990K->1197532K(1639936K), 0.0078796 secs] [Times: user=0.02 sys=0.01, real=0.01 secs] 
2264.890: [GC (Allocation Failure) [PSYoungGen: 269985K->99311K(465920K)] 1430492K->1260132K(1639936K), 0.0124329 secs] [Times: user=0.02 sys=0.00, real=0.01 secs] 
2265.166: [GC (Allocation Failure) [PSYoungGen: 332271K->184237K(465920K)] 1493092K->1346312K(1639936K), 0.0210771 secs] [Times: user=0.03 sys=0.00, real=0.02 secs] 
2265.451: [GC (Allocation Failure) [PSYoungGen: 417197K->184398K(465920K)] 1579272K->1346874K(1639936K), 0.0210960 secs] [Times: user=0.03 sys=0.00, real=0.02 secs] 
2266.361: [GC (Allocation Failure) [PSYoungGen: 417358K->14452K(465920K)] 1579834K->1177066K(1639936K), 0.0044746 secs] [Times: user=0.01 sys=0.00, real=0.01 secs] 
2266.913: [GC (Allocation Failure) [PSYoungGen: 247412K->122124K(465920K)] 1410026K->1285037K(1639936K), 0.0148249 secs] [Times: user=0.03 sys=0.00, real=0.02 secs] 
2267.192: [GC (Allocation Failure) [PSYoungGen: 355084K->184205K(465920K)] 1517997K->1348363K(1639936K), 0.0208838 secs] [Times: user=0.03 sys=0.00, real=0.02 secs] 
2267.572: [GC (Allocation Failure) [PSYoungGen: 417165K->178022K(465920K)] 1581323K->1342446K(1639936K), 0.0233492 secs] [Times: user=0.03 sys=0.00, real=0.03 secs] 
2268.701: [GC (Allocation Failure) [PSYoungGen: 410982K->64K(465920K)] 1575406K->1165937K(1639936K), 0.0036205 secs] [Times: user=0.02 sys=0.00, real=0.00 secs] 
2269.389: [GC (Allocation Failure) [PSYoungGen: 233024K->146155K(465920K)] 1398897K->1312044K(1639936K), 0.0168968 secs] [Times: user=0.02 sys=0.00, real=0.02 secs] 
2269.670: [GC (Allocation Failure) [PSYoungGen: 379115K->184719K(465920K)] 1545004K->1351862K(1639936K), 0.0210254 secs] [Times: user=0.03 sys=0.00, real=0.02 secs] 
2270.330: [GC (Allocation Failure) [PSYoungGen: 417679K->159522K(465920K)] 1584822K->1326938K(1639936K), 0.0207962 secs] [Times: user=0.04 sys=0.00, real=0.02 secs] 
2271.973: [GC (Allocation Failure) [PSYoungGen: 392482K->96K(465920K)] 1559898K->1168943K(1639936K), 0.0034391 secs] [Times: user=0.01 sys=0.01, real=0.01 secs] 
2272.400: [GC (Allocation Failure) [PSYoungGen: 233056K->168295K(465920K)] 1401903K->1337183K(1639936K), 0.0192193 secs] [Times: user=0.03 sys=0.00, real=0.02 secs] 
2272.684: [GC (Allocation Failure) [PSYoungGen: 401255K->184365K(465920K)] 1570143K->1354506K(1639936K), 0.0210495 secs] [Times: user=0.03 sys=0.00, real=0.03 secs] 
2273.463: [GC (Allocation Failure) [PSYoungGen: 413608K->137817K(465920K)] 1583749K->1308232K(1639936K), 0.0192894 secs] [Times: user=0.04 sys=0.00, real=0.02 secs] 
2274.754: [GC (Allocation Failure) [PSYoungGen: 370777K->1698K(465920K)] 1541192K->1172418K(1639936K), 0.0077217 secs] [Times: user=0.04 sys=0.00, real=0.01 secs] 
2275.164: [GC (Allocation Failure) [PSYoungGen: 234658K->184590K(465920K)] 1405378K->1356684K(1639936K), 0.0209617 secs] [Times: user=0.03 sys=0.00, real=0.03 secs] 
2275.185: [Full GC (Ergonomics) [PSYoungGen: 184590K->0K(465920K)] [ParOldGen: 1172094K->562592K(1197568K)] 1356684K->562592K(1663488K), [Metaspace: 56286K->56162K(1101824K)], 0.0623096 secs] [Times: user=0.25 sys=0.00, real=0.06 secs] 
2275.511: [GC (Allocation Failure) [PSYoungGen: 232960K->184655K(465920K)] 795552K->747247K(1663488K), 0.0204969 secs] [Times: user=0.03 sys=0.00, real=0.02 secs] 
2276.428: [GC (Allocation Failure) [PSYoungGen: 417615K->127807K(465920K)] 980207K->690696K(1663488K), 0.0201756 secs] [Times: user=0.03 sys=0.00, real=0.02 secs] 
2277.578: [GC (Allocation Failure) [PSYoungGen: 360767K->12012K(465920K)] 923656K->575199K(1663488K), 0.0033764 secs] [Times: user=0.01 sys=0.00, real=0.00 secs] 
2277.866: [GC (Allocation Failure) [PSYoungGen: 244972K->186389K(465920K)] 808159K->750822K(1663488K), 0.0202950 secs] [Times: user=0.03 sys=0.00, real=0.02 secs] 
2278.206: [GC (Allocation Failure) [PSYoungGen: 419349K->184847K(465920K)] 983782K->749561K(1663488K), 0.0204630 secs] [Times: user=0.03 sys=0.00, real=0.02 secs] 
2279.746: [GC (Allocation Failure) [PSYoungGen: 417807K->115549K(465920K)] 982521K->680528K(1663488K), 0.0321968 secs] [Times: user=0.06 sys=0.00, real=0.03 secs] 
2281.446: [GC (Allocation Failure) [PSYoungGen: 348509K->23804K(465920K)] 913488K->589096K(1663488K), 0.0044800 secs] [Times: user=0.01 sys=0.01, real=0.00 secs] 
2281.724: [GC (Allocation Failure) [PSYoungGen: 256764K->186325K(465920K)] 822056K->752863K(1663488K), 0.0207453 secs] [Times: user=0.02 sys=0.00, real=0.02 secs] 
2282.013: [GC (Allocation Failure) [PSYoungGen: 419285K->185908K(465920K)] 985823K->752727K(1663488K), 0.0204040 secs] [Times: user=0.02 sys=0.00, real=0.02 secs] 
2283.837: [GC (Allocation Failure) [PSYoungGen: 418868K->102697K(465920K)] 985687K->669781K(1663488K), 0.0233282 secs] [Times: user=0.04 sys=0.00, real=0.02 secs] 
2285.737: [GC (Allocation Failure) [PSYoungGen: 335657K->36942K(465920K)] 902741K->604324K(1663488K), 0.0066805 secs] [Times: user=0.01 sys=0.00, real=0.00 secs] 
2286.041: [GC (Allocation Failure) [PSYoungGen: 269902K->186132K(465920K)] 837284K->754896K(1663488K), 0.0201922 secs] [Times: user=0.03 sys=0.00, real=0.02 secs] 
2286.328: [GC (Allocation Failure) [PSYoungGen: 419092K->186004K(465920K)] 987856K->754920K(1663488K), 0.0202041 secs] [Times: user=0.03 sys=0.00, real=0.02 secs] 
2287.835: [GC (Allocation Failure) [PSYoungGen: 403438K->89700K(465920K)] 972355K->658898K(1663488K), 0.0119348 secs] [Times: user=0.02 sys=0.00, real=0.01 secs] 
2288.709: [GC (Allocation Failure) [PSYoungGen: 322660K->38163K(465920K)] 891858K->607671K(1663488K), 0.0053058 secs] [Times: user=0.01 sys=0.00, real=0.00 secs] 
2288.980: [GC (Allocation Failure) [PSYoungGen: 271123K->184205K(465920K)] 840631K->754966K(1663488K), 0.0200511 secs] [Times: user=0.02 sys=0.00, real=0.02 secs] 
2289.264: [GC (Allocation Failure) [PSYoungGen: 417165K->184366K(465920K)] 987926K->755528K(1663488K), 0.0202524 secs] [Times: user=0.03 sys=0.00, real=0.02 secs] 
2289.903: [GC (Allocation Failure) [PSYoungGen: 407467K->91966K(465920K)] 978630K->663265K(1663488K), 0.0103742 secs] [Times: user=0.02 sys=0.00, real=0.01 secs] 
2290.742: [GC (Allocation Failure) [PSYoungGen: 324926K->37909K(465920K)] 896225K->609530K(1663488K), 0.0053513 secs] [Times: user=0.02 sys=0.00, real=0.01 secs] 
2291.070: [GC (Allocation Failure) [PSYoungGen: 270869K->183658K(465920K)] 842490K->756525K(1663488K), 0.0200709 secs] [Times: user=0.02 sys=0.00, real=0.02 secs] 
2291.353: [GC (Allocation Failure) [PSYoungGen: 416618K->184558K(465920K)] 989485K->757706K(1663488K), 0.0200821 secs] [Times: user=0.02 sys=0.00, real=0.02 secs] 
2292.374: [GC (Allocation Failure) [PSYoungGen: 409899K->92656K(465920K)] 983047K->666206K(1663488K), 0.0125888 secs] [Times: user=0.02 sys=0.00, real=0.02 secs] 
2293.921: [GC (Allocation Failure) [PSYoungGen: 325616K->37617K(465920K)] 899166K->611337K(1663488K), 0.0066293 secs] [Times: user=0.01 sys=0.00, real=0.01 secs] 
2294.214: [GC (Allocation Failure) [PSYoungGen: 270577K->184044K(465920K)] 844297K->759018K(1663488K), 0.0200095 secs] [Times: user=0.03 sys=0.00, real=0.02 secs] 
2294.504: [GC (Allocation Failure) [PSYoungGen: 417004K->184912K(465920K)] 991978K->760159K(1663488K), 0.0202869 secs] [Times: user=0.02 sys=0.00, real=0.02 secs] 
2295.204: [GC (Allocation Failure) [PSYoungGen: 410226K->92126K(465920K)] 985474K->667767K(1663488K), 0.0113549 secs] [Times: user=0.02 sys=0.00, real=0.02 secs] 
2296.180: [GC (Allocation Failure) [PSYoungGen: 325086K->37780K(465920K)] 900727K->613608K(1663488K), 0.0054217 secs] [Times: user=0.01 sys=0.00, real=0.01 secs] 
2296.507: [GC (Allocation Failure) [PSYoungGen: 270740K->184173K(465920K)] 846568K->761254K(1663488K), 0.0201084 secs] [Times: user=0.03 sys=0.00, real=0.02 secs] 
2296.790: [GC (Allocation Failure) [PSYoungGen: 417133K->183690K(465920K)] 994214K->761053K(1663488K), 0.0201397 secs] [Times: user=0.03 sys=0.00, real=0.02 secs] 
2298.137: [GC (Allocation Failure) [PSYoungGen: 408606K->93154K(465920K)] 985968K->670782K(1663488K), 0.0145789 secs] [Times: user=0.03 sys=0.00, real=0.01 secs] 
2299.094: [GC (Allocation Failure) [PSYoungGen: 326114K->37941K(465920K)] 903742K->615875K(1663488K), 0.0056765 secs] [Times: user=0.01 sys=0.00, real=0.01 secs] 
2299.430: [GC (Allocation Failure) [PSYoungGen: 270901K->184687K(465920K)] 848835K->763866K(1663488K), 0.0200760 secs] [Times: user=0.03 sys=0.00, real=0.02 secs] 
2299.714: [GC (Allocation Failure) [PSYoungGen: 417647K->184430K(465920K)] 996826K->763882K(1663488K), 0.0200075 secs] [Times: user=0.03 sys=0.00, real=0.02 secs] 
2302.526: [GC (Allocation Failure) [PSYoungGen: 406926K->91612K(465920K)] 986378K->671329K(1663488K), 0.0169722 secs] [Times: user=0.03 sys=0.00, real=0.01 secs] 
2303.793: [GC (Allocation Failure) [PSYoungGen: 324572K->37874K(465920K)] 904289K->617905K(1663488K), 0.0058214 secs] [Times: user=0.02 sys=0.00, real=0.01 secs] 
2304.126: [GC (Allocation Failure) [PSYoungGen: 270834K->184976K(465920K)] 850865K->766252K(1663488K), 0.0203074 secs] [Times: user=0.03 sys=0.00, real=0.02 secs] 
2304.477: [GC (Allocation Failure) [PSYoungGen: 417936K->183787K(465920K)] 999212K->765337K(1663488K), 0.0200126 secs] [Times: user=0.03 sys=0.00, real=0.02 secs] 
2305.704: [GC (Allocation Failure) [PSYoungGen: 409329K->92094K(465920K)] 990879K->673909K(1663488K), 0.0144864 secs] [Times: user=0.03 sys=0.00, real=0.02 secs] 
2306.806: [GC (Allocation Failure) [PSYoungGen: 325054K->37906K(465920K)] 906869K->620037K(1663488K), 0.0052946 secs] [Times: user=0.01 sys=0.00, real=0.00 secs] 
2307.135: [GC (Allocation Failure) [PSYoungGen: 270866K->184719K(465920K)] 852997K->768095K(1663488K), 0.0200872 secs] [Times: user=0.02 sys=0.00, real=0.02 secs] 
2307.476: [GC (Allocation Failure) [PSYoungGen: 417679K->184687K(465920K)] 1001055K->768344K(1663488K), 0.0201629 secs] [Times: user=0.02 sys=0.00, real=0.02 secs] 
2308.638: [GC (Allocation Failure) [PSYoungGen: 407225K->91452K(465920K)] 990883K->675374K(1663488K), 0.0165955 secs] [Times: user=0.04 sys=0.00, real=0.01 secs] 
2309.949: [GC (Allocation Failure) [PSYoungGen: 324412K->37938K(465920K)] 908334K->622174K(1663488K), 0.0054150 secs] [Times: user=0.01 sys=0.00, real=0.00 secs] 
2310.219: [GC (Allocation Failure) [PSYoungGen: 270898K->183819K(465920K)] 855134K->769309K(1663488K), 0.0201892 secs] [Times: user=0.03 sys=0.00, real=0.02 secs] 
2310.504: [GC (Allocation Failure) [PSYoungGen: 416779K->184623K(465920K)] 1002269K->770386K(1663488K), 0.0200594 secs] [Times: user=0.03 sys=0.00, real=0.02 secs] 
2312.003: [GC (Allocation Failure) [PSYoungGen: 410059K->92351K(465920K)] 995822K->678379K(1663488K), 0.0238023 secs] [Times: user=0.05 sys=0.00, real=0.03 secs] 
2313.635: [GC (Allocation Failure) [PSYoungGen: 325311K->37877K(465920K)] 911339K->624220K(1663488K), 0.0055424 secs] [Times: user=0.02 sys=0.00, real=0.00 secs] 
2313.905: [GC (Allocation Failure) [PSYoungGen: 270837K->184076K(465920K)] 857180K->771673K(1663488K), 0.0200551 secs] [Times: user=0.03 sys=0.00, real=0.02 secs] 
2314.191: [GC (Allocation Failure) [PSYoungGen: 417036K->184976K(465920K)] 1004633K->772854K(1663488K), 0.0203448 secs] [Times: user=0.03 sys=0.00, real=0.02 secs] 
2314.843: [GC (Allocation Failure) [PSYoungGen: 407688K->91869K(465920K)] 995567K->680013K(1663488K), 0.0120368 secs] [Times: user=0.03 sys=0.00, real=0.02 secs] 
2315.880: [GC (Allocation Failure) [PSYoungGen: 324829K->38099K(465920K)] 912973K->626420K(1663488K), 0.0068025 secs] [Times: user=0.01 sys=0.00, real=0.01 secs] 
2316.173: [GC (Allocation Failure) [PSYoungGen: 271059K->184590K(465920K)] 859380K->774293K(1663488K), 0.0202317 secs] [Times: user=0.03 sys=0.00, real=0.02 secs] 
2316.510: [GC (Allocation Failure) [PSYoungGen: 417550K->184655K(465920K)] 1007253K->774502K(1663488K), 0.0202307 secs] [Times: user=0.03 sys=0.00, real=0.02 secs] 
2317.455: [GC (Allocation Failure) [PSYoungGen: 407218K->91387K(465920K)] 997065K->681499K(1663488K), 0.0237784 secs] [Times: user=0.05 sys=0.00, real=0.02 secs] 
2319.321: [GC (Allocation Failure) [PSYoungGen: 324347K->37713K(465920K)] 914459K->628123K(1663488K), 0.0097332 secs] [Times: user=0.02 sys=0.00, real=0.01 secs] 
2319.734: [GC (Allocation Failure) [PSYoungGen: 270673K->183819K(465920K)] 861083K->775483K(1663488K), 0.0200904 secs] [Times: user=0.03 sys=0.00, real=0.02 secs] 
2320.024: [GC (Allocation Failure) [PSYoungGen: 416779K->184687K(465920K)] 1008443K->776631K(1663488K), 0.0202465 secs] [Times: user=0.03 sys=0.00, real=0.02 secs] 
2320.931: [GC (Allocation Failure) [PSYoungGen: 410079K->92464K(465920K)] 1002023K->684682K(1663488K), 0.0122785 secs] [Times: user=0.02 sys=0.00, real=0.01 secs] 
2321.831: [GC (Allocation Failure) [PSYoungGen: 325424K->38037K(465920K)] 917642K->630573K(1663488K), 0.0053195 secs] [Times: user=0.01 sys=0.00, real=0.01 secs] 
2322.101: [GC (Allocation Failure) [PSYoungGen: 270997K->184719K(465920K)] 863533K->778645K(1663488K), 0.0201216 secs] [Times: user=0.02 sys=0.00, real=0.02 secs] 
2322.385: [GC (Allocation Failure) [PSYoungGen: 417679K->184687K(465920K)] 1011605K->778757K(1663488K), 0.0202428 secs] [Times: user=0.02 sys=0.00, real=0.02 secs] 
2323.028: [GC (Allocation Failure) [PSYoungGen: 407228K->91323K(465920K)] 1001299K->685659K(1663488K), 0.0107234 secs] [Times: user=0.02 sys=0.00, real=0.01 secs] 
2323.957: [GC (Allocation Failure) [PSYoungGen: 324283K->37973K(465920K)] 918619K->632614K(1663488K), 0.0057554 secs] [Times: user=0.01 sys=0.00, real=0.00 secs] 
2324.291: [GC (Allocation Failure) [PSYoungGen: 270933K->183916K(465920K)] 865574K->779794K(1663488K), 0.0201647 secs] [Times: user=0.02 sys=0.00, real=0.02 secs] 
2324.575: [GC (Allocation Failure) [PSYoungGen: 416876K->184847K(465920K)] 1012754K->780999K(1663488K), 0.0202100 secs] [Times: user=0.03 sys=0.00, real=0.02 secs] 
2325.323: [GC (Allocation Failure) [PSYoungGen: 405535K->91966K(465920K)] 1001687K->688511K(1663488K), 0.0116174 secs] [Times: user=0.02 sys=0.00, real=0.02 secs] 
2326.808: [GC (Allocation Failure) [PSYoungGen: 324926K->37684K(465920K)] 921471K->634409K(1663488K), 0.0072754 secs] [Times: user=0.02 sys=0.00, real=0.01 secs] 
2327.116: [GC (Allocation Failure) [PSYoungGen: 270644K->184590K(465920K)] 867369K->782697K(1663488K), 0.0201598 secs] [Times: user=0.02 sys=0.00, real=0.02 secs] 
2327.408: [GC (Allocation Failure) [PSYoungGen: 417550K->184719K(465920K)] 1015657K->782970K(1663488K), 0.0202259 secs] [Times: user=0.03 sys=0.00, real=0.02 secs] 
2328.525: [GC (Allocation Failure) [PSYoungGen: 407539K->91709K(465920K)] 1005791K->690225K(1663488K), 0.0240668 secs] [Times: user=0.05 sys=0.00, real=0.02 secs] 
2331.013: [GC (Allocation Failure) [PSYoungGen: 324669K->37556K(465920K)] 923185K->636378K(1663488K), 0.0077722 secs] [Times: user=0.02 sys=0.00, real=0.01 secs] 
2331.393: [GC (Allocation Failure) [PSYoungGen: 270516K->183787K(465920K)] 869338K->783855K(1663488K), 0.0201361 secs] [Times: user=0.03 sys=0.00, real=0.02 secs] 
2331.676: [GC (Allocation Failure) [PSYoungGen: 416747K->184462K(465920K)] 1016815K->784802K(1663488K), 0.0202719 secs] [Times: user=0.03 sys=0.00, real=0.02 secs] 
2333.445: [GC (Allocation Failure) [PSYoungGen: 409627K->92865K(465920K)] 1009968K->693608K(1663488K), 0.0192099 secs] [Times: user=0.04 sys=0.00, real=0.01 secs] 
2334.971: [GC (Allocation Failure) [PSYoungGen: 325825K->37684K(465920K)] 926568K->638596K(1663488K), 0.0069410 secs] [Times: user=0.02 sys=0.00, real=0.01 secs] 
2335.345: [GC (Allocation Failure) [PSYoungGen: 270644K->183916K(465920K)] 871556K->786073K(1663488K), 0.0202536 secs] [Times: user=0.02 sys=0.00, real=0.02 secs] 
2335.694: [GC (Allocation Failure) [PSYoungGen: 416876K->184558K(465920K)] 1019033K->786996K(1663488K), 0.0203012 secs] [Times: user=0.03 sys=0.00, real=0.02 secs] 
2338.199: [GC (Allocation Failure) [PSYoungGen: 409735K->92512K(465920K)] 1012173K->695215K(1663488K), 0.0231895 secs] [Times: user=0.04 sys=0.00, real=0.02 secs] 
2340.064: [GC (Allocation Failure) [PSYoungGen: 325472K->37813K(465920K)] 928175K->640814K(1663488K), 0.0067198 secs] [Times: user=0.02 sys=0.00, real=0.01 secs] 
2340.436: [GC (Allocation Failure) [PSYoungGen: 270773K->184719K(465920K)] 873774K->788965K(1663488K), 0.0202138 secs] [Times: user=0.02 sys=0.00, real=0.02 secs] 
2340.726: [GC (Allocation Failure) [PSYoungGen: 417679K->184719K(465920K)] 1021925K->789238K(1663488K), 0.0201598 secs] [Times: user=0.03 sys=0.00, real=0.02 secs] 
2341.473: [GC (Allocation Failure) [PSYoungGen: 407312K->91484K(465920K)] 1011832K->696268K(1663488K), 0.0123022 secs] [Times: user=0.02 sys=0.00, real=0.02 secs] 
2343.026: [GC (Allocation Failure) [PSYoungGen: 324444K->37617K(465920K)] 929228K->642717K(1663488K), 0.0054163 secs] [Times: user=0.02 sys=0.00, real=0.00 secs] 
2343.296: [GC (Allocation Failure) [PSYoungGen: 270577K->184687K(465920K)] 875677K->791041K(1663488K), 0.0201540 secs] [Times: user=0.02 sys=0.00, real=0.02 secs] 
2343.637: [GC (Allocation Failure) [PSYoungGen: 417647K->184655K(465920K)] 1024001K->791282K(1663488K), 0.0207504 secs] [Times: user=0.02 sys=0.00, real=0.02 secs] 
2344.301: [GC (Allocation Failure) [PSYoungGen: 407457K->91725K(465920K)] 1014085K->698633K(1663488K), 0.0110052 secs] [Times: user=0.02 sys=0.01, real=0.01 secs] 
2345.191: [GC (Allocation Failure) [PSYoungGen: 324685K->38259K(465920K)] 931593K->645459K(1663488K), 0.0061177 secs] [Times: user=0.02 sys=0.00, real=0.01 secs] 
2345.468: [GC (Allocation Failure) [PSYoungGen: 271219K->184719K(465920K)] 878419K->793301K(1663488K), 0.0201977 secs] [Times: user=0.03 sys=0.00, real=0.02 secs] 
2345.752: [GC (Allocation Failure) [PSYoungGen: 417679K->184687K(465920K)] 1026261K->793413K(1663488K), 0.0202473 secs] [Times: user=0.03 sys=0.00, real=0.02 secs] 
2347.206: [GC (Allocation Failure) [PSYoungGen: 406984K->91098K(465920K)] 1015711K->700089K(1663488K), 0.0231868 secs] [Times: user=0.05 sys=0.00, real=0.02 secs] 
2349.178: [GC (Allocation Failure) [PSYoungGen: 324058K->37556K(465920K)] 933049K->646853K(1663488K), 0.0073359 secs] [Times: user=0.02 sys=0.00, real=0.01 secs] 
2349.571: [GC (Allocation Failure) [PSYoungGen: 270516K->183787K(465920K)] 879813K->794338K(1663488K), 0.0201253 secs] [Times: user=0.03 sys=0.00, real=0.02 secs] 
2349.854: [GC (Allocation Failure) [PSYoungGen: 416747K->184687K(465920K)] 1027298K->795519K(1663488K), 0.0203030 secs] [Times: user=0.02 sys=0.00, real=0.02 secs] 
2350.530: [GC (Allocation Failure) [PSYoungGen: 410216K->92640K(465920K)] 1021048K->703737K(1663488K), 0.0124365 secs] [Times: user=0.03 sys=0.00, real=0.01 secs] 
2351.443: [GC (Allocation Failure) [PSYoungGen: 325600K->37970K(465920K)] 936697K->649365K(1663488K), 0.0062285 secs] [Times: user=0.01 sys=0.00, real=0.01 secs] 
2351.791: [GC (Allocation Failure) [PSYoungGen: 270930K->184654K(465920K)] 882325K->797302K(1663488K), 0.0203245 secs] [Times: user=0.02 sys=0.00, real=0.02 secs] 
2352.133: [GC (Allocation Failure) [PSYoungGen: 417614K->184494K(465920K)] 1030262K->797439K(1663488K), 0.0202779 secs] [Times: user=0.03 sys=0.00, real=0.02 secs] 
2354.561: [GC (Allocation Failure) [PSYoungGen: 406871K->91709K(465920K)] 1019817K->705047K(1663488K), 0.0250190 secs] [Times: user=0.05 sys=0.00, real=0.03 secs] 
2356.502: [GC (Allocation Failure) [PSYoungGen: 324669K->37813K(465920K)] 938007K->651331K(1663488K), 0.0060767 secs] [Times: user=0.01 sys=0.00, real=0.01 secs] 
2356.781: [GC (Allocation Failure) [PSYoungGen: 270773K->184719K(465920K)] 884291K->799611K(1663488K), 0.0201191 secs] [Times: user=0.02 sys=0.00, real=0.02 secs] 
2357.125: [GC (Allocation Failure) [PSYoungGen: 417679K->184623K(465920K)] 1032571K->799659K(1663488K), 0.0203098 secs] [Times: user=0.03 sys=0.00, real=0.03 secs] 
2357.733: [GC (Allocation Failure) [PSYoungGen: 407169K->91452K(465920K)] 1022205K->706753K(1663488K), 0.0112160 secs] [Times: user=0.02 sys=0.00, real=0.01 secs] 
2358.535: [GC (Allocation Failure) [PSYoungGen: 324412K->38002K(465920K)] 939713K->653610K(1663488K), 0.0062943 secs] [Times: user=0.02 sys=0.00, real=0.00 secs] 
2358.877: [GC (Allocation Failure) [PSYoungGen: 270962K->183980K(465920K)] 886570K->800833K(1663488K), 0.0204630 secs] [Times: user=0.03 sys=0.00, real=0.02 secs] 
2359.166: [GC (Allocation Failure) [PSYoungGen: 416940K->184430K(465920K)] 1033793K->801692K(1663488K), 0.0202941 secs] [Times: user=0.03 sys=0.00, real=0.02 secs] 
2360.246: [GC (Allocation Failure) [PSYoungGen: 409648K->92351K(465920K)] 1026911K->709750K(1663488K), 0.0144305 secs] [Times: user=0.02 sys=0.00, real=0.01 secs] 
2361.837: [GC (Allocation Failure) [PSYoungGen: 325311K->37363K(465920K)] 942710K->655075K(1663488K), 0.0062081 secs] [Times: user=0.01 sys=0.00, real=0.00 secs] 
2362.123: [GC (Allocation Failure) [PSYoungGen: 270323K->184719K(465920K)] 888035K->803693K(1663488K), 0.0201350 secs] [Times: user=0.03 sys=0.00, real=0.02 secs] 
2362.407: [GC (Allocation Failure) [PSYoungGen: 417679K->184687K(465920K)] 1036653K->804063K(1663488K), 0.0201851 secs] [Times: user=0.03 sys=0.00, real=0.02 secs] 
2364.853: [GC (Allocation Failure) [PSYoungGen: 409693K->91998K(465920K)] 1029069K->711639K(1663488K), 0.0191072 secs] [Times: user=0.04 sys=0.00, real=0.02 secs] 
2366.723: [GC (Allocation Failure) [PSYoungGen: 324958K->37813K(465920K)] 944599K->657639K(1663488K), 0.0075417 secs] [Times: user=0.02 sys=0.00, real=0.01 secs] 
2367.041: [GC (Allocation Failure) [PSYoungGen: 270773K->184687K(465920K)] 890599K->805767K(1663488K), 0.0202758 secs] [Times: user=0.02 sys=0.00, real=0.02 secs] 
2367.395: [GC (Allocation Failure) [PSYoungGen: 417647K->184687K(465920K)] 1038727K->806040K(1663488K), 0.0203159 secs] [Times: user=0.02 sys=0.00, real=0.02 secs] 
2369.923: [GC (Allocation Failure) [PSYoungGen: 407241K->91484K(465920K)] 1028594K->713102K(1663488K), 0.0186913 secs] [Times: user=0.04 sys=0.00, real=0.02 secs] 
2370.813: [GC (Allocation Failure) [PSYoungGen: 324444K->38002K(465920K)] 946062K->659936K(1663488K), 0.0053710 secs] [Times: user=0.01 sys=0.00, real=0.01 secs] 
2371.084: [GC (Allocation Failure) [PSYoungGen: 270962K->184976K(465920K)] 892896K->808163K(1663488K), 0.0203231 secs] [Times: user=0.02 sys=0.00, real=0.02 secs] 
2371.368: [GC (Allocation Failure) [PSYoungGen: 417936K->183626K(465920K)] 1041123K->807087K(1663488K), 0.0201704 secs] [Times: user=0.02 sys=0.00, real=0.02 secs] 
2372.413: [GC (Allocation Failure) [PSYoungGen: 409151K->92110K(465920K)] 1032612K->715844K(1663488K), 0.0120189 secs] [Times: user=0.02 sys=0.00, real=0.02 secs] 
2373.433: [GC (Allocation Failure) [PSYoungGen: 325070K->37813K(465920K)] 948804K->661860K(1663488K), 0.0061298 secs] [Times: user=0.01 sys=0.00, real=0.01 secs] 
2373.710: [GC (Allocation Failure) [PSYoungGen: 270773K->184333K(465920K)] 894820K->809634K(1663488K), 0.0202007 secs] [Times: user=0.03 sys=0.00, real=0.02 secs] 
2373.999: [GC (Allocation Failure) [PSYoungGen: 417293K->184494K(465920K)] 1042594K->810189K(1663488K), 0.0204151 secs] [Times: user=0.02 sys=0.00, real=0.02 secs] 
2375.073: [GC (Allocation Failure) [PSYoungGen: 407484K->91998K(465920K)] 1033178K->717829K(1663488K), 0.0130239 secs] [Times: user=0.02 sys=0.00, real=0.02 secs] 
2375.952: [GC (Allocation Failure) [PSYoungGen: 324958K->38034K(465920K)] 950789K->664171K(1663488K), 0.0054812 secs] [Times: user=0.01 sys=0.00, real=0.01 secs] 
2376.222: [GC (Allocation Failure) [PSYoungGen: 270994K->184976K(465920K)] 897131K->812366K(1663488K), 0.0202835 secs] [Times: user=0.03 sys=0.00, real=0.02 secs] 
2376.507: [GC (Allocation Failure) [PSYoungGen: 417936K->184205K(465920K)] 1045326K->812005K(1663488K), 0.0202181 secs] [Times: user=0.03 sys=0.00, real=0.02 secs] 
2377.523: [GC (Allocation Failure) [PSYoungGen: 407005K->91612K(465920K)] 1034805K->719549K(1663488K), 0.0114651 secs] [Times: user=0.02 sys=0.00, real=0.01 secs] 
2378.432: [GC (Allocation Failure) [PSYoungGen: 324572K->37877K(465920K)] 952509K->666127K(1663488K), 0.0054351 secs] [Times: user=0.01 sys=0.00, real=0.01 secs] 
2378.702: [GC (Allocation Failure) [PSYoungGen: 270837K->184430K(465920K)] 899087K->813934K(1663488K), 0.0204871 secs] [Times: user=0.03 sys=0.00, real=0.02 secs] 
2378.989: [GC (Allocation Failure) [PSYoungGen: 417390K->184494K(465920K)] 1046894K->814271K(1663488K), 0.0202796 secs] [Times: user=0.03 sys=0.00, real=0.02 secs] 
2380.114: [GC (Allocation Failure) [PSYoungGen: 407037K->91837K(465920K)] 1036814K->721879K(1663488K), 0.0170670 secs] [Times: user=0.03 sys=0.00, real=0.02 secs] 
2382.213: [GC (Allocation Failure) [PSYoungGen: 324797K->37202K(465920K)] 954839K->667558K(1663488K), 0.0068684 secs] [Times: user=0.01 sys=0.00, real=0.01 secs] 
2382.508: [GC (Allocation Failure) [PSYoungGen: 270162K->184719K(465920K)] 900518K->816328K(1663488K), 0.0202718 secs] [Times: user=0.03 sys=0.00, real=0.02 secs] 
2382.792: [GC (Allocation Failure) [PSYoungGen: 417679K->183690K(465920K)] 1049288K->815581K(1663488K), 0.0200273 secs] [Times: user=0.02 sys=0.00, real=0.02 secs] 
2384.052: [GC (Allocation Failure) [PSYoungGen: 409286K->93122K(465920K)] 1041177K->725278K(1663488K), 0.0193393 secs] [Times: user=0.04 sys=0.00, real=0.02 secs] 
2386.354: [GC (Allocation Failure) [PSYoungGen: 326082K->37813K(465920K)] 958238K->670266K(1663488K), 0.0071769 secs] [Times: user=0.01 sys=0.00, real=0.01 secs] 
2386.657: [GC (Allocation Failure) [PSYoungGen: 270773K->184622K(465920K)] 903226K->818329K(1663488K), 0.0203839 secs] [Times: user=0.03 sys=0.00, real=0.02 secs] 
2387.011: [GC (Allocation Failure) [PSYoungGen: 417582K->184623K(465920K)] 1051289K->818603K(1663488K), 0.0204817 secs] [Times: user=0.02 sys=0.00, real=0.02 secs] 
2387.674: [GC (Allocation Failure) [PSYoungGen: 407328K->91612K(465920K)] 1041308K->725985K(1663488K), 0.0112873 secs] [Times: user=0.02 sys=0.00, real=0.02 secs] 
2388.549: [GC (Allocation Failure) [PSYoungGen: 324572K->38034K(465920K)] 958945K->672595K(1663488K), 0.0053421 secs] [Times: user=0.01 sys=0.00, real=0.00 secs] 
2388.877: [GC (GCLocker Initiated GC) [PSYoungGen: 270994K->184558K(465920K)] 905555K->820373K(1663488K), 0.0206409 secs] [Times: user=0.03 sys=0.00, real=0.02 secs] 
2389.220: [GC (Allocation Failure) [PSYoungGen: 417518K->184398K(465920K)] 1054458K->821610K(1663488K), 0.0203833 secs] [Times: user=0.03 sys=0.00, real=0.02 secs] 
2390.102: [GC (Allocation Failure) [PSYoungGen: 406631K->90873K(465920K)] 1043843K->728110K(1663488K), 0.0117174 secs] [Times: user=0.02 sys=0.00, real=0.01 secs] 
2391.659: [GC (Allocation Failure) [PSYoungGen: 323833K->37748K(465920K)] 961070K->675325K(1663488K), 0.0066298 secs] [Times: user=0.01 sys=0.00, real=0.01 secs] 
2391.952: [GC (Allocation Failure) [PSYoungGen: 270708K->184655K(465920K)] 908285K->823485K(1663488K), 0.0200950 secs] [Times: user=0.03 sys=0.00, real=0.02 secs] 
2392.237: [GC (Allocation Failure) [PSYoungGen: 417615K->184687K(465920K)] 1056445K->823790K(1663488K), 0.0210881 secs] [Times: user=0.03 sys=0.00, real=0.02 secs] 
2392.890: [GC (Allocation Failure) [PSYoungGen: 407238K->91644K(465920K)] 1046341K->731012K(1663488K), 0.0117650 secs] [Times: user=0.02 sys=0.00, real=0.01 secs] 
2393.898: [GC (Allocation Failure) [PSYoungGen: 324604K->37877K(465920K)] 963972K->677577K(1663488K), 0.0054440 secs] [Times: user=0.01 sys=0.00, real=0.00 secs] 
2394.167: [GC (Allocation Failure) [PSYoungGen: 270837K->183787K(465920K)] 910537K->824733K(1663488K), 0.0201806 secs] [Times: user=0.02 sys=0.00, real=0.02 secs] 
2394.454: [GC (Allocation Failure) [PSYoungGen: 416747K->184687K(465920K)] 1057693K->825913K(1663488K), 0.0201212 secs] [Times: user=0.03 sys=0.00, real=0.02 secs] 
2396.298: [GC (Allocation Failure) [PSYoungGen: 410100K->92351K(465920K)] 1051326K->733843K(1663488K), 0.0187320 secs] [Times: user=0.04 sys=0.00, real=0.02 secs] 
2397.286: [GC (Allocation Failure) [PSYoungGen: 325311K->37973K(465920K)] 966803K->679771K(1663488K), 0.0054165 secs] [Times: user=0.01 sys=0.00, real=0.00 secs] 
2397.557: [GC (Allocation Failure) [PSYoungGen: 270933K->184333K(465920K)] 912731K->827376K(1663488K), 0.0203427 secs] [Times: user=0.03 sys=0.00, real=0.02 secs] 
2397.905: [GC (Allocation Failure) [PSYoungGen: 417293K->184783K(465920K)] 1060336K->828099K(1663488K), 0.0204508 secs] [Times: user=0.03 sys=0.00, real=0.02 secs] 
2398.914: [GC (Allocation Failure) [PSYoungGen: 407930K->91612K(465920K)] 1051246K->735322K(1663488K), 0.0132852 secs] [Times: user=0.03 sys=0.00, real=0.02 secs] 
2400.385: [GC (Allocation Failure) [PSYoungGen: 324572K->37585K(465920K)] 968282K->681480K(1663488K), 0.0063934 secs] [Times: user=0.01 sys=0.00, real=0.01 secs] 
2400.742: [GC (Allocation Failure) [PSYoungGen: 270545K->184558K(465920K)] 914440K->829699K(1663488K), 0.0202564 secs] [Times: user=0.03 sys=0.00, real=0.02 secs] 
2401.026: [GC (Allocation Failure) [PSYoungGen: 417518K->184655K(465920K)] 1062659K->830060K(1663488K), 0.0203569 secs] [Times: user=0.03 sys=0.00, real=0.02 secs] 
2402.032: [GC (Allocation Failure) [PSYoungGen: 409696K->91917K(465920K)] 1055102K->737724K(1663488K), 0.0123174 secs] [Times: user=0.02 sys=0.00, real=0.01 secs] 
2403.425: [GC (Allocation Failure) [PSYoungGen: 324877K->37713K(465920K)] 970684K->683707K(1663488K), 0.0061272 secs] [Times: user=0.01 sys=0.00, real=0.01 secs] 
2403.702: [GC (Allocation Failure) [PSYoungGen: 270673K->184815K(465920K)] 916667K->832055K(1663488K), 0.0203142 secs] [Times: user=0.03 sys=0.00, real=0.02 secs] 
2403.990: [GC (Allocation Failure) [PSYoungGen: 417775K->184687K(465920K)] 1065015K->832200K(1663488K), 0.0203173 secs] [Times: user=0.02 sys=0.00, real=0.02 secs] 
2404.641: [GC (Allocation Failure) [PSYoungGen: 407148K->91452K(465920K)] 1054661K->739229K(1663488K), 0.0107212 secs] [Times: user=0.02 sys=0.00, real=0.01 secs] 
2405.684: [GC (Allocation Failure) [PSYoungGen: 324412K->37941K(465920K)] 972189K->686035K(1663488K), 0.0066484 secs] [Times: user=0.01 sys=0.00, real=0.01 secs] 
2405.968: [GC (Allocation Failure) [PSYoungGen: 270901K->184462K(465920K)] 918995K->833809K(1663488K), 0.0202689 secs] [Times: user=0.02 sys=0.00, real=0.02 secs] 
2406.306: [GC (Allocation Failure) [PSYoungGen: 417422K->184526K(465920K)] 1066769K->834146K(1663488K), 0.0202359 secs] [Times: user=0.03 sys=0.00, real=0.02 secs] 
2407.965: [GC (Allocation Failure) [PSYoungGen: 407066K->91741K(465920K)] 1056686K->741626K(1663488K), 0.0245932 secs] [Times: user=0.05 sys=0.00, real=0.02 secs] 
2410.475: [GC (Allocation Failure) [PSYoungGen: 324701K->37713K(465920K)] 974586K->687906K(1663488K), 0.0078509 secs] [Times: user=0.02 sys=0.00, real=0.00 secs] 
2410.796: [GC (Allocation Failure) [PSYoungGen: 270673K->184430K(465920K)] 920866K->836005K(1663488K), 0.0202193 secs] [Times: user=0.03 sys=0.00, real=0.02 secs] 
2411.085: [GC (Allocation Failure) [PSYoungGen: 417390K->184558K(465920K)] 1068965K->836278K(1663488K), 0.0202995 secs] [Times: user=0.03 sys=0.00, real=0.03 secs] 
2412.167: [GC (Allocation Failure) [PSYoungGen: 407642K->91998K(465920K)] 1059361K->743982K(1663488K), 0.0251337 secs] [Times: user=0.05 sys=0.00, real=0.02 secs] 
2414.501: [GC (Allocation Failure) [PSYoungGen: 324958K->37427K(465920K)] 976942K->689720K(1663488K), 0.0082301 secs] [Times: user=0.02 sys=0.00, real=0.01 secs] 
2414.830: [GC (Allocation Failure) [PSYoungGen: 270387K->184430K(465920K)] 922680K->837976K(1663488K), 0.0204343 secs] [Times: user=0.03 sys=0.00, real=0.02 secs] 
2415.166: [GC (Allocation Failure) [PSYoungGen: 417390K->184237K(465920K)] 1070936K->838056K(1663488K), 0.0204301 secs] [Times: user=0.03 sys=0.00, real=0.02 secs] 
2415.906: [GC (Allocation Failure) [PSYoungGen: 409403K->92512K(465920K)] 1063222K->746724K(1663488K), 0.0121246 secs] [Times: user=0.02 sys=0.00, real=0.01 secs] 
2417.168: [GC (Allocation Failure) [PSYoungGen: 325472K->37684K(465920K)] 979684K->692074K(1663488K), 0.0089648 secs] [Times: user=0.03 sys=0.00, real=0.01 secs] 
2417.503: [GC (Allocation Failure) [PSYoungGen: 270644K->184205K(465920K)] 925034K->839848K(1663488K), 0.0201475 secs] [Times: user=0.03 sys=0.00, real=0.02 secs] 
2417.787: [GC (Allocation Failure) [PSYoungGen: 417165K->184880K(465920K)] 1072808K->840796K(1663488K), 0.0202177 secs] [Times: user=0.03 sys=0.00, real=0.02 secs] 
2419.676: [GC (Allocation Failure) [PSYoungGen: 407790K->91869K(465920K)] 1063706K->748051K(1663488K), 0.0235824 secs] [Times: user=0.05 sys=0.00, real=0.02 secs] 
2421.385: [GC (Allocation Failure) [PSYoungGen: 324829K->37906K(465920K)] 981011K->694403K(1663488K), 0.0054859 secs] [Times: user=0.01 sys=0.00, real=0.00 secs] 
2421.723: [GC (Allocation Failure) [PSYoungGen: 270866K->184911K(465920K)] 927363K->842662K(1663488K), 0.0204413 secs] [Times: user=0.03 sys=0.00, real=0.02 secs] 
2422.017: [GC (Allocation Failure) [PSYoungGen: 417871K->184141K(465920K)] 1075622K->842172K(1663488K), 0.0204270 secs] [Times: user=0.03 sys=0.00, real=0.02 secs] 
2423.880: [GC (Allocation Failure) [PSYoungGen: 406877K->91869K(465920K)] 1064908K->750166K(1663488K), 0.0190739 secs] [Times: user=0.04 sys=0.00, real=0.02 secs] 
2425.959: [GC (Allocation Failure) [PSYoungGen: 324829K->37813K(465920K)] 983126K->696423K(1663488K), 0.0068202 secs] [Times: user=0.02 sys=0.00, real=0.01 secs] 
2426.251: [GC (Allocation Failure) [PSYoungGen: 270773K->184719K(465920K)] 929383K->844583K(1663488K), 0.0202415 secs] [Times: user=0.03 sys=0.00, real=0.02 secs] 
2426.537: [GC (Allocation Failure) [PSYoungGen: 417679K->184623K(465920K)] 1077543K->844889K(1663488K), 0.0202522 secs] [Times: user=0.03 sys=0.00, real=0.02 secs] 
2427.797: [GC (Allocation Failure) [PSYoungGen: 407059K->91484K(465920K)] 1067325K->752014K(1663488K), 0.0127223 secs] [Times: user=0.02 sys=0.00, real=0.01 secs] 
2428.939: [GC (Allocation Failure) [PSYoungGen: 324444K->37780K(465920K)] 984974K->698496K(1663488K), 0.0054233 secs] [Times: user=0.01 sys=0.00, real=0.00 secs] 
2429.209: [GC (Allocation Failure) [PSYoungGen: 270740K->183658K(465920K)] 931456K->845612K(1663488K), 0.0201817 secs] [Times: user=0.03 sys=0.00, real=0.02 secs] 
2429.493: [GC (Allocation Failure) [PSYoungGen: 416618K->184590K(465920K)] 1078572K->846817K(1663488K), 0.0203970 secs] [Times: user=0.02 sys=0.00, real=0.02 secs] 
2431.320: [GC (Allocation Failure) [PSYoungGen: 408527K->92801K(465920K)] 1070754K->755293K(1663488K), 0.0275067 secs] [Times: user=0.06 sys=0.00, real=0.03 secs] 
2433.173: [GC (Allocation Failure) [PSYoungGen: 325761K->37780K(465920K)] 988253K->700602K(1663488K), 0.0066335 secs] [Times: user=0.01 sys=0.00, real=0.01 secs] 
2433.453: [GC (Allocation Failure) [PSYoungGen: 270740K->184462K(465920K)] 933562K->848545K(1663488K), 0.0202485 secs] [Times: user=0.03 sys=0.00, real=0.02 secs] 
2433.794: [GC (Allocation Failure) [PSYoungGen: 417422K->184526K(465920K)] 1081505K->849011K(1663488K), 0.0202286 secs] [Times: user=0.02 sys=0.00, real=0.02 secs] 
2434.428: [GC (Allocation Failure) [PSYoungGen: 405061K->92030K(465920K)] 1069546K->756651K(1663488K), 0.0115848 secs] [Times: user=0.02 sys=0.00, real=0.01 secs] 
2435.285: [GC (Allocation Failure) [PSYoungGen: 324990K->38005K(465920K)] 989611K->702934K(1663488K), 0.0055313 secs] [Times: user=0.02 sys=0.00, real=0.01 secs] 
2435.554: [GC (Allocation Failure) [PSYoungGen: 270965K->184719K(465920K)] 935894K->850901K(1663488K), 0.0203464 secs] [Times: user=0.02 sys=0.00, real=0.02 secs] 
2435.899: [GC (Allocation Failure) [PSYoungGen: 417679K->184076K(465920K)] 1083861K->850540K(1663488K), 0.0202949 secs] [Times: user=0.02 sys=0.00, real=0.02 secs] 
2436.531: [GC (Allocation Failure) [PSYoungGen: 407538K->91982K(465920K)] 1074002K->758718K(1663488K), 0.0121673 secs] [Times: user=0.02 sys=0.00, real=0.01 secs] 
2437.568: [GC (Allocation Failure) [PSYoungGen: 324942K->37845K(465920K)] 991678K->704895K(1663488K), 0.0065655 secs] [Times: user=0.02 sys=0.00, real=0.00 secs] 
2437.852: [GC (Allocation Failure) [PSYoungGen: 270805K->184462K(465920K)] 937855K->852894K(1663488K), 0.0203824 secs] [Times: user=0.03 sys=0.00, real=0.02 secs] 
2438.192: [GC (Allocation Failure) [PSYoungGen: 417422K->184526K(465920K)] 1085854K->853103K(1663488K), 0.0202214 secs] [Times: user=0.03 sys=0.00, real=0.02 secs] 
2438.874: [GC (Allocation Failure) [PSYoungGen: 407066K->91837K(465920K)] 1075643K->760679K(1663488K), 0.0123928 secs] [Times: user=0.02 sys=0.00, real=0.02 secs] 
2439.982: [GC (Allocation Failure) [PSYoungGen: 324797K->37684K(465920K)] 993639K->706832K(1663488K), 0.0062235 secs] [Times: user=0.01 sys=0.00, real=0.01 secs] 
2440.260: [GC (Allocation Failure) [PSYoungGen: 270644K->184462K(465920K)] 939792K->854984K(1663488K), 0.0202971 secs] [Times: user=0.02 sys=0.00, real=0.02 secs] 
2440.545: [GC (Allocation Failure) [PSYoungGen: 417422K->184590K(465920K)] 1087944K->855257K(1663488K), 0.0204293 secs] [Times: user=0.02 sys=0.00, real=0.02 secs] 
2441.764: [GC (Allocation Failure) [PSYoungGen: 407674K->91998K(465920K)] 1078341K->762929K(1663488K), 0.0187415 secs] [Times: user=0.03 sys=0.01, real=0.02 secs] 
2442.935: [GC (Allocation Failure) [PSYoungGen: 324958K->37845K(465920K)] 995889K->709084K(1663488K), 0.0054581 secs] [Times: user=0.02 sys=0.00, real=0.00 secs] 
2443.206: [GC (Allocation Failure) [PSYoungGen: 270805K->184462K(465920K)] 942044K->856955K(1663488K), 0.0204609 secs] [Times: user=0.02 sys=0.00, real=0.02 secs] 
2443.491: [GC (Allocation Failure) [PSYoungGen: 417422K->184301K(465920K)] 1089915K->857067K(1663488K), 0.0204362 secs] [Times: user=0.03 sys=0.00, real=0.02 secs] 
2444.294: [GC (Allocation Failure) [PSYoungGen: 409339K->92126K(465920K)] 1082105K->765286K(1663488K), 0.0115276 secs] [Times: user=0.02 sys=0.00, real=0.02 secs] 
2445.104: [GC (Allocation Failure) [PSYoungGen: 325086K->38002K(465920K)] 998246K->711335K(1663488K), 0.0054793 secs] [Times: user=0.01 sys=0.00, real=0.01 secs] 
2445.374: [GC (Allocation Failure) [PSYoungGen: 270962K->184687K(465920K)] 944295K->859273K(1663488K), 0.0202564 secs] [Times: user=0.03 sys=0.00, real=0.02 secs] 
2445.663: [GC (Allocation Failure) [PSYoungGen: 417647K->184430K(465920K)] 1092233K->859297K(1663488K), 0.0203041 secs] [Times: user=0.02 sys=0.00, real=0.02 secs] 
2446.263: [GC (Allocation Failure) [PSYoungGen: 406894K->91644K(465920K)] 1081761K->766777K(1663488K), 0.0119725 secs] [Times: user=0.03 sys=0.00, real=0.01 secs] 
2447.440: [GC (Allocation Failure) [PSYoungGen: 324604K->37716K(465920K)] 999737K->713166K(1663488K), 0.0068580 secs] [Times: user=0.02 sys=0.00, real=0.01 secs] 
2447.816: [GC (Allocation Failure) [PSYoungGen: 270676K->184719K(465920K)] 946126K->861551K(1663488K), 0.0203334 secs] [Times: user=0.03 sys=0.00, real=0.02 secs] 
2448.182: [GC (Allocation Failure) [PSYoungGen: 417679K->184655K(465920K)] 1094511K->861632K(1663488K), 0.0204371 secs] [Times: user=0.03 sys=0.00, real=0.02 secs] 
2449.569: [GC (Allocation Failure) [PSYoungGen: 407199K->91612K(465920K)] 1084176K->768854K(1663488K), 0.0145737 secs] [Times: user=0.03 sys=0.00, real=0.01 secs] 
2450.386: [GC (Allocation Failure) [PSYoungGen: 324572K->38034K(465920K)] 1001814K->715592K(1663488K), 0.0057284 secs] [Times: user=0.01 sys=0.00, real=0.00 secs] 
2450.657: [GC (Allocation Failure) [PSYoungGen: 270994K->183787K(465920K)] 948552K->862590K(1663488K), 0.0201054 secs] [Times: user=0.03 sys=0.00, real=0.02 secs] 
2450.945: [GC (Allocation Failure) [PSYoungGen: 416747K->184462K(465920K)] 1095550K->863546K(1663488K), 0.0203222 secs] [Times: user=0.03 sys=0.01, real=0.02 secs] 
2452.179: [GC (Allocation Failure) [PSYoungGen: 409714K->92512K(465920K)] 1088798K->771861K(1663488K), 0.0116311 secs] [Times: user=0.02 sys=0.00, real=0.01 secs] 
2453.138: [GC (Allocation Failure) [PSYoungGen: 325472K->38005K(465920K)] 1004821K->717654K(1663488K), 0.0055324 secs] [Times: user=0.01 sys=0.00, real=0.00 secs] 
2453.480: [GC (Allocation Failure) [PSYoungGen: 270965K->184687K(465920K)] 950614K->865581K(1663488K), 0.0203410 secs] [Times: user=0.03 sys=0.00, real=0.02 secs] 
2453.766: [GC (Allocation Failure) [PSYoungGen: 417647K->184687K(465920K)] 1098541K->865862K(1663488K), 0.0202733 secs] [Times: user=0.03 sys=0.00, real=0.02 secs] 
2454.473: [GC (Allocation Failure) [PSYoungGen: 407258K->91387K(465920K)] 1088434K->772828K(1663488K), 0.0119460 secs] [Times: user=0.02 sys=0.00, real=0.02 secs] 
2455.458: [GC (Allocation Failure) [PSYoungGen: 324347K->37941K(465920K)] 1005788K->719696K(1663488K), 0.0064784 secs] [Times: user=0.02 sys=0.00, real=0.00 secs] 
2455.736: [GC (Allocation Failure) [PSYoungGen: 270901K->183948K(465920K)] 952656K->866948K(1663488K), 0.0203816 secs] [Times: user=0.03 sys=0.00, real=0.02 secs] 
2456.025: [GC (Allocation Failure) [PSYoungGen: 416908K->184815K(465920K)] 1099908K->868096K(1663488K), 0.0204864 secs] [Times: user=0.03 sys=0.00, real=0.02 secs] 
2456.844: [GC (Allocation Failure) [PSYoungGen: 405511K->91998K(465920K)] 1088792K->775672K(1663488K), 0.0118783 secs] [Times: user=0.02 sys=0.00, real=0.02 secs] 
2457.663: [GC (Allocation Failure) [PSYoungGen: 324958K->38002K(465920K)] 1008632K->721870K(1663488K), 0.0057228 secs] [Times: user=0.01 sys=0.00, real=0.01 secs] 
2457.936: [GC (Allocation Failure) [PSYoungGen: 270962K->186389K(465920K)] 954830K->871511K(1663488K), 0.0204862 secs] [Times: user=0.03 sys=0.00, real=0.02 secs] 
2458.286: [GC (Allocation Failure) [PSYoungGen: 419349K->186100K(465920K)] 1104471K->871503K(1663488K), 0.0204679 secs] [Times: user=0.03 sys=0.00, real=0.02 secs] 
2460.003: [GC (Allocation Failure) [PSYoungGen: 404897K->88270K(465920K)] 1090299K->774067K(1663488K), 0.0192940 secs] [Times: user=0.04 sys=0.00, real=0.02 secs] 
2461.250: [GC (Allocation Failure) [PSYoungGen: 321230K->38166K(465920K)] 1007027K->724157K(1663488K), 0.0055401 secs] [Times: user=0.01 sys=0.00, real=0.01 secs] 
2461.521: [GC (Allocation Failure) [PSYoungGen: 271126K->184140K(465920K)] 957117K->871514K(1663488K), 0.0203437 secs] [Times: user=0.03 sys=0.00, real=0.02 secs] 
2461.807: [GC (Allocation Failure) [PSYoungGen: 417100K->184494K(465920K)] 1104474K->872028K(1663488K), 0.0203601 secs] [Times: user=0.03 sys=0.00, real=0.02 secs] 
2463.512: [GC (Allocation Failure) [PSYoungGen: 409550K->91998K(465920K)] 1097084K->779925K(1663488K), 0.0240565 secs] [Times: user=0.05 sys=0.00, real=0.03 secs] 
2465.827: [GC (Allocation Failure) [PSYoungGen: 324958K->37556K(465920K)] 1012885K->725662K(1663488K), 0.0068074 secs] [Times: user=0.01 sys=0.00, real=0.00 secs] 
2466.116: [GC (Allocation Failure) [PSYoungGen: 270516K->184173K(465920K)] 958622K->873525K(1663488K), 0.0202679 secs] [Times: user=0.03 sys=0.00, real=0.02 secs] 
2466.407: [GC (Allocation Failure) [PSYoungGen: 417133K->184976K(465920K)] 1106485K->874609K(1663488K), 0.0204613 secs] [Times: user=0.03 sys=0.00, real=0.02 secs] 
2467.944: [GC (Allocation Failure) [PSYoungGen: 408204K->91998K(465920K)] 1097837K->781896K(1663488K), 0.0139130 secs] [Times: user=0.03 sys=0.00, real=0.02 secs] 
2469.840: [GC (Allocation Failure) [PSYoungGen: 324958K->37585K(465920K)] 1014856K->727789K(1663488K), 0.0072698 secs] [Times: user=0.02 sys=0.00, real=0.01 secs] 
2470.140: [GC (Allocation Failure) [PSYoungGen: 270545K->184333K(465920K)] 960749K->875783K(1663488K), 0.0204389 secs] [Times: user=0.03 sys=0.00, real=0.02 secs] 
2470.476: [GC (Allocation Failure) [PSYoungGen: 417293K->184590K(465920K)] 1108743K->876313K(1663488K), 0.0208345 secs] [Times: user=0.03 sys=0.00, real=0.02 secs] 
2473.028: [GC (Allocation Failure) [PSYoungGen: 409773K->92255K(465920K)] 1101496K->784243K(1663488K), 0.0283324 secs] [Times: user=0.07 sys=0.00, real=0.03 secs] 
2475.395: [GC (Allocation Failure) [PSYoungGen: 325215K->37588K(465920K)] 1017203K->729899K(1663488K), 0.0078089 secs] [Times: user=0.02 sys=0.00, real=0.00 secs] 
2475.718: [GC (Allocation Failure) [PSYoungGen: 270548K->184719K(465920K)] 962859K->878412K(1663488K), 0.0202861 secs] [Times: user=0.03 sys=0.00, real=0.02 secs] 
2476.003: [GC (Allocation Failure) [PSYoungGen: 417679K->184719K(465920K)] 1111372K->878694K(1663488K), 0.0203079 secs] [Times: user=0.02 sys=0.00, real=0.02 secs] 
2477.120: [GC (Allocation Failure) [PSYoungGen: 407146K->91741K(465920K)] 1101121K->785980K(1663488K), 0.0123610 secs] [Times: user=0.03 sys=0.00, real=0.01 secs] 
2478.168: [GC (Allocation Failure) [PSYoungGen: 324701K->38005K(465920K)] 1018940K->732422K(1663488K), 0.0054495 secs] [Times: user=0.01 sys=0.00, real=0.00 secs] 
2478.441: [GC (Allocation Failure) [PSYoungGen: 270965K->184719K(465920K)] 965382K->880518K(1663488K), 0.0203341 secs] [Times: user=0.03 sys=0.00, real=0.02 secs] 
2478.727: [GC (Allocation Failure) [PSYoungGen: 417679K->184623K(465920K)] 1113478K->880566K(1663488K), 0.0203622 secs] [Times: user=0.03 sys=0.00, real=0.02 secs] 
2479.930: [GC (Allocation Failure) [PSYoungGen: 407180K->91371K(465920K)] 1103124K->787580K(1663488K), 0.0238982 secs] [Times: user=0.05 sys=0.00, real=0.02 secs] 
2481.068: [GC (Allocation Failure) [PSYoungGen: 324331K->37973K(465920K)] 1020540K->734488K(1663488K), 0.0062314 secs] [Times: user=0.01 sys=0.00, real=0.00 secs] 
2481.345: [GC (Allocation Failure) [PSYoungGen: 270933K->183787K(465920K)] 967448K->881555K(1663488K), 0.0202009 secs] [Times: user=0.02 sys=0.00, real=0.02 secs] 
2481.687: [GC (Allocation Failure) [PSYoungGen: 416747K->184494K(465920K)] 1114515K->882543K(1663488K), 0.0203712 secs] [Times: user=0.03 sys=0.00, real=0.02 secs] 
2483.906: [GC (Allocation Failure) [PSYoungGen: 409713K->92480K(465920K)] 1107762K->790930K(1663488K), 0.0202795 secs] [Times: user=0.05 sys=0.00, real=0.02 secs] 
2486.026: [GC (Allocation Failure) [PSYoungGen: 325440K->37813K(465920K)] 1023890K->736443K(1663488K), 0.0064071 secs] [Times: user=0.01 sys=0.00, real=0.00 secs] 
2486.309: [GC (Allocation Failure) [PSYoungGen: 270773K->184076K(465920K)] 969403K->883952K(1663488K), 0.0203079 secs] [Times: user=0.03 sys=0.00, real=0.02 secs] 
2486.651: [GC (Allocation Failure) [PSYoungGen: 417036K->184494K(465920K)] 1116912K->884643K(1663488K), 0.0203601 secs] [Times: user=0.03 sys=0.00, real=0.02 secs] 
2487.392: [GC (Allocation Failure) [PSYoungGen: 409545K->92191K(465920K)] 1109694K->792733K(1663488K), 0.0116924 secs] [Times: user=0.03 sys=0.00, real=0.01 secs] 
2488.349: [GC (Allocation Failure) [PSYoungGen: 325151K->38005K(465920K)] 1025693K->738733K(1663488K), 0.0063147 secs] [Times: user=0.02 sys=0.00, real=0.01 secs] 
2488.626: [GC (Allocation Failure) [PSYoungGen: 270965K->184687K(465920K)] 971693K->886668K(1663488K), 0.0202402 secs] [Times: user=0.03 sys=0.00, real=0.02 secs] 
2488.911: [GC (Allocation Failure) [PSYoungGen: 417647K->184655K(465920K)] 1119628K->886909K(1663488K), 0.0202631 secs] [Times: user=0.03 sys=0.00, real=0.02 secs] 
2490.752: [GC (Allocation Failure) [PSYoungGen: 407197K->91355K(465920K)] 1109451K->793874K(1663488K), 0.0260896 secs] [Times: user=0.05 sys=0.01, real=0.03 secs] 
2493.147: [GC (Allocation Failure) [PSYoungGen: 324315K->37845K(465920K)] 1026834K->740677K(1663488K), 0.0073867 secs] [Times: user=0.02 sys=0.00, real=0.00 secs] 
2493.453: [GC (Allocation Failure) [PSYoungGen: 270805K->184687K(465920K)] 973637K->888773K(1663488K), 0.0203025 secs] [Times: user=0.02 sys=0.00, real=0.02 secs] 
2493.746: [GC (Allocation Failure) [PSYoungGen: 417647K->184655K(465920K)] 1121733K->889014K(1663488K), 0.0204140 secs] [Times: user=0.03 sys=0.00, real=0.02 secs] 
2494.990: [GC (Allocation Failure) [PSYoungGen: 407201K->91516K(465920K)] 1111561K->796140K(1663488K), 0.0159150 secs] [Times: user=0.03 sys=0.00, real=0.02 secs] 
2496.892: [GC (Allocation Failure) [PSYoungGen: 324476K->37716K(465920K)] 1029100K->742646K(1663488K), 0.0085634 secs] [Times: user=0.02 sys=0.00, real=0.01 secs] 
2497.215: [GC (Allocation Failure) [PSYoungGen: 270676K->183819K(465920K)] 975606K->890003K(1663488K), 0.0203603 secs] [Times: user=0.03 sys=0.00, real=0.03 secs] 
2497.503: [GC (Allocation Failure) [PSYoungGen: 416779K->184655K(465920K)] 1122963K->891111K(1663488K), 0.0203440 secs] [Times: user=0.02 sys=0.00, real=0.02 secs] 
2498.154: [GC (Allocation Failure) [PSYoungGen: 410065K->92512K(465920K)] 1116522K->799234K(1663488K), 0.0117338 secs] [Times: user=0.02 sys=0.00, real=0.02 secs] 
2499.069: [GC (Allocation Failure) [PSYoungGen: 325472K->38005K(465920K)] 1032194K->745041K(1663488K), 0.0086788 secs] [Times: user=0.02 sys=0.00, real=0.01 secs] 
2499.427: [GC (Allocation Failure) [PSYoungGen: 270965K->184462K(465920K)] 978001K->892743K(1663488K), 0.0203931 secs] [Times: user=0.03 sys=0.00, real=0.02 secs] 
2499.769: [GC (Allocation Failure) [PSYoungGen: 417422K->184847K(465920K)] 1125703K->893401K(1663488K), 0.0203410 secs] [Times: user=0.02 sys=0.00, real=0.02 secs] 
2501.099: [GC (Allocation Failure) [PSYoungGen: 407880K->91484K(465920K)] 1116435K->800303K(1663488K), 0.0239400 secs] [Times: user=0.05 sys=0.00, real=0.02 secs] 
2503.107: [GC (Allocation Failure) [PSYoungGen: 324444K->37745K(465920K)] 1033263K->746864K(1663488K), 0.0085675 secs] [Times: user=0.02 sys=0.00, real=0.01 secs] 
2503.433: [GC (Allocation Failure) [PSYoungGen: 270705K->184590K(465920K)] 979824K->894971K(1663488K), 0.0204543 secs] [Times: user=0.03 sys=0.00, real=0.02 secs] 
2503.718: [GC (Allocation Failure) [PSYoungGen: 417550K->184687K(465920K)] 1127931K->895340K(1663488K), 0.0203448 secs] [Times: user=0.03 sys=0.00, real=0.02 secs] 
2504.827: [GC (Allocation Failure) [PSYoungGen: 409697K->91773K(465920K)] 1120351K->802820K(1663488K), 0.0134711 secs] [Times: user=0.03 sys=0.00, real=0.01 secs] 
2505.682: [GC (Allocation Failure) [PSYoungGen: 324733K->37970K(465920K)] 1035780K->749181K(1663488K), 0.0076970 secs] [Times: user=0.01 sys=0.00, real=0.01 secs] 
2506.040: [GC (Allocation Failure) [PSYoungGen: 270930K->184301K(465920K)] 982141K->896765K(1663488K), 0.0206053 secs] [Times: user=0.03 sys=0.00, real=0.02 secs] 
2506.323: [GC (Allocation Failure) [PSYoungGen: 417261K->183787K(465920K)] 1129725K->896524K(1663488K), 0.0203463 secs] [Times: user=0.03 sys=0.00, real=0.02 secs] 
2507.202: [GC (Allocation Failure) [PSYoungGen: 408630K->92640K(465920K)] 1121367K->805771K(1663488K), 0.0121431 secs] [Times: user=0.03 sys=0.00, real=0.01 secs] 
2508.459: [GC (Allocation Failure) [PSYoungGen: 325600K->37845K(465920K)] 1038731K->751152K(1663488K), 0.0068855 secs] [Times: user=0.02 sys=0.00, real=0.01 secs] 
2508.830: [GC (Allocation Failure) [PSYoungGen: 270805K->184719K(465920K)] 984112K->899280K(1663488K), 0.0204444 secs] [Times: user=0.02 sys=0.00, real=0.02 secs] 
2509.115: [GC (Allocation Failure) [PSYoungGen: 417679K->184430K(465920K)] 1132240K->899272K(1663488K), 0.0203866 secs] [Times: user=0.03 sys=0.00, real=0.03 secs] 
2511.021: [GC (Allocation Failure) [PSYoungGen: 407157K->91741K(465920K)] 1121999K->806848K(1663488K), 0.0207719 secs] [Times: user=0.04 sys=0.00, real=0.02 secs] 
2513.156: [GC (Allocation Failure) [PSYoungGen: 324701K->37780K(465920K)] 1039808K->753195K(1663488K), 0.0075734 secs] [Times: user=0.01 sys=0.00, real=0.00 secs] 
2513.467: [GC (Allocation Failure) [PSYoungGen: 270740K->183819K(465920K)] 986155K->900496K(1663488K), 0.0202472 secs] [Times: user=0.02 sys=0.00, real=0.02 secs] 
2513.752: [GC (Allocation Failure) [PSYoungGen: 416779K->184623K(465920K)] 1133456K->901565K(1663488K), 0.0201955 secs] [Times: user=0.03 sys=0.00, real=0.02 secs] 
2514.703: [GC (Allocation Failure) [PSYoungGen: 410053K->92480K(465920K)] 1126995K->809687K(1663488K), 0.0121650 secs] [Times: user=0.02 sys=0.00, real=0.02 secs] 
2515.523: [GC (Allocation Failure) [PSYoungGen: 325440K->38034K(465920K)] 1042647K->755563K(1663488K), 0.0054978 secs] [Times: user=0.01 sys=0.00, real=0.01 secs] 
2515.856: [GC (Allocation Failure) [PSYoungGen: 270994K->184719K(465920K)] 988523K->903629K(1663488K), 0.0203260 secs] [Times: user=0.03 sys=0.00, real=0.02 secs] 
2516.145: [GC (Allocation Failure) [PSYoungGen: 417679K->184719K(465920K)] 1136589K->903911K(1663488K), 0.0204855 secs] [Times: user=0.03 sys=0.00, real=0.02 secs] 
2518.067: [GC (Allocation Failure) [PSYoungGen: 407153K->91355K(465920K)] 1126345K->810812K(1663488K), 0.0167155 secs] [Times: user=0.04 sys=0.00, real=0.01 secs] 
2520.204: [GC (Allocation Failure) [PSYoungGen: 324315K->37941K(465920K)] 1043772K->757583K(1663488K), 0.0085166 secs] [Times: user=0.02 sys=0.00, real=0.01 secs] 
2520.532: [GC (Allocation Failure) [PSYoungGen: 270901K->184719K(465920K)] 990543K->905743K(1663488K), 0.0204377 secs] [Times: user=0.02 sys=0.00, real=0.02 secs] 
2520.819: [GC (Allocation Failure) [PSYoungGen: 417679K->184687K(465920K)] 1138703K->905863K(1663488K), 0.0202723 secs] [Times: user=0.03 sys=0.00, real=0.02 secs] 
2521.518: [GC (Allocation Failure) [PSYoungGen: 407275K->91339K(465920K)] 1128452K->812789K(1663488K), 0.0114624 secs] [Times: user=0.03 sys=0.00, real=0.01 secs] 
2522.353: [GC (Allocation Failure) [PSYoungGen: 324299K->38166K(465920K)] 1045749K->759925K(1663488K), 0.0055804 secs] [Times: user=0.01 sys=0.00, real=0.01 secs] 
2522.622: [GC (Allocation Failure) [PSYoungGen: 271126K->184333K(465920K)] 992885K->907346K(1663488K), 0.0203609 secs] [Times: user=0.03 sys=0.00, real=0.02 secs] 
2522.953: [GC (Allocation Failure) [PSYoungGen: 417293K->184590K(465920K)] 1140306K->908013K(1663488K), 0.0204806 secs] [Times: user=0.03 sys=0.00, real=0.02 secs] 
2524.461: [GC (Allocation Failure) [PSYoungGen: 407067K->91741K(465920K)] 1130490K->815300K(1663488K), 0.0205087 secs] [Times: user=0.04 sys=0.00, real=0.02 secs] 
2526.356: [GC (Allocation Failure) [PSYoungGen: 324701K->37845K(465920K)] 1048260K->761718K(1663488K), 0.0070210 secs] [Times: user=0.01 sys=0.00, real=0.00 secs] 
2526.659: [GC (Allocation Failure) [PSYoungGen: 270805K->184462K(465920K)] 994678K->909717K(1663488K), 0.0204229 secs] [Times: user=0.03 sys=0.01, real=0.02 secs] 
2526.943: [GC (Allocation Failure) [PSYoungGen: 417422K->184558K(465920K)] 1142677K->909958K(1663488K), 0.0203067 secs] [Times: user=0.03 sys=0.00, real=0.02 secs] 
2528.432: [GC (Allocation Failure) [PSYoungGen: 407104K->91869K(465920K)] 1132503K->817534K(1663488K), 0.0241215 secs] [Times: user=0.05 sys=0.00, real=0.03 secs] 
2530.560: [GC (Allocation Failure) [PSYoungGen: 324829K->37877K(465920K)] 1050494K->763849K(1663488K), 0.0079395 secs] [Times: user=0.02 sys=0.00, real=0.01 secs] 
2530.879: [GC (Allocation Failure) [PSYoungGen: 270837K->184462K(465920K)] 996809K->911816K(1663488K), 0.0203537 secs] [Times: user=0.03 sys=0.00, real=0.02 secs] 
2531.164: [GC (Allocation Failure) [PSYoungGen: 417422K->184622K(465920K)] 1144776K->912129K(1663488K), 0.0203980 secs] [Times: user=0.03 sys=0.00, real=0.02 secs] 
2532.614: [GC (Allocation Failure) [PSYoungGen: 407707K->91869K(465920K)] 1135214K->819641K(1663488K), 0.0160277 secs] [Times: user=0.03 sys=0.00, real=0.02 secs] 
2533.924: [GC (Allocation Failure) [PSYoungGen: 324829K->37716K(465920K)] 1052601K->765794K(1663488K), 0.0063375 secs] [Times: user=0.01 sys=0.00, real=0.01 secs] 
2534.273: [GC (Allocation Failure) [PSYoungGen: 270676K->184430K(465920K)] 998754K->913761K(1663488K), 0.0212484 secs] [Times: user=0.03 sys=0.00, real=0.02 secs] 
2534.560: [GC (Allocation Failure) [PSYoungGen: 417390K->184301K(465920K)] 1146721K->913913K(1663488K), 0.0205193 secs] [Times: user=0.03 sys=0.00, real=0.02 secs] 
2535.215: [GC (Allocation Failure) [PSYoungGen: 409339K->92255K(465920K)] 1138952K->822261K(1663488K), 0.0123492 secs] [Times: user=0.02 sys=0.01, real=0.01 secs] 
2536.185: [GC (Allocation Failure) [PSYoungGen: 325215K->37973K(465920K)] 1055221K->768158K(1663488K), 0.0065700 secs] [Times: user=0.02 sys=0.00, real=0.00 secs] 
2536.468: [GC (Allocation Failure) [PSYoungGen: 270933K->184333K(465920K)] 1001118K->915772K(1663488K), 0.0206815 secs] [Times: user=0.03 sys=0.01, real=0.02 secs] 
2536.753: [GC (Allocation Failure) [PSYoungGen: 417293K->184622K(465920K)] 1148732K->916470K(1663488K), 0.0204084 secs] [Times: user=0.02 sys=0.00, real=0.02 secs] 
2538.007: [GC (Allocation Failure) [PSYoungGen: 407094K->91901K(465920K)] 1138943K->823894K(1663488K), 0.0163591 secs] [Times: user=0.03 sys=0.00, real=0.01 secs] 
2539.023: [GC (Allocation Failure) [PSYoungGen: 324861K->38005K(465920K)] 1056854K->770304K(1663488K), 0.0064546 secs] [Times: user=0.01 sys=0.00, real=0.01 secs] 
2539.370: [GC (Allocation Failure) [PSYoungGen: 270965K->184430K(465920K)] 1003264K->917974K(1663488K), 0.0207525 secs] [Times: user=0.03 sys=0.00, real=0.02 secs] 
2539.711: [GC (Allocation Failure) [PSYoungGen: 417390K->184494K(465920K)] 1150934K->918183K(1663488K), 0.0204173 secs] [Times: user=0.03 sys=0.00, real=0.02 secs] 
2540.384: [GC (Allocation Failure) [PSYoungGen: 407031K->91693K(465920K)] 1140720K->825646K(1663488K), 0.0119955 secs] [Times: user=0.03 sys=0.00, real=0.02 secs] 
2541.261: [GC (Allocation Failure) [PSYoungGen: 324653K->37845K(465920K)] 1058606K->772112K(1663488K), 0.0056057 secs] [Times: user=0.01 sys=0.00, real=0.01 secs] 
2541.533: [GC (Allocation Failure) [PSYoungGen: 270805K->184976K(465920K)] 1005072K->920497K(1663488K), 0.0204140 secs] [Times: user=0.03 sys=0.00, real=0.02 secs] 
2541.879: [GC (Allocation Failure) [PSYoungGen: 417936K->184301K(465920K)] 1153457K->920119K(1663488K), 0.0203978 secs] [Times: user=0.03 sys=0.00, real=0.02 secs] 
2542.528: [GC (Allocation Failure) [PSYoungGen: 407024K->91628K(465920K)] 1142842K->827719K(1663488K), 0.0123017 secs] [Times: user=0.03 sys=0.00, real=0.01 secs] 
2544.066: [GC (Allocation Failure) [PSYoungGen: 324588K->37716K(465920K)] 1060679K->774115K(1663488K), 0.0076317 secs] [Times: user=0.01 sys=0.00, real=0.00 secs] 
2544.375: [GC (Allocation Failure) [PSYoungGen: 270676K->184719K(465920K)] 1007075K->922371K(1663488K), 0.0204523 secs] [Times: user=0.03 sys=0.00, real=0.03 secs] 
2544.668: [GC (Allocation Failure) [PSYoungGen: 417679K->184687K(465920K)] 1155331K->922749K(1663488K), 0.0204895 secs] [Times: user=0.03 sys=0.00, real=0.02 secs] 
2545.303: [GC (Allocation Failure) [PSYoungGen: 407377K->91644K(465920K)] 1145439K->829979K(1663488K), 0.0101521 secs] [Times: user=0.02 sys=0.00, real=0.01 secs] 
2546.889: [GC (Allocation Failure) [PSYoungGen: 324604K->37523K(465920K)] 1062939K->776043K(1663488K), 0.0054868 secs] [Times: user=0.01 sys=0.00, real=0.01 secs] 
2547.217: [GC (Allocation Failure) [PSYoungGen: 270483K->184719K(465920K)] 1009003K->924621K(1663488K), 0.0203565 secs] [Times: user=0.02 sys=0.00, real=0.02 secs] 
2547.558: [GC (Allocation Failure) [PSYoungGen: 417679K->184687K(465920K)] 1157581K->924734K(1663488K), 0.0203418 secs] [Times: user=0.03 sys=0.00, real=0.02 secs] 
2548.690: [GC (Allocation Failure) [PSYoungGen: 407246K->91837K(465920K)] 1147293K->832149K(1663488K), 0.0169070 secs] [Times: user=0.04 sys=0.01, real=0.02 secs] 
2550.156: [GC (Allocation Failure) [PSYoungGen: 324797K->37748K(465920K)] 1065109K->778378K(1663488K), 0.0065918 secs] [Times: user=0.01 sys=0.00, real=0.00 secs] 
2550.443: [GC (Allocation Failure) [PSYoungGen: 270708K->184687K(465920K)] 1011338K->926690K(1663488K), 0.0204330 secs] [Times: user=0.03 sys=0.00, real=0.02 secs] 
2550.728: [GC (Allocation Failure) [PSYoungGen: 417647K->184687K(465920K)] 1159650K->926835K(1663488K), 0.0203279 secs] [Times: user=0.03 sys=0.00, real=0.02 secs] 
2551.917: [GC (Allocation Failure) [PSYoungGen: 407276K->91612K(465920K)] 1149425K->834025K(1663488K), 0.0123351 secs] [Times: user=0.02 sys=0.00, real=0.01 secs] 
2554.065: [GC (Allocation Failure) [PSYoungGen: 324572K->37231K(465920K)] 1066985K->779960K(1663488K), 0.0068412 secs] [Times: user=0.01 sys=0.00, real=0.01 secs] 
2554.358: [GC (Allocation Failure) [PSYoungGen: 270191K->184719K(465920K)] 1012920K->928830K(1663488K), 0.0205088 secs] [Times: user=0.03 sys=0.00, real=0.02 secs] 
2554.650: [GC (Allocation Failure) [PSYoungGen: 417679K->184655K(465920K)] 1161790K->928910K(1663488K), 0.0204327 secs] [Times: user=0.03 sys=0.00, real=0.02 secs] 
2557.242: [GC (Allocation Failure) [PSYoungGen: 409774K->92126K(465920K)] 1154030K->836647K(1663488K), 0.0174247 secs] [Times: user=0.04 sys=0.00, real=0.02 secs] 
2559.094: [GC (Allocation Failure) [PSYoungGen: 325086K->37588K(465920K)] 1069607K->782416K(1663488K), 0.0073367 secs] [Times: user=0.02 sys=0.00, real=0.01 secs] 
2559.397: [GC (Allocation Failure) [PSYoungGen: 270548K->184173K(465920K)] 1015376K->930239K(1663488K), 0.0204288 secs] [Times: user=0.03 sys=0.00, real=0.02 secs] 
2559.687: [GC (Allocation Failure) [PSYoungGen: 417133K->184526K(465920K)] 1163199K->930865K(1663488K), 0.0205021 secs] [Times: user=0.02 sys=0.00, real=0.02 secs] 
2561.441: [GC (Allocation Failure) [PSYoungGen: 408099K->92383K(465920K)] 1154438K->838987K(1663488K), 0.0166648 secs] [Times: user=0.04 sys=0.00, real=0.02 secs] 
2562.729: [GC (Allocation Failure) [PSYoungGen: 325343K->37649K(465920K)] 1071947K->784567K(1663488K), 0.0056353 secs] [Times: user=0.01 sys=0.00, real=0.00 secs] 
2562.999: [GC (Allocation Failure) [PSYoungGen: 270609K->184687K(465920K)] 1017527K->932866K(1663488K), 0.0204306 secs] [Times: user=0.03 sys=0.00, real=0.02 secs] 
2563.282: [GC (Allocation Failure) [PSYoungGen: 417647K->184044K(465920K)] 1165826K->932497K(1663488K), 0.0202654 secs] [Times: user=0.02 sys=0.00, real=0.02 secs] 
2564.447: [GC (Allocation Failure) [PSYoungGen: 408012K->92383K(465920K)] 1156464K->841101K(1663488K), 0.0271066 secs] [Times: user=0.05 sys=0.00, real=0.02 secs] 
2565.859: [GC (Allocation Failure) [PSYoungGen: 325343K->37845K(465920K)] 1074061K->786868K(1663488K), 0.0065824 secs] [Times: user=0.02 sys=0.00, real=0.01 secs] 
2566.144: [GC (Allocation Failure) [PSYoungGen: 270805K->184462K(465920K)] 1019828K->934739K(1663488K), 0.0203571 secs] [Times: user=0.02 sys=0.00, real=0.02 secs] 
2566.428: [GC (Allocation Failure) [PSYoungGen: 417422K->184333K(465920K)] 1167699K->934891K(1663488K), 0.0202735 secs] [Times: user=0.02 sys=0.00, real=0.02 secs] 
2567.300: [GC (Allocation Failure) [PSYoungGen: 409371K->92094K(465920K)] 1159929K->843046K(1663488K), 0.0193178 secs] [Times: user=0.04 sys=0.01, real=0.02 secs] 
2568.114: [GC (Allocation Failure) [PSYoungGen: 325054K->38166K(465920K)] 1076006K->789302K(1663488K), 0.0056098 secs] [Times: user=0.01 sys=0.00, real=0.01 secs] 
2568.383: [GC (Allocation Failure) [PSYoungGen: 271126K->184590K(465920K)] 1022262K->936980K(1663488K), 0.0204134 secs] [Times: user=0.03 sys=0.00, real=0.02 secs] 
2568.670: [GC (Allocation Failure) [PSYoungGen: 417550K->184751K(465920K)] 1169940K->937415K(1663488K), 0.0204816 secs] [Times: user=0.03 sys=0.00, real=0.02 secs] 
2569.300: [GC (Allocation Failure) [PSYoungGen: 406593K->91226K(465920K)] 1159256K->844155K(1663488K), 0.0114321 secs] [Times: user=0.02 sys=0.00, real=0.01 secs] 
2570.108: [GC (Allocation Failure) [PSYoungGen: 324186K->37877K(465920K)] 1077115K->791119K(1663488K), 0.0056171 secs] [Times: user=0.02 sys=0.00, real=0.00 secs] 
2570.378: [GC (Allocation Failure) [PSYoungGen: 270837K->184976K(465920K)] 1024079K->939463K(1663488K), 0.0204715 secs] [Times: user=0.02 sys=0.00, real=0.02 secs] 
2570.667: [GC (Allocation Failure) [PSYoungGen: 417936K->184912K(465920K)] 1172423K->939673K(1663488K), 0.0204171 secs] [Times: user=0.03 sys=0.00, real=0.02 secs] 
2572.028: [GC (Allocation Failure) [PSYoungGen: 407743K->90969K(465920K)] 1162504K->845995K(1663488K), 0.0158593 secs] [Times: user=0.03 sys=0.00, real=0.01 secs] 
2573.760: [GC (Allocation Failure) [PSYoungGen: 323929K->37716K(465920K)] 1078955K->793050K(1663488K), 0.0076023 secs] [Times: user=0.02 sys=0.00, real=0.01 secs] 
2574.070: [GC (Allocation Failure) [PSYoungGen: 270676K->184590K(465920K)] 1026010K->941177K(1663488K), 0.0204466 secs] [Times: user=0.03 sys=0.00, real=0.02 secs] 
2574.413: [GC (Allocation Failure) [PSYoungGen: 417550K->184687K(465920K)] 1174137K->941547K(1663488K), 0.0213436 secs] [Times: user=0.03 sys=0.00, real=0.02 secs] 
2575.646: [GC (Allocation Failure) [PSYoungGen: 409713K->91741K(465920K)] 1166573K->848994K(1663488K), 0.0127382 secs] [Times: user=0.03 sys=0.00, real=0.01 secs] 
2577.690: [GC (Allocation Failure) [PSYoungGen: 324701K->37488K(465920K)] 1081954K->794911K(1663488K), 0.0079459 secs] [Times: user=0.02 sys=0.00, real=0.01 secs] 
2578.004: [GC (Allocation Failure) [PSYoungGen: 270448K->184333K(465920K)] 1027871K->943010K(1663488K), 0.0205036 secs] [Times: user=0.03 sys=0.00, real=0.02 secs] 
2578.347: [GC (Allocation Failure) [PSYoungGen: 417293K->184623K(465920K)] 1175970K->943572K(1663488K), 0.0205458 secs] [Times: user=0.03 sys=0.00, real=0.02 secs] 
2578.986: [GC (Allocation Failure) [PSYoungGen: 409754K->92303K(465920K)] 1168704K->851525K(1663488K), 0.0122803 secs] [Times: user=0.02 sys=0.00, real=0.01 secs] 
2580.269: [GC (Allocation Failure) [PSYoungGen: 325263K->37588K(465920K)] 1084485K->797132K(1663488K), 0.0065385 secs] [Times: user=0.02 sys=0.00, real=0.01 secs] 
2580.547: [GC (Allocation Failure) [PSYoungGen: 270548K->184333K(465920K)] 1030092K->945131K(1663488K), 0.0204572 secs] [Times: user=0.03 sys=0.00, real=0.02 secs] 
2580.835: [GC (Allocation Failure) [PSYoungGen: 417293K->184719K(465920K)] 1178091K->945798K(1663488K), 0.0204172 secs] [Times: user=0.03 sys=0.00, real=0.02 secs] 
2582.027: [GC (Allocation Failure) [PSYoungGen: 409868K->92158K(465920K)] 1170947K->853502K(1663488K), 0.0122905 secs] [Times: user=0.03 sys=0.00, real=0.01 secs] 
2583.763: [GC (Allocation Failure) [PSYoungGen: 325118K->37459K(465920K)] 1086462K->799113K(1663488K), 0.0063193 secs] [Times: user=0.01 sys=0.00, real=0.01 secs] 
2584.041: [GC (Allocation Failure) [PSYoungGen: 270419K->184719K(465920K)] 1032073K->947626K(1663488K), 0.0205382 secs] [Times: user=0.03 sys=0.00, real=0.02 secs] 
2584.327: [GC (Allocation Failure) [PSYoungGen: 417679K->184623K(465920K)] 1180586K->947803K(1663488K), 0.0204872 secs] [Times: user=0.03 sys=0.00, real=0.02 secs] 
2584.950: [GC (Allocation Failure) [PSYoungGen: 407430K->91901K(465920K)] 1170610K->855347K(1663488K), 0.0109739 secs] [Times: user=0.02 sys=0.00, real=0.01 secs] 
2586.643: [GC (Allocation Failure) [PSYoungGen: 324861K->37588K(465920K)] 1088307K->801347K(1663488K), 0.0084963 secs] [Times: user=0.02 sys=0.00, real=0.01 secs] 
2586.972: [GC (Allocation Failure) [PSYoungGen: 270548K->184687K(465920K)] 1034307K->949820K(1663488K), 0.0204156 secs] [Times: user=0.03 sys=0.00, real=0.02 secs] 
2587.257: [GC (Allocation Failure) [PSYoungGen: 417647K->184719K(465920K)] 1182780K->950005K(1663488K), 0.0204255 secs] [Times: user=0.03 sys=0.00, real=0.02 secs] 
2589.654: [GC (Allocation Failure) [PSYoungGen: 407529K->91709K(465920K)] 1172815K->857260K(1663488K), 0.0200281 secs] [Times: user=0.04 sys=0.00, real=0.02 secs] 
2591.529: [GC (Allocation Failure) [PSYoungGen: 324669K->37716K(465920K)] 1090220K->803593K(1663488K), 0.0083292 secs] [Times: user=0.02 sys=0.00, real=0.01 secs] 
2591.897: [GC (Allocation Failure) [PSYoungGen: 270676K->184719K(465920K)] 1036553K->951857K(1663488K), 0.0204511 secs] [Times: user=0.03 sys=0.00, real=0.02 secs] 
2592.239: [GC (Allocation Failure) [PSYoungGen: 417679K->184687K(465920K)] 1184817K->952106K(1663488K), 0.0205247 secs] [Times: user=0.03 sys=0.00, real=0.02 secs] 
2592.856: [GC (Allocation Failure) [PSYoungGen: 407236K->91612K(465920K)] 1174656K->859296K(1663488K), 0.0125150 secs] [Times: user=0.03 sys=0.00, real=0.01 secs] 
2594.368: [GC (Allocation Failure) [PSYoungGen: 324572K->37684K(465920K)] 1092256K->805676K(1663488K), 0.0075843 secs] [Times: user=0.02 sys=0.00, real=0.01 secs] 
2594.676: [GC (Allocation Failure) [PSYoungGen: 270644K->183916K(465920K)] 1038636K->953161K(1663488K), 0.0203602 secs] [Times: user=0.02 sys=0.00, real=0.02 secs] 
2595.021: [GC (Allocation Failure) [PSYoungGen: 416876K->184398K(465920K)] 1186121K->954045K(1663488K), 0.0204855 secs] [Times: user=0.03 sys=0.00, real=0.02 secs] 
2595.688: [GC (Allocation Failure) [PSYoungGen: 409746K->92608K(465920K)] 1179393K->862392K(1663488K), 0.0115155 secs] [Times: user=0.02 sys=0.00, real=0.01 secs] 
2596.644: [GC (Allocation Failure) [PSYoungGen: 325568K->37973K(465920K)] 1095352K->808079K(1663488K), 0.0093436 secs] [Times: user=0.02 sys=0.00, real=0.01 secs] 
2596.983: [GC (Allocation Failure) [PSYoungGen: 270933K->184687K(465920K)] 1041039K->956046K(1663488K), 0.0204670 secs] [Times: user=0.02 sys=0.00, real=0.02 secs] 
2597.269: [GC (Allocation Failure) [PSYoungGen: 417647K->184687K(465920K)] 1189006K->956327K(1663488K), 0.0204148 secs] [Times: user=0.03 sys=0.00, real=0.02 secs] 
2599.066: [GC (Allocation Failure) [PSYoungGen: 407251K->91387K(465920K)] 1178891K->863292K(1663488K), 0.0167913 secs] [Times: user=0.03 sys=0.00, real=0.01 secs] 
2601.551: [GC (Allocation Failure) [PSYoungGen: 324347K->37649K(465920K)] 1096252K->809852K(1663488K), 0.0072939 secs] [Times: user=0.01 sys=0.00, real=0.01 secs] 
2601.849: [GC (Allocation Failure) [PSYoungGen: 270609K->184687K(465920K)] 1042812K->958264K(1663488K), 0.0205167 secs] [Times: user=0.03 sys=0.00, real=0.02 secs] 
2602.135: [GC (Allocation Failure) [PSYoungGen: 417647K->184719K(465920K)] 1191224K->958448K(1663488K), 0.0205211 secs] [Times: user=0.03 sys=0.00, real=0.02 secs] 
2602.968: [GC (Allocation Failure) [PSYoungGen: 407539K->91741K(465920K)] 1181269K->865735K(1663488K), 0.0125836 secs] [Times: user=0.03 sys=0.00, real=0.01 secs] 
2604.615: [GC (Allocation Failure) [PSYoungGen: 324701K->37488K(465920K)] 1098695K->811805K(1663488K), 0.0065613 secs] [Times: user=0.01 sys=0.00, real=0.00 secs] 
2604.901: [GC (Allocation Failure) [PSYoungGen: 270448K->184687K(465920K)] 1044765K->960377K(1663488K), 0.0205784 secs] [Times: user=0.02 sys=0.00, real=0.02 secs] 
2605.185: [GC (Allocation Failure) [PSYoungGen: 417647K->184623K(465920K)] 1193337K->960466K(1663488K), 0.0204548 secs] [Times: user=0.03 sys=0.00, real=0.02 secs] 
2606.728: [GC (Allocation Failure) [PSYoungGen: 407177K->91869K(465920K)] 1183020K->867977K(1663488K), 0.0117178 secs] [Times: user=0.03 sys=0.01, real=0.01 secs] 
2609.038: [GC (Allocation Failure) [PSYoungGen: 324829K->37170K(465920K)] 1100937K->813584K(1663488K), 0.0066141 secs] [Times: user=0.02 sys=0.00, real=0.00 secs] 
2609.325: [GC (Allocation Failure) [PSYoungGen: 270130K->183851K(465920K)] 1046544K->961510K(1663488K), 0.0203105 secs] [Times: user=0.03 sys=0.00, real=0.03 secs] 
2609.674: [GC (Allocation Failure) [PSYoungGen: 416811K->184333K(465920K)] 1194470K->962265K(1663488K), 0.0209484 secs] [Times: user=0.03 sys=0.00, real=0.02 secs] 
2611.181: [GC (Allocation Failure) [PSYoungGen: 410774K->93443K(465920K)] 1188706K->871641K(1663488K), 0.0165162 secs] [Times: user=0.03 sys=0.00, real=0.02 secs] 
2612.895: [GC (Allocation Failure) [PSYoungGen: 326403K->37652K(465920K)] 1104601K->816155K(1663488K), 0.0071140 secs] [Times: user=0.02 sys=0.00, real=0.00 secs] 
2613.190: [GC (Allocation Failure) [PSYoungGen: 270612K->184462K(465920K)] 1049115K->964355K(1663488K), 0.0204821 secs] [Times: user=0.03 sys=0.00, real=0.02 secs] 
2613.532: [GC (Allocation Failure) [PSYoungGen: 417422K->184558K(465920K)] 1197315K->964604K(1663488K), 0.0207003 secs] [Times: user=0.03 sys=0.00, real=0.02 secs] 
2614.618: [GC (Allocation Failure) [PSYoungGen: 407607K->92094K(465920K)] 1187653K->872405K(1663488K), 0.0151846 secs] [Times: user=0.03 sys=0.00, real=0.01 secs] 
2615.480: [GC (Allocation Failure) [PSYoungGen: 325054K->37845K(465920K)] 1105365K->818463K(1663488K), 0.0057218 secs] [Times: user=0.01 sys=0.00, real=0.01 secs] 
2615.751: [GC (Allocation Failure) [PSYoungGen: 270805K->184976K(465920K)] 1051423K->966832K(1663488K), 0.0206100 secs] [Times: user=0.03 sys=0.00, real=0.02 secs] 
2616.035: [GC (Allocation Failure) [PSYoungGen: 417936K->184205K(465920K)] 1199792K->966470K(1663488K), 0.0204085 secs] [Times: user=0.03 sys=0.00, real=0.02 secs] 
2616.708: [GC (Allocation Failure) [PSYoungGen: 407178K->91709K(465920K)] 1189443K->874111K(1663488K), 0.0115196 secs] [Times: user=0.02 sys=0.00, real=0.01 secs] 
2617.602: [GC (Allocation Failure) [PSYoungGen: 324669K->38005K(465920K)] 1107071K->820717K(1663488K), 0.0056244 secs] [Times: user=0.01 sys=0.00, real=0.01 secs] 
2617.872: [GC (Allocation Failure) [PSYoungGen: 270965K->184719K(465920K)] 1053677K->968684K(1663488K), 0.0205164 secs] [Times: user=0.02 sys=0.00, real=0.02 secs] 
2618.157: [GC (Allocation Failure) [PSYoungGen: 417679K->184751K(465920K)] 1201644K->969126K(1663488K), 0.0220887 secs] [Times: user=0.03 sys=0.00, real=0.02 secs] 
2618.847: [GC (Allocation Failure) [PSYoungGen: 407188K->91355K(465920K)] 1191563K->875995K(1663488K), 0.0119654 secs] [Times: user=0.02 sys=0.00, real=0.01 secs] 
2619.847: [GC (Allocation Failure) [PSYoungGen: 324315K->38005K(465920K)] 1108955K->822841K(1663488K), 0.0056533 secs] [Times: user=0.01 sys=0.00, real=0.00 secs] 
2620.174: [GC (Allocation Failure) [PSYoungGen: 270965K->183916K(465920K)] 1055801K->969988K(1663488K), 0.0203534 secs] [Times: user=0.03 sys=0.00, real=0.02 secs] 
2620.463: [GC (Allocation Failure) [PSYoungGen: 416876K->184462K(465920K)] 1202948K->970944K(1663488K), 0.0205485 secs] [Times: user=0.03 sys=0.00, real=0.02 secs] 
2621.673: [GC (Allocation Failure) [PSYoungGen: 409714K->92399K(465920K)] 1196196K->879018K(1663488K), 0.0138893 secs] [Times: user=0.03 sys=0.00, real=0.02 secs] 
2623.601: [GC (Allocation Failure) [PSYoungGen: 325359K->37620K(465920K)] 1111978K->824536K(1663488K), 0.0071397 secs] [Times: user=0.02 sys=0.00, real=0.01 secs] 
2623.901: [GC (Allocation Failure) [PSYoungGen: 270580K->184719K(465920K)] 1057496K->972889K(1663488K), 0.0204994 secs] [Times: user=0.03 sys=0.00, real=0.02 secs] 
2624.249: [GC (Allocation Failure) [PSYoungGen: 417679K->184719K(465920K)] 1205849K->973291K(1663488K), 0.0204882 secs] [Times: user=0.03 sys=0.00, real=0.02 secs] 
2625.634: [GC (Allocation Failure) [PSYoungGen: 407149K->91725K(465920K)] 1195721K->880562K(1663488K), 0.0170173 secs] [Times: user=0.03 sys=0.00, real=0.02 secs] 
2626.472: [GC (Allocation Failure) [PSYoungGen: 324685K->38131K(465920K)] 1113522K->827145K(1663488K), 0.0056255 secs] [Times: user=0.02 sys=0.00, real=0.01 secs] 
2626.808: [GC (Allocation Failure) [PSYoungGen: 271091K->184719K(465920K)] 1060105K->975107K(1663488K), 0.0206115 secs] [Times: user=0.03 sys=0.00, real=0.02 secs] 
2627.096: [GC (Allocation Failure) [PSYoungGen: 417679K->184687K(465920K)] 1208067K->975220K(1663488K), 0.0219108 secs] [Times: user=0.03 sys=0.00, real=0.02 secs] 
2627.707: [GC (Allocation Failure) [PSYoungGen: 407107K->91194K(465920K)] 1197640K->881992K(1663488K), 0.0121778 secs] [Times: user=0.03 sys=0.00, real=0.01 secs] 
2628.529: [GC (Allocation Failure) [PSYoungGen: 324154K->38005K(465920K)] 1114952K->829117K(1663488K), 0.0056559 secs] [Times: user=0.02 sys=0.00, real=0.01 secs] 
2628.800: [GC (Allocation Failure) [PSYoungGen: 270965K->184719K(465920K)] 1062077K->977084K(1663488K), 0.0203903 secs] [Times: user=0.03 sys=0.00, real=0.02 secs] 
2629.144: [GC (Allocation Failure) [PSYoungGen: 417679K->184719K(465920K)] 1210044K->977357K(1663488K), 0.0204960 secs] [Times: user=0.03 sys=0.00, real=0.02 secs] 
2629.765: [GC (Allocation Failure) [PSYoungGen: 407270K->91355K(465920K)] 1199909K->884258K(1663488K), 0.0120606 secs] [Times: user=0.02 sys=0.00, real=0.01 secs] 
2631.053: [GC (Allocation Failure) [PSYoungGen: 324315K->37588K(465920K)] 1117218K->830805K(1663488K), 0.0063929 secs] [Times: user=0.01 sys=0.00, real=0.01 secs] 
2631.329: [GC (Allocation Failure) [PSYoungGen: 270548K->184687K(465920K)] 1063765K->979286K(1663488K), 0.0203997 secs] [Times: user=0.02 sys=0.00, real=0.02 secs] 
2631.614: [GC (Allocation Failure) [PSYoungGen: 417647K->184719K(465920K)] 1212246K->979462K(1663488K), 0.0206306 secs] [Times: user=0.03 sys=0.00, real=0.03 secs] 
2633.302: [GC (Allocation Failure) [PSYoungGen: 407537K->91773K(465920K)] 1202281K->886797K(1663488K), 0.0136614 secs] [Times: user=0.02 sys=0.00, real=0.02 secs] 
2634.323: [GC (Allocation Failure) [PSYoungGen: 324733K->38002K(465920K)] 1119757K->833341K(1663488K), 0.0064450 secs] [Times: user=0.01 sys=0.00, real=0.01 secs] 
2634.602: [GC (Allocation Failure) [PSYoungGen: 270962K->184719K(465920K)] 1066301K->981439K(1663488K), 0.0210007 secs] [Times: user=0.03 sys=0.00, real=0.02 secs] 
2634.891: [GC (Allocation Failure) [PSYoungGen: 417679K->184719K(465920K)] 1214399K->981592K(1663488K), 0.0205127 secs] [Times: user=0.03 sys=0.00, real=0.02 secs] 
2635.535: [GC (Allocation Failure) [PSYoungGen: 407273K->91355K(465920K)] 1204147K->888493K(1663488K), 0.0110162 secs] [Times: user=0.02 sys=0.00, real=0.02 secs] 
2637.040: [GC (Allocation Failure) [PSYoungGen: 324315K->37459K(465920K)] 1121453K->834913K(1663488K), 0.0082105 secs] [Times: user=0.02 sys=0.00, real=0.01 secs] 
2637.363: [GC (Allocation Failure) [PSYoungGen: 270419K->183948K(465920K)] 1067873K->982647K(1663488K), 0.0203906 secs] [Times: user=0.03 sys=0.00, real=0.02 secs] 
2637.712: [GC (Allocation Failure) [PSYoungGen: 416908K->184751K(465920K)] 1215607K->983724K(1663488K), 0.0206047 secs] [Times: user=0.02 sys=0.00, real=0.02 secs] 
2638.394: [GC (Allocation Failure) [PSYoungGen: 410199K->92512K(465920K)] 1209171K->891878K(1663488K), 0.0127409 secs] [Times: user=0.03 sys=0.00, real=0.02 secs] 
2639.226: [GC (Allocation Failure) [PSYoungGen: 325472K->38002K(465920K)] 1124838K->837564K(1663488K), 0.0056823 secs] [Times: user=0.01 sys=0.00, real=0.00 secs] 
2639.498: [GC (Allocation Failure) [PSYoungGen: 270962K->184719K(465920K)] 1070524K->985662K(1663488K), 0.0204732 secs] [Times: user=0.03 sys=0.00, real=0.02 secs] 
2639.843: [GC (Allocation Failure) [PSYoungGen: 417679K->184719K(465920K)] 1218622K->985935K(1663488K), 0.0206529 secs] [Times: user=0.03 sys=0.00, real=0.02 secs] 
2640.500: [GC (Allocation Failure) [PSYoungGen: 407152K->91355K(465920K)] 1208368K->892836K(1663488K), 0.0125271 secs] [Times: user=0.03 sys=0.00, real=0.01 secs] 
2641.342: [GC (Allocation Failure) [PSYoungGen: 324315K->38034K(465920K)] 1125796K->839705K(1663488K), 0.0056410 secs] [Times: user=0.01 sys=0.00, real=0.01 secs] 
2641.675: [GC (Allocation Failure) [PSYoungGen: 270994K->183851K(465920K)] 1072665K->986775K(1663488K), 0.0206203 secs] [Times: user=0.02 sys=0.00, real=0.02 secs] 
2642.022: [GC (Allocation Failure) [PSYoungGen: 416811K->184623K(465920K)] 1219735K->987852K(1663488K), 0.0206673 secs] [Times: user=0.03 sys=0.00, real=0.02 secs] 
2643.627: [GC (Allocation Failure) [PSYoungGen: 408404K->92287K(465920K)] 1211633K->895789K(1663488K), 0.0123368 secs] [Times: user=0.02 sys=0.00, real=0.01 secs] 
2644.422: [GC (Allocation Failure) [PSYoungGen: 325247K->37874K(465920K)] 1128749K->841692K(1663488K), 0.0056307 secs] [Times: user=0.01 sys=0.00, real=0.01 secs] 
2644.694: [GC (Allocation Failure) [PSYoungGen: 270834K->184976K(465920K)] 1074652K->990039K(1663488K), 0.0206674 secs] [Times: user=0.03 sys=0.00, real=0.03 secs] 
2644.984: [GC (Allocation Failure) [PSYoungGen: 417936K->184269K(465920K)] 1222999K->989606K(1663488K), 0.0203947 secs] [Times: user=0.02 sys=0.00, real=0.02 secs] 
2646.932: [GC (Allocation Failure) [PSYoungGen: 407126K->91612K(465920K)] 1212463K->897342K(1663488K), 0.0246533 secs] [Times: user=0.06 sys=0.00, real=0.03 secs] 
2648.394: [GC (Allocation Failure) [PSYoungGen: 324572K->38102K(465920K)] 1130302K->843998K(1663488K), 0.0057142 secs] [Times: user=0.01 sys=0.00, real=0.01 secs] 
2648.665: [GC (Allocation Failure) [PSYoungGen: 271062K->184687K(465920K)] 1076958K->991828K(1663488K), 0.0208881 secs] [Times: user=0.03 sys=0.00, real=0.03 secs] 
2649.007: [GC (Allocation Failure) [PSYoungGen: 417647K->184623K(465920K)] 1224788K->992166K(1663488K), 0.0203628 secs] [Times: user=0.03 sys=0.00, real=0.02 secs] 
2650.130: [GC (Allocation Failure) [PSYoungGen: 407064K->91210K(465920K)] 1214607K->899019K(1663488K), 0.0241100 secs] [Times: user=0.05 sys=0.00, real=0.02 secs] 
2651.284: [GC (Allocation Failure) [PSYoungGen: 324170K->37973K(465920K)] 1131979K->845968K(1663488K), 0.0056057 secs] [Times: user=0.02 sys=0.00, real=0.01 secs] 
2651.554: [GC (Allocation Failure) [PSYoungGen: 270933K->183883K(465920K)] 1078928K->993124K(1663488K), 0.0205860 secs] [Times: user=0.02 sys=0.00, real=0.02 secs] 
2651.900: [GC (Allocation Failure) [PSYoungGen: 416843K->184687K(465920K)] 1226084K->994225K(1663488K), 0.0206742 secs] [Times: user=0.03 sys=0.00, real=0.02 secs] 
2653.095: [GC (Allocation Failure) [PSYoungGen: 410094K->92239K(465920K)] 1219632K->902042K(1663488K), 0.0260447 secs] [Times: user=0.05 sys=0.00, real=0.03 secs] 
2654.136: [GC (Allocation Failure) [PSYoungGen: 325199K->37973K(465920K)] 1135002K->848082K(1663488K), 0.0056485 secs] [Times: user=0.02 sys=0.00, real=0.00 secs] 
2654.407: [GC (Allocation Failure) [PSYoungGen: 270933K->184558K(465920K)] 1081042K->995920K(1663488K), 0.0204869 secs] [Times: user=0.03 sys=0.00, real=0.02 secs] 
2654.692: [GC (Allocation Failure) [PSYoungGen: 417518K->184301K(465920K)] 1228880K->995936K(1663488K), 0.0207202 secs] [Times: user=0.03 sys=0.00, real=0.02 secs] 
2658.233: [GC (Allocation Failure) [PSYoungGen: 409171K->91837K(465920K)] 1220807K->903737K(1663488K), 0.0195910 secs] [Times: user=0.04 sys=0.00, real=0.02 secs] 
2659.429: [GC (Allocation Failure) [PSYoungGen: 324797K->37874K(465920K)] 1136697K->850082K(1663488K), 0.0065238 secs] [Times: user=0.01 sys=0.00, real=0.01 secs] 
2659.706: [GC (Allocation Failure) [PSYoungGen: 270834K->184398K(465920K)] 1083042K->997843K(1663488K), 0.0216125 secs] [Times: user=0.03 sys=0.00, real=0.02 secs] 
2659.994: [GC (Allocation Failure) [PSYoungGen: 417358K->184269K(465920K)] 1230803K->997988K(1663488K), 0.0205482 secs] [Times: user=0.03 sys=0.00, real=0.03 secs] 
2661.010: [GC (Allocation Failure) [PSYoungGen: 409306K->92126K(465920K)] 1223025K->906238K(1663488K), 0.0193692 secs] [Times: user=0.05 sys=0.00, real=0.02 secs] 
2661.817: [GC (Allocation Failure) [PSYoungGen: 325086K->38037K(465920K)] 1139198K->852339K(1663488K), 0.0056467 secs] [Times: user=0.01 sys=0.00, real=0.00 secs] 
2662.146: [GC (Allocation Failure) [PSYoungGen: 270997K->184173K(465920K)] 1085299K->999728K(1663488K), 0.0204700 secs] [Times: user=0.02 sys=0.00, real=0.02 secs] 
2662.430: [GC (Allocation Failure) [PSYoungGen: 417133K->184558K(465920K)] 1232688K->1000394K(1663488K), 0.0204501 secs] [Times: user=0.03 sys=0.00, real=0.02 secs] 
2663.382: [GC (Allocation Failure) [PSYoungGen: 407609K->91998K(465920K)] 1223445K->908099K(1663488K), 0.0121035 secs] [Times: user=0.02 sys=0.00, real=0.01 secs] 
2664.306: [GC (Allocation Failure) [PSYoungGen: 324958K->37813K(465920K)] 1141059K->854228K(1663488K), 0.0073782 secs] [Times: user=0.02 sys=0.00, real=0.00 secs] 
2664.660: [GC (Allocation Failure) [PSYoungGen: 270773K->184462K(465920K)] 1087188K->1002122K(1663488K), 0.0205242 secs] [Times: user=0.02 sys=0.00, real=0.02 secs] 
2664.946: [GC (Allocation Failure) [PSYoungGen: 417422K->184301K(465920K)] 1235082K->1002235K(1663488K), 0.0209997 secs] [Times: user=0.03 sys=0.00, real=0.02 secs] 
2665.881: [GC (Allocation Failure) [PSYoungGen: 409340K->92126K(465920K)] 1227273K->910453K(1663488K), 0.0163365 secs] [Times: user=0.04 sys=0.00, real=0.02 secs] 
2668.292: [GC (Allocation Failure) [PSYoungGen: 325086K->37488K(465920K)] 1143413K->855987K(1663488K), 0.0087658 secs] [Times: user=0.02 sys=0.00, real=0.01 secs] 
2668.616: [GC (Allocation Failure) [PSYoungGen: 270448K->184847K(465920K)] 1088947K->1004591K(1663488K), 0.0205399 secs] [Times: user=0.03 sys=0.00, real=0.02 secs] 
2668.906: [GC (Allocation Failure) [PSYoungGen: 417807K->184719K(465920K)] 1237551K->1004872K(1663488K), 0.0205405 secs] [Times: user=0.03 sys=0.00, real=0.02 secs] 
2669.572: [GC (Allocation Failure) [PSYoungGen: 407519K->91773K(465920K)] 1227672K->912063K(1663488K), 0.0116244 secs] [Times: user=0.03 sys=0.00, real=0.01 secs] 
2670.424: [GC (Allocation Failure) [PSYoungGen: 324733K->38131K(465920K)] 1145023K->858721K(1663488K), 0.0057455 secs] [Times: user=0.01 sys=0.00, real=0.01 secs] 
2670.757: [GC (Allocation Failure) [PSYoungGen: 271091K->184719K(465920K)] 1091681K->1006554K(1663488K), 0.0210839 secs] [Times: user=0.03 sys=0.00, real=0.02 secs] 
2671.047: [GC (Allocation Failure) [PSYoungGen: 417679K->184687K(465920K)] 1239514K->1006795K(1663488K), 0.0207192 secs] [Times: user=0.03 sys=0.00, real=0.02 secs] 
2672.167: [GC (Allocation Failure) [PSYoungGen: 407138K->91226K(465920K)] 1229247K->913600K(1663488K), 0.0163811 secs] [Times: user=0.03 sys=0.00, real=0.01 secs] 
2673.208: [GC (Allocation Failure) [PSYoungGen: 324186K->37973K(465920K)] 1146560K->860662K(1663488K), 0.0068090 secs] [Times: user=0.02 sys=0.00, real=0.00 secs] 
2673.490: [GC (Allocation Failure) [PSYoungGen: 270933K->183948K(465920K)] 1093622K->1007882K(1663488K), 0.0204302 secs] [Times: user=0.03 sys=0.00, real=0.02 secs] 
2673.777: [GC (Allocation Failure) [PSYoungGen: 416908K->184398K(465920K)] 1240842K->1008605K(1663488K), 0.0204179 secs] [Times: user=0.02 sys=0.00, real=0.02 secs] 
2677.029: [GC (Allocation Failure) [PSYoungGen: 409599K->92415K(465920K)] 1233807K->916888K(1663488K), 0.0249284 secs] [Times: user=0.06 sys=0.00, real=0.02 secs] 
2678.558: [GC (Allocation Failure) [PSYoungGen: 325375K->38005K(465920K)] 1149848K->862792K(1663488K), 0.0057406 secs] [Times: user=0.02 sys=0.00, real=0.00 secs] 
2678.897: [GC (Allocation Failure) [PSYoungGen: 270965K->184719K(465920K)] 1095752K->1010759K(1663488K), 0.0205867 secs] [Times: user=0.03 sys=0.00, real=0.02 secs] 
2679.186: [GC (Allocation Failure) [PSYoungGen: 417679K->184687K(465920K)] 1243719K->1011128K(1663488K), 0.0206010 secs] [Times: user=0.03 sys=0.00, real=0.02 secs] 
2680.355: [GC (Allocation Failure) [PSYoungGen: 407117K->91355K(465920K)] 1233559K->918062K(1663488K), 0.0195479 secs] [Times: user=0.04 sys=0.00, real=0.01 secs] 
2681.390: [GC (Allocation Failure) [PSYoungGen: 324315K->37973K(465920K)] 1151022K->864859K(1663488K), 0.0057370 secs] [Times: user=0.01 sys=0.00, real=0.01 secs] 
2681.660: [GC (Allocation Failure) [PSYoungGen: 270933K->183883K(465920K)] 1097819K->1012023K(1663488K), 0.0204320 secs] [Times: user=0.03 sys=0.00, real=0.02 secs] 
2681.946: [GC (Allocation Failure) [PSYoungGen: 416843K->184687K(465920K)] 1244983K->1013131K(1663488K), 0.0204988 secs] [Times: user=0.03 sys=0.00, real=0.02 secs] 
2682.994: [GC (Allocation Failure) [PSYoungGen: 408467K->92239K(465920K)] 1236912K->920956K(1663488K), 0.0122695 secs] [Times: user=0.03 sys=0.00, real=0.02 secs] 
2684.215: [GC (Allocation Failure) [PSYoungGen: 325199K->37845K(465920K)] 1153916K->866868K(1663488K), 0.0057206 secs] [Times: user=0.02 sys=0.00, real=0.00 secs] 
2684.552: [GC (Allocation Failure) [PSYoungGen: 270805K->184847K(465920K)] 1099828K->1015124K(1663488K), 0.0207732 secs] [Times: user=0.03 sys=0.00, real=0.02 secs] 
2684.838: [GC (Allocation Failure) [PSYoungGen: 417807K->184173K(465920K)] 1248084K->1014723K(1663488K), 0.0210106 secs] [Times: user=0.03 sys=0.00, real=0.02 secs] 
2686.049: [GC (Allocation Failure) [PSYoungGen: 407171K->91869K(465920K)] 1237721K->922684K(1663488K), 0.0179890 secs] [Times: user=0.04 sys=0.00, real=0.02 secs] 
2687.598: [GC (Allocation Failure) [PSYoungGen: 324829K->37973K(465920K)] 1155644K->869094K(1663488K), 0.0067757 secs] [Times: user=0.01 sys=0.00, real=0.01 secs] 
2687.886: [GC (Allocation Failure) [PSYoungGen: 270933K->184558K(465920K)] 1102054K->1017053K(1663488K), 0.0206015 secs] [Times: user=0.03 sys=0.00, real=0.02 secs] 
2688.172: [GC (Allocation Failure) [PSYoungGen: 417518K->184366K(465920K)] 1250013K->1017005K(1663488K), 0.0206176 secs] [Times: user=0.03 sys=0.00, real=0.02 secs] 
2690.033: [GC (Allocation Failure) [PSYoungGen: 407109K->91725K(465920K)] 1239749K->924629K(1663488K), 0.0290200 secs] [Times: user=0.06 sys=0.00, real=0.03 secs] 
2692.029: [GC (Allocation Failure) [PSYoungGen: 324685K->37745K(465920K)] 1157589K->870949K(1663488K), 0.0073831 secs] [Times: user=0.02 sys=0.00, real=0.01 secs] 
2692.328: [GC (Allocation Failure) [PSYoungGen: 270705K->184719K(465920K)] 1103909K->1019184K(1663488K), 0.0205721 secs] [Times: user=0.02 sys=0.01, real=0.02 secs] 
2692.671: [GC (Allocation Failure) [PSYoungGen: 417679K->184623K(465920K)] 1252144K->1019362K(1663488K), 0.0206579 secs] [Times: user=0.03 sys=0.00, real=0.02 secs] 
2694.205: [GC (Allocation Failure) [PSYoungGen: 407171K->91612K(465920K)] 1241910K->926616K(1663488K), 0.0272614 secs] [Times: user=0.06 sys=0.00, real=0.02 secs] 
2696.187: [GC (Allocation Failure) [PSYoungGen: 324572K->37845K(465920K)] 1159576K->873156K(1663488K), 0.0078462 secs] [Times: user=0.02 sys=0.00, real=0.00 secs] 
2696.494: [GC (Allocation Failure) [PSYoungGen: 270805K->184687K(465920K)] 1106116K->1021364K(1663488K), 0.0205605 secs] [Times: user=0.03 sys=0.00, real=0.02 secs] 
2696.784: [GC (Allocation Failure) [PSYoungGen: 417647K->184719K(465920K)] 1254324K->1021541K(1663488K), 0.0206360 secs] [Times: user=0.03 sys=0.00, real=0.02 secs] 
2697.387: [GC (Allocation Failure) [PSYoungGen: 407269K->91452K(465920K)] 1244091K->928539K(1663488K), 0.0111884 secs] [Times: user=0.02 sys=0.00, real=0.01 secs] 
2698.684: [GC (Allocation Failure) [PSYoungGen: 324412K->37874K(465920K)] 1161499K->875267K(1663488K), 0.0058709 secs] [Times: user=0.01 sys=0.00, real=0.01 secs] 
2699.035: [GC (Allocation Failure) [PSYoungGen: 270834K->184687K(465920K)] 1108227K->1023462K(1663488K), 0.0205500 secs] [Times: user=0.03 sys=0.00, real=0.02 secs] 
2699.382: [GC (Allocation Failure) [PSYoungGen: 417647K->184655K(465920K)] 1256422K->1023574K(1663488K), 0.0207165 secs] [Times: user=0.03 sys=0.00, real=0.02 secs] 
2700.860: [GC (Allocation Failure) [PSYoungGen: 407209K->91516K(465920K)] 1246129K->930700K(1663488K), 0.0211615 secs] [Times: user=0.05 sys=0.00, real=0.02 secs] 
2702.326: [GC (Allocation Failure) [PSYoungGen: 324476K->37748K(465920K)] 1163660K->877241K(1663488K), 0.0067698 secs] [Times: user=0.01 sys=0.00, real=0.00 secs] 
2702.611: [GC (Allocation Failure) [PSYoungGen: 270708K->184719K(465920K)] 1110201K->1025601K(1663488K), 0.0206130 secs] [Times: user=0.03 sys=0.00, real=0.02 secs] 
2702.895: [GC (Allocation Failure) [PSYoungGen: 417679K->184719K(465920K)] 1258561K->1025746K(1663488K), 0.0206579 secs] [Times: user=0.03 sys=0.00, real=0.02 secs] 
2703.818: [GC (Allocation Failure) [PSYoungGen: 407272K->91612K(465920K)] 1248299K->932904K(1663488K), 0.0119601 secs] [Times: user=0.02 sys=0.00, real=0.01 secs] 
2705.340: [GC (Allocation Failure) [PSYoungGen: 324572K->37716K(465920K)] 1165864K->879302K(1663488K), 0.0071111 secs] [Times: user=0.02 sys=0.00, real=0.01 secs] 
2705.635: [GC (Allocation Failure) [PSYoungGen: 270676K->184655K(465920K)] 1112262K->1027470K(1663488K), 0.0211055 secs] [Times: user=0.03 sys=0.00, real=0.02 secs] 
2705.926: [GC (Allocation Failure) [PSYoungGen: 417615K->184687K(465920K)] 1260430K->1027783K(1663488K), 0.0206503 secs] [Times: user=0.03 sys=0.00, real=0.02 secs] 
2706.544: [GC (Allocation Failure) [PSYoungGen: 407230K->91580K(465920K)] 1250326K->934942K(1663488K), 0.0108851 secs] [Times: user=0.02 sys=0.00, real=0.01 secs] 
2707.436: [GC (Allocation Failure) [PSYoungGen: 324540K->37973K(465920K)] 1167902K->881648K(1663488K), 0.0067884 secs] [Times: user=0.02 sys=0.00, real=0.00 secs] 
2707.717: [GC (Allocation Failure) [PSYoungGen: 270933K->184719K(465920K)] 1114608K->1029648K(1663488K), 0.0204957 secs] [Times: user=0.03 sys=0.00, real=0.02 secs] 
2708.007: [GC (Allocation Failure) [PSYoungGen: 417679K->184687K(465920K)] 1262608K->1029897K(1663488K), 0.0205566 secs] [Times: user=0.03 sys=0.00, real=0.02 secs] 
2709.081: [GC (Allocation Failure) [PSYoungGen: 407231K->91355K(465920K)] 1252441K->936830K(1663488K), 0.0167263 secs] [Times: user=0.03 sys=0.00, real=0.02 secs] 
2711.354: [GC (Allocation Failure) [PSYoungGen: 324315K->37941K(465920K)] 1169790K->883732K(1663488K), 0.0078675 secs] [Times: user=0.02 sys=0.00, real=0.01 secs] 
2711.667: [GC (Allocation Failure) [PSYoungGen: 270901K->183948K(465920K)] 1116692K->1030976K(1663488K), 0.0204398 secs] [Times: user=0.03 sys=0.00, real=0.02 secs] 
2711.951: [GC (Allocation Failure) [PSYoungGen: 416908K->184462K(465920K)] 1263936K->1031795K(1663488K), 0.0206007 secs] [Times: user=0.03 sys=0.00, real=0.02 secs] 
2713.057: [GC (Allocation Failure) [PSYoungGen: 409649K->92351K(465920K)] 1256982K->939950K(1663488K), 0.0118751 secs] [Times: user=0.02 sys=0.00, real=0.01 secs] 
2714.822: [GC (Allocation Failure) [PSYoungGen: 325311K->37491K(465920K)] 1172910K->885403K(1663488K), 0.0073451 secs] [Times: user=0.02 sys=0.00, real=0.01 secs] 
2715.124: [GC (Allocation Failure) [PSYoungGen: 270451K->184719K(465920K)] 1118363K->1033876K(1663488K), 0.0205400 secs] [Times: user=0.03 sys=0.00, real=0.02 secs] 
2715.412: [GC (Allocation Failure) [PSYoungGen: 417679K->184623K(465920K)] 1266836K->1034182K(1663488K), 0.0205218 secs] [Times: user=0.02 sys=0.00, real=0.02 secs] 
2716.135: [GC (Allocation Failure) [PSYoungGen: 407044K->91805K(465920K)] 1256603K->941629K(1663488K), 0.0110949 secs] [Times: user=0.03 sys=0.00, real=0.01 secs] 
2717.673: [GC (Allocation Failure) [PSYoungGen: 324765K->37716K(465920K)] 1174589K->887726K(1663488K), 0.0083024 secs] [Times: user=0.02 sys=0.01, real=0.01 secs] 
2717.996: [GC (Allocation Failure) [PSYoungGen: 270676K->184719K(465920K)] 1120686K->1036102K(1663488K), 0.0206112 secs] [Times: user=0.03 sys=0.00, real=0.02 secs] 
2718.285: [GC (Allocation Failure) [PSYoungGen: 417679K->184687K(465920K)] 1269062K->1036215K(1663488K), 0.0206529 secs] [Times: user=0.03 sys=0.00, real=0.02 secs] 
2719.948: [GC (Allocation Failure) [PSYoungGen: 407239K->91580K(465920K)] 1258767K->943381K(1663488K), 0.0250122 secs] [Times: user=0.06 sys=0.00, real=0.02 secs] 
2721.744: [GC (Allocation Failure) [PSYoungGen: 324540K->37745K(465920K)] 1176341K->889846K(1663488K), 0.0079117 secs] [Times: user=0.02 sys=0.00, real=0.01 secs] 
2722.133: [GC (Allocation Failure) [PSYoungGen: 270705K->183787K(465920K)] 1122806K->1037149K(1663488K), 0.0204431 secs] [Times: user=0.03 sys=0.00, real=0.02 secs] 
2722.422: [GC (Allocation Failure) [PSYoungGen: 416747K->184237K(465920K)] 1270109K->1038001K(1663488K), 0.0207372 secs] [Times: user=0.03 sys=0.00, real=0.02 secs] 
2724.241: [GC (Allocation Failure) [PSYoungGen: 408071K->92929K(465920K)] 1261835K->946830K(1663488K), 0.0261584 secs] [Times: user=0.06 sys=0.00, real=0.03 secs] 
2725.745: [GC (Allocation Failure) [PSYoungGen: 325889K->37973K(465920K)] 1179790K->892191K(1663488K), 0.0068757 secs] [Times: user=0.01 sys=0.00, real=0.01 secs] 
2726.103: [GC (Allocation Failure) [PSYoungGen: 270933K->184815K(465920K)] 1125151K->1040279K(1663488K), 0.0209869 secs] [Times: user=0.03 sys=0.00, real=0.02 secs] 
2726.441: [GC (Allocation Failure) [PSYoungGen: 417775K->184205K(465920K)] 1273239K->1039950K(1663488K), 0.0205305 secs] [Times: user=0.03 sys=0.00, real=0.02 secs] 
2728.760: [GC (Allocation Failure) [PSYoungGen: 407206K->91709K(465920K)] 1262951K->947719K(1663488K), 0.0252562 secs] [Times: user=0.05 sys=0.00, real=0.03 secs] 
2731.054: [GC (Allocation Failure) [PSYoungGen: 324669K->37617K(465920K)] 1180679K->893943K(1663488K), 0.0083347 secs] [Times: user=0.02 sys=0.00, real=0.01 secs] 
2731.376: [GC (Allocation Failure) [PSYoungGen: 270577K->184590K(465920K)] 1126903K->1042290K(1663488K), 0.0206767 secs] [Times: user=0.03 sys=0.00, real=0.02 secs] 
2731.665: [GC (Allocation Failure) [PSYoungGen: 417550K->184494K(465920K)] 1275250K->1042338K(1663488K), 0.0206553 secs] [Times: user=0.03 sys=0.00, real=0.02 secs] 
2733.655: [GC (Allocation Failure) [PSYoungGen: 409417K->92126K(465920K)] 1267262K->950396K(1663488K), 0.0252991 secs] [Times: user=0.05 sys=0.00, real=0.03 secs] 
2735.597: [GC (Allocation Failure) [PSYoungGen: 325086K->37588K(465920K)] 1183356K->896027K(1663488K), 0.0081446 secs] [Times: user=0.02 sys=0.00, real=0.00 secs] 
2735.917: [GC (Allocation Failure) [PSYoungGen: 270548K->184687K(465920K)] 1128987K->1044492K(1663488K), 0.0204960 secs] [Times: user=0.03 sys=0.00, real=0.02 secs] 
2736.201: [GC (Allocation Failure) [PSYoungGen: 417647K->184687K(465920K)] 1277452K->1044645K(1663488K), 0.0206100 secs] [Times: user=0.03 sys=0.00, real=0.02 secs] 
2737.849: [GC (Allocation Failure) [PSYoungGen: 407494K->91773K(465920K)] 1267452K->952004K(1663488K), 0.0266084 secs] [Times: user=0.05 sys=0.00, real=0.03 secs] 
2740.593: [GC (Allocation Failure) [PSYoungGen: 324733K->37588K(465920K)] 1184964K->898119K(1663488K), 0.0084130 secs] [Times: user=0.02 sys=0.00, real=0.01 secs] 
2740.985: [GC (Allocation Failure) [PSYoungGen: 270548K->184719K(465920K)] 1131079K->1046632K(1663488K), 0.0206397 secs] [Times: user=0.03 sys=0.00, real=0.02 secs] 
2741.321: [GC (Allocation Failure) [PSYoungGen: 417679K->184719K(465920K)] 1279592K->1046784K(1663488K), 0.0204868 secs] [Times: user=0.03 sys=0.00, real=0.02 secs] 
2742.629: [GC (Allocation Failure) [PSYoungGen: 407561K->91741K(465920K)] 1269627K->954071K(1663488K), 0.0172575 secs] [Times: user=0.04 sys=0.00, real=0.02 secs] 
2744.374: [GC (Allocation Failure) [PSYoungGen: 324701K->37684K(465920K)] 1187031K->900332K(1663488K), 0.0068557 secs] [Times: user=0.02 sys=0.00, real=0.01 secs] 
2744.723: [GC (Allocation Failure) [PSYoungGen: 270644K->183787K(465920K)] 1133292K->1047673K(1663488K), 0.0204972 secs] [Times: user=0.03 sys=0.00, real=0.02 secs] 
2745.061: [GC (Allocation Failure) [PSYoungGen: 416747K->184366K(465920K)] 1280633K->1048525K(1663488K), 0.0206605 secs] [Times: user=0.03 sys=0.00, real=0.02 secs] 
2746.077: [GC (Allocation Failure) [PSYoungGen: 409592K->92801K(465920K)] 1273750K->957225K(1663488K), 0.0173856 secs] [Times: user=0.04 sys=0.00, real=0.01 secs] 
2748.187: [GC (Allocation Failure) [PSYoungGen: 325761K->37716K(465920K)] 1190185K->902448K(1663488K), 0.0082560 secs] [Times: user=0.02 sys=0.00, real=0.01 secs] 
2748.504: [GC (Allocation Failure) [PSYoungGen: 270676K->184687K(465920K)] 1135408K->1050664K(1663488K), 0.0205037 secs] [Times: user=0.03 sys=0.00, real=0.02 secs] 
2748.789: [GC (Allocation Failure) [PSYoungGen: 417647K->184751K(465920K)] 1283624K->1051130K(1663488K), 0.0204764 secs] [Times: user=0.03 sys=0.00, real=0.02 secs] 
2750.034: [GC (Allocation Failure) [PSYoungGen: 407443K->91580K(465920K)] 1273822K->958232K(1663488K), 0.0255926 secs] [Times: user=0.05 sys=0.01, real=0.03 secs] 
2751.828: [GC (Allocation Failure) [PSYoungGen: 324540K->37877K(465920K)] 1191192K->904708K(1663488K), 0.0074704 secs] [Times: user=0.02 sys=0.00, real=0.01 secs] 
2752.126: [GC (Allocation Failure) [PSYoungGen: 270837K->184687K(465920K)] 1137668K->1052779K(1663488K), 0.0206256 secs] [Times: user=0.02 sys=0.00, real=0.02 secs] 
2752.414: [GC (Allocation Failure) [PSYoungGen: 417647K->184623K(465920K)] 1285739K->1052988K(1663488K), 0.0206649 secs] [Times: user=0.03 sys=0.00, real=0.02 secs] 
2753.789: [GC (Allocation Failure) [PSYoungGen: 407181K->91484K(465920K)] 1275547K->960122K(1663488K), 0.0177255 secs] [Times: user=0.04 sys=0.00, real=0.02 secs] 
2755.452: [GC (Allocation Failure) [PSYoungGen: 324444K->37459K(465920K)] 1193082K->906404K(1663488K), 0.0068795 secs] [Times: user=0.02 sys=0.00, real=0.01 secs] 
2755.732: [GC (Allocation Failure) [PSYoungGen: 270419K->183658K(465920K)] 1139364K->1053841K(1663488K), 0.0207294 secs] [Times: user=0.03 sys=0.00, real=0.02 secs] 
2756.017: [GC (Allocation Failure) [PSYoungGen: 416618K->184558K(465920K)] 1286801K->1055013K(1663488K), 0.0204716 secs] [Times: user=0.03 sys=0.00, real=0.02 secs] 
2757.374: [GC (Allocation Failure) [PSYoungGen: 408756K->92962K(465920K)] 1279211K->963682K(1663488K), 0.0174225 secs] [Times: user=0.04 sys=0.00, real=0.02 secs] 
2759.259: [GC (Allocation Failure) [PSYoungGen: 325922K->37588K(465920K)] 1196642K->908610K(1663488K), 0.0074831 secs] [Times: user=0.02 sys=0.00, real=0.01 secs] 
2759.628: [GC (Allocation Failure) [PSYoungGen: 270548K->184462K(465920K)] 1141570K->1056737K(1663488K), 0.0205407 secs] [Times: user=0.03 sys=0.00, real=0.02 secs] 
2759.912: [GC (Allocation Failure) [PSYoungGen: 417422K->184590K(465920K)] 1289697K->1057267K(1663488K), 0.0205837 secs] [Times: user=0.03 sys=0.00, real=0.02 secs] 
2761.327: [GC (Allocation Failure) [PSYoungGen: 409742K->92062K(465920K)] 1282419K->964876K(1663488K), 0.0151103 secs] [Times: user=0.04 sys=0.00, real=0.01 secs] 
2763.261: [GC (Allocation Failure) [PSYoungGen: 325022K->37523K(465920K)] 1197836K->910644K(1663488K), 0.0082470 secs] [Times: user=0.02 sys=0.00, real=0.01 secs] 
2763.580: [GC (Allocation Failure) [PSYoungGen: 270483K->184205K(465920K)] 1143604K->1058588K(1663488K), 0.0205951 secs] [Times: user=0.03 sys=0.00, real=0.02 secs] 
2763.862: [GC (Allocation Failure) [PSYoungGen: 417165K->183626K(465920K)] 1291548K->1058282K(1663488K), 0.0205491 secs] [Times: user=0.03 sys=0.00, real=0.02 secs] 
2764.514: [GC (Allocation Failure) [PSYoungGen: 410573K->93379K(465920K)] 1285229K->968300K(1663488K), 0.0128183 secs] [Times: user=0.03 sys=0.00, real=0.02 secs] 
2765.326: [GC (Allocation Failure) [PSYoungGen: 326339K->37973K(465920K)] 1201260K->913216K(1663488K), 0.0057910 secs] [Times: user=0.01 sys=0.00, real=0.00 secs] 
2765.597: [GC (Allocation Failure) [PSYoungGen: 270933K->184430K(465920K)] 1146176K->1060918K(1663488K), 0.0205578 secs] [Times: user=0.03 sys=0.00, real=0.02 secs] 
2765.887: [GC (Allocation Failure) [PSYoungGen: 417390K->184687K(465920K)] 1293878K->1061448K(1663488K), 0.0205749 secs] [Times: user=0.03 sys=0.00, real=0.02 secs] 
2766.965: [GC (Allocation Failure) [PSYoungGen: 407119K->91580K(465920K)] 1283880K->968606K(1663488K), 0.0136837 secs] [Times: user=0.03 sys=0.00, real=0.01 secs] 
2768.160: [GC (Allocation Failure) [PSYoungGen: 324540K->37845K(465920K)] 1201566K->915171K(1663488K), 0.0058485 secs] [Times: user=0.01 sys=0.00, real=0.01 secs] 
2768.429: [GC (Allocation Failure) [PSYoungGen: 270805K->184430K(465920K)] 1148131K->1063001K(1663488K), 0.0206436 secs] [Times: user=0.03 sys=0.00, real=0.02 secs] 
2768.713: [GC (Allocation Failure) [PSYoungGen: 417390K->184237K(465920K)] 1295961K->1063082K(1663488K), 0.0206913 secs] [Times: user=0.03 sys=0.00, real=0.02 secs] 
2769.792: [GC (Allocation Failure) [PSYoungGen: 409277K->92126K(465920K)] 1288122K->971365K(1663488K), 0.0204821 secs] [Times: user=0.05 sys=0.00, real=0.02 secs] 
2770.601: [GC (Allocation Failure) [PSYoungGen: 325086K->38102K(465920K)] 1204325K->917519K(1663488K), 0.0071680 secs] [Times: user=0.02 sys=0.00, real=0.01 secs] 
2770.951: [GC (Allocation Failure) [PSYoungGen: 271062K->184590K(465920K)] 1150479K->1065261K(1663488K), 0.0206324 secs] [Times: user=0.03 sys=0.00, real=0.02 secs] 
2771.236: [GC (Allocation Failure) [PSYoungGen: 417550K->184783K(465920K)] 1298221K->1065856K(1663488K), 0.0207163 secs] [Times: user=0.03 sys=0.00, real=0.02 secs] 
2771.884: [GC (Allocation Failure) [PSYoungGen: 407199K->91194K(465920K)] 1288272K->972532K(1663488K), 0.0127817 secs] [Times: user=0.03 sys=0.00, real=0.02 secs] 
2772.743: [GC (Allocation Failure) [PSYoungGen: 324154K->38002K(465920K)] 1205492K->919527K(1663488K), 0.0060055 secs] [Times: user=0.02 sys=0.00, real=0.01 secs] 
2773.012: [GC (Allocation Failure) [PSYoungGen: 270962K->184687K(465920K)] 1152487K->1067449K(1663488K), 0.0205895 secs] [Times: user=0.03 sys=0.00, real=0.02 secs] 
2773.298: [GC (Allocation Failure) [PSYoungGen: 417647K->184655K(465920K)] 1300409K->1067690K(1663488K), 0.0206595 secs] [Times: user=0.03 sys=0.00, real=0.02 secs] 
2773.908: [GC (Allocation Failure) [PSYoungGen: 407194K->91339K(465920K)] 1290230K->974648K(1663488K), 0.0110818 secs] [Times: user=0.02 sys=0.00, real=0.01 secs] 
2774.685: [GC (Allocation Failure) [PSYoungGen: 324299K->37716K(465920K)] 1207608K->921331K(1663488K), 0.0057982 secs] [Times: user=0.02 sys=0.00, real=0.01 secs] 
2774.954: [GC (Allocation Failure) [PSYoungGen: 270676K->183948K(465920K)] 1154291K->1068808K(1663488K), 0.0205637 secs] [Times: user=0.03 sys=0.00, real=0.02 secs] 
2775.244: [GC (Allocation Failure) [PSYoungGen: 416908K->184558K(465920K)] 1301768K->1069571K(1663488K), 0.0210753 secs] [Times: user=0.03 sys=0.00, real=0.03 secs] 
2777.116: [GC (Allocation Failure) [PSYoungGen: 409740K->92480K(465920K)] 1294753K->977757K(1663488K), 0.0136625 secs] [Times: user=0.03 sys=0.00, real=0.01 secs] 
2778.378: [GC (Allocation Failure) [PSYoungGen: 325440K->37845K(465920K)] 1210717K->923422K(1663488K), 0.0058188 secs] [Times: user=0.02 sys=0.00, real=0.00 secs] 
2778.650: [GC (Allocation Failure) [PSYoungGen: 270805K->184687K(465920K)] 1156382K->1071502K(1663488K), 0.0207422 secs] [Times: user=0.03 sys=0.00, real=0.02 secs] 
2778.937: [GC (Allocation Failure) [PSYoungGen: 417647K->184719K(465920K)] 1304462K->1071815K(1663488K), 0.0206924 secs] [Times: user=0.03 sys=0.00, real=0.02 secs] 
2780.096: [GC (Allocation Failure) [PSYoungGen: 407281K->91531K(465920K)] 1294377K->978900K(1663488K), 0.0124989 secs] [Times: user=0.03 sys=0.00, real=0.01 secs] 
2781.352: [GC (Allocation Failure) [PSYoungGen: 324491K->37845K(465920K)] 1211860K->925519K(1663488K), 0.0057792 secs] [Times: user=0.01 sys=0.00, real=0.01 secs] 
2781.622: [GC (Allocation Failure) [PSYoungGen: 270805K->184751K(465920K)] 1158479K->1073679K(1663488K), 0.0207988 secs] [Times: user=0.02 sys=0.00, real=0.02 secs] 
2781.908: [GC (Allocation Failure) [PSYoungGen: 417711K->184687K(465920K)] 1306639K->1073912K(1663488K), 0.0204904 secs] [Times: user=0.03 sys=0.00, real=0.02 secs] 
2783.005: [GC (Allocation Failure) [PSYoungGen: 407246K->91452K(465920K)] 1296472K->980942K(1663488K), 0.0248413 secs] [Times: user=0.06 sys=0.00, real=0.02 secs] 
2784.381: [GC (Allocation Failure) [PSYoungGen: 324412K->37874K(465920K)] 1213902K->927680K(1663488K), 0.0075386 secs] [Times: user=0.02 sys=0.00, real=0.01 secs] 
2784.683: [GC (Allocation Failure) [PSYoungGen: 270834K->184687K(465920K)] 1160640K->1075859K(1663488K), 0.0206942 secs] [Times: user=0.03 sys=0.00, real=0.02 secs] 
2785.030: [GC (Allocation Failure) [PSYoungGen: 417647K->184719K(465920K)] 1308819K->1076035K(1663488K), 0.0205508 secs] [Times: user=0.03 sys=0.00, real=0.02 secs] 
2786.236: [GC (Allocation Failure) [PSYoungGen: 407272K->91452K(465920K)] 1298589K->983033K(1663488K), 0.0214976 secs] [Times: user=0.04 sys=0.00, real=0.02 secs] 
2787.094: [GC (Allocation Failure) [PSYoungGen: 324412K->38131K(465920K)] 1215993K->930026K(1663488K), 0.0059788 secs] [Times: user=0.01 sys=0.00, real=0.01 secs] 
2787.425: [GC (Allocation Failure) [PSYoungGen: 271091K->184719K(465920K)] 1162986K->1077860K(1663488K), 0.0209095 secs] [Times: user=0.03 sys=0.00, real=0.02 secs] 
2787.711: [GC (Allocation Failure) [PSYoungGen: 417679K->184687K(465920K)] 1310820K->1078093K(1663488K), 0.0205763 secs] [Times: user=0.03 sys=0.00, real=0.02 secs] 
2788.539: [GC (Allocation Failure) [PSYoungGen: 407106K->91258K(465920K)] 1300513K->984930K(1663488K), 0.0126744 secs] [Times: user=0.03 sys=0.00, real=0.01 secs] 
2789.746: [GC (Allocation Failure) [PSYoungGen: 324218K->37973K(465920K)] 1217890K->931958K(1663488K), 0.0079495 secs] [Times: user=0.02 sys=0.00, real=0.00 secs] 
2790.054: [GC (Allocation Failure) [PSYoungGen: 270933K->184719K(465920K)] 1164918K->1079957K(1663488K), 0.0206020 secs] [Times: user=0.03 sys=0.00, real=0.03 secs] 
2790.400: [GC (Allocation Failure) [PSYoungGen: 417679K->184687K(465920K)] 1312917K->1080198K(1663488K), 0.0208817 secs] [Times: user=0.03 sys=0.00, real=0.02 secs] 
2791.533: [GC (Allocation Failure) [PSYoungGen: 407272K->91419K(465920K)] 1302784K->987196K(1663488K), 0.0127438 secs] [Times: user=0.03 sys=0.00, real=0.02 secs] 
2793.410: [GC (Allocation Failure) [PSYoungGen: 324379K->37331K(465920K)] 1220156K->933413K(1663488K), 0.0088205 secs] [Times: user=0.03 sys=0.00, real=0.01 secs] 
2793.808: [GC (Allocation Failure) [PSYoungGen: 270291K->183787K(465920K)] 1166373K->1081115K(1663488K), 0.0206122 secs] [Times: user=0.03 sys=0.00, real=0.02 secs] 
2794.155: [GC (Allocation Failure) [PSYoungGen: 416747K->184719K(465920K)] 1314075K->1082320K(1663488K), 0.0210015 secs] [Times: user=0.03 sys=0.00, real=0.02 secs] 
2794.813: [GC (Allocation Failure) [PSYoungGen: 410161K->92897K(465920K)] 1307762K->990763K(1663488K), 0.0126560 secs] [Times: user=0.03 sys=0.00, real=0.02 secs] 
2795.660: [GC (Allocation Failure) [PSYoungGen: 325857K->37973K(465920K)] 1223723K->936141K(1663488K), 0.0057986 secs] [Times: user=0.02 sys=0.00, real=0.01 secs] 
2795.990: [GC (Allocation Failure) [PSYoungGen: 270933K->184590K(465920K)] 1169101K->1084012K(1663488K), 0.0206825 secs] [Times: user=0.03 sys=0.00, real=0.02 secs] 
2796.274: [GC (Allocation Failure) [PSYoungGen: 417550K->184301K(465920K)] 1316972K->1083996K(1663488K), 0.0205484 secs] [Times: user=0.03 sys=0.00, real=0.03 secs] 
2797.439: [GC (Allocation Failure) [PSYoungGen: 406622K->91869K(465920K)] 1306317K->991829K(1663488K), 0.0136279 secs] [Times: user=0.03 sys=0.00, real=0.01 secs] 
2799.346: [GC (Allocation Failure) [PSYoungGen: 324829K->37556K(465920K)] 1224789K->937831K(1663488K), 0.0075818 secs] [Times: user=0.02 sys=0.00, real=0.00 secs] 
2799.645: [GC (Allocation Failure) [PSYoungGen: 270516K->184430K(465920K)] 1170791K->1085942K(1663488K), 0.0206601 secs] [Times: user=0.03 sys=0.00, real=0.02 secs] 
2799.930: [GC (Allocation Failure) [PSYoungGen: 417390K->184237K(465920K)] 1318902K->1086023K(1663488K), 0.0207281 secs] [Times: user=0.02 sys=0.00, real=0.02 secs] 
2801.487: [GC (Allocation Failure) [PSYoungGen: 409303K->92383K(465920K)] 1311089K->994563K(1663488K), 0.0213777 secs] [Times: user=0.05 sys=0.00, real=0.02 secs] 
2803.339: [GC (Allocation Failure) [PSYoungGen: 325343K->37745K(465920K)] 1227523K->940096K(1663488K), 0.0081413 secs] [Times: user=0.02 sys=0.00, real=0.01 secs] 
2803.650: [GC (Allocation Failure) [PSYoungGen: 270705K->184173K(465920K)] 1173056K->1087769K(1663488K), 0.0205321 secs] [Times: user=0.03 sys=0.00, real=0.02 secs] 
2803.935: [GC (Allocation Failure) [PSYoungGen: 417133K->184622K(465920K)] 1320729K->1088491K(1663488K), 0.0206785 secs] [Times: user=0.03 sys=0.00, real=0.03 secs] 
2805.076: [GC (Allocation Failure) [PSYoungGen: 409773K->92255K(465920K)] 1313642K->996389K(1663488K), 0.0206459 secs] [Times: user=0.05 sys=0.00, real=0.02 secs] 
2806.662: [GC (Allocation Failure) [PSYoungGen: 325215K->37845K(465920K)] 1229349K->942295K(1663488K), 0.0074244 secs] [Times: user=0.01 sys=0.00, real=0.01 secs] 
2806.954: [GC (Allocation Failure) [PSYoungGen: 270805K->184205K(465920K)] 1175255K->1089908K(1663488K), 0.0205630 secs] [Times: user=0.03 sys=0.00, real=0.03 secs] 
2807.245: [GC (Allocation Failure) [PSYoungGen: 417165K->184558K(465920K)] 1322868K->1090535K(1663488K), 0.0206188 secs] [Times: user=0.03 sys=0.00, real=0.03 secs] 
2807.851: [GC (Allocation Failure) [PSYoungGen: 407615K->92158K(465920K)] 1313592K->998400K(1663488K), 0.0110641 secs] [Times: user=0.02 sys=0.00, real=0.01 secs] 
2808.662: [GC (Allocation Failure) [PSYoungGen: 325118K->37874K(465920K)] 1231360K->944437K(1663488K), 0.0057874 secs] [Times: user=0.02 sys=0.00, real=0.01 secs] 
2808.932: [GC (Allocation Failure) [PSYoungGen: 270834K->183658K(465920K)] 1177397K->1091467K(1663488K), 0.0203926 secs] [Times: user=0.03 sys=0.00, real=0.02 secs] 
2809.216: [GC (Allocation Failure) [PSYoungGen: 416618K->184462K(465920K)] 1324427K->1092544K(1663488K), 0.0206024 secs] [Times: user=0.03 sys=0.00, real=0.02 secs] 
2809.850: [GC (Allocation Failure) [PSYoungGen: 408511K->92801K(465920K)] 1316593K->1001156K(1663488K), 0.0118063 secs] [Times: user=0.03 sys=0.00, real=0.01 secs] 
2811.181: [GC (Allocation Failure) [PSYoungGen: 325761K->37556K(465920K)] 1234116K->946218K(1663488K), 0.0090357 secs] [Times: user=0.03 sys=0.00, real=0.01 secs] 
2811.510: [GC (Allocation Failure) [PSYoungGen: 270516K->184622K(465920K)] 1179178K->1094539K(1663488K), 0.0205549 secs] [Times: user=0.03 sys=0.00, real=0.02 secs] 
2811.876: [GC (Allocation Failure) [PSYoungGen: 417582K->183658K(465920K)] 1327499K->1093872K(1663488K), 0.0206041 secs] [Times: user=0.03 sys=0.00, real=0.02 secs] 
2812.959: [GC (Allocation Failure) [PSYoungGen: 409023K->92865K(465920K)] 1319236K->1003344K(1663488K), 0.0156660 secs] [Times: user=0.03 sys=0.00, real=0.02 secs] 
2814.686: [GC (Allocation Failure) [PSYoungGen: 325825K->37459K(465920K)] 1236304K->948251K(1663488K), 0.0080885 secs] [Times: user=0.02 sys=0.00, real=0.00 secs] 
2814.994: [GC (Allocation Failure) [PSYoungGen: 270419K->184430K(465920K)] 1181211K->1096459K(1663488K), 0.0205868 secs] [Times: user=0.03 sys=0.00, real=0.02 secs] 
2815.284: [GC (Allocation Failure) [PSYoungGen: 417390K->184333K(465920K)] 1329419K->1096636K(1663488K), 0.0205657 secs] [Times: user=0.03 sys=0.00, real=0.02 secs] 
2815.881: [GC (Allocation Failure) [PSYoungGen: 409492K->92480K(465920K)] 1321795K->1005176K(1663488K), 0.0104151 secs] [Times: user=0.02 sys=0.00, real=0.01 secs] 
2816.963: [GC (Allocation Failure) [PSYoungGen: 325440K->37973K(465920K)] 1238136K->950841K(1663488K), 0.0076213 secs] [Times: user=0.02 sys=0.00, real=0.01 secs] 
2817.339: [GC (Allocation Failure) [PSYoungGen: 270933K->184205K(465920K)] 1183801K->1098326K(1663488K), 0.0206281 secs] [Times: user=0.03 sys=0.00, real=0.02 secs] 
2817.624: [GC (Allocation Failure) [PSYoungGen: 417165K->184558K(465920K)] 1331286K->1098952K(1663488K), 0.0206492 secs] [Times: user=0.03 sys=0.01, real=0.02 secs] 
2818.263: [GC (Allocation Failure) [PSYoungGen: 405092K->91966K(465920K)] 1319487K->1006625K(1663488K), 0.0129966 secs] [Times: user=0.03 sys=0.00, real=0.02 secs] 
2819.465: [GC (Allocation Failure) [PSYoungGen: 324926K->37845K(465920K)] 1239585K->952802K(1663488K), 0.0069105 secs] [Times: user=0.02 sys=0.00, real=0.01 secs] 
2819.806: [GC (Allocation Failure) [PSYoungGen: 270805K->184719K(465920K)] 1185762K->1101050K(1663488K), 0.0208464 secs] [Times: user=0.03 sys=0.01, real=0.02 secs] 
2820.091: [GC (Allocation Failure) [PSYoungGen: 417679K->184687K(465920K)] 1334010K->1101162K(1663488K), 0.0208093 secs] [Times: user=0.03 sys=0.00, real=0.02 secs] 
2823.033: [GC (Allocation Failure) [PSYoungGen: 407273K->91484K(465920K)] 1323749K->1008224K(1663488K), 0.0153056 secs] [Times: user=0.03 sys=0.00, real=0.02 secs] 
2824.761: [GC (Allocation Failure) [PSYoungGen: 324444K->37459K(465920K)] 1241184K->954514K(1663488K), 0.0072606 secs] [Times: user=0.02 sys=0.00, real=0.01 secs] 
2825.053: [GC (Allocation Failure) [PSYoungGen: 270419K->183658K(465920K)] 1187474K->1101959K(1663488K), 0.0205260 secs] [Times: user=0.02 sys=0.00, real=0.02 secs] 
2825.394: [GC (Allocation Failure) [PSYoungGen: 416618K->184430K(465920K)] 1334919K->1103011K(1663488K), 0.0205665 secs] [Times: user=0.02 sys=0.00, real=0.02 secs] 
2826.450: [GC (Allocation Failure) [PSYoungGen: 409538K->93122K(465920K)] 1328119K->1012097K(1663488K), 0.0156016 secs] [Times: user=0.04 sys=0.00, real=0.02 secs] 
2827.268: [GC (Allocation Failure) [PSYoungGen: 326082K->38131K(465920K)] 1245057K->957277K(1663488K), 0.0058094 secs] [Times: user=0.01 sys=0.00, real=0.00 secs] 
2827.539: [GC (Allocation Failure) [PSYoungGen: 271091K->184590K(465920K)] 1190237K->1105110K(1663488K), 0.0209233 secs] [Times: user=0.03 sys=0.00, real=0.02 secs] 
2827.823: [GC (Allocation Failure) [PSYoungGen: 417550K->184462K(465920K)] 1338070K->1105126K(1663488K), 0.0207857 secs] [Times: user=0.03 sys=0.00, real=0.02 secs] 
2829.901: [GC (Allocation Failure) [PSYoungGen: 406944K->91580K(465920K)] 1327609K->1012510K(1663488K), 0.0206866 secs] [Times: user=0.04 sys=0.00, real=0.02 secs] 
2830.977: [GC (Allocation Failure) [PSYoungGen: 324540K->37973K(465920K)] 1245470K->959208K(1663488K), 0.0058272 secs] [Times: user=0.01 sys=0.00, real=0.00 secs] 
2831.249: [GC (Allocation Failure) [PSYoungGen: 270933K->184719K(465920K)] 1192168K->1107336K(1663488K), 0.0207655 secs] [Times: user=0.03 sys=0.00, real=0.02 secs] 
2831.535: [GC (Allocation Failure) [PSYoungGen: 417679K->184751K(465920K)] 1340296K->1107505K(1663488K), 0.0213575 secs] [Times: user=0.03 sys=0.00, real=0.03 secs] 
2832.192: [GC (Allocation Failure) [PSYoungGen: 407296K->91323K(465920K)] 1330050K->1014350K(1663488K), 0.0117373 secs] [Times: user=0.02 sys=0.00, real=0.01 secs] 
2833.117: [GC (Allocation Failure) [PSYoungGen: 324283K->38002K(465920K)] 1247310K->961353K(1663488K), 0.0058532 secs] [Times: user=0.02 sys=0.00, real=0.00 secs] 
2833.386: [GC (Allocation Failure) [PSYoungGen: 270962K->183916K(465920K)] 1194313K->1108512K(1663488K), 0.0205337 secs] [Times: user=0.03 sys=0.00, real=0.02 secs] 
2833.673: [GC (Allocation Failure) [PSYoungGen: 416876K->184462K(465920K)] 1341472K->1109339K(1663488K), 0.0207096 secs] [Times: user=0.03 sys=0.00, real=0.02 secs] 
2834.892: [GC (Allocation Failure) [PSYoungGen: 408144K->92351K(465920K)] 1333022K->1017494K(1663488K), 0.0134360 secs] [Times: user=0.03 sys=0.01, real=0.02 secs] 
2836.294: [GC (Allocation Failure) [PSYoungGen: 325311K->37745K(465920K)] 1250454K->963198K(1663488K), 0.0063186 secs] [Times: user=0.01 sys=0.00, real=0.01 secs] 
2836.566: [GC (Allocation Failure) [PSYoungGen: 270705K->184462K(465920K)] 1196158K->1111160K(1663488K), 0.0206274 secs] [Times: user=0.03 sys=0.00, real=0.02 secs] 
2836.851: [GC (Allocation Failure) [PSYoungGen: 417422K->184558K(465920K)] 1344120K->1111537K(1663488K), 0.0205056 secs] [Times: user=0.03 sys=0.00, real=0.02 secs] 
2837.464: [GC (Allocation Failure) [PSYoungGen: 407604K->92030K(465920K)] 1334583K->1019274K(1663488K), 0.0112291 secs] [Times: user=0.03 sys=0.00, real=0.02 secs] 
2838.259: [GC (Allocation Failure) [PSYoungGen: 324990K->37874K(465920K)] 1252234K->965432K(1663488K), 0.0058630 secs] [Times: user=0.01 sys=0.00, real=0.00 secs] 
2838.529: [GC (Allocation Failure) [PSYoungGen: 270834K->183819K(465920K)] 1198392K->1112631K(1663488K), 0.0206617 secs] [Times: user=0.03 sys=0.00, real=0.02 secs] 
2838.813: [GC (Allocation Failure) [PSYoungGen: 416779K->184301K(465920K)] 1345591K->1113514K(1663488K), 0.0207654 secs] [Times: user=0.02 sys=0.00, real=0.02 secs] 
2839.448: [GC (Allocation Failure) [PSYoungGen: 409555K->92769K(465920K)] 1338768K->1022118K(1663488K), 0.0120516 secs] [Times: user=0.02 sys=0.00, real=0.01 secs] 
2840.258: [GC (Allocation Failure) [PSYoungGen: 325729K->37973K(465920K)] 1255078K->967629K(1663488K), 0.0059212 secs] [Times: user=0.01 sys=0.00, real=0.00 secs] 
2840.530: [GC (Allocation Failure) [PSYoungGen: 270933K->184687K(465920K)] 1200589K->1115588K(1663488K), 0.0210525 secs] [Times: user=0.03 sys=0.00, real=0.02 secs] 
2840.818: [GC (Allocation Failure) [PSYoungGen: 417647K->184719K(465920K)] 1348548K->1116021K(1663488K), 0.0209397 secs] [Times: user=0.03 sys=0.00, real=0.02 secs] 
2842.067: [GC (Allocation Failure) [PSYoungGen: 407189K->91323K(465920K)] 1338492K->1022891K(1663488K), 0.0126306 secs] [Times: user=0.02 sys=0.00, real=0.01 secs] 
2844.120: [GC (Allocation Failure) [PSYoungGen: 324283K->37299K(465920K)] 1255851K->969059K(1663488K), 0.0076284 secs] [Times: user=0.02 sys=0.00, real=0.01 secs] 
2844.420: [GC (Allocation Failure) [PSYoungGen: 270259K->183819K(465920K)] 1202019K->1116833K(1663488K), 0.0206863 secs] [Times: user=0.03 sys=0.00, real=0.02 secs] 
2844.705: [GC (Allocation Failure) [PSYoungGen: 416779K->184301K(465920K)] 1349793K->1117717K(1663488K), 0.0208376 secs] [Times: user=0.03 sys=0.00, real=0.02 secs] 
2845.313: [GC (Allocation Failure) [PSYoungGen: 410677K->93283K(465920K)] 1344093K->1026843K(1663488K), 0.0139916 secs] [Times: user=0.03 sys=0.00, real=0.02 secs] 
2846.869: [GC (Allocation Failure) [PSYoungGen: 326243K->37845K(465920K)] 1259803K->971713K(1663488K), 0.0083086 secs] [Times: user=0.03 sys=0.00, real=0.01 secs] 
2847.176: [GC (Allocation Failure) [PSYoungGen: 270805K->184462K(465920K)] 1204673K->1119583K(1663488K), 0.0206999 secs] [Times: user=0.03 sys=0.00, real=0.02 secs] 
2847.513: [GC (Allocation Failure) [PSYoungGen: 417422K->184558K(465920K)] 1352543K->1119953K(1663488K), 0.0208078 secs] [Times: user=0.03 sys=0.00, real=0.02 secs] 
2849.251: [GC (Allocation Failure) [PSYoungGen: 407093K->91869K(465920K)] 1342487K->1027529K(1663488K), 0.0213230 secs] [Times: user=0.04 sys=0.00, real=0.02 secs] 
2850.941: [GC (Allocation Failure) [PSYoungGen: 324829K->37845K(465920K)] 1260489K->973813K(1663488K), 0.0059529 secs] [Times: user=0.01 sys=0.00, real=0.01 secs] 
2851.214: [GC (Allocation Failure) [PSYoungGen: 270805K->184430K(465920K)] 1206773K->1121643K(1663488K), 0.0206339 secs] [Times: user=0.03 sys=0.00, real=0.02 secs] 
2851.503: [GC (Allocation Failure) [PSYoungGen: 417390K->184205K(465920K)] 1354603K->1121691K(1663488K), 0.0205599 secs] [Times: user=0.03 sys=0.00, real=0.02 secs] 
2853.045: [GC (Allocation Failure) [PSYoungGen: 409102K->92255K(465920K)] 1346589K->1030022K(1663488K), 0.0214130 secs] [Times: user=0.04 sys=0.00, real=0.02 secs] 
2855.074: [GC (Allocation Failure) [PSYoungGen: 325215K->37845K(465920K)] 1262982K->975906K(1663488K), 0.0081973 secs] [Times: user=0.02 sys=0.00, real=0.01 secs] 
2855.387: [GC (Allocation Failure) [PSYoungGen: 270805K->184462K(465920K)] 1208866K->1123769K(1663488K), 0.0206741 secs] [Times: user=0.03 sys=0.00, real=0.02 secs] 
2855.671: [GC (Allocation Failure) [PSYoungGen: 417422K->184301K(465920K)] 1356729K->1123881K(1663488K), 0.0206911 secs] [Times: user=0.03 sys=0.00, real=0.02 secs] 
2856.393: [GC (Allocation Failure) [PSYoungGen: 409451K->92094K(465920K)] 1349031K->1031947K(1663488K), 0.0116640 secs] [Times: user=0.02 sys=0.00, real=0.01 secs] 
2857.918: [GC (Allocation Failure) [PSYoungGen: 325054K->37588K(465920K)] 1264907K->977748K(1663488K), 0.0074471 secs] [Times: user=0.02 sys=0.00, real=0.01 secs] 
2858.214: [GC (Allocation Failure) [PSYoungGen: 270548K->184815K(465920K)] 1210708K->1126222K(1663488K), 0.0207102 secs] [Times: user=0.03 sys=0.00, real=0.02 secs] 
2858.562: [GC (Allocation Failure) [PSYoungGen: 417775K->184623K(465920K)] 1359182K->1126302K(1663488K), 0.0208154 secs] [Times: user=0.02 sys=0.00, real=0.02 secs] 
2859.228: [GC (Allocation Failure) [PSYoungGen: 407085K->91612K(465920K)] 1348764K->1033557K(1663488K), 0.0127110 secs] [Times: user=0.02 sys=0.00, real=0.01 secs] 
2860.115: [GC (Allocation Failure) [PSYoungGen: 324572K->37874K(465920K)] 1266517K->980124K(1663488K), 0.0062432 secs] [Times: user=0.02 sys=0.00, real=0.00 secs] 
2860.386: [GC (Allocation Failure) [PSYoungGen: 270834K->184462K(465920K)] 1213084K->1127965K(1663488K), 0.0206336 secs] [Times: user=0.03 sys=0.00, real=0.02 secs] 
2860.671: [GC (Allocation Failure) [PSYoungGen: 417422K->184494K(465920K)] 1360925K->1128271K(1663488K), 0.0208138 secs] [Times: user=0.03 sys=0.00, real=0.02 secs] 
2862.209: [GC (Allocation Failure) [PSYoungGen: 407064K->91901K(465920K)] 1350840K->1035943K(1663488K), 0.0141451 secs] [Times: user=0.03 sys=0.00, real=0.01 secs] 
2863.812: [GC (Allocation Failure) [PSYoungGen: 324861K->37845K(465920K)] 1268903K->982210K(1663488K), 0.0083535 secs] [Times: user=0.02 sys=0.00, real=0.01 secs] 
2864.126: [GC (Allocation Failure) [PSYoungGen: 270805K->184462K(465920K)] 1215170K->1130201K(1663488K), 0.0206248 secs] [Times: user=0.03 sys=0.00, real=0.02 secs] 
2864.411: [GC (Allocation Failure) [PSYoungGen: 417422K->184590K(465920K)] 1363161K->1130474K(1663488K), 0.0206213 secs] [Times: user=0.03 sys=0.00, real=0.02 secs] 
2865.051: [GC (Allocation Failure) [PSYoungGen: 407129K->91869K(465920K)] 1353014K->1038018K(1663488K), 0.0131368 secs] [Times: user=0.02 sys=0.00, real=0.01 secs] 
2866.919: [GC (Allocation Failure) [PSYoungGen: 324829K->37716K(465920K)] 1270978K->984157K(1663488K), 0.0084975 secs] [Times: user=0.02 sys=0.00, real=0.01 secs] 
2867.239: [GC (Allocation Failure) [PSYoungGen: 270676K->184462K(465920K)] 1217117K->1132277K(1663488K), 0.0209530 secs] [Times: user=0.03 sys=0.00, real=0.02 secs] 
2867.525: [GC (Allocation Failure) [PSYoungGen: 417422K->184558K(465920K)] 1365237K->1132518K(1663488K), 0.0207259 secs] [Times: user=0.02 sys=0.00, real=0.03 secs] 
2869.081: [GC (Allocation Failure) [PSYoungGen: 407609K->91966K(465920K)] 1355569K->1040190K(1663488K), 0.0266820 secs] [Times: user=0.06 sys=0.00, real=0.03 secs] 
2870.436: [GC (Allocation Failure) [PSYoungGen: 324926K->37877K(465920K)] 1273150K->986415K(1663488K), 0.0080735 secs] [Times: user=0.02 sys=0.00, real=0.00 secs] 
2870.789: [GC (Allocation Failure) [PSYoungGen: 270837K->184430K(465920K)] 1219375K->1134206K(1663488K), 0.0282809 secs] [Times: user=0.06 sys=0.00, real=0.03 secs] 
2871.139: [GC (Allocation Failure) [PSYoungGen: 417390K->184558K(465920K)] 1367166K->1134615K(1663488K), 0.0212931 secs] [Times: user=0.03 sys=0.00, real=0.02 secs] 
2872.202: [GC (Allocation Failure) [PSYoungGen: 407124K->91885K(465920K)] 1357181K->1042207K(1663488K), 0.0168221 secs] [Times: user=0.04 sys=0.00, real=0.02 secs] 
2873.716: [GC (Allocation Failure) [PSYoungGen: 324845K->37716K(465920K)] 1275167K->988348K(1663488K), 0.0080478 secs] [Times: user=0.02 sys=0.00, real=0.00 secs] 
2874.028: [GC (Allocation Failure) [PSYoungGen: 270676K->184430K(465920K)] 1221308K->1136436K(1663488K), 0.0207233 secs] [Times: user=0.03 sys=0.00, real=0.02 secs] 
2874.313: [GC (Allocation Failure) [PSYoungGen: 417390K->184558K(465920K)] 1369396K->1136709K(1663488K), 0.0212584 secs] [Times: user=0.03 sys=0.00, real=0.02 secs] 
2875.986: [GC (Allocation Failure) [PSYoungGen: 407614K->91998K(465920K)] 1359764K->1044413K(1663488K), 0.0117505 secs] [Times: user=0.03 sys=0.00, real=0.01 secs] 
2876.996: [GC (Allocation Failure) [PSYoungGen: 324958K->37745K(465920K)] 1277373K->990466K(1663488K), 0.0058153 secs] [Times: user=0.01 sys=0.00, real=0.00 secs] 
2877.330: [GC (Allocation Failure) [PSYoungGen: 270705K->184462K(465920K)] 1223426K->1138436K(1663488K), 0.0212545 secs] [Times: user=0.03 sys=0.00, real=0.02 secs] 
2877.619: [GC (Allocation Failure) [PSYoungGen: 417422K->184301K(465920K)] 1371396K->1138549K(1663488K), 0.0207742 secs] [Times: user=0.03 sys=0.00, real=0.02 secs] 
2878.884: [GC (Allocation Failure) [PSYoungGen: 409340K->92255K(465920K)] 1363588K->1046896K(1663488K), 0.0154713 secs] [Times: user=0.03 sys=0.00, real=0.02 secs] 
2880.577: [GC (Allocation Failure) [PSYoungGen: 325215K->37617K(465920K)] 1279856K->992451K(1663488K), 0.0075832 secs] [Times: user=0.02 sys=0.00, real=0.01 secs] 
2880.880: [GC (Allocation Failure) [PSYoungGen: 270577K->184719K(465920K)] 1225411K->1140807K(1663488K), 0.0206611 secs] [Times: user=0.03 sys=0.00, real=0.02 secs] 
2881.167: [GC (Allocation Failure) [PSYoungGen: 417679K->184687K(465920K)] 1373767K->1141056K(1663488K), 0.0211030 secs] [Times: user=0.02 sys=0.00, real=0.02 secs] 
2882.927: [GC (Allocation Failure) [PSYoungGen: 407521K->91693K(465920K)] 1363891K->1048335K(1663488K), 0.0141978 secs] [Times: user=0.03 sys=0.00, real=0.01 secs] 
2885.116: [GC (Allocation Failure) [PSYoungGen: 324653K->37231K(465920K)] 1281295K->994181K(1663488K), 0.0073073 secs] [Times: user=0.02 sys=0.00, real=0.00 secs] 
2885.411: [GC (Allocation Failure) [PSYoungGen: 270191K->183916K(465920K)] 1227141K->1142119K(1663488K), 0.0205854 secs] [Times: user=0.03 sys=0.00, real=0.02 secs] 
2885.760: [GC (Allocation Failure) [PSYoungGen: 416876K->184366K(465920K)] 1375079K->1142842K(1663488K), 0.0208556 secs] [Times: user=0.03 sys=0.00, real=0.02 secs] 
2886.393: [GC (Allocation Failure) [PSYoungGen: 409566K->93122K(465920K)] 1368043K->1051864K(1663488K), 0.0128124 secs] [Times: user=0.03 sys=0.00, real=0.02 secs] 
2887.351: [GC (Allocation Failure) [PSYoungGen: 326082K->38002K(465920K)] 1284824K->997054K(1663488K), 0.0071381 secs] [Times: user=0.02 sys=0.00, real=0.01 secs] 
2887.634: [GC (Allocation Failure) [PSYoungGen: 270962K->184687K(465920K)] 1230014K->1144984K(1663488K), 0.0207650 secs] [Times: user=0.03 sys=0.00, real=0.02 secs] 
2887.925: [GC (Allocation Failure) [PSYoungGen: 417647K->184687K(465920K)] 1377944K->1145257K(1663488K), 0.0208663 secs] [Times: user=0.02 sys=0.00, real=0.03 secs] 
2888.569: [GC (Allocation Failure) [PSYoungGen: 407249K->91323K(465920K)] 1367820K->1052158K(1663488K), 0.0116266 secs] [Times: user=0.02 sys=0.00, real=0.01 secs] 
2889.578: [GC (Allocation Failure) [PSYoungGen: 324283K->37874K(465920K)] 1285118K->999015K(1663488K), 0.0058507 secs] [Times: user=0.02 sys=0.00, real=0.00 secs] 
2889.848: [GC (Allocation Failure) [PSYoungGen: 270834K->183948K(465920K)] 1231975K->1146334K(1663488K), 0.0205872 secs] [Times: user=0.03 sys=0.00, real=0.02 secs] 
2890.133: [GC (Allocation Failure) [PSYoungGen: 416908K->184462K(465920K)] 1379294K->1147121K(1663488K), 0.0206347 secs] [Times: user=0.03 sys=0.00, real=0.02 secs] 
2891.337: [GC (Allocation Failure) [PSYoungGen: 408147K->92480K(465920K)] 1370807K->1055404K(1663488K), 0.0137960 secs] [Times: user=0.03 sys=0.00, real=0.01 secs] 
2892.562: [GC (Allocation Failure) [PSYoungGen: 325440K->37877K(465920K)] 1288364K->1001111K(1663488K), 0.0058517 secs] [Times: user=0.02 sys=0.00, real=0.01 secs] 
2892.834: [GC (Allocation Failure) [PSYoungGen: 270837K->184462K(465920K)] 1234071K->1148949K(1663488K), 0.0206903 secs] [Times: user=0.03 sys=0.00, real=0.02 secs] 
2893.125: [GC (Allocation Failure) [PSYoungGen: 417422K->184526K(465920K)] 1381909K->1149287K(1663488K), 0.0209338 secs] [Times: user=0.03 sys=0.00, real=0.02 secs] 
2894.876: [GC (Allocation Failure) [PSYoungGen: 407063K->91869K(465920K)] 1371824K->1056895K(1663488K), 0.0219173 secs] [Times: user=0.05 sys=0.00, real=0.02 secs] 
2896.933: [GC (Allocation Failure) [PSYoungGen: 324829K->37556K(465920K)] 1289855K->1002887K(1663488K), 0.0084112 secs] [Times: user=0.02 sys=0.00, real=0.01 secs] 
2897.247: [GC (Allocation Failure) [PSYoungGen: 270516K->184558K(465920K)] 1235847K->1151135K(1663488K), 0.0213234 secs] [Times: user=0.03 sys=0.00, real=0.02 secs] 
2897.534: [GC (Allocation Failure) [PSYoungGen: 417518K->184976K(465920K)] 1384095K->1151826K(1663488K), 0.0208935 secs] [Times: user=0.02 sys=0.00, real=0.02 secs] 
2899.313: [GC (Allocation Failure) [PSYoungGen: 408054K->91612K(465920K)] 1374904K->1058727K(1663488K), 0.0278755 secs] [Times: user=0.06 sys=0.01, real=0.03 secs] 
2901.552: [GC (Allocation Failure) [PSYoungGen: 324572K->37909K(465920K)] 1291687K->1005332K(1663488K), 0.0085647 secs] [Times: user=0.02 sys=0.01, real=0.01 secs] 
2901.866: [GC (Allocation Failure) [PSYoungGen: 270869K->184590K(465920K)] 1238292K->1153267K(1663488K), 0.0207966 secs] [Times: user=0.03 sys=0.00, real=0.02 secs] 
2902.151: [GC (Allocation Failure) [PSYoungGen: 417550K->184655K(465920K)] 1386227K->1153604K(1663488K), 0.0210237 secs] [Times: user=0.03 sys=0.00, real=0.02 secs] 
2903.204: [GC (Allocation Failure) [PSYoungGen: 407370K->91612K(465920K)] 1376320K->1060955K(1663488K), 0.0127325 secs] [Times: user=0.03 sys=0.00, real=0.02 secs] 
2905.185: [GC (Allocation Failure) [PSYoungGen: 324572K->37588K(465920K)] 1293915K->1007110K(1663488K), 0.0083844 secs] [Times: user=0.03 sys=0.00, real=0.00 secs] 
2905.553: [GC (Allocation Failure) [PSYoungGen: 270548K->183787K(465920K)] 1240070K->1154547K(1663488K), 0.0208982 secs] [Times: user=0.03 sys=0.00, real=0.02 secs] 
2905.845: [GC (Allocation Failure) [PSYoungGen: 416747K->184430K(465920K)] 1387507K->1155463K(1663488K), 0.0207249 secs] [Times: user=0.03 sys=0.00, real=0.03 secs] 
2907.015: [GC (Allocation Failure) [PSYoungGen: 409657K->92865K(465920K)] 1380691K->1064163K(1663488K), 0.0143698 secs] [Times: user=0.03 sys=0.00, real=0.02 secs] 
2908.450: [GC (Allocation Failure) [PSYoungGen: 325825K->37588K(465920K)] 1297123K->1009200K(1663488K), 0.0076749 secs] [Times: user=0.02 sys=0.00, real=0.01 secs] 
2908.747: [GC (Allocation Failure) [PSYoungGen: 270548K->183948K(465920K)] 1242160K->1156805K(1663488K), 0.0206376 secs] [Times: user=0.03 sys=0.00, real=0.02 secs] 
2909.095: [GC (Allocation Failure) [PSYoungGen: 416908K->184815K(465920K)] 1389765K->1157946K(1663488K), 0.0207727 secs] [Times: user=0.03 sys=0.00, real=0.02 secs] 
2910.010: [GC (Allocation Failure) [PSYoungGen: 408534K->92367K(465920K)] 1381665K->1065771K(1663488K), 0.0142632 secs] [Times: user=0.03 sys=0.00, real=0.01 secs] 
2911.529: [GC (Allocation Failure) [PSYoungGen: 325327K->37363K(465920K)] 1298731K->1011072K(1663488K), 0.0071034 secs] [Times: user=0.02 sys=0.00, real=0.01 secs] 
2911.813: [GC (Allocation Failure) [PSYoungGen: 270323K->184687K(465920K)] 1244032K->1159650K(1663488K), 0.0206325 secs] [Times: user=0.03 sys=0.00, real=0.02 secs] 
2912.106: [GC (Allocation Failure) [PSYoungGen: 417647K->186422K(465920K)] 1392610K->1161658K(1663488K), 0.0208884 secs] [Times: user=0.03 sys=0.00, real=0.02 secs] 
2912.727: [GC (Allocation Failure) [PSYoungGen: 408315K->90230K(465920K)] 1383551K->1065731K(1663488K), 0.0109620 secs] [Times: user=0.02 sys=0.00, real=0.01 secs] 
2914.077: [GC (Allocation Failure) [PSYoungGen: 323190K->37716K(465920K)] 1298691K->1013517K(1663488K), 0.0077435 secs] [Times: user=0.02 sys=0.00, real=0.00 secs] 
2914.384: [GC (Allocation Failure) [PSYoungGen: 270676K->184141K(465920K)] 1246477K->1161187K(1663488K), 0.0216544 secs] [Times: user=0.03 sys=0.00, real=0.03 secs] 
2914.671: [GC (Allocation Failure) [PSYoungGen: 417101K->184012K(465920K)] 1394147K->1161331K(1663488K), 0.0208141 secs] [Times: user=0.03 sys=0.00, real=0.02 secs] 
2915.379: [GC (Allocation Failure) [PSYoungGen: 408932K->92753K(465920K)] 1386252K->1070345K(1663488K), 0.0118436 secs] [Times: user=0.02 sys=0.00, real=0.01 secs] 
2916.224: [GC (Allocation Failure) [PSYoungGen: 325713K->38005K(465920K)] 1303305K->1015913K(1663488K), 0.0059221 secs] [Times: user=0.01 sys=0.00, real=0.01 secs] 
2916.497: [GC (Allocation Failure) [PSYoungGen: 270965K->184430K(465920K)] 1248873K->1163720K(1663488K), 0.0206843 secs] [Times: user=0.03 sys=0.00, real=0.02 secs] 
2916.785: [GC (Allocation Failure) [PSYoungGen: 417390K->184269K(465920K)] 1396680K->1163704K(1663488K), 0.0207619 secs] [Times: user=0.03 sys=0.00, real=0.02 secs] 
2918.393: [GC (Allocation Failure) [PSYoungGen: 409387K->91998K(465920K)] 1388822K->1071697K(1663488K), 0.0167967 secs] [Times: user=0.04 sys=0.00, real=0.02 secs] 
2919.354: [GC (Allocation Failure) [PSYoungGen: 324958K->37874K(465920K)] 1304657K->1017871K(1663488K), 0.0059540 secs] [Times: user=0.01 sys=0.01, real=0.01 secs] 
2919.623: [GC (Allocation Failure) [PSYoungGen: 270834K->184333K(465920K)] 1250831K->1165584K(1663488K), 0.0205854 secs] [Times: user=0.03 sys=0.00, real=0.02 secs] 
2919.908: [GC (Allocation Failure) [PSYoungGen: 417293K->184655K(465920K)] 1398544K->1166179K(1663488K), 0.0206617 secs] [Times: user=0.03 sys=0.00, real=0.02 secs] 
2920.629: [GC (Allocation Failure) [PSYoungGen: 407479K->91837K(465920K)] 1389003K->1073634K(1663488K), 0.0119486 secs] [Times: user=0.03 sys=0.00, real=0.01 secs] 
2921.491: [GC (Allocation Failure) [PSYoungGen: 324797K->38163K(465920K)] 1306594K->1020266K(1663488K), 0.0069427 secs] [Times: user=0.02 sys=0.00, real=0.01 secs] 
2921.770: [GC (Allocation Failure) [PSYoungGen: 271123K->184687K(465920K)] 1253226K->1168172K(1663488K), 0.0206839 secs] [Times: user=0.03 sys=0.00, real=0.02 secs] 
2922.054: [GC (Allocation Failure) [PSYoungGen: 417647K->184719K(465920K)] 1401132K->1168348K(1663488K), 0.0208543 secs] [Times: user=0.03 sys=0.00, real=0.03 secs] 
2922.827: [GC (Allocation Failure) [PSYoungGen: 407148K->91226K(465920K)] 1390777K->1075121K(1663488K), 0.0119454 secs] [Times: user=0.02 sys=0.00, real=0.01 secs] 
2924.237: [GC (Allocation Failure) [PSYoungGen: 324186K->37684K(465920K)] 1308081K->1021887K(1663488K), 0.0082902 secs] [Times: user=0.02 sys=0.00, real=0.01 secs] 
2924.632: [GC (Allocation Failure) [PSYoungGen: 270644K->184687K(465920K)] 1254847K->1170135K(1663488K), 0.0209188 secs] [Times: user=0.03 sys=0.00, real=0.02 secs] 
2924.980: [GC (Allocation Failure) [PSYoungGen: 417647K->184687K(465920K)] 1403095K->1170408K(1663488K), 0.0208154 secs] [Times: user=0.03 sys=0.00, real=0.02 secs] 
2925.686: [GC (Allocation Failure) [PSYoungGen: 407237K->91548K(465920K)] 1392959K->1077534K(1663488K), 0.0126724 secs] [Times: user=0.02 sys=0.00, real=0.01 secs] 
2927.197: [GC (Allocation Failure) [PSYoungGen: 324508K->37748K(465920K)] 1310494K->1024040K(1663488K), 0.0087313 secs] [Times: user=0.02 sys=0.00, real=0.01 secs] 
2927.518: [GC (Allocation Failure) [PSYoungGen: 270708K->184687K(465920K)] 1257000K->1172224K(1663488K), 0.0207980 secs] [Times: user=0.03 sys=0.00, real=0.02 secs] 
2927.802: [GC (Allocation Failure) [PSYoungGen: 417647K->184687K(465920K)] 1405184K->1172505K(1663488K), 0.0207839 secs] [Times: user=0.03 sys=0.00, real=0.02 secs] 
2928.926: [GC (Allocation Failure) [PSYoungGen: 407236K->91612K(465920K)] 1395054K->1079704K(1663488K), 0.0127315 secs] [Times: user=0.03 sys=0.00, real=0.01 secs] 
2929.740: [GC (Allocation Failure) [PSYoungGen: 324572K->38005K(465920K)] 1312664K->1026404K(1663488K), 0.0060775 secs] [Times: user=0.02 sys=0.00, real=0.01 secs] 
2930.008: [GC (Allocation Failure) [PSYoungGen: 270965K->183819K(465920K)] 1259364K->1173472K(1663488K), 0.0207240 secs] [Times: user=0.03 sys=0.00, real=0.02 secs] 
2930.294: [GC (Allocation Failure) [PSYoungGen: 416779K->184687K(465920K)] 1406432K->1174484K(1663488K), 0.0206557 secs] [Times: user=0.03 sys=0.00, real=0.02 secs] 
2932.876: [GC (Allocation Failure) [PSYoungGen: 408553K->92255K(465920K)] 1398350K->1082325K(1663488K), 0.0257017 secs] [Times: user=0.06 sys=0.00, real=0.02 secs] 
2935.093: [GC (Allocation Failure) [PSYoungGen: 325215K->37488K(465920K)] 1315285K->1027864K(1663488K), 0.0086953 secs] [Times: user=0.02 sys=0.00, real=0.01 secs] 
2935.415: [GC (Allocation Failure) [PSYoungGen: 270448K->184590K(465920K)] 1260824K->1176204K(1663488K), 0.0206792 secs] [Times: user=0.03 sys=0.00, real=0.02 secs] 
2935.758: [GC (Allocation Failure) [PSYoungGen: 417550K->186293K(465920K)] 1409164K->1178180K(1663488K), 0.0210589 secs] [Times: user=0.03 sys=0.00, real=0.02 secs] 
2936.803: [GC (Allocation Failure) [PSYoungGen: 407448K->90279K(465920K)] 1399335K->1082431K(1663488K), 0.0157760 secs] [Times: user=0.03 sys=0.00, real=0.02 secs] 
2939.001: [GC (Allocation Failure) [PSYoungGen: 323239K->37588K(465920K)] 1315391K->1030045K(1663488K), 0.0086254 secs] [Times: user=0.03 sys=0.00, real=0.01 secs] 
2939.323: [GC (Allocation Failure) [PSYoungGen: 270548K->186389K(465920K)] 1263005K->1180093K(1663488K), 0.0209573 secs] [Times: user=0.03 sys=0.00, real=0.02 secs] 
2939.610: [GC (Allocation Failure) [PSYoungGen: 419349K->186100K(465920K)] 1413053K->1180077K(1663488K), 0.0210685 secs] [Times: user=0.03 sys=0.00, real=0.02 secs] 
2940.707: [GC (Allocation Failure) [PSYoungGen: 405533K->88656K(465920K)] 1399510K->1082897K(1663488K), 0.0116294 secs] [Times: user=0.03 sys=0.00, real=0.01 secs] 
2942.871: [GC (Allocation Failure) [PSYoungGen: 321616K->37780K(465920K)] 1315857K->1032329K(1663488K), 0.0083934 secs] [Times: user=0.02 sys=0.00, real=0.01 secs] 
2943.176: [GC (Allocation Failure) [PSYoungGen: 270740K->184044K(465920K)] 1265289K->1179983K(1663488K), 0.0208906 secs] [Times: user=0.03 sys=0.00, real=0.02 secs] 
2943.465: [GC (Allocation Failure) [PSYoungGen: 417004K->183980K(465920K)] 1412943K->1180064K(1663488K), 0.0206551 secs] [Times: user=0.02 sys=0.00, real=0.02 secs] 
2944.881: [GC (Allocation Failure) [PSYoungGen: 409298K->92897K(465920K)] 1405381K->1089246K(1663488K), 0.0140351 secs] [Times: user=0.04 sys=0.00, real=0.01 secs] 
2945.748: [GC (Allocation Failure) [PSYoungGen: 325857K->37588K(465920K)] 1322206K->1034246K(1663488K), 0.0059567 secs] [Times: user=0.01 sys=0.00, real=0.00 secs] 
2946.018: [GC (Allocation Failure) [PSYoungGen: 270548K->183819K(465920K)] 1267206K->1181723K(1663488K), 0.0207811 secs] [Times: user=0.03 sys=0.00, real=0.02 secs] 
2946.304: [GC (Allocation Failure) [PSYoungGen: 416779K->184880K(465920K)] 1414683K->1182928K(1663488K), 0.0211148 secs] [Times: user=0.03 sys=0.00, real=0.03 secs] 
2949.400: [GC (Allocation Failure) [PSYoungGen: 410272K->92383K(465920K)] 1408320K->1090697K(1663488K), 0.0283713 secs] [Times: user=0.06 sys=0.00, real=0.03 secs] 
2950.526: [GC (Allocation Failure) [PSYoungGen: 325343K->38005K(465920K)] 1323657K->1036621K(1663488K), 0.0060555 secs] [Times: user=0.02 sys=0.00, real=0.00 secs] 
2950.797: [GC (Allocation Failure) [PSYoungGen: 270965K->184173K(465920K)] 1269581K->1184042K(1663488K), 0.0208742 secs] [Times: user=0.03 sys=0.00, real=0.02 secs] 
2951.083: [GC (Allocation Failure) [PSYoungGen: 417133K->184719K(465920K)] 1417002K->1184861K(1663488K), 0.0210151 secs] [Times: user=0.03 sys=0.00, real=0.02 secs] 
2952.082: [GC (Allocation Failure) [PSYoungGen: 408012K->91869K(465920K)] 1408154K->1092276K(1663488K), 0.0142819 secs] [Times: user=0.03 sys=0.00, real=0.02 secs] 
2953.046: [GC (Allocation Failure) [PSYoungGen: 324829K->38102K(465920K)] 1325236K->1038831K(1663488K), 0.0070695 secs] [Times: user=0.02 sys=0.00, real=0.00 secs] 
2953.325: [GC (Allocation Failure) [PSYoungGen: 271062K->184590K(465920K)] 1271791K->1186693K(1663488K), 0.0207967 secs] [Times: user=0.03 sys=0.00, real=0.03 secs] 
2953.610: [GC (Allocation Failure) [PSYoungGen: 417550K->184687K(465920K)] 1419653K->1186934K(1663488K), 0.0206913 secs] [Times: user=0.03 sys=0.00, real=0.02 secs] 
2954.451: [GC (Allocation Failure) [PSYoungGen: 407132K->91339K(465920K)] 1409380K->1093980K(1663488K), 0.0119187 secs] [Times: user=0.02 sys=0.00, real=0.01 secs] 
2955.268: [GC (Allocation Failure) [PSYoungGen: 324299K->37973K(465920K)] 1326940K->1040800K(1663488K), 0.0060728 secs] [Times: user=0.02 sys=0.00, real=0.00 secs] 
2955.547: [GC (Allocation Failure) [PSYoungGen: 270933K->184687K(465920K)] 1273760K->1188759K(1663488K), 0.0211585 secs] [Times: user=0.03 sys=0.00, real=0.02 secs] 
2955.834: [GC (Allocation Failure) [PSYoungGen: 417647K->184687K(465920K)] 1421719K->1189032K(1663488K), 0.0207706 secs] [Times: user=0.03 sys=0.00, real=0.03 secs] 
2956.477: [GC (Allocation Failure) [PSYoungGen: 407236K->91387K(465920K)] 1411581K->1095997K(1663488K), 0.0119808 secs] [Times: user=0.02 sys=0.00, real=0.01 secs] 
2957.336: [GC (Allocation Failure) [PSYoungGen: 324347K->38002K(465920K)] 1328957K->1042928K(1663488K), 0.0061724 secs] [Times: user=0.01 sys=0.00, real=0.00 secs] 
2957.605: [GC (Allocation Failure) [PSYoungGen: 270962K->183884K(465920K)] 1275888K->1190039K(1663488K), 0.0209186 secs] [Times: user=0.03 sys=0.00, real=0.02 secs] 
2957.893: [GC (Allocation Failure) [PSYoungGen: 416844K->184462K(465920K)] 1422999K->1190890K(1663488K), 0.0208807 secs] [Times: user=0.03 sys=0.00, real=0.02 secs] 
2959.268: [GC (Allocation Failure) [PSYoungGen: 409658K->92351K(465920K)] 1416086K->1099045K(1663488K), 0.0148270 secs] [Times: user=0.03 sys=0.00, real=0.01 secs] 
2961.588: [GC (Allocation Failure) [PSYoungGen: 325311K->37266K(465920K)] 1332005K->1044267K(1663488K), 0.0084236 secs] [Times: user=0.02 sys=0.00, real=0.01 secs] 
2961.897: [GC (Allocation Failure) [PSYoungGen: 270226K->184687K(465920K)] 1277227K->1192942K(1663488K), 0.0210452 secs] [Times: user=0.03 sys=0.00, real=0.02 secs] 
2962.190: [GC (Allocation Failure) [PSYoungGen: 417647K->184623K(465920K)] 1425902K->1193151K(1663488K), 0.0208859 secs] [Times: user=0.03 sys=0.00, real=0.02 secs] 
2964.053: [GC (Allocation Failure) [PSYoungGen: 409760K->92126K(465920K)] 1418288K->1100919K(1663488K), 0.0262508 secs] [Times: user=0.05 sys=0.01, real=0.03 secs] 
2966.350: [GC (Allocation Failure) [PSYoungGen: 325086K->37716K(465920K)] 1333879K->1046801K(1663488K), 0.0090865 secs] [Times: user=0.02 sys=0.00, real=0.01 secs] 
2966.677: [GC (Allocation Failure) [PSYoungGen: 270676K->184719K(465920K)] 1279761K->1195049K(1663488K), 0.0207803 secs] [Times: user=0.03 sys=0.00, real=0.02 secs] 
2966.969: [GC (Allocation Failure) [PSYoungGen: 417679K->184687K(465920K)] 1428009K->1195290K(1663488K), 0.0206753 secs] [Times: user=0.03 sys=0.00, real=0.02 secs] 
2968.160: [GC (Allocation Failure) [PSYoungGen: 407240K->91580K(465920K)] 1417843K->1102448K(1663488K), 0.0127992 secs] [Times: user=0.03 sys=0.00, real=0.01 secs] 
2970.281: [GC (Allocation Failure) [PSYoungGen: 324540K->37363K(465920K)] 1335408K->1048537K(1663488K), 0.0071654 secs] [Times: user=0.02 sys=0.00, real=0.01 secs] 
2970.567: [GC (Allocation Failure) [PSYoungGen: 270323K->184687K(465920K)] 1281497K->1197235K(1663488K), 0.0207986 secs] [Times: user=0.03 sys=0.00, real=0.02 secs] 
2970.910: [GC (Allocation Failure) [PSYoungGen: 417647K->184751K(465920K)] 1430195K->1197443K(1663488K), 0.0207732 secs] [Times: user=0.03 sys=0.00, real=0.02 secs] 
2971.545: [GC (Allocation Failure) [PSYoungGen: 405287K->91982K(465920K)] 1417980K->1104947K(1663488K), 0.0128085 secs] [Times: user=0.02 sys=0.00, real=0.01 secs] 
2973.060: [GC (Allocation Failure) [PSYoungGen: 324942K->37459K(465920K)] 1337907K->1050735K(1663488K), 0.0061036 secs] [Times: user=0.02 sys=0.00, real=0.01 secs] 
2973.402: [GC (Allocation Failure) [PSYoungGen: 270419K->186486K(465920K)] 1283695K->1201007K(1663488K), 0.0210259 secs] [Times: user=0.03 sys=0.00, real=0.02 secs] 
2973.689: [GC (Allocation Failure) [PSYoungGen: 419446K->186068K(465920K)] 1433967K->1200991K(1663488K), 0.0212378 secs] [Times: user=0.03 sys=0.00, real=0.02 secs] 
2974.735: [GC (Allocation Failure) [PSYoungGen: 405397K->88656K(465920K)] 1420320K->1103844K(1663488K), 0.0156765 secs] [Times: user=0.04 sys=0.00, real=0.02 secs] 
2976.277: [GC (Allocation Failure) [PSYoungGen: 321616K->37588K(465920K)] 1336804K->1052945K(1663488K), 0.0070430 secs] [Times: user=0.02 sys=0.00, real=0.00 secs] 
2976.623: [GC (Allocation Failure) [PSYoungGen: 270548K->184173K(465920K)] 1285905K->1200775K(1663488K), 0.0210425 secs] [Times: user=0.03 sys=0.00, real=0.02 secs] 
2976.959: [GC (Allocation Failure) [PSYoungGen: 417133K->184430K(465920K)] 1433735K->1201434K(1663488K), 0.0208418 secs] [Times: user=0.03 sys=0.00, real=0.02 secs] 
2977.594: [GC (Allocation Failure) [PSYoungGen: 408044K->92512K(465920K)] 1425048K->1109653K(1663488K), 0.0126770 secs] [Times: user=0.03 sys=0.00, real=0.02 secs] 
2978.377: [GC (Allocation Failure) [PSYoungGen: 325472K->38034K(465920K)] 1342613K->1055483K(1663488K), 0.0061246 secs] [Times: user=0.02 sys=0.00, real=0.00 secs] 
2978.708: [GC (Allocation Failure) [PSYoungGen: 270994K->184430K(465920K)] 1288443K->1203124K(1663488K), 0.0208055 secs] [Times: user=0.03 sys=0.00, real=0.02 secs] 
2978.993: [GC (Allocation Failure) [PSYoungGen: 417390K->184590K(465920K)] 1436084K->1203557K(1663488K), 0.0210104 secs] [Times: user=0.03 sys=0.00, real=0.02 secs] 
2979.721: [GC (Allocation Failure) [PSYoungGen: 407129K->91677K(465920K)] 1426097K->1110909K(1663488K), 0.0205090 secs] [Times: user=0.05 sys=0.00, real=0.02 secs] 
2980.628: [GC (Allocation Failure) [PSYoungGen: 324637K->37877K(465920K)] 1343869K->1057407K(1663488K), 0.0059959 secs] [Times: user=0.02 sys=0.00, real=0.00 secs] 
2980.901: [GC (Allocation Failure) [PSYoungGen: 270837K->184944K(465920K)] 1290367K->1205727K(1663488K), 0.0208129 secs] [Times: user=0.03 sys=0.00, real=0.02 secs] 
2981.187: [GC (Allocation Failure) [PSYoungGen: 417904K->184944K(465920K)] 1438687K->1206008K(1663488K), 0.0207051 secs] [Times: user=0.03 sys=0.00, real=0.02 secs] 
2981.792: [GC (Allocation Failure) [PSYoungGen: 407769K->91001K(465920K)] 1428834K->1112339K(1663488K), 0.0112234 secs] [Times: user=0.03 sys=0.00, real=0.01 secs] 
2982.607: [GC (Allocation Failure) [PSYoungGen: 323961K->38034K(465920K)] 1345299K->1059696K(1663488K), 0.0060059 secs] [Times: user=0.01 sys=0.00, real=0.00 secs] 
2982.937: [GC (Allocation Failure) [PSYoungGen: 270994K->184590K(465920K)] 1292656K->1207505K(1663488K), 0.0208406 secs] [Times: user=0.04 sys=0.00, real=0.02 secs] 
2983.227: [GC (Allocation Failure) [PSYoungGen: 417550K->184687K(465920K)] 1440465K->1207875K(1663488K), 0.0208501 secs] [Times: user=0.03 sys=0.00, real=0.02 secs] 
2984.215: [GC (Allocation Failure) [PSYoungGen: 407137K->91484K(465920K)] 1430325K->1115065K(1663488K), 0.0151113 secs] [Times: user=0.03 sys=0.00, real=0.01 secs] 
2985.570: [GC (Allocation Failure) [PSYoungGen: 324444K->37845K(465920K)] 1348025K->1061596K(1663488K), 0.0083021 secs] [Times: user=0.03 sys=0.00, real=0.01 secs] 
2985.876: [GC (Allocation Failure) [PSYoungGen: 270805K->183787K(465920K)] 1294556K->1208776K(1663488K), 0.0208964 secs] [Times: user=0.03 sys=0.00, real=0.02 secs] 
2986.172: [GC (Allocation Failure) [PSYoungGen: 416747K->184430K(465920K)] 1441736K->1209691K(1663488K), 0.0207918 secs] [Times: user=0.03 sys=0.00, real=0.02 secs] 
2987.374: [GC (Allocation Failure) [PSYoungGen: 409785K->92608K(465920K)] 1435047K->1118135K(1663488K), 0.0172597 secs] [Times: user=0.04 sys=0.01, real=0.02 secs] 
2989.257: [GC (Allocation Failure) [PSYoungGen: 325568K->37716K(465920K)] 1351095K->1063548K(1663488K), 0.0072303 secs] [Times: user=0.02 sys=0.00, real=0.00 secs] 
2989.544: [GC (Allocation Failure) [PSYoungGen: 270676K->184719K(465920K)] 1296508K->1211797K(1663488K), 0.0209965 secs] [Times: user=0.03 sys=0.00, real=0.03 secs] 
2989.830: [GC (Allocation Failure) [PSYoungGen: 417679K->184655K(465920K)] 1444757K->1212134K(1663488K), 0.0208272 secs] [Times: user=0.03 sys=0.00, real=0.02 secs] 
2991.535: [GC (Allocation Failure) [PSYoungGen: 407375K->91612K(465920K)] 1434855K->1119357K(1663488K), 0.0297723 secs] [Times: user=0.06 sys=0.00, real=0.02 secs] 
2993.908: [GC (Allocation Failure) [PSYoungGen: 324572K->37745K(465920K)] 1352317K->1065675K(1663488K), 0.0092518 secs] [Times: user=0.02 sys=0.00, real=0.01 secs] 
2994.233: [GC (Allocation Failure) [PSYoungGen: 270705K->183787K(465920K)] 1298635K->1212962K(1663488K), 0.0209321 secs] [Times: user=0.03 sys=0.00, real=0.02 secs] 
2994.524: [GC (Allocation Failure) [PSYoungGen: 416747K->184333K(465920K)] 1445922K->1213910K(1663488K), 0.0209150 secs] [Times: user=0.03 sys=0.01, real=0.03 secs] 
2995.960: [GC (Allocation Failure) [PSYoungGen: 408166K->92865K(465920K)] 1437743K->1122579K(1663488K), 0.0205913 secs] [Times: user=0.05 sys=0.00, real=0.02 secs] 
2996.797: [GC (Allocation Failure) [PSYoungGen: 325825K->38005K(465920K)] 1355539K->1068024K(1663488K), 0.0061676 secs] [Times: user=0.02 sys=0.00, real=0.00 secs] 
2997.069: [GC (Allocation Failure) [PSYoungGen: 270965K->184430K(465920K)] 1300984K->1215694K(1663488K), 0.0207131 secs] [Times: user=0.03 sys=0.00, real=0.02 secs] 
2997.353: [GC (Allocation Failure) [PSYoungGen: 417390K->184269K(465920K)] 1448654K->1215807K(1663488K), 0.0209686 secs] [Times: user=0.03 sys=0.00, real=0.02 secs] 
2998.933: [GC (Allocation Failure) [PSYoungGen: 409308K->91966K(465920K)] 1440846K->1123897K(1663488K), 0.0186955 secs] [Times: user=0.05 sys=0.00, real=0.02 secs] 
3000.602: [GC (Allocation Failure) [PSYoungGen: 324926K->37845K(465920K)] 1356857K->1069953K(1663488K), 0.0073298 secs] [Times: user=0.01 sys=0.00, real=0.01 secs] 
3000.889: [GC (Allocation Failure) [PSYoungGen: 270805K->184687K(465920K)] 1302913K->1218049K(1663488K), 0.0208604 secs] [Times: user=0.03 sys=0.00, real=0.02 secs] 
3001.247: [GC (Allocation Failure) [PSYoungGen: 417647K->184655K(465920K)] 1451009K->1218290K(1663488K), 0.0208649 secs] [Times: user=0.03 sys=0.00, real=0.02 secs] 
3003.124: [GC (Allocation Failure) [PSYoungGen: 407247K->91531K(465920K)] 1440882K->1125432K(1663488K), 0.0287219 secs] [Times: user=0.07 sys=0.00, real=0.03 secs] 
3005.128: [GC (Allocation Failure) [PSYoungGen: 324491K->37973K(465920K)] 1358392K->1072187K(1663488K), 0.0079723 secs] [Times: user=0.02 sys=0.00, real=0.01 secs] 
3005.500: [GC (Allocation Failure) [PSYoungGen: 270933K->184719K(465920K)] 1305147K->1220315K(1663488K), 0.0210737 secs] [Times: user=0.03 sys=0.00, real=0.02 secs] 
3005.786: [GC (Allocation Failure) [PSYoungGen: 417679K->184687K(465920K)] 1453275K->1220427K(1663488K), 0.0206742 secs] [Times: user=0.03 sys=0.00, real=0.02 secs] 
3008.366: [GC (Allocation Failure) [PSYoungGen: 407240K->91323K(465920K)] 1442980K->1127329K(1663488K), 0.0227426 secs] [Times: user=0.05 sys=0.00, real=0.02 secs] 
3010.707: [GC (Allocation Failure) [PSYoungGen: 324283K->37716K(465920K)] 1360289K->1074030K(1663488K), 0.0095185 secs] [Times: user=0.02 sys=0.00, real=0.01 secs] 
3011.107: [GC (Allocation Failure) [PSYoungGen: 270676K->183787K(465920K)] 1306990K->1221346K(1663488K), 0.0208502 secs] [Times: user=0.03 sys=0.00, real=0.02 secs] 
3011.392: [GC (Allocation Failure) [PSYoungGen: 416747K->184269K(465920K)] 1454306K->1222230K(1663488K), 0.0209227 secs] [Times: user=0.03 sys=0.00, real=0.02 secs] 
3012.606: [GC (Allocation Failure) [PSYoungGen: 408125K->92945K(465920K)] 1446085K->1131042K(1663488K), 0.0284403 secs] [Times: user=0.06 sys=0.00, real=0.02 secs] 
3013.915: [GC (Allocation Failure) [PSYoungGen: 325905K->37845K(465920K)] 1364002K->1076258K(1663488K), 0.0085707 secs] [Times: user=0.02 sys=0.00, real=0.00 secs] 
3014.238: [GC (Allocation Failure) [PSYoungGen: 270805K->184430K(465920K)] 1309218K->1224088K(1663488K), 0.0208637 secs] [Times: user=0.03 sys=0.00, real=0.02 secs] 
3014.523: [GC (Allocation Failure) [PSYoungGen: 417390K->184333K(465920K)] 1457048K->1224265K(1663488K), 0.0208472 secs] [Times: user=0.03 sys=0.00, real=0.02 secs] 
3015.853: [GC (Allocation Failure) [PSYoungGen: 409371K->92126K(465920K)] 1449302K->1132451K(1663488K), 0.0182043 secs] [Times: user=0.04 sys=0.00, real=0.02 secs] 
3017.300: [GC (Allocation Failure) [PSYoungGen: 325086K->37973K(465920K)] 1365411K->1078469K(1663488K), 0.0079008 secs] [Times: user=0.02 sys=0.00, real=0.01 secs] 
3017.603: [GC (Allocation Failure) [PSYoungGen: 270933K->184687K(465920K)] 1311429K->1226437K(1663488K), 0.0210429 secs] [Times: user=0.03 sys=0.00, real=0.02 secs] 
3017.889: [GC (Allocation Failure) [PSYoungGen: 417647K->184655K(465920K)] 1459397K->1226678K(1663488K), 0.0209628 secs] [Times: user=0.03 sys=0.00, real=0.02 secs] 
3018.656: [GC (Allocation Failure) [PSYoungGen: 407213K->91355K(465920K)] 1449236K->1133643K(1663488K), 0.0130060 secs] [Times: user=0.03 sys=0.00, real=0.01 secs] 
3020.199: [GC (Allocation Failure) [PSYoungGen: 324315K->37588K(465920K)] 1366603K->1080181K(1663488K), 0.0087662 secs] [Times: user=0.03 sys=0.00, real=0.01 secs] 
3020.519: [GC (Allocation Failure) [PSYoungGen: 270548K->183948K(465920K)] 1313141K->1227779K(1663488K), 0.0208690 secs] [Times: user=0.03 sys=0.00, real=0.02 secs] 
3020.864: [GC (Allocation Failure) [PSYoungGen: 416908K->184430K(465920K)] 1460739K->1228542K(1663488K), 0.0207055 secs] [Times: user=0.03 sys=0.00, real=0.02 secs] 
3021.476: [GC (Allocation Failure) [PSYoungGen: 409674K->92785K(465920K)] 1453786K->1137170K(1663488K), 0.0130966 secs] [Times: user=0.03 sys=0.00, real=0.01 secs] 
3022.289: [GC (Allocation Failure) [PSYoungGen: 325745K->38034K(465920K)] 1370130K->1082743K(1663488K), 0.0060886 secs] [Times: user=0.02 sys=0.00, real=0.00 secs] 
3022.625: [GC (Allocation Failure) [PSYoungGen: 270994K->184719K(465920K)] 1315703K->1230673K(1663488K), 0.0209433 secs] [Times: user=0.03 sys=0.00, real=0.03 secs] 
3022.910: [GC (Allocation Failure) [PSYoungGen: 417679K->184687K(465920K)] 1463633K->1230914K(1663488K), 0.0210946 secs] [Times: user=0.03 sys=0.00, real=0.02 secs] 
3024.046: [GC (Allocation Failure) [PSYoungGen: 407251K->91387K(465920K)] 1453479K->1137880K(1663488K), 0.0145296 secs] [Times: user=0.03 sys=0.00, real=0.01 secs] 
3025.401: [GC (Allocation Failure) [PSYoungGen: 324347K->37588K(465920K)] 1370840K->1084378K(1663488K), 0.0071451 secs] [Times: user=0.02 sys=0.00, real=0.01 secs] 
3025.680: [GC (Allocation Failure) [PSYoungGen: 270548K->183980K(465920K)] 1317338K->1232024K(1663488K), 0.0207485 secs] [Times: user=0.03 sys=0.00, real=0.02 secs] 
3025.964: [GC (Allocation Failure) [PSYoungGen: 416940K->184462K(465920K)] 1464984K->1232915K(1663488K), 0.0211740 secs] [Times: user=0.03 sys=0.00, real=0.03 secs] 
3026.568: [GC (Allocation Failure) [PSYoungGen: 409679K->92753K(465920K)] 1458132K->1141343K(1663488K), 0.0115562 secs] [Times: user=0.02 sys=0.00, real=0.01 secs] 
3027.361: [GC (Allocation Failure) [PSYoungGen: 325713K->38005K(465920K)] 1374303K->1086903K(1663488K), 0.0060550 secs] [Times: user=0.02 sys=0.00, real=0.01 secs] 
3027.631: [GC (Allocation Failure) [PSYoungGen: 270965K->184687K(465920K)] 1319863K->1234839K(1663488K), 0.0207817 secs] [Times: user=0.03 sys=0.00, real=0.02 secs] 
3027.918: [GC (Allocation Failure) [PSYoungGen: 417647K->184687K(465920K)] 1467799K->1235240K(1663488K), 0.0208085 secs] [Times: user=0.03 sys=0.00, real=0.02 secs] 
3028.556: [GC (Allocation Failure) [PSYoungGen: 407119K->91387K(465920K)] 1457673K->1142206K(1663488K), 0.0131204 secs] [Times: user=0.03 sys=0.00, real=0.01 secs] 
3029.358: [GC (Allocation Failure) [PSYoungGen: 324347K->38005K(465920K)] 1375166K->1089017K(1663488K), 0.0061764 secs] [Times: user=0.02 sys=0.00, real=0.00 secs] 
3029.629: [GC (Allocation Failure) [PSYoungGen: 270965K->183916K(465920K)] 1321977K->1236173K(1663488K), 0.0207407 secs] [Times: user=0.03 sys=0.00, real=0.02 secs] 
3029.914: [GC (Allocation Failure) [PSYoungGen: 416876K->184366K(465920K)] 1469133K->1237025K(1663488K), 0.0209499 secs] [Times: user=0.03 sys=0.00, real=0.02 secs] 
3030.525: [GC (Allocation Failure) [PSYoungGen: 409582K->92399K(465920K)] 1462241K->1145195K(1663488K), 0.0105887 secs] [Times: user=0.02 sys=0.00, real=0.01 secs] 
3032.113: [GC (Allocation Failure) [PSYoungGen: 325359K->37745K(465920K)] 1378155K->1090838K(1663488K), 0.0076627 secs] [Times: user=0.02 sys=0.00, real=0.01 secs] 
3032.409: [GC (Allocation Failure) [PSYoungGen: 270705K->184719K(465920K)] 1323798K->1239065K(1663488K), 0.0208137 secs] [Times: user=0.03 sys=0.00, real=0.02 secs] 
3032.752: [GC (Allocation Failure) [PSYoungGen: 417679K->184687K(465920K)] 1472025K->1239306K(1663488K), 0.0210788 secs] [Times: user=0.03 sys=0.00, real=0.02 secs] 
3033.868: [GC (Allocation Failure) [PSYoungGen: 407253K->91580K(465920K)] 1461872K->1146465K(1663488K), 0.0125632 secs] [Times: user=0.03 sys=0.00, real=0.01 secs] 
3034.871: [GC (Allocation Failure) [PSYoungGen: 324540K->37777K(465920K)] 1379425K->1092970K(1663488K), 0.0059942 secs] [Times: user=0.01 sys=0.00, real=0.01 secs] 
3035.205: [GC (Allocation Failure) [PSYoungGen: 270737K->183819K(465920K)] 1325930K->1240258K(1663488K), 0.0207754 secs] [Times: user=0.03 sys=0.00, real=0.03 secs] 
3035.491: [GC (Allocation Failure) [PSYoungGen: 416779K->184333K(465920K)] 1473218K->1241173K(1663488K), 0.0208037 secs] [Times: user=0.03 sys=0.00, real=0.02 secs] 
3036.571: [GC (Allocation Failure) [PSYoungGen: 408156K->92897K(465920K)] 1464997K->1149882K(1663488K), 0.0160246 secs] [Times: user=0.04 sys=0.00, real=0.02 secs] 
3037.497: [GC (Allocation Failure) [PSYoungGen: 325857K->37906K(465920K)] 1382842K->1095204K(1663488K), 0.0060333 secs] [Times: user=0.02 sys=0.00, real=0.00 secs] 
3037.769: [GC (Allocation Failure) [PSYoungGen: 270866K->184430K(465920K)] 1328164K->1242982K(1663488K), 0.0207507 secs] [Times: user=0.03 sys=0.00, real=0.02 secs] 
3038.054: [GC (Allocation Failure) [PSYoungGen: 417390K->184269K(465920K)] 1475942K->1243102K(1663488K), 0.0208786 secs] [Times: user=0.03 sys=0.00, real=0.03 secs] 
3039.408: [GC (Allocation Failure) [PSYoungGen: 409310K->92094K(465920K)] 1468143K->1151321K(1663488K), 0.0174049 secs] [Times: user=0.04 sys=0.00, real=0.02 secs] 
3040.688: [GC (Allocation Failure) [PSYoungGen: 325054K->37877K(465920K)] 1384281K->1097290K(1663488K), 0.0061767 secs] [Times: user=0.01 sys=0.00, real=0.00 secs] 
3041.015: [GC (Allocation Failure) [PSYoungGen: 270837K->184173K(465920K)] 1330250K->1244832K(1663488K), 0.0216179 secs] [Times: user=0.03 sys=0.00, real=0.02 secs] 
3041.306: [GC (Allocation Failure) [PSYoungGen: 417133K->184590K(465920K)] 1477792K->1245523K(1663488K), 0.0211735 secs] [Times: user=0.03 sys=0.00, real=0.02 secs] 
3042.587: [GC (Allocation Failure) [PSYoungGen: 407676K->92126K(465920K)] 1468608K->1153324K(1663488K), 0.0188169 secs] [Times: user=0.05 sys=0.00, real=0.02 secs] 
3044.389: [GC (Allocation Failure) [PSYoungGen: 325086K->37588K(465920K)] 1386284K->1099095K(1663488K), 0.0086312 secs] [Times: user=0.03 sys=0.00, real=0.01 secs] 
3044.697: [GC (Allocation Failure) [PSYoungGen: 270548K->184430K(465920K)] 1332055K->1247303K(1663488K), 0.0209861 secs] [Times: user=0.03 sys=0.00, real=0.02 secs] 
3044.987: [GC (Allocation Failure) [PSYoungGen: 417390K->184494K(465920K)] 1480263K->1247512K(1663488K), 0.0211365 secs] [Times: user=0.03 sys=0.00, real=0.02 secs] 
3046.292: [GC (Allocation Failure) [PSYoungGen: 407544K->92094K(465920K)] 1470562K->1155377K(1663488K), 0.0162169 secs] [Times: user=0.04 sys=0.00, real=0.02 secs] 
3047.540: [GC (Allocation Failure) [PSYoungGen: 325054K->37909K(465920K)] 1388337K->1101499K(1663488K), 0.0094118 secs] [Times: user=0.03 sys=0.00, real=0.01 secs] 
3047.848: [GC (Allocation Failure) [PSYoungGen: 270869K->184976K(465920K)] 1334459K->1249812K(1663488K), 0.0209246 secs] [Times: user=0.03 sys=0.00, real=0.02 secs] 
3048.184: [GC (Allocation Failure) [PSYoungGen: 417936K->184109K(465920K)] 1482772K->1249218K(1663488K), 0.0210251 secs] [Times: user=0.03 sys=0.00, real=0.02 secs] 
3048.826: [GC (Allocation Failure) [PSYoungGen: 406944K->91741K(465920K)] 1472053K->1157115K(1663488K), 0.0124104 secs] [Times: user=0.03 sys=0.00, real=0.01 secs] 
3050.095: [GC (Allocation Failure) [PSYoungGen: 324701K->37745K(465920K)] 1390075K->1103427K(1663488K), 0.0089054 secs] [Times: user=0.03 sys=0.00, real=0.00 secs] 
3050.417: [GC (Allocation Failure) [PSYoungGen: 270705K->184462K(465920K)] 1336387K->1251389K(1663488K), 0.0208041 secs] [Times: user=0.03 sys=0.00, real=0.02 secs] 
3050.767: [GC (Allocation Failure) [PSYoungGen: 417422K->184333K(465920K)] 1484349K->1251534K(1663488K), 0.0208795 secs] [Times: user=0.03 sys=0.00, real=0.02 secs] 
3051.841: [GC (Allocation Failure) [PSYoungGen: 409405K->92223K(465920K)] 1476606K->1159817K(1663488K), 0.0170754 secs] [Times: user=0.04 sys=0.00, real=0.02 secs] 
3054.117: [GC (Allocation Failure) [PSYoungGen: 325183K->37459K(465920K)] 1392777K->1105246K(1663488K), 0.0086884 secs] [Times: user=0.03 sys=0.00, real=0.01 secs] 
3054.440: [GC (Allocation Failure) [PSYoungGen: 270419K->184687K(465920K)] 1338206K->1253728K(1663488K), 0.0209697 secs] [Times: user=0.03 sys=0.00, real=0.02 secs] 
3054.724: [GC (Allocation Failure) [PSYoungGen: 417647K->184655K(465920K)] 1486688K->1253969K(1663488K), 0.0209617 secs] [Times: user=0.03 sys=0.00, real=0.03 secs] 
3055.658: [GC (Allocation Failure) [PSYoungGen: 407468K->91869K(465920K)] 1476782K->1161448K(1663488K), 0.0122472 secs] [Times: user=0.02 sys=0.00, real=0.01 secs] 
3057.206: [GC (Allocation Failure) [PSYoungGen: 324829K->37745K(465920K)] 1394408K->1107640K(1663488K), 0.0085333 secs] [Times: user=0.02 sys=0.00, real=0.01 secs] 
3057.515: [GC (Allocation Failure) [PSYoungGen: 270705K->184719K(465920K)] 1340600K->1255988K(1663488K), 0.0209934 secs] [Times: user=0.03 sys=0.00, real=0.02 secs] 
3057.807: [GC (Allocation Failure) [PSYoungGen: 417679K->184655K(465920K)] 1488948K->1256068K(1663488K), 0.0238619 secs] [Times: user=0.04 sys=0.00, real=0.02 secs] 
3059.408: [GC (Allocation Failure) [PSYoungGen: 407211K->91548K(465920K)] 1478624K->1163227K(1663488K), 0.0285250 secs] [Times: user=0.07 sys=0.00, real=0.03 secs] 
3062.150: [GC (Allocation Failure) [PSYoungGen: 324508K->37845K(465920K)] 1396187K->1109815K(1663488K), 0.0089258 secs] [Times: user=0.02 sys=0.00, real=0.01 secs] 
3062.468: [GC (Allocation Failure) [PSYoungGen: 270805K->184687K(465920K)] 1342775K->1258039K(1663488K), 0.0209085 secs] [Times: user=0.03 sys=0.00, real=0.02 secs] 
3062.756: [GC (Allocation Failure) [PSYoungGen: 417647K->184719K(465920K)] 1490999K->1258216K(1663488K), 0.0210567 secs] [Times: user=0.03 sys=0.00, real=0.02 secs] 
3063.609: [GC (Allocation Failure) [PSYoungGen: 407282K->91484K(465920K)] 1480778K->1165245K(1663488K), 0.0125997 secs] [Times: user=0.03 sys=0.00, real=0.01 secs] 
3065.199: [GC (Allocation Failure) [PSYoungGen: 324444K->37845K(465920K)] 1398205K->1111912K(1663488K), 0.0086799 secs] [Times: user=0.03 sys=0.00, real=0.01 secs] 
3065.518: [GC (Allocation Failure) [PSYoungGen: 270805K->183980K(465920K)] 1344872K->1259293K(1663488K), 0.0208358 secs] [Times: user=0.03 sys=0.00, real=0.02 secs] 
3065.805: [GC (Allocation Failure) [PSYoungGen: 416940K->184430K(465920K)] 1492253K->1260152K(1663488K), 0.0208926 secs] [Times: user=0.03 sys=0.00, real=0.03 secs] 
3066.415: [GC (Allocation Failure) [PSYoungGen: 409648K->92512K(465920K)] 1485371K->1168379K(1663488K), 0.0113072 secs] [Times: user=0.03 sys=0.00, real=0.01 secs] 
3067.228: [GC (Allocation Failure) [PSYoungGen: 325472K->38034K(465920K)] 1401339K->1114218K(1663488K), 0.0062554 secs] [Times: user=0.02 sys=0.00, real=0.00 secs] 
3067.499: [GC (Allocation Failure) [PSYoungGen: 270994K->184719K(465920K)] 1347178K->1262148K(1663488K), 0.0208031 secs] [Times: user=0.03 sys=0.00, real=0.02 secs] 
3067.785: [GC (Allocation Failure) [PSYoungGen: 417679K->184687K(465920K)] 1495108K->1262389K(1663488K), 0.0207767 secs] [Times: user=0.03 sys=0.00, real=0.03 secs] 
3068.419: [GC (Allocation Failure) [PSYoungGen: 407244K->91403K(465920K)] 1484946K->1169379K(1663488K), 0.0121853 secs] [Times: user=0.03 sys=0.00, real=0.01 secs] 
3069.454: [GC (Allocation Failure) [PSYoungGen: 324363K->38102K(465920K)] 1402339K->1116391K(1663488K), 0.0078798 secs] [Times: user=0.02 sys=0.00, real=0.01 secs] 
3069.825: [GC (Allocation Failure) [PSYoungGen: 271062K->184719K(465920K)] 1349351K->1264262K(1663488K), 0.0211265 secs] [Times: user=0.03 sys=0.00, real=0.02 secs] 
3070.111: [GC (Allocation Failure) [PSYoungGen: 417679K->184687K(465920K)] 1497222K->1264503K(1663488K), 0.0210966 secs] [Times: user=0.03 sys=0.00, real=0.02 secs] 
3070.768: [GC (Allocation Failure) [PSYoungGen: 407105K->91194K(465920K)] 1486921K->1171276K(1663488K), 0.0143049 secs] [Times: user=0.04 sys=0.00, real=0.01 secs] 
3071.592: [GC (Allocation Failure) [PSYoungGen: 324154K->38037K(465920K)] 1404236K->1118434K(1663488K), 0.0061676 secs] [Times: user=0.01 sys=0.00, real=0.01 secs] 
3071.865: [GC (Allocation Failure) [PSYoungGen: 270997K->184687K(465920K)] 1351394K->1266337K(1663488K), 0.0208475 secs] [Times: user=0.03 sys=0.00, real=0.03 secs] 
3072.152: [GC (Allocation Failure) [PSYoungGen: 417647K->184687K(465920K)] 1499297K->1266610K(1663488K), 0.0211647 secs] [Times: user=0.03 sys=0.00, real=0.02 secs] 
3072.792: [GC (Allocation Failure) [PSYoungGen: 407236K->91387K(465920K)] 1489160K->1173576K(1663488K), 0.0128345 secs] [Times: user=0.03 sys=0.00, real=0.01 secs] 
3073.708: [GC (Allocation Failure) [PSYoungGen: 324347K->37973K(465920K)] 1406536K->1120475K(1663488K), 0.0072259 secs] [Times: user=0.02 sys=0.00, real=0.01 secs] 
3073.986: [GC (Allocation Failure) [PSYoungGen: 270933K->183916K(465920K)] 1353435K->1267671K(1663488K), 0.0208922 secs] [Times: user=0.03 sys=0.00, real=0.02 secs] 
3074.333: [GC (Allocation Failure) [PSYoungGen: 416876K->184398K(465920K)] 1500631K->1268427K(1663488K), 0.0208738 secs] [Times: user=0.03 sys=0.00, real=0.02 secs] 
3076.501: [GC (Allocation Failure) [PSYoungGen: 408083K->92351K(465920K)] 1492112K->1176653K(1663488K), 0.0297023 secs] [Times: user=0.07 sys=0.00, real=0.03 secs] 
3078.775: [GC (Allocation Failure) [PSYoungGen: 325311K->37845K(465920K)] 1409613K->1122446K(1663488K), 0.0086642 secs] [Times: user=0.02 sys=0.00, real=0.00 secs] 
3079.172: [GC (Allocation Failure) [PSYoungGen: 270805K->184430K(465920K)] 1355406K->1270405K(1663488K), 0.0212206 secs] [Times: user=0.04 sys=0.00, real=0.02 secs] 
3079.462: [GC (Allocation Failure) [PSYoungGen: 417390K->184526K(465920K)] 1503365K->1270646K(1663488K), 0.0210138 secs] [Times: user=0.03 sys=0.00, real=0.02 secs] 
3080.570: [GC (Allocation Failure) [PSYoungGen: 407068K->91901K(465920K)] 1493188K->1178286K(1663488K), 0.0177920 secs] [Times: user=0.04 sys=0.00, real=0.02 secs] 
3081.802: [GC (Allocation Failure) [PSYoungGen: 324861K->37780K(465920K)] 1411246K->1124479K(1663488K), 0.0060548 secs] [Times: user=0.01 sys=0.00, real=0.01 secs] 
3082.075: [GC (Allocation Failure) [PSYoungGen: 270740K->184430K(465920K)] 1357439K->1272503K(1663488K), 0.0217432 secs] [Times: user=0.03 sys=0.00, real=0.02 secs] 
3082.448: [GC (Allocation Failure) [PSYoungGen: 417390K->184590K(465920K)] 1505463K->1272808K(1663488K), 0.0209268 secs] [Times: user=0.03 sys=0.00, real=0.02 secs] 
3083.974: [GC (Allocation Failure) [PSYoungGen: 407643K->91998K(465920K)] 1495860K->1180488K(1663488K), 0.0290177 secs] [Times: user=0.07 sys=0.00, real=0.03 secs] 
3085.500: [GC (Allocation Failure) [PSYoungGen: 324958K->37745K(465920K)] 1413448K->1126552K(1663488K), 0.0085493 secs] [Times: user=0.02 sys=0.00, real=0.01 secs] 
3085.879: [GC (Allocation Failure) [PSYoungGen: 270705K->184430K(465920K)] 1359512K->1274482K(1663488K), 0.0211669 secs] [Times: user=0.03 sys=0.00, real=0.02 secs] 
3086.165: [GC (Allocation Failure) [PSYoungGen: 417390K->184494K(465920K)] 1507442K->1274819K(1663488K), 0.0211900 secs] [Times: user=0.03 sys=0.00, real=0.02 secs] 
3087.079: [GC (Allocation Failure) [PSYoungGen: 407538K->91918K(465920K)] 1497863K->1182516K(1663488K), 0.0181411 secs] [Times: user=0.06 sys=0.00, real=0.02 secs] 
3088.714: [GC (Allocation Failure) [PSYoungGen: 324878K->37745K(465920K)] 1415476K->1128650K(1663488K), 0.0074361 secs] [Times: user=0.02 sys=0.00, real=0.01 secs] 
3089.002: [GC (Allocation Failure) [PSYoungGen: 270705K->184462K(465920K)] 1361610K->1276740K(1663488K), 0.0210015 secs] [Times: user=0.04 sys=0.00, real=0.02 secs] 
3089.339: [GC (Allocation Failure) [PSYoungGen: 417422K->184590K(465920K)] 1509700K->1277013K(1663488K), 0.0211252 secs] [Times: user=0.03 sys=0.00, real=0.02 secs] 
3090.080: [GC (Allocation Failure) [PSYoungGen: 407638K->91966K(465920K)] 1500061K->1184662K(1663488K), 0.0127288 secs] [Times: user=0.03 sys=0.00, real=0.01 secs] 
3091.010: [GC (Allocation Failure) [PSYoungGen: 324926K->37874K(465920K)] 1417622K->1130884K(1663488K), 0.0062380 secs] [Times: user=0.01 sys=0.00, real=0.01 secs] 
3091.278: [GC (Allocation Failure) [PSYoungGen: 270834K->183658K(465920K)] 1363844K->1277914K(1663488K), 0.0207615 secs] [Times: user=0.03 sys=0.00, real=0.02 secs] 
3091.563: [GC (Allocation Failure) [PSYoungGen: 416618K->184558K(465920K)] 1510874K->1279079K(1663488K), 0.0212145 secs] [Times: user=0.03 sys=0.00, real=0.02 secs] 
3095.719: [GC (Allocation Failure) [PSYoungGen: 417518K->93783K(465920K)] 1512039K->1188729K(1663488K), 0.0191058 secs] [Times: user=0.05 sys=0.00, real=0.02 secs] 
3105.288: [GC (Allocation Failure) [PSYoungGen: 326743K->169716K(465920K)] 1421689K->1274772K(1663488K), 0.0430908 secs] [Times: user=0.18 sys=0.00, real=0.04 secs] 
3105.500: [GC (Allocation Failure) [PSYoungGen: 402676K->184374K(465920K)] 1507732K->1343029K(1663488K), 0.0428410 secs] [Times: user=0.20 sys=0.00, real=0.04 secs] 
3105.698: [GC (Allocation Failure) [PSYoungGen: 417334K->185975K(465920K)] 1575989K->1408683K(1690112K), 0.0752323 secs] [Times: user=0.35 sys=0.02, real=0.07 secs] 
3105.773: [Full GC (Ergonomics) [PSYoungGen: 185975K->0K(465920K)] [ParOldGen: 1222707K->527182K(1213440K)] 1408683K->527182K(1679360K), [Metaspace: 59639K->59639K(1105920K)], 0.4998803 secs] [Times: user=2.35 sys=0.00, real=0.50 secs] 
3108.456: [GC (Allocation Failure) [PSYoungGen: 232666K->215828K(465920K)] 759848K->743010K(1679360K), 0.0301114 secs] [Times: user=0.12 sys=0.00, real=0.03 secs] 
3109.737: [GC (Allocation Failure) [PSYoungGen: 448788K->99225K(465920K)] 975970K->694983K(1679360K), 0.0571688 secs] [Times: user=0.30 sys=0.00, real=0.05 secs] 
3110.228: [GC (Allocation Failure) [PSYoungGen: 331971K->182774K(465920K)] 927729K->810769K(1679360K), 0.0465483 secs] [Times: user=0.21 sys=0.00, real=0.05 secs] 
3110.392: [GC (Allocation Failure) [PSYoungGen: 415734K->184950K(465920K)] 1043729K->869721K(1679360K), 0.0439017 secs] [Times: user=0.20 sys=0.00, real=0.05 secs] 
3112.358: [GC (Allocation Failure) [PSYoungGen: 417910K->177172K(465920K)] 1102681K->917847K(1679360K), 0.0921761 secs] [Times: user=0.46 sys=0.00, real=0.09 secs] 
3113.906: [GC (Allocation Failure) [PSYoungGen: 410132K->106124K(465920K)] 1150807K->914760K(1679360K), 0.0453314 secs] [Times: user=0.23 sys=0.00, real=0.04 secs] 
3114.160: [GC (Allocation Failure) [PSYoungGen: 339084K->173044K(465920K)] 1147720K->1015972K(1679360K), 0.0590071 secs] [Times: user=0.28 sys=0.00, real=0.06 secs] 
3114.334: [GC (Allocation Failure) [PSYoungGen: 405973K->184918K(465920K)] 1248901K->1082310K(1679360K), 0.0426407 secs] [Times: user=0.19 sys=0.00, real=0.05 secs] 
3114.487: [GC (Allocation Failure) [PSYoungGen: 417878K->185623K(465920K)] 1315270K->1147359K(1679360K), 0.0496836 secs] [Times: user=0.23 sys=0.00, real=0.05 secs] 
3115.402: [GC (Allocation Failure) [PSYoungGen: 418583K->171283K(465920K)] 1380319K->1191887K(1679360K), 0.0587991 secs] [Times: user=0.30 sys=0.00, real=0.06 secs] 
3115.985: [GC (Allocation Failure) [PSYoungGen: 404243K->111245K(465920K)] 1424847K->1197317K(1679360K), 0.0547517 secs] [Times: user=0.28 sys=0.00, real=0.05 secs] 
3116.195: [GC (Allocation Failure) [PSYoungGen: 336460K->171892K(465920K)] 1422532K->1293978K(1679360K), 0.0504966 secs] [Times: user=0.23 sys=0.00, real=0.05 secs] 
3116.246: [Full GC (Ergonomics) [PSYoungGen: 171892K->0K(465920K)] [ParOldGen: 1122085K->224981K(974848K)] 1293978K->224981K(1440768K), [Metaspace: 59875K->59875K(1105920K)], 0.2820100 secs] [Times: user=1.28 sys=0.00, real=0.28 secs] 
3116.642: [GC (Allocation Failure) [PSYoungGen: 232960K->185078K(465920K)] 457941K->410059K(1440768K), 0.0261748 secs] [Times: user=0.09 sys=0.00, real=0.03 secs] 
3116.776: [GC (Allocation Failure) [PSYoungGen: 418038K->187317K(465920K)] 643019K->468466K(1440768K), 0.0453233 secs] [Times: user=0.21 sys=0.00, real=0.04 secs] 
3118.275: [GC (Allocation Failure) [PSYoungGen: 420277K->97147K(465920K)] 701426K->448777K(1440768K), 0.0488954 secs] [Times: user=0.21 sys=0.00, real=0.05 secs] 
3120.180: [GC (Allocation Failure) [PSYoungGen: 330107K->172372K(465920K)] 681737K->555825K(1440768K), 0.0568534 secs] [Times: user=0.27 sys=0.00, real=0.06 secs] 
3120.461: [GC (Allocation Failure) [PSYoungGen: 405332K->180149K(465920K)] 788785K->617454K(1440768K), 0.0513494 secs] [Times: user=0.24 sys=0.00, real=0.05 secs] 
3120.630: [GC (Allocation Failure) [PSYoungGen: 413109K->186103K(465920K)] 850414K->686304K(1440768K), 0.0492555 secs] [Times: user=0.23 sys=0.00, real=0.05 secs] 
3121.457: [GC (Allocation Failure) [PSYoungGen: 419063K->217171K(465920K)] 919264K->776332K(1440768K), 0.0494497 secs] [Times: user=0.24 sys=0.00, real=0.05 secs] 
3121.846: [GC (Allocation Failure) [PSYoungGen: 450131K->104108K(465920K)] 1009292K->729405K(1440768K), 0.0407442 secs] [Times: user=0.20 sys=0.00, real=0.04 secs] 
3122.028: [GC (Allocation Failure) [PSYoungGen: 336853K->179285K(465920K)] 962150K->837494K(1440768K), 0.0355625 secs] [Times: user=0.15 sys=0.00, real=0.03 secs] 
3122.199: [GC (Allocation Failure) [PSYoungGen: 412245K->185078K(465920K)] 1070454K->899179K(1440768K), 0.0585047 secs] [Times: user=0.27 sys=0.00, real=0.06 secs] 
3122.677: [GC (Allocation Failure) [PSYoungGen: 418038K->187189K(465920K)] 1132139K->957386K(1440768K), 0.0560917 secs] [Times: user=0.28 sys=0.00, real=0.05 secs] 
3123.719: [GC (Allocation Failure) [PSYoungGen: 420149K->93515K(465920K)] 1190346K->934448K(1440768K), 0.0450855 secs] [Times: user=0.23 sys=0.00, real=0.04 secs] 
3123.952: [GC (Allocation Failure) [PSYoungGen: 326475K->171764K(465920K)] 1167408K->1043473K(1440768K), 0.0803694 secs] [Times: user=0.43 sys=0.00, real=0.08 secs] 
3124.167: [GC (Allocation Failure) [PSYoungGen: 404724K->185142K(465920K)] 1276433K->1110639K(1440768K), 0.0482983 secs] [Times: user=0.22 sys=0.00, real=0.05 secs] 
3124.215: [Full GC (Ergonomics) [PSYoungGen: 185142K->0K(465920K)] [ParOldGen: 925497K->261256K(1024512K)] 1110639K->261256K(1490432K), [Metaspace: 59881K->59881K(1105920K)], 0.3200889 secs] [Times: user=1.48 sys=0.00, real=0.32 secs] 
3124.653: [GC (Allocation Failure) [PSYoungGen: 232960K->186039K(465920K)] 494216K->447295K(1490432K), 0.0924615 secs] [Times: user=0.48 sys=0.01, real=0.10 secs] 
3125.384: [GC (Allocation Failure) [PSYoungGen: 418999K->215891K(465920K)] 680255K->536343K(1490432K), 0.0537854 secs] [Times: user=0.26 sys=0.00, real=0.06 secs] 
3128.769: [GC (Allocation Failure) [PSYoungGen: 448851K->94603K(465920K)] 769303K->481503K(1490432K), 0.1092980 secs] [Times: user=0.60 sys=0.00, real=0.11 secs] 
3129.080: [GC (Allocation Failure) [PSYoungGen: 327563K->176981K(465920K)] 714463K->594442K(1490432K), 0.0340841 secs] [Times: user=0.14 sys=0.01, real=0.03 secs] 
3129.225: [GC (Allocation Failure) [PSYoungGen: 409941K->185430K(465920K)] 827402K->657347K(1490432K), 0.0432400 secs] [Times: user=0.19 sys=0.00, real=0.04 secs] 
3129.374: [GC (Allocation Failure) [PSYoungGen: 418390K->203861K(465920K)] 890307K->731930K(1490432K), 0.0458337 secs] [Times: user=0.21 sys=0.00, real=0.05 secs] 
3130.994: [GC (Allocation Failure) [PSYoungGen: 436821K->103068K(465920K)] 964890K->701873K(1490432K), 0.0447228 secs] [Times: user=0.23 sys=0.00, real=0.05 secs] 
3131.157: [GC (Allocation Failure) [PSYoungGen: 336028K->170676K(465920K)] 934833K->803166K(1490432K), 0.0424842 secs] [Times: user=0.19 sys=0.00, real=0.04 secs] 
3131.336: [GC (Allocation Failure) [PSYoungGen: 403636K->184341K(465920K)] 1036126K->869988K(1490432K), 0.0569832 secs] [Times: user=0.26 sys=0.00, real=0.05 secs] 
3131.539: [GC (Allocation Failure) [PSYoungGen: 417301K->185495K(465920K)] 1102948K->935629K(1490432K), 0.0499499 secs] [Times: user=0.23 sys=0.00, real=0.05 secs] 
3132.030: [GC (Allocation Failure) [PSYoungGen: 415456K->212180K(465920K)] 1165590K->1021234K(1490432K), 0.0550958 secs] [Times: user=0.27 sys=0.01, real=0.06 secs] 
3132.789: [GC (GCLocker Initiated GC) [PSYoungGen: 445140K->94635K(465920K)] 1254195K->970978K(1490432K), 0.0457722 secs] [Times: user=0.24 sys=0.00, real=0.05 secs] 
3133.050: [GC (Allocation Failure) [PSYoungGen: 327595K->186550K(465920K)] 1203941K->1092845K(1490432K), 0.0419617 secs] [Times: user=0.18 sys=0.00, real=0.04 secs] 
3133.246: [GC (Allocation Failure) [PSYoungGen: 419510K->185366K(465920K)] 1325805K->1149089K(1490432K), 0.0691302 secs] [Times: user=0.33 sys=0.00, real=0.07 secs] 
3133.315: [Full GC (Ergonomics) [PSYoungGen: 185366K->0K(465920K)] [ParOldGen: 963723K->289598K(1068032K)] 1149089K->289598K(1533952K), [Metaspace: 59891K->59891K(1105920K)], 0.4264120 secs] [Times: user=2.02 sys=0.00, real=0.42 secs] 
3133.850: [GC (Allocation Failure) [PSYoungGen: 232960K->203541K(465920K)] 522558K->493139K(1533952K), 0.0365304 secs] [Times: user=0.16 sys=0.00, real=0.04 secs] 
3136.403: [GC (Allocation Failure) [PSYoungGen: 436501K->98988K(465920K)] 726099K->459294K(1533952K), 0.0695351 secs] [Times: user=0.38 sys=0.00, real=0.07 secs] 
3137.534: [GC (Allocation Failure) [PSYoungGen: 331948K->172148K(465920K)] 692254K->564163K(1533952K), 0.0602324 secs] [Times: user=0.29 sys=0.00, real=0.06 secs] 
3137.726: [GC (Allocation Failure) [PSYoungGen: 405108K->185238K(465920K)] 797123K->631081K(1533952K), 0.0427001 secs] [Times: user=0.19 sys=0.01, real=0.04 secs] 
3137.880: [GC (Allocation Failure) [PSYoungGen: 418198K->185815K(465920K)] 864041K->695978K(1533952K), 0.0499911 secs] [Times: user=0.23 sys=0.00, real=0.05 secs] 
3138.220: [GC (Allocation Failure) [PSYoungGen: 418775K->208947K(465920K)] 928938K->778174K(1533952K), 0.0541539 secs] [Times: user=0.26 sys=0.01, real=0.05 secs] 
3139.152: [GC (Allocation Failure) [PSYoungGen: 441907K->98779K(465920K)] 1011134K->734422K(1533952K), 0.0457145 secs] [Times: user=0.24 sys=0.01, real=0.05 secs] 
3139.360: [GC (Allocation Failure) [PSYoungGen: 331739K->183894K(465920K)] 967382K->850970K(1533952K), 0.0490496 secs] [Times: user=0.22 sys=0.00, real=0.05 secs] 
3139.549: [GC (Allocation Failure) [PSYoungGen: 416854K->185078K(465920K)] 1083930K->909450K(1533952K), 0.0447707 secs] [Times: user=0.20 sys=0.00, real=0.04 secs] 
3139.721: [GC (Allocation Failure) [PSYoungGen: 418038K->183732K(465920K)] 1142410K->964104K(1533952K), 0.0507742 secs] [Times: user=0.24 sys=0.00, real=0.05 secs] 
3140.731: [GC (Allocation Failure) [PSYoungGen: 416692K->102476K(465920K)] 1197064K->952120K(1533952K), 0.0451689 secs] [Times: user=0.23 sys=0.01, real=0.05 secs] 
3140.999: [GC (Allocation Failure) [PSYoungGen: 335436K->172660K(465920K)] 1185080K->1055825K(1533952K), 0.0545133 secs] [Times: user=0.26 sys=0.00, real=0.05 secs] 
3141.174: [GC (Allocation Failure) [PSYoungGen: 405620K->185174K(465920K)] 1288785K->1122895K(1533952K), 0.0433564 secs] [Times: user=0.19 sys=0.00, real=0.05 secs] 
3141.341: [GC (Allocation Failure) [PSYoungGen: 418134K->179670K(465920K)] 1355855K->1181815K(1533952K), 0.0545485 secs] [Times: user=0.26 sys=0.01, real=0.06 secs] 
3141.395: [Full GC (Ergonomics) [PSYoungGen: 179670K->0K(465920K)] [ParOldGen: 1002145K->321551K(1118720K)] 1181815K->321551K(1584640K), [Metaspace: 59896K->59896K(1105920K)], 0.4793218 secs] [Times: user=2.25 sys=0.00, real=0.47 secs] 
3142.296: [GC (Allocation Failure) [PSYoungGen: 229170K->211348K(465920K)] 550722K->532899K(1584640K), 0.0294635 secs] [Times: user=0.12 sys=0.00, real=0.03 secs] 
3145.215: [GC (Allocation Failure) [PSYoungGen: 444308K->96475K(465920K)] 765859K->485078K(1584640K), 0.0977969 secs] [Times: user=0.52 sys=0.00, real=0.09 secs] 
3145.544: [GC (Allocation Failure) [PSYoungGen: 329390K->184086K(465920K)] 717993K->604194K(1584640K), 0.0348897 secs] [Times: user=0.14 sys=0.00, real=0.04 secs] 
3145.685: [GC (Allocation Failure) [PSYoungGen: 417046K->178901K(465920K)] 837154K->656049K(1584640K), 0.0431387 secs] [Times: user=0.20 sys=0.00, real=0.04 secs] 
3145.890: [GC (Allocation Failure) [PSYoungGen: 411861K->183508K(465920K)] 889009K->714744K(1584640K), 0.0717442 secs] [Times: user=0.35 sys=0.01, real=0.07 secs] 
3147.271: [GC (GCLocker Initiated GC) [PSYoungGen: 416468K->106445K(465920K)] 947707K->706987K(1584640K), 0.0466171 secs] [Times: user=0.24 sys=0.00, real=0.05 secs] 
3147.479: [GC (Allocation Failure) [PSYoungGen: 339405K->166356K(465920K)] 940078K->801570K(1584640K), 0.0671903 secs] [Times: user=0.33 sys=0.00, real=0.07 secs] 
3147.722: [GC (Allocation Failure) [PSYoungGen: 399316K->184630K(465920K)] 1034530K->871776K(1584640K), 0.0421184 secs] [Times: user=0.19 sys=0.00, real=0.04 secs] 
3147.876: [GC (Allocation Failure) [PSYoungGen: 417590K->183767K(465920K)] 1104736K->934929K(1584640K), 0.0496226 secs] [Times: user=0.23 sys=0.00, real=0.05 secs] 
3148.682: [GC (Allocation Failure) [PSYoungGen: 416291K->214804K(465920K)] 1167453K->1024174K(1584640K), 0.0631695 secs] [Times: user=0.32 sys=0.00, real=0.06 secs] 
3149.616: [GC (Allocation Failure) [PSYoungGen: 447764K->97339K(465920K)] 1257134K->975353K(1584640K), 0.0412730 secs] [Times: user=0.22 sys=0.00, real=0.04 secs] 
3149.895: [GC (Allocation Failure) [PSYoungGen: 330299K->178965K(465920K)] 1208313K->1087608K(1584640K), 0.0466018 secs] [Times: user=0.20 sys=0.00, real=0.04 secs] 
3150.064: [GC (Allocation Failure) [PSYoungGen: 411925K->185494K(465920K)] 1320568K->1150513K(1584640K), 0.0440765 secs] [Times: user=0.20 sys=0.00, real=0.05 secs] 
3150.217: [GC (Allocation Failure) [PSYoungGen: 418454K->181524K(465920K)] 1383473K->1202887K(1584640K), 0.0490627 secs] [Times: user=0.18 sys=0.06, real=0.05 secs] 
3151.345: [GC (Allocation Failure) [PSYoungGen: 414484K->103980K(465920K)] 1435847K->1193695K(1584640K), 0.0662965 secs] [Times: user=0.32 sys=0.04, real=0.07 secs] 
3151.411: [Full GC (Ergonomics) [PSYoungGen: 103980K->0K(465920K)] [ParOldGen: 1089715K->93532K(909824K)] 1193695K->93532K(1375744K), [Metaspace: 59915K->59915K(1105920K)], 0.0399295 secs] [Times: user=0.11 sys=0.01, real=0.04 secs] 
3152.913: [GC (Allocation Failure) [PSYoungGen: 232960K->170036K(465920K)] 326492K->263569K(1375744K), 0.0361000 secs] [Times: user=0.13 sys=0.00, real=0.04 secs] 
3153.163: [GC (Allocation Failure) [PSYoungGen: 402996K->185206K(465920K)] 496529K->331770K(1375744K), 0.0595876 secs] [Times: user=0.28 sys=0.00, real=0.06 secs] 
3153.399: [GC (Allocation Failure) [PSYoungGen: 418166K->185399K(465920K)] 564730K->396355K(1375744K), 0.0714540 secs] [Times: user=0.35 sys=0.00, real=0.07 secs] 
3154.605: [GC (Allocation Failure) [PSYoungGen: 418359K->216724K(465920K)] 629315K->486681K(1375744K), 0.0546438 secs] [Times: user=0.26 sys=0.01, real=0.05 secs] 
3155.410: [GC (Allocation Failure) [PSYoungGen: 449684K->97051K(465920K)] 719641K->434944K(1375744K), 0.0455625 secs] [Times: user=0.24 sys=0.00, real=0.05 secs] 
3155.628: [GC (Allocation Failure) [PSYoungGen: 330011K->183446K(465920K)] 667904K->552355K(1375744K), 0.0453291 secs] [Times: user=0.20 sys=0.00, real=0.04 secs] 
3155.792: [GC (Allocation Failure) [PSYoungGen: 416406K->185430K(465920K)] 785315K->611499K(1375744K), 0.0440950 secs] [Times: user=0.20 sys=0.00, real=0.05 secs] 
3156.633: [GC (GCLocker Initiated GC) [PSYoungGen: 418390K->172563K(465920K)] 844460K->654801K(1375744K), 0.1001938 secs] [Times: user=0.51 sys=0.01, real=0.10 secs] 
3157.752: [GC (Allocation Failure) [PSYoungGen: 405523K->106188K(465920K)] 887763K->654204K(1375744K), 0.0445799 secs] [Times: user=0.23 sys=0.00, real=0.05 secs] 
3157.925: [GC (Allocation Failure) [PSYoungGen: 339148K->168212K(465920K)] 887164K->751356K(1375744K), 0.0457497 secs] [Times: user=0.21 sys=0.00, real=0.04 secs] 
3158.093: [GC (Allocation Failure) [PSYoungGen: 401172K->181461K(465920K)] 984316K->817185K(1375744K), 0.0455269 secs] [Times: user=0.20 sys=0.01, real=0.05 secs] 
3158.285: [GC (Allocation Failure) [PSYoungGen: 414421K->185495K(465920K)] 1050145K->884567K(1375744K), 0.0715904 secs] [Times: user=0.35 sys=0.00, real=0.07 secs] 
3158.539: [GC (Allocation Failure) [PSYoungGen: 418455K->219573K(465920K)] 1117527K->977485K(1375744K), 0.0560946 secs] [Times: user=0.28 sys=0.00, real=0.06 secs] 
3159.862: [GC (Allocation Failure) [PSYoungGen: 452533K->91498K(465920K)] 1210445K->919519K(1375744K), 0.0832620 secs] [Times: user=0.45 sys=0.00, real=0.09 secs] 
3159.945: [Full GC (Ergonomics) [PSYoungGen: 91498K->0K(465920K)] [ParOldGen: 828020K->110433K(943104K)] 919519K->110433K(1409024K), [Metaspace: 59917K->59917K(1105920K)], 0.1528235 secs] [Times: user=0.67 sys=0.00, real=0.15 secs] 
3160.402: [GC (Allocation Failure) [PSYoungGen: 232960K->182518K(465920K)] 343393K->292951K(1409024K), 0.0253890 secs] [Times: user=0.09 sys=0.00, real=0.03 secs] 
3160.542: [GC (Allocation Failure) [PSYoungGen: 415478K->185302K(465920K)] 525911K->352511K(1409024K), 0.0451653 secs] [Times: user=0.17 sys=0.00, real=0.05 secs] 
3161.063: [GC (Allocation Failure) [PSYoungGen: 418262K->183796K(465920K)] 585471K->407182K(1409024K), 0.0841064 secs] [Times: user=0.42 sys=0.00, real=0.09 secs] 
3162.160: [GC (Allocation Failure) [PSYoungGen: 416756K->102140K(465920K)] 640142K->395269K(1409024K), 0.0439856 secs] [Times: user=0.22 sys=0.00, real=0.04 secs] 
3163.047: [GC (Allocation Failure) [PSYoungGen: 335100K->167412K(465920K)] 628229K->493390K(1409024K), 0.0623617 secs] [Times: user=0.29 sys=0.00, real=0.06 secs] 
3163.244: [GC (Allocation Failure) [PSYoungGen: 400372K->184758K(465920K)] 726350K->562884K(1409024K), 0.0418731 secs] [Times: user=0.18 sys=0.00, real=0.05 secs] 
3163.398: [GC (Allocation Failure) [PSYoungGen: 417712K->186327K(465920K)] 795838K->628789K(1409024K), 0.0498689 secs] [Times: user=0.23 sys=0.00, real=0.05 secs] 
3163.824: [GC (Allocation Failure) [PSYoungGen: 419287K->218548K(465920K)] 861749K->720051K(1409024K), 0.0554736 secs] [Times: user=0.27 sys=0.00, real=0.06 secs] 
3164.544: [GC (Allocation Failure) [PSYoungGen: 451508K->90170K(465920K)] 953011K->660409K(1409024K), 0.0402963 secs] [Times: user=0.20 sys=0.00, real=0.04 secs] 
3164.700: [GC (Allocation Failure) [PSYoungGen: 323130K->187606K(465920K)] 893369K->786481K(1409024K), 0.0351476 secs] [Times: user=0.14 sys=0.00, real=0.04 secs] 
3164.847: [GC (Allocation Failure) [PSYoungGen: 420566K->185142K(465920K)] 1019441K->841233K(1409024K), 0.0447919 secs] [Times: user=0.20 sys=0.00, real=0.04 secs] 
3165.030: [GC (GCLocker Initiated GC) [PSYoungGen: 418102K->186933K(465920K)] 1074195K->899114K(1409024K), 0.0533219 secs] [Times: user=0.26 sys=0.00, real=0.05 secs] 
3166.071: [GC (Allocation Failure) [PSYoungGen: 419893K->99820K(465920K)] 1132077K->882644K(1409024K), 0.0453151 secs] [Times: user=0.22 sys=0.01, real=0.05 secs] 
3166.535: [GC (Allocation Failure) [PSYoungGen: 332780K->172532K(465920K)] 1115604K->987630K(1409024K), 0.0850490 secs] [Times: user=0.43 sys=0.00, real=0.08 secs] 
3166.767: [GC (Allocation Failure) [PSYoungGen: 405492K->182069K(465920K)] 1220590K->1051255K(1409024K), 0.0442578 secs] [Times: user=0.20 sys=0.01, real=0.04 secs] 
3166.811: [Full GC (Ergonomics) [PSYoungGen: 182069K->0K(465920K)] [ParOldGen: 869185K->258397K(1110016K)] 1051255K->258397K(1575936K), [Metaspace: 59931K->59931K(1105920K)], 0.3143875 secs] [Times: user=1.44 sys=0.00, real=0.32 secs] 
3167.239: [GC (Allocation Failure) [PSYoungGen: 232960K->185879K(465920K)] 491357K->444276K(1575936K), 0.0851922 secs] [Times: user=0.45 sys=0.00, real=0.08 secs] 
3168.818: [GC (Allocation Failure) [PSYoungGen: 418839K->213172K(465920K)] 677236K->530433K(1575936K), 0.0547918 secs] [Times: user=0.27 sys=0.00, real=0.05 secs] 
3171.455: [GC (Allocation Failure) [PSYoungGen: 446132K->94827K(465920K)] 763397K->480224K(1575936K), 0.1058680 secs] [Times: user=0.57 sys=0.00, real=0.11 secs] 
3171.762: [GC (Allocation Failure) [PSYoungGen: 327787K->177653K(465920K)] 713184K->593523K(1575936K), 0.0338783 secs] [Times: user=0.14 sys=0.00, real=0.04 secs] 
3171.963: [GC (Allocation Failure) [PSYoungGen: 410613K->184726K(465920K)] 826483K->655760K(1575936K), 0.0600722 secs] [Times: user=0.29 sys=0.00, real=0.06 secs] 
3172.147: [GC (Allocation Failure) [PSYoungGen: 417686K->187477K(465920K)] 888720K->714615K(1575936K), 0.0453842 secs] [Times: user=0.21 sys=0.00, real=0.04 secs] 
3173.134: [GC (Allocation Failure) [PSYoungGen: 420437K->102796K(465920K)] 947575K->700431K(1575936K), 0.0451177 secs] [Times: user=0.23 sys=0.01, real=0.05 secs] 
3173.313: [GC (Allocation Failure) [PSYoungGen: 335756K->167892K(465920K)] 933391K->799367K(1575936K), 0.0591478 secs] [Times: user=0.28 sys=0.01, real=0.06 secs] 
3173.488: [GC (Allocation Failure) [PSYoungGen: 400852K->181173K(465920K)] 1032327K->865208K(1575936K), 0.0421374 secs] [Times: user=0.18 sys=0.01, real=0.04 secs] 
3173.643: [GC (Allocation Failure) [PSYoungGen: 414133K->185847K(465920K)] 1098168K->933390K(1575936K), 0.0496224 secs] [Times: user=0.22 sys=0.01, real=0.05 secs] 
3173.983: [GC (Allocation Failure) [PSYoungGen: 416927K->217813K(465920K)] 1164470K->1024356K(1575936K), 0.0547148 secs] [Times: user=0.26 sys=0.00, real=0.06 secs] 
3174.891: [GC (Allocation Failure) [PSYoungGen: 450773K->91082K(465920K)] 1257316K->967049K(1575936K), 0.0639878 secs] [Times: user=0.34 sys=0.01, real=0.07 secs] 
3175.206: [GC (GCLocker Initiated GC) [PSYoungGen: 324042K->182102K(465920K)] 1200009K->1087194K(1575936K), 0.0343792 secs] [Times: user=0.15 sys=0.00, real=0.03 secs] 
3175.354: [GC (Allocation Failure) [PSYoungGen: 415062K->185494K(465920K)] 1320320K->1147672K(1575936K), 0.0538013 secs] [Times: user=0.26 sys=0.00, real=0.06 secs] 
3175.553: [GC (Allocation Failure) [PSYoungGen: 418454K->184084K(465920K)] 1380632K->1202487K(1575936K), 0.0828292 secs] [Times: user=0.26 sys=0.17, real=0.09 secs] 
3178.141: [GC (Allocation Failure) [PSYoungGen: 417044K->101756K(465920K)] 1435447K->1189591K(1575936K), 0.0740010 secs] [Times: user=0.27 sys=0.13, real=0.07 secs] 
3178.215: [Full GC (Ergonomics) [PSYoungGen: 101756K->0K(465920K)] [ParOldGen: 1087834K->91993K(963584K)] 1189591K->91993K(1429504K), [Metaspace: 59937K->59937K(1105920K)], 0.0358922 secs] [Times: user=0.11 sys=0.00, real=0.04 secs] 
3178.995: [GC (Allocation Failure) [PSYoungGen: 232960K->168243K(465920K)] 324953K->260236K(1429504K), 0.0417774 secs] [Times: user=0.14 sys=0.01, real=0.04 secs] 
3179.205: [GC (Allocation Failure) [PSYoungGen: 401203K->185302K(465920K)] 493196K->328835K(1429504K), 0.0414395 secs] [Times: user=0.18 sys=0.00, real=0.04 secs] 
3179.386: [GC (Allocation Failure) [PSYoungGen: 418262K->186135K(465920K)] 561795K->394220K(1429504K), 0.0651783 secs] [Times: user=0.33 sys=0.00, real=0.06 secs] 
3179.649: [GC (Allocation Failure) [PSYoungGen: 419095K->219541K(465920K)] 627180K->486690K(1429504K), 0.0561409 secs] [Times: user=0.27 sys=0.00, real=0.06 secs] 
3180.616: [GC (Allocation Failure) [PSYoungGen: 452501K->92042K(465920K)] 719650K->429328K(1429504K), 0.0637405 secs] [Times: user=0.34 sys=0.00, real=0.06 secs] 
3180.852: [GC (Allocation Failure) [PSYoungGen: 325002K->183414K(465920K)] 662288K->549832K(1429504K), 0.0338055 secs] [Times: user=0.13 sys=0.00, real=0.04 secs] 
3180.996: [GC (Allocation Failure) [PSYoungGen: 416374K->185558K(465920K)] 782792K->609492K(1429504K), 0.0442860 secs] [Times: user=0.20 sys=0.00, real=0.04 secs] 
3181.148: [GC (Allocation Failure) [PSYoungGen: 418518K->180948K(465920K)] 842452K->661050K(1429504K), 0.0449169 secs] [Times: user=0.21 sys=0.00, real=0.04 secs] 
3182.191: [GC (Allocation Failure) [PSYoungGen: 413908K->104476K(465920K)] 894010K->653151K(1429504K), 0.0496637 secs] [Times: user=0.26 sys=0.00, real=0.05 secs] 
3182.475: [GC (Allocation Failure) [PSYoungGen: 337436K->168340K(465920K)] 886111K->750587K(1429504K), 0.0767887 secs] [Times: user=0.38 sys=0.01, real=0.07 secs] 
3182.733: [GC (Allocation Failure) [PSYoungGen: 401300K->185174K(465920K)] 983547K->820389K(1429504K), 0.0433466 secs] [Times: user=0.19 sys=0.00, real=0.05 secs] 
3182.914: [GC (Allocation Failure) [PSYoungGen: 418134K->179862K(465920K)] 1053349K->879285K(1429504K), 0.0587504 secs] [Times: user=0.25 sys=0.00, real=0.06 secs] 
3183.080: [GC (Allocation Failure) [PSYoungGen: 412821K->187093K(465920K)] 1112244K->944100K(1429504K), 0.0544948 secs] [Times: user=0.26 sys=0.00, real=0.06 secs] 
3186.360: [GC (Allocation Failure) [PSYoungGen: 420053K->92155K(465920K)] 1177060K->919718K(1429504K), 0.1266980 secs] [Times: user=0.69 sys=0.00, real=0.13 secs] 
3186.688: [GC (Allocation Failure) [PSYoungGen: 325115K->181142K(465920K)] 1152678K->1038582K(1429504K), 0.0348176 secs] [Times: user=0.14 sys=0.00, real=0.03 secs] 
3186.833: [GC (Allocation Failure) [PSYoungGen: 414102K->180821K(465920K)] 1271542K->1094269K(1429504K), 0.0434436 secs] [Times: user=0.20 sys=0.01, real=0.05 secs] 
3186.876: [Full GC (Ergonomics) [PSYoungGen: 180821K->0K(465920K)] [ParOldGen: 913448K->284500K(1172992K)] 1094269K->284500K(1638912K), [Metaspace: 59949K->59949K(1105920K)], 0.3986275 secs] [Times: user=1.86 sys=0.00, real=0.39 secs] 
3187.383: [GC (Allocation Failure) [PSYoungGen: 232960K->187125K(465920K)] 517460K->471625K(1638912K), 0.0348284 secs] [Times: user=0.15 sys=0.00, real=0.04 secs] 
3188.357: [GC (GCLocker Initiated GC) [PSYoungGen: 420085K->104108K(465920K)] 704586K->459465K(1638912K), 0.0474693 secs] [Times: user=0.24 sys=0.01, real=0.04 secs] 
3188.521: [GC (GCLocker Initiated GC) [PSYoungGen: 337068K->167924K(465920K)] 692428K->557592K(1638912K), 0.0445640 secs] [Times: user=0.20 sys=0.01, real=0.05 secs] 
3188.719: [GC (Allocation Failure) [PSYoungGen: 400884K->184021K(465920K)] 790846K->626324K(1638912K), 0.0590565 secs] [Times: user=0.28 sys=0.00, real=0.06 secs] 
3188.950: [GC (Allocation Failure) [PSYoungGen: 416981K->182262K(465920K)] 859284K->688533K(1638912K), 0.0575650 secs] [Times: user=0.27 sys=0.01, real=0.06 secs] 
3189.569: [GC (Allocation Failure) [PSYoungGen: 415222K->219253K(465920K)] 921493K->783239K(1638912K), 0.0781127 secs] [Times: user=0.39 sys=0.00, real=0.08 secs] 
3190.575: [GC (Allocation Failure) [PSYoungGen: 452213K->95771K(465920K)] 1016199K->730022K(1638912K), 0.0521068 secs] [Times: user=0.27 sys=0.01, real=0.05 secs] 
3190.745: [GC (Allocation Failure) [PSYoungGen: 328731K->177365K(465920K)] 962982K->842013K(1638912K), 0.0345238 secs] [Times: user=0.14 sys=0.00, real=0.03 secs] 
3190.927: [GC (Allocation Failure) [PSYoungGen: 410325K->184790K(465920K)] 1074973K->904861K(1638912K), 0.0625419 secs] [Times: user=0.29 sys=0.01, real=0.06 secs] 
3191.135: [GC (Allocation Failure) [PSYoungGen: 417750K->184436K(465920K)] 1137821K->960460K(1638912K), 0.0452230 secs] [Times: user=0.21 sys=0.00, real=0.04 secs] 
3192.309: [GC (Allocation Failure) [PSYoungGen: 417396K->106589K(465920K)] 1193420K->952132K(1638912K), 0.0662640 secs] [Times: user=0.35 sys=0.00, real=0.06 secs] 
3194.542: [GC (Allocation Failure) [PSYoungGen: 339549K->169620K(465920K)] 1185092K->1049760K(1638912K), 0.0737761 secs] [Times: user=0.37 sys=0.00, real=0.08 secs] 
3194.758: [GC (Allocation Failure) [PSYoungGen: 402580K->185302K(465920K)] 1282720K->1118822K(1638912K), 0.0424314 secs] [Times: user=0.19 sys=0.00, real=0.04 secs] 
3194.949: [GC (GCLocker Initiated GC) [PSYoungGen: 418262K->183478K(465920K)] 1351787K->1181411K(1638912K), 0.0783630 secs] [Times: user=0.35 sys=0.04, real=0.08 secs] 
3195.171: [GC (Allocation Failure) [PSYoungGen: 416438K->196692K(465920K)] 1414372K->1252864K(1638912K), 0.0630051 secs] [Times: user=0.25 sys=0.07, real=0.06 secs] 
3196.164: [GC (Allocation Failure) [PSYoungGen: 429652K->94731K(465920K)] 1485824K->1218847K(1638912K), 0.0677492 secs] [Times: user=0.32 sys=0.05, real=0.07 secs] 
3196.232: [Full GC (Ergonomics) [PSYoungGen: 94731K->0K(465920K)] [ParOldGen: 1124116K->113794K(1021440K)] 1218847K->113794K(1487360K), [Metaspace: 59954K->59954K(1105920K)], 0.1248534 secs] [Times: user=0.55 sys=0.00, real=0.13 secs] 
3196.561: [GC (Allocation Failure) [PSYoungGen: 232960K->183606K(465920K)] 346754K->297400K(1487360K), 0.0343554 secs] [Times: user=0.13 sys=0.00, real=0.04 secs] 
3196.725: [GC (Allocation Failure) [PSYoungGen: 416566K->181365K(465920K)] 530360K->352335K(1487360K), 0.0413728 secs] [Times: user=0.18 sys=0.00, real=0.05 secs] 
3196.992: [GC (GCLocker Initiated GC) [PSYoungGen: 414325K->182388K(465920K)] 585295K->408063K(1487360K), 0.0595673 secs] [Times: user=0.29 sys=0.00, real=0.06 secs] 
3198.388: [GC (GCLocker Initiated GC) [PSYoungGen: 415348K->102652K(465920K)] 641026K->397249K(1487360K), 0.0445402 secs] [Times: user=0.23 sys=0.00, real=0.04 secs] 
3198.599: [GC (GCLocker Initiated GC) [PSYoungGen: 335612K->164211K(465920K)] 630214K->492837K(1487360K), 0.0578502 secs] [Times: user=0.27 sys=0.01, real=0.06 secs] 
3198.782: [GC (Allocation Failure) [PSYoungGen: 397171K->192694K(465920K)] 725800K->572666K(1487360K), 0.0423030 secs] [Times: user=0.19 sys=0.00, real=0.04 secs] 
3198.936: [GC (Allocation Failure) [PSYoungGen: 425654K->182294K(465920K)] 805626K->626691K(1487360K), 0.0498912 secs] [Times: user=0.23 sys=0.01, real=0.05 secs] 
3199.094: [GC (Allocation Failure) [PSYoungGen: 415254K->187189K(465920K)] 859651K->689569K(1487360K), 0.0561349 secs] [Times: user=0.28 sys=0.00, real=0.06 secs] 
3200.694: [GC (Allocation Failure) [PSYoungGen: 420149K->96955K(465920K)] 922529K->670048K(1487360K), 0.1090653 secs] [Times: user=0.59 sys=0.00, real=0.11 secs] 
3201.108: [GC (Allocation Failure) [PSYoungGen: 329915K->183926K(465920K)] 903008K->788243K(1487360K), 0.0376125 secs] [Times: user=0.16 sys=0.00, real=0.04 secs] 
3201.256: [GC (Allocation Failure) [PSYoungGen: 416886K->182549K(465920K)] 1021203K->844019K(1487360K), 0.0450632 secs] [Times: user=0.21 sys=0.00, real=0.04 secs] 
3202.094: [GC (GCLocker Initiated GC) [PSYoungGen: 415509K->184725K(465920K)] 1076979K->901906K(1487360K), 0.1185200 secs] [Times: user=0.62 sys=0.00, real=0.12 secs] 
3203.309: [GC (Allocation Failure) [PSYoungGen: 417685K->101740K(465920K)] 1134871K->888718K(1487360K), 0.0577586 secs] [Times: user=0.31 sys=0.00, real=0.06 secs] 
3204.275: [GC (Allocation Failure) [PSYoungGen: 334700K->166708K(465920K)] 1121678K->987038K(1487360K), 0.0742944 secs] [Times: user=0.37 sys=0.01, real=0.08 secs] 
3204.475: [GC (Allocation Failure) [PSYoungGen: 399668K->182613K(465920K)] 1219998K->1054728K(1487360K), 0.0421710 secs] [Times: user=0.19 sys=0.00, real=0.05 secs] 
3204.629: [GC (Allocation Failure) [PSYoungGen: 415573K->186199K(465920K)] 1287688K->1122033K(1487360K), 0.0510018 secs] [Times: user=0.23 sys=0.00, real=0.05 secs] 
3204.680: [Full GC (Ergonomics) [PSYoungGen: 186199K->0K(465920K)] [ParOldGen: 935834K->323576K(1251328K)] 1122033K->323576K(1717248K), [Metaspace: 59960K->59960K(1105920K)], 0.4760539 secs] [Times: user=2.24 sys=0.00, real=0.48 secs] 
3206.220: [GC (Allocation Failure) [PSYoungGen: 232960K->175347K(465920K)] 556536K->498924K(1717248K), 0.0491636 secs] [Times: user=0.20 sys=0.00, real=0.05 secs] 
3207.289: [GC (Allocation Failure) [PSYoungGen: 408307K->95707K(465920K)] 731884K->486123K(1717248K), 0.0397042 secs] [Times: user=0.20 sys=0.00, real=0.04 secs] 
3207.445: [GC (Allocation Failure) [PSYoungGen: 328667K->183350K(465920K)] 719083K->604547K(1717248K), 0.0350755 secs] [Times: user=0.14 sys=0.01, real=0.04 secs] 
3207.588: [GC (Allocation Failure) [PSYoungGen: 416310K->181781K(465920K)] 837507K->659858K(1717248K), 0.0439231 secs] [Times: user=0.20 sys=0.00, real=0.04 secs] 
3207.762: [GC (Allocation Failure) [PSYoungGen: 414741K->182292K(465920K)] 892818K->715361K(1717248K), 0.0453676 secs] [Times: user=0.20 sys=0.01, real=0.05 secs] 
3208.889: [GC (Allocation Failure) [PSYoungGen: 415151K->108205K(465920K)] 948220K->710058K(1717248K), 0.0452265 secs] [Times: user=0.23 sys=0.00, real=0.04 secs] 
3209.818: [GC (Allocation Failure) [PSYoungGen: 341165K->167988K(465920K)] 943018K->804654K(1717248K), 0.0781713 secs] [Times: user=0.39 sys=0.00, real=0.08 secs] 
3210.089: [GC (Allocation Failure) [PSYoungGen: 400948K->184982K(465920K)] 1037614K->874403K(1717248K), 0.0502840 secs] [Times: user=0.23 sys=0.00, real=0.05 secs] 
3210.253: [GC (Allocation Failure) [PSYoungGen: 417942K->185847K(465920K)] 1107363K->939468K(1717248K), 0.0501971 secs] [Times: user=0.23 sys=0.00, real=0.05 secs] 
3210.606: [GC (Allocation Failure) [PSYoungGen: 418807K->217973K(465920K)] 1172428K->1030714K(1717248K), 0.0868771 secs] [Times: user=0.45 sys=0.00, real=0.08 secs] 
3212.714: [GC (Allocation Failure) [PSYoungGen: 450933K->88746K(465920K)] 1263674K->971192K(1717248K), 0.1065781 secs] [Times: user=0.59 sys=0.00, real=0.11 secs] 
3213.103: [GC (Allocation Failure) [PSYoungGen: 321706K->184022K(465920K)] 1204152K->1095425K(1717248K), 0.0385076 secs] [Times: user=0.16 sys=0.00, real=0.04 secs] 
3213.272: [GC (Allocation Failure) [PSYoungGen: 416982K->185206K(465920K)] 1328385K->1153736K(1717248K), 0.0498162 secs] [Times: user=0.23 sys=0.00, real=0.05 secs] 
3213.445: [GC (Allocation Failure) [PSYoungGen: 418166K->187413K(465920K)] 1386696K->1211992K(1717248K), 0.0476036 secs] [Times: user=0.22 sys=0.00, real=0.04 secs] 
3214.469: [GC (Allocation Failure) [PSYoungGen: 420373K->96059K(465920K)] 1444952K->1191238K(1717248K), 0.0545496 secs] [Times: user=0.24 sys=0.06, real=0.05 secs] 
3214.699: [GC (Allocation Failure) [PSYoungGen: 329019K->171188K(465920K)] 1424198K->1298315K(1717248K), 0.0602294 secs] [Times: user=0.28 sys=0.01, real=0.06 secs] 
3214.927: [GC (Allocation Failure) [PSYoungGen: 404148K->184822K(465920K)] 1531275K->1365753K(1717248K), 0.0647109 secs] [Times: user=0.29 sys=0.01, real=0.06 secs] 
3214.992: [Full GC (Ergonomics) [PSYoungGen: 184822K->0K(465920K)] [ParOldGen: 1180931K->260078K(1210880K)] 1365753K->260078K(1676800K), [Metaspace: 59968K->59968K(1105920K)], 0.3316840 secs] [Times: user=1.55 sys=0.00, real=0.33 secs] 
3215.435: [GC (Allocation Failure) [PSYoungGen: 232960K->186103K(465920K)] 493038K->446181K(1676800K), 0.0874485 secs] [Times: user=0.46 sys=0.00, real=0.08 secs] 
3215.707: [GC (Allocation Failure) [PSYoungGen: 419063K->214772K(465920K)] 679141K->533978K(1676800K), 0.0536435 secs] [Times: user=0.26 sys=0.01, real=0.05 secs] 
3216.771: [GC (Allocation Failure) [PSYoungGen: 447732K->91194K(465920K)] 766938K->478905K(1676800K), 0.0604645 secs] [Times: user=0.32 sys=0.00, real=0.06 secs] 
3217.185: [GC (Allocation Failure) [PSYoungGen: 324154K->183190K(465920K)] 711865K->599949K(1676800K), 0.0463575 secs] [Times: user=0.20 sys=0.00, real=0.04 secs] 
3217.394: [GC (Allocation Failure) [PSYoungGen: 416150K->182677K(465920K)] 832909K->656432K(1676800K), 0.0655104 secs] [Times: user=0.31 sys=0.00, real=0.07 secs] 
3218.351: [GC (Allocation Failure) [PSYoungGen: 415637K->181556K(465920K)] 889392K->710471K(1676800K), 0.1130403 secs] [Times: user=0.59 sys=0.00, real=0.11 secs] 
3219.939: [GC (Allocation Failure) [PSYoungGen: 414516K->103884K(465920K)] 943431K->701695K(1676800K), 0.0481608 secs] [Times: user=0.24 sys=0.01, real=0.05 secs] 
3220.746: [GC (Allocation Failure) [PSYoungGen: 336844K->169076K(465920K)] 934655K->800124K(1676800K), 0.0645353 secs] [Times: user=0.32 sys=0.00, real=0.06 secs] 
3220.945: [GC (Allocation Failure) [PSYoungGen: 402036K->185270K(465920K)] 1033084K->869418K(1676800K), 0.0428753 secs] [Times: user=0.19 sys=0.00, real=0.04 secs] 
3221.099: [GC (Allocation Failure) [PSYoungGen: 418230K->186007K(465920K)] 1102378K->934467K(1676800K), 0.0503290 secs] [Times: user=0.24 sys=0.00, real=0.05 secs] 
3221.305: [GC (Allocation Failure) [PSYoungGen: 418967K->179700K(465920K)] 1167427K->987224K(1676800K), 0.0780739 secs] [Times: user=0.39 sys=0.01, real=0.07 secs] 
3222.391: [GC (Allocation Failure) [PSYoungGen: 412660K->93099K(465920K)] 1220184K->968663K(1676800K), 0.0406072 secs] [Times: user=0.21 sys=0.00, real=0.04 secs] 
3222.548: [GC (Allocation Failure) [PSYoungGen: 326059K->183446K(465920K)] 1201623K->1088767K(1676800K), 0.0349308 secs] [Times: user=0.14 sys=0.00, real=0.03 secs] 
3222.693: [GC (Allocation Failure) [PSYoungGen: 416406K->185526K(465920K)] 1321727K->1147847K(1676800K), 0.0443833 secs] [Times: user=0.20 sys=0.00, real=0.05 secs] 
3222.949: [GC (GCLocker Initiated GC) [PSYoungGen: 418486K->186325K(465920K)] 1380807K->1204890K(1676800K), 0.0469213 secs] [Times: user=0.22 sys=0.00, real=0.05 secs] 
3223.967: [GC (Allocation Failure) [PSYoungGen: 419285K->102140K(465920K)] 1437851K->1190922K(1676800K), 0.0524219 secs] [Times: user=0.27 sys=0.01, real=0.05 secs] 
3224.213: [GC (Allocation Failure) [PSYoungGen: 335100K->171252K(465920K)] 1423882K->1292871K(1676800K), 0.0748224 secs] [Times: user=0.35 sys=0.00, real=0.08 secs] 
3224.287: [Full GC (Ergonomics) [PSYoungGen: 171252K->0K(465920K)] [ParOldGen: 1121619K->195502K(1172480K)] 1292871K->195502K(1638400K), [Metaspace: 59976K->59976K(1105920K)], 0.2164618 secs] [Times: user=1.02 sys=0.01, real=0.21 secs] 
3224.621: [GC (Allocation Failure) [PSYoungGen: 232960K->184918K(465920K)] 428462K->380420K(1638400K), 0.0339422 secs] [Times: user=0.14 sys=0.00, real=0.04 secs] 
3224.767: [GC (Allocation Failure) [PSYoungGen: 417878K->181814K(465920K)] 613380K->441825K(1638400K), 0.0439146 secs] [Times: user=0.20 sys=0.00, real=0.04 secs] 
3225.681: [GC (Allocation Failure) [PSYoungGen: 414774K->216532K(465920K)] 674785K->533987K(1638400K), 0.0546441 secs] [Times: user=0.27 sys=0.00, real=0.06 secs] 
3228.696: [GC (Allocation Failure) [PSYoungGen: 449492K->94667K(465920K)] 766947K->480777K(1638400K), 0.1051561 secs] [Times: user=0.57 sys=0.00, real=0.10 secs] 
3229.112: [GC (Allocation Failure) [PSYoungGen: 327627K->180213K(465920K)] 713737K->596841K(1638400K), 0.0408875 secs] [Times: user=0.18 sys=0.00, real=0.04 secs] 
3229.307: [GC (Allocation Failure) [PSYoungGen: 413173K->184726K(465920K)] 829801K->657033K(1638400K), 0.0632429 secs] [Times: user=0.30 sys=0.00, real=0.06 secs] 
3229.528: [GC (Allocation Failure) [PSYoungGen: 417686K->187445K(465920K)] 889993K->715840K(1638400K), 0.0628045 secs] [Times: user=0.31 sys=0.00, real=0.06 secs] 
3230.551: [GC (Allocation Failure) [PSYoungGen: 420405K->99020K(465920K)] 948800K->698031K(1638400K), 0.0444853 secs] [Times: user=0.23 sys=0.01, real=0.05 secs] 
3230.747: [GC (GCLocker Initiated GC) [PSYoungGen: 331980K->169524K(465920K)] 930991K->800877K(1638400K), 0.0614246 secs] [Times: user=0.27 sys=0.01, real=0.06 secs] 
3231.008: [GC (Allocation Failure) [PSYoungGen: 402484K->192822K(465920K)] 1033968K->877025K(1638400K), 0.0591703 secs] [Times: user=0.28 sys=0.00, real=0.06 secs] 
3231.294: [GC (GCLocker Initiated GC) [PSYoungGen: 425782K->183350K(465920K)] 1109986K->931555K(1638400K), 0.0719687 secs] [Times: user=0.35 sys=0.00, real=0.08 secs] 
3232.323: [GC (Allocation Failure) [PSYoungGen: 416310K->181140K(465920K)] 1173850K->996983K(1638400K), 0.0767516 secs] [Times: user=0.35 sys=0.00, real=0.08 secs] 
3232.705: [GC (Allocation Failure) [PSYoungGen: 414100K->106172K(465920K)] 1229943K->990544K(1638400K), 0.1036042 secs] [Times: user=0.54 sys=0.01, real=0.10 secs] 
3232.952: [GC (Allocation Failure) [PSYoungGen: 338583K->177333K(465920K)] 1222954K->1095809K(1638400K), 0.0362042 secs] [Times: user=0.15 sys=0.01, real=0.04 secs] 
3233.100: [GC (Allocation Failure) [PSYoungGen: 410293K->185078K(465920K)] 1328769K->1158814K(1638400K), 0.0436317 secs] [Times: user=0.20 sys=0.00, real=0.04 secs] 
3233.251: [GC (Allocation Failure) [PSYoungGen: 418038K->187477K(465920K)] 1391774K->1217285K(1638400K), 0.0458867 secs] [Times: user=0.21 sys=0.00, real=0.05 secs] 
3234.238: [GC (Allocation Failure) [PSYoungGen: 420437K->100668K(465920K)] 1450245K->1201096K(1638400K), 0.0481437 secs] [Times: user=0.25 sys=0.00, real=0.05 secs] 
3234.286: [Full GC (Ergonomics) [PSYoungGen: 100668K->0K(465920K)] [ParOldGen: 1100428K->96130K(1092096K)] 1201096K->96130K(1558016K), [Metaspace: 59978K->59978K(1105920K)], 0.0502702 secs] [Times: user=0.17 sys=0.00, real=0.05 secs] 
3235.330: [GC (Allocation Failure) [PSYoungGen: 232960K->172756K(465920K)] 329090K->268887K(1558016K), 0.0357356 secs] [Times: user=0.13 sys=0.00, real=0.04 secs] 
3235.514: [GC (Allocation Failure) [PSYoungGen: 405716K->185270K(465920K)] 501847K->335609K(1558016K), 0.0424447 secs] [Times: user=0.19 sys=0.00, real=0.05 secs] 
3235.722: [GC (Allocation Failure) [PSYoungGen: 418230K->177430K(465920K)] 568569K->392305K(1558016K), 0.0522845 secs] [Times: user=0.25 sys=0.00, real=0.05 secs] 
3237.405: [GC (Allocation Failure) [PSYoungGen: 406030K->211411K(465920K)] 620905K->482646K(1558016K), 0.0535741 secs] [Times: user=0.26 sys=0.00, real=0.06 secs] 
3237.849: [GC (GCLocker Initiated GC) [PSYoungGen: 444371K->101196K(465920K)] 715607K->438719K(1558016K), 0.0600425 secs] [Times: user=0.31 sys=0.00, real=0.06 secs] 
3238.100: [GC (Allocation Failure) [PSYoungGen: 334156K->180277K(465920K)] 671681K->550316K(1558016K), 0.0352399 secs] [Times: user=0.13 sys=0.01, real=0.04 secs] 
3238.245: [GC (GCLocker Initiated GC) [PSYoungGen: 413237K->182965K(465920K)] 783276K->609092K(1558016K), 0.0431952 secs] [Times: user=0.19 sys=0.00, real=0.04 secs] 
3238.397: [GC (Allocation Failure) [PSYoungGen: 415925K->187573K(465920K)] 842055K->669030K(1558016K), 0.0449624 secs] [Times: user=0.21 sys=0.00, real=0.04 secs] 
3240.311: [GC (Allocation Failure) [PSYoungGen: 420533K->97547K(465920K)] 901990K->649729K(1558016K), 0.0494929 secs] [Times: user=0.26 sys=0.00, real=0.05 secs] 
3240.541: [GC (Allocation Failure) [PSYoungGen: 330507K->164947K(465920K)] 882689K->749497K(1558016K), 0.0652367 secs] [Times: user=0.32 sys=0.00, real=0.07 secs] 
3240.734: [GC (Allocation Failure) [PSYoungGen: 397907K->183989K(465920K)] 982457K->820339K(1558016K), 0.0429051 secs] [Times: user=0.19 sys=0.00, real=0.05 secs] 
3240.890: [GC (Allocation Failure) [PSYoungGen: 416949K->185623K(465920K)] 1053299K->885893K(1558016K), 0.0508327 secs] [Times: user=0.24 sys=0.00, real=0.05 secs] 
3241.453: [GC (Allocation Failure) [PSYoungGen: 416884K->217620K(465920K)] 1117154K->976994K(1558016K), 0.0545038 secs] [Times: user=0.27 sys=0.00, real=0.06 secs] 
3242.351: [GC (Allocation Failure) [PSYoungGen: 450580K->94027K(465920K)] 1209954K->922441K(1558016K), 0.0473859 secs] [Times: user=0.25 sys=0.00, real=0.05 secs] 
3242.542: [GC (Allocation Failure) [PSYoungGen: 326987K->183958K(465920K)] 1155401K->1042945K(1558016K), 0.0425681 secs] [Times: user=0.15 sys=0.00, real=0.04 secs] 
3242.724: [GC (Allocation Failure) [PSYoungGen: 416918K->185174K(465920K)] 1275905K->1101445K(1558016K), 0.0673522 secs] [Times: user=0.31 sys=0.00, real=0.07 secs] 
3243.338: [GC (Allocation Failure) [PSYoungGen: 418134K->184020K(465920K)] 1334405K->1156371K(1558016K), 0.1166423 secs] [Times: user=0.60 sys=0.00, real=0.11 secs] 
3244.711: [GC (Allocation Failure) [PSYoungGen: 416980K->101196K(465920K)] 1389331K->1143303K(1558016K), 0.0719689 secs] [Times: user=0.38 sys=0.00, real=0.07 secs] 
3244.783: [Full GC (Ergonomics) [PSYoungGen: 101196K->0K(465920K)] [ParOldGen: 1042107K->94389K(1107456K)] 1143303K->94389K(1573376K), [Metaspace: 59980K->59980K(1105920K)], 0.0504427 secs] [Times: user=0.15 sys=0.00, real=0.05 secs] 
3246.459: [GC (Allocation Failure) [PSYoungGen: 232960K->164819K(465920K)] 327349K->259209K(1573376K), 0.0366372 secs] [Times: user=0.13 sys=0.00, real=0.04 secs] 
3246.653: [GC (Allocation Failure) [PSYoungGen: 397779K->185174K(465920K)] 492169K->330827K(1573376K), 0.0418161 secs] [Times: user=0.19 sys=0.00, real=0.05 secs] 
3246.807: [GC (Allocation Failure) [PSYoungGen: 418134K->186295K(465920K)] 563787K->396292K(1573376K), 0.0498559 secs] [Times: user=0.23 sys=0.00, real=0.05 secs] 
3247.235: [GC (Allocation Failure) [PSYoungGen: 417724K->215956K(465920K)] 627722K->485074K(1573376K), 0.0536390 secs] [Times: user=0.26 sys=0.00, real=0.05 secs] 
3247.971: [GC (Allocation Failure) [PSYoungGen: 448916K->91402K(465920K)] 718034K->429192K(1573376K), 0.0564719 secs] [Times: user=0.30 sys=0.00, real=0.06 secs] 
3248.220: [GC (Allocation Failure) [PSYoungGen: 324362K->179445K(465920K)] 662152K->546224K(1573376K), 0.0336883 secs] [Times: user=0.13 sys=0.00, real=0.03 secs] 
3248.400: [GC (Allocation Failure) [PSYoungGen: 412405K->185366K(465920K)] 779184K->608368K(1573376K), 0.0576051 secs] [Times: user=0.28 sys=0.00, real=0.06 secs] 
3248.587: [GC (Allocation Failure) [PSYoungGen: 418326K->187509K(465920K)] 841328K->666832K(1573376K), 0.0525292 secs] [Times: user=0.25 sys=0.00, real=0.05 secs] 
3249.614: [GC (Allocation Failure) [PSYoungGen: 420469K->103100K(465920K)] 899792K->652963K(1573376K), 0.0500147 secs] [Times: user=0.26 sys=0.00, real=0.05 secs] 
3249.988: [GC (Allocation Failure) [PSYoungGen: 336060K->167188K(465920K)] 885923K->750827K(1573376K), 0.0600563 secs] [Times: user=0.30 sys=0.00, real=0.06 secs] 
3250.240: [GC (Allocation Failure) [PSYoungGen: 400148K->184950K(465920K)] 983787K->821741K(1573376K), 0.0590789 secs] [Times: user=0.28 sys=0.00, real=0.06 secs] 
3250.425: [GC (Allocation Failure) [PSYoungGen: 417910K->186103K(465920K)] 1054701K->887311K(1573376K), 0.0495027 secs] [Times: user=0.23 sys=0.00, real=0.05 secs] 
3250.936: [GC (Allocation Failure) [PSYoungGen: 419063K->216212K(465920K)] 1120271K->976496K(1573376K), 0.0643382 secs] [Times: user=0.33 sys=0.00, real=0.06 secs] 
3253.372: [GC (Allocation Failure) [PSYoungGen: 449172K->90186K(465920K)] 1209456K->919542K(1573376K), 0.0994709 secs] [Times: user=0.53 sys=0.00, real=0.10 secs] 
3253.761: [GC (Allocation Failure) [PSYoungGen: 323146K->180309K(465920K)] 1152502K->1038694K(1573376K), 0.0344456 secs] [Times: user=0.14 sys=0.00, real=0.04 secs] 
3253.907: [GC (Allocation Failure) [PSYoungGen: 413269K->184950K(465920K)] 1271654K->1098990K(1573376K), 0.0439633 secs] [Times: user=0.20 sys=0.00, real=0.04 secs] 
3254.058: [GC (Allocation Failure) [PSYoungGen: 417910K->187477K(465920K)] 1331950K->1157518K(1573376K), 0.0460264 secs] [Times: user=0.21 sys=0.00, real=0.04 secs] 
3255.054: [GC (GCLocker Initiated GC) [PSYoungGen: 420437K->102764K(465920K)] 1390481K->1143328K(1573376K), 0.0503554 secs] [Times: user=0.26 sys=0.00, real=0.06 secs] 
3255.105: [Full GC (Ergonomics) [PSYoungGen: 102764K->0K(465920K)] [ParOldGen: 1040563K->91284K(1120256K)] 1143328K->91284K(1586176K), [Metaspace: 59981K->59981K(1105920K)], 0.0591259 secs] [Times: user=0.21 sys=0.00, real=0.05 secs] 
3255.348: [GC (Allocation Failure) [PSYoungGen: 232960K->177140K(465920K)] 324245K->268426K(1586176K), 0.0263282 secs] [Times: user=0.09 sys=0.00, real=0.02 secs] 
3255.513: [GC (Allocation Failure) [PSYoungGen: 410100K->184758K(465920K)] 501386K->330476K(1586176K), 0.0475024 secs] [Times: user=0.22 sys=0.00, real=0.05 secs] 
3255.701: [GC (Allocation Failure) [PSYoungGen: 417718K->182614K(465920K)] 563436K->392692K(1586176K), 0.0493293 secs] [Times: user=0.23 sys=0.00, real=0.05 secs] 
3256.062: [GC (Allocation Failure) [PSYoungGen: 414922K->213044K(465920K)] 625000K->480854K(1586176K), 0.0533572 secs] [Times: user=0.26 sys=0.00, real=0.06 secs] 
3257.004: [GC (Allocation Failure) [PSYoungGen: 446004K->95659K(465920K)] 713814K->431685K(1586176K), 0.0586364 secs] [Times: user=0.31 sys=0.00, real=0.06 secs] 
3257.250: [GC (Allocation Failure) [PSYoungGen: 328619K->183286K(465920K)] 664645K->549341K(1586176K), 0.0344949 secs] [Times: user=0.14 sys=0.00, real=0.03 secs] 
3257.436: [GC (Allocation Failure) [PSYoungGen: 416246K->182101K(465920K)] 782301K->605580K(1586176K), 0.0615663 secs] [Times: user=0.30 sys=0.00, real=0.06 secs] 
3257.626: [GC (Allocation Failure) [PSYoungGen: 415061K->184725K(465920K)] 838540K->663348K(1586176K), 0.0455555 secs] [Times: user=0.20 sys=0.01, real=0.04 secs] 
3258.887: [GC (Allocation Failure) [PSYoungGen: 417685K->101468K(465920K)] 896308K->649755K(1586176K), 0.0681988 secs] [Times: user=0.37 sys=0.00, real=0.07 secs] 
3260.533: [GC (Allocation Failure) [PSYoungGen: 334428K->171796K(465920K)] 882715K->752368K(1586176K), 0.0654862 secs] [Times: user=0.32 sys=0.00, real=0.07 secs] 
3260.782: [GC (Allocation Failure) [PSYoungGen: 404756K->182581K(465920K)] 985328K->817049K(1586176K), 0.0602661 secs] [Times: user=0.29 sys=0.00, real=0.06 secs] 
3261.030: [GC (Allocation Failure) [PSYoungGen: 415541K->186359K(465920K)] 1050009K->884779K(1586176K), 0.0736734 secs] [Times: user=0.36 sys=0.00, real=0.07 secs] 
3261.528: [GC (Allocation Failure) [PSYoungGen: 419319K->215092K(465920K)] 1117739K->972504K(1586176K), 0.0555461 secs] [Times: user=0.27 sys=0.00, real=0.05 secs] 
3262.208: [GC (Allocation Failure) [PSYoungGen: 448052K->98299K(465920K)] 1205464K->923255K(1586176K), 0.0424294 secs] [Times: user=0.22 sys=0.00, real=0.04 secs] 
3262.399: [GC (Allocation Failure) [PSYoungGen: 331259K->183638K(465920K)] 1156215K->1039794K(1586176K), 0.0505825 secs] [Times: user=0.22 sys=0.00, real=0.05 secs] 
3262.591: [GC (Allocation Failure) [PSYoungGen: 416598K->185206K(465920K)] 1272754K->1098450K(1586176K), 0.0452533 secs] [Times: user=0.20 sys=0.00, real=0.05 secs] 
3263.103: [GC (GCLocker Initiated GC) [PSYoungGen: 418166K->185877K(465920K)] 1331410K->1155185K(1586176K), 0.0668620 secs] [Times: user=0.30 sys=0.00, real=0.07 secs] 
3264.230: [GC (Allocation Failure) [PSYoungGen: 418837K->98251K(465920K)] 1388148K->1137851K(1586176K), 0.0457404 secs] [Times: user=0.24 sys=0.00, real=0.05 secs] 
3264.276: [Full GC (Ergonomics) [PSYoungGen: 98251K->0K(465920K)] [ParOldGen: 1039599K->89938K(1134592K)] 1137851K->89938K(1600512K), [Metaspace: 59986K->59986K(1105920K)], 0.0386678 secs] [Times: user=0.12 sys=0.00, real=0.03 secs] 
3264.452: [GC (GCLocker Initiated GC) [PSYoungGen: 232960K->167348K(465920K)] 322899K->257287K(1600512K), 0.0269163 secs] [Times: user=0.09 sys=0.01, real=0.03 secs] 
3264.625: [GC (Allocation Failure) [PSYoungGen: 400308K->192950K(465920K)] 490410K->335144K(1600512K), 0.0418707 secs] [Times: user=0.18 sys=0.00, real=0.05 secs] 
3264.806: [GC (Allocation Failure) [PSYoungGen: 425910K->186199K(465920K)] 568104K->392813K(1600512K), 0.0506467 secs] [Times: user=0.24 sys=0.00, real=0.05 secs] 
3265.619: [GC (Allocation Failure) [PSYoungGen: 417017K->212243K(465920K)] 623632K->478138K(1600512K), 0.0548696 secs] [Times: user=0.27 sys=0.01, real=0.05 secs] 
3267.312: [GC (Allocation Failure) [PSYoungGen: 445203K->94731K(465920K)] 711098K->427225K(1600512K), 0.1156963 secs] [Times: user=0.64 sys=0.01, real=0.12 secs] 
3267.913: [GC (Allocation Failure) [PSYoungGen: 327691K->183606K(465920K)] 660185K->546481K(1600512K), 0.0408524 secs] [Times: user=0.18 sys=0.00, real=0.04 secs] 
3268.067: [GC (Allocation Failure) [PSYoungGen: 416566K->185398K(465920K)] 779441K->605305K(1600512K), 0.0441514 secs] [Times: user=0.20 sys=0.00, real=0.04 secs] 
3268.218: [GC (Allocation Failure) [PSYoungGen: 418358K->181684K(465920K)] 838265K->657967K(1600512K), 0.0453766 secs] [Times: user=0.22 sys=0.00, real=0.04 secs] 
3269.289: [GC (GCLocker Initiated GC) [PSYoungGen: 414644K->103036K(465920K)] 890929K->648433K(1600512K), 0.0447770 secs] [Times: user=0.23 sys=0.00, real=0.04 secs] 
3269.554: [GC (Allocation Failure) [PSYoungGen: 335996K->172500K(465920K)] 881396K->751193K(1600512K), 0.0753301 secs] [Times: user=0.36 sys=0.00, real=0.08 secs] 
3269.830: [GC (Allocation Failure) [PSYoungGen: 405460K->185142K(465920K)] 984153K->817755K(1600512K), 0.0573044 secs] [Times: user=0.27 sys=0.00, real=0.06 secs] 
3270.004: [GC (Allocation Failure) [PSYoungGen: 418102K->185239K(465920K)] 1050715K->882228K(1600512K), 0.0505365 secs] [Times: user=0.23 sys=0.00, real=0.05 secs] 
3270.436: [GC (Allocation Failure) [PSYoungGen: 415965K->209811K(465920K)] 1112954K->965728K(1600512K), 0.0561975 secs] [Times: user=0.27 sys=0.01, real=0.05 secs] 
3271.206: [GC (Allocation Failure) [PSYoungGen: 442771K->93979K(465920K)] 1198688K->916168K(1600512K), 0.0409653 secs] [Times: user=0.21 sys=0.00, real=0.04 secs] 
3271.363: [GC (Allocation Failure) [PSYoungGen: 326939K->183606K(465920K)] 1149128K->1035688K(1600512K), 0.0351560 secs] [Times: user=0.14 sys=0.00, real=0.04 secs] 
3271.536: [GC (Allocation Failure) [PSYoungGen: 416566K->184950K(465920K)] 1268648K->1094279K(1600512K), 0.0585620 secs] [Times: user=0.27 sys=0.00, real=0.06 secs] 
3271.724: [GC (Allocation Failure) [PSYoungGen: 417910K->187125K(465920K)] 1327239K->1152583K(1600512K), 0.0507842 secs] [Times: user=0.24 sys=0.00, real=0.06 secs] 
3272.730: [GC (Allocation Failure) [PSYoungGen: 420085K->102268K(465920K)] 1385543K->1138230K(1600512K), 0.0515356 secs] [Times: user=0.27 sys=0.00, real=0.05 secs] 
3272.965: [GC (Allocation Failure) [PSYoungGen: 335228K->173941K(465920K)] 1371190K->1243519K(1600512K), 0.0614285 secs] [Times: user=0.29 sys=0.00, real=0.06 secs] 
3273.027: [Full GC (Ergonomics) [PSYoungGen: 173941K->0K(465920K)] [ParOldGen: 1069578K->197608K(1256448K)] 1243519K->197608K(1722368K), [Metaspace: 59993K->59993K(1105920K)], 0.2119230 secs] [Times: user=0.97 sys=0.01, real=0.21 secs] 
3273.379: [GC (Allocation Failure) [PSYoungGen: 232960K->179157K(465920K)] 430568K->376765K(1722368K), 0.0319627 secs] [Times: user=0.13 sys=0.00, real=0.03 secs] 
3273.741: [GC (Allocation Failure) [PSYoungGen: 412117K->185463K(465920K)] 609725K->445831K(1722368K), 0.0573968 secs] [Times: user=0.27 sys=0.00, real=0.06 secs] 
3276.558: [GC (Allocation Failure) [PSYoungGen: 418423K->211827K(465920K)] 678791K->531100K(1722368K), 0.0560318 secs] [Times: user=0.27 sys=0.00, real=0.05 secs] 
3278.319: [GC (GCLocker Initiated GC) [PSYoungGen: 444787K->91178K(465920K)] 764060K->477019K(1722368K), 0.1014327 secs] [Times: user=0.55 sys=0.00, real=0.10 secs] 
3278.692: [GC (Allocation Failure) [PSYoungGen: 324138K->187766K(465920K)] 710145K->603866K(1722368K), 0.0360927 secs] [Times: user=0.15 sys=0.00, real=0.04 secs] 
3278.893: [GC (Allocation Failure) [PSYoungGen: 420726K->184630K(465920K)] 836826K->657718K(1722368K), 0.0679041 secs] [Times: user=0.32 sys=0.01, real=0.07 secs] 
3279.134: [GC (Allocation Failure) [PSYoungGen: 417590K->184053K(465920K)] 890678K->713045K(1722368K), 0.0605321 secs] [Times: user=0.29 sys=0.01, real=0.06 secs] 
3280.199: [GC (GCLocker Initiated GC) [PSYoungGen: 417013K->97419K(465920K)] 946005K->696044K(1722368K), 0.0443067 secs] [Times: user=0.22 sys=0.00, real=0.04 secs] 
3280.438: [GC (GCLocker Initiated GC) [PSYoungGen: 330379K->166868K(465920K)] 929006K->797655K(1722368K), 0.0797320 secs] [Times: user=0.40 sys=0.00, real=0.08 secs] 
3280.675: [GC (Allocation Failure) [PSYoungGen: 399828K->185014K(465920K)] 1030617K->868264K(1722368K), 0.0425780 secs] [Times: user=0.19 sys=0.00, real=0.04 secs] 
3280.851: [GC (Allocation Failure) [PSYoungGen: 417974K->186103K(465920K)] 1101224K->933925K(1722368K), 0.0564174 secs] [Times: user=0.27 sys=0.00, real=0.06 secs] 
3281.053: [GC (Allocation Failure) [PSYoungGen: 419063K->219925K(465920K)] 1166885K->1026651K(1722368K), 0.0566988 secs] [Times: user=0.28 sys=0.00, real=0.06 secs] 
3282.964: [GC (Allocation Failure) [PSYoungGen: 452885K->84938K(465920K)] 1259611K->962152K(1722368K), 0.1111273 secs] [Times: user=0.62 sys=0.00, real=0.12 secs] 
3283.481: [GC (Allocation Failure) [PSYoungGen: 317898K->181334K(465920K)] 1195112K->1086097K(1722368K), 0.0436975 secs] [Times: user=0.19 sys=0.00, real=0.04 secs] 
3283.644: [GC (Allocation Failure) [PSYoungGen: 414227K->185398K(465920K)] 1318990K->1146769K(1722368K), 0.0484155 secs] [Times: user=0.20 sys=0.00, real=0.05 secs] 
3283.855: [GC (GCLocker Initiated GC) [PSYoungGen: 418358K->185717K(465920K)] 1379729K->1203352K(1722368K), 0.0748983 secs] [Times: user=0.37 sys=0.00, real=0.07 secs] 
3285.138: [GC (Allocation Failure) [PSYoungGen: 418677K->104732K(465920K)] 1436314K->1192561K(1722368K), 0.0471666 secs] [Times: user=0.25 sys=0.00, real=0.05 secs] 
3286.109: [GC (Allocation Failure) [PSYoungGen: 337692K->162355K(465920K)] 1425521K->1284477K(1722368K), 0.0942509 secs] [Times: user=0.44 sys=0.04, real=0.09 secs] 
3286.333: [GC (Allocation Failure) [PSYoungGen: 395315K->185014K(465920K)] 1517437K->1357911K(1722368K), 0.0476841 secs] [Times: user=0.18 sys=0.04, real=0.05 secs] 
3286.381: [Full GC (Ergonomics) [PSYoungGen: 185014K->0K(465920K)] [ParOldGen: 1172897K->255584K(1329664K)] 1357911K->255584K(1795584K), [Metaspace: 59995K->59995K(1105920K)], 0.3170354 secs] [Times: user=1.47 sys=0.00, real=0.32 secs] 
3286.809: [GC (Allocation Failure) [PSYoungGen: 232960K->186071K(465920K)] 488544K->441655K(1795584K), 0.0793739 secs] [Times: user=0.41 sys=0.00, real=0.08 secs] 
3286.997: [GC (Allocation Failure) [PSYoungGen: 419031K->186773K(465920K)] 674615K->501549K(1795584K), 0.0534691 secs] [Times: user=0.26 sys=0.00, real=0.05 secs] 
3287.990: [GC (Allocation Failure) [PSYoungGen: 419733K->90826K(465920K)] 734509K->475914K(1795584K), 0.0536245 secs] [Times: user=0.28 sys=0.00, real=0.05 secs] 
3288.188: [GC (Allocation Failure) [PSYoungGen: 323786K->183062K(465920K)] 708874K->597115K(1795584K), 0.0344311 secs] [Times: user=0.14 sys=0.00, real=0.03 secs] 
3288.334: [GC (Allocation Failure) [PSYoungGen: 416022K->184950K(465920K)] 830075K->656027K(1795584K), 0.0439808 secs] [Times: user=0.20 sys=0.00, real=0.05 secs] 
3288.487: [GC (Allocation Failure) [PSYoungGen: 417910K->187349K(465920K)] 888987K->714566K(1795584K), 0.0451235 secs] [Times: user=0.21 sys=0.00, real=0.04 secs] 
3289.531: [GC (Allocation Failure) [PSYoungGen: 420309K->100444K(465920K)] 947526K->698333K(1795584K), 0.0459201 secs] [Times: user=0.23 sys=0.01, real=0.05 secs] 
3290.351: [GC (Allocation Failure) [PSYoungGen: 333404K->165300K(465920K)] 931293K->795737K(1795584K), 0.0721649 secs] [Times: user=0.35 sys=0.01, real=0.07 secs] 
3290.571: [GC (Allocation Failure) [PSYoungGen: 398260K->185142K(465920K)] 1028697K->867444K(1795584K), 0.0433829 secs] [Times: user=0.19 sys=0.00, real=0.04 secs] 
3290.740: [GC (Allocation Failure) [PSYoungGen: 418102K->182966K(465920K)] 1100404K->929604K(1795584K), 0.0681967 secs] [Times: user=0.33 sys=0.00, real=0.07 secs] 
3291.242: [GC (Allocation Failure) [PSYoungGen: 415926K->186901K(465920K)] 1162564K->991947K(1795584K), 0.0944427 secs] [Times: user=0.50 sys=0.00, real=0.10 secs] 
3293.704: [GC (GCLocker Initiated GC) [PSYoungGen: 419861K->91530K(465920K)] 1224907K->967089K(1795584K), 0.1072961 secs] [Times: user=0.58 sys=0.00, real=0.11 secs] 
3294.035: [GC (Allocation Failure) [PSYoungGen: 324490K->176789K(465920K)] 1200051K->1081843K(1795584K), 0.0348279 secs] [Times: user=0.14 sys=0.01, real=0.03 secs] 
3294.182: [GC (Allocation Failure) [PSYoungGen: 409749K->184950K(465920K)] 1314803K->1144660K(1795584K), 0.0439178 secs] [Times: user=0.20 sys=0.00, real=0.05 secs] 
3294.335: [GC (Allocation Failure) [PSYoungGen: 417910K->187669K(465920K)] 1377620K->1203427K(1795584K), 0.0461938 secs] [Times: user=0.21 sys=0.00, real=0.05 secs] 
3295.320: [GC (Allocation Failure) [PSYoungGen: 420629K->104124K(465920K)] 1436387K->1190474K(1795584K), 0.0494043 secs] [Times: user=0.26 sys=0.01, real=0.05 secs] 
3295.538: [GC (Allocation Failure) [PSYoungGen: 337084K->169524K(465920K)] 1423434K->1290138K(1795584K), 0.0444411 secs] [Times: user=0.21 sys=0.00, real=0.04 secs] 
3295.800: [GC (Allocation Failure) [PSYoungGen: 402484K->176212K(465920K)] 1523098K->1349843K(1795584K), 0.0595697 secs] [Times: user=0.28 sys=0.00, real=0.06 secs] 
3295.984: [GC (Allocation Failure) [PSYoungGen: 409172K->186519K(465920K)] 1582803K->1421913K(1795584K), 0.0526935 secs] [Times: user=0.22 sys=0.01, real=0.06 secs] 
3296.143: [GC (Allocation Failure) [PSYoungGen: 419479K->187349K(465920K)] 1654873K->1481935K(1795584K), 0.0603356 secs] [Times: user=0.27 sys=0.03, real=0.06 secs] 
3296.203: [Full GC (Ergonomics) [PSYoungGen: 187349K->0K(465920K)] [ParOldGen: 1294586K->371156K(1398272K)] 1481935K->371156K(1864192K), [Metaspace: 59996K->59996K(1105920K)], 0.6259652 secs] [Times: user=2.94 sys=0.00, real=0.63 secs] 
3298.261: [GC (Allocation Failure) [PSYoungGen: 232960K->86618K(465920K)] 604116K->457774K(1864192K), 0.0399395 secs] [Times: user=0.15 sys=0.00, real=0.04 secs] 
3298.820: [GC (Allocation Failure) [PSYoungGen: 319578K->183702K(465920K)] 690734K->583259K(1864192K), 0.0433805 secs] [Times: user=0.19 sys=0.00, real=0.04 secs] 
3299.032: [GC (Allocation Failure) [PSYoungGen: 416662K->185142K(465920K)] 816219K->641739K(1864192K), 0.0663975 secs] [Times: user=0.32 sys=0.00, real=0.07 secs] 
3299.298: [GC (Allocation Failure) [PSYoungGen: 418102K->186741K(465920K)] 874699K->699442K(1864192K), 0.0496500 secs] [Times: user=0.24 sys=0.00, real=0.05 secs] 
3300.387: [GC (Allocation Failure) [PSYoungGen: 419701K->105148K(465920K)] 932406K->688246K(1864192K), 0.0616247 secs] [Times: user=0.33 sys=0.00, real=0.06 secs] 
3302.237: [GC (Allocation Failure) [PSYoungGen: 338108K->165876K(465920K)] 921206K->782545K(1864192K), 0.0733378 secs] [Times: user=0.37 sys=0.00, real=0.07 secs] 
3302.452: [GC (Allocation Failure) [PSYoungGen: 398836K->180789K(465920K)] 1015505K->849091K(1864192K), 0.0415884 secs] [Times: user=0.19 sys=0.01, real=0.04 secs] 
3302.607: [GC (Allocation Failure) [PSYoungGen: 413749K->185719K(465920K)] 1082051K->916836K(1864192K), 0.0493092 secs] [Times: user=0.23 sys=0.00, real=0.05 secs] 
3302.784: [GC (Allocation Failure) [PSYoungGen: 418679K->219605K(465920K)] 1149796K->1009643K(1864192K), 0.0565261 secs] [Times: user=0.28 sys=0.00, real=0.06 secs] 
3303.742: [GC (Allocation Failure) [PSYoungGen: 452565K->95611K(465920K)] 1242603K->955985K(1864192K), 0.0415706 secs] [Times: user=0.21 sys=0.00, real=0.04 secs] 
3303.906: [GC (GCLocker Initiated GC) [PSYoungGen: 328571K->182070K(465920K)] 1188945K->1072664K(1864192K), 0.0345290 secs] [Times: user=0.14 sys=0.00, real=0.03 secs] 
3304.050: [GC (Allocation Failure) [PSYoungGen: 415030K->182197K(465920K)] 1305790K->1129790K(1864192K), 0.0496588 secs] [Times: user=0.19 sys=0.00, real=0.05 secs] 
3304.235: [GC (Allocation Failure) [PSYoungGen: 415157K->182644K(465920K)] 1362750K->1185221K(1864192K), 0.0659562 secs] [Times: user=0.32 sys=0.01, real=0.06 secs] 
3305.323: [GC (Allocation Failure) [PSYoungGen: 415604K->106509K(465920K)] 1418181K->1178125K(1864192K), 0.0481174 secs] [Times: user=0.24 sys=0.00, real=0.05 secs] 
3305.582: [GC (Allocation Failure) [PSYoungGen: 339469K->169492K(465920K)] 1411085K->1275886K(1864192K), 0.0609280 secs] [Times: user=0.29 sys=0.00, real=0.06 secs] 
3305.758: [GC (Allocation Failure) [PSYoungGen: 402452K->182197K(465920K)] 1508846K->1341591K(1864192K), 0.0431398 secs] [Times: user=0.19 sys=0.00, real=0.04 secs] 
3305.971: [GC (Allocation Failure) [PSYoungGen: 415157K->185687K(465920K)] 1574551K->1408616K(1864192K), 0.0780495 secs] [Times: user=0.39 sys=0.01, real=0.08 secs] 
3306.664: [GC (Allocation Failure) [PSYoungGen: 418538K->214676K(465920K)] 1641467K->1496614K(1864192K), 0.0539715 secs] [Times: user=0.26 sys=0.00, real=0.06 secs] 
3308.475: [GC (Allocation Failure) [PSYoungGen: 447636K->98699K(465920K)] 1729574K->1448765K(1864192K), 0.1143483 secs] [Times: user=0.59 sys=0.03, real=0.11 secs] 
3308.590: [Full GC (Ergonomics) [PSYoungGen: 98699K->0K(465920K)] [ParOldGen: 1350065K->116676K(1239040K)] 1448765K->116676K(1704960K), [Metaspace: 59997K->59997K(1105920K)], 0.1850423 secs] [Times: user=0.78 sys=0.01, real=0.18 secs] 
3308.979: [GC (Allocation Failure) [PSYoungGen: 232960K->181494K(465920K)] 349636K->298170K(1704960K), 0.0253039 secs] [Times: user=0.09 sys=0.00, real=0.02 secs] 
3309.160: [GC (Allocation Failure) [PSYoungGen: 414454K->185558K(465920K)] 531130K->358794K(1704960K), 0.0651757 secs] [Times: user=0.32 sys=0.00, real=0.07 secs] 
3309.357: [GC (Allocation Failure) [PSYoungGen: 418518K->186741K(465920K)] 591754K->416273K(1704960K), 0.0451847 secs] [Times: user=0.21 sys=0.00, real=0.04 secs] 
3310.420: [GC (Allocation Failure) [PSYoungGen: 419701K->99052K(465920K)] 649233K->398784K(1704960K), 0.0442476 secs] [Times: user=0.23 sys=0.01, real=0.04 secs] 
3310.651: [GC (Allocation Failure) [PSYoungGen: 332012K->172724K(465920K)] 631744K->504422K(1704960K), 0.0654463 secs] [Times: user=0.31 sys=0.00, real=0.07 secs] 
3310.892: [GC (Allocation Failure) [PSYoungGen: 405684K->185462K(465920K)] 737382K->571547K(1704960K), 0.0430475 secs] [Times: user=0.19 sys=0.00, real=0.05 secs] 
3311.076: [GC (Allocation Failure) [PSYoungGen: 418422K->184599K(465920K)] 804507K->635140K(1704960K), 0.0550286 secs] [Times: user=0.27 sys=0.00, real=0.05 secs] 
3311.946: [GC (Allocation Failure) [PSYoungGen: 416195K->207347K(465920K)] 866737K->716712K(1704960K), 0.0547344 secs] [Times: user=0.27 sys=0.00, real=0.05 secs] 
3312.328: [GC (Allocation Failure) [PSYoungGen: 440307K->101276K(465920K)] 949672K->675849K(1704960K), 0.0406884 secs] [Times: user=0.20 sys=0.01, real=0.04 secs] 
3312.574: [GC (Allocation Failure) [PSYoungGen: 334236K->182678K(465920K)] 908809K->788824K(1704960K), 0.0524977 secs] [Times: user=0.23 sys=0.00, real=0.06 secs] 
3312.761: [GC (Allocation Failure) [PSYoungGen: 415638K->185590K(465920K)] 1021784K->849128K(1704960K), 0.0444139 secs] [Times: user=0.20 sys=0.00, real=0.05 secs] 
3312.931: [GC (Allocation Failure) [PSYoungGen: 418550K->187093K(465920K)] 1082088K->906959K(1704960K), 0.0458311 secs] [Times: user=0.22 sys=0.00, real=0.05 secs] 
3314.006: [GC (Allocation Failure) [PSYoungGen: 420053K->97547K(465920K)] 1139919K->887954K(1704960K), 0.0568157 secs] [Times: user=0.30 sys=0.00, real=0.05 secs] 
3314.681: [GC (Allocation Failure) [PSYoungGen: 330507K->172660K(465920K)] 1120914K->995051K(1704960K), 0.0696252 secs] [Times: user=0.34 sys=0.00, real=0.07 secs] 
3314.938: [GC (Allocation Failure) [PSYoungGen: 405620K->184405K(465920K)] 1228011K->1060692K(1704960K), 0.0590715 secs] [Times: user=0.28 sys=0.00, real=0.06 secs] 
3315.153: [GC (Allocation Failure) [PSYoungGen: 417365K->185943K(465920K)] 1293652K->1126606K(1704960K), 0.0639824 secs] [Times: user=0.31 sys=0.00, real=0.07 secs] 
3316.613: [GC (Allocation Failure) [PSYoungGen: 418903K->169363K(465920K)] 1359566K->1169041K(1704960K), 0.0585330 secs] [Times: user=0.29 sys=0.00, real=0.06 secs] 
3317.708: [GC (Allocation Failure) [PSYoungGen: 402323K->106124K(465920K)] 1402001K->1170603K(1704960K), 0.1085699 secs] [Times: user=0.57 sys=0.01, real=0.11 secs] 
3318.022: [GC (Allocation Failure) [PSYoungGen: 331675K->176885K(465920K)] 1396154K->1275081K(1704960K), 0.0358291 secs] [Times: user=0.14 sys=0.00, real=0.04 secs] 
3318.167: [GC (Allocation Failure) [PSYoungGen: 409845K->185462K(465920K)] 1508041K->1338465K(1704960K), 0.0442787 secs] [Times: user=0.20 sys=0.00, real=0.04 secs] 
3318.342: [GC (Allocation Failure) [PSYoungGen: 418422K->180084K(465920K)] 1571425K->1389264K(1704960K), 0.0640660 secs] [Times: user=0.31 sys=0.01, real=0.07 secs] 
3318.406: [Full GC (Ergonomics) [PSYoungGen: 180084K->0K(465920K)] [ParOldGen: 1209179K->340126K(1398272K)] 1389264K->340126K(1864192K), [Metaspace: 60001K->60001K(1105920K)], 0.5590241 secs] [Times: user=2.66 sys=0.00, real=0.56 secs] 
3319.914: [GC (GCLocker Initiated GC) [PSYoungGen: 232960K->102236K(465920K)] 573089K->442373K(1864192K), 0.0486456 secs] [Times: user=0.26 sys=0.00, real=0.05 secs] 
3320.134: [GC (Allocation Failure) [PSYoungGen: 335196K->173621K(465920K)] 675372K->546943K(1864192K), 0.0414878 secs] [Times: user=0.18 sys=0.00, real=0.05 secs] 
3320.288: [GC (Allocation Failure) [PSYoungGen: 406581K->184950K(465920K)] 779903K->612320K(1864192K), 0.0425015 secs] [Times: user=0.19 sys=0.00, real=0.04 secs] 
3320.444: [GC (Allocation Failure) [PSYoungGen: 417910K->185431K(465920K)] 845280K->677161K(1864192K), 0.0498244 secs] [Times: user=0.24 sys=0.00, real=0.05 secs] 
3321.254: [GC (Allocation Failure) [PSYoungGen: 415086K->206643K(465920K)] 906817K->757373K(1864192K), 0.0543007 secs] [Times: user=0.26 sys=0.01, real=0.06 secs] 
3322.141: [GC (Allocation Failure) [PSYoungGen: 439603K->99083K(465920K)] 990333K->714766K(1864192K), 0.1151868 secs] [Times: user=0.63 sys=0.00, real=0.12 secs] 
3322.473: [GC (Allocation Failure) [PSYoungGen: 332043K->182870K(465920K)] 947726K->830473K(1864192K), 0.0351499 secs] [Times: user=0.14 sys=0.00, real=0.04 secs] 
3322.641: [GC (Allocation Failure) [PSYoungGen: 415830K->182773K(465920K)] 1063433K->887121K(1864192K), 0.0577897 secs] [Times: user=0.27 sys=0.01, real=0.06 secs] 
3323.076: [GC (Allocation Failure) [PSYoungGen: 415733K->186709K(465920K)] 1120081K->946840K(1864192K), 0.1085671 secs] [Times: user=0.55 sys=0.01, real=0.10 secs] 
3325.215: [GC (Allocation Failure) [PSYoungGen: 419669K->96427K(465920K)] 1179800K->926975K(1864192K), 0.0492351 secs] [Times: user=0.26 sys=0.00, real=0.04 secs] 
3326.091: [GC (Allocation Failure) [PSYoungGen: 329387K->168276K(465920K)] 1159935K->1029636K(1864192K), 0.0628000 secs] [Times: user=0.30 sys=0.00, real=0.06 secs] 
3326.294: [GC (Allocation Failure) [PSYoungGen: 401236K->185462K(465920K)] 1262596K->1099414K(1864192K), 0.0418849 secs] [Times: user=0.18 sys=0.00, real=0.05 secs] 
3326.474: [GC (Allocation Failure) [PSYoungGen: 418422K->186455K(465920K)] 1332374K->1164687K(1864192K), 0.0552033 secs] [Times: user=0.27 sys=0.00, real=0.06 secs] 
3326.922: [GC (Allocation Failure) [PSYoungGen: 419218K->211796K(465920K)] 1397450K->1249204K(1864192K), 0.0547540 secs] [Times: user=0.25 sys=0.01, real=0.06 secs] 
3327.683: [GC (Allocation Failure) [PSYoungGen: 444756K->97835K(465920K)] 1482164K->1202396K(1864192K), 0.0406266 secs] [Times: user=0.21 sys=0.00, real=0.04 secs] 
3327.933: [GC (Allocation Failure) [PSYoungGen: 330795K->183190K(465920K)] 1435356K->1318387K(1864192K), 0.0503100 secs] [Times: user=0.22 sys=0.00, real=0.05 secs] 
3328.120: [GC (Allocation Failure) [PSYoungGen: 416150K->185590K(465920K)] 1551347K->1378191K(1864192K), 0.0442643 secs] [Times: user=0.20 sys=0.00, real=0.04 secs] 
3328.271: [GC (Allocation Failure) [PSYoungGen: 418550K->187029K(465920K)] 1611151K->1435950K(1864192K), 0.0460782 secs] [Times: user=0.21 sys=0.00, real=0.05 secs] 
3329.293: [GC (Allocation Failure) [PSYoungGen: 419989K->94875K(465920K)] 1668910K->1414525K(1864192K), 0.0504389 secs] [Times: user=0.24 sys=0.02, real=0.05 secs] 
3329.344: [Full GC (Ergonomics) [PSYoungGen: 94875K->0K(465920K)] [ParOldGen: 1319649K->88486K(1266176K)] 1414525K->88486K(1732096K), [Metaspace: 60026K->60026K(1105920K)], 0.0362244 secs] [Times: user=0.11 sys=0.01, real=0.04 secs] 
3329.802: [GC (Allocation Failure) [PSYoungGen: 232960K->172949K(465920K)] 321446K->261435K(1732096K), 0.0334360 secs] [Times: user=0.12 sys=0.00, real=0.04 secs] 
3329.975: [GC (Allocation Failure) [PSYoungGen: 405909K->185430K(465920K)] 494395K->327756K(1732096K), 0.0427766 secs] [Times: user=0.19 sys=0.00, real=0.04 secs] 
3330.130: [GC (Allocation Failure) [PSYoungGen: 418390K->182806K(465920K)] 560716K->389677K(1732096K), 0.0488047 secs] [Times: user=0.23 sys=0.00, real=0.05 secs] 
3330.954: [GC (Allocation Failure) [PSYoungGen: 414691K->212659K(465920K)] 621562K->477466K(1732096K), 0.0551190 secs] [Times: user=0.27 sys=0.00, real=0.06 secs] 
3333.486: [GC (Allocation Failure) [PSYoungGen: 445619K->98219K(465920K)] 710426K->429922K(1732096K), 0.0938436 secs] [Times: user=0.51 sys=0.00, real=0.09 secs] 
3333.778: [GC (Allocation Failure) [PSYoungGen: 331179K->179573K(465920K)] 662882K->542725K(1732096K), 0.0340255 secs] [Times: user=0.14 sys=0.00, real=0.03 secs] 
3333.924: [GC (Allocation Failure) [PSYoungGen: 412533K->185526K(465920K)] 775685K->604357K(1732096K), 0.0428566 secs] [Times: user=0.19 sys=0.00, real=0.05 secs] 
3334.073: [GC (Allocation Failure) [PSYoungGen: 418486K->183892K(465920K)] 837317K->658988K(1732096K), 0.0450464 secs] [Times: user=0.21 sys=0.00, real=0.05 secs] 
3335.130: [GC (Allocation Failure) [PSYoungGen: 416852K->102508K(465920K)] 891948K->647036K(1732096K), 0.0442669 secs] [Times: user=0.23 sys=0.00, real=0.04 secs] 
3335.351: [GC (Allocation Failure) [PSYoungGen: 335468K->171508K(465920K)] 879996K->749992K(1732096K), 0.0585924 secs] [Times: user=0.28 sys=0.00, real=0.06 secs] 
3335.586: [GC (Allocation Failure) [PSYoungGen: 404468K->185014K(465920K)] 982952K->817437K(1732096K), 0.0462299 secs] [Times: user=0.21 sys=0.00, real=0.04 secs] 
3335.744: [GC (Allocation Failure) [PSYoungGen: 417974K->182454K(465920K)] 1050397K->879338K(1732096K), 0.0498878 secs] [Times: user=0.22 sys=0.01, real=0.05 secs] 
3336.295: [GC (Allocation Failure) [PSYoungGen: 411956K->210836K(465920K)] 1108839K->965587K(1732096K), 0.0526635 secs] [Times: user=0.26 sys=0.00, real=0.06 secs] 
3337.134: [GC (Allocation Failure) [PSYoungGen: 443796K->94939K(465920K)] 1198547K->916618K(1732096K), 0.0589217 secs] [Times: user=0.31 sys=0.00, real=0.06 secs] 
3337.486: [GC (Allocation Failure) [PSYoungGen: 327899K->184214K(465920K)] 1149578K->1036430K(1732096K), 0.0500068 secs] [Times: user=0.22 sys=0.00, real=0.05 secs] 
3337.667: [GC (Allocation Failure) [PSYoungGen: 417174K->182805K(465920K)] 1269390K->1092222K(1732096K), 0.0431448 secs] [Times: user=0.19 sys=0.00, real=0.04 secs] 
3337.821: [GC (Allocation Failure) [PSYoungGen: 415765K->187093K(465920K)] 1325182K->1152141K(1732096K), 0.0454978 secs] [Times: user=0.21 sys=0.00, real=0.05 secs] 
3340.115: [GC (Allocation Failure) [PSYoungGen: 420053K->96347K(465920K)] 1385101K->1131948K(1732096K), 0.0624686 secs] [Times: user=0.33 sys=0.00, real=0.06 secs] 
3341.369: [GC (Allocation Failure) [PSYoungGen: 329307K->167668K(465920K)] 1364908K->1234137K(1732096K), 0.0662857 secs] [Times: user=0.32 sys=0.00, real=0.07 secs] 
3341.575: [GC (Allocation Failure) [PSYoungGen: 400628K->185558K(465920K)] 1467097K->1304399K(1732096K), 0.0427777 secs] [Times: user=0.20 sys=0.00, real=0.04 secs] 
3341.730: [GC (Allocation Failure) [PSYoungGen: 418518K->182870K(465920K)] 1537359K->1366048K(1732096K), 0.0502116 secs] [Times: user=0.23 sys=0.00, real=0.05 secs] 
3341.781: [Full GC (Ergonomics) [PSYoungGen: 182870K->0K(465920K)] [ParOldGen: 1183177K->319227K(1398272K)] 1366048K->319227K(1864192K), [Metaspace: 60039K->60039K(1105920K)], 0.4796937 secs] [Times: user=2.26 sys=0.00, real=0.48 secs] 
3342.396: [GC (Allocation Failure) [PSYoungGen: 232960K->182996K(465920K)] 552187K->502224K(1864192K), 0.0292889 secs] [Times: user=0.12 sys=0.00, real=0.03 secs] 
3343.354: [GC (GCLocker Initiated GC) [PSYoungGen: 415956K->92298K(465920K)] 735186K->480944K(1864192K), 0.0402647 secs] [Times: user=0.21 sys=0.00, real=0.04 secs] 
3343.620: [GC (Allocation Failure) [PSYoungGen: 325258K->183190K(465920K)] 714199K->601191K(1864192K), 0.0517688 secs] [Times: user=0.23 sys=0.00, real=0.05 secs] 
3343.820: [GC (Allocation Failure) [PSYoungGen: 416150K->182325K(465920K)] 834151K->657830K(1864192K), 0.0432467 secs] [Times: user=0.19 sys=0.00, real=0.04 secs] 
3344.014: [GC (Allocation Failure) [PSYoungGen: 415285K->187189K(465920K)] 890790K->718078K(1864192K), 0.0594028 secs] [Times: user=0.29 sys=0.00, real=0.06 secs] 
3345.118: [GC (Allocation Failure) [PSYoungGen: 420149K->100268K(465920K)] 951038K->701685K(1864192K), 0.0456691 secs] [Times: user=0.21 sys=0.00, real=0.04 secs] 
3345.742: [GC (Allocation Failure) [PSYoungGen: 333228K->168532K(465920K)] 934645K->802638K(1864192K), 0.0651193 secs] [Times: user=0.31 sys=0.00, real=0.07 secs] 
3345.954: [GC (Allocation Failure) [PSYoungGen: 401401K->185046K(465920K)] 1035507K->872096K(1864192K), 0.0424274 secs] [Times: user=0.19 sys=0.00, real=0.05 secs] 
3346.111: [GC (Allocation Failure) [PSYoungGen: 418006K->185911K(465920K)] 1105056K->937233K(1864192K), 0.0501193 secs] [Times: user=0.23 sys=0.00, real=0.05 secs] 
3347.618: [GC (Allocation Failure) [PSYoungGen: 418871K->214452K(465920K)] 1170193K->1024670K(1864192K), 0.0791674 secs] [Times: user=0.40 sys=0.00, real=0.08 secs] 
3349.544: [GC (GCLocker Initiated GC) [PSYoungGen: 447412K->90410K(465920K)] 1257634K->969448K(1864192K), 0.1022684 secs] [Times: user=0.55 sys=0.00, real=0.11 secs] 
3349.881: [GC (GCLocker Initiated GC) [PSYoungGen: 323370K->177813K(465920K)] 1202415K->1085994K(1864192K), 0.0341822 secs] [Times: user=0.13 sys=0.00, real=0.03 secs] 
3350.026: [GC (Allocation Failure) [PSYoungGen: 410773K->193366K(465920K)] 1318992K->1156913K(1864192K), 0.0436116 secs] [Times: user=0.19 sys=0.00, real=0.04 secs] 
3350.179: [GC (Allocation Failure) [PSYoungGen: 426326K->187573K(465920K)] 1389873K->1207312K(1864192K), 0.0458482 secs] [Times: user=0.22 sys=0.00, real=0.04 secs] 
3351.935: [GC (Allocation Failure) [PSYoungGen: 420533K->104060K(465920K)] 1440272K->1194367K(1864192K), 0.0457044 secs] [Times: user=0.23 sys=0.00, real=0.04 secs] 
3352.140: [GC (GCLocker Initiated GC) [PSYoungGen: 337020K->165203K(465920K)] 1427328K->1289863K(1864192K), 0.0530543 secs] [Times: user=0.25 sys=0.00, real=0.05 secs] 
3352.304: [GC (Allocation Failure) [PSYoungGen: 398163K->183605K(465920K)] 1522825K->1359747K(1864192K), 0.0440683 secs] [Times: user=0.19 sys=0.00, real=0.05 secs] 
3352.462: [GC (Allocation Failure) [PSYoungGen: 416565K->185687K(465920K)] 1592707K->1426120K(1864192K), 0.0521632 secs] [Times: user=0.24 sys=0.00, real=0.05 secs] 
3352.690: [GC (Allocation Failure) [PSYoungGen: 418647K->219861K(465920K)] 1659080K->1519303K(1864192K), 0.0625873 secs] [Times: user=0.30 sys=0.00, real=0.06 secs] 
3353.922: [GC (Allocation Failure) [PSYoungGen: 452821K->88586K(465920K)] 1752263K->1458332K(1864192K), 0.0902805 secs] [Times: user=0.45 sys=0.05, real=0.09 secs] 
3354.012: [Full GC (Ergonomics) [PSYoungGen: 88586K->0K(465920K)] [ParOldGen: 1369745K->106178K(1336832K)] 1458332K->106178K(1802752K), [Metaspace: 60042K->60042K(1105920K)], 0.1500266 secs] [Times: user=0.63 sys=0.00, real=0.15 secs] 
3354.789: [GC (Allocation Failure) [PSYoungGen: 232960K->179861K(465920K)] 339138K->286040K(1802752K), 0.0316873 secs] [Times: user=0.11 sys=0.00, real=0.03 secs] 
3354.946: [GC (Allocation Failure) [PSYoungGen: 412821K->185494K(465920K)] 519000K->348124K(1802752K), 0.0415208 secs] [Times: user=0.18 sys=0.00, real=0.04 secs] 
3355.133: [GC (Allocation Failure) [PSYoungGen: 418454K->203893K(465920K)] 581084K->422628K(1802752K), 0.0708721 secs] [Times: user=0.35 sys=0.00, real=0.07 secs] 
3356.220: [GC (Allocation Failure) [PSYoungGen: 436853K->101836K(465920K)] 655588K->391315K(1802752K), 0.0479970 secs] [Times: user=0.25 sys=0.00, real=0.05 secs] 
3357.887: [GC (Allocation Failure) [PSYoungGen: 334796K->165908K(465920K)] 624275K->487887K(1802752K), 0.0687613 secs] [Times: user=0.33 sys=0.00, real=0.07 secs] 
3358.105: [GC (Allocation Failure) [PSYoungGen: 398868K->185334K(465920K)] 720847K->559277K(1802752K), 0.0421982 secs] [Times: user=0.19 sys=0.00, real=0.04 secs] 
3358.259: [GC (Allocation Failure) [PSYoungGen: 418225K->186103K(465920K)] 792169K->624310K(1802752K), 0.0499637 secs] [Times: user=0.24 sys=0.00, real=0.05 secs] 
3358.415: [GC (Allocation Failure) [PSYoungGen: 419063K->182932K(465920K)] 857270K->680324K(1802752K), 0.0537414 secs] [Times: user=0.25 sys=0.00, real=0.05 secs] 
3359.517: [GC (GCLocker Initiated GC) [PSYoungGen: 415892K->89050K(465920K)] 913284K->655506K(1802752K), 0.0604263 secs] [Times: user=0.32 sys=0.00, real=0.06 secs] 
3359.739: [GC (Allocation Failure) [PSYoungGen: 322010K->183158K(465920K)] 888633K->778321K(1802752K), 0.0348487 secs] [Times: user=0.15 sys=0.00, real=0.03 secs] 
3359.917: [GC (Allocation Failure) [PSYoungGen: 416118K->185110K(465920K)] 1011281K->837373K(1802752K), 0.0497287 secs] [Times: user=0.23 sys=0.00, real=0.05 secs] 
3360.098: [GC (Allocation Failure) [PSYoungGen: 418070K->183956K(465920K)] 1070333K->892332K(1802752K), 0.0460944 secs] [Times: user=0.21 sys=0.01, real=0.04 secs] 
3361.119: [GC (Allocation Failure) [PSYoungGen: 416916K->103804K(465920K)] 1125292K->881700K(1802752K), 0.0461513 secs] [Times: user=0.24 sys=0.00, real=0.05 secs] 
3361.500: [GC (Allocation Failure) [PSYoungGen: 336764K->171188K(465920K)] 1114660K->982969K(1802752K), 0.0898812 secs] [Times: user=0.45 sys=0.00, real=0.09 secs] 
3361.762: [GC (Allocation Failure) [PSYoungGen: 404148K->182293K(465920K)] 1215929K->1047554K(1802752K), 0.0444108 secs] [Times: user=0.21 sys=0.00, real=0.05 secs] 
3361.922: [GC (Allocation Failure) [PSYoungGen: 415253K->185815K(465920K)] 1280514K->1114756K(1802752K), 0.0520338 secs] [Times: user=0.25 sys=0.00, real=0.05 secs] 
3362.980: [GC (Allocation Failure) [PSYoungGen: 418775K->183444K(465920K)] 1347716K->1171473K(1802752K), 0.1018456 secs] [Times: user=0.53 sys=0.00, real=0.10 secs] 
3365.289: [GC (Allocation Failure) [PSYoungGen: 416404K->88394K(465920K)] 1404433K->1145527K(1802752K), 0.1105542 secs] [Times: user=0.61 sys=0.00, real=0.11 secs] 
3365.647: [GC (Allocation Failure) [PSYoungGen: 321354K->180694K(465920K)] 1378487K->1266371K(1802752K), 0.0361698 secs] [Times: user=0.15 sys=0.00, real=0.03 secs] 
3365.821: [GC (Allocation Failure) [PSYoungGen: 413654K->181685K(465920K)] 1499331K->1322995K(1802752K), 0.0619113 secs] [Times: user=0.29 sys=0.01, real=0.06 secs] 
3366.026: [GC (Allocation Failure) [PSYoungGen: 414645K->186997K(465920K)] 1555955K->1383355K(1802752K), 0.0469269 secs] [Times: user=0.21 sys=0.00, real=0.04 secs] 
3367.064: [GC (Allocation Failure) [PSYoungGen: 419957K->105900K(465920K)] 1616315K->1372714K(1802752K), 0.0467802 secs] [Times: user=0.23 sys=0.01, real=0.05 secs] 
3367.110: [Full GC (Ergonomics) [PSYoungGen: 105900K->0K(465920K)] [ParOldGen: 1266813K->93917K(1346560K)] 1372714K->93917K(1812480K), [Metaspace: 60043K->60043K(1105920K)], 0.0365749 secs] [Times: user=0.11 sys=0.00, real=0.04 secs] 
3367.347: [GC (Allocation Failure) [PSYoungGen: 232960K->170036K(465920K)] 326877K->263953K(1812480K), 0.0318644 secs] [Times: user=0.12 sys=0.00, real=0.03 secs] 
3367.542: [GC (Allocation Failure) [PSYoungGen: 402996K->184950K(465920K)] 496913K->331995K(1812480K), 0.0422925 secs] [Times: user=0.19 sys=0.00, real=0.04 secs] 
3367.722: [GC (Allocation Failure) [PSYoungGen: 417910K->185911K(465920K)] 564955K->397388K(1812480K), 0.0556783 secs] [Times: user=0.26 sys=0.00, real=0.06 secs] 
3368.116: [GC (Allocation Failure) [PSYoungGen: 418871K->178740K(465920K)] 630348K->449185K(1812480K), 0.0720753 secs] [Times: user=0.35 sys=0.01, real=0.07 secs] 
3369.459: [GC (Allocation Failure) [PSYoungGen: 411700K->93035K(465920K)] 682145K->431216K(1812480K), 0.0755528 secs] [Times: user=0.41 sys=0.00, real=0.07 secs] 
3369.961: [GC (Allocation Failure) [PSYoungGen: 325995K->181110K(465920K)] 664176K->549692K(1812480K), 0.0438556 secs] [Times: user=0.19 sys=0.00, real=0.04 secs] 
3370.122: [GC (Allocation Failure) [PSYoungGen: 414070K->185366K(465920K)] 782652K->610436K(1812480K), 0.0450014 secs] [Times: user=0.20 sys=0.00, real=0.05 secs] 
3370.577: [GC (Allocation Failure) [PSYoungGen: 418326K->183860K(465920K)] 843396K->665099K(1812480K), 0.1298737 secs] [Times: user=0.67 sys=0.01, real=0.13 secs] 
3372.702: [GC (Allocation Failure) [PSYoungGen: 416820K->100492K(465920K)] 898059K->651018K(1812480K), 0.0523183 secs] [Times: user=0.27 sys=0.00, real=0.05 secs] 
3373.545: [GC (Allocation Failure) [PSYoungGen: 333452K->162483K(465920K)] 883978K->745450K(1812480K), 0.0745764 secs] [Times: user=0.36 sys=0.00, real=0.08 secs] 
3373.824: [GC (Allocation Failure) [PSYoungGen: 395443K->185558K(465920K)] 978410K->819225K(1812480K), 0.0576533 secs] [Times: user=0.27 sys=0.00, real=0.06 secs] 
3373.999: [GC (Allocation Failure) [PSYoungGen: 418518K->186167K(465920K)] 1052185K->884402K(1812480K), 0.0516599 secs] [Times: user=0.24 sys=0.00, real=0.05 secs] 
3374.157: [GC (Allocation Failure) [PSYoungGen: 419127K->187381K(465920K)] 1117362K->944920K(1812480K), 0.0565152 secs] [Times: user=0.28 sys=0.00, real=0.05 secs] 
3375.145: [GC (GCLocker Initiated GC) [PSYoungGen: 420341K->94123K(465920K)] 1177882K->922272K(1812480K), 0.0452711 secs] [Times: user=0.24 sys=0.00, real=0.04 secs] 
3375.398: [GC (Allocation Failure) [PSYoungGen: 327083K->182934K(465920K)] 1155398K->1040990K(1812480K), 0.0535489 secs] [Times: user=0.23 sys=0.00, real=0.05 secs] 
3375.634: [GC (Allocation Failure) [PSYoungGen: 415894K->185430K(465920K)] 1273950K->1100754K(1812480K), 0.0633420 secs] [Times: user=0.30 sys=0.00, real=0.07 secs] 
3375.825: [GC (Allocation Failure) [PSYoungGen: 418390K->187189K(465920K)] 1333714K->1158697K(1812480K), 0.0497559 secs] [Times: user=0.19 sys=0.00, real=0.05 secs] 
3376.816: [GC (Allocation Failure) [PSYoungGen: 420149K->97291K(465920K)] 1391657K->1139344K(1812480K), 0.0455137 secs] [Times: user=0.23 sys=0.00, real=0.04 secs] 
3377.361: [GC (Allocation Failure) [PSYoungGen: 330251K->171348K(465920K)] 1372304K->1244666K(1812480K), 0.0699054 secs] [Times: user=0.35 sys=0.00, real=0.07 secs] 
3377.572: [GC (Allocation Failure) [PSYoungGen: 404308K->185238K(465920K)] 1477626K->1312103K(1812480K), 0.0467316 secs] [Times: user=0.22 sys=0.00, real=0.05 secs] 
3377.732: [GC (Allocation Failure) [PSYoungGen: 418198K->182646K(465920K)] 1545063K->1373952K(1812480K), 0.0530169 secs] [Times: user=0.25 sys=0.00, real=0.05 secs] 
3378.203: [GC (Allocation Failure) [PSYoungGen: 415606K->200148K(465920K)] 1606912K->1449390K(1812480K), 0.0546601 secs] [Times: user=0.27 sys=0.00, real=0.06 secs] 
3381.036: [GC (GCLocker Initiated GC) [PSYoungGen: 433108K->93323K(465920K)] 1682350K->1411316K(1812480K), 0.1024900 secs] [Times: user=0.56 sys=0.00, real=0.10 secs] 
3381.138: [Full GC (Ergonomics) [PSYoungGen: 93323K->0K(465920K)] [ParOldGen: 1317993K->111980K(1388544K)] 1411316K->111980K(1854464K), [Metaspace: 60048K->60048K(1105920K)], 0.1714699 secs] [Times: user=0.76 sys=0.00, real=0.17 secs] 
3381.585: [GC (Allocation Failure) [PSYoungGen: 232960K->177749K(465920K)] 345107K->289897K(1854464K), 0.0250359 secs] [Times: user=0.09 sys=0.00, real=0.02 secs] 
3381.734: [GC (Allocation Failure) [PSYoungGen: 410709K->184054K(465920K)] 522857K->351049K(1854464K), 0.0445129 secs] [Times: user=0.20 sys=0.01, real=0.05 secs] 
3381.907: [GC (Allocation Failure) [PSYoungGen: 417014K->187445K(465920K)] 584009K->410129K(1854464K), 0.0450282 secs] [Times: user=0.21 sys=0.00, real=0.04 secs] 
3382.883: [GC (Allocation Failure) [PSYoungGen: 420405K->100604K(465920K)] 643089K->393912K(1854464K), 0.0446519 secs] [Times: user=0.22 sys=0.00, real=0.05 secs] 
3383.137: [GC (Allocation Failure) [PSYoungGen: 333564K->168276K(465920K)] 626872K->494116K(1854464K), 0.0746905 secs] [Times: user=0.36 sys=0.01, real=0.07 secs] 
3383.399: [GC (Allocation Failure) [PSYoungGen: 401236K->184246K(465920K)] 727076K->562454K(1854464K), 0.0415477 secs] [Times: user=0.19 sys=0.00, real=0.04 secs] 
3383.554: [GC (Allocation Failure) [PSYoungGen: 417206K->186167K(465920K)] 795414K->628583K(1854464K), 0.0492008 secs] [Times: user=0.23 sys=0.00, real=0.05 secs] 
3383.983: [GC (Allocation Failure) [PSYoungGen: 418061K->217524K(465920K)] 860477K->719029K(1854464K), 0.0539891 secs] [Times: user=0.27 sys=0.00, real=0.06 secs] 
3384.740: [GC (Allocation Failure) [PSYoungGen: 450484K->94955K(465920K)] 951989K->665547K(1854464K), 0.0400352 secs] [Times: user=0.20 sys=0.00, real=0.04 secs] 
3385.071: [GC (Allocation Failure) [PSYoungGen: 327915K->180277K(465920K)] 898507K->781067K(1854464K), 0.0343445 secs] [Times: user=0.14 sys=0.00, real=0.04 secs] 
3385.274: [GC (Allocation Failure) [PSYoungGen: 413237K->185206K(465920K)] 1014027K->842527K(1854464K), 0.0653985 secs] [Times: user=0.31 sys=0.00, real=0.07 secs] 
3385.510: [GC (Allocation Failure) [PSYoungGen: 418166K->184148K(465920K)] 1075487K->897758K(1854464K), 0.0619379 secs] [Times: user=0.30 sys=0.00, real=0.06 secs] 
3388.445: [GC (Allocation Failure) [PSYoungGen: 417108K->98604K(465920K)] 1130718K->881645K(1854464K), 0.0470060 secs] [Times: user=0.24 sys=0.00, real=0.04 secs] 
3389.750: [GC (Allocation Failure) [PSYoungGen: 331564K->164531K(465920K)] 1114605K->979354K(1854464K), 0.0696303 secs] [Times: user=0.34 sys=0.00, real=0.07 secs] 
3390.024: [GC (Allocation Failure) [PSYoungGen: 397491K->192406K(465920K)] 1212314K->1058500K(1854464K), 0.0511124 secs] [Times: user=0.24 sys=0.00, real=0.06 secs] 
3390.188: [GC (Allocation Failure) [PSYoungGen: 425366K->185623K(465920K)] 1291460K->1115813K(1854464K), 0.0502078 secs] [Times: user=0.24 sys=0.00, real=0.05 secs] 
3390.516: [GC (Allocation Failure) [PSYoungGen: 418583K->186997K(465920K)] 1348773K->1175987K(1854464K), 0.0555143 secs] [Times: user=0.27 sys=0.00, real=0.05 secs] 
3391.542: [GC (GCLocker Initiated GC) [PSYoungGen: 419957K->85674K(465920K)] 1408947K->1145072K(1854464K), 0.0404760 secs] [Times: user=0.21 sys=0.00, real=0.04 secs] 
3391.759: [GC (GCLocker Initiated GC) [PSYoungGen: 318634K->180566K(465920K)] 1378035K->1267911K(1854464K), 0.0535223 secs] [Times: user=0.23 sys=0.01, real=0.05 secs] 
3391.971: [GC (Allocation Failure) [PSYoungGen: 413526K->184629K(465920K)] 1501037K->1328293K(1854464K), 0.0439945 secs] [Times: user=0.20 sys=0.00, real=0.05 secs] 
3392.122: [GC (Allocation Failure) [PSYoungGen: 417589K->187637K(465920K)] 1561253K->1387589K(1854464K), 0.0460823 secs] [Times: user=0.22 sys=0.00, real=0.05 secs] 
3393.166: [GC (Allocation Failure) [PSYoungGen: 420493K->105244K(465920K)] 1620445K->1375724K(1854464K), 0.0456360 secs] [Times: user=0.23 sys=0.00, real=0.04 secs] 
3394.122: [GC (Allocation Failure) [PSYoungGen: 338204K->167156K(465920K)] 1608684K->1472040K(1854464K), 0.0823258 secs] [Times: user=0.41 sys=0.00, real=0.08 secs] 
3394.205: [Full GC (Ergonomics) [PSYoungGen: 167156K->0K(465920K)] [ParOldGen: 1304884K->189004K(1398272K)] 1472040K->189004K(1864192K), [Metaspace: 60051K->60051K(1105920K)], 0.1986683 secs] [Times: user=0.93 sys=0.00, real=0.19 secs] 
3394.517: [GC (Allocation Failure) [PSYoungGen: 232960K->182165K(465920K)] 421964K->371170K(1864192K), 0.0335666 secs] [Times: user=0.14 sys=0.00, real=0.03 secs] 
3394.666: [GC (Allocation Failure) [PSYoungGen: 415125K->186103K(465920K)] 604130K->446915K(1864192K), 0.0443672 secs] [Times: user=0.20 sys=0.00, real=0.04 secs] 
3395.043: [GC (Allocation Failure) [PSYoungGen: 419063K->187093K(465920K)] 679875K->507065K(1864192K), 0.0773968 secs] [Times: user=0.40 sys=0.00, real=0.08 secs] 
3397.151: [GC (Allocation Failure) [PSYoungGen: 420053K->90058K(465920K)] 740025K->480623K(1864192K), 0.1170052 secs] [Times: user=0.65 sys=0.00, real=0.12 secs] 
3397.526: [GC (Allocation Failure) [PSYoungGen: 323018K->183510K(465920K)] 713583K->602367K(1864192K), 0.0340597 secs] [Times: user=0.14 sys=0.00, real=0.03 secs] 
3397.696: [GC (Allocation Failure) [PSYoungGen: 416470K->185366K(465920K)] 835327K->661055K(1864192K), 0.0486924 secs] [Times: user=0.23 sys=0.00, real=0.05 secs] 
3397.885: [GC (Allocation Failure) [PSYoungGen: 418326K->183732K(465920K)] 894015K->715638K(1864192K), 0.0622890 secs] [Times: user=0.29 sys=0.01, real=0.06 secs] 
3398.915: [GC (Allocation Failure) [PSYoungGen: 416692K->103740K(465920K)] 948598K->704990K(1864192K), 0.0447712 secs] [Times: user=0.23 sys=0.00, real=0.04 secs] 
3399.129: [GC (Allocation Failure) [PSYoungGen: 336700K->167956K(465920K)] 937950K->803082K(1864192K), 0.0650206 secs] [Times: user=0.32 sys=0.00, real=0.06 secs] 
3399.364: [GC (Allocation Failure) [PSYoungGen: 400916K->184534K(465920K)] 1036042K->872084K(1864192K), 0.0425649 secs] [Times: user=0.19 sys=0.00, real=0.05 secs] 
3399.552: [GC (Allocation Failure) [PSYoungGen: 417494K->185879K(465920K)] 1105044K->937857K(1864192K), 0.0572617 secs] [Times: user=0.27 sys=0.00, real=0.06 secs] 
3399.792: [GC (Allocation Failure) [PSYoungGen: 418839K->217524K(465920K)] 1170817K->1028439K(1864192K), 0.0546737 secs] [Times: user=0.26 sys=0.00, real=0.06 secs] 
3400.793: [GC (Allocation Failure) [PSYoungGen: 450484K->91674K(465920K)] 1261399K->972209K(1864192K), 0.0687998 secs] [Times: user=0.36 sys=0.00, real=0.07 secs] 
3401.708: [GC (Allocation Failure) [PSYoungGen: 324634K->176213K(465920K)] 1205169K->1085708K(1864192K), 0.0443317 secs] [Times: user=0.20 sys=0.01, real=0.04 secs] 
3401.873: [GC (Allocation Failure) [PSYoungGen: 409173K->185526K(465920K)] 1318668K->1150421K(1864192K), 0.0455582 secs] [Times: user=0.21 sys=0.00, real=0.05 secs] 
3402.054: [GC (Allocation Failure) [PSYoungGen: 418486K->187349K(465920K)] 1383381K->1208508K(1864192K), 0.0674602 secs] [Times: user=0.33 sys=0.00, real=0.07 secs] 
3403.230: [GC (Allocation Failure) [PSYoungGen: 420309K->103052K(465920K)] 1441468K->1194860K(1864192K), 0.0673047 secs] [Times: user=0.36 sys=0.00, real=0.07 secs] 
3404.941: [GC (Allocation Failure) [PSYoungGen: 336012K->166100K(465920K)] 1427820K->1290968K(1864192K), 0.0779855 secs] [Times: user=0.39 sys=0.00, real=0.08 secs] 
3405.166: [GC (Allocation Failure) [PSYoungGen: 399060K->185302K(465920K)] 1523928K->1362102K(1864192K), 0.0459459 secs] [Times: user=0.21 sys=0.00, real=0.04 secs] 
3405.324: [GC (Allocation Failure) [PSYoungGen: 418262K->186295K(465920K)] 1595062K->1427359K(1864192K), 0.0539042 secs] [Times: user=0.26 sys=0.00, real=0.06 secs] 
3405.516: [GC (Allocation Failure) [PSYoungGen: 419255K->179924K(465920K)] 1660319K->1480220K(1864192K), 0.0577529 secs] [Times: user=0.28 sys=0.00, real=0.05 secs] 
3406.549: [GC (Allocation Failure) [PSYoungGen: 412884K->93979K(465920K)] 1713180K->1462275K(1864192K), 0.0462863 secs] [Times: user=0.22 sys=0.02, real=0.05 secs] 
3406.595: [Full GC (Ergonomics) [PSYoungGen: 93979K->0K(465920K)] [ParOldGen: 1368296K->110542K(1398272K)] 1462275K->110542K(1864192K), [Metaspace: 60051K->60051K(1105920K)], 0.0969077 secs] [Times: user=0.40 sys=0.00, real=0.09 secs] 
3406.903: [GC (Allocation Failure) [PSYoungGen: 232960K->182774K(465920K)] 343502K->293316K(1864192K), 0.0336187 secs] [Times: user=0.12 sys=0.00, real=0.04 secs] 
3407.084: [GC (Allocation Failure) [PSYoungGen: 415734K->185398K(465920K)] 526276K->353076K(1864192K), 0.0417200 secs] [Times: user=0.19 sys=0.00, real=0.05 secs] 
3407.233: [GC (Allocation Failure) [PSYoungGen: 418358K->183540K(465920K)] 586036K->407475K(1864192K), 0.0446824 secs] [Times: user=0.21 sys=0.00, real=0.05 secs] 
3408.286: [GC (Allocation Failure) [PSYoungGen: 416500K->103868K(465920K)] 640435K->397042K(1864192K), 0.0483190 secs] [Times: user=0.21 sys=0.00, real=0.04 secs] 
3408.807: [GC (Allocation Failure) [PSYoungGen: 336828K->168628K(465920K)] 630002K->495811K(1864192K), 0.0711720 secs] [Times: user=0.34 sys=0.00, real=0.07 secs] 
3409.026: [GC (Allocation Failure) [PSYoungGen: 401588K->181781K(465920K)] 728771K->561592K(1864192K), 0.0418933 secs] [Times: user=0.19 sys=0.00, real=0.04 secs] 
3409.212: [GC (Allocation Failure) [PSYoungGen: 414741K->185911K(465920K)] 794552K->629382K(1864192K), 0.0710784 secs] [Times: user=0.35 sys=0.00, real=0.07 secs] 
3409.867: [GC (Allocation Failure) [PSYoungGen: 418871K->201397K(465920K)] 862342K->703868K(1864192K), 0.1027024 secs] [Times: user=0.53 sys=0.00, real=0.10 secs] 
3412.213: [GC (Allocation Failure) [PSYoungGen: 434357K->89994K(465920K)] 936828K->662289K(1864192K), 0.1063908 secs] [Times: user=0.59 sys=0.00, real=0.11 secs] 
3412.587: [GC (Allocation Failure) [PSYoungGen: 322954K->176373K(465920K)] 895249K->777697K(1864192K), 0.0415717 secs] [Times: user=0.18 sys=0.00, real=0.04 secs] 
3412.741: [GC (Allocation Failure) [PSYoungGen: 409333K->185046K(465920K)] 1010657K->840858K(1864192K), 0.0435551 secs] [Times: user=0.20 sys=0.00, real=0.05 secs] 
3412.916: [GC (Allocation Failure) [PSYoungGen: 418006K->187509K(465920K)] 1073818K->899337K(1864192K), 0.0512194 secs] [Times: user=0.25 sys=0.00, real=0.05 secs] 
3413.923: [GC (Allocation Failure) [PSYoungGen: 420469K->103788K(465920K)] 1132297K->886176K(1864192K), 0.0458261 secs] [Times: user=0.24 sys=0.00, real=0.05 secs] 
3414.166: [GC (Allocation Failure) [PSYoungGen: 336748K->171188K(465920K)] 1119136K->987289K(1864192K), 0.0708504 secs] [Times: user=0.35 sys=0.00, real=0.07 secs] 
3414.408: [GC (Allocation Failure) [PSYoungGen: 404148K->178453K(465920K)] 1220249K->1048066K(1864192K), 0.0613745 secs] [Times: user=0.28 sys=0.01, real=0.06 secs] 
3414.591: [GC (Allocation Failure) [PSYoungGen: 411328K->185463K(465920K)] 1280941K->1117436K(1864192K), 0.0511144 secs] [Times: user=0.24 sys=0.00, real=0.05 secs] 
3414.789: [GC (Allocation Failure) [PSYoungGen: 418423K->219701K(465920K)] 1350396K->1210546K(1864192K), 0.0556978 secs] [Times: user=0.28 sys=0.00, real=0.05 secs] 
3415.846: [GC (Allocation Failure) [PSYoungGen: 452661K->98363K(465920K)] 1443506K->1159664K(1864192K), 0.0588330 secs] [Times: user=0.31 sys=0.00, real=0.05 secs] 
3416.358: [GC (Allocation Failure) [PSYoungGen: 331323K->179989K(465920K)] 1392624K->1272603K(1864192K), 0.0494242 secs] [Times: user=0.22 sys=0.00, real=0.05 secs] 
3416.566: [GC (Allocation Failure) [PSYoungGen: 412949K->179125K(465920K)] 1505563K->1327815K(1864192K), 0.0632997 secs] [Times: user=0.31 sys=0.00, real=0.06 secs] 
3416.760: [GC (Allocation Failure) [PSYoungGen: 412085K->187317K(465920K)] 1560775K->1390991K(1864192K), 0.0460203 secs] [Times: user=0.22 sys=0.00, real=0.05 secs] 
3418.060: [GC (Allocation Failure) [PSYoungGen: 420277K->104636K(465920K)] 1623951K->1378854K(1864192K), 0.0747804 secs] [Times: user=0.40 sys=0.00, real=0.07 secs] 
3419.695: [GC (Allocation Failure) [PSYoungGen: 337596K->169300K(465920K)] 1611814K->1477091K(1864192K), 0.0648766 secs] [Times: user=0.31 sys=0.00, real=0.06 secs] 
3419.900: [GC (Allocation Failure) [PSYoungGen: 402260K->184918K(465920K)] 1710051K->1545765K(1864192K), 0.0444338 secs] [Times: user=0.20 sys=0.00, real=0.05 secs] 
3419.945: [Full GC (Ergonomics) [PSYoungGen: 184918K->0K(465920K)] [ParOldGen: 1360847K->259792K(1398272K)] 1545765K->259792K(1864192K), [Metaspace: 60052K->60052K(1105920K)], 0.3285094 secs] [Times: user=1.52 sys=0.00, real=0.32 secs] 
3420.385: [GC (Allocation Failure) [PSYoungGen: 232960K->179926K(465920K)] 492752K->439719K(1864192K), 0.0855513 secs] [Times: user=0.45 sys=0.00, real=0.08 secs] 
3420.646: [GC (Allocation Failure) [PSYoungGen: 412886K->201012K(465920K)] 672679K->517949K(1864192K), 0.0530185 secs] [Times: user=0.25 sys=0.00, real=0.05 secs] 
3421.582: [GC (Allocation Failure) [PSYoungGen: 433972K->97803K(465920K)] 750909K->484196K(1864192K), 0.0404487 secs] [Times: user=0.21 sys=0.00, real=0.04 secs] 
3421.734: [GC (Allocation Failure) [PSYoungGen: 330763K->176789K(465920K)] 717156K->594763K(1864192K), 0.0350632 secs] [Times: user=0.14 sys=0.01, real=0.04 secs] 
3421.886: [GC (Allocation Failure) [PSYoungGen: 409749K->178901K(465920K)] 827723K->651859K(1864192K), 0.0452616 secs] [Times: user=0.20 sys=0.00, real=0.04 secs] 
3422.041: [GC (Allocation Failure) [PSYoungGen: 411861K->186677K(465920K)] 884819K->713835K(1864192K), 0.0487239 secs] [Times: user=0.23 sys=0.00, real=0.05 secs] 
3423.146: [GC (Allocation Failure) [PSYoungGen: 419637K->106445K(465920K)] 946795K->704003K(1864192K), 0.0461784 secs] [Times: user=0.23 sys=0.00, real=0.04 secs] 
3423.366: [GC (GCLocker Initiated GC) [PSYoungGen: 339405K->171124K(465920K)] 936965K->803089K(1864192K), 0.0504243 secs] [Times: user=0.24 sys=0.00, real=0.05 secs] 
3423.553: [GC (Allocation Failure) [PSYoungGen: 404084K->190101K(465920K)] 1036180K->875849K(1864192K), 0.0551551 secs] [Times: user=0.24 sys=0.01, real=0.06 secs] 
3423.731: [GC (Allocation Failure) [PSYoungGen: 423061K->183222K(465920K)] 1108809K->932202K(1864192K), 0.0510234 secs] [Times: user=0.21 sys=0.00, real=0.05 secs] 
3423.894: [GC (Allocation Failure) [PSYoungGen: 416182K->184757K(465920K)] 1165162K->991905K(1864192K), 0.0551138 secs] [Times: user=0.26 sys=0.00, real=0.06 secs] 
3426.339: [GC (Allocation Failure) [PSYoungGen: 417717K->88682K(465920K)] 1224865K->965550K(1864192K), 0.1228738 secs] [Times: user=0.68 sys=0.00, real=0.12 secs] 
3426.865: [GC (Allocation Failure) [PSYoungGen: 321642K->183926K(465920K)] 1198510K->1089875K(1864192K), 0.0379233 secs] [Times: user=0.16 sys=0.00, real=0.04 secs] 
3427.041: [GC (Allocation Failure) [PSYoungGen: 416886K->185494K(465920K)] 1322835K->1148163K(1864192K), 0.0606363 secs] [Times: user=0.29 sys=0.00, real=0.06 secs] 
3427.236: [GC (Allocation Failure) [PSYoungGen: 418454K->184020K(465920K)] 1381123K->1203041K(1864192K), 0.0473473 secs] [Times: user=0.23 sys=0.00, real=0.04 secs] 
3428.312: [GC (Allocation Failure) [PSYoungGen: 416980K->102380K(465920K)] 1436001K->1190793K(1864192K), 0.0513606 secs] [Times: user=0.27 sys=0.00, real=0.05 secs] 
3428.569: [GC (Allocation Failure) [PSYoungGen: 335340K->169524K(465920K)] 1423753K->1291144K(1864192K), 0.0639840 secs] [Times: user=0.31 sys=0.01, real=0.06 secs] 
3428.817: [GC (Allocation Failure) [PSYoungGen: 402484K->179381K(465920K)] 1524104K->1353937K(1864192K), 0.0634374 secs] [Times: user=0.30 sys=0.01, real=0.06 secs] 
3429.004: [GC (Allocation Failure) [PSYoungGen: 412341K->185847K(465920K)] 1586897K->1422915K(1864192K), 0.0522065 secs] [Times: user=0.24 sys=0.00, real=0.06 secs] 
3429.414: [GC (Allocation Failure) [PSYoungGen: 417863K->218965K(465920K)] 1654932K->1514897K(1864192K), 0.0613045 secs] [Times: user=0.31 sys=0.01, real=0.07 secs] 
3430.790: [GC (GCLocker Initiated GC) [PSYoungGen: 451925K->84730K(465920K)] 1747858K->1450767K(1864192K), 0.0972160 secs] [Times: user=0.53 sys=0.01, real=0.10 secs] 
3430.887: [Full GC (Ergonomics) [PSYoungGen: 84730K->0K(465920K)] [ParOldGen: 1366037K->102381K(1398272K)] 1450767K->102381K(1864192K), [Metaspace: 60054K->60054K(1105920K)], 0.1538195 secs] [Times: user=0.66 sys=0.00, real=0.15 secs] 
3431.424: [GC (Allocation Failure) [PSYoungGen: 232960K->180661K(465920K)] 335508K->283210K(1864192K), 0.0280884 secs] [Times: user=0.10 sys=0.00, real=0.03 secs] 
3431.633: [GC (Allocation Failure) [PSYoungGen: 413621K->185270K(465920K)] 516170K->344262K(1864192K), 0.0639491 secs] [Times: user=0.30 sys=0.00, real=0.07 secs] 
3431.878: [GC (Allocation Failure) [PSYoungGen: 418230K->186933K(465920K)] 577222K->402029K(1864192K), 0.0555617 secs] [Times: user=0.27 sys=0.00, real=0.05 secs] 
3433.573: [GC (Allocation Failure) [PSYoungGen: 419893K->104604K(465920K)] 634989K->389988K(1864192K), 0.0735275 secs] [Times: user=0.39 sys=0.00, real=0.08 secs] 
3435.037: [GC (Allocation Failure) [PSYoungGen: 337564K->163187K(465920K)] 622948K->482804K(1864192K), 0.0671303 secs] [Times: user=0.33 sys=0.00, real=0.06 secs] 
3435.309: [GC (Allocation Failure) [PSYoungGen: 396147K->184662K(465920K)] 715764K->555027K(1864192K), 0.0550418 secs] [Times: user=0.26 sys=0.00, real=0.05 secs] 
3435.481: [GC (Allocation Failure) [PSYoungGen: 417622K->185751K(465920K)] 787987K->620108K(1864192K), 0.0497407 secs] [Times: user=0.23 sys=0.00, real=0.05 secs] 
3435.637: [GC (Allocation Failure) [PSYoungGen: 418711K->187573K(465920K)] 853068K->680906K(1864192K), 0.0547126 secs] [Times: user=0.26 sys=0.00, real=0.05 secs] 
3436.635: [GC (Allocation Failure) [PSYoungGen: 420533K->86618K(465920K)] 913866K->650599K(1864192K), 0.0438149 secs] [Times: user=0.23 sys=0.00, real=0.04 secs] 
3436.882: [GC (Allocation Failure) [PSYoungGen: 319578K->181526K(465920K)] 883559K->772908K(1864192K), 0.0467160 secs] [Times: user=0.21 sys=0.00, real=0.05 secs] 
3437.081: [GC (Allocation Failure) [PSYoungGen: 414486K->185046K(465920K)] 1005868K->833060K(1864192K), 0.0440444 secs] [Times: user=0.20 sys=0.00, real=0.05 secs] 
3437.232: [GC (Allocation Failure) [PSYoungGen: 418006K->187381K(465920K)] 1066020K->891731K(1864192K), 0.0459893 secs] [Times: user=0.22 sys=0.00, real=0.05 secs] 
3438.283: [GC (Allocation Failure) [PSYoungGen: 420341K->101532K(465920K)] 1124691K->876426K(1864192K), 0.0448047 secs] [Times: user=0.23 sys=0.00, real=0.05 secs] 
3438.704: [GC (Allocation Failure) [PSYoungGen: 334492K->167572K(465920K)] 1109386K->975531K(1864192K), 0.0690530 secs] [Times: user=0.34 sys=0.00, real=0.07 secs] 
3438.917: [GC (Allocation Failure) [PSYoungGen: 400532K->185078K(465920K)] 1208491K->1045597K(1864192K), 0.0427540 secs] [Times: user=0.19 sys=0.00, real=0.04 secs] 
3439.075: [GC (Allocation Failure) [PSYoungGen: 418038K->186007K(465920K)] 1278557K->1110918K(1864192K), 0.0503250 secs] [Times: user=0.24 sys=0.00, real=0.05 secs] 
3440.097: [GC (Allocation Failure) [PSYoungGen: 418967K->182996K(465920K)] 1343878K->1166956K(1864192K), 0.1055978 secs] [Times: user=0.56 sys=0.00, real=0.10 secs] 
3442.548: [GC (GCLocker Initiated GC) [PSYoungGen: 415956K->87114K(465920K)] 1399916K->1140313K(1864192K), 0.1089055 secs] [Times: user=0.60 sys=0.00, real=0.11 secs] 
3442.942: [GC (Allocation Failure) [PSYoungGen: 320074K->183510K(465920K)] 1373440K->1265013K(1864192K), 0.0388328 secs] [Times: user=0.16 sys=0.00, real=0.04 secs] 
3443.091: [GC (Allocation Failure) [PSYoungGen: 416470K->185046K(465920K)] 1497973K->1323173K(1864192K), 0.0454127 secs] [Times: user=0.20 sys=0.00, real=0.05 secs] 
3443.271: [GC (Allocation Failure) [PSYoungGen: 418006K->187221K(465920K)] 1556133K->1381538K(1864192K), 0.0657861 secs] [Times: user=0.32 sys=0.00, real=0.07 secs] 
3444.387: [GC (Allocation Failure) [PSYoungGen: 420181K->99068K(465920K)] 1614498K->1364113K(1864192K), 0.0457518 secs] [Times: user=0.24 sys=0.00, real=0.04 secs] 
3444.706: [GC (Allocation Failure) [PSYoungGen: 332028K->169332K(465920K)] 1597073K->1466718K(1864192K), 0.0934289 secs] [Times: user=0.47 sys=0.00, real=0.09 secs] 
3445.002: [GC (Allocation Failure) [PSYoungGen: 402292K->185110K(465920K)] 1699678K->1535496K(1864192K), 0.0531415 secs] [Times: user=0.25 sys=0.00, real=0.06 secs] 
3445.055: [Full GC (Ergonomics) [PSYoungGen: 185110K->0K(465920K)] [ParOldGen: 1350385K->258031K(1398272K)] 1535496K->258031K(1864192K), [Metaspace: 60084K->60084K(1105920K)], 0.3256687 secs] [Times: user=1.51 sys=0.00, real=0.32 secs] 
3445.495: [GC (Allocation Failure) [PSYoungGen: 232960K->186039K(465920K)] 490991K->444070K(1864192K), 0.0897261 secs] [Times: user=0.47 sys=0.00, real=0.09 secs] 
3445.715: [GC (Allocation Failure) [PSYoungGen: 418999K->217461K(465920K)] 677030K->534596K(1864192K), 0.0548700 secs] [Times: user=0.27 sys=0.00, real=0.05 secs] 
3447.033: [GC (Allocation Failure) [PSYoungGen: 450421K->86826K(465920K)] 767556K->473658K(1864192K), 0.0895942 secs] [Times: user=0.48 sys=0.01, real=0.09 secs] 
3447.523: [GC (Allocation Failure) [PSYoungGen: 319786K->180533K(465920K)] 706618K->594818K(1864192K), 0.0367367 secs] [Times: user=0.15 sys=0.00, real=0.04 secs] 
3447.672: [GC (Allocation Failure) [PSYoungGen: 413493K->185462K(465920K)] 827778K->656346K(1864192K), 0.0436865 secs] [Times: user=0.20 sys=0.00, real=0.05 secs] 
3447.828: [GC (Allocation Failure) [PSYoungGen: 418422K->187221K(465920K)] 889306K->714402K(1864192K), 0.0472993 secs] [Times: user=0.20 sys=0.00, real=0.05 secs] 
3449.351: [GC (Allocation Failure) [PSYoungGen: 420181K->103020K(465920K)] 947362K->700761K(1864192K), 0.1287960 secs] [Times: user=0.72 sys=0.00, real=0.13 secs] 
3451.008: [GC (Allocation Failure) [PSYoungGen: 335980K->163507K(465920K)] 933721K->794661K(1864192K), 0.0910334 secs] [Times: user=0.46 sys=0.01, real=0.09 secs] 
3451.312: [GC (Allocation Failure) [PSYoungGen: 396467K->184918K(465920K)] 1027621K->867131K(1864192K), 0.0487086 secs] [Times: user=0.22 sys=0.00, real=0.05 secs] 
3451.474: [GC (Allocation Failure) [PSYoungGen: 417878K->186135K(465920K)] 1100091K->932565K(1864192K), 0.0501927 secs] [Times: user=0.23 sys=0.00, real=0.05 secs] 
3451.632: [GC (Allocation Failure) [PSYoungGen: 419095K->187285K(465920K)] 1165525K->992883K(1864192K), 0.0559262 secs] [Times: user=0.27 sys=0.00, real=0.06 secs] 
3452.659: [GC (Allocation Failure) [PSYoungGen: 420245K->86346K(465920K)] 1225843K->962424K(1864192K), 0.0429401 secs] [Times: user=0.22 sys=0.00, real=0.04 secs] 
3452.951: [GC (Allocation Failure) [PSYoungGen: 319306K->182710K(465920K)] 1195384K->1086000K(1864192K), 0.0480950 secs] [Times: user=0.21 sys=0.00, real=0.05 secs] 
3453.166: [GC (Allocation Failure) [PSYoungGen: 415670K->185334K(465920K)] 1318960K->1146028K(1864192K), 0.0585344 secs] [Times: user=0.28 sys=0.00, real=0.05 secs] 
3453.341: [GC (Allocation Failure) [PSYoungGen: 418294K->187285K(465920K)] 1378988K->1204060K(1864192K), 0.0460533 secs] [Times: user=0.22 sys=0.00, real=0.05 secs] 
3454.391: [GC (Allocation Failure) [PSYoungGen: 420245K->101436K(465920K)] 1437020K->1188703K(1864192K), 0.0500179 secs] [Times: user=0.26 sys=0.00, real=0.05 secs] 
3455.587: [GC (Allocation Failure) [PSYoungGen: 334396K->163859K(465920K)] 1421663K->1284007K(1864192K), 0.0667345 secs] [Times: user=0.33 sys=0.00, real=0.06 secs] 
3455.788: [GC (Allocation Failure) [PSYoungGen: 396819K->185110K(465920K)] 1516967K->1356657K(1864192K), 0.0430431 secs] [Times: user=0.19 sys=0.00, real=0.04 secs] 
3455.973: [GC (Allocation Failure) [PSYoungGen: 418070K->186263K(465920K)] 1589617K->1430303K(1864192K), 0.0630839 secs] [Times: user=0.31 sys=0.00, real=0.07 secs] 
3456.871: [GC (Allocation Failure) [PSYoungGen: 419223K->185973K(465920K)] 1663263K->1489197K(1864192K), 0.1083587 secs] [Times: user=0.55 sys=0.00, real=0.11 secs] 
3458.865: [GC (Allocation Failure) [PSYoungGen: 418933K->85242K(465920K)] 1722157K->1458473K(1864192K), 0.0949866 secs] [Times: user=0.52 sys=0.00, real=0.10 secs] 
3458.960: [Full GC (Ergonomics) [PSYoungGen: 85242K->0K(465920K)] [ParOldGen: 1373231K->102753K(1398272K)] 1458473K->102753K(1864192K), [Metaspace: 60085K->60085K(1105920K)], 0.1574422 secs] [Times: user=0.67 sys=0.00, real=0.16 secs] 
3459.261: [GC (Allocation Failure) [PSYoungGen: 232960K->183702K(465920K)] 335713K->286455K(1864192K), 0.0260461 secs] [Times: user=0.09 sys=0.00, real=0.03 secs] 
3459.425: [GC (Allocation Failure) [PSYoungGen: 416662K->185366K(465920K)] 519415K->345223K(1864192K), 0.0537557 secs] [Times: user=0.25 sys=0.00, real=0.05 secs] 
3459.591: [GC (Allocation Failure) [PSYoungGen: 418326K->187349K(465920K)] 578183K->403334K(1864192K), 0.0450212 secs] [Times: user=0.21 sys=0.00, real=0.05 secs] 
3460.568: [GC (Allocation Failure) [PSYoungGen: 420309K->99052K(465920K)] 636294K->385665K(1864192K), 0.0444677 secs] [Times: user=0.23 sys=0.00, real=0.04 secs] 
3460.792: [GC (Allocation Failure) [PSYoungGen: 332012K->167796K(465920K)] 618625K->487186K(1864192K), 0.0762938 secs] [Times: user=0.38 sys=0.00, real=0.08 secs] 
3461.039: [GC (Allocation Failure) [PSYoungGen: 400756K->184373K(465920K)] 720146K->556051K(1864192K), 0.0422355 secs] [Times: user=0.19 sys=0.00, real=0.04 secs] 
3461.216: [GC (Allocation Failure) [PSYoungGen: 417333K->186231K(465920K)] 789011K->622717K(1864192K), 0.0550704 secs] [Times: user=0.26 sys=0.00, real=0.05 secs] 
3461.401: [GC (Allocation Failure) [PSYoungGen: 419191K->220053K(465920K)] 855677K->715727K(1864192K), 0.0560139 secs] [Times: user=0.27 sys=0.00, real=0.06 secs] 
3463.509: [GC (Allocation Failure) [PSYoungGen: 453013K->84682K(465920K)] 948687K->650915K(1864192K), 0.1155383 secs] [Times: user=0.64 sys=0.00, real=0.12 secs] 
3464.248: [GC (Allocation Failure) [PSYoungGen: 317642K->180758K(465920K)] 883875K->774148K(1864192K), 0.0433330 secs] [Times: user=0.19 sys=0.00, real=0.04 secs] 
3464.413: [GC (Allocation Failure) [PSYoungGen: 413718K->185526K(465920K)] 1007108K->835505K(1864192K), 0.0434647 secs] [Times: user=0.20 sys=0.00, real=0.05 secs] 
3464.602: [GC (Allocation Failure) [PSYoungGen: 418486K->187605K(465920K)] 1068465K->893928K(1864192K), 0.0678163 secs] [Times: user=0.33 sys=0.00, real=0.07 secs] 
3465.670: [GC (Allocation Failure) [PSYoungGen: 420565K->102268K(465920K)] 1126888K->879283K(1864192K), 0.0453569 secs] [Times: user=0.23 sys=0.00, real=0.05 secs] 
3466.307: [GC (Allocation Failure) [PSYoungGen: 335228K->169012K(465920K)] 1112243K->979460K(1864192K), 0.0784495 secs] [Times: user=0.39 sys=0.00, real=0.08 secs] 
3466.587: [GC (Allocation Failure) [PSYoungGen: 401972K->185014K(465920K)] 1212420K->1048306K(1864192K), 0.0511395 secs] [Times: user=0.24 sys=0.00, real=0.05 secs] 
3466.760: [GC (Allocation Failure) [PSYoungGen: 417974K->182230K(465920K)] 1281266K->1109838K(1864192K), 0.0662337 secs] [Times: user=0.33 sys=0.00, real=0.07 secs] 
3466.964: [GC (Allocation Failure) [PSYoungGen: 415190K->186933K(465920K)] 1342798K->1172293K(1864192K), 0.0633504 secs] [Times: user=0.31 sys=0.01, real=0.07 secs] 
3467.948: [GC (Allocation Failure) [PSYoungGen: 419893K->90874K(465920K)] 1405253K->1146630K(1864192K), 0.0419995 secs] [Times: user=0.21 sys=0.01, real=0.04 secs] 
3468.278: [GC (Allocation Failure) [PSYoungGen: 323834K->182518K(465920K)] 1379590K->1266679K(1864192K), 0.0549877 secs] [Times: user=0.22 sys=0.00, real=0.05 secs] 
3468.473: [GC (Allocation Failure) [PSYoungGen: 415478K->181845K(465920K)] 1499639K->1323530K(1864192K), 0.0462674 secs] [Times: user=0.21 sys=0.00, real=0.05 secs] 
3468.629: [GC (Allocation Failure) [PSYoungGen: 414805K->187061K(465920K)] 1556490K->1383746K(1864192K), 0.0472241 secs] [Times: user=0.22 sys=0.00, real=0.05 secs] 
3469.690: [GC (Allocation Failure) [PSYoungGen: 420021K->103948K(465920K)] 1616706K->1371005K(1864192K), 0.0466944 secs] [Times: user=0.24 sys=0.00, real=0.05 secs] 
3470.766: [GC (Allocation Failure) [PSYoungGen: 336908K->168532K(465920K)] 1603965K->1469254K(1864192K), 0.0821735 secs] [Times: user=0.41 sys=0.00, real=0.08 secs] 
3470.994: [GC (Allocation Failure) [PSYoungGen: 401492K->185142K(465920K)] 1702214K->1538900K(1864192K), 0.0445220 secs] [Times: user=0.20 sys=0.00, real=0.05 secs] 
3471.039: [Full GC (Ergonomics) [PSYoungGen: 185142K->0K(465920K)] [ParOldGen: 1353758K->259668K(1398272K)] 1538900K->259668K(1864192K), [Metaspace: 60091K->60091K(1105920K)], 0.3189606 secs] [Times: user=1.47 sys=0.00, real=0.32 secs] 
3471.471: [GC (Allocation Failure) [PSYoungGen: 232960K->182838K(465920K)] 492628K->442507K(1864192K), 0.0817099 secs] [Times: user=0.42 sys=0.00, real=0.08 secs] 
3471.783: [GC (Allocation Failure) [PSYoungGen: 415045K->218165K(465920K)] 674714K->536193K(1864192K), 0.0540681 secs] [Times: user=0.27 sys=0.00, real=0.06 secs] 
3473.822: [GC (Allocation Failure) [PSYoungGen: 451125K->89994K(465920K)] 769153K->477655K(1864192K), 0.0952433 secs] [Times: user=0.51 sys=0.01, real=0.10 secs] 
3474.221: [GC (Allocation Failure) [PSYoungGen: 322954K->183094K(465920K)] 710615K->600127K(1864192K), 0.0340227 secs] [Times: user=0.13 sys=0.00, real=0.04 secs] 
3474.366: [GC (Allocation Failure) [PSYoungGen: 416054K->185142K(465920K)] 833087K->658703K(1864192K), 0.0432421 secs] [Times: user=0.19 sys=0.00, real=0.04 secs] 
3474.554: [GC (Allocation Failure) [PSYoungGen: 418102K->187157K(465920K)] 891663K->717078K(1864192K), 0.0575106 secs] [Times: user=0.28 sys=0.00, real=0.06 secs] 
3475.594: [GC (Allocation Failure) [PSYoungGen: 420117K->98700K(465920K)] 950038K->699061K(1864192K), 0.0489946 secs] [Times: user=0.26 sys=0.00, real=0.05 secs] 
3475.855: [GC (Allocation Failure) [PSYoungGen: 331660K->168020K(465920K)] 932021K->800490K(1864192K), 0.0700174 secs] [Times: user=0.34 sys=0.00, real=0.07 secs] 
3476.107: [GC (Allocation Failure) [PSYoungGen: 400980K->183541K(465920K)] 1033450K->868616K(1864192K), 0.0423535 secs] [Times: user=0.19 sys=0.00, real=0.04 secs] 
3476.264: [GC (Allocation Failure) [PSYoungGen: 416501K->185943K(465920K)] 1101576K->934865K(1864192K), 0.0497976 secs] [Times: user=0.24 sys=0.00, real=0.05 secs] 
3476.542: [GC (Allocation Failure) [PSYoungGen: 417314K->217172K(465920K)] 1166237K->1025247K(1864192K), 0.0552725 secs] [Times: user=0.27 sys=0.00, real=0.06 secs] 
3477.542: [GC (Allocation Failure) [PSYoungGen: 450132K->91162K(465920K)] 1258207K->968489K(1864192K), 0.0531706 secs] [Times: user=0.28 sys=0.00, real=0.06 secs] 
3477.774: [GC (Allocation Failure) [PSYoungGen: 324122K->181046K(465920K)] 1201449K->1087880K(1864192K), 0.0345239 secs] [Times: user=0.14 sys=0.00, real=0.04 secs] 
3477.955: [GC (Allocation Failure) [PSYoungGen: 414006K->185174K(465920K)] 1320840K->1148584K(1864192K), 0.0626878 secs] [Times: user=0.30 sys=0.00, real=0.06 secs] 
3478.264: [GC (Allocation Failure) [PSYoungGen: 418134K->184501K(465920K)] 1381544K->1204183K(1864192K), 0.0687907 secs] [Times: user=0.34 sys=0.01, real=0.07 secs] 
3480.399: [GC (Allocation Failure) [PSYoungGen: 417461K->98636K(465920K)] 1437143K->1187966K(1864192K), 0.0485827 secs] [Times: user=0.25 sys=0.00, real=0.05 secs] 
3481.435: [GC (Allocation Failure) [PSYoungGen: 331596K->165203K(465920K)] 1420926K->1286527K(1864192K), 0.0695721 secs] [Times: user=0.33 sys=0.01, real=0.06 secs] 
3481.690: [GC (Allocation Failure) [PSYoungGen: 398163K->184790K(465920K)] 1519487K->1357721K(1864192K), 0.0592971 secs] [Times: user=0.28 sys=0.00, real=0.06 secs] 
3481.921: [GC (Allocation Failure) [PSYoungGen: 417750K->181846K(465920K)] 1590681K->1419102K(1864192K), 0.0709894 secs] [Times: user=0.35 sys=0.00, real=0.07 secs] 
3482.107: [GC (Allocation Failure) [PSYoungGen: 414806K->187477K(465920K)] 1652062K->1482205K(1864192K), 0.0550127 secs] [Times: user=0.26 sys=0.00, real=0.05 secs] 
3483.126: [GC (GCLocker Initiated GC) [PSYoungGen: 420437K->90314K(465920K)] 1715166K->1455963K(1864192K), 0.0554635 secs] [Times: user=0.28 sys=0.01, real=0.05 secs] 
3483.181: [Full GC (Ergonomics) [PSYoungGen: 90314K->0K(465920K)] [ParOldGen: 1365648K->106178K(1398272K)] 1455963K->106178K(1864192K), [Metaspace: 60091K->60091K(1105920K)], 0.1063060 secs] [Times: user=0.46 sys=0.00, real=0.11 secs] 
3483.543: [GC (Allocation Failure) [PSYoungGen: 232960K->186134K(465920K)] 339433K->292607K(1864192K), 0.0293058 secs] [Times: user=0.11 sys=0.00, real=0.03 secs] 
3483.684: [GC (Allocation Failure) [PSYoungGen: 419094K->185302K(465920K)] 525567K->348823K(1864192K), 0.0414124 secs] [Times: user=0.18 sys=0.00, real=0.05 secs] 
3483.876: [GC (Allocation Failure) [PSYoungGen: 418262K->183252K(465920K)] 581783K->402822K(1864192K), 0.0656758 secs] [Times: user=0.32 sys=0.01, real=0.06 secs] 
3484.984: [GC (Allocation Failure) [PSYoungGen: 416212K->105516K(465920K)] 635782K->394530K(1864192K), 0.0451101 secs] [Times: user=0.23 sys=0.01, real=0.05 secs] 
3486.501: [GC (Allocation Failure) [PSYoungGen: 338476K->165171K(465920K)] 627490K->487830K(1864192K), 0.0810432 secs] [Times: user=0.40 sys=0.00, real=0.08 secs] 
3486.783: [GC (Allocation Failure) [PSYoungGen: 398131K->182101K(465920K)] 720790K->556383K(1864192K), 0.0514007 secs] [Times: user=0.24 sys=0.01, real=0.05 secs] 
3486.948: [GC (Allocation Failure) [PSYoungGen: 415061K->185975K(465920K)] 789343K->623865K(1864192K), 0.0495287 secs] [Times: user=0.23 sys=0.00, real=0.05 secs] 
3487.132: [GC (Allocation Failure) [PSYoungGen: 418935K->187253K(465920K)] 856825K->684207K(1864192K), 0.0745790 secs] [Times: user=0.38 sys=0.00, real=0.08 secs] 
3489.173: [GC (Allocation Failure) [PSYoungGen: 420213K->93259K(465920K)] 917167K->660789K(1864192K), 0.1163917 secs] [Times: user=0.64 sys=0.00, real=0.12 secs] 
3489.719: [GC (Allocation Failure) [PSYoungGen: 326219K->175957K(465920K)] 893749K->773760K(1864192K), 0.0431662 secs] [Times: user=0.19 sys=0.00, real=0.04 secs] 
3489.878: [GC (Allocation Failure) [PSYoungGen: 408917K->184982K(465920K)] 1006720K->837009K(1864192K), 0.0436417 secs] [Times: user=0.20 sys=0.00, real=0.04 secs] 
3490.031: [GC (Allocation Failure) [PSYoungGen: 417942K->187541K(465920K)] 1069969K->895656K(1864192K), 0.0463936 secs] [Times: user=0.22 sys=0.00, real=0.05 secs] 
3491.103: [GC (Allocation Failure) [PSYoungGen: 420501K->101708K(465920K)] 1128616K->880727K(1864192K), 0.0461971 secs] [Times: user=0.24 sys=0.00, real=0.05 secs] 
3491.347: [GC (Allocation Failure) [PSYoungGen: 334668K->167988K(465920K)] 1113687K->980036K(1864192K), 0.0638787 secs] [Times: user=0.31 sys=0.00, real=0.06 secs] 
3491.594: [GC (Allocation Failure) [PSYoungGen: 400948K->184694K(465920K)] 1212996K->1048942K(1864192K), 0.0588892 secs] [Times: user=0.28 sys=0.00, real=0.06 secs] 
3491.814: [GC (Allocation Failure) [PSYoungGen: 417654K->186199K(465920K)] 1281902K->1114759K(1864192K), 0.0566851 secs] [Times: user=0.28 sys=0.00, real=0.06 secs] 
3491.985: [GC (Allocation Failure) [PSYoungGen: 419096K->183828K(465920K)] 1347656K->1171669K(1864192K), 0.0561266 secs] [Times: user=0.27 sys=0.00, real=0.05 secs] 
3493.801: [GC (Allocation Failure) [PSYoungGen: 416788K->86122K(465920K)] 1404629K->1143442K(1864192K), 0.1049287 secs] [Times: user=0.57 sys=0.01, real=0.11 secs] 
3494.509: [GC (Allocation Failure) [PSYoungGen: 319082K->183222K(465920K)] 1376402K->1268663K(1864192K), 0.0421769 secs] [Times: user=0.18 sys=0.00, real=0.04 secs] 
3494.664: [GC (Allocation Failure) [PSYoungGen: 416182K->185526K(465920K)] 1501623K->1328003K(1864192K), 0.0458102 secs] [Times: user=0.21 sys=0.00, real=0.05 secs] 
3494.842: [GC (Allocation Failure) [PSYoungGen: 418486K->187253K(465920K)] 1560963K->1385970K(1864192K), 0.0662824 secs] [Times: user=0.33 sys=0.00, real=0.07 secs] 
3495.928: [GC (Allocation Failure) [PSYoungGen: 420213K->102252K(465920K)] 1618930K->1371401K(1864192K), 0.0483071 secs] [Times: user=0.25 sys=0.00, real=0.05 secs] 
3496.633: [GC (Allocation Failure) [PSYoungGen: 335212K->168916K(465920K)] 1604361K->1470710K(1864192K), 0.0630931 secs] [Times: user=0.31 sys=0.00, real=0.07 secs] 
3496.863: [GC (Allocation Failure) [PSYoungGen: 401876K->181525K(465920K)] 1703670K->1536111K(1864192K), 0.0637760 secs] [Times: user=0.29 sys=0.01, real=0.07 secs] 
3496.926: [Full GC (Ergonomics) [PSYoungGen: 181525K->0K(465920K)] [ParOldGen: 1354586K->254325K(1398272K)] 1536111K->254325K(1864192K), [Metaspace: 60091K->60091K(1105920K)], 0.3292383 secs] [Times: user=1.54 sys=0.00, real=0.33 secs] 
3497.367: [GC (Allocation Failure) [PSYoungGen: 232960K->182614K(465920K)] 487285K->436940K(1864192K), 0.0776631 secs] [Times: user=0.40 sys=0.00, real=0.07 secs] 
3497.552: [GC (Allocation Failure) [PSYoungGen: 415574K->187285K(465920K)] 669900K->499562K(1864192K), 0.0546404 secs] [Times: user=0.26 sys=0.00, real=0.06 secs] 
3498.541: [GC (Allocation Failure) [PSYoungGen: 420245K->94171K(465920K)] 732522K->477176K(1864192K), 0.0529144 secs] [Times: user=0.27 sys=0.00, real=0.05 secs] 
3498.866: [GC (Allocation Failure) [PSYoungGen: 327131K->183158K(465920K)] 710136K->596000K(1864192K), 0.0470484 secs] [Times: user=0.21 sys=0.00, real=0.04 secs] 
3499.037: [GC (Allocation Failure) [PSYoungGen: 416118K->182069K(465920K)] 828960K->652255K(1864192K), 0.0457910 secs] [Times: user=0.19 sys=0.00, real=0.04 secs] 
3499.239: [GC (Allocation Failure) [PSYoungGen: 415029K->183380K(465920K)] 885215K->708567K(1864192K), 0.0627297 secs] [Times: user=0.31 sys=0.01, real=0.06 secs] 
3500.306: [GC (Allocation Failure) [PSYoungGen: 416340K->104652K(465920K)] 941527K->699151K(1864192K), 0.0527669 secs] [Times: user=0.27 sys=0.00, real=0.05 secs] 
3500.972: [GC (Allocation Failure) [PSYoungGen: 337612K->170612K(465920K)] 932111K->798587K(1864192K), 0.0730340 secs] [Times: user=0.35 sys=0.00, real=0.07 secs] 
3501.189: [GC (Allocation Failure) [PSYoungGen: 403572K->182613K(465920K)] 1031547K->863804K(1864192K), 0.0421247 secs] [Times: user=0.19 sys=0.00, real=0.04 secs] 
3501.377: [GC (Allocation Failure) [PSYoungGen: 415573K->186167K(465920K)] 1096764K->931198K(1864192K), 0.0738734 secs] [Times: user=0.37 sys=0.00, real=0.07 secs] 
3501.709: [GC (Allocation Failure) [PSYoungGen: 418899K->217268K(465920K)] 1163930K->1021484K(1864192K), 0.0560374 secs] [Times: user=0.27 sys=0.00, real=0.06 secs] 
3504.465: [GC (Allocation Failure) [PSYoungGen: 450228K->83945K(465920K)] 1254444K->957441K(1864192K), 0.1012072 secs] [Times: user=0.56 sys=0.00, real=0.11 secs] 
3504.913: [GC (Allocation Failure) [PSYoungGen: 316905K->180086K(465920K)] 1190401K->1080606K(1864192K), 0.0397338 secs] [Times: user=0.17 sys=0.00, real=0.04 secs] 
3505.090: [GC (Allocation Failure) [PSYoungGen: 413046K->185686K(465920K)] 1313566K->1141934K(1864192K), 0.0490904 secs] [Times: user=0.22 sys=0.00, real=0.05 secs] 
3505.264: [GC (Allocation Failure) [PSYoungGen: 418646K->187733K(465920K)] 1374894K->1200269K(1864192K), 0.0469080 secs] [Times: user=0.22 sys=0.00, real=0.05 secs] 
3506.273: [GC (Allocation Failure) [PSYoungGen: 420693K->104524K(465920K)] 1433229K->1187813K(1864192K), 0.0480514 secs] [Times: user=0.25 sys=0.00, real=0.05 secs] 
3506.490: [GC (Allocation Failure) [PSYoungGen: 337484K->167700K(465920K)] 1420773K->1285297K(1864192K), 0.0495150 secs] [Times: user=0.23 sys=0.01, real=0.05 secs] 
3506.686: [GC (Allocation Failure) [PSYoungGen: 400660K->184438K(465920K)] 1518257K->1354191K(1864192K), 0.0579219 secs] [Times: user=0.27 sys=0.00, real=0.05 secs] 
3506.865: [GC (Allocation Failure) [PSYoungGen: 417398K->182294K(465920K)] 1587151K->1416412K(1864192K), 0.0517068 secs] [Times: user=0.24 sys=0.00, real=0.06 secs] 
3507.032: [GC (Allocation Failure) [PSYoungGen: 415254K->187125K(465920K)] 1649372K->1479050K(1864192K), 0.0570431 secs] [Times: user=0.28 sys=0.00, real=0.06 secs] 
3508.757: [GC (Allocation Failure) [PSYoungGen: 420085K->89610K(465920K)] 1712010K->1452111K(1864192K), 0.0877819 secs] [Times: user=0.48 sys=0.00, real=0.08 secs] 
3508.845: [Full GC (Ergonomics) [PSYoungGen: 89610K->0K(465920K)] [ParOldGen: 1362501K->106627K(1398272K)] 1452111K->106627K(1864192K), [Metaspace: 60091K->60091K(1105920K)], 0.1646759 secs] [Times: user=0.70 sys=0.00, real=0.16 secs] 
3509.761: [GC (Allocation Failure) [PSYoungGen: 232960K->177749K(465920K)] 339587K->284376K(1864192K), 0.0320696 secs] [Times: user=0.11 sys=0.00, real=0.03 secs] 
3509.920: [GC (Allocation Failure) [PSYoungGen: 410709K->185622K(465920K)] 517336K->347977K(1864192K), 0.0412326 secs] [Times: user=0.18 sys=0.01, real=0.04 secs] 
3510.071: [GC (Allocation Failure) [PSYoungGen: 418582K->187349K(465920K)] 580937K->406168K(1864192K), 0.0453716 secs] [Times: user=0.21 sys=0.00, real=0.05 secs] 
3511.272: [GC (Allocation Failure) [PSYoungGen: 420309K->104044K(465920K)] 639128K->393384K(1864192K), 0.0572206 secs] [Times: user=0.30 sys=0.00, real=0.06 secs] 
3512.112: [GC (Allocation Failure) [PSYoungGen: 337004K->166388K(465920K)] 626344K->489372K(1864192K), 0.0691966 secs] [Times: user=0.33 sys=0.00, real=0.07 secs] 
3512.319: [GC (Allocation Failure) [PSYoungGen: 399348K->185206K(465920K)] 722332K->560178K(1864192K), 0.0421165 secs] [Times: user=0.19 sys=0.00, real=0.04 secs] 
3512.471: [GC (Allocation Failure) [PSYoungGen: 418166K->182934K(465920K)] 793138K->622115K(1864192K), 0.0496626 secs] [Times: user=0.23 sys=0.00, real=0.05 secs] 
3512.627: [GC (Allocation Failure) [PSYoungGen: 415894K->182420K(465920K)] 855075K->679409K(1864192K), 0.0538372 secs] [Times: user=0.26 sys=0.00, real=0.05 secs] 
3513.675: [GC (Allocation Failure) [PSYoungGen: 415380K->94123K(465920K)] 912369K->660071K(1864192K), 0.0408909 secs] [Times: user=0.21 sys=0.01, real=0.04 secs] 
3513.953: [GC (Allocation Failure) [PSYoungGen: 327083K->182550K(465920K)] 893031K->777903K(1864192K), 0.0440882 secs] [Times: user=0.19 sys=0.00, real=0.05 secs] 
3514.136: [GC (Allocation Failure) [PSYoungGen: 415510K->182645K(465920K)] 1010863K->835375K(1864192K), 0.0442471 secs] [Times: user=0.20 sys=0.00, real=0.04 secs] 
3514.290: [GC (Allocation Failure) [PSYoungGen: 415605K->187125K(465920K)] 1068335K->895358K(1864192K), 0.0457022 secs] [Times: user=0.21 sys=0.00, real=0.05 secs] 
3515.288: [GC (Allocation Failure) [PSYoungGen: 420085K->104588K(465920K)] 1128318K->883222K(1864192K), 0.0462276 secs] [Times: user=0.24 sys=0.00, real=0.04 secs] 
3515.798: [GC (Allocation Failure) [PSYoungGen: 337548K->168020K(465920K)] 1116182K->980813K(1864192K), 0.0642351 secs] [Times: user=0.32 sys=0.01, real=0.06 secs] 
3516.049: [GC (Allocation Failure) [PSYoungGen: 400980K->184566K(465920K)] 1213773K->1049983K(1864192K), 0.0597717 secs] [Times: user=0.28 sys=0.00, real=0.06 secs] 
3516.237: [GC (Allocation Failure) [PSYoungGen: 417526K->185751K(465920K)] 1282943K->1115440K(1864192K), 0.0514042 secs] [Times: user=0.24 sys=0.00, real=0.05 secs] 
3517.011: [GC (Allocation Failure) [PSYoungGen: 418711K->215284K(465920K)] 1348400K->1203886K(1864192K), 0.1075453 secs] [Times: user=0.56 sys=0.00, real=0.11 secs] 
3519.665: [GC (Allocation Failure) [PSYoungGen: 448244K->92779K(465920K)] 1436846K->1150196K(1864192K), 0.1079341 secs] [Times: user=0.49 sys=0.00, real=0.10 secs] 
3520.040: [GC (Allocation Failure) [PSYoungGen: 325739K->178197K(465920K)] 1383156K->1265348K(1864192K), 0.0349181 secs] [Times: user=0.14 sys=0.00, real=0.03 secs] 
3520.187: [GC (Allocation Failure) [PSYoungGen: 411157K->184758K(465920K)] 1498308K->1327556K(1864192K), 0.0454258 secs] [Times: user=0.20 sys=0.00, real=0.04 secs] 
3520.393: [GC (Allocation Failure) [PSYoungGen: 417718K->186901K(465920K)] 1560516K->1385635K(1864192K), 0.0715007 secs] [Times: user=0.36 sys=0.00, real=0.07 secs] 
3521.430: [GC (Allocation Failure) [PSYoungGen: 419861K->102540K(465920K)] 1618595K->1371827K(1864192K), 0.0470222 secs] [Times: user=0.24 sys=0.01, real=0.05 secs] 
3521.733: [GC (GCLocker Initiated GC) [PSYoungGen: 335500K->166484K(465920K)] 1604787K->1469395K(1864192K), 0.0898295 secs] [Times: user=0.44 sys=0.00, real=0.09 secs] 
3521.988: [GC (Allocation Failure) [PSYoungGen: 399444K->184790K(465920K)] 1702393K->1539243K(1864192K), 0.0436048 secs] [Times: user=0.20 sys=0.00, real=0.04 secs] 
3522.032: [Full GC (Ergonomics) [PSYoungGen: 184790K->0K(465920K)] [ParOldGen: 1354453K->257120K(1398272K)] 1539243K->257120K(1864192K), [Metaspace: 60092K->60092K(1105920K)], 0.3195763 secs] [Times: user=1.47 sys=0.00, real=0.32 secs] 
3522.464: [GC (GCLocker Initiated GC) [PSYoungGen: 232960K->183894K(465920K)] 490081K->441016K(1864192K), 0.0828914 secs] [Times: user=0.43 sys=0.00, real=0.09 secs] 
3523.033: [GC (Allocation Failure) [PSYoungGen: 416854K->218357K(465920K)] 680121K->540047K(1864192K), 0.0588804 secs] [Times: user=0.29 sys=0.00, real=0.06 secs] 
3524.448: [GC (Allocation Failure) [PSYoungGen: 451317K->92330K(465920K)] 773007K->484077K(1864192K), 0.1135074 secs] [Times: user=0.63 sys=0.01, real=0.11 secs] 
3525.200: [GC (Allocation Failure) [PSYoungGen: 325290K->180565K(465920K)] 717037K->601616K(1864192K), 0.0450556 secs] [Times: user=0.19 sys=0.00, real=0.04 secs] 
3525.423: [GC (Allocation Failure) [PSYoungGen: 413525K->185462K(465920K)] 834576K->662889K(1864192K), 0.0611157 secs] [Times: user=0.28 sys=0.00, real=0.06 secs] 
3525.603: [GC (Allocation Failure) [PSYoungGen: 418422K->187477K(465920K)] 895849K->721200K(1864192K), 0.0455504 secs] [Times: user=0.21 sys=0.00, real=0.05 secs] 
3526.832: [GC (Allocation Failure) [PSYoungGen: 420437K->100524K(465920K)] 954160K->704919K(1864192K), 0.0675660 secs] [Times: user=0.36 sys=0.01, real=0.07 secs] 
3527.672: [GC (Allocation Failure) [PSYoungGen: 333484K->168244K(465920K)] 937879K->804948K(1864192K), 0.0659305 secs] [Times: user=0.32 sys=0.00, real=0.07 secs] 
3527.875: [GC (Allocation Failure) [PSYoungGen: 401204K->182197K(465920K)] 1037908K->871485K(1864192K), 0.0429260 secs] [Times: user=0.19 sys=0.00, real=0.04 secs] 
3528.030: [GC (Allocation Failure) [PSYoungGen: 415157K->181526K(465920K)] 1104445K->934278K(1864192K), 0.0497240 secs] [Times: user=0.23 sys=0.01, real=0.05 secs] 
3528.261: [GC (Allocation Failure) [PSYoungGen: 414486K->186677K(465920K)] 1167238K->996877K(1864192K), 0.0791358 secs] [Times: user=0.41 sys=0.00, real=0.08 secs] 
3529.269: [GC (Allocation Failure) [PSYoungGen: 419637K->97643K(465920K)] 1229837K->978131K(1864192K), 0.0421208 secs] [Times: user=0.21 sys=0.00, real=0.04 secs] 
3529.488: [GC (GCLocker Initiated GC) [PSYoungGen: 330603K->180021K(465920K)] 1211092K->1091363K(1864192K), 0.0457466 secs] [Times: user=0.20 sys=0.00, real=0.04 secs] 
3529.660: [GC (Allocation Failure) [PSYoungGen: 412981K->184790K(465920K)] 1324326K->1152510K(1864192K), 0.0439792 secs] [Times: user=0.20 sys=0.00, real=0.04 secs] 
3529.812: [GC (Allocation Failure) [PSYoungGen: 417750K->183540K(465920K)] 1385470K->1207341K(1864192K), 0.0511436 secs] [Times: user=0.19 sys=0.00, real=0.05 secs] 
3530.848: [GC (Allocation Failure) [PSYoungGen: 416500K->102764K(465920K)] 1440301K->1195692K(1864192K), 0.0466292 secs] [Times: user=0.24 sys=0.00, real=0.05 secs] 
3531.282: [GC (Allocation Failure) [PSYoungGen: 335724K->173109K(465920K)] 1428652K->1299270K(1864192K), 0.0528890 secs] [Times: user=0.25 sys=0.00, real=0.05 secs] 
3531.476: [GC (Allocation Failure) [PSYoungGen: 406069K->182325K(465920K)] 1532230K->1362654K(1864192K), 0.0625509 secs] [Times: user=0.30 sys=0.00, real=0.06 secs] 
3531.719: [GC (Allocation Failure) [PSYoungGen: 415285K->185911K(465920K)] 1595614K->1430064K(1864192K), 0.0687843 secs] [Times: user=0.33 sys=0.00, real=0.07 secs] 
3532.773: [GC (Allocation Failure) [PSYoungGen: 418798K->211828K(465920K)] 1662951K->1514989K(1864192K), 0.0544412 secs] [Times: user=0.26 sys=0.00, real=0.06 secs] 
3534.837: [GC (Allocation Failure) [PSYoungGen: 444788K->93003K(465920K)] 1747949K->1463540K(1864192K), 0.0985974 secs] [Times: user=0.53 sys=0.00, real=0.10 secs] 
3534.936: [Full GC (Ergonomics) [PSYoungGen: 93003K->0K(465920K)] [ParOldGen: 1370537K->110594K(1398272K)] 1463540K->110594K(1864192K), [Metaspace: 60096K->60096K(1105920K)], 0.1681644 secs] [Times: user=0.73 sys=0.00, real=0.16 secs] 
3535.279: [GC (Allocation Failure) [PSYoungGen: 232960K->181014K(465920K)] 343554K->291609K(1864192K), 0.0253228 secs] [Times: user=0.09 sys=0.00, real=0.02 secs] 
3535.459: [GC (Allocation Failure) [PSYoungGen: 413974K->180949K(465920K)] 524569K->347448K(1864192K), 0.0458717 secs] [Times: user=0.21 sys=0.01, real=0.05 secs] 
3535.613: [GC (Allocation Failure) [PSYoungGen: 413909K->187061K(465920K)] 580408K->408144K(1864192K), 0.0446521 secs] [Times: user=0.20 sys=0.00, real=0.05 secs] 
3536.584: [GC (GCLocker Initiated GC) [PSYoungGen: 420021K->106925K(465920K)] 641104K->398496K(1864192K), 0.0450139 secs] [Times: user=0.23 sys=0.00, real=0.05 secs] 
3536.821: [GC (Allocation Failure) [PSYoungGen: 339885K->169268K(465920K)] 631458K->495905K(1864192K), 0.0782991 secs] [Times: user=0.39 sys=0.00, real=0.08 secs] 
3537.063: [GC (Allocation Failure) [PSYoungGen: 402228K->181461K(465920K)] 728865K->560951K(1864192K), 0.0415391 secs] [Times: user=0.18 sys=0.01, real=0.04 secs] 
3537.254: [GC (Allocation Failure) [PSYoungGen: 414421K->185815K(465920K)] 793911K->628628K(1864192K), 0.0686772 secs] [Times: user=0.32 sys=0.01, real=0.07 secs] 
3537.625: [GC (Allocation Failure) [PSYoungGen: 418508K->213844K(465920K)] 861321K->715706K(1864192K), 0.0542079 secs] [Times: user=0.26 sys=0.00, real=0.06 secs] 
3538.634: [GC (GCLocker Initiated GC) [PSYoungGen: 446804K->98379K(465920K)] 948666K->668477K(1864192K), 0.0691572 secs] [Times: user=0.37 sys=0.00, real=0.07 secs] 
3539.186: [GC (Allocation Failure) [PSYoungGen: 331339K->180565K(465920K)] 901568K->782123K(1864192K), 0.0453516 secs] [Times: user=0.19 sys=0.00, real=0.04 secs] 
3539.355: [GC (Allocation Failure) [PSYoungGen: 413525K->185270K(465920K)] 1015083K->843323K(1864192K), 0.0436245 secs] [Times: user=0.20 sys=0.00, real=0.04 secs] 
3539.512: [GC (Allocation Failure) [PSYoungGen: 418230K->186901K(465920K)] 1076283K->900930K(1864192K), 0.0457621 secs] [Times: user=0.21 sys=0.00, real=0.05 secs] 
3540.794: [GC (Allocation Failure) [PSYoungGen: 419861K->97003K(465920K)] 1133890K->881577K(1864192K), 0.0623676 secs] [Times: user=0.33 sys=0.01, real=0.07 secs] 
3542.381: [GC (Allocation Failure) [PSYoungGen: 329963K->168468K(465920K)] 1114537K->984038K(1864192K), 0.0662807 secs] [Times: user=0.31 sys=0.00, real=0.07 secs] 
3542.591: [GC (Allocation Failure) [PSYoungGen: 401428K->185014K(465920K)] 1216998K->1053064K(1864192K), 0.0436050 secs] [Times: user=0.20 sys=0.00, real=0.04 secs] 
3542.746: [GC (Allocation Failure) [PSYoungGen: 417974K->186327K(465920K)] 1286024K->1118481K(1864192K), 0.0516633 secs] [Times: user=0.24 sys=0.00, real=0.05 secs] 
3543.239: [GC (Allocation Failure) [PSYoungGen: 416201K->211700K(465920K)] 1348355K->1203014K(1864192K), 0.0537365 secs] [Times: user=0.26 sys=0.01, real=0.05 secs] 
3543.999: [GC (Allocation Failure) [PSYoungGen: 444660K->91178K(465920K)] 1435974K->1149877K(1864192K), 0.0440725 secs] [Times: user=0.22 sys=0.01, real=0.04 secs] 
3544.207: [GC (Allocation Failure) [PSYoungGen: 324138K->183126K(465920K)] 1382837K->1270888K(1864192K), 0.0501775 secs] [Times: user=0.22 sys=0.00, real=0.05 secs] 
3544.435: [GC (Allocation Failure) [PSYoungGen: 416086K->185398K(465920K)] 1503848K->1330360K(1864192K), 0.0572052 secs] [Times: user=0.28 sys=0.00, real=0.06 secs] 
3544.622: [GC (Allocation Failure) [PSYoungGen: 418358K->187317K(465920K)] 1563320K->1388432K(1864192K), 0.0558450 secs] [Times: user=0.27 sys=0.00, real=0.06 secs] 
3545.649: [GC (GCLocker Initiated GC) [PSYoungGen: 420277K->98876K(465920K)] 1621393K->1370592K(1864192K), 0.0468066 secs] [Times: user=0.25 sys=0.00, real=0.05 secs] 
3546.608: [GC (Allocation Failure) [PSYoungGen: 331836K->168660K(465920K)] 1603717K->1472614K(1864192K), 0.0748825 secs] [Times: user=0.36 sys=0.00, real=0.07 secs] 
3546.836: [GC (Allocation Failure) [PSYoungGen: 401620K->182517K(465920K)] 1705574K->1539287K(1864192K), 0.0437695 secs] [Times: user=0.20 sys=0.00, real=0.04 secs] 
3546.880: [Full GC (Ergonomics) [PSYoungGen: 182517K->0K(465920K)] [ParOldGen: 1356769K->256740K(1398272K)] 1539287K->256740K(1864192K), [Metaspace: 60102K->60102K(1105920K)], 0.3192599 secs] [Times: user=1.47 sys=0.00, real=0.32 secs] 
3547.314: [GC (Allocation Failure) [PSYoungGen: 232960K->185911K(465920K)] 489700K->442651K(1864192K), 0.0898668 secs] [Times: user=0.47 sys=0.00, real=0.09 secs] 
3547.798: [GC (Allocation Failure) [PSYoungGen: 416856K->216820K(465920K)] 673596K->532584K(1864192K), 0.0540566 secs] [Times: user=0.26 sys=0.01, real=0.05 secs] 
3549.740: [GC (Allocation Failure) [PSYoungGen: 449780K->92042K(465920K)] 765544K->476727K(1864192K), 0.1221312 secs] [Times: user=0.67 sys=0.00, real=0.12 secs] 
3550.211: [GC (Allocation Failure) [PSYoungGen: 325002K->183958K(465920K)] 709687K->598575K(1864192K), 0.0340489 secs] [Times: user=0.13 sys=0.00, real=0.04 secs] 
3550.390: [GC (Allocation Failure) [PSYoungGen: 416918K->185174K(465920K)] 831535K->656935K(1864192K), 0.0621435 secs] [Times: user=0.30 sys=0.00, real=0.06 secs] 
3550.581: [GC (Allocation Failure) [PSYoungGen: 418134K->186805K(465920K)] 889895K->714622K(1864192K), 0.0455645 secs] [Times: user=0.21 sys=0.00, real=0.05 secs] 
3551.569: [GC (Allocation Failure) [PSYoungGen: 419765K->97083K(465920K)] 947582K->695500K(1864192K), 0.0442440 secs] [Times: user=0.22 sys=0.00, real=0.04 secs] 
3551.807: [GC (GCLocker Initiated GC) [PSYoungGen: 330043K->169588K(465920K)] 928462K->799819K(1864192K), 0.0659831 secs] [Times: user=0.31 sys=0.01, real=0.06 secs] 
3552.037: [GC (Allocation Failure) [PSYoungGen: 402548K->184374K(465920K)] 1032910K->867263K(1864192K), 0.0421855 secs] [Times: user=0.18 sys=0.00, real=0.04 secs] 
3552.193: [GC (Allocation Failure) [PSYoungGen: 417334K->186199K(465920K)] 1100223K->933208K(1864192K), 0.0500970 secs] [Times: user=0.23 sys=0.00, real=0.05 secs] 
3552.565: [GC (Allocation Failure) [PSYoungGen: 419159K->214164K(465920K)] 1166168K->1020358K(1864192K), 0.0561872 secs] [Times: user=0.27 sys=0.00, real=0.05 secs] 
3553.469: [GC (Allocation Failure) [PSYoungGen: 447124K->97611K(465920K)] 1253318K->971717K(1864192K), 0.0594617 secs] [Times: user=0.31 sys=0.00, real=0.06 secs] 
3553.839: [GC (Allocation Failure) [PSYoungGen: 330571K->180469K(465920K)] 1204677K->1085744K(1864192K), 0.0495211 secs] [Times: user=0.22 sys=0.00, real=0.05 secs] 
3554.023: [GC (Allocation Failure) [PSYoungGen: 413429K->185270K(465920K)] 1318704K->1146988K(1864192K), 0.0443730 secs] [Times: user=0.20 sys=0.00, real=0.05 secs] 
3554.197: [GC (Allocation Failure) [PSYoungGen: 418230K->184533K(465920K)] 1379948K->1202467K(1864192K), 0.0609156 secs] [Times: user=0.30 sys=0.00, real=0.06 secs] 
3555.516: [GC (Allocation Failure) [PSYoungGen: 417493K->99052K(465920K)] 1435427K->1186542K(1864192K), 0.0847230 secs] [Times: user=0.46 sys=0.00, real=0.08 secs] 
3557.456: [GC (Allocation Failure) [PSYoungGen: 332012K->167348K(465920K)] 1419502K->1286403K(1864192K), 0.0628745 secs] [Times: user=0.31 sys=0.00, real=0.06 secs] 
3557.719: [GC (Allocation Failure) [PSYoungGen: 400308K->182229K(465920K)] 1519363K->1353505K(1864192K), 0.0579334 secs] [Times: user=0.27 sys=0.00, real=0.06 secs] 
3557.899: [GC (GCLocker Initiated GC) [PSYoungGen: 415189K->183831K(465920K)] 1586465K->1418746K(1864192K), 0.0507850 secs] [Times: user=0.24 sys=0.00, real=0.05 secs] 
3558.099: [GC (Allocation Failure) [PSYoungGen: 416791K->219157K(465920K)] 1651710K->1512364K(1864192K), 0.0554025 secs] [Times: user=0.27 sys=0.01, real=0.05 secs] 
3559.151: [GC (Allocation Failure) [PSYoungGen: 452117K->90506K(465920K)] 1745324K->1453858K(1864192K), 0.0411503 secs] [Times: user=0.21 sys=0.00, real=0.04 secs] 
3559.192: [Full GC (Ergonomics) [PSYoungGen: 90506K->0K(465920K)] [ParOldGen: 1363351K->107905K(1398272K)] 1453858K->107905K(1864192K), [Metaspace: 60105K->60105K(1105920K)], 0.0973448 secs] [Times: user=0.40 sys=0.00, real=0.10 secs] 
3559.595: [GC (Allocation Failure) [PSYoungGen: 232960K->178837K(465920K)] 340865K->286743K(1864192K), 0.0365838 secs] [Times: user=0.14 sys=0.00, real=0.03 secs] 
3559.799: [GC (Allocation Failure) [PSYoungGen: 411797K->185590K(465920K)] 519703K->349543K(1864192K), 0.0414766 secs] [Times: user=0.18 sys=0.00, real=0.04 secs] 
3559.968: [GC (Allocation Failure) [PSYoungGen: 418550K->200885K(465920K)] 582503K->421174K(1864192K), 0.0510761 secs] [Times: user=0.24 sys=0.01, real=0.05 secs] 
3560.989: [GC (Allocation Failure) [PSYoungGen: 433845K->106781K(465920K)] 654134K->396838K(1864192K), 0.0445815 secs] [Times: user=0.22 sys=0.00, real=0.04 secs] 
3561.523: [GC (Allocation Failure) [PSYoungGen: 339741K->167092K(465920K)] 629798K->492313K(1864192K), 0.0981496 secs] [Times: user=0.49 sys=0.00, real=0.10 secs] 
3561.827: [GC (Allocation Failure) [PSYoungGen: 400052K->184374K(465920K)] 725273K->561915K(1864192K), 0.0446582 secs] [Times: user=0.20 sys=0.00, real=0.04 secs] 
3561.985: [GC (Allocation Failure) [PSYoungGen: 417334K->185943K(465920K)] 794875K->627861K(1864192K), 0.0500586 secs] [Times: user=0.24 sys=0.00, real=0.05 secs] 
3562.379: [GC (Allocation Failure) [PSYoungGen: 418903K->219604K(465920K)] 860821K->720538K(1864192K), 0.0565204 secs] [Times: user=0.28 sys=0.00, real=0.06 secs] 
3564.209: [GC (Allocation Failure) [PSYoungGen: 452564K->95083K(465920K)] 953498K->665105K(1864192K), 0.1015326 secs] [Times: user=0.54 sys=0.00, real=0.10 secs] 
3564.782: [GC (Allocation Failure) [PSYoungGen: 328043K->181238K(465920K)] 898065K->781884K(1864192K), 0.0444532 secs] [Times: user=0.19 sys=0.00, real=0.05 secs] 
3564.943: [GC (Allocation Failure) [PSYoungGen: 414198K->185398K(465920K)] 1014844K->842628K(1864192K), 0.0439620 secs] [Times: user=0.20 sys=0.00, real=0.05 secs] 
3565.136: [GC (Allocation Failure) [PSYoungGen: 418358K->181524K(465920K)] 1075588K->895035K(1864192K), 0.0639602 secs] [Times: user=0.32 sys=0.00, real=0.06 secs] 
3566.272: [GC (Allocation Failure) [PSYoungGen: 414484K->104332K(465920K)] 1127995K->886395K(1864192K), 0.0496179 secs] [Times: user=0.26 sys=0.00, real=0.05 secs] 
3566.606: [GC (Allocation Failure) [PSYoungGen: 337292K->173429K(465920K)] 1119355K->989584K(1864192K), 0.0709499 secs] [Times: user=0.34 sys=0.00, real=0.07 secs] 
3566.814: [GC (Allocation Failure) [PSYoungGen: 406293K->182325K(465920K)] 1222448K->1052649K(1864192K), 0.0443541 secs] [Times: user=0.20 sys=0.00, real=0.05 secs] 
3567.002: [GC (Allocation Failure) [PSYoungGen: 415285K->182678K(465920K)] 1285609K->1116530K(1864192K), 0.0751511 secs] [Times: user=0.37 sys=0.00, real=0.08 secs] 
3567.367: [GC (Allocation Failure) [PSYoungGen: 415075K->213908K(465920K)] 1348926K->1205592K(1864192K), 0.0538284 secs] [Times: user=0.26 sys=0.00, real=0.05 secs] 
3568.283: [GC (Allocation Failure) [PSYoungGen: 446868K->99819K(465920K)] 1438552K->1159727K(1864192K), 0.0425770 secs] [Times: user=0.22 sys=0.00, real=0.05 secs] 
3568.495: [GC (GCLocker Initiated GC) [PSYoungGen: 332779K->181750K(465920K)] 1392687K->1273334K(1864192K), 0.0468669 secs] [Times: user=0.20 sys=0.00, real=0.04 secs] 
3568.684: [GC (Allocation Failure) [PSYoungGen: 414710K->185430K(465920K)] 1506589K->1334253K(1864192K), 0.0445787 secs] [Times: user=0.20 sys=0.00, real=0.05 secs] 
3568.835: [GC (Allocation Failure) [PSYoungGen: 418390K->187093K(465920K)] 1567213K->1392084K(1864192K), 0.0463455 secs] [Times: user=0.21 sys=0.01, real=0.05 secs] 
3569.991: [GC (Allocation Failure) [PSYoungGen: 420053K->95723K(465920K)] 1625044K->1371323K(1864192K), 0.0608426 secs] [Times: user=0.32 sys=0.01, real=0.06 secs] 
3571.433: [GC (Allocation Failure) [PSYoungGen: 328683K->169236K(465920K)] 1604283K->1475248K(1864192K), 0.0646083 secs] [Times: user=0.30 sys=0.01, real=0.07 secs] 
3571.649: [GC (Allocation Failure) [PSYoungGen: 402196K->185366K(465920K)] 1708208K->1544698K(1864192K), 0.0444918 secs] [Times: user=0.21 sys=0.00, real=0.04 secs] 
3571.693: [Full GC (Ergonomics) [PSYoungGen: 185366K->0K(465920K)] [ParOldGen: 1359332K->260732K(1398272K)] 1544698K->260732K(1864192K), [Metaspace: 60105K->60105K(1105920K)], 0.3208717 secs] [Times: user=1.47 sys=0.00, real=0.32 secs] 
3572.132: [GC (Allocation Failure) [PSYoungGen: 232960K->186263K(465920K)] 493692K->446995K(1864192K), 0.0888764 secs] [Times: user=0.46 sys=0.00, real=0.09 secs] 
3572.606: [GC (Allocation Failure) [PSYoungGen: 419223K->216627K(465920K)] 679955K->536464K(1864192K), 0.0549043 secs] [Times: user=0.27 sys=0.00, real=0.05 secs] 
3573.800: [GC (GCLocker Initiated GC) [PSYoungGen: 449587K->97979K(465920K)] 769425K->484409K(1864192K), 0.0882396 secs] [Times: user=0.48 sys=0.00, real=0.09 secs] 
3574.149: [GC (Allocation Failure) [PSYoungGen: 330939K->183990K(465920K)] 717407K->601907K(1864192K), 0.0368678 secs] [Times: user=0.16 sys=0.00, real=0.04 secs] 
3574.319: [GC (Allocation Failure) [PSYoungGen: 416950K->185366K(465920K)] 834867K->660551K(1864192K), 0.0487202 secs] [Times: user=0.23 sys=0.00, real=0.05 secs] 
3574.499: [GC (Allocation Failure) [PSYoungGen: 418326K->183604K(465920K)] 893511K->714870K(1864192K), 0.0624735 secs] [Times: user=0.30 sys=0.00, real=0.06 secs] 
3575.600: [GC (Allocation Failure) [PSYoungGen: 416564K->97403K(465920K)] 947830K->697909K(1864192K), 0.0434145 secs] [Times: user=0.22 sys=0.00, real=0.04 secs] 
3575.899: [GC (Allocation Failure) [PSYoungGen: 330363K->173076K(465920K)] 930869K->804794K(1864192K), 0.0595152 secs] [Times: user=0.28 sys=0.00, real=0.06 secs] 
3576.089: [GC (Allocation Failure) [PSYoungGen: 406036K->185302K(465920K)] 1037754K->871420K(1864192K), 0.0432531 secs] [Times: user=0.19 sys=0.00, real=0.04 secs] 
3576.244: [GC (Allocation Failure) [PSYoungGen: 418262K->186199K(465920K)] 1104380K->936653K(1864192K), 0.0510540 secs] [Times: user=0.23 sys=0.00, real=0.05 secs] 
3576.976: [GC (Allocation Failure) [PSYoungGen: 419159K->208403K(465920K)] 1169613K->1018065K(1864192K), 0.0537416 secs] [Times: user=0.27 sys=0.00, real=0.05 secs] 
3578.612: [GC (Allocation Failure) [PSYoungGen: 441363K->100204K(465920K)] 1251025K->975226K(1864192K), 0.1180688 secs] [Times: user=0.64 sys=0.00, real=0.12 secs] 
3579.222: [GC (Allocation Failure) [PSYoungGen: 333164K->180854K(465920K)] 1208186K->1088136K(1864192K), 0.0471776 secs] [Times: user=0.21 sys=0.00, real=0.05 secs] 
3579.438: [GC (Allocation Failure) [PSYoungGen: 413814K->185334K(465920K)] 1321096K->1149169K(1864192K), 0.0687515 secs] [Times: user=0.33 sys=0.00, real=0.07 secs] 
3579.689: [GC (Allocation Failure) [PSYoungGen: 418294K->186997K(465920K)] 1382129K->1207104K(1864192K), 0.0658000 secs] [Times: user=0.27 sys=0.00, real=0.06 secs] 
3580.872: [GC (Allocation Failure) [PSYoungGen: 419957K->97387K(465920K)] 1440064K->1187910K(1864192K), 0.0630211 secs] [Times: user=0.34 sys=0.00, real=0.06 secs] 
3581.239: [GC (Allocation Failure) [PSYoungGen: 330347K->172308K(465920K)] 1420870K->1294712K(1864192K), 0.0780457 secs] [Times: user=0.39 sys=0.00, real=0.08 secs] 
3581.472: [GC (Allocation Failure) [PSYoungGen: 405268K->184950K(465920K)] 1527672K->1361090K(1864192K), 0.0439492 secs] [Times: user=0.20 sys=0.00, real=0.05 secs] 
3581.626: [GC (Allocation Failure) [PSYoungGen: 417910K->183382K(465920K)] 1594050K->1423642K(1864192K), 0.0509753 secs] [Times: user=0.24 sys=0.00, real=0.05 secs] 
3582.238: [GC (Allocation Failure) [PSYoungGen: 416342K->210611K(465920K)] 1656602K->1508983K(1864192K), 0.0530729 secs] [Times: user=0.26 sys=0.01, real=0.05 secs] 
3582.881: [GC (Allocation Failure) [PSYoungGen: 443571K->101820K(465920K)] 1741943K->1466472K(1864192K), 0.0587203 secs] [Times: user=0.31 sys=0.01, real=0.06 secs] 
3582.940: [Full GC (Ergonomics) [PSYoungGen: 101820K->0K(465920K)] [ParOldGen: 1364652K->119242K(1398272K)] 1466472K->119242K(1864192K), [Metaspace: 60105K->60105K(1105920K)], 0.1191916 secs] [Times: user=0.51 sys=0.00, real=0.12 secs] 
3583.375: [GC (Allocation Failure) [PSYoungGen: 232177K->181270K(465920K)] 351420K->300513K(1864192K), 0.0348239 secs] [Times: user=0.12 sys=0.00, real=0.03 secs] 
3583.541: [GC (Allocation Failure) [PSYoungGen: 414223K->178613K(465920K)] 533466K->354476K(1864192K), 0.0412381 secs] [Times: user=0.18 sys=0.01, real=0.04 secs] 
3583.719: [GC (Allocation Failure) [PSYoungGen: 411573K->186933K(465920K)] 587436K->417116K(1864192K), 0.0650166 secs] [Times: user=0.31 sys=0.00, real=0.06 secs] 
3584.803: [GC (Allocation Failure) [PSYoungGen: 419893K->103676K(465920K)] 650076K->404371K(1864192K), 0.0586299 secs] [Times: user=0.31 sys=0.00, real=0.06 secs] 
3585.879: [GC (Allocation Failure) [PSYoungGen: 336636K->169300K(465920K)] 637331K->503352K(1864192K), 0.0609778 secs] [Times: user=0.29 sys=0.00, real=0.06 secs] 
3586.131: [GC (Allocation Failure) [PSYoungGen: 402260K->185046K(465920K)] 736312K->572610K(1864192K), 0.0602203 secs] [Times: user=0.29 sys=0.00, real=0.06 secs] 
3586.313: [GC (Allocation Failure) [PSYoungGen: 418006K->186263K(465920K)] 805570K->638075K(1864192K), 0.0513259 secs] [Times: user=0.25 sys=0.00, real=0.05 secs] 
3586.949: [GC (Allocation Failure) [PSYoungGen: 419223K->198419K(465920K)] 871035K->709287K(1864192K), 0.0524940 secs] [Times: user=0.26 sys=0.00, real=0.05 secs] 
3588.352: [GC (Allocation Failure) [PSYoungGen: 431379K->100876K(465920K)] 942247K->678104K(1864192K), 0.0987818 secs] [Times: user=0.53 sys=0.00, real=0.10 secs] 
3588.731: [GC (Allocation Failure) [PSYoungGen: 331580K->181110K(465920K)] 908808K->790787K(1864192K), 0.0364603 secs] [Times: user=0.15 sys=0.00, real=0.04 secs] 
3588.883: [GC (Allocation Failure) [PSYoungGen: 414070K->178773K(465920K)] 1023747K->844530K(1864192K), 0.0439022 secs] [Times: user=0.20 sys=0.00, real=0.05 secs] 
3589.045: [GC (Allocation Failure) [PSYoungGen: 411733K->187125K(465920K)] 1077490K->906954K(1864192K), 0.0459935 secs] [Times: user=0.21 sys=0.00, real=0.04 secs] 
3590.074: [GC (Allocation Failure) [PSYoungGen: 420085K->102476K(465920K)] 1139914K->892809K(1864192K), 0.0556963 secs] [Times: user=0.29 sys=0.00, real=0.06 secs] 
3590.452: [GC (Allocation Failure) [PSYoungGen: 335436K->172724K(465920K)] 1125769K->995902K(1864192K), 0.0644789 secs] [Times: user=0.31 sys=0.00, real=0.07 secs] 
3590.655: [GC (Allocation Failure) [PSYoungGen: 405684K->185494K(465920K)] 1228862K->1063104K(1864192K), 0.0457295 secs] [Times: user=0.21 sys=0.00, real=0.04 secs] 
3590.883: [GC (Allocation Failure) [PSYoungGen: 418454K->180822K(465920K)] 1296064K->1122880K(1864192K), 0.0617528 secs] [Times: user=0.31 sys=0.00, real=0.06 secs] 
3591.632: [GC (Allocation Failure) [PSYoungGen: 413782K->199795K(465920K)] 1355840K->1199277K(1864192K), 0.0553782 secs] [Times: user=0.27 sys=0.00, real=0.06 secs] 
3592.719: [GC (Allocation Failure) [PSYoungGen: 432755K->98651K(465920K)] 1432237K->1164709K(1864192K), 0.1274329 secs] [Times: user=0.70 sys=0.00, real=0.13 secs] 
3593.179: [GC (Allocation Failure) [PSYoungGen: 331611K->181302K(465920K)] 1397669K->1279229K(1864192K), 0.0401404 secs] [Times: user=0.17 sys=0.00, real=0.04 secs] 
3593.332: [GC (Allocation Failure) [PSYoungGen: 414262K->185206K(465920K)] 1512189K->1339709K(1864192K), 0.0456883 secs] [Times: user=0.21 sys=0.00, real=0.05 secs] 
3593.526: [GC (Allocation Failure) [PSYoungGen: 418166K->187221K(465920K)] 1572669K->1397788K(1864192K), 0.0682315 secs] [Times: user=0.34 sys=0.00, real=0.06 secs] 
3595.188: [GC (Allocation Failure) [PSYoungGen: 420181K->97835K(465920K)] 1630748K->1379066K(1864192K), 0.0756986 secs] [Times: user=0.41 sys=0.00, real=0.07 secs] 
3596.082: [GC (Allocation Failure) [PSYoungGen: 330795K->169620K(465920K)] 1612026K->1482312K(1864192K), 0.0637519 secs] [Times: user=0.30 sys=0.00, real=0.07 secs] 
3596.146: [Full GC (Ergonomics) [PSYoungGen: 169620K->0K(465920K)] [ParOldGen: 1312691K->193289K(1398272K)] 1482312K->193289K(1864192K), [Metaspace: 60106K->60106K(1105920K)], 0.2041701 secs] [Times: user=0.95 sys=0.00, real=0.20 secs] 
3596.484: [GC (Allocation Failure) [PSYoungGen: 232960K->181237K(465920K)] 426249K->374527K(1864192K), 0.0368057 secs] [Times: user=0.13 sys=0.02, real=0.04 secs] 
3596.667: [GC (Allocation Failure) [PSYoungGen: 414197K->185463K(465920K)] 607487K->441833K(1864192K), 0.0601061 secs] [Times: user=0.29 sys=0.00, real=0.06 secs] 
3597.541: [GC (Allocation Failure) [PSYoungGen: 415960K->215316K(465920K)] 672330K->530350K(1864192K), 0.0560412 secs] [Times: user=0.28 sys=0.00, real=0.06 secs] 
3597.913: [GC (GCLocker Initiated GC) [PSYoungGen: 448276K->98699K(465920K)] 763310K->481526K(1864192K), 0.0400935 secs] [Times: user=0.20 sys=0.00, real=0.04 secs] 
3598.106: [GC (Allocation Failure) [PSYoungGen: 331659K->180821K(465920K)] 714524K->595490K(1864192K), 0.0351049 secs] [Times: user=0.14 sys=0.01, real=0.03 secs] 
3598.255: [GC (Allocation Failure) [PSYoungGen: 413781K->184342K(465920K)] 828450K->653891K(1864192K), 0.0438692 secs] [Times: user=0.19 sys=0.00, real=0.05 secs] 
3598.430: [GC (Allocation Failure) [PSYoungGen: 417302K->187381K(465920K)] 886851K->713002K(1864192K), 0.0499461 secs] [Times: user=0.23 sys=0.00, real=0.05 secs] 
3599.854: [GC (Allocation Failure) [PSYoungGen: 420341K->103836K(465920K)] 945962K->700150K(1864192K), 0.0563079 secs] [Times: user=0.30 sys=0.00, real=0.06 secs] 
3601.460: [GC (Allocation Failure) [PSYoungGen: 336796K->161619K(465920K)] 933110K->791033K(1864192K), 0.0710627 secs] [Times: user=0.35 sys=0.01, real=0.07 secs] 
3601.752: [GC (Allocation Failure) [PSYoungGen: 394579K->185238K(465920K)] 1023993K->865516K(1864192K), 0.0498916 secs] [Times: user=0.23 sys=0.00, real=0.05 secs] 
3601.918: [GC (Allocation Failure) [PSYoungGen: 418198K->186103K(465920K)] 1098476K->930789K(1864192K), 0.0507704 secs] [Times: user=0.24 sys=0.00, real=0.05 secs] 
3602.200: [GC (Allocation Failure) [PSYoungGen: 417582K->217140K(465920K)] 1162268K->1020891K(1864192K), 0.0561080 secs] [Times: user=0.27 sys=0.00, real=0.06 secs] 
3604.034: [GC (Allocation Failure) [PSYoungGen: 450100K->94267K(465920K)] 1253851K->967353K(1864192K), 0.0918027 secs] [Times: user=0.50 sys=0.00, real=0.10 secs] 
3604.322: [GC (Allocation Failure) [PSYoungGen: 327227K->178101K(465920K)] 1200313K->1081293K(1864192K), 0.0345072 secs] [Times: user=0.14 sys=0.00, real=0.04 secs] 
3604.498: [GC (Allocation Failure) [PSYoungGen: 411061K->184342K(465920K)] 1314253K->1143014K(1864192K), 0.0601231 secs] [Times: user=0.29 sys=0.00, real=0.06 secs] 
3604.680: [GC (Allocation Failure) [PSYoungGen: 417302K->186485K(465920K)] 1375974K->1200981K(1864192K), 0.0462258 secs] [Times: user=0.22 sys=0.00, real=0.05 secs] 
3605.673: [GC (Allocation Failure) [PSYoungGen: 419445K->106829K(465920K)] 1433941K->1191829K(1864192K), 0.0459433 secs] [Times: user=0.23 sys=0.00, real=0.05 secs] 
3605.866: [GC (Allocation Failure) [PSYoungGen: 339789K->166996K(465920K)] 1424789K->1287310K(1864192K), 0.0455978 secs] [Times: user=0.21 sys=0.00, real=0.04 secs] 
3606.026: [GC (Allocation Failure) [PSYoungGen: 399956K->184310K(465920K)] 1520270K->1356752K(1864192K), 0.0436718 secs] [Times: user=0.19 sys=0.00, real=0.04 secs] 
3606.212: [GC (Allocation Failure) [PSYoungGen: 417270K->185559K(465920K)] 1589712K->1422325K(1864192K), 0.0738560 secs] [Times: user=0.36 sys=0.01, real=0.08 secs] 
3606.656: [GC (Allocation Failure) [PSYoungGen: 418519K->214740K(465920K)] 1655285K->1510515K(1864192K), 0.0558587 secs] [Times: user=0.28 sys=0.00, real=0.05 secs] 
3607.866: [GC (Allocation Failure) [PSYoungGen: 447700K->94779K(465920K)] 1743475K->1458706K(1864192K), 0.1118544 secs] [Times: user=0.61 sys=0.00, real=0.11 secs] 
3607.978: [Full GC (Ergonomics) [PSYoungGen: 94779K->0K(465920K)] [ParOldGen: 1363926K->112456K(1398272K)] 1458706K->112456K(1864192K), [Metaspace: 60242K->60242K(1105920K)], 0.1786232 secs] [Times: user=0.80 sys=0.00, real=0.18 secs] 
3608.579: [GC (Allocation Failure) [PSYoungGen: 232960K->180501K(465920K)] 345416K->292958K(1864192K), 0.0255775 secs] [Times: user=0.08 sys=0.01, real=0.02 secs] 
3608.718: [GC (Allocation Failure) [PSYoungGen: 413461K->185334K(465920K)] 525918K->354243K(1864192K), 0.0417593 secs] [Times: user=0.18 sys=0.00, real=0.04 secs] 
3608.912: [GC (Allocation Failure) [PSYoungGen: 418294K->187285K(465920K)] 587203K->412298K(1864192K), 0.0683642 secs] [Times: user=0.33 sys=0.00, real=0.07 secs] 
3610.131: [GC (Allocation Failure) [PSYoungGen: 420245K->101788K(465920K)] 645258K->397473K(1864192K), 0.0658339 secs] [Times: user=0.35 sys=0.01, real=0.07 secs] 
3611.665: [GC (Allocation Failure) [PSYoungGen: 334748K->165428K(465920K)] 630433K->493669K(1864192K), 0.0748118 secs] [Times: user=0.38 sys=0.00, real=0.07 secs] 
3611.944: [GC (GCLocker Initiated GC) [PSYoungGen: 398388K->181141K(465920K)] 726630K->560924K(1864192K), 0.0553143 secs] [Times: user=0.25 sys=0.00, real=0.06 secs] 
3612.115: [GC (GCLocker Initiated GC) [PSYoungGen: 414101K->180470K(465920K)] 793888K->623241K(1864192K), 0.0486483 secs] [Times: user=0.22 sys=0.01, real=0.04 secs] 
3612.292: [GC (Allocation Failure) [PSYoungGen: 413430K->187573K(465920K)] 856204K->687451K(1864192K), 0.0596882 secs] [Times: user=0.29 sys=0.00, real=0.06 secs] 
3613.342: [GC (Allocation Failure) [PSYoungGen: 420533K->94011K(465920K)] 920411K->664632K(1864192K), 0.0412721 secs] [Times: user=0.21 sys=0.00, real=0.04 secs] 
3613.592: [GC (Allocation Failure) [PSYoungGen: 326971K->183414K(465920K)] 897592K->784096K(1864192K), 0.0461361 secs] [Times: user=0.20 sys=0.00, real=0.05 secs] 
3613.799: [GC (Allocation Failure) [PSYoungGen: 416374K->182517K(465920K)] 1017056K->840608K(1864192K), 0.0551952 secs] [Times: user=0.27 sys=0.00, real=0.05 secs] 
3613.973: [GC (Allocation Failure) [PSYoungGen: 415477K->187093K(465920K)] 1073568K->900639K(1864192K), 0.0459144 secs] [Times: user=0.21 sys=0.00, real=0.05 secs] 
3615.026: [GC (Allocation Failure) [PSYoungGen: 420053K->100236K(465920K)] 1133599K->884290K(1864192K), 0.0451246 secs] [Times: user=0.23 sys=0.00, real=0.04 secs] 
3615.619: [GC (Allocation Failure) [PSYoungGen: 333196K->170996K(465920K)] 1117250K->987596K(1864192K), 0.0699549 secs] [Times: user=0.34 sys=0.00, real=0.07 secs] 
3615.894: [GC (Allocation Failure) [PSYoungGen: 403956K->185014K(465920K)] 1220556K->1055053K(1864192K), 0.0566960 secs] [Times: user=0.27 sys=0.00, real=0.06 secs] 
3616.085: [GC (Allocation Failure) [PSYoungGen: 417974K->181238K(465920K)] 1288013K->1115590K(1864192K), 0.0602208 secs] [Times: user=0.30 sys=0.00, real=0.06 secs] 
3616.499: [GC (Allocation Failure) [PSYoungGen: 414198K->185492K(465920K)] 1348550K->1177852K(1864192K), 0.0543271 secs] [Times: user=0.26 sys=0.00, real=0.05 secs] 
3619.046: [GC (Allocation Failure) [PSYoungGen: 418452K->90858K(465920K)] 1410812K->1152562K(1864192K), 0.1107390 secs] [Times: user=0.61 sys=0.00, real=0.11 secs] 
3619.436: [GC (Allocation Failure) [PSYoungGen: 323818K->184182K(465920K)] 1385522K->1275443K(1864192K), 0.0455293 secs] [Times: user=0.20 sys=0.00, real=0.04 secs] 
3619.639: [GC (Allocation Failure) [PSYoungGen: 417142K->190997K(465920K)] 1508403K->1339178K(1864192K), 0.0655091 secs] [Times: user=0.32 sys=0.00, real=0.06 secs] 
3619.898: [GC (Allocation Failure) [PSYoungGen: 423957K->187189K(465920K)] 1572138K->1391193K(1864192K), 0.0627193 secs] [Times: user=0.30 sys=0.00, real=0.06 secs] 
3620.932: [GC (GCLocker Initiated GC) [PSYoungGen: 420149K->98092K(465920K)] 1624155K->1372666K(1864192K), 0.0465424 secs] [Times: user=0.24 sys=0.00, real=0.05 secs] 
3621.170: [GC (Allocation Failure) [PSYoungGen: 331052K->171604K(465920K)] 1605664K->1478361K(1864192K), 0.0742071 secs] [Times: user=0.37 sys=0.00, real=0.07 secs] 
3621.381: [GC (Allocation Failure) [PSYoungGen: 404564K->184758K(465920K)] 1711321K->1545059K(1864192K), 0.0447831 secs] [Times: user=0.21 sys=0.00, real=0.05 secs] 
3621.426: [Full GC (Ergonomics) [PSYoungGen: 184758K->0K(465920K)] [ParOldGen: 1360301K->259178K(1398272K)] 1545059K->259178K(1864192K), [Metaspace: 60243K->60243K(1105920K)], 0.3314478 secs] [Times: user=1.53 sys=0.00, real=0.33 secs] 
3621.871: [GC (Allocation Failure) [PSYoungGen: 232960K->185559K(465920K)] 492138K->444737K(1864192K), 0.0834975 secs] [Times: user=0.44 sys=0.00, real=0.08 secs] 
3622.153: [GC (Allocation Failure) [PSYoungGen: 418519K->213716K(465920K)] 677697K->532006K(1864192K), 0.0535409 secs] [Times: user=0.26 sys=0.01, real=0.06 secs] 
3623.183: [GC (Allocation Failure) [PSYoungGen: 446676K->89850K(465920K)] 764966K->476268K(1864192K), 0.0614422 secs] [Times: user=0.32 sys=0.00, real=0.06 secs] 
3623.709: [GC (Allocation Failure) [PSYoungGen: 322810K->191510K(465920K)] 709228K->606261K(1864192K), 0.0462427 secs] [Times: user=0.20 sys=0.00, real=0.05 secs] 
3623.879: [GC (Allocation Failure) [PSYoungGen: 424470K->185462K(465920K)] 839221K->657629K(1864192K), 0.0437546 secs] [Times: user=0.20 sys=0.00, real=0.04 secs] 
3624.028: [GC (Allocation Failure) [PSYoungGen: 418422K->187253K(465920K)] 890589K->715532K(1864192K), 0.0456296 secs] [Times: user=0.21 sys=0.00, real=0.04 secs] 
3625.323: [GC (Allocation Failure) [PSYoungGen: 420213K->100428K(465920K)] 948492K->699371K(1864192K), 0.0968048 secs] [Times: user=0.53 sys=0.00, real=0.10 secs] 
3627.204: [GC (Allocation Failure) [PSYoungGen: 333388K->164499K(465920K)] 932331K->795439K(1864192K), 0.0691044 secs] [Times: user=0.34 sys=0.00, real=0.07 secs] 
3627.417: [GC (Allocation Failure) [PSYoungGen: 397459K->185078K(465920K)] 1028399K->867954K(1864192K), 0.0424216 secs] [Times: user=0.19 sys=0.00, real=0.04 secs] 
3627.574: [GC (Allocation Failure) [PSYoungGen: 418038K->186007K(465920K)] 1100914K->933011K(1864192K), 0.0502331 secs] [Times: user=0.23 sys=0.00, real=0.05 secs] 
3627.827: [GC (Allocation Failure) [PSYoungGen: 418967K->217492K(465920K)] 1165971K->1023592K(1864192K), 0.0559785 secs] [Times: user=0.27 sys=0.00, real=0.05 secs] 
3628.783: [GC (Allocation Failure) [PSYoungGen: 450452K->96043K(465920K)] 1256552K->971495K(1864192K), 0.0414563 secs] [Times: user=0.21 sys=0.00, real=0.04 secs] 
3628.968: [GC (Allocation Failure) [PSYoungGen: 329003K->179477K(465920K)] 1204455K->1085786K(1864192K), 0.0350961 secs] [Times: user=0.14 sys=0.01, real=0.03 secs] 
3629.147: [GC (Allocation Failure) [PSYoungGen: 412437K->184950K(465920K)] 1318746K->1147139K(1864192K), 0.0494406 secs] [Times: user=0.24 sys=0.00, real=0.05 secs] 
3629.328: [GC (Allocation Failure) [PSYoungGen: 417910K->180980K(465920K)] 1380099K->1199369K(1864192K), 0.0464323 secs] [Times: user=0.21 sys=0.01, real=0.04 secs] 
3630.662: [GC (Allocation Failure) [PSYoungGen: 413940K->105708K(465920K)] 1432329K->1192401K(1864192K), 0.0460140 secs] [Times: user=0.23 sys=0.00, real=0.05 secs] 
3630.925: [GC (GCLocker Initiated GC) [PSYoungGen: 338668K->170708K(465920K)] 1425363K->1291584K(1864192K), 0.0651296 secs] [Times: user=0.32 sys=0.00, real=0.06 secs] 
3631.172: [GC (Allocation Failure) [PSYoungGen: 403668K->190037K(465920K)] 1524838K->1364971K(1864192K), 0.0614634 secs] [Times: user=0.30 sys=0.00, real=0.06 secs] 
3631.361: [GC (Allocation Failure) [PSYoungGen: 422991K->186007K(465920K)] 1597925K->1424437K(1864192K), 0.0505139 secs] [Times: user=0.24 sys=0.00, real=0.05 secs] 
3631.648: [GC (Allocation Failure) [PSYoungGen: 417666K->214388K(465920K)] 1656096K->1511786K(1864192K), 0.0551502 secs] [Times: user=0.27 sys=0.00, real=0.05 secs] 
3633.429: [GC (Allocation Failure) [PSYoungGen: 447348K->94107K(465920K)] 1744746K->1459889K(1864192K), 0.1103995 secs] [Times: user=0.60 sys=0.00, real=0.11 secs] 
3633.539: [Full GC (Ergonomics) [PSYoungGen: 94107K->0K(465920K)] [ParOldGen: 1365782K->111660K(1398272K)] 1459889K->111660K(1864192K), [Metaspace: 60245K->60245K(1105920K)], 0.1802584 secs] [Times: user=0.80 sys=0.00, real=0.18 secs] 
3633.983: [GC (Allocation Failure) [PSYoungGen: 232960K->181078K(465920K)] 344620K->292739K(1864192K), 0.0252306 secs] [Times: user=0.08 sys=0.00, real=0.03 secs] 
3634.148: [GC (Allocation Failure) [PSYoungGen: 414038K->185270K(465920K)] 525699K->353387K(1864192K), 0.0541744 secs] [Times: user=0.26 sys=0.00, real=0.05 secs] 
3634.333: [GC (Allocation Failure) [PSYoungGen: 418230K->187093K(465920K)] 586347K->411490K(1864192K), 0.0464925 secs] [Times: user=0.21 sys=0.00, real=0.05 secs] 
3635.384: [GC (Allocation Failure) [PSYoungGen: 420053K->96875K(465920K)] 644450K->391856K(1864192K), 0.0450351 secs] [Times: user=0.23 sys=0.00, real=0.05 secs] 
3635.880: [GC (Allocation Failure) [PSYoungGen: 329835K->171380K(465920K)] 624816K->497694K(1864192K), 0.0564817 secs] [Times: user=0.26 sys=0.00, real=0.06 secs] 
3636.112: [GC (Allocation Failure) [PSYoungGen: 404340K->184950K(465920K)] 730654K->564972K(1864192K), 0.0561305 secs] [Times: user=0.26 sys=0.00, real=0.06 secs] 
3636.327: [GC (GCLocker Initiated GC) [PSYoungGen: 417910K->181654K(465920K)] 797932K->625948K(1864192K), 0.0575861 secs] [Times: user=0.28 sys=0.00, real=0.05 secs] 
3636.701: [GC (Allocation Failure) [PSYoungGen: 414614K->215828K(465920K)] 860960K->719790K(1864192K), 0.0542218 secs] [Times: user=0.27 sys=0.00, real=0.06 secs] 
3637.556: [GC (Allocation Failure) [PSYoungGen: 448788K->94987K(465920K)] 952750K->668132K(1864192K), 0.0404453 secs] [Times: user=0.21 sys=0.00, real=0.04 secs] 
3637.865: [GC (Allocation Failure) [PSYoungGen: 327947K->183030K(465920K)] 901092K->786044K(1864192K), 0.0490920 secs] [Times: user=0.22 sys=0.00, real=0.04 secs] 
3638.061: [GC (Allocation Failure) [PSYoungGen: 415990K->185558K(465920K)] 1019004K->845964K(1864192K), 0.0442482 secs] [Times: user=0.20 sys=0.00, real=0.05 secs] 
3638.249: [GC (Allocation Failure) [PSYoungGen: 418518K->183828K(465920K)] 1078924K->900563K(1864192K), 0.0610760 secs] [Times: user=0.29 sys=0.00, real=0.06 secs] 
3639.448: [GC (Allocation Failure) [PSYoungGen: 416788K->99452K(465920K)] 1133523K->885570K(1864192K), 0.0625825 secs] [Times: user=0.34 sys=0.00, real=0.06 secs] 
3641.149: [GC (Allocation Failure) [PSYoungGen: 332412K->168788K(465920K)] 1118530K->986751K(1864192K), 0.0707017 secs] [Times: user=0.34 sys=0.00, real=0.07 secs] 
3641.430: [GC (Allocation Failure) [PSYoungGen: 401748K->185078K(465920K)] 1219711K->1055873K(1864192K), 0.0562805 secs] [Times: user=0.26 sys=0.00, real=0.06 secs] 
3641.602: [GC (Allocation Failure) [PSYoungGen: 418038K->182998K(465920K)] 1288833K->1118218K(1864192K), 0.0502370 secs] [Times: user=0.22 sys=0.00, real=0.05 secs] 
3642.040: [GC (Allocation Failure) [PSYoungGen: 413944K->217268K(465920K)] 1349163K->1210776K(1864192K), 0.0545418 secs] [Times: user=0.26 sys=0.00, real=0.05 secs] 
3643.002: [GC (Allocation Failure) [PSYoungGen: 450228K->90730K(465920K)] 1443736K->1153358K(1864192K), 0.0650901 secs] [Times: user=0.34 sys=0.00, real=0.07 secs] 
3643.379: [GC (Allocation Failure) [PSYoungGen: 323690K->184054K(465920K)] 1386318K->1276026K(1864192K), 0.0393094 secs] [Times: user=0.17 sys=0.00, real=0.04 secs] 
3643.529: [GC (Allocation Failure) [PSYoungGen: 417014K->185654K(465920K)] 1508986K->1334842K(1864192K), 0.0451226 secs] [Times: user=0.21 sys=0.00, real=0.04 secs] 
3643.682: [GC (Allocation Failure) [PSYoungGen: 418614K->187061K(465920K)] 1567802K->1392497K(1864192K), 0.0467387 secs] [Times: user=0.22 sys=0.00, real=0.05 secs] 
3644.709: [GC (Allocation Failure) [PSYoungGen: 420021K->96507K(465920K)] 1625457K->1372576K(1864192K), 0.0450594 secs] [Times: user=0.23 sys=0.00, real=0.04 secs] 
3645.051: [GC (Allocation Failure) [PSYoungGen: 329467K->170068K(465920K)] 1605536K->1477693K(1864192K), 0.0440743 secs] [Times: user=0.20 sys=0.00, real=0.05 secs] 
3645.206: [GC (Allocation Failure) [PSYoungGen: 403028K->184982K(465920K)] 1710653K->1545814K(1864192K), 0.0427917 secs] [Times: user=0.19 sys=0.00, real=0.04 secs] 
3645.249: [Full GC (Ergonomics) [PSYoungGen: 184982K->0K(465920K)] [ParOldGen: 1360832K->259145K(1398272K)] 1545814K->259145K(1864192K), [Metaspace: 60247K->60247K(1105920K)], 0.3216389 secs] [Times: user=1.49 sys=0.00, real=0.32 secs] 
3645.684: [GC (Allocation Failure) [PSYoungGen: 232960K->183158K(465920K)] 492105K->442304K(1864192K), 0.0775330 secs] [Times: user=0.40 sys=0.00, real=0.08 secs] 
3646.156: [GC (Allocation Failure) [PSYoungGen: 415514K->217460K(465920K)] 674659K->534566K(1864192K), 0.0539738 secs] [Times: user=0.26 sys=0.00, real=0.05 secs] 
3648.383: [GC (Allocation Failure) [PSYoungGen: 450420K->87722K(465920K)] 767526K->474140K(1864192K), 0.1188426 secs] [Times: user=0.66 sys=0.00, real=0.12 secs] 
3649.288: [GC (Allocation Failure) [PSYoungGen: 320682K->183062K(465920K)] 707100K->597529K(1864192K), 0.0462855 secs] [Times: user=0.20 sys=0.00, real=0.04 secs] 
3649.498: [GC (Allocation Failure) [PSYoungGen: 416022K->185238K(465920K)] 830489K->656524K(1864192K), 0.0549700 secs] [Times: user=0.27 sys=0.00, real=0.05 secs] 
3649.702: [GC (Allocation Failure) [PSYoungGen: 418198K->184596K(465920K)] 889484K->711987K(1864192K), 0.0640714 secs] [Times: user=0.31 sys=0.00, real=0.07 secs] 
3650.722: [GC (Allocation Failure) [PSYoungGen: 417556K->100540K(465920K)] 944947K->697579K(1864192K), 0.0445159 secs] [Times: user=0.23 sys=0.00, real=0.05 secs] 
3651.054: [GC (Allocation Failure) [PSYoungGen: 333500K->171540K(465920K)] 930539K->801915K(1864192K), 0.0871835 secs] [Times: user=0.43 sys=0.00, real=0.09 secs] 
3651.296: [GC (Allocation Failure) [PSYoungGen: 404500K->184053K(465920K)] 1034875K->867508K(1864192K), 0.0432499 secs] [Times: user=0.19 sys=0.00, real=0.04 secs] 
3651.477: [GC (GCLocker Initiated GC) [PSYoungGen: 417013K->184823K(465920K)] 1100470K->932303K(1864192K), 0.0552078 secs] [Times: user=0.26 sys=0.00, real=0.05 secs] 
3651.970: [GC (Allocation Failure) [PSYoungGen: 417783K->217780K(465920K)] 1165267K->1024057K(1864192K), 0.0558902 secs] [Times: user=0.28 sys=0.00, real=0.06 secs] 
3652.792: [GC (GCLocker Initiated GC) [PSYoungGen: 450740K->87466K(465920K)] 1257017K->962830K(1864192K), 0.0651186 secs] [Times: user=0.32 sys=0.00, real=0.07 secs] 
3653.269: [GC (Allocation Failure) [PSYoungGen: 320426K->183510K(465920K)] 1195957K->1086878K(1864192K), 0.0445203 secs] [Times: user=0.19 sys=0.00, real=0.04 secs] 
3653.432: [GC (Allocation Failure) [PSYoungGen: 416470K->185302K(465920K)] 1319838K->1145974K(1864192K), 0.0461513 secs] [Times: user=0.21 sys=0.00, real=0.05 secs] 
3653.584: [GC (Allocation Failure) [PSYoungGen: 418262K->187349K(465920K)] 1378934K->1204365K(1864192K), 0.0476997 secs] [Times: user=0.22 sys=0.00, real=0.05 secs] 
3654.682: [GC (Allocation Failure) [PSYoungGen: 420309K->99388K(465920K)] 1437325K->1186948K(1864192K), 0.0612015 secs] [Times: user=0.32 sys=0.00, real=0.06 secs] 
3656.580: [GC (Allocation Failure) [PSYoungGen: 332348K->166612K(465920K)] 1419908K->1285945K(1864192K), 0.0741314 secs] [Times: user=0.37 sys=0.00, real=0.07 secs] 
3656.803: [GC (Allocation Failure) [PSYoungGen: 399572K->182421K(465920K)] 1518905K->1353866K(1864192K), 0.0453815 secs] [Times: user=0.21 sys=0.00, real=0.05 secs] 
3656.964: [GC (Allocation Failure) [PSYoungGen: 415381K->186039K(465920K)] 1586826K->1421268K(1864192K), 0.0534762 secs] [Times: user=0.26 sys=0.00, real=0.06 secs] 
3657.157: [GC (Allocation Failure) [PSYoungGen: 418999K->187317K(465920K)] 1654228K->1481562K(1864192K), 0.0822711 secs] [Times: user=0.42 sys=0.00, real=0.08 secs] 
3658.267: [GC (Allocation Failure) [PSYoungGen: 420277K->89738K(465920K)] 1714522K->1454672K(1864192K), 0.0553867 secs] [Times: user=0.30 sys=0.00, real=0.05 secs] 
3658.322: [Full GC (Ergonomics) [PSYoungGen: 89738K->0K(465920K)] [ParOldGen: 1364933K->107211K(1398272K)] 1454672K->107211K(1864192K), [Metaspace: 60251K->60251K(1105920K)], 0.0953537 secs] [Times: user=0.39 sys=0.00, real=0.10 secs] 
3658.669: [GC (Allocation Failure) [PSYoungGen: 232960K->183350K(465920K)] 340171K->290562K(1864192K), 0.0313141 secs] [Times: user=0.11 sys=0.01, real=0.03 secs] 
3658.817: [GC (Allocation Failure) [PSYoungGen: 416310K->185494K(465920K)] 523522K->349601K(1864192K), 0.0420673 secs] [Times: user=0.19 sys=0.00, real=0.04 secs] 
3659.069: [GC (Allocation Failure) [PSYoungGen: 418454K->186837K(465920K)] 582561K->407153K(1864192K), 0.0501208 secs] [Times: user=0.23 sys=0.00, real=0.05 secs] 
3660.092: [GC (Allocation Failure) [PSYoungGen: 419797K->97371K(465920K)] 640113K->388039K(1864192K), 0.0438035 secs] [Times: user=0.22 sys=0.01, real=0.05 secs] 
3660.545: [GC (Allocation Failure) [PSYoungGen: 330331K->170484K(465920K)] 620999K->493021K(1864192K), 0.0504617 secs] [Times: user=0.24 sys=0.00, real=0.06 secs] 
3660.708: [GC (Allocation Failure) [PSYoungGen: 403444K->193110K(465920K)] 725981K->568934K(1864192K), 0.0424660 secs] [Times: user=0.19 sys=0.00, real=0.04 secs] 
3660.891: [GC (Allocation Failure) [PSYoungGen: 426070K->185943K(465920K)] 801894K->626319K(1864192K), 0.0552420 secs] [Times: user=0.26 sys=0.00, real=0.06 secs] 
3661.341: [GC (Allocation Failure) [PSYoungGen: 416297K->215604K(465920K)] 856674K->714981K(1864192K), 0.0533968 secs] [Times: user=0.26 sys=0.00, real=0.05 secs] 
3663.611: [GC (Allocation Failure) [PSYoungGen: 448564K->88106K(465920K)] 947941K->655955K(1864192K), 0.1164339 secs] [Times: user=0.64 sys=0.00, real=0.12 secs] 
3664.346: [GC (Allocation Failure) [PSYoungGen: 321066K->180470K(465920K)] 888915K->776459K(1864192K), 0.0442985 secs] [Times: user=0.19 sys=0.00, real=0.04 secs] 
3664.512: [GC (Allocation Failure) [PSYoungGen: 413430K->185462K(465920K)] 1009419K->837587K(1864192K), 0.0439163 secs] [Times: user=0.20 sys=0.00, real=0.05 secs] 
3664.666: [GC (Allocation Failure) [PSYoungGen: 418422K->187285K(465920K)] 1070547K->895899K(1864192K), 0.0459764 secs] [Times: user=0.21 sys=0.00, real=0.04 secs] 
3665.759: [GC (Allocation Failure) [PSYoungGen: 420245K->99180K(465920K)] 1128859K->878321K(1864192K), 0.0449054 secs] [Times: user=0.24 sys=0.00, real=0.04 secs] 
3666.030: [GC (Allocation Failure) [PSYoungGen: 332140K->170772K(465920K)] 1111281K->982063K(1864192K), 0.0702255 secs] [Times: user=0.35 sys=0.00, real=0.07 secs] 
3666.222: [GC (Allocation Failure) [PSYoungGen: 403732K->181493K(465920K)] 1215023K->1046144K(1864192K), 0.0429738 secs] [Times: user=0.19 sys=0.01, real=0.05 secs] 
3666.380: [GC (Allocation Failure) [PSYoungGen: 414453K->185463K(465920K)] 1279104K->1113201K(1864192K), 0.0497546 secs] [Times: user=0.23 sys=0.00, real=0.05 secs] 
3666.587: [GC (Allocation Failure) [PSYoungGen: 418423K->219605K(465920K)] 1346161K->1206287K(1864192K), 0.0557496 secs] [Times: user=0.27 sys=0.00, real=0.05 secs] 
3667.565: [GC (Allocation Failure) [PSYoungGen: 452565K->91034K(465920K)] 1439247K->1148033K(1864192K), 0.0550960 secs] [Times: user=0.29 sys=0.01, real=0.05 secs] 
3667.842: [GC (Allocation Failure) [PSYoungGen: 323994K->181878K(465920K)] 1380993K->1267889K(1864192K), 0.0350885 secs] [Times: user=0.14 sys=0.00, real=0.04 secs] 
3667.988: [GC (Allocation Failure) [PSYoungGen: 414838K->185078K(465920K)] 1500849K->1327905K(1864192K), 0.0445516 secs] [Times: user=0.20 sys=0.00, real=0.04 secs] 
3668.163: [GC (Allocation Failure) [PSYoungGen: 418038K->187349K(465920K)] 1560865K->1386521K(1864192K), 0.0508676 secs] [Times: user=0.25 sys=0.00, real=0.05 secs] 
3669.233: [GC (Allocation Failure) [PSYoungGen: 420309K->99372K(465920K)] 1619481K->1368939K(1864192K), 0.0444036 secs] [Times: user=0.23 sys=0.00, real=0.05 secs] 
3670.453: [GC (Allocation Failure) [PSYoungGen: 332332K->169012K(465920K)] 1601899K->1470736K(1864192K), 0.0721083 secs] [Times: user=0.34 sys=0.00, real=0.08 secs] 
3670.681: [GC (Allocation Failure) [PSYoungGen: 401972K->185334K(465920K)] 1703696K->1540326K(1864192K), 0.0470685 secs] [Times: user=0.22 sys=0.00, real=0.05 secs] 
3670.728: [Full GC (Ergonomics) [PSYoungGen: 185334K->0K(465920K)] [ParOldGen: 1354991K->259704K(1398272K)] 1540326K->259704K(1864192K), [Metaspace: 60260K->60260K(1105920K)], 0.3247926 secs] [Times: user=1.50 sys=0.00, real=0.32 secs] 
3671.166: [GC (GCLocker Initiated GC) [PSYoungGen: 232960K->181558K(465920K)] 492668K->441267K(1864192K), 0.0859145 secs] [Times: user=0.44 sys=0.00, real=0.08 secs] 
3671.426: [GC (Allocation Failure) [PSYoungGen: 414518K->218933K(465920K)] 674227K->536529K(1864192K), 0.0550753 secs] [Times: user=0.27 sys=0.00, real=0.05 secs] 
3673.184: [GC (Allocation Failure) [PSYoungGen: 451893K->91370K(465920K)] 769489K->478919K(1864192K), 0.1113316 secs] [Times: user=0.61 sys=0.00, real=0.12 secs] 
3673.548: [GC (Allocation Failure) [PSYoungGen: 324330K->176309K(465920K)] 711879K->593601K(1864192K), 0.0410959 secs] [Times: user=0.18 sys=0.00, real=0.04 secs] 
3673.749: [GC (Allocation Failure) [PSYoungGen: 409269K->185110K(465920K)] 826561K->656802K(1864192K), 0.0653562 secs] [Times: user=0.32 sys=0.00, real=0.06 secs] 
3673.942: [GC (Allocation Failure) [PSYoungGen: 418070K->187541K(465920K)] 889762K->715361K(1864192K), 0.0458038 secs] [Times: user=0.21 sys=0.00, real=0.05 secs] 
3674.926: [GC (Allocation Failure) [PSYoungGen: 420501K->101004K(465920K)] 948321K->699400K(1864192K), 0.0447173 secs] [Times: user=0.23 sys=0.00, real=0.04 secs] 
3675.233: [GC (Allocation Failure) [PSYoungGen: 333964K->170836K(465920K)] 932360K->802110K(1864192K), 0.0716329 secs] [Times: user=0.34 sys=0.00, real=0.07 secs] 
3675.496: [GC (Allocation Failure) [PSYoungGen: 403796K->185046K(465920K)] 1035070K->869615K(1864192K), 0.0433572 secs] [Times: user=0.19 sys=0.00, real=0.04 secs] 
3675.652: [GC (Allocation Failure) [PSYoungGen: 418006K->182902K(465920K)] 1102575K->931832K(1864192K), 0.0494374 secs] [Times: user=0.23 sys=0.00, real=0.05 secs] 
3675.907: [GC (Allocation Failure) [PSYoungGen: 415862K->218389K(465920K)] 1164792K->1025734K(1864192K), 0.0555063 secs] [Times: user=0.27 sys=0.01, real=0.05 secs] 
3677.851: [GC (Allocation Failure) [PSYoungGen: 451349K->90762K(465920K)] 1258694K->967956K(1864192K), 0.1080093 secs] [Times: user=0.59 sys=0.00, real=0.11 secs] 
3678.615: [GC (Allocation Failure) [PSYoungGen: 323722K->180822K(465920K)] 1200916K->1086964K(1864192K), 0.0464880 secs] [Times: user=0.21 sys=0.00, real=0.05 secs] 
3678.785: [GC (Allocation Failure) [PSYoungGen: 413782K->185334K(465920K)] 1319924K->1147820K(1864192K), 0.0456883 secs] [Times: user=0.21 sys=0.00, real=0.04 secs] 
3678.988: [GC (Allocation Failure) [PSYoungGen: 418294K->187125K(465920K)] 1380780K->1205667K(1864192K), 0.0683630 secs] [Times: user=0.34 sys=0.00, real=0.07 secs] 
3680.162: [GC (Allocation Failure) [PSYoungGen: 420085K->100332K(465920K)] 1438627K->1189474K(1864192K), 0.0617546 secs] [Times: user=0.33 sys=0.00, real=0.06 secs] 
3680.915: [GC (Allocation Failure) [PSYoungGen: 333292K->164531K(465920K)] 1422434K->1286191K(1864192K), 0.0800740 secs] [Times: user=0.40 sys=0.00, real=0.08 secs] 
3681.194: [GC (GCLocker Initiated GC) [PSYoungGen: 397491K->184053K(465920K)] 1519151K->1357009K(1864192K), 0.0556509 secs] [Times: user=0.27 sys=0.00, real=0.06 secs] 
3681.387: [GC (Allocation Failure) [PSYoungGen: 417013K->186103K(465920K)] 1590264K->1423441K(1864192K), 0.0572145 secs] [Times: user=0.27 sys=0.00, real=0.05 secs] 
3681.693: [GC (Allocation Failure) [PSYoungGen: 418626K->219125K(465920K)] 1655964K->1515383K(1864192K), 0.0565230 secs] [Times: user=0.28 sys=0.00, real=0.06 secs] 
3682.607: [GC (Allocation Failure) [PSYoungGen: 452085K->91210K(465920K)] 1748343K->1457421K(1864192K), 0.0503401 secs] [Times: user=0.27 sys=0.01, real=0.05 secs] 
3682.657: [Full GC (Ergonomics) [PSYoungGen: 91210K->0K(465920K)] [ParOldGen: 1366210K->109305K(1398272K)] 1457421K->109305K(1864192K), [Metaspace: 60262K->60262K(1105920K)], 0.0978300 secs] [Times: user=0.39 sys=0.00, real=0.10 secs] 
3683.009: [GC (Allocation Failure) [PSYoungGen: 232960K->179541K(465920K)] 342265K->288847K(1864192K), 0.0272294 secs] [Times: user=0.10 sys=0.00, real=0.03 secs] 
3683.184: [GC (Allocation Failure) [PSYoungGen: 412501K->185078K(465920K)] 521807K->350388K(1864192K), 0.0660135 secs] [Times: user=0.31 sys=0.00, real=0.07 secs] 
3683.397: [GC (Allocation Failure) [PSYoungGen: 418038K->187317K(465920K)] 583348K->408703K(1864192K), 0.0449952 secs] [Times: user=0.21 sys=0.00, real=0.04 secs] 
3684.550: [GC (Allocation Failure) [PSYoungGen: 420277K->101724K(465920K)] 641663K->393726K(1864192K), 0.0609725 secs] [Times: user=0.33 sys=0.00, real=0.06 secs] 
3686.255: [GC (Allocation Failure) [PSYoungGen: 334684K->163635K(465920K)] 626686K->488406K(1864192K), 0.0839501 secs] [Times: user=0.43 sys=0.00, real=0.09 secs] 
3686.498: [GC (Allocation Failure) [PSYoungGen: 396595K->185302K(465920K)] 721366K->561457K(1864192K), 0.0418288 secs] [Times: user=0.18 sys=0.00, real=0.04 secs] 
3686.655: [GC (Allocation Failure) [PSYoungGen: 418262K->185911K(465920K)] 794417K->626258K(1864192K), 0.0498033 secs] [Times: user=0.23 sys=0.00, real=0.05 secs] 
3686.921: [GC (Allocation Failure) [PSYoungGen: 418626K->218709K(465920K)] 858973K->718080K(1864192K), 0.0649853 secs] [Times: user=0.33 sys=0.00, real=0.07 secs] 
3688.056: [GC (Allocation Failure) [PSYoungGen: 451669K->87754K(465920K)] 951040K->657173K(1864192K), 0.0544720 secs] [Times: user=0.29 sys=0.00, real=0.05 secs] 
3688.302: [GC (Allocation Failure) [PSYoungGen: 320714K->183958K(465920K)] 890133K->781814K(1864192K), 0.0445276 secs] [Times: user=0.19 sys=0.00, real=0.05 secs] 
3688.507: [GC (Allocation Failure) [PSYoungGen: 416918K->185590K(465920K)] 1014774K->840450K(1864192K), 0.0446554 secs] [Times: user=0.20 sys=0.00, real=0.04 secs] 
3688.656: [GC (Allocation Failure) [PSYoungGen: 418550K->180596K(465920K)] 1073410K->891736K(1864192K), 0.0482092 secs] [Times: user=0.20 sys=0.01, real=0.04 secs] 
3690.342: [GC (GCLocker Initiated GC) [PSYoungGen: 413556K->105196K(465920K)] 1124696K->884465K(1864192K), 0.0453902 secs] [Times: user=0.23 sys=0.00, real=0.05 secs] 
3690.745: [GC (GCLocker Initiated GC) [PSYoungGen: 338156K->163187K(465920K)] 1117431K->976670K(1864192K), 0.0851348 secs] [Times: user=0.42 sys=0.00, real=0.08 secs] 
3691.033: [GC (Allocation Failure) [PSYoungGen: 396147K->181813K(465920K)] 1209759K->1046721K(1864192K), 0.0481871 secs] [Times: user=0.23 sys=0.00, real=0.05 secs] 
3691.195: [GC (Allocation Failure) [PSYoungGen: 414773K->185783K(465920K)] 1279681K->1114298K(1864192K), 0.0505851 secs] [Times: user=0.23 sys=0.00, real=0.05 secs] 
3691.580: [GC (Allocation Failure) [PSYoungGen: 418743K->184245K(465920K)] 1347258K->1171624K(1864192K), 0.0962245 secs] [Times: user=0.49 sys=0.00, real=0.10 secs] 
3693.361: [GC (Allocation Failure) [PSYoungGen: 417205K->94123K(465920K)] 1404584K->1151174K(1864192K), 0.1177459 secs] [Times: user=0.64 sys=0.00, real=0.12 secs] 
3694.423: [GC (Allocation Failure) [PSYoungGen: 327083K->177557K(465920K)] 1384134K->1264786K(1864192K), 0.0476270 secs] [Times: user=0.21 sys=0.00, real=0.05 secs] 
3694.598: [GC (Allocation Failure) [PSYoungGen: 410517K->185398K(465920K)] 1497746K->1328378K(1864192K), 0.0445292 secs] [Times: user=0.20 sys=0.00, real=0.04 secs] 
3694.753: [GC (Allocation Failure) [PSYoungGen: 418358K->187509K(465920K)] 1561338K->1386738K(1864192K), 0.0465791 secs] [Times: user=0.21 sys=0.00, real=0.05 secs] 
3696.215: [GC (Allocation Failure) [PSYoungGen: 420469K->104732K(465920K)] 1619698K->1374633K(1864192K), 0.0506101 secs] [Times: user=0.26 sys=0.00, real=0.06 secs] 
3696.825: [GC (GCLocker Initiated GC) [PSYoungGen: 337692K->161395K(465920K)] 1607593K->1465133K(1864192K), 0.0896779 secs] [Times: user=0.46 sys=0.00, real=0.08 secs] 
3697.122: [GC (Allocation Failure) [PSYoungGen: 394355K->182037K(465920K)] 1698260K->1536094K(1864192K), 0.0458336 secs] [Times: user=0.21 sys=0.01, real=0.05 secs] 
3697.168: [Full GC (Ergonomics) [PSYoungGen: 182037K->0K(465920K)] [ParOldGen: 1354056K->252393K(1398272K)] 1536094K->252393K(1864192K), [Metaspace: 60273K->60273K(1105920K)], 0.3105390 secs] [Times: user=1.42 sys=0.00, real=0.31 secs] 
3697.590: [GC (Allocation Failure) [PSYoungGen: 232960K->185943K(465920K)] 485353K->438336K(1864192K), 0.0851775 secs] [Times: user=0.45 sys=0.00, real=0.09 secs] 
3697.792: [GC (Allocation Failure) [PSYoungGen: 418903K->187381K(465920K)] 671296K->498894K(1864192K), 0.0562238 secs] [Times: user=0.27 sys=0.00, real=0.06 secs] 
3698.819: [GC (GCLocker Initiated GC) [PSYoungGen: 420341K->89434K(465920K)] 731855K->471604K(1864192K), 0.0605175 secs] [Times: user=0.33 sys=0.00, real=0.06 secs] 
3699.308: [GC (Allocation Failure) [PSYoungGen: 322394K->182166K(465920K)] 704731K->593171K(1864192K), 0.0439143 secs] [Times: user=0.19 sys=0.00, real=0.04 secs] 
3699.535: [GC (Allocation Failure) [PSYoungGen: 415126K->182293K(465920K)] 826131K->650159K(1864192K), 0.0611933 secs] [Times: user=0.29 sys=0.00, real=0.07 secs] 
3699.717: [GC (Allocation Failure) [PSYoungGen: 415253K->187381K(465920K)] 883119K->710767K(1864192K), 0.0448417 secs] [Times: user=0.21 sys=0.00, real=0.04 secs] 
3700.770: [GC (Allocation Failure) [PSYoungGen: 420341K->106653K(465920K)] 943727K->700638K(1864192K), 0.0451124 secs] [Times: user=0.23 sys=0.00, real=0.05 secs] 
3702.451: [GC (Allocation Failure) [PSYoungGen: 339613K->165139K(465920K)] 933598K->793750K(1864192K), 0.0949609 secs] [Times: user=0.48 sys=0.00, real=0.10 secs] 
3702.708: [GC (Allocation Failure) [PSYoungGen: 398099K->179477K(465920K)] 1026710K->859531K(1864192K), 0.0414268 secs] [Times: user=0.19 sys=0.00, real=0.04 secs] 
3702.888: [GC (Allocation Failure) [PSYoungGen: 412437K->185943K(465920K)] 1092491K->929029K(1864192K), 0.0672665 secs] [Times: user=0.33 sys=0.00, real=0.07 secs] 
3703.306: [GC (GCLocker Initiated GC) [PSYoungGen: 418903K->186613K(465920K)] 1161990K->988740K(1864192K), 0.1123588 secs] [Times: user=0.60 sys=0.00, real=0.11 secs] 
3704.510: [GC (Allocation Failure) [PSYoungGen: 419573K->93211K(465920K)] 1221703K->965837K(1864192K), 0.0578801 secs] [Times: user=0.31 sys=0.00, real=0.06 secs] 
3704.801: [GC (Allocation Failure) [PSYoungGen: 326171K->179445K(465920K)] 1198797K->1082001K(1864192K), 0.0382277 secs] [Times: user=0.15 sys=0.00, real=0.04 secs] 
3704.987: [GC (Allocation Failure) [PSYoungGen: 412325K->181685K(465920K)] 1314880K->1139973K(1864192K), 0.0632495 secs] [Times: user=0.30 sys=0.01, real=0.06 secs] 
3705.194: [GC (Allocation Failure) [PSYoungGen: 414645K->186549K(465920K)] 1372933K->1199700K(1864192K), 0.0457372 secs] [Times: user=0.21 sys=0.01, real=0.05 secs] 
3706.178: [GC (Allocation Failure) [PSYoungGen: 419509K->110237K(465920K)] 1432660K->1193973K(1864192K), 0.0497217 secs] [Times: user=0.25 sys=0.00, real=0.05 secs] 
3706.541: [GC (Allocation Failure) [PSYoungGen: 343197K->169524K(465920K)] 1426933K->1288528K(1864192K), 0.0807178 secs] [Times: user=0.41 sys=0.00, real=0.08 secs] 
3706.759: [GC (Allocation Failure) [PSYoungGen: 402484K->185078K(465920K)] 1521488K->1357618K(1864192K), 0.0437747 secs] [Times: user=0.20 sys=0.00, real=0.04 secs] 
3706.945: [GC (Allocation Failure) [PSYoungGen: 418038K->177206K(465920K)] 1590578K->1414258K(1864192K), 0.0588009 secs] [Times: user=0.28 sys=0.01, real=0.05 secs] 
3707.117: [GC (Allocation Failure) [PSYoungGen: 410166K->186997K(465920K)] 1647218K->1481153K(1864192K), 0.0560298 secs] [Times: user=0.27 sys=0.00, real=0.05 secs] 
3708.855: [GC (Allocation Failure) [PSYoungGen: 419957K->94395K(465920K)] 1714113K->1459023K(1864192K), 0.1113676 secs] [Times: user=0.61 sys=0.00, real=0.11 secs] 
3708.967: [Full GC (Ergonomics) [PSYoungGen: 94395K->0K(465920K)] [ParOldGen: 1364628K->110315K(1398272K)] 1459023K->110315K(1864192K), [Metaspace: 60273K->60273K(1105920K)], 0.1555704 secs] [Times: user=0.68 sys=0.00, real=0.15 secs] 
3709.639: [GC (Allocation Failure) [PSYoungGen: 232960K->180854K(465920K)] 343275K->291169K(1864192K), 0.0255323 secs] [Times: user=0.08 sys=0.00, real=0.02 secs] 
3709.777: [GC (Allocation Failure) [PSYoungGen: 413814K->184982K(465920K)] 524129K->351765K(1864192K), 0.0409442 secs] [Times: user=0.18 sys=0.00, real=0.04 secs] 
3709.950: [GC (Allocation Failure) [PSYoungGen: 417942K->187157K(465920K)] 584725K->409824K(1864192K), 0.0640692 secs] [Times: user=0.32 sys=0.00, real=0.06 secs] 
3711.019: [GC (Allocation Failure) [PSYoungGen: 420117K->100300K(465920K)] 642784K->393583K(1864192K), 0.0477726 secs] [Times: user=0.25 sys=0.00, real=0.05 secs] 
3712.070: [GC (Allocation Failure) [PSYoungGen: 333260K->168756K(465920K)] 626543K->494196K(1864192K), 0.0632146 secs] [Times: user=0.30 sys=0.00, real=0.06 secs] 
3712.319: [GC (Allocation Failure) [PSYoungGen: 401716K->179797K(465920K)] 727156K->558013K(1864192K), 0.0582563 secs] [Times: user=0.27 sys=0.00, real=0.06 secs] 
3712.502: [GC (Allocation Failure) [PSYoungGen: 412757K->185399K(465920K)] 790973K->626095K(1864192K), 0.0487807 secs] [Times: user=0.23 sys=0.00, real=0.05 secs] 
3712.701: [GC (Allocation Failure) [PSYoungGen: 418359K->187509K(465920K)] 859055K->686917K(1864192K), 0.0748410 secs] [Times: user=0.38 sys=0.00, real=0.08 secs] 
3713.798: [GC (Allocation Failure) [PSYoungGen: 420469K->90218K(465920K)] 919877K->660459K(1864192K), 0.0402403 secs] [Times: user=0.20 sys=0.00, real=0.04 secs] 
3714.141: [GC (GCLocker Initiated GC) [PSYoungGen: 323178K->179349K(465920K)] 893420K->778392K(1864192K), 0.0598002 secs] [Times: user=0.26 sys=0.00, real=0.06 secs] 
3714.359: [GC (Allocation Failure) [PSYoungGen: 412309K->185238K(465920K)] 1011519K->840851K(1864192K), 0.0445375 secs] [Times: user=0.19 sys=0.00, real=0.04 secs] 
3714.542: [GC (Allocation Failure) [PSYoungGen: 418198K->187637K(465920K)] 1073811K->899370K(1864192K), 0.0615933 secs] [Times: user=0.30 sys=0.00, real=0.06 secs] 
3715.714: [GC (Allocation Failure) [PSYoungGen: 420597K->101628K(465920K)] 1132330K->884033K(1864192K), 0.0611603 secs] [Times: user=0.32 sys=0.01, real=0.07 secs] 
3716.789: [GC (Allocation Failure) [PSYoungGen: 334588K->166708K(465920K)] 1116993K->981994K(1864192K), 0.0672457 secs] [Times: user=0.33 sys=0.00, real=0.07 secs] 
3716.998: [GC (Allocation Failure) [PSYoungGen: 399668K->185110K(465920K)] 1214954K->1052644K(1864192K), 0.0428176 secs] [Times: user=0.19 sys=0.00, real=0.04 secs] 
3717.156: [GC (Allocation Failure) [PSYoungGen: 418070K->185751K(465920K)] 1285604K->1117589K(1864192K), 0.0505125 secs] [Times: user=0.23 sys=0.00, real=0.05 secs] 
3717.326: [GC (Allocation Failure) [PSYoungGen: 418711K->181844K(465920K)] 1350549K->1172626K(1864192K), 0.0683171 secs] [Times: user=0.35 sys=0.01, real=0.06 secs] 
3719.103: [GC (Allocation Failure) [PSYoungGen: 414804K->91658K(465920K)] 1405586K->1151137K(1864192K), 0.1033473 secs] [Times: user=0.57 sys=0.00, real=0.11 secs] 
3719.605: [GC (Allocation Failure) [PSYoungGen: 324618K->183030K(465920K)] 1384097K->1272157K(1864192K), 0.0449514 secs] [Times: user=0.19 sys=0.00, real=0.04 secs] 
3719.815: [GC (Allocation Failure) [PSYoungGen: 415990K->181877K(465920K)] 1505117K->1327748K(1864192K), 0.0592214 secs] [Times: user=0.28 sys=0.00, real=0.05 secs] 
3720.019: [GC (Allocation Failure) [PSYoungGen: 414837K->187253K(465920K)] 1560708K->1388252K(1864192K), 0.0563878 secs] [Times: user=0.27 sys=0.00, real=0.06 secs] 
3721.054: [GC (Allocation Failure) [PSYoungGen: 420213K->101804K(465920K)] 1621212K->1373323K(1864192K), 0.0464913 secs] [Times: user=0.25 sys=0.00, real=0.05 secs] 
3721.349: [GC (Allocation Failure) [PSYoungGen: 334764K->169748K(465920K)] 1606283K->1474844K(1864192K), 0.0783026 secs] [Times: user=0.39 sys=0.00, real=0.08 secs] 
3721.628: [GC (Allocation Failure) [PSYoungGen: 402708K->181269K(465920K)] 1707804K->1539277K(1864192K), 0.0521755 secs] [Times: user=0.24 sys=0.00, real=0.05 secs] 
3721.681: [Full GC (Ergonomics) [PSYoungGen: 181269K->0K(465920K)] [ParOldGen: 1358007K->254176K(1398272K)] 1539277K->254176K(1864192K), [Metaspace: 60273K->60273K(1105920K)], 0.3173724 secs] [Times: user=1.46 sys=0.00, real=0.32 secs] 
3722.111: [GC (Allocation Failure) [PSYoungGen: 232960K->186071K(465920K)] 487136K->440247K(1864192K), 0.0780914 secs] [Times: user=0.40 sys=0.00, real=0.08 secs] 
3722.301: [GC (Allocation Failure) [PSYoungGen: 419031K->186837K(465920K)] 673207K->499917K(1864192K), 0.0547767 secs] [Times: user=0.27 sys=0.00, real=0.06 secs] 
3724.331: [GC (Allocation Failure) [PSYoungGen: 419797K->85130K(465920K)] 732877K->468594K(1864192K), 0.0905718 secs] [Times: user=0.50 sys=0.00, real=0.09 secs] 
3725.073: [GC (Allocation Failure) [PSYoungGen: 318090K->180886K(465920K)] 701554K->592051K(1864192K), 0.0454377 secs] [Times: user=0.20 sys=0.00, real=0.05 secs] 
3725.278: [GC (Allocation Failure) [PSYoungGen: 413846K->185366K(465920K)] 825011K->652787K(1864192K), 0.0641041 secs] [Times: user=0.31 sys=0.00, real=0.06 secs] 
3725.511: [GC (Allocation Failure) [PSYoungGen: 418326K->187573K(465920K)] 885747K->711186K(1864192K), 0.0655139 secs] [Times: user=0.32 sys=0.00, real=0.07 secs] 
3726.538: [GC (Allocation Failure) [PSYoungGen: 420533K->104252K(465920K)] 944146K->698538K(1864192K), 0.0487693 secs] [Times: user=0.25 sys=0.01, real=0.05 secs] 
3727.032: [GC (Allocation Failure) [PSYoungGen: 337212K->160915K(465920K)] 931498K->789265K(1864192K), 0.0796310 secs] [Times: user=0.39 sys=0.01, real=0.08 secs] 
3727.320: [GC (GCLocker Initiated GC) [PSYoungGen: 393875K->183317K(465920K)] 1022225K->861847K(1864192K), 0.0455501 secs] [Times: user=0.21 sys=0.00, real=0.05 secs] 
3727.476: [GC (Allocation Failure) [PSYoungGen: 416277K->186007K(465920K)] 1094846K->936656K(1864192K), 0.0501189 secs] [Times: user=0.23 sys=0.00, real=0.05 secs] 
3727.833: [GC (Allocation Failure) [PSYoungGen: 418967K->187573K(465920K)] 1169616K->997182K(1864192K), 0.0568024 secs] [Times: user=0.27 sys=0.00, real=0.06 secs] 
3728.820: [GC (Allocation Failure) [PSYoungGen: 420533K->94635K(465920K)] 1230142K->975004K(1864192K), 0.0437609 secs] [Times: user=0.23 sys=0.00, real=0.04 secs] 
3729.216: [GC (Allocation Failure) [PSYoungGen: 327595K->179477K(465920K)] 1207964K->1089787K(1864192K), 0.0493015 secs] [Times: user=0.21 sys=0.00, real=0.05 secs] 
3729.393: [GC (Allocation Failure) [PSYoungGen: 412437K->185046K(465920K)] 1322747K->1151544K(1864192K), 0.0442764 secs] [Times: user=0.20 sys=0.00, real=0.05 secs] 
3729.567: [GC (Allocation Failure) [PSYoungGen: 418006K->187317K(465920K)] 1384504K->1210039K(1864192K), 0.0507475 secs] [Times: user=0.24 sys=0.00, real=0.05 secs] 
3730.620: [GC (Allocation Failure) [PSYoungGen: 420277K->99676K(465920K)] 1442999K->1192910K(1864192K), 0.0457696 secs] [Times: user=0.24 sys=0.00, real=0.05 secs] 
3732.679: [GC (Allocation Failure) [PSYoungGen: 332636K->164851K(465920K)] 1425870K->1290066K(1864192K), 0.0783912 secs] [Times: user=0.39 sys=0.00, real=0.08 secs] 
3732.907: [GC (Allocation Failure) [PSYoungGen: 397811K->183573K(465920K)] 1523030K->1360268K(1864192K), 0.0440518 secs] [Times: user=0.20 sys=0.00, real=0.04 secs] 
3733.064: [GC (Allocation Failure) [PSYoungGen: 416533K->183702K(465920K)] 1593228K->1424117K(1864192K), 0.0513422 secs] [Times: user=0.24 sys=0.00, real=0.06 secs] 
3733.266: [GC (Allocation Failure) [PSYoungGen: 416662K->187285K(465920K)] 1657077K->1486051K(1864192K), 0.0778463 secs] [Times: user=0.39 sys=0.00, real=0.07 secs] 
3734.387: [GC (Allocation Failure) [PSYoungGen: 420245K->89738K(465920K)] 1719011K->1459144K(1864192K), 0.0429966 secs] [Times: user=0.22 sys=0.00, real=0.04 secs] 
3734.431: [Full GC (Ergonomics) [PSYoungGen: 89738K->0K(465920K)] [ParOldGen: 1369406K->106311K(1398272K)] 1459144K->106311K(1864192K), [Metaspace: 60274K->60274K(1105920K)], 0.0970410 secs] [Times: user=0.40 sys=0.00, real=0.10 secs] 
3734.802: [GC (Allocation Failure) [PSYoungGen: 232960K->183190K(465920K)] 339271K->289501K(1864192K), 0.0367774 secs] [Times: user=0.13 sys=0.00, real=0.04 secs] 
3735.023: [GC (Allocation Failure) [PSYoungGen: 416150K->185174K(465920K)] 522461K->348613K(1864192K), 0.0578608 secs] [Times: user=0.27 sys=0.00, real=0.06 secs] 
3735.198: [GC (Allocation Failure) [PSYoungGen: 418134K->183316K(465920K)] 581573K->402915K(1864192K), 0.0444579 secs] [Times: user=0.20 sys=0.01, real=0.04 secs] 
3736.187: [GC (Allocation Failure) [PSYoungGen: 416276K->103756K(465920K)] 635875K->392595K(1864192K), 0.0444364 secs] [Times: user=0.22 sys=0.00, real=0.04 secs] 
3736.822: [GC (Allocation Failure) [PSYoungGen: 336716K->165139K(465920K)] 625555K->487103K(1864192K), 0.0829503 secs] [Times: user=0.42 sys=0.00, real=0.09 secs] 
3737.116: [GC (Allocation Failure) [PSYoungGen: 398099K->184534K(465920K)] 720063K->558306K(1864192K), 0.0475123 secs] [Times: user=0.22 sys=0.01, real=0.04 secs] 
3737.301: [GC (Allocation Failure) [PSYoungGen: 417494K->186327K(465920K)] 791266K->624179K(1864192K), 0.0604012 secs] [Times: user=0.29 sys=0.00, real=0.06 secs] 
3737.483: [GC (Allocation Failure) [PSYoungGen: 419287K->184404K(465920K)] 857139K->681537K(1864192K), 0.0547111 secs] [Times: user=0.27 sys=0.00, real=0.06 secs] 
3739.814: [GC (Allocation Failure) [PSYoungGen: 417364K->88666K(465920K)] 914497K->655306K(1864192K), 0.0981503 secs] [Times: user=0.54 sys=0.00, real=0.10 secs] 
3740.572: [GC (Allocation Failure) [PSYoungGen: 321626K->180470K(465920K)] 888266K->775793K(1864192K), 0.0459905 secs] [Times: user=0.20 sys=0.00, real=0.05 secs] 
3740.744: [GC (Allocation Failure) [PSYoungGen: 413322K->185142K(465920K)] 1008645K->836697K(1864192K), 0.0438972 secs] [Times: user=0.20 sys=0.00, real=0.05 secs] 
3740.898: [GC (Allocation Failure) [PSYoungGen: 418102K->186901K(465920K)] 1069657K->894456K(1864192K), 0.0463198 secs] [Times: user=0.22 sys=0.00, real=0.04 secs] 
3741.897: [GC (Allocation Failure) [PSYoungGen: 419861K->103164K(465920K)] 1127416K->881416K(1864192K), 0.0490297 secs] [Times: user=0.25 sys=0.00, real=0.05 secs] 
3742.133: [GC (Allocation Failure) [PSYoungGen: 336124K->169396K(465920K)] 1114376K->981404K(1864192K), 0.0423849 secs] [Times: user=0.19 sys=0.00, real=0.05 secs] 
3742.288: [GC (Allocation Failure) [PSYoungGen: 402356K->201526K(465920K)] 1214364K->1066189K(1864192K), 0.0435434 secs] [Times: user=0.20 sys=0.00, real=0.04 secs] 
3742.683: [GC (Allocation Failure) [PSYoungGen: 434486K->184983K(465920K)] 1299149K->1114118K(1864192K), 0.0506169 secs] [Times: user=0.24 sys=0.00, real=0.05 secs] 
3742.994: [GC (GCLocker Initiated GC) [PSYoungGen: 417943K->180692K(465920K)] 1347079K->1168245K(1864192K), 0.0790418 secs] [Times: user=0.40 sys=0.00, real=0.08 secs] 
3744.173: [GC (Allocation Failure) [PSYoungGen: 413652K->93755K(465920K)] 1401207K->1149878K(1864192K), 0.0726027 secs] [Times: user=0.38 sys=0.01, real=0.08 secs] 
3744.651: [GC (Allocation Failure) [PSYoungGen: 326715K->179861K(465920K)] 1382838K->1265517K(1864192K), 0.0474867 secs] [Times: user=0.21 sys=0.00, real=0.05 secs] 
3744.889: [GC (Allocation Failure) [PSYoungGen: 412821K->182261K(465920K)] 1498477K->1324165K(1864192K), 0.0632486 secs] [Times: user=0.30 sys=0.00, real=0.06 secs] 
3745.138: [GC (Allocation Failure) [PSYoungGen: 415221K->203509K(465920K)] 1557125K->1400757K(1864192K), 0.0488033 secs] [Times: user=0.23 sys=0.00, real=0.05 secs] 
3746.215: [GC (Allocation Failure) [PSYoungGen: 436469K->107837K(465920K)] 1633717K->1375749K(1864192K), 0.0623223 secs] [Times: user=0.33 sys=0.00, real=0.06 secs] 
3747.743: [GC (Allocation Failure) [PSYoungGen: 340797K->162291K(465920K)] 1608709K->1464984K(1864192K), 0.0908979 secs] [Times: user=0.47 sys=0.00, real=0.09 secs] 
3747.986: [GC (Allocation Failure) [PSYoungGen: 395251K->185142K(465920K)] 1697944K->1539343K(1864192K), 0.0435192 secs] [Times: user=0.20 sys=0.00, real=0.04 secs] 
3748.030: [Full GC (Ergonomics) [PSYoungGen: 185142K->0K(465920K)] [ParOldGen: 1354201K->257821K(1398272K)] 1539343K->257821K(1864192K), [Metaspace: 60286K->60286K(1105920K)], 0.3195046 secs] [Times: user=1.47 sys=0.00, real=0.32 secs] 
3748.465: [GC (Allocation Failure) [PSYoungGen: 232960K->186103K(465920K)] 490781K->443924K(1864192K), 0.0897357 secs] [Times: user=0.47 sys=0.00, real=0.09 secs] 
3748.765: [GC (Allocation Failure) [PSYoungGen: 419063K->187189K(465920K)] 676884K->504106K(1864192K), 0.0681101 secs] [Times: user=0.35 sys=0.00, real=0.06 secs] 
3750.063: [GC (Allocation Failure) [PSYoungGen: 420149K->91178K(465920K)] 737066K->478688K(1864192K), 0.0626784 secs] [Times: user=0.33 sys=0.00, real=0.07 secs] 
3750.335: [GC (Allocation Failure) [PSYoungGen: 324138K->183926K(465920K)] 711648K->601072K(1864192K), 0.0344442 secs] [Times: user=0.14 sys=0.00, real=0.03 secs] 
3750.480: [GC (Allocation Failure) [PSYoungGen: 416886K->185270K(465920K)] 834032K->659644K(1864192K), 0.0437552 secs] [Times: user=0.19 sys=0.00, real=0.04 secs] 
3750.655: [GC (Allocation Failure) [PSYoungGen: 418230K->184180K(465920K)] 892604K->714627K(1864192K), 0.0562082 secs] [Times: user=0.27 sys=0.00, real=0.05 secs] 
3751.731: [GC (Allocation Failure) [PSYoungGen: 417140K->100140K(465920K)] 947587K->700090K(1864192K), 0.0438737 secs] [Times: user=0.22 sys=0.00, real=0.04 secs] 
3752.060: [GC (GCLocker Initiated GC) [PSYoungGen: 333100K->170932K(465920K)] 933050K->803391K(1864192K), 0.0688484 secs] [Times: user=0.34 sys=0.00, real=0.07 secs] 
3752.263: [GC (Allocation Failure) [PSYoungGen: 403892K->185366K(465920K)] 1036354K->871556K(1864192K), 0.0441301 secs] [Times: user=0.20 sys=0.00, real=0.05 secs] 
3752.446: [GC (Allocation Failure) [PSYoungGen: 418326K->185719K(465920K)] 1104516K->936417K(1864192K), 0.0565417 secs] [Times: user=0.27 sys=0.00, real=0.05 secs] 
3752.910: [GC (Allocation Failure) [PSYoungGen: 417259K->197204K(465920K)] 1167958K->1006838K(1864192K), 0.0556338 secs] [Times: user=0.27 sys=0.00, real=0.06 secs] 
3754.572: [GC (Allocation Failure) [PSYoungGen: 430164K->90010K(465920K)] 1239798K->967389K(1864192K), 0.1090089 secs] [Times: user=0.59 sys=0.01, real=0.11 secs] 
3754.969: [GC (Allocation Failure) [PSYoungGen: 322970K->183446K(465920K)] 1200349K->1089597K(1864192K), 0.0345373 secs] [Times: user=0.14 sys=0.00, real=0.03 secs] 
3755.140: [GC (Allocation Failure) [PSYoungGen: 416406K->185430K(465920K)] 1322557K->1148765K(1864192K), 0.0493454 secs] [Times: user=0.23 sys=0.00, real=0.05 secs] 
3755.314: [GC (Allocation Failure) [PSYoungGen: 418390K->184597K(465920K)] 1381725K->1204140K(1864192K), 0.0463130 secs] [Times: user=0.21 sys=0.00, real=0.05 secs] 
3756.566: [GC (Allocation Failure) [PSYoungGen: 417557K->101660K(465920K)] 1437100K->1190859K(1864192K), 0.0794254 secs] [Times: user=0.42 sys=0.00, real=0.08 secs] 
3757.750: [GC (Allocation Failure) [PSYoungGen: 334620K->169812K(465920K)] 1423819K->1291376K(1864192K), 0.0720460 secs] [Times: user=0.35 sys=0.00, real=0.07 secs] 
3758.016: [GC (Allocation Failure) [PSYoungGen: 402772K->185206K(465920K)] 1524336K->1360002K(1864192K), 0.0596989 secs] [Times: user=0.29 sys=0.00, real=0.06 secs] 
3758.194: [GC (Allocation Failure) [PSYoungGen: 418166K->185847K(465920K)] 1592962K->1424915K(1864192K), 0.0520710 secs] [Times: user=0.24 sys=0.00, real=0.06 secs] 
3758.615: [GC (Allocation Failure) [PSYoungGen: 418807K->214260K(465920K)] 1657875K->1512096K(1864192K), 0.0578076 secs] [Times: user=0.28 sys=0.00, real=0.05 secs] 
3759.863: [GC (GCLocker Initiated GC) [PSYoungGen: 447220K->91754K(465920K)] 1745056K->1457687K(1864192K), 0.0685207 secs] [Times: user=0.37 sys=0.00, real=0.07 secs] 
3759.932: [Full GC (Ergonomics) [PSYoungGen: 91754K->0K(465920K)] [ParOldGen: 1365932K->109438K(1398272K)] 1457687K->109438K(1864192K), [Metaspace: 60302K->60302K(1105920K)], 0.1375064 secs] [Times: user=0.58 sys=0.00, real=0.14 secs] 
3760.321: [GC (Allocation Failure) [PSYoungGen: 232960K->183478K(465920K)] 342401K->292919K(1864192K), 0.0256396 secs] [Times: user=0.09 sys=0.00, real=0.03 secs] 
3760.458: [GC (Allocation Failure) [PSYoungGen: 416438K->210006K(465920K)] 525879K->376659K(1864192K), 0.0428760 secs] [Times: user=0.20 sys=0.00, real=0.04 secs] 
3760.934: [GC (Allocation Failure) [PSYoungGen: 442966K->186837K(465920K)] 609619K->409610K(1864192K), 0.0480227 secs] [Times: user=0.23 sys=0.00, real=0.05 secs] 
3762.257: [GC (Allocation Failure) [PSYoungGen: 419797K->97675K(465920K)] 642570K->390913K(1864192K), 0.0838262 secs] [Times: user=0.45 sys=0.00, real=0.08 secs] 
3763.960: [GC (Allocation Failure) [PSYoungGen: 330635K->170164K(465920K)] 623873K->494390K(1864192K), 0.0700302 secs] [Times: user=0.34 sys=0.00, real=0.07 secs] 
3764.181: [GC (Allocation Failure) [PSYoungGen: 403124K->182645K(465920K)] 727350K->560140K(1864192K), 0.0419486 secs] [Times: user=0.19 sys=0.00, real=0.04 secs] 
3764.365: [GC (Allocation Failure) [PSYoungGen: 415605K->186039K(465920K)] 793100K->627413K(1864192K), 0.0729048 secs] [Times: user=0.36 sys=0.00, real=0.08 secs] 
3764.849: [GC (Allocation Failure) [PSYoungGen: 416973K->216372K(465920K)] 858347K->716587K(1864192K), 0.0538716 secs] [Times: user=0.26 sys=0.00, real=0.05 secs] 
3766.603: [GC (Allocation Failure) [PSYoungGen: 449332K->91018K(465920K)] 949547K->660041K(1864192K), 0.0816012 secs] [Times: user=0.44 sys=0.00, real=0.08 secs] 
3766.934: [GC (Allocation Failure) [PSYoungGen: 323978K->184310K(465920K)] 893001K->782953K(1864192K), 0.0343879 secs] [Times: user=0.14 sys=0.00, real=0.04 secs] 
3767.076: [GC (Allocation Failure) [PSYoungGen: 417270K->182677K(465920K)] 1015913K->838433K(1864192K), 0.0440420 secs] [Times: user=0.19 sys=0.01, real=0.04 secs] 
3767.230: [GC (Allocation Failure) [PSYoungGen: 415637K->187093K(465920K)] 1071393K->898240K(1864192K), 0.0454564 secs] [Times: user=0.21 sys=0.00, real=0.05 secs] 
3768.287: [GC (Allocation Failure) [PSYoungGen: 420053K->99292K(465920K)] 1131200K->881167K(1864192K), 0.0449201 secs] [Times: user=0.24 sys=0.00, real=0.04 secs] 
3768.546: [GC (Allocation Failure) [PSYoungGen: 332252K->172116K(465920K)] 1114127K->986165K(1864192K), 0.0653912 secs] [Times: user=0.31 sys=0.00, real=0.06 secs] 
3768.799: [GC (Allocation Failure) [PSYoungGen: 405076K->184918K(465920K)] 1219125K->1052766K(1864192K), 0.0429914 secs] [Times: user=0.19 sys=0.00, real=0.04 secs] 
3768.953: [GC (Allocation Failure) [PSYoungGen: 417878K->186039K(465920K)] 1285726K->1118223K(1864192K), 0.0499489 secs] [Times: user=0.23 sys=0.00, real=0.05 secs] 
3769.294: [GC (Allocation Failure) [PSYoungGen: 418578K->211540K(465920K)] 1350762K->1202684K(1864192K), 0.0539894 secs] [Times: user=0.27 sys=0.01, real=0.06 secs] 
3770.975: [GC (Allocation Failure) [PSYoungGen: 444500K->92827K(465920K)] 1435644K->1151363K(1864192K), 0.1144284 secs] [Times: user=0.63 sys=0.00, real=0.12 secs] 
3771.836: [GC (Allocation Failure) [PSYoungGen: 325787K->180533K(465920K)] 1384323K->1268659K(1864192K), 0.0467280 secs] [Times: user=0.21 sys=0.00, real=0.04 secs] 
3772.004: [GC (Allocation Failure) [PSYoungGen: 413389K->182069K(465920K)] 1501514K->1326127K(1864192K), 0.0439791 secs] [Times: user=0.20 sys=0.00, real=0.05 secs] 
3772.158: [GC (Allocation Failure) [PSYoungGen: 415029K->187605K(465920K)] 1559087K->1387070K(1864192K), 0.0458368 secs] [Times: user=0.21 sys=0.00, real=0.04 secs] 
3773.240: [GC (GCLocker Initiated GC) [PSYoungGen: 420565K->101900K(465920K)] 1620030K->1372101K(1864192K), 0.0491013 secs] [Times: user=0.26 sys=0.00, real=0.05 secs] 
3774.014: [GC (Allocation Failure) [PSYoungGen: 334860K->171028K(465920K)] 1605356K->1474185K(1864192K), 0.0606584 secs] [Times: user=0.29 sys=0.00, real=0.06 secs] 
3774.239: [GC (Allocation Failure) [PSYoungGen: 403988K->185238K(465920K)] 1707145K->1541895K(1864192K), 0.0569678 secs] [Times: user=0.27 sys=0.00, real=0.06 secs] 
3774.296: [Full GC (Ergonomics) [PSYoungGen: 185238K->0K(465920K)] [ParOldGen: 1356657K->259571K(1398272K)] 1541895K->259571K(1864192K), [Metaspace: 60306K->60306K(1105920K)], 0.3390426 secs] [Times: user=1.57 sys=0.00, real=0.34 secs] 
3774.752: [GC (Allocation Failure) [PSYoungGen: 232960K->180726K(465920K)] 492531K->440298K(1864192K), 0.0806092 secs] [Times: user=0.42 sys=0.00, real=0.08 secs] 
3775.043: [GC (Allocation Failure) [PSYoungGen: 413686K->217588K(465920K)] 673258K->534704K(1864192K), 0.0541323 secs] [Times: user=0.26 sys=0.01, real=0.06 secs] 
3775.941: [GC (Allocation Failure) [PSYoungGen: 450548K->96763K(465920K)] 767664K->483255K(1864192K), 0.0565768 secs] [Times: user=0.30 sys=0.00, real=0.06 secs] 
3776.277: [GC (Allocation Failure) [PSYoungGen: 329723K->183222K(465920K)] 716215K->600243K(1864192K), 0.0518226 secs] [Times: user=0.23 sys=0.00, real=0.05 secs] 
3776.513: [GC (Allocation Failure) [PSYoungGen: 416182K->184918K(465920K)] 833203K->659130K(1864192K), 0.0601838 secs] [Times: user=0.28 sys=0.00, real=0.06 secs] 
3776.687: [GC (Allocation Failure) [PSYoungGen: 417878K->232852K(465920K)] 892090K->766850K(1864192K), 0.0476032 secs] [Times: user=0.22 sys=0.00, real=0.04 secs] 
3777.765: [GC (Allocation Failure) [PSYoungGen: 465812K->96715K(465920K)] 999810K->701537K(1864192K), 0.0480031 secs] [Times: user=0.25 sys=0.00, real=0.04 secs] 
3778.839: [GC (Allocation Failure) [PSYoungGen: 329675K->171316K(465920K)] 934497K->806895K(1864192K), 0.0650938 secs] [Times: user=0.31 sys=0.00, real=0.06 secs] 
3779.049: [GC (Allocation Failure) [PSYoungGen: 404276K->185430K(465920K)] 1039855K->874620K(1864192K), 0.0434381 secs] [Times: user=0.19 sys=0.00, real=0.04 secs] 
3779.232: [GC (Allocation Failure) [PSYoungGen: 418390K->186039K(465920K)] 1107580K->939837K(1864192K), 0.0559868 secs] [Times: user=0.27 sys=0.00, real=0.06 secs] 
3779.999: [GC (Allocation Failure) [PSYoungGen: 418999K->210419K(465920K)] 1172797K->1023218K(1864192K), 0.0572398 secs] [Times: user=0.28 sys=0.01, real=0.06 secs] 
3782.354: [GC (Allocation Failure) [PSYoungGen: 443379K->93579K(465920K)] 1256178K->972617K(1864192K), 0.0996665 secs] [Times: user=0.55 sys=0.00, real=0.10 secs] 
3782.906: [GC (Allocation Failure) [PSYoungGen: 326539K->183414K(465920K)] 1205577K->1092545K(1864192K), 0.0466834 secs] [Times: user=0.20 sys=0.00, real=0.04 secs] 
3783.111: [GC (Allocation Failure) [PSYoungGen: 416374K->185590K(465920K)] 1325505K->1151337K(1864192K), 0.0513735 secs] [Times: user=0.25 sys=0.00, real=0.05 secs] 
3783.303: [GC (Allocation Failure) [PSYoungGen: 418550K->180852K(465920K)] 1384297K->1202864K(1864192K), 0.0621640 secs] [Times: user=0.29 sys=0.00, real=0.07 secs] 
3784.387: [GC (Allocation Failure) [PSYoungGen: 413812K->100780K(465920K)] 1435824K->1191191K(1864192K), 0.0452271 secs] [Times: user=0.23 sys=0.00, real=0.04 secs] 
3784.657: [GC (Allocation Failure) [PSYoungGen: 333740K->173141K(465920K)] 1424151K->1296592K(1864192K), 0.0744631 secs] [Times: user=0.36 sys=0.01, real=0.07 secs] 
3784.910: [GC (Allocation Failure) [PSYoungGen: 406101K->184502K(465920K)] 1529552K->1361689K(1864192K), 0.0441788 secs] [Times: user=0.20 sys=0.00, real=0.04 secs] 
3785.097: [GC (Allocation Failure) [PSYoungGen: 417462K->186135K(465920K)] 1594649K->1427611K(1864192K), 0.0567234 secs] [Times: user=0.27 sys=0.00, real=0.05 secs] 
3785.758: [GC (Allocation Failure) [PSYoungGen: 419095K->196531K(465920K)] 1660571K->1497263K(1864192K), 0.0559289 secs] [Times: user=0.28 sys=0.00, real=0.05 secs] 
3787.527: [GC (Allocation Failure) [PSYoungGen: 429491K->92122K(465920K)] 1730223K->1459854K(1864192K), 0.1210501 secs] [Times: user=0.67 sys=0.00, real=0.12 secs] 
3787.648: [Full GC (Ergonomics) [PSYoungGen: 92122K->0K(465920K)] [ParOldGen: 1367731K->110684K(1398272K)] 1459854K->110684K(1864192K), [Metaspace: 60306K->60306K(1105920K)], 0.1691133 secs] [Times: user=0.75 sys=0.00, real=0.17 secs] 
3788.449: [GC (Allocation Failure) [PSYoungGen: 232960K->183670K(465920K)] 343644K->294355K(1864192K), 0.0321141 secs] [Times: user=0.11 sys=0.01, real=0.03 secs] 
3788.605: [GC (Allocation Failure) [PSYoungGen: 416630K->185206K(465920K)] 527315K->353070K(1864192K), 0.0414417 secs] [Times: user=0.19 sys=0.00, real=0.04 secs] 
3788.776: [GC (Allocation Failure) [PSYoungGen: 418166K->187541K(465920K)] 586030K->411718K(1864192K), 0.0493421 secs] [Times: user=0.23 sys=0.00, real=0.05 secs] 
3789.850: [GC (Allocation Failure) [PSYoungGen: 420501K->98812K(465920K)] 644678K->393524K(1864192K), 0.0493154 secs] [Times: user=0.26 sys=0.00, real=0.05 secs] 
3790.851: [GC (Allocation Failure) [PSYoungGen: 331691K->168532K(465920K)] 626404K->495374K(1864192K), 0.0644939 secs] [Times: user=0.31 sys=0.00, real=0.07 secs] 
3791.065: [GC (Allocation Failure) [PSYoungGen: 401492K->184726K(465920K)] 728334K->564019K(1864192K), 0.0420568 secs] [Times: user=0.19 sys=0.00, real=0.04 secs] 
3791.220: [GC (Allocation Failure) [PSYoungGen: 417686K->186551K(465920K)] 796979K->630037K(1864192K), 0.0499139 secs] [Times: user=0.23 sys=0.00, real=0.05 secs] 
3791.789: [GC (Allocation Failure) [PSYoungGen: 419511K->219316K(465920K)] 862997K->722114K(1864192K), 0.0530401 secs] [Times: user=0.26 sys=0.00, real=0.05 secs] 
3792.445: [GC (GCLocker Initiated GC) [PSYoungGen: 452276K->94971K(465920K)] 955075K->665362K(1864192K), 0.0569298 secs] [Times: user=0.30 sys=0.00, real=0.05 secs] 
3792.967: [GC (GCLocker Initiated GC) [PSYoungGen: 327931K->182038K(465920K)] 898324K->782280K(1864192K), 0.0451719 secs] [Times: user=0.20 sys=0.00, real=0.04 secs] 
3793.139: [GC (Allocation Failure) [PSYoungGen: 414998K->185174K(465920K)] 1015407K->842459K(1864192K), 0.0445601 secs] [Times: user=0.20 sys=0.00, real=0.04 secs] 
3793.289: [GC (Allocation Failure) [PSYoungGen: 418134K->187477K(465920K)] 1075419K->900962K(1864192K), 0.0462898 secs] [Times: user=0.21 sys=0.00, real=0.05 secs] 
3794.394: [GC (Allocation Failure) [PSYoungGen: 420437K->103916K(465920K)] 1133922K->887913K(1864192K), 0.0676792 secs] [Times: user=0.35 sys=0.00, real=0.07 secs] 
3795.468: [GC (Allocation Failure) [PSYoungGen: 336876K->167060K(465920K)] 1120873K->984949K(1864192K), 0.0667974 secs] [Times: user=0.32 sys=0.01, real=0.07 secs] 
3795.686: [GC (Allocation Failure) [PSYoungGen: 400020K->184822K(465920K)] 1217909K->1054751K(1864192K), 0.0423945 secs] [Times: user=0.19 sys=0.00, real=0.04 secs] 
3796.102: [GC (Allocation Failure) [PSYoungGen: 417782K->184151K(465920K)] 1287711K->1118296K(1864192K), 0.1306886 secs] [Times: user=0.68 sys=0.00, real=0.13 secs] 
3796.720: [GC (Allocation Failure) [PSYoungGen: 413788K->211348K(465920K)] 1347933K->1203885K(1864192K), 0.0546455 secs] [Times: user=0.27 sys=0.00, real=0.06 secs] 
3798.402: [GC (Allocation Failure) [PSYoungGen: 444308K->95755K(465920K)] 1436845K->1155148K(1864192K), 0.1112384 secs] [Times: user=0.61 sys=0.00, real=0.11 secs] 
3798.742: [GC (Allocation Failure) [PSYoungGen: 328715K->180470K(465920K)] 1388108K->1270404K(1864192K), 0.0356646 secs] [Times: user=0.15 sys=0.00, real=0.04 secs] 
3798.888: [GC (Allocation Failure) [PSYoungGen: 413430K->181973K(465920K)] 1503364K->1327799K(1864192K), 0.0441679 secs] [Times: user=0.20 sys=0.00, real=0.04 secs] 
3799.060: [GC (Allocation Failure) [PSYoungGen: 414933K->186965K(465920K)] 1560759K->1387951K(1864192K), 0.0603484 secs] [Times: user=0.29 sys=0.00, real=0.06 secs] 
3800.133: [GC (Allocation Failure) [PSYoungGen: 419925K->106525K(465920K)] 1620911K->1378159K(1864192K), 0.0570654 secs] [Times: user=0.30 sys=0.00, real=0.06 secs] 
3800.503: [GC (Allocation Failure) [PSYoungGen: 339485K->166292K(465920K)] 1611119K->1472846K(1864192K), 0.0608292 secs] [Times: user=0.29 sys=0.00, real=0.06 secs] 
3800.701: [GC (Allocation Failure) [PSYoungGen: 399252K->183765K(465920K)] 1705806K->1542244K(1864192K), 0.0435764 secs] [Times: user=0.19 sys=0.00, real=0.05 secs] 
3800.745: [Full GC (Ergonomics) [PSYoungGen: 183765K->0K(465920K)] [ParOldGen: 1358478K->259303K(1398272K)] 1542244K->259303K(1864192K), [Metaspace: 60307K->60307K(1105920K)], 0.3272438 secs] [Times: user=1.51 sys=0.00, real=0.32 secs] 
3801.187: [GC (Allocation Failure) [PSYoungGen: 232960K->185751K(465920K)] 492263K->445054K(1864192K), 0.0852185 secs] [Times: user=0.44 sys=0.00, real=0.08 secs] 
3801.660: [GC (Allocation Failure) [PSYoungGen: 416801K->213108K(465920K)] 676104K->531483K(1864192K), 0.0542505 secs] [Times: user=0.27 sys=0.00, real=0.05 secs] 
3803.080: [GC (Allocation Failure) [PSYoungGen: 446068K->91274K(465920K)] 764443K->477302K(1864192K), 0.0966795 secs] [Times: user=0.51 sys=0.00, real=0.10 secs] 
3803.818: [GC (Allocation Failure) [PSYoungGen: 324234K->183190K(465920K)] 710262K->598902K(1864192K), 0.0431943 secs] [Times: user=0.19 sys=0.00, real=0.04 secs] 
3804.020: [GC (Allocation Failure) [PSYoungGen: 416150K->182165K(465920K)] 831862K->654794K(1864192K), 0.0647027 secs] [Times: user=0.31 sys=0.00, real=0.06 secs] 
3804.216: [GC (GCLocker Initiated GC) [PSYoungGen: 415125K->185941K(465920K)] 887754K->714001K(1864192K), 0.0455443 secs] [Times: user=0.21 sys=0.00, real=0.04 secs] 
3805.322: [GC (Allocation Failure) [PSYoungGen: 418901K->103340K(465920K)] 946963K->701771K(1864192K), 0.0607829 secs] [Times: user=0.32 sys=0.00, real=0.06 secs] 
3806.581: [GC (Allocation Failure) [PSYoungGen: 336300K->161363K(465920K)] 934731K->792782K(1864192K), 0.0872836 secs] [Times: user=0.39 sys=0.00, real=0.09 secs] 
3806.806: [GC (Allocation Failure) [PSYoungGen: 394323K->184886K(465920K)] 1025742K->866637K(1864192K), 0.0415064 secs] [Times: user=0.18 sys=0.00, real=0.04 secs] 
3806.961: [GC (Allocation Failure) [PSYoungGen: 417846K->185975K(465920K)] 1099597K->931918K(1864192K), 0.0497081 secs] [Times: user=0.23 sys=0.00, real=0.05 secs] 
3807.116: [GC (Allocation Failure) [PSYoungGen: 418935K->184372K(465920K)] 1164878K->989292K(1864192K), 0.0551134 secs] [Times: user=0.26 sys=0.00, real=0.05 secs] 
3808.167: [GC (Allocation Failure) [PSYoungGen: 417332K->94203K(465920K)] 1222252K->968754K(1864192K), 0.0576035 secs] [Times: user=0.31 sys=0.00, real=0.05 secs] 
3808.552: [GC (Allocation Failure) [PSYoungGen: 327163K->177813K(465920K)] 1201714K->1081842K(1864192K), 0.0466388 secs] [Times: user=0.20 sys=0.00, real=0.05 secs] 
3808.722: [GC (Allocation Failure) [PSYoungGen: 410773K->184662K(465920K)] 1314802K->1144346K(1864192K), 0.0445471 secs] [Times: user=0.20 sys=0.01, real=0.05 secs] 
3808.874: [GC (Allocation Failure) [PSYoungGen: 417622K->187509K(465920K)] 1377306K->1203073K(1864192K), 0.0461873 secs] [Times: user=0.22 sys=0.00, real=0.05 secs] 
3809.905: [GC (Allocation Failure) [PSYoungGen: 420469K->102220K(465920K)] 1436033K->1188337K(1864192K), 0.0516253 secs] [Times: user=0.27 sys=0.00, real=0.05 secs] 
3811.538: [GC (Allocation Failure) [PSYoungGen: 335180K->166068K(465920K)] 1421297K->1285189K(1864192K), 0.0877156 secs] [Times: user=0.44 sys=0.00, real=0.09 secs] 
3811.826: [GC (Allocation Failure) [PSYoungGen: 399028K->182037K(465920K)] 1518149K->1352987K(1864192K), 0.0508087 secs] [Times: user=0.24 sys=0.00, real=0.05 secs] 
3812.007: [GC (Allocation Failure) [PSYoungGen: 414997K->185751K(465920K)] 1585947K->1420348K(1864192K), 0.0589835 secs] [Times: user=0.29 sys=0.00, real=0.06 secs] 
3812.196: [GC (Allocation Failure) [PSYoungGen: 418711K->187349K(465920K)] 1653308K->1480874K(1864192K), 0.0774214 secs] [Times: user=0.40 sys=0.00, real=0.07 secs] 
3813.715: [GC (Allocation Failure) [PSYoungGen: 420309K->86906K(465920K)] 1713834K->1451111K(1864192K), 0.1075450 secs] [Times: user=0.59 sys=0.00, real=0.11 secs] 
3813.822: [Full GC (Ergonomics) [PSYoungGen: 86906K->0K(465920K)] [ParOldGen: 1364205K->103811K(1398272K)] 1451111K->103811K(1864192K), [Metaspace: 60309K->60309K(1105920K)], 0.1587627 secs] [Times: user=0.67 sys=0.00, real=0.16 secs] 
3814.226: [GC (Allocation Failure) [PSYoungGen: 232960K->179829K(465920K)] 336771K->283641K(1864192K), 0.0348006 secs] [Times: user=0.13 sys=0.00, real=0.03 secs] 
3814.398: [GC (Allocation Failure) [PSYoungGen: 412789K->185238K(465920K)] 516601K->344777K(1864192K), 0.0413780 secs] [Times: user=0.18 sys=0.00, real=0.04 secs] 
3814.547: [GC (Allocation Failure) [PSYoungGen: 418198K->183924K(465920K)] 577737K->399720K(1864192K), 0.0447642 secs] [Times: user=0.21 sys=0.00, real=0.04 secs] 
3815.557: [GC (Allocation Failure) [PSYoungGen: 416884K->108733K(465920K)] 632680K->393944K(1864192K), 0.0487206 secs] [Times: user=0.26 sys=0.00, real=0.05 secs] 
3815.998: [GC (GCLocker Initiated GC) [PSYoungGen: 341693K->165748K(465920K)] 626905K->486057K(1864192K), 0.0632999 secs] [Times: user=0.31 sys=0.00, real=0.06 secs] 
3816.191: [GC (Allocation Failure) [PSYoungGen: 398708K->182005K(465920K)] 719055K->554493K(1864192K), 0.0415167 secs] [Times: user=0.18 sys=0.00, real=0.04 secs] 
3816.347: [GC (Allocation Failure) [PSYoungGen: 414965K->185623K(465920K)] 787453K->621726K(1864192K), 0.0491140 secs] [Times: user=0.23 sys=0.00, real=0.05 secs] 
3816.525: [GC (Allocation Failure) [PSYoungGen: 418583K->184244K(465920K)] 854686K->679260K(1864192K), 0.0626293 secs] [Times: user=0.31 sys=0.01, real=0.07 secs] 
3817.921: [GC (Allocation Failure) [PSYoungGen: 417204K->94491K(465920K)] 912220K->658930K(1864192K), 0.1041722 secs] [Times: user=0.57 sys=0.00, real=0.11 secs] 
3818.665: [GC (Allocation Failure) [PSYoungGen: 327451K->182774K(465920K)] 891890K->777466K(1864192K), 0.0458780 secs] [Times: user=0.20 sys=0.00, real=0.05 secs] 
3818.863: [GC (Allocation Failure) [PSYoungGen: 415734K->185526K(465920K)] 1010426K->837206K(1864192K), 0.0604863 secs] [Times: user=0.28 sys=0.00, real=0.06 secs] 
3819.059: [GC (Allocation Failure) [PSYoungGen: 418486K->184084K(465920K)] 1070166K->892109K(1864192K), 0.0450999 secs] [Times: user=0.21 sys=0.00, real=0.04 secs] 
3820.158: [GC (Allocation Failure) [PSYoungGen: 417044K->104764K(465920K)] 1125069K->882085K(1864192K), 0.0655090 secs] [Times: user=0.34 sys=0.00, real=0.06 secs] 
3821.385: [GC (Allocation Failure) [PSYoungGen: 337724K->166164K(465920K)] 1115045K->976889K(1864192K), 0.0690966 secs] [Times: user=0.34 sys=0.00, real=0.06 secs] 
3821.587: [GC (Allocation Failure) [PSYoungGen: 399124K->185302K(465920K)] 1209849K->1048063K(1864192K), 0.0425716 secs] [Times: user=0.19 sys=0.00, real=0.04 secs] 
3821.741: [GC (Allocation Failure) [PSYoungGen: 418262K->186007K(465920K)] 1281023K->1113192K(1864192K), 0.0504484 secs] [Times: user=0.24 sys=0.00, real=0.05 secs] 
3821.902: [GC (Allocation Failure) [PSYoungGen: 418967K->215668K(465920K)] 1346152K->1201902K(1864192K), 0.0552692 secs] [Times: user=0.27 sys=0.00, real=0.06 secs] 
3822.990: [GC (Allocation Failure) [PSYoungGen: 448628K->87418K(465920K)] 1434862K->1142532K(1864192K), 0.0453026 secs] [Times: user=0.24 sys=0.00, real=0.05 secs] 
3823.331: [GC (Allocation Failure) [PSYoungGen: 320378K->183190K(465920K)] 1375492K->1266096K(1864192K), 0.0490422 secs] [Times: user=0.21 sys=0.00, real=0.05 secs] 
3823.545: [GC (Allocation Failure) [PSYoungGen: 416150K->185206K(465920K)] 1499056K->1325216K(1864192K), 0.0637306 secs] [Times: user=0.30 sys=0.00, real=0.07 secs] 
3823.731: [GC (Allocation Failure) [PSYoungGen: 418166K->187669K(465920K)] 1558176K->1384012K(1864192K), 0.0480366 secs] [Times: user=0.22 sys=0.00, real=0.05 secs] 
3824.914: [GC (Allocation Failure) [PSYoungGen: 420629K->97787K(465920K)] 1616972K->1364946K(1864192K), 0.0696638 secs] [Times: user=0.38 sys=0.00, real=0.07 secs] 
3826.253: [GC (GCLocker Initiated GC) [PSYoungGen: 330747K->169204K(465920K)] 1597906K->1468112K(1864192K), 0.0797221 secs] [Times: user=0.41 sys=0.01, real=0.08 secs] 
3826.522: [GC (Allocation Failure) [PSYoungGen: 402164K->182485K(465920K)] 1701110K->1534208K(1864192K), 0.0576533 secs] [Times: user=0.27 sys=0.00, real=0.06 secs] 
3826.579: [Full GC (Ergonomics) [PSYoungGen: 182485K->0K(465920K)] [ParOldGen: 1351722K->254931K(1398272K)] 1534208K->254931K(1864192K), [Metaspace: 60310K->60310K(1105920K)], 0.3204375 secs] [Times: user=1.48 sys=0.00, real=0.32 secs] 
3827.012: [GC (Allocation Failure) [PSYoungGen: 232960K->186007K(465920K)] 487891K->440938K(1864192K), 0.0936357 secs] [Times: user=0.47 sys=0.01, real=0.10 secs] 
3827.274: [GC (Allocation Failure) [PSYoungGen: 418967K->219221K(465920K)] 673898K->533168K(1864192K), 0.0552099 secs] [Times: user=0.26 sys=0.00, real=0.06 secs] 
3829.425: [GC (Allocation Failure) [PSYoungGen: 452181K->89354K(465920K)] 766128K->473293K(1864192K), 0.0932719 secs] [Times: user=0.51 sys=0.00, real=0.09 secs] 
3829.841: [GC (Allocation Failure) [PSYoungGen: 322314K->179445K(465920K)] 706253K->591962K(1864192K), 0.0379038 secs] [Times: user=0.16 sys=0.00, real=0.04 secs] 
3829.989: [GC (Allocation Failure) [PSYoungGen: 412405K->185494K(465920K)] 824922K->653618K(1864192K), 0.0438307 secs] [Times: user=0.19 sys=0.00, real=0.04 secs] 
3830.165: [GC (Allocation Failure) [PSYoungGen: 418454K->187477K(465920K)] 886578K->711937K(1864192K), 0.0503125 secs] [Times: user=0.24 sys=0.00, real=0.06 secs] 
3831.204: [GC (Allocation Failure) [PSYoungGen: 420437K->97387K(465920K)] 944897K->692472K(1864192K), 0.0447810 secs] [Times: user=0.23 sys=0.00, real=0.05 secs] 
3831.557: [GC (Allocation Failure) [PSYoungGen: 330347K->170740K(465920K)] 925432K->798056K(1864192K), 0.0767885 secs] [Times: user=0.37 sys=0.00, real=0.07 secs] 
3831.832: [GC (Allocation Failure) [PSYoungGen: 403700K->184438K(465920K)] 1031016K->864673K(1864192K), 0.0500410 secs] [Times: user=0.24 sys=0.00, real=0.05 secs] 
3832.015: [GC (Allocation Failure) [PSYoungGen: 417398K->185623K(465920K)] 1097633K->930058K(1864192K), 0.0510545 secs] [Times: user=0.23 sys=0.00, real=0.05 secs] 
3832.341: [GC (Allocation Failure) [PSYoungGen: 417211K->216884K(465920K)] 1161647K->1020344K(1864192K), 0.0567157 secs] [Times: user=0.28 sys=0.00, real=0.06 secs] 
3834.627: [GC (Allocation Failure) [PSYoungGen: 449844K->88138K(465920K)] 1253304K->960758K(1864192K), 0.1114579 secs] [Times: user=0.61 sys=0.01, real=0.11 secs] 
3835.199: [GC (Allocation Failure) [PSYoungGen: 321098K->182934K(465920K)] 1193718K->1083318K(1864192K), 0.0442535 secs] [Times: user=0.19 sys=0.00, real=0.04 secs] 
3835.357: [GC (Allocation Failure) [PSYoungGen: 415894K->185654K(465920K)] 1316278K->1143446K(1864192K), 0.0456522 secs] [Times: user=0.21 sys=0.00, real=0.04 secs] 
3835.509: [GC (Allocation Failure) [PSYoungGen: 418614K->187381K(465920K)] 1376406K->1201558K(1864192K), 0.0473301 secs] [Times: user=0.22 sys=0.01, real=0.05 secs] 
3836.687: [GC (GCLocker Initiated GC) [PSYoungGen: 420341K->98860K(465920K)] 1434518K->1183588K(1864192K), 0.0663255 secs] [Times: user=0.36 sys=0.01, real=0.06 secs] 
3838.135: [GC (Allocation Failure) [PSYoungGen: 331820K->168404K(465920K)] 1416716K->1285153K(1864192K), 0.0751492 secs] [Times: user=0.37 sys=0.00, real=0.07 secs] 
3838.409: [GC (Allocation Failure) [PSYoungGen: 401364K->184950K(465920K)] 1518113K->1354115K(1864192K), 0.0587295 secs] [Times: user=0.28 sys=0.00, real=0.06 secs] 
3838.582: [GC (Allocation Failure) [PSYoungGen: 417910K->186231K(465920K)] 1587075K->1419672K(1864192K), 0.0523684 secs] [Times: user=0.25 sys=0.00, real=0.05 secs] 
3838.782: [GC (Allocation Failure) [PSYoungGen: 419191K->183380K(465920K)] 1652632K->1475902K(1864192K), 0.0596065 secs] [Times: user=0.30 sys=0.00, real=0.06 secs] 
3839.842: [GC (Allocation Failure) [PSYoungGen: 416340K->89722K(465920K)] 1708862K->1451500K(1864192K), 0.0426581 secs] [Times: user=0.22 sys=0.00, real=0.05 secs] 
3839.885: [Full GC (Ergonomics) [PSYoungGen: 89722K->0K(465920K)] [ParOldGen: 1361777K->107262K(1398272K)] 1451500K->107262K(1864192K), [Metaspace: 60310K->60310K(1105920K)], 0.0979198 secs] [Times: user=0.40 sys=0.00, real=0.09 secs] 
3840.305: [GC (Allocation Failure) [PSYoungGen: 232960K->183126K(465920K)] 340222K->290389K(1864192K), 0.0256666 secs] [Times: user=0.08 sys=0.00, real=0.02 secs] 
3840.441: [GC (Allocation Failure) [PSYoungGen: 416086K->185622K(465920K)] 523349K->350537K(1864192K), 0.0418137 secs] [Times: user=0.18 sys=0.00, real=0.04 secs] 
3840.589: [GC (Allocation Failure) [PSYoungGen: 418582K->187189K(465920K)] 583497K->408336K(1864192K), 0.0450868 secs] [Times: user=0.21 sys=0.00, real=0.04 secs] 
3841.664: [GC (Allocation Failure) [PSYoungGen: 420149K->97883K(465920K)] 641296K->389502K(1864192K), 0.0528236 secs] [Times: user=0.28 sys=0.00, real=0.06 secs] 
3842.995: [GC (Allocation Failure) [PSYoungGen: 330843K->169812K(465920K)] 622462K->493156K(1864192K), 0.0724242 secs] [Times: user=0.34 sys=0.01, real=0.07 secs] 
3843.221: [GC (Allocation Failure) [PSYoungGen: 402772K->182293K(465920K)] 726116K->558549K(1864192K), 0.0415275 secs] [Times: user=0.18 sys=0.00, real=0.04 secs] 
3843.378: [GC (Allocation Failure) [PSYoungGen: 415253K->185911K(465920K)] 791509K->625847K(1864192K), 0.0489453 secs] [Times: user=0.23 sys=0.00, real=0.05 secs] 
3843.730: [GC (Allocation Failure) [PSYoungGen: 418580K->217524K(465920K)] 858516K->716468K(1864192K), 0.0550919 secs] [Times: user=0.27 sys=0.00, real=0.06 secs] 
3845.572: [GC (Allocation Failure) [PSYoungGen: 450484K->93931K(465920K)] 949428K->662331K(1864192K), 0.1159882 secs] [Times: user=0.64 sys=0.00, real=0.12 secs] 
3846.108: [GC (GCLocker Initiated GC) [PSYoungGen: 326891K->175989K(465920K)] 895291K->774446K(1864192K), 0.0410919 secs] [Times: user=0.18 sys=0.00, real=0.04 secs] 
3846.261: [GC (Allocation Failure) [PSYoungGen: 408949K->184342K(465920K)] 1007537K->837409K(1864192K), 0.0435062 secs] [Times: user=0.19 sys=0.00, real=0.04 secs] 
3846.436: [GC (Allocation Failure) [PSYoungGen: 417302K->187125K(465920K)] 1070369K->895889K(1864192K), 0.0567121 secs] [Times: user=0.28 sys=0.00, real=0.05 secs] 
3847.430: [GC (Allocation Failure) [PSYoungGen: 420085K->104108K(465920K)] 1128849K->883296K(1864192K), 0.0451694 secs] [Times: user=0.23 sys=0.00, real=0.05 secs] 
3847.910: [GC (Allocation Failure) [PSYoungGen: 337068K->163315K(465920K)] 1116256K->976875K(1864192K), 0.0922697 secs] [Times: user=0.47 sys=0.00, real=0.09 secs] 
3848.181: [GC (Allocation Failure) [PSYoungGen: 396275K->184470K(465920K)] 1209835K->1048853K(1864192K), 0.0421309 secs] [Times: user=0.18 sys=0.00, real=0.04 secs] 
3848.389: [GC (Allocation Failure) [PSYoungGen: 417430K->185463K(465920K)] 1281813K->1113938K(1864192K), 0.0759273 secs] [Times: user=0.38 sys=0.00, real=0.08 secs] 
3848.664: [GC (Allocation Failure) [PSYoungGen: 418423K->219829K(465920K)] 1346898K->1207256K(1864192K), 0.0559753 secs] [Times: user=0.27 sys=0.00, real=0.06 secs] 
3850.462: [GC (Allocation Failure) [PSYoungGen: 452789K->89098K(465920K)] 1440216K->1147014K(1864192K), 0.1042016 secs] [Times: user=0.57 sys=0.00, real=0.11 secs] 
3851.271: [GC (Allocation Failure) [PSYoungGen: 322058K->180501K(465920K)] 1379974K->1266766K(1864192K), 0.0461082 secs] [Times: user=0.20 sys=0.00, real=0.05 secs] 
3851.443: [GC (Allocation Failure) [PSYoungGen: 413461K->185174K(465920K)] 1499726K->1327826K(1864192K), 0.0458862 secs] [Times: user=0.21 sys=0.00, real=0.05 secs] 
3851.599: [GC (Allocation Failure) [PSYoungGen: 418134K->187381K(465920K)] 1560786K->1386193K(1864192K), 0.0476739 secs] [Times: user=0.23 sys=0.00, real=0.05 secs] 
3852.769: [GC (Allocation Failure) [PSYoungGen: 420341K->100860K(465920K)] 1619153K->1370208K(1864192K), 0.0722382 secs] [Times: user=0.38 sys=0.01, real=0.07 secs] 
3853.855: [GC (Allocation Failure) [PSYoungGen: 333820K->166196K(465920K)] 1603168K->1468269K(1864192K), 0.0782753 secs] [Times: user=0.39 sys=0.00, real=0.08 secs] 
3854.086: [GC (Allocation Failure) [PSYoungGen: 399156K->184950K(465920K)] 1701229K->1539343K(1864192K), 0.0435977 secs] [Times: user=0.20 sys=0.00, real=0.04 secs] 
3854.129: [Full GC (Ergonomics) [PSYoungGen: 184950K->0K(465920K)] [ParOldGen: 1354393K->257317K(1398272K)] 1539343K->257317K(1864192K), [Metaspace: 60328K->60328K(1105920K)], 0.3195459 secs] [Times: user=1.47 sys=0.00, real=0.32 secs] 
3854.561: [GC (Allocation Failure) [PSYoungGen: 232960K->182902K(465920K)] 490277K->440220K(1864192K), 0.0840997 secs] [Times: user=0.44 sys=0.00, real=0.09 secs] 
3854.754: [GC (Allocation Failure) [PSYoungGen: 415862K->186773K(465920K)] 673180K->502195K(1864192K), 0.0551765 secs] [Times: user=0.27 sys=0.00, real=0.06 secs] 
3855.791: [GC (Allocation Failure) [PSYoungGen: 419733K->93963K(465920K)] 735155K->479889K(1864192K), 0.0417097 secs] [Times: user=0.22 sys=0.00, real=0.04 secs] 
3856.178: [GC (Allocation Failure) [PSYoungGen: 326923K->179285K(465920K)] 712849K->594840K(1864192K), 0.0340787 secs] [Times: user=0.13 sys=0.01, real=0.03 secs] 
3856.356: [GC (Allocation Failure) [PSYoungGen: 412152K->182037K(465920K)] 827707K->653604K(1864192K), 0.0602167 secs] [Times: user=0.29 sys=0.00, real=0.06 secs] 
3856.562: [GC (Allocation Failure) [PSYoungGen: 414997K->187349K(465920K)] 886564K->714412K(1864192K), 0.0452616 secs] [Times: user=0.21 sys=0.01, real=0.05 secs] 
3857.654: [GC (Allocation Failure) [PSYoungGen: 420309K->104348K(465920K)] 947372K->702163K(1864192K), 0.0492434 secs] [Times: user=0.26 sys=0.01, real=0.05 secs] 
3859.115: [GC (Allocation Failure) [PSYoungGen: 337308K->164211K(465920K)] 935123K->795399K(1864192K), 0.0841954 secs] [Times: user=0.42 sys=0.00, real=0.08 secs] 
3859.359: [GC (Allocation Failure) [PSYoungGen: 397171K->184982K(465920K)] 1028359K->867953K(1864192K), 0.0421603 secs] [Times: user=0.19 sys=0.00, real=0.04 secs] 
3859.516: [GC (Allocation Failure) [PSYoungGen: 417942K->186007K(465920K)] 1100913K->933162K(1864192K), 0.0501839 secs] [Times: user=0.23 sys=0.00, real=0.05 secs] 
3859.730: [GC (Allocation Failure) [PSYoungGen: 418232K->218549K(465920K)] 1165388K->1024648K(1864192K), 0.0558005 secs] [Times: user=0.27 sys=0.00, real=0.06 secs] 
3861.336: [GC (Allocation Failure) [PSYoungGen: 451509K->88170K(465920K)] 1257608K->964282K(1864192K), 0.1041678 secs] [Times: user=0.57 sys=0.00, real=0.10 secs] 
3861.780: [GC (Allocation Failure) [PSYoungGen: 321130K->179445K(465920K)] 1197242K->1083902K(1864192K), 0.0468833 secs] [Times: user=0.20 sys=0.00, real=0.05 secs] 
3861.963: [GC (Allocation Failure) [PSYoungGen: 412405K->181909K(465920K)] 1316862K->1142014K(1864192K), 0.0429968 secs] [Times: user=0.19 sys=0.01, real=0.05 secs] 
3862.123: [GC (Allocation Failure) [PSYoungGen: 414869K->187285K(465920K)] 1374974K->1202486K(1864192K), 0.0454130 secs] [Times: user=0.21 sys=0.00, real=0.05 secs] 
3863.107: [GC (Allocation Failure) [PSYoungGen: 420245K->107853K(465920K)] 1435446K->1193645K(1864192K), 0.0456176 secs] [Times: user=0.23 sys=0.00, real=0.04 secs] 
3863.401: [GC (Allocation Failure) [PSYoungGen: 340813K->167892K(465920K)] 1426605K->1288545K(1864192K), 0.0595955 secs] [Times: user=0.29 sys=0.00, real=0.06 secs] 
3863.626: [GC (Allocation Failure) [PSYoungGen: 400852K->182421K(465920K)] 1521505K->1356075K(1864192K), 0.0611352 secs] [Times: user=0.29 sys=0.00, real=0.06 secs] 
3863.808: [GC (Allocation Failure) [PSYoungGen: 415381K->182742K(465920K)] 1589035K->1420060K(1864192K), 0.0514358 secs] [Times: user=0.25 sys=0.00, real=0.05 secs] 
3863.967: [GC (Allocation Failure) [PSYoungGen: 415702K->187125K(465920K)] 1653020K->1482683K(1864192K), 0.0573867 secs] [Times: user=0.28 sys=0.00, real=0.05 secs] 
3865.365: [GC (Allocation Failure) [PSYoungGen: 420085K->96555K(465920K)] 1715643K->1462777K(1864192K), 0.1153830 secs] [Times: user=0.63 sys=0.00, real=0.12 secs] 
3865.480: [Full GC (Ergonomics) [PSYoungGen: 96555K->0K(465920K)] [ParOldGen: 1366221K->113826K(1398272K)] 1462777K->113826K(1864192K), [Metaspace: 60328K->60328K(1105920K)], 0.1667222 secs] [Times: user=0.74 sys=0.00, real=0.17 secs] 
3866.272: [GC (Allocation Failure) [PSYoungGen: 232960K->177813K(465920K)] 346786K->291640K(1864192K), 0.0310840 secs] [Times: user=0.11 sys=0.00, real=0.03 secs] 
3866.434: [GC (Allocation Failure) [PSYoungGen: 410773K->185366K(465920K)] 524600K->355292K(1864192K), 0.0414915 secs] [Times: user=0.19 sys=0.00, real=0.05 secs] 
3866.585: [GC (Allocation Failure) [PSYoungGen: 418326K->186965K(465920K)] 588252K->413123K(1864192K), 0.0452687 secs] [Times: user=0.21 sys=0.00, real=0.04 secs] 
3868.384: [GC (Allocation Failure) [PSYoungGen: 419925K->101180K(465920K)] 646083K->397787K(1864192K), 0.0611054 secs] [Times: user=0.32 sys=0.00, real=0.07 secs] 
3869.261: [GC (GCLocker Initiated GC) [PSYoungGen: 334140K->164947K(465920K)] 630747K->494746K(1864192K), 0.0747348 secs] [Times: user=0.37 sys=0.00, real=0.08 secs] 
3869.488: [GC (Allocation Failure) [PSYoungGen: 397907K->193014K(465920K)] 727745K->574848K(1864192K), 0.0420528 secs] [Times: user=0.19 sys=0.00, real=0.04 secs] 
3869.644: [GC (Allocation Failure) [PSYoungGen: 425974K->182614K(465920K)] 807808K->628576K(1864192K), 0.0493784 secs] [Times: user=0.22 sys=0.00, real=0.05 secs] 
3869.854: [GC (Allocation Failure) [PSYoungGen: 415574K->186837K(465920K)] 861536K->690623K(1864192K), 0.0758610 secs] [Times: user=0.38 sys=0.00, real=0.08 secs] 
3870.883: [GC (Allocation Failure) [PSYoungGen: 419797K->98507K(465920K)] 923583K->672925K(1864192K), 0.0418174 secs] [Times: user=0.22 sys=0.00, real=0.05 secs] 
3871.253: [GC (Allocation Failure) [PSYoungGen: 331467K->179413K(465920K)] 905885K->785211K(1864192K), 0.0524165 secs] [Times: user=0.23 sys=0.00, real=0.06 secs] 
3871.517: [GC (Allocation Failure) [PSYoungGen: 412373K->181589K(465920K)] 1018171K->843519K(1864192K), 0.0582680 secs] [Times: user=0.28 sys=0.00, real=0.06 secs] 
3871.697: [GC (Allocation Failure) [PSYoungGen: 414549K->187253K(465920K)] 1076479K->904231K(1864192K), 0.0454005 secs] [Times: user=0.22 sys=0.00, real=0.04 secs] 
3872.723: [GC (Allocation Failure) [PSYoungGen: 420213K->101740K(465920K)] 1137191K->889426K(1864192K), 0.0519441 secs] [Times: user=0.28 sys=0.00, real=0.06 secs] 
3873.721: [GC (Allocation Failure) [PSYoungGen: 334700K->169620K(465920K)] 1122386K->989991K(1864192K), 0.0698648 secs] [Times: user=0.34 sys=0.00, real=0.07 secs] 
3873.956: [GC (Allocation Failure) [PSYoungGen: 402580K->185078K(465920K)] 1222951K->1058825K(1864192K), 0.0440548 secs] [Times: user=0.20 sys=0.00, real=0.04 secs] 
3874.114: [GC (Allocation Failure) [PSYoungGen: 418038K->180566K(465920K)] 1291785K->1118585K(1864192K), 0.0506833 secs] [Times: user=0.24 sys=0.00, real=0.05 secs] 
3874.628: [GC (Allocation Failure) [PSYoungGen: 413413K->217716K(465920K)] 1351432K->1213552K(1864192K), 0.0538252 secs] [Times: user=0.26 sys=0.00, real=0.05 secs] 
3876.447: [GC (GCLocker Initiated GC) [PSYoungGen: 450676K->94731K(465920K)] 1446512K->1159719K(1864192K), 0.1025991 secs] [Times: user=0.56 sys=0.00, real=0.10 secs] 
3877.111: [GC (Allocation Failure) [PSYoungGen: 327691K->176085K(465920K)] 1392846K->1271837K(1864192K), 0.0443300 secs] [Times: user=0.19 sys=0.00, real=0.05 secs] 
3877.318: [GC (Allocation Failure) [PSYoungGen: 409045K->185270K(465920K)] 1504797K->1335350K(1864192K), 0.0631604 secs] [Times: user=0.30 sys=0.00, real=0.06 secs] 
3877.543: [GC (Allocation Failure) [PSYoungGen: 418230K->187509K(465920K)] 1568310K->1393845K(1864192K), 0.0546737 secs] [Times: user=0.27 sys=0.00, real=0.06 secs] 
3878.611: [GC (Allocation Failure) [PSYoungGen: 420469K->102780K(465920K)] 1626805K->1379796K(1864192K), 0.0462741 secs] [Times: user=0.23 sys=0.00, real=0.05 secs] 
3878.912: [GC (GCLocker Initiated GC) [PSYoungGen: 335740K->167636K(465920K)] 1612756K->1478711K(1864192K), 0.0785836 secs] [Times: user=0.40 sys=0.01, real=0.08 secs] 
3878.991: [Full GC (Ergonomics) [PSYoungGen: 167636K->0K(465920K)] [ParOldGen: 1311075K->191148K(1398272K)] 1478711K->191148K(1864192K), [Metaspace: 60328K->60328K(1105920K)], 0.2156971 secs] [Times: user=1.01 sys=0.00, real=0.22 secs] 
3879.345: [GC (Allocation Failure) [PSYoungGen: 232960K->184822K(465920K)] 424239K->376101K(1864192K), 0.0325022 secs] [Times: user=0.14 sys=0.00, real=0.03 secs] 
3879.489: [GC (Allocation Failure) [PSYoungGen: 417782K->182678K(465920K)] 609061K->438254K(1864192K), 0.0435341 secs] [Times: user=0.20 sys=0.00, real=0.04 secs] 
3879.647: [GC (Allocation Failure) [PSYoungGen: 415638K->216468K(465920K)] 671214K->529956K(1864192K), 0.0538000 secs] [Times: user=0.26 sys=0.01, real=0.05 secs] 
3880.972: [GC (Allocation Failure) [PSYoungGen: 449428K->88714K(465920K)] 762916K->471633K(1864192K), 0.0904405 secs] [Times: user=0.48 sys=0.00, real=0.09 secs] 
3881.776: [GC (Allocation Failure) [PSYoungGen: 321674K->182902K(465920K)] 704593K->594322K(1864192K), 0.0451626 secs] [Times: user=0.20 sys=0.00, real=0.04 secs] 
3881.946: [GC (Allocation Failure) [PSYoungGen: 415862K->185430K(465920K)] 827282K->653850K(1864192K), 0.0440814 secs] [Times: user=0.20 sys=0.00, real=0.04 secs] 
3882.100: [GC (Allocation Failure) [PSYoungGen: 418390K->203541K(465920K)] 886810K->728193K(1864192K), 0.0459133 secs] [Times: user=0.22 sys=0.00, real=0.05 secs] 
3883.198: [GC (Allocation Failure) [PSYoungGen: 436501K->98396K(465920K)] 961153K->693608K(1864192K), 0.0609509 secs] [Times: user=0.32 sys=0.00, real=0.06 secs] 
3884.399: [GC (Allocation Failure) [PSYoungGen: 331356K->164595K(465920K)] 926568K->791236K(1864192K), 0.0729037 secs] [Times: user=0.36 sys=0.01, real=0.07 secs] 
3884.634: [GC (Allocation Failure) [PSYoungGen: 397555K->184854K(465920K)] 1024196K->863487K(1864192K), 0.0425430 secs] [Times: user=0.19 sys=0.00, real=0.05 secs] 
3884.834: [GC (Allocation Failure) [PSYoungGen: 417814K->184951K(465920K)] 1096447K->927776K(1864192K), 0.0759540 secs] [Times: user=0.36 sys=0.00, real=0.08 secs] 
3885.081: [GC (Allocation Failure) [PSYoungGen: 417911K->187285K(465920K)] 1160736K->988790K(1864192K), 0.0705305 secs] [Times: user=0.36 sys=0.00, real=0.07 secs] 
3886.081: [GC (Allocation Failure) [PSYoungGen: 420245K->88506K(465920K)] 1221750K->960747K(1864192K), 0.0544726 secs] [Times: user=0.29 sys=0.01, real=0.06 secs] 
3886.512: [GC (Allocation Failure) [PSYoungGen: 321466K->182646K(465920K)] 1193707K->1082484K(1864192K), 0.0551644 secs] [Times: user=0.25 sys=0.00, real=0.06 secs] 
3886.709: [GC (Allocation Failure) [PSYoungGen: 415606K->181909K(465920K)] 1315444K->1139127K(1864192K), 0.0445336 secs] [Times: user=0.20 sys=0.00, real=0.04 secs] 
3886.864: [GC (GCLocker Initiated GC) [PSYoungGen: 414869K->187541K(465920K)] 1372089K->1199961K(1864192K), 0.0460602 secs] [Times: user=0.21 sys=0.01, real=0.05 secs] 
3887.867: [GC (Allocation Failure) [PSYoungGen: 420501K->102444K(465920K)] 1432923K->1185538K(1864192K), 0.0465220 secs] [Times: user=0.24 sys=0.01, real=0.04 secs] 
3889.387: [GC (Allocation Failure) [PSYoungGen: 335404K->166036K(465920K)] 1418498K->1282223K(1864192K), 0.1114095 secs] [Times: user=0.58 sys=0.00, real=0.11 secs] 
3889.695: [GC (Allocation Failure) [PSYoungGen: 398934K->182101K(465920K)] 1515121K->1350184K(1864192K), 0.0440264 secs] [Times: user=0.20 sys=0.00, real=0.04 secs] 
3889.886: [GC (Allocation Failure) [PSYoungGen: 415061K->185911K(465920K)] 1583144K->1417742K(1864192K), 0.0735584 secs] [Times: user=0.36 sys=0.01, real=0.07 secs] 
3890.093: [GC (Allocation Failure) [PSYoungGen: 418871K->187317K(465920K)] 1650702K->1478148K(1864192K), 0.0554672 secs] [Times: user=0.27 sys=0.00, real=0.06 secs] 
3891.498: [GC (Allocation Failure) [PSYoungGen: 420277K->92651K(465920K)] 1711108K->1454234K(1864192K), 0.1025758 secs] [Times: user=0.55 sys=0.00, real=0.10 secs] 
3891.601: [Full GC (Ergonomics) [PSYoungGen: 92651K->0K(465920K)] [ParOldGen: 1361583K->109559K(1398272K)] 1454234K->109559K(1864192K), [Metaspace: 60330K->60330K(1105920K)], 0.1620834 secs] [Times: user=0.69 sys=0.00, real=0.16 secs] 
3892.015: [GC (Allocation Failure) [PSYoungGen: 232960K->177621K(465920K)] 342519K->287180K(1864192K), 0.0250778 secs] [Times: user=0.09 sys=0.01, real=0.02 secs] 
3892.153: [GC (Allocation Failure) [PSYoungGen: 410581K->184374K(465920K)] 520140K->349357K(1864192K), 0.0409658 secs] [Times: user=0.18 sys=0.00, real=0.04 secs] 
3892.304: [GC (Allocation Failure) [PSYoungGen: 417334K->187477K(465920K)] 582317K->408244K(1864192K), 0.0450075 secs] [Times: user=0.21 sys=0.00, real=0.05 secs] 
3893.296: [GC (Allocation Failure) [PSYoungGen: 420437K->104764K(465920K)] 641204K->396251K(1864192K), 0.0446214 secs] [Times: user=0.23 sys=0.00, real=0.04 secs] 
3893.595: [GC (Allocation Failure) [PSYoungGen: 337724K->170740K(465920K)] 629211K->496528K(1864192K), 0.0441706 secs] [Times: user=0.20 sys=0.00, real=0.05 secs] 
3893.780: [GC (Allocation Failure) [PSYoungGen: 403700K->185046K(465920K)] 729488K->564033K(1864192K), 0.0473353 secs] [Times: user=0.22 sys=0.00, real=0.05 secs] 
3893.965: [GC (Allocation Failure) [PSYoungGen: 418006K->182262K(465920K)] 796993K->625842K(1864192K), 0.0566339 secs] [Times: user=0.27 sys=0.00, real=0.05 secs] 
3894.271: [GC (Allocation Failure) [PSYoungGen: 413342K->217685K(465920K)] 856921K->719048K(1864192K), 0.0549344 secs] [Times: user=0.27 sys=0.00, real=0.06 secs] 
3895.758: [GC (Allocation Failure) [PSYoungGen: 450645K->91130K(465920K)] 952008K->662010K(1864192K), 0.1025244 secs] [Times: user=0.56 sys=0.01, real=0.10 secs] 
3896.272: [GC (Allocation Failure) [PSYoungGen: 324090K->180693K(465920K)] 894970K->780538K(1864192K), 0.0442812 secs] [Times: user=0.19 sys=0.00, real=0.05 secs] 
3896.489: [GC (Allocation Failure) [PSYoungGen: 413653K->185238K(465920K)] 1013498K->841662K(1864192K), 0.0624130 secs] [Times: user=0.30 sys=0.01, real=0.06 secs] 
3896.725: [GC (Allocation Failure) [PSYoungGen: 418198K->187509K(465920K)] 1074622K->900141K(1864192K), 0.0630922 secs] [Times: user=0.30 sys=0.00, real=0.06 secs] 
3897.839: [GC (Allocation Failure) [PSYoungGen: 420469K->100892K(465920K)] 1133101K->884180K(1864192K), 0.0505342 secs] [Times: user=0.27 sys=0.00, real=0.05 secs] 
3899.253: [GC (Allocation Failure) [PSYoungGen: 333852K->164851K(465920K)] 1117140K->980441K(1864192K), 0.0866267 secs] [Times: user=0.42 sys=0.00, real=0.09 secs] 
3899.525: [GC (Allocation Failure) [PSYoungGen: 397811K->184918K(465920K)] 1213401K->1052239K(1864192K), 0.0434645 secs] [Times: user=0.19 sys=0.00, real=0.04 secs] 
3899.689: [GC (Allocation Failure) [PSYoungGen: 417878K->185847K(465920K)] 1285199K->1117264K(1864192K), 0.0515576 secs] [Times: user=0.24 sys=0.00, real=0.05 secs] 
3899.885: [GC (Allocation Failure) [PSYoungGen: 418807K->183380K(465920K)] 1350224K->1173742K(1864192K), 0.0773095 secs] [Times: user=0.40 sys=0.00, real=0.07 secs] 
3900.909: [GC (Allocation Failure) [PSYoungGen: 416340K->89450K(465920K)] 1406702K->1149060K(1864192K), 0.0587948 secs] [Times: user=0.31 sys=0.00, real=0.06 secs] 
3901.461: [GC (GCLocker Initiated GC) [PSYoungGen: 322410K->180917K(465920K)] 1382020K->1268756K(1864192K), 0.0491717 secs] [Times: user=0.22 sys=0.00, real=0.05 secs] 
3901.711: [GC (Allocation Failure) [PSYoungGen: 413877K->183381K(465920K)] 1501719K->1327667K(1864192K), 0.0584885 secs] [Times: user=0.28 sys=0.00, real=0.06 secs] 
3901.924: [GC (Allocation Failure) [PSYoungGen: 416341K->187285K(465920K)] 1560627K->1387074K(1864192K), 0.0688256 secs] [Times: user=0.34 sys=0.00, real=0.07 secs] 
3903.021: [GC (Allocation Failure) [PSYoungGen: 420245K->105548K(465920K)] 1620034K->1375802K(1864192K), 0.0618801 secs] [Times: user=0.33 sys=0.01, real=0.06 secs] 
3904.374: [GC (Allocation Failure) [PSYoungGen: 338508K->164275K(465920K)] 1608762K->1468682K(1864192K), 0.0857149 secs] [Times: user=0.44 sys=0.00, real=0.09 secs] 
3904.619: [GC (Allocation Failure) [PSYoungGen: 397235K->185398K(465920K)] 1701642K->1541428K(1864192K), 0.0435667 secs] [Times: user=0.20 sys=0.00, real=0.04 secs] 
3904.663: [Full GC (Ergonomics) [PSYoungGen: 185398K->0K(465920K)] [ParOldGen: 1356030K->258128K(1398272K)] 1541428K->258128K(1864192K), [Metaspace: 60330K->60330K(1105920K)], 0.3216483 secs] [Times: user=1.48 sys=0.00, real=0.32 secs] 
3905.100: [GC (Allocation Failure) [PSYoungGen: 232960K->185943K(465920K)] 491088K->444071K(1864192K), 0.0865940 secs] [Times: user=0.45 sys=0.00, real=0.09 secs] 
3905.425: [GC (Allocation Failure) [PSYoungGen: 418574K->218581K(465920K)] 676702K->535741K(1864192K), 0.0557997 secs] [Times: user=0.28 sys=0.00, real=0.06 secs] 
3907.262: [GC (Allocation Failure) [PSYoungGen: 451541K->95179K(465920K)] 768701K->482132K(1864192K), 0.0939560 secs] [Times: user=0.51 sys=0.01, real=0.10 secs] 
3907.869: [GC (Allocation Failure) [PSYoungGen: 328139K->177205K(465920K)] 715092K->594311K(1864192K), 0.0459657 secs] [Times: user=0.21 sys=0.00, real=0.05 secs] 
3908.127: [GC (Allocation Failure) [PSYoungGen: 410165K->184342K(465920K)] 827271K->656235K(1864192K), 0.0597230 secs] [Times: user=0.28 sys=0.00, real=0.06 secs] 
3908.336: [GC (Allocation Failure) [PSYoungGen: 417302K->187573K(465920K)] 889195K->715251K(1864192K), 0.0506321 secs] [Times: user=0.24 sys=0.00, real=0.05 secs] 
3909.354: [GC (Allocation Failure) [PSYoungGen: 420533K->101084K(465920K)] 948211K->699489K(1864192K), 0.0449206 secs] [Times: user=0.23 sys=0.01, real=0.05 secs] 
3909.786: [GC (Allocation Failure) [PSYoungGen: 334044K->168596K(465920K)] 932449K->800453K(1864192K), 0.0953655 secs] [Times: user=0.47 sys=0.00, real=0.09 secs] 
3910.048: [GC (Allocation Failure) [PSYoungGen: 401556K->184213K(465920K)] 1033413K->868623K(1864192K), 0.0421487 secs] [Times: user=0.18 sys=0.00, real=0.04 secs] 
3910.237: [GC (GCLocker Initiated GC) [PSYoungGen: 417173K->184183K(465920K)] 1101583K->932888K(1864192K), 0.0612164 secs] [Times: user=0.30 sys=0.00, real=0.06 secs] 
3911.122: [GC (Allocation Failure) [PSYoungGen: 417143K->216852K(465920K)] 1177237K->1035603K(1864192K), 0.0797142 secs] [Times: user=0.42 sys=0.00, real=0.08 secs] 
3912.578: [GC (GCLocker Initiated GC) [PSYoungGen: 449812K->99835K(465920K)] 1268563K->988009K(1864192K), 0.1151724 secs] [Times: user=0.64 sys=0.00, real=0.11 secs] 
3913.510: [GC (Allocation Failure) [PSYoungGen: 332795K->179925K(465920K)] 1220976K->1099479K(1864192K), 0.0476993 secs] [Times: user=0.21 sys=0.00, real=0.05 secs] 
3913.681: [GC (Allocation Failure) [PSYoungGen: 412885K->182261K(465920K)] 1332439K->1157967K(1864192K), 0.0437714 secs] [Times: user=0.20 sys=0.00, real=0.05 secs] 
3913.835: [GC (Allocation Failure) [PSYoungGen: 415221K->187317K(465920K)] 1390927K->1218686K(1864192K), 0.0459842 secs] [Times: user=0.21 sys=0.00, real=0.04 secs] 
3914.956: [GC (Allocation Failure) [PSYoungGen: 420277K->102956K(465920K)] 1451646K->1204846K(1864192K), 0.0617685 secs] [Times: user=0.33 sys=0.00, real=0.06 secs] 
3915.855: [GC (Allocation Failure) [PSYoungGen: 335916K->167988K(465920K)] 1437806K->1302766K(1864192K), 0.0584595 secs] [Times: user=0.28 sys=0.00, real=0.06 secs] 
3916.038: [GC (Allocation Failure) [PSYoungGen: 400948K->185078K(465920K)] 1535726K->1372580K(1864192K), 0.0435066 secs] [Times: user=0.20 sys=0.00, real=0.04 secs] 
3916.193: [GC (Allocation Failure) [PSYoungGen: 418038K->182646K(465920K)] 1605540K->1434309K(1864192K), 0.0507046 secs] [Times: user=0.24 sys=0.00, real=0.05 secs] 
3916.696: [GC (Allocation Failure) [PSYoungGen: 415606K->214068K(465920K)] 1667269K->1523586K(1864192K), 0.0559630 secs] [Times: user=0.27 sys=0.00, real=0.05 secs] 
3917.451: [GC (Allocation Failure) [PSYoungGen: 447028K->99019K(465920K)] 1756546K->1476414K(1864192K), 0.0423981 secs] [Times: user=0.22 sys=0.01, real=0.04 secs] 
3917.493: [Full GC (Ergonomics) [PSYoungGen: 99019K->0K(465920K)] [ParOldGen: 1377394K->116591K(1398272K)] 1476414K->116591K(1864192K), [Metaspace: 60330K->60330K(1105920K)], 0.1072506 secs] [Times: user=0.44 sys=0.00, real=0.11 secs] 
3918.159: [GC (Allocation Failure) [PSYoungGen: 232960K->178933K(465920K)] 349551K->295525K(1864192K), 0.0333847 secs] [Times: user=0.12 sys=0.00, real=0.03 secs] 
3918.324: [GC (Allocation Failure) [PSYoungGen: 411893K->182005K(465920K)] 528485K->354681K(1864192K), 0.0415252 secs] [Times: user=0.18 sys=0.00, real=0.05 secs] 
3918.476: [GC (Allocation Failure) [PSYoungGen: 414965K->187285K(465920K)] 587641K->415293K(1864192K), 0.0444302 secs] [Times: user=0.20 sys=0.00, real=0.04 secs] 
3919.548: [GC (Allocation Failure) [PSYoungGen: 420245K->100924K(465920K)] 648253K->399588K(1864192K), 0.0468023 secs] [Times: user=0.24 sys=0.01, real=0.04 secs] 
3920.647: [GC (Allocation Failure) [PSYoungGen: 333884K->169716K(465920K)] 632548K->500969K(1864192K), 0.0831800 secs] [Times: user=0.41 sys=0.00, real=0.08 secs] 
3920.892: [GC (Allocation Failure) [PSYoungGen: 402676K->182389K(465920K)] 733929K->566466K(1864192K), 0.0422048 secs] [Times: user=0.19 sys=0.00, real=0.04 secs] 
3921.090: [GC (Allocation Failure) [PSYoungGen: 415349K->185783K(465920K)] 799426K->633603K(1864192K), 0.0800647 secs] [Times: user=0.39 sys=0.01, real=0.08 secs] 
3921.644: [GC (Allocation Failure) [PSYoungGen: 418452K->214580K(465920K)] 866273K->721329K(1864192K), 0.0547706 secs] [Times: user=0.28 sys=0.00, real=0.06 secs] 
3923.229: [GC (Allocation Failure) [PSYoungGen: 447540K->95499K(465920K)] 954289K->670344K(1864192K), 0.1091899 secs] [Times: user=0.60 sys=0.00, real=0.11 secs] 
3923.608: [GC (Allocation Failure) [PSYoungGen: 328459K->180085K(465920K)] 903304K->785807K(1864192K), 0.0367091 secs] [Times: user=0.15 sys=0.00, real=0.03 secs] 
3923.757: [GC (Allocation Failure) [PSYoungGen: 413045K->185110K(465920K)] 1018767K->846423K(1864192K), 0.0444401 secs] [Times: user=0.20 sys=0.00, real=0.04 secs] 
3923.909: [GC (Allocation Failure) [PSYoungGen: 418070K->183828K(465920K)] 1079383K->901238K(1864192K), 0.0464789 secs] [Times: user=0.21 sys=0.01, real=0.05 secs] 
3924.899: [GC (Allocation Failure) [PSYoungGen: 416788K->105836K(465920K)] 1134198K->892710K(1864192K), 0.0462465 secs] [Times: user=0.24 sys=0.00, real=0.05 secs] 
3925.428: [GC (Allocation Failure) [PSYoungGen: 338796K->166004K(465920K)] 1125670K->986826K(1864192K), 0.0574389 secs] [Times: user=0.28 sys=0.00, real=0.06 secs] 
3925.609: [GC (Allocation Failure) [PSYoungGen: 398964K->184854K(465920K)] 1219786K->1058132K(1864192K), 0.0442245 secs] [Times: user=0.20 sys=0.00, real=0.04 secs] 
3925.768: [GC (Allocation Failure) [PSYoungGen: 417814K->185847K(465920K)] 1291092K->1123309K(1864192K), 0.0518357 secs] [Times: user=0.24 sys=0.00, real=0.05 secs] 
3926.213: [GC (Allocation Failure) [PSYoungGen: 417486K->213172K(465920K)] 1354949K->1209578K(1864192K), 0.0551470 secs] [Times: user=0.27 sys=0.00, real=0.06 secs] 
3927.520: [GC (Allocation Failure) [PSYoungGen: 446132K->96459K(465920K)] 1442538K->1160410K(1864192K), 0.1151717 secs] [Times: user=0.63 sys=0.01, real=0.12 secs] 
3928.297: [GC (Allocation Failure) [PSYoungGen: 329419K->180822K(465920K)] 1393370K->1275641K(1864192K), 0.0500429 secs] [Times: user=0.22 sys=0.00, real=0.05 secs] 
3928.518: [GC (Allocation Failure) [PSYoungGen: 413782K->182773K(465920K)] 1508601K->1333913K(1864192K), 0.0718990 secs] [Times: user=0.35 sys=0.00, real=0.07 secs] 
3928.759: [GC (Allocation Failure) [PSYoungGen: 415733K->187477K(465920K)] 1566873K->1394329K(1864192K), 0.0651215 secs] [Times: user=0.32 sys=0.00, real=0.06 secs] 
3929.842: [GC (Allocation Failure) [PSYoungGen: 420437K->105276K(465920K)] 1627289K->1382864K(1864192K), 0.0522376 secs] [Times: user=0.27 sys=0.00, real=0.05 secs] 
3931.041: [GC (Allocation Failure) [PSYoungGen: 338236K->165748K(465920K)] 1615824K->1476920K(1864192K), 0.0709481 secs] [Times: user=0.34 sys=0.01, real=0.07 secs] 
3931.112: [Full GC (Ergonomics) [PSYoungGen: 165748K->0K(465920K)] [ParOldGen: 1311172K->189714K(1398272K)] 1476920K->189714K(1864192K), [Metaspace: 60334K->60334K(1105920K)], 0.2118918 secs] [Times: user=1.00 sys=0.00, real=0.21 secs] 
3931.438: [GC (Allocation Failure) [PSYoungGen: 232960K->185014K(465920K)] 422674K->374728K(1864192K), 0.0328452 secs] [Times: user=0.13 sys=0.00, real=0.03 secs] 
3931.584: [GC (Allocation Failure) [PSYoungGen: 417974K->182582K(465920K)] 607688K->436761K(1864192K), 0.0435988 secs] [Times: user=0.18 sys=0.01, real=0.05 secs] 
3932.061: [GC (Allocation Failure) [PSYoungGen: 411647K->214548K(465920K)] 665825K->526527K(1864192K), 0.0539113 secs] [Times: user=0.27 sys=0.00, real=0.06 secs] 
3932.789: [GC (Allocation Failure) [PSYoungGen: 447508K->98491K(465920K)] 759487K->478646K(1864192K), 0.0526247 secs] [Times: user=0.28 sys=0.00, real=0.05 secs] 
3933.438: [GC (Allocation Failure) [PSYoungGen: 331451K->175701K(465920K)] 711606K->587120K(1864192K), 0.0453590 secs] [Times: user=0.20 sys=0.00, real=0.04 secs] 
3933.653: [GC (Allocation Failure) [PSYoungGen: 408661K->185142K(465920K)] 820080K->651801K(1864192K), 0.0648500 secs] [Times: user=0.32 sys=0.00, real=0.07 secs] 
3933.845: [GC (Allocation Failure) [PSYoungGen: 418102K->186965K(465920K)] 884761K->709920K(1864192K), 0.0458011 secs] [Times: user=0.22 sys=0.00, real=0.04 secs] 
3934.834: [GC (Allocation Failure) [PSYoungGen: 419925K->102268K(465920K)] 942880K->695743K(1864192K), 0.0448110 secs] [Times: user=0.23 sys=0.00, real=0.05 secs] 
3936.044: [GC (Allocation Failure) [PSYoungGen: 335228K->165972K(465920K)] 928703K->792083K(1864192K), 0.0658324 secs] [Times: user=0.32 sys=0.00, real=0.07 secs] 
3936.255: [GC (Allocation Failure) [PSYoungGen: 398932K->185430K(465920K)] 1025043K->863982K(1864192K), 0.0418132 secs] [Times: user=0.19 sys=0.00, real=0.05 secs] 
3936.443: [GC (Allocation Failure) [PSYoungGen: 418390K->186071K(465920K)] 1096942K->929087K(1864192K), 0.0714096 secs] [Times: user=0.35 sys=0.00, real=0.07 secs] 
3936.982: [GC (Allocation Failure) [PSYoungGen: 416761K->214772K(465920K)] 1159777K->1016836K(1864192K), 0.0538182 secs] [Times: user=0.26 sys=0.00, real=0.06 secs] 
3938.512: [GC (Allocation Failure) [PSYoungGen: 447732K->95275K(465920K)] 1249796K->965483K(1864192K), 0.0985204 secs] [Times: user=0.53 sys=0.00, real=0.10 secs] 
3938.891: [GC (GCLocker Initiated GC) [PSYoungGen: 328235K->175221K(465920K)] 1198444K->1075991K(1864192K), 0.0359665 secs] [Times: user=0.15 sys=0.01, real=0.04 secs] 
3939.101: [GC (Allocation Failure) [PSYoungGen: 408181K->184630K(465920K)] 1309118K->1140135K(1864192K), 0.0670815 secs] [Times: user=0.32 sys=0.00, real=0.07 secs] 
3939.340: [GC (Allocation Failure) [PSYoungGen: 417590K->187381K(465920K)] 1373095K->1198758K(1864192K), 0.0638441 secs] [Times: user=0.31 sys=0.00, real=0.06 secs] 
3940.354: [GC (Allocation Failure) [PSYoungGen: 420341K->101020K(465920K)] 1431718K->1183101K(1864192K), 0.0452998 secs] [Times: user=0.23 sys=0.00, real=0.05 secs] 
3940.832: [GC (Allocation Failure) [PSYoungGen: 333980K->168884K(465920K)] 1416061K->1283833K(1864192K), 0.0899718 secs] [Times: user=0.46 sys=0.00, real=0.09 secs] 
3941.077: [GC (Allocation Failure) [PSYoungGen: 401844K->181301K(465920K)] 1516793K->1349442K(1864192K), 0.0428268 secs] [Times: user=0.20 sys=0.00, real=0.04 secs] 
3941.235: [GC (Allocation Failure) [PSYoungGen: 414261K->186103K(465920K)] 1582402K->1417428K(1864192K), 0.0505330 secs] [Times: user=0.24 sys=0.00, real=0.05 secs] 
3941.521: [GC (Allocation Failure) [PSYoungGen: 418871K->218773K(465920K)] 1650197K->1509034K(1864192K), 0.0574810 secs] [Times: user=0.28 sys=0.00, real=0.06 secs] 
3943.013: [GC (Allocation Failure) [PSYoungGen: 451733K->91354K(465920K)] 1741994K->1451496K(1864192K), 0.0876620 secs] [Times: user=0.48 sys=0.00, real=0.09 secs] 
3943.101: [Full GC (Ergonomics) [PSYoungGen: 91354K->0K(465920K)] [ParOldGen: 1360141K->109516K(1398272K)] 1451496K->109516K(1864192K), [Metaspace: 60334K->60334K(1105920K)], 0.1602868 secs] [Times: user=0.69 sys=0.00, real=0.16 secs] 
3943.922: [GC (Allocation Failure) [PSYoungGen: 232960K->194038K(465920K)] 342476K->303555K(1864192K), 0.0335089 secs] [Times: user=0.12 sys=0.01, real=0.04 secs] 
3944.079: [GC (Allocation Failure) [PSYoungGen: 426998K->181365K(465920K)] 536515K->347394K(1864192K), 0.0413084 secs] [Times: user=0.19 sys=0.00, real=0.04 secs] 
3944.231: [GC (Allocation Failure) [PSYoungGen: 414325K->187285K(465920K)] 580354K->408458K(1864192K), 0.0453650 secs] [Times: user=0.21 sys=0.00, real=0.05 secs] 
3945.341: [GC (Allocation Failure) [PSYoungGen: 420245K->103532K(465920K)] 641418K->395177K(1864192K), 0.0535733 secs] [Times: user=0.28 sys=0.00, real=0.05 secs] 
3946.563: [GC (Allocation Failure) [PSYoungGen: 336492K->168276K(465920K)] 628137K->493038K(1864192K), 0.0799242 secs] [Times: user=0.40 sys=0.00, real=0.08 secs] 
3946.797: [GC (Allocation Failure) [PSYoungGen: 401236K->181845K(465920K)] 725998K->559359K(1864192K), 0.0417053 secs] [Times: user=0.19 sys=0.00, real=0.04 secs] 
3946.994: [GC (Allocation Failure) [PSYoungGen: 414805K->182390K(465920K)] 792319K->623072K(1864192K), 0.0777115 secs] [Times: user=0.38 sys=0.01, real=0.08 secs] 
3947.256: [GC (Allocation Failure) [PSYoungGen: 415350K->186901K(465920K)] 856032K->685319K(1864192K), 0.0646978 secs] [Times: user=0.33 sys=0.00, real=0.06 secs] 
3948.266: [GC (Allocation Failure) [PSYoungGen: 419861K->94187K(465920K)] 918279K->663109K(1864192K), 0.0537960 secs] [Times: user=0.28 sys=0.01, real=0.05 secs] 
3948.844: [GC (Allocation Failure) [PSYoungGen: 327147K->179541K(465920K)] 896069K->777972K(1864192K), 0.0473432 secs] [Times: user=0.21 sys=0.00, real=0.05 secs] 
3949.028: [GC (Allocation Failure) [PSYoungGen: 412501K->181557K(465920K)] 1010932K->836004K(1864192K), 0.0431046 secs] [Times: user=0.19 sys=0.00, real=0.04 secs] 
3949.182: [GC (Allocation Failure) [PSYoungGen: 414517K->187285K(465920K)] 1068964K->896924K(1864192K), 0.0452758 secs] [Times: user=0.21 sys=0.01, real=0.05 secs] 
3950.343: [GC (Allocation Failure) [PSYoungGen: 420245K->104796K(465920K)] 1129884K->885003K(1864192K), 0.0599200 secs] [Times: user=0.31 sys=0.00, real=0.06 secs] 
3951.849: [GC (Allocation Failure) [PSYoungGen: 337756K->161971K(465920K)] 1117963K->975727K(1864192K), 0.0958062 secs] [Times: user=0.48 sys=0.00, real=0.09 secs] 
3952.121: [GC (Allocation Failure) [PSYoungGen: 394931K->185430K(465920K)] 1208687K->1050357K(1864192K), 0.0415784 secs] [Times: user=0.18 sys=0.00, real=0.04 secs] 
3952.278: [GC (Allocation Failure) [PSYoungGen: 418390K->185911K(465920K)] 1283317K->1115287K(1864192K), 0.0498436 secs] [Times: user=0.23 sys=0.00, real=0.05 secs] 
3952.439: [GC (Allocation Failure) [PSYoungGen: 418871K->220085K(465920K)] 1348247K->1208341K(1864192K), 0.0550694 secs] [Times: user=0.27 sys=0.00, real=0.05 secs] 
3954.039: [GC (Allocation Failure) [PSYoungGen: 453045K->91626K(465920K)] 1441301K->1150506K(1864192K), 0.1033909 secs] [Times: user=0.56 sys=0.00, real=0.10 secs] 
3954.462: [GC (Allocation Failure) [PSYoungGen: 324586K->179893K(465920K)] 1383466K->1268198K(1864192K), 0.0452282 secs] [Times: user=0.20 sys=0.00, real=0.05 secs] 
3954.664: [GC (Allocation Failure) [PSYoungGen: 412853K->185270K(465920K)] 1501158K->1329406K(1864192K), 0.0522741 secs] [Times: user=0.25 sys=0.00, real=0.06 secs] 
3954.831: [GC (Allocation Failure) [PSYoungGen: 418230K->183700K(465920K)] 1562366K->1383965K(1864192K), 0.0455743 secs] [Times: user=0.22 sys=0.01, real=0.05 secs] 
3955.880: [GC (Allocation Failure) [PSYoungGen: 416660K->104732K(465920K)] 1616925K->1374253K(1864192K), 0.0457252 secs] [Times: user=0.24 sys=0.00, real=0.05 secs] 
3956.476: [GC (Allocation Failure) [PSYoungGen: 337692K->171444K(465920K)] 1607213K->1474354K(1864192K), 0.0859439 secs] [Times: user=0.42 sys=0.00, real=0.08 secs] 
3956.781: [GC (Allocation Failure) [PSYoungGen: 404404K->182037K(465920K)] 1707314K->1538947K(1864192K), 0.0491469 secs] [Times: user=0.23 sys=0.00, real=0.05 secs] 
3956.831: [Full GC (Ergonomics) [PSYoungGen: 182037K->0K(465920K)] [ParOldGen: 1356909K->256659K(1398272K)] 1538947K->256659K(1864192K), [Metaspace: 60334K->60334K(1105920K)], 0.3210546 secs] [Times: user=1.49 sys=0.00, real=0.32 secs] 
3957.271: [GC (Allocation Failure) [PSYoungGen: 232960K->182998K(465920K)] 489619K->439658K(1864192K), 0.0820131 secs] [Times: user=0.42 sys=0.00, real=0.08 secs] 
3957.588: [GC (Allocation Failure) [PSYoungGen: 415132K->218421K(465920K)] 671792K->533472K(1864192K), 0.0551272 secs] [Times: user=0.27 sys=0.00, real=0.05 secs] 
3959.455: [GC (Allocation Failure) [PSYoungGen: 451381K->91066K(465920K)] 766432K->475734K(1864192K), 0.1146315 secs] [Times: user=0.63 sys=0.00, real=0.11 secs] 
3960.298: [GC (Allocation Failure) [PSYoungGen: 324026K->178005K(465920K)] 708694K->591638K(1864192K), 0.0489412 secs] [Times: user=0.19 sys=0.00, real=0.05 secs] 
3960.542: [GC (Allocation Failure) [PSYoungGen: 410965K->185302K(465920K)] 824598K->654710K(1864192K), 0.0597238 secs] [Times: user=0.29 sys=0.00, real=0.06 secs] 
3960.727: [GC (Allocation Failure) [PSYoungGen: 418262K->203861K(465920K)] 887670K->729414K(1864192K), 0.0452682 secs] [Times: user=0.21 sys=0.00, real=0.04 secs] 
3961.805: [GC (Allocation Failure) [PSYoungGen: 436821K->103500K(465920K)] 962374K->699829K(1864192K), 0.0453823 secs] [Times: user=0.23 sys=0.00, real=0.04 secs] 
3962.405: [GC (Allocation Failure) [PSYoungGen: 336460K->171092K(465920K)] 932789K->800666K(1864192K), 0.0804905 secs] [Times: user=0.39 sys=0.00, real=0.09 secs] 
3962.649: [GC (Allocation Failure) [PSYoungGen: 404052K->185014K(465920K)] 1033626K->868199K(1864192K), 0.0437037 secs] [Times: user=0.20 sys=0.00, real=0.04 secs] 
3962.841: [GC (Allocation Failure) [PSYoungGen: 417974K->179222K(465920K)] 1101159K->926700K(1864192K), 0.0695950 secs] [Times: user=0.33 sys=0.01, real=0.07 secs] 
3963.055: [GC (Allocation Failure) [PSYoungGen: 412182K->202069K(465920K)] 1159660K->1006570K(1864192K), 0.0542113 secs] [Times: user=0.26 sys=0.00, real=0.06 secs] 
3964.037: [GC (Allocation Failure) [PSYoungGen: 435029K->98379K(465920K)] 1239530K->972833K(1864192K), 0.0558000 secs] [Times: user=0.29 sys=0.00, real=0.05 secs] 
3964.492: [GC (Allocation Failure) [PSYoungGen: 331339K->179157K(465920K)] 1205793K->1084529K(1864192K), 0.0497981 secs] [Times: user=0.22 sys=0.00, real=0.05 secs] 
3964.673: [GC (Allocation Failure) [PSYoungGen: 412117K->185270K(465920K)] 1317489K->1146553K(1864192K), 0.0456195 secs] [Times: user=0.21 sys=0.01, real=0.05 secs] 
3964.849: [GC (Allocation Failure) [PSYoungGen: 418230K->184532K(465920K)] 1379513K->1202048K(1864192K), 0.0541843 secs] [Times: user=0.26 sys=0.00, real=0.05 secs] 
3965.956: [GC (Allocation Failure) [PSYoungGen: 417492K->102076K(465920K)] 1435008K->1189144K(1864192K), 0.0504767 secs] [Times: user=0.26 sys=0.00, real=0.05 secs] 
3967.014: [GC (Allocation Failure) [PSYoungGen: 335036K->169460K(465920K)] 1422104K->1289180K(1864192K), 0.0861057 secs] [Times: user=0.43 sys=0.00, real=0.09 secs] 
3967.269: [GC (Allocation Failure) [PSYoungGen: 402420K->185174K(465920K)] 1522140K->1358338K(1864192K), 0.0448691 secs] [Times: user=0.21 sys=0.00, real=0.04 secs] 
3967.429: [GC (Allocation Failure) [PSYoungGen: 418134K->185751K(465920K)] 1591298K->1423347K(1864192K), 0.0525217 secs] [Times: user=0.25 sys=0.00, real=0.05 secs] 
3968.164: [GC (Allocation Failure) [PSYoungGen: 418711K->213492K(465920K)] 1656307K->1509928K(1864192K), 0.0569323 secs] [Times: user=0.29 sys=0.00, real=0.06 secs] 
3969.346: [GC (Allocation Failure) [PSYoungGen: 446452K->98059K(465920K)] 1742888K->1461568K(1864192K), 0.0999970 secs] [Times: user=0.55 sys=0.00, real=0.10 secs] 
3969.446: [Full GC (Ergonomics) [PSYoungGen: 98059K->0K(465920K)] [ParOldGen: 1363508K->115611K(1398272K)] 1461568K->115611K(1864192K), [Metaspace: 60334K->60334K(1105920K)], 0.1704239 secs] [Times: user=0.74 sys=0.00, real=0.17 secs] 
3969.901: [GC (Allocation Failure) [PSYoungGen: 232960K->179990K(465920K)] 348571K->295601K(1864192K), 0.0249055 secs] [Times: user=0.09 sys=0.00, real=0.03 secs] 
3970.037: [GC (Allocation Failure) [PSYoungGen: 412950K->182101K(465920K)] 528561K->353537K(1864192K), 0.0409967 secs] [Times: user=0.18 sys=0.00, real=0.04 secs] 
3970.227: [GC (Allocation Failure) [PSYoungGen: 415061K->187285K(465920K)] 586497K->413896K(1864192K), 0.0707233 secs] [Times: user=0.35 sys=0.00, real=0.07 secs] 
3971.326: [GC (Allocation Failure) [PSYoungGen: 420245K->102412K(465920K)] 646856K->399727K(1864192K), 0.0444145 secs] [Times: user=0.22 sys=0.00, real=0.04 secs] 
3971.780: [GC (Allocation Failure) [PSYoungGen: 335372K->172884K(465920K)] 632687K->503049K(1864192K), 0.0916313 secs] [Times: user=0.46 sys=0.00, real=0.09 secs] 
3972.083: [GC (Allocation Failure) [PSYoungGen: 405844K->181749K(465920K)] 736009K->566274K(1864192K), 0.0427461 secs] [Times: user=0.19 sys=0.00, real=0.05 secs] 
3972.244: [GC (Allocation Failure) [PSYoungGen: 414709K->183094K(465920K)] 799234K->630747K(1864192K), 0.0495861 secs] [Times: user=0.23 sys=0.00, real=0.05 secs] 
3972.700: [GC (Allocation Failure) [PSYoungGen: 413102K->212532K(465920K)] 860754K->718272K(1864192K), 0.0550825 secs] [Times: user=0.28 sys=0.00, real=0.05 secs] 
3973.759: [GC (Allocation Failure) [PSYoungGen: 445492K->97547K(465920K)] 951232K->670584K(1864192K), 0.0974118 secs] [Times: user=0.52 sys=0.00, real=0.10 secs] 
3974.526: [GC (Allocation Failure) [PSYoungGen: 330507K->181014K(465920K)] 903544K->785063K(1864192K), 0.0477033 secs] [Times: user=0.21 sys=0.00, real=0.04 secs] 
3974.701: [GC (Allocation Failure) [PSYoungGen: 413974K->185334K(465920K)] 1018023K->845835K(1864192K), 0.0439914 secs] [Times: user=0.20 sys=0.00, real=0.05 secs] 
3974.853: [GC (Allocation Failure) [PSYoungGen: 418294K->184500K(465920K)] 1078795K->901090K(1864192K), 0.0457249 secs] [Times: user=0.22 sys=0.00, real=0.05 secs] 
3975.898: [GC (Allocation Failure) [PSYoungGen: 417460K->102844K(465920K)] 1134050K->889225K(1864192K), 0.0449980 secs] [Times: user=0.22 sys=0.00, real=0.04 secs] 
3976.912: [GC (Allocation Failure) [PSYoungGen: 335804K->169332K(465920K)] 1122185K->988598K(1864192K), 0.0667630 secs] [Times: user=0.32 sys=0.00, real=0.07 secs] 
3977.183: [GC (Allocation Failure) [PSYoungGen: 402292K->181589K(465920K)] 1221558K->1053683K(1864192K), 0.0567075 secs] [Times: user=0.26 sys=0.00, real=0.06 secs] 
3977.416: [GC (Allocation Failure) [PSYoungGen: 414549K->185591K(465920K)] 1286643K->1120757K(1864192K), 0.0805815 secs] [Times: user=0.40 sys=0.00, real=0.08 secs] 
3977.898: [GC (Allocation Failure) [PSYoungGen: 416785K->213460K(465920K)] 1351952K->1207674K(1864192K), 0.0549997 secs] [Times: user=0.27 sys=0.00, real=0.05 secs] 
3978.627: [GC (Allocation Failure) [PSYoungGen: 446420K->97659K(465920K)] 1440634K->1159602K(1864192K), 0.0470489 secs] [Times: user=0.25 sys=0.00, real=0.04 secs] 
3979.054: [GC (Allocation Failure) [PSYoungGen: 330619K->182902K(465920K)] 1392562K->1275345K(1864192K), 0.0502667 secs] [Times: user=0.22 sys=0.00, real=0.05 secs] 
3979.314: [GC (Allocation Failure) [PSYoungGen: 415862K->181973K(465920K)] 1508305K->1331717K(1864192K), 0.0568386 secs] [Times: user=0.27 sys=0.01, real=0.06 secs] 
3979.523: [GC (Allocation Failure) [PSYoungGen: 414933K->187253K(465920K)] 1564677K->1391972K(1864192K), 0.0644810 secs] [Times: user=0.31 sys=0.00, real=0.07 secs] 
3980.674: [GC (Allocation Failure) [PSYoungGen: 420213K->99868K(465920K)] 1624932K->1375115K(1864192K), 0.0571197 secs] [Times: user=0.31 sys=0.01, real=0.06 secs] 
3981.966: [GC (Allocation Failure) [PSYoungGen: 332828K->169012K(465920K)] 1608075K->1476264K(1864192K), 0.0767307 secs] [Times: user=0.38 sys=0.01, real=0.07 secs] 
3982.200: [GC (Allocation Failure) [PSYoungGen: 401972K->184982K(465920K)] 1709224K->1545638K(1864192K), 0.0440866 secs] [Times: user=0.20 sys=0.00, real=0.04 secs] 
3982.244: [Full GC (Ergonomics) [PSYoungGen: 184982K->0K(465920K)] [ParOldGen: 1360656K->260687K(1398272K)] 1545638K->260687K(1864192K), [Metaspace: 60334K->60334K(1105920K)], 0.3237187 secs] [Times: user=1.49 sys=0.00, real=0.33 secs] 
3982.684: [GC (Allocation Failure) [PSYoungGen: 232960K->186135K(465920K)] 493647K->446823K(1864192K), 0.0885499 secs] [Times: user=0.46 sys=0.00, real=0.09 secs] 
3983.164: [GC (Allocation Failure) [PSYoungGen: 417416K->211123K(465920K)] 678104K->530939K(1864192K), 0.0522121 secs] [Times: user=0.26 sys=0.00, real=0.06 secs] 
3984.655: [GC (Allocation Failure) [PSYoungGen: 444083K->97547K(465920K)] 763899K->484523K(1864192K), 0.1226909 secs] [Times: user=0.66 sys=0.00, real=0.12 secs] 
3985.132: [GC (Allocation Failure) [PSYoungGen: 330507K->177781K(465920K)] 717483K->596354K(1864192K), 0.0402845 secs] [Times: user=0.17 sys=0.00, real=0.04 secs] 
3985.325: [GC (Allocation Failure) [PSYoungGen: 410741K->185302K(465920K)] 829314K->659459K(1864192K), 0.0688203 secs] [Times: user=0.34 sys=0.00, real=0.07 secs] 
3985.571: [GC (Allocation Failure) [PSYoungGen: 418262K->186997K(465920K)] 892419K->717226K(1864192K), 0.0653167 secs] [Times: user=0.32 sys=0.00, real=0.07 secs] 
3986.588: [GC (Allocation Failure) [PSYoungGen: 419957K->101004K(465920K)] 950186K->701705K(1864192K), 0.0443925 secs] [Times: user=0.23 sys=0.00, real=0.04 secs] 
3986.941: [GC (Allocation Failure) [PSYoungGen: 333964K->173172K(465920K)] 934665K->806698K(1864192K), 0.0864117 secs] [Times: user=0.43 sys=0.00, real=0.09 secs] 
3987.251: [GC (Allocation Failure) [PSYoungGen: 406132K->178677K(465920K)] 1039658K->866415K(1864192K), 0.0437706 secs] [Times: user=0.20 sys=0.00, real=0.04 secs] 
3987.434: [GC (Allocation Failure) [PSYoungGen: 411637K->185623K(465920K)] 1099375K->936089K(1864192K), 0.0674405 secs] [Times: user=0.33 sys=0.00, real=0.07 secs] 
3987.947: [GC (Allocation Failure) [PSYoungGen: 418583K->220148K(465920K)] 1169049K->1029422K(1864192K), 0.0531142 secs] [Times: user=0.26 sys=0.00, real=0.05 secs] 
3989.006: [GC (Allocation Failure) [PSYoungGen: 453108K->98939K(465920K)] 1262382K->976133K(1864192K), 0.1110005 secs] [Times: user=0.61 sys=0.00, real=0.11 secs] 
3989.900: [GC (Allocation Failure) [PSYoungGen: 331899K->182806K(465920K)] 1209093K->1091565K(1864192K), 0.0500517 secs] [Times: user=0.22 sys=0.00, real=0.05 secs] 
3990.076: [GC (Allocation Failure) [PSYoungGen: 415766K->182485K(465920K)] 1324525K->1148216K(1864192K), 0.0440343 secs] [Times: user=0.20 sys=0.00, real=0.04 secs] 
3990.267: [GC (Allocation Failure) [PSYoungGen: 415445K->187573K(465920K)] 1381176K->1208952K(1864192K), 0.0695203 secs] [Times: user=0.35 sys=0.00, real=0.07 secs] 
3991.402: [GC (GCLocker Initiated GC) [PSYoungGen: 420533K->100828K(465920K)] 1441912K->1193063K(1864192K), 0.0667350 secs] [Times: user=0.35 sys=0.00, real=0.07 secs] 
3992.098: [GC (Allocation Failure) [PSYoungGen: 333788K->172500K(465920K)] 1426154K->1297055K(1864192K), 0.0626293 secs] [Times: user=0.29 sys=0.00, real=0.06 secs] 
3992.372: [GC (Allocation Failure) [PSYoungGen: 405460K->179381K(465920K)] 1530015K->1357768K(1864192K), 0.0563247 secs] [Times: user=0.28 sys=0.00, real=0.06 secs] 
3992.556: [GC (Allocation Failure) [PSYoungGen: 412341K->184663K(465920K)] 1590728K->1425161K(1864192K), 0.0628914 secs] [Times: user=0.31 sys=0.00, real=0.06 secs] 
3993.028: [GC (Allocation Failure) [PSYoungGen: 414362K->195764K(465920K)] 1654860K->1494894K(1864192K), 0.0530856 secs] [Times: user=0.26 sys=0.00, real=0.05 secs] 
3993.776: [GC (Allocation Failure) [PSYoungGen: 428724K->101484K(465920K)] 1727854K->1467983K(1864192K), 0.0595907 secs] [Times: user=0.31 sys=0.00, real=0.06 secs] 
3993.835: [Full GC (Ergonomics) [PSYoungGen: 101484K->0K(465920K)] [ParOldGen: 1366498K->119017K(1398272K)] 1467983K->119017K(1864192K), [Metaspace: 60334K->60334K(1105920K)], 0.1193911 secs] [Times: user=0.52 sys=0.00, real=0.12 secs] 
3994.293: [GC (Allocation Failure) [PSYoungGen: 232960K->181814K(465920K)] 351977K->300831K(1864192K), 0.0347141 secs] [Times: user=0.13 sys=0.00, real=0.04 secs] 
3994.461: [GC (Allocation Failure) [PSYoungGen: 414774K->182325K(465920K)] 533791K->358391K(1864192K), 0.0416034 secs] [Times: user=0.18 sys=0.00, real=0.04 secs] 
3994.614: [GC (Allocation Failure) [PSYoungGen: 415285K->232948K(465920K)] 591351K->467782K(1864192K), 0.0458398 secs] [Times: user=0.21 sys=0.00, real=0.05 secs] 
3995.753: [GC (Allocation Failure) [PSYoungGen: 465908K->98555K(465920K)] 700742K->404270K(1864192K), 0.0492975 secs] [Times: user=0.25 sys=0.00, real=0.05 secs] 
3996.635: [GC (Allocation Failure) [PSYoungGen: 331515K->170484K(465920K)] 637230K->507587K(1864192K), 0.0701274 secs] [Times: user=0.34 sys=0.00, real=0.07 secs] 
3996.861: [GC (Allocation Failure) [PSYoungGen: 403358K->185110K(465920K)] 740461K->575961K(1864192K), 0.0426885 secs] [Times: user=0.19 sys=0.00, real=0.04 secs] 
3997.070: [GC (Allocation Failure) [PSYoungGen: 418070K->185911K(465920K)] 808921K->640922K(1864192K), 0.0817926 secs] [Times: user=0.41 sys=0.00, real=0.08 secs] 
3997.989: [GC (Allocation Failure) [PSYoungGen: 418272K->210771K(465920K)] 873283K->724822K(1864192K), 0.0576601 secs] [Times: user=0.29 sys=0.00, real=0.06 secs] 
3999.478: [GC (Allocation Failure) [PSYoungGen: 443731K->98283K(465920K)] 957782K->678470K(1864192K), 0.1148443 secs] [Times: user=0.63 sys=0.00, real=0.11 secs] 
4000.107: [GC (Allocation Failure) [PSYoungGen: 331243K->183318K(465920K)] 911430K->794998K(1864192K), 0.0455905 secs] [Times: user=0.20 sys=0.00, real=0.04 secs] 
4000.271: [GC (Allocation Failure) [PSYoungGen: 416278K->182261K(465920K)] 1027958K->850877K(1864192K), 0.0451367 secs] [Times: user=0.21 sys=0.01, real=0.05 secs] 
4000.423: [GC (Allocation Failure) [PSYoungGen: 415221K->184180K(465920K)] 1083837K->907828K(1864192K), 0.0465989 secs] [Times: user=0.21 sys=0.00, real=0.05 secs] 
4001.416: [GC (Allocation Failure) [PSYoungGen: 417140K->105356K(465920K)] 1140788K->898620K(1864192K), 0.0496999 secs] [Times: user=0.26 sys=0.00, real=0.05 secs] 
4001.862: [GC (Allocation Failure) [PSYoungGen: 338316K->170260K(465920K)] 1131580K->997441K(1864192K), 0.0559234 secs] [Times: user=0.26 sys=0.00, real=0.06 secs] 
4002.041: [GC (Allocation Failure) [PSYoungGen: 403220K->184982K(465920K)] 1230401K->1065511K(1864192K), 0.0429992 secs] [Times: user=0.19 sys=0.00, real=0.04 secs] 
4002.195: [GC (Allocation Failure) [PSYoungGen: 417942K->185815K(465920K)] 1298471K->1130776K(1864192K), 0.0502867 secs] [Times: user=0.24 sys=0.00, real=0.05 secs] 
4003.014: [GC (Allocation Failure) [PSYoungGen: 416603K->208083K(465920K)] 1361564K->1211972K(1864192K), 0.0562455 secs] [Times: user=0.27 sys=0.00, real=0.06 secs] 
4004.067: [GC (Allocation Failure) [PSYoungGen: 441043K->99595K(465920K)] 1444932K->1168912K(1864192K), 0.1209262 secs] [Times: user=0.67 sys=0.00, real=0.12 secs] 
4004.682: [GC (Allocation Failure) [PSYoungGen: 332555K->181014K(465920K)] 1401872K->1282296K(1864192K), 0.0476664 secs] [Times: user=0.21 sys=0.00, real=0.05 secs] 
4004.851: [GC (Allocation Failure) [PSYoungGen: 413974K->185366K(465920K)] 1515256K->1343080K(1864192K), 0.0465246 secs] [Times: user=0.22 sys=0.01, real=0.05 secs] 
4005.036: [GC (Allocation Failure) [PSYoungGen: 418326K->186773K(465920K)] 1576040K->1400691K(1864192K), 0.0748081 secs] [Times: user=0.37 sys=0.00, real=0.07 secs] 
4006.284: [GC (Allocation Failure) [PSYoungGen: 419733K->100636K(465920K)] 1633651K->1384914K(1864192K), 0.0608758 secs] [Times: user=0.33 sys=0.00, real=0.07 secs] 
4007.344: [GC (Allocation Failure) [PSYoungGen: 333596K->166676K(465920K)] 1617874K->1483155K(1864192K), 0.0686025 secs] [Times: user=0.33 sys=0.00, real=0.07 secs] 
4007.413: [Full GC (Ergonomics) [PSYoungGen: 166676K->0K(465920K)] [ParOldGen: 1316478K->190977K(1398272K)] 1483155K->190977K(1864192K), [Metaspace: 60334K->60334K(1105920K)], 0.2250068 secs] [Times: user=1.07 sys=0.00, real=0.23 secs] 
4007.774: [GC (Allocation Failure) [PSYoungGen: 232960K->185046K(465920K)] 423937K->376023K(1864192K), 0.0336845 secs] [Times: user=0.14 sys=0.00, real=0.04 secs] 
4007.960: [GC (Allocation Failure) [PSYoungGen: 418006K->182294K(465920K)] 608983K->437591K(1864192K), 0.0439216 secs] [Times: user=0.19 sys=0.00, real=0.04 secs] 
4008.577: [GC (Allocation Failure) [PSYoungGen: 415254K->219700K(465920K)] 670551K->532773K(1864192K), 0.0523139 secs] [Times: user=0.26 sys=0.00, real=0.05 secs] 
4009.300: [GC (Allocation Failure) [PSYoungGen: 452660K->99147K(465920K)] 765733K->479965K(1864192K), 0.0535925 secs] [Times: user=0.28 sys=0.00, real=0.05 secs] 
4009.793: [GC (Allocation Failure) [PSYoungGen: 332107K->182454K(465920K)] 712925K->594204K(1864192K), 0.0517132 secs] [Times: user=0.23 sys=0.00, real=0.06 secs] 
4009.980: [GC (Allocation Failure) [PSYoungGen: 415414K->185590K(465920K)] 827164K->654320K(1864192K), 0.0437918 secs] [Times: user=0.19 sys=0.00, real=0.04 secs] 
4010.130: [GC (Allocation Failure) [PSYoungGen: 418550K->184468K(465920K)] 887280K->709503K(1864192K), 0.0449584 secs] [Times: user=0.21 sys=0.00, real=0.04 secs] 
4011.351: [GC (Allocation Failure) [PSYoungGen: 417428K->99484K(465920K)] 942463K->694086K(1864192K), 0.0813215 secs] [Times: user=0.44 sys=0.00, real=0.08 secs] 
4013.394: [GC (Allocation Failure) [PSYoungGen: 332444K->168468K(465920K)] 927046K->794827K(1864192K), 0.0779358 secs] [Times: user=0.38 sys=0.00, real=0.08 secs] 
4013.633: [GC (Allocation Failure) [PSYoungGen: 401428K->182453K(465920K)] 1027787K->861488K(1864192K), 0.0425619 secs] [Times: user=0.19 sys=0.01, real=0.05 secs] 
4013.790: [GC (Allocation Failure) [PSYoungGen: 415413K->186007K(465920K)] 1094448K->928746K(1864192K), 0.0503156 secs] [Times: user=0.23 sys=0.00, real=0.05 secs] 
4014.429: [GC (Allocation Failure) [PSYoungGen: 418967K->215092K(465920K)] 1161706K->1016799K(1864192K), 0.0543648 secs] [Times: user=0.27 sys=0.01, real=0.05 secs] 
4015.180: [GC (GCLocker Initiated GC) [PSYoungGen: 448052K->98811K(465920K)] 1249759K->968378K(1864192K), 0.0670479 secs] [Times: user=0.36 sys=0.01, real=0.07 secs] 
4015.550: [GC (Allocation Failure) [PSYoungGen: 331771K->182678K(465920K)] 1201345K->1083377K(1864192K), 0.0355103 secs] [Times: user=0.15 sys=0.00, real=0.04 secs] 
4015.732: [GC (GCLocker Initiated GC) [PSYoungGen: 415638K->184630K(465920K)] 1316337K->1142485K(1864192K), 0.0668678 secs] [Times: user=0.33 sys=0.00, real=0.07 secs] 
4015.938: [GC (Allocation Failure) [PSYoungGen: 417590K->183348K(465920K)] 1375611K->1197482K(1864192K), 0.0472517 secs] [Times: user=0.22 sys=0.00, real=0.05 secs] 
4016.923: [GC (Allocation Failure) [PSYoungGen: 416308K->103580K(465920K)] 1430442K->1186906K(1864192K), 0.0544397 secs] [Times: user=0.29 sys=0.00, real=0.06 secs] 
4017.488: [GC (Allocation Failure) [PSYoungGen: 336540K->166708K(465920K)] 1419866K->1284121K(1864192K), 0.0879056 secs] [Times: user=0.44 sys=0.01, real=0.09 secs] 
4017.757: [GC (Allocation Failure) [PSYoungGen: 399668K->185046K(465920K)] 1517081K->1355195K(1864192K), 0.0450447 secs] [Times: user=0.20 sys=0.00, real=0.04 secs] 
4017.917: [GC (Allocation Failure) [PSYoungGen: 418006K->185783K(465920K)] 1588155K->1420260K(1864192K), 0.0528789 secs] [Times: user=0.25 sys=0.00, real=0.05 secs] 
4019.139: [GC (Allocation Failure) [PSYoungGen: 418743K->213428K(465920K)] 1653220K->1506777K(1864192K), 0.0583173 secs] [Times: user=0.29 sys=0.00, real=0.06 secs] 
4020.599: [GC (Allocation Failure) [PSYoungGen: 446388K->96699K(465920K)] 1739737K->1457024K(1864192K), 0.1085620 secs] [Times: user=0.59 sys=0.00, real=0.11 secs] 
4020.708: [Full GC (Ergonomics) [PSYoungGen: 96699K->0K(465920K)] [ParOldGen: 1360325K->114152K(1398272K)] 1457024K->114152K(1864192K), [Metaspace: 60336K->60336K(1105920K)], 0.1737275 secs] [Times: user=0.77 sys=0.00, real=0.17 secs] 
4021.346: [GC (Allocation Failure) [PSYoungGen: 232960K->183606K(465920K)] 347112K->297759K(1864192K), 0.0253955 secs] [Times: user=0.09 sys=0.00, real=0.02 secs] 
4021.486: [GC (Allocation Failure) [PSYoungGen: 416566K->185270K(465920K)] 530719K->356358K(1864192K), 0.0413856 secs] [Times: user=0.19 sys=0.00, real=0.04 secs] 
4021.637: [GC (Allocation Failure) [PSYoungGen: 418230K->186901K(465920K)] 589318K->414165K(1864192K), 0.0446553 secs] [Times: user=0.21 sys=0.00, real=0.04 secs] 
4022.733: [GC (GCLocker Initiated GC) [PSYoungGen: 419861K->100364K(465920K)] 647125K->397972K(1864192K), 0.0497446 secs] [Times: user=0.26 sys=0.01, real=0.05 secs] 
4023.089: [GC (Allocation Failure) [PSYoungGen: 333324K->182165K(465920K)] 630940K->512646K(1864192K), 0.0399700 secs] [Times: user=0.18 sys=0.00, real=0.04 secs] 
4023.239: [GC (Allocation Failure) [PSYoungGen: 415125K->182261K(465920K)] 745606K->571147K(1864192K), 0.0439409 secs] [Times: user=0.20 sys=0.00, real=0.04 secs] 
4023.429: [GC (Allocation Failure) [PSYoungGen: 415221K->182166K(465920K)] 804107K->634388K(1864192K), 0.0650494 secs] [Times: user=0.30 sys=0.01, real=0.06 secs] 
4024.348: [GC (Allocation Failure) [PSYoungGen: 413464K->211347K(465920K)] 865686K->721401K(1864192K), 0.0554711 secs] [Times: user=0.28 sys=0.00, real=0.05 secs] 
4024.733: [GC (Allocation Failure) [PSYoungGen: 444307K->104668K(465920K)] 954361K->681122K(1864192K), 0.0640471 secs] [Times: user=0.33 sys=0.01, real=0.07 secs] 
4025.096: [GC (Allocation Failure) [PSYoungGen: 334633K->178613K(465920K)] 911087K->787896K(1864192K), 0.0349643 secs] [Times: user=0.15 sys=0.00, real=0.03 secs] 
4025.266: [GC (Allocation Failure) [PSYoungGen: 411573K->185590K(465920K)] 1020856K->850596K(1864192K), 0.0484159 secs] [Times: user=0.23 sys=0.00, real=0.04 secs] 
4025.442: [GC (Allocation Failure) [PSYoungGen: 418550K->184468K(465920K)] 1083556K->905803K(1864192K), 0.0455340 secs] [Times: user=0.21 sys=0.00, real=0.05 secs] 
4026.696: [GC (Allocation Failure) [PSYoungGen: 417428K->98603K(465920K)] 1138763K->889362K(1864192K), 0.0831364 secs] [Times: user=0.45 sys=0.01, real=0.08 secs] 
4027.875: [GC (Allocation Failure) [PSYoungGen: 331563K->169908K(465920K)] 1122322K->992412K(1864192K), 0.0780349 secs] [Times: user=0.37 sys=0.00, real=0.07 secs] 
4028.136: [GC (Allocation Failure) [PSYoungGen: 402868K->185142K(465920K)] 1225372K->1061105K(1864192K), 0.0427755 secs] [Times: user=0.20 sys=0.00, real=0.04 secs] 
4028.294: [GC (Allocation Failure) [PSYoungGen: 418102K->186167K(465920K)] 1294065K->1126346K(1864192K), 0.0507499 secs] [Times: user=0.24 sys=0.01, real=0.06 secs] 
4028.800: [GC (Allocation Failure) [PSYoungGen: 415220K->208179K(465920K)] 1355399K->1207503K(1864192K), 0.0531774 secs] [Times: user=0.27 sys=0.00, real=0.05 secs] 
4030.417: [GC (Allocation Failure) [PSYoungGen: 441139K->97835K(465920K)] 1440463K->1163575K(1864192K), 0.0964213 secs] [Times: user=0.52 sys=0.00, real=0.09 secs] 
4030.871: [GC (Allocation Failure) [PSYoungGen: 330795K->177877K(465920K)] 1396535K->1275202K(1864192K), 0.0416927 secs] [Times: user=0.18 sys=0.00, real=0.04 secs] 
4031.058: [GC (Allocation Failure) [PSYoungGen: 410837K->185014K(465920K)] 1508162K->1337490K(1864192K), 0.0614175 secs] [Times: user=0.29 sys=0.01, real=0.06 secs] 
4031.294: [GC (Allocation Failure) [PSYoungGen: 417974K->186997K(465920K)] 1570450K->1395722K(1864192K), 0.0627730 secs] [Times: user=0.31 sys=0.00, real=0.07 secs] 
4032.335: [GC (Allocation Failure) [PSYoungGen: 419957K->101052K(465920K)] 1628686K->1380325K(1864192K), 0.0448803 secs] [Times: user=0.23 sys=0.00, real=0.04 secs] 
4032.883: [GC (GCLocker Initiated GC) [PSYoungGen: 334012K->164883K(465920K)] 1613285K->1477252K(1864192K), 0.0901980 secs] [Times: user=0.45 sys=0.00, real=0.09 secs] 
4032.973: [Full GC (Ergonomics) [PSYoungGen: 164883K->0K(465920K)] [ParOldGen: 1312368K->188699K(1398272K)] 1477252K->188699K(1864192K), [Metaspace: 60336K->60336K(1105920K)], 0.2351385 secs] [Times: user=1.14 sys=0.00, real=0.24 secs] 
4033.320: [GC (Allocation Failure) [PSYoungGen: 232960K->184374K(465920K)] 421663K->373077K(1864192K), 0.0333237 secs] [Times: user=0.14 sys=0.00, real=0.03 secs] 
4033.466: [GC (Allocation Failure) [PSYoungGen: 417334K->185623K(465920K)] 606037K->438630K(1864192K), 0.0435989 secs] [Times: user=0.20 sys=0.00, real=0.04 secs] 
4033.884: [GC (Allocation Failure) [PSYoungGen: 415509K->216084K(465920K)] 668517K->528028K(1864192K), 0.0543555 secs] [Times: user=0.27 sys=0.01, real=0.06 secs] 
4035.460: [GC (Allocation Failure) [PSYoungGen: 449044K->92170K(465920K)] 760988K->472874K(1864192K), 0.1116721 secs] [Times: user=0.61 sys=0.00, real=0.11 secs] 
4036.232: [GC (Allocation Failure) [PSYoungGen: 325130K->180822K(465920K)] 705834K->591258K(1864192K), 0.0466497 secs] [Times: user=0.20 sys=0.00, real=0.05 secs] 
4036.403: [GC (Allocation Failure) [PSYoungGen: 413782K->185238K(465920K)] 824218K->652018K(1864192K), 0.0442167 secs] [Times: user=0.20 sys=0.00, real=0.05 secs] 
4036.580: [GC (Allocation Failure) [PSYoungGen: 418198K->187541K(465920K)] 884978K->710322K(1864192K), 0.0508608 secs] [Times: user=0.24 sys=0.00, real=0.05 secs] 
4037.734: [GC (Allocation Failure) [PSYoungGen: 420501K->99836K(465920K)] 943282K->693460K(1864192K), 0.0601876 secs] [Times: user=0.31 sys=0.00, real=0.06 secs] 
4038.690: [GC (Allocation Failure) [PSYoungGen: 332796K->167476K(465920K)] 926420K->793226K(1864192K), 0.0660816 secs] [Times: user=0.32 sys=0.00, real=0.07 secs] 
4038.940: [GC (Allocation Failure) [PSYoungGen: 400436K->185334K(465920K)] 1026186K->863491K(1864192K), 0.0604981 secs] [Times: user=0.29 sys=0.00, real=0.06 secs] 
4039.124: [GC (Allocation Failure) [PSYoungGen: 418294K->186487K(465920K)] 1096451K->928885K(1864192K), 0.0518986 secs] [Times: user=0.24 sys=0.00, real=0.06 secs] 
4039.439: [GC (Allocation Failure) [PSYoungGen: 419447K->215156K(465920K)] 1161845K->1016962K(1864192K), 0.0554896 secs] [Times: user=0.28 sys=0.00, real=0.05 secs] 
4040.609: [GC (Allocation Failure) [PSYoungGen: 448116K->91898K(465920K)] 1249922K->961816K(1864192K), 0.0736618 secs] [Times: user=0.40 sys=0.00, real=0.07 secs] 
4041.050: [GC (Allocation Failure) [PSYoungGen: 324858K->183158K(465920K)] 1194776K->1081800K(1864192K), 0.0369269 secs] [Times: user=0.16 sys=0.00, real=0.04 secs] 
4041.196: [GC (Allocation Failure) [PSYoungGen: 416118K->185526K(465920K)] 1314760K->1141540K(1864192K), 0.0461807 secs] [Times: user=0.21 sys=0.00, real=0.04 secs] 
4041.349: [GC (Allocation Failure) [PSYoungGen: 418486K->187381K(465920K)] 1374500K->1199636K(1864192K), 0.0478344 secs] [Times: user=0.23 sys=0.00, real=0.05 secs] 
4042.530: [GC (Allocation Failure) [PSYoungGen: 420341K->98251K(465920K)] 1432596K->1181226K(1864192K), 0.0729259 secs] [Times: user=0.39 sys=0.00, real=0.07 secs] 
4044.255: [GC (Allocation Failure) [PSYoungGen: 331211K->167956K(465920K)] 1414186K->1282287K(1864192K), 0.0980689 secs] [Times: user=0.50 sys=0.00, real=0.10 secs] 
4044.524: [GC (Allocation Failure) [PSYoungGen: 400916K->185430K(465920K)] 1515247K->1352333K(1864192K), 0.0448437 secs] [Times: user=0.20 sys=0.00, real=0.05 secs] 
4044.683: [GC (Allocation Failure) [PSYoungGen: 418390K->186167K(465920K)] 1585293K->1417494K(1864192K), 0.0524468 secs] [Times: user=0.25 sys=0.00, real=0.06 secs] 
4045.202: [GC (Allocation Failure) [PSYoungGen: 418697K->214804K(465920K)] 1650025K->1505132K(1864192K), 0.0556705 secs] [Times: user=0.28 sys=0.00, real=0.06 secs] 
4046.613: [GC (Allocation Failure) [PSYoungGen: 447764K->92411K(465920K)] 1738092K->1451002K(1864192K), 0.1050073 secs] [Times: user=0.57 sys=0.00, real=0.11 secs] 
4046.718: [Full GC (Ergonomics) [PSYoungGen: 92411K->0K(465920K)] [ParOldGen: 1358591K->109719K(1398272K)] 1451002K->109719K(1864192K), [Metaspace: 60336K->60336K(1105920K)], 0.1705710 secs] [Times: user=0.74 sys=0.01, real=0.17 secs] 
4047.146: [GC (Allocation Failure) [PSYoungGen: 232960K->183222K(465920K)] 342679K->292941K(1864192K), 0.0255797 secs] [Times: user=0.08 sys=0.00, real=0.02 secs] 
4047.305: [GC (Allocation Failure) [PSYoungGen: 416182K->185590K(465920K)] 525901K->352505K(1864192K), 0.0439586 secs] [Times: user=0.20 sys=0.00, real=0.04 secs] 
4047.479: [GC (Allocation Failure) [PSYoungGen: 418550K->187573K(465920K)] 585465K->410624K(1864192K), 0.0460465 secs] [Times: user=0.21 sys=0.00, real=0.05 secs] 
4048.469: [GC (Allocation Failure) [PSYoungGen: 420533K->95723K(465920K)] 643584K->389399K(1864192K), 0.0440617 secs] [Times: user=0.23 sys=0.00, real=0.04 secs] 
4048.902: [GC (Allocation Failure) [PSYoungGen: 328683K->172276K(465920K)] 622359K->497077K(1864192K), 0.0898133 secs] [Times: user=0.44 sys=0.00, real=0.09 secs] 
4049.163: [GC (Allocation Failure) [PSYoungGen: 405236K->184854K(465920K)] 730037K->563466K(1864192K), 0.0424430 secs] [Times: user=0.19 sys=0.00, real=0.05 secs] 
4049.344: [GC (Allocation Failure) [PSYoungGen: 417814K->185975K(465920K)] 796426K->628771K(1864192K), 0.0550683 secs] [Times: user=0.26 sys=0.00, real=0.06 secs] 
4049.783: [GC (Allocation Failure) [PSYoungGen: 415019K->211604K(465920K)] 857815K->713392K(1864192K), 0.0545206 secs] [Times: user=0.27 sys=0.00, real=0.06 secs] 
4051.383: [GC (Allocation Failure) [PSYoungGen: 444564K->92330K(465920K)] 946352K->661223K(1864192K), 0.1016837 secs] [Times: user=0.55 sys=0.01, real=0.11 secs] 
4052.155: [GC (Allocation Failure) [PSYoungGen: 325290K->183062K(465920K)] 894183K->781619K(1864192K), 0.0485979 secs] [Times: user=0.21 sys=0.00, real=0.05 secs] 
4052.333: [GC (Allocation Failure) [PSYoungGen: 416022K->185014K(465920K)] 1014579K->840491K(1864192K), 0.0440672 secs] [Times: user=0.20 sys=0.00, real=0.05 secs] 
4052.519: [GC (Allocation Failure) [PSYoungGen: 417974K->187189K(465920K)] 1073451K->898810K(1864192K), 0.0663876 secs] [Times: user=0.31 sys=0.00, real=0.07 secs] 
4053.622: [GC (Allocation Failure) [PSYoungGen: 420149K->101852K(465920K)] 1131770K->884201K(1864192K), 0.0597976 secs] [Times: user=0.32 sys=0.00, real=0.06 secs] 
4054.765: [GC (Allocation Failure) [PSYoungGen: 334812K->165972K(465920K)] 1117161K->980926K(1864192K), 0.0911557 secs] [Times: user=0.45 sys=0.00, real=0.09 secs] 
4055.074: [GC (Allocation Failure) [PSYoungGen: 398932K->184886K(465920K)] 1213886K->1052148K(1864192K), 0.0541175 secs] [Times: user=0.25 sys=0.00, real=0.06 secs] 
4055.262: [GC (GCLocker Initiated GC) [PSYoungGen: 417846K->180534K(465920K)] 1285110K->1112006K(1864192K), 0.0653817 secs] [Times: user=0.31 sys=0.01, real=0.07 secs] 
4056.180: [GC (Allocation Failure) [PSYoungGen: 413494K->185141K(465920K)] 1356347K->1185329K(1864192K), 0.0778903 secs] [Times: user=0.40 sys=0.00, real=0.08 secs] 
4056.512: [GC (Allocation Failure) [PSYoungGen: 418031K->105836K(465920K)] 1418220K->1175829K(1864192K), 0.0559330 secs] [Times: user=0.29 sys=0.01, real=0.06 secs] 
4057.065: [GC (Allocation Failure) [PSYoungGen: 338796K->178261K(465920K)] 1408789K->1281815K(1864192K), 0.0524398 secs] [Times: user=0.24 sys=0.00, real=0.05 secs] 
4057.251: [GC (Allocation Failure) [PSYoungGen: 411221K->185302K(465920K)] 1514775K->1344959K(1864192K), 0.0441845 secs] [Times: user=0.20 sys=0.00, real=0.05 secs] 
4057.403: [GC (Allocation Failure) [PSYoungGen: 418262K->184532K(465920K)] 1577919K->1400462K(1864192K), 0.0459598 secs] [Times: user=0.22 sys=0.00, real=0.05 secs] 
4058.576: [GC (Allocation Failure) [PSYoungGen: 417492K->101836K(465920K)] 1633422K->1387358K(1864192K), 0.0627563 secs] [Times: user=0.33 sys=0.01, real=0.06 secs] 
4059.557: [GC (Allocation Failure) [PSYoungGen: 334796K->172180K(465920K)] 1620318K->1490995K(1864192K), 0.0814695 secs] [Times: user=0.40 sys=0.00, real=0.08 secs] 
4059.638: [Full GC (Ergonomics) [PSYoungGen: 172180K->0K(465920K)] [ParOldGen: 1318814K->197498K(1398272K)] 1490995K->197498K(1864192K), [Metaspace: 60336K->60336K(1105920K)], 0.2399080 secs] [Times: user=1.15 sys=0.00, real=0.24 secs] 
4059.993: [GC (Allocation Failure) [PSYoungGen: 232960K->179701K(465920K)] 430458K->377199K(1864192K), 0.0321431 secs] [Times: user=0.13 sys=0.00, real=0.04 secs] 
4060.147: [GC (Allocation Failure) [PSYoungGen: 412661K->185879K(465920K)] 610159K->446561K(1864192K), 0.0437166 secs] [Times: user=0.20 sys=0.01, real=0.04 secs] 
4061.038: [GC (Allocation Failure) [PSYoungGen: 418839K->174355K(465920K)] 679521K->494174K(1864192K), 0.0581090 secs] [Times: user=0.29 sys=0.00, real=0.06 secs] 
4062.653: [GC (Allocation Failure) [PSYoungGen: 407315K->104140K(465920K)] 727134K->490550K(1864192K), 0.1169352 secs] [Times: user=0.64 sys=0.00, real=0.12 secs] 
4063.217: [GC (Allocation Failure) [PSYoungGen: 337100K->177845K(465920K)] 723510K->597760K(1864192K), 0.0494088 secs] [Times: user=0.22 sys=0.00, real=0.05 secs] 
4063.403: [GC (Allocation Failure) [PSYoungGen: 410805K->184438K(465920K)] 830720K->659409K(1864192K), 0.0431632 secs] [Times: user=0.19 sys=0.00, real=0.05 secs] 
4063.587: [GC (Allocation Failure) [PSYoungGen: 417398K->186965K(465920K)] 892369K->717976K(1864192K), 0.0658545 secs] [Times: user=0.31 sys=0.01, real=0.06 secs] 
4064.665: [GC (Allocation Failure) [PSYoungGen: 419925K->99020K(465920K)] 950936K->700423K(1864192K), 0.0465495 secs] [Times: user=0.24 sys=0.00, real=0.04 secs] 
4065.061: [GC (GCLocker Initiated GC) [PSYoungGen: 331980K->170932K(465920K)] 933384K->804912K(1864192K), 0.0740548 secs] [Times: user=0.35 sys=0.00, real=0.08 secs] 
4065.313: [GC (Allocation Failure) [PSYoungGen: 403892K->181493K(465920K)] 1037876K->868813K(1864192K), 0.0428747 secs] [Times: user=0.18 sys=0.01, real=0.05 secs] 
4065.515: [GC (Allocation Failure) [PSYoungGen: 414453K->185943K(465920K)] 1101773K->936823K(1864192K), 0.0716579 secs] [Times: user=0.35 sys=0.00, real=0.08 secs] 
4066.411: [GC (Allocation Failure) [PSYoungGen: 414786K->211443K(465920K)] 1165666K->1021364K(1864192K), 0.0554847 secs] [Times: user=0.28 sys=0.00, real=0.06 secs] 
4067.944: [GC (Allocation Failure) [PSYoungGen: 444403K->96683K(465920K)] 1254324K->972923K(1864192K), 0.0959524 secs] [Times: user=0.51 sys=0.00, real=0.10 secs] 
4069.025: [GC (Allocation Failure) [PSYoungGen: 329643K->182358K(465920K)] 1205883K->1089647K(1864192K), 0.0482613 secs] [Times: user=0.22 sys=0.00, real=0.05 secs] 
4069.250: [GC (Allocation Failure) [PSYoungGen: 415318K->182293K(465920K)] 1322607K->1146178K(1864192K), 0.0669366 secs] [Times: user=0.33 sys=0.00, real=0.07 secs] 
4069.503: [GC (Allocation Failure) [PSYoungGen: 415253K->203893K(465920K)] 1379138K->1223242K(1864192K), 0.0613088 secs] [Times: user=0.30 sys=0.00, real=0.06 secs] 
4070.622: [GC (Allocation Failure) [PSYoungGen: 436853K->102140K(465920K)] 1456202K->1192153K(1864192K), 0.0642831 secs] [Times: user=0.34 sys=0.00, real=0.07 secs] 
4071.526: [GC (Allocation Failure) [PSYoungGen: 335100K->168468K(465920K)] 1425113K->1291112K(1864192K), 0.0591584 secs] [Times: user=0.28 sys=0.00, real=0.06 secs] 
4071.720: [GC (Allocation Failure) [PSYoungGen: 401428K->185398K(465920K)] 1524072K->1360790K(1864192K), 0.0439474 secs] [Times: user=0.20 sys=0.00, real=0.04 secs] 
4071.899: [GC (Allocation Failure) [PSYoungGen: 418358K->182838K(465920K)] 1593750K->1422567K(1864192K), 0.0672682 secs] [Times: user=0.33 sys=0.00, real=0.07 secs] 
4072.470: [GC (Allocation Failure) [PSYoungGen: 415798K->218804K(465920K)] 1655527K->1516556K(1864192K), 0.0549304 secs] [Times: user=0.27 sys=0.00, real=0.05 secs] 
4073.154: [GC (Allocation Failure) [PSYoungGen: 451764K->100636K(465920K)] 1749516K->1465788K(1864192K), 0.0655918 secs] [Times: user=0.34 sys=0.01, real=0.07 secs] 
4073.220: [Full GC (Ergonomics) [PSYoungGen: 100636K->0K(465920K)] [ParOldGen: 1365152K->118817K(1398272K)] 1465788K->118817K(1864192K), [Metaspace: 60336K->60336K(1105920K)], 0.1355836 secs] [Times: user=0.62 sys=0.00, real=0.14 secs] 
4073.755: [GC (Allocation Failure) [PSYoungGen: 232960K->180053K(465920K)] 351777K->298871K(1864192K), 0.0304033 secs] [Times: user=0.11 sys=0.00, real=0.03 secs] 
4073.907: [GC (Allocation Failure) [PSYoungGen: 413013K->183830K(465920K)] 531831K->359355K(1864192K), 0.0417934 secs] [Times: user=0.18 sys=0.00, real=0.04 secs] 
4074.056: [GC (Allocation Failure) [PSYoungGen: 416790K->184084K(465920K)] 592315K->415226K(1864192K), 0.0447123 secs] [Times: user=0.20 sys=0.00, real=0.04 secs] 
4075.095: [GC (Allocation Failure) [PSYoungGen: 417044K->100732K(465920K)] 648186K->401402K(1864192K), 0.0476513 secs] [Times: user=0.25 sys=0.00, real=0.04 secs] 
4075.945: [GC (Allocation Failure) [PSYoungGen: 333692K->170004K(465920K)] 634362K->502847K(1864192K), 0.0642412 secs] [Times: user=0.31 sys=0.00, real=0.07 secs] 
4076.145: [GC (Allocation Failure) [PSYoungGen: 402964K->185046K(465920K)] 735807K->571424K(1864192K), 0.0424715 secs] [Times: user=0.19 sys=0.00, real=0.04 secs] 
4076.303: [GC (Allocation Failure) [PSYoungGen: 418006K->185911K(465920K)] 804384K->636578K(1864192K), 0.0498308 secs] [Times: user=0.23 sys=0.00, real=0.05 secs] 
4077.125: [GC (Allocation Failure) [PSYoungGen: 418443K->212627K(465920K)] 869110K->722198K(1864192K), 0.0560616 secs] [Times: user=0.28 sys=0.00, real=0.06 secs] 
4078.594: [GC (Allocation Failure) [PSYoungGen: 445587K->98443K(465920K)] 955158K->674870K(1864192K), 0.1075340 secs] [Times: user=0.58 sys=0.00, real=0.11 secs] 
4079.143: [GC (Allocation Failure) [PSYoungGen: 331403K->180502K(465920K)] 907830K->788569K(1864192K), 0.0509949 secs] [Times: user=0.23 sys=0.00, real=0.05 secs] 
4079.329: [GC (Allocation Failure) [PSYoungGen: 413462K->185142K(465920K)] 1021529K->848849K(1864192K), 0.0436282 secs] [Times: user=0.20 sys=0.00, real=0.04 secs] 
4079.491: [GC (Allocation Failure) [PSYoungGen: 418102K->183924K(465920K)] 1081809K->903752K(1864192K), 0.0458477 secs] [Times: user=0.21 sys=0.00, real=0.05 secs] 
4080.517: [GC (Allocation Failure) [PSYoungGen: 416884K->102572K(465920K)] 1136712K->891920K(1864192K), 0.0487467 secs] [Times: user=0.26 sys=0.00, real=0.05 secs] 
4081.118: [GC (GCLocker Initiated GC) [PSYoungGen: 335532K->166772K(465920K)] 1124880K->989433K(1864192K), 0.0844339 secs] [Times: user=0.41 sys=0.00, real=0.08 secs] 
4081.381: [GC (Allocation Failure) [PSYoungGen: 399732K->184053K(465920K)] 1222688K->1059337K(1864192K), 0.0439562 secs] [Times: user=0.20 sys=0.00, real=0.05 secs] 
4081.605: [GC (Allocation Failure) [PSYoungGen: 417013K->185655K(465920K)] 1292297K->1125103K(1864192K), 0.0752396 secs] [Times: user=0.37 sys=0.00, real=0.08 secs] 
4082.091: [GC (Allocation Failure) [PSYoungGen: 416279K->212916K(465920K)] 1355727K->1211204K(1864192K), 0.0543243 secs] [Times: user=0.26 sys=0.00, real=0.06 secs] 
4083.490: [GC (Allocation Failure) [PSYoungGen: 445876K->97803K(465920K)] 1444164K->1163651K(1864192K), 0.1186469 secs] [Times: user=0.66 sys=0.00, real=0.12 secs] 
4084.708: [GC (Allocation Failure) [PSYoungGen: 330763K->179701K(465920K)] 1396611K->1276645K(1864192K), 0.0500049 secs] [Times: user=0.22 sys=0.01, real=0.05 secs] 
4084.891: [GC (Allocation Failure) [PSYoungGen: 412661K->185238K(465920K)] 1509605K->1338085K(1864192K), 0.0443649 secs] [Times: user=0.20 sys=0.00, real=0.05 secs] 
4085.046: [GC (Allocation Failure) [PSYoungGen: 418198K->187285K(465920K)] 1571045K->1396148K(1864192K), 0.0464378 secs] [Times: user=0.22 sys=0.00, real=0.04 secs] 
4086.271: [GC (Allocation Failure) [PSYoungGen: 420245K->100908K(465920K)] 1629108K->1380431K(1864192K), 0.0670063 secs] [Times: user=0.36 sys=0.00, real=0.07 secs] 
4087.210: [GC (Allocation Failure) [PSYoungGen: 333868K->166548K(465920K)] 1613391K->1478492K(1864192K), 0.0636745 secs] [Times: user=0.30 sys=0.00, real=0.06 secs] 
4087.274: [Full GC (Ergonomics) [PSYoungGen: 166548K->0K(465920K)] [ParOldGen: 1311944K->190489K(1398272K)] 1478492K->190489K(1864192K), [Metaspace: 60336K->60336K(1105920K)], 0.2103860 secs] [Times: user=0.99 sys=0.00, real=0.21 secs] 
4087.603: [GC (Allocation Failure) [PSYoungGen: 232960K->182229K(465920K)] 423449K->372719K(1864192K), 0.0322357 secs] [Times: user=0.13 sys=0.00, real=0.04 secs] 
4087.762: [GC (Allocation Failure) [PSYoungGen: 415189K->185655K(465920K)] 605679K->440112K(1864192K), 0.0440300 secs] [Times: user=0.19 sys=0.00, real=0.05 secs] 
4088.243: [GC (Allocation Failure) [PSYoungGen: 415194K->214612K(465920K)] 669651K->527950K(1864192K), 0.0538350 secs] [Times: user=0.26 sys=0.00, real=0.06 secs] 
4088.941: [GC (Allocation Failure) [PSYoungGen: 447572K->101772K(465920K)] 760910K->483349K(1864192K), 0.0440104 secs] [Times: user=0.23 sys=0.00, real=0.05 secs] 
4089.589: [GC (Allocation Failure) [PSYoungGen: 334732K->175221K(465920K)] 716309K->588795K(1864192K), 0.0491273 secs] [Times: user=0.22 sys=0.00, real=0.05 secs] 
4089.825: [GC (Allocation Failure) [PSYoungGen: 408181K->185110K(465920K)] 821755K->653564K(1864192K), 0.0630273 secs] [Times: user=0.30 sys=0.00, real=0.06 secs] 
4090.060: [GC (Allocation Failure) [PSYoungGen: 418070K->184468K(465920K)] 886524K->708931K(1864192K), 0.0636777 secs] [Times: user=0.31 sys=0.00, real=0.06 secs] 
4091.091: [GC (GCLocker Initiated GC) [PSYoungGen: 417428K->103212K(465920K)] 941891K->697343K(1864192K), 0.0495435 secs] [Times: user=0.26 sys=0.00, real=0.05 secs] 
4092.730: [GC (Allocation Failure) [PSYoungGen: 336172K->165875K(465920K)] 930342K->792842K(1864192K), 0.0749368 secs] [Times: user=0.37 sys=0.00, real=0.08 secs] 
4092.961: [GC (Allocation Failure) [PSYoungGen: 398835K->185270K(465920K)] 1025802K->864952K(1864192K), 0.0432035 secs] [Times: user=0.19 sys=0.00, real=0.04 secs] 
4093.180: [GC (Allocation Failure) [PSYoungGen: 418230K->186135K(465920K)] 1097912K->930130K(1864192K), 0.0766876 secs] [Times: user=0.38 sys=0.01, real=0.08 secs] 
4093.666: [GC (Allocation Failure) [PSYoungGen: 416364K->214260K(465920K)] 1160359K->1017311K(1864192K), 0.0530922 secs] [Times: user=0.26 sys=0.00, real=0.05 secs] 
4095.200: [GC (Allocation Failure) [PSYoungGen: 447220K->91690K(465920K)] 1250271K->962733K(1864192K), 0.0961406 secs] [Times: user=0.52 sys=0.00, real=0.10 secs] 
4095.615: [GC (Allocation Failure) [PSYoungGen: 324650K->180662K(465920K)] 1195693K->1081137K(1864192K), 0.0349780 secs] [Times: user=0.14 sys=0.00, real=0.03 secs] 
4095.763: [GC (Allocation Failure) [PSYoungGen: 413622K->184854K(465920K)] 1314097K->1141625K(1864192K), 0.0460752 secs] [Times: user=0.21 sys=0.00, real=0.05 secs] 
4095.918: [GC (Allocation Failure) [PSYoungGen: 417814K->187253K(465920K)] 1374585K->1200121K(1864192K), 0.0483807 secs] [Times: user=0.23 sys=0.00, real=0.05 secs] 
4096.928: [GC (Allocation Failure) [PSYoungGen: 420213K->102716K(465920K)] 1433081K->1186128K(1864192K), 0.0473041 secs] [Times: user=0.25 sys=0.00, real=0.05 secs] 
4097.374: [GC (Allocation Failure) [PSYoungGen: 335676K->169556K(465920K)] 1419088K->1286029K(1864192K), 0.0805904 secs] [Times: user=0.40 sys=0.00, real=0.09 secs] 
4097.637: [GC (Allocation Failure) [PSYoungGen: 402516K->184822K(465920K)] 1518989K->1354854K(1864192K), 0.0434176 secs] [Times: user=0.19 sys=0.00, real=0.04 secs] 
4097.837: [GC (GCLocker Initiated GC) [PSYoungGen: 417782K->183094K(465920K)] 1587814K->1417255K(1864192K), 0.0796332 secs] [Times: user=0.40 sys=0.00, real=0.08 secs] 
4098.184: [GC (Allocation Failure) [PSYoungGen: 416054K->215348K(465920K)] 1650219K->1507521K(1864192K), 0.0551400 secs] [Times: user=0.27 sys=0.01, real=0.06 secs] 
4099.881: [GC (Allocation Failure) [PSYoungGen: 448308K->95787K(465920K)] 1740481K->1456255K(1864192K), 0.1149278 secs] [Times: user=0.63 sys=0.00, real=0.12 secs] 
4099.996: [Full GC (Ergonomics) [PSYoungGen: 95787K->0K(465920K)] [ParOldGen: 1360468K->113385K(1398272K)] 1456255K->113385K(1864192K), [Metaspace: 60353K->60353K(1105920K)], 0.1788570 secs] [Times: user=0.79 sys=0.00, real=0.18 secs] 
4100.862: [GC (Allocation Failure) [PSYoungGen: 232960K->178229K(465920K)] 346345K->291615K(1864192K), 0.0350090 secs] [Times: user=0.13 sys=0.00, real=0.04 secs] 
4101.038: [GC (Allocation Failure) [PSYoungGen: 411109K->185238K(465920K)] 524495K->354447K(1864192K), 0.0411953 secs] [Times: user=0.18 sys=0.00, real=0.04 secs] 
4101.189: [GC (Allocation Failure) [PSYoungGen: 418198K->187477K(465920K)] 587407K->412655K(1864192K), 0.0447475 secs] [Times: user=0.21 sys=0.00, real=0.04 secs] 
4102.481: [GC (Allocation Failure) [PSYoungGen: 420437K->99564K(465920K)] 645615K->395653K(1864192K), 0.0802491 secs] [Times: user=0.43 sys=0.00, real=0.08 secs] 
4103.590: [GC (Allocation Failure) [PSYoungGen: 332524K->164755K(465920K)] 628613K->492802K(1864192K), 0.0718360 secs] [Times: user=0.35 sys=0.01, real=0.07 secs] 
4103.849: [GC (Allocation Failure) [PSYoungGen: 397715K->184982K(465920K)] 725762K->564504K(1864192K), 0.0514678 secs] [Times: user=0.21 sys=0.00, real=0.05 secs] 
4104.014: [GC (Allocation Failure) [PSYoungGen: 417942K->186231K(465920K)] 797464K->629786K(1864192K), 0.0498219 secs] [Times: user=0.23 sys=0.00, real=0.05 secs] 
4104.289: [GC (Allocation Failure) [PSYoungGen: 417339K->217108K(465920K)] 860893K->719815K(1864192K), 0.0559900 secs] [Times: user=0.27 sys=0.00, real=0.05 secs] 
4105.288: [GC (Allocation Failure) [PSYoungGen: 450068K->92651K(465920K)] 952775K->664597K(1864192K), 0.0694484 secs] [Times: user=0.37 sys=0.01, real=0.07 secs] 
4105.944: [GC (Allocation Failure) [PSYoungGen: 325611K->179413K(465920K)] 897557K->780309K(1864192K), 0.0493718 secs] [Times: user=0.22 sys=0.00, real=0.05 secs] 
4106.195: [GC (Allocation Failure) [PSYoungGen: 412373K->184982K(465920K)] 1013269K->842273K(1864192K), 0.0598102 secs] [Times: user=0.28 sys=0.00, real=0.06 secs] 
4106.369: [GC (Allocation Failure) [PSYoungGen: 417942K->187253K(465920K)] 1075233K->900697K(1864192K), 0.0460837 secs] [Times: user=0.22 sys=0.00, real=0.05 secs] 
4107.421: [GC (Allocation Failure) [PSYoungGen: 420213K->102780K(465920K)] 1133657K->886844K(1864192K), 0.0517136 secs] [Times: user=0.28 sys=0.00, real=0.05 secs] 
4108.521: [GC (Allocation Failure) [PSYoungGen: 335740K->168852K(465920K)] 1119804K->986113K(1864192K), 0.0922202 secs] [Times: user=0.45 sys=0.00, real=0.09 secs] 
4108.797: [GC (Allocation Failure) [PSYoungGen: 401812K->185014K(465920K)] 1219073K->1055670K(1864192K), 0.0437955 secs] [Times: user=0.19 sys=0.00, real=0.04 secs] 
4108.994: [GC (Allocation Failure) [PSYoungGen: 417974K->180502K(465920K)] 1288630K->1115223K(1864192K), 0.0788086 secs] [Times: user=0.40 sys=0.00, real=0.08 secs] 
4109.396: [GC (Allocation Failure) [PSYoungGen: 413086K->218677K(465920K)] 1347807K->1211198K(1864192K), 0.0559279 secs] [Times: user=0.27 sys=0.01, real=0.05 secs] 
4110.792: [GC (Allocation Failure) [PSYoungGen: 451637K->93419K(465920K)] 1444158K->1155692K(1864192K), 0.0754161 secs] [Times: user=0.40 sys=0.00, real=0.08 secs] 
4111.454: [GC (Allocation Failure) [PSYoungGen: 326379K->176789K(465920K)] 1388652K->1269235K(1864192K), 0.0494138 secs] [Times: user=0.22 sys=0.00, real=0.05 secs] 
4111.633: [GC (Allocation Failure) [PSYoungGen: 409749K->185142K(465920K)] 1502195K->1332083K(1864192K), 0.0454319 secs] [Times: user=0.21 sys=0.00, real=0.05 secs] 
4111.785: [GC (Allocation Failure) [PSYoungGen: 418102K->184084K(465920K)] 1565043K->1387402K(1864192K), 0.0476692 secs] [Times: user=0.22 sys=0.00, real=0.04 secs] 
4112.847: [GC (Allocation Failure) [PSYoungGen: 417044K->107005K(465920K)] 1620362K->1379706K(1864192K), 0.0471852 secs] [Times: user=0.24 sys=0.00, real=0.04 secs] 
4113.549: [GC (GCLocker Initiated GC) [PSYoungGen: 339965K->167604K(465920K)] 1612668K->1474552K(1864192K), 0.0960280 secs] [Times: user=0.47 sys=0.00, real=0.09 secs] 
4113.820: [GC (Allocation Failure) [PSYoungGen: 400564K->182517K(465920K)] 1707550K->1542108K(1864192K), 0.0435875 secs] [Times: user=0.20 sys=0.00, real=0.04 secs] 
4113.864: [Full GC (Ergonomics) [PSYoungGen: 182517K->0K(465920K)] [ParOldGen: 1359590K->256593K(1398272K)] 1542108K->256593K(1864192K), [Metaspace: 60353K->60353K(1105920K)], 0.3436040 secs] [Times: user=1.50 sys=0.00, real=0.35 secs] 
4114.327: [GC (Allocation Failure) [PSYoungGen: 232854K->185879K(465920K)] 489448K->442472K(1864192K), 0.0782684 secs] [Times: user=0.41 sys=0.00, real=0.08 secs] 
4114.542: [GC (Allocation Failure) [PSYoungGen: 418839K->215604K(465920K)] 675432K->531054K(1864192K), 0.0547406 secs] [Times: user=0.26 sys=0.00, real=0.06 secs] 
4116.307: [GC (Allocation Failure) [PSYoungGen: 448564K->91626K(465920K)] 764014K->475956K(1864192K), 0.0924520 secs] [Times: user=0.50 sys=0.00, real=0.09 secs] 
4117.245: [GC (Allocation Failure) [PSYoungGen: 324586K->177493K(465920K)] 708916K->590747K(1864192K), 0.0481605 secs] [Times: user=0.21 sys=0.00, real=0.04 secs] 
4117.482: [GC (Allocation Failure) [PSYoungGen: 410453K->185206K(465920K)] 823707K->654368K(1864192K), 0.0610588 secs] [Times: user=0.30 sys=0.00, real=0.06 secs] 
4117.707: [GC (Allocation Failure) [PSYoungGen: 418166K->187093K(465920K)] 887328K->712463K(1864192K), 0.0703617 secs] [Times: user=0.35 sys=0.00, real=0.07 secs] 
4118.864: [GC (Allocation Failure) [PSYoungGen: 420053K->100124K(465920K)] 945423K->696078K(1864192K), 0.0494096 secs] [Times: user=0.24 sys=0.00, real=0.05 secs] 
4119.371: [GC (Allocation Failure) [PSYoungGen: 333084K->168692K(465920K)] 929038K->797691K(1864192K), 0.0782536 secs] [Times: user=0.39 sys=0.00, real=0.08 secs] 
4119.597: [GC (GCLocker Initiated GC) [PSYoungGen: 401652K->179029K(465920K)] 1030651K->860584K(1864192K), 0.0439151 secs] [Times: user=0.20 sys=0.00, real=0.04 secs] 
4119.756: [GC (Allocation Failure) [PSYoungGen: 411989K->185431K(465920K)] 1093803K->929709K(1864192K), 0.0513410 secs] [Times: user=0.23 sys=0.01, real=0.05 secs] 
4119.969: [GC (Allocation Failure) [PSYoungGen: 418391K->183828K(465920K)] 1162669K->987019K(1864192K), 0.0808564 secs] [Times: user=0.42 sys=0.00, real=0.08 secs] 
4121.038: [GC (Allocation Failure) [PSYoungGen: 416788K->98155K(465920K)] 1219979K->970786K(1864192K), 0.0556176 secs] [Times: user=0.29 sys=0.01, real=0.05 secs] 
4121.416: [GC (Allocation Failure) [PSYoungGen: 331115K->178773K(465920K)] 1203746K->1082529K(1864192K), 0.0541972 secs] [Times: user=0.24 sys=0.00, real=0.05 secs] 
4121.663: [GC (Allocation Failure) [PSYoungGen: 411733K->184886K(465920K)] 1315489K->1144849K(1864192K), 0.0641749 secs] [Times: user=0.31 sys=0.00, real=0.07 secs] 
4121.893: [GC (Allocation Failure) [PSYoungGen: 417846K->187253K(465920K)] 1377809K->1203072K(1864192K), 0.0687102 secs] [Times: user=0.34 sys=0.00, real=0.07 secs] 
4123.048: [GC (Allocation Failure) [PSYoungGen: 420213K->99516K(465920K)] 1436032K->1185943K(1864192K), 0.0543602 secs] [Times: user=0.28 sys=0.00, real=0.05 secs] 
4123.858: [GC (Allocation Failure) [PSYoungGen: 332476K->167828K(465920K)] 1418903K->1286848K(1864192K), 0.0847758 secs] [Times: user=0.42 sys=0.00, real=0.08 secs] 
4124.111: [GC (Allocation Failure) [PSYoungGen: 400788K->184982K(465920K)] 1519808K->1356850K(1864192K), 0.0435389 secs] [Times: user=0.20 sys=0.00, real=0.04 secs] 
4124.270: [GC (Allocation Failure) [PSYoungGen: 417942K->185847K(465920K)] 1589810K->1422035K(1864192K), 0.0534462 secs] [Times: user=0.24 sys=0.00, real=0.05 secs] 
4124.482: [GC (Allocation Failure) [PSYoungGen: 418807K->218549K(465920K)] 1654995K->1513689K(1864192K), 0.0805801 secs] [Times: user=0.41 sys=0.00, real=0.08 secs] 
4126.144: [GC (Allocation Failure) [PSYoungGen: 451509K->88842K(465920K)] 1746649K->1454206K(1864192K), 0.1143819 secs] [Times: user=0.62 sys=0.00, real=0.12 secs] 
4126.259: [Full GC (Ergonomics) [PSYoungGen: 88842K->0K(465920K)] [ParOldGen: 1365364K->106486K(1398272K)] 1454206K->106486K(1864192K), [Metaspace: 60353K->60353K(1105920K)], 0.1658797 secs] [Times: user=0.74 sys=0.00, real=0.16 secs] 
4126.870: [GC (Allocation Failure) [PSYoungGen: 232960K->183798K(465920K)] 339446K->290284K(1864192K), 0.0277645 secs] [Times: user=0.10 sys=0.00, real=0.03 secs] 
4127.011: [GC (Allocation Failure) [PSYoungGen: 416758K->185526K(465920K)] 523244K->348972K(1864192K), 0.0418624 secs] [Times: user=0.18 sys=0.00, real=0.04 secs] 
4127.162: [GC (Allocation Failure) [PSYoungGen: 418486K->186837K(465920K)] 581932K->406531K(1864192K), 0.0452673 secs] [Times: user=0.21 sys=0.00, real=0.05 secs] 
4128.161: [GC (Allocation Failure) [PSYoungGen: 419797K->96955K(465920K)] 639491K->387018K(1864192K), 0.0442049 secs] [Times: user=0.22 sys=0.00, real=0.05 secs] 
4128.820: [GC (Allocation Failure) [PSYoungGen: 329915K->167444K(465920K)] 619978K->488655K(1864192K), 0.0841147 secs] [Times: user=0.41 sys=0.01, real=0.08 secs] 
4129.067: [GC (Allocation Failure) [PSYoungGen: 400404K->179733K(465920K)] 721615K->553292K(1864192K), 0.0412350 secs] [Times: user=0.18 sys=0.00, real=0.04 secs] 
4129.278: [GC (Allocation Failure) [PSYoungGen: 412693K->185847K(465920K)] 786252K->622662K(1864192K), 0.0674275 secs] [Times: user=0.33 sys=0.00, real=0.07 secs] 
4129.457: [GC (Allocation Failure) [PSYoungGen: 418807K->187413K(465920K)] 855622K->683160K(1864192K), 0.0564164 secs] [Times: user=0.28 sys=0.00, real=0.05 secs] 
4131.294: [GC (Allocation Failure) [PSYoungGen: 420373K->89402K(465920K)] 916120K->655910K(1864192K), 0.1158544 secs] [Times: user=0.63 sys=0.01, real=0.12 secs] 
4132.466: [GC (Allocation Failure) [PSYoungGen: 322362K->182774K(465920K)] 888870K->778074K(1864192K), 0.0493116 secs] [Times: user=0.21 sys=0.00, real=0.05 secs] 
4132.647: [GC (Allocation Failure) [PSYoungGen: 415734K->181461K(465920K)] 1011034K->833750K(1864192K), 0.0431122 secs] [Times: user=0.20 sys=0.00, real=0.04 secs] 
4132.844: [GC (Allocation Failure) [PSYoungGen: 414421K->187349K(465920K)] 1066710K->894853K(1864192K), 0.0686909 secs] [Times: user=0.34 sys=0.00, real=0.07 secs] 
4133.958: [GC (Allocation Failure) [PSYoungGen: 420309K->104492K(465920K)] 1127813K->882561K(1864192K), 0.0502311 secs] [Times: user=0.26 sys=0.01, real=0.05 secs] 
4134.718: [GC (Allocation Failure) [PSYoungGen: 337452K->164467K(465920K)] 1115521K->976748K(1864192K), 0.0919775 secs] [Times: user=0.47 sys=0.00, real=0.09 secs] 
4134.964: [GC (Allocation Failure) [PSYoungGen: 397427K->184310K(465920K)] 1209708K->1048218K(1864192K), 0.0426478 secs] [Times: user=0.19 sys=0.00, real=0.05 secs] 
4135.153: [GC (Allocation Failure) [PSYoungGen: 417270K->185719K(465920K)] 1281178K->1113740K(1864192K), 0.0729428 secs] [Times: user=0.36 sys=0.00, real=0.08 secs] 
4135.363: [GC (Allocation Failure) [PSYoungGen: 418679K->203573K(465920K)] 1346700K->1190570K(1864192K), 0.0569152 secs] [Times: user=0.28 sys=0.00, real=0.06 secs] 
4136.368: [GC (GCLocker Initiated GC) [PSYoungGen: 436533K->93355K(465920K)] 1423530K->1150952K(1864192K), 0.0428108 secs] [Times: user=0.22 sys=0.01, real=0.04 secs] 
4136.743: [GC (Allocation Failure) [PSYoungGen: 326315K->179637K(465920K)] 1384079K->1266750K(1864192K), 0.0529256 secs] [Times: user=0.23 sys=0.00, real=0.06 secs] 
4136.937: [GC (Allocation Failure) [PSYoungGen: 412597K->185046K(465920K)] 1499710K->1328315K(1864192K), 0.0451878 secs] [Times: user=0.20 sys=0.00, real=0.04 secs] 
4137.090: [GC (Allocation Failure) [PSYoungGen: 418006K->184564K(465920K)] 1561275K->1383873K(1864192K), 0.0467810 secs] [Times: user=0.22 sys=0.01, real=0.05 secs] 
4138.176: [GC (Allocation Failure) [PSYoungGen: 417524K->103932K(465920K)] 1616833K->1372869K(1864192K), 0.0471672 secs] [Times: user=0.24 sys=0.00, real=0.04 secs] 
4139.502: [GC (Allocation Failure) [PSYoungGen: 336892K->167604K(465920K)] 1605829K->1469866K(1864192K), 0.1121281 secs] [Times: user=0.57 sys=0.00, real=0.11 secs] 
4139.817: [GC (Allocation Failure) [PSYoungGen: 400564K->179637K(465920K)] 1702826K->1534191K(1864192K), 0.0431819 secs] [Times: user=0.19 sys=0.00, real=0.04 secs] 
4139.861: [Full GC (Ergonomics) [PSYoungGen: 179637K->0K(465920K)] [ParOldGen: 1354554K->253111K(1398272K)] 1534191K->253111K(1864192K), [Metaspace: 60353K->60353K(1105920K)], 0.3162670 secs] [Times: user=1.47 sys=0.00, real=0.32 secs] 
4140.302: [GC (Allocation Failure) [PSYoungGen: 232960K->185879K(465920K)] 486071K->438990K(1864192K), 0.0872090 secs] [Times: user=0.46 sys=0.00, real=0.09 secs] 
4140.513: [GC (Allocation Failure) [PSYoungGen: 418839K->187349K(465920K)] 671950K->499277K(1864192K), 0.0540230 secs] [Times: user=0.26 sys=0.00, real=0.06 secs] 
4142.452: [GC (Allocation Failure) [PSYoungGen: 420309K->92170K(465920K)] 732237K->474794K(1864192K), 0.1157165 secs] [Times: user=0.64 sys=0.00, real=0.12 secs] 
4143.254: [GC (Allocation Failure) [PSYoungGen: 325130K->175893K(465920K)] 707754K->587962K(1864192K), 0.0502772 secs] [Times: user=0.22 sys=0.00, real=0.05 secs] 
4143.508: [GC (Allocation Failure) [PSYoungGen: 408853K->185174K(465920K)] 820922K->651854K(1864192K), 0.0589961 secs] [Times: user=0.28 sys=0.00, real=0.06 secs] 
4143.683: [GC (Allocation Failure) [PSYoungGen: 418134K->184660K(465920K)] 884814K->707373K(1864192K), 0.0450313 secs] [Times: user=0.21 sys=0.01, real=0.05 secs] 
4144.741: [GC (Allocation Failure) [PSYoungGen: 417620K->105692K(465920K)] 940333K->698173K(1864192K), 0.0481699 secs] [Times: user=0.24 sys=0.00, real=0.05 secs] 
4146.216: [GC (Allocation Failure) [PSYoungGen: 338652K->162611K(465920K)] 931133K->789269K(1864192K), 0.1087542 secs] [Times: user=0.55 sys=0.00, real=0.11 secs] 
4146.503: [GC (Allocation Failure) [PSYoungGen: 395571K->184982K(465920K)] 1022229K->862723K(1864192K), 0.0422037 secs] [Times: user=0.19 sys=0.00, real=0.05 secs] 
4146.660: [GC (Allocation Failure) [PSYoungGen: 417942K->185623K(465920K)] 1095683K->927925K(1864192K), 0.0505592 secs] [Times: user=0.24 sys=0.00, real=0.05 secs] 
4146.820: [GC (Allocation Failure) [PSYoungGen: 418583K->187509K(465920K)] 1160885K->988531K(1864192K), 0.0561925 secs] [Times: user=0.27 sys=0.00, real=0.06 secs] 
4149.410: [GC (Allocation Failure) [PSYoungGen: 420469K->86794K(465920K)] 1221491K->958496K(1864192K), 0.1091167 secs] [Times: user=0.60 sys=0.00, real=0.11 secs] 
4150.313: [GC (Allocation Failure) [PSYoungGen: 319754K->182902K(465920K)] 1191456K->1082521K(1864192K), 0.0513869 secs] [Times: user=0.23 sys=0.00, real=0.05 secs] 
4150.503: [GC (Allocation Failure) [PSYoungGen: 415862K->185302K(465920K)] 1315481K->1141820K(1864192K), 0.0444550 secs] [Times: user=0.20 sys=0.00, real=0.05 secs] 
4150.656: [GC (Allocation Failure) [PSYoungGen: 418262K->184244K(465920K)] 1374780K->1197035K(1864192K), 0.0459834 secs] [Times: user=0.21 sys=0.00, real=0.04 secs] 
4151.664: [GC (Allocation Failure) [PSYoungGen: 417204K->102332K(465920K)] 1429995K->1184563K(1864192K), 0.0457332 secs] [Times: user=0.24 sys=0.00, real=0.05 secs] 
4152.119: [GC (Allocation Failure) [PSYoungGen: 335292K->167316K(465920K)] 1417523K->1283310K(1864192K), 0.0634061 secs] [Times: user=0.30 sys=0.00, real=0.06 secs] 
4152.356: [GC (Allocation Failure) [PSYoungGen: 400276K->184950K(465920K)] 1516270K->1352924K(1864192K), 0.0537105 secs] [Times: user=0.26 sys=0.00, real=0.05 secs] 
4152.544: [GC (Allocation Failure) [PSYoungGen: 417910K->186231K(465920K)] 1585884K->1418517K(1864192K), 0.0513959 secs] [Times: user=0.24 sys=0.00, real=0.06 secs] 
4153.020: [GC (Allocation Failure) [PSYoungGen: 419191K->182484K(465920K)] 1651477K->1473955K(1864192K), 0.0933653 secs] [Times: user=0.49 sys=0.00, real=0.09 secs] 
4154.766: [GC (Allocation Failure) [PSYoungGen: 415444K->89338K(465920K)] 1706915K->1450001K(1864192K), 0.1136938 secs] [Times: user=0.63 sys=0.01, real=0.11 secs] 
4154.880: [Full GC (Ergonomics) [PSYoungGen: 89338K->0K(465920K)] [ParOldGen: 1360662K->105344K(1398272K)] 1450001K->105344K(1864192K), [Metaspace: 60353K->60353K(1105920K)], 0.1609515 secs] [Times: user=0.70 sys=0.00, real=0.16 secs] 
4156.113: [GC (Allocation Failure) [PSYoungGen: 232960K->179989K(465920K)] 338304K->285334K(1864192K), 0.0376520 secs] [Times: user=0.14 sys=0.00, real=0.04 secs] 
4156.293: [GC (Allocation Failure) [PSYoungGen: 412949K->182965K(465920K)] 518294K->344886K(1864192K), 0.0439553 secs] [Times: user=0.16 sys=0.00, real=0.05 secs] 
4156.448: [GC (Allocation Failure) [PSYoungGen: 415925K->187349K(465920K)] 577846K->405085K(1864192K), 0.0462557 secs] [Times: user=0.19 sys=0.00, real=0.04 secs] 
4157.559: [GC (Allocation Failure) [PSYoungGen: 420309K->105724K(465920K)] 638045K->393961K(1864192K), 0.0487011 secs] [Times: user=0.26 sys=0.00, real=0.05 secs] 
4159.168: [GC (Allocation Failure) [PSYoungGen: 338684K->162163K(465920K)] 626921K->484241K(1864192K), 0.0966651 secs] [Times: user=0.49 sys=0.00, real=0.09 secs] 
4159.441: [GC (Allocation Failure) [PSYoungGen: 395123K->180725K(465920K)] 717201K->553527K(1864192K), 0.0408467 secs] [Times: user=0.18 sys=0.01, real=0.04 secs] 
4159.596: [GC (Allocation Failure) [PSYoungGen: 413685K->184215K(465920K)] 786487K->620080K(1864192K), 0.0487848 secs] [Times: user=0.22 sys=0.00, real=0.04 secs] 
4159.754: [GC (Allocation Failure) [PSYoungGen: 417175K->186997K(465920K)] 853040K->681127K(1864192K), 0.0557874 secs] [Times: user=0.28 sys=0.00, real=0.06 secs] 
4160.815: [GC (Allocation Failure) [PSYoungGen: 419957K->94539K(465920K)] 914087K->659164K(1864192K), 0.0458169 secs] [Times: user=0.24 sys=0.00, real=0.05 secs] 
4161.310: [GC (Allocation Failure) [PSYoungGen: 327499K->178901K(465920K)] 892124K->773308K(1864192K), 0.0566986 secs] [Times: user=0.25 sys=0.00, real=0.06 secs] 
4161.521: [GC (Allocation Failure) [PSYoungGen: 411861K->182229K(465920K)] 1006268K->832608K(1864192K), 0.0432117 secs] [Times: user=0.19 sys=0.00, real=0.04 secs] 
4161.723: [GC (Allocation Failure) [PSYoungGen: 415189K->187285K(465920K)] 1065568K->893095K(1864192K), 0.0663798 secs] [Times: user=0.32 sys=0.00, real=0.07 secs] 
4162.820: [GC (Allocation Failure) [PSYoungGen: 420245K->107725K(465920K)] 1126055K->884103K(1864192K), 0.0455216 secs] [Times: user=0.23 sys=0.00, real=0.05 secs] 
4164.082: [GC (Allocation Failure) [PSYoungGen: 340685K->159443K(465920K)] 1117063K->970769K(1864192K), 0.1436822 secs] [Times: user=0.77 sys=0.00, real=0.15 secs] 
4164.415: [GC (Allocation Failure) [PSYoungGen: 392403K->184950K(465920K)] 1203729K->1046568K(1864192K), 0.0419338 secs] [Times: user=0.18 sys=0.00, real=0.04 secs] 
4164.588: [GC (Allocation Failure) [PSYoungGen: 417910K->180502K(465920K)] 1279528K->1106369K(1864192K), 0.0542717 secs] [Times: user=0.26 sys=0.00, real=0.05 secs] 
4164.779: [GC (Allocation Failure) [PSYoungGen: 413462K->187093K(465920K)] 1339329K->1170944K(1864192K), 0.0768223 secs] [Times: user=0.39 sys=0.00, real=0.08 secs] 
4166.533: [GC (Allocation Failure) [PSYoungGen: 420053K->92042K(465920K)] 1403904K->1146581K(1864192K), 0.0935770 secs] [Times: user=0.52 sys=0.00, real=0.10 secs] 
4167.159: [GC (Allocation Failure) [PSYoungGen: 325002K->178357K(465920K)] 1379541K->1262745K(1864192K), 0.0449985 secs] [Times: user=0.19 sys=0.00, real=0.04 secs] 
4167.372: [GC (Allocation Failure) [PSYoungGen: 411317K->184822K(465920K)] 1495705K->1324505K(1864192K), 0.0560615 secs] [Times: user=0.27 sys=0.00, real=0.06 secs] 
4167.554: [GC (Allocation Failure) [PSYoungGen: 417782K->187381K(465920K)] 1557465K->1383153K(1864192K), 0.0573636 secs] [Times: user=0.28 sys=0.01, real=0.06 secs] 
4168.647: [GC (Allocation Failure) [PSYoungGen: 420341K->110013K(465920K)] 1616113K->1376321K(1864192K), 0.0465794 secs] [Times: user=0.24 sys=0.00, real=0.04 secs] 
4169.185: [GC (Allocation Failure) [PSYoungGen: 342973K->157298K(465920K)] 1609281K->1458859K(1864192K), 0.1203325 secs] [Times: user=0.63 sys=0.00, real=0.12 secs] 
4169.493: [GC (Allocation Failure) [PSYoungGen: 390258K->182005K(465920K)] 1691819K->1532902K(1864192K), 0.0442586 secs] [Times: user=0.20 sys=0.00, real=0.05 secs] 
4169.537: [Full GC (Ergonomics) [PSYoungGen: 182005K->0K(465920K)] [ParOldGen: 1350896K->249859K(1398272K)] 1532902K->249859K(1864192K), [Metaspace: 60356K->60356K(1105920K)], 0.3048331 secs] [Times: user=1.37 sys=0.00, real=0.30 secs] 
4169.958: [GC (Allocation Failure) [PSYoungGen: 232960K->185719K(465920K)] 482819K->435578K(1864192K), 0.0780626 secs] [Times: user=0.40 sys=0.00, real=0.08 secs] 
4170.158: [GC (Allocation Failure) [PSYoungGen: 418679K->187189K(465920K)] 668538K->496017K(1864192K), 0.0560327 secs] [Times: user=0.27 sys=0.00, real=0.05 secs] 
4171.941: [GC (Allocation Failure) [PSYoungGen: 420149K->94699K(465920K)] 728977K->474054K(1864192K), 0.1073890 secs] [Times: user=0.59 sys=0.00, real=0.11 secs] 
4173.093: [GC (Allocation Failure) [PSYoungGen: 327659K->176469K(465920K)] 707014K->585589K(1864192K), 0.0486811 secs] [Times: user=0.21 sys=0.00, real=0.05 secs] 
4173.281: [GC (Allocation Failure) [PSYoungGen: 409429K->185142K(465920K)] 818549K->649570K(1864192K), 0.0430740 secs] [Times: user=0.19 sys=0.00, real=0.04 secs] 
4173.434: [GC (Allocation Failure) [PSYoungGen: 418102K->187509K(465920K)] 882530K->707914K(1864192K), 0.0456474 secs] [Times: user=0.21 sys=0.00, real=0.05 secs] 
4174.517: [GC (Allocation Failure) [PSYoungGen: 420469K->110973K(465920K)] 940874K->702146K(1864192K), 0.0459342 secs] [Times: user=0.23 sys=0.00, real=0.04 secs] 
4175.540: [GC (GCLocker Initiated GC) [PSYoungGen: 343933K->158291K(465920K)] 935106K->785317K(1864192K), 0.1077434 secs] [Times: user=0.49 sys=0.00, real=0.11 secs] 
4175.862: [GC (Allocation Failure) [PSYoungGen: 391251K->182453K(465920K)] 1018280K->858786K(1864192K), 0.0413408 secs] [Times: user=0.19 sys=0.00, real=0.04 secs] 
4176.037: [GC (Allocation Failure) [PSYoungGen: 415413K->185879K(465920K)] 1091746K->925832K(1864192K), 0.0551468 secs] [Times: user=0.27 sys=0.00, real=0.05 secs] 
4176.215: [GC (Allocation Failure) [PSYoungGen: 418839K->203797K(465920K)] 1158792K->1002686K(1864192K), 0.0572890 secs] [Times: user=0.28 sys=0.00, real=0.05 secs] 
4177.223: [GC (Allocation Failure) [PSYoungGen: 436757K->94987K(465920K)] 1235646K->964604K(1864192K), 0.0552070 secs] [Times: user=0.28 sys=0.00, real=0.06 secs] 
4178.033: [GC (Allocation Failure) [PSYoungGen: 327947K->175637K(465920K)] 1197564K->1075003K(1864192K), 0.0533270 secs] [Times: user=0.23 sys=0.00, real=0.06 secs] 
4178.233: [GC (Allocation Failure) [PSYoungGen: 408597K->184950K(465920K)] 1307963K->1139580K(1864192K), 0.0441724 secs] [Times: user=0.20 sys=0.00, real=0.05 secs] 
4178.387: [GC (Allocation Failure) [PSYoungGen: 417910K->187349K(465920K)] 1372540K->1198091K(1864192K), 0.0466452 secs] [Times: user=0.21 sys=0.00, real=0.04 secs] 
4179.384: [GC (Allocation Failure) [PSYoungGen: 420309K->108925K(465920K)] 1431051K->1190319K(1864192K), 0.0466695 secs] [Times: user=0.24 sys=0.00, real=0.05 secs] 
4180.902: [GC (Allocation Failure) [PSYoungGen: 341885K->158355K(465920K)] 1423279K->1274622K(1864192K), 0.1284674 secs] [Times: user=0.68 sys=0.00, real=0.13 secs] 
4181.204: [GC (Allocation Failure) [PSYoungGen: 391315K->182741K(465920K)] 1507582K->1348672K(1864192K), 0.0422031 secs] [Times: user=0.19 sys=0.00, real=0.05 secs] 
4181.419: [GC (Allocation Failure) [PSYoungGen: 415701K->185975K(465920K)] 1581632K->1415810K(1864192K), 0.0759774 secs] [Times: user=0.38 sys=0.00, real=0.08 secs] 
4181.617: [GC (Allocation Failure) [PSYoungGen: 418935K->187445K(465920K)] 1648770K->1476412K(1864192K), 0.0577019 secs] [Times: user=0.29 sys=0.00, real=0.06 secs] 
4183.325: [GC (Allocation Failure) [PSYoungGen: 420405K->89322K(465920K)] 1709372K->1449049K(1864192K), 0.1050980 secs] [Times: user=0.58 sys=0.01, real=0.11 secs] 
4183.430: [Full GC (Ergonomics) [PSYoungGen: 89322K->0K(465920K)] [ParOldGen: 1359727K->102699K(1398272K)] 1449049K->102699K(1864192K), [Metaspace: 60358K->60358K(1105920K)], 0.1514159 secs] [Times: user=0.65 sys=0.00, real=0.15 secs] 
4184.040: [GC (Allocation Failure) [PSYoungGen: 232960K->183861K(465920K)] 335659K->286561K(1864192K), 0.0375079 secs] [Times: user=0.15 sys=0.01, real=0.04 secs] 
4184.210: [GC (Allocation Failure) [PSYoungGen: 416821K->184694K(465920K)] 519521K->343177K(1864192K), 0.0411009 secs] [Times: user=0.19 sys=0.00, real=0.04 secs] 
4184.360: [GC (Allocation Failure) [PSYoungGen: 417654K->187765K(465920K)] 576137K->402265K(1864192K), 0.0449955 secs] [Times: user=0.21 sys=0.00, real=0.05 secs] 
4185.343: [GC (Allocation Failure) [PSYoungGen: 420725K->109885K(465920K)] 635225K->395177K(1864192K), 0.0455268 secs] [Times: user=0.23 sys=0.00, real=0.05 secs] 
4185.928: [GC (Allocation Failure) [PSYoungGen: 342845K->159155K(465920K)] 628137K->480403K(1864192K), 0.0556208 secs] [Times: user=0.28 sys=0.00, real=0.05 secs] 
4186.116: [GC (GCLocker Initiated GC) [PSYoungGen: 392115K->181685K(465920K)] 713363K->552429K(1864192K), 0.0418680 secs] [Times: user=0.19 sys=0.00, real=0.04 secs] 
4186.273: [GC (Allocation Failure) [PSYoungGen: 414645K->185815K(465920K)] 785556K->620174K(1864192K), 0.0507958 secs] [Times: user=0.24 sys=0.00, real=0.05 secs] 
4186.462: [GC (Allocation Failure) [PSYoungGen: 418775K->187253K(465920K)] 853134K->680468K(1864192K), 0.0664516 secs] [Times: user=0.34 sys=0.00, real=0.07 secs] 
4187.828: [GC (Allocation Failure) [PSYoungGen: 420213K->94955K(465920K)] 913428K->658634K(1864192K), 0.1027259 secs] [Times: user=0.56 sys=0.00, real=0.10 secs] 
4188.758: [GC (Allocation Failure) [PSYoungGen: 327915K->177493K(465920K)] 891594K->771924K(1864192K), 0.0494293 secs] [Times: user=0.22 sys=0.00, real=0.05 secs] 
4188.952: [GC (Allocation Failure) [PSYoungGen: 410453K->185238K(465920K)] 1004884K->835521K(1864192K), 0.0439604 secs] [Times: user=0.20 sys=0.01, real=0.05 secs] 
4189.105: [GC (Allocation Failure) [PSYoungGen: 418198K->187509K(465920K)] 1068481K->893888K(1864192K), 0.0462549 secs] [Times: user=0.22 sys=0.00, real=0.04 secs] 
4190.117: [GC (Allocation Failure) [PSYoungGen: 420469K->109245K(465920K)] 1126848K->886448K(1864192K), 0.0465662 secs] [Times: user=0.24 sys=0.00, real=0.04 secs] 
4191.942: [GC (Allocation Failure) [PSYoungGen: 342205K->162739K(465920K)] 1119408K->974915K(1864192K), 0.1255467 secs] [Times: user=0.66 sys=0.00, real=0.13 secs] 
4192.273: [GC (Allocation Failure) [PSYoungGen: 395699K->184854K(465920K)] 1207875K->1048630K(1864192K), 0.0426307 secs] [Times: user=0.19 sys=0.00, real=0.05 secs] 
4192.466: [GC (Allocation Failure) [PSYoungGen: 417814K->185655K(465920K)] 1281590K->1113583K(1864192K), 0.0805310 secs] [Times: user=0.40 sys=0.00, real=0.08 secs] 
4192.678: [GC (Allocation Failure) [PSYoungGen: 418615K->186997K(465920K)] 1346543K->1173885K(1864192K), 0.0551119 secs] [Times: user=0.27 sys=0.00, real=0.05 secs] 
4193.850: [GC (Allocation Failure) [PSYoungGen: 419957K->89242K(465920K)] 1406845K->1146578K(1864192K), 0.0736613 secs] [Times: user=0.40 sys=0.00, real=0.07 secs] 
4194.333: [GC (Allocation Failure) [PSYoungGen: 322202K->178965K(465920K)] 1379538K->1264542K(1864192K), 0.0440835 secs] [Times: user=0.19 sys=0.00, real=0.05 secs] 
4194.495: [GC (Allocation Failure) [PSYoungGen: 411925K->182549K(465920K)] 1497502K->1323799K(1864192K), 0.0444430 secs] [Times: user=0.20 sys=0.00, real=0.05 secs] 
4194.649: [GC (Allocation Failure) [PSYoungGen: 415509K->187157K(465920K)] 1556759K->1384142K(1864192K), 0.0465952 secs] [Times: user=0.21 sys=0.00, real=0.05 secs] 
4195.736: [GC (Allocation Failure) [PSYoungGen: 420117K->109021K(465920K)] 1617102K->1376442K(1864192K), 0.0476534 secs] [Times: user=0.25 sys=0.00, real=0.04 secs] 
4196.401: [GC (Allocation Failure) [PSYoungGen: 341981K->165684K(465920K)] 1609402K->1468530K(1864192K), 0.1037257 secs] [Times: user=0.54 sys=0.01, real=0.10 secs] 
4196.670: [GC (Allocation Failure) [PSYoungGen: 398644K->183605K(465920K)] 1701490K->1538212K(1864192K), 0.0446843 secs] [Times: user=0.20 sys=0.00, real=0.04 secs] 
4196.715: [Full GC (Ergonomics) [PSYoungGen: 183605K->0K(465920K)] [ParOldGen: 1354606K->255298K(1398272K)] 1538212K->255298K(1864192K), [Metaspace: 60358K->60358K(1105920K)], 0.3214969 secs] [Times: user=1.49 sys=0.00, real=0.33 secs] 
4197.157: [GC (Allocation Failure) [PSYoungGen: 232960K->185719K(465920K)] 488258K->441018K(1864192K), 0.0937179 secs] [Times: user=0.50 sys=0.00, real=0.09 secs] 
4197.365: [GC (Allocation Failure) [PSYoungGen: 418679K->186933K(465920K)] 673978K->501096K(1864192K), 0.0550724 secs] [Times: user=0.26 sys=0.00, real=0.05 secs] 
4199.558: [GC (Allocation Failure) [PSYoungGen: 419831K->85578K(465920K)] 733994K->470372K(1864192K), 0.1229160 secs] [Times: user=0.67 sys=0.00, real=0.12 secs] 
4200.457: [GC (Allocation Failure) [PSYoungGen: 318538K->177813K(465920K)] 703332K->590065K(1864192K), 0.0518781 secs] [Times: user=0.23 sys=0.00, real=0.05 secs] 
4200.653: [GC (Allocation Failure) [PSYoungGen: 410773K->185462K(465920K)] 823025K->653481K(1864192K), 0.0438223 secs] [Times: user=0.20 sys=0.00, real=0.05 secs] 
4200.807: [GC (Allocation Failure) [PSYoungGen: 418422K->187509K(465920K)] 886441K->711825K(1864192K), 0.0464413 secs] [Times: user=0.21 sys=0.00, real=0.04 secs] 
4201.874: [GC (Allocation Failure) [PSYoungGen: 420469K->104508K(465920K)] 944785K->699576K(1864192K), 0.0466872 secs] [Times: user=0.24 sys=0.00, real=0.05 secs] 
4202.256: [GC (Allocation Failure) [PSYoungGen: 337468K->168628K(465920K)] 932536K->797457K(1864192K), 0.0801337 secs] [Times: user=0.41 sys=0.00, real=0.08 secs] 
4202.474: [GC (Allocation Failure) [PSYoungGen: 401588K->178741K(465920K)] 1030417K->860441K(1864192K), 0.0420589 secs] [Times: user=0.19 sys=0.00, real=0.05 secs] 
4202.631: [GC (Allocation Failure) [PSYoungGen: 411701K->185975K(465920K)] 1093401K->938988K(1864192K), 0.0500072 secs] [Times: user=0.24 sys=0.01, real=0.05 secs] 
4202.791: [GC (Allocation Failure) [PSYoungGen: 418935K->187381K(465920K)] 1171948K->999378K(1864192K), 0.0557143 secs] [Times: user=0.27 sys=0.00, real=0.06 secs] 
4203.880: [GC (Allocation Failure) [PSYoungGen: 420341K->95019K(465920K)] 1232338K->977592K(1864192K), 0.0450319 secs] [Times: user=0.23 sys=0.00, real=0.04 secs] 
4204.648: [GC (Allocation Failure) [PSYoungGen: 327979K->179605K(465920K)] 1210552K->1092402K(1864192K), 0.0473086 secs] [Times: user=0.21 sys=0.00, real=0.05 secs] 
4204.868: [GC (GCLocker Initiated GC) [PSYoungGen: 412565K->177845K(465920K)] 1325363K->1146534K(1864192K), 0.0614651 secs] [Times: user=0.30 sys=0.00, real=0.06 secs] 
4205.054: [GC (Allocation Failure) [PSYoungGen: 410805K->187157K(465920K)] 1379625K->1210409K(1864192K), 0.0475513 secs] [Times: user=0.22 sys=0.00, real=0.05 secs] 
4206.073: [GC (Allocation Failure) [PSYoungGen: 420117K->108797K(465920K)] 1443369K->1202585K(1864192K), 0.0493820 secs] [Times: user=0.26 sys=0.00, real=0.05 secs] 
4207.513: [GC (Allocation Failure) [PSYoungGen: 341757K->166516K(465920K)] 1435545K->1295073K(1864192K), 0.1333964 secs] [Times: user=0.70 sys=0.01, real=0.14 secs] 
4207.819: [GC (Allocation Failure) [PSYoungGen: 399476K->179797K(465920K)] 1528033K->1360494K(1864192K), 0.0421806 secs] [Times: user=0.19 sys=0.00, real=0.04 secs] 
4207.976: [GC (Allocation Failure) [PSYoungGen: 412757K->184791K(465920K)] 1593454K->1428424K(1864192K), 0.0497527 secs] [Times: user=0.24 sys=0.00, real=0.05 secs] 
4208.169: [GC (Allocation Failure) [PSYoungGen: 417751K->187189K(465920K)] 1661384K->1489470K(1864192K), 0.0801727 secs] [Times: user=0.41 sys=0.00, real=0.08 secs] 
4209.398: [GC (Allocation Failure) [PSYoungGen: 420149K->93131K(465920K)] 1722430K->1465932K(1864192K), 0.0788033 secs] [Times: user=0.42 sys=0.00, real=0.08 secs] 
4209.477: [Full GC (Ergonomics) [PSYoungGen: 93131K->0K(465920K)] [ParOldGen: 1372801K->108738K(1398272K)] 1465932K->108738K(1864192K), [Metaspace: 60358K->60358K(1105920K)], 0.1439448 secs] [Times: user=0.61 sys=0.00, real=0.14 secs] 
4210.025: [GC (Allocation Failure) [PSYoungGen: 232960K->179989K(465920K)] 341698K->288728K(1864192K), 0.0340289 secs] [Times: user=0.13 sys=0.00, real=0.03 secs] 
4210.188: [GC (Allocation Failure) [PSYoungGen: 412949K->181781K(465920K)] 521688K->346800K(1864192K), 0.0409134 secs] [Times: user=0.18 sys=0.01, real=0.04 secs] 
4210.339: [GC (Allocation Failure) [PSYoungGen: 414741K->187285K(465920K)] 579760K->407472K(1864192K), 0.0446675 secs] [Times: user=0.20 sys=0.00, real=0.04 secs] 
4211.329: [GC (Allocation Failure) [PSYoungGen: 420245K->108397K(465920K)] 640432K->399144K(1864192K), 0.0450473 secs] [Times: user=0.23 sys=0.00, real=0.04 secs] 
4211.794: [GC (Allocation Failure) [PSYoungGen: 341357K->171028K(465920K)] 632104K->496916K(1864192K), 0.0642534 secs] [Times: user=0.31 sys=0.00, real=0.07 secs] 
4211.975: [GC (Allocation Failure) [PSYoungGen: 403988K->181141K(465920K)] 729876K->560629K(1864192K), 0.0425918 secs] [Times: user=0.19 sys=0.00, real=0.05 secs] 
4212.133: [GC (Allocation Failure) [PSYoungGen: 414101K->185943K(465920K)] 793589K->628791K(1864192K), 0.0500450 secs] [Times: user=0.23 sys=0.00, real=0.05 secs] 
4212.414: [GC (Allocation Failure) [PSYoungGen: 418903K->217909K(465920K)] 861751K->719661K(1864192K), 0.0544192 secs] [Times: user=0.26 sys=0.00, real=0.06 secs] 
4214.320: [GC (Allocation Failure) [PSYoungGen: 450801K->87610K(465920K)] 952554K->658810K(1864192K), 0.1220863 secs] [Times: user=0.67 sys=0.00, real=0.12 secs] 
4215.103: [GC (Allocation Failure) [PSYoungGen: 320570K->183670K(465920K)] 891770K->783271K(1864192K), 0.0473860 secs] [Times: user=0.20 sys=0.00, real=0.05 secs] 
4215.278: [GC (Allocation Failure) [PSYoungGen: 416630K->185078K(465920K)] 1016231K->841891K(1864192K), 0.0443374 secs] [Times: user=0.20 sys=0.00, real=0.04 secs] 
4215.432: [GC (Allocation Failure) [PSYoungGen: 418038K->187317K(465920K)] 1074851K->900154K(1864192K), 0.0460706 secs] [Times: user=0.22 sys=0.00, real=0.05 secs] 
4216.441: [GC (Allocation Failure) [PSYoungGen: 420277K->101132K(465920K)] 1133114K->884721K(1864192K), 0.0448318 secs] [Times: user=0.24 sys=0.00, real=0.05 secs] 
4216.912: [GC (Allocation Failure) [PSYoungGen: 334092K->171380K(465920K)] 1117681K->987946K(1864192K), 0.0666201 secs] [Times: user=0.33 sys=0.00, real=0.07 secs] 
4217.109: [GC (Allocation Failure) [PSYoungGen: 404340K->184982K(465920K)] 1220906K->1055183K(1864192K), 0.0429646 secs] [Times: user=0.19 sys=0.00, real=0.04 secs] 
4217.345: [GC (Allocation Failure) [PSYoungGen: 417942K->182166K(465920K)] 1288143K->1116800K(1864192K), 0.0699333 secs] [Times: user=0.34 sys=0.01, real=0.07 secs] 
4217.629: [GC (Allocation Failure) [PSYoungGen: 415088K->215828K(465920K)] 1349721K->1208238K(1864192K), 0.0556951 secs] [Times: user=0.27 sys=0.00, real=0.05 secs] 
4218.633: [GC (Allocation Failure) [PSYoungGen: 448788K->94843K(465920K)] 1441198K->1156264K(1864192K), 0.0649772 secs] [Times: user=0.34 sys=0.00, real=0.07 secs] 
4219.206: [GC (Allocation Failure) [PSYoungGen: 327803K->183318K(465920K)] 1389224K->1274560K(1864192K), 0.0535696 secs] [Times: user=0.24 sys=0.00, real=0.05 secs] 
4219.397: [GC (Allocation Failure) [PSYoungGen: 416278K->185430K(465920K)] 1507520K->1334012K(1864192K), 0.0468425 secs] [Times: user=0.21 sys=0.00, real=0.04 secs] 
4219.553: [GC (Allocation Failure) [PSYoungGen: 418390K->184501K(465920K)] 1566972K->1389235K(1864192K), 0.0482492 secs] [Times: user=0.23 sys=0.00, real=0.05 secs] 
4220.629: [GC (Allocation Failure) [PSYoungGen: 417461K->101340K(465920K)] 1622195K->1375714K(1864192K), 0.0520944 secs] [Times: user=0.27 sys=0.00, real=0.05 secs] 
4222.687: [GC (Allocation Failure) [PSYoungGen: 334300K->164947K(465920K)] 1608674K->1471513K(1864192K), 0.1054052 secs] [Times: user=0.54 sys=0.00, real=0.10 secs] 
4222.990: [GC (Allocation Failure) [PSYoungGen: 397907K->182517K(465920K)] 1704473K->1540647K(1864192K), 0.0475707 secs] [Times: user=0.22 sys=0.00, real=0.05 secs] 
4223.038: [Full GC (Ergonomics) [PSYoungGen: 182517K->0K(465920K)] [ParOldGen: 1358129K->256334K(1398272K)] 1540647K->256334K(1864192K), [Metaspace: 60358K->60358K(1105920K)], 0.3216344 secs] [Times: user=1.49 sys=0.00, real=0.32 secs] 
4223.473: [GC (Allocation Failure) [PSYoungGen: 232960K->185847K(465920K)] 489294K->442181K(1864192K), 0.0859886 secs] [Times: user=0.45 sys=0.00, real=0.09 secs] 
4223.820: [GC (Allocation Failure) [PSYoungGen: 418807K->220244K(465920K)] 675141K->535667K(1864192K), 0.0546105 secs] [Times: user=0.27 sys=0.01, real=0.05 secs] 
4225.361: [GC (Allocation Failure) [PSYoungGen: 453204K->88554K(465920K)] 768627K->473136K(1864192K), 0.0937703 secs] [Times: user=0.51 sys=0.01, real=0.10 secs] 
4225.954: [GC (Allocation Failure) [PSYoungGen: 321514K->179669K(465920K)] 706096K->592700K(1864192K), 0.0500773 secs] [Times: user=0.22 sys=0.00, real=0.05 secs] 
4226.189: [GC (Allocation Failure) [PSYoungGen: 412629K->185110K(465920K)] 825660K->653797K(1864192K), 0.0624681 secs] [Times: user=0.30 sys=0.00, real=0.06 secs] 
4226.387: [GC (Allocation Failure) [PSYoungGen: 418070K->187541K(465920K)] 886757K->712436K(1864192K), 0.0454795 secs] [Times: user=0.21 sys=0.00, real=0.04 secs] 
4227.384: [GC (Allocation Failure) [PSYoungGen: 420501K->102108K(465920K)] 945396K->697823K(1864192K), 0.0446532 secs] [Times: user=0.23 sys=0.00, real=0.05 secs] 
4228.803: [GC (Allocation Failure) [PSYoungGen: 335068K->165364K(465920K)] 930783K->793644K(1864192K), 0.0926637 secs] [Times: user=0.46 sys=0.00, real=0.10 secs] 
4229.108: [GC (Allocation Failure) [PSYoungGen: 398324K->182709K(465920K)] 1026604K->862805K(1864192K), 0.0498750 secs] [Times: user=0.23 sys=0.00, real=0.05 secs] 
4229.274: [GC (Allocation Failure) [PSYoungGen: 415669K->185847K(465920K)] 1095765K->929895K(1864192K), 0.0495258 secs] [Times: user=0.23 sys=0.00, real=0.05 secs] 
4229.454: [GC (Allocation Failure) [PSYoungGen: 418807K->187189K(465920K)] 1162855K->990205K(1864192K), 0.0711469 secs] [Times: user=0.36 sys=0.00, real=0.08 secs] 
4231.483: [GC (Allocation Failure) [PSYoungGen: 420149K->88938K(465920K)] 1223165K->962434K(1864192K), 0.1112115 secs] [Times: user=0.62 sys=0.00, real=0.11 secs] 
4232.290: [GC (Allocation Failure) [PSYoungGen: 321898K->180502K(465920K)] 1195394K->1082867K(1864192K), 0.0521212 secs] [Times: user=0.23 sys=0.00, real=0.05 secs] 
4232.488: [GC (Allocation Failure) [PSYoungGen: 413462K->185046K(465920K)] 1315827K->1143307K(1864192K), 0.0464504 secs] [Times: user=0.20 sys=0.01, real=0.04 secs] 
4232.646: [GC (Allocation Failure) [PSYoungGen: 418006K->187509K(465920K)] 1376267K->1202010K(1864192K), 0.0475184 secs] [Times: user=0.23 sys=0.00, real=0.04 secs] 
4233.686: [GC (Allocation Failure) [PSYoungGen: 420469K->100636K(465920K)] 1434970K->1186053K(1864192K), 0.0464434 secs] [Times: user=0.24 sys=0.00, real=0.04 secs] 
4234.124: [GC (Allocation Failure) [PSYoungGen: 333596K->166900K(465920K)] 1419013K->1284938K(1864192K), 0.0789181 secs] [Times: user=0.39 sys=0.01, real=0.08 secs] 
4234.399: [GC (Allocation Failure) [PSYoungGen: 399860K->184982K(465920K)] 1517898K->1355112K(1864192K), 0.0442947 secs] [Times: user=0.20 sys=0.00, real=0.04 secs] 
4234.557: [GC (Allocation Failure) [PSYoungGen: 417942K->185911K(465920K)] 1588072K->1420329K(1864192K), 0.0516790 secs] [Times: user=0.25 sys=0.00, real=0.05 secs] 
4234.758: [GC (Allocation Failure) [PSYoungGen: 418389K->218933K(465920K)] 1652807K->1512447K(1864192K), 0.0565571 secs] [Times: user=0.27 sys=0.00, real=0.05 secs] 
4236.031: [GC (GCLocker Initiated GC) [PSYoungGen: 451893K->91626K(465920K)] 1745407K->1455341K(1864192K), 0.0874669 secs] [Times: user=0.47 sys=0.00, real=0.09 secs] 
4236.118: [Full GC (Ergonomics) [PSYoungGen: 91626K->0K(465920K)] [ParOldGen: 1363714K->109266K(1398272K)] 1455341K->109266K(1864192K), [Metaspace: 60358K->60358K(1105920K)], 0.1584717 secs] [Times: user=0.67 sys=0.01, real=0.16 secs] 
4237.112: [GC (Allocation Failure) [PSYoungGen: 232960K->179797K(465920K)] 342229K->289067K(1864192K), 0.0377352 secs] [Times: user=0.12 sys=0.00, real=0.04 secs] 
4237.356: [GC (Allocation Failure) [PSYoungGen: 412757K->185142K(465920K)] 522027K->350727K(1864192K), 0.0612044 secs] [Times: user=0.29 sys=0.00, real=0.06 secs] 
4237.545: [GC (Allocation Failure) [PSYoungGen: 418102K->187125K(465920K)] 583687K->408799K(1864192K), 0.0448189 secs] [Times: user=0.20 sys=0.00, real=0.05 secs] 
4238.707: [GC (Allocation Failure) [PSYoungGen: 420085K->103068K(465920K)] 641759K->395046K(1864192K), 0.0644896 secs] [Times: user=0.34 sys=0.01, real=0.06 secs] 
4240.022: [GC (Allocation Failure) [PSYoungGen: 336028K->162995K(465920K)] 628006K->487850K(1864192K), 0.0887190 secs] [Times: user=0.44 sys=0.00, real=0.09 secs] 
4240.319: [GC (Allocation Failure) [PSYoungGen: 395955K->185334K(465920K)] 720810K->561796K(1864192K), 0.0417248 secs] [Times: user=0.19 sys=0.00, real=0.04 secs] 
4240.501: [GC (Allocation Failure) [PSYoungGen: 418294K->185975K(465920K)] 794756K->626805K(1864192K), 0.0671504 secs] [Times: user=0.33 sys=0.00, real=0.07 secs] 
4240.803: [GC (Allocation Failure) [PSYoungGen: 418433K->218485K(465920K)] 859263K->718251K(1864192K), 0.0547398 secs] [Times: user=0.27 sys=0.00, real=0.06 secs] 
4241.887: [GC (Allocation Failure) [PSYoungGen: 451445K->94859K(465920K)] 951211K->664693K(1864192K), 0.0418618 secs] [Times: user=0.21 sys=0.00, real=0.04 secs] 
4242.425: [GC (Allocation Failure) [PSYoungGen: 327819K->174645K(465920K)] 897653K->774212K(1864192K), 0.0536598 secs] [Times: user=0.24 sys=0.00, real=0.05 secs] 
4242.635: [GC (Allocation Failure) [PSYoungGen: 407605K->184918K(465920K)] 1007172K->839257K(1864192K), 0.0429736 secs] [Times: user=0.20 sys=0.01, real=0.04 secs] 
4242.828: [GC (Allocation Failure) [PSYoungGen: 417878K->187509K(465920K)] 1072217K->897809K(1864192K), 0.0727518 secs] [Times: user=0.36 sys=0.00, real=0.07 secs] 
4243.878: [GC (Allocation Failure) [PSYoungGen: 420469K->106028K(465920K)] 1130769K->887156K(1864192K), 0.0476095 secs] [Times: user=0.24 sys=0.00, real=0.05 secs] 
4244.389: [GC (Allocation Failure) [PSYoungGen: 338988K->169972K(465920K)] 1120116K->985161K(1864192K), 0.0906699 secs] [Times: user=0.45 sys=0.00, real=0.09 secs] 
4244.651: [GC (Allocation Failure) [PSYoungGen: 402932K->185142K(465920K)] 1218121K->1053838K(1864192K), 0.0425600 secs] [Times: user=0.19 sys=0.00, real=0.04 secs] 
4244.809: [GC (Allocation Failure) [PSYoungGen: 418102K->185271K(465920K)] 1286798K->1118295K(1864192K), 0.0496597 secs] [Times: user=0.23 sys=0.00, real=0.05 secs] 
4245.091: [GC (Allocation Failure) [PSYoungGen: 416212K->211732K(465920K)] 1349237K->1203268K(1864192K), 0.0538212 secs] [Times: user=0.26 sys=0.01, real=0.06 secs] 
4246.908: [GC (Allocation Failure) [PSYoungGen: 444692K->95979K(465920K)] 1436228K->1154860K(1864192K), 0.0935782 secs] [Times: user=0.50 sys=0.00, real=0.09 secs] 
4247.815: [GC (Allocation Failure) [PSYoungGen: 328939K->180790K(465920K)] 1387820K->1270579K(1864192K), 0.0525864 secs] [Times: user=0.24 sys=0.00, real=0.05 secs] 
4248.005: [GC (Allocation Failure) [PSYoungGen: 413750K->185334K(465920K)] 1503539K->1331603K(1864192K), 0.0449199 secs] [Times: user=0.20 sys=0.00, real=0.05 secs] 
4248.196: [GC (Allocation Failure) [PSYoungGen: 418294K->181652K(465920K)] 1564563K->1384002K(1864192K), 0.0688979 secs] [Times: user=0.34 sys=0.00, real=0.06 secs] 
4249.249: [GC (GCLocker Initiated GC) [PSYoungGen: 414612K->103388K(465920K)] 1616962K->1374762K(1864192K), 0.0507340 secs] [Times: user=0.27 sys=0.01, real=0.05 secs] 
4249.742: [GC (Allocation Failure) [PSYoungGen: 336348K->172532K(465920K)] 1607725K->1477430K(1864192K), 0.0674455 secs] [Times: user=0.33 sys=0.00, real=0.07 secs] 
4249.942: [GC (Allocation Failure) [PSYoungGen: 405492K->182293K(465920K)] 1710390K->1541203K(1864192K), 0.0453154 secs] [Times: user=0.20 sys=0.00, real=0.05 secs] 
4249.987: [Full GC (Ergonomics) [PSYoungGen: 182293K->0K(465920K)] [ParOldGen: 1358910K->258270K(1398272K)] 1541203K->258270K(1864192K), [Metaspace: 60358K->60358K(1105920K)], 0.3248019 secs] [Times: user=1.49 sys=0.00, real=0.32 secs] 
4250.427: [GC (Allocation Failure) [PSYoungGen: 232960K->184823K(465920K)] 491230K->443093K(1864192K), 0.0877037 secs] [Times: user=0.46 sys=0.00, real=0.08 secs] 
4250.624: [GC (Allocation Failure) [PSYoungGen: 417783K->211860K(465920K)] 676053K->528907K(1864192K), 0.0528006 secs] [Times: user=0.26 sys=0.00, real=0.06 secs] 
4251.657: [GC (Allocation Failure) [PSYoungGen: 444820K->96539K(465920K)] 761867K->481106K(1864192K), 0.0402288 secs] [Times: user=0.21 sys=0.00, real=0.04 secs] 
4252.334: [GC (Allocation Failure) [PSYoungGen: 329499K->179477K(465920K)] 714066K->594569K(1864192K), 0.0513534 secs] [Times: user=0.22 sys=0.00, real=0.06 secs] 
4252.523: [GC (Allocation Failure) [PSYoungGen: 412437K->185238K(465920K)] 827529K->656813K(1864192K), 0.0439571 secs] [Times: user=0.20 sys=0.00, real=0.05 secs] 
4252.675: [GC (Allocation Failure) [PSYoungGen: 418198K->187413K(465920K)] 889773K->715085K(1864192K), 0.0455571 secs] [Times: user=0.22 sys=0.00, real=0.04 secs] 
4253.765: [GC (Allocation Failure) [PSYoungGen: 420373K->99676K(465920K)] 948045K->698195K(1864192K), 0.0524362 secs] [Times: user=0.27 sys=0.00, real=0.06 secs] 
4255.446: [GC (Allocation Failure) [PSYoungGen: 332636K->168596K(465920K)] 931155K->798809K(1864192K), 0.0871346 secs] [Times: user=0.43 sys=0.00, real=0.08 secs] 
4255.716: [GC (Allocation Failure) [PSYoungGen: 401556K->185078K(465920K)] 1031769K->868482K(1864192K), 0.0427938 secs] [Times: user=0.19 sys=0.00, real=0.04 secs] 
4255.874: [GC (Allocation Failure) [PSYoungGen: 418038K->186263K(465920K)] 1101442K->933908K(1864192K), 0.0505503 secs] [Times: user=0.23 sys=0.00, real=0.05 secs] 
4256.230: [GC (Allocation Failure) [PSYoungGen: 418596K->212532K(465920K)] 1166241K->1019465K(1864192K), 0.0554140 secs] [Times: user=0.27 sys=0.00, real=0.06 secs] 
4257.430: [GC (Allocation Failure) [PSYoungGen: 445492K->94283K(465920K)] 1252425K->968764K(1864192K), 0.0997534 secs] [Times: user=0.54 sys=0.01, real=0.10 secs] 
4258.034: [GC (Allocation Failure) [PSYoungGen: 327243K->179541K(465920K)] 1201724K->1083935K(1864192K), 0.0484875 secs] [Times: user=0.21 sys=0.00, real=0.05 secs] 
4258.213: [GC (Allocation Failure) [PSYoungGen: 412501K->185110K(465920K)] 1316895K->1145527K(1864192K), 0.0437402 secs] [Times: user=0.19 sys=0.00, real=0.05 secs] 
4258.366: [GC (Allocation Failure) [PSYoungGen: 418070K->187157K(465920K)] 1378487K->1203543K(1864192K), 0.0458158 secs] [Times: user=0.22 sys=0.00, real=0.04 secs] 
4259.420: [GC (Allocation Failure) [PSYoungGen: 420117K->102764K(465920K)] 1436503K->1189614K(1864192K), 0.0453953 secs] [Times: user=0.23 sys=0.00, real=0.05 secs] 
4260.349: [GC (Allocation Failure) [PSYoungGen: 335724K->168660K(465920K)] 1422574K->1288859K(1864192K), 0.1134351 secs] [Times: user=0.58 sys=0.00, real=0.11 secs] 
4260.667: [GC (Allocation Failure) [PSYoungGen: 401620K->182197K(465920K)] 1521819K->1355064K(1864192K), 0.0485949 secs] [Times: user=0.23 sys=0.01, real=0.05 secs] 
4260.854: [GC (Allocation Failure) [PSYoungGen: 415157K->185975K(465920K)] 1588024K->1422746K(1864192K), 0.0765163 secs] [Times: user=0.38 sys=0.00, real=0.08 secs] 
4261.531: [GC (Allocation Failure) [PSYoungGen: 418409K->198164K(465920K)] 1655180K->1493879K(1864192K), 0.0559421 secs] [Times: user=0.28 sys=0.00, real=0.06 secs] 
4262.868: [GC (Allocation Failure) [PSYoungGen: 431124K->95883K(465920K)] 1726839K->1459518K(1864192K), 0.1064437 secs] [Times: user=0.58 sys=0.00, real=0.10 secs] 
4262.974: [Full GC (Ergonomics) [PSYoungGen: 95883K->0K(465920K)] [ParOldGen: 1363634K->114921K(1398272K)] 1459518K->114921K(1864192K), [Metaspace: 60358K->60358K(1105920K)], 0.1756540 secs] [Times: user=0.76 sys=0.00, real=0.18 secs] 
4263.976: [GC (Allocation Failure) [PSYoungGen: 232960K->177685K(465920K)] 347881K->292606K(1864192K), 0.0355498 secs] [Times: user=0.14 sys=0.00, real=0.03 secs] 
4264.154: [GC (Allocation Failure) [PSYoungGen: 410645K->185398K(465920K)] 525566K->356051K(1864192K), 0.0417325 secs] [Times: user=0.19 sys=0.00, real=0.05 secs] 
4264.345: [GC (Allocation Failure) [PSYoungGen: 418358K->187349K(465920K)] 589011K->414146K(1864192K), 0.0694441 secs] [Times: user=0.34 sys=0.00, real=0.07 secs] 
4265.372: [GC (Allocation Failure) [PSYoungGen: 420309K->101724K(465920K)] 647106K->399321K(1864192K), 0.0443226 secs] [Times: user=0.23 sys=0.00, real=0.05 secs] 
4265.881: [GC (Allocation Failure) [PSYoungGen: 334684K->169748K(465920K)] 632281K->500546K(1864192K), 0.0732694 secs] [Times: user=0.35 sys=0.00, real=0.07 secs] 
4266.113: [GC (Allocation Failure) [PSYoungGen: 402708K->184662K(465920K)] 733506K->568131K(1864192K), 0.0438464 secs] [Times: user=0.20 sys=0.00, real=0.05 secs] 
4266.271: [GC (Allocation Failure) [PSYoungGen: 417622K->186103K(465920K)] 801091K->633636K(1864192K), 0.0522934 secs] [Times: user=0.24 sys=0.00, real=0.05 secs] 
4267.044: [GC (Allocation Failure) [PSYoungGen: 416010K->211188K(465920K)] 863544K->717753K(1864192K), 0.0536942 secs] [Times: user=0.27 sys=0.00, real=0.06 secs] 
4267.811: [GC (Allocation Failure) [PSYoungGen: 444148K->97979K(465920K)] 950713K->671625K(1864192K), 0.0595911 secs] [Times: user=0.28 sys=0.01, real=0.06 secs] 
4268.768: [GC (Allocation Failure) [PSYoungGen: 330939K->178677K(465920K)] 904585K->783040K(1864192K), 0.0492414 secs] [Times: user=0.21 sys=0.00, real=0.05 secs] 
4268.996: [GC (Allocation Failure) [PSYoungGen: 411637K->182709K(465920K)] 1016000K->842892K(1864192K), 0.0613656 secs] [Times: user=0.29 sys=0.01, real=0.06 secs] 
4269.232: [GC (Allocation Failure) [PSYoungGen: 415669K->187157K(465920K)] 1075852K->903108K(1864192K), 0.0650495 secs] [Times: user=0.32 sys=0.00, real=0.07 secs] 
4270.419: [GC (Allocation Failure) [PSYoungGen: 420117K->102028K(465920K)] 1136068K->888483K(1864192K), 0.0629336 secs] [Times: user=0.33 sys=0.00, real=0.06 secs] 
4271.953: [GC (Allocation Failure) [PSYoungGen: 334988K->166228K(465920K)] 1121443K->985519K(1864192K), 0.0887036 secs] [Times: user=0.43 sys=0.00, real=0.09 secs] 
4272.243: [GC (Allocation Failure) [PSYoungGen: 399188K->185174K(465920K)] 1218479K->1056781K(1864192K), 0.0468311 secs] [Times: user=0.21 sys=0.00, real=0.05 secs] 
4272.450: [GC (Allocation Failure) [PSYoungGen: 418134K->186263K(465920K)] 1289741K->1122102K(1864192K), 0.0777007 secs] [Times: user=0.38 sys=0.00, real=0.08 secs] 
4272.935: [GC (Allocation Failure) [PSYoungGen: 418652K->214548K(465920K)] 1354492K->1209588K(1864192K), 0.0551598 secs] [Times: user=0.27 sys=0.00, real=0.05 secs] 
4273.710: [GC (Allocation Failure) [PSYoungGen: 447508K->97531K(465920K)] 1442548K->1160571K(1864192K), 0.0658280 secs] [Times: user=0.34 sys=0.01, real=0.07 secs] 
4274.156: [GC (Allocation Failure) [PSYoungGen: 330491K->179445K(465920K)] 1393531K->1273090K(1864192K), 0.0406856 secs] [Times: user=0.17 sys=0.00, real=0.04 secs] 
4274.355: [GC (Allocation Failure) [PSYoungGen: 412405K->185046K(465920K)] 1506050K->1334642K(1864192K), 0.0692240 secs] [Times: user=0.34 sys=0.00, real=0.07 secs] 
4274.554: [GC (Allocation Failure) [PSYoungGen: 418006K->183828K(465920K)] 1567602K->1389553K(1864192K), 0.0465226 secs] [Times: user=0.22 sys=0.01, real=0.05 secs] 
4275.561: [GC (Allocation Failure) [PSYoungGen: 416788K->106237K(465920K)] 1622513K->1381433K(1864192K), 0.0495606 secs] [Times: user=0.26 sys=0.00, real=0.05 secs] 
4276.472: [GC (Allocation Failure) [PSYoungGen: 339197K->166260K(465920K)] 1614393K->1475393K(1864192K), 0.0872478 secs] [Times: user=0.44 sys=0.00, real=0.09 secs] 
4276.772: [GC (Allocation Failure) [PSYoungGen: 399220K->184918K(465920K)] 1708353K->1546507K(1864192K), 0.0511711 secs] [Times: user=0.24 sys=0.00, real=0.05 secs] 
4276.823: [Full GC (Ergonomics) [PSYoungGen: 184918K->0K(465920K)] [ParOldGen: 1361589K->260333K(1398272K)] 1546507K->260333K(1864192K), [Metaspace: 60358K->60358K(1105920K)], 0.3277444 secs] [Times: user=1.51 sys=0.00, real=0.33 secs] 
4277.264: [GC (Allocation Failure) [PSYoungGen: 232960K->186167K(465920K)] 493293K->446500K(1864192K), 0.0898708 secs] [Times: user=0.47 sys=0.00, real=0.09 secs] 
4277.731: [GC (Allocation Failure) [PSYoungGen: 415850K->212212K(465920K)] 676184K->531753K(1864192K), 0.0541323 secs] [Times: user=0.27 sys=0.00, real=0.06 secs] 
4279.343: [GC (Allocation Failure) [PSYoungGen: 445172K->95819K(465920K)] 764713K->482561K(1864192K), 0.1020763 secs] [Times: user=0.56 sys=0.00, real=0.11 secs] 
4280.133: [GC (Allocation Failure) [PSYoungGen: 328779K->177973K(465920K)] 715521K->595364K(1864192K), 0.0505902 secs] [Times: user=0.23 sys=0.00, real=0.05 secs] 
4280.322: [GC (Allocation Failure) [PSYoungGen: 410933K->185462K(465920K)] 828324K->658580K(1864192K), 0.0433043 secs] [Times: user=0.20 sys=0.00, real=0.05 secs] 
4280.503: [GC (Allocation Failure) [PSYoungGen: 418422K->187221K(465920K)] 891540K->716523K(1864192K), 0.0632138 secs] [Times: user=0.30 sys=0.00, real=0.07 secs] 
4281.548: [GC (Allocation Failure) [PSYoungGen: 420181K->101468K(465920K)] 949483K->701306K(1864192K), 0.0500860 secs] [Times: user=0.25 sys=0.01, real=0.05 secs] 
4282.073: [GC (Allocation Failure) [PSYoungGen: 334428K->172628K(465920K)] 934266K->805671K(1864192K), 0.0706602 secs] [Times: user=0.35 sys=0.00, real=0.07 secs] 
4282.289: [GC (Allocation Failure) [PSYoungGen: 405588K->184950K(465920K)] 1038631K->871736K(1864192K), 0.0440291 secs] [Times: user=0.20 sys=0.00, real=0.04 secs] 
4282.486: [GC (Allocation Failure) [PSYoungGen: 417910K->178198K(465920K)] 1104696K->929129K(1864192K), 0.0730259 secs] [Times: user=0.37 sys=0.00, real=0.07 secs] 
4282.962: [GC (Allocation Failure) [PSYoungGen: 409260K->216180K(465920K)] 1160191K->1023519K(1864192K), 0.0552621 secs] [Times: user=0.27 sys=0.01, real=0.06 secs] 
4283.847: [GC (GCLocker Initiated GC) [PSYoungGen: 449140K->94875K(465920K)] 1256479K->970958K(1864192K), 0.0483642 secs] [Times: user=0.23 sys=0.00, real=0.05 secs] 
4284.152: [GC (Allocation Failure) [PSYoungGen: 327835K->183542K(465920K)] 1203925K->1089733K(1864192K), 0.0393436 secs] [Times: user=0.13 sys=0.00, real=0.04 secs] 
4284.302: [GC (Allocation Failure) [PSYoungGen: 416502K->185622K(465920K)] 1322693K->1149008K(1864192K), 0.0471703 secs] [Times: user=0.22 sys=0.00, real=0.05 secs] 
4284.454: [GC (Allocation Failure) [PSYoungGen: 418582K->186997K(465920K)] 1381968K->1206624K(1864192K), 0.0464714 secs] [Times: user=0.21 sys=0.00, real=0.05 secs] 
4285.953: [GC (Allocation Failure) [PSYoungGen: 419957K->97195K(465920K)] 1439584K->1187270K(1864192K), 0.0662234 secs] [Times: user=0.36 sys=0.00, real=0.07 secs] 
4288.300: [GC (Allocation Failure) [PSYoungGen: 330155K->161203K(465920K)] 1420230K->1282323K(1864192K), 0.0715954 secs] [Times: user=0.30 sys=0.00, real=0.07 secs] 
4288.578: [GC (Allocation Failure) [PSYoungGen: 394163K->185142K(465920K)] 1515283K->1356973K(1864192K), 0.0530937 secs] [Times: user=0.25 sys=0.00, real=0.05 secs] 
4288.744: [GC (Allocation Failure) [PSYoungGen: 418102K->186071K(465920K)] 1589933K->1422254K(1864192K), 0.0507668 secs] [Times: user=0.24 sys=0.00, real=0.06 secs] 
4288.917: [GC (Allocation Failure) [PSYoungGen: 419031K->217557K(465920K)] 1655214K->1512908K(1864192K), 0.0557872 secs] [Times: user=0.28 sys=0.00, real=0.05 secs] 
4290.025: [GC (Allocation Failure) [PSYoungGen: 450517K->90858K(465920K)] 1745868K->1456026K(1864192K), 0.0692547 secs] [Times: user=0.37 sys=0.00, real=0.06 secs] 
4290.094: [Full GC (Ergonomics) [PSYoungGen: 90858K->0K(465920K)] [ParOldGen: 1365167K->108926K(1398272K)] 1456026K->108926K(1864192K), [Metaspace: 60358K->60358K(1105920K)], 0.1439637 secs] [Times: user=0.61 sys=0.00, real=0.15 secs] 
4290.943: [GC (Allocation Failure) [PSYoungGen: 232960K->174677K(465920K)] 341886K->283603K(1864192K), 0.0345990 secs] [Times: user=0.13 sys=0.00, real=0.04 secs] 
4291.119: [GC (Allocation Failure) [PSYoungGen: 407637K->185590K(465920K)] 516563K->349452K(1864192K), 0.0411202 secs] [Times: user=0.18 sys=0.00, real=0.04 secs] 
4291.268: [GC (Allocation Failure) [PSYoungGen: 418550K->187349K(465920K)] 582412K->407540K(1864192K), 0.0450556 secs] [Times: user=0.21 sys=0.00, real=0.04 secs] 
4292.247: [GC (Allocation Failure) [PSYoungGen: 420309K->106381K(465920K)] 640500K->397087K(1864192K), 0.0451763 secs] [Times: user=0.23 sys=0.00, real=0.04 secs] 
4293.595: [GC (Allocation Failure) [PSYoungGen: 339341K->166452K(465920K)] 630047K->491227K(1864192K), 0.0954683 secs] [Times: user=0.48 sys=0.00, real=0.10 secs] 
4293.862: [GC (Allocation Failure) [PSYoungGen: 399412K->182165K(465920K)] 724187K->559049K(1864192K), 0.0415419 secs] [Times: user=0.19 sys=0.01, real=0.04 secs] 
4294.019: [GC (Allocation Failure) [PSYoungGen: 415125K->185975K(465920K)] 792009K->626530K(1864192K), 0.0497356 secs] [Times: user=0.23 sys=0.01, real=0.05 secs] 
4294.184: [GC (Allocation Failure) [PSYoungGen: 418935K->219733K(465920K)] 859490K->719337K(1864192K), 0.0558191 secs] [Times: user=0.27 sys=0.00, real=0.06 secs] 
4296.317: [GC (Allocation Failure) [PSYoungGen: 452693K->88554K(465920K)] 952297K->658590K(1864192K), 0.1054093 secs] [Times: user=0.57 sys=0.00, real=0.10 secs] 
4297.083: [GC (Allocation Failure) [PSYoungGen: 321514K->180502K(465920K)] 891550K->779002K(1864192K), 0.0490974 secs] [Times: user=0.22 sys=0.00, real=0.05 secs] 
4297.334: [GC (Allocation Failure) [PSYoungGen: 413462K->184886K(465920K)] 1011962K->839706K(1864192K), 0.0606437 secs] [Times: user=0.29 sys=0.00, real=0.06 secs] 
4297.554: [GC (Allocation Failure) [PSYoungGen: 417846K->184180K(465920K)] 1072666K->895169K(1864192K), 0.0697565 secs] [Times: user=0.35 sys=0.00, real=0.07 secs] 
4298.609: [GC (Allocation Failure) [PSYoungGen: 417140K->106909K(465920K)] 1128129K->887313K(1864192K), 0.0505493 secs] [Times: user=0.26 sys=0.00, real=0.05 secs] 
4298.946: [GC (Allocation Failure) [PSYoungGen: 339869K->169748K(465920K)] 1120273K->984568K(1864192K), 0.0664992 secs] [Times: user=0.32 sys=0.01, real=0.06 secs] 
4299.154: [GC (Allocation Failure) [PSYoungGen: 402708K->181781K(465920K)] 1217528K->1049821K(1864192K), 0.0416611 secs] [Times: user=0.19 sys=0.00, real=0.05 secs] 
4299.311: [GC (Allocation Failure) [PSYoungGen: 414741K->185655K(465920K)] 1282781K->1117071K(1864192K), 0.0493020 secs] [Times: user=0.22 sys=0.01, real=0.05 secs] 
4299.473: [GC (Allocation Failure) [PSYoungGen: 418615K->216788K(465920K)] 1350031K->1207188K(1864192K), 0.0554373 secs] [Times: user=0.27 sys=0.00, real=0.06 secs] 
4300.699: [GC (Allocation Failure) [PSYoungGen: 449748K->94683K(465920K)] 1440148K->1154595K(1864192K), 0.0705774 secs] [Times: user=0.37 sys=0.00, real=0.07 secs] 
4301.125: [GC (Allocation Failure) [PSYoungGen: 327643K->183382K(465920K)] 1387555K->1273147K(1864192K), 0.0355303 secs] [Times: user=0.15 sys=0.00, real=0.04 secs] 
4301.269: [GC (Allocation Failure) [PSYoungGen: 416342K->185174K(465920K)] 1506107K->1332163K(1864192K), 0.0448884 secs] [Times: user=0.20 sys=0.00, real=0.04 secs] 
4301.440: [GC (Allocation Failure) [PSYoungGen: 418134K->184148K(465920K)] 1565123K->1387297K(1864192K), 0.0611125 secs] [Times: user=0.30 sys=0.00, real=0.06 secs] 
4302.541: [GC (Allocation Failure) [PSYoungGen: 416993K->100748K(465920K)] 1620142K->1373233K(1864192K), 0.0482271 secs] [Times: user=0.25 sys=0.00, real=0.05 secs] 
4305.112: [GC (Allocation Failure) [PSYoungGen: 333708K->164723K(465920K)] 1606193K->1469213K(1864192K), 0.1059951 secs] [Times: user=0.54 sys=0.00, real=0.11 secs] 
4305.407: [GC (Allocation Failure) [PSYoungGen: 397683K->181685K(465920K)] 1702173K->1538123K(1864192K), 0.0442393 secs] [Times: user=0.20 sys=0.00, real=0.04 secs] 
4305.452: [Full GC (Ergonomics) [PSYoungGen: 181685K->0K(465920K)] [ParOldGen: 1356437K->255429K(1398272K)] 1538123K->255429K(1864192K), [Metaspace: 60358K->60358K(1105920K)], 0.3114873 secs] [Times: user=1.43 sys=0.01, real=0.31 secs] 
4305.879: [GC (Allocation Failure) [PSYoungGen: 232960K->186167K(465920K)] 488389K->441596K(1864192K), 0.0849697 secs] [Times: user=0.44 sys=0.00, real=0.08 secs] 
4306.138: [GC (Allocation Failure) [PSYoungGen: 419127K->219029K(465920K)] 674556K->533602K(1864192K), 0.0547641 secs] [Times: user=0.27 sys=0.00, real=0.05 secs] 
4307.135: [GC (Allocation Failure) [PSYoungGen: 451989K->93675K(465920K)] 766562K->478344K(1864192K), 0.0508426 secs] [Times: user=0.26 sys=0.00, real=0.05 secs] 
4307.598: [GC (Allocation Failure) [PSYoungGen: 326635K->183062K(465920K)] 711304K->597556K(1864192K), 0.0487920 secs] [Times: user=0.21 sys=0.00, real=0.05 secs] 
4307.773: [GC (Allocation Failure) [PSYoungGen: 416022K->182101K(465920K)] 830516K->653724K(1864192K), 0.0434961 secs] [Times: user=0.20 sys=0.00, real=0.05 secs] 
4307.947: [GC (Allocation Failure) [PSYoungGen: 415061K->184244K(465920K)] 886684K->710859K(1864192K), 0.0602783 secs] [Times: user=0.29 sys=0.00, real=0.06 secs] 
4309.272: [GC (Allocation Failure) [PSYoungGen: 417204K->102460K(465920K)] 943819K->698611K(1864192K), 0.0443380 secs] [Times: user=0.23 sys=0.00, real=0.05 secs] 
4309.896: [GC (Allocation Failure) [PSYoungGen: 335420K->167092K(465920K)] 931571K->796071K(1864192K), 0.0715477 secs] [Times: user=0.35 sys=0.00, real=0.07 secs] 
4310.113: [GC (Allocation Failure) [PSYoungGen: 400052K->184470K(465920K)] 1029031K->866137K(1864192K), 0.0422041 secs] [Times: user=0.19 sys=0.01, real=0.05 secs] 
4310.271: [GC (Allocation Failure) [PSYoungGen: 417430K->185879K(465920K)] 1099097K->931554K(1864192K), 0.0502240 secs] [Times: user=0.23 sys=0.00, real=0.05 secs] 
4310.628: [GC (Allocation Failure) [PSYoungGen: 418839K->219892K(465920K)] 1164514K->1024560K(1864192K), 0.0553951 secs] [Times: user=0.27 sys=0.00, real=0.05 secs] 
4312.897: [GC (Allocation Failure) [PSYoungGen: 452852K->91914K(465920K)] 1257520K->965850K(1864192K), 0.0983949 secs] [Times: user=0.52 sys=0.01, real=0.10 secs] 
4313.806: [GC (Allocation Failure) [PSYoungGen: 324874K->174101K(465920K)] 1198810K->1077825K(1864192K), 0.0515381 secs] [Times: user=0.23 sys=0.00, real=0.05 secs] 
4313.998: [GC (Allocation Failure) [PSYoungGen: 407061K->185334K(465920K)] 1310785K->1143298K(1864192K), 0.0438118 secs] [Times: user=0.19 sys=0.00, real=0.04 secs] 
4314.150: [GC (Allocation Failure) [PSYoungGen: 418202K->184244K(465920K)] 1376167K->1198377K(1864192K), 0.0460556 secs] [Times: user=0.21 sys=0.01, real=0.05 secs] 
4315.148: [GC (Allocation Failure) [PSYoungGen: 417204K->108333K(465920K)] 1431337K->1191929K(1864192K), 0.0463395 secs] [Times: user=0.24 sys=0.00, real=0.04 secs] 
4315.499: [GC (Allocation Failure) [PSYoungGen: 341293K->171060K(465920K)] 1424889K->1290237K(1864192K), 0.0500661 secs] [Times: user=0.24 sys=0.00, real=0.05 secs] 
4315.660: [GC (Allocation Failure) [PSYoungGen: 404020K->185014K(465920K)] 1523197K->1357826K(1864192K), 0.0465226 secs] [Times: user=0.21 sys=0.00, real=0.05 secs] 
4315.819: [GC (Allocation Failure) [PSYoungGen: 417974K->181942K(465920K)] 1590786K->1418923K(1864192K), 0.0528665 secs] [Times: user=0.25 sys=0.00, real=0.05 secs] 
4316.061: [GC (Allocation Failure) [PSYoungGen: 414902K->183988K(465920K)] 1651883K->1478689K(1864192K), 0.0539502 secs] [Times: user=0.26 sys=0.00, real=0.06 secs] 
4317.379: [GC (Allocation Failure) [PSYoungGen: 416948K->94027K(465920K)] 1711649K->1457708K(1864192K), 0.0658589 secs] [Times: user=0.35 sys=0.01, real=0.07 secs] 
4317.445: [Full GC (Ergonomics) [PSYoungGen: 94027K->0K(465920K)] [ParOldGen: 1363680K->111947K(1398272K)] 1457708K->111947K(1864192K), [Metaspace: 60358K->60358K(1105920K)], 0.1176126 secs] [Times: user=0.51 sys=0.00, real=0.11 secs] 
4317.849: [GC (Allocation Failure) [PSYoungGen: 232960K->180437K(465920K)] 344907K->292385K(1864192K), 0.0290023 secs] [Times: user=0.10 sys=0.00, real=0.03 secs] 
4318.010: [GC (Allocation Failure) [PSYoungGen: 413397K->182741K(465920K)] 525345K->351381K(1864192K), 0.0556813 secs] [Times: user=0.26 sys=0.00, real=0.06 secs] 
4318.224: [GC (Allocation Failure) [PSYoungGen: 415701K->187509K(465920K)] 584341K->411717K(1864192K), 0.0648844 secs] [Times: user=0.32 sys=0.00, real=0.07 secs] 
4319.320: [GC (Allocation Failure) [PSYoungGen: 420469K->100796K(465920K)] 644677K->395644K(1864192K), 0.0477321 secs] [Times: user=0.25 sys=0.00, real=0.05 secs] 
4321.591: [GC (Allocation Failure) [PSYoungGen: 333756K->163891K(465920K)] 628604K->490784K(1864192K), 0.1206894 secs] [Times: user=0.62 sys=0.00, real=0.12 secs] 
4321.905: [GC (Allocation Failure) [PSYoungGen: 396851K->185014K(465920K)] 723744K->563630K(1864192K), 0.0412042 secs] [Times: user=0.18 sys=0.00, real=0.04 secs] 
4322.094: [GC (Allocation Failure) [PSYoungGen: 417974K->185655K(465920K)] 796590K->628568K(1864192K), 0.0701253 secs] [Times: user=0.35 sys=0.00, real=0.07 secs] 
4322.329: [GC (Allocation Failure) [PSYoungGen: 418615K->184501K(465920K)] 861528K->686109K(1864192K), 0.0752217 secs] [Times: user=0.38 sys=0.00, real=0.07 secs] 
4323.533: [GC (Allocation Failure) [PSYoungGen: 417461K->90106K(465920K)] 919069K->661195K(1864192K), 0.0570180 secs] [Times: user=0.31 sys=0.00, real=0.06 secs] 
4323.855: [GC (Allocation Failure) [PSYoungGen: 323066K->183382K(465920K)] 894155K->783842K(1864192K), 0.0346735 secs] [Times: user=0.14 sys=0.00, real=0.03 secs] 
4324.000: [GC (Allocation Failure) [PSYoungGen: 416342K->185046K(465920K)] 1016802K->842410K(1864192K), 0.0444171 secs] [Times: user=0.20 sys=0.00, real=0.04 secs] 
4324.212: [GC (Allocation Failure) [PSYoungGen: 418006K->187029K(465920K)] 1075370K->900689K(1864192K), 0.0527625 secs] [Times: user=0.25 sys=0.00, real=0.05 secs] 
4325.856: [GC (Allocation Failure) [PSYoungGen: 419989K->97867K(465920K)] 1133649K->881880K(1864192K), 0.0483542 secs] [Times: user=0.25 sys=0.00, real=0.04 secs] 
4327.101: [GC (Allocation Failure) [PSYoungGen: 330827K->166740K(465920K)] 1114840K->982145K(1864192K), 0.0886159 secs] [Times: user=0.40 sys=0.00, real=0.09 secs] 
4327.377: [GC (Allocation Failure) [PSYoungGen: 399700K->184790K(465920K)] 1215105K->1052719K(1864192K), 0.0429707 secs] [Times: user=0.19 sys=0.00, real=0.04 secs] 
4327.569: [GC (Allocation Failure) [PSYoungGen: 417750K->185975K(465920K)] 1285679K->1118176K(1864192K), 0.0762225 secs] [Times: user=0.38 sys=0.00, real=0.07 secs] 
4327.905: [GC (Allocation Failure) [PSYoungGen: 418395K->218453K(465920K)] 1350596K->1209582K(1864192K), 0.0552615 secs] [Times: user=0.27 sys=0.00, real=0.05 secs] 
4329.963: [GC (Allocation Failure) [PSYoungGen: 451413K->84265K(465920K)] 1442542K->1145491K(1864192K), 0.1107475 secs] [Times: user=0.62 sys=0.00, real=0.11 secs] 
4330.801: [GC (Allocation Failure) [PSYoungGen: 317225K->180181K(465920K)] 1378451K->1268488K(1864192K), 0.0455242 secs] [Times: user=0.20 sys=0.00, real=0.05 secs] 
4331.028: [GC (Allocation Failure) [PSYoungGen: 413141K->185110K(465920K)] 1501448K->1329592K(1864192K), 0.0642002 secs] [Times: user=0.31 sys=0.00, real=0.06 secs] 
4331.214: [GC (Allocation Failure) [PSYoungGen: 418070K->187189K(465920K)] 1562552K->1387727K(1864192K), 0.0467779 secs] [Times: user=0.22 sys=0.00, real=0.05 secs] 
4332.214: [GC (Allocation Failure) [PSYoungGen: 420149K->105004K(465920K)] 1620687K->1375895K(1864192K), 0.0463110 secs] [Times: user=0.23 sys=0.00, real=0.05 secs] 
4332.952: [GC (Allocation Failure) [PSYoungGen: 337964K->168179K(465920K)] 1608855K->1472771K(1864192K), 0.1181441 secs] [Times: user=0.62 sys=0.00, real=0.12 secs] 
4333.273: [GC (Allocation Failure) [PSYoungGen: 401139K->183797K(465920K)] 1705731K->1540169K(1864192K), 0.0427417 secs] [Times: user=0.19 sys=0.00, real=0.05 secs] 
4333.315: [Full GC (Ergonomics) [PSYoungGen: 183797K->0K(465920K)] [ParOldGen: 1356371K->255442K(1398272K)] 1540169K->255442K(1864192K), [Metaspace: 60358K->60358K(1105920K)], 0.3224129 secs] [Times: user=1.50 sys=0.00, real=0.32 secs] 
4333.763: [GC (Allocation Failure) [PSYoungGen: 232960K->185943K(465920K)] 488402K->441385K(1864192K), 0.0839171 secs] [Times: user=0.43 sys=0.00, real=0.09 secs] 
4333.955: [GC (Allocation Failure) [PSYoungGen: 418903K->187157K(465920K)] 674345K->501759K(1864192K), 0.0553125 secs] [Times: user=0.27 sys=0.00, real=0.05 secs] 
4335.437: [GC (GCLocker Initiated GC) [PSYoungGen: 420117K->90122K(465920K)] 734719K->475197K(1864192K), 0.0969367 secs] [Times: user=0.53 sys=0.00, real=0.09 secs] 
4336.263: [GC (Allocation Failure) [PSYoungGen: 323082K->183126K(465920K)] 708451K->597915K(1864192K), 0.0495691 secs] [Times: user=0.21 sys=0.00, real=0.05 secs] 
4336.447: [GC (Allocation Failure) [PSYoungGen: 416086K->185398K(465920K)] 830875K->657031K(1864192K), 0.0434098 secs] [Times: user=0.20 sys=0.00, real=0.04 secs] 
4336.600: [GC (Allocation Failure) [PSYoungGen: 418358K->203349K(465920K)] 889991K->731118K(1864192K), 0.0460405 secs] [Times: user=0.21 sys=0.00, real=0.05 secs] 
4338.729: [GC (Allocation Failure) [PSYoungGen: 436309K->97467K(465920K)] 964078K->695869K(1864192K), 0.0450029 secs] [Times: user=0.24 sys=0.00, real=0.04 secs] 
4339.811: [GC (Allocation Failure) [PSYoungGen: 330427K->163763K(465920K)] 928829K->793953K(1864192K), 0.0778419 secs] [Times: user=0.38 sys=0.00, real=0.08 secs] 
4340.090: [GC (Allocation Failure) [PSYoungGen: 396723K->184310K(465920K)] 1026913K->865227K(1864192K), 0.0426807 secs] [Times: user=0.19 sys=0.00, real=0.04 secs] 
4340.283: [GC (Allocation Failure) [PSYoungGen: 417270K->185815K(465920K)] 1098187K->931005K(1864192K), 0.0713359 secs] [Times: user=0.35 sys=0.00, real=0.07 secs] 
4340.574: [GC (Allocation Failure) [PSYoungGen: 418775K->187445K(465920K)] 1163965K->991603K(1864192K), 0.0588962 secs] [Times: user=0.29 sys=0.00, real=0.06 secs] 
4341.649: [GC (Allocation Failure) [PSYoungGen: 420405K->94459K(465920K)] 1224563K->969321K(1864192K), 0.0593459 secs] [Times: user=0.31 sys=0.00, real=0.06 secs] 
4342.001: [GC (Allocation Failure) [PSYoungGen: 327419K->181718K(465920K)] 1202281K->1087227K(1864192K), 0.0357673 secs] [Times: user=0.15 sys=0.00, real=0.04 secs] 
4342.146: [GC (Allocation Failure) [PSYoungGen: 414678K->182069K(465920K)] 1320187K->1144047K(1864192K), 0.0448550 secs] [Times: user=0.20 sys=0.00, real=0.04 secs] 
4342.301: [GC (Allocation Failure) [PSYoungGen: 415029K->187189K(465920K)] 1377007K->1204842K(1864192K), 0.0475777 secs] [Times: user=0.22 sys=0.00, real=0.05 secs] 
4343.374: [GC (Allocation Failure) [PSYoungGen: 420149K->103164K(465920K)] 1437802K->1191306K(1864192K), 0.0480118 secs] [Times: user=0.25 sys=0.00, real=0.05 secs] 
4344.720: [GC (Allocation Failure) [PSYoungGen: 336124K->164595K(465920K)] 1424266K->1285942K(1864192K), 0.1191123 secs] [Times: user=0.61 sys=0.00, real=0.12 secs] 
4345.040: [GC (Allocation Failure) [PSYoungGen: 397555K->180021K(465920K)] 1518902K->1352867K(1864192K), 0.0428736 secs] [Times: user=0.19 sys=0.00, real=0.04 secs] 
4345.223: [GC (Allocation Failure) [PSYoungGen: 412981K->185751K(465920K)] 1585827K->1421893K(1864192K), 0.0664539 secs] [Times: user=0.33 sys=0.00, real=0.07 secs] 
4345.438: [GC (Allocation Failure) [PSYoungGen: 418711K->186869K(465920K)] 1654853K->1481875K(1864192K), 0.0766589 secs] [Times: user=0.38 sys=0.01, real=0.07 secs] 
4347.289: [GC (Allocation Failure) [PSYoungGen: 419829K->92010K(465920K)] 1714835K->1457473K(1864192K), 0.1127806 secs] [Times: user=0.61 sys=0.01, real=0.11 secs] 
4347.401: [Full GC (Ergonomics) [PSYoungGen: 92010K->0K(465920K)] [ParOldGen: 1365462K->108601K(1398272K)] 1457473K->108601K(1864192K), [Metaspace: 60358K->60358K(1105920K)], 0.1694572 secs] [Times: user=0.75 sys=0.00, real=0.17 secs] 
4348.072: [GC (Allocation Failure) [PSYoungGen: 232960K->178165K(465920K)] 341561K->286767K(1864192K), 0.0332967 secs] [Times: user=0.13 sys=0.00, real=0.04 secs] 
4348.284: [GC (Allocation Failure) [PSYoungGen: 411125K->185270K(465920K)] 519727K->349871K(1864192K), 0.0630138 secs] [Times: user=0.30 sys=0.00, real=0.07 secs] 
4348.479: [GC (Allocation Failure) [PSYoungGen: 418230K->187157K(465920K)] 582831K->407991K(1864192K), 0.0447678 secs] [Times: user=0.20 sys=0.00, real=0.04 secs] 
4349.510: [GC (Allocation Failure) [PSYoungGen: 420117K->106381K(465920K)] 640951K->397758K(1864192K), 0.0448290 secs] [Times: user=0.23 sys=0.01, real=0.05 secs] 
4350.194: [GC (Allocation Failure) [PSYoungGen: 339341K->168468K(465920K)] 630718K->494083K(1864192K), 0.1075405 secs] [Times: user=0.55 sys=0.00, real=0.11 secs] 
4350.504: [GC (Allocation Failure) [PSYoungGen: 401428K->181973K(465920K)] 727043K->560632K(1864192K), 0.0456121 secs] [Times: user=0.21 sys=0.00, real=0.05 secs] 
4350.663: [GC (Allocation Failure) [PSYoungGen: 414933K->186071K(465920K)] 793592K->628322K(1864192K), 0.0498683 secs] [Times: user=0.23 sys=0.00, real=0.05 secs] 
4350.854: [GC (Allocation Failure) [PSYoungGen: 419031K->184180K(465920K)] 861282K->685567K(1864192K), 0.0757678 secs] [Times: user=0.39 sys=0.00, real=0.08 secs] 
4352.088: [GC (GCLocker Initiated GC) [PSYoungGen: 417140K->95227K(465920K)] 918527K->666086K(1864192K), 0.0529447 secs] [Times: user=0.28 sys=0.00, real=0.05 secs] 
4352.576: [GC (Allocation Failure) [PSYoungGen: 328187K->180245K(465920K)] 899213K->781236K(1864192K), 0.0355435 secs] [Times: user=0.15 sys=0.00, real=0.03 secs] 
4352.725: [GC (Allocation Failure) [PSYoungGen: 413205K->185238K(465920K)] 1014196K->842640K(1864192K), 0.0448297 secs] [Times: user=0.20 sys=0.00, real=0.05 secs] 
4352.879: [GC (Allocation Failure) [PSYoungGen: 418198K->187317K(465920K)] 1075600K->900832K(1864192K), 0.0468853 secs] [Times: user=0.22 sys=0.00, real=0.05 secs] 
4353.931: [GC (Allocation Failure) [PSYoungGen: 420277K->99868K(465920K)] 1133792K->884006K(1864192K), 0.0472915 secs] [Times: user=0.25 sys=0.00, real=0.05 secs] 
4355.494: [GC (Allocation Failure) [PSYoungGen: 332828K->168532K(465920K)] 1116966K->984459K(1864192K), 0.0933372 secs] [Times: user=0.46 sys=0.00, real=0.10 secs] 
4355.809: [GC (Allocation Failure) [PSYoungGen: 401492K->184950K(465920K)] 1217419K->1053893K(1864192K), 0.0463054 secs] [Times: user=0.21 sys=0.00, real=0.05 secs] 
4355.995: [GC (GCLocker Initiated GC) [PSYoungGen: 417910K->183222K(465920K)] 1286853K->1116422K(1864192K), 0.0691821 secs] [Times: user=0.33 sys=0.00, real=0.06 secs] 
4356.476: [GC (Allocation Failure) [PSYoungGen: 416182K->213908K(465920K)] 1353482K->1209248K(1864192K), 0.0572287 secs] [Times: user=0.29 sys=0.00, real=0.05 secs] 
4357.255: [GC (Allocation Failure) [PSYoungGen: 446868K->102076K(465920K)] 1442208K->1165911K(1864192K), 0.0843791 secs] [Times: user=0.46 sys=0.00, real=0.09 secs] 
4357.739: [GC (Allocation Failure) [PSYoungGen: 335036K->178965K(465920K)] 1398871K->1274782K(1864192K), 0.0466924 secs] [Times: user=0.21 sys=0.00, real=0.05 secs] 
4357.901: [GC (Allocation Failure) [PSYoungGen: 411925K->185270K(465920K)] 1507742K->1337026K(1864192K), 0.0460010 secs] [Times: user=0.21 sys=0.00, real=0.05 secs] 
4358.105: [GC (GCLocker Initiated GC) [PSYoungGen: 418230K->183028K(465920K)] 1569987K->1390794K(1864192K), 0.0680524 secs] [Times: user=0.33 sys=0.00, real=0.06 secs] 
4359.257: [GC (GCLocker Initiated GC) [PSYoungGen: 415988K->101820K(465920K)] 1623755K->1378883K(1864192K), 0.0641471 secs] [Times: user=0.35 sys=0.00, real=0.06 secs] 
4360.320: [GC (Allocation Failure) [PSYoungGen: 334780K->169204K(465920K)] 1611846K->1478859K(1864192K), 0.0823771 secs] [Times: user=0.33 sys=0.00, real=0.08 secs] 
4360.625: [GC (Allocation Failure) [PSYoungGen: 402164K->185238K(465920K)] 1711819K->1548209K(1864192K), 0.0628114 secs] [Times: user=0.30 sys=0.00, real=0.07 secs] 
4360.687: [Full GC (Ergonomics) [PSYoungGen: 185238K->0K(465920K)] [ParOldGen: 1362970K->261820K(1398272K)] 1548209K->261820K(1864192K), [Metaspace: 60358K->60358K(1105920K)], 0.3368891 secs] [Times: user=1.57 sys=0.00, real=0.33 secs] 
4361.136: [GC (Allocation Failure) [PSYoungGen: 232960K->183094K(465920K)] 494780K->444915K(1864192K), 0.0856579 secs] [Times: user=0.45 sys=0.00, real=0.08 secs] 
4361.896: [GC (Allocation Failure) [PSYoungGen: 416054K->217940K(465920K)] 677875K->537648K(1864192K), 0.0551284 secs] [Times: user=0.27 sys=0.00, real=0.05 secs] 
4364.120: [GC (Allocation Failure) [PSYoungGen: 450900K->94763K(465920K)] 770608K->481791K(1864192K), 0.1041648 secs] [Times: user=0.56 sys=0.00, real=0.10 secs] 
4364.878: [GC (Allocation Failure) [PSYoungGen: 327723K->180598K(465920K)] 714751K->598155K(1864192K), 0.0535594 secs] [Times: user=0.23 sys=0.00, real=0.05 secs] 
4365.075: [GC (Allocation Failure) [PSYoungGen: 413558K->185078K(465920K)] 831115K->658907K(1864192K), 0.0435177 secs] [Times: user=0.20 sys=0.00, real=0.04 secs] 
4365.260: [GC (Allocation Failure) [PSYoungGen: 418038K->184500K(465920K)] 891867K->714530K(1864192K), 0.0665292 secs] [Times: user=0.33 sys=0.00, real=0.07 secs] 
4366.302: [GC (Allocation Failure) [PSYoungGen: 417460K->102156K(465920K)] 947490K->701761K(1864192K), 0.0444521 secs] [Times: user=0.23 sys=0.00, real=0.05 secs] 
4366.917: [GC (Allocation Failure) [PSYoungGen: 335116K->169460K(465920K)] 934721K->801798K(1864192K), 0.0868332 secs] [Times: user=0.43 sys=0.00, real=0.08 secs] 
4367.222: [GC (Allocation Failure) [PSYoungGen: 402420K->184854K(465920K)] 1034758K->870604K(1864192K), 0.0470262 secs] [Times: user=0.22 sys=0.00, real=0.05 secs] 
4367.388: [GC (Allocation Failure) [PSYoungGen: 417814K->182678K(465920K)] 1103564K->932412K(1864192K), 0.0506508 secs] [Times: user=0.23 sys=0.00, real=0.05 secs] 
4367.784: [GC (Allocation Failure) [PSYoungGen: 415638K->218452K(465920K)] 1165372K->1026082K(1864192K), 0.0548093 secs] [Times: user=0.27 sys=0.00, real=0.06 secs] 
4368.968: [GC (Allocation Failure) [PSYoungGen: 451412K->95435K(465920K)] 1259042K->971569K(1864192K), 0.1031381 secs] [Times: user=0.55 sys=0.00, real=0.10 secs] 
4370.207: [GC (Allocation Failure) [PSYoungGen: 328395K->179285K(465920K)] 1204529K->1085456K(1864192K), 0.0492216 secs] [Times: user=0.22 sys=0.00, real=0.05 secs] 
4370.453: [GC (Allocation Failure) [PSYoungGen: 412245K->185558K(465920K)] 1318416K->1147861K(1864192K), 0.0603120 secs] [Times: user=0.29 sys=0.00, real=0.06 secs] 
4370.632: [GC (Allocation Failure) [PSYoungGen: 418518K->187477K(465920K)] 1380821K->1206036K(1864192K), 0.0463473 secs] [Times: user=0.22 sys=0.00, real=0.05 secs] 
4371.673: [GC (Allocation Failure) [PSYoungGen: 420437K->102300K(465920K)] 1438996K->1191523K(1864192K), 0.0467661 secs] [Times: user=0.25 sys=0.00, real=0.05 secs] 
4372.611: [GC (Allocation Failure) [PSYoungGen: 335260K->165620K(465920K)] 1424483K->1287639K(1864192K), 0.0709286 secs] [Times: user=0.34 sys=0.00, real=0.07 secs] 
4372.848: [GC (Allocation Failure) [PSYoungGen: 398580K->184438K(465920K)] 1520599K->1358146K(1864192K), 0.0429240 secs] [Times: user=0.19 sys=0.00, real=0.04 secs] 
4373.043: [GC (Allocation Failure) [PSYoungGen: 417398K->182806K(465920K)] 1591106K->1420522K(1864192K), 0.0704827 secs] [Times: user=0.35 sys=0.00, real=0.07 secs] 
4373.539: [GC (Allocation Failure) [PSYoungGen: 415170K->217876K(465920K)] 1652886K->1513392K(1864192K), 0.0554817 secs] [Times: user=0.27 sys=0.00, real=0.05 secs] 
4374.395: [GC (Allocation Failure) [PSYoungGen: 450836K->98331K(465920K)] 1746352K->1463199K(1864192K), 0.0648749 secs] [Times: user=0.34 sys=0.01, real=0.06 secs] 
4374.460: [Full GC (Ergonomics) [PSYoungGen: 98331K->0K(465920K)] [ParOldGen: 1364868K->115920K(1398272K)] 1463199K->115920K(1864192K), [Metaspace: 60358K->60358K(1105920K)], 0.1422110 secs] [Times: user=0.61 sys=0.00, real=0.14 secs] 
4375.157: [GC (Allocation Failure) [PSYoungGen: 232960K->179285K(465920K)] 348880K->295206K(1864192K), 0.0310789 secs] [Times: user=0.11 sys=0.00, real=0.03 secs] 
4375.309: [GC (Allocation Failure) [PSYoungGen: 412245K->185014K(465920K)] 528166K->357098K(1864192K), 0.0417680 secs] [Times: user=0.18 sys=0.00, real=0.04 secs] 
4375.459: [GC (Allocation Failure) [PSYoungGen: 417974K->184308K(465920K)] 590058K->412449K(1864192K), 0.0451686 secs] [Times: user=0.20 sys=0.01, real=0.04 secs] 
4376.472: [GC (Allocation Failure) [PSYoungGen: 417268K->104972K(465920K)] 645409K->402721K(1864192K), 0.0492664 secs] [Times: user=0.25 sys=0.00, real=0.05 secs] 
4378.001: [GC (GCLocker Initiated GC) [PSYoungGen: 337932K->163955K(465920K)] 635681K->495333K(1864192K), 0.1066265 secs] [Times: user=0.54 sys=0.00, real=0.11 secs] 
4378.305: [GC (Allocation Failure) [PSYoungGen: 396915K->182837K(465920K)] 728296K->565906K(1864192K), 0.0416478 secs] [Times: user=0.18 sys=0.00, real=0.04 secs] 
4378.462: [GC (Allocation Failure) [PSYoungGen: 415797K->185847K(465920K)] 798866K->632572K(1864192K), 0.0498182 secs] [Times: user=0.23 sys=0.00, real=0.05 secs] 
4378.994: [GC (Allocation Failure) [PSYoungGen: 417594K->216564K(465920K)] 864318K->722145K(1864192K), 0.0549783 secs] [Times: user=0.27 sys=0.00, real=0.06 secs] 
4380.405: [GC (Allocation Failure) [PSYoungGen: 449524K->95499K(465920K)] 955105K->669864K(1864192K), 0.1029515 secs] [Times: user=0.56 sys=0.00, real=0.10 secs] 
4381.027: [GC (Allocation Failure) [PSYoungGen: 328459K->178165K(465920K)] 902824K->783135K(1864192K), 0.0556284 secs] [Times: user=0.25 sys=0.00, real=0.05 secs] 
4381.227: [GC (Allocation Failure) [PSYoungGen: 411125K->184918K(465920K)] 1016095K->845783K(1864192K), 0.0436793 secs] [Times: user=0.20 sys=0.00, real=0.04 secs] 
4381.379: [GC (Allocation Failure) [PSYoungGen: 417878K->187189K(465920K)] 1078743K->904127K(1864192K), 0.0459839 secs] [Times: user=0.22 sys=0.01, real=0.04 secs] 
4382.360: [GC (Allocation Failure) [PSYoungGen: 420149K->105868K(465920K)] 1137087K->893390K(1864192K), 0.0468893 secs] [Times: user=0.24 sys=0.00, real=0.05 secs] 
4382.683: [GC (Allocation Failure) [PSYoungGen: 338828K->173269K(465920K)] 1126350K->994947K(1864192K), 0.0751739 secs] [Times: user=0.37 sys=0.00, real=0.08 secs] 
4382.934: [GC (Allocation Failure) [PSYoungGen: 406229K->184854K(465920K)] 1227907K->1060856K(1864192K), 0.0462507 secs] [Times: user=0.21 sys=0.00, real=0.05 secs] 
4383.094: [GC (Allocation Failure) [PSYoungGen: 417814K->182422K(465920K)] 1293816K->1122833K(1864192K), 0.0527840 secs] [Times: user=0.25 sys=0.00, real=0.06 secs] 
4383.734: [GC (Allocation Failure) [PSYoungGen: 415382K->193523K(465920K)] 1355793K->1191598K(1864192K), 0.0543274 secs] [Times: user=0.26 sys=0.00, real=0.06 secs] 
4384.655: [GC (Allocation Failure) [PSYoungGen: 426483K->102540K(465920K)] 1424558K->1166599K(1864192K), 0.1112354 secs] [Times: user=0.59 sys=0.01, real=0.11 secs] 
4385.260: [GC (Allocation Failure) [PSYoungGen: 335500K->180469K(465920K)] 1399559K->1276709K(1864192K), 0.0480497 secs] [Times: user=0.21 sys=0.00, real=0.05 secs] 
4385.430: [GC (Allocation Failure) [PSYoungGen: 413429K->185174K(465920K)] 1509669K->1338173K(1864192K), 0.0454168 secs] [Times: user=0.20 sys=0.00, real=0.05 secs] 
4385.585: [GC (Allocation Failure) [PSYoungGen: 418134K->187093K(465920K)] 1571133K->1396221K(1864192K), 0.0475176 secs] [Times: user=0.22 sys=0.00, real=0.04 secs] 
4386.744: [GC (Allocation Failure) [PSYoungGen: 420053K->98251K(465920K)] 1629181K->1377927K(1864192K), 0.0544745 secs] [Times: user=0.29 sys=0.01, real=0.06 secs] 
4388.444: [GC (Allocation Failure) [PSYoungGen: 331211K->167892K(465920K)] 1610887K->1478837K(1864192K), 0.0738097 secs] [Times: user=0.37 sys=0.00, real=0.08 secs] 
4388.518: [Full GC (Ergonomics) [PSYoungGen: 167892K->0K(465920K)] [ParOldGen: 1310944K->192002K(1398272K)] 1478837K->192002K(1864192K), [Metaspace: 60358K->60358K(1105920K)], 0.2176993 secs] [Times: user=1.03 sys=0.00, real=0.22 secs] 
4388.850: [GC (Allocation Failure) [PSYoungGen: 232960K->185462K(465920K)] 424962K->377464K(1864192K), 0.0332931 secs] [Times: user=0.13 sys=0.00, real=0.03 secs] 
4388.996: [GC (Allocation Failure) [PSYoungGen: 418422K->186231K(465920K)] 610424K->442801K(1864192K), 0.0440125 secs] [Times: user=0.20 sys=0.00, real=0.04 secs] 
4389.796: [GC (Allocation Failure) [PSYoungGen: 419191K->209107K(465920K)] 675761K->524786K(1864192K), 0.0558238 secs] [Times: user=0.28 sys=0.00, real=0.05 secs] 
4390.212: [GC (Allocation Failure) [PSYoungGen: 442067K->101676K(465920K)] 757746K->483034K(1864192K), 0.0516730 secs] [Times: user=0.27 sys=0.00, real=0.05 secs] 
4390.703: [GC (Allocation Failure) [PSYoungGen: 334397K->180886K(465920K)] 715756K->594253K(1864192K), 0.0346636 secs] [Times: user=0.14 sys=0.00, real=0.04 secs] 
4390.848: [GC (Allocation Failure) [PSYoungGen: 413846K->184822K(465920K)] 827213K->654717K(1864192K), 0.0434164 secs] [Times: user=0.19 sys=0.00, real=0.04 secs] 
4391.029: [GC (Allocation Failure) [PSYoungGen: 417782K->187381K(465920K)] 887677K->713316K(1864192K), 0.0572652 secs] [Times: user=0.25 sys=0.01, real=0.06 secs] 
4392.040: [GC (Allocation Failure) [PSYoungGen: 420341K->99484K(465920K)] 946276K->695971K(1864192K), 0.0474845 secs] [Times: user=0.25 sys=0.00, real=0.05 secs] 
4393.270: [GC (Allocation Failure) [PSYoungGen: 332444K->167860K(465920K)] 928931K->795984K(1864192K), 0.0963153 secs] [Times: user=0.48 sys=0.01, real=0.10 secs] 
4393.555: [GC (Allocation Failure) [PSYoungGen: 400820K->185142K(465920K)] 1028944K->866282K(1864192K), 0.0432467 secs] [Times: user=0.19 sys=0.00, real=0.05 secs] 
4393.735: [GC (Allocation Failure) [PSYoungGen: 418102K->186007K(465920K)] 1099242K->931363K(1864192K), 0.0731194 secs] [Times: user=0.36 sys=0.00, real=0.08 secs] 
4394.588: [GC (Allocation Failure) [PSYoungGen: 415616K->209331K(465920K)] 1160972K->1013792K(1864192K), 0.0563480 secs] [Times: user=0.29 sys=0.00, real=0.05 secs] 
4395.921: [GC (Allocation Failure) [PSYoungGen: 442291K->99019K(465920K)] 1246752K->969104K(1864192K), 0.1141410 secs] [Times: user=0.62 sys=0.00, real=0.12 secs] 
4396.617: [GC (Allocation Failure) [PSYoungGen: 331979K->178133K(465920K)] 1202064K->1079963K(1864192K), 0.0539841 secs] [Times: user=0.25 sys=0.00, real=0.05 secs] 
4396.877: [GC (Allocation Failure) [PSYoungGen: 411093K->185206K(465920K)] 1312923K->1142787K(1864192K), 0.0592039 secs] [Times: user=0.28 sys=0.00, real=0.06 secs] 
4397.091: [GC (Allocation Failure) [PSYoungGen: 418166K->187125K(465920K)] 1375747K->1200786K(1864192K), 0.0695357 secs] [Times: user=0.34 sys=0.00, real=0.07 secs] 
4398.129: [GC (Allocation Failure) [PSYoungGen: 420085K->102412K(465920K)] 1433746K->1186609K(1864192K), 0.0459245 secs] [Times: user=0.24 sys=0.00, real=0.05 secs] 
4398.680: [GC (Allocation Failure) [PSYoungGen: 335372K->172468K(465920K)] 1419569K->1289711K(1864192K), 0.0783321 secs] [Times: user=0.38 sys=0.00, real=0.08 secs] 
4398.946: [GC (Allocation Failure) [PSYoungGen: 405428K->178581K(465920K)] 1522671K->1349971K(1864192K), 0.0519979 secs] [Times: user=0.25 sys=0.00, real=0.05 secs] 
4399.147: [GC (Allocation Failure) [PSYoungGen: 411541K->186007K(465920K)] 1582931K->1420457K(1864192K), 0.0741124 secs] [Times: user=0.37 sys=0.00, real=0.07 secs] 
4400.005: [GC (Allocation Failure) [PSYoungGen: 415500K->213812K(465920K)] 1649951K->1507494K(1864192K), 0.0577569 secs] [Times: user=0.29 sys=0.00, real=0.06 secs] 
4400.424: [GC (Allocation Failure) [PSYoungGen: 446772K->104892K(465920K)] 1740454K->1465783K(1864192K), 0.0507964 secs] [Times: user=0.27 sys=0.00, real=0.06 secs] 
4400.475: [Full GC (Ergonomics) [PSYoungGen: 104892K->0K(465920K)] [ParOldGen: 1360890K->122599K(1398272K)] 1465783K->122599K(1864192K), [Metaspace: 60358K->60358K(1105920K)], 0.1110161 secs] [Times: user=0.45 sys=0.00, real=0.11 secs] 
4401.431: [GC (Allocation Failure) [PSYoungGen: 232845K->178389K(465920K)] 355445K->300989K(1864192K), 0.0367394 secs] [Times: user=0.14 sys=0.00, real=0.04 secs] 
4401.664: [GC (Allocation Failure) [PSYoungGen: 411349K->179637K(465920K)] 533949K->358013K(1864192K), 0.0565914 secs] [Times: user=0.27 sys=0.01, real=0.06 secs] 
4401.840: [GC (Allocation Failure) [PSYoungGen: 412597K->187285K(465920K)] 590973K->420501K(1864192K), 0.0443557 secs] [Times: user=0.20 sys=0.00, real=0.04 secs] 
4402.944: [GC (Allocation Failure) [PSYoungGen: 420245K->104412K(465920K)] 653461K->408224K(1864192K), 0.0617069 secs] [Times: user=0.32 sys=0.00, real=0.07 secs] 
4404.359: [GC (Allocation Failure) [PSYoungGen: 337372K->170740K(465920K)] 641184K->508029K(1864192K), 0.0783001 secs] [Times: user=0.37 sys=0.01, real=0.08 secs] 
4404.603: [GC (Allocation Failure) [PSYoungGen: 403700K->179701K(465920K)] 740989K->570314K(1864192K), 0.0419285 secs] [Times: user=0.19 sys=0.01, real=0.05 secs] 
4404.761: [GC (Allocation Failure) [PSYoungGen: 412661K->186071K(465920K)] 803274K->639780K(1864192K), 0.0497197 secs] [Times: user=0.23 sys=0.00, real=0.05 secs] 
4405.624: [GC (Allocation Failure) [PSYoungGen: 416007K->213172K(465920K)] 869716K->726040K(1864192K), 0.0581090 secs] [Times: user=0.29 sys=0.00, real=0.06 secs] 
4406.303: [GC (Allocation Failure) [PSYoungGen: 446132K->99339K(465920K)] 959000K->679368K(1864192K), 0.1071531 secs] [Times: user=0.59 sys=0.00, real=0.11 secs] 
4406.687: [GC (Allocation Failure) [PSYoungGen: 332299K->177941K(465920K)] 912328K->789635K(1864192K), 0.0371673 secs] [Times: user=0.16 sys=0.00, real=0.03 secs] 
4406.838: [GC (Allocation Failure) [PSYoungGen: 410901K->184950K(465920K)] 1022595K->852179K(1864192K), 0.0435642 secs] [Times: user=0.20 sys=0.00, real=0.04 secs] 
4406.992: [GC (Allocation Failure) [PSYoungGen: 417910K->187285K(465920K)] 1085139K->910595K(1864192K), 0.0459560 secs] [Times: user=0.21 sys=0.00, real=0.05 secs] 
4407.989: [GC (Allocation Failure) [PSYoungGen: 420245K->104556K(465920K)] 1143555K->898598K(1864192K), 0.0452916 secs] [Times: user=0.23 sys=0.00, real=0.04 secs] 
4408.502: [GC (Allocation Failure) [PSYoungGen: 337516K->174229K(465920K)] 1131558K->1001731K(1864192K), 0.0593957 secs] [Times: user=0.28 sys=0.00, real=0.06 secs] 
4408.728: [GC (Allocation Failure) [PSYoungGen: 407189K->182133K(465920K)] 1234691K->1064296K(1864192K), 0.0617181 secs] [Times: user=0.29 sys=0.00, real=0.06 secs] 
4408.987: [GC (Allocation Failure) [PSYoungGen: 415093K->185943K(465920K)] 1297256K->1131722K(1864192K), 0.0659939 secs] [Times: user=0.33 sys=0.00, real=0.06 secs] 
4409.805: [GC (Allocation Failure) [PSYoungGen: 415600K->206771K(465920K)] 1361378K->1211502K(1864192K), 0.0575068 secs] [Times: user=0.29 sys=0.00, real=0.06 secs] 
4410.983: [GC (Allocation Failure) [PSYoungGen: 439731K->101580K(465920K)] 1444462K->1171255K(1864192K), 0.1225737 secs] [Times: user=0.67 sys=0.00, real=0.13 secs] 
4412.338: [GC (Allocation Failure) [PSYoungGen: 334540K->174677K(465920K)] 1404215K->1277141K(1864192K), 0.0544339 secs] [Times: user=0.25 sys=0.00, real=0.05 secs] 
4412.536: [GC (Allocation Failure) [PSYoungGen: 407637K->185238K(465920K)] 1510101K->1342413K(1864192K), 0.0436802 secs] [Times: user=0.19 sys=0.00, real=0.04 secs] 
4412.732: [GC (Allocation Failure) [PSYoungGen: 418198K->187093K(465920K)] 1575373K->1400333K(1864192K), 0.0674889 secs] [Times: user=0.33 sys=0.00, real=0.07 secs] 
4413.794: [GC (Allocation Failure) [PSYoungGen: 420053K->102524K(465920K)] 1633293K->1386252K(1864192K), 0.0459770 secs] [Times: user=0.23 sys=0.00, real=0.05 secs] 
4414.262: [GC (Allocation Failure) [PSYoungGen: 335484K->172724K(465920K)] 1619212K->1489985K(1864192K), 0.0827760 secs] [Times: user=0.41 sys=0.00, real=0.08 secs] 
4414.344: [Full GC (Ergonomics) [PSYoungGen: 172724K->0K(465920K)] [ParOldGen: 1317260K->197159K(1398272K)] 1489985K->197159K(1864192K), [Metaspace: 60358K->60358K(1105920K)], 0.2166871 secs] [Times: user=1.01 sys=0.01, real=0.22 secs] 
4414.676: [GC (Allocation Failure) [PSYoungGen: 232960K->189397K(465920K)] 430119K->386556K(1864192K), 0.0321309 secs] [Times: user=0.12 sys=0.01, real=0.03 secs] 
4414.824: [GC (Allocation Failure) [PSYoungGen: 422357K->186295K(465920K)] 619516K->446886K(1864192K), 0.0437264 secs] [Times: user=0.20 sys=0.00, real=0.05 secs] 
4415.286: [GC (Allocation Failure) [PSYoungGen: 419255K->214899K(465920K)] 679846K->534595K(1864192K), 0.0533785 secs] [Times: user=0.26 sys=0.00, real=0.05 secs] 
4416.140: [GC (Allocation Failure) [PSYoungGen: 447859K->102876K(465920K)] 767555K->488775K(1864192K), 0.0546060 secs] [Times: user=0.28 sys=0.00, real=0.06 secs] 
4416.550: [GC (Allocation Failure) [PSYoungGen: 332078K->179573K(465920K)] 717978K->597846K(1864192K), 0.0586465 secs] [Times: user=0.26 sys=0.00, real=0.06 secs] 
4416.759: [GC (Allocation Failure) [PSYoungGen: 412533K->182837K(465920K)] 830806K->657318K(1864192K), 0.0424559 secs] [Times: user=0.20 sys=0.00, real=0.04 secs] 
4416.910: [GC (Allocation Failure) [PSYoungGen: 415797K->187093K(465920K)] 890278K->717069K(1864192K), 0.0447946 secs] [Times: user=0.21 sys=0.00, real=0.05 secs] 
4418.034: [GC (Allocation Failure) [PSYoungGen: 420053K->100332K(465920K)] 950029K->700980K(1864192K), 0.0648361 secs] [Times: user=0.34 sys=0.00, real=0.07 secs] 
4420.107: [GC (Allocation Failure) [PSYoungGen: 333292K->167828K(465920K)] 933940K->800321K(1864192K), 0.0816952 secs] [Times: user=0.39 sys=0.01, real=0.08 secs] 
4420.411: [GC (Allocation Failure) [PSYoungGen: 400788K->185110K(465920K)] 1033281K->870359K(1864192K), 0.0554553 secs] [Times: user=0.26 sys=0.00, real=0.06 secs] 
4420.583: [GC (Allocation Failure) [PSYoungGen: 418070K->186167K(465920K)] 1103319K->935704K(1864192K), 0.0501425 secs] [Times: user=0.24 sys=0.01, real=0.05 secs] 
4421.386: [GC (Allocation Failure) [PSYoungGen: 416562K->211123K(465920K)] 1166099K->1019933K(1864192K), 0.0570182 secs] [Times: user=0.28 sys=0.00, real=0.05 secs] 
4422.612: [GC (Allocation Failure) [PSYoungGen: 444083K->97707K(465920K)] 1252893K->972916K(1864192K), 0.0909769 secs] [Times: user=0.48 sys=0.00, real=0.09 secs] 
4423.248: [GC (GCLocker Initiated GC) [PSYoungGen: 330667K->177781K(465920K)] 1205877K->1084116K(1864192K), 0.0506826 secs] [Times: user=0.22 sys=0.00, real=0.05 secs] 
4423.480: [GC (Allocation Failure) [PSYoungGen: 410741K->185430K(465920K)] 1317113K->1147178K(1864192K), 0.0618850 secs] [Times: user=0.30 sys=0.01, real=0.06 secs] 
4423.734: [GC (Allocation Failure) [PSYoungGen: 418390K->187349K(465920K)] 1380138K->1205361K(1864192K), 0.0516004 secs] [Times: user=0.25 sys=0.00, real=0.06 secs] 
4424.794: [GC (Allocation Failure) [PSYoungGen: 420309K->104028K(465920K)] 1438321K->1192696K(1864192K), 0.0496611 secs] [Times: user=0.21 sys=0.00, real=0.05 secs] 
4425.315: [GC (Allocation Failure) [PSYoungGen: 336988K->170260K(465920K)] 1425656K->1292317K(1864192K), 0.0785451 secs] [Times: user=0.38 sys=0.00, real=0.07 secs] 
4425.564: [GC (Allocation Failure) [PSYoungGen: 403220K->184854K(465920K)] 1525277K->1360463K(1864192K), 0.0446207 secs] [Times: user=0.20 sys=0.00, real=0.05 secs] 
4425.762: [GC (Allocation Failure) [PSYoungGen: 417814K->179990K(465920K)] 1593423K->1419903K(1864192K), 0.0715315 secs] [Times: user=0.36 sys=0.00, real=0.07 secs] 
4426.669: [GC (Allocation Failure) [PSYoungGen: 412950K->216052K(465920K)] 1652863K->1513309K(1864192K), 0.0589896 secs] [Times: user=0.30 sys=0.00, real=0.06 secs] 
4428.240: [GC (Allocation Failure) [PSYoungGen: 449012K->98699K(465920K)] 1746269K->1464101K(1864192K), 0.1088477 secs] [Times: user=0.59 sys=0.00, real=0.11 secs] 
4428.349: [Full GC (Ergonomics) [PSYoungGen: 98699K->0K(465920K)] [ParOldGen: 1365401K->116443K(1398272K)] 1464101K->116443K(1864192K), [Metaspace: 60358K->60358K(1105920K)], 0.1779885 secs] [Times: user=0.77 sys=0.00, real=0.18 secs] 
4428.918: [GC (Allocation Failure) [PSYoungGen: 232960K->178517K(465920K)] 349403K->294961K(1864192K), 0.0248066 secs] [Times: user=0.09 sys=0.00, real=0.02 secs] 
4429.056: [GC (Allocation Failure) [PSYoungGen: 411477K->185430K(465920K)] 527921K->357825K(1864192K), 0.0416689 secs] [Times: user=0.19 sys=0.00, real=0.04 secs] 
4429.207: [GC (Allocation Failure) [PSYoungGen: 418390K->187509K(465920K)] 590785K->416176K(1864192K), 0.0451696 secs] [Times: user=0.20 sys=0.00, real=0.04 secs] 
4430.213: [GC (Allocation Failure) [PSYoungGen: 420469K->103548K(465920K)] 649136K->402768K(1864192K), 0.0446015 secs] [Times: user=0.23 sys=0.00, real=0.05 secs] 
4431.152: [GC (Allocation Failure) [PSYoungGen: 336508K->165299K(465920K)] 635728K->497971K(1864192K), 0.0600947 secs] [Times: user=0.29 sys=0.00, real=0.06 secs] 
4431.346: [GC (Allocation Failure) [PSYoungGen: 398259K->184950K(465920K)] 730931K->569741K(1864192K), 0.0412659 secs] [Times: user=0.18 sys=0.00, real=0.04 secs] 
4431.503: [GC (Allocation Failure) [PSYoungGen: 417910K->186039K(465920K)] 802701K->634863K(1864192K), 0.0492715 secs] [Times: user=0.23 sys=0.00, real=0.05 secs] 
4432.411: [GC (Allocation Failure) [PSYoungGen: 417598K->211731K(465920K)] 866422K->719627K(1864192K), 0.0564222 secs] [Times: user=0.28 sys=0.00, real=0.06 secs] 
4432.796: [GC (Allocation Failure) [PSYoungGen: 444691K->104812K(465920K)] 952587K->679364K(1864192K), 0.0410526 secs] [Times: user=0.21 sys=0.00, real=0.04 secs] 
4433.096: [GC (Allocation Failure) [PSYoungGen: 337772K->178517K(465920K)] 912324K->786242K(1864192K), 0.0352078 secs] [Times: user=0.15 sys=0.01, real=0.03 secs] 
4433.244: [GC (Allocation Failure) [PSYoungGen: 411477K->184854K(465920K)] 1019202K->848338K(1864192K), 0.0440681 secs] [Times: user=0.20 sys=0.00, real=0.05 secs] 
4433.446: [GC (Allocation Failure) [PSYoungGen: 417814K->187317K(465920K)] 1081298K->906586K(1864192K), 0.0707111 secs] [Times: user=0.35 sys=0.00, real=0.07 secs] 
4434.577: [GC (Allocation Failure) [PSYoungGen: 420171K->98571K(465920K)] 1139439K->888440K(1864192K), 0.0446796 secs] [Times: user=0.24 sys=0.00, real=0.04 secs] 
4435.773: [GC (Allocation Failure) [PSYoungGen: 331531K->173685K(465920K)] 1121400K->994886K(1864192K), 0.0863811 secs] [Times: user=0.42 sys=0.00, real=0.09 secs] 
4436.076: [GC (Allocation Failure) [PSYoungGen: 406645K->182357K(465920K)] 1227846K->1058235K(1864192K), 0.0432767 secs] [Times: user=0.20 sys=0.00, real=0.04 secs] 
4436.236: [GC (Allocation Failure) [PSYoungGen: 415317K->185751K(465920K)] 1291195K->1125477K(1864192K), 0.0501091 secs] [Times: user=0.23 sys=0.00, real=0.05 secs] 
4437.116: [GC (Allocation Failure) [PSYoungGen: 415898K->208083K(465920K)] 1355623K->1206617K(1864192K), 0.0558485 secs] [Times: user=0.28 sys=0.00, real=0.05 secs] 
4438.271: [GC (Allocation Failure) [PSYoungGen: 441043K->102012K(465920K)] 1439577K->1165682K(1864192K), 0.1006857 secs] [Times: user=0.54 sys=0.00, real=0.10 secs] 
4439.168: [GC (Allocation Failure) [PSYoungGen: 334972K->179797K(465920K)] 1398642K->1276012K(1864192K), 0.0508956 secs] [Times: user=0.23 sys=0.00, real=0.05 secs] 
4439.348: [GC (Allocation Failure) [PSYoungGen: 412757K->185366K(465920K)] 1508972K->1337512K(1864192K), 0.0447325 secs] [Times: user=0.20 sys=0.00, real=0.04 secs] 
4439.521: [GC (Allocation Failure) [PSYoungGen: 418326K->184725K(465920K)] 1570472K->1392959K(1864192K), 0.0503185 secs] [Times: user=0.24 sys=0.00, real=0.05 secs] 
4440.589: [GC (Allocation Failure) [PSYoungGen: 417685K->100668K(465920K)] 1625919K->1378567K(1864192K), 0.0506013 secs] [Times: user=0.26 sys=0.00, real=0.05 secs] 
4441.318: [GC (Allocation Failure) [PSYoungGen: 333628K->169140K(465920K)] 1611527K->1479535K(1864192K), 0.1061653 secs] [Times: user=0.54 sys=0.00, real=0.10 secs] 
4441.643: [GC (Allocation Failure) [PSYoungGen: 402100K->182005K(465920K)] 1712495K->1545416K(1864192K), 0.0435024 secs] [Times: user=0.20 sys=0.00, real=0.05 secs] 
4441.686: [Full GC (Ergonomics) [PSYoungGen: 182005K->0K(465920K)] [ParOldGen: 1363411K->258543K(1398272K)] 1545416K->258543K(1864192K), [Metaspace: 60358K->60358K(1105920K)], 0.3312879 secs] [Times: user=1.54 sys=0.00, real=0.33 secs] 
4442.131: [GC (Allocation Failure) [PSYoungGen: 232960K->185975K(465920K)] 491503K->444518K(1864192K), 0.0792082 secs] [Times: user=0.41 sys=0.00, real=0.08 secs] 
4443.001: [GC (Allocation Failure) [PSYoungGen: 417808K->212691K(465920K)] 676351K->530403K(1864192K), 0.0557249 secs] [Times: user=0.28 sys=0.00, real=0.06 secs] 
4444.714: [GC (Allocation Failure) [PSYoungGen: 445651K->95147K(465920K)] 763363K->479690K(1864192K), 0.1062698 secs] [Times: user=0.57 sys=0.00, real=0.11 secs] 
4445.496: [GC (Allocation Failure) [PSYoungGen: 328107K->181014K(465920K)] 712650K->596062K(1864192K), 0.0501188 secs] [Times: user=0.22 sys=0.00, real=0.05 secs] 
4445.684: [GC (Allocation Failure) [PSYoungGen: 413974K->185430K(465920K)] 829022K->656918K(1864192K), 0.0436260 secs] [Times: user=0.20 sys=0.00, real=0.05 secs] 
4445.837: [GC (Allocation Failure) [PSYoungGen: 418390K->187381K(465920K)] 889878K->715077K(1864192K), 0.0455090 secs] [Times: user=0.21 sys=0.00, real=0.04 secs] 
4446.878: [GC (Allocation Failure) [PSYoungGen: 420341K->102972K(465920K)] 948037K->701353K(1864192K), 0.0486479 secs] [Times: user=0.26 sys=0.00, real=0.05 secs] 
4448.207: [GC (Allocation Failure) [PSYoungGen: 335932K->160851K(465920K)] 934313K->792084K(1864192K), 0.0898682 secs] [Times: user=0.45 sys=0.00, real=0.09 secs] 
4448.514: [GC (Allocation Failure) [PSYoungGen: 393811K->184214K(465920K)] 1025044K->866143K(1864192K), 0.0422365 secs] [Times: user=0.19 sys=0.01, real=0.05 secs] 
4448.691: [GC (Allocation Failure) [PSYoungGen: 417174K->185975K(465920K)] 1099103K->931712K(1864192K), 0.0546227 secs] [Times: user=0.26 sys=0.00, real=0.06 secs] 
4448.938: [GC (Allocation Failure) [PSYoungGen: 418935K->215828K(465920K)] 1164672K->1020710K(1864192K), 0.0649028 secs] [Times: user=0.33 sys=0.00, real=0.06 secs] 
4450.085: [GC (Allocation Failure) [PSYoungGen: 448788K->95787K(465920K)] 1253670K->969656K(1864192K), 0.0687337 secs] [Times: user=0.36 sys=0.01, real=0.06 secs] 
4451.096: [GC (Allocation Failure) [PSYoungGen: 328747K->176853K(465920K)] 1202616K->1081099K(1864192K), 0.0547255 secs] [Times: user=0.25 sys=0.00, real=0.05 secs] 
4451.295: [GC (Allocation Failure) [PSYoungGen: 409813K->185206K(465920K)] 1314059K->1145319K(1864192K), 0.0434888 secs] [Times: user=0.19 sys=0.00, real=0.04 secs] 
4451.448: [GC (Allocation Failure) [PSYoungGen: 418166K->187189K(465920K)] 1378279K->1203339K(1864192K), 0.0460350 secs] [Times: user=0.21 sys=0.00, real=0.04 secs] 
4452.509: [GC (Allocation Failure) [PSYoungGen: 420149K->105756K(465920K)] 1436299K->1192554K(1864192K), 0.0477172 secs] [Times: user=0.23 sys=0.00, real=0.05 secs] 
4454.064: [GC (Allocation Failure) [PSYoungGen: 338716K->168980K(465920K)] 1425514K->1289591K(1864192K), 0.1060603 secs] [Times: user=0.54 sys=0.00, real=0.11 secs] 
4454.386: [GC (Allocation Failure) [PSYoungGen: 401940K->179669K(465920K)] 1522551K->1353204K(1864192K), 0.0457738 secs] [Times: user=0.21 sys=0.01, real=0.04 secs] 
4454.588: [GC (Allocation Failure) [PSYoungGen: 412629K->185783K(465920K)] 1586164K->1422533K(1864192K), 0.0731081 secs] [Times: user=0.36 sys=0.00, real=0.07 secs] 
4455.139: [GC (Allocation Failure) [PSYoungGen: 417455K->216692K(465920K)] 1654206K->1512299K(1864192K), 0.0548235 secs] [Times: user=0.27 sys=0.00, real=0.05 secs] 
4456.178: [GC (Allocation Failure) [PSYoungGen: 449652K->97435K(465920K)] 1745259K->1461946K(1864192K), 0.0724439 secs] [Times: user=0.39 sys=0.00, real=0.07 secs] 
4456.251: [Full GC (Ergonomics) [PSYoungGen: 97435K->0K(465920K)] [ParOldGen: 1364510K->114982K(1398272K)] 1461946K->114982K(1864192K), [Metaspace: 60423K->60423K(1105920K)], 0.1551080 secs] [Times: user=0.66 sys=0.00, real=0.16 secs] 
4456.994: [GC (Allocation Failure) [PSYoungGen: 232960K->176021K(465920K)] 347942K->291003K(1864192K), 0.0331798 secs] [Times: user=0.12 sys=0.01, real=0.04 secs] 
4457.163: [GC (Allocation Failure) [PSYoungGen: 408981K->182773K(465920K)] 523963K->352731K(1864192K), 0.0412360 secs] [Times: user=0.18 sys=0.00, real=0.04 secs] 
4457.311: [GC (Allocation Failure) [PSYoungGen: 415733K->185077K(465920K)] 585691K->410507K(1864192K), 0.0450538 secs] [Times: user=0.21 sys=0.00, real=0.05 secs] 
4458.349: [GC (Allocation Failure) [PSYoungGen: 418037K->106941K(465920K)] 643467K->402435K(1864192K), 0.0453341 secs] [Times: user=0.24 sys=0.00, real=0.04 secs] 
4459.040: [GC (Allocation Failure) [PSYoungGen: 339901K->169716K(465920K)] 635395K->499263K(1864192K), 0.1020264 secs] [Times: user=0.51 sys=0.00, real=0.10 secs] 
4459.333: [GC (Allocation Failure) [PSYoungGen: 402676K->184886K(465920K)] 732223K->568249K(1864192K), 0.0426561 secs] [Times: user=0.19 sys=0.00, real=0.05 secs] 
4459.511: [GC (Allocation Failure) [PSYoungGen: 417846K->180182K(465920K)] 801209K->627737K(1864192K), 0.0566552 secs] [Times: user=0.28 sys=0.00, real=0.06 secs] 
4460.037: [GC (Allocation Failure) [PSYoungGen: 413053K->218164K(465920K)] 860608K->723392K(1864192K), 0.0543609 secs] [Times: user=0.27 sys=0.00, real=0.05 secs] 
4462.149: [GC (Allocation Failure) [PSYoungGen: 451124K->94859K(465920K)] 956352K->669486K(1864192K), 0.1181048 secs] [Times: user=0.66 sys=0.00, real=0.12 secs] 
4462.980: [GC (Allocation Failure) [PSYoungGen: 327819K->178101K(465920K)] 902446K->783465K(1864192K), 0.0501464 secs] [Times: user=0.22 sys=0.00, real=0.05 secs] 
4463.243: [GC (Allocation Failure) [PSYoungGen: 411061K->185302K(465920K)] 1016425K->846154K(1864192K), 0.0605165 secs] [Times: user=0.30 sys=0.00, real=0.06 secs] 
4463.488: [GC (Allocation Failure) [PSYoungGen: 418262K->187381K(465920K)] 1079114K->904633K(1864192K), 0.0630210 secs] [Times: user=0.31 sys=0.00, real=0.06 secs] 
4464.499: [GC (Allocation Failure) [PSYoungGen: 420341K->102732K(465920K)] 1137593K->890532K(1864192K), 0.0444827 secs] [Times: user=0.23 sys=0.00, real=0.04 secs] 
4465.487: [GC (Allocation Failure) [PSYoungGen: 335692K->166292K(465920K)] 1123492K->986937K(1864192K), 0.1088439 secs] [Times: user=0.56 sys=0.00, real=0.11 secs] 
4465.810: [GC (Allocation Failure) [PSYoungGen: 399252K->182965K(465920K)] 1219897K->1055955K(1864192K), 0.0439015 secs] [Times: user=0.19 sys=0.00, real=0.04 secs] 
4465.970: [GC (Allocation Failure) [PSYoungGen: 415925K->185943K(465920K)] 1288915K->1122836K(1864192K), 0.0518174 secs] [Times: user=0.24 sys=0.00, real=0.05 secs] 
4466.176: [GC (Allocation Failure) [PSYoungGen: 418903K->199636K(465920K)] 1355796K->1195458K(1864192K), 0.0547414 secs] [Times: user=0.27 sys=0.00, real=0.05 secs] 
4467.370: [GC (Allocation Failure) [PSYoungGen: 432596K->92282K(465920K)] 1428418K->1157280K(1864192K), 0.0806673 secs] [Times: user=0.43 sys=0.00, real=0.08 secs] 
4467.898: [GC (Allocation Failure) [PSYoungGen: 325242K->183126K(465920K)] 1390240K->1277048K(1864192K), 0.0489252 secs] [Times: user=0.21 sys=0.00, real=0.05 secs] 
4468.125: [GC (Allocation Failure) [PSYoungGen: 416086K->182581K(465920K)] 1510008K->1333819K(1864192K), 0.0653659 secs] [Times: user=0.31 sys=0.00, real=0.06 secs] 
4468.318: [GC (Allocation Failure) [PSYoungGen: 415541K->187349K(465920K)] 1566779K->1394355K(1864192K), 0.0468961 secs] [Times: user=0.22 sys=0.00, real=0.05 secs] 
4469.406: [GC (Allocation Failure) [PSYoungGen: 420309K->103436K(465920K)] 1627315K->1381018K(1864192K), 0.0522891 secs] [Times: user=0.28 sys=0.00, real=0.05 secs] 
4471.555: [GC (Allocation Failure) [PSYoungGen: 336396K->164179K(465920K)] 1613978K->1474506K(1864192K), 0.0756162 secs] [Times: user=0.37 sys=0.00, real=0.08 secs] 
4471.630: [Full GC (Ergonomics) [PSYoungGen: 164179K->0K(465920K)] [ParOldGen: 1310327K->186713K(1398272K)] 1474506K->186713K(1864192K), [Metaspace: 60423K->60423K(1105920K)], 0.2361887 secs] [Times: user=1.14 sys=0.00, real=0.24 secs] 
4471.980: [GC (Allocation Failure) [PSYoungGen: 232960K->190805K(465920K)] 419673K->377519K(1864192K), 0.0339846 secs] [Times: user=0.14 sys=0.00, real=0.03 secs] 
4472.164: [GC (Allocation Failure) [PSYoungGen: 423765K->185495K(465920K)] 610479K->436208K(1864192K), 0.0579976 secs] [Times: user=0.27 sys=0.00, real=0.06 secs] 
4472.348: [GC (Allocation Failure) [PSYoungGen: 418455K->202325K(465920K)] 669168K->511998K(1864192K), 0.0543717 secs] [Times: user=0.26 sys=0.00, real=0.05 secs] 
4473.429: [GC (Allocation Failure) [PSYoungGen: 435285K->94123K(465920K)] 744958K->473948K(1864192K), 0.0558363 secs] [Times: user=0.29 sys=0.00, real=0.06 secs] 
4474.174: [GC (Allocation Failure) [PSYoungGen: 327083K->175797K(465920K)] 706908K->585347K(1864192K), 0.0531004 secs] [Times: user=0.23 sys=0.00, real=0.06 secs] 
4474.369: [GC (Allocation Failure) [PSYoungGen: 408757K->182453K(465920K)] 818307K->646868K(1864192K), 0.0427446 secs] [Times: user=0.20 sys=0.00, real=0.04 secs] 
4474.522: [GC (Allocation Failure) [PSYoungGen: 415413K->187029K(465920K)] 879828K->707043K(1864192K), 0.0452945 secs] [Times: user=0.21 sys=0.01, real=0.05 secs] 
4475.574: [GC (Allocation Failure) [PSYoungGen: 419989K->106925K(465920K)] 940003K->697363K(1864192K), 0.0461452 secs] [Times: user=0.24 sys=0.00, real=0.05 secs] 
4476.768: [GC (Allocation Failure) [PSYoungGen: 339885K->166772K(465920K)] 930323K->791375K(1864192K), 0.1322085 secs] [Times: user=0.70 sys=0.00, real=0.13 secs] 
4477.092: [GC (Allocation Failure) [PSYoungGen: 399732K->185270K(465920K)] 1024335K->862561K(1864192K), 0.0430630 secs] [Times: user=0.19 sys=0.00, real=0.05 secs] 
4477.246: [GC (Allocation Failure) [PSYoungGen: 418222K->180470K(465920K)] 1095513K->922073K(1864192K), 0.0499682 secs] [Times: user=0.23 sys=0.00, real=0.05 secs] 
4477.406: [GC (Allocation Failure) [PSYoungGen: 413430K->187253K(465920K)] 1155033K->986632K(1864192K), 0.0555353 secs] [Times: user=0.27 sys=0.00, real=0.05 secs] 
4479.708: [GC (Allocation Failure) [PSYoungGen: 420213K->91658K(465920K)] 1219592K->961594K(1864192K), 0.1021042 secs] [Times: user=0.55 sys=0.01, real=0.10 secs] 
4480.355: [GC (Allocation Failure) [PSYoungGen: 324618K->178197K(465920K)] 1194554K->1077890K(1864192K), 0.0489299 secs] [Times: user=0.21 sys=0.00, real=0.04 secs] 
4480.597: [GC (Allocation Failure) [PSYoungGen: 411157K->185110K(465920K)] 1310850K->1140698K(1864192K), 0.0624973 secs] [Times: user=0.30 sys=0.00, real=0.06 secs] 
4480.818: [GC (Allocation Failure) [PSYoungGen: 418070K->187189K(465920K)] 1373658K->1198761K(1864192K), 0.0682965 secs] [Times: user=0.34 sys=0.00, real=0.07 secs] 
4481.852: [GC (Allocation Failure) [PSYoungGen: 420149K->105708K(465920K)] 1431721K->1187993K(1864192K), 0.0460881 secs] [Times: user=0.24 sys=0.00, real=0.05 secs] 
4482.276: [GC (Allocation Failure) [PSYoungGen: 338668K->169364K(465920K)] 1420953K->1285633K(1864192K), 0.0717014 secs] [Times: user=0.34 sys=0.01, real=0.07 secs] 
4482.555: [GC (Allocation Failure) [PSYoungGen: 402324K->179413K(465920K)] 1518593K->1348662K(1864192K), 0.0533099 secs] [Times: user=0.26 sys=0.00, real=0.05 secs] 
4482.736: [GC (Allocation Failure) [PSYoungGen: 412373K->185175K(465920K)] 1581622K->1417300K(1864192K), 0.0503218 secs] [Times: user=0.23 sys=0.00, real=0.05 secs] 
4483.031: [GC (Allocation Failure) [PSYoungGen: 417801K->218645K(465920K)] 1649927K->1509650K(1864192K), 0.0560606 secs] [Times: user=0.27 sys=0.00, real=0.06 secs] 
4484.080: [GC (Allocation Failure) [PSYoungGen: 451605K->99147K(465920K)] 1742610K->1459881K(1864192K), 0.0623754 secs] [Times: user=0.32 sys=0.00, real=0.06 secs] 
4484.143: [Full GC (Ergonomics) [PSYoungGen: 99147K->0K(465920K)] [ParOldGen: 1360733K->116951K(1398272K)] 1459881K->116951K(1864192K), [Metaspace: 60423K->60423K(1105920K)], 0.1303717 secs] [Times: user=0.59 sys=0.00, real=0.13 secs] 
4484.626: [GC (Allocation Failure) [PSYoungGen: 232960K->183030K(465920K)] 349911K->299981K(1864192K), 0.0310985 secs] [Times: user=0.11 sys=0.00, real=0.03 secs] 
4484.773: [GC (Allocation Failure) [PSYoungGen: 415990K->182165K(465920K)] 532941K->356417K(1864192K), 0.0417358 secs] [Times: user=0.19 sys=0.00, real=0.05 secs] 
4484.944: [GC (Allocation Failure) [PSYoungGen: 415125K->186805K(465920K)] 589377K->416600K(1864192K), 0.0600031 secs] [Times: user=0.29 sys=0.00, real=0.06 secs] 
4485.965: [GC (Allocation Failure) [PSYoungGen: 419765K->99820K(465920K)] 649560K->399867K(1864192K), 0.0436000 secs] [Times: user=0.22 sys=0.00, real=0.04 secs] 
4487.593: [GC (Allocation Failure) [PSYoungGen: 332780K->171476K(465920K)] 632827K->503313K(1864192K), 0.0873504 secs] [Times: user=0.42 sys=0.00, real=0.09 secs] 
4487.898: [GC (Allocation Failure) [PSYoungGen: 404436K->182325K(465920K)] 736273K->568054K(1864192K), 0.0465458 secs] [Times: user=0.21 sys=0.00, real=0.04 secs] 
4488.109: [GC (Allocation Failure) [PSYoungGen: 415285K->186103K(465920K)] 801014K->635479K(1864192K), 0.0764426 secs] [Times: user=0.38 sys=0.00, real=0.08 secs] 
4488.590: [GC (Allocation Failure) [PSYoungGen: 417845K->210547K(465920K)] 867222K->719096K(1864192K), 0.0538430 secs] [Times: user=0.27 sys=0.00, real=0.05 secs] 
4489.800: [GC (Allocation Failure) [PSYoungGen: 443507K->98875K(465920K)] 952056K->674112K(1864192K), 0.0973222 secs] [Times: user=0.52 sys=0.00, real=0.10 secs] 
4490.121: [GC (Allocation Failure) [PSYoungGen: 331835K->183478K(465920K)] 907072K->790411K(1864192K), 0.0350381 secs] [Times: user=0.14 sys=0.00, real=0.04 secs] 
4490.265: [GC (Allocation Failure) [PSYoungGen: 416438K->182101K(465920K)] 1023371K->846103K(1864192K), 0.0433006 secs] [Times: user=0.19 sys=0.00, real=0.04 secs] 
4490.468: [GC (Allocation Failure) [PSYoungGen: 415061K->186805K(465920K)] 1079063K->906014K(1864192K), 0.0647721 secs] [Times: user=0.32 sys=0.00, real=0.06 secs] 
4491.487: [GC (Allocation Failure) [PSYoungGen: 419765K->101836K(465920K)] 1138974K->891445K(1864192K), 0.0444345 secs] [Times: user=0.23 sys=0.00, real=0.04 secs] 
4492.977: [GC (Allocation Failure) [PSYoungGen: 334796K->165332K(465920K)] 1124405K->987506K(1864192K), 0.0944318 secs] [Times: user=0.47 sys=0.00, real=0.09 secs] 
4493.254: [GC (Allocation Failure) [PSYoungGen: 398292K->185270K(465920K)] 1220466K->1059280K(1864192K), 0.0425324 secs] [Times: user=0.19 sys=0.00, real=0.05 secs] 
4493.408: [GC (Allocation Failure) [PSYoungGen: 418230K->186359K(465920K)] 1292240K->1124721K(1864192K), 0.0503546 secs] [Times: user=0.23 sys=0.00, real=0.05 secs] 
4494.182: [GC (Allocation Failure) [PSYoungGen: 419319K->215763K(465920K)] 1357681K->1213366K(1864192K), 0.0570047 secs] [Times: user=0.29 sys=0.00, real=0.06 secs] 
4495.392: [GC (Allocation Failure) [PSYoungGen: 448723K->100187K(465920K)] 1446326K->1164386K(1864192K), 0.1040668 secs] [Times: user=0.56 sys=0.01, real=0.11 secs] 
4496.555: [GC (Allocation Failure) [PSYoungGen: 333147K->179701K(465920K)] 1397346K->1275353K(1864192K), 0.0521273 secs] [Times: user=0.23 sys=0.00, real=0.05 secs] 
4496.742: [GC (Allocation Failure) [PSYoungGen: 412661K->190837K(465920K)] 1508313K->1342505K(1864192K), 0.0441303 secs] [Times: user=0.20 sys=0.00, real=0.05 secs] 
4496.942: [GC (GCLocker Initiated GC) [PSYoungGen: 423797K->185781K(465920K)] 1575465K->1393000K(1864192K), 0.0708115 secs] [Times: user=0.35 sys=0.01, real=0.07 secs] 
4498.079: [GC (Allocation Failure) [PSYoungGen: 418741K->99804K(465920K)] 1626091K->1377234K(1864192K), 0.0491393 secs] [Times: user=0.26 sys=0.00, real=0.05 secs] 
4498.738: [GC (Allocation Failure) [PSYoungGen: 332764K->172468K(465920K)] 1610194K->1482339K(1864192K), 0.0676316 secs] [Times: user=0.33 sys=0.00, real=0.07 secs] 
4498.941: [GC (Allocation Failure) [PSYoungGen: 405428K->185078K(465920K)] 1715299K->1548668K(1864192K), 0.0436296 secs] [Times: user=0.20 sys=0.00, real=0.05 secs] 
4498.985: [Full GC (Ergonomics) [PSYoungGen: 185078K->0K(465920K)] [ParOldGen: 1363590K->261325K(1398272K)] 1548668K->261325K(1864192K), [Metaspace: 60430K->60430K(1105920K)], 0.3262879 secs] [Times: user=1.49 sys=0.00, real=0.32 secs] 
4499.422: [GC (Allocation Failure) [PSYoungGen: 232960K->181942K(465920K)] 494285K->443267K(1864192K), 0.0816996 secs] [Times: user=0.42 sys=0.00, real=0.08 secs] 
4499.882: [GC (Allocation Failure) [PSYoungGen: 414399K->213620K(465920K)] 675724K->532745K(1864192K), 0.0534556 secs] [Times: user=0.26 sys=0.00, real=0.06 secs] 
4500.882: [GC (Allocation Failure) [PSYoungGen: 446580K->97675K(465920K)] 765705K->484584K(1864192K), 0.0969328 secs] [Times: user=0.52 sys=0.00, real=0.10 secs] 
4501.973: [GC (Allocation Failure) [PSYoungGen: 330635K->178805K(465920K)] 717544K->596207K(1864192K), 0.0539379 secs] [Times: user=0.24 sys=0.00, real=0.06 secs] 
4502.170: [GC (Allocation Failure) [PSYoungGen: 411765K->182549K(465920K)] 829167K->655747K(1864192K), 0.0438655 secs] [Times: user=0.20 sys=0.00, real=0.04 secs] 
4502.324: [GC (Allocation Failure) [PSYoungGen: 415509K->187509K(465920K)] 888707K->716315K(1864192K), 0.0462889 secs] [Times: user=0.21 sys=0.00, real=0.05 secs] 
4503.417: [GC (Allocation Failure) [PSYoungGen: 420469K->98988K(465920K)] 949275K->698426K(1864192K), 0.0443830 secs] [Times: user=0.23 sys=0.01, real=0.04 secs] 
4505.358: [GC (Allocation Failure) [PSYoungGen: 331948K->164371K(465920K)] 931386K->795318K(1864192K), 0.0894884 secs] [Times: user=0.44 sys=0.01, real=0.09 secs] 
4505.695: [GC (Allocation Failure) [PSYoungGen: 397331K->184694K(465920K)] 1028278K->867201K(1864192K), 0.0482930 secs] [Times: user=0.22 sys=0.00, real=0.04 secs] 
4505.859: [GC (Allocation Failure) [PSYoungGen: 417654K->185399K(465920K)] 1100161K->932242K(1864192K), 0.0503862 secs] [Times: user=0.23 sys=0.00, real=0.05 secs] 
4506.070: [GC (Allocation Failure) [PSYoungGen: 418359K->219381K(465920K)] 1165202K->1024824K(1864192K), 0.0558938 secs] [Times: user=0.27 sys=0.00, real=0.06 secs] 
4507.094: [GC (Allocation Failure) [PSYoungGen: 452341K->91594K(465920K)] 1257784K->967374K(1864192K), 0.0413803 secs] [Times: user=0.22 sys=0.01, real=0.05 secs] 
4507.810: [GC (Allocation Failure) [PSYoungGen: 324554K->178741K(465920K)] 1200334K->1083365K(1864192K), 0.0441071 secs] [Times: user=0.19 sys=0.00, real=0.04 secs] 
4507.973: [GC (Allocation Failure) [PSYoungGen: 411701K->185302K(465920K)] 1316325K->1145666K(1864192K), 0.0446051 secs] [Times: user=0.21 sys=0.00, real=0.05 secs] 
4508.149: [GC (Allocation Failure) [PSYoungGen: 418262K->187509K(465920K)] 1378626K->1204145K(1864192K), 0.0537202 secs] [Times: user=0.26 sys=0.00, real=0.05 secs] 
4509.160: [GC (Allocation Failure) [PSYoungGen: 420469K->103196K(465920K)] 1437105K->1190392K(1864192K), 0.0457275 secs] [Times: user=0.24 sys=0.00, real=0.05 secs] 
4510.904: [GC (Allocation Failure) [PSYoungGen: 336156K->164947K(465920K)] 1423352K->1285276K(1864192K), 0.1151997 secs] [Times: user=0.59 sys=0.00, real=0.12 secs] 
4511.235: [GC (Allocation Failure) [PSYoungGen: 397907K->185270K(465920K)] 1518236K->1357659K(1864192K), 0.0445241 secs] [Times: user=0.20 sys=0.00, real=0.05 secs] 
4511.392: [GC (Allocation Failure) [PSYoungGen: 418230K->185975K(465920K)] 1590619K->1422692K(1864192K), 0.0518319 secs] [Times: user=0.24 sys=0.00, real=0.05 secs] 
4511.604: [GC (Allocation Failure) [PSYoungGen: 418294K->216020K(465920K)] 1655011K->1511929K(1864192K), 0.0568183 secs] [Times: user=0.27 sys=0.00, real=0.06 secs] 
4514.007: [GC (Allocation Failure) [PSYoungGen: 448980K->86634K(465920K)] 1744889K->1451511K(1864192K), 0.1238939 secs] [Times: user=0.65 sys=0.00, real=0.12 secs] 
4514.131: [Full GC (Ergonomics) [PSYoungGen: 86634K->0K(465920K)] [ParOldGen: 1364877K->104722K(1398272K)] 1451511K->104722K(1864192K), [Metaspace: 60430K->60430K(1105920K)], 0.1528523 secs] [Times: user=0.55 sys=0.00, real=0.15 secs] 
4515.177: [GC (Allocation Failure) [PSYoungGen: 232960K->176757K(465920K)] 337682K->281479K(1864192K), 0.0372808 secs] [Times: user=0.14 sys=0.00, real=0.03 secs] 
4515.378: [GC (Allocation Failure) [PSYoungGen: 409717K->185078K(465920K)] 514439K->344352K(1864192K), 0.0408715 secs] [Times: user=0.18 sys=0.00, real=0.04 secs] 
4515.548: [GC (Allocation Failure) [PSYoungGen: 418038K->187541K(465920K)] 577312K->402799K(1864192K), 0.0496483 secs] [Times: user=0.24 sys=0.00, real=0.05 secs] 
4516.569: [GC (Allocation Failure) [PSYoungGen: 420501K->103868K(465920K)] 635759K->389934K(1864192K), 0.0445453 secs] [Times: user=0.22 sys=0.00, real=0.04 secs] 
4517.499: [GC (Allocation Failure) [PSYoungGen: 336828K->164499K(465920K)] 622894K->484166K(1864192K), 0.1184370 secs] [Times: user=0.62 sys=0.00, real=0.12 secs] 
4517.960: [GC (Allocation Failure) [PSYoungGen: 397459K->184662K(465920K)] 717126K->555797K(1864192K), 0.0462097 secs] [Times: user=0.21 sys=0.00, real=0.05 secs] 
4518.145: [GC (Allocation Failure) [PSYoungGen: 417622K->186135K(465920K)] 788757K->621390K(1864192K), 0.0546662 secs] [Times: user=0.26 sys=0.00, real=0.05 secs] 
4518.324: [GC (Allocation Failure) [PSYoungGen: 419095K->187445K(465920K)] 854350K->681916K(1864192K), 0.0557145 secs] [Times: user=0.27 sys=0.00, real=0.06 secs] 
4519.938: [GC (GCLocker Initiated GC) [PSYoungGen: 420405K->90122K(465920K)] 914876K->655145K(1864192K), 0.0979895 secs] [Times: user=0.53 sys=0.00, real=0.10 secs] 
4520.867: [GC (Allocation Failure) [PSYoungGen: 323082K->179157K(465920K)] 888400K->772632K(1864192K), 0.0488412 secs] [Times: user=0.22 sys=0.00, real=0.05 secs] 
4521.050: [GC (Allocation Failure) [PSYoungGen: 412117K->185302K(465920K)] 1005592K->835113K(1864192K), 0.0443985 secs] [Times: user=0.21 sys=0.00, real=0.04 secs] 
4521.222: [GC (Allocation Failure) [PSYoungGen: 418262K->184501K(465920K)] 1068073K->890399K(1864192K), 0.0506783 secs] [Times: user=0.25 sys=0.00, real=0.05 secs] 
4522.230: [GC (Allocation Failure) [PSYoungGen: 417440K->105740K(465920K)] 1123339K->881419K(1864192K), 0.0457417 secs] [Times: user=0.24 sys=0.00, real=0.05 secs] 
4523.334: [GC (GCLocker Initiated GC) [PSYoungGen: 338700K->164691K(465920K)] 1114379K->974719K(1864192K), 0.0943264 secs] [Times: user=0.47 sys=0.00, real=0.10 secs] 
4523.651: [GC (Allocation Failure) [PSYoungGen: 397651K->181909K(465920K)] 1207718K->1043551K(1864192K), 0.0493443 secs] [Times: user=0.23 sys=0.00, real=0.05 secs] 
4523.815: [GC (Allocation Failure) [PSYoungGen: 414869K->185815K(465920K)] 1276511K->1110929K(1864192K), 0.0510543 secs] [Times: user=0.24 sys=0.00, real=0.05 secs] 
4523.976: [GC (Allocation Failure) [PSYoungGen: 418775K->187157K(465920K)] 1343889K->1171055K(1864192K), 0.0563378 secs] [Times: user=0.27 sys=0.00, real=0.05 secs] 
4525.116: [GC (Allocation Failure) [PSYoungGen: 420117K->94203K(465920K)] 1404015K->1148709K(1864192K), 0.0520509 secs] [Times: user=0.28 sys=0.00, real=0.05 secs] 
4526.029: [GC (Allocation Failure) [PSYoungGen: 327163K->173556K(465920K)] 1381669K->1257964K(1864192K), 0.0555987 secs] [Times: user=0.25 sys=0.00, real=0.05 secs] 
4526.232: [GC (Allocation Failure) [PSYoungGen: 406516K->185622K(465920K)] 1490924K->1324797K(1864192K), 0.0443907 secs] [Times: user=0.20 sys=0.00, real=0.05 secs] 
4526.386: [GC (Allocation Failure) [PSYoungGen: 418582K->187189K(465920K)] 1557757K->1382832K(1864192K), 0.0473286 secs] [Times: user=0.22 sys=0.00, real=0.04 secs] 
4527.420: [GC (Allocation Failure) [PSYoungGen: 420149K->107565K(465920K)] 1615792K->1373552K(1864192K), 0.0468402 secs] [Times: user=0.24 sys=0.00, real=0.05 secs] 
4528.957: [GC (Allocation Failure) [PSYoungGen: 340525K->165876K(465920K)] 1606512K->1466368K(1864192K), 0.1057184 secs] [Times: user=0.54 sys=0.00, real=0.10 secs] 
4529.257: [GC (Allocation Failure) [PSYoungGen: 398836K->179509K(465920K)] 1699328K->1531961K(1864192K), 0.0434774 secs] [Times: user=0.20 sys=0.00, real=0.04 secs] 
4529.301: [Full GC (Ergonomics) [PSYoungGen: 179509K->0K(465920K)] [ParOldGen: 1352452K->252401K(1398272K)] 1531961K->252401K(1864192K), [Metaspace: 60430K->60430K(1105920K)], 0.3181403 secs] [Times: user=1.47 sys=0.00, real=0.32 secs] 
4529.734: [GC (Allocation Failure) [PSYoungGen: 232960K->185879K(465920K)] 485361K->438280K(1864192K), 0.0782607 secs] [Times: user=0.40 sys=0.00, real=0.08 secs] 
4529.922: [GC (Allocation Failure) [PSYoungGen: 418839K->187221K(465920K)] 671240K->498502K(1864192K), 0.0556423 secs] [Times: user=0.27 sys=0.00, real=0.06 secs] 
4531.625: [GC (Allocation Failure) [PSYoungGen: 420181K->88634K(465920K)] 731462K->470467K(1864192K), 0.1131692 secs] [Times: user=0.62 sys=0.00, real=0.11 secs] 
4532.208: [GC (Allocation Failure) [PSYoungGen: 321594K->180309K(465920K)] 703427K->590428K(1864192K), 0.0440015 secs] [Times: user=0.19 sys=0.00, real=0.04 secs] 
4532.372: [GC (Allocation Failure) [PSYoungGen: 413269K->184950K(465920K)] 823388K->651064K(1864192K), 0.0436606 secs] [Times: user=0.20 sys=0.00, real=0.05 secs] 
4532.525: [GC (Allocation Failure) [PSYoungGen: 417910K->187477K(465920K)] 884024K->709807K(1864192K), 0.0457446 secs] [Times: user=0.21 sys=0.00, real=0.04 secs] 
4533.593: [GC (Allocation Failure) [PSYoungGen: 420437K->104444K(465920K)] 942767K->697279K(1864192K), 0.0454294 secs] [Times: user=0.24 sys=0.00, real=0.05 secs] 
4534.285: [GC (Allocation Failure) [PSYoungGen: 337404K->166740K(465920K)] 930239K->793115K(1864192K), 0.0953591 secs] [Times: user=0.49 sys=0.00, real=0.09 secs] 
4534.548: [GC (Allocation Failure) [PSYoungGen: 399630K->181941K(465920K)] 1026005K->860480K(1864192K), 0.0442766 secs] [Times: user=0.18 sys=0.00, real=0.04 secs] 
4534.734: [GC (Allocation Failure) [PSYoungGen: 414901K->185751K(465920K)] 1093440K->927738K(1864192K), 0.0689444 secs] [Times: user=0.34 sys=0.00, real=0.07 secs] 
4534.934: [GC (Allocation Failure) [PSYoungGen: 418711K->187285K(465920K)] 1160698K->988072K(1864192K), 0.0768171 secs] [Times: user=0.39 sys=0.00, real=0.08 secs] 
4536.565: [GC (Allocation Failure) [PSYoungGen: 420245K->93018K(465920K)] 1221032K->964438K(1864192K), 0.0874358 secs] [Times: user=0.47 sys=0.00, real=0.09 secs] 
4537.765: [GC (Allocation Failure) [PSYoungGen: 325978K->176309K(465920K)] 1197398K->1077441K(1864192K), 0.0518358 secs] [Times: user=0.23 sys=0.00, real=0.05 secs] 
4537.959: [GC (Allocation Failure) [PSYoungGen: 409269K->185366K(465920K)] 1310401K->1141666K(1864192K), 0.0442343 secs] [Times: user=0.20 sys=0.00, real=0.04 secs] 
4538.118: [GC (Allocation Failure) [PSYoungGen: 418326K->187253K(465920K)] 1374626K->1199641K(1864192K), 0.0474254 secs] [Times: user=0.22 sys=0.00, real=0.05 secs] 
4539.138: [GC (GCLocker Initiated GC) [PSYoungGen: 420213K->102428K(465920K)] 1432601K->1185360K(1864192K), 0.0459269 secs] [Times: user=0.23 sys=0.00, real=0.04 secs] 
4540.221: [GC (Allocation Failure) [PSYoungGen: 335388K->162867K(465920K)] 1418327K->1278699K(1864192K), 0.0986825 secs] [Times: user=0.50 sys=0.00, real=0.10 secs] 
4540.503: [GC (Allocation Failure) [PSYoungGen: 395827K->185238K(465920K)] 1511659K->1352294K(1864192K), 0.0419672 secs] [Times: user=0.18 sys=0.00, real=0.04 secs] 
4540.684: [GC (Allocation Failure) [PSYoungGen: 418198K->186295K(465920K)] 1585254K->1417559K(1864192K), 0.0551608 secs] [Times: user=0.27 sys=0.00, real=0.06 secs] 
4540.874: [GC (Allocation Failure) [PSYoungGen: 419255K->187285K(465920K)] 1650519K->1477789K(1864192K), 0.0656120 secs] [Times: user=0.33 sys=0.00, real=0.07 secs] 
4542.329: [GC (Allocation Failure) [PSYoungGen: 420245K->84730K(465920K)] 1710749K->1445818K(1864192K), 0.1185670 secs] [Times: user=0.65 sys=0.01, real=0.12 secs] 
4542.448: [Full GC (Ergonomics) [PSYoungGen: 84730K->0K(465920K)] [ParOldGen: 1361088K->103088K(1398272K)] 1445818K->103088K(1864192K), [Metaspace: 60430K->60430K(1105920K)], 0.1564180 secs] [Times: user=0.68 sys=0.00, real=0.15 secs] 
4543.713: [GC (Allocation Failure) [PSYoungGen: 232861K->179381K(465920K)] 335950K->282470K(1864192K), 0.0415347 secs] [Times: user=0.16 sys=0.00, real=0.05 secs] 
4543.969: [GC (Allocation Failure) [PSYoungGen: 412341K->185558K(465920K)] 515430K->344983K(1864192K), 0.0564725 secs] [Times: user=0.27 sys=0.00, real=0.06 secs] 
4544.212: [GC (Allocation Failure) [PSYoungGen: 418518K->187221K(465920K)] 577943K->403014K(1864192K), 0.0646877 secs] [Times: user=0.32 sys=0.00, real=0.07 secs] 
4545.311: [GC (Allocation Failure) [PSYoungGen: 420181K->104140K(465920K)] 635974K->390325K(1864192K), 0.0446744 secs] [Times: user=0.23 sys=0.00, real=0.05 secs] 
4547.188: [GC (Allocation Failure) [PSYoungGen: 337100K->164083K(465920K)] 623285K->483665K(1864192K), 0.0969722 secs] [Times: user=0.49 sys=0.00, real=0.09 secs] 
4547.480: [GC (Allocation Failure) [PSYoungGen: 397043K->182485K(465920K)] 716625K->553203K(1864192K), 0.0414700 secs] [Times: user=0.19 sys=0.00, real=0.04 secs] 
4547.692: [GC (Allocation Failure) [PSYoungGen: 415445K->185815K(465920K)] 786163K->620269K(1864192K), 0.0770871 secs] [Times: user=0.38 sys=0.00, real=0.08 secs] 
4547.953: [GC (Allocation Failure) [PSYoungGen: 418775K->184244K(465920K)] 853229K->677571K(1864192K), 0.0732795 secs] [Times: user=0.38 sys=0.00, real=0.08 secs] 
4549.057: [GC (Allocation Failure) [PSYoungGen: 417204K->97643K(465920K)] 910531K->660617K(1864192K), 0.0669099 secs] [Times: user=0.35 sys=0.00, real=0.06 secs] 
4549.876: [GC (Allocation Failure) [PSYoungGen: 330603K->175253K(465920K)] 893577K->769240K(1864192K), 0.0560399 secs] [Times: user=0.25 sys=0.01, real=0.05 secs] 
4550.093: [GC (Allocation Failure) [PSYoungGen: 408213K->184854K(465920K)] 1002200K->833721K(1864192K), 0.0439274 secs] [Times: user=0.20 sys=0.00, real=0.05 secs] 
4550.283: [GC (Allocation Failure) [PSYoungGen: 417814K->187253K(465920K)] 1066681K->892192K(1864192K), 0.0669071 secs] [Times: user=0.33 sys=0.00, real=0.07 secs] 
4551.364: [GC (Allocation Failure) [PSYoungGen: 420213K->105196K(465920K)] 1125152K->880575K(1864192K), 0.0461171 secs] [Times: user=0.24 sys=0.00, real=0.05 secs] 
4552.666: [GC (Allocation Failure) [PSYoungGen: 338156K->166612K(465920K)] 1113535K->975723K(1864192K), 0.1171135 secs] [Times: user=0.58 sys=0.01, real=0.11 secs] 
4552.985: [GC (Allocation Failure) [PSYoungGen: 399572K->179669K(465920K)] 1208683K->1040881K(1864192K), 0.0456910 secs] [Times: user=0.21 sys=0.00, real=0.05 secs] 
4553.202: [GC (Allocation Failure) [PSYoungGen: 412629K->185751K(465920K)] 1273841K->1110283K(1864192K), 0.0799291 secs] [Times: user=0.40 sys=0.01, real=0.08 secs] 
4553.407: [GC (Allocation Failure) [PSYoungGen: 418711K->203893K(465920K)] 1343243K->1187393K(1864192K), 0.0573985 secs] [Times: user=0.29 sys=0.00, real=0.06 secs] 
4555.112: [GC (Allocation Failure) [PSYoungGen: 436853K->91690K(465920K)] 1420353K->1145943K(1864192K), 0.1292204 secs] [Times: user=0.58 sys=0.00, real=0.13 secs] 
4556.027: [GC (Allocation Failure) [PSYoungGen: 324650K->177973K(465920K)] 1378903K->1261754K(1864192K), 0.0558964 secs] [Times: user=0.25 sys=0.00, real=0.05 secs] 
4556.230: [GC (Allocation Failure) [PSYoungGen: 410933K->185334K(465920K)] 1494714K->1324771K(1864192K), 0.0456250 secs] [Times: user=0.21 sys=0.00, real=0.05 secs] 
4556.408: [GC (Allocation Failure) [PSYoungGen: 418294K->187317K(465920K)] 1557731K->1382826K(1864192K), 0.0676470 secs] [Times: user=0.34 sys=0.00, real=0.07 secs] 
4557.468: [GC (Allocation Failure) [PSYoungGen: 420277K->102684K(465920K)] 1615786K->1368937K(1864192K), 0.0469894 secs] [Times: user=0.25 sys=0.00, real=0.05 secs] 
4557.929: [GC (Allocation Failure) [PSYoungGen: 335644K->168756K(465920K)] 1601897K->1467898K(1864192K), 0.0883744 secs] [Times: user=0.44 sys=0.00, real=0.09 secs] 
4558.204: [GC (Allocation Failure) [PSYoungGen: 401716K->185238K(465920K)] 1700858K->1537272K(1864192K), 0.0447579 secs] [Times: user=0.21 sys=0.00, real=0.05 secs] 
4558.249: [Full GC (Ergonomics) [PSYoungGen: 185238K->0K(465920K)] [ParOldGen: 1352034K->257984K(1398272K)] 1537272K->257984K(1864192K), [Metaspace: 60430K->60430K(1105920K)], 0.3146975 secs] [Times: user=1.44 sys=0.00, real=0.31 secs] 
4558.685: [GC (Allocation Failure) [PSYoungGen: 232960K->180150K(465920K)] 490944K->438135K(1864192K), 0.0871998 secs] [Times: user=0.46 sys=0.00, real=0.08 secs] 
4558.894: [GC (Allocation Failure) [PSYoungGen: 413110K->187061K(465920K)] 671095K->502878K(1864192K), 0.0550709 secs] [Times: user=0.27 sys=0.00, real=0.06 secs] 
4560.253: [GC (GCLocker Initiated GC) [PSYoungGen: 420021K->90202K(465920K)] 735839K->476784K(1864192K), 0.0689857 secs] [Times: user=0.37 sys=0.01, real=0.07 secs] 
4561.513: [GC (Allocation Failure) [PSYoungGen: 323162K->177397K(465920K)] 709747K->592411K(1864192K), 0.0556707 secs] [Times: user=0.25 sys=0.00, real=0.06 secs] 
4561.723: [GC (Allocation Failure) [PSYoungGen: 410357K->185334K(465920K)] 825371K->656175K(1864192K), 0.0427376 secs] [Times: user=0.19 sys=0.00, real=0.05 secs] 
4561.876: [GC (Allocation Failure) [PSYoungGen: 418294K->187413K(465920K)] 889135K->714351K(1864192K), 0.0452208 secs] [Times: user=0.21 sys=0.00, real=0.04 secs] 
4562.953: [GC (Allocation Failure) [PSYoungGen: 420373K->105916K(465920K)] 947311K->703566K(1864192K), 0.0451425 secs] [Times: user=0.22 sys=0.01, real=0.05 secs] 
4564.828: [GC (Allocation Failure) [PSYoungGen: 338876K->161427K(465920K)] 936526K->793170K(1864192K), 0.1172825 secs] [Times: user=0.61 sys=0.00, real=0.12 secs] 
4565.242: [GC (Allocation Failure) [PSYoungGen: 394387K->184630K(465920K)] 1026130K->866772K(1864192K), 0.0451339 secs] [Times: user=0.20 sys=0.00, real=0.05 secs] 
4565.405: [GC (Allocation Failure) [PSYoungGen: 417590K->186231K(465920K)] 1099732K->932574K(1864192K), 0.0499023 secs] [Times: user=0.23 sys=0.00, real=0.05 secs] 
4565.587: [GC (Allocation Failure) [PSYoungGen: 419191K->187541K(465920K)] 1165534K->993052K(1864192K), 0.0605881 secs] [Times: user=0.30 sys=0.00, real=0.06 secs] 
4566.818: [GC (Allocation Failure) [PSYoungGen: 420501K->90714K(465920K)] 1226012K->966953K(1864192K), 0.0641204 secs] [Times: user=0.34 sys=0.00, real=0.06 secs] 
4567.616: [GC (Allocation Failure) [PSYoungGen: 323674K->179413K(465920K)] 1199913K->1084441K(1864192K), 0.0483523 secs] [Times: user=0.21 sys=0.00, real=0.04 secs] 
4567.858: [GC (Allocation Failure) [PSYoungGen: 412373K->185238K(465920K)] 1317401K->1146089K(1864192K), 0.0621191 secs] [Times: user=0.29 sys=0.00, real=0.06 secs] 
4568.086: [GC (Allocation Failure) [PSYoungGen: 418198K->184725K(465920K)] 1379049K->1201768K(1864192K), 0.0662653 secs] [Times: user=0.33 sys=0.00, real=0.06 secs] 
4569.108: [GC (Allocation Failure) [PSYoungGen: 417685K->108477K(465920K)] 1434728K->1195257K(1864192K), 0.0459696 secs] [Times: user=0.24 sys=0.00, real=0.04 secs] 
4570.575: [GC (GCLocker Initiated GC) [PSYoungGen: 341437K->165299K(465920K)] 1428217K->1286685K(1864192K), 0.1248172 secs] [Times: user=0.65 sys=0.00, real=0.12 secs] 
4570.907: [GC (Allocation Failure) [PSYoungGen: 398259K->179957K(465920K)] 1519652K->1353257K(1864192K), 0.0426409 secs] [Times: user=0.20 sys=0.00, real=0.04 secs] 
4571.065: [GC (Allocation Failure) [PSYoungGen: 412917K->185815K(465920K)] 1586217K->1422427K(1864192K), 0.0507395 secs] [Times: user=0.24 sys=0.00, real=0.05 secs] 
4571.226: [GC (Allocation Failure) [PSYoungGen: 418775K->187381K(465920K)] 1655387K->1482929K(1864192K), 0.0574591 secs] [Times: user=0.28 sys=0.00, real=0.05 secs] 
4573.056: [GC (Allocation Failure) [PSYoungGen: 420341K->89722K(465920K)] 1715889K->1455979K(1864192K), 0.1070962 secs] [Times: user=0.58 sys=0.01, real=0.10 secs] 
4573.163: [Full GC (Ergonomics) [PSYoungGen: 89722K->0K(465920K)] [ParOldGen: 1366256K->106190K(1398272K)] 1455979K->106190K(1864192K), [Metaspace: 60430K->60430K(1105920K)], 0.1647451 secs] [Times: user=0.72 sys=0.00, real=0.17 secs] 
4573.932: [GC (Allocation Failure) [PSYoungGen: 232960K->177621K(465920K)] 339150K->283812K(1864192K), 0.0411568 secs] [Times: user=0.16 sys=0.00, real=0.04 secs] 
4574.144: [GC (Allocation Failure) [PSYoungGen: 410581K->184790K(465920K)] 516772K->346677K(1864192K), 0.0408559 secs] [Times: user=0.18 sys=0.00, real=0.05 secs] 
4574.318: [GC (Allocation Failure) [PSYoungGen: 417750K->187445K(465920K)] 579637K->405364K(1864192K), 0.0657402 secs] [Times: user=0.32 sys=0.00, real=0.06 secs] 
4575.399: [GC (Allocation Failure) [PSYoungGen: 420405K->108461K(465920K)] 638324K->396860K(1864192K), 0.0455563 secs] [Times: user=0.23 sys=0.00, real=0.04 secs] 
4576.285: [GC (Allocation Failure) [PSYoungGen: 341421K->161203K(465920K)] 629820K->484191K(1864192K), 0.1139908 secs] [Times: user=0.59 sys=0.00, real=0.11 secs] 
4576.975: [GC (Allocation Failure) [PSYoungGen: 394163K->183605K(465920K)] 717151K->557681K(1864192K), 0.0528794 secs] [Times: user=0.25 sys=0.00, real=0.05 secs] 
4577.144: [GC (Allocation Failure) [PSYoungGen: 416565K->185847K(465920K)] 790641K->623667K(1864192K), 0.0497158 secs] [Times: user=0.23 sys=0.00, real=0.05 secs] 
4577.304: [GC (Allocation Failure) [PSYoungGen: 418807K->187477K(465920K)] 856627K->684201K(1864192K), 0.0559187 secs] [Times: user=0.27 sys=0.00, real=0.06 secs] 
4578.510: [GC (Allocation Failure) [PSYoungGen: 420437K->94155K(465920K)] 917161K->661555K(1864192K), 0.0458395 secs] [Times: user=0.23 sys=0.00, real=0.05 secs] 
4579.679: [GC (Allocation Failure) [PSYoungGen: 327115K->176725K(465920K)] 894515K->773794K(1864192K), 0.0556471 secs] [Times: user=0.25 sys=0.00, real=0.06 secs] 
4579.886: [GC (Allocation Failure) [PSYoungGen: 409685K->185430K(465920K)] 1006754K->838115K(1864192K), 0.0434087 secs] [Times: user=0.19 sys=0.00, real=0.04 secs] 
4580.039: [GC (Allocation Failure) [PSYoungGen: 418390K->187125K(465920K)] 1071075K->896114K(1864192K), 0.0459211 secs] [Times: user=0.22 sys=0.01, real=0.05 secs] 
4581.111: [GC (Allocation Failure) [PSYoungGen: 420085K->107325K(465920K)] 1129074K->886826K(1864192K), 0.0502177 secs] [Times: user=0.27 sys=0.00, real=0.05 secs] 
4581.905: [GC (Allocation Failure) [PSYoungGen: 340285K->167348K(465920K)] 1119786K->981482K(1864192K), 0.0761260 secs] [Times: user=0.38 sys=0.00, real=0.08 secs] 
4582.139: [GC (Allocation Failure) [PSYoungGen: 400308K->184950K(465920K)] 1214442K->1051668K(1864192K), 0.0430540 secs] [Times: user=0.19 sys=0.00, real=0.04 secs] 
4582.305: [GC (Allocation Failure) [PSYoungGen: 417910K->183286K(465920K)] 1284628K->1114232K(1864192K), 0.0502199 secs] [Times: user=0.24 sys=0.00, real=0.05 secs] 
4582.510: [GC (Allocation Failure) [PSYoungGen: 416246K->181460K(465920K)] 1347192K->1170662K(1864192K), 0.0811856 secs] [Times: user=0.42 sys=0.00, real=0.08 secs] 
4583.578: [GC (Allocation Failure) [PSYoungGen: 414420K->96331K(465920K)] 1403622K->1154021K(1864192K), 0.0454734 secs] [Times: user=0.23 sys=0.00, real=0.04 secs] 
4584.125: [GC (Allocation Failure) [PSYoungGen: 329291K->182838K(465920K)] 1386981K->1271109K(1864192K), 0.0530097 secs] [Times: user=0.24 sys=0.00, real=0.05 secs] 
4584.317: [GC (Allocation Failure) [PSYoungGen: 415798K->185142K(465920K)] 1504069K->1330165K(1864192K), 0.0441337 secs] [Times: user=0.20 sys=0.00, real=0.04 secs] 
4584.469: [GC (Allocation Failure) [PSYoungGen: 418102K->187285K(465920K)] 1563125K->1388676K(1864192K), 0.0462259 secs] [Times: user=0.22 sys=0.00, real=0.05 secs] 
4585.487: [GC (Allocation Failure) [PSYoungGen: 420245K->97099K(465920K)] 1621636K->1368986K(1864192K), 0.0447413 secs] [Times: user=0.24 sys=0.00, real=0.04 secs] 
4586.570: [GC (Allocation Failure) [PSYoungGen: 330059K->170772K(465920K)] 1601946K->1474004K(1864192K), 0.0705897 secs] [Times: user=0.34 sys=0.00, real=0.07 secs] 
4586.797: [GC (Allocation Failure) [PSYoungGen: 403657K->185238K(465920K)] 1706889K->1541994K(1864192K), 0.0435201 secs] [Times: user=0.19 sys=0.00, real=0.04 secs] 
4586.840: [Full GC (Ergonomics) [PSYoungGen: 185238K->0K(465920K)] [ParOldGen: 1356755K->260025K(1398272K)] 1541994K->260025K(1864192K), [Metaspace: 60430K->60430K(1105920K)], 0.3284754 secs] [Times: user=1.52 sys=0.00, real=0.33 secs] 
4587.282: [GC (Allocation Failure) [PSYoungGen: 232960K->180566K(465920K)] 492985K->440591K(1864192K), 0.0843647 secs] [Times: user=0.44 sys=0.00, real=0.09 secs] 
4587.530: [GC (Allocation Failure) [PSYoungGen: 413526K->218389K(465920K)] 673551K->536366K(1864192K), 0.0548517 secs] [Times: user=0.27 sys=0.00, real=0.06 secs] 
4589.909: [GC (Allocation Failure) [PSYoungGen: 451349K->91370K(465920K)] 769326K->479052K(1864192K), 0.1086653 secs] [Times: user=0.59 sys=0.00, real=0.11 secs] 
4591.165: [GC (Allocation Failure) [PSYoungGen: 324330K->176341K(465920K)] 712012K->592859K(1864192K), 0.0480887 secs] [Times: user=0.21 sys=0.00, real=0.05 secs] 
4591.393: [GC (Allocation Failure) [PSYoungGen: 409301K->185270K(465920K)] 825819K->656880K(1864192K), 0.0612289 secs] [Times: user=0.29 sys=0.00, real=0.06 secs] 
4591.614: [GC (Allocation Failure) [PSYoungGen: 418230K->186933K(465920K)] 889840K->714647K(1864192K), 0.0680563 secs] [Times: user=0.34 sys=0.01, real=0.07 secs] 
4592.708: [GC (Allocation Failure) [PSYoungGen: 419893K->103196K(465920K)] 947607K->701535K(1864192K), 0.0447915 secs] [Times: user=0.23 sys=0.00, real=0.04 secs] 
4593.346: [GC (Allocation Failure) [PSYoungGen: 336156K->167732K(465920K)] 934495K->799219K(1864192K), 0.0913732 secs] [Times: user=0.46 sys=0.00, real=0.09 secs] 
4593.649: [GC (Allocation Failure) [PSYoungGen: 400692K->183157K(465920K)] 1032179K->867633K(1864192K), 0.0440773 secs] [Times: user=0.20 sys=0.00, real=0.04 secs] 
4593.814: [GC (Allocation Failure) [PSYoungGen: 416117K->180374K(465920K)] 1100593K->936545K(1864192K), 0.0492979 secs] [Times: user=0.23 sys=0.00, real=0.05 secs] 
4594.018: [GC (Allocation Failure) [PSYoungGen: 413334K->186933K(465920K)] 1169505K->1000992K(1864192K), 0.0823413 secs] [Times: user=0.42 sys=0.00, real=0.08 secs] 
4595.263: [GC (Allocation Failure) [PSYoungGen: 419893K->97051K(465920K)] 1233952K->981543K(1864192K), 0.0652114 secs] [Times: user=0.35 sys=0.00, real=0.07 secs] 
4596.452: [GC (Allocation Failure) [PSYoungGen: 330011K->173556K(465920K)] 1214503K->1088757K(1864192K), 0.0540597 secs] [Times: user=0.25 sys=0.00, real=0.06 secs] 
4596.652: [GC (Allocation Failure) [PSYoungGen: 406516K->185302K(465920K)] 1321717K->1155390K(1864192K), 0.0426264 secs] [Times: user=0.19 sys=0.00, real=0.04 secs] 
4596.849: [GC (Allocation Failure) [PSYoungGen: 418262K->187477K(465920K)] 1388350K->1213861K(1864192K), 0.0686718 secs] [Times: user=0.34 sys=0.00, real=0.07 secs] 
4597.911: [GC (Allocation Failure) [PSYoungGen: 420437K->106701K(465920K)] 1446821K->1203677K(1864192K), 0.0453041 secs] [Times: user=0.23 sys=0.00, real=0.05 secs] 
4599.110: [GC (GCLocker Initiated GC) [PSYoungGen: 339661K->167572K(465920K)] 1436637K->1298633K(1864192K), 0.1273360 secs] [Times: user=0.67 sys=0.00, real=0.13 secs] 
4599.467: [GC (Allocation Failure) [PSYoungGen: 400532K->179733K(465920K)] 1531760K->1363385K(1864192K), 0.0445683 secs] [Times: user=0.21 sys=0.00, real=0.04 secs] 
4599.627: [GC (Allocation Failure) [PSYoungGen: 412693K->185687K(465920K)] 1596345K->1432411K(1864192K), 0.0505396 secs] [Times: user=0.23 sys=0.00, real=0.05 secs] 
4599.788: [GC (Allocation Failure) [PSYoungGen: 418647K->187157K(465920K)] 1665371K->1492673K(1864192K), 0.0562224 secs] [Times: user=0.27 sys=0.00, real=0.05 secs] 
4600.927: [GC (Allocation Failure) [PSYoungGen: 420117K->93867K(465920K)] 1725633K->1469895K(1864192K), 0.0421679 secs] [Times: user=0.21 sys=0.00, real=0.04 secs] 
4600.969: [Full GC (Ergonomics) [PSYoungGen: 93867K->0K(465920K)] [ParOldGen: 1376028K->112381K(1398272K)] 1469895K->112381K(1864192K), [Metaspace: 60430K->60430K(1105920K)], 0.1022459 secs] [Times: user=0.43 sys=0.00, real=0.10 secs] 
4601.396: [GC (Allocation Failure) [PSYoungGen: 232960K->182518K(465920K)] 345341K->294899K(1864192K), 0.0256173 secs] [Times: user=0.08 sys=0.00, real=0.02 secs] 
4601.562: [GC (Allocation Failure) [PSYoungGen: 415478K->185206K(465920K)] 527859K->354859K(1864192K), 0.0468366 secs] [Times: user=0.22 sys=0.00, real=0.05 secs] 
4601.738: [GC (Allocation Failure) [PSYoungGen: 418166K->187189K(465920K)] 587819K->413042K(1864192K), 0.0460883 secs] [Times: user=0.21 sys=0.00, real=0.04 secs] 
4602.721: [GC (Allocation Failure) [PSYoungGen: 420149K->103996K(465920K)] 646002K->400314K(1864192K), 0.0468664 secs] [Times: user=0.24 sys=0.01, real=0.05 secs] 
4604.542: [GC (Allocation Failure) [PSYoungGen: 336956K->164307K(465920K)] 633274K->494381K(1864192K), 0.0774605 secs] [Times: user=0.38 sys=0.00, real=0.08 secs] 
4604.786: [GC (Allocation Failure) [PSYoungGen: 397267K->185110K(465920K)] 727341K->566619K(1864192K), 0.0419932 secs] [Times: user=0.19 sys=0.00, real=0.04 secs] 
4604.939: [GC (Allocation Failure) [PSYoungGen: 418070K->183222K(465920K)] 799579K->629212K(1864192K), 0.0495260 secs] [Times: user=0.23 sys=0.00, real=0.05 secs] 
4605.380: [GC (Allocation Failure) [PSYoungGen: 413950K->215572K(465920K)] 859939K->719794K(1864192K), 0.0539307 secs] [Times: user=0.26 sys=0.00, real=0.05 secs] 
4607.152: [GC (Allocation Failure) [PSYoungGen: 448532K->92586K(465920K)] 952754K->665200K(1864192K), 0.0920834 secs] [Times: user=0.50 sys=0.00, real=0.09 secs] 
4608.291: [GC (Allocation Failure) [PSYoungGen: 325546K->180309K(465920K)] 898160K->782672K(1864192K), 0.0507560 secs] [Times: user=0.22 sys=0.00, real=0.05 secs] 
4608.482: [GC (Allocation Failure) [PSYoungGen: 413269K->185174K(465920K)] 1015632K->843780K(1864192K), 0.0436000 secs] [Times: user=0.20 sys=0.00, real=0.05 secs] 
4608.636: [GC (Allocation Failure) [PSYoungGen: 418134K->186997K(465920K)] 1076740K->901620K(1864192K), 0.0456020 secs] [Times: user=0.21 sys=0.00, real=0.04 secs] 
4609.647: [GC (Allocation Failure) [PSYoungGen: 419957K->99612K(465920K)] 1134580K->884819K(1864192K), 0.0446323 secs] [Times: user=0.23 sys=0.00, real=0.04 secs] 
4610.126: [GC (Allocation Failure) [PSYoungGen: 332572K->172116K(465920K)] 1117779K->989696K(1864192K), 0.0490755 secs] [Times: user=0.23 sys=0.00, real=0.05 secs] 
4610.312: [GC (Allocation Failure) [PSYoungGen: 405076K->184918K(465920K)] 1222656K->1056145K(1864192K), 0.0444368 secs] [Times: user=0.20 sys=0.00, real=0.05 secs] 
4610.497: [GC (Allocation Failure) [PSYoungGen: 417878K->181750K(465920K)] 1289105K->1117362K(1864192K), 0.0675267 secs] [Times: user=0.32 sys=0.00, real=0.06 secs] 
4610.951: [GC (Allocation Failure) [PSYoungGen: 411490K->215924K(465920K)] 1347102K->1209080K(1864192K), 0.0548832 secs] [Times: user=0.27 sys=0.00, real=0.06 secs] 
4611.978: [GC (Allocation Failure) [PSYoungGen: 448884K->91738K(465920K)] 1442040K->1153550K(1864192K), 0.0977358 secs] [Times: user=0.53 sys=0.00, real=0.10 secs] 
4613.239: [GC (Allocation Failure) [PSYoungGen: 324698K->179349K(465920K)] 1386510K->1269718K(1864192K), 0.0522846 secs] [Times: user=0.23 sys=0.00, real=0.05 secs] 
4613.431: [GC (Allocation Failure) [PSYoungGen: 412309K->182581K(465920K)] 1502678K->1329002K(1864192K), 0.0443260 secs] [Times: user=0.20 sys=0.00, real=0.05 secs] 
4613.585: [GC (Allocation Failure) [PSYoungGen: 415541K->187317K(465920K)] 1561962K->1389234K(1864192K), 0.0462210 secs] [Times: user=0.21 sys=0.00, real=0.04 secs] 
4614.617: [GC (Allocation Failure) [PSYoungGen: 420277K->104556K(465920K)] 1622194K->1377081K(1864192K), 0.0461810 secs] [Times: user=0.24 sys=0.00, real=0.04 secs] 
4615.822: [GC (Allocation Failure) [PSYoungGen: 337516K->164051K(465920K)] 1610041K->1470337K(1864192K), 0.0916800 secs] [Times: user=0.46 sys=0.00, real=0.09 secs] 
4616.131: [GC (Allocation Failure) [PSYoungGen: 397011K->185462K(465920K)] 1703297K->1543063K(1864192K), 0.0548829 secs] [Times: user=0.26 sys=0.00, real=0.06 secs] 
4616.186: [Full GC (Ergonomics) [PSYoungGen: 185462K->0K(465920K)] [ParOldGen: 1357601K->257779K(1398272K)] 1543063K->257779K(1864192K), [Metaspace: 60430K->60430K(1105920K)], 0.3230744 secs] [Times: user=1.49 sys=0.00, real=0.32 secs] 
4616.623: [GC (Allocation Failure) [PSYoungGen: 232960K->183286K(465920K)] 490739K->441066K(1864192K), 0.0838965 secs] [Times: user=0.43 sys=0.00, real=0.09 secs] 
4616.816: [GC (Allocation Failure) [PSYoungGen: 416246K->187285K(465920K)] 674026K->503400K(1864192K), 0.0540319 secs] [Times: user=0.26 sys=0.00, real=0.05 secs] 
4618.003: [GC (Allocation Failure) [PSYoungGen: 420245K->90490K(465920K)] 736360K->477226K(1864192K), 0.0536315 secs] [Times: user=0.28 sys=0.00, real=0.06 secs] 
4618.708: [GC (Allocation Failure) [PSYoungGen: 323450K->182486K(465920K)] 710186K->597810K(1864192K), 0.0513982 secs] [Times: user=0.23 sys=0.00, real=0.05 secs] 
4618.955: [GC (Allocation Failure) [PSYoungGen: 415446K->182453K(465920K)] 830770K->654646K(1864192K), 0.0542416 secs] [Times: user=0.26 sys=0.00, real=0.06 secs] 
4619.165: [GC (Allocation Failure) [PSYoungGen: 415413K->187189K(465920K)] 887606K->714965K(1864192K), 0.0685931 secs] [Times: user=0.34 sys=0.01, real=0.07 secs] 
4620.273: [GC (Allocation Failure) [PSYoungGen: 420149K->101804K(465920K)] 947925K->700172K(1864192K), 0.0444765 secs] [Times: user=0.23 sys=0.01, real=0.05 secs] 
4621.772: [GC (Allocation Failure) [PSYoungGen: 334764K->166580K(465920K)] 933132K->797337K(1864192K), 0.1224743 secs] [Times: user=0.64 sys=0.00, real=0.12 secs] 
4622.288: [GC (Allocation Failure) [PSYoungGen: 399540K->184854K(465920K)] 1030297K->868299K(1864192K), 0.0505388 secs] [Times: user=0.24 sys=0.01, real=0.05 secs] 
4622.469: [GC (Allocation Failure) [PSYoungGen: 417814K->183382K(465920K)] 1101259K->931076K(1864192K), 0.0562462 secs] [Times: user=0.27 sys=0.00, real=0.06 secs] 
4622.679: [GC (Allocation Failure) [PSYoungGen: 416342K->203861K(465920K)] 1164036K->1009966K(1864192K), 0.0824491 secs] [Times: user=0.41 sys=0.00, real=0.08 secs] 
4624.383: [GC (Allocation Failure) [PSYoungGen: 436821K->88154K(465920K)] 1242926K->965067K(1864192K), 0.1039715 secs] [Times: user=0.57 sys=0.00, real=0.11 secs] 
4625.657: [GC (Allocation Failure) [PSYoungGen: 321114K->173109K(465920K)] 1198027K->1077827K(1864192K), 0.0555189 secs] [Times: user=0.25 sys=0.00, real=0.05 secs] 
4625.915: [GC (Allocation Failure) [PSYoungGen: 406069K->184598K(465920K)] 1310787K->1143180K(1864192K), 0.0587134 secs] [Times: user=0.28 sys=0.00, real=0.05 secs] 
4626.122: [GC (Allocation Failure) [PSYoungGen: 417558K->187157K(465920K)] 1376140K->1201483K(1864192K), 0.0616149 secs] [Times: user=0.29 sys=0.00, real=0.06 secs] 
4627.147: [GC (Allocation Failure) [PSYoungGen: 420117K->107997K(465920K)] 1434443K->1192919K(1864192K), 0.0462197 secs] [Times: user=0.23 sys=0.00, real=0.04 secs] 
4627.678: [GC (Allocation Failure) [PSYoungGen: 340957K->168372K(465920K)] 1425879K->1288167K(1864192K), 0.1133998 secs] [Times: user=0.59 sys=0.00, real=0.11 secs] 
4628.040: [GC (Allocation Failure) [PSYoungGen: 401332K->181749K(465920K)] 1521127K->1354169K(1864192K), 0.0529463 secs] [Times: user=0.25 sys=0.00, real=0.05 secs] 
4628.274: [GC (Allocation Failure) [PSYoungGen: 414709K->182902K(465920K)] 1587129K->1418522K(1864192K), 0.0630824 secs] [Times: user=0.31 sys=0.00, real=0.07 secs] 
4628.451: [GC (Allocation Failure) [PSYoungGen: 415862K->187285K(465920K)] 1651482K->1481192K(1864192K), 0.0567166 secs] [Times: user=0.28 sys=0.00, real=0.06 secs] 
4631.074: [GC (Allocation Failure) [PSYoungGen: 420245K->86890K(465920K)] 1714152K->1451501K(1864192K), 0.1157829 secs] [Times: user=0.64 sys=0.01, real=0.12 secs] 
4631.190: [Full GC (Ergonomics) [PSYoungGen: 86890K->0K(465920K)] [ParOldGen: 1364611K->102398K(1398272K)] 1451501K->102398K(1864192K), [Metaspace: 60430K->60430K(1105920K)], 0.1659800 secs] [Times: user=0.71 sys=0.00, real=0.17 secs] 
4632.041: [GC (Allocation Failure) [PSYoungGen: 232960K->177557K(465920K)] 335358K->279956K(1864192K), 0.0440341 secs] [Times: user=0.17 sys=0.00, real=0.05 secs] 
4632.263: [GC (Allocation Failure) [PSYoungGen: 410517K->185334K(465920K)] 512916K->343789K(1864192K), 0.0407037 secs] [Times: user=0.18 sys=0.00, real=0.04 secs] 
4632.433: [GC (Allocation Failure) [PSYoungGen: 418294K->187413K(465920K)] 576749K->402076K(1864192K), 0.0517362 secs] [Times: user=0.24 sys=0.00, real=0.06 secs] 
4633.442: [GC (Allocation Failure) [PSYoungGen: 420373K->106829K(465920K)] 635036K->392156K(1864192K), 0.0451384 secs] [Times: user=0.23 sys=0.01, real=0.05 secs] 
4633.927: [GC (Allocation Failure) [PSYoungGen: 339789K->167636K(465920K)] 625116K->487891K(1864192K), 0.0953615 secs] [Times: user=0.47 sys=0.01, real=0.09 secs] 
4634.225: [GC (Allocation Failure) [PSYoungGen: 400596K->178261K(465920K)] 720851K->550604K(1864192K), 0.0412732 secs] [Times: user=0.18 sys=0.01, real=0.04 secs] 
4634.381: [GC (Allocation Failure) [PSYoungGen: 411221K->185719K(465920K)] 783564K->621086K(1864192K), 0.0488208 secs] [Times: user=0.22 sys=0.00, real=0.05 secs] 
4634.620: [GC (Allocation Failure) [PSYoungGen: 418679K->203285K(465920K)] 854046K->697744K(1864192K), 0.0875645 secs] [Times: user=0.44 sys=0.00, real=0.09 secs] 
4635.740: [GC (Allocation Failure) [PSYoungGen: 436245K->97371K(465920K)] 930704K->662214K(1864192K), 0.0602544 secs] [Times: user=0.31 sys=0.00, real=0.06 secs] 
4636.561: [GC (GCLocker Initiated GC) [PSYoungGen: 330331K->175349K(465920K)] 895175K->771062K(1864192K), 0.0546434 secs] [Times: user=0.24 sys=0.00, real=0.06 secs] 
4636.829: [GC (Allocation Failure) [PSYoungGen: 408309K->185142K(465920K)] 1004152K->835965K(1864192K), 0.0563386 secs] [Times: user=0.27 sys=0.00, real=0.06 secs] 
4637.046: [GC (GCLocker Initiated GC) [PSYoungGen: 418102K->183540K(465920K)] 1068926K->890365K(1864192K), 0.0719648 secs] [Times: user=0.30 sys=0.00, real=0.07 secs] 
4638.079: [GC (Allocation Failure) [PSYoungGen: 416500K->107805K(465920K)] 1123455K->883984K(1864192K), 0.0452494 secs] [Times: user=0.23 sys=0.00, real=0.04 secs] 
4640.866: [GC (Allocation Failure) [PSYoungGen: 340765K->159283K(465920K)] 1116944K->969851K(1864192K), 0.1239410 secs] [Times: user=0.65 sys=0.00, real=0.12 secs] 
4641.376: [GC (Allocation Failure) [PSYoungGen: 392243K->182485K(465920K)] 1202811K->1042769K(1864192K), 0.0526295 secs] [Times: user=0.25 sys=0.00, real=0.05 secs] 
4641.543: [GC (Allocation Failure) [PSYoungGen: 415445K->185847K(465920K)] 1275729K->1109883K(1864192K), 0.0501733 secs] [Times: user=0.23 sys=0.00, real=0.05 secs] 
4641.752: [GC (Allocation Failure) [PSYoungGen: 418807K->187253K(465920K)] 1342843K->1170233K(1864192K), 0.0822921 secs] [Times: user=0.43 sys=0.00, real=0.08 secs] 
4643.095: [GC (Allocation Failure) [PSYoungGen: 420213K->89786K(465920K)] 1403193K->1143342K(1864192K), 0.0641893 secs] [Times: user=0.35 sys=0.00, real=0.06 secs] 
4643.593: [GC (Allocation Failure) [PSYoungGen: 322746K->181878K(465920K)] 1376302K->1264538K(1864192K), 0.0462955 secs] [Times: user=0.20 sys=0.00, real=0.05 secs] 
4643.762: [GC (Allocation Failure) [PSYoungGen: 414838K->185142K(465920K)] 1497498K->1324346K(1864192K), 0.0444632 secs] [Times: user=0.21 sys=0.00, real=0.05 secs] 
4643.915: [GC (Allocation Failure) [PSYoungGen: 418102K->187253K(465920K)] 1557306K->1382577K(1864192K), 0.0464495 secs] [Times: user=0.21 sys=0.00, real=0.05 secs] 
4644.984: [GC (Allocation Failure) [PSYoungGen: 420213K->103884K(465920K)] 1615537K->1369873K(1864192K), 0.0460219 secs] [Times: user=0.24 sys=0.00, real=0.05 secs] 
4645.404: [GC (Allocation Failure) [PSYoungGen: 336844K->167348K(465920K)] 1602833K->1467224K(1864192K), 0.1009886 secs] [Times: user=0.52 sys=0.00, real=0.11 secs] 
4645.715: [GC (Allocation Failure) [PSYoungGen: 400308K->184950K(465920K)] 1700184K->1537142K(1864192K), 0.0434991 secs] [Times: user=0.19 sys=0.00, real=0.05 secs] 
4645.758: [Full GC (Ergonomics) [PSYoungGen: 184950K->0K(465920K)] [ParOldGen: 1352192K->256523K(1398272K)] 1537142K->256523K(1864192K), [Metaspace: 60430K->60430K(1105920K)], 0.3216277 secs] [Times: user=1.49 sys=0.00, real=0.32 secs] 
4646.208: [GC (Allocation Failure) [PSYoungGen: 232960K->182838K(465920K)] 489483K->439362K(1864192K), 0.0878944 secs] [Times: user=0.46 sys=0.00, real=0.09 secs] 
4646.411: [GC (Allocation Failure) [PSYoungGen: 415798K->187061K(465920K)] 672322K->501952K(1864192K), 0.0553163 secs] [Times: user=0.27 sys=0.00, real=0.06 secs] 
4648.253: [GC (Allocation Failure) [PSYoungGen: 420021K->89018K(465920K)] 734912K->474430K(1864192K), 0.0917036 secs] [Times: user=0.49 sys=0.00, real=0.09 secs] 
4649.331: [GC (Allocation Failure) [PSYoungGen: 321978K->180374K(465920K)] 707390K->594450K(1864192K), 0.0535786 secs] [Times: user=0.24 sys=0.00, real=0.05 secs] 
4649.532: [GC (Allocation Failure) [PSYoungGen: 413334K->185302K(465920K)] 827410K->655686K(1864192K), 0.0428635 secs] [Times: user=0.19 sys=0.00, real=0.04 secs] 
4649.685: [GC (Allocation Failure) [PSYoungGen: 418262K->187573K(465920K)] 888646K->714166K(1864192K), 0.0449445 secs] [Times: user=0.21 sys=0.00, real=0.05 secs] 
4650.684: [GC (Allocation Failure) [PSYoungGen: 420533K->101308K(465920K)] 947126K->698613K(1864192K), 0.0449364 secs] [Times: user=0.23 sys=0.00, real=0.05 secs] 
4651.833: [GC (Allocation Failure) [PSYoungGen: 334268K->162739K(465920K)] 931573K->792489K(1864192K), 0.0904757 secs] [Times: user=0.46 sys=0.01, real=0.09 secs] 
4652.164: [GC (Allocation Failure) [PSYoungGen: 395699K->185366K(465920K)] 1025449K->866071K(1864192K), 0.0452545 secs] [Times: user=0.21 sys=0.00, real=0.05 secs] 
4652.319: [GC (Allocation Failure) [PSYoungGen: 418326K->183254K(465920K)] 1099031K->936560K(1864192K), 0.0497619 secs] [Times: user=0.23 sys=0.00, real=0.05 secs] 
4652.508: [GC (Allocation Failure) [PSYoungGen: 416214K->187189K(465920K)] 1169520K->998694K(1864192K), 0.0577286 secs] [Times: user=0.28 sys=0.00, real=0.06 secs] 
4653.654: [GC (Allocation Failure) [PSYoungGen: 420149K->94011K(465920K)] 1231654K->976044K(1864192K), 0.0623549 secs] [Times: user=0.32 sys=0.00, real=0.07 secs] 
4654.598: [GC (Allocation Failure) [PSYoungGen: 326971K->178901K(465920K)] 1209004K->1090500K(1864192K), 0.0560418 secs] [Times: user=0.25 sys=0.00, real=0.05 secs] 
4654.859: [GC (Allocation Failure) [PSYoungGen: 411861K->182165K(465920K)] 1323460K->1149704K(1864192K), 0.0605604 secs] [Times: user=0.30 sys=0.00, real=0.06 secs] 
4655.088: [GC (Allocation Failure) [PSYoungGen: 415125K->187349K(465920K)] 1382664K->1210232K(1864192K), 0.0481017 secs] [Times: user=0.23 sys=0.00, real=0.05 secs] 
4656.096: [GC (Allocation Failure) [PSYoungGen: 420309K->106589K(465920K)] 1443192K->1199967K(1864192K), 0.0457878 secs] [Times: user=0.24 sys=0.00, real=0.04 secs] 
4657.807: [GC (Allocation Failure) [PSYoungGen: 339549K->159475K(465920K)] 1432927K->1286922K(1864192K), 0.1169591 secs] [Times: user=0.61 sys=0.00, real=0.11 secs] 
4658.206: [GC (Allocation Failure) [PSYoungGen: 392435K->185366K(465920K)] 1519882K->1363349K(1864192K), 0.0454952 secs] [Times: user=0.21 sys=0.00, real=0.04 secs] 
4658.367: [GC (Allocation Failure) [PSYoungGen: 418326K->185975K(465920K)] 1596309K->1428422K(1864192K), 0.0506344 secs] [Times: user=0.23 sys=0.00, real=0.05 secs] 
4658.564: [GC (Allocation Failure) [PSYoungGen: 418935K->186965K(465920K)] 1661382K->1488292K(1864192K), 0.0854699 secs] [Times: user=0.44 sys=0.00, real=0.09 secs] 
4659.776: [GC (Allocation Failure) [PSYoungGen: 419925K->93259K(465920K)] 1721252K->1465026K(1864192K), 0.0419073 secs] [Times: user=0.22 sys=0.01, real=0.04 secs] 
4659.818: [Full GC (Ergonomics) [PSYoungGen: 93259K->0K(465920K)] [ParOldGen: 1371767K->108777K(1398272K)] 1465026K->108777K(1864192K), [Metaspace: 60430K->60430K(1105920K)], 0.0977315 secs] [Times: user=0.40 sys=0.00, real=0.10 secs] 
4660.572: [GC (Allocation Failure) [PSYoungGen: 232960K->175797K(465920K)] 341737K->284574K(1864192K), 0.0362835 secs] [Times: user=0.13 sys=0.01, real=0.04 secs] 
4660.839: [GC (Allocation Failure) [PSYoungGen: 408757K->184982K(465920K)] 517534K->348563K(1864192K), 0.0572477 secs] [Times: user=0.27 sys=0.00, real=0.06 secs] 
4661.017: [GC (Allocation Failure) [PSYoungGen: 417942K->203957K(465920K)] 581523K->423650K(1864192K), 0.0462166 secs] [Times: user=0.22 sys=0.00, real=0.04 secs] 
4662.005: [GC (Allocation Failure) [PSYoungGen: 436917K->108717K(465920K)] 656610K->399242K(1864192K), 0.0453908 secs] [Times: user=0.23 sys=0.00, real=0.04 secs] 
4662.531: [GC (Allocation Failure) [PSYoungGen: 341677K->166164K(465920K)] 632202K->491834K(1864192K), 0.1154598 secs] [Times: user=0.59 sys=0.00, real=0.12 secs] 
4663.054: [GC (Allocation Failure) [PSYoungGen: 399124K->178933K(465920K)] 724794K->556535K(1864192K), 0.0540761 secs] [Times: user=0.25 sys=0.00, real=0.06 secs] 
4663.270: [GC (Allocation Failure) [PSYoungGen: 411893K->185687K(465920K)] 789495K->626209K(1864192K), 0.0744383 secs] [Times: user=0.36 sys=0.00, real=0.07 secs] 
4663.469: [GC (Allocation Failure) [PSYoungGen: 418647K->187189K(465920K)] 859169K->686623K(1864192K), 0.0558847 secs] [Times: user=0.27 sys=0.00, real=0.06 secs] 
4664.758: [GC (Allocation Failure) [PSYoungGen: 420149K->97147K(465920K)] 919583K->667222K(1864192K), 0.0851612 secs] [Times: user=0.45 sys=0.00, real=0.08 secs] 
4666.132: [GC (Allocation Failure) [PSYoungGen: 330107K->173332K(465920K)] 900182K->773988K(1864192K), 0.0533887 secs] [Times: user=0.24 sys=0.00, real=0.06 secs] 
4666.333: [GC (Allocation Failure) [PSYoungGen: 406292K->185398K(465920K)] 1006948K->840713K(1864192K), 0.0446923 secs] [Times: user=0.20 sys=0.00, real=0.05 secs] 
4666.536: [GC (Allocation Failure) [PSYoungGen: 418358K->187221K(465920K)] 1073673K->898928K(1864192K), 0.0705520 secs] [Times: user=0.35 sys=0.00, real=0.07 secs] 
4667.617: [GC (Allocation Failure) [PSYoungGen: 420181K->106781K(465920K)] 1131888K->888888K(1864192K), 0.0506388 secs] [Times: user=0.27 sys=0.00, real=0.05 secs] 
4668.386: [GC (Allocation Failure) [PSYoungGen: 339741K->167124K(465920K)] 1121848K->983792K(1864192K), 0.1165730 secs] [Times: user=0.60 sys=0.00, real=0.11 secs] 
4668.722: [GC (Allocation Failure) [PSYoungGen: 400084K->184534K(465920K)] 1216752K->1053682K(1864192K), 0.0444181 secs] [Times: user=0.20 sys=0.00, real=0.05 secs] 
4668.903: [GC (Allocation Failure) [PSYoungGen: 417494K->182710K(465920K)] 1286642K->1116027K(1864192K), 0.0677711 secs] [Times: user=0.34 sys=0.00, real=0.07 secs] 
4669.109: [GC (Allocation Failure) [PSYoungGen: 415670K->203157K(465920K)] 1348987K->1194353K(1864192K), 0.0602565 secs] [Times: user=0.30 sys=0.00, real=0.06 secs] 
4670.185: [GC (Allocation Failure) [PSYoungGen: 436117K->95019K(465920K)] 1427313K->1156583K(1864192K), 0.0585671 secs] [Times: user=0.31 sys=0.01, real=0.06 secs] 
4670.780: [GC (Allocation Failure) [PSYoungGen: 327979K->179541K(465920K)] 1389543K->1270783K(1864192K), 0.0572869 secs] [Times: user=0.26 sys=0.00, real=0.06 secs] 
4670.987: [GC (Allocation Failure) [PSYoungGen: 412501K->185110K(465920K)] 1503743K->1332931K(1864192K), 0.0450812 secs] [Times: user=0.20 sys=0.01, real=0.04 secs] 
4671.190: [GC (Allocation Failure) [PSYoungGen: 418070K->200244K(465920K)] 1565891K->1404066K(1864192K), 0.0737063 secs] [Times: user=0.36 sys=0.00, real=0.07 secs] 
4672.398: [GC (Allocation Failure) [PSYoungGen: 433204K->102860K(465920K)] 1637026K->1376154K(1864192K), 0.0490989 secs] [Times: user=0.26 sys=0.00, real=0.05 secs] 
4673.734: [GC (Allocation Failure) [PSYoungGen: 335820K->168788K(465920K)] 1609114K->1474870K(1864192K), 0.0983680 secs] [Times: user=0.49 sys=0.00, real=0.10 secs] 
4674.032: [GC (Allocation Failure) [PSYoungGen: 401748K->182165K(465920K)] 1707830K->1541012K(1864192K), 0.0435559 secs] [Times: user=0.20 sys=0.00, real=0.05 secs] 
4674.075: [Full GC (Ergonomics) [PSYoungGen: 182165K->0K(465920K)] [ParOldGen: 1358846K->256499K(1398272K)] 1541012K->256499K(1864192K), [Metaspace: 60430K->60430K(1105920K)], 0.3244899 secs] [Times: user=1.50 sys=0.00, real=0.32 secs] 
4674.513: [GC (Allocation Failure) [PSYoungGen: 232960K->186007K(465920K)] 489459K->442506K(1864192K), 0.0792230 secs] [Times: user=0.41 sys=0.00, real=0.08 secs] 
4674.879: [GC (Allocation Failure) [PSYoungGen: 418967K->219476K(465920K)] 675466K->534952K(1864192K), 0.0552627 secs] [Times: user=0.28 sys=0.00, real=0.05 secs] 
4675.973: [GC (Allocation Failure) [PSYoungGen: 452436K->95131K(465920K)] 767912K->479734K(1864192K), 0.0790327 secs] [Times: user=0.42 sys=0.00, real=0.08 secs] 
4676.615: [GC (Allocation Failure) [PSYoungGen: 328091K->182294K(465920K)] 712694K->596686K(1864192K), 0.0477694 secs] [Times: user=0.21 sys=0.00, real=0.04 secs] 
4676.791: [GC (Allocation Failure) [PSYoungGen: 415254K->182741K(465920K)] 829646K->654078K(1864192K), 0.0428223 secs] [Times: user=0.19 sys=0.00, real=0.04 secs] 
4676.944: [GC (Allocation Failure) [PSYoungGen: 415701K->187029K(465920K)] 887038K->714029K(1864192K), 0.0449624 secs] [Times: user=0.21 sys=0.00, real=0.05 secs] 
4678.006: [GC (Allocation Failure) [PSYoungGen: 419989K->102012K(465920K)] 946989K->699525K(1864192K), 0.0457380 secs] [Times: user=0.23 sys=0.00, real=0.04 secs] 
4678.760: [GC (Allocation Failure) [PSYoungGen: 334972K->169108K(465920K)] 932485K->799225K(1864192K), 0.0966413 secs] [Times: user=0.48 sys=0.00, real=0.10 secs] 
4679.048: [GC (Allocation Failure) [PSYoungGen: 402068K->185366K(465920K)] 1032185K->868335K(1864192K), 0.0422642 secs] [Times: user=0.19 sys=0.00, real=0.04 secs] 
4679.223: [GC (Allocation Failure) [PSYoungGen: 418326K->185975K(465920K)] 1101295K->933216K(1864192K), 0.0601315 secs] [Times: user=0.30 sys=0.00, real=0.06 secs] 
4679.707: [GC (Allocation Failure) [PSYoungGen: 415171K->210964K(465920K)] 1162412K->1017253K(1864192K), 0.0541726 secs] [Times: user=0.26 sys=0.00, real=0.05 secs] 
4680.995: [GC (Allocation Failure) [PSYoungGen: 443924K->92811K(465920K)] 1250213K->965956K(1864192K), 0.1043413 secs] [Times: user=0.57 sys=0.01, real=0.10 secs] 
4682.050: [GC (Allocation Failure) [PSYoungGen: 325771K->182646K(465920K)] 1198916K->1084764K(1864192K), 0.0548301 secs] [Times: user=0.24 sys=0.00, real=0.06 secs] 
4682.252: [GC (Allocation Failure) [PSYoungGen: 415606K->182421K(465920K)] 1317724K->1141500K(1864192K), 0.0438585 secs] [Times: user=0.19 sys=0.00, real=0.05 secs] 
4682.418: [GC (Allocation Failure) [PSYoungGen: 415381K->187317K(465920K)] 1374460K->1201939K(1864192K), 0.0561437 secs] [Times: user=0.27 sys=0.00, real=0.05 secs] 
4683.441: [GC (Allocation Failure) [PSYoungGen: 420277K->102588K(465920K)] 1434899K->1187787K(1864192K), 0.0448992 secs] [Times: user=0.24 sys=0.00, real=0.05 secs] 
4684.570: [GC (Allocation Failure) [PSYoungGen: 335548K->168276K(465920K)] 1420747K->1286583K(1864192K), 0.0841146 secs] [Times: user=0.42 sys=0.00, real=0.08 secs] 
4684.865: [GC (Allocation Failure) [PSYoungGen: 401236K->182197K(465920K)] 1519543K->1353145K(1864192K), 0.0580745 secs] [Times: user=0.27 sys=0.00, real=0.05 secs] 
4685.041: [GC (Allocation Failure) [PSYoungGen: 415157K->185335K(465920K)] 1586105K->1419970K(1864192K), 0.0514021 secs] [Times: user=0.24 sys=0.00, real=0.05 secs] 
4685.315: [GC (Allocation Failure) [PSYoungGen: 418295K->215284K(465920K)] 1652930K->1508776K(1864192K), 0.0605192 secs] [Times: user=0.31 sys=0.00, real=0.06 secs] 
4686.378: [GC (Allocation Failure) [PSYoungGen: 448190K->95115K(465920K)] 1741681K->1457350K(1864192K), 0.0460170 secs] [Times: user=0.24 sys=0.00, real=0.04 secs] 
4686.424: [Full GC (Ergonomics) [PSYoungGen: 95115K->0K(465920K)] [ParOldGen: 1362235K->113142K(1398272K)] 1457350K->113142K(1864192K), [Metaspace: 60430K->60430K(1105920K)], 0.1069247 secs] [Times: user=0.44 sys=0.00, real=0.11 secs] 
4687.129: [GC (Allocation Failure) [PSYoungGen: 232960K->182774K(465920K)] 346102K->295917K(1864192K), 0.0396759 secs] [Times: user=0.14 sys=0.00, real=0.04 secs] 
4687.368: [GC (Allocation Failure) [PSYoungGen: 415734K->182453K(465920K)] 528877K->352748K(1864192K), 0.0630141 secs] [Times: user=0.30 sys=0.00, real=0.06 secs] 
4687.561: [GC (GCLocker Initiated GC) [PSYoungGen: 415413K->186389K(465920K)] 585709K->412085K(1864192K), 0.0441453 secs] [Times: user=0.20 sys=0.00, real=0.05 secs] 
4688.546: [GC (Allocation Failure) [PSYoungGen: 419349K->102972K(465920K)] 645176K->399183K(1864192K), 0.0452586 secs] [Times: user=0.23 sys=0.00, real=0.04 secs] 
4689.832: [GC (Allocation Failure) [PSYoungGen: 335932K->169044K(465920K)] 632143K->498132K(1864192K), 0.1045582 secs] [Times: user=0.53 sys=0.00, real=0.11 secs] 
4690.127: [GC (Allocation Failure) [PSYoungGen: 402004K->182325K(465920K)] 731092K->564141K(1864192K), 0.0413317 secs] [Times: user=0.19 sys=0.00, real=0.04 secs] 
4690.285: [GC (Allocation Failure) [PSYoungGen: 415285K->186135K(465920K)] 797101K->631615K(1864192K), 0.0491381 secs] [Times: user=0.22 sys=0.00, real=0.05 secs] 
4690.790: [GC (Allocation Failure) [PSYoungGen: 417753K->213972K(465920K)] 863232K->718636K(1864192K), 0.0536822 secs] [Times: user=0.26 sys=0.00, real=0.05 secs] 
4692.275: [GC (Allocation Failure) [PSYoungGen: 446932K->95531K(465920K)] 951596K->668051K(1864192K), 0.1050260 secs] [Times: user=0.57 sys=0.00, real=0.10 secs] 
4692.755: [GC (Allocation Failure) [PSYoungGen: 328491K->178197K(465920K)] 901011K->781398K(1864192K), 0.0344101 secs] [Times: user=0.14 sys=0.00, real=0.03 secs] 
4692.903: [GC (Allocation Failure) [PSYoungGen: 411157K->185078K(465920K)] 1014358K->844190K(1864192K), 0.0431019 secs] [Times: user=0.19 sys=0.00, real=0.05 secs] 
4693.125: [GC (Allocation Failure) [PSYoungGen: 418038K->186965K(465920K)] 1077150K->902142K(1864192K), 0.0661622 secs] [Times: user=0.32 sys=0.00, real=0.07 secs] 
4694.208: [GC (Allocation Failure) [PSYoungGen: 419925K->105724K(465920K)] 1135102K->891397K(1864192K), 0.0450898 secs] [Times: user=0.23 sys=0.00, real=0.04 secs] 
4694.783: [GC (Allocation Failure) [PSYoungGen: 338684K->167572K(465920K)] 1124357K->987033K(1864192K), 0.0979209 secs] [Times: user=0.48 sys=0.01, real=0.10 secs] 
4695.073: [GC (Allocation Failure) [PSYoungGen: 400532K->184886K(465920K)] 1219993K->1056919K(1864192K), 0.0427544 secs] [Times: user=0.19 sys=0.00, real=0.05 secs] 
4695.230: [GC (Allocation Failure) [PSYoungGen: 417846K->185847K(465920K)] 1289879K->1121945K(1864192K), 0.0502637 secs] [Times: user=0.24 sys=0.00, real=0.05 secs] 
4695.997: [GC (Allocation Failure) [PSYoungGen: 418807K->212115K(465920K)] 1354905K->1207269K(1864192K), 0.0579165 secs] [Times: user=0.29 sys=0.00, real=0.05 secs] 
4696.686: [GC (Allocation Failure) [PSYoungGen: 445075K->101612K(465920K)] 1440229K->1163290K(1864192K), 0.0714372 secs] [Times: user=0.38 sys=0.00, real=0.07 secs] 
4697.962: [GC (Allocation Failure) [PSYoungGen: 334572K->176149K(465920K)] 1396250K->1269672K(1864192K), 0.0539023 secs] [Times: user=0.25 sys=0.01, real=0.06 secs] 
4698.158: [GC (Allocation Failure) [PSYoungGen: 409109K->185302K(465920K)] 1502632K->1334076K(1864192K), 0.0447466 secs] [Times: user=0.20 sys=0.00, real=0.04 secs] 
4698.354: [GC (Allocation Failure) [PSYoungGen: 418262K->187477K(465920K)] 1567036K->1392396K(1864192K), 0.0729706 secs] [Times: user=0.36 sys=0.00, real=0.08 secs] 
4699.441: [GC (Allocation Failure) [PSYoungGen: 420437K->99772K(465920K)] 1625356K->1375370K(1864192K), 0.0526669 secs] [Times: user=0.28 sys=0.00, real=0.05 secs] 
4701.153: [GC (Allocation Failure) [PSYoungGen: 332732K->167988K(465920K)] 1608330K->1475652K(1864192K), 0.0911682 secs] [Times: user=0.45 sys=0.00, real=0.09 secs] 
4701.449: [GC (GCLocker Initiated GC) [PSYoungGen: 400948K->181973K(465920K)] 1708613K->1542202K(1864192K), 0.0458986 secs] [Times: user=0.21 sys=0.00, real=0.04 secs] 
4701.495: [Full GC (Ergonomics) [PSYoungGen: 181973K->0K(465920K)] [ParOldGen: 1360228K->257460K(1398272K)] 1542202K->257460K(1864192K), [Metaspace: 60430K->60430K(1105920K)], 0.3218581 secs] [Times: user=1.47 sys=0.00, real=0.33 secs] 
4701.931: [GC (Allocation Failure) [PSYoungGen: 232960K->185559K(465920K)] 490586K->443186K(1864192K), 0.0854949 secs] [Times: user=0.44 sys=0.00, real=0.09 secs] 
4702.242: [GC (Allocation Failure) [PSYoungGen: 417665K->213748K(465920K)] 675292K->530311K(1864192K), 0.0549176 secs] [Times: user=0.27 sys=0.00, real=0.06 secs] 
4703.168: [GC (Allocation Failure) [PSYoungGen: 446708K->99900K(465920K)] 763271K->484478K(1864192K), 0.0532008 secs] [Times: user=0.27 sys=0.01, real=0.05 secs] 
4703.699: [GC (Allocation Failure) [PSYoungGen: 332860K->178677K(465920K)] 717438K->594924K(1864192K), 0.0606573 secs] [Times: user=0.28 sys=0.00, real=0.06 secs] 
4703.918: [GC (Allocation Failure) [PSYoungGen: 411637K->185014K(465920K)] 827884K->657309K(1864192K), 0.0431164 secs] [Times: user=0.19 sys=0.00, real=0.04 secs] 
4704.070: [GC (Allocation Failure) [PSYoungGen: 417974K->187029K(465920K)] 890269K->715428K(1864192K), 0.0451817 secs] [Times: user=0.21 sys=0.00, real=0.05 secs] 
4705.069: [GC (Allocation Failure) [PSYoungGen: 419989K->99580K(465920K)] 948388K->698395K(1864192K), 0.0439256 secs] [Times: user=0.22 sys=0.00, real=0.04 secs] 
4706.591: [GC (Allocation Failure) [PSYoungGen: 332540K->168436K(465920K)] 931355K->798880K(1864192K), 0.1075213 secs] [Times: user=0.55 sys=0.00, real=0.11 secs] 
4706.916: [GC (Allocation Failure) [PSYoungGen: 401396K->185270K(465920K)] 1031840K->868482K(1864192K), 0.0484890 secs] [Times: user=0.23 sys=0.00, real=0.04 secs] 
4707.076: [GC (Allocation Failure) [PSYoungGen: 418230K->183414K(465920K)] 1101442K->930835K(1864192K), 0.0499089 secs] [Times: user=0.23 sys=0.01, real=0.05 secs] 
4707.658: [GC (Allocation Failure) [PSYoungGen: 416374K->219700K(465920K)] 1163795K->1025136K(1864192K), 0.0528415 secs] [Times: user=0.26 sys=0.00, real=0.05 secs] 
4708.940: [GC (Allocation Failure) [PSYoungGen: 452660K->95531K(465920K)] 1258096K->968855K(1864192K), 0.0765587 secs] [Times: user=0.31 sys=0.00, real=0.08 secs] 
4709.481: [GC (Allocation Failure) [PSYoungGen: 328491K->183318K(465920K)] 1201815K->1087155K(1864192K), 0.0490302 secs] [Times: user=0.21 sys=0.00, real=0.05 secs] 
4709.655: [GC (Allocation Failure) [PSYoungGen: 416278K->190421K(465920K)] 1320115K->1151170K(1864192K), 0.0443461 secs] [Times: user=0.20 sys=0.00, real=0.04 secs] 
4709.809: [GC (Allocation Failure) [PSYoungGen: 423381K->187285K(465920K)] 1384130K->1203442K(1864192K), 0.0459472 secs] [Times: user=0.22 sys=0.00, real=0.05 secs] 
4710.880: [GC (Allocation Failure) [PSYoungGen: 420245K->102268K(465920K)] 1436402K->1188969K(1864192K), 0.0453398 secs] [Times: user=0.24 sys=0.00, real=0.05 secs] 
4711.493: [GC (Allocation Failure) [PSYoungGen: 335228K->170836K(465920K)] 1421929K->1290462K(1864192K), 0.0938324 secs] [Times: user=0.47 sys=0.00, real=0.10 secs] 
4711.750: [GC (Allocation Failure) [PSYoungGen: 403796K->181621K(465920K)] 1523422K->1355011K(1864192K), 0.0431246 secs] [Times: user=0.20 sys=0.00, real=0.04 secs] 
4711.908: [GC (Allocation Failure) [PSYoungGen: 414581K->185879K(465920K)] 1587971K->1422284K(1864192K), 0.0506372 secs] [Times: user=0.24 sys=0.00, real=0.05 secs] 
4712.364: [GC (Allocation Failure) [PSYoungGen: 415949K->210900K(465920K)] 1652354K->1506241K(1864192K), 0.0566945 secs] [Times: user=0.27 sys=0.00, real=0.06 secs] 
4713.166: [GC (GCLocker Initiated GC) [PSYoungGen: 443860K->98171K(465920K)] 1739202K->1460505K(1864192K), 0.0442872 secs] [Times: user=0.23 sys=0.00, real=0.04 secs] 
4713.211: [Full GC (Ergonomics) [PSYoungGen: 98171K->0K(465920K)] [ParOldGen: 1362334K->116195K(1398272K)] 1460505K->116195K(1864192K), [Metaspace: 60430K->60430K(1105920K)], 0.1048260 secs] [Times: user=0.43 sys=0.01, real=0.11 secs] 
4714.176: [GC (GCLocker Initiated GC) [PSYoungGen: 232960K->177941K(465920K)] 349166K->294147K(1864192K), 0.0335782 secs] [Times: user=0.12 sys=0.00, real=0.03 secs] 
4714.343: [GC (Allocation Failure) [PSYoungGen: 410901K->182069K(465920K)] 527274K->354326K(1864192K), 0.0408841 secs] [Times: user=0.18 sys=0.00, real=0.04 secs] 
4714.527: [GC (Allocation Failure) [PSYoungGen: 415029K->187253K(465920K)] 587286K->414926K(1864192K), 0.0677644 secs] [Times: user=0.33 sys=0.00, real=0.06 secs] 
4715.569: [GC (Allocation Failure) [PSYoungGen: 420213K->105981K(465920K)] 647886K->404069K(1864192K), 0.0448416 secs] [Times: user=0.23 sys=0.00, real=0.04 secs] 
4717.073: [GC (GCLocker Initiated GC) [PSYoungGen: 338941K->166004K(465920K)] 637030K->497986K(1864192K), 0.1205503 secs] [Times: user=0.62 sys=0.00, real=0.12 secs] 
4717.396: [GC (Allocation Failure) [PSYoungGen: 398964K->180117K(465920K)] 730949K->564114K(1864192K), 0.0421379 secs] [Times: user=0.19 sys=0.00, real=0.04 secs] 
4717.555: [GC (Allocation Failure) [PSYoungGen: 413077K->185847K(465920K)] 797074K->633036K(1864192K), 0.0493296 secs] [Times: user=0.23 sys=0.00, real=0.04 secs] 
4717.836: [GC (Allocation Failure) [PSYoungGen: 417086K->216564K(465920K)] 864276K->722666K(1864192K), 0.0540436 secs] [Times: user=0.26 sys=0.00, real=0.05 secs] 
4719.166: [GC (Allocation Failure) [PSYoungGen: 449524K->94635K(465920K)] 955626K->669744K(1864192K), 0.0555312 secs] [Times: user=0.30 sys=0.00, real=0.05 secs] 
4719.738: [GC (Allocation Failure) [PSYoungGen: 327595K->180533K(465920K)] 902704K->785736K(1864192K), 0.0454440 secs] [Times: user=0.20 sys=0.00, real=0.04 secs] 
4719.942: [GC (Allocation Failure) [PSYoungGen: 413493K->185046K(465920K)] 1018696K->846660K(1864192K), 0.0608511 secs] [Times: user=0.29 sys=0.01, real=0.06 secs] 
4720.145: [GC (Allocation Failure) [PSYoungGen: 418006K->184116K(465920K)] 1079620K->901763K(1864192K), 0.0539799 secs] [Times: user=0.27 sys=0.00, real=0.05 secs] 
4721.140: [GC (Allocation Failure) [PSYoungGen: 417076K->106525K(465920K)] 1134723K->893595K(1864192K), 0.0455365 secs] [Times: user=0.23 sys=0.00, real=0.05 secs] 
4721.672: [GC (Allocation Failure) [PSYoungGen: 339485K->169844K(465920K)] 1126555K->991215K(1864192K), 0.0920542 secs] [Times: user=0.46 sys=0.00, real=0.09 secs] 
4721.987: [GC (Allocation Failure) [PSYoungGen: 402804K->184822K(465920K)] 1224175K->1059917K(1864192K), 0.0458860 secs] [Times: user=0.21 sys=0.00, real=0.04 secs] 
4722.183: [GC (Allocation Failure) [PSYoungGen: 417782K->184535K(465920K)] 1292877K->1123886K(1864192K), 0.0721242 secs] [Times: user=0.36 sys=0.00, real=0.07 secs] 
4722.719: [GC (Allocation Failure) [PSYoungGen: 417251K->211251K(465920K)] 1356602K->1209323K(1864192K), 0.0535192 secs] [Times: user=0.26 sys=0.00, real=0.05 secs] 
4723.961: [GC (GCLocker Initiated GC) [PSYoungGen: 444211K->99115K(465920K)] 1442283K->1164099K(1864192K), 0.0764073 secs] [Times: user=0.41 sys=0.00, real=0.08 secs] 
4724.591: [GC (Allocation Failure) [PSYoungGen: 332075K->180373K(465920K)] 1397225K->1276824K(1864192K), 0.0451692 secs] [Times: user=0.20 sys=0.00, real=0.05 secs] 
4724.757: [GC (Allocation Failure) [PSYoungGen: 413333K->185174K(465920K)] 1509784K->1338061K(1864192K), 0.0453394 secs] [Times: user=0.21 sys=0.00, real=0.04 secs] 
4724.912: [GC (Allocation Failure) [PSYoungGen: 418134K->186805K(465920K)] 1571021K->1395748K(1864192K), 0.0474137 secs] [Times: user=0.22 sys=0.00, real=0.05 secs] 
4725.939: [GC (Allocation Failure) [PSYoungGen: 419765K->99548K(465920K)] 1628708K->1378891K(1864192K), 0.0453788 secs] [Times: user=0.23 sys=0.00, real=0.04 secs] 
4726.564: [GC (Allocation Failure) [PSYoungGen: 332508K->173045K(465920K)] 1611851K->1484788K(1864192K), 0.0667990 secs] [Times: user=0.32 sys=0.00, real=0.07 secs] 
4726.631: [Full GC (Ergonomics) [PSYoungGen: 173045K->0K(465920K)] [ParOldGen: 1311743K->197211K(1398272K)] 1484788K->197211K(1864192K), [Metaspace: 60430K->60430K(1105920K)], 0.2159136 secs] [Times: user=1.01 sys=0.01, real=0.22 secs] 
4726.984: [GC (Allocation Failure) [PSYoungGen: 232960K->181749K(465920K)] 430171K->378961K(1864192K), 0.0323081 secs] [Times: user=0.14 sys=0.00, real=0.04 secs] 
4727.161: [GC (Allocation Failure) [PSYoungGen: 414709K->185719K(465920K)] 611921K->446210K(1864192K), 0.0438059 secs] [Times: user=0.19 sys=0.00, real=0.05 secs] 
4728.173: [GC (Allocation Failure) [PSYoungGen: 415363K->210355K(465920K)] 675855K->529855K(1864192K), 0.0556209 secs] [Times: user=0.28 sys=0.00, real=0.06 secs] 
4728.655: [GC (Allocation Failure) [PSYoungGen: 443315K->101180K(465920K)] 762815K->487015K(1864192K), 0.0632654 secs] [Times: user=0.33 sys=0.00, real=0.06 secs] 
4729.501: [GC (Allocation Failure) [PSYoungGen: 334140K->179765K(465920K)] 719975K->597414K(1864192K), 0.0529495 secs] [Times: user=0.24 sys=0.01, real=0.05 secs] 
4729.746: [GC (Allocation Failure) [PSYoungGen: 412725K->185014K(465920K)] 830374K->659014K(1864192K), 0.0568225 secs] [Times: user=0.27 sys=0.00, real=0.05 secs] 
4729.916: [GC (Allocation Failure) [PSYoungGen: 417974K->203573K(465920K)] 891974K->733557K(1864192K), 0.0452192 secs] [Times: user=0.21 sys=0.00, real=0.04 secs] 
4730.899: [GC (Allocation Failure) [PSYoungGen: 436533K->101724K(465920K)] 966517K->702365K(1864192K), 0.0446529 secs] [Times: user=0.23 sys=0.00, real=0.04 secs] 
4732.316: [GC (Allocation Failure) [PSYoungGen: 334684K->170484K(465920K)] 935325K->803222K(1864192K), 0.0917130 secs] [Times: user=0.45 sys=0.00, real=0.09 secs] 
4732.578: [GC (Allocation Failure) [PSYoungGen: 403444K->179669K(465920K)] 1036182K->865834K(1864192K), 0.0422955 secs] [Times: user=0.19 sys=0.00, real=0.04 secs] 
4732.736: [GC (Allocation Failure) [PSYoungGen: 412629K->186039K(465920K)] 1098794K->935292K(1864192K), 0.0496528 secs] [Times: user=0.23 sys=0.00, real=0.05 secs] 
4733.557: [GC (Allocation Failure) [PSYoungGen: 415433K->212627K(465920K)] 1164687K->1020873K(1864192K), 0.0567978 secs] [Times: user=0.28 sys=0.00, real=0.05 secs] 
4734.527: [GC (Allocation Failure) [PSYoungGen: 445587K->100027K(465920K)] 1253833K->975177K(1864192K), 0.1037127 secs] [Times: user=0.56 sys=0.00, real=0.10 secs] 
4735.095: [GC (Allocation Failure) [PSYoungGen: 332987K->180341K(465920K)] 1208137K->1087907K(1864192K), 0.0481603 secs] [Times: user=0.21 sys=0.00, real=0.05 secs] 
4735.330: [GC (Allocation Failure) [PSYoungGen: 413301K->184790K(465920K)] 1320867K->1148627K(1864192K), 0.0585232 secs] [Times: user=0.28 sys=0.00, real=0.06 secs] 
4735.534: [GC (Allocation Failure) [PSYoungGen: 417750K->183764K(465920K)] 1381587K->1203626K(1864192K), 0.0612901 secs] [Times: user=0.30 sys=0.00, real=0.07 secs] 
4736.546: [GC (Allocation Failure) [PSYoungGen: 416724K->104860K(465920K)] 1436586K->1194026K(1864192K), 0.0453646 secs] [Times: user=0.23 sys=0.00, real=0.04 secs] 
4737.221: [GC (Allocation Failure) [PSYoungGen: 337820K->171348K(465920K)] 1426986K->1293911K(1864192K), 0.1051006 secs] [Times: user=0.53 sys=0.01, real=0.11 secs] 
4737.513: [GC (Allocation Failure) [PSYoungGen: 404308K->181269K(465920K)] 1526875K->1357348K(1864192K), 0.0443081 secs] [Times: user=0.20 sys=0.00, real=0.05 secs] 
4737.671: [GC (Allocation Failure) [PSYoungGen: 414229K->184695K(465920K)] 1590308K->1423917K(1864192K), 0.0509414 secs] [Times: user=0.24 sys=0.00, real=0.05 secs] 
4738.559: [GC (Allocation Failure) [PSYoungGen: 415601K->211923K(465920K)] 1654823K->1509698K(1864192K), 0.0585898 secs] [Times: user=0.29 sys=0.00, real=0.06 secs] 
4739.272: [GC (Allocation Failure) [PSYoungGen: 444883K->100219K(465920K)] 1742658K->1464434K(1864192K), 0.1093617 secs] [Times: user=0.60 sys=0.00, real=0.11 secs] 
4739.382: [Full GC (Ergonomics) [PSYoungGen: 100219K->0K(465920K)] [ParOldGen: 1364214K->117931K(1398272K)] 1464434K->117931K(1864192K), [Metaspace: 60430K->60430K(1105920K)], 0.1852972 secs] [Times: user=0.82 sys=0.01, real=0.19 secs] 
4740.613: [GC (Allocation Failure) [PSYoungGen: 232960K->179285K(465920K)] 350891K->297216K(1864192K), 0.0364189 secs] [Times: user=0.13 sys=0.00, real=0.04 secs] 
4740.804: [GC (Allocation Failure) [PSYoungGen: 412245K->185206K(465920K)] 530176K->359125K(1864192K), 0.0416847 secs] [Times: user=0.18 sys=0.01, real=0.05 secs] 
4740.979: [GC (Allocation Failure) [PSYoungGen: 418166K->187477K(465920K)] 592085K->417612K(1864192K), 0.0626198 secs] [Times: user=0.30 sys=0.00, real=0.06 secs] 
4742.005: [GC (Allocation Failure) [PSYoungGen: 420437K->101420K(465920K)] 650572K->402219K(1864192K), 0.0439260 secs] [Times: user=0.23 sys=0.00, real=0.05 secs] 
4742.620: [GC (Allocation Failure) [PSYoungGen: 334380K->171604K(465920K)] 635179K->505484K(1864192K), 0.0676194 secs] [Times: user=0.31 sys=0.00, real=0.07 secs] 
4742.918: [GC (Allocation Failure) [PSYoungGen: 404564K->184406K(465920K)] 738444K->572249K(1864192K), 0.0474471 secs] [Times: user=0.21 sys=0.00, real=0.05 secs] 
4743.113: [GC (Allocation Failure) [PSYoungGen: 417366K->182678K(465920K)] 805209K->634834K(1864192K), 0.0687363 secs] [Times: user=0.33 sys=0.00, real=0.07 secs] 
4743.976: [GC (Allocation Failure) [PSYoungGen: 414100K->210643K(465920K)] 866255K->720671K(1864192K), 0.0556663 secs] [Times: user=0.28 sys=0.00, real=0.05 secs] 
4744.398: [GC (Allocation Failure) [PSYoungGen: 443603K->104876K(465920K)] 953631K->681256K(1864192K), 0.0542603 secs] [Times: user=0.28 sys=0.01, real=0.05 secs] 
4744.834: [GC (Allocation Failure) [PSYoungGen: 334999K->178037K(465920K)] 911379K->787586K(1864192K), 0.0525474 secs] [Times: user=0.24 sys=0.00, real=0.06 secs] 
4745.075: [GC (Allocation Failure) [PSYoungGen: 410997K->185430K(465920K)] 1020546K->850518K(1864192K), 0.0584301 secs] [Times: user=0.28 sys=0.00, real=0.06 secs] 
4745.247: [GC (Allocation Failure) [PSYoungGen: 418390K->186837K(465920K)] 1083478K->908205K(1864192K), 0.0456251 secs] [Times: user=0.21 sys=0.00, real=0.04 secs] 
4746.266: [GC (Allocation Failure) [PSYoungGen: 419797K->96219K(465920K)] 1141165K->887996K(1864192K), 0.0502819 secs] [Times: user=0.27 sys=0.00, real=0.05 secs] 
4747.701: [GC (GCLocker Initiated GC) [PSYoungGen: 329179K->165492K(465920K)] 1120956K->988173K(1864192K), 0.1071391 secs] [Times: user=0.53 sys=0.00, real=0.11 secs] 
4748.007: [GC (Allocation Failure) [PSYoungGen: 398452K->193430K(465920K)] 1221300K->1068426K(1864192K), 0.0432220 secs] [Times: user=0.20 sys=0.00, real=0.04 secs] 
4748.166: [GC (Allocation Failure) [PSYoungGen: 426390K->185687K(465920K)] 1301386K->1124971K(1864192K), 0.0508235 secs] [Times: user=0.24 sys=0.00, real=0.05 secs] 
4748.608: [GC (Allocation Failure) [PSYoungGen: 417087K->212340K(465920K)] 1356371K->1210528K(1864192K), 0.0547300 secs] [Times: user=0.27 sys=0.00, real=0.05 secs] 
4750.235: [GC (Allocation Failure) [PSYoungGen: 445300K->93595K(465920K)] 1443488K->1159139K(1864192K), 0.0996338 secs] [Times: user=0.53 sys=0.00, real=0.09 secs] 
4750.663: [GC (Allocation Failure) [PSYoungGen: 326555K->180918K(465920K)] 1392099K->1276627K(1864192K), 0.0469687 secs] [Times: user=0.20 sys=0.00, real=0.05 secs] 
4750.861: [GC (Allocation Failure) [PSYoungGen: 413878K->185302K(465920K)] 1509587K->1337463K(1864192K), 0.0607002 secs] [Times: user=0.29 sys=0.00, real=0.06 secs] 
4751.104: [GC (Allocation Failure) [PSYoungGen: 418262K->186837K(465920K)] 1570423K->1395342K(1864192K), 0.0656432 secs] [Times: user=0.32 sys=0.00, real=0.07 secs] 
4752.139: [GC (Allocation Failure) [PSYoungGen: 419797K->98156K(465920K)] 1628305K->1377175K(1864192K), 0.0469681 secs] [Times: user=0.25 sys=0.00, real=0.05 secs] 
4752.720: [GC (Allocation Failure) [PSYoungGen: 331116K->172436K(465920K)] 1610135K->1483509K(1864192K), 0.1265961 secs] [Times: user=0.65 sys=0.00, real=0.13 secs] 
4752.846: [Full GC (Ergonomics) [PSYoungGen: 172436K->0K(465920K)] [ParOldGen: 1311072K->194700K(1398272K)] 1483509K->194700K(1864192K), [Metaspace: 60431K->60431K(1105920K)], 0.2557323 secs] [Times: user=1.26 sys=0.00, real=0.25 secs] 
4753.212: [GC (Allocation Failure) [PSYoungGen: 232960K->181781K(465920K)] 427660K->376482K(1864192K), 0.0335703 secs] [Times: user=0.13 sys=0.01, real=0.04 secs] 
4753.359: [GC (Allocation Failure) [PSYoungGen: 414741K->186327K(465920K)] 609442K->444944K(1864192K), 0.0436804 secs] [Times: user=0.19 sys=0.00, real=0.04 secs] 
4753.776: [GC (Allocation Failure) [PSYoungGen: 415791K->214388K(465920K)] 674408K->532173K(1864192K), 0.0544445 secs] [Times: user=0.26 sys=0.00, real=0.05 secs] 
4754.847: [GC (Allocation Failure) [PSYoungGen: 447348K->93659K(465920K)] 765133K->479431K(1864192K), 0.0721849 secs] [Times: user=0.39 sys=0.00, real=0.07 secs] 
4755.618: [GC (GCLocker Initiated GC) [PSYoungGen: 326619K->178837K(465920K)] 712392K->594263K(1864192K), 0.0496781 secs] [Times: user=0.22 sys=0.00, real=0.05 secs] 
4755.812: [GC (Allocation Failure) [PSYoungGen: 411797K->185046K(465920K)] 827518K->656686K(1864192K), 0.0428471 secs] [Times: user=0.19 sys=0.00, real=0.05 secs] 
4755.965: [GC (Allocation Failure) [PSYoungGen: 418006K->187061K(465920K)] 889646K->714510K(1864192K), 0.0450883 secs] [Times: user=0.20 sys=0.00, real=0.04 secs] 
4757.022: [GC (Allocation Failure) [PSYoungGen: 420021K->102876K(465920K)] 947470K->700693K(1864192K), 0.0445876 secs] [Times: user=0.23 sys=0.00, real=0.05 secs] 
4757.880: [GC (Allocation Failure) [PSYoungGen: 335836K->176660K(465920K)] 933653K->807726K(1864192K), 0.0881170 secs] [Times: user=0.44 sys=0.00, real=0.09 secs] 
4758.140: [GC (Allocation Failure) [PSYoungGen: 409620K->182133K(465920K)] 1040686K->867391K(1864192K), 0.0423627 secs] [Times: user=0.19 sys=0.00, real=0.04 secs] 
4758.296: [GC (GCLocker Initiated GC) [PSYoungGen: 415093K->184375K(465920K)] 1100351K->933256K(1864192K), 0.0493468 secs] [Times: user=0.23 sys=0.00, real=0.05 secs] 
4758.965: [GC (Allocation Failure) [PSYoungGen: 417335K->211412K(465920K)] 1170316K->1022962K(1864192K), 0.0572450 secs] [Times: user=0.28 sys=0.00, real=0.05 secs] 
4759.679: [GC (Allocation Failure) [PSYoungGen: 444372K->101660K(465920K)] 1255922K->981098K(1864192K), 0.0924173 secs] [Times: user=0.50 sys=0.00, real=0.09 secs] 
4760.103: [GC (Allocation Failure) [PSYoungGen: 334620K->180918K(465920K)] 1214058K->1092828K(1864192K), 0.0455056 secs] [Times: user=0.20 sys=0.00, real=0.05 secs] 
4760.339: [GC (Allocation Failure) [PSYoungGen: 413878K->182933K(465920K)] 1325788K->1150915K(1864192K), 0.0559229 secs] [Times: user=0.26 sys=0.00, real=0.05 secs] 
4760.672: [GC (Allocation Failure) [PSYoungGen: 415893K->186901K(465920K)] 1383875K->1210227K(1864192K), 0.0575179 secs] [Times: user=0.28 sys=0.00, real=0.06 secs] 
4761.883: [GC (GCLocker Initiated GC) [PSYoungGen: 419861K->96539K(465920K)] 1443187K->1190250K(1864192K), 0.0448099 secs] [Times: user=0.23 sys=0.00, real=0.05 secs] 
4762.716: [GC (Allocation Failure) [PSYoungGen: 329499K->168820K(465920K)] 1423376K->1293614K(1864192K), 0.0949076 secs] [Times: user=0.46 sys=0.00, real=0.09 secs] 
4762.995: [GC (Allocation Failure) [PSYoungGen: 401780K->185302K(465920K)] 1526574K->1363063K(1864192K), 0.0435510 secs] [Times: user=0.20 sys=0.00, real=0.05 secs] 
4763.149: [GC (Allocation Failure) [PSYoungGen: 418262K->186295K(465920K)] 1596023K->1428433K(1864192K), 0.0512395 secs] [Times: user=0.24 sys=0.00, real=0.05 secs] 
4763.814: [GC (Allocation Failure) [PSYoungGen: 419255K->211795K(465920K)] 1661393K->1513029K(1864192K), 0.0538376 secs] [Times: user=0.26 sys=0.00, real=0.06 secs] 
4764.955: [GC (Allocation Failure) [PSYoungGen: 444755K->98587K(465920K)] 1745989K->1466265K(1864192K), 0.0805842 secs] [Times: user=0.43 sys=0.00, real=0.08 secs] 
4765.036: [Full GC (Ergonomics) [PSYoungGen: 98587K->0K(465920K)] [ParOldGen: 1367677K->116106K(1398272K)] 1466265K->116106K(1864192K), [Metaspace: 60431K->60431K(1105920K)], 0.1602825 secs] [Times: user=0.70 sys=0.00, real=0.16 secs] 
4766.054: [GC (Allocation Failure) [PSYoungGen: 232960K->182774K(465920K)] 349066K->298881K(1864192K), 0.0336225 secs] [Times: user=0.13 sys=0.00, real=0.04 secs] 
4766.214: [GC (Allocation Failure) [PSYoungGen: 415734K->193622K(465920K)] 531841K->366524K(1864192K), 0.0423134 secs] [Times: user=0.19 sys=0.00, real=0.05 secs] 
4766.362: [GC (Allocation Failure) [PSYoungGen: 426582K->184148K(465920K)] 599484K->413307K(1864192K), 0.0447187 secs] [Times: user=0.20 sys=0.00, real=0.05 secs] 
4767.362: [GC (Allocation Failure) [PSYoungGen: 417108K->101948K(465920K)] 646267K->400587K(1864192K), 0.0462481 secs] [Times: user=0.23 sys=0.00, real=0.05 secs] 
4768.357: [GC (Allocation Failure) [PSYoungGen: 334908K->169268K(465920K)] 633547K->501051K(1864192K), 0.0815075 secs] [Times: user=0.39 sys=0.00, real=0.08 secs] 
4768.646: [GC (Allocation Failure) [PSYoungGen: 402228K->185398K(465920K)] 734011K->570005K(1864192K), 0.0508166 secs] [Times: user=0.24 sys=0.00, real=0.05 secs] 
4768.836: [GC (Allocation Failure) [PSYoungGen: 418358K->186103K(465920K)] 802965K->635378K(1864192K), 0.0557677 secs] [Times: user=0.27 sys=0.00, real=0.05 secs] 
4769.772: [GC (Allocation Failure) [PSYoungGen: 419063K->171251K(465920K)] 868338K->679566K(1864192K), 0.0580850 secs] [Times: user=0.29 sys=0.00, real=0.06 secs] 
4770.119: [GC (GCLocker Initiated GC) [PSYoungGen: 404211K->109613K(465920K)] 912526K->683336K(1864192K), 0.0636928 secs] [Times: user=0.31 sys=0.00, real=0.06 secs] 
4771.016: [GC (Allocation Failure) [PSYoungGen: 342573K->176693K(465920K)] 924783K->793332K(1864192K), 0.1735537 secs] [Times: user=0.97 sys=0.00, real=0.17 secs] 
4771.342: [GC (Allocation Failure) [PSYoungGen: 409653K->185271K(465920K)] 1026292K->858754K(1864192K), 0.1730966 secs] [Times: user=0.97 sys=0.00, real=0.17 secs] 
4771.622: [GC (Allocation Failure) [PSYoungGen: 418231K->180116K(465920K)] 1091714K->912359K(1864192K), 0.0566792 secs] [Times: user=0.28 sys=0.00, real=0.06 secs] 
4772.682: [GC (GCLocker Initiated GC) [PSYoungGen: 413076K->102252K(465920K)] 1145319K->903059K(1864192K), 0.0469467 secs] [Times: user=0.24 sys=0.00, real=0.05 secs] 
4774.584: [GC (Allocation Failure) [PSYoungGen: 335212K->167572K(465920K)] 1136186K->1001146K(1864192K), 0.0880612 secs] [Times: user=0.43 sys=0.00, real=0.09 secs] 
4774.883: [GC (Allocation Failure) [PSYoungGen: 400532K->185238K(465920K)] 1234106K->1071640K(1864192K), 0.0463368 secs] [Times: user=0.21 sys=0.00, real=0.05 secs] 
4775.038: [GC (Allocation Failure) [PSYoungGen: 410045K->178742K(465920K)] 1296448K->1129473K(1864192K), 0.0493851 secs] [Times: user=0.23 sys=0.00, real=0.05 secs] 
4776.006: [GC (Allocation Failure) [PSYoungGen: 411702K->168275K(460800K)] 1362433K->1175749K(1859072K), 0.0569565 secs] [Times: user=0.29 sys=0.00, real=0.05 secs] 
4776.525: [GC (Allocation Failure) [PSYoungGen: 401235K->112925K(463360K)] 1408709K->1184816K(1861632K), 0.0769704 secs] [Times: user=0.41 sys=0.00, real=0.07 secs] 
4777.460: [GC (Allocation Failure) [PSYoungGen: 339372K->170356K(463872K)] 1411263K->1277660K(1862144K), 0.0543325 secs] [Times: user=0.25 sys=0.00, real=0.05 secs] 
4777.658: [GC (Allocation Failure) [PSYoungGen: 405876K->186998K(464896K)] 1513180K->1347938K(1863168K), 0.0443675 secs] [Times: user=0.20 sys=0.00, real=0.04 secs] 
4777.811: [GC (Allocation Failure) [PSYoungGen: 422518K->185525K(464896K)] 1583458K->1402888K(1863168K), 0.0471154 secs] [Times: user=0.22 sys=0.00, real=0.05 secs] 
4778.898: [GC (Allocation Failure) [PSYoungGen: 418485K->104876K(465920K)] 1635848K->1392312K(1864192K), 0.0555863 secs] [Times: user=0.30 sys=0.00, real=0.05 secs] 
4779.331: [GC (Allocation Failure) [PSYoungGen: 337836K->174133K(465920K)] 1625272K->1495641K(1864192K), 0.0735848 secs] [Times: user=0.36 sys=0.00, real=0.07 secs] 
4779.404: [Full GC (Ergonomics) [PSYoungGen: 174133K->0K(465920K)] [ParOldGen: 1321508K->201187K(1398272K)] 1495641K->201187K(1864192K), [Metaspace: 60431K->60431K(1105920K)], 0.2266194 secs] [Times: user=1.06 sys=0.00, real=0.23 secs] 
4779.758: [GC (Allocation Failure) [PSYoungGen: 232960K->184822K(465920K)] 434147K->386009K(1864192K), 0.0390395 secs] [Times: user=0.13 sys=0.00, real=0.04 secs] 
4779.908: [GC (Allocation Failure) [PSYoungGen: 412836K->177462K(465920K)] 614023K->443081K(1864192K), 0.0578221 secs] [Times: user=0.22 sys=0.00, real=0.06 secs] 
4780.796: [GC (Allocation Failure) [PSYoungGen: 410422K->207051K(465920K)] 676041K->529054K(1864192K), 0.0556028 secs] [Times: user=0.22 sys=0.00, real=0.05 secs] 
4781.854: [GC (Allocation Failure) [PSYoungGen: 440011K->104492K(465920K)] 762014K->491207K(1864192K), 0.1164111 secs] [Times: user=0.63 sys=0.01, real=0.12 secs] 
4782.520: [GC (Allocation Failure) [PSYoungGen: 337452K->178485K(465920K)] 724167K->598409K(1864192K), 0.0512832 secs] [Times: user=0.23 sys=0.00, real=0.05 secs] 
4782.707: [GC (Allocation Failure) [PSYoungGen: 411445K->185174K(465920K)] 831369K->660894K(1864192K), 0.0427913 secs] [Times: user=0.19 sys=0.00, real=0.04 secs] 
4782.914: [GC (Allocation Failure) [PSYoungGen: 418134K->187253K(465920K)] 893854K->719149K(1864192K), 0.0673102 secs] [Times: user=0.33 sys=0.00, real=0.07 secs] 
4783.988: [GC (Allocation Failure) [PSYoungGen: 420213K->98363K(465920K)] 952109K->700768K(1864192K), 0.0442454 secs] [Times: user=0.23 sys=0.01, real=0.04 secs] 
4785.141: [GC (Allocation Failure) [PSYoungGen: 331323K->173589K(465920K)] 933728K->807925K(1864192K), 0.0743638 secs] [Times: user=0.36 sys=0.00, real=0.08 secs] 
4785.433: [GC (Allocation Failure) [PSYoungGen: 406549K->181909K(465920K)] 1040885K->870386K(1864192K), 0.0549236 secs] [Times: user=0.27 sys=0.00, real=0.06 secs] 
4785.605: [GC (Allocation Failure) [PSYoungGen: 414869K->185879K(465920K)] 1103346K->938227K(1864192K), 0.0503316 secs] [Times: user=0.24 sys=0.00, real=0.05 secs] 
4786.547: [GC (Allocation Failure) [PSYoungGen: 418839K->170899K(465920K)] 1171187K->982287K(1864192K), 0.0583370 secs] [Times: user=0.29 sys=0.00, real=0.06 secs] 
4787.159: [GC (Allocation Failure) [PSYoungGen: 403859K->106972K(465920K)] 1215247K->983665K(1864192K), 0.0841880 secs] [Times: user=0.44 sys=0.01, real=0.08 secs] 
4787.730: [GC (Allocation Failure) [PSYoungGen: 334021K->176309K(465920K)] 1210714K->1086710K(1864192K), 0.0457061 secs] [Times: user=0.20 sys=0.00, real=0.05 secs] 
4787.934: [GC (Allocation Failure) [PSYoungGen: 409269K->185398K(465920K)] 1319670K->1151015K(1864192K), 0.0505687 secs] [Times: user=0.24 sys=0.00, real=0.05 secs] 
4788.111: [GC (Allocation Failure) [PSYoungGen: 418358K->183668K(465920K)] 1383975K->1205502K(1864192K), 0.0582991 secs] [Times: user=0.28 sys=0.01, real=0.06 secs] 
4789.176: [GC (Allocation Failure) [PSYoungGen: 416628K->101580K(465920K)] 1438462K->1192741K(1864192K), 0.0454214 secs] [Times: user=0.23 sys=0.00, real=0.04 secs] 
4789.745: [GC (Allocation Failure) [PSYoungGen: 334540K->173941K(465920K)] 1425701K->1297459K(1864192K), 0.0802715 secs] [Times: user=0.39 sys=0.00, real=0.08 secs] 
4789.978: [GC (Allocation Failure) [PSYoungGen: 406901K->182357K(465920K)] 1530419K->1360392K(1864192K), 0.0435209 secs] [Times: user=0.19 sys=0.00, real=0.04 secs] 
4790.167: [GC (Allocation Failure) [PSYoungGen: 415317K->185847K(465920K)] 1593352K->1427481K(1864192K), 0.0735483 secs] [Times: user=0.36 sys=0.00, real=0.07 secs] 
4791.024: [GC (Allocation Failure) [PSYoungGen: 416125K->206899K(465920K)] 1657759K->1507509K(1864192K), 0.0566273 secs] [Times: user=0.27 sys=0.00, real=0.06 secs] 
4792.260: [GC (Allocation Failure) [PSYoungGen: 439859K->103468K(465920K)] 1740469K->1468810K(1864192K), 0.1058886 secs] [Times: user=0.58 sys=0.00, real=0.11 secs] 
4792.366: [Full GC (Ergonomics) [PSYoungGen: 103468K->0K(465920K)] [ParOldGen: 1365342K->121119K(1398272K)] 1468810K->121119K(1864192K), [Metaspace: 60431K->60431K(1105920K)], 0.1878959 secs] [Times: user=0.83 sys=0.00, real=0.18 secs] 
4793.220: [GC (Allocation Failure) [PSYoungGen: 232960K->179605K(465920K)] 354079K->300725K(1864192K), 0.0307159 secs] [Times: user=0.11 sys=0.00, real=0.03 secs] 
4793.373: [GC (Allocation Failure) [PSYoungGen: 412565K->185462K(465920K)] 533685K->362737K(1864192K), 0.0413908 secs] [Times: user=0.18 sys=0.00, real=0.04 secs] 
4793.524: [GC (Allocation Failure) [PSYoungGen: 418422K->187285K(465920K)] 595697K->420832K(1864192K), 0.0451996 secs] [Times: user=0.21 sys=0.00, real=0.05 secs] 
4794.556: [GC (Allocation Failure) [PSYoungGen: 420245K->97883K(465920K)] 653792K->402039K(1864192K), 0.0436018 secs] [Times: user=0.23 sys=0.00, real=0.04 secs] 
4795.081: [GC (Allocation Failure) [PSYoungGen: 330843K->174805K(465920K)] 634999K->511029K(1864192K), 0.0692387 secs] [Times: user=0.32 sys=0.00, real=0.07 secs] 
4795.301: [GC (Allocation Failure) [PSYoungGen: 407765K->181845K(465920K)] 743989K->572349K(1864192K), 0.0419430 secs] [Times: user=0.19 sys=0.00, real=0.04 secs] 
4795.456: [GC (Allocation Failure) [PSYoungGen: 414805K->182710K(465920K)] 805311K->636792K(1864192K), 0.0491842 secs] [Times: user=0.23 sys=0.00, real=0.05 secs] 
4796.593: [GC (Allocation Failure) [PSYoungGen: 411648K->209299K(465920K)] 865730K->721709K(1864192K), 0.0548343 secs] [Times: user=0.27 sys=0.00, real=0.06 secs] 
4797.269: [GC (Allocation Failure) [PSYoungGen: 442259K->103372K(465920K)] 954669K->681510K(1864192K), 0.0622787 secs] [Times: user=0.33 sys=0.00, real=0.06 secs] 
4797.744: [GC (Allocation Failure) [PSYoungGen: 336332K->181974K(465920K)] 914470K->792727K(1864192K), 0.0391517 secs] [Times: user=0.17 sys=0.00, real=0.04 secs] 
4797.919: [GC (Allocation Failure) [PSYoungGen: 414934K->185238K(465920K)] 1025687K->852687K(1864192K), 0.0494643 secs] [Times: user=0.24 sys=0.00, real=0.05 secs] 
4798.095: [GC (Allocation Failure) [PSYoungGen: 418198K->187541K(465920K)] 1085647K->911239K(1864192K), 0.0462785 secs] [Times: user=0.22 sys=0.00, real=0.04 secs] 
4799.076: [GC (Allocation Failure) [PSYoungGen: 420501K->97499K(465920K)] 1144199K->892029K(1864192K), 0.0449568 secs] [Times: user=0.23 sys=0.00, real=0.04 secs] 
4800.629: [GC (Allocation Failure) [PSYoungGen: 330459K->169684K(465920K)] 1124989K->995147K(1864192K), 0.0893686 secs] [Times: user=0.43 sys=0.00, real=0.09 secs] 
4800.909: [GC (Allocation Failure) [PSYoungGen: 402644K->185590K(465920K)] 1228107K->1064104K(1864192K), 0.0433930 secs] [Times: user=0.19 sys=0.00, real=0.04 secs] 
4801.064: [GC (Allocation Failure) [PSYoungGen: 418470K->183126K(465920K)] 1296985K->1126305K(1864192K), 0.0505968 secs] [Times: user=0.23 sys=0.00, real=0.06 secs] 
4801.894: [GC (Allocation Failure) [PSYoungGen: 412834K->194483K(465920K)] 1356012K->1195582K(1864192K), 0.0554850 secs] [Times: user=0.28 sys=0.01, real=0.06 secs] 
4802.547: [GC (Allocation Failure) [PSYoungGen: 427443K->102188K(465920K)] 1428542K->1169654K(1864192K), 0.0655310 secs] [Times: user=0.34 sys=0.01, real=0.06 secs] 
4803.244: [GC (Allocation Failure) [PSYoungGen: 335148K->181078K(465920K)] 1402614K->1281020K(1864192K), 0.0522865 secs] [Times: user=0.23 sys=0.00, real=0.06 secs] 
4803.466: [GC (Allocation Failure) [PSYoungGen: 414038K->185270K(465920K)] 1513980K->1341589K(1864192K), 0.0634207 secs] [Times: user=0.30 sys=0.00, real=0.06 secs] 
4803.646: [GC (Allocation Failure) [PSYoungGen: 418230K->187445K(465920K)] 1574549K->1400012K(1864192K), 0.0480792 secs] [Times: user=0.23 sys=0.00, real=0.04 secs] 
4804.683: [GC (Allocation Failure) [PSYoungGen: 420405K->97755K(465920K)] 1632972K->1380930K(1864192K), 0.0462299 secs] [Times: user=0.24 sys=0.00, real=0.05 secs] 
4805.869: [GC (Allocation Failure) [PSYoungGen: 330715K->169364K(465920K)] 1613890K->1483664K(1864192K), 0.0997986 secs] [Times: user=0.50 sys=0.01, real=0.10 secs] 
4805.969: [Full GC (Ergonomics) [PSYoungGen: 169364K->0K(465920K)] [ParOldGen: 1314299K->193508K(1398272K)] 1483664K->193508K(1864192K), [Metaspace: 60435K->60435K(1105920K)], 0.2563287 secs] [Times: user=1.26 sys=0.00, real=0.26 secs] 
4806.335: [GC (Allocation Failure) [PSYoungGen: 232960K->182101K(465920K)] 426468K->375610K(1864192K), 0.0317487 secs] [Times: user=0.12 sys=0.00, real=0.03 secs] 
4806.481: [GC (Allocation Failure) [PSYoungGen: 415061K->186039K(465920K)] 608570K->443164K(1864192K), 0.0435495 secs] [Times: user=0.20 sys=0.00, real=0.05 secs] 
4807.295: [GC (Allocation Failure) [PSYoungGen: 418349K->212115K(465920K)] 675474K->528280K(1864192K), 0.0568468 secs] [Times: user=0.29 sys=0.00, real=0.06 secs] 
4808.578: [GC (Allocation Failure) [PSYoungGen: 445075K->100716K(465920K)] 761240K->483456K(1864192K), 0.1155709 secs] [Times: user=0.63 sys=0.00, real=0.11 secs] 
4809.542: [GC (Allocation Failure) [PSYoungGen: 333676K->179509K(465920K)] 716416K->594027K(1864192K), 0.0538451 secs] [Times: user=0.24 sys=0.00, real=0.06 secs] 
4809.737: [GC (Allocation Failure) [PSYoungGen: 412469K->184886K(465920K)] 826987K->655231K(1864192K), 0.0437515 secs] [Times: user=0.19 sys=0.00, real=0.04 secs] 
4809.887: [GC (Allocation Failure) [PSYoungGen: 417846K->184500K(465920K)] 888191K->711006K(1864192K), 0.0456035 secs] [Times: user=0.21 sys=0.00, real=0.04 secs] 
4810.896: [GC (GCLocker Initiated GC) [PSYoungGen: 417460K->102012K(465920K)] 943967K->698126K(1864192K), 0.0487942 secs] [Times: user=0.25 sys=0.00, real=0.05 secs] 
4811.562: [GC (Allocation Failure) [PSYoungGen: 334972K->171060K(465920K)] 931217K->800633K(1864192K), 0.0565130 secs] [Times: user=0.22 sys=0.00, real=0.06 secs] 
4811.745: [GC (Allocation Failure) [PSYoungGen: 404020K->183637K(465920K)] 1033593K->866474K(1864192K), 0.0433951 secs] [Times: user=0.19 sys=0.00, real=0.04 secs] 
4812.617: [GC (Allocation Failure) [PSYoungGen: 416597K->183862K(465920K)] 1099434K->930603K(1864192K), 0.0717316 secs] [Times: user=0.35 sys=0.00, real=0.07 secs] 
4813.713: [GC (Allocation Failure) [PSYoungGen: 416738K->209683K(465920K)] 1163478K->1014616K(1864192K), 0.0530260 secs] [Times: user=0.26 sys=0.00, real=0.06 secs] 
4814.610: [GC (Allocation Failure) [PSYoungGen: 442643K->97659K(465920K)] 1247576K->969024K(1864192K), 0.0744630 secs] [Times: user=0.40 sys=0.00, real=0.07 secs] 
4815.164: [GC (Allocation Failure) [PSYoungGen: 330619K->179445K(465920K)] 1201984K->1081671K(1864192K), 0.0506213 secs] [Times: user=0.23 sys=0.00, real=0.05 secs] 
4815.349: [GC (Allocation Failure) [PSYoungGen: 412405K->185142K(465920K)] 1314631K->1143495K(1864192K), 0.0442202 secs] [Times: user=0.20 sys=0.00, real=0.04 secs] 
4815.504: [GC (Allocation Failure) [PSYoungGen: 418102K->187541K(465920K)] 1376455K->1201999K(1864192K), 0.0461242 secs] [Times: user=0.22 sys=0.00, real=0.05 secs] 
4816.571: [GC (Allocation Failure) [PSYoungGen: 420501K->103388K(465920K)] 1434959K->1188766K(1864192K), 0.0471234 secs] [Times: user=0.25 sys=0.00, real=0.05 secs] 
4818.010: [GC (GCLocker Initiated GC) [PSYoungGen: 336348K->164339K(465920K)] 1421726K->1283022K(1864192K), 0.1009075 secs] [Times: user=0.52 sys=0.00, real=0.10 secs] 
4818.314: [GC (Allocation Failure) [PSYoungGen: 397299K->183861K(465920K)] 1516149K->1354251K(1864192K), 0.0440715 secs] [Times: user=0.20 sys=0.00, real=0.05 secs] 
4818.500: [GC (Allocation Failure) [PSYoungGen: 416821K->185847K(465920K)] 1587211K->1420289K(1864192K), 0.0683995 secs] [Times: user=0.34 sys=0.00, real=0.07 secs] 
4819.173: [GC (Allocation Failure) [PSYoungGen: 417928K->213844K(465920K)] 1652370K->1507246K(1864192K), 0.0549077 secs] [Times: user=0.27 sys=0.00, real=0.06 secs] 
4820.328: [GC (Allocation Failure) [PSYoungGen: 446804K->99851K(465920K)] 1740206K->1461029K(1864192K), 0.0550187 secs] [Times: user=0.29 sys=0.00, real=0.05 secs] 
4820.383: [Full GC (Ergonomics) [PSYoungGen: 99851K->0K(465920K)] [ParOldGen: 1361177K->117477K(1398272K)] 1461029K->117477K(1864192K), [Metaspace: 60438K->60438K(1105920K)], 0.1138340 secs] [Times: user=0.45 sys=0.00, real=0.12 secs] 
4820.890: [GC (Allocation Failure) [PSYoungGen: 232960K->180566K(465920K)] 350437K->298043K(1864192K), 0.0254894 secs] [Times: user=0.08 sys=0.00, real=0.03 secs] 
4821.055: [GC (Allocation Failure) [PSYoungGen: 413526K->181877K(465920K)] 531003K->355319K(1864192K), 0.0460003 secs] [Times: user=0.21 sys=0.00, real=0.04 secs] 
4821.375: [GC (Allocation Failure) [PSYoungGen: 414837K->186325K(465920K)] 588279K->414959K(1864192K), 0.0787814 secs] [Times: user=0.39 sys=0.00, real=0.08 secs] 
4822.813: [GC (GCLocker Initiated GC) [PSYoungGen: 419285K->102284K(465920K)] 647919K->401230K(1864192K), 0.0443133 secs] [Times: user=0.23 sys=0.00, real=0.05 secs] 
4823.299: [GC (GCLocker Initiated GC) [PSYoungGen: 335244K->172148K(465920K)] 634194K->504842K(1864192K), 0.0852967 secs] [Times: user=0.42 sys=0.00, real=0.08 secs] 
4823.548: [GC (Allocation Failure) [PSYoungGen: 405108K->185046K(465920K)] 737931K->571637K(1864192K), 0.0422558 secs] [Times: user=0.19 sys=0.00, real=0.04 secs] 
4823.704: [GC (Allocation Failure) [PSYoungGen: 418006K->185559K(465920K)] 804597K->636446K(1864192K), 0.0494802 secs] [Times: user=0.23 sys=0.00, real=0.05 secs] 
4824.563: [GC (Allocation Failure) [PSYoungGen: 415718K->208147K(465920K)] 866606K->717826K(1864192K), 0.0555395 secs] [Times: user=0.27 sys=0.00, real=0.06 secs] 
4825.626: [GC (Allocation Failure) [PSYoungGen: 441107K->100283K(465920K)] 950786K->675291K(1864192K), 0.1058712 secs] [Times: user=0.57 sys=0.01, real=0.10 secs] 
4826.302: [GC (Allocation Failure) [PSYoungGen: 333243K->182710K(465920K)] 908251K->789462K(1864192K), 0.0476118 secs] [Times: user=0.22 sys=0.00, real=0.05 secs] 
4826.476: [GC (Allocation Failure) [PSYoungGen: 415670K->185398K(465920K)] 1022422K->849114K(1864192K), 0.0439812 secs] [Times: user=0.20 sys=0.00, real=0.04 secs] 
4826.651: [GC (Allocation Failure) [PSYoungGen: 418358K->186997K(465920K)] 1082074K->906817K(1864192K), 0.0513092 secs] [Times: user=0.25 sys=0.00, real=0.05 secs] 
4827.668: [GC (Allocation Failure) [PSYoungGen: 419957K->98604K(465920K)] 1139777K->888880K(1864192K), 0.0441180 secs] [Times: user=0.22 sys=0.00, real=0.04 secs] 
4829.237: [GC (GCLocker Initiated GC) [PSYoungGen: 331564K->163827K(465920K)] 1121840K->985844K(1864192K), 0.0639644 secs] [Times: user=0.31 sys=0.00, real=0.06 secs] 
4829.495: [GC (Allocation Failure) [PSYoungGen: 396787K->185398K(465920K)] 1218807K->1059038K(1864192K), 0.0563460 secs] [Times: user=0.26 sys=0.00, real=0.05 secs] 
4829.682: [GC (Allocation Failure) [PSYoungGen: 418358K->185495K(465920K)] 1291998K->1123535K(1864192K), 0.0500445 secs] [Times: user=0.24 sys=0.00, real=0.05 secs] 
4830.239: [GC (Allocation Failure) [PSYoungGen: 418455K->214740K(465920K)] 1356495K->1211532K(1864192K), 0.0546444 secs] [Times: user=0.27 sys=0.01, real=0.05 secs] 
4830.936: [GC (GCLocker Initiated GC) [PSYoungGen: 447700K->103276K(465920K)] 1444492K->1167676K(1864192K), 0.0682579 secs] [Times: user=0.36 sys=0.01, real=0.06 secs] 
4831.334: [GC (Allocation Failure) [PSYoungGen: 336236K->177494K(465920K)] 1408995K->1283275K(1864192K), 0.1275175 secs] [Times: user=0.70 sys=0.00, real=0.13 secs] 
4831.598: [GC (Allocation Failure) [PSYoungGen: 410454K->184631K(465920K)] 1516235K->1346924K(1864192K), 0.1802056 secs] [Times: user=1.01 sys=0.00, real=0.18 secs] 
4831.885: [GC (Allocation Failure) [PSYoungGen: 417591K->181140K(465920K)] 1579884K->1402242K(1864192K), 0.0600868 secs] [Times: user=0.30 sys=0.00, real=0.06 secs] 
4832.982: [GC (Allocation Failure) [PSYoungGen: 414100K->97851K(465920K)] 1635202K->1387697K(1864192K), 0.0486624 secs] [Times: user=0.25 sys=0.00, real=0.05 secs] 
4834.270: [GC (Allocation Failure) [PSYoungGen: 330811K->173941K(465920K)] 1620657K->1494679K(1864192K), 0.0966237 secs] [Times: user=0.48 sys=0.00, real=0.10 secs] 
4834.367: [Full GC (Ergonomics) [PSYoungGen: 173941K->0K(465920K)] [ParOldGen: 1320738K->198974K(1398272K)] 1494679K->198974K(1864192K), [Metaspace: 60438K->60438K(1105920K)], 0.2655819 secs] [Times: user=1.30 sys=0.00, real=0.26 secs] 
4834.742: [GC (Allocation Failure) [PSYoungGen: 232960K->182165K(465920K)] 431934K->381140K(1864192K), 0.0329352 secs] [Times: user=0.13 sys=0.00, real=0.04 secs] 
4834.892: [GC (Allocation Failure) [PSYoungGen: 413962K->184343K(465920K)] 612937K->447022K(1864192K), 0.0439225 secs] [Times: user=0.19 sys=0.00, real=0.05 secs] 
4835.762: [GC (Allocation Failure) [PSYoungGen: 417303K->212218K(465920K)] 679982K->533337K(1864192K), 0.0498950 secs] [Times: user=0.24 sys=0.00, real=0.05 secs] 
4836.936: [GC (Allocation Failure) [PSYoungGen: 445178K->107772K(465920K)] 766297K->493411K(1864192K), 0.1155151 secs] [Times: user=0.63 sys=0.00, real=0.11 secs] 
4837.416: [GC (Allocation Failure) [PSYoungGen: 335275K->175509K(465920K)] 720914K->595485K(1864192K), 0.0444112 secs] [Times: user=0.19 sys=0.00, real=0.04 secs] 
4837.618: [GC (Allocation Failure) [PSYoungGen: 408469K->185302K(465920K)] 828445K->660242K(1864192K), 0.0572889 secs] [Times: user=0.28 sys=0.00, real=0.06 secs] 
4837.808: [GC (Allocation Failure) [PSYoungGen: 418262K->187189K(465920K)] 893202K->718393K(1864192K), 0.0456628 secs] [Times: user=0.21 sys=0.00, real=0.04 secs] 
4838.787: [GC (Allocation Failure) [PSYoungGen: 420149K->97691K(465920K)] 951353K->699391K(1864192K), 0.0496753 secs] [Times: user=0.26 sys=0.00, real=0.05 secs] 
4839.425: [GC (Allocation Failure) [PSYoungGen: 330651K->172949K(465920K)] 932351K->806625K(1864192K), 0.0718563 secs] [Times: user=0.35 sys=0.00, real=0.07 secs] 
4839.655: [GC (Allocation Failure) [PSYoungGen: 405909K->185014K(465920K)] 1039585K->872418K(1864192K), 0.0446680 secs] [Times: user=0.21 sys=0.00, real=0.05 secs] 
4839.817: [GC (Allocation Failure) [PSYoungGen: 417974K->184343K(465920K)] 1105378K->936215K(1864192K), 0.0532086 secs] [Times: user=0.23 sys=0.00, real=0.05 secs] 
4840.938: [GC (Allocation Failure) [PSYoungGen: 417303K->169427K(465920K)] 1169175K->979963K(1864192K), 0.0562696 secs] [Times: user=0.28 sys=0.00, real=0.05 secs] 
4841.770: [GC (Allocation Failure) [PSYoungGen: 402387K->107116K(465920K)] 1212923K->982421K(1864192K), 0.0939469 secs] [Times: user=0.50 sys=0.01, real=0.09 secs] 
4842.443: [GC (Allocation Failure) [PSYoungGen: 335173K->176373K(465920K)] 1210477K->1085322K(1864192K), 0.0474589 secs] [Times: user=0.22 sys=0.00, real=0.05 secs] 
4842.612: [GC (Allocation Failure) [PSYoungGen: 409333K->185302K(465920K)] 1318282K->1149703K(1864192K), 0.0447701 secs] [Times: user=0.20 sys=0.00, real=0.05 secs] 
4842.766: [GC (Allocation Failure) [PSYoungGen: 418262K->187285K(465920K)] 1382663K->1207702K(1864192K), 0.0471118 secs] [Times: user=0.22 sys=0.00, real=0.04 secs] 
4843.833: [GC (Allocation Failure) [PSYoungGen: 420245K->98379K(465920K)] 1440662K->1189333K(1864192K), 0.0513763 secs] [Times: user=0.27 sys=0.00, real=0.05 secs] 
4845.509: [GC (Allocation Failure) [PSYoungGen: 331339K->167124K(465920K)] 1422293K->1289138K(1864192K), 0.0826249 secs] [Times: user=0.40 sys=0.01, real=0.08 secs] 
4845.764: [GC (Allocation Failure) [PSYoungGen: 400084K->185142K(465920K)] 1522098K->1359908K(1864192K), 0.0446974 secs] [Times: user=0.20 sys=0.00, real=0.05 secs] 
4845.924: [GC (Allocation Failure) [PSYoungGen: 418102K->185975K(465920K)] 1592868K->1425117K(1864192K), 0.0524288 secs] [Times: user=0.24 sys=0.00, real=0.06 secs] 
4846.819: [GC (Allocation Failure) [PSYoungGen: 418935K->211760K(465920K)] 1658077K->1509871K(1864192K), 0.0531906 secs] [Times: user=0.27 sys=0.00, real=0.05 secs] 
4847.409: [GC (Allocation Failure) [PSYoungGen: 444720K->107340K(465920K)] 1742831K->1471779K(1864192K), 0.0735692 secs] [Times: user=0.38 sys=0.00, real=0.07 secs] 
4847.482: [Full GC (Ergonomics) [PSYoungGen: 107340K->0K(465920K)] [ParOldGen: 1364438K->124981K(1398272K)] 1471779K->124981K(1864192K), [Metaspace: 60438K->60438K(1105920K)], 0.1606578 secs] [Times: user=0.71 sys=0.00, real=0.16 secs] 
4848.418: [GC (Allocation Failure) [PSYoungGen: 231729K->176053K(465920K)] 356710K->301034K(1864192K), 0.0329059 secs] [Times: user=0.12 sys=0.00, real=0.03 secs] 
4848.583: [GC (Allocation Failure) [PSYoungGen: 409013K->182165K(465920K)] 533994K->361942K(1864192K), 0.0405958 secs] [Times: user=0.18 sys=0.00, real=0.04 secs] 
4848.733: [GC (Allocation Failure) [PSYoungGen: 415125K->187445K(465920K)] 594902K->422230K(1864192K), 0.0443507 secs] [Times: user=0.21 sys=0.00, real=0.05 secs] 
4849.742: [GC (Allocation Failure) [PSYoungGen: 420405K->101820K(465920K)] 655190K->407245K(1864192K), 0.0436060 secs] [Times: user=0.23 sys=0.00, real=0.05 secs] 
4851.074: [GC (Allocation Failure) [PSYoungGen: 334780K->170516K(465920K)] 640205K->508402K(1864192K), 0.0857189 secs] [Times: user=0.41 sys=0.00, real=0.09 secs] 
4851.374: [GC (Allocation Failure) [PSYoungGen: 403476K->182357K(465920K)] 741362K->573479K(1864192K), 0.0475616 secs] [Times: user=0.21 sys=0.00, real=0.05 secs] 
4851.562: [GC (Allocation Failure) [PSYoungGen: 415317K->186007K(465920K)] 806439K->641009K(1864192K), 0.0699025 secs] [Times: user=0.34 sys=0.00, real=0.07 secs] 
4852.412: [GC (Allocation Failure) [PSYoungGen: 414838K->209331K(465920K)] 869840K->723325K(1864192K), 0.0550918 secs] [Times: user=0.28 sys=0.00, real=0.06 secs] 
4853.264: [GC (Allocation Failure) [PSYoungGen: 442291K->99467K(465920K)] 956285K->679374K(1864192K), 0.0883987 secs] [Times: user=0.47 sys=0.01, real=0.09 secs] 
4854.276: [GC (Allocation Failure) [PSYoungGen: 332427K->179893K(465920K)] 912334K->791409K(1864192K), 0.0547098 secs] [Times: user=0.24 sys=0.00, real=0.05 secs] 
4854.474: [GC (Allocation Failure) [PSYoungGen: 412853K->184982K(465920K)] 1024369K->852821K(1864192K), 0.0451952 secs] [Times: user=0.20 sys=0.00, real=0.05 secs] 
4854.656: [GC (Allocation Failure) [PSYoungGen: 417942K->187061K(465920K)] 1085781K->910852K(1864192K), 0.0697321 secs] [Times: user=0.35 sys=0.00, real=0.07 secs] 
4855.746: [GC (Allocation Failure) [PSYoungGen: 420021K->102300K(465920K)] 1143812K->896587K(1864192K), 0.0460848 secs] [Times: user=0.24 sys=0.00, real=0.04 secs] 
4856.359: [GC (Allocation Failure) [PSYoungGen: 335260K->167988K(465920K)] 1129547K->995787K(1864192K), 0.0631224 secs] [Times: user=0.30 sys=0.00, real=0.06 secs] 
4856.623: [GC (Allocation Failure) [PSYoungGen: 400948K->184310K(465920K)] 1228747K->1064809K(1864192K), 0.0519920 secs] [Times: user=0.25 sys=0.00, real=0.06 secs] 
4856.788: [GC (Allocation Failure) [PSYoungGen: 417270K->186199K(465920K)] 1297769K->1130850K(1864192K), 0.0503407 secs] [Times: user=0.24 sys=0.00, real=0.05 secs] 
4857.541: [GC (Allocation Failure) [PSYoungGen: 419159K->215411K(465920K)] 1363810K->1219399K(1864192K), 0.0579873 secs] [Times: user=0.28 sys=0.01, real=0.06 secs] 
4858.391: [GC (Allocation Failure) [PSYoungGen: 448371K->101820K(465920K)] 1452359K->1172183K(1864192K), 0.1021305 secs] [Times: user=0.55 sys=0.00, real=0.10 secs] 
4859.489: [GC (Allocation Failure) [PSYoungGen: 334780K->178421K(465920K)] 1405143K->1280494K(1864192K), 0.0528880 secs] [Times: user=0.24 sys=0.00, real=0.05 secs] 
4859.678: [GC (Allocation Failure) [PSYoungGen: 411381K->185366K(465920K)] 1513454K->1343174K(1864192K), 0.0473919 secs] [Times: user=0.22 sys=0.00, real=0.05 secs] 
4859.855: [GC (Allocation Failure) [PSYoungGen: 418326K->187413K(465920K)] 1576134K->1401461K(1864192K), 0.0543136 secs] [Times: user=0.26 sys=0.00, real=0.05 secs] 
4860.902: [GC (Allocation Failure) [PSYoungGen: 420373K->100076K(465920K)] 1634421K->1384852K(1864192K), 0.0484554 secs] [Times: user=0.25 sys=0.00, real=0.05 secs] 
4862.766: [GC (Allocation Failure) [PSYoungGen: 333036K->168276K(465920K)] 1617812K->1485549K(1864192K), 0.1109493 secs] [Times: user=0.53 sys=0.00, real=0.11 secs] 
4862.877: [Full GC (Ergonomics) [PSYoungGen: 168276K->0K(465920K)] [ParOldGen: 1317272K->193002K(1398272K)] 1485549K->193002K(1864192K), [Metaspace: 60438K->60438K(1105920K)], 0.2483799 secs] [Times: user=1.10 sys=0.00, real=0.25 secs] 
4863.240: [GC (Allocation Failure) [PSYoungGen: 232960K->181525K(465920K)] 425962K->374527K(1864192K), 0.0327185 secs] [Times: user=0.14 sys=0.00, real=0.03 secs] 
4863.388: [GC (Allocation Failure) [PSYoungGen: 414485K->186135K(465920K)] 607487K->442933K(1864192K), 0.0435894 secs] [Times: user=0.19 sys=0.01, real=0.04 secs] 
4863.817: [GC (Allocation Failure) [PSYoungGen: 415268K->211572K(465920K)] 672066K->527354K(1864192K), 0.0533554 secs] [Times: user=0.26 sys=0.00, real=0.05 secs] 
4864.911: [GC (Allocation Failure) [PSYoungGen: 444532K->97707K(465920K)] 760314K->480657K(1864192K), 0.0738165 secs] [Times: user=0.40 sys=0.00, real=0.08 secs] 
4865.339: [GC (Allocation Failure) [PSYoungGen: 330667K->183542K(465920K)] 713617K->597701K(1864192K), 0.0350388 secs] [Times: user=0.14 sys=0.00, real=0.03 secs] 
4865.552: [GC (Allocation Failure) [PSYoungGen: 416502K->185110K(465920K)] 830661K->656197K(1864192K), 0.0493860 secs] [Times: user=0.23 sys=0.00, real=0.05 secs] 
4865.880: [GC (Allocation Failure) [PSYoungGen: 418070K->186421K(465920K)] 889157K->713532K(1864192K), 0.0490017 secs] [Times: user=0.23 sys=0.00, real=0.05 secs] 
4867.119: [GC (Allocation Failure) [PSYoungGen: 419381K->98348K(465920K)] 946492K->695699K(1864192K), 0.0450821 secs] [Times: user=0.24 sys=0.00, real=0.04 secs] 
4868.223: [GC (Allocation Failure) [PSYoungGen: 331308K->169300K(465920K)] 928659K->798184K(1864192K), 0.0795094 secs] [Times: user=0.39 sys=0.00, real=0.08 secs] 
4868.468: [GC (Allocation Failure) [PSYoungGen: 402260K->185366K(465920K)] 1031144K->867150K(1864192K), 0.0436591 secs] [Times: user=0.20 sys=0.00, real=0.04 secs] 
4868.647: [GC (Allocation Failure) [PSYoungGen: 418326K->183158K(465920K)] 1100110K->929438K(1864192K), 0.0599026 secs] [Times: user=0.29 sys=0.00, real=0.06 secs] 
4869.492: [GC (Allocation Failure) [PSYoungGen: 415968K->196756K(465920K)] 1162248K->1000860K(1864192K), 0.0565282 secs] [Times: user=0.28 sys=0.00, real=0.06 secs] 
4870.611: [GC (Allocation Failure) [PSYoungGen: 429716K->100732K(465920K)] 1233820K->971956K(1864192K), 0.1109887 secs] [Times: user=0.61 sys=0.01, real=0.11 secs] 
4871.148: [GC (Allocation Failure) [PSYoungGen: 333233K->181814K(465920K)] 1204457K->1084867K(1864192K), 0.0434436 secs] [Times: user=0.19 sys=0.00, real=0.04 secs] 
4871.302: [GC (Allocation Failure) [PSYoungGen: 414774K->185142K(465920K)] 1317827K->1145067K(1864192K), 0.0451357 secs] [Times: user=0.20 sys=0.00, real=0.05 secs] 
4871.475: [GC (Allocation Failure) [PSYoungGen: 418102K->184020K(465920K)] 1378027K->1199977K(1864192K), 0.0508550 secs] [Times: user=0.24 sys=0.00, real=0.05 secs] 
4872.471: [GC (Allocation Failure) [PSYoungGen: 416980K->102156K(465920K)] 1432937K->1187609K(1864192K), 0.0450461 secs] [Times: user=0.23 sys=0.00, real=0.05 secs] 
4873.340: [GC (Allocation Failure) [PSYoungGen: 335116K->170228K(465920K)] 1420569K->1288818K(1864192K), 0.1093434 secs] [Times: user=0.47 sys=0.00, real=0.11 secs] 
4873.642: [GC (Allocation Failure) [PSYoungGen: 403188K->185206K(465920K)] 1521778K->1356763K(1864192K), 0.0439681 secs] [Times: user=0.20 sys=0.00, real=0.05 secs] 
4873.823: [GC (Allocation Failure) [PSYoungGen: 418166K->183190K(465920K)] 1589723K->1419244K(1864192K), 0.0669248 secs] [Times: user=0.33 sys=0.00, real=0.07 secs] 
4875.227: [GC (Allocation Failure) [PSYoungGen: 411494K->193011K(465920K)] 1647548K->1487264K(1864192K), 0.0579575 secs] [Times: user=0.29 sys=0.00, real=0.06 secs] 
4875.827: [GC (Allocation Failure) [PSYoungGen: 425971K->99755K(465920K)] 1720224K->1459729K(1864192K), 0.0742329 secs] [Times: user=0.39 sys=0.01, real=0.07 secs] 
4875.901: [Full GC (Ergonomics) [PSYoungGen: 99755K->0K(465920K)] [ParOldGen: 1359973K->117475K(1398272K)] 1459729K->117475K(1864192K), [Metaspace: 60438K->60438K(1105920K)], 0.1583617 secs] [Times: user=0.68 sys=0.00, real=0.16 secs] 
4876.510: [GC (Allocation Failure) [PSYoungGen: 232960K->183126K(465920K)] 350435K->300601K(1864192K), 0.0272627 secs] [Times: user=0.10 sys=0.00, real=0.03 secs] 
4876.666: [GC (Allocation Failure) [PSYoungGen: 416086K->179221K(465920K)] 533561K->353844K(1864192K), 0.0458223 secs] [Times: user=0.21 sys=0.00, real=0.04 secs] 
4876.847: [GC (Allocation Failure) [PSYoungGen: 412181K->203925K(465920K)] 586804K->433508K(1864192K), 0.0599306 secs] [Times: user=0.29 sys=0.00, real=0.06 secs] 
4877.889: [GC (Allocation Failure) [PSYoungGen: 436885K->105692K(465920K)] 666468K->405940K(1864192K), 0.0442378 secs] [Times: user=0.22 sys=0.01, real=0.04 secs] 
4878.525: [GC (Allocation Failure) [PSYoungGen: 338652K->173973K(465920K)] 638900K->508480K(1864192K), 0.0719727 secs] [Times: user=0.34 sys=0.01, real=0.07 secs] 
4878.753: [GC (Allocation Failure) [PSYoungGen: 406933K->190101K(465920K)] 741440K->578925K(1864192K), 0.0423506 secs] [Times: user=0.19 sys=0.00, real=0.05 secs] 
4878.950: [GC (Allocation Failure) [PSYoungGen: 423061K->186007K(465920K)] 811885K->646759K(1864192K), 0.0790601 secs] [Times: user=0.40 sys=0.00, real=0.08 secs] 
4879.799: [GC (Allocation Failure) [PSYoungGen: 416462K->207699K(465920K)] 877213K->727619K(1864192K), 0.0573977 secs] [Times: user=0.29 sys=0.00, real=0.06 secs] 
4880.721: [GC (Allocation Failure) [PSYoungGen: 440659K->105084K(465920K)] 960579K->690060K(1864192K), 0.0892528 secs] [Times: user=0.48 sys=0.00, real=0.09 secs] 
4881.165: [GC (Allocation Failure) [PSYoungGen: 333446K->177269K(465920K)] 918422K->796153K(1864192K), 0.0466242 secs] [Times: user=0.21 sys=0.00, real=0.05 secs] 
4881.330: [GC (Allocation Failure) [PSYoungGen: 410229K->185142K(465920K)] 1029113K->858937K(1864192K), 0.0437396 secs] [Times: user=0.20 sys=0.00, real=0.04 secs] 
4881.530: [GC (GCLocker Initiated GC) [PSYoungGen: 418102K->184277K(465920K)] 1091898K->914025K(1864192K), 0.0486119 secs] [Times: user=0.23 sys=0.00, real=0.05 secs] 
4882.595: [GC (Allocation Failure) [PSYoungGen: 417237K->99564K(465920K)] 1146986K->898961K(1864192K), 0.0456091 secs] [Times: user=0.24 sys=0.00, real=0.04 secs] 
4883.525: [GC (Allocation Failure) [PSYoungGen: 332524K->169076K(465920K)] 1131921K->1000870K(1864192K), 0.1098314 secs] [Times: user=0.51 sys=0.00, real=0.10 secs] 
4883.821: [GC (Allocation Failure) [PSYoungGen: 402036K->184982K(465920K)] 1233830K->1069411K(1864192K), 0.0434802 secs] [Times: user=0.20 sys=0.00, real=0.04 secs] 
4884.003: [GC (Allocation Failure) [PSYoungGen: 417942K->186199K(465920K)] 1302371K->1134932K(1864192K), 0.0558614 secs] [Times: user=0.26 sys=0.00, real=0.06 secs] 
4884.819: [GC (Allocation Failure) [PSYoungGen: 416096K->209907K(465920K)] 1364829K->1217673K(1864192K), 0.0567946 secs] [Times: user=0.29 sys=0.00, real=0.06 secs] 
4885.343: [GC (Allocation Failure) [PSYoungGen: 442867K->101180K(465920K)] 1450633K->1174993K(1864192K), 0.0492821 secs] [Times: user=0.25 sys=0.00, real=0.05 secs] 
4886.283: [GC (Allocation Failure) [PSYoungGen: 334140K->179957K(465920K)] 1407953K->1285552K(1864192K), 0.0550072 secs] [Times: user=0.25 sys=0.00, real=0.06 secs] 
4886.479: [GC (Allocation Failure) [PSYoungGen: 412917K->185174K(465920K)] 1518512K->1347028K(1864192K), 0.0457122 secs] [Times: user=0.21 sys=0.00, real=0.04 secs] 
4886.634: [GC (Allocation Failure) [PSYoungGen: 418134K->187029K(465920K)] 1579988K->1405171K(1864192K), 0.0479869 secs] [Times: user=0.23 sys=0.00, real=0.05 secs] 
4887.664: [GC (Allocation Failure) [PSYoungGen: 419989K->100908K(465920K)] 1638131K->1389386K(1864192K), 0.0484523 secs] [Times: user=0.26 sys=0.00, real=0.05 secs] 
4888.650: [GC (Allocation Failure) [PSYoungGen: 333868K->171380K(465920K)] 1622346K->1492120K(1864192K), 0.1074123 secs] [Times: user=0.54 sys=0.00, real=0.11 secs] 
4888.757: [Full GC (Ergonomics) [PSYoungGen: 171380K->0K(465920K)] [ParOldGen: 1320739K->195736K(1398272K)] 1492120K->195736K(1864192K), [Metaspace: 60438K->60438K(1105920K)], 0.2639830 secs] [Times: user=1.31 sys=0.00, real=0.26 secs] 
4889.134: [GC (Allocation Failure) [PSYoungGen: 232960K->185078K(465920K)] 428696K->380815K(1864192K), 0.0336212 secs] [Times: user=0.14 sys=0.00, real=0.04 secs] 
4889.281: [GC (Allocation Failure) [PSYoungGen: 418038K->182902K(465920K)] 613775K->442999K(1864192K), 0.0435843 secs] [Times: user=0.19 sys=0.00, real=0.04 secs] 
4890.110: [GC (Allocation Failure) [PSYoungGen: 412200K->209651K(465920K)] 672297K->527948K(1864192K), 0.0543611 secs] [Times: user=0.27 sys=0.00, real=0.05 secs] 
4890.977: [GC (Allocation Failure) [PSYoungGen: 442611K->101196K(465920K)] 760908K->485173K(1864192K), 0.0975067 secs] [Times: user=0.52 sys=0.00, real=0.10 secs] 
4891.680: [GC (Allocation Failure) [PSYoungGen: 334156K->179125K(465920K)] 718133K->595419K(1864192K), 0.0510287 secs] [Times: user=0.23 sys=0.00, real=0.05 secs] 
4891.865: [GC (Allocation Failure) [PSYoungGen: 412085K->185494K(465920K)] 828379K->657608K(1864192K), 0.0437057 secs] [Times: user=0.20 sys=0.00, real=0.05 secs] 
4892.016: [GC (Allocation Failure) [PSYoungGen: 418454K->187349K(465920K)] 890568K->715887K(1864192K), 0.0457097 secs] [Times: user=0.22 sys=0.00, real=0.04 secs] 
4893.051: [GC (Allocation Failure) [PSYoungGen: 420309K->99420K(465920K)] 948847K->698590K(1864192K), 0.0555431 secs] [Times: user=0.30 sys=0.00, real=0.06 secs] 
4893.933: [GC (Allocation Failure) [PSYoungGen: 332380K->171124K(465920K)] 931550K->802619K(1864192K), 0.0824842 secs] [Times: user=0.33 sys=0.00, real=0.09 secs] 
4894.200: [GC (Allocation Failure) [PSYoungGen: 404084K->181813K(465920K)] 1035579K->866776K(1864192K), 0.0430636 secs] [Times: user=0.19 sys=0.00, real=0.04 secs] 
4894.363: [GC (Allocation Failure) [PSYoungGen: 414773K->185879K(465920K)] 1099736K->934202K(1864192K), 0.0502587 secs] [Times: user=0.24 sys=0.00, real=0.05 secs] 
4895.231: [GC (Allocation Failure) [PSYoungGen: 415604K->210291K(465920K)] 1163927K->1017606K(1864192K), 0.0557444 secs] [Times: user=0.27 sys=0.00, real=0.06 secs] 
4895.743: [GC (Allocation Failure) [PSYoungGen: 443251K->104732K(465920K)] 1250566K->978279K(1864192K), 0.0621630 secs] [Times: user=0.33 sys=0.00, real=0.07 secs] 
4896.934: [GC (Allocation Failure) [PSYoungGen: 337692K->176021K(465920K)] 1211239K->1082541K(1864192K), 0.0517278 secs] [Times: user=0.23 sys=0.00, real=0.06 secs] 
4897.123: [GC (Allocation Failure) [PSYoungGen: 408981K->185206K(465920K)] 1315501K->1146962K(1864192K), 0.0438402 secs] [Times: user=0.20 sys=0.00, real=0.05 secs] 
4897.278: [GC (Allocation Failure) [PSYoungGen: 418166K->187093K(465920K)] 1379922K->1205001K(1864192K), 0.0464680 secs] [Times: user=0.21 sys=0.00, real=0.04 secs] 
4898.271: [GC (Allocation Failure) [PSYoungGen: 420053K->100940K(465920K)] 1437961K->1189096K(1864192K), 0.0446512 secs] [Times: user=0.23 sys=0.00, real=0.05 secs] 
4898.826: [GC (Allocation Failure) [PSYoungGen: 333900K->175733K(465920K)] 1422056K->1297321K(1864192K), 0.0636084 secs] [Times: user=0.31 sys=0.00, real=0.06 secs] 
4899.012: [GC (Allocation Failure) [PSYoungGen: 408693K->179573K(465920K)] 1530281K->1355608K(1864192K), 0.0434150 secs] [Times: user=0.19 sys=0.00, real=0.05 secs] 
4899.192: [GC (Allocation Failure) [PSYoungGen: 412533K->185623K(465920K)] 1588568K->1424810K(1864192K), 0.0628168 secs] [Times: user=0.31 sys=0.00, real=0.07 secs] 
4900.172: [GC (Allocation Failure) [PSYoungGen: 418583K->170643K(465920K)] 1657770K->1468870K(1864192K), 0.0584028 secs] [Times: user=0.30 sys=0.00, real=0.06 secs] 
4900.683: [GC (Allocation Failure) [PSYoungGen: 403603K->105676K(465920K)] 1701830K->1469136K(1864192K), 0.0768356 secs] [Times: user=0.41 sys=0.00, real=0.08 secs] 
4900.760: [Full GC (Ergonomics) [PSYoungGen: 105676K->0K(465920K)] [ParOldGen: 1363459K->123820K(1398272K)] 1469136K->123820K(1864192K), [Metaspace: 60438K->60438K(1105920K)], 0.1629440 secs] [Times: user=0.70 sys=0.01, real=0.16 secs] 
4901.312: [GC (Allocation Failure) [PSYoungGen: 225262K->176053K(465920K)] 349083K->299873K(1864192K), 0.0335604 secs] [Times: user=0.13 sys=0.00, real=0.04 secs] 
4901.481: [GC (Allocation Failure) [PSYoungGen: 409013K->185334K(465920K)] 532833K->363962K(1864192K), 0.0419225 secs] [Times: user=0.19 sys=0.00, real=0.04 secs] 
4901.686: [GC (Allocation Failure) [PSYoungGen: 418294K->183796K(465920K)] 596922K->418521K(1864192K), 0.0497979 secs] [Times: user=0.23 sys=0.00, real=0.05 secs] 
4902.840: [GC (Allocation Failure) [PSYoungGen: 416756K->99916K(465920K)] 651481K->403760K(1864192K), 0.0435212 secs] [Times: user=0.22 sys=0.00, real=0.04 secs] 
4905.090: [GC (GCLocker Initiated GC) [PSYoungGen: 332876K->165716K(465920K)] 636720K->501277K(1864192K), 0.1176717 secs] [Times: user=0.59 sys=0.00, real=0.12 secs] 
4905.420: [GC (Allocation Failure) [PSYoungGen: 398676K->182261K(465920K)] 734276K->569822K(1864192K), 0.0424408 secs] [Times: user=0.19 sys=0.00, real=0.04 secs] 
4905.600: [GC (Allocation Failure) [PSYoungGen: 415221K->185847K(465920K)] 802782K->636959K(1864192K), 0.0609728 secs] [Times: user=0.30 sys=0.00, real=0.06 secs] 
4906.073: [GC (Allocation Failure) [PSYoungGen: 416590K->200436K(465920K)] 867703K->710373K(1864192K), 0.0541272 secs] [Times: user=0.26 sys=0.00, real=0.06 secs] 
4907.492: [GC (GCLocker Initiated GC) [PSYoungGen: 433396K->92090K(465920K)] 943334K->671084K(1864192K), 0.1087961 secs] [Times: user=0.60 sys=0.00, real=0.11 secs] 
4908.193: [GC (Allocation Failure) [PSYoungGen: 325050K->179989K(465920K)] 904045K->787877K(1864192K), 0.0535094 secs] [Times: user=0.24 sys=0.00, real=0.06 secs] 
4908.449: [GC (Allocation Failure) [PSYoungGen: 412949K->184662K(465920K)] 1020837K->848529K(1864192K), 0.0601341 secs] [Times: user=0.29 sys=0.00, real=0.06 secs] 
4908.665: [GC (Allocation Failure) [PSYoungGen: 417622K->187477K(465920K)] 1081489K->907169K(1864192K), 0.0636313 secs] [Times: user=0.31 sys=0.00, real=0.06 secs] 
4909.689: [GC (Allocation Failure) [PSYoungGen: 420437K->103308K(465920K)] 1140129K->893792K(1864192K), 0.0513975 secs] [Times: user=0.27 sys=0.00, real=0.05 secs] 
4910.238: [GC (Allocation Failure) [PSYoungGen: 336268K->172532K(465920K)] 1126752K->996445K(1864192K), 0.0947753 secs] [Times: user=0.48 sys=0.00, real=0.09 secs] 
4910.493: [GC (Allocation Failure) [PSYoungGen: 405492K->185366K(465920K)] 1229405K->1063218K(1864192K), 0.0438765 secs] [Times: user=0.20 sys=0.00, real=0.05 secs] 
4910.649: [GC (Allocation Failure) [PSYoungGen: 418326K->182614K(465920K)] 1296178K->1124987K(1864192K), 0.0508696 secs] [Times: user=0.24 sys=0.00, real=0.05 secs] 
4910.952: [GC (Allocation Failure) [PSYoungGen: 415574K->195636K(465920K)] 1357947K->1195880K(1864192K), 0.0538847 secs] [Times: user=0.26 sys=0.00, real=0.06 secs] 
4912.136: [GC (Allocation Failure) [PSYoungGen: 428596K->96731K(465920K)] 1428840K->1164472K(1864192K), 0.0644643 secs] [Times: user=0.35 sys=0.00, real=0.06 secs] 
4912.670: [GC (Allocation Failure) [PSYoungGen: 329691K->183190K(465920K)] 1397432K->1281620K(1864192K), 0.0506692 secs] [Times: user=0.23 sys=0.00, real=0.05 secs] 
4912.849: [GC (Allocation Failure) [PSYoungGen: 416150K->185366K(465920K)] 1514580K->1340907K(1864192K), 0.0452428 secs] [Times: user=0.21 sys=0.00, real=0.04 secs] 
4913.002: [GC (Allocation Failure) [PSYoungGen: 418326K->187381K(465920K)] 1573867K->1399043K(1864192K), 0.0471697 secs] [Times: user=0.23 sys=0.00, real=0.05 secs] 
4914.027: [GC (Allocation Failure) [PSYoungGen: 420341K->99596K(465920K)] 1632003K->1381921K(1864192K), 0.0459355 secs] [Times: user=0.24 sys=0.01, real=0.04 secs] 
4915.585: [GC (Allocation Failure) [PSYoungGen: 332556K->168500K(465920K)] 1614881K->1482510K(1864192K), 0.0912047 secs] [Times: user=0.45 sys=0.01, real=0.09 secs] 
4915.676: [Full GC (Ergonomics) [PSYoungGen: 168500K->0K(465920K)] [ParOldGen: 1314010K->192098K(1398272K)] 1482510K->192098K(1864192K), [Metaspace: 60438K->60438K(1105920K)], 0.2572940 secs] [Times: user=1.26 sys=0.00, real=0.25 secs] 
4916.047: [GC (Allocation Failure) [PSYoungGen: 232960K->182261K(465920K)] 425058K->374360K(1864192K), 0.0323122 secs] [Times: user=0.13 sys=0.00, real=0.03 secs] 
4916.196: [GC (Allocation Failure) [PSYoungGen: 415221K->186103K(465920K)] 607320K->441978K(1864192K), 0.0437720 secs] [Times: user=0.19 sys=0.00, real=0.04 secs] 
4916.803: [GC (Allocation Failure) [PSYoungGen: 419063K->217940K(465920K)] 674938K->532911K(1864192K), 0.0532735 secs] [Times: user=0.26 sys=0.00, real=0.06 secs] 
4917.673: [GC (Allocation Failure) [PSYoungGen: 450900K->103308K(465920K)] 765871K->485515K(1864192K), 0.0616348 secs] [Times: user=0.32 sys=0.00, real=0.06 secs] 
4918.050: [GC (Allocation Failure) [PSYoungGen: 331769K->178933K(465920K)] 713976K->594337K(1864192K), 0.0526208 secs] [Times: user=0.24 sys=0.00, real=0.05 secs] 
4918.271: [GC (Allocation Failure) [PSYoungGen: 411893K->185302K(465920K)] 827297K->656273K(1864192K), 0.0594425 secs] [Times: user=0.28 sys=0.00, real=0.06 secs] 
4918.812: [GC (GCLocker Initiated GC) [PSYoungGen: 418262K->180980K(465920K)] 889234K->708216K(1864192K), 0.0815680 secs] [Times: user=0.41 sys=0.00, real=0.08 secs] 
4920.054: [GC (Allocation Failure) [PSYoungGen: 413940K->100028K(465920K)] 941343K->695983K(1864192K), 0.0483850 secs] [Times: user=0.25 sys=0.00, real=0.05 secs] 
4921.135: [GC (Allocation Failure) [PSYoungGen: 332988K->171764K(465920K)] 928943K->799420K(1864192K), 0.0808233 secs] [Times: user=0.39 sys=0.00, real=0.08 secs] 
4921.425: [GC (Allocation Failure) [PSYoungGen: 404724K->179253K(465920K)] 1032380K->860701K(1864192K), 0.0460554 secs] [Times: user=0.21 sys=0.00, real=0.05 secs] 
4921.587: [GC (Allocation Failure) [PSYoungGen: 412213K->185943K(465920K)] 1093661K->930207K(1864192K), 0.0499991 secs] [Times: user=0.23 sys=0.00, real=0.05 secs] 
4922.334: [GC (Allocation Failure) [PSYoungGen: 418903K->220436K(465920K)] 1163167K->1023604K(1864192K), 0.0566927 secs] [Times: user=0.28 sys=0.00, real=0.06 secs] 
4923.519: [GC (Allocation Failure) [PSYoungGen: 453396K->98811K(465920K)] 1256564K->970156K(1864192K), 0.1078716 secs] [Times: user=0.58 sys=0.00, real=0.11 secs] 
4924.720: [GC (Allocation Failure) [PSYoungGen: 331771K->176277K(465920K)] 1203116K->1078714K(1864192K), 0.0531562 secs] [Times: user=0.24 sys=0.00, real=0.05 secs] 
4924.980: [GC (Allocation Failure) [PSYoungGen: 409237K->185302K(465920K)] 1311674K->1142895K(1864192K), 0.0579481 secs] [Times: user=0.27 sys=0.00, real=0.06 secs] 
4925.204: [GC (Allocation Failure) [PSYoungGen: 418262K->186837K(465920K)] 1375855K->1200598K(1864192K), 0.0662013 secs] [Times: user=0.33 sys=0.00, real=0.07 secs] 
4926.222: [GC (Allocation Failure) [PSYoungGen: 419797K->103132K(465920K)] 1433558K->1187277K(1864192K), 0.0450102 secs] [Times: user=0.23 sys=0.00, real=0.05 secs] 
4927.004: [GC (Allocation Failure) [PSYoungGen: 336092K->168756K(465920K)] 1420237K->1286637K(1864192K), 0.0895617 secs] [Times: user=0.44 sys=0.00, real=0.09 secs] 
4927.262: [GC (Allocation Failure) [PSYoungGen: 401716K->189717K(465920K)] 1519597K->1360439K(1864192K), 0.0428500 secs] [Times: user=0.20 sys=0.00, real=0.05 secs] 
4927.458: [GC (Allocation Failure) [PSYoungGen: 422677K->185847K(465920K)] 1593399K->1419880K(1864192K), 0.0758633 secs] [Times: user=0.38 sys=0.01, real=0.07 secs] 
4928.320: [GC (Allocation Failure) [PSYoungGen: 416328K->215348K(465920K)] 1650362K->1508437K(1864192K), 0.0597510 secs] [Times: user=0.30 sys=0.00, real=0.06 secs] 
4929.056: [GC (Allocation Failure) [PSYoungGen: 448264K->101596K(465920K)] 1741354K->1462373K(1864192K), 0.0815018 secs] [Times: user=0.43 sys=0.00, real=0.08 secs] 
4929.138: [Full GC (Ergonomics) [PSYoungGen: 101596K->0K(465920K)] [ParOldGen: 1360777K->120289K(1398272K)] 1462373K->120289K(1864192K), [Metaspace: 60438K->60438K(1105920K)], 0.1634478 secs] [Times: user=0.71 sys=0.00, real=0.16 secs] 
4930.361: [GC (Allocation Failure) [PSYoungGen: 232932K->178677K(465920K)] 353221K->298967K(1864192K), 0.0372831 secs] [Times: user=0.15 sys=0.00, real=0.04 secs] 
4930.545: [GC (Allocation Failure) [PSYoungGen: 411637K->182421K(465920K)] 531927K->358579K(1864192K), 0.0419935 secs] [Times: user=0.18 sys=0.00, real=0.04 secs] 
4930.715: [GC (Allocation Failure) [PSYoungGen: 415381K->186965K(465920K)] 591539K->418434K(1864192K), 0.0601876 secs] [Times: user=0.29 sys=0.00, real=0.07 secs] 
4931.728: [GC (Allocation Failure) [PSYoungGen: 419925K->102764K(465920K)] 651394K->404890K(1864192K), 0.0469999 secs] [Times: user=0.25 sys=0.00, real=0.05 secs] 
4932.925: [GC (Allocation Failure) [PSYoungGen: 335724K->168564K(465920K)] 637850K->503526K(1864192K), 0.1188503 secs] [Times: user=0.60 sys=0.00, real=0.11 secs] 
4933.247: [GC (Allocation Failure) [PSYoungGen: 401524K->181973K(465920K)] 736486K->569612K(1864192K), 0.0439173 secs] [Times: user=0.20 sys=0.01, real=0.04 secs] 
4933.451: [GC (Allocation Failure) [PSYoungGen: 414933K->185847K(465920K)] 802572K->637037K(1864192K), 0.0767465 secs] [Times: user=0.38 sys=0.00, real=0.08 secs] 
4934.044: [GC (Allocation Failure) [PSYoungGen: 418807K->218388K(465920K)] 869997K->728514K(1864192K), 0.0539872 secs] [Times: user=0.25 sys=0.01, real=0.06 secs] 
4934.909: [GC (Allocation Failure) [PSYoungGen: 451348K->103148K(465920K)] 961474K->680627K(1864192K), 0.0856559 secs] [Times: user=0.46 sys=0.00, real=0.08 secs] 
4935.337: [GC (Allocation Failure) [PSYoungGen: 332631K->179573K(465920K)] 910109K->789996K(1864192K), 0.0453217 secs] [Times: user=0.20 sys=0.00, real=0.04 secs] 
4935.503: [GC (Allocation Failure) [PSYoungGen: 412533K->181973K(465920K)] 1022956K->848276K(1864192K), 0.0438936 secs] [Times: user=0.20 sys=0.01, real=0.05 secs] 
4935.692: [GC (Allocation Failure) [PSYoungGen: 414933K->186933K(465920K)] 1081236K->908484K(1864192K), 0.0607152 secs] [Times: user=0.29 sys=0.00, real=0.06 secs] 
4937.116: [GC (Allocation Failure) [PSYoungGen: 419893K->101836K(465920K)] 1141444K->893811K(1864192K), 0.0449422 secs] [Times: user=0.24 sys=0.00, real=0.04 secs] 
4937.541: [GC (Allocation Failure) [PSYoungGen: 334796K->173845K(465920K)] 1126771K->999044K(1864192K), 0.0877190 secs] [Times: user=0.43 sys=0.00, real=0.09 secs] 
4937.819: [GC (Allocation Failure) [PSYoungGen: 406805K->181589K(465920K)] 1232004K->1060956K(1864192K), 0.0428478 secs] [Times: user=0.19 sys=0.00, real=0.04 secs] 
4937.977: [GC (Allocation Failure) [PSYoungGen: 414549K->185911K(465920K)] 1293916K->1128870K(1864192K), 0.0501202 secs] [Times: user=0.23 sys=0.00, real=0.05 secs] 
4938.829: [GC (Allocation Failure) [PSYoungGen: 418871K->209067K(465920K)] 1361830K->1211090K(1864192K), 0.0534536 secs] [Times: user=0.26 sys=0.00, real=0.05 secs] 
4939.662: [GC (Allocation Failure) [PSYoungGen: 442027K->105260K(465920K)] 1444050K->1172771K(1864192K), 0.1080846 secs] [Times: user=0.58 sys=0.00, real=0.11 secs] 
4940.166: [GC (Allocation Failure) [PSYoungGen: 334250K->177941K(465920K)] 1401762K->1278717K(1864192K), 0.0468919 secs] [Times: user=0.21 sys=0.00, real=0.04 secs] 
4940.365: [GC (Allocation Failure) [PSYoungGen: 410901K->185142K(465920K)] 1511677K->1341362K(1864192K), 0.0514816 secs] [Times: user=0.24 sys=0.00, real=0.05 secs] 
4940.534: [GC (Allocation Failure) [PSYoungGen: 418102K->184084K(465920K)] 1574322K->1396345K(1864192K), 0.0483102 secs] [Times: user=0.23 sys=0.00, real=0.05 secs] 
4941.543: [GC (Allocation Failure) [PSYoungGen: 417044K->101516K(465920K)] 1629305K->1383168K(1864192K), 0.0470471 secs] [Times: user=0.25 sys=0.00, real=0.05 secs] 
4942.948: [GC (Allocation Failure) [PSYoungGen: 334476K->170900K(465920K)] 1616128K->1486032K(1864192K), 0.0801612 secs] [Times: user=0.39 sys=0.00, real=0.08 secs] 
4943.028: [Full GC (Ergonomics) [PSYoungGen: 170900K->0K(465920K)] [ParOldGen: 1315131K->196432K(1398272K)] 1486032K->196432K(1864192K), [Metaspace: 60457K->60457K(1105920K)], 0.2337373 secs] [Times: user=1.12 sys=0.00, real=0.23 secs] 
4943.371: [GC (Allocation Failure) [PSYoungGen: 232960K->181173K(465920K)] 429392K->377606K(1864192K), 0.0325761 secs] [Times: user=0.13 sys=0.00, real=0.03 secs] 
4943.517: [GC (Allocation Failure) [PSYoungGen: 414133K->185751K(465920K)] 610566K->445844K(1864192K), 0.0439902 secs] [Times: user=0.20 sys=0.00, real=0.04 secs] 
4944.323: [GC (Allocation Failure) [PSYoungGen: 416151K->210163K(465920K)] 676244K->529312K(1864192K), 0.0552297 secs] [Times: user=0.27 sys=0.00, real=0.06 secs] 
4944.907: [GC (Allocation Failure) [PSYoungGen: 443123K->100475K(465920K)] 762272K->485721K(1864192K), 0.0867852 secs] [Times: user=0.46 sys=0.00, real=0.08 secs] 
4945.512: [GC (Allocation Failure) [PSYoungGen: 333435K->182934K(465920K)] 718681K->599884K(1864192K), 0.0527360 secs] [Times: user=0.23 sys=0.00, real=0.05 secs] 
4945.738: [GC (Allocation Failure) [PSYoungGen: 415894K->182101K(465920K)] 832844K->655983K(1864192K), 0.0597438 secs] [Times: user=0.28 sys=0.00, real=0.06 secs] 
4945.911: [GC (Allocation Failure) [PSYoungGen: 415061K->187125K(465920K)] 888943K->716495K(1864192K), 0.0455605 secs] [Times: user=0.21 sys=0.00, real=0.05 secs] 
4946.883: [GC (Allocation Failure) [PSYoungGen: 420085K->102060K(465920K)] 949455K->701750K(1864192K), 0.0457005 secs] [Times: user=0.23 sys=0.00, real=0.05 secs] 
4947.975: [GC (GCLocker Initiated GC) [PSYoungGen: 335020K->173845K(465920K)] 934710K->806260K(1864192K), 0.0993530 secs] [Times: user=0.49 sys=0.00, real=0.10 secs] 
4948.290: [GC (Allocation Failure) [PSYoungGen: 406805K->178933K(465920K)] 1039350K->866059K(1864192K), 0.0443041 secs] [Times: user=0.20 sys=0.00, real=0.04 secs] 
4948.453: [GC (Allocation Failure) [PSYoungGen: 411893K->186071K(465920K)] 1099019K->935781K(1864192K), 0.0497778 secs] [Times: user=0.22 sys=0.00, real=0.05 secs] 
4949.395: [GC (Allocation Failure) [PSYoungGen: 419031K->172179K(465920K)] 1168741K->980953K(1864192K), 0.0556675 secs] [Times: user=0.28 sys=0.00, real=0.05 secs] 
4950.336: [GC (Allocation Failure) [PSYoungGen: 405139K->105724K(465920K)] 1213913K->980130K(1864192K), 0.1149736 secs] [Times: user=0.62 sys=0.00, real=0.11 secs] 
4951.015: [GC (Allocation Failure) [PSYoungGen: 337968K->177173K(465920K)] 1212373K->1084888K(1864192K), 0.0528577 secs] [Times: user=0.24 sys=0.01, real=0.05 secs] 
4951.204: [GC (Allocation Failure) [PSYoungGen: 410133K->185398K(465920K)] 1317848K->1149021K(1864192K), 0.0441482 secs] [Times: user=0.19 sys=0.00, real=0.05 secs] 
4951.358: [GC (Allocation Failure) [PSYoungGen: 418358K->187157K(465920K)] 1381981K->1206900K(1864192K), 0.0462182 secs] [Times: user=0.22 sys=0.00, real=0.04 secs] 
4952.411: [GC (Allocation Failure) [PSYoungGen: 420117K->99020K(465920K)] 1439860K->1189435K(1864192K), 0.0447477 secs] [Times: user=0.23 sys=0.00, real=0.05 secs] 
4952.938: [GC (Allocation Failure) [PSYoungGen: 331955K->175349K(465920K)] 1422369K->1298048K(1864192K), 0.0768841 secs] [Times: user=0.37 sys=0.00, real=0.08 secs] 
4953.216: [GC (Allocation Failure) [PSYoungGen: 408309K->179189K(465920K)] 1531008K->1356240K(1864192K), 0.0584383 secs] [Times: user=0.27 sys=0.00, real=0.05 secs] 
4953.394: [GC (Allocation Failure) [PSYoungGen: 412149K->185399K(465920K)] 1589200K->1433146K(1864192K), 0.0510302 secs] [Times: user=0.24 sys=0.00, real=0.06 secs] 
4954.934: [GC (Allocation Failure) [PSYoungGen: 414818K->205971K(465920K)] 1662565K->1512518K(1864192K), 0.0543985 secs] [Times: user=0.27 sys=0.00, real=0.06 secs] 
4955.936: [GC (GCLocker Initiated GC) [PSYoungGen: 438931K->99339K(465920K)] 1745478K->1471111K(1864192K), 0.0740942 secs] [Times: user=0.40 sys=0.00, real=0.07 secs] 
4956.010: [Full GC (Ergonomics) [PSYoungGen: 99339K->0K(465920K)] [ParOldGen: 1371771K->117010K(1398272K)] 1471111K->117010K(1864192K), [Metaspace: 60457K->59553K(1105920K)], 0.1597711 secs] [Times: user=0.64 sys=0.00, real=0.16 secs] 
4956.808: [GC (Allocation Failure) [PSYoungGen: 232960K->179989K(465920K)] 349973K->297002K(1864192K), 0.0272176 secs] [Times: user=0.10 sys=0.00, real=0.03 secs] 
4956.971: [GC (Allocation Failure) [PSYoungGen: 412949K->185398K(465920K)] 529962K->358375K(1864192K), 0.0530863 secs] [Times: user=0.24 sys=0.00, real=0.05 secs] 
4957.161: [GC (Allocation Failure) [PSYoungGen: 418358K->181012K(465920K)] 591335K->410085K(1864192K), 0.0439365 secs] [Times: user=0.21 sys=0.00, real=0.05 secs] 
4958.143: [GC (Allocation Failure) [PSYoungGen: 413972K->106156K(465920K)] 643045K->403454K(1864192K), 0.0449689 secs] [Times: user=0.22 sys=0.00, real=0.05 secs] 
4959.212: [GC (Allocation Failure) [PSYoungGen: 338995K->168724K(465920K)] 636292K->500446K(1864192K), 0.1056207 secs] [Times: user=0.54 sys=0.00, real=0.11 secs] 
4959.506: [GC (Allocation Failure) [PSYoungGen: 401684K->206709K(465920K)] 733406K->591131K(1864192K), 0.0427058 secs] [Times: user=0.19 sys=0.00, real=0.04 secs] 
4959.662: [GC (Allocation Failure) [PSYoungGen: 439669K->185527K(465920K)] 824091K->633533K(1864192K), 0.0495588 secs] [Times: user=0.23 sys=0.00, real=0.05 secs] 
4960.180: [GC (Allocation Failure) [PSYoungGen: 415629K->212980K(465920K)] 863635K->719802K(1864192K), 0.0528771 secs] [Times: user=0.26 sys=0.00, real=0.05 secs] 
4961.157: [GC (Allocation Failure) [PSYoungGen: 445940K->101676K(465920K)] 952762K->676082K(1864192K), 0.0677692 secs] [Times: user=0.36 sys=0.00, real=0.07 secs] 
4961.624: [GC (Allocation Failure) [PSYoungGen: 332020K->180470K(465920K)] 906426K->787304K(1864192K), 0.0483092 secs] [Times: user=0.21 sys=0.00, real=0.05 secs] 
4961.856: [GC (Allocation Failure) [PSYoungGen: 413430K->185430K(465920K)] 1020264K->848400K(1864192K), 0.0488947 secs] [Times: user=0.23 sys=0.00, real=0.04 secs] 
4962.441: [GC (Allocation Failure) [PSYoungGen: 418390K->182228K(465920K)] 1081360K->901423K(1864192K), 0.1050542 secs] [Times: user=0.53 sys=0.00, real=0.11 secs] 
4964.046: [GC (Allocation Failure) [PSYoungGen: 415188K->98716K(465920K)] 1134383K->886758K(1864192K), 0.0439934 secs] [Times: user=0.22 sys=0.00, real=0.04 secs] 
4964.751: [GC (Allocation Failure) [PSYoungGen: 331676K->172949K(465920K)] 1119718K->992908K(1864192K), 0.0855842 secs] [Times: user=0.41 sys=0.00, real=0.09 secs] 
4965.055: [GC (Allocation Failure) [PSYoungGen: 405909K->181429K(465920K)] 1225868K->1055349K(1864192K), 0.0548297 secs] [Times: user=0.26 sys=0.00, real=0.05 secs] 
4965.224: [GC (Allocation Failure) [PSYoungGen: 414389K->186039K(465920K)] 1288309K->1123158K(1864192K), 0.0502748 secs] [Times: user=0.24 sys=0.00, real=0.05 secs] 
4966.039: [GC (Allocation Failure) [PSYoungGen: 417661K->211955K(465920K)] 1354780K->1208091K(1864192K), 0.0577397 secs] [Times: user=0.29 sys=0.00, real=0.06 secs] 
4966.798: [GC (Allocation Failure) [PSYoungGen: 444915K->101468K(465920K)] 1441051K->1164323K(1864192K), 0.0672080 secs] [Times: user=0.36 sys=0.00, real=0.06 secs] 
4967.826: [GC (Allocation Failure) [PSYoungGen: 334428K->176885K(465920K)] 1397283K->1272117K(1864192K), 0.0528602 secs] [Times: user=0.24 sys=0.00, real=0.05 secs] 
4968.015: [GC (Allocation Failure) [PSYoungGen: 409845K->182133K(465920K)] 1505077K->1332690K(1864192K), 0.0438639 secs] [Times: user=0.20 sys=0.00, real=0.04 secs] 
4968.168: [GC (Allocation Failure) [PSYoungGen: 415093K->187541K(465920K)] 1565650K->1393441K(1864192K), 0.0462227 secs] [Times: user=0.21 sys=0.00, real=0.04 secs] 
4969.186: [GC (Allocation Failure) [PSYoungGen: 420501K->103468K(465920K)] 1626401K->1379945K(1864192K), 0.0473382 secs] [Times: user=0.24 sys=0.00, real=0.04 secs] 
4970.286: [GC (Allocation Failure) [PSYoungGen: 336428K->173045K(465920K)] 1612905K->1483649K(1864192K), 0.0717219 secs] [Times: user=0.35 sys=0.00, real=0.07 secs] 
4970.502: [GC (Allocation Failure) [PSYoungGen: 406005K->186645K(465920K)] 1716609K->1551141K(1864192K), 0.0427073 secs] [Times: user=0.19 sys=0.00, real=0.04 secs] 
4970.545: [Full GC (Ergonomics) [PSYoungGen: 186645K->0K(465920K)] [ParOldGen: 1364496K->256159K(1398272K)] 1551141K->256159K(1864192K), [Metaspace: 59553K->59553K(1105920K)], 0.3331214 secs] [Times: user=1.54 sys=0.00, real=0.34 secs] 
4970.993: [GC (Allocation Failure) [PSYoungGen: 232960K->185687K(465920K)] 489119K->441846K(1864192K), 0.0790787 secs] [Times: user=0.40 sys=0.00, real=0.08 secs] 
4971.483: [GC (Allocation Failure) [PSYoungGen: 415320K->211956K(465920K)] 671480K->527079K(1864192K), 0.0546434 secs] [Times: user=0.27 sys=0.00, real=0.06 secs] 
4972.249: [GC (Allocation Failure) [PSYoungGen: 444916K->101756K(465920K)] 760039K->484055K(1864192K), 0.0458731 secs] [Times: user=0.24 sys=0.00, real=0.05 secs] 
4972.588: [GC (GCLocker Initiated GC) [PSYoungGen: 334716K->177781K(465920K)] 717016K->592977K(1864192K), 0.0346056 secs] [Times: user=0.14 sys=0.01, real=0.03 secs] 
4972.742: [GC (Allocation Failure) [PSYoungGen: 410741K->184982K(465920K)] 826068K->655805K(1864192K), 0.0432658 secs] [Times: user=0.20 sys=0.00, real=0.05 secs] 
4972.948: [GC (Allocation Failure) [PSYoungGen: 417942K->187253K(465920K)] 888765K->714292K(1864192K), 0.0730935 secs] [Times: user=0.36 sys=0.00, real=0.07 secs] 
4974.339: [GC (Allocation Failure) [PSYoungGen: 420213K->98668K(465920K)] 947252K->696243K(1864192K), 0.0443684 secs] [Times: user=0.23 sys=0.00, real=0.04 secs] 
4975.104: [GC (Allocation Failure) [PSYoungGen: 331628K->169780K(465920K)] 929203K->799615K(1864192K), 0.0857326 secs] [Times: user=0.41 sys=0.01, real=0.09 secs] 
4975.363: [GC (GCLocker Initiated GC) [PSYoungGen: 402740K->184630K(465920K)] 1032576K->867717K(1864192K), 0.0421093 secs] [Times: user=0.19 sys=0.00, real=0.05 secs] 
4975.521: [GC (Allocation Failure) [PSYoungGen: 417590K->185687K(465920K)] 1100972K->933493K(1864192K), 0.0500696 secs] [Times: user=0.23 sys=0.00, real=0.05 secs] 
4976.315: [GC (Allocation Failure) [PSYoungGen: 418647K->216307K(465920K)] 1166453K->1023194K(1864192K), 0.0560246 secs] [Times: user=0.28 sys=0.00, real=0.05 secs] 
4977.326: [GC (Allocation Failure) [PSYoungGen: 449267K->101260K(465920K)] 1256154K->974858K(1864192K), 0.1155516 secs] [Times: user=0.64 sys=0.00, real=0.11 secs] 
4978.830: [GC (Allocation Failure) [PSYoungGen: 334220K->177237K(465920K)] 1207818K->1082472K(1864192K), 0.0554181 secs] [Times: user=0.25 sys=0.00, real=0.06 secs] 
4979.029: [GC (Allocation Failure) [PSYoungGen: 410175K->185366K(465920K)] 1315411K->1146049K(1864192K), 0.0446746 secs] [Times: user=0.20 sys=0.00, real=0.04 secs] 
4979.180: [GC (Allocation Failure) [PSYoungGen: 418326K->187477K(465920K)] 1379009K->1204296K(1864192K), 0.0467186 secs] [Times: user=0.22 sys=0.00, real=0.05 secs] 
4980.184: [GC (Allocation Failure) [PSYoungGen: 420437K->98684K(465920K)] 1437256K->1186207K(1864192K), 0.0516549 secs] [Times: user=0.27 sys=0.00, real=0.06 secs] 
4980.698: [GC (Allocation Failure) [PSYoungGen: 331644K->174165K(465920K)] 1419167K->1293957K(1864192K), 0.0572120 secs] [Times: user=0.27 sys=0.00, real=0.06 secs] 
4981.028: [GC (Allocation Failure) [PSYoungGen: 407125K->185078K(465920K)] 1526917K->1358797K(1864192K), 0.0509619 secs] [Times: user=0.24 sys=0.00, real=0.05 secs] 
4981.427: [GC (Allocation Failure) [PSYoungGen: 418038K->185303K(465920K)] 1591757K->1423303K(1864192K), 0.0585086 secs] [Times: user=0.28 sys=0.00, real=0.06 secs] 
4982.414: [GC (Allocation Failure) [PSYoungGen: 416528K->206963K(465920K)] 1654528K->1503579K(1864192K), 0.0556274 secs] [Times: user=0.28 sys=0.00, real=0.06 secs] 
4983.088: [GC (Allocation Failure) [PSYoungGen: 439923K->101420K(465920K)] 1736539K->1463020K(1864192K), 0.0735315 secs] [Times: user=0.39 sys=0.01, real=0.07 secs] 
4983.161: [Full GC (Ergonomics) [PSYoungGen: 101420K->0K(465920K)] [ParOldGen: 1361599K->119007K(1398272K)] 1463020K->119007K(1864192K), [Metaspace: 59555K->59549K(1105920K)], 0.1692431 secs] [Times: user=0.72 sys=0.00, real=0.17 secs] 
4984.333: [GC (Allocation Failure) [PSYoungGen: 232960K->178805K(465920K)] 351967K->297813K(1864192K), 0.0374148 secs] [Times: user=0.15 sys=0.00, real=0.04 secs] 
4984.520: [GC (Allocation Failure) [PSYoungGen: 411765K->185590K(465920K)] 530773K->360481K(1864192K), 0.0418436 secs] [Times: user=0.18 sys=0.00, real=0.04 secs] 
4984.670: [GC (Allocation Failure) [PSYoungGen: 418550K->184052K(465920K)] 593441K->415128K(1864192K), 0.0448938 secs] [Times: user=0.21 sys=0.00, real=0.04 secs] 
4985.711: [GC (Allocation Failure) [PSYoungGen: 417012K->99772K(465920K)] 648088K->400371K(1864192K), 0.0479638 secs] [Times: user=0.25 sys=0.00, real=0.05 secs] 
4986.873: [GC (Allocation Failure) [PSYoungGen: 332732K->173301K(465920K)] 633331K->506744K(1864192K), 0.0829017 secs] [Times: user=0.41 sys=0.00, real=0.09 secs] 
4987.123: [GC (Allocation Failure) [PSYoungGen: 406261K->184918K(465920K)] 739704K->572097K(1864192K), 0.0427531 secs] [Times: user=0.18 sys=0.00, real=0.05 secs] 
4987.347: [GC (Allocation Failure) [PSYoungGen: 417878K->184791K(465920K)] 805057K->636130K(1864192K), 0.0556227 secs] [Times: user=0.27 sys=0.00, real=0.05 secs] 
4988.263: [GC (Allocation Failure) [PSYoungGen: 417751K->209427K(465920K)] 869090K->719454K(1864192K), 0.0565288 secs] [Times: user=0.28 sys=0.00, real=0.06 secs] 
4989.139: [GC (Allocation Failure) [PSYoungGen: 442387K->100156K(465920K)] 952414K->675831K(1864192K), 0.1082271 secs] [Times: user=0.59 sys=0.00, real=0.11 secs] 
4989.647: [GC (Allocation Failure) [PSYoungGen: 333116K->182102K(465920K)] 908791K->790057K(1864192K), 0.0477915 secs] [Times: user=0.21 sys=0.00, real=0.05 secs] 
4989.905: [GC (Allocation Failure) [PSYoungGen: 415062K->184886K(465920K)] 1023017K->849225K(1864192K), 0.0442828 secs] [Times: user=0.20 sys=0.00, real=0.04 secs] 
4990.237: [GC (Allocation Failure) [PSYoungGen: 417846K->184885K(465920K)] 1082185K->905088K(1864192K), 0.0465637 secs] [Times: user=0.22 sys=0.00, real=0.04 secs] 
4991.554: [GC (Allocation Failure) [PSYoungGen: 417845K->95819K(465920K)] 1138048K->885863K(1864192K), 0.0440845 secs] [Times: user=0.23 sys=0.00, real=0.05 secs] 
4992.729: [GC (Allocation Failure) [PSYoungGen: 328779K->171860K(465920K)] 1118823K->992709K(1864192K), 0.0779949 secs] [Times: user=0.39 sys=0.00, real=0.08 secs] 
4993.014: [GC (Allocation Failure) [PSYoungGen: 404820K->185398K(465920K)] 1225669K->1060038K(1864192K), 0.0581130 secs] [Times: user=0.27 sys=0.00, real=0.06 secs] 
4993.192: [GC (Allocation Failure) [PSYoungGen: 418358K->186103K(465920K)] 1292998K->1125327K(1864192K), 0.0502461 secs] [Times: user=0.23 sys=0.00, real=0.05 secs] 
4993.843: [GC (Allocation Failure) [PSYoungGen: 419063K->194067K(465920K)] 1358287K->1192356K(1864192K), 0.0536702 secs] [Times: user=0.26 sys=0.00, real=0.06 secs] 
4995.353: [GC (Allocation Failure) [PSYoungGen: 427027K->99291K(465920K)] 1425316K->1163612K(1864192K), 0.1172345 secs] [Times: user=0.64 sys=0.00, real=0.12 secs] 
4996.017: [GC (Allocation Failure) [PSYoungGen: 332251K->183030K(465920K)] 1396572K->1279362K(1864192K), 0.0532916 secs] [Times: user=0.23 sys=0.00, real=0.05 secs] 
4996.204: [GC (Allocation Failure) [PSYoungGen: 415990K->193334K(465920K)] 1512322K->1346474K(1864192K), 0.0458535 secs] [Times: user=0.21 sys=0.00, real=0.05 secs] 
4996.419: [GC (Allocation Failure) [PSYoungGen: 426294K->186709K(465920K)] 1579434K->1395969K(1864192K), 0.0510352 secs] [Times: user=0.24 sys=0.00, real=0.05 secs] 
4997.716: [GC (Allocation Failure) [PSYoungGen: 419669K->98620K(465920K)] 1628929K->1378256K(1864192K), 0.0452799 secs] [Times: user=0.24 sys=0.00, real=0.04 secs] 
4998.606: [GC (Allocation Failure) [PSYoungGen: 331580K->169172K(465920K)] 1611216K->1481053K(1864192K), 0.0692172 secs] [Times: user=0.33 sys=0.00, real=0.07 secs] 
4998.675: [Full GC (Ergonomics) [PSYoungGen: 169172K->0K(465920K)] [ParOldGen: 1311880K->194183K(1398272K)] 1481053K->194183K(1864192K), [Metaspace: 59549K->59549K(1105920K)], 0.2241351 secs] [Times: user=1.06 sys=0.00, real=0.22 secs] 
4999.020: [GC (Allocation Failure) [PSYoungGen: 232960K->184694K(465920K)] 427143K->378877K(1864192K), 0.0339101 secs] [Times: user=0.14 sys=0.00, real=0.03 secs] 
4999.172: [GC (Allocation Failure) [PSYoungGen: 417654K->186071K(465920K)] 611837K->444614K(1864192K), 0.0440294 secs] [Times: user=0.20 sys=0.00, real=0.05 secs] 
5000.087: [GC (Allocation Failure) [PSYoungGen: 419031K->214950K(465920K)] 677574K->532646K(1864192K), 0.0474789 secs] [Times: user=0.23 sys=0.00, real=0.04 secs] 
5000.910: [GC (GCLocker Initiated GC) [PSYoungGen: 447910K->105084K(465920K)] 765606K->488412K(1864192K), 0.0867002 secs] [Times: user=0.47 sys=0.01, real=0.09 secs] 
5001.442: [GC (Allocation Failure) [PSYoungGen: 338044K->174229K(465920K)] 729567K->599171K(1864192K), 0.1481728 secs] [Times: user=0.83 sys=0.00, real=0.15 secs] 
5001.728: [GC (Allocation Failure) [PSYoungGen: 407189K->184151K(465920K)] 832131K->665137K(1864192K), 0.1780523 secs] [Times: user=1.00 sys=0.00, real=0.18 secs] 
5002.013: [GC (Allocation Failure) [PSYoungGen: 417111K->186837K(465920K)] 898097K->726255K(1864192K), 0.0585826 secs] [Times: user=0.29 sys=0.00, real=0.06 secs] 
5003.080: [GC (Allocation Failure) [PSYoungGen: 419797K->100716K(465920K)] 959215K->710526K(1864192K), 0.0545803 secs] [Times: user=0.29 sys=0.00, real=0.06 secs] 
5004.113: [GC (Allocation Failure) [PSYoungGen: 333676K->168180K(465920K)] 943486K->810507K(1864192K), 0.0918741 secs] [Times: user=0.46 sys=0.00, real=0.09 secs] 
5004.391: [GC (Allocation Failure) [PSYoungGen: 401140K->185014K(465920K)] 1043467K->880261K(1864192K), 0.0431670 secs] [Times: user=0.19 sys=0.00, real=0.04 secs] 
5004.545: [GC (Allocation Failure) [PSYoungGen: 414796K->180694K(465920K)] 1110043K->940245K(1864192K), 0.0495594 secs] [Times: user=0.23 sys=0.00, real=0.05 secs] 
5005.499: [GC (Allocation Failure) [PSYoungGen: 413654K->168467K(465920K)] 1173205K->985394K(1864192K), 0.0563018 secs] [Times: user=0.29 sys=0.00, real=0.06 secs] 
5005.930: [GC (Allocation Failure) [PSYoungGen: 401427K->112093K(465920K)] 1218354K->993612K(1864192K), 0.0600067 secs] [Times: user=0.31 sys=0.00, real=0.06 secs] 
5006.415: [GC (Allocation Failure) [PSYoungGen: 345053K->186197K(465920K)] 1226572K->1103899K(1864192K), 0.0542552 secs] [Times: user=0.25 sys=0.00, real=0.05 secs] 
5006.609: [GC (Allocation Failure) [PSYoungGen: 419157K->185335K(465920K)] 1336859K->1165053K(1864192K), 0.0507889 secs] [Times: user=0.23 sys=0.00, real=0.05 secs] 
5006.882: [GC (Allocation Failure) [PSYoungGen: 418295K->183924K(465920K)] 1398015K->1222565K(1864192K), 0.0589155 secs] [Times: user=0.29 sys=0.00, real=0.06 secs] 
5007.919: [GC (Allocation Failure) [PSYoungGen: 416884K->93755K(465920K)] 1455525K->1202020K(1864192K), 0.0452625 secs] [Times: user=0.24 sys=0.00, real=0.04 secs] 
5008.751: [GC (Allocation Failure) [PSYoungGen: 326715K->175317K(465920K)] 1434980K->1314078K(1864192K), 0.0910015 secs] [Times: user=0.46 sys=0.00, real=0.09 secs] 
5009.007: [GC (Allocation Failure) [PSYoungGen: 408277K->184950K(465920K)] 1547038K->1378175K(1864192K), 0.0446293 secs] [Times: user=0.20 sys=0.00, real=0.04 secs] 
5009.313: [GC (Allocation Failure) [PSYoungGen: 410715K->178870K(465920K)] 1603940K->1436207K(1864192K), 0.0628719 secs] [Times: user=0.31 sys=0.00, real=0.07 secs] 
5010.461: [GC (Allocation Failure) [PSYoungGen: 407694K->205811K(465920K)] 1665031K->1520004K(1864192K), 0.0570386 secs] [Times: user=0.29 sys=0.00, real=0.06 secs] 
5010.518: [Full GC (Ergonomics) [PSYoungGen: 205811K->0K(465920K)] [ParOldGen: 1314192K->363007K(1398272K)] 1520004K->363007K(1864192K), [Metaspace: 59549K->59549K(1105920K)], 0.5618863 secs] [Times: user=2.25 sys=0.00, real=0.56 secs] 
5012.025: [GC (GCLocker Initiated GC) [PSYoungGen: 232960K->103437K(465920K)] 595968K->466446K(1864192K), 0.0441445 secs] [Times: user=0.18 sys=0.01, real=0.04 secs] 
5013.344: [GC (Allocation Failure) [PSYoungGen: 336397K->175957K(465920K)] 699444K->575155K(1864192K), 0.0563699 secs] [Times: user=0.25 sys=0.00, real=0.06 secs] 
5013.548: [GC (Allocation Failure) [PSYoungGen: 408917K->185398K(465920K)] 808115K->639656K(1864192K), 0.0429622 secs] [Times: user=0.19 sys=0.00, real=0.04 secs] 
5013.760: [GC (Allocation Failure) [PSYoungGen: 418358K->203445K(465920K)] 872616K->713959K(1864192K), 0.0670555 secs] [Times: user=0.33 sys=0.00, real=0.07 secs] 
5014.845: [GC (GCLocker Initiated GC) [PSYoungGen: 436405K->101612K(465920K)] 946919K->682718K(1864192K), 0.0445801 secs] [Times: user=0.23 sys=0.00, real=0.05 secs] 
5015.813: [GC (GCLocker Initiated GC) [PSYoungGen: 334572K->167412K(465920K)] 915680K->781409K(1864192K), 0.1136177 secs] [Times: user=0.57 sys=0.00, real=0.12 secs] 
5016.124: [GC (Allocation Failure) [PSYoungGen: 400372K->181845K(465920K)] 1014500K->848245K(1864192K), 0.0414036 secs] [Times: user=0.18 sys=0.00, real=0.05 secs] 
5016.332: [GC (Allocation Failure) [PSYoungGen: 414805K->185591K(465920K)] 1081205K->915179K(1864192K), 0.0802621 secs] [Times: user=0.40 sys=0.00, real=0.08 secs] 
5016.985: [GC (Allocation Failure) [PSYoungGen: 418551K->215732K(465920K)] 1148139K->1004129K(1864192K), 0.0897600 secs] [Times: user=0.47 sys=0.00, real=0.09 secs] 
5018.117: [GC (Allocation Failure) [PSYoungGen: 448692K->98363K(465920K)] 1237089K->955968K(1864192K), 0.0601783 secs] [Times: user=0.31 sys=0.01, real=0.06 secs] 
5018.580: [GC (Allocation Failure) [PSYoungGen: 331323K->179701K(465920K)] 1188928K->1068559K(1864192K), 0.0516141 secs] [Times: user=0.23 sys=0.00, real=0.05 secs] 
5018.815: [GC (Allocation Failure) [PSYoungGen: 412661K->184790K(465920K)] 1301519K->1129695K(1864192K), 0.0618923 secs] [Times: user=0.30 sys=0.00, real=0.06 secs] 
5019.044: [GC (Allocation Failure) [PSYoungGen: 417750K->183732K(465920K)] 1362655K->1184766K(1864192K), 0.0658553 secs] [Times: user=0.33 sys=0.00, real=0.07 secs] 
5020.136: [GC (Allocation Failure) [PSYoungGen: 416692K->102924K(465920K)] 1417726K->1173285K(1864192K), 0.0451855 secs] [Times: user=0.23 sys=0.00, real=0.04 secs] 
5020.694: [GC (GCLocker Initiated GC) [PSYoungGen: 335884K->171156K(465920K)] 1406247K->1275458K(1864192K), 0.0787436 secs] [Times: user=0.38 sys=0.00, real=0.08 secs] 
5020.978: [GC (Allocation Failure) [PSYoungGen: 404116K->184758K(465920K)] 1508419K->1342636K(1864192K), 0.0582108 secs] [Times: user=0.28 sys=0.00, real=0.06 secs] 
5021.187: [GC (Allocation Failure) [PSYoungGen: 417718K->179478K(465920K)] 1575596K->1401805K(1864192K), 0.0749138 secs] [Times: user=0.37 sys=0.00, real=0.07 secs] 
5021.534: [GC (Allocation Failure) [PSYoungGen: 412438K->215956K(465920K)] 1634765K->1495275K(1864192K), 0.0559118 secs] [Times: user=0.27 sys=0.01, real=0.06 secs] 
5022.885: [GC (Allocation Failure) [PSYoungGen: 448916K->97291K(465920K)] 1728235K->1445314K(1864192K), 0.1050555 secs] [Times: user=0.57 sys=0.00, real=0.11 secs] 
5022.990: [Full GC (Ergonomics) [PSYoungGen: 97291K->0K(465920K)] [ParOldGen: 1348022K->114593K(1398272K)] 1445314K->114593K(1864192K), [Metaspace: 59549K->59549K(1105920K)], 0.1809619 secs] [Times: user=0.80 sys=0.00, real=0.18 secs] 
5023.655: [GC (Allocation Failure) [PSYoungGen: 232960K->182966K(465920K)] 347553K->297559K(1864192K), 0.0319723 secs] [Times: user=0.12 sys=0.00, real=0.04 secs] 
5023.807: [GC (Allocation Failure) [PSYoungGen: 415926K->185174K(465920K)] 530519K->356719K(1864192K), 0.0420056 secs] [Times: user=0.18 sys=0.00, real=0.04 secs] 
5023.993: [GC (Allocation Failure) [PSYoungGen: 418134K->183636K(465920K)] 589679K->411614K(1864192K), 0.0593102 secs] [Times: user=0.28 sys=0.00, real=0.06 secs] 
5025.060: [GC (Allocation Failure) [PSYoungGen: 416596K->102652K(465920K)] 644574K->400118K(1864192K), 0.0439966 secs] [Times: user=0.22 sys=0.00, real=0.04 secs] 
5025.422: [GC (Allocation Failure) [PSYoungGen: 335612K->173589K(465920K)] 633078K->504790K(1864192K), 0.0980858 secs] [Times: user=0.48 sys=0.01, real=0.10 secs] 
5025.706: [GC (Allocation Failure) [PSYoungGen: 406549K->181781K(465920K)] 737750K->567022K(1864192K), 0.0421392 secs] [Times: user=0.19 sys=0.00, real=0.04 secs] 
5025.928: [GC (Allocation Failure) [PSYoungGen: 414741K->183126K(465920K)] 799982K->632015K(1864192K), 0.0632882 secs] [Times: user=0.31 sys=0.00, real=0.06 secs] 
5027.112: [GC (Allocation Failure) [PSYoungGen: 416086K->216147K(465920K)] 864975K->723028K(1864192K), 0.0532491 secs] [Times: user=0.26 sys=0.00, real=0.06 secs] 
5027.951: [GC (Allocation Failure) [PSYoungGen: 449107K->100700K(465920K)] 955988K->674093K(1864192K), 0.0919051 secs] [Times: user=0.49 sys=0.00, real=0.09 secs] 
5028.463: [GC (Allocation Failure) [PSYoungGen: 333660K->181974K(465920K)] 907053K->787460K(1864192K), 0.0482855 secs] [Times: user=0.21 sys=0.00, real=0.05 secs] 
5028.674: [GC (Allocation Failure) [PSYoungGen: 414934K->185526K(465920K)] 1020420K->847728K(1864192K), 0.0495827 secs] [Times: user=0.24 sys=0.00, real=0.05 secs] 
5028.840: [GC (Allocation Failure) [PSYoungGen: 418486K->187317K(465920K)] 1080688K->905799K(1864192K), 0.0454061 secs] [Times: user=0.22 sys=0.00, real=0.05 secs] 
5029.814: [GC (GCLocker Initiated GC) [PSYoungGen: 420277K->95883K(465920K)] 1138759K->884973K(1864192K), 0.0477953 secs] [Times: user=0.25 sys=0.00, real=0.05 secs] 
5031.672: [GC (Allocation Failure) [PSYoungGen: 328843K->170260K(465920K)] 1118100K->990661K(1864192K), 0.0843325 secs] [Times: user=0.42 sys=0.01, real=0.09 secs] 
5031.963: [GC (GCLocker Initiated GC) [PSYoungGen: 403220K->183189K(465920K)] 1223623K->1056488K(1864192K), 0.0522377 secs] [Times: user=0.25 sys=0.00, real=0.06 secs] 
5032.128: [GC (Allocation Failure) [PSYoungGen: 416149K->185975K(465920K)] 1289449K->1123115K(1864192K), 0.0504940 secs] [Times: user=0.23 sys=0.00, real=0.05 secs] 
5032.890: [GC (Allocation Failure) [PSYoungGen: 418935K->215507K(465920K)] 1356075K->1211775K(1864192K), 0.0549875 secs] [Times: user=0.28 sys=0.00, real=0.05 secs] 
5033.940: [GC (Allocation Failure) [PSYoungGen: 448467K->97563K(465920K)] 1444735K->1160231K(1864192K), 0.1174522 secs] [Times: user=0.64 sys=0.01, real=0.12 secs] 
5034.624: [GC (Allocation Failure) [PSYoungGen: 330523K->183254K(465920K)] 1393191K->1276835K(1864192K), 0.0516585 secs] [Times: user=0.23 sys=0.00, real=0.06 secs] 
5034.805: [GC (Allocation Failure) [PSYoungGen: 416214K->190325K(465920K)] 1509795K->1340914K(1864192K), 0.0448425 secs] [Times: user=0.20 sys=0.00, real=0.04 secs] 
5035.150: [GC (GCLocker Initiated GC) [PSYoungGen: 423285K->186005K(465920K)] 1573875K->1391707K(1864192K), 0.0832678 secs] [Times: user=0.42 sys=0.00, real=0.08 secs] 
5036.438: [GC (Allocation Failure) [PSYoungGen: 418965K->102620K(465920K)] 1624833K->1378673K(1864192K), 0.0456475 secs] [Times: user=0.24 sys=0.00, real=0.04 secs] 
5036.840: [GC (Allocation Failure) [PSYoungGen: 335580K->173653K(465920K)] 1611633K->1483525K(1864192K), 0.0758418 secs] [Times: user=0.36 sys=0.00, real=0.08 secs] 
5037.073: [GC (Allocation Failure) [PSYoungGen: 406613K->184694K(465920K)] 1716485K->1548526K(1864192K), 0.0434546 secs] [Times: user=0.19 sys=0.00, real=0.05 secs] 
5037.117: [Full GC (Ergonomics) [PSYoungGen: 184694K->0K(465920K)] [ParOldGen: 1363832K->262032K(1398272K)] 1548526K->262032K(1864192K), [Metaspace: 59549K->59549K(1105920K)], 0.3385772 secs] [Times: user=1.49 sys=0.00, real=0.34 secs] 
5037.587: [GC (Allocation Failure) [PSYoungGen: 232960K->181590K(465920K)] 494992K->443623K(1864192K), 0.0862299 secs] [Times: user=0.45 sys=0.00, real=0.08 secs] 
5038.450: [GC (Allocation Failure) [PSYoungGen: 411458K->210419K(465920K)] 673491K->530012K(1864192K), 0.0552808 secs] [Times: user=0.27 sys=0.00, real=0.06 secs] 
5039.215: [GC (Allocation Failure) [PSYoungGen: 443379K->101436K(465920K)] 762972K->487228K(1864192K), 0.1058300 secs] [Times: user=0.57 sys=0.00, real=0.10 secs] 
5039.864: [GC (Allocation Failure) [PSYoungGen: 334316K->181014K(465920K)] 720108K->599194K(1864192K), 0.0483615 secs] [Times: user=0.21 sys=0.00, real=0.05 secs] 
5040.039: [GC (Allocation Failure) [PSYoungGen: 413974K->185334K(465920K)] 832154K->659946K(1864192K), 0.0439688 secs] [Times: user=0.20 sys=0.00, real=0.04 secs] 
5040.194: [GC (Allocation Failure) [PSYoungGen: 418234K->186805K(465920K)] 892846K->717681K(1864192K), 0.0456121 secs] [Times: user=0.21 sys=0.00, real=0.05 secs] 
5041.193: [GC (Allocation Failure) [PSYoungGen: 419765K->99068K(465920K)] 950641K->700320K(1864192K), 0.0486260 secs] [Times: user=0.26 sys=0.00, real=0.05 secs] 
5042.403: [GC (Allocation Failure) [PSYoungGen: 332028K->169268K(465920K)] 933280K->802829K(1864192K), 0.0978966 secs] [Times: user=0.49 sys=0.00, real=0.10 secs] 
5042.709: [GC (Allocation Failure) [PSYoungGen: 402228K->184918K(465920K)] 1035789K->871251K(1864192K), 0.0450730 secs] [Times: user=0.20 sys=0.00, real=0.04 secs] 
5042.892: [GC (Allocation Failure) [PSYoungGen: 417878K->186231K(465920K)] 1104211K->937036K(1864192K), 0.0559889 secs] [Times: user=0.27 sys=0.00, real=0.06 secs] 
5043.775: [GC (Allocation Failure) [PSYoungGen: 419191K->171443K(465920K)] 1169996K->981344K(1864192K), 0.0579334 secs] [Times: user=0.29 sys=0.00, real=0.05 secs] 
5044.516: [GC (Allocation Failure) [PSYoungGen: 404403K->106460K(465920K)] 1214304K->981849K(1864192K), 0.0999765 secs] [Times: user=0.54 sys=0.00, real=0.10 secs] 
5045.049: [GC (Allocation Failure) [PSYoungGen: 336748K->175989K(465920K)] 1212138K->1085410K(1864192K), 0.0483487 secs] [Times: user=0.21 sys=0.00, real=0.05 secs] 
5045.223: [GC (Allocation Failure) [PSYoungGen: 408949K->184374K(465920K)] 1318370K->1148803K(1864192K), 0.0438199 secs] [Times: user=0.20 sys=0.00, real=0.05 secs] 
5045.749: [GC (GCLocker Initiated GC) [PSYoungGen: 417334K->185397K(465920K)] 1381763K->1205786K(1864192K), 0.0696796 secs] [Times: user=0.34 sys=0.00, real=0.07 secs] 
5046.861: [GC (Allocation Failure) [PSYoungGen: 418357K->100012K(465920K)] 1438749K->1190332K(1864192K), 0.0443210 secs] [Times: user=0.23 sys=0.00, real=0.05 secs] 
5048.638: [GC (Allocation Failure) [PSYoungGen: 332972K->167508K(465920K)] 1423292K->1289585K(1864192K), 0.1060883 secs] [Times: user=0.53 sys=0.00, real=0.10 secs] 
5048.929: [GC (Allocation Failure) [PSYoungGen: 400468K->182261K(465920K)] 1522545K->1356942K(1864192K), 0.0429916 secs] [Times: user=0.19 sys=0.00, real=0.04 secs] 
5049.111: [GC (Allocation Failure) [PSYoungGen: 415221K->186071K(465920K)] 1589902K->1424328K(1864192K), 0.0565922 secs] [Times: user=0.28 sys=0.00, real=0.06 secs] 
5049.649: [GC (Allocation Failure) [PSYoungGen: 416718K->212948K(465920K)] 1654975K->1510125K(1864192K), 0.0552568 secs] [Times: user=0.27 sys=0.00, real=0.05 secs] 
5050.562: [GC (Allocation Failure) [PSYoungGen: 445908K->98555K(465920K)] 1743085K->1463444K(1864192K), 0.0590237 secs] [Times: user=0.30 sys=0.01, real=0.06 secs] 
5050.621: [Full GC (Ergonomics) [PSYoungGen: 98555K->0K(465920K)] [ParOldGen: 1364889K->116083K(1398272K)] 1463444K->116083K(1864192K), [Metaspace: 59550K->59550K(1105920K)], 0.1202223 secs] [Times: user=0.53 sys=0.00, real=0.12 secs] 
5051.514: [GC (Allocation Failure) [PSYoungGen: 232960K->182166K(465920K)] 349043K->298250K(1864192K), 0.0367699 secs] [Times: user=0.14 sys=0.00, real=0.04 secs] 
5051.702: [GC (Allocation Failure) [PSYoungGen: 415126K->185334K(465920K)] 531210K->358266K(1864192K), 0.0420015 secs] [Times: user=0.19 sys=0.00, real=0.04 secs] 
5051.875: [GC (Allocation Failure) [PSYoungGen: 418294K->203509K(465920K)] 591226K->432657K(1864192K), 0.0501706 secs] [Times: user=0.24 sys=0.00, real=0.05 secs] 
5052.874: [GC (Allocation Failure) [PSYoungGen: 436469K->99820K(465920K)] 665617K->399608K(1864192K), 0.0482247 secs] [Times: user=0.25 sys=0.00, real=0.05 secs] 
5053.658: [GC (Allocation Failure) [PSYoungGen: 332780K->171796K(465920K)] 632568K->504444K(1864192K), 0.0738999 secs] [Times: user=0.36 sys=0.00, real=0.07 secs] 
5053.930: [GC (Allocation Failure) [PSYoungGen: 404756K->181365K(465920K)] 737404K->567325K(1864192K), 0.0548878 secs] [Times: user=0.26 sys=0.00, real=0.06 secs] 
5054.102: [GC (Allocation Failure) [PSYoungGen: 414325K->184183K(465920K)] 800285K->633166K(1864192K), 0.0489076 secs] [Times: user=0.23 sys=0.00, real=0.05 secs] 
5055.067: [GC (Allocation Failure) [PSYoungGen: 414788K->211219K(465920K)] 863771K->718659K(1864192K), 0.0558053 secs] [Times: user=0.28 sys=0.00, real=0.05 secs] 
5055.540: [GC (Allocation Failure) [PSYoungGen: 444179K->105052K(465920K)] 951619K->678756K(1864192K), 0.0592980 secs] [Times: user=0.30 sys=0.00, real=0.06 secs] 
5056.638: [GC (Allocation Failure) [PSYoungGen: 338012K->177941K(465920K)] 911716K->784618K(1864192K), 0.0548491 secs] [Times: user=0.25 sys=0.00, real=0.05 secs] 
5056.833: [GC (Allocation Failure) [PSYoungGen: 410901K->181909K(465920K)] 1017578K->844278K(1864192K), 0.0435470 secs] [Times: user=0.19 sys=0.00, real=0.05 secs] 
5057.023: [GC (Allocation Failure) [PSYoungGen: 414869K->187509K(465920K)] 1077238K->904957K(1864192K), 0.0669021 secs] [Times: user=0.33 sys=0.00, real=0.07 secs] 
5058.111: [GC (Allocation Failure) [PSYoungGen: 420469K->99372K(465920K)] 1137917K->887572K(1864192K), 0.0446455 secs] [Times: user=0.23 sys=0.00, real=0.05 secs] 
5059.225: [GC (Allocation Failure) [PSYoungGen: 332332K->171796K(465920K)] 1120532K->992660K(1864192K), 0.0782582 secs] [Times: user=0.38 sys=0.00, real=0.08 secs] 
5059.468: [GC (GCLocker Initiated GC) [PSYoungGen: 404756K->183381K(465920K)] 1225621K->1057662K(1864192K), 0.0425191 secs] [Times: user=0.19 sys=0.00, real=0.04 secs] 
5059.626: [GC (Allocation Failure) [PSYoungGen: 416341K->186167K(465920K)] 1290624K->1124154K(1864192K), 0.0505183 secs] [Times: user=0.24 sys=0.00, real=0.05 secs] 
5060.318: [GC (Allocation Failure) [PSYoungGen: 415838K->207507K(465920K)] 1353825K->1204654K(1864192K), 0.0536118 secs] [Times: user=0.27 sys=0.00, real=0.05 secs] 
5061.211: [GC (Allocation Failure) [PSYoungGen: 440467K->100108K(465920K)] 1437614K->1162927K(1864192K), 0.0750967 secs] [Times: user=0.39 sys=0.01, real=0.08 secs] 
5062.049: [GC (Allocation Failure) [PSYoungGen: 333068K->178549K(465920K)] 1395887K->1273009K(1864192K), 0.0501144 secs] [Times: user=0.23 sys=0.00, real=0.05 secs] 
5062.229: [GC (Allocation Failure) [PSYoungGen: 411509K->185462K(465920K)] 1505969K->1335582K(1864192K), 0.0441434 secs] [Times: user=0.20 sys=0.00, real=0.04 secs] 
5062.379: [GC (Allocation Failure) [PSYoungGen: 418422K->183988K(465920K)] 1568542K->1390348K(1864192K), 0.0462854 secs] [Times: user=0.21 sys=0.00, real=0.04 secs] 
5063.389: [GC (Allocation Failure) [PSYoungGen: 416948K->103596K(465920K)] 1623308K->1379492K(1864192K), 0.0510108 secs] [Times: user=0.26 sys=0.01, real=0.05 secs] 
5064.339: [GC (Allocation Failure) [PSYoungGen: 336556K->169044K(465920K)] 1612452K->1478444K(1864192K), 0.0972573 secs] [Times: user=0.48 sys=0.01, real=0.10 secs] 
5064.628: [GC (Allocation Failure) [PSYoungGen: 402004K->184502K(465920K)] 1711404K->1546790K(1864192K), 0.0435047 secs] [Times: user=0.19 sys=0.00, real=0.04 secs] 
5064.671: [Full GC (Ergonomics) [PSYoungGen: 184502K->0K(465920K)] [ParOldGen: 1362288K->260631K(1398272K)] 1546790K->260631K(1864192K), [Metaspace: 59553K->59553K(1105920K)], 0.3276343 secs] [Times: user=1.51 sys=0.00, real=0.33 secs] 
5065.112: [GC (Allocation Failure) [PSYoungGen: 232960K->186167K(465920K)] 493591K->446798K(1864192K), 0.0793208 secs] [Times: user=0.41 sys=0.00, real=0.08 secs] 
5065.843: [GC (Allocation Failure) [PSYoungGen: 419127K->215155K(465920K)] 679758K->535083K(1864192K), 0.0545812 secs] [Times: user=0.27 sys=0.00, real=0.06 secs] 
5066.739: [GC (Allocation Failure) [PSYoungGen: 448115K->101564K(465920K)] 768043K->487803K(1864192K), 0.0769673 secs] [Times: user=0.40 sys=0.00, real=0.08 secs] 
5067.447: [GC (Allocation Failure) [PSYoungGen: 334524K->179605K(465920K)] 720763K->597618K(1864192K), 0.0522489 secs] [Times: user=0.23 sys=0.00, real=0.05 secs] 
5067.640: [GC (Allocation Failure) [PSYoungGen: 412565K->185334K(465920K)] 830578K->659498K(1864192K), 0.0435135 secs] [Times: user=0.19 sys=0.00, real=0.04 secs] 
5067.790: [GC (Allocation Failure) [PSYoungGen: 418294K->200436K(465920K)] 892458K->730801K(1864192K), 0.0455236 secs] [Times: user=0.22 sys=0.00, real=0.05 secs] 
5068.826: [GC (Allocation Failure) [PSYoungGen: 433396K->103372K(465920K)] 963761K->703105K(1864192K), 0.0444433 secs] [Times: user=0.22 sys=0.00, real=0.04 secs] 
5069.677: [GC (Allocation Failure) [PSYoungGen: 336332K->173653K(465920K)] 936065K->807285K(1864192K), 0.0818758 secs] [Times: user=0.39 sys=0.00, real=0.08 secs] 
5069.977: [GC (Allocation Failure) [PSYoungGen: 406613K->183957K(465920K)] 1040245K->871509K(1864192K), 0.0482599 secs] [Times: user=0.22 sys=0.00, real=0.05 secs] 
5070.157: [GC (Allocation Failure) [PSYoungGen: 416917K->182454K(465920K)] 1104469K->934174K(1864192K), 0.0556054 secs] [Times: user=0.27 sys=0.00, real=0.05 secs] 
5071.028: [GC (Allocation Failure) [PSYoungGen: 410511K->208563K(465920K)] 1162231K->1017947K(1864192K), 0.0553805 secs] [Times: user=0.28 sys=0.00, real=0.05 secs] 
5071.536: [GC (Allocation Failure) [PSYoungGen: 441523K->105036K(465920K)] 1250907K->980020K(1864192K), 0.0672664 secs] [Times: user=0.35 sys=0.00, real=0.06 secs] 
5071.920: [GC (Allocation Failure) [PSYoungGen: 333742K->177909K(465920K)] 1208726K->1086121K(1864192K), 0.0471098 secs] [Times: user=0.21 sys=0.00, real=0.05 secs] 
5072.117: [GC (Allocation Failure) [PSYoungGen: 410869K->181845K(465920K)] 1319081K->1145417K(1864192K), 0.0542459 secs] [Times: user=0.26 sys=0.01, real=0.05 secs] 
5072.332: [GC (Allocation Failure) [PSYoungGen: 414805K->186261K(465920K)] 1378377K->1204937K(1864192K), 0.0713857 secs] [Times: user=0.35 sys=0.00, real=0.07 secs] 
5074.063: [GC (Allocation Failure) [PSYoungGen: 419221K->98252K(465920K)] 1437897K->1187184K(1864192K), 0.0447001 secs] [Times: user=0.23 sys=0.00, real=0.05 secs] 
5074.589: [GC (Allocation Failure) [PSYoungGen: 331212K->173109K(465920K)] 1420144K->1294376K(1864192K), 0.0863765 secs] [Times: user=0.42 sys=0.00, real=0.09 secs] 
5074.892: [GC (Allocation Failure) [PSYoungGen: 406069K->181301K(465920K)] 1527336K->1356549K(1864192K), 0.0442732 secs] [Times: user=0.20 sys=0.00, real=0.05 secs] 
5075.076: [GC (Allocation Failure) [PSYoungGen: 414226K->186039K(465920K)] 1589474K->1424687K(1864192K), 0.0720474 secs] [Times: user=0.35 sys=0.00, real=0.07 secs] 
5075.761: [GC (Allocation Failure) [PSYoungGen: 418999K->216051K(465920K)] 1657647K->1513819K(1864192K), 0.0541000 secs] [Times: user=0.27 sys=0.00, real=0.06 secs] 
5076.635: [GC (Allocation Failure) [PSYoungGen: 449011K->102236K(465920K)] 1746779K->1466700K(1864192K), 0.1079794 secs] [Times: user=0.59 sys=0.00, real=0.11 secs] 
5076.743: [Full GC (Ergonomics) [PSYoungGen: 102236K->0K(465920K)] [ParOldGen: 1364463K->119603K(1398272K)] 1466700K->119603K(1864192K), [Metaspace: 59553K->59553K(1105920K)], 0.1900024 secs] [Times: user=0.86 sys=0.00, real=0.19 secs] 
5077.226: [GC (Allocation Failure) [PSYoungGen: 232798K->179797K(465920K)] 352401K->299401K(1864192K), 0.0252057 secs] [Times: user=0.09 sys=0.00, real=0.02 secs] 
5077.387: [GC (Allocation Failure) [PSYoungGen: 412757K->185206K(465920K)] 532361K->360729K(1864192K), 0.0468539 secs] [Times: user=0.22 sys=0.00, real=0.04 secs] 
5077.628: [GC (Allocation Failure) [PSYoungGen: 418166K->186581K(465920K)] 593689K->418120K(1864192K), 0.0465315 secs] [Times: user=0.21 sys=0.00, real=0.04 secs] 
5078.802: [GC (GCLocker Initiated GC) [PSYoungGen: 419541K->97307K(465920K)] 651082K->399273K(1864192K), 0.0437410 secs] [Times: user=0.22 sys=0.00, real=0.05 secs] 
5079.366: [GC (Allocation Failure) [PSYoungGen: 330267K->173653K(465920K)] 632234K->507439K(1864192K), 0.0790915 secs] [Times: user=0.38 sys=0.00, real=0.08 secs] 
5079.679: [GC (Allocation Failure) [PSYoungGen: 406613K->181301K(465920K)] 740399K->569079K(1864192K), 0.0466734 secs] [Times: user=0.22 sys=0.00, real=0.05 secs] 
5079.847: [GC (Allocation Failure) [PSYoungGen: 414261K->185975K(465920K)] 802039K->637097K(1864192K), 0.0495705 secs] [Times: user=0.23 sys=0.00, real=0.05 secs] 
5080.672: [GC (Allocation Failure) [PSYoungGen: 415730K->209395K(465920K)] 866852K->719806K(1864192K), 0.0561846 secs] [Times: user=0.28 sys=0.00, real=0.06 secs] 
5081.207: [GC (Allocation Failure) [PSYoungGen: 442355K->101884K(465920K)] 952766K->678070K(1864192K), 0.0687866 secs] [Times: user=0.36 sys=0.00, real=0.07 secs] 
5082.116: [GC (Allocation Failure) [PSYoungGen: 334844K->180886K(465920K)] 911030K->789412K(1864192K), 0.0525666 secs] [Times: user=0.24 sys=0.00, real=0.05 secs] 
5082.311: [GC (Allocation Failure) [PSYoungGen: 413846K->185110K(465920K)] 1022372K->850304K(1864192K), 0.0443128 secs] [Times: user=0.20 sys=0.00, real=0.05 secs] 
5082.483: [GC (Allocation Failure) [PSYoungGen: 418070K->184212K(465920K)] 1083264K->905639K(1864192K), 0.0587186 secs] [Times: user=0.29 sys=0.00, real=0.06 secs] 
5083.504: [GC (Allocation Failure) [PSYoungGen: 417172K->102444K(465920K)] 1138599K->893543K(1864192K), 0.0448433 secs] [Times: user=0.23 sys=0.00, real=0.05 secs] 
5084.867: [GC (Allocation Failure) [PSYoungGen: 335404K->164883K(465920K)] 1126503K->988459K(1864192K), 0.0941207 secs] [Times: user=0.47 sys=0.00, real=0.09 secs] 
5085.178: [GC (Allocation Failure) [PSYoungGen: 397843K->185174K(465920K)] 1221419K->1060793K(1864192K), 0.0428854 secs] [Times: user=0.19 sys=0.00, real=0.04 secs] 
5085.366: [GC (Allocation Failure) [PSYoungGen: 418134K->185911K(465920K)] 1293753K->1125730K(1864192K), 0.0739924 secs] [Times: user=0.37 sys=0.00, real=0.07 secs] 
5086.247: [GC (Allocation Failure) [PSYoungGen: 418871K->217332K(465920K)] 1358690K->1216415K(1864192K), 0.0572815 secs] [Times: user=0.28 sys=0.01, real=0.05 secs] 
5086.953: [GC (Allocation Failure) [PSYoungGen: 450292K->104140K(465920K)] 1449375K->1170080K(1864192K), 0.0950765 secs] [Times: user=0.51 sys=0.00, real=0.10 secs] 
5087.380: [GC (Allocation Failure) [PSYoungGen: 334961K->178293K(465920K)] 1400901K->1277553K(1864192K), 0.0359166 secs] [Times: user=0.15 sys=0.00, real=0.04 secs] 
5087.528: [GC (Allocation Failure) [PSYoungGen: 411253K->185302K(465920K)] 1510513K->1340214K(1864192K), 0.0446052 secs] [Times: user=0.20 sys=0.00, real=0.04 secs] 
5087.681: [GC (Allocation Failure) [PSYoungGen: 418262K->187285K(465920K)] 1573174K->1398453K(1864192K), 0.0462774 secs] [Times: user=0.21 sys=0.00, real=0.05 secs] 
5088.696: [GC (Allocation Failure) [PSYoungGen: 420245K->98379K(465920K)] 1631413K->1380100K(1864192K), 0.0453525 secs] [Times: user=0.24 sys=0.00, real=0.04 secs] 
5089.529: [GC (Allocation Failure) [PSYoungGen: 331339K->170900K(465920K)] 1613060K->1484628K(1864192K), 0.0524734 secs] [Times: user=0.24 sys=0.00, real=0.05 secs] 
5089.581: [Full GC (Ergonomics) [PSYoungGen: 170900K->0K(465920K)] [ParOldGen: 1313727K->195870K(1398272K)] 1484628K->195870K(1864192K), [Metaspace: 59553K->59553K(1105920K)], 0.1897416 secs] [Times: user=0.86 sys=0.00, real=0.19 secs] 
5089.917: [GC (Allocation Failure) [PSYoungGen: 232960K->185014K(465920K)] 428830K->380884K(1864192K), 0.0322937 secs] [Times: user=0.13 sys=0.00, real=0.03 secs] 
5090.353: [GC (Allocation Failure) [PSYoungGen: 417974K->183574K(465920K)] 613844K->443709K(1864192K), 0.0703862 secs] [Times: user=0.33 sys=0.00, real=0.07 secs] 
5091.062: [GC (Allocation Failure) [PSYoungGen: 416534K->213459K(465920K)] 676669K->531922K(1864192K), 0.0531970 secs] [Times: user=0.27 sys=0.00, real=0.06 secs] 
5092.417: [GC (Allocation Failure) [PSYoungGen: 446419K->100043K(465920K)] 764882K->484010K(1864192K), 0.1158122 secs] [Times: user=0.63 sys=0.01, real=0.11 secs] 
5093.332: [GC (Allocation Failure) [PSYoungGen: 333003K->178997K(465920K)] 716970K->594169K(1864192K), 0.0517413 secs] [Times: user=0.23 sys=0.00, real=0.05 secs] 
5093.585: [GC (Allocation Failure) [PSYoungGen: 411957K->182197K(465920K)] 827129K->653197K(1864192K), 0.0594370 secs] [Times: user=0.29 sys=0.00, real=0.05 secs] 
5093.810: [GC (Allocation Failure) [PSYoungGen: 415157K->187317K(465920K)] 886157K->713844K(1864192K), 0.0643191 secs] [Times: user=0.32 sys=0.00, real=0.06 secs] 
5094.907: [GC (Allocation Failure) [PSYoungGen: 420277K->103276K(465920K)] 946804K->700404K(1864192K), 0.0443715 secs] [Times: user=0.23 sys=0.00, real=0.04 secs] 
5095.557: [GC (Allocation Failure) [PSYoungGen: 336236K->173397K(465920K)] 933364K->804600K(1864192K), 0.0777538 secs] [Times: user=0.38 sys=0.00, real=0.07 secs] 
5095.803: [GC (Allocation Failure) [PSYoungGen: 406357K->185142K(465920K)] 1037560K->870073K(1864192K), 0.0430803 secs] [Times: user=0.20 sys=0.00, real=0.05 secs] 
5096.124: [GC (Allocation Failure) [PSYoungGen: 418102K->182134K(465920K)] 1103033K->931450K(1864192K), 0.0655564 secs] [Times: user=0.33 sys=0.00, real=0.07 secs] 
5097.372: [GC (Allocation Failure) [PSYoungGen: 415094K->210803K(465920K)] 1164410K->1017887K(1864192K), 0.0558641 secs] [Times: user=0.27 sys=0.00, real=0.06 secs] 
5098.106: [GC (GCLocker Initiated GC) [PSYoungGen: 443763K->100908K(465920K)] 1250847K->974312K(1864192K), 0.0767832 secs] [Times: user=0.41 sys=0.01, real=0.07 secs] 
5098.584: [GC (Allocation Failure) [PSYoungGen: 333868K->177654K(465920K)] 1215630K->1091757K(1864192K), 0.1427626 secs] [Times: user=0.79 sys=0.00, real=0.15 secs] 
5098.844: [GC (Allocation Failure) [PSYoungGen: 410614K->184439K(465920K)] 1324717K->1155370K(1864192K), 0.1655979 secs] [Times: user=0.91 sys=0.00, real=0.17 secs] 
5099.127: [GC (Allocation Failure) [PSYoungGen: 417399K->184180K(465920K)] 1388330K->1213767K(1864192K), 0.0594000 secs] [Times: user=0.29 sys=0.00, real=0.06 secs] 
5100.214: [GC (Allocation Failure) [PSYoungGen: 417140K->97275K(465920K)] 1446727K->1196414K(1864192K), 0.0457405 secs] [Times: user=0.23 sys=0.01, real=0.05 secs] 
5101.336: [GC (Allocation Failure) [PSYoungGen: 330151K->174613K(465920K)] 1429290K->1305735K(1864192K), 0.0721483 secs] [Times: user=0.34 sys=0.00, real=0.07 secs] 
5101.561: [GC (Allocation Failure) [PSYoungGen: 407573K->185014K(465920K)] 1538695K->1370324K(1864192K), 0.0446648 secs] [Times: user=0.20 sys=0.00, real=0.05 secs] 
5101.743: [GC (Allocation Failure) [PSYoungGen: 415606K->180566K(465920K)] 1600917K->1430277K(1864192K), 0.0604834 secs] [Times: user=0.29 sys=0.00, real=0.06 secs] 
5102.707: [GC (Allocation Failure) [PSYoungGen: 413526K->206888K(465920K)] 1663237K->1514127K(1864192K), 0.0501266 secs] [Times: user=0.24 sys=0.00, real=0.05 secs] 
5103.483: [GC (Allocation Failure) [PSYoungGen: 439848K->105004K(465920K)] 1747087K->1476835K(1864192K), 0.1051300 secs] [Times: user=0.57 sys=0.00, real=0.11 secs] 
5103.588: [Full GC (Ergonomics) [PSYoungGen: 105004K->0K(465920K)] [ParOldGen: 1371830K->122592K(1398272K)] 1476835K->122592K(1864192K), [Metaspace: 59553K->59553K(1105920K)], 0.1814457 secs] [Times: user=0.79 sys=0.01, real=0.18 secs] 
5104.458: [GC (Allocation Failure) [PSYoungGen: 231397K->178037K(465920K)] 353990K->300629K(1864192K), 0.0348356 secs] [Times: user=0.13 sys=0.00, real=0.03 secs] 
5104.644: [GC (Allocation Failure) [PSYoungGen: 410997K->184886K(465920K)] 533589K->363326K(1864192K), 0.0412633 secs] [Times: user=0.17 sys=0.00, real=0.05 secs] 
5104.995: [GC (Allocation Failure) [PSYoungGen: 417846K->186549K(465920K)] 596286K->420821K(1864192K), 0.0552540 secs] [Times: user=0.27 sys=0.00, real=0.06 secs] 
5106.416: [GC (Allocation Failure) [PSYoungGen: 419509K->101500K(465920K)] 653781K->406148K(1864192K), 0.0474547 secs] [Times: user=0.25 sys=0.00, real=0.04 secs] 
5107.462: [GC (Allocation Failure) [PSYoungGen: 334460K->170836K(465920K)] 639108K->508856K(1864192K), 0.0733908 secs] [Times: user=0.35 sys=0.00, real=0.08 secs] 
5107.736: [GC (Allocation Failure) [PSYoungGen: 403796K->181429K(465920K)] 741816K->572653K(1864192K), 0.0561745 secs] [Times: user=0.26 sys=0.00, real=0.05 secs] 
5107.913: [GC (Allocation Failure) [PSYoungGen: 414389K->185687K(465920K)] 805613K->640311K(1864192K), 0.0486522 secs] [Times: user=0.22 sys=0.00, real=0.05 secs] 
5108.759: [GC (Allocation Failure) [PSYoungGen: 414236K->209075K(465920K)] 868860K->722707K(1864192K), 0.0545743 secs] [Times: user=0.27 sys=0.00, real=0.05 secs] 
5109.783: [GC (GCLocker Initiated GC) [PSYoungGen: 442035K->99323K(465920K)] 955667K->678571K(1864192K), 0.0608761 secs] [Times: user=0.32 sys=0.00, real=0.06 secs] 
5110.590: [GC (Allocation Failure) [PSYoungGen: 332283K->180341K(465920K)] 911534K->791137K(1864192K), 0.0555419 secs] [Times: user=0.24 sys=0.00, real=0.06 secs] 
5110.796: [GC (Allocation Failure) [PSYoungGen: 413301K->185142K(465920K)] 1024097K->852462K(1864192K), 0.0427745 secs] [Times: user=0.19 sys=0.00, real=0.04 secs] 
5110.973: [GC (Allocation Failure) [PSYoungGen: 418102K->187285K(465920K)] 1085422K->910709K(1864192K), 0.0510919 secs] [Times: user=0.25 sys=0.00, real=0.05 secs] 
5111.979: [GC (Allocation Failure) [PSYoungGen: 420245K->102108K(465920K)] 1143669K->896032K(1864192K), 0.0479966 secs] [Times: user=0.25 sys=0.00, real=0.05 secs] 
5112.637: [GC (GCLocker Initiated GC) [PSYoungGen: 335068K->171700K(465920K)] 1128993K->999082K(1864192K), 0.0910657 secs] [Times: user=0.44 sys=0.00, real=0.09 secs] 
5112.926: [GC (Allocation Failure) [PSYoungGen: 404660K->181557K(465920K)] 1232172K->1062797K(1864192K), 0.0448323 secs] [Times: user=0.20 sys=0.01, real=0.04 secs] 
5113.114: [GC (Allocation Failure) [PSYoungGen: 414517K->185943K(465920K)] 1295757K->1130567K(1864192K), 0.0758381 secs] [Times: user=0.38 sys=0.00, real=0.08 secs] 
5113.965: [GC (Allocation Failure) [PSYoungGen: 415441K->209715K(465920K)] 1360065K->1213387K(1864192K), 0.0565507 secs] [Times: user=0.28 sys=0.00, real=0.06 secs] 
5114.562: [GC (Allocation Failure) [PSYoungGen: 442675K->101900K(465920K)] 1446347K->1171612K(1864192K), 0.0607973 secs] [Times: user=0.32 sys=0.00, real=0.06 secs] 
5115.140: [GC (Allocation Failure) [PSYoungGen: 334860K->181110K(465920K)] 1404572K->1283405K(1864192K), 0.0456145 secs] [Times: user=0.20 sys=0.00, real=0.05 secs] 
5115.306: [GC (Allocation Failure) [PSYoungGen: 414070K->185462K(465920K)] 1516365K->1344269K(1864192K), 0.0449582 secs] [Times: user=0.20 sys=0.00, real=0.04 secs] 
5115.570: [GC (Allocation Failure) [PSYoungGen: 418385K->187093K(465920K)] 1577193K->1402069K(1864192K), 0.0529878 secs] [Times: user=0.25 sys=0.00, real=0.05 secs] 
5116.808: [GC (Allocation Failure) [PSYoungGen: 420053K->95899K(465920K)] 1635029K->1381503K(1864192K), 0.0454875 secs] [Times: user=0.23 sys=0.00, real=0.04 secs] 
5117.960: [GC (Allocation Failure) [PSYoungGen: 328859K->169044K(465920K)] 1614463K->1485397K(1864192K), 0.1042184 secs] [Times: user=0.53 sys=0.00, real=0.10 secs] 
5118.064: [Full GC (Ergonomics) [PSYoungGen: 169044K->0K(465920K)] [ParOldGen: 1316352K->192760K(1398272K)] 1485397K->192760K(1864192K), [Metaspace: 59553K->59553K(1105920K)], 0.2556372 secs] [Times: user=1.25 sys=0.00, real=0.26 secs] 
5118.430: [GC (Allocation Failure) [PSYoungGen: 232960K->181973K(465920K)] 425720K->374734K(1864192K), 0.0317299 secs] [Times: user=0.12 sys=0.00, real=0.03 secs] 
5118.575: [GC (Allocation Failure) [PSYoungGen: 414933K->186007K(465920K)] 607694K->442312K(1864192K), 0.0435040 secs] [Times: user=0.19 sys=0.00, real=0.04 secs] 
5119.216: [GC (Allocation Failure) [PSYoungGen: 418967K->217908K(465920K)] 675272K->533372K(1864192K), 0.0535788 secs] [Times: user=0.26 sys=0.00, real=0.05 secs] 
5120.044: [GC (Allocation Failure) [PSYoungGen: 450868K->101548K(465920K)] 766332K->484084K(1864192K), 0.0806023 secs] [Times: user=0.43 sys=0.00, real=0.09 secs] 
5121.242: [GC (Allocation Failure) [PSYoungGen: 334508K->177973K(465920K)] 717044K->593061K(1864192K), 0.0528092 secs] [Times: user=0.23 sys=0.00, real=0.06 secs] 
5121.478: [GC (Allocation Failure) [PSYoungGen: 410933K->185174K(465920K)] 826021K->655890K(1864192K), 0.0617153 secs] [Times: user=0.30 sys=0.00, real=0.06 secs] 
5121.659: [GC (Allocation Failure) [PSYoungGen: 418134K->232948K(465920K)] 888850K->763809K(1864192K), 0.0473060 secs] [Times: user=0.22 sys=0.00, real=0.05 secs] 
5122.632: [GC (Allocation Failure) [PSYoungGen: 465908K->101420K(465920K)] 996769K->703209K(1864192K), 0.0448503 secs] [Times: user=0.23 sys=0.00, real=0.05 secs] 
5123.768: [GC (Allocation Failure) [PSYoungGen: 334380K->166836K(465920K)] 936169K->800846K(1864192K), 0.0983444 secs] [Times: user=0.49 sys=0.00, real=0.10 secs] 
5124.080: [GC (Allocation Failure) [PSYoungGen: 399796K->184854K(465920K)] 1033806K->870952K(1864192K), 0.0470984 secs] [Times: user=0.22 sys=0.00, real=0.05 secs] 
5124.239: [GC (Allocation Failure) [PSYoungGen: 417814K->186295K(465920K)] 1103912K->936561K(1864192K), 0.0510055 secs] [Times: user=0.24 sys=0.00, real=0.05 secs] 
5125.030: [GC (Allocation Failure) [PSYoungGen: 415387K->210515K(465920K)] 1165653K->1019917K(1864192K), 0.0577393 secs] [Times: user=0.29 sys=0.00, real=0.06 secs] 
5125.563: [GC (Allocation Failure) [PSYoungGen: 443475K->104652K(465920K)] 1252877K->980238K(1864192K), 0.0603886 secs] [Times: user=0.31 sys=0.00, real=0.06 secs] 
5126.166: [GC (Allocation Failure) [PSYoungGen: 337612K->178357K(465920K)] 1213198K->1087052K(1864192K), 0.0538374 secs] [Times: user=0.24 sys=0.00, real=0.05 secs] 
5126.360: [GC (Allocation Failure) [PSYoungGen: 411317K->185078K(465920K)] 1320012K->1149325K(1864192K), 0.0443935 secs] [Times: user=0.20 sys=0.00, real=0.04 secs] 
5126.515: [GC (Allocation Failure) [PSYoungGen: 418038K->187093K(465920K)] 1382285K->1207364K(1864192K), 0.0468497 secs] [Times: user=0.22 sys=0.00, real=0.05 secs] 
5127.803: [GC (GCLocker Initiated GC) [PSYoungGen: 420053K->97371K(465920K)] 1440324K->1188163K(1864192K), 0.0451778 secs] [Times: user=0.23 sys=0.00, real=0.05 secs] 
5128.541: [GC (Allocation Failure) [PSYoungGen: 330331K->169684K(465920K)] 1421126K->1292719K(1864192K), 0.0781119 secs] [Times: user=0.38 sys=0.00, real=0.08 secs] 
5128.785: [GC (Allocation Failure) [PSYoungGen: 402644K->182741K(465920K)] 1525679K->1358368K(1864192K), 0.0429284 secs] [Times: user=0.19 sys=0.00, real=0.04 secs] 
5128.981: [GC (Allocation Failure) [PSYoungGen: 415701K->185239K(465920K)] 1591328K->1424569K(1864192K), 0.0794263 secs] [Times: user=0.40 sys=0.01, real=0.08 secs] 
5129.925: [GC (Allocation Failure) [PSYoungGen: 417783K->212243K(465920K)] 1657114K->1510582K(1864192K), 0.0561742 secs] [Times: user=0.28 sys=0.00, real=0.05 secs] 
5130.577: [GC (Allocation Failure) [PSYoungGen: 445203K->102524K(465920K)] 1743542K->1467422K(1864192K), 0.0654698 secs] [Times: user=0.34 sys=0.01, real=0.06 secs] 
5130.642: [Full GC (Ergonomics) [PSYoungGen: 102524K->0K(465920K)] [ParOldGen: 1364898K->120227K(1398272K)] 1467422K->120227K(1864192K), [Metaspace: 59553K->59553K(1105920K)], 0.1370817 secs] [Times: user=0.62 sys=0.00, real=0.14 secs] 
5131.531: [GC (Allocation Failure) [PSYoungGen: 232960K->175477K(465920K)] 353187K->295704K(1864192K), 0.0323959 secs] [Times: user=0.12 sys=0.00, real=0.03 secs] 
5131.740: [GC (Allocation Failure) [PSYoungGen: 408437K->193558K(465920K)] 528664K->368641K(1864192K), 0.0582370 secs] [Times: user=0.27 sys=0.00, real=0.06 secs] 
5131.918: [GC (Allocation Failure) [PSYoungGen: 426518K->187349K(465920K)] 601601K->418641K(1864192K), 0.0451438 secs] [Times: user=0.21 sys=0.00, real=0.04 secs] 
5132.885: [GC (Allocation Failure) [PSYoungGen: 420309K->103196K(465920K)] 651601K->404872K(1864192K), 0.0440097 secs] [Times: user=0.22 sys=0.01, real=0.04 secs] 
5133.341: [GC (Allocation Failure) [PSYoungGen: 336156K->170996K(465920K)] 637832K->506684K(1864192K), 0.0906859 secs] [Times: user=0.44 sys=0.00, real=0.09 secs] 
5133.627: [GC (Allocation Failure) [PSYoungGen: 403956K->185174K(465920K)] 739644K->574125K(1864192K), 0.0423823 secs] [Times: user=0.19 sys=0.00, real=0.04 secs] 
5133.810: [GC (Allocation Failure) [PSYoungGen: 418134K->185623K(465920K)] 807085K->638902K(1864192K), 0.0497377 secs] [Times: user=0.23 sys=0.00, real=0.05 secs] 
5134.999: [GC (Allocation Failure) [PSYoungGen: 416736K->207027K(465920K)] 870015K->719146K(1864192K), 0.0550545 secs] [Times: user=0.28 sys=0.00, real=0.05 secs] 
5136.346: [GC (Allocation Failure) [PSYoungGen: 439987K->100251K(465920K)] 952106K->677291K(1864192K), 0.1180382 secs] [Times: user=0.64 sys=0.01, real=0.11 secs] 
5137.335: [GC (Allocation Failure) [PSYoungGen: 333211K->179413K(465920K)] 910251K->787778K(1864192K), 0.0526747 secs] [Times: user=0.23 sys=0.01, real=0.05 secs] 
5137.524: [GC (Allocation Failure) [PSYoungGen: 412373K->185558K(465920K)] 1020738K->850150K(1864192K), 0.0443111 secs] [Times: user=0.20 sys=0.00, real=0.05 secs] 
5137.679: [GC (Allocation Failure) [PSYoungGen: 418518K->187317K(465920K)] 1083110K->908317K(1864192K), 0.0469168 secs] [Times: user=0.21 sys=0.01, real=0.05 secs] 
5138.680: [GC (Allocation Failure) [PSYoungGen: 420277K->101644K(465920K)] 1141277K->893164K(1864192K), 0.0463036 secs] [Times: user=0.23 sys=0.00, real=0.05 secs] 
5139.597: [GC (Allocation Failure) [PSYoungGen: 334604K->170580K(465920K)] 1126124K->995692K(1864192K), 0.1010787 secs] [Times: user=0.50 sys=0.01, real=0.10 secs] 
5139.927: [GC (Allocation Failure) [PSYoungGen: 403540K->184886K(465920K)] 1228652K->1063110K(1864192K), 0.0449857 secs] [Times: user=0.20 sys=0.00, real=0.04 secs] 
5140.091: [GC (Allocation Failure) [PSYoungGen: 417846K->185591K(465920K)] 1296070K->1128055K(1864192K), 0.0500320 secs] [Times: user=0.23 sys=0.00, real=0.05 secs] 
5141.035: [GC (Allocation Failure) [PSYoungGen: 418551K->208418K(465920K)] 1361015K->1209786K(1864192K), 0.0499366 secs] [Times: user=0.24 sys=0.00, real=0.05 secs] 
5141.733: [GC (Allocation Failure) [PSYoungGen: 441378K->107148K(465920K)] 1442746K->1173524K(1864192K), 0.0785279 secs] [Times: user=0.41 sys=0.00, real=0.08 secs] 
5142.079: [GC (Allocation Failure) [PSYoungGen: 336231K->175477K(465920K)] 1402607K->1276416K(1864192K), 0.0406190 secs] [Times: user=0.18 sys=0.00, real=0.04 secs] 
5142.254: [GC (Allocation Failure) [PSYoungGen: 408437K->184822K(465920K)] 1509376K->1340497K(1864192K), 0.0584499 secs] [Times: user=0.28 sys=0.00, real=0.06 secs] 
5142.453: [GC (Allocation Failure) [PSYoungGen: 417782K->186741K(465920K)] 1573457K->1398640K(1864192K), 0.0469313 secs] [Times: user=0.22 sys=0.01, real=0.05 secs] 
5143.767: [GC (Allocation Failure) [PSYoungGen: 419701K->101212K(465920K)] 1631600K->1383423K(1864192K), 0.0450526 secs] [Times: user=0.23 sys=0.00, real=0.04 secs] 
5145.268: [GC (Allocation Failure) [PSYoungGen: 334172K->167988K(465920K)] 1616383K->1482316K(1864192K), 0.1101597 secs] [Times: user=0.54 sys=0.00, real=0.11 secs] 
5145.378: [Full GC (Ergonomics) [PSYoungGen: 167988K->0K(465920K)] [ParOldGen: 1314328K->193125K(1398272K)] 1482316K->193125K(1864192K), [Metaspace: 59581K->59581K(1105920K)], 0.2649866 secs] [Times: user=1.31 sys=0.00, real=0.26 secs] 
5145.753: [GC (Allocation Failure) [PSYoungGen: 232960K->184630K(465920K)] 426085K->377755K(1864192K), 0.0333359 secs] [Times: user=0.14 sys=0.00, real=0.04 secs] 
5145.900: [GC (Allocation Failure) [PSYoungGen: 417590K->186135K(465920K)] 610715K->443540K(1864192K), 0.0441825 secs] [Times: user=0.19 sys=0.01, real=0.04 secs] 
5146.707: [GC (Allocation Failure) [PSYoungGen: 415850K->208947K(465920K)] 673256K->525496K(1864192K), 0.0552190 secs] [Times: user=0.28 sys=0.00, real=0.05 secs] 
5147.214: [GC (Allocation Failure) [PSYoungGen: 441907K->104924K(465920K)] 758456K->487265K(1864192K), 0.0841671 secs] [Times: user=0.45 sys=0.00, real=0.09 secs] 
5148.240: [GC (Allocation Failure) [PSYoungGen: 337884K->178261K(465920K)] 720225K->593575K(1864192K), 0.0535381 secs] [Times: user=0.24 sys=0.00, real=0.05 secs] 
5148.440: [GC (Allocation Failure) [PSYoungGen: 411221K->181909K(465920K)] 826535K->652887K(1864192K), 0.0428661 secs] [Times: user=0.20 sys=0.00, real=0.04 secs] 
5148.593: [GC (Allocation Failure) [PSYoungGen: 414869K->187221K(465920K)] 885847K->713239K(1864192K), 0.0450886 secs] [Times: user=0.21 sys=0.00, real=0.05 secs] 
5149.593: [GC (Allocation Failure) [PSYoungGen: 420181K->100988K(465920K)] 946199K->697526K(1864192K), 0.0564520 secs] [Times: user=0.30 sys=0.00, real=0.06 secs] 
5150.146: [GC (Allocation Failure) [PSYoungGen: 333948K->174837K(465920K)] 930486K->804471K(1864192K), 0.0627559 secs] [Times: user=0.29 sys=0.00, real=0.06 secs] 
5150.343: [GC (Allocation Failure) [PSYoungGen: 407797K->182133K(465920K)] 1037431K->866080K(1864192K), 0.0430347 secs] [Times: user=0.19 sys=0.00, real=0.05 secs] 
5150.500: [GC (Allocation Failure) [PSYoungGen: 415093K->182486K(465920K)] 1099040K->929961K(1864192K), 0.0493583 secs] [Times: user=0.23 sys=0.00, real=0.05 secs] 
5151.834: [GC (Allocation Failure) [PSYoungGen: 412786K->207635K(465920K)] 1160260K->1012758K(1864192K), 0.0535388 secs] [Times: user=0.26 sys=0.00, real=0.06 secs] 
5152.530: [GC (Allocation Failure) [PSYoungGen: 440595K->100796K(465920K)] 1245718K->971910K(1864192K), 0.0410847 secs] [Times: user=0.21 sys=0.00, real=0.04 secs] 
5153.170: [GC (Allocation Failure) [PSYoungGen: 333756K->179861K(465920K)] 1204870K->1082741K(1864192K), 0.0504993 secs] [Times: user=0.23 sys=0.00, real=0.05 secs] 
5153.405: [GC (Allocation Failure) [PSYoungGen: 412821K->181749K(465920K)] 1315701K->1140917K(1864192K), 0.0606520 secs] [Times: user=0.29 sys=0.00, real=0.07 secs] 
5153.582: [GC (GCLocker Initiated GC) [PSYoungGen: 414709K->186901K(465920K)] 1373877K->1201141K(1864192K), 0.0453420 secs] [Times: user=0.21 sys=0.00, real=0.05 secs] 
5154.685: [GC (GCLocker Initiated GC) [PSYoungGen: 419861K->97643K(465920K)] 1434103K->1182425K(1864192K), 0.0448865 secs] [Times: user=0.23 sys=0.00, real=0.04 secs] 
5155.405: [GC (Allocation Failure) [PSYoungGen: 330603K->173173K(465920K)] 1415552K->1290381K(1864192K), 0.0832450 secs] [Times: user=0.41 sys=0.00, real=0.08 secs] 
5155.650: [GC (Allocation Failure) [PSYoungGen: 406133K->184982K(465920K)] 1523341K->1355902K(1864192K), 0.0434305 secs] [Times: user=0.20 sys=0.00, real=0.04 secs] 
5155.834: [GC (Allocation Failure) [PSYoungGen: 417942K->185623K(465920K)] 1588862K->1420807K(1864192K), 0.0625631 secs] [Times: user=0.31 sys=0.00, real=0.07 secs] 
5156.854: [GC (Allocation Failure) [PSYoungGen: 417139K->208659K(465920K)] 1652323K->1502723K(1864192K), 0.0532772 secs] [Times: user=0.26 sys=0.00, real=0.06 secs] 
5157.765: [GC (Allocation Failure) [PSYoungGen: 441619K->98363K(465920K)] 1735683K->1458516K(1864192K), 0.0436980 secs] [Times: user=0.22 sys=0.00, real=0.04 secs] 
5157.809: [Full GC (Ergonomics) [PSYoungGen: 98363K->0K(465920K)] [ParOldGen: 1360152K->116009K(1398272K)] 1458516K->116009K(1864192K), [Metaspace: 59582K->59582K(1105920K)], 0.1093990 secs] [Times: user=0.43 sys=0.00, real=0.11 secs] 
5158.388: [GC (Allocation Failure) [PSYoungGen: 232960K->183286K(465920K)] 348969K->299295K(1864192K), 0.0481782 secs] [Times: user=0.17 sys=0.00, real=0.05 secs] 
5158.625: [GC (GCLocker Initiated GC) [PSYoungGen: 416246K->183253K(465920K)] 532255K->356015K(1864192K), 0.0418453 secs] [Times: user=0.18 sys=0.00, real=0.04 secs] 
5159.005: [GC (Allocation Failure) [PSYoungGen: 416213K->186965K(465920K)] 588982K->415213K(1864192K), 0.0588287 secs] [Times: user=0.28 sys=0.00, real=0.06 secs] 
5160.327: [GC (GCLocker Initiated GC) [PSYoungGen: 419925K->99740K(465920K)] 648174K->398461K(1864192K), 0.0479550 secs] [Times: user=0.22 sys=0.01, real=0.05 secs] 
5161.888: [GC (Allocation Failure) [PSYoungGen: 332700K->171476K(465920K)] 631587K->502072K(1864192K), 0.0985117 secs] [Times: user=0.49 sys=0.00, real=0.10 secs] 
5162.172: [GC (Allocation Failure) [PSYoungGen: 404436K->185334K(465920K)] 735032K->568430K(1864192K), 0.0417332 secs] [Times: user=0.18 sys=0.01, real=0.04 secs] 
5162.348: [GC (Allocation Failure) [PSYoungGen: 418294K->186487K(465920K)] 801390K->633831K(1864192K), 0.0541987 secs] [Times: user=0.26 sys=0.00, real=0.05 secs] 
5163.258: [GC (Allocation Failure) [PSYoungGen: 419447K->173907K(465920K)] 866791K->680596K(1864192K), 0.0588828 secs] [Times: user=0.29 sys=0.00, real=0.06 secs] 
5164.050: [GC (Allocation Failure) [PSYoungGen: 406867K->105980K(465920K)] 913556K->679165K(1864192K), 0.0930282 secs] [Times: user=0.50 sys=0.01, real=0.09 secs] 
5165.459: [GC (Allocation Failure) [PSYoungGen: 338940K->177941K(465920K)] 912125K->783874K(1864192K), 0.0513803 secs] [Times: user=0.23 sys=0.00, real=0.05 secs] 
5165.646: [GC (Allocation Failure) [PSYoungGen: 410901K->185046K(465920K)] 1016834K->846443K(1864192K), 0.0435784 secs] [Times: user=0.19 sys=0.00, real=0.04 secs] 
5165.820: [GC (Allocation Failure) [PSYoungGen: 418006K->203989K(465920K)] 1079403K->921378K(1864192K), 0.0508037 secs] [Times: user=0.24 sys=0.00, real=0.05 secs] 
5166.825: [GC (GCLocker Initiated GC) [PSYoungGen: 436949K->101292K(465920K)] 1154338K->889565K(1864192K), 0.0447736 secs] [Times: user=0.23 sys=0.00, real=0.05 secs] 
5168.401: [GC (Allocation Failure) [PSYoungGen: 334252K->171508K(465920K)] 1122656K->993184K(1864192K), 0.1087323 secs] [Times: user=0.55 sys=0.00, real=0.11 secs] 
5168.695: [GC (Allocation Failure) [PSYoungGen: 404468K->184822K(465920K)] 1226144K->1058586K(1864192K), 0.0450171 secs] [Times: user=0.20 sys=0.00, real=0.04 secs] 
5168.887: [GC (Allocation Failure) [PSYoungGen: 417782K->186103K(465920K)] 1291546K->1124227K(1864192K), 0.0675873 secs] [Times: user=0.34 sys=0.00, real=0.07 secs] 
5169.847: [GC (Allocation Failure) [PSYoungGen: 419063K->170739K(465920K)] 1357187K->1168055K(1864192K), 0.0593441 secs] [Times: user=0.29 sys=0.01, real=0.06 secs] 
5170.545: [GC (Allocation Failure) [PSYoungGen: 403618K->111245K(465920K)] 1400934K->1173697K(1864192K), 0.0761850 secs] [Times: user=0.40 sys=0.00, real=0.07 secs] 
5170.978: [GC (Allocation Failure) [PSYoungGen: 344205K->187477K(465920K)] 1406657K->1285513K(1864192K), 0.0477858 secs] [Times: user=0.21 sys=0.00, real=0.05 secs] 
5171.189: [GC (Allocation Failure) [PSYoungGen: 420437K->181590K(465920K)] 1518473K->1342202K(1864192K), 0.0716596 secs] [Times: user=0.36 sys=0.00, real=0.07 secs] 
5171.386: [GC (Allocation Failure) [PSYoungGen: 414550K->187029K(465920K)] 1575162K->1405201K(1864192K), 0.0558444 secs] [Times: user=0.27 sys=0.00, real=0.05 secs] 
5172.462: [GC (Allocation Failure) [PSYoungGen: 419989K->100476K(465920K)] 1638161K->1389408K(1864192K), 0.0466982 secs] [Times: user=0.24 sys=0.00, real=0.05 secs] 
5173.508: [GC (Allocation Failure) [PSYoungGen: 333436K->171284K(465920K)] 1622368K->1492029K(1864192K), 0.0834707 secs] [Times: user=0.40 sys=0.00, real=0.08 secs] 
5173.591: [Full GC (Ergonomics) [PSYoungGen: 171284K->0K(465920K)] [ParOldGen: 1320745K->198781K(1398272K)] 1492029K->198781K(1864192K), [Metaspace: 59582K->59582K(1105920K)], 0.2664566 secs] [Times: user=1.31 sys=0.00, real=0.27 secs] 
5173.967: [GC (Allocation Failure) [PSYoungGen: 232960K->181397K(465920K)] 431741K->380178K(1864192K), 0.0317435 secs] [Times: user=0.12 sys=0.00, real=0.03 secs] 
5174.118: [GC (Allocation Failure) [PSYoungGen: 411469K->180054K(465920K)] 610250K->442203K(1864192K), 0.0436279 secs] [Times: user=0.20 sys=0.00, real=0.04 secs] 
5175.000: [GC (Allocation Failure) [PSYoungGen: 413014K->169011K(402432K)] 675163K->488384K(1800704K), 0.0530882 secs] [Times: user=0.26 sys=0.00, real=0.05 secs] 
5175.778: [GC (Allocation Failure) [PSYoungGen: 401971K->109757K(463872K)] 721344K->493610K(1862144K), 0.1153179 secs] [Times: user=0.63 sys=0.00, real=0.11 secs] 
5176.473: [GC (Allocation Failure) [PSYoungGen: 336009K->172789K(464896K)] 719862K->591167K(1863168K), 0.0501149 secs] [Times: user=0.22 sys=0.00, real=0.05 secs] 
5176.709: [GC (Allocation Failure) [PSYoungGen: 404725K->181301K(465408K)] 823103K->653751K(1863680K), 0.0590016 secs] [Times: user=0.28 sys=0.00, real=0.06 secs] 
5176.884: [GC (Allocation Failure) [PSYoungGen: 414773K->187669K(465920K)] 887223K->714831K(1864192K), 0.0452242 secs] [Times: user=0.21 sys=0.00, real=0.05 secs] 
5177.859: [GC (Allocation Failure) [PSYoungGen: 421141K->105420K(465920K)] 948303K->703431K(1864192K), 0.0480307 secs] [Times: user=0.25 sys=0.00, real=0.05 secs] 
5178.883: [GC (Allocation Failure) [PSYoungGen: 338380K->170452K(465920K)] 936391K->802091K(1864192K), 0.0831221 secs] [Times: user=0.40 sys=0.00, real=0.09 secs] 
5179.140: [GC (Allocation Failure) [PSYoungGen: 403412K->185302K(465920K)] 1035051K->870373K(1864192K), 0.0434622 secs] [Times: user=0.19 sys=0.00, real=0.04 secs] 
5179.295: [GC (Allocation Failure) [PSYoungGen: 418262K->182326K(465920K)] 1103333K->931653K(1864192K), 0.0500488 secs] [Times: user=0.24 sys=0.00, real=0.05 secs] 
5180.281: [GC (Allocation Failure) [PSYoungGen: 415286K->170099K(459776K)] 1164613K->977202K(1858048K), 0.0554747 secs] [Times: user=0.27 sys=0.00, real=0.06 secs] 
5180.762: [GC (Allocation Failure) [PSYoungGen: 403059K->110205K(462848K)] 1210162K->982388K(1861120K), 0.0651285 secs] [Times: user=0.33 sys=0.00, real=0.07 secs] 
5181.091: [GC (Allocation Failure) [PSYoungGen: 343165K->179221K(465920K)] 1215348K->1086664K(1864192K), 0.0533903 secs] [Times: user=0.19 sys=0.00, real=0.05 secs] 
5181.326: [GC (Allocation Failure) [PSYoungGen: 412181K->181526K(465920K)] 1319624K->1151802K(1864192K), 0.0693547 secs] [Times: user=0.34 sys=0.00, real=0.07 secs] 
5181.558: [GC (Allocation Failure) [PSYoungGen: 414486K->187221K(465920K)] 1384762K->1215248K(1864192K), 0.0808394 secs] [Times: user=0.42 sys=0.00, real=0.08 secs] 
5182.586: [GC (Allocation Failure) [PSYoungGen: 420181K->97467K(465920K)] 1448208K->1196015K(1864192K), 0.0457257 secs] [Times: user=0.24 sys=0.00, real=0.04 secs] 
5184.283: [GC (Allocation Failure) [PSYoungGen: 330427K->170132K(465920K)] 1428975K->1299772K(1864192K), 0.0763152 secs] [Times: user=0.37 sys=0.00, real=0.08 secs] 
5184.526: [GC (Allocation Failure) [PSYoungGen: 403092K->185686K(465920K)] 1532732K->1368530K(1864192K), 0.0458692 secs] [Times: user=0.21 sys=0.00, real=0.04 secs] 
5184.680: [GC (Allocation Failure) [PSYoungGen: 414044K->180406K(465920K)] 1596888K->1427930K(1864192K), 0.0524799 secs] [Times: user=0.25 sys=0.00, real=0.05 secs] 
5185.602: [GC (Allocation Failure) [PSYoungGen: 413366K->169907K(402944K)] 1660890K->1474759K(1801216K), 0.0574686 secs] [Times: user=0.29 sys=0.00, real=0.06 secs] 
5186.088: [GC (Allocation Failure) [PSYoungGen: 402867K->108925K(461824K)] 1707719K->1478689K(1860096K), 0.0678123 secs] [Times: user=0.35 sys=0.00, real=0.07 secs] 
5186.156: [Full GC (Ergonomics) [PSYoungGen: 108925K->0K(461824K)] [ParOldGen: 1369764K->127677K(1398272K)] 1478689K->127677K(1860096K), [Metaspace: 59582K->59582K(1105920K)], 0.1430496 secs] [Times: user=0.65 sys=0.00, real=0.14 secs] 
5187.064: [GC (Allocation Failure) [PSYoungGen: 227255K->174261K(463872K)] 354932K->301938K(1862144K), 0.0241634 secs] [Times: user=0.08 sys=0.00, real=0.03 secs] 
5187.272: [GC (Allocation Failure) [PSYoungGen: 405173K->183445K(464896K)] 532850K->365483K(1863168K), 0.0628696 secs] [Times: user=0.30 sys=0.00, real=0.06 secs] 
5187.491: [GC (Allocation Failure) [PSYoungGen: 416405K->200436K(465920K)] 598443K->438082K(1864192K), 0.0576105 secs] [Times: user=0.29 sys=0.00, real=0.06 secs] 
5188.485: [GC (Allocation Failure) [PSYoungGen: 433396K->104844K(465920K)] 671042K->412098K(1864192K), 0.0441122 secs] [Times: user=0.22 sys=0.00, real=0.04 secs] 
5189.550: [GC (Allocation Failure) [PSYoungGen: 337804K->171028K(465920K)] 645058K->512063K(1864192K), 0.0786795 secs] [Times: user=0.38 sys=0.00, real=0.08 secs] 
5189.835: [GC (Allocation Failure) [PSYoungGen: 403988K->181589K(465920K)] 745023K->576308K(1864192K), 0.0550430 secs] [Times: user=0.27 sys=0.00, real=0.05 secs] 
5190.033: [GC (Allocation Failure) [PSYoungGen: 414549K->186071K(465920K)] 809268K->644173K(1864192K), 0.0706939 secs] [Times: user=0.34 sys=0.00, real=0.07 secs] 
5190.875: [GC (Allocation Failure) [PSYoungGen: 415130K->208691K(465920K)] 873233K->725738K(1864192K), 0.0554518 secs] [Times: user=0.27 sys=0.00, real=0.06 secs] 
5191.455: [GC (Allocation Failure) [PSYoungGen: 441651K->104572K(465920K)] 958698K->687371K(1864192K), 0.0652457 secs] [Times: user=0.34 sys=0.00, real=0.06 secs] 
5192.053: [GC (Allocation Failure) [PSYoungGen: 337532K->178613K(465920K)] 920331K->794473K(1864192K), 0.0358909 secs] [Times: user=0.16 sys=0.00, real=0.04 secs] 
5192.227: [GC (Allocation Failure) [PSYoungGen: 411573K->185110K(465920K)] 1027433K->856565K(1864192K), 0.0583679 secs] [Times: user=0.27 sys=0.00, real=0.06 secs] 
5192.438: [GC (Allocation Failure) [PSYoungGen: 418070K->183700K(465920K)] 1089525K->911116K(1864192K), 0.0639318 secs] [Times: user=0.31 sys=0.00, real=0.06 secs] 
5193.457: [GC (Allocation Failure) [PSYoungGen: 416660K->101660K(465920K)] 1144076K->898523K(1864192K), 0.0446411 secs] [Times: user=0.23 sys=0.00, real=0.04 secs] 
5193.919: [GC (Allocation Failure) [PSYoungGen: 334620K->174453K(465920K)] 1131483K->1004748K(1864192K), 0.0815241 secs] [Times: user=0.39 sys=0.00, real=0.08 secs] 
5194.197: [GC (Allocation Failure) [PSYoungGen: 407413K->181557K(465920K)] 1237708K->1065988K(1864192K), 0.0552112 secs] [Times: user=0.27 sys=0.00, real=0.05 secs] 
5194.395: [GC (Allocation Failure) [PSYoungGen: 414517K->185783K(465920K)] 1298948K->1133542K(1864192K), 0.0770721 secs] [Times: user=0.39 sys=0.00, real=0.08 secs] 
5195.387: [GC (Allocation Failure) [PSYoungGen: 418743K->170099K(465920K)] 1366502K->1176930K(1864192K), 0.0573756 secs] [Times: user=0.28 sys=0.00, real=0.05 secs] 
5196.102: [GC (Allocation Failure) [PSYoungGen: 403059K->107548K(465920K)] 1409890K->1179364K(1864192K), 0.0836005 secs] [Times: user=0.45 sys=0.00, real=0.09 secs] 
5196.699: [GC (Allocation Failure) [PSYoungGen: 332508K->175413K(465920K)] 1404323K->1281440K(1864192K), 0.0508214 secs] [Times: user=0.22 sys=0.00, real=0.05 secs] 
5196.922: [GC (Allocation Failure) [PSYoungGen: 408373K->185302K(465920K)] 1514400K->1345809K(1864192K), 0.0597120 secs] [Times: user=0.28 sys=0.00, real=0.06 secs] 
5197.135: [GC (Allocation Failure) [PSYoungGen: 418225K->187061K(465920K)] 1578732K->1403552K(1864192K), 0.0490427 secs] [Times: user=0.23 sys=0.00, real=0.05 secs] 
5198.433: [GC (Allocation Failure) [PSYoungGen: 420021K->95019K(465920K)] 1636512K->1382063K(1864192K), 0.0457450 secs] [Times: user=0.24 sys=0.00, real=0.05 secs] 
5199.240: [GC (Allocation Failure) [PSYoungGen: 327979K->170932K(465920K)] 1615023K->1489427K(1864192K), 0.0752969 secs] [Times: user=0.37 sys=0.00, real=0.08 secs] 
5199.315: [Full GC (Ergonomics) [PSYoungGen: 170932K->0K(465920K)] [ParOldGen: 1318494K->194029K(1398272K)] 1489427K->194029K(1864192K), [Metaspace: 59582K->59582K(1105920K)], 0.2583968 secs] [Times: user=1.23 sys=0.01, real=0.25 secs] 
5199.691: [GC (Allocation Failure) [PSYoungGen: 232960K->184822K(465920K)] 426989K->378851K(1864192K), 0.0339729 secs] [Times: user=0.13 sys=0.00, real=0.04 secs] 
5199.838: [GC (Allocation Failure) [PSYoungGen: 417782K->186231K(465920K)] 611811K->452904K(1864192K), 0.0449432 secs] [Times: user=0.20 sys=0.00, real=0.04 secs] 
5200.634: [GC (Allocation Failure) [PSYoungGen: 415445K->208787K(465920K)] 682118K->534604K(1864192K), 0.0553068 secs] [Times: user=0.27 sys=0.00, real=0.06 secs] 
5201.410: [GC (Allocation Failure) [PSYoungGen: 441747K->98987K(465920K)] 767564K->490509K(1864192K), 0.0743195 secs] [Times: user=0.40 sys=0.00, real=0.07 secs] 
5202.400: [GC (Allocation Failure) [PSYoungGen: 331947K->178485K(465920K)] 723469K->601555K(1864192K), 0.0534254 secs] [Times: user=0.24 sys=0.00, real=0.05 secs] 
5202.594: [GC (Allocation Failure) [PSYoungGen: 411445K->185142K(465920K)] 834515K->663728K(1864192K), 0.0435232 secs] [Times: user=0.19 sys=0.00, real=0.05 secs] 
5202.746: [GC (Allocation Failure) [PSYoungGen: 418102K->204053K(465920K)] 896688K->738991K(1864192K), 0.0458099 secs] [Times: user=0.21 sys=0.00, real=0.04 secs] 
5203.836: [GC (GCLocker Initiated GC) [PSYoungGen: 437013K->98316K(465920K)] 971951K->704046K(1864192K), 0.0442151 secs] [Times: user=0.23 sys=0.00, real=0.04 secs] 
5204.972: [GC (Allocation Failure) [PSYoungGen: 331276K->166804K(465920K)] 937011K->804584K(1864192K), 0.0846530 secs] [Times: user=0.41 sys=0.00, real=0.09 secs] 
5205.247: [GC (Allocation Failure) [PSYoungGen: 399764K->185142K(465920K)] 1037544K->874978K(1864192K), 0.0428113 secs] [Times: user=0.19 sys=0.00, real=0.04 secs] 
5205.404: [GC (Allocation Failure) [PSYoungGen: 418102K->186199K(465920K)] 1107938K->940435K(1864192K), 0.0510434 secs] [Times: user=0.24 sys=0.00, real=0.06 secs] 
5206.102: [GC (Allocation Failure) [PSYoungGen: 419159K->215124K(465920K)] 1173395K->1028432K(1864192K), 0.0560863 secs] [Times: user=0.28 sys=0.00, real=0.06 secs] 
5206.711: [GC (Allocation Failure) [PSYoungGen: 448084K->100091K(465920K)] 1261392K->980960K(1864192K), 0.0586021 secs] [Times: user=0.31 sys=0.00, real=0.06 secs] 
5207.670: [GC (Allocation Failure) [PSYoungGen: 333051K->175605K(465920K)] 1213920K->1088194K(1864192K), 0.0475843 secs] [Times: user=0.21 sys=0.00, real=0.05 secs] 
5207.903: [GC (Allocation Failure) [PSYoungGen: 408565K->184918K(465920K)] 1321154K->1152307K(1864192K), 0.0591566 secs] [Times: user=0.28 sys=0.00, real=0.06 secs] 
5208.120: [GC (Allocation Failure) [PSYoungGen: 417878K->187157K(465920K)] 1385267K->1210682K(1864192K), 0.0655109 secs] [Times: user=0.32 sys=0.01, real=0.07 secs] 
5209.131: [GC (Allocation Failure) [PSYoungGen: 420117K->101036K(465920K)] 1443642K->1195377K(1864192K), 0.0459847 secs] [Times: user=0.24 sys=0.00, real=0.05 secs] 
5210.371: [GC (Allocation Failure) [PSYoungGen: 333996K->165011K(465920K)] 1428337K->1291461K(1864192K), 0.0825931 secs] [Times: user=0.41 sys=0.00, real=0.08 secs] 
5210.618: [GC (Allocation Failure) [PSYoungGen: 397971K->185174K(465920K)] 1524421K->1363512K(1864192K), 0.0441260 secs] [Times: user=0.20 sys=0.00, real=0.04 secs] 
5210.780: [GC (Allocation Failure) [PSYoungGen: 418134K->186071K(465920K)] 1596472K->1428785K(1864192K), 0.0517246 secs] [Times: user=0.24 sys=0.00, real=0.05 secs] 
5211.227: [GC (Allocation Failure) [PSYoungGen: 415167K->215572K(465920K)] 1657882K->1517534K(1864192K), 0.0559436 secs] [Times: user=0.28 sys=0.00, real=0.05 secs] 
5212.184: [GC (Allocation Failure) [PSYoungGen: 448532K->98155K(465920K)] 1750494K->1468557K(1864192K), 0.0614340 secs] [Times: user=0.32 sys=0.00, real=0.07 secs] 
5212.245: [Full GC (Ergonomics) [PSYoungGen: 98155K->0K(465920K)] [ParOldGen: 1370402K->114993K(1398272K)] 1468557K->114993K(1864192K), [Metaspace: 59582K->59582K(1105920K)], 0.1326492 secs] [Times: user=0.57 sys=0.00, real=0.13 secs] 
5212.771: [GC (Allocation Failure) [PSYoungGen: 232960K->179349K(465920K)] 347953K->294342K(1864192K), 0.0342912 secs] [Times: user=0.12 sys=0.00, real=0.04 secs] 
5213.011: [GC (Allocation Failure) [PSYoungGen: 412309K->184854K(465920K)] 527302K->355815K(1864192K), 0.0595104 secs] [Times: user=0.28 sys=0.00, real=0.06 secs] 
5213.223: [GC (Allocation Failure) [PSYoungGen: 417814K->183828K(465920K)] 588775K->410957K(1864192K), 0.0620085 secs] [Times: user=0.30 sys=0.00, real=0.07 secs] 
5214.306: [GC (Allocation Failure) [PSYoungGen: 416788K->106204K(465920K)] 643917K->402774K(1864192K), 0.0443958 secs] [Times: user=0.22 sys=0.00, real=0.04 secs] 
5215.241: [GC (Allocation Failure) [PSYoungGen: 339164K->168980K(465920K)] 635734K->499546K(1864192K), 0.0930377 secs] [Times: user=0.46 sys=0.00, real=0.09 secs] 
5215.504: [GC (Allocation Failure) [PSYoungGen: 401940K->185366K(465920K)] 732506K->568920K(1864192K), 0.0422830 secs] [Times: user=0.19 sys=0.00, real=0.05 secs] 
5215.660: [GC (Allocation Failure) [PSYoungGen: 418326K->185783K(465920K)] 801880K->633745K(1864192K), 0.0497583 secs] [Times: user=0.23 sys=0.00, real=0.05 secs] 
5216.391: [GC (Allocation Failure) [PSYoungGen: 418743K->210099K(465920K)] 866705K->717101K(1864192K), 0.0545401 secs] [Times: user=0.27 sys=0.00, real=0.06 secs] 
5217.139: [GC (Allocation Failure) [PSYoungGen: 443059K->102140K(465920K)] 950061K->675098K(1864192K), 0.0600200 secs] [Times: user=0.32 sys=0.00, real=0.06 secs] 
5218.163: [GC (Allocation Failure) [PSYoungGen: 335100K->178933K(465920K)] 908058K->783920K(1864192K), 0.0540318 secs] [Times: user=0.25 sys=0.00, real=0.06 secs] 
5218.355: [GC (Allocation Failure) [PSYoungGen: 411893K->185494K(465920K)] 1016880K->846349K(1864192K), 0.0439877 secs] [Times: user=0.20 sys=0.00, real=0.05 secs] 
5218.505: [GC (Allocation Failure) [PSYoungGen: 418454K->187477K(465920K)] 1079309K->904660K(1864192K), 0.0473403 secs] [Times: user=0.22 sys=0.00, real=0.04 secs] 
5219.544: [GC (Allocation Failure) [PSYoungGen: 420437K->98620K(465920K)] 1137620K->886491K(1864192K), 0.0454588 secs] [Times: user=0.23 sys=0.00, real=0.05 secs] 
5220.078: [GC (Allocation Failure) [PSYoungGen: 331580K->173173K(465920K)] 1119451K->993589K(1864192K), 0.0998027 secs] [Times: user=0.47 sys=0.00, real=0.10 secs] 
5220.417: [GC (Allocation Failure) [PSYoungGen: 406133K->181237K(465920K)] 1226549K->1055429K(1864192K), 0.0439786 secs] [Times: user=0.20 sys=0.00, real=0.04 secs] 
5220.582: [GC (Allocation Failure) [PSYoungGen: 414197K->186039K(465920K)] 1288389K->1123727K(1864192K), 0.0514310 secs] [Times: user=0.24 sys=0.00, real=0.05 secs] 
5221.485: [GC (Allocation Failure) [PSYoungGen: 418999K->171411K(465920K)] 1356687K->1167947K(1864192K), 0.0597158 secs] [Times: user=0.31 sys=0.00, real=0.06 secs] 
5221.883: [GC (Allocation Failure) [PSYoungGen: 404371K->109933K(465920K)] 1400907K->1171997K(1864192K), 0.0462580 secs] [Times: user=0.24 sys=0.00, real=0.05 secs] 
5222.506: [GC (Allocation Failure) [PSYoungGen: 335969K->172917K(465920K)] 1398033K->1270122K(1864192K), 0.0554244 secs] [Times: user=0.25 sys=0.00, real=0.05 secs] 
5222.749: [GC (Allocation Failure) [PSYoungGen: 405877K->185046K(465920K)] 1503082K->1336115K(1864192K), 0.0613960 secs] [Times: user=0.29 sys=0.00, real=0.06 secs] 
5222.963: [GC (Allocation Failure) [PSYoungGen: 418006K->187509K(465920K)] 1569075K->1394818K(1864192K), 0.0628034 secs] [Times: user=0.30 sys=0.00, real=0.07 secs] 
5224.022: [GC (Allocation Failure) [PSYoungGen: 420469K->98347K(465920K)] 1627778K->1376209K(1864192K), 0.0451511 secs] [Times: user=0.24 sys=0.00, real=0.05 secs] 
5224.920: [GC (Allocation Failure) [PSYoungGen: 331307K->173525K(465920K)] 1609169K->1483875K(1864192K), 0.0853622 secs] [Times: user=0.42 sys=0.00, real=0.09 secs] 
5225.209: [GC (Allocation Failure) [PSYoungGen: 406485K->181365K(465920K)] 1716835K->1545811K(1864192K), 0.0522504 secs] [Times: user=0.25 sys=0.00, real=0.05 secs] 
5225.262: [Full GC (Ergonomics) [PSYoungGen: 181365K->0K(465920K)] [ParOldGen: 1364446K->258817K(1398272K)] 1545811K->258817K(1864192K), [Metaspace: 59582K->59582K(1105920K)], 0.3304061 secs] [Times: user=1.52 sys=0.00, real=0.33 secs] 
5225.705: [GC (Allocation Failure) [PSYoungGen: 232960K->185783K(465920K)] 491777K->444601K(1864192K), 0.0787046 secs] [Times: user=0.40 sys=0.00, real=0.07 secs] 
5226.647: [GC (Allocation Failure) [PSYoungGen: 418743K->171155K(465920K)] 677561K->489029K(1864192K), 0.0559618 secs] [Times: user=0.28 sys=0.00, real=0.05 secs] 
5227.369: [GC (Allocation Failure) [PSYoungGen: 404115K->106636K(465920K)] 721989K->489942K(1864192K), 0.1002415 secs] [Times: user=0.53 sys=0.00, real=0.10 secs] 
5228.318: [GC (Allocation Failure) [PSYoungGen: 338818K->176725K(465920K)] 722124K->593528K(1864192K), 0.0489033 secs] [Times: user=0.22 sys=0.00, real=0.05 secs] 
5228.495: [GC (Allocation Failure) [PSYoungGen: 409685K->185270K(465920K)] 826488K->657112K(1864192K), 0.0437792 secs] [Times: user=0.19 sys=0.00, real=0.04 secs] 
5228.647: [GC (Allocation Failure) [PSYoungGen: 418230K->187445K(465920K)] 890072K->715536K(1864192K), 0.0463804 secs] [Times: user=0.22 sys=0.00, real=0.04 secs] 
5229.640: [GC (Allocation Failure) [PSYoungGen: 420405K->100940K(465920K)] 948496K->699751K(1864192K), 0.0443713 secs] [Times: user=0.23 sys=0.00, real=0.04 secs] 
5230.398: [GC (Allocation Failure) [PSYoungGen: 333900K->171604K(465920K)] 932711K->803236K(1864192K), 0.0655853 secs] [Times: user=0.31 sys=0.00, real=0.06 secs] 
5230.651: [GC (Allocation Failure) [PSYoungGen: 404564K->181461K(465920K)] 1036196K->866533K(1864192K), 0.0580597 secs] [Times: user=0.28 sys=0.00, real=0.06 secs] 
5230.831: [GC (Allocation Failure) [PSYoungGen: 414421K->185815K(465920K)] 1099493K->934287K(1864192K), 0.0494012 secs] [Times: user=0.23 sys=0.01, real=0.05 secs] 
5231.919: [GC (Allocation Failure) [PSYoungGen: 418775K->169811K(465920K)] 1167247K->977531K(1864192K), 0.0581546 secs] [Times: user=0.29 sys=0.00, real=0.06 secs] 
5232.291: [GC (Allocation Failure) [PSYoungGen: 402771K->109901K(465920K)] 1210491K->982397K(1864192K), 0.0533332 secs] [Times: user=0.25 sys=0.00, real=0.05 secs] 
5232.788: [GC (Allocation Failure) [PSYoungGen: 342836K->179029K(465920K)] 1215332K->1086909K(1864192K), 0.0547097 secs] [Times: user=0.25 sys=0.00, real=0.05 secs] 
5232.983: [GC (Allocation Failure) [PSYoungGen: 411989K->184695K(465920K)] 1319869K->1155183K(1864192K), 0.0493751 secs] [Times: user=0.23 sys=0.00, real=0.05 secs] 
5233.160: [GC (Allocation Failure) [PSYoungGen: 417655K->183892K(465920K)] 1388143K->1213005K(1864192K), 0.0680094 secs] [Times: user=0.34 sys=0.01, real=0.07 secs] 
5234.254: [GC (Allocation Failure) [PSYoungGen: 416852K->98668K(465920K)] 1445965K->1197236K(1864192K), 0.0463291 secs] [Times: user=0.24 sys=0.00, real=0.05 secs] 
5235.601: [GC (Allocation Failure) [PSYoungGen: 331628K->167732K(465920K)] 1430196K->1297913K(1864192K), 0.0895773 secs] [Times: user=0.42 sys=0.00, real=0.09 secs] 
5235.889: [GC (Allocation Failure) [PSYoungGen: 400692K->185238K(465920K)] 1530873K->1368179K(1864192K), 0.0444878 secs] [Times: user=0.21 sys=0.00, real=0.04 secs] 
5236.072: [GC (Allocation Failure) [PSYoungGen: 416904K->183030K(465920K)] 1599845K->1430388K(1864192K), 0.0571584 secs] [Times: user=0.28 sys=0.00, real=0.06 secs] 
5237.032: [GC (Allocation Failure) [PSYoungGen: 415990K->169203K(402432K)] 1663348K->1474768K(1800704K), 0.0555567 secs] [Times: user=0.28 sys=0.00, real=0.06 secs] 
5237.453: [GC (Allocation Failure) [PSYoungGen: 402163K->111901K(463872K)] 1707728K->1482282K(1862144K), 0.0663903 secs] [Times: user=0.34 sys=0.00, real=0.07 secs] 
5237.519: [Full GC (Ergonomics) [PSYoungGen: 111901K->0K(463872K)] [ParOldGen: 1370381K->128888K(1398272K)] 1482282K->128888K(1862144K), [Metaspace: 59582K->59582K(1105920K)], 0.1465227 secs] [Times: user=0.67 sys=0.00, real=0.15 secs] 
5238.030: [GC (Allocation Failure) [PSYoungGen: 225390K->171636K(464896K)] 354278K->300525K(1863168K), 0.0332190 secs] [Times: user=0.12 sys=0.00, real=0.03 secs] 
5238.200: [GC (Allocation Failure) [PSYoungGen: 403572K->184726K(463872K)] 532461K->367494K(1862144K), 0.0409839 secs] [Times: user=0.18 sys=0.00, real=0.04 secs] 
5238.383: [GC (Allocation Failure) [PSYoungGen: 417174K->186869K(465408K)] 599942K->425581K(1863680K), 0.0684399 secs] [Times: user=0.34 sys=0.00, real=0.07 secs] 
5239.402: [GC (Allocation Failure) [PSYoungGen: 419317K->98075K(465920K)] 658029K->407148K(1864192K), 0.0432978 secs] [Times: user=0.22 sys=0.00, real=0.05 secs] 
5239.848: [GC (Allocation Failure) [PSYoungGen: 331035K->174485K(465920K)] 640108K->516082K(1864192K), 0.0658741 secs] [Times: user=0.31 sys=0.00, real=0.06 secs] 
5240.105: [GC (GCLocker Initiated GC) [PSYoungGen: 407445K->182005K(465920K)] 749043K->577628K(1864192K), 0.0452088 secs] [Times: user=0.21 sys=0.00, real=0.04 secs] 
5240.300: [GC (Allocation Failure) [PSYoungGen: 414965K->185751K(465920K)] 810591K->644816K(1864192K), 0.0668501 secs] [Times: user=0.32 sys=0.00, real=0.07 secs] 
5241.213: [GC (Allocation Failure) [PSYoungGen: 418711K->169235K(464896K)] 877776K->687324K(1863168K), 0.0576349 secs] [Times: user=0.29 sys=0.00, real=0.06 secs] 
5242.286: [GC (Allocation Failure) [PSYoungGen: 402195K->104428K(465408K)] 920284K->687373K(1863680K), 0.1106818 secs] [Times: user=0.60 sys=0.00, real=0.11 secs] 
5243.065: [GC (Allocation Failure) [PSYoungGen: 336009K->178293K(465920K)] 918954K->794716K(1864192K), 0.0458842 secs] [Times: user=0.20 sys=0.00, real=0.04 secs] 
5243.229: [GC (Allocation Failure) [PSYoungGen: 411253K->184918K(465920K)] 1027676K->856764K(1864192K), 0.0436546 secs] [Times: user=0.20 sys=0.00, real=0.04 secs] 
5243.380: [GC (GCLocker Initiated GC) [PSYoungGen: 417878K->186101K(465920K)] 1089724K->914131K(1864192K), 0.0457492 secs] [Times: user=0.21 sys=0.00, real=0.05 secs] 
5244.474: [GC (Allocation Failure) [PSYoungGen: 419061K->97915K(465920K)] 1147094K->896164K(1864192K), 0.0441013 secs] [Times: user=0.22 sys=0.01, real=0.05 secs] 
5245.780: [GC (Allocation Failure) [PSYoungGen: 330875K->168788K(465920K)] 1129124K->998886K(1864192K), 0.1015251 secs] [Times: user=0.52 sys=0.00, real=0.10 secs] 
5246.087: [GC (Allocation Failure) [PSYoungGen: 401644K->181749K(465920K)] 1231742K->1064475K(1864192K), 0.0451150 secs] [Times: user=0.20 sys=0.00, real=0.04 secs] 
5246.245: [GC (Allocation Failure) [PSYoungGen: 414709K->186135K(465920K)] 1297435K->1132309K(1864192K), 0.0501768 secs] [Times: user=0.23 sys=0.00, real=0.05 secs] 
5247.038: [GC (Allocation Failure) [PSYoungGen: 415033K->213876K(465920K)] 1361207K->1219137K(1864192K), 0.0575469 secs] [Times: user=0.28 sys=0.00, real=0.06 secs] 
5247.562: [GC (Allocation Failure) [PSYoungGen: 446836K->101436K(465920K)] 1452097K->1173953K(1864192K), 0.0601255 secs] [Times: user=0.32 sys=0.00, real=0.06 secs] 
5248.374: [GC (GCLocker Initiated GC) [PSYoungGen: 334396K->181302K(465920K)] 1406917K->1285668K(1864192K), 0.0503772 secs] [Times: user=0.22 sys=0.00, real=0.05 secs] 
5248.552: [GC (Allocation Failure) [PSYoungGen: 414262K->182261K(465920K)] 1518792K->1343420K(1864192K), 0.0442107 secs] [Times: user=0.20 sys=0.00, real=0.05 secs] 
5248.708: [GC (Allocation Failure) [PSYoungGen: 415221K->187509K(465920K)] 1576380K->1403860K(1864192K), 0.0459556 secs] [Times: user=0.21 sys=0.01, real=0.04 secs] 
5249.727: [GC (Allocation Failure) [PSYoungGen: 420469K->99228K(465920K)] 1636820K->1386355K(1864192K), 0.0506040 secs] [Times: user=0.27 sys=0.00, real=0.05 secs] 
5250.198: [GC (GCLocker Initiated GC) [PSYoungGen: 332188K->171156K(465920K)] 1619315K->1491064K(1864192K), 0.0521017 secs] [Times: user=0.24 sys=0.00, real=0.05 secs] 
5250.250: [Full GC (Ergonomics) [PSYoungGen: 171156K->0K(465920K)] [ParOldGen: 1319907K->194841K(1398272K)] 1491064K->194841K(1864192K), [Metaspace: 59587K->59587K(1105920K)], 0.1861270 secs] [Times: user=0.83 sys=0.00, real=0.19 secs] 
5250.581: [GC (Allocation Failure) [PSYoungGen: 232960K->186581K(465920K)] 427840K->381461K(1864192K), 0.0321177 secs] [Times: user=0.12 sys=0.01, real=0.03 secs] 
5250.748: [GC (Allocation Failure) [PSYoungGen: 419541K->186167K(465920K)] 614421K->451984K(1864192K), 0.0517482 secs] [Times: user=0.24 sys=0.00, real=0.05 secs] 
5251.590: [GC (Allocation Failure) [PSYoungGen: 417260K->215060K(465920K)] 683077K->539981K(1864192K), 0.0562575 secs] [Times: user=0.28 sys=0.00, real=0.06 secs] 
5252.100: [GC (Allocation Failure) [PSYoungGen: 448020K->104764K(465920K)] 772941K->497261K(1864192K), 0.0539909 secs] [Times: user=0.28 sys=0.00, real=0.05 secs] 
5252.503: [GC (GCLocker Initiated GC) [PSYoungGen: 337724K->178549K(465920K)] 730221K->604942K(1864192K), 0.0601700 secs] [Times: user=0.27 sys=0.00, real=0.06 secs] 
5252.731: [GC (Allocation Failure) [PSYoungGen: 411509K->185366K(465920K)] 837905K->667582K(1864192K), 0.0428755 secs] [Times: user=0.20 sys=0.00, real=0.04 secs] 
5252.888: [GC (Allocation Failure) [PSYoungGen: 418326K->187221K(465920K)] 900542K->725765K(1864192K), 0.0452693 secs] [Times: user=0.21 sys=0.01, real=0.04 secs] 
5253.883: [GC (Allocation Failure) [PSYoungGen: 420181K->97931K(465920K)] 958725K->707204K(1864192K), 0.0441737 secs] [Times: user=0.23 sys=0.00, real=0.05 secs] 
5254.597: [GC (Allocation Failure) [PSYoungGen: 330891K->174869K(465920K)] 940164K->816306K(1864192K), 0.0605817 secs] [Times: user=0.28 sys=0.00, real=0.06 secs] 
5254.797: [GC (Allocation Failure) [PSYoungGen: 407829K->184918K(465920K)] 1049266K->880435K(1864192K), 0.0451034 secs] [Times: user=0.20 sys=0.00, real=0.04 secs] 
5255.047: [GC (Allocation Failure) [PSYoungGen: 417878K->181526K(465920K)] 1113395K->941171K(1864192K), 0.0517848 secs] [Times: user=0.24 sys=0.00, real=0.05 secs] 
5256.320: [GC (Allocation Failure) [PSYoungGen: 414486K->169683K(465920K)] 1174131K->986840K(1864192K), 0.0576154 secs] [Times: user=0.29 sys=0.00, real=0.06 secs] 
5257.050: [GC (Allocation Failure) [PSYoungGen: 402643K->107548K(465920K)] 1219800K->989458K(1864192K), 0.0622181 secs] [Times: user=0.33 sys=0.00, real=0.06 secs] 
5257.525: [GC (Allocation Failure) [PSYoungGen: 340508K->179989K(465920K)] 1222418K->1096330K(1864192K), 0.0556580 secs] [Times: user=0.26 sys=0.00, real=0.05 secs] 
5257.722: [GC (Allocation Failure) [PSYoungGen: 412949K->184791K(465920K)] 1329290K->1163748K(1864192K), 0.0506190 secs] [Times: user=0.24 sys=0.00, real=0.05 secs] 
5257.900: [GC (Allocation Failure) [PSYoungGen: 417751K->183572K(465920K)] 1396708K->1221418K(1864192K), 0.0649434 secs] [Times: user=0.33 sys=0.00, real=0.07 secs] 
5258.926: [GC (Allocation Failure) [PSYoungGen: 416532K->96427K(465920K)] 1454378K->1203785K(1864192K), 0.0492275 secs] [Times: user=0.26 sys=0.00, real=0.05 secs] 
5260.104: [GC (Allocation Failure) [PSYoungGen: 329387K->169332K(465920K)] 1436745K->1307974K(1864192K), 0.0812217 secs] [Times: user=0.39 sys=0.00, real=0.09 secs] 
5260.371: [GC (Allocation Failure) [PSYoungGen: 402292K->185302K(465920K)] 1540934K->1376824K(1864192K), 0.0444811 secs] [Times: user=0.20 sys=0.00, real=0.05 secs] 
5260.526: [GC (Allocation Failure) [PSYoungGen: 417918K->185143K(465920K)] 1609440K->1441105K(1864192K), 0.0524139 secs] [Times: user=0.25 sys=0.00, real=0.05 secs] 
5261.376: [GC (Allocation Failure) [PSYoungGen: 418103K->206629K(465920K)] 1674065K->1521288K(1864192K), 0.0514313 secs] [Times: user=0.24 sys=0.01, real=0.05 secs] 
5261.428: [Full GC (Ergonomics) [PSYoungGen: 206629K->0K(465920K)] [ParOldGen: 1314658K->362902K(1398272K)] 1521288K->362902K(1864192K), [Metaspace: 59587K->59587K(1105920K)], 0.5223554 secs] [Times: user=1.81 sys=0.00, real=0.52 secs] 
5262.867: [GC (Allocation Failure) [PSYoungGen: 232960K->104188K(465920K)] 595862K->467090K(1864192K), 0.0433465 secs] [Times: user=0.16 sys=0.01, real=0.04 secs] 
5263.378: [GC (Allocation Failure) [PSYoungGen: 337148K->178613K(465920K)] 700050K->575220K(1864192K), 0.0467995 secs] [Times: user=0.21 sys=0.00, real=0.04 secs] 
5263.547: [GC (Allocation Failure) [PSYoungGen: 411573K->185270K(465920K)] 808180K->637756K(1864192K), 0.0435309 secs] [Times: user=0.19 sys=0.00, real=0.04 secs] 
5263.701: [GC (Allocation Failure) [PSYoungGen: 418230K->187221K(465920K)] 870716K->695812K(1864192K), 0.0455963 secs] [Times: user=0.22 sys=0.00, real=0.05 secs] 
5264.767: [GC (Allocation Failure) [PSYoungGen: 420181K->100684K(465920K)] 928772K->679923K(1864192K), 0.0444935 secs] [Times: user=0.23 sys=0.00, real=0.04 secs] 
5265.588: [GC (Allocation Failure) [PSYoungGen: 333644K->171124K(465920K)] 912883K->782560K(1864192K), 0.0918782 secs] [Times: user=0.45 sys=0.00, real=0.09 secs] 
5265.869: [GC (Allocation Failure) [PSYoungGen: 404084K->185142K(465920K)] 1015520K->850405K(1864192K), 0.0424924 secs] [Times: user=0.19 sys=0.00, real=0.04 secs] 
5266.023: [GC (Allocation Failure) [PSYoungGen: 418102K->182646K(465920K)] 1083365K->912086K(1864192K), 0.0496525 secs] [Times: user=0.23 sys=0.01, real=0.05 secs] 
5266.940: [GC (Allocation Failure) [PSYoungGen: 415606K->171091K(465920K)] 1145046K->958619K(1864192K), 0.0544123 secs] [Times: user=0.27 sys=0.00, real=0.05 secs] 
5267.440: [GC (Allocation Failure) [PSYoungGen: 404051K->109085K(465920K)] 1191579K->961932K(1864192K), 0.0534499 secs] [Times: user=0.28 sys=0.00, real=0.05 secs] 
5268.281: [GC (Allocation Failure) [PSYoungGen: 339328K->173877K(465920K)] 1192176K->1060937K(1864192K), 0.0546641 secs] [Times: user=0.25 sys=0.00, real=0.06 secs] 
5268.477: [GC (Allocation Failure) [PSYoungGen: 406837K->185398K(465920K)] 1293897K->1126766K(1864192K), 0.0430668 secs] [Times: user=0.19 sys=0.00, real=0.04 secs] 
5268.664: [GC (Allocation Failure) [PSYoungGen: 418358K->183988K(465920K)] 1359726K->1181381K(1864192K), 0.0601148 secs] [Times: user=0.29 sys=0.00, real=0.06 secs] 
5269.701: [GC (Allocation Failure) [PSYoungGen: 416948K->104732K(465920K)] 1414341K->1171765K(1864192K), 0.0448017 secs] [Times: user=0.23 sys=0.00, real=0.05 secs] 
5270.652: [GC (Allocation Failure) [PSYoungGen: 337692K->167572K(465920K)] 1404725K->1268385K(1864192K), 0.0831149 secs] [Times: user=0.41 sys=0.00, real=0.09 secs] 
5270.935: [GC (Allocation Failure) [PSYoungGen: 400532K->182293K(465920K)] 1501345K->1335395K(1864192K), 0.0542535 secs] [Times: user=0.26 sys=0.00, real=0.05 secs] 
5271.102: [GC (Allocation Failure) [PSYoungGen: 415253K->185751K(465920K)] 1568355K->1402416K(1864192K), 0.0504549 secs] [Times: user=0.23 sys=0.00, real=0.05 secs] 
5272.069: [GC (Allocation Failure) [PSYoungGen: 414916K->209939K(465920K)] 1631581K->1485573K(1864192K), 0.0573666 secs] [Times: user=0.29 sys=0.00, real=0.06 secs] 
5272.667: [GC (Allocation Failure) [PSYoungGen: 442899K->105308K(465920K)] 1718533K->1447142K(1864192K), 0.0560231 secs] [Times: user=0.29 sys=0.00, real=0.05 secs] 
5272.723: [Full GC (Ergonomics) [PSYoungGen: 105308K->0K(465920K)] [ParOldGen: 1341833K->121543K(1398272K)] 1447142K->121543K(1864192K), [Metaspace: 59587K->59587K(1105920K)], 0.1243210 secs] [Times: user=0.54 sys=0.00, real=0.13 secs] 
5273.273: [GC (Allocation Failure) [PSYoungGen: 230065K->177653K(465920K)] 351608K->299196K(1864192K), 0.0386550 secs] [Times: user=0.14 sys=0.00, real=0.04 secs] 
5273.464: [GC (Allocation Failure) [PSYoungGen: 410613K->184918K(465920K)] 532156K->362397K(1864192K), 0.0416921 secs] [Times: user=0.19 sys=0.00, real=0.05 secs] 
5273.679: [GC (Allocation Failure) [PSYoungGen: 417878K->186805K(465920K)] 595357K->420372K(1864192K), 0.0675379 secs] [Times: user=0.33 sys=0.00, real=0.07 secs] 
5274.750: [GC (Allocation Failure) [PSYoungGen: 419765K->98684K(465920K)] 653332K->402723K(1864192K), 0.0434835 secs] [Times: user=0.22 sys=0.00, real=0.04 secs] 
5275.418: [GC (Allocation Failure) [PSYoungGen: 331644K->173397K(465920K)] 635683K->510093K(1864192K), 0.0754897 secs] [Times: user=0.37 sys=0.01, real=0.07 secs] 
5275.660: [GC (Allocation Failure) [PSYoungGen: 406347K->181653K(465920K)] 743043K->572342K(1864192K), 0.0418454 secs] [Times: user=0.19 sys=0.00, real=0.04 secs] 
5275.843: [GC (Allocation Failure) [PSYoungGen: 414613K->185719K(465920K)] 805302K->639783K(1864192K), 0.0709123 secs] [Times: user=0.35 sys=0.00, real=0.07 secs] 
5276.819: [GC (Allocation Failure) [PSYoungGen: 418679K->171475K(465920K)] 872743K->684611K(1864192K), 0.0574658 secs] [Times: user=0.28 sys=0.01, real=0.06 secs] 
5277.442: [GC (Allocation Failure) [PSYoungGen: 404435K->110061K(465920K)] 917571K->688813K(1864192K), 0.0806426 secs] [Times: user=0.43 sys=0.00, real=0.08 secs] 
5278.491: [GC (Allocation Failure) [PSYoungGen: 340427K->173525K(465920K)] 919179K->786714K(1864192K), 0.0533425 secs] [Times: user=0.23 sys=0.01, real=0.05 secs] 
5278.681: [GC (Allocation Failure) [PSYoungGen: 406485K->185174K(465920K)] 1019674K->852807K(1864192K), 0.0427412 secs] [Times: user=0.19 sys=0.01, real=0.04 secs] 
5278.852: [GC (Allocation Failure) [PSYoungGen: 418134K->187381K(465920K)] 1085767K->910966K(1864192K), 0.0641282 secs] [Times: user=0.31 sys=0.00, real=0.07 secs] 
5279.934: [GC (Allocation Failure) [PSYoungGen: 420341K->100396K(465920K)] 1143926K->894645K(1864192K), 0.0449725 secs] [Times: user=0.24 sys=0.00, real=0.05 secs] 
5280.512: [GC (GCLocker Initiated GC) [PSYoungGen: 333356K->175413K(465920K)] 1127606K->1002368K(1864192K), 0.0873996 secs] [Times: user=0.42 sys=0.00, real=0.09 secs] 
5280.786: [GC (Allocation Failure) [PSYoungGen: 408373K->182069K(465920K)] 1235459K->1063935K(1864192K), 0.0430582 secs] [Times: user=0.19 sys=0.00, real=0.04 secs] 
5280.941: [GC (Allocation Failure) [PSYoungGen: 415029K->182678K(465920K)] 1296895K->1128184K(1864192K), 0.0502926 secs] [Times: user=0.23 sys=0.00, real=0.05 secs] 
5281.851: [GC (Allocation Failure) [PSYoungGen: 415638K->169267K(465920K)] 1361144K->1172493K(1864192K), 0.0575374 secs] [Times: user=0.29 sys=0.00, real=0.06 secs] 
5282.307: [GC (Allocation Failure) [PSYoungGen: 402227K->111901K(465920K)] 1405453K->1179911K(1864192K), 0.0711179 secs] [Times: user=0.37 sys=0.01, real=0.07 secs] 
5282.728: [GC (Allocation Failure) [PSYoungGen: 344861K->179189K(465920K)] 1412871K->1282816K(1864192K), 0.0440605 secs] [Times: user=0.20 sys=0.00, real=0.04 secs] 
5282.913: [GC (Allocation Failure) [PSYoungGen: 412149K->184919K(465920K)] 1515776K->1351242K(1864192K), 0.0568299 secs] [Times: user=0.27 sys=0.00, real=0.06 secs] 
5283.132: [GC (GCLocker Initiated GC) [PSYoungGen: 417879K->184052K(465920K)] 1584203K->1408960K(1864192K), 0.0598877 secs] [Times: user=0.30 sys=0.00, real=0.06 secs] 
5284.208: [GC (Allocation Failure) [PSYoungGen: 417012K->96267K(465920K)] 1641959K->1390894K(1864192K), 0.0468110 secs] [Times: user=0.24 sys=0.00, real=0.04 secs] 
5285.188: [GC (Allocation Failure) [PSYoungGen: 329227K->171316K(465920K)] 1623854K->1496959K(1864192K), 0.0887822 secs] [Times: user=0.43 sys=0.00, real=0.09 secs] 
5285.277: [Full GC (Ergonomics) [PSYoungGen: 171316K->0K(465920K)] [ParOldGen: 1325642K->197266K(1398272K)] 1496959K->197266K(1864192K), [Metaspace: 59587K->59587K(1105920K)], 0.2579049 secs] [Times: user=1.26 sys=0.00, real=0.25 secs] 
5285.668: [GC (Allocation Failure) [PSYoungGen: 232960K->185206K(465920K)] 430226K->382472K(1864192K), 0.0336266 secs] [Times: user=0.13 sys=0.00, real=0.03 secs] 
5285.808: [GC (Allocation Failure) [PSYoungGen: 408643K->178038K(465920K)] 605909K->439776K(1864192K), 0.0433486 secs] [Times: user=0.19 sys=0.00, real=0.04 secs] 
5286.688: [GC (Allocation Failure) [PSYoungGen: 410998K->169587K(402944K)] 672736K->488093K(1801216K), 0.0536351 secs] [Times: user=0.26 sys=0.00, real=0.05 secs] 
5287.395: [GC (Allocation Failure) [PSYoungGen: 402547K->108461K(462848K)] 721053K->491755K(1861120K), 0.0990000 secs] [Times: user=0.53 sys=0.00, real=0.09 secs] 
5288.481: [GC (Allocation Failure) [PSYoungGen: 339885K->174197K(464384K)] 723179K->591708K(1862656K), 0.0534462 secs] [Times: user=0.25 sys=0.00, real=0.05 secs] 
5288.676: [GC (Allocation Failure) [PSYoungGen: 405621K->184278K(465408K)] 823132K->656497K(1863680K), 0.0437157 secs] [Times: user=0.20 sys=0.00, real=0.04 secs] 
5288.868: [GC (Allocation Failure) [PSYoungGen: 417238K->187157K(465920K)] 889457K->715296K(1864192K), 0.0728249 secs] [Times: user=0.36 sys=0.00, real=0.07 secs] 
5289.893: [GC (Allocation Failure) [PSYoungGen: 420117K->100172K(465920K)] 948256K->698775K(1864192K), 0.0492392 secs] [Times: user=0.25 sys=0.00, real=0.05 secs] 
5290.970: [GC (Allocation Failure) [PSYoungGen: 333132K->170100K(465920K)] 931735K->800580K(1864192K), 0.0943682 secs] [Times: user=0.46 sys=0.00, real=0.09 secs] 
5291.250: [GC (Allocation Failure) [PSYoungGen: 403060K->182069K(465920K)] 1033540K->865902K(1864192K), 0.0417121 secs] [Times: user=0.18 sys=0.00, real=0.04 secs] 
5291.440: [GC (Allocation Failure) [PSYoungGen: 415029K->185815K(465920K)] 1098862K->933111K(1864192K), 0.0729082 secs] [Times: user=0.36 sys=0.00, real=0.07 secs] 
5292.388: [GC (Allocation Failure) [PSYoungGen: 418775K->173395K(465920K)] 1166071K->979635K(1864192K), 0.0590858 secs] [Times: user=0.30 sys=0.00, real=0.06 secs] 
5293.158: [GC (Allocation Failure) [PSYoungGen: 406355K->106556K(465920K)] 1212595K->979085K(1864192K), 0.0775292 secs] [Times: user=0.41 sys=0.00, real=0.08 secs] 
5293.698: [GC (Allocation Failure) [PSYoungGen: 338315K->176693K(465920K)] 1210843K->1083333K(1864192K), 0.0494474 secs] [Times: user=0.23 sys=0.00, real=0.05 secs] 
5293.934: [GC (Allocation Failure) [PSYoungGen: 409653K->185334K(465920K)] 1316293K->1147634K(1864192K), 0.0625988 secs] [Times: user=0.29 sys=0.00, real=0.07 secs] 
5294.160: [GC (Allocation Failure) [PSYoungGen: 418294K->187189K(465920K)] 1380594K->1205537K(1864192K), 0.0649978 secs] [Times: user=0.32 sys=0.00, real=0.07 secs] 
5295.168: [GC (Allocation Failure) [PSYoungGen: 420149K->98459K(465920K)] 1438497K->1187459K(1864192K), 0.0492421 secs] [Times: user=0.26 sys=0.00, real=0.05 secs] 
5296.046: [GC (Allocation Failure) [PSYoungGen: 331315K->173557K(465920K)] 1420315K->1294173K(1864192K), 0.0838257 secs] [Times: user=0.41 sys=0.00, real=0.08 secs] 
5296.302: [GC (Allocation Failure) [PSYoungGen: 406517K->185110K(465920K)] 1527133K->1360055K(1864192K), 0.0434878 secs] [Times: user=0.20 sys=0.00, real=0.05 secs] 
5296.481: [GC (Allocation Failure) [PSYoungGen: 418070K->183606K(465920K)] 1593015K->1423088K(1864192K), 0.0555411 secs] [Times: user=0.26 sys=0.00, real=0.06 secs] 
5297.356: [GC (Allocation Failure) [PSYoungGen: 412649K->206323K(465920K)] 1652130K->1504028K(1864192K), 0.0549417 secs] [Times: user=0.28 sys=0.00, real=0.05 secs] 
5297.806: [GC (Allocation Failure) [PSYoungGen: 439283K->102252K(465920K)] 1736988K->1464709K(1864192K), 0.0416810 secs] [Times: user=0.20 sys=0.00, real=0.04 secs] 
5297.847: [Full GC (Ergonomics) [PSYoungGen: 102252K->0K(465920K)] [ParOldGen: 1362457K->118872K(1398272K)] 1464709K->118872K(1864192K), [Metaspace: 59587K->59587K(1105920K)], 0.1081810 secs] [Times: user=0.45 sys=0.00, real=0.11 secs] 
5298.851: [GC (Allocation Failure) [PSYoungGen: 232960K->178581K(465920K)] 351832K->297454K(1864192K), 0.0378535 secs] [Times: user=0.14 sys=0.00, real=0.04 secs] 
5299.040: [GC (Allocation Failure) [PSYoungGen: 411541K->185430K(465920K)] 530414K->360214K(1864192K), 0.0415556 secs] [Times: user=0.18 sys=0.00, real=0.04 secs] 
5299.188: [GC (Allocation Failure) [PSYoungGen: 418390K->187349K(465920K)] 593174K->418317K(1864192K), 0.0446940 secs] [Times: user=0.21 sys=0.00, real=0.04 secs] 
5300.224: [GC (Allocation Failure) [PSYoungGen: 420309K->100716K(465920K)] 651277K->402328K(1864192K), 0.0446824 secs] [Times: user=0.23 sys=0.00, real=0.05 secs] 
5301.238: [GC (Allocation Failure) [PSYoungGen: 333676K->167444K(465920K)] 635288K->501341K(1864192K), 0.0945329 secs] [Times: user=0.47 sys=0.01, real=0.09 secs] 
5301.516: [GC (Allocation Failure) [PSYoungGen: 400404K->185334K(465920K)] 734301K->571723K(1864192K), 0.0434070 secs] [Times: user=0.19 sys=0.00, real=0.04 secs] 
5301.674: [GC (Allocation Failure) [PSYoungGen: 418294K->186263K(465920K)] 804683K->636884K(1864192K), 0.0512390 secs] [Times: user=0.24 sys=0.00, real=0.06 secs] 
5302.486: [GC (Allocation Failure) [PSYoungGen: 414294K->192147K(465920K)] 864915K->701992K(1864192K), 0.0549466 secs] [Times: user=0.28 sys=0.00, real=0.05 secs] 
5302.930: [GC (Allocation Failure) [PSYoungGen: 425107K->104348K(465920K)] 934952K->679770K(1864192K), 0.0654077 secs] [Times: user=0.34 sys=0.00, real=0.07 secs] 
5303.320: [GC (Allocation Failure) [PSYoungGen: 333102K->178613K(465920K)] 908524K->787016K(1864192K), 0.0350771 secs] [Times: user=0.15 sys=0.00, real=0.03 secs] 
5303.464: [GC (Allocation Failure) [PSYoungGen: 411573K->181973K(465920K)] 1019976K->846076K(1864192K), 0.0435616 secs] [Times: user=0.19 sys=0.00, real=0.05 secs] 
5303.616: [GC (Allocation Failure) [PSYoungGen: 414933K->187157K(465920K)] 1079036K->906531K(1864192K), 0.0455926 secs] [Times: user=0.21 sys=0.00, real=0.04 secs] 
5304.723: [GC (Allocation Failure) [PSYoungGen: 420117K->99020K(465920K)] 1139491K->888882K(1864192K), 0.0469495 secs] [Times: user=0.25 sys=0.00, real=0.05 secs] 
5305.386: [GC (Allocation Failure) [PSYoungGen: 331980K->173269K(465920K)] 1121842K->995756K(1864192K), 0.0836437 secs] [Times: user=0.41 sys=0.00, real=0.08 secs] 
5305.630: [GC (Allocation Failure) [PSYoungGen: 406229K->184886K(465920K)] 1228716K->1061213K(1864192K), 0.0432076 secs] [Times: user=0.20 sys=0.00, real=0.04 secs] 
5305.787: [GC (Allocation Failure) [PSYoungGen: 417846K->185463K(465920K)] 1294173K->1126118K(1864192K), 0.0507791 secs] [Times: user=0.24 sys=0.01, real=0.05 secs] 
5306.815: [GC (Allocation Failure) [PSYoungGen: 418423K->169971K(465920K)] 1359078K->1169690K(1864192K), 0.0564211 secs] [Times: user=0.29 sys=0.00, real=0.05 secs] 
5307.384: [GC (Allocation Failure) [PSYoungGen: 402931K->107676K(465920K)] 1402650K->1172524K(1864192K), 0.0606695 secs] [Times: user=0.32 sys=0.00, real=0.07 secs] 
5307.860: [GC (Allocation Failure) [PSYoungGen: 337870K->175381K(465920K)] 1402718K->1274505K(1864192K), 0.0524686 secs] [Times: user=0.24 sys=0.00, real=0.05 secs] 
5308.047: [GC (Allocation Failure) [PSYoungGen: 408341K->185174K(465920K)] 1507465K->1339342K(1864192K), 0.0437683 secs] [Times: user=0.19 sys=0.00, real=0.04 secs] 
5308.254: [GC (Allocation Failure) [PSYoungGen: 418134K->187061K(465920K)] 1572302K->1397429K(1864192K), 0.0721812 secs] [Times: user=0.36 sys=0.00, real=0.08 secs] 
5309.296: [GC (Allocation Failure) [PSYoungGen: 420021K->101692K(465920K)] 1630389K->1382628K(1864192K), 0.0453128 secs] [Times: user=0.24 sys=0.00, real=0.04 secs] 
5310.377: [GC (Allocation Failure) [PSYoungGen: 334652K->170196K(465920K)] 1615588K->1484229K(1864192K), 0.1012108 secs] [Times: user=0.51 sys=0.01, real=0.10 secs] 
5310.478: [Full GC (Ergonomics) [PSYoungGen: 170196K->0K(465920K)] [ParOldGen: 1314032K->195013K(1398272K)] 1484229K->195013K(1864192K), [Metaspace: 59587K->59587K(1105920K)], 0.2771271 secs] [Times: user=1.38 sys=0.00, real=0.28 secs] 
5310.866: [GC (Allocation Failure) [PSYoungGen: 232960K->184854K(465920K)] 427973K->379867K(1864192K), 0.0322572 secs] [Times: user=0.13 sys=0.00, real=0.03 secs] 
5311.009: [GC (Allocation Failure) [PSYoungGen: 417814K->182774K(465920K)] 612827K->442036K(1864192K), 0.0440245 secs] [Times: user=0.19 sys=0.00, real=0.04 secs] 
5312.257: [GC (Allocation Failure) [PSYoungGen: 415734K->171123K(465920K)] 674996K->488305K(1864192K), 0.0569243 secs] [Times: user=0.29 sys=0.00, real=0.05 secs] 
5312.690: [GC (Allocation Failure) [PSYoungGen: 404083K->108269K(465920K)] 721265K->490754K(1864192K), 0.0435947 secs] [Times: user=0.22 sys=0.00, real=0.04 secs] 
5313.191: [GC (Allocation Failure) [PSYoungGen: 337359K->174581K(465920K)] 719845K->591968K(1864192K), 0.0347607 secs] [Times: user=0.14 sys=0.00, real=0.04 secs] 
5313.339: [GC (Allocation Failure) [PSYoungGen: 407541K->184918K(465920K)] 824928K->656969K(1864192K), 0.0435482 secs] [Times: user=0.20 sys=0.00, real=0.04 secs] 
5313.493: [GC (Allocation Failure) [PSYoungGen: 417878K->187125K(465920K)] 889929K->715048K(1864192K), 0.0460369 secs] [Times: user=0.21 sys=0.00, real=0.05 secs] 
5314.756: [GC (Allocation Failure) [PSYoungGen: 420085K->101036K(465920K)] 948008K->699475K(1864192K), 0.0444884 secs] [Times: user=0.23 sys=0.01, real=0.04 secs] 
5315.808: [GC (Allocation Failure) [PSYoungGen: 333996K->170516K(465920K)] 932435K->801328K(1864192K), 0.1010014 secs] [Times: user=0.51 sys=0.00, real=0.10 secs] 
5316.111: [GC (Allocation Failure) [PSYoungGen: 403476K->181749K(465920K)] 1034288K->865897K(1864192K), 0.0442186 secs] [Times: user=0.20 sys=0.00, real=0.05 secs] 
5316.269: [GC (Allocation Failure) [PSYoungGen: 414709K->185879K(465920K)] 1098857K->933067K(1864192K), 0.0500803 secs] [Times: user=0.24 sys=0.00, real=0.05 secs] 
5317.142: [GC (Allocation Failure) [PSYoungGen: 418839K->171891K(465920K)] 1166027K->978167K(1864192K), 0.0548449 secs] [Times: user=0.27 sys=0.00, real=0.06 secs] 
5317.663: [GC (Allocation Failure) [PSYoungGen: 404851K->109101K(465920K)] 1211127K->981017K(1864192K), 0.0633903 secs] [Times: user=0.33 sys=0.00, real=0.07 secs] 
5318.166: [GC (Allocation Failure) [PSYoungGen: 338071K->174773K(465920K)] 1209987K->1081206K(1864192K), 0.0511066 secs] [Times: user=0.23 sys=0.00, real=0.05 secs] 
5318.350: [GC (Allocation Failure) [PSYoungGen: 407733K->185430K(465920K)] 1314166K->1146719K(1864192K), 0.0438544 secs] [Times: user=0.20 sys=0.00, real=0.04 secs] 
5318.535: [GC (Allocation Failure) [PSYoungGen: 418390K->186965K(465920K)] 1379679K->1204502K(1864192K), 0.0694690 secs] [Times: user=0.34 sys=0.00, real=0.06 secs] 
5319.558: [GC (Allocation Failure) [PSYoungGen: 419925K->100460K(465920K)] 1437462K->1188429K(1864192K), 0.0451027 secs] [Times: user=0.24 sys=0.00, real=0.04 secs] 
5320.639: [GC (Allocation Failure) [PSYoungGen: 333420K->170868K(465920K)] 1421389K->1291034K(1864192K), 0.0941530 secs] [Times: user=0.47 sys=0.00, real=0.09 secs] 
5320.913: [GC (Allocation Failure) [PSYoungGen: 403828K->181813K(465920K)] 1523994K->1355487K(1864192K), 0.0431877 secs] [Times: user=0.20 sys=0.00, real=0.05 secs] 
5321.072: [GC (Allocation Failure) [PSYoungGen: 414773K->186039K(465920K)] 1588447K->1423129K(1864192K), 0.0511358 secs] [Times: user=0.24 sys=0.00, real=0.05 secs] 
5322.001: [GC (Allocation Failure) [PSYoungGen: 418999K->170195K(465920K)] 1656089K->1466469K(1864192K), 0.0555473 secs] [Times: user=0.28 sys=0.00, real=0.06 secs] 
5322.357: [GC (GCLocker Initiated GC) [PSYoungGen: 403155K->105708K(465920K)] 1699430K->1467144K(1864192K), 0.0444379 secs] [Times: user=0.23 sys=0.01, real=0.04 secs] 
5322.402: [Full GC (Ergonomics) [PSYoungGen: 105708K->0K(465920K)] [ParOldGen: 1361435K->122303K(1398272K)] 1467144K->122303K(1864192K), [Metaspace: 59587K->59587K(1105920K)], 0.1185726 secs] [Times: user=0.47 sys=0.00, real=0.12 secs] 
5323.272: [GC (Allocation Failure) [PSYoungGen: 232960K->176469K(465920K)] 363457K->306967K(1864192K), 0.0950726 secs] [Times: user=0.51 sys=0.00, real=0.10 secs] 
5323.480: [GC (Allocation Failure) [PSYoungGen: 409429K->181814K(465920K)] 539927K->368892K(1864192K), 0.1633827 secs] [Times: user=0.91 sys=0.00, real=0.16 secs] 
5323.752: [GC (Allocation Failure) [PSYoungGen: 414774K->187605K(465920K)] 601852K->432586K(1864192K), 0.0572176 secs] [Times: user=0.28 sys=0.00, real=0.06 secs] 
5324.818: [GC (Allocation Failure) [PSYoungGen: 420565K->100316K(465920K)] 665546K->415997K(1864192K), 0.0562363 secs] [Times: user=0.30 sys=0.00, real=0.05 secs] 
5325.253: [GC (Allocation Failure) [PSYoungGen: 333276K->175829K(465920K)] 648957K->524351K(1864192K), 0.0634425 secs] [Times: user=0.29 sys=0.00, real=0.07 secs] 
5325.500: [GC (Allocation Failure) [PSYoungGen: 408789K->184694K(465920K)] 757311K->588148K(1864192K), 0.0437205 secs] [Times: user=0.20 sys=0.00, real=0.04 secs] 
5325.670: [GC (Allocation Failure) [PSYoungGen: 402078K->171445K(465920K)] 805533K->639299K(1864192K), 0.0541305 secs] [Times: user=0.27 sys=0.00, real=0.05 secs] 
5326.480: [GC (Allocation Failure) [PSYoungGen: 400615K->206643K(465920K)] 868470K->728985K(1864192K), 0.0524596 secs] [Times: user=0.26 sys=0.00, real=0.05 secs] 
5326.922: [GC (Allocation Failure) [PSYoungGen: 439603K->102140K(465920K)] 961945K->689382K(1864192K), 0.0665152 secs] [Times: user=0.35 sys=0.00, real=0.07 secs] 
5328.076: [GC (Allocation Failure) [PSYoungGen: 335100K->180245K(465920K)] 922342K->800037K(1864192K), 0.0495961 secs] [Times: user=0.22 sys=0.00, real=0.05 secs] 
5328.254: [GC (Allocation Failure) [PSYoungGen: 413205K->185302K(465920K)] 1032997K->861249K(1864192K), 0.0444706 secs] [Times: user=0.20 sys=0.00, real=0.05 secs] 
5328.429: [GC (Allocation Failure) [PSYoungGen: 418262K->187125K(465920K)] 1094209K->919264K(1864192K), 0.0510670 secs] [Times: user=0.25 sys=0.00, real=0.05 secs] 
5329.431: [GC (Allocation Failure) [PSYoungGen: 420085K->98844K(465920K)] 1152224K->901431K(1864192K), 0.0494235 secs] [Times: user=0.26 sys=0.00, real=0.05 secs] 
5330.654: [GC (GCLocker Initiated GC) [PSYoungGen: 331804K->167444K(465920K)] 1134391K->1002540K(1864192K), 0.1119211 secs] [Times: user=0.55 sys=0.00, real=0.12 secs] 
5330.973: [GC (Allocation Failure) [PSYoungGen: 400404K->185110K(465920K)] 1235667K->1072473K(1864192K), 0.0448245 secs] [Times: user=0.20 sys=0.00, real=0.05 secs] 
5331.131: [GC (Allocation Failure) [PSYoungGen: 418070K->186263K(465920K)] 1305433K->1138026K(1864192K), 0.0516604 secs] [Times: user=0.24 sys=0.00, real=0.05 secs] 
5332.146: [GC (Allocation Failure) [PSYoungGen: 416130K->209555K(465920K)] 1367894K->1220518K(1864192K), 0.0569168 secs] [Times: user=0.29 sys=0.00, real=0.05 secs] 
5332.618: [GC (Allocation Failure) [PSYoungGen: 442515K->100155K(465920K)] 1453478K->1176999K(1864192K), 0.0724624 secs] [Times: user=0.38 sys=0.01, real=0.07 secs] 
5334.019: [GC (Allocation Failure) [PSYoungGen: 333115K->178069K(465920K)] 1409959K->1286045K(1864192K), 0.0522950 secs] [Times: user=0.24 sys=0.00, real=0.05 secs] 
5334.204: [GC (Allocation Failure) [PSYoungGen: 411029K->185430K(465920K)] 1519005K->1349114K(1864192K), 0.0458144 secs] [Times: user=0.21 sys=0.01, real=0.05 secs] 
5334.356: [GC (Allocation Failure) [PSYoungGen: 418390K->187637K(465920K)] 1582074K->1407521K(1864192K), 0.0477784 secs] [Times: user=0.22 sys=0.00, real=0.04 secs] 
5335.388: [GC (Allocation Failure) [PSYoungGen: 420597K->99612K(465920K)] 1640481K->1390244K(1864192K), 0.0458830 secs] [Times: user=0.24 sys=0.01, real=0.04 secs] 
5336.335: [GC (Allocation Failure) [PSYoungGen: 332572K->170196K(465920K)] 1623204K->1493334K(1864192K), 0.0876161 secs] [Times: user=0.42 sys=0.01, real=0.09 secs] 
5336.422: [Full GC (Ergonomics) [PSYoungGen: 170196K->0K(465920K)] [ParOldGen: 1323137K->193274K(1398272K)] 1493334K->193274K(1864192K), [Metaspace: 59587K->59587K(1105920K)], 0.2455374 secs] [Times: user=1.19 sys=0.00, real=0.25 secs] 
5336.777: [GC (Allocation Failure) [PSYoungGen: 232960K->181685K(465920K)] 426234K->374959K(1864192K), 0.0317202 secs] [Times: user=0.12 sys=0.00, real=0.03 secs] 
5336.922: [GC (Allocation Failure) [PSYoungGen: 414645K->186135K(465920K)] 607919K->442865K(1864192K), 0.0437510 secs] [Times: user=0.19 sys=0.00, real=0.05 secs] 
5337.344: [GC (Allocation Failure) [PSYoungGen: 415136K->211316K(465920K)] 671866K->527238K(1864192K), 0.0520160 secs] [Times: user=0.25 sys=0.00, real=0.06 secs] 
5338.085: [GC (GCLocker Initiated GC) [PSYoungGen: 444276K->98267K(465920K)] 760198K->481150K(1864192K), 0.0400812 secs] [Times: user=0.20 sys=0.00, real=0.04 secs] 
5339.238: [GC (Allocation Failure) [PSYoungGen: 331227K->178357K(465920K)] 714276K->592027K(1864192K), 0.0481780 secs] [Times: user=0.21 sys=0.00, real=0.05 secs] 
5339.413: [GC (Allocation Failure) [PSYoungGen: 411219K->182357K(465920K)] 824889K->651755K(1864192K), 0.0433272 secs] [Times: user=0.20 sys=0.00, real=0.05 secs] 
5339.565: [GC (Allocation Failure) [PSYoungGen: 415317K->187125K(465920K)] 884715K->711603K(1864192K), 0.0455925 secs] [Times: user=0.21 sys=0.00, real=0.04 secs] 
5340.599: [GC (Allocation Failure) [PSYoungGen: 420085K->106685K(465920K)] 944563K->701823K(1864192K), 0.0531282 secs] [Times: user=0.28 sys=0.00, real=0.05 secs] 
5341.620: [GC (Allocation Failure) [PSYoungGen: 339645K->167220K(465920K)] 934783K->796483K(1864192K), 0.1136124 secs] [Times: user=0.57 sys=0.00, real=0.11 secs] 
5341.927: [GC (Allocation Failure) [PSYoungGen: 400180K->185462K(465920K)] 1029443K->867405K(1864192K), 0.0428444 secs] [Times: user=0.20 sys=0.00, real=0.04 secs] 
5342.081: [GC (Allocation Failure) [PSYoungGen: 418422K->185975K(465920K)] 1100365K->932318K(1864192K), 0.0504236 secs] [Times: user=0.23 sys=0.00, real=0.05 secs] 
5342.522: [GC (Allocation Failure) [PSYoungGen: 417578K->209331K(465920K)] 1163921K->1014690K(1864192K), 0.0534957 secs] [Times: user=0.26 sys=0.00, real=0.06 secs] 
5343.299: [GC (Allocation Failure) [PSYoungGen: 442291K->101756K(465920K)] 1247650K->973427K(1864192K), 0.0416715 secs] [Times: user=0.21 sys=0.00, real=0.04 secs] 
5344.178: [GC (Allocation Failure) [PSYoungGen: 334716K->178581K(465920K)] 1206387K->1082001K(1864192K), 0.0503374 secs] [Times: user=0.22 sys=0.00, real=0.05 secs] 
5344.354: [GC (Allocation Failure) [PSYoungGen: 411541K->185398K(465920K)] 1314961K->1144922K(1864192K), 0.0445983 secs] [Times: user=0.20 sys=0.00, real=0.05 secs] 
5344.504: [GC (Allocation Failure) [PSYoungGen: 418358K->187445K(465920K)] 1377882K->1203161K(1864192K), 0.0465512 secs] [Times: user=0.21 sys=0.00, real=0.05 secs] 
5345.498: [GC (Allocation Failure) [PSYoungGen: 420405K->99980K(465920K)] 1436121K->1186360K(1864192K), 0.0451791 secs] [Times: user=0.23 sys=0.00, real=0.04 secs] 
5346.460: [GC (Allocation Failure) [PSYoungGen: 332940K->168852K(465920K)] 1419320K->1288036K(1864192K), 0.0805010 secs] [Times: user=0.39 sys=0.00, real=0.08 secs] 
5346.773: [GC (Allocation Failure) [PSYoungGen: 401812K->184662K(465920K)] 1520996K->1356398K(1864192K), 0.0556995 secs] [Times: user=0.27 sys=0.00, real=0.06 secs] 
5346.944: [GC (Allocation Failure) [PSYoungGen: 417622K->186263K(465920K)] 1589358K->1422503K(1864192K), 0.0518698 secs] [Times: user=0.25 sys=0.00, real=0.06 secs] 
5347.859: [GC (Allocation Failure) [PSYoungGen: 419223K->172755K(465920K)] 1655463K->1468256K(1864192K), 0.0600610 secs] [Times: user=0.30 sys=0.00, real=0.06 secs] 
5348.454: [GC (Allocation Failure) [PSYoungGen: 405715K->109261K(465920K)] 1701216K->1470673K(1864192K), 0.0880663 secs] [Times: user=0.47 sys=0.00, real=0.09 secs] 
5348.542: [Full GC (Ergonomics) [PSYoungGen: 109261K->0K(465920K)] [ParOldGen: 1361412K->125893K(1398272K)] 1470673K->125893K(1864192K), [Metaspace: 59587K->59587K(1105920K)], 0.1840076 secs] [Times: user=0.79 sys=0.01, real=0.19 secs] 
5349.407: [GC (Allocation Failure) [PSYoungGen: 227061K->173493K(465920K)] 352955K->299386K(1864192K), 0.0307647 secs] [Times: user=0.11 sys=0.00, real=0.03 secs] 
5349.604: [GC (Allocation Failure) [PSYoungGen: 406453K->181621K(465920K)] 532346K->361743K(1864192K), 0.0623736 secs] [Times: user=0.29 sys=0.01, real=0.07 secs] 
5349.814: [GC (Allocation Failure) [PSYoungGen: 414581K->203797K(465920K)] 594703K->438959K(1864192K), 0.0457129 secs] [Times: user=0.21 sys=0.00, real=0.05 secs] 
5350.913: [GC (GCLocker Initiated GC) [PSYoungGen: 436757K->99724K(465920K)] 671919K->405662K(1864192K), 0.0440254 secs] [Times: user=0.23 sys=0.00, real=0.05 secs] 
5351.367: [GC (GCLocker Initiated GC) [PSYoungGen: 332684K->172116K(465920K)] 638625K->510698K(1864192K), 0.0625310 secs] [Times: user=0.29 sys=0.01, real=0.06 secs] 
5351.571: [GC (Allocation Failure) [PSYoungGen: 405076K->185046K(465920K)] 743824K->577710K(1864192K), 0.0419512 secs] [Times: user=0.19 sys=0.00, real=0.04 secs] 
5351.724: [GC (Allocation Failure) [PSYoungGen: 418006K->185623K(465920K)] 810670K->642519K(1864192K), 0.0489992 secs] [Times: user=0.23 sys=0.00, real=0.05 secs] 
5352.564: [GC (Allocation Failure) [PSYoungGen: 416380K->207443K(465920K)] 873276K->723235K(1864192K), 0.0542907 secs] [Times: user=0.27 sys=0.00, real=0.06 secs] 
5352.952: [GC (Allocation Failure) [PSYoungGen: 440403K->101964K(465920K)] 956195K->683020K(1864192K), 0.0393113 secs] [Times: user=0.20 sys=0.00, real=0.04 secs] 
5353.796: [GC (GCLocker Initiated GC) [PSYoungGen: 334924K->180053K(465920K)] 915980K->793803K(1864192K), 0.0520632 secs] [Times: user=0.24 sys=0.00, real=0.05 secs] 
5354.044: [GC (Allocation Failure) [PSYoungGen: 413013K->185110K(465920K)] 1026893K->855198K(1864192K), 0.0569315 secs] [Times: user=0.27 sys=0.00, real=0.06 secs] 
5354.209: [GC (Allocation Failure) [PSYoungGen: 418070K->187125K(465920K)] 1088158K->913477K(1864192K), 0.0452305 secs] [Times: user=0.21 sys=0.00, real=0.04 secs] 
5355.218: [GC (Allocation Failure) [PSYoungGen: 420085K->98876K(465920K)] 1146437K->895636K(1864192K), 0.0449993 secs] [Times: user=0.23 sys=0.00, real=0.04 secs] 
5356.176: [GC (Allocation Failure) [PSYoungGen: 331836K->169492K(465920K)] 1128596K->998569K(1864192K), 0.0817247 secs] [Times: user=0.39 sys=0.01, real=0.08 secs] 
5356.427: [GC (Allocation Failure) [PSYoungGen: 402452K->184886K(465920K)] 1231529K->1067007K(1864192K), 0.0425378 secs] [Times: user=0.19 sys=0.00, real=0.04 secs] 
5356.582: [GC (Allocation Failure) [PSYoungGen: 417846K->182582K(465920K)] 1299967K->1128863K(1864192K), 0.0493645 secs] [Times: user=0.23 sys=0.00, real=0.05 secs] 
5357.518: [GC (Allocation Failure) [PSYoungGen: 415542K->175443K(465920K)] 1361823K->1179700K(1864192K), 0.0582076 secs] [Times: user=0.29 sys=0.00, real=0.06 secs] 
5357.962: [GC (Allocation Failure) [PSYoungGen: 408403K->110061K(465920K)] 1412660K->1181086K(1864192K), 0.0492095 secs] [Times: user=0.25 sys=0.00, real=0.05 secs] 
5358.363: [GC (GCLocker Initiated GC) [PSYoungGen: 343021K->177685K(465920K)] 1414046K->1283983K(1864192K), 0.0552892 secs] [Times: user=0.25 sys=0.00, real=0.06 secs] 
5358.566: [GC (Allocation Failure) [PSYoungGen: 410645K->184567K(465920K)] 1517109K->1353247K(1864192K), 0.0499584 secs] [Times: user=0.23 sys=0.00, real=0.05 secs] 
5358.728: [GC (Allocation Failure) [PSYoungGen: 417527K->187093K(465920K)] 1586207K->1414286K(1864192K), 0.0578376 secs] [Times: user=0.28 sys=0.00, real=0.06 secs] 
5359.837: [GC (Allocation Failure) [PSYoungGen: 420053K->94491K(465920K)] 1647246K->1392404K(1864192K), 0.0563423 secs] [Times: user=0.30 sys=0.00, real=0.05 secs] 
5360.635: [GC (Allocation Failure) [PSYoungGen: 327451K->175253K(465920K)] 1625364K->1504026K(1864192K), 0.0775989 secs] [Times: user=0.37 sys=0.01, real=0.07 secs] 
5360.713: [Full GC (Ergonomics) [PSYoungGen: 175253K->0K(465920K)] [ParOldGen: 1328773K->200759K(1398272K)] 1504026K->200759K(1864192K), [Metaspace: 59588K->59588K(1105920K)], 0.2480781 secs] [Times: user=1.19 sys=0.00, real=0.25 secs] 
5361.071: [GC (Allocation Failure) [PSYoungGen: 232960K->184501K(465920K)] 433719K->385261K(1864192K), 0.0324828 secs] [Times: user=0.13 sys=0.00, real=0.03 secs] 
5361.212: [GC (Allocation Failure) [PSYoungGen: 408065K->178518K(465920K)] 608825K->443717K(1864192K), 0.0437113 secs] [Times: user=0.20 sys=0.00, real=0.05 secs] 
5362.255: [GC (Allocation Failure) [PSYoungGen: 408592K->205907K(465920K)] 673792K->527962K(1864192K), 0.0533679 secs] [Times: user=0.27 sys=0.00, real=0.05 secs] 
5362.659: [GC (Allocation Failure) [PSYoungGen: 438867K->102076K(465920K)] 760922K->488755K(1864192K), 0.0393687 secs] [Times: user=0.19 sys=0.00, real=0.04 secs] 
5363.704: [GC (Allocation Failure) [PSYoungGen: 335036K->181398K(465920K)] 721715K->599866K(1864192K), 0.0508171 secs] [Times: user=0.23 sys=0.00, real=0.06 secs] 
5363.944: [GC (Allocation Failure) [PSYoungGen: 414358K->181909K(465920K)] 832826K->657202K(1864192K), 0.0588902 secs] [Times: user=0.28 sys=0.01, real=0.06 secs] 
5364.115: [GC (Allocation Failure) [PSYoungGen: 414869K->187413K(465920K)] 890162K->717753K(1864192K), 0.0461013 secs] [Times: user=0.21 sys=0.00, real=0.05 secs] 
5365.183: [GC (Allocation Failure) [PSYoungGen: 420373K->101500K(465920K)] 950713K->702536K(1864192K), 0.0451305 secs] [Times: user=0.23 sys=0.00, real=0.05 secs] 
5366.244: [GC (Allocation Failure) [PSYoungGen: 334460K->169684K(465920K)] 935496K->803638K(1864192K), 0.0878590 secs] [Times: user=0.43 sys=0.00, real=0.09 secs] 
5366.553: [GC (Allocation Failure) [PSYoungGen: 402644K->190069K(465920K)] 1036598K->877071K(1864192K), 0.0432002 secs] [Times: user=0.19 sys=0.00, real=0.05 secs] 
5366.737: [GC (Allocation Failure) [PSYoungGen: 423029K->186039K(465920K)] 1110031K->936536K(1864192K), 0.0706740 secs] [Times: user=0.35 sys=0.00, real=0.07 secs] 
5367.584: [GC (Allocation Failure) [PSYoungGen: 416127K->211123K(465920K)] 1166625K->1020621K(1864192K), 0.0565020 secs] [Times: user=0.29 sys=0.00, real=0.06 secs] 
5367.986: [GC (Allocation Failure) [PSYoungGen: 444083K->104620K(465920K)] 1253581K->980470K(1864192K), 0.0407389 secs] [Times: user=0.21 sys=0.00, real=0.04 secs] 
5368.419: [GC (Allocation Failure) [PSYoungGen: 337580K->178741K(465920K)] 1213430K->1087804K(1864192K), 0.0504077 secs] [Times: user=0.22 sys=0.01, real=0.05 secs] 
5368.598: [GC (Allocation Failure) [PSYoungGen: 411701K->185110K(465920K)] 1320764K->1150128K(1864192K), 0.0446753 secs] [Times: user=0.20 sys=0.00, real=0.04 secs] 
5368.801: [GC (Allocation Failure) [PSYoungGen: 418070K->187093K(465920K)] 1383088K->1208231K(1864192K), 0.0724710 secs] [Times: user=0.35 sys=0.00, real=0.07 secs] 
5369.890: [GC (Allocation Failure) [PSYoungGen: 420053K->96411K(465920K)] 1441191K->1188174K(1864192K), 0.0452580 secs] [Times: user=0.23 sys=0.01, real=0.05 secs] 
5371.302: [GC (Allocation Failure) [PSYoungGen: 329371K->168244K(465920K)] 1421134K->1290739K(1864192K), 0.0975962 secs] [Times: user=0.49 sys=0.00, real=0.10 secs] 
5371.587: [GC (Allocation Failure) [PSYoungGen: 401204K->190293K(465920K)] 1523699K->1365549K(1864192K), 0.0431990 secs] [Times: user=0.19 sys=0.00, real=0.04 secs] 
5371.778: [GC (Allocation Failure) [PSYoungGen: 423253K->186007K(465920K)] 1598509K->1424798K(1864192K), 0.0687550 secs] [Times: user=0.34 sys=0.00, real=0.07 secs] 
5372.259: [GC (Allocation Failure) [PSYoungGen: 415483K->212788K(465920K)] 1654275K->1510595K(1864192K), 0.0558387 secs] [Times: user=0.27 sys=0.01, real=0.06 secs] 
5373.050: [GC (Allocation Failure) [PSYoungGen: 445748K->101836K(465920K)] 1743555K->1467171K(1864192K), 0.0434922 secs] [Times: user=0.22 sys=0.01, real=0.04 secs] 
5373.093: [Full GC (Ergonomics) [PSYoungGen: 101836K->0K(465920K)] [ParOldGen: 1365335K->118495K(1398272K)] 1467171K->118495K(1864192K), [Metaspace: 59589K->59589K(1105920K)], 0.1090739 secs] [Times: user=0.45 sys=0.00, real=0.11 secs] 
5373.599: [GC (Allocation Failure) [PSYoungGen: 232960K->177781K(465920K)] 351455K->296276K(1864192K), 0.0351576 secs] [Times: user=0.13 sys=0.01, real=0.03 secs] 
5373.826: [GC (Allocation Failure) [PSYoungGen: 410741K->184950K(465920K)] 529236K->359185K(1864192K), 0.0615198 secs] [Times: user=0.29 sys=0.01, real=0.06 secs] 
5374.011: [GC (Allocation Failure) [PSYoungGen: 417910K->187253K(465920K)] 592145K->417696K(1864192K), 0.0451202 secs] [Times: user=0.21 sys=0.00, real=0.05 secs] 
5375.073: [GC (Allocation Failure) [PSYoungGen: 420213K->101564K(465920K)] 650656K->402623K(1864192K), 0.0490727 secs] [Times: user=0.25 sys=0.00, real=0.05 secs] 
5376.071: [GC (Allocation Failure) [PSYoungGen: 334524K->164179K(465920K)] 635583K->498704K(1864192K), 0.0831801 secs] [Times: user=0.37 sys=0.00, real=0.08 secs] 
5376.347: [GC (Allocation Failure) [PSYoungGen: 397139K->184630K(465920K)] 731664K->570758K(1864192K), 0.0412224 secs] [Times: user=0.18 sys=0.00, real=0.04 secs] 
5376.541: [GC (Allocation Failure) [PSYoungGen: 417590K->186007K(465920K)] 803718K->636351K(1864192K), 0.0659993 secs] [Times: user=0.33 sys=0.00, real=0.07 secs] 
5377.112: [GC (Allocation Failure) [PSYoungGen: 418967K->218676K(465920K)] 869311K->728148K(1864192K), 0.0535432 secs] [Times: user=0.27 sys=0.00, real=0.06 secs] 
5377.685: [GC (Allocation Failure) [PSYoungGen: 451636K->103980K(465920K)] 961108K->680973K(1864192K), 0.0407834 secs] [Times: user=0.21 sys=0.00, real=0.04 secs] 
5378.731: [GC (GCLocker Initiated GC) [PSYoungGen: 336940K->174037K(465920K)] 913933K->783411K(1864192K), 0.0551393 secs] [Times: user=0.24 sys=0.01, real=0.06 secs] 
5378.931: [GC (Allocation Failure) [PSYoungGen: 406997K->185270K(465920K)] 1016502K->849483K(1864192K), 0.0432939 secs] [Times: user=0.19 sys=0.00, real=0.04 secs] 
5379.109: [GC (Allocation Failure) [PSYoungGen: 418230K->187061K(465920K)] 1082443K->907394K(1864192K), 0.0646543 secs] [Times: user=0.31 sys=0.00, real=0.06 secs] 
5380.156: [GC (Allocation Failure) [PSYoungGen: 420021K->100860K(465920K)] 1140354K->891541K(1864192K), 0.0444713 secs] [Times: user=0.23 sys=0.00, real=0.04 secs] 
5380.594: [GC (Allocation Failure) [PSYoungGen: 333820K->172148K(465920K)] 1124501K->996119K(1864192K), 0.0700173 secs] [Times: user=0.34 sys=0.00, real=0.07 secs] 
5380.860: [GC (Allocation Failure) [PSYoungGen: 405108K->184950K(465920K)] 1229079K->1062492K(1864192K), 0.0471068 secs] [Times: user=0.22 sys=0.00, real=0.05 secs] 
5381.043: [GC (Allocation Failure) [PSYoungGen: 417910K->182134K(465920K)] 1295452K->1124061K(1864192K), 0.0499009 secs] [Times: user=0.24 sys=0.00, real=0.05 secs] 
5381.913: [GC (Allocation Failure) [PSYoungGen: 412413K->210963K(465920K)] 1354339K->1210738K(1864192K), 0.0563201 secs] [Times: user=0.28 sys=0.00, real=0.06 secs] 
5382.299: [GC (Allocation Failure) [PSYoungGen: 443923K->104620K(465920K)] 1443698K->1170786K(1864192K), 0.0449507 secs] [Times: user=0.22 sys=0.00, real=0.04 secs] 
5383.052: [GC (Allocation Failure) [PSYoungGen: 337580K->178485K(465920K)] 1403746K->1277800K(1864192K), 0.0506825 secs] [Times: user=0.22 sys=0.00, real=0.05 secs] 
5383.234: [GC (Allocation Failure) [PSYoungGen: 411445K->185142K(465920K)] 1510760K->1340289K(1864192K), 0.0439593 secs] [Times: user=0.19 sys=0.00, real=0.05 secs] 
5383.425: [GC (Allocation Failure) [PSYoungGen: 418102K->187093K(465920K)] 1573249K->1398280K(1864192K), 0.0668199 secs] [Times: user=0.33 sys=0.00, real=0.06 secs] 
5384.486: [GC (Allocation Failure) [PSYoungGen: 420053K->96091K(465920K)] 1631240K->1377959K(1864192K), 0.0503407 secs] [Times: user=0.27 sys=0.00, real=0.05 secs] 
5384.981: [GC (Allocation Failure) [PSYoungGen: 329051K->173493K(465920K)] 1610919K->1487160K(1864192K), 0.0502762 secs] [Times: user=0.23 sys=0.00, real=0.05 secs] 
5385.031: [Full GC (Ergonomics) [PSYoungGen: 173493K->0K(465920K)] [ParOldGen: 1313667K->197126K(1398272K)] 1487160K->197126K(1864192K), [Metaspace: 59589K->59589K(1105920K)], 0.1961960 secs] [Times: user=0.88 sys=0.01, real=0.20 secs] 
5385.367: [GC (GCLocker Initiated GC) [PSYoungGen: 232960K->184309K(465920K)] 430086K->381436K(1864192K), 0.0368975 secs] [Times: user=0.16 sys=0.00, real=0.03 secs] 
5385.529: [GC (Allocation Failure) [PSYoungGen: 417269K->183350K(465920K)] 614563K->444964K(1864192K), 0.0440209 secs] [Times: user=0.19 sys=0.00, real=0.04 secs] 
5386.351: [GC (Allocation Failure) [PSYoungGen: 411800K->209619K(465920K)] 673414K->529320K(1864192K), 0.0559310 secs] [Times: user=0.28 sys=0.00, real=0.06 secs] 
5386.706: [GC (Allocation Failure) [PSYoungGen: 442579K->101948K(465920K)] 762280K->487649K(1864192K), 0.0398032 secs] [Times: user=0.20 sys=0.00, real=0.04 secs] 
5387.641: [GC (Allocation Failure) [PSYoungGen: 334908K->178901K(465920K)] 720609K->597052K(1864192K), 0.0510438 secs] [Times: user=0.22 sys=0.00, real=0.05 secs] 
5387.886: [GC (Allocation Failure) [PSYoungGen: 411861K->184982K(465920K)] 830012K->658988K(1864192K), 0.0580715 secs] [Times: user=0.27 sys=0.00, real=0.05 secs] 
5388.056: [GC (Allocation Failure) [PSYoungGen: 417942K->187253K(465920K)] 891948K->717483K(1864192K), 0.0455344 secs] [Times: user=0.21 sys=0.00, real=0.04 secs] 
5389.077: [GC (GCLocker Initiated GC) [PSYoungGen: 420213K->104092K(465920K)] 950444K->704876K(1864192K), 0.0448126 secs] [Times: user=0.23 sys=0.00, real=0.04 secs] 
5390.155: [GC (GCLocker Initiated GC) [PSYoungGen: 337052K->165972K(465920K)] 937838K->800034K(1864192K), 0.1011704 secs] [Times: user=0.52 sys=0.00, real=0.10 secs] 
5390.458: [GC (Allocation Failure) [PSYoungGen: 398932K->190197K(465920K)] 1033125K->876590K(1864192K), 0.0423129 secs] [Times: user=0.19 sys=0.00, real=0.04 secs] 
5390.638: [GC (Allocation Failure) [PSYoungGen: 423157K->186135K(465920K)] 1109550K->936055K(1864192K), 0.0612004 secs] [Times: user=0.30 sys=0.00, real=0.06 secs] 
5391.551: [GC (Allocation Failure) [PSYoungGen: 419095K->175155K(465920K)] 1169015K->984164K(1864192K), 0.0592528 secs] [Times: user=0.30 sys=0.00, real=0.06 secs] 
5391.878: [GC (Allocation Failure) [PSYoungGen: 408115K->110045K(465920K)] 1217124K->985709K(1864192K), 0.0577262 secs] [Times: user=0.29 sys=0.00, real=0.06 secs] 
5392.395: [GC (Allocation Failure) [PSYoungGen: 343005K->195253K(465920K)] 1218669K->1105786K(1864192K), 0.0555934 secs] [Times: user=0.26 sys=0.00, real=0.05 secs] 
5392.636: [GC (Allocation Failure) [PSYoungGen: 428213K->181302K(465920K)] 1338746K->1154688K(1864192K), 0.0710271 secs] [Times: user=0.34 sys=0.00, real=0.07 secs] 
5392.865: [GC (Allocation Failure) [PSYoungGen: 414262K->186581K(465920K)] 1387648K->1217294K(1864192K), 0.0823235 secs] [Times: user=0.42 sys=0.01, real=0.08 secs] 
5393.890: [GC (Allocation Failure) [PSYoungGen: 419541K->96715K(465920K)] 1450254K->1197737K(1864192K), 0.0483672 secs] [Times: user=0.25 sys=0.00, real=0.05 secs] 
5394.407: [GC (Allocation Failure) [PSYoungGen: 329675K->175797K(465920K)] 1430697K->1308811K(1864192K), 0.0865000 secs] [Times: user=0.43 sys=0.00, real=0.08 secs] 
5394.708: [GC (GCLocker Initiated GC) [PSYoungGen: 408757K->182549K(465920K)] 1541771K->1370099K(1864192K), 0.0596154 secs] [Times: user=0.29 sys=0.00, real=0.06 secs] 
5394.910: [GC (Allocation Failure) [PSYoungGen: 415509K->184567K(465920K)] 1619446K->1444196K(1864192K), 0.1765770 secs] [Times: user=0.99 sys=0.00, real=0.18 secs] 
5396.069: [GC (Allocation Failure) [PSYoungGen: 417527K->148370K(465920K)] 1677156K->1466679K(1864192K), 0.1682001 secs] [Times: user=0.95 sys=0.00, real=0.17 secs] 
5396.237: [Full GC (Ergonomics) [PSYoungGen: 148370K->0K(465920K)] [ParOldGen: 1318309K->354579K(1398272K)] 1466679K->354579K(1864192K), [Metaspace: 59589K->59589K(1105920K)], 0.6317981 secs] [Times: user=2.61 sys=0.00, real=0.63 secs] 
5397.681: [GC (Allocation Failure) [PSYoungGen: 232960K->118142K(465920K)] 587539K->472721K(1864192K), 0.0398501 secs] [Times: user=0.15 sys=0.00, real=0.04 secs] 
5398.479: [GC (Allocation Failure) [PSYoungGen: 351102K->178901K(465920K)] 705681K->570633K(1864192K), 0.0498704 secs] [Times: user=0.23 sys=0.00, real=0.05 secs] 
5398.694: [GC (Allocation Failure) [PSYoungGen: 411861K->185655K(465920K)] 803593K->639919K(1864192K), 0.0606534 secs] [Times: user=0.30 sys=0.00, real=0.07 secs] 
5398.887: [GC (Allocation Failure) [PSYoungGen: 418615K->187541K(465920K)] 872879K->700765K(1864192K), 0.0578339 secs] [Times: user=0.29 sys=0.00, real=0.06 secs] 
5399.920: [GC (Allocation Failure) [PSYoungGen: 420501K->95595K(465920K)] 933725K->679507K(1864192K), 0.0527244 secs] [Times: user=0.28 sys=0.00, real=0.05 secs] 
5401.010: [GC (Allocation Failure) [PSYoungGen: 328555K->176565K(465920K)] 912467K->791749K(1864192K), 0.0492179 secs] [Times: user=0.22 sys=0.00, real=0.05 secs] 
5401.198: [GC (Allocation Failure) [PSYoungGen: 409525K->185078K(465920K)] 1024709K->853742K(1864192K), 0.0424428 secs] [Times: user=0.19 sys=0.00, real=0.04 secs] 
5401.348: [GC (Allocation Failure) [PSYoungGen: 418038K->187509K(465920K)] 1086702K->912285K(1864192K), 0.0453954 secs] [Times: user=0.21 sys=0.00, real=0.04 secs] 
5402.589: [GC (Allocation Failure) [PSYoungGen: 420469K->150418K(465920K)] 1145245K->945867K(1864192K), 0.0511688 secs] [Times: user=0.25 sys=0.00, real=0.05 secs] 
5403.414: [GC (Allocation Failure) [PSYoungGen: 383378K->120398K(465920K)] 1178827K->963342K(1864192K), 0.1832212 secs] [Times: user=1.03 sys=0.00, real=0.19 secs] 
5404.037: [GC (Allocation Failure) [PSYoungGen: 353358K->175284K(465920K)] 1196302K->1056482K(1864192K), 0.0496676 secs] [Times: user=0.23 sys=0.00, real=0.05 secs] 
5404.212: [GC (Allocation Failure) [PSYoungGen: 408244K->185239K(465920K)] 1289442K->1128328K(1864192K), 0.0499557 secs] [Times: user=0.23 sys=0.00, real=0.05 secs] 
5404.372: [GC (Allocation Failure) [PSYoungGen: 418199K->187317K(465920K)] 1361288K->1189102K(1864192K), 0.0591019 secs] [Times: user=0.30 sys=0.00, real=0.06 secs] 
5405.391: [GC (Allocation Failure) [PSYoungGen: 420277K->99244K(465920K)] 1422062K->1171717K(1864192K), 0.0587410 secs] [Times: user=0.31 sys=0.00, real=0.06 secs] 
5406.539: [GC (Allocation Failure) [PSYoungGen: 332204K->170324K(465920K)] 1404677K->1274542K(1864192K), 0.0707514 secs] [Times: user=0.33 sys=0.00, real=0.07 secs] 
5406.837: [GC (Allocation Failure) [PSYoungGen: 403284K->184950K(465920K)] 1507502K->1342700K(1864192K), 0.0574007 secs] [Times: user=0.25 sys=0.00, real=0.06 secs] 
5407.046: [GC (Allocation Failure) [PSYoungGen: 417910K->187925K(465920K)] 1575660K->1401827K(1864192K), 0.0671098 secs] [Times: user=0.33 sys=0.00, real=0.06 secs] 
5408.026: [GC (Allocation Failure) [PSYoungGen: 420885K->151474K(465920K)] 1634787K->1436089K(1864192K), 0.0523159 secs] [Times: user=0.25 sys=0.00, real=0.05 secs] 
5408.847: [GC (Allocation Failure) [PSYoungGen: 384434K->127471K(465920K)] 1669049K->1460157K(1864192K), 0.1777712 secs] [Times: user=1.00 sys=0.00, real=0.18 secs] 
5409.025: [Full GC (Ergonomics) [PSYoungGen: 127471K->0K(465920K)] [ParOldGen: 1332686K->143691K(1398272K)] 1460157K->143691K(1864192K), [Metaspace: 59589K->59573K(1105920K)], 0.1771145 secs] [Times: user=0.81 sys=0.00, real=0.17 secs] 
5409.791: [GC (Allocation Failure) [PSYoungGen: 232960K->175348K(465920K)] 376651K->319039K(1864192K), 0.0273548 secs] [Times: user=0.11 sys=0.00, real=0.03 secs] 
5409.960: [GC (Allocation Failure) [PSYoungGen: 408308K->182294K(465920K)] 551999K->387609K(1864192K), 0.0673704 secs] [Times: user=0.33 sys=0.01, real=0.07 secs] 
5410.164: [GC (Allocation Failure) [PSYoungGen: 415254K->187349K(465920K)] 620569K->450416K(1864192K), 0.0560648 secs] [Times: user=0.28 sys=0.00, real=0.06 secs] 
5411.149: [GC (Allocation Failure) [PSYoungGen: 420309K->99355K(465920K)] 683376K->433075K(1864192K), 0.0446594 secs] [Times: user=0.23 sys=0.00, real=0.04 secs] 
5411.836: [GC (Allocation Failure) [PSYoungGen: 332315K->172980K(465920K)] 666035K->538612K(1864192K), 0.0650308 secs] [Times: user=0.30 sys=0.00, real=0.06 secs] 
5412.115: [GC (Allocation Failure) [PSYoungGen: 405940K->193206K(465920K)] 771572K->612813K(1864192K), 0.0430559 secs] [Times: user=0.19 sys=0.00, real=0.05 secs] 
5412.273: [GC (Allocation Failure) [PSYoungGen: 426166K->184116K(465920K)] 845773K->659828K(1864192K), 0.0455476 secs] [Times: user=0.21 sys=0.00, real=0.05 secs] 
5413.220: [GC (Allocation Failure) [PSYoungGen: 417076K->148594K(465920K)] 892788K->693578K(1864192K), 0.0503700 secs] [Times: user=0.25 sys=0.00, real=0.05 secs] 
5413.668: [GC (Allocation Failure) [PSYoungGen: 381554K->127951K(465920K)] 926538K->719910K(1864192K), 0.0968337 secs] [Times: user=0.54 sys=0.00, real=0.09 secs] 
5414.173: [GC (Allocation Failure) [PSYoungGen: 360911K->178901K(465920K)] 952870K->811473K(1864192K), 0.0513134 secs] [Times: user=0.24 sys=0.01, real=0.05 secs] 
5414.392: [GC (Allocation Failure) [PSYoungGen: 411861K->182422K(465920K)] 1044433K->877794K(1864192K), 0.0621669 secs] [Times: user=0.30 sys=0.00, real=0.06 secs] 
5414.587: [GC (Allocation Failure) [PSYoungGen: 415382K->187029K(465920K)] 1110754K->940313K(1864192K), 0.0706533 secs] [Times: user=0.36 sys=0.00, real=0.07 secs] 
5415.590: [GC (Allocation Failure) [PSYoungGen: 419989K->97979K(465920K)] 1173273K->921767K(1864192K), 0.0443372 secs] [Times: user=0.23 sys=0.00, real=0.04 secs] 
5416.222: [GC (Allocation Failure) [PSYoungGen: 330939K->179157K(465920K)] 1154727K->1035142K(1864192K), 0.0593073 secs] [Times: user=0.27 sys=0.00, real=0.06 secs] 
5416.449: [GC (Allocation Failure) [PSYoungGen: 412117K->184854K(465920K)] 1268102K->1095382K(1864192K), 0.0437783 secs] [Times: user=0.20 sys=0.00, real=0.04 secs] 
5416.602: [GC (Allocation Failure) [PSYoungGen: 417814K->187125K(465920K)] 1328342K->1153582K(1864192K), 0.0463788 secs] [Times: user=0.21 sys=0.00, real=0.05 secs] 
5417.877: [GC (Allocation Failure) [PSYoungGen: 420085K->140113K(465920K)] 1386542K->1177242K(1864192K), 0.0507831 secs] [Times: user=0.26 sys=0.00, real=0.05 secs] 
5418.983: [GC (Allocation Failure) [PSYoungGen: 373073K->131087K(465920K)] 1410202K->1212728K(1864192K), 0.1469122 secs] [Times: user=0.80 sys=0.01, real=0.15 secs] 
5419.638: [GC (Allocation Failure) [PSYoungGen: 364047K->179125K(465920K)] 1445688K->1301978K(1864192K), 0.0529126 secs] [Times: user=0.24 sys=0.00, real=0.05 secs] 
5419.852: [GC (Allocation Failure) [PSYoungGen: 412085K->186103K(465920K)] 1534938K->1371705K(1864192K), 0.0636920 secs] [Times: user=0.32 sys=0.00, real=0.07 secs] 
5420.029: [GC (Allocation Failure) [PSYoungGen: 419063K->187285K(465920K)] 1604665K->1432031K(1864192K), 0.0578776 secs] [Times: user=0.29 sys=0.00, real=0.06 secs] 
5421.049: [GC (Allocation Failure) [PSYoungGen: 420245K->93835K(465920K)] 1664991K->1409173K(1864192K), 0.0438387 secs] [Times: user=0.23 sys=0.00, real=0.04 secs] 
5421.093: [Full GC (Ergonomics) [PSYoungGen: 93835K->0K(465920K)] [ParOldGen: 1315337K->96099K(1398272K)] 1409173K->96099K(1864192K), [Metaspace: 59573K->59573K(1105920K)], 0.0677683 secs] [Times: user=0.25 sys=0.00, real=0.07 secs] 
5422.346: [GC (Allocation Failure) [PSYoungGen: 232960K->173365K(465920K)] 329059K->269464K(1864192K), 0.0441570 secs] [Times: user=0.17 sys=0.00, real=0.04 secs] 
5422.625: [GC (Allocation Failure) [PSYoungGen: 406325K->181941K(465920K)] 502424K->332092K(1864192K), 0.0502779 secs] [Times: user=0.24 sys=0.00, real=0.05 secs] 
5422.784: [GC (Allocation Failure) [PSYoungGen: 414901K->220309K(465920K)] 565052K->425780K(1864192K), 0.0456389 secs] [Times: user=0.21 sys=0.00, real=0.05 secs] 
5424.171: [GC (Allocation Failure) [PSYoungGen: 453269K->142353K(465920K)] 658740K->418625K(1864192K), 0.0493991 secs] [Times: user=0.24 sys=0.00, real=0.05 secs] 
5424.938: [GC (Allocation Failure) [PSYoungGen: 375313K->132063K(465920K)] 651585K->453487K(1864192K), 0.1123836 secs] [Times: user=0.62 sys=0.00, real=0.11 secs] 
5425.556: [GC (Allocation Failure) [PSYoungGen: 365023K->179157K(465920K)] 686447K->542597K(1864192K), 0.0511552 secs] [Times: user=0.23 sys=0.00, real=0.05 secs] 
5425.729: [GC (Allocation Failure) [PSYoungGen: 412117K->182646K(465920K)] 775557K->608691K(1864192K), 0.0487755 secs] [Times: user=0.22 sys=0.01, real=0.05 secs] 
5425.887: [GC (Allocation Failure) [PSYoungGen: 415606K->187253K(465920K)] 841651K->671521K(1864192K), 0.0578229 secs] [Times: user=0.29 sys=0.00, real=0.05 secs] 
5427.095: [GC (GCLocker Initiated GC) [PSYoungGen: 420213K->92187K(465920K)] 904481K->646919K(1864192K), 0.0447667 secs] [Times: user=0.23 sys=0.00, real=0.04 secs] 
5427.902: [GC (Allocation Failure) [PSYoungGen: 325147K->178805K(465920K)] 880046K->763997K(1864192K), 0.0650966 secs] [Times: user=0.29 sys=0.00, real=0.07 secs] 
5428.181: [GC (Allocation Failure) [PSYoungGen: 411765K->185366K(465920K)] 996957K->826322K(1864192K), 0.0476926 secs] [Times: user=0.22 sys=0.00, real=0.05 secs] 
5428.358: [GC (Allocation Failure) [PSYoungGen: 418326K->187253K(465920K)] 1059282K->884377K(1864192K), 0.0504789 secs] [Times: user=0.24 sys=0.00, real=0.05 secs] 
5430.167: [GC (Allocation Failure) [PSYoungGen: 420213K->137329K(465920K)] 1117337K->904853K(1864192K), 0.0495645 secs] [Times: user=0.24 sys=0.00, real=0.05 secs] 
5430.492: [GC (Allocation Failure) [PSYoungGen: 370289K->133904K(465920K)] 1137813K->945148K(1864192K), 0.1064201 secs] [Times: user=0.58 sys=0.01, real=0.11 secs] 
5430.815: [GC (Allocation Failure) [PSYoungGen: 366864K->178773K(465920K)] 1178108K->1033194K(1864192K), 0.0509134 secs] [Times: user=0.23 sys=0.00, real=0.05 secs] 
5430.994: [GC (Allocation Failure) [PSYoungGen: 411733K->185623K(465920K)] 1266154K->1102684K(1864192K), 0.0503065 secs] [Times: user=0.23 sys=0.00, real=0.05 secs] 
5431.152: [GC (Allocation Failure) [PSYoungGen: 418565K->186997K(465920K)] 1335626K->1162930K(1864192K), 0.0590024 secs] [Times: user=0.29 sys=0.00, real=0.06 secs] 
5432.157: [GC (Allocation Failure) [PSYoungGen: 419957K->91851K(465920K)] 1395890K->1138328K(1864192K), 0.0431823 secs] [Times: user=0.22 sys=0.00, real=0.04 secs] 
5433.445: [GC (Allocation Failure) [PSYoungGen: 324811K->177461K(465920K)] 1371288K->1253847K(1864192K), 0.0548123 secs] [Times: user=0.24 sys=0.00, real=0.05 secs] 
5433.656: [GC (Allocation Failure) [PSYoungGen: 410421K->185366K(465920K)] 1486807K->1316816K(1864192K), 0.0445868 secs] [Times: user=0.20 sys=0.00, real=0.04 secs] 
5433.828: [GC (Allocation Failure) [PSYoungGen: 418326K->183956K(465920K)] 1549776K->1371855K(1864192K), 0.0539512 secs] [Times: user=0.27 sys=0.00, real=0.05 secs] 
5434.883: [GC (Allocation Failure) [PSYoungGen: 416916K->138257K(465920K)] 1604815K->1395787K(1864192K), 0.0504121 secs] [Times: user=0.25 sys=0.00, real=0.05 secs] 
5435.098: [GC (Allocation Failure) [PSYoungGen: 371217K->138288K(465920K)] 1628747K->1439667K(1864192K), 0.0658203 secs] [Times: user=0.34 sys=0.01, real=0.06 secs] 
5435.473: [GC (GCLocker Initiated GC) [PSYoungGen: 371248K->175188K(465920K)] 1672627K->1520611K(1864192K), 0.0577644 secs] [Times: user=0.28 sys=0.00, real=0.06 secs] 
5435.530: [Full GC (Ergonomics) [PSYoungGen: 175188K->0K(465920K)] [ParOldGen: 1345423K->235765K(1398272K)] 1520611K->235765K(1864192K), [Metaspace: 59573K->59573K(1105920K)], 0.3032081 secs] [Times: user=1.41 sys=0.00, real=0.30 secs] 
5435.949: [GC (Allocation Failure) [PSYoungGen: 232960K->185335K(465920K)] 468892K->421267K(1864192K), 0.0863454 secs] [Times: user=0.45 sys=0.00, real=0.09 secs] 
5436.145: [GC (Allocation Failure) [PSYoungGen: 418295K->187381K(465920K)] 654227K->482081K(1864192K), 0.0580526 secs] [Times: user=0.29 sys=0.00, real=0.06 secs] 
5437.133: [GC (Allocation Failure) [PSYoungGen: 420341K->94411K(465920K)] 715041K->459799K(1864192K), 0.0426574 secs] [Times: user=0.22 sys=0.00, real=0.05 secs] 
5438.479: [GC (Allocation Failure) [PSYoungGen: 327371K->173685K(465920K)] 692759K->568902K(1864192K), 0.0633504 secs] [Times: user=0.29 sys=0.00, real=0.06 secs] 
5438.719: [GC (Allocation Failure) [PSYoungGen: 406645K->185462K(465920K)] 801862K->635059K(1864192K), 0.0445237 secs] [Times: user=0.21 sys=0.00, real=0.04 secs] 
5438.870: [GC (Allocation Failure) [PSYoungGen: 418422K->187925K(465920K)] 868019K->693714K(1864192K), 0.0458588 secs] [Times: user=0.22 sys=0.00, real=0.05 secs] 
5439.840: [GC (Allocation Failure) [PSYoungGen: 420885K->133968K(465920K)] 926674K->710694K(1864192K), 0.0499254 secs] [Times: user=0.25 sys=0.00, real=0.05 secs] 
5440.861: [GC (Allocation Failure) [PSYoungGen: 366928K->137856K(465920K)] 943654K->756950K(1864192K), 0.1400505 secs] [Times: user=0.76 sys=0.00, real=0.14 secs] 
5441.443: [GC (Allocation Failure) [PSYoungGen: 370816K->179061K(465920K)] 989910K->842103K(1864192K), 0.0521696 secs] [Times: user=0.24 sys=0.00, real=0.06 secs] 
5441.659: [GC (Allocation Failure) [PSYoungGen: 412021K->185751K(465920K)] 1075063K->911469K(1864192K), 0.0725963 secs] [Times: user=0.35 sys=0.00, real=0.07 secs] 
5441.852: [GC (Allocation Failure) [PSYoungGen: 418711K->187285K(465920K)] 1144429K->972163K(1864192K), 0.0580201 secs] [Times: user=0.28 sys=0.00, real=0.06 secs] 
5442.880: [GC (Allocation Failure) [PSYoungGen: 420245K->97931K(465920K)] 1205123K->953306K(1864192K), 0.0581892 secs] [Times: user=0.31 sys=0.00, real=0.06 secs] 
5443.500: [GC (Allocation Failure) [PSYoungGen: 330891K->171604K(465920K)] 1186266K->1058400K(1864192K), 0.0604213 secs] [Times: user=0.28 sys=0.00, real=0.06 secs] 
5443.727: [GC (Allocation Failure) [PSYoungGen: 404564K->193494K(465920K)] 1291360K->1134457K(1864192K), 0.0439258 secs] [Times: user=0.19 sys=0.00, real=0.04 secs] 
5443.880: [GC (Allocation Failure) [PSYoungGen: 426454K->203605K(465920K)] 1367417K->1200784K(1864192K), 0.0469633 secs] [Times: user=0.22 sys=0.00, real=0.05 secs] 
5444.877: [GC (Allocation Failure) [PSYoungGen: 436565K->130064K(465920K)] 1433744K->1197719K(1864192K), 0.0487523 secs] [Times: user=0.25 sys=0.00, real=0.05 secs] 
5445.311: [GC (Allocation Failure) [PSYoungGen: 362966K->146209K(465920K)] 1430622K->1255161K(1864192K), 0.0632678 secs] [Times: user=0.33 sys=0.00, real=0.06 secs] 
5445.588: [GC (Allocation Failure) [PSYoungGen: 379169K->184342K(465920K)] 1488121K->1339708K(1864192K), 0.0408794 secs] [Times: user=0.18 sys=0.00, real=0.04 secs] 
5445.743: [GC (Allocation Failure) [PSYoungGen: 417302K->185207K(465920K)] 1572668K->1404790K(1864192K), 0.0519874 secs] [Times: user=0.24 sys=0.00, real=0.05 secs] 
5445.925: [GC (Allocation Failure) [PSYoungGen: 418167K->187157K(465920K)] 1637750K->1465876K(1864192K), 0.0632638 secs] [Times: user=0.32 sys=0.00, real=0.06 secs] 
5446.969: [GC (Allocation Failure) [PSYoungGen: 420117K->94075K(465920K)] 1698836K->1443330K(1864192K), 0.0443307 secs] [Times: user=0.23 sys=0.00, real=0.04 secs] 
5447.013: [Full GC (Ergonomics) [PSYoungGen: 94075K->0K(465920K)] [ParOldGen: 1349254K->101761K(1398272K)] 1443330K->101761K(1864192K), [Metaspace: 59573K->59573K(1105920K)], 0.0791989 secs] [Times: user=0.32 sys=0.00, real=0.08 secs] 
5447.471: [GC (Allocation Failure) [PSYoungGen: 232960K->175221K(465920K)] 334721K->276982K(1864192K), 0.0372672 secs] [Times: user=0.14 sys=0.00, real=0.04 secs] 
5447.662: [GC (Allocation Failure) [PSYoungGen: 408181K->184950K(465920K)] 509942K->341359K(1864192K), 0.0426043 secs] [Times: user=0.19 sys=0.01, real=0.04 secs] 
5447.816: [GC (Allocation Failure) [PSYoungGen: 417910K->187413K(465920K)] 574319K->399886K(1864192K), 0.0481664 secs] [Times: user=0.19 sys=0.00, real=0.04 secs] 
5448.908: [GC (Allocation Failure) [PSYoungGen: 420373K->120574K(465920K)] 632846K->403800K(1864192K), 0.0471229 secs] [Times: user=0.24 sys=0.00, real=0.05 secs] 
5449.734: [GC (Allocation Failure) [PSYoungGen: 353534K->154322K(465920K)] 636760K->476152K(1864192K), 0.0927766 secs] [Times: user=0.49 sys=0.00, real=0.10 secs] 
5450.066: [GC (Allocation Failure) [PSYoungGen: 387282K->180469K(465920K)] 709112K->550615K(1864192K), 0.0401130 secs] [Times: user=0.17 sys=0.00, real=0.04 secs] 
5450.299: [GC (Allocation Failure) [PSYoungGen: 413429K->180758K(465920K)] 783575K->613752K(1864192K), 0.0712172 secs] [Times: user=0.35 sys=0.00, real=0.07 secs] 
5450.488: [GC (Allocation Failure) [PSYoungGen: 413718K->187445K(465920K)] 846712K->678015K(1864192K), 0.0576810 secs] [Times: user=0.29 sys=0.00, real=0.06 secs] 
5451.495: [GC (Allocation Failure) [PSYoungGen: 420405K->99644K(465920K)] 910975K->660957K(1864192K), 0.0532488 secs] [Times: user=0.29 sys=0.00, real=0.05 secs] 
5451.940: [GC (Allocation Failure) [PSYoungGen: 332604K->178933K(465920K)] 893917K->772751K(1864192K), 0.0595170 secs] [Times: user=0.27 sys=0.00, real=0.06 secs] 
5452.198: [GC (Allocation Failure) [PSYoungGen: 411824K->185078K(465920K)] 1005642K->834787K(1864192K), 0.0494912 secs] [Times: user=0.23 sys=0.00, real=0.05 secs] 
5452.354: [GC (Allocation Failure) [PSYoungGen: 418038K->184436K(465920K)] 1067747K->890350K(1864192K), 0.0466439 secs] [Times: user=0.22 sys=0.01, real=0.05 secs] 
5453.401: [GC (Allocation Failure) [PSYoungGen: 417396K->113838K(465920K)] 1123310K->889312K(1864192K), 0.0474307 secs] [Times: user=0.25 sys=0.01, real=0.05 secs] 
5454.178: [GC (GCLocker Initiated GC) [PSYoungGen: 346798K->154898K(465920K)] 1122272K->967240K(1864192K), 0.1258243 secs] [Times: user=0.66 sys=0.00, real=0.12 secs] 
5454.546: [GC (Allocation Failure) [PSYoungGen: 387858K->184085K(465920K)] 1200203K->1044119K(1864192K), 0.0437881 secs] [Times: user=0.20 sys=0.00, real=0.04 secs] 
5454.704: [GC (Allocation Failure) [PSYoungGen: 417045K->185911K(465920K)] 1277079K->1110216K(1864192K), 0.0510801 secs] [Times: user=0.24 sys=0.00, real=0.06 secs] 
5454.885: [GC (Allocation Failure) [PSYoungGen: 418871K->184308K(465920K)] 1343176K->1167518K(1864192K), 0.0599401 secs] [Times: user=0.29 sys=0.01, real=0.06 secs] 
5455.928: [GC (Allocation Failure) [PSYoungGen: 417268K->94315K(465920K)] 1400478K->1146960K(1864192K), 0.0578684 secs] [Times: user=0.30 sys=0.00, real=0.06 secs] 
5457.350: [GC (Allocation Failure) [PSYoungGen: 327275K->173461K(465920K)] 1379920K->1255631K(1864192K), 0.0566963 secs] [Times: user=0.26 sys=0.00, real=0.06 secs] 
5457.611: [GC (Allocation Failure) [PSYoungGen: 406421K->185494K(465920K)] 1488591K->1321924K(1864192K), 0.0599145 secs] [Times: user=0.29 sys=0.00, real=0.06 secs] 
5457.822: [GC (Allocation Failure) [PSYoungGen: 418454K->187605K(465920K)] 1554884K->1380275K(1864192K), 0.0610258 secs] [Times: user=0.30 sys=0.00, real=0.06 secs] 
5458.912: [GC (Allocation Failure) [PSYoungGen: 420565K->116014K(465920K)] 1613235K->1379500K(1864192K), 0.0473694 secs] [Times: user=0.24 sys=0.00, real=0.05 secs] 
5459.914: [GC (Allocation Failure) [PSYoungGen: 348974K->154354K(465920K)] 1612460K->1455425K(1864192K), 0.1243871 secs] [Times: user=0.66 sys=0.01, real=0.13 secs] 
5460.572: [GC (Allocation Failure) [PSYoungGen: 387314K->181429K(465920K)] 1688385K->1530808K(1864192K), 0.0479763 secs] [Times: user=0.22 sys=0.00, real=0.05 secs] 
5460.620: [Full GC (Ergonomics) [PSYoungGen: 181429K->0K(465920K)] [ParOldGen: 1349378K->246330K(1398272K)] 1530808K->246330K(1864192K), [Metaspace: 59573K->59573K(1105920K)], 0.3013070 secs] [Times: user=1.38 sys=0.00, real=0.30 secs] 
5461.034: [GC (Allocation Failure) [PSYoungGen: 232960K->185783K(465920K)] 479290K->432114K(1864192K), 0.0887005 secs] [Times: user=0.46 sys=0.00, real=0.09 secs] 
5461.239: [GC (Allocation Failure) [PSYoungGen: 418743K->187189K(465920K)] 665074K->492528K(1864192K), 0.0571722 secs] [Times: user=0.28 sys=0.00, real=0.06 secs] 
5462.246: [GC (Allocation Failure) [PSYoungGen: 420149K->95259K(465920K)] 725488K->471110K(1864192K), 0.0414178 secs] [Times: user=0.22 sys=0.00, real=0.04 secs] 
5463.254: [GC (Allocation Failure) [PSYoungGen: 328219K->174741K(465920K)] 704070K->580765K(1864192K), 0.0587056 secs] [Times: user=0.27 sys=0.00, real=0.06 secs] 
5463.494: [GC (Allocation Failure) [PSYoungGen: 407701K->185302K(465920K)] 813725K->646162K(1864192K), 0.0430317 secs] [Times: user=0.19 sys=0.00, real=0.05 secs] 
5463.679: [GC (Allocation Failure) [PSYoungGen: 418262K->187253K(465920K)] 879122K->704289K(1864192K), 0.0636858 secs] [Times: user=0.31 sys=0.00, real=0.06 secs] 
5464.713: [GC (Allocation Failure) [PSYoungGen: 420213K->114510K(465920K)] 937249K->702222K(1864192K), 0.0462300 secs] [Times: user=0.23 sys=0.00, real=0.05 secs] 
5465.045: [GC (GCLocker Initiated GC) [PSYoungGen: 347470K->160339K(465920K)] 935182K->785912K(1864192K), 0.1078399 secs] [Times: user=0.57 sys=0.00, real=0.10 secs] 
5465.327: [GC (Allocation Failure) [PSYoungGen: 393299K->181013K(465920K)] 1019003K->856749K(1864192K), 0.0409970 secs] [Times: user=0.18 sys=0.01, real=0.04 secs] 
5465.516: [GC (Allocation Failure) [PSYoungGen: 413973K->185911K(465920K)] 1089709K->924843K(1864192K), 0.0691681 secs] [Times: user=0.34 sys=0.01, real=0.06 secs] 
5465.732: [GC (Allocation Failure) [PSYoungGen: 418871K->183540K(465920K)] 1157803K->981416K(1864192K), 0.0718971 secs] [Times: user=0.36 sys=0.01, real=0.07 secs] 
5466.793: [GC (Allocation Failure) [PSYoungGen: 416500K->95723K(465920K)] 1214376K->962759K(1864192K), 0.0583725 secs] [Times: user=0.30 sys=0.00, real=0.06 secs] 
5467.313: [GC (GCLocker Initiated GC) [PSYoungGen: 328683K->181878K(465920K)] 1195719K->1080019K(1864192K), 0.0510342 secs] [Times: user=0.23 sys=0.00, real=0.05 secs] 
5467.556: [GC (Allocation Failure) [PSYoungGen: 414838K->184982K(465920K)] 1313146K->1139769K(1864192K), 0.0559814 secs] [Times: user=0.27 sys=0.00, real=0.05 secs] 
5467.729: [GC (Allocation Failure) [PSYoungGen: 417942K->183604K(465920K)] 1372729K->1194528K(1864192K), 0.0536625 secs] [Times: user=0.26 sys=0.01, real=0.05 secs] 
5469.069: [GC (Allocation Failure) [PSYoungGen: 416564K->108717K(465920K)] 1427488K->1189225K(1864192K), 0.0467434 secs] [Times: user=0.24 sys=0.00, real=0.05 secs] 
5469.534: [GC (Allocation Failure) [PSYoungGen: 341677K->165299K(465920K)] 1422185K->1281272K(1864192K), 0.0835293 secs] [Times: user=0.42 sys=0.00, real=0.09 secs] 
5469.813: [GC (Allocation Failure) [PSYoungGen: 398259K->185014K(465920K)] 1514232K->1352958K(1864192K), 0.0430697 secs] [Times: user=0.20 sys=0.00, real=0.05 secs] 
5469.967: [GC (Allocation Failure) [PSYoungGen: 417974K->185591K(465920K)] 1585918K->1417847K(1864192K), 0.0509004 secs] [Times: user=0.24 sys=0.00, real=0.05 secs] 
5470.125: [GC (Allocation Failure) [PSYoungGen: 418551K->183636K(465920K)] 1650807K->1474797K(1864192K), 0.0563940 secs] [Times: user=0.27 sys=0.01, real=0.05 secs] 
5471.171: [GC (Allocation Failure) [PSYoungGen: 416596K->91514K(465920K)] 1707757K->1452123K(1864192K), 0.0418385 secs] [Times: user=0.22 sys=0.00, real=0.04 secs] 
5471.213: [Full GC (Ergonomics) [PSYoungGen: 91514K->0K(465920K)] [ParOldGen: 1360608K->105293K(1398272K)] 1452123K->105293K(1864192K), [Metaspace: 59573K->59573K(1105920K)], 0.0995659 secs] [Times: user=0.39 sys=0.00, real=0.10 secs] 
5472.040: [GC (Allocation Failure) [PSYoungGen: 232960K->181174K(465920K)] 338253K->286467K(1864192K), 0.0340285 secs] [Times: user=0.12 sys=0.00, real=0.03 secs] 
5472.206: [GC (Allocation Failure) [PSYoungGen: 414134K->185206K(465920K)] 519427K->346819K(1864192K), 0.0413701 secs] [Times: user=0.18 sys=0.01, real=0.04 secs] 
5472.402: [GC (Allocation Failure) [PSYoungGen: 418166K->187189K(465920K)] 579779K->404923K(1864192K), 0.0458197 secs] [Times: user=0.21 sys=0.00, real=0.05 secs] 
5473.626: [GC (Allocation Failure) [PSYoungGen: 420149K->103340K(465920K)] 637883K->391538K(1864192K), 0.0441330 secs] [Times: user=0.23 sys=0.00, real=0.04 secs] 
5475.015: [GC (Allocation Failure) [PSYoungGen: 336300K->164147K(465920K)] 624498K->485446K(1864192K), 0.0996883 secs] [Times: user=0.51 sys=0.00, real=0.10 secs] 
5475.361: [GC (Allocation Failure) [PSYoungGen: 397107K->185238K(465920K)] 718406K->557824K(1864192K), 0.0519676 secs] [Times: user=0.25 sys=0.00, real=0.05 secs] 
5475.551: [GC (Allocation Failure) [PSYoungGen: 418198K->186487K(465920K)] 790784K->623346K(1864192K), 0.0549550 secs] [Times: user=0.27 sys=0.00, real=0.06 secs] 
5475.741: [GC (Allocation Failure) [PSYoungGen: 419447K->183508K(465920K)] 856306K->679503K(1864192K), 0.0754463 secs] [Times: user=0.38 sys=0.00, real=0.08 secs] 
5476.762: [GC (Allocation Failure) [PSYoungGen: 416468K->95323K(465920K)] 912463K->660758K(1864192K), 0.0497447 secs] [Times: user=0.26 sys=0.00, real=0.05 secs] 
5478.001: [GC (Allocation Failure) [PSYoungGen: 328283K->174645K(465920K)] 893718K->770432K(1864192K), 0.0517343 secs] [Times: user=0.23 sys=0.00, real=0.05 secs] 
5478.205: [GC (Allocation Failure) [PSYoungGen: 407605K->184918K(465920K)] 1003392K->835129K(1864192K), 0.0436072 secs] [Times: user=0.20 sys=0.00, real=0.04 secs] 
5478.381: [GC (Allocation Failure) [PSYoungGen: 417878K->187765K(465920K)] 1068089K->894145K(1864192K), 0.0499321 secs] [Times: user=0.24 sys=0.00, real=0.05 secs] 
5479.396: [GC (Allocation Failure) [PSYoungGen: 420725K->103900K(465920K)] 1127105K->880992K(1864192K), 0.0463675 secs] [Times: user=0.24 sys=0.00, real=0.04 secs] 
5480.438: [GC (Allocation Failure) [PSYoungGen: 336860K->164339K(465920K)] 1113952K->974796K(1864192K), 0.1031141 secs] [Times: user=0.53 sys=0.00, real=0.10 secs] 
5480.825: [GC (Allocation Failure) [PSYoungGen: 397299K->182101K(465920K)] 1207756K->1044074K(1864192K), 0.0454286 secs] [Times: user=0.21 sys=0.00, real=0.04 secs] 
5480.985: [GC (Allocation Failure) [PSYoungGen: 415061K->185655K(465920K)] 1277034K->1110804K(1864192K), 0.0502700 secs] [Times: user=0.23 sys=0.00, real=0.05 secs] 
5481.168: [GC (Allocation Failure) [PSYoungGen: 418615K->187509K(465920K)] 1343764K->1171498K(1864192K), 0.0622980 secs] [Times: user=0.31 sys=0.00, real=0.06 secs] 
5482.196: [GC (Allocation Failure) [PSYoungGen: 420469K->94363K(465920K)] 1404458K->1149048K(1864192K), 0.0521626 secs] [Times: user=0.28 sys=0.00, real=0.05 secs] 
5483.391: [GC (Allocation Failure) [PSYoungGen: 327323K->175413K(465920K)] 1382008K->1259727K(1864192K), 0.0542348 secs] [Times: user=0.24 sys=0.00, real=0.06 secs] 
5483.590: [GC (Allocation Failure) [PSYoungGen: 408373K->185270K(465920K)] 1492687K->1324732K(1864192K), 0.0444479 secs] [Times: user=0.20 sys=0.00, real=0.04 secs] 
5483.745: [GC (Allocation Failure) [PSYoungGen: 418230K->187253K(465920K)] 1557692K->1382803K(1864192K), 0.0467210 secs] [Times: user=0.21 sys=0.00, real=0.05 secs] 
5484.754: [GC (Allocation Failure) [PSYoungGen: 420213K->105404K(465920K)] 1615763K->1371362K(1864192K), 0.0470983 secs] [Times: user=0.25 sys=0.00, real=0.05 secs] 
5485.904: [GC (Allocation Failure) [PSYoungGen: 338364K->165620K(465920K)] 1604322K->1465734K(1864192K), 0.1217056 secs] [Times: user=0.63 sys=0.00, real=0.13 secs] 
5486.291: [GC (Allocation Failure) [PSYoungGen: 398580K->189973K(465920K)] 1698694K->1541987K(1864192K), 0.0445774 secs] [Times: user=0.21 sys=0.00, real=0.05 secs] 
5486.335: [Full GC (Ergonomics) [PSYoungGen: 189973K->0K(465920K)] [ParOldGen: 1352014K->252563K(1398272K)] 1541987K->252563K(1864192K), [Metaspace: 59575K->59575K(1105920K)], 0.3151141 secs] [Times: user=1.45 sys=0.00, real=0.31 secs] 
5486.767: [GC (Allocation Failure) [PSYoungGen: 232960K->185879K(465920K)] 485523K->438442K(1864192K), 0.0784864 secs] [Times: user=0.41 sys=0.00, real=0.08 secs] 
5486.953: [GC (Allocation Failure) [PSYoungGen: 418839K->187253K(465920K)] 671402K->498928K(1864192K), 0.0556604 secs] [Times: user=0.28 sys=0.00, real=0.06 secs] 
5487.924: [GC (Allocation Failure) [PSYoungGen: 420213K->94875K(465920K)] 731888K->477086K(1864192K), 0.0406100 secs] [Times: user=0.21 sys=0.00, real=0.04 secs] 
5488.925: [GC (Allocation Failure) [PSYoungGen: 327835K->173237K(465920K)] 710046K->585357K(1864192K), 0.0546738 secs] [Times: user=0.23 sys=0.00, real=0.05 secs] 
5489.187: [GC (Allocation Failure) [PSYoungGen: 406197K->184950K(465920K)] 818317K->651586K(1864192K), 0.0519174 secs] [Times: user=0.24 sys=0.00, real=0.05 secs] 
5489.369: [GC (Allocation Failure) [PSYoungGen: 417910K->187669K(465920K)] 884546K->710369K(1864192K), 0.0507919 secs] [Times: user=0.24 sys=0.00, real=0.05 secs] 
5490.381: [GC (GCLocker Initiated GC) [PSYoungGen: 420629K->104268K(465920K)] 943329K->697889K(1864192K), 0.0459873 secs] [Times: user=0.23 sys=0.00, real=0.05 secs] 
5490.868: [GC (Allocation Failure) [PSYoungGen: 337228K->175220K(465920K)] 930980K->803009K(1864192K), 0.0833887 secs] [Times: user=0.42 sys=0.01, real=0.08 secs] 
5491.152: [GC (Allocation Failure) [PSYoungGen: 408180K->181301K(465920K)] 1035969K->862517K(1864192K), 0.0549443 secs] [Times: user=0.26 sys=0.00, real=0.06 secs] 
5491.324: [GC (Allocation Failure) [PSYoungGen: 414261K->186167K(465920K)] 1095477K->930663K(1864192K), 0.0494097 secs] [Times: user=0.23 sys=0.00, real=0.05 secs] 
5491.636: [GC (Allocation Failure) [PSYoungGen: 419127K->201461K(465920K)] 1163623K->1004941K(1864192K), 0.0553457 secs] [Times: user=0.27 sys=0.00, real=0.05 secs] 
5492.507: [GC (Allocation Failure) [PSYoungGen: 434421K->93067K(465920K)] 1237901K->966171K(1864192K), 0.0408333 secs] [Times: user=0.21 sys=0.00, real=0.04 secs] 
5493.310: [GC (Allocation Failure) [PSYoungGen: 326027K->182742K(465920K)] 1199131K->1085475K(1864192K), 0.0526920 secs] [Times: user=0.23 sys=0.00, real=0.05 secs] 
5493.500: [GC (Allocation Failure) [PSYoungGen: 415702K->185206K(465920K)] 1318435K->1144683K(1864192K), 0.0451481 secs] [Times: user=0.21 sys=0.00, real=0.05 secs] 
5493.757: [GC (GCLocker Initiated GC) [PSYoungGen: 418166K->185173K(465920K)] 1377644K->1200875K(1864192K), 0.0500171 secs] [Times: user=0.24 sys=0.00, real=0.05 secs] 
5494.942: [GC (Allocation Failure) [PSYoungGen: 418133K->97867K(465920K)] 1434001K->1183832K(1864192K), 0.0453856 secs] [Times: user=0.24 sys=0.00, real=0.05 secs] 
5496.098: [GC (GCLocker Initiated GC) [PSYoungGen: 330827K->170868K(465920K)] 1416792K->1289018K(1864192K), 0.1230545 secs] [Times: user=0.63 sys=0.00, real=0.12 secs] 
5496.440: [GC (Allocation Failure) [PSYoungGen: 403828K->184822K(465920K)] 1522017K->1355994K(1864192K), 0.0449371 secs] [Times: user=0.21 sys=0.00, real=0.05 secs] 
5496.633: [GC (Allocation Failure) [PSYoungGen: 417782K->185591K(465920K)] 1588954K->1420987K(1864192K), 0.0656176 secs] [Times: user=0.32 sys=0.00, real=0.07 secs] 
5497.577: [GC (Allocation Failure) [PSYoungGen: 417363K->215732K(465920K)] 1652760K->1509824K(1864192K), 0.0578600 secs] [Times: user=0.29 sys=0.00, real=0.05 secs] 
5497.954: [GC (Allocation Failure) [PSYoungGen: 448692K->102460K(465920K)] 1742784K->1464456K(1864192K), 0.0431968 secs] [Times: user=0.22 sys=0.00, real=0.05 secs] 
5497.997: [Full GC (Ergonomics) [PSYoungGen: 102460K->0K(465920K)] [ParOldGen: 1361996K->119073K(1398272K)] 1464456K->119073K(1864192K), [Metaspace: 59575K->59575K(1105920K)], 0.1188031 secs] [Times: user=0.48 sys=0.00, real=0.12 secs] 
5499.017: [GC (Allocation Failure) [PSYoungGen: 232960K->171796K(465920K)] 352033K->290870K(1864192K), 0.0347628 secs] [Times: user=0.13 sys=0.00, real=0.03 secs] 
5499.195: [GC (Allocation Failure) [PSYoungGen: 404756K->185078K(465920K)] 523830K->357851K(1864192K), 0.0407538 secs] [Times: user=0.18 sys=0.00, real=0.04 secs] 
5499.346: [GC (Allocation Failure) [PSYoungGen: 418038K->187413K(465920K)] 590811K->416410K(1864192K), 0.0451729 secs] [Times: user=0.21 sys=0.00, real=0.04 secs] 
5500.329: [GC (GCLocker Initiated GC) [PSYoungGen: 420373K->104988K(465920K)] 649371K->404555K(1864192K), 0.0450308 secs] [Times: user=0.24 sys=0.00, real=0.04 secs] 
5500.972: [GC (Allocation Failure) [PSYoungGen: 337948K->173044K(465920K)] 637644K->507109K(1864192K), 0.0757894 secs] [Times: user=0.37 sys=0.00, real=0.08 secs] 
5501.200: [GC (Allocation Failure) [PSYoungGen: 406004K->184950K(465920K)] 740069K->573206K(1864192K), 0.0420529 secs] [Times: user=0.19 sys=0.00, real=0.04 secs] 
5501.375: [GC (Allocation Failure) [PSYoungGen: 417910K->185431K(465920K)] 806166K->637831K(1864192K), 0.0544181 secs] [Times: user=0.26 sys=0.00, real=0.06 secs] 
5502.221: [GC (Allocation Failure) [PSYoungGen: 417251K->207091K(465920K)] 869652K->718315K(1864192K), 0.0540195 secs] [Times: user=0.27 sys=0.00, real=0.06 secs] 
5502.657: [GC (Allocation Failure) [PSYoungGen: 440051K->102092K(465920K)] 951275K->678452K(1864192K), 0.0670991 secs] [Times: user=0.36 sys=0.00, real=0.06 secs] 
5503.572: [GC (Allocation Failure) [PSYoungGen: 335052K->180918K(465920K)] 911412K->789919K(1864192K), 0.0474959 secs] [Times: user=0.21 sys=0.00, real=0.05 secs] 
5503.743: [GC (Allocation Failure) [PSYoungGen: 413878K->185270K(465920K)] 1022879K->850715K(1864192K), 0.0438716 secs] [Times: user=0.20 sys=0.00, real=0.05 secs] 
5503.909: [GC (Allocation Failure) [PSYoungGen: 418230K->187477K(465920K)] 1083675K->909098K(1864192K), 0.0466685 secs] [Times: user=0.22 sys=0.00, real=0.05 secs] 
5505.085: [GC (GCLocker Initiated GC) [PSYoungGen: 420437K->96395K(465920K)] 1142060K->888730K(1864192K), 0.0439673 secs] [Times: user=0.23 sys=0.00, real=0.05 secs] 
5506.010: [GC (Allocation Failure) [PSYoungGen: 329355K->173428K(465920K)] 1121729K->997279K(1864192K), 0.0680163 secs] [Times: user=0.33 sys=0.00, real=0.07 secs] 
5506.297: [GC (Allocation Failure) [PSYoungGen: 406388K->184758K(465920K)] 1230239K->1061545K(1864192K), 0.0545762 secs] [Times: user=0.26 sys=0.00, real=0.05 secs] 
5506.465: [GC (Allocation Failure) [PSYoungGen: 417718K->186071K(465920K)] 1294505K->1127194K(1864192K), 0.0510260 secs] [Times: user=0.24 sys=0.00, real=0.05 secs] 
5507.284: [GC (Allocation Failure) [PSYoungGen: 414708K->209779K(465920K)] 1355831K->1209954K(1864192K), 0.0570615 secs] [Times: user=0.28 sys=0.00, real=0.06 secs] 
5507.670: [GC (Allocation Failure) [PSYoungGen: 442739K->101884K(465920K)] 1442914K->1168115K(1864192K), 0.0412959 secs] [Times: user=0.21 sys=0.00, real=0.04 secs] 
5509.302: [GC (Allocation Failure) [PSYoungGen: 334844K->174709K(465920K)] 1401075K->1272633K(1864192K), 0.0580958 secs] [Times: user=0.23 sys=0.00, real=0.06 secs] 
5509.502: [GC (Allocation Failure) [PSYoungGen: 407669K->185302K(465920K)] 1505593K->1338206K(1864192K), 0.0438192 secs] [Times: user=0.20 sys=0.00, real=0.05 secs] 
5509.680: [GC (Allocation Failure) [PSYoungGen: 418262K->187381K(465920K)] 1571166K->1396477K(1864192K), 0.0609966 secs] [Times: user=0.30 sys=0.00, real=0.06 secs] 
5510.738: [GC (Allocation Failure) [PSYoungGen: 420341K->102348K(465920K)] 1629437K->1382012K(1864192K), 0.0466307 secs] [Times: user=0.25 sys=0.00, real=0.04 secs] 
5511.129: [GC (Allocation Failure) [PSYoungGen: 335308K->173557K(465920K)] 1614972K->1487128K(1864192K), 0.0722903 secs] [Times: user=0.34 sys=0.00, real=0.07 secs] 
5511.202: [Full GC (Ergonomics) [PSYoungGen: 173557K->0K(465920K)] [ParOldGen: 1313571K->197493K(1398272K)] 1487128K->197493K(1864192K), [Metaspace: 59575K->59575K(1105920K)], 0.2391762 secs] [Times: user=1.15 sys=0.00, real=0.24 secs] 
5511.549: [GC (Allocation Failure) [PSYoungGen: 232960K->178165K(465920K)] 430453K->375658K(1864192K), 0.0329212 secs] [Times: user=0.13 sys=0.00, real=0.03 secs] 
5511.710: [GC (Allocation Failure) [PSYoungGen: 411125K->186103K(465920K)] 608618K->446388K(1864192K), 0.0437682 secs] [Times: user=0.19 sys=0.01, real=0.04 secs] 
5513.318: [GC (Allocation Failure) [PSYoungGen: 415893K->212852K(465920K)] 676178K->532081K(1864192K), 0.0560128 secs] [Times: user=0.27 sys=0.00, real=0.05 secs] 
5513.660: [GC (GCLocker Initiated GC) [PSYoungGen: 445812K->101308K(465920K)] 765041K->487530K(1864192K), 0.0401824 secs] [Times: user=0.20 sys=0.00, real=0.04 secs] 
5515.393: [GC (Allocation Failure) [PSYoungGen: 334268K->173653K(465920K)] 720529K->591446K(1864192K), 0.0533631 secs] [Times: user=0.24 sys=0.00, real=0.06 secs] 
5515.643: [GC (Allocation Failure) [PSYoungGen: 406613K->185526K(465920K)] 824406K->657704K(1864192K), 0.0602160 secs] [Times: user=0.28 sys=0.00, real=0.06 secs] 
5515.821: [GC (Allocation Failure) [PSYoungGen: 418486K->187477K(465920K)] 890664K->715775K(1864192K), 0.0454192 secs] [Times: user=0.21 sys=0.00, real=0.05 secs] 
5516.820: [GC (Allocation Failure) [PSYoungGen: 420437K->102668K(465920K)] 948735K->701590K(1864192K), 0.0450397 secs] [Times: user=0.23 sys=0.01, real=0.05 secs] 
5517.720: [GC (Allocation Failure) [PSYoungGen: 335628K->169076K(465920K)] 934550K->800981K(1864192K), 0.0731929 secs] [Times: user=0.36 sys=0.00, real=0.07 secs] 
5517.977: [GC (Allocation Failure) [PSYoungGen: 402036K->181781K(465920K)] 1033941K->866818K(1864192K), 0.0574385 secs] [Times: user=0.27 sys=0.00, real=0.05 secs] 
5518.154: [GC (Allocation Failure) [PSYoungGen: 414741K->186167K(465920K)] 1099778K->934532K(1864192K), 0.0499910 secs] [Times: user=0.23 sys=0.00, real=0.05 secs] 
5518.587: [GC (Allocation Failure) [PSYoungGen: 416962K->212436K(465920K)] 1165327K->1019913K(1864192K), 0.0542671 secs] [Times: user=0.26 sys=0.00, real=0.05 secs] 
5519.280: [GC (Allocation Failure) [PSYoungGen: 445396K->101372K(465920K)] 1252873K->976105K(1864192K), 0.0414409 secs] [Times: user=0.21 sys=0.00, real=0.04 secs] 
5519.865: [GC (Allocation Failure) [PSYoungGen: 334332K->179669K(465920K)] 1209065K->1087014K(1864192K), 0.0569283 secs] [Times: user=0.25 sys=0.00, real=0.06 secs] 
5520.070: [GC (Allocation Failure) [PSYoungGen: 412629K->185110K(465920K)] 1319974K->1148566K(1864192K), 0.0442272 secs] [Times: user=0.20 sys=0.00, real=0.04 secs] 
5520.221: [GC (Allocation Failure) [PSYoungGen: 418070K->183604K(465920K)] 1381526K->1203133K(1864192K), 0.0459145 secs] [Times: user=0.21 sys=0.00, real=0.05 secs] 
5521.256: [GC (Allocation Failure) [PSYoungGen: 416564K->104380K(465920K)] 1436093K->1193213K(1864192K), 0.0494422 secs] [Times: user=0.26 sys=0.00, real=0.05 secs] 
5522.056: [GC (Allocation Failure) [PSYoungGen: 337340K->170868K(465920K)] 1426173K->1292970K(1864192K), 0.1116206 secs] [Times: user=0.56 sys=0.00, real=0.11 secs] 
5522.389: [GC (Allocation Failure) [PSYoungGen: 403828K->189685K(465920K)] 1525930K->1365259K(1864192K), 0.0436706 secs] [Times: user=0.20 sys=0.00, real=0.04 secs] 
5522.547: [GC (Allocation Failure) [PSYoungGen: 422645K->186199K(465920K)] 1598219K->1425212K(1864192K), 0.0510773 secs] [Times: user=0.24 sys=0.00, real=0.05 secs] 
5523.419: [GC (Allocation Failure) [PSYoungGen: 415689K->210547K(465920K)] 1654702K->1508617K(1864192K), 0.0596585 secs] [Times: user=0.30 sys=0.00, real=0.06 secs] 
5523.772: [GC (Allocation Failure) [PSYoungGen: 443507K->104332K(465920K)] 1741577K->1468705K(1864192K), 0.0417036 secs] [Times: user=0.21 sys=0.01, real=0.04 secs] 
5523.814: [Full GC (Ergonomics) [PSYoungGen: 104332K->0K(465920K)] [ParOldGen: 1364373K->120970K(1398272K)] 1468705K->120970K(1864192K), [Metaspace: 59575K->59575K(1105920K)], 0.1069390 secs] [Times: user=0.44 sys=0.00, real=0.11 secs] 
5524.261: [GC (Allocation Failure) [PSYoungGen: 232960K->178997K(465920K)] 353930K->299968K(1864192K), 0.0348344 secs] [Times: user=0.13 sys=0.00, real=0.04 secs] 
5524.436: [GC (Allocation Failure) [PSYoungGen: 411957K->185046K(465920K)] 532928K->362061K(1864192K), 0.0417106 secs] [Times: user=0.18 sys=0.00, real=0.04 secs] 
5524.588: [GC (Allocation Failure) [PSYoungGen: 418006K->187317K(465920K)] 595021K->420244K(1864192K), 0.0447694 secs] [Times: user=0.21 sys=0.00, real=0.04 secs] 
5525.575: [GC (Allocation Failure) [PSYoungGen: 420277K->98219K(465920K)] 653204K->401806K(1864192K), 0.0435044 secs] [Times: user=0.22 sys=0.00, real=0.04 secs] 
5526.485: [GC (Allocation Failure) [PSYoungGen: 331179K->178133K(465920K)] 634766K->513601K(1864192K), 0.0721867 secs] [Times: user=0.34 sys=0.00, real=0.08 secs] 
5526.715: [GC (Allocation Failure) [PSYoungGen: 411093K->185110K(465920K)] 746561K->574962K(1864192K), 0.0428403 secs] [Times: user=0.19 sys=0.00, real=0.05 secs] 
5526.870: [GC (Allocation Failure) [PSYoungGen: 415142K->183478K(465920K)] 804994K->637642K(1864192K), 0.0497549 secs] [Times: user=0.23 sys=0.00, real=0.05 secs] 
5527.689: [GC (Allocation Failure) [PSYoungGen: 411709K->206323K(465920K)] 865873K->718823K(1864192K), 0.0551549 secs] [Times: user=0.27 sys=0.00, real=0.05 secs] 
5528.673: [GC (Allocation Failure) [PSYoungGen: 439283K->100956K(465920K)] 951783K->678168K(1864192K), 0.1083286 secs] [Times: user=0.58 sys=0.01, real=0.11 secs] 
5529.358: [GC (Allocation Failure) [PSYoungGen: 333916K->181942K(465920K)] 911128K->791491K(1864192K), 0.0469750 secs] [Times: user=0.21 sys=0.00, real=0.05 secs] 
5529.528: [GC (Allocation Failure) [PSYoungGen: 414902K->185302K(465920K)] 1024451K->851579K(1864192K), 0.0443206 secs] [Times: user=0.20 sys=0.00, real=0.04 secs] 
5529.681: [GC (Allocation Failure) [PSYoungGen: 418262K->186837K(465920K)] 1084539K->909298K(1864192K), 0.0457263 secs] [Times: user=0.22 sys=0.00, real=0.05 secs] 
5530.911: [GC (Allocation Failure) [PSYoungGen: 419797K->97867K(465920K)] 1142258K->890624K(1864192K), 0.0490609 secs] [Times: user=0.26 sys=0.00, real=0.05 secs] 
5531.460: [GC (Allocation Failure) [PSYoungGen: 330827K->173141K(465920K)] 1123584K->998251K(1864192K), 0.0792211 secs] [Times: user=0.38 sys=0.00, real=0.08 secs] 
5531.705: [GC (Allocation Failure) [PSYoungGen: 406101K->180917K(465920K)] 1231211K->1059867K(1864192K), 0.0428204 secs] [Times: user=0.19 sys=0.00, real=0.05 secs] 
5531.862: [GC (Allocation Failure) [PSYoungGen: 413877K->185751K(465920K)] 1292827K->1127933K(1864192K), 0.0500616 secs] [Times: user=0.23 sys=0.00, real=0.05 secs] 
5532.756: [GC (Allocation Failure) [PSYoungGen: 418711K->172243K(465920K)] 1360893K->1173497K(1864192K), 0.0557665 secs] [Times: user=0.27 sys=0.00, real=0.05 secs] 
5533.596: [GC (Allocation Failure) [PSYoungGen: 405203K->107580K(465920K)] 1406457K->1174474K(1864192K), 0.1184006 secs] [Times: user=0.63 sys=0.00, real=0.11 secs] 
5534.989: [GC (Allocation Failure) [PSYoungGen: 340293K->175701K(465920K)] 1407187K->1276040K(1864192K), 0.0533472 secs] [Times: user=0.25 sys=0.00, real=0.05 secs] 
5535.179: [GC (Allocation Failure) [PSYoungGen: 408661K->185750K(465920K)] 1509000K->1341073K(1864192K), 0.0439863 secs] [Times: user=0.20 sys=0.00, real=0.04 secs] 
5535.328: [GC (Allocation Failure) [PSYoungGen: 418710K->184436K(465920K)] 1574033K->1396223K(1864192K), 0.0462963 secs] [Times: user=0.21 sys=0.01, real=0.04 secs] 
5536.353: [GC (Allocation Failure) [PSYoungGen: 417396K->101180K(465920K)] 1629183K->1382343K(1864192K), 0.0489073 secs] [Times: user=0.26 sys=0.00, real=0.05 secs] 
5537.171: [GC (Allocation Failure) [PSYoungGen: 334140K->170292K(465920K)] 1615303K->1484136K(1864192K), 0.0632529 secs] [Times: user=0.30 sys=0.00, real=0.06 secs] 
5537.234: [Full GC (Ergonomics) [PSYoungGen: 170292K->0K(465920K)] [ParOldGen: 1313843K->194018K(1398272K)] 1484136K->194018K(1864192K), [Metaspace: 59575K->59575K(1105920K)], 0.2137898 secs] [Times: user=1.00 sys=0.00, real=0.22 secs] 
5537.563: [GC (Allocation Failure) [PSYoungGen: 232960K->185270K(465920K)] 426978K->379288K(1864192K), 0.0336100 secs] [Times: user=0.14 sys=0.00, real=0.04 secs] 
5537.710: [GC (Allocation Failure) [PSYoungGen: 418230K->186167K(465920K)] 612248K->444697K(1864192K), 0.0440929 secs] [Times: user=0.20 sys=0.00, real=0.04 secs] 
5538.602: [GC (Allocation Failure) [PSYoungGen: 419127K->169939K(465920K)] 677657K->487837K(1864192K), 0.0543679 secs] [Times: user=0.27 sys=0.00, real=0.06 secs] 
5538.878: [GC (GCLocker Initiated GC) [PSYoungGen: 402899K->106652K(465920K)] 720797K->489558K(1864192K), 0.0396182 secs] [Times: user=0.20 sys=0.00, real=0.04 secs] 
5540.292: [GC (Allocation Failure) [PSYoungGen: 339612K->175093K(465920K)] 722521K->591255K(1864192K), 0.0445293 secs] [Times: user=0.19 sys=0.00, real=0.05 secs] 
5540.509: [GC (Allocation Failure) [PSYoungGen: 408053K->185366K(465920K)] 824215K->656344K(1864192K), 0.0619324 secs] [Times: user=0.29 sys=0.00, real=0.06 secs] 
5540.693: [GC (Allocation Failure) [PSYoungGen: 418326K->187349K(465920K)] 889304K->714447K(1864192K), 0.0453123 secs] [Times: user=0.21 sys=0.00, real=0.05 secs] 
5541.660: [GC (GCLocker Initiated GC) [PSYoungGen: 420309K->103468K(465920K)] 947407K->701198K(1864192K), 0.0475166 secs] [Times: user=0.24 sys=0.00, real=0.05 secs] 
5542.787: [GC (GCLocker Initiated GC) [PSYoungGen: 336428K->164211K(465920K)] 934163K->795447K(1864192K), 0.0899593 secs] [Times: user=0.44 sys=0.00, real=0.09 secs] 
5543.105: [GC (Allocation Failure) [PSYoungGen: 397171K->183573K(465920K)] 1028537K->866427K(1864192K), 0.0424192 secs] [Times: user=0.19 sys=0.00, real=0.04 secs] 
5543.285: [GC (Allocation Failure) [PSYoungGen: 416533K->186039K(465920K)] 1099387K->933028K(1864192K), 0.0561851 secs] [Times: user=0.26 sys=0.00, real=0.05 secs] 
5544.260: [GC (Allocation Failure) [PSYoungGen: 418999K->174611K(465920K)] 1165988K->980505K(1864192K), 0.0562938 secs] [Times: user=0.28 sys=0.00, real=0.06 secs] 
5544.542: [GC (Allocation Failure) [PSYoungGen: 407571K->109581K(465920K)] 1213465K->982026K(1864192K), 0.0408607 secs] [Times: user=0.21 sys=0.00, real=0.04 secs] 
5545.331: [GC (Allocation Failure) [PSYoungGen: 336948K->173557K(465920K)] 1209394K->1080543K(1864192K), 0.0530059 secs] [Times: user=0.24 sys=0.00, real=0.05 secs] 
5545.572: [GC (Allocation Failure) [PSYoungGen: 406517K->181621K(465920K)] 1313503K->1142844K(1864192K), 0.0587829 secs] [Times: user=0.29 sys=0.00, real=0.06 secs] 
5545.820: [GC (Allocation Failure) [PSYoungGen: 414581K->183828K(465920K)] 1375804K->1199939K(1864192K), 0.0555069 secs] [Times: user=0.27 sys=0.01, real=0.06 secs] 
5546.838: [GC (Allocation Failure) [PSYoungGen: 416788K->105580K(465920K)] 1432899K->1190979K(1864192K), 0.0493289 secs] [Times: user=0.25 sys=0.00, real=0.05 secs] 
5547.337: [GC (Allocation Failure) [PSYoungGen: 338540K->171508K(465920K)] 1423939K->1291703K(1864192K), 0.0861453 secs] [Times: user=0.42 sys=0.01, real=0.08 secs] 
5547.587: [GC (Allocation Failure) [PSYoungGen: 404392K->184342K(465920K)] 1524587K->1358184K(1864192K), 0.0447589 secs] [Times: user=0.20 sys=0.00, real=0.04 secs] 
5547.786: [GC (Allocation Failure) [PSYoungGen: 417302K->184375K(465920K)] 1591144K->1422317K(1864192K), 0.0664334 secs] [Times: user=0.33 sys=0.00, real=0.06 secs] 
5548.430: [GC (Allocation Failure) [PSYoungGen: 417335K->192851K(465920K)] 1655277K->1489426K(1864192K), 0.0544565 secs] [Times: user=0.27 sys=0.01, real=0.05 secs] 
5549.043: [GC (Allocation Failure) [PSYoungGen: 425811K->101004K(465920K)] 1722386K->1463243K(1864192K), 0.0596867 secs] [Times: user=0.31 sys=0.01, real=0.06 secs] 
5549.102: [Full GC (Ergonomics) [PSYoungGen: 101004K->0K(465920K)] [ParOldGen: 1362238K->118137K(1398272K)] 1463243K->118137K(1864192K), [Metaspace: 59575K->59575K(1105920K)], 0.1188399 secs] [Times: user=0.52 sys=0.00, real=0.12 secs] 
5549.630: [GC (Allocation Failure) [PSYoungGen: 231443K->181398K(465920K)] 349580K->299535K(1864192K), 0.0349516 secs] [Times: user=0.13 sys=0.01, real=0.03 secs] 
5549.840: [GC (Allocation Failure) [PSYoungGen: 414358K->185206K(465920K)] 532495K->359927K(1864192K), 0.0417705 secs] [Times: user=0.18 sys=0.00, real=0.04 secs] 
5549.988: [GC (Allocation Failure) [PSYoungGen: 418166K->187125K(465920K)] 592887K->417990K(1864192K), 0.0444524 secs] [Times: user=0.20 sys=0.00, real=0.04 secs] 
5550.976: [GC (Allocation Failure) [PSYoungGen: 420085K->98524K(465920K)] 650950K->399957K(1864192K), 0.0436475 secs] [Times: user=0.23 sys=0.00, real=0.04 secs] 
5552.386: [GC (Allocation Failure) [PSYoungGen: 331450K->169268K(465920K)] 632883K->502718K(1864192K), 0.0746083 secs] [Times: user=0.36 sys=0.00, real=0.07 secs] 
5552.627: [GC (Allocation Failure) [PSYoungGen: 402228K->185238K(465920K)] 735678K->571459K(1864192K), 0.0423319 secs] [Times: user=0.19 sys=0.00, real=0.04 secs] 
5552.783: [GC (Allocation Failure) [PSYoungGen: 418198K->186231K(465920K)] 804419K->645204K(1864192K), 0.0502529 secs] [Times: user=0.23 sys=0.00, real=0.05 secs] 
5553.609: [GC (Allocation Failure) [PSYoungGen: 417192K->207923K(465920K)] 876165K->726056K(1864192K), 0.0562562 secs] [Times: user=0.28 sys=0.00, real=0.06 secs] 
5553.950: [GC (Allocation Failure) [PSYoungGen: 440883K->107420K(465920K)] 959016K->690994K(1864192K), 0.0403699 secs] [Times: user=0.21 sys=0.00, real=0.04 secs] 
5554.602: [GC (Allocation Failure) [PSYoungGen: 340380K->177557K(465920K)] 923954K->795116K(1864192K), 0.0517645 secs] [Times: user=0.22 sys=0.01, real=0.05 secs] 
5554.787: [GC (Allocation Failure) [PSYoungGen: 410517K->185078K(465920K)] 1028076K->857948K(1864192K), 0.0447993 secs] [Times: user=0.20 sys=0.00, real=0.04 secs] 
5555.647: [GC (GCLocker Initiated GC) [PSYoungGen: 418038K->186997K(465920K)] 1090908K->915923K(1864192K), 0.0743013 secs] [Times: user=0.37 sys=0.00, real=0.07 secs] 
5556.983: [GC (Allocation Failure) [PSYoungGen: 419957K->99980K(465920K)] 1148885K->899507K(1864192K), 0.0451016 secs] [Times: user=0.23 sys=0.00, real=0.05 secs] 
5557.648: [GC (Allocation Failure) [PSYoungGen: 332940K->173525K(465920K)] 1132467K->1005989K(1864192K), 0.0691638 secs] [Times: user=0.33 sys=0.00, real=0.07 secs] 
5557.863: [GC (Allocation Failure) [PSYoungGen: 406485K->181301K(465920K)] 1238949K->1067878K(1864192K), 0.0451516 secs] [Times: user=0.21 sys=0.00, real=0.05 secs] 
5558.023: [GC (Allocation Failure) [PSYoungGen: 414261K->185879K(465920K)] 1300838K->1135744K(1864192K), 0.0525976 secs] [Times: user=0.25 sys=0.00, real=0.06 secs] 
5558.937: [GC (Allocation Failure) [PSYoungGen: 418839K->170867K(465920K)] 1368704K->1179804K(1864192K), 0.0603861 secs] [Times: user=0.30 sys=0.01, real=0.06 secs] 
5559.218: [GC (Allocation Failure) [PSYoungGen: 403827K->111245K(465920K)] 1412764K->1185494K(1864192K), 0.0427140 secs] [Times: user=0.21 sys=0.00, real=0.04 secs] 
5560.536: [GC (Allocation Failure) [PSYoungGen: 342272K->172052K(465920K)] 1416521K->1280906K(1864192K), 0.0537312 secs] [Times: user=0.24 sys=0.00, real=0.05 secs] 
5560.772: [GC (Allocation Failure) [PSYoungGen: 405012K->185526K(465920K)] 1513866K->1348448K(1864192K), 0.0627423 secs] [Times: user=0.30 sys=0.00, real=0.06 secs] 
5560.991: [GC (Allocation Failure) [PSYoungGen: 418486K->187381K(465920K)] 1581408K->1406431K(1864192K), 0.0694737 secs] [Times: user=0.35 sys=0.00, real=0.07 secs] 
5562.036: [GC (Allocation Failure) [PSYoungGen: 420341K->100444K(465920K)] 1639391K->1390126K(1864192K), 0.0510443 secs] [Times: user=0.27 sys=0.01, real=0.05 secs] 
5562.735: [GC (Allocation Failure) [PSYoungGen: 333404K->171700K(465920K)] 1623086K->1494187K(1864192K), 0.0775187 secs] [Times: user=0.37 sys=0.00, real=0.08 secs] 
5562.812: [Full GC (Ergonomics) [PSYoungGen: 171700K->0K(465920K)] [ParOldGen: 1322486K->196528K(1398272K)] 1494187K->196528K(1864192K), [Metaspace: 59575K->59575K(1105920K)], 0.2358278 secs] [Times: user=1.13 sys=0.00, real=0.24 secs] 
5563.163: [GC (Allocation Failure) [PSYoungGen: 232960K->184886K(465920K)] 429488K->381414K(1864192K), 0.0330614 secs] [Times: user=0.14 sys=0.00, real=0.04 secs] 
5563.321: [GC (Allocation Failure) [PSYoungGen: 417846K->182486K(465920K)] 614374K->443299K(1864192K), 0.0440436 secs] [Times: user=0.20 sys=0.00, real=0.05 secs] 
5564.202: [GC (Allocation Failure) [PSYoungGen: 415446K->170227K(465920K)] 676259K->488879K(1864192K), 0.0563500 secs] [Times: user=0.27 sys=0.01, real=0.06 secs] 
5564.569: [GC (Allocation Failure) [PSYoungGen: 403187K->112237K(465920K)] 721839K->496122K(1864192K), 0.0537663 secs] [Times: user=0.27 sys=0.00, real=0.05 secs] 
5565.177: [GC (Allocation Failure) [PSYoungGen: 339134K->170964K(403968K)] 723019K->590706K(1802240K), 0.0527691 secs] [Times: user=0.24 sys=0.01, real=0.05 secs] 
5565.364: [GC (Allocation Failure) [PSYoungGen: 403924K->185526K(463872K)] 823666K->659215K(1862144K), 0.0429796 secs] [Times: user=0.18 sys=0.00, real=0.05 secs] 
5565.516: [GC (Allocation Failure) [PSYoungGen: 417462K->186421K(464896K)] 891151K->716462K(1863168K), 0.0456285 secs] [Times: user=0.21 sys=0.00, real=0.04 secs] 
5566.511: [GC (Allocation Failure) [PSYoungGen: 418357K->103324K(465920K)] 948398K->703574K(1864192K), 0.0453438 secs] [Times: user=0.24 sys=0.00, real=0.05 secs] 
5566.935: [GC (Allocation Failure) [PSYoungGen: 336284K->172468K(465920K)] 936534K->806819K(1864192K), 0.0520751 secs] [Times: user=0.24 sys=0.00, real=0.06 secs] 
5567.101: [GC (Allocation Failure) [PSYoungGen: 405428K->181877K(465920K)] 1039779K->870196K(1864192K), 0.0430669 secs] [Times: user=0.19 sys=0.01, real=0.04 secs] 
5567.314: [GC (Allocation Failure) [PSYoungGen: 414837K->185111K(465920K)] 1103156K->936837K(1864192K), 0.0627070 secs] [Times: user=0.31 sys=0.00, real=0.07 secs] 
5568.247: [GC (Allocation Failure) [PSYoungGen: 418071K->168147K(460800K)] 1169797K->978713K(1859072K), 0.0549869 secs] [Times: user=0.27 sys=0.00, real=0.05 secs] 
5568.537: [GC (Allocation Failure) [PSYoungGen: 401107K->109517K(463360K)] 1211673K->984483K(1861632K), 0.0404813 secs] [Times: user=0.20 sys=0.00, real=0.04 secs] 
5569.434: [GC (Allocation Failure) [PSYoungGen: 342477K->178549K(465920K)] 1217443K->1088260K(1864192K), 0.0491758 secs] [Times: user=0.22 sys=0.00, real=0.05 secs] 
5569.654: [GC (Allocation Failure) [PSYoungGen: 411509K->181430K(465920K)] 1321220K->1153850K(1864192K), 0.0716866 secs] [Times: user=0.35 sys=0.00, real=0.08 secs] 
5569.843: [GC (Allocation Failure) [PSYoungGen: 414390K->187381K(465920K)] 1386810K->1217625K(1864192K), 0.0573444 secs] [Times: user=0.28 sys=0.00, real=0.06 secs] 
5570.831: [GC (Allocation Failure) [PSYoungGen: 420341K->100316K(465920K)] 1450585K->1201295K(1864192K), 0.0496941 secs] [Times: user=0.21 sys=0.01, real=0.05 secs] 
5572.103: [GC (Allocation Failure) [PSYoungGen: 333276K->171444K(465920K)] 1434255K->1304269K(1864192K), 0.0867288 secs] [Times: user=0.43 sys=0.00, real=0.09 secs] 
5572.352: [GC (Allocation Failure) [PSYoungGen: 404404K->184950K(465920K)] 1537229K->1371594K(1864192K), 0.0443825 secs] [Times: user=0.20 sys=0.00, real=0.05 secs] 
5572.506: [GC (Allocation Failure) [PSYoungGen: 417231K->179702K(465920K)] 1603876K->1430475K(1864192K), 0.0519334 secs] [Times: user=0.24 sys=0.00, real=0.05 secs] 
5573.439: [GC (Allocation Failure) [PSYoungGen: 412662K->169427K(402432K)] 1663435K->1477215K(1800704K), 0.0576236 secs] [Times: user=0.29 sys=0.00, real=0.06 secs] 
5573.779: [GC (Allocation Failure) [PSYoungGen: 402387K->112765K(460800K)] 1710175K->1485486K(1859072K), 0.0414941 secs] [Times: user=0.21 sys=0.00, real=0.04 secs] 
5573.820: [Full GC (Ergonomics) [PSYoungGen: 112765K->0K(460800K)] [ParOldGen: 1372720K->129312K(1398272K)] 1485486K->129312K(1859072K), [Metaspace: 59575K->59575K(1105920K)], 0.1169008 secs] [Times: user=0.49 sys=0.00, real=0.12 secs] 
5575.011: [GC (Allocation Failure) [PSYoungGen: 227411K->170580K(463360K)] 356724K->299893K(1861632K), 0.0364353 secs] [Times: user=0.14 sys=0.00, real=0.04 secs] 
5575.200: [GC (Allocation Failure) [PSYoungGen: 400980K->183093K(463360K)] 530293K->365830K(1861632K), 0.0411317 secs] [Times: user=0.18 sys=0.00, real=0.04 secs] 
5575.351: [GC (Allocation Failure) [PSYoungGen: 417077K->188085K(464896K)] 599814K->426310K(1863168K), 0.0445166 secs] [Times: user=0.21 sys=0.00, real=0.05 secs] 
5576.333: [GC (Allocation Failure) [PSYoungGen: 422069K->102668K(465920K)] 660294K->411877K(1864192K), 0.0550566 secs] [Times: user=0.29 sys=0.00, real=0.06 secs] 
5577.622: [GC (Allocation Failure) [PSYoungGen: 335628K->166580K(399872K)] 644837K->508538K(1798144K), 0.0988202 secs] [Times: user=0.49 sys=0.00, real=0.10 secs] 
5577.910: [GC (Allocation Failure) [PSYoungGen: 399540K->185014K(463872K)] 741498K->579160K(1862144K), 0.0417857 secs] [Times: user=0.19 sys=0.00, real=0.04 secs] 
5578.066: [GC (Allocation Failure) [PSYoungGen: 416950K->185175K(464896K)] 811096K->643481K(1863168K), 0.0492780 secs] [Times: user=0.23 sys=0.00, real=0.05 secs] 
5578.928: [GC (Allocation Failure) [PSYoungGen: 413221K->209331K(465920K)] 871527K->726469K(1864192K), 0.0552335 secs] [Times: user=0.28 sys=0.00, real=0.05 secs] 
5579.302: [GC (Allocation Failure) [PSYoungGen: 442291K->104108K(465920K)] 959429K->687062K(1864192K), 0.0405244 secs] [Times: user=0.20 sys=0.00, real=0.04 secs] 
5579.761: [GC (Allocation Failure) [PSYoungGen: 337068K->179349K(465920K)] 920022K->795484K(1864192K), 0.0573440 secs] [Times: user=0.26 sys=0.00, real=0.06 secs] 
5580.026: [GC (Allocation Failure) [PSYoungGen: 412309K->184854K(465920K)] 1028444K->856737K(1864192K), 0.0576966 secs] [Times: user=0.28 sys=0.00, real=0.05 secs] 
5580.232: [GC (Allocation Failure) [PSYoungGen: 417814K->183412K(465920K)] 1089697K->911287K(1864192K), 0.0574350 secs] [Times: user=0.28 sys=0.00, real=0.06 secs] 
5581.279: [GC (Allocation Failure) [PSYoungGen: 416372K->101980K(465920K)] 1144247K->899311K(1864192K), 0.0442893 secs] [Times: user=0.23 sys=0.00, real=0.04 secs] 
5581.810: [GC (GCLocker Initiated GC) [PSYoungGen: 334940K->171188K(465920K)] 1132271K->1002081K(1864192K), 0.0659342 secs] [Times: user=0.32 sys=0.00, real=0.07 secs] 
5582.024: [GC (Allocation Failure) [PSYoungGen: 404148K->185174K(465920K)] 1235044K->1069737K(1864192K), 0.0432986 secs] [Times: user=0.19 sys=0.00, real=0.05 secs] 
5582.179: [GC (Allocation Failure) [PSYoungGen: 418134K->185783K(465920K)] 1302697K->1134758K(1864192K), 0.0501959 secs] [Times: user=0.23 sys=0.01, real=0.05 secs] 
5582.987: [GC (Allocation Failure) [PSYoungGen: 416991K->206387K(465920K)] 1365967K->1214274K(1864192K), 0.0567512 secs] [Times: user=0.29 sys=0.00, real=0.05 secs] 
5583.413: [GC (Allocation Failure) [PSYoungGen: 439347K->104476K(465920K)] 1447234K->1177324K(1864192K), 0.0660144 secs] [Times: user=0.35 sys=0.00, real=0.07 secs] 
5584.158: [GC (Allocation Failure) [PSYoungGen: 337436K->179029K(465920K)] 1410284K->1284738K(1864192K), 0.0477520 secs] [Times: user=0.21 sys=0.00, real=0.05 secs] 
5584.325: [GC (Allocation Failure) [PSYoungGen: 411989K->185526K(465920K)] 1517698K->1347154K(1864192K), 0.0444851 secs] [Times: user=0.20 sys=0.00, real=0.04 secs] 
5584.475: [GC (Allocation Failure) [PSYoungGen: 418486K->187285K(465920K)] 1580114K->1405185K(1864192K), 0.0467656 secs] [Times: user=0.22 sys=0.00, real=0.04 secs] 
5585.492: [GC (Allocation Failure) [PSYoungGen: 420245K->97419K(465920K)] 1638145K->1385924K(1864192K), 0.0446944 secs] [Times: user=0.23 sys=0.00, real=0.05 secs] 
5585.743: [GC (Allocation Failure) [PSYoungGen: 330379K->171028K(465920K)] 1618884K->1491682K(1864192K), 0.0431074 secs] [Times: user=0.19 sys=0.01, real=0.05 secs] 
5585.786: [Full GC (Ergonomics) [PSYoungGen: 171028K->0K(465920K)] [ParOldGen: 1320653K->195403K(1398272K)] 1491682K->195403K(1864192K), [Metaspace: 59575K->59575K(1105920K)], 0.1837732 secs] [Times: user=0.82 sys=0.00, real=0.18 secs] 
5586.082: [GC (Allocation Failure) [PSYoungGen: 232960K->184790K(465920K)] 428363K->380193K(1864192K), 0.0337165 secs] [Times: user=0.14 sys=0.00, real=0.04 secs] 
5586.231: [GC (Allocation Failure) [PSYoungGen: 417750K->186199K(465920K)] 613153K->445890K(1864192K), 0.0442156 secs] [Times: user=0.20 sys=0.00, real=0.04 secs] 
5587.116: [GC (Allocation Failure) [PSYoungGen: 419159K->169715K(465920K)] 678850K->488646K(1864192K), 0.0553495 secs] [Times: user=0.28 sys=0.00, real=0.05 secs] 
5587.465: [GC (Allocation Failure) [PSYoungGen: 402675K->112989K(465920K)] 721606K->496884K(1864192K), 0.0399068 secs] [Times: user=0.20 sys=0.00, real=0.04 secs] 
5587.868: [GC (Allocation Failure) [PSYoungGen: 338204K->173077K(465920K)] 722099K->592457K(1864192K), 0.0534313 secs] [Times: user=0.24 sys=0.00, real=0.05 secs] 
5588.057: [GC (Allocation Failure) [PSYoungGen: 406037K->182037K(465920K)] 825417K->655477K(1864192K), 0.0425648 secs] [Times: user=0.19 sys=0.00, real=0.04 secs] 
5588.209: [GC (Allocation Failure) [PSYoungGen: 414997K->186997K(465920K)] 888437K->715317K(1864192K), 0.0449743 secs] [Times: user=0.21 sys=0.00, real=0.04 secs] 
5589.192: [GC (Allocation Failure) [PSYoungGen: 419957K->104828K(465920K)] 948277K->703697K(1864192K), 0.0453244 secs] [Times: user=0.23 sys=0.00, real=0.05 secs] 
5589.444: [GC (Allocation Failure) [PSYoungGen: 337788K->175285K(465920K)] 936657K->808641K(1864192K), 0.0410928 secs] [Times: user=0.18 sys=0.00, real=0.05 secs] 
5589.636: [GC (Allocation Failure) [PSYoungGen: 408245K->181141K(465920K)] 1041601K->869797K(1864192K), 0.0660803 secs] [Times: user=0.31 sys=0.01, real=0.06 secs] 
5589.843: [GC (GCLocker Initiated GC) [PSYoungGen: 414101K->180694K(465920K)] 1102757K->932110K(1864192K), 0.0482649 secs] [Times: user=0.22 sys=0.00, real=0.05 secs] 
5590.767: [GC (Allocation Failure) [PSYoungGen: 413654K->172659K(406016K)] 1170306K->986655K(1804288K), 0.0647937 secs] [Times: user=0.33 sys=0.00, real=0.06 secs] 
Heap
 PSYoungGen      total 406016K, used 2501