5.353: [GC (Allocation Failure) [PSYoungGen: 128000K->12564K(148992K)] 128000K->12652K(488960K), 0.0149957 secs] [Times: user=0.03 sys=0.00, real=0.02 secs] 
5.797: [GC (Metadata GC Threshold) [PSYoungGen: 48960K->6075K(148992K)] 49048K->6171K(488960K), 0.0046479 secs] [Times: user=0.02 sys=0.01, real=0.00 secs] 
5.802: [Full GC (Metadata GC Threshold) [PSYoungGen: 6075K->0K(148992K)] [ParOldGen: 96K->5932K(134144K)] 6171K->5932K(283136K), [Metaspace: 20458K->20458K(1067008K)], 0.0198767 secs] [Times: user=0.06 sys=0.00, real=0.02 secs] 
7.090: [GC (Allocation Failure) [PSYoungGen: 128000K->9873K(148992K)] 133932K->15813K(283136K), 0.0027420 secs] [Times: user=0.01 sys=0.00, real=0.00 secs] 
7.598: [GC (Metadata GC Threshold) [PSYoungGen: 38238K->4666K(148992K)] 44178K->10615K(283136K), 0.0019478 secs] [Times: user=0.01 sys=0.00, real=0.00 secs] 
7.600: [Full GC (Metadata GC Threshold) [PSYoungGen: 4666K->0K(148992K)] [ParOldGen: 5948K->8885K(213504K)] 10615K->8885K(362496K), [Metaspace: 33750K->33750K(1081344K)], 0.0174335 secs] [Times: user=0.05 sys=0.01, real=0.02 secs] 
8.889: [GC (Allocation Failure) [PSYoungGen: 128000K->13173K(148992K)] 136885K->22067K(362496K), 0.0038129 secs] [Times: user=0.01 sys=0.00, real=0.00 secs] 
9.848: [GC (Allocation Failure) [PSYoungGen: 139884K->14733K(191488K)] 148777K->56410K(404992K), 0.0141965 secs] [Times: user=0.06 sys=0.02, real=0.01 secs] 
11.224: [GC (Allocation Failure) [PSYoungGen: 176040K->4768K(193536K)] 217717K->111989K(407040K), 0.0131529 secs] [Times: user=0.06 sys=0.01, real=0.02 secs] 
12.537: [GC (Allocation Failure) [PSYoungGen: 160913K->4768K(286720K)] 268134K->177525K(500224K), 0.0124213 secs] [Times: user=0.06 sys=0.01, real=0.01 secs] 
12.550: [Full GC (Ergonomics) [PSYoungGen: 4768K->0K(286720K)] [ParOldGen: 172757K->159713K(502784K)] 177525K->159713K(789504K), [Metaspace: 52377K->52377K(1097728K)], 0.1090322 secs] [Times: user=0.50 sys=0.01, real=0.11 secs] 
14.857: [GC (Allocation Failure) [PSYoungGen: 268288K->18424K(286720K)] 428001K->368986K(789504K), 0.0214006 secs] [Times: user=0.05 sys=0.01, real=0.03 secs] 
15.199: [GC (Allocation Failure) [PSYoungGen: 286712K->20940K(353792K)] 637274K->564553K(897536K), 0.0314092 secs] [Times: user=0.02 sys=0.02, real=0.03 secs] 
15.231: [Full GC (Ergonomics) [PSYoungGen: 20940K->0K(353792K)] [ParOldGen: 543612K->421591K(931328K)] 564553K->421591K(1285120K), [Metaspace: 52457K->52457K(1097728K)], 0.0531279 secs] [Times: user=0.24 sys=0.00, real=0.05 secs] 
17.258: [GC (Allocation Failure) [PSYoungGen: 332800K->24041K(356864K)] 754391K->597208K(1288192K), 0.0573825 secs] [Times: user=0.10 sys=0.01, real=0.05 secs] 
19.716: [GC (Allocation Failure) [PSYoungGen: 356841K->83353K(535552K)] 930008K->682353K(1466880K), 0.0141756 secs] [Times: user=0.02 sys=0.00, real=0.02 secs] 
20.310: [GC (Allocation Failure) [PSYoungGen: 535449K->98791K(550912K)] 1134449K->959730K(1482240K), 0.0421712 secs] [Times: user=0.03 sys=0.02, real=0.04 secs] 
20.352: [Full GC (Ergonomics) [PSYoungGen: 98791K->0K(550912K)] [ParOldGen: 860938K->568504K(1192448K)] 959730K->568504K(1743360K), [Metaspace: 52971K->52971K(1097728K)], 0.0558379 secs] [Times: user=0.26 sys=0.00, real=0.06 secs] 
23.879: [GC (Allocation Failure) [PSYoungGen: 452096K->100294K(423936K)] 1020600K->668806K(1616384K), 0.0120493 secs] [Times: user=0.02 sys=0.00, real=0.01 secs] 
24.210: [GC (Allocation Failure) [PSYoungGen: 376262K->211381K(487424K)] 944774K->789533K(1679872K), 0.0239388 secs] [Times: user=0.03 sys=0.00, real=0.02 secs] 
24.927: [GC (Allocation Failure) [PSYoungGen: 487349K->180744K(444416K)] 1065501K->759519K(1636864K), 0.0247683 secs] [Times: user=0.03 sys=0.00, real=0.03 secs] 
27.566: [GC (Allocation Failure) [PSYoungGen: 413704K->64K(465920K)] 992479K->580278K(1658368K), 0.0041878 secs] [Times: user=0.02 sys=0.00, real=0.01 secs] 
28.464: [GC (Allocation Failure) [PSYoungGen: 232959K->163637K(465920K)] 813173K->743859K(1658368K), 0.0178217 secs] [Times: user=0.03 sys=0.00, real=0.02 secs] 
28.747: [GC (Allocation Failure) [PSYoungGen: 396597K->184687K(465920K)] 976819K->766155K(1658368K), 0.0200152 secs] [Times: user=0.03 sys=0.00, real=0.02 secs] 
29.645: [GC (Allocation Failure) [PSYoungGen: 417647K->142091K(465920K)] 999115K->723824K(1658368K), 0.0198131 secs] [Times: user=0.03 sys=0.00, real=0.02 secs] 
31.384: [GC (Allocation Failure) [PSYoungGen: 375051K->128K(465920K)] 956784K->583322K(1658368K), 0.0026777 secs] [Times: user=0.01 sys=0.00, real=0.00 secs] 
31.865: [GC (Allocation Failure) [PSYoungGen: 233088K->172248K(465920K)] 816282K->755458K(1658368K), 0.0188140 secs] [Times: user=0.03 sys=0.00, real=0.02 secs] 
32.151: [GC (Allocation Failure) [PSYoungGen: 405208K->184205K(465920K)] 988418K->768669K(1658368K), 0.0198993 secs] [Times: user=0.02 sys=0.00, real=0.02 secs] 
33.826: [GC (Allocation Failure) [PSYoungGen: 409824K->133978K(465920K)] 994288K->718715K(1658368K), 0.0357595 secs] [Times: user=0.06 sys=0.00, real=0.04 secs] 
36.248: [GC (Allocation Failure) [PSYoungGen: 366938K->64K(465920K)] 951675K->586252K(1658368K), 0.0033948 secs] [Times: user=0.01 sys=0.00, real=0.00 secs] 
36.880: [GC (Allocation Failure) [PSYoungGen: 233024K->172665K(465920K)] 819212K->758870K(1658368K), 0.0189230 secs] [Times: user=0.02 sys=0.00, real=0.02 secs] 
37.164: [GC (Allocation Failure) [PSYoungGen: 405625K->184687K(465920K)] 991830K->772137K(1658368K), 0.0200937 secs] [Times: user=0.03 sys=0.00, real=0.02 secs] 
38.380: [GC (Allocation Failure) [PSYoungGen: 417647K->141302K(465920K)] 1005097K->729018K(1658368K), 0.0291191 secs] [Times: user=0.04 sys=0.00, real=0.03 secs] 
39.530: [GC (Allocation Failure) [PSYoungGen: 374262K->96K(465920K)] 961978K->589249K(1658368K), 0.0024881 secs] [Times: user=0.01 sys=0.00, real=0.00 secs] 
39.909: [GC (Allocation Failure) [PSYoungGen: 233056K->180634K(465920K)] 822209K->769811K(1658368K), 0.0195100 secs] [Times: user=0.02 sys=0.00, real=0.02 secs] 
40.198: [GC (Allocation Failure) [PSYoungGen: 413594K->184558K(465920K)] 1002771K->774989K(1658368K), 0.0199925 secs] [Times: user=0.02 sys=0.00, real=0.02 secs] 
41.102: [GC (Allocation Failure) [PSYoungGen: 417518K->133446K(465920K)] 1007949K->724150K(1658368K), 0.0168524 secs] [Times: user=0.03 sys=0.00, real=0.02 secs] 
42.373: [GC (Allocation Failure) [PSYoungGen: 366406K->6067K(465920K)] 957110K->597093K(1658368K), 0.0048218 secs] [Times: user=0.01 sys=0.00, real=0.01 secs] 
42.779: [GC (Allocation Failure) [PSYoungGen: 239027K->186389K(465920K)] 830053K->778797K(1658368K), 0.0203853 secs] [Times: user=0.02 sys=0.00, real=0.02 secs] 
43.126: [GC (Allocation Failure) [PSYoungGen: 419349K->186068K(465920K)] 1011757K->778621K(1658368K), 0.0205276 secs] [Times: user=0.03 sys=0.00, real=0.02 secs] 
44.478: [GC (Allocation Failure) [PSYoungGen: 419028K->120224K(465920K)] 1011581K->713042K(1658368K), 0.0167282 secs] [Times: user=0.03 sys=0.00, real=0.01 secs] 
45.353: [GC (Allocation Failure) [PSYoungGen: 353184K->20366K(465920K)] 946002K->613489K(1658368K), 0.0047059 secs] [Times: user=0.01 sys=0.00, real=0.01 secs] 
45.711: [GC (Allocation Failure) [PSYoungGen: 253326K->185843K(465920K)] 846449K->780220K(1658368K), 0.0202665 secs] [Times: user=0.02 sys=0.00, real=0.02 secs] 
46.058: [GC (Allocation Failure) [PSYoungGen: 418803K->185811K(465920K)] 1013180K->780461K(1658368K), 0.0200180 secs] [Times: user=0.03 sys=0.00, real=0.02 secs] 
47.786: [GC (Allocation Failure) [PSYoungGen: 418771K->106697K(465920K)] 1013421K->701620K(1658368K), 0.0132468 secs] [Times: user=0.03 sys=0.00, real=0.02 secs] 
49.062: [GC (Allocation Failure) [PSYoungGen: 339657K->33346K(465920K)] 934580K->628583K(1658368K), 0.0081163 secs] [Times: user=0.02 sys=0.00, real=0.01 secs] 
49.411: [GC (Allocation Failure) [PSYoungGen: 266306K->185972K(465920K)] 861543K->782454K(1658368K), 0.0201021 secs] [Times: user=0.03 sys=0.00, real=0.02 secs] 
49.696: [GC (Allocation Failure) [PSYoungGen: 418932K->184526K(465920K)] 1015414K->781289K(1658368K), 0.0201198 secs] [Times: user=0.03 sys=0.00, real=0.02 secs] 
50.992: [GC (Allocation Failure) [PSYoungGen: 411274K->94825K(465920K)] 1008038K->691854K(1658368K), 0.0206302 secs] [Times: user=0.04 sys=0.00, real=0.02 secs] 
54.062: [GC (Allocation Failure) [PSYoungGen: 327785K->37620K(465920K)] 924814K->634954K(1658368K), 0.0080235 secs] [Times: user=0.02 sys=0.00, real=0.01 secs] 
54.455: [GC (Allocation Failure) [PSYoungGen: 270580K->184655K(465920K)] 867914K->783250K(1658368K), 0.0222123 secs] [Times: user=0.03 sys=0.00, real=0.02 secs] 
54.744: [GC (Allocation Failure) [PSYoungGen: 417615K->182245K(465920K)] 1016210K->781250K(1658368K), 0.0197068 secs] [Times: user=0.03 sys=0.00, real=0.02 secs] 
55.499: [GC (Allocation Failure) [PSYoungGen: 408698K->94183K(465920K)] 1007704K->693332K(1658368K), 0.0122682 secs] [Times: user=0.03 sys=0.00, real=0.01 secs] 
56.715: [GC (Allocation Failure) [PSYoungGen: 327143K->37813K(465920K)] 926292K->637142K(1658368K), 0.0063881 secs] [Times: user=0.01 sys=0.00, real=0.01 secs] 
57.077: [GC (Allocation Failure) [PSYoungGen: 270773K->184815K(465920K)] 870102K->785526K(1658368K), 0.0201181 secs] [Times: user=0.02 sys=0.00, real=0.02 secs] 
57.362: [GC (Allocation Failure) [PSYoungGen: 417775K->184655K(465920K)] 1018486K->785510K(1658368K), 0.0202226 secs] [Times: user=0.02 sys=0.00, real=0.02 secs] 
57.982: [GC (Allocation Failure) [PSYoungGen: 406594K->91387K(465920K)] 1007449K->692516K(1658368K), 0.0114324 secs] [Times: user=0.03 sys=0.00, real=0.01 secs] 
59.282: [GC (Allocation Failure) [PSYoungGen: 324347K->37684K(465920K)] 925476K->639127K(1658368K), 0.0068387 secs] [Times: user=0.02 sys=0.00, real=0.01 secs] 
59.580: [GC (Allocation Failure) [PSYoungGen: 270644K->183916K(465920K)] 872087K->786740K(1658368K), 0.0200325 secs] [Times: user=0.03 sys=0.00, real=0.02 secs] 
59.866: [GC (Allocation Failure) [PSYoungGen: 416876K->184301K(465920K)] 1019700K->787270K(1658368K), 0.0200501 secs] [Times: user=0.03 sys=0.00, real=0.02 secs] 
60.588: [GC (Allocation Failure) [PSYoungGen: 409451K->92785K(465920K)] 1012420K->696027K(1658368K), 0.0118800 secs] [Times: user=0.02 sys=0.01, real=0.01 secs] 
62.160: [GC (Allocation Failure) [PSYoungGen: 325745K->37845K(465920K)] 928987K->641392K(1658368K), 0.0080023 secs] [Times: user=0.02 sys=0.00, real=0.01 secs] 
62.485: [GC (Allocation Failure) [PSYoungGen: 270805K->184719K(465920K)] 874352K->789649K(1658368K), 0.0200570 secs] [Times: user=0.03 sys=0.00, real=0.02 secs] 
62.771: [GC (Allocation Failure) [PSYoungGen: 417679K->184687K(465920K)] 1022609K->789890K(1658368K), 0.0200072 secs] [Times: user=0.02 sys=0.00, real=0.02 secs] 
63.410: [GC (Allocation Failure) [PSYoungGen: 407379K->91484K(465920K)] 1012582K->696960K(1658368K), 0.0122154 secs] [Times: user=0.03 sys=0.00, real=0.01 secs] 
64.265: [GC (Allocation Failure) [PSYoungGen: 324444K->38005K(465920K)] 929920K->643658K(1658368K), 0.0080547 secs] [Times: user=0.02 sys=0.00, real=0.01 secs] 
64.599: [GC (Allocation Failure) [PSYoungGen: 270965K->184687K(465920K)] 876618K->791602K(1658368K), 0.0201354 secs] [Times: user=0.02 sys=0.00, real=0.02 secs] 
64.893: [GC (Allocation Failure) [PSYoungGen: 417647K->184719K(465920K)] 1024562K->791915K(1658368K), 0.0200970 secs] [Times: user=0.02 sys=0.00, real=0.02 secs] 
66.731: [GC (Allocation Failure) [PSYoungGen: 407276K->91371K(465920K)] 1014472K->698832K(1658368K), 0.0162637 secs] [Times: user=0.03 sys=0.00, real=0.02 secs] 
68.341: [GC (Allocation Failure) [PSYoungGen: 324331K->37716K(465920K)] 931792K->645493K(1658368K), 0.0081257 secs] [Times: user=0.02 sys=0.00, real=0.01 secs] 
68.666: [GC (Allocation Failure) [PSYoungGen: 270676K->183787K(465920K)] 878453K->792809K(1658368K), 0.0200215 secs] [Times: user=0.03 sys=0.00, real=0.02 secs] 
69.009: [GC (Allocation Failure) [PSYoungGen: 416747K->184430K(465920K)] 1025769K->793725K(1658368K), 0.0204952 secs] [Times: user=0.03 sys=0.00, real=0.02 secs] 
69.636: [GC (Allocation Failure) [PSYoungGen: 409657K->92833K(465920K)] 1018952K->702401K(1658368K), 0.0119575 secs] [Times: user=0.02 sys=0.00, real=0.02 secs] 
70.497: [GC (Allocation Failure) [PSYoungGen: 325793K->38163K(465920K)] 935361K->648045K(1658368K), 0.0052943 secs] [Times: user=0.01 sys=0.00, real=0.00 secs] 
70.766: [GC (GCLocker Initiated GC) [PSYoungGen: 271123K->183144K(465920K)] 881005K->794280K(1658368K), 0.0199111 secs] [Times: user=0.02 sys=0.00, real=0.02 secs] 
71.057: [GC (Allocation Failure) [PSYoungGen: 416104K->184398K(465920K)] 1028365K->796931K(1658368K), 0.0200007 secs] [Times: user=0.03 sys=0.00, real=0.02 secs] 
72.214: [GC (Allocation Failure) [PSYoungGen: 409346K->92190K(465920K)] 1021880K->704869K(1658368K), 0.0197281 secs] [Times: user=0.04 sys=0.00, real=0.02 secs] 
73.877: [GC (Allocation Failure) [PSYoungGen: 325150K->38005K(465920K)] 937829K->650909K(1658368K), 0.0062170 secs] [Times: user=0.01 sys=0.00, real=0.01 secs] 
74.164: [GC (Allocation Failure) [PSYoungGen: 270965K->184687K(465920K)] 883869K->798852K(1658368K), 0.0204222 secs] [Times: user=0.02 sys=0.00, real=0.02 secs] 
74.452: [GC (Allocation Failure) [PSYoungGen: 417647K->184623K(465920K)] 1031812K->799061K(1658368K), 0.0201235 secs] [Times: user=0.02 sys=0.00, real=0.02 secs] 
75.184: [GC (Allocation Failure) [PSYoungGen: 407174K->91323K(465920K)] 1021613K->706026K(1658368K), 0.0110819 secs] [Times: user=0.02 sys=0.00, real=0.01 secs] 
76.189: [GC (Allocation Failure) [PSYoungGen: 324283K->37941K(465920K)] 938986K->652953K(1658368K), 0.0060441 secs] [Times: user=0.01 sys=0.00, real=0.00 secs] 
76.467: [GC (Allocation Failure) [PSYoungGen: 270901K->183916K(465920K)] 885913K->800181K(1658368K), 0.0199258 secs] [Times: user=0.03 sys=0.00, real=0.02 secs] 
76.757: [GC (Allocation Failure) [PSYoungGen: 416876K->184462K(465920K)] 1033141K->801000K(1658368K), 0.0199911 secs] [Times: user=0.03 sys=0.00, real=0.02 secs] 
79.131: [GC (Allocation Failure) [PSYoungGen: 409662K->92415K(465920K)] 1026200K->709234K(1658368K), 0.0243158 secs] [Times: user=0.05 sys=0.00, real=0.02 secs] 
81.069: [GC (Allocation Failure) [PSYoungGen: 325375K->37716K(465920K)] 942194K->654857K(1658368K), 0.0063990 secs] [Times: user=0.02 sys=0.00, real=0.00 secs] 
81.355: [GC (Allocation Failure) [PSYoungGen: 270676K->183948K(465920K)] 887817K->802334K(1658368K), 0.0200230 secs] [Times: user=0.02 sys=0.00, real=0.02 secs] 
81.694: [GC (Allocation Failure) [PSYoungGen: 416908K->184558K(465920K)] 1035294K->803218K(1658368K), 0.0201161 secs] [Times: user=0.03 sys=0.00, real=0.02 secs] 
83.608: [GC (Allocation Failure) [PSYoungGen: 409865K->92496K(465920K)] 1028525K->711428K(1658368K), 0.0119973 secs] [Times: user=0.02 sys=0.00, real=0.01 secs] 
85.419: [GC (Allocation Failure) [PSYoungGen: 325456K->37877K(465920K)] 944388K->657123K(1658368K), 0.0079212 secs] [Times: user=0.02 sys=0.00, real=0.00 secs] 
85.744: [GC (Allocation Failure) [PSYoungGen: 270837K->184173K(465920K)] 890083K->804680K(1658368K), 0.0199741 secs] [Times: user=0.03 sys=0.00, real=0.02 secs] 
86.030: [GC (Allocation Failure) [PSYoungGen: 417133K->184558K(465920K)] 1037640K->805468K(1658368K), 0.0201184 secs] [Times: user=0.02 sys=0.00, real=0.02 secs] 
86.891: [GC (Allocation Failure) [PSYoungGen: 410099K->92078K(465920K)] 1031009K->713140K(1658368K), 0.0121202 secs] [Times: user=0.02 sys=0.00, real=0.01 secs] 
87.789: [GC (Allocation Failure) [PSYoungGen: 325038K->38034K(465920K)] 946100K->659410K(1658368K), 0.0053068 secs] [Times: user=0.01 sys=0.00, real=0.00 secs] 
88.062: [GC (Allocation Failure) [PSYoungGen: 270994K->184815K(465920K)] 892370K->807444K(1658368K), 0.0202528 secs] [Times: user=0.03 sys=0.00, real=0.02 secs] 
88.347: [GC (Allocation Failure) [PSYoungGen: 417775K->184558K(465920K)] 1040404K->807460K(1658368K), 0.0200764 secs] [Times: user=0.03 sys=0.00, real=0.02 secs] 
89.706: [GC (Allocation Failure) [PSYoungGen: 406834K->91387K(465920K)] 1029737K->714691K(1658368K), 0.0169922 secs] [Times: user=0.03 sys=0.00, real=0.02 secs] 
91.629: [GC (Allocation Failure) [PSYoungGen: 324347K->37973K(465920K)] 947651K->661446K(1658368K), 0.0064354 secs] [Times: user=0.01 sys=0.00, real=0.00 secs] 
91.910: [GC (Allocation Failure) [PSYoungGen: 270933K->184687K(465920K)] 894406K->809405K(1658368K), 0.0204442 secs] [Times: user=0.03 sys=0.00, real=0.02 secs] 
92.201: [GC (Allocation Failure) [PSYoungGen: 417647K->184430K(465920K)] 1042365K->809421K(1658368K), 0.0202296 secs] [Times: user=0.03 sys=0.00, real=0.02 secs] 
92.835: [GC (Allocation Failure) [PSYoungGen: 406892K->91644K(465920K)] 1031883K->716909K(1658368K), 0.0113019 secs] [Times: user=0.02 sys=0.00, real=0.01 secs] 
93.646: [GC (Allocation Failure) [PSYoungGen: 324604K->37973K(465920K)] 949869K->663530K(1658368K), 0.0053860 secs] [Times: user=0.01 sys=0.00, real=0.01 secs] 
93.975: [GC (Allocation Failure) [PSYoungGen: 270933K->184783K(465920K)] 896490K->811585K(1658368K), 0.0204337 secs] [Times: user=0.02 sys=0.00, real=0.02 secs] 
94.323: [GC (Allocation Failure) [PSYoungGen: 417743K->184623K(465920K)] 1044545K->811706K(1658368K), 0.0206677 secs] [Times: user=0.03 sys=0.00, real=0.02 secs] 
95.420: [GC (Allocation Failure) [PSYoungGen: 407164K->91323K(465920K)] 1034247K->718672K(1658368K), 0.0145648 secs] [Times: user=0.03 sys=0.00, real=0.01 secs] 
96.773: [GC (Allocation Failure) [PSYoungGen: 324283K->37877K(465920K)] 951632K->665539K(1658368K), 0.0063649 secs] [Times: user=0.01 sys=0.00, real=0.01 secs] 
97.054: [GC (Allocation Failure) [PSYoungGen: 270837K->184687K(465920K)] 898499K->813731K(1658368K), 0.0202231 secs] [Times: user=0.03 sys=0.00, real=0.02 secs] 
97.340: [GC (Allocation Failure) [PSYoungGen: 417647K->184719K(465920K)] 1046691K->813908K(1658368K), 0.0200697 secs] [Times: user=0.03 sys=0.00, real=0.02 secs] 
98.040: [GC (Allocation Failure) [PSYoungGen: 407275K->91484K(465920K)] 1036464K->720946K(1658368K), 0.0110700 secs] [Times: user=0.02 sys=0.00, real=0.01 secs] 
98.933: [GC (Allocation Failure) [PSYoungGen: 324444K->38230K(465920K)] 953906K->668006K(1658368K), 0.0053689 secs] [Times: user=0.02 sys=0.00, real=0.01 secs] 
99.262: [GC (Allocation Failure) [PSYoungGen: 271190K->184687K(465920K)] 900966K->815845K(1658368K), 0.0204646 secs] [Times: user=0.03 sys=0.00, real=0.02 secs] 
99.611: [GC (Allocation Failure) [PSYoungGen: 417647K->184719K(465920K)] 1048805K->816021K(1658368K), 0.0203137 secs] [Times: user=0.03 sys=0.00, real=0.02 secs] 
100.306: [GC (Allocation Failure) [PSYoungGen: 407021K->91082K(465920K)] 1038324K->722649K(1658368K), 0.0105520 secs] [Times: user=0.02 sys=0.00, real=0.01 secs] 
101.125: [GC (Allocation Failure) [PSYoungGen: 324042K->37748K(465920K)] 955609K->669629K(1658368K), 0.0053046 secs] [Times: user=0.01 sys=0.00, real=0.01 secs] 
101.395: [GC (Allocation Failure) [PSYoungGen: 270708K->183916K(465920K)] 902589K->817050K(1658368K), 0.0200863 secs] [Times: user=0.03 sys=0.00, real=0.02 secs] 
101.679: [GC (Allocation Failure) [PSYoungGen: 416876K->184494K(465920K)] 1050010K->817901K(1658368K), 0.0199593 secs] [Times: user=0.03 sys=0.00, real=0.02 secs] 
102.329: [GC (Allocation Failure) [PSYoungGen: 409711K->92624K(465920K)] 1043119K->726297K(1658368K), 0.0159238 secs] [Times: user=0.03 sys=0.00, real=0.01 secs] 
103.145: [GC (Allocation Failure) [PSYoungGen: 325584K->38134K(465920K)] 959257K->672112K(1658368K), 0.0053757 secs] [Times: user=0.01 sys=0.00, real=0.01 secs] 
103.478: [GC (Allocation Failure) [PSYoungGen: 271094K->184430K(465920K)] 905072K->819662K(1658368K), 0.0202099 secs] [Times: user=0.03 sys=0.00, real=0.02 secs] 
103.763: [GC (Allocation Failure) [PSYoungGen: 417390K->184719K(465920K)] 1052622K->820224K(1658368K), 0.0201935 secs] [Times: user=0.03 sys=0.00, real=0.02 secs] 
105.752: [GC (Allocation Failure) [PSYoungGen: 407205K->91516K(465920K)] 1042711K->727294K(1658368K), 0.0189064 secs] [Times: user=0.04 sys=0.00, real=0.02 secs] 
107.056: [GC (Allocation Failure) [PSYoungGen: 324476K->37845K(465920K)] 960254K->673937K(1658368K), 0.0062116 secs] [Times: user=0.01 sys=0.00, real=0.01 secs] 
107.335: [GC (Allocation Failure) [PSYoungGen: 270805K->184430K(465920K)] 906897K->821767K(1658368K), 0.0200787 secs] [Times: user=0.03 sys=0.00, real=0.02 secs] 
107.621: [GC (Allocation Failure) [PSYoungGen: 417390K->184076K(465920K)] 1054727K->821695K(1658368K), 0.0200766 secs] [Times: user=0.03 sys=0.00, real=0.02 secs] 
109.427: [GC (Allocation Failure) [PSYoungGen: 409246K->92367K(465920K)] 1046865K->730259K(1658368K), 0.0189316 secs] [Times: user=0.04 sys=0.00, real=0.01 secs] 
111.632: [GC (Allocation Failure) [PSYoungGen: 325327K->37456K(465920K)] 963219K->675656K(1658368K), 0.0074873 secs] [Times: user=0.02 sys=0.00, real=0.01 secs] 
111.951: [GC (Allocation Failure) [PSYoungGen: 270416K->184687K(465920K)] 908616K->824132K(1658368K), 0.0202418 secs] [Times: user=0.03 sys=0.00, real=0.02 secs] 
112.291: [GC (Allocation Failure) [PSYoungGen: 417647K->184751K(465920K)] 1057092K->824469K(1658368K), 0.0201673 secs] [Times: user=0.02 sys=0.00, real=0.02 secs] 
114.334: [GC (Allocation Failure) [PSYoungGen: 407344K->91853K(465920K)] 1047062K->731844K(1658368K), 0.0142435 secs] [Times: user=0.03 sys=0.00, real=0.02 secs] 
116.292: [GC (Allocation Failure) [PSYoungGen: 324813K->37331K(465920K)] 964804K->677637K(1658368K), 0.0062280 secs] [Times: user=0.01 sys=0.00, real=0.01 secs] 
116.578: [GC (Allocation Failure) [PSYoungGen: 270291K->184719K(465920K)] 910597K->826263K(1658368K), 0.0201067 secs] [Times: user=0.03 sys=0.00, real=0.02 secs] 
116.864: [GC (Allocation Failure) [PSYoungGen: 417679K->184623K(465920K)] 1059223K->826432K(1658368K), 0.0203061 secs] [Times: user=0.03 sys=0.00, real=0.02 secs] 
119.371: [GC (Allocation Failure) [PSYoungGen: 409741K->91966K(465920K)] 1051550K->734040K(1658368K), 0.0190316 secs] [Times: user=0.04 sys=0.00, real=0.02 secs] 
120.676: [GC (Allocation Failure) [PSYoungGen: 324926K->38034K(465920K)] 967000K->680411K(1658368K), 0.0055372 secs] [Times: user=0.01 sys=0.00, real=0.01 secs] 
120.950: [GC (Allocation Failure) [PSYoungGen: 270994K->184687K(465920K)] 913371K->828309K(1658368K), 0.0202662 secs] [Times: user=0.02 sys=0.00, real=0.02 secs] 
121.241: [GC (Allocation Failure) [PSYoungGen: 417647K->184719K(465920K)] 1061269K->828622K(1658368K), 0.0203089 secs] [Times: user=0.03 sys=0.00, real=0.02 secs] 
122.552: [GC (Allocation Failure) [PSYoungGen: 407276K->91355K(465920K)] 1051179K->735523K(1658368K), 0.0136640 secs] [Times: user=0.03 sys=0.00, real=0.01 secs] 
124.182: [GC (Allocation Failure) [PSYoungGen: 324315K->37491K(465920K)] 968483K->681957K(1658368K), 0.0065197 secs] [Times: user=0.02 sys=0.00, real=0.01 secs] 
124.467: [GC (Allocation Failure) [PSYoungGen: 270451K->183787K(465920K)] 914917K->829515K(1658368K), 0.0201690 secs] [Times: user=0.03 sys=0.00, real=0.02 secs] 
124.757: [GC (Allocation Failure) [PSYoungGen: 416747K->184430K(465920K)] 1062475K->830430K(1658368K), 0.0202400 secs] [Times: user=0.03 sys=0.00, real=0.02 secs] 
125.467: [GC (Allocation Failure) [PSYoungGen: 409645K->93010K(465920K)] 1055645K->739284K(1658368K), 0.0124580 secs] [Times: user=0.02 sys=0.00, real=0.02 secs] 
126.398: [GC (Allocation Failure) [PSYoungGen: 325970K->37941K(465920K)] 972244K->684515K(1658368K), 0.0054931 secs] [Times: user=0.01 sys=0.00, real=0.00 secs] 
126.668: [GC (Allocation Failure) [PSYoungGen: 270901K->184687K(465920K)] 917475K->832514K(1658368K), 0.0201171 secs] [Times: user=0.03 sys=0.00, real=0.02 secs] 
126.959: [GC (Allocation Failure) [PSYoungGen: 417647K->184719K(465920K)] 1065474K->832964K(1658368K), 0.0200908 secs] [Times: user=0.03 sys=0.00, real=0.02 secs] 
127.942: [GC (Allocation Failure) [PSYoungGen: 408127K->91419K(465920K)] 1056372K->739937K(1658368K), 0.0186330 secs] [Times: user=0.03 sys=0.00, real=0.02 secs] 
129.937: [GC (Allocation Failure) [PSYoungGen: 324379K->37716K(465920K)] 972897K->686414K(1658368K), 0.0082535 secs] [Times: user=0.02 sys=0.00, real=0.01 secs] 
130.265: [GC (Allocation Failure) [PSYoungGen: 270676K->184815K(465920K)] 919374K->834766K(1658368K), 0.0201379 secs] [Times: user=0.03 sys=0.00, real=0.02 secs] 
130.607: [GC (Allocation Failure) [PSYoungGen: 417775K->184558K(465920K)] 1067726K->834782K(1658368K), 0.0201615 secs] [Times: user=0.02 sys=0.00, real=0.02 secs] 
131.311: [GC (Allocation Failure) [PSYoungGen: 407097K->91644K(465920K)] 1057322K->742270K(1658368K), 0.0164452 secs] [Times: user=0.03 sys=0.00, real=0.02 secs] 
132.195: [GC (Allocation Failure) [PSYoungGen: 324604K->38230K(465920K)] 975230K->689041K(1658368K), 0.0063532 secs] [Times: user=0.02 sys=0.00, real=0.01 secs] 
132.542: [GC (Allocation Failure) [PSYoungGen: 271190K->184687K(465920K)] 922001K->836751K(1658368K), 0.0202518 secs] [Times: user=0.03 sys=0.00, real=0.02 secs] 
132.826: [GC (Allocation Failure) [PSYoungGen: 417647K->184462K(465920K)] 1069711K->836807K(1658368K), 0.0202077 secs] [Times: user=0.03 sys=0.00, real=0.02 secs] 
133.567: [GC (Allocation Failure) [PSYoungGen: 406923K->91355K(465920K)] 1059269K->743974K(1658368K), 0.0124640 secs] [Times: user=0.02 sys=0.00, real=0.02 secs] 
135.075: [GC (Allocation Failure) [PSYoungGen: 324315K->37360K(465920K)] 976934K->690272K(1658368K), 0.0080391 secs] [Times: user=0.02 sys=0.00, real=0.01 secs] 
135.402: [GC (Allocation Failure) [PSYoungGen: 270320K->183884K(465920K)] 923232K->838058K(1658368K), 0.0200291 secs] [Times: user=0.03 sys=0.00, real=0.02 secs] 
135.690: [GC (Allocation Failure) [PSYoungGen: 416844K->184847K(465920K)] 1071018K->839294K(1658368K), 0.0202636 secs] [Times: user=0.03 sys=0.01, real=0.02 secs] 
136.476: [GC (Allocation Failure) [PSYoungGen: 410270K->92640K(465920K)] 1064717K->747360K(1658368K), 0.0143281 secs] [Times: user=0.03 sys=0.01, real=0.02 secs] 
137.280: [GC (Allocation Failure) [PSYoungGen: 325600K->38005K(465920K)] 980320K->693047K(1658368K), 0.0053737 secs] [Times: user=0.02 sys=0.00, real=0.00 secs] 
137.551: [GC (Allocation Failure) [PSYoungGen: 270965K->184558K(465920K)] 926007K->840846K(1658368K), 0.0203122 secs] [Times: user=0.02 sys=0.00, real=0.02 secs] 
137.901: [GC (Allocation Failure) [PSYoungGen: 417518K->184333K(465920K)] 1073806K->840894K(1658368K), 0.0202815 secs] [Times: user=0.03 sys=0.00, real=0.02 secs] 
138.961: [GC (Allocation Failure) [PSYoungGen: 409207K->91869K(465920K)] 1065768K->748703K(1658368K), 0.0150129 secs] [Times: user=0.03 sys=0.00, real=0.01 secs] 
140.543: [GC (Allocation Failure) [PSYoungGen: 324829K->37684K(465920K)] 981663K->694831K(1658368K), 0.0067168 secs] [Times: user=0.01 sys=0.00, real=0.01 secs] 
140.833: [GC (Allocation Failure) [PSYoungGen: 270644K->184430K(465920K)] 927791K->842951K(1658368K), 0.0202739 secs] [Times: user=0.03 sys=0.00, real=0.02 secs] 
141.120: [GC (Allocation Failure) [PSYoungGen: 417390K->184333K(465920K)] 1075911K->842999K(1658368K), 0.0203855 secs] [Times: user=0.02 sys=0.00, real=0.02 secs] 
143.137: [GC (Allocation Failure) [PSYoungGen: 409451K->92239K(465920K)] 1068117K->751178K(1658368K), 0.0164876 secs] [Times: user=0.04 sys=0.00, real=0.01 secs] 
144.321: [GC (Allocation Failure) [PSYoungGen: 325199K->37877K(465920K)] 984138K->697129K(1658368K), 0.0068946 secs] [Times: user=0.01 sys=0.00, real=0.01 secs] 
144.693: [GC (Allocation Failure) [PSYoungGen: 270837K->184687K(465920K)] 930089K->845185K(1658368K), 0.0201254 secs] [Times: user=0.02 sys=0.00, real=0.02 secs] 
144.980: [GC (Allocation Failure) [PSYoungGen: 417647K->184655K(465920K)] 1078145K->845426K(1658368K), 0.0203288 secs] [Times: user=0.03 sys=0.00, real=0.02 secs] 
146.681: [GC (Allocation Failure) [PSYoungGen: 407212K->91516K(465920K)] 1067984K->752560K(1658368K), 0.0123046 secs] [Times: user=0.02 sys=0.00, real=0.01 secs] 
147.474: [GC (Allocation Failure) [PSYoungGen: 324476K->38005K(465920K)] 985520K->699366K(1658368K), 0.0053532 secs] [Times: user=0.01 sys=0.00, real=0.01 secs] 
147.745: [GC (Allocation Failure) [PSYoungGen: 270965K->184687K(465920K)] 932326K->847301K(1658368K), 0.0200703 secs] [Times: user=0.02 sys=0.00, real=0.02 secs] 
148.034: [GC (Allocation Failure) [PSYoungGen: 417647K->184687K(465920K)] 1080261K->847574K(1658368K), 0.0202270 secs] [Times: user=0.03 sys=0.00, real=0.02 secs] 
150.452: [GC (Allocation Failure) [PSYoungGen: 407239K->91387K(465920K)] 1070126K->754539K(1658368K), 0.0259103 secs] [Times: user=0.05 sys=0.00, real=0.03 secs] 
152.302: [GC (Allocation Failure) [PSYoungGen: 324347K->37845K(465920K)] 987499K->701303K(1658368K), 0.0075059 secs] [Times: user=0.02 sys=0.00, real=0.01 secs] 
152.615: [GC (Allocation Failure) [PSYoungGen: 270805K->183658K(465920K)] 934263K->848362K(1658368K), 0.0201321 secs] [Times: user=0.03 sys=0.00, real=0.02 secs] 
152.901: [GC (Allocation Failure) [PSYoungGen: 416618K->184687K(465920K)] 1081322K->849671K(1658368K), 0.0202185 secs] [Times: user=0.03 sys=0.00, real=0.02 secs] 
153.520: [GC (Allocation Failure) [PSYoungGen: 410057K->92544K(465920K)] 1075042K->757801K(1658368K), 0.0125570 secs] [Times: user=0.02 sys=0.00, real=0.01 secs] 
154.957: [GC (Allocation Failure) [PSYoungGen: 325504K->37748K(465920K)] 990761K->703321K(1658368K), 0.0069006 secs] [Times: user=0.02 sys=0.00, real=0.01 secs] 
155.255: [GC (Allocation Failure) [PSYoungGen: 270708K->184205K(465920K)] 936281K->851040K(1658368K), 0.0202324 secs] [Times: user=0.03 sys=0.00, real=0.02 secs] 
155.599: [GC (Allocation Failure) [PSYoungGen: 417165K->184590K(465920K)] 1084000K->851706K(1658368K), 0.0202860 secs] [Times: user=0.03 sys=0.00, real=0.02 secs] 
156.531: [GC (Allocation Failure) [PSYoungGen: 408168K->92319K(465920K)] 1075284K->759708K(1658368K), 0.0130755 secs] [Times: user=0.02 sys=0.00, real=0.01 secs] 
157.433: [GC (Allocation Failure) [PSYoungGen: 325279K->37845K(465920K)] 992668K->705542K(1658368K), 0.0053750 secs] [Times: user=0.01 sys=0.00, real=0.01 secs] 
157.703: [GC (Allocation Failure) [PSYoungGen: 270805K->183626K(465920K)] 938502K->852577K(1658368K), 0.0200222 secs] [Times: user=0.03 sys=0.00, real=0.02 secs] 
157.987: [GC (Allocation Failure) [PSYoungGen: 416586K->184526K(465920K)] 1085537K->853750K(1658368K), 0.0202582 secs] [Times: user=0.02 sys=0.00, real=0.02 secs] 
158.700: [GC (Allocation Failure) [PSYoungGen: 409964K->92672K(465920K)] 1079188K->762169K(1658368K), 0.0112522 secs] [Times: user=0.02 sys=0.00, real=0.01 secs] 
159.510: [GC (Allocation Failure) [PSYoungGen: 325632K->38134K(465920K)] 995129K->707944K(1658368K), 0.0056106 secs] [Times: user=0.01 sys=0.00, real=0.00 secs] 
159.781: [GC (Allocation Failure) [PSYoungGen: 271094K->184558K(465920K)] 940904K->855743K(1658368K), 0.0201670 secs] [Times: user=0.03 sys=0.00, real=0.02 secs] 
160.124: [GC (Allocation Failure) [PSYoungGen: 417518K->184719K(465920K)] 1088703K->856056K(1658368K), 0.0200930 secs] [Times: user=0.03 sys=0.00, real=0.02 secs] 
162.093: [GC (Allocation Failure) [PSYoungGen: 407296K->91339K(465920K)] 1078634K->762941K(1658368K), 0.0248017 secs] [Times: user=0.05 sys=0.01, real=0.03 secs] 
163.723: [GC (Allocation Failure) [PSYoungGen: 324299K->37813K(465920K)] 995901K->709729K(1658368K), 0.0065408 secs] [Times: user=0.01 sys=0.00, real=0.01 secs] 
164.006: [GC (Allocation Failure) [PSYoungGen: 270773K->184783K(465920K)] 942689K->858073K(1658368K), 0.0201997 secs] [Times: user=0.02 sys=0.00, real=0.02 secs] 
164.297: [GC (Allocation Failure) [PSYoungGen: 417743K->184623K(465920K)] 1091033K->858202K(1658368K), 0.0203343 secs] [Times: user=0.02 sys=0.00, real=0.03 secs] 
166.074: [GC (Allocation Failure) [PSYoungGen: 407258K->91484K(465920K)] 1080837K->765199K(1658368K), 0.0236759 secs] [Times: user=0.04 sys=0.00, real=0.03 secs] 
168.327: [GC (Allocation Failure) [PSYoungGen: 324444K->37845K(465920K)] 998159K->711866K(1658368K), 0.0073882 secs] [Times: user=0.01 sys=0.00, real=0.00 secs] 
168.715: [GC (Allocation Failure) [PSYoungGen: 270805K->184687K(465920K)] 944826K->859954K(1658368K), 0.0202967 secs] [Times: user=0.03 sys=0.00, real=0.02 secs] 
169.000: [GC (Allocation Failure) [PSYoungGen: 417647K->184719K(465920K)] 1092914K->860259K(1658368K), 0.0203901 secs] [Times: user=0.03 sys=0.00, real=0.02 secs] 
169.782: [GC (Allocation Failure) [PSYoungGen: 407266K->91531K(465920K)] 1082806K->767345K(1658368K), 0.0117418 secs] [Times: user=0.03 sys=0.00, real=0.01 secs] 
171.469: [GC (Allocation Failure) [PSYoungGen: 324491K->37716K(465920K)] 1000305K->713843K(1658368K), 0.0066942 secs] [Times: user=0.01 sys=0.00, real=0.00 secs] 
171.763: [GC (Allocation Failure) [PSYoungGen: 270676K->183916K(465920K)] 946803K->861288K(1658368K), 0.0202758 secs] [Times: user=0.03 sys=0.00, real=0.02 secs] 
172.047: [GC (Allocation Failure) [PSYoungGen: 416876K->184430K(465920K)] 1094248K->862083K(1658368K), 0.0204084 secs] [Times: user=0.02 sys=0.00, real=0.02 secs] 
173.408: [GC (Allocation Failure) [PSYoungGen: 409636K->92672K(465920K)] 1087290K->770591K(1658368K), 0.0165545 secs] [Times: user=0.03 sys=0.00, real=0.01 secs] 
174.241: [GC (Allocation Failure) [PSYoungGen: 325632K->37973K(465920K)] 1003551K->716192K(1658368K), 0.0081502 secs] [Times: user=0.02 sys=0.00, real=0.01 secs] 
174.607: [GC (Allocation Failure) [PSYoungGen: 270933K->184687K(465920K)] 949152K->864159K(1658368K), 0.0204649 secs] [Times: user=0.02 sys=0.00, real=0.02 secs] 
174.899: [GC (Allocation Failure) [PSYoungGen: 417647K->184719K(465920K)] 1097119K->864600K(1658368K), 0.0201943 secs] [Times: user=0.03 sys=0.00, real=0.02 secs] 
176.987: [GC (Allocation Failure) [PSYoungGen: 407155K->91355K(465920K)] 1087037K->771502K(1658368K), 0.0245949 secs] [Times: user=0.05 sys=0.00, real=0.02 secs] 
179.282: [GC (Allocation Failure) [PSYoungGen: 324315K->37973K(465920K)] 1004462K->718297K(1658368K), 0.0069671 secs] [Times: user=0.02 sys=0.00, real=0.01 secs] 
179.573: [GC (Allocation Failure) [PSYoungGen: 270933K->183787K(465920K)] 951257K->865365K(1658368K), 0.0201400 secs] [Times: user=0.03 sys=0.00, real=0.02 secs] 
179.858: [GC (Allocation Failure) [PSYoungGen: 416747K->184623K(465920K)] 1098325K->866473K(1658368K), 0.0202515 secs] [Times: user=0.03 sys=0.00, real=0.02 secs] 
180.594: [GC (Allocation Failure) [PSYoungGen: 410045K->92287K(465920K)] 1091896K->774410K(1658368K), 0.0106691 secs] [Times: user=0.02 sys=0.00, real=0.01 secs] 
182.189: [GC (Allocation Failure) [PSYoungGen: 325247K->37299K(465920K)] 1007370K->719744K(1658368K), 0.0062707 secs] [Times: user=0.01 sys=0.00, real=0.00 secs] 
182.469: [GC (Allocation Failure) [PSYoungGen: 270259K->184173K(465920K)] 952704K->867872K(1658368K), 0.0202768 secs] [Times: user=0.02 sys=0.00, real=0.02 secs] 
182.758: [GC (Allocation Failure) [PSYoungGen: 417133K->184558K(465920K)] 1100832K->868530K(1658368K), 0.0203016 secs] [Times: user=0.02 sys=0.00, real=0.02 secs] 
183.972: [GC (Allocation Failure) [PSYoungGen: 408289K->92640K(465920K)] 1092261K->776877K(1658368K), 0.0117719 secs] [Times: user=0.02 sys=0.00, real=0.01 secs] 
185.540: [GC (Allocation Failure) [PSYoungGen: 325600K->37427K(465920K)] 1009837K->721964K(1658368K), 0.0064263 secs] [Times: user=0.01 sys=0.00, real=0.00 secs] 
185.818: [GC (Allocation Failure) [PSYoungGen: 270387K->184430K(465920K)] 954924K->870212K(1658368K), 0.0202493 secs] [Times: user=0.03 sys=0.00, real=0.02 secs] 
186.103: [GC (Allocation Failure) [PSYoungGen: 417390K->184365K(465920K)] 1103172K->870421K(1658368K), 0.0201919 secs] [Times: user=0.02 sys=0.00, real=0.02 secs] 
187.404: [GC (Allocation Failure) [PSYoungGen: 409403K->92544K(465920K)] 1095458K->779001K(1658368K), 0.0152461 secs] [Times: user=0.03 sys=0.00, real=0.02 secs] 
189.180: [GC (Allocation Failure) [PSYoungGen: 325504K->37716K(465920K)] 1011961K->724350K(1658368K), 0.0066716 secs] [Times: user=0.01 sys=0.00, real=0.00 secs] 
189.464: [GC (Allocation Failure) [PSYoungGen: 270676K->184044K(465920K)] 957310K->871932K(1658368K), 0.0203926 secs] [Times: user=0.03 sys=0.00, real=0.02 secs] 
189.753: [GC (Allocation Failure) [PSYoungGen: 417004K->184815K(465920K)] 1104892K->872984K(1658368K), 0.0203447 secs] [Times: user=0.03 sys=0.00, real=0.02 secs] 
190.371: [GC (Allocation Failure) [PSYoungGen: 408083K->92126K(465920K)] 1096252K->780560K(1658368K), 0.0107208 secs] [Times: user=0.02 sys=0.00, real=0.01 secs] 
191.161: [GC (Allocation Failure) [PSYoungGen: 325086K->37906K(465920K)] 1013520K->726669K(1658368K), 0.0054189 secs] [Times: user=0.02 sys=0.00, real=0.00 secs] 
191.432: [GC (Allocation Failure) [PSYoungGen: 270866K->184301K(465920K)] 959629K->874439K(1658368K), 0.0202706 secs] [Times: user=0.02 sys=0.00, real=0.02 secs] 
191.718: [GC (Allocation Failure) [PSYoungGen: 417261K->184558K(465920K)] 1107399K->874848K(1658368K), 0.0202147 secs] [Times: user=0.02 sys=0.00, real=0.02 secs] 
192.737: [GC (Allocation Failure) [PSYoungGen: 409712K->92030K(465920K)] 1100003K->782593K(1658368K), 0.0238487 secs] [Times: user=0.05 sys=0.00, real=0.02 secs] 
194.222: [GC (Allocation Failure) [PSYoungGen: 324990K->37877K(465920K)] 1015553K->728754K(1658368K), 0.0064631 secs] [Times: user=0.01 sys=0.00, real=0.01 secs] 
194.567: [GC (Allocation Failure) [PSYoungGen: 270837K->184301K(465920K)] 961714K->876440K(1658368K), 0.0205913 secs] [Times: user=0.03 sys=0.00, real=0.03 secs] 
194.860: [GC (Allocation Failure) [PSYoungGen: 417261K->184526K(465920K)] 1109400K->877066K(1658368K), 0.0202753 secs] [Times: user=0.03 sys=0.00, real=0.02 secs] 
197.808: [GC (Allocation Failure) [PSYoungGen: 407517K->91998K(465920K)] 1100057K->784682K(1658368K), 0.0134256 secs] [Times: user=0.03 sys=0.00, real=0.01 secs] 
199.043: [GC (Allocation Failure) [PSYoungGen: 324958K->37845K(465920K)] 1017642K->730835K(1658368K), 0.0083646 secs] [Times: user=0.02 sys=0.01, real=0.01 secs] 
199.387: [GC (Allocation Failure) [PSYoungGen: 270805K->184462K(465920K)] 963795K->878706K(1658368K), 0.0204447 secs] [Times: user=0.03 sys=0.00, real=0.03 secs] 
199.679: [GC (Allocation Failure) [PSYoungGen: 417422K->184526K(465920K)] 1111666K->879043K(1658368K), 0.0203934 secs] [Times: user=0.03 sys=0.00, real=0.02 secs] 
200.743: [GC (Allocation Failure) [PSYoungGen: 407069K->91853K(465920K)] 1101587K->786643K(1658368K), 0.0257586 secs] [Times: user=0.06 sys=0.00, real=0.03 secs] 
201.826: [GC (Allocation Failure) [PSYoungGen: 324813K->38005K(465920K)] 1019603K->733101K(1658368K), 0.0054739 secs] [Times: user=0.02 sys=0.00, real=0.01 secs] 
202.096: [GC (Allocation Failure) [PSYoungGen: 270965K->184430K(465920K)] 966061K->880771K(1658368K), 0.0202248 secs] [Times: user=0.03 sys=0.00, real=0.02 secs] 
202.384: [GC (Allocation Failure) [PSYoungGen: 417390K->184269K(465920K)] 1113731K->880884K(1658368K), 0.0200559 secs] [Times: user=0.03 sys=0.00, real=0.02 secs] 
204.324: [GC (Allocation Failure) [PSYoungGen: 409336K->91998K(465920K)] 1105951K->789006K(1658368K), 0.0121148 secs] [Times: user=0.03 sys=0.00, real=0.01 secs] 
205.488: [GC (Allocation Failure) [PSYoungGen: 324958K->37716K(465920K)] 1021966K->734912K(1658368K), 0.0082786 secs] [Times: user=0.02 sys=0.00, real=0.00 secs] 
205.898: [GC (Allocation Failure) [PSYoungGen: 270676K->184173K(465920K)] 967872K->882614K(1658368K), 0.0201877 secs] [Times: user=0.03 sys=0.00, real=0.02 secs] 
206.184: [GC (Allocation Failure) [PSYoungGen: 417133K->184912K(465920K)] 1115574K->883626K(1658368K), 0.0202667 secs] [Times: user=0.03 sys=0.00, real=0.02 secs] 
207.167: [GC (Allocation Failure) [PSYoungGen: 407822K->91901K(465920K)] 1106536K->790896K(1658368K), 0.0135398 secs] [Times: user=0.02 sys=0.00, real=0.02 secs] 
209.059: [GC (Allocation Failure) [PSYoungGen: 324861K->37588K(465920K)] 1023856K->736888K(1658368K), 0.0085956 secs] [Times: user=0.02 sys=0.00, real=0.01 secs] 
209.387: [GC (Allocation Failure) [PSYoungGen: 270548K->184944K(465920K)] 969848K->885490K(1658368K), 0.0204303 secs] [Times: user=0.03 sys=0.00, real=0.02 secs] 
209.678: [GC (Allocation Failure) [PSYoungGen: 417904K->184301K(465920K)] 1118450K->885129K(1658368K), 0.0201036 secs] [Times: user=0.02 sys=0.00, real=0.02 secs] 
211.014: [GC (Allocation Failure) [PSYoungGen: 409462K->91869K(465920K)] 1110289K->793090K(1658368K), 0.0187060 secs] [Times: user=0.04 sys=0.00, real=0.02 secs] 
212.500: [GC (Allocation Failure) [PSYoungGen: 324829K->37588K(465920K)] 1026050K->738994K(1658368K), 0.0066066 secs] [Times: user=0.01 sys=0.00, real=0.00 secs] 
212.784: [GC (Allocation Failure) [PSYoungGen: 270548K->184173K(465920K)] 971954K->886816K(1658368K), 0.0202308 secs] [Times: user=0.02 sys=0.00, real=0.02 secs] 
213.069: [GC (Allocation Failure) [PSYoungGen: 417133K->184558K(465920K)] 1119776K->887475K(1658368K), 0.0202489 secs] [Times: user=0.03 sys=0.00, real=0.02 secs] 
214.363: [GC (Allocation Failure) [PSYoungGen: 408176K->92415K(465920K)] 1111093K->795605K(1658368K), 0.0113109 secs] [Times: user=0.03 sys=0.00, real=0.01 secs] 
216.081: [GC (Allocation Failure) [PSYoungGen: 325375K->37299K(465920K)] 1028565K->740789K(1658368K), 0.0064759 secs] [Times: user=0.02 sys=0.00, real=0.01 secs] 
216.364: [GC (Allocation Failure) [PSYoungGen: 270259K->184430K(465920K)] 973749K->889294K(1658368K), 0.0202583 secs] [Times: user=0.02 sys=0.00, real=0.02 secs] 
216.649: [GC (Allocation Failure) [PSYoungGen: 417390K->184558K(465920K)] 1122254K->889567K(1658368K), 0.0203103 secs] [Times: user=0.03 sys=0.00, real=0.02 secs] 
219.185: [GC (Allocation Failure) [PSYoungGen: 408155K->92415K(465920K)] 1113164K->797697K(1658368K), 0.0195597 secs] [Times: user=0.04 sys=0.00, real=0.02 secs] 
221.689: [GC (Allocation Failure) [PSYoungGen: 325375K->37202K(465920K)] 1030657K->742789K(1658368K), 0.0090424 secs] [Times: user=0.02 sys=0.00, real=0.01 secs] 
222.032: [GC (Allocation Failure) [PSYoungGen: 270162K->184687K(465920K)] 975749K->891520K(1658368K), 0.0203000 secs] [Times: user=0.03 sys=0.00, real=0.02 secs] 
222.319: [GC (Allocation Failure) [PSYoungGen: 417647K->186486K(465920K)] 1124480K->893729K(1658368K), 0.0205801 secs] [Times: user=0.03 sys=0.00, real=0.02 secs] 
223.707: [GC (Allocation Failure) [PSYoungGen: 408283K->90327K(465920K)] 1115525K->797842K(1658368K), 0.0145744 secs] [Times: user=0.03 sys=0.00, real=0.02 secs] 
225.362: [GC (Allocation Failure) [PSYoungGen: 323287K->37716K(465920K)] 1030802K->745411K(1658368K), 0.0068504 secs] [Times: user=0.01 sys=0.00, real=0.01 secs] 
225.652: [GC (Allocation Failure) [PSYoungGen: 270676K->184558K(465920K)] 978371K->893515K(1658368K), 0.0202349 secs] [Times: user=0.03 sys=0.00, real=0.02 secs] 
225.999: [GC (Allocation Failure) [PSYoungGen: 417518K->184173K(465920K)] 1126475K->893402K(1658368K), 0.0201804 secs] [Times: user=0.02 sys=0.00, real=0.02 secs] 
227.022: [GC (Allocation Failure) [PSYoungGen: 409500K->92255K(465920K)] 1118729K->801757K(1658368K), 0.0156725 secs] [Times: user=0.03 sys=0.00, real=0.02 secs] 
228.556: [GC (Allocation Failure) [PSYoungGen: 325215K->37845K(465920K)] 1034717K->747645K(1658368K), 0.0069709 secs] [Times: user=0.02 sys=0.00, real=0.01 secs] 
228.857: [GC (Allocation Failure) [PSYoungGen: 270805K->184719K(465920K)] 980605K->895901K(1658368K), 0.0203996 secs] [Times: user=0.02 sys=0.00, real=0.03 secs] 
229.144: [GC (Allocation Failure) [PSYoungGen: 417679K->184655K(465920K)] 1128861K->895982K(1658368K), 0.0202762 secs] [Times: user=0.02 sys=0.00, real=0.02 secs] 
230.865: [GC (Allocation Failure) [PSYoungGen: 407199K->91516K(465920K)] 1118526K->803115K(1658368K), 0.0160717 secs] [Times: user=0.04 sys=0.00, real=0.02 secs] 
233.237: [GC (Allocation Failure) [PSYoungGen: 324476K->37684K(465920K)] 1036075K->749590K(1658368K), 0.0069099 secs] [Times: user=0.01 sys=0.00, real=0.00 secs] 
233.596: [GC (Allocation Failure) [PSYoungGen: 270644K->183787K(465920K)] 982550K->896930K(1658368K), 0.0202571 secs] [Times: user=0.03 sys=0.00, real=0.02 secs] 
233.881: [GC (Allocation Failure) [PSYoungGen: 416747K->184462K(465920K)] 1129890K->897870K(1658368K), 0.0204040 secs] [Times: user=0.03 sys=0.00, real=0.02 secs] 
234.506: [GC (Allocation Failure) [PSYoungGen: 409556K->92769K(465920K)] 1122964K->806587K(1658368K), 0.0159921 secs] [Times: user=0.05 sys=0.00, real=0.02 secs] 
235.357: [GC (Allocation Failure) [PSYoungGen: 325729K->38005K(465920K)] 1039547K->752008K(1658368K), 0.0054873 secs] [Times: user=0.01 sys=0.00, real=0.00 secs] 
235.628: [GC (Allocation Failure) [PSYoungGen: 270965K->184687K(465920K)] 984968K->899943K(1658368K), 0.0201631 secs] [Times: user=0.03 sys=0.00, real=0.02 secs] 
235.913: [GC (Allocation Failure) [PSYoungGen: 417647K->184719K(465920K)] 1132903K->900385K(1658368K), 0.0201930 secs] [Times: user=0.03 sys=0.00, real=0.02 secs] 
237.393: [GC (Allocation Failure) [PSYoungGen: 407148K->91371K(465920K)] 1122814K->807310K(1658368K), 0.0123507 secs] [Times: user=0.03 sys=0.00, real=0.01 secs] 
238.656: [GC (Allocation Failure) [PSYoungGen: 324331K->37813K(465920K)] 1040270K->753921K(1658368K), 0.0068799 secs] [Times: user=0.02 sys=0.00, real=0.01 secs] 
238.949: [GC (Allocation Failure) [PSYoungGen: 270773K->183755K(465920K)] 986881K->901101K(1658368K), 0.0221033 secs] [Times: user=0.03 sys=0.00, real=0.02 secs] 
239.245: [GC (Allocation Failure) [PSYoungGen: 416715K->184719K(465920K)] 1134061K->902346K(1658368K), 0.0202385 secs] [Times: user=0.03 sys=0.00, real=0.02 secs] 
241.521: [GC (Allocation Failure) [PSYoungGen: 410133K->92415K(465920K)] 1127761K->810307K(1658368K), 0.0263638 secs] [Times: user=0.05 sys=0.00, real=0.02 secs] 
243.879: [GC (Allocation Failure) [PSYoungGen: 325375K->37620K(465920K)] 1043267K->755826K(1658368K), 0.0086120 secs] [Times: user=0.02 sys=0.00, real=0.01 secs] 
244.205: [GC (Allocation Failure) [PSYoungGen: 270580K->184044K(465920K)] 988786K->903512K(1658368K), 0.0203396 secs] [Times: user=0.03 sys=0.00, real=0.02 secs] 
244.548: [GC (Allocation Failure) [PSYoungGen: 417004K->184558K(465920K)] 1136472K->904427K(1658368K), 0.0208462 secs] [Times: user=0.02 sys=0.00, real=0.02 secs] 
245.175: [GC (Allocation Failure) [PSYoungGen: 409607K->92544K(465920K)] 1129476K->812678K(1658368K), 0.0123190 secs] [Times: user=0.02 sys=0.00, real=0.01 secs] 
246.053: [GC (Allocation Failure) [PSYoungGen: 325504K->37877K(465920K)] 1045638K->758200K(1658368K), 0.0054530 secs] [Times: user=0.01 sys=0.00, real=0.01 secs] 
246.322: [GC (Allocation Failure) [PSYoungGen: 270837K->184205K(465920K)] 991160K->905782K(1658368K), 0.0203242 secs] [Times: user=0.02 sys=0.00, real=0.02 secs] 
246.607: [GC (Allocation Failure) [PSYoungGen: 417165K->184590K(465920K)] 1138742K->906441K(1658368K), 0.0203902 secs] [Times: user=0.03 sys=0.00, real=0.02 secs] 
247.465: [GC (Allocation Failure) [PSYoungGen: 409746K->92126K(465920K)] 1131596K->814250K(1658368K), 0.0123737 secs] [Times: user=0.03 sys=0.01, real=0.02 secs] 
249.593: [GC (Allocation Failure) [PSYoungGen: 325086K->37588K(465920K)] 1047210K->760011K(1658368K), 0.0075052 secs] [Times: user=0.01 sys=0.00, real=0.01 secs] 
249.980: [GC (Allocation Failure) [PSYoungGen: 270548K->184687K(465920K)] 992971K->908492K(1658368K), 0.0203265 secs] [Times: user=0.03 sys=0.00, real=0.02 secs] 
250.322: [GC (Allocation Failure) [PSYoungGen: 417647K->184590K(465920K)] 1141452K->908540K(1658368K), 0.0202208 secs] [Times: user=0.03 sys=0.00, real=0.02 secs] 
251.153: [GC (Allocation Failure) [PSYoungGen: 409438K->91901K(465920K)] 1133388K->816253K(1658368K), 0.0135773 secs] [Times: user=0.03 sys=0.00, real=0.01 secs] 
253.368: [GC (Allocation Failure) [PSYoungGen: 324861K->37331K(465920K)] 1049213K->761868K(1658368K), 0.0069668 secs] [Times: user=0.02 sys=0.00, real=0.00 secs] 
253.672: [GC (Allocation Failure) [PSYoungGen: 270291K->184815K(465920K)] 994828K->910590K(1658368K), 0.0206031 secs] [Times: user=0.03 sys=0.00, real=0.02 secs] 
253.959: [GC (Allocation Failure) [PSYoungGen: 417775K->184719K(465920K)] 1143550K->910638K(1658368K), 0.0202554 secs] [Times: user=0.03 sys=0.00, real=0.02 secs] 
255.096: [GC (Allocation Failure) [PSYoungGen: 407167K->91869K(465920K)] 1133086K->818077K(1658368K), 0.0173177 secs] [Times: user=0.03 sys=0.00, real=0.02 secs] 
256.972: [GC (Allocation Failure) [PSYoungGen: 324829K->37588K(465920K)] 1051037K->764093K(1658368K), 0.0090705 secs] [Times: user=0.02 sys=0.00, real=0.01 secs] 
257.314: [GC (Allocation Failure) [PSYoungGen: 270548K->184430K(465920K)] 997053K->912310K(1658368K), 0.0202324 secs] [Times: user=0.02 sys=0.00, real=0.02 secs] 
257.598: [GC (Allocation Failure) [PSYoungGen: 417390K->184526K(465920K)] 1145270K->912551K(1658368K), 0.0203798 secs] [Times: user=0.02 sys=0.00, real=0.02 secs] 
258.633: [GC (Allocation Failure) [PSYoungGen: 407576K->92158K(465920K)] 1135600K->820456K(1658368K), 0.0149532 secs] [Times: user=0.03 sys=0.00, real=0.02 secs] 
260.040: [GC (Allocation Failure) [PSYoungGen: 325118K->37716K(465920K)] 1053416K->766327K(1658368K), 0.0078895 secs] [Times: user=0.02 sys=0.00, real=0.01 secs] 
260.395: [GC (Allocation Failure) [PSYoungGen: 270676K->184430K(465920K)] 999287K->914286K(1658368K), 0.0203130 secs] [Times: user=0.03 sys=0.00, real=0.02 secs] 
260.683: [GC (Allocation Failure) [PSYoungGen: 417390K->184494K(465920K)] 1147246K->914616K(1658368K), 0.0203173 secs] [Times: user=0.03 sys=0.00, real=0.02 secs] 
261.857: [GC (Allocation Failure) [PSYoungGen: 407543K->92014K(465920K)] 1137665K->822409K(1658368K), 0.0177287 secs] [Times: user=0.03 sys=0.00, real=0.01 secs] 
263.777: [GC (Allocation Failure) [PSYoungGen: 324974K->37588K(465920K)] 1055369K->768296K(1658368K), 0.0075691 secs] [Times: user=0.02 sys=0.00, real=0.01 secs] 
264.085: [GC (Allocation Failure) [PSYoungGen: 270548K->183562K(465920K)] 1001256K->915508K(1658368K), 0.0202755 secs] [Times: user=0.03 sys=0.00, real=0.02 secs] 
264.375: [GC (Allocation Failure) [PSYoungGen: 416522K->184944K(465920K)] 1148468K->917179K(1658368K), 0.0203536 secs] [Times: user=0.03 sys=0.00, real=0.02 secs] 
265.933: [GC (Allocation Failure) [PSYoungGen: 410742K->92672K(465920K)] 1142977K->825189K(1658368K), 0.0126342 secs] [Times: user=0.02 sys=0.00, real=0.01 secs] 
266.754: [GC (Allocation Failure) [PSYoungGen: 325632K->37973K(465920K)] 1058149K->770789K(1658368K), 0.0054553 secs] [Times: user=0.02 sys=0.00, real=0.01 secs] 
267.087: [GC (Allocation Failure) [PSYoungGen: 270933K->184044K(465920K)] 1003749K->918106K(1658368K), 0.0203864 secs] [Times: user=0.03 sys=0.00, real=0.02 secs] 
267.376: [GC (Allocation Failure) [PSYoungGen: 417004K->184655K(465920K)] 1151066K->918989K(1658368K), 0.0205092 secs] [Times: user=0.03 sys=0.00, real=0.02 secs] 
268.038: [GC (Allocation Failure) [PSYoungGen: 407936K->91982K(465920K)] 1142271K->826589K(1658368K), 0.0119147 secs] [Times: user=0.03 sys=0.00, real=0.01 secs] 
268.900: [GC (Allocation Failure) [PSYoungGen: 324942K->37716K(465920K)] 1059549K->772622K(1658368K), 0.0054520 secs] [Times: user=0.01 sys=0.00, real=0.00 secs] 
269.169: [GC (Allocation Failure) [PSYoungGen: 270676K->183787K(465920K)] 1005582K->919938K(1658368K), 0.0201944 secs] [Times: user=0.02 sys=0.00, real=0.02 secs] 
269.517: [GC (Allocation Failure) [PSYoungGen: 416747K->184590K(465920K)] 1152898K->921014K(1658368K), 0.0201405 secs] [Times: user=0.03 sys=0.00, real=0.02 secs] 
270.572: [GC (Allocation Failure) [PSYoungGen: 410187K->92640K(465920K)] 1146612K->829337K(1658368K), 0.0134878 secs] [Times: user=0.03 sys=0.00, real=0.01 secs] 
273.093: [GC (Allocation Failure) [PSYoungGen: 325600K->37459K(465920K)] 1062297K->774464K(1658368K), 0.0084504 secs] [Times: user=0.02 sys=0.00, real=0.01 secs] 
273.423: [GC (Allocation Failure) [PSYoungGen: 270419K->184590K(465920K)] 1007424K->922978K(1658368K), 0.0204033 secs] [Times: user=0.03 sys=0.00, real=0.02 secs] 
273.768: [GC (Allocation Failure) [PSYoungGen: 417550K->184687K(465920K)] 1155938K->923219K(1658368K), 0.0204386 secs] [Times: user=0.03 sys=0.00, real=0.02 secs] 
274.416: [GC (Allocation Failure) [PSYoungGen: 409907K->92046K(465920K)] 1148439K->830843K(1658368K), 0.0119012 secs] [Times: user=0.03 sys=0.00, real=0.02 secs] 
275.212: [GC (Allocation Failure) [PSYoungGen: 325006K->38005K(465920K)] 1063803K->777118K(1658368K), 0.0057024 secs] [Times: user=0.02 sys=0.00, real=0.01 secs] 
275.544: [GC (Allocation Failure) [PSYoungGen: 270965K->184815K(465920K)] 1010078K->925310K(1658368K), 0.0205635 secs] [Times: user=0.02 sys=0.00, real=0.02 secs] 
275.831: [GC (Allocation Failure) [PSYoungGen: 417775K->184655K(465920K)] 1158270K->925294K(1658368K), 0.0205601 secs] [Times: user=0.02 sys=0.00, real=0.02 secs] 
276.465: [GC (Allocation Failure) [PSYoungGen: 406581K->91258K(465920K)] 1147221K->832171K(1658368K), 0.0121020 secs] [Times: user=0.03 sys=0.00, real=0.01 secs] 
277.302: [GC (Allocation Failure) [PSYoungGen: 324218K->37845K(465920K)] 1065131K->779066K(1658368K), 0.0056218 secs] [Times: user=0.01 sys=0.00, real=0.01 secs] 
277.630: [GC (Allocation Failure) [PSYoungGen: 270805K->183658K(465920K)] 1012026K->926125K(1658368K), 0.0204385 secs] [Times: user=0.02 sys=0.00, real=0.02 secs] 
277.920: [GC (Allocation Failure) [PSYoungGen: 416618K->184430K(465920K)] 1159085K->927169K(1658368K), 0.0202620 secs] [Times: user=0.02 sys=0.00, real=0.02 secs] 
279.720: [GC (Allocation Failure) [PSYoungGen: 408481K->92801K(465920K)] 1151220K->835813K(1658368K), 0.0192211 secs] [Times: user=0.04 sys=0.00, real=0.02 secs] 
281.781: [GC (Allocation Failure) [PSYoungGen: 325761K->37459K(465920K)] 1068773K->780777K(1658368K), 0.0065288 secs] [Times: user=0.01 sys=0.00, real=0.01 secs] 
282.064: [GC (Allocation Failure) [PSYoungGen: 270419K->184558K(465920K)] 1013737K->929130K(1658368K), 0.0203079 secs] [Times: user=0.02 sys=0.00, real=0.02 secs] 
282.352: [GC (Allocation Failure) [PSYoungGen: 417518K->186357K(465920K)] 1162090K->931202K(1658368K), 0.0204155 secs] [Times: user=0.02 sys=0.00, real=0.02 secs] 
284.557: [GC (Allocation Failure) [PSYoungGen: 407523K->90391K(465920K)] 1152368K->835517K(1658368K), 0.0156963 secs] [Times: user=0.03 sys=0.00, real=0.02 secs] 
285.848: [GC (Allocation Failure) [PSYoungGen: 323351K->37845K(465920K)] 1068477K->783270K(1658368K), 0.0066457 secs] [Times: user=0.01 sys=0.00, real=0.00 secs] 
286.138: [GC (Allocation Failure) [PSYoungGen: 270805K->186357K(465920K)] 1016230K->933037K(1658368K), 0.0204488 secs] [Times: user=0.03 sys=0.00, real=0.02 secs] 
286.423: [GC (Allocation Failure) [PSYoungGen: 419317K->184301K(465920K)] 1165997K->931253K(1658368K), 0.0201998 secs] [Times: user=0.03 sys=0.00, real=0.02 secs] 
287.088: [GC (Allocation Failure) [PSYoungGen: 405930K->90166K(465920K)] 1152882K->837384K(1658368K), 0.0117451 secs] [Times: user=0.03 sys=0.00, real=0.01 secs] 
288.008: [GC (Allocation Failure) [PSYoungGen: 323126K->37973K(465920K)] 1070344K->785488K(1658368K), 0.0056485 secs] [Times: user=0.02 sys=0.00, real=0.00 secs] 
288.340: [GC (Allocation Failure) [PSYoungGen: 270933K->184301K(465920K)] 1018448K->933062K(1658368K), 0.0202386 secs] [Times: user=0.03 sys=0.00, real=0.02 secs] 
288.624: [GC (Allocation Failure) [PSYoungGen: 417261K->184012K(465920K)] 1166022K->933166K(1658368K), 0.0203404 secs] [Times: user=0.02 sys=0.00, real=0.02 secs] 
289.731: [GC (Allocation Failure) [PSYoungGen: 407930K->92399K(465920K)] 1157084K->841698K(1658368K), 0.0148575 secs] [Times: user=0.03 sys=0.00, real=0.01 secs] 
291.362: [GC (Allocation Failure) [PSYoungGen: 325359K->37813K(465920K)] 1074658K->787425K(1658368K), 0.0065184 secs] [Times: user=0.02 sys=0.00, real=0.01 secs] 
291.638: [GC (Allocation Failure) [PSYoungGen: 270773K->183787K(465920K)] 1020385K->934645K(1658368K), 0.0205153 secs] [Times: user=0.03 sys=0.00, real=0.02 secs] 
291.923: [GC (Allocation Failure) [PSYoungGen: 416747K->184237K(465920K)] 1167605K->935497K(1658368K), 0.0204309 secs] [Times: user=0.03 sys=0.00, real=0.02 secs] 
294.777: [GC (Allocation Failure) [PSYoungGen: 409528K->92769K(465920K)] 1160788K->844165K(1658368K), 0.0247870 secs] [Times: user=0.05 sys=0.00, real=0.02 secs] 
296.806: [GC (Allocation Failure) [PSYoungGen: 325729K->37684K(465920K)] 1077125K->789390K(1658368K), 0.0077302 secs] [Times: user=0.01 sys=0.00, real=0.01 secs] 
297.120: [GC (Allocation Failure) [PSYoungGen: 270644K->184687K(465920K)] 1022350K->937639K(1658368K), 0.0202803 secs] [Times: user=0.02 sys=0.00, real=0.02 secs] 
297.404: [GC (Allocation Failure) [PSYoungGen: 417647K->184751K(465920K)] 1170599K->938104K(1658368K), 0.0202595 secs] [Times: user=0.03 sys=0.00, real=0.02 secs] 
299.618: [GC (Allocation Failure) [PSYoungGen: 407449K->91644K(465920K)] 1160803K->845271K(1658368K), 0.0206989 secs] [Times: user=0.04 sys=0.00, real=0.02 secs] 
301.455: [GC (Allocation Failure) [PSYoungGen: 324604K->37716K(465920K)] 1078231K->791504K(1658368K), 0.0079808 secs] [Times: user=0.02 sys=0.00, real=0.01 secs] 
301.851: [GC (Allocation Failure) [PSYoungGen: 270676K->183658K(465920K)] 1024464K->938700K(1658368K), 0.0205194 secs] [Times: user=0.03 sys=0.00, real=0.02 secs] 
302.136: [GC (Allocation Failure) [PSYoungGen: 416618K->184590K(465920K)] 1171660K->939905K(1658368K), 0.0202964 secs] [Times: user=0.03 sys=0.00, real=0.02 secs] 
303.685: [GC (Allocation Failure) [PSYoungGen: 408530K->92769K(465920K)] 1163845K->848356K(1658368K), 0.0174957 secs] [Times: user=0.04 sys=0.00, real=0.02 secs] 
306.209: [GC (Allocation Failure) [PSYoungGen: 325729K->37748K(465920K)] 1081316K->793649K(1658368K), 0.0079592 secs] [Times: user=0.02 sys=0.00, real=0.00 secs] 
306.609: [GC (Allocation Failure) [PSYoungGen: 270708K->184430K(465920K)] 1026609K->941576K(1658368K), 0.0208408 secs] [Times: user=0.03 sys=0.00, real=0.02 secs] 
306.974: [GC (Allocation Failure) [PSYoungGen: 417390K->184558K(465920K)] 1174536K->941978K(1658368K), 0.0202650 secs] [Times: user=0.03 sys=0.00, real=0.02 secs] 
309.374: [GC (Allocation Failure) [PSYoungGen: 409709K->91998K(465920K)] 1167129K->849683K(1658368K), 0.0208487 secs] [Times: user=0.05 sys=0.00, real=0.02 secs] 
311.389: [GC (Allocation Failure) [PSYoungGen: 324958K->38262K(465920K)] 1082643K->796261K(1658368K), 0.0059078 secs] [Times: user=0.02 sys=0.00, real=0.00 secs] 
311.661: [GC (Allocation Failure) [PSYoungGen: 271222K->184815K(465920K)] 1029221K->944188K(1658368K), 0.0203959 secs] [Times: user=0.03 sys=0.00, real=0.02 secs] 
311.947: [GC (Allocation Failure) [PSYoungGen: 417775K->184687K(465920K)] 1177148K->944332K(1658368K), 0.0203854 secs] [Times: user=0.03 sys=0.00, real=0.02 secs] 
313.057: [GC (Allocation Failure) [PSYoungGen: 407002K->90969K(465920K)] 1166648K->850760K(1658368K), 0.0130864 secs] [Times: user=0.03 sys=0.00, real=0.02 secs] 
314.578: [GC (Allocation Failure) [PSYoungGen: 323929K->37620K(465920K)] 1083720K->797716K(1658368K), 0.0068605 secs] [Times: user=0.02 sys=0.00, real=0.00 secs] 
314.870: [GC (Allocation Failure) [PSYoungGen: 270580K->183884K(465920K)] 1030676K->945233K(1658368K), 0.0204381 secs] [Times: user=0.03 sys=0.00, real=0.02 secs] 
315.217: [GC (Allocation Failure) [PSYoungGen: 416844K->184366K(465920K)] 1178193K->945980K(1658368K), 0.0203993 secs] [Times: user=0.03 sys=0.00, real=0.02 secs] 
315.959: [GC (Allocation Failure) [PSYoungGen: 409585K->92769K(465920K)] 1171199K->854649K(1658368K), 0.0124471 secs] [Times: user=0.03 sys=0.00, real=0.01 secs] 
317.056: [GC (Allocation Failure) [PSYoungGen: 325729K->37973K(465920K)] 1087609K->800167K(1658368K), 0.0067616 secs] [Times: user=0.02 sys=0.00, real=0.01 secs] 
317.341: [GC (Allocation Failure) [PSYoungGen: 270933K->184076K(465920K)] 1033127K->947515K(1658368K), 0.0203719 secs] [Times: user=0.03 sys=0.00, real=0.02 secs] 
317.626: [GC (Allocation Failure) [PSYoungGen: 417036K->184880K(465920K)] 1180475K->948592K(1658368K), 0.0202239 secs] [Times: user=0.03 sys=0.00, real=0.02 secs] 
318.467: [GC (Allocation Failure) [PSYoungGen: 407633K->91741K(465920K)] 1171345K->855846K(1658368K), 0.0113636 secs] [Times: user=0.02 sys=0.00, real=0.01 secs] 
319.534: [GC (Allocation Failure) [PSYoungGen: 324701K->37845K(465920K)] 1088806K->802130K(1658368K), 0.0064977 secs] [Times: user=0.02 sys=0.00, real=0.01 secs] 
319.815: [GC (Allocation Failure) [PSYoungGen: 270805K->184558K(465920K)] 1035090K->950217K(1658368K), 0.0204573 secs] [Times: user=0.03 sys=0.00, real=0.02 secs] 
320.104: [GC (Allocation Failure) [PSYoungGen: 417518K->184687K(465920K)] 1183177K->950490K(1658368K), 0.0204802 secs] [Times: user=0.02 sys=0.00, real=0.02 secs] 
320.797: [GC (Allocation Failure) [PSYoungGen: 407258K->91612K(465920K)] 1173062K->857689K(1658368K), 0.0113231 secs] [Times: user=0.02 sys=0.00, real=0.02 secs] 
321.674: [GC (Allocation Failure) [PSYoungGen: 324572K->37973K(465920K)] 1090649K->804355K(1658368K), 0.0055393 secs] [Times: user=0.01 sys=0.00, real=0.01 secs] 
321.945: [GC (Allocation Failure) [PSYoungGen: 270933K->183787K(465920K)] 1037315K->951423K(1658368K), 0.0201802 secs] [Times: user=0.03 sys=0.00, real=0.02 secs] 
322.283: [GC (Allocation Failure) [PSYoungGen: 416747K->184655K(465920K)] 1184383K->952564K(1658368K), 0.0203777 secs] [Times: user=0.03 sys=0.00, real=0.02 secs] 
323.558: [GC (Allocation Failure) [PSYoungGen: 410075K->92255K(465920K)] 1177984K->860429K(1658368K), 0.0252859 secs] [Times: user=0.05 sys=0.00, real=0.02 secs] 
325.408: [GC (Allocation Failure) [PSYoungGen: 325215K->37716K(465920K)] 1093389K->806212K(1658368K), 0.0079298 secs] [Times: user=0.02 sys=0.00, real=0.00 secs] 
325.728: [GC (Allocation Failure) [PSYoungGen: 270676K->184173K(465920K)] 1039172K->953922K(1658368K), 0.0205002 secs] [Times: user=0.02 sys=0.00, real=0.02 secs] 
326.018: [GC (Allocation Failure) [PSYoungGen: 417133K->184526K(465920K)] 1186882K->954677K(1658368K), 0.0203193 secs] [Times: user=0.03 sys=0.00, real=0.02 secs] 
327.431: [GC (Allocation Failure) [PSYoungGen: 409677K->92239K(465920K)] 1179828K->862526K(1658368K), 0.0259501 secs] [Times: user=0.05 sys=0.00, real=0.03 secs] 
329.012: [GC (Allocation Failure) [PSYoungGen: 325199K->37973K(465920K)] 1095486K->808574K(1658368K), 0.0093331 secs] [Times: user=0.03 sys=0.00, real=0.01 secs] 
329.354: [GC (Allocation Failure) [PSYoungGen: 270933K->184687K(465920K)] 1041534K->956670K(1658368K), 0.0205533 secs] [Times: user=0.03 sys=0.00, real=0.02 secs] 
329.639: [GC (Allocation Failure) [PSYoungGen: 417647K->184719K(465920K)] 1189630K->956975K(1658368K), 0.0203778 secs] [Times: user=0.03 sys=0.00, real=0.02 secs] 
330.821: [GC (Allocation Failure) [PSYoungGen: 407152K->91355K(465920K)] 1179408K->863876K(1658368K), 0.0192141 secs] [Times: user=0.04 sys=0.00, real=0.02 secs] 
332.389: [GC (Allocation Failure) [PSYoungGen: 324315K->37716K(465920K)] 1096836K->810439K(1658368K), 0.0091683 secs] [Times: user=0.02 sys=0.00, real=0.01 secs] 
332.743: [GC (Allocation Failure) [PSYoungGen: 270676K->183916K(465920K)] 1043399K->957884K(1658368K), 0.0205046 secs] [Times: user=0.03 sys=0.00, real=0.02 secs] 
333.030: [GC (Allocation Failure) [PSYoungGen: 416876K->184462K(465920K)] 1190844K->958831K(1658368K), 0.0204732 secs] [Times: user=0.02 sys=0.00, real=0.02 secs] 
333.708: [GC (Allocation Failure) [PSYoungGen: 409691K->92640K(465920K)] 1184061K->867155K(1658368K), 0.0121994 secs] [Times: user=0.03 sys=0.01, real=0.01 secs] 
334.619: [GC (Allocation Failure) [PSYoungGen: 325600K->38005K(465920K)] 1100115K->812827K(1658368K), 0.0070259 secs] [Times: user=0.02 sys=0.00, real=0.00 secs] 
334.988: [GC (Allocation Failure) [PSYoungGen: 270965K->184173K(465920K)] 1045787K->960240K(1658368K), 0.0211743 secs] [Times: user=0.03 sys=0.00, real=0.02 secs] 
335.279: [GC (Allocation Failure) [PSYoungGen: 417133K->184494K(465920K)] 1193200K->960955K(1658368K), 0.0204554 secs] [Times: user=0.02 sys=0.00, real=0.02 secs] 
337.045: [GC (Allocation Failure) [PSYoungGen: 409648K->91966K(465920K)] 1186109K->868563K(1658368K), 0.0147137 secs] [Times: user=0.03 sys=0.00, real=0.02 secs] 
338.935: [GC (Allocation Failure) [PSYoungGen: 324926K->37716K(465920K)] 1101523K->814622K(1658368K), 0.0071361 secs] [Times: user=0.02 sys=0.00, real=0.01 secs] 
339.235: [GC (Allocation Failure) [PSYoungGen: 270676K->184301K(465920K)] 1047582K->962452K(1658368K), 0.0203767 secs] [Times: user=0.02 sys=0.00, real=0.02 secs] 
339.523: [GC (Allocation Failure) [PSYoungGen: 417261K->184719K(465920K)] 1195412K->963143K(1658368K), 0.0203729 secs] [Times: user=0.02 sys=0.00, real=0.02 secs] 
340.342: [GC (Allocation Failure) [PSYoungGen: 409854K->91982K(465920K)] 1188279K->870679K(1658368K), 0.0125352 secs] [Times: user=0.03 sys=0.00, real=0.01 secs] 
342.060: [GC (Allocation Failure) [PSYoungGen: 324942K->38005K(465920K)] 1103639K->817008K(1658368K), 0.0072621 secs] [Times: user=0.02 sys=0.00, real=0.01 secs] 
342.439: [GC (Allocation Failure) [PSYoungGen: 270965K->184301K(465920K)] 1049968K->964550K(1658368K), 0.0204675 secs] [Times: user=0.03 sys=0.00, real=0.02 secs] 
342.782: [GC (Allocation Failure) [PSYoungGen: 417261K->183658K(465920K)] 1197510K->964180K(1658368K), 0.0202419 secs] [Times: user=0.03 sys=0.00, real=0.02 secs] 
344.092: [GC (Allocation Failure) [PSYoungGen: 408663K->92801K(465920K)] 1189185K->873596K(1658368K), 0.0135612 secs] [Times: user=0.03 sys=0.00, real=0.01 secs] 
346.136: [GC (Allocation Failure) [PSYoungGen: 325761K->37845K(465920K)] 1106556K->818955K(1658368K), 0.0086216 secs] [Times: user=0.02 sys=0.00, real=0.01 secs] 
346.465: [GC (Allocation Failure) [PSYoungGen: 270805K->184687K(465920K)] 1051915K->967043K(1658368K), 0.0205646 secs] [Times: user=0.03 sys=0.00, real=0.02 secs] 
346.750: [GC (Allocation Failure) [PSYoungGen: 417647K->184398K(465920K)] 1200003K->967027K(1658368K), 0.0206664 secs] [Times: user=0.03 sys=0.00, real=0.02 secs] 
348.192: [GC (Allocation Failure) [PSYoungGen: 407128K->91741K(465920K)] 1189757K->874643K(1658368K), 0.0124962 secs] [Times: user=0.02 sys=0.00, real=0.01 secs] 
349.669: [GC (Allocation Failure) [PSYoungGen: 324701K->37845K(465920K)] 1107603K->821061K(1658368K), 0.0078584 secs] [Times: user=0.02 sys=0.00, real=0.00 secs] 
349.984: [GC (Allocation Failure) [PSYoungGen: 270805K->184687K(465920K)] 1054021K->969285K(1658368K), 0.0207150 secs] [Times: user=0.03 sys=0.00, real=0.02 secs] 
350.273: [GC (Allocation Failure) [PSYoungGen: 417647K->184719K(465920K)] 1202245K->969461K(1658368K), 0.0204926 secs] [Times: user=0.03 sys=0.00, real=0.02 secs] 
350.968: [GC (Allocation Failure) [PSYoungGen: 407260K->91516K(465920K)] 1192003K->876523K(1658368K), 0.0124041 secs] [Times: user=0.03 sys=0.00, real=0.01 secs] 
352.633: [GC (Allocation Failure) [PSYoungGen: 324476K->37716K(465920K)] 1109483K->823022K(1658368K), 0.0088461 secs] [Times: user=0.02 sys=0.00, real=0.01 secs] 
353.038: [GC (Allocation Failure) [PSYoungGen: 270676K->184687K(465920K)] 1055982K->971238K(1658368K), 0.0206809 secs] [Times: user=0.03 sys=0.00, real=0.02 secs] 
353.326: [GC (Allocation Failure) [PSYoungGen: 417647K->184655K(465920K)] 1204198K->971479K(1658368K), 0.0209050 secs] [Times: user=0.02 sys=0.00, real=0.02 secs] 
353.968: [GC (Allocation Failure) [PSYoungGen: 407231K->91612K(465920K)] 1194055K->878709K(1658368K), 0.0124914 secs] [Times: user=0.03 sys=0.00, real=0.01 secs] 
354.776: [GC (Allocation Failure) [PSYoungGen: 324572K->38005K(465920K)] 1111669K->825412K(1658368K), 0.0056200 secs] [Times: user=0.01 sys=0.00, real=0.01 secs] 
355.108: [GC (Allocation Failure) [PSYoungGen: 270965K->184687K(465920K)] 1058372K->973339K(1658368K), 0.0205769 secs] [Times: user=0.02 sys=0.00, real=0.02 secs] 
355.393: [GC (Allocation Failure) [PSYoungGen: 417647K->184751K(465920K)] 1206299K->973677K(1658368K), 0.0204367 secs] [Times: user=0.03 sys=0.00, real=0.02 secs] 
356.524: [GC (Allocation Failure) [PSYoungGen: 407298K->91339K(465920K)] 1196223K->880538K(1658368K), 0.0136593 secs] [Times: user=0.03 sys=0.00, real=0.02 secs] 
358.367: [GC (Allocation Failure) [PSYoungGen: 324299K->37845K(465920K)] 1113498K->827341K(1658368K), 0.0071224 secs] [Times: user=0.02 sys=0.01, real=0.01 secs] 
358.737: [GC (Allocation Failure) [PSYoungGen: 270805K->183916K(465920K)] 1060301K->974658K(1658368K), 0.0205618 secs] [Times: user=0.03 sys=0.00, real=0.02 secs] 
359.022: [GC (Allocation Failure) [PSYoungGen: 416876K->184398K(465920K)] 1207618K->975541K(1658368K), 0.0204500 secs] [Times: user=0.03 sys=0.00, real=0.02 secs] 
360.106: [GC (Allocation Failure) [PSYoungGen: 409625K->92512K(465920K)] 1200769K->883800K(1658368K), 0.0173066 secs] [Times: user=0.04 sys=0.00, real=0.02 secs] 
361.608: [GC (Allocation Failure) [PSYoungGen: 325472K->37556K(465920K)] 1116760K->829150K(1658368K), 0.0066227 secs] [Times: user=0.01 sys=0.00, real=0.00 secs] 
361.895: [GC (Allocation Failure) [PSYoungGen: 270516K->184173K(465920K)] 1062110K->977012K(1658368K), 0.0203551 secs] [Times: user=0.03 sys=0.00, real=0.02 secs] 
362.190: [GC (Allocation Failure) [PSYoungGen: 417133K->184526K(465920K)] 1209972K->977647K(1658368K), 0.0204154 secs] [Times: user=0.03 sys=0.00, real=0.02 secs] 
363.351: [GC (Allocation Failure) [PSYoungGen: 409672K->92351K(465920K)] 1202793K->885737K(1658368K), 0.0255719 secs] [Times: user=0.06 sys=0.00, real=0.02 secs] 
364.353: [GC (Allocation Failure) [PSYoungGen: 325311K->38037K(465920K)] 1118697K->831737K(1658368K), 0.0057586 secs] [Times: user=0.02 sys=0.00, real=0.01 secs] 
364.623: [GC (Allocation Failure) [PSYoungGen: 270997K->184719K(465920K)] 1064697K->979680K(1658368K), 0.0203981 secs] [Times: user=0.02 sys=0.00, real=0.02 secs] 
364.915: [GC (Allocation Failure) [PSYoungGen: 417679K->184687K(465920K)] 1212640K->979921K(1658368K), 0.0208893 secs] [Times: user=0.03 sys=0.00, real=0.02 secs] 
365.691: [GC (Allocation Failure) [PSYoungGen: 407249K->91339K(465920K)] 1202483K->886846K(1658368K), 0.0117009 secs] [Times: user=0.03 sys=0.00, real=0.01 secs] 
367.357: [GC (Allocation Failure) [PSYoungGen: 324299K->37556K(465920K)] 1119806K->833369K(1658368K), 0.0065538 secs] [Times: user=0.02 sys=0.00, real=0.00 secs] 
367.708: [GC (Allocation Failure) [PSYoungGen: 270516K->184719K(465920K)] 1066329K->981777K(1658368K), 0.0206576 secs] [Times: user=0.03 sys=0.00, real=0.02 secs] 
367.997: [GC (Allocation Failure) [PSYoungGen: 417679K->184719K(465920K)] 1214737K->982050K(1658368K), 0.0206560 secs] [Times: user=0.03 sys=0.00, real=0.02 secs] 
369.394: [GC (Allocation Failure) [PSYoungGen: 407522K->91773K(465920K)] 1204854K->889377K(1658368K), 0.0201221 secs] [Times: user=0.04 sys=0.00, real=0.02 secs] 
371.632: [GC (Allocation Failure) [PSYoungGen: 324733K->37588K(465920K)] 1122337K->835498K(1658368K), 0.0072310 secs] [Times: user=0.02 sys=0.00, real=0.01 secs] 
371.934: [GC (Allocation Failure) [PSYoungGen: 270548K->184719K(465920K)] 1068458K->983875K(1658368K), 0.0204928 secs] [Times: user=0.03 sys=0.00, real=0.02 secs] 
372.223: [GC (Allocation Failure) [PSYoungGen: 417679K->184687K(465920K)] 1216835K->984116K(1658368K), 0.0206607 secs] [Times: user=0.02 sys=0.00, real=0.02 secs] 
372.964: [GC (Allocation Failure) [PSYoungGen: 407500K->91789K(465920K)] 1206929K->891499K(1658368K), 0.0115132 secs] [Times: user=0.03 sys=0.00, real=0.01 secs] 
374.222: [GC (Allocation Failure) [PSYoungGen: 324749K->37938K(465920K)] 1124459K->837970K(1658368K), 0.0056610 secs] [Times: user=0.01 sys=0.00, real=0.01 secs] 
374.493: [GC (Allocation Failure) [PSYoungGen: 270898K->184719K(465920K)] 1070930K->986133K(1658368K), 0.0204117 secs] [Times: user=0.03 sys=0.00, real=0.02 secs] 
374.779: [GC (Allocation Failure) [PSYoungGen: 417679K->184719K(465920K)] 1219093K->986277K(1658368K), 0.0205084 secs] [Times: user=0.03 sys=0.00, real=0.02 secs] 
376.596: [GC (Allocation Failure) [PSYoungGen: 407279K->91484K(465920K)] 1208838K->893307K(1658368K), 0.0135116 secs] [Times: user=0.02 sys=0.00, real=0.02 secs] 
377.876: [GC (Allocation Failure) [PSYoungGen: 324444K->37845K(465920K)] 1126267K->839984K(1658368K), 0.0066547 secs] [Times: user=0.01 sys=0.00, real=0.01 secs] 
378.154: [GC (Allocation Failure) [PSYoungGen: 270805K->183787K(465920K)] 1072944K->987180K(1658368K), 0.0204271 secs] [Times: user=0.02 sys=0.00, real=0.02 secs] 
378.441: [GC (Allocation Failure) [PSYoungGen: 416747K->184462K(465920K)] 1220140K->988128K(1658368K), 0.0203312 secs] [Times: user=0.03 sys=0.00, real=0.02 secs] 
379.120: [GC (Allocation Failure) [PSYoungGen: 409575K->92688K(465920K)] 1213241K->896756K(1658368K), 0.0118251 secs] [Times: user=0.02 sys=0.00, real=0.01 secs] 
380.056: [GC (Allocation Failure) [PSYoungGen: 325648K->37973K(465920K)] 1129716K->842236K(1658368K), 0.0068016 secs] [Times: user=0.02 sys=0.01, real=0.01 secs] 
380.344: [GC (Allocation Failure) [PSYoungGen: 270933K->184687K(465920K)] 1075196K->990203K(1658368K), 0.0204342 secs] [Times: user=0.03 sys=0.00, real=0.02 secs] 
380.687: [GC (Allocation Failure) [PSYoungGen: 417647K->184687K(465920K)] 1223163K->990605K(1658368K), 0.0204213 secs] [Times: user=0.03 sys=0.00, real=0.02 secs] 
381.939: [GC (Allocation Failure) [PSYoungGen: 407129K->91371K(465920K)] 1213048K->897554K(1658368K), 0.0157494 secs] [Times: user=0.04 sys=0.00, real=0.01 secs] 
382.929: [GC (Allocation Failure) [PSYoungGen: 324331K->38005K(465920K)] 1130514K->844368K(1658368K), 0.0056481 secs] [Times: user=0.01 sys=0.00, real=0.00 secs] 
383.198: [GC (Allocation Failure) [PSYoungGen: 270965K->183787K(465920K)] 1077328K->991387K(1658368K), 0.0202530 secs] [Times: user=0.03 sys=0.00, real=0.02 secs] 
383.484: [GC (Allocation Failure) [PSYoungGen: 416747K->184494K(465920K)] 1224347K->992367K(1658368K), 0.0203579 secs] [Times: user=0.03 sys=0.00, real=0.02 secs] 
384.633: [GC (Allocation Failure) [PSYoungGen: 409766K->92512K(465920K)] 1217639K->900650K(1658368K), 0.0122780 secs] [Times: user=0.02 sys=0.00, real=0.01 secs] 
386.199: [GC (Allocation Failure) [PSYoungGen: 325472K->37459K(465920K)] 1133610K->845915K(1658368K), 0.0067432 secs] [Times: user=0.01 sys=0.00, real=0.00 secs] 
386.483: [GC (Allocation Failure) [PSYoungGen: 270419K->184687K(465920K)] 1078875K->994396K(1658368K), 0.0205633 secs] [Times: user=0.02 sys=0.00, real=0.02 secs] 
386.769: [GC (Allocation Failure) [PSYoungGen: 417647K->184623K(465920K)] 1227356K->994734K(1658368K), 0.0205772 secs] [Times: user=0.02 sys=0.00, real=0.02 secs] 
388.233: [GC (Allocation Failure) [PSYoungGen: 409625K->91885K(465920K)] 1219737K->902261K(1658368K), 0.0180034 secs] [Times: user=0.04 sys=0.00, real=0.02 secs] 
389.176: [GC (Allocation Failure) [PSYoungGen: 324845K->37973K(465920K)] 1135221K->848543K(1658368K), 0.0057361 secs] [Times: user=0.01 sys=0.00, real=0.01 secs] 
389.447: [GC (Allocation Failure) [PSYoungGen: 270933K->184815K(465920K)] 1081503K->996630K(1658368K), 0.0205418 secs] [Times: user=0.02 sys=0.00, real=0.02 secs] 
389.737: [GC (Allocation Failure) [PSYoungGen: 417775K->184751K(465920K)] 1229590K->996967K(1658368K), 0.0207043 secs] [Times: user=0.03 sys=0.00, real=0.02 secs] 
390.467: [GC (Allocation Failure) [PSYoungGen: 407170K->91226K(465920K)] 1219387K->903580K(1658368K), 0.0115171 secs] [Times: user=0.02 sys=0.00, real=0.02 secs] 
391.322: [GC (Allocation Failure) [PSYoungGen: 324186K->37973K(465920K)] 1136540K->850640K(1658368K), 0.0057669 secs] [Times: user=0.02 sys=0.00, real=0.01 secs] 
391.593: [GC (Allocation Failure) [PSYoungGen: 270933K->184687K(465920K)] 1083600K->998599K(1658368K), 0.0207186 secs] [Times: user=0.03 sys=0.00, real=0.02 secs] 
391.879: [GC (Allocation Failure) [PSYoungGen: 417647K->184687K(465920K)] 1231559K->998872K(1658368K), 0.0204637 secs] [Times: user=0.02 sys=0.00, real=0.02 secs] 
393.031: [GC (Allocation Failure) [PSYoungGen: 407237K->91355K(465920K)] 1221423K->905814K(1658368K), 0.0168631 secs] [Times: user=0.04 sys=0.00, real=0.02 secs] 
395.492: [GC (Allocation Failure) [PSYoungGen: 324315K->37620K(465920K)] 1138774K->852386K(1658368K), 0.0085293 secs] [Times: user=0.03 sys=0.00, real=0.01 secs] 
395.822: [GC (Allocation Failure) [PSYoungGen: 270580K->183916K(465920K)] 1085346K->999944K(1658368K), 0.0204704 secs] [Times: user=0.03 sys=0.00, real=0.02 secs] 
396.107: [GC (Allocation Failure) [PSYoungGen: 416876K->184430K(465920K)] 1232904K->1000731K(1658368K), 0.0203705 secs] [Times: user=0.03 sys=0.01, real=0.02 secs] 
397.349: [GC (Allocation Failure) [PSYoungGen: 409650K->92769K(465920K)] 1225952K->909343K(1658368K), 0.0132779 secs] [Times: user=0.03 sys=0.00, real=0.01 secs] 
398.288: [GC (Allocation Failure) [PSYoungGen: 325729K->38131K(465920K)] 1142303K->855019K(1658368K), 0.0060728 secs] [Times: user=0.01 sys=0.00, real=0.00 secs] 
398.620: [GC (Allocation Failure) [PSYoungGen: 271091K->184687K(465920K)] 1087979K->1002828K(1658368K), 0.0206685 secs] [Times: user=0.03 sys=0.00, real=0.02 secs] 
398.905: [GC (Allocation Failure) [PSYoungGen: 417647K->184655K(465920K)] 1235788K->1003198K(1658368K), 0.0205674 secs] [Times: user=0.02 sys=0.00, real=0.02 secs] 
402.014: [GC (Allocation Failure) [PSYoungGen: 407085K->91210K(465920K)] 1225628K->910035K(1658368K), 0.0148083 secs] [Times: user=0.03 sys=0.00, real=0.02 secs] 
402.810: [GC (Allocation Failure) [PSYoungGen: 324170K->38002K(465920K)] 1142995K->857022K(1658368K), 0.0057512 secs] [Times: user=0.02 sys=0.00, real=0.00 secs] 
403.091: [GC (Allocation Failure) [PSYoungGen: 270962K->184976K(465920K)] 1089982K->1005241K(1658368K), 0.0205169 secs] [Times: user=0.02 sys=0.00, real=0.02 secs] 
403.379: [GC (Allocation Failure) [PSYoungGen: 417936K->184333K(465920K)] 1238201K->1004872K(1658368K), 0.0203825 secs] [Times: user=0.03 sys=0.00, real=0.02 secs] 
404.147: [GC (Allocation Failure) [PSYoungGen: 406939K->91499K(465920K)] 1227478K->912440K(1658368K), 0.0173557 secs] [Times: user=0.03 sys=0.00, real=0.02 secs] 
405.038: [GC (Allocation Failure) [PSYoungGen: 324459K->38102K(465920K)] 1145400K->859221K(1658368K), 0.0057956 secs] [Times: user=0.01 sys=0.00, real=0.00 secs] 
405.363: [GC (Allocation Failure) [PSYoungGen: 271062K->184173K(465920K)] 1092181K->1006538K(1658368K), 0.0206110 secs] [Times: user=0.03 sys=0.00, real=0.02 secs] 
405.647: [GC (Allocation Failure) [PSYoungGen: 417133K->184526K(465920K)] 1239498K->1007293K(1658368K), 0.0206332 secs] [Times: user=0.03 sys=0.00, real=0.02 secs] 
407.322: [GC (Allocation Failure) [PSYoungGen: 407385K->91869K(465920K)] 1230152K->914780K(1658368K), 0.0152664 secs] [Times: user=0.03 sys=0.00, real=0.02 secs] 
409.880: [GC (Allocation Failure) [PSYoungGen: 324829K->37748K(465920K)] 1147740K->860965K(1658368K), 0.0080344 secs] [Times: user=0.02 sys=0.00, real=0.01 secs] 
410.271: [GC (Allocation Failure) [PSYoungGen: 270708K->183916K(465920K)] 1093925K->1008370K(1658368K), 0.0208623 secs] [Times: user=0.03 sys=0.00, real=0.02 secs] 
410.561: [GC (Allocation Failure) [PSYoungGen: 416876K->184398K(465920K)] 1241330K->1009125K(1658368K), 0.0204847 secs] [Times: user=0.03 sys=0.00, real=0.02 secs] 
411.254: [GC (Allocation Failure) [PSYoungGen: 409730K->92640K(465920K)] 1234458K->917641K(1658368K), 0.0127039 secs] [Times: user=0.03 sys=0.00, real=0.02 secs] 
412.644: [GC (Allocation Failure) [PSYoungGen: 325600K->37588K(465920K)] 1150601K->862894K(1658368K), 0.0087489 secs] [Times: user=0.03 sys=0.00, real=0.01 secs] 
412.967: [GC (Allocation Failure) [PSYoungGen: 270548K->184173K(465920K)] 1095854K->1010724K(1658368K), 0.0205364 secs] [Times: user=0.03 sys=0.00, real=0.02 secs] 
413.262: [GC (Allocation Failure) [PSYoungGen: 417133K->184558K(465920K)] 1243684K->1011383K(1658368K), 0.0206034 secs] [Times: user=0.03 sys=0.00, real=0.02 secs] 
413.913: [GC (Allocation Failure) [PSYoungGen: 408207K->92415K(465920K)] 1235032K->919505K(1658368K), 0.0127312 secs] [Times: user=0.02 sys=0.00, real=0.01 secs] 
415.869: [GC (Allocation Failure) [PSYoungGen: 325375K->37845K(465920K)] 1152465K->865237K(1658368K), 0.0066687 secs] [Times: user=0.02 sys=0.00, real=0.00 secs] 
416.214: [GC (Allocation Failure) [PSYoungGen: 270805K->183819K(465920K)] 1098197K->1012457K(1658368K), 0.0204939 secs] [Times: user=0.03 sys=0.00, real=0.02 secs] 
416.498: [GC (Allocation Failure) [PSYoungGen: 416779K->184301K(465920K)] 1245417K->1013340K(1658368K), 0.0203552 secs] [Times: user=0.02 sys=0.00, real=0.02 secs] 
417.173: [GC (Allocation Failure) [PSYoungGen: 409557K->92705K(465920K)] 1238596K->921880K(1658368K), 0.0124307 secs] [Times: user=0.03 sys=0.00, real=0.01 secs] 
418.371: [GC (Allocation Failure) [PSYoungGen: 325665K->37588K(465920K)] 1154840K->867061K(1658368K), 0.0056989 secs] [Times: user=0.01 sys=0.00, real=0.00 secs] 
418.640: [GC (Allocation Failure) [PSYoungGen: 270548K->184044K(465920K)] 1100021K->1014755K(1658368K), 0.0206050 secs] [Times: user=0.02 sys=0.00, real=0.02 secs] 
418.926: [GC (Allocation Failure) [PSYoungGen: 417004K->184526K(465920K)] 1247715K->1015510K(1658368K), 0.0204831 secs] [Times: user=0.03 sys=0.00, real=0.02 secs] 
420.427: [GC (Allocation Failure) [PSYoungGen: 409685K->92576K(465920K)] 1240669K->923833K(1658368K), 0.0137598 secs] [Times: user=0.03 sys=0.00, real=0.02 secs] 
421.720: [GC (Allocation Failure) [PSYoungGen: 325536K->37716K(465920K)] 1156793K->869289K(1658368K), 0.0056876 secs] [Times: user=0.01 sys=0.00, real=0.00 secs] 
421.991: [GC (Allocation Failure) [PSYoungGen: 270676K->184687K(465920K)] 1102249K->1017506K(1658368K), 0.0206939 secs] [Times: user=0.03 sys=0.00, real=0.02 secs] 
422.277: [GC (Allocation Failure) [PSYoungGen: 417647K->184687K(465920K)] 1250466K->1017779K(1658368K), 0.0204806 secs] [Times: user=0.02 sys=0.00, real=0.03 secs] 
423.003: [GC (Allocation Failure) [PSYoungGen: 407251K->91580K(465920K)] 1240343K->924937K(1658368K), 0.0118010 secs] [Times: user=0.03 sys=0.00, real=0.01 secs] 
424.031: [GC (Allocation Failure) [PSYoungGen: 324540K->37906K(465920K)] 1157897K->871579K(1658368K), 0.0057770 secs] [Times: user=0.01 sys=0.00, real=0.00 secs] 
424.371: [GC (Allocation Failure) [PSYoungGen: 270866K->184687K(465920K)] 1104539K->1019613K(1658368K), 0.0204669 secs] [Times: user=0.03 sys=0.00, real=0.02 secs] 
424.661: [GC (Allocation Failure) [PSYoungGen: 417647K->184623K(465920K)] 1252573K->1019814K(1658368K), 0.0206450 secs] [Times: user=0.03 sys=0.00, real=0.02 secs] 
426.235: [GC (Allocation Failure) [PSYoungGen: 407177K->91452K(465920K)] 1242369K->926916K(1658368K), 0.0200586 secs] [Times: user=0.05 sys=0.00, real=0.02 secs] 
429.230: [GC (Allocation Failure) [PSYoungGen: 324412K->38359K(465920K)] 1159876K->874121K(1658368K), 0.0079268 secs] [Times: user=0.02 sys=0.00, real=0.01 secs] 
429.543: [GC (Allocation Failure) [PSYoungGen: 271319K->184687K(465920K)] 1107081K->1021695K(1658368K), 0.0207035 secs] [Times: user=0.03 sys=0.00, real=0.02 secs] 
429.829: [GC (Allocation Failure) [PSYoungGen: 417647K->184687K(465920K)] 1254655K->1021968K(1658368K), 0.0204678 secs] [Times: user=0.03 sys=0.00, real=0.02 secs] 
430.487: [GC (Allocation Failure) [PSYoungGen: 407017K->90937K(465920K)] 1244298K->928492K(1658368K), 0.0196310 secs] [Times: user=0.05 sys=0.00, real=0.02 secs] 
431.901: [GC (Allocation Failure) [PSYoungGen: 323897K->37877K(465920K)] 1161452K->875739K(1658368K), 0.0071714 secs] [Times: user=0.02 sys=0.00, real=0.01 secs] 
432.264: [GC (Allocation Failure) [PSYoungGen: 270837K->184044K(465920K)] 1108699K->1023152K(1658368K), 0.0204327 secs] [Times: user=0.03 sys=0.00, real=0.02 secs] 
432.547: [GC (Allocation Failure) [PSYoungGen: 417004K->184430K(465920K)] 1256112K->1023939K(1658368K), 0.0204780 secs] [Times: user=0.03 sys=0.00, real=0.03 secs] 
434.106: [GC (Allocation Failure) [PSYoungGen: 408127K->92383K(465920K)] 1247636K->932029K(1658368K), 0.0247339 secs] [Times: user=0.06 sys=0.00, real=0.03 secs] 
436.453: [GC (Allocation Failure) [PSYoungGen: 325343K->37845K(465920K)] 1164989K->877798K(1658368K), 0.0073864 secs] [Times: user=0.02 sys=0.00, real=0.01 secs] 
436.753: [GC (Allocation Failure) [PSYoungGen: 270805K->184430K(465920K)] 1110758K->1025629K(1658368K), 0.0204904 secs] [Times: user=0.03 sys=0.00, real=0.02 secs] 
437.037: [GC (Allocation Failure) [PSYoungGen: 417390K->184526K(465920K)] 1258589K->1025998K(1658368K), 0.0205737 secs] [Times: user=0.03 sys=0.00, real=0.03 secs] 
438.284: [GC (Allocation Failure) [PSYoungGen: 407072K->91869K(465920K)] 1248544K->933614K(1658368K), 0.0134118 secs] [Times: user=0.03 sys=0.00, real=0.02 secs] 
439.808: [GC (Allocation Failure) [PSYoungGen: 324829K->37459K(465920K)] 1166574K->879529K(1658368K), 0.0065961 secs] [Times: user=0.02 sys=0.00, real=0.00 secs] 
440.087: [GC (Allocation Failure) [PSYoungGen: 270419K->184430K(465920K)] 1112489K->1027881K(1658368K), 0.0209339 secs] [Times: user=0.03 sys=0.00, real=0.02 secs] 
440.435: [GC (Allocation Failure) [PSYoungGen: 417390K->184590K(465920K)] 1260841K->1028186K(1658368K), 0.0207831 secs] [Times: user=0.02 sys=0.00, real=0.02 secs] 
441.210: [GC (Allocation Failure) [PSYoungGen: 408160K->92255K(465920K)] 1251756K->936116K(1658368K), 0.0128319 secs] [Times: user=0.03 sys=0.00, real=0.01 secs] 
442.761: [GC (Allocation Failure) [PSYoungGen: 325215K->37588K(465920K)] 1169076K->881755K(1658368K), 0.0072329 secs] [Times: user=0.01 sys=0.00, real=0.01 secs] 
443.132: [GC (Allocation Failure) [PSYoungGen: 270548K->184430K(465920K)] 1114715K->1029963K(1658368K), 0.0207318 secs] [Times: user=0.03 sys=0.00, real=0.02 secs] 
443.436: [GC (Allocation Failure) [PSYoungGen: 417390K->184526K(465920K)] 1262923K->1030204K(1658368K), 0.0205167 secs] [Times: user=0.02 sys=0.00, real=0.02 secs] 
444.052: [GC (Allocation Failure) [PSYoungGen: 407610K->92158K(465920K)] 1253287K->938109K(1658368K), 0.0111519 secs] [Times: user=0.02 sys=0.00, real=0.01 secs] 
444.884: [GC (Allocation Failure) [PSYoungGen: 325118K->37973K(465920K)] 1171069K->884239K(1658368K), 0.0072721 secs] [Times: user=0.01 sys=0.00, real=0.01 secs] 
445.172: [GC (Allocation Failure) [PSYoungGen: 270933K->183658K(465920K)] 1117199K->1031178K(1658368K), 0.0205826 secs] [Times: user=0.03 sys=0.00, real=0.02 secs] 
445.515: [GC (Allocation Failure) [PSYoungGen: 416618K->184269K(465920K)] 1264138K->1032070K(1658368K), 0.0204827 secs] [Times: user=0.03 sys=0.00, real=0.02 secs] 
447.374: [GC (Allocation Failure) [PSYoungGen: 409550K->92769K(465920K)] 1257351K->940835K(1658368K), 0.0171133 secs] [Times: user=0.03 sys=0.00, real=0.02 secs] 
448.493: [GC (Allocation Failure) [PSYoungGen: 325729K->37973K(465920K)] 1173795K->886355K(1658368K), 0.0058515 secs] [Times: user=0.01 sys=0.00, real=0.01 secs] 
448.763: [GC (Allocation Failure) [PSYoungGen: 270933K->184719K(465920K)] 1119315K->1034346K(1658368K), 0.0204389 secs] [Times: user=0.03 sys=0.00, real=0.02 secs] 
449.100: [GC (Allocation Failure) [PSYoungGen: 417679K->184719K(465920K)] 1267306K->1034740K(1658368K), 0.0204231 secs] [Times: user=0.02 sys=0.00, real=0.02 secs] 
449.775: [GC (Allocation Failure) [PSYoungGen: 407163K->91339K(465920K)] 1257183K->941625K(1658368K), 0.0116875 secs] [Times: user=0.02 sys=0.00, real=0.01 secs] 
450.664: [GC (Allocation Failure) [PSYoungGen: 324299K->37973K(465920K)] 1174585K->888428K(1658368K), 0.0065118 secs] [Times: user=0.02 sys=0.01, real=0.01 secs] 
450.938: [GC (Allocation Failure) [PSYoungGen: 270933K->183916K(465920K)] 1121388K->1035608K(1658368K), 0.0202926 secs] [Times: user=0.03 sys=0.00, real=0.02 secs] 
451.221: [GC (Allocation Failure) [PSYoungGen: 416876K->184398K(465920K)] 1268568K->1036492K(1658368K), 0.0205753 secs] [Times: user=0.03 sys=0.00, real=0.02 secs] 
452.633: [GC (Allocation Failure) [PSYoungGen: 409628K->92351K(465920K)] 1261723K->944590K(1658368K), 0.0124695 secs] [Times: user=0.03 sys=0.00, real=0.01 secs] 
453.665: [GC (Allocation Failure) [PSYoungGen: 325311K->37845K(465920K)] 1177550K->890397K(1658368K), 0.0065757 secs] [Times: user=0.01 sys=0.00, real=0.01 secs] 
453.940: [GC (Allocation Failure) [PSYoungGen: 270805K->184237K(465920K)] 1123357K->1038035K(1658368K), 0.0207277 secs] [Times: user=0.03 sys=0.00, real=0.02 secs] 
454.227: [GC (Allocation Failure) [PSYoungGen: 417197K->184590K(465920K)] 1270995K->1038677K(1658368K), 0.0207948 secs] [Times: user=0.03 sys=0.00, real=0.02 secs] 
455.170: [GC (Allocation Failure) [PSYoungGen: 407631K->92126K(465920K)] 1261718K->946486K(1658368K), 0.0122572 secs] [Times: user=0.03 sys=0.00, real=0.01 secs] 
456.299: [GC (Allocation Failure) [PSYoungGen: 325086K->37845K(465920K)] 1179446K->892497K(1658368K), 0.0072887 secs] [Times: user=0.02 sys=0.00, real=0.00 secs] 
456.668: [GC (Allocation Failure) [PSYoungGen: 270805K->184462K(465920K)] 1125457K->1040496K(1658368K), 0.0205994 secs] [Times: user=0.03 sys=0.00, real=0.02 secs] 
457.008: [GC (Allocation Failure) [PSYoungGen: 417422K->184590K(465920K)] 1273456K->1040777K(1658368K), 0.0203587 secs] [Times: user=0.03 sys=0.00, real=0.02 secs] 
458.862: [GC (Allocation Failure) [PSYoungGen: 407136K->91853K(465920K)] 1263323K->948305K(1658368K), 0.0193766 secs] [Times: user=0.04 sys=0.00, real=0.02 secs] 
459.901: [GC (Allocation Failure) [PSYoungGen: 324813K->37845K(465920K)] 1181265K->894602K(1658368K), 0.0056175 secs] [Times: user=0.02 sys=0.00, real=0.00 secs] 
460.171: [GC (Allocation Failure) [PSYoungGen: 270805K->184815K(465920K)] 1127562K->1042811K(1658368K), 0.0206398 secs] [Times: user=0.03 sys=0.00, real=0.02 secs] 
460.456: [GC (Allocation Failure) [PSYoungGen: 417775K->184141K(465920K)] 1275771K->1042409K(1658368K), 0.0203493 secs] [Times: user=0.03 sys=0.00, real=0.02 secs] 
462.151: [GC (Allocation Failure) [PSYoungGen: 409469K->91869K(465920K)] 1267737K->950403K(1658368K), 0.0274147 secs] [Times: user=0.06 sys=0.00, real=0.03 secs] 
463.453: [GC (Allocation Failure) [PSYoungGen: 324829K->38163K(465920K)] 1183363K->897010K(1658368K), 0.0056872 secs] [Times: user=0.01 sys=0.00, real=0.01 secs] 
463.723: [GC (Allocation Failure) [PSYoungGen: 271123K->184847K(465920K)] 1129970K->1044932K(1658368K), 0.0204191 secs] [Times: user=0.03 sys=0.00, real=0.02 secs] 
464.007: [GC (Allocation Failure) [PSYoungGen: 417807K->184783K(465920K)] 1277892K->1045269K(1658368K), 0.0205011 secs] [Times: user=0.03 sys=0.00, real=0.02 secs] 
465.761: [GC (Allocation Failure) [PSYoungGen: 407065K->91066K(465920K)] 1267552K->951705K(1658368K), 0.0176583 secs] [Times: user=0.03 sys=0.00, real=0.02 secs] 
467.320: [GC (Allocation Failure) [PSYoungGen: 324026K->37973K(465920K)] 1184665K->898926K(1658368K), 0.0058196 secs] [Times: user=0.01 sys=0.00, real=0.00 secs] 
467.587: [GC (Allocation Failure) [PSYoungGen: 270933K->183787K(465920K)] 1131886K->1045993K(1658368K), 0.0203928 secs] [Times: user=0.02 sys=0.00, real=0.02 secs] 
467.935: [GC (Allocation Failure) [PSYoungGen: 416747K->184398K(465920K)] 1278953K->1047005K(1658368K), 0.0207166 secs] [Times: user=0.03 sys=0.00, real=0.02 secs] 
469.565: [GC (Allocation Failure) [PSYoungGen: 409513K->92448K(465920K)] 1272121K->955321K(1658368K), 0.0172726 secs] [Times: user=0.03 sys=0.00, real=0.02 secs] 
471.877: [GC (Allocation Failure) [PSYoungGen: 325408K->37877K(465920K)] 1188281K->900929K(1658368K), 0.0070810 secs] [Times: user=0.02 sys=0.00, real=0.00 secs] 
472.167: [GC (Allocation Failure) [PSYoungGen: 270837K->184687K(465920K)] 1133889K->1048985K(1658368K), 0.0206644 secs] [Times: user=0.03 sys=0.00, real=0.02 secs] 
472.457: [GC (Allocation Failure) [PSYoungGen: 417647K->184783K(465920K)] 1281945K->1049482K(1658368K), 0.0205251 secs] [Times: user=0.03 sys=0.00, real=0.03 secs] 
473.284: [GC (Allocation Failure) [PSYoungGen: 407222K->91467K(465920K)] 1271921K->956440K(1658368K), 0.0119382 secs] [Times: user=0.02 sys=0.00, real=0.01 secs] 
474.128: [GC (Allocation Failure) [PSYoungGen: 324427K->38034K(465920K)] 1189400K->903187K(1658368K), 0.0056976 secs] [Times: user=0.01 sys=0.00, real=0.00 secs] 
474.397: [GC (Allocation Failure) [PSYoungGen: 270994K->184719K(465920K)] 1136147K->1051132K(1658368K), 0.0205696 secs] [Times: user=0.03 sys=0.00, real=0.02 secs] 
474.683: [GC (Allocation Failure) [PSYoungGen: 417679K->184655K(465920K)] 1284092K->1051342K(1658368K), 0.0242329 secs] [Times: user=0.03 sys=0.00, real=0.03 secs] 
475.436: [GC (Allocation Failure) [PSYoungGen: 407210K->91339K(465920K)] 1273897K->958291K(1658368K), 0.0121374 secs] [Times: user=0.02 sys=0.00, real=0.02 secs] 
476.792: [GC (Allocation Failure) [PSYoungGen: 324299K->37588K(465920K)] 1191251K->904837K(1658368K), 0.0057720 secs] [Times: user=0.01 sys=0.00, real=0.01 secs] 
477.062: [GC (Allocation Failure) [PSYoungGen: 270548K->184687K(465920K)] 1137797K->1053190K(1658368K), 0.0206995 secs] [Times: user=0.03 sys=0.00, real=0.02 secs] 
477.346: [GC (Allocation Failure) [PSYoungGen: 417647K->184687K(465920K)] 1286150K->1053463K(1658368K), 0.0203046 secs] [Times: user=0.02 sys=0.00, real=0.02 secs] 
479.904: [GC (Allocation Failure) [PSYoungGen: 407489K->91741K(465920K)] 1276265K->960782K(1658368K), 0.0172155 secs] [Times: user=0.04 sys=0.00, real=0.02 secs] 
481.550: [GC (Allocation Failure) [PSYoungGen: 324701K->37874K(465920K)] 1193742K->907223K(1658368K), 0.0057108 secs] [Times: user=0.01 sys=0.00, real=0.00 secs] 
481.818: [GC (Allocation Failure) [PSYoungGen: 270834K->183819K(465920K)] 1140183K->1054422K(1658368K), 0.0206677 secs] [Times: user=0.03 sys=0.00, real=0.02 secs] 
482.101: [GC (Allocation Failure) [PSYoungGen: 416779K->184462K(465920K)] 1287382K->1055346K(1658368K), 0.0204122 secs] [Times: user=0.02 sys=0.00, real=0.02 secs] 
483.764: [GC (Allocation Failure) [PSYoungGen: 409686K->92592K(465920K)] 1280570K->963749K(1658368K), 0.0209335 secs] [Times: user=0.05 sys=0.00, real=0.02 secs] 
485.069: [GC (Allocation Failure) [PSYoungGen: 325552K->38002K(465920K)] 1196709K->909468K(1658368K), 0.0067321 secs] [Times: user=0.01 sys=0.00, real=0.00 secs] 
485.352: [GC (Allocation Failure) [PSYoungGen: 270962K->184719K(465920K)] 1142428K->1057574K(1658368K), 0.0209725 secs] [Times: user=0.03 sys=0.00, real=0.02 secs] 
485.641: [GC (Allocation Failure) [PSYoungGen: 417679K->184719K(465920K)] 1290534K->1057847K(1658368K), 0.0204432 secs] [Times: user=0.03 sys=0.00, real=0.02 secs] 
486.311: [GC (Allocation Failure) [PSYoungGen: 407161K->91387K(465920K)] 1280290K->964780K(1658368K), 0.0111102 secs] [Times: user=0.02 sys=0.00, real=0.01 secs] 
487.468: [GC (Allocation Failure) [PSYoungGen: 324347K->37874K(465920K)] 1197740K->911452K(1658368K), 0.0056872 secs] [Times: user=0.01 sys=0.00, real=0.00 secs] 
487.804: [GC (Allocation Failure) [PSYoungGen: 270834K->183948K(465920K)] 1144412K->1058772K(1658368K), 0.0207771 secs] [Times: user=0.03 sys=0.00, real=0.02 secs] 
488.088: [GC (Allocation Failure) [PSYoungGen: 416908K->184462K(465920K)] 1291732K->1059695K(1658368K), 0.0205154 secs] [Times: user=0.03 sys=0.00, real=0.02 secs] 
489.286: [GC (Allocation Failure) [PSYoungGen: 409695K->92464K(465920K)] 1284928K->967834K(1658368K), 0.0178662 secs] [Times: user=0.04 sys=0.00, real=0.02 secs] 
490.877: [GC (Allocation Failure) [PSYoungGen: 325424K->37973K(465920K)] 1200794K->913644K(1658368K), 0.0068761 secs] [Times: user=0.02 sys=0.00, real=0.01 secs] 
491.160: [GC (Allocation Failure) [PSYoungGen: 270933K->184719K(465920K)] 1146604K->1061643K(1658368K), 0.0208115 secs] [Times: user=0.03 sys=0.00, real=0.02 secs] 
491.444: [GC (Allocation Failure) [PSYoungGen: 417679K->184655K(465920K)] 1294603K->1061988K(1658368K), 0.0206597 secs] [Times: user=0.03 sys=0.00, real=0.02 secs] 
492.180: [GC (Allocation Failure) [PSYoungGen: 407094K->91355K(465920K)] 1284428K->968962K(1658368K), 0.0120407 secs] [Times: user=0.02 sys=0.00, real=0.01 secs] 
493.993: [GC (Allocation Failure) [PSYoungGen: 324315K->37202K(465920K)] 1201922K->914994K(1658368K), 0.0104604 secs] [Times: user=0.03 sys=0.00, real=0.01 secs] 
494.354: [GC (Allocation Failure) [PSYoungGen: 270162K->184173K(465920K)] 1147954K->1063210K(1658368K), 0.0208347 secs] [Times: user=0.03 sys=0.00, real=0.02 secs] 
494.638: [GC (Allocation Failure) [PSYoungGen: 417133K->184590K(465920K)] 1296170K->1063901K(1658368K), 0.0205628 secs] [Times: user=0.03 sys=0.00, real=0.02 secs] 
495.433: [GC (Allocation Failure) [PSYoungGen: 408309K->92737K(465920K)] 1287619K->972320K(1658368K), 0.0125431 secs] [Times: user=0.03 sys=0.00, real=0.01 secs] 
496.434: [GC (Allocation Failure) [PSYoungGen: 325697K->37845K(465920K)] 1205280K->917734K(1658368K), 0.0058472 secs] [Times: user=0.01 sys=0.00, real=0.01 secs] 
496.702: [GC (Allocation Failure) [PSYoungGen: 270805K->184462K(465920K)] 1150694K->1065597K(1658368K), 0.0208137 secs] [Times: user=0.03 sys=0.00, real=0.02 secs] 
496.985: [GC (Allocation Failure) [PSYoungGen: 417422K->184269K(465920K)] 1298557K->1065685K(1658368K), 0.0204611 secs] [Times: user=0.03 sys=0.00, real=0.02 secs] 
498.243: [GC (Allocation Failure) [PSYoungGen: 409315K->92158K(465920K)] 1290730K->973968K(1658368K), 0.0195998 secs] [Times: user=0.04 sys=0.00, real=0.02 secs] 
499.543: [GC (Allocation Failure) [PSYoungGen: 325118K->37877K(465920K)] 1206928K->919879K(1658368K), 0.0088076 secs] [Times: user=0.03 sys=0.00, real=0.01 secs] 
499.866: [GC (Allocation Failure) [PSYoungGen: 270837K->184205K(465920K)] 1152839K->1067453K(1658368K), 0.0207990 secs] [Times: user=0.02 sys=0.00, real=0.02 secs] 
500.207: [GC (Allocation Failure) [PSYoungGen: 417165K->184590K(465920K)] 1300413K->1068120K(1658368K), 0.0205150 secs] [Times: user=0.02 sys=0.00, real=0.03 secs] 
502.073: [GC (Allocation Failure) [PSYoungGen: 407650K->92094K(465920K)] 1291180K->975889K(1658368K), 0.0249386 secs] [Times: user=0.05 sys=0.00, real=0.03 secs] 
504.306: [GC (Allocation Failure) [PSYoungGen: 325054K->37459K(465920K)] 1208849K->921570K(1658368K), 0.0080258 secs] [Times: user=0.02 sys=0.01, real=0.01 secs] 
504.694: [GC (Allocation Failure) [PSYoungGen: 270419K->184590K(465920K)] 1154530K->1069962K(1658368K), 0.0206558 secs] [Times: user=0.03 sys=0.01, real=0.02 secs] 
504.981: [GC (Allocation Failure) [PSYoungGen: 417550K->184944K(465920K)] 1302922K->1070589K(1658368K), 0.0207187 secs] [Times: user=0.02 sys=0.01, real=0.02 secs] 
505.605: [GC (Allocation Failure) [PSYoungGen: 408277K->91773K(465920K)] 1293922K->977683K(1658368K), 0.0128651 secs] [Times: user=0.03 sys=0.00, real=0.02 secs] 
506.414: [GC (Allocation Failure) [PSYoungGen: 324733K->37973K(465920K)] 1210643K->924199K(1658368K), 0.0068795 secs] [Times: user=0.02 sys=0.00, real=0.01 secs] 
506.758: [GC (Allocation Failure) [PSYoungGen: 270933K->184076K(465920K)] 1157159K->1071556K(1658368K), 0.0207604 secs] [Times: user=0.03 sys=0.00, real=0.02 secs] 
507.042: [GC (Allocation Failure) [PSYoungGen: 417036K->184462K(465920K)] 1304516K->1072215K(1658368K), 0.0206531 secs] [Times: user=0.03 sys=0.00, real=0.02 secs] 
507.650: [GC (Allocation Failure) [PSYoungGen: 408118K->92223K(465920K)] 1295871K->980241K(1658368K), 0.0130798 secs] [Times: user=0.03 sys=0.00, real=0.01 secs] 
508.474: [GC (Allocation Failure) [PSYoungGen: 325183K->37874K(465920K)] 1213201K->926200K(1658368K), 0.0059274 secs] [Times: user=0.01 sys=0.00, real=0.01 secs] 
508.742: [GC (Allocation Failure) [PSYoungGen: 270834K->183787K(465920K)] 1159160K->1073367K(1658368K), 0.0208833 secs] [Times: user=0.03 sys=0.01, real=0.02 secs] 
509.026: [GC (Allocation Failure) [PSYoungGen: 416747K->184269K(465920K)] 1306327K->1074122K(1658368K), 0.0207975 secs] [Times: user=0.02 sys=0.01, real=0.02 secs] 
510.639: [GC (Allocation Failure) [PSYoungGen: 408163K->92737K(465920K)] 1298015K->982855K(1658368K), 0.0157320 secs] [Times: user=0.04 sys=0.00, real=0.01 secs] 
512.732: [GC (Allocation Failure) [PSYoungGen: 325697K->37459K(465920K)] 1215815K->927875K(1658368K), 0.0078930 secs] [Times: user=0.02 sys=0.00, real=0.01 secs] 
513.041: [GC (Allocation Failure) [PSYoungGen: 270419K->184494K(465920K)] 1160835K->1076155K(1658368K), 0.0207544 secs] [Times: user=0.03 sys=0.00, real=0.02 secs] 
513.324: [GC (Allocation Failure) [PSYoungGen: 417454K->184301K(465920K)] 1309115K->1076235K(1658368K), 0.0203495 secs] [Times: user=0.03 sys=0.00, real=0.02 secs] 
515.073: [GC (Allocation Failure) [PSYoungGen: 409363K->92528K(465920K)] 1301298K->984855K(1658368K), 0.0261780 secs] [Times: user=0.05 sys=0.00, real=0.03 secs] 
516.917: [GC (Allocation Failure) [PSYoungGen: 325488K->37716K(465920K)] 1217815K->930219K(1658368K), 0.0074739 secs] [Times: user=0.02 sys=0.00, real=0.01 secs] 
517.215: [GC (Allocation Failure) [PSYoungGen: 270676K->183948K(465920K)] 1163179K->1077704K(1658368K), 0.0206403 secs] [Times: user=0.03 sys=0.00, real=0.02 secs] 
517.499: [GC (Allocation Failure) [PSYoungGen: 416908K->184815K(465920K)] 1310664K->1078845K(1658368K), 0.0206713 secs] [Times: user=0.03 sys=0.00, real=0.02 secs] 
518.617: [GC (Allocation Failure) [PSYoungGen: 410131K->92255K(465920K)] 1304161K->986678K(1658368K), 0.0138144 secs] [Times: user=0.03 sys=0.00, real=0.02 secs] 
519.419: [GC (Allocation Failure) [PSYoungGen: 325215K->37973K(465920K)] 1219638K->932600K(1658368K), 0.0058146 secs] [Times: user=0.01 sys=0.00, real=0.00 secs] 
519.688: [GC (Allocation Failure) [PSYoungGen: 270933K->184558K(465920K)] 1165560K->1080567K(1658368K), 0.0206806 secs] [Times: user=0.03 sys=0.00, real=0.02 secs] 
520.033: [GC (Allocation Failure) [PSYoungGen: 417518K->184655K(465920K)] 1313527K->1080808K(1658368K), 0.0206336 secs] [Times: user=0.03 sys=0.00, real=0.02 secs] 
520.660: [GC (Allocation Failure) [PSYoungGen: 407230K->91484K(465920K)] 1303384K->987902K(1658368K), 0.0126398 secs] [Times: user=0.03 sys=0.01, real=0.01 secs] 
521.492: [GC (Allocation Failure) [PSYoungGen: 324444K->38002K(465920K)] 1220862K->934718K(1658368K), 0.0059125 secs] [Times: user=0.02 sys=0.00, real=0.01 secs] 
521.821: [GC (Allocation Failure) [PSYoungGen: 270962K->183980K(465920K)] 1167678K->1081949K(1658368K), 0.0209393 secs] [Times: user=0.03 sys=0.00, real=0.02 secs] 
522.105: [GC (Allocation Failure) [PSYoungGen: 416940K->184462K(465920K)] 1314909K->1082833K(1658368K), 0.0204903 secs] [Times: user=0.03 sys=0.00, real=0.02 secs] 
523.321: [GC (Allocation Failure) [PSYoungGen: 409691K->92383K(465920K)] 1308062K->990891K(1658368K), 0.0142754 secs] [Times: user=0.03 sys=0.00, real=0.01 secs] 
524.488: [GC (Allocation Failure) [PSYoungGen: 325343K->37845K(465920K)] 1223851K->936661K(1658368K), 0.0058649 secs] [Times: user=0.01 sys=0.00, real=0.00 secs] 
524.756: [GC (Allocation Failure) [PSYoungGen: 270805K->184558K(465920K)] 1169621K->1084764K(1658368K), 0.0207416 secs] [Times: user=0.03 sys=0.00, real=0.02 secs] 
525.043: [GC (Allocation Failure) [PSYoungGen: 417518K->184398K(465920K)] 1317724K->1084748K(1658368K), 0.0207318 secs] [Times: user=0.03 sys=0.00, real=0.02 secs] 
527.220: [GC (Allocation Failure) [PSYoungGen: 409449K->91869K(465920K)] 1309800K->992485K(1658368K), 0.0198072 secs] [Times: user=0.05 sys=0.00, real=0.02 secs] 
529.033: [GC (Allocation Failure) [PSYoungGen: 324829K->37588K(465920K)] 1225445K->938509K(1658368K), 0.0072723 secs] [Times: user=0.02 sys=0.00, real=0.01 secs] 
529.325: [GC (Allocation Failure) [PSYoungGen: 270548K->184205K(465920K)] 1171469K->1086380K(1658368K), 0.0207058 secs] [Times: user=0.03 sys=0.00, real=0.02 secs] 
529.614: [GC (Allocation Failure) [PSYoungGen: 417165K->184976K(465920K)] 1319340K->1087432K(1658368K), 0.0205873 secs] [Times: user=0.03 sys=0.00, real=0.02 secs] 
530.926: [GC (Allocation Failure) [PSYoungGen: 410456K->92062K(465920K)] 1312912K->994791K(1658368K), 0.0197087 secs] [Times: user=0.04 sys=0.00, real=0.02 secs] 
532.570: [GC (Allocation Failure) [PSYoungGen: 325022K->37588K(465920K)] 1227751K->940619K(1658368K), 0.0078963 secs] [Times: user=0.02 sys=0.00, real=0.01 secs] 
532.880: [GC (Allocation Failure) [PSYoungGen: 270548K->184365K(465920K)] 1173579K->1088650K(1658368K), 0.0206735 secs] [Times: user=0.03 sys=0.00, real=0.02 secs] 
533.164: [GC (Allocation Failure) [PSYoungGen: 417325K->184558K(465920K)] 1321610K->1089252K(1658368K), 0.0206501 secs] [Times: user=0.03 sys=0.00, real=0.02 secs] 
534.596: [GC (Allocation Failure) [PSYoungGen: 408093K->92191K(465920K)] 1312788K->997021K(1658368K), 0.0173455 secs] [Times: user=0.04 sys=0.00, real=0.02 secs] 
536.774: [GC (Allocation Failure) [PSYoungGen: 325151K->37877K(465920K)] 1229981K->943013K(1658368K), 0.0081938 secs] [Times: user=0.02 sys=0.00, real=0.01 secs] 
537.090: [GC (Allocation Failure) [PSYoungGen: 270837K->183787K(465920K)] 1175973K->1090169K(1658368K), 0.0204874 secs] [Times: user=0.03 sys=0.00, real=0.02 secs] 
537.375: [GC (Allocation Failure) [PSYoungGen: 416747K->184301K(465920K)] 1323129K->1091085K(1658368K), 0.0206455 secs] [Times: user=0.03 sys=0.00, real=0.02 secs] 
539.371: [GC (Allocation Failure) [PSYoungGen: 409566K->92705K(465920K)] 1316350K->999625K(1658368K), 0.0169938 secs] [Times: user=0.04 sys=0.00, real=0.02 secs] 
541.033: [GC (Allocation Failure) [PSYoungGen: 325665K->37716K(465920K)] 1232585K->944950K(1658368K), 0.0075966 secs] [Times: user=0.02 sys=0.00, real=0.01 secs] 
541.404: [GC (Allocation Failure) [PSYoungGen: 270676K->184655K(465920K)] 1177910K->1093142K(1658368K), 0.0206488 secs] [Times: user=0.03 sys=0.00, real=0.02 secs] 
541.744: [GC (Allocation Failure) [PSYoungGen: 417615K->184719K(465920K)] 1326102K->1093608K(1658368K), 0.0207143 secs] [Times: user=0.03 sys=0.00, real=0.02 secs] 
542.901: [GC (Allocation Failure) [PSYoungGen: 407421K->91532K(465920K)] 1316310K->1000694K(1658368K), 0.0152804 secs] [Times: user=0.04 sys=0.00, real=0.01 secs] 
544.970: [GC (Allocation Failure) [PSYoungGen: 324492K->37748K(465920K)] 1233654K->947104K(1658368K), 0.0084700 secs] [Times: user=0.02 sys=0.01, real=0.01 secs] 
545.290: [GC (Allocation Failure) [PSYoungGen: 270708K->184687K(465920K)] 1180064K->1095312K(1658368K), 0.0207150 secs] [Times: user=0.03 sys=0.00, real=0.02 secs] 
545.639: [GC (Allocation Failure) [PSYoungGen: 417647K->184687K(465920K)] 1328272K->1095585K(1658368K), 0.0207749 secs] [Times: user=0.03 sys=0.00, real=0.02 secs] 
547.018: [GC (Allocation Failure) [PSYoungGen: 407243K->91612K(465920K)] 1318141K->1002775K(1658368K), 0.0204689 secs] [Times: user=0.04 sys=0.00, real=0.02 secs] 
548.782: [GC (Allocation Failure) [PSYoungGen: 324572K->37716K(465920K)] 1235735K->949193K(1658368K), 0.0092828 secs] [Times: user=0.02 sys=0.00, real=0.01 secs] 
549.105: [GC (Allocation Failure) [PSYoungGen: 270676K->183787K(465920K)] 1182153K->1096501K(1658368K), 0.0208480 secs] [Times: user=0.03 sys=0.00, real=0.02 secs] 
549.390: [GC (Allocation Failure) [PSYoungGen: 416747K->184430K(465920K)] 1329461K->1097417K(1658368K), 0.0206623 secs] [Times: user=0.03 sys=0.00, real=0.02 secs] 
550.091: [GC (Allocation Failure) [PSYoungGen: 409537K->92817K(465920K)] 1322525K->1006206K(1658368K), 0.0123593 secs] [Times: user=0.02 sys=0.00, real=0.01 secs] 
550.912: [GC (Allocation Failure) [PSYoungGen: 325777K->38005K(465920K)] 1239166K->951587K(1658368K), 0.0060681 secs] [Times: user=0.01 sys=0.00, real=0.01 secs] 
551.181: [GC (Allocation Failure) [PSYoungGen: 270965K->184719K(465920K)] 1184547K->1099538K(1658368K), 0.0205143 secs] [Times: user=0.03 sys=0.00, real=0.02 secs] 
551.465: [GC (Allocation Failure) [PSYoungGen: 417679K->184687K(465920K)] 1332498K->1099908K(1658368K), 0.0205467 secs] [Times: user=0.03 sys=0.00, real=0.02 secs] 
552.269: [GC (Allocation Failure) [PSYoungGen: 407127K->91323K(465920K)] 1322349K->1006817K(1658368K), 0.0110962 secs] [Times: user=0.02 sys=0.00, real=0.01 secs] 
554.496: [GC (Allocation Failure) [PSYoungGen: 324283K->37620K(465920K)] 1239777K->953304K(1658368K), 0.0082554 secs] [Times: user=0.02 sys=0.01, real=0.01 secs] 
554.812: [GC (Allocation Failure) [PSYoungGen: 270580K->183787K(465920K)] 1186264K->1100709K(1658368K), 0.0204815 secs] [Times: user=0.03 sys=0.00, real=0.02 secs] 
555.101: [GC (Allocation Failure) [PSYoungGen: 416747K->184687K(465920K)] 1333669K->1101881K(1658368K), 0.0207075 secs] [Times: user=0.03 sys=0.00, real=0.02 secs] 
556.110: [GC (Allocation Failure) [PSYoungGen: 410107K->92688K(465920K)] 1327302K->1010156K(1658368K), 0.0130653 secs] [Times: user=0.03 sys=0.00, real=0.01 secs] 
557.986: [GC (Allocation Failure) [PSYoungGen: 325648K->37363K(465920K)] 1243116K->955138K(1658368K), 0.0074520 secs] [Times: user=0.02 sys=0.00, real=0.01 secs] 
558.280: [GC (Allocation Failure) [PSYoungGen: 270323K->184076K(465920K)] 1188098K->1103097K(1658368K), 0.0205186 secs] [Times: user=0.03 sys=0.00, real=0.02 secs] 
558.619: [GC (Allocation Failure) [PSYoungGen: 417036K->184944K(465920K)] 1336057K->1104246K(1658368K), 0.0207642 secs] [Times: user=0.03 sys=0.00, real=0.02 secs] 
559.910: [GC (Allocation Failure) [PSYoungGen: 410264K->92399K(465920K)] 1329566K->1012103K(1658368K), 0.0182017 secs] [Times: user=0.04 sys=0.00, real=0.02 secs] 
561.890: [GC (Allocation Failure) [PSYoungGen: 325359K->37588K(465920K)] 1245063K->957471K(1658368K), 0.0080329 secs] [Times: user=0.02 sys=0.00, real=0.01 secs] 
562.199: [GC (Allocation Failure) [PSYoungGen: 270548K->184173K(465920K)] 1190431K->1105301K(1658368K), 0.0205587 secs] [Times: user=0.03 sys=0.00, real=0.02 secs] 
562.483: [GC (Allocation Failure) [PSYoungGen: 417133K->184590K(465920K)] 1338261K->1106129K(1658368K), 0.0205267 secs] [Times: user=0.03 sys=0.00, real=0.02 secs] 
564.009: [GC (Allocation Failure) [PSYoungGen: 409793K->92431K(465920K)] 1331331K->1014114K(1658368K), 0.0257402 secs] [Times: user=0.06 sys=0.01, real=0.02 secs] 
565.816: [GC (Allocation Failure) [PSYoungGen: 325391K->37845K(465920K)] 1247074K->959843K(1658368K), 0.0090621 secs] [Times: user=0.02 sys=0.00, real=0.01 secs] 
566.143: [GC (Allocation Failure) [PSYoungGen: 270805K->184205K(465920K)] 1192803K->1107457K(1658368K), 0.0207771 secs] [Times: user=0.03 sys=0.00, real=0.02 secs] 
566.479: [GC (Allocation Failure) [PSYoungGen: 417165K->184558K(465920K)] 1340417K->1108091K(1658368K), 0.0206709 secs] [Times: user=0.03 sys=0.00, real=0.02 secs] 
567.102: [GC (Allocation Failure) [PSYoungGen: 409714K->92126K(465920K)] 1333247K->1015932K(1658368K), 0.0110208 secs] [Times: user=0.02 sys=0.00, real=0.01 secs] 
567.916: [GC (Allocation Failure) [PSYoungGen: 325086K->37973K(465920K)] 1248892K->962085K(1658368K), 0.0058035 secs] [Times: user=0.01 sys=0.00, real=0.01 secs] 
568.245: [GC (Allocation Failure) [PSYoungGen: 270933K->184301K(465920K)] 1195045K->1109651K(1658368K), 0.0205162 secs] [Times: user=0.03 sys=0.00, real=0.02 secs] 
568.525: [GC (Allocation Failure) [PSYoungGen: 417261K->183722K(465920K)] 1342611K->1109345K(1658368K), 0.0204509 secs] [Times: user=0.03 sys=0.00, real=0.02 secs] 
569.144: [GC (Allocation Failure) [PSYoungGen: 408168K->92769K(465920K)] 1333790K->1018664K(1658368K), 0.0126510 secs] [Times: user=0.02 sys=0.00, real=0.01 secs] 
569.966: [GC (Allocation Failure) [PSYoungGen: 325729K->37973K(465920K)] 1251624K->964185K(1658368K), 0.0064227 secs] [Times: user=0.02 sys=0.00, real=0.01 secs] 
570.235: [GC (Allocation Failure) [PSYoungGen: 270933K->183948K(465920K)] 1197145K->1111413K(1658368K), 0.0206418 secs] [Times: user=0.03 sys=0.00, real=0.02 secs] 
570.518: [GC (Allocation Failure) [PSYoungGen: 416908K->184719K(465920K)] 1344373K->1112457K(1658368K), 0.0210005 secs] [Times: user=0.03 sys=0.00, real=0.02 secs] 
572.325: [GC (Allocation Failure) [PSYoungGen: 408037K->92094K(465920K)] 1335775K->1020114K(1658368K), 0.0269118 secs] [Times: user=0.06 sys=0.00, real=0.03 secs] 
574.352: [GC (Allocation Failure) [PSYoungGen: 325054K->36334K(465920K)] 1253074K->964668K(1658368K), 0.0078741 secs] [Times: user=0.02 sys=0.00, real=0.01 secs] 
574.661: [GC (Allocation Failure) [PSYoungGen: 269294K->184301K(465920K)] 1197628K->1113888K(1658368K), 0.0206431 secs] [Times: user=0.03 sys=0.00, real=0.02 secs] 
574.944: [GC (Allocation Failure) [PSYoungGen: 417261K->184205K(465920K)] 1346848K->1114064K(1658368K), 0.0206360 secs] [Times: user=0.03 sys=0.00, real=0.02 secs] 
576.211: [GC (Allocation Failure) [PSYoungGen: 410454K->93893K(465920K)] 1340314K->1024026K(1658368K), 0.0283872 secs] [Times: user=0.06 sys=0.00, real=0.03 secs] 
578.280: [GC (Allocation Failure) [PSYoungGen: 326853K->37845K(465920K)] 1256986K->968283K(1658368K), 0.0084627 secs] [Times: user=0.02 sys=0.00, real=0.01 secs] 
578.596: [GC (Allocation Failure) [PSYoungGen: 270805K->184719K(465920K)] 1201243K->1116403K(1658368K), 0.0207211 secs] [Times: user=0.03 sys=0.00, real=0.02 secs] 
578.879: [GC (Allocation Failure) [PSYoungGen: 417679K->184687K(465920K)] 1349363K->1116781K(1658368K), 0.0208351 secs] [Times: user=0.03 sys=0.00, real=0.02 secs] 
579.654: [GC (Allocation Failure) [PSYoungGen: 407128K->91484K(465920K)] 1339222K->1023858K(1658368K), 0.0123678 secs] [Times: user=0.02 sys=0.00, real=0.01 secs] 
580.472: [GC (Allocation Failure) [PSYoungGen: 324444K->38102K(465920K)] 1256818K->970654K(1658368K), 0.0059053 secs] [Times: user=0.02 sys=0.00, real=0.01 secs] 
580.800: [GC (Allocation Failure) [PSYoungGen: 271062K->184173K(465920K)] 1203614K->1117970K(1658368K), 0.0204993 secs] [Times: user=0.03 sys=0.00, real=0.02 secs] 
581.086: [GC (Allocation Failure) [PSYoungGen: 417133K->184558K(465920K)] 1350930K->1118637K(1658368K), 0.0207889 secs] [Times: user=0.03 sys=0.00, real=0.03 secs] 
581.681: [GC (Allocation Failure) [PSYoungGen: 407125K->91869K(465920K)] 1341204K->1026213K(1658368K), 0.0126643 secs] [Times: user=0.02 sys=0.00, real=0.01 secs] 
582.873: [GC (Allocation Failure) [PSYoungGen: 324829K->37716K(465920K)] 1259173K->972378K(1658368K), 0.0098824 secs] [Times: user=0.02 sys=0.00, real=0.01 secs] 
583.235: [GC (Allocation Failure) [PSYoungGen: 270676K->184430K(465920K)] 1205338K->1120337K(1658368K), 0.0206213 secs] [Times: user=0.03 sys=0.00, real=0.02 secs] 
583.578: [GC (Allocation Failure) [PSYoungGen: 417390K->184526K(465920K)] 1353297K->1120706K(1658368K), 0.0208242 secs] [Times: user=0.03 sys=0.00, real=0.02 secs] 
584.189: [GC (Allocation Failure) [PSYoungGen: 407616K->92014K(465920K)] 1343796K->1028459K(1658368K), 0.0128719 secs] [Times: user=0.03 sys=0.00, real=0.01 secs] 
585.307: [GC (Allocation Failure) [PSYoungGen: 324974K->37716K(465920K)] 1261419K->974469K(1658368K), 0.0068600 secs] [Times: user=0.02 sys=0.00, real=0.01 secs] 
585.588: [GC (Allocation Failure) [PSYoungGen: 270676K->184430K(465920K)] 1207429K->1122437K(1658368K), 0.0210015 secs] [Times: user=0.03 sys=0.00, real=0.02 secs] 
585.880: [GC (Allocation Failure) [PSYoungGen: 417390K->184269K(465920K)] 1355397K->1122549K(1658368K), 0.0209481 secs] [Times: user=0.03 sys=0.00, real=0.02 secs] 
586.666: [GC (Allocation Failure) [PSYoungGen: 409310K->92255K(465920K)] 1347590K->1030936K(1658368K), 0.0127275 secs] [Times: user=0.03 sys=0.00, real=0.02 secs] 
587.607: [GC (Allocation Failure) [PSYoungGen: 325215K->37845K(465920K)] 1263896K->976706K(1658368K), 0.0063066 secs] [Times: user=0.01 sys=0.00, real=0.00 secs] 
587.982: [GC (Allocation Failure) [PSYoungGen: 270805K->184719K(465920K)] 1209666K->1124833K(1658368K), 0.0208978 secs] [Times: user=0.03 sys=0.00, real=0.02 secs] 
588.265: [GC (Allocation Failure) [PSYoungGen: 417679K->184430K(465920K)] 1357793K->1124817K(1658368K), 0.0206482 secs] [Times: user=0.02 sys=0.00, real=0.02 secs] 
589.458: [GC (Allocation Failure) [PSYoungGen: 407154K->91741K(465920K)] 1347542K->1032393K(1658368K), 0.0138695 secs] [Times: user=0.03 sys=0.00, real=0.01 secs] 
590.425: [GC (Allocation Failure) [PSYoungGen: 324701K->38034K(465920K)] 1265353K->978993K(1658368K), 0.0058094 secs] [Times: user=0.02 sys=0.00, real=0.01 secs] 
590.696: [GC (Allocation Failure) [PSYoungGen: 270994K->184719K(465920K)] 1211953K->1126931K(1658368K), 0.0208417 secs] [Times: user=0.03 sys=0.00, real=0.03 secs] 
590.983: [GC (Allocation Failure) [PSYoungGen: 417679K->184687K(465920K)] 1359891K->1127180K(1658368K), 0.0205060 secs] [Times: user=0.03 sys=0.00, real=0.02 secs] 
593.030: [GC (Allocation Failure) [PSYoungGen: 407223K->91355K(465920K)] 1349716K->1034113K(1658368K), 0.0176818 secs] [Times: user=0.04 sys=0.00, real=0.02 secs] 
593.915: [GC (Allocation Failure) [PSYoungGen: 324315K->38066K(465920K)] 1267073K->981146K(1658368K), 0.0059756 secs] [Times: user=0.02 sys=0.00, real=0.01 secs] 
594.185: [GC (Allocation Failure) [PSYoungGen: 271026K->184687K(465920K)] 1214106K->1129028K(1658368K), 0.0209719 secs] [Times: user=0.03 sys=0.00, real=0.02 secs] 
594.475: [GC (Allocation Failure) [PSYoungGen: 417647K->184687K(465920K)] 1361988K->1129301K(1658368K), 0.0206368 secs] [Times: user=0.03 sys=0.00, real=0.02 secs] 
595.629: [GC (Allocation Failure) [PSYoungGen: 407240K->91355K(465920K)] 1351855K->1036243K(1658368K), 0.0125704 secs] [Times: user=0.03 sys=0.00, real=0.01 secs] 
597.061: [GC (Allocation Failure) [PSYoungGen: 324315K->37588K(465920K)] 1269203K->982789K(1658368K), 0.0066607 secs] [Times: user=0.02 sys=0.00, real=0.01 secs] 
597.338: [GC (Allocation Failure) [PSYoungGen: 270548K->184719K(465920K)] 1215749K->1131302K(1658368K), 0.0208467 secs] [Times: user=0.03 sys=0.00, real=0.02 secs] 
597.622: [GC (Allocation Failure) [PSYoungGen: 417679K->184687K(465920K)] 1364262K->1131423K(1658368K), 0.0204697 secs] [Times: user=0.03 sys=0.00, real=0.02 secs] 
598.294: [GC (Allocation Failure) [PSYoungGen: 407504K->91773K(465920K)] 1354240K->1038782K(1658368K), 0.0120310 secs] [Times: user=0.02 sys=0.00, real=0.01 secs] 
599.095: [GC (Allocation Failure) [PSYoungGen: 324733K->38002K(465920K)] 1271742K->985333K(1658368K), 0.0059298 secs] [Times: user=0.02 sys=0.00, real=0.01 secs] 
599.364: [GC (Allocation Failure) [PSYoungGen: 270962K->183948K(465920K)] 1218293K->1132532K(1658368K), 0.0207297 secs] [Times: user=0.03 sys=0.00, real=0.02 secs] 
599.648: [GC (Allocation Failure) [PSYoungGen: 416908K->184366K(465920K)] 1365492K->1133352K(1658368K), 0.0206648 secs] [Times: user=0.03 sys=0.00, real=0.02 secs] 
602.122: [GC (Allocation Failure) [PSYoungGen: 409600K->92447K(465920K)] 1358586K->1041578K(1658368K), 0.0212947 secs] [Times: user=0.05 sys=0.00, real=0.02 secs] 
603.647: [GC (Allocation Failure) [PSYoungGen: 325407K->37716K(465920K)] 1274538K->987163K(1658368K), 0.0071245 secs] [Times: user=0.02 sys=0.00, real=0.00 secs] 
604.003: [GC (Allocation Failure) [PSYoungGen: 270676K->183980K(465920K)] 1220123K->1134672K(1658368K), 0.0208123 secs] [Times: user=0.03 sys=0.01, real=0.02 secs] 
604.339: [GC (Allocation Failure) [PSYoungGen: 416940K->184558K(465920K)] 1367632K->1135668K(1658368K), 0.0206243 secs] [Times: user=0.03 sys=0.00, real=0.02 secs] 
605.550: [GC (Allocation Failure) [PSYoungGen: 409618K->92528K(465920K)] 1360728K->1043902K(1658368K), 0.0175703 secs] [Times: user=0.03 sys=0.00, real=0.02 secs] 
607.594: [GC (Allocation Failure) [PSYoungGen: 325488K->37716K(465920K)] 1276862K->989262K(1658368K), 0.0074624 secs] [Times: user=0.02 sys=0.00, real=0.01 secs] 
607.894: [GC (Allocation Failure) [PSYoungGen: 270676K->184751K(465920K)] 1222222K->1137550K(1658368K), 0.0209122 secs] [Times: user=0.03 sys=0.00, real=0.02 secs] 
608.180: [GC (Allocation Failure) [PSYoungGen: 417711K->184655K(465920K)] 1370510K->1137727K(1658368K), 0.0238578 secs] [Times: user=0.03 sys=0.00, real=0.02 secs] 
609.515: [GC (Allocation Failure) [PSYoungGen: 407223K->91612K(465920K)] 1360296K->1044966K(1658368K), 0.0131327 secs] [Times: user=0.03 sys=0.00, real=0.02 secs] 
610.442: [GC (Allocation Failure) [PSYoungGen: 324572K->38102K(465920K)] 1277926K->991777K(1658368K), 0.0078953 secs] [Times: user=0.02 sys=0.00, real=0.01 secs] 
610.789: [GC (Allocation Failure) [PSYoungGen: 271062K->184687K(465920K)] 1224737K->1139728K(1658368K), 0.0209377 secs] [Times: user=0.03 sys=0.00, real=0.02 secs] 
611.146: [GC (Allocation Failure) [PSYoungGen: 417647K->184687K(465920K)] 1372688K->1139881K(1658368K), 0.0210292 secs] [Times: user=0.03 sys=0.00, real=0.02 secs] 
611.790: [GC (Allocation Failure) [PSYoungGen: 407118K->91226K(465920K)] 1362312K->1046686K(1658368K), 0.0125458 secs] [Times: user=0.03 sys=0.00, real=0.01 secs] 
612.667: [GC (Allocation Failure) [PSYoungGen: 324186K->38262K(465920K)] 1279646K->994029K(1658368K), 0.0058329 secs] [Times: user=0.01 sys=0.00, real=0.00 secs] 
612.968: [GC (Allocation Failure) [PSYoungGen: 271222K->184655K(465920K)] 1226989K->1141804K(1658368K), 0.0233261 secs] [Times: user=0.04 sys=0.00, real=0.02 secs] 
613.266: [GC (Allocation Failure) [PSYoungGen: 417615K->184655K(465920K)] 1374764K->1142077K(1658368K), 0.0206784 secs] [Times: user=0.03 sys=0.00, real=0.02 secs] 
614.822: [GC (Allocation Failure) [PSYoungGen: 406996K->91098K(465920K)] 1364419K->1048657K(1658368K), 0.0276682 secs] [Times: user=0.06 sys=0.00, real=0.03 secs] 
617.614: [GC (Allocation Failure) [PSYoungGen: 324058K->37748K(465920K)] 1281617K->995623K(1658368K), 0.0083214 secs] [Times: user=0.03 sys=0.00, real=0.01 secs] 
617.931: [GC (Allocation Failure) [PSYoungGen: 270708K->183787K(465920K)] 1228583K->1142908K(1658368K), 0.0207548 secs] [Times: user=0.03 sys=0.00, real=0.02 secs] 
618.215: [GC (Allocation Failure) [PSYoungGen: 416747K->184623K(465920K)] 1375868K->1144016K(1658368K), 0.0207596 secs] [Times: user=0.02 sys=0.00, real=0.02 secs] 
619.252: [GC (Allocation Failure) [PSYoungGen: 410042K->92448K(465920K)] 1369435K->1052106K(1658368K), 0.0265430 secs] [Times: user=0.06 sys=0.00, real=0.03 secs] 
621.062: [GC (Allocation Failure) [PSYoungGen: 325408K->37716K(465920K)] 1285066K->997681K(1658368K), 0.0080721 secs] [Times: user=0.02 sys=0.00, real=0.01 secs] 
621.368: [GC (Allocation Failure) [PSYoungGen: 270676K->184076K(465920K)] 1230641K->1145294K(1658368K), 0.0206119 secs] [Times: user=0.03 sys=0.00, real=0.02 secs] 
621.658: [GC (Allocation Failure) [PSYoungGen: 417036K->184944K(465920K)] 1378254K->1146435K(1658368K), 0.0205815 secs] [Times: user=0.03 sys=0.00, real=0.02 secs] 
622.954: [GC (Allocation Failure) [PSYoungGen: 410280K->91966K(465920K)] 1371771K->1053866K(1658368K), 0.0124852 secs] [Times: user=0.02 sys=0.00, real=0.01 secs] 
625.071: [GC (Allocation Failure) [PSYoungGen: 324926K->37620K(465920K)] 1286826K->999689K(1658368K), 0.0076370 secs] [Times: user=0.02 sys=0.00, real=0.01 secs] 
625.452: [GC (Allocation Failure) [PSYoungGen: 270580K->184558K(465920K)] 1232649K->1147890K(1658368K), 0.0210031 secs] [Times: user=0.03 sys=0.00, real=0.02 secs] 
625.738: [GC (Allocation Failure) [PSYoungGen: 417518K->184301K(465920K)] 1380850K->1147906K(1658368K), 0.0205141 secs] [Times: user=0.03 sys=0.00, real=0.02 secs] 
627.712: [GC (Allocation Failure) [PSYoungGen: 409186K->92271K(465920K)] 1372790K->1056148K(1658368K), 0.0201372 secs] [Times: user=0.04 sys=0.00, real=0.02 secs] 
629.410: [GC (Allocation Failure) [PSYoungGen: 325231K->37845K(465920K)] 1289108K->1002032K(1658368K), 0.0072846 secs] [Times: user=0.02 sys=0.00, real=0.01 secs] 
629.703: [GC (Allocation Failure) [PSYoungGen: 270805K->184430K(465920K)] 1234992K->1149871K(1658368K), 0.0207915 secs] [Times: user=0.03 sys=0.00, real=0.02 secs] 
629.987: [GC (Allocation Failure) [PSYoungGen: 417390K->184301K(465920K)] 1382831K->1150015K(1658368K), 0.0204069 secs] [Times: user=0.03 sys=0.00, real=0.02 secs] 
630.976: [GC (Allocation Failure) [PSYoungGen: 409345K->92158K(465920K)] 1375059K->1058274K(1658368K), 0.0131843 secs] [Times: user=0.03 sys=0.00, real=0.02 secs] 
632.554: [GC (Allocation Failure) [PSYoungGen: 325118K->37459K(465920K)] 1291234K->1003746K(1658368K), 0.0068992 secs] [Times: user=0.02 sys=0.00, real=0.01 secs] 
632.840: [GC (Allocation Failure) [PSYoungGen: 270419K->184687K(465920K)] 1236706K->1152348K(1658368K), 0.0207859 secs] [Times: user=0.02 sys=0.00, real=0.02 secs] 
633.124: [GC (Allocation Failure) [PSYoungGen: 417647K->184655K(465920K)] 1385308K->1152461K(1658368K), 0.0207867 secs] [Times: user=0.03 sys=0.00, real=0.02 secs] 
634.842: [GC (Allocation Failure) [PSYoungGen: 407242K->91805K(465920K)] 1375048K->1059876K(1658368K), 0.0203833 secs] [Times: user=0.04 sys=0.00, real=0.02 secs] 
636.816: [GC (Allocation Failure) [PSYoungGen: 324765K->37620K(465920K)] 1292836K->1006004K(1658368K), 0.0084293 secs] [Times: user=0.02 sys=0.00, real=0.01 secs] 
637.202: [GC (Allocation Failure) [PSYoungGen: 270580K->183658K(465920K)] 1238964K->1153297K(1658368K), 0.0207140 secs] [Times: user=0.03 sys=0.00, real=0.02 secs] 
637.485: [GC (Allocation Failure) [PSYoungGen: 416618K->184462K(465920K)] 1386257K->1154381K(1658368K), 0.0208074 secs] [Times: user=0.03 sys=0.00, real=0.02 secs] 
638.197: [GC (Allocation Failure) [PSYoungGen: 409576K->92994K(465920K)] 1379496K->1063315K(1658368K), 0.0129975 secs] [Times: user=0.03 sys=0.00, real=0.02 secs] 
639.203: [GC (Allocation Failure) [PSYoungGen: 325954K->37973K(465920K)] 1296275K->1008468K(1658368K), 0.0068449 secs] [Times: user=0.02 sys=0.00, real=0.01 secs] 
639.481: [GC (Allocation Failure) [PSYoungGen: 270933K->184719K(465920K)] 1241428K->1156459K(1658368K), 0.0207978 secs] [Times: user=0.03 sys=0.00, real=0.02 secs] 
639.825: [GC (Allocation Failure) [PSYoungGen: 417679K->184655K(465920K)] 1389419K->1156796K(1658368K), 0.0206251 secs] [Times: user=0.02 sys=0.01, real=0.02 secs] 
640.509: [GC (Allocation Failure) [PSYoungGen: 407095K->91371K(465920K)] 1379237K->1063786K(1658368K), 0.0117088 secs] [Times: user=0.03 sys=0.00, real=0.01 secs] 
642.449: [GC (Allocation Failure) [PSYoungGen: 324331K->37588K(465920K)] 1296746K->1010188K(1658368K), 0.0080243 secs] [Times: user=0.02 sys=0.00, real=0.01 secs] 
642.761: [GC (Allocation Failure) [PSYoungGen: 270548K->184687K(465920K)] 1243148K->1158661K(1658368K), 0.0207870 secs] [Times: user=0.03 sys=0.00, real=0.02 secs] 
643.046: [GC (Allocation Failure) [PSYoungGen: 417647K->184687K(465920K)] 1391621K->1158805K(1658368K), 0.0205832 secs] [Times: user=0.03 sys=0.00, real=0.03 secs] 
643.724: [GC (Allocation Failure) [PSYoungGen: 407505K->91773K(465920K)] 1381623K->1066156K(1658368K), 0.0111886 secs] [Times: user=0.02 sys=0.00, real=0.01 secs] 
644.667: [GC (Allocation Failure) [PSYoungGen: 324733K->37877K(465920K)] 1299116K->1012566K(1658368K), 0.0058818 secs] [Times: user=0.02 sys=0.00, real=0.00 secs] 
644.936: [GC (Allocation Failure) [PSYoungGen: 270837K->183787K(465920K)] 1245526K->1159730K(1658368K), 0.0208217 secs] [Times: user=0.03 sys=0.00, real=0.02 secs] 
645.220: [GC (Allocation Failure) [PSYoungGen: 416747K->184751K(465920K)] 1392690K->1160975K(1658368K), 0.0205592 secs] [Times: user=0.03 sys=0.00, real=0.02 secs] 
646.552: [GC (Allocation Failure) [PSYoungGen: 408561K->92415K(465920K)] 1384785K->1068912K(1658368K), 0.0132546 secs] [Times: user=0.03 sys=0.00, real=0.01 secs] 
647.377: [GC (Allocation Failure) [PSYoungGen: 325375K->37845K(465920K)] 1301872K->1014648K(1658368K), 0.0075874 secs] [Times: user=0.02 sys=0.00, real=0.01 secs] 
647.753: [GC (Allocation Failure) [PSYoungGen: 270805K->184847K(465920K)] 1247608K->1162896K(1658368K), 0.0211786 secs] [Times: user=0.03 sys=0.00, real=0.02 secs] 
648.038: [GC (Allocation Failure) [PSYoungGen: 417807K->184976K(465920K)] 1395856K->1163305K(1658368K), 0.0207171 secs] [Times: user=0.03 sys=0.00, real=0.02 secs] 
648.674: [GC (Allocation Failure) [PSYoungGen: 407813K->91130K(465920K)] 1386143K->1069853K(1658368K), 0.0123465 secs] [Times: user=0.03 sys=0.00, real=0.01 secs] 
649.993: [GC (Allocation Failure) [PSYoungGen: 324090K->37716K(465920K)] 1302813K->1016632K(1658368K), 0.0074148 secs] [Times: user=0.02 sys=0.00, real=0.01 secs] 
650.284: [GC (Allocation Failure) [PSYoungGen: 270676K->183787K(465920K)] 1249592K->1163949K(1658368K), 0.0206000 secs] [Times: user=0.03 sys=0.00, real=0.02 secs] 
650.568: [GC (Allocation Failure) [PSYoungGen: 416747K->184590K(465920K)] 1396909K->1165033K(1658368K), 0.0206769 secs] [Times: user=0.03 sys=0.00, real=0.02 secs] 
652.046: [GC (Allocation Failure) [PSYoungGen: 409656K->92656K(465920K)] 1390099K->1073493K(1658368K), 0.0262683 secs] [Times: user=0.06 sys=0.01, real=0.03 secs] 
653.681: [GC (Allocation Failure) [PSYoungGen: 325616K->37716K(465920K)] 1306453K->1018754K(1658368K), 0.0077008 secs] [Times: user=0.02 sys=0.00, real=0.01 secs] 
653.971: [GC (Allocation Failure) [PSYoungGen: 270676K->184751K(465920K)] 1251714K->1167042K(1658368K), 0.0206203 secs] [Times: user=0.03 sys=0.00, real=0.02 secs] 
654.256: [GC (Allocation Failure) [PSYoungGen: 417711K->184655K(465920K)] 1400002K->1167364K(1658368K), 0.0206207 secs] [Times: user=0.03 sys=0.00, real=0.02 secs] 
655.463: [GC (Allocation Failure) [PSYoungGen: 407349K->91644K(465920K)] 1390058K->1074634K(1658368K), 0.0142211 secs] [Times: user=0.04 sys=0.00, real=0.02 secs] 
656.607: [GC (Allocation Failure) [PSYoungGen: 324604K->38002K(465920K)] 1307594K->1021163K(1658368K), 0.0062084 secs] [Times: user=0.02 sys=0.00, real=0.01 secs] 
656.875: [GC (GCLocker Initiated GC) [PSYoungGen: 270962K->182759K(465920K)] 1254123K->1167286K(1658368K), 0.0204400 secs] [Times: user=0.03 sys=0.00, real=0.02 secs] 
657.160: [GC (Allocation Failure) [PSYoungGen: 415719K->184398K(465920K)] 1401371K->1170195K(1658368K), 0.0206167 secs] [Times: user=0.03 sys=0.00, real=0.02 secs] 
657.765: [GC (Allocation Failure) [PSYoungGen: 409426K->92624K(465920K)] 1395223K->1078437K(1658368K), 0.0114108 secs] [Times: user=0.03 sys=0.00, real=0.01 secs] 
658.975: [GC (Allocation Failure) [PSYoungGen: 325584K->37588K(465920K)] 1311397K->1023733K(1658368K), 0.0058208 secs] [Times: user=0.01 sys=0.00, real=0.01 secs] 
659.304: [GC (Allocation Failure) [PSYoungGen: 270548K->184655K(465920K)] 1256693K->1172182K(1658368K), 0.0208949 secs] [Times: user=0.03 sys=0.00, real=0.02 secs] 
659.595: [GC (Allocation Failure) [PSYoungGen: 417615K->184623K(465920K)] 1405142K->1172294K(1658368K), 0.0207608 secs] [Times: user=0.03 sys=0.00, real=0.02 secs] 
660.283: [GC (Allocation Failure) [PSYoungGen: 407422K->91741K(465920K)] 1395094K->1079685K(1658368K), 0.0124009 secs] [Times: user=0.03 sys=0.00, real=0.01 secs] 
661.181: [GC (Allocation Failure) [PSYoungGen: 324701K->38066K(465920K)] 1312645K->1026327K(1658368K), 0.0059126 secs] [Times: user=0.02 sys=0.00, real=0.00 secs] 
661.450: [GC (Allocation Failure) [PSYoungGen: 271026K->183948K(465920K)] 1259287K->1173462K(1658368K), 0.0207308 secs] [Times: user=0.03 sys=0.00, real=0.02 secs] 
661.735: [GC (Allocation Failure) [PSYoungGen: 416908K->184430K(465920K)] 1406422K->1174346K(1658368K), 0.0206699 secs] [Times: user=0.03 sys=0.00, real=0.02 secs] 
663.129: [GC (Allocation Failure) [PSYoungGen: 409659K->92383K(465920K)] 1399575K->1082436K(1658368K), 0.0168258 secs] [Times: user=0.04 sys=0.00, real=0.01 secs] 
664.546: [GC (Allocation Failure) [PSYoungGen: 325343K->37877K(465920K)] 1315396K->1028243K(1658368K), 0.0105417 secs] [Times: user=0.03 sys=0.00, real=0.01 secs] 
664.901: [GC (Allocation Failure) [PSYoungGen: 270837K->184687K(465920K)] 1261203K->1176315K(1658368K), 0.0210841 secs] [Times: user=0.03 sys=0.01, real=0.02 secs] 
665.185: [GC (Allocation Failure) [PSYoungGen: 417647K->184719K(465920K)] 1409275K->1176756K(1658368K), 0.0208833 secs] [Times: user=0.03 sys=0.00, real=0.02 secs] 
666.023: [GC (Allocation Failure) [PSYoungGen: 407159K->91548K(465920K)] 1399196K->1083858K(1658368K), 0.0135494 secs] [Times: user=0.03 sys=0.00, real=0.01 secs] 
666.976: [GC (Allocation Failure) [PSYoungGen: 324508K->38005K(465920K)] 1316818K->1030501K(1658368K), 0.0058449 secs] [Times: user=0.01 sys=0.00, real=0.01 secs] 
667.305: [GC (Allocation Failure) [PSYoungGen: 270965K->184719K(465920K)] 1263461K->1178596K(1658368K), 0.0209884 secs] [Times: user=0.03 sys=0.00, real=0.02 secs] 
667.643: [GC (Allocation Failure) [PSYoungGen: 417679K->184623K(465920K)] 1411556K->1178645K(1658368K), 0.0207029 secs] [Times: user=0.03 sys=0.00, real=0.02 secs] 
668.507: [GC (Allocation Failure) [PSYoungGen: 407186K->91371K(465920K)] 1401209K->1085666K(1658368K), 0.0126489 secs] [Times: user=0.03 sys=0.00, real=0.02 secs] 
669.515: [GC (Allocation Failure) [PSYoungGen: 324331K->37877K(465920K)] 1318626K->1032480K(1658368K), 0.0058969 secs] [Times: user=0.02 sys=0.00, real=0.01 secs] 
669.790: [GC (Allocation Failure) [PSYoungGen: 270837K->183916K(465920K)] 1265440K->1179773K(1658368K), 0.0207085 secs] [Times: user=0.03 sys=0.00, real=0.02 secs] 
670.077: [GC (Allocation Failure) [PSYoungGen: 416876K->184494K(465920K)] 1412733K->1180632K(1658368K), 0.0206533 secs] [Times: user=0.03 sys=0.00, real=0.03 secs] 
671.197: [GC (Allocation Failure) [PSYoungGen: 408172K->92544K(465920K)] 1404311K->1088955K(1658368K), 0.0121418 secs] [Times: user=0.03 sys=0.00, real=0.02 secs] 
672.748: [GC (Allocation Failure) [PSYoungGen: 325504K->37459K(465920K)] 1321915K->1034168K(1658368K), 0.0070302 secs] [Times: user=0.02 sys=0.00, real=0.00 secs] 
673.035: [GC (Allocation Failure) [PSYoungGen: 270419K->184687K(465920K)] 1267128K->1182649K(1658368K), 0.0207255 secs] [Times: user=0.03 sys=0.00, real=0.02 secs] 
673.321: [GC (Allocation Failure) [PSYoungGen: 417647K->186486K(465920K)] 1415609K->1184850K(1658368K), 0.0207175 secs] [Times: user=0.03 sys=0.00, real=0.02 secs] 
674.697: [GC (Allocation Failure) [PSYoungGen: 408302K->90102K(465920K)] 1406666K->1088731K(1658368K), 0.0157180 secs] [Times: user=0.03 sys=0.00, real=0.01 secs] 
676.265: [GC (Allocation Failure) [PSYoungGen: 323062K->37684K(465920K)] 1321691K->1036493K(1658368K), 0.0071877 secs] [Times: user=0.02 sys=0.00, real=0.01 secs] 
676.556: [GC (Allocation Failure) [PSYoungGen: 270644K->184719K(465920K)] 1269453K->1184781K(1658368K), 0.0207718 secs] [Times: user=0.03 sys=0.00, real=0.02 secs] 
676.841: [GC (Allocation Failure) [PSYoungGen: 417679K->184173K(465920K)] 1417741K->1184644K(1658368K), 0.0205847 secs] [Times: user=0.03 sys=0.00, real=0.02 secs] 
678.268: [GC (Allocation Failure) [PSYoungGen: 409509K->92158K(465920K)] 1409981K->1092775K(1658368K), 0.0266783 secs] [Times: user=0.06 sys=0.00, real=0.02 secs] 
680.185: [GC (Allocation Failure) [PSYoungGen: 325118K->37845K(465920K)] 1325735K->1038767K(1658368K), 0.0070180 secs] [Times: user=0.01 sys=0.00, real=0.01 secs] 
680.467: [GC (Allocation Failure) [PSYoungGen: 270805K->184719K(465920K)] 1271727K->1186894K(1658368K), 0.0208106 secs] [Times: user=0.03 sys=0.00, real=0.03 secs] 
680.756: [GC (Allocation Failure) [PSYoungGen: 417679K->184623K(465920K)] 1419854K->1187071K(1658368K), 0.0210397 secs] [Times: user=0.03 sys=0.00, real=0.02 secs] 
682.022: [GC (Allocation Failure) [PSYoungGen: 407172K->91516K(465920K)] 1409621K->1094229K(1658368K), 0.0218270 secs] [Times: user=0.05 sys=0.00, real=0.02 secs] 
683.771: [GC (Allocation Failure) [PSYoungGen: 324476K->37588K(465920K)] 1327189K->1040615K(1658368K), 0.0101681 secs] [Times: user=0.03 sys=0.00, real=0.01 secs] 
684.180: [GC (Allocation Failure) [PSYoungGen: 270548K->182052K(465920K)] 1273575K->1186333K(1658368K), 0.0204811 secs] [Times: user=0.03 sys=0.00, real=0.02 secs] 
684.466: [GC (Allocation Failure) [PSYoungGen: 415012K->183594K(465920K)] 1419293K->1188157K(1658368K), 0.0207020 secs] [Times: user=0.03 sys=0.00, real=0.02 secs] 
685.800: [GC (Allocation Failure) [PSYoungGen: 411080K->95420K(465920K)] 1415643K->1100247K(1658368K), 0.0210883 secs] [Times: user=0.04 sys=0.00, real=0.02 secs] 
687.465: [GC (Allocation Failure) [PSYoungGen: 328380K->37845K(465920K)] 1333207K->1042978K(1658368K), 0.0073010 secs] [Times: user=0.02 sys=0.00, real=0.01 secs] 
687.822: [GC (Allocation Failure) [PSYoungGen: 270805K->184944K(465920K)] 1275938K->1191330K(1658368K), 0.0207893 secs] [Times: user=0.03 sys=0.00, real=0.02 secs] 
688.106: [GC (Allocation Failure) [PSYoungGen: 417904K->184687K(465920K)] 1424290K->1191475K(1658368K), 0.0207660 secs] [Times: user=0.03 sys=0.00, real=0.02 secs] 
688.725: [GC (Allocation Failure) [PSYoungGen: 406565K->91178K(465920K)] 1413353K->1098111K(1658368K), 0.0127640 secs] [Times: user=0.03 sys=0.00, real=0.02 secs] 
689.529: [GC (Allocation Failure) [PSYoungGen: 324138K->37973K(465920K)] 1331071K->1045214K(1658368K), 0.0059575 secs] [Times: user=0.01 sys=0.00, real=0.00 secs] 
689.859: [GC (Allocation Failure) [PSYoungGen: 270933K->184462K(465920K)] 1278174K->1193085K(1658368K), 0.0210073 secs] [Times: user=0.03 sys=0.00, real=0.02 secs] 
690.142: [GC (Allocation Failure) [PSYoungGen: 417422K->184526K(465920K)] 1426045K->1193294K(1658368K), 0.0208259 secs] [Times: user=0.03 sys=0.00, real=0.02 secs] 
692.636: [GC (Allocation Failure) [PSYoungGen: 407085K->91773K(465920K)] 1415853K->1100813K(1658368K), 0.0282385 secs] [Times: user=0.07 sys=0.00, real=0.03 secs] 
694.459: [GC (Allocation Failure) [PSYoungGen: 324733K->36881K(465920K)] 1333773K->1046235K(1658368K), 0.0079701 secs] [Times: user=0.03 sys=0.00, real=0.01 secs] 
694.767: [GC (Allocation Failure) [PSYoungGen: 269841K->184944K(465920K)] 1279195K->1195560K(1658368K), 0.0210193 secs] [Times: user=0.03 sys=0.00, real=0.02 secs] 
695.055: [GC (Allocation Failure) [PSYoungGen: 417904K->184205K(465920K)] 1428520K->1195101K(1658368K), 0.0205753 secs] [Times: user=0.03 sys=0.00, real=0.02 secs] 
696.738: [GC (Allocation Failure) [PSYoungGen: 408199K->92785K(465920K)] 1419096K->1103947K(1658368K), 0.0257788 secs] [Times: user=0.06 sys=0.00, real=0.02 secs] 
698.979: [GC (Allocation Failure) [PSYoungGen: 325745K->37427K(465920K)] 1336907K->1048887K(1658368K), 0.0081884 secs] [Times: user=0.02 sys=0.00, real=0.01 secs] 
699.286: [GC (Allocation Failure) [PSYoungGen: 270387K->184462K(465920K)] 1281847K->1197175K(1658368K), 0.0207468 secs] [Times: user=0.03 sys=0.00, real=0.02 secs] 
699.576: [GC (Allocation Failure) [PSYoungGen: 417422K->184237K(465920K)] 1430135K->1197223K(1658368K), 0.0207006 secs] [Times: user=0.03 sys=0.00, real=0.02 secs] 
700.663: [GC (Allocation Failure) [PSYoungGen: 409278K->92480K(465920K)] 1422264K->1105860K(1658368K), 0.0118349 secs] [Times: user=0.02 sys=0.00, real=0.01 secs] 
701.747: [GC (Allocation Failure) [PSYoungGen: 325440K->37748K(465920K)] 1338820K->1051313K(1658368K), 0.0063676 secs] [Times: user=0.02 sys=0.00, real=0.00 secs] 
702.016: [GC (Allocation Failure) [PSYoungGen: 270708K->184076K(465920K)] 1284273K->1198887K(1658368K), 0.0207234 secs] [Times: user=0.03 sys=0.00, real=0.02 secs] 
702.299: [GC (Allocation Failure) [PSYoungGen: 417036K->184590K(465920K)] 1431847K->1199682K(1658368K), 0.0208043 secs] [Times: user=0.03 sys=0.00, real=0.02 secs] 
702.909: [GC (Allocation Failure) [PSYoungGen: 409653K->92415K(465920K)] 1424745K->1107916K(1658368K), 0.0113815 secs] [Times: user=0.02 sys=0.00, real=0.01 secs] 
703.704: [GC (Allocation Failure) [PSYoungGen: 325375K->38005K(465920K)] 1340876K->1053686K(1658368K), 0.0059335 secs] [Times: user=0.02 sys=0.00, real=0.01 secs] 
703.973: [GC (Allocation Failure) [PSYoungGen: 270965K->184140K(465920K)] 1286646K->1201074K(1658368K), 0.0207427 secs] [Times: user=0.03 sys=0.00, real=0.02 secs] 
704.257: [GC (Allocation Failure) [PSYoungGen: 417100K->184751K(465920K)] 1434034K->1201983K(1658368K), 0.0207226 secs] [Times: user=0.03 sys=0.00, real=0.02 secs] 
706.236: [GC (Allocation Failure) [PSYoungGen: 407092K->91901K(465920K)] 1424324K->1109414K(1658368K), 0.0178482 secs] [Times: user=0.04 sys=0.00, real=0.02 secs] 
707.780: [GC (Allocation Failure) [PSYoungGen: 324861K->37716K(465920K)] 1342374K->1055534K(1658368K), 0.0100783 secs] [Times: user=0.03 sys=0.00, real=0.01 secs] 
708.116: [GC (Allocation Failure) [PSYoungGen: 270676K->184430K(465920K)] 1288494K->1203501K(1658368K), 0.0207355 secs] [Times: user=0.03 sys=0.00, real=0.02 secs] 
708.399: [GC (Allocation Failure) [PSYoungGen: 417390K->184526K(465920K)] 1436461K->1203871K(1658368K), 0.0206426 secs] [Times: user=0.03 sys=0.00, real=0.02 secs] 
709.920: [GC (Allocation Failure) [PSYoungGen: 407579K->91966K(465920K)] 1426924K->1111584K(1658368K), 0.0170222 secs] [Times: user=0.04 sys=0.00, real=0.02 secs] 
710.930: [GC (Allocation Failure) [PSYoungGen: 324926K->37877K(465920K)] 1344544K->1057816K(1658368K), 0.0062195 secs] [Times: user=0.01 sys=0.00, real=0.00 secs] 
711.200: [GC (Allocation Failure) [PSYoungGen: 270837K->184944K(465920K)] 1290776K->1206129K(1658368K), 0.0207111 secs] [Times: user=0.03 sys=0.00, real=0.02 secs] 
711.484: [GC (Allocation Failure) [PSYoungGen: 417904K->184301K(465920K)] 1439089K->1205767K(1658368K), 0.0208632 secs] [Times: user=0.03 sys=0.00, real=0.02 secs] 
713.854: [GC (Allocation Failure) [PSYoungGen: 407677K->91660K(465920K)] 1429143K->1113528K(1658368K), 0.0278435 secs] [Times: user=0.07 sys=0.00, real=0.03 secs] 
716.014: [GC (Allocation Failure) [PSYoungGen: 324620K->37716K(465920K)] 1346488K->1059782K(1658368K), 0.0083797 secs] [Times: user=0.02 sys=0.00, real=0.01 secs] 
716.406: [GC (Allocation Failure) [PSYoungGen: 270676K->184687K(465920K)] 1292742K->1207998K(1658368K), 0.0207502 secs] [Times: user=0.03 sys=0.00, real=0.02 secs] 
716.753: [GC (Allocation Failure) [PSYoungGen: 417647K->184366K(465920K)] 1440958K->1207950K(1658368K), 0.0209583 secs] [Times: user=0.03 sys=0.00, real=0.02 secs] 
718.153: [GC (Allocation Failure) [PSYoungGen: 406838K->91869K(465920K)] 1430422K->1115726K(1658368K), 0.0260656 secs] [Times: user=0.06 sys=0.00, real=0.03 secs] 
720.451: [GC (Allocation Failure) [PSYoungGen: 324829K->37684K(465920K)] 1348686K->1061847K(1658368K), 0.0088143 secs] [Times: user=0.02 sys=0.00, real=0.01 secs] 
720.849: [GC (Allocation Failure) [PSYoungGen: 270644K->184687K(465920K)] 1294807K->1210103K(1658368K), 0.0207758 secs] [Times: user=0.02 sys=0.00, real=0.02 secs] 
721.143: [GC (Allocation Failure) [PSYoungGen: 417647K->184398K(465920K)] 1443063K->1210095K(1658368K), 0.0207836 secs] [Times: user=0.03 sys=0.00, real=0.02 secs] 
721.962: [GC (Allocation Failure) [PSYoungGen: 409442K->91837K(465920K)] 1435140K->1117808K(1658368K), 0.0143199 secs] [Times: user=0.03 sys=0.00, real=0.01 secs] 
722.790: [GC (Allocation Failure) [PSYoungGen: 324797K->37973K(465920K)] 1350768K->1064257K(1658368K), 0.0061140 secs] [Times: user=0.01 sys=0.00, real=0.00 secs] 
723.060: [GC (Allocation Failure) [PSYoungGen: 270933K->184847K(465920K)] 1297217K->1212377K(1658368K), 0.0206847 secs] [Times: user=0.03 sys=0.00, real=0.02 secs] 
723.403: [GC (Allocation Failure) [PSYoungGen: 417807K->184558K(465920K)] 1445337K->1212361K(1658368K), 0.0206627 secs] [Times: user=0.03 sys=0.00, real=0.02 secs] 
724.105: [GC (Allocation Failure) [PSYoungGen: 407315K->91387K(465920K)] 1435118K->1119463K(1658368K), 0.0130179 secs] [Times: user=0.03 sys=0.00, real=0.02 secs] 
725.312: [GC (Allocation Failure) [PSYoungGen: 324347K->37909K(465920K)] 1352423K->1066298K(1658368K), 0.0076096 secs] [Times: user=0.02 sys=0.00, real=0.01 secs] 
725.604: [GC (Allocation Failure) [PSYoungGen: 270869K->184044K(465920K)] 1299258K->1213679K(1658368K), 0.0205708 secs] [Times: user=0.03 sys=0.00, real=0.02 secs] 
725.889: [GC (Allocation Failure) [PSYoungGen: 417004K->184558K(465920K)] 1446639K->1214475K(1658368K), 0.0207342 secs] [Times: user=0.03 sys=0.00, real=0.02 secs] 
726.531: [GC (Allocation Failure) [PSYoungGen: 409617K->92255K(465920K)] 1439533K->1122573K(1658368K), 0.0115640 secs] [Times: user=0.03 sys=0.00, real=0.01 secs] 
727.822: [GC (Allocation Failure) [PSYoungGen: 325215K->37748K(465920K)] 1355533K->1068243K(1658368K), 0.0069431 secs] [Times: user=0.02 sys=0.00, real=0.01 secs] 
728.098: [GC (Allocation Failure) [PSYoungGen: 270708K->184687K(465920K)] 1301203K->1216435K(1658368K), 0.0207848 secs] [Times: user=0.03 sys=0.00, real=0.02 secs] 
728.382: [GC (Allocation Failure) [PSYoungGen: 417647K->184719K(465920K)] 1449395K->1216740K(1658368K), 0.0207381 secs] [Times: user=0.03 sys=0.00, real=0.02 secs] 
729.719: [GC (Allocation Failure) [PSYoungGen: 407275K->91612K(465920K)] 1439297K->1123907K(1658368K), 0.0156543 secs] [Times: user=0.03 sys=0.00, real=0.01 secs] 
730.979: [GC (Allocation Failure) [PSYoungGen: 324572K->37748K(465920K)] 1356867K->1070351K(1658368K), 0.0061095 secs] [Times: user=0.01 sys=0.00, real=0.00 secs] 
731.311: [GC (Allocation Failure) [PSYoungGen: 270708K->183787K(465920K)] 1303311K->1217643K(1658368K), 0.0207485 secs] [Times: user=0.03 sys=0.00, real=0.02 secs] 
731.654: [GC (Allocation Failure) [PSYoungGen: 416747K->184398K(465920K)] 1450603K->1218527K(1658368K), 0.0210034 secs] [Times: user=0.03 sys=0.00, real=0.02 secs] 
732.374: [GC (Allocation Failure) [PSYoungGen: 409630K->92769K(465920K)] 1443759K->1127163K(1658368K), 0.0133721 secs] [Times: user=0.03 sys=0.00, real=0.02 secs] 
733.187: [GC (Allocation Failure) [PSYoungGen: 325729K->38034K(465920K)] 1360123K->1072742K(1658368K), 0.0059465 secs] [Times: user=0.02 sys=0.00, real=0.00 secs] 
733.457: [GC (Allocation Failure) [PSYoungGen: 270994K->184719K(465920K)] 1305702K->1220680K(1658368K), 0.0206555 secs] [Times: user=0.03 sys=0.00, real=0.03 secs] 
733.742: [GC (Allocation Failure) [PSYoungGen: 417679K->184655K(465920K)] 1453640K->1221018K(1658368K), 0.0207548 secs] [Times: user=0.03 sys=0.00, real=0.02 secs] 
734.823: [GC (Allocation Failure) [PSYoungGen: 407335K->91355K(465920K)] 1443698K->1127999K(1658368K), 0.0132125 secs] [Times: user=0.03 sys=0.00, real=0.01 secs] 
736.286: [GC (Allocation Failure) [PSYoungGen: 324315K->37459K(465920K)] 1360959K->1074285K(1658368K), 0.0069224 secs] [Times: user=0.01 sys=0.01, real=0.01 secs] 
736.567: [GC (Allocation Failure) [PSYoungGen: 270419K->183819K(465920K)] 1307245K->1221898K(1658368K), 0.0209107 secs] [Times: user=0.03 sys=0.00, real=0.03 secs] 
736.860: [GC (Allocation Failure) [PSYoungGen: 416779K->184687K(465920K)] 1454858K->1223047K(1658368K), 0.0208724 secs] [Times: user=0.03 sys=0.00, real=0.02 secs] 
738.348: [GC (Allocation Failure) [PSYoungGen: 408577K->92737K(465920K)] 1446937K->1131362K(1658368K), 0.0138650 secs] [Times: user=0.03 sys=0.00, real=0.01 secs] 
740.592: [GC (Allocation Failure) [PSYoungGen: 325697K->37877K(465920K)] 1364322K->1076824K(1658368K), 0.0076376 secs] [Times: user=0.02 sys=0.00, real=0.01 secs] 
740.886: [GC (GCLocker Initiated GC) [PSYoungGen: 270837K->184558K(465920K)] 1309784K->1224759K(1658368K), 0.0207417 secs] [Times: user=0.03 sys=0.00, real=0.02 secs] 
741.224: [GC (Allocation Failure) [PSYoungGen: 417518K->184815K(465920K)] 1458844K->1226414K(1658368K), 0.0209114 secs] [Times: user=0.03 sys=0.00, real=0.02 secs] 
743.548: [GC (Allocation Failure) [PSYoungGen: 407200K->90616K(465920K)] 1448799K->1132231K(1658368K), 0.0177689 secs] [Times: user=0.04 sys=0.00, real=0.01 secs] 
745.152: [GC (Allocation Failure) [PSYoungGen: 323576K->37874K(465920K)] 1365191K->1079829K(1658368K), 0.0071283 secs] [Times: user=0.02 sys=0.00, real=0.01 secs] 
745.437: [GC (Allocation Failure) [PSYoungGen: 270834K->184494K(465920K)] 1312789K->1227838K(1658368K), 0.0210485 secs] [Times: user=0.03 sys=0.00, real=0.02 secs] 
745.721: [GC (Allocation Failure) [PSYoungGen: 417454K->184301K(465920K)] 1460798K->1227798K(1658368K), 0.0205906 secs] [Times: user=0.03 sys=0.00, real=0.02 secs] 
746.856: [GC (Allocation Failure) [PSYoungGen: 409422K->92126K(465920K)] 1452919K->1135897K(1658368K), 0.0126196 secs] [Times: user=0.03 sys=0.00, real=0.02 secs] 
748.462: [GC (Allocation Failure) [PSYoungGen: 325086K->37299K(465920K)] 1368857K->1081379K(1658368K), 0.0071226 secs] [Times: user=0.02 sys=0.00, real=0.01 secs] 
748.746: [GC (Allocation Failure) [PSYoungGen: 270259K->184719K(465920K)] 1314339K->1230053K(1658368K), 0.0210371 secs] [Times: user=0.03 sys=0.00, real=0.02 secs] 
749.037: [GC (Allocation Failure) [PSYoungGen: 417679K->184655K(465920K)] 1463013K->1230262K(1658368K), 0.0208967 secs] [Times: user=0.03 sys=0.00, real=0.03 secs] 
751.454: [GC (Allocation Failure) [PSYoungGen: 409766K->91966K(465920K)] 1455373K->1137838K(1658368K), 0.0256943 secs] [Times: user=0.05 sys=0.00, real=0.03 secs] 
752.966: [GC (Allocation Failure) [PSYoungGen: 324926K->38005K(465920K)] 1370798K->1084183K(1658368K), 0.0062931 secs] [Times: user=0.01 sys=0.00, real=0.01 secs] 
753.236: [GC (Allocation Failure) [PSYoungGen: 270965K->184687K(465920K)] 1317143K->1232118K(1658368K), 0.0211219 secs] [Times: user=0.03 sys=0.00, real=0.03 secs] 
753.520: [GC (Allocation Failure) [PSYoungGen: 417647K->184655K(465920K)] 1465078K->1232359K(1658368K), 0.0208712 secs] [Times: user=0.03 sys=0.00, real=0.02 secs] 
754.708: [GC (Allocation Failure) [PSYoungGen: 407333K->91355K(465920K)] 1455038K->1139325K(1658368K), 0.0271100 secs] [Times: user=0.06 sys=0.00, real=0.02 secs] 
755.672: [GC (Allocation Failure) [PSYoungGen: 324315K->38134K(465920K)] 1372285K->1086419K(1658368K), 0.0062237 secs] [Times: user=0.02 sys=0.00, real=0.01 secs] 
755.944: [GC (Allocation Failure) [PSYoungGen: 271094K->184719K(465920K)] 1319379K->1234387K(1658368K), 0.0211002 secs] [Times: user=0.03 sys=0.00, real=0.02 secs] 
756.229: [GC (Allocation Failure) [PSYoungGen: 417679K->184719K(465920K)] 1467347K->1234531K(1658368K), 0.0210109 secs] [Times: user=0.03 sys=0.00, real=0.02 secs] 
757.509: [GC (Allocation Failure) [PSYoungGen: 407143K->91226K(465920K)] 1456955K->1141312K(1658368K), 0.0210623 secs] [Times: user=0.05 sys=0.00, real=0.02 secs] 
758.324: [GC (Allocation Failure) [PSYoungGen: 324186K->38102K(465920K)] 1374272K->1088495K(1658368K), 0.0059393 secs] [Times: user=0.01 sys=0.00, real=0.01 secs] 
758.658: [GC (Allocation Failure) [PSYoungGen: 271062K->184719K(465920K)] 1321455K->1236494K(1658368K), 0.0210361 secs] [Times: user=0.03 sys=0.00, real=0.02 secs] 
758.998: [GC (Allocation Failure) [PSYoungGen: 417679K->184687K(465920K)] 1469454K->1236606K(1658368K), 0.0206377 secs] [Times: user=0.03 sys=0.00, real=0.02 secs] 
760.156: [GC (Allocation Failure) [PSYoungGen: 407125K->91226K(465920K)] 1459045K->1143411K(1658368K), 0.0138023 secs] [Times: user=0.03 sys=0.00, real=0.02 secs] 
761.471: [GC (Allocation Failure) [PSYoungGen: 324186K->37813K(465920K)] 1376371K->1090303K(1658368K), 0.0094219 secs] [Times: user=0.03 sys=0.00, real=0.01 secs] 
761.878: [GC (Allocation Failure) [PSYoungGen: 270773K->184687K(465920K)] 1323263K->1238431K(1658368K), 0.0213656 secs] [Times: user=0.03 sys=0.00, real=0.02 secs] 
762.223: [GC (Allocation Failure) [PSYoungGen: 417647K->184655K(465920K)] 1471391K->1238672K(1658368K), 0.0207576 secs] [Times: user=0.03 sys=0.00, real=0.02 secs] 
763.007: [GC (Allocation Failure) [PSYoungGen: 407215K->91452K(465920K)] 1461232K->1145742K(1658368K), 0.0131663 secs] [Times: user=0.03 sys=0.00, real=0.01 secs] 
764.681: [GC (Allocation Failure) [PSYoungGen: 324412K->37716K(465920K)] 1378702K->1092314K(1658368K), 0.0085712 secs] [Times: user=0.02 sys=0.00, real=0.01 secs] 
764.988: [GC (Allocation Failure) [PSYoungGen: 270676K->184719K(465920K)] 1325274K->1240570K(1658368K), 0.0211637 secs] [Times: user=0.03 sys=0.00, real=0.02 secs] 
765.277: [GC (Allocation Failure) [PSYoungGen: 417679K->184655K(465920K)] 1473530K->1240779K(1658368K), 0.0208749 secs] [Times: user=0.03 sys=0.00, real=0.02 secs] 
767.970: [GC (Allocation Failure) [PSYoungGen: 407210K->91580K(465920K)] 1463335K->1147970K(1658368K), 0.0285854 secs] [Times: user=0.07 sys=0.00, real=0.03 secs] 
768.881: [GC (Allocation Failure) [PSYoungGen: 324540K->38134K(465920K)] 1380930K->1094839K(1658368K), 0.0060204 secs] [Times: user=0.02 sys=0.00, real=0.01 secs] 
769.151: [GC (Allocation Failure) [PSYoungGen: 271094K->184687K(465920K)] 1327799K->1242766K(1658368K), 0.0208725 secs] [Times: user=0.03 sys=0.00, real=0.02 secs] 
769.435: [GC (Allocation Failure) [PSYoungGen: 417647K->184655K(465920K)] 1475726K->1242879K(1658368K), 0.0206263 secs] [Times: user=0.03 sys=0.00, real=0.02 secs] 
770.553: [GC (Allocation Failure) [PSYoungGen: 407080K->91242K(465920K)] 1465304K->1149740K(1658368K), 0.0215951 secs] [Times: user=0.05 sys=0.00, real=0.02 secs] 
771.783: [GC (Allocation Failure) [PSYoungGen: 324202K->37941K(465920K)] 1382700K->1096746K(1658368K), 0.0081086 secs] [Times: user=0.02 sys=0.00, real=0.01 secs] 
772.125: [GC (Allocation Failure) [PSYoungGen: 270901K->184719K(465920K)] 1329706K->1244777K(1658368K), 0.0209259 secs] [Times: user=0.03 sys=0.00, real=0.02 secs] 
772.419: [GC (Allocation Failure) [PSYoungGen: 417679K->184655K(465920K)] 1477737K->1244986K(1658368K), 0.0206947 secs] [Times: user=0.03 sys=0.00, real=0.02 secs] 
773.563: [GC (Allocation Failure) [PSYoungGen: 407215K->91355K(465920K)] 1467547K->1151959K(1658368K), 0.0160107 secs] [Times: user=0.04 sys=0.00, real=0.02 secs] 
774.424: [GC (Allocation Failure) [PSYoungGen: 324315K->38005K(465920K)] 1384919K->1098926K(1658368K), 0.0084743 secs] [Times: user=0.02 sys=0.00, real=0.01 secs] 
774.772: [GC (Allocation Failure) [PSYoungGen: 270965K->184751K(465920K)] 1331886K->1246925K(1658368K), 0.0207996 secs] [Times: user=0.03 sys=0.00, real=0.02 secs] 
775.117: [GC (Allocation Failure) [PSYoungGen: 417711K->184655K(465920K)] 1479885K->1247102K(1658368K), 0.0209095 secs] [Times: user=0.03 sys=0.00, real=0.03 secs] 
775.736: [GC (Allocation Failure) [PSYoungGen: 407210K->91355K(465920K)] 1469657K->1154083K(1658368K), 0.0138123 secs] [Times: user=0.03 sys=0.00, real=0.02 secs] 
776.589: [GC (Allocation Failure) [PSYoungGen: 324315K->37941K(465920K)] 1387043K->1100975K(1658368K), 0.0103700 secs] [Times: user=0.02 sys=0.00, real=0.01 secs] 
776.932: [GC (Allocation Failure) [PSYoungGen: 270901K->184687K(465920K)] 1333935K->1248966K(1658368K), 0.0207675 secs] [Times: user=0.03 sys=0.00, real=0.02 secs] 
777.216: [GC (Allocation Failure) [PSYoungGen: 417647K->184655K(465920K)] 1481926K->1249215K(1658368K), 0.0207902 secs] [Times: user=0.03 sys=0.00, real=0.03 secs] 
778.011: [GC (Allocation Failure) [PSYoungGen: 407210K->91371K(465920K)] 1471771K->1156197K(1658368K), 0.0143837 secs] [Times: user=0.03 sys=0.00, real=0.01 secs] 
779.354: [GC (Allocation Failure) [PSYoungGen: 324331K->37813K(465920K)] 1389157K->1102952K(1658368K), 0.0074714 secs] [Times: user=0.02 sys=0.00, real=0.01 secs] 
779.639: [GC (Allocation Failure) [PSYoungGen: 270773K->183916K(465920K)] 1335912K->1250301K(1658368K), 0.0207815 secs] [Times: user=0.03 sys=0.00, real=0.02 secs] 
779.923: [GC (Allocation Failure) [PSYoungGen: 416876K->184815K(465920K)] 1483261K->1251481K(1658368K), 0.0209721 secs] [Times: user=0.03 sys=0.00, real=0.02 secs] 
781.067: [GC (Allocation Failure) [PSYoungGen: 410135K->92126K(465920K)] 1476801K->1159186K(1658368K), 0.0148924 secs] [Times: user=0.03 sys=0.00, real=0.02 secs] 
782.044: [GC (Allocation Failure) [PSYoungGen: 325086K->38102K(465920K)] 1392146K->1105337K(1658368K), 0.0070919 secs] [Times: user=0.02 sys=0.00, real=0.01 secs] 
782.385: [GC (Allocation Failure) [PSYoungGen: 271062K->184719K(465920K)] 1338297K->1253328K(1658368K), 0.0209867 secs] [Times: user=0.03 sys=0.00, real=0.02 secs] 
782.684: [GC (Allocation Failure) [PSYoungGen: 417679K->184719K(465920K)] 1486288K->1253601K(1658368K), 0.0209111 secs] [Times: user=0.03 sys=0.00, real=0.02 secs] 
783.344: [GC (Allocation Failure) [PSYoungGen: 407152K->91210K(465920K)] 1476035K->1160358K(1658368K), 0.0131862 secs] [Times: user=0.03 sys=0.00, real=0.02 secs] 
784.773: [GC (Allocation Failure) [PSYoungGen: 324170K->37909K(465920K)] 1393318K->1107225K(1658368K), 0.0085724 secs] [Times: user=0.03 sys=0.00, real=0.01 secs] 
785.164: [GC (Allocation Failure) [PSYoungGen: 270869K->184687K(465920K)] 1340185K->1255265K(1658368K), 0.0208463 secs] [Times: user=0.03 sys=0.00, real=0.02 secs] 
785.497: [GC (Allocation Failure) [PSYoungGen: 417647K->184655K(465920K)] 1488225K->1255506K(1658368K), 0.0208093 secs] [Times: user=0.03 sys=0.00, real=0.02 secs] 
787.150: [GC (Allocation Failure) [PSYoungGen: 407200K->91467K(465920K)] 1478051K->1162592K(1658368K), 0.0132768 secs] [Times: user=0.03 sys=0.00, real=0.01 secs] 
788.961: [GC (Allocation Failure) [PSYoungGen: 324427K->38005K(465920K)] 1395552K->1109435K(1658368K), 0.0073425 secs] [Times: user=0.02 sys=0.00, real=0.01 secs] 
789.243: [GC (Allocation Failure) [PSYoungGen: 270965K->183916K(465920K)] 1342395K->1256591K(1658368K), 0.0206823 secs] [Times: user=0.03 sys=0.00, real=0.02 secs] 
789.527: [GC (Allocation Failure) [PSYoungGen: 416876K->184847K(465920K)] 1489551K->1257796K(1658368K), 0.0206945 secs] [Times: user=0.03 sys=0.00, real=0.02 secs] 
790.416: [GC (Allocation Failure) [PSYoungGen: 410156K->91998K(465920K)] 1483105K->1165340K(1658368K), 0.0133686 secs] [Times: user=0.03 sys=0.00, real=0.02 secs] 
791.896: [GC (Allocation Failure) [PSYoungGen: 324958K->37877K(465920K)] 1398300K->1111406K(1658368K), 0.0077020 secs] [Times: user=0.03 sys=0.00, real=0.01 secs] 
792.189: [GC (Allocation Failure) [PSYoungGen: 270837K->184173K(465920K)] 1344366K->1258956K(1658368K), 0.0207430 secs] [Times: user=0.03 sys=0.00, real=0.02 secs] 
792.478: [GC (Allocation Failure) [PSYoungGen: 417133K->184944K(465920K)] 1491916K->1260000K(1658368K), 0.0207330 secs] [Times: user=0.03 sys=0.00, real=0.02 secs] 
793.498: [GC (Allocation Failure) [PSYoungGen: 407648K->91757K(465920K)] 1482704K->1167086K(1658368K), 0.0118738 secs] [Times: user=0.03 sys=0.00, real=0.01 secs] 
795.465: [GC (Allocation Failure) [PSYoungGen: 324717K->37009K(465920K)] 1400046K->1112655K(1658368K), 0.0066850 secs] [Times: user=0.02 sys=0.00, real=0.01 secs] 
795.793: [GC (Allocation Failure) [PSYoungGen: 269969K->184301K(465920K)] 1345615K->1261200K(1658368K), 0.0207598 secs] [Times: user=0.03 sys=0.00, real=0.02 secs] 
796.077: [GC (Allocation Failure) [PSYoungGen: 417261K->184558K(465920K)] 1494160K->1261738K(1658368K), 0.0206926 secs] [Times: user=0.03 sys=0.00, real=0.03 secs] 
797.478: [GC (Allocation Failure) [PSYoungGen: 409719K->92929K(465920K)] 1486899K->1170375K(1658368K), 0.0143019 secs] [Times: user=0.03 sys=0.00, real=0.01 secs] 
799.559: [GC (Allocation Failure) [PSYoungGen: 325889K->37363K(465920K)] 1403335K->1115114K(1658368K), 0.0071694 secs] [Times: user=0.02 sys=0.00, real=0.00 secs] 
799.843: [GC (Allocation Failure) [PSYoungGen: 270323K->184719K(465920K)] 1348074K->1263723K(1658368K), 0.0207945 secs] [Times: user=0.03 sys=0.00, real=0.02 secs] 
800.185: [GC (Allocation Failure) [PSYoungGen: 417679K->184687K(465920K)] 1496683K->1263964K(1658368K), 0.0208222 secs] [Times: user=0.03 sys=0.00, real=0.02 secs] 
801.407: [GC (Allocation Failure) [PSYoungGen: 409817K->92030K(465920K)] 1489095K->1171580K(1658368K), 0.0157926 secs] [Times: user=0.04 sys=0.00, real=0.02 secs] 
803.272: [GC (Allocation Failure) [PSYoungGen: 324990K->37427K(465920K)] 1404540K->1117276K(1658368K), 0.0078380 secs] [Times: user=0.02 sys=0.00, real=0.01 secs] 
803.573: [GC (Allocation Failure) [PSYoungGen: 270387K->184301K(465920K)] 1350236K->1265387K(1658368K), 0.0207298 secs] [Times: user=0.03 sys=0.00, real=0.02 secs] 
803.915: [GC (Allocation Failure) [PSYoungGen: 417261K->184558K(465920K)] 1498347K->1266046K(1658368K), 0.0210641 secs] [Times: user=0.03 sys=0.00, real=0.02 secs] 
804.575: [GC (Allocation Failure) [PSYoungGen: 408094K->92431K(465920K)] 1489582K->1174087K(1658368K), 0.0130048 secs] [Times: user=0.03 sys=0.00, real=0.02 secs] 
805.399: [GC (Allocation Failure) [PSYoungGen: 325391K->37845K(465920K)] 1407047K->1119811K(1658368K), 0.0071179 secs] [Times: user=0.02 sys=0.00, real=0.00 secs] 
805.675: [GC (Allocation Failure) [PSYoungGen: 270805K->183658K(465920K)] 1352771K->1266870K(1658368K), 0.0206596 secs] [Times: user=0.03 sys=0.00, real=0.02 secs] 
806.018: [GC (Allocation Failure) [PSYoungGen: 416618K->184590K(465920K)] 1499830K->1268075K(1658368K), 0.0208019 secs] [Times: user=0.03 sys=0.00, real=0.02 secs] 
806.760: [GC (Allocation Failure) [PSYoungGen: 409901K->92656K(465920K)] 1493386K->1176543K(1658368K), 0.0127602 secs] [Times: user=0.03 sys=0.00, real=0.01 secs] 
808.318: [GC (Allocation Failure) [PSYoungGen: 325616K->37748K(465920K)] 1409503K->1121812K(1658368K), 0.0079675 secs] [Times: user=0.02 sys=0.01, real=0.00 secs] 
808.617: [GC (Allocation Failure) [PSYoungGen: 270708K->184558K(465920K)] 1354772K->1269875K(1658368K), 0.0210912 secs] [Times: user=0.03 sys=0.00, real=0.02 secs] 
808.901: [GC (Allocation Failure) [PSYoungGen: 417518K->184333K(465920K)] 1502835K->1269923K(1658368K), 0.0209676 secs] [Times: user=0.03 sys=0.00, real=0.02 secs] 
809.661: [GC (Allocation Failure) [PSYoungGen: 409220K->92126K(465920K)] 1494810K->1177989K(1658368K), 0.0133470 secs] [Times: user=0.03 sys=0.00, real=0.01 secs] 
811.226: [GC (Allocation Failure) [PSYoungGen: 325086K->37748K(465920K)] 1410949K->1123928K(1658368K), 0.0077094 secs] [Times: user=0.02 sys=0.00, real=0.01 secs] 
811.594: [GC (Allocation Failure) [PSYoungGen: 270708K->184558K(465920K)] 1356888K->1271991K(1658368K), 0.0208584 secs] [Times: user=0.03 sys=0.00, real=0.02 secs] 
811.880: [GC (Allocation Failure) [PSYoungGen: 417518K->184719K(465920K)] 1504951K->1272425K(1658368K), 0.0211010 secs] [Times: user=0.03 sys=0.00, real=0.02 secs] 
812.507: [GC (Allocation Failure) [PSYoungGen: 407169K->91725K(465920K)] 1494875K->1179824K(1658368K), 0.0129752 secs] [Times: user=0.03 sys=0.00, real=0.01 secs] 
813.625: [GC (Allocation Failure) [PSYoungGen: 324685K->37716K(465920K)] 1412784K->1125985K(1658368K), 0.0072109 secs] [Times: user=0.02 sys=0.00, real=0.01 secs] 
813.907: [GC (Allocation Failure) [PSYoungGen: 270676K->184783K(465920K)] 1358945K->1274305K(1658368K), 0.0209892 secs] [Times: user=0.03 sys=0.00, real=0.02 secs] 
814.196: [GC (Allocation Failure) [PSYoungGen: 417743K->184687K(465920K)] 1507265K->1274506K(1658368K), 0.0210629 secs] [Times: user=0.03 sys=0.00, real=0.03 secs] 
814.949: [GC (Allocation Failure) [PSYoungGen: 407245K->91644K(465920K)] 1497064K->1181729K(1658368K), 0.0127473 secs] [Times: user=0.03 sys=0.00, real=0.01 secs] 
815.918: [GC (Allocation Failure) [PSYoungGen: 324604K->38005K(465920K)] 1414689K->1128403K(1658368K), 0.0073738 secs] [Times: user=0.02 sys=0.00, real=0.00 secs] 
816.200: [GC (Allocation Failure) [PSYoungGen: 270965K->183787K(465920K)] 1361363K->1275431K(1658368K), 0.0208637 secs] [Times: user=0.03 sys=0.00, real=0.02 secs] 
816.485: [GC (Allocation Failure) [PSYoungGen: 416747K->184687K(465920K)] 1508391K->1276604K(1658368K), 0.0207820 secs] [Times: user=0.03 sys=0.00, real=0.02 secs] 
818.026: [GC (Allocation Failure) [PSYoungGen: 410097K->92287K(465920K)] 1502014K->1184469K(1658368K), 0.0277432 secs] [Times: user=0.07 sys=0.00, real=0.03 secs] 
819.590: [GC (Allocation Failure) [PSYoungGen: 325247K->37845K(465920K)] 1417429K->1130326K(1658368K), 0.0079714 secs] [Times: user=0.02 sys=0.00, real=0.01 secs] 
819.892: [GC (Allocation Failure) [PSYoungGen: 270805K->184590K(465920K)] 1363286K->1278325K(1658368K), 0.0209411 secs] [Times: user=0.03 sys=0.00, real=0.02 secs] 
820.176: [GC (Allocation Failure) [PSYoungGen: 417550K->184301K(465920K)] 1511285K->1278317K(1658368K), 0.0208107 secs] [Times: user=0.03 sys=0.00, real=0.03 secs] 
821.151: [GC (Allocation Failure) [PSYoungGen: 409178K->91998K(465920K)] 1503195K->1186287K(1658368K), 0.0156283 secs] [Times: user=0.03 sys=0.00, real=0.02 secs] 
822.353: [GC (Allocation Failure) [PSYoungGen: 324958K->37877K(465920K)] 1419247K->1132480K(1658368K), 0.0078982 secs] [Times: user=0.02 sys=0.00, real=0.01 secs] 
822.653: [GC (Allocation Failure) [PSYoungGen: 270837K->184205K(465920K)] 1365440K->1280061K(1658368K), 0.0210866 secs] [Times: user=0.03 sys=0.00, real=0.02 secs] 
822.938: [GC (Allocation Failure) [PSYoungGen: 417165K->184590K(465920K)] 1513021K->1280720K(1658368K), 0.0209233 secs] [Times: user=0.04 sys=0.00, real=0.02 secs] 
824.913: [GC (Allocation Failure) [PSYoungGen: 407685K->92126K(465920K)] 1503815K->1188521K(1658368K), 0.0183119 secs] [Times: user=0.04 sys=0.00, real=0.02 secs] 
825.790: [GC (Allocation Failure) [PSYoungGen: 325086K->38005K(465920K)] 1421481K->1134722K(1658368K), 0.0061526 secs] [Times: user=0.01 sys=0.00, real=0.00 secs] 
826.060: [GC (Allocation Failure) [PSYoungGen: 270965K->184430K(465920K)] 1367682K->1282400K(1658368K), 0.0210605 secs] [Times: user=0.03 sys=0.00, real=0.02 secs] 
826.343: [GC (Allocation Failure) [PSYoungGen: 417390K->184333K(465920K)] 1515360K->1282576K(1658368K), 0.0206216 secs] [Times: user=0.03 sys=0.00, real=0.02 secs] 
829.157: [GC (Allocation Failure) [PSYoungGen: 409379K->91998K(465920K)] 1507622K->1190634K(1658368K), 0.0147952 secs] [Times: user=0.03 sys=0.00, real=0.02 secs] 
830.100: [GC (Allocation Failure) [PSYoungGen: 324958K->37845K(465920K)] 1423594K->1136663K(1658368K), 0.0060816 secs] [Times: user=0.02 sys=0.01, real=0.00 secs] 
830.424: [GC (Allocation Failure) [PSYoungGen: 270805K->184687K(465920K)] 1369623K->1284759K(1658368K), 0.0209931 secs] [Times: user=0.03 sys=0.00, real=0.02 secs] 
830.708: [GC (Allocation Failure) [PSYoungGen: 417647K->184687K(465920K)] 1517719K->1285032K(1658368K), 0.0207613 secs] [Times: user=0.03 sys=0.00, real=0.02 secs] 
831.517: [GC (Allocation Failure) [PSYoungGen: 407248K->91452K(465920K)] 1507593K->1192078K(1658368K), 0.0125751 secs] [Times: user=0.03 sys=0.00, real=0.02 secs] 
832.319: [GC (Allocation Failure) [PSYoungGen: 324412K->38005K(465920K)] 1425038K->1138947K(1658368K), 0.0062106 secs] [Times: user=0.02 sys=0.00, real=0.00 secs] 
832.587: [GC (Allocation Failure) [PSYoungGen: 270965K->183948K(465920K)] 1371907K->1286143K(1658368K), 0.0208986 secs] [Times: user=0.03 sys=0.00, real=0.02 secs] 
832.876: [GC (Allocation Failure) [PSYoungGen: 416908K->184398K(465920K)] 1519103K->1286866K(1658368K), 0.0207788 secs] [Times: user=0.03 sys=0.00, real=0.03 secs] 
833.479: [GC (Allocation Failure) [PSYoungGen: 409610K->92415K(465920K)] 1512078K->1195157K(1658368K), 0.0116111 secs] [Times: user=0.02 sys=0.00, real=0.01 secs] 
834.446: [GC (Allocation Failure) [PSYoungGen: 325375K->37877K(465920K)] 1428117K->1140920K(1658368K), 0.0060867 secs] [Times: user=0.01 sys=0.00, real=0.01 secs] 
834.716: [GC (Allocation Failure) [PSYoungGen: 270837K->184205K(465920K)] 1373880K->1288509K(1658368K), 0.0211979 secs] [Times: user=0.03 sys=0.00, real=0.02 secs] 
835.000: [GC (Allocation Failure) [PSYoungGen: 417165K->184558K(465920K)] 1521469K->1289144K(1658368K), 0.0208908 secs] [Times: user=0.03 sys=0.00, real=0.02 secs] 
835.616: [GC (Allocation Failure) [PSYoungGen: 407622K->92126K(465920K)] 1512208K->1196985K(1658368K), 0.0116495 secs] [Times: user=0.03 sys=0.00, real=0.02 secs] 
836.407: [GC (Allocation Failure) [PSYoungGen: 325086K->37877K(465920K)] 1429945K->1143049K(1658368K), 0.0062335 secs] [Times: user=0.02 sys=0.00, real=0.00 secs] 
836.678: [GC (Allocation Failure) [PSYoungGen: 270837K->184462K(465920K)] 1376009K->1290880K(1658368K), 0.0209687 secs] [Times: user=0.03 sys=0.00, real=0.02 secs] 
836.961: [GC (Allocation Failure) [PSYoungGen: 417422K->184590K(465920K)] 1523840K->1291281K(1658368K), 0.0215187 secs] [Times: user=0.03 sys=0.00, real=0.02 secs] 
839.392: [GC (Allocation Failure) [PSYoungGen: 407649K->91837K(465920K)] 1514340K->1198809K(1658368K), 0.0213818 secs] [Times: user=0.05 sys=0.00, real=0.02 secs] 
840.850: [GC (Allocation Failure) [PSYoungGen: 324797K->37874K(465920K)] 1431769K->1145168K(1658368K), 0.0063125 secs] [Times: user=0.02 sys=0.00, real=0.00 secs] 
841.180: [GC (Allocation Failure) [PSYoungGen: 270834K->184430K(465920K)] 1378128K->1293106K(1658368K), 0.0210554 secs] [Times: user=0.03 sys=0.00, real=0.02 secs] 
841.464: [GC (Allocation Failure) [PSYoungGen: 417390K->184558K(465920K)] 1526066K->1293387K(1658368K), 0.0207953 secs] [Times: user=0.03 sys=0.00, real=0.02 secs] 
842.085: [GC (Allocation Failure) [PSYoungGen: 407105K->91869K(465920K)] 1515934K->1200971K(1658368K), 0.0119789 secs] [Times: user=0.03 sys=0.00, real=0.02 secs] 
842.895: [GC (Allocation Failure) [PSYoungGen: 324829K->38005K(465920K)] 1433931K->1147423K(1658368K), 0.0062335 secs] [Times: user=0.01 sys=0.00, real=0.01 secs] 
843.166: [GC (Allocation Failure) [PSYoungGen: 270965K->184976K(465920K)] 1380383K->1295647K(1658368K), 0.0209782 secs] [Times: user=0.03 sys=0.00, real=0.02 secs] 
843.456: [GC (Allocation Failure) [PSYoungGen: 417936K->184944K(465920K)] 1528607K->1295896K(1658368K), 0.0207240 secs] [Times: user=0.03 sys=0.00, real=0.02 secs] 
844.086: [GC (Allocation Failure) [PSYoungGen: 407808K->90873K(465920K)] 1518760K->1202098K(1658368K), 0.0119258 secs] [Times: user=0.03 sys=0.00, real=0.02 secs] 
845.063: [GC (Allocation Failure) [PSYoungGen: 323833K->37941K(465920K)] 1435058K->1149472K(1658368K), 0.0081173 secs] [Times: user=0.02 sys=0.00, real=0.01 secs] 
845.359: [GC (Allocation Failure) [PSYoungGen: 270901K->184205K(465920K)] 1382432K->1296981K(1658368K), 0.0208988 secs] [Times: user=0.03 sys=0.00, real=0.02 secs] 
845.644: [GC (Allocation Failure) [PSYoungGen: 417165K->184558K(465920K)] 1529941K->1297744K(1658368K), 0.0208215 secs] [Times: user=0.03 sys=0.00, real=0.02 secs] 
847.385: [GC (Allocation Failure) [PSYoungGen: 409732K->91998K(465920K)] 1522918K->1205328K(1658368K), 0.0232587 secs] [Times: user=0.05 sys=0.00, real=0.03 secs] 
849.657: [GC (Allocation Failure) [PSYoungGen: 324958K->37716K(465920K)] 1438288K->1151337K(1658368K), 0.0080835 secs] [Times: user=0.02 sys=0.00, real=0.01 secs] 
849.956: [GC (Allocation Failure) [PSYoungGen: 270676K->184301K(465920K)] 1384297K->1299175K(1658368K), 0.0211521 secs] [Times: user=0.03 sys=0.00, real=0.02 secs] 
850.240: [GC (Allocation Failure) [PSYoungGen: 417261K->184687K(465920K)] 1532135K->1299834K(1658368K), 0.0208174 secs] [Times: user=0.03 sys=0.00, real=0.02 secs] 
851.330: [GC (Allocation Failure) [PSYoungGen: 409819K->91966K(465920K)] 1524966K->1207394K(1658368K), 0.0141798 secs] [Times: user=0.03 sys=0.00, real=0.01 secs] 
853.132: [GC (Allocation Failure) [PSYoungGen: 324926K->37459K(465920K)] 1440354K->1153185K(1658368K), 0.0072730 secs] [Times: user=0.02 sys=0.00, real=0.01 secs] 
853.417: [GC (Allocation Failure) [PSYoungGen: 270419K->184333K(465920K)] 1386145K->1301313K(1658368K), 0.0208844 secs] [Times: user=0.03 sys=0.00, real=0.02 secs] 
853.703: [GC (Allocation Failure) [PSYoungGen: 417293K->183658K(465920K)] 1534273K->1300911K(1658368K), 0.0207385 secs] [Times: user=0.03 sys=0.00, real=0.02 secs] 
854.685: [GC (Allocation Failure) [PSYoungGen: 408661K->93283K(465920K)] 1525913K->1210809K(1658368K), 0.0164272 secs] [Times: user=0.04 sys=0.00, real=0.02 secs] 
855.515: [GC (Allocation Failure) [PSYoungGen: 326243K->38102K(465920K)] 1443769K->1155944K(1658368K), 0.0060749 secs] [Times: user=0.02 sys=0.00, real=0.01 secs] 
855.786: [GC (Allocation Failure) [PSYoungGen: 271062K->184719K(465920K)] 1388904K->1303814K(1658368K), 0.0210979 secs] [Times: user=0.03 sys=0.00, real=0.02 secs] 
856.077: [GC (Allocation Failure) [PSYoungGen: 417679K->184366K(465920K)] 1536774K->1303734K(1658368K), 0.0210149 secs] [Times: user=0.03 sys=0.00, real=0.02 secs] 
857.149: [GC (Allocation Failure) [PSYoungGen: 406834K->91484K(465920K)] 1526202K->1211125K(1658368K), 0.0133280 secs] [Times: user=0.03 sys=0.00, real=0.01 secs] 
858.233: [GC (Allocation Failure) [PSYoungGen: 324444K->37845K(465920K)] 1444085K->1157794K(1658368K), 0.0072576 secs] [Times: user=0.02 sys=0.00, real=0.01 secs] 
858.519: [GC (Allocation Failure) [PSYoungGen: 270805K->184687K(465920K)] 1390754K->1305889K(1658368K), 0.0210600 secs] [Times: user=0.04 sys=0.00, real=0.02 secs] 
858.859: [GC (Allocation Failure) [PSYoungGen: 417647K->184430K(465920K)] 1538849K->1305913K(1658368K), 0.0207490 secs] [Times: user=0.04 sys=0.00, real=0.02 secs] 
859.551: [GC (Allocation Failure) [PSYoungGen: 407170K->91709K(465920K)] 1528654K->1213465K(1658368K), 0.0128694 secs] [Times: user=0.03 sys=0.00, real=0.01 secs] 
860.566: [GC (Allocation Failure) [PSYoungGen: 324669K->37973K(465920K)] 1446425K->1160030K(1658368K), 0.0094716 secs] [Times: user=0.03 sys=0.00, real=0.01 secs] 
860.931: [GC (Allocation Failure) [PSYoungGen: 270933K->184719K(465920K)] 1392990K->1308029K(1658368K), 0.0211279 secs] [Times: user=0.03 sys=0.00, real=0.02 secs] 
861.215: [GC (Allocation Failure) [PSYoungGen: 417679K->184655K(465920K)] 1540989K->1308238K(1658368K), 0.0208695 secs] [Times: user=0.03 sys=0.00, real=0.02 secs] 
861.906: [GC (Allocation Failure) [PSYoungGen: 407200K->91371K(465920K)] 1530783K->1215235K(1658368K), 0.0127129 secs] [Times: user=0.02 sys=0.00, real=0.02 secs] 
862.973: [GC (Allocation Failure) [PSYoungGen: 324331K->38005K(465920K)] 1448195K->1162183K(1658368K), 0.0088290 secs] [Times: user=0.02 sys=0.00, real=0.01 secs] 
863.291: [GC (Allocation Failure) [PSYoungGen: 270965K->183948K(465920K)] 1395143K->1309379K(1658368K), 0.0208318 secs] [Times: user=0.03 sys=0.00, real=0.02 secs] 
863.575: [GC (Allocation Failure) [PSYoungGen: 416908K->184815K(465920K)] 1542339K->1310528K(1658368K), 0.0208123 secs] [Times: user=0.03 sys=0.00, real=0.02 secs] 
864.651: [GC (Allocation Failure) [PSYoungGen: 405674K->92014K(465920K)] 1531387K->1217999K(1658368K), 0.0131855 secs] [Times: user=0.03 sys=0.00, real=0.01 secs] 
865.555: [GC (Allocation Failure) [PSYoungGen: 324974K->37973K(465920K)] 1450959K->1164273K(1658368K), 0.0081340 secs] [Times: user=0.02 sys=0.00, real=0.01 secs] 
865.949: [GC (Allocation Failure) [PSYoungGen: 270933K->184590K(465920K)] 1397233K->1312143K(1658368K), 0.0211366 secs] [Times: user=0.03 sys=0.00, real=0.02 secs] 
866.240: [GC (Allocation Failure) [PSYoungGen: 417550K->184301K(465920K)] 1545103K->1312127K(1658368K), 0.0208531 secs] [Times: user=0.03 sys=0.00, real=0.02 secs] 
866.883: [GC (Allocation Failure) [PSYoungGen: 406608K->91837K(465920K)] 1534434K->1219928K(1658368K), 0.0131309 secs] [Times: user=0.03 sys=0.00, real=0.01 secs] 
867.792: [GC (Allocation Failure) [PSYoungGen: 324797K->37877K(465920K)] 1452888K->1166282K(1658368K), 0.0072086 secs] [Times: user=0.02 sys=0.00, real=0.01 secs] 
868.070: [GC (Allocation Failure) [PSYoungGen: 270837K->183690K(465920K)] 1399242K->1313341K(1658368K), 0.0210035 secs] [Times: user=0.03 sys=0.00, real=0.02 secs] 
868.415: [GC (Allocation Failure) [PSYoungGen: 416650K->184430K(465920K)] 1546301K->1314353K(1658368K), 0.0208133 secs] [Times: user=0.03 sys=0.00, real=0.02 secs] 
869.044: [GC (Allocation Failure) [PSYoungGen: 408481K->92769K(465920K)] 1538405K->1222957K(1658368K), 0.0133938 secs] [Times: user=0.03 sys=0.00, real=0.02 secs] 
869.888: [GC (Allocation Failure) [PSYoungGen: 325729K->37874K(465920K)] 1455917K->1168386K(1658368K), 0.0063710 secs] [Times: user=0.02 sys=0.01, real=0.00 secs] 
870.158: [GC (Allocation Failure) [PSYoungGen: 270834K->184944K(465920K)] 1401346K->1316710K(1658368K), 0.0209907 secs] [Times: user=0.03 sys=0.00, real=0.02 secs] 
870.442: [GC (Allocation Failure) [PSYoungGen: 417904K->184237K(465920K)] 1549670K->1316276K(1658368K), 0.0208968 secs] [Times: user=0.03 sys=0.00, real=0.02 secs] 
871.595: [GC (Allocation Failure) [PSYoungGen: 407093K->91612K(465920K)] 1539132K->1224045K(1658368K), 0.0207813 secs] [Times: user=0.05 sys=0.00, real=0.02 secs] 
873.313: [GC (Allocation Failure) [PSYoungGen: 324572K->37842K(465920K)] 1457005K->1170455K(1658368K), 0.0074748 secs] [Times: user=0.02 sys=0.00, real=0.01 secs] 
873.599: [GC (Allocation Failure) [PSYoungGen: 270802K->184558K(465920K)] 1403415K->1318554K(1658368K), 0.0208817 secs] [Times: user=0.03 sys=0.00, real=0.02 secs] 
873.883: [GC (Allocation Failure) [PSYoungGen: 417518K->184494K(465920K)] 1551514K->1318650K(1658368K), 0.0207830 secs] [Times: user=0.03 sys=0.00, real=0.02 secs] 
874.842: [GC (Allocation Failure) [PSYoungGen: 409420K->91869K(465920K)] 1543577K->1226435K(1658368K), 0.0170453 secs] [Times: user=0.04 sys=0.00, real=0.02 secs] 
876.457: [GC (Allocation Failure) [PSYoungGen: 324829K->37780K(465920K)] 1459395K->1172523K(1658368K), 0.0079622 secs] [Times: user=0.02 sys=0.00, real=0.00 secs] 
876.756: [GC (Allocation Failure) [PSYoungGen: 270740K->184301K(465920K)] 1405483K->1320290K(1658368K), 0.0208965 secs] [Times: user=0.03 sys=0.00, real=0.02 secs] 
877.038: [GC (Allocation Failure) [PSYoungGen: 417261K->183658K(465920K)] 1553250K->1319920K(1658368K), 0.0208790 secs] [Times: user=0.03 sys=0.00, real=0.02 secs] 
877.936: [GC (Allocation Failure) [PSYoungGen: 408624K->93026K(465920K)] 1544886K->1229561K(1658368K), 0.0117364 secs] [Times: user=0.03 sys=0.00, real=0.02 secs] 
879.479: [GC (Allocation Failure) [PSYoungGen: 325986K->37620K(465920K)] 1462521K->1174468K(1658368K), 0.0084588 secs] [Times: user=0.02 sys=0.00, real=0.01 secs] 
879.850: [GC (Allocation Failure) [PSYoungGen: 270580K->184655K(465920K)] 1407428K->1322757K(1658368K), 0.0209688 secs] [Times: user=0.03 sys=0.00, real=0.02 secs] 
880.137: [GC (Allocation Failure) [PSYoungGen: 417615K->184494K(465920K)] 1555717K->1322877K(1658368K), 0.0210410 secs] [Times: user=0.03 sys=0.00, real=0.02 secs] 
881.171: [GC (Allocation Failure) [PSYoungGen: 409533K->92030K(465920K)] 1547916K->1230686K(1658368K), 0.0209826 secs] [Times: user=0.05 sys=0.00, real=0.02 secs] 
882.735: [GC (Allocation Failure) [PSYoungGen: 324990K->37973K(465920K)] 1463646K->1176923K(1658368K), 0.0086350 secs] [Times: user=0.02 sys=0.00, real=0.01 secs] 
883.044: [GC (Allocation Failure) [PSYoungGen: 270933K->184815K(465920K)] 1409883K->1325139K(1658368K), 0.0211544 secs] [Times: user=0.03 sys=0.00, real=0.02 secs] 
883.332: [GC (Allocation Failure) [PSYoungGen: 417775K->184623K(465920K)] 1558099K->1325091K(1658368K), 0.0210223 secs] [Times: user=0.03 sys=0.00, real=0.02 secs] 
884.397: [GC (Allocation Failure) [PSYoungGen: 406607K->91226K(465920K)] 1547076K->1231968K(1658368K), 0.0133861 secs] [Times: user=0.03 sys=0.00, real=0.02 secs] 
885.413: [GC (Allocation Failure) [PSYoungGen: 324186K->37874K(465920K)] 1464928K->1178929K(1658368K), 0.0060840 secs] [Times: user=0.02 sys=0.00, real=0.01 secs] 
885.683: [GC (Allocation Failure) [PSYoungGen: 270834K->184430K(465920K)] 1411889K->1326859K(1658368K), 0.0208047 secs] [Times: user=0.03 sys=0.00, real=0.02 secs] 
885.969: [GC (Allocation Failure) [PSYoungGen: 417390K->184558K(465920K)] 1559819K->1327132K(1658368K), 0.0208831 secs] [Times: user=0.03 sys=0.00, real=0.02 secs] 
887.708: [GC (Allocation Failure) [PSYoungGen: 407106K->91869K(465920K)] 1549680K->1234716K(1658368K), 0.0265212 secs] [Times: user=0.07 sys=0.00, real=0.02 secs] 
889.858: [GC (Allocation Failure) [PSYoungGen: 324829K->37713K(465920K)] 1467676K->1180858K(1658368K), 0.0095844 secs] [Times: user=0.03 sys=0.00, real=0.01 secs] 
890.186: [GC (Allocation Failure) [PSYoungGen: 270673K->184430K(465920K)] 1413818K->1328957K(1658368K), 0.0209080 secs] [Times: user=0.04 sys=0.00, real=0.02 secs] 
890.476: [GC (Allocation Failure) [PSYoungGen: 417390K->184558K(465920K)] 1561917K->1329230K(1658368K), 0.0208060 secs] [Times: user=0.03 sys=0.00, real=0.02 secs] 
891.838: [GC (Allocation Failure) [PSYoungGen: 407610K->91966K(465920K)] 1552281K->1236902K(1658368K), 0.0143980 secs] [Times: user=0.04 sys=0.00, real=0.01 secs] 
893.276: [GC (Allocation Failure) [PSYoungGen: 324926K->37523K(465920K)] 1469862K->1182781K(1658368K), 0.0060823 secs] [Times: user=0.02 sys=0.00, real=0.01 secs] 
893.545: [GC (Allocation Failure) [PSYoungGen: 270483K->184430K(465920K)] 1415741K->1330941K(1658368K), 0.0209257 secs] [Times: user=0.04 sys=0.00, real=0.02 secs] 
893.887: [GC (Allocation Failure) [PSYoungGen: 417390K->184622K(465920K)] 1563901K->1331415K(1658368K), 0.0209830 secs] [Times: user=0.04 sys=0.00, real=0.02 secs] 
894.950: [GC (Allocation Failure) [PSYoungGen: 408188K->92287K(465920K)] 1554981K->1239377K(1658368K), 0.0142190 secs] [Times: user=0.03 sys=0.00, real=0.01 secs] 
896.804: [GC (Allocation Failure) [PSYoungGen: 325247K->37427K(465920K)] 1472337K->1184815K(1658368K), 0.0078837 secs] [Times: user=0.02 sys=0.00, real=0.01 secs] 
897.093: [GC (Allocation Failure) [PSYoungGen: 270387K->184462K(465920K)] 1417775K->1333095K(1658368K), 0.0209856 secs] [Times: user=0.03 sys=0.00, real=0.02 secs] 
897.378: [GC (Allocation Failure) [PSYoungGen: 417422K->184558K(465920K)] 1566055K->1333472K(1658368K), 0.0213703 secs] [Times: user=0.03 sys=0.00, real=0.02 secs] 
898.125: [GC (Allocation Failure) [PSYoungGen: 408123K->92287K(465920K)] 1557037K->1241474K(1658368K), 0.0131791 secs] [Times: user=0.04 sys=0.00, real=0.02 secs] 
899.188: [GC (Allocation Failure) [PSYoungGen: 325247K->37877K(465920K)] 1474434K->1187370K(1658368K), 0.0072001 secs] [Times: user=0.02 sys=0.00, real=0.00 secs] 
899.531: [GC (Allocation Failure) [PSYoungGen: 270837K->183787K(465920K)] 1420330K->1334526K(1658368K), 0.0206871 secs] [Times: user=0.03 sys=0.00, real=0.02 secs] 
899.815: [GC (Allocation Failure) [PSYoungGen: 416747K->184269K(465920K)] 1567486K->1335409K(1658368K), 0.0210615 secs] [Times: user=0.03 sys=0.00, real=0.02 secs] 
900.433: [GC (Allocation Failure) [PSYoungGen: 409525K->92769K(465920K)] 1560666K->1244045K(1658368K), 0.0132954 secs] [Times: user=0.03 sys=0.00, real=0.01 secs] 
901.640: [GC (Allocation Failure) [PSYoungGen: 325729K->37874K(465920K)] 1477005K->1189456K(1658368K), 0.0077591 secs] [Times: user=0.03 sys=0.00, real=0.01 secs] 
901.931: [GC (Allocation Failure) [PSYoungGen: 270834K->184558K(465920K)] 1422416K->1337515K(1658368K), 0.0210127 secs] [Times: user=0.03 sys=0.00, real=0.02 secs] 
902.215: [GC (Allocation Failure) [PSYoungGen: 417518K->184430K(465920K)] 1570475K->1337539K(1658368K), 0.0209868 secs] [Times: user=0.03 sys=0.00, real=0.02 secs] 
903.110: [GC (Allocation Failure) [PSYoungGen: 406922K->91853K(465920K)] 1560031K->1245235K(1658368K), 0.0131233 secs] [Times: user=0.03 sys=0.00, real=0.01 secs] 
905.273: [GC (Allocation Failure) [PSYoungGen: 324813K->37617K(465920K)] 1478195K->1191307K(1658368K), 0.0085982 secs] [Times: user=0.02 sys=0.00, real=0.01 secs] 
905.590: [GC (Allocation Failure) [PSYoungGen: 270577K->184687K(465920K)] 1424267K->1339751K(1658368K), 0.0209422 secs] [Times: user=0.03 sys=0.00, real=0.02 secs] 
905.876: [GC (Allocation Failure) [PSYoungGen: 417647K->184655K(465920K)] 1572711K->1339871K(1658368K), 0.0210549 secs] [Times: user=0.03 sys=0.00, real=0.03 secs] 
907.417: [GC (Allocation Failure) [PSYoungGen: 407465K->91757K(465920K)] 1562681K->1247238K(1658368K), 0.0209931 secs] [Times: user=0.05 sys=0.00, real=0.02 secs] 
908.846: [GC (Allocation Failure) [PSYoungGen: 324717K->37874K(465920K)] 1480198K->1193679K(1658368K), 0.0090391 secs] [Times: user=0.02 sys=0.00, real=0.01 secs] 
909.202: [GC (Allocation Failure) [PSYoungGen: 270834K->183819K(465920K)] 1426639K->1340878K(1658368K), 0.0208831 secs] [Times: user=0.03 sys=0.00, real=0.02 secs] 
909.545: [GC (Allocation Failure) [PSYoungGen: 416779K->184333K(465920K)] 1573838K->1341802K(1658368K), 0.0209752 secs] [Times: user=0.03 sys=0.00, real=0.02 secs] 
912.046: [GC (Allocation Failure) [PSYoungGen: 408167K->92769K(465920K)] 1565635K->1250374K(1658368K), 0.0136126 secs] [Times: user=0.03 sys=0.00, real=0.02 secs] 
912.890: [GC (Allocation Failure) [PSYoungGen: 325729K->37842K(465920K)] 1483334K->1195744K(1658368K), 0.0082160 secs] [Times: user=0.03 sys=0.00, real=0.01 secs] 
913.245: [GC (Allocation Failure) [PSYoungGen: 270802K->184815K(465920K)] 1428704K->1343971K(1658368K), 0.0209351 secs] [Times: user=0.03 sys=0.00, real=0.02 secs] 
913.528: [GC (Allocation Failure) [PSYoungGen: 417775K->184173K(465920K)] 1576931K->1343738K(1658368K), 0.0210502 secs] [Times: user=0.03 sys=0.00, real=0.02 secs] 
914.166: [GC (Allocation Failure) [PSYoungGen: 404796K->91869K(465920K)] 1564362K->1251700K(1658368K), 0.0129119 secs] [Times: user=0.03 sys=0.00, real=0.02 secs] 
914.993: [GC (GCLocker Initiated GC) [PSYoungGen: 324829K->37199K(465920K)] 1484660K->1197201K(1658368K), 0.0086957 secs] [Times: user=0.02 sys=0.00, real=0.01 secs] 
915.349: [GC (Allocation Failure) [PSYoungGen: 270159K->184655K(465920K)] 1431286K->1347028K(1658368K), 0.0210132 secs] [Times: user=0.03 sys=0.00, real=0.02 secs] 
915.640: [GC (Allocation Failure) [PSYoungGen: 417615K->186518K(465920K)] 1579988K->1349035K(1658368K), 0.0210043 secs] [Times: user=0.03 sys=0.00, real=0.02 secs] 
916.365: [GC (Allocation Failure) [PSYoungGen: 403670K->89427K(465920K)] 1566188K->1252250K(1658368K), 0.0128542 secs] [Times: user=0.03 sys=0.00, real=0.02 secs] 
917.270: [GC (Allocation Failure) [PSYoungGen: 322387K->38034K(465920K)] 1485210K->1201026K(1658368K), 0.0061529 secs] [Times: user=0.02 sys=0.00, real=0.00 secs] 
917.540: [GC (Allocation Failure) [PSYoungGen: 270994K->184205K(465920K)] 1433986K->1348450K(1658368K), 0.0215428 secs] [Times: user=0.03 sys=0.00, real=0.02 secs] 
917.830: [GC (Allocation Failure) [PSYoungGen: 417165K->186389K(465920K)] 1581410K->1350916K(1658368K), 0.0211452 secs] [Times: user=0.04 sys=0.00, real=0.02 secs] 
919.144: [GC (Allocation Failure) [PSYoungGen: 408318K->90182K(465920K)] 1572845K->1254982K(1658368K), 0.0131042 secs] [Times: user=0.03 sys=0.00, real=0.02 secs] 
920.274: [GC (Allocation Failure) [PSYoungGen: 323142K->37970K(465920K)] 1487942K->1203079K(1658368K), 0.0081811 secs] [Times: user=0.02 sys=0.00, real=0.01 secs] 
920.575: [GC (Allocation Failure) [PSYoungGen: 270930K->184847K(465920K)] 1436039K->1351210K(1658368K), 0.0210798 secs] [Times: user=0.03 sys=0.00, real=0.02 secs] 
920.858: [GC (Allocation Failure) [PSYoungGen: 417807K->184173K(465920K)] 1584170K->1350945K(1658368K), 0.0208523 secs] [Times: user=0.03 sys=0.00, real=0.02 secs] 
922.666: [GC (Allocation Failure) [PSYoungGen: 406795K->91709K(465920K)] 1573567K->1258746K(1658368K), 0.0262170 secs] [Times: user=0.06 sys=0.01, real=0.03 secs] 
923.512: [GC (Allocation Failure) [PSYoungGen: 324669K->38134K(465920K)] 1491706K->1205356K(1658368K), 0.0061254 secs] [Times: user=0.02 sys=0.00, real=0.01 secs] 
923.784: [GC (Allocation Failure) [PSYoungGen: 271094K->184719K(465920K)] 1438316K->1353195K(1658368K), 0.0210364 secs] [Times: user=0.04 sys=0.00, real=0.02 secs] 
924.127: [GC (Allocation Failure) [PSYoungGen: 417679K->184590K(465920K)] 1586155K->1353476K(1658368K), 0.0209767 secs] [Times: user=0.03 sys=0.00, real=0.03 secs] 
925.220: [GC (Allocation Failure) [PSYoungGen: 406548K->91355K(465920K)] 1575434K->1260401K(1658368K), 0.0218242 secs] [Times: user=0.05 sys=0.01, real=0.02 secs] 
926.710: [GC (Allocation Failure) [PSYoungGen: 324315K->37716K(465920K)] 1493361K->1207076K(1658368K), 0.0071852 secs] [Times: user=0.02 sys=0.00, real=0.01 secs] 
926.990: [GC (Allocation Failure) [PSYoungGen: 270676K->184430K(465920K)] 1440036K->1355172K(1658368K), 0.0210451 secs] [Times: user=0.03 sys=0.00, real=0.02 secs] 
927.336: [GC (Allocation Failure) [PSYoungGen: 417390K->184558K(465920K)] 1588132K->1355453K(1658368K), 0.0208974 secs] [Times: user=0.03 sys=0.00, real=0.02 secs] 
928.564: [GC (Allocation Failure) [PSYoungGen: 407622K->92030K(465920K)] 1578516K->1263189K(1658368K), 0.0149746 secs] [Times: user=0.04 sys=0.00, real=0.02 secs] 
930.096: [GC (Allocation Failure) [PSYoungGen: 324990K->37748K(465920K)] 1496149K->1209205K(1658368K), 0.0089333 secs] [Times: user=0.03 sys=0.00, real=0.01 secs] 
930.413: [GC (Allocation Failure) [PSYoungGen: 270708K->184430K(465920K)] 1442165K->1357269K(1658368K), 0.0209697 secs] [Times: user=0.03 sys=0.00, real=0.02 secs] 
930.696: [GC (Allocation Failure) [PSYoungGen: 417390K->184494K(465920K)] 1590229K->1357478K(1658368K), 0.0210874 secs] [Times: user=0.03 sys=0.01, real=0.03 secs] 
931.672: [GC (Allocation Failure) [PSYoungGen: 407555K->91998K(465920K)] 1580539K->1265255K(1658368K), 0.0178425 secs] [Times: user=0.04 sys=0.00, real=0.02 secs] 
933.996: [GC (Allocation Failure) [PSYoungGen: 324958K->37523K(465920K)] 1498215K->1211102K(1658368K), 0.0098748 secs] [Times: user=0.02 sys=0.00, real=0.01 secs] 
934.324: [GC (Allocation Failure) [PSYoungGen: 270483K->184462K(465920K)] 1444062K->1359302K(1658368K), 0.0209304 secs] [Times: user=0.03 sys=0.00, real=0.02 secs] 
934.665: [GC (Allocation Failure) [PSYoungGen: 417422K->184558K(465920K)] 1592262K->1359672K(1658368K), 0.0207827 secs] [Times: user=0.03 sys=0.00, real=0.02 secs] 
935.408: [GC (Allocation Failure) [PSYoungGen: 408124K->92223K(465920K)] 1583238K->1267601K(1658368K), 0.0128466 secs] [Times: user=0.03 sys=0.00, real=0.01 secs] 
936.272: [GC (Allocation Failure) [PSYoungGen: 325183K->37845K(465920K)] 1500561K->1213531K(1658368K), 0.0063238 secs] [Times: user=0.02 sys=0.00, real=0.01 secs] 
936.547: [GC (Allocation Failure) [PSYoungGen: 270805K->183787K(465920K)] 1446491K->1360719K(1658368K), 0.0208206 secs] [Times: user=0.04 sys=0.00, real=0.03 secs] 
936.836: [GC (Allocation Failure) [PSYoungGen: 416747K->184269K(465920K)] 1593679K->1361474K(1658368K), 0.0208608 secs] [Times: user=0.03 sys=0.00, real=0.03 secs] 
937.970: [GC (Allocation Failure) [PSYoungGen: 408184K->92705K(465920K)] 1585389K->1270183K(1658368K), 0.0150812 secs] [Times: user=0.03 sys=0.00, real=0.01 secs] 
940.122: [GC (Allocation Failure) [PSYoungGen: 325665K->37459K(465920K)] 1503143K->1215243K(1658368K), 0.0089156 secs] [Times: user=0.03 sys=0.00, real=0.01 secs] 
940.428: [GC (Allocation Failure) [PSYoungGen: 270419K->184462K(465920K)] 1448203K->1363499K(1658368K), 0.0210749 secs] [Times: user=0.03 sys=0.00, real=0.02 secs] 
940.717: [GC (Allocation Failure) [PSYoungGen: 417422K->184301K(465920K)] 1596459K->1363612K(1658368K), 0.0209849 secs] [Times: user=0.03 sys=0.00, real=0.03 secs] 
943.104: [GC (Allocation Failure) [PSYoungGen: 409346K->92512K(465920K)] 1588657K->1272224K(1658368K), 0.0175992 secs] [Times: user=0.04 sys=0.00, real=0.02 secs] 
944.516: [GC (Allocation Failure) [PSYoungGen: 325472K->37620K(465920K)] 1505184K->1217503K(1658368K), 0.0075033 secs] [Times: user=0.02 sys=0.00, real=0.01 secs] 
944.799: [GC (Allocation Failure) [PSYoungGen: 270580K->183819K(465920K)] 1450463K->1364956K(1658368K), 0.0209117 secs] [Times: user=0.04 sys=0.00, real=0.02 secs] 
945.084: [GC (Allocation Failure) [PSYoungGen: 416779K->184847K(465920K)] 1597916K->1366266K(1658368K), 0.0208463 secs] [Times: user=0.04 sys=0.00, real=0.02 secs] 
945.812: [GC (Allocation Failure) [PSYoungGen: 410245K->92528K(465920K)] 1591663K->1274219K(1658368K), 0.0130399 secs] [Times: user=0.02 sys=0.00, real=0.01 secs] 
946.691: [GC (Allocation Failure) [PSYoungGen: 325488K->38166K(465920K)] 1507179K->1220171K(1658368K), 0.0065288 secs] [Times: user=0.02 sys=0.00, real=0.01 secs] 
946.961: [GC (Allocation Failure) [PSYoungGen: 271126K->184719K(465920K)] 1453131K->1367969K(1658368K), 0.0210602 secs] [Times: user=0.03 sys=0.00, real=0.02 secs] 
947.246: [GC (Allocation Failure) [PSYoungGen: 417679K->184655K(465920K)] 1600929K->1368307K(1658368K), 0.0210795 secs] [Times: user=0.03 sys=0.00, real=0.02 secs] 
947.957: [GC (Allocation Failure) [PSYoungGen: 407092K->91258K(465920K)] 1590744K->1275176K(1658368K), 0.0119457 secs] [Times: user=0.03 sys=0.00, real=0.02 secs] 
949.502: [GC (Allocation Failure) [PSYoungGen: 324218K->37620K(465920K)] 1508136K->1221722K(1658368K), 0.0099449 secs] [Times: user=0.03 sys=0.00, real=0.01 secs] 
949.826: [GC (Allocation Failure) [PSYoungGen: 270580K->183916K(465920K)] 1454682K->1369264K(1658368K), 0.0209647 secs] [Times: user=0.03 sys=0.00, real=0.03 secs] 
950.118: [GC (Allocation Failure) [PSYoungGen: 416876K->184462K(465920K)] 1602224K->1370091K(1658368K), 0.0209747 secs] [Times: user=0.03 sys=0.00, real=0.02 secs] 
950.796: [GC (Allocation Failure) [PSYoungGen: 409673K->92801K(465920K)] 1595303K->1278703K(1658368K), 0.0132822 secs] [Times: user=0.03 sys=0.00, real=0.02 secs] 
951.641: [GC (Allocation Failure) [PSYoungGen: 325761K->38034K(465920K)] 1511663K->1224252K(1658368K), 0.0061961 secs] [Times: user=0.02 sys=0.00, real=0.00 secs] 
951.911: [GC (Allocation Failure) [PSYoungGen: 270994K->184687K(465920K)] 1457212K->1372150K(1658368K), 0.0209015 secs] [Times: user=0.04 sys=0.00, real=0.02 secs] 
952.195: [GC (Allocation Failure) [PSYoungGen: 417647K->184687K(465920K)] 1605110K->1372423K(1658368K), 0.0209175 secs] [Times: user=0.03 sys=0.00, real=0.02 secs] 
953.946: [GC (Allocation Failure) [PSYoungGen: 407284K->91387K(465920K)] 1595021K->1279397K(1658368K), 0.0175658 secs] [Times: user=0.04 sys=0.00, real=0.02 secs] 
955.041: [GC (Allocation Failure) [PSYoungGen: 324347K->37842K(465920K)] 1512357K->1226167K(1658368K), 0.0073770 secs] [Times: user=0.02 sys=0.00, real=0.01 secs] 
955.322: [GC (Allocation Failure) [PSYoungGen: 270802K->183948K(465920K)] 1459127K->1373519K(1658368K), 0.0208655 secs] [Times: user=0.03 sys=0.00, real=0.02 secs] 
955.606: [GC (Allocation Failure) [PSYoungGen: 416908K->184462K(465920K)] 1606479K->1374314K(1658368K), 0.0209630 secs] [Times: user=0.03 sys=0.00, real=0.03 secs] 
957.261: [GC (Allocation Failure) [PSYoungGen: 409674K->92512K(465920K)] 1599527K->1282629K(1658368K), 0.0267269 secs] [Times: user=0.07 sys=0.00, real=0.03 secs] 
958.281: [GC (Allocation Failure) [PSYoungGen: 325472K->38005K(465920K)] 1515589K->1228436K(1658368K), 0.0061503 secs] [Times: user=0.02 sys=0.00, real=0.00 secs] 
958.551: [GC (Allocation Failure) [PSYoungGen: 270965K->184044K(465920K)] 1461396K->1375720K(1658368K), 0.0209498 secs] [Times: user=0.03 sys=0.01, real=0.02 secs] 
958.572: [Full GC (Ergonomics) [PSYoungGen: 184044K->0K(465920K)] [ParOldGen: 1191676K->626758K(1025024K)] 1375720K->626758K(1490944K), [Metaspace: 55715K->55707K(1101824K)], 0.0679540 secs] [Times: user=0.31 sys=0.00, real=0.07 secs] 
958.952: [GC (Allocation Failure) [PSYoungGen: 232960K->184558K(465920K)] 859718K->811317K(1490944K), 0.0203159 secs] [Times: user=0.03 sys=0.00, real=0.02 secs] 
960.557: [GC (Allocation Failure) [PSYoungGen: 407642K->92126K(465920K)] 1034400K->719198K(1490944K), 0.0203789 secs] [Times: user=0.04 sys=0.00, real=0.03 secs] 
961.875: [GC (Allocation Failure) [PSYoungGen: 325086K->37877K(465920K)] 952158K->665256K(1490944K), 0.0062892 secs] [Times: user=0.02 sys=0.00, real=0.01 secs] 
962.219: [GC (Allocation Failure) [PSYoungGen: 270837K->184462K(465920K)] 898216K->813095K(1490944K), 0.0202286 secs] [Times: user=0.02 sys=0.00, real=0.02 secs] 
962.502: [GC (Allocation Failure) [PSYoungGen: 417422K->184590K(465920K)] 1046055K->813505K(1490944K), 0.0201792 secs] [Times: user=0.03 sys=0.00, real=0.02 secs] 
963.843: [GC (Allocation Failure) [PSYoungGen: 407169K->91901K(465920K)] 1036084K->721089K(1490944K), 0.0174430 secs] [Times: user=0.04 sys=0.00, real=0.02 secs] 
965.567: [GC (Allocation Failure) [PSYoungGen: 324861K->37748K(465920K)] 954049K->667259K(1490944K), 0.0065327 secs] [Times: user=0.02 sys=0.00, real=0.00 secs] 
965.854: [GC (Allocation Failure) [PSYoungGen: 270708K->184430K(465920K)] 900219K->815186K(1490944K), 0.0202641 secs] [Times: user=0.03 sys=0.00, real=0.02 secs] 
966.138: [GC (Allocation Failure) [PSYoungGen: 417390K->184269K(465920K)] 1048146K->815299K(1490944K), 0.0201246 secs] [Times: user=0.03 sys=0.00, real=0.02 secs] 
966.885: [GC (Allocation Failure) [PSYoungGen: 409311K->92271K(465920K)] 1040341K->723702K(1490944K), 0.0114483 secs] [Times: user=0.03 sys=0.00, real=0.01 secs] 
967.967: [GC (Allocation Failure) [PSYoungGen: 325231K->37845K(465920K)] 956662K->669447K(1490944K), 0.0063469 secs] [Times: user=0.02 sys=0.00, real=0.01 secs] 
968.250: [GC (Allocation Failure) [PSYoungGen: 270805K->184719K(465920K)] 902407K->817575K(1490944K), 0.0203171 secs] [Times: user=0.03 sys=0.00, real=0.02 secs] 
968.539: [GC (Allocation Failure) [PSYoungGen: 417679K->184719K(465920K)] 1050535K->817856K(1490944K), 0.0201245 secs] [Times: user=0.02 sys=0.00, real=0.02 secs] 
969.240: [GC (Allocation Failure) [PSYoungGen: 407273K->91516K(465920K)] 1040410K->724926K(1490944K), 0.0113161 secs] [Times: user=0.03 sys=0.00, real=0.01 secs] 
970.043: [GC (Allocation Failure) [PSYoungGen: 324476K->38291K(465920K)] 957886K->672023K(1490944K), 0.0054776 secs] [Times: user=0.02 sys=0.00, real=0.01 secs] 
970.372: [GC (Allocation Failure) [PSYoungGen: 271251K->184719K(465920K)] 904983K->819833K(1490944K), 0.0204572 secs] [Times: user=0.02 sys=0.00, real=0.02 secs] 
970.656: [GC (Allocation Failure) [PSYoungGen: 417679K->184719K(465920K)] 1052793K->819985K(1490944K), 0.0202140 secs] [Times: user=0.03 sys=0.00, real=0.02 secs] 
971.732: [GC (Allocation Failure) [PSYoungGen: 407015K->91098K(465920K)] 1042282K->726630K(1490944K), 0.0141581 secs] [Times: user=0.03 sys=0.00, real=0.01 secs] 
972.772: [GC (Allocation Failure) [PSYoungGen: 324058K->37877K(465920K)] 959590K->673724K(1490944K), 0.0054179 secs] [Times: user=0.01 sys=0.00, real=0.01 secs] 
973.043: [GC (Allocation Failure) [PSYoungGen: 270837K->183787K(465920K)] 906684K->820888K(1490944K), 0.0200010 secs] [Times: user=0.03 sys=0.00, real=0.02 secs] 
973.327: [GC (Allocation Failure) [PSYoungGen: 416747K->184719K(465920K)] 1053848K->822093K(1490944K), 0.0201396 secs] [Times: user=0.03 sys=0.00, real=0.02 secs] 
973.972: [GC (Allocation Failure) [PSYoungGen: 410160K->92383K(465920K)] 1047534K->730030K(1490944K), 0.0107478 secs] [Times: user=0.02 sys=0.00, real=0.01 secs] 
974.830: [GC (Allocation Failure) [PSYoungGen: 325343K->38134K(465920K)] 962990K->676089K(1490944K), 0.0070373 secs] [Times: user=0.02 sys=0.00, real=0.01 secs] 
975.132: [GC (Allocation Failure) [PSYoungGen: 271094K->184687K(465920K)] 909049K->823888K(1490944K), 0.0203337 secs] [Times: user=0.03 sys=0.00, real=0.02 secs] 
975.477: [GC (Allocation Failure) [PSYoungGen: 417647K->184687K(465920K)] 1056848K->824289K(1490944K), 0.0201456 secs] [Times: user=0.03 sys=0.00, real=0.02 secs] 
977.169: [GC (Allocation Failure) [PSYoungGen: 407126K->91226K(465920K)] 1046728K->731094K(1490944K), 0.0274503 secs] [Times: user=0.05 sys=0.00, real=0.02 secs] 
979.114: [GC (Allocation Failure) [PSYoungGen: 324186K->37716K(465920K)] 964054K->677753K(1490944K), 0.0075029 secs] [Times: user=0.02 sys=0.00, real=0.01 secs] 
979.431: [GC (Allocation Failure) [PSYoungGen: 270676K->183948K(465920K)] 910713K->825238K(1490944K), 0.0201739 secs] [Times: user=0.02 sys=0.00, real=0.02 secs] 
979.790: [GC (Allocation Failure) [PSYoungGen: 416908K->184398K(465920K)] 1058198K->826089K(1490944K), 0.0200260 secs] [Times: user=0.03 sys=0.00, real=0.02 secs] 
981.072: [GC (Allocation Failure) [PSYoungGen: 409620K->92592K(465920K)] 1051312K->734429K(1490944K), 0.0167252 secs] [Times: user=0.04 sys=0.00, real=0.02 secs] 
982.659: [GC (Allocation Failure) [PSYoungGen: 325552K->37877K(465920K)] 967389K->680023K(1490944K), 0.0067997 secs] [Times: user=0.02 sys=0.00, real=0.00 secs] 
982.960: [GC (Allocation Failure) [PSYoungGen: 270837K->184751K(465920K)] 912983K->828151K(1490944K), 0.0203267 secs] [Times: user=0.03 sys=0.00, real=0.02 secs] 
983.297: [GC (Allocation Failure) [PSYoungGen: 417711K->184687K(465920K)] 1061111K->828496K(1490944K), 0.0201183 secs] [Times: user=0.03 sys=0.00, real=0.02 secs] 
984.429: [GC (Allocation Failure) [PSYoungGen: 407158K->91499K(465920K)] 1050968K->735582K(1490944K), 0.0143366 secs] [Times: user=0.03 sys=0.00, real=0.01 secs] 
985.247: [GC (Allocation Failure) [PSYoungGen: 324459K->38037K(465920K)] 968542K->682315K(1490944K), 0.0054034 secs] [Times: user=0.01 sys=0.00, real=0.01 secs] 
985.514: [GC (Allocation Failure) [PSYoungGen: 270997K->183819K(465920K)] 915275K->829350K(1490944K), 0.0200675 secs] [Times: user=0.03 sys=0.00, real=0.02 secs] 
985.798: [GC (Allocation Failure) [PSYoungGen: 416779K->184462K(465920K)] 1062310K->830274K(1490944K), 0.0201405 secs] [Times: user=0.03 sys=0.00, real=0.02 secs] 
986.996: [GC (Allocation Failure) [PSYoungGen: 409695K->92544K(465920K)] 1055508K->738621K(1490944K), 0.0120843 secs] [Times: user=0.02 sys=0.00, real=0.02 secs] 
989.019: [GC (Allocation Failure) [PSYoungGen: 325504K->37459K(465920K)] 971581K->683845K(1490944K), 0.0069453 secs] [Times: user=0.01 sys=0.00, real=0.00 secs] 
989.318: [GC (Allocation Failure) [PSYoungGen: 270419K->184076K(465920K)] 916805K->831707K(1490944K), 0.0203194 secs] [Times: user=0.02 sys=0.00, real=0.02 secs] 
989.603: [GC (Allocation Failure) [PSYoungGen: 417036K->184558K(465920K)] 1064667K->832470K(1490944K), 0.0202672 secs] [Times: user=0.02 sys=0.00, real=0.02 secs] 
990.789: [GC (Allocation Failure) [PSYoungGen: 409720K->92608K(465920K)] 1057633K->740794K(1490944K), 0.0257192 secs] [Times: user=0.05 sys=0.00, real=0.02 secs] 
993.492: [GC (Allocation Failure) [PSYoungGen: 325568K->37588K(465920K)] 973754K->686073K(1490944K), 0.0078671 secs] [Times: user=0.02 sys=0.00, real=0.01 secs] 
993.810: [GC (Allocation Failure) [PSYoungGen: 270548K->184205K(465920K)] 919033K->833935K(1490944K), 0.0201476 secs] [Times: user=0.03 sys=0.00, real=0.02 secs] 
994.150: [GC (Allocation Failure) [PSYoungGen: 417165K->184558K(465920K)] 1066895K->834570K(1490944K), 0.0200950 secs] [Times: user=0.03 sys=0.00, real=0.02 secs] 
995.619: [GC (Allocation Failure) [PSYoungGen: 409717K->92383K(465920K)] 1059729K->742700K(1490944K), 0.0135541 secs] [Times: user=0.02 sys=0.00, real=0.01 secs] 
997.780: [GC (Allocation Failure) [PSYoungGen: 325343K->37488K(465920K)] 975660K->688119K(1490944K), 0.0088383 secs] [Times: user=0.02 sys=0.00, real=0.01 secs] 
998.108: [GC (Allocation Failure) [PSYoungGen: 270448K->184173K(465920K)] 921079K->836057K(1490944K), 0.0201800 secs] [Times: user=0.03 sys=0.00, real=0.02 secs] 
998.397: [GC (Allocation Failure) [PSYoungGen: 417133K->184880K(465920K)] 1069017K->837045K(1490944K), 0.0202769 secs] [Times: user=0.03 sys=0.00, real=0.02 secs] 
999.850: [GC (Allocation Failure) [PSYoungGen: 408118K->92110K(465920K)] 1060283K->744540K(1490944K), 0.0120440 secs] [Times: user=0.03 sys=0.00, real=0.01 secs] 
1000.654: [GC (Allocation Failure) [PSYoungGen: 325070K->37877K(465920K)] 977500K->690623K(1490944K), 0.0055333 secs] [Times: user=0.01 sys=0.00, real=0.01 secs] 
1000.923: [GC (Allocation Failure) [PSYoungGen: 270837K->184687K(465920K)] 923583K->838687K(1490944K), 0.0201293 secs] [Times: user=0.03 sys=0.00, real=0.02 secs] 
1001.207: [GC (Allocation Failure) [PSYoungGen: 417647K->184847K(465920K)] 1071647K->839128K(1490944K), 0.0201851 secs] [Times: user=0.02 sys=0.00, real=0.02 secs] 
1002.104: [GC (Allocation Failure) [PSYoungGen: 408033K->91387K(465920K)] 1062314K->745933K(1490944K), 0.0110023 secs] [Times: user=0.02 sys=0.00, real=0.01 secs] 
1003.584: [GC (Allocation Failure) [PSYoungGen: 324347K->37392K(465920K)] 978893K->692261K(1490944K), 0.0054260 secs] [Times: user=0.01 sys=0.00, real=0.01 secs] 
1003.851: [GC (Allocation Failure) [PSYoungGen: 270352K->183722K(465920K)] 925221K->839846K(1490944K), 0.0202383 secs] [Times: user=0.03 sys=0.00, real=0.02 secs] 
1004.191: [GC (Allocation Failure) [PSYoungGen: 416682K->184430K(465920K)] 1072806K->840842K(1490944K), 0.0204341 secs] [Times: user=0.02 sys=0.00, real=0.02 secs] 
1004.859: [GC (Allocation Failure) [PSYoungGen: 410771K->93299K(465920K)] 1067183K->749984K(1490944K), 0.0124243 secs] [Times: user=0.03 sys=0.00, real=0.01 secs] 
1005.754: [GC (Allocation Failure) [PSYoungGen: 326259K->37909K(465920K)] 982944K->694918K(1490944K), 0.0054399 secs] [Times: user=0.01 sys=0.00, real=0.01 secs] 
1006.021: [GC (Allocation Failure) [PSYoungGen: 270869K->184205K(465920K)] 927878K->842468K(1490944K), 0.0202879 secs] [Times: user=0.03 sys=0.00, real=0.02 secs] 
1006.365: [GC (Allocation Failure) [PSYoungGen: 417165K->184590K(465920K)] 1075428K->843126K(1490944K), 0.0203945 secs] [Times: user=0.03 sys=0.00, real=0.02 secs] 
1007.060: [GC (Allocation Failure) [PSYoungGen: 409748K->92126K(465920K)] 1068285K->750935K(1490944K), 0.0120335 secs] [Times: user=0.03 sys=0.00, real=0.01 secs] 
1007.955: [GC (Allocation Failure) [PSYoungGen: 325086K->37941K(465920K)] 983895K->697048K(1490944K), 0.0065385 secs] [Times: user=0.01 sys=0.00, real=0.01 secs] 
1008.231: [GC (Allocation Failure) [PSYoungGen: 270901K->184333K(465920K)] 930008K->844686K(1490944K), 0.0202697 secs] [Times: user=0.03 sys=0.00, real=0.02 secs] 
1008.516: [GC (Allocation Failure) [PSYoungGen: 417293K->183690K(465920K)] 1077646K->844316K(1490944K), 0.0201228 secs] [Times: user=0.02 sys=0.00, real=0.02 secs] 
1009.183: [GC (Allocation Failure) [PSYoungGen: 408142K->92801K(465920K)] 1068767K->753691K(1490944K), 0.0115600 secs] [Times: user=0.02 sys=0.00, real=0.01 secs] 
1010.043: [GC (Allocation Failure) [PSYoungGen: 325761K->38034K(465920K)] 986651K->699251K(1490944K), 0.0054536 secs] [Times: user=0.02 sys=0.00, real=0.01 secs] 
1010.310: [GC (Allocation Failure) [PSYoungGen: 270994K->183948K(465920K)] 932211K->846409K(1490944K), 0.0202114 secs] [Times: user=0.03 sys=0.00, real=0.02 secs] 
1010.654: [GC (Allocation Failure) [PSYoungGen: 416908K->184687K(465920K)] 1079369K->847430K(1490944K), 0.0203571 secs] [Times: user=0.03 sys=0.00, real=0.02 secs] 
1011.447: [GC (Allocation Failure) [PSYoungGen: 408013K->92158K(465920K)] 1070756K->755166K(1490944K), 0.0122090 secs] [Times: user=0.03 sys=0.00, real=0.02 secs] 
1014.488: [GC (Allocation Failure) [PSYoungGen: 325118K->37877K(465920K)] 988126K->701206K(1490944K), 0.0076290 secs] [Times: user=0.02 sys=0.00, real=0.00 secs] 
1014.799: [GC (Allocation Failure) [PSYoungGen: 270837K->184301K(465920K)] 934166K->848884K(1490944K), 0.0203118 secs] [Times: user=0.02 sys=0.00, real=0.02 secs] 
1015.082: [GC (Allocation Failure) [PSYoungGen: 417261K->184173K(465920K)] 1081844K->849037K(1490944K), 0.0206676 secs] [Times: user=0.03 sys=0.00, real=0.02 secs] 
1017.299: [GC (Allocation Failure) [PSYoungGen: 409401K->92383K(465920K)] 1074266K->757513K(1490944K), 0.0206398 secs] [Times: user=0.04 sys=0.00, real=0.02 secs] 
1019.437: [GC (Allocation Failure) [PSYoungGen: 325343K->37716K(465920K)] 990473K->703159K(1490944K), 0.0082333 secs] [Times: user=0.02 sys=0.00, real=0.01 secs] 
1019.764: [GC (Allocation Failure) [PSYoungGen: 270676K->184719K(465920K)] 936119K->851407K(1490944K), 0.0203711 secs] [Times: user=0.03 sys=0.00, real=0.02 secs] 
1020.048: [GC (Allocation Failure) [PSYoungGen: 417679K->184494K(465920K)] 1084367K->851463K(1490944K), 0.0202957 secs] [Times: user=0.03 sys=0.00, real=0.02 secs] 
1020.668: [GC (Allocation Failure) [PSYoungGen: 406973K->91901K(465920K)] 1073943K->759144K(1490944K), 0.0107740 secs] [Times: user=0.02 sys=0.00, real=0.01 secs] 
1021.755: [GC (Allocation Failure) [PSYoungGen: 324861K->38102K(465920K)] 992104K->705658K(1490944K), 0.0075523 secs] [Times: user=0.02 sys=0.00, real=0.01 secs] 
1022.064: [GC (Allocation Failure) [PSYoungGen: 271062K->184687K(465920K)] 938618K->853625K(1490944K), 0.0202759 secs] [Times: user=0.02 sys=0.00, real=0.02 secs] 
1022.347: [GC (Allocation Failure) [PSYoungGen: 417647K->184655K(465920K)] 1086585K->853746K(1490944K), 0.0203863 secs] [Times: user=0.03 sys=0.00, real=0.03 secs] 
1023.115: [GC (Allocation Failure) [PSYoungGen: 407069K->91178K(465920K)] 1076161K->760543K(1490944K), 0.0113200 secs] [Times: user=0.02 sys=0.00, real=0.01 secs] 
1023.912: [GC (Allocation Failure) [PSYoungGen: 324138K->38066K(465920K)] 993503K->707744K(1490944K), 0.0055230 secs] [Times: user=0.01 sys=0.00, real=0.01 secs] 
1024.183: [GC (Allocation Failure) [PSYoungGen: 271026K->184719K(465920K)] 940704K->855650K(1490944K), 0.0202629 secs] [Times: user=0.03 sys=0.00, real=0.02 secs] 
1024.467: [GC (Allocation Failure) [PSYoungGen: 417679K->184655K(465920K)] 1088610K->855859K(1490944K), 0.0203817 secs] [Times: user=0.03 sys=0.00, real=0.02 secs] 
1025.107: [GC (Allocation Failure) [PSYoungGen: 407206K->91355K(465920K)] 1078411K->762833K(1490944K), 0.0110466 secs] [Times: user=0.02 sys=0.00, real=0.01 secs] 
1025.906: [GC (Allocation Failure) [PSYoungGen: 324315K->38037K(465920K)] 995793K->709837K(1490944K), 0.0054557 secs] [Times: user=0.02 sys=0.00, real=0.01 secs] 
1026.174: [GC (Allocation Failure) [PSYoungGen: 270997K->183948K(465920K)] 942797K->856993K(1490944K), 0.0202517 secs] [Times: user=0.03 sys=0.00, real=0.02 secs] 
1026.512: [GC (Allocation Failure) [PSYoungGen: 416908K->184430K(465920K)] 1089953K->857748K(1490944K), 0.0201771 secs] [Times: user=0.02 sys=0.00, real=0.02 secs] 
1027.839: [GC (Allocation Failure) [PSYoungGen: 408156K->92351K(465920K)] 1081474K->765934K(1490944K), 0.0120617 secs] [Times: user=0.03 sys=0.00, real=0.01 secs] 
1029.043: [GC (Allocation Failure) [PSYoungGen: 325311K->37748K(465920K)] 998894K->711639K(1490944K), 0.0054504 secs] [Times: user=0.01 sys=0.00, real=0.01 secs] 
1029.312: [GC (Allocation Failure) [PSYoungGen: 270708K->184462K(465920K)] 944599K->859727K(1490944K), 0.0202424 secs] [Times: user=0.03 sys=0.00, real=0.02 secs] 
1029.652: [GC (Allocation Failure) [PSYoungGen: 417422K->184558K(465920K)] 1092687K->859976K(1490944K), 0.0201890 secs] [Times: user=0.03 sys=0.00, real=0.02 secs] 
1031.443: [GC (Allocation Failure) [PSYoungGen: 407620K->92030K(465920K)] 1083038K->767712K(1490944K), 0.0167259 secs] [Times: user=0.04 sys=0.00, real=0.02 secs] 
1033.618: [GC (Allocation Failure) [PSYoungGen: 324990K->37331K(465920K)] 1000672K->713321K(1490944K), 0.0073506 secs] [Times: user=0.02 sys=0.00, real=0.00 secs] 
1033.926: [GC (Allocation Failure) [PSYoungGen: 270291K->184526K(465920K)] 946281K->861770K(1490944K), 0.0203370 secs] [Times: user=0.03 sys=0.00, real=0.02 secs] 
1034.217: [GC (Allocation Failure) [PSYoungGen: 417486K->184558K(465920K)] 1094730K->862099K(1490944K), 0.0201675 secs] [Times: user=0.03 sys=0.00, real=0.02 secs] 
1035.929: [GC (Allocation Failure) [PSYoungGen: 408148K->92367K(465920K)] 1085689K->770174K(1490944K), 0.0194490 secs] [Times: user=0.04 sys=0.00, real=0.02 secs] 
1037.503: [GC (Allocation Failure) [PSYoungGen: 325327K->37716K(465920K)] 1003134K->715822K(1490944K), 0.0085575 secs] [Times: user=0.02 sys=0.00, real=0.01 secs] 
1037.827: [GC (Allocation Failure) [PSYoungGen: 270676K->184462K(465920K)] 948782K->863950K(1490944K), 0.0204428 secs] [Times: user=0.03 sys=0.00, real=0.03 secs] 
1038.173: [GC (Allocation Failure) [PSYoungGen: 417422K->184558K(465920K)] 1096910K->864191K(1490944K), 0.0225967 secs] [Times: user=0.03 sys=0.00, real=0.02 secs] 
1038.818: [GC (Allocation Failure) [PSYoungGen: 407616K->92030K(465920K)] 1087249K->771927K(1490944K), 0.0120537 secs] [Times: user=0.02 sys=0.00, real=0.01 secs] 
1039.768: [GC (Allocation Failure) [PSYoungGen: 324990K->37877K(465920K)] 1004887K->718098K(1490944K), 0.0054537 secs] [Times: user=0.01 sys=0.00, real=0.00 secs] 
1040.100: [GC (Allocation Failure) [PSYoungGen: 270837K->183819K(465920K)] 951058K->865278K(1490944K), 0.0201112 secs] [Times: user=0.03 sys=0.00, real=0.02 secs] 
1040.383: [GC (Allocation Failure) [PSYoungGen: 416779K->184237K(465920K)] 1098238K->866098K(1490944K), 0.0203024 secs] [Times: user=0.02 sys=0.00, real=0.02 secs] 
1041.038: [GC (Allocation Failure) [PSYoungGen: 409501K->92785K(465920K)] 1091362K->774782K(1490944K), 0.0122464 secs] [Times: user=0.02 sys=0.00, real=0.01 secs] 
1041.867: [GC (Allocation Failure) [PSYoungGen: 325745K->38005K(465920K)] 1007742K->720310K(1490944K), 0.0055468 secs] [Times: user=0.01 sys=0.00, real=0.01 secs] 
1042.136: [GC (Allocation Failure) [PSYoungGen: 270965K->184719K(465920K)] 953270K->868270K(1490944K), 0.0202854 secs] [Times: user=0.03 sys=0.00, real=0.02 secs] 
1042.419: [GC (Allocation Failure) [PSYoungGen: 417679K->184687K(465920K)] 1101230K->868647K(1490944K), 0.0203376 secs] [Times: user=0.03 sys=0.00, real=0.02 secs] 
1043.055: [GC (Allocation Failure) [PSYoungGen: 407132K->91387K(465920K)] 1091093K->775612K(1490944K), 0.0108224 secs] [Times: user=0.02 sys=0.00, real=0.01 secs] 
1044.842: [GC (Allocation Failure) [PSYoungGen: 324347K->38163K(465920K)] 1008572K->722559K(1490944K), 0.0072261 secs] [Times: user=0.01 sys=0.00, real=0.01 secs] 
1045.216: [GC (Allocation Failure) [PSYoungGen: 271123K->184719K(465920K)] 955519K->870369K(1490944K), 0.0203466 secs] [Times: user=0.03 sys=0.00, real=0.02 secs] 
1045.501: [GC (Allocation Failure) [PSYoungGen: 417679K->184687K(465920K)] 1103329K->870610K(1490944K), 0.0204168 secs] [Times: user=0.03 sys=0.00, real=0.02 secs] 
1046.732: [GC (Allocation Failure) [PSYoungGen: 407116K->91194K(465920K)] 1093039K->777391K(1490944K), 0.0170951 secs] [Times: user=0.04 sys=0.00, real=0.02 secs] 
1048.751: [GC (Allocation Failure) [PSYoungGen: 324154K->38002K(465920K)] 1010351K->724498K(1490944K), 0.0075605 secs] [Times: user=0.02 sys=0.00, real=0.01 secs] 
1049.067: [GC (Allocation Failure) [PSYoungGen: 270962K->183916K(465920K)] 957458K->871657K(1490944K), 0.0201524 secs] [Times: user=0.03 sys=0.00, real=0.02 secs] 
1049.356: [GC (Allocation Failure) [PSYoungGen: 416876K->184366K(465920K)] 1104617K->872380K(1490944K), 0.0202297 secs] [Times: user=0.02 sys=0.00, real=0.02 secs] 
1050.036: [GC (Allocation Failure) [PSYoungGen: 408087K->92367K(465920K)] 1096102K->780647K(1490944K), 0.0113744 secs] [Times: user=0.02 sys=0.00, real=0.02 secs] 
1051.432: [GC (Allocation Failure) [PSYoungGen: 325327K->37459K(465920K)] 1013607K->726047K(1490944K), 0.0062203 secs] [Times: user=0.01 sys=0.00, real=0.01 secs] 
1051.784: [GC (Allocation Failure) [PSYoungGen: 270419K->184430K(465920K)] 959007K->874383K(1490944K), 0.0202883 secs] [Times: user=0.03 sys=0.00, real=0.02 secs] 
1052.067: [GC (Allocation Failure) [PSYoungGen: 417390K->184558K(465920K)] 1107343K->874664K(1490944K), 0.0201995 secs] [Times: user=0.02 sys=0.00, real=0.03 secs] 
1053.265: [GC (Allocation Failure) [PSYoungGen: 408132K->92239K(465920K)] 1098238K->782618K(1490944K), 0.0165684 secs] [Times: user=0.03 sys=0.00, real=0.02 secs] 
1054.697: [GC (Allocation Failure) [PSYoungGen: 325199K->37809K(465920K)] 1015578K->728502K(1490944K), 0.0054750 secs] [Times: user=0.01 sys=0.00, real=0.01 secs] 
1054.967: [GC (Allocation Failure) [PSYoungGen: 270769K->184815K(465920K)] 961462K->876762K(1490944K), 0.0202780 secs] [Times: user=0.03 sys=0.00, real=0.02 secs] 
1055.257: [GC (Allocation Failure) [PSYoungGen: 417775K->183755K(465920K)] 1109722K->875983K(1490944K), 0.0201630 secs] [Times: user=0.03 sys=0.00, real=0.02 secs] 
1056.358: [GC (Allocation Failure) [PSYoungGen: 409296K->92367K(465920K)] 1101524K->784868K(1490944K), 0.0242743 secs] [Times: user=0.05 sys=0.00, real=0.02 secs] 
1058.553: [GC (Allocation Failure) [PSYoungGen: 325327K->37877K(465920K)] 1017828K->730685K(1490944K), 0.0084934 secs] [Times: user=0.02 sys=0.00, real=0.01 secs] 
1058.883: [GC (Allocation Failure) [PSYoungGen: 270837K->184590K(465920K)] 963645K->878652K(1490944K), 0.0203767 secs] [Times: user=0.02 sys=0.00, real=0.02 secs] 
1059.167: [GC (Allocation Failure) [PSYoungGen: 417550K->184655K(465920K)] 1111612K->878990K(1490944K), 0.0235642 secs] [Times: user=0.03 sys=0.00, real=0.02 secs] 
1060.606: [GC (Allocation Failure) [PSYoungGen: 407230K->91644K(465920K)] 1101565K->786244K(1490944K), 0.0146558 secs] [Times: user=0.03 sys=0.00, real=0.02 secs] 
1062.019: [GC (Allocation Failure) [PSYoungGen: 324604K->37845K(465920K)] 1019204K->732761K(1490944K), 0.0068921 secs] [Times: user=0.02 sys=0.00, real=0.00 secs] 
1062.310: [GC (Allocation Failure) [PSYoungGen: 270805K->184719K(465920K)] 965721K->880889K(1490944K), 0.0203614 secs] [Times: user=0.02 sys=0.00, real=0.02 secs] 
1062.599: [GC (Allocation Failure) [PSYoungGen: 417679K->184655K(465920K)] 1113849K->881098K(1490944K), 0.0203179 secs] [Times: user=0.03 sys=0.00, real=0.02 secs] 
1063.229: [GC (Allocation Failure) [PSYoungGen: 407214K->91467K(465920K)] 1103657K->788184K(1490944K), 0.0149835 secs] [Times: user=0.03 sys=0.00, real=0.01 secs] 
1064.113: [GC (Allocation Failure) [PSYoungGen: 324427K->38005K(465920K)] 1021144K->735027K(1490944K), 0.0068444 secs] [Times: user=0.02 sys=0.00, real=0.01 secs] 
1064.454: [GC (Allocation Failure) [PSYoungGen: 270965K->183948K(465920K)] 967987K->882231K(1490944K), 0.0201994 secs] [Times: user=0.03 sys=0.00, real=0.02 secs] 
1064.739: [GC (Allocation Failure) [PSYoungGen: 416908K->184398K(465920K)] 1115191K->882954K(1490944K), 0.0203135 secs] [Times: user=0.03 sys=0.00, real=0.02 secs] 
1065.887: [GC (Allocation Failure) [PSYoungGen: 409614K->92415K(465920K)] 1108170K->791237K(1490944K), 0.0125353 secs] [Times: user=0.03 sys=0.00, real=0.02 secs] 
1067.033: [GC (Allocation Failure) [PSYoungGen: 325375K->37973K(465920K)] 1024197K->737089K(1490944K), 0.0067975 secs] [Times: user=0.01 sys=0.00, real=0.01 secs] 
1067.326: [GC (Allocation Failure) [PSYoungGen: 270933K->184719K(465920K)] 970049K->885088K(1490944K), 0.0203268 secs] [Times: user=0.03 sys=0.00, real=0.02 secs] 
1067.666: [GC (Allocation Failure) [PSYoungGen: 417679K->184719K(465920K)] 1118048K->885361K(1490944K), 0.0203841 secs] [Times: user=0.03 sys=0.00, real=0.02 secs] 
1068.743: [GC (Allocation Failure) [PSYoungGen: 407275K->91323K(465920K)] 1107917K->792230K(1490944K), 0.0134340 secs] [Times: user=0.03 sys=0.01, real=0.01 secs] 
1070.403: [GC (Allocation Failure) [PSYoungGen: 324283K->37588K(465920K)] 1025190K->738811K(1490944K), 0.0069428 secs] [Times: user=0.02 sys=0.00, real=0.01 secs] 
1070.764: [GC (Allocation Failure) [PSYoungGen: 270548K->183948K(465920K)] 971771K->886425K(1490944K), 0.0204499 secs] [Times: user=0.03 sys=0.00, real=0.02 secs] 
1071.106: [GC (Allocation Failure) [PSYoungGen: 416908K->184430K(465920K)] 1119385K->887180K(1490944K), 0.0202069 secs] [Times: user=0.03 sys=0.00, real=0.02 secs] 
1071.735: [GC (Allocation Failure) [PSYoungGen: 408248K->92801K(465920K)] 1110998K->795816K(1490944K), 0.0125815 secs] [Times: user=0.02 sys=0.00, real=0.02 secs] 
1073.031: [GC (Allocation Failure) [PSYoungGen: 325761K->37716K(465920K)] 1028776K->741039K(1490944K), 0.0062683 secs] [Times: user=0.01 sys=0.01, real=0.01 secs] 
1073.383: [GC (Allocation Failure) [PSYoungGen: 270676K->184462K(465920K)] 973999K->889039K(1490944K), 0.0202889 secs] [Times: user=0.03 sys=0.00, real=0.02 secs] 
1073.728: [GC (Allocation Failure) [PSYoungGen: 417422K->184333K(465920K)] 1121999K->889183K(1490944K), 0.0203782 secs] [Times: user=0.03 sys=0.00, real=0.02 secs] 
1074.514: [GC (Allocation Failure) [PSYoungGen: 409411K->92303K(465920K)] 1114261K->797554K(1490944K), 0.0121523 secs] [Times: user=0.03 sys=0.00, real=0.01 secs] 
1075.653: [GC (Allocation Failure) [PSYoungGen: 325263K->37748K(465920K)] 1030514K->743195K(1490944K), 0.0056169 secs] [Times: user=0.01 sys=0.00, real=0.01 secs] 
1075.922: [GC (Allocation Failure) [PSYoungGen: 270708K->184301K(465920K)] 976155K->890994K(1490944K), 0.0203002 secs] [Times: user=0.02 sys=0.00, real=0.02 secs] 
1076.263: [GC (Allocation Failure) [PSYoungGen: 417261K->184623K(465920K)] 1123954K->891588K(1490944K), 0.0203081 secs] [Times: user=0.03 sys=0.00, real=0.02 secs] 
1077.239: [GC (Allocation Failure) [PSYoungGen: 409768K->91966K(465920K)] 1116733K->799196K(1490944K), 0.0130812 secs] [Times: user=0.03 sys=0.00, real=0.01 secs] 
1079.151: [GC (Allocation Failure) [PSYoungGen: 324926K->37360K(465920K)] 1032156K->744896K(1490944K), 0.0064447 secs] [Times: user=0.02 sys=0.00, real=0.00 secs] 
1079.437: [GC (Allocation Failure) [PSYoungGen: 270320K->184847K(465920K)] 977856K->893758K(1490944K), 0.0203500 secs] [Times: user=0.03 sys=0.00, real=0.03 secs] 
1079.725: [GC (Allocation Failure) [PSYoungGen: 417807K->184687K(465920K)] 1126718K->893878K(1490944K), 0.0207803 secs] [Times: user=0.03 sys=0.00, real=0.02 secs] 
1080.436: [GC (Allocation Failure) [PSYoungGen: 407229K->91853K(465920K)] 1116421K->801189K(1490944K), 0.0108179 secs] [Times: user=0.02 sys=0.00, real=0.01 secs] 
1081.305: [GC (Allocation Failure) [PSYoungGen: 324813K->38034K(465920K)] 1034149K->747692K(1490944K), 0.0055479 secs] [Times: user=0.01 sys=0.00, real=0.01 secs] 
1081.574: [GC (Allocation Failure) [PSYoungGen: 270994K->184687K(465920K)] 980652K->895598K(1490944K), 0.0203976 secs] [Times: user=0.03 sys=0.00, real=0.02 secs] 
1081.858: [GC (Allocation Failure) [PSYoungGen: 417647K->184655K(465920K)] 1128558K->895839K(1490944K), 0.0205042 secs] [Times: user=0.03 sys=0.00, real=0.02 secs] 
1083.185: [GC (Allocation Failure) [PSYoungGen: 407210K->91355K(465920K)] 1118395K->802805K(1490944K), 0.0131626 secs] [Times: user=0.03 sys=0.00, real=0.02 secs] 
1085.056: [GC (Allocation Failure) [PSYoungGen: 324315K->37491K(465920K)] 1035765K->749249K(1490944K), 0.0068084 secs] [Times: user=0.01 sys=0.00, real=0.01 secs] 
1085.347: [GC (Allocation Failure) [PSYoungGen: 270451K->184719K(465920K)] 982209K->897730K(1490944K), 0.0203883 secs] [Times: user=0.03 sys=0.00, real=0.02 secs] 
1085.636: [GC (Allocation Failure) [PSYoungGen: 417679K->184655K(465920K)] 1130690K->897939K(1490944K), 0.0204122 secs] [Times: user=0.03 sys=0.00, real=0.02 secs] 
1086.809: [GC (Allocation Failure) [PSYoungGen: 407210K->91901K(465920K)] 1120494K->805451K(1490944K), 0.0207825 secs] [Times: user=0.04 sys=0.00, real=0.02 secs] 
1088.630: [GC (Allocation Failure) [PSYoungGen: 324861K->37845K(465920K)] 1038411K->751694K(1490944K), 0.0064083 secs] [Times: user=0.02 sys=0.00, real=0.00 secs] 
1088.912: [GC (Allocation Failure) [PSYoungGen: 270805K->183690K(465920K)] 984654K->898786K(1490944K), 0.0202615 secs] [Times: user=0.03 sys=0.00, real=0.02 secs] 
1089.255: [GC (Allocation Failure) [PSYoungGen: 416650K->184526K(465920K)] 1131746K->899894K(1490944K), 0.0204179 secs] [Times: user=0.02 sys=0.00, real=0.02 secs] 
1090.180: [GC (Allocation Failure) [PSYoungGen: 408471K->92704K(465920K)] 1123839K->808345K(1490944K), 0.0122491 secs] [Times: user=0.02 sys=0.00, real=0.01 secs] 
1092.124: [GC (Allocation Failure) [PSYoungGen: 325664K->37588K(465920K)] 1041305K->753537K(1490944K), 0.0079800 secs] [Times: user=0.02 sys=0.00, real=0.01 secs] 
1092.438: [GC (Allocation Failure) [PSYoungGen: 270548K->184462K(465920K)] 986497K->901657K(1490944K), 0.0203869 secs] [Times: user=0.03 sys=0.00, real=0.02 secs] 
1092.775: [GC (Allocation Failure) [PSYoungGen: 417422K->184526K(465920K)] 1134617K->902131K(1490944K), 0.0205067 secs] [Times: user=0.03 sys=0.00, real=0.02 secs] 
1093.431: [GC (Allocation Failure) [PSYoungGen: 409684K->92126K(465920K)] 1127288K->809867K(1490944K), 0.0122168 secs] [Times: user=0.02 sys=0.00, real=0.01 secs] 
1094.558: [GC (Allocation Failure) [PSYoungGen: 325086K->37780K(465920K)] 1042827K->755845K(1490944K), 0.0076006 secs] [Times: user=0.02 sys=0.00, real=0.00 secs] 
1094.926: [GC (Allocation Failure) [PSYoungGen: 270740K->184815K(465920K)] 988805K->904142K(1490944K), 0.0203155 secs] [Times: user=0.03 sys=0.00, real=0.02 secs] 
1095.215: [GC (Allocation Failure) [PSYoungGen: 417775K->184687K(465920K)] 1137102K->904286K(1490944K), 0.0203982 secs] [Times: user=0.03 sys=0.00, real=0.02 secs] 
1096.775: [GC (Allocation Failure) [PSYoungGen: 407142K->91516K(465920K)] 1126742K->811388K(1490944K), 0.0172500 secs] [Times: user=0.04 sys=0.00, real=0.02 secs] 
1098.361: [GC (Allocation Failure) [PSYoungGen: 324476K->37877K(465920K)] 1044348K->758058K(1490944K), 0.0069107 secs] [Times: user=0.02 sys=0.00, real=0.01 secs] 
1098.652: [GC (Allocation Failure) [PSYoungGen: 270837K->184462K(465920K)] 991018K->905888K(1490944K), 0.0205397 secs] [Times: user=0.03 sys=0.00, real=0.02 secs] 
1098.940: [GC (Allocation Failure) [PSYoungGen: 417422K->184558K(465920K)] 1138848K->906266K(1490944K), 0.0203807 secs] [Times: user=0.03 sys=0.00, real=0.02 secs] 
1100.714: [GC (Allocation Failure) [PSYoungGen: 407093K->91869K(465920K)] 1128801K->813842K(1490944K), 0.0199080 secs] [Times: user=0.04 sys=0.00, real=0.02 secs] 
1102.531: [GC (Allocation Failure) [PSYoungGen: 324829K->37620K(465920K)] 1046802K->759906K(1490944K), 0.0086897 secs] [Times: user=0.02 sys=0.00, real=0.01 secs] 
1102.862: [GC (Allocation Failure) [PSYoungGen: 270580K->184430K(465920K)] 992866K->907970K(1490944K), 0.0203843 secs] [Times: user=0.03 sys=0.00, real=0.02 secs] 
1103.145: [GC (Allocation Failure) [PSYoungGen: 417390K->184301K(465920K)] 1140930K->908122K(1490944K), 0.0202909 secs] [Times: user=0.03 sys=0.00, real=0.02 secs] 
1104.561: [GC (Allocation Failure) [PSYoungGen: 409374K->92415K(465920K)] 1133195K->816638K(1490944K), 0.0125722 secs] [Times: user=0.02 sys=0.00, real=0.01 secs] 
1105.868: [GC (Allocation Failure) [PSYoungGen: 325375K->37588K(465920K)] 1049598K->761997K(1490944K), 0.0082684 secs] [Times: user=0.02 sys=0.00, real=0.00 secs] 
1106.198: [GC (Allocation Failure) [PSYoungGen: 270548K->184044K(465920K)] 994957K->909699K(1490944K), 0.0202197 secs] [Times: user=0.02 sys=0.00, real=0.02 secs] 
1106.541: [GC (Allocation Failure) [PSYoungGen: 417004K->185008K(465920K)] 1142659K->910944K(1490944K), 0.0204144 secs] [Times: user=0.03 sys=0.00, real=0.02 secs] 
1107.156: [GC (Allocation Failure) [PSYoungGen: 405713K->92110K(465920K)] 1131649K->818448K(1490944K), 0.0122414 secs] [Times: user=0.02 sys=0.00, real=0.02 secs] 
1107.987: [GC (Allocation Failure) [PSYoungGen: 325070K->38005K(465920K)] 1051408K->764515K(1490944K), 0.0055180 secs] [Times: user=0.02 sys=0.01, real=0.01 secs] 
1108.258: [GC (Allocation Failure) [PSYoungGen: 270965K->186389K(465920K)] 997475K->914145K(1490944K), 0.0205334 secs] [Times: user=0.03 sys=0.00, real=0.02 secs] 
1108.548: [GC (Allocation Failure) [PSYoungGen: 419349K->186100K(465920K)] 1147105K->914137K(1490944K), 0.0204495 secs] [Times: user=0.03 sys=0.00, real=0.02 secs] 
1109.915: [GC (Allocation Failure) [PSYoungGen: 405417K->88286K(465920K)] 1133454K->816724K(1490944K), 0.0140922 secs] [Times: user=0.03 sys=0.00, real=0.02 secs] 
1111.567: [GC (Allocation Failure) [PSYoungGen: 321246K->38102K(465920K)] 1049684K->766719K(1490944K), 0.0065193 secs] [Times: user=0.02 sys=0.00, real=0.00 secs] 
1111.847: [GC (Allocation Failure) [PSYoungGen: 271062K->184205K(465920K)] 999679K->914068K(1490944K), 0.0203714 secs] [Times: user=0.03 sys=0.00, real=0.02 secs] 
1112.136: [GC (Allocation Failure) [PSYoungGen: 417165K->184366K(465920K)] 1147028K->914630K(1490944K), 0.0203758 secs] [Times: user=0.03 sys=0.00, real=0.02 secs] 
1112.778: [GC (Allocation Failure) [PSYoungGen: 407475K->91982K(465920K)] 1137740K->822391K(1490944K), 0.0114522 secs] [Times: user=0.02 sys=0.00, real=0.01 secs] 
1113.885: [GC (Allocation Failure) [PSYoungGen: 324942K->37909K(465920K)] 1055351K->768617K(1490944K), 0.0057266 secs] [Times: user=0.01 sys=0.00, real=0.01 secs] 
1114.207: [GC (Allocation Failure) [PSYoungGen: 270869K->184430K(465920K)] 1001577K->916528K(1490944K), 0.0204266 secs] [Times: user=0.03 sys=0.00, real=0.02 secs] 
1114.552: [GC (Allocation Failure) [PSYoungGen: 417390K->184558K(465920K)] 1149488K->916810K(1490944K), 0.0204768 secs] [Times: user=0.03 sys=0.00, real=0.02 secs] 
1115.294: [GC (Allocation Failure) [PSYoungGen: 407106K->91837K(465920K)] 1139357K->824354K(1490944K), 0.0121706 secs] [Times: user=0.02 sys=0.00, real=0.01 secs] 
1116.434: [GC (Allocation Failure) [PSYoungGen: 324797K->37716K(465920K)] 1057314K->770532K(1490944K), 0.0064565 secs] [Times: user=0.02 sys=0.00, real=0.01 secs] 
1116.793: [GC (Allocation Failure) [PSYoungGen: 270676K->184430K(465920K)] 1003492K->918620K(1490944K), 0.0203273 secs] [Times: user=0.03 sys=0.00, real=0.02 secs] 
1117.076: [GC (Allocation Failure) [PSYoungGen: 417390K->184526K(465920K)] 1151580K->918861K(1490944K), 0.0203939 secs] [Times: user=0.03 sys=0.00, real=0.02 secs] 
1118.725: [GC (Allocation Failure) [PSYoungGen: 407579K->92030K(465920K)] 1141914K->826637K(1490944K), 0.0123099 secs] [Times: user=0.02 sys=0.00, real=0.02 secs] 
1119.782: [GC (Allocation Failure) [PSYoungGen: 324990K->37877K(465920K)] 1059597K->772801K(1490944K), 0.0067051 secs] [Times: user=0.02 sys=0.00, real=0.01 secs] 
1120.065: [GC (Allocation Failure) [PSYoungGen: 270837K->184430K(465920K)] 1005761K->920607K(1490944K), 0.0204121 secs] [Times: user=0.02 sys=0.00, real=0.02 secs] 
1120.349: [GC (Allocation Failure) [PSYoungGen: 417390K->184590K(465920K)] 1153567K->921041K(1490944K), 0.0203013 secs] [Times: user=0.03 sys=0.00, real=0.02 secs] 
1120.977: [GC (Allocation Failure) [PSYoungGen: 407131K->91869K(465920K)] 1143581K->828585K(1490944K), 0.0107706 secs] [Times: user=0.02 sys=0.00, real=0.01 secs] 
1122.259: [GC (Allocation Failure) [PSYoungGen: 324829K->37716K(465920K)] 1061545K->774748K(1490944K), 0.0064941 secs] [Times: user=0.01 sys=0.00, real=0.00 secs] 
1122.604: [GC (Allocation Failure) [PSYoungGen: 270676K->184430K(465920K)] 1007708K->922707K(1490944K), 0.0203947 secs] [Times: user=0.03 sys=0.00, real=0.02 secs] 
1122.974: [GC (Allocation Failure) [PSYoungGen: 417390K->184269K(465920K)] 1155667K->922827K(1490944K), 0.0204740 secs] [Times: user=0.03 sys=0.00, real=0.02 secs] 
1124.378: [GC (Allocation Failure) [PSYoungGen: 409349K->92287K(465920K)] 1147907K->831247K(1490944K), 0.0148879 secs] [Times: user=0.03 sys=0.00, real=0.01 secs] 
1126.892: [GC (Allocation Failure) [PSYoungGen: 325247K->38291K(465920K)] 1064207K->777447K(1490944K), 0.0070981 secs] [Times: user=0.02 sys=0.00, real=0.01 secs] 
1127.185: [GC (Allocation Failure) [PSYoungGen: 271251K->184687K(465920K)] 1010407K->925224K(1490944K), 0.0205341 secs] [Times: user=0.03 sys=0.00, real=0.02 secs] 
1127.468: [GC (Allocation Failure) [PSYoungGen: 417647K->184494K(465920K)] 1158184K->925183K(1490944K), 0.0203752 secs] [Times: user=0.03 sys=0.00, real=0.02 secs] 
1129.240: [GC (Allocation Failure) [PSYoungGen: 406807K->91323K(465920K)] 1147497K->832278K(1490944K), 0.0139628 secs] [Times: user=0.03 sys=0.00, real=0.01 secs] 
1130.890: [GC (Allocation Failure) [PSYoungGen: 324283K->37459K(465920K)] 1065238K->778720K(1490944K), 0.0064685 secs] [Times: user=0.01 sys=0.00, real=0.00 secs] 
1131.266: [GC (Allocation Failure) [PSYoungGen: 270419K->184815K(465920K)] 1011680K->927321K(1490944K), 0.0206071 secs] [Times: user=0.03 sys=0.00, real=0.02 secs] 
1131.612: [GC (Allocation Failure) [PSYoungGen: 417775K->184141K(465920K)] 1160281K->926920K(1490944K), 0.0206309 secs] [Times: user=0.03 sys=0.00, real=0.02 secs] 
1132.314: [GC (Allocation Failure) [PSYoungGen: 409479K->92239K(465920K)] 1152258K->835291K(1490944K), 0.0128762 secs] [Times: user=0.02 sys=0.00, real=0.01 secs] 
1133.873: [GC (Allocation Failure) [PSYoungGen: 325199K->37620K(465920K)] 1068251K->780986K(1490944K), 0.0070860 secs] [Times: user=0.02 sys=0.00, real=0.01 secs] 
1134.173: [GC (Allocation Failure) [PSYoungGen: 270580K->184333K(465920K)] 1013946K->928953K(1490944K), 0.0204182 secs] [Times: user=0.03 sys=0.00, real=0.02 secs] 
1134.456: [GC (Allocation Failure) [PSYoungGen: 417293K->184687K(465920K)] 1161913K->929587K(1490944K), 0.0203692 secs] [Times: user=0.02 sys=0.00, real=0.02 secs] 
1135.077: [GC (Allocation Failure) [PSYoungGen: 409831K->92126K(465920K)] 1154732K->837292K(1490944K), 0.0109408 secs] [Times: user=0.02 sys=0.00, real=0.02 secs] 
1135.928: [GC (Allocation Failure) [PSYoungGen: 325086K->37877K(465920K)] 1070252K->783364K(1490944K), 0.0055967 secs] [Times: user=0.01 sys=0.00, real=0.00 secs] 
1136.196: [GC (Allocation Failure) [PSYoungGen: 270837K->184333K(465920K)] 1016324K->931066K(1490944K), 0.0204103 secs] [Times: user=0.03 sys=0.00, real=0.02 secs] 
1136.480: [GC (Allocation Failure) [PSYoungGen: 417293K->183658K(465920K)] 1164026K->930665K(1490944K), 0.0203786 secs] [Times: user=0.03 sys=0.00, real=0.02 secs] 
1137.511: [GC (Allocation Failure) [PSYoungGen: 408094K->92849K(465920K)] 1155100K->840128K(1490944K), 0.0129437 secs] [Times: user=0.03 sys=0.00, real=0.01 secs] 
1138.457: [GC (Allocation Failure) [PSYoungGen: 325809K->37845K(465920K)] 1073088K->785440K(1490944K), 0.0064127 secs] [Times: user=0.02 sys=0.00, real=0.01 secs] 
1138.803: [GC (Allocation Failure) [PSYoungGen: 270805K->183819K(465920K)] 1018400K->932660K(1490944K), 0.0206171 secs] [Times: user=0.03 sys=0.00, real=0.02 secs] 
1139.146: [GC (Allocation Failure) [PSYoungGen: 416779K->184719K(465920K)] 1165620K->933841K(1490944K), 0.0203369 secs] [Times: user=0.03 sys=0.00, real=0.02 secs] 
1139.848: [GC (Allocation Failure) [PSYoungGen: 410035K->92415K(465920K)] 1159156K->841931K(1490944K), 0.0119758 secs] [Times: user=0.02 sys=0.00, real=0.01 secs] 
1141.270: [GC (Allocation Failure) [PSYoungGen: 325375K->37845K(465920K)] 1074891K->787529K(1490944K), 0.0068942 secs] [Times: user=0.01 sys=0.00, real=0.00 secs] 
1141.564: [GC (Allocation Failure) [PSYoungGen: 270805K->184173K(465920K)] 1020489K->935111K(1490944K), 0.0203264 secs] [Times: user=0.02 sys=0.00, real=0.02 secs] 
1141.848: [GC (Allocation Failure) [PSYoungGen: 417133K->184558K(465920K)] 1168071K->935769K(1490944K), 0.0204319 secs] [Times: user=0.03 sys=0.00, real=0.02 secs] 
1142.466: [GC (Allocation Failure) [PSYoungGen: 407638K->92158K(465920K)] 1158850K->843634K(1490944K), 0.0146788 secs] [Times: user=0.03 sys=0.00, real=0.02 secs] 
1143.712: [GC (Allocation Failure) [PSYoungGen: 325118K->37877K(465920K)] 1076594K->789661K(1490944K), 0.0075176 secs] [Times: user=0.02 sys=0.00, real=0.01 secs] 
1144.024: [GC (Allocation Failure) [PSYoungGen: 270837K->185008K(465920K)] 1022621K->938046K(1490944K), 0.0204765 secs] [Times: user=0.03 sys=0.00, real=0.02 secs] 
1144.370: [GC (Allocation Failure) [PSYoungGen: 417968K->184301K(465920K)] 1171006K->937620K(1490944K), 0.0205018 secs] [Times: user=0.03 sys=0.00, real=0.02 secs] 
1145.096: [GC (Allocation Failure) [PSYoungGen: 407148K->91596K(465920K)] 1160468K->845317K(1490944K), 0.0135278 secs] [Times: user=0.03 sys=0.00, real=0.02 secs] 
1146.741: [GC (Allocation Failure) [PSYoungGen: 324556K->37488K(465920K)] 1078277K->791378K(1490944K), 0.0065979 secs] [Times: user=0.02 sys=0.00, real=0.01 secs] 
1147.023: [GC (Allocation Failure) [PSYoungGen: 270448K->184558K(465920K)] 1024338K->939822K(1490944K), 0.0204993 secs] [Times: user=0.03 sys=0.00, real=0.02 secs] 
1147.306: [GC (Allocation Failure) [PSYoungGen: 417518K->184462K(465920K)] 1172782K->939870K(1490944K), 0.0204405 secs] [Times: user=0.03 sys=0.00, real=0.02 secs] 
1147.984: [GC (Allocation Failure) [PSYoungGen: 409514K->92271K(465920K)] 1164922K->847952K(1490944K), 0.0121071 secs] [Times: user=0.02 sys=0.00, real=0.01 secs] 
1148.938: [GC (Allocation Failure) [PSYoungGen: 325231K->38005K(465920K)] 1080912K->794003K(1490944K), 0.0056492 secs] [Times: user=0.01 sys=0.00, real=0.00 secs] 
1149.209: [GC (Allocation Failure) [PSYoungGen: 270965K->184847K(465920K)] 1026963K->942090K(1490944K), 0.0205539 secs] [Times: user=0.02 sys=0.00, real=0.02 secs] 
1149.497: [GC (Allocation Failure) [PSYoungGen: 417807K->184687K(465920K)] 1175050K->942339K(1490944K), 0.0203725 secs] [Times: user=0.02 sys=0.00, real=0.03 secs] 
1150.153: [GC (Allocation Failure) [PSYoungGen: 407108K->91226K(465920K)] 1164761K->849016K(1490944K), 0.0119731 secs] [Times: user=0.03 sys=0.00, real=0.01 secs] 
1151.124: [GC (Allocation Failure) [PSYoungGen: 324186K->38005K(465920K)] 1081976K->796108K(1490944K), 0.0056083 secs] [Times: user=0.02 sys=0.00, real=0.01 secs] 
1151.392: [GC (Allocation Failure) [PSYoungGen: 270965K->183948K(465920K)] 1029068K->943296K(1490944K), 0.0202884 secs] [Times: user=0.03 sys=0.00, real=0.02 secs] 
1151.686: [GC (Allocation Failure) [PSYoungGen: 416908K->184847K(465920K)] 1176256K->944469K(1490944K), 0.0203198 secs] [Times: user=0.03 sys=0.00, real=0.02 secs] 
1152.317: [GC (Allocation Failure) [PSYoungGen: 405550K->91998K(465920K)] 1165172K->852013K(1490944K), 0.0112085 secs] [Times: user=0.02 sys=0.00, real=0.02 secs] 
1153.494: [GC (Allocation Failure) [PSYoungGen: 324958K->37845K(465920K)] 1084973K->798045K(1490944K), 0.0064048 secs] [Times: user=0.01 sys=0.00, real=0.01 secs] 
1153.842: [GC (Allocation Failure) [PSYoungGen: 270805K->186453K(465920K)] 1031005K->947908K(1490944K), 0.0208876 secs] [Times: user=0.03 sys=0.00, real=0.02 secs] 
1154.186: [GC (Allocation Failure) [PSYoungGen: 419413K->185972K(465920K)] 1180868K->947860K(1490944K), 0.0205838 secs] [Times: user=0.02 sys=0.00, real=0.02 secs] 
1156.005: [GC (Allocation Failure) [PSYoungGen: 406312K->88559K(465920K)] 1168199K->850592K(1490944K), 0.0192224 secs] [Times: user=0.04 sys=0.00, real=0.02 secs] 
1156.948: [GC (Allocation Failure) [PSYoungGen: 321519K->38163K(465920K)] 1083552K->800509K(1490944K), 0.0056014 secs] [Times: user=0.01 sys=0.00, real=0.00 secs] 
1157.218: [GC (Allocation Failure) [PSYoungGen: 271123K->186389K(465920K)] 1033469K->949981K(1490944K), 0.0205047 secs] [Times: user=0.02 sys=0.00, real=0.02 secs] 
1157.563: [GC (Allocation Failure) [PSYoungGen: 419349K->186068K(465920K)] 1182941K->949933K(1490944K), 0.0205566 secs] [Times: user=0.03 sys=0.00, real=0.02 secs] 
1158.562: [GC (Allocation Failure) [PSYoungGen: 404856K->88126K(465920K)] 1168721K->852392K(1490944K), 0.0118655 secs] [Times: user=0.03 sys=0.00, real=0.01 secs] 
1160.114: [GC (Allocation Failure) [PSYoungGen: 321086K->37941K(465920K)] 1085352K->802401K(1490944K), 0.0070364 secs] [Times: user=0.02 sys=0.00, real=0.01 secs] 
1160.405: [GC (Allocation Failure) [PSYoungGen: 270901K->184462K(465920K)] 1035361K->950175K(1490944K), 0.0204826 secs] [Times: user=0.03 sys=0.00, real=0.02 secs] 
1160.745: [GC (Allocation Failure) [PSYoungGen: 417422K->184141K(465920K)] 1183135K->950135K(1490944K), 0.0203917 secs] [Times: user=0.03 sys=0.00, real=0.02 secs] 
1162.285: [GC (Allocation Failure) [PSYoungGen: 409472K->92126K(465920K)] 1175466K->858385K(1490944K), 0.0145161 secs] [Times: user=0.03 sys=0.00, real=0.02 secs] 
1163.890: [GC (Allocation Failure) [PSYoungGen: 325086K->37520K(465920K)] 1091345K->804080K(1490944K), 0.0066870 secs] [Times: user=0.02 sys=0.00, real=0.00 secs] 
1164.177: [GC (Allocation Failure) [PSYoungGen: 270480K->184044K(465920K)] 1037040K->951865K(1490944K), 0.0202380 secs] [Times: user=0.03 sys=0.00, real=0.03 secs] 
1164.461: [GC (Allocation Failure) [PSYoungGen: 417004K->184944K(465920K)] 1184825K->953046K(1490944K), 0.0202726 secs] [Times: user=0.03 sys=0.00, real=0.02 secs] 
1165.362: [GC (Allocation Failure) [PSYoungGen: 410256K->92207K(465920K)] 1178358K->860711K(1490944K), 0.0113552 secs] [Times: user=0.03 sys=0.00, real=0.01 secs] 
1166.442: [GC (Allocation Failure) [PSYoungGen: 325167K->37652K(465920K)] 1093671K->806357K(1490944K), 0.0055658 secs] [Times: user=0.02 sys=0.00, real=0.01 secs] 
1166.710: [GC (Allocation Failure) [PSYoungGen: 270612K->184205K(465920K)] 1039317K->954163K(1490944K), 0.0204374 secs] [Times: user=0.03 sys=0.00, real=0.02 secs] 
1166.995: [GC (Allocation Failure) [PSYoungGen: 417165K->184558K(465920K)] 1187123K->954918K(1490944K), 0.0205652 secs] [Times: user=0.03 sys=0.00, real=0.02 secs] 
1168.324: [GC (Allocation Failure) [PSYoungGen: 409707K->92351K(465920K)] 1180067K->862848K(1490944K), 0.0198869 secs] [Times: user=0.04 sys=0.01, real=0.02 secs] 
1169.812: [GC (Allocation Failure) [PSYoungGen: 325311K->37877K(465920K)] 1095808K->808674K(1490944K), 0.0067194 secs] [Times: user=0.01 sys=0.00, real=0.01 secs] 
1170.095: [GC (Allocation Failure) [PSYoungGen: 270837K->184205K(465920K)] 1041634K->956255K(1490944K), 0.0204879 secs] [Times: user=0.03 sys=0.00, real=0.02 secs] 
1170.379: [GC (Allocation Failure) [PSYoungGen: 417165K->184526K(465920K)] 1189215K->956978K(1490944K), 0.0205843 secs] [Times: user=0.03 sys=0.00, real=0.02 secs] 
1171.463: [GC (Allocation Failure) [PSYoungGen: 409699K->92158K(465920K)] 1182151K->864755K(1490944K), 0.0129763 secs] [Times: user=0.03 sys=0.00, real=0.01 secs] 
1172.901: [GC (Allocation Failure) [PSYoungGen: 325118K->37459K(465920K)] 1097715K->810369K(1490944K), 0.0065952 secs] [Times: user=0.02 sys=0.00, real=0.01 secs] 
1173.239: [GC (Allocation Failure) [PSYoungGen: 270419K->184687K(465920K)] 1043329K->958835K(1490944K), 0.0205152 secs] [Times: user=0.03 sys=0.00, real=0.02 secs] 
1173.523: [GC (Allocation Failure) [PSYoungGen: 417647K->184655K(465920K)] 1191795K->959076K(1490944K), 0.0206309 secs] [Times: user=0.03 sys=0.00, real=0.02 secs] 
1175.976: [GC (Allocation Failure) [PSYoungGen: 409798K->91869K(465920K)] 1184219K->866555K(1490944K), 0.0252761 secs] [Times: user=0.06 sys=0.00, real=0.03 secs] 
1177.911: [GC (Allocation Failure) [PSYoungGen: 324829K->37620K(465920K)] 1099515K->812622K(1490944K), 0.0072040 secs] [Times: user=0.02 sys=0.00, real=0.01 secs] 
1178.211: [GC (Allocation Failure) [PSYoungGen: 270580K->184301K(465920K)] 1045582K->960549K(1490944K), 0.0202955 secs] [Times: user=0.03 sys=0.00, real=0.02 secs] 
1178.493: [GC (Allocation Failure) [PSYoungGen: 417261K->183690K(465920K)] 1193509K->960219K(1490944K), 0.0202437 secs] [Times: user=0.03 sys=0.00, real=0.02 secs] 
1179.508: [GC (Allocation Failure) [PSYoungGen: 408667K->93186K(465920K)] 1185196K->869988K(1490944K), 0.0125009 secs] [Times: user=0.02 sys=0.00, real=0.01 secs] 
1181.184: [GC (Allocation Failure) [PSYoungGen: 326146K->37556K(465920K)] 1102948K->814663K(1490944K), 0.0072927 secs] [Times: user=0.02 sys=0.00, real=0.01 secs] 
1181.480: [GC (Allocation Failure) [PSYoungGen: 270516K->184687K(465920K)] 1047623K->963040K(1490944K), 0.0205509 secs] [Times: user=0.03 sys=0.00, real=0.02 secs] 
1181.822: [GC (Allocation Failure) [PSYoungGen: 417647K->184398K(465920K)] 1196000K->963024K(1490944K), 0.0205651 secs] [Times: user=0.02 sys=0.00, real=0.02 secs] 
1182.843: [GC (Allocation Failure) [PSYoungGen: 409440K->91966K(465920K)] 1188066K->870865K(1490944K), 0.0136426 secs] [Times: user=0.03 sys=0.01, real=0.01 secs] 
1184.411: [GC (Allocation Failure) [PSYoungGen: 324926K->37363K(465920K)] 1103825K->816568K(1490944K), 0.0063897 secs] [Times: user=0.01 sys=0.00, real=0.01 secs] 
1184.689: [GC (Allocation Failure) [PSYoungGen: 270323K->184301K(465920K)] 1049528K->964760K(1490944K), 0.0203788 secs] [Times: user=0.03 sys=0.00, real=0.02 secs] 
1184.975: [GC (Allocation Failure) [PSYoungGen: 417261K->183626K(465920K)] 1197720K->964366K(1490944K), 0.0202240 secs] [Times: user=0.03 sys=0.00, real=0.02 secs] 
1186.012: [GC (Allocation Failure) [PSYoungGen: 408604K->93459K(465920K)] 1189344K->874472K(1490944K), 0.0167489 secs] [Times: user=0.03 sys=0.00, real=0.02 secs] 
1187.051: [GC (Allocation Failure) [PSYoungGen: 326419K->38102K(465920K)] 1107432K->819428K(1490944K), 0.0067314 secs] [Times: user=0.02 sys=0.00, real=0.01 secs] 
1187.410: [GC (Allocation Failure) [PSYoungGen: 271062K->184687K(465920K)] 1052388K->967259K(1490944K), 0.0205241 secs] [Times: user=0.03 sys=0.00, real=0.02 secs] 
1187.753: [GC (Allocation Failure) [PSYoungGen: 417647K->184430K(465920K)] 1200219K->967275K(1490944K), 0.0207157 secs] [Times: user=0.03 sys=0.00, real=0.02 secs] 
1188.455: [GC (Allocation Failure) [PSYoungGen: 406909K->91467K(465920K)] 1189754K->874586K(1490944K), 0.0125742 secs] [Times: user=0.02 sys=0.00, real=0.02 secs] 
1189.328: [GC (Allocation Failure) [PSYoungGen: 324427K->37941K(465920K)] 1107546K->821381K(1490944K), 0.0081786 secs] [Times: user=0.02 sys=0.00, real=0.00 secs] 
1189.648: [GC (Allocation Failure) [PSYoungGen: 270901K->184687K(465920K)] 1054341K->969372K(1490944K), 0.0204537 secs] [Times: user=0.03 sys=0.00, real=0.02 secs] 
1189.989: [GC (Allocation Failure) [PSYoungGen: 417647K->184430K(465920K)] 1202332K->969388K(1490944K), 0.0204245 secs] [Times: user=0.03 sys=0.00, real=0.02 secs] 
1192.879: [GC (Allocation Failure) [PSYoungGen: 406912K->91580K(465920K)] 1191870K->876804K(1490944K), 0.0163019 secs] [Times: user=0.04 sys=0.00, real=0.01 secs] 
1193.973: [GC (Allocation Failure) [PSYoungGen: 324540K->38005K(465920K)] 1109764K->823534K(1490944K), 0.0066845 secs] [Times: user=0.01 sys=0.00, real=0.01 secs] 
1194.311: [GC (Allocation Failure) [PSYoungGen: 270965K->183787K(465920K)] 1056494K->970570K(1490944K), 0.0206222 secs] [Times: user=0.03 sys=0.00, real=0.02 secs] 
1194.596: [GC (Allocation Failure) [PSYoungGen: 416747K->184687K(465920K)] 1203530K->971743K(1490944K), 0.0205769 secs] [Times: user=0.03 sys=0.00, real=0.02 secs] 
1195.348: [GC (Allocation Failure) [PSYoungGen: 410097K->92271K(465920K)] 1197153K->879608K(1490944K), 0.0125791 secs] [Times: user=0.03 sys=0.00, real=0.01 secs] 
1196.401: [GC (Allocation Failure) [PSYoungGen: 325231K->37941K(465920K)] 1112568K->825586K(1490944K), 0.0071021 secs] [Times: user=0.01 sys=0.00, real=0.01 secs] 
1196.764: [GC (Allocation Failure) [PSYoungGen: 270901K->184687K(465920K)] 1058546K->973569K(1490944K), 0.0204494 secs] [Times: user=0.03 sys=0.00, real=0.02 secs] 
1197.064: [GC (Allocation Failure) [PSYoungGen: 417647K->184462K(465920K)] 1206529K->973617K(1490944K), 0.0204523 secs] [Times: user=0.02 sys=0.00, real=0.02 secs] 
1197.750: [GC (Allocation Failure) [PSYoungGen: 406931K->91660K(465920K)] 1196087K->881097K(1490944K), 0.0117276 secs] [Times: user=0.03 sys=0.00, real=0.01 secs] 
1198.582: [GC (Allocation Failure) [PSYoungGen: 324620K->38134K(465920K)] 1114057K->827879K(1490944K), 0.0067628 secs] [Times: user=0.02 sys=0.00, real=0.01 secs] 
1198.927: [GC (Allocation Failure) [PSYoungGen: 271094K->184687K(465920K)] 1060839K->975669K(1490944K), 0.0203863 secs] [Times: user=0.03 sys=0.00, real=0.02 secs] 
1199.269: [GC (Allocation Failure) [PSYoungGen: 417647K->184462K(465920K)] 1208629K->975717K(1490944K), 0.0210187 secs] [Times: user=0.03 sys=0.00, real=0.02 secs] 
1199.916: [GC (Allocation Failure) [PSYoungGen: 406935K->91499K(465920K)] 1198190K->883028K(1490944K), 0.0123509 secs] [Times: user=0.03 sys=0.00, real=0.02 secs] 
1200.750: [GC (Allocation Failure) [PSYoungGen: 324459K->38070K(465920K)] 1115988K->829912K(1490944K), 0.0065106 secs] [Times: user=0.01 sys=0.00, real=0.00 secs] 
1201.028: [GC (Allocation Failure) [PSYoungGen: 271030K->184687K(465920K)] 1062872K->977903K(1490944K), 0.0205048 secs] [Times: user=0.03 sys=0.00, real=0.02 secs] 
1201.320: [GC (Allocation Failure) [PSYoungGen: 417647K->184655K(465920K)] 1210863K->978016K(1490944K), 0.0205577 secs] [Times: user=0.02 sys=0.00, real=0.02 secs] 
1202.268: [GC (Allocation Failure) [PSYoungGen: 407078K->91226K(465920K)] 1200439K->884852K(1490944K), 0.0168532 secs] [Times: user=0.03 sys=0.00, real=0.01 secs] 
1203.892: [GC (Allocation Failure) [PSYoungGen: 324186K->37459K(465920K)] 1117812K->831379K(1490944K), 0.0069346 secs] [Times: user=0.02 sys=0.01, real=0.01 secs] 
1204.261: [GC (Allocation Failure) [PSYoungGen: 270419K->184719K(465920K)] 1064339K->979892K(1490944K), 0.0206818 secs] [Times: user=0.03 sys=0.00, real=0.02 secs] 
1204.601: [GC (Allocation Failure) [PSYoungGen: 417679K->184655K(465920K)] 1212852K->980101K(1490944K), 0.0204799 secs] [Times: user=0.03 sys=0.00, real=0.02 secs] 
1205.303: [GC (Allocation Failure) [PSYoungGen: 407214K->91869K(465920K)] 1202660K->887581K(1490944K), 0.0123629 secs] [Times: user=0.03 sys=0.00, real=0.01 secs] 
1206.752: [GC (Allocation Failure) [PSYoungGen: 324829K->37588K(465920K)] 1120541K->833605K(1490944K), 0.0065785 secs] [Times: user=0.02 sys=0.01, real=0.01 secs] 
1207.113: [GC (Allocation Failure) [PSYoungGen: 270548K->183819K(465920K)] 1066565K->981090K(1490944K), 0.0204189 secs] [Times: user=0.02 sys=0.00, real=0.02 secs] 
1207.400: [GC (Allocation Failure) [PSYoungGen: 416779K->184462K(465920K)] 1214050K->982014K(1490944K), 0.0202873 secs] [Times: user=0.03 sys=0.00, real=0.02 secs] 
1209.189: [GC (Allocation Failure) [PSYoungGen: 409701K->92929K(465920K)] 1207253K->890746K(1490944K), 0.0270584 secs] [Times: user=0.06 sys=0.00, real=0.02 secs] 
1210.585: [GC (Allocation Failure) [PSYoungGen: 325889K->37813K(465920K)] 1123706K->835930K(1490944K), 0.0071415 secs] [Times: user=0.02 sys=0.00, real=0.01 secs] 
1210.939: [GC (Allocation Failure) [PSYoungGen: 270773K->184719K(465920K)] 1068890K->984082K(1490944K), 0.0204119 secs] [Times: user=0.03 sys=0.00, real=0.02 secs] 
1211.223: [GC (Allocation Failure) [PSYoungGen: 417679K->184687K(465920K)] 1217042K->984451K(1490944K), 0.0205060 secs] [Times: user=0.02 sys=0.00, real=0.02 secs] 
1211.885: [GC (Allocation Failure) [PSYoungGen: 407119K->91499K(465920K)] 1206883K->891537K(1490944K), 0.0123246 secs] [Times: user=0.03 sys=0.00, real=0.01 secs] 
1212.966: [GC (Allocation Failure) [PSYoungGen: 324459K->37874K(465920K)] 1124497K->838080K(1490944K), 0.0101207 secs] [Times: user=0.02 sys=0.00, real=0.01 secs] 
1213.244: [GC (Allocation Failure) [PSYoungGen: 270834K->183787K(465920K)] 1071040K->985239K(1490944K), 0.0203636 secs] [Times: user=0.03 sys=0.00, real=0.02 secs] 
1213.586: [GC (Allocation Failure) [PSYoungGen: 416747K->184719K(465920K)] 1218199K->986444K(1490944K), 0.0205042 secs] [Times: user=0.03 sys=0.00, real=0.02 secs] 
1214.436: [GC (Allocation Failure) [PSYoungGen: 410163K->92415K(465920K)] 1211888K->894422K(1490944K), 0.0163183 secs] [Times: user=0.03 sys=0.00, real=0.02 secs] 
1215.341: [GC (Allocation Failure) [PSYoungGen: 325375K->37941K(465920K)] 1127382K->840253K(1490944K), 0.0065830 secs] [Times: user=0.02 sys=0.00, real=0.01 secs] 
1215.616: [GC (Allocation Failure) [PSYoungGen: 270901K->184205K(465920K)] 1073213K->987762K(1490944K), 0.0203754 secs] [Times: user=0.03 sys=0.00, real=0.02 secs] 
1215.899: [GC (Allocation Failure) [PSYoungGen: 417165K->184526K(465920K)] 1220722K->988357K(1490944K), 0.0205799 secs] [Times: user=0.03 sys=0.00, real=0.02 secs] 
1216.514: [GC (Allocation Failure) [PSYoungGen: 407589K->92014K(465920K)] 1211420K->896117K(1490944K), 0.0118834 secs] [Times: user=0.03 sys=0.00, real=0.01 secs] 
1217.706: [GC (Allocation Failure) [PSYoungGen: 324974K->37716K(465920K)] 1129077K->842120K(1490944K), 0.0090243 secs] [Times: user=0.03 sys=0.00, real=0.01 secs] 
1218.037: [GC (Allocation Failure) [PSYoungGen: 270676K->184430K(465920K)] 1075080K->990208K(1490944K), 0.0204677 secs] [Times: user=0.02 sys=0.00, real=0.03 secs] 
1218.320: [GC (Allocation Failure) [PSYoungGen: 417390K->184590K(465920K)] 1223168K->990521K(1490944K), 0.0205567 secs] [Times: user=0.03 sys=0.00, real=0.02 secs] 
1219.632: [GC (Allocation Failure) [PSYoungGen: 407650K->91966K(465920K)] 1213581K->898161K(1490944K), 0.0205871 secs] [Times: user=0.04 sys=0.00, real=0.02 secs] 
1221.432: [GC (Allocation Failure) [PSYoungGen: 324926K->37716K(465920K)] 1131121K->844211K(1490944K), 0.0078653 secs] [Times: user=0.02 sys=0.00, real=0.01 secs] 
1221.742: [GC (Allocation Failure) [PSYoungGen: 270676K->184815K(465920K)] 1077171K->992564K(1490944K), 0.0205232 secs] [Times: user=0.02 sys=0.00, real=0.02 secs] 
1222.084: [GC (Allocation Failure) [PSYoungGen: 417775K->184173K(465920K)] 1225524K->992203K(1490944K), 0.0204859 secs] [Times: user=0.03 sys=0.00, real=0.02 secs] 
1223.860: [GC (Allocation Failure) [PSYoungGen: 409547K->92030K(465920K)] 1217577K->900341K(1490944K), 0.0133932 secs] [Times: user=0.03 sys=0.00, real=0.01 secs] 
1224.725: [GC (Allocation Failure) [PSYoungGen: 324990K->38005K(465920K)] 1133301K->846638K(1490944K), 0.0056318 secs] [Times: user=0.01 sys=0.00, real=0.01 secs] 
1224.994: [GC (Allocation Failure) [PSYoungGen: 270965K->184687K(465920K)] 1079598K->994694K(1490944K), 0.0203875 secs] [Times: user=0.03 sys=0.00, real=0.02 secs] 
1225.279: [GC (Allocation Failure) [PSYoungGen: 417647K->184719K(465920K)] 1227654K->994878K(1490944K), 0.0205686 secs] [Times: user=0.03 sys=0.00, real=0.02 secs] 
1226.274: [GC (Allocation Failure) [PSYoungGen: 407279K->91387K(465920K)] 1217438K->901819K(1490944K), 0.0124184 secs] [Times: user=0.03 sys=0.00, real=0.01 secs] 
1227.137: [GC (Allocation Failure) [PSYoungGen: 324347K->38005K(465920K)] 1134779K->848737K(1490944K), 0.0056466 secs] [Times: user=0.01 sys=0.00, real=0.00 secs] 
1227.464: [GC (Allocation Failure) [PSYoungGen: 270965K->183948K(465920K)] 1081697K->995933K(1490944K), 0.0203802 secs] [Times: user=0.03 sys=0.00, real=0.02 secs] 
1227.750: [GC (Allocation Failure) [PSYoungGen: 416908K->184430K(465920K)] 1228893K->996688K(1490944K), 0.0202542 secs] [Times: user=0.03 sys=0.00, real=0.02 secs] 
1229.200: [GC (Allocation Failure) [PSYoungGen: 409638K->92367K(465920K)] 1221896K->904899K(1490944K), 0.0164957 secs] [Times: user=0.03 sys=0.00, real=0.01 secs] 
1230.799: [GC (Allocation Failure) [PSYoungGen: 325327K->37874K(465920K)] 1137859K->850727K(1490944K), 0.0072920 secs] [Times: user=0.02 sys=0.00, real=0.00 secs] 
1231.096: [GC (Allocation Failure) [PSYoungGen: 270834K->184173K(465920K)] 1083687K->998272K(1490944K), 0.0203900 secs] [Times: user=0.02 sys=0.00, real=0.02 secs] 
1231.379: [GC (Allocation Failure) [PSYoungGen: 417133K->184558K(465920K)] 1231232K->999067K(1490944K), 0.0203962 secs] [Times: user=0.03 sys=0.00, real=0.02 secs] 
1232.533: [GC (Allocation Failure) [PSYoungGen: 409726K->92094K(465920K)] 1224235K->906739K(1490944K), 0.0131105 secs] [Times: user=0.02 sys=0.00, real=0.01 secs] 
1234.640: [GC (Allocation Failure) [PSYoungGen: 325054K->37523K(465920K)] 1139699K->852484K(1490944K), 0.0077372 secs] [Times: user=0.02 sys=0.00, real=0.01 secs] 
1234.946: [GC (Allocation Failure) [PSYoungGen: 270483K->184687K(465920K)] 1085444K->1000902K(1490944K), 0.0204197 secs] [Times: user=0.03 sys=0.00, real=0.02 secs] 
1235.237: [GC (Allocation Failure) [PSYoungGen: 417647K->184687K(465920K)] 1233862K->1001175K(1490944K), 0.0203838 secs] [Times: user=0.03 sys=0.00, real=0.03 secs] 
1237.052: [GC (Allocation Failure) [PSYoungGen: 407255K->91821K(465920K)] 1223743K->908582K(1490944K), 0.0176476 secs] [Times: user=0.04 sys=0.00, real=0.02 secs] 
1238.685: [GC (Allocation Failure) [PSYoungGen: 324781K->37617K(465920K)] 1141542K->854692K(1490944K), 0.0072359 secs] [Times: user=0.01 sys=0.00, real=0.01 secs] 
1238.980: [GC (Allocation Failure) [PSYoungGen: 270577K->184687K(465920K)] 1087652K->1003136K(1490944K), 0.0205329 secs] [Times: user=0.02 sys=0.00, real=0.02 secs] 
1239.265: [GC (Allocation Failure) [PSYoungGen: 417647K->184719K(465920K)] 1236096K->1003320K(1490944K), 0.0206124 secs] [Times: user=0.03 sys=0.00, real=0.02 secs] 
1240.976: [GC (Allocation Failure) [PSYoungGen: 407535K->91773K(465920K)] 1226136K->910647K(1490944K), 0.0153627 secs] [Times: user=0.03 sys=0.00, real=0.02 secs] 
1242.599: [GC (Allocation Failure) [PSYoungGen: 324733K->37748K(465920K)] 1143607K->856939K(1490944K), 0.0088575 secs] [Times: user=0.02 sys=0.00, real=0.01 secs] 
1242.924: [GC (Allocation Failure) [PSYoungGen: 270708K->183787K(465920K)] 1089899K->1004223K(1490944K), 0.0204459 secs] [Times: user=0.03 sys=0.00, real=0.02 secs] 
1243.208: [GC (Allocation Failure) [PSYoungGen: 416747K->184366K(465920K)] 1237183K->1005075K(1490944K), 0.0205198 secs] [Times: user=0.03 sys=0.00, real=0.02 secs] 
1244.791: [GC (Allocation Failure) [PSYoungGen: 409646K->92785K(465920K)] 1230355K->913767K(1490944K), 0.0258579 secs] [Times: user=0.05 sys=0.00, real=0.02 secs] 
1246.644: [GC (Allocation Failure) [PSYoungGen: 325745K->37845K(465920K)] 1146727K->859135K(1490944K), 0.0078910 secs] [Times: user=0.01 sys=0.00, real=0.01 secs] 
1246.948: [GC (Allocation Failure) [PSYoungGen: 270805K->183916K(465920K)] 1092095K->1006452K(1490944K), 0.0204611 secs] [Times: user=0.03 sys=0.00, real=0.02 secs] 
1247.241: [GC (Allocation Failure) [PSYoungGen: 416876K->184751K(465920K)] 1239412K->1007560K(1490944K), 0.0205281 secs] [Times: user=0.03 sys=0.00, real=0.02 secs] 
1248.386: [GC (Allocation Failure) [PSYoungGen: 410175K->92126K(465920K)] 1232984K->915216K(1490944K), 0.0208817 secs] [Times: user=0.05 sys=0.00, real=0.03 secs] 
1249.936: [GC (Allocation Failure) [PSYoungGen: 325086K->37877K(465920K)] 1148176K->861272K(1490944K), 0.0067978 secs] [Times: user=0.02 sys=0.00, real=0.01 secs] 
1250.219: [GC (Allocation Failure) [PSYoungGen: 270837K->184173K(465920K)] 1094232K->1008814K(1490944K), 0.0204481 secs] [Times: user=0.03 sys=0.00, real=0.02 secs] 
1250.503: [GC (Allocation Failure) [PSYoungGen: 417133K->184944K(465920K)] 1241774K->1009858K(1490944K), 0.0205517 secs] [Times: user=0.03 sys=0.00, real=0.02 secs] 
1252.436: [GC (Allocation Failure) [PSYoungGen: 407660K->91757K(465920K)] 1232574K->916936K(1490944K), 0.0260834 secs] [Times: user=0.06 sys=0.00, real=0.03 secs] 
1253.718: [GC (Allocation Failure) [PSYoungGen: 324717K->37716K(465920K)] 1149896K->863204K(1490944K), 0.0066530 secs] [Times: user=0.02 sys=0.00, real=0.00 secs] 
1254.072: [GC (GCLocker Initiated GC) [PSYoungGen: 270676K->181763K(465920K)] 1096164K->1008616K(1490944K), 0.0202571 secs] [Times: user=0.03 sys=0.00, real=0.02 secs] 
1254.421: [GC (Allocation Failure) [PSYoungGen: 414723K->184077K(465920K)] 1242702K->1012224K(1490944K), 0.0207339 secs] [Times: user=0.03 sys=0.00, real=0.02 secs] 
1256.199: [GC (Allocation Failure) [PSYoungGen: 411112K->94183K(465920K)] 1239259K->922346K(1490944K), 0.0168135 secs] [Times: user=0.03 sys=0.00, real=0.01 secs] 
1258.556: [GC (Allocation Failure) [PSYoungGen: 327110K->37620K(465920K)] 1155274K->866131K(1490944K), 0.0081598 secs] [Times: user=0.02 sys=0.00, real=0.01 secs] 
1258.935: [GC (Allocation Failure) [PSYoungGen: 270580K->184944K(465920K)] 1099091K->1014701K(1490944K), 0.0205482 secs] [Times: user=0.03 sys=0.00, real=0.02 secs] 
1259.221: [GC (Allocation Failure) [PSYoungGen: 417904K->184687K(465920K)] 1247661K->1014845K(1490944K), 0.0204696 secs] [Times: user=0.02 sys=0.00, real=0.02 secs] 
1260.024: [GC (Allocation Failure) [PSYoungGen: 407087K->91435K(465920K)] 1237246K->921739K(1490944K), 0.0129188 secs] [Times: user=0.02 sys=0.00, real=0.02 secs] 
1261.616: [GC (Allocation Failure) [PSYoungGen: 324395K->37427K(465920K)] 1154699K->868030K(1490944K), 0.0071248 secs] [Times: user=0.02 sys=0.00, real=0.01 secs] 
1261.908: [GC (Allocation Failure) [PSYoungGen: 270387K->184815K(465920K)] 1100990K->1016656K(1490944K), 0.0204706 secs] [Times: user=0.03 sys=0.00, real=0.02 secs] 
1262.195: [GC (Allocation Failure) [PSYoungGen: 417775K->184141K(465920K)] 1249616K->1016255K(1490944K), 0.0203871 secs] [Times: user=0.03 sys=0.00, real=0.02 secs] 
1263.060: [GC (Allocation Failure) [PSYoungGen: 409474K->92255K(465920K)] 1241588K->924642K(1490944K), 0.0126180 secs] [Times: user=0.03 sys=0.00, real=0.01 secs] 
1264.596: [GC (Allocation Failure) [PSYoungGen: 325215K->37909K(465920K)] 1157602K->870612K(1490944K), 0.0078687 secs] [Times: user=0.02 sys=0.00, real=0.01 secs] 
1264.903: [GC (Allocation Failure) [PSYoungGen: 270869K->184173K(465920K)] 1103572K->1018129K(1490944K), 0.0205054 secs] [Times: user=0.03 sys=0.00, real=0.02 secs] 
1265.189: [GC (Allocation Failure) [PSYoungGen: 417133K->184944K(465920K)] 1251089K->1019173K(1490944K), 0.0205613 secs] [Times: user=0.03 sys=0.00, real=0.02 secs] 
1266.409: [GC (Allocation Failure) [PSYoungGen: 407651K->91725K(465920K)] 1241881K->926227K(1490944K), 0.0130498 secs] [Times: user=0.03 sys=0.00, real=0.01 secs] 
1267.619: [GC (Allocation Failure) [PSYoungGen: 324685K->37845K(465920K)] 1159187K->872645K(1490944K), 0.0090443 secs] [Times: user=0.03 sys=0.00, real=0.01 secs] 
1267.945: [GC (Allocation Failure) [PSYoungGen: 270805K->184815K(465920K)] 1105605K->1020869K(1490944K), 0.0206656 secs] [Times: user=0.03 sys=0.00, real=0.02 secs] 
1268.286: [GC (Allocation Failure) [PSYoungGen: 417775K->184815K(465920K)] 1253829K->1021142K(1490944K), 0.0206455 secs] [Times: user=0.03 sys=0.00, real=0.02 secs] 
1269.928: [GC (Allocation Failure) [PSYoungGen: 407152K->91274K(465920K)] 1243479K->927867K(1490944K), 0.0202472 secs] [Times: user=0.04 sys=0.00, real=0.02 secs] 
1271.616: [GC (Allocation Failure) [PSYoungGen: 324234K->37813K(465920K)] 1160827K->874713K(1490944K), 0.0074870 secs] [Times: user=0.01 sys=0.00, real=0.01 secs] 
1271.917: [GC (Allocation Failure) [PSYoungGen: 270773K->186357K(465920K)] 1107673K->1024511K(1490944K), 0.0208179 secs] [Times: user=0.03 sys=0.00, real=0.03 secs] 
1272.201: [GC (Allocation Failure) [PSYoungGen: 419317K->184783K(465920K)] 1257471K->1023210K(1490944K), 0.0206603 secs] [Times: user=0.03 sys=0.00, real=0.02 secs] 
1272.865: [GC (Allocation Failure) [PSYoungGen: 405664K->89652K(465920K)] 1244091K->928344K(1490944K), 0.0112725 secs] [Times: user=0.02 sys=0.00, real=0.01 secs] 
1274.258: [GC (Allocation Failure) [PSYoungGen: 322612K->37620K(465920K)] 1161304K->876628K(1490944K), 0.0096086 secs] [Times: user=0.02 sys=0.00, real=0.01 secs] 
1274.674: [GC (Allocation Failure) [PSYoungGen: 270580K->184558K(465920K)] 1109588K->1024828K(1490944K), 0.0205789 secs] [Times: user=0.02 sys=0.00, real=0.02 secs] 
1274.957: [GC (Allocation Failure) [PSYoungGen: 417518K->184622K(465920K)] 1257788K->1025293K(1490944K), 0.0203962 secs] [Times: user=0.03 sys=0.00, real=0.02 secs] 
1276.335: [GC (Allocation Failure) [PSYoungGen: 407633K->91982K(465920K)] 1248304K->932789K(1490944K), 0.0179006 secs] [Times: user=0.04 sys=0.00, real=0.02 secs] 
1278.078: [GC (Allocation Failure) [PSYoungGen: 324942K->37684K(465920K)] 1165749K->878792K(1490944K), 0.0068261 secs] [Times: user=0.01 sys=0.00, real=0.00 secs] 
1278.436: [GC (Allocation Failure) [PSYoungGen: 270644K->184462K(465920K)] 1111752K->1026952K(1490944K), 0.0205101 secs] [Times: user=0.03 sys=0.01, real=0.02 secs] 
1278.778: [GC (Allocation Failure) [PSYoungGen: 417422K->184558K(465920K)] 1259912K->1027193K(1490944K), 0.0206153 secs] [Times: user=0.02 sys=0.00, real=0.02 secs] 
1279.459: [GC (Allocation Failure) [PSYoungGen: 407618K->91982K(465920K)] 1250253K->934889K(1490944K), 0.0122673 secs] [Times: user=0.03 sys=0.00, real=0.01 secs] 
1280.422: [GC (Allocation Failure) [PSYoungGen: 324942K->37874K(465920K)] 1167849K->881079K(1490944K), 0.0066408 secs] [Times: user=0.01 sys=0.00, real=0.01 secs] 
1280.766: [GC (Allocation Failure) [PSYoungGen: 270834K->183658K(465920K)] 1114039K->1028109K(1490944K), 0.0204958 secs] [Times: user=0.02 sys=0.00, real=0.02 secs] 
1281.055: [GC (Allocation Failure) [PSYoungGen: 416618K->184590K(465920K)] 1261069K->1029314K(1490944K), 0.0205511 secs] [Times: user=0.03 sys=0.00, real=0.02 secs] 
1282.287: [GC (Allocation Failure) [PSYoungGen: 410162K->92608K(465920K)] 1254886K->937597K(1490944K), 0.0143737 secs] [Times: user=0.03 sys=0.00, real=0.02 secs] 
1283.904: [GC (Allocation Failure) [PSYoungGen: 325568K->37652K(465920K)] 1170557K->882949K(1490944K), 0.0073437 secs] [Times: user=0.02 sys=0.00, real=0.01 secs] 
1284.200: [GC (Allocation Failure) [PSYoungGen: 270612K->184558K(465920K)] 1115909K->1031109K(1490944K), 0.0204822 secs] [Times: user=0.03 sys=0.00, real=0.02 secs] 
1284.484: [GC (Allocation Failure) [PSYoungGen: 417518K->184333K(465920K)] 1264069K->1031157K(1490944K), 0.0204995 secs] [Times: user=0.02 sys=0.00, real=0.02 secs] 
1285.748: [GC (Allocation Failure) [PSYoungGen: 409215K->92303K(465920K)] 1256039K->939400K(1490944K), 0.0268096 secs] [Times: user=0.06 sys=0.00, real=0.02 secs] 
1287.418: [GC (Allocation Failure) [PSYoungGen: 325263K->37427K(465920K)] 1172360K->884832K(1490944K), 0.0087110 secs] [Times: user=0.02 sys=0.00, real=0.00 secs] 
1287.775: [GC (Allocation Failure) [PSYoungGen: 270387K->184430K(465920K)] 1117792K->1033080K(1490944K), 0.0206091 secs] [Times: user=0.03 sys=0.00, real=0.02 secs] 
1288.058: [GC (Allocation Failure) [PSYoungGen: 417390K->184269K(465920K)] 1266040K->1033192K(1490944K), 0.0203949 secs] [Times: user=0.03 sys=0.00, real=0.02 secs] 
1289.399: [GC (Allocation Failure) [PSYoungGen: 409434K->92512K(465920K)] 1258357K->941828K(1490944K), 0.0202277 secs] [Times: user=0.04 sys=0.00, real=0.02 secs] 
1291.227: [GC (Allocation Failure) [PSYoungGen: 325472K->37716K(465920K)] 1174788K->887212K(1490944K), 0.0080510 secs] [Times: user=0.02 sys=0.00, real=0.00 secs] 
1291.539: [GC (Allocation Failure) [PSYoungGen: 270676K->184205K(465920K)] 1120172K->1034947K(1490944K), 0.0205182 secs] [Times: user=0.03 sys=0.00, real=0.02 secs] 
1291.823: [GC (Allocation Failure) [PSYoungGen: 417165K->184558K(465920K)] 1267907K->1035581K(1490944K), 0.0206265 secs] [Times: user=0.03 sys=0.00, real=0.02 secs] 
1293.278: [GC (Allocation Failure) [PSYoungGen: 409706K->92223K(465920K)] 1260729K->943511K(1490944K), 0.0203055 secs] [Times: user=0.05 sys=0.00, real=0.02 secs] 
1294.771: [GC (Allocation Failure) [PSYoungGen: 325183K->37716K(465920K)] 1176471K->889312K(1490944K), 0.0058809 secs] [Times: user=0.01 sys=0.00, real=0.01 secs] 
1295.046: [GC (Allocation Failure) [PSYoungGen: 270676K->184687K(465920K)] 1122272K->1037536K(1490944K), 0.0206028 secs] [Times: user=0.02 sys=0.00, real=0.02 secs] 
1295.336: [GC (Allocation Failure) [PSYoungGen: 417647K->184719K(465920K)] 1270496K->1037841K(1490944K), 0.0205153 secs] [Times: user=0.03 sys=0.00, real=0.02 secs] 
1296.406: [GC (Allocation Failure) [PSYoungGen: 407285K->91628K(465920K)] 1260408K->945016K(1490944K), 0.0137191 secs] [Times: user=0.03 sys=0.00, real=0.02 secs] 
1298.017: [GC (Allocation Failure) [PSYoungGen: 324588K->37716K(465920K)] 1177976K->891418K(1490944K), 0.0074536 secs] [Times: user=0.02 sys=0.00, real=0.01 secs] 
1298.314: [GC (Allocation Failure) [PSYoungGen: 270676K->183658K(465920K)] 1124378K->1038598K(1490944K), 0.0205285 secs] [Times: user=0.03 sys=0.00, real=0.02 secs] 
1298.597: [GC (Allocation Failure) [PSYoungGen: 416618K->184558K(465920K)] 1271558K->1039770K(1490944K), 0.0207064 secs] [Times: user=0.03 sys=0.00, real=0.02 secs] 
1299.660: [GC (Allocation Failure) [PSYoungGen: 408502K->92785K(465920K)] 1263714K->948270K(1490944K), 0.0268587 secs] [Times: user=0.06 sys=0.00, real=0.02 secs] 
1301.203: [GC (Allocation Failure) [PSYoungGen: 325745K->37748K(465920K)] 1181230K->893542K(1490944K), 0.0073650 secs] [Times: user=0.01 sys=0.00, real=0.01 secs] 
1301.577: [GC (Allocation Failure) [PSYoungGen: 270708K->184430K(465920K)] 1126502K->1041477K(1490944K), 0.0206668 secs] [Times: user=0.03 sys=0.01, real=0.02 secs] 
1301.920: [GC (Allocation Failure) [PSYoungGen: 417390K->184558K(465920K)] 1274437K->1042007K(1490944K), 0.0206462 secs] [Times: user=0.03 sys=0.00, real=0.02 secs] 
1302.534: [GC (Allocation Failure) [PSYoungGen: 405102K->92014K(465920K)] 1262551K->949607K(1490944K), 0.0132232 secs] [Times: user=0.03 sys=0.00, real=0.02 secs] 
1303.347: [GC (Allocation Failure) [PSYoungGen: 324974K->37973K(465920K)] 1182567K->895872K(1490944K), 0.0057734 secs] [Times: user=0.02 sys=0.00, real=0.00 secs] 
1303.616: [GC (Allocation Failure) [PSYoungGen: 270933K->184719K(465920K)] 1128832K->1043871K(1490944K), 0.0205279 secs] [Times: user=0.03 sys=0.00, real=0.02 secs] 
1303.959: [GC (Allocation Failure) [PSYoungGen: 417679K->184108K(465920K)] 1276831K->1043541K(1490944K), 0.0204244 secs] [Times: user=0.03 sys=0.00, real=0.02 secs] 
1304.586: [GC (Allocation Failure) [PSYoungGen: 406870K->91982K(465920K)] 1266303K->951704K(1490944K), 0.0124656 secs] [Times: user=0.03 sys=0.00, real=0.02 secs] 
1305.391: [GC (Allocation Failure) [PSYoungGen: 324942K->37973K(465920K)] 1184664K->898012K(1490944K), 0.0057355 secs] [Times: user=0.01 sys=0.00, real=0.01 secs] 
1305.661: [GC (Allocation Failure) [PSYoungGen: 270933K->184687K(465920K)] 1130972K->1045971K(1490944K), 0.0207024 secs] [Times: user=0.03 sys=0.00, real=0.02 secs] 
1306.003: [GC (Allocation Failure) [PSYoungGen: 417647K->184687K(465920K)] 1278931K->1046372K(1490944K), 0.0206703 secs] [Times: user=0.03 sys=0.00, real=0.02 secs] 
1307.127: [GC (Allocation Failure) [PSYoungGen: 407137K->91387K(465920K)] 1268823K->953346K(1490944K), 0.0205057 secs] [Times: user=0.05 sys=0.00, real=0.02 secs] 
1308.306: [GC (Allocation Failure) [PSYoungGen: 324347K->38002K(465920K)] 1186306K->900141K(1490944K), 0.0063083 secs] [Times: user=0.01 sys=0.00, real=0.01 secs] 
1308.632: [GC (Allocation Failure) [PSYoungGen: 270962K->183787K(465920K)] 1133101K->1047155K(1490944K), 0.0204946 secs] [Times: user=0.02 sys=0.00, real=0.02 secs] 
1308.915: [GC (Allocation Failure) [PSYoungGen: 416747K->184687K(465920K)] 1280115K->1048328K(1490944K), 0.0206475 secs] [Times: user=0.02 sys=0.00, real=0.02 secs] 
1310.141: [GC (Allocation Failure) [PSYoungGen: 410110K->92223K(465920K)] 1273751K->956137K(1490944K), 0.0128880 secs] [Times: user=0.03 sys=0.00, real=0.01 secs] 
1311.525: [GC (Allocation Failure) [PSYoungGen: 325183K->37491K(465920K)] 1189097K->901721K(1490944K), 0.0069075 secs] [Times: user=0.02 sys=0.00, real=0.01 secs] 
1311.805: [GC (Allocation Failure) [PSYoungGen: 270451K->184044K(465920K)] 1134681K->1049528K(1490944K), 0.0204125 secs] [Times: user=0.02 sys=0.00, real=0.02 secs] 
1312.088: [GC (Allocation Failure) [PSYoungGen: 417004K->184976K(465920K)] 1282488K->1050733K(1490944K), 0.0204741 secs] [Times: user=0.03 sys=0.00, real=0.02 secs] 
1312.721: [GC (Allocation Failure) [PSYoungGen: 410297K->92271K(465920K)] 1276054K->958437K(1490944K), 0.0111361 secs] [Times: user=0.02 sys=0.00, real=0.01 secs] 
1313.696: [GC (Allocation Failure) [PSYoungGen: 325231K->37845K(465920K)] 1191397K->904199K(1490944K), 0.0057218 secs] [Times: user=0.01 sys=0.00, real=0.01 secs] 
1313.964: [GC (Allocation Failure) [PSYoungGen: 270805K->184076K(465920K)] 1137159K->1051676K(1490944K), 0.0204308 secs] [Times: user=0.02 sys=0.00, real=0.02 secs] 
1314.248: [GC (Allocation Failure) [PSYoungGen: 417036K->185008K(465920K)] 1284636K->1052888K(1490944K), 0.0207704 secs] [Times: user=0.03 sys=0.00, real=0.02 secs] 
1316.330: [GC (Allocation Failure) [PSYoungGen: 407846K->91869K(465920K)] 1275727K->960015K(1490944K), 0.0124563 secs] [Times: user=0.03 sys=0.00, real=0.01 secs] 
1317.511: [GC (Allocation Failure) [PSYoungGen: 324829K->38002K(465920K)] 1192975K->906462K(1490944K), 0.0058514 secs] [Times: user=0.01 sys=0.00, real=0.00 secs] 
1317.780: [GC (Allocation Failure) [PSYoungGen: 270962K->184558K(465920K)] 1139422K->1054263K(1490944K), 0.0205162 secs] [Times: user=0.02 sys=0.00, real=0.02 secs] 
1318.063: [GC (Allocation Failure) [PSYoungGen: 417518K->184333K(465920K)] 1287223K->1054311K(1490944K), 0.0205219 secs] [Times: user=0.03 sys=0.00, real=0.02 secs] 
1320.151: [GC (Allocation Failure) [PSYoungGen: 406643K->91821K(465920K)] 1276621K->962072K(1490944K), 0.0200885 secs] [Times: user=0.04 sys=0.00, real=0.02 secs] 
1321.830: [GC (Allocation Failure) [PSYoungGen: 324781K->37845K(465920K)] 1195032K->908404K(1490944K), 0.0067293 secs] [Times: user=0.02 sys=0.00, real=0.00 secs] 
1322.109: [GC (Allocation Failure) [PSYoungGen: 270805K->184944K(465920K)] 1141364K->1056749K(1490944K), 0.0205642 secs] [Times: user=0.03 sys=0.00, real=0.02 secs] 
1322.449: [GC (Allocation Failure) [PSYoungGen: 417904K->184269K(465920K)] 1289709K->1056347K(1490944K), 0.0206834 secs] [Times: user=0.02 sys=0.00, real=0.02 secs] 
1323.578: [GC (Allocation Failure) [PSYoungGen: 407122K->91644K(465920K)] 1279200K->964115K(1490944K), 0.0204151 secs] [Times: user=0.04 sys=0.00, real=0.02 secs] 
1324.669: [GC (Allocation Failure) [PSYoungGen: 324604K->38069K(465920K)] 1197075K->910728K(1490944K), 0.0057639 secs] [Times: user=0.02 sys=0.00, real=0.00 secs] 
1324.938: [GC (Allocation Failure) [PSYoungGen: 271029K->183658K(465920K)] 1143688K->1057571K(1490944K), 0.0205117 secs] [Times: user=0.03 sys=0.00, real=0.02 secs] 
1325.222: [GC (Allocation Failure) [PSYoungGen: 416618K->184687K(465920K)] 1290531K->1058872K(1490944K), 0.0205988 secs] [Times: user=0.03 sys=0.00, real=0.02 secs] 
1325.907: [GC (Allocation Failure) [PSYoungGen: 410085K->92367K(465920K)] 1284270K->966825K(1490944K), 0.0101061 secs] [Times: user=0.02 sys=0.00, real=0.01 secs] 
1326.714: [GC (Allocation Failure) [PSYoungGen: 325327K->38134K(465920K)] 1199785K->912908K(1490944K), 0.0057933 secs] [Times: user=0.01 sys=0.00, real=0.01 secs] 
1326.983: [GC (Allocation Failure) [PSYoungGen: 271094K->184558K(465920K)] 1145868K->1060715K(1490944K), 0.0205137 secs] [Times: user=0.02 sys=0.00, real=0.02 secs] 
1327.269: [GC (Allocation Failure) [PSYoungGen: 417518K->184462K(465920K)] 1293675K->1060771K(1490944K), 0.0204535 secs] [Times: user=0.03 sys=0.00, real=0.02 secs] 
1327.894: [GC (Allocation Failure) [PSYoungGen: 406947K->91596K(465920K)] 1283257K->968186K(1490944K), 0.0110518 secs] [Times: user=0.03 sys=0.00, real=0.01 secs] 
1328.847: [GC (Allocation Failure) [PSYoungGen: 324556K->37941K(465920K)] 1201146K->914847K(1490944K), 0.0069657 secs] [Times: user=0.02 sys=0.00, real=0.00 secs] 
1329.134: [GC (Allocation Failure) [PSYoungGen: 270901K->184687K(465920K)] 1147807K->1062838K(1490944K), 0.0205992 secs] [Times: user=0.03 sys=0.00, real=0.02 secs] 
1329.417: [GC (Allocation Failure) [PSYoungGen: 417647K->184655K(465920K)] 1295798K->1063080K(1490944K), 0.0205574 secs] [Times: user=0.03 sys=0.00, real=0.02 secs] 
1331.792: [GC (Allocation Failure) [PSYoungGen: 407194K->91339K(465920K)] 1285619K->970037K(1490944K), 0.0137040 secs] [Times: user=0.03 sys=0.00, real=0.01 secs] 
1333.354: [GC (Allocation Failure) [PSYoungGen: 324299K->37716K(465920K)] 1202997K->916730K(1490944K), 0.0074962 secs] [Times: user=0.02 sys=0.00, real=0.01 secs] 
1333.653: [GC (Allocation Failure) [PSYoungGen: 270676K->183819K(465920K)] 1149690K->1064087K(1490944K), 0.0205630 secs] [Times: user=0.03 sys=0.00, real=0.02 secs] 
1333.936: [GC (Allocation Failure) [PSYoungGen: 416779K->184494K(465920K)] 1297047K->1065042K(1490944K), 0.0206533 secs] [Times: user=0.02 sys=0.00, real=0.03 secs] 
1334.885: [GC (Allocation Failure) [PSYoungGen: 409720K->92737K(465920K)] 1290268K->973566K(1490944K), 0.0118461 secs] [Times: user=0.03 sys=0.00, real=0.02 secs] 
1336.526: [GC (Allocation Failure) [PSYoungGen: 325697K->37588K(465920K)] 1206526K->918733K(1490944K), 0.0073817 secs] [Times: user=0.02 sys=0.00, real=0.01 secs] 
1336.821: [GC (Allocation Failure) [PSYoungGen: 270548K->184719K(465920K)] 1151693K->1067118K(1490944K), 0.0206243 secs] [Times: user=0.03 sys=0.00, real=0.02 secs] 
1337.105: [GC (Allocation Failure) [PSYoungGen: 417679K->184655K(465920K)] 1300078K->1067456K(1490944K), 0.0206179 secs] [Times: user=0.03 sys=0.00, real=0.02 secs] 
1338.471: [GC (Allocation Failure) [PSYoungGen: 407087K->91741K(465920K)] 1289888K->974807K(1490944K), 0.0118960 secs] [Times: user=0.02 sys=0.00, real=0.01 secs] 
1339.921: [GC (Allocation Failure) [PSYoungGen: 324701K->37588K(465920K)] 1207767K->920849K(1490944K), 0.0068700 secs] [Times: user=0.02 sys=0.00, real=0.01 secs] 
1340.271: [GC (Allocation Failure) [PSYoungGen: 270548K->184687K(465920K)] 1153809K->1069322K(1490944K), 0.0206292 secs] [Times: user=0.03 sys=0.00, real=0.02 secs] 
1340.550: [GC (Allocation Failure) [PSYoungGen: 417647K->182373K(465920K)] 1302282K->1067161K(1490944K), 0.0203661 secs] [Times: user=0.03 sys=0.00, real=0.02 secs] 
1341.783: [GC (Allocation Failure) [PSYoungGen: 408426K->94054K(465920K)] 1293214K->979236K(1490944K), 0.0269817 secs] [Times: user=0.06 sys=0.00, real=0.03 secs] 
1343.197: [GC (Allocation Failure) [PSYoungGen: 327014K->37813K(465920K)] 1212196K->923174K(1490944K), 0.0073591 secs] [Times: user=0.02 sys=0.00, real=0.00 secs] 
1343.489: [GC (Allocation Failure) [PSYoungGen: 270773K->184944K(465920K)] 1156134K->1071559K(1490944K), 0.0205844 secs] [Times: user=0.03 sys=0.00, real=0.02 secs] 
1343.825: [GC (Allocation Failure) [PSYoungGen: 417904K->184719K(465920K)] 1304519K->1071607K(1490944K), 0.0205373 secs] [Times: user=0.03 sys=0.00, real=0.02 secs] 
1344.458: [GC (Allocation Failure) [PSYoungGen: 406623K->91210K(465920K)] 1293511K->978380K(1490944K), 0.0124692 secs] [Times: user=0.02 sys=0.00, real=0.01 secs] 
1345.245: [GC (Allocation Failure) [PSYoungGen: 324170K->37877K(465920K)] 1211340K->925346K(1490944K), 0.0057592 secs] [Times: user=0.02 sys=0.00, real=0.01 secs] 
1345.512: [GC (Allocation Failure) [PSYoungGen: 270837K->183658K(465920K)] 1158306K->1072381K(1490944K), 0.0204740 secs] [Times: user=0.03 sys=0.00, real=0.02 secs] 
1345.795: [GC (Allocation Failure) [PSYoungGen: 416618K->184430K(465920K)] 1305341K->1073433K(1490944K), 0.0205804 secs] [Times: user=0.03 sys=0.00, real=0.02 secs] 
1346.409: [GC (Allocation Failure) [PSYoungGen: 408465K->92769K(465920K)] 1297469K->982046K(1490944K), 0.0101475 secs] [Times: user=0.02 sys=0.00, real=0.01 secs] 
1347.197: [GC (Allocation Failure) [PSYoungGen: 325729K->37652K(465920K)] 1215006K->927239K(1490944K), 0.0059302 secs] [Times: user=0.01 sys=0.00, real=0.01 secs] 
1347.466: [GC (Allocation Failure) [PSYoungGen: 270612K->184430K(465920K)] 1160199K->1075270K(1490944K), 0.0206898 secs] [Times: user=0.02 sys=0.00, real=0.03 secs] 
1347.755: [GC (Allocation Failure) [PSYoungGen: 417390K->184494K(465920K)] 1308230K->1075608K(1490944K), 0.0205941 secs] [Times: user=0.03 sys=0.00, real=0.02 secs] 
1348.739: [GC (Allocation Failure) [PSYoungGen: 407576K->92142K(465920K)] 1298690K->983529K(1490944K), 0.0255830 secs] [Times: user=0.05 sys=0.00, real=0.02 secs] 
1350.388: [GC (Allocation Failure) [PSYoungGen: 325102K->37556K(465920K)] 1216489K->929256K(1490944K), 0.0073359 secs] [Times: user=0.02 sys=0.00, real=0.00 secs] 
1350.682: [GC (Allocation Failure) [PSYoungGen: 270516K->184687K(465920K)] 1162216K->1077633K(1490944K), 0.0206208 secs] [Times: user=0.03 sys=0.00, real=0.02 secs] 
1350.964: [GC (Allocation Failure) [PSYoungGen: 417647K->183980K(465920K)] 1310593K->1077199K(1490944K), 0.0206247 secs] [Times: user=0.03 sys=0.00, real=0.02 secs] 
1351.919: [GC (Allocation Failure) [PSYoungGen: 407980K->92383K(465920K)] 1301199K->985867K(1490944K), 0.0123952 secs] [Times: user=0.02 sys=0.01, real=0.01 secs] 
1352.922: [GC (Allocation Failure) [PSYoungGen: 325343K->37877K(465920K)] 1218827K->931666K(1490944K), 0.0057888 secs] [Times: user=0.01 sys=0.00, real=0.01 secs] 
1353.191: [GC (Allocation Failure) [PSYoungGen: 270837K->184430K(465920K)] 1164626K->1079594K(1490944K), 0.0205753 secs] [Times: user=0.03 sys=0.00, real=0.02 secs] 
1353.478: [GC (Allocation Failure) [PSYoungGen: 417390K->184622K(465920K)] 1312554K->1079931K(1490944K), 0.0205639 secs] [Times: user=0.03 sys=0.00, real=0.02 secs] 
1354.286: [GC (Allocation Failure) [PSYoungGen: 407200K->91869K(465920K)] 1302509K->987443K(1490944K), 0.0114628 secs] [Times: user=0.03 sys=0.00, real=0.02 secs] 
1355.974: [GC (Allocation Failure) [PSYoungGen: 324829K->37716K(465920K)] 1220403K->933590K(1490944K), 0.0082354 secs] [Times: user=0.02 sys=0.00, real=0.01 secs] 
1356.292: [GC (Allocation Failure) [PSYoungGen: 270676K->184462K(465920K)] 1166550K->1081589K(1490944K), 0.0205824 secs] [Times: user=0.03 sys=0.00, real=0.02 secs] 
1356.647: [GC (Allocation Failure) [PSYoungGen: 417422K->184333K(465920K)] 1314549K->1081741K(1490944K), 0.0204283 secs] [Times: user=0.03 sys=0.00, real=0.02 secs] 
1357.842: [GC (Allocation Failure) [PSYoungGen: 409377K->92303K(465920K)] 1306786K->990104K(1490944K), 0.0195987 secs] [Times: user=0.04 sys=0.00, real=0.02 secs] 
1358.662: [GC (Allocation Failure) [PSYoungGen: 325263K->38005K(465920K)] 1223064K->935986K(1490944K), 0.0057591 secs] [Times: user=0.02 sys=0.00, real=0.01 secs] 
1358.929: [GC (Allocation Failure) [PSYoungGen: 270965K->184173K(465920K)] 1168946K->1083399K(1490944K), 0.0205581 secs] [Times: user=0.03 sys=0.00, real=0.02 secs] 
1359.218: [GC (Allocation Failure) [PSYoungGen: 417133K->184944K(465920K)] 1316359K->1084451K(1490944K), 0.0207025 secs] [Times: user=0.03 sys=0.00, real=0.02 secs] 
1359.869: [GC (Allocation Failure) [PSYoungGen: 407656K->91612K(465920K)] 1307164K->991385K(1490944K), 0.0118766 secs] [Times: user=0.03 sys=0.00, real=0.01 secs] 
1360.862: [GC (Allocation Failure) [PSYoungGen: 324572K->37813K(465920K)] 1224345K->937877K(1490944K), 0.0073313 secs] [Times: user=0.02 sys=0.00, real=0.01 secs] 
1361.152: [GC (Allocation Failure) [PSYoungGen: 270773K->184944K(465920K)] 1170837K->1086254K(1490944K), 0.0206467 secs] [Times: user=0.03 sys=0.00, real=0.02 secs] 
1361.435: [GC (Allocation Failure) [PSYoungGen: 417904K->184173K(465920K)] 1319214K->1085885K(1490944K), 0.0206277 secs] [Times: user=0.03 sys=0.00, real=0.02 secs] 
1362.153: [GC (Allocation Failure) [PSYoungGen: 406982K->91725K(465920K)] 1308694K->993581K(1490944K), 0.0111776 secs] [Times: user=0.02 sys=0.00, real=0.01 secs] 
1363.643: [GC (Allocation Failure) [PSYoungGen: 324685K->37459K(465920K)] 1226541K->939608K(1490944K), 0.0097135 secs] [Times: user=0.03 sys=0.00, real=0.01 secs] 
1363.988: [GC (Allocation Failure) [PSYoungGen: 270419K->184783K(465920K)] 1172568K->1088185K(1490944K), 0.0206007 secs] [Times: user=0.03 sys=0.00, real=0.02 secs] 
1364.274: [GC (Allocation Failure) [PSYoungGen: 417743K->183658K(465920K)] 1321145K->1087358K(1490944K), 0.0205024 secs] [Times: user=0.02 sys=0.00, real=0.02 secs] 
1365.862: [GC (Allocation Failure) [PSYoungGen: 409074K->92897K(465920K)] 1312774K->996862K(1490944K), 0.0279430 secs] [Times: user=0.06 sys=0.00, real=0.03 secs] 
1367.704: [GC (Allocation Failure) [PSYoungGen: 325857K->37684K(465920K)] 1229822K->941954K(1490944K), 0.0076030 secs] [Times: user=0.02 sys=0.00, real=0.01 secs] 
1368.078: [GC (Allocation Failure) [PSYoungGen: 270644K->184430K(465920K)] 1174914K->1089945K(1490944K), 0.0207704 secs] [Times: user=0.03 sys=0.00, real=0.02 secs] 
1368.362: [GC (Allocation Failure) [PSYoungGen: 417390K->184365K(465920K)] 1322905K->1090162K(1490944K), 0.0208261 secs] [Times: user=0.03 sys=0.00, real=0.02 secs] 
1369.059: [GC (Allocation Failure) [PSYoungGen: 409411K->92223K(465920K)] 1315207K->998413K(1490944K), 0.0128335 secs] [Times: user=0.03 sys=0.00, real=0.01 secs] 
1370.591: [GC (Allocation Failure) [PSYoungGen: 325183K->37813K(465920K)] 1231373K->944174K(1490944K), 0.0074187 secs] [Times: user=0.02 sys=0.00, real=0.01 secs] 
1370.884: [GC (Allocation Failure) [PSYoungGen: 270773K->184301K(465920K)] 1177134K->1091908K(1490944K), 0.0205660 secs] [Times: user=0.03 sys=0.00, real=0.02 secs] 
1371.220: [GC (Allocation Failure) [PSYoungGen: 417261K->184558K(465920K)] 1324868K->1092567K(1490944K), 0.0206463 secs] [Times: user=0.03 sys=0.00, real=0.02 secs] 
1372.496: [GC (Allocation Failure) [PSYoungGen: 407556K->92014K(465920K)] 1315565K->1000167K(1490944K), 0.0151466 secs] [Times: user=0.04 sys=0.00, real=0.02 secs] 
1373.311: [GC (Allocation Failure) [PSYoungGen: 324974K->37973K(465920K)] 1233127K->946434K(1490944K), 0.0057730 secs] [Times: user=0.01 sys=0.01, real=0.00 secs] 
1373.580: [GC (Allocation Failure) [PSYoungGen: 270933K->184430K(465920K)] 1179394K->1094136K(1490944K), 0.0206148 secs] [Times: user=0.03 sys=0.00, real=0.02 secs] 
1373.865: [GC (Allocation Failure) [PSYoungGen: 417390K->184590K(465920K)] 1327096K->1094570K(1490944K), 0.0205740 secs] [Times: user=0.03 sys=0.00, real=0.02 secs] 
1376.031: [GC (Allocation Failure) [PSYoungGen: 407138K->91709K(465920K)] 1317118K->1001954K(1490944K), 0.0268773 secs] [Times: user=0.06 sys=0.00, real=0.03 secs] 
1378.379: [GC (Allocation Failure) [PSYoungGen: 324669K->37556K(465920K)] 1234914K->948114K(1490944K), 0.0083243 secs] [Times: user=0.03 sys=0.00, real=0.01 secs] 
1378.695: [GC (Allocation Failure) [PSYoungGen: 270516K->184430K(465920K)] 1181074K->1096362K(1490944K), 0.0205643 secs] [Times: user=0.03 sys=0.00, real=0.02 secs] 
1378.978: [GC (Allocation Failure) [PSYoungGen: 417390K->184558K(465920K)] 1329322K->1096635K(1490944K), 0.0205980 secs] [Times: user=0.03 sys=0.00, real=0.02 secs] 
1379.809: [GC (Allocation Failure) [PSYoungGen: 407609K->92094K(465920K)] 1319687K->1004444K(1490944K), 0.0153103 secs] [Times: user=0.04 sys=0.00, real=0.01 secs] 
1380.652: [GC (Allocation Failure) [PSYoungGen: 325054K->37973K(465920K)] 1237404K->950632K(1490944K), 0.0059524 secs] [Times: user=0.02 sys=0.00, real=0.01 secs] 
1380.982: [GC (Allocation Failure) [PSYoungGen: 270933K->184430K(465920K)] 1183592K->1098334K(1490944K), 0.0207177 secs] [Times: user=0.03 sys=0.00, real=0.02 secs] 
1381.266: [GC (Allocation Failure) [PSYoungGen: 417390K->184558K(465920K)] 1331294K->1098743K(1490944K), 0.0206671 secs] [Times: user=0.03 sys=0.00, real=0.02 secs] 
1382.892: [GC (Allocation Failure) [PSYoungGen: 407100K->91789K(465920K)] 1321285K->1006247K(1490944K), 0.0150564 secs] [Times: user=0.04 sys=0.00, real=0.01 secs] 
1384.485: [GC (Allocation Failure) [PSYoungGen: 324749K->37588K(465920K)] 1239207K->952359K(1490944K), 0.0070070 secs] [Times: user=0.02 sys=0.00, real=0.01 secs] 
1384.772: [GC (Allocation Failure) [PSYoungGen: 270548K->184719K(465920K)] 1185319K->1100744K(1490944K), 0.0205689 secs] [Times: user=0.03 sys=0.00, real=0.02 secs] 
1385.061: [GC (Allocation Failure) [PSYoungGen: 417679K->186486K(465920K)] 1333704K->1102793K(1490944K), 0.0210304 secs] [Times: user=0.03 sys=0.00, real=0.02 secs] 
1386.249: [GC (Allocation Failure) [PSYoungGen: 408394K->89941K(465920K)] 1324701K->1006513K(1490944K), 0.0198190 secs] [Times: user=0.04 sys=0.00, real=0.02 secs] 
1387.416: [GC (Allocation Failure) [PSYoungGen: 322901K->37973K(465920K)] 1239473K->954850K(1490944K), 0.0058257 secs] [Times: user=0.02 sys=0.00, real=0.01 secs] 
1387.685: [GC (Allocation Failure) [PSYoungGen: 270933K->184815K(465920K)] 1187810K->1102946K(1490944K), 0.0208541 secs] [Times: user=0.03 sys=0.00, real=0.02 secs] 
1387.974: [GC (Allocation Failure) [PSYoungGen: 417775K->184141K(465920K)] 1335906K->1102545K(1490944K), 0.0206623 secs] [Times: user=0.03 sys=0.00, real=0.02 secs] 
1388.654: [GC (Allocation Failure) [PSYoungGen: 407155K->91757K(465920K)] 1325559K->1010434K(1490944K), 0.0114255 secs] [Times: user=0.02 sys=0.00, real=0.01 secs] 
1390.869: [GC (Allocation Failure) [PSYoungGen: 324717K->37588K(465920K)] 1243394K->956570K(1490944K), 0.0082351 secs] [Times: user=0.02 sys=0.00, real=0.01 secs] 
1391.180: [GC (Allocation Failure) [PSYoungGen: 270548K->184687K(465920K)] 1189530K->1104923K(1490944K), 0.0207357 secs] [Times: user=0.03 sys=0.00, real=0.02 secs] 
1391.464: [GC (Allocation Failure) [PSYoungGen: 417647K->184751K(465920K)] 1337883K->1105397K(1490944K), 0.0205565 secs] [Times: user=0.03 sys=0.00, real=0.02 secs] 
1392.542: [GC (Allocation Failure) [PSYoungGen: 407200K->91741K(465920K)] 1327846K->1012652K(1490944K), 0.0125834 secs] [Times: user=0.02 sys=0.00, real=0.01 secs] 
1393.362: [GC (Allocation Failure) [PSYoungGen: 324701K->38066K(465920K)] 1245612K->959178K(1490944K), 0.0058420 secs] [Times: user=0.02 sys=0.00, real=0.01 secs] 
1393.631: [GC (Allocation Failure) [PSYoungGen: 271026K->184976K(465920K)] 1192138K->1107341K(1490944K), 0.0207273 secs] [Times: user=0.03 sys=0.00, real=0.02 secs] 
1393.974: [GC (Allocation Failure) [PSYoungGen: 417936K->183722K(465920K)] 1340301K->1106361K(1490944K), 0.0205770 secs] [Times: user=0.03 sys=0.00, real=0.02 secs] 
1394.612: [GC (Allocation Failure) [PSYoungGen: 404603K->92126K(465920K)] 1327242K->1015046K(1490944K), 0.0125791 secs] [Times: user=0.02 sys=0.00, real=0.01 secs] 
1395.563: [GC (Allocation Failure) [PSYoungGen: 325086K->38034K(465920K)] 1248006K->961262K(1490944K), 0.0058667 secs] [Times: user=0.01 sys=0.00, real=0.01 secs] 
1395.832: [GC (Allocation Failure) [PSYoungGen: 270994K->184430K(465920K)] 1194222K->1108903K(1490944K), 0.0205281 secs] [Times: user=0.03 sys=0.00, real=0.02 secs] 
1396.115: [GC (Allocation Failure) [PSYoungGen: 417390K->184558K(465920K)] 1341863K->1109312K(1490944K), 0.0205837 secs] [Times: user=0.02 sys=0.00, real=0.02 secs] 
1396.817: [GC (Allocation Failure) [PSYoungGen: 407100K->91693K(465920K)] 1331854K->1016728K(1490944K), 0.0123619 secs] [Times: user=0.03 sys=0.00, real=0.02 secs] 
1397.686: [GC (Allocation Failure) [PSYoungGen: 324653K->37877K(465920K)] 1249688K->963226K(1490944K), 0.0058624 secs] [Times: user=0.02 sys=0.00, real=0.01 secs] 
1397.955: [GC (Allocation Failure) [PSYoungGen: 270837K->183658K(465920K)] 1196186K->1110253K(1490944K), 0.0204853 secs] [Times: user=0.02 sys=0.00, real=0.02 secs] 
1398.238: [GC (Allocation Failure) [PSYoungGen: 416618K->184430K(465920K)] 1343213K->1111297K(1490944K), 0.0205858 secs] [Times: user=0.03 sys=0.00, real=0.02 secs] 
1398.866: [GC (Allocation Failure) [PSYoungGen: 408485K->92785K(465920K)] 1335353K->1019925K(1490944K), 0.0113052 secs] [Times: user=0.02 sys=0.00, real=0.02 secs] 
1400.605: [GC (Allocation Failure) [PSYoungGen: 325745K->37588K(465920K)] 1252885K->965036K(1490944K), 0.0093197 secs] [Times: user=0.02 sys=0.00, real=0.01 secs] 
1400.938: [GC (Allocation Failure) [PSYoungGen: 270548K->184590K(465920K)] 1197996K->1113293K(1490944K), 0.0206740 secs] [Times: user=0.03 sys=0.00, real=0.02 secs] 
1401.279: [GC (Allocation Failure) [PSYoungGen: 417550K->183658K(465920K)] 1346253K->1112634K(1490944K), 0.0205690 secs] [Times: user=0.03 sys=0.00, real=0.02 secs] 
1403.218: [GC (Allocation Failure) [PSYoungGen: 409024K->92913K(465920K)] 1337999K->1022154K(1490944K), 0.0263653 secs] [Times: user=0.06 sys=0.00, real=0.02 secs] 
1405.126: [GC (Allocation Failure) [PSYoungGen: 325873K->37620K(465920K)] 1255114K->967168K(1490944K), 0.0091575 secs] [Times: user=0.03 sys=0.00, real=0.01 secs] 
1405.457: [GC (Allocation Failure) [PSYoungGen: 270580K->183787K(465920K)] 1200128K->1114589K(1490944K), 0.0205364 secs] [Times: user=0.03 sys=0.00, real=0.03 secs] 
1405.740: [GC (Allocation Failure) [PSYoungGen: 416747K->184462K(465920K)] 1347549K->1115673K(1490944K), 0.0206804 secs] [Times: user=0.03 sys=0.00, real=0.02 secs] 
1406.372: [GC (Allocation Failure) [PSYoungGen: 408195K->92913K(465920K)] 1339407K->1024270K(1490944K), 0.0128632 secs] [Times: user=0.03 sys=0.00, real=0.01 secs] 
1407.194: [GC (Allocation Failure) [PSYoungGen: 325873K->37877K(465920K)] 1257230K->969549K(1490944K), 0.0059002 secs] [Times: user=0.01 sys=0.00, real=0.01 secs] 
1407.464: [GC (Allocation Failure) [PSYoungGen: 270837K->184944K(465920K)] 1202509K->1117862K(1490944K), 0.0207593 secs] [Times: user=0.03 sys=0.00, real=0.02 secs] 
1407.753: [GC (Allocation Failure) [PSYoungGen: 417904K->184141K(465920K)] 1350822K->1117332K(1490944K), 0.0207463 secs] [Times: user=0.03 sys=0.00, real=0.02 secs] 
1408.397: [GC (Allocation Failure) [PSYoungGen: 406984K->91693K(465920K)] 1340175K->1025157K(1490944K), 0.0111314 secs] [Times: user=0.02 sys=0.00, real=0.02 secs] 
1409.240: [GC (Allocation Failure) [PSYoungGen: 324653K->37877K(465920K)] 1258117K->971649K(1490944K), 0.0069637 secs] [Times: user=0.02 sys=0.00, real=0.00 secs] 
1409.576: [GC (Allocation Failure) [PSYoungGen: 270837K->183658K(465920K)] 1204609K->1118676K(1490944K), 0.0205680 secs] [Times: user=0.03 sys=0.00, real=0.02 secs] 
1409.859: [GC (Allocation Failure) [PSYoungGen: 416618K->184398K(465920K)] 1351636K->1119688K(1490944K), 0.0205342 secs] [Times: user=0.02 sys=0.00, real=0.02 secs] 
1410.508: [GC (Allocation Failure) [PSYoungGen: 408441K->92753K(465920K)] 1343732K->1028317K(1490944K), 0.0124867 secs] [Times: user=0.03 sys=0.00, real=0.01 secs] 
1411.404: [GC (Allocation Failure) [PSYoungGen: 325713K->37845K(465920K)] 1261277K->973733K(1490944K), 0.0070259 secs] [Times: user=0.02 sys=0.00, real=0.01 secs] 
1411.680: [GC (Allocation Failure) [PSYoungGen: 270805K->184912K(465920K)] 1206693K->1122045K(1490944K), 0.0205684 secs] [Times: user=0.03 sys=0.00, real=0.02 secs] 
1411.963: [GC (Allocation Failure) [PSYoungGen: 417872K->184333K(465920K)] 1355005K->1121740K(1490944K), 0.0204906 secs] [Times: user=0.02 sys=0.00, real=0.02 secs] 
1412.617: [GC (Allocation Failure) [PSYoungGen: 407175K->91612K(465920K)] 1344581K->1029420K(1490944K), 0.0100127 secs] [Times: user=0.02 sys=0.00, real=0.01 secs] 
1414.024: [GC (Allocation Failure) [PSYoungGen: 324572K->37748K(465920K)] 1262380K->975728K(1490944K), 0.0101508 secs] [Times: user=0.03 sys=0.00, real=0.01 secs] 
1414.423: [GC (Allocation Failure) [PSYoungGen: 270708K->184558K(465920K)] 1208688K->1123920K(1490944K), 0.0207165 secs] [Times: user=0.03 sys=0.00, real=0.02 secs] 
1414.710: [GC (Allocation Failure) [PSYoungGen: 417518K->184398K(465920K)] 1356880K->1123904K(1490944K), 0.0207515 secs] [Times: user=0.03 sys=0.00, real=0.02 secs] 
1415.905: [GC (Allocation Failure) [PSYoungGen: 404833K->92014K(465920K)] 1344339K->1031785K(1490944K), 0.0166968 secs] [Times: user=0.04 sys=0.00, real=0.02 secs] 
1417.864: [GC (Allocation Failure) [PSYoungGen: 324974K->37588K(465920K)] 1264745K->977667K(1490944K), 0.0084364 secs] [Times: user=0.02 sys=0.00, real=0.01 secs] 
1418.183: [GC (Allocation Failure) [PSYoungGen: 270548K->184430K(465920K)] 1210627K->1125755K(1490944K), 0.0206309 secs] [Times: user=0.03 sys=0.00, real=0.02 secs] 
1418.471: [GC (Allocation Failure) [PSYoungGen: 417390K->183819K(465920K)] 1358715K->1125417K(1490944K), 0.0205783 secs] [Times: user=0.03 sys=0.00, real=0.02 secs] 
1419.626: [GC (Allocation Failure) [PSYoungGen: 409039K->92881K(465920K)] 1350637K->1034753K(1490944K), 0.0128170 secs] [Times: user=0.03 sys=0.00, real=0.02 secs] 
1421.664: [GC (Allocation Failure) [PSYoungGen: 325841K->37716K(465920K)] 1267713K->979903K(1490944K), 0.0083146 secs] [Times: user=0.02 sys=0.00, real=0.01 secs] 
1422.045: [GC (Allocation Failure) [PSYoungGen: 270676K->184430K(465920K)] 1212863K->1127863K(1490944K), 0.0207101 secs] [Times: user=0.03 sys=0.00, real=0.02 secs] 
1422.333: [GC (Allocation Failure) [PSYoungGen: 417390K->184269K(465920K)] 1360823K->1127975K(1490944K), 0.0206942 secs] [Times: user=0.03 sys=0.00, real=0.02 secs] 
1424.226: [GC (Allocation Failure) [PSYoungGen: 409337K->92223K(465920K)] 1353043K->1036330K(1490944K), 0.0170066 secs] [Times: user=0.04 sys=0.00, real=0.02 secs] 
1426.084: [GC (Allocation Failure) [PSYoungGen: 325183K->37459K(465920K)] 1269290K->981762K(1490944K), 0.0067156 secs] [Times: user=0.01 sys=0.00, real=0.01 secs] 
1426.358: [GC (Allocation Failure) [PSYoungGen: 270419K->184044K(465920K)] 1214722K->1129593K(1490944K), 0.0206437 secs] [Times: user=0.03 sys=0.00, real=0.02 secs] 
1426.647: [GC (Allocation Failure) [PSYoungGen: 417004K->184751K(465920K)] 1362553K->1130565K(1490944K), 0.0208072 secs] [Times: user=0.03 sys=0.00, real=0.03 secs] 
1427.369: [GC (Allocation Failure) [PSYoungGen: 408567K->92383K(465920K)] 1354381K->1038462K(1490944K), 0.0121933 secs] [Times: user=0.03 sys=0.00, real=0.01 secs] 
1428.259: [GC (Allocation Failure) [PSYoungGen: 325343K->37845K(465920K)] 1271422K->984248K(1490944K), 0.0070230 secs] [Times: user=0.02 sys=0.00, real=0.00 secs] 
1428.534: [GC (Allocation Failure) [PSYoungGen: 270805K->184301K(465920K)] 1217208K->1131950K(1490944K), 0.0207669 secs] [Times: user=0.03 sys=0.00, real=0.02 secs] 
1428.818: [GC (Allocation Failure) [PSYoungGen: 417261K->184205K(465920K)] 1364910K->1132126K(1490944K), 0.0205069 secs] [Times: user=0.03 sys=0.00, real=0.02 secs] 
1430.186: [GC (Allocation Failure) [PSYoungGen: 409439K->92351K(465920K)] 1357360K->1040546K(1490944K), 0.0153857 secs] [Times: user=0.03 sys=0.00, real=0.02 secs] 
1432.481: [GC (Allocation Failure) [PSYoungGen: 325311K->37299K(465920K)] 1273506K->985785K(1490944K), 0.0081351 secs] [Times: user=0.02 sys=0.00, real=0.01 secs] 
1432.786: [GC (Allocation Failure) [PSYoungGen: 270259K->184012K(465920K)] 1218745K->1133744K(1490944K), 0.0207353 secs] [Times: user=0.03 sys=0.00, real=0.02 secs] 
1433.076: [GC (Allocation Failure) [PSYoungGen: 416972K->184880K(465920K)] 1366704K->1134885K(1490944K), 0.0207719 secs] [Times: user=0.03 sys=0.00, real=0.02 secs] 
1434.991: [GC (Allocation Failure) [PSYoungGen: 410328K->92431K(465920K)] 1360333K->1042709K(1490944K), 0.0270747 secs] [Times: user=0.07 sys=0.00, real=0.03 secs] 
1437.900: [GC (Allocation Failure) [PSYoungGen: 325391K->37588K(465920K)] 1275669K->988174K(1490944K), 0.0091854 secs] [Times: user=0.03 sys=0.00, real=0.01 secs] 
1438.226: [GC (Allocation Failure) [PSYoungGen: 270548K->184590K(465920K)] 1221134K->1136558K(1490944K), 0.0207692 secs] [Times: user=0.03 sys=0.00, real=0.02 secs] 
1438.520: [GC (Allocation Failure) [PSYoungGen: 417550K->184655K(465920K)] 1369518K->1136767K(1490944K), 0.0205633 secs] [Times: user=0.03 sys=0.00, real=0.02 secs] 
1439.365: [GC (Allocation Failure) [PSYoungGen: 407229K->91901K(465920K)] 1359342K->1044295K(1490944K), 0.0138459 secs] [Times: user=0.03 sys=0.00, real=0.02 secs] 
1441.230: [GC (Allocation Failure) [PSYoungGen: 324861K->37299K(465920K)] 1277255K->990000K(1490944K), 0.0075333 secs] [Times: user=0.02 sys=0.00, real=0.01 secs] 
1441.530: [GC (Allocation Failure) [PSYoungGen: 270259K->183755K(465920K)] 1222960K->1137703K(1490944K), 0.0205114 secs] [Times: user=0.03 sys=0.00, real=0.02 secs] 
1441.817: [GC (Allocation Failure) [PSYoungGen: 416715K->184494K(465920K)] 1370663K->1138714K(1490944K), 0.0206128 secs] [Times: user=0.02 sys=0.00, real=0.03 secs] 
1442.494: [GC (Allocation Failure) [PSYoungGen: 409620K->93170K(465920K)] 1363841K->1047792K(1490944K), 0.0117141 secs] [Times: user=0.03 sys=0.00, real=0.01 secs] 
1443.353: [GC (Allocation Failure) [PSYoungGen: 326130K->38005K(465920K)] 1280752K->992805K(1490944K), 0.0058679 secs] [Times: user=0.02 sys=0.00, real=0.01 secs] 
1443.622: [GC (Allocation Failure) [PSYoungGen: 270965K->184719K(465920K)] 1225765K->1140772K(1490944K), 0.0206308 secs] [Times: user=0.03 sys=0.00, real=0.02 secs] 
1443.906: [GC (Allocation Failure) [PSYoungGen: 417679K->184558K(465920K)] 1373732K->1141013K(1490944K), 0.0206799 secs] [Times: user=0.02 sys=0.00, real=0.02 secs] 
1444.669: [GC (Allocation Failure) [PSYoungGen: 407024K->91452K(465920K)] 1363479K->1048051K(1490944K), 0.0119591 secs] [Times: user=0.03 sys=0.00, real=0.01 secs] 
1446.404: [GC (Allocation Failure) [PSYoungGen: 324412K->37331K(465920K)] 1281011K->994230K(1490944K), 0.0076329 secs] [Times: user=0.02 sys=0.00, real=0.01 secs] 
1446.700: [GC (Allocation Failure) [PSYoungGen: 270291K->184815K(465920K)] 1227190K->1142968K(1490944K), 0.0208233 secs] [Times: user=0.03 sys=0.00, real=0.02 secs] 
1446.984: [GC (Allocation Failure) [PSYoungGen: 417775K->184173K(465920K)] 1375928K->1142598K(1490944K), 0.0207749 secs] [Times: user=0.03 sys=0.00, real=0.02 secs] 
1449.013: [GC (Allocation Failure) [PSYoungGen: 409499K->92383K(465920K)] 1367925K->1051082K(1490944K), 0.0183972 secs] [Times: user=0.04 sys=0.01, real=0.02 secs] 
1450.886: [GC (Allocation Failure) [PSYoungGen: 325343K->37588K(465920K)] 1284042K->996587K(1490944K), 0.0076772 secs] [Times: user=0.02 sys=0.00, real=0.01 secs] 
1451.266: [GC (Allocation Failure) [PSYoungGen: 270548K->184558K(465920K)] 1229547K->1144811K(1490944K), 0.0207809 secs] [Times: user=0.03 sys=0.00, real=0.02 secs] 
1451.554: [GC (Allocation Failure) [PSYoungGen: 417518K->184301K(465920K)] 1377771K->1144835K(1490944K), 0.0207136 secs] [Times: user=0.02 sys=0.00, real=0.02 secs] 
1452.602: [GC (Allocation Failure) [PSYoungGen: 409172K->92287K(465920K)] 1369706K->1053093K(1490944K), 0.0127455 secs] [Times: user=0.03 sys=0.00, real=0.01 secs] 
1453.446: [GC (Allocation Failure) [PSYoungGen: 325247K->37813K(465920K)] 1286053K->998935K(1490944K), 0.0063253 secs] [Times: user=0.01 sys=0.00, real=0.01 secs] 
1453.715: [GC (Allocation Failure) [PSYoungGen: 270773K->184205K(465920K)] 1231895K->1146581K(1490944K), 0.0206773 secs] [Times: user=0.03 sys=0.00, real=0.02 secs] 
1454.000: [GC (Allocation Failure) [PSYoungGen: 417165K->184815K(465920K)] 1379541K->1147465K(1490944K), 0.0208280 secs] [Times: user=0.02 sys=0.01, real=0.02 secs] 
1454.674: [GC (Allocation Failure) [PSYoungGen: 408023K->91885K(465920K)] 1370672K->1054824K(1490944K), 0.0120333 secs] [Times: user=0.03 sys=0.00, real=0.01 secs] 
1455.564: [GC (Allocation Failure) [PSYoungGen: 324845K->38005K(465920K)] 1287784K->1001252K(1490944K), 0.0072342 secs] [Times: user=0.02 sys=0.00, real=0.01 secs] 
1455.918: [GC (Allocation Failure) [PSYoungGen: 270965K->184526K(465920K)] 1234212K->1149018K(1490944K), 0.0206897 secs] [Times: user=0.03 sys=0.00, real=0.02 secs] 
1456.257: [GC (Allocation Failure) [PSYoungGen: 417486K->184623K(465920K)] 1381978K->1149388K(1490944K), 0.0208247 secs] [Times: user=0.03 sys=0.00, real=0.03 secs] 
1457.511: [GC (Allocation Failure) [PSYoungGen: 407201K->91499K(465920K)] 1371966K->1056538K(1490944K), 0.0173176 secs] [Times: user=0.04 sys=0.00, real=0.02 secs] 
1459.908: [GC (Allocation Failure) [PSYoungGen: 324459K->37588K(465920K)] 1289498K->1002940K(1490944K), 0.0085184 secs] [Times: user=0.02 sys=0.00, real=0.00 secs] 
1460.228: [GC (Allocation Failure) [PSYoungGen: 270548K->183819K(465920K)] 1235900K->1150425K(1490944K), 0.0208324 secs] [Times: user=0.03 sys=0.00, real=0.02 secs] 
1460.519: [GC (Allocation Failure) [PSYoungGen: 416779K->184751K(465920K)] 1383385K->1151629K(1490944K), 0.0207463 secs] [Times: user=0.03 sys=0.00, real=0.02 secs] 
1462.015: [GC (Allocation Failure) [PSYoungGen: 410179K->92656K(465920K)] 1377058K->1059808K(1490944K), 0.0132390 secs] [Times: user=0.02 sys=0.00, real=0.02 secs] 
1463.131: [GC (Allocation Failure) [PSYoungGen: 325616K->37845K(465920K)] 1292768K->1005286K(1490944K), 0.0069662 secs] [Times: user=0.01 sys=0.00, real=0.01 secs] 
1463.409: [GC (Allocation Failure) [PSYoungGen: 270805K->184076K(465920K)] 1238246K->1152771K(1490944K), 0.0207560 secs] [Times: user=0.03 sys=0.00, real=0.02 secs] 
1463.758: [GC (Allocation Failure) [PSYoungGen: 417036K->184558K(465920K)] 1385731K->1153526K(1490944K), 0.0206797 secs] [Times: user=0.03 sys=0.00, real=0.02 secs] 
1465.004: [GC (Allocation Failure) [PSYoungGen: 409787K->92287K(465920K)] 1378755K->1061528K(1490944K), 0.0214164 secs] [Times: user=0.05 sys=0.00, real=0.02 secs] 
1467.522: [GC (Allocation Failure) [PSYoungGen: 325247K->37716K(465920K)] 1294488K->1007273K(1490944K), 0.0085301 secs] [Times: user=0.03 sys=0.00, real=0.01 secs] 
1467.836: [GC (Allocation Failure) [PSYoungGen: 270676K->184719K(465920K)] 1240233K->1155521K(1490944K), 0.0207292 secs] [Times: user=0.03 sys=0.00, real=0.02 secs] 
1468.120: [GC (Allocation Failure) [PSYoungGen: 417679K->184655K(465920K)] 1388481K->1155731K(1490944K), 0.0206317 secs] [Times: user=0.03 sys=0.00, real=0.02 secs] 
1469.385: [GC (Allocation Failure) [PSYoungGen: 407204K->91612K(465920K)] 1378279K->1062961K(1490944K), 0.0133838 secs] [Times: user=0.03 sys=0.00, real=0.02 secs] 
1470.943: [GC (Allocation Failure) [PSYoungGen: 324572K->37556K(465920K)] 1295921K->1009205K(1490944K), 0.0072952 secs] [Times: user=0.02 sys=0.00, real=0.01 secs] 
1471.224: [GC (Allocation Failure) [PSYoungGen: 270516K->183819K(465920K)] 1242165K->1156714K(1490944K), 0.0206401 secs] [Times: user=0.03 sys=0.00, real=0.02 secs] 
1471.508: [GC (Allocation Failure) [PSYoungGen: 416779K->184430K(465920K)] 1389674K->1157605K(1490944K), 0.0206523 secs] [Times: user=0.03 sys=0.00, real=0.02 secs] 
1472.174: [GC (Allocation Failure) [PSYoungGen: 409664K->92913K(465920K)] 1382839K->1066362K(1490944K), 0.0120929 secs] [Times: user=0.03 sys=0.00, real=0.01 secs] 
1473.013: [GC (Allocation Failure) [PSYoungGen: 325873K->38099K(465920K)] 1299322K->1011861K(1490944K), 0.0059723 secs] [Times: user=0.01 sys=0.00, real=0.01 secs] 
1473.282: [GC (Allocation Failure) [PSYoungGen: 271059K->184687K(465920K)] 1244821K->1159703K(1490944K), 0.0207619 secs] [Times: user=0.03 sys=0.00, real=0.02 secs] 
1473.569: [GC (Allocation Failure) [PSYoungGen: 417647K->184719K(465920K)] 1392663K->1160136K(1490944K), 0.0206201 secs] [Times: user=0.03 sys=0.01, real=0.02 secs] 
1474.750: [GC (Allocation Failure) [PSYoungGen: 407193K->91194K(465920K)] 1382610K->1066877K(1490944K), 0.0214706 secs] [Times: user=0.04 sys=0.01, real=0.02 secs] 
1476.874: [GC (Allocation Failure) [PSYoungGen: 324154K->37588K(465920K)] 1299837K->1013450K(1490944K), 0.0091225 secs] [Times: user=0.03 sys=0.00, real=0.01 secs] 
1477.201: [GC (Allocation Failure) [PSYoungGen: 270548K->183916K(465920K)] 1246410K->1161023K(1490944K), 0.0207043 secs] [Times: user=0.03 sys=0.00, real=0.02 secs] 
1477.485: [GC (Allocation Failure) [PSYoungGen: 416876K->184430K(465920K)] 1393983K->1161939K(1490944K), 0.0207113 secs] [Times: user=0.03 sys=0.00, real=0.02 secs] 
1478.159: [GC (Allocation Failure) [PSYoungGen: 409659K->92801K(465920K)] 1387169K->1070455K(1490944K), 0.0129325 secs] [Times: user=0.03 sys=0.00, real=0.01 secs] 
1479.003: [GC (Allocation Failure) [PSYoungGen: 325761K->37973K(465920K)] 1303415K->1015928K(1490944K), 0.0058952 secs] [Times: user=0.02 sys=0.00, real=0.01 secs] 
1479.273: [GC (Allocation Failure) [PSYoungGen: 270933K->184687K(465920K)] 1248888K->1163887K(1490944K), 0.0206899 secs] [Times: user=0.03 sys=0.00, real=0.02 secs] 
1479.566: [GC (Allocation Failure) [PSYoungGen: 417647K->184655K(465920K)] 1396847K->1164256K(1490944K), 0.0207727 secs] [Times: user=0.03 sys=0.00, real=0.02 secs] 
1481.436: [GC (Allocation Failure) [PSYoungGen: 407087K->91355K(465920K)] 1386689K->1071222K(1490944K), 0.0224551 secs] [Times: user=0.05 sys=0.00, real=0.03 secs] 
1483.713: [GC (Allocation Failure) [PSYoungGen: 324315K->37973K(465920K)] 1304182K->1018036K(1490944K), 0.0084544 secs] [Times: user=0.02 sys=0.00, real=0.01 secs] 
1484.021: [GC (Allocation Failure) [PSYoungGen: 270933K->183851K(465920K)] 1250996K->1165167K(1490944K), 0.0206205 secs] [Times: user=0.03 sys=0.00, real=0.02 secs] 
1484.305: [GC (Allocation Failure) [PSYoungGen: 416811K->184687K(465920K)] 1398127K->1166276K(1490944K), 0.0207318 secs] [Times: user=0.03 sys=0.00, real=0.02 secs] 
1485.119: [GC (Allocation Failure) [PSYoungGen: 408478K->92207K(465920K)] 1390067K->1074061K(1490944K), 0.0123308 secs] [Times: user=0.03 sys=0.00, real=0.01 secs] 
1486.645: [GC (Allocation Failure) [PSYoungGen: 325167K->37456K(465920K)] 1307021K->1019602K(1490944K), 0.0069060 secs] [Times: user=0.02 sys=0.00, real=0.01 secs] 
1486.925: [GC (Allocation Failure) [PSYoungGen: 270416K->184269K(465920K)] 1252562K->1167789K(1490944K), 0.0207432 secs] [Times: user=0.03 sys=0.00, real=0.02 secs] 
1487.218: [GC (Allocation Failure) [PSYoungGen: 417229K->184141K(465920K)] 1400749K->1167805K(1490944K), 0.0208161 secs] [Times: user=0.03 sys=0.00, real=0.02 secs] 
1488.262: [GC (Allocation Failure) [PSYoungGen: 409065K->92785K(465920K)] 1392730K->1076714K(1490944K), 0.0145679 secs] [Times: user=0.03 sys=0.00, real=0.01 secs] 
1490.396: [GC (Allocation Failure) [PSYoungGen: 325745K->37331K(465920K)] 1309674K->1021566K(1490944K), 0.0081865 secs] [Times: user=0.02 sys=0.00, real=0.01 secs] 
1490.706: [GC (Allocation Failure) [PSYoungGen: 270291K->184430K(465920K)] 1254526K->1169910K(1490944K), 0.0207232 secs] [Times: user=0.03 sys=0.00, real=0.02 secs] 
1491.041: [GC (Allocation Failure) [PSYoungGen: 417390K->184301K(465920K)] 1402870K->1170063K(1490944K), 0.0206734 secs] [Times: user=0.03 sys=0.00, real=0.02 secs] 
1492.158: [GC (Allocation Failure) [PSYoungGen: 409337K->92656K(465920K)] 1395099K->1078820K(1490944K), 0.0144080 secs] [Times: user=0.04 sys=0.00, real=0.01 secs] 
1493.626: [GC (Allocation Failure) [PSYoungGen: 325616K->37845K(465920K)] 1311780K->1024169K(1490944K), 0.0064555 secs] [Times: user=0.02 sys=0.00, real=0.01 secs] 
1493.896: [GC (Allocation Failure) [PSYoungGen: 270805K->184140K(465920K)] 1257129K->1171718K(1490944K), 0.0205606 secs] [Times: user=0.03 sys=0.00, real=0.02 secs] 
1494.179: [GC (Allocation Failure) [PSYoungGen: 417100K->184590K(465920K)] 1404678K->1172465K(1490944K), 0.0206554 secs] [Times: user=0.03 sys=0.00, real=0.02 secs] 
1495.428: [GC (Allocation Failure) [PSYoungGen: 409782K->92239K(465920K)] 1397657K->1080387K(1490944K), 0.0141236 secs] [Times: user=0.03 sys=0.00, real=0.01 secs] 
1497.417: [GC (Allocation Failure) [PSYoungGen: 325199K->37684K(465920K)] 1313347K->1026141K(1490944K), 0.0085595 secs] [Times: user=0.02 sys=0.00, real=0.01 secs] 
1497.734: [GC (Allocation Failure) [PSYoungGen: 270644K->184687K(465920K)] 1259101K->1174397K(1490944K), 0.0206983 secs] [Times: user=0.03 sys=0.00, real=0.02 secs] 
1498.078: [GC (Allocation Failure) [PSYoungGen: 417647K->184719K(465920K)] 1407357K->1174710K(1490944K), 0.0207395 secs] [Times: user=0.03 sys=0.00, real=0.02 secs] 
1500.205: [GC (Allocation Failure) [PSYoungGen: 407289K->91596K(465920K)] 1397280K->1081860K(1490944K), 0.0167723 secs] [Times: user=0.04 sys=0.00, real=0.02 secs] 
1502.358: [GC (Allocation Failure) [PSYoungGen: 324556K->37684K(465920K)] 1314820K->1028256K(1490944K), 0.0082506 secs] [Times: user=0.02 sys=0.00, real=0.00 secs] 
1502.666: [GC (Allocation Failure) [PSYoungGen: 270644K->184944K(465920K)] 1261216K->1176762K(1490944K), 0.0207149 secs] [Times: user=0.03 sys=0.00, real=0.02 secs] 
1502.954: [GC (Allocation Failure) [PSYoungGen: 417904K->183658K(465920K)] 1409722K->1175749K(1490944K), 0.0206514 secs] [Times: user=0.03 sys=0.00, real=0.02 secs] 
1504.472: [GC (Allocation Failure) [PSYoungGen: 409188K->92447K(465920K)] 1401279K->1084811K(1490944K), 0.0261679 secs] [Times: user=0.06 sys=0.00, real=0.03 secs] 
1506.704: [GC (Allocation Failure) [PSYoungGen: 325407K->37427K(465920K)] 1317771K->1030091K(1490944K), 0.0076971 secs] [Times: user=0.02 sys=0.00, real=0.01 secs] 
1506.999: [GC (Allocation Failure) [PSYoungGen: 270387K->183916K(465920K)] 1263051K->1177825K(1490944K), 0.0205412 secs] [Times: user=0.03 sys=0.00, real=0.02 secs] 
1507.283: [GC (Allocation Failure) [PSYoungGen: 416876K->184558K(465920K)] 1410785K->1178749K(1490944K), 0.0206111 secs] [Times: user=0.03 sys=0.00, real=0.02 secs] 
1509.587: [GC (Allocation Failure) [PSYoungGen: 409718K->92801K(465920K)] 1403909K->1087264K(1490944K), 0.0180715 secs] [Times: user=0.04 sys=0.00, real=0.02 secs] 
1511.250: [GC (Allocation Failure) [PSYoungGen: 325761K->37716K(465920K)] 1320224K->1032496K(1490944K), 0.0085159 secs] [Times: user=0.02 sys=0.00, real=0.01 secs] 
1511.568: [GC (Allocation Failure) [PSYoungGen: 270676K->184076K(465920K)] 1265456K->1180109K(1490944K), 0.0205993 secs] [Times: user=0.03 sys=0.00, real=0.02 secs] 
1511.856: [GC (Allocation Failure) [PSYoungGen: 417036K->184526K(465920K)] 1413069K->1180833K(1490944K), 0.0206149 secs] [Times: user=0.03 sys=0.00, real=0.02 secs] 
1513.108: [GC (Allocation Failure) [PSYoungGen: 409606K->92383K(465920K)] 1405912K->1089091K(1490944K), 0.0273474 secs] [Times: user=0.06 sys=0.00, real=0.02 secs] 
1515.072: [GC (Allocation Failure) [PSYoungGen: 325343K->37845K(465920K)] 1322051K->1034716K(1490944K), 0.0078064 secs] [Times: user=0.02 sys=0.00, real=0.01 secs] 
1515.373: [GC (Allocation Failure) [PSYoungGen: 270805K->184719K(465920K)] 1267676K->1182844K(1490944K), 0.0211109 secs] [Times: user=0.03 sys=0.00, real=0.02 secs] 
1515.715: [GC (Allocation Failure) [PSYoungGen: 417679K->184623K(465920K)] 1415804K->1183021K(1490944K), 0.0208709 secs] [Times: user=0.03 sys=0.00, real=0.02 secs] 
1517.657: [GC (Allocation Failure) [PSYoungGen: 407196K->91516K(465920K)] 1405594K->1090187K(1490944K), 0.0269855 secs] [Times: user=0.06 sys=0.00, real=0.03 secs] 
1519.013: [GC (Allocation Failure) [PSYoungGen: 324476K->38002K(465920K)] 1323147K->1036981K(1490944K), 0.0059152 secs] [Times: user=0.01 sys=0.00, real=0.01 secs] 
1519.282: [GC (Allocation Failure) [PSYoungGen: 270962K->184719K(465920K)] 1269941K->1185080K(1490944K), 0.0208464 secs] [Times: user=0.03 sys=0.00, real=0.02 secs] 
1519.566: [GC (Allocation Failure) [PSYoungGen: 417679K->184687K(465920K)] 1418040K->1185192K(1490944K), 0.0208111 secs] [Times: user=0.03 sys=0.00, real=0.02 secs] 
1521.695: [GC (Allocation Failure) [PSYoungGen: 407243K->91339K(465920K)] 1407748K->1092110K(1490944K), 0.0219325 secs] [Times: user=0.05 sys=0.00, real=0.03 secs] 
1523.974: [GC (Allocation Failure) [PSYoungGen: 324299K->37331K(465920K)] 1325070K->1038393K(1490944K), 0.0078165 secs] [Times: user=0.02 sys=0.00, real=0.01 secs] 
1524.275: [GC (Allocation Failure) [PSYoungGen: 270291K->184719K(465920K)] 1271353K->1187035K(1490944K), 0.0208165 secs] [Times: user=0.03 sys=0.00, real=0.02 secs] 
1524.564: [GC (Allocation Failure) [PSYoungGen: 417679K->184687K(465920K)] 1419995K->1187284K(1490944K), 0.0207184 secs] [Times: user=0.03 sys=0.00, real=0.02 secs] 
1525.656: [GC (Allocation Failure) [PSYoungGen: 409809K->91998K(465920K)] 1412406K->1094868K(1490944K), 0.0132304 secs] [Times: user=0.03 sys=0.00, real=0.02 secs] 
1526.890: [GC (Allocation Failure) [PSYoungGen: 324958K->37588K(465920K)] 1327828K->1040747K(1490944K), 0.0069461 secs] [Times: user=0.01 sys=0.00, real=0.01 secs] 
1527.169: [GC (Allocation Failure) [PSYoungGen: 270548K->184301K(465920K)] 1273707K->1188699K(1490944K), 0.0207461 secs] [Times: user=0.03 sys=0.00, real=0.02 secs] 
1527.457: [GC (Allocation Failure) [PSYoungGen: 417261K->184655K(465920K)] 1421659K->1189325K(1490944K), 0.0208711 secs] [Times: user=0.03 sys=0.00, real=0.03 secs] 
1528.195: [GC (Allocation Failure) [PSYoungGen: 409782K->92094K(465920K)] 1414453K->1097030K(1490944K), 0.0132396 secs] [Times: user=0.03 sys=0.00, real=0.02 secs] 
1529.335: [GC (Allocation Failure) [PSYoungGen: 325054K->37813K(465920K)] 1329990K->1043048K(1490944K), 0.0072156 secs] [Times: user=0.02 sys=0.00, real=0.01 secs] 
1529.620: [GC (Allocation Failure) [PSYoungGen: 270773K->184847K(465920K)] 1276008K->1191336K(1490944K), 0.0208949 secs] [Times: user=0.03 sys=0.00, real=0.02 secs] 
1529.904: [GC (Allocation Failure) [PSYoungGen: 417807K->184655K(465920K)] 1424296K->1191417K(1490944K), 0.0209783 secs] [Times: user=0.03 sys=0.00, real=0.02 secs] 
1530.789: [GC (Allocation Failure) [PSYoungGen: 406601K->91355K(465920K)] 1413363K->1098382K(1490944K), 0.0130013 secs] [Times: user=0.03 sys=0.00, real=0.01 secs] 
1532.415: [GC (Allocation Failure) [PSYoungGen: 324315K->37684K(465920K)] 1331342K->1045004K(1490944K), 0.0074292 secs] [Times: user=0.02 sys=0.00, real=0.01 secs] 
1532.787: [GC (Allocation Failure) [PSYoungGen: 270644K->184462K(465920K)] 1277964K->1193163K(1490944K), 0.0209149 secs] [Times: user=0.03 sys=0.00, real=0.03 secs] 
1533.134: [GC (Allocation Failure) [PSYoungGen: 417422K->184526K(465920K)] 1426123K->1193372K(1490944K), 0.0207032 secs] [Times: user=0.03 sys=0.00, real=0.02 secs] 
1534.650: [GC (Allocation Failure) [PSYoungGen: 407621K->91998K(465920K)] 1416467K->1101109K(1490944K), 0.0128020 secs] [Times: user=0.02 sys=0.00, real=0.01 secs] 
1535.511: [GC (Allocation Failure) [PSYoungGen: 324958K->37874K(465920K)] 1334069K->1047301K(1490944K), 0.0061224 secs] [Times: user=0.02 sys=0.00, real=0.01 secs] 
1535.784: [GC (Allocation Failure) [PSYoungGen: 270834K->184912K(465920K)] 1280261K->1195592K(1490944K), 0.0209961 secs] [Times: user=0.03 sys=0.00, real=0.02 secs] 
1536.071: [GC (Allocation Failure) [PSYoungGen: 417872K->184237K(465920K)] 1428552K->1195191K(1490944K), 0.0206138 secs] [Times: user=0.03 sys=0.00, real=0.02 secs] 
1536.811: [GC (Allocation Failure) [PSYoungGen: 407093K->91644K(465920K)] 1418047K->1102999K(1490944K), 0.0132490 secs] [Times: user=0.03 sys=0.00, real=0.01 secs] 
1537.663: [GC (Allocation Failure) [PSYoungGen: 324604K->38037K(465920K)] 1335959K->1049580K(1490944K), 0.0059581 secs] [Times: user=0.02 sys=0.00, real=0.01 secs] 
1537.932: [GC (Allocation Failure) [PSYoungGen: 270997K->184719K(465920K)] 1282540K->1197515K(1490944K), 0.0206854 secs] [Times: user=0.03 sys=0.00, real=0.02 secs] 
1538.216: [GC (Allocation Failure) [PSYoungGen: 417679K->184687K(465920K)] 1430475K->1197884K(1490944K), 0.0205826 secs] [Times: user=0.03 sys=0.00, real=0.02 secs] 
1539.426: [GC (Allocation Failure) [PSYoungGen: 407121K->91323K(465920K)] 1420318K->1104794K(1490944K), 0.0200296 secs] [Times: user=0.05 sys=0.00, real=0.02 secs] 
1540.456: [GC (Allocation Failure) [PSYoungGen: 324283K->37973K(465920K)] 1337754K->1051621K(1490944K), 0.0074744 secs] [Times: user=0.01 sys=0.00, real=0.01 secs] 
1540.748: [GC (Allocation Failure) [PSYoungGen: 270933K->183787K(465920K)] 1284581K->1198689K(1490944K), 0.0206457 secs] [Times: user=0.03 sys=0.00, real=0.02 secs] 
1541.041: [GC (Allocation Failure) [PSYoungGen: 416747K->184430K(465920K)] 1431649K->1199612K(1490944K), 0.0208907 secs] [Times: user=0.03 sys=0.00, real=0.02 secs] 
1541.908: [GC (Allocation Failure) [PSYoungGen: 409660K->92496K(465920K)] 1424842K->1107951K(1490944K), 0.0129868 secs] [Times: user=0.03 sys=0.00, real=0.01 secs] 
1543.138: [GC (Allocation Failure) [PSYoungGen: 325456K->37684K(465920K)] 1340911K->1053454K(1490944K), 0.0088208 secs] [Times: user=0.03 sys=0.00, real=0.01 secs] 
1543.534: [GC (Allocation Failure) [PSYoungGen: 270644K->184687K(465920K)] 1286414K->1201822K(1490944K), 0.0208484 secs] [Times: user=0.04 sys=0.00, real=0.02 secs] 
1543.864: [GC (Allocation Failure) [PSYoungGen: 417647K->184751K(465920K)] 1434782K->1202039K(1490944K), 0.0205095 secs] [Times: user=0.03 sys=0.00, real=0.02 secs] 
1544.557: [GC (Allocation Failure) [PSYoungGen: 407295K->91628K(465920K)] 1424583K->1109197K(1490944K), 0.0129571 secs] [Times: user=0.03 sys=0.00, real=0.01 secs] 
1546.813: [GC (Allocation Failure) [PSYoungGen: 324588K->37588K(465920K)] 1342157K->1055447K(1490944K), 0.0092936 secs] [Times: user=0.03 sys=0.00, real=0.01 secs] 
1547.141: [GC (Allocation Failure) [PSYoungGen: 270548K->183916K(465920K)] 1288407K->1203028K(1490944K), 0.0207433 secs] [Times: user=0.03 sys=0.00, real=0.02 secs] 
1547.478: [GC (Allocation Failure) [PSYoungGen: 416876K->184430K(465920K)] 1435988K->1203815K(1490944K), 0.0208877 secs] [Times: user=0.03 sys=0.00, real=0.02 secs] 
1548.202: [GC (Allocation Failure) [PSYoungGen: 409629K->92769K(465920K)] 1429014K->1112427K(1490944K), 0.0127960 secs] [Times: user=0.02 sys=0.00, real=0.01 secs] 
1549.101: [GC (Allocation Failure) [PSYoungGen: 325729K->37874K(465920K)] 1345387K->1057838K(1490944K), 0.0060922 secs] [Times: user=0.01 sys=0.00, real=0.00 secs] 
1549.369: [GC (Allocation Failure) [PSYoungGen: 270834K->184044K(465920K)] 1290798K->1205262K(1490944K), 0.0207989 secs] [Times: user=0.03 sys=0.00, real=0.02 secs] 
1549.658: [GC (Allocation Failure) [PSYoungGen: 417004K->184944K(465920K)] 1438222K->1206443K(1490944K), 0.0208686 secs] [Times: user=0.03 sys=0.00, real=0.02 secs] 
1551.357: [GC (Allocation Failure) [PSYoungGen: 408064K->91917K(465920K)] 1429563K->1113681K(1490944K), 0.0217358 secs] [Times: user=0.05 sys=0.00, real=0.02 secs] 
1553.562: [GC (Allocation Failure) [PSYoungGen: 324877K->37716K(465920K)] 1346641K->1059788K(1490944K), 0.0082984 secs] [Times: user=0.02 sys=0.00, real=0.01 secs] 
1553.868: [GC (Allocation Failure) [PSYoungGen: 270676K->185008K(465920K)] 1292748K->1208325K(1490944K), 0.0208123 secs] [Times: user=0.03 sys=0.00, real=0.02 secs] 
1554.159: [GC (Allocation Failure) [PSYoungGen: 417968K->184269K(465920K)] 1441285K->1207876K(1490944K), 0.0209391 secs] [Times: user=0.03 sys=0.00, real=0.02 secs] 
1554.180: [Full GC (Ergonomics) [PSYoungGen: 184269K->0K(465920K)] [ParOldGen: 1023606K->546027K(960512K)] 1207876K->546027K(1426432K), [Metaspace: 55973K->55850K(1101824K)], 0.0561306 secs] [Times: user=0.24 sys=0.00, real=0.05 secs] 
1555.754: [GC (Allocation Failure) [PSYoungGen: 222856K->91805K(465920K)] 768884K->637833K(1426432K), 0.0116881 secs] [Times: user=0.03 sys=0.00, real=0.01 secs] 
1556.711: [GC (Allocation Failure) [PSYoungGen: 324765K->37973K(465920K)] 870793K->584210K(1426432K), 0.0054033 secs] [Times: user=0.02 sys=0.00, real=0.00 secs] 
1556.979: [GC (Allocation Failure) [PSYoungGen: 270933K->184719K(465920K)] 817170K->732209K(1426432K), 0.0203600 secs] [Times: user=0.03 sys=0.00, real=0.02 secs] 
1557.263: [GC (Allocation Failure) [PSYoungGen: 417679K->184623K(465920K)] 965169K->732515K(1426432K), 0.0200625 secs] [Times: user=0.02 sys=0.00, real=0.02 secs] 
1557.945: [GC (Allocation Failure) [PSYoungGen: 407065K->91355K(465920K)] 954958K->639512K(1426432K), 0.0105885 secs] [Times: user=0.02 sys=0.00, real=0.01 secs] 
1558.808: [GC (Allocation Failure) [PSYoungGen: 324315K->37973K(465920K)] 872472K->586316K(1426432K), 0.0059882 secs] [Times: user=0.01 sys=0.00, real=0.00 secs] 
1559.088: [GC (Allocation Failure) [PSYoungGen: 270933K->184719K(465920K)] 819276K->734443K(1426432K), 0.0201585 secs] [Times: user=0.02 sys=0.00, real=0.02 secs] 
1559.377: [GC (Allocation Failure) [PSYoungGen: 417679K->184719K(465920K)] 967403K->734596K(1426432K), 0.0199221 secs] [Times: user=0.02 sys=0.00, real=0.02 secs] 
1560.014: [GC (Allocation Failure) [PSYoungGen: 407273K->91371K(465920K)] 957151K->641513K(1426432K), 0.0098021 secs] [Times: user=0.02 sys=0.00, real=0.01 secs] 
1560.873: [GC (Allocation Failure) [PSYoungGen: 324331K->37845K(465920K)] 874473K->588295K(1426432K), 0.0053191 secs] [Times: user=0.01 sys=0.00, real=0.01 secs] 
1561.143: [GC (Allocation Failure) [PSYoungGen: 270805K->184719K(465920K)] 821255K->736415K(1426432K), 0.0200723 secs] [Times: user=0.02 sys=0.00, real=0.02 secs] 
1561.427: [GC (Allocation Failure) [PSYoungGen: 417679K->184655K(465920K)] 969375K->736624K(1426432K), 0.0254392 secs] [Times: user=0.04 sys=0.00, real=0.03 secs] 
1563.012: [GC (Allocation Failure) [PSYoungGen: 407204K->91484K(465920K)] 959173K->643718K(1426432K), 0.0200690 secs] [Times: user=0.04 sys=0.00, real=0.02 secs] 
1565.125: [GC (Allocation Failure) [PSYoungGen: 324444K->37845K(465920K)] 876678K->590384K(1426432K), 0.0081552 secs] [Times: user=0.02 sys=0.00, real=0.01 secs] 
1565.522: [GC (Allocation Failure) [PSYoungGen: 270805K->183787K(465920K)] 823344K->737580K(1426432K), 0.0206603 secs] [Times: user=0.03 sys=0.00, real=0.02 secs] 
1565.809: [GC (Allocation Failure) [PSYoungGen: 416747K->184462K(465920K)] 970540K->738528K(1426432K), 0.0203521 secs] [Times: user=0.03 sys=0.00, real=0.02 secs] 
1567.202: [GC (Allocation Failure) [PSYoungGen: 409815K->92640K(465920K)] 963881K->646980K(1426432K), 0.0132983 secs] [Times: user=0.02 sys=0.00, real=0.01 secs] 
1569.146: [GC (Allocation Failure) [PSYoungGen: 325600K->37716K(465920K)] 879940K->592361K(1426432K), 0.0076232 secs] [Times: user=0.02 sys=0.00, real=0.01 secs] 
1569.537: [GC (Allocation Failure) [PSYoungGen: 270676K->184687K(465920K)] 825321K->740586K(1426432K), 0.0200315 secs] [Times: user=0.03 sys=0.00, real=0.02 secs] 
1569.882: [GC (Allocation Failure) [PSYoungGen: 417647K->184687K(465920K)] 973546K->740859K(1426432K), 0.0201416 secs] [Times: user=0.03 sys=0.00, real=0.02 secs] 
1571.233: [GC (Allocation Failure) [PSYoungGen: 407260K->91612K(465920K)] 963432K->648049K(1426432K), 0.0166229 secs] [Times: user=0.03 sys=0.00, real=0.02 secs] 
1573.521: [GC (Allocation Failure) [PSYoungGen: 324572K->37845K(465920K)] 881009K->594587K(1426432K), 0.0072921 secs] [Times: user=0.02 sys=0.00, real=0.01 secs] 
1573.836: [GC (Allocation Failure) [PSYoungGen: 270805K->184783K(465920K)] 827547K->742907K(1426432K), 0.0200590 secs] [Times: user=0.03 sys=0.00, real=0.02 secs] 
1574.119: [GC (Allocation Failure) [PSYoungGen: 417743K->184719K(465920K)] 975867K->743124K(1426432K), 0.0201644 secs] [Times: user=0.02 sys=0.00, real=0.02 secs] 
1575.918: [GC (Allocation Failure) [PSYoungGen: 407286K->91484K(465920K)] 965692K->650034K(1426432K), 0.0260400 secs] [Times: user=0.05 sys=0.01, real=0.02 secs] 
1578.020: [GC (Allocation Failure) [PSYoungGen: 324444K->37716K(465920K)] 882994K->596564K(1426432K), 0.0066598 secs] [Times: user=0.02 sys=0.00, real=0.00 secs] 
1578.309: [GC (Allocation Failure) [PSYoungGen: 270676K->184719K(465920K)] 829524K->744820K(1426432K), 0.0202143 secs] [Times: user=0.03 sys=0.00, real=0.02 secs] 
1578.598: [GC (Allocation Failure) [PSYoungGen: 417679K->184623K(465920K)] 977780K->744997K(1426432K), 0.0199263 secs] [Times: user=0.03 sys=0.00, real=0.02 secs] 
1581.637: [GC (Allocation Failure) [PSYoungGen: 407172K->91612K(465920K)] 967546K->652252K(1426432K), 0.0256169 secs] [Times: user=0.05 sys=0.00, real=0.02 secs] 
1583.312: [GC (Allocation Failure) [PSYoungGen: 324572K->38002K(465920K)] 885212K->598948K(1426432K), 0.0054246 secs] [Times: user=0.01 sys=0.00, real=0.01 secs] 
1583.583: [GC (Allocation Failure) [PSYoungGen: 270962K->184976K(465920K)] 831908K->747167K(1426432K), 0.0201276 secs] [Times: user=0.02 sys=0.00, real=0.02 secs] 
1583.866: [GC (Allocation Failure) [PSYoungGen: 417936K->184205K(465920K)] 980127K->746797K(1426432K), 0.0201278 secs] [Times: user=0.02 sys=0.00, real=0.02 secs] 
1585.183: [GC (Allocation Failure) [PSYoungGen: 406935K->91644K(465920K)] 969528K->654405K(1426432K), 0.0193513 secs] [Times: user=0.04 sys=0.00, real=0.02 secs] 
1586.822: [GC (Allocation Failure) [PSYoungGen: 324604K->37684K(465920K)] 887365K->600759K(1426432K), 0.0089051 secs] [Times: user=0.02 sys=0.00, real=0.01 secs] 
1587.157: [GC (Allocation Failure) [PSYoungGen: 270644K->184687K(465920K)] 833719K->749015K(1426432K), 0.0202911 secs] [Times: user=0.03 sys=0.00, real=0.02 secs] 
1587.440: [GC (Allocation Failure) [PSYoungGen: 417647K->184623K(465920K)] 981975K->749353K(1426432K), 0.0202239 secs] [Times: user=0.03 sys=0.00, real=0.02 secs] 
1589.010: [GC (Allocation Failure) [PSYoungGen: 407316K->91660K(465920K)] 972046K->656655K(1426432K), 0.0118759 secs] [Times: user=0.03 sys=0.00, real=0.01 secs] 
1590.096: [GC (Allocation Failure) [PSYoungGen: 324620K->38005K(465920K)] 889615K->603178K(1426432K), 0.0089333 secs] [Times: user=0.02 sys=0.00, real=0.01 secs] 
1590.434: [GC (Allocation Failure) [PSYoungGen: 270965K->184687K(465920K)] 836138K->751105K(1426432K), 0.0201595 secs] [Times: user=0.02 sys=0.00, real=0.02 secs] 
1590.777: [GC (Allocation Failure) [PSYoungGen: 417647K->184623K(465920K)] 984065K->751314K(1426432K), 0.0204631 secs] [Times: user=0.02 sys=0.00, real=0.02 secs] 
1591.428: [GC (Allocation Failure) [PSYoungGen: 407181K->91387K(465920K)] 973872K->658351K(1426432K), 0.0121714 secs] [Times: user=0.02 sys=0.00, real=0.01 secs] 
1592.266: [GC (Allocation Failure) [PSYoungGen: 324347K->38005K(465920K)] 891311K->605285K(1426432K), 0.0053015 secs] [Times: user=0.01 sys=0.00, real=0.01 secs] 
1592.542: [GC (Allocation Failure) [PSYoungGen: 270965K->184687K(465920K)] 838245K->753212K(1426432K), 0.0202876 secs] [Times: user=0.03 sys=0.01, real=0.02 secs] 
1592.827: [GC (Allocation Failure) [PSYoungGen: 417647K->184655K(465920K)] 986172K->753453K(1426432K), 0.0202438 secs] [Times: user=0.02 sys=0.00, real=0.02 secs] 
1594.287: [GC (Allocation Failure) [PSYoungGen: 407234K->91387K(465920K)] 976033K->660459K(1426432K), 0.0154199 secs] [Times: user=0.03 sys=0.00, real=0.01 secs] 
1596.439: [GC (Allocation Failure) [PSYoungGen: 324347K->37845K(465920K)] 893419K->607224K(1426432K), 0.0079206 secs] [Times: user=0.02 sys=0.00, real=0.00 secs] 
1596.765: [GC (Allocation Failure) [PSYoungGen: 270805K->184687K(465920K)] 840184K->755448K(1426432K), 0.0200314 secs] [Times: user=0.03 sys=0.00, real=0.02 secs] 
1597.048: [GC (Allocation Failure) [PSYoungGen: 417647K->184655K(465920K)] 988408K->755561K(1426432K), 0.0201114 secs] [Times: user=0.03 sys=0.00, real=0.02 secs] 
1597.682: [GC (Allocation Failure) [PSYoungGen: 407214K->91516K(465920K)] 978120K->662695K(1426432K), 0.0112815 secs] [Times: user=0.02 sys=0.00, real=0.01 secs] 
1598.510: [GC (Allocation Failure) [PSYoungGen: 324476K->38163K(465920K)] 895655K->609658K(1426432K), 0.0054460 secs] [Times: user=0.01 sys=0.00, real=0.00 secs] 
1598.839: [GC (Allocation Failure) [PSYoungGen: 271123K->184719K(465920K)] 842618K->757588K(1426432K), 0.0201435 secs] [Times: user=0.03 sys=0.00, real=0.02 secs] 
1599.123: [GC (Allocation Failure) [PSYoungGen: 417679K->184719K(465920K)] 990548K->757740K(1426432K), 0.0202499 secs] [Times: user=0.03 sys=0.00, real=0.02 secs] 
1601.148: [GC (Allocation Failure) [PSYoungGen: 407153K->91242K(465920K)] 980174K->664537K(1426432K), 0.0193548 secs] [Times: user=0.03 sys=0.00, real=0.01 secs] 
1603.717: [GC (Allocation Failure) [PSYoungGen: 324202K->37716K(465920K)] 897497K->611311K(1426432K), 0.0078880 secs] [Times: user=0.02 sys=0.00, real=0.01 secs] 
1604.044: [GC (Allocation Failure) [PSYoungGen: 270676K->184751K(465920K)] 844271K->759599K(1426432K), 0.0201217 secs] [Times: user=0.03 sys=0.00, real=0.02 secs] 
1604.385: [GC (Allocation Failure) [PSYoungGen: 417711K->184623K(465920K)] 992559K->759752K(1426432K), 0.0203327 secs] [Times: user=0.03 sys=0.00, real=0.02 secs] 
1605.696: [GC (Allocation Failure) [PSYoungGen: 407182K->91628K(465920K)] 982312K->667030K(1426432K), 0.0145529 secs] [Times: user=0.03 sys=0.00, real=0.02 secs] 
1607.297: [GC (Allocation Failure) [PSYoungGen: 324588K->37877K(465920K)] 899990K->613601K(1426432K), 0.0061446 secs] [Times: user=0.01 sys=0.00, real=0.01 secs] 
1607.572: [GC (Allocation Failure) [PSYoungGen: 270837K->183819K(465920K)] 846561K->760789K(1426432K), 0.0200403 secs] [Times: user=0.03 sys=0.00, real=0.02 secs] 
1607.910: [GC (Allocation Failure) [PSYoungGen: 416779K->184462K(465920K)] 993749K->761704K(1426432K), 0.0200510 secs] [Times: user=0.02 sys=0.00, real=0.02 secs] 
1609.396: [GC (Allocation Failure) [PSYoungGen: 409836K->92672K(465920K)] 987078K->670180K(1426432K), 0.0244230 secs] [Times: user=0.05 sys=0.00, real=0.03 secs] 
1612.071: [GC (Allocation Failure) [PSYoungGen: 325632K->37459K(465920K)] 903140K->615259K(1426432K), 0.0081798 secs] [Times: user=0.02 sys=0.01, real=0.01 secs] 
1612.400: [GC (Allocation Failure) [PSYoungGen: 270419K->184719K(465920K)] 848219K->763772K(1426432K), 0.0201319 secs] [Times: user=0.03 sys=0.00, real=0.02 secs] 
1612.742: [GC (Allocation Failure) [PSYoungGen: 417679K->184687K(465920K)] 996732K->764134K(1426432K), 0.0208159 secs] [Times: user=0.03 sys=0.00, real=0.02 secs] 
1613.559: [GC (Allocation Failure) [PSYoungGen: 409693K->91853K(465920K)] 989140K->671573K(1426432K), 0.0122282 secs] [Times: user=0.02 sys=0.00, real=0.01 secs] 
1615.175: [GC (Allocation Failure) [PSYoungGen: 324813K->37620K(465920K)] 904533K->617519K(1426432K), 0.0060689 secs] [Times: user=0.01 sys=0.00, real=0.01 secs] 
1615.453: [GC (Allocation Failure) [PSYoungGen: 270580K->184815K(465920K)] 850479K->765969K(1426432K), 0.0200561 secs] [Times: user=0.03 sys=0.00, real=0.02 secs] 
1615.738: [GC (Allocation Failure) [PSYoungGen: 417775K->184687K(465920K)] 998929K->766121K(1426432K), 0.0226069 secs] [Times: user=0.04 sys=0.00, real=0.02 secs] 
1616.984: [GC (Allocation Failure) [PSYoungGen: 407151K->91676K(465920K)] 988585K->673392K(1426432K), 0.0119822 secs] [Times: user=0.03 sys=0.00, real=0.01 secs] 
1618.159: [GC (Allocation Failure) [PSYoungGen: 324636K->37588K(465920K)] 906352K->619595K(1426432K), 0.0061576 secs] [Times: user=0.02 sys=0.00, real=0.00 secs] 
1618.435: [GC (Allocation Failure) [PSYoungGen: 270548K->184558K(465920K)] 852555K->767819K(1426432K), 0.0202249 secs] [Times: user=0.03 sys=0.00, real=0.02 secs] 
1618.719: [GC (Allocation Failure) [PSYoungGen: 417518K->184976K(465920K)] 1000779K->768518K(1426432K), 0.0201907 secs] [Times: user=0.03 sys=0.00, real=0.02 secs] 
1619.942: [GC (Allocation Failure) [PSYoungGen: 408047K->91596K(465920K)] 991589K->675411K(1426432K), 0.0132540 secs] [Times: user=0.03 sys=0.00, real=0.01 secs] 
1622.426: [GC (Allocation Failure) [PSYoungGen: 324556K->37299K(465920K)] 908371K->621420K(1426432K), 0.0068953 secs] [Times: user=0.01 sys=0.00, real=0.01 secs] 
1622.729: [GC (Allocation Failure) [PSYoungGen: 270259K->184558K(465920K)] 854380K->769925K(1426432K), 0.0202112 secs] [Times: user=0.03 sys=0.00, real=0.02 secs] 
1623.022: [GC (Allocation Failure) [PSYoungGen: 417518K->184655K(465920K)] 1002885K->770294K(1426432K), 0.0201571 secs] [Times: user=0.02 sys=0.00, real=0.02 secs] 
1624.330: [GC (Allocation Failure) [PSYoungGen: 409710K->92158K(465920K)] 995349K->678191K(1426432K), 0.0157962 secs] [Times: user=0.04 sys=0.00, real=0.01 secs] 
1625.260: [GC (Allocation Failure) [PSYoungGen: 325118K->38037K(465920K)] 911151K->624260K(1426432K), 0.0061724 secs] [Times: user=0.01 sys=0.00, real=0.00 secs] 
1625.535: [GC (Allocation Failure) [PSYoungGen: 270997K->184173K(465920K)] 857220K->771649K(1426432K), 0.0200342 secs] [Times: user=0.02 sys=0.01, real=0.02 secs] 
1625.878: [GC (Allocation Failure) [PSYoungGen: 417133K->184976K(465920K)] 1004609K->772725K(1426432K), 0.0206364 secs] [Times: user=0.03 sys=0.00, real=0.02 secs] 
1627.377: [GC (Allocation Failure) [PSYoungGen: 407878K->91596K(465920K)] 995628K->679618K(1426432K), 0.0202399 secs] [Times: user=0.04 sys=0.00, real=0.03 secs] 
1629.198: [GC (Allocation Failure) [PSYoungGen: 324556K->37588K(465920K)] 912578K->625918K(1426432K), 0.0067512 secs] [Times: user=0.01 sys=0.00, real=0.00 secs] 
1629.496: [GC (Allocation Failure) [PSYoungGen: 270548K->184944K(465920K)] 858878K->774520K(1426432K), 0.0202105 secs] [Times: user=0.03 sys=0.00, real=0.02 secs] 
1629.778: [GC (Allocation Failure) [PSYoungGen: 417904K->183787K(465920K)] 1007480K->773644K(1426432K), 0.0201941 secs] [Times: user=0.02 sys=0.00, real=0.02 secs] 
1632.755: [GC (Allocation Failure) [PSYoungGen: 409311K->92383K(465920K)] 999168K->682505K(1426432K), 0.0242937 secs] [Times: user=0.05 sys=0.00, real=0.03 secs] 
1634.388: [GC (Allocation Failure) [PSYoungGen: 325343K->37780K(465920K)] 915465K->628212K(1426432K), 0.0060359 secs] [Times: user=0.01 sys=0.00, real=0.00 secs] 
1634.666: [GC (Allocation Failure) [PSYoungGen: 270740K->184558K(465920K)] 861172K->776252K(1426432K), 0.0200797 secs] [Times: user=0.02 sys=0.00, real=0.02 secs] 
1635.011: [GC (Allocation Failure) [PSYoungGen: 417518K->184687K(465920K)] 1009212K->776654K(1426432K), 0.0200558 secs] [Times: user=0.02 sys=0.00, real=0.02 secs] 
1635.615: [GC (Allocation Failure) [PSYoungGen: 407391K->91773K(465920K)] 999358K->684141K(1426432K), 0.0119432 secs] [Times: user=0.03 sys=0.00, real=0.01 secs] 
1636.449: [GC (Allocation Failure) [PSYoungGen: 324733K->38005K(465920K)] 917101K->630553K(1426432K), 0.0055336 secs] [Times: user=0.02 sys=0.00, real=0.00 secs] 
1636.783: [GC (Allocation Failure) [PSYoungGen: 270965K->183819K(465920K)] 863513K->777621K(1426432K), 0.0200613 secs] [Times: user=0.02 sys=0.00, real=0.02 secs] 
1637.066: [GC (Allocation Failure) [PSYoungGen: 416779K->184687K(465920K)] 1010581K->778761K(1426432K), 0.0202806 secs] [Times: user=0.03 sys=0.00, real=0.02 secs] 
1638.874: [GC (Allocation Failure) [PSYoungGen: 410117K->92287K(465920K)] 1004192K->686627K(1426432K), 0.0248705 secs] [Times: user=0.05 sys=0.00, real=0.03 secs] 
1640.447: [GC (Allocation Failure) [PSYoungGen: 325247K->37941K(465920K)] 919587K->632587K(1426432K), 0.0073353 secs] [Times: user=0.02 sys=0.00, real=0.01 secs] 
1640.758: [GC (Allocation Failure) [PSYoungGen: 270901K->184430K(465920K)] 865547K->780321K(1426432K), 0.0201174 secs] [Times: user=0.03 sys=0.00, real=0.02 secs] 
1641.045: [GC (Allocation Failure) [PSYoungGen: 417390K->184815K(465920K)] 1013281K->780979K(1426432K), 0.0202539 secs] [Times: user=0.03 sys=0.00, real=0.02 secs] 
1643.516: [GC (Allocation Failure) [PSYoungGen: 407850K->91452K(465920K)] 1004015K->687881K(1426432K), 0.0211704 secs] [Times: user=0.03 sys=0.00, real=0.02 secs] 
1645.133: [GC (Allocation Failure) [PSYoungGen: 324412K->37620K(465920K)] 920841K->634357K(1426432K), 0.0064501 secs] [Times: user=0.01 sys=0.00, real=0.01 secs] 
1645.425: [GC (Allocation Failure) [PSYoungGen: 270580K->184590K(465920K)] 867317K->782718K(1426432K), 0.0201742 secs] [Times: user=0.02 sys=0.00, real=0.02 secs] 
1645.708: [GC (Allocation Failure) [PSYoungGen: 417550K->184558K(465920K)] 1015678K->782967K(1426432K), 0.0201288 secs] [Times: user=0.03 sys=0.00, real=0.02 secs] 
1646.884: [GC (Allocation Failure) [PSYoungGen: 407555K->91998K(465920K)] 1005963K->690543K(1426432K), 0.0238281 secs] [Times: user=0.05 sys=0.00, real=0.03 secs] 
1647.796: [GC (Allocation Failure) [PSYoungGen: 324958K->38034K(465920K)] 923503K->636893K(1426432K), 0.0053876 secs] [Times: user=0.01 sys=0.00, real=0.01 secs] 
1648.124: [GC (Allocation Failure) [PSYoungGen: 270994K->184430K(465920K)] 869853K->784534K(1426432K), 0.0201149 secs] [Times: user=0.02 sys=0.00, real=0.02 secs] 
1648.464: [GC (Allocation Failure) [PSYoungGen: 417390K->184526K(465920K)] 1017494K->784904K(1426432K), 0.0200982 secs] [Times: user=0.03 sys=0.00, real=0.02 secs] 
1649.085: [GC (Allocation Failure) [PSYoungGen: 407071K->91741K(465920K)] 1007448K->692383K(1426432K), 0.0108131 secs] [Times: user=0.02 sys=0.00, real=0.01 secs] 
1649.994: [GC (Allocation Failure) [PSYoungGen: 324701K->37877K(465920K)] 925343K->638837K(1426432K), 0.0055814 secs] [Times: user=0.01 sys=0.00, real=0.01 secs] 
1650.264: [GC (Allocation Failure) [PSYoungGen: 270837K->184462K(465920K)] 871797K->786675K(1426432K), 0.0201951 secs] [Times: user=0.03 sys=0.00, real=0.02 secs] 
1650.547: [GC (Allocation Failure) [PSYoungGen: 417422K->184526K(465920K)] 1019635K->787013K(1426432K), 0.0202392 secs] [Times: user=0.03 sys=0.00, real=0.03 secs] 
1651.494: [GC (Allocation Failure) [PSYoungGen: 407067K->91901K(465920K)] 1009554K->694661K(1426432K), 0.0121756 secs] [Times: user=0.02 sys=0.00, real=0.01 secs] 
1652.302: [GC (Allocation Failure) [PSYoungGen: 324861K->37877K(465920K)] 927621K->640950K(1426432K), 0.0053044 secs] [Times: user=0.01 sys=0.00, real=0.01 secs] 
1652.574: [GC (Allocation Failure) [PSYoungGen: 270837K->184847K(465920K)] 873910K->789158K(1426432K), 0.0202524 secs] [Times: user=0.02 sys=0.00, real=0.02 secs] 
1652.928: [GC (Allocation Failure) [PSYoungGen: 417807K->185008K(465920K)] 1022118K->789592K(1426432K), 0.0202618 secs] [Times: user=0.02 sys=0.00, real=0.02 secs] 
1655.546: [GC (Allocation Failure) [PSYoungGen: 407891K->91130K(465920K)] 1012475K->696116K(1426432K), 0.0184652 secs] [Times: user=0.03 sys=0.00, real=0.02 secs] 
1656.592: [GC (Allocation Failure) [PSYoungGen: 324090K->37973K(465920K)] 929076K->643154K(1426432K), 0.0054152 secs] [Times: user=0.01 sys=0.00, real=0.01 secs] 
1656.860: [GC (Allocation Failure) [PSYoungGen: 270933K->184558K(465920K)] 876114K->790985K(1426432K), 0.0201498 secs] [Times: user=0.03 sys=0.00, real=0.02 secs] 
1657.202: [GC (Allocation Failure) [PSYoungGen: 417518K->184655K(465920K)] 1023945K->791354K(1426432K), 0.0201614 secs] [Times: user=0.03 sys=0.00, real=0.02 secs] 
1658.442: [GC (Allocation Failure) [PSYoungGen: 407119K->91484K(465920K)] 1013818K->698577K(1426432K), 0.0146100 secs] [Times: user=0.03 sys=0.00, real=0.01 secs] 
1660.015: [GC (Allocation Failure) [PSYoungGen: 324444K->37620K(465920K)] 931537K->644898K(1426432K), 0.0061831 secs] [Times: user=0.01 sys=0.00, real=0.01 secs] 
1660.293: [GC (Allocation Failure) [PSYoungGen: 270580K->184719K(465920K)] 877858K->793251K(1426432K), 0.0201299 secs] [Times: user=0.03 sys=0.00, real=0.02 secs] 
1660.576: [GC (Allocation Failure) [PSYoungGen: 417679K->184687K(465920K)] 1026211K->793492K(1426432K), 0.0201514 secs] [Times: user=0.03 sys=0.00, real=0.02 secs] 
1661.303: [GC (Allocation Failure) [PSYoungGen: 407494K->91773K(465920K)] 1016300K->700843K(1426432K), 0.0113056 secs] [Times: user=0.03 sys=0.00, real=0.01 secs] 
1662.759: [GC (Allocation Failure) [PSYoungGen: 324733K->37845K(465920K)] 933803K->647207K(1426432K), 0.0070523 secs] [Times: user=0.02 sys=0.00, real=0.00 secs] 
1663.057: [GC (Allocation Failure) [PSYoungGen: 270805K->183916K(465920K)] 880167K->794531K(1426432K), 0.0202732 secs] [Times: user=0.03 sys=0.00, real=0.03 secs] 
1663.400: [GC (Allocation Failure) [PSYoungGen: 416876K->184462K(465920K)] 1027491K->795350K(1426432K), 0.0202244 secs] [Times: user=0.02 sys=0.00, real=0.02 secs] 
1665.473: [GC (Allocation Failure) [PSYoungGen: 409713K->92544K(465920K)] 1020602K->703706K(1426432K), 0.0191422 secs] [Times: user=0.04 sys=0.00, real=0.02 secs] 
1667.446: [GC (Allocation Failure) [PSYoungGen: 325504K->37941K(465920K)] 936666K->649395K(1426432K), 0.0067432 secs] [Times: user=0.01 sys=0.00, real=0.01 secs] 
1667.740: [GC (Allocation Failure) [PSYoungGen: 270901K->184173K(465920K)] 882355K->796880K(1426432K), 0.0200765 secs] [Times: user=0.03 sys=0.00, real=0.02 secs] 
1668.023: [GC (Allocation Failure) [PSYoungGen: 417133K->184526K(465920K)] 1029840K->797635K(1426432K), 0.0202789 secs] [Times: user=0.03 sys=0.00, real=0.02 secs] 
1669.543: [GC (Allocation Failure) [PSYoungGen: 405076K->92062K(465920K)] 1018185K->705315K(1426432K), 0.0134748 secs] [Times: user=0.03 sys=0.00, real=0.01 secs] 
1671.242: [GC (Allocation Failure) [PSYoungGen: 325022K->37845K(465920K)] 938275K->651404K(1426432K), 0.0087487 secs] [Times: user=0.01 sys=0.00, real=0.01 secs] 
1671.605: [GC (Allocation Failure) [PSYoungGen: 270805K->184301K(465920K)] 884364K->799114K(1426432K), 0.0202437 secs] [Times: user=0.02 sys=0.00, real=0.02 secs] 
1671.887: [GC (Allocation Failure) [PSYoungGen: 417261K->183755K(465920K)] 1032074K->798841K(1426432K), 0.0201480 secs] [Times: user=0.03 sys=0.00, real=0.02 secs] 
1673.071: [GC (Allocation Failure) [PSYoungGen: 408916K->92737K(465920K)] 1024002K->708088K(1426432K), 0.0172259 secs] [Times: user=0.03 sys=0.00, real=0.02 secs] 
1674.015: [GC (Allocation Failure) [PSYoungGen: 325697K->37941K(465920K)] 941048K->653616K(1426432K), 0.0055110 secs] [Times: user=0.02 sys=0.00, real=0.01 secs] 
1674.290: [GC (Allocation Failure) [PSYoungGen: 270901K->184044K(465920K)] 886576K->800981K(1426432K), 0.0201931 secs] [Times: user=0.02 sys=0.00, real=0.02 secs] 
1674.575: [GC (Allocation Failure) [PSYoungGen: 417004K->184655K(465920K)] 1033941K->801865K(1426432K), 0.0203586 secs] [Times: user=0.03 sys=0.00, real=0.02 secs] 
1675.705: [GC (Allocation Failure) [PSYoungGen: 410187K->92142K(465920K)] 1027397K->709625K(1426432K), 0.0255006 secs] [Times: user=0.05 sys=0.00, real=0.03 secs] 
1677.023: [GC (Allocation Failure) [PSYoungGen: 325102K->37874K(465920K)] 942585K->655673K(1426432K), 0.0063548 secs] [Times: user=0.01 sys=0.00, real=0.01 secs] 
1677.299: [GC (Allocation Failure) [PSYoungGen: 270834K->184751K(465920K)] 888633K->803803K(1426432K), 0.0202763 secs] [Times: user=0.02 sys=0.00, real=0.02 secs] 
1677.582: [GC (Allocation Failure) [PSYoungGen: 417711K->184719K(465920K)] 1036763K->804181K(1426432K), 0.0202856 secs] [Times: user=0.02 sys=0.00, real=0.02 secs] 
1678.777: [GC (Allocation Failure) [PSYoungGen: 407159K->91516K(465920K)] 1026621K->711251K(1426432K), 0.0185212 secs] [Times: user=0.04 sys=0.00, real=0.01 secs] 
1680.235: [GC (Allocation Failure) [PSYoungGen: 324476K->37845K(465920K)] 944211K->657759K(1426432K), 0.0066952 secs] [Times: user=0.01 sys=0.00, real=0.01 secs] 
1680.594: [GC (Allocation Failure) [PSYoungGen: 270805K->183658K(465920K)] 890719K->804827K(1426432K), 0.0200317 secs] [Times: user=0.03 sys=0.00, real=0.02 secs] 
1680.956: [GC (Allocation Failure) [PSYoungGen: 416618K->184526K(465920K)] 1037787K->805968K(1426432K), 0.0212995 secs] [Times: user=0.03 sys=0.00, real=0.03 secs] 
1682.443: [GC (Allocation Failure) [PSYoungGen: 408474K->92704K(465920K)] 1029915K->714419K(1426432K), 0.0157091 secs] [Times: user=0.04 sys=0.00, real=0.02 secs] 
1684.550: [GC (Allocation Failure) [PSYoungGen: 325664K->37491K(465920K)] 947379K->659522K(1426432K), 0.0076079 secs] [Times: user=0.02 sys=0.00, real=0.01 secs] 
1684.951: [GC (Allocation Failure) [PSYoungGen: 270451K->184462K(465920K)] 892482K->807746K(1426432K), 0.0201811 secs] [Times: user=0.02 sys=0.00, real=0.02 secs] 
1685.236: [GC (Allocation Failure) [PSYoungGen: 417422K->184590K(465920K)] 1040706K->808276K(1426432K), 0.0202648 secs] [Times: user=0.03 sys=0.00, real=0.02 secs] 
1685.874: [GC (Allocation Failure) [PSYoungGen: 409748K->92223K(465920K)] 1033434K->716045K(1426432K), 0.0120445 secs] [Times: user=0.03 sys=0.00, real=0.01 secs] 
1686.795: [GC (Allocation Failure) [PSYoungGen: 325183K->38005K(465920K)] 949005K->662125K(1426432K), 0.0082385 secs] [Times: user=0.02 sys=0.00, real=0.01 secs] 
1687.143: [GC (Allocation Failure) [PSYoungGen: 270965K->184333K(465920K)] 895085K->809699K(1426432K), 0.0200994 secs] [Times: user=0.03 sys=0.00, real=0.02 secs] 
1687.489: [GC (Allocation Failure) [PSYoungGen: 417293K->184687K(465920K)] 1042659K->810325K(1426432K), 0.0204410 secs] [Times: user=0.03 sys=0.00, real=0.02 secs] 
1689.802: [GC (Allocation Failure) [PSYoungGen: 407507K->91741K(465920K)] 1033146K->717644K(1426432K), 0.0190372 secs] [Times: user=0.04 sys=0.00, real=0.02 secs] 
1692.493: [GC (Allocation Failure) [PSYoungGen: 324701K->37331K(465920K)] 950604K->663548K(1426432K), 0.0074743 secs] [Times: user=0.02 sys=0.00, real=0.01 secs] 
1692.810: [GC (Allocation Failure) [PSYoungGen: 270291K->183722K(465920K)] 896508K->811186K(1426432K), 0.0201278 secs] [Times: user=0.02 sys=0.00, real=0.02 secs] 
1693.100: [GC (Allocation Failure) [PSYoungGen: 416682K->184526K(465920K)] 1044146K->812262K(1426432K), 0.0202278 secs] [Times: user=0.03 sys=0.00, real=0.02 secs] 
1694.061: [GC (Allocation Failure) [PSYoungGen: 408502K->93186K(465920K)] 1036238K->721187K(1426432K), 0.0133072 secs] [Times: user=0.03 sys=0.00, real=0.01 secs] 
1695.500: [GC (Allocation Failure) [PSYoungGen: 326146K->37716K(465920K)] 954147K->666025K(1426432K), 0.0068730 secs] [Times: user=0.01 sys=0.00, real=0.01 secs] 
1695.790: [GC (Allocation Failure) [PSYoungGen: 270676K->184815K(465920K)] 898985K->814378K(1426432K), 0.0202895 secs] [Times: user=0.03 sys=0.00, real=0.02 secs] 
1696.074: [GC (Allocation Failure) [PSYoungGen: 417775K->184173K(465920K)] 1047338K->814016K(1426432K), 0.0201508 secs] [Times: user=0.03 sys=0.00, real=0.02 secs] 
1696.701: [GC (Allocation Failure) [PSYoungGen: 406932K->91998K(465920K)] 1036776K->722106K(1426432K), 0.0108410 secs] [Times: user=0.02 sys=0.00, real=0.01 secs] 
1697.841: [GC (Allocation Failure) [PSYoungGen: 324958K->37874K(465920K)] 955066K->668296K(1426432K), 0.0063038 secs] [Times: user=0.01 sys=0.00, real=0.01 secs] 
1698.199: [GC (Allocation Failure) [PSYoungGen: 270834K->184719K(465920K)] 901256K->816387K(1426432K), 0.0201455 secs] [Times: user=0.02 sys=0.00, real=0.02 secs] 
1698.543: [GC (Allocation Failure) [PSYoungGen: 417679K->184687K(465920K)] 1049347K->816756K(1426432K), 0.0202298 secs] [Times: user=0.02 sys=0.00, real=0.02 secs] 
1699.175: [GC (Allocation Failure) [PSYoungGen: 407133K->91548K(465920K)] 1039202K->723890K(1426432K), 0.0121002 secs] [Times: user=0.02 sys=0.00, real=0.01 secs] 
1700.343: [GC (Allocation Failure) [PSYoungGen: 324508K->37874K(465920K)] 956850K->670412K(1426432K), 0.0063241 secs] [Times: user=0.01 sys=0.00, real=0.01 secs] 
1700.624: [GC (Allocation Failure) [PSYoungGen: 270834K->183787K(465920K)] 903372K->817571K(1426432K), 0.0201243 secs] [Times: user=0.03 sys=0.00, real=0.02 secs] 
1700.913: [GC (Allocation Failure) [PSYoungGen: 416747K->184687K(465920K)] 1050531K->818751K(1426432K), 0.0201148 secs] [Times: user=0.03 sys=0.00, real=0.02 secs] 
1702.425: [GC (Allocation Failure) [PSYoungGen: 410090K->92351K(465920K)] 1044155K->726689K(1426432K), 0.0115909 secs] [Times: user=0.02 sys=0.00, real=0.01 secs] 
1704.283: [GC (Allocation Failure) [PSYoungGen: 325311K->37392K(465920K)] 959649K->672037K(1426432K), 0.0066613 secs] [Times: user=0.02 sys=0.00, real=0.01 secs] 
1704.572: [GC (Allocation Failure) [PSYoungGen: 270352K->184590K(465920K)] 904997K->820489K(1426432K), 0.0203118 secs] [Times: user=0.02 sys=0.00, real=0.02 secs] 
1704.855: [GC (Allocation Failure) [PSYoungGen: 417550K->184237K(465920K)] 1053449K->820409K(1426432K), 0.0201663 secs] [Times: user=0.02 sys=0.00, real=0.02 secs] 
1706.297: [GC (Allocation Failure) [PSYoungGen: 409122K->92528K(465920K)] 1045294K->728981K(1426432K), 0.0134138 secs] [Times: user=0.03 sys=0.00, real=0.01 secs] 
1707.814: [GC (Allocation Failure) [PSYoungGen: 325488K->37488K(465920K)] 961941K->674258K(1426432K), 0.0067433 secs] [Times: user=0.01 sys=0.00, real=0.01 secs] 
1708.176: [GC (Allocation Failure) [PSYoungGen: 270448K->184430K(465920K)] 907218K->822453K(1426432K), 0.0201191 secs] [Times: user=0.02 sys=0.00, real=0.02 secs] 
1708.463: [GC (Allocation Failure) [PSYoungGen: 417390K->184333K(465920K)] 1055413K->822637K(1426432K), 0.0200968 secs] [Times: user=0.02 sys=0.00, real=0.02 secs] 
1709.248: [GC (Allocation Failure) [PSYoungGen: 409496K->92528K(465920K)] 1047800K->731233K(1426432K), 0.0122563 secs] [Times: user=0.02 sys=0.00, real=0.01 secs] 
1711.097: [GC (Allocation Failure) [PSYoungGen: 325488K->37845K(465920K)] 964193K->676730K(1426432K), 0.0073532 secs] [Times: user=0.02 sys=0.00, real=0.01 secs] 
1711.406: [GC (Allocation Failure) [PSYoungGen: 270805K->184205K(465920K)] 909690K->824343K(1426432K), 0.0201766 secs] [Times: user=0.02 sys=0.00, real=0.02 secs] 
1711.697: [GC (Allocation Failure) [PSYoungGen: 417165K->184526K(465920K)] 1057303K->824938K(1426432K), 0.0203853 secs] [Times: user=0.03 sys=0.00, real=0.02 secs] 
1712.331: [GC (Allocation Failure) [PSYoungGen: 407586K->92126K(465920K)] 1047998K->732811K(1426432K), 0.0108776 secs] [Times: user=0.02 sys=0.00, real=0.01 secs] 
1713.662: [GC (Allocation Failure) [PSYoungGen: 325086K->37488K(465920K)] 965771K->678481K(1426432K), 0.0065082 secs] [Times: user=0.02 sys=0.00, real=0.01 secs] 
1713.944: [GC (Allocation Failure) [PSYoungGen: 270448K->184462K(465920K)] 911441K->826708K(1426432K), 0.0203143 secs] [Times: user=0.03 sys=0.00, real=0.02 secs] 
1714.231: [GC (Allocation Failure) [PSYoungGen: 417422K->184526K(465920K)] 1059668K->827070K(1426432K), 0.0202243 secs] [Times: user=0.02 sys=0.00, real=0.02 secs] 
1714.847: [GC (Allocation Failure) [PSYoungGen: 408093K->92239K(465920K)] 1050637K->735047K(1426432K), 0.0110361 secs] [Times: user=0.02 sys=0.00, real=0.02 secs] 
1716.175: [GC (Allocation Failure) [PSYoungGen: 325199K->37556K(465920K)] 968007K->680664K(1426432K), 0.0083568 secs] [Times: user=0.02 sys=0.00, real=0.01 secs] 
1716.503: [GC (Allocation Failure) [PSYoungGen: 270516K->184815K(465920K)] 913624K->829177K(1426432K), 0.0202845 secs] [Times: user=0.03 sys=0.00, real=0.02 secs] 
1716.845: [GC (Allocation Failure) [PSYoungGen: 417775K->183723K(465920K)] 1062137K->828358K(1426432K), 0.0201344 secs] [Times: user=0.03 sys=0.00, real=0.02 secs] 
1718.155: [GC (Allocation Failure) [PSYoungGen: 409254K->92512K(465920K)] 1053890K->737420K(1426432K), 0.0157906 secs] [Times: user=0.03 sys=0.00, real=0.02 secs] 
1719.529: [GC (Allocation Failure) [PSYoungGen: 325472K->37716K(465920K)] 970380K->682948K(1426432K), 0.0089391 secs] [Times: user=0.02 sys=0.00, real=0.01 secs] 
1719.881: [GC (Allocation Failure) [PSYoungGen: 270676K->184076K(465920K)] 915908K->830562K(1426432K), 0.0201831 secs] [Times: user=0.02 sys=0.00, real=0.02 secs] 
1720.167: [GC (Allocation Failure) [PSYoungGen: 417036K->184526K(465920K)] 1063522K->831413K(1426432K), 0.0202445 secs] [Times: user=0.03 sys=0.00, real=0.02 secs] 
1720.837: [GC (Allocation Failure) [PSYoungGen: 409678K->92399K(465920K)] 1056565K->739431K(1426432K), 0.0122905 secs] [Times: user=0.02 sys=0.00, real=0.02 secs] 
1721.666: [GC (Allocation Failure) [PSYoungGen: 325359K->37973K(465920K)] 972391K->685319K(1426432K), 0.0053967 secs] [Times: user=0.01 sys=0.00, real=0.01 secs] 
1721.935: [GC (Allocation Failure) [PSYoungGen: 270933K->184301K(465920K)] 918279K->832900K(1426432K), 0.0200900 secs] [Times: user=0.03 sys=0.00, real=0.02 secs] 
1722.218: [GC (Allocation Failure) [PSYoungGen: 417261K->184655K(465920K)] 1065860K->833527K(1426432K), 0.0201523 secs] [Times: user=0.03 sys=0.00, real=0.02 secs] 
1723.400: [GC (Allocation Failure) [PSYoungGen: 407482K->91741K(465920K)] 1056355K->740878K(1426432K), 0.0159333 secs] [Times: user=0.03 sys=0.00, real=0.01 secs] 
1725.122: [GC (Allocation Failure) [PSYoungGen: 324701K->37620K(465920K)] 973838K->687065K(1426432K), 0.0090764 secs] [Times: user=0.02 sys=0.00, real=0.01 secs] 
1725.527: [GC (Allocation Failure) [PSYoungGen: 270580K->183819K(465920K)] 920025K->834526K(1426432K), 0.0202463 secs] [Times: user=0.02 sys=0.00, real=0.02 secs] 
1725.820: [GC (Allocation Failure) [PSYoungGen: 416779K->184719K(465920K)] 1067486K->835707K(1426432K), 0.0201079 secs] [Times: user=0.02 sys=0.00, real=0.02 secs] 
1727.171: [GC (Allocation Failure) [PSYoungGen: 410276K->92592K(465920K)] 1061264K->743853K(1426432K), 0.0188436 secs] [Times: user=0.04 sys=0.01, real=0.02 secs] 
1729.686: [GC (Allocation Failure) [PSYoungGen: 325552K->37845K(465920K)] 976813K->689403K(1426432K), 0.0074288 secs] [Times: user=0.02 sys=0.00, real=0.01 secs] 
1729.998: [GC (Allocation Failure) [PSYoungGen: 270805K->184558K(465920K)] 922363K->837499K(1426432K), 0.0202751 secs] [Times: user=0.03 sys=0.00, real=0.02 secs] 
1730.281: [GC (Allocation Failure) [PSYoungGen: 417518K->184623K(465920K)] 1070459K->837708K(1426432K), 0.0203858 secs] [Times: user=0.03 sys=0.00, real=0.02 secs] 
1732.421: [GC (Allocation Failure) [PSYoungGen: 407188K->91612K(465920K)] 1060274K->744962K(1426432K), 0.0129117 secs] [Times: user=0.02 sys=0.00, real=0.01 secs] 
1734.029: [GC (Allocation Failure) [PSYoungGen: 324572K->37681K(465920K)] 977922K->691349K(1426432K), 0.0066582 secs] [Times: user=0.02 sys=0.00, real=0.00 secs] 
1734.323: [GC (Allocation Failure) [PSYoungGen: 270641K->184719K(465920K)] 924309K->839648K(1426432K), 0.0202068 secs] [Times: user=0.02 sys=0.00, real=0.02 secs] 
1734.606: [GC (Allocation Failure) [PSYoungGen: 417679K->184719K(465920K)] 1072608K->839929K(1426432K), 0.0200935 secs] [Times: user=0.03 sys=0.00, real=0.02 secs] 
1735.708: [GC (Allocation Failure) [PSYoungGen: 407533K->91709K(465920K)] 1062743K->747184K(1426432K), 0.0124738 secs] [Times: user=0.02 sys=0.00, real=0.01 secs] 
1736.762: [GC (Allocation Failure) [PSYoungGen: 324669K->37973K(465920K)] 980144K->693757K(1426432K), 0.0065098 secs] [Times: user=0.02 sys=0.00, real=0.01 secs] 
1737.044: [GC (Allocation Failure) [PSYoungGen: 270933K->184719K(465920K)] 926717K->841885K(1426432K), 0.0203208 secs] [Times: user=0.02 sys=0.00, real=0.02 secs] 
1737.328: [GC (Allocation Failure) [PSYoungGen: 417679K->184655K(465920K)] 1074845K->841965K(1426432K), 0.0202963 secs] [Times: user=0.03 sys=0.00, real=0.02 secs] 
1738.766: [GC (Allocation Failure) [PSYoungGen: 407209K->91355K(465920K)] 1064520K->748931K(1426432K), 0.0201892 secs] [Times: user=0.05 sys=0.00, real=0.02 secs] 
1740.746: [GC (Allocation Failure) [PSYoungGen: 324315K->37588K(465920K)] 981891K->695471K(1426432K), 0.0075862 secs] [Times: user=0.02 sys=0.00, real=0.01 secs] 
1741.130: [GC (Allocation Failure) [PSYoungGen: 270548K->183819K(465920K)] 928431K->842956K(1426432K), 0.0257884 secs] [Times: user=0.05 sys=0.00, real=0.02 secs] 
1741.423: [GC (Allocation Failure) [PSYoungGen: 416779K->184687K(465920K)] 1075916K->844097K(1426432K), 0.0204723 secs] [Times: user=0.03 sys=0.00, real=0.02 secs] 
1742.138: [GC (Allocation Failure) [PSYoungGen: 410229K->92624K(465920K)] 1069639K->752300K(1426432K), 0.0122811 secs] [Times: user=0.02 sys=0.00, real=0.01 secs] 
1743.621: [GC (Allocation Failure) [PSYoungGen: 325584K->37459K(465920K)] 985260K->697440K(1426432K), 0.0076385 secs] [Times: user=0.02 sys=0.00, real=0.01 secs] 
1744.010: [GC (Allocation Failure) [PSYoungGen: 270419K->184237K(465920K)] 930400K->845471K(1426432K), 0.0201255 secs] [Times: user=0.03 sys=0.00, real=0.02 secs] 
1744.293: [GC (Allocation Failure) [PSYoungGen: 417197K->184526K(465920K)] 1078431K->846186K(1426432K), 0.0203218 secs] [Times: user=0.03 sys=0.00, real=0.02 secs] 
1745.398: [GC (Allocation Failure) [PSYoungGen: 409692K->92512K(465920K)] 1071352K->754317K(1426432K), 0.0147245 secs] [Times: user=0.03 sys=0.00, real=0.01 secs] 
1747.282: [GC (Allocation Failure) [PSYoungGen: 325472K->37588K(465920K)] 987277K->699698K(1426432K), 0.0073698 secs] [Times: user=0.02 sys=0.00, real=0.01 secs] 
1747.664: [GC (Allocation Failure) [PSYoungGen: 270548K->184173K(465920K)] 932658K->847529K(1426432K), 0.0202363 secs] [Times: user=0.03 sys=0.00, real=0.02 secs] 
1747.949: [GC (Allocation Failure) [PSYoungGen: 417133K->184558K(465920K)] 1080489K->848187K(1426432K), 0.0203655 secs] [Times: user=0.03 sys=0.00, real=0.02 secs] 
1749.739: [GC (Allocation Failure) [PSYoungGen: 408167K->92351K(465920K)] 1071796K->756253K(1426432K), 0.0259579 secs] [Times: user=0.05 sys=0.00, real=0.02 secs] 
1752.109: [GC (Allocation Failure) [PSYoungGen: 325311K->37716K(465920K)] 989213K->701916K(1426432K), 0.0076304 secs] [Times: user=0.02 sys=0.00, real=0.00 secs] 
1752.496: [GC (Allocation Failure) [PSYoungGen: 270676K->184430K(465920K)] 934876K->850004K(1426432K), 0.0203614 secs] [Times: user=0.03 sys=0.00, real=0.02 secs] 
1752.840: [GC (Allocation Failure) [PSYoungGen: 417390K->184526K(465920K)] 1082964K->850245K(1426432K), 0.0204582 secs] [Times: user=0.03 sys=0.00, real=0.02 secs] 
1754.691: [GC (Allocation Failure) [PSYoungGen: 407619K->92030K(465920K)] 1073338K->758021K(1426432K), 0.0265162 secs] [Times: user=0.05 sys=0.00, real=0.03 secs] 
1756.893: [GC (Allocation Failure) [PSYoungGen: 324990K->37748K(465920K)] 990981K->704056K(1426432K), 0.0075824 secs] [Times: user=0.02 sys=0.00, real=0.01 secs] 
1757.202: [GC (Allocation Failure) [PSYoungGen: 270708K->184430K(465920K)] 937016K->851983K(1426432K), 0.0203753 secs] [Times: user=0.02 sys=0.00, real=0.02 secs] 
1757.540: [GC (Allocation Failure) [PSYoungGen: 417390K->184301K(465920K)] 1084943K->852128K(1426432K), 0.0202701 secs] [Times: user=0.03 sys=0.00, real=0.02 secs] 
1758.811: [GC (Allocation Failure) [PSYoungGen: 409346K->92239K(465920K)] 1077173K->760459K(1426432K), 0.0209359 secs] [Times: user=0.04 sys=0.00, real=0.02 secs] 
1760.555: [GC (Allocation Failure) [PSYoungGen: 325199K->37716K(465920K)] 993419K->706108K(1426432K), 0.0065297 secs] [Times: user=0.02 sys=0.00, real=0.01 secs] 
1760.839: [GC (Allocation Failure) [PSYoungGen: 270676K->184719K(465920K)] 939068K->854356K(1426432K), 0.0202999 secs] [Times: user=0.02 sys=0.00, real=0.02 secs] 
1761.124: [GC (Allocation Failure) [PSYoungGen: 417679K->184623K(465920K)] 1087316K->854533K(1426432K), 0.0202792 secs] [Times: user=0.02 sys=0.00, real=0.02 secs] 
1763.827: [GC (Allocation Failure) [PSYoungGen: 407223K->91660K(465920K)] 1077133K->761843K(1426432K), 0.0193625 secs] [Times: user=0.04 sys=0.00, real=0.02 secs] 
1765.532: [GC (Allocation Failure) [PSYoungGen: 324620K->37588K(465920K)] 994803K->708079K(1426432K), 0.0064890 secs] [Times: user=0.01 sys=0.00, real=0.01 secs] 
1765.817: [GC (Allocation Failure) [PSYoungGen: 270548K->184719K(465920K)] 941039K->856463K(1426432K), 0.0203509 secs] [Times: user=0.03 sys=0.00, real=0.02 secs] 
1766.101: [GC (Allocation Failure) [PSYoungGen: 417679K->184655K(465920K)] 1089423K->856672K(1426432K), 0.0203190 secs] [Times: user=0.03 sys=0.00, real=0.02 secs] 
1767.148: [GC (Allocation Failure) [PSYoungGen: 407464K->91741K(465920K)] 1079482K->764023K(1426432K), 0.0110236 secs] [Times: user=0.02 sys=0.00, real=0.01 secs] 
1768.694: [GC (Allocation Failure) [PSYoungGen: 324701K->37649K(465920K)] 996983K->710253K(1426432K), 0.0065402 secs] [Times: user=0.01 sys=0.00, real=0.01 secs] 
1769.050: [GC (Allocation Failure) [PSYoungGen: 270609K->183787K(465920K)] 943213K->857637K(1426432K), 0.0201969 secs] [Times: user=0.03 sys=0.00, real=0.02 secs] 
1769.338: [GC (Allocation Failure) [PSYoungGen: 416747K->184462K(465920K)] 1090597K->858585K(1426432K), 0.0200488 secs] [Times: user=0.03 sys=0.00, real=0.02 secs] 
1770.353: [GC (Allocation Failure) [PSYoungGen: 409638K->92897K(465920K)] 1083761K->767414K(1426432K), 0.0140566 secs] [Times: user=0.03 sys=0.00, real=0.01 secs] 
1772.266: [GC (Allocation Failure) [PSYoungGen: 325857K->37491K(465920K)] 1000374K->712187K(1426432K), 0.0069878 secs] [Times: user=0.02 sys=0.00, real=0.01 secs] 
1772.632: [GC (Allocation Failure) [PSYoungGen: 270451K->184687K(465920K)] 945147K->860636K(1426432K), 0.0203348 secs] [Times: user=0.03 sys=0.00, real=0.02 secs] 
1772.972: [GC (Allocation Failure) [PSYoungGen: 417647K->184655K(465920K)] 1093596K->860878K(1426432K), 0.0201744 secs] [Times: user=0.02 sys=0.00, real=0.02 secs] 
1774.360: [GC (Allocation Failure) [PSYoungGen: 407261K->91837K(465920K)] 1083484K->768325K(1426432K), 0.0199334 secs] [Times: user=0.04 sys=0.00, real=0.02 secs] 
1776.782: [GC (Allocation Failure) [PSYoungGen: 324797K->37620K(465920K)] 1001285K->714423K(1426432K), 0.0076400 secs] [Times: user=0.02 sys=0.00, real=0.01 secs] 
1777.098: [GC (Allocation Failure) [PSYoungGen: 270580K->183690K(465920K)] 947383K->861748K(1426432K), 0.0202083 secs] [Times: user=0.03 sys=0.00, real=0.02 secs] 
1777.383: [GC (Allocation Failure) [PSYoungGen: 416650K->184590K(465920K)] 1094708K->862928K(1426432K), 0.0202910 secs] [Times: user=0.03 sys=0.00, real=0.02 secs] 
1779.598: [GC (Allocation Failure) [PSYoungGen: 408538K->92881K(465920K)] 1086876K->771493K(1426432K), 0.0174383 secs] [Times: user=0.04 sys=0.00, real=0.01 secs] 
1782.133: [GC (Allocation Failure) [PSYoungGen: 325841K->37331K(465920K)] 1004453K->716248K(1426432K), 0.0075276 secs] [Times: user=0.02 sys=0.00, real=0.01 secs] 
1782.442: [GC (Allocation Failure) [PSYoungGen: 270291K->184462K(465920K)] 949208K->864624K(1426432K), 0.0202477 secs] [Times: user=0.02 sys=0.00, real=0.02 secs] 
1782.726: [GC (Allocation Failure) [PSYoungGen: 417422K->184944K(465920K)] 1097584K->865387K(1426432K), 0.0204263 secs] [Times: user=0.03 sys=0.00, real=0.02 secs] 
1784.333: [GC (Allocation Failure) [PSYoungGen: 410534K->91998K(465920K)] 1090977K->772843K(1426432K), 0.0266008 secs] [Times: user=0.06 sys=0.00, real=0.03 secs] 
1786.469: [GC (Allocation Failure) [PSYoungGen: 324958K->37877K(465920K)] 1005803K->718909K(1426432K), 0.0077933 secs] [Times: user=0.01 sys=0.00, real=0.00 secs] 
1786.844: [GC (Allocation Failure) [PSYoungGen: 270837K->184590K(465920K)] 951869K->866997K(1426432K), 0.0202956 secs] [Times: user=0.03 sys=0.00, real=0.02 secs] 
1787.135: [GC (Allocation Failure) [PSYoungGen: 417550K->184719K(465920K)] 1099957K->867270K(1426432K), 0.0204389 secs] [Times: user=0.03 sys=0.00, real=0.02 secs] 
1787.756: [GC (Allocation Failure) [PSYoungGen: 407295K->91596K(465920K)] 1089846K->774420K(1426432K), 0.0124035 secs] [Times: user=0.02 sys=0.00, real=0.02 secs] 
1788.968: [GC (Allocation Failure) [PSYoungGen: 324556K->37845K(465920K)] 1007380K->720975K(1426432K), 0.0078297 secs] [Times: user=0.02 sys=0.00, real=0.00 secs] 
1789.365: [GC (Allocation Failure) [PSYoungGen: 270805K->183948K(465920K)] 953935K->868323K(1426432K), 0.0201744 secs] [Times: user=0.02 sys=0.00, real=0.02 secs] 
1789.652: [GC (Allocation Failure) [PSYoungGen: 416908K->184462K(465920K)] 1101283K->869239K(1426432K), 0.0203843 secs] [Times: user=0.02 sys=0.00, real=0.02 secs] 
1790.975: [GC (Allocation Failure) [PSYoungGen: 409699K->92528K(465920K)] 1094476K->777449K(1426432K), 0.0196122 secs] [Times: user=0.04 sys=0.00, real=0.02 secs] 
1793.232: [GC (Allocation Failure) [PSYoungGen: 325488K->37845K(465920K)] 1010409K->723074K(1426432K), 0.0077232 secs] [Times: user=0.02 sys=0.00, real=0.01 secs] 
1793.542: [GC (Allocation Failure) [PSYoungGen: 270805K->184719K(465920K)] 956034K->871194K(1426432K), 0.0202934 secs] [Times: user=0.02 sys=0.00, real=0.02 secs] 
1793.882: [GC (Allocation Failure) [PSYoungGen: 417679K->184590K(465920K)] 1104154K->871475K(1426432K), 0.0203420 secs] [Times: user=0.03 sys=0.00, real=0.02 secs] 
1795.128: [GC (Allocation Failure) [PSYoungGen: 407052K->91548K(465920K)] 1093937K->778585K(1426432K), 0.0168951 secs] [Times: user=0.04 sys=0.01, real=0.01 secs] 
1797.430: [GC (Allocation Failure) [PSYoungGen: 324508K->37748K(465920K)] 1011545K->725091K(1426432K), 0.0077922 secs] [Times: user=0.02 sys=0.00, real=0.01 secs] 
1797.750: [GC (Allocation Failure) [PSYoungGen: 270708K->184462K(465920K)] 958051K->873187K(1426432K), 0.0203482 secs] [Times: user=0.03 sys=0.00, real=0.02 secs] 
1798.033: [GC (Allocation Failure) [PSYoungGen: 417422K->184622K(465920K)] 1106147K->873492K(1426432K), 0.0203062 secs] [Times: user=0.02 sys=0.00, real=0.02 secs] 
1799.540: [GC (Allocation Failure) [PSYoungGen: 407684K->91982K(465920K)] 1096554K->781116K(1426432K), 0.0139091 secs] [Times: user=0.03 sys=0.00, real=0.01 secs] 
1801.999: [GC (Allocation Failure) [PSYoungGen: 324942K->37491K(465920K)] 1014076K->726942K(1426432K), 0.0074852 secs] [Times: user=0.02 sys=0.00, real=0.00 secs] 
1802.306: [GC (Allocation Failure) [PSYoungGen: 270451K->184462K(465920K)] 959902K->875295K(1426432K), 0.0203424 secs] [Times: user=0.03 sys=0.00, real=0.02 secs] 
1802.649: [GC (Allocation Failure) [PSYoungGen: 417422K->184526K(465920K)] 1108255K->875504K(1426432K), 0.0203563 secs] [Times: user=0.03 sys=0.00, real=0.02 secs] 
1803.865: [GC (Allocation Failure) [PSYoungGen: 408131K->92255K(465920K)] 1099109K->783497K(1426432K), 0.0138130 secs] [Times: user=0.03 sys=0.00, real=0.02 secs] 
1805.349: [GC (Allocation Failure) [PSYoungGen: 325215K->37716K(465920K)] 1016457K->729275K(1426432K), 0.0068529 secs] [Times: user=0.02 sys=0.00, real=0.00 secs] 
1805.643: [GC (Allocation Failure) [PSYoungGen: 270676K->184430K(465920K)] 962235K->877362K(1426432K), 0.0203335 secs] [Times: user=0.02 sys=0.00, real=0.02 secs] 
1805.929: [GC (Allocation Failure) [PSYoungGen: 417390K->184558K(465920K)] 1110322K->877635K(1426432K), 0.0202192 secs] [Times: user=0.03 sys=0.00, real=0.02 secs] 
1807.256: [GC (Allocation Failure) [PSYoungGen: 407616K->92062K(465920K)] 1100693K->785412K(1426432K), 0.0197252 secs] [Times: user=0.04 sys=0.00, real=0.02 secs] 
1808.234: [GC (Allocation Failure) [PSYoungGen: 325022K->37909K(465920K)] 1018372K->731575K(1426432K), 0.0055628 secs] [Times: user=0.01 sys=0.00, real=0.01 secs] 
1808.503: [GC (Allocation Failure) [PSYoungGen: 270869K->184976K(465920K)] 964535K->879880K(1426432K), 0.0204309 secs] [Times: user=0.03 sys=0.00, real=0.02 secs] 
1808.786: [GC (Allocation Failure) [PSYoungGen: 417936K->184237K(465920K)] 1112840K->879422K(1426432K), 0.0201676 secs] [Times: user=0.03 sys=0.00, real=0.02 secs] 
1810.641: [GC (Allocation Failure) [PSYoungGen: 407087K->91628K(465920K)] 1102272K->787215K(1426432K), 0.0192511 secs] [Times: user=0.05 sys=0.00, real=0.02 secs] 
1812.540: [GC (Allocation Failure) [PSYoungGen: 324588K->37845K(465920K)] 1020175K->733609K(1426432K), 0.0077854 secs] [Times: user=0.02 sys=0.00, real=0.01 secs] 
1812.855: [GC (Allocation Failure) [PSYoungGen: 270805K->184687K(465920K)] 966569K->881704K(1426432K), 0.0202776 secs] [Times: user=0.03 sys=0.00, real=0.02 secs] 
1813.139: [GC (Allocation Failure) [PSYoungGen: 417647K->184719K(465920K)] 1114664K->882146K(1426432K), 0.0202513 secs] [Times: user=0.03 sys=0.00, real=0.02 secs] 
1814.457: [GC (Allocation Failure) [PSYoungGen: 407194K->91484K(465920K)] 1104621K->789176K(1426432K), 0.0190904 secs] [Times: user=0.05 sys=0.01, real=0.02 secs] 
1815.707: [GC (Allocation Failure) [PSYoungGen: 324444K->37777K(465920K)] 1022136K->735657K(1426432K), 0.0057906 secs] [Times: user=0.02 sys=0.00, real=0.00 secs] 
1816.033: [GC (Allocation Failure) [PSYoungGen: 270737K->183787K(465920K)] 968617K->882904K(1426432K), 0.0204129 secs] [Times: user=0.03 sys=0.00, real=0.02 secs] 
1816.377: [GC (Allocation Failure) [PSYoungGen: 416747K->184366K(465920K)] 1115864K->883756K(1426432K), 0.0204058 secs] [Times: user=0.03 sys=0.01, real=0.03 secs] 
1818.086: [GC (Allocation Failure) [PSYoungGen: 409594K->92769K(465920K)] 1108984K->792424K(1426432K), 0.0189016 secs] [Times: user=0.03 sys=0.00, real=0.02 secs] 
1820.019: [GC (Allocation Failure) [PSYoungGen: 325729K->37716K(465920K)] 1025384K->737687K(1426432K), 0.0076074 secs] [Times: user=0.01 sys=0.00, real=0.00 secs] 
1820.399: [GC (Allocation Failure) [PSYoungGen: 270676K->184687K(465920K)] 970647K->885911K(1426432K), 0.0202583 secs] [Times: user=0.03 sys=0.00, real=0.02 secs] 
1820.682: [GC (Allocation Failure) [PSYoungGen: 417647K->184751K(465920K)] 1118871K->886377K(1426432K), 0.0203341 secs] [Times: user=0.02 sys=0.00, real=0.02 secs] 
1821.598: [GC (Allocation Failure) [PSYoungGen: 407447K->91612K(465920K)] 1109073K->793511K(1426432K), 0.0133630 secs] [Times: user=0.02 sys=0.00, real=0.01 secs] 
1822.461: [GC (Allocation Failure) [PSYoungGen: 324572K->38005K(465920K)] 1026471K->740097K(1426432K), 0.0055422 secs] [Times: user=0.01 sys=0.00, real=0.00 secs] 
1822.730: [GC (Allocation Failure) [PSYoungGen: 270965K->183948K(465920K)] 973057K->887285K(1426432K), 0.0203336 secs] [Times: user=0.03 sys=0.00, real=0.02 secs] 
1823.015: [GC (Allocation Failure) [PSYoungGen: 416908K->184398K(465920K)] 1120245K->888137K(1426432K), 0.0203477 secs] [Times: user=0.02 sys=0.00, real=0.02 secs] 
1825.607: [GC (Allocation Failure) [PSYoungGen: 409656K->92415K(465920K)] 1113396K->796291K(1426432K), 0.0189619 secs] [Times: user=0.04 sys=0.00, real=0.02 secs] 
1827.189: [GC (Allocation Failure) [PSYoungGen: 325375K->37845K(465920K)] 1029251K->742036K(1426432K), 0.0070942 secs] [Times: user=0.02 sys=0.00, real=0.00 secs] 
1827.493: [GC (Allocation Failure) [PSYoungGen: 270805K->184719K(465920K)] 974996K->890164K(1426432K), 0.0202836 secs] [Times: user=0.03 sys=0.00, real=0.02 secs] 
1827.838: [GC (Allocation Failure) [PSYoungGen: 417679K->184687K(465920K)] 1123124K->890541K(1426432K), 0.0203297 secs] [Times: user=0.03 sys=0.00, real=0.02 secs] 
1829.829: [GC (Allocation Failure) [PSYoungGen: 407126K->91516K(465920K)] 1112981K->797643K(1426432K), 0.0248974 secs] [Times: user=0.05 sys=0.00, real=0.02 secs] 
1831.935: [GC (Allocation Failure) [PSYoungGen: 324476K->37745K(465920K)] 1030603K->744053K(1426432K), 0.0070688 secs] [Times: user=0.01 sys=0.00, real=0.01 secs] 
1832.235: [GC (Allocation Failure) [PSYoungGen: 270705K->184687K(465920K)] 977013K->892240K(1426432K), 0.0202410 secs] [Times: user=0.03 sys=0.00, real=0.02 secs] 
1832.520: [GC (Allocation Failure) [PSYoungGen: 417647K->184655K(465920K)] 1125200K->892481K(1426432K), 0.0201983 secs] [Times: user=0.03 sys=0.00, real=0.02 secs] 
1833.249: [GC (Allocation Failure) [PSYoungGen: 407209K->91612K(465920K)] 1115035K->799703K(1426432K), 0.0112260 secs] [Times: user=0.03 sys=0.00, real=0.01 secs] 
1834.649: [GC (Allocation Failure) [PSYoungGen: 324572K->37748K(465920K)] 1032663K->746155K(1426432K), 0.0068788 secs] [Times: user=0.02 sys=0.00, real=0.00 secs] 
1834.942: [GC (Allocation Failure) [PSYoungGen: 270708K->183819K(465920K)] 979115K->893488K(1426432K), 0.0201744 secs] [Times: user=0.03 sys=0.00, real=0.02 secs] 
1835.226: [GC (Allocation Failure) [PSYoungGen: 416779K->184687K(465920K)] 1126448K->894628K(1426432K), 0.0203091 secs] [Times: user=0.03 sys=0.00, real=0.02 secs] 
1836.427: [GC (Allocation Failure) [PSYoungGen: 410093K->92544K(465920K)] 1120035K->802751K(1426432K), 0.0247963 secs] [Times: user=0.05 sys=0.00, real=0.03 secs] 
1837.581: [GC (Allocation Failure) [PSYoungGen: 325504K->38002K(465920K)] 1035711K->748523K(1426432K), 0.0055419 secs] [Times: user=0.01 sys=0.00, real=0.00 secs] 
1837.851: [GC (Allocation Failure) [PSYoungGen: 270962K->184590K(465920K)] 981483K->896493K(1426432K), 0.0205012 secs] [Times: user=0.03 sys=0.00, real=0.02 secs] 
1838.198: [GC (Allocation Failure) [PSYoungGen: 417550K->184719K(465920K)] 1129453K->896774K(1426432K), 0.0222646 secs] [Times: user=0.03 sys=0.00, real=0.02 secs] 
1840.326: [GC (Allocation Failure) [PSYoungGen: 407289K->91499K(465920K)] 1119344K->803828K(1426432K), 0.0189695 secs] [Times: user=0.04 sys=0.00, real=0.02 secs] 
1841.422: [GC (Allocation Failure) [PSYoungGen: 324459K->38002K(465920K)] 1036788K->750639K(1426432K), 0.0084399 secs] [Times: user=0.02 sys=0.00, real=0.01 secs] 
1841.746: [GC (Allocation Failure) [PSYoungGen: 270962K->183787K(465920K)] 983599K->897669K(1426432K), 0.0202484 secs] [Times: user=0.02 sys=0.00, real=0.02 secs] 
1842.035: [GC (Allocation Failure) [PSYoungGen: 416747K->184430K(465920K)] 1130629K->898593K(1426432K), 0.0202906 secs] [Times: user=0.02 sys=0.00, real=0.02 secs] 
1843.966: [GC (Allocation Failure) [PSYoungGen: 409693K->92528K(465920K)] 1123856K->806964K(1426432K), 0.0218086 secs] [Times: user=0.04 sys=0.00, real=0.03 secs] 
1845.896: [GC (Allocation Failure) [PSYoungGen: 325488K->37845K(465920K)] 1039924K->752588K(1426432K), 0.0073427 secs] [Times: user=0.01 sys=0.00, real=0.01 secs] 
1846.195: [GC (Allocation Failure) [PSYoungGen: 270805K->184719K(465920K)] 985548K->900708K(1426432K), 0.0205977 secs] [Times: user=0.03 sys=0.00, real=0.02 secs] 
1846.479: [GC (Allocation Failure) [PSYoungGen: 417679K->184687K(465920K)] 1133668K->900957K(1426432K), 0.0205509 secs] [Times: user=0.02 sys=0.00, real=0.02 secs] 
1847.358: [GC (Allocation Failure) [PSYoungGen: 407260K->91484K(465920K)] 1123531K->808019K(1426432K), 0.0264430 secs] [Times: user=0.06 sys=0.01, real=0.02 secs] 
1848.882: [GC (Allocation Failure) [PSYoungGen: 324444K->37845K(465920K)] 1040979K->754678K(1426432K), 0.0072985 secs] [Times: user=0.01 sys=0.00, real=0.01 secs] 
1849.255: [GC (Allocation Failure) [PSYoungGen: 270805K->183787K(465920K)] 987638K->901874K(1426432K), 0.0204993 secs] [Times: user=0.03 sys=0.00, real=0.02 secs] 
1849.538: [GC (Allocation Failure) [PSYoungGen: 416747K->184655K(465920K)] 1134834K->903014K(1426432K), 0.0205345 secs] [Times: user=0.03 sys=0.00, real=0.02 secs] 
1851.036: [GC (Allocation Failure) [PSYoungGen: 410070K->92367K(465920K)] 1128430K->810992K(1426432K), 0.0270273 secs] [Times: user=0.06 sys=0.00, real=0.03 secs] 
1852.798: [GC (Allocation Failure) [PSYoungGen: 325327K->37845K(465920K)] 1043952K->756783K(1426432K), 0.0072402 secs] [Times: user=0.02 sys=0.00, real=0.00 secs] 
1853.175: [GC (Allocation Failure) [PSYoungGen: 270805K->184558K(465920K)] 989743K->904742K(1426432K), 0.0203437 secs] [Times: user=0.03 sys=0.00, real=0.02 secs] 
1853.457: [GC (Allocation Failure) [PSYoungGen: 417518K->184301K(465920K)] 1137702K->904758K(1426432K), 0.0202747 secs] [Times: user=0.02 sys=0.00, real=0.03 secs] 
1854.196: [GC (Allocation Failure) [PSYoungGen: 404607K->91998K(465920K)] 1125064K->812720K(1426432K), 0.0125694 secs] [Times: user=0.02 sys=0.00, real=0.02 secs] 
1855.028: [GC (Allocation Failure) [PSYoungGen: 324958K->38005K(465920K)] 1045680K->759046K(1426432K), 0.0055499 secs] [Times: user=0.01 sys=0.00, real=0.00 secs] 
1855.300: [GC (Allocation Failure) [PSYoungGen: 270965K->186357K(465920K)] 992006K->908643K(1426432K), 0.0206232 secs] [Times: user=0.02 sys=0.00, real=0.02 secs] 
1855.644: [GC (Allocation Failure) [PSYoungGen: 419317K->186068K(465920K)] 1141603K->908627K(1426432K), 0.0207152 secs] [Times: user=0.03 sys=0.00, real=0.02 secs] 
1856.723: [GC (Allocation Failure) [PSYoungGen: 405388K->88270K(465920K)] 1127947K->811231K(1426432K), 0.0194169 secs] [Times: user=0.04 sys=0.00, real=0.02 secs] 
1858.255: [GC (Allocation Failure) [PSYoungGen: 321230K->37973K(465920K)] 1044191K->761119K(1426432K), 0.0070521 secs] [Times: user=0.01 sys=0.00, real=0.01 secs] 
1858.623: [GC (Allocation Failure) [PSYoungGen: 270933K->184205K(465920K)] 994079K->908596K(1426432K), 0.0204528 secs] [Times: user=0.03 sys=0.00, real=0.02 secs] 
1858.968: [GC (Allocation Failure) [PSYoungGen: 417165K->184430K(465920K)] 1141556K->909215K(1426432K), 0.0203747 secs] [Times: user=0.03 sys=0.00, real=0.02 secs] 
1860.125: [GC (Allocation Failure) [PSYoungGen: 407532K->92126K(465920K)] 1132317K->817056K(1426432K), 0.0127770 secs] [Times: user=0.02 sys=0.00, real=0.02 secs] 
1860.931: [GC (Allocation Failure) [PSYoungGen: 325086K->37973K(465920K)] 1050016K->763216K(1426432K), 0.0056600 secs] [Times: user=0.01 sys=0.00, real=0.00 secs] 
1861.199: [GC (Allocation Failure) [PSYoungGen: 270933K->184430K(465920K)] 996176K->911047K(1426432K), 0.0203447 secs] [Times: user=0.02 sys=0.00, real=0.02 secs] 
1861.541: [GC (Allocation Failure) [PSYoungGen: 417390K->184526K(465920K)] 1144007K->911288K(1426432K), 0.0204276 secs] [Times: user=0.03 sys=0.00, real=0.02 secs] 
1863.316: [GC (Allocation Failure) [PSYoungGen: 407084K->91741K(465920K)] 1133846K->818767K(1426432K), 0.0138462 secs] [Times: user=0.03 sys=0.00, real=0.02 secs] 
1864.753: [GC (Allocation Failure) [PSYoungGen: 324701K->37520K(465920K)] 1051727K->764855K(1426432K), 0.0066411 secs] [Times: user=0.01 sys=0.00, real=0.01 secs] 
1865.038: [GC (Allocation Failure) [PSYoungGen: 270480K->184719K(465920K)] 997815K->913299K(1426432K), 0.0204641 secs] [Times: user=0.02 sys=0.00, real=0.02 secs] 
1865.324: [GC (Allocation Failure) [PSYoungGen: 417679K->186486K(465920K)] 1146259K->915476K(1426432K), 0.0205988 secs] [Times: user=0.02 sys=0.00, real=0.02 secs] 
1866.241: [GC (Allocation Failure) [PSYoungGen: 408275K->90070K(465920K)] 1137265K->819325K(1426432K), 0.0110107 secs] [Times: user=0.02 sys=0.00, real=0.01 secs] 
1867.291: [GC (Allocation Failure) [PSYoungGen: 323030K->38002K(465920K)] 1052285K->767427K(1426432K), 0.0065418 secs] [Times: user=0.01 sys=0.00, real=0.01 secs] 
1867.570: [GC (Allocation Failure) [PSYoungGen: 270962K->184719K(465920K)] 1000387K->915389K(1426432K), 0.0203089 secs] [Times: user=0.03 sys=0.00, real=0.02 secs] 
1867.853: [GC (Allocation Failure) [PSYoungGen: 417679K->184205K(465920K)] 1148349K->915148K(1426432K), 0.0202205 secs] [Times: user=0.03 sys=0.00, real=0.02 secs] 
1868.723: [GC (Allocation Failure) [PSYoungGen: 406968K->91901K(465920K)] 1137911K->823109K(1426432K), 0.0132214 secs] [Times: user=0.02 sys=0.00, real=0.01 secs] 
1869.545: [GC (Allocation Failure) [PSYoungGen: 324861K->38131K(465920K)] 1056069K->769639K(1426432K), 0.0065725 secs] [Times: user=0.02 sys=0.00, real=0.01 secs] 
1869.820: [GC (Allocation Failure) [PSYoungGen: 271091K->184751K(465920K)] 1002599K->917497K(1426432K), 0.0203599 secs] [Times: user=0.03 sys=0.00, real=0.02 secs] 
1870.104: [GC (Allocation Failure) [PSYoungGen: 417711K->184719K(465920K)] 1150457K->917866K(1426432K), 0.0205051 secs] [Times: user=0.03 sys=0.00, real=0.02 secs] 
1870.784: [GC (Allocation Failure) [PSYoungGen: 407164K->91194K(465920K)] 1140311K->824607K(1426432K), 0.0114669 secs] [Times: user=0.03 sys=0.00, real=0.01 secs] 
1872.206: [GC (Allocation Failure) [PSYoungGen: 324154K->37488K(465920K)] 1057567K->771072K(1426432K), 0.0065558 secs] [Times: user=0.01 sys=0.00, real=0.01 secs] 
1872.486: [GC (Allocation Failure) [PSYoungGen: 270448K->183948K(465920K)] 1004032K->918777K(1426432K), 0.0204450 secs] [Times: user=0.03 sys=0.00, real=0.02 secs] 
1872.774: [GC (Allocation Failure) [PSYoungGen: 416908K->184366K(465920K)] 1151737K->919468K(1426432K), 0.0202410 secs] [Times: user=0.03 sys=0.00, real=0.02 secs] 
1874.549: [GC (Allocation Failure) [PSYoungGen: 408206K->92897K(465920K)] 1143309K->828265K(1426432K), 0.0204217 secs] [Times: user=0.04 sys=0.00, real=0.02 secs] 
1876.424: [GC (Allocation Failure) [PSYoungGen: 325857K->37620K(465920K)] 1061225K->773295K(1426432K), 0.0073132 secs] [Times: user=0.02 sys=0.00, real=0.01 secs] 
1876.723: [GC (Allocation Failure) [PSYoungGen: 270580K->184430K(465920K)] 1006255K->921351K(1426432K), 0.0206747 secs] [Times: user=0.03 sys=0.00, real=0.02 secs] 
1877.008: [GC (Allocation Failure) [PSYoungGen: 417390K->184301K(465920K)] 1154311K->921495K(1426432K), 0.0204312 secs] [Times: user=0.03 sys=0.00, real=0.02 secs] 
1878.715: [GC (Allocation Failure) [PSYoungGen: 409344K->92351K(465920K)] 1146538K->829939K(1426432K), 0.0201397 secs] [Times: user=0.04 sys=0.00, real=0.02 secs] 
1880.120: [GC (Allocation Failure) [PSYoungGen: 325311K->37845K(465920K)] 1062899K->775604K(1426432K), 0.0067677 secs] [Times: user=0.02 sys=0.00, real=0.00 secs] 
1880.403: [GC (Allocation Failure) [PSYoungGen: 270805K->184687K(465920K)] 1008564K->923812K(1426432K), 0.0203616 secs] [Times: user=0.03 sys=0.00, real=0.02 secs] 
1880.741: [GC (Allocation Failure) [PSYoungGen: 417647K->184719K(465920K)] 1156772K->924117K(1426432K), 0.0203588 secs] [Times: user=0.03 sys=0.00, real=0.02 secs] 
1882.036: [GC (Allocation Failure) [PSYoungGen: 407150K->91452K(465920K)] 1146548K->831115K(1426432K), 0.0161170 secs] [Times: user=0.03 sys=0.00, real=0.02 secs] 
1883.748: [GC (Allocation Failure) [PSYoungGen: 324412K->37906K(465920K)] 1064075K->777770K(1426432K), 0.0070355 secs] [Times: user=0.01 sys=0.00, real=0.00 secs] 
1884.042: [GC (Allocation Failure) [PSYoungGen: 270866K->183722K(465920K)] 1010730K->924833K(1426432K), 0.0203277 secs] [Times: user=0.03 sys=0.00, real=0.02 secs] 
1884.326: [GC (Allocation Failure) [PSYoungGen: 416682K->184655K(465920K)] 1157793K->926054K(1426432K), 0.0204887 secs] [Times: user=0.03 sys=0.00, real=0.02 secs] 
1884.967: [GC (Allocation Failure) [PSYoungGen: 410054K->92480K(465920K)] 1151453K->834273K(1426432K), 0.0118064 secs] [Times: user=0.02 sys=0.00, real=0.02 secs] 
1885.965: [GC (Allocation Failure) [PSYoungGen: 325440K->37877K(465920K)] 1067233K->779847K(1426432K), 0.0067630 secs] [Times: user=0.02 sys=0.00, real=0.01 secs] 
1886.247: [GC (Allocation Failure) [PSYoungGen: 270837K->184173K(465920K)] 1012807K->927388K(1426432K), 0.0203517 secs] [Times: user=0.03 sys=0.00, real=0.03 secs] 
1886.589: [GC (Allocation Failure) [PSYoungGen: 417133K->184558K(465920K)] 1160348K->928047K(1426432K), 0.0205203 secs] [Times: user=0.02 sys=0.00, real=0.02 secs] 
1887.310: [GC (Allocation Failure) [PSYoungGen: 409712K->92126K(465920K)] 1153200K->835880K(1426432K), 0.0122151 secs] [Times: user=0.02 sys=0.00, real=0.01 secs] 
1888.953: [GC (Allocation Failure) [PSYoungGen: 325086K->37617K(465920K)] 1068840K->781676K(1426432K), 0.0076682 secs] [Times: user=0.02 sys=0.00, real=0.01 secs] 
1889.262: [GC (Allocation Failure) [PSYoungGen: 270577K->184847K(465920K)] 1014636K->930152K(1426432K), 0.0204056 secs] [Times: user=0.02 sys=0.00, real=0.02 secs] 
1889.553: [GC (Allocation Failure) [PSYoungGen: 417807K->184655K(465920K)] 1163112K->930233K(1426432K), 0.0204044 secs] [Times: user=0.02 sys=0.00, real=0.02 secs] 
1890.172: [GC (Allocation Failure) [PSYoungGen: 407122K->91628K(465920K)] 1152701K->837471K(1426432K), 0.0108491 secs] [Times: user=0.02 sys=0.00, real=0.01 secs] 
1890.982: [GC (Allocation Failure) [PSYoungGen: 324588K->37845K(465920K)] 1070431K->784010K(1426432K), 0.0056012 secs] [Times: user=0.02 sys=0.01, real=0.01 secs] 
1891.250: [GC (Allocation Failure) [PSYoungGen: 270805K->183690K(465920K)] 1016970K->931101K(1426432K), 0.0202354 secs] [Times: user=0.02 sys=0.00, real=0.02 secs] 
1891.594: [GC (Allocation Failure) [PSYoungGen: 416650K->184398K(465920K)] 1164061K->932081K(1426432K), 0.0202917 secs] [Times: user=0.03 sys=0.00, real=0.02 secs] 
1892.526: [GC (Allocation Failure) [PSYoungGen: 408447K->92785K(465920K)] 1156131K->840741K(1426432K), 0.0126990 secs] [Times: user=0.02 sys=0.00, real=0.02 secs] 
1894.234: [GC (Allocation Failure) [PSYoungGen: 325745K->37780K(465920K)] 1073701K->786047K(1426432K), 0.0065609 secs] [Times: user=0.02 sys=0.00, real=0.01 secs] 
1894.512: [GC (Allocation Failure) [PSYoungGen: 270740K->184430K(465920K)] 1019007K->933950K(1426432K), 0.0204319 secs] [Times: user=0.03 sys=0.00, real=0.02 secs] 
1894.798: [GC (Allocation Failure) [PSYoungGen: 417390K->184590K(465920K)] 1166910K->934512K(1426432K), 0.0206247 secs] [Times: user=0.02 sys=0.00, real=0.02 secs] 
1895.505: [GC (Allocation Failure) [PSYoungGen: 405134K->92030K(465920K)] 1155056K->842088K(1426432K), 0.0113604 secs] [Times: user=0.03 sys=0.00, real=0.01 secs] 
1896.377: [GC (Allocation Failure) [PSYoungGen: 324990K->38005K(465920K)] 1075048K->788369K(1426432K), 0.0073813 secs] [Times: user=0.02 sys=0.00, real=0.01 secs] 
1896.761: [GC (Allocation Failure) [PSYoungGen: 270965K->186518K(465920K)] 1021329K->938128K(1426432K), 0.0209092 secs] [Times: user=0.02 sys=0.00, real=0.02 secs] 
1897.048: [GC (Allocation Failure) [PSYoungGen: 419478K->186068K(465920K)] 1171088K->938080K(1426432K), 0.0207373 secs] [Times: user=0.02 sys=0.00, real=0.02 secs] 
1897.850: [GC (Allocation Failure) [PSYoungGen: 404868K->88110K(465920K)] 1156879K->840386K(1426432K), 0.0148690 secs] [Times: user=0.03 sys=0.00, real=0.01 secs] 
1899.412: [GC (Allocation Failure) [PSYoungGen: 321070K->37906K(465920K)] 1073346K->790367K(1426432K), 0.0078414 secs] [Times: user=0.02 sys=0.00, real=0.01 secs] 
1899.726: [GC (Allocation Failure) [PSYoungGen: 270866K->184205K(465920K)] 1023327K->937912K(1426432K), 0.0207717 secs] [Times: user=0.03 sys=0.00, real=0.02 secs] 
1900.017: [GC (Allocation Failure) [PSYoungGen: 417165K->184430K(465920K)] 1170872K->938538K(1426432K), 0.0203748 secs] [Times: user=0.02 sys=0.00, real=0.02 secs] 
1901.157: [GC (Allocation Failure) [PSYoungGen: 408053K->92255K(465920K)] 1162162K->846500K(1426432K), 0.0135012 secs] [Times: user=0.03 sys=0.00, real=0.02 secs] 
1902.010: [GC (Allocation Failure) [PSYoungGen: 325215K->37973K(465920K)] 1079460K->792516K(1426432K), 0.0072916 secs] [Times: user=0.02 sys=0.00, real=0.01 secs] 
1902.381: [GC (Allocation Failure) [PSYoungGen: 270933K->184462K(465920K)] 1025476K->940250K(1426432K), 0.0203656 secs] [Times: user=0.03 sys=0.00, real=0.02 secs] 
1902.664: [GC (Allocation Failure) [PSYoungGen: 417422K->184526K(465920K)] 1173210K->940588K(1426432K), 0.0203740 secs] [Times: user=0.03 sys=0.00, real=0.02 secs] 
1904.319: [GC (Allocation Failure) [PSYoungGen: 407109K->91693K(465920K)] 1163170K->848027K(1426432K), 0.0195492 secs] [Times: user=0.04 sys=0.00, real=0.02 secs] 
1906.234: [GC (Allocation Failure) [PSYoungGen: 324653K->37748K(465920K)] 1080987K->794407K(1426432K), 0.0070875 secs] [Times: user=0.02 sys=0.00, real=0.01 secs] 
1906.526: [GC (Allocation Failure) [PSYoungGen: 270708K->184430K(465920K)] 1027367K->942334K(1426432K), 0.0204688 secs] [Times: user=0.03 sys=0.00, real=0.02 secs] 
1906.816: [GC (Allocation Failure) [PSYoungGen: 417390K->184269K(465920K)] 1175294K->942447K(1426432K), 0.0209985 secs] [Times: user=0.03 sys=0.00, real=0.02 secs] 
1907.557: [GC (Allocation Failure) [PSYoungGen: 409306K->92207K(465920K)] 1167484K->850778K(1426432K), 0.0128929 secs] [Times: user=0.03 sys=0.00, real=0.02 secs] 
1908.469: [GC (Allocation Failure) [PSYoungGen: 325167K->38102K(465920K)] 1083738K->796858K(1426432K), 0.0067231 secs] [Times: user=0.02 sys=0.00, real=0.00 secs] 
1908.822: [GC (Allocation Failure) [PSYoungGen: 271062K->184687K(465920K)] 1029818K->944688K(1426432K), 0.0205457 secs] [Times: user=0.03 sys=0.00, real=0.02 secs] 
1909.105: [GC (Allocation Failure) [PSYoungGen: 417647K->184462K(465920K)] 1177648K->944736K(1426432K), 0.0204220 secs] [Times: user=0.03 sys=0.00, real=0.02 secs] 
1910.825: [GC (Allocation Failure) [PSYoungGen: 406943K->91484K(465920K)] 1167218K->852023K(1426432K), 0.0125843 secs] [Times: user=0.03 sys=0.00, real=0.02 secs] 
1912.194: [GC (Allocation Failure) [PSYoungGen: 324444K->38005K(465920K)] 1084983K->798853K(1426432K), 0.0058517 secs] [Times: user=0.02 sys=0.00, real=0.01 secs] 
1912.523: [GC (Allocation Failure) [PSYoungGen: 270965K->184719K(465920K)] 1031813K->946949K(1426432K), 0.0205103 secs] [Times: user=0.03 sys=0.00, real=0.02 secs] 
1912.809: [GC (Allocation Failure) [PSYoungGen: 417679K->184687K(465920K)] 1179909K->947061K(1426432K), 0.0205075 secs] [Times: user=0.03 sys=0.00, real=0.02 secs] 
1914.639: [GC (Allocation Failure) [PSYoungGen: 407270K->91355K(465920K)] 1169645K->853995K(1426432K), 0.0174646 secs] [Times: user=0.04 sys=0.00, real=0.01 secs] 
1916.372: [GC (Allocation Failure) [PSYoungGen: 324315K->37716K(465920K)] 1086955K->800678K(1426432K), 0.0079147 secs] [Times: user=0.02 sys=0.00, real=0.01 secs] 
1916.682: [GC (Allocation Failure) [PSYoungGen: 270676K->184687K(465920K)] 1033638K->948894K(1426432K), 0.0207284 secs] [Times: user=0.03 sys=0.00, real=0.02 secs] 
1917.022: [GC (Allocation Failure) [PSYoungGen: 417647K->184719K(465920K)] 1181854K->949199K(1426432K), 0.0218876 secs] [Times: user=0.03 sys=0.00, real=0.02 secs] 
1918.349: [GC (Allocation Failure) [PSYoungGen: 407270K->91580K(465920K)] 1171750K->856333K(1426432K), 0.0166668 secs] [Times: user=0.04 sys=0.00, real=0.01 secs] 
1920.537: [GC (Allocation Failure) [PSYoungGen: 324540K->37459K(465920K)] 1089293K->802510K(1426432K), 0.0095057 secs] [Times: user=0.02 sys=0.00, real=0.01 secs] 
1920.950: [GC (Allocation Failure) [PSYoungGen: 270419K->183819K(465920K)] 1035470K->950115K(1426432K), 0.0205069 secs] [Times: user=0.02 sys=0.00, real=0.02 secs] 
1921.238: [GC (Allocation Failure) [PSYoungGen: 416779K->184462K(465920K)] 1183075K->951031K(1426432K), 0.0203617 secs] [Times: user=0.03 sys=0.00, real=0.02 secs] 
1922.173: [GC (Allocation Failure) [PSYoungGen: 409756K->92994K(465920K)] 1176325K->859828K(1426432K), 0.0150134 secs] [Times: user=0.03 sys=0.00, real=0.02 secs] 
1923.760: [GC (Allocation Failure) [PSYoungGen: 325954K->37588K(465920K)] 1092788K->804736K(1426432K), 0.0077543 secs] [Times: user=0.02 sys=0.00, real=0.01 secs] 
1924.148: [GC (Allocation Failure) [PSYoungGen: 270548K->184751K(465920K)] 1037696K->953145K(1426432K), 0.0204518 secs] [Times: user=0.03 sys=0.00, real=0.02 secs] 
1924.436: [GC (Allocation Failure) [PSYoungGen: 417711K->184623K(465920K)] 1186105K->953442K(1426432K), 0.0203288 secs] [Times: user=0.03 sys=0.00, real=0.02 secs] 
1925.860: [GC (Allocation Failure) [PSYoungGen: 407317K->91741K(465920K)] 1176137K->860825K(1426432K), 0.0194722 secs] [Times: user=0.04 sys=0.00, real=0.02 secs] 
1927.801: [GC (Allocation Failure) [PSYoungGen: 324701K->37874K(465920K)] 1093785K->807135K(1426432K), 0.0071287 secs] [Times: user=0.02 sys=0.00, real=0.01 secs] 
1928.089: [GC (Allocation Failure) [PSYoungGen: 270834K->183787K(465920K)] 1040095K->954294K(1426432K), 0.0205016 secs] [Times: user=0.02 sys=0.00, real=0.02 secs] 
1928.377: [GC (Allocation Failure) [PSYoungGen: 416747K->184430K(465920K)] 1187254K->955210K(1426432K), 0.0204123 secs] [Times: user=0.02 sys=0.00, real=0.02 secs] 
1929.108: [GC (Allocation Failure) [PSYoungGen: 409785K->92640K(465920K)] 1180565K->863686K(1426432K), 0.0115721 secs] [Times: user=0.02 sys=0.00, real=0.01 secs] 
1929.996: [GC (Allocation Failure) [PSYoungGen: 325600K->38037K(465920K)] 1096646K->809396K(1426432K), 0.0056212 secs] [Times: user=0.01 sys=0.01, real=0.01 secs] 
1930.263: [GC (Allocation Failure) [PSYoungGen: 270997K->184205K(465920K)] 1042356K->956817K(1426432K), 0.0202893 secs] [Times: user=0.03 sys=0.00, real=0.02 secs] 
1930.553: [GC (Allocation Failure) [PSYoungGen: 417165K->184494K(465920K)] 1189777K->957508K(1426432K), 0.0202863 secs] [Times: user=0.03 sys=0.00, real=0.02 secs] 
1931.193: [GC (Allocation Failure) [PSYoungGen: 407082K->92030K(465920K)] 1180096K->865180K(1426432K), 0.0115714 secs] [Times: user=0.02 sys=0.00, real=0.01 secs] 
1932.564: [GC (Allocation Failure) [PSYoungGen: 324990K->38002K(465920K)] 1098140K->811467K(1426432K), 0.0074931 secs] [Times: user=0.02 sys=0.00, real=0.01 secs] 
1932.936: [GC (Allocation Failure) [PSYoungGen: 270962K->183690K(465920K)] 1044427K->958401K(1426432K), 0.0204848 secs] [Times: user=0.03 sys=0.00, real=0.02 secs] 
1933.223: [GC (Allocation Failure) [PSYoungGen: 416650K->184558K(465920K)] 1191361K->959541K(1426432K), 0.0204594 secs] [Times: user=0.03 sys=0.00, real=0.02 secs] 
1934.476: [GC (Allocation Failure) [PSYoungGen: 408407K->92512K(465920K)] 1183390K->867760K(1426432K), 0.0166568 secs] [Times: user=0.04 sys=0.00, real=0.02 secs] 
1936.059: [GC (Allocation Failure) [PSYoungGen: 325472K->37716K(465920K)] 1100720K->813288K(1426432K), 0.0080653 secs] [Times: user=0.02 sys=0.00, real=0.00 secs] 
1936.375: [GC (Allocation Failure) [PSYoungGen: 270676K->184430K(465920K)] 1046248K->961256K(1426432K), 0.0204936 secs] [Times: user=0.03 sys=0.00, real=0.02 secs] 
1936.660: [GC (Allocation Failure) [PSYoungGen: 417390K->184558K(465920K)] 1194216K->961794K(1426432K), 0.0204970 secs] [Times: user=0.03 sys=0.00, real=0.02 secs] 
1939.483: [GC (Allocation Failure) [PSYoungGen: 405094K->91998K(465920K)] 1182329K->869370K(1426432K), 0.0126509 secs] [Times: user=0.02 sys=0.00, real=0.01 secs] 
1940.483: [GC (Allocation Failure) [PSYoungGen: 324958K->38034K(465920K)] 1102330K->815720K(1426432K), 0.0058702 secs] [Times: user=0.01 sys=0.00, real=0.01 secs] 
1940.816: [GC (Allocation Failure) [PSYoungGen: 270994K->184687K(465920K)] 1048680K->963626K(1426432K), 0.0206718 secs] [Times: user=0.03 sys=0.00, real=0.02 secs] 
1941.161: [GC (Allocation Failure) [PSYoungGen: 417647K->184044K(465920K)] 1196586K->963256K(1426432K), 0.0204084 secs] [Times: user=0.03 sys=0.00, real=0.02 secs] 
1941.767: [GC (Allocation Failure) [PSYoungGen: 407504K->91966K(465920K)] 1186717K->871443K(1426432K), 0.0124053 secs] [Times: user=0.03 sys=0.00, real=0.01 secs] 
1942.575: [GC (Allocation Failure) [PSYoungGen: 324926K->37906K(465920K)] 1104403K->817689K(1426432K), 0.0057333 secs] [Times: user=0.02 sys=0.00, real=0.01 secs] 
1942.843: [GC (Allocation Failure) [PSYoungGen: 270866K->183787K(465920K)] 1050649K->964824K(1426432K), 0.0203976 secs] [Times: user=0.03 sys=0.00, real=0.02 secs] 
1943.183: [GC (Allocation Failure) [PSYoungGen: 416747K->184237K(465920K)] 1197784K->965547K(1426432K), 0.0205015 secs] [Times: user=0.03 sys=0.00, real=0.02 secs] 
1945.268: [GC (Allocation Failure) [PSYoungGen: 408159K->92769K(465920K)] 1189469K->874352K(1426432K), 0.0258709 secs] [Times: user=0.05 sys=0.00, real=0.02 secs] 
1946.990: [GC (Allocation Failure) [PSYoungGen: 325729K->37877K(465920K)] 1107312K->819792K(1426432K), 0.0094901 secs] [Times: user=0.02 sys=0.00, real=0.01 secs] 
1947.331: [GC (Allocation Failure) [PSYoungGen: 270837K->184462K(465920K)] 1052752K->967622K(1426432K), 0.0204985 secs] [Times: user=0.02 sys=0.00, real=0.02 secs] 
1947.616: [GC (Allocation Failure) [PSYoungGen: 417422K->184301K(465920K)] 1200582K->967743K(1426432K), 0.0205639 secs] [Times: user=0.03 sys=0.00, real=0.02 secs] 
1949.525: [GC (Allocation Failure) [PSYoungGen: 409342K->92126K(465920K)] 1192784K->875961K(1426432K), 0.0268965 secs] [Times: user=0.06 sys=0.00, real=0.03 secs] 
1951.184: [GC (Allocation Failure) [PSYoungGen: 325086K->37748K(465920K)] 1108921K->821777K(1426432K), 0.0088558 secs] [Times: user=0.02 sys=0.00, real=0.01 secs] 
1951.588: [GC (Allocation Failure) [PSYoungGen: 270708K->184205K(465920K)] 1054737K->969479K(1426432K), 0.0206255 secs] [Times: user=0.03 sys=0.00, real=0.02 secs] 
1951.881: [GC (Allocation Failure) [PSYoungGen: 417165K->184494K(465920K)] 1202439K->970041K(1426432K), 0.0209046 secs] [Times: user=0.03 sys=0.00, real=0.02 secs] 
1954.574: [GC (Allocation Failure) [PSYoungGen: 408101K->92207K(465920K)] 1193648K->878019K(1426432K), 0.0166064 secs] [Times: user=0.04 sys=0.00, real=0.02 secs] 
1956.168: [GC (Allocation Failure) [PSYoungGen: 325167K->37745K(465920K)] 1110979K->823873K(1426432K), 0.0078458 secs] [Times: user=0.02 sys=0.00, real=0.00 secs] 
1956.479: [GC (Allocation Failure) [PSYoungGen: 270705K->184558K(465920K)] 1056833K->971932K(1426432K), 0.0206155 secs] [Times: user=0.03 sys=0.00, real=0.02 secs] 
1956.821: [GC (Allocation Failure) [PSYoungGen: 417518K->184944K(465920K)] 1204892K->972591K(1426432K), 0.0206360 secs] [Times: user=0.02 sys=0.00, real=0.02 secs] 
1957.600: [GC (Allocation Failure) [PSYoungGen: 408021K->91484K(465920K)] 1195668K->879395K(1426432K), 0.0120034 secs] [Times: user=0.03 sys=0.00, real=0.01 secs] 
1959.248: [GC (Allocation Failure) [PSYoungGen: 324444K->38034K(465920K)] 1112355K->826260K(1426432K), 0.0057588 secs] [Times: user=0.01 sys=0.00, real=0.00 secs] 
1959.578: [GC (Allocation Failure) [PSYoungGen: 270994K->184590K(465920K)] 1059220K->974198K(1426432K), 0.0206465 secs] [Times: user=0.03 sys=0.00, real=0.02 secs] 
1959.863: [GC (Allocation Failure) [PSYoungGen: 417550K->184526K(465920K)] 1207158K->974407K(1426432K), 0.0206273 secs] [Times: user=0.03 sys=0.00, real=0.02 secs] 
1961.041: [GC (Allocation Failure) [PSYoungGen: 407015K->91644K(465920K)] 1196896K->881669K(1426432K), 0.0141061 secs] [Times: user=0.03 sys=0.00, real=0.01 secs] 
1963.134: [GC (Allocation Failure) [PSYoungGen: 324604K->37363K(465920K)] 1114629K->827696K(1426432K), 0.0073483 secs] [Times: user=0.02 sys=0.00, real=0.01 secs] 
1963.510: [GC (Allocation Failure) [PSYoungGen: 270323K->184430K(465920K)] 1060656K->976137K(1426432K), 0.0205092 secs] [Times: user=0.03 sys=0.00, real=0.02 secs] 
1963.850: [GC (Allocation Failure) [PSYoungGen: 417390K->184558K(465920K)] 1209097K->976410K(1426432K), 0.0203465 secs] [Times: user=0.03 sys=0.00, real=0.02 secs] 
1964.897: [GC (Allocation Failure) [PSYoungGen: 409694K->92367K(465920K)] 1201547K->884508K(1426432K), 0.0130566 secs] [Times: user=0.03 sys=0.00, real=0.02 secs] 
1966.045: [GC (Allocation Failure) [PSYoungGen: 325327K->37777K(465920K)] 1117468K->830240K(1426432K), 0.0058153 secs] [Times: user=0.02 sys=0.00, real=0.01 secs] 
1966.315: [GC (Allocation Failure) [PSYoungGen: 270737K->184333K(465920K)] 1063200K->978050K(1426432K), 0.0206640 secs] [Times: user=0.03 sys=0.00, real=0.02 secs] 
1966.598: [GC (Allocation Failure) [PSYoungGen: 417293K->184719K(465920K)] 1211010K->978845K(1426432K), 0.0205819 secs] [Times: user=0.02 sys=0.00, real=0.02 secs] 
1967.336: [GC (Allocation Failure) [PSYoungGen: 409738K->91998K(465920K)] 1203864K->886389K(1426432K), 0.0117287 secs] [Times: user=0.03 sys=0.00, real=0.02 secs] 
1968.279: [GC (Allocation Failure) [PSYoungGen: 324958K->37877K(465920K)] 1119349K->832461K(1426432K), 0.0057817 secs] [Times: user=0.02 sys=0.00, real=0.00 secs] 
1968.548: [GC (Allocation Failure) [PSYoungGen: 270837K->184847K(465920K)] 1065421K->980677K(1426432K), 0.0205236 secs] [Times: user=0.03 sys=0.00, real=0.02 secs] 
1968.839: [GC (Allocation Failure) [PSYoungGen: 417807K->184719K(465920K)] 1213637K->980950K(1426432K), 0.0204108 secs] [Times: user=0.03 sys=0.00, real=0.02 secs] 
1970.294: [GC (Allocation Failure) [PSYoungGen: 407268K->91355K(465920K)] 1203499K->887723K(1426432K), 0.0163925 secs] [Times: user=0.04 sys=0.00, real=0.02 secs] 
1971.693: [GC (Allocation Failure) [PSYoungGen: 324315K->37620K(465920K)] 1120683K->834309K(1426432K), 0.0057638 secs] [Times: user=0.02 sys=0.00, real=0.01 secs] 
1971.962: [GC (Allocation Failure) [PSYoungGen: 270580K->183819K(465920K)] 1067269K->981754K(1426432K), 0.0206454 secs] [Times: user=0.03 sys=0.00, real=0.02 secs] 
1972.249: [GC (Allocation Failure) [PSYoungGen: 416779K->184687K(465920K)] 1214714K->982895K(1426432K), 0.0204012 secs] [Times: user=0.03 sys=0.00, real=0.02 secs] 
1973.510: [GC (Allocation Failure) [PSYoungGen: 410231K->92640K(465920K)] 1208439K->891122K(1426432K), 0.0194023 secs] [Times: user=0.04 sys=0.00, real=0.02 secs] 
1974.599: [GC (Allocation Failure) [PSYoungGen: 325600K->38034K(465920K)] 1124082K->836837K(1426432K), 0.0067343 secs] [Times: user=0.02 sys=0.00, real=0.00 secs] 
1974.938: [GC (Allocation Failure) [PSYoungGen: 270994K->184462K(465920K)] 1069797K->984518K(1426432K), 0.0204129 secs] [Times: user=0.03 sys=0.00, real=0.02 secs] 
1975.221: [GC (Allocation Failure) [PSYoungGen: 417422K->184719K(465920K)] 1217478K->985185K(1426432K), 0.0205423 secs] [Times: user=0.03 sys=0.00, real=0.02 secs] 
1976.611: [GC (Allocation Failure) [PSYoungGen: 407243K->91596K(465920K)] 1207709K->892199K(1426432K), 0.0201448 secs] [Times: user=0.05 sys=0.00, real=0.02 secs] 
1978.588: [GC (Allocation Failure) [PSYoungGen: 324556K->37588K(465920K)] 1125159K->838506K(1426432K), 0.0086958 secs] [Times: user=0.02 sys=0.00, real=0.00 secs] 
1978.988: [GC (Allocation Failure) [PSYoungGen: 270548K->183658K(465920K)] 1071466K->985831K(1426432K), 0.0203299 secs] [Times: user=0.03 sys=0.00, real=0.02 secs] 
1979.280: [GC (Allocation Failure) [PSYoungGen: 416618K->184558K(465920K)] 1218791K->987004K(1426432K), 0.0203581 secs] [Times: user=0.03 sys=0.00, real=0.02 secs] 
1980.839: [GC (Allocation Failure) [PSYoungGen: 408506K->92913K(465920K)] 1210952K->895624K(1426432K), 0.0197237 secs] [Times: user=0.05 sys=0.00, real=0.02 secs] 
1981.917: [GC (Allocation Failure) [PSYoungGen: 325873K->37874K(465920K)] 1128584K->840898K(1426432K), 0.0057702 secs] [Times: user=0.01 sys=0.00, real=0.00 secs] 
1982.188: [GC (Allocation Failure) [PSYoungGen: 270834K->184462K(465920K)] 1073858K->988740K(1426432K), 0.0205401 secs] [Times: user=0.03 sys=0.00, real=0.02 secs] 
1982.478: [GC (Allocation Failure) [PSYoungGen: 417422K->184558K(465920K)] 1221700K->989238K(1426432K), 0.0204588 secs] [Times: user=0.03 sys=0.00, real=0.02 secs] 
1983.802: [GC (Allocation Failure) [PSYoungGen: 407149K->91837K(465920K)] 1211829K->896653K(1426432K), 0.0172180 secs] [Times: user=0.03 sys=0.00, real=0.02 secs] 
1985.213: [GC (Allocation Failure) [PSYoungGen: 324797K->37809K(465920K)] 1129613K->842941K(1426432K), 0.0066677 secs] [Times: user=0.01 sys=0.00, real=0.01 secs] 
1985.492: [GC (Allocation Failure) [PSYoungGen: 270769K->184719K(465920K)] 1075901K->991104K(1426432K), 0.0206046 secs] [Times: user=0.02 sys=0.00, real=0.02 secs] 
1985.776: [GC (Allocation Failure) [PSYoungGen: 417679K->184719K(465920K)] 1224064K->991377K(1426432K), 0.0205487 secs] [Times: user=0.03 sys=0.00, real=0.02 secs] 
1986.487: [GC (Allocation Failure) [PSYoungGen: 407271K->91612K(465920K)] 1213930K->898536K(1426432K), 0.0124456 secs] [Times: user=0.02 sys=0.00, real=0.01 secs] 
1987.710: [GC (Allocation Failure) [PSYoungGen: 324572K->37777K(465920K)] 1131496K->845009K(1426432K), 0.0067197 secs] [Times: user=0.02 sys=0.00, real=0.01 secs] 
1987.990: [GC (Allocation Failure) [PSYoungGen: 270737K->183819K(465920K)] 1077969K->992296K(1426432K), 0.0203534 secs] [Times: user=0.03 sys=0.00, real=0.02 secs] 
1988.278: [GC (Allocation Failure) [PSYoungGen: 416779K->184655K(465920K)] 1225256K->993405K(1426432K), 0.0203469 secs] [Times: user=0.03 sys=0.00, real=0.02 secs] 
1990.152: [GC (Allocation Failure) [PSYoungGen: 410063K->92480K(465920K)] 1218813K->901503K(1426432K), 0.0246561 secs] [Times: user=0.05 sys=0.00, real=0.02 secs] 
1991.920: [GC (Allocation Failure) [PSYoungGen: 325440K->37684K(465920K)] 1134463K->847023K(1426432K), 0.0099360 secs] [Times: user=0.03 sys=0.00, real=0.01 secs] 
1992.233: [GC (Allocation Failure) [PSYoungGen: 270644K->184558K(465920K)] 1079983K->995143K(1426432K), 0.0203838 secs] [Times: user=0.03 sys=0.00, real=0.02 secs] 
1992.516: [GC (Allocation Failure) [PSYoungGen: 417518K->184301K(465920K)] 1228103K->995167K(1426432K), 0.0205644 secs] [Times: user=0.03 sys=0.00, real=0.02 secs] 
1993.370: [GC (Allocation Failure) [PSYoungGen: 409177K->92126K(465920K)] 1220043K->903257K(1426432K), 0.0140312 secs] [Times: user=0.03 sys=0.00, real=0.01 secs] 
1995.143: [GC (Allocation Failure) [PSYoungGen: 325086K->37395K(465920K)] 1136217K->848842K(1426432K), 0.0072755 secs] [Times: user=0.02 sys=0.00, real=0.01 secs] 
1995.516: [GC (Allocation Failure) [PSYoungGen: 270355K->184558K(465920K)] 1081802K->997251K(1426432K), 0.0207007 secs] [Times: user=0.03 sys=0.00, real=0.03 secs] 
1995.800: [GC (Allocation Failure) [PSYoungGen: 417518K->184687K(465920K)] 1230211K->997652K(1426432K), 0.0204703 secs] [Times: user=0.02 sys=0.00, real=0.02 secs] 
1996.601: [GC (Allocation Failure) [PSYoungGen: 409709K->92094K(465920K)] 1222674K->905453K(1426432K), 0.0126712 secs] [Times: user=0.03 sys=0.00, real=0.01 secs] 
1997.774: [GC (Allocation Failure) [PSYoungGen: 325054K->37748K(465920K)] 1138413K->851287K(1426432K), 0.0068996 secs] [Times: user=0.02 sys=0.00, real=0.01 secs] 
1998.127: [GC (Allocation Failure) [PSYoungGen: 270708K->184333K(465920K)] 1084247K->999118K(1426432K), 0.0205182 secs] [Times: user=0.03 sys=0.00, real=0.03 secs] 
1998.471: [GC (Allocation Failure) [PSYoungGen: 417293K->183690K(465920K)] 1232078K->998748K(1426432K), 0.0204166 secs] [Times: user=0.03 sys=0.00, real=0.02 secs] 
1999.144: [GC (Allocation Failure) [PSYoungGen: 408387K->92978K(465920K)] 1223445K->908300K(1426432K), 0.0126263 secs] [Times: user=0.02 sys=0.00, real=0.01 secs] 
2000.741: [GC (Allocation Failure) [PSYoungGen: 325938K->38005K(465920K)] 1141260K->853633K(1426432K), 0.0073634 secs] [Times: user=0.02 sys=0.00, real=0.01 secs] 
2001.030: [GC (Allocation Failure) [PSYoungGen: 270965K->183948K(465920K)] 1086593K->1000821K(1426432K), 0.0204554 secs] [Times: user=0.02 sys=0.00, real=0.02 secs] 
2001.313: [GC (GCLocker Initiated GC) [PSYoungGen: 416908K->184141K(465920K)] 1233781K->1001288K(1426432K), 0.0203607 secs] [Times: user=0.03 sys=0.00, real=0.02 secs] 
2002.804: [GC (Allocation Failure) [PSYoungGen: 417101K->76192K(465920K)] 1250635K->909991K(1426432K), 0.0164891 secs] [Times: user=0.04 sys=0.00, real=0.02 secs] 
2003.669: [GC (Allocation Failure) [PSYoungGen: 309152K->59822K(465920K)] 1142951K->893839K(1426432K), 0.0098939 secs] [Times: user=0.02 sys=0.00, real=0.01 secs] 
2004.006: [GC (Allocation Failure) [PSYoungGen: 292782K->184237K(465920K)] 1126799K->1019499K(1426432K), 0.0204779 secs] [Times: user=0.03 sys=0.00, real=0.02 secs] 
2004.345: [GC (Allocation Failure) [PSYoungGen: 417197K->184076K(465920K)] 1252459K->1019627K(1426432K), 0.0204385 secs] [Times: user=0.03 sys=0.00, real=0.02 secs] 
2005.631: [GC (Allocation Failure) [PSYoungGen: 417036K->54263K(465920K)] 1252587K->890079K(1426432K), 0.0094718 secs] [Times: user=0.02 sys=0.00, real=0.01 secs] 
2006.567: [GC (Allocation Failure) [PSYoungGen: 287116K->81960K(465920K)] 1122932K->918098K(1426432K), 0.0101502 secs] [Times: user=0.02 sys=0.00, real=0.01 secs] 
2006.839: [GC (Allocation Failure) [PSYoungGen: 314920K->184044K(465920K)] 1151058K->1021427K(1426432K), 0.0204149 secs] [Times: user=0.02 sys=0.00, real=0.02 secs] 
2007.124: [GC (Allocation Failure) [PSYoungGen: 417004K->184012K(465920K)] 1254387K->1021669K(1426432K), 0.0206853 secs] [Times: user=0.03 sys=0.00, real=0.02 secs] 
2008.115: [GC (Allocation Failure) [PSYoungGen: 416972K->32317K(465920K)] 1254629K->870239K(1426432K), 0.0061813 secs] [Times: user=0.02 sys=0.00, real=0.01 secs] 
2008.797: [GC (Allocation Failure) [PSYoungGen: 265277K->103841K(465920K)] 1103199K->942084K(1426432K), 0.0123018 secs] [Times: user=0.02 sys=0.00, real=0.02 secs] 
2009.072: [GC (Allocation Failure) [PSYoungGen: 336801K->183948K(465920K)] 1175044K->1023436K(1426432K), 0.0204695 secs] [Times: user=0.03 sys=0.00, real=0.02 secs] 
2009.411: [GC (Allocation Failure) [PSYoungGen: 416908K->184462K(465920K)] 1256396K->1024224K(1426432K), 0.0205360 secs] [Times: user=0.03 sys=0.00, real=0.02 secs] 
2010.943: [GC (Allocation Failure) [PSYoungGen: 417422K->10211K(465920K)] 1257184K->850238K(1426432K), 0.0053827 secs] [Times: user=0.02 sys=0.00, real=0.01 secs] 
2012.096: [GC (Allocation Failure) [PSYoungGen: 243171K->127007K(465920K)] 1083198K->967348K(1426432K), 0.0147075 secs] [Times: user=0.02 sys=0.00, real=0.02 secs] 
2012.383: [GC (Allocation Failure) [PSYoungGen: 359967K->186229K(465920K)] 1200308K->1027823K(1426432K), 0.0206800 secs] [Times: user=0.03 sys=0.00, real=0.02 secs] 
2012.771: [GC (Allocation Failure) [PSYoungGen: 419189K->173098K(465920K)] 1260783K->1014957K(1426432K), 0.0206119 secs] [Times: user=0.03 sys=0.00, real=0.02 secs] 
2014.089: [GC (Allocation Failure) [PSYoungGen: 406058K->128K(465920K)] 1247917K->843438K(1426432K), 0.0031007 secs] [Times: user=0.02 sys=0.00, real=0.00 secs] 
2014.557: [GC (Allocation Failure) [PSYoungGen: 233088K->154222K(465920K)] 1076398K->997573K(1426432K), 0.0174321 secs] [Times: user=0.03 sys=0.00, real=0.02 secs] 
2014.895: [GC (Allocation Failure) [PSYoungGen: 387182K->185715K(465920K)] 1230533K->1030432K(1426432K), 0.0206679 secs] [Times: user=0.03 sys=0.00, real=0.02 secs] 
2016.896: [GC (Allocation Failure) [PSYoungGen: 418675K->150477K(465920K)] 1263392K->995338K(1426432K), 0.0419257 secs] [Times: user=0.07 sys=0.00, real=0.05 secs] 
2020.053: [GC (Allocation Failure) [PSYoungGen: 383437K->64K(465920K)] 1228298K->846373K(1426432K), 0.0064522 secs] [Times: user=0.03 sys=0.00, real=0.01 secs] 
2020.649: [GC (Allocation Failure) [PSYoungGen: 233024K->177932K(465920K)] 1079333K->1024257K(1426432K), 0.0197244 secs] [Times: user=0.02 sys=0.00, real=0.02 secs] 
2020.940: [GC (Allocation Failure) [PSYoungGen: 410892K->186229K(465920K)] 1257217K->1033929K(1426432K), 0.0207032 secs] [Times: user=0.02 sys=0.00, real=0.02 secs] 
2022.304: [GC (Allocation Failure) [PSYoungGen: 419189K->134426K(465920K)] 1266889K->982262K(1426432K), 0.0273951 secs] [Times: user=0.05 sys=0.00, real=0.03 secs] 
2024.722: [GC (Allocation Failure) [PSYoungGen: 367386K->17599K(465920K)] 1215222K->865743K(1426432K), 0.0056801 secs] [Times: user=0.02 sys=0.00, real=0.01 secs] 
2025.029: [GC (Allocation Failure) [PSYoungGen: 250559K->186229K(465920K)] 1098703K->1035627K(1426432K), 0.0208352 secs] [Times: user=0.03 sys=0.00, real=0.02 secs] 
2025.321: [GC (Allocation Failure) [PSYoungGen: 419189K->185940K(465920K)] 1268587K->1035611K(1426432K), 0.0207922 secs] [Times: user=0.03 sys=0.00, real=0.02 secs] 
2026.678: [GC (Allocation Failure) [PSYoungGen: 418900K->108995K(465920K)] 1268571K->958931K(1426432K), 0.0147512 secs] [Times: user=0.03 sys=0.00, real=0.01 secs] 
2027.544: [GC (Allocation Failure) [PSYoungGen: 341955K->43885K(465920K)] 1191891K->894129K(1426432K), 0.0086502 secs] [Times: user=0.02 sys=0.00, real=0.01 secs] 
2027.895: [GC (Allocation Failure) [PSYoungGen: 276845K->186229K(465920K)] 1127089K->1037718K(1426432K), 0.0207405 secs] [Times: user=0.03 sys=0.00, real=0.02 secs] 
2028.242: [GC (Allocation Failure) [PSYoungGen: 419189K->185972K(465920K)] 1270678K->1037734K(1426432K), 0.0207326 secs] [Times: user=0.03 sys=0.00, real=0.02 secs] 
2029.337: [GC (Allocation Failure) [PSYoungGen: 418932K->66183K(465920K)] 1270694K->918211K(1426432K), 0.0108127 secs] [Times: user=0.02 sys=0.00, real=0.02 secs] 
2030.324: [GC (Allocation Failure) [PSYoungGen: 299143K->70037K(465920K)] 1151171K->922370K(1426432K), 0.0090353 secs] [Times: user=0.02 sys=0.00, real=0.01 secs] 
2030.656: [GC (Allocation Failure) [PSYoungGen: 302997K->186357K(465920K)] 1155330K->1039936K(1426432K), 0.0207746 secs] [Times: user=0.03 sys=0.00, real=0.03 secs] 
2030.941: [GC (Allocation Failure) [PSYoungGen: 419317K->186068K(465920K)] 1272896K->1039920K(1426432K), 0.0208958 secs] [Times: user=0.03 sys=0.00, real=0.02 secs] 
2032.368: [GC (Allocation Failure) [PSYoungGen: 419028K->39868K(465920K)] 1272880K->893985K(1426432K), 0.0077525 secs] [Times: user=0.02 sys=0.00, real=0.00 secs] 
2033.385: [GC (Allocation Failure) [PSYoungGen: 272828K->97062K(465920K)] 1126945K->951484K(1426432K), 0.0119384 secs] [Times: user=0.02 sys=0.00, real=0.01 secs] 
2033.660: [GC (Allocation Failure) [PSYoungGen: 330022K->184590K(465920K)] 1184444K->1040258K(1426432K), 0.0206015 secs] [Times: user=0.03 sys=0.00, real=0.02 secs] 
2034.000: [GC (Allocation Failure) [PSYoungGen: 417550K->186325K(465920K)] 1273218K->1042267K(1426432K), 0.0207584 secs] [Times: user=0.03 sys=0.00, real=0.02 secs] 
2036.566: [GC (Allocation Failure) [PSYoungGen: 419285K->14420K(465920K)] 1275227K->870643K(1426432K), 0.0055926 secs] [Times: user=0.02 sys=0.01, real=0.01 secs] 
2037.668: [GC (Allocation Failure) [PSYoungGen: 247380K->121478K(465920K)] 1103603K->978000K(1426432K), 0.0141969 secs] [Times: user=0.02 sys=0.00, real=0.01 secs] 
2037.949: [GC (Allocation Failure) [PSYoungGen: 354438K->186132K(465920K)] 1210960K->1043900K(1426432K), 0.0208415 secs] [Times: user=0.03 sys=0.00, real=0.02 secs] 
2038.777: [GC (Allocation Failure) [PSYoungGen: 419092K->176737K(465920K)] 1276860K->1034778K(1426432K), 0.0514278 secs] [Times: user=0.07 sys=0.00, real=0.05 secs] 
2040.590: [GC (Allocation Failure) [PSYoungGen: 409697K->96K(465920K)] 1267738K->859568K(1426432K), 0.0032537 secs] [Times: user=0.02 sys=0.00, real=0.00 secs] 
2041.562: [GC (Allocation Failure) [PSYoungGen: 233056K->146704K(465920K)] 1092528K->1006192K(1426432K), 0.0165372 secs] [Times: user=0.02 sys=0.00, real=0.02 secs] 
2041.845: [GC (Allocation Failure) [PSYoungGen: 379664K->186229K(465920K)] 1239152K->1046971K(1426432K), 0.0207576 secs] [Times: user=0.03 sys=0.00, real=0.02 secs] 
2042.491: [GC (Allocation Failure) [PSYoungGen: 419189K->157498K(465920K)] 1279931K->1018505K(1426432K), 0.0324311 secs] [Times: user=0.05 sys=0.00, real=0.03 secs] 
2043.452: [GC (Allocation Failure) [PSYoungGen: 390458K->96K(465920K)] 1251465K->862537K(1426432K), 0.0027208 secs] [Times: user=0.01 sys=0.00, real=0.00 secs] 
2043.789: [GC (Allocation Failure) [PSYoungGen: 233056K->171859K(465920K)] 1095497K->1034325K(1426432K), 0.0192399 secs] [Times: user=0.03 sys=0.00, real=0.02 secs] 
2044.077: [GC (Allocation Failure) [PSYoungGen: 404819K->184751K(465920K)] 1267285K->1048462K(1426432K), 0.0208584 secs] [Times: user=0.03 sys=0.00, real=0.03 secs] 
2045.542: [GC (Allocation Failure) [PSYoungGen: 417711K->142009K(465920K)] 1281422K->1005993K(1426432K), 0.0255800 secs] [Times: user=0.04 sys=0.00, real=0.03 secs] 
2047.641: [GC (Allocation Failure) [PSYoungGen: 374969K->9727K(465920K)] 1238953K->874017K(1426432K), 0.0041825 secs] [Times: user=0.01 sys=0.00, real=0.00 secs] 
2047.939: [GC (Allocation Failure) [PSYoungGen: 242687K->186229K(465920K)] 1106977K->1051901K(1426432K), 0.0208888 secs] [Times: user=0.03 sys=0.00, real=0.02 secs] 
2048.225: [GC (Allocation Failure) [PSYoungGen: 419189K->185972K(465920K)] 1284861K->1051796K(1426432K), 0.0206610 secs] [Times: user=0.03 sys=0.00, real=0.02 secs] 
2049.500: [GC (Allocation Failure) [PSYoungGen: 418932K->116819K(465920K)] 1284756K->982908K(1426432K), 0.0160833 secs] [Times: user=0.04 sys=0.00, real=0.01 secs] 
2051.587: [GC (Allocation Failure) [PSYoungGen: 349779K->35146K(465920K)] 1215868K->901559K(1426432K), 0.0075995 secs] [Times: user=0.02 sys=0.00, real=0.01 secs] 
2051.899: [GC (Allocation Failure) [PSYoungGen: 268106K->184815K(465920K)] 1134519K->1052482K(1426432K), 0.0206257 secs] [Times: user=0.03 sys=0.00, real=0.02 secs] 
2052.183: [GC (Allocation Failure) [PSYoungGen: 417775K->184173K(465920K)] 1285442K->1052113K(1426432K), 0.0207720 secs] [Times: user=0.03 sys=0.00, real=0.02 secs] 
2053.613: [GC (Allocation Failure) [PSYoungGen: 417133K->78248K(465920K)] 1285073K->946453K(1426432K), 0.0123192 secs] [Times: user=0.03 sys=0.00, real=0.01 secs] 
2054.479: [GC (Allocation Failure) [PSYoungGen: 311208K->58373K(465920K)] 1179413K->926892K(1426432K), 0.0079431 secs] [Times: user=0.01 sys=0.00, real=0.00 secs] 
2054.809: [GC (Allocation Failure) [PSYoungGen: 291333K->186518K(465920K)] 1159852K->1056427K(1426432K), 0.0208701 secs] [Times: user=0.03 sys=0.00, real=0.02 secs] 
2055.151: [GC (Allocation Failure) [PSYoungGen: 419478K->186068K(465920K)] 1289387K->1056259K(1426432K), 0.0206066 secs] [Times: user=0.03 sys=0.00, real=0.02 secs] 
2057.591: [GC (Allocation Failure) [PSYoungGen: 419028K->51451K(465920K)] 1289219K->921906K(1426432K), 0.0124889 secs] [Times: user=0.03 sys=0.00, real=0.01 secs] 
2058.744: [GC (Allocation Failure) [PSYoungGen: 284411K->84656K(465920K)] 1154866K->955283K(1426432K), 0.0105554 secs] [Times: user=0.02 sys=0.00, real=0.01 secs] 
2059.017: [GC (Allocation Failure) [PSYoungGen: 317616K->184076K(465920K)] 1188243K->1055956K(1426432K), 0.0204727 secs] [Times: user=0.03 sys=0.00, real=0.03 secs] 
2059.300: [GC (Allocation Failure) [PSYoungGen: 417036K->184815K(465920K)] 1288916K->1056969K(1426432K), 0.0206522 secs] [Times: user=0.03 sys=0.00, real=0.02 secs] 
2061.821: [GC (Allocation Failure) [PSYoungGen: 417775K->28799K(465920K)] 1289929K->901346K(1426432K), 0.0103467 secs] [Times: user=0.03 sys=0.00, real=0.01 secs] 
2062.484: [GC (Allocation Failure) [PSYoungGen: 261759K->106797K(465920K)] 1134306K->979524K(1426432K), 0.0127132 secs] [Times: user=0.02 sys=0.00, real=0.01 secs] 
2062.760: [GC (Allocation Failure) [PSYoungGen: 339757K->184944K(465920K)] 1212484K->1058916K(1426432K), 0.0205219 secs] [Times: user=0.03 sys=0.00, real=0.02 secs] 
2063.044: [GC (Allocation Failure) [PSYoungGen: 417904K->183626K(465920K)] 1291876K->1057872K(1426432K), 0.0204518 secs] [Times: user=0.02 sys=0.00, real=0.02 secs] 
2065.703: [GC (Allocation Failure) [PSYoungGen: 416586K->6902K(465920K)] 1290832K->881412K(1426432K), 0.0037203 secs] [Times: user=0.01 sys=0.00, real=0.00 secs] 
2066.928: [GC (Allocation Failure) [PSYoungGen: 239862K->128935K(465920K)] 1114372K->1003770K(1426432K), 0.0149190 secs] [Times: user=0.02 sys=0.00, real=0.01 secs] 
2067.207: [GC (Allocation Failure) [PSYoungGen: 361895K->184173K(465920K)] 1236730K->1060253K(1426432K), 0.0207892 secs] [Times: user=0.03 sys=0.00, real=0.03 secs] 
2067.604: [GC (Allocation Failure) [PSYoungGen: 417133K->173194K(465920K)] 1293213K->1049539K(1426432K), 0.0209990 secs] [Times: user=0.03 sys=0.00, real=0.02 secs] 
2068.669: [GC (Allocation Failure) [PSYoungGen: 406154K->96K(465920K)] 1282499K->877882K(1426432K), 0.0028678 secs] [Times: user=0.01 sys=0.00, real=0.00 secs] 
2069.125: [GC (Allocation Failure) [PSYoungGen: 233056K->151170K(465920K)] 1110842K->1028989K(1426432K), 0.0170530 secs] [Times: user=0.02 sys=0.00, real=0.02 secs] 
2069.405: [GC (Allocation Failure) [PSYoungGen: 384130K->184301K(465920K)] 1261949K->1063494K(1426432K), 0.0205324 secs] [Times: user=0.02 sys=0.00, real=0.02 secs] 
2070.263: [GC (Allocation Failure) [PSYoungGen: 417261K->154895K(465920K)] 1296454K->1034224K(1426432K), 0.0197315 secs] [Times: user=0.03 sys=0.00, real=0.02 secs] 
2073.364: [GC (Allocation Failure) [PSYoungGen: 387855K->64K(465920K)] 1267184K->880827K(1426432K), 0.0040584 secs] [Times: user=0.02 sys=0.00, real=0.01 secs] 
2073.853: [GC (Allocation Failure) [PSYoungGen: 233024K->172794K(465920K)] 1113787K->1053573K(1426432K), 0.0193636 secs] [Times: user=0.02 sys=0.00, real=0.02 secs] 
2074.144: [GC (Allocation Failure) [PSYoungGen: 405754K->184430K(465920K)] 1286533K->1066470K(1426432K), 0.0206598 secs] [Times: user=0.03 sys=0.00, real=0.02 secs] 
2075.459: [GC (Allocation Failure) [PSYoungGen: 417390K->141367K(465920K)] 1299430K->1023680K(1426432K), 0.0405969 secs] [Times: user=0.08 sys=0.00, real=0.04 secs] 
2078.726: [GC (Allocation Failure) [PSYoungGen: 374327K->10823K(465920K)] 1256640K->893442K(1426432K), 0.0051769 secs] [Times: user=0.02 sys=0.00, real=0.01 secs] 
2079.115: [GC (Allocation Failure) [PSYoungGen: 243783K->186389K(465920K)] 1126402K->1070383K(1426432K), 0.0208716 secs] [Times: user=0.03 sys=0.00, real=0.02 secs] 
2079.404: [GC (Allocation Failure) [PSYoungGen: 419349K->186100K(465920K)] 1303343K->1070239K(1426432K), 0.0207934 secs] [Times: user=0.02 sys=0.00, real=0.02 secs] 
2080.738: [GC (Allocation Failure) [PSYoungGen: 419060K->115421K(465920K)] 1303199K->999953K(1426432K), 0.0308668 secs] [Times: user=0.06 sys=0.00, real=0.03 secs] 
2082.765: [GC (Allocation Failure) [PSYoungGen: 348381K->37588K(465920K)] 1232913K->922291K(1426432K), 0.0080704 secs] [Times: user=0.02 sys=0.00, real=0.01 secs] 
2083.080: [GC (Allocation Failure) [PSYoungGen: 270548K->186100K(465920K)] 1155251K->1072057K(1426432K), 0.0207450 secs] [Times: user=0.03 sys=0.00, real=0.02 secs] 
2083.370: [GC (Allocation Failure) [PSYoungGen: 419060K->185875K(465920K)] 1305017K->1072105K(1426432K), 0.0207780 secs] [Times: user=0.03 sys=0.00, real=0.02 secs] 
2084.885: [GC (Allocation Failure) [PSYoungGen: 418835K->72786K(465920K)] 1305065K->959281K(1426432K), 0.0142815 secs] [Times: user=0.03 sys=0.00, real=0.02 secs] 
2087.000: [GC (Allocation Failure) [PSYoungGen: 305746K->63549K(465920K)] 1192241K->950362K(1426432K), 0.0099297 secs] [Times: user=0.02 sys=0.00, real=0.01 secs] 
2087.288: [GC (Allocation Failure) [PSYoungGen: 296509K->185843K(465920K)] 1183322K->1073902K(1426432K), 0.0208522 secs] [Times: user=0.03 sys=0.00, real=0.02 secs] 
2087.582: [GC (Allocation Failure) [PSYoungGen: 418803K->185779K(465920K)] 1306862K->1074111K(1426432K), 0.0207794 secs] [Times: user=0.02 sys=0.00, real=0.02 secs] 
2088.425: [GC (Allocation Failure) [PSYoungGen: 418739K->47065K(465920K)] 1307071K->935662K(1426432K), 0.0079758 secs] [Times: user=0.02 sys=0.00, real=0.01 secs] 
2089.162: [GC (Allocation Failure) [PSYoungGen: 280025K->89219K(465920K)] 1168622K->978129K(1426432K), 0.0110426 secs] [Times: user=0.02 sys=0.00, real=0.01 secs] 
2089.438: [GC (Allocation Failure) [PSYoungGen: 322179K->186389K(465920K)] 1211089K->1076666K(1426432K), 0.0208019 secs] [Times: user=0.03 sys=0.00, real=0.02 secs] 
2089.722: [GC (Allocation Failure) [PSYoungGen: 419349K->184847K(465920K)] 1309626K->1075268K(1426432K), 0.0207815 secs] [Times: user=0.03 sys=0.00, real=0.02 secs] 
2092.506: [GC (Allocation Failure) [PSYoungGen: 417807K->21939K(465920K)] 1308228K->912626K(1426432K), 0.0073677 secs] [Times: user=0.02 sys=0.00, real=0.01 secs] 
2093.689: [GC (Allocation Failure) [PSYoungGen: 254899K->113638K(465920K)] 1145586K->1004632K(1426432K), 0.0133526 secs] [Times: user=0.03 sys=0.00, real=0.01 secs] 
2094.029: [GC (Allocation Failure) [PSYoungGen: 346598K->184269K(465920K)] 1237592K->1076637K(1426432K), 0.0207234 secs] [Times: user=0.03 sys=0.00, real=0.02 secs] 
2094.369: [GC (Allocation Failure) [PSYoungGen: 417229K->183144K(465920K)] 1309597K->1075810K(1426432K), 0.0204505 secs] [Times: user=0.03 sys=0.00, real=0.02 secs] 
2095.897: [GC (Allocation Failure) [PSYoungGen: 416104K->1344K(465920K)] 1308770K->894041K(1426432K), 0.0031256 secs] [Times: user=0.02 sys=0.00, real=0.01 secs] 
2096.390: [GC (Allocation Failure) [PSYoungGen: 234304K->135201K(465920K)] 1127001K->1028076K(1426432K), 0.0155339 secs] [Times: user=0.02 sys=0.00, real=0.01 secs] 
2096.728: [GC (Allocation Failure) [PSYoungGen: 368161K->184558K(465920K)] 1261036K->1078678K(1426432K), 0.0206542 secs] [Times: user=0.03 sys=0.00, real=0.02 secs] 
2097.355: [GC (Allocation Failure) [PSYoungGen: 417518K->164431K(465920K)] 1311638K->1058816K(1426432K), 0.0296654 secs] [Times: user=0.05 sys=0.00, real=0.03 secs] 
2099.442: [GC (Allocation Failure) [PSYoungGen: 397391K->64K(465920K)] 1291776K->895889K(1426432K), 0.0034115 secs] [Times: user=0.02 sys=0.00, real=0.00 secs] 
2100.074: [GC (Allocation Failure) [PSYoungGen: 233024K->156694K(465920K)] 1128849K->1052535K(1426432K), 0.0176333 secs] [Times: user=0.03 sys=0.00, real=0.02 secs] 
2100.355: [GC (Allocation Failure) [PSYoungGen: 389654K->184590K(465920K)] 1285495K->1081677K(1426432K), 0.0205264 secs] [Times: user=0.03 sys=0.00, real=0.02 secs] 
2101.521: [GC (Allocation Failure) [PSYoungGen: 417550K->149096K(465920K)] 1314637K->1046447K(1426432K), 0.0267551 secs] [Times: user=0.05 sys=0.00, real=0.03 secs] 
2104.702: [GC (Allocation Failure) [PSYoungGen: 382056K->128K(465920K)] 1279407K->898921K(1426432K), 0.0087812 secs] [Times: user=0.04 sys=0.00, real=0.01 secs] 
2105.117: [GC (Allocation Failure) [PSYoungGen: 233088K->178738K(465920K)] 1131881K->1077579K(1426432K), 0.0199961 secs] [Times: user=0.03 sys=0.00, real=0.02 secs] 
2105.399: [GC (Allocation Failure) [PSYoungGen: 411698K->184205K(465920K)] 1310539K->1084292K(1426432K), 0.0205312 secs] [Times: user=0.02 sys=0.00, real=0.02 secs] 
2106.530: [GC (Allocation Failure) [PSYoungGen: 417165K->135712K(465920K)] 1317252K->1036064K(1426432K), 0.0179337 secs] [Times: user=0.03 sys=0.00, real=0.02 secs] 
2110.449: [GC (Allocation Failure) [PSYoungGen: 368672K->16767K(465920K)] 1269024K->917427K(1426432K), 0.0060978 secs] [Times: user=0.02 sys=0.00, real=0.00 secs] 
2110.771: [GC (Allocation Failure) [PSYoungGen: 249727K->186389K(465920K)] 1150387K->1088295K(1426432K), 0.0209440 secs] [Times: user=0.03 sys=0.00, real=0.02 secs] 
2111.055: [GC (Allocation Failure) [PSYoungGen: 419349K->184783K(465920K)] 1321255K->1086962K(1426432K), 0.0204590 secs] [Times: user=0.03 sys=0.00, real=0.02 secs] 
2112.458: [GC (Allocation Failure) [PSYoungGen: 417743K->110778K(465920K)] 1319922K->1013222K(1426432K), 0.0237041 secs] [Times: user=0.05 sys=0.00, real=0.02 secs] 
2113.415: [GC (Allocation Failure) [PSYoungGen: 343738K->41443K(465920K)] 1246182K->944201K(1426432K), 0.0061960 secs] [Times: user=0.01 sys=0.00, real=0.01 secs] 
2113.687: [GC (Allocation Failure) [PSYoungGen: 274403K->186389K(465920K)] 1177161K->1090393K(1426432K), 0.0207970 secs] [Times: user=0.03 sys=0.00, real=0.03 secs] 
2113.980: [GC (Allocation Failure) [PSYoungGen: 419349K->186036K(465920K)] 1323353K->1090441K(1426432K), 0.0207549 secs] [Times: user=0.03 sys=0.00, real=0.02 secs] 
2114.939: [GC (Allocation Failure) [PSYoungGen: 418996K->68497K(465920K)] 1323401K->973062K(1426432K), 0.0127829 secs] [Times: user=0.03 sys=0.00, real=0.01 secs] 
2116.247: [GC (Allocation Failure) [PSYoungGen: 301457K->68176K(465920K)] 1206022K->973039K(1426432K), 0.0109416 secs] [Times: user=0.02 sys=0.00, real=0.01 secs] 
2116.546: [GC (Allocation Failure) [PSYoungGen: 301136K->185843K(465920K)] 1205999K->1091944K(1426432K), 0.0209078 secs] [Times: user=0.03 sys=0.00, real=0.02 secs] 
2116.835: [GC (Allocation Failure) [PSYoungGen: 418803K->184366K(465920K)] 1324904K->1090739K(1426432K), 0.0205648 secs] [Times: user=0.03 sys=0.00, real=0.02 secs] 
2118.337: [GC (Allocation Failure) [PSYoungGen: 417326K->43852K(465920K)] 1323699K->950499K(1426432K), 0.0118231 secs] [Times: user=0.03 sys=0.00, real=0.02 secs] 
2119.286: [GC (Allocation Failure) [PSYoungGen: 276812K->92271K(465920K)] 1183459K->999240K(1426432K), 0.0112176 secs] [Times: user=0.02 sys=0.00, real=0.02 secs] 
2119.567: [GC (Allocation Failure) [PSYoungGen: 325231K->186518K(465920K)] 1232200K->1094861K(1426432K), 0.0208712 secs] [Times: user=0.03 sys=0.00, real=0.02 secs] 
2119.922: [GC (Allocation Failure) [PSYoungGen: 419478K->186132K(465920K)] 1327821K->1094620K(1426432K), 0.0207791 secs] [Times: user=0.03 sys=0.00, real=0.02 secs] 
2121.819: [GC (Allocation Failure) [PSYoungGen: 419092K->17537K(465920K)] 1327580K->926289K(1426432K), 0.0054770 secs] [Times: user=0.02 sys=0.00, real=0.00 secs] 
2122.652: [GC (Allocation Failure) [PSYoungGen: 250497K->118236K(465920K)] 1159249K->1027294K(1426432K), 0.0138032 secs] [Times: user=0.03 sys=0.00, real=0.01 secs] 
2122.930: [GC (Allocation Failure) [PSYoungGen: 351196K->185972K(465920K)] 1260254K->1096267K(1426432K), 0.0208033 secs] [Times: user=0.03 sys=0.00, real=0.02 secs] 
2123.388: [GC (Allocation Failure) [PSYoungGen: 418932K->178510K(465920K)] 1329227K->1089071K(1426432K), 0.0229929 secs] [Times: user=0.03 sys=0.00, real=0.02 secs] 
2126.573: [GC (Allocation Failure) [PSYoungGen: 411470K->96K(465920K)] 1322031K->912096K(1426432K), 0.0034475 secs] [Times: user=0.02 sys=0.01, real=0.00 secs] 
2127.126: [GC (Allocation Failure) [PSYoungGen: 233056K->139343K(465920K)] 1145056K->1051367K(1426432K), 0.0159776 secs] [Times: user=0.02 sys=0.00, real=0.02 secs] 
2127.467: [GC (Allocation Failure) [PSYoungGen: 372303K->184687K(465920K)] 1284327K->1097957K(1426432K), 0.0209166 secs] [Times: user=0.03 sys=0.00, real=0.02 secs] 
2127.968: [GC (Allocation Failure) [PSYoungGen: 417647K->162286K(465920K)] 1330917K->1075949K(1426432K), 0.0261150 secs] [Times: user=0.04 sys=0.00, real=0.02 secs] 
2129.651: [GC (Allocation Failure) [PSYoungGen: 395246K->96K(465920K)] 1308909K->915074K(1426432K), 0.0034274 secs] [Times: user=0.02 sys=0.00, real=0.00 secs] 
2130.132: [GC (Allocation Failure) [PSYoungGen: 233056K->161481K(465920K)] 1148034K->1076476K(1426432K), 0.0181106 secs] [Times: user=0.03 sys=0.01, real=0.02 secs] 
2130.412: [GC (Allocation Failure) [PSYoungGen: 394441K->183562K(465920K)] 1309436K->1099931K(1426432K), 0.0205030 secs] [Times: user=0.03 sys=0.00, real=0.02 secs] 
2131.991: [GC (Allocation Failure) [PSYoungGen: 416522K->145416K(465920K)] 1332891K->1061922K(1426432K), 0.0305384 secs] [Times: user=0.05 sys=0.00, real=0.03 secs] 
2133.309: [GC (Allocation Failure) [PSYoungGen: 378376K->64K(465920K)] 1294882K->917876K(1426432K), 0.0030529 secs] [Times: user=0.01 sys=0.00, real=0.00 secs] 
2133.635: [GC (Allocation Failure) [PSYoungGen: 233024K->182848K(465920K)] 1150836K->1100677K(1426432K), 0.0204912 secs] [Times: user=0.03 sys=0.00, real=0.02 secs] 
2133.919: [GC (Allocation Failure) [PSYoungGen: 415808K->184494K(465920K)] 1333637K->1103576K(1426432K), 0.0206973 secs] [Times: user=0.03 sys=0.00, real=0.02 secs] 
2135.730: [GC (Allocation Failure) [PSYoungGen: 417454K->131374K(465920K)] 1336536K->1050737K(1426432K), 0.0381902 secs] [Times: user=0.07 sys=0.00, real=0.04 secs] 
2138.694: [GC (Allocation Failure) [PSYoungGen: 364334K->20623K(465920K)] 1283697K->940294K(1426432K), 0.0065771 secs] [Times: user=0.02 sys=0.00, real=0.01 secs] 
2139.021: [GC (Allocation Failure) [PSYoungGen: 253583K->184205K(465920K)] 1173254K->1105122K(1426432K), 0.0206674 secs] [Times: user=0.03 sys=0.00, real=0.02 secs] 
2139.305: [GC (Allocation Failure) [PSYoungGen: 417165K->184590K(465920K)] 1338082K->1105772K(1426432K), 0.0211076 secs] [Times: user=0.03 sys=0.00, real=0.02 secs] 
2139.953: [GC (Allocation Failure) [PSYoungGen: 417550K->109396K(465920K)] 1338732K->1030972K(1426432K), 0.0143429 secs] [Times: user=0.03 sys=0.00, real=0.01 secs] 
2140.878: [GC (Allocation Failure) [PSYoungGen: 342356K->43628K(465920K)] 1263932K->965381K(1426432K), 0.0100889 secs] [Times: user=0.02 sys=0.00, real=0.01 secs] 
2141.227: [GC (Allocation Failure) [PSYoungGen: 276588K->186486K(465920K)] 1198341K->1109485K(1426432K), 0.0209903 secs] [Times: user=0.03 sys=0.00, real=0.02 secs] 
2141.573: [GC (Allocation Failure) [PSYoungGen: 419446K->184912K(465920K)] 1342445K->1108191K(1426432K), 0.0208425 secs] [Times: user=0.03 sys=0.00, real=0.02 secs] 
2142.794: [GC (Allocation Failure) [PSYoungGen: 417872K->67276K(465920K)] 1341151K->990820K(1426432K), 0.0125837 secs] [Times: user=0.03 sys=0.00, real=0.01 secs] 
2144.235: [GC (Allocation Failure) [PSYoungGen: 300236K->70037K(465920K)] 1223780K->993887K(1426432K), 0.0093767 secs] [Times: user=0.01 sys=0.00, real=0.01 secs] 
2144.509: [GC (Allocation Failure) [PSYoungGen: 302997K->185972K(465920K)] 1226847K->1111076K(1426432K), 0.0208845 secs] [Times: user=0.03 sys=0.00, real=0.02 secs] 
2144.799: [GC (Allocation Failure) [PSYoungGen: 418932K->185907K(465920K)] 1344036K->1111413K(1426432K), 0.0208355 secs] [Times: user=0.03 sys=0.00, real=0.02 secs] 
2146.498: [GC (Allocation Failure) [PSYoungGen: 418867K->40479K(465920K)] 1344373K->966121K(1426432K), 0.0101940 secs] [Times: user=0.03 sys=0.00, real=0.01 secs] 
2147.957: [GC (Allocation Failure) [PSYoungGen: 273439K->95002K(465920K)] 1199081K->1020961K(1426432K), 0.0115430 secs] [Times: user=0.02 sys=0.00, real=0.02 secs] 
2148.233: [GC (Allocation Failure) [PSYoungGen: 327962K->185972K(465920K)] 1253921K->1113176K(1426432K), 0.0206801 secs] [Times: user=0.03 sys=0.00, real=0.02 secs] 
2148.518: [GC (Allocation Failure) [PSYoungGen: 418932K->185940K(465920K)] 1346136K->1113417K(1426432K), 0.0208880 secs] [Times: user=0.03 sys=0.00, real=0.02 secs] 
2150.719: [GC (Allocation Failure) [PSYoungGen: 418900K->15449K(465920K)] 1346377K->943319K(1426432K), 0.0097345 secs] [Times: user=0.04 sys=0.00, real=0.01 secs] 
2152.045: [GC (Allocation Failure) [PSYoungGen: 248409K->121703K(465920K)] 1176279K->1049761K(1426432K), 0.0142023 secs] [Times: user=0.02 sys=0.00, real=0.02 secs] 
2152.381: [GC (Allocation Failure) [PSYoungGen: 354663K->185747K(465920K)] 1282721K->1115179K(1426432K), 0.0206828 secs] [Times: user=0.03 sys=0.00, real=0.02 secs] 
2152.706: [GC (Allocation Failure) [PSYoungGen: 418707K->175745K(465920K)] 1348139K->1105314K(1426432K), 0.0226420 secs] [Times: user=0.03 sys=0.00, real=0.03 secs] 
2154.088: [GC (Allocation Failure) [PSYoungGen: 408705K->96K(465920K)] 1338274K->931090K(1426432K), 0.0034590 secs] [Times: user=0.01 sys=0.00, real=0.00 secs] 
2154.848: [GC (Allocation Failure) [PSYoungGen: 233056K->147986K(465920K)] 1164050K->1079004K(1426432K), 0.0168997 secs] [Times: user=0.03 sys=0.00, real=0.01 secs] 
2155.130: [GC (Allocation Failure) [PSYoungGen: 380946K->185843K(465920K)] 1311964K->1118107K(1426432K), 0.0208633 secs] [Times: user=0.03 sys=0.00, real=0.02 secs] 
2155.555: [GC (Allocation Failure) [PSYoungGen: 418803K->156566K(465920K)] 1351067K->1089223K(1426432K), 0.0281668 secs] [Times: user=0.05 sys=0.00, real=0.03 secs] 
2157.455: [GC (Allocation Failure) [PSYoungGen: 389526K->64K(465920K)] 1322183K->934016K(1426432K), 0.0048023 secs] [Times: user=0.03 sys=0.00, real=0.01 secs] 
2158.046: [GC (Allocation Failure) [PSYoungGen: 233024K->173434K(465920K)] 1166976K->1107418K(1426432K), 0.0194424 secs] [Times: user=0.02 sys=0.00, real=0.02 secs] 
2158.337: [GC (Allocation Failure) [PSYoungGen: 406394K->186100K(465920K)] 1340378K->1121459K(1426432K), 0.0207503 secs] [Times: user=0.03 sys=0.00, real=0.03 secs] 
2159.199: [GC (Allocation Failure) [PSYoungGen: 419060K->139085K(465920K)] 1354419K->1074580K(1426432K), 0.0184738 secs] [Times: user=0.04 sys=0.00, real=0.02 secs] 
2161.753: [GC (Allocation Failure) [PSYoungGen: 372045K->13297K(465920K)] 1307540K->949108K(1426432K), 0.0071790 secs] [Times: user=0.02 sys=0.00, real=0.01 secs] 
2162.155: [GC (Allocation Failure) [PSYoungGen: 246257K->186132K(465920K)] 1182068K->1123189K(1426432K), 0.0210067 secs] [Times: user=0.03 sys=0.00, real=0.02 secs] 
2162.436: [GC (GCLocker Initiated GC) [PSYoungGen: 419092K->182598K(465920K)] 1356149K->1119928K(1426432K), 0.0203144 secs] [Times: user=0.03 sys=0.00, real=0.02 secs] 
2163.835: [GC (Allocation Failure) [PSYoungGen: 415558K->116690K(465920K)] 1352891K->1054288K(1426432K), 0.0242607 secs] [Times: user=0.05 sys=0.00, real=0.03 secs] 
2164.890: [GC (Allocation Failure) [PSYoungGen: 349650K->35917K(465920K)] 1287248K->973751K(1426432K), 0.0060287 secs] [Times: user=0.01 sys=0.00, real=0.00 secs] 
2165.162: [GC (Allocation Failure) [PSYoungGen: 268877K->186261K(465920K)] 1206711K->1125340K(1426432K), 0.0210379 secs] [Times: user=0.03 sys=0.00, real=0.02 secs] 
2165.506: [GC (Allocation Failure) [PSYoungGen: 419221K->185972K(465920K)] 1358300K->1125324K(1426432K), 0.0207645 secs] [Times: user=0.03 sys=0.00, real=0.03 secs] 
2166.171: [GC (Allocation Failure) [PSYoungGen: 418932K->74168K(465920K)] 1358284K->1013785K(1426432K), 0.0140450 secs] [Times: user=0.03 sys=0.00, real=0.01 secs] 
2167.339: [GC (Allocation Failure) [PSYoungGen: 307128K->61879K(465920K)] 1246745K->1001812K(1426432K), 0.0119127 secs] [Times: user=0.03 sys=0.00, real=0.01 secs] 
2167.662: [GC (Allocation Failure) [PSYoungGen: 294839K->186357K(465920K)] 1234772K->1127537K(1426432K), 0.0215173 secs] [Times: user=0.03 sys=0.00, real=0.02 secs] 
2167.948: [GC (Allocation Failure) [PSYoungGen: 419317K->186100K(465920K)] 1360497K->1127553K(1426432K), 0.0209353 secs] [Times: user=0.03 sys=0.00, real=0.02 secs] 
2169.491: [GC (Allocation Failure) [PSYoungGen: 419060K->47965K(465920K)] 1360513K->989811K(1426432K), 0.0105583 secs] [Times: user=0.03 sys=0.00, real=0.01 secs] 
2170.970: [GC (Allocation Failure) [PSYoungGen: 280925K->88901K(465920K)] 1222771K->1030934K(1426432K), 0.0126258 secs] [Times: user=0.03 sys=0.00, real=0.01 secs] 
2171.255: [GC (Allocation Failure) [PSYoungGen: 321861K->185715K(465920K)] 1263894K->1128986K(1426432K), 0.0208654 secs] [Times: user=0.04 sys=0.00, real=0.02 secs] 
2171.539: [GC (Allocation Failure) [PSYoungGen: 418675K->184430K(465920K)] 1361946K->1127974K(1426432K), 0.0204700 secs] [Times: user=0.03 sys=0.00, real=0.02 secs] 
2173.140: [GC (Allocation Failure) [PSYoungGen: 417390K->23241K(465920K)] 1360934K->967178K(1426432K), 0.0070510 secs] [Times: user=0.02 sys=0.00, real=0.01 secs] 
2174.430: [GC (Allocation Failure) [PSYoungGen: 256201K->112867K(465920K)] 1200138K->1056974K(1426432K), 0.0133860 secs] [Times: user=0.02 sys=0.00, real=0.01 secs] 
2174.709: [GC (Allocation Failure) [PSYoungGen: 345827K->186132K(465920K)] 1289934K->1131621K(1426432K), 0.0209053 secs] [Times: user=0.03 sys=0.00, real=0.02 secs] 
2175.070: [GC (Allocation Failure) [PSYoungGen: 419092K->183460K(465920K)] 1364581K->1129085K(1426432K), 0.0235945 secs] [Times: user=0.04 sys=0.00, real=0.02 secs] 
2177.068: [GC (Allocation Failure) [PSYoungGen: 416420K->64K(465920K)] 1362045K->947133K(1426432K), 0.0075939 secs] [Times: user=0.03 sys=0.00, real=0.00 secs] 
2178.099: [GC (Allocation Failure) [PSYoungGen: 233024K->138607K(465920K)] 1180093K->1085692K(1426432K), 0.0159952 secs] [Times: user=0.03 sys=0.00, real=0.01 secs] 
2178.434: [GC (Allocation Failure) [PSYoungGen: 371567K->186357K(465920K)] 1318652K->1134696K(1426432K), 0.0209341 secs] [Times: user=0.03 sys=0.00, real=0.02 secs] 
2179.016: [GC (Allocation Failure) [PSYoungGen: 418759K->161386K(465920K)] 1367098K->1109990K(1426432K), 0.0259288 secs] [Times: user=0.05 sys=0.00, real=0.03 secs] 
2181.565: [GC (Allocation Failure) [PSYoungGen: 394346K->64K(465920K)] 1342950K->950121K(1426432K), 0.0047273 secs] [Times: user=0.02 sys=0.00, real=0.01 secs] 
2182.437: [GC (Allocation Failure) [PSYoungGen: 233024K->160453K(465920K)] 1183081K->1110526K(1426432K), 0.0180802 secs] [Times: user=0.03 sys=0.00, real=0.01 secs] 
2182.720: [GC (Allocation Failure) [PSYoungGen: 393413K->184430K(465920K)] 1343486K->1135741K(1426432K), 0.0209742 secs] [Times: user=0.03 sys=0.00, real=0.02 secs] 
2183.724: [GC (Allocation Failure) [PSYoungGen: 417390K->145545K(465920K)] 1368701K->1097250K(1426432K), 0.0395725 secs] [Times: user=0.07 sys=0.00, real=0.04 secs] 
2185.106: [GC (Allocation Failure) [PSYoungGen: 378505K->128K(465920K)] 1330210K->953143K(1426432K), 0.0032730 secs] [Times: user=0.01 sys=0.00, real=0.01 secs] 
2185.401: [GC (Allocation Failure) [PSYoungGen: 233088K->182687K(465920K)] 1186103K->1135727K(1426432K), 0.0204487 secs] [Times: user=0.03 sys=0.00, real=0.02 secs] 
2185.684: [GC (Allocation Failure) [PSYoungGen: 415647K->183948K(465920K)] 1368687K->1138225K(1426432K), 0.0205946 secs] [Times: user=0.03 sys=0.00, real=0.02 secs] 
2186.619: [GC (Allocation Failure) [PSYoungGen: 416908K->132048K(465920K)] 1371185K->1086591K(1426432K), 0.0192774 secs] [Times: user=0.03 sys=0.00, real=0.02 secs] 
2187.773: [GC (Allocation Failure) [PSYoungGen: 365008K->20780K(465920K)] 1319551K->975639K(1426432K), 0.0053329 secs] [Times: user=0.01 sys=0.00, real=0.01 secs] 
2188.141: [GC (Allocation Failure) [PSYoungGen: 253740K->186229K(465920K)] 1208599K->1142462K(1426432K), 0.0207874 secs] [Times: user=0.03 sys=0.00, real=0.02 secs] 
2188.427: [GC (Allocation Failure) [PSYoungGen: 419189K->186004K(465920K)] 1375422K->1142381K(1426432K), 0.0208771 secs] [Times: user=0.03 sys=0.00, real=0.02 secs] 
2189.077: [GC (Allocation Failure) [PSYoungGen: 418964K->105798K(465920K)] 1375341K->1062440K(1426432K), 0.0148153 secs] [Times: user=0.03 sys=0.00, real=0.01 secs] 
2189.980: [GC (Allocation Failure) [PSYoungGen: 338758K->47098K(465920K)] 1295400K->1004049K(1426432K), 0.0068501 secs] [Times: user=0.01 sys=0.00, real=0.00 secs] 
2190.252: [GC (Allocation Failure) [PSYoungGen: 280058K->186229K(465920K)] 1237009K->1144554K(1426432K), 0.0208006 secs] [Times: user=0.03 sys=0.00, real=0.02 secs] 
2190.589: [GC (Allocation Failure) [PSYoungGen: 419189K->185908K(465920K)] 1377514K->1144377K(1426432K), 0.0207855 secs] [Times: user=0.03 sys=0.00, real=0.02 secs] 
2190.610: [Full GC (Ergonomics) [PSYoungGen: 185908K->0K(465920K)] [ParOldGen: 958469K->536125K(964608K)] 1144377K->536125K(1430528K), [Metaspace: 56307K->56307K(1101824K)], 0.0599673 secs] [Times: user=0.24 sys=0.01, real=0.06 secs] 
2191.875: [GC (Allocation Failure) [PSYoungGen: 232960K->95786K(465920K)] 769085K->631912K(1430528K), 0.0128879 secs] [Times: user=0.03 sys=0.00, real=0.02 secs] 
2192.658: [GC (Allocation Failure) [PSYoungGen: 328746K->60240K(465920K)] 864872K->596711K(1430528K), 0.0075392 secs] [Times: user=0.01 sys=0.00, real=0.00 secs] 
2192.934: [GC (Allocation Failure) [PSYoungGen: 293200K->186389K(465920K)] 829671K->724243K(1430528K), 0.0202620 secs] [Times: user=0.03 sys=0.00, real=0.02 secs] 
2193.218: [GC (Allocation Failure) [PSYoungGen: 419349K->184783K(465920K)] 957203K->722781K(1430528K), 0.0200802 secs] [Times: user=0.03 sys=0.00, real=0.02 secs] 
2194.942: [GC (Allocation Failure) [PSYoungGen: 417743K->83737K(465920K)] 955741K->622000K(1430528K), 0.0134853 secs] [Times: user=0.04 sys=0.00, real=0.01 secs] 
2196.857: [GC (Allocation Failure) [PSYoungGen: 316697K->71807K(465920K)] 854960K->610393K(1430528K), 0.0102747 secs] [Times: user=0.02 sys=0.00, real=0.01 secs] 
2197.156: [GC (Allocation Failure) [PSYoungGen: 304767K->186518K(465920K)] 843353K->726358K(1430528K), 0.0202124 secs] [Times: user=0.02 sys=0.01, real=0.02 secs] 
2197.443: [GC (Allocation Failure) [PSYoungGen: 419478K->186132K(465920K)] 959318K->726374K(1430528K), 0.0202847 secs] [Times: user=0.03 sys=0.00, real=0.02 secs] 
2199.477: [GC (Allocation Failure) [PSYoungGen: 419092K->70740K(465920K)] 959334K->611247K(1430528K), 0.0122733 secs] [Times: user=0.04 sys=0.00, real=0.02 secs] 
2200.569: [GC (Allocation Failure) [PSYoungGen: 303700K->85591K(465920K)] 844207K->626291K(1430528K), 0.0100335 secs] [Times: user=0.01 sys=0.00, real=0.01 secs] 
2200.844: [GC (Allocation Failure) [PSYoungGen: 318551K->186132K(465920K)] 859251K->728086K(1430528K), 0.0201276 secs] [Times: user=0.03 sys=0.00, real=0.02 secs] 
2201.127: [GC (Allocation Failure) [PSYoungGen: 419092K->184398K(465920K)] 961046K->726624K(1430528K), 0.0201384 secs] [Times: user=0.02 sys=0.00, real=0.03 secs] 
2202.572: [GC (Allocation Failure) [PSYoungGen: 417358K->59045K(465920K)] 959584K->601536K(1430528K), 0.0072351 secs] [Times: user=0.02 sys=0.00, real=0.01 secs] 
2203.622: [GC (Allocation Failure) [PSYoungGen: 292005K->97576K(465920K)] 834496K->640397K(1430528K), 0.0113432 secs] [Times: user=0.02 sys=0.00, real=0.01 secs] 
2203.899: [GC (Allocation Failure) [PSYoungGen: 330536K->186068K(465920K)] 873357K->730143K(1430528K), 0.0202534 secs] [Times: user=0.03 sys=0.00, real=0.02 secs] 
2204.182: [GC (Allocation Failure) [PSYoungGen: 419028K->184622K(465920K)] 963103K->728978K(1430528K), 0.0200076 secs] [Times: user=0.03 sys=0.00, real=0.02 secs] 
2205.822: [GC (Allocation Failure) [PSYoungGen: 417582K->47092K(465920K)] 961938K->591713K(1430528K), 0.0066997 secs] [Times: user=0.02 sys=0.00, real=0.01 secs] 
2207.280: [GC (Allocation Failure) [PSYoungGen: 280052K->108629K(465920K)] 824673K->653565K(1430528K), 0.0124911 secs] [Times: user=0.02 sys=0.00, real=0.01 secs] 
2207.563: [GC (Allocation Failure) [PSYoungGen: 341589K->186132K(465920K)] 886525K->732315K(1430528K), 0.0202006 secs] [Times: user=0.03 sys=0.00, real=0.02 secs] 
2207.850: [GC (Allocation Failure) [PSYoungGen: 419092K->184494K(465920K)] 965275K->730950K(1430528K), 0.0201505 secs] [Times: user=0.02 sys=0.00, real=0.02 secs] 
2209.700: [GC (Allocation Failure) [PSYoungGen: 417454K->35910K(465920K)] 963910K->582631K(1430528K), 0.0061100 secs] [Times: user=0.03 sys=0.00, real=0.00 secs] 
2210.938: [GC (Allocation Failure) [PSYoungGen: 268870K->119682K(465920K)] 815591K->666724K(1430528K), 0.0134758 secs] [Times: user=0.02 sys=0.00, real=0.01 secs] 
2211.215: [GC (Allocation Failure) [PSYoungGen: 352642K->184205K(465920K)] 899684K->732501K(1430528K), 0.0200589 secs] [Times: user=0.03 sys=0.00, real=0.02 secs] 
2211.608: [GC (Allocation Failure) [PSYoungGen: 417165K->178896K(465920K)] 965461K->727465K(1430528K), 0.0220759 secs] [Times: user=0.03 sys=0.00, real=0.02 secs] 
2212.774: [GC (Allocation Failure) [PSYoungGen: 411856K->32864K(465920K)] 960425K->582881K(1430528K), 0.0039998 secs] [Times: user=0.01 sys=0.00, real=0.01 secs] 
2213.563: [GC (Allocation Failure) [PSYoungGen: 265824K->128807K(465920K)] 815841K->678840K(1430528K), 0.0144547 secs] [Times: user=0.02 sys=0.00, real=0.02 secs] 
2213.840: [GC (Allocation Failure) [PSYoungGen: 361767K->184173K(465920K)] 911800K->735451K(1430528K), 0.0200712 secs] [Times: user=0.03 sys=0.00, real=0.02 secs] 
2214.336: [GC (Allocation Failure) [PSYoungGen: 415276K->171323K(465920K)] 966555K->722898K(1430528K), 0.0215630 secs] [Times: user=0.03 sys=0.00, real=0.03 secs] 
2216.121: [GC (Allocation Failure) [PSYoungGen: 404283K->32896K(465920K)] 955858K->585909K(1430528K), 0.0072701 secs] [Times: user=0.04 sys=0.00, real=0.01 secs] 
2216.864: [GC (Allocation Failure) [PSYoungGen: 265856K->135844K(465920K)] 818869K->688873K(1430528K), 0.0151710 secs] [Times: user=0.03 sys=0.00, real=0.02 secs] 
2217.143: [GC (Allocation Failure) [PSYoungGen: 368804K->183916K(465920K)] 921833K->738199K(1430528K), 0.0199995 secs] [Times: user=0.03 sys=0.00, real=0.02 secs] 
2217.653: [GC (Allocation Failure) [PSYoungGen: 416876K->166511K(465920K)] 971159K->721067K(1430528K), 0.0205543 secs] [Times: user=0.03 sys=0.00, real=0.02 secs] 
2218.603: [GC (Allocation Failure) [PSYoungGen: 399471K->96K(465920K)] 954027K->556097K(1430528K), 0.0020044 secs] [Times: user=0.01 sys=0.00, real=0.00 secs] 
2219.150: [GC (Allocation Failure) [PSYoungGen: 233056K->147057K(465920K)] 789057K->703067K(1430528K), 0.0161973 secs] [Times: user=0.02 sys=0.00, real=0.01 secs] 
2219.431: [GC (Allocation Failure) [PSYoungGen: 380017K->186132K(465920K)] 936027K->743524K(1430528K), 0.0202837 secs] [Times: user=0.03 sys=0.00, real=0.02 secs] 
2220.288: [GC (Allocation Failure) [PSYoungGen: 419092K->157240K(465920K)] 976484K->714898K(1430528K), 0.0224372 secs] [Times: user=0.03 sys=0.00, real=0.02 secs] 
2222.418: [GC (Allocation Failure) [PSYoungGen: 390200K->64K(465920K)] 947858K->559048K(1430528K), 0.0021815 secs] [Times: user=0.00 sys=0.00, real=0.00 secs] 
2222.800: [GC (Allocation Failure) [PSYoungGen: 233024K->159781K(465920K)] 792008K->718781K(1430528K), 0.0177040 secs] [Times: user=0.02 sys=0.00, real=0.02 secs] 
2223.087: [GC (Allocation Failure) [PSYoungGen: 392741K->186132K(465920K)] 951741K->746515K(1430528K), 0.0203678 secs] [Times: user=0.03 sys=0.00, real=0.03 secs] 
2223.652: [GC (Allocation Failure) [PSYoungGen: 419092K->144517K(465920K)] 979475K->705036K(1430528K), 0.0189830 secs] [Times: user=0.03 sys=0.01, real=0.02 secs] 
2224.614: [GC (Allocation Failure) [PSYoungGen: 377477K->96K(465920K)] 937996K->562054K(1430528K), 0.0023384 secs] [Times: user=0.01 sys=0.00, real=0.00 secs] 
2224.998: [GC (Allocation Failure) [PSYoungGen: 233056K->172023K(465920K)] 795014K->734021K(1430528K), 0.0188171 secs] [Times: user=0.02 sys=0.00, real=0.01 secs] 
2225.281: [GC (Allocation Failure) [PSYoungGen: 404983K->184847K(465920K)] 966981K->748099K(1430528K), 0.0202146 secs] [Times: user=0.03 sys=0.00, real=0.02 secs] 
2225.765: [GC (Allocation Failure) [PSYoungGen: 417807K->141784K(465920K)] 981059K->705302K(1430528K), 0.0164381 secs] [Times: user=0.03 sys=0.00, real=0.02 secs] 
2226.871: [GC (Allocation Failure) [PSYoungGen: 374744K->64K(465920K)] 938262K->565031K(1430528K), 0.0021976 secs] [Times: user=0.01 sys=0.00, real=0.00 secs] 
2227.205: [GC (Allocation Failure) [PSYoungGen: 233024K->181565K(465920K)] 797991K->746548K(1430528K), 0.0197848 secs] [Times: user=0.03 sys=0.00, real=0.02 secs] 
2227.538: [GC (Allocation Failure) [PSYoungGen: 414525K->184462K(465920K)] 979508K->750698K(1430528K), 0.0200370 secs] [Times: user=0.02 sys=0.00, real=0.02 secs] 
2228.343: [GC (Allocation Failure) [PSYoungGen: 417422K->132691K(465920K)] 983658K->699321K(1430528K), 0.0182419 secs] [Times: user=0.03 sys=0.00, real=0.02 secs] 
2229.247: [GC (Allocation Failure) [PSYoungGen: 365651K->7414K(465920K)] 932281K->574221K(1430528K), 0.0027074 secs] [Times: user=0.01 sys=0.00, real=0.01 secs] 
2229.528: [GC (Allocation Failure) [PSYoungGen: 240374K->186389K(465920K)] 807181K->754579K(1430528K), 0.0202189 secs] [Times: user=0.03 sys=0.00, real=0.02 secs] 
2229.818: [GC (Allocation Failure) [PSYoungGen: 419349K->185972K(465920K)] 987539K->754443K(1430528K), 0.0203171 secs] [Times: user=0.03 sys=0.00, real=0.02 secs] 
2230.908: [GC (Allocation Failure) [PSYoungGen: 418932K->119068K(465920K)] 987403K->687675K(1430528K), 0.0255786 secs] [Times: user=0.04 sys=0.00, real=0.02 secs] 
2232.104: [GC (Allocation Failure) [PSYoungGen: 352028K->20655K(465920K)] 920635K->589567K(1430528K), 0.0042144 secs] [Times: user=0.01 sys=0.00, real=0.01 secs] 
2232.377: [GC (Allocation Failure) [PSYoungGen: 253615K->184462K(465920K)] 822527K->754628K(1430528K), 0.0200392 secs] [Times: user=0.03 sys=0.00, real=0.02 secs] 
2232.663: [GC (Allocation Failure) [PSYoungGen: 417422K->186389K(465920K)] 987588K->756958K(1430528K), 0.0203657 secs] [Times: user=0.02 sys=0.00, real=0.02 secs] 
2233.813: [GC (Allocation Failure) [PSYoungGen: 419349K->107340K(465920K)] 989918K->678044K(1430528K), 0.0218748 secs] [Times: user=0.04 sys=0.00, real=0.02 secs] 
2235.814: [GC (Allocation Failure) [PSYoungGen: 340300K->32125K(465920K)] 911004K->603135K(1430528K), 0.0131177 secs] [Times: user=0.05 sys=0.00, real=0.02 secs] 
2236.157: [GC (Allocation Failure) [PSYoungGen: 265085K->186518K(465920K)] 836095K->758790K(1430528K), 0.0203739 secs] [Times: user=0.03 sys=0.00, real=0.03 secs] 
2236.446: [GC (Allocation Failure) [PSYoungGen: 419478K->186036K(465920K)] 991750K->758710K(1430528K), 0.0201692 secs] [Times: user=0.03 sys=0.00, real=0.02 secs] 
2237.535: [GC (Allocation Failure) [PSYoungGen: 412648K->94070K(465920K)] 985322K->667009K(1430528K), 0.0124130 secs] [Times: user=0.03 sys=0.00, real=0.01 secs] 
2238.350: [GC (Allocation Failure) [PSYoungGen: 327030K->38134K(465920K)] 899969K->611257K(1430528K), 0.0053765 secs] [Times: user=0.02 sys=0.00, real=0.00 secs] 
2238.620: [GC (Allocation Failure) [PSYoungGen: 271094K->184558K(465920K)] 844217K->758935K(1430528K), 0.0200587 secs] [Times: user=0.03 sys=0.00, real=0.02 secs] 
2238.902: [GC (Allocation Failure) [PSYoungGen: 417518K->183819K(465920K)] 991895K->758469K(1430528K), 0.0199586 secs] [Times: user=0.03 sys=0.00, real=0.02 secs] 
2239.523: [GC (Allocation Failure) [PSYoungGen: 409082K->92239K(465920K)] 983733K->667162K(1430528K), 0.0105308 secs] [Times: user=0.02 sys=0.00, real=0.01 secs] 
2240.464: [GC (Allocation Failure) [PSYoungGen: 325199K->37877K(465920K)] 900122K->613114K(1430528K), 0.0062152 secs] [Times: user=0.01 sys=0.00, real=0.01 secs] 
2240.805: [GC (Allocation Failure) [PSYoungGen: 270837K->184333K(465920K)] 846074K->760824K(1430528K), 0.0201340 secs] [Times: user=0.03 sys=0.00, real=0.02 secs] 
2241.145: [GC (Allocation Failure) [PSYoungGen: 417293K->184623K(465920K)] 993784K->761386K(1430528K), 0.0201215 secs] [Times: user=0.03 sys=0.00, real=0.02 secs] 
2241.757: [GC (Allocation Failure) [PSYoungGen: 407191K->91901K(465920K)] 983954K->668938K(1430528K), 0.0114543 secs] [Times: user=0.03 sys=0.00, real=0.02 secs] 
2242.586: [GC (Allocation Failure) [PSYoungGen: 324861K->38070K(465920K)] 901898K->615407K(1430528K), 0.0060867 secs] [Times: user=0.01 sys=0.00, real=0.01 secs] 
2242.919: [GC (Allocation Failure) [PSYoungGen: 271030K->183819K(465920K)] 848367K->762402K(1430528K), 0.0207572 secs] [Times: user=0.03 sys=0.00, real=0.02 secs] 
2243.207: [GC (Allocation Failure) [PSYoungGen: 416779K->184333K(465920K)] 995362K->763325K(1430528K), 0.0200971 secs] [Times: user=0.02 sys=0.00, real=0.02 secs] 
2245.001: [GC (Allocation Failure) [PSYoungGen: 408073K->92512K(465920K)] 987065K->671640K(1430528K), 0.0130208 secs] [Times: user=0.03 sys=0.00, real=0.01 secs] 
2246.532: [GC (Allocation Failure) [PSYoungGen: 325472K->37459K(465920K)] 904600K->616901K(1430528K), 0.0061562 secs] [Times: user=0.01 sys=0.00, real=0.01 secs] 
2246.816: [GC (Allocation Failure) [PSYoungGen: 270419K->184462K(465920K)] 849861K->765278K(1430528K), 0.0200830 secs] [Times: user=0.03 sys=0.00, real=0.02 secs] 
2247.099: [GC (Allocation Failure) [PSYoungGen: 417422K->184494K(465920K)] 998238K->765455K(1430528K), 0.0199354 secs] [Times: user=0.02 sys=0.00, real=0.02 secs] 
2247.721: [GC (Allocation Failure) [PSYoungGen: 408068K->92255K(465920K)] 989029K->673481K(1430528K), 0.0108840 secs] [Times: user=0.02 sys=0.00, real=0.01 secs] 
2248.517: [GC (Allocation Failure) [PSYoungGen: 325215K->37845K(465920K)] 906441K->619368K(1430528K), 0.0053244 secs] [Times: user=0.01 sys=0.01, real=0.01 secs] 
2248.784: [GC (Allocation Failure) [PSYoungGen: 270805K->183787K(465920K)] 852328K->766564K(1430528K), 0.0201637 secs] [Times: user=0.03 sys=0.00, real=0.02 secs] 
2249.067: [GC (Allocation Failure) [PSYoungGen: 416747K->184237K(465920K)] 999524K->767408K(1430528K), 0.0202737 secs] [Times: user=0.02 sys=0.00, real=0.02 secs] 
2249.984: [GC (Allocation Failure) [PSYoungGen: 409487K->92737K(465920K)] 992658K->676044K(1430528K), 0.0123602 secs] [Times: user=0.02 sys=0.00, real=0.01 secs] 
2251.622: [GC (Allocation Failure) [PSYoungGen: 325697K->37684K(465920K)] 909004K->621305K(1430528K), 0.0074913 secs] [Times: user=0.02 sys=0.00, real=0.01 secs] 
2251.936: [GC (Allocation Failure) [PSYoungGen: 270644K->184558K(465920K)] 854265K->769561K(1430528K), 0.0203469 secs] [Times: user=0.03 sys=0.00, real=0.02 secs] 
2252.221: [GC (Allocation Failure) [PSYoungGen: 417518K->184494K(465920K)] 1002521K->769649K(1430528K), 0.0200783 secs] [Times: user=0.03 sys=0.00, real=0.02 secs] 
2252.902: [GC (Allocation Failure) [PSYoungGen: 404931K->91966K(465920K)] 990086K->677403K(1430528K), 0.0110057 secs] [Times: user=0.02 sys=0.00, real=0.01 secs] 
2253.941: [GC (Allocation Failure) [PSYoungGen: 324926K->37877K(465920K)] 910363K->623619K(1430528K), 0.0062451 secs] [Times: user=0.01 sys=0.00, real=0.01 secs] 
2254.225: [GC (Allocation Failure) [PSYoungGen: 270837K->186518K(465920K)] 856579K->773522K(1430528K), 0.0203367 secs] [Times: user=0.03 sys=0.00, real=0.02 secs] 
2254.510: [GC (Allocation Failure) [PSYoungGen: 419478K->186100K(465920K)] 1006482K->773386K(1430528K), 0.0202995 secs] [Times: user=0.03 sys=0.00, real=0.02 secs] 
2255.640: [GC (Allocation Failure) [PSYoungGen: 405020K->88286K(465920K)] 992306K->675845K(1430528K), 0.0118891 secs] [Times: user=0.02 sys=0.01, real=0.01 secs] 
2256.541: [GC (Allocation Failure) [PSYoungGen: 321246K->37973K(465920K)] 908805K->625837K(1430528K), 0.0061847 secs] [Times: user=0.02 sys=0.00, real=0.01 secs] 
2256.816: [GC (Allocation Failure) [PSYoungGen: 270933K->184205K(465920K)] 858797K->773322K(1430528K), 0.0203079 secs] [Times: user=0.03 sys=0.00, real=0.02 secs] 
2257.103: [GC (Allocation Failure) [PSYoungGen: 417165K->184462K(465920K)] 1006282K->773981K(1430528K), 0.0200685 secs] [Times: user=0.03 sys=0.00, real=0.02 secs] 
2259.783: [GC (Allocation Failure) [PSYoungGen: 407572K->92158K(465920K)] 997091K->681830K(1430528K), 0.0156858 secs] [Times: user=0.03 sys=0.01, real=0.02 secs] 
2261.894: [GC (Allocation Failure) [PSYoungGen: 325118K->37299K(465920K)] 914790K->627284K(1430528K), 0.0066039 secs] [Times: user=0.01 sys=0.00, real=0.01 secs] 
2262.185: [GC (Allocation Failure) [PSYoungGen: 270259K->184462K(465920K)] 860244K->775829K(1430528K), 0.0200814 secs] [Times: user=0.02 sys=0.00, real=0.02 secs] 
2262.470: [GC (Allocation Failure) [PSYoungGen: 417422K->184526K(465920K)] 1008789K->776038K(1430528K), 0.0199991 secs] [Times: user=0.02 sys=0.00, real=0.02 secs] 
2263.461: [GC (Allocation Failure) [PSYoungGen: 408097K->92415K(465920K)] 999609K->684200K(1430528K), 0.0163920 secs] [Times: user=0.04 sys=0.00, real=0.02 secs] 
2264.361: [GC (Allocation Failure) [PSYoungGen: 325375K->38195K(465920K)] 917160K->630302K(1430528K), 0.0053947 secs] [Times: user=0.01 sys=0.00, real=0.00 secs] 
2264.629: [GC (Allocation Failure) [PSYoungGen: 271155K->184494K(465920K)] 863262K->777854K(1430528K), 0.0200993 secs] [Times: user=0.03 sys=0.00, real=0.02 secs] 
2264.916: [GC (Allocation Failure) [PSYoungGen: 417454K->184590K(465920K)] 1010814K->778232K(1430528K), 0.0203229 secs] [Times: user=0.03 sys=0.00, real=0.02 secs] 
2266.844: [GC (Allocation Failure) [PSYoungGen: 407125K->91580K(465920K)] 1000766K->685487K(1430528K), 0.0237232 secs] [Times: user=0.05 sys=0.00, real=0.03 secs] 
2267.956: [GC (Allocation Failure) [PSYoungGen: 324540K->37941K(465920K)] 918447K->632154K(1430528K), 0.0062671 secs] [Times: user=0.01 sys=0.00, real=0.01 secs] 
2268.298: [GC (Allocation Failure) [PSYoungGen: 270901K->184430K(465920K)] 865114K->779888K(1430528K), 0.0201118 secs] [Times: user=0.03 sys=0.00, real=0.02 secs] 
2268.643: [GC (Allocation Failure) [PSYoungGen: 417390K->184237K(465920K)] 1012848K->779968K(1430528K), 0.0200799 secs] [Times: user=0.03 sys=0.00, real=0.02 secs] 
2269.372: [GC (Allocation Failure) [PSYoungGen: 409283K->92030K(465920K)] 1005014K->688162K(1430528K), 0.0113838 secs] [Times: user=0.02 sys=0.00, real=0.01 secs] 
2270.802: [GC (Allocation Failure) [PSYoungGen: 324990K->37748K(465920K)] 921122K->634058K(1430528K), 0.0053129 secs] [Times: user=0.01 sys=0.00, real=0.01 secs] 
2271.071: [GC (Allocation Failure) [PSYoungGen: 270708K->184815K(465920K)] 867018K->782379K(1430528K), 0.0201493 secs] [Times: user=0.02 sys=0.00, real=0.02 secs] 
2271.355: [GC (Allocation Failure) [PSYoungGen: 417775K->184719K(465920K)] 1015339K->782563K(1430528K), 0.0200063 secs] [Times: user=0.02 sys=0.00, real=0.02 secs] 
2272.573: [GC (Allocation Failure) [PSYoungGen: 407181K->91516K(465920K)] 1005026K->689633K(1430528K), 0.0133365 secs] [Times: user=0.02 sys=0.00, real=0.01 secs] 
2274.001: [GC (Allocation Failure) [PSYoungGen: 324476K->37684K(465920K)] 922593K->636123K(1430528K), 0.0053254 secs] [Times: user=0.01 sys=0.00, real=0.00 secs] 
2274.270: [GC (Allocation Failure) [PSYoungGen: 270644K->184751K(465920K)] 869083K->784443K(1430528K), 0.0202904 secs] [Times: user=0.03 sys=0.00, real=0.02 secs] 
2274.552: [GC (Allocation Failure) [PSYoungGen: 417711K->183594K(465920K)] 1017403K->783560K(1430528K), 0.0201632 secs] [Times: user=0.02 sys=0.00, real=0.02 secs] 
2275.190: [GC (Allocation Failure) [PSYoungGen: 409001K->92769K(465920K)] 1008967K->693000K(1430528K), 0.0115917 secs] [Times: user=0.02 sys=0.00, real=0.01 secs] 
2276.595: [GC (Allocation Failure) [PSYoungGen: 325729K->37845K(465920K)] 925960K->638389K(1430528K), 0.0082171 secs] [Times: user=0.02 sys=0.00, real=0.01 secs] 
2276.932: [GC (Allocation Failure) [PSYoungGen: 270805K->184462K(465920K)] 871349K->786388K(1430528K), 0.0202607 secs] [Times: user=0.03 sys=0.00, real=0.02 secs] 
2277.215: [GC (Allocation Failure) [PSYoungGen: 417422K->184590K(465920K)] 1019348K->786669K(1430528K), 0.0202777 secs] [Times: user=0.03 sys=0.00, real=0.02 secs] 
2278.333: [GC (Allocation Failure) [PSYoungGen: 407138K->91869K(465920K)] 1009217K->694221K(1430528K), 0.0184123 secs] [Times: user=0.04 sys=0.00, real=0.02 secs] 
2280.587: [GC (Allocation Failure) [PSYoungGen: 324829K->37556K(465920K)] 927181K->640214K(1430528K), 0.0081200 secs] [Times: user=0.02 sys=0.00, real=0.00 secs] 
2280.918: [GC (Allocation Failure) [PSYoungGen: 270516K->184462K(465920K)] 873174K->788494K(1430528K), 0.0202124 secs] [Times: user=0.03 sys=0.00, real=0.02 secs] 
2281.202: [GC (Allocation Failure) [PSYoungGen: 417422K->184526K(465920K)] 1021454K->788703K(1430528K), 0.0200282 secs] [Times: user=0.02 sys=0.00, real=0.02 secs] 
2282.663: [GC (Allocation Failure) [PSYoungGen: 407578K->92158K(465920K)] 1011755K->696616K(1430528K), 0.0158786 secs] [Times: user=0.04 sys=0.00, real=0.02 secs] 
2284.754: [GC (Allocation Failure) [PSYoungGen: 325118K->37363K(465920K)] 929576K->642134K(1430528K), 0.0072649 secs] [Times: user=0.02 sys=0.00, real=0.01 secs] 
2285.062: [GC (Allocation Failure) [PSYoungGen: 270323K->184719K(465920K)] 875094K->790744K(1430528K), 0.0202668 secs] [Times: user=0.03 sys=0.00, real=0.02 secs] 
2285.347: [GC (Allocation Failure) [PSYoungGen: 417679K->186518K(465920K)] 1023704K->792953K(1430528K), 0.0202651 secs] [Times: user=0.02 sys=0.00, real=0.02 secs] 
2286.676: [GC (Allocation Failure) [PSYoungGen: 408313K->90198K(465920K)] 1014748K->696898K(1430528K), 0.0115726 secs] [Times: user=0.02 sys=0.00, real=0.02 secs] 
2287.588: [GC (Allocation Failure) [PSYoungGen: 323158K->38002K(465920K)] 929858K->644879K(1430528K), 0.0055791 secs] [Times: user=0.02 sys=0.00, real=0.00 secs] 
2287.856: [GC (Allocation Failure) [PSYoungGen: 270962K->184687K(465920K)] 877839K->792817K(1430528K), 0.0202155 secs] [Times: user=0.03 sys=0.00, real=0.02 secs] 
2288.197: [GC (Allocation Failure) [PSYoungGen: 417647K->183852K(465920K)] 1025777K->792255K(1430528K), 0.0202655 secs] [Times: user=0.03 sys=0.00, real=0.02 secs] 
2289.932: [GC (Allocation Failure) [PSYoungGen: 409285K->92126K(465920K)] 1017689K->700795K(1430528K), 0.0257330 secs] [Times: user=0.05 sys=0.00, real=0.03 secs] 
2291.703: [GC (Allocation Failure) [PSYoungGen: 325086K->37906K(465920K)] 933755K->646898K(1430528K), 0.0062128 secs] [Times: user=0.01 sys=0.00, real=0.01 secs] 
2292.049: [GC (Allocation Failure) [PSYoungGen: 270866K->184687K(465920K)] 879858K->794925K(1430528K), 0.0202347 secs] [Times: user=0.02 sys=0.00, real=0.02 secs] 
2292.389: [GC (Allocation Failure) [PSYoungGen: 417647K->184751K(465920K)] 1027885K->795262K(1430528K), 0.0201512 secs] [Times: user=0.02 sys=0.00, real=0.02 secs] 
2293.856: [GC (Allocation Failure) [PSYoungGen: 407352K->91467K(465920K)] 1017863K->702244K(1430528K), 0.0169381 secs] [Times: user=0.04 sys=0.00, real=0.02 secs] 
2295.252: [GC (Allocation Failure) [PSYoungGen: 324427K->38005K(465920K)] 935204K->649105K(1430528K), 0.0054490 secs] [Times: user=0.02 sys=0.00, real=0.01 secs] 
2295.520: [GC (Allocation Failure) [PSYoungGen: 270965K->184687K(465920K)] 882065K->797032K(1430528K), 0.0202006 secs] [Times: user=0.02 sys=0.00, real=0.02 secs] 
2295.804: [GC (Allocation Failure) [PSYoungGen: 417647K->184655K(465920K)] 1029992K->797273K(1430528K), 0.0200656 secs] [Times: user=0.03 sys=0.00, real=0.02 secs] 
2296.502: [GC (Allocation Failure) [PSYoungGen: 407209K->91387K(465920K)] 1019828K->704279K(1430528K), 0.0106787 secs] [Times: user=0.02 sys=0.00, real=0.01 secs] 
2298.022: [GC (Allocation Failure) [PSYoungGen: 324347K->37973K(465920K)] 937239K->651171K(1430528K), 0.0070560 secs] [Times: user=0.02 sys=0.00, real=0.01 secs] 
2298.318: [GC (Allocation Failure) [PSYoungGen: 270933K->184719K(465920K)] 884131K->799162K(1430528K), 0.0207291 secs] [Times: user=0.03 sys=0.00, real=0.02 secs] 
2298.605: [GC (Allocation Failure) [PSYoungGen: 417679K->184719K(465920K)] 1032122K->799435K(1430528K), 0.0204268 secs] [Times: user=0.03 sys=0.00, real=0.02 secs] 
2300.452: [GC (Allocation Failure) [PSYoungGen: 407266K->91387K(465920K)] 1021982K->706368K(1430528K), 0.0193250 secs] [Times: user=0.03 sys=0.00, real=0.02 secs] 
2302.909: [GC (Allocation Failure) [PSYoungGen: 324347K->37716K(465920K)] 939328K->652995K(1430528K), 0.0064302 secs] [Times: user=0.02 sys=0.00, real=0.00 secs] 
2303.269: [GC (Allocation Failure) [PSYoungGen: 270676K->183819K(465920K)] 885955K->800352K(1430528K), 0.0200199 secs] [Times: user=0.03 sys=0.00, real=0.02 secs] 
2303.560: [GC (Allocation Failure) [PSYoungGen: 416779K->184333K(465920K)] 1033312K->801267K(1430528K), 0.0200620 secs] [Times: user=0.03 sys=0.00, real=0.02 secs] 
2304.334: [GC (Allocation Failure) [PSYoungGen: 408196K->92897K(465920K)] 1025130K->709976K(1430528K), 0.0125110 secs] [Times: user=0.02 sys=0.00, real=0.01 secs] 
2306.231: [GC (Allocation Failure) [PSYoungGen: 325857K->37427K(465920K)] 942936K->654811K(1430528K), 0.0072094 secs] [Times: user=0.01 sys=0.00, real=0.01 secs] 
2306.540: [GC (Allocation Failure) [PSYoungGen: 270387K->184462K(465920K)] 887771K->803100K(1430528K), 0.0201516 secs] [Times: user=0.03 sys=0.00, real=0.02 secs] 
2306.881: [GC (Allocation Failure) [PSYoungGen: 417422K->184269K(465920K)] 1036060K->803180K(1430528K), 0.0202176 secs] [Times: user=0.02 sys=0.00, real=0.02 secs] 
2307.525: [GC (Allocation Failure) [PSYoungGen: 409442K->92512K(465920K)] 1028353K->711816K(1430528K), 0.0118114 secs] [Times: user=0.02 sys=0.00, real=0.01 secs] 
2308.767: [GC (Allocation Failure) [PSYoungGen: 325472K->37874K(465920K)] 944776K->657364K(1430528K), 0.0066135 secs] [Times: user=0.02 sys=0.00, real=0.00 secs] 
2309.062: [GC (Allocation Failure) [PSYoungGen: 270834K->184687K(465920K)] 890324K->805551K(1430528K), 0.0201655 secs] [Times: user=0.03 sys=0.00, real=0.02 secs] 
2309.345: [GC (Allocation Failure) [PSYoungGen: 417647K->184719K(465920K)] 1038511K->805856K(1430528K), 0.0201188 secs] [Times: user=0.02 sys=0.00, real=0.02 secs] 
2310.021: [GC (Allocation Failure) [PSYoungGen: 407158K->91452K(465920K)] 1028295K->712853K(1430528K), 0.0108639 secs] [Times: user=0.02 sys=0.00, real=0.01 secs] 
2312.286: [GC (Allocation Failure) [PSYoungGen: 324412K->37427K(465920K)] 945813K->659000K(1430528K), 0.0076232 secs] [Times: user=0.02 sys=0.00, real=0.01 secs] 
2312.607: [GC (Allocation Failure) [PSYoungGen: 270387K->183819K(465920K)] 891960K->806646K(1430528K), 0.0200476 secs] [Times: user=0.03 sys=0.00, real=0.02 secs] 
2312.895: [GC (Allocation Failure) [PSYoungGen: 416779K->184623K(465920K)] 1039606K->807722K(1430528K), 0.0203167 secs] [Times: user=0.02 sys=0.00, real=0.02 secs] 
2314.120: [GC (Allocation Failure) [PSYoungGen: 410070K->92801K(465920K)] 1033170K->716174K(1430528K), 0.0201097 secs] [Times: user=0.04 sys=0.00, real=0.02 secs] 
2315.560: [GC (Allocation Failure) [PSYoungGen: 325761K->37845K(465920K)] 949134K->661526K(1430528K), 0.0068143 secs] [Times: user=0.01 sys=0.00, real=0.00 secs] 
2315.857: [GC (Allocation Failure) [PSYoungGen: 270805K->184590K(465920K)] 894486K->809645K(1430528K), 0.0201874 secs] [Times: user=0.03 sys=0.00, real=0.02 secs] 
2316.142: [GC (Allocation Failure) [PSYoungGen: 417550K->184719K(465920K)] 1042605K->809926K(1430528K), 0.0202741 secs] [Times: user=0.03 sys=0.00, real=0.02 secs] 
2317.321: [GC (Allocation Failure) [PSYoungGen: 407289K->91580K(465920K)] 1032496K->717053K(1430528K), 0.0200029 secs] [Times: user=0.04 sys=0.00, real=0.02 secs] 
2319.158: [GC (Allocation Failure) [PSYoungGen: 324540K->37716K(465920K)] 950013K->663497K(1430528K), 0.0074903 secs] [Times: user=0.02 sys=0.00, real=0.00 secs] 
2319.551: [GC (Allocation Failure) [PSYoungGen: 270676K->183819K(465920K)] 896457K->810853K(1430528K), 0.0201103 secs] [Times: user=0.02 sys=0.00, real=0.02 secs] 
2319.899: [GC (Allocation Failure) [PSYoungGen: 416779K->184430K(465920K)] 1043813K->811737K(1430528K), 0.0211460 secs] [Times: user=0.02 sys=0.00, real=0.02 secs] 
2320.557: [GC (Allocation Failure) [PSYoungGen: 409640K->92769K(465920K)] 1036947K->720349K(1430528K), 0.0123199 secs] [Times: user=0.02 sys=0.00, real=0.02 secs] 
2322.216: [GC (Allocation Failure) [PSYoungGen: 325729K->37941K(465920K)] 953309K->665827K(1430528K), 0.0075160 secs] [Times: user=0.02 sys=0.00, real=0.01 secs] 
2322.524: [GC (Allocation Failure) [PSYoungGen: 270901K->184687K(465920K)] 898787K->813826K(1430528K), 0.0203064 secs] [Times: user=0.03 sys=0.00, real=0.02 secs] 
2322.808: [GC (Allocation Failure) [PSYoungGen: 417647K->184655K(465920K)] 1046786K->814196K(1430528K), 0.0204186 secs] [Times: user=0.02 sys=0.00, real=0.02 secs] 
2324.220: [GC (Allocation Failure) [PSYoungGen: 407118K->91323K(465920K)] 1036659K->721129K(1430528K), 0.0114978 secs] [Times: user=0.02 sys=0.00, real=0.01 secs] 
2325.018: [GC (Allocation Failure) [PSYoungGen: 324283K->38034K(465920K)] 954089K->668036K(1430528K), 0.0054989 secs] [Times: user=0.01 sys=0.00, real=0.00 secs] 
2325.347: [GC (Allocation Failure) [PSYoungGen: 270994K->183658K(465920K)] 900996K->814914K(1430528K), 0.0200991 secs] [Times: user=0.03 sys=0.00, real=0.02 secs] 
2325.634: [GC (Allocation Failure) [PSYoungGen: 416618K->184558K(465920K)] 1047874K->816086K(1430528K), 0.0202750 secs] [Times: user=0.03 sys=0.00, real=0.02 secs] 
2326.713: [GC (Allocation Failure) [PSYoungGen: 408364K->92480K(465920K)] 1039892K->724273K(1430528K), 0.0135377 secs] [Times: user=0.03 sys=0.00, real=0.01 secs] 
2327.655: [GC (Allocation Failure) [PSYoungGen: 325440K->34921K(465920K)] 957233K->667028K(1430528K), 0.0051051 secs] [Times: user=0.01 sys=0.00, real=0.01 secs] 
2327.924: [GC (Allocation Failure) [PSYoungGen: 267881K->184976K(465920K)] 899988K->818336K(1430528K), 0.0201492 secs] [Times: user=0.03 sys=0.00, real=0.02 secs] 
2328.212: [GC (Allocation Failure) [PSYoungGen: 417936K->184623K(465920K)] 1051296K->818256K(1430528K), 0.0201791 secs] [Times: user=0.03 sys=0.00, real=0.02 secs] 
2328.949: [GC (Allocation Failure) [PSYoungGen: 410769K->94215K(465920K)] 1044403K->727993K(1430528K), 0.0122634 secs] [Times: user=0.02 sys=0.00, real=0.01 secs] 
2329.838: [GC (Allocation Failure) [PSYoungGen: 327175K->38034K(465920K)] 960953K->672128K(1430528K), 0.0054351 secs] [Times: user=0.01 sys=0.00, real=0.00 secs] 
2330.106: [GC (Allocation Failure) [PSYoungGen: 270994K->183948K(465920K)] 905088K->819295K(1430528K), 0.0201000 secs] [Times: user=0.03 sys=0.00, real=0.02 secs] 
2330.404: [GC (Allocation Failure) [PSYoungGen: 416908K->184398K(465920K)] 1052255K->820018K(1430528K), 0.0202062 secs] [Times: user=0.03 sys=0.00, real=0.02 secs] 
2331.406: [GC (Allocation Failure) [PSYoungGen: 408091K->92383K(465920K)] 1043712K->728277K(1430528K), 0.0162384 secs] [Times: user=0.04 sys=0.00, real=0.02 secs] 
2333.072: [GC (Allocation Failure) [PSYoungGen: 325343K->37684K(465920K)] 961237K->673883K(1430528K), 0.0075043 secs] [Times: user=0.02 sys=0.00, real=0.01 secs] 
2333.381: [GC (Allocation Failure) [PSYoungGen: 270644K->184430K(465920K)] 906843K->821883K(1430528K), 0.0203243 secs] [Times: user=0.03 sys=0.00, real=0.02 secs] 
2333.667: [GC (Allocation Failure) [PSYoungGen: 417390K->184494K(465920K)] 1054843K->822220K(1430528K), 0.0204622 secs] [Times: user=0.02 sys=0.00, real=0.03 secs] 
2334.355: [GC (Allocation Failure) [PSYoungGen: 407579K->92030K(465920K)] 1045305K->730029K(1430528K), 0.0110776 secs] [Times: user=0.03 sys=0.00, real=0.01 secs] 
2336.154: [GC (Allocation Failure) [PSYoungGen: 324990K->37331K(465920K)] 962989K->675638K(1430528K), 0.0063685 secs] [Times: user=0.01 sys=0.00, real=0.01 secs] 
2336.438: [GC (Allocation Failure) [PSYoungGen: 270291K->184462K(465920K)] 908598K->824022K(1430528K), 0.0202325 secs] [Times: user=0.03 sys=0.00, real=0.02 secs] 
2336.777: [GC (Allocation Failure) [PSYoungGen: 417422K->184301K(465920K)] 1056982K->824143K(1430528K), 0.0200650 secs] [Times: user=0.03 sys=0.00, real=0.02 secs] 
2338.587: [GC (Allocation Failure) [PSYoungGen: 409338K->92656K(465920K)] 1049180K->732900K(1430528K), 0.0133530 secs] [Times: user=0.02 sys=0.00, real=0.02 secs] 
2340.087: [GC (Allocation Failure) [PSYoungGen: 325616K->37748K(465920K)] 965860K->678169K(1430528K), 0.0056429 secs] [Times: user=0.02 sys=0.00, real=0.00 secs] 
2340.357: [GC (Allocation Failure) [PSYoungGen: 270708K->184719K(465920K)] 911129K->826521K(1430528K), 0.0202309 secs] [Times: user=0.03 sys=0.00, real=0.03 secs] 
2340.650: [GC (Allocation Failure) [PSYoungGen: 417679K->184623K(465920K)] 1059481K->826698K(1430528K), 0.0202510 secs] [Times: user=0.02 sys=0.00, real=0.02 secs] 
2342.106: [GC (Allocation Failure) [PSYoungGen: 407318K->91596K(465920K)] 1049394K->733937K(1430528K), 0.0166915 secs] [Times: user=0.03 sys=0.00, real=0.02 secs] 
2343.667: [GC (Allocation Failure) [PSYoungGen: 324556K->37716K(465920K)] 966897K->680234K(1430528K), 0.0067244 secs] [Times: user=0.02 sys=0.00, real=0.00 secs] 
2343.961: [GC (Allocation Failure) [PSYoungGen: 270676K->183851K(465920K)] 913194K->827623K(1430528K), 0.0202332 secs] [Times: user=0.03 sys=0.00, real=0.02 secs] 
2344.303: [GC (Allocation Failure) [PSYoungGen: 416811K->184430K(465920K)] 1060583K->828635K(1430528K), 0.0202581 secs] [Times: user=0.03 sys=0.00, real=0.02 secs] 
2345.657: [GC (Allocation Failure) [PSYoungGen: 409545K->92769K(465920K)] 1053750K->737247K(1430528K), 0.0163461 secs] [Times: user=0.03 sys=0.00, real=0.01 secs] 
2347.509: [GC (Allocation Failure) [PSYoungGen: 325729K->37427K(465920K)] 970207K->682074K(1430528K), 0.0067531 secs] [Times: user=0.02 sys=0.00, real=0.00 secs] 
2347.803: [GC (Allocation Failure) [PSYoungGen: 270387K->184687K(465920K)] 915034K->830588K(1430528K), 0.0202194 secs] [Times: user=0.02 sys=0.00, real=0.02 secs] 
2348.141: [GC (Allocation Failure) [PSYoungGen: 417647K->184655K(465920K)] 1063548K->830957K(1430528K), 0.0202504 secs] [Times: user=0.03 sys=0.00, real=0.02 secs] 
2350.487: [GC (Allocation Failure) [PSYoungGen: 409662K->91917K(465920K)] 1055965K->738493K(1430528K), 0.0143768 secs] [Times: user=0.03 sys=0.00, real=0.01 secs] 
2351.300: [GC (Allocation Failure) [PSYoungGen: 324877K->38002K(465920K)] 971453K->684765K(1430528K), 0.0063175 secs] [Times: user=0.02 sys=0.00, real=0.00 secs] 
2351.576: [GC (Allocation Failure) [PSYoungGen: 270962K->184205K(465920K)] 917725K->832221K(1430528K), 0.0201907 secs] [Times: user=0.03 sys=0.00, real=0.02 secs] 
2351.914: [GC (Allocation Failure) [PSYoungGen: 417165K->184944K(465920K)] 1065181K->833234K(1430528K), 0.0201301 secs] [Times: user=0.02 sys=0.00, real=0.02 secs] 
2354.349: [GC (Allocation Failure) [PSYoungGen: 407880K->91660K(465920K)] 1056170K->740223K(1430528K), 0.0237596 secs] [Times: user=0.05 sys=0.00, real=0.02 secs] 
2356.258: [GC (Allocation Failure) [PSYoungGen: 324620K->37845K(465920K)] 973183K->686716K(1430528K), 0.0065874 secs] [Times: user=0.01 sys=0.00, real=0.00 secs] 
2356.549: [GC (Allocation Failure) [PSYoungGen: 270805K->184976K(465920K)] 919676K->835092K(1430528K), 0.0202475 secs] [Times: user=0.03 sys=0.00, real=0.02 secs] 
2356.912: [GC (Allocation Failure) [PSYoungGen: 417936K->184109K(465920K)] 1068052K->834498K(1430528K), 0.0202176 secs] [Times: user=0.03 sys=0.00, real=0.02 secs] 
2358.147: [GC (Allocation Failure) [PSYoungGen: 406949K->91773K(465920K)] 1057339K->742435K(1430528K), 0.0158251 secs] [Times: user=0.03 sys=0.00, real=0.01 secs] 
2359.726: [GC (Allocation Failure) [PSYoungGen: 324733K->37556K(465920K)] 975395K->688526K(1430528K), 0.0077759 secs] [Times: user=0.02 sys=0.00, real=0.01 secs] 
2360.046: [GC (Allocation Failure) [PSYoungGen: 270516K->184462K(465920K)] 921486K->836678K(1430528K), 0.0203246 secs] [Times: user=0.03 sys=0.00, real=0.02 secs] 
2360.334: [GC (Allocation Failure) [PSYoungGen: 417422K->184333K(465920K)] 1069638K->836831K(1430528K), 0.0202424 secs] [Times: user=0.02 sys=0.00, real=0.02 secs] 
2361.850: [GC (Allocation Failure) [PSYoungGen: 409372K->92383K(465920K)] 1061870K->745274K(1430528K), 0.0192612 secs] [Times: user=0.04 sys=0.00, real=0.02 secs] 
2363.617: [GC (Allocation Failure) [PSYoungGen: 325343K->37556K(465920K)] 978234K->690626K(1430528K), 0.0069800 secs] [Times: user=0.02 sys=0.00, real=0.00 secs] 
2363.919: [GC (Allocation Failure) [PSYoungGen: 270516K->184783K(465920K)] 923586K->839107K(1430528K), 0.0201754 secs] [Times: user=0.03 sys=0.00, real=0.02 secs] 
2364.262: [GC (Allocation Failure) [PSYoungGen: 417743K->184655K(465920K)] 1072067K->839404K(1430528K), 0.0202539 secs] [Times: user=0.03 sys=0.00, real=0.02 secs] 
2364.935: [GC (Allocation Failure) [PSYoungGen: 407483K->91789K(465920K)] 1062232K->746675K(1430528K), 0.0118407 secs] [Times: user=0.02 sys=0.00, real=0.01 secs] 
2365.884: [GC (Allocation Failure) [PSYoungGen: 324749K->38066K(465920K)] 979635K->693277K(1430528K), 0.0055038 secs] [Times: user=0.01 sys=0.00, real=0.01 secs] 
2366.153: [GC (Allocation Failure) [PSYoungGen: 271026K->183916K(465920K)] 926237K->840379K(1430528K), 0.0201967 secs] [Times: user=0.03 sys=0.00, real=0.02 secs] 
2366.436: [GC (Allocation Failure) [PSYoungGen: 416876K->184430K(465920K)] 1073339K->841303K(1430528K), 0.0202124 secs] [Times: user=0.03 sys=0.00, real=0.02 secs] 
2368.071: [GC (Allocation Failure) [PSYoungGen: 409530K->92383K(465920K)] 1066403K->749530K(1430528K), 0.0260539 secs] [Times: user=0.05 sys=0.00, real=0.02 secs] 
2369.793: [GC (Allocation Failure) [PSYoungGen: 325343K->37874K(465920K)] 982490K->695208K(1430528K), 0.0075139 secs] [Times: user=0.02 sys=0.00, real=0.01 secs] 
2370.103: [GC (Allocation Failure) [PSYoungGen: 270834K->184687K(465920K)] 928168K->843266K(1430528K), 0.0204017 secs] [Times: user=0.03 sys=0.00, real=0.02 secs] 
2370.387: [GC (Allocation Failure) [PSYoungGen: 417647K->184623K(465920K)] 1076226K->843604K(1430528K), 0.0201444 secs] [Times: user=0.03 sys=0.00, real=0.03 secs] 
2371.730: [GC (Allocation Failure) [PSYoungGen: 407063K->91516K(465920K)] 1066045K->750770K(1430528K), 0.0202173 secs] [Times: user=0.04 sys=0.00, real=0.02 secs] 
2372.731: [GC (Allocation Failure) [PSYoungGen: 324476K->38005K(465920K)] 983730K->697447K(1430528K), 0.0054583 secs] [Times: user=0.01 sys=0.00, real=0.00 secs] 
2373.001: [GC (Allocation Failure) [PSYoungGen: 270965K->184944K(465920K)] 930407K->845639K(1430528K), 0.0203281 secs] [Times: user=0.02 sys=0.00, real=0.02 secs] 
2373.286: [GC (Allocation Failure) [PSYoungGen: 417904K->183787K(465920K)] 1078599K->844756K(1430528K), 0.0200950 secs] [Times: user=0.03 sys=0.00, real=0.02 secs] 
2374.363: [GC (Allocation Failure) [PSYoungGen: 409249K->92046K(465920K)] 1070218K->753416K(1430528K), 0.0123729 secs] [Times: user=0.02 sys=0.00, real=0.01 secs] 
2375.636: [GC (Allocation Failure) [PSYoungGen: 325006K->37845K(465920K)] 986376K->699410K(1430528K), 0.0054210 secs] [Times: user=0.01 sys=0.00, real=0.01 secs] 
2375.906: [GC (Allocation Failure) [PSYoungGen: 270805K->184687K(465920K)] 932370K->847506K(1430528K), 0.0203594 secs] [Times: user=0.03 sys=0.00, real=0.02 secs] 
2376.246: [GC (Allocation Failure) [PSYoungGen: 417647K->184655K(465920K)] 1080466K->847755K(1430528K), 0.0202213 secs] [Times: user=0.03 sys=0.00, real=0.02 secs] 
2377.481: [GC (Allocation Failure) [PSYoungGen: 407223K->91484K(465920K)] 1070323K->754857K(1430528K), 0.0143876 secs] [Times: user=0.03 sys=0.00, real=0.01 secs] 
2378.749: [GC (Allocation Failure) [PSYoungGen: 324444K->37684K(465920K)] 987817K->701363K(1430528K), 0.0063556 secs] [Times: user=0.02 sys=0.00, real=0.00 secs] 
2379.036: [GC (Allocation Failure) [PSYoungGen: 270644K->183819K(465920K)] 934323K->848751K(1430528K), 0.0201793 secs] [Times: user=0.02 sys=0.00, real=0.02 secs] 
2379.320: [GC (Allocation Failure) [PSYoungGen: 416779K->184430K(465920K)] 1081711K->849635K(1430528K), 0.0206695 secs] [Times: user=0.03 sys=0.00, real=0.02 secs] 
2380.971: [GC (Allocation Failure) [PSYoungGen: 409663K->92785K(465920K)] 1074869K->758263K(1430528K), 0.0240188 secs] [Times: user=0.05 sys=0.00, real=0.02 secs] 
2382.755: [GC (Allocation Failure) [PSYoungGen: 325745K->37845K(465920K)] 991223K->703639K(1430528K), 0.0063726 secs] [Times: user=0.01 sys=0.00, real=0.01 secs] 
2383.039: [GC (Allocation Failure) [PSYoungGen: 270805K->184687K(465920K)] 936599K->851735K(1430528K), 0.0202246 secs] [Times: user=0.02 sys=0.00, real=0.02 secs] 
2383.324: [GC (Allocation Failure) [PSYoungGen: 417647K->184719K(465920K)] 1084695K->852176K(1430528K), 0.0202729 secs] [Times: user=0.03 sys=0.00, real=0.02 secs] 
2383.970: [GC (Allocation Failure) [PSYoungGen: 407194K->91548K(465920K)] 1074651K->759278K(1430528K), 0.0119927 secs] [Times: user=0.03 sys=0.00, real=0.01 secs] 
2384.772: [GC (Allocation Failure) [PSYoungGen: 324508K->38005K(465920K)] 992238K->705923K(1430528K), 0.0054515 secs] [Times: user=0.01 sys=0.00, real=0.01 secs] 
2385.040: [GC (Allocation Failure) [PSYoungGen: 270965K->183819K(465920K)] 938883K->852991K(1430528K), 0.0200846 secs] [Times: user=0.03 sys=0.00, real=0.02 secs] 
2385.323: [GC (Allocation Failure) [PSYoungGen: 416779K->184655K(465920K)] 1085951K->854099K(1430528K), 0.0202738 secs] [Times: user=0.03 sys=0.00, real=0.02 secs] 
2385.965: [GC (Allocation Failure) [PSYoungGen: 410070K->92287K(465920K)] 1079515K->762004K(1430528K), 0.0105229 secs] [Times: user=0.02 sys=0.00, real=0.01 secs] 
2386.855: [GC (Allocation Failure) [PSYoungGen: 325247K->37906K(465920K)] 994964K->707937K(1430528K), 0.0054208 secs] [Times: user=0.01 sys=0.00, real=0.01 secs] 
2387.126: [GC (Allocation Failure) [PSYoungGen: 270866K->184687K(465920K)] 940897K->856100K(1430528K), 0.0202227 secs] [Times: user=0.02 sys=0.00, real=0.02 secs] 
2387.415: [GC (Allocation Failure) [PSYoungGen: 417647K->184719K(465920K)] 1089060K->856285K(1430528K), 0.0202067 secs] [Times: user=0.02 sys=0.00, real=0.02 secs] 
2389.334: [GC (Allocation Failure) [PSYoungGen: 407279K->91484K(465920K)] 1078845K->763323K(1430528K), 0.0143906 secs] [Times: user=0.03 sys=0.00, real=0.02 secs] 
2390.337: [GC (Allocation Failure) [PSYoungGen: 324444K->38002K(465920K)] 996283K->710155K(1430528K), 0.0055081 secs] [Times: user=0.01 sys=0.00, real=0.00 secs] 
2390.605: [GC (Allocation Failure) [PSYoungGen: 270962K->183819K(465920K)] 943115K->857225K(1430528K), 0.0202330 secs] [Times: user=0.03 sys=0.00, real=0.02 secs] 
2390.949: [GC (Allocation Failure) [PSYoungGen: 416779K->184301K(465920K)] 1090185K->858109K(1430528K), 0.0202598 secs] [Times: user=0.03 sys=0.00, real=0.02 secs] 
2392.063: [GC (Allocation Failure) [PSYoungGen: 408130K->92656K(465920K)] 1081938K->766601K(1430528K), 0.0123596 secs] [Times: user=0.03 sys=0.00, real=0.01 secs] 
2393.127: [GC (Allocation Failure) [PSYoungGen: 325616K->37845K(465920K)] 999561K->712087K(1430528K), 0.0064114 secs] [Times: user=0.01 sys=0.00, real=0.01 secs] 
2393.413: [GC (Allocation Failure) [PSYoungGen: 270805K->184462K(465920K)] 945047K->859957K(1430528K), 0.0202388 secs] [Times: user=0.03 sys=0.00, real=0.02 secs] 
2393.699: [GC (Allocation Failure) [PSYoungGen: 417422K->184301K(465920K)] 1092917K->860070K(1430528K), 0.0205290 secs] [Times: user=0.03 sys=0.00, real=0.02 secs] 
2394.981: [GC (Allocation Failure) [PSYoungGen: 409380K->92126K(465920K)] 1085149K->768289K(1430528K), 0.0261476 secs] [Times: user=0.06 sys=0.00, real=0.02 secs] 
2396.343: [GC (Allocation Failure) [PSYoungGen: 325086K->37845K(465920K)] 1001249K->714186K(1430528K), 0.0069267 secs] [Times: user=0.01 sys=0.00, real=0.01 secs] 
2396.633: [GC (Allocation Failure) [PSYoungGen: 270805K->184719K(465920K)] 947146K->862306K(1430528K), 0.0203623 secs] [Times: user=0.03 sys=0.00, real=0.02 secs] 
2396.919: [GC (Allocation Failure) [PSYoungGen: 417679K->184719K(465920K)] 1095266K->862579K(1430528K), 0.0205568 secs] [Times: user=0.03 sys=0.00, real=0.02 secs] 
2398.218: [GC (Allocation Failure) [PSYoungGen: 407284K->91435K(465920K)] 1085144K->769561K(1430528K), 0.0254904 secs] [Times: user=0.05 sys=0.00, real=0.02 secs] 
2399.129: [GC (Allocation Failure) [PSYoungGen: 324395K->38131K(465920K)] 1002521K->716580K(1430528K), 0.0055833 secs] [Times: user=0.01 sys=0.00, real=0.00 secs] 
2399.398: [GC (Allocation Failure) [PSYoungGen: 271091K->184076K(465920K)] 949540K->863779K(1430528K), 0.0201369 secs] [Times: user=0.03 sys=0.00, real=0.02 secs] 
2399.736: [GC (Allocation Failure) [PSYoungGen: 417036K->184558K(465920K)] 1096739K->864542K(1430528K), 0.0200272 secs] [Times: user=0.03 sys=0.00, real=0.02 secs] 
2400.390: [GC (Allocation Failure) [PSYoungGen: 407549K->91998K(465920K)] 1087534K->772255K(1430528K), 0.0120408 secs] [Times: user=0.03 sys=0.00, real=0.01 secs] 
2401.414: [GC (Allocation Failure) [PSYoungGen: 324958K->37748K(465920K)] 1005215K->718321K(1430528K), 0.0054666 secs] [Times: user=0.02 sys=0.00, real=0.01 secs] 
2401.684: [GC (Allocation Failure) [PSYoungGen: 270708K->184847K(465920K)] 951281K->866666K(1430528K), 0.0202149 secs] [Times: user=0.03 sys=0.00, real=0.02 secs] 
2401.970: [GC (Allocation Failure) [PSYoungGen: 417807K->183787K(465920K)] 1099626K->865879K(1430528K), 0.0208403 secs] [Times: user=0.03 sys=0.00, real=0.02 secs] 
2403.265: [GC (Allocation Failure) [PSYoungGen: 409314K->92431K(465920K)] 1091406K->774796K(1430528K), 0.0193878 secs] [Times: user=0.04 sys=0.00, real=0.02 secs] 
2405.309: [GC (Allocation Failure) [PSYoungGen: 325391K->37620K(465920K)] 1007756K->720298K(1430528K), 0.0075168 secs] [Times: user=0.02 sys=0.00, real=0.00 secs] 
2405.620: [GC (Allocation Failure) [PSYoungGen: 270580K->184590K(465920K)] 953258K->868530K(1430528K), 0.0203814 secs] [Times: user=0.02 sys=0.00, real=0.02 secs] 
2405.904: [GC (Allocation Failure) [PSYoungGen: 417550K->184301K(465920K)] 1101490K->868522K(1430528K), 0.0204211 secs] [Times: user=0.03 sys=0.00, real=0.02 secs] 
2407.186: [GC (Allocation Failure) [PSYoungGen: 409185K->92319K(465920K)] 1093406K->776813K(1430528K), 0.0257913 secs] [Times: user=0.05 sys=0.00, real=0.03 secs] 
2409.337: [GC (Allocation Failure) [PSYoungGen: 325279K->37588K(465920K)] 1009773K->722388K(1430528K), 0.0084079 secs] [Times: user=0.02 sys=0.00, real=0.00 secs] 
2409.664: [GC (Allocation Failure) [PSYoungGen: 270548K->184590K(465920K)] 955348K->870644K(1430528K), 0.0203840 secs] [Times: user=0.03 sys=0.00, real=0.02 secs] 
2409.948: [GC (Allocation Failure) [PSYoungGen: 417550K->184558K(465920K)] 1103604K->871029K(1430528K), 0.0204047 secs] [Times: user=0.02 sys=0.00, real=0.02 secs] 
2410.598: [GC (Allocation Failure) [PSYoungGen: 407563K->91982K(465920K)] 1094034K->778589K(1430528K), 0.0114390 secs] [Times: user=0.02 sys=0.00, real=0.01 secs] 
2411.423: [GC (Allocation Failure) [PSYoungGen: 324942K->38066K(465920K)] 1011549K->724988K(1430528K), 0.0056577 secs] [Times: user=0.02 sys=0.00, real=0.01 secs] 
2411.693: [GC (Allocation Failure) [PSYoungGen: 271026K->184430K(465920K)] 957948K->872725K(1430528K), 0.0203362 secs] [Times: user=0.03 sys=0.00, real=0.02 secs] 
2411.977: [GC (Allocation Failure) [PSYoungGen: 417390K->184590K(465920K)] 1105685K->873038K(1430528K), 0.0201969 secs] [Times: user=0.03 sys=0.00, real=0.02 secs] 
2414.195: [GC (Allocation Failure) [PSYoungGen: 407169K->91773K(465920K)] 1095617K->780486K(1430528K), 0.0247459 secs] [Times: user=0.05 sys=0.00, real=0.03 secs] 
2416.022: [GC (Allocation Failure) [PSYoungGen: 324733K->37716K(465920K)] 1013446K->726743K(1430528K), 0.0065381 secs] [Times: user=0.01 sys=0.00, real=0.01 secs] 
2416.304: [GC (Allocation Failure) [PSYoungGen: 270676K->184462K(465920K)] 959703K->874742K(1430528K), 0.0203339 secs] [Times: user=0.03 sys=0.00, real=0.02 secs] 
2416.587: [GC (Allocation Failure) [PSYoungGen: 417422K->184301K(465920K)] 1107702K->874855K(1430528K), 0.0202530 secs] [Times: user=0.03 sys=0.00, real=0.03 secs] 
2418.507: [GC (Allocation Failure) [PSYoungGen: 409348K->92271K(465920K)] 1099901K->783226K(1430528K), 0.0164793 secs] [Times: user=0.03 sys=0.00, real=0.01 secs] 
2420.794: [GC (Allocation Failure) [PSYoungGen: 325231K->37331K(465920K)] 1016186K->728463K(1430528K), 0.0071153 secs] [Times: user=0.02 sys=0.00, real=0.01 secs] 
2421.172: [GC (Allocation Failure) [PSYoungGen: 270291K->184719K(465920K)] 961423K->877089K(1430528K), 0.0203396 secs] [Times: user=0.03 sys=0.00, real=0.02 secs] 
2421.459: [GC (Allocation Failure) [PSYoungGen: 417679K->184687K(465920K)] 1110049K->877338K(1430528K), 0.0203863 secs] [Times: user=0.03 sys=0.00, real=0.02 secs] 
2422.838: [GC (Allocation Failure) [PSYoungGen: 409820K->91998K(465920K)] 1102471K->784922K(1430528K), 0.0183703 secs] [Times: user=0.04 sys=0.00, real=0.01 secs] 
2425.331: [GC (Allocation Failure) [PSYoungGen: 324958K->37716K(465920K)] 1017882K->730948K(1430528K), 0.0077502 secs] [Times: user=0.01 sys=0.00, real=0.01 secs] 
2425.650: [GC (Allocation Failure) [PSYoungGen: 270676K->184687K(465920K)] 963908K->879180K(1430528K), 0.0203841 secs] [Times: user=0.02 sys=0.00, real=0.02 secs] 
2425.937: [GC (Allocation Failure) [PSYoungGen: 417647K->184366K(465920K)] 1112140K->879132K(1430528K), 0.0203075 secs] [Times: user=0.03 sys=0.00, real=0.03 secs] 
2426.684: [GC (Allocation Failure) [PSYoungGen: 406823K->91901K(465920K)] 1101590K->786933K(1430528K), 0.0112866 secs] [Times: user=0.02 sys=0.00, real=0.01 secs] 
2428.207: [GC (Allocation Failure) [PSYoungGen: 324861K->37845K(465920K)] 1019893K->733185K(1430528K), 0.0075072 secs] [Times: user=0.02 sys=0.00, real=0.00 secs] 
2428.519: [GC (Allocation Failure) [PSYoungGen: 270805K->184719K(465920K)] 966145K->881433K(1430528K), 0.0202693 secs] [Times: user=0.03 sys=0.00, real=0.02 secs] 
2428.804: [GC (Allocation Failure) [PSYoungGen: 417679K->184623K(465920K)] 1114393K->881489K(1430528K), 0.0207632 secs] [Times: user=0.03 sys=0.00, real=0.02 secs] 
2430.707: [GC (Allocation Failure) [PSYoungGen: 407172K->91516K(465920K)] 1104039K->788647K(1430528K), 0.0265323 secs] [Times: user=0.05 sys=0.00, real=0.03 secs] 
2432.627: [GC (Allocation Failure) [PSYoungGen: 324476K->37845K(465920K)] 1021607K->735292K(1430528K), 0.0075642 secs] [Times: user=0.02 sys=0.00, real=0.01 secs] 
2432.943: [GC (Allocation Failure) [PSYoungGen: 270805K->183819K(465920K)] 968252K->882520K(1430528K), 0.0202993 secs] [Times: user=0.02 sys=0.00, real=0.02 secs] 
2433.227: [GC (Allocation Failure) [PSYoungGen: 416779K->184398K(465920K)] 1115480K->883372K(1430528K), 0.0203443 secs] [Times: user=0.03 sys=0.00, real=0.02 secs] 
2434.930: [GC (Allocation Failure) [PSYoungGen: 409785K->92640K(465920K)] 1108759K->791896K(1430528K), 0.0270490 secs] [Times: user=0.06 sys=0.00, real=0.02 secs] 
2436.269: [GC (Allocation Failure) [PSYoungGen: 325600K->38002K(465920K)] 1024856K->737581K(1430528K), 0.0055458 secs] [Times: user=0.02 sys=0.00, real=0.00 secs] 
2436.600: [GC (Allocation Failure) [PSYoungGen: 270962K->184687K(465920K)] 970541K->885519K(1430528K), 0.0203516 secs] [Times: user=0.02 sys=0.00, real=0.02 secs] 
2436.888: [GC (Allocation Failure) [PSYoungGen: 417647K->184687K(465920K)] 1118479K->885792K(1430528K), 0.0203908 secs] [Times: user=0.03 sys=0.00, real=0.02 secs] 
2437.939: [GC (Allocation Failure) [PSYoungGen: 407249K->91291K(465920K)] 1108355K->792662K(1430528K), 0.0146975 secs] [Times: user=0.03 sys=0.00, real=0.01 secs] 
2439.379: [GC (Allocation Failure) [PSYoungGen: 324251K->37745K(465920K)] 1025622K->739430K(1430528K), 0.0062962 secs] [Times: user=0.02 sys=0.00, real=0.00 secs] 
2439.657: [GC (Allocation Failure) [PSYoungGen: 270705K->184719K(465920K)] 972390K->887785K(1430528K), 0.0203175 secs] [Times: user=0.03 sys=0.00, real=0.02 secs] 
2439.940: [GC (Allocation Failure) [PSYoungGen: 417679K->184687K(465920K)] 1120745K->887898K(1430528K), 0.0202219 secs] [Times: user=0.03 sys=0.00, real=0.02 secs] 
2441.076: [GC (Allocation Failure) [PSYoungGen: 407243K->91628K(465920K)] 1110454K->795112K(1430528K), 0.0166284 secs] [Times: user=0.04 sys=0.00, real=0.02 secs] 
2441.958: [GC (Allocation Failure) [PSYoungGen: 324588K->38002K(465920K)] 1028072K->741787K(1430528K), 0.0068416 secs] [Times: user=0.02 sys=0.00, real=0.00 secs] 
2442.307: [GC (Allocation Failure) [PSYoungGen: 270962K->183787K(465920K)] 974747K->888817K(1430528K), 0.0204672 secs] [Times: user=0.03 sys=0.00, real=0.03 secs] 
2442.595: [GC (Allocation Failure) [PSYoungGen: 416747K->184269K(465920K)] 1121777K->889701K(1430528K), 0.0203126 secs] [Times: user=0.03 sys=0.00, real=0.02 secs] 
2443.596: [GC (Allocation Failure) [PSYoungGen: 408102K->92656K(465920K)] 1113533K->798232K(1430528K), 0.0199903 secs] [Times: user=0.04 sys=0.00, real=0.02 secs] 
2445.283: [GC (Allocation Failure) [PSYoungGen: 325616K->37556K(465920K)] 1031192K->743440K(1430528K), 0.0084477 secs] [Times: user=0.02 sys=0.00, real=0.01 secs] 
2445.606: [GC (Allocation Failure) [PSYoungGen: 270516K->184430K(465920K)] 976400K->891575K(1430528K), 0.0203004 secs] [Times: user=0.03 sys=0.00, real=0.02 secs] 
2445.956: [GC (Allocation Failure) [PSYoungGen: 417390K->184590K(465920K)] 1124535K->892009K(1430528K), 0.0204366 secs] [Times: user=0.03 sys=0.00, real=0.02 secs] 
2447.436: [GC (Allocation Failure) [PSYoungGen: 407643K->92110K(465920K)] 1115062K->799802K(1430528K), 0.0151165 secs] [Times: user=0.03 sys=0.01, real=0.02 secs] 
2449.199: [GC (Allocation Failure) [PSYoungGen: 325070K->37556K(465920K)] 1032762K->745548K(1430528K), 0.0083986 secs] [Times: user=0.02 sys=0.00, real=0.01 secs] 
2449.524: [GC (Allocation Failure) [PSYoungGen: 270516K->184430K(465920K)] 978508K->893659K(1430528K), 0.0207103 secs] [Times: user=0.03 sys=0.00, real=0.02 secs] 
2449.861: [GC (Allocation Failure) [PSYoungGen: 417390K->184269K(465920K)] 1126619K->893772K(1430528K), 0.0203889 secs] [Times: user=0.03 sys=0.00, real=0.02 secs] 
2450.489: [GC (Allocation Failure) [PSYoungGen: 409314K->92399K(465920K)] 1118817K->802303K(1430528K), 0.0127033 secs] [Times: user=0.03 sys=0.00, real=0.01 secs] 
2451.910: [GC (Allocation Failure) [PSYoungGen: 325359K->37617K(465920K)] 1035263K->747709K(1430528K), 0.0065804 secs] [Times: user=0.01 sys=0.00, real=0.00 secs] 
2452.266: [GC (Allocation Failure) [PSYoungGen: 270577K->184687K(465920K)] 980669K->896016K(1430528K), 0.0204227 secs] [Times: user=0.03 sys=0.00, real=0.02 secs] 
2452.556: [GC (Allocation Failure) [PSYoungGen: 417647K->184719K(465920K)] 1128976K->896329K(1430528K), 0.0203130 secs] [Times: user=0.03 sys=0.00, real=0.02 secs] 
2454.350: [GC (Allocation Failure) [PSYoungGen: 407572K->91741K(465920K)] 1119183K->803616K(1430528K), 0.0254735 secs] [Times: user=0.06 sys=0.01, real=0.02 secs] 
2456.208: [GC (Allocation Failure) [PSYoungGen: 324701K->37874K(465920K)] 1036576K->750057K(1430528K), 0.0064602 secs] [Times: user=0.01 sys=0.00, real=0.00 secs] 
2456.487: [GC (Allocation Failure) [PSYoungGen: 270834K->183787K(465920K)] 983017K->897216K(1430528K), 0.0202119 secs] [Times: user=0.02 sys=0.00, real=0.02 secs] 
2456.775: [GC (Allocation Failure) [PSYoungGen: 416747K->184430K(465920K)] 1130176K->898132K(1430528K), 0.0203233 secs] [Times: user=0.03 sys=0.00, real=0.02 secs] 
2458.247: [GC (Allocation Failure) [PSYoungGen: 409540K->92688K(465920K)] 1123243K->806792K(1430528K), 0.0147694 secs] [Times: user=0.03 sys=0.00, real=0.02 secs] 
2460.452: [GC (Allocation Failure) [PSYoungGen: 325648K->37231K(465920K)] 1039752K->751523K(1430528K), 0.0068229 secs] [Times: user=0.01 sys=0.01, real=0.01 secs] 
2460.745: [GC (Allocation Failure) [PSYoungGen: 270191K->184719K(465920K)] 984483K->900256K(1430528K), 0.0202451 secs] [Times: user=0.03 sys=0.00, real=0.02 secs] 
2461.029: [GC (Allocation Failure) [PSYoungGen: 417679K->184623K(465920K)] 1133216K->900561K(1430528K), 0.0204099 secs] [Times: user=0.02 sys=0.00, real=0.02 secs] 
2462.416: [GC (Allocation Failure) [PSYoungGen: 409623K->92158K(465920K)] 1125561K->808370K(1430528K), 0.0159901 secs] [Times: user=0.03 sys=0.00, real=0.02 secs] 
2465.086: [GC (Allocation Failure) [PSYoungGen: 325118K->37427K(465920K)] 1041330K->753826K(1430528K), 0.0078767 secs] [Times: user=0.02 sys=0.00, real=0.01 secs] 
2465.408: [GC (Allocation Failure) [PSYoungGen: 270387K->184719K(465920K)] 986786K->902371K(1430528K), 0.0203164 secs] [Times: user=0.03 sys=0.00, real=0.02 secs] 
2465.697: [GC (Allocation Failure) [PSYoungGen: 417679K->184687K(465920K)] 1135331K->902612K(1430528K), 0.0203537 secs] [Times: user=0.03 sys=0.00, real=0.02 secs] 
2467.469: [GC (Allocation Failure) [PSYoungGen: 407498K->91901K(465920K)] 1125424K->810092K(1430528K), 0.0147930 secs] [Times: user=0.04 sys=0.00, real=0.01 secs] 
2469.281: [GC (Allocation Failure) [PSYoungGen: 324861K->37427K(465920K)] 1043052K->755910K(1430528K), 0.0074966 secs] [Times: user=0.02 sys=0.00, real=0.01 secs] 
2469.587: [GC (Allocation Failure) [PSYoungGen: 270387K->184719K(465920K)] 988870K->904576K(1430528K), 0.0204166 secs] [Times: user=0.02 sys=0.00, real=0.02 secs] 
2469.956: [GC (Allocation Failure) [PSYoungGen: 417679K->184655K(465920K)] 1137536K->904656K(1430528K), 0.0204140 secs] [Times: user=0.03 sys=0.00, real=0.02 secs] 
2471.343: [GC (Allocation Failure) [PSYoungGen: 407218K->91901K(465920K)] 1127220K->812176K(1430528K), 0.0175293 secs] [Times: user=0.04 sys=0.00, real=0.02 secs] 
2473.948: [GC (Allocation Failure) [PSYoungGen: 324861K->37652K(465920K)] 1045136K->758232K(1430528K), 0.0106257 secs] [Times: user=0.03 sys=0.00, real=0.01 secs] 
2474.270: [GC (Allocation Failure) [PSYoungGen: 270612K->183658K(465920K)] 991192K->905500K(1430528K), 0.0204228 secs] [Times: user=0.02 sys=0.00, real=0.02 secs] 
2474.554: [GC (Allocation Failure) [PSYoungGen: 416618K->184462K(465920K)] 1138460K->906577K(1430528K), 0.0202430 secs] [Times: user=0.03 sys=0.00, real=0.02 secs] 
2475.751: [GC (Allocation Failure) [PSYoungGen: 409580K->93042K(465920K)] 1131695K->815566K(1430528K), 0.0122470 secs] [Times: user=0.03 sys=0.00, real=0.01 secs] 
2477.252: [GC (Allocation Failure) [PSYoungGen: 326002K->37588K(465920K)] 1048526K->760297K(1430528K), 0.0055350 secs] [Times: user=0.01 sys=0.00, real=0.01 secs] 
2477.520: [GC (Allocation Failure) [PSYoungGen: 270548K->183948K(465920K)] 993257K->907911K(1430528K), 0.0202396 secs] [Times: user=0.03 sys=0.00, real=0.02 secs] 
2477.804: [GC (Allocation Failure) [PSYoungGen: 416908K->184815K(465920K)] 1140871K->909060K(1430528K), 0.0203405 secs] [Times: user=0.02 sys=0.00, real=0.02 secs] 
2478.632: [GC (Allocation Failure) [PSYoungGen: 408555K->92351K(465920K)] 1132799K->816861K(1430528K), 0.0115297 secs] [Times: user=0.02 sys=0.00, real=0.01 secs] 
2480.109: [GC (Allocation Failure) [PSYoungGen: 325311K->37427K(465920K)] 1049821K->762250K(1430528K), 0.0094443 secs] [Times: user=0.02 sys=0.00, real=0.01 secs] 
2480.451: [GC (Allocation Failure) [PSYoungGen: 270387K->184301K(465920K)] 995210K->910506K(1430528K), 0.0204465 secs] [Times: user=0.03 sys=0.00, real=0.02 secs] 
2480.737: [GC (Allocation Failure) [PSYoungGen: 417261K->184173K(465920K)] 1143466K->910522K(1430528K), 0.0204026 secs] [Times: user=0.03 sys=0.00, real=0.02 secs] 
2482.654: [GC (Allocation Failure) [PSYoungGen: 409096K->92785K(465920K)] 1135446K->819400K(1430528K), 0.0216599 secs] [Times: user=0.05 sys=0.00, real=0.02 secs] 
2484.922: [GC (Allocation Failure) [PSYoungGen: 325745K->37588K(465920K)] 1052360K->764510K(1430528K), 0.0071489 secs] [Times: user=0.01 sys=0.01, real=0.01 secs] 
2485.219: [GC (Allocation Failure) [PSYoungGen: 270548K->184462K(465920K)] 997470K->912774K(1430528K), 0.0205080 secs] [Times: user=0.03 sys=0.00, real=0.02 secs] 
2485.503: [GC (Allocation Failure) [PSYoungGen: 417422K->184494K(465920K)] 1145734K->912943K(1430528K), 0.0205477 secs] [Times: user=0.03 sys=0.00, real=0.02 secs] 
2487.627: [GC (Allocation Failure) [PSYoungGen: 407543K->92126K(465920K)] 1135992K->820848K(1430528K), 0.0135794 secs] [Times: user=0.03 sys=0.00, real=0.01 secs] 
2488.413: [GC (Allocation Failure) [PSYoungGen: 325086K->38037K(465920K)] 1053808K->767081K(1430528K), 0.0055748 secs] [Times: user=0.01 sys=0.00, real=0.01 secs] 
2488.683: [GC (Allocation Failure) [PSYoungGen: 270997K->184462K(465920K)] 1000041K->914751K(1430528K), 0.0204738 secs] [Times: user=0.03 sys=0.00, real=0.02 secs] 
2489.025: [GC (Allocation Failure) [PSYoungGen: 417422K->184301K(465920K)] 1147711K->914864K(1430528K), 0.0206092 secs] [Times: user=0.03 sys=0.00, real=0.02 secs] 
2491.841: [GC (Allocation Failure) [PSYoungGen: 409350K->91998K(465920K)] 1139913K->822954K(1430528K), 0.0251464 secs] [Times: user=0.05 sys=0.00, real=0.02 secs] 
2493.831: [GC (Allocation Failure) [PSYoungGen: 324958K->37716K(465920K)] 1055914K->768836K(1430528K), 0.0075855 secs] [Times: user=0.01 sys=0.00, real=0.01 secs] 
2494.143: [GC (Allocation Failure) [PSYoungGen: 270676K->184719K(465920K)] 1001796K->917100K(1430528K), 0.0205955 secs] [Times: user=0.02 sys=0.00, real=0.02 secs] 
2494.435: [GC (Allocation Failure) [PSYoungGen: 417679K->184430K(465920K)] 1150060K->917084K(1430528K), 0.0202713 secs] [Times: user=0.02 sys=0.00, real=0.02 secs] 
2495.699: [GC (Allocation Failure) [PSYoungGen: 407162K->91885K(465920K)] 1139816K->824804K(1430528K), 0.0243706 secs] [Times: user=0.05 sys=0.00, real=0.02 secs] 
2497.920: [GC (Allocation Failure) [PSYoungGen: 324845K->37813K(465920K)] 1057764K->771054K(1430528K), 0.0078007 secs] [Times: user=0.01 sys=0.00, real=0.01 secs] 
2498.235: [GC (Allocation Failure) [PSYoungGen: 270773K->184719K(465920K)] 1004014K->919326K(1430528K), 0.0203682 secs] [Times: user=0.03 sys=0.00, real=0.02 secs] 
2498.519: [GC (Allocation Failure) [PSYoungGen: 417679K->184687K(465920K)] 1152286K->919446K(1430528K), 0.0203929 secs] [Times: user=0.02 sys=0.00, real=0.02 secs] 
2499.127: [GC (Allocation Failure) [PSYoungGen: 407240K->91516K(465920K)] 1141999K->826548K(1430528K), 0.0124242 secs] [Times: user=0.03 sys=0.00, real=0.02 secs] 
2499.936: [GC (Allocation Failure) [PSYoungGen: 324476K->37973K(465920K)] 1059508K->773319K(1430528K), 0.0055510 secs] [Times: user=0.01 sys=0.00, real=0.01 secs] 
2500.264: [GC (Allocation Failure) [PSYoungGen: 270933K->183948K(465920K)] 1006279K->920547K(1430528K), 0.0203157 secs] [Times: user=0.03 sys=0.00, real=0.02 secs] 
2500.606: [GC (Allocation Failure) [PSYoungGen: 416908K->184430K(465920K)] 1153507K->921431K(1430528K), 0.0204502 secs] [Times: user=0.03 sys=0.00, real=0.02 secs] 
2501.225: [GC (Allocation Failure) [PSYoungGen: 409527K->92367K(465920K)] 1146529K->829634K(1430528K), 0.0121201 secs] [Times: user=0.03 sys=0.00, real=0.02 secs] 
2502.074: [GC (Allocation Failure) [PSYoungGen: 325327K->37973K(465920K)] 1062594K->775425K(1430528K), 0.0064388 secs] [Times: user=0.01 sys=0.00, real=0.01 secs] 
2502.353: [GC (Allocation Failure) [PSYoungGen: 270933K->184687K(465920K)] 1008385K->923376K(1430528K), 0.0203081 secs] [Times: user=0.03 sys=0.00, real=0.02 secs] 
2502.637: [GC (Allocation Failure) [PSYoungGen: 417647K->184655K(465920K)] 1156336K->923617K(1430528K), 0.0203161 secs] [Times: user=0.03 sys=0.00, real=0.03 secs] 
2503.243: [GC (Allocation Failure) [PSYoungGen: 407213K->91339K(465920K)] 1146175K->830574K(1430528K), 0.0107892 secs] [Times: user=0.02 sys=0.00, real=0.01 secs] 
2504.233: [GC (Allocation Failure) [PSYoungGen: 324299K->37748K(465920K)] 1063534K->777305K(1430528K), 0.0065814 secs] [Times: user=0.02 sys=0.00, real=0.01 secs] 
2504.571: [GC (Allocation Failure) [PSYoungGen: 270708K->183948K(465920K)] 1010265K->924766K(1430528K), 0.0204809 secs] [Times: user=0.03 sys=0.00, real=0.02 secs] 
2504.908: [GC (Allocation Failure) [PSYoungGen: 416908K->184430K(465920K)] 1157726K->925521K(1430528K), 0.0204033 secs] [Times: user=0.03 sys=0.00, real=0.02 secs] 
2505.617: [GC (Allocation Failure) [PSYoungGen: 409767K->92608K(465920K)] 1150859K->833973K(1430528K), 0.0129643 secs] [Times: user=0.02 sys=0.00, real=0.01 secs] 
2506.617: [GC (Allocation Failure) [PSYoungGen: 325568K->37874K(465920K)] 1066933K->779531K(1430528K), 0.0055144 secs] [Times: user=0.02 sys=0.00, real=0.01 secs] 
2506.945: [GC (Allocation Failure) [PSYoungGen: 270834K->184687K(465920K)] 1012491K->927581K(1430528K), 0.0204277 secs] [Times: user=0.02 sys=0.00, real=0.02 secs] 
2507.233: [GC (Allocation Failure) [PSYoungGen: 417647K->184655K(465920K)] 1160541K->927822K(1430528K), 0.0204781 secs] [Times: user=0.03 sys=0.00, real=0.02 secs] 
2507.893: [GC (Allocation Failure) [PSYoungGen: 407215K->91467K(465920K)] 1150383K->834900K(1430528K), 0.0113312 secs] [Times: user=0.02 sys=0.00, real=0.01 secs] 
2509.539: [GC (Allocation Failure) [PSYoungGen: 324427K->37459K(465920K)] 1067860K->781197K(1430528K), 0.0068938 secs] [Times: user=0.01 sys=0.01, real=0.00 secs] 
2509.828: [GC (Allocation Failure) [PSYoungGen: 270419K->183948K(465920K)] 1014157K->928931K(1430528K), 0.0202810 secs] [Times: user=0.03 sys=0.00, real=0.02 secs] 
2510.116: [GC (Allocation Failure) [PSYoungGen: 416908K->184398K(465920K)] 1161891K->929655K(1430528K), 0.0202968 secs] [Times: user=0.03 sys=0.00, real=0.02 secs] 
2512.676: [GC (Allocation Failure) [PSYoungGen: 409610K->92913K(465920K)] 1154867K->838435K(1430528K), 0.0257417 secs] [Times: user=0.06 sys=0.00, real=0.03 secs] 
2514.495: [GC (Allocation Failure) [PSYoungGen: 325873K->37716K(465920K)] 1071395K->783528K(1430528K), 0.0073661 secs] [Times: user=0.02 sys=0.00, real=0.01 secs] 
2514.801: [GC (Allocation Failure) [PSYoungGen: 270676K->184687K(465920K)] 1016488K->931752K(1430528K), 0.0205698 secs] [Times: user=0.03 sys=0.00, real=0.02 secs] 
2515.088: [GC (Allocation Failure) [PSYoungGen: 417647K->184687K(465920K)] 1164712K->932154K(1430528K), 0.0205126 secs] [Times: user=0.03 sys=0.00, real=0.02 secs] 
2516.624: [GC (Allocation Failure) [PSYoungGen: 407381K->91580K(465920K)] 1154848K->839312K(1430528K), 0.0139416 secs] [Times: user=0.03 sys=0.00, real=0.02 secs] 
2519.633: [GC (Allocation Failure) [PSYoungGen: 324540K->37813K(465920K)] 1072272K->785722K(1430528K), 0.0078485 secs] [Times: user=0.02 sys=0.00, real=0.01 secs] 
2519.941: [GC (Allocation Failure) [PSYoungGen: 270773K->183819K(465920K)] 1018682K->932982K(1430528K), 0.0204090 secs] [Times: user=0.03 sys=0.00, real=0.02 secs] 
2520.224: [GC (Allocation Failure) [PSYoungGen: 416779K->184430K(465920K)] 1165942K->933865K(1430528K), 0.0205508 secs] [Times: user=0.03 sys=0.00, real=0.02 secs] 
2521.164: [GC (Allocation Failure) [PSYoungGen: 409799K->92608K(465920K)] 1159235K->842317K(1430528K), 0.0123635 secs] [Times: user=0.02 sys=0.00, real=0.01 secs] 
2522.927: [GC (Allocation Failure) [PSYoungGen: 325568K->37299K(465920K)] 1075277K->787313K(1430528K), 0.0066044 secs] [Times: user=0.02 sys=0.00, real=0.01 secs] 
2523.272: [GC (Allocation Failure) [PSYoungGen: 270259K->184687K(465920K)] 1020273K->935947K(1430528K), 0.0203789 secs] [Times: user=0.03 sys=0.00, real=0.02 secs] 
2523.612: [GC (Allocation Failure) [PSYoungGen: 417647K->184655K(465920K)] 1168907K->936316K(1430528K), 0.0205644 secs] [Times: user=0.02 sys=0.00, real=0.02 secs] 
2525.155: [GC (Allocation Failure) [PSYoungGen: 409692K->91998K(465920K)] 1161354K->843924K(1430528K), 0.0189492 secs] [Times: user=0.04 sys=0.00, real=0.02 secs] 
2526.324: [GC (Allocation Failure) [PSYoungGen: 324958K->38002K(465920K)] 1076884K->790124K(1430528K), 0.0055898 secs] [Times: user=0.01 sys=0.00, real=0.01 secs] 
2526.594: [GC (Allocation Failure) [PSYoungGen: 270962K->184719K(465920K)] 1023084K->938094K(1430528K), 0.0202811 secs] [Times: user=0.02 sys=0.00, real=0.02 secs] 
2526.877: [GC (Allocation Failure) [PSYoungGen: 417679K->184687K(465920K)] 1171054K->938335K(1430528K), 0.0203485 secs] [Times: user=0.03 sys=0.00, real=0.02 secs] 
2528.351: [GC (Allocation Failure) [PSYoungGen: 407246K->91339K(465920K)] 1160895K->845253K(1430528K), 0.0191475 secs] [Times: user=0.04 sys=0.00, real=0.02 secs] 
2530.159: [GC (Allocation Failure) [PSYoungGen: 324299K->37813K(465920K)] 1078213K->792034K(1430528K), 0.0085532 secs] [Times: user=0.02 sys=0.00, real=0.01 secs] 
2530.487: [GC (Allocation Failure) [PSYoungGen: 270773K->183819K(465920K)] 1024994K->939294K(1430528K), 0.0203009 secs] [Times: user=0.03 sys=0.00, real=0.02 secs] 
2530.779: [GC (Allocation Failure) [PSYoungGen: 416779K->184430K(465920K)] 1172254K->940178K(1430528K), 0.0205032 secs] [Times: user=0.02 sys=0.00, real=0.02 secs] 
2531.411: [GC (Allocation Failure) [PSYoungGen: 409783K->92688K(465920K)] 1165531K->848710K(1430528K), 0.0128428 secs] [Times: user=0.03 sys=0.00, real=0.01 secs] 
2532.363: [GC (Allocation Failure) [PSYoungGen: 325648K->37973K(465920K)] 1081670K->794300K(1430528K), 0.0068817 secs] [Times: user=0.02 sys=0.00, real=0.01 secs] 
2532.713: [GC (Allocation Failure) [PSYoungGen: 270933K->184687K(465920K)] 1027260K->942260K(1430528K), 0.0203695 secs] [Times: user=0.03 sys=0.00, real=0.02 secs] 
2533.053: [GC (Allocation Failure) [PSYoungGen: 417647K->184687K(465920K)] 1175220K->942533K(1430528K), 0.0201099 secs] [Times: user=0.03 sys=0.00, real=0.02 secs] 
2533.816: [GC (Allocation Failure) [PSYoungGen: 407274K->91371K(465920K)] 1165120K->849490K(1430528K), 0.0120745 secs] [Times: user=0.03 sys=0.00, real=0.02 secs] 
2535.133: [GC (Allocation Failure) [PSYoungGen: 324331K->37684K(465920K)] 1082450K->796127K(1430528K), 0.0076488 secs] [Times: user=0.02 sys=0.00, real=0.01 secs] 
2535.447: [GC (Allocation Failure) [PSYoungGen: 270644K->183916K(465920K)] 1029087K->943604K(1430528K), 0.0202683 secs] [Times: user=0.03 sys=0.00, real=0.03 secs] 
2535.792: [GC (Allocation Failure) [PSYoungGen: 416876K->184366K(465920K)] 1176564K->944327K(1430528K), 0.0203767 secs] [Times: user=0.02 sys=0.00, real=0.02 secs] 
2536.446: [GC (Allocation Failure) [PSYoungGen: 408187K->92608K(465920K)] 1168148K->852835K(1430528K), 0.0123436 secs] [Times: user=0.02 sys=0.00, real=0.02 secs] 
2537.887: [GC (Allocation Failure) [PSYoungGen: 325568K->37556K(465920K)] 1085795K->798080K(1430528K), 0.0071391 secs] [Times: user=0.02 sys=0.00, real=0.01 secs] 
2538.269: [GC (Allocation Failure) [PSYoungGen: 270516K->184430K(465920K)] 1031040K->946192K(1430528K), 0.0204024 secs] [Times: user=0.02 sys=0.00, real=0.02 secs] 
2538.558: [GC (Allocation Failure) [PSYoungGen: 417390K->184333K(465920K)] 1179152K->946368K(1430528K), 0.0201663 secs] [Times: user=0.02 sys=0.00, real=0.02 secs] 
2540.252: [GC (Allocation Failure) [PSYoungGen: 409380K->92431K(465920K)] 1171415K->854868K(1430528K), 0.0191670 secs] [Times: user=0.05 sys=0.00, real=0.02 secs] 
2541.424: [GC (Allocation Failure) [PSYoungGen: 325391K->37941K(465920K)] 1087828K->800549K(1430528K), 0.0070444 secs] [Times: user=0.01 sys=0.00, real=0.01 secs] 
2541.713: [GC (Allocation Failure) [PSYoungGen: 270901K->184687K(465920K)] 1033509K->948540K(1430528K), 0.0203429 secs] [Times: user=0.03 sys=0.00, real=0.02 secs] 
2541.997: [GC (Allocation Failure) [PSYoungGen: 417647K->184687K(465920K)] 1181500K->948813K(1430528K), 0.0202109 secs] [Times: user=0.03 sys=0.00, real=0.03 secs] 
2543.163: [GC (Allocation Failure) [PSYoungGen: 407246K->91307K(465920K)] 1171373K->855699K(1430528K), 0.0211990 secs] [Times: user=0.05 sys=0.00, real=0.02 secs] 
2544.256: [GC (Allocation Failure) [PSYoungGen: 324267K->38034K(465920K)] 1088659K->802740K(1430528K), 0.0057598 secs] [Times: user=0.01 sys=0.00, real=0.01 secs] 
2544.526: [GC (Allocation Failure) [PSYoungGen: 270994K->183819K(465920K)] 1035700K->949786K(1430528K), 0.0206524 secs] [Times: user=0.03 sys=0.00, real=0.02 secs] 
2544.817: [GC (Allocation Failure) [PSYoungGen: 416779K->184687K(465920K)] 1182746K->950927K(1430528K), 0.0203901 secs] [Times: user=0.02 sys=0.00, real=0.02 secs] 
2545.940: [GC (Allocation Failure) [PSYoungGen: 408476K->92303K(465920K)] 1174716K->858816K(1430528K), 0.0200613 secs] [Times: user=0.04 sys=0.00, real=0.02 secs] 
2547.100: [GC (Allocation Failure) [PSYoungGen: 325263K->37973K(465920K)] 1091776K->804792K(1430528K), 0.0065879 secs] [Times: user=0.02 sys=0.00, real=0.00 secs] 
2547.375: [GC (Allocation Failure) [PSYoungGen: 270933K->184333K(465920K)] 1037752K->952405K(1430528K), 0.0205001 secs] [Times: user=0.03 sys=0.00, real=0.02 secs] 
2547.659: [GC (Allocation Failure) [PSYoungGen: 417293K->184205K(465920K)] 1185365K->952550K(1430528K), 0.0202403 secs] [Times: user=0.03 sys=0.00, real=0.02 secs] 
2548.843: [GC (Allocation Failure) [PSYoungGen: 409426K->92287K(465920K)] 1177772K->860905K(1430528K), 0.0211753 secs] [Times: user=0.05 sys=0.00, real=0.02 secs] 
2549.761: [GC (Allocation Failure) [PSYoungGen: 325247K->38070K(465920K)] 1093865K->807004K(1430528K), 0.0077550 secs] [Times: user=0.02 sys=0.00, real=0.01 secs] 
2550.120: [GC (Allocation Failure) [PSYoungGen: 271030K->184687K(465920K)] 1039964K->954867K(1430528K), 0.0205045 secs] [Times: user=0.03 sys=0.00, real=0.02 secs] 
2550.463: [GC (Allocation Failure) [PSYoungGen: 417647K->184623K(465920K)] 1187827K->955076K(1430528K), 0.0204685 secs] [Times: user=0.03 sys=0.00, real=0.02 secs] 
2553.252: [GC (Allocation Failure) [PSYoungGen: 407066K->91210K(465920K)] 1177519K->861929K(1430528K), 0.0275810 secs] [Times: user=0.06 sys=0.00, real=0.03 secs] 
2555.431: [GC (Allocation Failure) [PSYoungGen: 324170K->37684K(465920K)] 1094889K->808716K(1430528K), 0.0084882 secs] [Times: user=0.02 sys=0.00, real=0.01 secs] 
2555.766: [GC (Allocation Failure) [PSYoungGen: 270644K->184687K(465920K)] 1041676K->956972K(1430528K), 0.0205661 secs] [Times: user=0.02 sys=0.00, real=0.02 secs] 
2556.059: [GC (Allocation Failure) [PSYoungGen: 417647K->184687K(465920K)] 1189932K->957237K(1430528K), 0.0203920 secs] [Times: user=0.03 sys=0.00, real=0.02 secs] 
2556.759: [GC (Allocation Failure) [PSYoungGen: 407248K->91644K(465920K)] 1179798K->864468K(1430528K), 0.0116863 secs] [Times: user=0.03 sys=0.00, real=0.01 secs] 
2557.703: [GC (Allocation Failure) [PSYoungGen: 324604K->38002K(465920K)] 1097428K->811140K(1430528K), 0.0056468 secs] [Times: user=0.01 sys=0.00, real=0.01 secs] 
2558.037: [GC (Allocation Failure) [PSYoungGen: 270962K->183819K(465920K)] 1044100K->958202K(1430528K), 0.0203985 secs] [Times: user=0.03 sys=0.00, real=0.03 secs] 
2558.320: [GC (Allocation Failure) [PSYoungGen: 416779K->184623K(465920K)] 1191162K->959279K(1430528K), 0.0205523 secs] [Times: user=0.02 sys=0.00, real=0.02 secs] 
2560.554: [GC (Allocation Failure) [PSYoungGen: 410043K->92255K(465920K)] 1184699K->867176K(1430528K), 0.0148903 secs] [Times: user=0.03 sys=0.00, real=0.02 secs] 
2562.151: [GC (Allocation Failure) [PSYoungGen: 325215K->37588K(465920K)] 1100136K->812825K(1430528K), 0.0077525 secs] [Times: user=0.02 sys=0.00, real=0.01 secs] 
2562.461: [GC (Allocation Failure) [PSYoungGen: 270548K->184558K(465920K)] 1045785K->961169K(1430528K), 0.0203814 secs] [Times: user=0.03 sys=0.00, real=0.02 secs] 
2562.745: [GC (Allocation Failure) [PSYoungGen: 417518K->184687K(465920K)] 1194129K->961442K(1430528K), 0.0203320 secs] [Times: user=0.03 sys=0.00, real=0.02 secs] 
2563.593: [GC (Allocation Failure) [PSYoungGen: 407263K->91869K(465920K)] 1184018K->868898K(1430528K), 0.0108233 secs] [Times: user=0.02 sys=0.00, real=0.01 secs] 
2565.162: [GC (Allocation Failure) [PSYoungGen: 324829K->37459K(465920K)] 1101858K->814786K(1430528K), 0.0076994 secs] [Times: user=0.02 sys=0.00, real=0.01 secs] 
2565.536: [GC (Allocation Failure) [PSYoungGen: 270419K->184976K(465920K)] 1047746K->963564K(1430528K), 0.0206837 secs] [Times: user=0.02 sys=0.00, real=0.03 secs] 
2565.821: [GC (Allocation Failure) [PSYoungGen: 417936K->184301K(465920K)] 1196524K->963162K(1430528K), 0.0203623 secs] [Times: user=0.03 sys=0.00, real=0.02 secs] 
2566.459: [GC (Allocation Failure) [PSYoungGen: 404853K->92030K(465920K)] 1183714K->871292K(1430528K), 0.0126327 secs] [Times: user=0.03 sys=0.00, real=0.01 secs] 
2568.170: [GC (Allocation Failure) [PSYoungGen: 324990K->37713K(465920K)] 1104252K->817153K(1430528K), 0.0076823 secs] [Times: user=0.02 sys=0.00, real=0.01 secs] 
2568.483: [GC (Allocation Failure) [PSYoungGen: 270673K->186357K(465920K)] 1050113K->967164K(1430528K), 0.0206668 secs] [Times: user=0.03 sys=0.00, real=0.02 secs] 
2568.769: [GC (Allocation Failure) [PSYoungGen: 419317K->186100K(465920K)] 1200124K->967051K(1430528K), 0.0205189 secs] [Times: user=0.03 sys=0.00, real=0.02 secs] 
2570.192: [GC (Allocation Failure) [PSYoungGen: 406380K->88495K(465920K)] 1187330K->869840K(1430528K), 0.0164800 secs] [Times: user=0.04 sys=0.00, real=0.02 secs] 
2571.627: [GC (Allocation Failure) [PSYoungGen: 321455K->37813K(465920K)] 1102800K->819334K(1430528K), 0.0077094 secs] [Times: user=0.02 sys=0.00, real=0.00 secs] 
2571.939: [GC (Allocation Failure) [PSYoungGen: 270773K->184333K(465920K)] 1052294K->967100K(1430528K), 0.0203516 secs] [Times: user=0.03 sys=0.00, real=0.02 secs] 
2572.223: [GC (Allocation Failure) [PSYoungGen: 417293K->184558K(465920K)] 1200060K->967598K(1430528K), 0.0201420 secs] [Times: user=0.03 sys=0.00, real=0.02 secs] 
2573.755: [GC (Allocation Failure) [PSYoungGen: 409724K->91998K(465920K)] 1192764K->875303K(1430528K), 0.0206063 secs] [Times: user=0.04 sys=0.00, real=0.02 secs] 
2574.905: [GC (Allocation Failure) [PSYoungGen: 324958K->37877K(465920K)] 1108263K->821489K(1430528K), 0.0068051 secs] [Times: user=0.01 sys=0.00, real=0.01 secs] 
2575.265: [GC (Allocation Failure) [PSYoungGen: 270837K->184687K(465920K)] 1054449K->969674K(1430528K), 0.0205767 secs] [Times: user=0.03 sys=0.00, real=0.02 secs] 
2575.607: [GC (Allocation Failure) [PSYoungGen: 417647K->184687K(465920K)] 1202634K->969818K(1430528K), 0.0206344 secs] [Times: user=0.02 sys=0.00, real=0.02 secs] 
2577.876: [GC (Allocation Failure) [PSYoungGen: 407233K->91484K(465920K)] 1192365K->876880K(1430528K), 0.0195022 secs] [Times: user=0.04 sys=0.00, real=0.02 secs] 
2579.527: [GC (Allocation Failure) [PSYoungGen: 324444K->37684K(465920K)] 1109840K->823386K(1430528K), 0.0066853 secs] [Times: user=0.01 sys=0.00, real=0.01 secs] 
2579.817: [GC (Allocation Failure) [PSYoungGen: 270644K->184687K(465920K)] 1056346K->971627K(1430528K), 0.0203896 secs] [Times: user=0.03 sys=0.00, real=0.03 secs] 
2580.101: [GC (Allocation Failure) [PSYoungGen: 417647K->184623K(465920K)] 1204587K->971836K(1430528K), 0.0204154 secs] [Times: user=0.03 sys=0.00, real=0.02 secs] 
2580.934: [GC (Allocation Failure) [PSYoungGen: 407168K->91612K(465920K)] 1194381K->879098K(1430528K), 0.0122591 secs] [Times: user=0.02 sys=0.00, real=0.01 secs] 
2581.750: [GC (Allocation Failure) [PSYoungGen: 324572K->38131K(465920K)] 1112058K->825917K(1430528K), 0.0057215 secs] [Times: user=0.02 sys=0.00, real=0.00 secs] 
2582.077: [GC (Allocation Failure) [PSYoungGen: 271091K->184044K(465920K)] 1058877K->973068K(1430528K), 0.0203642 secs] [Times: user=0.03 sys=0.00, real=0.02 secs] 
2582.361: [GC (Allocation Failure) [PSYoungGen: 417004K->184558K(465920K)] 1206028K->973855K(1430528K), 0.0204042 secs] [Times: user=0.03 sys=0.00, real=0.02 secs] 
2583.019: [GC (Allocation Failure) [PSYoungGen: 407543K->91934K(465920K)] 1196840K->881495K(1430528K), 0.0122687 secs] [Times: user=0.02 sys=0.00, real=0.01 secs] 
2584.068: [GC (Allocation Failure) [PSYoungGen: 324894K->37874K(465920K)] 1114455K->827736K(1430528K), 0.0066441 secs] [Times: user=0.02 sys=0.00, real=0.00 secs] 
2584.348: [GC (Allocation Failure) [PSYoungGen: 270834K->184815K(465920K)] 1060696K->975931K(1430528K), 0.0205365 secs] [Times: user=0.03 sys=0.00, real=0.02 secs] 
2584.636: [GC (Allocation Failure) [PSYoungGen: 417775K->183819K(465920K)] 1208891K->975208K(1430528K), 0.0203333 secs] [Times: user=0.02 sys=0.00, real=0.02 secs] 
2586.703: [GC (Allocation Failure) [PSYoungGen: 409344K->92287K(465920K)] 1200732K->883940K(1430528K), 0.0211887 secs] [Times: user=0.05 sys=0.01, real=0.02 secs] 
2589.333: [GC (Allocation Failure) [PSYoungGen: 325247K->37684K(465920K)] 1116900K->829638K(1430528K), 0.0079183 secs] [Times: user=0.02 sys=0.00, real=0.01 secs] 
2589.731: [GC (Allocation Failure) [PSYoungGen: 270644K->184558K(465920K)] 1062598K->977765K(1430528K), 0.0210101 secs] [Times: user=0.03 sys=0.00, real=0.02 secs] 
2590.072: [GC (Allocation Failure) [PSYoungGen: 417518K->184655K(465920K)] 1210725K->978135K(1430528K), 0.0204342 secs] [Times: user=0.03 sys=0.00, real=0.02 secs] 
2591.527: [GC (Allocation Failure) [PSYoungGen: 407357K->91741K(465920K)] 1200837K->885622K(1430528K), 0.0168987 secs] [Times: user=0.03 sys=0.00, real=0.02 secs] 
2592.640: [GC (Allocation Failure) [PSYoungGen: 324701K->37813K(465920K)] 1118582K->831880K(1430528K), 0.0066096 secs] [Times: user=0.02 sys=0.00, real=0.00 secs] 
2592.915: [GC (Allocation Failure) [PSYoungGen: 270773K->183787K(465920K)] 1064840K->979100K(1430528K), 0.0203623 secs] [Times: user=0.03 sys=0.00, real=0.02 secs] 
2593.199: [GC (Allocation Failure) [PSYoungGen: 416747K->184430K(465920K)] 1212060K->980015K(1430528K), 0.0204140 secs] [Times: user=0.03 sys=0.00, real=0.02 secs] 
2593.875: [GC (Allocation Failure) [PSYoungGen: 409834K->92672K(465920K)] 1205420K->888531K(1430528K), 0.0100613 secs] [Times: user=0.02 sys=0.00, real=0.01 secs] 
2594.840: [GC (Allocation Failure) [PSYoungGen: 325632K->37973K(465920K)] 1121491K->834143K(1430528K), 0.0056461 secs] [Times: user=0.02 sys=0.00, real=0.00 secs] 
2595.109: [GC (Allocation Failure) [PSYoungGen: 270933K->184687K(465920K)] 1067103K->982094K(1430528K), 0.0204863 secs] [Times: user=0.03 sys=0.00, real=0.02 secs] 
2595.455: [GC (Allocation Failure) [PSYoungGen: 417647K->184655K(465920K)] 1215054K->982335K(1430528K), 0.0206112 secs] [Times: user=0.03 sys=0.00, real=0.02 secs] 
2596.101: [GC (Allocation Failure) [PSYoungGen: 407227K->91355K(465920K)] 1204907K->889300K(1430528K), 0.0119595 secs] [Times: user=0.03 sys=0.00, real=0.01 secs] 
2596.900: [GC (Allocation Failure) [PSYoungGen: 324315K->38002K(465920K)] 1122260K->836261K(1430528K), 0.0057729 secs] [Times: user=0.02 sys=0.00, real=0.00 secs] 
2597.170: [GC (Allocation Failure) [PSYoungGen: 270962K->183916K(465920K)] 1069221K->983412K(1430528K), 0.0203298 secs] [Times: user=0.03 sys=0.00, real=0.02 secs] 
2597.457: [GC (Allocation Failure) [PSYoungGen: 416876K->184398K(465920K)] 1216372K->984175K(1430528K), 0.0204860 secs] [Times: user=0.02 sys=0.00, real=0.02 secs] 
2599.475: [GC (Allocation Failure) [PSYoungGen: 408091K->92383K(465920K)] 1207869K->892434K(1430528K), 0.0193207 secs] [Times: user=0.04 sys=0.00, real=0.02 secs] 
2601.166: [GC (Allocation Failure) [PSYoungGen: 325343K->37684K(465920K)] 1125394K->838035K(1430528K), 0.0087460 secs] [Times: user=0.02 sys=0.00, real=0.01 secs] 
2601.573: [GC (GCLocker Initiated GC) [PSYoungGen: 270644K->182662K(465920K)] 1070995K->984259K(1430528K), 0.0202775 secs] [Times: user=0.02 sys=0.00, real=0.02 secs] 
2601.921: [GC (Allocation Failure) [PSYoungGen: 415622K->184237K(465920K)] 1218344K->987232K(1430528K), 0.0204172 secs] [Times: user=0.02 sys=0.00, real=0.02 secs] 
2603.147: [GC (Allocation Failure) [PSYoungGen: 409158K->93154K(465920K)] 1212153K->896293K(1430528K), 0.0143213 secs] [Times: user=0.03 sys=0.00, real=0.02 secs] 
2604.508: [GC (Allocation Failure) [PSYoungGen: 326114K->37652K(465920K)] 1129253K->841008K(1430528K), 0.0076849 secs] [Times: user=0.01 sys=0.00, real=0.00 secs] 
2604.820: [GC (Allocation Failure) [PSYoungGen: 270612K->183948K(465920K)] 1073968K->988557K(1430528K), 0.0204480 secs] [Times: user=0.03 sys=0.01, real=0.02 secs] 
2605.104: [GC (Allocation Failure) [PSYoungGen: 416908K->184815K(465920K)] 1221517K->989698K(1430528K), 0.0205196 secs] [Times: user=0.03 sys=0.00, real=0.02 secs] 
2608.152: [GC (Allocation Failure) [PSYoungGen: 410143K->92383K(465920K)] 1215025K->897660K(1430528K), 0.0197593 secs] [Times: user=0.04 sys=0.00, real=0.02 secs] 
2609.572: [GC (Allocation Failure) [PSYoungGen: 325343K->37684K(465920K)] 1130620K->843130K(1430528K), 0.0085056 secs] [Times: user=0.02 sys=0.00, real=0.01 secs] 
2609.902: [GC (Allocation Failure) [PSYoungGen: 270644K->183916K(465920K)] 1076090K->990607K(1430528K), 0.0205992 secs] [Times: user=0.03 sys=0.00, real=0.02 secs] 
2610.186: [GC (Allocation Failure) [PSYoungGen: 416876K->184590K(465920K)] 1223567K->991554K(1430528K), 0.0204829 secs] [Times: user=0.03 sys=0.00, real=0.02 secs] 
2610.971: [GC (Allocation Failure) [PSYoungGen: 409793K->92528K(465920K)] 1216757K->899886K(1430528K), 0.0130196 secs] [Times: user=0.03 sys=0.00, real=0.01 secs] 
2611.871: [GC (Allocation Failure) [PSYoungGen: 325488K->38002K(465920K)] 1132846K->845537K(1430528K), 0.0058425 secs] [Times: user=0.01 sys=0.00, real=0.00 secs] 
2612.140: [GC (Allocation Failure) [PSYoungGen: 270962K->184687K(465920K)] 1078497K->993467K(1430528K), 0.0205700 secs] [Times: user=0.03 sys=0.00, real=0.02 secs] 
2612.484: [GC (Allocation Failure) [PSYoungGen: 417647K->184655K(465920K)] 1226427K->993708K(1430528K), 0.0204942 secs] [Times: user=0.02 sys=0.00, real=0.02 secs] 
2613.100: [GC (Allocation Failure) [PSYoungGen: 407216K->91291K(465920K)] 1216270K->900610K(1430528K), 0.0114546 secs] [Times: user=0.02 sys=0.00, real=0.01 secs] 
2614.453: [GC (Allocation Failure) [PSYoungGen: 324251K->37588K(465920K)] 1133570K->847206K(1430528K), 0.0067678 secs] [Times: user=0.02 sys=0.00, real=0.01 secs] 
2614.738: [GC (Allocation Failure) [PSYoungGen: 270548K->183916K(465920K)] 1080166K->994796K(1430528K), 0.0206427 secs] [Times: user=0.03 sys=0.00, real=0.02 secs] 
2615.082: [GC (Allocation Failure) [PSYoungGen: 416876K->184783K(465920K)] 1227756K->995937K(1430528K), 0.0207518 secs] [Times: user=0.03 sys=0.00, real=0.02 secs] 
2615.721: [GC (Allocation Failure) [PSYoungGen: 410110K->92383K(465920K)] 1221264K->903930K(1430528K), 0.0122794 secs] [Times: user=0.03 sys=0.00, real=0.01 secs] 
2616.880: [GC (Allocation Failure) [PSYoungGen: 325343K->37617K(465920K)] 1136890K->849343K(1430528K), 0.0066619 secs] [Times: user=0.01 sys=0.01, real=0.00 secs] 
2617.156: [GC (Allocation Failure) [PSYoungGen: 270577K->184173K(465920K)] 1082303K->997145K(1430528K), 0.0223203 secs] [Times: user=0.03 sys=0.00, real=0.03 secs] 
2617.542: [GC (Allocation Failure) [PSYoungGen: 417133K->184558K(465920K)] 1230105K->997932K(1430528K), 0.0202980 secs] [Times: user=0.03 sys=0.00, real=0.02 secs] 
2619.332: [GC (Allocation Failure) [PSYoungGen: 409719K->92335K(465920K)] 1223093K->905846K(1430528K), 0.0139265 secs] [Times: user=0.03 sys=0.00, real=0.01 secs] 
2620.128: [GC (Allocation Failure) [PSYoungGen: 325295K->38002K(465920K)] 1138806K->851818K(1430528K), 0.0057082 secs] [Times: user=0.02 sys=0.00, real=0.00 secs] 
2620.398: [GC (Allocation Failure) [PSYoungGen: 270962K->184205K(465920K)] 1084778K->999266K(1430528K), 0.0205135 secs] [Times: user=0.03 sys=0.00, real=0.02 secs] 
2620.683: [GC (Allocation Failure) [PSYoungGen: 417165K->184558K(465920K)] 1232226K->999893K(1430528K), 0.0204605 secs] [Times: user=0.03 sys=0.00, real=0.02 secs] 
2622.923: [GC (Allocation Failure) [PSYoungGen: 407626K->91998K(465920K)] 1222961K->907597K(1430528K), 0.0261788 secs] [Times: user=0.05 sys=0.00, real=0.03 secs] 
2624.365: [GC (Allocation Failure) [PSYoungGen: 324958K->37748K(465920K)] 1140557K->853662K(1430528K), 0.0073520 secs] [Times: user=0.01 sys=0.00, real=0.01 secs] 
2624.660: [GC (Allocation Failure) [PSYoungGen: 270708K->184430K(465920K)] 1086622K->1001589K(1430528K), 0.0206094 secs] [Times: user=0.02 sys=0.00, real=0.02 secs] 
2625.003: [GC (Allocation Failure) [PSYoungGen: 417390K->184526K(465920K)] 1234549K->1001958K(1430528K), 0.0205642 secs] [Times: user=0.02 sys=0.00, real=0.02 secs] 
2625.691: [GC (Allocation Failure) [PSYoungGen: 407580K->91998K(465920K)] 1225012K->909695K(1430528K), 0.0124392 secs] [Times: user=0.03 sys=0.00, real=0.01 secs] 
2627.289: [GC (Allocation Failure) [PSYoungGen: 324958K->37459K(465920K)] 1142655K->855470K(1430528K), 0.0067462 secs] [Times: user=0.02 sys=0.00, real=0.00 secs] 
2627.582: [GC (Allocation Failure) [PSYoungGen: 270419K->184815K(465920K)] 1088430K->1004072K(1430528K), 0.0205314 secs] [Times: user=0.03 sys=0.00, real=0.02 secs] 
2627.866: [GC (Allocation Failure) [PSYoungGen: 417775K->184173K(465920K)] 1237032K->1003710K(1430528K), 0.0203278 secs] [Times: user=0.03 sys=0.00, real=0.02 secs] 
2629.365: [GC (Allocation Failure) [PSYoungGen: 409491K->92287K(465920K)] 1229029K->912097K(1430528K), 0.0126786 secs] [Times: user=0.03 sys=0.00, real=0.02 secs] 
2630.350: [GC (Allocation Failure) [PSYoungGen: 325247K->38102K(465920K)] 1145057K->858218K(1430528K), 0.0072415 secs] [Times: user=0.02 sys=0.00, real=0.00 secs] 
2630.643: [GC (Allocation Failure) [PSYoungGen: 271062K->184719K(465920K)] 1091178K->1006081K(1430528K), 0.0206010 secs] [Times: user=0.03 sys=0.01, real=0.02 secs] 
2630.985: [GC (Allocation Failure) [PSYoungGen: 417679K->184687K(465920K)] 1239041K->1006450K(1430528K), 0.0204686 secs] [Times: user=0.03 sys=0.00, real=0.02 secs] 
2631.718: [GC (Allocation Failure) [PSYoungGen: 407126K->91194K(465920K)] 1228890K->913223K(1430528K), 0.0119888 secs] [Times: user=0.03 sys=0.01, real=0.01 secs] 
2632.620: [GC (Allocation Failure) [PSYoungGen: 324154K->38002K(465920K)] 1146183K->860216K(1430528K), 0.0057904 secs] [Times: user=0.02 sys=0.00, real=0.00 secs] 
2632.889: [GC (Allocation Failure) [PSYoungGen: 270962K->183916K(465920K)] 1093176K->1007375K(1430528K), 0.0204652 secs] [Times: user=0.03 sys=0.00, real=0.02 secs] 
2633.178: [GC (Allocation Failure) [PSYoungGen: 416876K->184430K(465920K)] 1240335K->1008154K(1430528K), 0.0204533 secs] [Times: user=0.03 sys=0.00, real=0.02 secs] 
2634.298: [GC (Allocation Failure) [PSYoungGen: 408156K->92415K(465920K)] 1231881K->916405K(1430528K), 0.0137645 secs] [Times: user=0.02 sys=0.00, real=0.01 secs] 
2635.755: [GC (Allocation Failure) [PSYoungGen: 325375K->37716K(465920K)] 1149365K->862006K(1430528K), 0.0080700 secs] [Times: user=0.02 sys=0.00, real=0.01 secs] 
2636.065: [GC (Allocation Failure) [PSYoungGen: 270676K->184847K(465920K)] 1094966K->1010382K(1430528K), 0.0206553 secs] [Times: user=0.03 sys=0.00, real=0.02 secs] 
2636.355: [GC (Allocation Failure) [PSYoungGen: 417807K->184108K(465920K)] 1243342K->1010045K(1430528K), 0.0205194 secs] [Times: user=0.02 sys=0.00, real=0.02 secs] 
2637.957: [GC (Allocation Failure) [PSYoungGen: 407497K->92078K(465920K)] 1233433K->918151K(1430528K), 0.0195414 secs] [Times: user=0.05 sys=0.00, real=0.02 secs] 
2639.552: [GC (Allocation Failure) [PSYoungGen: 325038K->37716K(465920K)] 1151111K->864095K(1430528K), 0.0071116 secs] [Times: user=0.02 sys=0.00, real=0.01 secs] 
2639.846: [GC (Allocation Failure) [PSYoungGen: 270676K->184430K(465920K)] 1097055K->1012183K(1430528K), 0.0206688 secs] [Times: user=0.02 sys=0.00, real=0.02 secs] 
2640.208: [GC (Allocation Failure) [PSYoungGen: 417390K->184494K(465920K)] 1245143K->1012392K(1430528K), 0.0205528 secs] [Times: user=0.02 sys=0.00, real=0.02 secs] 
2641.320: [GC (Allocation Failure) [PSYoungGen: 407556K->91982K(465920K)] 1235454K->920144K(1430528K), 0.0164776 secs] [Times: user=0.03 sys=0.00, real=0.01 secs] 
2642.969: [GC (Allocation Failure) [PSYoungGen: 324942K->37617K(465920K)] 1153104K->866093K(1430528K), 0.0071130 secs] [Times: user=0.02 sys=0.00, real=0.00 secs] 
2643.262: [GC (Allocation Failure) [PSYoungGen: 270577K->184430K(465920K)] 1099053K->1014280K(1430528K), 0.0205339 secs] [Times: user=0.03 sys=0.00, real=0.02 secs] 
2643.603: [GC (Allocation Failure) [PSYoungGen: 417390K->184558K(465920K)] 1247240K->1014553K(1430528K), 0.0204304 secs] [Times: user=0.03 sys=0.00, real=0.02 secs] 
2645.279: [GC (Allocation Failure) [PSYoungGen: 407642K->92126K(465920K)] 1237637K->922386K(1430528K), 0.0174315 secs] [Times: user=0.04 sys=0.00, real=0.01 secs] 
2647.536: [GC (Allocation Failure) [PSYoungGen: 325086K->37588K(465920K)] 1155346K->868153K(1430528K), 0.0078458 secs] [Times: user=0.02 sys=0.00, real=0.01 secs] 
2647.845: [GC (Allocation Failure) [PSYoungGen: 270548K->184430K(465920K)] 1101113K->1016233K(1430528K), 0.0207159 secs] [Times: user=0.03 sys=0.00, real=0.02 secs] 
2648.139: [GC (Allocation Failure) [PSYoungGen: 417390K->184301K(465920K)] 1249193K->1016378K(1430528K), 0.0204044 secs] [Times: user=0.02 sys=0.00, real=0.02 secs] 
2648.862: [GC (Allocation Failure) [PSYoungGen: 409340K->92319K(465920K)] 1241416K->924789K(1430528K), 0.0119568 secs] [Times: user=0.03 sys=0.00, real=0.01 secs] 
2650.415: [GC (Allocation Failure) [PSYoungGen: 325279K->37588K(465920K)] 1157749K->870235K(1430528K), 0.0096438 secs] [Times: user=0.02 sys=0.00, real=0.01 secs] 
2650.754: [GC (Allocation Failure) [PSYoungGen: 270548K->184687K(465920K)] 1103195K->1018571K(1430528K), 0.0205373 secs] [Times: user=0.03 sys=0.00, real=0.02 secs] 
2651.039: [GC (Allocation Failure) [PSYoungGen: 417647K->184655K(465920K)] 1251531K->1018813K(1430528K), 0.0205252 secs] [Times: user=0.03 sys=0.00, real=0.02 secs] 
2651.737: [GC (Allocation Failure) [PSYoungGen: 407479K->91725K(465920K)] 1241637K->926155K(1430528K), 0.0118763 secs] [Times: user=0.02 sys=0.00, real=0.02 secs] 
2653.295: [GC (Allocation Failure) [PSYoungGen: 324685K->37556K(465920K)] 1159115K->872295K(1430528K), 0.0079784 secs] [Times: user=0.02 sys=0.00, real=0.01 secs] 
2653.686: [GC (Allocation Failure) [PSYoungGen: 270516K->183916K(465920K)] 1105255K->1019900K(1430528K), 0.0202918 secs] [Times: user=0.02 sys=0.00, real=0.02 secs] 
2654.031: [GC (Allocation Failure) [PSYoungGen: 416876K->184398K(465920K)] 1252860K->1020784K(1430528K), 0.0205107 secs] [Times: user=0.03 sys=0.00, real=0.02 secs] 
2655.446: [GC (Allocation Failure) [PSYoungGen: 409487K->92721K(465920K)] 1245873K->929380K(1430528K), 0.0206280 secs] [Times: user=0.04 sys=0.00, real=0.03 secs] 
2657.731: [GC (Allocation Failure) [PSYoungGen: 325681K->37299K(465920K)] 1162340K->874127K(1430528K), 0.0088049 secs] [Times: user=0.02 sys=0.00, real=0.01 secs] 
2658.129: [GC (Allocation Failure) [PSYoungGen: 270259K->184687K(465920K)] 1107087K->1022753K(1430528K), 0.0206668 secs] [Times: user=0.03 sys=0.00, real=0.02 secs] 
2658.424: [GC (Allocation Failure) [PSYoungGen: 417647K->184687K(465920K)] 1255713K->1023026K(1430528K), 0.0205899 secs] [Times: user=0.03 sys=0.00, real=0.02 secs] 
2659.286: [GC (Allocation Failure) [PSYoungGen: 405213K->92030K(465920K)] 1243552K->930634K(1430528K), 0.0125913 secs] [Times: user=0.03 sys=0.00, real=0.02 secs] 
2660.238: [GC (Allocation Failure) [PSYoungGen: 324990K->37973K(465920K)] 1163594K->876877K(1430528K), 0.0057271 secs] [Times: user=0.02 sys=0.00, real=0.00 secs] 
2660.508: [GC (Allocation Failure) [PSYoungGen: 270933K->184687K(465920K)] 1109837K->1024828K(1430528K), 0.0206077 secs] [Times: user=0.03 sys=0.00, real=0.02 secs] 
2660.796: [GC (Allocation Failure) [PSYoungGen: 417647K->184012K(465920K)] 1257788K->1024427K(1430528K), 0.0204914 secs] [Times: user=0.03 sys=0.00, real=0.02 secs] 
2661.793: [GC (Allocation Failure) [PSYoungGen: 407474K->91950K(465920K)] 1247888K->932629K(1430528K), 0.0126030 secs] [Times: user=0.02 sys=0.00, real=0.01 secs] 
2662.811: [GC (Allocation Failure) [PSYoungGen: 324910K->37842K(465920K)] 1165589K->878821K(1430528K), 0.0058967 secs] [Times: user=0.02 sys=0.00, real=0.00 secs] 
2663.141: [GC (Allocation Failure) [PSYoungGen: 270802K->184430K(465920K)] 1111781K->1026783K(1430528K), 0.0206624 secs] [Times: user=0.03 sys=0.00, real=0.02 secs] 
2663.424: [GC (Allocation Failure) [PSYoungGen: 417390K->184526K(465920K)] 1259743K->1027024K(1430528K), 0.0206959 secs] [Times: user=0.03 sys=0.00, real=0.02 secs] 
2664.203: [GC (Allocation Failure) [PSYoungGen: 407097K->91821K(465920K)] 1249595K->934592K(1430528K), 0.0118609 secs] [Times: user=0.03 sys=0.00, real=0.01 secs] 
2665.021: [GC (Allocation Failure) [PSYoungGen: 324781K->37845K(465920K)] 1167552K->880932K(1430528K), 0.0075412 secs] [Times: user=0.02 sys=0.00, real=0.01 secs] 
2665.371: [GC (Allocation Failure) [PSYoungGen: 270805K->184944K(465920K)] 1113892K->1029269K(1430528K), 0.0205993 secs] [Times: user=0.03 sys=0.00, real=0.02 secs] 
2665.654: [GC (Allocation Failure) [PSYoungGen: 417904K->184173K(465920K)] 1262229K->1028771K(1430528K), 0.0206908 secs] [Times: user=0.03 sys=0.00, real=0.02 secs] 
2667.952: [GC (Allocation Failure) [PSYoungGen: 407017K->91645K(465920K)] 1251615K->936508K(1430528K), 0.0264770 secs] [Times: user=0.06 sys=0.00, real=0.03 secs] 
2669.662: [GC (Allocation Failure) [PSYoungGen: 324605K->37813K(465920K)] 1169468K->882966K(1430528K), 0.0066668 secs] [Times: user=0.02 sys=0.00, real=0.01 secs] 
2669.940: [GC (Allocation Failure) [PSYoungGen: 270773K->184462K(465920K)] 1115926K->1030860K(1430528K), 0.0207244 secs] [Times: user=0.03 sys=0.00, real=0.02 secs] 
2670.226: [GC (Allocation Failure) [PSYoungGen: 417422K->184333K(465920K)] 1263820K->1031005K(1430528K), 0.0203486 secs] [Times: user=0.02 sys=0.00, real=0.02 secs] 
2670.836: [GC (Allocation Failure) [PSYoungGen: 409379K->92126K(465920K)] 1256050K->939199K(1430528K), 0.0100929 secs] [Times: user=0.02 sys=0.00, real=0.01 secs] 
2672.414: [GC (Allocation Failure) [PSYoungGen: 325086K->37684K(465920K)] 1172159K->884926K(1430528K), 0.0080343 secs] [Times: user=0.02 sys=0.00, real=0.01 secs] 
2672.732: [GC (Allocation Failure) [PSYoungGen: 270644K->184173K(465920K)] 1117886K->1032652K(1430528K), 0.0205445 secs] [Times: user=0.03 sys=0.00, real=0.02 secs] 
2673.018: [GC (Allocation Failure) [PSYoungGen: 417133K->184880K(465920K)] 1265612K->1033633K(1430528K), 0.0206127 secs] [Times: user=0.03 sys=0.00, real=0.02 secs] 
2674.909: [GC (Allocation Failure) [PSYoungGen: 407630K->91853K(465920K)] 1256383K->940871K(1430528K), 0.0280532 secs] [Times: user=0.06 sys=0.00, real=0.02 secs] 
2677.682: [GC (Allocation Failure) [PSYoungGen: 324813K->37684K(465920K)] 1173831K->887010K(1430528K), 0.0076225 secs] [Times: user=0.02 sys=0.00, real=0.01 secs] 
2677.979: [GC (Allocation Failure) [PSYoungGen: 270644K->184301K(465920K)] 1119970K->1034993K(1430528K), 0.0207396 secs] [Times: user=0.03 sys=0.00, real=0.02 secs] 
2678.263: [GC (Allocation Failure) [PSYoungGen: 417261K->184494K(465920K)] 1267953K->1035322K(1430528K), 0.0205267 secs] [Times: user=0.02 sys=0.00, real=0.02 secs] 
2678.904: [GC (Allocation Failure) [PSYoungGen: 409656K->92126K(465920K)] 1260484K->943220K(1430528K), 0.0116480 secs] [Times: user=0.02 sys=0.01, real=0.01 secs] 
2680.438: [GC (Allocation Failure) [PSYoungGen: 325086K->37556K(465920K)] 1176180K->888949K(1430528K), 0.0079355 secs] [Times: user=0.02 sys=0.00, real=0.00 secs] 
2680.745: [GC (Allocation Failure) [PSYoungGen: 270516K->184301K(465920K)] 1121909K->1036940K(1430528K), 0.0205089 secs] [Times: user=0.03 sys=0.00, real=0.02 secs] 
2681.029: [GC (Allocation Failure) [PSYoungGen: 417261K->183658K(465920K)] 1269900K->1036571K(1430528K), 0.0202977 secs] [Times: user=0.03 sys=0.00, real=0.02 secs] 
2682.456: [GC (Allocation Failure) [PSYoungGen: 410656K->93122K(465920K)] 1263568K->946308K(1430528K), 0.0175869 secs] [Times: user=0.03 sys=0.00, real=0.02 secs] 
2683.792: [GC (Allocation Failure) [PSYoungGen: 326082K->37845K(465920K)] 1179268K->891336K(1430528K), 0.0059130 secs] [Times: user=0.02 sys=0.00, real=0.01 secs] 
2684.136: [GC (Allocation Failure) [PSYoungGen: 270805K->184494K(465920K)] 1124296K->1039238K(1430528K), 0.0205992 secs] [Times: user=0.03 sys=0.00, real=0.02 secs] 
2684.476: [GC (Allocation Failure) [PSYoungGen: 417454K->184655K(465920K)] 1272198K->1039825K(1430528K), 0.0204329 secs] [Times: user=0.03 sys=0.00, real=0.02 secs] 
2685.473: [GC (Allocation Failure) [PSYoungGen: 407054K->91725K(465920K)] 1262224K->947039K(1430528K), 0.0173522 secs] [Times: user=0.04 sys=0.00, real=0.02 secs] 
2687.031: [GC (Allocation Failure) [PSYoungGen: 324685K->37459K(465920K)] 1179999K->893082K(1430528K), 0.0067151 secs] [Times: user=0.02 sys=0.00, real=0.01 secs] 
2687.310: [GC (Allocation Failure) [PSYoungGen: 270419K->184462K(465920K)] 1126042K->1041458K(1430528K), 0.0204967 secs] [Times: user=0.03 sys=0.00, real=0.02 secs] 
2687.594: [GC (Allocation Failure) [PSYoungGen: 417422K->184590K(465920K)] 1274418K->1041732K(1430528K), 0.0204883 secs] [Times: user=0.03 sys=0.00, real=0.02 secs] 
2688.199: [GC (Allocation Failure) [PSYoungGen: 408172K->92255K(465920K)] 1265314K->949661K(1430528K), 0.0110961 secs] [Times: user=0.02 sys=0.00, real=0.01 secs] 
2689.004: [GC (Allocation Failure) [PSYoungGen: 325215K->37874K(465920K)] 1182621K->895572K(1430528K), 0.0056411 secs] [Times: user=0.02 sys=0.00, real=0.01 secs] 
2689.329: [GC (Allocation Failure) [PSYoungGen: 270834K->184430K(465920K)] 1128532K->1043374K(1430528K), 0.0206748 secs] [Times: user=0.03 sys=0.00, real=0.02 secs] 
2689.673: [GC (Allocation Failure) [PSYoungGen: 417390K->184558K(465920K)] 1276334K->1043775K(1430528K), 0.0205709 secs] [Times: user=0.03 sys=0.00, real=0.02 secs] 
2690.981: [GC (Allocation Failure) [PSYoungGen: 407101K->91853K(465920K)] 1266318K->951335K(1430528K), 0.0204431 secs] [Times: user=0.04 sys=0.00, real=0.02 secs] 
2692.107: [GC (Allocation Failure) [PSYoungGen: 324813K->37874K(465920K)] 1184295K->897662K(1430528K), 0.0057760 secs] [Times: user=0.01 sys=0.00, real=0.01 secs] 
2692.377: [GC (Allocation Failure) [PSYoungGen: 270834K->184430K(465920K)] 1130622K->1045471K(1430528K), 0.0206098 secs] [Times: user=0.03 sys=0.00, real=0.03 secs] 
2692.662: [GC (Allocation Failure) [PSYoungGen: 417390K->184269K(465920K)] 1278431K->1045592K(1430528K), 0.0205016 secs] [Times: user=0.03 sys=0.00, real=0.02 secs] 
2695.281: [GC (Allocation Failure) [PSYoungGen: 409342K->92142K(465920K)] 1270665K->953858K(1430528K), 0.0259493 secs] [Times: user=0.06 sys=0.01, real=0.02 secs] 
2696.612: [GC (Allocation Failure) [PSYoungGen: 325102K->37973K(465920K)] 1186818K->899891K(1430528K), 0.0058134 secs] [Times: user=0.01 sys=0.00, real=0.01 secs] 
2696.882: [GC (Allocation Failure) [PSYoungGen: 270933K->184687K(465920K)] 1132851K->1047978K(1430528K), 0.0205526 secs] [Times: user=0.02 sys=0.00, real=0.02 secs] 
2697.221: [GC (Allocation Failure) [PSYoungGen: 417647K->184719K(465920K)] 1280938K->1048283K(1430528K), 0.0202835 secs] [Times: user=0.03 sys=0.00, real=0.02 secs] 
2698.280: [GC (Allocation Failure) [PSYoungGen: 407157K->91419K(465920K)] 1270721K->955257K(1430528K), 0.0133875 secs] [Times: user=0.03 sys=0.00, real=0.01 secs] 
2700.004: [GC (Allocation Failure) [PSYoungGen: 324379K->37331K(465920K)] 1188217K->901340K(1430528K), 0.0065879 secs] [Times: user=0.02 sys=0.00, real=0.01 secs] 
2700.283: [GC (Allocation Failure) [PSYoungGen: 270291K->184687K(465920K)] 1134300K->1049941K(1430528K), 0.0207321 secs] [Times: user=0.03 sys=0.00, real=0.02 secs] 
2700.571: [GC (Allocation Failure) [PSYoungGen: 417647K->184623K(465920K)] 1282901K->1050150K(1430528K), 0.0205248 secs] [Times: user=0.03 sys=0.00, real=0.02 secs] 
2702.534: [GC (Allocation Failure) [PSYoungGen: 409735K->91998K(465920K)] 1275263K->957798K(1430528K), 0.0197215 secs] [Times: user=0.04 sys=0.00, real=0.02 secs] 
2703.689: [GC (Allocation Failure) [PSYoungGen: 324958K->38002K(465920K)] 1190758K->904109K(1430528K), 0.0057377 secs] [Times: user=0.01 sys=0.00, real=0.00 secs] 
2703.959: [GC (Allocation Failure) [PSYoungGen: 270962K->184333K(465920K)] 1137069K->1051677K(1430528K), 0.0205617 secs] [Times: user=0.03 sys=0.00, real=0.02 secs] 
2704.242: [GC (Allocation Failure) [PSYoungGen: 417293K->184687K(465920K)] 1284637K->1052448K(1430528K), 0.0204410 secs] [Times: user=0.03 sys=0.00, real=0.02 secs] 
2706.627: [GC (Allocation Failure) [PSYoungGen: 407386K->91693K(465920K)] 1275148K->959727K(1430528K), 0.0257796 secs] [Times: user=0.06 sys=0.00, real=0.03 secs] 
2708.014: [GC (Allocation Failure) [PSYoungGen: 324653K->37941K(465920K)] 1192687K->906137K(1430528K), 0.0065901 secs] [Times: user=0.02 sys=0.00, real=0.01 secs] 
2708.293: [GC (Allocation Failure) [PSYoungGen: 270901K->184944K(465920K)] 1139097K->1054385K(1430528K), 0.0205998 secs] [Times: user=0.03 sys=0.00, real=0.02 secs] 
2708.576: [GC (Allocation Failure) [PSYoungGen: 417904K->184365K(465920K)] 1287345K->1054088K(1430528K), 0.0204983 secs] [Times: user=0.03 sys=0.00, real=0.02 secs] 
2709.259: [GC (Allocation Failure) [PSYoungGen: 406954K->91452K(465920K)] 1276677K->961568K(1430528K), 0.0129079 secs] [Times: user=0.03 sys=0.00, real=0.01 secs] 
2710.389: [GC (Allocation Failure) [PSYoungGen: 324412K->37973K(465920K)] 1194528K->908275K(1430528K), 0.0067695 secs] [Times: user=0.01 sys=0.00, real=0.00 secs] 
2710.669: [GC (Allocation Failure) [PSYoungGen: 270933K->184687K(465920K)] 1141235K->1056234K(1430528K), 0.0206554 secs] [Times: user=0.03 sys=0.00, real=0.02 secs] 
2711.005: [GC (Allocation Failure) [PSYoungGen: 417647K->184655K(465920K)] 1289194K->1056603K(1430528K), 0.0206209 secs] [Times: user=0.02 sys=0.00, real=0.02 secs] 
2712.230: [GC (Allocation Failure) [PSYoungGen: 407090K->91355K(465920K)] 1279038K->963569K(1430528K), 0.0142716 secs] [Times: user=0.03 sys=0.01, real=0.01 secs] 
2713.949: [GC (Allocation Failure) [PSYoungGen: 324315K->37716K(465920K)] 1196529K->910117K(1430528K), 0.0074034 secs] [Times: user=0.02 sys=0.00, real=0.00 secs] 
2714.326: [GC (Allocation Failure) [PSYoungGen: 270676K->183787K(465920K)] 1143077K->1057434K(1430528K), 0.0204954 secs] [Times: user=0.03 sys=0.00, real=0.02 secs] 
2714.674: [GC (Allocation Failure) [PSYoungGen: 416747K->184462K(465920K)] 1290394K->1058381K(1430528K), 0.0205507 secs] [Times: user=0.03 sys=0.00, real=0.02 secs] 
2715.674: [GC (Allocation Failure) [PSYoungGen: 409681K->92705K(465920K)] 1283601K->966890K(1430528K), 0.0126403 secs] [Times: user=0.02 sys=0.00, real=0.01 secs] 
2716.792: [GC (Allocation Failure) [PSYoungGen: 325665K->37845K(465920K)] 1199850K->912319K(1430528K), 0.0069360 secs] [Times: user=0.02 sys=0.00, real=0.01 secs] 
2717.149: [GC (Allocation Failure) [PSYoungGen: 270805K->184044K(465920K)] 1145279K->1059772K(1430528K), 0.0205514 secs] [Times: user=0.03 sys=0.00, real=0.02 secs] 
2717.437: [GC (Allocation Failure) [PSYoungGen: 417004K->184944K(465920K)] 1292732K->1060945K(1430528K), 0.0204015 secs] [Times: user=0.03 sys=0.00, real=0.02 secs] 
2718.428: [GC (Allocation Failure) [PSYoungGen: 408069K->91821K(465920K)] 1284070K->968087K(1430528K), 0.0152138 secs] [Times: user=0.03 sys=0.00, real=0.01 secs] 
2720.415: [GC (Allocation Failure) [PSYoungGen: 324781K->37585K(465920K)] 1201047K->914167K(1430528K), 0.0081104 secs] [Times: user=0.02 sys=0.00, real=0.01 secs] 
2720.791: [GC (Allocation Failure) [PSYoungGen: 270545K->184558K(465920K)] 1147127K->1062515K(1430528K), 0.0206557 secs] [Times: user=0.03 sys=0.00, real=0.02 secs] 
2721.075: [GC (Allocation Failure) [PSYoungGen: 417518K->184655K(465920K)] 1295475K->1062756K(1430528K), 0.0207229 secs] [Times: user=0.03 sys=0.00, real=0.02 secs] 
2722.715: [GC (Allocation Failure) [PSYoungGen: 407228K->91901K(465920K)] 1285329K->970275K(1430528K), 0.0165039 secs] [Times: user=0.04 sys=0.00, real=0.02 secs] 
2724.837: [GC (Allocation Failure) [PSYoungGen: 324861K->37459K(465920K)] 1203235K->916141K(1430528K), 0.0088548 secs] [Times: user=0.02 sys=0.00, real=0.01 secs] 
2725.228: [GC (Allocation Failure) [PSYoungGen: 270419K->184687K(465920K)] 1149101K->1064614K(1430528K), 0.0206190 secs] [Times: user=0.03 sys=0.00, real=0.02 secs] 
2725.568: [GC (Allocation Failure) [PSYoungGen: 417647K->184687K(465920K)] 1297574K->1064880K(1430528K), 0.0206544 secs] [Times: user=0.03 sys=0.00, real=0.02 secs] 
2726.928: [GC (Allocation Failure) [PSYoungGen: 407500K->91837K(465920K)] 1287693K->972295K(1430528K), 0.0181051 secs] [Times: user=0.04 sys=0.00, real=0.01 secs] 
2728.711: [GC (Allocation Failure) [PSYoungGen: 324797K->37684K(465920K)] 1205255K->918440K(1430528K), 0.0078146 secs] [Times: user=0.02 sys=0.00, real=0.01 secs] 
2729.020: [GC (Allocation Failure) [PSYoungGen: 270644K->183787K(465920K)] 1151400K->1065780K(1430528K), 0.0205992 secs] [Times: user=0.03 sys=0.00, real=0.02 secs] 
2729.303: [GC (Allocation Failure) [PSYoungGen: 416747K->184462K(465920K)] 1298740K->1066728K(1430528K), 0.0204292 secs] [Times: user=0.02 sys=0.00, real=0.02 secs] 
2731.153: [GC (Allocation Failure) [PSYoungGen: 409697K->92737K(465920K)] 1291964K->975268K(1430528K), 0.0125183 secs] [Times: user=0.02 sys=0.00, real=0.01 secs] 
2733.288: [GC (Allocation Failure) [PSYoungGen: 325697K->37170K(465920K)] 1208228K->920015K(1430528K), 0.0068645 secs] [Times: user=0.01 sys=0.00, real=0.00 secs] 
2733.575: [GC (Allocation Failure) [PSYoungGen: 270130K->184687K(465920K)] 1152975K->1068769K(1430528K), 0.0206558 secs] [Times: user=0.03 sys=0.00, real=0.02 secs] 
2733.859: [GC (Allocation Failure) [PSYoungGen: 417647K->184622K(465920K)] 1301729K->1069098K(1430528K), 0.0215741 secs] [Times: user=0.04 sys=0.00, real=0.02 secs] 
2735.297: [GC (Allocation Failure) [PSYoungGen: 408110K->92239K(465920K)] 1292586K->976867K(1430528K), 0.0167124 secs] [Times: user=0.04 sys=0.00, real=0.01 secs] 
2736.088: [GC (Allocation Failure) [PSYoungGen: 325199K->38002K(465920K)] 1209827K->922931K(1430528K), 0.0057990 secs] [Times: user=0.01 sys=0.00, real=0.00 secs] 
2736.358: [GC (Allocation Failure) [PSYoungGen: 270962K->184430K(465920K)] 1155891K->1070596K(1430528K), 0.0204945 secs] [Times: user=0.03 sys=0.00, real=0.02 secs] 
2736.642: [GC (Allocation Failure) [PSYoungGen: 417390K->184558K(465920K)] 1303556K->1070998K(1430528K), 0.0203140 secs] [Times: user=0.03 sys=0.00, real=0.02 secs] 
2739.377: [GC (Allocation Failure) [PSYoungGen: 407105K->91741K(465920K)] 1293544K->978453K(1430528K), 0.0208732 secs] [Times: user=0.05 sys=0.00, real=0.02 secs] 
2740.782: [GC (Allocation Failure) [PSYoungGen: 324701K->37813K(465920K)] 1211413K->924823K(1430528K), 0.0073882 secs] [Times: user=0.02 sys=0.00, real=0.01 secs] 
2741.126: [GC (Allocation Failure) [PSYoungGen: 270773K->184430K(465920K)] 1157783K->1072694K(1430528K), 0.0206584 secs] [Times: user=0.03 sys=0.00, real=0.03 secs] 
2741.467: [GC (Allocation Failure) [PSYoungGen: 417390K->184365K(465920K)] 1305654K->1072902K(1430528K), 0.0204817 secs] [Times: user=0.03 sys=0.00, real=0.02 secs] 
2743.571: [GC (Allocation Failure) [PSYoungGen: 409414K->92142K(465920K)] 1297951K->981081K(1430528K), 0.0172252 secs] [Times: user=0.04 sys=0.00, real=0.02 secs] 
2744.602: [GC (Allocation Failure) [PSYoungGen: 325102K->38005K(465920K)] 1214041K->927129K(1430528K), 0.0059529 secs] [Times: user=0.01 sys=0.00, real=0.01 secs] 
2744.937: [GC (Allocation Failure) [PSYoungGen: 270965K->184687K(465920K)] 1160089K->1075064K(1430528K), 0.0208264 secs] [Times: user=0.03 sys=0.00, real=0.03 secs] 
2745.280: [GC (Allocation Failure) [PSYoungGen: 417647K->184687K(465920K)] 1308024K->1075337K(1430528K), 0.0216394 secs] [Times: user=0.03 sys=0.01, real=0.02 secs] 
2748.157: [GC (Allocation Failure) [PSYoungGen: 407257K->91307K(465920K)] 1297908K->982222K(1430528K), 0.0212850 secs] [Times: user=0.04 sys=0.00, real=0.03 secs] 
2749.491: [GC (Allocation Failure) [PSYoungGen: 324267K->37973K(465920K)] 1215182K->929194K(1430528K), 0.0060073 secs] [Times: user=0.01 sys=0.00, real=0.00 secs] 
2749.761: [GC (Allocation Failure) [PSYoungGen: 270933K->184944K(465920K)] 1162154K->1077418K(1430528K), 0.0206374 secs] [Times: user=0.03 sys=0.00, real=0.02 secs] 
2750.044: [GC (Allocation Failure) [PSYoungGen: 417904K->184301K(465920K)] 1310378K->1077049K(1430528K), 0.0205676 secs] [Times: user=0.03 sys=0.01, real=0.02 secs] 
2750.657: [GC (Allocation Failure) [PSYoungGen: 406885K->91452K(465920K)] 1299633K->984593K(1430528K), 0.0114712 secs] [Times: user=0.03 sys=0.00, real=0.02 secs] 
2751.458: [GC (Allocation Failure) [PSYoungGen: 324412K->37842K(465920K)] 1217553K->931152K(1430528K), 0.0057940 secs] [Times: user=0.01 sys=0.00, real=0.00 secs] 
2751.726: [GC (Allocation Failure) [PSYoungGen: 270802K->183658K(465920K)] 1164112K->1078215K(1430528K), 0.0204551 secs] [Times: user=0.03 sys=0.00, real=0.02 secs] 
2752.015: [GC (Allocation Failure) [PSYoungGen: 416618K->184655K(465920K)] 1311175K->1079484K(1430528K), 0.0205917 secs] [Times: user=0.03 sys=0.00, real=0.02 secs] 
2753.882: [GC (Allocation Failure) [PSYoungGen: 410046K->92480K(465920K)] 1304875K->987574K(1430528K), 0.0173965 secs] [Times: user=0.04 sys=0.00, real=0.02 secs] 
2755.370: [GC (Allocation Failure) [PSYoungGen: 325440K->37713K(465920K)] 1220534K->933121K(1430528K), 0.0061315 secs] [Times: user=0.02 sys=0.00, real=0.00 secs] 
2755.644: [GC (Allocation Failure) [PSYoungGen: 270673K->184558K(465920K)] 1166081K->1081204K(1430528K), 0.0206429 secs] [Times: user=0.03 sys=0.00, real=0.02 secs] 
2755.981: [GC (Allocation Failure) [PSYoungGen: 417518K->184269K(465920K)] 1314164K->1081188K(1430528K), 0.0205377 secs] [Times: user=0.03 sys=0.00, real=0.02 secs] 
2759.023: [GC (Allocation Failure) [PSYoungGen: 409143K->92094K(465920K)] 1306061K->989278K(1430528K), 0.0126062 secs] [Times: user=0.03 sys=0.00, real=0.01 secs] 
2759.837: [GC (Allocation Failure) [PSYoungGen: 325054K->37845K(465920K)] 1222238K->935334K(1430528K), 0.0073845 secs] [Times: user=0.02 sys=0.00, real=0.00 secs] 
2760.183: [GC (Allocation Failure) [PSYoungGen: 270805K->184044K(465920K)] 1168294K->1082771K(1430528K), 0.0211184 secs] [Times: user=0.03 sys=0.00, real=0.02 secs] 
2760.471: [GC (Allocation Failure) [PSYoungGen: 417004K->184430K(465920K)] 1315731K->1083558K(1430528K), 0.0205794 secs] [Times: user=0.03 sys=0.00, real=0.02 secs] 
2762.761: [GC (Allocation Failure) [PSYoungGen: 408058K->92351K(465920K)] 1307186K->991616K(1430528K), 0.0196371 secs] [Times: user=0.05 sys=0.00, real=0.02 secs] 
2764.397: [GC (Allocation Failure) [PSYoungGen: 325311K->37459K(465920K)] 1224576K->937030K(1430528K), 0.0074733 secs] [Times: user=0.02 sys=0.00, real=0.01 secs] 
2764.696: [GC (Allocation Failure) [PSYoungGen: 270419K->184558K(465920K)] 1169990K->1085375K(1430528K), 0.0204804 secs] [Times: user=0.03 sys=0.00, real=0.02 secs] 
2764.982: [GC (Allocation Failure) [PSYoungGen: 417518K->186357K(465920K)] 1318335K->1087447K(1430528K), 0.0207966 secs] [Times: user=0.03 sys=0.00, real=0.02 secs] 
2765.611: [GC (Allocation Failure) [PSYoungGen: 407505K->90327K(465920K)] 1308594K->991681K(1430528K), 0.0111045 secs] [Times: user=0.02 sys=0.00, real=0.01 secs] 
2766.421: [GC (Allocation Failure) [PSYoungGen: 323287K->38102K(465920K)] 1224641K->939764K(1430528K), 0.0059680 secs] [Times: user=0.02 sys=0.00, real=0.00 secs] 
2766.693: [GC (Allocation Failure) [PSYoungGen: 271062K->186357K(465920K)] 1172724K->1089258K(1430528K), 0.0208012 secs] [Times: user=0.03 sys=0.00, real=0.02 secs] 
2766.979: [GC (Allocation Failure) [PSYoungGen: 419317K->186036K(465920K)] 1322218K->1089210K(1430528K), 0.0208160 secs] [Times: user=0.03 sys=0.00, real=0.02 secs] 
2768.005: [GC (Allocation Failure) [PSYoungGen: 404445K->88174K(465920K)] 1307618K->991620K(1430528K), 0.0164275 secs] [Times: user=0.04 sys=0.00, real=0.02 secs] 
2768.875: [GC (Allocation Failure) [PSYoungGen: 321134K->38230K(465920K)] 1224580K->941985K(1430528K), 0.0059489 secs] [Times: user=0.01 sys=0.00, real=0.01 secs] 
2769.143: [GC (Allocation Failure) [PSYoungGen: 271190K->184173K(465920K)] 1174945K->1089165K(1430528K), 0.0205506 secs] [Times: user=0.03 sys=0.00, real=0.02 secs] 
2769.427: [GC (Allocation Failure) [PSYoungGen: 417133K->184430K(465920K)] 1322125K->1089823K(1430528K), 0.0206601 secs] [Times: user=0.03 sys=0.00, real=0.03 secs] 
2770.790: [GC (Allocation Failure) [PSYoungGen: 407029K->91869K(465920K)] 1312423K->997407K(1430528K), 0.0175125 secs] [Times: user=0.04 sys=0.00, real=0.02 secs] 
2772.591: [GC (Allocation Failure) [PSYoungGen: 324829K->37459K(465920K)] 1230367K->943297K(1430528K), 0.0068334 secs] [Times: user=0.02 sys=0.00, real=0.01 secs] 
2772.871: [GC (Allocation Failure) [PSYoungGen: 270419K->184558K(465920K)] 1176257K->1091642K(1430528K), 0.0206955 secs] [Times: user=0.03 sys=0.00, real=0.02 secs] 
2773.156: [GC (Allocation Failure) [PSYoungGen: 417518K->184976K(465920K)] 1324602K->1092332K(1430528K), 0.0206145 secs] [Times: user=0.03 sys=0.00, real=0.02 secs] 
2774.450: [GC (Allocation Failure) [PSYoungGen: 408345K->91725K(465920K)] 1315701K->999346K(1430528K), 0.0277921 secs] [Times: user=0.06 sys=0.00, real=0.03 secs] 
2776.366: [GC (Allocation Failure) [PSYoungGen: 324685K->37684K(465920K)] 1232306K->945611K(1430528K), 0.0083087 secs] [Times: user=0.02 sys=0.00, real=0.01 secs] 
2776.687: [GC (Allocation Failure) [PSYoungGen: 270644K->184558K(465920K)] 1178571K->1093860K(1430528K), 0.0206367 secs] [Times: user=0.03 sys=0.00, real=0.02 secs] 
2776.978: [GC (Allocation Failure) [PSYoungGen: 417518K->184494K(465920K)] 1326820K->1094069K(1430528K), 0.0206201 secs] [Times: user=0.03 sys=0.00, real=0.02 secs] 
2777.635: [GC (Allocation Failure) [PSYoungGen: 406979K->91853K(465920K)] 1316554K->1001572K(1430528K), 0.0130621 secs] [Times: user=0.03 sys=0.00, real=0.02 secs] 
2778.717: [GC (Allocation Failure) [PSYoungGen: 324813K->37716K(465920K)] 1234532K->947757K(1430528K), 0.0059018 secs] [Times: user=0.01 sys=0.00, real=0.00 secs] 
2778.987: [GC (Allocation Failure) [PSYoungGen: 270676K->184430K(465920K)] 1180717K->1095708K(1430528K), 0.0207325 secs] [Times: user=0.03 sys=0.00, real=0.03 secs] 
2779.275: [GC (Allocation Failure) [PSYoungGen: 417390K->184558K(465920K)] 1328668K->1096109K(1430528K), 0.0204970 secs] [Times: user=0.03 sys=0.00, real=0.02 secs] 
2779.970: [GC (Allocation Failure) [PSYoungGen: 407609K->92030K(465920K)] 1319161K->1003846K(1430528K), 0.0119789 secs] [Times: user=0.03 sys=0.01, real=0.01 secs] 
2781.015: [GC (Allocation Failure) [PSYoungGen: 324990K->37745K(465920K)] 1236806K->949867K(1430528K), 0.0058895 secs] [Times: user=0.01 sys=0.00, real=0.01 secs] 
2781.284: [GC (Allocation Failure) [PSYoungGen: 270705K->184462K(465920K)] 1182827K->1097837K(1430528K), 0.0206776 secs] [Times: user=0.02 sys=0.00, real=0.02 secs] 
2781.575: [GC (Allocation Failure) [PSYoungGen: 417422K->184558K(465920K)] 1330797K->1098207K(1430528K), 0.0206734 secs] [Times: user=0.03 sys=0.00, real=0.02 secs] 
2782.881: [GC (Allocation Failure) [PSYoungGen: 407612K->91966K(465920K)] 1321261K->1005879K(1430528K), 0.0137891 secs] [Times: user=0.03 sys=0.00, real=0.01 secs] 
2784.364: [GC (Allocation Failure) [PSYoungGen: 324926K->37520K(465920K)] 1238839K->951756K(1430528K), 0.0058170 secs] [Times: user=0.02 sys=0.00, real=0.01 secs] 
2784.632: [GC (Allocation Failure) [PSYoungGen: 270480K->184687K(465920K)] 1184716K->1100160K(1430528K), 0.0207942 secs] [Times: user=0.03 sys=0.00, real=0.02 secs] 
2784.916: [GC (Allocation Failure) [PSYoungGen: 417647K->184044K(465920K)] 1333120K->1099790K(1430528K), 0.0203468 secs] [Times: user=0.03 sys=0.00, real=0.02 secs] 
2785.923: [GC (Allocation Failure) [PSYoungGen: 408022K->92512K(465920K)] 1323768K->1008531K(1430528K), 0.0139520 secs] [Times: user=0.03 sys=0.00, real=0.01 secs] 
2787.520: [GC (Allocation Failure) [PSYoungGen: 325472K->37488K(465920K)] 1241491K->953816K(1430528K), 0.0069506 secs] [Times: user=0.02 sys=0.00, real=0.00 secs] 
2787.803: [GC (Allocation Failure) [PSYoungGen: 270448K->184430K(465920K)] 1186776K->1102131K(1430528K), 0.0206582 secs] [Times: user=0.03 sys=0.00, real=0.02 secs] 
2788.087: [GC (Allocation Failure) [PSYoungGen: 417390K->184558K(465920K)] 1335091K->1102396K(1430528K), 0.0214086 secs] [Times: user=0.03 sys=0.00, real=0.03 secs] 
2788.707: [GC (Allocation Failure) [PSYoungGen: 408121K->92271K(465920K)] 1325959K->1010374K(1430528K), 0.0112643 secs] [Times: user=0.02 sys=0.00, real=0.01 secs] 
2789.953: [GC (Allocation Failure) [PSYoungGen: 325231K->37556K(465920K)] 1243334K->955980K(1430528K), 0.0068160 secs] [Times: user=0.02 sys=0.00, real=0.01 secs] 
2790.232: [GC (Allocation Failure) [PSYoungGen: 270516K->184430K(465920K)] 1188940K->1104092K(1430528K), 0.0215521 secs] [Times: user=0.03 sys=0.00, real=0.02 secs] 
2790.519: [GC (Allocation Failure) [PSYoungGen: 417390K->184526K(465920K)] 1337052K->1104462K(1430528K), 0.0205312 secs] [Times: user=0.03 sys=0.00, real=0.02 secs] 
2792.327: [GC (Allocation Failure) [PSYoungGen: 407581K->92126K(465920K)] 1327516K->1012327K(1430528K), 0.0258415 secs] [Times: user=0.06 sys=0.00, real=0.02 secs] 
2794.255: [GC (Allocation Failure) [PSYoungGen: 325086K->37588K(465920K)] 1245287K->958096K(1430528K), 0.0083613 secs] [Times: user=0.02 sys=0.00, real=0.01 secs] 
2794.574: [GC (Allocation Failure) [PSYoungGen: 270548K->184687K(465920K)] 1191056K->1106441K(1430528K), 0.0207810 secs] [Times: user=0.03 sys=0.00, real=0.02 secs] 
2794.866: [GC (Allocation Failure) [PSYoungGen: 417647K->186486K(465920K)] 1339401K->1108650K(1430528K), 0.0209192 secs] [Times: user=0.03 sys=0.00, real=0.02 secs] 
2795.660: [GC (Allocation Failure) [PSYoungGen: 408401K->89909K(465920K)] 1330564K->1012346K(1430528K), 0.0116629 secs] [Times: user=0.03 sys=0.00, real=0.01 secs] 
2796.658: [GC (Allocation Failure) [PSYoungGen: 322869K->37874K(465920K)] 1245306K->960480K(1430528K), 0.0058173 secs] [Times: user=0.02 sys=0.00, real=0.00 secs] 
2796.986: [GC (Allocation Failure) [PSYoungGen: 270834K->184815K(465920K)] 1193440K->1108667K(1430528K), 0.0207086 secs] [Times: user=0.03 sys=0.00, real=0.02 secs] 
2797.327: [GC (Allocation Failure) [PSYoungGen: 417775K->184141K(465920K)] 1341627K->1108265K(1430528K), 0.0204999 secs] [Times: user=0.03 sys=0.00, real=0.02 secs] 
2798.844: [GC (Allocation Failure) [PSYoungGen: 407143K->91837K(465920K)] 1331267K->1016227K(1430528K), 0.0167263 secs] [Times: user=0.03 sys=0.00, real=0.02 secs] 
2800.160: [GC (Allocation Failure) [PSYoungGen: 324797K->37813K(465920K)] 1249187K->962500K(1430528K), 0.0102193 secs] [Times: user=0.03 sys=0.00, real=0.01 secs] 
2800.521: [GC (Allocation Failure) [PSYoungGen: 270773K->184687K(465920K)] 1195460K->1110612K(1430528K), 0.0207748 secs] [Times: user=0.03 sys=0.00, real=0.02 secs] 
2800.806: [GC (Allocation Failure) [PSYoungGen: 417647K->184655K(465920K)] 1343572K->1110981K(1430528K), 0.0205846 secs] [Times: user=0.03 sys=0.00, real=0.02 secs] 
2801.441: [GC (Allocation Failure) [PSYoungGen: 407100K->91467K(465920K)] 1333426K->1018059K(1430528K), 0.0126797 secs] [Times: user=0.03 sys=0.00, real=0.01 secs] 
2802.339: [GC (Allocation Failure) [PSYoungGen: 324427K->37970K(465920K)] 1251019K->964749K(1430528K), 0.0069194 secs] [Times: user=0.02 sys=0.00, real=0.00 secs] 
2802.691: [GC (Allocation Failure) [PSYoungGen: 270930K->183916K(465920K)] 1197709K->1111932K(1430528K), 0.0205880 secs] [Times: user=0.03 sys=0.00, real=0.02 secs] 
2802.975: [GC (Allocation Failure) [PSYoungGen: 416876K->184430K(465920K)] 1344892K->1112848K(1430528K), 0.0203087 secs] [Times: user=0.03 sys=0.00, real=0.02 secs] 
2803.905: [GC (Allocation Failure) [PSYoungGen: 409694K->92415K(465920K)] 1338113K->1020970K(1430528K), 0.0137521 secs] [Times: user=0.03 sys=0.00, real=0.02 secs] 
2804.785: [GC (Allocation Failure) [PSYoungGen: 325375K->38002K(465920K)] 1253930K->966873K(1430528K), 0.0058779 secs] [Times: user=0.02 sys=0.00, real=0.01 secs] 
2805.055: [GC (Allocation Failure) [PSYoungGen: 270962K->184687K(465920K)] 1199833K->1114803K(1430528K), 0.0206685 secs] [Times: user=0.03 sys=0.00, real=0.02 secs] 
2805.395: [GC (Allocation Failure) [PSYoungGen: 417647K->184430K(465920K)] 1347763K->1114819K(1430528K), 0.0208324 secs] [Times: user=0.03 sys=0.00, real=0.02 secs] 
2806.035: [GC (Allocation Failure) [PSYoungGen: 406913K->91596K(465920K)] 1337302K->1022251K(1430528K), 0.0125903 secs] [Times: user=0.03 sys=0.00, real=0.02 secs] 
2807.672: [GC (Allocation Failure) [PSYoungGen: 324556K->37813K(465920K)] 1255211K->968783K(1430528K), 0.0077091 secs] [Times: user=0.02 sys=0.00, real=0.01 secs] 
2808.053: [GC (Allocation Failure) [PSYoungGen: 270773K->184687K(465920K)] 1201743K->1116895K(1430528K), 0.0208529 secs] [Times: user=0.03 sys=0.00, real=0.02 secs] 
2808.338: [GC (Allocation Failure) [PSYoungGen: 417647K->184655K(465920K)] 1349855K->1117136K(1430528K), 0.0207288 secs] [Times: user=0.02 sys=0.00, real=0.02 secs] 
2809.584: [GC (Allocation Failure) [PSYoungGen: 407200K->91531K(465920K)] 1339681K->1024286K(1430528K), 0.0205116 secs] [Times: user=0.04 sys=0.00, real=0.02 secs] 
2810.603: [GC (Allocation Failure) [PSYoungGen: 324491K->38002K(465920K)] 1257246K->971070K(1430528K), 0.0059278 secs] [Times: user=0.01 sys=0.00, real=0.01 secs] 
2810.942: [GC (Allocation Failure) [PSYoungGen: 270962K->183787K(465920K)] 1204030K->1118093K(1430528K), 0.0206065 secs] [Times: user=0.03 sys=0.00, real=0.02 secs] 
2811.279: [GC (Allocation Failure) [PSYoungGen: 416747K->184719K(465920K)] 1351053K->1119297K(1430528K), 0.0213135 secs] [Times: user=0.04 sys=0.00, real=0.02 secs] 
2812.227: [GC (Allocation Failure) [PSYoungGen: 410129K->92223K(465920K)] 1344708K->1027067K(1430528K), 0.0164175 secs] [Times: user=0.04 sys=0.00, real=0.01 secs] 
2814.590: [GC (Allocation Failure) [PSYoungGen: 325183K->37620K(465920K)] 1260027K->972756K(1430528K), 0.0089085 secs] [Times: user=0.02 sys=0.00, real=0.01 secs] 
2814.920: [GC (Allocation Failure) [PSYoungGen: 270580K->184687K(465920K)] 1205716K->1121076K(1430528K), 0.0207022 secs] [Times: user=0.03 sys=0.01, real=0.02 secs] 
2815.203: [GC (Allocation Failure) [PSYoungGen: 417647K->184398K(465920K)] 1354036K->1121052K(1430528K), 0.0206354 secs] [Times: user=0.03 sys=0.00, real=0.02 secs] 
2816.162: [GC (Allocation Failure) [PSYoungGen: 409436K->91966K(465920K)] 1346090K->1028885K(1430528K), 0.0151982 secs] [Times: user=0.04 sys=0.00, real=0.01 secs] 
2817.686: [GC (Allocation Failure) [PSYoungGen: 324926K->37813K(465920K)] 1261845K->975038K(1430528K), 0.0083771 secs] [Times: user=0.02 sys=0.00, real=0.01 secs] 
2818.007: [GC (Allocation Failure) [PSYoungGen: 270773K->184815K(465920K)] 1207998K->1123286K(1430528K), 0.0206863 secs] [Times: user=0.03 sys=0.00, real=0.02 secs] 
2818.295: [GC (Allocation Failure) [PSYoungGen: 417775K->184526K(465920K)] 1356246K->1123270K(1430528K), 0.0204672 secs] [Times: user=0.03 sys=0.00, real=0.02 secs] 
2820.536: [GC (Allocation Failure) [PSYoungGen: 406817K->91499K(465920K)] 1345561K->1030637K(1430528K), 0.0289499 secs] [Times: user=0.07 sys=0.00, real=0.03 secs] 
2822.816: [GC (Allocation Failure) [PSYoungGen: 324459K->37684K(465920K)] 1263597K->977001K(1430528K), 0.0093507 secs] [Times: user=0.03 sys=0.00, real=0.01 secs] 
2823.215: [GC (Allocation Failure) [PSYoungGen: 270644K->184944K(465920K)] 1209961K->1125499K(1430528K), 0.0208134 secs] [Times: user=0.03 sys=0.00, real=0.02 secs] 
2823.499: [GC (Allocation Failure) [PSYoungGen: 417904K->183787K(465920K)] 1358459K->1124615K(1430528K), 0.0205250 secs] [Times: user=0.03 sys=0.00, real=0.02 secs] 
2824.851: [GC (Allocation Failure) [PSYoungGen: 409293K->92191K(465920K)] 1350121K->1033284K(1430528K), 0.0200721 secs] [Times: user=0.04 sys=0.00, real=0.02 secs] 
2826.054: [GC (Allocation Failure) [PSYoungGen: 325151K->37845K(465920K)] 1266244K->979246K(1430528K), 0.0076115 secs] [Times: user=0.02 sys=0.00, real=0.01 secs] 
2826.355: [GC (Allocation Failure) [PSYoungGen: 270805K->184430K(465920K)] 1212206K->1127205K(1430528K), 0.0205464 secs] [Times: user=0.03 sys=0.00, real=0.02 secs] 
2826.640: [GC (Allocation Failure) [PSYoungGen: 417390K->184590K(465920K)] 1360165K->1127638K(1430528K), 0.0204567 secs] [Times: user=0.03 sys=0.00, real=0.02 secs] 
2828.542: [GC (Allocation Failure) [PSYoungGen: 407175K->91853K(465920K)] 1350223K->1035038K(1430528K), 0.0263674 secs] [Times: user=0.06 sys=0.00, real=0.03 secs] 
2830.147: [GC (Allocation Failure) [PSYoungGen: 324813K->37813K(465920K)] 1267998K->981303K(1430528K), 0.0070905 secs] [Times: user=0.02 sys=0.00, real=0.01 secs] 
2830.506: [GC (Allocation Failure) [PSYoungGen: 270773K->184944K(465920K)] 1214263K->1129672K(1430528K), 0.0207844 secs] [Times: user=0.03 sys=0.01, real=0.02 secs] 
2830.796: [GC (Allocation Failure) [PSYoungGen: 417904K->184269K(465920K)] 1362632K->1129270K(1430528K), 0.0205485 secs] [Times: user=0.03 sys=0.00, real=0.03 secs] 
2832.729: [GC (Allocation Failure) [PSYoungGen: 407129K->91580K(465920K)] 1352130K->1036975K(1430528K), 0.0134828 secs] [Times: user=0.03 sys=0.01, real=0.01 secs] 
2833.520: [GC (Allocation Failure) [PSYoungGen: 324540K->37973K(465920K)] 1269935K->983561K(1430528K), 0.0059090 secs] [Times: user=0.01 sys=0.00, real=0.00 secs] 
2833.790: [GC (Allocation Failure) [PSYoungGen: 270933K->184687K(465920K)] 1216521K->1131512K(1430528K), 0.0206068 secs] [Times: user=0.03 sys=0.00, real=0.02 secs] 
2834.075: [GC (Allocation Failure) [PSYoungGen: 417647K->184494K(465920K)] 1364472K->1131721K(1430528K), 0.0205402 secs] [Times: user=0.03 sys=0.00, real=0.02 secs] 
2835.174: [GC (Allocation Failure) [PSYoungGen: 406961K->91467K(465920K)] 1354188K->1038847K(1430528K), 0.0128840 secs] [Times: user=0.03 sys=0.00, real=0.02 secs] 
2835.978: [GC (Allocation Failure) [PSYoungGen: 324427K->37874K(465920K)] 1271807K->985553K(1430528K), 0.0060008 secs] [Times: user=0.01 sys=0.00, real=0.00 secs] 
2836.247: [GC (Allocation Failure) [PSYoungGen: 270834K->183658K(465920K)] 1218513K->1132584K(1430528K), 0.0205532 secs] [Times: user=0.03 sys=0.00, real=0.03 secs] 
2836.588: [GC (Allocation Failure) [PSYoungGen: 416618K->184558K(465920K)] 1365544K->1133756K(1430528K), 0.0206873 secs] [Times: user=0.03 sys=0.00, real=0.02 secs] 
2838.782: [GC (Allocation Failure) [PSYoungGen: 410131K->92640K(465920K)] 1359329K->1042104K(1430528K), 0.0169006 secs] [Times: user=0.04 sys=0.00, real=0.02 secs] 
2840.452: [GC (Allocation Failure) [PSYoungGen: 325600K->37588K(465920K)] 1275064K->987367K(1430528K), 0.0070204 secs] [Times: user=0.02 sys=0.00, real=0.01 secs] 
2840.739: [GC (Allocation Failure) [PSYoungGen: 270548K->184044K(465920K)] 1220327K->1135069K(1430528K), 0.0206391 secs] [Times: user=0.03 sys=0.00, real=0.02 secs] 
2841.082: [GC (Allocation Failure) [PSYoungGen: 417004K->184526K(465920K)] 1368029K->1135824K(1430528K), 0.0205674 secs] [Times: user=0.03 sys=0.00, real=0.02 secs] 
2842.523: [GC (Allocation Failure) [PSYoungGen: 409724K->92528K(465920K)] 1361022K->1044227K(1430528K), 0.0176586 secs] [Times: user=0.04 sys=0.00, real=0.02 secs] 
2844.254: [GC (Allocation Failure) [PSYoungGen: 325488K->37877K(465920K)] 1277187K->989770K(1430528K), 0.0078902 secs] [Times: user=0.02 sys=0.00, real=0.01 secs] 
2844.563: [GC (Allocation Failure) [PSYoungGen: 270837K->184687K(465920K)] 1222730K->1137825K(1430528K), 0.0208068 secs] [Times: user=0.03 sys=0.00, real=0.02 secs] 
2844.847: [GC (Allocation Failure) [PSYoungGen: 417647K->184719K(465920K)] 1370785K->1138130K(1430528K), 0.0207175 secs] [Times: user=0.03 sys=0.00, real=0.02 secs] 
2846.390: [GC (Allocation Failure) [PSYoungGen: 407288K->91467K(465920K)] 1360699K->1045144K(1430528K), 0.0266411 secs] [Times: user=0.06 sys=0.01, real=0.02 secs] 
2848.633: [GC (Allocation Failure) [PSYoungGen: 324427K->37813K(465920K)] 1278104K->991779K(1430528K), 0.0085047 secs] [Times: user=0.02 sys=0.00, real=0.01 secs] 
2848.951: [GC (Allocation Failure) [PSYoungGen: 270773K->183819K(465920K)] 1224739K->1139031K(1430528K), 0.0207653 secs] [Times: user=0.03 sys=0.00, real=0.02 secs] 
2849.235: [GC (Allocation Failure) [PSYoungGen: 416779K->184301K(465920K)] 1371991K->1139915K(1430528K), 0.0206080 secs] [Times: user=0.03 sys=0.00, real=0.02 secs] 
2849.989: [GC (Allocation Failure) [PSYoungGen: 408130K->92769K(465920K)] 1363743K->1048527K(1430528K), 0.0126336 secs] [Times: user=0.03 sys=0.00, real=0.01 secs] 
2850.821: [GC (Allocation Failure) [PSYoungGen: 325729K->37845K(465920K)] 1281487K->993908K(1430528K), 0.0059828 secs] [Times: user=0.02 sys=0.00, real=0.00 secs] 
2851.091: [GC (Allocation Failure) [PSYoungGen: 270805K->184944K(465920K)] 1226868K->1142245K(1430528K), 0.0206607 secs] [Times: user=0.02 sys=0.00, real=0.02 secs] 
2851.376: [GC (Allocation Failure) [PSYoungGen: 417904K->184269K(465920K)] 1375205K->1141843K(1430528K), 0.0206217 secs] [Times: user=0.03 sys=0.00, real=0.02 secs] 
2853.279: [GC (Allocation Failure) [PSYoungGen: 407119K->91628K(465920K)] 1364693K->1049596K(1430528K), 0.0235602 secs] [Times: user=0.05 sys=0.00, real=0.02 secs] 
2855.229: [GC (Allocation Failure) [PSYoungGen: 324588K->37745K(465920K)] 1282556K->995885K(1430528K), 0.0069762 secs] [Times: user=0.01 sys=0.00, real=0.00 secs] 
2855.583: [GC (Allocation Failure) [PSYoungGen: 270705K->184558K(465920K)] 1228845K->1144072K(1430528K), 0.0211158 secs] [Times: user=0.03 sys=0.00, real=0.02 secs] 
2855.866: [GC (Allocation Failure) [PSYoungGen: 417518K->184430K(465920K)] 1377032K->1144088K(1430528K), 0.0206134 secs] [Times: user=0.03 sys=0.00, real=0.02 secs] 
2857.102: [GC (Allocation Failure) [PSYoungGen: 409486K->91934K(465920K)] 1369144K->1051857K(1430528K), 0.0142359 secs] [Times: user=0.03 sys=0.00, real=0.01 secs] 
2858.756: [GC (Allocation Failure) [PSYoungGen: 324894K->37588K(465920K)] 1284817K->997809K(1430528K), 0.0071583 secs] [Times: user=0.01 sys=0.00, real=0.01 secs] 
2859.117: [GC (Allocation Failure) [PSYoungGen: 270548K->184687K(465920K)] 1230769K->1146282K(1430528K), 0.0208245 secs] [Times: user=0.03 sys=0.00, real=0.03 secs] 
2859.400: [GC (Allocation Failure) [PSYoungGen: 417647K->184430K(465920K)] 1379242K->1146169K(1430528K), 0.0207107 secs] [Times: user=0.03 sys=0.00, real=0.02 secs] 
2860.071: [GC (Allocation Failure) [PSYoungGen: 409318K->92014K(465920K)] 1371057K->1054018K(1430528K), 0.0125739 secs] [Times: user=0.03 sys=0.00, real=0.01 secs] 
2860.867: [GC (Allocation Failure) [PSYoungGen: 324974K->37973K(465920K)] 1286978K->1000292K(1430528K), 0.0058886 secs] [Times: user=0.02 sys=0.00, real=0.00 secs] 
2861.137: [GC (Allocation Failure) [PSYoungGen: 270933K->184558K(465920K)] 1233252K->1148251K(1430528K), 0.0206138 secs] [Times: user=0.03 sys=0.00, real=0.02 secs] 
2861.158: [Full GC (Ergonomics) [PSYoungGen: 184558K->0K(465920K)] [ParOldGen: 963692K->554492K(992768K)] 1148251K->554492K(1458688K), [Metaspace: 56400K->56400K(1101824K)], 0.0564511 secs] [Times: user=0.25 sys=0.00, real=0.05 secs] 
2861.479: [GC (Allocation Failure) [PSYoungGen: 232960K->184687K(465920K)] 787452K->739180K(1458688K), 0.0199215 secs] [Times: user=0.03 sys=0.00, real=0.02 secs] 
2862.552: [GC (Allocation Failure) [PSYoungGen: 407268K->91516K(465920K)] 961761K->646313K(1458688K), 0.0109070 secs] [Times: user=0.02 sys=0.00, real=0.01 secs] 
2863.972: [GC (Allocation Failure) [PSYoungGen: 324476K->37555K(465920K)] 879273K->592666K(1458688K), 0.0053094 secs] [Times: user=0.01 sys=0.00, real=0.00 secs] 
2864.240: [GC (Allocation Failure) [PSYoungGen: 270515K->184719K(465920K)] 825626K->741091K(1458688K), 0.0201806 secs] [Times: user=0.02 sys=0.00, real=0.02 secs] 
2864.524: [GC (Allocation Failure) [PSYoungGen: 417679K->184623K(465920K)] 974051K->741268K(1458688K), 0.0201520 secs] [Times: user=0.03 sys=0.00, real=0.02 secs] 
2866.682: [GC (Allocation Failure) [PSYoungGen: 409746K->91853K(465920K)] 966392K->648771K(1458688K), 0.0200385 secs] [Times: user=0.03 sys=0.00, real=0.02 secs] 
2868.968: [GC (Allocation Failure) [PSYoungGen: 324813K->37459K(465920K)] 881731K->594675K(1458688K), 0.0072087 secs] [Times: user=0.01 sys=0.00, real=0.00 secs] 
2869.279: [GC (Allocation Failure) [PSYoungGen: 270419K->184687K(465920K)] 827635K->743285K(1458688K), 0.0200660 secs] [Times: user=0.03 sys=0.00, real=0.02 secs] 
2869.618: [GC (Allocation Failure) [PSYoungGen: 417647K->184655K(465920K)] 976245K->743397K(1458688K), 0.0201773 secs] [Times: user=0.03 sys=0.00, real=0.02 secs] 
2870.936: [GC (Allocation Failure) [PSYoungGen: 407217K->91805K(465920K)] 965960K->650813K(1458688K), 0.0140638 secs] [Times: user=0.02 sys=0.00, real=0.02 secs] 
2871.980: [GC (Allocation Failure) [PSYoungGen: 324765K->38005K(465920K)] 883773K->597319K(1458688K), 0.0060214 secs] [Times: user=0.02 sys=0.00, real=0.00 secs] 
2872.257: [GC (Allocation Failure) [PSYoungGen: 270965K->185008K(465920K)] 830279K->745575K(1458688K), 0.0201702 secs] [Times: user=0.03 sys=0.00, real=0.02 secs] 
2872.599: [GC (Allocation Failure) [PSYoungGen: 417968K->184237K(465920K)] 978535K->745077K(1458688K), 0.0200656 secs] [Times: user=0.03 sys=0.00, real=0.02 secs] 
2873.905: [GC (Allocation Failure) [PSYoungGen: 407112K->91644K(465920K)] 967952K->652757K(1458688K), 0.0143144 secs] [Times: user=0.02 sys=0.00, real=0.02 secs] 
2875.951: [GC (Allocation Failure) [PSYoungGen: 324604K->37138K(465920K)] 885717K->598574K(1458688K), 0.0061643 secs] [Times: user=0.01 sys=0.00, real=0.00 secs] 
2876.236: [GC (Allocation Failure) [PSYoungGen: 270098K->184430K(465920K)] 831534K->747120K(1458688K), 0.0202170 secs] [Times: user=0.02 sys=0.00, real=0.02 secs] 
2876.519: [GC (Allocation Failure) [PSYoungGen: 417390K->184301K(465920K)] 980080K->747273K(1458688K), 0.0201321 secs] [Times: user=0.03 sys=0.00, real=0.02 secs] 
2877.135: [GC (Allocation Failure) [PSYoungGen: 409408K->92833K(465920K)] 972379K->656198K(1458688K), 0.0111265 secs] [Times: user=0.02 sys=0.00, real=0.01 secs] 
2877.935: [GC (Allocation Failure) [PSYoungGen: 325793K->38037K(465920K)] 889158K->601582K(1458688K), 0.0054625 secs] [Times: user=0.01 sys=0.00, real=0.01 secs] 
2878.206: [GC (Allocation Failure) [PSYoungGen: 270997K->184687K(465920K)] 834542K->749485K(1458688K), 0.0202061 secs] [Times: user=0.03 sys=0.00, real=0.02 secs] 
2878.495: [GC (Allocation Failure) [PSYoungGen: 417647K->184751K(465920K)] 982445K->749830K(1458688K), 0.0200742 secs] [Times: user=0.03 sys=0.00, real=0.02 secs] 
2879.121: [GC (Allocation Failure) [PSYoungGen: 407313K->91355K(465920K)] 972393K->656699K(1458688K), 0.0108218 secs] [Times: user=0.02 sys=0.00, real=0.01 secs] 
2879.926: [GC (Allocation Failure) [PSYoungGen: 324315K->38005K(465920K)] 889659K->603658K(1458688K), 0.0053349 secs] [Times: user=0.01 sys=0.00, real=0.01 secs] 
2880.198: [GC (Allocation Failure) [PSYoungGen: 270965K->183948K(465920K)] 836618K->750854K(1458688K), 0.0200678 secs] [Times: user=0.03 sys=0.00, real=0.02 secs] 
2880.485: [GC (Allocation Failure) [PSYoungGen: 416908K->184430K(465920K)] 983814K->751617K(1458688K), 0.0200400 secs] [Times: user=0.03 sys=0.00, real=0.02 secs] 
2882.261: [GC (Allocation Failure) [PSYoungGen: 408122K->92415K(465920K)] 975310K->659875K(1458688K), 0.0130193 secs] [Times: user=0.02 sys=0.00, real=0.01 secs] 
2884.553: [GC (Allocation Failure) [PSYoungGen: 325375K->37138K(465920K)] 892835K->604911K(1458688K), 0.0064068 secs] [Times: user=0.01 sys=0.00, real=0.01 secs] 
2884.918: [GC (Allocation Failure) [PSYoungGen: 270098K->184494K(465920K)] 837871K->753658K(1458688K), 0.0200880 secs] [Times: user=0.02 sys=0.00, real=0.02 secs] 
2885.201: [GC (Allocation Failure) [PSYoungGen: 417454K->184590K(465920K)] 986618K->753899K(1458688K), 0.0200175 secs] [Times: user=0.03 sys=0.00, real=0.02 secs] 
2886.772: [GC (Allocation Failure) [PSYoungGen: 408292K->92672K(465920K)] 977601K->662246K(1458688K), 0.0156268 secs] [Times: user=0.03 sys=0.00, real=0.02 secs] 
2888.734: [GC (Allocation Failure) [PSYoungGen: 325632K->37845K(465920K)] 895206K->607724K(1458688K), 0.0064239 secs] [Times: user=0.01 sys=0.00, real=0.01 secs] 
2889.025: [GC (Allocation Failure) [PSYoungGen: 270805K->184462K(465920K)] 840684K->755595K(1458688K), 0.0201130 secs] [Times: user=0.03 sys=0.00, real=0.02 secs] 
2889.361: [GC (Allocation Failure) [PSYoungGen: 417422K->184269K(465920K)] 988555K->755675K(1458688K), 0.0199480 secs] [Times: user=0.03 sys=0.00, real=0.02 secs] 
2890.243: [GC (Allocation Failure) [PSYoungGen: 409313K->92190K(465920K)] 980719K->663998K(1458688K), 0.0129070 secs] [Times: user=0.03 sys=0.00, real=0.01 secs] 
2891.710: [GC (Allocation Failure) [PSYoungGen: 325150K->37716K(465920K)] 896958K->609717K(1458688K), 0.0063400 secs] [Times: user=0.02 sys=0.00, real=0.00 secs] 
2892.077: [GC (Allocation Failure) [PSYoungGen: 270676K->184333K(465920K)] 842677K->757587K(1458688K), 0.0201233 secs] [Times: user=0.03 sys=0.00, real=0.03 secs] 
2892.360: [GC (Allocation Failure) [PSYoungGen: 417293K->184590K(465920K)] 990547K->758246K(1458688K), 0.0201013 secs] [Times: user=0.02 sys=0.00, real=0.02 secs] 
2893.812: [GC (Allocation Failure) [PSYoungGen: 407586K->92126K(465920K)] 981241K->665927K(1458688K), 0.0187422 secs] [Times: user=0.03 sys=0.00, real=0.02 secs] 
2896.126: [GC (Allocation Failure) [PSYoungGen: 325086K->37459K(465920K)] 898887K->611557K(1458688K), 0.0071927 secs] [Times: user=0.02 sys=0.00, real=0.01 secs] 
2896.438: [GC (Allocation Failure) [PSYoungGen: 270419K->184430K(465920K)] 844517K->759789K(1458688K), 0.0201903 secs] [Times: user=0.03 sys=0.00, real=0.02 secs] 
2896.721: [GC (Allocation Failure) [PSYoungGen: 417390K->184494K(465920K)] 992749K->760127K(1458688K), 0.0201520 secs] [Times: user=0.02 sys=0.00, real=0.02 secs] 
2898.828: [GC (Allocation Failure) [PSYoungGen: 408065K->92255K(465920K)] 983698K->668152K(1458688K), 0.0210291 secs] [Times: user=0.04 sys=0.00, real=0.02 secs] 
2901.336: [GC (Allocation Failure) [PSYoungGen: 325215K->37331K(465920K)] 901112K->613534K(1458688K), 0.0067146 secs] [Times: user=0.02 sys=0.00, real=0.01 secs] 
2901.706: [GC (GCLocker Initiated GC) [PSYoungGen: 270291K->184333K(465920K)] 846494K->761790K(1458688K), 0.0200441 secs] [Times: user=0.03 sys=0.00, real=0.02 secs] 
2901.996: [GC (Allocation Failure) [PSYoungGen: 417293K->184880K(465920K)] 996004K->763864K(1458688K), 0.0201920 secs] [Times: user=0.03 sys=0.00, real=0.02 secs] 
2903.093: [GC (Allocation Failure) [PSYoungGen: 407631K->91130K(465920K)] 986615K->670130K(1458688K), 0.0165692 secs] [Times: user=0.03 sys=0.00, real=0.02 secs] 
2904.978: [GC (Allocation Failure) [PSYoungGen: 324090K->37652K(465920K)] 903090K->616999K(1458688K), 0.0073044 secs] [Times: user=0.02 sys=0.00, real=0.00 secs] 
2905.370: [GC (Allocation Failure) [PSYoungGen: 270612K->184622K(465920K)] 849959K->765360K(1458688K), 0.0200005 secs] [Times: user=0.03 sys=0.01, real=0.02 secs] 
2905.658: [GC (Allocation Failure) [PSYoungGen: 417582K->184494K(465920K)] 998320K->765505K(1458688K), 0.0202876 secs] [Times: user=0.03 sys=0.00, real=0.02 secs] 
2906.326: [GC (Allocation Failure) [PSYoungGen: 407495K->92030K(465920K)] 988505K->673185K(1458688K), 0.0121736 secs] [Times: user=0.03 sys=0.00, real=0.02 secs] 
2907.194: [GC (Allocation Failure) [PSYoungGen: 324990K->37845K(465920K)] 906145K->619298K(1458688K), 0.0072616 secs] [Times: user=0.02 sys=0.00, real=0.01 secs] 
2907.553: [GC (Allocation Failure) [PSYoungGen: 270805K->183658K(465920K)] 852258K->766365K(1458688K), 0.0200720 secs] [Times: user=0.03 sys=0.00, real=0.02 secs] 
2907.839: [GC (Allocation Failure) [PSYoungGen: 416618K->184558K(465920K)] 999325K->767538K(1458688K), 0.0201205 secs] [Times: user=0.02 sys=0.00, real=0.02 secs] 
2908.915: [GC (Allocation Failure) [PSYoungGen: 409873K->92640K(465920K)] 992853K->676021K(1458688K), 0.0133866 secs] [Times: user=0.03 sys=0.00, real=0.02 secs] 
2909.751: [GC (Allocation Failure) [PSYoungGen: 325600K->38037K(465920K)] 908981K->621606K(1458688K), 0.0053194 secs] [Times: user=0.02 sys=0.00, real=0.00 secs] 
2910.020: [GC (Allocation Failure) [PSYoungGen: 270997K->184590K(465920K)] 854566K->769413K(1458688K), 0.0201047 secs] [Times: user=0.02 sys=0.00, real=0.02 secs] 
2910.308: [GC (Allocation Failure) [PSYoungGen: 417550K->184237K(465920K)] 1002373K->769341K(1458688K), 0.0200621 secs] [Times: user=0.03 sys=0.00, real=0.02 secs] 
2911.508: [GC (Allocation Failure) [PSYoungGen: 406557K->91901K(465920K)] 991660K->677278K(1458688K), 0.0191057 secs] [Times: user=0.04 sys=0.00, real=0.01 secs] 
2912.546: [GC (Allocation Failure) [PSYoungGen: 324861K->38005K(465920K)] 910238K->623695K(1458688K), 0.0061378 secs] [Times: user=0.02 sys=0.00, real=0.01 secs] 
2912.830: [GC (Allocation Failure) [PSYoungGen: 270965K->184944K(465920K)] 856655K->771888K(1458688K), 0.0201327 secs] [Times: user=0.03 sys=0.00, real=0.02 secs] 
2913.190: [GC (Allocation Failure) [PSYoungGen: 417904K->184205K(465920K)] 1004848K->771550K(1458688K), 0.0200402 secs] [Times: user=0.02 sys=0.00, real=0.02 secs] 
2914.607: [GC (Allocation Failure) [PSYoungGen: 407046K->91644K(465920K)] 994391K->679134K(1458688K), 0.0186656 secs] [Times: user=0.04 sys=0.00, real=0.02 secs] 
2916.058: [GC (Allocation Failure) [PSYoungGen: 324604K->37620K(465920K)] 912094K->625431K(1458688K), 0.0061587 secs] [Times: user=0.02 sys=0.00, real=0.00 secs] 
2916.341: [GC (Allocation Failure) [PSYoungGen: 270580K->184879K(465920K)] 858391K->773944K(1458688K), 0.0201715 secs] [Times: user=0.03 sys=0.00, real=0.02 secs] 
2916.678: [GC (Allocation Failure) [PSYoungGen: 417839K->184141K(465920K)] 1006904K->773607K(1458688K), 0.0200829 secs] [Times: user=0.03 sys=0.00, real=0.02 secs] 
2917.345: [GC (Allocation Failure) [PSYoungGen: 409359K->92158K(465920K)] 998826K->681898K(1458688K), 0.0127599 secs] [Times: user=0.03 sys=0.00, real=0.02 secs] 
2918.328: [GC (Allocation Failure) [PSYoungGen: 325118K->38005K(465920K)] 914858K->627930K(1458688K), 0.0061807 secs] [Times: user=0.01 sys=0.00, real=0.00 secs] 
2918.608: [GC (Allocation Failure) [PSYoungGen: 270965K->184719K(465920K)] 860890K->775889K(1458688K), 0.0201773 secs] [Times: user=0.03 sys=0.00, real=0.02 secs] 
2918.962: [GC (Allocation Failure) [PSYoungGen: 417679K->184430K(465920K)] 1008849K->775873K(1458688K), 0.0202491 secs] [Times: user=0.03 sys=0.00, real=0.02 secs] 
2920.281: [GC (Allocation Failure) [PSYoungGen: 406898K->91644K(465920K)] 998341K->683361K(1458688K), 0.0186034 secs] [Times: user=0.03 sys=0.00, real=0.02 secs] 
2921.759: [GC (Allocation Failure) [PSYoungGen: 324604K->37877K(465920K)] 916321K->629894K(1458688K), 0.0065197 secs] [Times: user=0.01 sys=0.00, real=0.00 secs] 
2922.049: [GC (Allocation Failure) [PSYoungGen: 270837K->184719K(465920K)] 862854K->777981K(1458688K), 0.0201151 secs] [Times: user=0.03 sys=0.00, real=0.02 secs] 
2922.337: [GC (Allocation Failure) [PSYoungGen: 417679K->184398K(465920K)] 1010941K->777933K(1458688K), 0.0200005 secs] [Times: user=0.03 sys=0.00, real=0.02 secs] 
2923.683: [GC (Allocation Failure) [PSYoungGen: 407135K->91757K(465920K)] 1000670K->685557K(1458688K), 0.0163588 secs] [Times: user=0.04 sys=0.00, real=0.02 secs] 
2924.584: [GC (Allocation Failure) [PSYoungGen: 324717K->38134K(465920K)] 918517K->632248K(1458688K), 0.0080192 secs] [Times: user=0.02 sys=0.00, real=0.01 secs] 
2924.918: [GC (Allocation Failure) [PSYoungGen: 271094K->184687K(465920K)] 865208K->780175K(1458688K), 0.0223823 secs] [Times: user=0.03 sys=0.00, real=0.02 secs] 
2925.211: [GC (Allocation Failure) [PSYoungGen: 417647K->184751K(465920K)] 1013135K->780384K(1458688K), 0.0201103 secs] [Times: user=0.03 sys=0.00, real=0.02 secs] 
2926.358: [GC (Allocation Failure) [PSYoungGen: 407174K->91258K(465920K)] 1002807K->687156K(1458688K), 0.0232416 secs] [Times: user=0.05 sys=0.00, real=0.02 secs] 
2927.504: [GC (Allocation Failure) [PSYoungGen: 324218K->37973K(465920K)] 920116K->634169K(1458688K), 0.0090472 secs] [Times: user=0.02 sys=0.00, real=0.01 secs] 
2927.837: [GC (Allocation Failure) [PSYoungGen: 270933K->183980K(465920K)] 867129K->781429K(1458688K), 0.0201587 secs] [Times: user=0.02 sys=0.00, real=0.02 secs] 
2928.176: [GC (Allocation Failure) [PSYoungGen: 416940K->184462K(465920K)] 1014389K->782312K(1458688K), 0.0201113 secs] [Times: user=0.03 sys=0.00, real=0.02 secs] 
2928.935: [GC (Allocation Failure) [PSYoungGen: 409686K->92415K(465920K)] 1007537K->690411K(1458688K), 0.0122086 secs] [Times: user=0.02 sys=0.00, real=0.02 secs] 
2931.246: [GC (Allocation Failure) [PSYoungGen: 325375K->37588K(465920K)] 923371K->635897K(1458688K), 0.0072045 secs] [Times: user=0.02 sys=0.00, real=0.01 secs] 
2931.558: [GC (Allocation Failure) [PSYoungGen: 270548K->184719K(465920K)] 868857K->784281K(1458688K), 0.0201412 secs] [Times: user=0.02 sys=0.00, real=0.02 secs] 
2931.841: [GC (Allocation Failure) [PSYoungGen: 417679K->184398K(465920K)] 1017241K->784241K(1458688K), 0.0199865 secs] [Times: user=0.03 sys=0.00, real=0.02 secs] 
2933.262: [GC (Allocation Failure) [PSYoungGen: 409422K->91966K(465920K)] 1009266K->692074K(1458688K), 0.0144791 secs] [Times: user=0.03 sys=0.00, real=0.01 secs] 
2935.038: [GC (Allocation Failure) [PSYoungGen: 324926K->37620K(465920K)] 925034K->638034K(1458688K), 0.0064876 secs] [Times: user=0.01 sys=0.00, real=0.00 secs] 
2935.336: [GC (Allocation Failure) [PSYoungGen: 270580K->184333K(465920K)] 870994K->786001K(1458688K), 0.0202663 secs] [Times: user=0.03 sys=0.00, real=0.02 secs] 
2935.619: [GC (Allocation Failure) [PSYoungGen: 417293K->184623K(465920K)] 1018961K->786564K(1458688K), 0.0200249 secs] [Times: user=0.03 sys=0.00, real=0.02 secs] 
2937.133: [GC (Allocation Failure) [PSYoungGen: 409765K->92158K(465920K)] 1011706K->694372K(1458688K), 0.0250316 secs] [Times: user=0.05 sys=0.00, real=0.03 secs] 
2939.269: [GC (Allocation Failure) [PSYoungGen: 325118K->37684K(465920K)] 927332K->640196K(1458688K), 0.0076087 secs] [Times: user=0.02 sys=0.00, real=0.01 secs] 
2939.590: [GC (Allocation Failure) [PSYoungGen: 270644K->184687K(465920K)] 873156K->788452K(1458688K), 0.0202221 secs] [Times: user=0.02 sys=0.00, real=0.02 secs] 
2939.878: [GC (Allocation Failure) [PSYoungGen: 417647K->184655K(465920K)] 1021412K->788693K(1458688K), 0.0202133 secs] [Times: user=0.02 sys=0.00, real=0.02 secs] 
2941.650: [GC (Allocation Failure) [PSYoungGen: 407218K->91644K(465920K)] 1011257K->695948K(1458688K), 0.0261866 secs] [Times: user=0.05 sys=0.00, real=0.02 secs] 
2943.321: [GC (Allocation Failure) [PSYoungGen: 324604K->37877K(465920K)] 928908K->642494K(1458688K), 0.0067184 secs] [Times: user=0.01 sys=0.00, real=0.01 secs] 
2943.610: [GC (Allocation Failure) [PSYoungGen: 270837K->184719K(465920K)] 875454K->790718K(1458688K), 0.0202647 secs] [Times: user=0.03 sys=0.00, real=0.02 secs] 
2943.894: [GC (Allocation Failure) [PSYoungGen: 417679K->184783K(465920K)] 1023678K->790935K(1458688K), 0.0201069 secs] [Times: user=0.03 sys=0.00, real=0.02 secs] 
2944.559: [GC (Allocation Failure) [PSYoungGen: 407205K->91499K(465920K)] 1013357K->698069K(1458688K), 0.0114281 secs] [Times: user=0.02 sys=0.00, real=0.01 secs] 
2945.999: [GC (Allocation Failure) [PSYoungGen: 324459K->37459K(465920K)] 931029K->644206K(1458688K), 0.0062294 secs] [Times: user=0.02 sys=0.00, real=0.00 secs] 
2946.285: [GC (Allocation Failure) [PSYoungGen: 270419K->183948K(465920K)] 877166K->791948K(1458688K), 0.0200563 secs] [Times: user=0.03 sys=0.00, real=0.02 secs] 
2946.568: [GC (Allocation Failure) [PSYoungGen: 416908K->184366K(465920K)] 1024908K->792768K(1458688K), 0.0200180 secs] [Times: user=0.03 sys=0.00, real=0.02 secs] 
2948.002: [GC (Allocation Failure) [PSYoungGen: 409594K->92961K(465920K)] 1017996K->701508K(1458688K), 0.0196513 secs] [Times: user=0.04 sys=0.00, real=0.02 secs] 
2949.455: [GC (Allocation Failure) [PSYoungGen: 325921K->37909K(465920K)] 934468K->646763K(1458688K), 0.0067472 secs] [Times: user=0.01 sys=0.00, real=0.01 secs] 
2949.746: [GC (Allocation Failure) [PSYoungGen: 270869K->184687K(465920K)] 879723K->794795K(1458688K), 0.0201362 secs] [Times: user=0.02 sys=0.00, real=0.02 secs] 
2950.035: [GC (Allocation Failure) [PSYoungGen: 417647K->184719K(465920K)] 1027755K->795236K(1458688K), 0.0202614 secs] [Times: user=0.03 sys=0.00, real=0.02 secs] 
2951.066: [GC (Allocation Failure) [PSYoungGen: 407161K->91484K(465920K)] 1017679K->702266K(1458688K), 0.0128932 secs] [Times: user=0.02 sys=0.00, real=0.02 secs] 
2952.650: [GC (Allocation Failure) [PSYoungGen: 324444K->37684K(465920K)] 935226K->648638K(1458688K), 0.0076392 secs] [Times: user=0.02 sys=0.00, real=0.01 secs] 
2952.969: [GC (Allocation Failure) [PSYoungGen: 270644K->183819K(465920K)] 881598K->796027K(1458688K), 0.0200811 secs] [Times: user=0.02 sys=0.00, real=0.02 secs] 
2953.312: [GC (Allocation Failure) [PSYoungGen: 416779K->184366K(465920K)] 1028987K->796846K(1458688K), 0.0203408 secs] [Times: user=0.02 sys=0.00, real=0.02 secs] 
2954.295: [GC (Allocation Failure) [PSYoungGen: 409635K->92753K(465920K)] 1022116K->705506K(1458688K), 0.0132027 secs] [Times: user=0.03 sys=0.00, real=0.02 secs] 
2956.194: [GC (Allocation Failure) [PSYoungGen: 325713K->37588K(465920K)] 938466K->650641K(1458688K), 0.0073981 secs] [Times: user=0.02 sys=0.00, real=0.01 secs] 
2956.513: [GC (Allocation Failure) [PSYoungGen: 270548K->184719K(465920K)] 883601K->799026K(1458688K), 0.0202265 secs] [Times: user=0.03 sys=0.00, real=0.02 secs] 
2956.850: [GC (Allocation Failure) [PSYoungGen: 417679K->184687K(465920K)] 1031986K->799404K(1458688K), 0.0203478 secs] [Times: user=0.03 sys=0.00, real=0.02 secs] 
2957.765: [GC (Allocation Failure) [PSYoungGen: 407126K->91709K(465920K)] 1021843K->706691K(1458688K), 0.0131683 secs] [Times: user=0.02 sys=0.00, real=0.02 secs] 
2959.621: [GC (Allocation Failure) [PSYoungGen: 324669K->37427K(465920K)] 939651K->652578K(1458688K), 0.0068084 secs] [Times: user=0.01 sys=0.00, real=0.01 secs] 
2959.919: [GC (Allocation Failure) [PSYoungGen: 270387K->184976K(465920K)] 885538K->801373K(1458688K), 0.0201626 secs] [Times: user=0.03 sys=0.00, real=0.02 secs] 
2960.200: [GC (Allocation Failure) [PSYoungGen: 417936K->183787K(465920K)] 1034333K->800457K(1458688K), 0.0201137 secs] [Times: user=0.02 sys=0.00, real=0.02 secs] 
2962.037: [GC (Allocation Failure) [PSYoungGen: 409303K->92496K(465920K)] 1025973K->709439K(1458688K), 0.0247898 secs] [Times: user=0.05 sys=0.01, real=0.02 secs] 
2964.168: [GC (Allocation Failure) [PSYoungGen: 325456K->37716K(465920K)] 942399K->654957K(1458688K), 0.0067084 secs] [Times: user=0.02 sys=0.00, real=0.00 secs] 
2964.470: [GC (Allocation Failure) [PSYoungGen: 270676K->184590K(465920K)] 887917K->803092K(1458688K), 0.0201917 secs] [Times: user=0.02 sys=0.00, real=0.02 secs] 
2964.753: [GC (Allocation Failure) [PSYoungGen: 417550K->184687K(465920K)] 1036052K->803470K(1458688K), 0.0202307 secs] [Times: user=0.03 sys=0.00, real=0.02 secs] 
2965.376: [GC (Allocation Failure) [PSYoungGen: 407387K->91709K(465920K)] 1026171K->710885K(1458688K), 0.0111326 secs] [Times: user=0.02 sys=0.00, real=0.02 secs] 
2966.219: [GC (Allocation Failure) [PSYoungGen: 324669K->38002K(465920K)] 943845K->657358K(1458688K), 0.0054859 secs] [Times: user=0.01 sys=0.00, real=0.00 secs] 
2966.546: [GC (Allocation Failure) [PSYoungGen: 270962K->183819K(465920K)] 890318K->804429K(1458688K), 0.0201313 secs] [Times: user=0.03 sys=0.00, real=0.02 secs] 
2966.886: [GC (Allocation Failure) [PSYoungGen: 416779K->184719K(465920K)] 1037389K->805609K(1458688K), 0.0201907 secs] [Times: user=0.03 sys=0.00, real=0.02 secs] 
2967.495: [GC (Allocation Failure) [PSYoungGen: 410135K->92303K(465920K)] 1031026K->713458K(1458688K), 0.0121247 secs] [Times: user=0.03 sys=0.00, real=0.01 secs] 
2968.330: [GC (Allocation Failure) [PSYoungGen: 325263K->38070K(465920K)] 946418K->659539K(1458688K), 0.0061401 secs] [Times: user=0.02 sys=0.00, real=0.00 secs] 
2968.609: [GC (Allocation Failure) [PSYoungGen: 271030K->184687K(465920K)] 892499K->807410K(1458688K), 0.0201930 secs] [Times: user=0.03 sys=0.00, real=0.02 secs] 
2968.897: [GC (Allocation Failure) [PSYoungGen: 417647K->184366K(465920K)] 1040370K->807362K(1458688K), 0.0200920 secs] [Times: user=0.03 sys=0.00, real=0.03 secs] 
2969.508: [GC (Allocation Failure) [PSYoungGen: 406835K->91484K(465920K)] 1029831K->714745K(1458688K), 0.0106683 secs] [Times: user=0.02 sys=0.00, real=0.01 secs] 
2970.329: [GC (Allocation Failure) [PSYoungGen: 324444K->38037K(465920K)] 947705K->661622K(1458688K), 0.0053905 secs] [Times: user=0.01 sys=0.00, real=0.00 secs] 
2970.598: [GC (Allocation Failure) [PSYoungGen: 270997K->184719K(465920K)] 894582K->809558K(1458688K), 0.0202199 secs] [Times: user=0.03 sys=0.00, real=0.02 secs] 
2970.941: [GC (Allocation Failure) [PSYoungGen: 417679K->184462K(465920K)] 1042518K->809582K(1458688K), 0.0201170 secs] [Times: user=0.02 sys=0.00, real=0.02 secs] 
2972.015: [GC (Allocation Failure) [PSYoungGen: 406935K->91644K(465920K)] 1032055K->717037K(1458688K), 0.0252948 secs] [Times: user=0.05 sys=0.00, real=0.03 secs] 
2973.146: [GC (Allocation Failure) [PSYoungGen: 324604K->38005K(465920K)] 949997K->663712K(1458688K), 0.0053650 secs] [Times: user=0.01 sys=0.00, real=0.01 secs] 
2973.472: [GC (Allocation Failure) [PSYoungGen: 270965K->184751K(465920K)] 896672K->811711K(1458688K), 0.0202569 secs] [Times: user=0.03 sys=0.00, real=0.02 secs] 
2973.812: [GC (GCLocker Initiated GC) [PSYoungGen: 417711K->182566K(465920K)] 1044671K->809808K(1458688K), 0.0199573 secs] [Times: user=0.02 sys=0.00, real=0.02 secs] 
2975.825: [GC (Allocation Failure) [PSYoungGen: 415526K->77027K(465920K)] 1059155K->720921K(1458688K), 0.0130968 secs] [Times: user=0.03 sys=0.00, real=0.02 secs] 
2976.590: [GC (Allocation Failure) [PSYoungGen: 309987K->59241K(465920K)] 953881K->703361K(1458688K), 0.0076732 secs] [Times: user=0.02 sys=0.00, real=0.01 secs] 
2976.862: [GC (Allocation Failure) [PSYoungGen: 292201K->184333K(465920K)] 936321K->829707K(1458688K), 0.0203755 secs] [Times: user=0.03 sys=0.00, real=0.02 secs] 
2977.148: [GC (Allocation Failure) [PSYoungGen: 417293K->184558K(465920K)] 1062667K->830214K(1458688K), 0.0202078 secs] [Times: user=0.03 sys=0.00, real=0.02 secs] 
2979.109: [GC (Allocation Failure) [PSYoungGen: 417518K->54263K(465920K)] 1063174K->700183K(1458688K), 0.0107634 secs] [Times: user=0.02 sys=0.00, real=0.01 secs] 
2980.382: [GC (Allocation Failure) [PSYoungGen: 287223K->81864K(465920K)] 933143K->728108K(1458688K), 0.0098078 secs] [Times: user=0.01 sys=0.00, real=0.01 secs] 
2980.654: [GC (Allocation Failure) [PSYoungGen: 314824K->184237K(465920K)] 961068K->831734K(1458688K), 0.0202996 secs] [Times: user=0.03 sys=0.00, real=0.02 secs] 
2980.938: [GC (Allocation Failure) [PSYoungGen: 417197K->184462K(465920K)] 1064694K->832369K(1458688K), 0.0201790 secs] [Times: user=0.03 sys=0.00, real=0.02 secs] 
2982.917: [GC (Allocation Failure) [PSYoungGen: 417422K->31900K(465920K)] 1065329K->679944K(1458688K), 0.0062812 secs] [Times: user=0.02 sys=0.00, real=0.00 secs] 
2983.599: [GC (Allocation Failure) [PSYoungGen: 264759K->104159K(465920K)] 912803K->752519K(1458688K), 0.0122165 secs] [Times: user=0.02 sys=0.00, real=0.01 secs] 
2983.874: [GC (Allocation Failure) [PSYoungGen: 337119K->184526K(465920K)] 985479K->834139K(1458688K), 0.0204591 secs] [Times: user=0.03 sys=0.00, real=0.02 secs] 
2984.158: [GC (Allocation Failure) [PSYoungGen: 417486K->184558K(465920K)] 1067099K->834605K(1458688K), 0.0203880 secs] [Times: user=0.03 sys=0.00, real=0.02 secs] 
2985.859: [GC (Allocation Failure) [PSYoungGen: 417518K->9279K(465920K)] 1067565K->659463K(1458688K), 0.0050916 secs] [Times: user=0.02 sys=0.00, real=0.00 secs] 
2986.699: [GC (Allocation Failure) [PSYoungGen: 242239K->127007K(465920K)] 892423K->777515K(1458688K), 0.0144718 secs] [Times: user=0.02 sys=0.00, real=0.01 secs] 
2987.035: [GC (Allocation Failure) [PSYoungGen: 359967K->183819K(465920K)] 1010475K->835580K(1458688K), 0.0203921 secs] [Times: user=0.03 sys=0.00, real=0.02 secs] 
2987.996: [GC (Allocation Failure) [PSYoungGen: 416779K->173476K(465920K)] 1068540K->825510K(1458688K), 0.0487690 secs] [Times: user=0.07 sys=0.00, real=0.05 secs] 
2989.465: [GC (Allocation Failure) [PSYoungGen: 406436K->64K(465920K)] 1058470K->653525K(1458688K), 0.0025215 secs] [Times: user=0.01 sys=0.00, real=0.01 secs] 
2989.902: [GC (Allocation Failure) [PSYoungGen: 233024K->149403K(465920K)] 886485K->802880K(1458688K), 0.0166881 secs] [Times: user=0.03 sys=0.00, real=0.02 secs] 
2990.182: [GC (Allocation Failure) [PSYoungGen: 382363K->184751K(465920K)] 1035840K->839474K(1458688K), 0.0202535 secs] [Times: user=0.03 sys=0.00, real=0.02 secs] 
2992.282: [GC (Allocation Failure) [PSYoungGen: 417711K->156341K(465920K)] 1072434K->811458K(1458688K), 0.0416385 secs] [Times: user=0.07 sys=0.00, real=0.04 secs] 
2994.788: [GC (Allocation Failure) [PSYoungGen: 389301K->128K(465920K)] 1044418K->656560K(1458688K), 0.0034644 secs] [Times: user=0.02 sys=0.00, real=0.00 secs] 
2995.377: [GC (Allocation Failure) [PSYoungGen: 233088K->170994K(465920K)] 889520K->827459K(1458688K), 0.0187219 secs] [Times: user=0.03 sys=0.00, real=0.02 secs] 
2995.658: [GC (Allocation Failure) [PSYoungGen: 403954K->184462K(465920K)] 1060419K->842171K(1458688K), 0.0204175 secs] [Times: user=0.02 sys=0.00, real=0.02 secs] 
2996.232: [GC (Allocation Failure) [PSYoungGen: 409515K->134958K(465920K)] 1067225K->792941K(1458688K), 0.0206169 secs] [Times: user=0.03 sys=0.00, real=0.02 secs] 
2997.266: [GC (Allocation Failure) [PSYoungGen: 367806K->1633K(465920K)] 1025789K->659930K(1458688K), 0.0021888 secs] [Times: user=0.01 sys=0.00, real=0.01 secs] 
2997.539: [GC (Allocation Failure) [PSYoungGen: 234593K->184847K(465920K)] 892890K->844397K(1458688K), 0.0203548 secs] [Times: user=0.03 sys=0.00, real=0.02 secs] 
2997.823: [GC (Allocation Failure) [PSYoungGen: 417807K->184655K(465920K)] 1077357K->844614K(1458688K), 0.0203379 secs] [Times: user=0.03 sys=0.00, real=0.02 secs] 
3000.251: [GC (Allocation Failure) [PSYoungGen: 417615K->127679K(465920K)] 1077574K->787775K(1458688K), 0.0204034 secs] [Times: user=0.04 sys=0.00, real=0.02 secs] 
3001.177: [GC (Allocation Failure) [PSYoungGen: 360639K->24668K(465920K)] 1020735K->685088K(1458688K), 0.0043350 secs] [Times: user=0.01 sys=0.00, real=0.00 secs] 
3001.448: [GC (Allocation Failure) [PSYoungGen: 257628K->183851K(465920K)] 918048K->845525K(1458688K), 0.0205430 secs] [Times: user=0.02 sys=0.00, real=0.02 secs] 
3001.739: [GC (Allocation Failure) [PSYoungGen: 416811K->184365K(465920K)] 1078485K->846320K(1458688K), 0.0204728 secs] [Times: user=0.03 sys=0.00, real=0.02 secs] 
3002.359: [GC (Allocation Failure) [PSYoungGen: 417325K->106103K(465920K)] 1079280K->768330K(1458688K), 0.0132665 secs] [Times: user=0.03 sys=0.00, real=0.01 secs] 
3003.204: [GC (Allocation Failure) [PSYoungGen: 339063K->46806K(465920K)] 1001290K->709355K(1458688K), 0.0065050 secs] [Times: user=0.01 sys=0.00, real=0.01 secs] 
3003.476: [GC (Allocation Failure) [PSYoungGen: 279766K->184205K(465920K)] 942315K->848008K(1458688K), 0.0204573 secs] [Times: user=0.02 sys=0.00, real=0.02 secs] 
3003.822: [GC (Allocation Failure) [PSYoungGen: 417165K->184622K(465920K)] 1080968K->848706K(1458688K), 0.0203997 secs] [Times: user=0.02 sys=0.00, real=0.02 secs] 
3005.193: [GC (Allocation Failure) [PSYoungGen: 417582K->66826K(465920K)] 1081666K->731320K(1458688K), 0.0121530 secs] [Times: user=0.02 sys=0.00, real=0.01 secs] 
3007.272: [GC (Allocation Failure) [PSYoungGen: 299786K->69140K(465920K)] 964280K->733827K(1458688K), 0.0106965 secs] [Times: user=0.02 sys=0.00, real=0.01 secs] 
3007.576: [GC (Allocation Failure) [PSYoungGen: 302100K->184590K(465920K)] 966787K->850531K(1458688K), 0.0203596 secs] [Times: user=0.02 sys=0.00, real=0.02 secs] 
3007.913: [GC (Allocation Failure) [PSYoungGen: 417550K->183787K(465920K)] 1083491K->850008K(1458688K), 0.0203179 secs] [Times: user=0.03 sys=0.00, real=0.02 secs] 
3010.056: [GC (Allocation Failure) [PSYoungGen: 416747K->44880K(465920K)] 1082968K->711367K(1458688K), 0.0104787 secs] [Times: user=0.02 sys=0.00, real=0.01 secs] 
3011.131: [GC (Allocation Failure) [PSYoungGen: 277735K->90793K(465920K)] 944221K->757589K(1458688K), 0.0107548 secs] [Times: user=0.01 sys=0.00, real=0.01 secs] 
3011.407: [GC (Allocation Failure) [PSYoungGen: 323753K->186550K(465920K)] 990549K->854600K(1458688K), 0.0205818 secs] [Times: user=0.02 sys=0.00, real=0.02 secs] 
3011.751: [GC (Allocation Failure) [PSYoungGen: 419510K->186100K(465920K)] 1087560K->854423K(1458688K), 0.0205348 secs] [Times: user=0.03 sys=0.00, real=0.02 secs] 
3012.765: [GC (Allocation Failure) [PSYoungGen: 419060K->19047K(465920K)] 1087383K->687635K(1458688K), 0.0048158 secs] [Times: user=0.02 sys=0.00, real=0.01 secs] 
3013.437: [GC (Allocation Failure) [PSYoungGen: 252007K->117654K(465920K)] 920595K->786556K(1458688K), 0.0134885 secs] [Times: user=0.02 sys=0.00, real=0.02 secs] 
3013.714: [GC (Allocation Failure) [PSYoungGen: 350614K->184590K(465920K)] 1019516K->854745K(1458688K), 0.0204538 secs] [Times: user=0.03 sys=0.00, real=0.02 secs] 
3014.082: [GC (Allocation Failure) [PSYoungGen: 417550K->180583K(465920K)] 1087705K->851011K(1458688K), 0.0231353 secs] [Times: user=0.04 sys=0.00, real=0.02 secs] 
3015.803: [GC (Allocation Failure) [PSYoungGen: 413543K->64K(465920K)] 1083971K->671919K(1458688K), 0.0025012 secs] [Times: user=0.01 sys=0.00, real=0.00 secs] 
3016.509: [GC (Allocation Failure) [PSYoungGen: 233024K->142205K(465920K)] 904879K->814077K(1458688K), 0.0162862 secs] [Times: user=0.03 sys=0.00, real=0.01 secs] 
3016.794: [GC (Allocation Failure) [PSYoungGen: 375165K->186132K(465920K)] 1047037K->859387K(1458688K), 0.0208209 secs] [Times: user=0.03 sys=0.00, real=0.02 secs] 
3017.514: [GC (Allocation Failure) [PSYoungGen: 419092K->162124K(465920K)] 1092347K->835523K(1458688K), 0.0261699 secs] [Times: user=0.04 sys=0.00, real=0.03 secs] 
3019.061: [GC (Allocation Failure) [PSYoungGen: 395084K->64K(465920K)] 1068483K->674912K(1458688K), 0.0023926 secs] [Times: user=0.01 sys=0.00, real=0.00 secs] 
3019.430: [GC (Allocation Failure) [PSYoungGen: 233024K->167813K(465920K)] 907872K->842686K(1458688K), 0.0185601 secs] [Times: user=0.02 sys=0.00, real=0.02 secs] 
3019.713: [GC (Allocation Failure) [PSYoungGen: 400773K->186261K(465920K)] 1075646K->862379K(1458688K), 0.0203561 secs] [Times: user=0.03 sys=0.00, real=0.02 secs] 
3020.444: [GC (Allocation Failure) [PSYoungGen: 411771K->136388K(465920K)] 1087889K->812907K(1458688K), 0.0161384 secs] [Times: user=0.03 sys=0.00, real=0.02 secs] 
3022.551: [GC (Allocation Failure) [PSYoungGen: 369348K->96K(465920K)] 1045867K->676792K(1458688K), 0.0028539 secs] [Times: user=0.01 sys=0.00, real=0.00 secs] 
3022.857: [GC (Allocation Failure) [PSYoungGen: 233056K->184489K(465920K)] 909752K->861210K(1458688K), 0.0203493 secs] [Times: user=0.02 sys=0.00, real=0.02 secs] 
3023.143: [GC (Allocation Failure) [PSYoungGen: 417449K->186261K(465920K)] 1094170K->864219K(1458688K), 0.0206190 secs] [Times: user=0.02 sys=0.00, real=0.02 secs] 
3024.604: [GC (Allocation Failure) [PSYoungGen: 419221K->127936K(465920K)] 1097179K->806167K(1458688K), 0.0262126 secs] [Times: user=0.05 sys=0.00, real=0.03 secs] 
3025.649: [GC (Allocation Failure) [PSYoungGen: 360896K->25857K(465920K)] 1039127K->704412K(1458688K), 0.0046770 secs] [Times: user=0.01 sys=0.00, real=0.00 secs] 
3025.919: [GC (Allocation Failure) [PSYoungGen: 258817K->184333K(465920K)] 937372K->864142K(1458688K), 0.0203440 secs] [Times: user=0.03 sys=0.00, real=0.02 secs] 
3026.204: [GC (Allocation Failure) [PSYoungGen: 417293K->186197K(465920K)] 1097102K->866279K(1458688K), 0.0203770 secs] [Times: user=0.03 sys=0.00, real=0.02 secs] 
3027.381: [GC (Allocation Failure) [PSYoungGen: 419157K->102392K(465920K)] 1099239K->782739K(1458688K), 0.0225864 secs] [Times: user=0.05 sys=0.00, real=0.02 secs] 
3029.327: [GC (Allocation Failure) [PSYoungGen: 335352K->50761K(465920K)] 1015699K->731422K(1458688K), 0.0086403 secs] [Times: user=0.02 sys=0.00, real=0.01 secs] 
3029.632: [GC (Allocation Failure) [PSYoungGen: 283721K->185875K(465920K)] 964382K->867789K(1458688K), 0.0205341 secs] [Times: user=0.02 sys=0.00, real=0.02 secs] 
3029.918: [GC (Allocation Failure) [PSYoungGen: 418835K->185875K(465920K)] 1100749K->868071K(1458688K), 0.0204082 secs] [Times: user=0.03 sys=0.00, real=0.02 secs] 
3030.803: [GC (Allocation Failure) [PSYoungGen: 418835K->59918K(465920K)] 1101031K->742378K(1458688K), 0.0095989 secs] [Times: user=0.02 sys=0.00, real=0.01 secs] 
3031.632: [GC (Allocation Failure) [PSYoungGen: 292878K->76337K(465920K)] 975338K->759119K(1458688K), 0.0093266 secs] [Times: user=0.01 sys=0.00, real=0.01 secs] 
3031.969: [GC (Allocation Failure) [PSYoungGen: 309297K->186389K(465920K)] 992079K->870554K(1458688K), 0.0205678 secs] [Times: user=0.03 sys=0.00, real=0.02 secs] 
3032.314: [GC (Allocation Failure) [PSYoungGen: 419349K->186068K(465920K)] 1103514K->870385K(1458688K), 0.0203925 secs] [Times: user=0.03 sys=0.00, real=0.02 secs] 
3033.269: [GC (Allocation Failure) [PSYoungGen: 419028K->33570K(465920K)] 1103345K->718281K(1458688K), 0.0064625 secs] [Times: user=0.02 sys=0.00, real=0.00 secs] 
3034.052: [GC (Allocation Failure) [PSYoungGen: 266530K->103806K(465920K)] 951241K->788701K(1458688K), 0.0121492 secs] [Times: user=0.02 sys=0.00, real=0.01 secs] 
3034.328: [GC (Allocation Failure) [PSYoungGen: 336766K->185747K(465920K)] 1021661K->872032K(1458688K), 0.0204552 secs] [Times: user=0.02 sys=0.00, real=0.02 secs] 
3034.617: [GC (Allocation Failure) [PSYoungGen: 418707K->184430K(465920K)] 1104992K->870868K(1458688K), 0.0203270 secs] [Times: user=0.03 sys=0.00, real=0.02 secs] 
3035.914: [GC (Allocation Failure) [PSYoungGen: 417390K->8540K(465920K)] 1103828K->695243K(1458688K), 0.0038917 secs] [Times: user=0.01 sys=0.00, real=0.01 secs] 
3036.425: [GC (Allocation Failure) [PSYoungGen: 241500K->128293K(465920K)] 928203K->815312K(1458688K), 0.0145883 secs] [Times: user=0.02 sys=0.00, real=0.02 secs] 
3036.706: [GC (Allocation Failure) [PSYoungGen: 361253K->184462K(465920K)] 1048272K->872734K(1458688K), 0.0203490 secs] [Times: user=0.03 sys=0.00, real=0.02 secs] 
3037.075: [GC (Allocation Failure) [PSYoungGen: 417422K->173612K(465920K)] 1105694K->862150K(1458688K), 0.0206506 secs] [Times: user=0.03 sys=0.00, real=0.02 secs] 
3038.011: [GC (Allocation Failure) [PSYoungGen: 406572K->64K(465920K)] 1095110K->690045K(1458688K), 0.0022913 secs] [Times: user=0.01 sys=0.00, real=0.00 secs] 
3038.414: [GC (Allocation Failure) [PSYoungGen: 233024K->151909K(465920K)] 923005K->841898K(1458688K), 0.0170372 secs] [Times: user=0.02 sys=0.00, real=0.02 secs] 
3038.756: [GC (Allocation Failure) [PSYoungGen: 384869K->186518K(465920K)] 1074858K->877761K(1458688K), 0.0205897 secs] [Times: user=0.02 sys=0.00, real=0.02 secs] 
3039.363: [GC (Allocation Failure) [PSYoungGen: 419478K->151971K(465920K)] 1110721K->843479K(1458688K), 0.0217795 secs] [Times: user=0.04 sys=0.00, real=0.02 secs] 
3040.847: [GC (Allocation Failure) [PSYoungGen: 384931K->96K(465920K)] 1076439K->693051K(1458688K), 0.0027404 secs] [Times: user=0.01 sys=0.01, real=0.01 secs] 
3041.170: [GC (Allocation Failure) [PSYoungGen: 233056K->177967K(465920K)] 926011K->870955K(1458688K), 0.0196714 secs] [Times: user=0.03 sys=0.00, real=0.02 secs] 
3041.455: [GC (Allocation Failure) [PSYoungGen: 410927K->186261K(465920K)] 1103915K->880502K(1458688K), 0.0207322 secs] [Times: user=0.02 sys=0.00, real=0.02 secs] 
3043.165: [GC (Allocation Failure) [PSYoungGen: 419221K->134426K(465920K)] 1113462K->828941K(1458688K), 0.0256750 secs] [Times: user=0.05 sys=0.00, real=0.03 secs] 
3044.966: [GC (Allocation Failure) [PSYoungGen: 367386K->18855K(465920K)] 1061901K->713677K(1458688K), 0.0043614 secs] [Times: user=0.01 sys=0.00, real=0.01 secs] 
3045.315: [GC (Allocation Failure) [PSYoungGen: 251815K->185875K(465920K)] 946637K->881959K(1458688K), 0.0206726 secs] [Times: user=0.03 sys=0.00, real=0.02 secs] 
3045.599: [GC (Allocation Failure) [PSYoungGen: 418835K->185843K(465920K)] 1114919K->882337K(1458688K), 0.0204861 secs] [Times: user=0.02 sys=0.00, real=0.02 secs] 
3046.718: [GC (Allocation Failure) [PSYoungGen: 418803K->108240K(465920K)] 1115297K->804870K(1458688K), 0.0306042 secs] [Times: user=0.07 sys=0.00, real=0.03 secs] 
3047.968: [GC (Allocation Failure) [PSYoungGen: 341200K->44914K(465920K)] 1037830K->741851K(1458688K), 0.0069972 secs] [Times: user=0.01 sys=0.00, real=0.00 secs] 
3048.306: [GC (Allocation Failure) [PSYoungGen: 277874K->185875K(465920K)] 974811K->884067K(1458688K), 0.0203822 secs] [Times: user=0.03 sys=0.00, real=0.02 secs] 
3048.589: [GC (Allocation Failure) [PSYoungGen: 418835K->184462K(465920K)] 1117027K->882926K(1458688K), 0.0203551 secs] [Times: user=0.02 sys=0.00, real=0.02 secs] 
3049.800: [GC (Allocation Failure) [PSYoungGen: 417422K->67115K(465920K)] 1115886K->765844K(1458688K), 0.0118402 secs] [Times: user=0.02 sys=0.00, real=0.01 secs] 
3050.619: [GC (Allocation Failure) [PSYoungGen: 300075K->70008K(465920K)] 998804K->769055K(1458688K), 0.0089377 secs] [Times: user=0.02 sys=0.00, real=0.01 secs] 
3050.892: [GC (Allocation Failure) [PSYoungGen: 302968K->184719K(465920K)] 1002015K->885019K(1458688K), 0.0202707 secs] [Times: user=0.03 sys=0.00, real=0.02 secs] 
3051.178: [GC (Allocation Failure) [PSYoungGen: 417679K->186454K(465920K)] 1117979K->887164K(1458688K), 0.0206534 secs] [Times: user=0.03 sys=0.00, real=0.02 secs] 
3052.025: [GC (Allocation Failure) [PSYoungGen: 419414K->41153K(465920K)] 1120124K->742137K(1458688K), 0.0069522 secs] [Times: user=0.02 sys=0.00, real=0.01 secs] 
3052.744: [GC (Allocation Failure) [PSYoungGen: 274113K->95776K(465920K)] 975097K->796941K(1458688K), 0.0113756 secs] [Times: user=0.01 sys=0.00, real=0.01 secs] 
3053.078: [GC (Allocation Failure) [PSYoungGen: 328736K->186004K(465920K)] 1029901K->888551K(1458688K), 0.0206701 secs] [Times: user=0.03 sys=0.00, real=0.02 secs] 
3053.363: [GC (Allocation Failure) [PSYoungGen: 418964K->186004K(465920K)] 1121511K->888703K(1458688K), 0.0204971 secs] [Times: user=0.02 sys=0.00, real=0.02 secs] 
3054.835: [GC (Allocation Failure) [PSYoungGen: 418964K->14677K(465920K)] 1121663K->717642K(1458688K), 0.0043360 secs] [Times: user=0.02 sys=0.00, real=0.01 secs] 
3055.541: [GC (Allocation Failure) [PSYoungGen: 247637K->121738K(465920K)] 950602K->825026K(1458688K), 0.0140043 secs] [Times: user=0.03 sys=0.00, real=0.01 secs] 
3055.819: [GC (Allocation Failure) [PSYoungGen: 354698K->184494K(465920K)] 1057986K->889035K(1458688K), 0.0203075 secs] [Times: user=0.03 sys=0.00, real=0.02 secs] 
3056.325: [GC (Allocation Failure) [PSYoungGen: 417454K->177158K(465920K)] 1121995K->881973K(1458688K), 0.0223334 secs] [Times: user=0.03 sys=0.00, real=0.03 secs] 
3057.365: [GC (Allocation Failure) [PSYoungGen: 410118K->64K(465920K)] 1114933K->706324K(1458688K), 0.0028400 secs] [Times: user=0.01 sys=0.00, real=0.01 secs] 
3057.822: [GC (Allocation Failure) [PSYoungGen: 233024K->146318K(465920K)] 939284K->852595K(1458688K), 0.0164528 secs] [Times: user=0.02 sys=0.00, real=0.02 secs] 
3058.103: [GC (Allocation Failure) [PSYoungGen: 379278K->186036K(465920K)] 1085555K->893687K(1458688K), 0.0204847 secs] [Times: user=0.03 sys=0.01, real=0.02 secs] 
3059.294: [GC (Allocation Failure) [PSYoungGen: 418996K->158172K(465920K)] 1126647K->866096K(1458688K), 0.0245061 secs] [Times: user=0.04 sys=0.00, real=0.03 secs] 
3062.416: [GC (Allocation Failure) [PSYoungGen: 391132K->64K(465920K)] 1099056K->709292K(1458688K), 0.0039078 secs] [Times: user=0.02 sys=0.00, real=0.01 secs] 
3062.873: [GC (Allocation Failure) [PSYoungGen: 233024K->171412K(465920K)] 942252K->880665K(1458688K), 0.0188943 secs] [Times: user=0.03 sys=0.00, real=0.02 secs] 
3063.157: [GC (Allocation Failure) [PSYoungGen: 404372K->186132K(465920K)] 1113625K->896768K(1458688K), 0.0205506 secs] [Times: user=0.03 sys=0.00, real=0.02 secs] 
3063.713: [GC (Allocation Failure) [PSYoungGen: 419092K->141110K(465920K)] 1129728K->851889K(1458688K), 0.0170220 secs] [Times: user=0.03 sys=0.00, real=0.02 secs] 
3065.101: [GC (Allocation Failure) [PSYoungGen: 374070K->11561K(465920K)] 1084849K->722649K(1458688K), 0.0036538 secs] [Times: user=0.01 sys=0.00, real=0.00 secs] 
3065.384: [GC (Allocation Failure) [PSYoungGen: 244521K->186132K(465920K)] 955609K->898610K(1458688K), 0.0206785 secs] [Times: user=0.03 sys=0.00, real=0.02 secs] 
3065.670: [GC (Allocation Failure) [PSYoungGen: 419092K->186036K(465920K)] 1131570K->898666K(1458688K), 0.0206738 secs] [Times: user=0.02 sys=0.00, real=0.02 secs] 
3066.548: [GC (Allocation Failure) [PSYoungGen: 418996K->115180K(465920K)] 1131626K->828075K(1458688K), 0.0250666 secs] [Times: user=0.04 sys=0.00, real=0.02 secs] 
3069.163: [GC (Allocation Failure) [PSYoungGen: 348140K->37395K(465920K)] 1061035K->750612K(1458688K), 0.0072616 secs] [Times: user=0.02 sys=0.00, real=0.01 secs] 
3069.530: [GC (Allocation Failure) [PSYoungGen: 270355K->184847K(465920K)] 983572K->899318K(1458688K), 0.0205053 secs] [Times: user=0.03 sys=0.00, real=0.02 secs] 
3069.818: [GC (Allocation Failure) [PSYoungGen: 417807K->184173K(465920K)] 1132278K->898924K(1458688K), 0.0203154 secs] [Times: user=0.03 sys=0.00, real=0.02 secs] 
3070.807: [GC (Allocation Failure) [PSYoungGen: 417133K->75983K(465920K)] 1131884K->791000K(1458688K), 0.0130986 secs] [Times: user=0.02 sys=0.00, real=0.02 secs] 
3072.754: [GC (Allocation Failure) [PSYoungGen: 308943K->59915K(465920K)] 1023960K->775248K(1458688K), 0.0096455 secs] [Times: user=0.02 sys=0.00, real=0.01 secs] 
3073.056: [GC (Allocation Failure) [PSYoungGen: 292875K->184719K(465920K)] 1008208K->901305K(1458688K), 0.0203707 secs] [Times: user=0.03 sys=0.00, real=0.02 secs] 
3073.342: [GC (Allocation Failure) [PSYoungGen: 417679K->186486K(465920K)] 1134265K->903354K(1458688K), 0.0205019 secs] [Times: user=0.03 sys=0.00, real=0.02 secs] 
3074.319: [GC (Allocation Failure) [PSYoungGen: 419446K->51307K(465920K)] 1136314K->768447K(1458688K), 0.0084771 secs] [Times: user=0.02 sys=0.00, real=0.01 secs] 
3076.238: [GC (Allocation Failure) [PSYoungGen: 284267K->84592K(465920K)] 1001407K->802054K(1458688K), 0.0102649 secs] [Times: user=0.01 sys=0.00, real=0.01 secs] 
3076.511: [GC (Allocation Failure) [PSYoungGen: 317552K->184076K(465920K)] 1035014K->902792K(1458688K), 0.0201717 secs] [Times: user=0.03 sys=0.00, real=0.02 secs] 
3076.798: [GC (Allocation Failure) [PSYoungGen: 417036K->184751K(465920K)] 1135752K->903748K(1458688K), 0.0203472 secs] [Times: user=0.02 sys=0.00, real=0.02 secs] 
3077.802: [GC (Allocation Failure) [PSYoungGen: 417711K->28976K(465920K)] 1136708K->748238K(1458688K), 0.0078904 secs] [Times: user=0.02 sys=0.00, real=0.01 secs] 
3078.477: [GC (Allocation Failure) [PSYoungGen: 261936K->107375K(465920K)] 981198K->826961K(1458688K), 0.0124610 secs] [Times: user=0.02 sys=0.00, real=0.02 secs] 
3078.760: [GC (Allocation Failure) [PSYoungGen: 340335K->186550K(465920K)] 1059921K->907518K(1458688K), 0.0207031 secs] [Times: user=0.03 sys=0.00, real=0.02 secs] 
3079.131: [GC (Allocation Failure) [PSYoungGen: 419510K->186132K(465920K)] 1140478K->907381K(1458688K), 0.0205954 secs] [Times: user=0.03 sys=0.00, real=0.02 secs] 
3081.161: [GC (Allocation Failure) [PSYoungGen: 419092K->2468K(465920K)] 1140341K->723982K(1458688K), 0.0035993 secs] [Times: user=0.01 sys=0.00, real=0.00 secs] 
3082.010: [GC (Allocation Failure) [PSYoungGen: 235428K->133691K(465920K)] 956942K->855392K(1458688K), 0.0152068 secs] [Times: user=0.02 sys=0.00, real=0.01 secs] 
3082.290: [GC (Allocation Failure) [PSYoungGen: 366651K->186164K(465920K)] 1088352K->909248K(1458688K), 0.0205833 secs] [Times: user=0.03 sys=0.00, real=0.02 secs] 
3082.722: [GC (Allocation Failure) [PSYoungGen: 419124K->166511K(465920K)] 1142208K->889868K(1458688K), 0.0263720 secs] [Times: user=0.04 sys=0.00, real=0.03 secs] 
3083.810: [GC (Allocation Failure) [PSYoungGen: 399471K->96K(465920K)] 1122828K->724757K(1458688K), 0.0025974 secs] [Times: user=0.01 sys=0.00, real=0.00 secs] 
3084.257: [GC (Allocation Failure) [PSYoungGen: 233056K->159810K(465920K)] 957717K->884496K(1458688K), 0.0177291 secs] [Times: user=0.03 sys=0.00, real=0.02 secs] 
3084.538: [GC (Allocation Failure) [PSYoungGen: 392770K->184847K(465920K)] 1117456K->910795K(1458688K), 0.0204476 secs] [Times: user=0.02 sys=0.00, real=0.02 secs] 
3085.281: [GC (Allocation Failure) [PSYoungGen: 417807K->145802K(465920K)] 1143755K->872023K(1458688K), 0.0184054 secs] [Times: user=0.03 sys=0.00, real=0.02 secs] 
3087.045: [GC (Allocation Failure) [PSYoungGen: 378762K->64K(465920K)] 1104983K->727720K(1458688K), 0.0042163 secs] [Times: user=0.02 sys=0.00, real=0.01 secs] 
3087.437: [GC (Allocation Failure) [PSYoungGen: 233024K->183622K(465920K)] 960680K->911302K(1458688K), 0.0202141 secs] [Times: user=0.03 sys=0.00, real=0.02 secs] 
3087.723: [GC (Allocation Failure) [PSYoungGen: 416582K->186389K(465920K)] 1144262K->915323K(1458688K), 0.0207039 secs] [Times: user=0.03 sys=0.00, real=0.02 secs] 
3088.713: [GC (Allocation Failure) [PSYoungGen: 419349K->128643K(465920K)] 1148283K->857842K(1458688K), 0.0284128 secs] [Times: user=0.06 sys=0.00, real=0.03 secs] 
3090.574: [GC (Allocation Failure) [PSYoungGen: 361603K->24799K(465920K)] 1090802K->754320K(1458688K), 0.0065514 secs] [Times: user=0.02 sys=0.00, real=0.01 secs] 
3090.972: [GC (Allocation Failure) [PSYoungGen: 257759K->184333K(465920K)] 987280K->915107K(1458688K), 0.0203859 secs] [Times: user=0.03 sys=0.00, real=0.02 secs] 
3091.257: [GC (Allocation Failure) [PSYoungGen: 417293K->186165K(465920K)] 1148067K->917212K(1458688K), 0.0205749 secs] [Times: user=0.03 sys=0.00, real=0.03 secs] 
3094.270: [GC (Allocation Failure) [PSYoungGen: 419125K->99758K(465920K)] 1150172K->831079K(1458688K), 0.0156454 secs] [Times: user=0.04 sys=0.00, real=0.01 secs] 
3101.306: [GC (Allocation Failure) [PSYoungGen: 332718K->169812K(465920K)] 1064039K->910688K(1458688K), 0.0371879 secs] [Times: user=0.15 sys=0.00, real=0.04 secs] 
3101.550: [GC (Allocation Failure) [PSYoungGen: 402772K->185014K(465920K)] 1143648K->978689K(1458688K), 0.0467607 secs] [Times: user=0.22 sys=0.00, real=0.04 secs] 
3107.592: [GC (Allocation Failure) [PSYoungGen: 417974K->181622K(465920K)] 1211649K->1039546K(1458688K), 0.1022873 secs] [Times: user=0.53 sys=0.00, real=0.10 secs] 
3110.262: [GC (Allocation Failure) [PSYoungGen: 414582K->182548K(465920K)] 1272506K->1097912K(1458688K), 0.0814748 secs] [Times: user=0.41 sys=0.00, real=0.08 secs] 
3111.428: [GC (GCLocker Initiated GC) [PSYoungGen: 415508K->97027K(465920K)] 1330872K->1081431K(1458688K), 0.0432768 secs] [Times: user=0.21 sys=0.01, real=0.04 secs] 
3111.472: [Full GC (Ergonomics) [PSYoungGen: 97027K->0K(465920K)] [ParOldGen: 984404K->166531K(682496K)] 1081431K->166531K(1148416K), [Metaspace: 59902K->59902K(1105920K)], 0.1136200 secs] [Times: user=0.47 sys=0.00, real=0.11 secs] 
3111.706: [GC (Allocation Failure) [PSYoungGen: 232960K->179509K(465920K)] 399493K->346043K(1148416K), 0.0252921 secs] [Times: user=0.09 sys=0.00, real=0.03 secs] 
3111.850: [GC (Allocation Failure) [PSYoungGen: 412469K->182037K(465920K)] 579003K->404383K(1148416K), 0.0412104 secs] [Times: user=0.18 sys=0.00, real=0.04 secs] 
3112.388: [GC (Allocation Failure) [PSYoungGen: 414997K->185781K(465920K)] 637343K->463071K(1148416K), 0.0555228 secs] [Times: user=0.27 sys=0.00, real=0.05 secs] 
3116.734: [GC (Allocation Failure) [PSYoungGen: 418741K->101868K(465920K)] 696031K->448998K(1148416K), 0.0455109 secs] [Times: user=0.24 sys=0.00, real=0.05 secs] 
3116.906: [GC (Allocation Failure) [PSYoungGen: 334828K->171540K(465920K)] 681958K->552163K(1148416K), 0.0427288 secs] [Times: user=0.19 sys=0.00, real=0.05 secs] 
3117.078: [GC (GCLocker Initiated GC) [PSYoungGen: 404500K->181717K(465920K)] 785131K->615843K(1148416K), 0.0467431 secs] [Times: user=0.21 sys=0.00, real=0.04 secs] 
3117.269: [GC (Allocation Failure) [PSYoungGen: 414677K->182838K(465920K)] 848934K->680567K(1148416K), 0.0695154 secs] [Times: user=0.34 sys=0.00, real=0.07 secs] 
3118.605: [GC (Allocation Failure) [PSYoungGen: 415732K->181364K(465920K)] 913461K->736853K(1148416K), 0.0844092 secs] [Times: user=0.43 sys=0.01, real=0.09 secs] 
3119.666: [GC (Allocation Failure) [PSYoungGen: 414324K->98619K(465920K)] 969813K->722784K(1148416K), 0.0721468 secs] [Times: user=0.34 sys=0.00, real=0.08 secs] 
3119.738: [Full GC (Ergonomics) [PSYoungGen: 98619K->0K(465920K)] [ParOldGen: 624164K->112934K(665600K)] 722784K->112934K(1131520K), [Metaspace: 59913K->59913K(1105920K)], 0.1295692 secs] [Times: user=0.52 sys=0.00, real=0.13 secs] 
3119.993: [GC (Allocation Failure) [PSYoungGen: 232960K->181622K(465920K)] 345894K->294557K(1131520K), 0.0255886 secs] [Times: user=0.09 sys=0.00, real=0.03 secs] 
3120.127: [GC (Allocation Failure) [PSYoungGen: 414582K->185718K(465920K)] 527517K->355485K(1131520K), 0.0415664 secs] [Times: user=0.18 sys=0.00, real=0.05 secs] 
3120.296: [GC (Allocation Failure) [PSYoungGen: 418678K->203989K(465920K)] 588445K->430116K(1131520K), 0.0499351 secs] [Times: user=0.24 sys=0.00, real=0.05 secs] 
3121.336: [GC (Allocation Failure) [PSYoungGen: 436949K->104924K(465920K)] 663076K->401763K(1131520K), 0.0446357 secs] [Times: user=0.23 sys=0.00, real=0.05 secs] 
3121.554: [GC (Allocation Failure) [PSYoungGen: 337884K->174133K(465920K)] 634723K->505721K(1131520K), 0.0507748 secs] [Times: user=0.23 sys=0.00, real=0.05 secs] 
3121.734: [GC (Allocation Failure) [PSYoungGen: 407093K->184758K(465920K)] 738681K->570962K(1131520K), 0.0430926 secs] [Times: user=0.19 sys=0.00, real=0.04 secs] 
3121.884: [GC (Allocation Failure) [PSYoungGen: 417718K->178806K(465920K)] 803922K->629234K(1131520K), 0.0487483 secs] [Times: user=0.22 sys=0.01, real=0.05 secs] 
3122.740: [GC (Allocation Failure) [PSYoungGen: 410899K->215796K(465920K)] 861327K->722844K(1131520K), 0.0560698 secs] [Times: user=0.28 sys=0.00, real=0.05 secs] 
3123.132: [GC (Allocation Failure) [PSYoungGen: 448756K->103100K(465920K)] 955804K->678056K(1131520K), 0.0408437 secs] [Times: user=0.20 sys=0.00, real=0.04 secs] 
3123.173: [Full GC (Ergonomics) [PSYoungGen: 103100K->0K(465920K)] [ParOldGen: 574956K->120446K(680960K)] 678056K->120446K(1146880K), [Metaspace: 59913K->59913K(1105920K)], 0.1156255 secs] [Times: user=0.47 sys=0.00, real=0.12 secs] 
3123.408: [GC (Allocation Failure) [PSYoungGen: 232960K->176469K(465920K)] 353406K->296915K(1146880K), 0.0272543 secs] [Times: user=0.08 sys=0.00, real=0.02 secs] 
3123.585: [GC (Allocation Failure) [PSYoungGen: 409429K->185078K(465920K)] 529875K->360424K(1146880K), 0.0582184 secs] [Times: user=0.28 sys=0.00, real=0.06 secs] 
3123.793: [GC (Allocation Failure) [PSYoungGen: 418038K->186037K(465920K)] 593384K->417551K(1146880K), 0.0588856 secs] [Times: user=0.29 sys=0.00, real=0.06 secs] 
3124.859: [GC (Allocation Failure) [PSYoungGen: 418997K->101932K(465920K)] 650511K->403467K(1146880K), 0.0463743 secs] [Times: user=0.24 sys=0.00, real=0.04 secs] 
3125.153: [GC (Allocation Failure) [PSYoungGen: 334892K->172756K(465920K)] 636427K->508095K(1146880K), 0.0514036 secs] [Times: user=0.23 sys=0.00, real=0.05 secs] 
3125.599: [GC (Allocation Failure) [PSYoungGen: 405716K->184694K(465920K)] 741055K->574001K(1146880K), 0.0911384 secs] [Times: user=0.45 sys=0.00, real=0.09 secs] 
3126.829: [GC (Allocation Failure) [PSYoungGen: 417654K->180150K(465920K)] 806961K->633657K(1146880K), 0.1301369 secs] [Times: user=0.67 sys=0.00, real=0.13 secs] 
3127.972: [GC (Allocation Failure) [PSYoungGen: 412079K->212659K(465920K)] 865586K->723166K(1146880K), 0.0565537 secs] [Times: user=0.28 sys=0.00, real=0.06 secs] 
3130.320: [GC (Allocation Failure) [PSYoungGen: 445619K->100460K(465920K)] 956126K->677543K(1146880K), 0.1019955 secs] [Times: user=0.55 sys=0.00, real=0.10 secs] 
3130.605: [GC (Allocation Failure) [PSYoungGen: 333420K->181110K(465920K)] 910503K->790474K(1146880K), 0.0352569 secs] [Times: user=0.14 sys=0.00, real=0.04 secs] 
3130.640: [Full GC (Ergonomics) [PSYoungGen: 181110K->0K(465920K)] [ParOldGen: 609363K->230216K(797184K)] 790474K->230216K(1263104K), [Metaspace: 59928K->59928K(1105920K)], 0.2494305 secs] [Times: user=1.14 sys=0.00, real=0.25 secs] 
3131.001: [GC (GCLocker Initiated GC) [PSYoungGen: 232960K->178869K(465920K)] 463179K->409088K(1263104K), 0.0258793 secs] [Times: user=0.09 sys=0.00, real=0.02 secs] 
3131.139: [GC (Allocation Failure) [PSYoungGen: 411829K->187797K(465920K)] 642215K->472383K(1263104K), 0.0439891 secs] [Times: user=0.21 sys=0.00, real=0.04 secs] 
3132.165: [GC (Allocation Failure) [PSYoungGen: 420757K->103756K(465920K)] 705343K->458910K(1263104K), 0.0494298 secs] [Times: user=0.26 sys=0.00, real=0.05 secs] 
3132.370: [GC (Allocation Failure) [PSYoungGen: 336716K->171412K(465920K)] 691870K->560739K(1263104K), 0.0648881 secs] [Times: user=0.32 sys=0.01, real=0.06 secs] 
3132.552: [GC (Allocation Failure) [PSYoungGen: 404372K->181333K(465920K)] 793699K->624608K(1263104K), 0.0419592 secs] [Times: user=0.19 sys=0.00, real=0.04 secs] 
3132.732: [GC (Allocation Failure) [PSYoungGen: 414293K->185687K(465920K)] 857568K->692166K(1263104K), 0.0493116 secs] [Times: user=0.23 sys=0.00, real=0.05 secs] 
3133.521: [GC (Allocation Failure) [PSYoungGen: 416151K->211731K(465920K)] 922630K->777158K(1263104K), 0.0555511 secs] [Times: user=0.28 sys=0.00, real=0.05 secs] 
3134.970: [GC (Allocation Failure) [PSYoungGen: 444691K->107068K(465920K)] 1010118K->739111K(1263104K), 0.0739044 secs] [Times: user=0.39 sys=0.01, real=0.07 secs] 
3135.194: [GC (Allocation Failure) [PSYoungGen: 340028K->180309K(465920K)] 972071K->846796K(1263104K), 0.0366489 secs] [Times: user=0.15 sys=0.01, real=0.04 secs] 
3135.723: [GC (Allocation Failure) [PSYoungGen: 413269K->184311K(465920K)] 1079756K->913878K(1263104K), 0.0710257 secs] [Times: user=0.27 sys=0.09, real=0.07 secs] 
3135.794: [Full GC (Ergonomics) [PSYoungGen: 184311K->0K(465920K)] [ParOldGen: 729567K->297907K(881152K)] 913878K->297907K(1347072K), [Metaspace: 59928K->59928K(1105920K)], 0.3994438 secs] [Times: user=1.85 sys=0.00, real=0.40 secs] 
3136.685: [GC (GCLocker Initiated GC) [PSYoungGen: 232960K->181428K(465920K)] 530867K->479336K(1347072K), 0.0520639 secs] [Times: user=0.24 sys=0.00, real=0.05 secs] 
3137.697: [GC (GCLocker Initiated GC) [PSYoungGen: 414388K->99756K(465920K)] 712301K->466316K(1347072K), 0.0462675 secs] [Times: user=0.24 sys=0.00, real=0.04 secs] 
3139.271: [GC (Allocation Failure) [PSYoungGen: 332716K->165171K(465920K)] 699283K->563360K(1347072K), 0.0544133 secs] [Times: user=0.25 sys=0.01, real=0.05 secs] 
3139.497: [GC (Allocation Failure) [PSYoungGen: 398131K->184822K(465920K)] 796320K->635142K(1347072K), 0.0618675 secs] [Times: user=0.28 sys=0.01, real=0.07 secs] 
3139.683: [GC (Allocation Failure) [PSYoungGen: 417782K->186135K(465920K)] 868102K->700663K(1347072K), 0.0493092 secs] [Times: user=0.23 sys=0.00, real=0.05 secs] 
3140.501: [GC (Allocation Failure) [PSYoungGen: 419095K->214035K(465920K)] 933623K->787700K(1347072K), 0.0573048 secs] [Times: user=0.28 sys=0.01, real=0.06 secs] 
3140.990: [GC (Allocation Failure) [PSYoungGen: 446995K->102540K(465920K)] 1020660K->742184K(1347072K), 0.0637119 secs] [Times: user=0.32 sys=0.01, real=0.06 secs] 
3141.213: [GC (Allocation Failure) [PSYoungGen: 332109K->180918K(465920K)] 971753K->853575K(1347072K), 0.0353430 secs] [Times: user=0.14 sys=0.00, real=0.04 secs] 
3141.354: [GC (Allocation Failure) [PSYoungGen: 413878K->185814K(465920K)] 1086535K->914771K(1347072K), 0.0445897 secs] [Times: user=0.20 sys=0.00, real=0.05 secs] 
3141.507: [GC (Allocation Failure) [PSYoungGen: 418774K->187381K(465920K)] 1147731K->972626K(1347072K), 0.0566898 secs] [Times: user=0.15 sys=0.14, real=0.06 secs] 
3143.515: [GC (Allocation Failure) [PSYoungGen: 420341K->98267K(465920K)] 1205586K->954153K(1347072K), 0.1415621 secs] [Times: user=0.74 sys=0.04, real=0.14 secs] 
3143.657: [Full GC (Ergonomics) [PSYoungGen: 98267K->0K(465920K)] [ParOldGen: 855885K->91634K(686080K)] 954153K->91634K(1152000K), [Metaspace: 59935K->59935K(1105920K)], 0.0690904 secs] [Times: user=0.23 sys=0.01, real=0.07 secs] 
3144.257: [GC (Allocation Failure) [PSYoungGen: 232960K->172373K(465920K)] 324594K->264007K(1152000K), 0.0322233 secs] [Times: user=0.12 sys=0.00, real=0.03 secs] 
3144.418: [GC (Allocation Failure) [PSYoungGen: 405333K->185558K(465920K)] 496967K->330720K(1152000K), 0.0423186 secs] [Times: user=0.19 sys=0.00, real=0.04 secs] 
3145.432: [GC (Allocation Failure) [PSYoungGen: 418518K->181878K(465920K)] 563680K->391473K(1152000K), 0.0990223 secs] [Times: user=0.51 sys=0.00, real=0.10 secs] 
3146.825: [GC (Allocation Failure) [PSYoungGen: 414838K->170899K(465920K)] 624433K->437981K(1152000K), 0.0542681 secs] [Times: user=0.27 sys=0.00, real=0.06 secs] 
3148.110: [GC (Allocation Failure) [PSYoungGen: 403859K->102956K(465920K)] 670941K->435270K(1152000K), 0.0826627 secs] [Times: user=0.43 sys=0.01, real=0.08 secs] 
3148.399: [GC (Allocation Failure) [PSYoungGen: 335916K->180598K(465920K)] 668230K->546285K(1152000K), 0.0422954 secs] [Times: user=0.19 sys=0.00, real=0.04 secs] 
3148.582: [GC (Allocation Failure) [PSYoungGen: 413558K->185846K(465920K)] 779245K->607477K(1152000K), 0.0592506 secs] [Times: user=0.28 sys=0.00, real=0.06 secs] 
3148.790: [GC (Allocation Failure) [PSYoungGen: 418806K->187893K(465920K)] 840437K->665733K(1152000K), 0.0459042 secs] [Times: user=0.22 sys=0.00, real=0.04 secs] 
3149.824: [GC (Allocation Failure) [PSYoungGen: 420853K->96107K(465920K)] 898693K->644735K(1152000K), 0.0452927 secs] [Times: user=0.24 sys=0.00, real=0.05 secs] 
3150.012: [GC (Allocation Failure) [PSYoungGen: 329067K->174293K(465920K)] 877695K->754445K(1152000K), 0.0560611 secs] [Times: user=0.26 sys=0.00, real=0.06 secs] 
3150.195: [GC (Allocation Failure) [PSYoungGen: 407253K->185558K(465920K)] 987405K->819798K(1152000K), 0.0429026 secs] [Times: user=0.19 sys=0.00, real=0.05 secs] 
3150.238: [Full GC (Ergonomics) [PSYoungGen: 185558K->0K(465920K)] [ParOldGen: 634240K->263446K(866816K)] 819798K->263446K(1332736K), [Metaspace: 59942K->59942K(1105920K)], 0.3279869 secs] [Times: user=1.48 sys=0.00, real=0.32 secs] 
3152.266: [GC (Allocation Failure) [PSYoungGen: 232960K->176118K(465920K)] 496406K->439564K(1332736K), 0.2057330 secs] [Times: user=1.15 sys=0.00, real=0.21 secs] 
3153.352: [GC (Allocation Failure) [PSYoungGen: 409078K->216819K(465920K)] 672524K->536218K(1332736K), 0.0501699 secs] [Times: user=0.24 sys=0.00, real=0.05 secs] 
3154.128: [GC (Allocation Failure) [PSYoungGen: 449779K->105356K(465920K)] 769178K->491522K(1332736K), 0.0412413 secs] [Times: user=0.21 sys=0.00, real=0.04 secs] 
3154.276: [GC (Allocation Failure) [PSYoungGen: 331419K->176597K(465920K)] 717585K->596712K(1332736K), 0.0344831 secs] [Times: user=0.14 sys=0.00, real=0.04 secs] 
3154.441: [GC (Allocation Failure) [PSYoungGen: 409557K->185750K(465920K)] 829672K->660689K(1332736K), 0.0485395 secs] [Times: user=0.23 sys=0.00, real=0.05 secs] 
3154.619: [GC (Allocation Failure) [PSYoungGen: 418710K->186869K(465920K)] 893649K->718024K(1332736K), 0.0588814 secs] [Times: user=0.28 sys=0.00, real=0.06 secs] 
3155.680: [GC (Allocation Failure) [PSYoungGen: 419829K->103020K(465920K)] 950984K->704655K(1332736K), 0.0446608 secs] [Times: user=0.23 sys=0.00, real=0.04 secs] 
3156.478: [GC (Allocation Failure) [PSYoungGen: 335980K->167092K(465920K)] 937615K->801676K(1332736K), 0.0479729 secs] [Times: user=0.22 sys=0.00, real=0.04 secs] 
3156.657: [GC (Allocation Failure) [PSYoungGen: 400052K->185654K(465920K)] 1034636K->872714K(1332736K), 0.0511770 secs] [Times: user=0.25 sys=0.00, real=0.06 secs] 
3156.838: [GC (Allocation Failure) [PSYoungGen: 418324K->185431K(465920K)] 1105384K->936819K(1332736K), 0.0605453 secs] [Times: user=0.29 sys=0.00, real=0.06 secs] 
3157.640: [GC (Allocation Failure) [PSYoungGen: 413603K->206035K(465920K)] 1164991K->1016439K(1332736K), 0.0639517 secs] [Times: user=0.27 sys=0.07, real=0.06 secs] 
3157.704: [Full GC (Ergonomics) [PSYoungGen: 206035K->0K(465920K)] [ParOldGen: 810404K->363694K(986112K)] 1016439K->363694K(1452032K), [Metaspace: 59954K->59954K(1105920K)], 0.5410101 secs] [Times: user=2.12 sys=0.00, real=0.54 secs] 
3158.534: [GC (Allocation Failure) [PSYoungGen: 232960K->107925K(465920K)] 596654K->471620K(1452032K), 0.0155457 secs] [Times: user=0.05 sys=0.00, real=0.02 secs] 
3158.699: [GC (Allocation Failure) [PSYoungGen: 335897K->179701K(465920K)] 699592K->581691K(1452032K), 0.0457993 secs] [Times: user=0.20 sys=0.00, real=0.04 secs] 
3158.860: [GC (Allocation Failure) [PSYoungGen: 412661K->185398K(465920K)] 814651K->643211K(1452032K), 0.0433342 secs] [Times: user=0.20 sys=0.00, real=0.04 secs] 
3159.894: [GC (Allocation Failure) [PSYoungGen: 418358K->180180K(465920K)] 876171K->694201K(1452032K), 0.1135024 secs] [Times: user=0.58 sys=0.01, real=0.12 secs] 
3161.032: [GC (Allocation Failure) [PSYoungGen: 413140K->102604K(465920K)] 927161K->684953K(1452032K), 0.0530954 secs] [Times: user=0.28 sys=0.00, real=0.05 secs] 
3161.384: [GC (Allocation Failure) [PSYoungGen: 335564K->175349K(465920K)] 917913K->791391K(1452032K), 0.0601119 secs] [Times: user=0.28 sys=0.00, real=0.06 secs] 
3161.647: [GC (Allocation Failure) [PSYoungGen: 408309K->184854K(465920K)] 1024351K->855375K(1452032K), 0.0446549 secs] [Times: user=0.21 sys=0.00, real=0.04 secs] 
3162.521: [GC (GCLocker Initiated GC) [PSYoungGen: 417814K->180438K(465920K)] 1088335K->915248K(1452032K), 0.1224327 secs] [Times: user=0.63 sys=0.00, real=0.12 secs] 
3163.541: [GC (Allocation Failure) [PSYoungGen: 413398K->174739K(465920K)] 1153456K->971806K(1452032K), 0.0642883 secs] [Times: user=0.33 sys=0.00, real=0.06 secs] 
3164.349: [GC (Allocation Failure) [PSYoungGen: 407699K->103660K(465920K)] 1204766K->967206K(1452032K), 0.1058273 secs] [Times: user=0.39 sys=0.19, real=0.10 secs] 
3164.628: [GC (Allocation Failure) [PSYoungGen: 335659K->179701K(465920K)] 1199205K->1076925K(1452032K), 0.0457209 secs] [Times: user=0.12 sys=0.08, real=0.04 secs] 
3164.674: [Full GC (Ergonomics) [PSYoungGen: 179701K->0K(465920K)] [ParOldGen: 897223K->230452K(877056K)] 1076925K->230452K(1342976K), [Metaspace: 59955K->59955K(1105920K)], 0.2584107 secs] [Times: user=1.17 sys=0.00, real=0.26 secs] 
3165.040: [GC (Allocation Failure) [PSYoungGen: 232960K->185590K(465920K)] 463412K->416042K(1342976K), 0.0262523 secs] [Times: user=0.09 sys=0.00, real=0.02 secs] 
3165.170: [GC (Allocation Failure) [PSYoungGen: 418550K->187733K(465920K)] 649002K->474389K(1342976K), 0.0446953 secs] [Times: user=0.21 sys=0.00, real=0.04 secs] 
3166.218: [GC (Allocation Failure) [PSYoungGen: 420693K->96075K(465920K)] 707349K->453504K(1342976K), 0.0434052 secs] [Times: user=0.22 sys=0.00, real=0.04 secs] 
3166.438: [GC (Allocation Failure) [PSYoungGen: 329035K->174517K(465920K)] 686464K->563562K(1342976K), 0.0508056 secs] [Times: user=0.24 sys=0.00, real=0.05 secs] 
3166.641: [GC (Allocation Failure) [PSYoungGen: 407477K->185366K(465920K)] 796522K->628715K(1342976K), 0.0430715 secs] [Times: user=0.19 sys=0.00, real=0.04 secs] 
3167.004: [GC (Allocation Failure) [PSYoungGen: 418326K->181270K(465920K)] 861675K->689012K(1342976K), 0.0635888 secs] [Times: user=0.31 sys=0.01, real=0.07 secs] 
3168.985: [GC (Allocation Failure) [PSYoungGen: 414230K->171539K(465920K)] 921972K->736736K(1342976K), 0.0571608 secs] [Times: user=0.29 sys=0.00, real=0.06 secs] 
3169.993: [GC (Allocation Failure) [PSYoungGen: 404499K->107548K(465920K)] 969696K->738266K(1342976K), 0.0633766 secs] [Times: user=0.33 sys=0.00, real=0.06 secs] 
3170.248: [GC (Allocation Failure) [PSYoungGen: 332373K->174517K(465920K)] 963090K->840231K(1342976K), 0.0469983 secs] [Times: user=0.21 sys=0.00, real=0.04 secs] 
3171.125: [GC (Allocation Failure) [PSYoungGen: 407477K->181813K(465920K)] 1073191K->901680K(1342976K), 0.1038620 secs] [Times: user=0.53 sys=0.00, real=0.11 secs] 
3171.436: [GC (Allocation Failure) [PSYoungGen: 414773K->184725K(465920K)] 1134640K->959831K(1342976K), 0.0603245 secs] [Times: user=0.29 sys=0.00, real=0.06 secs] 
3172.429: [GC (Allocation Failure) [PSYoungGen: 417685K->104988K(465920K)] 1192791K->949871K(1342976K), 0.0455989 secs] [Times: user=0.24 sys=0.00, real=0.04 secs] 
3172.474: [Full GC (Ergonomics) [PSYoungGen: 104988K->0K(465920K)] [ParOldGen: 844882K->96616K(766464K)] 949871K->96616K(1232384K), [Metaspace: 59971K->59971K(1105920K)], 0.0449603 secs] [Times: user=0.15 sys=0.00, real=0.05 secs] 
3172.635: [GC (Allocation Failure) [PSYoungGen: 232960K->174741K(465920K)] 329576K->271357K(1232384K), 0.0242788 secs] [Times: user=0.08 sys=0.00, real=0.03 secs] 
3172.765: [GC (Allocation Failure) [PSYoungGen: 407701K->182069K(465920K)] 504317K->333429K(1232384K), 0.0416095 secs] [Times: user=0.19 sys=0.00, real=0.05 secs] 
3172.936: [GC (Allocation Failure) [PSYoungGen: 415029K->182550K(465920K)] 566389K->397691K(1232384K), 0.0661024 secs] [Times: user=0.31 sys=0.00, real=0.07 secs] 
3173.767: [GC (Allocation Failure) [PSYoungGen: 412916K->210419K(465920K)] 628056K->483284K(1232384K), 0.0544094 secs] [Times: user=0.27 sys=0.00, real=0.05 secs] 
3174.110: [GC (Allocation Failure) [PSYoungGen: 443379K->106812K(465920K)] 716244K->445909K(1232384K), 0.0402252 secs] [Times: user=0.20 sys=0.00, real=0.04 secs] 
3174.258: [GC (Allocation Failure) [PSYoungGen: 331991K->176149K(465920K)] 671087K->549990K(1232384K), 0.0345497 secs] [Times: user=0.14 sys=0.00, real=0.03 secs] 
3174.420: [GC (Allocation Failure) [PSYoungGen: 409109K->181717K(465920K)] 782950K->610614K(1232384K), 0.0548390 secs] [Times: user=0.25 sys=0.01, real=0.05 secs] 
3174.614: [GC (Allocation Failure) [PSYoungGen: 414677K->183444K(465920K)] 843574K->667566K(1232384K), 0.0444535 secs] [Times: user=0.20 sys=0.01, real=0.05 secs] 
3175.987: [GC (Allocation Failure) [PSYoungGen: 416404K->103676K(465920K)] 900526K->656982K(1232384K), 0.0846327 secs] [Times: user=0.45 sys=0.00, real=0.09 secs] 
3176.681: [GC (Allocation Failure) [PSYoungGen: 336636K->175509K(465920K)] 889942K->763163K(1232384K), 0.0552157 secs] [Times: user=0.25 sys=0.00, real=0.05 secs] 
3176.905: [GC (Allocation Failure) [PSYoungGen: 408469K->181909K(465920K)] 996123K->823979K(1232384K), 0.0492192 secs] [Times: user=0.23 sys=0.00, real=0.05 secs] 
3177.343: [GC (Allocation Failure) [PSYoungGen: 414869K->184183K(465920K)] 1056939K->889468K(1232384K), 0.0564852 secs] [Times: user=0.27 sys=0.00, real=0.06 secs] 
3177.400: [Full GC (Ergonomics) [PSYoungGen: 184183K->0K(465920K)] [ParOldGen: 705285K->324601K(1017856K)] 889468K->324601K(1483776K), [Metaspace: 59974K->59974K(1105920K)], 0.4713621 secs] [Times: user=2.20 sys=0.00, real=0.47 secs] 
3178.775: [GC (Allocation Failure) [PSYoungGen: 231113K->206419K(465920K)] 555714K->531020K(1483776K), 0.0278888 secs] [Times: user=0.11 sys=0.00, real=0.03 secs] 
3180.134: [GC (Allocation Failure) [PSYoungGen: 439379K->95179K(465920K)] 763980K->485292K(1483776K), 0.0936930 secs] [Times: user=0.50 sys=0.01, real=0.10 secs] 
3180.411: [GC (Allocation Failure) [PSYoungGen: 328139K->184278K(465920K)] 718252K->605684K(1483776K), 0.0344916 secs] [Times: user=0.14 sys=0.00, real=0.03 secs] 
3180.579: [GC (Allocation Failure) [PSYoungGen: 417238K->185814K(465920K)] 838644K->664180K(1483776K), 0.0486536 secs] [Times: user=0.23 sys=0.00, real=0.05 secs] 
3180.746: [GC (Allocation Failure) [PSYoungGen: 418774K->181684K(465920K)] 897140K->716394K(1483776K), 0.0451653 secs] [Times: user=0.21 sys=0.01, real=0.05 secs] 
3181.795: [GC (Allocation Failure) [PSYoungGen: 414644K->103100K(465920K)] 949354K->706446K(1483776K), 0.0443262 secs] [Times: user=0.23 sys=0.00, real=0.05 secs] 
3182.008: [GC (Allocation Failure) [PSYoungGen: 336060K->171700K(465920K)] 939406K->808476K(1483776K), 0.0599479 secs] [Times: user=0.28 sys=0.00, real=0.06 secs] 
3182.189: [GC (Allocation Failure) [PSYoungGen: 404660K->185110K(465920K)] 1041436K->875633K(1483776K), 0.0429805 secs] [Times: user=0.20 sys=0.00, real=0.04 secs] 
3182.366: [GC (Allocation Failure) [PSYoungGen: 418070K->186071K(465920K)] 1108593K->941218K(1483776K), 0.0556474 secs] [Times: user=0.27 sys=0.00, real=0.06 secs] 
3182.813: [GC (Allocation Failure) [PSYoungGen: 417363K->208115K(465920K)] 1172510K->1022187K(1483776K), 0.0612945 secs] [Times: user=0.26 sys=0.05, real=0.06 secs] 
3184.420: [GC (Allocation Failure) [PSYoungGen: 441075K->100748K(465920K)] 1255147K->981067K(1483776K), 0.0777748 secs] [Times: user=0.38 sys=0.04, real=0.08 secs] 
3184.643: [GC (Allocation Failure) [PSYoungGen: 333708K->182070K(465920K)] 1214027K->1094778K(1483776K), 0.0426921 secs] [Times: user=0.13 sys=0.06, real=0.04 secs] 
3185.158: [GC (Allocation Failure) [PSYoungGen: 415030K->185590K(465920K)] 1327738K->1154946K(1483776K), 0.0768093 secs] [Times: user=0.32 sys=0.07, real=0.07 secs] 
3185.235: [Full GC (Ergonomics) [PSYoungGen: 185590K->0K(465920K)] [ParOldGen: 969356K->291268K(1012736K)] 1154946K->291268K(1478656K), [Metaspace: 59976K->59976K(1105920K)], 0.4221829 secs] [Times: user=1.99 sys=0.00, real=0.43 secs] 
3185.762: [GC (Allocation Failure) [PSYoungGen: 232960K->186773K(465920K)] 524228K->478042K(1478656K), 0.0356827 secs] [Times: user=0.15 sys=0.00, real=0.04 secs] 
3187.896: [GC (Allocation Failure) [PSYoungGen: 419733K->97467K(465920K)] 711002K->459104K(1478656K), 0.0464939 secs] [Times: user=0.24 sys=0.00, real=0.05 secs] 
3189.251: [GC (Allocation Failure) [PSYoungGen: 330427K->162003K(465920K)] 692064K->554925K(1478656K), 0.0484253 secs] [Times: user=0.23 sys=0.00, real=0.05 secs] 
3189.411: [GC (Allocation Failure) [PSYoungGen: 394963K->185654K(465920K)] 787885K->629700K(1478656K), 0.0425578 secs] [Times: user=0.19 sys=0.00, real=0.04 secs] 
3189.562: [GC (Allocation Failure) [PSYoungGen: 418614K->186327K(465920K)] 862660K->694853K(1478656K), 0.0505525 secs] [Times: user=0.24 sys=0.00, real=0.05 secs] 
3190.062: [GC (Allocation Failure) [PSYoungGen: 419287K->219604K(465920K)] 927813K->787314K(1478656K), 0.0551954 secs] [Times: user=0.27 sys=0.00, real=0.05 secs] 
3190.813: [GC (Allocation Failure) [PSYoungGen: 452564K->96251K(465920K)] 1020274K->731645K(1478656K), 0.0651796 secs] [Times: user=0.35 sys=0.00, real=0.07 secs] 
3191.042: [GC (Allocation Failure) [PSYoungGen: 329211K->184310K(465920K)] 964605K->850900K(1478656K), 0.0355881 secs] [Times: user=0.14 sys=0.00, real=0.04 secs] 
3191.364: [GC (Allocation Failure) [PSYoungGen: 417270K->184918K(465920K)] 1083860K->908532K(1478656K), 0.0522037 secs] [Times: user=0.24 sys=0.00, real=0.05 secs] 
3192.595: [GC (Allocation Failure) [PSYoungGen: 417878K->179988K(465920K)] 1141492K->959522K(1478656K), 0.1152619 secs] [Times: user=0.59 sys=0.00, real=0.12 secs] 
3194.110: [GC (Allocation Failure) [PSYoungGen: 412948K->103404K(465920K)] 1192482K->951066K(1478656K), 0.0453526 secs] [Times: user=0.23 sys=0.00, real=0.04 secs] 
3194.823: [GC (Allocation Failure) [PSYoungGen: 336364K->174613K(465920K)] 1184026K->1056084K(1478656K), 0.0604162 secs] [Times: user=0.30 sys=0.00, real=0.06 secs] 
3195.006: [GC (Allocation Failure) [PSYoungGen: 407573K->185270K(465920K)] 1289044K->1121229K(1478656K), 0.0447123 secs] [Times: user=0.21 sys=0.00, real=0.05 secs] 
3195.051: [Full GC (Ergonomics) [PSYoungGen: 185270K->0K(465920K)] [ParOldGen: 935959K->262426K(1013760K)] 1121229K->262426K(1479680K), [Metaspace: 59987K->59987K(1105920K)], 0.3302176 secs] [Times: user=1.53 sys=0.00, real=0.33 secs] 
3195.490: [GC (Allocation Failure) [PSYoungGen: 232960K->185079K(465920K)] 495386K->447505K(1479680K), 0.0816245 secs] [Times: user=0.42 sys=0.00, real=0.08 secs] 
3196.455: [GC (Allocation Failure) [PSYoungGen: 418039K->170835K(465920K)] 680465K->492157K(1479680K), 0.0546892 secs] [Times: user=0.27 sys=0.00, real=0.06 secs] 
3197.005: [GC (Allocation Failure) [PSYoungGen: 403795K->103148K(465920K)] 725117K->489846K(1479680K), 0.0727755 secs] [Times: user=0.38 sys=0.01, real=0.08 secs] 
3197.230: [GC (Allocation Failure) [PSYoungGen: 334401K->179253K(465920K)] 721100K->599885K(1479680K), 0.0342954 secs] [Times: user=0.14 sys=0.00, real=0.03 secs] 
3197.373: [GC (Allocation Failure) [PSYoungGen: 412213K->185814K(465920K)] 832845K->661989K(1479680K), 0.0429562 secs] [Times: user=0.20 sys=0.00, real=0.04 secs] 
3197.519: [GC (Allocation Failure) [PSYoungGen: 418774K->187733K(465920K)] 894949K->720309K(1479680K), 0.0449430 secs] [Times: user=0.21 sys=0.00, real=0.04 secs] 
3198.495: [GC (Allocation Failure) [PSYoungGen: 420693K->95451K(465920K)] 953269K->698799K(1479680K), 0.0438089 secs] [Times: user=0.22 sys=0.00, real=0.05 secs] 
3198.681: [GC (Allocation Failure) [PSYoungGen: 328411K->174389K(465920K)] 931759K->809100K(1479680K), 0.0395026 secs] [Times: user=0.17 sys=0.00, real=0.04 secs] 
3198.829: [GC (Allocation Failure) [PSYoungGen: 407349K->185430K(465920K)] 1042060K->874573K(1479680K), 0.0430524 secs] [Times: user=0.19 sys=0.00, real=0.04 secs] 
3198.981: [GC (Allocation Failure) [PSYoungGen: 418390K->184855K(465920K)] 1107533K->938454K(1479680K), 0.0498241 secs] [Times: user=0.23 sys=0.00, real=0.05 secs] 
3202.496: [GC (Allocation Failure) [PSYoungGen: 414895K->205683K(465920K)] 1168494K->1017818K(1479680K), 0.0537396 secs] [Times: user=0.26 sys=0.00, real=0.06 secs] 
3203.533: [GC (Allocation Failure) [PSYoungGen: 438643K->98843K(465920K)] 1250778K->975690K(1479680K), 0.0679112 secs] [Times: user=0.37 sys=0.00, real=0.07 secs] 
3203.804: [GC (Allocation Failure) [PSYoungGen: 331803K->183862K(465920K)] 1208650K->1092762K(1479680K), 0.0459453 secs] [Times: user=0.20 sys=0.00, real=0.05 secs] 
3204.001: [GC (Allocation Failure) [PSYoungGen: 416822K->185398K(465920K)] 1325722K->1151602K(1479680K), 0.0634962 secs] [Times: user=0.31 sys=0.00, real=0.06 secs] 
3204.065: [Full GC (Ergonomics) [PSYoungGen: 185398K->0K(465920K)] [ParOldGen: 966204K->291178K(1068032K)] 1151602K->291178K(1533952K), [Metaspace: 59990K->59990K(1105920K)], 0.4156867 secs] [Times: user=1.97 sys=0.00, real=0.42 secs] 
3204.586: [GC (Allocation Failure) [PSYoungGen: 232960K->187509K(465920K)] 524138K->478688K(1533952K), 0.0348322 secs] [Times: user=0.14 sys=0.00, real=0.04 secs] 
3205.577: [GC (Allocation Failure) [PSYoungGen: 420469K->99340K(465920K)] 711650K->461089K(1533952K), 0.0455788 secs] [Times: user=0.24 sys=0.00, real=0.04 secs] 
3205.838: [GC (Allocation Failure) [PSYoungGen: 332300K->170900K(465920K)] 694049K->564638K(1533952K), 0.0566520 secs] [Times: user=0.26 sys=0.00, real=0.05 secs] 
3206.021: [GC (Allocation Failure) [PSYoungGen: 403738K->185174K(465920K)] 797476K->632760K(1533952K), 0.0422806 secs] [Times: user=0.19 sys=0.00, real=0.04 secs] 
3206.174: [GC (Allocation Failure) [PSYoungGen: 418134K->186199K(465920K)] 865720K->698193K(1533952K), 0.0498918 secs] [Times: user=0.24 sys=0.00, real=0.05 secs] 
3206.997: [GC (Allocation Failure) [PSYoungGen: 414393K->206483K(465920K)] 926388K->777577K(1533952K), 0.0562009 secs] [Times: user=0.28 sys=0.00, real=0.06 secs] 
3207.524: [GC (Allocation Failure) [PSYoungGen: 439443K->100844K(465920K)] 1010537K->736714K(1533952K), 0.0615886 secs] [Times: user=0.32 sys=0.00, real=0.06 secs] 
3207.723: [GC (Allocation Failure) [PSYoungGen: 332729K->181206K(465920K)] 968599K->849505K(1533952K), 0.0356816 secs] [Times: user=0.15 sys=0.00, real=0.04 secs] 
3207.866: [GC (Allocation Failure) [PSYoungGen: 414166K->185686K(465920K)] 1082465K->910489K(1533952K), 0.0455157 secs] [Times: user=0.21 sys=0.00, real=0.05 secs] 
3208.301: [GC (Allocation Failure) [PSYoungGen: 418646K->184373K(465920K)] 1143449K->965320K(1533952K), 0.0715061 secs] [Times: user=0.36 sys=0.00, real=0.07 secs] 
3209.594: [GC (Allocation Failure) [PSYoungGen: 417333K->97179K(465920K)] 1198280K->947839K(1533952K), 0.0736943 secs] [Times: user=0.39 sys=0.00, real=0.08 secs] 
3210.283: [GC (Allocation Failure) [PSYoungGen: 330139K->176437K(465920K)] 1180799K->1058720K(1533952K), 0.0541914 secs] [Times: user=0.26 sys=0.00, real=0.06 secs] 
3210.456: [GC (Allocation Failure) [PSYoungGen: 409397K->185590K(465920K)] 1291680K->1121433K(1533952K), 0.0445132 secs] [Times: user=0.20 sys=0.00, real=0.05 secs] 
3212.035: [GC (Allocation Failure) [PSYoungGen: 418550K->181366K(465920K)] 1354393K->1181722K(1533952K), 0.1418919 secs] [Times: user=0.61 sys=0.04, real=0.14 secs] 
3212.177: [Full GC (Ergonomics) [PSYoungGen: 181366K->0K(465920K)] [ParOldGen: 1000355K->319764K(1132032K)] 1181722K->319764K(1597952K), [Metaspace: 59995K->59995K(1105920K)], 0.5377383 secs] [Times: user=2.57 sys=0.00, real=0.54 secs] 
3213.456: [GC (Allocation Failure) [PSYoungGen: 231571K->213075K(465920K)] 551336K->532840K(1597952K), 0.0317243 secs] [Times: user=0.13 sys=0.00, real=0.04 secs] 
3214.141: [GC (Allocation Failure) [PSYoungGen: 446035K->96363K(465920K)] 765800K->483024K(1597952K), 0.0699449 secs] [Times: user=0.36 sys=0.01, real=0.07 secs] 
3214.434: [GC (Allocation Failure) [PSYoungGen: 329323K->184054K(465920K)] 715984K->602356K(1597952K), 0.0347440 secs] [Times: user=0.14 sys=0.00, real=0.04 secs] 
3214.599: [GC (Allocation Failure) [PSYoungGen: 417014K->185654K(465920K)] 835316K->661115K(1597952K), 0.0486336 secs] [Times: user=0.22 sys=0.00, real=0.05 secs] 
3214.775: [GC (Allocation Failure) [PSYoungGen: 418614K->187861K(465920K)] 894075K->719611K(1597952K), 0.0457166 secs] [Times: user=0.21 sys=0.00, real=0.05 secs] 
3215.748: [GC (Allocation Failure) [PSYoungGen: 420821K->98956K(465920K)] 952571K->701493K(1597952K), 0.0439419 secs] [Times: user=0.23 sys=0.00, real=0.04 secs] 
3215.919: [GC (Allocation Failure) [PSYoungGen: 331916K->174389K(465920K)] 934453K->809383K(1597952K), 0.0386651 secs] [Times: user=0.17 sys=0.00, real=0.04 secs] 
3216.117: [GC (Allocation Failure) [PSYoungGen: 407349K->185398K(465920K)] 1042343K->874584K(1597952K), 0.0658390 secs] [Times: user=0.32 sys=0.00, real=0.06 secs] 
3216.319: [GC (Allocation Failure) [PSYoungGen: 418358K->181494K(465920K)] 1107544K->935321K(1597952K), 0.0493180 secs] [Times: user=0.23 sys=0.00, real=0.05 secs] 
3218.779: [GC (Allocation Failure) [PSYoungGen: 412399K->207475K(465920K)] 1166226K->1018910K(1597952K), 0.0547395 secs] [Times: user=0.28 sys=0.00, real=0.05 secs] 
3219.476: [GC (Allocation Failure) [PSYoungGen: 440435K->106332K(465920K)] 1251870K->982951K(1597952K), 0.1047048 secs] [Times: user=0.56 sys=0.00, real=0.11 secs] 
3219.763: [GC (Allocation Failure) [PSYoungGen: 332687K->175733K(465920K)] 1209306K->1086689K(1597952K), 0.0356090 secs] [Times: user=0.15 sys=0.00, real=0.04 secs] 
3219.908: [GC (Allocation Failure) [PSYoungGen: 408693K->184566K(465920K)] 1319649K->1150321K(1597952K), 0.0435105 secs] [Times: user=0.20 sys=0.00, real=0.04 secs] 
3220.107: [GC (Allocation Failure) [PSYoungGen: 417526K->186421K(465920K)] 1383281K->1208265K(1597952K), 0.0809594 secs] [Times: user=0.25 sys=0.12, real=0.08 secs] 
3221.158: [GC (Allocation Failure) [PSYoungGen: 419381K->102092K(465920K)] 1441225K->1194200K(1597952K), 0.0516590 secs] [Times: user=0.25 sys=0.03, real=0.05 secs] 
3221.210: [Full GC (Ergonomics) [PSYoungGen: 102092K->0K(465920K)] [ParOldGen: 1092107K->93814K(930816K)] 1194200K->93814K(1396736K), [Metaspace: 60000K->60000K(1105920K)], 0.0453132 secs] [Times: user=0.13 sys=0.00, real=0.04 secs] 
3222.359: [GC (Allocation Failure) [PSYoungGen: 232960K->169620K(465920K)] 326774K->263434K(1396736K), 0.0359900 secs] [Times: user=0.12 sys=0.00, real=0.03 secs] 
3222.583: [GC (Allocation Failure) [PSYoungGen: 402580K->183990K(465920K)] 496394K->331052K(1396736K), 0.0636325 secs] [Times: user=0.30 sys=0.01, real=0.06 secs] 
3222.776: [GC (Allocation Failure) [PSYoungGen: 416950K->186039K(465920K)] 564012K->397069K(1396736K), 0.0492103 secs] [Times: user=0.23 sys=0.00, real=0.05 secs] 
3223.554: [GC (Allocation Failure) [PSYoungGen: 418360K->209651K(465920K)] 629390K->479582K(1396736K), 0.0561858 secs] [Times: user=0.27 sys=0.01, real=0.06 secs] 
3224.014: [GC (Allocation Failure) [PSYoungGen: 442611K->101820K(465920K)] 712542K->437526K(1396736K), 0.0585546 secs] [Times: user=0.31 sys=0.00, real=0.06 secs] 
3224.261: [GC (Allocation Failure) [PSYoungGen: 330732K->180374K(465920K)] 666439K->548569K(1396736K), 0.0421408 secs] [Times: user=0.18 sys=0.00, real=0.04 secs] 
3224.469: [GC (Allocation Failure) [PSYoungGen: 413334K->185238K(465920K)] 781529K->609489K(1396736K), 0.0616108 secs] [Times: user=0.29 sys=0.00, real=0.06 secs] 
3225.046: [GC (Allocation Failure) [PSYoungGen: 418198K->186965K(465920K)] 842449K->667240K(1396736K), 0.0866825 secs] [Times: user=0.44 sys=0.00, real=0.09 secs] 
3226.626: [GC (Allocation Failure) [PSYoungGen: 419925K->97627K(465920K)] 900200K->648351K(1396736K), 0.1246238 secs] [Times: user=0.69 sys=0.01, real=0.13 secs] 
3227.563: [GC (Allocation Failure) [PSYoungGen: 330587K->170228K(465920K)] 881311K->753197K(1396736K), 0.0564493 secs] [Times: user=0.26 sys=0.00, real=0.06 secs] 
3227.760: [GC (Allocation Failure) [PSYoungGen: 403188K->185590K(465920K)] 986157K->821478K(1396736K), 0.0424469 secs] [Times: user=0.19 sys=0.00, real=0.04 secs] 
3228.520: [GC (GCLocker Initiated GC) [PSYoungGen: 418550K->183286K(465920K)] 1054439K->883455K(1396736K), 0.0721159 secs] [Times: user=0.35 sys=0.00, real=0.07 secs] 
3229.667: [GC (Allocation Failure) [PSYoungGen: 416246K->173427K(465920K)] 1116417K->931709K(1396736K), 0.0574353 secs] [Times: user=0.29 sys=0.00, real=0.05 secs] 
3231.161: [GC (Allocation Failure) [PSYoungGen: 406387K->102252K(465920K)] 1164669K->926510K(1396736K), 0.0922145 secs] [Times: user=0.49 sys=0.00, real=0.09 secs] 
3231.446: [GC (Allocation Failure) [PSYoungGen: 335212K->180822K(465920K)] 1159470K->1038465K(1396736K), 0.0351735 secs] [Times: user=0.14 sys=0.00, real=0.04 secs] 
3231.481: [Full GC (Ergonomics) [PSYoungGen: 180822K->0K(465920K)] [ParOldGen: 857643K->230311K(1100800K)] 1038465K->230311K(1566720K), [Metaspace: 60006K->60006K(1105920K)], 0.2562573 secs] [Times: user=1.15 sys=0.00, real=0.26 secs] 
3231.849: [GC (Allocation Failure) [PSYoungGen: 232960K->185686K(465920K)] 463271K->415998K(1566720K), 0.0261260 secs] [Times: user=0.09 sys=0.00, real=0.02 secs] 
3231.979: [GC (Allocation Failure) [PSYoungGen: 418646K->187797K(465920K)] 648958K->474165K(1566720K), 0.0446436 secs] [Times: user=0.20 sys=0.00, real=0.04 secs] 
3232.967: [GC (Allocation Failure) [PSYoungGen: 420757K->95147K(465920K)] 707125K->452363K(1566720K), 0.0434716 secs] [Times: user=0.23 sys=0.01, real=0.04 secs] 
3233.128: [GC (Allocation Failure) [PSYoungGen: 328107K->174901K(465920K)] 685323K->563365K(1566720K), 0.0397181 secs] [Times: user=0.18 sys=0.00, real=0.04 secs] 
3233.299: [GC (Allocation Failure) [PSYoungGen: 407861K->185238K(465920K)] 796325K->628286K(1566720K), 0.0468770 secs] [Times: user=0.22 sys=0.00, real=0.04 secs] 
3233.472: [GC (Allocation Failure) [PSYoungGen: 418198K->183254K(465920K)] 861246K->690687K(1566720K), 0.0491199 secs] [Times: user=0.23 sys=0.00, real=0.05 secs] 
3234.288: [GC (Allocation Failure) [PSYoungGen: 411407K->206611K(465920K)] 918839K->772331K(1566720K), 0.0551228 secs] [Times: user=0.28 sys=0.00, real=0.05 secs] 
3235.559: [GC (Allocation Failure) [PSYoungGen: 439571K->101916K(465920K)] 1005291K->732220K(1566720K), 0.0805035 secs] [Times: user=0.43 sys=0.00, real=0.08 secs] 
3235.801: [GC (Allocation Failure) [PSYoungGen: 331800K->180342K(465920K)] 962105K->843238K(1566720K), 0.0348116 secs] [Times: user=0.14 sys=0.00, real=0.03 secs] 
3237.072: [GC (GCLocker Initiated GC) [PSYoungGen: 413302K->182613K(465920K)] 1076199K->901303K(1566720K), 0.1043707 secs] [Times: user=0.52 sys=0.00, real=0.10 secs] 
3237.382: [GC (Allocation Failure) [PSYoungGen: 415573K->183764K(465920K)] 1134428K->957971K(1566720K), 0.0457508 secs] [Times: user=0.21 sys=0.00, real=0.05 secs] 
3238.389: [GC (Allocation Failure) [PSYoungGen: 416724K->103388K(465920K)] 1190931K->947011K(1566720K), 0.0454420 secs] [Times: user=0.23 sys=0.00, real=0.04 secs] 
3239.180: [GC (Allocation Failure) [PSYoungGen: 336348K->169172K(465920K)] 1179971K->1045727K(1566720K), 0.0594901 secs] [Times: user=0.29 sys=0.00, real=0.06 secs] 
3239.364: [GC (Allocation Failure) [PSYoungGen: 402132K->185686K(465920K)] 1278687K->1115665K(1566720K), 0.0445900 secs] [Times: user=0.21 sys=0.00, real=0.05 secs] 
3239.541: [GC (Allocation Failure) [PSYoungGen: 418587K->186231K(465920K)] 1348567K->1180682K(1566720K), 0.0663549 secs] [Times: user=0.30 sys=0.04, real=0.07 secs] 
3240.103: [GC (Allocation Failure) [PSYoungGen: 419191K->210099K(465920K)] 1413642K->1263495K(1566720K), 0.0667394 secs] [Times: user=0.18 sys=0.12, real=0.07 secs] 
3240.170: [Full GC (Ergonomics) [PSYoungGen: 210099K->0K(465920K)] [ParOldGen: 1053395K->365677K(1265152K)] 1263495K->365677K(1731072K), [Metaspace: 60008K->60008K(1105920K)], 0.5586585 secs] [Times: user=2.26 sys=0.00, real=0.56 secs] 
3241.335: [GC (Allocation Failure) [PSYoungGen: 232960K->105030K(465920K)] 598637K->470707K(1731072K), 0.0174823 secs] [Times: user=0.07 sys=0.00, real=0.02 secs] 
3241.511: [GC (Allocation Failure) [PSYoungGen: 337990K->182838K(465920K)] 703667K->585731K(1731072K), 0.0496486 secs] [Times: user=0.21 sys=0.00, real=0.05 secs] 
3241.726: [GC (GCLocker Initiated GC) [PSYoungGen: 415798K->183349K(465920K)] 818694K->643178K(1731072K), 0.0662683 secs] [Times: user=0.32 sys=0.00, real=0.07 secs] 
3241.915: [GC (Allocation Failure) [PSYoungGen: 416309K->185973K(465920K)] 876302K->701462K(1731072K), 0.0458454 secs] [Times: user=0.21 sys=0.00, real=0.05 secs] 
3244.083: [GC (Allocation Failure) [PSYoungGen: 418933K->97019K(465920K)] 934422K->682556K(1731072K), 0.0576118 secs] [Times: user=0.31 sys=0.00, real=0.06 secs] 
3244.786: [GC (Allocation Failure) [PSYoungGen: 329979K->173557K(465920K)] 915516K->790698K(1731072K), 0.0602643 secs] [Times: user=0.29 sys=0.01, real=0.06 secs] 
3244.969: [GC (Allocation Failure) [PSYoungGen: 406517K->185590K(465920K)] 1023658K->856699K(1731072K), 0.0433283 secs] [Times: user=0.19 sys=0.00, real=0.04 secs] 
3245.355: [GC (Allocation Failure) [PSYoungGen: 418550K->184599K(465920K)] 1089659K->920388K(1731072K), 0.0610072 secs] [Times: user=0.29 sys=0.00, real=0.06 secs] 
3246.659: [GC (Allocation Failure) [PSYoungGen: 413794K->210131K(465920K)] 1149583K->1004440K(1731072K), 0.0564264 secs] [Times: user=0.27 sys=0.00, real=0.05 secs] 
3247.565: [GC (Allocation Failure) [PSYoungGen: 443091K->97291K(465920K)] 1237400K->957704K(1731072K), 0.0924928 secs] [Times: user=0.49 sys=0.01, real=0.10 secs] 
3247.866: [GC (Allocation Failure) [PSYoungGen: 330251K->180406K(465920K)] 1190664K->1072568K(1731072K), 0.0430399 secs] [Times: user=0.18 sys=0.01, real=0.05 secs] 
3248.062: [GC (Allocation Failure) [PSYoungGen: 413366K->185366K(465920K)] 1305528K->1133296K(1731072K), 0.0594080 secs] [Times: user=0.28 sys=0.00, real=0.06 secs] 
3248.228: [GC (Allocation Failure) [PSYoungGen: 418326K->187189K(465920K)] 1366256K->1191347K(1731072K), 0.0472756 secs] [Times: user=0.22 sys=0.00, real=0.04 secs] 
3249.253: [GC (GCLocker Initiated GC) [PSYoungGen: 420149K->100508K(465920K)] 1424307K->1175390K(1731072K), 0.0469049 secs] [Times: user=0.23 sys=0.02, real=0.05 secs] 
3249.562: [GC (Allocation Failure) [PSYoungGen: 333468K->170324K(465920K)] 1408352K->1277973K(1731072K), 0.0599076 secs] [Times: user=0.28 sys=0.02, real=0.06 secs] 
3249.788: [GC (Allocation Failure) [PSYoungGen: 403284K->184566K(465920K)] 1510933K->1345110K(1731072K), 0.0440218 secs] [Times: user=0.19 sys=0.01, real=0.04 secs] 
3250.393: [GC (Allocation Failure) [PSYoungGen: 417526K->185783K(465920K)] 1578070K->1410343K(1731072K), 0.1259501 secs] [Times: user=0.25 sys=0.25, real=0.13 secs] 
3250.519: [Full GC (Ergonomics) [PSYoungGen: 185783K->0K(465920K)] [ParOldGen: 1224560K->323790K(1255424K)] 1410343K->323790K(1721344K), [Metaspace: 60010K->60010K(1105920K)], 0.4941019 secs] [Times: user=2.34 sys=0.01, real=0.49 secs] 
3252.446: [GC (Allocation Failure) [PSYoungGen: 232264K->209171K(465920K)] 556054K->532962K(1721344K), 0.0279545 secs] [Times: user=0.10 sys=0.00, real=0.03 secs] 
3253.699: [GC (Allocation Failure) [PSYoungGen: 442131K->96843K(465920K)] 765922K->487082K(1721344K), 0.1009517 secs] [Times: user=0.54 sys=0.00, real=0.10 secs] 
3254.010: [GC (Allocation Failure) [PSYoungGen: 329803K->181526K(465920K)] 720042K->602981K(1721344K), 0.0395721 secs] [Times: user=0.17 sys=0.00, real=0.04 secs] 
3254.178: [GC (Allocation Failure) [PSYoungGen: 414486K->185622K(465920K)] 835941K->663517K(1721344K), 0.0559554 secs] [Times: user=0.26 sys=0.00, real=0.05 secs] 
3254.387: [GC (Allocation Failure) [PSYoungGen: 418582K->187477K(465920K)] 896477K->721484K(1721344K), 0.0665721 secs] [Times: user=0.33 sys=0.00, real=0.07 secs] 
3255.407: [GC (Allocation Failure) [PSYoungGen: 420437K->98892K(465920K)] 954444K->703571K(1721344K), 0.0441401 secs] [Times: user=0.23 sys=0.00, real=0.04 secs] 
3255.610: [GC (GCLocker Initiated GC) [PSYoungGen: 331852K->170996K(465920K)] 936533K->808034K(1721344K), 0.0589629 secs] [Times: user=0.28 sys=0.00, real=0.06 secs] 
3255.845: [GC (Allocation Failure) [PSYoungGen: 403956K->189781K(465920K)] 1041161K->880582K(1721344K), 0.0603657 secs] [Times: user=0.29 sys=0.00, real=0.06 secs] 
3256.061: [GC (Allocation Failure) [PSYoungGen: 422741K->185783K(465920K)] 1113542K->940043K(1721344K), 0.0646878 secs] [Times: user=0.32 sys=0.00, real=0.06 secs] 
3256.890: [GC (Allocation Failure) [PSYoungGen: 416938K->212051K(465920K)] 1171199K->1025228K(1721344K), 0.0557876 secs] [Times: user=0.28 sys=0.00, real=0.05 secs] 
3257.442: [GC (Allocation Failure) [PSYoungGen: 445011K->97947K(465920K)] 1258188K->977940K(1721344K), 0.0901879 secs] [Times: user=0.48 sys=0.00, real=0.09 secs] 
3257.747: [GC (Allocation Failure) [PSYoungGen: 330907K->183702K(465920K)] 1210900K->1095739K(1721344K), 0.0413797 secs] [Times: user=0.18 sys=0.00, real=0.04 secs] 
3257.921: [GC (Allocation Failure) [PSYoungGen: 416662K->185526K(465920K)] 1328699K->1154603K(1721344K), 0.0594992 secs] [Times: user=0.28 sys=0.00, real=0.06 secs] 
3259.296: [GC (Allocation Failure) [PSYoungGen: 418486K->179796K(465920K)] 1387563K->1205137K(1721344K), 0.1132312 secs] [Times: user=0.58 sys=0.00, real=0.12 secs] 
3260.501: [GC (Allocation Failure) [PSYoungGen: 412756K->104956K(465920K)] 1438097K->1198473K(1721344K), 0.0495446 secs] [Times: user=0.25 sys=0.00, real=0.05 secs] 
3261.355: [GC (GCLocker Initiated GC) [PSYoungGen: 337916K->168500K(465920K)] 1431434K->1295923K(1721344K), 0.0614587 secs] [Times: user=0.30 sys=0.00, real=0.06 secs] 
3261.590: [GC (Allocation Failure) [PSYoungGen: 401460K->185590K(465920K)] 1529046K->1366067K(1721344K), 0.0615122 secs] [Times: user=0.30 sys=0.00, real=0.06 secs] 
3261.652: [Full GC (Ergonomics) [PSYoungGen: 185590K->0K(465920K)] [ParOldGen: 1180477K->260526K(1225216K)] 1366067K->260526K(1691136K), [Metaspace: 60011K->60011K(1105920K)], 0.3331685 secs] [Times: user=1.55 sys=0.00, real=0.33 secs] 
3262.094: [GC (Allocation Failure) [PSYoungGen: 232960K->186007K(465920K)] 493486K->446533K(1691136K), 0.0897697 secs] [Times: user=0.48 sys=0.00, real=0.09 secs] 
3262.951: [GC (Allocation Failure) [PSYoungGen: 416693K->209971K(465920K)] 677219K->529578K(1691136K), 0.0547712 secs] [Times: user=0.27 sys=0.00, real=0.05 secs] 
3263.462: [GC (GCLocker Initiated GC) [PSYoungGen: 442931K->101467K(465920K)] 762538K->487098K(1691136K), 0.0525486 secs] [Times: user=0.27 sys=0.00, real=0.05 secs] 
3263.678: [GC (Allocation Failure) [PSYoungGen: 334427K->178742K(465920K)] 728253K->605452K(1691136K), 0.1599230 secs] [Times: user=0.90 sys=0.00, real=0.16 secs] 
3263.977: [GC (Allocation Failure) [PSYoungGen: 411702K->178582K(465920K)] 838412K->662320K(1691136K), 0.1457645 secs] [Times: user=0.80 sys=0.01, real=0.15 secs] 
3264.228: [GC (Allocation Failure) [PSYoungGen: 411542K->186901K(465920K)] 895280K->726919K(1691136K), 0.0608196 secs] [Times: user=0.30 sys=0.00, real=0.06 secs] 
3265.269: [GC (Allocation Failure) [PSYoungGen: 419861K->102316K(465920K)] 959879K->712971K(1691136K), 0.0470873 secs] [Times: user=0.25 sys=0.00, real=0.04 secs] 
3265.516: [GC (Allocation Failure) [PSYoungGen: 335276K->173877K(465920K)] 945931K->818052K(1691136K), 0.0579225 secs] [Times: user=0.26 sys=0.00, real=0.06 secs] 
3265.726: [GC (Allocation Failure) [PSYoungGen: 406837K->184950K(465920K)] 1051012K->883509K(1691136K), 0.0430149 secs] [Times: user=0.20 sys=0.00, real=0.05 secs] 
3265.910: [GC (Allocation Failure) [PSYoungGen: 414264K->178870K(465920K)] 1112823K->941893K(1691136K), 0.0675911 secs] [Times: user=0.33 sys=0.00, real=0.07 secs] 
3267.183: [GC (Allocation Failure) [PSYoungGen: 411830K->169619K(465920K)] 1174853K->989302K(1691136K), 0.0571248 secs] [Times: user=0.29 sys=0.00, real=0.06 secs] 
3268.212: [GC (GCLocker Initiated GC) [PSYoungGen: 402579K->110173K(465920K)] 1222263K->994769K(1691136K), 0.0911916 secs] [Times: user=0.48 sys=0.00, real=0.09 secs] 
3268.500: [GC (Allocation Failure) [PSYoungGen: 343133K->188469K(465920K)] 1227896K->1108517K(1691136K), 0.0372334 secs] [Times: user=0.16 sys=0.00, real=0.04 secs] 
3268.648: [GC (Allocation Failure) [PSYoungGen: 421429K->185399K(465920K)] 1341477K->1168434K(1691136K), 0.0505729 secs] [Times: user=0.23 sys=0.00, real=0.05 secs] 
3268.806: [GC (Allocation Failure) [PSYoungGen: 418359K->187189K(465920K)] 1401394K->1229065K(1691136K), 0.0603271 secs] [Times: user=0.30 sys=0.00, real=0.06 secs] 
3270.079: [GC (Allocation Failure) [PSYoungGen: 420149K->97451K(465920K)] 1462025K->1209799K(1691136K), 0.0521504 secs] [Times: user=0.28 sys=0.00, real=0.05 secs] 
3271.218: [GC (Allocation Failure) [PSYoungGen: 330411K->167732K(465920K)] 1442759K->1311464K(1691136K), 0.0472708 secs] [Times: user=0.21 sys=0.00, real=0.04 secs] 
3271.266: [Full GC (Ergonomics) [PSYoungGen: 167732K->0K(465920K)] [ParOldGen: 1143732K->194739K(1197568K)] 1311464K->194739K(1663488K), [Metaspace: 60012K->60012K(1105920K)], 0.2081129 secs] [Times: user=0.97 sys=0.00, real=0.21 secs] 
3271.584: [GC (Allocation Failure) [PSYoungGen: 232960K->185974K(465920K)] 427699K->380713K(1663488K), 0.0319764 secs] [Times: user=0.13 sys=0.00, real=0.03 secs] 
3271.719: [GC (Allocation Failure) [PSYoungGen: 412159K->178774K(465920K)] 606898K->438082K(1663488K), 0.0434374 secs] [Times: user=0.19 sys=0.00, real=0.04 secs] 
3272.592: [GC (Allocation Failure) [PSYoungGen: 411734K->167986K(464896K)] 671042K->484130K(1662464K), 0.0534525 secs] [Times: user=0.26 sys=0.00, real=0.05 secs] 
3273.112: [GC (Allocation Failure) [PSYoungGen: 400946K->107452K(465408K)] 717090K->487960K(1662976K), 0.0564653 secs] [Times: user=0.29 sys=0.00, real=0.06 secs] 
3273.292: [GC (Allocation Failure) [PSYoungGen: 340412K->188469K(465920K)] 720920K->603569K(1663488K), 0.0364100 secs] [Times: user=0.16 sys=0.00, real=0.04 secs] 
3273.472: [GC (Allocation Failure) [PSYoungGen: 421429K->184919K(465920K)] 836529K->662795K(1663488K), 0.0635612 secs] [Times: user=0.25 sys=0.00, real=0.06 secs] 
3273.838: [GC (Allocation Failure) [PSYoungGen: 417879K->184565K(465920K)] 895755K->721241K(1663488K), 0.0709526 secs] [Times: user=0.36 sys=0.00, real=0.07 secs] 
3276.759: [GC (Allocation Failure) [PSYoungGen: 417525K->97707K(465920K)] 954201K->704064K(1663488K), 0.1258085 secs] [Times: user=0.70 sys=0.00, real=0.12 secs] 
3277.328: [GC (Allocation Failure) [PSYoungGen: 330667K->173717K(465920K)] 937024K->812110K(1663488K), 0.0394486 secs] [Times: user=0.17 sys=0.00, real=0.03 secs] 
3277.501: [GC (Allocation Failure) [PSYoungGen: 406677K->193686K(465920K)] 1045070K->886191K(1663488K), 0.0590319 secs] [Times: user=0.28 sys=0.00, real=0.06 secs] 
3277.700: [GC (Allocation Failure) [PSYoungGen: 419123K->178390K(465920K)] 1111629K->935399K(1663488K), 0.0492637 secs] [Times: user=0.23 sys=0.00, real=0.05 secs] 
3278.643: [GC (Allocation Failure) [PSYoungGen: 411350K->168947K(465920K)] 1168359K->982652K(1663488K), 0.0578713 secs] [Times: user=0.29 sys=0.00, real=0.06 secs] 
3279.270: [GC (Allocation Failure) [PSYoungGen: 401907K->110285K(465920K)] 1215612K->988454K(1663488K), 0.0780916 secs] [Times: user=0.40 sys=0.00, real=0.08 secs] 
3279.506: [GC (Allocation Failure) [PSYoungGen: 343245K->180565K(465920K)] 1221414K->1095043K(1663488K), 0.0374250 secs] [Times: user=0.16 sys=0.00, real=0.04 secs] 
3279.671: [GC (Allocation Failure) [PSYoungGen: 413525K->182230K(465920K)] 1328003K->1159485K(1663488K), 0.0608885 secs] [Times: user=0.29 sys=0.00, real=0.06 secs] 
3279.875: [GC (Allocation Failure) [PSYoungGen: 415190K->180244K(465920K)] 1392445K->1215082K(1663488K), 0.0575493 secs] [Times: user=0.28 sys=0.01, real=0.06 secs] 
3280.938: [GC (Allocation Failure) [PSYoungGen: 413204K->104940K(465920K)] 1448042K->1208019K(1663488K), 0.0490557 secs] [Times: user=0.26 sys=0.00, real=0.04 secs] 
3281.142: [GC (GCLocker Initiated GC) [PSYoungGen: 337900K->174933K(465920K)] 1440980K->1312648K(1663488K), 0.0613991 secs] [Times: user=0.30 sys=0.00, real=0.06 secs] 
3281.204: [Full GC (Ergonomics) [PSYoungGen: 174933K->0K(465920K)] [ParOldGen: 1137715K->202127K(1227776K)] 1312648K->202127K(1693696K), [Metaspace: 60021K->60021K(1105920K)], 0.2104652 secs] [Times: user=0.97 sys=0.00, real=0.21 secs] 
3281.521: [GC (Allocation Failure) [PSYoungGen: 232960K->182069K(465920K)] 435254K->384372K(1693696K), 0.0319274 secs] [Times: user=0.12 sys=0.00, real=0.03 secs] 
3281.672: [GC (Allocation Failure) [PSYoungGen: 413713K->179254K(465920K)] 616015K->444948K(1693696K), 0.0434043 secs] [Times: user=0.20 sys=0.00, real=0.04 secs] 
3282.586: [GC (Allocation Failure) [PSYoungGen: 412214K->168595K(458752K)] 677908K->490997K(1686528K), 0.0554470 secs] [Times: user=0.28 sys=0.00, real=0.06 secs] 
3283.520: [GC (Allocation Failure) [PSYoungGen: 401555K->116590K(462336K)] 723957K->503592K(1690112K), 0.0875272 secs] [Times: user=0.46 sys=0.00, real=0.09 secs] 
3283.776: [GC (Allocation Failure) [PSYoungGen: 349550K->180181K(467456K)] 736552K->604824K(1695232K), 0.0365912 secs] [Times: user=0.16 sys=0.00, real=0.04 secs] 
3283.960: [GC (Allocation Failure) [PSYoungGen: 416213K->187991K(424448K)] 840856K->675362K(1652224K), 0.0583329 secs] [Times: user=0.29 sys=0.00, real=0.06 secs] 
3284.151: [GC (Allocation Failure) [PSYoungGen: 424023K->189845K(465920K)] 911394K->736920K(1693696K), 0.0581617 secs] [Times: user=0.29 sys=0.00, real=0.06 secs] 
3285.374: [GC (Allocation Failure) [PSYoungGen: 422805K->94251K(465920K)] 969880K->712742K(1693696K), 0.0641499 secs] [Times: user=0.35 sys=0.01, real=0.07 secs] 
3286.839: [GC (Allocation Failure) [PSYoungGen: 327211K->176725K(465920K)] 945702K->825061K(1693696K), 0.0426962 secs] [Times: user=0.18 sys=0.00, real=0.04 secs] 
3287.041: [GC (Allocation Failure) [PSYoungGen: 409685K->185558K(465920K)] 1058021K->889170K(1693696K), 0.0498164 secs] [Times: user=0.24 sys=0.00, real=0.05 secs] 
3287.210: [GC (Allocation Failure) [PSYoungGen: 418518K->184949K(465920K)] 1122130K->944713K(1693696K), 0.0468333 secs] [Times: user=0.21 sys=0.00, real=0.04 secs] 
3288.188: [GC (Allocation Failure) [PSYoungGen: 417909K->145938K(465920K)] 1177673K->975494K(1693696K), 0.0511008 secs] [Times: user=0.25 sys=0.00, real=0.05 secs] 
3288.425: [GC (Allocation Failure) [PSYoungGen: 378898K->130607K(465920K)] 1208454K->1006491K(1693696K), 0.0736455 secs] [Times: user=0.40 sys=0.00, real=0.08 secs] 
3288.656: [GC (Allocation Failure) [PSYoungGen: 363567K->179317K(465920K)] 1239451K->1096366K(1693696K), 0.0555915 secs] [Times: user=0.26 sys=0.00, real=0.06 secs] 
3288.841: [GC (Allocation Failure) [PSYoungGen: 412277K->186295K(465920K)] 1329326K->1166696K(1693696K), 0.0512641 secs] [Times: user=0.24 sys=0.00, real=0.05 secs] 
3288.995: [GC (Allocation Failure) [PSYoungGen: 419255K->184020K(465920K)] 1399656K->1223509K(1693696K), 0.0586071 secs] [Times: user=0.29 sys=0.00, real=0.06 secs] 
3290.408: [GC (Allocation Failure) [PSYoungGen: 416980K->94699K(465920K)] 1456469K->1203540K(1693696K), 0.1083927 secs] [Times: user=0.60 sys=0.00, real=0.10 secs] 
3290.697: [GC (Allocation Failure) [PSYoungGen: 327659K->180246K(465920K)] 1436500K->1320327K(1693696K), 0.0342336 secs] [Times: user=0.13 sys=0.00, real=0.04 secs] 
3290.731: [Full GC (Ergonomics) [PSYoungGen: 180246K->0K(465920K)] [ParOldGen: 1140081K->212670K(1263616K)] 1320327K->212670K(1729536K), [Metaspace: 60025K->60025K(1105920K)], 0.2114882 secs] [Times: user=0.96 sys=0.00, real=0.21 secs] 
3291.055: [GC (Allocation Failure) [PSYoungGen: 232960K->184918K(465920K)] 445630K->397588K(1729536K), 0.0275297 secs] [Times: user=0.09 sys=0.00, real=0.03 secs] 
3291.569: [GC (Allocation Failure) [PSYoungGen: 417878K->203829K(465920K)] 630548K->472484K(1729536K), 0.0548114 secs] [Times: user=0.27 sys=0.00, real=0.05 secs] 
3292.568: [GC (Allocation Failure) [PSYoungGen: 436789K->135024K(465920K)] 705444K->474391K(1729536K), 0.0482509 secs] [Times: user=0.24 sys=0.00, real=0.04 secs] 
3293.572: [GC (Allocation Failure) [PSYoungGen: 367984K->134992K(465920K)] 707351K->517055K(1729536K), 0.1065509 secs] [Times: user=0.58 sys=0.00, real=0.11 secs] 
3293.814: [GC (Allocation Failure) [PSYoungGen: 367952K->180213K(465920K)] 750015K->605681K(1729536K), 0.0389407 secs] [Times: user=0.17 sys=0.00, real=0.04 secs] 
3293.967: [GC (Allocation Failure) [PSYoungGen: 413173K->186007K(465920K)] 838641K->674399K(1729536K), 0.0503702 secs] [Times: user=0.23 sys=0.00, real=0.06 secs] 
3294.170: [GC (Allocation Failure) [PSYoungGen: 418967K->186741K(465920K)] 907359K->734037K(1729536K), 0.0831260 secs] [Times: user=0.43 sys=0.00, real=0.08 secs] 
3295.208: [GC (GCLocker Initiated GC) [PSYoungGen: 419701K->94635K(465920K)] 966997K->712391K(1729536K), 0.0451749 secs] [Times: user=0.23 sys=0.00, real=0.04 secs] 
3295.480: [GC (Allocation Failure) [PSYoungGen: 327595K->174965K(465920K)] 945646K->823164K(1729536K), 0.0408054 secs] [Times: user=0.16 sys=0.01, real=0.04 secs] 
3295.644: [GC (Allocation Failure) [PSYoungGen: 407925K->185174K(465920K)] 1056124K->888069K(1729536K), 0.0438939 secs] [Times: user=0.20 sys=0.00, real=0.05 secs] 
3295.791: [GC (Allocation Failure) [PSYoungGen: 418134K->187989K(465920K)] 1121029K->947053K(1729536K), 0.0462061 secs] [Times: user=0.22 sys=0.00, real=0.05 secs] 
3296.739: [GC (Allocation Failure) [PSYoungGen: 420949K->131056K(465920K)] 1180013K->960896K(1729536K), 0.0497820 secs] [Times: user=0.25 sys=0.00, real=0.05 secs] 
3297.031: [GC (Allocation Failure) [PSYoungGen: 364016K->147521K(465920K)] 1193856K->1018837K(1729536K), 0.0856739 secs] [Times: user=0.46 sys=0.00, real=0.08 secs] 
3297.267: [GC (Allocation Failure) [PSYoungGen: 380481K->184534K(465920K)] 1251797K->1101778K(1729536K), 0.0417370 secs] [Times: user=0.18 sys=0.00, real=0.04 secs] 
3297.418: [GC (Allocation Failure) [PSYoungGen: 417494K->182198K(465920K)] 1334738K->1163723K(1729536K), 0.0520540 secs] [Times: user=0.25 sys=0.00, real=0.05 secs] 
3298.944: [GC (GCLocker Initiated GC) [PSYoungGen: 415158K->179796K(465920K)] 1396683K->1219105K(1729536K), 0.1407916 secs] [Times: user=0.76 sys=0.00, real=0.14 secs] 
3300.927: [GC (Allocation Failure) [PSYoungGen: 412756K->93275K(465920K)] 1452068K->1200875K(1729536K), 0.1195489 secs] [Times: user=0.66 sys=0.00, real=0.12 secs] 
3301.896: [GC (Allocation Failure) [PSYoungGen: 326235K->176533K(465920K)] 1433835K->1314234K(1729536K), 0.0446400 secs] [Times: user=0.20 sys=0.00, real=0.05 secs] 
3302.127: [GC (Allocation Failure) [PSYoungGen: 409493K->185046K(465920K)] 1547194K->1377875K(1729536K), 0.0679028 secs] [Times: user=0.32 sys=0.00, real=0.06 secs] 
3302.195: [Full GC (Ergonomics) [PSYoungGen: 185046K->0K(465920K)] [ParOldGen: 1192829K->273852K(1350656K)] 1377875K->273852K(1816576K), [Metaspace: 60028K->60028K(1105920K)], 0.3730806 secs] [Times: user=1.75 sys=0.00, real=0.38 secs] 
3302.673: [GC (Allocation Failure) [PSYoungGen: 232960K->187765K(465920K)] 506812K->461618K(1816576K), 0.0368041 secs] [Times: user=0.16 sys=0.00, real=0.04 secs] 
3303.630: [GC (Allocation Failure) [PSYoungGen: 420725K->127983K(465920K)] 694578K->472700K(1816576K), 0.0507181 secs] [Times: user=0.26 sys=0.00, real=0.05 secs] 
3303.875: [GC (Allocation Failure) [PSYoungGen: 357870K->142049K(465920K)] 702587K->527310K(1816576K), 0.0575617 secs] [Times: user=0.29 sys=0.01, real=0.06 secs] 
3304.067: [GC (Allocation Failure) [PSYoungGen: 375009K->179605K(465920K)] 760270K->609787K(1816576K), 0.0556389 secs] [Times: user=0.26 sys=0.00, real=0.05 secs] 
3304.249: [GC (Allocation Failure) [PSYoungGen: 412565K->186007K(465920K)] 842747K->679041K(1816576K), 0.0491888 secs] [Times: user=0.23 sys=0.00, real=0.05 secs] 
3304.428: [GC (Allocation Failure) [PSYoungGen: 418967K->187573K(465920K)] 912001K->739879K(1816576K), 0.0613693 secs] [Times: user=0.31 sys=0.00, real=0.06 secs] 
3305.720: [GC (Allocation Failure) [PSYoungGen: 420533K->91307K(465920K)] 972839K->714121K(1816576K), 0.0915678 secs] [Times: user=0.50 sys=0.00, real=0.09 secs] 
3306.106: [GC (Allocation Failure) [PSYoungGen: 324267K->180438K(465920K)] 947081K->833312K(1816576K), 0.0422585 secs] [Times: user=0.18 sys=0.00, real=0.05 secs] 
3306.677: [GC (Allocation Failure) [PSYoungGen: 413398K->193078K(465920K)] 1066272K->901856K(1816576K), 0.0640429 secs] [Times: user=0.30 sys=0.01, real=0.06 secs] 
3306.904: [GC (GCLocker Initiated GC) [PSYoungGen: 426038K->184180K(465920K)] 1134820K->948899K(1816576K), 0.0605242 secs] [Times: user=0.30 sys=0.00, real=0.06 secs] 
3308.876: [GC (Allocation Failure) [PSYoungGen: 417140K->126255K(465920K)] 1181859K->960533K(1816576K), 0.0484281 secs] [Times: user=0.23 sys=0.01, real=0.05 secs] 
3310.211: [GC (Allocation Failure) [PSYoungGen: 357880K->141777K(465920K)] 1192158K->1016015K(1816576K), 0.0956289 secs] [Times: user=0.51 sys=0.00, real=0.09 secs] 
3310.432: [GC (Allocation Failure) [PSYoungGen: 374737K->180405K(465920K)] 1248975K->1100364K(1816576K), 0.0399940 secs] [Times: user=0.18 sys=0.00, real=0.04 secs] 
3310.583: [GC (Allocation Failure) [PSYoungGen: 413365K->185751K(465920K)] 1333324K->1168590K(1816576K), 0.0497976 secs] [Times: user=0.23 sys=0.00, real=0.05 secs] 
3310.764: [GC (Allocation Failure) [PSYoungGen: 418711K->186805K(465920K)] 1401550K->1228484K(1816576K), 0.0758704 secs] [Times: user=0.39 sys=0.00, real=0.08 secs] 
3311.852: [GC (Allocation Failure) [PSYoungGen: 419765K->90634K(465920K)] 1461444K->1202730K(1816576K), 0.0522561 secs] [Times: user=0.27 sys=0.01, real=0.05 secs] 
3312.112: [GC (Allocation Failure) [PSYoungGen: 323594K->179189K(465920K)] 1435690K->1320541K(1816576K), 0.0435931 secs] [Times: user=0.19 sys=0.01, real=0.04 secs] 
3312.316: [GC (Allocation Failure) [PSYoungGen: 412149K->185558K(465920K)] 1553501K->1383330K(1816576K), 0.0638037 secs] [Times: user=0.31 sys=0.00, real=0.07 secs] 
3312.493: [GC (Allocation Failure) [PSYoungGen: 418518K->187765K(465920K)] 1616290K->1441681K(1816576K), 0.0559758 secs] [Times: user=0.22 sys=0.05, real=0.06 secs] 
3313.526: [GC (Allocation Failure) [PSYoungGen: 420725K->123439K(465920K)] 1674641K->1448051K(1816576K), 0.0548418 secs] [Times: user=0.27 sys=0.01, real=0.06 secs] 
3313.581: [Full GC (Ergonomics) [PSYoungGen: 123439K->0K(465920K)] [ParOldGen: 1324612K->338357K(1398272K)] 1448051K->338357K(1864192K), [Metaspace: 60029K->60029K(1105920K)], 0.5706099 secs] [Times: user=2.48 sys=0.00, real=0.57 secs] 
3315.108: [GC (Allocation Failure) [PSYoungGen: 232960K->148305K(465920K)] 571317K->486662K(1864192K), 0.0359303 secs] [Times: user=0.14 sys=0.00, real=0.03 secs] 
3315.372: [GC (GCLocker Initiated GC) [PSYoungGen: 381265K->181205K(465920K)] 719624K->564973K(1864192K), 0.0527793 secs] [Times: user=0.25 sys=0.00, real=0.05 secs] 
3315.580: [GC (Allocation Failure) [PSYoungGen: 414165K->185271K(465920K)] 798100K->632633K(1864192K), 0.0722590 secs] [Times: user=0.36 sys=0.00, real=0.07 secs] 
3315.767: [GC (Allocation Failure) [PSYoungGen: 418231K->187765K(465920K)] 865593K->693824K(1864192K), 0.0568921 secs] [Times: user=0.28 sys=0.00, real=0.06 secs] 
3318.401: [GC (Allocation Failure) [PSYoungGen: 420725K->89866K(465920K)] 926784K->666633K(1864192K), 0.1224609 secs] [Times: user=0.69 sys=0.00, real=0.12 secs] 
3319.186: [GC (Allocation Failure) [PSYoungGen: 322826K->176597K(465920K)] 899593K->783057K(1864192K), 0.0411719 secs] [Times: user=0.17 sys=0.00, real=0.05 secs] 
3319.353: [GC (Allocation Failure) [PSYoungGen: 409557K->185430K(465920K)] 1016017K->846297K(1864192K), 0.0435665 secs] [Times: user=0.20 sys=0.00, real=0.04 secs] 
3319.503: [GC (Allocation Failure) [PSYoungGen: 418390K->184725K(465920K)] 1079257K->901912K(1864192K), 0.0458350 secs] [Times: user=0.22 sys=0.00, real=0.05 secs] 
3320.471: [GC (Allocation Failure) [PSYoungGen: 417685K->128976K(465920K)] 1134872K->915639K(1864192K), 0.0480758 secs] [Times: user=0.24 sys=0.00, real=0.05 secs] 
3320.673: [GC (GCLocker Initiated GC) [PSYoungGen: 361936K->149809K(465920K)] 1148601K->977347K(1864192K), 0.0590044 secs] [Times: user=0.30 sys=0.00, real=0.06 secs] 
3320.844: [GC (Allocation Failure) [PSYoungGen: 382769K->192245K(465920K)] 1210601K->1067234K(1864192K), 0.0479392 secs] [Times: user=0.21 sys=0.01, real=0.05 secs] 
3321.016: [GC (Allocation Failure) [PSYoungGen: 425205K->181910K(465920K)] 1300194K->1121351K(1864192K), 0.0636653 secs] [Times: user=0.31 sys=0.00, real=0.07 secs] 
3321.192: [GC (Allocation Failure) [PSYoungGen: 414870K->184821K(465920K)] 1354311K->1182013K(1864192K), 0.0563847 secs] [Times: user=0.27 sys=0.00, real=0.06 secs] 
3322.502: [GC (Allocation Failure) [PSYoungGen: 417781K->102220K(465920K)] 1414973K->1169173K(1864192K), 0.0923610 secs] [Times: user=0.50 sys=0.00, real=0.09 secs] 
3322.899: [GC (Allocation Failure) [PSYoungGen: 335180K->176149K(465920K)] 1402133K->1276542K(1864192K), 0.0358600 secs] [Times: user=0.15 sys=0.00, real=0.03 secs] 
3323.090: [GC (Allocation Failure) [PSYoungGen: 409109K->185142K(465920K)] 1509502K->1340543K(1864192K), 0.0684925 secs] [Times: user=0.33 sys=0.00, real=0.07 secs] 
3323.635: [GC (GCLocker Initiated GC) [PSYoungGen: 418102K->184853K(465920K)] 1573504K->1396343K(1864192K), 0.0960402 secs] [Times: user=0.48 sys=0.00, real=0.10 secs] 
3325.226: [GC (Allocation Failure) [PSYoungGen: 417813K->115886K(465920K)] 1629305K->1397106K(1864192K), 0.0474159 secs] [Times: user=0.24 sys=0.00, real=0.05 secs] 
3326.245: [GC (Allocation Failure) [PSYoungGen: 348788K->155442K(465920K)] 1630008K->1473375K(1864192K), 0.0837114 secs] [Times: user=0.43 sys=0.00, real=0.09 secs] 
3326.329: [Full GC (Ergonomics) [PSYoungGen: 155442K->0K(465920K)] [ParOldGen: 1317932K->172739K(1315840K)] 1473375K->172739K(1781760K), [Metaspace: 60032K->60032K(1105920K)], 0.1746737 secs] [Times: user=0.81 sys=0.00, real=0.17 secs] 
3326.612: [GC (Allocation Failure) [PSYoungGen: 232960K->179957K(465920K)] 405699K->352696K(1781760K), 0.0335284 secs] [Times: user=0.14 sys=0.01, real=0.03 secs] 
3326.784: [GC (Allocation Failure) [PSYoungGen: 412917K->186039K(465920K)] 585656K->430402K(1781760K), 0.0438893 secs] [Times: user=0.20 sys=0.00, real=0.05 secs] 
3326.967: [GC (GCLocker Initiated GC) [PSYoungGen: 418999K->187317K(465920K)] 663363K->490769K(1781760K), 0.0869434 secs] [Times: user=0.44 sys=0.00, real=0.08 secs] 
3328.014: [GC (Allocation Failure) [PSYoungGen: 420277K->95755K(465920K)] 723732K->469826K(1781760K), 0.0416848 secs] [Times: user=0.21 sys=0.00, real=0.04 secs] 
3328.208: [GC (Allocation Failure) [PSYoungGen: 328715K->181366K(465920K)] 702786K->588781K(1781760K), 0.0448857 secs] [Times: user=0.18 sys=0.00, real=0.04 secs] 
3328.399: [GC (Allocation Failure) [PSYoungGen: 414326K->178005K(465920K)] 821741K->642512K(1781760K), 0.0420034 secs] [Times: user=0.18 sys=0.01, real=0.04 secs] 
3328.626: [GC (Allocation Failure) [PSYoungGen: 410965K->186933K(465920K)] 875472K->705224K(1781760K), 0.0641572 secs] [Times: user=0.32 sys=0.00, real=0.07 secs] 
3329.699: [GC (Allocation Failure) [PSYoungGen: 419893K->116862K(465920K)] 938184K->705585K(1781760K), 0.0471190 secs] [Times: user=0.24 sys=0.00, real=0.04 secs] 
3330.210: [GC (Allocation Failure) [PSYoungGen: 349822K->161395K(465920K)] 938545K->788094K(1781760K), 0.0761955 secs] [Times: user=0.39 sys=0.00, real=0.07 secs] 
3330.460: [GC (Allocation Failure) [PSYoungGen: 394355K->182613K(465920K)] 1021054K->859433K(1781760K), 0.0582210 secs] [Times: user=0.27 sys=0.00, real=0.06 secs] 
3330.694: [GC (Allocation Failure) [PSYoungGen: 415573K->185751K(465920K)] 1092393K->926354K(1781760K), 0.0754046 secs] [Times: user=0.37 sys=0.01, real=0.08 secs] 
3331.358: [GC (Allocation Failure) [PSYoungGen: 418711K->180980K(465920K)] 1159314K->980687K(1781760K), 0.1388554 secs] [Times: user=0.73 sys=0.00, real=0.14 secs] 
3333.565: [GC (Allocation Failure) [PSYoungGen: 413940K->96203K(465920K)] 1213647K->964270K(1781760K), 0.1194164 secs] [Times: user=0.66 sys=0.00, real=0.12 secs] 
3333.894: [GC (Allocation Failure) [PSYoungGen: 329163K->181206K(465920K)] 1197230K->1080426K(1781760K), 0.0359044 secs] [Times: user=0.15 sys=0.00, real=0.04 secs] 
3334.040: [GC (Allocation Failure) [PSYoungGen: 414166K->185686K(465920K)] 1313386K->1141362K(1781760K), 0.0467298 secs] [Times: user=0.21 sys=0.00, real=0.04 secs] 
3334.193: [GC (Allocation Failure) [PSYoungGen: 418646K->187381K(465920K)] 1374322K->1199353K(1781760K), 0.0487124 secs] [Times: user=0.23 sys=0.00, real=0.05 secs] 
3335.237: [GC (Allocation Failure) [PSYoungGen: 420341K->104940K(465920K)] 1432313K->1187585K(1781760K), 0.0482613 secs] [Times: user=0.25 sys=0.00, real=0.04 secs] 
3335.443: [GC (Allocation Failure) [PSYoungGen: 337900K->167188K(465920K)] 1420545K->1284572K(1781760K), 0.0551372 secs] [Times: user=0.27 sys=0.00, real=0.06 secs] 
3335.605: [GC (Allocation Failure) [PSYoungGen: 400148K->181525K(465920K)] 1517532K->1351358K(1781760K), 0.0433996 secs] [Times: user=0.20 sys=0.00, real=0.05 secs] 
3335.759: [GC (Allocation Failure) [PSYoungGen: 414485K->185879K(465920K)] 1584318K->1419139K(1781760K), 0.0517605 secs] [Times: user=0.24 sys=0.01, real=0.05 secs] 
3335.811: [Full GC (Ergonomics) [PSYoungGen: 185879K->0K(465920K)] [ParOldGen: 1233260K->318657K(1398272K)] 1419139K->318657K(1864192K), [Metaspace: 60063K->60063K(1105920K)], 0.4637854 secs] [Times: user=2.17 sys=0.00, real=0.46 secs] 
3336.379: [GC (Allocation Failure) [PSYoungGen: 232960K->183444K(465920K)] 551617K->502102K(1864192K), 0.0293695 secs] [Times: user=0.11 sys=0.00, real=0.03 secs] 
3337.464: [GC (Allocation Failure) [PSYoungGen: 416404K->94859K(465920K)] 735062K->482900K(1864192K), 0.0539998 secs] [Times: user=0.28 sys=0.00, real=0.06 secs] 
3337.663: [GC (Allocation Failure) [PSYoungGen: 327819K->181046K(465920K)] 715860K->600011K(1864192K), 0.0342324 secs] [Times: user=0.14 sys=0.00, real=0.03 secs] 
3337.806: [GC (Allocation Failure) [PSYoungGen: 414006K->185174K(465920K)] 832971K->660651K(1864192K), 0.0434803 secs] [Times: user=0.19 sys=0.00, real=0.05 secs] 
3338.378: [GC (Allocation Failure) [PSYoungGen: 418134K->183636K(465920K)] 893611K->715258K(1864192K), 0.1268817 secs] [Times: user=0.66 sys=0.00, real=0.12 secs] 
3340.299: [GC (Allocation Failure) [PSYoungGen: 416596K->104460K(465920K)] 948218K->705426K(1864192K), 0.0448396 secs] [Times: user=0.23 sys=0.00, real=0.04 secs] 
3341.001: [GC (Allocation Failure) [PSYoungGen: 337420K->169524K(465920K)] 938386K->803887K(1864192K), 0.0711499 secs] [Times: user=0.35 sys=0.00, real=0.07 secs] 
3341.199: [GC (Allocation Failure) [PSYoungGen: 402484K->185462K(465920K)] 1036847K->873084K(1864192K), 0.0438181 secs] [Times: user=0.19 sys=0.00, real=0.04 secs] 
3341.353: [GC (Allocation Failure) [PSYoungGen: 418422K->183414K(465920K)] 1106044K->935293K(1864192K), 0.0508814 secs] [Times: user=0.24 sys=0.00, real=0.05 secs] 
3341.555: [GC (Allocation Failure) [PSYoungGen: 416374K->187381K(465920K)] 1168253K->997836K(1864192K), 0.0788570 secs] [Times: user=0.40 sys=0.00, real=0.08 secs] 
3342.769: [GC (GCLocker Initiated GC) [PSYoungGen: 420341K->94091K(465920K)] 1230796K->975130K(1864192K), 0.0734483 secs] [Times: user=0.40 sys=0.00, real=0.07 secs] 
3343.036: [GC (Allocation Failure) [PSYoungGen: 327051K->180534K(465920K)] 1208092K->1092180K(1864192K), 0.0395212 secs] [Times: user=0.16 sys=0.01, real=0.04 secs] 
3343.212: [GC (Allocation Failure) [PSYoungGen: 413494K->185494K(465920K)] 1325140K->1153065K(1864192K), 0.0582255 secs] [Times: user=0.28 sys=0.00, real=0.06 secs] 
3343.427: [GC (Allocation Failure) [PSYoungGen: 418454K->184212K(465920K)] 1386025K->1207999K(1864192K), 0.0605777 secs] [Times: user=0.29 sys=0.00, real=0.07 secs] 
3344.474: [GC (Allocation Failure) [PSYoungGen: 417172K->103452K(465920K)] 1440959K->1196859K(1864192K), 0.0484070 secs] [Times: user=0.25 sys=0.00, real=0.05 secs] 
3344.764: [GC (Allocation Failure) [PSYoungGen: 336412K->170516K(465920K)] 1429819K->1297472K(1864192K), 0.0759379 secs] [Times: user=0.37 sys=0.01, real=0.08 secs] 
3344.973: [GC (GCLocker Initiated GC) [PSYoungGen: 403476K->184214K(465920K)] 1530434K->1364219K(1864192K), 0.0452186 secs] [Times: user=0.20 sys=0.00, real=0.05 secs] 
3345.155: [GC (Allocation Failure) [PSYoungGen: 417174K->183382K(465920K)] 1597180K->1427541K(1864192K), 0.0680996 secs] [Times: user=0.29 sys=0.00, real=0.07 secs] 
3347.174: [GC (Allocation Failure) [PSYoungGen: 416342K->198420K(465920K)] 1660501K->1500610K(1864192K), 0.0916663 secs] [Times: user=0.47 sys=0.00, real=0.09 secs] 
3349.766: [GC (Allocation Failure) [PSYoungGen: 431380K->88586K(465920K)] 1733570K->1459568K(1864192K), 0.1251579 secs] [Times: user=0.59 sys=0.11, real=0.13 secs] 
3349.891: [Full GC (Ergonomics) [PSYoungGen: 88586K->0K(465920K)] [ParOldGen: 1370982K->106713K(1310720K)] 1459568K->106713K(1776640K), [Metaspace: 60086K->60086K(1105920K)], 0.1671479 secs] [Times: user=0.73 sys=0.00, real=0.17 secs] 
3350.260: [GC (Allocation Failure) [PSYoungGen: 232960K->184022K(465920K)] 339673K->290735K(1776640K), 0.0256194 secs] [Times: user=0.09 sys=0.00, real=0.02 secs] 
3350.396: [GC (Allocation Failure) [PSYoungGen: 416982K->185686K(465920K)] 523695K->349519K(1776640K), 0.0411986 secs] [Times: user=0.18 sys=0.00, real=0.04 secs] 
3350.545: [GC (Allocation Failure) [PSYoungGen: 418646K->187765K(465920K)] 582479K->407918K(1776640K), 0.0447188 secs] [Times: user=0.20 sys=0.01, real=0.05 secs] 
3351.557: [GC (Allocation Failure) [PSYoungGen: 420725K->100252K(465920K)] 640878K->391297K(1776640K), 0.0440745 secs] [Times: user=0.23 sys=0.00, real=0.04 secs] 
3351.833: [GC (Allocation Failure) [PSYoungGen: 333212K->169972K(465920K)] 624257K->493382K(1776640K), 0.0500292 secs] [Times: user=0.23 sys=0.01, real=0.05 secs] 
3352.018: [GC (Allocation Failure) [PSYoungGen: 402932K->184854K(465920K)] 726342K->561784K(1776640K), 0.0458567 secs] [Times: user=0.21 sys=0.00, real=0.04 secs] 
3352.172: [GC (Allocation Failure) [PSYoungGen: 417814K->186327K(465920K)] 794744K->635889K(1776640K), 0.0496767 secs] [Times: user=0.23 sys=0.00, real=0.05 secs] 
3352.722: [GC (Allocation Failure) [PSYoungGen: 419287K->220116K(465920K)] 868849K->728787K(1776640K), 0.0531950 secs] [Times: user=0.26 sys=0.00, real=0.05 secs] 
3353.948: [GC (Allocation Failure) [PSYoungGen: 453076K->97147K(465920K)] 961747K->673614K(1776640K), 0.0901194 secs] [Times: user=0.49 sys=0.00, real=0.09 secs] 
3354.215: [GC (Allocation Failure) [PSYoungGen: 330107K->183030K(465920K)] 906574K->790800K(1776640K), 0.0344874 secs] [Times: user=0.14 sys=0.00, real=0.04 secs] 
3354.358: [GC (Allocation Failure) [PSYoungGen: 415990K->185558K(465920K)] 1023760K->849984K(1776640K), 0.0437901 secs] [Times: user=0.20 sys=0.00, real=0.04 secs] 
3355.313: [GC (Allocation Failure) [PSYoungGen: 418518K->182260K(465920K)] 1082944K->902910K(1776640K), 0.0741334 secs] [Times: user=0.37 sys=0.00, real=0.07 secs] 
3356.380: [GC (Allocation Failure) [PSYoungGen: 415220K->103756K(465920K)] 1135870K->893246K(1776640K), 0.0516373 secs] [Times: user=0.27 sys=0.00, real=0.05 secs] 
3357.254: [GC (Allocation Failure) [PSYoungGen: 336716K->174261K(465920K)] 1126206K->997480K(1776640K), 0.0606569 secs] [Times: user=0.29 sys=0.00, real=0.06 secs] 
3357.449: [GC (Allocation Failure) [PSYoungGen: 407221K->185334K(465920K)] 1230440K->1062997K(1776640K), 0.0437029 secs] [Times: user=0.20 sys=0.00, real=0.04 secs] 
3357.624: [GC (Allocation Failure) [PSYoungGen: 416741K->183959K(465920K)] 1294404K->1126118K(1776640K), 0.0559274 secs] [Times: user=0.27 sys=0.00, real=0.06 secs] 
3358.547: [GC (Allocation Failure) [PSYoungGen: 416919K->169555K(465920K)] 1359078K->1170162K(1776640K), 0.0592362 secs] [Times: user=0.30 sys=0.00, real=0.06 secs] 
3359.221: [GC (GCLocker Initiated GC) [PSYoungGen: 402515K->104076K(465920K)] 1403122K->1169444K(1776640K), 0.0940809 secs] [Times: user=0.49 sys=0.02, real=0.09 secs] 
3359.523: [GC (Allocation Failure) [PSYoungGen: 337036K->178454K(465920K)] 1410598K->1286213K(1776640K), 0.1385213 secs] [Times: user=0.76 sys=0.00, real=0.14 secs] 
3359.806: [GC (Allocation Failure) [PSYoungGen: 411414K->181942K(465920K)] 1519173K->1346518K(1776640K), 0.1594457 secs] [Times: user=0.88 sys=0.01, real=0.16 secs] 
3360.071: [GC (Allocation Failure) [PSYoungGen: 414902K->187253K(465920K)] 1579478K->1409533K(1776640K), 0.1377151 secs] [Times: user=0.76 sys=0.00, real=0.14 secs] 
3361.437: [GC (Allocation Failure) [PSYoungGen: 420213K->94843K(465920K)] 1642493K->1387767K(1776640K), 0.1140046 secs] [Times: user=0.64 sys=0.01, real=0.12 secs] 
3361.551: [Full GC (Ergonomics) [PSYoungGen: 94843K->0K(465920K)] [ParOldGen: 1292923K->91366K(1310208K)] 1387767K->91366K(1776128K), [Metaspace: 60087K->60087K(1105920K)], 0.0493989 secs] [Times: user=0.17 sys=0.00, real=0.05 secs] 
3362.018: [GC (Allocation Failure) [PSYoungGen: 232960K->173365K(465920K)] 324326K->264731K(1776128K), 0.0295932 secs] [Times: user=0.11 sys=0.00, real=0.03 secs] 
3362.164: [GC (Allocation Failure) [PSYoungGen: 406325K->185622K(465920K)] 497691K->331192K(1776128K), 0.0423975 secs] [Times: user=0.19 sys=0.00, real=0.04 secs] 
3362.456: [GC (Allocation Failure) [PSYoungGen: 415384K->179510K(465920K)] 560955K->389585K(1776128K), 0.0644874 secs] [Times: user=0.32 sys=0.00, real=0.07 secs] 
3363.924: [GC (Allocation Failure) [PSYoungGen: 412470K->168947K(465920K)] 622545K->435837K(1776128K), 0.0563304 secs] [Times: user=0.28 sys=0.00, real=0.06 secs] 
3364.910: [GC (Allocation Failure) [PSYoungGen: 401907K->112125K(465920K)] 668797K->443608K(1776128K), 0.0903837 secs] [Times: user=0.48 sys=0.00, real=0.09 secs] 
3365.206: [GC (Allocation Failure) [PSYoungGen: 345085K->180117K(465920K)] 676568K->547345K(1776128K), 0.0421880 secs] [Times: user=0.19 sys=0.00, real=0.05 secs] 
3365.391: [GC (Allocation Failure) [PSYoungGen: 413077K->182934K(465920K)] 780305K->612826K(1776128K), 0.0729948 secs] [Times: user=0.36 sys=0.00, real=0.07 secs] 
3365.595: [GC (Allocation Failure) [PSYoungGen: 415894K->187285K(465920K)] 845786K->675601K(1776128K), 0.0580489 secs] [Times: user=0.29 sys=0.00, real=0.06 secs] 
3366.678: [GC (Allocation Failure) [PSYoungGen: 420245K->97691K(465920K)] 908561K->656679K(1776128K), 0.0467883 secs] [Times: user=0.25 sys=0.00, real=0.04 secs] 
3367.038: [GC (Allocation Failure) [PSYoungGen: 330651K->175829K(465920K)] 889639K->766370K(1776128K), 0.0372235 secs] [Times: user=0.16 sys=0.01, real=0.03 secs] 
3367.183: [GC (Allocation Failure) [PSYoungGen: 408789K->185750K(465920K)] 999330K->831823K(1776128K), 0.0441996 secs] [Times: user=0.20 sys=0.00, real=0.05 secs] 
3367.347: [GC (Allocation Failure) [PSYoungGen: 418710K->188085K(465920K)] 1064783K->890286K(1776128K), 0.0514615 secs] [Times: user=0.25 sys=0.00, real=0.05 secs] 
3368.476: [GC (Allocation Failure) [PSYoungGen: 421045K->151026K(465920K)] 1123246K->923967K(1776128K), 0.0523664 secs] [Times: user=0.26 sys=0.00, real=0.06 secs] 
3368.832: [GC (Allocation Failure) [PSYoungGen: 383986K->122558K(465920K)] 1156927K->943531K(1776128K), 0.0956517 secs] [Times: user=0.53 sys=0.00, real=0.10 secs] 
3369.054: [GC (Allocation Failure) [PSYoungGen: 355518K->178741K(465920K)] 1176491K->1038923K(1776128K), 0.0413170 secs] [Times: user=0.18 sys=0.00, real=0.04 secs] 
3369.209: [GC (Allocation Failure) [PSYoungGen: 411574K->184855K(465920K)] 1271756K->1107625K(1776128K), 0.0497580 secs] [Times: user=0.23 sys=0.00, real=0.05 secs] 
3369.391: [GC (Allocation Failure) [PSYoungGen: 417815K->185493K(465920K)] 1340585K->1166983K(1776128K), 0.0785748 secs] [Times: user=0.41 sys=0.00, real=0.08 secs] 
3371.625: [GC (Allocation Failure) [PSYoungGen: 418453K->97515K(465920K)] 1399943K->1148965K(1776128K), 0.1007176 secs] [Times: user=0.55 sys=0.00, real=0.10 secs] 
3372.058: [GC (Allocation Failure) [PSYoungGen: 330475K->179925K(465920K)] 1381925K->1263476K(1776128K), 0.0432719 secs] [Times: user=0.19 sys=0.00, real=0.04 secs] 
3372.218: [GC (GCLocker Initiated GC) [PSYoungGen: 412885K->182933K(465920K)] 1496437K->1322300K(1776128K), 0.0469897 secs] [Times: user=0.22 sys=0.00, real=0.04 secs] 
3372.392: [GC (Allocation Failure) [PSYoungGen: 415893K->184917K(465920K)] 1555391K->1379926K(1776128K), 0.0628933 secs] [Times: user=0.31 sys=0.00, real=0.06 secs] 
3373.410: [GC (Allocation Failure) [PSYoungGen: 417877K->145330K(465920K)] 1612886K->1409980K(1776128K), 0.0536704 secs] [Times: user=0.27 sys=0.00, real=0.05 secs] 
3373.464: [Full GC (Ergonomics) [PSYoungGen: 145330K->0K(465920K)] [ParOldGen: 1264649K->353651K(1398272K)] 1409980K->353651K(1864192K), [Metaspace: 60091K->60091K(1105920K)], 0.5763115 secs] [Times: user=2.52 sys=0.00, real=0.58 secs] 
3374.736: [GC (GCLocker Initiated GC) [PSYoungGen: 232960K->125807K(465920K)] 586611K->479458K(1864192K), 0.0344882 secs] [Times: user=0.13 sys=0.00, real=0.04 secs] 
3375.008: [GC (Allocation Failure) [PSYoungGen: 358767K->180149K(465920K)] 712425K->574628K(1864192K), 0.0379076 secs] [Times: user=0.16 sys=0.00, real=0.03 secs] 
3375.178: [GC (Allocation Failure) [PSYoungGen: 413109K->186135K(465920K)] 807588K->643334K(1864192K), 0.0581089 secs] [Times: user=0.28 sys=0.00, real=0.05 secs] 
3375.355: [GC (Allocation Failure) [PSYoungGen: 419095K->187637K(465920K)] 876294K->703876K(1864192K), 0.0562191 secs] [Times: user=0.28 sys=0.00, real=0.06 secs] 
3376.373: [GC (Allocation Failure) [PSYoungGen: 420597K->93227K(465920K)] 936836K->680250K(1864192K), 0.0578324 secs] [Times: user=0.31 sys=0.01, real=0.06 secs] 
3376.714: [GC (Allocation Failure) [PSYoungGen: 326187K->175317K(465920K)] 913210K->792449K(1864192K), 0.0413633 secs] [Times: user=0.17 sys=0.00, real=0.04 secs] 
3376.875: [GC (Allocation Failure) [PSYoungGen: 408277K->185846K(465920K)] 1025409K->857966K(1864192K), 0.0427134 secs] [Times: user=0.19 sys=0.00, real=0.05 secs] 
3377.020: [GC (Allocation Failure) [PSYoungGen: 418806K->187957K(465920K)] 1090926K->916221K(1864192K), 0.0455681 secs] [Times: user=0.21 sys=0.00, real=0.04 secs] 
3377.995: [GC (Allocation Failure) [PSYoungGen: 420917K->139217K(465920K)] 1149181K->938285K(1864192K), 0.0498914 secs] [Times: user=0.25 sys=0.00, real=0.05 secs] 
3378.727: [GC (GCLocker Initiated GC) [PSYoungGen: 372177K->135312K(465920K)] 1171246K->978453K(1864192K), 0.0707955 secs] [Times: user=0.37 sys=0.01, real=0.08 secs] 
3379.144: [GC (Allocation Failure) [PSYoungGen: 368272K->179413K(465920K)] 1211415K->1066184K(1864192K), 0.0606753 secs] [Times: user=0.28 sys=0.00, real=0.06 secs] 
3379.345: [GC (Allocation Failure) [PSYoungGen: 412373K->184470K(465920K)] 1299144K->1133818K(1864192K), 0.0511219 secs] [Times: user=0.23 sys=0.00, real=0.05 secs] 
3381.065: [GC (Allocation Failure) [PSYoungGen: 417430K->179892K(465920K)] 1366778K->1187639K(1864192K), 0.1302867 secs] [Times: user=0.70 sys=0.00, real=0.13 secs] 
3382.386: [GC (Allocation Failure) [PSYoungGen: 412852K->97707K(465920K)] 1420599K->1173566K(1864192K), 0.0786780 secs] [Times: user=0.42 sys=0.00, real=0.08 secs] 
3383.038: [GC (GCLocker Initiated GC) [PSYoungGen: 330667K->170868K(465920K)] 1406527K->1278906K(1864192K), 0.0458773 secs] [Times: user=0.19 sys=0.01, real=0.04 secs] 
3383.207: [GC (Allocation Failure) [PSYoungGen: 403828K->185462K(465920K)] 1512032K->1346530K(1864192K), 0.0437786 secs] [Times: user=0.20 sys=0.00, real=0.04 secs] 
3383.354: [GC (Allocation Failure) [PSYoungGen: 418422K->188053K(465920K)] 1579490K->1405153K(1864192K), 0.0469491 secs] [Times: user=0.22 sys=0.00, real=0.05 secs] 
3384.340: [GC (Allocation Failure) [PSYoungGen: 421013K->141937K(465920K)] 1638113K->1429753K(1864192K), 0.0510995 secs] [Times: user=0.25 sys=0.00, real=0.05 secs] 
3385.124: [GC (Allocation Failure) [PSYoungGen: 374897K->131839K(465920K)] 1662713K->1464556K(1864192K), 0.1081324 secs] [Times: user=0.59 sys=0.01, real=0.11 secs] 
3385.233: [Full GC (Ergonomics) [PSYoungGen: 131839K->0K(465920K)] [ParOldGen: 1332716K->149060K(1398272K)] 1464556K->149060K(1864192K), [Metaspace: 60096K->60096K(1105920K)], 0.1474903 secs] [Times: user=0.65 sys=0.00, real=0.15 secs] 
3385.602: [GC (Allocation Failure) [PSYoungGen: 232960K->180117K(465920K)] 382020K->329178K(1864192K), 0.0321989 secs] [Times: user=0.13 sys=0.00, real=0.03 secs] 
3386.109: [GC (GCLocker Initiated GC) [PSYoungGen: 413077K->183574K(465920K)] 562138K->395379K(1864192K), 0.0736646 secs] [Times: user=0.35 sys=0.00, real=0.07 secs] 
3386.968: [GC (Allocation Failure) [PSYoungGen: 416534K->181204K(465920K)] 628341K->451195K(1864192K), 0.1128126 secs] [Times: user=0.60 sys=0.00, real=0.11 secs] 
3388.564: [GC (Allocation Failure) [PSYoungGen: 414164K->99724K(465920K)] 684155K->438531K(1864192K), 0.1145752 secs] [Times: user=0.63 sys=0.00, real=0.12 secs] 
3389.138: [GC (Allocation Failure) [PSYoungGen: 332684K->173493K(465920K)] 671491K->544392K(1864192K), 0.0403677 secs] [Times: user=0.17 sys=0.00, real=0.04 secs] 
3389.291: [GC (Allocation Failure) [PSYoungGen: 406453K->185558K(465920K)] 777352K->611118K(1864192K), 0.0420763 secs] [Times: user=0.18 sys=0.00, real=0.04 secs] 
3389.439: [GC (Allocation Failure) [PSYoungGen: 418518K->187893K(465920K)] 844078K->669637K(1864192K), 0.0446725 secs] [Times: user=0.21 sys=0.00, real=0.04 secs] 
3390.494: [GC (Allocation Failure) [PSYoungGen: 420853K->138673K(465920K)] 902597K->691329K(1864192K), 0.0492902 secs] [Times: user=0.25 sys=0.00, real=0.05 secs] 
3391.158: [GC (Allocation Failure) [PSYoungGen: 371633K->135248K(465920K)] 924289K->731824K(1864192K), 0.1367597 secs] [Times: user=0.76 sys=0.00, real=0.13 secs] 
3391.438: [GC (Allocation Failure) [PSYoungGen: 368208K->175956K(465920K)] 964784K->816541K(1864192K), 0.0386077 secs] [Times: user=0.16 sys=0.01, real=0.03 secs] 
3391.617: [GC (Allocation Failure) [PSYoungGen: 408916K->185047K(465920K)] 1049501K->886800K(1864192K), 0.0691430 secs] [Times: user=0.34 sys=0.00, real=0.07 secs] 
3391.822: [GC (Allocation Failure) [PSYoungGen: 418007K->187797K(465920K)] 1119760K->948278K(1864192K), 0.0579161 secs] [Times: user=0.29 sys=0.00, real=0.06 secs] 
3393.290: [GC (Allocation Failure) [PSYoungGen: 420757K->92587K(465920K)] 1181238K->923828K(1864192K), 0.1046516 secs] [Times: user=0.56 sys=0.00, real=0.10 secs] 
3393.709: [GC (Allocation Failure) [PSYoungGen: 325547K->178837K(465920K)] 1156788K->1040390K(1864192K), 0.0426963 secs] [Times: user=0.18 sys=0.00, real=0.04 secs] 
3393.910: [GC (Allocation Failure) [PSYoungGen: 411797K->185334K(465920K)] 1273350K->1102690K(1864192K), 0.0634666 secs] [Times: user=0.31 sys=0.00, real=0.06 secs] 
3394.625: [GC (Allocation Failure) [PSYoungGen: 418294K->187701K(465920K)] 1335650K->1161274K(1864192K), 0.0668611 secs] [Times: user=0.33 sys=0.00, real=0.07 secs] 
3396.161: [GC (Allocation Failure) [PSYoungGen: 420661K->133488K(465920K)] 1394234K->1177781K(1864192K), 0.0506601 secs] [Times: user=0.26 sys=0.00, real=0.05 secs] 
3396.968: [GC (Allocation Failure) [PSYoungGen: 366448K->141297K(465920K)] 1410741K->1227998K(1864192K), 0.1136579 secs] [Times: user=0.62 sys=0.00, real=0.11 secs] 
3397.222: [GC (Allocation Failure) [PSYoungGen: 374257K->180245K(465920K)] 1460958K->1312051K(1864192K), 0.0398429 secs] [Times: user=0.18 sys=0.00, real=0.04 secs] 
3397.392: [GC (Allocation Failure) [PSYoungGen: 413205K->182742K(465920K)] 1545011K->1377336K(1864192K), 0.0597451 secs] [Times: user=0.29 sys=0.00, real=0.06 secs] 
3397.565: [GC (Allocation Failure) [PSYoungGen: 415702K->187765K(465920K)] 1610296K->1440555K(1864192K), 0.0574939 secs] [Times: user=0.29 sys=0.00, real=0.06 secs] 
3398.661: [GC (Allocation Failure) [PSYoungGen: 420725K->93819K(465920K)] 1673515K->1417433K(1864192K), 0.0443411 secs] [Times: user=0.22 sys=0.01, real=0.04 secs] 
3398.706: [Full GC (Ergonomics) [PSYoungGen: 93819K->0K(465920K)] [ParOldGen: 1323613K->100172K(1366016K)] 1417433K->100172K(1831936K), [Metaspace: 60100K->60100K(1105920K)], 0.0705858 secs] [Times: user=0.28 sys=0.00, real=0.07 secs] 
3399.031: [GC (Allocation Failure) [PSYoungGen: 232960K->179349K(465920K)] 333132K->279522K(1831936K), 0.0318810 secs] [Times: user=0.12 sys=0.00, real=0.03 secs] 
3399.185: [GC (Allocation Failure) [PSYoungGen: 412309K->185590K(465920K)] 512482K->342442K(1831936K), 0.0431715 secs] [Times: user=0.19 sys=0.00, real=0.05 secs] 
3399.332: [GC (Allocation Failure) [PSYoungGen: 418550K->187829K(465920K)] 575402K->400986K(1831936K), 0.0453723 secs] [Times: user=0.21 sys=0.00, real=0.05 secs] 
3400.374: [GC (Allocation Failure) [PSYoungGen: 420789K->123919K(465920K)] 633946K->407924K(1831936K), 0.0469356 secs] [Times: user=0.23 sys=0.00, real=0.05 secs] 
3400.769: [GC (Allocation Failure) [PSYoungGen: 356879K->144513K(465920K)] 640884K->467766K(1831936K), 0.1001354 secs] [Times: user=0.54 sys=0.01, real=0.10 secs] 
3401.047: [GC (Allocation Failure) [PSYoungGen: 377473K->184310K(465920K)] 700726K->552977K(1831936K), 0.0400059 secs] [Times: user=0.18 sys=0.00, real=0.04 secs] 
3401.203: [GC (Allocation Failure) [PSYoungGen: 417270K->185687K(465920K)] 785937K->618546K(1831936K), 0.0499640 secs] [Times: user=0.23 sys=0.00, real=0.05 secs] 
3401.741: [GC (Allocation Failure) [PSYoungGen: 418647K->180340K(465920K)] 851506K->672063K(1831936K), 0.1103622 secs] [Times: user=0.58 sys=0.00, real=0.11 secs] 
3403.511: [GC (Allocation Failure) [PSYoungGen: 413300K->97691K(465920K)] 905023K->657871K(1831936K), 0.1079330 secs] [Times: user=0.59 sys=0.00, real=0.11 secs] 
3403.896: [GC (Allocation Failure) [PSYoungGen: 330651K->180374K(465920K)] 890831K->772373K(1831936K), 0.0334217 secs] [Times: user=0.14 sys=0.00, real=0.04 secs] 
3404.038: [GC (Allocation Failure) [PSYoungGen: 413334K->185526K(465920K)] 1005333K->833381K(1831936K), 0.0434893 secs] [Times: user=0.19 sys=0.00, real=0.04 secs] 
3404.280: [GC (Allocation Failure) [PSYoungGen: 418486K->184020K(465920K)] 1066341K->888236K(1831936K), 0.0464602 secs] [Times: user=0.22 sys=0.00, real=0.04 secs] 
3405.338: [GC (Allocation Failure) [PSYoungGen: 416980K->120495K(465920K)] 1121196K->894206K(1831936K), 0.0469203 secs] [Times: user=0.23 sys=0.00, real=0.04 secs] 
3406.259: [GC (Allocation Failure) [PSYoungGen: 353455K->148305K(465920K)] 1127166K->959985K(1831936K), 0.0943463 secs] [Times: user=0.50 sys=0.00, real=0.09 secs] 
3406.564: [GC (Allocation Failure) [PSYoungGen: 381265K->184246K(465920K)] 1192945K->1043050K(1831936K), 0.0476289 secs] [Times: user=0.22 sys=0.00, real=0.05 secs] 
3406.747: [GC (Allocation Failure) [PSYoungGen: 417206K->181942K(465920K)] 1276010K->1104811K(1831936K), 0.0728462 secs] [Times: user=0.34 sys=0.00, real=0.07 secs] 
3406.947: [GC (Allocation Failure) [PSYoungGen: 414902K->186165K(465920K)] 1337771K->1166754K(1831936K), 0.0558900 secs] [Times: user=0.27 sys=0.01, real=0.06 secs] 
3408.107: [GC (Allocation Failure) [PSYoungGen: 419125K->94587K(465920K)] 1399714K->1145268K(1831936K), 0.0705841 secs] [Times: user=0.38 sys=0.00, real=0.07 secs] 
3408.392: [GC (Allocation Failure) [PSYoungGen: 327547K->180470K(465920K)] 1378228K->1262075K(1831936K), 0.0346237 secs] [Times: user=0.14 sys=0.00, real=0.03 secs] 
3408.535: [GC (Allocation Failure) [PSYoungGen: 413430K->182741K(465920K)] 1495035K->1320675K(1831936K), 0.0457270 secs] [Times: user=0.21 sys=0.00, real=0.05 secs] 
3409.052: [GC (Allocation Failure) [PSYoungGen: 415701K->186581K(465920K)] 1553635K->1379827K(1831936K), 0.0936816 secs] [Times: user=0.48 sys=0.00, real=0.09 secs] 
3410.449: [GC (Allocation Failure) [PSYoungGen: 419541K->119630K(465920K)] 1612787K->1383108K(1831936K), 0.0490098 secs] [Times: user=0.25 sys=0.00, real=0.05 secs] 
3411.626: [GC (Allocation Failure) [PSYoungGen: 352590K->152882K(465920K)] 1616068K->1454693K(1831936K), 0.0943824 secs] [Times: user=0.50 sys=0.00, real=0.10 secs] 
3411.720: [Full GC (Ergonomics) [PSYoungGen: 152882K->0K(465920K)] [ParOldGen: 1301810K->171301K(1398272K)] 1454693K->171301K(1864192K), [Metaspace: 60101K->60101K(1105920K)], 0.1690318 secs] [Times: user=0.77 sys=0.00, real=0.17 secs] 
3412.005: [GC (GCLocker Initiated GC) [PSYoungGen: 232960K->179061K(465920K)] 404261K->350362K(1864192K), 0.0322635 secs] [Times: user=0.13 sys=0.00, real=0.04 secs] 
3412.147: [GC (Allocation Failure) [PSYoungGen: 412021K->186007K(465920K)] 583325K->428239K(1864192K), 0.0434753 secs] [Times: user=0.19 sys=0.00, real=0.05 secs] 
3412.321: [GC (Allocation Failure) [PSYoungGen: 418967K->187669K(465920K)] 661199K->489045K(1864192K), 0.0577789 secs] [Times: user=0.28 sys=0.00, real=0.06 secs] 
3413.666: [GC (Allocation Failure) [PSYoungGen: 420629K->92843K(465920K)] 722005K->464803K(1864192K), 0.1172642 secs] [Times: user=0.65 sys=0.01, real=0.12 secs] 
3414.083: [GC (Allocation Failure) [PSYoungGen: 325803K->173877K(465920K)] 697763K->576870K(1864192K), 0.0395865 secs] [Times: user=0.17 sys=0.01, real=0.04 secs] 
3414.231: [GC (Allocation Failure) [PSYoungGen: 406837K->184790K(465920K)] 809830K->641559K(1864192K), 0.0432704 secs] [Times: user=0.18 sys=0.01, real=0.04 secs] 
3414.402: [GC (Allocation Failure) [PSYoungGen: 417750K->187701K(465920K)] 874519K->700326K(1864192K), 0.0499940 secs] [Times: user=0.24 sys=0.00, real=0.05 secs] 
3415.397: [GC (Allocation Failure) [PSYoungGen: 420661K->119822K(465920K)] 933286K->703196K(1864192K), 0.0468756 secs] [Times: user=0.24 sys=0.00, real=0.05 secs] 
3415.697: [GC (Allocation Failure) [PSYoungGen: 352782K->155730K(465920K)] 936156K->777865K(1864192K), 0.0725739 secs] [Times: user=0.37 sys=0.01, real=0.08 secs] 
3415.880: [GC (Allocation Failure) [PSYoungGen: 388690K->183061K(465920K)] 1010825K->854027K(1864192K), 0.0413804 secs] [Times: user=0.18 sys=0.00, real=0.04 secs] 
3416.029: [GC (Allocation Failure) [PSYoungGen: 416021K->181846K(465920K)] 1086987K->916524K(1864192K), 0.0494420 secs] [Times: user=0.23 sys=0.00, real=0.05 secs] 
3417.243: [GC (GCLocker Initiated GC) [PSYoungGen: 414806K->185781K(465920K)] 1149484K->977915K(1864192K), 0.1393823 secs] [Times: user=0.74 sys=0.00, real=0.14 secs] 
3418.804: [GC (Allocation Failure) [PSYoungGen: 418741K->95787K(465920K)] 1212926K->960029K(1864192K), 0.1030893 secs] [Times: user=0.57 sys=0.00, real=0.10 secs] 
3419.079: [GC (Allocation Failure) [PSYoungGen: 328747K->183222K(465920K)] 1192989K->1078971K(1864192K), 0.0399468 secs] [Times: user=0.18 sys=0.00, real=0.04 secs] 
3419.248: [GC (Allocation Failure) [PSYoungGen: 416182K->180405K(465920K)] 1311935K->1133126K(1864192K), 0.0454284 secs] [Times: user=0.21 sys=0.00, real=0.04 secs] 
3419.439: [GC (Allocation Failure) [PSYoungGen: 413365K->187221K(465920K)] 1366086K->1194837K(1864192K), 0.0651104 secs] [Times: user=0.32 sys=0.00, real=0.06 secs] 
3421.178: [GC (Allocation Failure) [PSYoungGen: 420181K->111117K(465920K)] 1427797K->1189213K(1864192K), 0.0462468 secs] [Times: user=0.23 sys=0.00, real=0.04 secs] 
3421.906: [GC (Allocation Failure) [PSYoungGen: 344077K->154194K(465920K)] 1422173K->1267655K(1864192K), 0.0946899 secs] [Times: user=0.49 sys=0.00, real=0.10 secs] 
3422.142: [GC (Allocation Failure) [PSYoungGen: 387154K->184694K(465920K)] 1500615K->1346675K(1864192K), 0.0418695 secs] [Times: user=0.18 sys=0.00, real=0.04 secs] 
3422.291: [GC (Allocation Failure) [PSYoungGen: 417654K->186167K(465920K)] 1579635K->1412420K(1864192K), 0.0508856 secs] [Times: user=0.24 sys=0.00, real=0.05 secs] 
3422.469: [GC (Allocation Failure) [PSYoungGen: 419127K->187733K(465920K)] 1645380K->1473082K(1864192K), 0.0613971 secs] [Times: user=0.31 sys=0.00, real=0.06 secs] 
3423.712: [GC (Allocation Failure) [PSYoungGen: 420089K->89034K(465920K)] 1705438K->1445068K(1864192K), 0.0837642 secs] [Times: user=0.39 sys=0.08, real=0.08 secs] 
3423.796: [Full GC (Ergonomics) [PSYoungGen: 89034K->0K(465920K)] [ParOldGen: 1356033K->101347K(1384448K)] 1445068K->101347K(1850368K), [Metaspace: 60103K->60103K(1105920K)], 0.1220940 secs] [Times: user=0.50 sys=0.00, real=0.13 secs] 
3424.193: [GC (Allocation Failure) [PSYoungGen: 232960K->179573K(465920K)] 334307K->280921K(1850368K), 0.0245615 secs] [Times: user=0.08 sys=0.00, real=0.03 secs] 
3424.405: [GC (Allocation Failure) [PSYoungGen: 412533K->182805K(465920K)] 513881K->339609K(1850368K), 0.0478284 secs] [Times: user=0.23 sys=0.00, real=0.05 secs] 
3425.551: [GC (Allocation Failure) [PSYoungGen: 415765K->183028K(465920K)] 572569K->394920K(1850368K), 0.1135379 secs] [Times: user=0.58 sys=0.01, real=0.11 secs] 
3426.747: [GC (Allocation Failure) [PSYoungGen: 415988K->115294K(465920K)] 627880K->396297K(1850368K), 0.0454763 secs] [Times: user=0.23 sys=0.00, real=0.04 secs] 
3427.562: [GC (Allocation Failure) [PSYoungGen: 348254K->157394K(465920K)] 629257K->475043K(1850368K), 0.0837124 secs] [Times: user=0.43 sys=0.00, real=0.08 secs] 
3427.775: [GC (Allocation Failure) [PSYoungGen: 390354K->185526K(465920K)] 708003K->552542K(1850368K), 0.0406260 secs] [Times: user=0.18 sys=0.00, real=0.04 secs] 
3427.923: [GC (Allocation Failure) [PSYoungGen: 418486K->183190K(465920K)] 785502K->614591K(1850368K), 0.0497801 secs] [Times: user=0.23 sys=0.00, real=0.05 secs] 
3428.108: [GC (Allocation Failure) [PSYoungGen: 416150K->187477K(465920K)] 847551K->677253K(1850368K), 0.0785133 secs] [Times: user=0.40 sys=0.00, real=0.07 secs] 
3429.127: [GC (Allocation Failure) [PSYoungGen: 420437K->89242K(465920K)] 910213K->649546K(1850368K), 0.0413043 secs] [Times: user=0.22 sys=0.00, real=0.05 secs] 
3429.368: [GC (Allocation Failure) [PSYoungGen: 322202K->182390K(465920K)] 882506K->770931K(1850368K), 0.0513589 secs] [Times: user=0.23 sys=0.00, real=0.05 secs] 
3429.560: [GC (Allocation Failure) [PSYoungGen: 415350K->185558K(465920K)] 1003891K->831647K(1850368K), 0.0448881 secs] [Times: user=0.20 sys=0.00, real=0.04 secs] 
3429.742: [GC (Allocation Failure) [PSYoungGen: 418518K->187605K(465920K)] 1064607K->889998K(1850368K), 0.0539461 secs] [Times: user=0.26 sys=0.00, real=0.05 secs] 
3430.792: [GC (Allocation Failure) [PSYoungGen: 420565K->107373K(465920K)] 1122958K->880454K(1850368K), 0.0467110 secs] [Times: user=0.24 sys=0.00, real=0.05 secs] 
3431.256: [GC (Allocation Failure) [PSYoungGen: 340333K->162995K(465920K)] 1113414K->971377K(1850368K), 0.0722521 secs] [Times: user=0.36 sys=0.00, real=0.08 secs] 
3431.465: [GC (Allocation Failure) [PSYoungGen: 395955K->184630K(465920K)] 1204337K->1043339K(1850368K), 0.0424486 secs] [Times: user=0.19 sys=0.00, real=0.05 secs] 
3431.717: [GC (Allocation Failure) [PSYoungGen: 417590K->185751K(465920K)] 1276299K->1108740K(1850368K), 0.0661113 secs] [Times: user=0.32 sys=0.00, real=0.07 secs] 
3432.101: [GC (GCLocker Initiated GC) [PSYoungGen: 418711K->181044K(465920K)] 1341701K->1162858K(1850368K), 0.0623946 secs] [Times: user=0.32 sys=0.00, real=0.06 secs] 
3434.155: [GC (Allocation Failure) [PSYoungGen: 414004K->88922K(465920K)] 1395820K->1139362K(1850368K), 0.1109696 secs] [Times: user=0.61 sys=0.00, real=0.11 secs] 
3434.517: [GC (Allocation Failure) [PSYoungGen: 321882K->183862K(465920K)] 1372322K->1263171K(1850368K), 0.0352463 secs] [Times: user=0.14 sys=0.01, real=0.04 secs] 
3434.690: [GC (Allocation Failure) [PSYoungGen: 416822K->185462K(465920K)] 1496131K->1321826K(1850368K), 0.0515445 secs] [Times: user=0.25 sys=0.00, real=0.05 secs] 
3434.878: [GC (Allocation Failure) [PSYoungGen: 418422K->186965K(465920K)] 1554786K->1379625K(1850368K), 0.0487504 secs] [Times: user=0.23 sys=0.00, real=0.04 secs] 
3435.914: [GC (Allocation Failure) [PSYoungGen: 419925K->107949K(465920K)] 1612585K->1370825K(1850368K), 0.0496862 secs] [Times: user=0.25 sys=0.01, real=0.05 secs] 
3436.604: [GC (Allocation Failure) [PSYoungGen: 340909K->161363K(465920K)] 1603785K->1458636K(1850368K), 0.0735845 secs] [Times: user=0.36 sys=0.01, real=0.08 secs] 
3436.677: [Full GC (Ergonomics) [PSYoungGen: 161363K->0K(465920K)] [ParOldGen: 1297273K->181884K(1398272K)] 1458636K->181884K(1864192K), [Metaspace: 60103K->60103K(1105920K)], 0.1675275 secs] [Times: user=0.76 sys=0.00, real=0.16 secs] 
3436.987: [GC (Allocation Failure) [PSYoungGen: 232960K->185718K(465920K)] 414844K->367602K(1864192K), 0.0334840 secs] [Times: user=0.14 sys=0.00, real=0.03 secs] 
3437.129: [GC (Allocation Failure) [PSYoungGen: 418678K->186327K(465920K)] 600562K->432803K(1864192K), 0.0447571 secs] [Times: user=0.20 sys=0.00, real=0.04 secs] 
3437.297: [GC (Allocation Failure) [PSYoungGen: 419287K->187413K(465920K)] 665763K->493005K(1864192K), 0.0543845 secs] [Times: user=0.27 sys=0.00, real=0.05 secs] 
3438.386: [GC (Allocation Failure) [PSYoungGen: 420373K->88314K(465920K)] 725965K->464390K(1864192K), 0.0713025 secs] [Times: user=0.39 sys=0.00, real=0.07 secs] 
3438.673: [GC (Allocation Failure) [PSYoungGen: 321274K->183638K(465920K)] 697350K->588074K(1864192K), 0.0431659 secs] [Times: user=0.19 sys=0.01, real=0.04 secs] 
3438.828: [GC (Allocation Failure) [PSYoungGen: 416598K->185622K(465920K)] 821034K->647186K(1864192K), 0.0440417 secs] [Times: user=0.20 sys=0.00, real=0.04 secs] 
3439.553: [GC (Allocation Failure) [PSYoungGen: 418582K->179956K(465920K)] 880146K->697872K(1864192K), 0.1065370 secs] [Times: user=0.54 sys=0.00, real=0.11 secs] 
3441.466: [GC (Allocation Failure) [PSYoungGen: 412916K->104332K(465920K)] 930832K->690337K(1864192K), 0.0451652 secs] [Times: user=0.24 sys=0.00, real=0.05 secs] 
3442.304: [GC (Allocation Failure) [PSYoungGen: 337292K->166804K(465920K)] 923297K->786469K(1864192K), 0.0782897 secs] [Times: user=0.39 sys=0.00, real=0.08 secs] 
3442.522: [GC (Allocation Failure) [PSYoungGen: 399764K->193590K(465920K)] 1019429K->865499K(1864192K), 0.0429225 secs] [Times: user=0.20 sys=0.00, real=0.04 secs] 
3442.696: [GC (GCLocker Initiated GC) [PSYoungGen: 426550K->183734K(465920K)] 1098459K->920300K(1864192K), 0.0605027 secs] [Times: user=0.29 sys=0.01, real=0.06 secs] 
3442.861: [GC (Allocation Failure) [PSYoungGen: 416694K->187285K(465920K)] 1153263K->982165K(1864192K), 0.0555395 secs] [Times: user=0.27 sys=0.00, real=0.05 secs] 
3444.384: [GC (Allocation Failure) [PSYoungGen: 420245K->87914K(465920K)] 1215125K->953498K(1864192K), 0.0997707 secs] [Times: user=0.54 sys=0.01, real=0.10 secs] 
3444.762: [GC (Allocation Failure) [PSYoungGen: 320874K->183926K(465920K)] 1186458K->1078492K(1864192K), 0.0346048 secs] [Times: user=0.14 sys=0.00, real=0.03 secs] 
3444.905: [GC (Allocation Failure) [PSYoungGen: 416886K->185654K(465920K)] 1311452K->1137219K(1864192K), 0.0447629 secs] [Times: user=0.20 sys=0.00, real=0.05 secs] 
3445.079: [GC (Allocation Failure) [PSYoungGen: 418614K->187669K(465920K)] 1370179K->1195478K(1864192K), 0.0507158 secs] [Times: user=0.24 sys=0.00, real=0.05 secs] 
3446.122: [GC (Allocation Failure) [PSYoungGen: 420629K->101644K(465920K)] 1428438K->1180314K(1864192K), 0.0457167 secs] [Times: user=0.23 sys=0.00, real=0.05 secs] 
3446.648: [GC (Allocation Failure) [PSYoungGen: 334604K->167796K(465920K)] 1413274K->1279694K(1864192K), 0.0741402 secs] [Times: user=0.36 sys=0.00, real=0.07 secs] 
3446.862: [GC (Allocation Failure) [PSYoungGen: 400756K->185398K(465920K)] 1512654K->1349816K(1864192K), 0.0427133 secs] [Times: user=0.19 sys=0.00, real=0.04 secs] 
3447.035: [GC (Allocation Failure) [PSYoungGen: 418358K->183638K(465920K)] 1582776K->1412341K(1864192K), 0.0560848 secs] [Times: user=0.27 sys=0.00, real=0.06 secs] 
3447.296: [GC (Allocation Failure) [PSYoungGen: 416598K->219637K(465920K)] 1645301K->1506859K(1864192K), 0.0559835 secs] [Times: user=0.28 sys=0.00, real=0.06 secs] 
3449.740: [GC (Allocation Failure) [PSYoungGen: 452597K->92170K(465920K)] 1739819K->1449745K(1864192K), 0.0960547 secs] [Times: user=0.52 sys=0.00, real=0.09 secs] 
3449.836: [Full GC (Ergonomics) [PSYoungGen: 92170K->0K(465920K)] [ParOldGen: 1357574K->109453K(1398272K)] 1449745K->109453K(1864192K), [Metaspace: 60121K->60121K(1105920K)], 0.1692936 secs] [Times: user=0.74 sys=0.00, real=0.17 secs] 
3450.149: [GC (Allocation Failure) [PSYoungGen: 232960K->180790K(465920K)] 342413K->290243K(1864192K), 0.0253527 secs] [Times: user=0.09 sys=0.00, real=0.02 secs] 
3450.319: [GC (Allocation Failure) [PSYoungGen: 413750K->185334K(465920K)] 523203K->351275K(1864192K), 0.0570806 secs] [Times: user=0.27 sys=0.00, real=0.05 secs] 
3450.526: [GC (Allocation Failure) [PSYoungGen: 418294K->187637K(465920K)] 584235K->410058K(1864192K), 0.0639920 secs] [Times: user=0.32 sys=0.00, real=0.07 secs] 
3451.537: [GC (Allocation Failure) [PSYoungGen: 420597K->104012K(465920K)] 643018K->397273K(1864192K), 0.0449889 secs] [Times: user=0.23 sys=0.00, real=0.05 secs] 
3452.431: [GC (Allocation Failure) [PSYoungGen: 336972K->165780K(465920K)] 630233K->492206K(1864192K), 0.0592651 secs] [Times: user=0.29 sys=0.00, real=0.06 secs] 
3452.644: [GC (Allocation Failure) [PSYoungGen: 398740K->185270K(465920K)] 725166K->563800K(1864192K), 0.0541348 secs] [Times: user=0.25 sys=0.00, real=0.06 secs] 
3452.827: [GC (Allocation Failure) [PSYoungGen: 418230K->186391K(465920K)] 796760K->629273K(1864192K), 0.0499728 secs] [Times: user=0.23 sys=0.00, real=0.05 secs] 
3453.416: [GC (Allocation Failure) [PSYoungGen: 419351K->199572K(465920K)] 862233K->701606K(1864192K), 0.0538836 secs] [Times: user=0.27 sys=0.00, real=0.06 secs] 
3454.131: [GC (Allocation Failure) [PSYoungGen: 432532K->97963K(465920K)] 934566K->667853K(1864192K), 0.0778706 secs] [Times: user=0.41 sys=0.00, real=0.08 secs] 
3454.415: [GC (Allocation Failure) [PSYoungGen: 330923K->183030K(465920K)] 900813K->784389K(1864192K), 0.0445307 secs] [Times: user=0.19 sys=0.00, real=0.05 secs] 
3454.614: [GC (Allocation Failure) [PSYoungGen: 415990K->185526K(465920K)] 1017349K->843909K(1864192K), 0.0618025 secs] [Times: user=0.30 sys=0.00, real=0.06 secs] 
3454.842: [GC (Allocation Failure) [PSYoungGen: 418480K->187093K(465920K)] 1076863K->901676K(1864192K), 0.0461865 secs] [Times: user=0.21 sys=0.00, real=0.05 secs] 
3457.121: [GC (Allocation Failure) [PSYoungGen: 420053K->99500K(465920K)] 1134636K->884491K(1864192K), 0.0820007 secs] [Times: user=0.44 sys=0.00, real=0.08 secs] 
3457.772: [GC (GCLocker Initiated GC) [PSYoungGen: 332460K->170932K(465920K)] 1117452K->988782K(1864192K), 0.0600081 secs] [Times: user=0.28 sys=0.00, real=0.06 secs] 
3457.954: [GC (Allocation Failure) [PSYoungGen: 403892K->185206K(465920K)] 1221908K->1056654K(1864192K), 0.0428280 secs] [Times: user=0.20 sys=0.00, real=0.04 secs] 
3458.146: [GC (Allocation Failure) [PSYoungGen: 418166K->183958K(465920K)] 1289614K->1119815K(1864192K), 0.0764576 secs] [Times: user=0.35 sys=0.01, real=0.08 secs] 
3459.058: [GC (Allocation Failure) [PSYoungGen: 413341K->208531K(465920K)] 1349197K->1202811K(1864192K), 0.0554763 secs] [Times: user=0.27 sys=0.00, real=0.05 secs] 
3459.784: [GC (Allocation Failure) [PSYoungGen: 441491K->100235K(465920K)] 1435771K->1160012K(1864192K), 0.1010997 secs] [Times: user=0.54 sys=0.00, real=0.10 secs] 
3460.097: [GC (Allocation Failure) [PSYoungGen: 331817K->182166K(465920K)] 1391593K->1274407K(1864192K), 0.0386839 secs] [Times: user=0.16 sys=0.00, real=0.03 secs] 
3460.251: [GC (Allocation Failure) [PSYoungGen: 415126K->179157K(465920K)] 1507367K->1327934K(1864192K), 0.0453382 secs] [Times: user=0.20 sys=0.00, real=0.04 secs] 
3460.410: [GC (Allocation Failure) [PSYoungGen: 412117K->187253K(465920K)] 1560894K->1390294K(1864192K), 0.0470615 secs] [Times: user=0.21 sys=0.01, real=0.04 secs] 
3461.474: [GC (Allocation Failure) [PSYoungGen: 420213K->103132K(465920K)] 1623254K->1376893K(1864192K), 0.0469504 secs] [Times: user=0.25 sys=0.00, real=0.05 secs] 
3461.778: [GC (Allocation Failure) [PSYoungGen: 336092K->174549K(465920K)] 1609853K->1481667K(1864192K), 0.0625259 secs] [Times: user=0.29 sys=0.00, real=0.06 secs] 
3461.971: [GC (Allocation Failure) [PSYoungGen: 407509K->182677K(465920K)] 1714627K->1544291K(1864192K), 0.0454427 secs] [Times: user=0.21 sys=0.00, real=0.04 secs] 
3462.017: [Full GC (Ergonomics) [PSYoungGen: 182677K->0K(465920K)] [ParOldGen: 1361613K->260362K(1398272K)] 1544291K->260362K(1864192K), [Metaspace: 60123K->60123K(1105920K)], 0.3296251 secs] [Times: user=1.52 sys=0.00, real=0.33 secs] 
3462.457: [GC (Allocation Failure) [PSYoungGen: 232960K->184375K(465920K)] 493322K->444737K(1864192K), 0.0917631 secs] [Times: user=0.49 sys=0.00, real=0.10 secs] 
3464.325: [GC (Allocation Failure) [PSYoungGen: 415817K->207731K(465920K)] 676179K->526605K(1864192K), 0.0537850 secs] [Times: user=0.27 sys=0.00, real=0.06 secs] 
3465.656: [GC (Allocation Failure) [PSYoungGen: 440691K->97931K(465920K)] 759565K->482149K(1864192K), 0.1104654 secs] [Times: user=0.60 sys=0.00, real=0.11 secs] 
3465.974: [GC (Allocation Failure) [PSYoungGen: 330891K->183766K(465920K)] 715109K->599209K(1864192K), 0.0346706 secs] [Times: user=0.14 sys=0.00, real=0.04 secs] 
3466.140: [GC (Allocation Failure) [PSYoungGen: 416726K->185398K(465920K)] 832169K->658069K(1864192K), 0.0486869 secs] [Times: user=0.23 sys=0.00, real=0.05 secs] 
3466.315: [GC (Allocation Failure) [PSYoungGen: 418358K->184821K(465920K)] 891029K->713636K(1864192K), 0.0445264 secs] [Times: user=0.21 sys=0.00, real=0.05 secs] 
3467.372: [GC (Allocation Failure) [PSYoungGen: 417781K->102348K(465920K)] 946596K->700947K(1864192K), 0.0442282 secs] [Times: user=0.22 sys=0.01, real=0.04 secs] 
3467.759: [GC (Allocation Failure) [PSYoungGen: 335308K->170868K(465920K)] 933907K->801960K(1864192K), 0.0615742 secs] [Times: user=0.29 sys=0.00, real=0.06 secs] 
3468.007: [GC (Allocation Failure) [PSYoungGen: 403828K->182389K(465920K)] 1034920K->867606K(1864192K), 0.0620075 secs] [Times: user=0.30 sys=0.01, real=0.07 secs] 
3468.192: [GC (Allocation Failure) [PSYoungGen: 415349K->185463K(465920K)] 1100566K->934055K(1864192K), 0.0505524 secs] [Times: user=0.23 sys=0.01, real=0.05 secs] 
3469.035: [GC (Allocation Failure) [PSYoungGen: 414444K->194611K(465920K)] 1163036K->1002048K(1864192K), 0.0556951 secs] [Times: user=0.27 sys=0.00, real=0.06 secs] 
3469.804: [GC (Allocation Failure) [PSYoungGen: 427571K->98043K(465920K)] 1235008K->971884K(1864192K), 0.0877461 secs] [Times: user=0.47 sys=0.01, real=0.09 secs] 
3470.100: [GC (Allocation Failure) [PSYoungGen: 331003K->182326K(465920K)] 1204844K->1087971K(1864192K), 0.0428905 secs] [Times: user=0.19 sys=0.00, real=0.04 secs] 
3470.462: [GC (Allocation Failure) [PSYoungGen: 415286K->184470K(465920K)] 1320931K->1146627K(1864192K), 0.0595578 secs] [Times: user=0.28 sys=0.00, real=0.06 secs] 
3471.031: [GC (GCLocker Initiated GC) [PSYoungGen: 417430K->185237K(465920K)] 1379591K->1203126K(1864192K), 0.0737656 secs] [Times: user=0.37 sys=0.00, real=0.07 secs] 
3473.149: [GC (Allocation Failure) [PSYoungGen: 418197K->99180K(465920K)] 1436088K->1186966K(1864192K), 0.0449417 secs] [Times: user=0.23 sys=0.00, real=0.04 secs] 
3473.992: [GC (Allocation Failure) [PSYoungGen: 332140K->173717K(465920K)] 1419926K->1293308K(1864192K), 0.0607036 secs] [Times: user=0.29 sys=0.00, real=0.06 secs] 
3474.187: [GC (Allocation Failure) [PSYoungGen: 406677K->185718K(465920K)] 1526268K->1359805K(1864192K), 0.0435723 secs] [Times: user=0.19 sys=0.00, real=0.04 secs] 
3474.338: [GC (Allocation Failure) [PSYoungGen: 418678K->185559K(465920K)] 1592765K->1424022K(1864192K), 0.0503813 secs] [Times: user=0.23 sys=0.00, real=0.05 secs] 
3475.162: [GC (Allocation Failure) [PSYoungGen: 414857K->207923K(465920K)] 1653320K->1505170K(1864192K), 0.0565199 secs] [Times: user=0.28 sys=0.00, real=0.06 secs] 
3475.648: [GC (GCLocker Initiated GC) [PSYoungGen: 440883K->98955K(465920K)] 1738130K->1461555K(1864192K), 0.0448311 secs] [Times: user=0.23 sys=0.00, real=0.04 secs] 
3475.693: [Full GC (Ergonomics) [PSYoungGen: 98955K->0K(465920K)] [ParOldGen: 1362599K->116016K(1398272K)] 1461555K->116016K(1864192K), [Metaspace: 60124K->60124K(1105920K)], 0.1025386 secs] [Times: user=0.42 sys=0.01, real=0.10 secs] 
3475.945: [GC (Allocation Failure) [PSYoungGen: 232960K->184214K(465920K)] 348979K->300233K(1864192K), 0.0319196 secs] [Times: user=0.12 sys=0.00, real=0.04 secs] 
3476.096: [GC (Allocation Failure) [PSYoungGen: 417174K->185942K(465920K)] 533193K->359157K(1864192K), 0.0416963 secs] [Times: user=0.18 sys=0.00, real=0.05 secs] 
3476.264: [GC (Allocation Failure) [PSYoungGen: 418902K->187221K(465920K)] 592117K->416852K(1864192K), 0.0499269 secs] [Times: user=0.24 sys=0.00, real=0.05 secs] 
3477.329: [GC (Allocation Failure) [PSYoungGen: 420111K->95259K(465920K)] 649743K->395427K(1864192K), 0.0611403 secs] [Times: user=0.32 sys=0.00, real=0.06 secs] 
3477.800: [GC (Allocation Failure) [PSYoungGen: 328219K->174837K(465920K)] 628387K->506244K(1864192K), 0.0525993 secs] [Times: user=0.25 sys=0.00, real=0.05 secs] 
3477.973: [GC (Allocation Failure) [PSYoungGen: 407797K->185142K(465920K)] 739204K->571037K(1864192K), 0.0423929 secs] [Times: user=0.19 sys=0.00, real=0.04 secs] 
3478.149: [GC (Allocation Failure) [PSYoungGen: 418102K->183831K(465920K)] 803997K->634126K(1864192K), 0.0549788 secs] [Times: user=0.26 sys=0.00, real=0.05 secs] 
3479.674: [GC (Allocation Failure) [PSYoungGen: 413883K->205811K(465920K)] 864179K->714490K(1864192K), 0.0539479 secs] [Times: user=0.27 sys=0.00, real=0.06 secs] 
3481.006: [GC (Allocation Failure) [PSYoungGen: 438771K->99451K(465920K)] 947450K->672747K(1864192K), 0.0909152 secs] [Times: user=0.49 sys=0.00, real=0.10 secs] 
3481.314: [GC (Allocation Failure) [PSYoungGen: 332411K->181046K(465920K)] 905707K->786086K(1864192K), 0.0346405 secs] [Times: user=0.14 sys=0.00, real=0.04 secs] 
3481.457: [GC (GCLocker Initiated GC) [PSYoungGen: 414006K->182453K(465920K)] 1019046K->843398K(1864192K), 0.0430857 secs] [Times: user=0.19 sys=0.00, real=0.04 secs] 
3481.616: [GC (Allocation Failure) [PSYoungGen: 415413K->187157K(465920K)] 1076525K->903828K(1864192K), 0.0455086 secs] [Times: user=0.21 sys=0.00, real=0.05 secs] 
3482.646: [GC (Allocation Failure) [PSYoungGen: 420117K->103772K(465920K)] 1136788K->891003K(1864192K), 0.0451548 secs] [Times: user=0.24 sys=0.00, real=0.05 secs] 
3483.305: [GC (Allocation Failure) [PSYoungGen: 336732K->169492K(465920K)] 1123963K->989784K(1864192K), 0.0627237 secs] [Times: user=0.30 sys=0.00, real=0.07 secs] 
3483.504: [GC (Allocation Failure) [PSYoungGen: 402452K->182165K(465920K)] 1222744K->1055686K(1864192K), 0.0420385 secs] [Times: user=0.18 sys=0.00, real=0.04 secs] 
3483.693: [GC (Allocation Failure) [PSYoungGen: 415125K->185751K(465920K)] 1288646K->1122519K(1864192K), 0.0603272 secs] [Times: user=0.30 sys=0.00, real=0.06 secs] 
3484.514: [GC (Allocation Failure) [PSYoungGen: 418711K->218430K(465920K)] 1355479K->1214051K(1864192K), 0.0520310 secs] [Times: user=0.25 sys=0.00, real=0.05 secs] 
3485.480: [GC (Allocation Failure) [PSYoungGen: 451390K->102140K(465920K)] 1447011K->1164476K(1864192K), 0.1020574 secs] [Times: user=0.55 sys=0.01, real=0.10 secs] 
3485.766: [GC (Allocation Failure) [PSYoungGen: 331762K->179733K(465920K)] 1394099K->1275067K(1864192K), 0.0355663 secs] [Times: user=0.15 sys=0.00, real=0.04 secs] 
3486.324: [GC (GCLocker Initiated GC) [PSYoungGen: 412693K->184438K(465920K)] 1508027K->1335636K(1864192K), 0.0498803 secs] [Times: user=0.23 sys=0.00, real=0.05 secs] 
3486.709: [GC (Allocation Failure) [PSYoungGen: 417398K->203573K(465920K)] 1568727K->1410694K(1864192K), 0.0559374 secs] [Times: user=0.27 sys=0.00, real=0.05 secs] 
3488.428: [GC (Allocation Failure) [PSYoungGen: 436533K->100204K(465920K)] 1643654K->1377677K(1864192K), 0.0448733 secs] [Times: user=0.23 sys=0.00, real=0.04 secs] 
3489.672: [GC (Allocation Failure) [PSYoungGen: 333164K->169428K(465920K)] 1610637K->1478690K(1864192K), 0.0599142 secs] [Times: user=0.29 sys=0.00, real=0.06 secs] 
3489.866: [GC (Allocation Failure) [PSYoungGen: 402388K->185846K(465920K)] 1711650K->1548228K(1864192K), 0.0445207 secs] [Times: user=0.20 sys=0.00, real=0.05 secs] 
3489.911: [Full GC (Ergonomics) [PSYoungGen: 185846K->0K(465920K)] [ParOldGen: 1362381K->262125K(1398272K)] 1548228K->262125K(1864192K), [Metaspace: 60129K->60129K(1105920K)], 0.3269793 secs] [Times: user=1.51 sys=0.00, real=0.33 secs] 
3490.345: [GC (Allocation Failure) [PSYoungGen: 232960K->183158K(465920K)] 495085K->445284K(1864192K), 0.0869963 secs] [Times: user=0.46 sys=0.00, real=0.09 secs] 
3490.901: [GC (Allocation Failure) [PSYoungGen: 416118K->195027K(465920K)] 678244K->515177K(1864192K), 0.0530933 secs] [Times: user=0.26 sys=0.01, real=0.05 secs] 
3491.618: [GC (Allocation Failure) [PSYoungGen: 427987K->105020K(465920K)] 748137K->491466K(1864192K), 0.0527708 secs] [Times: user=0.27 sys=0.00, real=0.05 secs] 
3491.824: [GC (Allocation Failure) [PSYoungGen: 333873K->178485K(465920K)] 720318K->598152K(1864192K), 0.0445568 secs] [Times: user=0.20 sys=0.00, real=0.05 secs] 
3491.992: [GC (Allocation Failure) [PSYoungGen: 411445K->182613K(465920K)] 831112K->658072K(1864192K), 0.0434542 secs] [Times: user=0.20 sys=0.01, real=0.04 secs] 
3492.143: [GC (Allocation Failure) [PSYoungGen: 415573K->187829K(465920K)] 891032K->718591K(1864192K), 0.0454678 secs] [Times: user=0.21 sys=0.00, real=0.05 secs] 
3493.394: [GC (Allocation Failure) [PSYoungGen: 420789K->99228K(465920K)] 951551K->700790K(1864192K), 0.0537064 secs] [Times: user=0.29 sys=0.00, real=0.06 secs] 
3493.718: [GC (Allocation Failure) [PSYoungGen: 332188K->175541K(465920K)] 933750K->809928K(1864192K), 0.0402437 secs] [Times: user=0.18 sys=0.00, real=0.04 secs] 
3493.968: [GC (Allocation Failure) [PSYoungGen: 408501K->182165K(465920K)] 1042888K->871120K(1864192K), 0.0468218 secs] [Times: user=0.22 sys=0.00, real=0.04 secs] 
3494.523: [GC (GCLocker Initiated GC) [PSYoungGen: 415125K->180982K(465920K)] 1104081K->933250K(1864192K), 0.1143928 secs] [Times: user=0.58 sys=0.00, real=0.12 secs] 
3496.005: [GC (Allocation Failure) [PSYoungGen: 413942K->189651K(465920K)] 1170310K->1003203K(1864192K), 0.0581116 secs] [Times: user=0.29 sys=0.00, real=0.06 secs] 
3496.780: [GC (Allocation Failure) [PSYoungGen: 422611K->104892K(465920K)] 1236163K->984468K(1864192K), 0.1053457 secs] [Times: user=0.58 sys=0.00, real=0.10 secs] 
3497.053: [GC (Allocation Failure) [PSYoungGen: 335325K->178005K(465920K)] 1214900K->1091226K(1864192K), 0.0358036 secs] [Times: user=0.15 sys=0.00, real=0.04 secs] 
3497.223: [GC (Allocation Failure) [PSYoungGen: 410965K->185622K(465920K)] 1324186K->1154434K(1864192K), 0.0602414 secs] [Times: user=0.29 sys=0.00, real=0.06 secs] 
3497.418: [GC (Allocation Failure) [PSYoungGen: 418582K->187445K(465920K)] 1387394K->1212489K(1864192K), 0.0465244 secs] [Times: user=0.22 sys=0.00, real=0.04 secs] 
3498.585: [GC (Allocation Failure) [PSYoungGen: 420405K->97003K(465920K)] 1445449K->1192680K(1864192K), 0.0450268 secs] [Times: user=0.24 sys=0.00, real=0.05 secs] 
3498.823: [GC (Allocation Failure) [PSYoungGen: 329963K->172468K(465920K)] 1425640K->1300042K(1864192K), 0.0694438 secs] [Times: user=0.34 sys=0.00, real=0.07 secs] 
3499.044: [GC (Allocation Failure) [PSYoungGen: 405428K->181429K(465920K)] 1533002K->1363007K(1864192K), 0.0449361 secs] [Times: user=0.20 sys=0.00, real=0.05 secs] 
3499.201: [GC (Allocation Failure) [PSYoungGen: 414389K->185687K(465920K)] 1595967K->1430436K(1864192K), 0.0549870 secs] [Times: user=0.22 sys=0.00, real=0.05 secs] 
3500.435: [GC (Allocation Failure) [PSYoungGen: 414848K->210259K(465920K)] 1659598K->1514057K(1864192K), 0.0578649 secs] [Times: user=0.30 sys=0.00, real=0.06 secs] 
3501.440: [GC (Allocation Failure) [PSYoungGen: 443219K->103116K(465920K)] 1747017K->1473089K(1864192K), 0.0689555 secs] [Times: user=0.36 sys=0.00, real=0.07 secs] 
3501.509: [Full GC (Ergonomics) [PSYoungGen: 103116K->0K(465920K)] [ParOldGen: 1369973K->120160K(1398272K)] 1473089K->120160K(1864192K), [Metaspace: 60129K->60129K(1105920K)], 0.1447873 secs] [Times: user=0.63 sys=0.01, real=0.14 secs] 
3501.777: [GC (Allocation Failure) [PSYoungGen: 230934K->179861K(465920K)] 351094K->300022K(1864192K), 0.0250822 secs] [Times: user=0.09 sys=0.00, real=0.02 secs] 
3501.941: [GC (Allocation Failure) [PSYoungGen: 412821K->182581K(465920K)] 532982K->359057K(1864192K), 0.0572564 secs] [Times: user=0.27 sys=0.00, real=0.06 secs] 
3502.156: [GC (Allocation Failure) [PSYoungGen: 415541K->187541K(465920K)] 592017K->419665K(1864192K), 0.0663153 secs] [Times: user=0.33 sys=0.01, real=0.07 secs] 
3503.508: [GC (Allocation Failure) [PSYoungGen: 420501K->101292K(465920K)] 652625K->404136K(1864192K), 0.0440873 secs] [Times: user=0.23 sys=0.00, real=0.04 secs] 
3504.673: [GC (Allocation Failure) [PSYoungGen: 334252K->171444K(465920K)] 637096K->506541K(1864192K), 0.0581353 secs] [Times: user=0.27 sys=0.00, real=0.06 secs] 
3504.886: [GC (Allocation Failure) [PSYoungGen: 404404K->185206K(465920K)] 739501K->573923K(1864192K), 0.0560254 secs] [Times: user=0.26 sys=0.00, real=0.06 secs] 
3505.095: [GC (Allocation Failure) [PSYoungGen: 418038K->183030K(465920K)] 806755K->636035K(1864192K), 0.0667286 secs] [Times: user=0.32 sys=0.00, real=0.07 secs] 
3505.968: [GC (Allocation Failure) [PSYoungGen: 411646K->209299K(465920K)] 864651K->720192K(1864192K), 0.0550023 secs] [Times: user=0.28 sys=0.00, real=0.05 secs] 
3506.414: [GC (Allocation Failure) [PSYoungGen: 442259K->101964K(465920K)] 953152K->678681K(1864192K), 0.0401217 secs] [Times: user=0.21 sys=0.01, real=0.04 secs] 
3506.594: [GC (Allocation Failure) [PSYoungGen: 332922K->181046K(465920K)] 909639K->790100K(1864192K), 0.0455768 secs] [Times: user=0.20 sys=0.00, real=0.05 secs] 
3506.776: [GC (Allocation Failure) [PSYoungGen: 414006K->185686K(465920K)] 1023060K->851288K(1864192K), 0.0438410 secs] [Times: user=0.20 sys=0.00, real=0.05 secs] 
3506.922: [GC (Allocation Failure) [PSYoungGen: 418646K->187509K(465920K)] 1084248K->909467K(1864192K), 0.0460391 secs] [Times: user=0.21 sys=0.00, real=0.05 secs] 
3508.235: [GC (Allocation Failure) [PSYoungGen: 420469K->95643K(465920K)] 1142427K->888169K(1864192K), 0.0818812 secs] [Times: user=0.45 sys=0.00, real=0.08 secs] 
3508.687: [GC (Allocation Failure) [PSYoungGen: 328603K->175381K(465920K)] 1121129K->999727K(1864192K), 0.0446931 secs] [Times: user=0.21 sys=0.00, real=0.04 secs] 
3509.406: [GC (Allocation Failure) [PSYoungGen: 408341K->181877K(465920K)] 1232687K->1060696K(1864192K), 0.0695054 secs] [Times: user=0.31 sys=0.00, real=0.07 secs] 
3509.962: [GC (Allocation Failure) [PSYoungGen: 414837K->184119K(465920K)] 1293656K->1126009K(1864192K), 0.1050693 secs] [Times: user=0.54 sys=0.00, real=0.10 secs] 
3511.801: [GC (Allocation Failure) [PSYoungGen: 417079K->208403K(465920K)] 1358969K->1208581K(1864192K), 0.0533735 secs] [Times: user=0.26 sys=0.01, real=0.05 secs] 
3512.821: [GC (Allocation Failure) [PSYoungGen: 441363K->100075K(465920K)] 1441541K->1165518K(1864192K), 0.0933167 secs] [Times: user=0.50 sys=0.00, real=0.09 secs] 
3513.119: [GC (Allocation Failure) [PSYoungGen: 330496K->182774K(465920K)] 1395938K->1280889K(1864192K), 0.0380933 secs] [Times: user=0.16 sys=0.00, real=0.03 secs] 
3513.271: [GC (Allocation Failure) [PSYoungGen: 415734K->191061K(465920K)] 1513849K->1345657K(1864192K), 0.0443347 secs] [Times: user=0.20 sys=0.00, real=0.04 secs] 
3513.436: [GC (Allocation Failure) [PSYoungGen: 424021K->183796K(465920K)] 1578617K->1393640K(1864192K), 0.0489516 secs] [Times: user=0.23 sys=0.00, real=0.05 secs] 
3514.526: [GC (Allocation Failure) [PSYoungGen: 416756K->103260K(465920K)] 1626600K->1382452K(1864192K), 0.0451985 secs] [Times: user=0.24 sys=0.00, real=0.05 secs] 
3514.836: [GC (Allocation Failure) [PSYoungGen: 336220K->174581K(465920K)] 1615412K->1487221K(1864192K), 0.0611558 secs] [Times: user=0.29 sys=0.00, real=0.07 secs] 
3514.897: [Full GC (Ergonomics) [PSYoungGen: 174581K->0K(465920K)] [ParOldGen: 1312640K->198648K(1398272K)] 1487221K->198648K(1864192K), [Metaspace: 60129K->60129K(1105920K)], 0.1973757 secs] [Times: user=0.90 sys=0.00, real=0.19 secs] 
3515.203: [GC (Allocation Failure) [PSYoungGen: 232960K->182421K(465920K)] 431608K->381070K(1864192K), 0.0324181 secs] [Times: user=0.13 sys=0.00, real=0.03 secs] 
3515.343: [GC (Allocation Failure) [PSYoungGen: 415381K->183158K(465920K)] 614030K->445315K(1864192K), 0.0435607 secs] [Times: user=0.20 sys=0.00, real=0.04 secs] 
3517.339: [GC (Allocation Failure) [PSYoungGen: 412864K->209203K(465920K)] 675021K->529320K(1864192K), 0.0546058 secs] [Times: user=0.27 sys=0.00, real=0.05 secs] 
3519.016: [GC (Allocation Failure) [PSYoungGen: 442163K->98715K(465920K)] 762280K->484640K(1864192K), 0.1032951 secs] [Times: user=0.56 sys=0.00, real=0.11 secs] 
3519.305: [GC (Allocation Failure) [PSYoungGen: 331675K->180822K(465920K)] 717600K->598284K(1864192K), 0.0351805 secs] [Times: user=0.14 sys=0.00, real=0.04 secs] 
3519.450: [GC (Allocation Failure) [PSYoungGen: 413782K->185654K(465920K)] 831244K->659552K(1864192K), 0.0434858 secs] [Times: user=0.20 sys=0.00, real=0.04 secs] 
3519.625: [GC (Allocation Failure) [PSYoungGen: 418614K->187669K(465920K)] 892512K->717895K(1864192K), 0.0626492 secs] [Times: user=0.30 sys=0.00, real=0.07 secs] 
3520.962: [GC (Allocation Failure) [PSYoungGen: 420629K->102716K(465920K)] 950855K->703646K(1864192K), 0.0454504 secs] [Times: user=0.23 sys=0.00, real=0.05 secs] 
3521.680: [GC (Allocation Failure) [PSYoungGen: 335676K->169332K(465920K)] 936606K->802899K(1864192K), 0.0540792 secs] [Times: user=0.25 sys=0.00, real=0.05 secs] 
3521.932: [GC (Allocation Failure) [PSYoungGen: 402292K->185014K(465920K)] 1035859K->872033K(1864192K), 0.0598174 secs] [Times: user=0.29 sys=0.00, real=0.06 secs] 
3522.112: [GC (Allocation Failure) [PSYoungGen: 417974K->185559K(465920K)] 1104993K->936890K(1864192K), 0.0503851 secs] [Times: user=0.23 sys=0.00, real=0.05 secs] 
3522.939: [GC (Allocation Failure) [PSYoungGen: 415675K->208243K(465920K)] 1167007K->1018398K(1864192K), 0.0557476 secs] [Times: user=0.28 sys=0.00, real=0.05 secs] 
3523.898: [GC (Allocation Failure) [PSYoungGen: 441203K->101932K(465920K)] 1251358K->977371K(1864192K), 0.0908259 secs] [Times: user=0.48 sys=0.00, real=0.09 secs] 
3524.192: [GC (Allocation Failure) [PSYoungGen: 330864K->179669K(465920K)] 1206303K->1088034K(1864192K), 0.0357547 secs] [Times: user=0.15 sys=0.00, real=0.04 secs] 
3524.342: [GC (Allocation Failure) [PSYoungGen: 412629K->185366K(465920K)] 1320994K->1149666K(1864192K), 0.0444922 secs] [Times: user=0.20 sys=0.00, real=0.04 secs] 
3524.789: [GC (Allocation Failure) [PSYoungGen: 418326K->200052K(465920K)] 1382626K->1220337K(1864192K), 0.0801317 secs] [Times: user=0.40 sys=0.00, real=0.08 secs] 
3526.289: [GC (Allocation Failure) [PSYoungGen: 433012K->98587K(465920K)] 1453297K->1188112K(1864192K), 0.0610004 secs] [Times: user=0.32 sys=0.00, real=0.06 secs] 
3527.339: [GC (Allocation Failure) [PSYoungGen: 331547K->172916K(465920K)] 1421072K->1293910K(1864192K), 0.0621450 secs] [Times: user=0.29 sys=0.00, real=0.06 secs] 
3527.587: [GC (Allocation Failure) [PSYoungGen: 405876K->182997K(465920K)] 1526870K->1358183K(1864192K), 0.0595869 secs] [Times: user=0.29 sys=0.00, real=0.06 secs] 
3527.813: [GC (Allocation Failure) [PSYoungGen: 415957K->186231K(465920K)] 1591143K->1425480K(1864192K), 0.0765618 secs] [Times: user=0.38 sys=0.00, real=0.08 secs] 
3528.773: [GC (Allocation Failure) [PSYoungGen: 419191K->194835K(465920K)] 1658440K->1493149K(1864192K), 0.0573587 secs] [Times: user=0.29 sys=0.00, real=0.06 secs] 
3529.231: [GC (GCLocker Initiated GC) [PSYoungGen: 427795K->101820K(465920K)] 1726109K->1466485K(1864192K), 0.0651651 secs] [Times: user=0.34 sys=0.00, real=0.06 secs] 
3529.297: [Full GC (Ergonomics) [PSYoungGen: 101820K->0K(465920K)] [ParOldGen: 1364665K->119463K(1398272K)] 1466485K->119463K(1864192K), [Metaspace: 60129K->60129K(1105920K)], 0.1293630 secs] [Times: user=0.58 sys=0.01, real=0.13 secs] 
3529.575: [GC (Allocation Failure) [PSYoungGen: 232960K->184501K(465920K)] 352462K->304004K(1864192K), 0.0252359 secs] [Times: user=0.09 sys=0.00, real=0.03 secs] 
3529.706: [GC (Allocation Failure) [PSYoungGen: 417461K->179637K(465920K)] 536964K->355488K(1864192K), 0.0410520 secs] [Times: user=0.18 sys=0.00, real=0.05 secs] 
3529.868: [GC (Allocation Failure) [PSYoungGen: 412597K->187093K(465920K)] 588448K->417400K(1864192K), 0.0570164 secs] [Times: user=0.27 sys=0.01, real=0.05 secs] 
3531.000: [GC (Allocation Failure) [PSYoungGen: 420053K->103100K(465920K)] 650362K->403877K(1864192K), 0.0519539 secs] [Times: user=0.27 sys=0.00, real=0.05 secs] 
3531.470: [GC (Allocation Failure) [PSYoungGen: 336060K->170004K(465920K)] 636837K->504934K(1864192K), 0.0620343 secs] [Times: user=0.30 sys=0.01, real=0.06 secs] 
3531.669: [GC (Allocation Failure) [PSYoungGen: 402964K->193334K(465920K)] 737894K->581488K(1864192K), 0.0425173 secs] [Times: user=0.19 sys=0.00, real=0.04 secs] 
3531.855: [GC (Allocation Failure) [PSYoungGen: 426294K->182710K(465920K)] 814448K->635200K(1864192K), 0.0728183 secs] [Times: user=0.36 sys=0.00, real=0.08 secs] 
3533.190: [GC (Allocation Failure) [PSYoungGen: 415670K->197812K(465920K)] 868160K->708126K(1864192K), 0.0535403 secs] [Times: user=0.26 sys=0.00, real=0.05 secs] 
3534.523: [GC (Allocation Failure) [PSYoungGen: 430772K->103500K(465920K)] 941086K->681030K(1864192K), 0.1087503 secs] [Times: user=0.59 sys=0.00, real=0.11 secs] 
3534.820: [GC (Allocation Failure) [PSYoungGen: 330625K->178517K(465920K)] 908156K->789264K(1864192K), 0.0348775 secs] [Times: user=0.14 sys=0.00, real=0.03 secs] 
3534.983: [GC (Allocation Failure) [PSYoungGen: 411477K->183061K(465920K)] 1022224K->849232K(1864192K), 0.0501121 secs] [Times: user=0.23 sys=0.00, real=0.05 secs] 
3535.160: [GC (Allocation Failure) [PSYoungGen: 416021K->187285K(465920K)] 1082192K->909160K(1864192K), 0.0455721 secs] [Times: user=0.21 sys=0.00, real=0.04 secs] 
3536.217: [GC (Allocation Failure) [PSYoungGen: 420245K->99996K(465920K)] 1142120K->892439K(1864192K), 0.0452110 secs] [Times: user=0.23 sys=0.01, real=0.04 secs] 
3536.753: [GC (Allocation Failure) [PSYoungGen: 332956K->169620K(465920K)] 1125399K->993936K(1864192K), 0.0597031 secs] [Times: user=0.28 sys=0.01, real=0.06 secs] 
3536.947: [GC (Allocation Failure) [PSYoungGen: 402580K->182421K(465920K)] 1226896K->1060061K(1864192K), 0.0424727 secs] [Times: user=0.19 sys=0.00, real=0.04 secs] 
3537.165: [GC (Allocation Failure) [PSYoungGen: 415381K->185271K(465920K)] 1293021K->1126247K(1864192K), 0.0717347 secs] [Times: user=0.35 sys=0.00, real=0.07 secs] 
3538.038: [GC (Allocation Failure) [PSYoungGen: 416871K->213524K(465920K)] 1357847K->1213240K(1864192K), 0.0568574 secs] [Times: user=0.29 sys=0.00, real=0.05 secs] 
3538.639: [GC (Allocation Failure) [PSYoungGen: 446484K->103292K(465920K)] 1446200K->1170144K(1864192K), 0.0895298 secs] [Times: user=0.48 sys=0.01, real=0.09 secs] 
3538.926: [GC (Allocation Failure) [PSYoungGen: 330981K->179317K(465920K)] 1397833K->1279831K(1864192K), 0.0368726 secs] [Times: user=0.15 sys=0.00, real=0.04 secs] 
3539.069: [GC (Allocation Failure) [PSYoungGen: 412277K->182069K(465920K)] 1512791K->1338334K(1864192K), 0.0456048 secs] [Times: user=0.20 sys=0.00, real=0.04 secs] 
3539.352: [GC (Allocation Failure) [PSYoungGen: 415029K->186933K(465920K)] 1571294K->1398622K(1864192K), 0.0655771 secs] [Times: user=0.32 sys=0.00, real=0.07 secs] 
3541.068: [GC (Allocation Failure) [PSYoungGen: 419893K->102300K(465920K)] 1631582K->1384413K(1864192K), 0.0566006 secs] [Times: user=0.30 sys=0.00, real=0.05 secs] 
3541.645: [GC (Allocation Failure) [PSYoungGen: 335260K->172501K(465920K)] 1617373K->1488019K(1864192K), 0.0670461 secs] [Times: user=0.33 sys=0.00, real=0.07 secs] 
3541.712: [Full GC (Ergonomics) [PSYoungGen: 172501K->0K(465920K)] [ParOldGen: 1315518K->197067K(1398272K)] 1488019K->197067K(1864192K), [Metaspace: 60130K->60130K(1105920K)], 0.2121084 secs] [Times: user=0.98 sys=0.00, real=0.21 secs] 
3542.038: [GC (Allocation Failure) [PSYoungGen: 232960K->185110K(465920K)] 430027K->382177K(1864192K), 0.0325714 secs] [Times: user=0.13 sys=0.00, real=0.03 secs] 
3542.181: [GC (Allocation Failure) [PSYoungGen: 418070K->185079K(465920K)] 615137K->446602K(1864192K), 0.0444219 secs] [Times: user=0.20 sys=0.00, real=0.04 secs] 
3543.032: [GC (Allocation Failure) [PSYoungGen: 413563K->205939K(465920K)] 675087K->526414K(1864192K), 0.0549124 secs] [Times: user=0.28 sys=0.01, real=0.06 secs] 
3543.658: [GC (Allocation Failure) [PSYoungGen: 438899K->100683K(465920K)] 759374K->485815K(1864192K), 0.0613949 secs] [Times: user=0.32 sys=0.00, real=0.06 secs] 
3543.936: [GC (Allocation Failure) [PSYoungGen: 333643K->182230K(465920K)] 718775K->600206K(1864192K), 0.0460008 secs] [Times: user=0.20 sys=0.00, real=0.05 secs] 
3544.097: [GC (Allocation Failure) [PSYoungGen: 415190K->185622K(465920K)] 833166K->660054K(1864192K), 0.0431300 secs] [Times: user=0.20 sys=0.00, real=0.04 secs] 
3544.243: [GC (Allocation Failure) [PSYoungGen: 418582K->187957K(465920K)] 893014K->718670K(1864192K), 0.0450623 secs] [Times: user=0.21 sys=0.00, real=0.05 secs] 
3545.360: [GC (Allocation Failure) [PSYoungGen: 420917K->96395K(465920K)] 951630K->698056K(1864192K), 0.0501071 secs] [Times: user=0.27 sys=0.00, real=0.05 secs] 
3545.758: [GC (Allocation Failure) [PSYoungGen: 329355K->174037K(465920K)] 931016K->807126K(1864192K), 0.0723222 secs] [Times: user=0.35 sys=0.00, real=0.07 secs] 
3545.994: [GC (Allocation Failure) [PSYoungGen: 406997K->185206K(465920K)] 1040086K->872431K(1864192K), 0.0429359 secs] [Times: user=0.19 sys=0.00, real=0.04 secs] 
3546.169: [GC (Allocation Failure) [PSYoungGen: 415358K->183286K(465920K)] 1102584K->934848K(1864192K), 0.0541967 secs] [Times: user=0.26 sys=0.00, real=0.05 secs] 
3548.074: [GC (Allocation Failure) [PSYoungGen: 416246K->190323K(465920K)] 1167808K->1000100K(1864192K), 0.0522770 secs] [Times: user=0.25 sys=0.01, real=0.05 secs] 
3549.280: [GC (Allocation Failure) [PSYoungGen: 423283K->103724K(465920K)] 1233060K->978278K(1864192K), 0.0869165 secs] [Times: user=0.47 sys=0.00, real=0.08 secs] 
3549.534: [GC (Allocation Failure) [PSYoungGen: 328768K->177813K(465920K)] 1203321K->1085844K(1864192K), 0.0355612 secs] [Times: user=0.15 sys=0.00, real=0.04 secs] 
3549.699: [GC (Allocation Failure) [PSYoungGen: 410773K->185686K(465920K)] 1318804K->1148820K(1864192K), 0.0519633 secs] [Times: user=0.25 sys=0.00, real=0.05 secs] 
3550.157: [GC (GCLocker Initiated GC) [PSYoungGen: 418646K->187445K(465920K)] 1381781K->1206893K(1864192K), 0.0475578 secs] [Times: user=0.22 sys=0.00, real=0.04 secs] 
3551.360: [GC (Allocation Failure) [PSYoungGen: 420405K->98747K(465920K)] 1440020K->1188995K(1864192K), 0.0445994 secs] [Times: user=0.23 sys=0.00, real=0.04 secs] 
3552.174: [GC (Allocation Failure) [PSYoungGen: 331707K->167316K(465920K)] 1421955K->1289368K(1864192K), 0.0591637 secs] [Times: user=0.28 sys=0.00, real=0.06 secs] 
3552.362: [GC (Allocation Failure) [PSYoungGen: 400276K->185526K(465920K)] 1522328K->1360238K(1864192K), 0.0435180 secs] [Times: user=0.19 sys=0.01, real=0.04 secs] 
3552.540: [GC (Allocation Failure) [PSYoungGen: 418486K->185879K(465920K)] 1593198K->1425139K(1864192K), 0.0569793 secs] [Times: user=0.28 sys=0.00, real=0.05 secs] 
3553.118: [GC (Allocation Failure) [PSYoungGen: 418839K->214355K(465920K)] 1658099K->1512492K(1864192K), 0.0526056 secs] [Times: user=0.25 sys=0.00, real=0.05 secs] 
3554.005: [GC (Allocation Failure) [PSYoungGen: 447315K->106044K(465920K)] 1745452K->1470205K(1864192K), 0.0815908 secs] [Times: user=0.44 sys=0.00, real=0.08 secs] 
3554.086: [Full GC (Ergonomics) [PSYoungGen: 106044K->0K(465920K)] [ParOldGen: 1364160K->123774K(1398272K)] 1470205K->123774K(1864192K), [Metaspace: 60135K->60135K(1105920K)], 0.1668154 secs] [Times: user=0.72 sys=0.00, real=0.17 secs] 
3554.369: [GC (Allocation Failure) [PSYoungGen: 228422K->177173K(465920K)] 352197K->300947K(1864192K), 0.0243286 secs] [Times: user=0.09 sys=0.00, real=0.02 secs] 
3554.502: [GC (Allocation Failure) [PSYoungGen: 410133K->184726K(465920K)] 533907K->363572K(1864192K), 0.0414454 secs] [Times: user=0.18 sys=0.00, real=0.04 secs] 
3554.769: [GC (Allocation Failure) [PSYoungGen: 417686K->186965K(465920K)] 596532K->421643K(1864192K), 0.0557909 secs] [Times: user=0.27 sys=0.00, real=0.05 secs] 
3556.209: [GC (Allocation Failure) [PSYoungGen: 419925K->98539K(465920K)] 654603K->403746K(1864192K), 0.0541857 secs] [Times: user=0.28 sys=0.00, real=0.05 secs] 
3556.784: [GC (Allocation Failure) [PSYoungGen: 331499K->175125K(465920K)] 636706K->512244K(1864192K), 0.0570743 secs] [Times: user=0.27 sys=0.00, real=0.06 secs] 
3556.974: [GC (Allocation Failure) [PSYoungGen: 408085K->182741K(465920K)] 745204K->574400K(1864192K), 0.0422049 secs] [Times: user=0.19 sys=0.00, real=0.04 secs] 
3557.129: [GC (Allocation Failure) [PSYoungGen: 415701K->185463K(465920K)] 807360K->640874K(1864192K), 0.0492016 secs] [Times: user=0.23 sys=0.01, real=0.05 secs] 
3558.122: [GC (Allocation Failure) [PSYoungGen: 418423K->168018K(465920K)] 873834K->682366K(1864192K), 0.0567942 secs] [Times: user=0.28 sys=0.00, real=0.06 secs] 
3558.763: [GC (Allocation Failure) [PSYoungGen: 400978K->109453K(465920K)] 915326K->688056K(1864192K), 0.0798960 secs] [Times: user=0.42 sys=0.00, real=0.08 secs] 
3559.004: [GC (Allocation Failure) [PSYoungGen: 342413K->202805K(465920K)] 921016K->817325K(1864192K), 0.0369321 secs] [Times: user=0.16 sys=0.00, real=0.04 secs] 
3559.208: [GC (Allocation Failure) [PSYoungGen: 435765K->181718K(465920K)] 1050285K->858518K(1864192K), 0.0774637 secs] [Times: user=0.38 sys=0.00, real=0.07 secs] 
3559.470: [GC (Allocation Failure) [PSYoungGen: 414678K->187157K(465920K)] 1091478K->921397K(1864192K), 0.0678063 secs] [Times: user=0.35 sys=0.00, real=0.07 secs] 
3560.648: [GC (Allocation Failure) [PSYoungGen: 420117K->96427K(465920K)] 1154357K->901251K(1864192K), 0.0578725 secs] [Times: user=0.29 sys=0.00, real=0.05 secs] 
3561.291: [GC (Allocation Failure) [PSYoungGen: 329387K->171316K(465920K)] 1134211K->1007797K(1864192K), 0.0602022 secs] [Times: user=0.28 sys=0.00, real=0.06 secs] 
3561.545: [GC (Allocation Failure) [PSYoungGen: 404276K->185110K(465920K)] 1240757K->1075343K(1864192K), 0.0580103 secs] [Times: user=0.28 sys=0.01, real=0.06 secs] 
3561.761: [GC (Allocation Failure) [PSYoungGen: 418070K->183895K(465920K)] 1308303K->1138352K(1864192K), 0.0691353 secs] [Times: user=0.34 sys=0.00, real=0.07 secs] 
3563.632: [GC (Allocation Failure) [PSYoungGen: 416855K->169171K(465920K)] 1371312K->1182116K(1864192K), 0.0571400 secs] [Times: user=0.29 sys=0.00, real=0.06 secs] 
3564.541: [GC (Allocation Failure) [PSYoungGen: 402131K->110333K(465920K)] 1415076K->1188046K(1864192K), 0.0946920 secs] [Times: user=0.50 sys=0.00, real=0.09 secs] 
3564.842: [GC (Allocation Failure) [PSYoungGen: 336492K->172885K(465920K)] 1414206K->1285666K(1864192K), 0.0428856 secs] [Times: user=0.19 sys=0.00, real=0.04 secs] 
3564.993: [GC (Allocation Failure) [PSYoungGen: 405845K->185686K(465920K)] 1518626K->1352812K(1864192K), 0.0442079 secs] [Times: user=0.20 sys=0.00, real=0.05 secs] 
3565.168: [GC (Allocation Failure) [PSYoungGen: 418646K->187765K(465920K)] 1585772K->1411203K(1864192K), 0.0662739 secs] [Times: user=0.32 sys=0.00, real=0.06 secs] 
3566.436: [GC (GCLocker Initiated GC) [PSYoungGen: 420725K->99196K(465920K)] 1644163K->1393434K(1864192K), 0.0462902 secs] [Times: user=0.24 sys=0.00, real=0.05 secs] 
3567.149: [GC (Allocation Failure) [PSYoungGen: 332156K->169172K(465920K)] 1626525K->1495242K(1864192K), 0.0599088 secs] [Times: user=0.28 sys=0.01, real=0.06 secs] 
3567.209: [Full GC (Ergonomics) [PSYoungGen: 169172K->0K(465920K)] [ParOldGen: 1326069K->194239K(1398272K)] 1495242K->194239K(1864192K), [Metaspace: 60143K->60143K(1105920K)], 0.2056353 secs] [Times: user=0.96 sys=0.00, real=0.20 secs] 
3567.526: [GC (Allocation Failure) [PSYoungGen: 232960K->184758K(465920K)] 427199K->378998K(1864192K), 0.0321918 secs] [Times: user=0.13 sys=0.00, real=0.04 secs] 
3567.666: [GC (Allocation Failure) [PSYoungGen: 417718K->186423K(465920K)] 611958K->444791K(1864192K), 0.0435510 secs] [Times: user=0.19 sys=0.00, real=0.05 secs] 
3568.529: [GC (Allocation Failure) [PSYoungGen: 419383K->191813K(465920K)] 677751K->509341K(1864192K), 0.0473414 secs] [Times: user=0.22 sys=0.00, real=0.04 secs] 
3569.183: [GC (Allocation Failure) [PSYoungGen: 424773K->105660K(465920K)] 742301K->488320K(1864192K), 0.0748437 secs] [Times: user=0.40 sys=0.00, real=0.08 secs] 
3569.551: [GC (Allocation Failure) [PSYoungGen: 335542K->176757K(465920K)] 718202K->593346K(1864192K), 0.0566617 secs] [Times: user=0.25 sys=0.01, real=0.06 secs] 
3569.904: [GC (Allocation Failure) [PSYoungGen: 409717K->183157K(465920K)] 826306K->654962K(1864192K), 0.0610886 secs] [Times: user=0.29 sys=0.00, real=0.06 secs] 
3570.560: [GC (GCLocker Initiated GC) [PSYoungGen: 416117K->185333K(465920K)] 887923K->712459K(1864192K), 0.0721008 secs] [Times: user=0.35 sys=0.00, real=0.07 secs] 
3572.027: [GC (Allocation Failure) [PSYoungGen: 418293K->101244K(465920K)] 945457K->698176K(1864192K), 0.0558167 secs] [Times: user=0.30 sys=0.00, real=0.05 secs] 
3573.098: [GC (Allocation Failure) [PSYoungGen: 334204K->170324K(465920K)] 931136K->799778K(1864192K), 0.0616341 secs] [Times: user=0.29 sys=0.00, real=0.06 secs] 
3573.294: [GC (Allocation Failure) [PSYoungGen: 403284K->185398K(465920K)] 1032738K->868211K(1864192K), 0.0438668 secs] [Times: user=0.20 sys=0.00, real=0.05 secs] 
3573.449: [GC (Allocation Failure) [PSYoungGen: 418358K->185815K(465920K)] 1101171K->933100K(1864192K), 0.0503228 secs] [Times: user=0.24 sys=0.00, real=0.05 secs] 
3574.402: [GC (Allocation Failure) [PSYoungGen: 418775K->193001K(465920K)] 1166060K->999374K(1864192K), 0.0511225 secs] [Times: user=0.25 sys=0.00, real=0.05 secs] 
3574.875: [GC (Allocation Failure) [PSYoungGen: 425961K->106156K(465920K)] 1232334K->977962K(1864192K), 0.0642717 secs] [Times: user=0.34 sys=0.00, real=0.07 secs] 
3575.109: [GC (Allocation Failure) [PSYoungGen: 334096K->176853K(465920K)] 1205901K->1082431K(1864192K), 0.0457155 secs] [Times: user=0.20 sys=0.00, real=0.04 secs] 
3575.266: [GC (Allocation Failure) [PSYoungGen: 409813K->182261K(465920K)] 1315391K->1143128K(1864192K), 0.0463589 secs] [Times: user=0.20 sys=0.01, real=0.05 secs] 
3575.449: [GC (Allocation Failure) [PSYoungGen: 415221K->187221K(465920K)] 1376088K->1203119K(1864192K), 0.0619594 secs] [Times: user=0.30 sys=0.00, real=0.06 secs] 
3576.637: [GC (Allocation Failure) [PSYoungGen: 420181K->99692K(465920K)] 1436079K->1186222K(1864192K), 0.0596911 secs] [Times: user=0.32 sys=0.00, real=0.06 secs] 
3577.043: [GC (Allocation Failure) [PSYoungGen: 332652K->172308K(465920K)] 1419182K->1291868K(1864192K), 0.0559237 secs] [Times: user=0.27 sys=0.00, real=0.06 secs] 
3577.225: [GC (Allocation Failure) [PSYoungGen: 405268K->183541K(465920K)] 1524828K->1357021K(1864192K), 0.0430459 secs] [Times: user=0.19 sys=0.00, real=0.05 secs] 
3577.757: [GC (Allocation Failure) [PSYoungGen: 416501K->185303K(465920K)] 1589981K->1422662K(1864192K), 0.0790628 secs] [Times: user=0.39 sys=0.00, real=0.07 secs] 
3579.230: [GC (Allocation Failure) [PSYoungGen: 417814K->209395K(465920K)] 1655174K->1505475K(1864192K), 0.0577892 secs] [Times: user=0.28 sys=0.01, real=0.06 secs] 
3580.127: [GC (Allocation Failure) [PSYoungGen: 442355K->104236K(465920K)] 1738435K->1465964K(1864192K), 0.0752492 secs] [Times: user=0.40 sys=0.00, real=0.08 secs] 
3580.202: [Full GC (Ergonomics) [PSYoungGen: 104236K->0K(465920K)] [ParOldGen: 1361727K->124711K(1398272K)] 1465964K->124711K(1864192K), [Metaspace: 60145K->60145K(1105920K)], 0.1570391 secs] [Times: user=0.68 sys=0.00, real=0.16 secs] 
3580.479: [GC (Allocation Failure) [PSYoungGen: 230743K->178453K(465920K)] 355455K->303165K(1864192K), 0.0244356 secs] [Times: user=0.08 sys=0.00, real=0.02 secs] 
3580.613: [GC (Allocation Failure) [PSYoungGen: 411413K->185462K(465920K)] 536125K->365813K(1864192K), 0.0411071 secs] [Times: user=0.18 sys=0.00, real=0.04 secs] 
3580.761: [GC (Allocation Failure) [PSYoungGen: 418422K->187349K(465920K)] 598773K->423908K(1864192K), 0.0446061 secs] [Times: user=0.20 sys=0.00, real=0.04 secs] 
3581.861: [GC (Allocation Failure) [PSYoungGen: 420309K->97771K(465920K)] 656868K->404883K(1864192K), 0.0431562 secs] [Times: user=0.23 sys=0.00, real=0.04 secs] 
3582.410: [GC (Allocation Failure) [PSYoungGen: 330731K->171732K(465920K)] 637843K->509905K(1864192K), 0.0645315 secs] [Times: user=0.30 sys=0.00, real=0.06 secs] 
3582.669: [GC (Allocation Failure) [PSYoungGen: 404692K->185334K(465920K)] 742865K->577650K(1864192K), 0.0607476 secs] [Times: user=0.29 sys=0.01, real=0.06 secs] 
3582.852: [GC (Allocation Failure) [PSYoungGen: 418294K->186039K(465920K)] 810610K->642579K(1864192K), 0.0498738 secs] [Times: user=0.23 sys=0.00, real=0.05 secs] 
3583.734: [GC (Allocation Failure) [PSYoungGen: 414602K->205395K(465920K)] 871142K->720815K(1864192K), 0.0546357 secs] [Times: user=0.28 sys=0.00, real=0.06 secs] 
3584.339: [GC (Allocation Failure) [PSYoungGen: 438355K->103964K(465920K)] 953775K->684037K(1864192K), 0.0950463 secs] [Times: user=0.51 sys=0.00, real=0.09 secs] 
3584.642: [GC (Allocation Failure) [PSYoungGen: 335003K->178645K(465920K)] 915076K->792675K(1864192K), 0.0373032 secs] [Times: user=0.16 sys=0.00, real=0.04 secs] 
3584.808: [GC (Allocation Failure) [PSYoungGen: 411605K->184182K(465920K)] 1025635K->853859K(1864192K), 0.0480535 secs] [Times: user=0.22 sys=0.00, real=0.04 secs] 
3585.123: [GC (Allocation Failure) [PSYoungGen: 417142K->187509K(465920K)] 1086819K->913051K(1864192K), 0.0516119 secs] [Times: user=0.25 sys=0.00, real=0.05 secs] 
3586.579: [GC (Allocation Failure) [PSYoungGen: 420469K->99020K(465920K)] 1146011K->895313K(1864192K), 0.0509639 secs] [Times: user=0.27 sys=0.00, real=0.05 secs] 
3587.162: [GC (GCLocker Initiated GC) [PSYoungGen: 331980K->171060K(465920K)] 1128273K->999711K(1864192K), 0.0660137 secs] [Times: user=0.31 sys=0.00, real=0.07 secs] 
3587.418: [GC (Allocation Failure) [PSYoungGen: 404020K->209910K(465920K)] 1232674K->1092068K(1864192K), 0.0576038 secs] [Times: user=0.27 sys=0.00, real=0.05 secs] 
3587.638: [GC (Allocation Failure) [PSYoungGen: 442870K->185943K(465920K)] 1325028K->1140693K(1864192K), 0.0787085 secs] [Times: user=0.39 sys=0.00, real=0.08 secs] 
3589.009: [GC (Allocation Failure) [PSYoungGen: 417344K->206931K(465920K)] 1372094K->1220661K(1864192K), 0.0568368 secs] [Times: user=0.29 sys=0.00, real=0.05 secs] 
3589.580: [GC (Allocation Failure) [PSYoungGen: 439891K->104124K(465920K)] 1453621K->1182750K(1864192K), 0.0807784 secs] [Times: user=0.43 sys=0.00, real=0.08 secs] 
3589.850: [GC (Allocation Failure) [PSYoungGen: 334595K->178101K(465920K)] 1413221K->1290532K(1864192K), 0.0360864 secs] [Times: user=0.15 sys=0.01, real=0.03 secs] 
3589.994: [GC (Allocation Failure) [PSYoungGen: 411061K->185526K(465920K)] 1523492K->1353237K(1864192K), 0.0441594 secs] [Times: user=0.20 sys=0.00, real=0.05 secs] 
3590.141: [GC (Allocation Failure) [PSYoungGen: 418486K->187637K(465920K)] 1586197K->1411500K(1864192K), 0.0464454 secs] [Times: user=0.22 sys=0.00, real=0.05 secs] 
3591.286: [GC (Allocation Failure) [PSYoungGen: 420597K->98524K(465920K)] 1644460K->1393178K(1864192K), 0.0455214 secs] [Times: user=0.24 sys=0.00, real=0.05 secs] 
3591.497: [GC (Allocation Failure) [PSYoungGen: 331484K->176661K(465920K)] 1626138K->1503876K(1864192K), 0.0396041 secs] [Times: user=0.17 sys=0.00, real=0.03 secs] 
3591.537: [Full GC (Ergonomics) [PSYoungGen: 176661K->0K(465920K)] [ParOldGen: 1327215K->202922K(1398272K)] 1503876K->202922K(1864192K), [Metaspace: 60145K->60145K(1105920K)], 0.1865610 secs] [Times: user=0.83 sys=0.01, real=0.18 secs] 
3591.834: [GC (GCLocker Initiated GC) [PSYoungGen: 232960K->181365K(465920K)] 435882K->384287K(1864192K), 0.0329019 secs] [Times: user=0.13 sys=0.00, real=0.03 secs] 
3592.857: [GC (Allocation Failure) [PSYoungGen: 414325K->179190K(465920K)] 617250K->453547K(1864192K), 0.1134975 secs] [Times: user=0.58 sys=0.00, real=0.12 secs] 
3594.416: [GC (Allocation Failure) [PSYoungGen: 407078K->211219K(465920K)] 681435K->542160K(1864192K), 0.0542875 secs] [Times: user=0.27 sys=0.00, real=0.06 secs] 
3595.728: [GC (Allocation Failure) [PSYoungGen: 444179K->97355K(465920K)] 775120K->494672K(1864192K), 0.0900463 secs] [Times: user=0.48 sys=0.00, real=0.09 secs] 
3596.119: [GC (Allocation Failure) [PSYoungGen: 330315K->181238K(465920K)] 727632K->610010K(1864192K), 0.0365069 secs] [Times: user=0.15 sys=0.00, real=0.03 secs] 
3596.266: [GC (Allocation Failure) [PSYoungGen: 414198K->185398K(465920K)] 842970K->670770K(1864192K), 0.0437448 secs] [Times: user=0.20 sys=0.00, real=0.05 secs] 
3596.453: [GC (Allocation Failure) [PSYoungGen: 418358K->187093K(465920K)] 903730K->728625K(1864192K), 0.0637862 secs] [Times: user=0.31 sys=0.00, real=0.06 secs] 
3597.587: [GC (Allocation Failure) [PSYoungGen: 420053K->98956K(465920K)] 961585K->711032K(1864192K), 0.0496584 secs] [Times: user=0.25 sys=0.00, real=0.04 secs] 
3598.049: [GC (Allocation Failure) [PSYoungGen: 331916K->168980K(465920K)] 943992K->812837K(1864192K), 0.0595850 secs] [Times: user=0.28 sys=0.00, real=0.06 secs] 
3598.230: [GC (Allocation Failure) [PSYoungGen: 401940K->185654K(465920K)] 1045797K->882215K(1864192K), 0.0425433 secs] [Times: user=0.19 sys=0.00, real=0.04 secs] 
3598.382: [GC (Allocation Failure) [PSYoungGen: 418569K->186135K(465920K)] 1115131K->947168K(1864192K), 0.0499375 secs] [Times: user=0.23 sys=0.00, real=0.05 secs] 
3599.251: [GC (Allocation Failure) [PSYoungGen: 414997K->211091K(465920K)] 1176030K->1031173K(1864192K), 0.0553681 secs] [Times: user=0.27 sys=0.00, real=0.05 secs] 
3600.626: [GC (Allocation Failure) [PSYoungGen: 444051K->94779K(465920K)] 1264133K->981108K(1864192K), 0.0979573 secs] [Times: user=0.53 sys=0.00, real=0.10 secs] 
3601.249: [GC (Allocation Failure) [PSYoungGen: 327739K->181526K(465920K)] 1214068K->1098516K(1864192K), 0.0563106 secs] [Times: user=0.26 sys=0.00, real=0.05 secs] 
3601.522: [GC (GCLocker Initiated GC) [PSYoungGen: 414486K->183861K(465920K)] 1331477K->1157156K(1864192K), 0.0630928 secs] [Times: user=0.30 sys=0.01, real=0.06 secs] 
3602.066: [GC (Allocation Failure) [PSYoungGen: 416821K->187189K(465920K)] 1390118K->1216214K(1864192K), 0.0795012 secs] [Times: user=0.40 sys=0.00, real=0.08 secs] 
3603.394: [GC (GCLocker Initiated GC) [PSYoungGen: 420149K->100588K(465920K)] 1449174K->1200269K(1864192K), 0.0603133 secs] [Times: user=0.33 sys=0.01, real=0.06 secs] 
3604.621: [GC (Allocation Failure) [PSYoungGen: 333548K->168724K(465920K)] 1433232K->1300461K(1864192K), 0.0678734 secs] [Times: user=0.33 sys=0.00, real=0.07 secs] 
3604.869: [GC (Allocation Failure) [PSYoungGen: 401684K->185782K(465920K)] 1533421K->1370483K(1864192K), 0.0609324 secs] [Times: user=0.29 sys=0.00, real=0.06 secs] 
3605.050: [GC (Allocation Failure) [PSYoungGen: 418742K->186167K(465920K)] 1603443K->1435308K(1864192K), 0.0510883 secs] [Times: user=0.24 sys=0.00, real=0.05 secs] 
3605.420: [GC (Allocation Failure) [PSYoungGen: 419127K->195348K(465920K)] 1668268K->1503489K(1864192K), 0.0550144 secs] [Times: user=0.27 sys=0.00, real=0.05 secs] 
3606.399: [GC (Allocation Failure) [PSYoungGen: 428308K->98091K(465920K)] 1736449K->1473201K(1864192K), 0.0549110 secs] [Times: user=0.29 sys=0.00, real=0.05 secs] 
3606.454: [Full GC (Ergonomics) [PSYoungGen: 98091K->0K(465920K)] [ParOldGen: 1375109K->116326K(1398272K)] 1473201K->116326K(1864192K), [Metaspace: 60273K->60273K(1105920K)], 0.1126504 secs] [Times: user=0.45 sys=0.00, real=0.11 secs] 
3606.728: [GC (Allocation Failure) [PSYoungGen: 232960K->183766K(465920K)] 349286K->300092K(1864192K), 0.0340112 secs] [Times: user=0.12 sys=0.00, real=0.03 secs] 
3606.898: [GC (Allocation Failure) [PSYoungGen: 416726K->185846K(465920K)] 533052K->359700K(1864192K), 0.0419309 secs] [Times: user=0.19 sys=0.00, real=0.04 secs] 
3607.041: [GC (Allocation Failure) [PSYoungGen: 418806K->184340K(465920K)] 592660K->414635K(1864192K), 0.0446151 secs] [Times: user=0.20 sys=0.00, real=0.04 secs] 
3608.253: [GC (Allocation Failure) [PSYoungGen: 417300K->98780K(465920K)] 647595K->398622K(1864192K), 0.0606503 secs] [Times: user=0.32 sys=0.00, real=0.06 secs] 
3608.822: [GC (Allocation Failure) [PSYoungGen: 331740K->175189K(465920K)] 631582K->507784K(1864192K), 0.0637894 secs] [Times: user=0.30 sys=0.00, real=0.06 secs] 
3609.076: [GC (Allocation Failure) [PSYoungGen: 408149K->184918K(465920K)] 740744K->571856K(1864192K), 0.0632953 secs] [Times: user=0.30 sys=0.00, real=0.07 secs] 
3609.300: [GC (Allocation Failure) [PSYoungGen: 417878K->184759K(465920K)] 804816K->635905K(1864192K), 0.0493642 secs] [Times: user=0.23 sys=0.00, real=0.05 secs] 
3610.918: [GC (Allocation Failure) [PSYoungGen: 415639K->205875K(465920K)] 866786K->715685K(1864192K), 0.0545170 secs] [Times: user=0.27 sys=0.00, real=0.05 secs] 
3612.234: [GC (Allocation Failure) [PSYoungGen: 438835K->101068K(465920K)] 948645K->675542K(1864192K), 0.1119162 secs] [Times: user=0.61 sys=0.00, real=0.11 secs] 
3612.540: [GC (Allocation Failure) [PSYoungGen: 334028K->181078K(465920K)] 908502K->788185K(1864192K), 0.0348833 secs] [Times: user=0.14 sys=0.00, real=0.03 secs] 
3612.684: [GC (Allocation Failure) [PSYoungGen: 414038K->185494K(465920K)] 1021145K->849026K(1864192K), 0.0441727 secs] [Times: user=0.20 sys=0.00, real=0.05 secs] 
3612.834: [GC (Allocation Failure) [PSYoungGen: 418454K->186901K(465920K)] 1081986K->906633K(1864192K), 0.0466736 secs] [Times: user=0.21 sys=0.01, real=0.05 secs] 
3614.017: [GC (Allocation Failure) [PSYoungGen: 419861K->96043K(465920K)] 1139593K->886211K(1864192K), 0.0595929 secs] [Times: user=0.32 sys=0.00, real=0.06 secs] 
3614.414: [GC (Allocation Failure) [PSYoungGen: 329003K->174133K(465920K)] 1119171K->995810K(1864192K), 0.0604534 secs] [Times: user=0.29 sys=0.00, real=0.06 secs] 
3614.651: [GC (GCLocker Initiated GC) [PSYoungGen: 407093K->181461K(465920K)] 1228771K->1057495K(1864192K), 0.0606965 secs] [Times: user=0.29 sys=0.00, real=0.06 secs] 
3614.833: [GC (Allocation Failure) [PSYoungGen: 414421K->185111K(465920K)] 1290622K->1124563K(1864192K), 0.0506630 secs] [Times: user=0.23 sys=0.00, real=0.05 secs] 
3615.657: [GC (Allocation Failure) [PSYoungGen: 413352K->210931K(465920K)] 1352805K->1209136K(1864192K), 0.0567073 secs] [Times: user=0.28 sys=0.00, real=0.05 secs] 
3616.377: [GC (Allocation Failure) [PSYoungGen: 443891K->102012K(465920K)] 1442096K->1166401K(1864192K), 0.1052751 secs] [Times: user=0.57 sys=0.01, real=0.10 secs] 
3616.685: [GC (Allocation Failure) [PSYoungGen: 333182K->180534K(465920K)] 1397571K->1278207K(1864192K), 0.0361345 secs] [Times: user=0.15 sys=0.00, real=0.04 secs] 
3616.873: [GC (Allocation Failure) [PSYoungGen: 413494K->184886K(465920K)] 1511167K->1338527K(1864192K), 0.0646445 secs] [Times: user=0.30 sys=0.01, real=0.07 secs] 
3617.080: [GC (Allocation Failure) [PSYoungGen: 417846K->184148K(465920K)] 1571487K->1393766K(1864192K), 0.0457176 secs] [Times: user=0.21 sys=0.00, real=0.04 secs] 
3619.241: [GC (Allocation Failure) [PSYoungGen: 417108K->104492K(465920K)] 1626726K->1383606K(1864192K), 0.0520262 secs] [Times: user=0.27 sys=0.00, real=0.05 secs] 
3620.113: [GC (Allocation Failure) [PSYoungGen: 337452K->173140K(465920K)] 1616566K->1485779K(1864192K), 0.0624555 secs] [Times: user=0.30 sys=0.00, real=0.06 secs] 
3620.176: [Full GC (Ergonomics) [PSYoungGen: 173140K->0K(465920K)] [ParOldGen: 1312638K->198770K(1398272K)] 1485779K->198770K(1864192K), [Metaspace: 60285K->60285K(1105920K)], 0.2071699 secs] [Times: user=0.96 sys=0.00, real=0.21 secs] 
3620.493: [GC (GCLocker Initiated GC) [PSYoungGen: 232960K->180917K(465920K)] 431730K->379688K(1864192K), 0.0317365 secs] [Times: user=0.12 sys=0.00, real=0.03 secs] 
3620.633: [GC (Allocation Failure) [PSYoungGen: 413877K->181910K(465920K)] 612779K->443828K(1864192K), 0.0434462 secs] [Times: user=0.19 sys=0.00, real=0.04 secs] 
3621.470: [GC (Allocation Failure) [PSYoungGen: 409957K->211667K(465920K)] 671875K->531061K(1864192K), 0.0551995 secs] [Times: user=0.28 sys=0.00, real=0.05 secs] 
3621.998: [GC (Allocation Failure) [PSYoungGen: 444627K->102076K(465920K)] 764021K->487933K(1864192K), 0.0596429 secs] [Times: user=0.31 sys=0.00, real=0.06 secs] 
3622.297: [GC (Allocation Failure) [PSYoungGen: 335036K->179477K(465920K)] 720893K->598216K(1864192K), 0.0443078 secs] [Times: user=0.19 sys=0.00, real=0.05 secs] 
3622.453: [GC (Allocation Failure) [PSYoungGen: 412437K->185878K(465920K)] 831176K->660317K(1864192K), 0.0433274 secs] [Times: user=0.20 sys=0.00, real=0.04 secs] 
3622.600: [GC (Allocation Failure) [PSYoungGen: 418838K->184981K(465920K)] 893277K->715859K(1864192K), 0.0452722 secs] [Times: user=0.21 sys=0.00, real=0.04 secs] 
3623.848: [GC (Allocation Failure) [PSYoungGen: 417941K->102652K(465920K)] 948819K->703163K(1864192K), 0.0729497 secs] [Times: user=0.39 sys=0.00, real=0.07 secs] 
3624.408: [GC (Allocation Failure) [PSYoungGen: 335612K->172340K(465920K)] 936123K->806392K(1864192K), 0.0625253 secs] [Times: user=0.29 sys=0.01, real=0.06 secs] 
3624.609: [GC (Allocation Failure) [PSYoungGen: 405300K->185494K(465920K)] 1039352K->873669K(1864192K), 0.0426004 secs] [Times: user=0.20 sys=0.00, real=0.04 secs] 
3624.762: [GC (Allocation Failure) [PSYoungGen: 418382K->185047K(465920K)] 1106557K->937606K(1864192K), 0.0496211 secs] [Times: user=0.23 sys=0.00, real=0.05 secs] 
3626.342: [GC (Allocation Failure) [PSYoungGen: 418007K->168403K(465920K)] 1170566K->979738K(1864192K), 0.0570463 secs] [Times: user=0.28 sys=0.00, real=0.06 secs] 
3627.164: [GC (Allocation Failure) [PSYoungGen: 401363K->109933K(465920K)] 1212698K->985740K(1864192K), 0.0930627 secs] [Times: user=0.49 sys=0.00, real=0.10 secs] 
3627.434: [GC (Allocation Failure) [PSYoungGen: 342893K->180149K(465920K)] 1218700K->1091645K(1864192K), 0.0365278 secs] [Times: user=0.15 sys=0.00, real=0.04 secs] 
3627.598: [GC (Allocation Failure) [PSYoungGen: 413109K->183190K(465920K)] 1324605K->1157431K(1864192K), 0.0543216 secs] [Times: user=0.26 sys=0.00, real=0.05 secs] 
3627.782: [GC (Allocation Failure) [PSYoungGen: 416150K->186837K(465920K)] 1390391K->1219133K(1864192K), 0.0590609 secs] [Times: user=0.30 sys=0.00, real=0.06 secs] 
3628.889: [GC (Allocation Failure) [PSYoungGen: 419797K->98763K(465920K)] 1452093K->1201596K(1864192K), 0.0469709 secs] [Times: user=0.24 sys=0.00, real=0.04 secs] 
3629.786: [GC (Allocation Failure) [PSYoungGen: 331723K->171380K(465920K)] 1434556K->1305441K(1864192K), 0.0556435 secs] [Times: user=0.26 sys=0.00, real=0.06 secs] 
3629.981: [GC (Allocation Failure) [PSYoungGen: 404340K->185686K(465920K)] 1538401K->1373707K(1864192K), 0.0441316 secs] [Times: user=0.20 sys=0.00, real=0.04 secs] 
3630.149: [GC (Allocation Failure) [PSYoungGen: 409637K->176278K(465920K)] 1597658K->1428827K(1864192K), 0.0554051 secs] [Times: user=0.26 sys=0.00, real=0.05 secs] 
3630.945: [GC (Allocation Failure) [PSYoungGen: 409238K->189459K(465920K)] 1661787K->1498016K(1864192K), 0.0539720 secs] [Times: user=0.27 sys=0.00, real=0.06 secs] 
3631.645: [GC (Allocation Failure) [PSYoungGen: 422419K->104380K(465920K)] 1730976K->1477541K(1864192K), 0.0947451 secs] [Times: user=0.50 sys=0.01, real=0.10 secs] 
3631.739: [Full GC (Ergonomics) [PSYoungGen: 104380K->0K(465920K)] [ParOldGen: 1373161K->123153K(1398272K)] 1477541K->123153K(1864192K), [Metaspace: 60285K->60285K(1105920K)], 0.1691722 secs] [Times: user=0.78 sys=0.00, real=0.17 secs] 
3632.053: [GC (Allocation Failure) [PSYoungGen: 229534K->177717K(465920K)] 352687K->300870K(1864192K), 0.0247804 secs] [Times: user=0.08 sys=0.00, real=0.03 secs] 
3632.230: [GC (Allocation Failure) [PSYoungGen: 410677K->182837K(465920K)] 533830K->361182K(1864192K), 0.0452412 secs] [Times: user=0.20 sys=0.01, real=0.04 secs] 
3632.827: [GC (Allocation Failure) [PSYoungGen: 415797K->185941K(465920K)] 594142K->419478K(1864192K), 0.0716427 secs] [Times: user=0.34 sys=0.00, real=0.07 secs] 
3634.018: [GC (Allocation Failure) [PSYoungGen: 418901K->100732K(465920K)] 652438K->404341K(1864192K), 0.0637609 secs] [Times: user=0.34 sys=0.00, real=0.06 secs] 
3634.826: [GC (Allocation Failure) [PSYoungGen: 333692K->173557K(465920K)] 637301K->509799K(1864192K), 0.0568367 secs] [Times: user=0.26 sys=0.00, real=0.06 secs] 
3635.013: [GC (Allocation Failure) [PSYoungGen: 406517K->182677K(465920K)] 742759K->573039K(1864192K), 0.0419480 secs] [Times: user=0.19 sys=0.00, real=0.04 secs] 
3635.166: [GC (Allocation Failure) [PSYoungGen: 415569K->185879K(465920K)] 805931K->640313K(1864192K), 0.0491047 secs] [Times: user=0.23 sys=0.00, real=0.05 secs] 
3636.170: [GC (Allocation Failure) [PSYoungGen: 413725K->209235K(465920K)] 868159K->722597K(1864192K), 0.0561284 secs] [Times: user=0.29 sys=0.00, real=0.05 secs] 
3636.709: [GC (Allocation Failure) [PSYoungGen: 442195K->99051K(465920K)] 955557K->678109K(1864192K), 0.0715123 secs] [Times: user=0.38 sys=0.01, real=0.07 secs] 
3637.011: [GC (Allocation Failure) [PSYoungGen: 332011K->183830K(465920K)] 911069K->795009K(1864192K), 0.0447030 secs] [Times: user=0.19 sys=0.00, real=0.04 secs] 
3637.168: [GC (Allocation Failure) [PSYoungGen: 416790K->182293K(465920K)] 1027969K->850512K(1864192K), 0.0436210 secs] [Times: user=0.20 sys=0.00, real=0.04 secs] 
3637.317: [GC (Allocation Failure) [PSYoungGen: 415253K->203765K(465920K)] 1083472K->927104K(1864192K), 0.0456458 secs] [Times: user=0.21 sys=0.00, real=0.05 secs] 
3638.473: [GC (Allocation Failure) [PSYoungGen: 436725K->98604K(465920K)] 1160064K->892607K(1864192K), 0.0538874 secs] [Times: user=0.28 sys=0.00, real=0.05 secs] 
3638.864: [GC (GCLocker Initiated GC) [PSYoungGen: 331564K->171316K(465920K)] 1125567K->997965K(1864192K), 0.0570582 secs] [Times: user=0.26 sys=0.00, real=0.06 secs] 
3639.055: [GC (Allocation Failure) [PSYoungGen: 404276K->185142K(465920K)] 1231056K->1065361K(1864192K), 0.0431171 secs] [Times: user=0.20 sys=0.00, real=0.05 secs] 
3639.440: [GC (Allocation Failure) [PSYoungGen: 418102K->185111K(465920K)] 1298321K->1129714K(1864192K), 0.0706388 secs] [Times: user=0.35 sys=0.00, real=0.07 secs] 
3640.870: [GC (Allocation Failure) [PSYoungGen: 418071K->193395K(465920K)] 1362674K->1196710K(1864192K), 0.0559213 secs] [Times: user=0.28 sys=0.00, real=0.05 secs] 
3641.889: [GC (GCLocker Initiated GC) [PSYoungGen: 426355K->103388K(465920K)] 1429670K->1172407K(1864192K), 0.0933371 secs] [Times: user=0.50 sys=0.01, real=0.09 secs] 
3642.198: [GC (GCLocker Initiated GC) [PSYoungGen: 336348K->178645K(465920K)] 1405371K->1280734K(1864192K), 0.0384304 secs] [Times: user=0.17 sys=0.00, real=0.03 secs] 
3642.389: [GC (Allocation Failure) [PSYoungGen: 411605K->185334K(465920K)] 1513988K->1343780K(1864192K), 0.0695270 secs] [Times: user=0.33 sys=0.00, real=0.07 secs] 
3642.638: [GC (Allocation Failure) [PSYoungGen: 418294K->187509K(465920K)] 1576740K->1402100K(1864192K), 0.0671559 secs] [Times: user=0.32 sys=0.00, real=0.06 secs] 
3643.753: [GC (Allocation Failure) [PSYoungGen: 420469K->97595K(465920K)] 1635062K->1382828K(1864192K), 0.0456189 secs] [Times: user=0.24 sys=0.01, real=0.05 secs] 
3644.192: [GC (Allocation Failure) [PSYoungGen: 330555K->171220K(465920K)] 1615788K->1487858K(1864192K), 0.0676216 secs] [Times: user=0.31 sys=0.01, real=0.07 secs] 
3644.260: [Full GC (Ergonomics) [PSYoungGen: 171220K->0K(465920K)] [ParOldGen: 1316637K->196350K(1398272K)] 1487858K->196350K(1864192K), [Metaspace: 60290K->60290K(1105920K)], 0.2132428 secs] [Times: user=0.99 sys=0.00, real=0.21 secs] 
3644.585: [GC (GCLocker Initiated GC) [PSYoungGen: 232960K->182037K(465920K)] 429311K->378389K(1864192K), 0.0330585 secs] [Times: user=0.13 sys=0.00, real=0.04 secs] 
3644.761: [GC (Allocation Failure) [PSYoungGen: 414997K->185111K(465920K)] 611515K->444972K(1864192K), 0.0436731 secs] [Times: user=0.20 sys=0.00, real=0.04 secs] 
3645.606: [GC (Allocation Failure) [PSYoungGen: 417712K->212339K(465920K)] 677573K->531089K(1864192K), 0.0559389 secs] [Times: user=0.28 sys=0.00, real=0.06 secs] 
3646.155: [GC (GCLocker Initiated GC) [PSYoungGen: 445299K->106300K(465920K)] 764049K->491910K(1864192K), 0.0777613 secs] [Times: user=0.41 sys=0.00, real=0.08 secs] 
3646.445: [GC (Allocation Failure) [PSYoungGen: 339260K->175445K(465920K)] 733065K->603361K(1864192K), 0.1400261 secs] [Times: user=0.77 sys=0.00, real=0.14 secs] 
3646.740: [GC (Allocation Failure) [PSYoungGen: 408405K->181494K(465920K)] 836321K->665290K(1864192K), 0.1726284 secs] [Times: user=0.97 sys=0.00, real=0.17 secs] 
3647.018: [GC (Allocation Failure) [PSYoungGen: 414454K->187637K(465920K)] 898250K->729465K(1864192K), 0.1257349 secs] [Times: user=0.69 sys=0.00, real=0.12 secs] 
3649.272: [GC (Allocation Failure) [PSYoungGen: 420597K->100140K(465920K)] 962425K->712960K(1864192K), 0.0948022 secs] [Times: user=0.53 sys=0.00, real=0.09 secs] 
3649.960: [GC (Allocation Failure) [PSYoungGen: 333100K->173493K(465920K)] 945920K->819101K(1864192K), 0.0575036 secs] [Times: user=0.27 sys=0.00, real=0.06 secs] 
3650.147: [GC (Allocation Failure) [PSYoungGen: 406453K->185302K(465920K)] 1052061K->885254K(1864192K), 0.0426023 secs] [Times: user=0.19 sys=0.00, real=0.04 secs] 
3650.307: [GC (Allocation Failure) [PSYoungGen: 410356K->175125K(465920K)] 1110308K->939501K(1864192K), 0.0480316 secs] [Times: user=0.23 sys=0.00, real=0.05 secs] 
3651.361: [GC (Allocation Failure) [PSYoungGen: 408085K->169171K(465920K)] 1172461K->989147K(1864192K), 0.0542512 secs] [Times: user=0.27 sys=0.00, real=0.05 secs] 
3651.893: [GC (Allocation Failure) [PSYoungGen: 402131K->111341K(465920K)] 1222107K->996069K(1864192K), 0.0774457 secs] [Times: user=0.41 sys=0.00, real=0.08 secs] 
3652.122: [GC (Allocation Failure) [PSYoungGen: 337442K->171476K(465920K)] 1222170K->1092521K(1864192K), 0.0359861 secs] [Times: user=0.15 sys=0.01, real=0.04 secs] 
3652.266: [GC (GCLocker Initiated GC) [PSYoungGen: 404436K->183862K(465920K)] 1325488K->1158053K(1864192K), 0.0431615 secs] [Times: user=0.19 sys=0.00, real=0.05 secs] 
3652.415: [GC (Allocation Failure) [PSYoungGen: 416822K->184404K(465920K)] 1391180K->1214322K(1864192K), 0.0463601 secs] [Times: user=0.22 sys=0.01, real=0.05 secs] 
3653.560: [GC (Allocation Failure) [PSYoungGen: 417364K->104700K(465920K)] 1447282K->1204154K(1864192K), 0.0587294 secs] [Times: user=0.31 sys=0.00, real=0.06 secs] 
3654.158: [GC (Allocation Failure) [PSYoungGen: 337660K->172212K(465920K)] 1437114K->1305607K(1864192K), 0.0598686 secs] [Times: user=0.28 sys=0.00, real=0.06 secs] 
3654.336: [GC (Allocation Failure) [PSYoungGen: 405172K->182869K(465920K)] 1538567K->1370108K(1864192K), 0.0433282 secs] [Times: user=0.19 sys=0.00, real=0.05 secs] 
3654.520: [GC (Allocation Failure) [PSYoungGen: 415829K->185495K(465920K)] 1603068K->1436701K(1864192K), 0.0704279 secs] [Times: user=0.34 sys=0.00, real=0.07 secs] 
3656.130: [GC (Allocation Failure) [PSYoungGen: 418455K->169555K(402944K)] 1669661K->1479721K(1801216K), 0.0554699 secs] [Times: user=0.28 sys=0.00, real=0.05 secs] 
3656.968: [GC (Allocation Failure) [PSYoungGen: 402515K->109005K(461824K)] 1712681K->1484011K(1860096K), 0.1084174 secs] [Times: user=0.59 sys=0.01, real=0.10 secs] 
3657.076: [Full GC (Ergonomics) [PSYoungGen: 109005K->0K(461824K)] [ParOldGen: 1375006K->127711K(1398272K)] 1484011K->127711K(1860096K), [Metaspace: 60295K->60295K(1105920K)], 0.1944050 secs] [Times: user=0.88 sys=0.00, real=0.20 secs] 
3657.389: [GC (Allocation Failure) [PSYoungGen: 230912K->178709K(463872K)] 358623K->306420K(1862144K), 0.0263000 secs] [Times: user=0.09 sys=0.00, real=0.02 secs] 
3657.545: [GC (Allocation Failure) [PSYoungGen: 409621K->180630K(465920K)] 537332K->370858K(1864192K), 0.0527823 secs] [Times: user=0.25 sys=0.00, real=0.06 secs] 
3657.701: [GC (Allocation Failure) [PSYoungGen: 413590K->184500K(465920K)] 603818K->432112K(1864192K), 0.0570619 secs] [Times: user=0.28 sys=0.00, real=0.06 secs] 
3658.742: [GC (Allocation Failure) [PSYoungGen: 417460K->100924K(465920K)] 665072K->418159K(1864192K), 0.0467753 secs] [Times: user=0.24 sys=0.01, real=0.05 secs] 
3659.281: [GC (Allocation Failure) [PSYoungGen: 333884K->173396K(465920K)] 651119K->522709K(1864192K), 0.0591807 secs] [Times: user=0.27 sys=0.00, real=0.06 secs] 
3659.530: [GC (Allocation Failure) [PSYoungGen: 406356K->185046K(465920K)] 755669K->589582K(1864192K), 0.0597866 secs] [Times: user=0.29 sys=0.00, real=0.06 secs] 
3659.781: [GC (Allocation Failure) [PSYoungGen: 417425K->181334K(465920K)] 821962K->649999K(1864192K), 0.0683344 secs] [Times: user=0.34 sys=0.00, real=0.07 secs] 
3660.760: [GC (Allocation Failure) [PSYoungGen: 414294K->168787K(460800K)] 882959K->694971K(1859072K), 0.0563845 secs] [Times: user=0.28 sys=0.00, real=0.05 secs] 
3661.237: [GC (Allocation Failure) [PSYoungGen: 401747K->110573K(463360K)] 927931K->701449K(1861632K), 0.0740626 secs] [Times: user=0.39 sys=0.00, real=0.07 secs] 
3661.504: [GC (Allocation Failure) [PSYoungGen: 343533K->178869K(465920K)] 934409K->804982K(1864192K), 0.0370101 secs] [Times: user=0.16 sys=0.00, real=0.04 secs] 
3661.650: [GC (Allocation Failure) [PSYoungGen: 411829K->182902K(465920K)] 1037942K->871859K(1864192K), 0.0499013 secs] [Times: user=0.23 sys=0.00, real=0.05 secs] 
3661.828: [GC (Allocation Failure) [PSYoungGen: 415862K->187541K(465920K)] 1104819K->934890K(1864192K), 0.0749259 secs] [Times: user=0.38 sys=0.00, real=0.07 secs] 
3663.655: [GC (Allocation Failure) [PSYoungGen: 420501K->100028K(465920K)] 1167850K->917953K(1864192K), 0.0634216 secs] [Times: user=0.34 sys=0.00, real=0.07 secs] 
3664.141: [GC (Allocation Failure) [PSYoungGen: 332988K->176853K(465920K)] 1150913K->1027547K(1864192K), 0.0583744 secs] [Times: user=0.27 sys=0.00, real=0.06 secs] 
3664.354: [GC (Allocation Failure) [PSYoungGen: 409813K->182389K(465920K)] 1260507K->1088019K(1864192K), 0.0448138 secs] [Times: user=0.21 sys=0.00, real=0.05 secs] 
3664.527: [GC (Allocation Failure) [PSYoungGen: 403081K->174229K(465920K)] 1308711K->1143819K(1864192K), 0.0614768 secs] [Times: user=0.31 sys=0.00, real=0.06 secs] 
3665.488: [GC (Allocation Failure) [PSYoungGen: 407189K->168851K(401920K)] 1376779K->1193769K(1800192K), 0.0569690 secs] [Times: user=0.28 sys=0.00, real=0.05 secs] 
3666.217: [GC (Allocation Failure) [PSYoungGen: 401811K->108172K(459264K)] 1426729K->1197530K(1857536K), 0.1133665 secs] [Times: user=0.62 sys=0.00, real=0.12 secs] 
3666.516: [GC (Allocation Failure) [PSYoungGen: 333276K->174389K(462336K)] 1422634K->1299032K(1860608K), 0.0365727 secs] [Times: user=0.15 sys=0.01, real=0.04 secs] 
3666.695: [GC (Allocation Failure) [PSYoungGen: 404277K->183285K(464896K)] 1528920K->1362336K(1863168K), 0.0652696 secs] [Times: user=0.31 sys=0.00, real=0.07 secs] 
3666.917: [GC (Allocation Failure) [PSYoungGen: 417269K->184436K(418816K)] 1596320K->1419167K(1817088K), 0.0651869 secs] [Times: user=0.32 sys=0.00, real=0.07 secs] 
3668.011: [GC (Allocation Failure) [PSYoungGen: 418420K->103340K(465920K)] 1653151K->1407587K(1864192K), 0.0470478 secs] [Times: user=0.25 sys=0.00, real=0.05 secs] 
3668.304: [GC (Allocation Failure) [PSYoungGen: 336300K->171732K(465920K)] 1640547K->1509848K(1864192K), 0.0634359 secs] [Times: user=0.30 sys=0.00, real=0.07 secs] 
3668.368: [Full GC (Ergonomics) [PSYoungGen: 171732K->0K(465920K)] [ParOldGen: 1338115K->197852K(1398272K)] 1509848K->197852K(1864192K), [Metaspace: 60303K->60303K(1105920K)], 0.2120404 secs] [Times: user=1.00 sys=0.00, real=0.21 secs] 
3668.690: [GC (Allocation Failure) [PSYoungGen: 232960K->185046K(465920K)] 430812K->382898K(1864192K), 0.0332685 secs] [Times: user=0.13 sys=0.00, real=0.03 secs] 
3668.832: [GC (Allocation Failure) [PSYoungGen: 418006K->182742K(465920K)] 615858K->445119K(1864192K), 0.0440513 secs] [Times: user=0.19 sys=0.00, real=0.04 secs] 
3669.677: [GC (Allocation Failure) [PSYoungGen: 413018K->209651K(465920K)] 675395K->529740K(1864192K), 0.0547406 secs] [Times: user=0.27 sys=0.00, real=0.06 secs] 
3670.485: [GC (Allocation Failure) [PSYoungGen: 442611K->107276K(465920K)] 762700K->493445K(1864192K), 0.0798426 secs] [Times: user=0.43 sys=0.00, real=0.08 secs] 
3670.724: [GC (Allocation Failure) [PSYoungGen: 340236K->196853K(465920K)] 726405K->617635K(1864192K), 0.0370310 secs] [Times: user=0.16 sys=0.00, real=0.04 secs] 
3671.041: [GC (Allocation Failure) [PSYoungGen: 429813K->184823K(465920K)] 850595K->668764K(1864192K), 0.0691986 secs] [Times: user=0.34 sys=0.00, real=0.07 secs] 
3671.606: [GC (Allocation Failure) [PSYoungGen: 417783K->199060K(465920K)] 901724K->741458K(1864192K), 0.1083586 secs] [Times: user=0.57 sys=0.01, real=0.11 secs] 
3672.825: [GC (Allocation Failure) [PSYoungGen: 432020K->98283K(465920K)] 974418K->709745K(1864192K), 0.0518371 secs] [Times: user=0.27 sys=0.00, real=0.05 secs] 
3673.699: [GC (Allocation Failure) [PSYoungGen: 331243K->175509K(465920K)] 942705K->818375K(1864192K), 0.0577515 secs] [Times: user=0.27 sys=0.00, real=0.05 secs] 
3673.889: [GC (Allocation Failure) [PSYoungGen: 408469K->185654K(465920K)] 1051335K->883492K(1864192K), 0.0441566 secs] [Times: user=0.20 sys=0.00, real=0.04 secs] 
3674.060: [GC (Allocation Failure) [PSYoungGen: 415104K->177494K(465920K)] 1112943K->939668K(1864192K), 0.0563670 secs] [Times: user=0.27 sys=0.00, real=0.05 secs] 
3674.940: [GC (Allocation Failure) [PSYoungGen: 408725K->205555K(465920K)] 1170899K->1024049K(1864192K), 0.0532792 secs] [Times: user=0.26 sys=0.00, real=0.05 secs] 
3675.351: [GC (Allocation Failure) [PSYoungGen: 438515K->106364K(465920K)] 1257009K->989435K(1864192K), 0.0585599 secs] [Times: user=0.31 sys=0.00, real=0.06 secs] 
3675.611: [GC (Allocation Failure) [PSYoungGen: 331810K->176341K(465920K)] 1214881K->1093129K(1864192K), 0.0478374 secs] [Times: user=0.21 sys=0.00, real=0.05 secs] 
3675.802: [GC (Allocation Failure) [PSYoungGen: 409301K->185526K(465920K)] 1326089K->1157469K(1864192K), 0.0438046 secs] [Times: user=0.20 sys=0.01, real=0.04 secs] 
3675.970: [GC (Allocation Failure) [PSYoungGen: 418486K->184597K(465920K)] 1390429K->1212908K(1864192K), 0.0605155 secs] [Times: user=0.29 sys=0.00, real=0.06 secs] 
3677.194: [GC (Allocation Failure) [PSYoungGen: 417557K->99212K(465920K)] 1445868K->1196915K(1864192K), 0.0651282 secs] [Times: user=0.35 sys=0.00, real=0.07 secs] 
3678.020: [GC (Allocation Failure) [PSYoungGen: 332172K->174709K(465920K)] 1429875K->1305205K(1864192K), 0.0685687 secs] [Times: user=0.34 sys=0.00, real=0.07 secs] 
3678.216: [GC (Allocation Failure) [PSYoungGen: 407669K->184886K(465920K)] 1538165K->1369638K(1864192K), 0.0438737 secs] [Times: user=0.19 sys=0.00, real=0.05 secs] 
3678.393: [GC (Allocation Failure) [PSYoungGen: 417846K->184087K(465920K)] 1602598K->1433127K(1864192K), 0.0563286 secs] [Times: user=0.27 sys=0.00, real=0.06 secs] 
3679.755: [GC (Allocation Failure) [PSYoungGen: 413300K->206195K(465920K)] 1662341K->1513819K(1864192K), 0.0573673 secs] [Times: user=0.29 sys=0.00, real=0.06 secs] 
3680.832: [GC (Allocation Failure) [PSYoungGen: 439155K->99595K(465920K)] 1746779K->1471844K(1864192K), 0.0901579 secs] [Times: user=0.49 sys=0.00, real=0.09 secs] 
3680.922: [Full GC (Ergonomics) [PSYoungGen: 99595K->0K(465920K)] [ParOldGen: 1372248K->118283K(1398272K)] 1471844K->118283K(1864192K), [Metaspace: 60304K->60304K(1105920K)], 0.1701149 secs] [Times: user=0.74 sys=0.00, real=0.17 secs] 
3681.245: [GC (Allocation Failure) [PSYoungGen: 231439K->181654K(465920K)] 349723K->299938K(1864192K), 0.0251158 secs] [Times: user=0.08 sys=0.00, real=0.03 secs] 
3681.375: [GC (Allocation Failure) [PSYoungGen: 414614K->185654K(465920K)] 532898K->360514K(1864192K), 0.0417741 secs] [Times: user=0.19 sys=0.00, real=0.04 secs] 
3681.522: [GC (Allocation Failure) [PSYoungGen: 418614K->184821K(465920K)] 593474K->415888K(1864192K), 0.0448660 secs] [Times: user=0.21 sys=0.00, real=0.04 secs] 
3682.589: [GC (Allocation Failure) [PSYoungGen: 417781K->97755K(465920K)] 648848K->398571K(1864192K), 0.0440532 secs] [Times: user=0.22 sys=0.00, real=0.04 secs] 
3682.845: [GC (Allocation Failure) [PSYoungGen: 330715K->174261K(465920K)] 631531K->506497K(1864192K), 0.0413578 secs] [Times: user=0.19 sys=0.00, real=0.04 secs] 
3682.994: [GC (Allocation Failure) [PSYoungGen: 407221K->185558K(465920K)] 739457K->572367K(1864192K), 0.0434340 secs] [Times: user=0.20 sys=0.00, real=0.05 secs] 
3683.170: [GC (Allocation Failure) [PSYoungGen: 418518K->182934K(465920K)] 805327K->634375K(1864192K), 0.0546439 secs] [Times: user=0.26 sys=0.00, real=0.05 secs] 
3684.026: [GC (Allocation Failure) [PSYoungGen: 415894K->193491K(465920K)] 867335K->702848K(1864192K), 0.0563872 secs] [Times: user=0.28 sys=0.00, real=0.06 secs] 
3684.952: [GC (Allocation Failure) [PSYoungGen: 426451K->105676K(465920K)] 935808K->680893K(1864192K), 0.0853040 secs] [Times: user=0.46 sys=0.00, real=0.09 secs] 
3685.198: [GC (Allocation Failure) [PSYoungGen: 332582K->175829K(465920K)] 907800K->785225K(1864192K), 0.0351566 secs] [Times: user=0.15 sys=0.00, real=0.03 secs] 
3685.638: [GC (Allocation Failure) [PSYoungGen: 408789K->181685K(465920K)] 1018185K->845650K(1864192K), 0.0867887 secs] [Times: user=0.42 sys=0.00, real=0.08 secs] 
3686.100: [GC (GCLocker Initiated GC) [PSYoungGen: 414645K->183028K(465920K)] 1078611K->901666K(1864192K), 0.0772602 secs] [Times: user=0.38 sys=0.00, real=0.08 secs] 
3687.301: [GC (Allocation Failure) [PSYoungGen: 415988K->105628K(465920K)] 1134628K->893348K(1864192K), 0.0571522 secs] [Times: user=0.30 sys=0.00, real=0.06 secs] 
3688.424: [GC (Allocation Failure) [PSYoungGen: 338588K->164851K(465920K)] 1126308K->986512K(1864192K), 0.0658947 secs] [Times: user=0.32 sys=0.01, real=0.07 secs] 
3688.670: [GC (Allocation Failure) [PSYoungGen: 397811K->185590K(465920K)] 1219472K->1059514K(1864192K), 0.0575645 secs] [Times: user=0.27 sys=0.00, real=0.06 secs] 
3688.844: [GC (Allocation Failure) [PSYoungGen: 418550K->186135K(465920K)] 1292474K->1124460K(1864192K), 0.0508959 secs] [Times: user=0.24 sys=0.00, real=0.05 secs] 
3689.734: [GC (Allocation Failure) [PSYoungGen: 417174K->214676K(465920K)] 1355499K->1212201K(1864192K), 0.0583766 secs] [Times: user=0.29 sys=0.00, real=0.06 secs] 
3690.277: [GC (Allocation Failure) [PSYoungGen: 447636K->102268K(465920K)] 1445161K->1167353K(1864192K), 0.0592210 secs] [Times: user=0.31 sys=0.00, real=0.06 secs] 
3690.490: [GC (Allocation Failure) [PSYoungGen: 335228K->177525K(465920K)] 1400313K->1275443K(1864192K), 0.0361096 secs] [Times: user=0.15 sys=0.01, real=0.03 secs] 
3690.674: [GC (Allocation Failure) [PSYoungGen: 410485K->185110K(465920K)] 1508403K->1338951K(1864192K), 0.0707060 secs] [Times: user=0.35 sys=0.00, real=0.07 secs] 
3690.896: [GC (Allocation Failure) [PSYoungGen: 418070K->186805K(465920K)] 1571911K->1396735K(1864192K), 0.0467037 secs] [Times: user=0.22 sys=0.00, real=0.05 secs] 
3692.776: [GC (Allocation Failure) [PSYoungGen: 419765K->98940K(465920K)] 1629695K->1379386K(1864192K), 0.1233567 secs] [Times: user=0.67 sys=0.01, real=0.13 secs] 
3694.538: [GC (Allocation Failure) [PSYoungGen: 331900K->168756K(465920K)] 1612346K->1481119K(1864192K), 0.0710925 secs] [Times: user=0.35 sys=0.00, real=0.07 secs] 
3694.609: [Full GC (Ergonomics) [PSYoungGen: 168756K->0K(465920K)] [ParOldGen: 1312362K->193287K(1398272K)] 1481119K->193287K(1864192K), [Metaspace: 60313K->60313K(1105920K)], 0.2041368 secs] [Times: user=0.95 sys=0.00, real=0.20 secs] 
3694.923: [GC (Allocation Failure) [PSYoungGen: 232960K->185590K(465920K)] 426247K->378877K(1864192K), 0.0336110 secs] [Times: user=0.14 sys=0.00, real=0.03 secs] 
3695.064: [GC (Allocation Failure) [PSYoungGen: 418453K->186231K(465920K)] 611740K->444183K(1864192K), 0.0435415 secs] [Times: user=0.19 sys=0.00, real=0.05 secs] 
3696.099: [GC (Allocation Failure) [PSYoungGen: 415910K->211507K(465920K)] 673861K->528419K(1864192K), 0.0551140 secs] [Times: user=0.27 sys=0.00, real=0.05 secs] 
3697.171: [GC (Allocation Failure) [PSYoungGen: 444467K->97003K(465920K)] 761379K->480331K(1864192K), 0.0880367 secs] [Times: user=0.48 sys=0.01, real=0.09 secs] 
3697.472: [GC (Allocation Failure) [PSYoungGen: 329963K->187990K(465920K)] 713291K->602743K(1864192K), 0.0351036 secs] [Times: user=0.14 sys=0.00, real=0.03 secs] 
3697.613: [GC (Allocation Failure) [PSYoungGen: 420950K->185910K(465920K)] 835703K->657719K(1864192K), 0.0447529 secs] [Times: user=0.20 sys=0.00, real=0.05 secs] 
3697.761: [GC (Allocation Failure) [PSYoungGen: 418870K->187605K(465920K)] 890679K->715694K(1864192K), 0.0464410 secs] [Times: user=0.22 sys=0.00, real=0.05 secs] 
3698.816: [GC (Allocation Failure) [PSYoungGen: 420565K->94235K(465920K)] 948654K->693112K(1864192K), 0.0477601 secs] [Times: user=0.26 sys=0.00, real=0.05 secs] 
3699.032: [GC (Allocation Failure) [PSYoungGen: 327195K->173877K(465920K)] 926072K->803939K(1864192K), 0.0403177 secs] [Times: user=0.18 sys=0.00, real=0.04 secs] 
3699.180: [GC (Allocation Failure) [PSYoungGen: 406837K->184886K(465920K)] 1036899K->868971K(1864192K), 0.0435339 secs] [Times: user=0.20 sys=0.00, real=0.04 secs] 
3699.437: [GC (Allocation Failure) [PSYoungGen: 417846K->184695K(465920K)] 1101931K->932949K(1864192K), 0.0657775 secs] [Times: user=0.32 sys=0.00, real=0.07 secs] 
3700.377: [GC (Allocation Failure) [PSYoungGen: 415737K->209043K(465920K)] 1163991K->1015905K(1864192K), 0.0576639 secs] [Times: user=0.29 sys=0.00, real=0.06 secs] 
3701.703: [GC (Allocation Failure) [PSYoungGen: 442003K->102140K(465920K)] 1248865K->974490K(1864192K), 0.1104818 secs] [Times: user=0.60 sys=0.01, real=0.11 secs] 
3702.003: [GC (GCLocker Initiated GC) [PSYoungGen: 335100K->180181K(465920K)] 1207450K->1085589K(1864192K), 0.0355833 secs] [Times: user=0.14 sys=0.00, real=0.04 secs] 
3702.197: [GC (Allocation Failure) [PSYoungGen: 413141K->185110K(465920K)] 1318679K->1147059K(1864192K), 0.0708259 secs] [Times: user=0.35 sys=0.00, real=0.07 secs] 
3702.445: [GC (Allocation Failure) [PSYoungGen: 418070K->187093K(465920K)] 1380019K->1205195K(1864192K), 0.0686343 secs] [Times: user=0.34 sys=0.00, real=0.07 secs] 
3703.925: [GC (Allocation Failure) [PSYoungGen: 420053K->105116K(465920K)] 1438155K->1193826K(1864192K), 0.0535021 secs] [Times: user=0.28 sys=0.00, real=0.06 secs] 
3704.911: [GC (Allocation Failure) [PSYoungGen: 338076K->166932K(465920K)] 1426786K->1289294K(1864192K), 0.0595711 secs] [Times: user=0.28 sys=0.00, real=0.06 secs] 
3705.100: [GC (Allocation Failure) [PSYoungGen: 399892K->185494K(465920K)] 1522254K->1360949K(1864192K), 0.0448841 secs] [Times: user=0.21 sys=0.00, real=0.04 secs] 
3705.256: [GC (Allocation Failure) [PSYoungGen: 418454K->185687K(465920K)] 1593909K->1425542K(1864192K), 0.0512212 secs] [Times: user=0.24 sys=0.00, real=0.06 secs] 
3706.307: [GC (Allocation Failure) [PSYoungGen: 418647K->168723K(465920K)] 1658502K->1467418K(1864192K), 0.0603624 secs] [Times: user=0.31 sys=0.00, real=0.06 secs] 
3707.111: [GC (Allocation Failure) [PSYoungGen: 401605K->105180K(465920K)] 1700300K->1468467K(1864192K), 0.0932936 secs] [Times: user=0.50 sys=0.00, real=0.09 secs] 
3707.204: [Full GC (Ergonomics) [PSYoungGen: 105180K->0K(465920K)] [ParOldGen: 1363286K->123877K(1398272K)] 1468467K->123877K(1864192K), [Metaspace: 60313K->60313K(1105920K)], 0.1780708 secs] [Times: user=0.79 sys=0.00, real=0.18 secs] 
3707.539: [GC (Allocation Failure) [PSYoungGen: 228624K->177493K(465920K)] 352501K->301370K(1864192K), 0.0246973 secs] [Times: user=0.09 sys=0.00, real=0.02 secs] 
3707.713: [GC (Allocation Failure) [PSYoungGen: 410453K->185398K(465920K)] 534330K->364711K(1864192K), 0.0574347 secs] [Times: user=0.27 sys=0.00, real=0.06 secs] 
3707.894: [GC (Allocation Failure) [PSYoungGen: 418358K->184949K(465920K)] 597671K->420422K(1864192K), 0.0441832 secs] [Times: user=0.21 sys=0.00, real=0.05 secs] 
3709.065: [GC (Allocation Failure) [PSYoungGen: 417909K->101580K(465920K)] 653382K->406797K(1864192K), 0.0596339 secs] [Times: user=0.31 sys=0.00, real=0.06 secs] 
3709.595: [GC (Allocation Failure) [PSYoungGen: 334540K->176789K(465920K)] 639757K->515567K(1864192K), 0.0423605 secs] [Times: user=0.19 sys=0.00, real=0.05 secs] 
3709.786: [GC (Allocation Failure) [PSYoungGen: 409749K->181973K(465920K)] 748527K->575519K(1864192K), 0.0622092 secs] [Times: user=0.29 sys=0.00, real=0.07 secs] 
3710.019: [GC (Allocation Failure) [PSYoungGen: 412025K->182678K(465920K)] 805571K->639864K(1864192K), 0.0488952 secs] [Times: user=0.22 sys=0.00, real=0.05 secs] 
3712.301: [GC (Allocation Failure) [PSYoungGen: 413040K->205875K(465920K)] 870226K->721076K(1864192K), 0.0549773 secs] [Times: user=0.28 sys=0.00, real=0.05 secs] 
3713.115: [GC (Allocation Failure) [PSYoungGen: 438835K->100363K(465920K)] 954036K->680269K(1864192K), 0.1030444 secs] [Times: user=0.57 sys=0.00, real=0.11 secs] 
3713.443: [GC (Allocation Failure) [PSYoungGen: 333323K->181558K(465920K)] 913229K->794260K(1864192K), 0.0355121 secs] [Times: user=0.14 sys=0.00, real=0.04 secs] 
3713.596: [GC (Allocation Failure) [PSYoungGen: 414518K->181717K(465920K)] 1027220K->850692K(1864192K), 0.0541251 secs] [Times: user=0.26 sys=0.01, real=0.06 secs] 
3713.783: [GC (Allocation Failure) [PSYoungGen: 414677K->186997K(465920K)] 1083652K->910804K(1864192K), 0.0466973 secs] [Times: user=0.21 sys=0.01, real=0.05 secs] 
3714.924: [GC (Allocation Failure) [PSYoungGen: 419957K->103020K(465920K)] 1143764K->897343K(1864192K), 0.0500447 secs] [Times: user=0.26 sys=0.00, real=0.05 secs] 
3715.229: [GC (Allocation Failure) [PSYoungGen: 335980K->172820K(465920K)] 1130303K->1000876K(1864192K), 0.0579363 secs] [Times: user=0.28 sys=0.00, real=0.06 secs] 
3715.410: [GC (Allocation Failure) [PSYoungGen: 405780K->184662K(465920K)] 1233836K->1066785K(1864192K), 0.0445366 secs] [Times: user=0.20 sys=0.00, real=0.04 secs] 
3715.566: [GC (Allocation Failure) [PSYoungGen: 417622K->185431K(465920K)] 1299745K->1148379K(1864192K), 0.0518317 secs] [Times: user=0.24 sys=0.00, real=0.06 secs] 
3716.402: [GC (Allocation Failure) [PSYoungGen: 414769K->189747K(465920K)] 1377717K->1211518K(1864192K), 0.0555838 secs] [Times: user=0.28 sys=0.00, real=0.06 secs] 
3717.378: [GC (Allocation Failure) [PSYoungGen: 422707K->105340K(465920K)] 1444478K->1191828K(1864192K), 0.0902474 secs] [Times: user=0.48 sys=0.00, real=0.09 secs] 
3717.635: [GC (Allocation Failure) [PSYoungGen: 331806K->176405K(465920K)] 1418294K->1296954K(1864192K), 0.0363409 secs] [Times: user=0.15 sys=0.00, real=0.04 secs] 
3717.811: [GC (Allocation Failure) [PSYoungGen: 409365K->185526K(465920K)] 1529914K->1360794K(1864192K), 0.0506618 secs] [Times: user=0.24 sys=0.00, real=0.05 secs] 
3718.485: [GC (Allocation Failure) [PSYoungGen: 418486K->183124K(465920K)] 1593754K->1414665K(1864192K), 0.1135827 secs] [Times: user=0.59 sys=0.00, real=0.12 secs] 
3719.694: [GC (Allocation Failure) [PSYoungGen: 416084K->98107K(465920K)] 1647625K->1398944K(1864192K), 0.0468515 secs] [Times: user=0.25 sys=0.00, real=0.05 secs] 
3720.323: [GC (Allocation Failure) [PSYoungGen: 331067K->173204K(465920K)] 1631904K->1505342K(1864192K), 0.0667612 secs] [Times: user=0.33 sys=0.00, real=0.07 secs] 
3720.390: [Full GC (Ergonomics) [PSYoungGen: 173204K->0K(465920K)] [ParOldGen: 1332137K->195579K(1398272K)] 1505342K->195579K(1864192K), [Metaspace: 60314K->60314K(1105920K)], 0.2136732 secs] [Times: user=0.99 sys=0.00, real=0.21 secs] 
3720.714: [GC (Allocation Failure) [PSYoungGen: 232960K->182645K(465920K)] 428539K->378225K(1864192K), 0.0329224 secs] [Times: user=0.13 sys=0.00, real=0.04 secs] 
3720.904: [GC (Allocation Failure) [PSYoungGen: 415605K->182838K(465920K)] 611185K->441866K(1864192K), 0.0575154 secs] [Times: user=0.27 sys=0.00, real=0.06 secs] 
3721.416: [GC (Allocation Failure) [PSYoungGen: 415722K->213620K(465920K)] 674750K->530632K(1864192K), 0.0526437 secs] [Times: user=0.26 sys=0.00, real=0.06 secs] 
3722.334: [GC (GCLocker Initiated GC) [PSYoungGen: 446580K->101788K(465920K)] 763592K->486572K(1864192K), 0.0623226 secs] [Times: user=0.33 sys=0.00, real=0.06 secs] 
3722.588: [GC (Allocation Failure) [PSYoungGen: 334748K->180757K(465920K)] 719827K->598041K(1864192K), 0.0453774 secs] [Times: user=0.19 sys=0.00, real=0.04 secs] 
3722.782: [GC (Allocation Failure) [PSYoungGen: 413717K->185206K(465920K)] 831001K->659349K(1864192K), 0.0574835 secs] [Times: user=0.27 sys=0.01, real=0.06 secs] 
3723.001: [GC (Allocation Failure) [PSYoungGen: 418166K->184596K(465920K)] 892309K->714820K(1864192K), 0.0615300 secs] [Times: user=0.30 sys=0.00, real=0.06 secs] 
3724.115: [GC (Allocation Failure) [PSYoungGen: 417556K->101836K(465920K)] 947780K->701892K(1864192K), 0.0536162 secs] [Times: user=0.28 sys=0.01, real=0.06 secs] 
3724.707: [GC (Allocation Failure) [PSYoungGen: 334796K->176181K(465920K)] 934852K->809781K(1864192K), 0.0848353 secs] [Times: user=0.35 sys=0.00, real=0.09 secs] 
3724.944: [GC (Allocation Failure) [PSYoungGen: 409141K->184950K(465920K)] 1042741K->873246K(1864192K), 0.0559773 secs] [Times: user=0.27 sys=0.00, real=0.06 secs] 
3725.149: [GC (Allocation Failure) [PSYoungGen: 415458K->181302K(465920K)] 1103754K->933750K(1864192K), 0.0529199 secs] [Times: user=0.25 sys=0.00, real=0.05 secs] 
3726.217: [GC (Allocation Failure) [PSYoungGen: 411126K->206387K(465920K)] 1163574K->1016419K(1864192K), 0.0563085 secs] [Times: user=0.28 sys=0.00, real=0.06 secs] 
3727.473: [GC (Allocation Failure) [PSYoungGen: 439347K->99595K(465920K)] 1249379K->974244K(1864192K), 0.1042356 secs] [Times: user=0.56 sys=0.00, real=0.10 secs] 
3727.766: [GC (Allocation Failure) [PSYoungGen: 332555K->181750K(465920K)] 1207204K->1088819K(1864192K), 0.0357354 secs] [Times: user=0.15 sys=0.00, real=0.04 secs] 
3727.911: [GC (Allocation Failure) [PSYoungGen: 414710K->185398K(465920K)] 1321779K->1149075K(1864192K), 0.0444481 secs] [Times: user=0.20 sys=0.01, real=0.04 secs] 
3728.061: [GC (Allocation Failure) [PSYoungGen: 418358K->187189K(465920K)] 1382035K->1206974K(1864192K), 0.0461316 secs] [Times: user=0.21 sys=0.00, real=0.04 secs] 
3729.218: [GC (Allocation Failure) [PSYoungGen: 420149K->98780K(465920K)] 1439934K->1189049K(1864192K), 0.0512845 secs] [Times: user=0.28 sys=0.00, real=0.05 secs] 
3729.510: [GC (Allocation Failure) [PSYoungGen: 331740K->174869K(465920K)] 1422009K->1297550K(1864192K), 0.0710609 secs] [Times: user=0.34 sys=0.00, real=0.07 secs] 
3729.751: [GC (Allocation Failure) [PSYoungGen: 407829K->181877K(465920K)] 1530510K->1359055K(1864192K), 0.0447143 secs] [Times: user=0.21 sys=0.00, real=0.04 secs] 
3729.917: [GC (Allocation Failure) [PSYoungGen: 414837K->185687K(465920K)] 1592015K->1426340K(1864192K), 0.0520963 secs] [Times: user=0.24 sys=0.00, real=0.05 secs] 
3730.775: [GC (Allocation Failure) [PSYoungGen: 415054K->207379K(465920K)] 1655708K->1507120K(1864192K), 0.0575768 secs] [Times: user=0.29 sys=0.00, real=0.06 secs] 
3731.674: [GC (Allocation Failure) [PSYoungGen: 440339K->105724K(465920K)] 1740080K->1470546K(1864192K), 0.1092523 secs] [Times: user=0.60 sys=0.00, real=0.11 secs] 
3731.784: [Full GC (Ergonomics) [PSYoungGen: 105724K->0K(465920K)] [ParOldGen: 1364821K->122921K(1398272K)] 1470546K->122921K(1864192K), [Metaspace: 60314K->60314K(1105920K)], 0.1795236 secs] [Times: user=0.79 sys=0.00, real=0.18 secs] 
3732.093: [GC (Allocation Failure) [PSYoungGen: 232657K->177429K(465920K)] 355578K->300350K(1864192K), 0.0244617 secs] [Times: user=0.08 sys=0.00, real=0.03 secs] 
3732.260: [GC (Allocation Failure) [PSYoungGen: 410389K->185302K(465920K)] 533310K->363559K(1864192K), 0.0597655 secs] [Times: user=0.28 sys=0.00, real=0.06 secs] 
3732.441: [GC (Allocation Failure) [PSYoungGen: 418262K->186965K(465920K)] 596519K->421350K(1864192K), 0.0446705 secs] [Times: user=0.21 sys=0.00, real=0.04 secs] 
3733.554: [GC (Allocation Failure) [PSYoungGen: 419925K->98812K(465920K)] 654310K->403437K(1864192K), 0.0525658 secs] [Times: user=0.28 sys=0.00, real=0.05 secs] 
3734.167: [GC (Allocation Failure) [PSYoungGen: 331772K->173173K(465920K)] 636397K->509619K(1864192K), 0.0582268 secs] [Times: user=0.27 sys=0.00, real=0.05 secs] 
3734.357: [GC (Allocation Failure) [PSYoungGen: 406133K->185270K(465920K)] 742579K->576152K(1864192K), 0.0420655 secs] [Times: user=0.19 sys=0.00, real=0.05 secs] 
3734.562: [GC (Allocation Failure) [PSYoungGen: 415517K->183254K(465920K)] 806399K->638393K(1864192K), 0.0685790 secs] [Times: user=0.34 sys=0.00, real=0.07 secs] 
3735.496: [GC (Allocation Failure) [PSYoungGen: 411422K->205651K(465920K)] 866561K->719013K(1864192K), 0.0529541 secs] [Times: user=0.26 sys=0.00, real=0.06 secs] 
3736.042: [GC (Allocation Failure) [PSYoungGen: 438611K->102636K(465920K)] 951973K->680638K(1864192K), 0.0649610 secs] [Times: user=0.34 sys=0.01, real=0.06 secs] 
3736.298: [GC (Allocation Failure) [PSYoungGen: 332911K->180694K(465920K)] 910914K->791557K(1864192K), 0.0483870 secs] [Times: user=0.21 sys=0.01, real=0.04 secs] 
3736.467: [GC (Allocation Failure) [PSYoungGen: 413654K->182389K(465920K)] 1024517K->849584K(1864192K), 0.0433060 secs] [Times: user=0.19 sys=0.00, real=0.05 secs] 
3736.659: [GC (Allocation Failure) [PSYoungGen: 415349K->186933K(465920K)] 1082544K->909144K(1864192K), 0.0624584 secs] [Times: user=0.30 sys=0.00, real=0.06 secs] 
3737.832: [GC (Allocation Failure) [PSYoungGen: 419893K->102220K(465920K)] 1142104K->894911K(1864192K), 0.0622860 secs] [Times: user=0.32 sys=0.00, real=0.06 secs] 
3738.438: [GC (Allocation Failure) [PSYoungGen: 335180K->173269K(465920K)] 1127871K->999812K(1864192K), 0.0634625 secs] [Times: user=0.31 sys=0.00, real=0.06 secs] 
3738.731: [GC (Allocation Failure) [PSYoungGen: 406229K->181717K(465920K)] 1232772K->1062077K(1864192K), 0.0572104 secs] [Times: user=0.27 sys=0.00, real=0.06 secs] 
3738.906: [GC (Allocation Failure) [PSYoungGen: 414677K->186359K(465920K)] 1295037K->1130514K(1864192K), 0.0500781 secs] [Times: user=0.23 sys=0.00, real=0.05 secs] 
3740.872: [GC (Allocation Failure) [PSYoungGen: 414580K->207123K(465920K)] 1358736K->1210422K(1864192K), 0.0561675 secs] [Times: user=0.28 sys=0.00, real=0.06 secs] 
3742.320: [GC (Allocation Failure) [PSYoungGen: 440083K->97483K(465920K)] 1443382K->1165935K(1864192K), 0.1097472 secs] [Times: user=0.60 sys=0.00, real=0.11 secs] 
3742.659: [GC (Allocation Failure) [PSYoungGen: 330443K->180790K(465920K)] 1398895K->1280786K(1864192K), 0.0349666 secs] [Times: user=0.14 sys=0.00, real=0.03 secs] 
3742.803: [GC (Allocation Failure) [PSYoungGen: 413750K->185206K(465920K)] 1513746K->1341090K(1864192K), 0.0443799 secs] [Times: user=0.20 sys=0.00, real=0.05 secs] 
3742.970: [GC (Allocation Failure) [PSYoungGen: 418166K->187893K(465920K)] 1574050K->1399954K(1864192K), 0.0502064 secs] [Times: user=0.24 sys=0.00, real=0.05 secs] 
3744.047: [GC (Allocation Failure) [PSYoungGen: 420853K->99708K(465920K)] 1632914K->1382496K(1864192K), 0.0452622 secs] [Times: user=0.23 sys=0.00, real=0.04 secs] 
3744.272: [GC (Allocation Failure) [PSYoungGen: 332668K->171828K(465920K)] 1615456K->1487317K(1864192K), 0.0731720 secs] [Times: user=0.36 sys=0.00, real=0.07 secs] 
3744.345: [Full GC (Ergonomics) [PSYoungGen: 171828K->0K(465920K)] [ParOldGen: 1315488K->195749K(1398272K)] 1487317K->195749K(1864192K), [Metaspace: 60315K->60315K(1105920K)], 0.2056734 secs] [Times: user=0.95 sys=0.00, real=0.21 secs] 
3744.660: [GC (Allocation Failure) [PSYoungGen: 232960K->184758K(465920K)] 428709K->380507K(1864192K), 0.0318888 secs] [Times: user=0.13 sys=0.00, real=0.03 secs] 
3744.831: [GC (Allocation Failure) [PSYoungGen: 417718K->185495K(465920K)] 613467K->445652K(1864192K), 0.0547318 secs] [Times: user=0.26 sys=0.00, real=0.05 secs] 
3745.939: [GC (Allocation Failure) [PSYoungGen: 413548K->209459K(465920K)] 673706K->528449K(1864192K), 0.0547072 secs] [Times: user=0.27 sys=0.00, real=0.05 secs] 
3747.073: [GC (Allocation Failure) [PSYoungGen: 442419K->102059K(465920K)] 761409K->486865K(1864192K), 0.0975625 secs] [Times: user=0.53 sys=0.00, real=0.10 secs] 
3747.379: [GC (Allocation Failure) [PSYoungGen: 335019K->182678K(465920K)] 719825K->599804K(1864192K), 0.0348460 secs] [Times: user=0.15 sys=0.00, real=0.03 secs] 
3748.038: [GC (Allocation Failure) [PSYoungGen: 415638K->184598K(465920K)] 832764K->658348K(1864192K), 0.0998652 secs] [Times: user=0.49 sys=0.00, real=0.10 secs] 
3748.569: [GC (Allocation Failure) [PSYoungGen: 417464K->186805K(465920K)] 891214K->716476K(1864192K), 0.0743217 secs] [Times: user=0.36 sys=0.00, real=0.07 secs] 
3750.207: [GC (Allocation Failure) [PSYoungGen: 419765K->97835K(465920K)] 949436K->697762K(1864192K), 0.0444316 secs] [Times: user=0.23 sys=0.00, real=0.04 secs] 
3750.719: [GC (Allocation Failure) [PSYoungGen: 330795K->171188K(465920K)] 930722K->802392K(1864192K), 0.0632698 secs] [Times: user=0.30 sys=0.01, real=0.06 secs] 
3750.967: [GC (Allocation Failure) [PSYoungGen: 404148K->182261K(465920K)] 1035352K->867277K(1864192K), 0.0572387 secs] [Times: user=0.26 sys=0.01, real=0.06 secs] 
3751.141: [GC (Allocation Failure) [PSYoungGen: 415221K->186167K(465920K)] 1100237K->943031K(1864192K), 0.0498023 secs] [Times: user=0.23 sys=0.00, real=0.05 secs] 
3751.962: [GC (Allocation Failure) [PSYoungGen: 417088K->211155K(465920K)] 1173952K->1027155K(1864192K), 0.0557707 secs] [Times: user=0.28 sys=0.00, real=0.06 secs] 
3752.443: [GC (Allocation Failure) [PSYoungGen: 444115K->106380K(465920K)] 1260115K->988836K(1864192K), 0.0646782 secs] [Times: user=0.34 sys=0.00, real=0.07 secs] 
3752.687: [GC (Allocation Failure) [PSYoungGen: 335258K->176501K(465920K)] 1217714K->1093481K(1864192K), 0.0361871 secs] [Times: user=0.15 sys=0.00, real=0.03 secs] 
3752.875: [GC (Allocation Failure) [PSYoungGen: 409461K->190581K(465920K)] 1326441K->1162545K(1864192K), 0.0583878 secs] [Times: user=0.28 sys=0.00, real=0.06 secs] 
3753.093: [GC (Allocation Failure) [PSYoungGen: 423541K->187253K(465920K)] 1395505K->1214785K(1864192K), 0.0682630 secs] [Times: user=0.33 sys=0.00, real=0.07 secs] 
3755.066: [GC (Allocation Failure) [PSYoungGen: 420213K->101724K(465920K)] 1447745K->1199920K(1864192K), 0.0668975 secs] [Times: user=0.36 sys=0.00, real=0.07 secs] 
3755.746: [GC (Allocation Failure) [PSYoungGen: 334684K->172820K(465920K)] 1432880K->1304213K(1864192K), 0.0615419 secs] [Times: user=0.30 sys=0.00, real=0.07 secs] 
3755.993: [GC (Allocation Failure) [PSYoungGen: 405780K->185014K(465920K)] 1537173K->1370666K(1864192K), 0.0585360 secs] [Times: user=0.27 sys=0.00, real=0.06 secs] 
3756.200: [GC (Allocation Failure) [PSYoungGen: 417974K->180118K(465920K)] 1603626K->1438386K(1864192K), 0.0646201 secs] [Times: user=0.32 sys=0.00, real=0.06 secs] 
3758.035: [GC (Allocation Failure) [PSYoungGen: 408387K->211379K(465920K)] 1666655K->1526416K(1864192K), 0.0577277 secs] [Times: user=0.29 sys=0.00, real=0.06 secs] 
3758.093: [Full GC (Ergonomics) [PSYoungGen: 211379K->0K(465920K)] [ParOldGen: 1315036K->366530K(1398272K)] 1526416K->366530K(1864192K), [Metaspace: 60316K->60316K(1105920K)], 0.5512009 secs] [Times: user=2.20 sys=0.00, real=0.55 secs] 
3759.430: [GC (Allocation Failure) [PSYoungGen: 232960K->103293K(465920K)] 599490K->469824K(1864192K), 0.0322946 secs] [Times: user=0.13 sys=0.00, real=0.03 secs] 
3759.721: [GC (Allocation Failure) [PSYoungGen: 336253K->184182K(465920K)] 702784K->588417K(1864192K), 0.0424735 secs] [Times: user=0.19 sys=0.00, real=0.04 secs] 
3759.908: [GC (Allocation Failure) [PSYoungGen: 417142K->185430K(465920K)] 821377K->646952K(1864192K), 0.0635705 secs] [Times: user=0.31 sys=0.01, real=0.06 secs] 
3760.139: [GC (Allocation Failure) [PSYoungGen: 418390K->186037K(465920K)] 879912K->703695K(1864192K), 0.0652182 secs] [Times: user=0.32 sys=0.00, real=0.06 secs] 
3761.313: [GC (Allocation Failure) [PSYoungGen: 418997K->102444K(465920K)] 936655K->690107K(1864192K), 0.0481462 secs] [Times: user=0.25 sys=0.01, real=0.05 secs] 
3761.813: [GC (Allocation Failure) [PSYoungGen: 335404K->166484K(465920K)] 923067K->787519K(1864192K), 0.0698062 secs] [Times: user=0.34 sys=0.00, real=0.07 secs] 
3762.033: [GC (Allocation Failure) [PSYoungGen: 399444K->185142K(465920K)] 1020479K->858505K(1864192K), 0.0420130 secs] [Times: user=0.19 sys=0.00, real=0.04 secs] 
3762.187: [GC (Allocation Failure) [PSYoungGen: 418102K->186071K(465920K)] 1091465K->923602K(1864192K), 0.0498752 secs] [Times: user=0.23 sys=0.00, real=0.05 secs] 
3763.838: [GC (Allocation Failure) [PSYoungGen: 415220K->209459K(465920K)] 1152751K->1006055K(1864192K), 0.0554999 secs] [Times: user=0.28 sys=0.01, real=0.05 secs] 
3764.731: [GC (Allocation Failure) [PSYoungGen: 442419K->105164K(465920K)] 1239015K->967528K(1864192K), 0.0643031 secs] [Times: user=0.34 sys=0.00, real=0.06 secs] 
3764.974: [GC (Allocation Failure) [PSYoungGen: 332886K->177013K(465920K)] 1195249K->1073278K(1864192K), 0.0484227 secs] [Times: user=0.22 sys=0.00, real=0.05 secs] 
3765.185: [GC (Allocation Failure) [PSYoungGen: 409973K->185206K(465920K)] 1306238K->1136846K(1864192K), 0.0611206 secs] [Times: user=0.30 sys=0.00, real=0.06 secs] 
3765.371: [GC (Allocation Failure) [PSYoungGen: 418166K->187093K(465920K)] 1369806K->1194965K(1864192K), 0.0452846 secs] [Times: user=0.21 sys=0.00, real=0.04 secs] 
3767.137: [GC (GCLocker Initiated GC) [PSYoungGen: 420053K->95387K(465920K)] 1427926K->1173780K(1864192K), 0.0441125 secs] [Times: user=0.22 sys=0.00, real=0.04 secs] 
3767.872: [GC (Allocation Failure) [PSYoungGen: 328347K->169876K(465920K)] 1406779K->1278648K(1864192K), 0.0603813 secs] [Times: user=0.29 sys=0.00, real=0.06 secs] 
3768.069: [GC (Allocation Failure) [PSYoungGen: 402836K->185302K(465920K)] 1511608K->1347690K(1864192K), 0.0433223 secs] [Times: user=0.20 sys=0.00, real=0.04 secs] 
3768.268: [GC (Allocation Failure) [PSYoungGen: 418262K->185335K(465920K)] 1580650K->1411971K(1864192K), 0.0764824 secs] [Times: user=0.38 sys=0.00, real=0.07 secs] 
3768.888: [GC (Allocation Failure) [PSYoungGen: 418295K->195987K(465920K)] 1644931K->1481408K(1864192K), 0.0555501 secs] [Times: user=0.27 sys=0.00, real=0.05 secs] 
3769.701: [GC (Allocation Failure) [PSYoungGen: 428947K->104044K(465920K)] 1714368K->1456177K(1864192K), 0.0761582 secs] [Times: user=0.40 sys=0.00, real=0.07 secs] 
3769.777: [Full GC (Ergonomics) [PSYoungGen: 104044K->0K(465920K)] [ParOldGen: 1352132K->121313K(1398272K)] 1456177K->121313K(1864192K), [Metaspace: 60323K->60323K(1105920K)], 0.1518517 secs] [Times: user=0.67 sys=0.00, real=0.16 secs] 
3770.051: [GC (Allocation Failure) [PSYoungGen: 232248K->178549K(465920K)] 353562K->299862K(1864192K), 0.0247225 secs] [Times: user=0.08 sys=0.00, real=0.02 secs] 
3770.217: [GC (Allocation Failure) [PSYoungGen: 411509K->185046K(465920K)] 532822K->362319K(1864192K), 0.0496065 secs] [Times: user=0.24 sys=0.00, real=0.05 secs] 
3770.387: [GC (Allocation Failure) [PSYoungGen: 418006K->186709K(465920K)] 595279K->419974K(1864192K), 0.0447911 secs] [Times: user=0.20 sys=0.00, real=0.05 secs] 
3772.212: [GC (Allocation Failure) [PSYoungGen: 419669K->98540K(465920K)] 652934K->402293K(1864192K), 0.0580156 secs] [Times: user=0.30 sys=0.00, real=0.06 secs] 
3772.766: [GC (Allocation Failure) [PSYoungGen: 331500K->174517K(465920K)] 635253K->510511K(1864192K), 0.0609407 secs] [Times: user=0.29 sys=0.00, real=0.07 secs] 
3772.965: [GC (Allocation Failure) [PSYoungGen: 407477K->182837K(465920K)] 743471K->573104K(1864192K), 0.0422757 secs] [Times: user=0.19 sys=0.00, real=0.05 secs] 
3773.178: [GC (Allocation Failure) [PSYoungGen: 415797K->183798K(465920K)] 806064K->638033K(1864192K), 0.0806898 secs] [Times: user=0.41 sys=0.01, real=0.08 secs] 
3774.305: [GC (Allocation Failure) [PSYoungGen: 414023K->208979K(465920K)] 868257K->721693K(1864192K), 0.0546115 secs] [Times: user=0.27 sys=0.00, real=0.06 secs] 
3775.193: [GC (Allocation Failure) [PSYoungGen: 441939K->103980K(465920K)] 954653K->682990K(1864192K), 0.1128153 secs] [Times: user=0.61 sys=0.00, real=0.11 secs] 
3775.507: [GC (Allocation Failure) [PSYoungGen: 330750K->178453K(465920K)] 909761K->791353K(1864192K), 0.0351420 secs] [Times: user=0.14 sys=0.00, real=0.04 secs] 
3775.650: [GC (Allocation Failure) [PSYoungGen: 411413K->185590K(465920K)] 1024313K->853857K(1864192K), 0.0435309 secs] [Times: user=0.19 sys=0.00, real=0.04 secs] 
3775.798: [GC (Allocation Failure) [PSYoungGen: 418550K->203573K(465920K)] 1086817K->927920K(1864192K), 0.0456349 secs] [Times: user=0.21 sys=0.00, real=0.04 secs] 
3776.989: [GC (Allocation Failure) [PSYoungGen: 436533K->96715K(465920K)] 1160880K->891819K(1864192K), 0.0583298 secs] [Times: user=0.31 sys=0.00, real=0.06 secs] 
3777.495: [GC (Allocation Failure) [PSYoungGen: 329675K->170228K(465920K)] 1124779K->997076K(1864192K), 0.0569478 secs] [Times: user=0.27 sys=0.00, real=0.06 secs] 
3777.767: [GC (Allocation Failure) [PSYoungGen: 403188K->184918K(465920K)] 1230036K->1065194K(1864192K), 0.0580111 secs] [Times: user=0.28 sys=0.00, real=0.05 secs] 
3777.964: [GC (Allocation Failure) [PSYoungGen: 417878K->185655K(465920K)] 1298154K->1130403K(1864192K), 0.0550002 secs] [Times: user=0.27 sys=0.00, real=0.06 secs] 
3778.946: [GC (Allocation Failure) [PSYoungGen: 418615K->172627K(465920K)] 1363363K->1176359K(1864192K), 0.0568355 secs] [Times: user=0.29 sys=0.00, real=0.06 secs] 
3779.803: [GC (Allocation Failure) [PSYoungGen: 405587K->111325K(465920K)] 1409319K->1180849K(1864192K), 0.0811561 secs] [Times: user=0.43 sys=0.00, real=0.08 secs] 
3780.039: [GC (Allocation Failure) [PSYoungGen: 337674K->171508K(465920K)] 1407198K->1276981K(1864192K), 0.0350420 secs] [Times: user=0.15 sys=0.00, real=0.03 secs] 
3780.184: [GC (Allocation Failure) [PSYoungGen: 404468K->185142K(465920K)] 1509941K->1344478K(1864192K), 0.0449765 secs] [Times: user=0.21 sys=0.00, real=0.05 secs] 
3780.626: [GC (Allocation Failure) [PSYoungGen: 418102K->186261K(465920K)] 1577438K->1401661K(1864192K), 0.1047161 secs] [Times: user=0.54 sys=0.00, real=0.11 secs] 
3782.839: [GC (Allocation Failure) [PSYoungGen: 419221K->99756K(465920K)] 1634621K->1385300K(1864192K), 0.0472508 secs] [Times: user=0.25 sys=0.00, real=0.04 secs] 
3783.704: [GC (Allocation Failure) [PSYoungGen: 332716K->173204K(465920K)] 1618260K->1490394K(1864192K), 0.0620794 secs] [Times: user=0.30 sys=0.00, real=0.06 secs] 
3783.767: [Full GC (Ergonomics) [PSYoungGen: 173204K->0K(465920K)] [ParOldGen: 1317189K->196974K(1398272K)] 1490394K->196974K(1864192K), [Metaspace: 60343K->60343K(1105920K)], 0.2089425 secs] [Times: user=0.97 sys=0.01, real=0.21 secs] 
3784.088: [GC (Allocation Failure) [PSYoungGen: 232960K->180053K(465920K)] 429934K->377027K(1864192K), 0.0316106 secs] [Times: user=0.13 sys=0.00, real=0.03 secs] 
3784.266: [GC (Allocation Failure) [PSYoungGen: 413013K->185815K(465920K)] 609987K->446285K(1864192K), 0.0501122 secs] [Times: user=0.23 sys=0.00, real=0.05 secs] 
3785.095: [GC (Allocation Failure) [PSYoungGen: 417098K->210931K(465920K)] 677568K->530338K(1864192K), 0.0556826 secs] [Times: user=0.28 sys=0.00, real=0.06 secs] 
3785.594: [GC (Allocation Failure) [PSYoungGen: 443891K->106348K(465920K)] 763298K->492207K(1864192K), 0.0690382 secs] [Times: user=0.36 sys=0.01, real=0.07 secs] 
3785.864: [GC (Allocation Failure) [PSYoungGen: 335037K->176277K(465920K)] 720896K->596320K(1864192K), 0.0451229 secs] [Times: user=0.20 sys=0.00, real=0.05 secs] 
3786.023: [GC (Allocation Failure) [PSYoungGen: 409237K->182037K(465920K)] 829280K->656888K(1864192K), 0.0425662 secs] [Times: user=0.19 sys=0.00, real=0.04 secs] 
3786.213: [GC (Allocation Failure) [PSYoungGen: 414924K->187349K(465920K)] 889775K->717640K(1864192K), 0.0666685 secs] [Times: user=0.28 sys=0.00, real=0.07 secs] 
3788.686: [GC (Allocation Failure) [PSYoungGen: 420309K->99836K(465920K)] 950600K->700751K(1864192K), 0.0661642 secs] [Times: user=0.35 sys=0.00, real=0.07 secs] 
3789.819: [GC (Allocation Failure) [PSYoungGen: 332796K->167668K(465920K)] 933711K->800863K(1864192K), 0.0656329 secs] [Times: user=0.32 sys=0.00, real=0.06 secs] 
3790.024: [GC (Allocation Failure) [PSYoungGen: 400628K->185782K(465920K)] 1033823K->872001K(1864192K), 0.0423989 secs] [Times: user=0.19 sys=0.00, real=0.04 secs] 
3790.219: [GC (Allocation Failure) [PSYoungGen: 418742K->185975K(465920K)] 1104961K->936658K(1864192K), 0.0784722 secs] [Times: user=0.39 sys=0.00, real=0.08 secs] 
3791.093: [GC (Allocation Failure) [PSYoungGen: 414677K->211955K(465920K)] 1165360K->1021695K(1864192K), 0.0571287 secs] [Times: user=0.29 sys=0.00, real=0.06 secs] 
3791.958: [GC (Allocation Failure) [PSYoungGen: 444915K->101388K(465920K)] 1254655K->977879K(1864192K), 0.1220603 secs] [Times: user=0.65 sys=0.01, real=0.12 secs] 
3792.319: [GC (Allocation Failure) [PSYoungGen: 334348K->178389K(465920K)] 1210839K->1087597K(1864192K), 0.0374561 secs] [Times: user=0.16 sys=0.00, real=0.03 secs] 
3792.495: [GC (Allocation Failure) [PSYoungGen: 411349K->182773K(465920K)] 1320557K->1147574K(1864192K), 0.0615223 secs] [Times: user=0.28 sys=0.01, real=0.06 secs] 
3792.738: [GC (Allocation Failure) [PSYoungGen: 415733K->186901K(465920K)] 1380534K->1207029K(1864192K), 0.0622754 secs] [Times: user=0.30 sys=0.00, real=0.06 secs] 
3793.878: [GC (Allocation Failure) [PSYoungGen: 419861K->104524K(465920K)] 1439989K->1194985K(1864192K), 0.0536077 secs] [Times: user=0.29 sys=0.00, real=0.05 secs] 
3794.416: [GC (Allocation Failure) [PSYoungGen: 337484K->168596K(465920K)] 1427945K->1292857K(1864192K), 0.0656127 secs] [Times: user=0.32 sys=0.00, real=0.07 secs] 
3794.624: [GC (Allocation Failure) [PSYoungGen: 401556K->185270K(465920K)] 1525817K->1362743K(1864192K), 0.0425509 secs] [Times: user=0.19 sys=0.00, real=0.04 secs] 
3794.777: [GC (Allocation Failure) [PSYoungGen: 418230K->185751K(465920K)] 1595703K->1427640K(1864192K), 0.0501960 secs] [Times: user=0.23 sys=0.01, real=0.05 secs] 
3795.788: [GC (Allocation Failure) [PSYoungGen: 418711K->172691K(465920K)] 1660600K->1473620K(1864192K), 0.0585298 secs] [Times: user=0.30 sys=0.00, real=0.05 secs] 
3796.600: [GC (Allocation Failure) [PSYoungGen: 405651K->112621K(465920K)] 1706580K->1479406K(1864192K), 0.0964062 secs] [Times: user=0.51 sys=0.01, real=0.09 secs] 
3796.697: [Full GC (Ergonomics) [PSYoungGen: 112621K->0K(465920K)] [ParOldGen: 1366785K->130331K(1398272K)] 1479406K->130331K(1864192K), [Metaspace: 60343K->60343K(1105920K)], 0.1614354 secs] [Times: user=0.73 sys=0.00, real=0.17 secs] 
3797.008: [GC (GCLocker Initiated GC) [PSYoungGen: 232960K->176757K(465920K)] 363291K->307088K(1864192K), 0.0267204 secs] [Times: user=0.10 sys=0.00, real=0.02 secs] 
3797.145: [GC (Allocation Failure) [PSYoungGen: 409717K->182998K(465920K)] 540051K->375369K(1864192K), 0.0466069 secs] [Times: user=0.22 sys=0.00, real=0.05 secs] 
3797.300: [GC (Allocation Failure) [PSYoungGen: 415958K->187637K(465920K)] 608329K->438344K(1864192K), 0.0569673 secs] [Times: user=0.28 sys=0.00, real=0.06 secs] 
3798.512: [GC (Allocation Failure) [PSYoungGen: 420597K->97403K(465920K)] 671304K->418662K(1864192K), 0.0666073 secs] [Times: user=0.36 sys=0.00, real=0.07 secs] 
3799.337: [GC (Allocation Failure) [PSYoungGen: 330363K->175861K(465920K)] 651622K->528389K(1864192K), 0.0480581 secs] [Times: user=0.22 sys=0.00, real=0.05 secs] 
3799.506: [GC (Allocation Failure) [PSYoungGen: 408821K->185750K(465920K)] 761349K->593482K(1864192K), 0.0428982 secs] [Times: user=0.20 sys=0.00, real=0.05 secs] 
3799.672: [GC (Allocation Failure) [PSYoungGen: 406034K->173461K(465920K)] 813766K->645809K(1864192K), 0.0593745 secs] [Times: user=0.29 sys=0.00, real=0.06 secs] 
3800.565: [GC (Allocation Failure) [PSYoungGen: 406336K->206355K(465920K)] 878684K->733855K(1864192K), 0.0518581 secs] [Times: user=0.26 sys=0.01, real=0.06 secs] 
3801.074: [GC (Allocation Failure) [PSYoungGen: 439315K->104764K(465920K)] 966815K->696836K(1864192K), 0.0758218 secs] [Times: user=0.40 sys=0.00, real=0.08 secs] 
3801.324: [GC (Allocation Failure) [PSYoungGen: 330457K->177429K(465920K)] 922529K->803134K(1864192K), 0.0344909 secs] [Times: user=0.15 sys=0.01, real=0.04 secs] 
3801.466: [GC (Allocation Failure) [PSYoungGen: 410389K->185526K(465920K)] 1036094K->866559K(1864192K), 0.0428369 secs] [Times: user=0.20 sys=0.00, real=0.05 secs] 
3801.611: [GC (Allocation Failure) [PSYoungGen: 418486K->187445K(465920K)] 1099519K->924718K(1864192K), 0.0453392 secs] [Times: user=0.21 sys=0.00, real=0.04 secs] 
3802.724: [GC (Allocation Failure) [PSYoungGen: 420405K->95755K(465920K)] 1157678K->903660K(1864192K), 0.0491620 secs] [Times: user=0.26 sys=0.00, real=0.05 secs] 
3803.339: [GC (Allocation Failure) [PSYoungGen: 328715K->175477K(465920K)] 1136620K->1015185K(1864192K), 0.0584514 secs] [Times: user=0.28 sys=0.00, real=0.05 secs] 
3803.818: [GC (Allocation Failure) [PSYoungGen: 408437K->184598K(465920K)] 1248145K->1078730K(1864192K), 0.0578246 secs] [Times: user=0.27 sys=0.00, real=0.05 secs] 
3804.093: [GC (GCLocker Initiated GC) [PSYoungGen: 417558K->181462K(465920K)] 1311690K->1139811K(1864192K), 0.0500015 secs] [Times: user=0.23 sys=0.00, real=0.05 secs] 
3805.326: [GC (Allocation Failure) [PSYoungGen: 414422K->193267K(465920K)] 1372773K->1209186K(1864192K), 0.0560568 secs] [Times: user=0.28 sys=0.00, real=0.06 secs] 
3806.360: [GC (Allocation Failure) [PSYoungGen: 426227K->100700K(465920K)] 1442146K->1182378K(1864192K), 0.0952617 secs] [Times: user=0.51 sys=0.00, real=0.09 secs] 
3806.678: [GC (Allocation Failure) [PSYoungGen: 332494K->181174K(465920K)] 1414173K->1295205K(1864192K), 0.0391015 secs] [Times: user=0.14 sys=0.00, real=0.04 secs] 
3806.859: [GC (Allocation Failure) [PSYoungGen: 414134K->182549K(465920K)] 1528165K->1352757K(1864192K), 0.0668488 secs] [Times: user=0.33 sys=0.00, real=0.06 secs] 
3807.074: [GC (Allocation Failure) [PSYoungGen: 415509K->187701K(465920K)] 1585717K->1413269K(1864192K), 0.0458387 secs] [Times: user=0.21 sys=0.00, real=0.05 secs] 
3808.164: [GC (GCLocker Initiated GC) [PSYoungGen: 420661K->98844K(465920K)] 1646229K->1395099K(1864192K), 0.0452436 secs] [Times: user=0.23 sys=0.00, real=0.05 secs] 
3808.478: [GC (Allocation Failure) [PSYoungGen: 331804K->174293K(465920K)] 1628098K->1502280K(1864192K), 0.0685235 secs] [Times: user=0.33 sys=0.00, real=0.06 secs] 
3808.546: [Full GC (Ergonomics) [PSYoungGen: 174293K->0K(465920K)] [ParOldGen: 1327987K->197815K(1398272K)] 1502280K->197815K(1864192K), [Metaspace: 60345K->60345K(1105920K)], 0.2157350 secs] [Times: user=1.02 sys=0.00, real=0.22 secs] 
3808.873: [GC (Allocation Failure) [PSYoungGen: 232960K->182581K(465920K)] 430775K->380396K(1864192K), 0.0325280 secs] [Times: user=0.13 sys=0.01, real=0.03 secs] 
3809.040: [GC (Allocation Failure) [PSYoungGen: 415541K->185367K(465920K)] 613356K->446574K(1864192K), 0.0438368 secs] [Times: user=0.19 sys=0.00, real=0.04 secs] 
3809.884: [GC (Allocation Failure) [PSYoungGen: 417193K->209043K(465920K)] 678400K->529154K(1864192K), 0.0562865 secs] [Times: user=0.28 sys=0.00, real=0.06 secs] 
3810.638: [GC (Allocation Failure) [PSYoungGen: 442003K->105692K(465920K)] 762114K->491511K(1864192K), 0.0523243 secs] [Times: user=0.27 sys=0.00, real=0.05 secs] 
3810.807: [GC (Allocation Failure) [PSYoungGen: 335414K->176725K(465920K)] 721233K->596756K(1864192K), 0.0345111 secs] [Times: user=0.15 sys=0.00, real=0.04 secs] 
3811.140: [GC (GCLocker Initiated GC) [PSYoungGen: 409685K->184566K(465920K)] 829717K->659669K(1864192K), 0.0930790 secs] [Times: user=0.46 sys=0.00, real=0.09 secs] 
3811.427: [GC (Allocation Failure) [PSYoungGen: 417526K->186453K(465920K)] 892668K->717283K(1864192K), 0.0520021 secs] [Times: user=0.25 sys=0.00, real=0.06 secs] 
3813.282: [GC (Allocation Failure) [PSYoungGen: 419413K->99628K(465920K)] 950243K->700850K(1864192K), 0.0575256 secs] [Times: user=0.31 sys=0.00, real=0.06 secs] 
3814.187: [GC (Allocation Failure) [PSYoungGen: 332588K->168052K(465920K)] 933810K->801375K(1864192K), 0.0613196 secs] [Times: user=0.29 sys=0.00, real=0.06 secs] 
3814.386: [GC (Allocation Failure) [PSYoungGen: 401012K->193206K(465920K)] 1034335K->879309K(1864192K), 0.0420417 secs] [Times: user=0.18 sys=0.00, real=0.05 secs] 
3814.576: [GC (Allocation Failure) [PSYoungGen: 426166K->185751K(465920K)] 1112269K->936158K(1864192K), 0.0782107 secs] [Times: user=0.39 sys=0.01, real=0.08 secs] 
3815.347: [GC (Allocation Failure) [PSYoungGen: 418711K->194995K(465920K)] 1169118K->1004298K(1864192K), 0.0531029 secs] [Times: user=0.26 sys=0.01, real=0.06 secs] 
3816.012: [GC (Allocation Failure) [PSYoungGen: 427955K->98683K(465920K)] 1237258K->974487K(1864192K), 0.1171023 secs] [Times: user=0.64 sys=0.00, real=0.12 secs] 
3816.358: [GC (Allocation Failure) [PSYoungGen: 331643K->183478K(465920K)] 1207447K->1091370K(1864192K), 0.0381699 secs] [Times: user=0.16 sys=0.00, real=0.03 secs] 
3816.523: [GC (Allocation Failure) [PSYoungGen: 416438K->185462K(465920K)] 1324330K->1150269K(1864192K), 0.0487356 secs] [Times: user=0.23 sys=0.00, real=0.05 secs] 
3816.694: [GC (Allocation Failure) [PSYoungGen: 418422K->187573K(465920K)] 1383229K->1208749K(1864192K), 0.0457309 secs] [Times: user=0.22 sys=0.00, real=0.05 secs] 
3817.988: [GC (Allocation Failure) [PSYoungGen: 420533K->99372K(465920K)] 1441709K->1191195K(1864192K), 0.0783533 secs] [Times: user=0.42 sys=0.00, real=0.07 secs] 
3818.623: [GC (Allocation Failure) [PSYoungGen: 332332K->176629K(465920K)] 1424155K->1301165K(1864192K), 0.0580490 secs] [Times: user=0.27 sys=0.00, real=0.06 secs] 
3819.024: [GC (Allocation Failure) [PSYoungGen: 409589K->187221K(465920K)] 1534125K->1366389K(1864192K), 0.0666481 secs] [Times: user=0.32 sys=0.00, real=0.07 secs] 
3819.396: [GC (GCLocker Initiated GC) [PSYoungGen: 420181K->181942K(465920K)] 1599349K->1423823K(1864192K), 0.0773442 secs] [Times: user=0.38 sys=0.00, real=0.08 secs] 
3821.457: [GC (Allocation Failure) [PSYoungGen: 414902K->190035K(465920K)] 1666120K->1498949K(1864192K), 0.0797345 secs] [Times: user=0.42 sys=0.00, real=0.08 secs] 
3822.278: [GC (Allocation Failure) [PSYoungGen: 422995K->102412K(465920K)] 1731909K->1477500K(1864192K), 0.1353367 secs] [Times: user=0.75 sys=0.01, real=0.13 secs] 
3822.413: [Full GC (Ergonomics) [PSYoungGen: 102412K->0K(465920K)] [ParOldGen: 1375088K->120050K(1398272K)] 1477500K->120050K(1864192K), [Metaspace: 60349K->60349K(1105920K)], 0.1500436 secs] [Times: user=0.69 sys=0.00, real=0.15 secs] 
3822.685: [GC (Allocation Failure) [PSYoungGen: 231523K->180470K(465920K)] 351574K->300520K(1864192K), 0.0251508 secs] [Times: user=0.09 sys=0.00, real=0.03 secs] 
3822.876: [GC (Allocation Failure) [PSYoungGen: 413430K->182101K(465920K)] 533480K->358312K(1864192K), 0.0539808 secs] [Times: user=0.26 sys=0.01, real=0.06 secs] 
3823.079: [GC (Allocation Failure) [PSYoungGen: 415061K->187221K(465920K)] 591272K->418464K(1864192K), 0.0496529 secs] [Times: user=0.24 sys=0.00, real=0.05 secs] 
3824.134: [GC (Allocation Failure) [PSYoungGen: 420181K->99916K(465920K)] 651424K->401678K(1864192K), 0.0437424 secs] [Times: user=0.23 sys=0.00, real=0.05 secs] 
3824.919: [GC (Allocation Failure) [PSYoungGen: 332876K->174484K(465920K)] 634638K->509197K(1864192K), 0.0618263 secs] [Times: user=0.29 sys=0.00, real=0.06 secs] 
3825.120: [GC (Allocation Failure) [PSYoungGen: 407444K->185558K(465920K)] 742157K->573447K(1864192K), 0.0420365 secs] [Times: user=0.19 sys=0.00, real=0.04 secs] 
3825.273: [GC (Allocation Failure) [PSYoungGen: 418518K->185783K(465920K)] 806407K->638000K(1864192K), 0.0496321 secs] [Times: user=0.22 sys=0.00, real=0.05 secs] 
3826.581: [GC (Allocation Failure) [PSYoungGen: 416196K->208915K(465920K)] 868414K->720084K(1864192K), 0.0551904 secs] [Times: user=0.27 sys=0.00, real=0.05 secs] 
3827.810: [GC (Allocation Failure) [PSYoungGen: 441875K->102364K(465920K)] 953044K->679177K(1864192K), 0.1158699 secs] [Times: user=0.64 sys=0.00, real=0.11 secs] 
3828.162: [GC (Allocation Failure) [PSYoungGen: 332995K->179861K(465920K)] 909808K->789947K(1864192K), 0.0372573 secs] [Times: user=0.16 sys=0.00, real=0.04 secs] 
3828.362: [GC (Allocation Failure) [PSYoungGen: 412821K->185046K(465920K)] 1022907K->851147K(1864192K), 0.0631038 secs] [Times: user=0.30 sys=0.00, real=0.06 secs] 
3828.877: [GC (Allocation Failure) [PSYoungGen: 418006K->200500K(465920K)] 1084107K->922578K(1864192K), 0.0682015 secs] [Times: user=0.33 sys=0.00, real=0.06 secs] 
3830.304: [GC (Allocation Failure) [PSYoungGen: 433460K->102908K(465920K)] 1155538K->894418K(1864192K), 0.0454275 secs] [Times: user=0.23 sys=0.00, real=0.05 secs] 
3831.137: [GC (Allocation Failure) [PSYoungGen: 335868K->166452K(465920K)] 1127378K->990726K(1864192K), 0.0621058 secs] [Times: user=0.29 sys=0.00, real=0.07 secs] 
3831.342: [GC (Allocation Failure) [PSYoungGen: 399412K->185270K(465920K)] 1223686K->1062164K(1864192K), 0.0427204 secs] [Times: user=0.19 sys=0.00, real=0.04 secs] 
3831.496: [GC (Allocation Failure) [PSYoungGen: 418230K->185719K(465920K)] 1295124K->1127029K(1864192K), 0.0503186 secs] [Times: user=0.24 sys=0.00, real=0.05 secs] 
3832.336: [GC (Allocation Failure) [PSYoungGen: 417533K->211859K(465920K)] 1358844K->1212150K(1864192K), 0.0560918 secs] [Times: user=0.28 sys=0.00, real=0.06 secs] 
3832.894: [GC (Allocation Failure) [PSYoungGen: 444819K->103308K(465920K)] 1445110K->1170067K(1864192K), 0.0413947 secs] [Times: user=0.21 sys=0.00, real=0.04 secs] 
3833.047: [GC (Allocation Failure) [PSYoungGen: 334475K->179189K(465920K)] 1401234K->1279756K(1864192K), 0.0358633 secs] [Times: user=0.15 sys=0.00, real=0.04 secs] 
3833.234: [GC (Allocation Failure) [PSYoungGen: 412149K->182005K(465920K)] 1512716K->1338156K(1864192K), 0.0609676 secs] [Times: user=0.29 sys=0.00, real=0.06 secs] 
3833.654: [GC (Allocation Failure) [PSYoungGen: 414965K->186421K(465920K)] 1571116K->1397484K(1864192K), 0.0739360 secs] [Times: user=0.37 sys=0.00, real=0.08 secs] 
3835.624: [GC (Allocation Failure) [PSYoungGen: 419381K->102092K(465920K)] 1630444K->1383339K(1864192K), 0.0665012 secs] [Times: user=0.35 sys=0.00, real=0.07 secs] 
3836.641: [GC (Allocation Failure) [PSYoungGen: 335052K->173045K(465920K)] 1616299K->1487171K(1864192K), 0.0608993 secs] [Times: user=0.29 sys=0.01, real=0.06 secs] 
3836.702: [Full GC (Ergonomics) [PSYoungGen: 173045K->0K(465920K)] [ParOldGen: 1314126K->196774K(1398272K)] 1487171K->196774K(1864192K), [Metaspace: 60350K->60350K(1105920K)], 0.2086705 secs] [Times: user=0.96 sys=0.00, real=0.21 secs] 
3837.032: [GC (Allocation Failure) [PSYoungGen: 232960K->185430K(465920K)] 429734K->382205K(1864192K), 0.0322307 secs] [Times: user=0.13 sys=0.00, real=0.03 secs] 
3837.212: [GC (Allocation Failure) [PSYoungGen: 418390K->182934K(465920K)] 615165K->444109K(1864192K), 0.0438713 secs] [Times: user=0.20 sys=0.01, real=0.04 secs] 
3838.154: [GC (Allocation Failure) [PSYoungGen: 415894K->171667K(465920K)] 677069K->490714K(1864192K), 0.0551589 secs] [Times: user=0.27 sys=0.00, real=0.06 secs] 
3839.028: [GC (Allocation Failure) [PSYoungGen: 404627K->107276K(465920K)] 723674K->492099K(1864192K), 0.1146563 secs] [Times: user=0.62 sys=0.00, real=0.11 secs] 
3839.335: [GC (Allocation Failure) [PSYoungGen: 336201K->175829K(465920K)] 721024K->595353K(1864192K), 0.0347826 secs] [Times: user=0.15 sys=0.00, real=0.04 secs] 
3839.502: [GC (Allocation Failure) [PSYoungGen: 408789K->181909K(465920K)] 828313K->655681K(1864192K), 0.0550087 secs] [Times: user=0.26 sys=0.00, real=0.06 secs] 
3839.664: [GC (Allocation Failure) [PSYoungGen: 414869K->187413K(465920K)] 888641K->716353K(1864192K), 0.0465957 secs] [Times: user=0.20 sys=0.01, real=0.05 secs] 
3840.726: [GC (GCLocker Initiated GC) [PSYoungGen: 420373K->101932K(465920K)] 949313K->701356K(1864192K), 0.0495700 secs] [Times: user=0.26 sys=0.00, real=0.05 secs] 
3841.196: [GC (Allocation Failure) [PSYoungGen: 334892K->173140K(465920K)] 934319K->805960K(1864192K), 0.0508907 secs] [Times: user=0.24 sys=0.00, real=0.05 secs] 
3841.380: [GC (Allocation Failure) [PSYoungGen: 406100K->183349K(465920K)] 1038920K->870653K(1864192K), 0.0578260 secs] [Times: user=0.27 sys=0.01, real=0.06 secs] 
3841.582: [GC (Allocation Failure) [PSYoungGen: 416309K->183254K(465920K)] 1103613K->934326K(1864192K), 0.0497837 secs] [Times: user=0.23 sys=0.00, real=0.05 secs] 
3843.968: [GC (Allocation Failure) [PSYoungGen: 412961K->208723K(465920K)] 1164033K->1017786K(1864192K), 0.0544072 secs] [Times: user=0.27 sys=0.00, real=0.05 secs] 
3845.457: [GC (Allocation Failure) [PSYoungGen: 441683K->98139K(465920K)] 1250746K->972731K(1864192K), 0.0993548 secs] [Times: user=0.54 sys=0.00, real=0.10 secs] 
3846.048: [GC (Allocation Failure) [PSYoungGen: 331099K->179285K(465920K)] 1205691K->1084985K(1864192K), 0.0444988 secs] [Times: user=0.19 sys=0.00, real=0.04 secs] 
3846.205: [GC (Allocation Failure) [PSYoungGen: 412245K->185814K(465920K)] 1317945K->1147502K(1864192K), 0.0437785 secs] [Times: user=0.20 sys=0.00, real=0.05 secs] 
3846.351: [GC (Allocation Failure) [PSYoungGen: 418774K->187765K(465920K)] 1380462K->1205597K(1864192K), 0.0457583 secs] [Times: user=0.21 sys=0.00, real=0.04 secs] 
3847.451: [GC (Allocation Failure) [PSYoungGen: 420725K->98827K(465920K)] 1438557K->1187372K(1864192K), 0.0542370 secs] [Times: user=0.29 sys=0.00, real=0.05 secs] 
3848.237: [GC (Allocation Failure) [PSYoungGen: 331787K->171604K(465920K)] 1420332K->1291441K(1864192K), 0.0651425 secs] [Times: user=0.31 sys=0.00, real=0.06 secs] 
3848.441: [GC (Allocation Failure) [PSYoungGen: 404564K->193782K(465920K)] 1524401K->1367603K(1864192K), 0.0441301 secs] [Times: user=0.20 sys=0.00, real=0.04 secs] 
3848.592: [GC (Allocation Failure) [PSYoungGen: 426742K->185879K(465920K)] 1600563K->1424172K(1864192K), 0.0510258 secs] [Times: user=0.24 sys=0.00, real=0.05 secs] 
3849.432: [GC (Allocation Failure) [PSYoungGen: 418839K->192499K(465920K)] 1657132K->1489696K(1864192K), 0.0562017 secs] [Times: user=0.28 sys=0.01, real=0.06 secs] 
3850.386: [GC (Allocation Failure) [PSYoungGen: 425459K->104508K(465920K)] 1722656K->1467317K(1864192K), 0.0871139 secs] [Times: user=0.47 sys=0.00, real=0.09 secs] 
3850.473: [Full GC (Ergonomics) [PSYoungGen: 104508K->0K(465920K)] [ParOldGen: 1362809K->122065K(1398272K)] 1467317K->122065K(1864192K), [Metaspace: 60350K->60350K(1105920K)], 0.1596440 secs] [Times: user=0.72 sys=0.00, real=0.16 secs] 
3850.832: [GC (Allocation Failure) [PSYoungGen: 228019K->177333K(465920K)] 350084K->299398K(1864192K), 0.0280080 secs] [Times: user=0.10 sys=0.00, real=0.03 secs] 
3851.174: [GC (Allocation Failure) [PSYoungGen: 410293K->182453K(465920K)] 532358K->359614K(1864192K), 0.0456698 secs] [Times: user=0.21 sys=0.00, real=0.05 secs] 
3851.466: [GC (Allocation Failure) [PSYoungGen: 415413K->186997K(465920K)] 592574K->419662K(1864192K), 0.0696717 secs] [Times: user=0.34 sys=0.00, real=0.07 secs] 
3852.824: [GC (GCLocker Initiated GC) [PSYoungGen: 419957K->99308K(465920K)] 652622K->402333K(1864192K), 0.0697944 secs] [Times: user=0.37 sys=0.00, real=0.07 secs] 
3854.141: [GC (Allocation Failure) [PSYoungGen: 332268K->169460K(465920K)] 635460K->504580K(1864192K), 0.0628495 secs] [Times: user=0.30 sys=0.00, real=0.06 secs] 
3854.416: [GC (Allocation Failure) [PSYoungGen: 402420K->185142K(465920K)] 737540K->573162K(1864192K), 0.0565195 secs] [Times: user=0.27 sys=0.00, real=0.06 secs] 
3854.626: [GC (Allocation Failure) [PSYoungGen: 418003K->186167K(465920K)] 806024K->638347K(1864192K), 0.0554074 secs] [Times: user=0.27 sys=0.00, real=0.06 secs] 
3855.259: [GC (Allocation Failure) [PSYoungGen: 419127K->215187K(465920K)] 871307K->726496K(1864192K), 0.0519220 secs] [Times: user=0.25 sys=0.00, real=0.05 secs] 
3855.929: [GC (Allocation Failure) [PSYoungGen: 448147K->101452K(465920K)] 959456K->679016K(1864192K), 0.0672150 secs] [Times: user=0.36 sys=0.00, real=0.06 secs] 
3856.190: [GC (Allocation Failure) [PSYoungGen: 332381K->181366K(465920K)] 909945K->791662K(1864192K), 0.0448714 secs] [Times: user=0.19 sys=0.00, real=0.04 secs] 
3856.353: [GC (Allocation Failure) [PSYoungGen: 414326K->185206K(465920K)] 1024622K->852170K(1864192K), 0.0442786 secs] [Times: user=0.20 sys=0.00, real=0.05 secs] 
3856.502: [GC (Allocation Failure) [PSYoungGen: 418166K->184308K(465920K)] 1085130K->907489K(1864192K), 0.0457332 secs] [Times: user=0.21 sys=0.01, real=0.05 secs] 
3857.666: [GC (Allocation Failure) [PSYoungGen: 417268K->99500K(465920K)] 1140449K->892280K(1864192K), 0.0695143 secs] [Times: user=0.37 sys=0.00, real=0.07 secs] 
3858.575: [GC (Allocation Failure) [PSYoungGen: 332460K->171924K(465920K)] 1125240K->997505K(1864192K), 0.0660243 secs] [Times: user=0.31 sys=0.01, real=0.07 secs] 
3858.812: [GC (GCLocker Initiated GC) [PSYoungGen: 404884K->182901K(465920K)] 1230466K->1062155K(1864192K), 0.0603198 secs] [Times: user=0.29 sys=0.00, real=0.06 secs] 
3858.992: [GC (Allocation Failure) [PSYoungGen: 415861K->183478K(465920K)] 1295118K->1134635K(1864192K), 0.0503497 secs] [Times: user=0.23 sys=0.00, real=0.05 secs] 
3859.898: [GC (Allocation Failure) [PSYoungGen: 411988K->212179K(465920K)] 1363144K->1221440K(1864192K), 0.0556646 secs] [Times: user=0.28 sys=0.00, real=0.05 secs] 
3861.022: [GC (Allocation Failure) [PSYoungGen: 445139K->101900K(465920K)] 1454400K->1177832K(1864192K), 0.1103920 secs] [Times: user=0.60 sys=0.00, real=0.11 secs] 
3861.432: [GC (Allocation Failure) [PSYoungGen: 334860K->180662K(465920K)] 1410792K->1289271K(1864192K), 0.0456272 secs] [Times: user=0.20 sys=0.00, real=0.05 secs] 
3861.592: [GC (Allocation Failure) [PSYoungGen: 413622K->185142K(465920K)] 1522231K->1350203K(1864192K), 0.0446199 secs] [Times: user=0.20 sys=0.00, real=0.04 secs] 
3861.788: [GC (Allocation Failure) [PSYoungGen: 418102K->184564K(465920K)] 1583163K->1405618K(1864192K), 0.0674990 secs] [Times: user=0.33 sys=0.00, real=0.06 secs] 
3862.976: [GC (GCLocker Initiated GC) [PSYoungGen: 417524K->100524K(465920K)] 1638578K->1391145K(1864192K), 0.0584467 secs] [Times: user=0.30 sys=0.00, real=0.06 secs] 
3863.460: [GC (Allocation Failure) [PSYoungGen: 333484K->171156K(465920K)] 1624236K->1494706K(1864192K), 0.0825142 secs] [Times: user=0.41 sys=0.00, real=0.08 secs] 
3863.543: [Full GC (Ergonomics) [PSYoungGen: 171156K->0K(465920K)] [ParOldGen: 1323549K->195680K(1398272K)] 1494706K->195680K(1864192K), [Metaspace: 60370K->60370K(1105920K)], 0.2172349 secs] [Times: user=1.02 sys=0.00, real=0.22 secs] 
3863.870: [GC (Allocation Failure) [PSYoungGen: 232960K->181557K(465920K)] 428640K->377237K(1864192K), 0.0329990 secs] [Times: user=0.13 sys=0.01, real=0.03 secs] 
3864.012: [GC (Allocation Failure) [PSYoungGen: 414517K->186167K(465920K)] 610197K->445223K(1864192K), 0.0432729 secs] [Times: user=0.19 sys=0.00, real=0.04 secs] 
3864.898: [GC (Allocation Failure) [PSYoungGen: 416710K->211507K(465920K)] 675767K->529604K(1864192K), 0.0551013 secs] [Times: user=0.27 sys=0.00, real=0.05 secs] 
3866.035: [GC (Allocation Failure) [PSYoungGen: 444467K->103132K(465920K)] 762564K->487892K(1864192K), 0.1043633 secs] [Times: user=0.56 sys=0.00, real=0.11 secs] 
3866.413: [GC (Allocation Failure) [PSYoungGen: 335188K->179413K(465920K)] 719948K->597410K(1864192K), 0.0350666 secs] [Times: user=0.15 sys=0.00, real=0.04 secs] 
3866.823: [GC (GCLocker Initiated GC) [PSYoungGen: 412373K->182677K(465920K)] 830370K->656674K(1864192K), 0.0917569 secs] [Times: user=0.45 sys=0.01, real=0.09 secs] 
3867.108: [GC (Allocation Failure) [PSYoungGen: 415637K->186901K(465920K)] 889673K->716312K(1864192K), 0.0513017 secs] [Times: user=0.24 sys=0.00, real=0.05 secs] 
3868.533: [GC (Allocation Failure) [PSYoungGen: 419861K->100396K(465920K)] 949272K->700199K(1864192K), 0.0647607 secs] [Times: user=0.34 sys=0.00, real=0.07 secs] 
3869.934: [GC (Allocation Failure) [PSYoungGen: 333356K->169012K(465920K)] 933159K->800916K(1864192K), 0.0655387 secs] [Times: user=0.32 sys=0.00, real=0.07 secs] 
3870.139: [GC (Allocation Failure) [PSYoungGen: 401972K->185686K(465920K)] 1033876K->870562K(1864192K), 0.0430099 secs] [Times: user=0.19 sys=0.00, real=0.04 secs] 
3870.316: [GC (Allocation Failure) [PSYoungGen: 418646K->186359K(465920K)] 1103522K->935555K(1864192K), 0.0561240 secs] [Times: user=0.27 sys=0.00, real=0.06 secs] 
3870.790: [GC (Allocation Failure) [PSYoungGen: 419319K->206995K(465920K)] 1168515K->1015383K(1864192K), 0.0554850 secs] [Times: user=0.27 sys=0.00, real=0.05 secs] 
3871.746: [GC (Allocation Failure) [PSYoungGen: 439955K->102220K(465920K)] 1248343K->976264K(1864192K), 0.0728718 secs] [Times: user=0.39 sys=0.00, real=0.08 secs] 
3872.043: [GC (Allocation Failure) [PSYoungGen: 334281K->180309K(465920K)] 1208325K->1086415K(1864192K), 0.0456683 secs] [Times: user=0.20 sys=0.00, real=0.05 secs] 
3872.204: [GC (Allocation Failure) [PSYoungGen: 413269K->185686K(465920K)] 1319375K->1148347K(1864192K), 0.0452699 secs] [Times: user=0.21 sys=0.00, real=0.05 secs] 
3872.353: [GC (Allocation Failure) [PSYoungGen: 418646K->184757K(465920K)] 1381307K->1203570K(1864192K), 0.0470586 secs] [Times: user=0.22 sys=0.00, real=0.05 secs] 
3873.660: [GC (Allocation Failure) [PSYoungGen: 417717K->99004K(465920K)] 1436530K->1187489K(1864192K), 0.0758133 secs] [Times: user=0.41 sys=0.00, real=0.07 secs] 
3874.277: [GC (Allocation Failure) [PSYoungGen: 331964K->175093K(465920K)] 1420449K->1296319K(1864192K), 0.0551127 secs] [Times: user=0.26 sys=0.00, real=0.06 secs] 
3874.453: [GC (Allocation Failure) [PSYoungGen: 408018K->185110K(465920K)] 1529244K->1360767K(1864192K), 0.0441959 secs] [Times: user=0.19 sys=0.00, real=0.04 secs] 
3874.628: [GC (Allocation Failure) [PSYoungGen: 416408K->183094K(465920K)] 1592066K->1423024K(1864192K), 0.0558937 secs] [Times: user=0.27 sys=0.00, real=0.05 secs] 
3876.223: [GC (Allocation Failure) [PSYoungGen: 412646K->206259K(465920K)] 1652576K->1504356K(1864192K), 0.0563442 secs] [Times: user=0.28 sys=0.00, real=0.06 secs] 
3877.198: [GC (Allocation Failure) [PSYoungGen: 439219K->100332K(465920K)] 1737316K->1463237K(1864192K), 0.0969112 secs] [Times: user=0.52 sys=0.00, real=0.09 secs] 
3877.295: [Full GC (Ergonomics) [PSYoungGen: 100332K->0K(465920K)] [ParOldGen: 1362905K->117958K(1398272K)] 1463237K->117958K(1864192K), [Metaspace: 60370K->60370K(1105920K)], 0.1678644 secs] [Times: user=0.72 sys=0.00, real=0.17 secs] 
3877.623: [GC (Allocation Failure) [PSYoungGen: 232960K->181654K(465920K)] 350918K->299612K(1864192K), 0.0251727 secs] [Times: user=0.09 sys=0.00, real=0.03 secs] 
3877.757: [GC (Allocation Failure) [PSYoungGen: 414614K->185462K(465920K)] 532572K->359908K(1864192K), 0.0416049 secs] [Times: user=0.18 sys=0.00, real=0.04 secs] 
3877.921: [GC (Allocation Failure) [PSYoungGen: 418422K->186933K(465920K)] 592868K->417571K(1864192K), 0.0608312 secs] [Times: user=0.29 sys=0.01, real=0.06 secs] 
3879.059: [GC (Allocation Failure) [PSYoungGen: 419893K->96587K(465920K)] 650531K->397738K(1864192K), 0.0554814 secs] [Times: user=0.29 sys=0.00, real=0.05 secs] 
3879.406: [GC (Allocation Failure) [PSYoungGen: 329547K->171412K(465920K)] 630698K->503672K(1864192K), 0.0590177 secs] [Times: user=0.28 sys=0.00, real=0.06 secs] 
3879.604: [GC (Allocation Failure) [PSYoungGen: 404372K->184566K(465920K)] 736632K->570597K(1864192K), 0.0422476 secs] [Times: user=0.18 sys=0.01, real=0.04 secs] 
3879.780: [GC (Allocation Failure) [PSYoungGen: 417526K->186071K(465920K)] 803557K->636230K(1864192K), 0.0554311 secs] [Times: user=0.27 sys=0.00, real=0.05 secs] 
3880.731: [GC (Allocation Failure) [PSYoungGen: 417111K->208691K(465920K)] 867271K->717802K(1864192K), 0.0552677 secs] [Times: user=0.27 sys=0.00, real=0.05 secs] 
3881.666: [GC (Allocation Failure) [PSYoungGen: 441651K->103228K(465920K)] 950762K->677955K(1864192K), 0.0994695 secs] [Times: user=0.53 sys=0.00, real=0.10 secs] 
3881.991: [GC (Allocation Failure) [PSYoungGen: 334577K->179157K(465920K)] 909305K->787266K(1864192K), 0.0355927 secs] [Times: user=0.15 sys=0.00, real=0.03 secs] 
3882.135: [GC (Allocation Failure) [PSYoungGen: 412117K->184982K(465920K)] 1020226K->848754K(1864192K), 0.0442226 secs] [Times: user=0.19 sys=0.00, real=0.05 secs] 
3882.512: [GC (Allocation Failure) [PSYoungGen: 417942K->186997K(465920K)] 1081714K->906969K(1864192K), 0.0604750 secs] [Times: user=0.29 sys=0.00, real=0.06 secs] 
3883.748: [GC (Allocation Failure) [PSYoungGen: 419957K->99628K(465920K)] 1139929K->889944K(1864192K), 0.0598625 secs] [Times: user=0.31 sys=0.01, real=0.06 secs] 
3884.634: [GC (Allocation Failure) [PSYoungGen: 332588K->174005K(465920K)] 1122904K->995990K(1864192K), 0.0587269 secs] [Times: user=0.28 sys=0.00, real=0.06 secs] 
3884.817: [GC (Allocation Failure) [PSYoungGen: 406965K->184118K(465920K)] 1228950K->1060795K(1864192K), 0.0435153 secs] [Times: user=0.19 sys=0.00, real=0.04 secs] 
3884.972: [GC (Allocation Failure) [PSYoungGen: 417078K->184663K(465920K)] 1293755K->1125396K(1864192K), 0.0503760 secs] [Times: user=0.23 sys=0.00, real=0.05 secs] 
3885.973: [GC (Allocation Failure) [PSYoungGen: 415444K->189683K(465920K)] 1356177K->1188852K(1864192K), 0.0547262 secs] [Times: user=0.28 sys=0.00, real=0.06 secs] 
3886.398: [GC (Allocation Failure) [PSYoungGen: 422643K->106300K(465920K)] 1421812K->1170270K(1864192K), 0.0462097 secs] [Times: user=0.24 sys=0.00, real=0.04 secs] 
3886.598: [GC (Allocation Failure) [PSYoungGen: 333189K->176853K(465920K)] 1397159K->1274419K(1864192K), 0.0490164 secs] [Times: user=0.22 sys=0.00, real=0.04 secs] 
3886.786: [GC (Allocation Failure) [PSYoungGen: 409813K->182965K(465920K)] 1507379K->1335736K(1864192K), 0.0449355 secs] [Times: user=0.20 sys=0.00, real=0.05 secs] 
3886.937: [GC (Allocation Failure) [PSYoungGen: 415925K->187445K(465920K)] 1568696K->1395719K(1864192K), 0.0474159 secs] [Times: user=0.22 sys=0.00, real=0.04 secs] 
3888.279: [GC (Allocation Failure) [PSYoungGen: 420405K->99356K(465920K)] 1628679K->1378254K(1864192K), 0.0723247 secs] [Times: user=0.39 sys=0.00, real=0.07 secs] 
3888.830: [GC (Allocation Failure) [PSYoungGen: 332316K->173941K(465920K)] 1611214K->1485763K(1864192K), 0.0695005 secs] [Times: user=0.32 sys=0.00, real=0.07 secs] 
3889.087: [GC (Allocation Failure) [PSYoungGen: 406901K->182069K(465920K)] 1718723K->1548036K(1864192K), 0.0562164 secs] [Times: user=0.27 sys=0.00, real=0.05 secs] 
3889.144: [Full GC (Ergonomics) [PSYoungGen: 182069K->0K(465920K)] [ParOldGen: 1365966K->259928K(1398272K)] 1548036K->259928K(1864192K), [Metaspace: 60370K->60370K(1105920K)], 0.3240069 secs] [Times: user=1.48 sys=0.00, real=0.33 secs] 
3889.577: [GC (Allocation Failure) [PSYoungGen: 232960K->185751K(465920K)] 492888K->445679K(1864192K), 0.0799318 secs] [Times: user=0.41 sys=0.00, real=0.08 secs] 
3890.916: [GC (Allocation Failure) [PSYoungGen: 418711K->192263K(465920K)] 678639K->511199K(1864192K), 0.0510035 secs] [Times: user=0.25 sys=0.01, real=0.05 secs] 
3892.155: [GC (Allocation Failure) [PSYoungGen: 425223K->102444K(465920K)] 744159K->486500K(1864192K), 0.1110663 secs] [Times: user=0.61 sys=0.00, real=0.11 secs] 
3892.477: [GC (Allocation Failure) [PSYoungGen: 335404K->180149K(465920K)] 719460K->597249K(1864192K), 0.0349846 secs] [Times: user=0.15 sys=0.00, real=0.04 secs] 
3892.662: [GC (Allocation Failure) [PSYoungGen: 413109K->185046K(465920K)] 830209K->657881K(1864192K), 0.0625421 secs] [Times: user=0.30 sys=0.00, real=0.06 secs] 
3892.857: [GC (Allocation Failure) [PSYoungGen: 418006K->204213K(465920K)] 890841K->733088K(1864192K), 0.0462127 secs] [Times: user=0.21 sys=0.00, real=0.04 secs] 
3894.161: [GC (Allocation Failure) [PSYoungGen: 437173K->96331K(465920K)] 966048K->696023K(1864192K), 0.0630712 secs] [Times: user=0.33 sys=0.00, real=0.06 secs] 
3894.620: [GC (Allocation Failure) [PSYoungGen: 329291K->174165K(465920K)] 928983K->805533K(1864192K), 0.0563585 secs] [Times: user=0.26 sys=0.00, real=0.05 secs] 
3894.855: [GC (GCLocker Initiated GC) [PSYoungGen: 407125K->181845K(465920K)] 1038494K->867399K(1864192K), 0.0647957 secs] [Times: user=0.31 sys=0.00, real=0.07 secs] 
3895.107: [GC (Allocation Failure) [PSYoungGen: 414805K->185111K(465920K)] 1100397K->934342K(1864192K), 0.0632341 secs] [Times: user=0.31 sys=0.00, real=0.06 secs] 
3896.474: [GC (Allocation Failure) [PSYoungGen: 417808K->209235K(465920K)] 1167040K->1017347K(1864192K), 0.0561043 secs] [Times: user=0.28 sys=0.00, real=0.06 secs] 
3897.583: [GC (Allocation Failure) [PSYoungGen: 442195K->102524K(465920K)] 1250307K->976324K(1864192K), 0.0945110 secs] [Times: user=0.51 sys=0.00, real=0.10 secs] 
3897.953: [GC (Allocation Failure) [PSYoungGen: 332108K->179989K(465920K)] 1205908K->1087054K(1864192K), 0.0354459 secs] [Times: user=0.15 sys=0.00, real=0.04 secs] 
3898.135: [GC (Allocation Failure) [PSYoungGen: 412949K->184950K(465920K)] 1320014K->1148022K(1864192K), 0.0629779 secs] [Times: user=0.30 sys=0.01, real=0.07 secs] 
3898.502: [GC (Allocation Failure) [PSYoungGen: 417910K->187285K(465920K)] 1380982K->1206398K(1864192K), 0.0583124 secs] [Times: user=0.28 sys=0.00, real=0.06 secs] 
3899.981: [GC (Allocation Failure) [PSYoungGen: 420245K->98395K(465920K)] 1439358K->1187956K(1864192K), 0.0453911 secs] [Times: user=0.23 sys=0.00, real=0.04 secs] 
3900.679: [GC (Allocation Failure) [PSYoungGen: 331355K->171156K(465920K)] 1420916K->1292322K(1864192K), 0.0695043 secs] [Times: user=0.34 sys=0.00, real=0.07 secs] 
3900.933: [GC (Allocation Failure) [PSYoungGen: 404116K->181845K(465920K)] 1525282K->1356519K(1864192K), 0.0573732 secs] [Times: user=0.28 sys=0.00, real=0.06 secs] 
3901.144: [GC (Allocation Failure) [PSYoungGen: 414805K->182646K(465920K)] 1589479K->1420592K(1864192K), 0.0691789 secs] [Times: user=0.34 sys=0.00, real=0.07 secs] 
3902.095: [GC (Allocation Failure) [PSYoungGen: 411694K->213908K(465920K)] 1649640K->1509581K(1864192K), 0.0576960 secs] [Times: user=0.29 sys=0.00, real=0.06 secs] 
3902.696: [GC (Allocation Failure) [PSYoungGen: 446868K->100507K(465920K)] 1742541K->1463561K(1864192K), 0.1079145 secs] [Times: user=0.58 sys=0.00, real=0.11 secs] 
3902.804: [Full GC (Ergonomics) [PSYoungGen: 100507K->0K(465920K)] [ParOldGen: 1363053K->118598K(1398272K)] 1463561K->118598K(1864192K), [Metaspace: 60370K->60370K(1105920K)], 0.1773164 secs] [Times: user=0.79 sys=0.01, real=0.18 secs] 
3903.270: [GC (Allocation Failure) [PSYoungGen: 232960K->183062K(465920K)] 351558K->301661K(1864192K), 0.0258726 secs] [Times: user=0.09 sys=0.00, real=0.02 secs] 
3903.434: [GC (Allocation Failure) [PSYoungGen: 416022K->185622K(465920K)] 534621K->361389K(1864192K), 0.0608915 secs] [Times: user=0.29 sys=0.00, real=0.06 secs] 
3904.004: [GC (Allocation Failure) [PSYoungGen: 418582K->182836K(465920K)] 594349K->414787K(1864192K), 0.0858543 secs] [Times: user=0.44 sys=0.00, real=0.09 secs] 
3906.389: [GC (Allocation Failure) [PSYoungGen: 415796K->100572K(465920K)] 647747K->401219K(1864192K), 0.0536684 secs] [Times: user=0.28 sys=0.00, real=0.05 secs] 
3907.771: [GC (Allocation Failure) [PSYoungGen: 333532K->172372K(465920K)] 634179K->504952K(1864192K), 0.0677029 secs] [Times: user=0.33 sys=0.00, real=0.07 secs] 
3907.979: [GC (Allocation Failure) [PSYoungGen: 405332K->185782K(465920K)] 737912K->571238K(1864192K), 0.0416330 secs] [Times: user=0.18 sys=0.00, real=0.04 secs] 
3908.129: [GC (Allocation Failure) [PSYoungGen: 418742K->186199K(465920K)] 804198K->636159K(1864192K), 0.0492561 secs] [Times: user=0.23 sys=0.00, real=0.05 secs] 
3909.033: [GC (Allocation Failure) [PSYoungGen: 414505K->210163K(465920K)] 864465K->719235K(1864192K), 0.0555123 secs] [Times: user=0.27 sys=0.00, real=0.06 secs] 
3909.746: [GC (Allocation Failure) [PSYoungGen: 443123K->95531K(465920K)] 952195K->670747K(1864192K), 0.0630393 secs] [Times: user=0.33 sys=0.01, real=0.07 secs] 
3909.967: [GC (Allocation Failure) [PSYoungGen: 328491K->183830K(465920K)] 903707K->789643K(1864192K), 0.0346702 secs] [Times: user=0.15 sys=0.00, real=0.03 secs] 
3910.109: [GC (Allocation Failure) [PSYoungGen: 416790K->185526K(465920K)] 1022603K->848495K(1864192K), 0.0434726 secs] [Times: user=0.20 sys=0.00, real=0.04 secs] 
3910.279: [GC (Allocation Failure) [PSYoungGen: 418486K->187605K(465920K)] 1081455K->906694K(1864192K), 0.0503268 secs] [Times: user=0.24 sys=0.00, real=0.05 secs] 
3911.633: [GC (Allocation Failure) [PSYoungGen: 420565K->97275K(465920K)] 1139654K->887116K(1864192K), 0.0789612 secs] [Times: user=0.43 sys=0.00, real=0.08 secs] 
3912.405: [GC (Allocation Failure) [PSYoungGen: 330235K->173749K(465920K)] 1120076K->995816K(1864192K), 0.0539493 secs] [Times: user=0.25 sys=0.00, real=0.06 secs] 
3912.781: [GC (Allocation Failure) [PSYoungGen: 406709K->185142K(465920K)] 1228776K->1061001K(1864192K), 0.0513226 secs] [Times: user=0.24 sys=0.00, real=0.05 secs] 
3912.981: [GC (Allocation Failure) [PSYoungGen: 418102K->185527K(465920K)] 1293961K->1125810K(1864192K), 0.0509253 secs] [Times: user=0.23 sys=0.00, real=0.05 secs] 
3914.071: [GC (Allocation Failure) [PSYoungGen: 416501K->208243K(465920K)] 1356785K->1207342K(1864192K), 0.0556159 secs] [Times: user=0.28 sys=0.00, real=0.05 secs] 
3915.217: [GC (Allocation Failure) [PSYoungGen: 441203K->101148K(465920K)] 1440302K->1165615K(1864192K), 0.1122419 secs] [Times: user=0.61 sys=0.00, real=0.11 secs] 
3915.539: [GC (Allocation Failure) [PSYoungGen: 334108K->182102K(465920K)] 1398575K->1278698K(1864192K), 0.0385694 secs] [Times: user=0.17 sys=0.00, real=0.04 secs] 
3915.724: [GC (Allocation Failure) [PSYoungGen: 415062K->182805K(465920K)] 1511658K->1335978K(1864192K), 0.0621505 secs] [Times: user=0.30 sys=0.00, real=0.06 secs] 
3915.953: [GC (Allocation Failure) [PSYoungGen: 415765K->187381K(465920K)] 1568938K->1396185K(1864192K), 0.0564273 secs] [Times: user=0.28 sys=0.00, real=0.06 secs] 
3917.141: [GC (Allocation Failure) [PSYoungGen: 420341K->100156K(465920K)] 1629145K->1379520K(1864192K), 0.0455463 secs] [Times: user=0.23 sys=0.00, real=0.04 secs] 
3917.631: [GC (Allocation Failure) [PSYoungGen: 333116K->170900K(465920K)] 1612480K->1482925K(1864192K), 0.0640841 secs] [Times: user=0.30 sys=0.00, real=0.06 secs] 
3917.695: [Full GC (Ergonomics) [PSYoungGen: 170900K->0K(465920K)] [ParOldGen: 1312024K->195689K(1398272K)] 1482925K->195689K(1864192K), [Metaspace: 60372K->60372K(1105920K)], 0.1983708 secs] [Times: user=0.92 sys=0.01, real=0.20 secs] 
3918.001: [GC (Allocation Failure) [PSYoungGen: 232960K->182101K(465920K)] 428649K->377791K(1864192K), 0.0332979 secs] [Times: user=0.14 sys=0.00, real=0.03 secs] 
3918.165: [GC (Allocation Failure) [PSYoungGen: 415061K->185591K(465920K)] 610751K->444521K(1864192K), 0.0482482 secs] [Times: user=0.22 sys=0.00, real=0.05 secs] 
3919.080: [GC (Allocation Failure) [PSYoungGen: 414418K->210131K(465920K)] 673347K->527893K(1864192K), 0.0547782 secs] [Times: user=0.28 sys=0.00, real=0.05 secs] 
3919.793: [GC (Allocation Failure) [PSYoungGen: 443091K->99483K(465920K)] 760853K->483293K(1864192K), 0.1040931 secs] [Times: user=0.56 sys=0.00, real=0.10 secs] 
3920.308: [GC (Allocation Failure) [PSYoungGen: 332443K->183414K(465920K)] 716253K->599700K(1864192K), 0.0450202 secs] [Times: user=0.19 sys=0.00, real=0.04 secs] 
3920.466: [GC (Allocation Failure) [PSYoungGen: 416374K->184662K(465920K)] 832660K->657836K(1864192K), 0.0441122 secs] [Times: user=0.20 sys=0.00, real=0.05 secs] 
3920.710: [GC (Allocation Failure) [PSYoungGen: 417546K->187061K(465920K)] 890720K->716099K(1864192K), 0.0555629 secs] [Times: user=0.27 sys=0.00, real=0.05 secs] 
3922.159: [GC (Allocation Failure) [PSYoungGen: 420021K->99164K(465920K)] 949059K->698594K(1864192K), 0.0563455 secs] [Times: user=0.30 sys=0.00, real=0.05 secs] 
3923.010: [GC (Allocation Failure) [PSYoungGen: 332124K->170868K(465920K)] 931554K->802251K(1864192K), 0.0606440 secs] [Times: user=0.29 sys=0.00, real=0.06 secs] 
3923.201: [GC (Allocation Failure) [PSYoungGen: 403828K->185238K(465920K)] 1035211K->870297K(1864192K), 0.0434117 secs] [Times: user=0.19 sys=0.00, real=0.04 secs] 
3923.356: [GC (Allocation Failure) [PSYoungGen: 418198K->186263K(465920K)] 1103257K->935786K(1864192K), 0.0508268 secs] [Times: user=0.24 sys=0.00, real=0.05 secs] 
3924.376: [GC (Allocation Failure) [PSYoungGen: 419223K->169363K(465920K)] 1168746K->977966K(1864192K), 0.0549651 secs] [Times: user=0.27 sys=0.00, real=0.06 secs] 
3924.866: [GC (Allocation Failure) [PSYoungGen: 402323K->108909K(465920K)] 1210926K->982376K(1864192K), 0.0424435 secs] [Times: user=0.21 sys=0.00, real=0.05 secs] 
3925.027: [GC (Allocation Failure) [PSYoungGen: 334941K->174453K(465920K)] 1208408K->1082693K(1864192K), 0.0352462 secs] [Times: user=0.15 sys=0.00, real=0.04 secs] 
3925.172: [GC (Allocation Failure) [PSYoungGen: 407413K->185142K(465920K)] 1315653K->1148150K(1864192K), 0.0429546 secs] [Times: user=0.19 sys=0.00, real=0.04 secs] 
3925.319: [GC (Allocation Failure) [PSYoungGen: 418102K->184757K(465920K)] 1381110K->1203933K(1864192K), 0.0458000 secs] [Times: user=0.21 sys=0.01, real=0.04 secs] 
3926.741: [GC (Allocation Failure) [PSYoungGen: 417717K->102748K(465920K)] 1436893K->1191532K(1864192K), 0.0714440 secs] [Times: user=0.38 sys=0.00, real=0.07 secs] 
3927.653: [GC (Allocation Failure) [PSYoungGen: 335708K->170516K(465920K)] 1424492K->1293033K(1864192K), 0.0599792 secs] [Times: user=0.28 sys=0.00, real=0.06 secs] 
3927.886: [GC (Allocation Failure) [PSYoungGen: 403476K->182133K(465920K)] 1525993K->1357854K(1864192K), 0.0618127 secs] [Times: user=0.30 sys=0.00, real=0.07 secs] 
3928.131: [GC (Allocation Failure) [PSYoungGen: 415093K->185783K(465920K)] 1590814K->1425095K(1864192K), 0.0725306 secs] [Times: user=0.36 sys=0.00, real=0.07 secs] 
3929.361: [GC (Allocation Failure) [PSYoungGen: 418743K->194212K(465920K)] 1658055K->1492509K(1864192K), 0.0516797 secs] [Times: user=0.25 sys=0.00, real=0.05 secs] 
3930.530: [GC (Allocation Failure) [PSYoungGen: 427172K->103308K(465920K)] 1725469K->1467292K(1864192K), 0.1190369 secs] [Times: user=0.65 sys=0.01, real=0.12 secs] 
3930.649: [Full GC (Ergonomics) [PSYoungGen: 103308K->0K(465920K)] [ParOldGen: 1363984K->120948K(1398272K)] 1467292K->120948K(1864192K), [Metaspace: 60373K->60373K(1105920K)], 0.1729053 secs] [Times: user=0.78 sys=0.00, real=0.17 secs] 
3931.004: [GC (Allocation Failure) [PSYoungGen: 231994K->179765K(465920K)] 352943K->300714K(1864192K), 0.0247428 secs] [Times: user=0.09 sys=0.00, real=0.03 secs] 
3931.167: [GC (Allocation Failure) [PSYoungGen: 412725K->185750K(465920K)] 533674K->362818K(1864192K), 0.0425919 secs] [Times: user=0.19 sys=0.00, real=0.05 secs] 
3931.334: [GC (Allocation Failure) [PSYoungGen: 418710K->187285K(465920K)] 595778K->420633K(1864192K), 0.0460578 secs] [Times: user=0.21 sys=0.01, real=0.05 secs] 
3932.477: [GC (Allocation Failure) [PSYoungGen: 420245K->103516K(465920K)] 653593K->407481K(1864192K), 0.0524370 secs] [Times: user=0.27 sys=0.00, real=0.06 secs] 
3933.367: [GC (GCLocker Initiated GC) [PSYoungGen: 336476K->166868K(465920K)] 640441K->504276K(1864192K), 0.0574654 secs] [Times: user=0.27 sys=0.01, real=0.05 secs] 
3933.574: [GC (Allocation Failure) [PSYoungGen: 399828K->193430K(465920K)] 737275K->583069K(1864192K), 0.0415467 secs] [Times: user=0.18 sys=0.00, real=0.04 secs] 
3933.722: [GC (Allocation Failure) [PSYoungGen: 425626K->185047K(465920K)] 815266K->639118K(1864192K), 0.0490839 secs] [Times: user=0.23 sys=0.00, real=0.05 secs] 
3934.726: [GC (Allocation Failure) [PSYoungGen: 418007K->169427K(465920K)] 872078K->682258K(1864192K), 0.0575111 secs] [Times: user=0.28 sys=0.00, real=0.06 secs] 
3935.759: [GC (Allocation Failure) [PSYoungGen: 402387K->107676K(465920K)] 915218K->685356K(1864192K), 0.1098126 secs] [Times: user=0.57 sys=0.00, real=0.11 secs] 
3936.144: [GC (Allocation Failure) [PSYoungGen: 334902K->175477K(465920K)] 912582K->787873K(1864192K), 0.0363474 secs] [Times: user=0.16 sys=0.00, real=0.04 secs] 
3936.295: [GC (Allocation Failure) [PSYoungGen: 408437K->185046K(465920K)] 1020833K->851954K(1864192K), 0.0432911 secs] [Times: user=0.19 sys=0.00, real=0.05 secs] 
3936.442: [GC (Allocation Failure) [PSYoungGen: 418006K->187765K(465920K)] 1084914K->910805K(1864192K), 0.0452401 secs] [Times: user=0.21 sys=0.00, real=0.04 secs] 
3937.966: [GC (Allocation Failure) [PSYoungGen: 420725K->97739K(465920K)] 1143765K->891579K(1864192K), 0.0586190 secs] [Times: user=0.31 sys=0.00, real=0.06 secs] 
3938.933: [GC (Allocation Failure) [PSYoungGen: 330699K->169844K(465920K)] 1124539K->994985K(1864192K), 0.0640623 secs] [Times: user=0.30 sys=0.00, real=0.06 secs] 
3939.138: [GC (Allocation Failure) [PSYoungGen: 402804K->185718K(465920K)] 1227945K->1064139K(1864192K), 0.0427334 secs] [Times: user=0.19 sys=0.00, real=0.04 secs] 
3939.313: [GC (Allocation Failure) [PSYoungGen: 418678K->186519K(465920K)] 1297099K->1129300K(1864192K), 0.0563717 secs] [Times: user=0.27 sys=0.00, real=0.06 secs] 
3940.095: [GC (Allocation Failure) [PSYoungGen: 419479K->190035K(465920K)] 1362260K->1192072K(1864192K), 0.0534745 secs] [Times: user=0.26 sys=0.01, real=0.06 secs] 
3940.803: [GC (Allocation Failure) [PSYoungGen: 422995K->104124K(465920K)] 1425032K->1170849K(1864192K), 0.0444173 secs] [Times: user=0.23 sys=0.00, real=0.05 secs] 
3940.995: [GC (Allocation Failure) [PSYoungGen: 334170K->178453K(465920K)] 1400895K->1278447K(1864192K), 0.0352722 secs] [Times: user=0.14 sys=0.00, real=0.04 secs] 
3941.156: [GC (Allocation Failure) [PSYoungGen: 411413K->185494K(465920K)] 1511407K->1341000K(1864192K), 0.0479844 secs] [Times: user=0.23 sys=0.00, real=0.05 secs] 
3941.326: [GC (Allocation Failure) [PSYoungGen: 418454K->187733K(465920K)] 1573960K->1399327K(1864192K), 0.0462267 secs] [Times: user=0.22 sys=0.00, real=0.05 secs] 
3942.717: [GC (Allocation Failure) [PSYoungGen: 420693K->96203K(465920K)] 1632287K->1378525K(1864192K), 0.0883966 secs] [Times: user=0.49 sys=0.00, real=0.09 secs] 
3943.295: [GC (Allocation Failure) [PSYoungGen: 329163K->174517K(465920K)] 1611485K->1488543K(1864192K), 0.0541148 secs] [Times: user=0.25 sys=0.00, real=0.06 secs] 
3943.349: [Full GC (Ergonomics) [PSYoungGen: 174517K->0K(465920K)] [ParOldGen: 1314026K->199555K(1398272K)] 1488543K->199555K(1864192K), [Metaspace: 60373K->60373K(1105920K)], 0.1916956 secs] [Times: user=0.87 sys=0.00, real=0.19 secs] 
3943.650: [GC (Allocation Failure) [PSYoungGen: 232960K->184918K(465920K)] 432515K->384474K(1864192K), 0.0341792 secs] [Times: user=0.14 sys=0.00, real=0.03 secs] 
3943.793: [GC (Allocation Failure) [PSYoungGen: 417878K->182774K(465920K)] 617434K->446722K(1864192K), 0.0438855 secs] [Times: user=0.20 sys=0.01, real=0.05 secs] 
3945.230: [GC (Allocation Failure) [PSYoungGen: 415734K->171027K(465920K)] 679682K->492759K(1864192K), 0.0569571 secs] [Times: user=0.28 sys=0.00, real=0.05 secs] 
3946.184: [GC (Allocation Failure) [PSYoungGen: 403987K->106876K(465920K)] 725719K->494040K(1864192K), 0.0859438 secs] [Times: user=0.46 sys=0.00, real=0.09 secs] 
3946.510: [GC (Allocation Failure) [PSYoungGen: 339836K->180309K(465920K)] 727000K->601450K(1864192K), 0.0362976 secs] [Times: user=0.16 sys=0.00, real=0.03 secs] 
3946.697: [GC (Allocation Failure) [PSYoungGen: 413269K->182166K(465920K)] 834410K->666355K(1864192K), 0.0767586 secs] [Times: user=0.38 sys=0.00, real=0.07 secs] 
3946.952: [GC (Allocation Failure) [PSYoungGen: 415126K->187573K(465920K)] 899315K->729934K(1864192K), 0.0667692 secs] [Times: user=0.34 sys=0.00, real=0.07 secs] 
3948.087: [GC (Allocation Failure) [PSYoungGen: 420533K->97467K(465920K)] 962894K->710520K(1864192K), 0.0559481 secs] [Times: user=0.30 sys=0.00, real=0.06 secs] 
3948.523: [GC (Allocation Failure) [PSYoungGen: 330427K->173300K(465920K)] 943480K->817482K(1864192K), 0.0518907 secs] [Times: user=0.24 sys=0.00, real=0.05 secs] 
3948.760: [GC (Allocation Failure) [PSYoungGen: 406260K->184630K(465920K)] 1050442K->883328K(1864192K), 0.0639706 secs] [Times: user=0.31 sys=0.01, real=0.06 secs] 
3948.977: [GC (Allocation Failure) [PSYoungGen: 413723K->181974K(465920K)] 1112421K->944680K(1864192K), 0.0657615 secs] [Times: user=0.33 sys=0.00, real=0.06 secs] 
3949.982: [GC (Allocation Failure) [PSYoungGen: 414934K->168306K(465920K)] 1177640K->988749K(1864192K), 0.0553841 secs] [Times: user=0.28 sys=0.00, real=0.06 secs] 
3951.192: [GC (Allocation Failure) [PSYoungGen: 401266K->108252K(465920K)] 1221709K->993063K(1864192K), 0.1149692 secs] [Times: user=0.62 sys=0.01, real=0.11 secs] 
3951.582: [GC (Allocation Failure) [PSYoungGen: 338375K->175477K(465920K)] 1223185K->1094700K(1864192K), 0.0430199 secs] [Times: user=0.20 sys=0.00, real=0.04 secs] 
3951.735: [GC (Allocation Failure) [PSYoungGen: 408437K->185526K(465920K)] 1327660K->1159721K(1864192K), 0.0454515 secs] [Times: user=0.21 sys=0.00, real=0.05 secs] 
3951.924: [GC (Allocation Failure) [PSYoungGen: 418486K->187733K(465920K)] 1392681K->1218056K(1864192K), 0.0647948 secs] [Times: user=0.32 sys=0.00, real=0.07 secs] 
3953.300: [GC (Allocation Failure) [PSYoungGen: 420693K->101324K(465920K)] 1451016K->1202427K(1864192K), 0.0681530 secs] [Times: user=0.36 sys=0.00, real=0.07 secs] 
3954.475: [GC (Allocation Failure) [PSYoungGen: 334284K->168596K(465920K)] 1435387K->1302408K(1864192K), 0.0667266 secs] [Times: user=0.32 sys=0.00, real=0.07 secs] 
3954.684: [GC (Allocation Failure) [PSYoungGen: 401556K->185558K(465920K)] 1535368K->1372406K(1864192K), 0.0459342 secs] [Times: user=0.21 sys=0.00, real=0.05 secs] 
3954.839: [GC (Allocation Failure) [PSYoungGen: 418518K->185047K(465920K)] 1605366K->1436343K(1864192K), 0.0538457 secs] [Times: user=0.25 sys=0.00, real=0.05 secs] 
3955.820: [GC (Allocation Failure) [PSYoungGen: 413508K->188819K(465920K)] 1664804K->1498739K(1864192K), 0.0548355 secs] [Times: user=0.27 sys=0.00, real=0.05 secs] 
3956.346: [GC (Allocation Failure) [PSYoungGen: 421779K->103580K(465920K)] 1731699K->1478004K(1864192K), 0.0894081 secs] [Times: user=0.48 sys=0.00, real=0.09 secs] 
3956.436: [Full GC (Ergonomics) [PSYoungGen: 103580K->0K(465920K)] [ParOldGen: 1374424K->121216K(1398272K)] 1478004K->121216K(1864192K), [Metaspace: 60375K->60375K(1105920K)], 0.1655085 secs] [Times: user=0.72 sys=0.00, real=0.17 secs] 
3956.891: [GC (Allocation Failure) [PSYoungGen: 231014K->179925K(465920K)] 352231K->301142K(1864192K), 0.0250434 secs] [Times: user=0.08 sys=0.01, real=0.02 secs] 
3957.054: [GC (Allocation Failure) [PSYoungGen: 412885K->193398K(465920K)] 534102K->370819K(1864192K), 0.0465998 secs] [Times: user=0.21 sys=0.00, real=0.05 secs] 
3957.229: [GC (Allocation Failure) [PSYoungGen: 426358K->187701K(465920K)] 603779K->421154K(1864192K), 0.0485499 secs] [Times: user=0.23 sys=0.00, real=0.05 secs] 
3958.544: [GC (Allocation Failure) [PSYoungGen: 420661K->98780K(465920K)] 654114K->402885K(1864192K), 0.0644262 secs] [Times: user=0.34 sys=0.00, real=0.07 secs] 
3959.112: [GC (Allocation Failure) [PSYoungGen: 331740K->173301K(465920K)] 635845K->509980K(1864192K), 0.0521882 secs] [Times: user=0.24 sys=0.00, real=0.05 secs] 
3959.348: [GC (Allocation Failure) [PSYoungGen: 406261K->184470K(465920K)] 742940K->575221K(1864192K), 0.0595160 secs] [Times: user=0.28 sys=0.01, real=0.06 secs] 
3959.583: [GC (Allocation Failure) [PSYoungGen: 417430K->183510K(465920K)] 808181K->638462K(1864192K), 0.0715925 secs] [Times: user=0.35 sys=0.00, real=0.07 secs] 
3961.149: [GC (Allocation Failure) [PSYoungGen: 416470K->169107K(465920K)] 871422K->682562K(1864192K), 0.0541436 secs] [Times: user=0.27 sys=0.00, real=0.05 secs] 
3962.049: [GC (Allocation Failure) [PSYoungGen: 402067K->107980K(465920K)] 915522K->686180K(1864192K), 0.1135562 secs] [Times: user=0.62 sys=0.00, real=0.11 secs] 
3962.374: [GC (Allocation Failure) [PSYoungGen: 335793K->175093K(465920K)] 913993K->788046K(1864192K), 0.0343588 secs] [Times: user=0.15 sys=0.00, real=0.04 secs] 
3962.542: [GC (Allocation Failure) [PSYoungGen: 408053K->185494K(465920K)] 1021006K->852998K(1864192K), 0.0585784 secs] [Times: user=0.28 sys=0.00, real=0.06 secs] 
3962.751: [GC (Allocation Failure) [PSYoungGen: 418454K->200661K(465920K)] 1085958K->924429K(1864192K), 0.0597924 secs] [Times: user=0.29 sys=0.01, real=0.06 secs] 
3963.946: [GC (Allocation Failure) [PSYoungGen: 433621K->101452K(465920K)] 1157389K->894665K(1864192K), 0.0447774 secs] [Times: user=0.23 sys=0.00, real=0.05 secs] 
3964.457: [GC (Allocation Failure) [PSYoungGen: 334412K->173012K(465920K)] 1127625K->998630K(1864192K), 0.0649763 secs] [Times: user=0.31 sys=0.00, real=0.06 secs] 
3964.663: [GC (Allocation Failure) [PSYoungGen: 405972K->185046K(465920K)] 1231590K->1065403K(1864192K), 0.0434882 secs] [Times: user=0.20 sys=0.00, real=0.04 secs] 
3964.838: [GC (Allocation Failure) [PSYoungGen: 418006K->182902K(465920K)] 1298363K->1127524K(1864192K), 0.0680283 secs] [Times: user=0.34 sys=0.01, real=0.06 secs] 
3965.978: [GC (Allocation Failure) [PSYoungGen: 415862K->170611K(465920K)] 1360484K->1173097K(1864192K), 0.0565879 secs] [Times: user=0.28 sys=0.01, real=0.05 secs] 
3966.646: [GC (Allocation Failure) [PSYoungGen: 403531K->112109K(465920K)] 1406017K->1179787K(1864192K), 0.0797539 secs] [Times: user=0.42 sys=0.00, real=0.08 secs] 
3966.913: [GC (GCLocker Initiated GC) [PSYoungGen: 345069K->179445K(465920K)] 1412747K->1282896K(1864192K), 0.0368808 secs] [Times: user=0.15 sys=0.00, real=0.04 secs] 
3967.060: [GC (Allocation Failure) [PSYoungGen: 412405K->182966K(465920K)] 1515859K->1349308K(1864192K), 0.0501020 secs] [Times: user=0.23 sys=0.00, real=0.05 secs] 
3967.242: [GC (Allocation Failure) [PSYoungGen: 415926K->187061K(465920K)] 1582268K->1411811K(1864192K), 0.0807466 secs] [Times: user=0.41 sys=0.01, real=0.08 secs] 
3969.210: [GC (Allocation Failure) [PSYoungGen: 420021K->96555K(465920K)] 1644771K->1391673K(1864192K), 0.0475554 secs] [Times: user=0.25 sys=0.00, real=0.05 secs] 
3970.008: [GC (Allocation Failure) [PSYoungGen: 329515K->172948K(465920K)] 1624633K->1498999K(1864192K), 0.0550834 secs] [Times: user=0.25 sys=0.00, real=0.05 secs] 
3970.063: [Full GC (Ergonomics) [PSYoungGen: 172948K->0K(465920K)] [ParOldGen: 1326050K->200076K(1398272K)] 1498999K->200076K(1864192K), [Metaspace: 60375K->60375K(1105920K)], 0.2113683 secs] [Times: user=0.98 sys=0.00, real=0.21 secs] 
3970.385: [GC (Allocation Failure) [PSYoungGen: 232960K->182453K(465920K)] 433036K->382529K(1864192K), 0.0337122 secs] [Times: user=0.13 sys=0.00, real=0.04 secs] 
3970.526: [GC (Allocation Failure) [PSYoungGen: 408087K->179414K(465920K)] 608163K->443418K(1864192K), 0.0434311 secs] [Times: user=0.20 sys=0.00, real=0.05 secs] 
3971.495: [GC (Allocation Failure) [PSYoungGen: 407580K->205811K(465920K)] 671584K->526799K(1864192K), 0.0525578 secs] [Times: user=0.26 sys=0.00, real=0.06 secs] 
3972.012: [GC (GCLocker Initiated GC) [PSYoungGen: 438771K->104284K(465920K)] 759760K->489778K(1864192K), 0.0767937 secs] [Times: user=0.41 sys=0.00, real=0.08 secs] 
3972.371: [GC (Allocation Failure) [PSYoungGen: 337244K->175669K(465920K)] 730934K->602433K(1864192K), 0.1326690 secs] [Times: user=0.74 sys=0.01, real=0.13 secs] 
3972.616: [GC (Allocation Failure) [PSYoungGen: 408629K->184439K(465920K)] 835393K->667278K(1864192K), 0.1671717 secs] [Times: user=0.93 sys=0.01, real=0.17 secs] 
3972.915: [GC (Allocation Failure) [PSYoungGen: 417399K->187189K(465920K)] 900238K->728388K(1864192K), 0.0587706 secs] [Times: user=0.29 sys=0.00, real=0.06 secs] 
3974.228: [GC (Allocation Failure) [PSYoungGen: 420149K->97787K(465920K)] 961348K->709543K(1864192K), 0.0691493 secs] [Times: user=0.37 sys=0.00, real=0.06 secs] 
3974.894: [GC (Allocation Failure) [PSYoungGen: 330747K->173428K(465920K)] 942503K->816773K(1864192K), 0.0637800 secs] [Times: user=0.30 sys=0.00, real=0.07 secs] 
3975.093: [GC (Allocation Failure) [PSYoungGen: 406388K->185302K(465920K)] 1049733K->883278K(1864192K), 0.0426182 secs] [Times: user=0.19 sys=0.01, real=0.04 secs] 
3975.264: [GC (Allocation Failure) [PSYoungGen: 410542K->175541K(465920K)] 1108518K->938014K(1864192K), 0.0614713 secs] [Times: user=0.30 sys=0.00, real=0.06 secs] 
3976.173: [GC (Allocation Failure) [PSYoungGen: 404043K->206675K(465920K)] 1166515K->1024903K(1864192K), 0.0543803 secs] [Times: user=0.27 sys=0.00, real=0.06 secs] 
3976.886: [GC (Allocation Failure) [PSYoungGen: 439635K->104140K(465920K)] 1257863K->987208K(1864192K), 0.0858152 secs] [Times: user=0.46 sys=0.00, real=0.09 secs] 
3977.154: [GC (Allocation Failure) [PSYoungGen: 329585K->177941K(465920K)] 1212654K->1094562K(1864192K), 0.0354554 secs] [Times: user=0.15 sys=0.00, real=0.04 secs] 
3977.314: [GC (Allocation Failure) [PSYoungGen: 410901K->180245K(465920K)] 1327522K->1152114K(1864192K), 0.0487316 secs] [Times: user=0.23 sys=0.01, real=0.05 secs] 
3977.510: [GC (Allocation Failure) [PSYoungGen: 413205K->187573K(465920K)] 1385074K->1214226K(1864192K), 0.0458213 secs] [Times: user=0.22 sys=0.00, real=0.04 secs] 
3978.714: [GC (Allocation Failure) [PSYoungGen: 420533K->98812K(465920K)] 1447186K->1196193K(1864192K), 0.0476191 secs] [Times: user=0.25 sys=0.00, real=0.05 secs] 
3979.092: [GC (Allocation Failure) [PSYoungGen: 331772K->171796K(465920K)] 1429153K->1301107K(1864192K), 0.0708685 secs] [Times: user=0.34 sys=0.00, real=0.07 secs] 
3979.352: [GC (Allocation Failure) [PSYoungGen: 404756K->181749K(465920K)] 1534067K->1365151K(1864192K), 0.0531444 secs] [Times: user=0.25 sys=0.00, real=0.05 secs] 
3979.515: [GC (Allocation Failure) [PSYoungGen: 414709K->186039K(465920K)] 1598111K->1440713K(1864192K), 0.0504029 secs] [Times: user=0.24 sys=0.00, real=0.05 secs] 
3980.145: [GC (Allocation Failure) [PSYoungGen: 418999K->195700K(465920K)] 1673673K->1509606K(1864192K), 0.0540293 secs] [Times: user=0.27 sys=0.00, real=0.06 secs] 
3980.199: [Full GC (Ergonomics) [PSYoungGen: 195700K->0K(465920K)] [ParOldGen: 1313906K->367014K(1398272K)] 1509606K->367014K(1864192K), [Metaspace: 60375K->60375K(1105920K)], 0.5789867 secs] [Times: user=2.49 sys=0.00, real=0.58 secs] 
3982.522: [GC (Allocation Failure) [PSYoungGen: 232960K->100130K(465920K)] 599974K->467145K(1864192K), 0.0402238 secs] [Times: user=0.16 sys=0.00, real=0.04 secs] 
3982.979: [GC (Allocation Failure) [PSYoungGen: 333090K->183574K(465920K)] 700105K->586529K(1864192K), 0.0451482 secs] [Times: user=0.19 sys=0.00, real=0.04 secs] 
3983.141: [GC (Allocation Failure) [PSYoungGen: 416534K->184854K(465920K)] 819489K->644728K(1864192K), 0.0430240 secs] [Times: user=0.20 sys=0.00, real=0.04 secs] 
3983.290: [GC (Allocation Failure) [PSYoungGen: 417814K->187509K(465920K)] 877688K->703400K(1864192K), 0.0450019 secs] [Times: user=0.21 sys=0.00, real=0.04 secs] 
3984.502: [GC (Allocation Failure) [PSYoungGen: 420469K->99388K(465920K)] 936360K->685822K(1864192K), 0.0460880 secs] [Times: user=0.24 sys=0.00, real=0.05 secs] 
3985.181: [GC (Allocation Failure) [PSYoungGen: 332348K->173397K(465920K)] 918782K->791644K(1864192K), 0.0524409 secs] [Times: user=0.25 sys=0.00, real=0.05 secs] 
3985.352: [GC (Allocation Failure) [PSYoungGen: 406357K->185654K(465920K)] 1024604K->858345K(1864192K), 0.0428800 secs] [Times: user=0.19 sys=0.00, real=0.04 secs] 
3985.502: [GC (Allocation Failure) [PSYoungGen: 418614K->185943K(465920K)] 1091305K->923194K(1864192K), 0.0498561 secs] [Times: user=0.23 sys=0.00, real=0.05 secs] 
3986.420: [GC (Allocation Failure) [PSYoungGen: 416636K->206483K(465920K)] 1153888K->1002770K(1864192K), 0.0546062 secs] [Times: user=0.28 sys=0.00, real=0.05 secs] 
3987.079: [GC (Allocation Failure) [PSYoungGen: 439443K->102508K(465920K)] 1235730K->963764K(1864192K), 0.0762821 secs] [Times: user=0.41 sys=0.00, real=0.07 secs] 
3987.401: [GC (Allocation Failure) [PSYoungGen: 333489K->180533K(465920K)] 1194745K->1073994K(1864192K), 0.0350363 secs] [Times: user=0.14 sys=0.00, real=0.03 secs] 
3987.541: [GC (GCLocker Initiated GC) [PSYoungGen: 413493K->182613K(465920K)] 1306956K->1132488K(1864192K), 0.0434187 secs] [Times: user=0.20 sys=0.00, real=0.04 secs] 
3987.689: [GC (Allocation Failure) [PSYoungGen: 415573K->185397K(465920K)] 1365613K->1190853K(1864192K), 0.0446328 secs] [Times: user=0.21 sys=0.00, real=0.04 secs] 
3988.980: [GC (Allocation Failure) [PSYoungGen: 418357K->98988K(465920K)] 1423813K->1174348K(1864192K), 0.0571102 secs] [Times: user=0.31 sys=0.00, real=0.06 secs] 
3989.508: [GC (Allocation Failure) [PSYoungGen: 331948K->174965K(465920K)] 1407308K->1282945K(1864192K), 0.0466885 secs] [Times: user=0.22 sys=0.00, real=0.04 secs] 
3989.832: [GC (Allocation Failure) [PSYoungGen: 407925K->184950K(465920K)] 1515905K->1347170K(1864192K), 0.0528907 secs] [Times: user=0.26 sys=0.00, real=0.05 secs] 
3990.019: [GC (Allocation Failure) [PSYoungGen: 417910K->180758K(465920K)] 1580130K->1407067K(1864192K), 0.0497224 secs] [Times: user=0.23 sys=0.00, real=0.05 secs] 
3991.447: [GC (Allocation Failure) [PSYoungGen: 412259K->211027K(465920K)] 1638567K->1494520K(1864192K), 0.0564241 secs] [Times: user=0.28 sys=0.00, real=0.06 secs] 
3992.441: [GC (Allocation Failure) [PSYoungGen: 443987K->100332K(465920K)] 1727480K->1450184K(1864192K), 0.0876294 secs] [Times: user=0.47 sys=0.00, real=0.09 secs] 
3992.528: [Full GC (Ergonomics) [PSYoungGen: 100332K->0K(465920K)] [ParOldGen: 1349852K->117089K(1398272K)] 1450184K->117089K(1864192K), [Metaspace: 60375K->60375K(1105920K)], 0.1642432 secs] [Times: user=0.71 sys=0.00, real=0.16 secs] 
3992.828: [GC (Allocation Failure) [PSYoungGen: 232960K->181686K(465920K)] 350049K->298775K(1864192K), 0.0249574 secs] [Times: user=0.08 sys=0.00, real=0.02 secs] 
3992.962: [GC (Allocation Failure) [PSYoungGen: 414646K->185430K(465920K)] 531735K->359183K(1864192K), 0.0414037 secs] [Times: user=0.18 sys=0.00, real=0.04 secs] 
3993.138: [GC (Allocation Failure) [PSYoungGen: 418390K->187189K(465920K)] 592143K->417102K(1864192K), 0.0490026 secs] [Times: user=0.24 sys=0.00, real=0.04 secs] 
3994.273: [GC (Allocation Failure) [PSYoungGen: 420149K->99516K(465920K)] 650062K->399881K(1864192K), 0.0434825 secs] [Times: user=0.22 sys=0.00, real=0.04 secs] 
3994.977: [GC (Allocation Failure) [PSYoungGen: 332476K->170964K(465920K)] 632841K->503582K(1864192K), 0.0601020 secs] [Times: user=0.29 sys=0.00, real=0.07 secs] 
3995.227: [GC (Allocation Failure) [PSYoungGen: 403924K->185622K(465920K)] 736542K->571779K(1864192K), 0.0543008 secs] [Times: user=0.25 sys=0.00, real=0.06 secs] 
3995.410: [GC (Allocation Failure) [PSYoungGen: 418582K->183286K(465920K)] 804739K->634100K(1864192K), 0.0492479 secs] [Times: user=0.23 sys=0.00, real=0.05 secs] 
3996.419: [GC (Allocation Failure) [PSYoungGen: 416246K->171059K(465920K)] 867060K->679753K(1864192K), 0.0569821 secs] [Times: user=0.29 sys=0.00, real=0.05 secs] 
3997.716: [GC (Allocation Failure) [PSYoungGen: 404019K->106748K(465920K)] 912713K->680818K(1864192K), 0.1112878 secs] [Times: user=0.60 sys=0.00, real=0.12 secs] 
3998.212: [GC (Allocation Failure) [PSYoungGen: 335396K->176405K(465920K)] 909466K->784596K(1864192K), 0.0446694 secs] [Times: user=0.20 sys=0.00, real=0.04 secs] 
3998.431: [GC (Allocation Failure) [PSYoungGen: 409365K->185622K(465920K)] 1017556K->849096K(1864192K), 0.0607745 secs] [Times: user=0.30 sys=0.00, real=0.06 secs] 
3998.646: [GC (Allocation Failure) [PSYoungGen: 418582K->186069K(465920K)] 1082056K->905799K(1864192K), 0.0650277 secs] [Times: user=0.32 sys=0.01, real=0.07 secs] 
3999.765: [GC (Allocation Failure) [PSYoungGen: 419029K->99500K(465920K)] 1138759K->889470K(1864192K), 0.0444778 secs] [Times: user=0.23 sys=0.00, real=0.05 secs] 
4000.603: [GC (Allocation Failure) [PSYoungGen: 332460K->171508K(465920K)] 1122430K->993312K(1864192K), 0.0596480 secs] [Times: user=0.28 sys=0.00, real=0.06 secs] 
4000.793: [GC (Allocation Failure) [PSYoungGen: 404468K->185590K(465920K)] 1226272K->1061329K(1864192K), 0.0434172 secs] [Times: user=0.20 sys=0.00, real=0.04 secs] 
4000.944: [GC (Allocation Failure) [PSYoungGen: 418550K->185367K(465920K)] 1294289K->1125490K(1864192K), 0.0506452 secs] [Times: user=0.23 sys=0.00, real=0.05 secs] 
4001.906: [GC (Allocation Failure) [PSYoungGen: 417230K->205939K(465920K)] 1357354K->1204918K(1864192K), 0.0561757 secs] [Times: user=0.28 sys=0.00, real=0.06 secs] 
4002.543: [GC (Allocation Failure) [PSYoungGen: 438899K->105196K(465920K)] 1437878K->1168736K(1864192K), 0.1032698 secs] [Times: user=0.55 sys=0.00, real=0.10 secs] 
4002.826: [GC (Allocation Failure) [PSYoungGen: 332278K->177205K(465920K)] 1395817K->1274284K(1864192K), 0.0355867 secs] [Times: user=0.15 sys=0.00, real=0.04 secs] 
4002.968: [GC (Allocation Failure) [PSYoungGen: 410165K->182709K(465920K)] 1507244K->1335088K(1864192K), 0.0438073 secs] [Times: user=0.20 sys=0.00, real=0.04 secs] 
4003.119: [GC (Allocation Failure) [PSYoungGen: 415669K->187445K(465920K)] 1568048K->1395416K(1864192K), 0.0460274 secs] [Times: user=0.22 sys=0.00, real=0.04 secs] 
4004.416: [GC (Allocation Failure) [PSYoungGen: 420405K->99980K(465920K)] 1628376K->1378479K(1864192K), 0.0653292 secs] [Times: user=0.35 sys=0.00, real=0.07 secs] 
4005.131: [GC (Allocation Failure) [PSYoungGen: 332940K->174037K(465920K)] 1611439K->1485412K(1864192K), 0.0553381 secs] [Times: user=0.27 sys=0.00, real=0.05 secs] 
4005.335: [GC (Allocation Failure) [PSYoungGen: 406997K->185174K(465920K)] 1718372K->1550685K(1864192K), 0.0484517 secs] [Times: user=0.23 sys=0.00, real=0.05 secs] 
4005.383: [Full GC (Ergonomics) [PSYoungGen: 185174K->0K(465920K)] [ParOldGen: 1365511K->262901K(1398272K)] 1550685K->262901K(1864192K), [Metaspace: 60375K->60375K(1105920K)], 0.3269354 secs] [Times: user=1.49 sys=0.00, real=0.33 secs] 
4005.817: [GC (Allocation Failure) [PSYoungGen: 232960K->182774K(465920K)] 495861K->445676K(1864192K), 0.0850249 secs] [Times: user=0.44 sys=0.00, real=0.08 secs] 
4007.169: [GC (Allocation Failure) [PSYoungGen: 415219K->207859K(465920K)] 678120K->528761K(1864192K), 0.0532116 secs] [Times: user=0.25 sys=0.00, real=0.05 secs] 
4007.890: [GC (Allocation Failure) [PSYoungGen: 440819K->104204K(465920K)] 761721K->490490K(1864192K), 0.0841880 secs] [Times: user=0.45 sys=0.00, real=0.08 secs] 
4008.200: [GC (Allocation Failure) [PSYoungGen: 333455K->178645K(465920K)] 719741K->598768K(1864192K), 0.0345821 secs] [Times: user=0.15 sys=0.00, real=0.03 secs] 
4008.356: [GC (Allocation Failure) [PSYoungGen: 411605K->185526K(465920K)] 831728K->661248K(1864192K), 0.0526872 secs] [Times: user=0.25 sys=0.00, real=0.06 secs] 
4008.534: [GC (Allocation Failure) [PSYoungGen: 418486K->184212K(465920K)] 894208K->716047K(1864192K), 0.0454501 secs] [Times: user=0.21 sys=0.00, real=0.05 secs] 
4009.716: [GC (Allocation Failure) [PSYoungGen: 417172K->101244K(465920K)] 949007K->702407K(1864192K), 0.0442665 secs] [Times: user=0.23 sys=0.01, real=0.05 secs] 
4010.053: [GC (Allocation Failure) [PSYoungGen: 334204K->176341K(465920K)] 935367K->810636K(1864192K), 0.0719575 secs] [Times: user=0.34 sys=0.00, real=0.07 secs] 
4010.281: [GC (Allocation Failure) [PSYoungGen: 409301K->182485K(465920K)] 1043596K->871884K(1864192K), 0.0432930 secs] [Times: user=0.19 sys=0.00, real=0.04 secs] 
4010.434: [GC (Allocation Failure) [PSYoungGen: 412103K->183094K(465920K)] 1101502K->936333K(1864192K), 0.0497649 secs] [Times: user=0.23 sys=0.00, real=0.05 secs] 
4011.353: [GC (Allocation Failure) [PSYoungGen: 411516K->206355K(465920K)] 1164755K->1017922K(1864192K), 0.0545255 secs] [Times: user=0.27 sys=0.00, real=0.06 secs] 
4012.240: [GC (Allocation Failure) [PSYoungGen: 439315K->103772K(465920K)] 1250882K->980083K(1864192K), 0.0705277 secs] [Times: user=0.37 sys=0.00, real=0.07 secs] 
4012.587: [GC (Allocation Failure) [PSYoungGen: 331117K->178645K(465920K)] 1207428K->1088861K(1864192K), 0.0351254 secs] [Times: user=0.14 sys=0.01, real=0.04 secs] 
4012.732: [GC (Allocation Failure) [PSYoungGen: 411605K->185142K(465920K)] 1321821K->1150885K(1864192K), 0.0439337 secs] [Times: user=0.20 sys=0.00, real=0.04 secs] 
4012.903: [GC (Allocation Failure) [PSYoungGen: 418102K->187029K(465920K)] 1383845K->1209012K(1864192K), 0.0649442 secs] [Times: user=0.31 sys=0.00, real=0.07 secs] 
4014.271: [GC (Allocation Failure) [PSYoungGen: 419989K->101612K(465920K)] 1441972K->1194043K(1864192K), 0.0451301 secs] [Times: user=0.24 sys=0.00, real=0.04 secs] 
4015.215: [GC (Allocation Failure) [PSYoungGen: 334572K->168372K(465920K)] 1427003K->1293032K(1864192K), 0.0585967 secs] [Times: user=0.28 sys=0.00, real=0.06 secs] 
4015.410: [GC (Allocation Failure) [PSYoungGen: 401332K->185622K(465920K)] 1525992K->1363438K(1864192K), 0.0429664 secs] [Times: user=0.19 sys=0.00, real=0.04 secs] 
4015.565: [GC (Allocation Failure) [PSYoungGen: 418582K->186199K(465920K)] 1596398K->1428423K(1864192K), 0.0503245 secs] [Times: user=0.23 sys=0.00, real=0.05 secs] 
4016.681: [GC (Allocation Failure) [PSYoungGen: 419159K->169587K(465920K)] 1661383K->1470883K(1864192K), 0.0561122 secs] [Times: user=0.28 sys=0.00, real=0.06 secs] 
4017.320: [GC (Allocation Failure) [PSYoungGen: 402531K->106316K(465920K)] 1703827K->1472557K(1864192K), 0.0876023 secs] [Times: user=0.47 sys=0.00, real=0.09 secs] 
4017.408: [Full GC (Ergonomics) [PSYoungGen: 106316K->0K(465920K)] [ParOldGen: 1366240K->123861K(1398272K)] 1472557K->123861K(1864192K), [Metaspace: 60375K->60375K(1105920K)], 0.1739213 secs] [Times: user=0.76 sys=0.00, real=0.17 secs] 
4017.935: [GC (Allocation Failure) [PSYoungGen: 225829K->176757K(465920K)] 349690K->300618K(1864192K), 0.0244685 secs] [Times: user=0.09 sys=0.00, real=0.03 secs] 
4018.067: [GC (Allocation Failure) [PSYoungGen: 409717K->185590K(465920K)] 533578K->364711K(1864192K), 0.0414590 secs] [Times: user=0.18 sys=0.00, real=0.04 secs] 
4018.232: [GC (Allocation Failure) [PSYoungGen: 418550K->187829K(465920K)] 597671K->423134K(1864192K), 0.0493143 secs] [Times: user=0.23 sys=0.00, real=0.05 secs] 
4019.678: [GC (Allocation Failure) [PSYoungGen: 420789K->99004K(465920K)] 656094K->405349K(1864192K), 0.1022269 secs] [Times: user=0.57 sys=0.00, real=0.10 secs] 
4020.812: [GC (Allocation Failure) [PSYoungGen: 331964K->172052K(465920K)] 638309K->510882K(1864192K), 0.0584135 secs] [Times: user=0.27 sys=0.00, real=0.06 secs] 
4021.005: [GC (Allocation Failure) [PSYoungGen: 405012K->185046K(465920K)] 743842K->577219K(1864192K), 0.0424255 secs] [Times: user=0.19 sys=0.00, real=0.05 secs] 
4021.279: [GC (Allocation Failure) [PSYoungGen: 418006K->181334K(465920K)] 810179K->637748K(1864192K), 0.0516366 secs] [Times: user=0.25 sys=0.00, real=0.05 secs] 
4022.651: [GC (Allocation Failure) [PSYoungGen: 409271K->209107K(465920K)] 865685K->722937K(1864192K), 0.0546114 secs] [Times: user=0.27 sys=0.00, real=0.05 secs] 
4023.634: [GC (Allocation Failure) [PSYoungGen: 442067K->96875K(465920K)] 955897K->676305K(1864192K), 0.0877991 secs] [Times: user=0.47 sys=0.01, real=0.09 secs] 
4024.061: [GC (Allocation Failure) [PSYoungGen: 329835K->184182K(465920K)] 909265K->795081K(1864192K), 0.0352201 secs] [Times: user=0.14 sys=0.00, real=0.03 secs] 
4024.201: [GC (Allocation Failure) [PSYoungGen: 417142K->183285K(465920K)] 1028041K->851192K(1864192K), 0.0452439 secs] [Times: user=0.21 sys=0.00, real=0.04 secs] 
4024.353: [GC (Allocation Failure) [PSYoungGen: 416245K->187381K(465920K)] 1084152K->911208K(1864192K), 0.0469794 secs] [Times: user=0.22 sys=0.00, real=0.05 secs] 
4025.568: [GC (Allocation Failure) [PSYoungGen: 420341K->100108K(465920K)] 1144168K->894438K(1864192K), 0.0561149 secs] [Times: user=0.30 sys=0.00, real=0.05 secs] 
4025.963: [GC (Allocation Failure) [PSYoungGen: 333068K->174389K(465920K)] 1127398K->1001788K(1864192K), 0.0399572 secs] [Times: user=0.17 sys=0.00, real=0.04 secs] 
4026.110: [GC (Allocation Failure) [PSYoungGen: 407349K->182453K(465920K)] 1234748K->1063908K(1864192K), 0.0431214 secs] [Times: user=0.19 sys=0.00, real=0.04 secs] 
4026.312: [GC (Allocation Failure) [PSYoungGen: 415413K->184503K(465920K)] 1296868K->1129702K(1864192K), 0.0509430 secs] [Times: user=0.23 sys=0.00, real=0.05 secs] 
4027.830: [GC (Allocation Failure) [PSYoungGen: 417463K->193866K(465920K)] 1362662K->1197593K(1864192K), 0.0520537 secs] [Times: user=0.25 sys=0.00, real=0.05 secs] 
4029.345: [GC (Allocation Failure) [PSYoungGen: 426826K->102556K(465920K)] 1430553K->1171867K(1864192K), 0.1179950 secs] [Times: user=0.64 sys=0.01, real=0.12 secs] 
4029.802: [GC (Allocation Failure) [PSYoungGen: 331578K->180054K(465920K)] 1400889K->1282606K(1864192K), 0.0425065 secs] [Times: user=0.19 sys=0.00, real=0.04 secs] 
4029.952: [GC (Allocation Failure) [PSYoungGen: 413014K->182645K(465920K)] 1515566K->1341045K(1864192K), 0.0442473 secs] [Times: user=0.20 sys=0.00, real=0.04 secs] 
4030.103: [GC (Allocation Failure) [PSYoungGen: 415605K->187605K(465920K)] 1574005K->1401645K(1864192K), 0.0466421 secs] [Times: user=0.21 sys=0.00, real=0.05 secs] 
4031.288: [GC (Allocation Failure) [PSYoungGen: 420565K->101356K(465920K)] 1634605K->1386052K(1864192K), 0.0465973 secs] [Times: user=0.24 sys=0.00, real=0.04 secs] 
4031.852: [GC (Allocation Failure) [PSYoungGen: 334316K->175701K(465920K)] 1619012K->1492794K(1864192K), 0.0576739 secs] [Times: user=0.27 sys=0.00, real=0.06 secs] 
4031.910: [Full GC (Ergonomics) [PSYoungGen: 175701K->0K(465920K)] [ParOldGen: 1317092K->200098K(1398272K)] 1492794K->200098K(1864192K), [Metaspace: 60375K->60375K(1105920K)], 0.1911502 secs] [Times: user=0.87 sys=0.00, real=0.19 secs] 
4032.239: [GC (Allocation Failure) [PSYoungGen: 232960K->177493K(465920K)] 433058K->377591K(1864192K), 0.0328958 secs] [Times: user=0.11 sys=0.01, real=0.03 secs] 
4032.416: [GC (Allocation Failure) [PSYoungGen: 410453K->186007K(465920K)] 610551K->448986K(1864192K), 0.0585396 secs] [Times: user=0.28 sys=0.00, real=0.06 secs] 
4033.489: [GC (Allocation Failure) [PSYoungGen: 418967K->173075K(465920K)] 681946K->495030K(1864192K), 0.0577666 secs] [Times: user=0.28 sys=0.00, real=0.05 secs] 
4034.087: [GC (GCLocker Initiated GC) [PSYoungGen: 406035K->111117K(465920K)] 727991K->499193K(1864192K), 0.1003744 secs] [Times: user=0.54 sys=0.00, real=0.11 secs] 
4034.393: [GC (Allocation Failure) [PSYoungGen: 344077K->177461K(465920K)] 732160K->601064K(1864192K), 0.0362326 secs] [Times: user=0.15 sys=0.00, real=0.04 secs] 
4034.541: [GC (Allocation Failure) [PSYoungGen: 410421K->185367K(465920K)] 834024K->695886K(1864192K), 0.0491603 secs] [Times: user=0.23 sys=0.00, real=0.05 secs] 
4034.695: [GC (Allocation Failure) [PSYoungGen: 418202K->184052K(465920K)] 928722K->753380K(1864192K), 0.0566732 secs] [Times: user=0.28 sys=0.00, real=0.06 secs] 
4036.171: [GC (Allocation Failure) [PSYoungGen: 417012K->99804K(465920K)] 986340K->738579K(1864192K), 0.0675348 secs] [Times: user=0.36 sys=0.00, real=0.07 secs] 
4036.874: [GC (Allocation Failure) [PSYoungGen: 332764K->176533K(465920K)] 971539K->847654K(1864192K), 0.0576561 secs] [Times: user=0.26 sys=0.00, real=0.06 secs] 
4037.067: [GC (Allocation Failure) [PSYoungGen: 409493K->182741K(465920K)] 1080614K->908878K(1864192K), 0.0433171 secs] [Times: user=0.19 sys=0.00, real=0.04 secs] 
4037.216: [GC (Allocation Failure) [PSYoungGen: 403680K->175541K(465920K)] 1129816K->965510K(1864192K), 0.0487163 secs] [Times: user=0.23 sys=0.00, real=0.05 secs] 
4038.770: [GC (Allocation Failure) [PSYoungGen: 405534K->205971K(465920K)] 1195502K->1051851K(1864192K), 0.0555789 secs] [Times: user=0.28 sys=0.00, real=0.05 secs] 
4039.461: [GC (Allocation Failure) [PSYoungGen: 438931K->104492K(465920K)] 1284811K->1015173K(1864192K), 0.0803266 secs] [Times: user=0.43 sys=0.01, real=0.08 secs] 
4039.737: [GC (Allocation Failure) [PSYoungGen: 336616K->178293K(465920K)] 1247297K->1123071K(1864192K), 0.0357612 secs] [Times: user=0.15 sys=0.00, real=0.03 secs] 
4039.881: [GC (Allocation Failure) [PSYoungGen: 411253K->182581K(465920K)] 1356031K->1182575K(1864192K), 0.0437551 secs] [Times: user=0.20 sys=0.00, real=0.04 secs] 
4040.069: [GC (Allocation Failure) [PSYoungGen: 415541K->184372K(465920K)] 1415535K->1239446K(1864192K), 0.0601198 secs] [Times: user=0.30 sys=0.00, real=0.06 secs] 
4041.289: [GC (Allocation Failure) [PSYoungGen: 417332K->102524K(465920K)] 1472406K->1227142K(1864192K), 0.0494817 secs] [Times: user=0.26 sys=0.00, real=0.05 secs] 
4041.941: [GC (Allocation Failure) [PSYoungGen: 335484K->172884K(465920K)] 1460102K->1331011K(1864192K), 0.0768959 secs] [Times: user=0.37 sys=0.00, real=0.08 secs] 
4042.178: [GC (Allocation Failure) [PSYoungGen: 405844K->182581K(465920K)] 1563971K->1394652K(1864192K), 0.0456072 secs] [Times: user=0.20 sys=0.00, real=0.04 secs] 
4042.375: [GC (Allocation Failure) [PSYoungGen: 415541K->185943K(465920K)] 1627612K->1461926K(1864192K), 0.0862513 secs] [Times: user=0.42 sys=0.00, real=0.09 secs] 
4043.511: [GC (Allocation Failure) [PSYoungGen: 418903K->171571K(465920K)] 1694886K->1506498K(1864192K), 0.0617415 secs] [Times: user=0.32 sys=0.00, real=0.06 secs] 
4043.572: [Full GC (Ergonomics) [PSYoungGen: 171571K->0K(465920K)] [ParOldGen: 1334926K->360045K(1398272K)] 1506498K->360045K(1864192K), [Metaspace: 60375K->60375K(1105920K)], 0.5906549 secs] [Times: user=2.56 sys=0.00, real=0.59 secs] 
4045.360: [GC (Allocation Failure) [PSYoungGen: 232960K->106188K(465920K)] 593005K->466234K(1864192K), 0.0446852 secs] [Times: user=0.17 sys=0.00, real=0.04 secs] 
4045.783: [GC (Allocation Failure) [PSYoungGen: 339148K->176757K(465920K)] 699194K->571040K(1864192K), 0.0414447 secs] [Times: user=0.19 sys=0.00, real=0.04 secs] 
4045.934: [GC (Allocation Failure) [PSYoungGen: 409717K->185622K(465920K)] 804000K->635312K(1864192K), 0.0428620 secs] [Times: user=0.19 sys=0.00, real=0.05 secs] 
4046.083: [GC (Allocation Failure) [PSYoungGen: 418582K->187637K(465920K)] 868272K->693536K(1864192K), 0.0456763 secs] [Times: user=0.21 sys=0.00, real=0.05 secs] 
4047.200: [GC (Allocation Failure) [PSYoungGen: 420597K->101916K(465920K)] 926496K->678471K(1864192K), 0.0450348 secs] [Times: user=0.22 sys=0.00, real=0.04 secs] 
4048.104: [GC (Allocation Failure) [PSYoungGen: 334876K->171604K(465920K)] 911431K->780580K(1864192K), 0.0656095 secs] [Times: user=0.31 sys=0.00, real=0.07 secs] 
4048.313: [GC (Allocation Failure) [PSYoungGen: 404564K->181269K(465920K)] 1013540K->844353K(1864192K), 0.0437509 secs] [Times: user=0.19 sys=0.00, real=0.04 secs] 
4048.521: [GC (Allocation Failure) [PSYoungGen: 414229K->185847K(465920K)] 1077313K->912315K(1864192K), 0.0795056 secs] [Times: user=0.40 sys=0.00, real=0.08 secs] 
4049.440: [GC (Allocation Failure) [PSYoungGen: 413891K->207507K(465920K)] 1140359K->992915K(1864192K), 0.0553526 secs] [Times: user=0.28 sys=0.00, real=0.05 secs] 
4050.312: [GC (Allocation Failure) [PSYoungGen: 440467K->102636K(465920K)] 1225875K->953024K(1864192K), 0.1071320 secs] [Times: user=0.58 sys=0.00, real=0.11 secs] 
4050.795: [GC (Allocation Failure) [PSYoungGen: 333432K->180085K(465920K)] 1183819K->1063858K(1864192K), 0.0452014 secs] [Times: user=0.19 sys=0.00, real=0.05 secs] 
4050.990: [GC (Allocation Failure) [PSYoungGen: 413045K->185014K(465920K)] 1296818K->1124826K(1864192K), 0.0615935 secs] [Times: user=0.29 sys=0.01, real=0.06 secs] 
4051.567: [GC (Allocation Failure) [PSYoungGen: 417974K->186773K(465920K)] 1357786K->1182553K(1864192K), 0.0612801 secs] [Times: user=0.29 sys=0.01, real=0.06 secs] 
4053.641: [GC (Allocation Failure) [PSYoungGen: 419733K->98780K(465920K)] 1415513K->1164904K(1864192K), 0.1219081 secs] [Times: user=0.67 sys=0.00, real=0.12 secs] 
4055.004: [GC (Allocation Failure) [PSYoungGen: 331740K->165940K(465920K)] 1397864K->1263836K(1864192K), 0.0638726 secs] [Times: user=0.31 sys=0.00, real=0.07 secs] 
4055.259: [GC (Allocation Failure) [PSYoungGen: 398900K->185654K(465920K)] 1496796K->1335862K(1864192K), 0.0557386 secs] [Times: user=0.26 sys=0.00, real=0.05 secs] 
4055.460: [GC (Allocation Failure) [PSYoungGen: 418614K->185719K(465920K)] 1568822K->1400247K(1864192K), 0.0584443 secs] [Times: user=0.28 sys=0.00, real=0.06 secs] 
4056.352: [GC (Allocation Failure) [PSYoungGen: 418679K->195667K(465920K)] 1633207K->1469196K(1864192K), 0.0572109 secs] [Times: user=0.28 sys=0.01, real=0.06 secs] 
4057.024: [GC (Allocation Failure) [PSYoungGen: 428627K->101228K(465920K)] 1702156K->1441376K(1864192K), 0.1020711 secs] [Times: user=0.55 sys=0.00, real=0.10 secs] 
4057.126: [Full GC (Ergonomics) [PSYoungGen: 101228K->0K(465920K)] [ParOldGen: 1340148K->118488K(1398272K)] 1441376K->118488K(1864192K), [Metaspace: 60375K->60375K(1105920K)], 0.1746981 secs] [Times: user=0.76 sys=0.01, real=0.18 secs] 
4057.614: [GC (Allocation Failure) [PSYoungGen: 231970K->182390K(465920K)] 350459K->300879K(1864192K), 0.0253376 secs] [Times: user=0.09 sys=0.00, real=0.03 secs] 
4057.746: [GC (Allocation Failure) [PSYoungGen: 415350K->185654K(465920K)] 533839K->361115K(1864192K), 0.0419710 secs] [Times: user=0.19 sys=0.00, real=0.05 secs] 
4057.892: [GC (Allocation Failure) [PSYoungGen: 418614K->187733K(465920K)] 594075K->419442K(1864192K), 0.0455755 secs] [Times: user=0.21 sys=0.00, real=0.05 secs] 
4059.313: [GC (Allocation Failure) [PSYoungGen: 420693K->95739K(465920K)] 652402K->398312K(1864192K), 0.0679921 secs] [Times: user=0.35 sys=0.01, real=0.07 secs] 
4059.957: [GC (Allocation Failure) [PSYoungGen: 328699K->175285K(465920K)] 631272K->509458K(1864192K), 0.0563075 secs] [Times: user=0.26 sys=0.00, real=0.06 secs] 
4060.386: [GC (Allocation Failure) [PSYoungGen: 408245K->184854K(465920K)] 742418K->573434K(1864192K), 0.0584625 secs] [Times: user=0.28 sys=0.00, real=0.06 secs] 
4060.560: [GC (Allocation Failure) [PSYoungGen: 416012K->182646K(465920K)] 804593K->635307K(1864192K), 0.0493761 secs] [Times: user=0.23 sys=0.00, real=0.05 secs] 
4061.965: [GC (Allocation Failure) [PSYoungGen: 415606K->210227K(465920K)] 868267K->720847K(1864192K), 0.0531169 secs] [Times: user=0.26 sys=0.00, real=0.06 secs] 
4063.105: [GC (Allocation Failure) [PSYoungGen: 443187K->103820K(465920K)] 953807K->678953K(1864192K), 0.0967369 secs] [Times: user=0.52 sys=0.00, real=0.10 secs] 
4063.400: [GC (Allocation Failure) [PSYoungGen: 329249K->178133K(465920K)] 904382K->786475K(1864192K), 0.0346726 secs] [Times: user=0.15 sys=0.00, real=0.03 secs] 
4063.566: [GC (Allocation Failure) [PSYoungGen: 411093K->185622K(465920K)] 1019435K->849427K(1864192K), 0.0477788 secs] [Times: user=0.22 sys=0.00, real=0.05 secs] 
4063.739: [GC (Allocation Failure) [PSYoungGen: 418582K->187701K(465920K)] 1082387K->907739K(1864192K), 0.0458817 secs] [Times: user=0.21 sys=0.00, real=0.04 secs] 
4064.839: [GC (GCLocker Initiated GC) [PSYoungGen: 420661K->94203K(465920K)] 1140699K->885105K(1864192K), 0.0439504 secs] [Times: user=0.22 sys=0.00, real=0.04 secs] 
4065.259: [GC (GCLocker Initiated GC) [PSYoungGen: 327163K->171444K(465920K)] 1118067K->993160K(1864192K), 0.0653858 secs] [Times: user=0.32 sys=0.01, real=0.06 secs] 
4065.462: [GC (Allocation Failure) [PSYoungGen: 404404K->185494K(465920K)] 1226284K->1061009K(1864192K), 0.0432670 secs] [Times: user=0.19 sys=0.00, real=0.04 secs] 
4065.613: [GC (Allocation Failure) [PSYoungGen: 418454K->186391K(465920K)] 1293969K->1126330K(1864192K), 0.0509565 secs] [Times: user=0.23 sys=0.00, real=0.05 secs] 
4066.535: [GC (Allocation Failure) [PSYoungGen: 416907K->208243K(465920K)] 1356846K->1207302K(1864192K), 0.0569156 secs] [Times: user=0.28 sys=0.00, real=0.06 secs] 
4067.647: [GC (Allocation Failure) [PSYoungGen: 441203K->102556K(465920K)] 1440262K->1166955K(1864192K), 0.0796465 secs] [Times: user=0.43 sys=0.00, real=0.07 secs] 
4067.955: [GC (Allocation Failure) [PSYoungGen: 333674K->179541K(465920K)] 1398073K->1276949K(1864192K), 0.0355259 secs] [Times: user=0.15 sys=0.00, real=0.04 secs] 
4068.171: [GC (Allocation Failure) [PSYoungGen: 412501K->185558K(465920K)] 1509909K->1338813K(1864192K), 0.0542447 secs] [Times: user=0.25 sys=0.01, real=0.05 secs] 
4068.608: [GC (GCLocker Initiated GC) [PSYoungGen: 418518K->181396K(465920K)] 1571773K->1390628K(1864192K), 0.0637000 secs] [Times: user=0.31 sys=0.00, real=0.06 secs] 
4070.032: [GC (Allocation Failure) [PSYoungGen: 414356K->102620K(465920K)] 1623591K->1380479K(1864192K), 0.0628796 secs] [Times: user=0.33 sys=0.00, real=0.06 secs] 
4071.133: [GC (Allocation Failure) [PSYoungGen: 335580K->169780K(465920K)] 1613439K->1480780K(1864192K), 0.0723224 secs] [Times: user=0.36 sys=0.00, real=0.07 secs] 
4071.351: [GC (Allocation Failure) [PSYoungGen: 402740K->183189K(465920K)] 1713740K->1547357K(1864192K), 0.0432230 secs] [Times: user=0.19 sys=0.00, real=0.04 secs] 
4071.394: [Full GC (Ergonomics) [PSYoungGen: 183189K->0K(465920K)] [ParOldGen: 1364167K->259239K(1398272K)] 1547357K->259239K(1864192K), [Metaspace: 60375K->60375K(1105920K)], 0.3147353 secs] [Times: user=1.45 sys=0.00, real=0.32 secs] 
4071.819: [GC (Allocation Failure) [PSYoungGen: 232960K->186039K(465920K)] 492199K->445278K(1864192K), 0.0931266 secs] [Times: user=0.49 sys=0.00, real=0.09 secs] 
4072.608: [GC (Allocation Failure) [PSYoungGen: 418999K->194963K(465920K)] 678238K->513211K(1864192K), 0.0519060 secs] [Times: user=0.26 sys=0.00, real=0.05 secs] 
4073.428: [GC (Allocation Failure) [PSYoungGen: 427923K->99531K(465920K)] 746171K->484235K(1864192K), 0.0979918 secs] [Times: user=0.52 sys=0.01, real=0.09 secs] 
4073.869: [GC (Allocation Failure) [PSYoungGen: 332491K->183574K(465920K)] 717195K->600442K(1864192K), 0.0355566 secs] [Times: user=0.15 sys=0.00, real=0.03 secs] 
4074.012: [GC (Allocation Failure) [PSYoungGen: 416534K->182709K(465920K)] 833402K->656654K(1864192K), 0.0427041 secs] [Times: user=0.19 sys=0.00, real=0.04 secs] 
4074.161: [GC (Allocation Failure) [PSYoungGen: 415669K->187285K(465920K)] 889614K->716717K(1864192K), 0.0445053 secs] [Times: user=0.20 sys=0.00, real=0.04 secs] 
4075.325: [GC (Allocation Failure) [PSYoungGen: 420245K->101612K(465920K)] 949677K->701636K(1864192K), 0.0463143 secs] [Times: user=0.24 sys=0.00, real=0.05 secs] 
4075.762: [GC (Allocation Failure) [PSYoungGen: 334572K->176629K(465920K)] 934596K->810194K(1864192K), 0.0397630 secs] [Times: user=0.18 sys=0.00, real=0.04 secs] 
4075.909: [GC (Allocation Failure) [PSYoungGen: 409589K->185014K(465920K)] 1043154K->873330K(1864192K), 0.0436175 secs] [Times: user=0.19 sys=0.00, real=0.04 secs] 
4076.059: [GC (Allocation Failure) [PSYoungGen: 411925K->179446K(465920K)] 1100242K->932251K(1864192K), 0.0496295 secs] [Times: user=0.23 sys=0.00, real=0.05 secs] 
4077.089: [GC (Allocation Failure) [PSYoungGen: 407889K->206291K(465920K)] 1160694K->1016103K(1864192K), 0.0543787 secs] [Times: user=0.27 sys=0.00, real=0.05 secs] 
4078.277: [GC (Allocation Failure) [PSYoungGen: 439251K->100668K(465920K)] 1249063K->975160K(1864192K), 0.1118723 secs] [Times: user=0.61 sys=0.00, real=0.12 secs] 
4078.654: [GC (Allocation Failure) [PSYoungGen: 331246K->181206K(465920K)] 1205738K->1088183K(1864192K), 0.0455124 secs] [Times: user=0.20 sys=0.00, real=0.05 secs] 
4078.858: [GC (Allocation Failure) [PSYoungGen: 414166K->185110K(465920K)] 1321143K->1148287K(1864192K), 0.0499363 secs] [Times: user=0.23 sys=0.00, real=0.05 secs] 
4079.018: [GC (Allocation Failure) [PSYoungGen: 418070K->184853K(465920K)] 1381247K->1204046K(1864192K), 0.0470672 secs] [Times: user=0.22 sys=0.00, real=0.04 secs] 
4080.228: [GC (Allocation Failure) [PSYoungGen: 417813K->99852K(465920K)] 1437006K->1188829K(1864192K), 0.0568539 secs] [Times: user=0.30 sys=0.00, real=0.05 secs] 
4080.910: [GC (Allocation Failure) [PSYoungGen: 332812K->169876K(465920K)] 1421789K->1290762K(1864192K), 0.0742729 secs] [Times: user=0.36 sys=0.00, real=0.07 secs] 
4081.182: [GC (Allocation Failure) [PSYoungGen: 402836K->185206K(465920K)] 1523722K->1359428K(1864192K), 0.0584052 secs] [Times: user=0.28 sys=0.00, real=0.06 secs] 
4081.351: [GC (Allocation Failure) [PSYoungGen: 418166K->186295K(465920K)] 1592388K->1425029K(1864192K), 0.0521702 secs] [Times: user=0.25 sys=0.00, real=0.05 secs] 
4082.359: [GC (Allocation Failure) [PSYoungGen: 419255K->193677K(465920K)] 1657989K->1491411K(1864192K), 0.0529253 secs] [Times: user=0.26 sys=0.00, real=0.05 secs] 
4083.902: [GC (Allocation Failure) [PSYoungGen: 426637K->102940K(465920K)] 1724371K->1466414K(1864192K), 0.1032811 secs] [Times: user=0.56 sys=0.00, real=0.10 secs] 
4084.005: [Full GC (Ergonomics) [PSYoungGen: 102940K->0K(465920K)] [ParOldGen: 1363474K->120535K(1398272K)] 1466414K->120535K(1864192K), [Metaspace: 60375K->60375K(1105920K)], 0.1822785 secs] [Times: user=0.80 sys=0.00, real=0.19 secs] 
4084.537: [GC (Allocation Failure) [PSYoungGen: 232960K->180630K(465920K)] 353495K->301165K(1864192K), 0.0336564 secs] [Times: user=0.13 sys=0.00, real=0.03 secs] 
4084.700: [GC (Allocation Failure) [PSYoungGen: 413590K->185686K(465920K)] 534125K->362693K(1864192K), 0.0412640 secs] [Times: user=0.19 sys=0.00, real=0.04 secs] 
4084.850: [GC (Allocation Failure) [PSYoungGen: 418646K->187317K(465920K)] 595653K->420725K(1864192K), 0.0447072 secs] [Times: user=0.20 sys=0.00, real=0.04 secs] 
4086.140: [GC (Allocation Failure) [PSYoungGen: 420277K->102188K(465920K)] 653685K->406300K(1864192K), 0.0673634 secs] [Times: user=0.35 sys=0.00, real=0.07 secs] 
4087.541: [GC (Allocation Failure) [PSYoungGen: 335148K->168724K(465920K)] 639260K->505384K(1864192K), 0.0705282 secs] [Times: user=0.34 sys=0.00, real=0.07 secs] 
4087.767: [GC (Allocation Failure) [PSYoungGen: 401684K->185302K(465920K)] 738344K->574922K(1864192K), 0.0425600 secs] [Times: user=0.19 sys=0.00, real=0.05 secs] 
4087.920: [GC (Allocation Failure) [PSYoungGen: 418262K->185239K(465920K)] 807882K->639075K(1864192K), 0.0500573 secs] [Times: user=0.24 sys=0.00, real=0.05 secs] 
4088.866: [GC (Allocation Failure) [PSYoungGen: 413075K->205747K(465920K)] 866912K->718535K(1864192K), 0.0564722 secs] [Times: user=0.28 sys=0.00, real=0.06 secs] 
4089.623: [GC (Allocation Failure) [PSYoungGen: 438707K->101484K(465920K)] 951495K->678808K(1864192K), 0.0933822 secs] [Times: user=0.49 sys=0.01, real=0.09 secs] 
4090.015: [GC (Allocation Failure) [PSYoungGen: 332061K->181270K(465920K)] 909386K->790863K(1864192K), 0.0387450 secs] [Times: user=0.17 sys=0.00, real=0.04 secs] 
4090.160: [GC (Allocation Failure) [PSYoungGen: 414230K->185494K(465920K)] 1023823K->851487K(1864192K), 0.0437791 secs] [Times: user=0.19 sys=0.00, real=0.04 secs] 
4090.329: [GC (Allocation Failure) [PSYoungGen: 418454K->187605K(465920K)] 1084447K->909919K(1864192K), 0.0504292 secs] [Times: user=0.24 sys=0.00, real=0.05 secs] 
4091.726: [GC (Allocation Failure) [PSYoungGen: 420565K->96507K(465920K)] 1142879K->889493K(1864192K), 0.0798759 secs] [Times: user=0.43 sys=0.01, real=0.08 secs] 
4092.434: [GC (Allocation Failure) [PSYoungGen: 329467K->174677K(465920K)] 1122453K->999679K(1864192K), 0.0587215 secs] [Times: user=0.27 sys=0.00, real=0.06 secs] 
4092.757: [GC (Allocation Failure) [PSYoungGen: 407637K->185078K(465920K)] 1232639K->1064127K(1864192K), 0.0595531 secs] [Times: user=0.28 sys=0.00, real=0.06 secs] 
4093.091: [GC (Allocation Failure) [PSYoungGen: 415992K->183382K(465920K)] 1295042K->1126616K(1864192K), 0.0710862 secs] [Times: user=0.35 sys=0.01, real=0.07 secs] 
4094.561: [GC (Allocation Failure) [PSYoungGen: 416342K->189491K(465920K)] 1359576K->1191004K(1864192K), 0.0564698 secs] [Times: user=0.27 sys=0.00, real=0.06 secs] 
4095.417: [GC (Allocation Failure) [PSYoungGen: 422451K->100940K(465920K)] 1423964K->1167061K(1864192K), 0.0767575 secs] [Times: user=0.41 sys=0.00, real=0.07 secs] 
4095.741: [GC (Allocation Failure) [PSYoungGen: 333900K->181718K(465920K)] 1400021K->1280328K(1864192K), 0.0358284 secs] [Times: user=0.15 sys=0.00, real=0.04 secs] 
4095.923: [GC (Allocation Failure) [PSYoungGen: 414678K->185462K(465920K)] 1513288K->1340728K(1864192K), 0.0696207 secs] [Times: user=0.34 sys=0.00, real=0.07 secs] 
4096.131: [GC (Allocation Failure) [PSYoungGen: 418422K->186933K(465920K)] 1573688K->1398392K(1864192K), 0.0462152 secs] [Times: user=0.22 sys=0.00, real=0.05 secs] 
4097.319: [GC (Allocation Failure) [PSYoungGen: 419893K->98187K(465920K)] 1631352K->1380162K(1864192K), 0.0445322 secs] [Times: user=0.23 sys=0.00, real=0.04 secs] 
4097.915: [GC (Allocation Failure) [PSYoungGen: 331147K->172340K(465920K)] 1613122K->1486095K(1864192K), 0.0680920 secs] [Times: user=0.32 sys=0.00, real=0.07 secs] 
4097.983: [Full GC (Ergonomics) [PSYoungGen: 172340K->0K(465920K)] [ParOldGen: 1313755K->196998K(1398272K)] 1486095K->196998K(1864192K), [Metaspace: 60375K->60375K(1105920K)], 0.2076678 secs] [Times: user=0.97 sys=0.00, real=0.21 secs] 
4098.327: [GC (Allocation Failure) [PSYoungGen: 232960K->185302K(465920K)] 429958K->382300K(1864192K), 0.0345273 secs] [Times: user=0.14 sys=0.00, real=0.04 secs] 
4098.489: [GC (Allocation Failure) [PSYoungGen: 418262K->185847K(465920K)] 615260K->447261K(1864192K), 0.0488627 secs] [Times: user=0.23 sys=0.00, real=0.05 secs] 
4099.444: [GC (Allocation Failure) [PSYoungGen: 418807K->190568K(465920K)] 680221K->511158K(1864192K), 0.0477426 secs] [Times: user=0.22 sys=0.00, real=0.05 secs] 
4100.465: [GC (Allocation Failure) [PSYoungGen: 423528K->106188K(465920K)] 744118K->491378K(1864192K), 0.0691808 secs] [Times: user=0.36 sys=0.00, real=0.07 secs] 
4100.718: [GC (Allocation Failure) [PSYoungGen: 331434K->177333K(465920K)] 716624K->596976K(1864192K), 0.0429998 secs] [Times: user=0.20 sys=0.00, real=0.04 secs] 
4100.916: [GC (GCLocker Initiated GC) [PSYoungGen: 410293K->185078K(465920K)] 829937K->659738K(1864192K), 0.0463942 secs] [Times: user=0.22 sys=0.01, real=0.05 secs] 
4101.068: [GC (Allocation Failure) [PSYoungGen: 418038K->186965K(465920K)] 892864K->717855K(1864192K), 0.0456407 secs] [Times: user=0.21 sys=0.00, real=0.04 secs] 
4102.272: [GC (Allocation Failure) [PSYoungGen: 419925K->99308K(465920K)] 950815K->700646K(1864192K), 0.0535209 secs] [Times: user=0.29 sys=0.00, real=0.05 secs] 
4103.253: [GC (Allocation Failure) [PSYoungGen: 332268K->171828K(465920K)] 933606K->804739K(1864192K), 0.0580402 secs] [Times: user=0.27 sys=0.00, real=0.06 secs] 
4103.448: [GC (Allocation Failure) [PSYoungGen: 404788K->185046K(465920K)] 1037699K->871629K(1864192K), 0.0430452 secs] [Times: user=0.19 sys=0.00, real=0.04 secs] 
4103.600: [GC (Allocation Failure) [PSYoungGen: 418006K->184887K(465920K)] 1104589K->935702K(1864192K), 0.0502105 secs] [Times: user=0.23 sys=0.00, real=0.05 secs] 
4104.653: [GC (Allocation Failure) [PSYoungGen: 417847K->169107K(465920K)] 1168662K->978714K(1864192K), 0.0576881 secs] [Times: user=0.29 sys=0.00, real=0.06 secs] 
4105.516: [GC (Allocation Failure) [PSYoungGen: 402067K->104764K(465920K)] 1211674K->978995K(1864192K), 0.0890707 secs] [Times: user=0.48 sys=0.00, real=0.09 secs] 
4105.879: [GC (Allocation Failure) [PSYoungGen: 333888K->178101K(465920K)] 1208119K->1085893K(1864192K), 0.0431771 secs] [Times: user=0.19 sys=0.00, real=0.04 secs] 
4106.035: [GC (Allocation Failure) [PSYoungGen: 411061K->185750K(465920K)] 1318853K->1149021K(1864192K), 0.0453764 secs] [Times: user=0.20 sys=0.00, real=0.05 secs] 
4106.195: [GC (Allocation Failure) [PSYoungGen: 418710K->184436K(465920K)] 1381981K->1204012K(1864192K), 0.0466767 secs] [Times: user=0.22 sys=0.00, real=0.05 secs] 
4108.127: [GC (Allocation Failure) [PSYoungGen: 417396K->99260K(465920K)] 1436972K->1188307K(1864192K), 0.0942765 secs] [Times: user=0.52 sys=0.00, real=0.10 secs] 
4109.083: [GC (Allocation Failure) [PSYoungGen: 332220K->171092K(465920K)] 1421267K->1292285K(1864192K), 0.0684276 secs] [Times: user=0.32 sys=0.00, real=0.07 secs] 
4109.296: [GC (Allocation Failure) [PSYoungGen: 404052K->185046K(465920K)] 1525245K->1359718K(1864192K), 0.0429664 secs] [Times: user=0.19 sys=0.00, real=0.05 secs] 
4109.478: [GC (Allocation Failure) [PSYoungGen: 418006K->186199K(465920K)] 1592678K->1424975K(1864192K), 0.0651484 secs] [Times: user=0.32 sys=0.00, real=0.06 secs] 
4110.445: [GC (Allocation Failure) [PSYoungGen: 414617K->207635K(465920K)] 1653394K->1505595K(1864192K), 0.0580075 secs] [Times: user=0.29 sys=0.00, real=0.06 secs] 
4111.278: [GC (Allocation Failure) [PSYoungGen: 440595K->101564K(465920K)] 1738555K->1464820K(1864192K), 0.0958669 secs] [Times: user=0.52 sys=0.01, real=0.09 secs] 
4111.374: [Full GC (Ergonomics) [PSYoungGen: 101564K->0K(465920K)] [ParOldGen: 1363256K->119180K(1398272K)] 1464820K->119180K(1864192K), [Metaspace: 60375K->60375K(1105920K)], 0.1726131 secs] [Times: user=0.75 sys=0.00, real=0.17 secs] 
4111.714: [GC (Allocation Failure) [PSYoungGen: 232960K->181110K(465920K)] 352140K->300290K(1864192K), 0.0249931 secs] [Times: user=0.08 sys=0.00, real=0.03 secs] 
4111.849: [GC (Allocation Failure) [PSYoungGen: 414070K->185462K(465920K)] 533250K->360850K(1864192K), 0.0422619 secs] [Times: user=0.18 sys=0.00, real=0.04 secs] 
4112.025: [GC (Allocation Failure) [PSYoungGen: 418422K->187285K(465920K)] 593810K->419010K(1864192K), 0.0515071 secs] [Times: user=0.24 sys=0.00, real=0.05 secs] 
4113.176: [GC (Allocation Failure) [PSYoungGen: 420245K->97835K(465920K)] 651970K->400032K(1864192K), 0.0438512 secs] [Times: user=0.23 sys=0.00, real=0.05 secs] 
4113.799: [GC (Allocation Failure) [PSYoungGen: 330795K->171188K(465920K)] 632992K->504970K(1864192K), 0.0681063 secs] [Times: user=0.33 sys=0.00, real=0.07 secs] 
4114.013: [GC (Allocation Failure) [PSYoungGen: 404148K->184598K(465920K)] 737930K->571787K(1864192K), 0.0426986 secs] [Times: user=0.19 sys=0.00, real=0.04 secs] 
4114.166: [GC (Allocation Failure) [PSYoungGen: 417558K->185943K(465920K)] 804747K->637501K(1864192K), 0.0523831 secs] [Times: user=0.22 sys=0.00, real=0.06 secs] 
4115.120: [GC (Allocation Failure) [PSYoungGen: 418903K->192298K(465920K)] 870461K->702912K(1864192K), 0.0497924 secs] [Times: user=0.23 sys=0.01, real=0.05 secs] 
4116.533: [GC (Allocation Failure) [PSYoungGen: 425258K->106108K(465920K)] 935872K->681770K(1864192K), 0.0770616 secs] [Times: user=0.40 sys=0.00, real=0.08 secs] 
4117.024: [GC (Allocation Failure) [PSYoungGen: 333108K->176853K(465920K)] 908770K->786408K(1864192K), 0.0414891 secs] [Times: user=0.18 sys=0.00, real=0.04 secs] 
4117.201: [GC (Allocation Failure) [PSYoungGen: 409813K->183029K(465920K)] 1019368K->847712K(1864192K), 0.0474995 secs] [Times: user=0.22 sys=0.00, real=0.05 secs] 
4117.369: [GC (Allocation Failure) [PSYoungGen: 415989K->184885K(465920K)] 1080672K->905111K(1864192K), 0.0451693 secs] [Times: user=0.21 sys=0.00, real=0.04 secs] 
4118.481: [GC (Allocation Failure) [PSYoungGen: 417845K->104620K(465920K)] 1138071K->894415K(1864192K), 0.0448120 secs] [Times: user=0.23 sys=0.00, real=0.04 secs] 
4119.350: [GC (Allocation Failure) [PSYoungGen: 337580K->171220K(465920K)] 1127375K->994004K(1864192K), 0.0767602 secs] [Times: user=0.37 sys=0.01, real=0.07 secs] 
4119.586: [GC (Allocation Failure) [PSYoungGen: 404180K->185462K(465920K)] 1226964K->1062261K(1864192K), 0.0439736 secs] [Times: user=0.20 sys=0.00, real=0.05 secs] 
4119.743: [GC (Allocation Failure) [PSYoungGen: 418422K->185943K(465920K)] 1295221K->1127239K(1864192K), 0.0513442 secs] [Times: user=0.25 sys=0.00, real=0.05 secs] 
4120.679: [GC (Allocation Failure) [PSYoungGen: 416561K->190003K(465920K)] 1357857K->1190210K(1864192K), 0.0568508 secs] [Times: user=0.28 sys=0.00, real=0.05 secs] 
4121.190: [GC (Allocation Failure) [PSYoungGen: 422963K->104748K(465920K)] 1423170K->1169780K(1864192K), 0.0808069 secs] [Times: user=0.43 sys=0.00, real=0.08 secs] 
4121.690: [GC (Allocation Failure) [PSYoungGen: 337708K->178389K(465920K)] 1402740K->1276410K(1864192K), 0.0481354 secs] [Times: user=0.21 sys=0.00, real=0.05 secs] 
4121.857: [GC (Allocation Failure) [PSYoungGen: 411349K->185238K(465920K)] 1509370K->1339026K(1864192K), 0.0461026 secs] [Times: user=0.22 sys=0.00, real=0.04 secs] 
4122.010: [GC (Allocation Failure) [PSYoungGen: 418198K->187765K(465920K)] 1571986K->1397818K(1864192K), 0.0488693 secs] [Times: user=0.23 sys=0.00, real=0.05 secs] 
4123.309: [GC (Allocation Failure) [PSYoungGen: 420725K->101500K(465920K)] 1630778K->1382233K(1864192K), 0.0672527 secs] [Times: user=0.36 sys=0.00, real=0.06 secs] 
4124.280: [GC (Allocation Failure) [PSYoungGen: 334460K->169076K(465920K)] 1615193K->1482230K(1864192K), 0.0669178 secs] [Times: user=0.33 sys=0.00, real=0.06 secs] 
4124.347: [Full GC (Ergonomics) [PSYoungGen: 169076K->0K(465920K)] [ParOldGen: 1313153K->194456K(1398272K)] 1482230K->194456K(1864192K), [Metaspace: 60392K->60392K(1105920K)], 0.2282541 secs] [Times: user=1.00 sys=0.00, real=0.23 secs] 
4124.696: [GC (Allocation Failure) [PSYoungGen: 232960K->185462K(465920K)] 427416K->379919K(1864192K), 0.0334466 secs] [Times: user=0.14 sys=0.00, real=0.04 secs] 
4124.840: [GC (Allocation Failure) [PSYoungGen: 418190K->184695K(465920K)] 612647K->443680K(1864192K), 0.0436476 secs] [Times: user=0.19 sys=0.00, real=0.04 secs] 
4125.887: [GC (Allocation Failure) [PSYoungGen: 417655K->169395K(465920K)] 676640K->487068K(1864192K), 0.0548148 secs] [Times: user=0.27 sys=0.00, real=0.06 secs] 
4126.540: [GC (Allocation Failure) [PSYoungGen: 402355K->110365K(465920K)] 720028K->492822K(1864192K), 0.0940324 secs] [Times: user=0.50 sys=0.00, real=0.09 secs] 
4126.916: [GC (Allocation Failure) [PSYoungGen: 343325K->177493K(465920K)] 725782K->595334K(1864192K), 0.0394569 secs] [Times: user=0.17 sys=0.00, real=0.04 secs] 
4127.105: [GC (Allocation Failure) [PSYoungGen: 410453K->184887K(465920K)] 828294K->664465K(1864192K), 0.0626774 secs] [Times: user=0.30 sys=0.00, real=0.07 secs] 
4127.362: [GC (Allocation Failure) [PSYoungGen: 417847K->187157K(465920K)] 897425K->725463K(1864192K), 0.0569801 secs] [Times: user=0.28 sys=0.01, real=0.06 secs] 
4128.539: [GC (Allocation Failure) [PSYoungGen: 420117K->93947K(465920K)] 958423K->702733K(1864192K), 0.0545359 secs] [Times: user=0.29 sys=0.00, real=0.05 secs] 
4129.287: [GC (Allocation Failure) [PSYoungGen: 326907K->172885K(465920K)] 935693K->812091K(1864192K), 0.0608775 secs] [Times: user=0.28 sys=0.00, real=0.06 secs] 
4129.494: [GC (Allocation Failure) [PSYoungGen: 405845K->185430K(465920K)] 1045051K->878557K(1864192K), 0.0430595 secs] [Times: user=0.20 sys=0.00, real=0.05 secs] 
4129.643: [GC (Allocation Failure) [PSYoungGen: 409784K->179094K(465920K)] 1102911K->936653K(1864192K), 0.0489991 secs] [Times: user=0.23 sys=0.00, real=0.05 secs] 
4130.568: [GC (Allocation Failure) [PSYoungGen: 407350K->206227K(465920K)] 1164909K->1020650K(1864192K), 0.0541904 secs] [Times: user=0.27 sys=0.00, real=0.05 secs] 
4131.350: [GC (Allocation Failure) [PSYoungGen: 439187K->103548K(465920K)] 1253610K->982651K(1864192K), 0.1142144 secs] [Times: user=0.62 sys=0.00, real=0.11 secs] 
4132.079: [GC (Allocation Failure) [PSYoungGen: 333673K->179541K(465920K)] 1212776K->1091169K(1864192K), 0.0460082 secs] [Times: user=0.20 sys=0.00, real=0.04 secs] 
4132.278: [GC (Allocation Failure) [PSYoungGen: 412501K->185590K(465920K)] 1324129K->1153634K(1864192K), 0.0486263 secs] [Times: user=0.22 sys=0.00, real=0.04 secs] 
4132.442: [GC (Allocation Failure) [PSYoungGen: 418550K->187637K(465920K)] 1386594K->1211857K(1864192K), 0.0462667 secs] [Times: user=0.22 sys=0.00, real=0.05 secs] 
4133.693: [GC (Allocation Failure) [PSYoungGen: 420597K->99532K(465920K)] 1444817K->1194532K(1864192K), 0.0702978 secs] [Times: user=0.37 sys=0.00, real=0.07 secs] 
4134.791: [GC (Allocation Failure) [PSYoungGen: 332492K->171732K(465920K)] 1427492K->1298509K(1864192K), 0.0585535 secs] [Times: user=0.27 sys=0.00, real=0.06 secs] 
4135.030: [GC (Allocation Failure) [PSYoungGen: 404692K->185142K(465920K)] 1531469K->1366099K(1864192K), 0.0628951 secs] [Times: user=0.30 sys=0.00, real=0.06 secs] 
4135.266: [GC (Allocation Failure) [PSYoungGen: 417654K->184791K(465920K)] 1598611K->1429828K(1864192K), 0.0747180 secs] [Times: user=0.37 sys=0.00, real=0.08 secs] 
4136.230: [GC (Allocation Failure) [PSYoungGen: 417519K->205843K(465920K)] 1662556K->1509768K(1864192K), 0.0567428 secs] [Times: user=0.28 sys=0.00, real=0.05 secs] 
4136.817: [GC (Allocation Failure) [PSYoungGen: 438803K->105644K(465920K)] 1742728K->1474137K(1864192K), 0.0983850 secs] [Times: user=0.53 sys=0.01, real=0.10 secs] 
4136.915: [Full GC (Ergonomics) [PSYoungGen: 105644K->0K(465920K)] [ParOldGen: 1368493K->123313K(1398272K)] 1474137K->123313K(1864192K), [Metaspace: 60392K->60392K(1105920K)], 0.1798971 secs] [Times: user=0.79 sys=0.00, real=0.18 secs] 
4137.260: [GC (Allocation Failure) [PSYoungGen: 231640K->177941K(465920K)] 354954K->301255K(1864192K), 0.0248355 secs] [Times: user=0.09 sys=0.00, real=0.02 secs] 
4137.439: [GC (Allocation Failure) [PSYoungGen: 410901K->185046K(465920K)] 534215K->364136K(1864192K), 0.0440654 secs] [Times: user=0.20 sys=0.01, real=0.04 secs] 
4137.595: [GC (Allocation Failure) [PSYoungGen: 418006K->187285K(465920K)] 597096K->422415K(1864192K), 0.0448850 secs] [Times: user=0.20 sys=0.00, real=0.05 secs] 
4138.873: [GC (Allocation Failure) [PSYoungGen: 420245K->98380K(465920K)] 655375K->403974K(1864192K), 0.0704693 secs] [Times: user=0.38 sys=0.00, real=0.07 secs] 
4139.736: [GC (Allocation Failure) [PSYoungGen: 331340K->173205K(465920K)] 636934K->510879K(1864192K), 0.0641895 secs] [Times: user=0.30 sys=0.00, real=0.07 secs] 
4140.007: [GC (Allocation Failure) [PSYoungGen: 406165K->184598K(465920K)] 743839K->576193K(1864192K), 0.0481230 secs] [Times: user=0.22 sys=0.00, real=0.04 secs] 
4140.187: [GC (Allocation Failure) [PSYoungGen: 417558K->184407K(465920K)] 809153K->640114K(1864192K), 0.0671979 secs] [Times: user=0.32 sys=0.00, real=0.06 secs] 
4141.379: [GC (Allocation Failure) [PSYoungGen: 412589K->205491K(465920K)] 868296K->719718K(1864192K), 0.0539002 secs] [Times: user=0.27 sys=0.01, real=0.05 secs] 
4142.377: [GC (Allocation Failure) [PSYoungGen: 438451K->101260K(465920K)] 952678K->679895K(1864192K), 0.0954103 secs] [Times: user=0.51 sys=0.01, real=0.09 secs] 
4142.929: [GC (Allocation Failure) [PSYoungGen: 334220K->181334K(465920K)] 912855K->792118K(1864192K), 0.0445263 secs] [Times: user=0.19 sys=0.00, real=0.04 secs] 
4143.086: [GC (Allocation Failure) [PSYoungGen: 414294K->185782K(465920K)] 1025078K->853074K(1864192K), 0.0443258 secs] [Times: user=0.20 sys=0.00, real=0.05 secs] 
4143.231: [GC (Allocation Failure) [PSYoungGen: 418742K->184917K(465920K)] 1086034K->908449K(1864192K), 0.0462239 secs] [Times: user=0.22 sys=0.00, real=0.05 secs] 
4144.376: [GC (Allocation Failure) [PSYoungGen: 417877K->102028K(465920K)] 1141409K->895288K(1864192K), 0.0448034 secs] [Times: user=0.24 sys=0.00, real=0.05 secs] 
4144.947: [GC (Allocation Failure) [PSYoungGen: 334988K->172660K(465920K)] 1128248K->999473K(1864192K), 0.0552473 secs] [Times: user=0.24 sys=0.00, real=0.06 secs] 
4145.129: [GC (GCLocker Initiated GC) [PSYoungGen: 405620K->183861K(465920K)] 1232433K->1064731K(1864192K), 0.0439696 secs] [Times: user=0.20 sys=0.00, real=0.04 secs] 
4145.304: [GC (Allocation Failure) [PSYoungGen: 416821K->183286K(465920K)] 1297821K->1128294K(1864192K), 0.0623037 secs] [Times: user=0.31 sys=0.00, real=0.06 secs] 
4147.067: [GC (Allocation Failure) [PSYoungGen: 416246K->170419K(465920K)] 1361254K->1173411K(1864192K), 0.0581481 secs] [Times: user=0.30 sys=0.00, real=0.05 secs] 
4148.173: [GC (Allocation Failure) [PSYoungGen: 403379K->106892K(465920K)] 1406371K->1175108K(1864192K), 0.1048624 secs] [Times: user=0.56 sys=0.00, real=0.11 secs] 
4148.613: [GC (Allocation Failure) [PSYoungGen: 332294K->176149K(465920K)] 1400510K->1279281K(1864192K), 0.0402261 secs] [Times: user=0.18 sys=0.00, real=0.04 secs] 
4148.801: [GC (Allocation Failure) [PSYoungGen: 409109K->185206K(465920K)] 1512241K->1343254K(1864192K), 0.0641639 secs] [Times: user=0.31 sys=0.00, real=0.06 secs] 
4149.037: [GC (Allocation Failure) [PSYoungGen: 418166K->187541K(465920K)] 1576214K->1401669K(1864192K), 0.0656920 secs] [Times: user=0.32 sys=0.00, real=0.07 secs] 
4150.535: [GC (Allocation Failure) [PSYoungGen: 420501K->101452K(465920K)] 1634629K->1386452K(1864192K), 0.0666166 secs] [Times: user=0.36 sys=0.00, real=0.07 secs] 
4151.534: [GC (Allocation Failure) [PSYoungGen: 334412K->172340K(465920K)] 1619412K->1489682K(1864192K), 0.0610582 secs] [Times: user=0.30 sys=0.00, real=0.06 secs] 
4151.595: [Full GC (Ergonomics) [PSYoungGen: 172340K->0K(465920K)] [ParOldGen: 1317341K->197536K(1398272K)] 1489682K->197536K(1864192K), [Metaspace: 60392K->60392K(1105920K)], 0.2060586 secs] [Times: user=0.95 sys=0.00, real=0.21 secs] 
4151.914: [GC (Allocation Failure) [PSYoungGen: 232960K->185366K(465920K)] 430496K->382903K(1864192K), 0.0334455 secs] [Times: user=0.14 sys=0.00, real=0.04 secs] 
4152.066: [GC (Allocation Failure) [PSYoungGen: 418326K->182710K(465920K)] 615863K->444599K(1864192K), 0.0435093 secs] [Times: user=0.20 sys=0.00, real=0.05 secs] 
4153.065: [GC (Allocation Failure) [PSYoungGen: 415670K->169619K(465920K)] 677559K->489492K(1864192K), 0.0563028 secs] [Times: user=0.29 sys=0.00, real=0.06 secs] 
4153.804: [GC (Allocation Failure) [PSYoungGen: 402579K->108092K(465920K)] 722452K->493069K(1864192K), 0.1074978 secs] [Times: user=0.58 sys=0.00, real=0.11 secs] 
4154.271: [GC (Allocation Failure) [PSYoungGen: 341052K->175285K(465920K)] 726029K->595099K(1864192K), 0.0395386 secs] [Times: user=0.18 sys=0.00, real=0.04 secs] 
4154.465: [GC (Allocation Failure) [PSYoungGen: 408245K->185014K(465920K)] 828059K->659868K(1864192K), 0.0645975 secs] [Times: user=0.31 sys=0.00, real=0.07 secs] 
4154.668: [GC (Allocation Failure) [PSYoungGen: 417974K->203701K(465920K)] 892828K->734651K(1864192K), 0.0460315 secs] [Times: user=0.22 sys=0.00, real=0.04 secs] 
4155.862: [GC (Allocation Failure) [PSYoungGen: 436661K->104828K(465920K)] 967611K->706282K(1864192K), 0.0563343 secs] [Times: user=0.30 sys=0.00, real=0.06 secs] 
4156.851: [GC (GCLocker Initiated GC) [PSYoungGen: 337788K->168500K(465920K)] 939242K->803751K(1864192K), 0.0603556 secs] [Times: user=0.28 sys=0.00, real=0.06 secs] 
4157.049: [GC (Allocation Failure) [PSYoungGen: 401460K->185782K(465920K)] 1036714K->874160K(1864192K), 0.0426856 secs] [Times: user=0.19 sys=0.00, real=0.04 secs] 
4157.201: [GC (Allocation Failure) [PSYoungGen: 414256K->182358K(465920K)] 1102634K->935288K(1864192K), 0.0500735 secs] [Times: user=0.24 sys=0.00, real=0.05 secs] 
4158.352: [GC (Allocation Failure) [PSYoungGen: 415318K->169235K(465920K)] 1168248K->980133K(1864192K), 0.0572939 secs] [Times: user=0.29 sys=0.00, real=0.06 secs] 
4158.866: [GC (Allocation Failure) [PSYoungGen: 402195K->109453K(465920K)] 1213093K->985111K(1864192K), 0.0528555 secs] [Times: user=0.27 sys=0.00, real=0.06 secs] 
4159.233: [GC (Allocation Failure) [PSYoungGen: 342413K->180053K(465920K)] 1218071K->1090920K(1864192K), 0.0371493 secs] [Times: user=0.15 sys=0.00, real=0.04 secs] 
4159.382: [GC (Allocation Failure) [PSYoungGen: 413013K->184983K(465920K)] 1323880K->1158746K(1864192K), 0.0518669 secs] [Times: user=0.24 sys=0.00, real=0.05 secs] 
4159.556: [GC (Allocation Failure) [PSYoungGen: 417943K->186837K(465920K)] 1391706K->1219252K(1864192K), 0.0646651 secs] [Times: user=0.32 sys=0.00, real=0.07 secs] 
4160.733: [GC (Allocation Failure) [PSYoungGen: 419797K->97163K(465920K)] 1452212K->1199866K(1864192K), 0.0476667 secs] [Times: user=0.25 sys=0.00, real=0.05 secs] 
4161.263: [GC (Allocation Failure) [PSYoungGen: 330123K->173396K(465920K)] 1432826K->1307828K(1864192K), 0.0611178 secs] [Times: user=0.27 sys=0.00, real=0.06 secs] 
4161.545: [GC (Allocation Failure) [PSYoungGen: 406356K->185014K(465920K)] 1540788K->1373886K(1864192K), 0.0563805 secs] [Times: user=0.27 sys=0.00, real=0.06 secs] 
4161.705: [GC (Allocation Failure) [PSYoungGen: 403966K->174901K(465920K)] 1592838K->1427853K(1864192K), 0.0484684 secs] [Times: user=0.23 sys=0.00, real=0.05 secs] 
4162.613: [GC (Allocation Failure) [PSYoungGen: 402791K->206099K(465920K)] 1655743K->1514699K(1864192K), 0.0556124 secs] [Times: user=0.28 sys=0.00, real=0.06 secs] 
4163.539: [GC (Allocation Failure) [PSYoungGen: 439059K->102812K(465920K)] 1747659K->1476140K(1864192K), 0.0912216 secs] [Times: user=0.48 sys=0.00, real=0.09 secs] 
4163.631: [Full GC (Ergonomics) [PSYoungGen: 102812K->0K(465920K)] [ParOldGen: 1373328K->120452K(1398272K)] 1476140K->120452K(1864192K), [Metaspace: 60392K->60392K(1105920K)], 0.1691456 secs] [Times: user=0.73 sys=0.00, real=0.17 secs] 
4164.044: [GC (Allocation Failure) [PSYoungGen: 232459K->179829K(465920K)] 352911K->300282K(1864192K), 0.0249904 secs] [Times: user=0.09 sys=0.00, real=0.03 secs] 
4164.203: [GC (Allocation Failure) [PSYoungGen: 412789K->182485K(465920K)] 533242K->359085K(1864192K), 0.0542387 secs] [Times: user=0.25 sys=0.01, real=0.06 secs] 
4164.386: [GC (Allocation Failure) [PSYoungGen: 415445K->187605K(465920K)] 592045K->419741K(1864192K), 0.0442992 secs] [Times: user=0.20 sys=0.00, real=0.05 secs] 
4165.550: [GC (Allocation Failure) [PSYoungGen: 420565K->103020K(465920K)] 652701K->406012K(1864192K), 0.0479236 secs] [Times: user=0.25 sys=0.00, real=0.05 secs] 
4166.958: [GC (Allocation Failure) [PSYoungGen: 335980K->174612K(465920K)] 638972K->510609K(1864192K), 0.0652171 secs] [Times: user=0.31 sys=0.00, real=0.06 secs] 
4167.161: [GC (Allocation Failure) [PSYoungGen: 407572K->190549K(465920K)] 743569K->579790K(1864192K), 0.0419707 secs] [Times: user=0.19 sys=0.00, real=0.04 secs] 
4167.314: [GC (Allocation Failure) [PSYoungGen: 423509K->185719K(465920K)] 812750K->638672K(1864192K), 0.0490706 secs] [Times: user=0.23 sys=0.00, real=0.05 secs] 
4168.222: [GC (Allocation Failure) [PSYoungGen: 414036K->209267K(465920K)] 866989K->721140K(1864192K), 0.0557363 secs] [Times: user=0.28 sys=0.00, real=0.06 secs] 
4168.899: [GC (Allocation Failure) [PSYoungGen: 442227K->100011K(465920K)] 954100K->677685K(1864192K), 0.0698820 secs] [Times: user=0.37 sys=0.00, real=0.07 secs] 
4169.192: [GC (Allocation Failure) [PSYoungGen: 332971K->181398K(465920K)] 910645K->791324K(1864192K), 0.0351600 secs] [Times: user=0.14 sys=0.00, real=0.03 secs] 
4169.365: [GC (Allocation Failure) [PSYoungGen: 414358K->185238K(465920K)] 1024284K->851696K(1864192K), 0.0596126 secs] [Times: user=0.28 sys=0.00, real=0.06 secs] 
4169.587: [GC (Allocation Failure) [PSYoungGen: 418198K->187221K(465920K)] 1084656K->909751K(1864192K), 0.0642451 secs] [Times: user=0.32 sys=0.00, real=0.07 secs] 
4171.184: [GC (Allocation Failure) [PSYoungGen: 420181K->100012K(465920K)] 1142711K->893050K(1864192K), 0.1188617 secs] [Times: user=0.66 sys=0.00, real=0.12 secs] 
4172.571: [GC (Allocation Failure) [PSYoungGen: 332972K->170356K(465920K)] 1126010K->996175K(1864192K), 0.0660627 secs] [Times: user=0.32 sys=0.00, real=0.06 secs] 
4172.778: [GC (Allocation Failure) [PSYoungGen: 403316K->185206K(465920K)] 1229135K->1064160K(1864192K), 0.0431681 secs] [Times: user=0.19 sys=0.00, real=0.04 secs] 
4172.956: [GC (Allocation Failure) [PSYoungGen: 418166K->186199K(465920K)] 1297120K->1129689K(1864192K), 0.0604857 secs] [Times: user=0.29 sys=0.00, real=0.06 secs] 
4174.016: [GC (Allocation Failure) [PSYoungGen: 419159K->169715K(465920K)] 1362649K->1172285K(1864192K), 0.0572992 secs] [Times: user=0.29 sys=0.00, real=0.06 secs] 
4175.356: [GC (Allocation Failure) [PSYoungGen: 402675K->108460K(465920K)] 1405245K->1175983K(1864192K), 0.0894182 secs] [Times: user=0.48 sys=0.00, real=0.09 secs] 
4175.908: [GC (Allocation Failure) [PSYoungGen: 334537K->174069K(465920K)] 1402059K->1276404K(1864192K), 0.0479725 secs] [Times: user=0.22 sys=0.00, real=0.04 secs] 
4176.084: [GC (Allocation Failure) [PSYoungGen: 407029K->185270K(465920K)] 1509364K->1341549K(1864192K), 0.0437646 secs] [Times: user=0.20 sys=0.00, real=0.05 secs] 
4176.255: [GC (Allocation Failure) [PSYoungGen: 418230K->204341K(465920K)] 1574509K->1416821K(1864192K), 0.0520086 secs] [Times: user=0.25 sys=0.00, real=0.05 secs] 
4177.427: [GC (Allocation Failure) [PSYoungGen: 437301K->95435K(465920K)] 1649781K->1378707K(1864192K), 0.0493902 secs] [Times: user=0.26 sys=0.00, real=0.05 secs] 
4177.921: [GC (Allocation Failure) [PSYoungGen: 328395K->174325K(465920K)] 1611667K->1488749K(1864192K), 0.0832954 secs] [Times: user=0.41 sys=0.00, real=0.08 secs] 
4178.004: [Full GC (Ergonomics) [PSYoungGen: 174325K->0K(465920K)] [ParOldGen: 1314423K->198603K(1398272K)] 1488749K->198603K(1864192K), [Metaspace: 60392K->60392K(1105920K)], 0.2176158 secs] [Times: user=1.02 sys=0.01, real=0.22 secs] 
4178.349: [GC (Allocation Failure) [PSYoungGen: 232960K->184982K(465920K)] 431563K->383586K(1864192K), 0.0339304 secs] [Times: user=0.14 sys=0.00, real=0.03 secs] 
4178.491: [GC (Allocation Failure) [PSYoungGen: 417942K->185783K(465920K)] 616546K->448991K(1864192K), 0.0437868 secs] [Times: user=0.19 sys=0.00, real=0.04 secs] 
4179.452: [GC (Allocation Failure) [PSYoungGen: 418743K->189893K(465920K)] 681951K->512093K(1864192K), 0.0467232 secs] [Times: user=0.22 sys=0.01, real=0.05 secs] 
4180.538: [GC (Allocation Failure) [PSYoungGen: 422853K->108012K(465920K)] 745053K->494689K(1864192K), 0.0884747 secs] [Times: user=0.47 sys=0.00, real=0.08 secs] 
4180.865: [GC (Allocation Failure) [PSYoungGen: 340972K->180085K(465920K)] 727649K->601590K(1864192K), 0.0356660 secs] [Times: user=0.15 sys=0.00, real=0.04 secs] 
4181.067: [GC (Allocation Failure) [PSYoungGen: 413045K->184695K(465920K)] 834550K->668984K(1864192K), 0.0614222 secs] [Times: user=0.29 sys=0.00, real=0.07 secs] 
4181.406: [GC (Allocation Failure) [PSYoungGen: 417655K->184757K(465920K)] 901944K->727558K(1864192K), 0.0675138 secs] [Times: user=0.35 sys=0.00, real=0.07 secs] 
4182.829: [GC (Allocation Failure) [PSYoungGen: 417717K->95307K(465920K)] 960518K->707668K(1864192K), 0.0721958 secs] [Times: user=0.39 sys=0.01, real=0.07 secs] 
4183.940: [GC (Allocation Failure) [PSYoungGen: 328267K->174453K(465920K)] 940628K->816947K(1864192K), 0.0512461 secs] [Times: user=0.23 sys=0.00, real=0.05 secs] 
4184.118: [GC (Allocation Failure) [PSYoungGen: 407413K->185750K(465920K)] 1049907K->882996K(1864192K), 0.0437403 secs] [Times: user=0.19 sys=0.00, real=0.04 secs] 
4184.288: [GC (Allocation Failure) [PSYoungGen: 410090K->178454K(465920K)] 1107336K->940356K(1864192K), 0.0554428 secs] [Times: user=0.27 sys=0.00, real=0.05 secs] 
4185.241: [GC (Allocation Failure) [PSYoungGen: 409979K->206931K(465920K)] 1171881K->1025537K(1864192K), 0.0550031 secs] [Times: user=0.28 sys=0.00, real=0.05 secs] 
4185.857: [GC (Allocation Failure) [PSYoungGen: 439891K->104316K(465920K)] 1258497K->988090K(1864192K), 0.0823321 secs] [Times: user=0.43 sys=0.00, real=0.08 secs] 
4186.393: [GC (Allocation Failure) [PSYoungGen: 332268K->178197K(465920K)] 1216043K->1095048K(1864192K), 0.0397397 secs] [Times: user=0.17 sys=0.00, real=0.04 secs] 
4186.541: [GC (Allocation Failure) [PSYoungGen: 411157K->185686K(465920K)] 1328008K->1158205K(1864192K), 0.0440611 secs] [Times: user=0.20 sys=0.00, real=0.04 secs] 
4186.688: [GC (Allocation Failure) [PSYoungGen: 418646K->187509K(465920K)] 1391165K->1216276K(1864192K), 0.0465030 secs] [Times: user=0.21 sys=0.00, real=0.04 secs] 
4188.076: [GC (Allocation Failure) [PSYoungGen: 420469K->97099K(465920K)] 1449236K->1196422K(1864192K), 0.0715368 secs] [Times: user=0.38 sys=0.00, real=0.08 secs] 
4188.818: [GC (Allocation Failure) [PSYoungGen: 330059K->173845K(465920K)] 1429382K->1305280K(1864192K), 0.0604637 secs] [Times: user=0.29 sys=0.00, real=0.06 secs] 
4189.011: [GC (Allocation Failure) [PSYoungGen: 406805K->185206K(465920K)] 1538240K->1370489K(1864192K), 0.0440616 secs] [Times: user=0.20 sys=0.00, real=0.04 secs] 
4189.201: [GC (Allocation Failure) [PSYoungGen: 415565K->183094K(465920K)] 1600848K->1432770K(1864192K), 0.0559440 secs] [Times: user=0.27 sys=0.00, real=0.05 secs] 
4190.434: [GC (Allocation Failure) [PSYoungGen: 412215K->206579K(465920K)] 1661890K->1514414K(1864192K), 0.0567596 secs] [Times: user=0.28 sys=0.00, real=0.06 secs] 
4191.400: [GC (Allocation Failure) [PSYoungGen: 439539K->104940K(465920K)] 1747374K->1477479K(1864192K), 0.1048960 secs] [Times: user=0.56 sys=0.00, real=0.10 secs] 
4191.505: [Full GC (Ergonomics) [PSYoungGen: 104940K->0K(465920K)] [ParOldGen: 1372539K->122429K(1398272K)] 1477479K->122429K(1864192K), [Metaspace: 60392K->60392K(1105920K)], 0.1825603 secs] [Times: user=0.80 sys=0.00, real=0.19 secs] 
4191.929: [GC (Allocation Failure) [PSYoungGen: 228858K->177301K(465920K)] 351287K->299730K(1864192K), 0.0245329 secs] [Times: user=0.09 sys=0.00, real=0.02 secs] 
4192.061: [GC (Allocation Failure) [PSYoungGen: 410261K->182677K(465920K)] 532690K->360383K(1864192K), 0.0407159 secs] [Times: user=0.19 sys=0.00, real=0.04 secs] 
4192.208: [GC (Allocation Failure) [PSYoungGen: 415637K->187573K(465920K)] 593343K->420838K(1864192K), 0.0444796 secs] [Times: user=0.20 sys=0.00, real=0.04 secs] 
4193.348: [GC (Allocation Failure) [PSYoungGen: 420533K->102828K(465920K)] 653798K->406797K(1864192K), 0.0453451 secs] [Times: user=0.23 sys=0.00, real=0.04 secs] 
4194.338: [GC (Allocation Failure) [PSYoungGen: 335788K->167444K(465920K)] 639757K->504130K(1864192K), 0.0668774 secs] [Times: user=0.32 sys=0.00, real=0.06 secs] 
4194.607: [GC (Allocation Failure) [PSYoungGen: 400404K->184918K(465920K)] 737090K->574288K(1864192K), 0.0548727 secs] [Times: user=0.25 sys=0.00, real=0.06 secs] 
4194.814: [GC (Allocation Failure) [PSYoungGen: 417878K->186327K(465920K)] 807248K->639905K(1864192K), 0.0553125 secs] [Times: user=0.26 sys=0.00, real=0.06 secs] 
4195.726: [GC (Allocation Failure) [PSYoungGen: 414562K->208499K(465920K)] 868140K->721125K(1864192K), 0.0556718 secs] [Times: user=0.28 sys=0.00, real=0.06 secs] 
4196.450: [GC (GCLocker Initiated GC) [PSYoungGen: 441459K->101804K(465920K)] 954085K->679974K(1864192K), 0.1043945 secs] [Times: user=0.56 sys=0.00, real=0.10 secs] 
4196.976: [GC (Allocation Failure) [PSYoungGen: 334764K->180117K(465920K)] 913229K->790683K(1864192K), 0.0438400 secs] [Times: user=0.20 sys=0.00, real=0.05 secs] 
4197.164: [GC (Allocation Failure) [PSYoungGen: 413077K->185270K(465920K)] 1023643K->852484K(1864192K), 0.0622056 secs] [Times: user=0.29 sys=0.00, real=0.06 secs] 
4197.381: [GC (Allocation Failure) [PSYoungGen: 418230K->187605K(465920K)] 1085444K->910787K(1864192K), 0.0625025 secs] [Times: user=0.31 sys=0.00, real=0.06 secs] 
4198.637: [GC (Allocation Failure) [PSYoungGen: 420565K->101932K(465920K)] 1143747K->895874K(1864192K), 0.0529141 secs] [Times: user=0.28 sys=0.00, real=0.06 secs] 
4199.398: [GC (Allocation Failure) [PSYoungGen: 334892K->175765K(465920K)] 1128834K->1002608K(1864192K), 0.0638611 secs] [Times: user=0.30 sys=0.00, real=0.06 secs] 
4199.601: [GC (Allocation Failure) [PSYoungGen: 408725K->182549K(465920K)] 1235568K->1064216K(1864192K), 0.0437549 secs] [Times: user=0.19 sys=0.00, real=0.04 secs] 
4199.777: [GC (Allocation Failure) [PSYoungGen: 412660K->181878K(465920K)] 1294327K->1127449K(1864192K), 0.0656194 secs] [Times: user=0.33 sys=0.00, real=0.07 secs] 
4200.884: [GC (Allocation Failure) [PSYoungGen: 414838K->168723K(465920K)] 1360409K->1172054K(1864192K), 0.0570319 secs] [Times: user=0.28 sys=0.00, real=0.06 secs] 
4201.577: [GC (Allocation Failure) [PSYoungGen: 401683K->106572K(465920K)] 1405014K->1174507K(1864192K), 0.1037054 secs] [Times: user=0.56 sys=0.00, real=0.10 secs] 
4201.958: [GC (Allocation Failure) [PSYoungGen: 331394K->175957K(465920K)] 1399329K->1278385K(1864192K), 0.0388156 secs] [Times: user=0.16 sys=0.01, real=0.03 secs] 
4202.103: [GC (Allocation Failure) [PSYoungGen: 408917K->180533K(465920K)] 1511345K->1337585K(1864192K), 0.0440002 secs] [Times: user=0.20 sys=0.00, real=0.04 secs] 
4202.301: [GC (Allocation Failure) [PSYoungGen: 413493K->187189K(465920K)] 1570545K->1399281K(1864192K), 0.0702612 secs] [Times: user=0.35 sys=0.00, real=0.07 secs] 
4203.613: [GC (Allocation Failure) [PSYoungGen: 420149K->103164K(465920K)] 1632241K->1385860K(1864192K), 0.0595867 secs] [Times: user=0.32 sys=0.00, real=0.06 secs] 
4204.378: [GC (Allocation Failure) [PSYoungGen: 336124K->170484K(465920K)] 1618820K->1486753K(1864192K), 0.0650609 secs] [Times: user=0.30 sys=0.01, real=0.06 secs] 
4204.443: [Full GC (Ergonomics) [PSYoungGen: 170484K->0K(465920K)] [ParOldGen: 1316268K->195261K(1398272K)] 1486753K->195261K(1864192K), [Metaspace: 60392K->60392K(1105920K)], 0.2012920 secs] [Times: user=0.93 sys=0.00, real=0.20 secs] 
4204.791: [GC (Allocation Failure) [PSYoungGen: 232960K->182101K(465920K)] 428221K->377363K(1864192K), 0.0357830 secs] [Times: user=0.15 sys=0.00, real=0.03 secs] 
4204.970: [GC (Allocation Failure) [PSYoungGen: 415061K->185719K(465920K)] 610323K->444752K(1864192K), 0.0616719 secs] [Times: user=0.29 sys=0.01, real=0.06 secs] 
4205.998: [GC (Allocation Failure) [PSYoungGen: 416216K->211667K(465920K)] 675250K->529541K(1864192K), 0.0553417 secs] [Times: user=0.28 sys=0.00, real=0.05 secs] 
4206.793: [GC (Allocation Failure) [PSYoungGen: 444627K->105708K(465920K)] 762501K->490126K(1864192K), 0.1045116 secs] [Times: user=0.56 sys=0.00, real=0.11 secs] 
4207.398: [GC (Allocation Failure) [PSYoungGen: 334502K->177173K(465920K)] 718920K->595304K(1864192K), 0.0429532 secs] [Times: user=0.19 sys=0.00, real=0.04 secs] 
4207.550: [GC (Allocation Failure) [PSYoungGen: 410133K->185270K(465920K)] 828264K->658932K(1864192K), 0.0430535 secs] [Times: user=0.20 sys=0.00, real=0.04 secs] 
4207.700: [GC (Allocation Failure) [PSYoungGen: 418230K->187477K(465920K)] 891892K->717331K(1864192K), 0.0453208 secs] [Times: user=0.21 sys=0.00, real=0.04 secs] 
4208.955: [GC (Allocation Failure) [PSYoungGen: 420437K->98843K(465920K)] 950291K->699222K(1864192K), 0.0584204 secs] [Times: user=0.30 sys=0.01, real=0.06 secs] 
4209.776: [GC (Allocation Failure) [PSYoungGen: 331803K->172084K(465920K)] 932182K->804100K(1864192K), 0.0540545 secs] [Times: user=0.25 sys=0.00, real=0.06 secs] 
4210.002: [GC (Allocation Failure) [PSYoungGen: 405044K->182901K(465920K)] 1037060K->868889K(1864192K), 0.0643839 secs] [Times: user=0.31 sys=0.01, real=0.06 secs] 
4210.244: [GC (Allocation Failure) [PSYoungGen: 415861K->182454K(465920K)] 1101849K->932154K(1864192K), 0.0683782 secs] [Times: user=0.34 sys=0.00, real=0.07 secs] 
4211.174: [GC (Allocation Failure) [PSYoungGen: 413520K->210611K(465920K)] 1163220K->1018047K(1864192K), 0.0559118 secs] [Times: user=0.28 sys=0.00, real=0.06 secs] 
4211.759: [GC (Allocation Failure) [PSYoungGen: 443571K->101692K(465920K)] 1251007K->975415K(1864192K), 0.0942863 secs] [Times: user=0.50 sys=0.00, real=0.09 secs] 
4212.215: [GC (Allocation Failure) [PSYoungGen: 334652K->180149K(465920K)] 1208375K->1086078K(1864192K), 0.0444520 secs] [Times: user=0.20 sys=0.00, real=0.05 secs] 
4212.434: [GC (Allocation Failure) [PSYoungGen: 413109K->185302K(465920K)] 1319038K->1147558K(1864192K), 0.0641165 secs] [Times: user=0.31 sys=0.00, real=0.07 secs] 
4212.619: [GC (Allocation Failure) [PSYoungGen: 418262K->187381K(465920K)] 1380518K->1205821K(1864192K), 0.0456142 secs] [Times: user=0.21 sys=0.00, real=0.04 secs] 
4213.923: [GC (Allocation Failure) [PSYoungGen: 420341K->101628K(465920K)] 1438781K->1190772K(1864192K), 0.0570407 secs] [Times: user=0.30 sys=0.00, real=0.06 secs] 
4215.185: [GC (Allocation Failure) [PSYoungGen: 334588K->171476K(465920K)] 1423732K->1293098K(1864192K), 0.0733530 secs] [Times: user=0.36 sys=0.00, real=0.08 secs] 
4215.408: [GC (Allocation Failure) [PSYoungGen: 404436K->185750K(465920K)] 1526058K->1361159K(1864192K), 0.0437360 secs] [Times: user=0.19 sys=0.00, real=0.04 secs] 
4215.557: [GC (Allocation Failure) [PSYoungGen: 414920K->182390K(465920K)] 1590330K->1422384K(1864192K), 0.0504746 secs] [Times: user=0.24 sys=0.00, real=0.05 secs] 
4216.492: [GC (Allocation Failure) [PSYoungGen: 411109K->206995K(465920K)] 1651102K->1504908K(1864192K), 0.0551252 secs] [Times: user=0.27 sys=0.00, real=0.06 secs] 
4217.230: [GC (Allocation Failure) [PSYoungGen: 439955K->100971K(465920K)] 1737868K->1463765K(1864192K), 0.0689390 secs] [Times: user=0.37 sys=0.00, real=0.07 secs] 
4217.299: [Full GC (Ergonomics) [PSYoungGen: 100971K->0K(465920K)] [ParOldGen: 1362793K->118681K(1398272K)] 1463765K->118681K(1864192K), [Metaspace: 60392K->60392K(1105920K)], 0.1466154 secs] [Times: user=0.62 sys=0.00, real=0.14 secs] 
4217.691: [GC (Allocation Failure) [PSYoungGen: 232960K->181686K(465920K)] 351646K->300372K(1864192K), 0.0254599 secs] [Times: user=0.09 sys=0.00, real=0.02 secs] 
4217.825: [GC (Allocation Failure) [PSYoungGen: 414646K->184181K(465920K)] 533332K->359188K(1864192K), 0.0416222 secs] [Times: user=0.18 sys=0.00, real=0.04 secs] 
4217.973: [GC (Allocation Failure) [PSYoungGen: 417141K->187669K(465920K)] 592148K->418707K(1864192K), 0.0451592 secs] [Times: user=0.21 sys=0.00, real=0.05 secs] 
4219.153: [GC (Allocation Failure) [PSYoungGen: 420597K->101068K(465920K)] 651635K->402930K(1864192K), 0.0589787 secs] [Times: user=0.31 sys=0.00, real=0.06 secs] 
4219.943: [GC (Allocation Failure) [PSYoungGen: 334028K->171956K(465920K)] 635890K->506159K(1864192K), 0.0626834 secs] [Times: user=0.30 sys=0.00, real=0.06 secs] 
4220.142: [GC (GCLocker Initiated GC) [PSYoungGen: 404916K->183733K(465920K)] 739120K->571873K(1864192K), 0.0421913 secs] [Times: user=0.18 sys=0.00, real=0.04 secs] 
4220.333: [GC (Allocation Failure) [PSYoungGen: 416693K->181206K(465920K)] 804836K->633332K(1864192K), 0.0596323 secs] [Times: user=0.29 sys=0.00, real=0.06 secs] 
4221.264: [GC (Allocation Failure) [PSYoungGen: 409017K->211123K(465920K)] 861144K->720978K(1864192K), 0.0562615 secs] [Times: user=0.27 sys=0.00, real=0.06 secs] 
4222.286: [GC (Allocation Failure) [PSYoungGen: 444083K->101420K(465920K)] 953938K->677530K(1864192K), 0.0915794 secs] [Times: user=0.49 sys=0.01, real=0.10 secs] 
4222.697: [GC (Allocation Failure) [PSYoungGen: 334380K->181846K(465920K)] 910490K->790061K(1864192K), 0.0378226 secs] [Times: user=0.16 sys=0.00, real=0.04 secs] 
4222.843: [GC (Allocation Failure) [PSYoungGen: 414806K->185654K(465920K)] 1023021K->850577K(1864192K), 0.0437949 secs] [Times: user=0.20 sys=0.00, real=0.04 secs] 
4222.990: [GC (Allocation Failure) [PSYoungGen: 418614K->184853K(465920K)] 1083537K->906032K(1864192K), 0.0451852 secs] [Times: user=0.21 sys=0.00, real=0.04 secs] 
4224.146: [GC (Allocation Failure) [PSYoungGen: 417813K->104876K(465920K)] 1138992K->895712K(1864192K), 0.0461203 secs] [Times: user=0.23 sys=0.00, real=0.05 secs] 
4225.232: [GC (Allocation Failure) [PSYoungGen: 337836K->169108K(465920K)] 1128672K->993428K(1864192K), 0.0647603 secs] [Times: user=0.30 sys=0.00, real=0.06 secs] 
4225.476: [GC (Allocation Failure) [PSYoungGen: 402068K->179349K(465920K)] 1226388K->1056521K(1864192K), 0.0563568 secs] [Times: user=0.27 sys=0.00, real=0.06 secs] 
4225.647: [GC (Allocation Failure) [PSYoungGen: 412309K->185591K(465920K)] 1289481K->1125347K(1864192K), 0.0496860 secs] [Times: user=0.23 sys=0.00, real=0.05 secs] 
4226.615: [GC (Allocation Failure) [PSYoungGen: 418551K->195814K(465920K)] 1358307K->1194450K(1864192K), 0.0502330 secs] [Times: user=0.24 sys=0.00, real=0.05 secs] 
4227.333: [GC (Allocation Failure) [PSYoungGen: 428774K->103676K(465920K)] 1427410K->1168592K(1864192K), 0.1144278 secs] [Times: user=0.62 sys=0.00, real=0.12 secs] 
4227.876: [GC (Allocation Failure) [PSYoungGen: 336624K->180213K(465920K)] 1401541K->1278946K(1864192K), 0.0471832 secs] [Times: user=0.21 sys=0.00, real=0.05 secs] 
4228.041: [GC (Allocation Failure) [PSYoungGen: 413173K->185526K(465920K)] 1511906K->1340626K(1864192K), 0.0444366 secs] [Times: user=0.20 sys=0.00, real=0.04 secs] 
4228.192: [GC (Allocation Failure) [PSYoungGen: 418486K->187509K(465920K)] 1573586K->1398769K(1864192K), 0.0461375 secs] [Times: user=0.22 sys=0.00, real=0.05 secs] 
4229.578: [GC (Allocation Failure) [PSYoungGen: 420469K->101580K(465920K)] 1631729K->1383656K(1864192K), 0.0604678 secs] [Times: user=0.32 sys=0.00, real=0.06 secs] 
4230.064: [GC (Allocation Failure) [PSYoungGen: 334540K->173653K(465920K)] 1616616K->1488570K(1864192K), 0.0460874 secs] [Times: user=0.21 sys=0.00, real=0.05 secs] 
4230.110: [Full GC (Ergonomics) [PSYoungGen: 173653K->0K(465920K)] [ParOldGen: 1314917K->199647K(1398272K)] 1488570K->199647K(1864192K), [Metaspace: 60392K->60392K(1105920K)], 0.1884315 secs] [Times: user=0.84 sys=0.00, real=0.19 secs] 
4230.449: [GC (Allocation Failure) [PSYoungGen: 232960K->185046K(465920K)] 432607K->384693K(1864192K), 0.0324291 secs] [Times: user=0.13 sys=0.00, real=0.03 secs] 
4230.610: [GC (Allocation Failure) [PSYoungGen: 409601K->179094K(465920K)] 609248K->443309K(1864192K), 0.0430498 secs] [Times: user=0.20 sys=0.00, real=0.04 secs] 
4232.651: [GC (Allocation Failure) [PSYoungGen: 410474K->206931K(465920K)] 674689K->528178K(1864192K), 0.0532199 secs] [Times: user=0.27 sys=0.00, real=0.05 secs] 
4233.460: [GC (Allocation Failure) [PSYoungGen: 439891K->100940K(465920K)] 761138K->487187K(1864192K), 0.0932073 secs] [Times: user=0.50 sys=0.00, real=0.09 secs] 
4233.974: [GC (Allocation Failure) [PSYoungGen: 333900K->178357K(465920K)] 720147K->597238K(1864192K), 0.0378674 secs] [Times: user=0.16 sys=0.00, real=0.04 secs] 
4234.156: [GC (Allocation Failure) [PSYoungGen: 411317K->185270K(465920K)] 830198K->659446K(1864192K), 0.0592440 secs] [Times: user=0.28 sys=0.00, real=0.06 secs] 
4234.348: [GC (Allocation Failure) [PSYoungGen: 418230K->187125K(465920K)] 892406K->717649K(1864192K), 0.0456330 secs] [Times: user=0.21 sys=0.00, real=0.04 secs] 
4235.568: [GC (Allocation Failure) [PSYoungGen: 420085K->100124K(465920K)] 950609K->701072K(1864192K), 0.0592514 secs] [Times: user=0.32 sys=0.00, real=0.06 secs] 
4236.351: [GC (Allocation Failure) [PSYoungGen: 333084K->167828K(465920K)] 934032K->801908K(1864192K), 0.0585137 secs] [Times: user=0.28 sys=0.00, real=0.06 secs] 
4236.547: [GC (Allocation Failure) [PSYoungGen: 400788K->184566K(465920K)] 1034868K->870854K(1864192K), 0.0419969 secs] [Times: user=0.18 sys=0.01, real=0.05 secs] 
4236.722: [GC (Allocation Failure) [PSYoungGen: 417526K->186039K(465920K)] 1103814K->936399K(1864192K), 0.0554691 secs] [Times: user=0.27 sys=0.00, real=0.06 secs] 
4237.962: [GC (Allocation Failure) [PSYoungGen: 417598K->212307K(465920K)] 1167959K->1021876K(1864192K), 0.0569280 secs] [Times: user=0.28 sys=0.00, real=0.06 secs] 
4239.196: [GC (Allocation Failure) [PSYoungGen: 445267K->98859K(465920K)] 1254836K->975132K(1864192K), 0.1203410 secs] [Times: user=0.66 sys=0.00, real=0.12 secs] 
4239.983: [GC (Allocation Failure) [PSYoungGen: 331819K->180053K(465920K)] 1208092K->1087595K(1864192K), 0.0452368 secs] [Times: user=0.20 sys=0.00, real=0.05 secs] 
4240.145: [GC (Allocation Failure) [PSYoungGen: 413013K->185494K(465920K)] 1320555K->1149375K(1864192K), 0.0435764 secs] [Times: user=0.19 sys=0.00, real=0.05 secs] 
4240.328: [GC (Allocation Failure) [PSYoungGen: 418454K->187445K(465920K)] 1382335K->1207327K(1864192K), 0.0668834 secs] [Times: user=0.32 sys=0.01, real=0.06 secs] 
4241.634: [GC (Allocation Failure) [PSYoungGen: 420405K->101484K(465920K)] 1440287K->1192110K(1864192K), 0.0670819 secs] [Times: user=0.35 sys=0.00, real=0.07 secs] 
4242.512: [GC (Allocation Failure) [PSYoungGen: 334444K->166996K(465920K)] 1425070K->1290098K(1864192K), 0.0700581 secs] [Times: user=0.34 sys=0.00, real=0.07 secs] 
4242.732: [GC (Allocation Failure) [PSYoungGen: 399956K->185366K(465920K)] 1523058K->1360960K(1864192K), 0.0440127 secs] [Times: user=0.20 sys=0.00, real=0.04 secs] 
4242.887: [GC (Allocation Failure) [PSYoungGen: 418326K->185975K(465920K)] 1593920K->1426106K(1864192K), 0.0517920 secs] [Times: user=0.24 sys=0.00, real=0.06 secs] 
4243.816: [GC (Allocation Failure) [PSYoungGen: 414996K->211155K(465920K)] 1655127K->1510362K(1864192K), 0.0571644 secs] [Times: user=0.29 sys=0.00, real=0.06 secs] 
4244.716: [GC (Allocation Failure) [PSYoungGen: 444115K->98891K(465920K)] 1743322K->1464346K(1864192K), 0.0801920 secs] [Times: user=0.43 sys=0.00, real=0.08 secs] 
4244.796: [Full GC (Ergonomics) [PSYoungGen: 98891K->0K(465920K)] [ParOldGen: 1365454K->116609K(1398272K)] 1464346K->116609K(1864192K), [Metaspace: 60392K->60392K(1105920K)], 0.1544349 secs] [Times: user=0.66 sys=0.00, real=0.16 secs] 
4245.482: [GC (Allocation Failure) [PSYoungGen: 232960K->182550K(465920K)] 349569K->299159K(1864192K), 0.0255651 secs] [Times: user=0.09 sys=0.00, real=0.03 secs] 
4245.616: [GC (Allocation Failure) [PSYoungGen: 415510K->182293K(465920K)] 532119K->355446K(1864192K), 0.0413727 secs] [Times: user=0.18 sys=0.01, real=0.05 secs] 
4246.022: [GC (Allocation Failure) [PSYoungGen: 415253K->186613K(465920K)] 588406K->415350K(1864192K), 0.1178702 secs] [Times: user=0.60 sys=0.00, real=0.12 secs] 
4247.360: [GC (Allocation Failure) [PSYoungGen: 419573K->98747K(465920K)] 648310K->397909K(1864192K), 0.0438438 secs] [Times: user=0.23 sys=0.00, real=0.04 secs] 
4248.626: [GC (Allocation Failure) [PSYoungGen: 331707K->172724K(465920K)] 630869K->503411K(1864192K), 0.0605817 secs] [Times: user=0.28 sys=0.00, real=0.06 secs] 
4248.814: [GC (GCLocker Initiated GC) [PSYoungGen: 405684K->185238K(465920K)] 736371K->570000K(1864192K), 0.0426634 secs] [Times: user=0.19 sys=0.00, real=0.04 secs] 
4248.965: [GC (Allocation Failure) [PSYoungGen: 418198K->183382K(465920K)] 802963K->632403K(1864192K), 0.0496376 secs] [Times: user=0.22 sys=0.01, real=0.05 secs] 
4249.506: [GC (Allocation Failure) [PSYoungGen: 412519K->211668K(465920K)] 861540K->718825K(1864192K), 0.0523959 secs] [Times: user=0.25 sys=0.00, real=0.06 secs] 
4250.647: [GC (Allocation Failure) [PSYoungGen: 444628K->97339K(465920K)] 951785K->671688K(1864192K), 0.1158005 secs] [Times: user=0.63 sys=0.00, real=0.12 secs] 
4251.148: [GC (Allocation Failure) [PSYoungGen: 330299K->180950K(465920K)] 904648K->786108K(1864192K), 0.0488363 secs] [Times: user=0.21 sys=0.00, real=0.04 secs] 
4251.331: [GC (Allocation Failure) [PSYoungGen: 413910K->185238K(465920K)] 1019068K->846960K(1864192K), 0.0437996 secs] [Times: user=0.20 sys=0.00, real=0.04 secs] 
4251.507: [GC (Allocation Failure) [PSYoungGen: 418198K->184372K(465920K)] 1079920K->902191K(1864192K), 0.0486149 secs] [Times: user=0.23 sys=0.00, real=0.04 secs] 
4252.872: [GC (Allocation Failure) [PSYoungGen: 417332K->103308K(465920K)] 1135151K->890558K(1864192K), 0.0655643 secs] [Times: user=0.35 sys=0.00, real=0.07 secs] 
4253.824: [GC (Allocation Failure) [PSYoungGen: 336268K->170516K(465920K)] 1123518K->991571K(1864192K), 0.0676497 secs] [Times: user=0.33 sys=0.00, real=0.07 secs] 
4254.027: [GC (Allocation Failure) [PSYoungGen: 403476K->181941K(465920K)] 1224531K->1055988K(1864192K), 0.0427214 secs] [Times: user=0.19 sys=0.00, real=0.05 secs] 
4254.181: [GC (Allocation Failure) [PSYoungGen: 414901K->186103K(465920K)] 1288948K->1132061K(1864192K), 0.0506528 secs] [Times: user=0.24 sys=0.00, real=0.05 secs] 
4255.185: [GC (Allocation Failure) [PSYoungGen: 415256K->196756K(465920K)] 1361215K->1201882K(1864192K), 0.0575342 secs] [Times: user=0.29 sys=0.00, real=0.06 secs] 
4256.353: [GC (Allocation Failure) [PSYoungGen: 429716K->102748K(465920K)] 1434842K->1174786K(1864192K), 0.1151221 secs] [Times: user=0.62 sys=0.00, real=0.12 secs] 
4256.816: [GC (Allocation Failure) [PSYoungGen: 335708K->180213K(465920K)] 1407746K->1284849K(1864192K), 0.0445743 secs] [Times: user=0.20 sys=0.00, real=0.05 secs] 
4256.972: [GC (Allocation Failure) [PSYoungGen: 413173K->185174K(465920K)] 1517809K->1346437K(1864192K), 0.0447422 secs] [Times: user=0.21 sys=0.00, real=0.04 secs] 
4257.123: [GC (Allocation Failure) [PSYoungGen: 418134K->184789K(465920K)] 1579397K->1402196K(1864192K), 0.0468934 secs] [Times: user=0.21 sys=0.00, real=0.05 secs] 
4258.349: [GC (Allocation Failure) [PSYoungGen: 417749K->99868K(465920K)] 1635156K->1386923K(1864192K), 0.0454013 secs] [Times: user=0.24 sys=0.00, real=0.04 secs] 
4258.844: [GC (Allocation Failure) [PSYoungGen: 332828K->174165K(465920K)] 1619883K->1493281K(1864192K), 0.0758215 secs] [Times: user=0.38 sys=0.00, real=0.08 secs] 
4258.920: [Full GC (Ergonomics) [PSYoungGen: 174165K->0K(465920K)] [ParOldGen: 1319116K->198187K(1398272K)] 1493281K->198187K(1864192K), [Metaspace: 60397K->60397K(1105920K)], 0.2160319 secs] [Times: user=1.01 sys=0.00, real=0.21 secs] 
4259.259: [GC (Allocation Failure) [PSYoungGen: 232960K->182645K(465920K)] 431147K->380833K(1864192K), 0.0328607 secs] [Times: user=0.13 sys=0.00, real=0.03 secs] 
4259.435: [GC (Allocation Failure) [PSYoungGen: 415572K->185751K(465920K)] 613760K->447866K(1864192K), 0.0440269 secs] [Times: user=0.19 sys=0.00, real=0.05 secs] 
4260.325: [GC (Allocation Failure) [PSYoungGen: 417029K->208403K(465920K)] 679145K->529390K(1864192K), 0.0538366 secs] [Times: user=0.26 sys=0.00, real=0.06 secs] 
4261.020: [GC (GCLocker Initiated GC) [PSYoungGen: 441363K->105756K(465920K)] 762351K->492268K(1864192K), 0.1044422 secs] [Times: user=0.56 sys=0.00, real=0.10 secs] 
4261.357: [GC (Allocation Failure) [PSYoungGen: 338716K->178358K(465920K)] 733423K->607047K(1864192K), 0.1373625 secs] [Times: user=0.76 sys=0.00, real=0.13 secs] 
4261.604: [GC (Allocation Failure) [PSYoungGen: 411318K->184471K(465920K)] 840007K->670120K(1864192K), 0.1595419 secs] [Times: user=0.90 sys=0.00, real=0.16 secs] 
4261.869: [GC (Allocation Failure) [PSYoungGen: 417431K->184725K(465920K)] 903080K->728926K(1864192K), 0.0572588 secs] [Times: user=0.28 sys=0.00, real=0.05 secs] 
4263.232: [GC (GCLocker Initiated GC) [PSYoungGen: 417685K->96443K(465920K)] 961886K->710228K(1864192K), 0.0828034 secs] [Times: user=0.45 sys=0.00, real=0.08 secs] 
4264.487: [GC (Allocation Failure) [PSYoungGen: 329403K->175349K(465920K)] 943191K->820218K(1864192K), 0.0609418 secs] [Times: user=0.28 sys=0.00, real=0.06 secs] 
4264.749: [GC (Allocation Failure) [PSYoungGen: 408309K->182389K(465920K)] 1053178K->882038K(1864192K), 0.0575432 secs] [Times: user=0.28 sys=0.01, real=0.05 secs] 
4264.918: [GC (Allocation Failure) [PSYoungGen: 405113K->177110K(465920K)] 1104762K->940487K(1864192K), 0.0485165 secs] [Times: user=0.23 sys=0.00, real=0.04 secs] 
4265.899: [GC (Allocation Failure) [PSYoungGen: 405364K->205779K(465920K)] 1168741K->1025404K(1864192K), 0.0533731 secs] [Times: user=0.26 sys=0.01, real=0.05 secs] 
4266.666: [GC (Allocation Failure) [PSYoungGen: 438739K->103596K(465920K)] 1258364K->987717K(1864192K), 0.1059807 secs] [Times: user=0.57 sys=0.00, real=0.11 secs] 
4266.996: [GC (Allocation Failure) [PSYoungGen: 336411K->178709K(465920K)] 1220532K->1096583K(1864192K), 0.0355134 secs] [Times: user=0.14 sys=0.00, real=0.04 secs] 
4267.142: [GC (Allocation Failure) [PSYoungGen: 411669K->185494K(465920K)] 1329543K->1159152K(1864192K), 0.0446576 secs] [Times: user=0.20 sys=0.00, real=0.04 secs] 
4267.321: [GC (Allocation Failure) [PSYoungGen: 418454K->184404K(465920K)] 1392112K->1214263K(1864192K), 0.0636230 secs] [Times: user=0.32 sys=0.00, real=0.06 secs] 
4268.520: [GC (Allocation Failure) [PSYoungGen: 417364K->101580K(465920K)] 1447223K->1200922K(1864192K), 0.0453171 secs] [Times: user=0.24 sys=0.00, real=0.04 secs] 
4269.021: [GC (Allocation Failure) [PSYoungGen: 334540K->175765K(465920K)] 1433882K->1308383K(1864192K), 0.0688907 secs] [Times: user=0.33 sys=0.01, real=0.07 secs] 
4269.235: [GC (Allocation Failure) [PSYoungGen: 408725K->182357K(465920K)] 1541343K->1369752K(1864192K), 0.0443197 secs] [Times: user=0.20 sys=0.01, real=0.05 secs] 
4269.391: [GC (Allocation Failure) [PSYoungGen: 415317K->184663K(465920K)] 1602712K->1435905K(1864192K), 0.0510310 secs] [Times: user=0.24 sys=0.00, real=0.05 secs] 
4270.735: [GC (Allocation Failure) [PSYoungGen: 414082K->206035K(465920K)] 1665324K->1516045K(1864192K), 0.0561662 secs] [Times: user=0.27 sys=0.01, real=0.06 secs] 
4271.579: [GC (Allocation Failure) [PSYoungGen: 438995K->105532K(465920K)] 1749005K->1480199K(1864192K), 0.0679227 secs] [Times: user=0.35 sys=0.00, real=0.07 secs] 
4271.647: [Full GC (Ergonomics) [PSYoungGen: 105532K->0K(465920K)] [ParOldGen: 1374666K->122707K(1398272K)] 1480199K->122707K(1864192K), [Metaspace: 60397K->60397K(1105920K)], 0.1424787 secs] [Times: user=0.64 sys=0.00, real=0.14 secs] 
4272.334: [GC (Allocation Failure) [PSYoungGen: 228797K->177077K(465920K)] 351504K->299784K(1864192K), 0.0283892 secs] [Times: user=0.10 sys=0.00, real=0.03 secs] 
4272.472: [GC (Allocation Failure) [PSYoungGen: 410037K->185334K(465920K)] 532744K->363545K(1864192K), 0.0415915 secs] [Times: user=0.19 sys=0.00, real=0.04 secs] 
4272.643: [GC (Allocation Failure) [PSYoungGen: 418294K->187285K(465920K)] 596505K->421728K(1864192K), 0.0520003 secs] [Times: user=0.25 sys=0.00, real=0.05 secs] 
4273.805: [GC (GCLocker Initiated GC) [PSYoungGen: 420245K->96939K(465920K)] 654688K->402071K(1864192K), 0.0480813 secs] [Times: user=0.25 sys=0.00, real=0.05 secs] 
4274.576: [GC (Allocation Failure) [PSYoungGen: 329899K->169876K(465920K)] 635197K->506187K(1864192K), 0.0647071 secs] [Times: user=0.31 sys=0.00, real=0.07 secs] 
4274.790: [GC (Allocation Failure) [PSYoungGen: 402836K->185910K(465920K)] 739147K->575465K(1864192K), 0.0435925 secs] [Times: user=0.19 sys=0.00, real=0.04 secs] 
4274.942: [GC (Allocation Failure) [PSYoungGen: 418850K->186359K(465920K)] 808405K->640610K(1864192K), 0.0511016 secs] [Times: user=0.24 sys=0.00, real=0.05 secs] 
4275.854: [GC (Allocation Failure) [PSYoungGen: 417697K->191315K(465920K)] 871948K->704638K(1864192K), 0.0560787 secs] [Times: user=0.28 sys=0.01, real=0.06 secs] 
4276.872: [GC (Allocation Failure) [PSYoungGen: 424275K->102716K(465920K)] 937598K->681435K(1864192K), 0.0784360 secs] [Times: user=0.42 sys=0.00, real=0.08 secs] 
4277.247: [GC (Allocation Failure) [PSYoungGen: 333423K->179765K(465920K)] 912142K->791221K(1864192K), 0.0349382 secs] [Times: user=0.15 sys=0.00, real=0.03 secs] 
4277.415: [GC (Allocation Failure) [PSYoungGen: 412725K->185078K(465920K)] 1024181K->852325K(1864192K), 0.0489156 secs] [Times: user=0.22 sys=0.00, real=0.05 secs] 
4277.696: [GC (Allocation Failure) [PSYoungGen: 418038K->187381K(465920K)] 1085285K->910684K(1864192K), 0.0535955 secs] [Times: user=0.25 sys=0.00, real=0.06 secs] 
4279.074: [GC (Allocation Failure) [PSYoungGen: 420341K->96811K(465920K)] 1143644K->890803K(1864192K), 0.0682307 secs] [Times: user=0.37 sys=0.00, real=0.07 secs] 
4280.304: [GC (GCLocker Initiated GC) [PSYoungGen: 329771K->171124K(465920K)] 1123763K->996337K(1864192K), 0.0687798 secs] [Times: user=0.34 sys=0.00, real=0.07 secs] 
4280.517: [GC (Allocation Failure) [PSYoungGen: 404084K->185558K(465920K)] 1229299K->1064141K(1864192K), 0.0428452 secs] [Times: user=0.19 sys=0.00, real=0.04 secs] 
4280.669: [GC (Allocation Failure) [PSYoungGen: 418518K->186231K(465920K)] 1297101K->1129270K(1864192K), 0.0500549 secs] [Times: user=0.24 sys=0.00, real=0.05 secs] 
4281.619: [GC (Allocation Failure) [PSYoungGen: 416183K->206995K(465920K)] 1359223K->1209218K(1864192K), 0.0563694 secs] [Times: user=0.28 sys=0.00, real=0.05 secs] 
4282.470: [GC (GCLocker Initiated GC) [PSYoungGen: 439955K->98491K(465920K)] 1442178K->1165683K(1864192K), 0.0906972 secs] [Times: user=0.48 sys=0.00, real=0.09 secs] 
4282.819: [GC (Allocation Failure) [PSYoungGen: 331451K->183574K(465920K)] 1398681K->1282129K(1864192K), 0.0384353 secs] [Times: user=0.17 sys=0.00, real=0.04 secs] 
4282.994: [GC (Allocation Failure) [PSYoungGen: 416534K->182421K(465920K)] 1515089K->1338096K(1864192K), 0.0642646 secs] [Times: user=0.31 sys=0.00, real=0.07 secs] 
4283.192: [GC (Allocation Failure) [PSYoungGen: 415381K->187541K(465920K)] 1571056K->1398704K(1864192K), 0.0462503 secs] [Times: user=0.21 sys=0.00, real=0.05 secs] 
4284.519: [GC (Allocation Failure) [PSYoungGen: 420501K->99516K(465920K)] 1631664K->1381271K(1864192K), 0.0627897 secs] [Times: user=0.34 sys=0.00, real=0.06 secs] 
4285.003: [GC (Allocation Failure) [PSYoungGen: 332476K->174933K(465920K)] 1614231K->1489760K(1864192K), 0.0627981 secs] [Times: user=0.30 sys=0.00, real=0.06 secs] 
4285.066: [Full GC (Ergonomics) [PSYoungGen: 174933K->0K(465920K)] [ParOldGen: 1314827K->199449K(1398272K)] 1489760K->199449K(1864192K), [Metaspace: 60397K->60397K(1105920K)], 0.2091572 secs] [Times: user=0.95 sys=0.00, real=0.21 secs] 
4285.424: [GC (Allocation Failure) [PSYoungGen: 232960K->179669K(465920K)] 432409K->379118K(1864192K), 0.0352266 secs] [Times: user=0.15 sys=0.01, real=0.04 secs] 
4285.575: [GC (Allocation Failure) [PSYoungGen: 412629K->185783K(465920K)] 612078K->448760K(1864192K), 0.0441738 secs] [Times: user=0.20 sys=0.00, real=0.05 secs] 
4286.512: [GC (Allocation Failure) [PSYoungGen: 416697K->211123K(465920K)] 679674K->533181K(1864192K), 0.0559198 secs] [Times: user=0.28 sys=0.00, real=0.06 secs] 
4287.620: [GC (Allocation Failure) [PSYoungGen: 444083K->104908K(465920K)] 766141K->493190K(1864192K), 0.0869734 secs] [Times: user=0.46 sys=0.00, real=0.08 secs] 
4288.037: [GC (Allocation Failure) [PSYoungGen: 332382K->177141K(465920K)] 720664K->599276K(1864192K), 0.0373703 secs] [Times: user=0.16 sys=0.00, real=0.03 secs] 
4288.205: [GC (Allocation Failure) [PSYoungGen: 410101K->185750K(465920K)] 832236K->662956K(1864192K), 0.0485083 secs] [Times: user=0.22 sys=0.01, real=0.05 secs] 
4288.583: [GC (Allocation Failure) [PSYoungGen: 418710K->184180K(465920K)] 895916K->717723K(1864192K), 0.0746202 secs] [Times: user=0.36 sys=0.00, real=0.08 secs] 
4289.845: [GC (Allocation Failure) [PSYoungGen: 417140K->100108K(465920K)] 950683K->703066K(1864192K), 0.0484483 secs] [Times: user=0.25 sys=0.00, real=0.05 secs] 
4290.771: [GC (Allocation Failure) [PSYoungGen: 333068K->169524K(465920K)] 936026K->804815K(1864192K), 0.0743962 secs] [Times: user=0.36 sys=0.01, real=0.07 secs] 
4290.991: [GC (Allocation Failure) [PSYoungGen: 402484K->185334K(465920K)] 1037775K->873884K(1864192K), 0.0435624 secs] [Times: user=0.19 sys=0.00, real=0.04 secs] 
4291.142: [GC (Allocation Failure) [PSYoungGen: 418294K->186199K(465920K)] 1106844K->939118K(1864192K), 0.0509136 secs] [Times: user=0.24 sys=0.00, real=0.05 secs] 
4292.040: [GC (Allocation Failure) [PSYoungGen: 414851K->209555K(465920K)] 1167770K->1021570K(1864192K), 0.0570001 secs] [Times: user=0.29 sys=0.00, real=0.05 secs] 
4293.582: [GC (Allocation Failure) [PSYoungGen: 442515K->95291K(465920K)] 1254530K->973106K(1864192K), 0.0993333 secs] [Times: user=0.53 sys=0.00, real=0.10 secs] 
4294.014: [GC (Allocation Failure) [PSYoungGen: 328251K->183766K(465920K)] 1206066K->1092173K(1864192K), 0.0353642 secs] [Times: user=0.15 sys=0.00, real=0.04 secs] 
4294.179: [GC (Allocation Failure) [PSYoungGen: 416726K->184150K(465920K)] 1325133K->1149865K(1864192K), 0.0484077 secs] [Times: user=0.23 sys=0.00, real=0.05 secs] 
4294.353: [GC (Allocation Failure) [PSYoungGen: 417110K->185045K(465920K)] 1382825K->1206744K(1864192K), 0.0452796 secs] [Times: user=0.21 sys=0.00, real=0.05 secs] 
4295.590: [GC (Allocation Failure) [PSYoungGen: 418005K->100700K(465920K)] 1439704K->1191999K(1864192K), 0.0540271 secs] [Times: user=0.29 sys=0.00, real=0.05 secs] 
4296.897: [GC (Allocation Failure) [PSYoungGen: 333660K->168340K(465920K)] 1424959K->1292248K(1864192K), 0.0751440 secs] [Times: user=0.37 sys=0.00, real=0.08 secs] 
4297.160: [GC (Allocation Failure) [PSYoungGen: 401300K->185366K(465920K)] 1525208K->1362210K(1864192K), 0.0592089 secs] [Times: user=0.28 sys=0.00, real=0.06 secs] 
4297.338: [GC (Allocation Failure) [PSYoungGen: 418326K->185847K(465920K)] 1595170K->1426987K(1864192K), 0.0505134 secs] [Times: user=0.24 sys=0.00, real=0.05 secs] 
4298.249: [GC (Allocation Failure) [PSYoungGen: 418807K->214804K(465920K)] 1659947K->1515136K(1864192K), 0.0568967 secs] [Times: user=0.28 sys=0.01, real=0.05 secs] 
4299.029: [GC (Allocation Failure) [PSYoungGen: 447764K->101020K(465920K)] 1748096K->1469032K(1864192K), 0.1169409 secs] [Times: user=0.63 sys=0.00, real=0.11 secs] 
4299.146: [Full GC (Ergonomics) [PSYoungGen: 101020K->0K(465920K)] [ParOldGen: 1368012K->118691K(1398272K)] 1469032K->118691K(1864192K), [Metaspace: 60397K->60397K(1105920K)], 0.1703737 secs] [Times: user=0.76 sys=0.00, real=0.17 secs] 
4299.581: [GC (Allocation Failure) [PSYoungGen: 232960K->180790K(465920K)] 351651K->299481K(1864192K), 0.0252502 secs] [Times: user=0.08 sys=0.00, real=0.02 secs] 
4299.716: [GC (Allocation Failure) [PSYoungGen: 413750K->185398K(465920K)] 532441K->360541K(1864192K), 0.0414515 secs] [Times: user=0.19 sys=0.00, real=0.05 secs] 
4299.864: [GC (Allocation Failure) [PSYoungGen: 418358K->187221K(465920K)] 593501K->418468K(1864192K), 0.0446065 secs] [Times: user=0.20 sys=0.00, real=0.05 secs] 
4301.027: [GC (Allocation Failure) [PSYoungGen: 420181K->99660K(465920K)] 651428K->401563K(1864192K), 0.0488099 secs] [Times: user=0.26 sys=0.00, real=0.04 secs] 
4301.643: [GC (Allocation Failure) [PSYoungGen: 332620K->174805K(465920K)] 634523K->509701K(1864192K), 0.0458979 secs] [Times: user=0.21 sys=0.01, real=0.05 secs] 
4301.825: [GC (Allocation Failure) [PSYoungGen: 407765K->182549K(465920K)] 742661K->572109K(1864192K), 0.0556651 secs] [Times: user=0.26 sys=0.00, real=0.06 secs] 
4302.062: [GC (Allocation Failure) [PSYoungGen: 415509K->185719K(465920K)] 805069K->639171K(1864192K), 0.0695983 secs] [Times: user=0.35 sys=0.00, real=0.07 secs] 
4303.079: [GC (Allocation Failure) [PSYoungGen: 418679K->168691K(465920K)] 872131K->681086K(1864192K), 0.0579434 secs] [Times: user=0.29 sys=0.00, real=0.06 secs] 
4303.845: [GC (Allocation Failure) [PSYoungGen: 401651K->113885K(465920K)] 914046K->690857K(1864192K), 0.0934529 secs] [Times: user=0.49 sys=0.00, real=0.10 secs] 
4304.181: [GC (Allocation Failure) [PSYoungGen: 346845K->177013K(465920K)] 923817K->790497K(1864192K), 0.0383033 secs] [Times: user=0.16 sys=0.01, real=0.04 secs] 
4304.360: [GC (Allocation Failure) [PSYoungGen: 409973K->185047K(465920K)] 1023457K->860819K(1864192K), 0.0719944 secs] [Times: user=0.36 sys=0.00, real=0.07 secs] 
4304.565: [GC (Allocation Failure) [PSYoungGen: 418007K->187413K(465920K)] 1093779K->921922K(1864192K), 0.0576999 secs] [Times: user=0.28 sys=0.00, real=0.06 secs] 
4305.833: [GC (Allocation Failure) [PSYoungGen: 420373K->100716K(465920K)] 1154882K->905969K(1864192K), 0.0479262 secs] [Times: user=0.25 sys=0.00, real=0.05 secs] 
4306.404: [GC (Allocation Failure) [PSYoungGen: 333676K->175253K(465920K)] 1138929K->1013075K(1864192K), 0.0617087 secs] [Times: user=0.30 sys=0.00, real=0.06 secs] 
4306.652: [GC (Allocation Failure) [PSYoungGen: 408213K->182517K(465920K)] 1246035K->1074995K(1864192K), 0.0609785 secs] [Times: user=0.29 sys=0.00, real=0.06 secs] 
4306.833: [GC (Allocation Failure) [PSYoungGen: 415477K->188053K(465920K)] 1307955K->1136179K(1864192K), 0.0458912 secs] [Times: user=0.21 sys=0.00, real=0.05 secs] 
4307.952: [GC (Allocation Failure) [PSYoungGen: 421013K->150674K(465920K)] 1369139K->1169616K(1864192K), 0.0515089 secs] [Times: user=0.26 sys=0.00, real=0.05 secs] 
4308.588: [GC (Allocation Failure) [PSYoungGen: 383634K->123694K(465920K)] 1402576K->1190500K(1864192K), 0.1349506 secs] [Times: user=0.75 sys=0.00, real=0.13 secs] 
4308.877: [GC (Allocation Failure) [PSYoungGen: 356654K->177685K(465920K)] 1423460K->1284287K(1864192K), 0.0382170 secs] [Times: user=0.17 sys=0.00, real=0.04 secs] 
4309.051: [GC (Allocation Failure) [PSYoungGen: 410645K->185495K(465920K)] 1517247K->1354281K(1864192K), 0.0737585 secs] [Times: user=0.36 sys=0.00, real=0.07 secs] 
4309.286: [GC (Allocation Failure) [PSYoungGen: 418455K->187125K(465920K)] 1587241K->1414456K(1864192K), 0.0788086 secs] [Times: user=0.40 sys=0.00, real=0.08 secs] 
4310.676: [GC (Allocation Failure) [PSYoungGen: 420085K->95851K(465920K)] 1647416K->1393750K(1864192K), 0.0696275 secs] [Times: user=0.37 sys=0.00, real=0.07 secs] 
4311.541: [GC (Allocation Failure) [PSYoungGen: 328811K->175669K(465920K)] 1626710K->1504560K(1864192K), 0.0514501 secs] [Times: user=0.22 sys=0.00, real=0.05 secs] 
4311.592: [Full GC (Ergonomics) [PSYoungGen: 175669K->0K(465920K)] [ParOldGen: 1328890K->206706K(1398272K)] 1504560K->206706K(1864192K), [Metaspace: 60397K->60397K(1105920K)], 0.2357521 secs] [Times: user=1.10 sys=0.00, real=0.24 secs] 
4311.943: [GC (Allocation Failure) [PSYoungGen: 232960K->184950K(465920K)] 439666K->391656K(1864192K), 0.0276356 secs] [Times: user=0.10 sys=0.00, real=0.03 secs] 
4312.076: [GC (Allocation Failure) [PSYoungGen: 417910K->187989K(465920K)] 624616K->450895K(1864192K), 0.0444767 secs] [Times: user=0.21 sys=0.00, real=0.05 secs] 
4313.251: [GC (Allocation Failure) [PSYoungGen: 420949K->142225K(465920K)] 683855K->475892K(1864192K), 0.0494924 secs] [Times: user=0.25 sys=0.00, real=0.05 secs] 
4314.424: [GC (Allocation Failure) [PSYoungGen: 375185K->132880K(465920K)] 708852K->511522K(1864192K), 0.1428772 secs] [Times: user=0.79 sys=0.00, real=0.15 secs] 
4314.717: [GC (Allocation Failure) [PSYoungGen: 365840K->179381K(465920K)] 744482K->600720K(1864192K), 0.0382552 secs] [Times: user=0.17 sys=0.00, real=0.03 secs] 
4314.865: [GC (Allocation Failure) [PSYoungGen: 412341K->183222K(465920K)] 833680K->667042K(1864192K), 0.0486274 secs] [Times: user=0.23 sys=0.00, real=0.05 secs] 
4315.056: [GC (Allocation Failure) [PSYoungGen: 416182K->186997K(465920K)] 900002K->729272K(1864192K), 0.0818347 secs] [Times: user=0.42 sys=0.00, real=0.09 secs] 
4316.373: [GC (Allocation Failure) [PSYoungGen: 419957K->93643K(465920K)] 962232K->706374K(1864192K), 0.0605265 secs] [Times: user=0.33 sys=0.00, real=0.06 secs] 
4316.852: [GC (Allocation Failure) [PSYoungGen: 326603K->176437K(465920K)] 939334K->819117K(1864192K), 0.0489712 secs] [Times: user=0.21 sys=0.00, real=0.05 secs] 
4317.043: [GC (Allocation Failure) [PSYoungGen: 409397K->185526K(465920K)] 1052077K->883666K(1864192K), 0.0436358 secs] [Times: user=0.20 sys=0.00, real=0.04 secs] 
4317.192: [GC (Allocation Failure) [PSYoungGen: 418486K->187509K(465920K)] 1116626K->942041K(1864192K), 0.0463902 secs] [Times: user=0.21 sys=0.00, real=0.05 secs] 
4318.337: [GC (Allocation Failure) [PSYoungGen: 420469K->135344K(465920K)] 1175001K->960429K(1864192K), 0.0493456 secs] [Times: user=0.25 sys=0.00, real=0.05 secs] 
4319.273: [GC (Allocation Failure) [PSYoungGen: 368304K->137104K(465920K)] 1193389K->1005196K(1864192K), 0.1870121 secs] [Times: user=0.94 sys=0.01, real=0.19 secs] 
4319.721: [GC (Allocation Failure) [PSYoungGen: 370064K->179669K(465920K)] 1238156K->1092026K(1864192K), 0.0411323 secs] [Times: user=0.19 sys=0.00, real=0.04 secs] 
4319.873: [GC (Allocation Failure) [PSYoungGen: 412629K->185879K(465920K)] 1324986K->1160960K(1864192K), 0.0494621 secs] [Times: user=0.23 sys=0.00, real=0.05 secs] 
4320.486: [GC (Allocation Failure) [PSYoungGen: 418839K->183700K(465920K)] 1393920K->1217838K(1864192K), 0.1478309 secs] [Times: user=0.79 sys=0.01, real=0.15 secs] 
4321.949: [GC (Allocation Failure) [PSYoungGen: 416660K->95355K(465920K)] 1450798K->1198792K(1864192K), 0.0532951 secs] [Times: user=0.28 sys=0.00, real=0.05 secs] 
4322.400: [GC (Allocation Failure) [PSYoungGen: 328315K->179989K(465920K)] 1431752K->1314192K(1864192K), 0.0334151 secs] [Times: user=0.14 sys=0.00, real=0.03 secs] 
4322.540: [GC (Allocation Failure) [PSYoungGen: 412949K->185654K(465920K)] 1547152K->1376268K(1864192K), 0.0445443 secs] [Times: user=0.20 sys=0.00, real=0.04 secs] 
4322.687: [GC (Allocation Failure) [PSYoungGen: 418614K->184725K(465920K)] 1609228K->1431595K(1864192K), 0.0461690 secs] [Times: user=0.22 sys=0.00, real=0.04 secs] 
4323.861: [GC (Allocation Failure) [PSYoungGen: 417685K->130928K(465920K)] 1664555K->1447302K(1864192K), 0.0493977 secs] [Times: user=0.24 sys=0.00, real=0.05 secs] 
4323.911: [Full GC (Ergonomics) [PSYoungGen: 130928K->0K(465920K)] [ParOldGen: 1316374K->343797K(1398272K)] 1447302K->343797K(1864192K), [Metaspace: 60397K->60397K(1105920K)], 0.5739116 secs] [Times: user=2.50 sys=0.00, real=0.57 secs] 
4324.999: [GC (GCLocker Initiated GC) [PSYoungGen: 232960K->140592K(465920K)] 576757K->484390K(1864192K), 0.0258955 secs] [Times: user=0.10 sys=0.00, real=0.02 secs] 
4325.158: [GC (Allocation Failure) [PSYoungGen: 373552K->180053K(465920K)] 717517K->569282K(1864192K), 0.0391486 secs] [Times: user=0.17 sys=0.00, real=0.04 secs] 
4325.337: [GC (Allocation Failure) [PSYoungGen: 413013K->182934K(465920K)] 802242K->643143K(1864192K), 0.0577815 secs] [Times: user=0.28 sys=0.00, real=0.06 secs] 
4325.528: [GC (Allocation Failure) [PSYoungGen: 415894K->187349K(465920K)] 876103K->705806K(1864192K), 0.0816533 secs] [Times: user=0.42 sys=0.01, real=0.08 secs] 
4326.931: [GC (GCLocker Initiated GC) [PSYoungGen: 420309K->97755K(465920K)] 938766K->686748K(1864192K), 0.1028873 secs] [Times: user=0.56 sys=0.00, real=0.10 secs] 
4327.467: [GC (Allocation Failure) [PSYoungGen: 330715K->179573K(465920K)] 919715K->799946K(1864192K), 0.0485063 secs] [Times: user=0.21 sys=0.00, real=0.04 secs] 
4327.697: [GC (Allocation Failure) [PSYoungGen: 412533K->182869K(465920K)] 1032906K->859358K(1864192K), 0.0634127 secs] [Times: user=0.30 sys=0.00, real=0.06 secs] 
4327.941: [GC (Allocation Failure) [PSYoungGen: 415829K->187317K(465920K)] 1092318K->919398K(1864192K), 0.0620268 secs] [Times: user=0.30 sys=0.00, real=0.06 secs] 
4329.044: [GC (Allocation Failure) [PSYoungGen: 420277K->123375K(465920K)] 1152358K->925968K(1864192K), 0.0474529 secs] [Times: user=0.24 sys=0.00, real=0.05 secs] 
4330.274: [GC (Allocation Failure) [PSYoungGen: 356335K->148593K(465920K)] 1158928K->990282K(1864192K), 0.1511208 secs] [Times: user=0.83 sys=0.00, real=0.15 secs] 
4330.599: [GC (Allocation Failure) [PSYoungGen: 381553K->182101K(465920K)] 1223242K->1070583K(1864192K), 0.0404483 secs] [Times: user=0.18 sys=0.00, real=0.04 secs] 
4330.779: [GC (Allocation Failure) [PSYoungGen: 415061K->185911K(465920K)] 1303543K->1137849K(1864192K), 0.0646054 secs] [Times: user=0.32 sys=0.00, real=0.06 secs] 
4330.980: [GC (Allocation Failure) [PSYoungGen: 418871K->183956K(465920K)] 1370809K->1194998K(1864192K), 0.0574430 secs] [Times: user=0.28 sys=0.00, real=0.06 secs] 
4332.242: [GC (Allocation Failure) [PSYoungGen: 416916K->97659K(465920K)] 1427958K->1178117K(1864192K), 0.0717147 secs] [Times: user=0.38 sys=0.01, real=0.07 secs] 
4333.085: [GC (Allocation Failure) [PSYoungGen: 330619K->172660K(465920K)] 1411077K->1284499K(1864192K), 0.0530308 secs] [Times: user=0.23 sys=0.00, real=0.06 secs] 
4333.336: [GC (Allocation Failure) [PSYoungGen: 405620K->185782K(465920K)] 1517459K->1351765K(1864192K), 0.0600636 secs] [Times: user=0.28 sys=0.00, real=0.06 secs] 
4333.511: [GC (Allocation Failure) [PSYoungGen: 418742K->187637K(465920K)] 1584725K->1409956K(1864192K), 0.0464378 secs] [Times: user=0.22 sys=0.01, real=0.05 secs] 
4334.634: [GC (Allocation Failure) [PSYoungGen: 420597K->120958K(465920K)] 1642916K->1414069K(1864192K), 0.0480456 secs] [Times: user=0.24 sys=0.00, real=0.05 secs] 
4335.514: [GC (Allocation Failure) [PSYoungGen: 353918K->152994K(465920K)] 1647029K->1484970K(1864192K), 0.1056852 secs] [Times: user=0.56 sys=0.00, real=0.11 secs] 
4335.619: [Full GC (Ergonomics) [PSYoungGen: 152994K->0K(465920K)] [ParOldGen: 1331975K->171218K(1398272K)] 1484970K->171218K(1864192K), [Metaspace: 60397K->60397K(1105920K)], 0.1882098 secs] [Times: user=0.88 sys=0.00, real=0.19 secs] 
4336.293: [GC (Allocation Failure) [PSYoungGen: 232960K->183861K(465920K)] 404178K->355080K(1864192K), 0.0565680 secs] [Times: user=0.26 sys=0.00, real=0.06 secs] 
4336.995: [GC (GCLocker Initiated GC) [PSYoungGen: 416821K->182934K(465920K)] 588041K->418194K(1864192K), 0.0707089 secs] [Times: user=0.34 sys=0.00, real=0.07 secs] 
4337.294: [GC (Allocation Failure) [PSYoungGen: 415894K->187125K(465920K)] 651317K->480508K(1864192K), 0.0763042 secs] [Times: user=0.39 sys=0.00, real=0.08 secs] 
4339.419: [GC (Allocation Failure) [PSYoungGen: 420085K->92347K(465920K)] 713468K->456089K(1864192K), 0.1126335 secs] [Times: user=0.62 sys=0.01, real=0.11 secs] 
4340.313: [GC (Allocation Failure) [PSYoungGen: 325307K->179285K(465920K)] 689049K->572865K(1864192K), 0.0460442 secs] [Times: user=0.20 sys=0.00, real=0.05 secs] 
4340.538: [GC (Allocation Failure) [PSYoungGen: 412245K->185142K(465920K)] 805825K->634589K(1864192K), 0.0626911 secs] [Times: user=0.30 sys=0.00, real=0.06 secs] 
4340.755: [GC (Allocation Failure) [PSYoungGen: 418102K->187317K(465920K)] 867549K->692781K(1864192K), 0.0622245 secs] [Times: user=0.30 sys=0.00, real=0.07 secs] 
4341.878: [GC (Allocation Failure) [PSYoungGen: 420277K->112109K(465920K)] 925741K->688197K(1864192K), 0.0457891 secs] [Times: user=0.23 sys=0.00, real=0.04 secs] 
4342.542: [GC (Allocation Failure) [PSYoungGen: 344956K->154610K(465920K)] 921044K->766266K(1864192K), 0.1162289 secs] [Times: user=0.62 sys=0.00, real=0.12 secs] 
4342.861: [GC (Allocation Failure) [PSYoungGen: 387570K->193302K(465920K)] 999226K->853182K(1864192K), 0.0483840 secs] [Times: user=0.22 sys=0.00, real=0.05 secs] 
4343.020: [GC (Allocation Failure) [PSYoungGen: 426262K->183446K(465920K)] 1086142K->907823K(1864192K), 0.0496455 secs] [Times: user=0.23 sys=0.00, real=0.05 secs] 
4343.207: [GC (Allocation Failure) [PSYoungGen: 416406K->187349K(465920K)] 1140783K->970158K(1864192K), 0.0810525 secs] [Times: user=0.42 sys=0.00, real=0.09 secs] 
4344.867: [GC (Allocation Failure) [PSYoungGen: 420309K->93211K(465920K)] 1203118K->946571K(1864192K), 0.1010674 secs] [Times: user=0.55 sys=0.00, real=0.11 secs] 
4345.333: [GC (Allocation Failure) [PSYoungGen: 326171K->182742K(465920K)] 1179531K->1066143K(1864192K), 0.0382350 secs] [Times: user=0.16 sys=0.00, real=0.04 secs] 
4345.480: [GC (Allocation Failure) [PSYoungGen: 415702K->185494K(465920K)] 1299103K->1125651K(1864192K), 0.0459406 secs] [Times: user=0.21 sys=0.00, real=0.04 secs] 
4345.651: [GC (Allocation Failure) [PSYoungGen: 418454K->187221K(465920K)] 1358611K->1183698K(1864192K), 0.0575336 secs] [Times: user=0.28 sys=0.00, real=0.06 secs] 
4346.895: [GC (Allocation Failure) [PSYoungGen: 420181K->107741K(465920K)] 1416658K->1174954K(1864192K), 0.0473845 secs] [Times: user=0.24 sys=0.00, real=0.05 secs] 
4348.503: [GC (Allocation Failure) [PSYoungGen: 340701K->161107K(465920K)] 1407914K->1262717K(1864192K), 0.0934228 secs] [Times: user=0.47 sys=0.00, real=0.09 secs] 
4348.792: [GC (Allocation Failure) [PSYoungGen: 394067K->185686K(465920K)] 1495677K->1337652K(1864192K), 0.0466138 secs] [Times: user=0.21 sys=0.00, real=0.05 secs] 
4348.972: [GC (Allocation Failure) [PSYoungGen: 418646K->186359K(465920K)] 1570612K->1402861K(1864192K), 0.0567129 secs] [Times: user=0.27 sys=0.00, real=0.06 secs] 
4349.158: [GC (Allocation Failure) [PSYoungGen: 419319K->184276K(465920K)] 1635821K->1459899K(1864192K), 0.0689898 secs] [Times: user=0.35 sys=0.00, real=0.07 secs] 
4350.525: [GC (Allocation Failure) [PSYoungGen: 417236K->91498K(465920K)] 1692859K->1436633K(1864192K), 0.0740699 secs] [Times: user=0.40 sys=0.01, real=0.08 secs] 
4350.599: [Full GC (Ergonomics) [PSYoungGen: 91498K->0K(465920K)] [ParOldGen: 1345134K->105768K(1398272K)] 1436633K->105768K(1864192K), [Metaspace: 60397K->60397K(1105920K)], 0.1309789 secs] [Times: user=0.54 sys=0.00, real=0.13 secs] 
4351.060: [GC (Allocation Failure) [PSYoungGen: 232960K->183126K(465920K)] 338728K->288894K(1864192K), 0.0349548 secs] [Times: user=0.13 sys=0.00, real=0.03 secs] 
4351.255: [GC (Allocation Failure) [PSYoungGen: 416086K->185590K(465920K)] 521854K->348518K(1864192K), 0.0458836 secs] [Times: user=0.21 sys=0.00, real=0.05 secs] 
4351.430: [GC (Allocation Failure) [PSYoungGen: 418550K->187541K(465920K)] 581478K->406893K(1864192K), 0.0453098 secs] [Times: user=0.21 sys=0.00, real=0.04 secs] 
4352.544: [GC (Allocation Failure) [PSYoungGen: 420501K->101356K(465920K)] 639853K->391300K(1864192K), 0.0440366 secs] [Times: user=0.23 sys=0.00, real=0.05 secs] 
4353.362: [GC (Allocation Failure) [PSYoungGen: 334316K->169876K(465920K)] 624260K->493369K(1864192K), 0.0805916 secs] [Times: user=0.41 sys=0.00, real=0.08 secs] 
4353.582: [GC (Allocation Failure) [PSYoungGen: 402836K->182229K(465920K)] 726329K->558202K(1864192K), 0.0421394 secs] [Times: user=0.19 sys=0.00, real=0.04 secs] 
4353.827: [GC (GCLocker Initiated GC) [PSYoungGen: 415189K->183798K(465920K)] 791162K->623491K(1864192K), 0.0559378 secs] [Times: user=0.26 sys=0.00, real=0.06 secs] 
4354.884: [GC (Allocation Failure) [PSYoungGen: 416758K->181940K(465920K)] 856453K->680011K(1864192K), 0.1420630 secs] [Times: user=0.76 sys=0.00, real=0.14 secs] 
4356.424: [GC (Allocation Failure) [PSYoungGen: 414900K->93579K(465920K)] 912971K->660618K(1864192K), 0.0992217 secs] [Times: user=0.54 sys=0.00, real=0.10 secs] 
4356.956: [GC (Allocation Failure) [PSYoungGen: 326539K->185206K(465920K)] 893578K->782436K(1864192K), 0.0450866 secs] [Times: user=0.20 sys=0.00, real=0.05 secs] 
4357.119: [GC (Allocation Failure) [PSYoungGen: 418166K->185302K(465920K)] 1015396K->839236K(1864192K), 0.0438944 secs] [Times: user=0.20 sys=0.00, real=0.04 secs] 
4357.267: [GC (Allocation Failure) [PSYoungGen: 418262K->184629K(465920K)] 1072196K->894707K(1864192K), 0.0460183 secs] [Times: user=0.22 sys=0.00, real=0.04 secs] 
4358.463: [GC (Allocation Failure) [PSYoungGen: 417589K->105692K(465920K)] 1127667K->885199K(1864192K), 0.0463945 secs] [Times: user=0.24 sys=0.00, real=0.05 secs] 
4359.218: [GC (Allocation Failure) [PSYoungGen: 338652K->167892K(465920K)] 1118159K->981355K(1864192K), 0.0931470 secs] [Times: user=0.48 sys=0.00, real=0.09 secs] 
4359.468: [GC (Allocation Failure) [PSYoungGen: 400852K->185430K(465920K)] 1214315K->1051817K(1864192K), 0.0424726 secs] [Times: user=0.19 sys=0.00, real=0.04 secs] 
4359.620: [GC (Allocation Failure) [PSYoungGen: 418390K->183030K(465920K)] 1284777K->1113906K(1864192K), 0.0498470 secs] [Times: user=0.23 sys=0.00, real=0.05 secs] 
4359.777: [GC (Allocation Failure) [PSYoungGen: 415990K->187477K(465920K)] 1346866K->1176760K(1864192K), 0.0554720 secs] [Times: user=0.27 sys=0.00, real=0.06 secs] 
4361.374: [GC (Allocation Failure) [PSYoungGen: 420437K->95467K(465920K)] 1409720K->1155430K(1864192K), 0.0905843 secs] [Times: user=0.48 sys=0.01, real=0.09 secs] 
4361.744: [GC (Allocation Failure) [PSYoungGen: 328427K->180822K(465920K)] 1388390K->1271018K(1864192K), 0.0363189 secs] [Times: user=0.16 sys=0.00, real=0.04 secs] 
4361.945: [GC (Allocation Failure) [PSYoungGen: 413782K->185558K(465920K)] 1503978K->1332462K(1864192K), 0.0687077 secs] [Times: user=0.33 sys=0.00, real=0.07 secs] 
4362.198: [GC (Allocation Failure) [PSYoungGen: 418518K->186773K(465920K)] 1565422K->1390029K(1864192K), 0.0629739 secs] [Times: user=0.31 sys=0.00, real=0.06 secs] 
4363.823: [GC (Allocation Failure) [PSYoungGen: 419733K->98940K(465920K)] 1622989K->1372692K(1864192K), 0.0491704 secs] [Times: user=0.26 sys=0.00, real=0.05 secs] 
4364.846: [GC (Allocation Failure) [PSYoungGen: 331900K->169652K(465920K)] 1605652K->1475178K(1864192K), 0.0721771 secs] [Times: user=0.35 sys=0.00, real=0.08 secs] 
4365.058: [GC (Allocation Failure) [PSYoungGen: 402612K->185750K(465920K)] 1708138K->1544187K(1864192K), 0.0431661 secs] [Times: user=0.19 sys=0.00, real=0.04 secs] 
4365.101: [Full GC (Ergonomics) [PSYoungGen: 185750K->0K(465920K)] [ParOldGen: 1358437K->259975K(1398272K)] 1544187K->259975K(1864192K), [Metaspace: 60397K->60397K(1105920K)], 0.3183245 secs] [Times: user=1.46 sys=0.00, real=0.32 secs] 
4365.529: [GC (Allocation Failure) [PSYoungGen: 232960K->183542K(465920K)] 492935K->443518K(1864192K), 0.0782455 secs] [Times: user=0.40 sys=0.00, real=0.08 secs] 
4365.896: [GC (Allocation Failure) [PSYoungGen: 416502K->217556K(465920K)] 676478K->535731K(1864192K), 0.0548175 secs] [Times: user=0.26 sys=0.01, real=0.06 secs] 
4366.925: [GC (Allocation Failure) [PSYoungGen: 450516K->95435K(465920K)] 768691K->482050K(1864192K), 0.0400777 secs] [Times: user=0.20 sys=0.00, real=0.04 secs] 
4367.178: [GC (Allocation Failure) [PSYoungGen: 328395K->183862K(465920K)] 715010K->601114K(1864192K), 0.0345703 secs] [Times: user=0.14 sys=0.00, real=0.03 secs] 
4367.318: [GC (Allocation Failure) [PSYoungGen: 416822K->182773K(465920K)] 834074K->657381K(1864192K), 0.0431285 secs] [Times: user=0.19 sys=0.00, real=0.04 secs] 
4367.468: [GC (Allocation Failure) [PSYoungGen: 415733K->187029K(465920K)] 890341K->717181K(1864192K), 0.0446791 secs] [Times: user=0.20 sys=0.00, real=0.04 secs] 
4368.677: [GC (Allocation Failure) [PSYoungGen: 419989K->99772K(465920K)] 950141K->700339K(1864192K), 0.0516823 secs] [Times: user=0.28 sys=0.00, real=0.06 secs] 
4369.877: [GC (Allocation Failure) [PSYoungGen: 332732K->169108K(465920K)] 933299K->802548K(1864192K), 0.0746266 secs] [Times: user=0.36 sys=0.00, real=0.08 secs] 
4370.106: [GC (Allocation Failure) [PSYoungGen: 402068K->185142K(465920K)] 1035508K->871606K(1864192K), 0.0419408 secs] [Times: user=0.19 sys=0.00, real=0.05 secs] 
4370.327: [GC (Allocation Failure) [PSYoungGen: 418102K->185751K(465920K)] 1104566K->936479K(1864192K), 0.0790342 secs] [Times: user=0.39 sys=0.00, real=0.08 secs] 
4371.243: [GC (Allocation Failure) [PSYoungGen: 418711K->217812K(465920K)] 1169439K->1027636K(1864192K), 0.0539720 secs] [Times: user=0.27 sys=0.00, real=0.05 secs] 
4372.703: [GC (Allocation Failure) [PSYoungGen: 450772K->98763K(465920K)] 1260596K->975467K(1864192K), 0.1004597 secs] [Times: user=0.54 sys=0.01, real=0.10 secs] 
4373.363: [GC (Allocation Failure) [PSYoungGen: 331723K->180182K(465920K)] 1208427K->1088711K(1864192K), 0.0449924 secs] [Times: user=0.20 sys=0.00, real=0.05 secs] 
4373.561: [GC (Allocation Failure) [PSYoungGen: 413127K->185654K(465920K)] 1321656K->1149983K(1864192K), 0.0486581 secs] [Times: user=0.23 sys=0.00, real=0.05 secs] 
4373.738: [GC (Allocation Failure) [PSYoungGen: 418614K->187669K(465920K)] 1382943K->1208262K(1864192K), 0.0472523 secs] [Times: user=0.22 sys=0.00, real=0.04 secs] 
4374.979: [GC (Allocation Failure) [PSYoungGen: 420629K->95563K(465920K)] 1441222K->1186972K(1864192K), 0.0516094 secs] [Times: user=0.27 sys=0.00, real=0.05 secs] 
4375.665: [GC (Allocation Failure) [PSYoungGen: 328523K->173397K(465920K)] 1419932K->1295410K(1864192K), 0.0796192 secs] [Times: user=0.40 sys=0.00, real=0.08 secs] 
4375.910: [GC (Allocation Failure) [PSYoungGen: 406357K->185558K(465920K)] 1528370K->1362024K(1864192K), 0.0441035 secs] [Times: user=0.19 sys=0.00, real=0.04 secs] 
4376.061: [GC (Allocation Failure) [PSYoungGen: 418518K->183702K(465920K)] 1594984K->1424545K(1864192K), 0.0505209 secs] [Times: user=0.24 sys=0.00, real=0.05 secs] 
4376.571: [GC (Allocation Failure) [PSYoungGen: 416662K->215635K(465920K)] 1657505K->1514645K(1864192K), 0.0534133 secs] [Times: user=0.27 sys=0.00, real=0.05 secs] 
4378.055: [GC (Allocation Failure) [PSYoungGen: 448595K->104748K(465920K)] 1747605K->1470182K(1864192K), 0.0784398 secs] [Times: user=0.42 sys=0.00, real=0.08 secs] 
4378.133: [Full GC (Ergonomics) [PSYoungGen: 104748K->0K(465920K)] [ParOldGen: 1365434K->122272K(1398272K)] 1470182K->122272K(1864192K), [Metaspace: 60397K->60397K(1105920K)], 0.1627004 secs] [Times: user=0.70 sys=0.00, real=0.16 secs] 
4378.496: [GC (Allocation Failure) [PSYoungGen: 228709K->177781K(465920K)] 350981K->300053K(1864192K), 0.0246039 secs] [Times: user=0.08 sys=0.00, real=0.03 secs] 
4378.647: [GC (Allocation Failure) [PSYoungGen: 410741K->184822K(465920K)] 533013K->362342K(1864192K), 0.0464960 secs] [Times: user=0.21 sys=0.00, real=0.05 secs] 
4379.100: [GC (GCLocker Initiated GC) [PSYoungGen: 417782K->186805K(465920K)] 595302K->420510K(1864192K), 0.0585192 secs] [Times: user=0.28 sys=0.00, real=0.06 secs] 
4380.341: [GC (Allocation Failure) [PSYoungGen: 419765K->96795K(465920K)] 653472K->400922K(1864192K), 0.0487257 secs] [Times: user=0.25 sys=0.01, real=0.05 secs] 
4381.196: [GC (Allocation Failure) [PSYoungGen: 329755K->172852K(465920K)] 633882K->508524K(1864192K), 0.0711289 secs] [Times: user=0.35 sys=0.00, real=0.08 secs] 
4381.424: [GC (Allocation Failure) [PSYoungGen: 405812K->185270K(465920K)] 741484K->575026K(1864192K), 0.0426985 secs] [Times: user=0.20 sys=0.00, real=0.04 secs] 
4381.607: [GC (Allocation Failure) [PSYoungGen: 418230K->186135K(465920K)] 807986K->640211K(1864192K), 0.0715204 secs] [Times: user=0.35 sys=0.00, real=0.08 secs] 
4382.556: [GC (Allocation Failure) [PSYoungGen: 414288K->207251K(465920K)] 868364K->720543K(1864192K), 0.0558176 secs] [Times: user=0.28 sys=0.00, real=0.06 secs] 
4383.377: [GC (Allocation Failure) [PSYoungGen: 440211K->98475K(465920K)] 953503K->676839K(1864192K), 0.1201262 secs] [Times: user=0.66 sys=0.00, real=0.13 secs] 
4384.015: [GC (Allocation Failure) [PSYoungGen: 331435K->180309K(465920K)] 909799K->789898K(1864192K), 0.0484323 secs] [Times: user=0.21 sys=0.00, real=0.05 secs] 
4384.187: [GC (Allocation Failure) [PSYoungGen: 413269K->185494K(465920K)] 1022858K->851447K(1864192K), 0.0436637 secs] [Times: user=0.20 sys=0.00, real=0.05 secs] 
4384.356: [GC (Allocation Failure) [PSYoungGen: 418454K->187637K(465920K)] 1084407K->909726K(1864192K), 0.0541868 secs] [Times: user=0.26 sys=0.01, real=0.06 secs] 
4385.575: [GC (Allocation Failure) [PSYoungGen: 420597K->100268K(465920K)] 1142686K->893121K(1864192K), 0.0486012 secs] [Times: user=0.26 sys=0.00, real=0.05 secs] 
4386.201: [GC (GCLocker Initiated GC) [PSYoungGen: 333228K->171476K(465920K)] 1126081K->997446K(1864192K), 0.0787225 secs] [Times: user=0.38 sys=0.00, real=0.08 secs] 
4386.490: [GC (Allocation Failure) [PSYoungGen: 404436K->184886K(465920K)] 1230572K->1064826K(1864192K), 0.0431966 secs] [Times: user=0.20 sys=0.00, real=0.04 secs] 
4386.671: [GC (Allocation Failure) [PSYoungGen: 417846K->183158K(465920K)] 1297786K->1127551K(1864192K), 0.0731916 secs] [Times: user=0.37 sys=0.00, real=0.07 secs] 
4388.714: [GC (Allocation Failure) [PSYoungGen: 413821K->210707K(465920K)] 1358214K->1213107K(1864192K), 0.0563428 secs] [Times: user=0.28 sys=0.00, real=0.06 secs] 
4389.685: [GC (Allocation Failure) [PSYoungGen: 443667K->97675K(465920K)] 1446067K->1166331K(1864192K), 0.1082226 secs] [Times: user=0.59 sys=0.00, real=0.11 secs] 
4390.222: [GC (Allocation Failure) [PSYoungGen: 330635K->178517K(465920K)] 1399291K->1278782K(1864192K), 0.0451509 secs] [Times: user=0.19 sys=0.00, real=0.05 secs] 
4390.383: [GC (Allocation Failure) [PSYoungGen: 411477K->185238K(465920K)] 1511742K->1340815K(1864192K), 0.0450357 secs] [Times: user=0.20 sys=0.00, real=0.05 secs] 
4390.534: [GC (Allocation Failure) [PSYoungGen: 418198K->187253K(465920K)] 1573775K->1398934K(1864192K), 0.0470439 secs] [Times: user=0.22 sys=0.00, real=0.05 secs] 
4391.761: [GC (Allocation Failure) [PSYoungGen: 420213K->100524K(465920K)] 1631894K->1382905K(1864192K), 0.0530054 secs] [Times: user=0.28 sys=0.00, real=0.05 secs] 
4392.818: [GC (Allocation Failure) [PSYoungGen: 333484K->169716K(465920K)] 1615865K->1484146K(1864192K), 0.0689254 secs] [Times: user=0.34 sys=0.00, real=0.06 secs] 
4392.887: [Full GC (Ergonomics) [PSYoungGen: 169716K->0K(465920K)] [ParOldGen: 1314430K->192643K(1398272K)] 1484146K->192643K(1864192K), [Metaspace: 60397K->60397K(1105920K)], 0.2246850 secs] [Times: user=1.07 sys=0.00, real=0.23 secs] 
4393.240: [GC (Allocation Failure) [PSYoungGen: 232960K->185302K(465920K)] 425603K->377946K(1864192K), 0.0333838 secs] [Times: user=0.14 sys=0.00, real=0.03 secs] 
4393.387: [GC (Allocation Failure) [PSYoungGen: 418262K->183286K(465920K)] 610906K->440234K(1864192K), 0.0432587 secs] [Times: user=0.20 sys=0.00, real=0.04 secs] 
4394.294: [GC (Allocation Failure) [PSYoungGen: 414731K->214996K(465920K)] 671679K->530000K(1864192K), 0.0544862 secs] [Times: user=0.27 sys=0.00, real=0.06 secs] 
4395.543: [GC (Allocation Failure) [PSYoungGen: 447956K->98843K(465920K)] 762960K->481455K(1864192K), 0.1088720 secs] [Times: user=0.59 sys=0.00, real=0.11 secs] 
4396.167: [GC (GCLocker Initiated GC) [PSYoungGen: 331803K->178293K(465920K)] 714419K->592142K(1864192K), 0.0435096 secs] [Times: user=0.19 sys=0.01, real=0.05 secs] 
4396.325: [GC (Allocation Failure) [PSYoungGen: 411253K->185046K(465920K)] 825230K->654802K(1864192K), 0.0433092 secs] [Times: user=0.19 sys=0.00, real=0.05 secs] 
4396.475: [GC (Allocation Failure) [PSYoungGen: 418006K->187733K(465920K)] 887762K->713521K(1864192K), 0.0455142 secs] [Times: user=0.21 sys=0.00, real=0.05 secs] 
4397.586: [GC (Allocation Failure) [PSYoungGen: 420693K->105340K(465920K)] 946481K->701897K(1864192K), 0.0452573 secs] [Times: user=0.23 sys=0.00, real=0.05 secs] 
4398.509: [GC (Allocation Failure) [PSYoungGen: 338300K->166420K(465920K)] 934857K->796613K(1864192K), 0.0802156 secs] [Times: user=0.40 sys=0.00, real=0.08 secs] 
4398.756: [GC (Allocation Failure) [PSYoungGen: 399380K->185494K(465920K)] 1029573K->868675K(1864192K), 0.0425387 secs] [Times: user=0.19 sys=0.00, real=0.05 secs] 
4398.946: [GC (Allocation Failure) [PSYoungGen: 418454K->186007K(465920K)] 1101635K->933484K(1864192K), 0.0719940 secs] [Times: user=0.35 sys=0.00, real=0.08 secs] 
4399.892: [GC (Allocation Failure) [PSYoungGen: 416588K->210163K(465920K)] 1164066K->1016672K(1864192K), 0.0566940 secs] [Times: user=0.28 sys=0.00, real=0.06 secs] 
4400.748: [GC (Allocation Failure) [PSYoungGen: 443123K->100635K(465920K)] 1249632K->973089K(1864192K), 0.1168485 secs] [Times: user=0.64 sys=0.00, real=0.11 secs] 
4401.231: [GC (Allocation Failure) [PSYoungGen: 333595K->182358K(465920K)] 1206049K->1087268K(1864192K), 0.0469764 secs] [Times: user=0.19 sys=0.00, real=0.05 secs] 
4401.442: [GC (Allocation Failure) [PSYoungGen: 415318K->182197K(465920K)] 1320228K->1144047K(1864192K), 0.0659893 secs] [Times: user=0.32 sys=0.00, real=0.07 secs] 
4401.683: [GC (Allocation Failure) [PSYoungGen: 415157K->187541K(465920K)] 1377007K->1204791K(1864192K), 0.0649687 secs] [Times: user=0.32 sys=0.00, real=0.07 secs] 
4402.988: [GC (Allocation Failure) [PSYoungGen: 420501K->102236K(465920K)] 1437751K->1190118K(1864192K), 0.0627337 secs] [Times: user=0.33 sys=0.00, real=0.06 secs] 
4404.023: [GC (Allocation Failure) [PSYoungGen: 335196K->172372K(465920K)] 1423078K->1293696K(1864192K), 0.0804856 secs] [Times: user=0.40 sys=0.00, real=0.08 secs] 
4404.295: [GC (Allocation Failure) [PSYoungGen: 405332K->180757K(465920K)] 1526656K->1355812K(1864192K), 0.0511454 secs] [Times: user=0.24 sys=0.00, real=0.05 secs] 
4404.454: [GC (Allocation Failure) [PSYoungGen: 413717K->184471K(465920K)] 1588772K->1422678K(1864192K), 0.0497968 secs] [Times: user=0.23 sys=0.00, real=0.05 secs] 
4405.468: [GC (Allocation Failure) [PSYoungGen: 417431K->195652K(465920K)] 1655638K->1492267K(1864192K), 0.0517128 secs] [Times: user=0.25 sys=0.00, real=0.05 secs] 
4406.298: [GC (Allocation Failure) [PSYoungGen: 428612K->101132K(465920K)] 1725227K->1463819K(1864192K), 0.0944812 secs] [Times: user=0.51 sys=0.00, real=0.09 secs] 
4406.392: [Full GC (Ergonomics) [PSYoungGen: 101132K->0K(465920K)] [ParOldGen: 1362687K->118800K(1398272K)] 1463819K->118800K(1864192K), [Metaspace: 60398K->60398K(1105920K)], 0.1707733 secs] [Times: user=0.73 sys=0.00, real=0.17 secs] 
4407.173: [GC (Allocation Failure) [PSYoungGen: 232960K->181366K(465920K)] 351760K->300166K(1864192K), 0.0327961 secs] [Times: user=0.12 sys=0.00, real=0.03 secs] 
4407.365: [GC (Allocation Failure) [PSYoungGen: 414326K->185366K(465920K)] 533126K->360566K(1864192K), 0.0588436 secs] [Times: user=0.27 sys=0.00, real=0.06 secs] 
4407.554: [GC (Allocation Failure) [PSYoungGen: 418241K->186357K(465920K)] 593442K->417749K(1864192K), 0.0444190 secs] [Times: user=0.20 sys=0.00, real=0.05 secs] 
4408.903: [GC (Allocation Failure) [PSYoungGen: 419317K->98235K(465920K)] 650709K->399740K(1864192K), 0.0792045 secs] [Times: user=0.42 sys=0.00, real=0.08 secs] 
4409.812: [GC (Allocation Failure) [PSYoungGen: 331195K->171188K(465920K)] 632700K->505061K(1864192K), 0.0702312 secs] [Times: user=0.34 sys=0.00, real=0.07 secs] 
4410.031: [GC (Allocation Failure) [PSYoungGen: 404148K->184822K(465920K)] 738021K->572526K(1864192K), 0.0419664 secs] [Times: user=0.19 sys=0.00, real=0.04 secs] 
4410.209: [GC (Allocation Failure) [PSYoungGen: 417782K->185591K(465920K)] 805486K->637544K(1864192K), 0.0664565 secs] [Times: user=0.32 sys=0.00, real=0.06 secs] 
4411.331: [GC (Allocation Failure) [PSYoungGen: 418551K->192905K(465920K)] 870504K->703762K(1864192K), 0.0508946 secs] [Times: user=0.25 sys=0.00, real=0.05 secs] 
4412.366: [GC (Allocation Failure) [PSYoungGen: 425865K->106364K(465920K)] 936722K->682621K(1864192K), 0.0924028 secs] [Times: user=0.49 sys=0.00, real=0.10 secs] 
4412.847: [GC (Allocation Failure) [PSYoungGen: 333700K->175957K(465920K)] 909957K->786235K(1864192K), 0.0451802 secs] [Times: user=0.20 sys=0.00, real=0.05 secs] 
4413.043: [GC (Allocation Failure) [PSYoungGen: 408917K->182773K(465920K)] 1019195K->847763K(1864192K), 0.0606407 secs] [Times: user=0.29 sys=0.00, real=0.06 secs] 
4413.236: [GC (Allocation Failure) [PSYoungGen: 415733K->187605K(465920K)] 1080723K->908267K(1864192K), 0.0459902 secs] [Times: user=0.22 sys=0.00, real=0.05 secs] 
4414.331: [GC (Allocation Failure) [PSYoungGen: 420565K->99980K(465920K)] 1141227K->891393K(1864192K), 0.0477692 secs] [Times: user=0.25 sys=0.00, real=0.05 secs] 
4415.365: [GC (Allocation Failure) [PSYoungGen: 332940K->168820K(465920K)] 1124353K->992103K(1864192K), 0.0642716 secs] [Times: user=0.31 sys=0.00, real=0.07 secs] 
4415.573: [GC (Allocation Failure) [PSYoungGen: 401780K->183029K(465920K)] 1225063K->1059248K(1864192K), 0.0441546 secs] [Times: user=0.20 sys=0.00, real=0.04 secs] 
4415.729: [GC (Allocation Failure) [PSYoungGen: 415989K->185623K(465920K)] 1292208K->1125601K(1864192K), 0.0516292 secs] [Times: user=0.25 sys=0.00, real=0.05 secs] 
4416.666: [GC (Allocation Failure) [PSYoungGen: 417947K->212307K(465920K)] 1357926K->1211270K(1864192K), 0.0579735 secs] [Times: user=0.28 sys=0.01, real=0.06 secs] 
4417.546: [GC (Allocation Failure) [PSYoungGen: 445267K->99291K(465920K)] 1444230K->1165062K(1864192K), 0.0806656 secs] [Times: user=0.44 sys=0.01, real=0.08 secs] 
4418.097: [GC (Allocation Failure) [PSYoungGen: 332251K->182646K(465920K)] 1398022K->1280681K(1864192K), 0.0445481 secs] [Times: user=0.20 sys=0.00, real=0.05 secs] 
4418.709: [GC (Allocation Failure) [PSYoungGen: 415606K->180949K(465920K)] 1513641K->1335616K(1864192K), 0.1238195 secs] [Times: user=0.64 sys=0.00, real=0.12 secs] 
4419.974: [GC (Allocation Failure) [PSYoungGen: 413909K->183412K(465920K)] 1568576K->1392815K(1864192K), 0.1099555 secs] [Times: user=0.56 sys=0.00, real=0.11 secs] 
4421.685: [GC (Allocation Failure) [PSYoungGen: 416372K->101820K(465920K)] 1625775K->1380335K(1864192K), 0.1282868 secs] [Times: user=0.57 sys=0.01, real=0.13 secs] 
4423.261: [GC (Allocation Failure) [PSYoungGen: 334780K->170964K(465920K)] 1613295K->1482512K(1864192K), 0.0785149 secs] [Times: user=0.39 sys=0.00, real=0.08 secs] 
4423.480: [GC (Allocation Failure) [PSYoungGen: 403924K->182229K(465920K)] 1715472K->1547337K(1864192K), 0.0443304 secs] [Times: user=0.20 sys=0.00, real=0.04 secs] 
4423.524: [Full GC (Ergonomics) [PSYoungGen: 182229K->0K(465920K)] [ParOldGen: 1365108K->257110K(1398272K)] 1547337K->257110K(1864192K), [Metaspace: 60398K->60398K(1105920K)], 0.3111039 secs] [Times: user=1.42 sys=0.00, real=0.31 secs] 
4423.947: [GC (Allocation Failure) [PSYoungGen: 232960K->185559K(465920K)] 490070K->442670K(1864192K), 0.0923697 secs] [Times: user=0.49 sys=0.00, real=0.10 secs] 
4424.327: [GC (Allocation Failure) [PSYoungGen: 418519K->217428K(465920K)] 675630K->533667K(1864192K), 0.0545879 secs] [Times: user=0.27 sys=0.00, real=0.05 secs] 
4425.658: [GC (Allocation Failure) [PSYoungGen: 450388K->94571K(465920K)] 766627K->479010K(1864192K), 0.0873023 secs] [Times: user=0.47 sys=0.01, real=0.08 secs] 
4426.079: [GC (Allocation Failure) [PSYoungGen: 327531K->182262K(465920K)] 711970K->597273K(1864192K), 0.0421833 secs] [Times: user=0.19 sys=0.00, real=0.04 secs] 
4426.254: [GC (Allocation Failure) [PSYoungGen: 415222K->183413K(465920K)] 830233K->655153K(1864192K), 0.0485673 secs] [Times: user=0.23 sys=0.00, real=0.05 secs] 
4426.428: [GC (Allocation Failure) [PSYoungGen: 416373K->187381K(465920K)] 888113K->714736K(1864192K), 0.0455434 secs] [Times: user=0.21 sys=0.00, real=0.04 secs] 
4427.647: [GC (Allocation Failure) [PSYoungGen: 420341K->100172K(465920K)] 947696K->698031K(1864192K), 0.0593613 secs] [Times: user=0.31 sys=0.00, real=0.06 secs] 
4428.662: [GC (Allocation Failure) [PSYoungGen: 333132K->170420K(465920K)] 930991K->800788K(1864192K), 0.0642693 secs] [Times: user=0.31 sys=0.01, real=0.06 secs] 
4428.865: [GC (Allocation Failure) [PSYoungGen: 403380K->185174K(465920K)] 1033748K->868646K(1864192K), 0.0432775 secs] [Times: user=0.20 sys=0.00, real=0.05 secs] 
4429.018: [GC (Allocation Failure) [PSYoungGen: 418134K->186039K(465920K)] 1101606K->933991K(1864192K), 0.0507166 secs] [Times: user=0.24 sys=0.00, real=0.05 secs] 
4430.072: [GC (Allocation Failure) [PSYoungGen: 417635K->212595K(465920K)] 1165588K->1019460K(1864192K), 0.0564717 secs] [Times: user=0.28 sys=0.00, real=0.06 secs] 
4431.121: [GC (Allocation Failure) [PSYoungGen: 445555K->98619K(465920K)] 1252420K->972468K(1864192K), 0.1139321 secs] [Times: user=0.62 sys=0.01, real=0.11 secs] 
4431.849: [GC (Allocation Failure) [PSYoungGen: 331579K->180501K(465920K)] 1205428K->1085731K(1864192K), 0.0473631 secs] [Times: user=0.20 sys=0.00, real=0.04 secs] 
4432.018: [GC (Allocation Failure) [PSYoungGen: 413461K->185366K(465920K)] 1318691K->1146631K(1864192K), 0.0438631 secs] [Times: user=0.20 sys=0.00, real=0.04 secs] 
4432.189: [GC (Allocation Failure) [PSYoungGen: 418326K->187893K(465920K)] 1379591K->1205382K(1864192K), 0.0507381 secs] [Times: user=0.24 sys=0.00, real=0.05 secs] 
4433.387: [GC (Allocation Failure) [PSYoungGen: 420853K->95883K(465920K)] 1438342K->1184101K(1864192K), 0.0446449 secs] [Times: user=0.24 sys=0.00, real=0.04 secs] 
4434.085: [GC (Allocation Failure) [PSYoungGen: 328843K->173781K(465920K)] 1417061K->1293338K(1864192K), 0.0765554 secs] [Times: user=0.37 sys=0.01, real=0.08 secs] 
4434.319: [GC (GCLocker Initiated GC) [PSYoungGen: 406741K->182709K(465920K)] 1526299K->1356556K(1864192K), 0.0449752 secs] [Times: user=0.20 sys=0.00, real=0.04 secs] 
4434.475: [GC (Allocation Failure) [PSYoungGen: 415669K->186039K(465920K)] 1589682K->1424100K(1864192K), 0.0520262 secs] [Times: user=0.25 sys=0.00, real=0.06 secs] 
4435.637: [GC (Allocation Failure) [PSYoungGen: 417237K->211379K(465920K)] 1655298K->1508488K(1864192K), 0.0565044 secs] [Times: user=0.28 sys=0.00, real=0.06 secs] 
4436.873: [GC (Allocation Failure) [PSYoungGen: 444339K->102668K(465920K)] 1741448K->1466041K(1864192K), 0.1085687 secs] [Times: user=0.59 sys=0.00, real=0.11 secs] 
4436.981: [Full GC (Ergonomics) [PSYoungGen: 102668K->0K(465920K)] [ParOldGen: 1363372K->120150K(1398272K)] 1466041K->120150K(1864192K), [Metaspace: 60398K->60398K(1105920K)], 0.1793039 secs] [Times: user=0.79 sys=0.00, real=0.18 secs] 
4437.411: [GC (Allocation Failure) [PSYoungGen: 232561K->179701K(465920K)] 352711K->299851K(1864192K), 0.0251594 secs] [Times: user=0.09 sys=0.01, real=0.02 secs] 
4437.544: [GC (GCLocker Initiated GC) [PSYoungGen: 412661K->182261K(465920K)] 532813K->358661K(1864192K), 0.0410782 secs] [Times: user=0.18 sys=0.00, real=0.04 secs] 
4438.309: [GC (Allocation Failure) [PSYoungGen: 415221K->182836K(465920K)] 591622K->414557K(1864192K), 0.0978540 secs] [Times: user=0.50 sys=0.00, real=0.09 secs] 
4439.710: [GC (Allocation Failure) [PSYoungGen: 415796K->101004K(465920K)] 647517K->401748K(1864192K), 0.0476754 secs] [Times: user=0.25 sys=0.00, real=0.05 secs] 
4440.383: [GC (Allocation Failure) [PSYoungGen: 333964K->170900K(465920K)] 634708K->504033K(1864192K), 0.0766184 secs] [Times: user=0.37 sys=0.01, real=0.08 secs] 
4440.662: [GC (Allocation Failure) [PSYoungGen: 403860K->182197K(465920K)] 736993K->568903K(1864192K), 0.0551793 secs] [Times: user=0.25 sys=0.00, real=0.06 secs] 
4440.831: [GC (Allocation Failure) [PSYoungGen: 415157K->186007K(465920K)] 801863K->644472K(1864192K), 0.0493973 secs] [Times: user=0.23 sys=0.00, real=0.05 secs] 
4441.228: [GC (Allocation Failure) [PSYoungGen: 417279K->213556K(465920K)] 875744K->731205K(1864192K), 0.0532416 secs] [Times: user=0.26 sys=0.00, real=0.05 secs] 
4442.358: [GC (Allocation Failure) [PSYoungGen: 446516K->98715K(465920K)] 964165K->684409K(1864192K), 0.0581836 secs] [Times: user=0.30 sys=0.00, real=0.05 secs] 
4442.923: [GC (Allocation Failure) [PSYoungGen: 331675K->182710K(465920K)] 917369K->799784K(1864192K), 0.0494867 secs] [Times: user=0.22 sys=0.00, real=0.05 secs] 
4443.099: [GC (Allocation Failure) [PSYoungGen: 415670K->182645K(465920K)] 1032744K->856848K(1864192K), 0.0432842 secs] [Times: user=0.20 sys=0.00, real=0.04 secs] 
4443.300: [GC (Allocation Failure) [PSYoungGen: 415605K->187477K(465920K)] 1089808K->917343K(1864192K), 0.0650159 secs] [Times: user=0.32 sys=0.00, real=0.06 secs] 
4444.566: [GC (Allocation Failure) [PSYoungGen: 420437K->102748K(465920K)] 1150303K->903250K(1864192K), 0.0698862 secs] [Times: user=0.37 sys=0.00, real=0.07 secs] 
4445.381: [GC (Allocation Failure) [PSYoungGen: 335708K->171924K(465920K)] 1136210K->1005620K(1864192K), 0.0636347 secs] [Times: user=0.31 sys=0.00, real=0.06 secs] 
4445.585: [GC (Allocation Failure) [PSYoungGen: 404884K->185238K(465920K)] 1238580K->1072729K(1864192K), 0.0433086 secs] [Times: user=0.19 sys=0.00, real=0.05 secs] 
4445.739: [GC (GCLocker Initiated GC) [PSYoungGen: 418198K->183734K(465920K)] 1305689K->1135506K(1864192K), 0.0501222 secs] [Times: user=0.24 sys=0.00, real=0.05 secs] 
4446.825: [GC (Allocation Failure) [PSYoungGen: 416694K->171187K(465920K)] 1373703K->1186763K(1864192K), 0.0789621 secs] [Times: user=0.42 sys=0.00, real=0.08 secs] 
4447.651: [GC (Allocation Failure) [PSYoungGen: 404147K->110573K(465920K)] 1419723K->1191373K(1864192K), 0.1000647 secs] [Times: user=0.55 sys=0.00, real=0.10 secs] 
4448.117: [GC (Allocation Failure) [PSYoungGen: 343533K->177365K(465920K)] 1424333K->1293458K(1864192K), 0.0456709 secs] [Times: user=0.21 sys=0.00, real=0.04 secs] 
4448.275: [GC (Allocation Failure) [PSYoungGen: 410325K->184727K(465920K)] 1526418K->1362432K(1864192K), 0.0511870 secs] [Times: user=0.23 sys=0.00, real=0.05 secs] 
4448.462: [GC (Allocation Failure) [PSYoungGen: 417687K->184500K(465920K)] 1595392K->1420898K(1864192K), 0.0770967 secs] [Times: user=0.39 sys=0.00, real=0.08 secs] 
4449.917: [GC (Allocation Failure) [PSYoungGen: 417460K->97163K(465920K)] 1653858K->1403249K(1864192K), 0.0780315 secs] [Times: user=0.43 sys=0.00, real=0.07 secs] 
4450.733: [GC (Allocation Failure) [PSYoungGen: 330123K->172532K(465920K)] 1636209K->1509535K(1864192K), 0.0703445 secs] [Times: user=0.34 sys=0.00, real=0.07 secs] 
4450.803: [Full GC (Ergonomics) [PSYoungGen: 172532K->0K(465920K)] [ParOldGen: 1337002K->198574K(1398272K)] 1509535K->198574K(1864192K), [Metaspace: 60398K->60398K(1105920K)], 0.2284482 secs] [Times: user=1.09 sys=0.00, real=0.23 secs] 
4451.157: [GC (Allocation Failure) [PSYoungGen: 232960K->185526K(465920K)] 431534K->384100K(1864192K), 0.0345157 secs] [Times: user=0.14 sys=0.00, real=0.04 secs] 
4451.317: [GC (Allocation Failure) [PSYoungGen: 413865K->179734K(465920K)] 612439K->442844K(1864192K), 0.0432540 secs] [Times: user=0.19 sys=0.00, real=0.04 secs] 
4452.300: [GC (Allocation Failure) [PSYoungGen: 412694K->170035K(465920K)] 675804K->490345K(1864192K), 0.0538392 secs] [Times: user=0.27 sys=0.00, real=0.05 secs] 
4453.124: [GC (Allocation Failure) [PSYoungGen: 402995K->110605K(465920K)] 723305K->495931K(1864192K), 0.1068209 secs] [Times: user=0.57 sys=0.01, real=0.11 secs] 
4453.759: [GC (Allocation Failure) [PSYoungGen: 343565K->179285K(465920K)] 728891K->600268K(1864192K), 0.0480424 secs] [Times: user=0.22 sys=0.00, real=0.04 secs] 
4453.929: [GC (Allocation Failure) [PSYoungGen: 412245K->185367K(465920K)] 833228K->669106K(1864192K), 0.0495813 secs] [Times: user=0.23 sys=0.00, real=0.05 secs] 
4454.087: [GC (Allocation Failure) [PSYoungGen: 418327K->184340K(465920K)] 902066K->727040K(1864192K), 0.0582466 secs] [Times: user=0.29 sys=0.00, real=0.05 secs] 
4455.339: [GC (Allocation Failure) [PSYoungGen: 417300K->101868K(465920K)] 960000K->714095K(1864192K), 0.0535700 secs] [Times: user=0.28 sys=0.00, real=0.05 secs] 
4456.568: [GC (Allocation Failure) [PSYoungGen: 334828K->167220K(465920K)] 947055K->812188K(1864192K), 0.0694378 secs] [Times: user=0.33 sys=0.00, real=0.07 secs] 
4456.799: [GC (Allocation Failure) [PSYoungGen: 400180K->185526K(465920K)] 1045148K->883466K(1864192K), 0.0427378 secs] [Times: user=0.19 sys=0.01, real=0.04 secs] 
4456.999: [GC (Allocation Failure) [PSYoungGen: 411017K->179030K(465920K)] 1108958K->941274K(1864192K), 0.0771494 secs] [Times: user=0.39 sys=0.00, real=0.07 secs] 
4458.117: [GC (Allocation Failure) [PSYoungGen: 411990K->169427K(459776K)] 1174234K->988615K(1858048K), 0.0563158 secs] [Times: user=0.28 sys=0.00, real=0.05 secs] 
4458.994: [GC (Allocation Failure) [PSYoungGen: 402387K->106652K(462848K)] 1221575K->990625K(1861120K), 0.1249585 secs] [Times: user=0.68 sys=0.00, real=0.13 secs] 
4459.658: [GC (Allocation Failure) [PSYoungGen: 332202K->175765K(466432K)] 1216174K->1094042K(1864704K), 0.0469594 secs] [Times: user=0.21 sys=0.00, real=0.04 secs] 
4459.820: [GC (Allocation Failure) [PSYoungGen: 409237K->184566K(465920K)] 1327514K->1157626K(1864192K), 0.0441778 secs] [Times: user=0.20 sys=0.00, real=0.04 secs] 
4460.370: [GC (Allocation Failure) [PSYoungGen: 418038K->183636K(465920K)] 1391098K->1212553K(1864192K), 0.0716760 secs] [Times: user=0.36 sys=0.00, real=0.07 secs] 
4462.377: [GC (Allocation Failure) [PSYoungGen: 416596K->97771K(465920K)] 1445513K->1195968K(1864192K), 0.0667053 secs] [Times: user=0.36 sys=0.01, real=0.07 secs] 
4463.276: [GC (Allocation Failure) [PSYoungGen: 330731K->173493K(465920K)] 1428928K->1303506K(1864192K), 0.0683713 secs] [Times: user=0.33 sys=0.00, real=0.07 secs] 
4463.499: [GC (Allocation Failure) [PSYoungGen: 406453K->182709K(465920K)] 1536466K->1366851K(1864192K), 0.0447305 secs] [Times: user=0.20 sys=0.00, real=0.04 secs] 
4463.654: [GC (Allocation Failure) [PSYoungGen: 415669K->186167K(465920K)] 1599811K->1434221K(1864192K), 0.0513757 secs] [Times: user=0.24 sys=0.00, real=0.05 secs] 
4464.633: [GC (Allocation Failure) [PSYoungGen: 419127K->211667K(465920K)] 1667181K->1518625K(1864192K), 0.0560670 secs] [Times: user=0.28 sys=0.00, real=0.06 secs] 
4465.537: [GC (Allocation Failure) [PSYoungGen: 444627K->100892K(465920K)] 1751585K->1474425K(1864192K), 0.1133772 secs] [Times: user=0.62 sys=0.00, real=0.11 secs] 
4465.651: [Full GC (Ergonomics) [PSYoungGen: 100892K->0K(465920K)] [ParOldGen: 1373533K->118513K(1398272K)] 1474425K->118513K(1864192K), [Metaspace: 60398K->60398K(1105920K)], 0.1693727 secs] [Times: user=0.76 sys=0.00, real=0.17 secs] 
4466.209: [GC (Allocation Failure) [PSYoungGen: 232960K->181142K(465920K)] 351473K->299655K(1864192K), 0.0251349 secs] [Times: user=0.09 sys=0.00, real=0.02 secs] 
4466.344: [GC (Allocation Failure) [PSYoungGen: 414102K->185462K(465920K)] 532615K->360455K(1864192K), 0.0412221 secs] [Times: user=0.18 sys=0.01, real=0.04 secs] 
4466.490: [GC (Allocation Failure) [PSYoungGen: 418422K->184596K(465920K)] 593415K->415670K(1864192K), 0.0443852 secs] [Times: user=0.20 sys=0.00, real=0.04 secs] 
4467.702: [GC (Allocation Failure) [PSYoungGen: 417556K->101564K(465920K)] 648630K->402317K(1864192K), 0.0487226 secs] [Times: user=0.25 sys=0.00, real=0.05 secs] 
4468.653: [GC (Allocation Failure) [PSYoungGen: 334524K->172148K(465920K)] 635277K->505539K(1864192K), 0.0741949 secs] [Times: user=0.35 sys=0.00, real=0.07 secs] 
4468.892: [GC (Allocation Failure) [PSYoungGen: 405108K->182453K(465920K)] 738499K->569576K(1864192K), 0.0416069 secs] [Times: user=0.19 sys=0.00, real=0.04 secs] 
4469.045: [GC (Allocation Failure) [PSYoungGen: 415413K->186167K(465920K)] 802536K->636985K(1864192K), 0.0493045 secs] [Times: user=0.23 sys=0.00, real=0.05 secs] 
4469.968: [GC (Allocation Failure) [PSYoungGen: 414136K->208211K(465920K)] 864954K->718181K(1864192K), 0.0551345 secs] [Times: user=0.27 sys=0.00, real=0.05 secs] 
4470.856: [GC (Allocation Failure) [PSYoungGen: 441171K->105916K(465920K)] 951141K->681583K(1864192K), 0.0857656 secs] [Times: user=0.46 sys=0.00, real=0.09 secs] 
4471.545: [GC (Allocation Failure) [PSYoungGen: 334563K->176725K(465920K)] 910230K->786221K(1864192K), 0.0447852 secs] [Times: user=0.20 sys=0.00, real=0.05 secs] 
4471.707: [GC (Allocation Failure) [PSYoungGen: 409685K->185398K(465920K)] 1019181K->850241K(1864192K), 0.0431405 secs] [Times: user=0.20 sys=0.00, real=0.05 secs] 
4471.855: [GC (Allocation Failure) [PSYoungGen: 418358K->184020K(465920K)] 1083201K->905112K(1864192K), 0.0453231 secs] [Times: user=0.21 sys=0.00, real=0.05 secs] 
4473.064: [GC (Allocation Failure) [PSYoungGen: 416980K->103052K(465920K)] 1138072K->893560K(1864192K), 0.0445356 secs] [Times: user=0.23 sys=0.00, real=0.05 secs] 
4473.904: [GC (Allocation Failure) [PSYoungGen: 336012K->171156K(465920K)] 1126520K->994517K(1864192K), 0.0644561 secs] [Times: user=0.31 sys=0.00, real=0.07 secs] 
4474.105: [GC (Allocation Failure) [PSYoungGen: 404116K->182293K(465920K)] 1227477K->1059354K(1864192K), 0.0428261 secs] [Times: user=0.19 sys=0.00, real=0.05 secs] 
4474.259: [GC (Allocation Failure) [PSYoungGen: 415253K->185367K(465920K)] 1292314K->1126179K(1864192K), 0.0505112 secs] [Times: user=0.23 sys=0.00, real=0.05 secs] 
4475.271: [GC (Allocation Failure) [PSYoungGen: 418327K->194830K(465920K)] 1359139K->1194387K(1864192K), 0.0494944 secs] [Times: user=0.24 sys=0.00, real=0.05 secs] 
4475.884: [GC (Allocation Failure) [PSYoungGen: 427790K->107228K(465920K)] 1427347K->1172897K(1864192K), 0.0951544 secs] [Times: user=0.51 sys=0.01, real=0.10 secs] 
4476.471: [GC (Allocation Failure) [PSYoungGen: 332779K->176149K(465920K)] 1398448K->1276030K(1864192K), 0.0453786 secs] [Times: user=0.20 sys=0.00, real=0.04 secs] 
4476.677: [GC (Allocation Failure) [PSYoungGen: 409109K->182645K(465920K)] 1508990K->1337695K(1864192K), 0.0630667 secs] [Times: user=0.30 sys=0.00, real=0.06 secs] 
4476.918: [GC (Allocation Failure) [PSYoungGen: 415605K->187413K(465920K)] 1570655K->1397983K(1864192K), 0.0631605 secs] [Times: user=0.31 sys=0.00, real=0.06 secs] 
4478.382: [GC (Allocation Failure) [PSYoungGen: 420373K->102812K(465920K)] 1630943K->1384102K(1864192K), 0.1018601 secs] [Times: user=0.55 sys=0.00, real=0.10 secs] 
4479.960: [GC (Allocation Failure) [PSYoungGen: 335772K->167796K(465920K)] 1617062K->1481682K(1864192K), 0.0754461 secs] [Times: user=0.37 sys=0.00, real=0.07 secs] 
4480.036: [Full GC (Ergonomics) [PSYoungGen: 167796K->0K(465920K)] [ParOldGen: 1313886K->192429K(1398272K)] 1481682K->192429K(1864192K), [Metaspace: 60463K->60463K(1105920K)], 0.2232780 secs] [Times: user=1.07 sys=0.00, real=0.23 secs] 
4480.389: [GC (Allocation Failure) [PSYoungGen: 232960K->185686K(465920K)] 425389K->378115K(1864192K), 0.0336462 secs] [Times: user=0.14 sys=0.00, real=0.03 secs] 
4480.562: [GC (Allocation Failure) [PSYoungGen: 418646K->186231K(465920K)] 611075K->443204K(1864192K), 0.0458918 secs] [Times: user=0.21 sys=0.00, real=0.05 secs] 
4481.557: [GC (Allocation Failure) [PSYoungGen: 419191K->170803K(465920K)] 676164K->486880K(1864192K), 0.0538326 secs] [Times: user=0.27 sys=0.00, real=0.05 secs] 
4482.503: [GC (Allocation Failure) [PSYoungGen: 403763K->104268K(465920K)] 719840K->485594K(1864192K), 0.1077953 secs] [Times: user=0.58 sys=0.00, real=0.11 secs] 
4482.909: [GC (Allocation Failure) [PSYoungGen: 331878K->178517K(465920K)] 713204K->593980K(1864192K), 0.0447043 secs] [Times: user=0.19 sys=0.00, real=0.04 secs] 
4483.069: [GC (Allocation Failure) [PSYoungGen: 411477K->185526K(465920K)] 826940K->656292K(1864192K), 0.0436124 secs] [Times: user=0.20 sys=0.00, real=0.04 secs] 
4483.245: [GC (Allocation Failure) [PSYoungGen: 418486K->187381K(465920K)] 889252K->714276K(1864192K), 0.0662540 secs] [Times: user=0.27 sys=0.00, real=0.07 secs] 
4484.675: [GC (Allocation Failure) [PSYoungGen: 420341K->98155K(465920K)] 947236K->695610K(1864192K), 0.1195881 secs] [Times: user=0.66 sys=0.00, real=0.12 secs] 
4485.884: [GC (Allocation Failure) [PSYoungGen: 331115K->167956K(465920K)] 928570K->796607K(1864192K), 0.0819141 secs] [Times: user=0.40 sys=0.00, real=0.08 secs] 
4486.145: [GC (Allocation Failure) [PSYoungGen: 400916K->185590K(465920K)] 1029567K->867101K(1864192K), 0.0420011 secs] [Times: user=0.18 sys=0.00, real=0.04 secs] 
4486.303: [GC (Allocation Failure) [PSYoungGen: 418550K->185911K(465920K)] 1100061K->931846K(1864192K), 0.0495566 secs] [Times: user=0.23 sys=0.01, real=0.05 secs] 
4487.332: [GC (Allocation Failure) [PSYoungGen: 418871K->172307K(465920K)] 1164806K->977275K(1864192K), 0.0592513 secs] [Times: user=0.30 sys=0.00, real=0.06 secs] 
4488.857: [GC (Allocation Failure) [PSYoungGen: 405267K->106348K(465920K)] 1210235K->976996K(1864192K), 0.1022984 secs] [Times: user=0.56 sys=0.00, real=0.10 secs] 
4489.408: [GC (Allocation Failure) [PSYoungGen: 336304K->176629K(465920K)] 1206952K->1081226K(1864192K), 0.0497794 secs] [Times: user=0.22 sys=0.00, real=0.05 secs] 
4489.635: [GC (Allocation Failure) [PSYoungGen: 409589K->185526K(465920K)] 1314186K->1145218K(1864192K), 0.0646932 secs] [Times: user=0.31 sys=0.00, real=0.07 secs] 
4489.876: [GC (Allocation Failure) [PSYoungGen: 418486K->184533K(465920K)] 1378178K->1200385K(1864192K), 0.0674778 secs] [Times: user=0.33 sys=0.00, real=0.07 secs] 
4491.047: [GC (Allocation Failure) [PSYoungGen: 417493K->100892K(465920K)] 1433345K->1186357K(1864192K), 0.0560877 secs] [Times: user=0.30 sys=0.00, real=0.06 secs] 
4491.866: [GC (Allocation Failure) [PSYoungGen: 333852K->167860K(465920K)] 1419317K->1285209K(1864192K), 0.0665427 secs] [Times: user=0.32 sys=0.00, real=0.07 secs] 
4492.079: [GC (Allocation Failure) [PSYoungGen: 400820K->185366K(465920K)] 1518169K->1355719K(1864192K), 0.0427814 secs] [Times: user=0.19 sys=0.00, real=0.04 secs] 
4492.234: [GC (Allocation Failure) [PSYoungGen: 418326K->185559K(465920K)] 1588679K->1420232K(1864192K), 0.0505644 secs] [Times: user=0.24 sys=0.00, real=0.05 secs] 
4493.303: [GC (Allocation Failure) [PSYoungGen: 418519K->173331K(465920K)] 1653192K->1466957K(1864192K), 0.0556055 secs] [Times: user=0.27 sys=0.00, real=0.06 secs] 
4494.366: [GC (Allocation Failure) [PSYoungGen: 406291K->106556K(465920K)] 1699917K->1466278K(1864192K), 0.1083970 secs] [Times: user=0.59 sys=0.00, real=0.11 secs] 
4494.474: [Full GC (Ergonomics) [PSYoungGen: 106556K->0K(465920K)] [ParOldGen: 1359721K->124121K(1398272K)] 1466278K->124121K(1864192K), [Metaspace: 60470K->60470K(1105920K)], 0.1885300 secs] [Times: user=0.85 sys=0.00, real=0.19 secs] 
4495.269: [GC (Allocation Failure) [PSYoungGen: 230454K->177077K(465920K)] 354575K->301199K(1864192K), 0.0316620 secs] [Times: user=0.12 sys=0.00, real=0.03 secs] 
4495.425: [GC (Allocation Failure) [PSYoungGen: 410037K->185558K(465920K)] 534159K->365051K(1864192K), 0.0415249 secs] [Times: user=0.19 sys=0.00, real=0.04 secs] 
4495.574: [GC (Allocation Failure) [PSYoungGen: 418518K->187573K(465920K)] 598011K->423242K(1864192K), 0.0452710 secs] [Times: user=0.21 sys=0.00, real=0.05 secs] 
4496.787: [GC (Allocation Failure) [PSYoungGen: 420533K->102268K(465920K)] 656202K->408565K(1864192K), 0.0549150 secs] [Times: user=0.29 sys=0.00, real=0.06 secs] 
4497.525: [GC (Allocation Failure) [PSYoungGen: 335228K->176980K(465920K)] 641525K->516215K(1864192K), 0.0566762 secs] [Times: user=0.27 sys=0.00, real=0.06 secs] 
4497.715: [GC (Allocation Failure) [PSYoungGen: 409940K->185142K(465920K)] 749175K->578892K(1864192K), 0.0422907 secs] [Times: user=0.19 sys=0.00, real=0.05 secs] 
4497.866: [GC (Allocation Failure) [PSYoungGen: 414375K->180278K(465920K)] 808126K->638141K(1864192K), 0.0484396 secs] [Times: user=0.23 sys=0.00, real=0.05 secs] 
4498.880: [GC (Allocation Failure) [PSYoungGen: 413238K->168498K(465920K)] 871101K->683641K(1864192K), 0.0566243 secs] [Times: user=0.28 sys=0.01, real=0.05 secs] 
4499.389: [GC (Allocation Failure) [PSYoungGen: 401458K->109869K(465920K)] 916601K->689507K(1864192K), 0.0710703 secs] [Times: user=0.37 sys=0.01, real=0.07 secs] 
4499.677: [GC (Allocation Failure) [PSYoungGen: 342829K->179989K(465920K)] 922467K->794952K(1864192K), 0.0365183 secs] [Times: user=0.16 sys=0.00, real=0.03 secs] 
4499.823: [GC (Allocation Failure) [PSYoungGen: 412949K->185367K(465920K)] 1027912K->871317K(1864192K), 0.0497507 secs] [Times: user=0.23 sys=0.00, real=0.05 secs] 
4500.001: [GC (Allocation Failure) [PSYoungGen: 418327K->184469K(465920K)] 1104277K->929339K(1864192K), 0.0711100 secs] [Times: user=0.37 sys=0.00, real=0.07 secs] 
4501.550: [GC (Allocation Failure) [PSYoungGen: 417429K->96747K(465920K)] 1162299K->911154K(1864192K), 0.0661710 secs] [Times: user=0.35 sys=0.00, real=0.06 secs] 
4502.115: [GC (Allocation Failure) [PSYoungGen: 329707K->176341K(465920K)] 1144114K->1022368K(1864192K), 0.0574387 secs] [Times: user=0.27 sys=0.00, real=0.06 secs] 
4502.379: [GC (Allocation Failure) [PSYoungGen: 409301K->182453K(465920K)] 1255328K->1083432K(1864192K), 0.0577883 secs] [Times: user=0.27 sys=0.00, real=0.05 secs] 
4502.601: [GC (Allocation Failure) [PSYoungGen: 406420K->177174K(465920K)] 1307399K->1142049K(1864192K), 0.0722431 secs] [Times: user=0.35 sys=0.01, real=0.07 secs] 
4503.621: [GC (Allocation Failure) [PSYoungGen: 405620K->205939K(465920K)] 1370495K->1227078K(1864192K), 0.0564475 secs] [Times: user=0.27 sys=0.00, real=0.06 secs] 
4504.489: [GC (Allocation Failure) [PSYoungGen: 438899K->105404K(465920K)] 1460038K->1191179K(1864192K), 0.0748943 secs] [Times: user=0.39 sys=0.00, real=0.07 secs] 
4504.845: [GC (Allocation Failure) [PSYoungGen: 335989K->177525K(465920K)] 1421765K->1297200K(1864192K), 0.0363566 secs] [Times: user=0.16 sys=0.00, real=0.04 secs] 
4504.992: [GC (Allocation Failure) [PSYoungGen: 410485K->185558K(465920K)] 1530160K->1360796K(1864192K), 0.0456001 secs] [Times: user=0.21 sys=0.00, real=0.05 secs] 
4505.144: [GC (Allocation Failure) [PSYoungGen: 418518K->187413K(465920K)] 1593756K->1418915K(1864192K), 0.0478696 secs] [Times: user=0.22 sys=0.01, real=0.05 secs] 
4506.342: [GC (Allocation Failure) [PSYoungGen: 420373K->99228K(465920K)] 1651875K->1401362K(1864192K), 0.0467608 secs] [Times: user=0.24 sys=0.00, real=0.05 secs] 
4507.175: [GC (Allocation Failure) [PSYoungGen: 332188K->172628K(465920K)] 1634322K->1506568K(1864192K), 0.0693040 secs] [Times: user=0.33 sys=0.00, real=0.07 secs] 
4507.245: [Full GC (Ergonomics) [PSYoungGen: 172628K->0K(465920K)] [ParOldGen: 1333939K->197549K(1398272K)] 1506568K->197549K(1864192K), [Metaspace: 60470K->60470K(1105920K)], 0.2281816 secs] [Times: user=1.09 sys=0.00, real=0.23 secs] 
4507.581: [GC (Allocation Failure) [PSYoungGen: 232960K->182453K(465920K)] 430509K->380002K(1864192K), 0.0324902 secs] [Times: user=0.13 sys=0.00, real=0.03 secs] 
4507.726: [GC (Allocation Failure) [PSYoungGen: 415413K->185943K(465920K)] 612962K->447492K(1864192K), 0.0437380 secs] [Times: user=0.20 sys=0.00, real=0.05 secs] 
4508.725: [GC (Allocation Failure) [PSYoungGen: 418903K->169907K(465920K)] 680452K->490416K(1864192K), 0.0570309 secs] [Times: user=0.29 sys=0.00, real=0.06 secs] 
4509.592: [GC (Allocation Failure) [PSYoungGen: 402867K->105692K(465920K)] 723376K->491241K(1864192K), 0.0720183 secs] [Times: user=0.38 sys=0.00, real=0.07 secs] 
4510.217: [GC (Allocation Failure) [PSYoungGen: 338652K->177877K(465920K)] 724201K->596423K(1864192K), 0.0427733 secs] [Times: user=0.19 sys=0.00, real=0.04 secs] 
4510.370: [GC (Allocation Failure) [PSYoungGen: 410837K->185590K(465920K)] 829383K->660184K(1864192K), 0.0433361 secs] [Times: user=0.19 sys=0.00, real=0.04 secs] 
4510.519: [GC (Allocation Failure) [PSYoungGen: 418550K->187509K(465920K)] 893144K->718207K(1864192K), 0.0452243 secs] [Times: user=0.21 sys=0.00, real=0.04 secs] 
4511.758: [GC (Allocation Failure) [PSYoungGen: 420469K->105420K(465920K)] 951167K->706787K(1864192K), 0.0600356 secs] [Times: user=0.32 sys=0.00, real=0.06 secs] 
4512.611: [GC (Allocation Failure) [PSYoungGen: 338380K->173460K(465920K)] 939747K->808668K(1864192K), 0.0793018 secs] [Times: user=0.38 sys=0.00, real=0.08 secs] 
4512.862: [GC (Allocation Failure) [PSYoungGen: 406420K->185270K(465920K)] 1041628K->875081K(1864192K), 0.0434503 secs] [Times: user=0.19 sys=0.00, real=0.04 secs] 
4513.013: [GC (Allocation Failure) [PSYoungGen: 407060K->176374K(465920K)] 1096871K->930649K(1864192K), 0.0488789 secs] [Times: user=0.23 sys=0.00, real=0.05 secs] 
4514.084: [GC (Allocation Failure) [PSYoungGen: 409334K->168787K(463872K)] 1163609K->979046K(1862144K), 0.0565770 secs] [Times: user=0.28 sys=0.00, real=0.06 secs] 
4514.912: [GC (Allocation Failure) [PSYoungGen: 401747K->105660K(464896K)] 1212006K->980407K(1863168K), 0.0892819 secs] [Times: user=0.47 sys=0.00, real=0.09 secs] 
4515.295: [GC (Allocation Failure) [PSYoungGen: 338620K->197333K(465920K)] 1213367K->1105933K(1864192K), 0.0403090 secs] [Times: user=0.18 sys=0.00, real=0.04 secs] 
4515.469: [GC (Allocation Failure) [PSYoungGen: 430285K->185111K(465920K)] 1338886K->1156687K(1864192K), 0.0564363 secs] [Times: user=0.27 sys=0.00, real=0.05 secs] 
4515.647: [GC (Allocation Failure) [PSYoungGen: 418071K->187189K(465920K)] 1389647K->1217477K(1864192K), 0.0581441 secs] [Times: user=0.28 sys=0.00, real=0.06 secs] 
4516.908: [GC (Allocation Failure) [PSYoungGen: 420149K->91387K(465920K)] 1450437K->1192235K(1864192K), 0.0651678 secs] [Times: user=0.35 sys=0.00, real=0.06 secs] 
4517.457: [GC (Allocation Failure) [PSYoungGen: 324347K->176085K(465920K)] 1425195K->1307301K(1864192K), 0.0667329 secs] [Times: user=0.31 sys=0.00, real=0.07 secs] 
4517.671: [GC (Allocation Failure) [PSYoungGen: 409045K->185398K(465920K)] 1540261K->1371526K(1864192K), 0.0455214 secs] [Times: user=0.21 sys=0.00, real=0.04 secs] 
4517.849: [GC (Allocation Failure) [PSYoungGen: 410301K->178774K(465920K)] 1596429K->1429454K(1864192K), 0.0568046 secs] [Times: user=0.28 sys=0.00, real=0.05 secs] 
4518.922: [GC (Allocation Failure) [PSYoungGen: 411734K->169523K(465920K)] 1662414K->1477027K(1864192K), 0.0563604 secs] [Times: user=0.28 sys=0.00, real=0.06 secs] 
4520.103: [GC (Allocation Failure) [PSYoungGen: 402483K->107020K(465920K)] 1709987K->1479261K(1864192K), 0.0899541 secs] [Times: user=0.48 sys=0.00, real=0.09 secs] 
4520.193: [Full GC (Ergonomics) [PSYoungGen: 107020K->0K(465920K)] [ParOldGen: 1372240K->124689K(1398272K)] 1479261K->124689K(1864192K), [Metaspace: 60470K->60470K(1105920K)], 0.1729285 secs] [Times: user=0.76 sys=0.00, real=0.17 secs] 
4520.649: [GC (Allocation Failure) [PSYoungGen: 229714K->176373K(465920K)] 354403K->301062K(1864192K), 0.0245348 secs] [Times: user=0.09 sys=0.00, real=0.02 secs] 
4520.784: [GC (Allocation Failure) [PSYoungGen: 409333K->185654K(465920K)] 534022K->365899K(1864192K), 0.0420162 secs] [Times: user=0.19 sys=0.00, real=0.04 secs] 
4520.933: [GC (Allocation Failure) [PSYoungGen: 418614K->187477K(465920K)] 598859K->424082K(1864192K), 0.0451107 secs] [Times: user=0.21 sys=0.00, real=0.05 secs] 
4522.225: [GC (Allocation Failure) [PSYoungGen: 420437K->98763K(465920K)] 657042K->406241K(1864192K), 0.0629810 secs] [Times: user=0.34 sys=0.00, real=0.07 secs] 
4523.200: [GC (Allocation Failure) [PSYoungGen: 331723K->174517K(465920K)] 639201K->513631K(1864192K), 0.0560954 secs] [Times: user=0.26 sys=0.00, real=0.05 secs] 
4523.382: [GC (Allocation Failure) [PSYoungGen: 407477K->182453K(465920K)] 746591K->576147K(1864192K), 0.0422678 secs] [Times: user=0.19 sys=0.00, real=0.04 secs] 
4523.536: [GC (Allocation Failure) [PSYoungGen: 415095K->185623K(465920K)] 808789K->643261K(1864192K), 0.0494964 secs] [Times: user=0.23 sys=0.00, real=0.05 secs] 
4524.616: [GC (Allocation Failure) [PSYoungGen: 418583K->169171K(465920K)] 876221K->685785K(1864192K), 0.0541554 secs] [Times: user=0.27 sys=0.00, real=0.06 secs] 
4525.250: [GC (GCLocker Initiated GC) [PSYoungGen: 402131K->109181K(465920K)] 918745K->690443K(1864192K), 0.0905579 secs] [Times: user=0.49 sys=0.00, real=0.09 secs] 
4525.686: [GC (Allocation Failure) [PSYoungGen: 342141K->174645K(465920K)] 931890K->799091K(1864192K), 0.1403496 secs] [Times: user=0.78 sys=0.00, real=0.14 secs] 
4525.938: [GC (Allocation Failure) [PSYoungGen: 407605K->182422K(465920K)] 1032051K->862600K(1864192K), 0.1770249 secs] [Times: user=0.99 sys=0.01, real=0.17 secs] 
4526.256: [GC (Allocation Failure) [PSYoungGen: 415382K->187381K(465920K)] 1095560K->925759K(1864192K), 0.0576723 secs] [Times: user=0.28 sys=0.00, real=0.06 secs] 
4527.638: [GC (Allocation Failure) [PSYoungGen: 420341K->101116K(465920K)] 1158719K->910146K(1864192K), 0.0725216 secs] [Times: user=0.39 sys=0.00, real=0.07 secs] 
4528.388: [GC (Allocation Failure) [PSYoungGen: 334076K->172244K(465920K)] 1143106K->1014455K(1864192K), 0.0544095 secs] [Times: user=0.25 sys=0.00, real=0.05 secs] 
4528.621: [GC (Allocation Failure) [PSYoungGen: 405204K->181973K(465920K)] 1247415K->1077767K(1864192K), 0.0593809 secs] [Times: user=0.28 sys=0.00, real=0.06 secs] 
4528.793: [GC (Allocation Failure) [PSYoungGen: 403029K->176150K(465920K)] 1298823K->1135496K(1864192K), 0.0491435 secs] [Times: user=0.23 sys=0.00, real=0.05 secs] 
4529.892: [GC (Allocation Failure) [PSYoungGen: 409110K->168755K(401920K)] 1368456K->1184173K(1800192K), 0.0583154 secs] [Times: user=0.29 sys=0.00, real=0.06 secs] 
4530.713: [GC (Allocation Failure) [PSYoungGen: 401715K->113741K(460800K)] 1417133K->1193847K(1859072K), 0.0791860 secs] [Times: user=0.42 sys=0.01, real=0.08 secs] 
4531.245: [GC (Allocation Failure) [PSYoungGen: 344653K->186421K(462848K)] 1424759K->1303076K(1861120K), 0.0485199 secs] [Times: user=0.22 sys=0.00, real=0.05 secs] 
4531.409: [GC (Allocation Failure) [PSYoungGen: 417333K->180886K(465920K)] 1533988K->1359897K(1864192K), 0.0515432 secs] [Times: user=0.24 sys=0.00, real=0.05 secs] 
4531.567: [GC (Allocation Failure) [PSYoungGen: 413846K->187413K(465920K)] 1592857K->1424184K(1864192K), 0.0604433 secs] [Times: user=0.30 sys=0.00, real=0.06 secs] 
4532.752: [GC (GCLocker Initiated GC) [PSYoungGen: 420373K->98700K(465920K)] 1657144K->1406059K(1864192K), 0.0486565 secs] [Times: user=0.25 sys=0.00, real=0.05 secs] 
4533.110: [GC (Allocation Failure) [PSYoungGen: 331660K->176597K(465920K)] 1639150K->1516335K(1864192K), 0.0383651 secs] [Times: user=0.16 sys=0.00, real=0.04 secs] 
4533.148: [Full GC (Ergonomics) [PSYoungGen: 176597K->0K(465920K)] [ParOldGen: 1339738K->204387K(1398272K)] 1516335K->204387K(1864192K), [Metaspace: 60475K->60475K(1105920K)], 0.1917532 secs] [Times: user=0.86 sys=0.00, real=0.19 secs] 
4533.471: [GC (Allocation Failure) [PSYoungGen: 232960K->182357K(465920K)] 437347K->386745K(1864192K), 0.0324372 secs] [Times: user=0.14 sys=0.00, real=0.03 secs] 
4533.642: [GC (Allocation Failure) [PSYoungGen: 401633K->174869K(465920K)] 606020K->443001K(1864192K), 0.0578375 secs] [Times: user=0.27 sys=0.00, real=0.06 secs] 
4534.663: [GC (Allocation Failure) [PSYoungGen: 407829K->168498K(459776K)] 675961K->492134K(1858048K), 0.0559969 secs] [Times: user=0.28 sys=0.00, real=0.06 secs] 
4535.577: [GC (GCLocker Initiated GC) [PSYoungGen: 401458K->105740K(462848K)] 725094K->493872K(1861120K), 0.1020549 secs] [Times: user=0.55 sys=0.00, real=0.10 secs] 
4536.410: [GC (Allocation Failure) [PSYoungGen: 338700K->174965K(466944K)] 735156K->605034K(1865216K), 0.1565735 secs] [Times: user=0.88 sys=0.00, real=0.15 secs] 
4536.679: [GC (Allocation Failure) [PSYoungGen: 408949K->185847K(465920K)] 839018K->671959K(1864192K), 0.1763220 secs] [Times: user=1.00 sys=0.00, real=0.17 secs] 
4536.960: [GC (Allocation Failure) [PSYoungGen: 419831K->188181K(465920K)] 905943K->733314K(1864192K), 0.0581077 secs] [Times: user=0.29 sys=0.00, real=0.06 secs] 
4538.188: [GC (Allocation Failure) [PSYoungGen: 421141K->100732K(465920K)] 966274K->716753K(1864192K), 0.0680122 secs] [Times: user=0.36 sys=0.00, real=0.06 secs] 
4538.998: [GC (Allocation Failure) [PSYoungGen: 333692K->173557K(465920K)] 949713K->821830K(1864192K), 0.0688657 secs] [Times: user=0.33 sys=0.00, real=0.06 secs] 
4539.275: [GC (Allocation Failure) [PSYoungGen: 406517K->185206K(465920K)] 1054790K->888007K(1864192K), 0.0610527 secs] [Times: user=0.29 sys=0.00, real=0.06 secs] 
4539.439: [GC (Allocation Failure) [PSYoungGen: 409516K->170677K(465920K)] 1112318K->938015K(1864192K), 0.0495981 secs] [Times: user=0.24 sys=0.00, real=0.05 secs] 
4540.449: [GC (Allocation Failure) [PSYoungGen: 403637K->169075K(402432K)] 1170975K->990252K(1800704K), 0.0564172 secs] [Times: user=0.28 sys=0.00, real=0.05 secs] 
4541.094: [GC (Allocation Failure) [PSYoungGen: 402035K->114541K(460288K)] 1223212K->1000575K(1858560K), 0.1154443 secs] [Times: user=0.63 sys=0.00, real=0.12 secs] 
4541.488: [GC (Allocation Failure) [PSYoungGen: 345453K->176148K(462336K)] 1231487K->1099183K(1860608K), 0.0422284 secs] [Times: user=0.19 sys=0.00, real=0.04 secs] 
4541.641: [GC (Allocation Failure) [PSYoungGen: 407060K->183703K(465408K)] 1330095K->1168481K(1863680K), 0.0494407 secs] [Times: user=0.23 sys=0.00, real=0.05 secs] 
4541.798: [GC (Allocation Failure) [PSYoungGen: 418711K->189397K(424448K)] 1403489K->1232296K(1822720K), 0.0585552 secs] [Times: user=0.29 sys=0.00, real=0.05 secs] 
4543.180: [GC (GCLocker Initiated GC) [PSYoungGen: 424405K->97227K(465920K)] 1467305K->1211391K(1864192K), 0.0713408 secs] [Times: user=0.39 sys=0.00, real=0.07 secs] 
4543.696: [GC (Allocation Failure) [PSYoungGen: 330187K->172340K(465920K)] 1444353K->1317931K(1864192K), 0.0676025 secs] [Times: user=0.32 sys=0.00, real=0.07 secs] 
4543.923: [GC (Allocation Failure) [PSYoungGen: 405300K->185142K(465920K)] 1550891K->1384900K(1864192K), 0.0463059 secs] [Times: user=0.21 sys=0.00, real=0.05 secs] 
4544.108: [GC (Allocation Failure) [PSYoungGen: 404851K->173397K(465920K)] 1604610K->1437356K(1864192K), 0.0764031 secs] [Times: user=0.39 sys=0.00, real=0.07 secs] 
4545.245: [GC (Allocation Failure) [PSYoungGen: 406357K->168883K(458752K)] 1670316K->1488009K(1857024K), 0.0567317 secs] [Times: user=0.28 sys=0.00, real=0.06 secs] 
4545.302: [Full GC (Ergonomics) [PSYoungGen: 168883K->0K(458752K)] [ParOldGen: 1319126K->358393K(1398272K)] 1488009K->358393K(1857024K), [Metaspace: 60475K->60475K(1105920K)], 0.5966815 secs] [Times: user=2.60 sys=0.00, real=0.60 secs] 
4547.303: [GC (Allocation Failure) [PSYoungGen: 232960K->105356K(462336K)] 591353K->463750K(1860608K), 0.0423240 secs] [Times: user=0.16 sys=0.00, real=0.04 secs] 
4547.907: [GC (Allocation Failure) [PSYoungGen: 336726K->177205K(466432K)] 695119K->569428K(1864704K), 0.0468861 secs] [Times: user=0.20 sys=0.00, real=0.04 secs] 
4548.074: [GC (Allocation Failure) [PSYoungGen: 410677K->185974K(465920K)] 802900K->633516K(1864192K), 0.0427232 secs] [Times: user=0.19 sys=0.00, real=0.04 secs] 
4548.265: [GC (Allocation Failure) [PSYoungGen: 419446K->187989K(465920K)] 866988K->691764K(1864192K), 0.0680295 secs] [Times: user=0.34 sys=0.00, real=0.07 secs] 
4549.411: [GC (Allocation Failure) [PSYoungGen: 420949K->98107K(465920K)] 924724K->672802K(1864192K), 0.0440692 secs] [Times: user=0.23 sys=0.00, real=0.04 secs] 
4550.231: [GC (Allocation Failure) [PSYoungGen: 331067K->171604K(465920K)] 905762K->777644K(1864192K), 0.0727342 secs] [Times: user=0.35 sys=0.00, real=0.07 secs] 
4550.461: [GC (Allocation Failure) [PSYoungGen: 404564K->193718K(465920K)] 1010604K->853529K(1864192K), 0.0431302 secs] [Times: user=0.19 sys=0.00, real=0.04 secs] 
4550.610: [GC (Allocation Failure) [PSYoungGen: 426390K->184279K(465920K)] 1086202K->908610K(1864192K), 0.0496841 secs] [Times: user=0.23 sys=0.00, real=0.05 secs] 
4551.613: [GC (Allocation Failure) [PSYoungGen: 417239K->168883K(465920K)] 1141570K->951726K(1864192K), 0.0566537 secs] [Times: user=0.28 sys=0.00, real=0.06 secs] 
4552.692: [GC (Allocation Failure) [PSYoungGen: 401843K->107612K(465920K)] 1184686K->954984K(1864192K), 0.1053869 secs] [Times: user=0.56 sys=0.00, real=0.10 secs] 
4553.497: [GC (Allocation Failure) [PSYoungGen: 332543K->175509K(465920K)] 1179915K->1056637K(1864192K), 0.0475507 secs] [Times: user=0.22 sys=0.00, real=0.04 secs] 
4553.665: [GC (Allocation Failure) [PSYoungGen: 408469K->185718K(465920K)] 1289597K->1121586K(1864192K), 0.0436888 secs] [Times: user=0.19 sys=0.00, real=0.05 secs] 
4553.812: [GC (Allocation Failure) [PSYoungGen: 418678K->187573K(465920K)] 1354546K->1179730K(1864192K), 0.0463306 secs] [Times: user=0.21 sys=0.00, real=0.05 secs] 
4555.125: [GC (Allocation Failure) [PSYoungGen: 420533K->98635K(465920K)] 1412690K->1161512K(1864192K), 0.0565298 secs] [Times: user=0.30 sys=0.00, real=0.06 secs] 
4556.490: [GC (Allocation Failure) [PSYoungGen: 331595K->168276K(465920K)] 1394472K->1262541K(1864192K), 0.0674224 secs] [Times: user=0.32 sys=0.00, real=0.07 secs] 
4556.758: [GC (Allocation Failure) [PSYoungGen: 401236K->185238K(465920K)] 1495501K->1332675K(1864192K), 0.0579837 secs] [Times: user=0.28 sys=0.00, real=0.05 secs] 
4556.929: [GC (Allocation Failure) [PSYoungGen: 418198K->185847K(465920K)] 1565635K->1397444K(1864192K), 0.0516135 secs] [Times: user=0.25 sys=0.00, real=0.05 secs] 
4557.860: [GC (Allocation Failure) [PSYoungGen: 416563K->208307K(465920K)] 1628160K->1478729K(1864192K), 0.0561659 secs] [Times: user=0.28 sys=0.00, real=0.05 secs] 
4558.649: [GC (Allocation Failure) [PSYoungGen: 441267K->102316K(465920K)] 1711689K->1438073K(1864192K), 0.1171444 secs] [Times: user=0.64 sys=0.00, real=0.11 secs] 
4558.766: [Full GC (Ergonomics) [PSYoungGen: 102316K->0K(465920K)] [ParOldGen: 1335757K->119186K(1398272K)] 1438073K->119186K(1864192K), [Metaspace: 60475K->60475K(1105920K)], 0.1787403 secs] [Times: user=0.78 sys=0.00, real=0.18 secs] 
4559.548: [GC (Allocation Failure) [PSYoungGen: 232960K->177173K(465920K)] 352146K->296360K(1864192K), 0.0335500 secs] [Times: user=0.12 sys=0.00, real=0.03 secs] 
4559.721: [GC (Allocation Failure) [PSYoungGen: 410133K->185718K(465920K)] 529320K->360096K(1864192K), 0.0413366 secs] [Times: user=0.19 sys=0.00, real=0.04 secs] 
4559.902: [GC (Allocation Failure) [PSYoungGen: 418678K->184725K(465920K)] 593056K->415527K(1864192K), 0.0600209 secs] [Times: user=0.29 sys=0.01, real=0.06 secs] 
4561.154: [GC (Allocation Failure) [PSYoungGen: 417685K->101756K(465920K)] 648487K->402143K(1864192K), 0.0674987 secs] [Times: user=0.36 sys=0.00, real=0.07 secs] 
4561.927: [GC (Allocation Failure) [PSYoungGen: 334716K->174389K(465920K)] 635103K->508284K(1864192K), 0.0591665 secs] [Times: user=0.28 sys=0.00, real=0.06 secs] 
4562.158: [GC (Allocation Failure) [PSYoungGen: 407349K->185398K(465920K)] 741244K->573349K(1864192K), 0.0504968 secs] [Times: user=0.24 sys=0.00, real=0.05 secs] 
4562.378: [GC (Allocation Failure) [PSYoungGen: 417171K->183702K(465920K)] 805122K->636070K(1864192K), 0.0550339 secs] [Times: user=0.26 sys=0.00, real=0.05 secs] 
4563.327: [GC (Allocation Failure) [PSYoungGen: 411778K->206579K(465920K)] 864145K->717258K(1864192K), 0.0542011 secs] [Times: user=0.26 sys=0.01, real=0.05 secs] 
4564.660: [GC (Allocation Failure) [PSYoungGen: 439539K->98667K(465920K)] 950218K->674066K(1864192K), 0.1196727 secs] [Times: user=0.65 sys=0.00, real=0.12 secs] 
4565.232: [GC (Allocation Failure) [PSYoungGen: 331627K->183542K(465920K)] 907026K->791170K(1864192K), 0.0498427 secs] [Times: user=0.19 sys=0.00, real=0.05 secs] 
4565.405: [GC (Allocation Failure) [PSYoungGen: 416502K->182613K(465920K)] 1024130K->847129K(1864192K), 0.0448621 secs] [Times: user=0.21 sys=0.00, real=0.05 secs] 
4565.557: [GC (Allocation Failure) [PSYoungGen: 415573K->187477K(465920K)] 1080089K->907681K(1864192K), 0.0467230 secs] [Times: user=0.22 sys=0.00, real=0.05 secs] 
4566.744: [GC (Allocation Failure) [PSYoungGen: 420437K->99820K(465920K)] 1140641K->890680K(1864192K), 0.0577978 secs] [Times: user=0.31 sys=0.00, real=0.06 secs] 
4567.297: [GC (Allocation Failure) [PSYoungGen: 332780K->173685K(465920K)] 1123640K->997345K(1864192K), 0.0394949 secs] [Times: user=0.17 sys=0.01, real=0.04 secs] 
4567.444: [GC (Allocation Failure) [PSYoungGen: 406645K->185334K(465920K)] 1230305K->1063338K(1864192K), 0.0448608 secs] [Times: user=0.20 sys=0.00, real=0.05 secs] 
4567.623: [GC (Allocation Failure) [PSYoungGen: 418294K->182774K(465920K)] 1296298K->1125291K(1864192K), 0.0734481 secs] [Times: user=0.37 sys=0.00, real=0.07 secs] 
4568.672: [GC (Allocation Failure) [PSYoungGen: 415734K->171283K(465920K)] 1358251K->1171695K(1864192K), 0.0572397 secs] [Times: user=0.28 sys=0.00, real=0.06 secs] 
4569.625: [GC (Allocation Failure) [PSYoungGen: 404243K->104796K(465920K)] 1404655K->1170808K(1864192K), 0.0937583 secs] [Times: user=0.51 sys=0.00, real=0.10 secs] 
4570.490: [GC (Allocation Failure) [PSYoungGen: 334687K->179221K(465920K)] 1400700K->1278111K(1864192K), 0.0502431 secs] [Times: user=0.23 sys=0.00, real=0.05 secs] 
4570.667: [GC (Allocation Failure) [PSYoungGen: 412181K->185590K(465920K)] 1511071K->1340607K(1864192K), 0.0443502 secs] [Times: user=0.20 sys=0.00, real=0.04 secs] 
4570.819: [GC (Allocation Failure) [PSYoungGen: 418550K->187541K(465920K)] 1573567K->1398742K(1864192K), 0.0464377 secs] [Times: user=0.22 sys=0.00, real=0.04 secs] 
4572.146: [GC (Allocation Failure) [PSYoungGen: 420501K->102828K(465920K)] 1631702K->1384621K(1864192K), 0.0642206 secs] [Times: user=0.35 sys=0.00, real=0.07 secs] 
4573.633: [GC (Allocation Failure) [PSYoungGen: 335788K->169140K(465920K)] 1617581K->1483626K(1864192K), 0.0808733 secs] [Times: user=0.40 sys=0.00, real=0.08 secs] 
4573.714: [Full GC (Ergonomics) [PSYoungGen: 169140K->0K(465920K)] [ParOldGen: 1314486K->195073K(1398272K)] 1483626K->195073K(1864192K), [Metaspace: 60475K->60475K(1105920K)], 0.2389224 secs] [Times: user=1.14 sys=0.00, real=0.24 secs] 
4574.063: [GC (Allocation Failure) [PSYoungGen: 232960K->185334K(465920K)] 428033K->380407K(1864192K), 0.0333883 secs] [Times: user=0.13 sys=0.01, real=0.03 secs] 
4574.235: [GC (Allocation Failure) [PSYoungGen: 418294K->183702K(465920K)] 613367K->443208K(1864192K), 0.0489274 secs] [Times: user=0.23 sys=0.00, real=0.05 secs] 
4575.228: [GC (Allocation Failure) [PSYoungGen: 416662K->168659K(465920K)] 676168K->486544K(1864192K), 0.0533334 secs] [Times: user=0.27 sys=0.00, real=0.05 secs] 
4576.166: [GC (Allocation Failure) [PSYoungGen: 401619K->106476K(465920K)] 719504K->488858K(1864192K), 0.0827208 secs] [Times: user=0.44 sys=0.00, real=0.09 secs] 
4576.733: [GC (Allocation Failure) [PSYoungGen: 331376K->176245K(465920K)] 713758K->592175K(1864192K), 0.0458985 secs] [Times: user=0.20 sys=0.00, real=0.05 secs] 
4576.901: [GC (Allocation Failure) [PSYoungGen: 409205K->185782K(465920K)] 825135K->656804K(1864192K), 0.0431860 secs] [Times: user=0.19 sys=0.00, real=0.04 secs] 
4577.048: [GC (Allocation Failure) [PSYoungGen: 418742K->187893K(465920K)] 889764K->715155K(1864192K), 0.0455653 secs] [Times: user=0.22 sys=0.00, real=0.04 secs] 
4578.365: [GC (Allocation Failure) [PSYoungGen: 420853K->97483K(465920K)] 948115K->695610K(1864192K), 0.0667627 secs] [Times: user=0.36 sys=0.00, real=0.07 secs] 
4579.338: [GC (Allocation Failure) [PSYoungGen: 330443K->172276K(465920K)] 928570K->802635K(1864192K), 0.0715951 secs] [Times: user=0.34 sys=0.00, real=0.07 secs] 
4579.565: [GC (GCLocker Initiated GC) [PSYoungGen: 405236K->184214K(465920K)] 1035595K->868124K(1864192K), 0.0430185 secs] [Times: user=0.19 sys=0.00, real=0.05 secs] 
4579.761: [GC (Allocation Failure) [PSYoungGen: 417174K->185495K(465920K)] 1101087K->933600K(1864192K), 0.0701580 secs] [Times: user=0.35 sys=0.00, real=0.07 secs] 
4580.845: [GC (Allocation Failure) [PSYoungGen: 418455K->170579K(465920K)] 1166560K->977660K(1864192K), 0.0586518 secs] [Times: user=0.30 sys=0.00, real=0.06 secs] 
4582.130: [GC (Allocation Failure) [PSYoungGen: 403539K->103916K(465920K)] 1210620K->976117K(1864192K), 0.1149240 secs] [Times: user=0.62 sys=0.00, real=0.11 secs] 
4582.812: [GC (Allocation Failure) [PSYoungGen: 335225K->179029K(465920K)] 1207427K->1085092K(1864192K), 0.0503062 secs] [Times: user=0.23 sys=0.00, real=0.05 secs] 
4582.987: [GC (Allocation Failure) [PSYoungGen: 411989K->185174K(465920K)] 1318052K->1146764K(1864192K), 0.0438543 secs] [Times: user=0.20 sys=0.00, real=0.05 secs] 
4583.137: [GC (Allocation Failure) [PSYoungGen: 418134K->187605K(465920K)] 1379724K->1205203K(1864192K), 0.0462030 secs] [Times: user=0.21 sys=0.00, real=0.04 secs] 
4584.285: [GC (Allocation Failure) [PSYoungGen: 420565K->98427K(465920K)] 1438163K->1186810K(1864192K), 0.0449021 secs] [Times: user=0.23 sys=0.00, real=0.05 secs] 
4585.065: [GC (Allocation Failure) [PSYoungGen: 331387K->172436K(465920K)] 1419770K->1292232K(1864192K), 0.0596979 secs] [Times: user=0.28 sys=0.01, real=0.06 secs] 
4585.260: [GC (Allocation Failure) [PSYoungGen: 405396K->179733K(465920K)] 1525192K->1353668K(1864192K), 0.0433271 secs] [Times: user=0.19 sys=0.01, real=0.04 secs] 
4585.415: [GC (Allocation Failure) [PSYoungGen: 412693K->185815K(465920K)] 1586628K->1422854K(1864192K), 0.0507201 secs] [Times: user=0.23 sys=0.01, real=0.05 secs] 
4586.537: [GC (Allocation Failure) [PSYoungGen: 418775K->173811K(465920K)] 1655814K->1469779K(1864192K), 0.0572562 secs] [Times: user=0.29 sys=0.00, real=0.06 secs] 
4587.598: [GC (GCLocker Initiated GC) [PSYoungGen: 406771K->106892K(465920K)] 1702739K->1469108K(1864192K), 0.1127465 secs] [Times: user=0.61 sys=0.01, real=0.11 secs] 
4587.711: [Full GC (Ergonomics) [PSYoungGen: 106892K->0K(465920K)] [ParOldGen: 1362215K->124536K(1398272K)] 1469108K->124536K(1864192K), [Metaspace: 60475K->60475K(1105920K)], 0.1870975 secs] [Times: user=0.81 sys=0.00, real=0.19 secs] 
4588.631: [GC (Allocation Failure) [PSYoungGen: 232960K->177077K(465920K)] 357791K->301909K(1864192K), 0.0328826 secs] [Times: user=0.13 sys=0.00, real=0.03 secs] 
4588.796: [GC (Allocation Failure) [PSYoungGen: 410037K->185334K(465920K)] 534869K->365730K(1864192K), 0.0415418 secs] [Times: user=0.19 sys=0.00, real=0.05 secs] 
4588.944: [GC (Allocation Failure) [PSYoungGen: 418294K->187605K(465920K)] 598690K->424209K(1864192K), 0.0451905 secs] [Times: user=0.21 sys=0.00, real=0.05 secs] 
4590.178: [GC (Allocation Failure) [PSYoungGen: 420565K->102844K(465920K)] 657169K->409964K(1864192K), 0.0516018 secs] [Times: user=0.27 sys=0.00, real=0.05 secs] 
4591.550: [GC (Allocation Failure) [PSYoungGen: 335804K->171444K(465920K)] 642924K->511361K(1864192K), 0.0728823 secs] [Times: user=0.35 sys=0.00, real=0.07 secs] 
4591.783: [GC (Allocation Failure) [PSYoungGen: 404404K->184950K(465920K)] 744321K->578510K(1864192K), 0.0419623 secs] [Times: user=0.18 sys=0.00, real=0.04 secs] 
4591.932: [GC (Allocation Failure) [PSYoungGen: 411875K->181046K(465920K)] 805436K->638767K(1864192K), 0.0482900 secs] [Times: user=0.22 sys=0.00, real=0.05 secs] 
4592.839: [GC (Allocation Failure) [PSYoungGen: 409470K->206163K(465920K)] 867191K->721508K(1864192K), 0.0536907 secs] [Times: user=0.26 sys=0.00, real=0.05 secs] 
4593.596: [GC (Allocation Failure) [PSYoungGen: 439123K->102396K(465920K)] 954468K->682277K(1864192K), 0.0762174 secs] [Times: user=0.41 sys=0.00, real=0.08 secs] 
4594.045: [GC (Allocation Failure) [PSYoungGen: 335354K->181750K(465920K)] 915235K->794167K(1864192K), 0.0365493 secs] [Times: user=0.15 sys=0.00, real=0.04 secs] 
4594.212: [GC (Allocation Failure) [PSYoungGen: 414710K->185654K(465920K)] 1027127K->854751K(1864192K), 0.0480987 secs] [Times: user=0.23 sys=0.00, real=0.05 secs] 
4594.363: [GC (Allocation Failure) [PSYoungGen: 418614K->187413K(465920K)] 1087711K->912750K(1864192K), 0.0451266 secs] [Times: user=0.21 sys=0.00, real=0.05 secs] 
4595.762: [GC (Allocation Failure) [PSYoungGen: 420373K->96331K(465920K)] 1145710K->892156K(1864192K), 0.0627550 secs] [Times: user=0.34 sys=0.00, real=0.06 secs] 
4596.489: [GC (Allocation Failure) [PSYoungGen: 329291K->172885K(465920K)] 1125116K->1000522K(1864192K), 0.0544827 secs] [Times: user=0.25 sys=0.00, real=0.05 secs] 
4596.809: [GC (Allocation Failure) [PSYoungGen: 405845K->185494K(465920K)] 1233482K->1066779K(1864192K), 0.0540196 secs] [Times: user=0.26 sys=0.00, real=0.05 secs] 
4596.998: [GC (Allocation Failure) [PSYoungGen: 416045K->183702K(465920K)] 1297331K->1129268K(1864192K), 0.0560813 secs] [Times: user=0.27 sys=0.00, real=0.05 secs] 
4598.281: [GC (Allocation Failure) [PSYoungGen: 413630K->206515K(465920K)] 1359196K->1210416K(1864192K), 0.0555538 secs] [Times: user=0.28 sys=0.00, real=0.05 secs] 
4599.798: [GC (GCLocker Initiated GC) [PSYoungGen: 439475K->97659K(465920K)] 1443376K->1166345K(1864192K), 0.1202077 secs] [Times: user=0.66 sys=0.01, real=0.12 secs] 
4600.627: [GC (Allocation Failure) [PSYoungGen: 330619K->184790K(465920K)] 1399308K->1284727K(1864192K), 0.0494156 secs] [Times: user=0.22 sys=0.00, real=0.04 secs] 
4600.802: [GC (Allocation Failure) [PSYoungGen: 417750K->182613K(465920K)] 1517687K->1338431K(1864192K), 0.0438139 secs] [Times: user=0.20 sys=0.00, real=0.04 secs] 
4600.952: [GC (Allocation Failure) [PSYoungGen: 415573K->187125K(465920K)] 1571391K->1398479K(1864192K), 0.0460119 secs] [Times: user=0.21 sys=0.01, real=0.05 secs] 
4602.104: [GC (Allocation Failure) [PSYoungGen: 420085K->106044K(465920K)] 1631439K->1388094K(1864192K), 0.0460949 secs] [Times: user=0.24 sys=0.00, real=0.05 secs] 
4603.078: [GC (Allocation Failure) [PSYoungGen: 339004K->165555K(465920K)] 1621054K->1481442K(1864192K), 0.0888837 secs] [Times: user=0.45 sys=0.00, real=0.08 secs] 
4603.167: [Full GC (Ergonomics) [PSYoungGen: 165555K->0K(465920K)] [ParOldGen: 1315886K->190035K(1398272K)] 1481442K->190035K(1864192K), [Metaspace: 60475K->60475K(1105920K)], 0.2237139 secs] [Times: user=1.05 sys=0.00, real=0.23 secs] 
4603.501: [GC (Allocation Failure) [PSYoungGen: 232960K->185302K(465920K)] 422995K->375337K(1864192K), 0.0332596 secs] [Times: user=0.13 sys=0.00, real=0.03 secs] 
4603.646: [GC (Allocation Failure) [PSYoungGen: 418262K->186007K(465920K)] 608297K->440466K(1864192K), 0.0439343 secs] [Times: user=0.20 sys=0.00, real=0.05 secs] 
4604.583: [GC (Allocation Failure) [PSYoungGen: 416812K->212179K(465920K)] 671271K->525511K(1864192K), 0.0558297 secs] [Times: user=0.28 sys=0.00, real=0.06 secs] 
4605.569: [GC (Allocation Failure) [PSYoungGen: 445139K->105484K(465920K)] 758471K->485456K(1864192K), 0.0737686 secs] [Times: user=0.39 sys=0.00, real=0.07 secs] 
4606.511: [GC (Allocation Failure) [PSYoungGen: 338444K->176277K(465920K)] 718416K->589729K(1864192K), 0.0492832 secs] [Times: user=0.22 sys=0.00, real=0.05 secs] 
4606.686: [GC (Allocation Failure) [PSYoungGen: 409237K->185430K(465920K)] 822689K->654202K(1864192K), 0.0434787 secs] [Times: user=0.20 sys=0.00, real=0.05 secs] 
4606.837: [GC (Allocation Failure) [PSYoungGen: 418390K->187605K(465920K)] 887162K->712593K(1864192K), 0.0459284 secs] [Times: user=0.21 sys=0.00, real=0.05 secs] 
4608.147: [GC (Allocation Failure) [PSYoungGen: 420565K->101084K(465920K)] 945553K->696836K(1864192K), 0.0705610 secs] [Times: user=0.37 sys=0.01, real=0.07 secs] 
4609.144: [GC (Allocation Failure) [PSYoungGen: 334044K->172724K(465920K)] 929796K->800898K(1864192K), 0.0577442 secs] [Times: user=0.27 sys=0.00, real=0.06 secs] 
4609.342: [GC (Allocation Failure) [PSYoungGen: 405684K->185526K(465920K)] 1033858K->868083K(1864192K), 0.0435726 secs] [Times: user=0.20 sys=0.00, real=0.04 secs] 
4609.495: [GC (Allocation Failure) [PSYoungGen: 415387K->182550K(465920K)] 1097944K->929508K(1864192K), 0.0502107 secs] [Times: user=0.24 sys=0.00, real=0.05 secs] 
4610.511: [GC (Allocation Failure) [PSYoungGen: 411413K->205875K(465920K)] 1158370K->1010912K(1864192K), 0.0562327 secs] [Times: user=0.29 sys=0.00, real=0.06 secs] 
4611.161: [GC (Allocation Failure) [PSYoungGen: 438835K->101340K(465920K)] 1243872K->971101K(1864192K), 0.0797698 secs] [Times: user=0.42 sys=0.00, real=0.08 secs] 
4611.689: [GC (Allocation Failure) [PSYoungGen: 334300K->180789K(465920K)] 1204061K->1082640K(1864192K), 0.0402669 secs] [Times: user=0.17 sys=0.00, real=0.04 secs] 
4611.838: [GC (Allocation Failure) [PSYoungGen: 413749K->185366K(465920K)] 1315600K->1143528K(1864192K), 0.0443353 secs] [Times: user=0.20 sys=0.01, real=0.04 secs] 
4611.985: [GC (Allocation Failure) [PSYoungGen: 418326K->187637K(465920K)] 1376488K->1201999K(1864192K), 0.0463297 secs] [Times: user=0.21 sys=0.00, real=0.05 secs] 
4613.179: [GC (Allocation Failure) [PSYoungGen: 420597K->99740K(465920K)] 1434959K->1184614K(1864192K), 0.0464392 secs] [Times: user=0.24 sys=0.00, real=0.04 secs] 
4613.762: [GC (Allocation Failure) [PSYoungGen: 332700K->176021K(465920K)] 1417574K->1293804K(1864192K), 0.0405673 secs] [Times: user=0.18 sys=0.00, real=0.04 secs] 
4613.990: [GC (Allocation Failure) [PSYoungGen: 408981K->185526K(465920K)] 1526764K->1357909K(1864192K), 0.0468620 secs] [Times: user=0.22 sys=0.00, real=0.04 secs] 
4614.224: [GC (Allocation Failure) [PSYoungGen: 417105K->179894K(465920K)] 1589488K->1416733K(1864192K), 0.0624037 secs] [Times: user=0.31 sys=0.00, real=0.06 secs] 
4615.785: [GC (Allocation Failure) [PSYoungGen: 412854K->169203K(465920K)] 1649693K->1462905K(1864192K), 0.0556489 secs] [Times: user=0.28 sys=0.00, real=0.06 secs] 
4616.604: [GC (Allocation Failure) [PSYoungGen: 402163K->106828K(465920K)] 1695865K->1465203K(1864192K), 0.0983897 secs] [Times: user=0.52 sys=0.01, real=0.10 secs] 
4616.702: [Full GC (Ergonomics) [PSYoungGen: 106828K->0K(465920K)] [ParOldGen: 1358374K->124519K(1398272K)] 1465203K->124519K(1864192K), [Metaspace: 60475K->60475K(1105920K)], 0.1816678 secs] [Times: user=0.80 sys=0.00, real=0.18 secs] 
4617.578: [GC (Allocation Failure) [PSYoungGen: 232414K->177013K(465920K)] 356933K->301532K(1864192K), 0.0339020 secs] [Times: user=0.13 sys=0.00, real=0.03 secs] 
4617.808: [GC (Allocation Failure) [PSYoungGen: 409973K->185750K(465920K)] 534492K->366045K(1864192K), 0.0616019 secs] [Times: user=0.29 sys=0.00, real=0.06 secs] 
4618.050: [GC (Allocation Failure) [PSYoungGen: 418710K->187093K(465920K)] 599005K->423580K(1864192K), 0.0631540 secs] [Times: user=0.31 sys=0.01, real=0.06 secs] 
4619.326: [GC (Allocation Failure) [PSYoungGen: 420053K->98331K(465920K)] 656540K->405419K(1864192K), 0.0483345 secs] [Times: user=0.25 sys=0.01, real=0.05 secs] 
4619.880: [GC (Allocation Failure) [PSYoungGen: 331291K->172500K(465920K)] 638379K->511193K(1864192K), 0.0854378 secs] [Times: user=0.42 sys=0.01, real=0.08 secs] 
4620.174: [GC (Allocation Failure) [PSYoungGen: 405460K->185526K(465920K)] 744153K->578478K(1864192K), 0.0523641 secs] [Times: user=0.25 sys=0.00, real=0.05 secs] 
4620.365: [GC (Allocation Failure) [PSYoungGen: 418424K->183350K(465920K)] 811377K->640847K(1864192K), 0.0712643 secs] [Times: user=0.35 sys=0.01, real=0.07 secs] 
4621.469: [GC (Allocation Failure) [PSYoungGen: 416310K->170963K(465920K)] 873807K->686339K(1864192K), 0.0551825 secs] [Times: user=0.28 sys=0.00, real=0.05 secs] 
4622.026: [GC (Allocation Failure) [PSYoungGen: 403923K->110909K(465920K)] 919299K->691685K(1864192K), 0.0990642 secs] [Times: user=0.53 sys=0.00, real=0.10 secs] 
4622.533: [GC (Allocation Failure) [PSYoungGen: 337733K->172532K(465920K)] 918510K->788713K(1864192K), 0.0473717 secs] [Times: user=0.21 sys=0.00, real=0.05 secs] 
4622.783: [GC (Allocation Failure) [PSYoungGen: 405492K->184982K(465920K)] 1021673K->855090K(1864192K), 0.0592167 secs] [Times: user=0.28 sys=0.00, real=0.06 secs] 
4622.994: [GC (Allocation Failure) [PSYoungGen: 417942K->186069K(465920K)] 1088050K->912466K(1864192K), 0.0678518 secs] [Times: user=0.33 sys=0.01, real=0.07 secs] 
4624.267: [GC (Allocation Failure) [PSYoungGen: 419029K->99932K(465920K)] 1145426K->896560K(1864192K), 0.0564397 secs] [Times: user=0.30 sys=0.00, real=0.05 secs] 
4625.727: [GC (Allocation Failure) [PSYoungGen: 332892K->171284K(465920K)] 1129520K->999702K(1864192K), 0.0816425 secs] [Times: user=0.41 sys=0.00, real=0.09 secs] 
4625.965: [GC (Allocation Failure) [PSYoungGen: 404244K->185462K(465920K)] 1232662K->1067887K(1864192K), 0.0434047 secs] [Times: user=0.20 sys=0.01, real=0.05 secs] 
4626.120: [GC (Allocation Failure) [PSYoungGen: 418422K->186039K(465920K)] 1300847K->1132841K(1864192K), 0.0506085 secs] [Times: user=0.23 sys=0.00, real=0.05 secs] 
4627.108: [GC (Allocation Failure) [PSYoungGen: 415816K->206035K(465920K)] 1362618K->1211860K(1864192K), 0.0561535 secs] [Times: user=0.28 sys=0.00, real=0.05 secs] 
4627.923: [GC (Allocation Failure) [PSYoungGen: 438995K->101852K(465920K)] 1444820K->1172302K(1864192K), 0.1030186 secs] [Times: user=0.55 sys=0.00, real=0.10 secs] 
4628.322: [GC (Allocation Failure) [PSYoungGen: 330646K->180342K(465920K)] 1401096K->1283431K(1864192K), 0.0464666 secs] [Times: user=0.20 sys=0.00, real=0.05 secs] 
4628.522: [GC (GCLocker Initiated GC) [PSYoungGen: 413302K->185590K(465920K)] 1516391K->1344912K(1864192K), 0.0500162 secs] [Times: user=0.23 sys=0.00, real=0.05 secs] 
4628.692: [GC (Allocation Failure) [PSYoungGen: 418550K->187605K(465920K)] 1578039K->1403350K(1864192K), 0.0467118 secs] [Times: user=0.22 sys=0.00, real=0.05 secs] 
4630.195: [GC (Allocation Failure) [PSYoungGen: 420565K->98972K(465920K)] 1636310K->1385349K(1864192K), 0.0992407 secs] [Times: user=0.54 sys=0.00, real=0.10 secs] 
4631.129: [GC (GCLocker Initiated GC) [PSYoungGen: 331932K->169364K(465920K)] 1618309K->1488342K(1864192K), 0.0904958 secs] [Times: user=0.45 sys=0.00, real=0.09 secs] 
4631.219: [Full GC (Ergonomics) [PSYoungGen: 169364K->0K(465920K)] [ParOldGen: 1318977K->195074K(1398272K)] 1488342K->195074K(1864192K), [Metaspace: 60475K->60475K(1105920K)], 0.2410451 secs] [Times: user=1.16 sys=0.00, real=0.24 secs] 
4631.579: [GC (Allocation Failure) [PSYoungGen: 232960K->182261K(465920K)] 428165K->377466K(1864192K), 0.0324589 secs] [Times: user=0.13 sys=0.00, real=0.03 secs] 
4631.757: [GC (Allocation Failure) [PSYoungGen: 415221K->185495K(465920K)] 610426K->444500K(1864192K), 0.0442391 secs] [Times: user=0.20 sys=0.00, real=0.04 secs] 
4633.220: [GC (Allocation Failure) [PSYoungGen: 418455K->214547K(465920K)] 677460K->532296K(1864192K), 0.0545914 secs] [Times: user=0.26 sys=0.00, real=0.05 secs] 
4634.843: [GC (Allocation Failure) [PSYoungGen: 447507K->98219K(465920K)] 765256K->481945K(1864192K), 0.0932387 secs] [Times: user=0.50 sys=0.00, real=0.09 secs] 
4635.245: [GC (Allocation Failure) [PSYoungGen: 331179K->181782K(465920K)] 714905K->597376K(1864192K), 0.0358895 secs] [Times: user=0.14 sys=0.00, real=0.04 secs] 
4635.390: [GC (Allocation Failure) [PSYoungGen: 414742K->185334K(465920K)] 830336K->657368K(1864192K), 0.0433952 secs] [Times: user=0.20 sys=0.00, real=0.04 secs] 
4635.538: [GC (Allocation Failure) [PSYoungGen: 418294K->184436K(465920K)] 890328K->712559K(1864192K), 0.0448845 secs] [Times: user=0.21 sys=0.00, real=0.04 secs] 
4636.653: [GC (Allocation Failure) [PSYoungGen: 417396K->102780K(465920K)] 945519K->700566K(1864192K), 0.0443093 secs] [Times: user=0.22 sys=0.01, real=0.05 secs] 
4637.247: [GC (Allocation Failure) [PSYoungGen: 335740K->174197K(465920K)] 933526K->805364K(1864192K), 0.0647104 secs] [Times: user=0.31 sys=0.00, real=0.06 secs] 
4637.506: [GC (Allocation Failure) [PSYoungGen: 407157K->185494K(465920K)] 1038324K->871261K(1864192K), 0.0584361 secs] [Times: user=0.28 sys=0.00, real=0.06 secs] 
4637.680: [GC (Allocation Failure) [PSYoungGen: 418454K->182998K(465920K)] 1104221K->933045K(1864192K), 0.0495303 secs] [Times: user=0.23 sys=0.00, real=0.05 secs] 
4638.638: [GC (Allocation Failure) [PSYoungGen: 412157K->206803K(465920K)] 1162205K->1014978K(1864192K), 0.0544321 secs] [Times: user=0.28 sys=0.00, real=0.05 secs] 
4639.716: [GC (Allocation Failure) [PSYoungGen: 439763K->105612K(465920K)] 1247938K->978491K(1864192K), 0.0826035 secs] [Times: user=0.45 sys=0.00, real=0.09 secs] 
4640.112: [GC (Allocation Failure) [PSYoungGen: 332987K->176437K(465920K)] 1205866K->1083053K(1864192K), 0.0392075 secs] [Times: user=0.17 sys=0.00, real=0.04 secs] 
4640.260: [GC (Allocation Failure) [PSYoungGen: 409397K->185814K(465920K)] 1316013K->1147374K(1864192K), 0.0449581 secs] [Times: user=0.21 sys=0.00, real=0.04 secs] 
4640.632: [GC (Allocation Failure) [PSYoungGen: 418774K->185717K(465920K)] 1380334K->1203589K(1864192K), 0.0675483 secs] [Times: user=0.33 sys=0.00, real=0.07 secs] 
4642.059: [GC (Allocation Failure) [PSYoungGen: 418677K->99708K(465920K)] 1436549K->1187676K(1864192K), 0.0592652 secs] [Times: user=0.31 sys=0.00, real=0.06 secs] 
4643.628: [GC (Allocation Failure) [PSYoungGen: 332668K->169940K(465920K)] 1420636K->1289393K(1864192K), 0.0812336 secs] [Times: user=0.39 sys=0.00, real=0.08 secs] 
4643.885: [GC (Allocation Failure) [PSYoungGen: 402900K->182485K(465920K)] 1522353K->1355226K(1864192K), 0.0431729 secs] [Times: user=0.19 sys=0.00, real=0.05 secs] 
4644.039: [GC (Allocation Failure) [PSYoungGen: 415445K->185335K(465920K)] 1588186K->1421676K(1864192K), 0.0510480 secs] [Times: user=0.23 sys=0.00, real=0.05 secs] 
4644.602: [GC (Allocation Failure) [PSYoungGen: 414689K->209043K(465920K)] 1651031K->1504088K(1864192K), 0.0532870 secs] [Times: user=0.26 sys=0.00, real=0.05 secs] 
4645.629: [GC (Allocation Failure) [PSYoungGen: 442003K->102444K(465920K)] 1737048K->1463809K(1864192K), 0.0866491 secs] [Times: user=0.46 sys=0.00, real=0.08 secs] 
4645.716: [Full GC (Ergonomics) [PSYoungGen: 102444K->0K(465920K)] [ParOldGen: 1361365K->120120K(1398272K)] 1463809K->120120K(1864192K), [Metaspace: 60476K->60476K(1105920K)], 0.1727832 secs] [Times: user=0.77 sys=0.01, real=0.18 secs] 
4646.244: [GC (Allocation Failure) [PSYoungGen: 232960K->177717K(465920K)] 353080K->297838K(1864192K), 0.0358344 secs] [Times: user=0.14 sys=0.00, real=0.04 secs] 
4646.426: [GC (Allocation Failure) [PSYoungGen: 410677K->185078K(465920K)] 530798K->361078K(1864192K), 0.0411251 secs] [Times: user=0.18 sys=0.00, real=0.04 secs] 
4646.579: [GC (Allocation Failure) [PSYoungGen: 418038K->203701K(465920K)] 594038K->435662K(1864192K), 0.0451538 secs] [Times: user=0.21 sys=0.00, real=0.04 secs] 
4648.079: [GC (Allocation Failure) [PSYoungGen: 436661K->99500K(465920K)] 668622K->402196K(1864192K), 0.1119259 secs] [Times: user=0.61 sys=0.00, real=0.11 secs] 
4648.731: [GC (Allocation Failure) [PSYoungGen: 332460K->175029K(465920K)] 635156K->510642K(1864192K), 0.0639817 secs] [Times: user=0.31 sys=0.00, real=0.06 secs] 
4648.994: [GC (Allocation Failure) [PSYoungGen: 407989K->182293K(465920K)] 743602K->572274K(1864192K), 0.0572337 secs] [Times: user=0.27 sys=0.00, real=0.06 secs] 
4649.190: [GC (Allocation Failure) [PSYoungGen: 415253K->185751K(465920K)] 805234K->639756K(1864192K), 0.0678050 secs] [Times: user=0.32 sys=0.00, real=0.07 secs] 
4650.383: [GC (Allocation Failure) [PSYoungGen: 418711K->170515K(465920K)] 872716K->683472K(1864192K), 0.0562064 secs] [Times: user=0.29 sys=0.00, real=0.06 secs] 
4651.572: [GC (Allocation Failure) [PSYoungGen: 403475K->106428K(465920K)] 916432K->684385K(1864192K), 0.0887945 secs] [Times: user=0.47 sys=0.00, real=0.09 secs] 
4651.897: [GC (Allocation Failure) [PSYoungGen: 339388K->179605K(465920K)] 917345K->791595K(1864192K), 0.0363592 secs] [Times: user=0.16 sys=0.00, real=0.04 secs] 
4652.044: [GC (Allocation Failure) [PSYoungGen: 412565K->181558K(465920K)] 1024555K->856388K(1864192K), 0.0493794 secs] [Times: user=0.23 sys=0.00, real=0.05 secs] 
4652.200: [GC (Allocation Failure) [PSYoungGen: 414518K->187605K(465920K)] 1089348K->920219K(1864192K), 0.0594678 secs] [Times: user=0.29 sys=0.00, real=0.06 secs] 
4653.365: [GC (Allocation Failure) [PSYoungGen: 420565K->98363K(465920K)] 1153179K->901617K(1864192K), 0.0479309 secs] [Times: user=0.25 sys=0.00, real=0.05 secs] 
4653.903: [GC (Allocation Failure) [PSYoungGen: 331323K->175413K(465920K)] 1134577K->1011075K(1864192K), 0.0551656 secs] [Times: user=0.26 sys=0.00, real=0.06 secs] 
4654.116: [GC (Allocation Failure) [PSYoungGen: 408373K->185398K(465920K)] 1244035K->1075856K(1864192K), 0.0588645 secs] [Times: user=0.28 sys=0.00, real=0.06 secs] 
4654.300: [GC (Allocation Failure) [PSYoungGen: 414265K->178454K(465920K)] 1304724K->1133440K(1864192K), 0.0504939 secs] [Times: user=0.24 sys=0.00, real=0.05 secs] 
4655.319: [GC (Allocation Failure) [PSYoungGen: 411414K->168403K(465920K)] 1366400K->1179829K(1864192K), 0.0557412 secs] [Times: user=0.28 sys=0.00, real=0.05 secs] 
4655.974: [GC (Allocation Failure) [PSYoungGen: 401363K->110589K(465920K)] 1412789K->1186583K(1864192K), 0.0999296 secs] [Times: user=0.53 sys=0.01, real=0.10 secs] 
4656.719: [GC (Allocation Failure) [PSYoungGen: 343549K->178965K(465920K)] 1419543K->1289823K(1864192K), 0.0538813 secs] [Times: user=0.25 sys=0.00, real=0.05 secs] 
4656.946: [GC (Allocation Failure) [PSYoungGen: 411925K->185591K(465920K)] 1522783K->1359241K(1864192K), 0.0634002 secs] [Times: user=0.32 sys=0.00, real=0.07 secs] 
4657.112: [GC (Allocation Failure) [PSYoungGen: 418551K->198900K(465920K)] 1592201K->1431335K(1864192K), 0.0601730 secs] [Times: user=0.30 sys=0.00, real=0.06 secs] 
4658.492: [GC (Allocation Failure) [PSYoungGen: 431860K->104300K(465920K)] 1664295K->1406103K(1864192K), 0.0752895 secs] [Times: user=0.40 sys=0.00, real=0.08 secs] 
4660.140: [GC (Allocation Failure) [PSYoungGen: 337260K->172244K(465920K)] 1639063K->1507524K(1864192K), 0.0799241 secs] [Times: user=0.39 sys=0.00, real=0.08 secs] 
4660.220: [Full GC (Ergonomics) [PSYoungGen: 172244K->0K(465920K)] [ParOldGen: 1335279K->199900K(1398272K)] 1507524K->199900K(1864192K), [Metaspace: 60476K->60476K(1105920K)], 0.2339670 secs] [Times: user=1.11 sys=0.00, real=0.23 secs] 
4660.558: [GC (Allocation Failure) [PSYoungGen: 232960K->179733K(465920K)] 432860K->379633K(1864192K), 0.0321860 secs] [Times: user=0.13 sys=0.00, real=0.03 secs] 
4660.697: [GC (Allocation Failure) [PSYoungGen: 409639K->180566K(465920K)] 609539K->443586K(1864192K), 0.0434715 secs] [Times: user=0.20 sys=0.00, real=0.05 secs] 
4661.684: [GC (Allocation Failure) [PSYoungGen: 413526K->168499K(463872K)] 676546K->488999K(1862144K), 0.0530040 secs] [Times: user=0.26 sys=0.00, real=0.05 secs] 
4662.699: [GC (Allocation Failure) [PSYoungGen: 401459K->110861K(464896K)] 721959K->495693K(1863168K), 0.1100855 secs] [Times: user=0.59 sys=0.00, real=0.11 secs] 
4663.502: [GC (Allocation Failure) [PSYoungGen: 337576K->172820K(465920K)] 722408K->592241K(1864192K), 0.0498434 secs] [Times: user=0.22 sys=0.00, real=0.05 secs] 
4663.729: [GC (Allocation Failure) [PSYoungGen: 406804K->186006K(465920K)] 826225K->659439K(1864192K), 0.0602735 secs] [Times: user=0.29 sys=0.00, real=0.06 secs] 
4663.906: [GC (Allocation Failure) [PSYoungGen: 419990K->188597K(465920K)] 893423K->718278K(1864192K), 0.0453688 secs] [Times: user=0.21 sys=0.00, real=0.05 secs] 
4665.412: [GC (Allocation Failure) [PSYoungGen: 421557K->96379K(465920K)] 951238K->697188K(1864192K), 0.0886906 secs] [Times: user=0.48 sys=0.00, real=0.09 secs] 
4666.786: [GC (GCLocker Initiated GC) [PSYoungGen: 329339K->173493K(465920K)] 930149K->805676K(1864192K), 0.0711504 secs] [Times: user=0.34 sys=0.00, real=0.08 secs] 
4667.008: [GC (Allocation Failure) [PSYoungGen: 406453K->194038K(465920K)] 1038802K->880699K(1864192K), 0.0438393 secs] [Times: user=0.19 sys=0.00, real=0.04 secs] 
4667.181: [GC (Allocation Failure) [PSYoungGen: 422523K->182646K(465920K)] 1109185K->933924K(1864192K), 0.0559261 secs] [Times: user=0.27 sys=0.00, real=0.05 secs] 
4668.135: [GC (Allocation Failure) [PSYoungGen: 411496K->207123K(465920K)] 1162773K->1016433K(1864192K), 0.0563347 secs] [Times: user=0.28 sys=0.00, real=0.06 secs] 
4669.130: [GC (Allocation Failure) [PSYoungGen: 440083K->100491K(465920K)] 1249393K->974873K(1864192K), 0.1153765 secs] [Times: user=0.64 sys=0.00, real=0.11 secs] 
4669.569: [GC (Allocation Failure) [PSYoungGen: 333451K->181366K(465920K)] 1207833K->1088636K(1864192K), 0.0405917 secs] [Times: user=0.18 sys=0.00, real=0.04 secs] 
4669.744: [GC (GCLocker Initiated GC) [PSYoungGen: 414326K->183029K(465920K)] 1321596K->1146652K(1864192K), 0.0592490 secs] [Times: user=0.28 sys=0.01, real=0.06 secs] 
4669.940: [GC (Allocation Failure) [PSYoungGen: 415989K->185493K(465920K)] 1379779K->1204578K(1864192K), 0.0463016 secs] [Times: user=0.22 sys=0.01, real=0.04 secs] 
4671.103: [GC (Allocation Failure) [PSYoungGen: 418453K->99452K(465920K)] 1437538K->1188441K(1864192K), 0.0514843 secs] [Times: user=0.27 sys=0.00, real=0.05 secs] 
4671.811: [GC (Allocation Failure) [PSYoungGen: 332412K->173781K(465920K)] 1421401K->1295206K(1864192K), 0.0836152 secs] [Times: user=0.41 sys=0.00, real=0.08 secs] 
4672.095: [GC (Allocation Failure) [PSYoungGen: 406741K->182421K(465920K)] 1528166K->1358119K(1864192K), 0.0528927 secs] [Times: user=0.25 sys=0.00, real=0.06 secs] 
4672.283: [GC (Allocation Failure) [PSYoungGen: 415365K->185815K(465920K)] 1591063K->1425289K(1864192K), 0.0644861 secs] [Times: user=0.32 sys=0.00, real=0.07 secs] 
4673.245: [GC (Allocation Failure) [PSYoungGen: 417814K->209651K(465920K)] 1657288K->1507917K(1864192K), 0.0574457 secs] [Times: user=0.29 sys=0.01, real=0.06 secs] 
4674.349: [GC (Allocation Failure) [PSYoungGen: 442611K->105164K(465920K)] 1740877K->1469390K(1864192K), 0.1084252 secs] [Times: user=0.59 sys=0.00, real=0.11 secs] 
4674.458: [Full GC (Ergonomics) [PSYoungGen: 105164K->0K(465920K)] [ParOldGen: 1364225K->122848K(1398272K)] 1469390K->122848K(1864192K), [Metaspace: 60477K->60477K(1105920K)], 0.1881370 secs] [Times: user=0.83 sys=0.00, real=0.18 secs] 
4674.962: [GC (Allocation Failure) [PSYoungGen: 228186K->176917K(465920K)] 351034K->299766K(1864192K), 0.0241767 secs] [Times: user=0.08 sys=0.00, real=0.02 secs] 
4675.094: [GC (Allocation Failure) [PSYoungGen: 409877K->185718K(465920K)] 532726K->363694K(1864192K), 0.0410402 secs] [Times: user=0.18 sys=0.00, real=0.04 secs] 
4675.240: [GC (GCLocker Initiated GC) [PSYoungGen: 418678K->184212K(465920K)] 596655K->418486K(1864192K), 0.0442861 secs] [Times: user=0.21 sys=0.01, real=0.04 secs] 
4676.693: [GC (Allocation Failure) [PSYoungGen: 417172K->100124K(465920K)] 651448K->403847K(1864192K), 0.0679127 secs] [Times: user=0.36 sys=0.00, real=0.07 secs] 
4677.828: [GC (GCLocker Initiated GC) [PSYoungGen: 333084K->169012K(465920K)] 636808K->504589K(1864192K), 0.0690244 secs] [Times: user=0.34 sys=0.00, real=0.06 secs] 
4678.048: [GC (Allocation Failure) [PSYoungGen: 401972K->180853K(465920K)] 737553K->569398K(1864192K), 0.0440354 secs] [Times: user=0.18 sys=0.00, real=0.04 secs] 
4678.256: [GC (Allocation Failure) [PSYoungGen: 413813K->185111K(465920K)] 802358K->636880K(1864192K), 0.0772724 secs] [Times: user=0.38 sys=0.00, real=0.08 secs] 
4679.074: [GC (Allocation Failure) [PSYoungGen: 418071K->199540K(465920K)] 869840K->709965K(1864192K), 0.0541670 secs] [Times: user=0.26 sys=0.00, real=0.06 secs] 
4679.866: [GC (Allocation Failure) [PSYoungGen: 432500K->102092K(465920K)] 942925K->680453K(1864192K), 0.0997287 secs] [Times: user=0.53 sys=0.00, real=0.10 secs] 
4680.941: [GC (Allocation Failure) [PSYoungGen: 335052K->176757K(465920K)] 913413K->787235K(1864192K), 0.0495461 secs] [Times: user=0.22 sys=0.00, real=0.05 secs] 
4681.120: [GC (Allocation Failure) [PSYoungGen: 409717K->185206K(465920K)] 1020195K->851180K(1864192K), 0.0436910 secs] [Times: user=0.20 sys=0.00, real=0.04 secs] 
4681.271: [GC (Allocation Failure) [PSYoungGen: 418166K->187413K(465920K)] 1084140K->909451K(1864192K), 0.0461670 secs] [Times: user=0.22 sys=0.00, real=0.04 secs] 
4682.505: [GC (Allocation Failure) [PSYoungGen: 420373K->102204K(465920K)] 1142411K->894858K(1864192K), 0.0570428 secs] [Times: user=0.30 sys=0.00, real=0.06 secs] 
4683.127: [GC (Allocation Failure) [PSYoungGen: 335164K->172980K(465920K)] 1127818K->998787K(1864192K), 0.0551152 secs] [Times: user=0.25 sys=0.00, real=0.06 secs] 
4683.368: [GC (Allocation Failure) [PSYoungGen: 405940K->185302K(465920K)] 1231747K->1065433K(1864192K), 0.0608935 secs] [Times: user=0.29 sys=0.00, real=0.06 secs] 
4683.553: [GC (Allocation Failure) [PSYoungGen: 418262K->184343K(465920K)] 1298393K->1128930K(1864192K), 0.0499153 secs] [Times: user=0.24 sys=0.00, real=0.05 secs] 
4684.606: [GC (Allocation Failure) [PSYoungGen: 417303K->169683K(465920K)] 1361890K->1172942K(1864192K), 0.0576520 secs] [Times: user=0.29 sys=0.00, real=0.06 secs] 
4685.578: [GC (Allocation Failure) [PSYoungGen: 402643K->106668K(465920K)] 1405902K->1174703K(1864192K), 0.0878925 secs] [Times: user=0.47 sys=0.00, real=0.08 secs] 
4685.933: [GC (Allocation Failure) [PSYoungGen: 334410K->175733K(465920K)] 1402445K->1278101K(1864192K), 0.0351713 secs] [Times: user=0.15 sys=0.00, real=0.04 secs] 
4686.078: [GC (Allocation Failure) [PSYoungGen: 408693K->185430K(465920K)] 1511061K->1342654K(1864192K), 0.0434809 secs] [Times: user=0.19 sys=0.00, real=0.04 secs] 
4686.228: [GC (Allocation Failure) [PSYoungGen: 418390K->187349K(465920K)] 1575614K->1400733K(1864192K), 0.0460029 secs] [Times: user=0.21 sys=0.00, real=0.04 secs] 
4687.399: [GC (Allocation Failure) [PSYoungGen: 420309K->98059K(465920K)] 1633693K->1382004K(1864192K), 0.0444562 secs] [Times: user=0.23 sys=0.00, real=0.04 secs] 
4687.938: [GC (Allocation Failure) [PSYoungGen: 331019K->175381K(465920K)] 1614964K->1491046K(1864192K), 0.0583055 secs] [Times: user=0.27 sys=0.00, real=0.05 secs] 
4687.996: [Full GC (Ergonomics) [PSYoungGen: 175381K->0K(465920K)] [ParOldGen: 1315664K->200185K(1398272K)] 1491046K->200185K(1864192K), [Metaspace: 60478K->60478K(1105920K)], 0.2164168 secs] [Times: user=1.00 sys=0.00, real=0.22 secs] 
4688.346: [GC (Allocation Failure) [PSYoungGen: 232960K->179829K(465920K)] 433145K->380014K(1864192K), 0.0320286 secs] [Times: user=0.13 sys=0.00, real=0.04 secs] 
4688.490: [GC (Allocation Failure) [PSYoungGen: 412789K->185847K(465920K)] 612974K->457660K(1864192K), 0.0442311 secs] [Times: user=0.20 sys=0.00, real=0.04 secs] 
4689.512: [GC (Allocation Failure) [PSYoungGen: 418807K->171219K(465920K)] 690620K->502017K(1864192K), 0.0545627 secs] [Times: user=0.26 sys=0.01, real=0.05 secs] 
4690.372: [GC (GCLocker Initiated GC) [PSYoungGen: 404179K->108589K(465920K)] 734977K->504698K(1864192K), 0.0669531 secs] [Times: user=0.35 sys=0.00, real=0.07 secs] 
4690.747: [GC (Allocation Failure) [PSYoungGen: 341549K->179829K(465920K)] 737661K->611009K(1864192K), 0.0364497 secs] [Times: user=0.15 sys=0.00, real=0.04 secs] 
4690.893: [GC (Allocation Failure) [PSYoungGen: 412789K->185111K(465920K)] 843969K->679195K(1864192K), 0.0499767 secs] [Times: user=0.23 sys=0.00, real=0.05 secs] 
4691.068: [GC (Allocation Failure) [PSYoungGen: 418071K->184308K(465920K)] 912155K->737145K(1864192K), 0.0609997 secs] [Times: user=0.30 sys=0.00, real=0.06 secs] 
4692.480: [GC (Allocation Failure) [PSYoungGen: 417268K->98571K(465920K)] 970105K->721048K(1864192K), 0.0767139 secs] [Times: user=0.42 sys=0.00, real=0.07 secs] 
4693.899: [GC (Allocation Failure) [PSYoungGen: 331531K->171668K(465920K)] 954008K->825389K(1864192K), 0.0783038 secs] [Times: user=0.37 sys=0.01, real=0.08 secs] 
4694.141: [GC (Allocation Failure) [PSYoungGen: 404628K->185366K(465920K)] 1058349K->893319K(1864192K), 0.0429280 secs] [Times: user=0.19 sys=0.00, real=0.04 secs] 
4694.292: [GC (Allocation Failure) [PSYoungGen: 417988K->180374K(465920K)] 1125942K->952655K(1864192K), 0.0498753 secs] [Times: user=0.23 sys=0.00, real=0.05 secs] 
4695.318: [GC (Allocation Failure) [PSYoungGen: 413334K->169619K(465920K)] 1185615K->999172K(1864192K), 0.0546194 secs] [Times: user=0.27 sys=0.00, real=0.05 secs] 
4695.913: [GC (Allocation Failure) [PSYoungGen: 402579K->109821K(465920K)] 1232132K->1004190K(1864192K), 0.0776924 secs] [Times: user=0.40 sys=0.01, real=0.08 secs] 
4696.425: [GC (Allocation Failure) [PSYoungGen: 342781K->179189K(465920K)] 1237150K->1108439K(1864192K), 0.0505139 secs] [Times: user=0.23 sys=0.00, real=0.05 secs] 
4696.653: [GC (Allocation Failure) [PSYoungGen: 412149K->182486K(465920K)] 1341399K->1174556K(1864192K), 0.0757498 secs] [Times: user=0.38 sys=0.00, real=0.08 secs] 
4696.847: [GC (Allocation Failure) [PSYoungGen: 415446K->187509K(465920K)] 1407516K->1237819K(1864192K), 0.0603498 secs] [Times: user=0.30 sys=0.00, real=0.07 secs] 
4698.208: [GC (GCLocker Initiated GC) [PSYoungGen: 420469K->99740K(465920K)] 1470780K->1220770K(1864192K), 0.0656332 secs] [Times: user=0.35 sys=0.00, real=0.06 secs] 
4698.707: [GC (Allocation Failure) [PSYoungGen: 332700K->176277K(465920K)] 1453732K->1329907K(1864192K), 0.0608802 secs] [Times: user=0.29 sys=0.00, real=0.06 secs] 
4698.946: [GC (Allocation Failure) [PSYoungGen: 409237K->182549K(465920K)] 1562867K->1391091K(1864192K), 0.0599610 secs] [Times: user=0.29 sys=0.00, real=0.06 secs] 
4699.118: [GC (Allocation Failure) [PSYoungGen: 402208K->175157K(465920K)] 1610749K->1447619K(1864192K), 0.0499439 secs] [Times: user=0.24 sys=0.00, real=0.05 secs] 
4700.157: [GC (Allocation Failure) [PSYoungGen: 408117K->169555K(402944K)] 1680579K->1497808K(1801216K), 0.0585237 secs] [Times: user=0.30 sys=0.00, real=0.06 secs] 
4700.215: [Full GC (Ergonomics) [PSYoungGen: 169555K->0K(402944K)] [ParOldGen: 1328253K->359085K(1398272K)] 1497808K->359085K(1801216K), [Metaspace: 60478K->60478K(1105920K)], 0.5917122 secs] [Times: user=2.56 sys=0.00, real=0.60 secs] 
4702.167: [GC (Allocation Failure) [PSYoungGen: 232960K->107916K(461824K)] 592045K->467002K(1860096K), 0.0453894 secs] [Times: user=0.17 sys=0.00, real=0.04 secs] 
4702.793: [GC (Allocation Failure) [PSYoungGen: 335966K->174613K(463872K)] 695052K->568532K(1862144K), 0.0488522 secs] [Times: user=0.21 sys=0.00, real=0.05 secs] 
4702.964: [GC (Allocation Failure) [PSYoungGen: 405525K->180949K(465408K)] 799444K->628660K(1863680K), 0.0418384 secs] [Times: user=0.19 sys=0.00, real=0.04 secs] 
4703.113: [GC (Allocation Failure) [PSYoungGen: 414421K->188149K(465920K)] 862132K->690796K(1864192K), 0.0445771 secs] [Times: user=0.20 sys=0.00, real=0.05 secs] 
4704.366: [GC (Allocation Failure) [PSYoungGen: 421621K->99276K(465920K)] 924268K->672850K(1864192K), 0.0547969 secs] [Times: user=0.29 sys=0.00, real=0.06 secs] 
4705.288: [GC (GCLocker Initiated GC) [PSYoungGen: 332236K->168980K(465920K)] 905811K->774416K(1864192K), 0.0896748 secs] [Times: user=0.44 sys=0.00, real=0.09 secs] 
4705.562: [GC (Allocation Failure) [PSYoungGen: 401940K->182837K(465920K)] 1007379K->841237K(1864192K), 0.0418583 secs] [Times: user=0.19 sys=0.00, real=0.04 secs] 
4705.714: [GC (Allocation Failure) [PSYoungGen: 415797K->185815K(465920K)] 1074197K->908094K(1864192K), 0.0494754 secs] [Times: user=0.23 sys=0.00, real=0.05 secs] 
4706.620: [GC (Allocation Failure) [PSYoungGen: 418472K->213492K(465920K)] 1140751K->994531K(1864192K), 0.0574370 secs] [Times: user=0.28 sys=0.00, real=0.06 secs] 
4707.623: [GC (Allocation Failure) [PSYoungGen: 446452K->105340K(465920K)] 1227491K->953452K(1864192K), 0.0761536 secs] [Times: user=0.40 sys=0.00, real=0.08 secs] 
4708.193: [GC (Allocation Failure) [PSYoungGen: 338300K->178229K(465920K)] 1186412K->1059481K(1864192K), 0.0450893 secs] [Times: user=0.20 sys=0.00, real=0.05 secs] 
4708.405: [GC (Allocation Failure) [PSYoungGen: 411189K->185462K(465920K)] 1292441K->1122614K(1864192K), 0.0655671 secs] [Times: user=0.31 sys=0.00, real=0.07 secs] 
4708.654: [GC (Allocation Failure) [PSYoungGen: 418422K->187509K(465920K)] 1355574K->1180861K(1864192K), 0.0660148 secs] [Times: user=0.30 sys=0.00, real=0.07 secs] 
4709.907: [GC (Allocation Failure) [PSYoungGen: 420469K->98571K(465920K)] 1413821K->1162592K(1864192K), 0.0492083 secs] [Times: user=0.26 sys=0.00, real=0.05 secs] 
4710.890: [GC (GCLocker Initiated GC) [PSYoungGen: 331531K->170932K(465920K)] 1395553K->1266342K(1864192K), 0.0796882 secs] [Times: user=0.38 sys=0.00, real=0.08 secs] 
4711.189: [GC (Allocation Failure) [PSYoungGen: 403892K->182901K(465920K)] 1499469K->1332106K(1864192K), 0.0548789 secs] [Times: user=0.26 sys=0.00, real=0.05 secs] 
4711.379: [GC (Allocation Failure) [PSYoungGen: 415861K->185687K(465920K)] 1565066K->1398828K(1864192K), 0.0737936 secs] [Times: user=0.36 sys=0.00, real=0.07 secs] 
4712.526: [GC (Allocation Failure) [PSYoungGen: 418647K->171731K(465920K)] 1631788K->1443664K(1864192K), 0.0601838 secs] [Times: user=0.31 sys=0.00, real=0.06 secs] 
4713.290: [GC (Allocation Failure) [PSYoungGen: 404691K->106940K(465920K)] 1676624K->1444561K(1864192K), 0.0744008 secs] [Times: user=0.40 sys=0.00, real=0.07 secs] 
4713.364: [Full GC (Ergonomics) [PSYoungGen: 106940K->0K(465920K)] [ParOldGen: 1337620K->124202K(1398272K)] 1444561K->124202K(1864192K), [Metaspace: 60478K->60478K(1105920K)], 0.1669687 secs] [Times: user=0.73 sys=0.00, real=0.17 secs] 
4714.437: [GC (Allocation Failure) [PSYoungGen: 232960K->176085K(465920K)] 357162K->300287K(1864192K), 0.0326912 secs] [Times: user=0.13 sys=0.00, real=0.04 secs] 
4714.599: [GC (Allocation Failure) [PSYoungGen: 409045K->185366K(465920K)] 533247K->365096K(1864192K), 0.0413809 secs] [Times: user=0.19 sys=0.00, real=0.04 secs] 
4714.747: [GC (Allocation Failure) [PSYoungGen: 418326K->187413K(465920K)] 598056K->423119K(1864192K), 0.0447873 secs] [Times: user=0.21 sys=0.00, real=0.05 secs] 
4715.982: [GC (Allocation Failure) [PSYoungGen: 420373K->99308K(465920K)] 656079K->405626K(1864192K), 0.0554296 secs] [Times: user=0.29 sys=0.00, real=0.06 secs] 
4716.819: [GC (Allocation Failure) [PSYoungGen: 332268K->173140K(465920K)] 638586K->511296K(1864192K), 0.0587982 secs] [Times: user=0.28 sys=0.00, real=0.06 secs] 
4717.013: [GC (Allocation Failure) [PSYoungGen: 406100K->185462K(465920K)] 744256K->578145K(1864192K), 0.0425052 secs] [Times: user=0.19 sys=0.00, real=0.04 secs] 
4717.166: [GC (Allocation Failure) [PSYoungGen: 415266K->182454K(465920K)] 807949K->639610K(1864192K), 0.0490786 secs] [Times: user=0.23 sys=0.00, real=0.05 secs] 
4718.252: [GC (Allocation Failure) [PSYoungGen: 415414K->191405K(465920K)] 872570K->706496K(1864192K), 0.0500243 secs] [Times: user=0.24 sys=0.00, real=0.05 secs] 
4719.300: [GC (Allocation Failure) [PSYoungGen: 424365K->102284K(465920K)] 939456K->682167K(1864192K), 0.1015346 secs] [Times: user=0.53 sys=0.00, real=0.10 secs] 
4719.679: [GC (Allocation Failure) [PSYoungGen: 329767K->179637K(465920K)] 909650K->792874K(1864192K), 0.0456267 secs] [Times: user=0.20 sys=0.01, real=0.04 secs] 
4719.841: [GC (Allocation Failure) [PSYoungGen: 412597K->185526K(465920K)] 1025834K->854458K(1864192K), 0.0434692 secs] [Times: user=0.19 sys=0.00, real=0.04 secs] 
4719.989: [GC (Allocation Failure) [PSYoungGen: 418486K->184404K(465920K)] 1087418K->909329K(1864192K), 0.0452618 secs] [Times: user=0.21 sys=0.00, real=0.04 secs] 
4721.194: [GC (Allocation Failure) [PSYoungGen: 417364K->101532K(465920K)] 1142289K->896016K(1864192K), 0.0462033 secs] [Times: user=0.24 sys=0.01, real=0.05 secs] 
4722.146: [GC (Allocation Failure) [PSYoungGen: 334492K->172180K(465920K)] 1128976K->999366K(1864192K), 0.0916748 secs] [Times: user=0.45 sys=0.00, real=0.10 secs] 
4722.412: [GC (Allocation Failure) [PSYoungGen: 405140K->185270K(465920K)] 1232326K->1066599K(1864192K), 0.0430932 secs] [Times: user=0.19 sys=0.00, real=0.04 secs] 
4722.588: [GC (Allocation Failure) [PSYoungGen: 418230K->183414K(465920K)] 1299559K->1129064K(1864192K), 0.0677171 secs] [Times: user=0.33 sys=0.00, real=0.06 secs] 
4723.640: [GC (Allocation Failure) [PSYoungGen: 416374K->170835K(465920K)] 1362024K->1174628K(1864192K), 0.0581701 secs] [Times: user=0.29 sys=0.00, real=0.06 secs] 
4724.390: [GC (Allocation Failure) [PSYoungGen: 403795K->110733K(465920K)] 1407588K->1179798K(1864192K), 0.0853496 secs] [Times: user=0.45 sys=0.01, real=0.08 secs] 
4724.740: [GC (Allocation Failure) [PSYoungGen: 343693K->179765K(465920K)] 1412758K->1283619K(1864192K), 0.0369386 secs] [Times: user=0.16 sys=0.00, real=0.03 secs] 
4724.886: [GC (GCLocker Initiated GC) [PSYoungGen: 412725K->181238K(465920K)] 1516579K->1348056K(1864192K), 0.0491533 secs] [Times: user=0.23 sys=0.00, real=0.05 secs] 
4725.042: [GC (Allocation Failure) [PSYoungGen: 414198K->187605K(465920K)] 1581183K->1412462K(1864192K), 0.0564900 secs] [Times: user=0.27 sys=0.00, real=0.06 secs] 
4726.370: [GC (Allocation Failure) [PSYoungGen: 420565K->98139K(465920K)] 1645422K->1393725K(1864192K), 0.0665491 secs] [Times: user=0.35 sys=0.00, real=0.06 secs] 
4727.751: [GC (Allocation Failure) [PSYoungGen: 331099K->170964K(465920K)] 1626685K->1497626K(1864192K), 0.0814752 secs] [Times: user=0.39 sys=0.00, real=0.08 secs] 
4727.832: [Full GC (Ergonomics) [PSYoungGen: 170964K->0K(465920K)] [ParOldGen: 1326661K->197647K(1398272K)] 1497626K->197647K(1864192K), [Metaspace: 60478K->60478K(1105920K)], 0.2478633 secs] [Times: user=1.20 sys=0.00, real=0.25 secs] 
4728.196: [GC (Allocation Failure) [PSYoungGen: 232960K->182709K(465920K)] 430607K->380357K(1864192K), 0.0327835 secs] [Times: user=0.14 sys=0.00, real=0.04 secs] 
4728.350: [GC (Allocation Failure) [PSYoungGen: 411796K->181334K(465920K)] 609443K->442990K(1864192K), 0.0433282 secs] [Times: user=0.19 sys=0.00, real=0.04 secs] 
4729.242: [GC (Allocation Failure) [PSYoungGen: 409498K->206355K(465920K)] 671154K->525650K(1864192K), 0.0540522 secs] [Times: user=0.26 sys=0.00, real=0.05 secs] 
4729.926: [GC (Allocation Failure) [PSYoungGen: 439315K->106044K(465920K)] 758610K->490036K(1864192K), 0.0895143 secs] [Times: user=0.47 sys=0.00, real=0.09 secs] 
4730.463: [GC (Allocation Failure) [PSYoungGen: 334739K->177269K(465920K)] 718731K->595041K(1864192K), 0.0455215 secs] [Times: user=0.20 sys=0.00, real=0.05 secs] 
4730.623: [GC (Allocation Failure) [PSYoungGen: 410229K->183669K(465920K)] 828001K->656757K(1864192K), 0.0429213 secs] [Times: user=0.19 sys=0.00, real=0.04 secs] 
4730.773: [GC (Allocation Failure) [PSYoungGen: 416629K->187093K(465920K)] 889717K->716101K(1864192K), 0.0452540 secs] [Times: user=0.20 sys=0.00, real=0.05 secs] 
4732.135: [GC (Allocation Failure) [PSYoungGen: 420053K->99500K(465920K)] 949061K->698891K(1864192K), 0.0585850 secs] [Times: user=0.31 sys=0.00, real=0.06 secs] 
4733.144: [GC (Allocation Failure) [PSYoungGen: 332460K->174357K(465920K)] 931851K->806553K(1864192K), 0.0636177 secs] [Times: user=0.31 sys=0.00, real=0.07 secs] 
4733.337: [GC (Allocation Failure) [PSYoungGen: 407317K->185366K(465920K)] 1039513K->871886K(1864192K), 0.0428122 secs] [Times: user=0.19 sys=0.00, real=0.04 secs] 
4733.512: [GC (Allocation Failure) [PSYoungGen: 418326K->182902K(465920K)] 1104846K->934142K(1864192K), 0.0665580 secs] [Times: user=0.33 sys=0.00, real=0.07 secs] 
4734.610: [GC (Allocation Failure) [PSYoungGen: 415862K->169875K(465920K)] 1167102K->978899K(1864192K), 0.0543341 secs] [Times: user=0.27 sys=0.00, real=0.05 secs] 
4735.815: [GC (Allocation Failure) [PSYoungGen: 402835K->105596K(465920K)] 1211859K->979524K(1864192K), 0.1020290 secs] [Times: user=0.55 sys=0.00, real=0.11 secs] 
4736.182: [GC (Allocation Failure) [PSYoungGen: 332492K->176085K(465920K)] 1206420K->1083966K(1864192K), 0.0368790 secs] [Times: user=0.15 sys=0.01, real=0.04 secs] 
4736.360: [GC (Allocation Failure) [PSYoungGen: 409045K->185462K(465920K)] 1316926K->1148295K(1864192K), 0.0647630 secs] [Times: user=0.31 sys=0.00, real=0.06 secs] 
4736.566: [GC (Allocation Failure) [PSYoungGen: 418422K->187669K(465920K)] 1381255K->1206606K(1864192K), 0.0464513 secs] [Times: user=0.22 sys=0.00, real=0.05 secs] 
4737.848: [GC (Allocation Failure) [PSYoungGen: 420629K->97259K(465920K)] 1439566K->1187140K(1864192K), 0.0483845 secs] [Times: user=0.26 sys=0.00, real=0.04 secs] 
4738.681: [GC (Allocation Failure) [PSYoungGen: 330219K->171412K(465920K)] 1420100K->1292498K(1864192K), 0.1012319 secs] [Times: user=0.51 sys=0.00, real=0.10 secs] 
4738.964: [GC (Allocation Failure) [PSYoungGen: 404372K->185238K(465920K)] 1525458K->1360143K(1864192K), 0.0436727 secs] [Times: user=0.20 sys=0.01, real=0.05 secs] 
4739.119: [GC (Allocation Failure) [PSYoungGen: 418198K->186007K(465920K)] 1593103K->1425337K(1864192K), 0.0511899 secs] [Times: user=0.24 sys=0.00, real=0.05 secs] 
4740.134: [GC (Allocation Failure) [PSYoungGen: 416484K->207347K(465920K)] 1655814K->1505797K(1864192K), 0.0567018 secs] [Times: user=0.28 sys=0.00, real=0.06 secs] 
4740.979: [GC (Allocation Failure) [PSYoungGen: 440307K->105900K(465920K)] 1738757K->1469502K(1864192K), 0.0778684 secs] [Times: user=0.41 sys=0.00, real=0.07 secs] 
4741.056: [Full GC (Ergonomics) [PSYoungGen: 105900K->0K(465920K)] [ParOldGen: 1363601K->123576K(1398272K)] 1469502K->123576K(1864192K), [Metaspace: 60478K->60478K(1105920K)], 0.1623448 secs] [Times: user=0.70 sys=0.00, real=0.17 secs] 
4741.516: [GC (Allocation Failure) [PSYoungGen: 228730K->176661K(465920K)] 352306K->300237K(1864192K), 0.0243153 secs] [Times: user=0.08 sys=0.00, real=0.03 secs] 
4741.679: [GC (Allocation Failure) [PSYoungGen: 409621K->182965K(465920K)] 533197K->361801K(1864192K), 0.0551944 secs] [Times: user=0.26 sys=0.00, real=0.05 secs] 
4741.880: [GC (Allocation Failure) [PSYoungGen: 415925K->187541K(465920K)] 594761K->422081K(1864192K), 0.0450098 secs] [Times: user=0.21 sys=0.00, real=0.04 secs] 
4743.115: [GC (Allocation Failure) [PSYoungGen: 420501K->99660K(465920K)] 655041K->404808K(1864192K), 0.0470716 secs] [Times: user=0.24 sys=0.00, real=0.05 secs] 
4744.539: [GC (Allocation Failure) [PSYoungGen: 332620K->169588K(465920K)] 637768K->506677K(1864192K), 0.0837837 secs] [Times: user=0.41 sys=0.00, real=0.08 secs] 
4744.803: [GC (Allocation Failure) [PSYoungGen: 402548K->185654K(465920K)] 739637K->575715K(1864192K), 0.0421692 secs] [Times: user=0.19 sys=0.00, real=0.04 secs] 
4744.955: [GC (Allocation Failure) [PSYoungGen: 418614K->183318K(465920K)] 808675K->637747K(1864192K), 0.0495306 secs] [Times: user=0.23 sys=0.00, real=0.05 secs] 
4745.829: [GC (Allocation Failure) [PSYoungGen: 416278K->195507K(465920K)] 870707K->708008K(1864192K), 0.0545169 secs] [Times: user=0.27 sys=0.00, real=0.05 secs] 
4746.672: [GC (Allocation Failure) [PSYoungGen: 428467K->103900K(465920K)] 940968K->682945K(1864192K), 0.0729935 secs] [Times: user=0.38 sys=0.01, real=0.07 secs] 
4747.157: [GC (Allocation Failure) [PSYoungGen: 335116K->179157K(465920K)] 914161K->790923K(1864192K), 0.0381720 secs] [Times: user=0.16 sys=0.00, real=0.03 secs] 
4747.303: [GC (Allocation Failure) [PSYoungGen: 412117K->182773K(465920K)] 1023883K->850711K(1864192K), 0.0431844 secs] [Times: user=0.19 sys=0.00, real=0.04 secs] 
4747.452: [GC (Allocation Failure) [PSYoungGen: 415733K->232884K(465920K)] 1083671K->960111K(1864192K), 0.0466393 secs] [Times: user=0.21 sys=0.00, real=0.05 secs] 
4748.680: [GC (Allocation Failure) [PSYoungGen: 465844K->101644K(465920K)] 1193071K->899583K(1864192K), 0.0574255 secs] [Times: user=0.31 sys=0.00, real=0.06 secs] 
4749.616: [GC (Allocation Failure) [PSYoungGen: 334594K->172692K(465920K)] 1132532K->1003724K(1864192K), 0.0612772 secs] [Times: user=0.29 sys=0.00, real=0.06 secs] 
4749.822: [GC (Allocation Failure) [PSYoungGen: 405652K->185206K(465920K)] 1236684K->1070441K(1864192K), 0.0437632 secs] [Times: user=0.20 sys=0.00, real=0.04 secs] 
4749.975: [GC (Allocation Failure) [PSYoungGen: 418166K->183094K(465920K)] 1303401K->1133034K(1864192K), 0.0505900 secs] [Times: user=0.23 sys=0.00, real=0.05 secs] 
4750.952: [GC (Allocation Failure) [PSYoungGen: 411277K->206707K(465920K)] 1361217K->1214758K(1864192K), 0.0545751 secs] [Times: user=0.27 sys=0.00, real=0.05 secs] 
4752.091: [GC (Allocation Failure) [PSYoungGen: 439667K->100460K(465920K)] 1447718K->1173295K(1864192K), 0.1149785 secs] [Times: user=0.63 sys=0.00, real=0.11 secs] 
4752.665: [GC (Allocation Failure) [PSYoungGen: 333420K->180886K(465920K)] 1406255K->1286066K(1864192K), 0.0482404 secs] [Times: user=0.21 sys=0.00, real=0.05 secs] 
4752.864: [GC (Allocation Failure) [PSYoungGen: 413846K->185366K(465920K)] 1519026K->1346842K(1864192K), 0.0511560 secs] [Times: user=0.24 sys=0.00, real=0.05 secs] 
4753.045: [GC (Allocation Failure) [PSYoungGen: 418326K->187413K(465920K)] 1579802K->1405106K(1864192K), 0.0590091 secs] [Times: user=0.29 sys=0.00, real=0.06 secs] 
4754.448: [GC (Allocation Failure) [PSYoungGen: 420373K->99388K(465920K)] 1638066K->1387848K(1864192K), 0.0698950 secs] [Times: user=0.38 sys=0.00, real=0.07 secs] 
4755.851: [GC (Allocation Failure) [PSYoungGen: 332348K->167860K(465920K)] 1620808K->1487925K(1864192K), 0.0929175 secs] [Times: user=0.46 sys=0.01, real=0.09 secs] 
4755.944: [Full GC (Ergonomics) [PSYoungGen: 167860K->0K(465920K)] [ParOldGen: 1320065K->192281K(1398272K)] 1487925K->192281K(1864192K), [Metaspace: 60478K->60478K(1105920K)], 0.2483180 secs] [Times: user=1.21 sys=0.00, real=0.25 secs] 
4756.302: [GC (Allocation Failure) [PSYoungGen: 232960K->185366K(465920K)] 425241K->377647K(1864192K), 0.0325781 secs] [Times: user=0.13 sys=0.00, real=0.03 secs] 
4756.446: [GC (Allocation Failure) [PSYoungGen: 418326K->185847K(465920K)] 610607K->442512K(1864192K), 0.0438998 secs] [Times: user=0.19 sys=0.00, real=0.05 secs] 
4757.370: [GC (Allocation Failure) [PSYoungGen: 415022K->209747K(465920K)] 671687K->525468K(1864192K), 0.0551539 secs] [Times: user=0.28 sys=0.00, real=0.05 secs] 
4758.486: [GC (Allocation Failure) [PSYoungGen: 442707K->100492K(465920K)] 758428K->482245K(1864192K), 0.1151482 secs] [Times: user=0.63 sys=0.00, real=0.12 secs] 
4759.419: [GC (Allocation Failure) [PSYoungGen: 333452K->178517K(465920K)] 715205K->592659K(1864192K), 0.0524139 secs] [Times: user=0.23 sys=0.00, real=0.05 secs] 
4759.609: [GC (Allocation Failure) [PSYoungGen: 411477K->185334K(465920K)] 825619K->655388K(1864192K), 0.0433049 secs] [Times: user=0.20 sys=0.00, real=0.04 secs] 
4759.759: [GC (Allocation Failure) [PSYoungGen: 418294K->187637K(465920K)] 888348K->713747K(1864192K), 0.0456764 secs] [Times: user=0.21 sys=0.00, real=0.04 secs] 
4760.906: [GC (Allocation Failure) [PSYoungGen: 420597K->101196K(465920K)] 946707K->697986K(1864192K), 0.0444724 secs] [Times: user=0.23 sys=0.01, real=0.05 secs] 
4761.569: [GC (Allocation Failure) [PSYoungGen: 334156K->170420K(465920K)] 930946K->799487K(1864192K), 0.0648109 secs] [Times: user=0.31 sys=0.00, real=0.06 secs] 
4761.830: [GC (Allocation Failure) [PSYoungGen: 403380K->185238K(465920K)] 1032447K->867961K(1864192K), 0.0576634 secs] [Times: user=0.27 sys=0.00, real=0.06 secs] 
4762.005: [GC (Allocation Failure) [PSYoungGen: 418198K->185783K(465920K)] 1100921K->932914K(1864192K), 0.0503279 secs] [Times: user=0.24 sys=0.00, real=0.05 secs] 
4762.906: [GC (Allocation Failure) [PSYoungGen: 416886K->208147K(465920K)] 1164017K->1014334K(1864192K), 0.0562572 secs] [Times: user=0.28 sys=0.01, real=0.06 secs] 
4763.710: [GC (GCLocker Initiated GC) [PSYoungGen: 441107K->105468K(465920K)] 1247294K->977115K(1864192K), 0.1060015 secs] [Times: user=0.57 sys=0.00, real=0.10 secs] 
4764.736: [GC (Allocation Failure) [PSYoungGen: 338428K->176789K(465920K)] 1210206K->1081820K(1864192K), 0.0513822 secs] [Times: user=0.23 sys=0.00, real=0.06 secs] 
4764.919: [GC (Allocation Failure) [PSYoungGen: 409749K->185494K(465920K)] 1314780K->1145825K(1864192K), 0.0443039 secs] [Times: user=0.21 sys=0.00, real=0.04 secs] 
4765.095: [GC (Allocation Failure) [PSYoungGen: 418454K->187477K(465920K)] 1378785K->1204136K(1864192K), 0.0673851 secs] [Times: user=0.33 sys=0.00, real=0.07 secs] 
4766.490: [GC (Allocation Failure) [PSYoungGen: 420437K->101868K(465920K)] 1437096K->1189071K(1864192K), 0.0704336 secs] [Times: user=0.37 sys=0.00, real=0.07 secs] 
4768.019: [GC (Allocation Failure) [PSYoungGen: 334828K->172276K(465920K)] 1422031K->1292012K(1864192K), 0.1003140 secs] [Times: user=0.50 sys=0.00, real=0.10 secs] 
4768.301: [GC (Allocation Failure) [PSYoungGen: 405236K->182677K(465920K)] 1524972K->1356277K(1864192K), 0.0433031 secs] [Times: user=0.19 sys=0.00, real=0.04 secs] 
4768.455: [GC (Allocation Failure) [PSYoungGen: 415637K->185047K(465920K)] 1589237K->1422543K(1864192K), 0.0511732 secs] [Times: user=0.24 sys=0.00, real=0.05 secs] 
4769.556: [GC (Allocation Failure) [PSYoungGen: 418007K->191570K(465920K)] 1655503K->1487826K(1864192K), 0.0518269 secs] [Times: user=0.25 sys=0.00, real=0.06 secs] 
4771.112: [GC (Allocation Failure) [PSYoungGen: 424530K->100876K(465920K)] 1720786K->1462156K(1864192K), 0.0990611 secs] [Times: user=0.53 sys=0.00, real=0.10 secs] 
4771.211: [Full GC (Ergonomics) [PSYoungGen: 100876K->0K(465920K)] [ParOldGen: 1361279K->118588K(1398272K)] 1462156K->118588K(1864192K), [Metaspace: 60480K->60480K(1105920K)], 0.1741456 secs] [Times: user=0.77 sys=0.00, real=0.17 secs] 
4772.148: [GC (Allocation Failure) [PSYoungGen: 232960K->181910K(465920K)] 351548K->300498K(1864192K), 0.0382568 secs] [Times: user=0.14 sys=0.01, real=0.03 secs] 
4772.389: [GC (Allocation Failure) [PSYoungGen: 414870K->182517K(465920K)] 533458K->357498K(1864192K), 0.0585931 secs] [Times: user=0.28 sys=0.00, real=0.06 secs] 
4772.565: [GC (Allocation Failure) [PSYoungGen: 415477K->187381K(465920K)] 590458K->417809K(1864192K), 0.0448521 secs] [Times: user=0.21 sys=0.00, real=0.05 secs] 
4773.980: [GC (Allocation Failure) [PSYoungGen: 420341K->102540K(465920K)] 650769K->403504K(1864192K), 0.0875413 secs] [Times: user=0.47 sys=0.01, real=0.09 secs] 
4775.253: [GC (Allocation Failure) [PSYoungGen: 335500K->171188K(465920K)] 636464K->504957K(1864192K), 0.0736696 secs] [Times: user=0.36 sys=0.00, real=0.07 secs] 
4775.491: [GC (Allocation Failure) [PSYoungGen: 404148K->185654K(465920K)] 737917K->573175K(1864192K), 0.0420213 secs] [Times: user=0.19 sys=0.00, real=0.04 secs] 
4775.664: [GC (Allocation Failure) [PSYoungGen: 418614K->183702K(465920K)] 806135K->635632K(1864192K), 0.0558453 secs] [Times: user=0.27 sys=0.00, real=0.06 secs] 
4776.615: [GC (Allocation Failure) [PSYoungGen: 416662K->190986K(465920K)] 868592K->701211K(1864192K), 0.0484087 secs] [Times: user=0.24 sys=0.00, real=0.05 secs] 
4778.158: [GC (Allocation Failure) [PSYoungGen: 423946K->101100K(465920K)] 934171K->676005K(1864192K), 0.1202676 secs] [Times: user=0.65 sys=0.00, real=0.12 secs] 
4778.916: [GC (Allocation Failure) [PSYoungGen: 334060K->181430K(465920K)] 908965K->788900K(1864192K), 0.0512511 secs] [Times: user=0.22 sys=0.00, real=0.06 secs] 
4779.098: [GC (Allocation Failure) [PSYoungGen: 414390K->185558K(465920K)] 1021860K->849620K(1864192K), 0.0439681 secs] [Times: user=0.20 sys=0.00, real=0.04 secs] 
4779.248: [GC (Allocation Failure) [PSYoungGen: 418518K->187381K(465920K)] 1082580K->907611K(1864192K), 0.0462005 secs] [Times: user=0.21 sys=0.00, real=0.04 secs] 
4780.443: [GC (GCLocker Initiated GC) [PSYoungGen: 420341K->95915K(465920K)] 1140571K->886762K(1864192K), 0.0573045 secs] [Times: user=0.26 sys=0.00, real=0.06 secs] 
4781.462: [GC (Allocation Failure) [PSYoungGen: 328875K->169684K(465920K)] 1120016K->991558K(1864192K), 0.1074295 secs] [Times: user=0.53 sys=0.00, real=0.11 secs] 
4781.784: [GC (Allocation Failure) [PSYoungGen: 402644K->185910K(465920K)] 1224518K->1060968K(1864192K), 0.0491981 secs] [Times: user=0.23 sys=0.00, real=0.05 secs] 
4781.941: [GC (Allocation Failure) [PSYoungGen: 418870K->186615K(465920K)] 1293928K->1126105K(1864192K), 0.0504595 secs] [Times: user=0.23 sys=0.00, real=0.05 secs] 
4782.875: [GC (Allocation Failure) [PSYoungGen: 416000K->207827K(465920K)] 1355490K->1206645K(1864192K), 0.0546082 secs] [Times: user=0.27 sys=0.00, real=0.06 secs] 
4784.188: [GC (Allocation Failure) [PSYoungGen: 440787K->101404K(465920K)] 1439605K->1165462K(1864192K), 0.0911604 secs] [Times: user=0.49 sys=0.00, real=0.09 secs] 
4784.857: [GC (Allocation Failure) [PSYoungGen: 334364K->181782K(465920K)] 1398422K->1277957K(1864192K), 0.0497139 secs] [Times: user=0.22 sys=0.00, real=0.05 secs] 
4785.028: [GC (Allocation Failure) [PSYoungGen: 414742K->182805K(465920K)] 1510917K->1335552K(1864192K), 0.0446937 secs] [Times: user=0.20 sys=0.00, real=0.04 secs] 
4785.180: [GC (Allocation Failure) [PSYoungGen: 415765K->187637K(465920K)] 1568512K->1395976K(1864192K), 0.0469749 secs] [Times: user=0.22 sys=0.00, real=0.04 secs] 
4786.352: [GC (Allocation Failure) [PSYoungGen: 420597K->100028K(465920K)] 1628936K->1379063K(1864192K), 0.0462299 secs] [Times: user=0.24 sys=0.00, real=0.05 secs] 
4787.423: [GC (Allocation Failure) [PSYoungGen: 332988K->172852K(465920K)] 1612023K->1483900K(1864192K), 0.0962753 secs] [Times: user=0.48 sys=0.00, real=0.10 secs] 
4787.689: [GC (Allocation Failure) [PSYoungGen: 405812K->182421K(465920K)] 1716860K->1547749K(1864192K), 0.0445574 secs] [Times: user=0.19 sys=0.01, real=0.04 secs] 
4787.734: [Full GC (Ergonomics) [PSYoungGen: 182421K->0K(465920K)] [ParOldGen: 1365327K->259782K(1398272K)] 1547749K->259782K(1864192K), [Metaspace: 60480K->60480K(1105920K)], 0.3237813 secs] [Times: user=1.49 sys=0.00, real=0.33 secs] 
4788.170: [GC (Allocation Failure) [PSYoungGen: 232960K->185879K(465920K)] 492742K->445661K(1864192K), 0.0876573 secs] [Times: user=0.46 sys=0.00, real=0.09 secs] 
4789.154: [GC (Allocation Failure) [PSYoungGen: 416785K->208275K(465920K)] 676567K->526957K(1864192K), 0.0532253 secs] [Times: user=0.26 sys=0.00, real=0.06 secs] 
4789.738: [GC (Allocation Failure) [PSYoungGen: 441235K->102620K(465920K)] 759917K->486718K(1864192K), 0.0856270 secs] [Times: user=0.46 sys=0.01, real=0.08 secs] 
4790.529: [GC (Allocation Failure) [PSYoungGen: 333511K->181174K(465920K)] 717609K->597969K(1864192K), 0.0515482 secs] [Times: user=0.23 sys=0.01, real=0.05 secs] 
4790.750: [GC (Allocation Failure) [PSYoungGen: 414134K->182869K(465920K)] 830929K->656085K(1864192K), 0.0649179 secs] [Times: user=0.31 sys=0.00, real=0.06 secs] 
4790.939: [GC (Allocation Failure) [PSYoungGen: 415829K->187381K(465920K)] 889045K->716220K(1864192K), 0.0447368 secs] [Times: user=0.20 sys=0.00, real=0.04 secs] 
4792.251: [GC (Allocation Failure) [PSYoungGen: 420341K->101180K(465920K)] 949180K->700559K(1864192K), 0.0693269 secs] [Times: user=0.37 sys=0.00, real=0.07 secs] 
4792.999: [GC (Allocation Failure) [PSYoungGen: 334140K->173269K(465920K)] 933519K->805497K(1864192K), 0.0752431 secs] [Times: user=0.36 sys=0.00, real=0.07 secs] 
4793.288: [GC (Allocation Failure) [PSYoungGen: 406229K->184950K(465920K)] 1038457K->871594K(1864192K), 0.0542773 secs] [Times: user=0.26 sys=0.00, real=0.05 secs] 
4793.500: [GC (Allocation Failure) [PSYoungGen: 417910K->183126K(465920K)] 1104554K->934123K(1864192K), 0.0767768 secs] [Times: user=0.38 sys=0.01, real=0.07 secs] 
4794.543: [GC (Allocation Failure) [PSYoungGen: 411314K->206323K(465920K)] 1162311K->1015575K(1864192K), 0.0541198 secs] [Times: user=0.27 sys=0.00, real=0.05 secs] 
4795.632: [GC (Allocation Failure) [PSYoungGen: 439283K->103468K(465920K)] 1248535K->977400K(1864192K), 0.1036350 secs] [Times: user=0.56 sys=0.00, real=0.10 secs] 
4796.352: [GC (Allocation Failure) [PSYoungGen: 334098K->178613K(465920K)] 1208030K->1085983K(1864192K), 0.0495588 secs] [Times: user=0.22 sys=0.00, real=0.05 secs] 
4796.523: [GC (Allocation Failure) [PSYoungGen: 411573K->179797K(465920K)] 1318943K->1142470K(1864192K), 0.0426210 secs] [Times: user=0.20 sys=0.00, real=0.04 secs] 
4796.672: [GC (Allocation Failure) [PSYoungGen: 412757K->187445K(465920K)] 1375430K->1204902K(1864192K), 0.0449475 secs] [Times: user=0.20 sys=0.00, real=0.04 secs] 
4797.904: [GC (Allocation Failure) [PSYoungGen: 420405K->103740K(465920K)] 1437862K->1191925K(1864192K), 0.0452360 secs] [Times: user=0.23 sys=0.00, real=0.05 secs] 
4798.916: [GC (GCLocker Initiated GC) [PSYoungGen: 336700K->168308K(465920K)] 1424886K->1290225K(1864192K), 0.1025436 secs] [Times: user=0.51 sys=0.00, real=0.11 secs] 
4799.221: [GC (Allocation Failure) [PSYoungGen: 401268K->185174K(465920K)] 1523480K->1360310K(1864192K), 0.0446649 secs] [Times: user=0.20 sys=0.00, real=0.04 secs] 
4799.402: [GC (Allocation Failure) [PSYoungGen: 418134K->184407K(465920K)] 1593270K->1424023K(1864192K), 0.0675649 secs] [Times: user=0.33 sys=0.00, real=0.07 secs] 
4800.434: [GC (Allocation Failure) [PSYoungGen: 414340K->211027K(465920K)] 1653956K->1509140K(1864192K), 0.0566147 secs] [Times: user=0.28 sys=0.00, real=0.06 secs] 
4801.692: [GC (Allocation Failure) [PSYoungGen: 443987K->101788K(465920K)] 1742100K->1466324K(1864192K), 0.1016305 secs] [Times: user=0.54 sys=0.01, real=0.10 secs] 
4801.794: [Full GC (Ergonomics) [PSYoungGen: 101788K->0K(465920K)] [ParOldGen: 1364536K->119287K(1398272K)] 1466324K->119287K(1864192K), [Metaspace: 60480K->60480K(1105920K)], 0.1783925 secs] [Times: user=0.79 sys=0.00, real=0.18 secs] 
4802.673: [GC (Allocation Failure) [PSYoungGen: 232960K->180533K(465920K)] 352247K->299821K(1864192K), 0.0352978 secs] [Times: user=0.13 sys=0.00, real=0.04 secs] 
4802.917: [GC (Allocation Failure) [PSYoungGen: 413493K->185462K(465920K)] 532781K->361322K(1864192K), 0.0582061 secs] [Times: user=0.27 sys=0.00, real=0.06 secs] 
4803.094: [GC (Allocation Failure) [PSYoungGen: 418422K->184757K(465920K)] 594282K->416688K(1864192K), 0.0448142 secs] [Times: user=0.21 sys=0.00, real=0.05 secs] 
4804.259: [GC (Allocation Failure) [PSYoungGen: 417717K->102108K(465920K)] 649648K->403608K(1864192K), 0.0499599 secs] [Times: user=0.26 sys=0.00, real=0.05 secs] 
4804.948: [GC (Allocation Failure) [PSYoungGen: 335068K->171924K(465920K)] 636568K->506129K(1864192K), 0.0725318 secs] [Times: user=0.34 sys=0.00, real=0.07 secs] 
4805.224: [GC (Allocation Failure) [PSYoungGen: 404884K->182453K(465920K)] 739089K->570422K(1864192K), 0.0482644 secs] [Times: user=0.22 sys=0.00, real=0.05 secs] 
4805.417: [GC (Allocation Failure) [PSYoungGen: 415413K->186167K(465920K)] 803382K->637936K(1864192K), 0.0745745 secs] [Times: user=0.36 sys=0.00, real=0.07 secs] 
4806.449: [GC (Allocation Failure) [PSYoungGen: 419127K->171603K(465920K)] 870896K->682612K(1864192K), 0.0572661 secs] [Times: user=0.29 sys=0.00, real=0.05 secs] 
4806.959: [GC (Allocation Failure) [PSYoungGen: 404563K->108973K(465920K)] 915572K->685533K(1864192K), 0.0943358 secs] [Times: user=0.50 sys=0.00, real=0.09 secs] 
4807.963: [GC (Allocation Failure) [PSYoungGen: 336245K->174645K(465920K)] 912806K->785394K(1864192K), 0.0524210 secs] [Times: user=0.24 sys=0.00, real=0.05 secs] 
4808.150: [GC (Allocation Failure) [PSYoungGen: 407605K->185686K(465920K)] 1018354K->851219K(1864192K), 0.0433715 secs] [Times: user=0.20 sys=0.00, real=0.04 secs] 
4808.323: [GC (Allocation Failure) [PSYoungGen: 418646K->232948K(465920K)] 1084179K->955634K(1864192K), 0.0614828 secs] [Times: user=0.30 sys=0.00, real=0.06 secs] 
4809.561: [GC (Allocation Failure) [PSYoungGen: 465908K->104572K(465920K)] 1188594K->896810K(1864192K), 0.0597000 secs] [Times: user=0.32 sys=0.00, real=0.06 secs] 
4810.550: [GC (Allocation Failure) [PSYoungGen: 337532K->172884K(465920K)] 1129770K->998567K(1864192K), 0.0862214 secs] [Times: user=0.42 sys=0.00, real=0.08 secs] 
4810.811: [GC (Allocation Failure) [PSYoungGen: 405844K->185366K(465920K)] 1231527K->1065333K(1864192K), 0.0428992 secs] [Times: user=0.19 sys=0.00, real=0.04 secs] 
4810.990: [GC (Allocation Failure) [PSYoungGen: 415537K->180310K(465920K)] 1295504K->1124821K(1864192K), 0.0733130 secs] [Times: user=0.37 sys=0.00, real=0.07 secs] 
4812.109: [GC (Allocation Failure) [PSYoungGen: 413270K->191436K(465920K)] 1357781K->1193242K(1864192K), 0.0493949 secs] [Times: user=0.24 sys=0.00, real=0.05 secs] 
4813.522: [GC (Allocation Failure) [PSYoungGen: 424396K->101388K(465920K)] 1426202K->1167931K(1864192K), 0.1100022 secs] [Times: user=0.60 sys=0.00, real=0.11 secs] 
4814.153: [GC (Allocation Failure) [PSYoungGen: 334348K->181078K(465920K)] 1400891K->1280253K(1864192K), 0.0468932 secs] [Times: user=0.20 sys=0.00, real=0.05 secs] 
4814.370: [GC (Allocation Failure) [PSYoungGen: 414038K->182293K(465920K)] 1513213K->1337277K(1864192K), 0.0644314 secs] [Times: user=0.31 sys=0.00, real=0.06 secs] 
4814.620: [GC (Allocation Failure) [PSYoungGen: 415253K->187605K(465920K)] 1570237K->1398093K(1864192K), 0.0626268 secs] [Times: user=0.30 sys=0.00, real=0.06 secs] 
4815.817: [GC (Allocation Failure) [PSYoungGen: 420565K->101484K(465920K)] 1631053K->1382832K(1864192K), 0.0543024 secs] [Times: user=0.29 sys=0.00, real=0.05 secs] 
4816.857: [GC (Allocation Failure) [PSYoungGen: 334444K->172308K(465920K)] 1615792K->1486365K(1864192K), 0.0960948 secs] [Times: user=0.48 sys=0.00, real=0.10 secs] 
4816.953: [Full GC (Ergonomics) [PSYoungGen: 172308K->0K(465920K)] [ParOldGen: 1314056K->197182K(1398272K)] 1486365K->197182K(1864192K), [Metaspace: 60480K->60480K(1105920K)], 0.2649903 secs] [Times: user=1.31 sys=0.00, real=0.27 secs] 
4817.327: [GC (Allocation Failure) [PSYoungGen: 232960K->185110K(465920K)] 430142K->382292K(1864192K), 0.0321539 secs] [Times: user=0.13 sys=0.00, real=0.03 secs] 
4817.467: [GC (Allocation Failure) [PSYoungGen: 418070K->180694K(465920K)] 615252K->442100K(1864192K), 0.0432591 secs] [Times: user=0.20 sys=0.00, real=0.04 secs] 
4818.530: [GC (Allocation Failure) [PSYoungGen: 413654K->173715K(465920K)] 675060K->492761K(1864192K), 0.0545390 secs] [Times: user=0.27 sys=0.00, real=0.05 secs] 
4819.378: [GC (Allocation Failure) [PSYoungGen: 406675K->110605K(465920K)] 725721K->495947K(1864192K), 0.1107929 secs] [Times: user=0.60 sys=0.00, real=0.11 secs] 
4820.175: [GC (Allocation Failure) [PSYoungGen: 343565K->176853K(465920K)] 728907K->597772K(1864192K), 0.0528352 secs] [Times: user=0.24 sys=0.00, real=0.06 secs] 
4820.403: [GC (Allocation Failure) [PSYoungGen: 409813K->184919K(465920K)] 830732K->667870K(1864192K), 0.0713130 secs] [Times: user=0.36 sys=0.00, real=0.07 secs] 
4820.587: [GC (Allocation Failure) [PSYoungGen: 417879K->181012K(465920K)] 900835K->722728K(1864192K), 0.0569887 secs] [Times: user=0.28 sys=0.00, real=0.06 secs] 
4821.787: [GC (Allocation Failure) [PSYoungGen: 413972K->103884K(465920K)] 955688K->714440K(1864192K), 0.0647393 secs] [Times: user=0.34 sys=0.01, real=0.07 secs] 
4822.889: [GC (Allocation Failure) [PSYoungGen: 336844K->172084K(465920K)] 947400K->815877K(1864192K), 0.0881243 secs] [Times: user=0.43 sys=0.00, real=0.09 secs] 
4823.160: [GC (Allocation Failure) [PSYoungGen: 405044K->185078K(465920K)] 1048837K->882858K(1864192K), 0.0432287 secs] [Times: user=0.19 sys=0.00, real=0.04 secs] 
4823.341: [GC (Allocation Failure) [PSYoungGen: 409898K->178710K(465920K)] 1107678K->940858K(1864192K), 0.0576560 secs] [Times: user=0.28 sys=0.00, real=0.06 secs] 
4824.255: [GC (Allocation Failure) [PSYoungGen: 406546K->205139K(465920K)] 1168694K->1023951K(1864192K), 0.0560633 secs] [Times: user=0.28 sys=0.01, real=0.06 secs] 
4825.257: [GC (Allocation Failure) [PSYoungGen: 438099K->102908K(465920K)] 1256911K->986120K(1864192K), 0.1224708 secs] [Times: user=0.67 sys=0.00, real=0.13 secs] 
4825.851: [GC (Allocation Failure) [PSYoungGen: 333911K->180245K(465920K)] 1217124K->1096103K(1864192K), 0.0474709 secs] [Times: user=0.21 sys=0.00, real=0.05 secs] 
4826.017: [GC (Allocation Failure) [PSYoungGen: 413205K->185270K(465920K)] 1329063K->1157255K(1864192K), 0.0445029 secs] [Times: user=0.20 sys=0.00, real=0.05 secs] 
4826.166: [GC (Allocation Failure) [PSYoungGen: 418230K->187349K(465920K)] 1390215K->1215622K(1864192K), 0.0469224 secs] [Times: user=0.21 sys=0.00, real=0.05 secs] 
4827.524: [GC (Allocation Failure) [PSYoungGen: 420309K->99468K(465920K)] 1448582K->1198437K(1864192K), 0.0869487 secs] [Times: user=0.47 sys=0.01, real=0.09 secs] 
4829.439: [GC (Allocation Failure) [PSYoungGen: 332428K->166132K(465920K)] 1431397K->1296994K(1864192K), 0.0940241 secs] [Times: user=0.47 sys=0.00, real=0.09 secs] 
4829.745: [GC (Allocation Failure) [PSYoungGen: 399092K->185494K(465920K)] 1529954K->1368696K(1864192K), 0.0497001 secs] [Times: user=0.23 sys=0.00, real=0.05 secs] 
4829.952: [GC (Allocation Failure) [PSYoungGen: 418454K->183030K(465920K)] 1601656K->1430753K(1864192K), 0.0800408 secs] [Times: user=0.40 sys=0.00, real=0.08 secs] 
4830.559: [GC (Allocation Failure) [PSYoungGen: 413199K->211732K(465920K)] 1660921K->1517374K(1864192K), 0.0549415 secs] [Times: user=0.27 sys=0.00, real=0.05 secs] 
4831.617: [GC (Allocation Failure) [PSYoungGen: 444692K->101596K(465920K)] 1750334K->1474486K(1864192K), 0.0771438 secs] [Times: user=0.40 sys=0.00, real=0.08 secs] 
4831.694: [Full GC (Ergonomics) [PSYoungGen: 101596K->0K(465920K)] [ParOldGen: 1372890K->119265K(1398272K)] 1474486K->119265K(1864192K), [Metaspace: 60480K->60480K(1105920K)], 0.1455566 secs] [Times: user=0.55 sys=0.00, real=0.15 secs] 
4832.376: [GC (Allocation Failure) [PSYoungGen: 232960K->176917K(465920K)] 352225K->296183K(1864192K), 0.0344492 secs] [Times: user=0.13 sys=0.00, real=0.04 secs] 
4832.611: [GC (Allocation Failure) [PSYoungGen: 409877K->185590K(465920K)] 529143K->360187K(1864192K), 0.0582874 secs] [Times: user=0.28 sys=0.00, real=0.06 secs] 
4832.831: [GC (Allocation Failure) [PSYoungGen: 418550K->187733K(465920K)] 593147K->418579K(1864192K), 0.0671950 secs] [Times: user=0.33 sys=0.00, real=0.07 secs] 
4834.051: [GC (Allocation Failure) [PSYoungGen: 420693K->102188K(465920K)] 651539K->403794K(1864192K), 0.0471485 secs] [Times: user=0.25 sys=0.00, real=0.05 secs] 
4835.232: [GC (Allocation Failure) [PSYoungGen: 335148K->168628K(465920K)] 636754K->502918K(1864192K), 0.0955024 secs] [Times: user=0.48 sys=0.00, real=0.10 secs] 
4835.544: [GC (Allocation Failure) [PSYoungGen: 401588K->185334K(465920K)] 735878K->572776K(1864192K), 0.0489544 secs] [Times: user=0.23 sys=0.00, real=0.05 secs] 
4835.729: [GC (Allocation Failure) [PSYoungGen: 418294K->183190K(465920K)] 805736K->635057K(1864192K), 0.0704805 secs] [Times: user=0.35 sys=0.01, real=0.07 secs] 
4836.781: [GC (Allocation Failure) [PSYoungGen: 416150K->174611K(465920K)] 868017K->684454K(1864192K), 0.0576722 secs] [Times: user=0.29 sys=0.00, real=0.06 secs] 
4837.594: [GC (Allocation Failure) [PSYoungGen: 407571K->110525K(465920K)] 917414K->686863K(1864192K), 0.1222321 secs] [Times: user=0.66 sys=0.01, real=0.12 secs] 
4838.467: [GC (Allocation Failure) [PSYoungGen: 343485K->177141K(465920K)] 919823K->788676K(1864192K), 0.0545371 secs] [Times: user=0.25 sys=0.00, real=0.06 secs] 
4838.653: [GC (Allocation Failure) [PSYoungGen: 410101K->179638K(465920K)] 1021636K->852909K(1864192K), 0.0481194 secs] [Times: user=0.23 sys=0.00, real=0.05 secs] 
4838.807: [GC (Allocation Failure) [PSYoungGen: 412598K->187509K(465920K)] 1085869K->918428K(1864192K), 0.0572128 secs] [Times: user=0.28 sys=0.00, real=0.05 secs] 
4840.002: [GC (Allocation Failure) [PSYoungGen: 420469K->103404K(465920K)] 1151388K->904924K(1864192K), 0.0486215 secs] [Times: user=0.26 sys=0.00, real=0.05 secs] 
4840.801: [GC (Allocation Failure) [PSYoungGen: 336364K->170484K(465920K)] 1137884K->1005385K(1864192K), 0.0824966 secs] [Times: user=0.40 sys=0.00, real=0.08 secs] 
4841.072: [GC (Allocation Failure) [PSYoungGen: 403444K->185302K(465920K)] 1238345K->1074162K(1864192K), 0.0437559 secs] [Times: user=0.20 sys=0.00, real=0.04 secs] 
4841.235: [GC (Allocation Failure) [PSYoungGen: 414459K->179478K(465920K)] 1303320K->1132779K(1864192K), 0.0576564 secs] [Times: user=0.27 sys=0.00, real=0.06 secs] 
4842.345: [GC (Allocation Failure) [PSYoungGen: 412438K->169075K(402432K)] 1365739K->1179287K(1800704K), 0.0553076 secs] [Times: user=0.28 sys=0.00, real=0.06 secs] 
4842.803: [GC (Allocation Failure) [PSYoungGen: 402035K->113533K(461824K)] 1412247K->1188490K(1860096K), 0.0881827 secs] [Times: user=0.46 sys=0.00, real=0.09 secs] 
4843.373: [GC (Allocation Failure) [PSYoungGen: 344445K->175316K(463872K)] 1419402K->1285998K(1862144K), 0.0548482 secs] [Times: user=0.26 sys=0.00, real=0.06 secs] 
4843.617: [GC (Allocation Failure) [PSYoungGen: 406228K->183190K(465920K)] 1516910K->1355728K(1864192K), 0.0696433 secs] [Times: user=0.34 sys=0.01, real=0.07 secs] 
4843.838: [GC (Allocation Failure) [PSYoungGen: 417174K->187989K(422400K)] 1589712K->1418574K(1820672K), 0.0805330 secs] [Times: user=0.42 sys=0.00, real=0.08 secs] 
4845.155: [GC (Allocation Failure) [PSYoungGen: 421973K->98395K(465920K)] 1652558K->1399917K(1864192K), 0.0711554 secs] [Times: user=0.38 sys=0.00, real=0.07 secs] 
4846.112: [GC (Allocation Failure) [PSYoungGen: 331355K->175989K(465920K)] 1632877K->1509091K(1864192K), 0.0871525 secs] [Times: user=0.42 sys=0.00, real=0.09 secs] 
4846.199: [Full GC (Ergonomics) [PSYoungGen: 175989K->0K(465920K)] [ParOldGen: 1333102K->203317K(1398272K)] 1509091K->203317K(1864192K), [Metaspace: 60487K->60487K(1105920K)], 0.2686374 secs] [Times: user=1.32 sys=0.00, real=0.27 secs] 
4846.592: [GC (Allocation Failure) [PSYoungGen: 232960K->182549K(465920K)] 436277K->385867K(1864192K), 0.0316244 secs] [Times: user=0.13 sys=0.00, real=0.03 secs] 
4846.765: [GC (Allocation Failure) [PSYoungGen: 406501K->175766K(465920K)] 609818K->442899K(1864192K), 0.0442654 secs] [Times: user=0.20 sys=0.00, real=0.05 secs] 
4847.794: [GC (Allocation Failure) [PSYoungGen: 408726K->169811K(458752K)] 675859K->492872K(1857024K), 0.0533737 secs] [Times: user=0.26 sys=0.00, real=0.06 secs] 
4849.031: [GC (Allocation Failure) [PSYoungGen: 402771K->107628K(462336K)] 725832K->495434K(1860608K), 0.1036756 secs] [Times: user=0.56 sys=0.00, real=0.10 secs] 
4849.528: [GC (Allocation Failure) [PSYoungGen: 340588K->194869K(465920K)] 728394K->617388K(1864192K), 0.0471907 secs] [Times: user=0.21 sys=0.01, real=0.04 secs] 
4849.691: [GC (Allocation Failure) [PSYoungGen: 427829K->181334K(465920K)] 850348K->666037K(1864192K), 0.0486770 secs] [Times: user=0.22 sys=0.01, real=0.05 secs] 
4849.846: [GC (Allocation Failure) [PSYoungGen: 414294K->187413K(465920K)] 898997K->729740K(1864192K), 0.0577863 secs] [Times: user=0.29 sys=0.00, real=0.06 secs] 
4851.038: [GC (Allocation Failure) [PSYoungGen: 420373K->101084K(465920K)] 962700K->714051K(1864192K), 0.0488935 secs] [Times: user=0.25 sys=0.00, real=0.04 secs] 
4851.573: [GC (Allocation Failure) [PSYoungGen: 334044K->172948K(465920K)] 947011K->818968K(1864192K), 0.0553022 secs] [Times: user=0.25 sys=0.00, real=0.06 secs] 
4851.824: [GC (Allocation Failure) [PSYoungGen: 405908K->184726K(465920K)] 1051928K->885033K(1864192K), 0.0619786 secs] [Times: user=0.29 sys=0.00, real=0.06 secs] 
4852.054: [GC (Allocation Failure) [PSYoungGen: 408454K->177942K(465920K)] 1108761K->942401K(1864192K), 0.0700553 secs] [Times: user=0.35 sys=0.00, real=0.07 secs] 
4853.067: [GC (Allocation Failure) [PSYoungGen: 406222K->206067K(465920K)] 1170682K->1027150K(1864192K), 0.0553297 secs] [Times: user=0.27 sys=0.01, real=0.06 secs] 
4854.568: [GC (Allocation Failure) [PSYoungGen: 439027K->101676K(465920K)] 1260110K->987423K(1864192K), 0.0790327 secs] [Times: user=0.42 sys=0.00, real=0.07 secs] 
4855.508: [GC (Allocation Failure) [PSYoungGen: 334636K->180533K(465920K)] 1220383K->1098646K(1864192K), 0.0520189 secs] [Times: user=0.23 sys=0.00, real=0.05 secs] 
4855.747: [GC (Allocation Failure) [PSYoungGen: 413493K->185590K(465920K)] 1331606K->1160082K(1864192K), 0.0635385 secs] [Times: user=0.31 sys=0.00, real=0.07 secs] 
4855.928: [GC (Allocation Failure) [PSYoungGen: 418550K->187541K(465920K)] 1393042K->1218361K(1864192K), 0.0468892 secs] [Times: user=0.21 sys=0.00, real=0.04 secs] 
4857.058: [GC (Allocation Failure) [PSYoungGen: 420501K->100204K(465920K)] 1451321K->1201608K(1864192K), 0.0458779 secs] [Times: user=0.24 sys=0.00, real=0.04 secs] 
4858.010: [GC (Allocation Failure) [PSYoungGen: 333164K->169588K(465920K)] 1434568K->1303029K(1864192K), 0.0765754 secs] [Times: user=0.36 sys=0.01, real=0.07 secs] 
4858.252: [GC (Allocation Failure) [PSYoungGen: 402548K->180245K(465920K)] 1535989K->1366898K(1864192K), 0.0432373 secs] [Times: user=0.20 sys=0.00, real=0.04 secs] 
4858.449: [GC (Allocation Failure) [PSYoungGen: 413205K->185783K(465920K)] 1599858K->1435308K(1864192K), 0.0718326 secs] [Times: user=0.36 sys=0.00, real=0.07 secs] 
4859.578: [GC (Allocation Failure) [PSYoungGen: 418743K->174835K(465920K)] 1668268K->1483232K(1864192K), 0.0569024 secs] [Times: user=0.29 sys=0.00, real=0.05 secs] 
4860.208: [GC (Allocation Failure) [PSYoungGen: 407795K->108380K(465920K)] 1716192K->1483554K(1864192K), 0.0874925 secs] [Times: user=0.46 sys=0.01, real=0.08 secs] 
4860.295: [Full GC (Ergonomics) [PSYoungGen: 108380K->0K(465920K)] [ParOldGen: 1375173K->125598K(1398272K)] 1483554K->125598K(1864192K), [Metaspace: 60488K->60488K(1105920K)], 0.1716458 secs] [Times: user=0.74 sys=0.00, real=0.17 secs] 
4860.875: [GC (Allocation Failure) [PSYoungGen: 232960K->204341K(465920K)] 358558K->329940K(1864192K), 0.0276515 secs] [Times: user=0.11 sys=0.00, real=0.03 secs] 
4861.036: [GC (Allocation Failure) [PSYoungGen: 437301K->185271K(465920K)] 562900K->373729K(1864192K), 0.0623961 secs] [Times: user=0.31 sys=0.00, real=0.07 secs] 
4861.229: [GC (Allocation Failure) [PSYoungGen: 418231K->181940K(465920K)] 606689K->429223K(1864192K), 0.0556299 secs] [Times: user=0.28 sys=0.00, real=0.05 secs] 
4862.879: [GC (Allocation Failure) [PSYoungGen: 414900K->102156K(465920K)] 662183K->418023K(1864192K), 0.0667207 secs] [Times: user=0.36 sys=0.00, real=0.06 secs] 
4864.011: [GC (Allocation Failure) [PSYoungGen: 335116K->169428K(465920K)] 650983K->517956K(1864192K), 0.0894831 secs] [Times: user=0.44 sys=0.00, real=0.09 secs] 
4864.311: [GC (Allocation Failure) [PSYoungGen: 402388K->185430K(465920K)] 750916K->587169K(1864192K), 0.0464281 secs] [Times: user=0.21 sys=0.00, real=0.05 secs] 
4864.464: [GC (Allocation Failure) [PSYoungGen: 413890K->181046K(465920K)] 815629K->647154K(1864192K), 0.0490809 secs] [Times: user=0.23 sys=0.00, real=0.05 secs] 
4865.460: [GC (Allocation Failure) [PSYoungGen: 414006K->168531K(465920K)] 880114K->692206K(1864192K), 0.0561178 secs] [Times: user=0.28 sys=0.00, real=0.05 secs] 
4866.086: [GC (Allocation Failure) [PSYoungGen: 401491K->109741K(465920K)] 925166K->697960K(1864192K), 0.1074814 secs] [Times: user=0.58 sys=0.00, real=0.11 secs] 
4866.765: [GC (Allocation Failure) [PSYoungGen: 335296K->172405K(465920K)] 923516K->795941K(1864192K), 0.0495020 secs] [Times: user=0.21 sys=0.01, real=0.05 secs] 
4866.966: [GC (Allocation Failure) [PSYoungGen: 405365K->185494K(465920K)] 1028901K->862910K(1864192K), 0.0564601 secs] [Times: user=0.26 sys=0.01, real=0.06 secs] 
4867.153: [GC (Allocation Failure) [PSYoungGen: 418454K->187125K(465920K)] 1095870K->920654K(1864192K), 0.0452230 secs] [Times: user=0.21 sys=0.00, real=0.05 secs] 
4868.507: [GC (Allocation Failure) [PSYoungGen: 420085K->98988K(465920K)] 1153614K->902956K(1864192K), 0.0771144 secs] [Times: user=0.41 sys=0.00, real=0.08 secs] 
4869.379: [GC (GCLocker Initiated GC) [PSYoungGen: 331948K->171668K(465920K)] 1135916K->1007789K(1864192K), 0.0662277 secs] [Times: user=0.32 sys=0.01, real=0.06 secs] 
4869.593: [GC (Allocation Failure) [PSYoungGen: 404628K->185046K(465920K)] 1240916K->1075410K(1864192K), 0.0434043 secs] [Times: user=0.19 sys=0.00, real=0.04 secs] 
4869.773: [GC (Allocation Failure) [PSYoungGen: 418006K->185463K(465920K)] 1308370K->1140083K(1864192K), 0.0686685 secs] [Times: user=0.34 sys=0.01, real=0.07 secs] 
4870.829: [GC (Allocation Failure) [PSYoungGen: 418423K->168915K(465920K)] 1373043K->1182487K(1864192K), 0.0545963 secs] [Times: user=0.28 sys=0.00, real=0.05 secs] 
4872.268: [GC (Allocation Failure) [PSYoungGen: 401875K->102972K(465920K)] 1415447K->1181200K(1864192K), 0.1251812 secs] [Times: user=0.68 sys=0.00, real=0.12 secs] 
4873.266: [GC (Allocation Failure) [PSYoungGen: 334809K->180022K(465920K)] 1413037K->1291830K(1864192K), 0.0558555 secs] [Times: user=0.26 sys=0.00, real=0.06 secs] 
4873.527: [GC (Allocation Failure) [PSYoungGen: 412982K->182837K(465920K)] 1524790K->1350318K(1864192K), 0.0592853 secs] [Times: user=0.29 sys=0.00, real=0.05 secs] 
4873.698: [GC (Allocation Failure) [PSYoungGen: 415797K->187509K(465920K)] 1583278K->1410534K(1864192K), 0.0458361 secs] [Times: user=0.21 sys=0.00, real=0.04 secs] 
4875.293: [GC (Allocation Failure) [PSYoungGen: 420469K->99964K(465920K)] 1643494K->1393685K(1864192K), 0.0477354 secs] [Times: user=0.25 sys=0.00, real=0.05 secs] 
4876.391: [GC (Allocation Failure) [PSYoungGen: 332924K->167092K(465920K)] 1626645K->1493081K(1864192K), 0.0829492 secs] [Times: user=0.40 sys=0.00, real=0.08 secs] 
4876.474: [Full GC (Ergonomics) [PSYoungGen: 167092K->0K(465920K)] [ParOldGen: 1325989K->191780K(1398272K)] 1493081K->191780K(1864192K), [Metaspace: 60488K->60488K(1105920K)], 0.2396148 secs] [Times: user=1.16 sys=0.00, real=0.24 secs] 
4876.843: [GC (Allocation Failure) [PSYoungGen: 232960K->185206K(465920K)] 424740K->376986K(1864192K), 0.0330430 secs] [Times: user=0.14 sys=0.00, real=0.03 secs] 
4876.987: [GC (Allocation Failure) [PSYoungGen: 418166K->186103K(465920K)] 609946K->442307K(1864192K), 0.0435230 secs] [Times: user=0.19 sys=0.00, real=0.05 secs] 
4877.923: [GC (Allocation Failure) [PSYoungGen: 415714K->210355K(465920K)] 671918K->525608K(1864192K), 0.0551570 secs] [Times: user=0.27 sys=0.00, real=0.06 secs] 
4878.516: [GC (GCLocker Initiated GC) [PSYoungGen: 443315K->105580K(465920K)] 758568K->487017K(1864192K), 0.0963917 secs] [Times: user=0.51 sys=0.00, real=0.10 secs] 
4879.696: [GC (Allocation Failure) [PSYoungGen: 338540K->178453K(465920K)] 719980K->593517K(1864192K), 0.0523841 secs] [Times: user=0.23 sys=0.00, real=0.06 secs] 
4879.959: [GC (Allocation Failure) [PSYoungGen: 411413K->193526K(465920K)] 826477K->663563K(1864192K), 0.0599415 secs] [Times: user=0.29 sys=0.00, real=0.06 secs] 
4880.170: [GC (Allocation Failure) [PSYoungGen: 426486K->187253K(465920K)] 896523K->713474K(1864192K), 0.0604760 secs] [Times: user=0.29 sys=0.00, real=0.06 secs] 
4881.444: [GC (Allocation Failure) [PSYoungGen: 420213K->104476K(465920K)] 946434K->701345K(1864192K), 0.0497543 secs] [Times: user=0.26 sys=0.00, real=0.05 secs] 
4882.406: [GC (Allocation Failure) [PSYoungGen: 337436K->170516K(465920K)] 934305K->800818K(1864192K), 0.1039754 secs] [Times: user=0.53 sys=0.00, real=0.11 secs] 
4882.711: [GC (Allocation Failure) [PSYoungGen: 403361K->185302K(465920K)] 1033663K->869368K(1864192K), 0.0425302 secs] [Times: user=0.20 sys=0.00, real=0.04 secs] 
4882.862: [GC (Allocation Failure) [PSYoungGen: 418262K->180438K(465920K)] 1102328K->928720K(1864192K), 0.0491004 secs] [Times: user=0.23 sys=0.00, real=0.05 secs] 
4883.884: [GC (Allocation Failure) [PSYoungGen: 413398K->195535K(465920K)] 1161680K->1001409K(1864192K), 0.0514049 secs] [Times: user=0.25 sys=0.00, real=0.05 secs] 
4884.466: [GC (Allocation Failure) [PSYoungGen: 428495K->106892K(465920K)] 1234369K->979070K(1864192K), 0.0526622 secs] [Times: user=0.27 sys=0.00, real=0.06 secs] 
4884.804: [GC (Allocation Failure) [PSYoungGen: 335396K->176533K(465920K)] 1207574K->1082976K(1864192K), 0.0356010 secs] [Times: user=0.15 sys=0.00, real=0.04 secs] 
4884.949: [GC (Allocation Failure) [PSYoungGen: 409493K->185078K(465920K)] 1315936K->1146637K(1864192K), 0.0438515 secs] [Times: user=0.20 sys=0.01, real=0.04 secs] 
4885.098: [GC (Allocation Failure) [PSYoungGen: 418038K->184660K(465920K)] 1379597K->1202195K(1864192K), 0.0457039 secs] [Times: user=0.21 sys=0.00, real=0.04 secs] 
4886.331: [GC (Allocation Failure) [PSYoungGen: 417620K->101804K(465920K)] 1435155K->1189071K(1864192K), 0.0494280 secs] [Times: user=0.26 sys=0.00, real=0.05 secs] 
4887.097: [GC (Allocation Failure) [PSYoungGen: 334764K->173909K(465920K)] 1422031K->1294016K(1864192K), 0.0856646 secs] [Times: user=0.41 sys=0.01, real=0.09 secs] 
4887.351: [GC (Allocation Failure) [PSYoungGen: 406869K->182613K(465920K)] 1526976K->1357089K(1864192K), 0.0448418 secs] [Times: user=0.20 sys=0.00, real=0.04 secs] 
4887.547: [GC (Allocation Failure) [PSYoungGen: 415573K->185815K(465920K)] 1590049K->1424115K(1864192K), 0.0769719 secs] [Times: user=0.38 sys=0.00, real=0.08 secs] 
4888.545: [GC (Allocation Failure) [PSYoungGen: 414695K->206003K(465920K)] 1652995K->1503110K(1864192K), 0.0565943 secs] [Times: user=0.29 sys=0.00, real=0.06 secs] 
4889.723: [GC (Allocation Failure) [PSYoungGen: 438963K->104604K(465920K)] 1736070K->1466512K(1864192K), 0.1211016 secs] [Times: user=0.66 sys=0.01, real=0.12 secs] 
4889.844: [Full GC (Ergonomics) [PSYoungGen: 104604K->0K(465920K)] [ParOldGen: 1361907K->122276K(1398272K)] 1466512K->122276K(1864192K), [Metaspace: 60488K->60488K(1105920K)], 0.1836604 secs] [Times: user=0.80 sys=0.00, real=0.19 secs] 
4890.831: [GC (Allocation Failure) [PSYoungGen: 231955K->178101K(465920K)] 354231K->300378K(1864192K), 0.0367819 secs] [Times: user=0.14 sys=0.00, real=0.04 secs] 
4891.071: [GC (Allocation Failure) [PSYoungGen: 411061K->185334K(465920K)] 533338K->363295K(1864192K), 0.0575712 secs] [Times: user=0.27 sys=0.00, real=0.06 secs] 
4891.244: [GC (Allocation Failure) [PSYoungGen: 418294K->185013K(465920K)] 596255K->418941K(1864192K), 0.0442035 secs] [Times: user=0.20 sys=0.00, real=0.05 secs] 
4892.402: [GC (Allocation Failure) [PSYoungGen: 417973K->102636K(465920K)] 651901K->406365K(1864192K), 0.0437342 secs] [Times: user=0.22 sys=0.00, real=0.04 secs] 
4893.756: [GC (Allocation Failure) [PSYoungGen: 335596K->171092K(465920K)] 639325K->507354K(1864192K), 0.0841385 secs] [Times: user=0.41 sys=0.00, real=0.09 secs] 
4894.034: [GC (Allocation Failure) [PSYoungGen: 404052K->182485K(465920K)] 740314K->572299K(1864192K), 0.0469574 secs] [Times: user=0.21 sys=0.00, real=0.05 secs] 
4894.243: [GC (Allocation Failure) [PSYoungGen: 415445K->185975K(465920K)] 805259K->639525K(1864192K), 0.0742379 secs] [Times: user=0.37 sys=0.00, real=0.07 secs] 
4895.200: [GC (Allocation Failure) [PSYoungGen: 416012K->208243K(465920K)] 869562K->720889K(1864192K), 0.0557172 secs] [Times: user=0.28 sys=0.00, real=0.05 secs] 
4896.107: [GC (GCLocker Initiated GC) [PSYoungGen: 441203K->101692K(465920K)] 953849K->679874K(1864192K), 0.1178191 secs] [Times: user=0.65 sys=0.00, real=0.12 secs] 
4897.159: [GC (Allocation Failure) [PSYoungGen: 334652K->184629K(465920K)] 912872K->794751K(1864192K), 0.0566343 secs] [Times: user=0.25 sys=0.00, real=0.05 secs] 
4897.359: [GC (Allocation Failure) [PSYoungGen: 417589K->185302K(465920K)] 1027711K->852023K(1864192K), 0.0445020 secs] [Times: user=0.20 sys=0.01, real=0.04 secs] 
4897.511: [GC (Allocation Failure) [PSYoungGen: 418262K->187509K(465920K)] 1084983K->910359K(1864192K), 0.0466628 secs] [Times: user=0.21 sys=0.00, real=0.05 secs] 
4898.728: [GC (Allocation Failure) [PSYoungGen: 420469K->101580K(465920K)] 1143319K->895126K(1864192K), 0.0603896 secs] [Times: user=0.32 sys=0.01, real=0.06 secs] 
4899.589: [GC (Allocation Failure) [PSYoungGen: 334540K->172884K(465920K)] 1128086K->999231K(1864192K), 0.0650305 secs] [Times: user=0.31 sys=0.00, real=0.06 secs] 
4899.799: [GC (Allocation Failure) [PSYoungGen: 405844K->185142K(465920K)] 1232191K->1065732K(1864192K), 0.0435753 secs] [Times: user=0.20 sys=0.00, real=0.04 secs] 
4899.952: [GC (Allocation Failure) [PSYoungGen: 415005K->181910K(465920K)] 1295596K->1126837K(1864192K), 0.0506763 secs] [Times: user=0.24 sys=0.00, real=0.05 secs] 
4900.877: [GC (Allocation Failure) [PSYoungGen: 409730K->189811K(465920K)] 1354656K->1192657K(1864192K), 0.0549458 secs] [Times: user=0.28 sys=0.00, real=0.05 secs] 
4901.706: [GC (Allocation Failure) [PSYoungGen: 422771K->103980K(465920K)] 1425617K->1171411K(1864192K), 0.1096754 secs] [Times: user=0.59 sys=0.01, real=0.11 secs] 
4902.268: [GC (Allocation Failure) [PSYoungGen: 336940K->179093K(465920K)] 1404371K->1280057K(1864192K), 0.0559607 secs] [Times: user=0.25 sys=0.00, real=0.05 secs] 
4902.464: [GC (Allocation Failure) [PSYoungGen: 412053K->185206K(465920K)] 1513017K->1342245K(1864192K), 0.0453241 secs] [Times: user=0.20 sys=0.00, real=0.05 secs] 
4902.616: [GC (Allocation Failure) [PSYoungGen: 418166K->187285K(465920K)] 1575205K->1400301K(1864192K), 0.0477158 secs] [Times: user=0.22 sys=0.01, real=0.05 secs] 
4904.010: [GC (Allocation Failure) [PSYoungGen: 420245K->98892K(465920K)] 1633261K->1382635K(1864192K), 0.0649500 secs] [Times: user=0.34 sys=0.00, real=0.06 secs] 
4904.737: [GC (Allocation Failure) [PSYoungGen: 331746K->173140K(465920K)] 1615490K->1489136K(1864192K), 0.0866512 secs] [Times: user=0.43 sys=0.01, real=0.09 secs] 
4904.824: [Full GC (Ergonomics) [PSYoungGen: 173140K->0K(465920K)] [ParOldGen: 1315995K->198569K(1398272K)] 1489136K->198569K(1864192K), [Metaspace: 60488K->60488K(1105920K)], 0.2485715 secs] [Times: user=1.19 sys=0.00, real=0.25 secs] 
4905.182: [GC (Allocation Failure) [PSYoungGen: 232960K->184982K(465920K)] 431529K->383552K(1864192K), 0.0332676 secs] [Times: user=0.14 sys=0.00, real=0.03 secs] 
4905.364: [GC (Allocation Failure) [PSYoungGen: 417942K->183767K(465920K)] 616512K->446857K(1864192K), 0.0435464 secs] [Times: user=0.19 sys=0.00, real=0.05 secs] 
4906.384: [GC (Allocation Failure) [PSYoungGen: 416727K->169011K(465920K)] 679817K->490341K(1864192K), 0.0565394 secs] [Times: user=0.28 sys=0.00, real=0.06 secs] 
4907.669: [GC (Allocation Failure) [PSYoungGen: 401971K->106732K(465920K)] 723301K->492678K(1864192K), 0.1146504 secs] [Times: user=0.62 sys=0.01, real=0.11 secs] 
4908.638: [GC (Allocation Failure) [PSYoungGen: 336520K->176085K(465920K)] 722466K->596048K(1864192K), 0.0529297 secs] [Times: user=0.24 sys=0.00, real=0.05 secs] 
4908.828: [GC (Allocation Failure) [PSYoungGen: 409045K->185686K(465920K)] 829008K->660973K(1864192K), 0.0429140 secs] [Times: user=0.20 sys=0.00, real=0.04 secs] 
4908.978: [GC (Allocation Failure) [PSYoungGen: 418646K->187637K(465920K)] 893933K->719076K(1864192K), 0.0451182 secs] [Times: user=0.21 sys=0.00, real=0.04 secs] 
4910.211: [GC (GCLocker Initiated GC) [PSYoungGen: 420597K->99068K(465920K)] 952036K->701443K(1864192K), 0.0443288 secs] [Times: user=0.23 sys=0.00, real=0.04 secs] 
4911.005: [GC (Allocation Failure) [PSYoungGen: 332028K->169236K(465920K)] 934406K->803347K(1864192K), 0.0802198 secs] [Times: user=0.39 sys=0.00, real=0.08 secs] 
4911.253: [GC (Allocation Failure) [PSYoungGen: 402196K->185302K(465920K)] 1036307K->872677K(1864192K), 0.0425587 secs] [Times: user=0.19 sys=0.00, real=0.04 secs] 
4911.435: [GC (Allocation Failure) [PSYoungGen: 418262K->186007K(465920K)] 1105637K->937718K(1864192K), 0.0660409 secs] [Times: user=0.33 sys=0.00, real=0.07 secs] 
4912.501: [GC (Allocation Failure) [PSYoungGen: 418967K->170003K(465920K)] 1170678K->980746K(1864192K), 0.0548437 secs] [Times: user=0.28 sys=0.00, real=0.05 secs] 
4913.053: [GC (Allocation Failure) [PSYoungGen: 402963K->112829K(465920K)] 1213706K->988652K(1864192K), 0.0730739 secs] [Times: user=0.39 sys=0.00, real=0.07 secs] 
4913.543: [GC (Allocation Failure) [PSYoungGen: 345789K->201461K(465920K)] 1221612K->1112848K(1864192K), 0.0381135 secs] [Times: user=0.17 sys=0.00, real=0.04 secs] 
4913.694: [GC (Allocation Failure) [PSYoungGen: 434421K->185495K(465920K)] 1345808K->1159415K(1864192K), 0.0516729 secs] [Times: user=0.22 sys=0.00, real=0.05 secs] 
4913.884: [GC (Allocation Failure) [PSYoungGen: 418455K->187189K(465920K)] 1392375K->1220029K(1864192K), 0.0808981 secs] [Times: user=0.41 sys=0.00, real=0.08 secs] 
4915.216: [GC (Allocation Failure) [PSYoungGen: 420149K->97195K(465920K)] 1452989K->1200635K(1864192K), 0.0609594 secs] [Times: user=0.33 sys=0.00, real=0.07 secs] 
4916.350: [GC (Allocation Failure) [PSYoungGen: 330155K->175509K(465920K)] 1433595K->1309754K(1864192K), 0.0567574 secs] [Times: user=0.27 sys=0.00, real=0.05 secs] 
4916.603: [GC (Allocation Failure) [PSYoungGen: 408469K->182805K(465920K)] 1542714K->1372014K(1864192K), 0.0594294 secs] [Times: user=0.28 sys=0.00, real=0.06 secs] 
4916.779: [GC (Allocation Failure) [PSYoungGen: 406930K->175445K(465920K)] 1596139K->1428398K(1864192K), 0.0490942 secs] [Times: user=0.23 sys=0.00, real=0.05 secs] 
4917.835: [GC (Allocation Failure) [PSYoungGen: 408405K->169267K(465920K)] 1661358K->1478044K(1864192K), 0.0550651 secs] [Times: user=0.28 sys=0.00, real=0.06 secs] 
4918.532: [GC (Allocation Failure) [PSYoungGen: 402227K->110509K(465920K)] 1711004K->1483982K(1864192K), 0.0919969 secs] [Times: user=0.48 sys=0.01, real=0.09 secs] 
4918.624: [Full GC (Ergonomics) [PSYoungGen: 110509K->0K(465920K)] [ParOldGen: 1373472K->128197K(1398272K)] 1483982K->128197K(1864192K), [Metaspace: 60490K->60490K(1105920K)], 0.1828359 secs] [Times: user=0.81 sys=0.00, real=0.18 secs] 
4919.110: [GC (Allocation Failure) [PSYoungGen: 232960K->185333K(465920K)] 361157K->313530K(1864192K), 0.0261428 secs] [Times: user=0.09 sys=0.00, real=0.02 secs] 
4919.248: [GC (Allocation Failure) [PSYoungGen: 418293K->185175K(465920K)] 546490K->375660K(1864192K), 0.0472945 secs] [Times: user=0.21 sys=0.00, real=0.04 secs] 
4919.616: [GC (Allocation Failure) [PSYoungGen: 418135K->184148K(465920K)] 608620K->433218K(1864192K), 0.0606377 secs] [Times: user=0.30 sys=0.00, real=0.06 secs] 
4920.807: [GC (Allocation Failure) [PSYoungGen: 417108K->100316K(465920K)] 666178K->418825K(1864192K), 0.0468316 secs] [Times: user=0.24 sys=0.00, real=0.04 secs] 
4921.721: [GC (Allocation Failure) [PSYoungGen: 333276K->173044K(465920K)] 651785K->524322K(1864192K), 0.0611284 secs] [Times: user=0.29 sys=0.00, real=0.06 secs] 
4921.923: [GC (Allocation Failure) [PSYoungGen: 406004K->185206K(465920K)] 757282K->590399K(1864192K), 0.0426106 secs] [Times: user=0.19 sys=0.00, real=0.04 secs] 
4922.092: [GC (Allocation Failure) [PSYoungGen: 413324K->178102K(465920K)] 818518K->647663K(1864192K), 0.0545209 secs] [Times: user=0.26 sys=0.00, real=0.05 secs] 
4923.118: [GC (Allocation Failure) [PSYoungGen: 411062K->168370K(401408K)] 880623K->694228K(1799680K), 0.0537708 secs] [Times: user=0.27 sys=0.00, real=0.05 secs] 
4923.870: [GC (GCLocker Initiated GC) [PSYoungGen: 401330K->112381K(462848K)] 927188K->702639K(1861120K), 0.0791536 secs] [Times: user=0.40 sys=0.00, real=0.08 secs] 
4924.536: [GC (Allocation Failure) [PSYoungGen: 343805K->184052K(464384K)] 934195K->810064K(1862656K), 0.0531951 secs] [Times: user=0.25 sys=0.00, real=0.06 secs] 
4924.721: [GC (GCLocker Initiated GC) [PSYoungGen: 415476K->183542K(465920K)] 1041488K->879719K(1864192K), 0.0489907 secs] [Times: user=0.22 sys=0.00, real=0.05 secs] 
4924.913: [GC (Allocation Failure) [PSYoungGen: 416502K->203573K(465920K)] 1112809K->958216K(1864192K), 0.0854748 secs] [Times: user=0.44 sys=0.00, real=0.09 secs] 
4926.136: [GC (Allocation Failure) [PSYoungGen: 436533K->95435K(465920K)] 1191176K->920646K(1864192K), 0.0474227 secs] [Times: user=0.25 sys=0.00, real=0.05 secs] 
4927.616: [GC (Allocation Failure) [PSYoungGen: 328395K->171988K(465920K)] 1153606K->1027588K(1864192K), 0.0915518 secs] [Times: user=0.43 sys=0.00, real=0.10 secs] 
4927.915: [GC (Allocation Failure) [PSYoungGen: 404948K->184982K(465920K)] 1260548K->1094402K(1864192K), 0.0471696 secs] [Times: user=0.21 sys=0.00, real=0.05 secs] 
4928.069: [GC (Allocation Failure) [PSYoungGen: 416040K->181526K(465920K)] 1325460K->1155010K(1864192K), 0.0505657 secs] [Times: user=0.24 sys=0.00, real=0.05 secs] 
4928.976: [GC (Allocation Failure) [PSYoungGen: 414309K->190419K(465920K)] 1387793K->1221711K(1864192K), 0.0560732 secs] [Times: user=0.28 sys=0.00, real=0.06 secs] 
4929.688: [GC (Allocation Failure) [PSYoungGen: 423379K->105116K(465920K)] 1454671K->1201488K(1864192K), 0.0866111 secs] [Times: user=0.46 sys=0.00, real=0.08 secs] 
4930.238: [GC (Allocation Failure) [PSYoungGen: 331958K->177365K(465920K)] 1428330K->1307225K(1864192K), 0.0482423 secs] [Times: user=0.22 sys=0.00, real=0.04 secs] 
4930.433: [GC (Allocation Failure) [PSYoungGen: 410325K->185462K(465920K)] 1540185K->1370590K(1864192K), 0.0504525 secs] [Times: user=0.24 sys=0.00, real=0.05 secs] 
4930.601: [GC (Allocation Failure) [PSYoungGen: 418422K->187573K(465920K)] 1603550K->1428949K(1864192K), 0.0478667 secs] [Times: user=0.22 sys=0.00, real=0.05 secs] 
4931.932: [GC (Allocation Failure) [PSYoungGen: 420533K->98843K(465920K)] 1661909K->1410924K(1864192K), 0.0672358 secs] [Times: user=0.36 sys=0.01, real=0.07 secs] 
4933.193: [GC (Allocation Failure) [PSYoungGen: 331803K->171444K(465920K)] 1643884K->1515426K(1864192K), 0.1185189 secs] [Times: user=0.61 sys=0.01, real=0.12 secs] 
4933.312: [Full GC (Ergonomics) [PSYoungGen: 171444K->0K(465920K)] [ParOldGen: 1343981K->196420K(1398272K)] 1515426K->196420K(1864192K), [Metaspace: 60490K->60490K(1105920K)], 0.2585994 secs] [Times: user=1.27 sys=0.00, real=0.26 secs] 
4933.680: [GC (Allocation Failure) [PSYoungGen: 232960K->185366K(465920K)] 429380K->381786K(1864192K), 0.0323463 secs] [Times: user=0.13 sys=0.00, real=0.03 secs] 
4933.840: [GC (Allocation Failure) [PSYoungGen: 418326K->183414K(465920K)] 614746K->444291K(1864192K), 0.0437503 secs] [Times: user=0.20 sys=0.00, real=0.04 secs] 
4934.856: [GC (Allocation Failure) [PSYoungGen: 416374K->171283K(465920K)] 677251K->490400K(1864192K), 0.0552343 secs] [Times: user=0.27 sys=0.00, real=0.06 secs] 
4936.044: [GC (Allocation Failure) [PSYoungGen: 404243K->107020K(465920K)] 723360K->491369K(1864192K), 0.1167849 secs] [Times: user=0.64 sys=0.00, real=0.12 secs] 
4936.849: [GC (Allocation Failure) [PSYoungGen: 336047K->175413K(465920K)] 720396K->594054K(1864192K), 0.0513036 secs] [Times: user=0.22 sys=0.01, real=0.05 secs] 
4937.098: [GC (Allocation Failure) [PSYoungGen: 408373K->185206K(465920K)] 827014K->658639K(1864192K), 0.0593791 secs] [Times: user=0.28 sys=0.00, real=0.06 secs] 
4937.272: [GC (Allocation Failure) [PSYoungGen: 418166K->204021K(465920K)] 891599K->733407K(1864192K), 0.0452747 secs] [Times: user=0.21 sys=0.00, real=0.05 secs] 
4938.449: [GC (Allocation Failure) [PSYoungGen: 436981K->98363K(465920K)] 966367K->698501K(1864192K), 0.0544963 secs] [Times: user=0.28 sys=0.00, real=0.05 secs] 
4939.362: [GC (Allocation Failure) [PSYoungGen: 331323K->171508K(465920K)] 931461K->803051K(1864192K), 0.0767829 secs] [Times: user=0.37 sys=0.00, real=0.08 secs] 
4939.642: [GC (Allocation Failure) [PSYoungGen: 404468K->185654K(465920K)] 1036011K->870752K(1864192K), 0.0500039 secs] [Times: user=0.23 sys=0.00, real=0.05 secs] 
4939.799: [GC (Allocation Failure) [PSYoungGen: 418145K->185783K(465920K)] 1103244K->935345K(1864192K), 0.0500153 secs] [Times: user=0.24 sys=0.00, real=0.05 secs] 
4940.826: [GC (Allocation Failure) [PSYoungGen: 418743K->169075K(465920K)] 1168305K->977781K(1864192K), 0.0547345 secs] [Times: user=0.27 sys=0.00, real=0.06 secs] 
4942.042: [GC (Allocation Failure) [PSYoungGen: 402035K->107516K(465920K)] 1210741K->980787K(1864192K), 0.0950711 secs] [Times: user=0.51 sys=0.00, real=0.09 secs] 
4942.798: [GC (Allocation Failure) [PSYoungGen: 334470K->176085K(465920K)] 1207741K->1083749K(1864192K), 0.0532558 secs] [Times: user=0.25 sys=0.00, real=0.05 secs] 
4942.986: [GC (Allocation Failure) [PSYoungGen: 409045K->182773K(465920K)] 1316709K->1145497K(1864192K), 0.0436347 secs] [Times: user=0.19 sys=0.00, real=0.05 secs] 
4943.136: [GC (Allocation Failure) [PSYoungGen: 415733K->187509K(465920K)] 1378457K->1205777K(1864192K), 0.0463062 secs] [Times: user=0.22 sys=0.00, real=0.05 secs] 
4944.325: [GC (GCLocker Initiated GC) [PSYoungGen: 420469K->101164K(465920K)] 1438737K->1190112K(1864192K), 0.0450091 secs] [Times: user=0.23 sys=0.00, real=0.05 secs] 
4946.017: [GC (Allocation Failure) [PSYoungGen: 334124K->166868K(465920K)] 1423075K->1288128K(1864192K), 0.0721991 secs] [Times: user=0.35 sys=0.00, real=0.08 secs] 
4946.243: [GC (Allocation Failure) [PSYoungGen: 399828K->185654K(465920K)] 1521088K->1359174K(1864192K), 0.0430654 secs] [Times: user=0.19 sys=0.00, real=0.04 secs] 
4946.394: [GC (Allocation Failure) [PSYoungGen: 418614K->186135K(465920K)] 1592134K->1423999K(1864192K), 0.0509782 secs] [Times: user=0.24 sys=0.00, real=0.05 secs] 
4947.273: [GC (Allocation Failure) [PSYoungGen: 419095K->193427K(465920K)] 1656959K->1490539K(1864192K), 0.0583067 secs] [Times: user=0.29 sys=0.00, real=0.06 secs] 
4948.036: [GC (Allocation Failure) [PSYoungGen: 426387K->102540K(465920K)] 1723499K->1465324K(1864192K), 0.0676772 secs] [Times: user=0.36 sys=0.00, real=0.07 secs] 
4948.103: [Full GC (Ergonomics) [PSYoungGen: 102540K->0K(465920K)] [ParOldGen: 1362784K->120262K(1398272K)] 1465324K->120262K(1864192K), [Metaspace: 60505K->59605K(1105920K)], 0.1466011 secs] [Times: user=0.59 sys=0.00, real=0.15 secs] 
4949.120: [GC (Allocation Failure) [PSYoungGen: 230642K->180694K(465920K)] 350905K->300956K(1864192K), 0.0389785 secs] [Times: user=0.15 sys=0.00, real=0.04 secs] 
4949.308: [GC (Allocation Failure) [PSYoungGen: 413654K->182837K(465920K)] 533916K->359460K(1864192K), 0.0413964 secs] [Times: user=0.19 sys=0.00, real=0.04 secs] 
4949.475: [GC (Allocation Failure) [PSYoungGen: 415797K->187349K(465920K)] 592420K->419555K(1864192K), 0.0582642 secs] [Times: user=0.27 sys=0.00, real=0.06 secs] 
4950.769: [GC (Allocation Failure) [PSYoungGen: 420309K->100364K(465920K)] 652515K->403154K(1864192K), 0.0681843 secs] [Times: user=0.36 sys=0.00, real=0.07 secs] 
4952.088: [GC (Allocation Failure) [PSYoungGen: 333324K->167508K(465920K)] 636114K->502439K(1864192K), 0.1097321 secs] [Times: user=0.54 sys=0.00, real=0.11 secs] 
4952.396: [GC (Allocation Failure) [PSYoungGen: 400468K->185174K(465920K)] 735399K->572821K(1864192K), 0.0418568 secs] [Times: user=0.18 sys=0.00, real=0.05 secs] 
4952.549: [GC (Allocation Failure) [PSYoungGen: 418134K->186231K(465920K)] 805781K->638118K(1864192K), 0.0492948 secs] [Times: user=0.22 sys=0.00, real=0.05 secs] 
4953.537: [GC (Allocation Failure) [PSYoungGen: 416431K->210099K(465920K)] 868318K->721066K(1864192K), 0.0542807 secs] [Times: user=0.27 sys=0.00, real=0.06 secs] 
4954.539: [GC (Allocation Failure) [PSYoungGen: 443059K->102684K(465920K)] 954026K->679555K(1864192K), 0.0802001 secs] [Times: user=0.43 sys=0.00, real=0.08 secs] 
4955.044: [GC (Allocation Failure) [PSYoungGen: 333812K->181334K(465920K)] 910684K->790646K(1864192K), 0.0467060 secs] [Times: user=0.20 sys=0.00, real=0.05 secs] 
4955.209: [GC (Allocation Failure) [PSYoungGen: 414294K->185558K(465920K)] 1023606K->851322K(1864192K), 0.0436921 secs] [Times: user=0.20 sys=0.00, real=0.04 secs] 
4955.357: [GC (Allocation Failure) [PSYoungGen: 418518K->184821K(465920K)] 1084282K->906721K(1864192K), 0.0453020 secs] [Times: user=0.21 sys=0.00, real=0.04 secs] 
4956.547: [GC (Allocation Failure) [PSYoungGen: 417781K->99612K(465920K)] 1139681K->891388K(1864192K), 0.0460512 secs] [Times: user=0.24 sys=0.00, real=0.04 secs] 
4957.397: [GC (Allocation Failure) [PSYoungGen: 332572K->174197K(465920K)] 1124348K->998681K(1864192K), 0.0732969 secs] [Times: user=0.35 sys=0.00, real=0.08 secs] 
4957.646: [GC (Allocation Failure) [PSYoungGen: 407157K->185462K(465920K)] 1231641K->1064294K(1864192K), 0.0543824 secs] [Times: user=0.26 sys=0.00, real=0.06 secs] 
4957.808: [GC (Allocation Failure) [PSYoungGen: 418422K->182774K(465920K)] 1297254K->1126111K(1864192K), 0.0496743 secs] [Times: user=0.23 sys=0.00, real=0.05 secs] 
4958.880: [GC (Allocation Failure) [PSYoungGen: 415734K->169939K(465920K)] 1359071K->1171251K(1864192K), 0.0571372 secs] [Times: user=0.29 sys=0.00, real=0.06 secs] 
4959.917: [GC (GCLocker Initiated GC) [PSYoungGen: 402899K->107692K(465920K)] 1404212K->1173973K(1864192K), 0.1104587 secs] [Times: user=0.59 sys=0.00, real=0.12 secs] 
4960.816: [GC (Allocation Failure) [PSYoungGen: 340652K->174933K(465920K)] 1415164K->1283622K(1864192K), 0.1642521 secs] [Times: user=0.92 sys=0.00, real=0.17 secs] 
4961.093: [GC (GCLocker Initiated GC) [PSYoungGen: 407893K->184663K(465920K)] 1516583K->1349660K(1864192K), 0.1691445 secs] [Times: user=0.95 sys=0.00, real=0.17 secs] 
4961.370: [GC (Allocation Failure) [PSYoungGen: 417623K->187381K(465920K)] 1582786K->1411305K(1864192K), 0.0598055 secs] [Times: user=0.30 sys=0.00, real=0.06 secs] 
4962.630: [GC (Allocation Failure) [PSYoungGen: 420341K->98491K(465920K)] 1644265K->1393031K(1864192K), 0.0511706 secs] [Times: user=0.27 sys=0.01, real=0.05 secs] 
4963.822: [GC (Allocation Failure) [PSYoungGen: 331451K->177076K(465920K)] 1625991K->1503201K(1864192K), 0.0882292 secs] [Times: user=0.43 sys=0.00, real=0.09 secs] 
4963.910: [Full GC (Ergonomics) [PSYoungGen: 177076K->0K(465920K)] [ParOldGen: 1326124K->201029K(1398272K)] 1503201K->201029K(1864192K), [Metaspace: 59605K->59605K(1105920K)], 0.2687925 secs] [Times: user=1.32 sys=0.00, real=0.27 secs] 
4964.287: [GC (Allocation Failure) [PSYoungGen: 232960K->182645K(465920K)] 433989K->383674K(1864192K), 0.0330595 secs] [Times: user=0.14 sys=0.00, real=0.03 secs] 
4964.452: [GC (Allocation Failure) [PSYoungGen: 405300K->176662K(465920K)] 606329K->441347K(1864192K), 0.0430203 secs] [Times: user=0.19 sys=0.00, real=0.04 secs] 
4965.384: [GC (Allocation Failure) [PSYoungGen: 404846K->206099K(465920K)] 669531K->526932K(1864192K), 0.0517168 secs] [Times: user=0.26 sys=0.00, real=0.05 secs] 
4966.095: [GC (Allocation Failure) [PSYoungGen: 439059K->102748K(465920K)] 759892K->488285K(1864192K), 0.0973154 secs] [Times: user=0.53 sys=0.00, real=0.10 secs] 
4967.191: [GC (Allocation Failure) [PSYoungGen: 335708K->178261K(465920K)] 721245K->596203K(1864192K), 0.0535120 secs] [Times: user=0.24 sys=0.00, real=0.05 secs] 
4967.445: [GC (Allocation Failure) [PSYoungGen: 411221K->183925K(465920K)] 829163K->657504K(1864192K), 0.0562954 secs] [Times: user=0.27 sys=0.00, real=0.06 secs] 
4967.612: [GC (Allocation Failure) [PSYoungGen: 416885K->187733K(465920K)] 890464K->717143K(1864192K), 0.0451449 secs] [Times: user=0.21 sys=0.00, real=0.05 secs] 
4968.972: [GC (Allocation Failure) [PSYoungGen: 420693K->100332K(465920K)] 950103K->700510K(1864192K), 0.0627662 secs] [Times: user=0.33 sys=0.00, real=0.06 secs] 
4970.354: [GC (Allocation Failure) [PSYoungGen: 333292K->168692K(465920K)] 933470K->800851K(1864192K), 0.1146679 secs] [Times: user=0.58 sys=0.00, real=0.12 secs] 
4970.672: [GC (Allocation Failure) [PSYoungGen: 401652K->184310K(465920K)] 1033811K->869697K(1864192K), 0.0428846 secs] [Times: user=0.20 sys=0.00, real=0.04 secs] 
4970.852: [GC (Allocation Failure) [PSYoungGen: 417270K->186071K(465920K)] 1102657K->935650K(1864192K), 0.0712873 secs] [Times: user=0.35 sys=0.00, real=0.07 secs] 
4971.857: [GC (Allocation Failure) [PSYoungGen: 416737K->211635K(465920K)] 1166316K->1020318K(1864192K), 0.0565221 secs] [Times: user=0.29 sys=0.00, real=0.06 secs] 
4972.829: [GC (Allocation Failure) [PSYoungGen: 444595K->98091K(465920K)] 1253278K->973314K(1864192K), 0.0984084 secs] [Times: user=0.53 sys=0.01, real=0.10 secs] 
4973.192: [GC (Allocation Failure) [PSYoungGen: 331051K->181622K(465920K)] 1206274K->1088378K(1864192K), 0.0351519 secs] [Times: user=0.15 sys=0.00, real=0.04 secs] 
4973.334: [GC (Allocation Failure) [PSYoungGen: 414582K->182165K(465920K)] 1321338K->1145193K(1864192K), 0.0442758 secs] [Times: user=0.20 sys=0.00, real=0.05 secs] 
4973.504: [GC (Allocation Failure) [PSYoungGen: 415125K->187605K(465920K)] 1378153K->1206105K(1864192K), 0.0579663 secs] [Times: user=0.29 sys=0.00, real=0.06 secs] 
4974.688: [GC (Allocation Failure) [PSYoungGen: 420565K->102844K(465920K)] 1439065K->1192232K(1864192K), 0.0456927 secs] [Times: user=0.23 sys=0.00, real=0.04 secs] 
4975.354: [GC (Allocation Failure) [PSYoungGen: 335795K->174133K(465920K)] 1425184K->1297162K(1864192K), 0.0794348 secs] [Times: user=0.39 sys=0.01, real=0.08 secs] 
4975.596: [GC (Allocation Failure) [PSYoungGen: 407093K->185270K(465920K)] 1530122K->1362427K(1864192K), 0.0439274 secs] [Times: user=0.20 sys=0.00, real=0.05 secs] 
4975.746: [GC (Allocation Failure) [PSYoungGen: 418230K->184151K(465920K)] 1595387K->1425876K(1864192K), 0.0507729 secs] [Times: user=0.23 sys=0.00, real=0.06 secs] 
4976.795: [GC (Allocation Failure) [PSYoungGen: 417111K->168819K(465920K)] 1658836K->1469072K(1864192K), 0.0548726 secs] [Times: user=0.27 sys=0.00, real=0.06 secs] 
4978.689: [GC (Allocation Failure) [PSYoungGen: 401779K->105404K(465920K)] 1702032K->1470153K(1864192K), 0.0985363 secs] [Times: user=0.53 sys=0.01, real=0.10 secs] 
4978.787: [Full GC (Ergonomics) [PSYoungGen: 105404K->0K(465920K)] [ParOldGen: 1364749K->123091K(1398272K)] 1470153K->123091K(1864192K), [Metaspace: 59605K->59600K(1105920K)], 0.1845288 secs] [Times: user=0.79 sys=0.00, real=0.18 secs] 
4980.007: [GC (Allocation Failure) [PSYoungGen: 232960K->176981K(465920K)] 356051K->300072K(1864192K), 0.0353659 secs] [Times: user=0.13 sys=0.01, real=0.04 secs] 
4980.243: [GC (Allocation Failure) [PSYoungGen: 409941K->185686K(465920K)] 533032K->364101K(1864192K), 0.0595368 secs] [Times: user=0.28 sys=0.00, real=0.06 secs] 
4980.470: [GC (Allocation Failure) [PSYoungGen: 418646K->187221K(465920K)] 597061K->421900K(1864192K), 0.0608583 secs] [Times: user=0.29 sys=0.00, real=0.06 secs] 
4981.586: [GC (Allocation Failure) [PSYoungGen: 420181K->99276K(465920K)] 654860K->404443K(1864192K), 0.0437755 secs] [Times: user=0.22 sys=0.00, real=0.05 secs] 
4982.384: [GC (Allocation Failure) [PSYoungGen: 332236K->172340K(465920K)] 637403K->510072K(1864192K), 0.0809904 secs] [Times: user=0.38 sys=0.00, real=0.08 secs] 
4982.679: [GC (Allocation Failure) [PSYoungGen: 405300K->193014K(465920K)] 743032K->584877K(1864192K), 0.0510367 secs] [Times: user=0.24 sys=0.00, real=0.05 secs] 
4982.877: [GC (Allocation Failure) [PSYoungGen: 425974K->183062K(465920K)] 817837K->639398K(1864192K), 0.0765545 secs] [Times: user=0.38 sys=0.01, real=0.07 secs] 
4983.956: [GC (Allocation Failure) [PSYoungGen: 416022K->170963K(465920K)] 872358K->685338K(1864192K), 0.0552056 secs] [Times: user=0.27 sys=0.00, real=0.06 secs] 
4984.777: [GC (Allocation Failure) [PSYoungGen: 403923K->111229K(465920K)] 918298K->691004K(1864192K), 0.0881405 secs] [Times: user=0.46 sys=0.00, real=0.09 secs] 
4985.637: [GC (Allocation Failure) [PSYoungGen: 336987K->172116K(465920K)] 916763K->787413K(1864192K), 0.0530214 secs] [Times: user=0.24 sys=0.00, real=0.05 secs] 
4985.828: [GC (Allocation Failure) [PSYoungGen: 405076K->185366K(465920K)] 1020373K->854682K(1864192K), 0.0431953 secs] [Times: user=0.20 sys=0.00, real=0.04 secs] 
4986.001: [GC (Allocation Failure) [PSYoungGen: 418326K->187765K(465920K)] 1087642K->913162K(1864192K), 0.0649949 secs] [Times: user=0.32 sys=0.00, real=0.06 secs] 
4987.329: [GC (Allocation Failure) [PSYoungGen: 420725K->101468K(465920K)] 1146122K->897460K(1864192K), 0.0555932 secs] [Times: user=0.30 sys=0.00, real=0.05 secs] 
4988.556: [GC (GCLocker Initiated GC) [PSYoungGen: 334428K->167732K(465920K)] 1130422K->996258K(1864192K), 0.0889230 secs] [Times: user=0.44 sys=0.00, real=0.09 secs] 
4988.826: [GC (Allocation Failure) [PSYoungGen: 400692K->184310K(465920K)] 1229349K->1065942K(1864192K), 0.0419859 secs] [Times: user=0.19 sys=0.00, real=0.05 secs] 
4988.979: [GC (Allocation Failure) [PSYoungGen: 417270K->186039K(465920K)] 1298902K->1131759K(1864192K), 0.0496441 secs] [Times: user=0.23 sys=0.00, real=0.05 secs] 
4990.019: [GC (Allocation Failure) [PSYoungGen: 418999K->170035K(465920K)] 1364719K->1174819K(1864192K), 0.0582000 secs] [Times: user=0.29 sys=0.00, real=0.05 secs] 
4990.815: [GC (Allocation Failure) [PSYoungGen: 402995K->110445K(465920K)] 1407779K->1180229K(1864192K), 0.1074315 secs] [Times: user=0.58 sys=0.01, real=0.11 secs] 
4991.385: [GC (Allocation Failure) [PSYoungGen: 341109K->172757K(465920K)] 1410893K->1278006K(1864192K), 0.0454577 secs] [Times: user=0.19 sys=0.01, real=0.05 secs] 
4991.583: [GC (Allocation Failure) [PSYoungGen: 405717K->185334K(465920K)] 1510966K->1344351K(1864192K), 0.0554399 secs] [Times: user=0.26 sys=0.00, real=0.06 secs] 
4991.805: [GC (Allocation Failure) [PSYoungGen: 418294K->187157K(465920K)] 1577311K->1402014K(1864192K), 0.0649859 secs] [Times: user=0.32 sys=0.00, real=0.07 secs] 
4993.093: [GC (Allocation Failure) [PSYoungGen: 420117K->105084K(465920K)] 1634974K->1390534K(1864192K), 0.0594142 secs] [Times: user=0.32 sys=0.01, real=0.06 secs] 
4994.392: [GC (Allocation Failure) [PSYoungGen: 338044K->172788K(465920K)] 1623494K->1491899K(1864192K), 0.0727669 secs] [Times: user=0.34 sys=0.00, real=0.07 secs] 
4994.465: [Full GC (Ergonomics) [PSYoungGen: 172788K->0K(465920K)] [ParOldGen: 1319110K->199521K(1398272K)] 1491899K->199521K(1864192K), [Metaspace: 59600K->59600K(1105920K)], 0.2359863 secs] [Times: user=1.13 sys=0.00, real=0.24 secs] 
4994.807: [GC (Allocation Failure) [PSYoungGen: 232960K->180373K(465920K)] 432481K->379894K(1864192K), 0.0322509 secs] [Times: user=0.14 sys=0.00, real=0.04 secs] 
4994.984: [GC (Allocation Failure) [PSYoungGen: 411799K->182966K(465920K)] 611321K->445808K(1864192K), 0.0506774 secs] [Times: user=0.24 sys=0.00, real=0.05 secs] 
4996.052: [GC (Allocation Failure) [PSYoungGen: 415926K->168659K(401920K)] 678768K->489716K(1800192K), 0.0534288 secs] [Times: user=0.26 sys=0.00, real=0.05 secs] 
4997.336: [GC (Allocation Failure) [PSYoungGen: 401619K->111629K(459776K)] 722676K->497231K(1858048K), 0.1029079 secs] [Times: user=0.56 sys=0.00, real=0.11 secs] 
4998.252: [GC (Allocation Failure) [PSYoungGen: 336160K->171412K(462848K)] 721761K->592943K(1861120K), 0.0537078 secs] [Times: user=0.25 sys=0.00, real=0.05 secs] 
4998.444: [GC (Allocation Failure) [PSYoungGen: 401300K->183157K(463872K)] 822831K->658272K(1862144K), 0.0423789 secs] [Times: user=0.19 sys=0.00, real=0.04 secs] 
4998.631: [GC (Allocation Failure) [PSYoungGen: 417653K->187093K(465408K)] 892768K->717752K(1863680K), 0.0667578 secs] [Times: user=0.32 sys=0.01, real=0.07 secs] 
4999.877: [GC (Allocation Failure) [PSYoungGen: 421589K->102076K(465920K)] 952248K->703267K(1864192K), 0.0482869 secs] [Times: user=0.25 sys=0.00, real=0.05 secs] 
5001.204: [GC (Allocation Failure) [PSYoungGen: 335036K->168628K(401920K)] 936227K->802487K(1800192K), 0.0772628 secs] [Times: user=0.37 sys=0.00, real=0.08 secs] 
5001.488: [GC (Allocation Failure) [PSYoungGen: 401588K->185270K(464896K)] 1035447K->872077K(1863168K), 0.0532043 secs] [Times: user=0.26 sys=0.00, real=0.05 secs] 
5001.676: [GC (Allocation Failure) [PSYoungGen: 417718K->185207K(465408K)] 1104525K->936366K(1863680K), 0.0653811 secs] [Times: user=0.32 sys=0.00, real=0.07 secs] 
5002.631: [GC (Allocation Failure) [PSYoungGen: 417655K->193128K(465920K)] 1168814K->1003104K(1864192K), 0.0477141 secs] [Times: user=0.23 sys=0.00, real=0.05 secs] 
5003.331: [GC (Allocation Failure) [PSYoungGen: 426088K->106540K(465920K)] 1236064K->982140K(1864192K), 0.1155945 secs] [Times: user=0.62 sys=0.01, real=0.11 secs] 
5004.509: [GC (Allocation Failure) [PSYoungGen: 339465K->176661K(465920K)] 1215065K->1085898K(1864192K), 0.0557590 secs] [Times: user=0.25 sys=0.00, real=0.05 secs] 
5004.701: [GC (Allocation Failure) [PSYoungGen: 409621K->183029K(465920K)] 1318858K->1147098K(1864192K), 0.0447186 secs] [Times: user=0.21 sys=0.00, real=0.04 secs] 
5005.609: [GC (Allocation Failure) [PSYoungGen: 415989K->197844K(465920K)] 1380058K->1217169K(1864192K), 0.0861576 secs] [Times: user=0.44 sys=0.00, real=0.08 secs] 
5007.058: [GC (Allocation Failure) [PSYoungGen: 430804K->101932K(465920K)] 1450129K->1189753K(1864192K), 0.0631460 secs] [Times: user=0.34 sys=0.00, real=0.06 secs] 
5008.375: [GC (Allocation Failure) [PSYoungGen: 334892K->167316K(465920K)] 1422713K->1287693K(1864192K), 0.0903740 secs] [Times: user=0.46 sys=0.00, real=0.09 secs] 
5008.645: [GC (Allocation Failure) [PSYoungGen: 400276K->185590K(465920K)] 1520653K->1358855K(1864192K), 0.0429970 secs] [Times: user=0.19 sys=0.00, real=0.05 secs] 
5008.799: [GC (Allocation Failure) [PSYoungGen: 418550K->185815K(465920K)] 1591815K->1423560K(1864192K), 0.0505681 secs] [Times: user=0.24 sys=0.00, real=0.05 secs] 
5009.425: [GC (Allocation Failure) [PSYoungGen: 418775K->215732K(465920K)] 1656520K->1512405K(1864192K), 0.0560857 secs] [Times: user=0.27 sys=0.00, real=0.06 secs] 
5010.530: [GC (Allocation Failure) [PSYoungGen: 448692K->98427K(465920K)] 1745365K->1462873K(1864192K), 0.0980719 secs] [Times: user=0.53 sys=0.00, real=0.10 secs] 
5010.628: [Full GC (Ergonomics) [PSYoungGen: 98427K->0K(465920K)] [ParOldGen: 1364445K->116134K(1398272K)] 1462873K->116134K(1864192K), [Metaspace: 59600K->59600K(1105920K)], 0.1795230 secs] [Times: user=0.80 sys=0.00, real=0.18 secs] 
5011.456: [GC (Allocation Failure) [PSYoungGen: 232960K->179573K(465920K)] 349094K->295707K(1864192K), 0.0322003 secs] [Times: user=0.11 sys=0.00, real=0.04 secs] 
5011.639: [GC (Allocation Failure) [PSYoungGen: 412533K->185366K(465920K)] 528667K->357740K(1864192K), 0.0592671 secs] [Times: user=0.28 sys=0.00, real=0.06 secs] 
5011.836: [GC (Allocation Failure) [PSYoungGen: 418326K->187413K(465920K)] 590700K->416139K(1864192K), 0.0451322 secs] [Times: user=0.21 sys=0.00, real=0.05 secs] 
5013.204: [GC (Allocation Failure) [PSYoungGen: 420373K->98283K(465920K)] 649099K->397586K(1864192K), 0.0484895 secs] [Times: user=0.26 sys=0.00, real=0.05 secs] 
5014.384: [GC (Allocation Failure) [PSYoungGen: 331243K->173397K(465920K)] 630546K->504476K(1864192K), 0.0956975 secs] [Times: user=0.48 sys=0.00, real=0.10 secs] 
5014.679: [GC (Allocation Failure) [PSYoungGen: 406357K->182421K(465920K)] 737436K->567676K(1864192K), 0.0462806 secs] [Times: user=0.22 sys=0.00, real=0.04 secs] 
5014.859: [GC (Allocation Failure) [PSYoungGen: 415381K->186039K(465920K)] 800636K->635074K(1864192K), 0.0659873 secs] [Times: user=0.33 sys=0.00, real=0.06 secs] 
5015.793: [GC (Allocation Failure) [PSYoungGen: 416909K->211539K(465920K)] 865945K->719623K(1864192K), 0.0566786 secs] [Times: user=0.29 sys=0.00, real=0.06 secs] 
5017.131: [GC (Allocation Failure) [PSYoungGen: 444499K->97643K(465920K)] 952583K->672118K(1864192K), 0.1148432 secs] [Times: user=0.63 sys=0.00, real=0.11 secs] 
5017.757: [GC (Allocation Failure) [PSYoungGen: 330603K->181174K(465920K)] 905078K->786894K(1864192K), 0.0505092 secs] [Times: user=0.22 sys=0.01, real=0.05 secs] 
5017.973: [GC (Allocation Failure) [PSYoungGen: 414134K->185750K(465920K)] 1019854K->847826K(1864192K), 0.0696134 secs] [Times: user=0.33 sys=0.01, real=0.07 secs] 
5018.170: [GC (Allocation Failure) [PSYoungGen: 418710K->187381K(465920K)] 1080786K->905825K(1864192K), 0.0465434 secs] [Times: user=0.22 sys=0.00, real=0.04 secs] 
5019.270: [GC (Allocation Failure) [PSYoungGen: 420289K->99084K(465920K)] 1138734K->888288K(1864192K), 0.0457107 secs] [Times: user=0.24 sys=0.00, real=0.04 secs] 
5020.024: [GC (Allocation Failure) [PSYoungGen: 332044K->171028K(465920K)] 1121248K->991829K(1864192K), 0.0964600 secs] [Times: user=0.48 sys=0.00, real=0.10 secs] 
5020.304: [GC (Allocation Failure) [PSYoungGen: 403988K->185334K(465920K)] 1224789K->1060171K(1864192K), 0.0437473 secs] [Times: user=0.20 sys=0.00, real=0.05 secs] 
5020.460: [GC (Allocation Failure) [PSYoungGen: 418294K->186071K(465920K)] 1293131K->1125188K(1864192K), 0.0510897 secs] [Times: user=0.24 sys=0.00, real=0.05 secs] 
5021.426: [GC (Allocation Failure) [PSYoungGen: 416854K->208531K(465920K)] 1355971K->1206720K(1864192K), 0.0570056 secs] [Times: user=0.28 sys=0.00, real=0.06 secs] 
5022.475: [GC (Allocation Failure) [PSYoungGen: 441491K->102460K(465920K)] 1439680K->1166065K(1864192K), 0.0906571 secs] [Times: user=0.49 sys=0.01, real=0.09 secs] 
5023.524: [GC (Allocation Failure) [PSYoungGen: 335420K->180405K(465920K)] 1399025K->1276127K(1864192K), 0.0567760 secs] [Times: user=0.26 sys=0.00, real=0.06 secs] 
5023.723: [GC (Allocation Failure) [PSYoungGen: 413365K->185590K(465920K)] 1509087K->1338228K(1864192K), 0.0445328 secs] [Times: user=0.20 sys=0.01, real=0.05 secs] 
5023.889: [GC (Allocation Failure) [PSYoungGen: 418550K->187541K(465920K)] 1571188K->1396355K(1864192K), 0.0574330 secs] [Times: user=0.28 sys=0.00, real=0.05 secs] 
5025.169: [GC (Allocation Failure) [PSYoungGen: 420501K->96923K(465920K)] 1629315K->1376414K(1864192K), 0.0555496 secs] [Times: user=0.30 sys=0.00, real=0.05 secs] 
5027.013: [GC (Allocation Failure) [PSYoungGen: 329883K->167220K(465920K)] 1609374K->1477707K(1864192K), 0.0990337 secs] [Times: user=0.50 sys=0.01, real=0.10 secs] 
5027.112: [Full GC (Ergonomics) [PSYoungGen: 167220K->0K(465920K)] [ParOldGen: 1310487K->191104K(1398272K)] 1477707K->191104K(1864192K), [Metaspace: 59600K->59600K(1105920K)], 0.2565451 secs] [Times: user=1.24 sys=0.00, real=0.26 secs] 
5027.475: [GC (Allocation Failure) [PSYoungGen: 232960K->181877K(465920K)] 424064K->372982K(1864192K), 0.0331362 secs] [Times: user=0.14 sys=0.00, real=0.04 secs] 
5027.636: [GC (Allocation Failure) [PSYoungGen: 414837K->185783K(465920K)] 605942K->448843K(1864192K), 0.0437285 secs] [Times: user=0.20 sys=0.00, real=0.05 secs] 
5028.553: [GC (Allocation Failure) [PSYoungGen: 418431K->215892K(465920K)] 681491K->537945K(1864192K), 0.0563314 secs] [Times: user=0.28 sys=0.01, real=0.06 secs] 
5029.674: [GC (Allocation Failure) [PSYoungGen: 448852K->97755K(465920K)] 770905K->487648K(1864192K), 0.1041229 secs] [Times: user=0.56 sys=0.00, real=0.11 secs] 
5030.902: [GC (Allocation Failure) [PSYoungGen: 330715K->180918K(465920K)] 720608K->601787K(1864192K), 0.0556171 secs] [Times: user=0.25 sys=0.00, real=0.06 secs] 
5031.160: [GC (Allocation Failure) [PSYoungGen: 413878K->185398K(465920K)] 834747K->662755K(1864192K), 0.0581438 secs] [Times: user=0.27 sys=0.00, real=0.06 secs] 
5031.381: [GC (Allocation Failure) [PSYoungGen: 418358K->187477K(465920K)] 895715K->721211K(1864192K), 0.0631402 secs] [Times: user=0.30 sys=0.00, real=0.06 secs] 
5032.503: [GC (GCLocker Initiated GC) [PSYoungGen: 420437K->101980K(465920K)] 954172K->706387K(1864192K), 0.0444170 secs] [Times: user=0.23 sys=0.00, real=0.05 secs] 
5033.616: [GC (Allocation Failure) [PSYoungGen: 334940K->170644K(465920K)] 939348K->808045K(1864192K), 0.0894013 secs] [Times: user=0.43 sys=0.00, real=0.09 secs] 
5033.906: [GC (Allocation Failure) [PSYoungGen: 403604K->185046K(465920K)] 1041005K->876143K(1864192K), 0.0438167 secs] [Times: user=0.20 sys=0.00, real=0.05 secs] 
5034.096: [GC (Allocation Failure) [PSYoungGen: 418006K->183190K(465920K)] 1109103K->938600K(1864192K), 0.0692757 secs] [Times: user=0.34 sys=0.00, real=0.07 secs] 
5035.096: [GC (Allocation Failure) [PSYoungGen: 412860K->210771K(465920K)] 1168270K->1024196K(1864192K), 0.0544659 secs] [Times: user=0.27 sys=0.00, real=0.06 secs] 
5035.882: [GC (Allocation Failure) [PSYoungGen: 443731K->104972K(465920K)] 1257156K->984537K(1864192K), 0.1100940 secs] [Times: user=0.60 sys=0.00, real=0.11 secs] 
5036.621: [GC (Allocation Failure) [PSYoungGen: 337932K->177173K(465920K)] 1217497K->1090163K(1864192K), 0.0506927 secs] [Times: user=0.23 sys=0.00, real=0.05 secs] 
5036.801: [GC (Allocation Failure) [PSYoungGen: 410133K->185526K(465920K)] 1323123K->1153664K(1864192K), 0.0437135 secs] [Times: user=0.19 sys=0.00, real=0.04 secs] 
5036.973: [GC (Allocation Failure) [PSYoungGen: 418486K->187797K(465920K)] 1386624K->1212055K(1864192K), 0.0503226 secs] [Times: user=0.24 sys=0.00, real=0.05 secs] 
5038.141: [GC (Allocation Failure) [PSYoungGen: 420757K->98332K(465920K)] 1445015K->1193430K(1864192K), 0.0447330 secs] [Times: user=0.24 sys=0.00, real=0.04 secs] 
5039.319: [GC (Allocation Failure) [PSYoungGen: 331292K->171540K(465920K)] 1426390K->1297963K(1864192K), 0.0919453 secs] [Times: user=0.45 sys=0.00, real=0.09 secs] 
5039.632: [GC (Allocation Failure) [PSYoungGen: 404500K->185750K(465920K)] 1530923K->1365849K(1864192K), 0.0543762 secs] [Times: user=0.26 sys=0.00, real=0.05 secs] 
5039.792: [GC (Allocation Failure) [PSYoungGen: 418159K->184759K(465920K)] 1598258K->1429298K(1864192K), 0.0507822 secs] [Times: user=0.24 sys=0.00, real=0.05 secs] 
5040.845: [GC (Allocation Failure) [PSYoungGen: 417719K->168755K(465920K)] 1662258K->1472042K(1864192K), 0.0584082 secs] [Times: user=0.30 sys=0.00, real=0.06 secs] 
5042.444: [GC (Allocation Failure) [PSYoungGen: 401715K->106060K(465920K)] 1705002K->1473979K(1864192K), 0.0937382 secs] [Times: user=0.50 sys=0.00, real=0.10 secs] 
5042.537: [Full GC (Ergonomics) [PSYoungGen: 106060K->0K(465920K)] [ParOldGen: 1367919K->123719K(1398272K)] 1473979K->123719K(1864192K), [Metaspace: 59600K->59600K(1105920K)], 0.1753755 secs] [Times: user=0.76 sys=0.00, real=0.17 secs] 
5043.012: [GC (Allocation Failure) [PSYoungGen: 232960K->188949K(465920K)] 356679K->312669K(1864192K), 0.0268983 secs] [Times: user=0.10 sys=0.00, real=0.03 secs] 
5043.177: [GC (Allocation Failure) [PSYoungGen: 421909K->182390K(465920K)] 545629K->369258K(1864192K), 0.0557186 secs] [Times: user=0.27 sys=0.00, real=0.05 secs] 
5043.363: [GC (Allocation Failure) [PSYoungGen: 415350K->187573K(465920K)] 602218K->432449K(1864192K), 0.0560530 secs] [Times: user=0.27 sys=0.00, real=0.06 secs] 
5044.778: [GC (Allocation Failure) [PSYoungGen: 420533K->98075K(465920K)] 665409K->413751K(1864192K), 0.0785951 secs] [Times: user=0.43 sys=0.00, real=0.07 secs] 
5045.916: [GC (GCLocker Initiated GC) [PSYoungGen: 331035K->171668K(465920K)] 646714K->518712K(1864192K), 0.0595459 secs] [Times: user=0.28 sys=0.00, real=0.06 secs] 
5046.116: [GC (Allocation Failure) [PSYoungGen: 404628K->180405K(465920K)] 751709K->581214K(1864192K), 0.0416446 secs] [Times: user=0.19 sys=0.00, real=0.05 secs] 
5046.269: [GC (Allocation Failure) [PSYoungGen: 413365K->185527K(465920K)] 814174K->649328K(1864192K), 0.0490967 secs] [Times: user=0.22 sys=0.00, real=0.05 secs] 
5047.378: [GC (Allocation Failure) [PSYoungGen: 418487K->169779K(465920K)] 882288K->692484K(1864192K), 0.0572891 secs] [Times: user=0.29 sys=0.00, real=0.05 secs] 
5047.993: [GC (Allocation Failure) [PSYoungGen: 402739K->112573K(465920K)] 925444K->700430K(1864192K), 0.0874776 secs] [Times: user=0.46 sys=0.00, real=0.09 secs] 
5048.549: [GC (Allocation Failure) [PSYoungGen: 345425K->176884K(465920K)] 933282K->800034K(1864192K), 0.0524164 secs] [Times: user=0.24 sys=0.01, real=0.05 secs] 
5048.808: [GC (Allocation Failure) [PSYoungGen: 409844K->185047K(465920K)] 1032994K->870480K(1864192K), 0.0677192 secs] [Times: user=0.33 sys=0.00, real=0.06 secs] 
5049.017: [GC (Allocation Failure) [PSYoungGen: 418007K->187381K(465920K)] 1103440K->931575K(1864192K), 0.0717733 secs] [Times: user=0.37 sys=0.00, real=0.08 secs] 
5050.268: [GC (Allocation Failure) [PSYoungGen: 420341K->98475K(465920K)] 1164535K->913333K(1864192K), 0.0457870 secs] [Times: user=0.23 sys=0.00, real=0.04 secs] 
5051.591: [GC (Allocation Failure) [PSYoungGen: 331435K->172884K(465920K)] 1146293K->1019427K(1864192K), 0.0791906 secs] [Times: user=0.37 sys=0.00, real=0.08 secs] 
5051.871: [GC (Allocation Failure) [PSYoungGen: 405844K->185238K(465920K)] 1252387K->1085956K(1864192K), 0.0440580 secs] [Times: user=0.20 sys=0.00, real=0.04 secs] 
5052.019: [GC (Allocation Failure) [PSYoungGen: 405284K->173941K(465920K)] 1306003K->1139188K(1864192K), 0.0491890 secs] [Times: user=0.23 sys=0.00, real=0.05 secs] 
5053.059: [GC (Allocation Failure) [PSYoungGen: 401969K->189715K(465920K)] 1367216K->1210201K(1864192K), 0.0516535 secs] [Times: user=0.25 sys=0.00, real=0.05 secs] 
5054.101: [GC (Allocation Failure) [PSYoungGen: 422675K->100828K(465920K)] 1443161K->1185970K(1864192K), 0.0942155 secs] [Times: user=0.51 sys=0.00, real=0.09 secs] 
5054.913: [GC (Allocation Failure) [PSYoungGen: 333788K->178325K(465920K)] 1418930K->1295657K(1864192K), 0.0527898 secs] [Times: user=0.24 sys=0.00, real=0.05 secs] 
5055.097: [GC (Allocation Failure) [PSYoungGen: 411285K->185494K(465920K)] 1528617K->1358561K(1864192K), 0.0468487 secs] [Times: user=0.22 sys=0.00, real=0.05 secs] 
5055.301: [GC (Allocation Failure) [PSYoungGen: 418454K->187605K(465920K)] 1591521K->1416753K(1864192K), 0.0775906 secs] [Times: user=0.38 sys=0.00, real=0.08 secs] 
5056.597: [GC (Allocation Failure) [PSYoungGen: 420565K->99964K(465920K)] 1649713K->1399879K(1864192K), 0.0677428 secs] [Times: user=0.36 sys=0.00, real=0.06 secs] 
5057.602: [GC (GCLocker Initiated GC) [PSYoungGen: 332924K->172468K(465920K)] 1632840K->1504621K(1864192K), 0.1061311 secs] [Times: user=0.54 sys=0.00, real=0.11 secs] 
5057.708: [Full GC (Ergonomics) [PSYoungGen: 172468K->0K(465920K)] [ParOldGen: 1332152K->196756K(1398272K)] 1504621K->196756K(1864192K), [Metaspace: 59600K->59600K(1105920K)], 0.2748508 secs] [Times: user=1.34 sys=0.00, real=0.27 secs] 
5058.099: [GC (Allocation Failure) [PSYoungGen: 232960K->180117K(465920K)] 429719K->376876K(1864192K), 0.0314684 secs] [Times: user=0.13 sys=0.00, real=0.03 secs] 
5058.249: [GC (Allocation Failure) [PSYoungGen: 413077K->185783K(465920K)] 609836K->445998K(1864192K), 0.0434707 secs] [Times: user=0.19 sys=0.00, real=0.04 secs] 
5059.240: [GC (Allocation Failure) [PSYoungGen: 418743K->175091K(465920K)] 678958K->494315K(1864192K), 0.0587697 secs] [Times: user=0.29 sys=0.00, real=0.06 secs] 
5060.523: [GC (Allocation Failure) [PSYoungGen: 408051K->105468K(465920K)] 727275K->491284K(1864192K), 0.0925501 secs] [Times: user=0.49 sys=0.00, real=0.09 secs] 
5061.418: [GC (Allocation Failure) [PSYoungGen: 336161K->176565K(465920K)] 721977K->596065K(1864192K), 0.0528782 secs] [Times: user=0.24 sys=0.00, real=0.05 secs] 
5061.607: [GC (Allocation Failure) [PSYoungGen: 409525K->185334K(465920K)] 829025K->660150K(1864192K), 0.0433801 secs] [Times: user=0.19 sys=0.00, real=0.04 secs] 
5061.755: [GC (Allocation Failure) [PSYoungGen: 418294K->184885K(465920K)] 893110K->715749K(1864192K), 0.0453842 secs] [Times: user=0.21 sys=0.00, real=0.05 secs] 
5062.878: [GC (Allocation Failure) [PSYoungGen: 417845K->102220K(465920K)] 948709K->702908K(1864192K), 0.0453880 secs] [Times: user=0.23 sys=0.00, real=0.04 secs] 
5063.748: [GC (Allocation Failure) [PSYoungGen: 335180K->171636K(465920K)] 935868K->804810K(1864192K), 0.0661447 secs] [Times: user=0.33 sys=0.00, real=0.06 secs] 
5063.947: [GC (Allocation Failure) [PSYoungGen: 404596K->182677K(465920K)] 1037770K->869659K(1864192K), 0.0424046 secs] [Times: user=0.18 sys=0.00, real=0.04 secs] 
5064.101: [GC (Allocation Failure) [PSYoungGen: 415637K->186007K(465920K)] 1102619K->936756K(1864192K), 0.0500134 secs] [Times: user=0.23 sys=0.00, real=0.05 secs] 
5065.157: [GC (Allocation Failure) [PSYoungGen: 418967K->171667K(465920K)] 1169716K->981548K(1864192K), 0.0580103 secs] [Times: user=0.30 sys=0.00, real=0.05 secs] 
5065.845: [GC (GCLocker Initiated GC) [PSYoungGen: 404627K->107004K(465920K)] 1214508K->982542K(1864192K), 0.0933828 secs] [Times: user=0.50 sys=0.00, real=0.10 secs] 
5066.652: [GC (Allocation Failure) [PSYoungGen: 339964K->177334K(465920K)] 1223989K->1095555K(1864192K), 0.1577748 secs] [Times: user=0.88 sys=0.00, real=0.16 secs] 
5066.919: [GC (Allocation Failure) [PSYoungGen: 410294K->182582K(465920K)] 1328515K->1157431K(1864192K), 0.1513895 secs] [Times: user=0.84 sys=0.00, real=0.15 secs] 
5067.178: [GC (Allocation Failure) [PSYoungGen: 415542K->187541K(465920K)] 1390391K->1220374K(1864192K), 0.0591780 secs] [Times: user=0.30 sys=0.00, real=0.05 secs] 
5068.433: [GC (Allocation Failure) [PSYoungGen: 420501K->101452K(465920K)] 1453334K->1205141K(1864192K), 0.0490119 secs] [Times: user=0.26 sys=0.00, real=0.05 secs] 
5069.921: [GC (Allocation Failure) [PSYoungGen: 334412K->169236K(465920K)] 1438101K->1305106K(1864192K), 0.0788745 secs] [Times: user=0.37 sys=0.00, real=0.08 secs] 
5070.172: [GC (Allocation Failure) [PSYoungGen: 402196K->185526K(465920K)] 1538066K->1374856K(1864192K), 0.0442230 secs] [Times: user=0.20 sys=0.00, real=0.04 secs] 
5070.320: [GC (Allocation Failure) [PSYoungGen: 404934K->173781K(465920K)] 1594264K->1427535K(1864192K), 0.0498103 secs] [Times: user=0.23 sys=0.00, real=0.05 secs] 
5071.426: [GC (Allocation Failure) [PSYoungGen: 406741K->169619K(402944K)] 1660495K->1478653K(1801216K), 0.0574187 secs] [Times: user=0.29 sys=0.00, real=0.06 secs] 
5072.158: [GC (Allocation Failure) [PSYoungGen: 402579K->106860K(460800K)] 1711613K->1480743K(1859072K), 0.1043787 secs] [Times: user=0.56 sys=0.01, real=0.10 secs] 
5072.262: [Full GC (Ergonomics) [PSYoungGen: 106860K->0K(460800K)] [ParOldGen: 1373882K->125069K(1398272K)] 1480743K->125069K(1859072K), [Metaspace: 59600K->59600K(1105920K)], 0.1882829 secs] [Times: user=0.84 sys=0.00, real=0.19 secs] 
5072.786: [GC (Allocation Failure) [PSYoungGen: 230032K->176469K(463360K)] 355101K->301538K(1861632K), 0.0243720 secs] [Times: user=0.09 sys=0.00, real=0.03 secs] 
5072.919: [GC (Allocation Failure) [PSYoungGen: 406869K->183733K(465408K)] 531938K->363759K(1863680K), 0.0411700 secs] [Times: user=0.18 sys=0.00, real=0.04 secs] 
5073.067: [GC (Allocation Failure) [PSYoungGen: 416693K->187669K(465920K)] 596719K->423318K(1864192K), 0.0450581 secs] [Times: user=0.20 sys=0.00, real=0.04 secs] 
5074.240: [GC (Allocation Failure) [PSYoungGen: 420629K->99340K(465920K)] 656278K->405709K(1864192K), 0.0492990 secs] [Times: user=0.26 sys=0.00, real=0.05 secs] 
5075.664: [GC (Allocation Failure) [PSYoungGen: 332300K->170612K(465920K)] 638669K->509010K(1864192K), 0.1096426 secs] [Times: user=0.56 sys=0.01, real=0.11 secs] 
5075.973: [GC (Allocation Failure) [PSYoungGen: 403572K->179957K(465920K)] 741970K->571679K(1864192K), 0.0459247 secs] [Times: user=0.21 sys=0.00, real=0.05 secs] 
5076.128: [GC (Allocation Failure) [PSYoungGen: 412917K->186103K(465920K)] 804639K->641105K(1864192K), 0.0490049 secs] [Times: user=0.23 sys=0.00, real=0.05 secs] 
5077.041: [GC (Allocation Failure) [PSYoungGen: 414746K->212659K(465920K)] 869748K->726774K(1864192K), 0.0552430 secs] [Times: user=0.27 sys=0.00, real=0.05 secs] 
5078.084: [GC (Allocation Failure) [PSYoungGen: 445619K->101596K(465920K)] 959734K->682742K(1864192K), 0.1178332 secs] [Times: user=0.64 sys=0.01, real=0.12 secs] 
5078.855: [GC (Allocation Failure) [PSYoungGen: 334556K->180694K(465920K)] 915702K->794253K(1864192K), 0.0502669 secs] [Times: user=0.22 sys=0.00, real=0.05 secs] 
5079.037: [GC (Allocation Failure) [PSYoungGen: 413654K->185430K(465920K)] 1027213K->855369K(1864192K), 0.0436982 secs] [Times: user=0.20 sys=0.00, real=0.04 secs] 
5079.241: [GC (Allocation Failure) [PSYoungGen: 418390K->187221K(465920K)] 1088329K->913368K(1864192K), 0.0690673 secs] [Times: user=0.35 sys=0.00, real=0.07 secs] 
5080.420: [GC (Allocation Failure) [PSYoungGen: 420181K->97355K(465920K)] 1146328K->894111K(1864192K), 0.0442376 secs] [Times: user=0.23 sys=0.00, real=0.04 secs] 
5081.478: [GC (Allocation Failure) [PSYoungGen: 330315K->169780K(465920K)] 1127071K->997692K(1864192K), 0.0638047 secs] [Times: user=0.30 sys=0.00, real=0.06 secs] 
5081.728: [GC (Allocation Failure) [PSYoungGen: 402740K->185654K(465920K)] 1230652K->1066726K(1864192K), 0.0608185 secs] [Times: user=0.29 sys=0.00, real=0.06 secs] 
5081.911: [GC (Allocation Failure) [PSYoungGen: 418614K->183734K(465920K)] 1299686K->1129271K(1864192K), 0.0502362 secs] [Times: user=0.24 sys=0.01, real=0.05 secs] 
5082.887: [GC (Allocation Failure) [PSYoungGen: 412156K->210579K(465920K)] 1357693K->1214419K(1864192K), 0.0567020 secs] [Times: user=0.29 sys=0.00, real=0.06 secs] 
5084.618: [GC (Allocation Failure) [PSYoungGen: 443539K->98059K(465920K)] 1447379K->1168027K(1864192K), 0.1040944 secs] [Times: user=0.56 sys=0.00, real=0.10 secs] 
5085.737: [GC (Allocation Failure) [PSYoungGen: 331019K->182646K(465920K)] 1400987K->1283347K(1864192K), 0.0544571 secs] [Times: user=0.24 sys=0.00, real=0.05 secs] 
5085.926: [GC (Allocation Failure) [PSYoungGen: 415606K->182901K(465920K)] 1516307K->1340702K(1864192K), 0.0454379 secs] [Times: user=0.21 sys=0.00, real=0.05 secs] 
5086.114: [GC (Allocation Failure) [PSYoungGen: 415861K->187605K(465920K)] 1573662K->1401118K(1864192K), 0.0677541 secs] [Times: user=0.34 sys=0.00, real=0.07 secs] 
5087.305: [GC (Allocation Failure) [PSYoungGen: 420565K->102316K(465920K)] 1634078K->1386629K(1864192K), 0.0508973 secs] [Times: user=0.27 sys=0.00, real=0.05 secs] 
5088.201: [GC (Allocation Failure) [PSYoungGen: 335276K->172084K(465920K)] 1619589K->1489074K(1864192K), 0.0894909 secs] [Times: user=0.44 sys=0.01, real=0.09 secs] 
5088.290: [Full GC (Ergonomics) [PSYoungGen: 172084K->0K(465920K)] [ParOldGen: 1316989K->196943K(1398272K)] 1489074K->196943K(1864192K), [Metaspace: 59600K->59600K(1105920K)], 0.2608082 secs] [Times: user=1.28 sys=0.00, real=0.26 secs] 
5088.661: [GC (Allocation Failure) [PSYoungGen: 232960K->185494K(465920K)] 429903K->382437K(1864192K), 0.0335119 secs] [Times: user=0.14 sys=0.00, real=0.03 secs] 
5088.805: [GC (Allocation Failure) [PSYoungGen: 418454K->185047K(465920K)] 615397K->446702K(1864192K), 0.0437137 secs] [Times: user=0.20 sys=0.00, real=0.05 secs] 
5089.727: [GC (Allocation Failure) [PSYoungGen: 413392K->206963K(465920K)] 675047K->527314K(1864192K), 0.0534620 secs] [Times: user=0.27 sys=0.00, real=0.05 secs] 
5090.416: [GC (Allocation Failure) [PSYoungGen: 439923K->104412K(465920K)] 760274K->489547K(1864192K), 0.0953816 secs] [Times: user=0.51 sys=0.01, real=0.10 secs] 
5090.925: [GC (Allocation Failure) [PSYoungGen: 336692K->178901K(465920K)] 721827K->597141K(1864192K), 0.0443874 secs] [Times: user=0.20 sys=0.01, real=0.05 secs] 
5091.085: [GC (Allocation Failure) [PSYoungGen: 411861K->185526K(465920K)] 830101K->659866K(1864192K), 0.0441636 secs] [Times: user=0.21 sys=0.00, real=0.05 secs] 
5091.236: [GC (Allocation Failure) [PSYoungGen: 418486K->187573K(465920K)] 892826K->718161K(1864192K), 0.0459512 secs] [Times: user=0.22 sys=0.00, real=0.05 secs] 
5092.354: [GC (Allocation Failure) [PSYoungGen: 420533K->99100K(465920K)] 951121K->700404K(1864192K), 0.0440425 secs] [Times: user=0.23 sys=0.00, real=0.05 secs] 
5093.934: [GC (Allocation Failure) [PSYoungGen: 332060K->168820K(465920K)] 933364K->801913K(1864192K), 0.0934152 secs] [Times: user=0.46 sys=0.00, real=0.10 secs] 
5094.227: [GC (Allocation Failure) [PSYoungGen: 401780K->194006K(465920K)] 1034873K->880095K(1864192K), 0.0433138 secs] [Times: user=0.19 sys=0.00, real=0.04 secs] 
5094.380: [GC (Allocation Failure) [PSYoungGen: 426966K->183574K(465920K)] 1113055K->934248K(1864192K), 0.0496148 secs] [Times: user=0.23 sys=0.00, real=0.05 secs] 
5095.302: [GC (Allocation Failure) [PSYoungGen: 411446K->209747K(465920K)] 1162119K->1018596K(1864192K), 0.0560836 secs] [Times: user=0.28 sys=0.00, real=0.06 secs] 
5096.331: [GC (Allocation Failure) [PSYoungGen: 442707K->104284K(465920K)] 1251556K->978917K(1864192K), 0.0721803 secs] [Times: user=0.38 sys=0.00, real=0.07 secs] 
5097.176: [GC (Allocation Failure) [PSYoungGen: 334715K->178293K(465920K)] 1209348K->1085999K(1864192K), 0.0547793 secs] [Times: user=0.24 sys=0.00, real=0.06 secs] 
5097.364: [GC (Allocation Failure) [PSYoungGen: 411253K->179893K(465920K)] 1318959K->1143083K(1864192K), 0.0441748 secs] [Times: user=0.20 sys=0.00, real=0.05 secs] 
5097.534: [GC (Allocation Failure) [PSYoungGen: 412853K->187701K(465920K)] 1376043K->1205891K(1864192K), 0.0612804 secs] [Times: user=0.30 sys=0.00, real=0.06 secs] 
5098.703: [GC (GCLocker Initiated GC) [PSYoungGen: 420661K->103612K(465920K)] 1438853K->1192508K(1864192K), 0.0467311 secs] [Times: user=0.24 sys=0.01, real=0.05 secs] 
5099.603: [GC (Allocation Failure) [PSYoungGen: 336572K->168724K(465920K)] 1425633K->1291157K(1864192K), 0.0882453 secs] [Times: user=0.44 sys=0.00, real=0.09 secs] 
5099.857: [GC (Allocation Failure) [PSYoungGen: 401684K->185078K(465920K)] 1524117K->1360679K(1864192K), 0.0447836 secs] [Times: user=0.21 sys=0.00, real=0.05 secs] 
5100.072: [GC (Allocation Failure) [PSYoungGen: 418038K->186103K(465920K)] 1593639K->1425848K(1864192K), 0.0738229 secs] [Times: user=0.37 sys=0.00, real=0.07 secs] 
5101.145: [GC (Allocation Failure) [PSYoungGen: 419063K->171667K(465920K)] 1658808K->1470637K(1864192K), 0.0606020 secs] [Times: user=0.31 sys=0.00, real=0.06 secs] 
5101.624: [GC (Allocation Failure) [PSYoungGen: 404627K->111853K(465920K)] 1703597K->1476395K(1864192K), 0.0675758 secs] [Times: user=0.35 sys=0.00, real=0.07 secs] 
5101.691: [Full GC (Ergonomics) [PSYoungGen: 111853K->0K(465920K)] [ParOldGen: 1364541K->130010K(1398272K)] 1476395K->130010K(1864192K), [Metaspace: 59600K->59600K(1105920K)], 0.1438028 secs] [Times: user=0.65 sys=0.00, real=0.14 secs] 
5102.294: [GC (Allocation Failure) [PSYoungGen: 232960K->183636K(465920K)] 362970K->313647K(1864192K), 0.0368636 secs] [Times: user=0.14 sys=0.00, real=0.04 secs] 
5102.500: [GC (Allocation Failure) [PSYoungGen: 416596K->183094K(465920K)] 546607K->375073K(1864192K), 0.0465513 secs] [Times: user=0.22 sys=0.00, real=0.04 secs] 
5102.688: [GC (Allocation Failure) [PSYoungGen: 416054K->187509K(465920K)] 608033K->437567K(1864192K), 0.0852997 secs] [Times: user=0.44 sys=0.00, real=0.08 secs] 
5104.014: [GC (Allocation Failure) [PSYoungGen: 420469K->96267K(465920K)] 670527K->417046K(1864192K), 0.0494397 secs] [Times: user=0.27 sys=0.00, real=0.05 secs] 
5105.398: [GC (Allocation Failure) [PSYoungGen: 329227K->174357K(465920K)] 650006K->525724K(1864192K), 0.0689756 secs] [Times: user=0.33 sys=0.00, real=0.07 secs] 
5105.666: [GC (Allocation Failure) [PSYoungGen: 407317K->182837K(465920K)] 758684K->588889K(1864192K), 0.0580499 secs] [Times: user=0.28 sys=0.00, real=0.06 secs] 
5105.845: [GC (Allocation Failure) [PSYoungGen: 410258K->181750K(465920K)] 816309K->651714K(1864192K), 0.0491879 secs] [Times: user=0.23 sys=0.00, real=0.05 secs] 
5106.772: [GC (Allocation Failure) [PSYoungGen: 410880K->207251K(465920K)] 880843K->735070K(1864192K), 0.0546741 secs] [Times: user=0.27 sys=0.00, real=0.05 secs] 
5107.619: [GC (Allocation Failure) [PSYoungGen: 440211K->104780K(465920K)] 968030K->697439K(1864192K), 0.0878219 secs] [Times: user=0.48 sys=0.00, real=0.09 secs] 
5107.922: [GC (Allocation Failure) [PSYoungGen: 331799K->178389K(465920K)] 924459K->804570K(1864192K), 0.0351604 secs] [Times: user=0.15 sys=0.00, real=0.04 secs] 
5108.064: [GC (Allocation Failure) [PSYoungGen: 411349K->185430K(465920K)] 1037530K->867070K(1864192K), 0.0437325 secs] [Times: user=0.20 sys=0.00, real=0.05 secs] 
5108.210: [GC (Allocation Failure) [PSYoungGen: 418390K->187477K(465920K)] 1100030K->925325K(1864192K), 0.0458151 secs] [Times: user=0.21 sys=0.00, real=0.04 secs] 
5109.328: [GC (Allocation Failure) [PSYoungGen: 420437K->99324K(465920K)] 1158285K->907828K(1864192K), 0.0448048 secs] [Times: user=0.23 sys=0.00, real=0.04 secs] 
5110.851: [GC (Allocation Failure) [PSYoungGen: 332284K->170740K(465920K)] 1140788K->1011537K(1864192K), 0.0738704 secs] [Times: user=0.36 sys=0.00, real=0.07 secs] 
5111.130: [GC (Allocation Failure) [PSYoungGen: 403700K->182357K(465920K)] 1244497K->1076838K(1864192K), 0.0541253 secs] [Times: user=0.26 sys=0.00, real=0.05 secs] 
5111.294: [GC (Allocation Failure) [PSYoungGen: 415317K->186103K(465920K)] 1309798K->1144200K(1864192K), 0.0508484 secs] [Times: user=0.24 sys=0.00, real=0.05 secs] 
5112.306: [GC (Allocation Failure) [PSYoungGen: 419063K->192750K(465920K)] 1377160K->1210023K(1864192K), 0.0503499 secs] [Times: user=0.24 sys=0.00, real=0.05 secs] 
5113.411: [GC (Allocation Failure) [PSYoungGen: 425710K->105036K(465920K)] 1442983K->1187629K(1864192K), 0.0846267 secs] [Times: user=0.45 sys=0.00, real=0.08 secs] 
5113.977: [GC (Allocation Failure) [PSYoungGen: 333558K->177141K(465920K)] 1416151K->1293671K(1864192K), 0.0496143 secs] [Times: user=0.22 sys=0.00, real=0.04 secs] 
5114.189: [GC (Allocation Failure) [PSYoungGen: 410101K->185622K(465920K)] 1526631K->1357520K(1864192K), 0.0673822 secs] [Times: user=0.32 sys=0.00, real=0.06 secs] 
5114.378: [GC (Allocation Failure) [PSYoungGen: 418582K->187541K(465920K)] 1590480K->1415751K(1864192K), 0.0478486 secs] [Times: user=0.22 sys=0.00, real=0.04 secs] 
5115.586: [GC (Allocation Failure) [PSYoungGen: 420501K->98908K(465920K)] 1648711K->1397701K(1864192K), 0.0505354 secs] [Times: user=0.27 sys=0.00, real=0.05 secs] 
5116.901: [GC (Allocation Failure) [PSYoungGen: 331868K->167636K(465920K)] 1630661K->1497786K(1864192K), 0.1162117 secs] [Times: user=0.58 sys=0.00, real=0.12 secs] 
5117.018: [Full GC (Ergonomics) [PSYoungGen: 167636K->0K(465920K)] [ParOldGen: 1330150K->192613K(1398272K)] 1497786K->192613K(1864192K), [Metaspace: 59602K->59602K(1105920K)], 0.2618070 secs] [Times: user=1.28 sys=0.00, real=0.26 secs] 
5117.387: [GC (Allocation Failure) [PSYoungGen: 232960K->193462K(465920K)] 425573K->386076K(1864192K), 0.0327131 secs] [Times: user=0.13 sys=0.00, real=0.03 secs] 
5117.532: [GC (Allocation Failure) [PSYoungGen: 426422K->185847K(465920K)] 619036K->442941K(1864192K), 0.0437703 secs] [Times: user=0.19 sys=0.00, real=0.04 secs] 
5118.425: [GC (Allocation Failure) [PSYoungGen: 414507K->208755K(465920K)] 671601K->524697K(1864192K), 0.0548930 secs] [Times: user=0.27 sys=0.00, real=0.06 secs] 
5119.093: [GC (Allocation Failure) [PSYoungGen: 441715K->106252K(465920K)] 757657K->487878K(1864192K), 0.0560970 secs] [Times: user=0.29 sys=0.00, real=0.06 secs] 
5120.209: [GC (Allocation Failure) [PSYoungGen: 339212K->176533K(465920K)] 720838K->591608K(1864192K), 0.0537367 secs] [Times: user=0.25 sys=0.00, real=0.05 secs] 
5120.403: [GC (Allocation Failure) [PSYoungGen: 409493K->185654K(465920K)] 824568K->656193K(1864192K), 0.0427215 secs] [Times: user=0.20 sys=0.00, real=0.04 secs] 
5120.584: [GC (Allocation Failure) [PSYoungGen: 418614K->187605K(465920K)] 889153K->714320K(1864192K), 0.0640769 secs] [Times: user=0.31 sys=0.00, real=0.07 secs] 
5121.782: [GC (Allocation Failure) [PSYoungGen: 420476K->101404K(465920K)] 947191K->698907K(1864192K), 0.0439234 secs] [Times: user=0.23 sys=0.00, real=0.04 secs] 
5122.836: [GC (Allocation Failure) [PSYoungGen: 334364K->172596K(465920K)] 931867K->802388K(1864192K), 0.0786292 secs] [Times: user=0.37 sys=0.00, real=0.08 secs] 
5123.090: [GC (Allocation Failure) [PSYoungGen: 405556K->185014K(465920K)] 1035348K->869125K(1864192K), 0.0420320 secs] [Times: user=0.19 sys=0.00, real=0.04 secs] 
5123.254: [GC (Allocation Failure) [PSYoungGen: 417974K->180918K(465920K)] 1102085K->929198K(1864192K), 0.0644730 secs] [Times: user=0.32 sys=0.00, real=0.07 secs] 
5124.332: [GC (Allocation Failure) [PSYoungGen: 413878K->169555K(465920K)] 1162158K->975011K(1864192K), 0.0563971 secs] [Times: user=0.28 sys=0.00, real=0.06 secs] 
5124.894: [GC (Allocation Failure) [PSYoungGen: 402515K->110925K(465920K)] 1207971K->981189K(1864192K), 0.0708444 secs] [Times: user=0.37 sys=0.00, real=0.07 secs] 
5125.541: [GC (Allocation Failure) [PSYoungGen: 343885K->185397K(465920K)] 1214149K->1090881K(1864192K), 0.0501879 secs] [Times: user=0.23 sys=0.00, real=0.05 secs] 
5125.715: [GC (Allocation Failure) [PSYoungGen: 418357K->184759K(465920K)] 1323841K->1152451K(1864192K), 0.0495775 secs] [Times: user=0.23 sys=0.00, real=0.05 secs] 
5125.906: [GC (Allocation Failure) [PSYoungGen: 417719K->187477K(465920K)] 1385411K->1213706K(1864192K), 0.0805237 secs] [Times: user=0.42 sys=0.00, real=0.08 secs] 
5127.232: [GC (Allocation Failure) [PSYoungGen: 420437K->100924K(465920K)] 1446666K->1197905K(1864192K), 0.0619857 secs] [Times: user=0.33 sys=0.00, real=0.06 secs] 
5128.435: [GC (Allocation Failure) [PSYoungGen: 333884K->169236K(465920K)] 1430865K->1298446K(1864192K), 0.0933128 secs] [Times: user=0.46 sys=0.00, real=0.10 secs] 
5128.731: [GC (Allocation Failure) [PSYoungGen: 402196K->185398K(465920K)] 1531406K->1367924K(1864192K), 0.0432523 secs] [Times: user=0.19 sys=0.01, real=0.04 secs] 
5128.902: [GC (Allocation Failure) [PSYoungGen: 409576K->176822K(465920K)] 1592102K->1423651K(1864192K), 0.0696110 secs] [Times: user=0.32 sys=0.00, real=0.07 secs] 
5130.038: [GC (Allocation Failure) [PSYoungGen: 409782K->169587K(402944K)] 1656611K->1472761K(1801216K), 0.0570188 secs] [Times: user=0.28 sys=0.00, real=0.05 secs] 
5131.689: [GC (Allocation Failure) [PSYoungGen: 402547K->104460K(462848K)] 1705721K->1472402K(1861120K), 0.1156041 secs] [Times: user=0.63 sys=0.00, real=0.11 secs] 
5131.804: [Full GC (Ergonomics) [PSYoungGen: 104460K->0K(462848K)] [ParOldGen: 1367941K->123170K(1398272K)] 1472402K->123170K(1861120K), [Metaspace: 59603K->59603K(1105920K)], 0.1912337 secs] [Times: user=0.86 sys=0.00, real=0.19 secs] 
5132.590: [GC (Allocation Failure) [PSYoungGen: 231424K->177621K(464384K)] 354594K->300792K(1862656K), 0.0331682 secs] [Times: user=0.12 sys=0.00, real=0.03 secs] 
5132.820: [GC (Allocation Failure) [PSYoungGen: 409045K->184630K(465920K)] 532216K->363440K(1864192K), 0.0604653 secs] [Times: user=0.28 sys=0.00, real=0.06 secs] 
5133.001: [GC (Allocation Failure) [PSYoungGen: 417590K->187669K(465920K)] 596400K->422480K(1864192K), 0.0450014 secs] [Times: user=0.20 sys=0.00, real=0.04 secs] 
5134.146: [GC (Allocation Failure) [PSYoungGen: 420629K->101836K(465920K)] 655440K->407271K(1864192K), 0.0439235 secs] [Times: user=0.23 sys=0.01, real=0.05 secs] 
5135.595: [GC (GCLocker Initiated GC) [PSYoungGen: 334796K->167988K(465920K)] 640233K->506218K(1864192K), 0.0914229 secs] [Times: user=0.46 sys=0.00, real=0.09 secs] 
5135.876: [GC (Allocation Failure) [PSYoungGen: 400948K->185014K(465920K)] 739181K->576187K(1864192K), 0.0420506 secs] [Times: user=0.18 sys=0.00, real=0.05 secs] 
5136.081: [GC (Allocation Failure) [PSYoungGen: 417974K->185879K(465920K)] 809147K->641364K(1864192K), 0.0777036 secs] [Times: user=0.39 sys=0.00, real=0.08 secs] 
5137.110: [GC (Allocation Failure) [PSYoungGen: 418839K->170707K(465920K)] 874324K->684968K(1864192K), 0.0539528 secs] [Times: user=0.26 sys=0.00, real=0.05 secs] 
5137.849: [GC (Allocation Failure) [PSYoungGen: 403667K->113133K(465920K)] 917928K->692946K(1864192K), 0.1077849 secs] [Times: user=0.57 sys=0.00, real=0.11 secs] 
5139.130: [GC (Allocation Failure) [PSYoungGen: 346093K->175796K(465920K)] 925906K->791038K(1864192K), 0.0545158 secs] [Times: user=0.24 sys=0.01, real=0.05 secs] 
5139.311: [GC (Allocation Failure) [PSYoungGen: 408756K->182678K(465920K)] 1023998K->859621K(1864192K), 0.0489449 secs] [Times: user=0.22 sys=0.00, real=0.05 secs] 
5139.467: [GC (Allocation Failure) [PSYoungGen: 415638K->187733K(465920K)] 1092581K->922995K(1864192K), 0.0567692 secs] [Times: user=0.28 sys=0.00, real=0.06 secs] 
5140.593: [GC (Allocation Failure) [PSYoungGen: 420693K->102236K(465920K)] 1155955K->908298K(1864192K), 0.0470070 secs] [Times: user=0.25 sys=0.00, real=0.05 secs] 
5141.943: [GC (Allocation Failure) [PSYoungGen: 335196K->168180K(465920K)] 1141258K->1006591K(1864192K), 0.0651380 secs] [Times: user=0.31 sys=0.00, real=0.07 secs] 
5142.165: [GC (Allocation Failure) [PSYoungGen: 401140K->185494K(465920K)] 1239551K->1076693K(1864192K), 0.0424910 secs] [Times: user=0.19 sys=0.00, real=0.05 secs] 
5142.314: [GC (Allocation Failure) [PSYoungGen: 409761K->178166K(465920K)] 1300960K->1133797K(1864192K), 0.0490257 secs] [Times: user=0.22 sys=0.00, real=0.05 secs] 
5143.317: [GC (Allocation Failure) [PSYoungGen: 411126K->168915K(401920K)] 1366757K->1181282K(1800192K), 0.0575770 secs] [Times: user=0.29 sys=0.00, real=0.06 secs] 
5144.619: [GC (Allocation Failure) [PSYoungGen: 401875K->105484K(458752K)] 1414242K->1182459K(1857024K), 0.0944236 secs] [Times: user=0.50 sys=0.00, real=0.09 secs] 
5145.531: [GC (Allocation Failure) [PSYoungGen: 332507K->177557K(462336K)] 1409483K->1288628K(1860608K), 0.0523351 secs] [Times: user=0.24 sys=0.00, real=0.05 secs] 
5145.713: [GC (Allocation Failure) [PSYoungGen: 406933K->182741K(465408K)] 1518004K->1349116K(1863680K), 0.0437207 secs] [Times: user=0.20 sys=0.00, real=0.04 secs] 
5145.902: [GC (Allocation Failure) [PSYoungGen: 415701K->184757K(465920K)] 1582076K->1406635K(1864192K), 0.0627289 secs] [Times: user=0.31 sys=0.01, real=0.06 secs] 
5147.083: [GC (Allocation Failure) [PSYoungGen: 417717K->102604K(465920K)] 1639595K->1394307K(1864192K), 0.0453846 secs] [Times: user=0.24 sys=0.00, real=0.05 secs] 
5148.133: [GC (Allocation Failure) [PSYoungGen: 335564K->170772K(465920K)] 1627267K->1495668K(1864192K), 0.0912833 secs] [Times: user=0.45 sys=0.00, real=0.09 secs] 
5148.225: [Full GC (Ergonomics) [PSYoungGen: 170772K->0K(465920K)] [ParOldGen: 1324895K->195634K(1398272K)] 1495668K->195634K(1864192K), [Metaspace: 59626K->59626K(1105920K)], 0.2476845 secs] [Times: user=1.20 sys=0.00, real=0.25 secs] 
5148.583: [GC (Allocation Failure) [PSYoungGen: 232960K->185206K(465920K)] 428594K->380840K(1864192K), 0.0331607 secs] [Times: user=0.14 sys=0.00, real=0.03 secs] 
5148.729: [GC (Allocation Failure) [PSYoungGen: 418166K->186199K(465920K)] 613800K->446257K(1864192K), 0.0439536 secs] [Times: user=0.20 sys=0.00, real=0.04 secs] 
5149.742: [GC (Allocation Failure) [PSYoungGen: 419159K->192361K(465920K)] 679217K->511475K(1864192K), 0.0494021 secs] [Times: user=0.24 sys=0.00, real=0.05 secs] 
5150.866: [GC (Allocation Failure) [PSYoungGen: 425321K->105708K(465920K)] 744435K->490294K(1864192K), 0.1048618 secs] [Times: user=0.57 sys=0.00, real=0.11 secs] 
5151.827: [GC (Allocation Failure) [PSYoungGen: 338668K->177269K(465920K)] 723254K->595728K(1864192K), 0.0514961 secs] [Times: user=0.23 sys=0.00, real=0.06 secs] 
5152.013: [GC (Allocation Failure) [PSYoungGen: 410229K->185590K(465920K)] 828688K->659273K(1864192K), 0.0437201 secs] [Times: user=0.20 sys=0.00, real=0.04 secs] 
5152.163: [GC (Allocation Failure) [PSYoungGen: 418550K->187509K(465920K)] 892233K->717456K(1864192K), 0.0463632 secs] [Times: user=0.21 sys=0.00, real=0.05 secs] 
5153.374: [GC (Allocation Failure) [PSYoungGen: 420469K->97899K(465920K)] 950416K->698403K(1864192K), 0.0440204 secs] [Times: user=0.23 sys=0.00, real=0.05 secs] 
5154.333: [GC (Allocation Failure) [PSYoungGen: 330859K->171988K(465920K)] 931363K->804140K(1864192K), 0.0901945 secs] [Times: user=0.44 sys=0.00, real=0.09 secs] 
5154.632: [GC (Allocation Failure) [PSYoungGen: 404948K->182709K(465920K)] 1037100K->868674K(1864192K), 0.0527583 secs] [Times: user=0.25 sys=0.00, real=0.05 secs] 
5154.830: [GC (Allocation Failure) [PSYoungGen: 415669K->186007K(465920K)] 1101634K->935787K(1864192K), 0.0792355 secs] [Times: user=0.39 sys=0.00, real=0.08 secs] 
5155.935: [GC (Allocation Failure) [PSYoungGen: 418967K->170611K(465920K)] 1168747K->979523K(1864192K), 0.0555264 secs] [Times: user=0.27 sys=0.00, real=0.06 secs] 
5157.035: [GC (Allocation Failure) [PSYoungGen: 403571K->106492K(465920K)] 1212483K->980441K(1864192K), 0.1130702 secs] [Times: user=0.62 sys=0.00, real=0.12 secs] 
5157.953: [GC (Allocation Failure) [PSYoungGen: 335358K->176245K(465920K)] 1209307K->1084070K(1864192K), 0.0539479 secs] [Times: user=0.25 sys=0.00, real=0.05 secs] 
5158.207: [GC (Allocation Failure) [PSYoungGen: 409205K->185622K(465920K)] 1317030K->1148559K(1864192K), 0.0586555 secs] [Times: user=0.28 sys=0.00, real=0.05 secs] 
5158.382: [GC (Allocation Failure) [PSYoungGen: 418582K->187637K(465920K)] 1381519K->1206686K(1864192K), 0.0456039 secs] [Times: user=0.21 sys=0.00, real=0.05 secs] 
5159.519: [GC (Allocation Failure) [PSYoungGen: 420597K->103372K(465920K)] 1439646K->1193197K(1864192K), 0.0451565 secs] [Times: user=0.23 sys=0.00, real=0.04 secs] 
5161.150: [GC (Allocation Failure) [PSYoungGen: 336332K->168660K(465920K)] 1426157K->1291234K(1864192K), 0.1017617 secs] [Times: user=0.51 sys=0.00, real=0.10 secs] 
5161.457: [GC (Allocation Failure) [PSYoungGen: 401620K->185206K(465920K)] 1524194K->1360784K(1864192K), 0.0475675 secs] [Times: user=0.22 sys=0.00, real=0.04 secs] 
5161.650: [GC (GCLocker Initiated GC) [PSYoungGen: 418166K->183670K(465920K)] 1593744K->1423721K(1864192K), 0.0820999 secs] [Times: user=0.41 sys=0.00, real=0.08 secs] 
5162.727: [GC (Allocation Failure) [PSYoungGen: 416630K->169043K(465920K)] 1656682K->1467374K(1864192K), 0.0570576 secs] [Times: user=0.28 sys=0.00, real=0.05 secs] 
5163.710: [GC (Allocation Failure) [PSYoungGen: 402003K->106076K(465920K)] 1700334K->1469192K(1864192K), 0.1099755 secs] [Times: user=0.59 sys=0.01, real=0.11 secs] 
5163.820: [Full GC (Ergonomics) [PSYoungGen: 106076K->0K(465920K)] [ParOldGen: 1363115K->124756K(1398272K)] 1469192K->124756K(1864192K), [Metaspace: 59626K->59626K(1105920K)], 0.1852713 secs] [Times: user=0.83 sys=0.00, real=0.18 secs] 
5164.797: [GC (Allocation Failure) [PSYoungGen: 229001K->177269K(465920K)] 353758K->302026K(1864192K), 0.0364339 secs] [Times: user=0.14 sys=0.00, real=0.04 secs] 
5164.978: [GC (Allocation Failure) [PSYoungGen: 410229K->185334K(465920K)] 534986K->365455K(1864192K), 0.0412012 secs] [Times: user=0.18 sys=0.00, real=0.04 secs] 
5165.152: [GC (Allocation Failure) [PSYoungGen: 418294K->187605K(465920K)] 598415K->423854K(1864192K), 0.0624365 secs] [Times: user=0.30 sys=0.00, real=0.06 secs] 
5166.354: [GC (GCLocker Initiated GC) [PSYoungGen: 420565K->102060K(465920K)] 656815K->409166K(1864192K), 0.0527748 secs] [Times: user=0.28 sys=0.00, real=0.05 secs] 
5167.682: [GC (Allocation Failure) [PSYoungGen: 335020K->172436K(465920K)] 642165K->512186K(1864192K), 0.1032357 secs] [Times: user=0.51 sys=0.00, real=0.10 secs] 
5167.973: [GC (Allocation Failure) [PSYoungGen: 405396K->179925K(465920K)] 745146K->573599K(1864192K), 0.0414198 secs] [Times: user=0.19 sys=0.00, real=0.04 secs] 
5168.149: [GC (Allocation Failure) [PSYoungGen: 412885K->185911K(465920K)] 806559K->642801K(1864192K), 0.0656976 secs] [Times: user=0.32 sys=0.00, real=0.06 secs] 
5169.227: [GC (Allocation Failure) [PSYoungGen: 418871K->170515K(465920K)] 875761K->686461K(1864192K), 0.0539536 secs] [Times: user=0.26 sys=0.00, real=0.05 secs] 
5170.046: [GC (Allocation Failure) [PSYoungGen: 403475K->111149K(465920K)] 919421K->692447K(1864192K), 0.1129635 secs] [Times: user=0.53 sys=0.00, real=0.12 secs] 
5171.057: [GC (Allocation Failure) [PSYoungGen: 338299K->172757K(465920K)] 919597K->789308K(1864192K), 0.0528625 secs] [Times: user=0.24 sys=0.00, real=0.06 secs] 
5171.297: [GC (Allocation Failure) [PSYoungGen: 405717K->185398K(465920K)] 1022268K->855745K(1864192K), 0.0630610 secs] [Times: user=0.30 sys=0.00, real=0.06 secs] 
5171.481: [GC (Allocation Failure) [PSYoungGen: 418358K->187605K(465920K)] 1088705K->914080K(1864192K), 0.0456485 secs] [Times: user=0.21 sys=0.00, real=0.04 secs] 
5172.577: [GC (Allocation Failure) [PSYoungGen: 420565K->98780K(465920K)] 1147040K->896023K(1864192K), 0.0444462 secs] [Times: user=0.23 sys=0.00, real=0.05 secs] 
5173.876: [GC (Allocation Failure) [PSYoungGen: 331740K->171284K(465920K)] 1128983K->999732K(1864192K), 0.0827721 secs] [Times: user=0.40 sys=0.00, real=0.09 secs] 
5174.130: [GC (Allocation Failure) [PSYoungGen: 404244K->185590K(465920K)] 1232692K->1067638K(1864192K), 0.0445267 secs] [Times: user=0.20 sys=0.00, real=0.04 secs] 
5174.280: [GC (Allocation Failure) [PSYoungGen: 418550K->184215K(465920K)] 1300598K->1130663K(1864192K), 0.0514183 secs] [Times: user=0.24 sys=0.00, real=0.05 secs] 
5175.243: [GC (Allocation Failure) [PSYoungGen: 412499K->189395K(465920K)] 1358947K->1194419K(1864192K), 0.0550480 secs] [Times: user=0.27 sys=0.00, real=0.06 secs] 
5176.487: [GC (Allocation Failure) [PSYoungGen: 422355K->101836K(465920K)] 1427379K->1171396K(1864192K), 0.1195377 secs] [Times: user=0.66 sys=0.00, real=0.12 secs] 
5177.229: [GC (Allocation Failure) [PSYoungGen: 331563K->180630K(465920K)] 1401124K->1282671K(1864192K), 0.0519617 secs] [Times: user=0.24 sys=0.00, real=0.05 secs] 
5177.411: [GC (Allocation Failure) [PSYoungGen: 413590K->185654K(465920K)] 1515631K->1343867K(1864192K), 0.0465499 secs] [Times: user=0.21 sys=0.00, real=0.05 secs] 
5177.580: [GC (Allocation Failure) [PSYoungGen: 418614K->184757K(465920K)] 1576827K->1399122K(1864192K), 0.0523658 secs] [Times: user=0.25 sys=0.00, real=0.05 secs] 
5178.791: [GC (Allocation Failure) [PSYoungGen: 417717K->101580K(465920K)] 1632082K->1385657K(1864192K), 0.0475559 secs] [Times: user=0.25 sys=0.01, real=0.05 secs] 
5179.904: [GC (Allocation Failure) [PSYoungGen: 334540K->172276K(465920K)] 1618617K->1488878K(1864192K), 0.0747900 secs] [Times: user=0.36 sys=0.00, real=0.08 secs] 
5179.979: [Full GC (Ergonomics) [PSYoungGen: 172276K->0K(465920K)] [ParOldGen: 1316602K->195223K(1398272K)] 1488878K->195223K(1864192K), [Metaspace: 59626K->59626K(1105920K)], 0.2562852 secs] [Times: user=1.21 sys=0.00, real=0.25 secs] 
5180.346: [GC (Allocation Failure) [PSYoungGen: 232960K->182645K(465920K)] 428183K->377869K(1864192K), 0.0328210 secs] [Times: user=0.14 sys=0.00, real=0.04 secs] 
5180.490: [GC (Allocation Failure) [PSYoungGen: 415605K->185943K(465920K)] 610829K->444999K(1864192K), 0.0438301 secs] [Times: user=0.20 sys=0.00, real=0.04 secs] 
5181.536: [GC (Allocation Failure) [PSYoungGen: 418903K->170995K(465920K)] 677959K->488995K(1864192K), 0.0536913 secs] [Times: user=0.27 sys=0.00, real=0.06 secs] 
5182.359: [GC (Allocation Failure) [PSYoungGen: 403955K->104508K(465920K)] 721955K->487964K(1864192K), 0.1087690 secs] [Times: user=0.59 sys=0.01, real=0.11 secs] 
5183.692: [GC (Allocation Failure) [PSYoungGen: 337468K->178773K(465920K)] 720924K->595066K(1864192K), 0.0534591 secs] [Times: user=0.25 sys=0.00, real=0.05 secs] 
5183.883: [GC (Allocation Failure) [PSYoungGen: 411733K->185910K(465920K)] 828026K->658007K(1864192K), 0.0427911 secs] [Times: user=0.19 sys=0.00, real=0.04 secs] 
5184.059: [GC (Allocation Failure) [PSYoungGen: 418870K->187861K(465920K)] 890967K->716206K(1864192K), 0.0622645 secs] [Times: user=0.31 sys=0.00, real=0.06 secs] 
5185.219: [GC (Allocation Failure) [PSYoungGen: 420821K->101948K(465920K)] 949166K->701181K(1864192K), 0.0439906 secs] [Times: user=0.23 sys=0.00, real=0.04 secs] 
5186.461: [GC (Allocation Failure) [PSYoungGen: 334908K->166068K(465920K)] 934141K->797665K(1864192K), 0.1030456 secs] [Times: user=0.52 sys=0.00, real=0.10 secs] 
5186.766: [GC (GCLocker Initiated GC) [PSYoungGen: 399028K->185110K(465920K)] 1030626K->869104K(1864192K), 0.0444989 secs] [Times: user=0.20 sys=0.00, real=0.05 secs] 
5186.958: [GC (Allocation Failure) [PSYoungGen: 418070K->185655K(465920K)] 1102067K->933901K(1864192K), 0.0782050 secs] [Times: user=0.39 sys=0.00, real=0.07 secs] 
5188.028: [GC (Allocation Failure) [PSYoungGen: 418615K->169619K(465920K)] 1166861K->976736K(1864192K), 0.0567426 secs] [Times: user=0.29 sys=0.00, real=0.05 secs] 
5188.984: [GC (Allocation Failure) [PSYoungGen: 402579K->108861K(465920K)] 1209696K->980962K(1864192K), 0.1034379 secs] [Times: user=0.55 sys=0.00, real=0.11 secs] 
5189.770: [GC (Allocation Failure) [PSYoungGen: 338873K->174805K(465920K)] 1210975K->1081603K(1864192K), 0.0525417 secs] [Times: user=0.24 sys=0.00, real=0.05 secs] 
5189.954: [GC (Allocation Failure) [PSYoungGen: 407765K->185462K(465920K)] 1314563K->1146532K(1864192K), 0.0439535 secs] [Times: user=0.19 sys=0.01, real=0.05 secs] 
5190.104: [GC (Allocation Failure) [PSYoungGen: 418422K->187637K(465920K)] 1379492K->1204788K(1864192K), 0.0462704 secs] [Times: user=0.21 sys=0.00, real=0.05 secs] 
5191.296: [GC (Allocation Failure) [PSYoungGen: 420597K->101516K(465920K)] 1437748K->1189371K(1864192K), 0.0448455 secs] [Times: user=0.23 sys=0.00, real=0.05 secs] 
5192.067: [GC (Allocation Failure) [PSYoungGen: 334476K->172564K(465920K)] 1422331K->1293204K(1864192K), 0.0861940 secs] [Times: user=0.43 sys=0.00, real=0.09 secs] 
5192.318: [GC (Allocation Failure) [PSYoungGen: 405524K->185366K(465920K)] 1526164K->1360113K(1864192K), 0.0437519 secs] [Times: user=0.20 sys=0.00, real=0.04 secs] 
5192.470: [GC (Allocation Failure) [PSYoungGen: 415001K->180886K(465920K)] 1589749K->1420154K(1864192K), 0.0502144 secs] [Times: user=0.24 sys=0.00, real=0.05 secs] 
5193.418: [GC (Allocation Failure) [PSYoungGen: 408659K->206003K(465920K)] 1647927K->1502686K(1864192K), 0.0558121 secs] [Times: user=0.27 sys=0.00, real=0.05 secs] 
5194.392: [GC (Allocation Failure) [PSYoungGen: 438963K->104732K(465920K)] 1735646K->1466136K(1864192K), 0.0703524 secs] [Times: user=0.37 sys=0.00, real=0.07 secs] 
5194.462: [Full GC (Ergonomics) [PSYoungGen: 104732K->0K(465920K)] [ParOldGen: 1361403K->120834K(1398272K)] 1466136K->120834K(1864192K), [Metaspace: 59626K->59626K(1105920K)], 0.1498624 secs] [Times: user=0.66 sys=0.00, real=0.15 secs] 
5195.300: [GC (Allocation Failure) [PSYoungGen: 231886K->177909K(465920K)] 352721K->298744K(1864192K), 0.0308925 secs] [Times: user=0.11 sys=0.00, real=0.03 secs] 
5195.452: [GC (Allocation Failure) [PSYoungGen: 410869K->185430K(465920K)] 531704K->362032K(1864192K), 0.0417967 secs] [Times: user=0.19 sys=0.01, real=0.04 secs] 
5195.621: [GC (Allocation Failure) [PSYoungGen: 418390K->182228K(465920K)] 594992K->414855K(1864192K), 0.0577499 secs] [Times: user=0.28 sys=0.00, real=0.06 secs] 
5196.788: [GC (Allocation Failure) [PSYoungGen: 415188K->104796K(465920K)] 647815K->406663K(1864192K), 0.0440789 secs] [Times: user=0.23 sys=0.00, real=0.04 secs] 
5198.107: [GC (Allocation Failure) [PSYoungGen: 337756K->166644K(465920K)] 639623K->501875K(1864192K), 0.1159408 secs] [Times: user=0.58 sys=0.00, real=0.11 secs] 
5198.415: [GC (Allocation Failure) [PSYoungGen: 399604K->183381K(465920K)] 734835K->571309K(1864192K), 0.0414991 secs] [Times: user=0.18 sys=0.00, real=0.04 secs] 
5198.568: [GC (Allocation Failure) [PSYoungGen: 416341K->186007K(465920K)] 804269K->637822K(1864192K), 0.0491630 secs] [Times: user=0.23 sys=0.00, real=0.04 secs] 
5199.580: [GC (Allocation Failure) [PSYoungGen: 418967K->175091K(465920K)] 870782K->685931K(1864192K), 0.0551760 secs] [Times: user=0.28 sys=0.00, real=0.05 secs] 
5200.048: [GC (Allocation Failure) [PSYoungGen: 408051K->107260K(465920K)] 918891K->684824K(1864192K), 0.0514729 secs] [Times: user=0.26 sys=0.00, real=0.05 secs] 
5201.133: [GC (Allocation Failure) [PSYoungGen: 339545K->176821K(465920K)] 917109K->787965K(1864192K), 0.0536240 secs] [Times: user=0.24 sys=0.00, real=0.05 secs] 
5201.374: [GC (Allocation Failure) [PSYoungGen: 409781K->185686K(465920K)] 1020925K->852622K(1864192K), 0.0600039 secs] [Times: user=0.29 sys=0.00, real=0.06 secs] 
5201.550: [GC (Allocation Failure) [PSYoungGen: 418646K->187445K(465920K)] 1085582K->910637K(1864192K), 0.0452632 secs] [Times: user=0.21 sys=0.00, real=0.04 secs] 
5202.730: [GC (Allocation Failure) [PSYoungGen: 420405K->104572K(465920K)] 1143597K->898429K(1864192K), 0.0454404 secs] [Times: user=0.23 sys=0.00, real=0.04 secs] 
5203.960: [GC (GCLocker Initiated GC) [PSYoungGen: 337532K->166708K(465920K)] 1131389K->994153K(1864192K), 0.1083181 secs] [Times: user=0.56 sys=0.00, real=0.11 secs] 
5204.272: [GC (Allocation Failure) [PSYoungGen: 399668K->185334K(465920K)] 1227280K->1065474K(1864192K), 0.0429638 secs] [Times: user=0.19 sys=0.00, real=0.04 secs] 
5204.426: [GC (Allocation Failure) [PSYoungGen: 414317K->182966K(465920K)] 1294457K->1127395K(1864192K), 0.0503124 secs] [Times: user=0.24 sys=0.00, real=0.05 secs] 
5205.523: [GC (Allocation Failure) [PSYoungGen: 415926K->169523K(402944K)] 1360355K->1172103K(1801216K), 0.0550847 secs] [Times: user=0.27 sys=0.00, real=0.06 secs] 
5206.883: [GC (Allocation Failure) [PSYoungGen: 402483K->104460K(463872K)] 1405063K->1171944K(1862144K), 0.1197030 secs] [Times: user=0.65 sys=0.00, real=0.12 secs] 
5207.609: [GC (Allocation Failure) [PSYoungGen: 334996K->178389K(464896K)] 1402480K->1279350K(1863168K), 0.0503105 secs] [Times: user=0.23 sys=0.00, real=0.05 secs] 
5207.784: [GC (Allocation Failure) [PSYoungGen: 410325K->184598K(465920K)] 1511286K->1340815K(1864192K), 0.0444418 secs] [Times: user=0.20 sys=0.00, real=0.05 secs] 
5207.963: [GC (Allocation Failure) [PSYoungGen: 417558K->187445K(465920K)] 1573775K->1399598K(1864192K), 0.0649991 secs] [Times: user=0.31 sys=0.00, real=0.07 secs] 
5209.134: [GC (GCLocker Initiated GC) [PSYoungGen: 420405K->98380K(465920K)] 1632560K->1381191K(1864192K), 0.0465617 secs] [Times: user=0.24 sys=0.00, real=0.05 secs] 
5210.403: [GC (Allocation Failure) [PSYoungGen: 331340K->169556K(465920K)] 1614317K->1484279K(1864192K), 0.0937574 secs] [Times: user=0.47 sys=0.00, real=0.10 secs] 
5210.497: [Full GC (Ergonomics) [PSYoungGen: 169556K->0K(465920K)] [ParOldGen: 1314722K->192684K(1398272K)] 1484279K->192684K(1864192K), [Metaspace: 59626K->59626K(1105920K)], 0.2559123 secs] [Times: user=1.23 sys=0.00, real=0.25 secs] 
5210.864: [GC (Allocation Failure) [PSYoungGen: 232960K->185462K(465920K)] 425644K->378147K(1864192K), 0.0339411 secs] [Times: user=0.14 sys=0.00, real=0.04 secs] 
5211.011: [GC (Allocation Failure) [PSYoungGen: 418422K->186295K(465920K)] 611107K->443396K(1864192K), 0.0440962 secs] [Times: user=0.20 sys=0.00, real=0.04 secs] 
5211.940: [GC (Allocation Failure) [PSYoungGen: 415791K->207347K(465920K)] 672892K->523512K(1864192K), 0.0544590 secs] [Times: user=0.27 sys=0.00, real=0.05 secs] 
5213.015: [GC (Allocation Failure) [PSYoungGen: 440307K->101484K(465920K)] 756472K->482849K(1864192K), 0.1111690 secs] [Times: user=0.61 sys=0.00, real=0.11 secs] 
5214.005: [GC (Allocation Failure) [PSYoungGen: 334444K->180309K(465920K)] 715809K->593915K(1864192K), 0.0522740 secs] [Times: user=0.23 sys=0.00, real=0.05 secs] 
5214.191: [GC (Allocation Failure) [PSYoungGen: 413269K->185686K(465920K)] 826875K->655572K(1864192K), 0.0439931 secs] [Times: user=0.19 sys=0.00, real=0.04 secs] 
5214.342: [GC (Allocation Failure) [PSYoungGen: 418646K->187573K(465920K)] 888532K->713859K(1864192K), 0.0460647 secs] [Times: user=0.22 sys=0.00, real=0.05 secs] 
5215.500: [GC (Allocation Failure) [PSYoungGen: 420533K->99596K(465920K)] 946819K->696498K(1864192K), 0.0443633 secs] [Times: user=0.23 sys=0.00, real=0.04 secs] 
5216.533: [GC (Allocation Failure) [PSYoungGen: 332556K->167060K(465920K)] 929458K->795895K(1864192K), 0.0980741 secs] [Times: user=0.49 sys=0.01, real=0.10 secs] 
5216.822: [GC (Allocation Failure) [PSYoungGen: 400020K->182389K(465920K)] 1028855K->863992K(1864192K), 0.0420346 secs] [Times: user=0.19 sys=0.00, real=0.04 secs] 
5216.978: [GC (Allocation Failure) [PSYoungGen: 415349K->185879K(465920K)] 1096952K->931090K(1864192K), 0.0495692 secs] [Times: user=0.24 sys=0.00, real=0.05 secs] 
5217.942: [GC (Allocation Failure) [PSYoungGen: 415493K->212980K(465920K)] 1160704K->1017270K(1864192K), 0.0564270 secs] [Times: user=0.28 sys=0.00, real=0.06 secs] 
5218.706: [GC (Allocation Failure) [PSYoungGen: 445940K->102396K(465920K)] 1250230K->973559K(1864192K), 0.1084509 secs] [Times: user=0.59 sys=0.00, real=0.11 secs] 
5220.169: [GC (Allocation Failure) [PSYoungGen: 335356K->175861K(465920K)] 1206519K->1078973K(1864192K), 0.0539609 secs] [Times: user=0.24 sys=0.00, real=0.05 secs] 
5220.362: [GC (Allocation Failure) [PSYoungGen: 408821K->185686K(465920K)] 1311933K->1144006K(1864192K), 0.0441217 secs] [Times: user=0.20 sys=0.00, real=0.04 secs] 
5220.513: [GC (Allocation Failure) [PSYoungGen: 418646K->187349K(465920K)] 1376966K->1201949K(1864192K), 0.0461098 secs] [Times: user=0.22 sys=0.00, real=0.05 secs] 
5221.681: [GC (Allocation Failure) [PSYoungGen: 420309K->98411K(465920K)] 1434911K->1183510K(1864192K), 0.0454907 secs] [Times: user=0.23 sys=0.00, real=0.04 secs] 
5222.752: [GC (Allocation Failure) [PSYoungGen: 331371K->172788K(465920K)] 1416470K->1289339K(1864192K), 0.0669345 secs] [Times: user=0.33 sys=0.00, real=0.07 secs] 
5222.997: [GC (Allocation Failure) [PSYoungGen: 405748K->185718K(465920K)] 1522299K->1356229K(1864192K), 0.0607174 secs] [Times: user=0.28 sys=0.00, real=0.07 secs] 
5223.215: [GC (Allocation Failure) [PSYoungGen: 418678K->183158K(465920K)] 1589189K->1418061K(1864192K), 0.0711029 secs] [Times: user=0.35 sys=0.00, real=0.07 secs] 
5223.803: [GC (Allocation Failure) [PSYoungGen: 412760K->210003K(465920K)] 1647663K->1502978K(1864192K), 0.0535225 secs] [Times: user=0.26 sys=0.00, real=0.05 secs] 
5224.947: [GC (Allocation Failure) [PSYoungGen: 442963K->101500K(465920K)] 1735938K->1461427K(1864192K), 0.0800798 secs] [Times: user=0.43 sys=0.00, real=0.08 secs] 
5225.027: [Full GC (Ergonomics) [PSYoungGen: 101500K->0K(465920K)] [ParOldGen: 1359927K->120993K(1398272K)] 1461427K->120993K(1864192K), [Metaspace: 59626K->59626K(1105920K)], 0.1608153 secs] [Times: user=0.69 sys=0.00, real=0.17 secs] 
5225.607: [GC (Allocation Failure) [PSYoungGen: 232960K->181494K(465920K)] 353953K->302488K(1864192K), 0.0332211 secs] [Times: user=0.13 sys=0.00, real=0.04 secs] 
5225.762: [GC (Allocation Failure) [PSYoungGen: 414454K->185686K(465920K)] 535448K->363324K(1864192K), 0.0418513 secs] [Times: user=0.19 sys=0.00, real=0.04 secs] 
5225.950: [GC (Allocation Failure) [PSYoungGen: 418529K->184116K(465920K)] 596167K->417890K(1864192K), 0.0628843 secs] [Times: user=0.31 sys=0.00, real=0.06 secs] 
5227.281: [GC (Allocation Failure) [PSYoungGen: 417076K->99900K(465920K)] 650850K->403138K(1864192K), 0.0580610 secs] [Times: user=0.31 sys=0.00, real=0.06 secs] 
5228.295: [GC (Allocation Failure) [PSYoungGen: 332860K->174165K(465920K)] 636098K->510184K(1864192K), 0.0723460 secs] [Times: user=0.35 sys=0.00, real=0.08 secs] 
5228.576: [GC (Allocation Failure) [PSYoungGen: 407125K->185142K(465920K)] 743144K->575361K(1864192K), 0.0568342 secs] [Times: user=0.26 sys=0.00, real=0.06 secs] 
5228.787: [GC (Allocation Failure) [PSYoungGen: 418102K->183030K(465920K)] 808321K->637545K(1864192K), 0.0702852 secs] [Times: user=0.34 sys=0.00, real=0.07 secs] 
5229.835: [GC (Allocation Failure) [PSYoungGen: 415990K->169971K(465920K)] 870505K->682366K(1864192K), 0.0568041 secs] [Times: user=0.28 sys=0.01, real=0.06 secs] 
5231.174: [GC (Allocation Failure) [PSYoungGen: 402931K->107484K(465920K)] 915326K->684767K(1864192K), 0.1032301 secs] [Times: user=0.54 sys=0.01, real=0.11 secs] 
5232.352: [GC (Allocation Failure) [PSYoungGen: 340444K->174837K(465920K)] 917727K->786293K(1864192K), 0.0504263 secs] [Times: user=0.23 sys=0.00, real=0.05 secs] 
5232.601: [GC (Allocation Failure) [PSYoungGen: 407797K->185654K(465920K)] 1019253K->851882K(1864192K), 0.0595452 secs] [Times: user=0.28 sys=0.00, real=0.06 secs] 
5232.774: [GC (Allocation Failure) [PSYoungGen: 418614K->187669K(465920K)] 1084842K->910129K(1864192K), 0.0457798 secs] [Times: user=0.21 sys=0.00, real=0.05 secs] 
5233.896: [GC (Allocation Failure) [PSYoungGen: 420629K->98347K(465920K)] 1143089K->891543K(1864192K), 0.0446858 secs] [Times: user=0.23 sys=0.00, real=0.05 secs] 
5235.774: [GC (Allocation Failure) [PSYoungGen: 331307K->167252K(465920K)] 1124503K->991733K(1864192K), 0.1038746 secs] [Times: user=0.51 sys=0.00, real=0.11 secs] 
5236.071: [GC (Allocation Failure) [PSYoungGen: 400212K->182869K(465920K)] 1224693K->1059570K(1864192K), 0.0438795 secs] [Times: user=0.20 sys=0.00, real=0.04 secs] 
5236.226: [GC (Allocation Failure) [PSYoungGen: 415829K->185911K(465920K)] 1292530K->1126564K(1864192K), 0.0515195 secs] [Times: user=0.24 sys=0.00, real=0.06 secs] 
5237.230: [GC (Allocation Failure) [PSYoungGen: 418053K->212499K(465920K)] 1358706K->1212120K(1864192K), 0.0570449 secs] [Times: user=0.28 sys=0.00, real=0.06 secs] 
5237.965: [GC (Allocation Failure) [PSYoungGen: 445459K->101868K(465920K)] 1445080K->1168097K(1864192K), 0.1117463 secs] [Times: user=0.60 sys=0.00, real=0.11 secs] 
5238.718: [GC (Allocation Failure) [PSYoungGen: 334828K->180501K(465920K)] 1401057K->1278903K(1864192K), 0.0509209 secs] [Times: user=0.23 sys=0.00, real=0.05 secs] 
5238.946: [GC (Allocation Failure) [PSYoungGen: 413461K->185302K(465920K)] 1511863K->1340260K(1864192K), 0.0629770 secs] [Times: user=0.30 sys=0.00, real=0.07 secs] 
5239.172: [GC (Allocation Failure) [PSYoungGen: 418262K->184628K(465920K)] 1573220K->1395642K(1864192K), 0.0646651 secs] [Times: user=0.32 sys=0.00, real=0.07 secs] 
5240.419: [GC (Allocation Failure) [PSYoungGen: 417588K->105100K(465920K)] 1628602K->1385730K(1864192K), 0.0507627 secs] [Times: user=0.27 sys=0.00, real=0.05 secs] 
5241.314: [GC (Allocation Failure) [PSYoungGen: 338060K->172372K(465920K)] 1618690K->1486527K(1864192K), 0.0641807 secs] [Times: user=0.31 sys=0.00, real=0.07 secs] 
5241.378: [Full GC (Ergonomics) [PSYoungGen: 172372K->0K(465920K)] [ParOldGen: 1314154K->196220K(1398272K)] 1486527K->196220K(1864192K), [Metaspace: 59627K->59627K(1105920K)], 0.2183930 secs] [Times: user=1.02 sys=0.01, real=0.21 secs] 
5241.711: [GC (Allocation Failure) [PSYoungGen: 232960K->185302K(465920K)] 429180K->381522K(1864192K), 0.0315067 secs] [Times: user=0.11 sys=0.00, real=0.03 secs] 
5241.899: [GC (Allocation Failure) [PSYoungGen: 418262K->180598K(465920K)] 614482K->441250K(1864192K), 0.0518033 secs] [Times: user=0.25 sys=0.00, real=0.05 secs] 
5242.901: [GC (Allocation Failure) [PSYoungGen: 413558K->170707K(465920K)] 674210K->488375K(1864192K), 0.0568742 secs] [Times: user=0.29 sys=0.00, real=0.06 secs] 
5243.455: [GC (Allocation Failure) [PSYoungGen: 403667K->113565K(465920K)] 721335K->496537K(1864192K), 0.1125826 secs] [Times: user=0.61 sys=0.00, real=0.12 secs] 
5244.088: [GC (Allocation Failure) [PSYoungGen: 346525K->174196K(465920K)] 729497K->593205K(1864192K), 0.0514810 secs] [Times: user=0.22 sys=0.00, real=0.05 secs] 
5244.267: [GC (Allocation Failure) [PSYoungGen: 407156K->185207K(465920K)] 826165K->665968K(1864192K), 0.0488729 secs] [Times: user=0.23 sys=0.01, real=0.05 secs] 
5244.453: [GC (Allocation Failure) [PSYoungGen: 418167K->187733K(465920K)] 898928K->727306K(1864192K), 0.0842500 secs] [Times: user=0.43 sys=0.00, real=0.08 secs] 
5245.646: [GC (Allocation Failure) [PSYoungGen: 420693K->101388K(465920K)] 960266K->711721K(1864192K), 0.0469808 secs] [Times: user=0.25 sys=0.00, real=0.05 secs] 
5246.930: [GC (Allocation Failure) [PSYoungGen: 334348K->172372K(465920K)] 944681K->815110K(1864192K), 0.0743708 secs] [Times: user=0.34 sys=0.00, real=0.07 secs] 
5247.223: [GC (Allocation Failure) [PSYoungGen: 405332K->185334K(465920K)] 1048070K->882164K(1864192K), 0.0570376 secs] [Times: user=0.27 sys=0.00, real=0.06 secs] 
5247.433: [GC (Allocation Failure) [PSYoungGen: 411004K->174293K(465920K)] 1107834K->935531K(1864192K), 0.0728020 secs] [Times: user=0.36 sys=0.00, real=0.07 secs] 
5248.480: [GC (Allocation Failure) [PSYoungGen: 407253K->169331K(459776K)] 1168491K->985857K(1858048K), 0.0535909 secs] [Times: user=0.27 sys=0.00, real=0.05 secs] 
5249.170: [GC (Allocation Failure) [PSYoungGen: 402291K->111789K(462848K)] 1218817K->993051K(1861120K), 0.1062307 secs] [Times: user=0.58 sys=0.00, real=0.10 secs] 
5250.487: [GC (Allocation Failure) [PSYoungGen: 342945K->171476K(465408K)] 1224207K->1088887K(1863680K), 0.0528372 secs] [Times: user=0.24 sys=0.00, real=0.06 secs] 
5250.674: [GC (Allocation Failure) [PSYoungGen: 408020K->188342K(465920K)] 1325431K->1159529K(1864192K), 0.0435704 secs] [Times: user=0.19 sys=0.00, real=0.05 secs] 
5250.827: [GC (Allocation Failure) [PSYoungGen: 424886K->189973K(465408K)] 1396073K->1218296K(1863680K), 0.0468620 secs] [Times: user=0.22 sys=0.00, real=0.05 secs] 
5252.113: [GC (Allocation Failure) [PSYoungGen: 422933K->101820K(465920K)] 1451256K->1201507K(1864192K), 0.0492633 secs] [Times: user=0.26 sys=0.00, real=0.05 secs] 
5252.773: [GC (Allocation Failure) [PSYoungGen: 334780K->173044K(465920K)] 1434467K->1305636K(1864192K), 0.0718963 secs] [Times: user=0.33 sys=0.00, real=0.07 secs] 
5253.055: [GC (Allocation Failure) [PSYoungGen: 406004K->193334K(465920K)] 1538596K->1380489K(1864192K), 0.0537929 secs] [Times: user=0.25 sys=0.00, real=0.06 secs] 
5253.212: [GC (Allocation Failure) [PSYoungGen: 413686K->175766K(465920K)] 1600841K->1427089K(1864192K), 0.0498770 secs] [Times: user=0.23 sys=0.00, real=0.05 secs] 
5254.240: [GC (Allocation Failure) [PSYoungGen: 408726K->168338K(401408K)] 1660049K->1475422K(1799680K), 0.0547417 secs] [Times: user=0.27 sys=0.00, real=0.05 secs] 
5255.127: [GC (Allocation Failure) [PSYoungGen: 401298K->110733K(461824K)] 1708382K->1482108K(1860096K), 0.0916713 secs] [Times: user=0.49 sys=0.00, real=0.09 secs] 
5255.219: [Full GC (Ergonomics) [PSYoungGen: 110733K->0K(461824K)] [ParOldGen: 1371375K->126935K(1398272K)] 1482108K->126935K(1860096K), [Metaspace: 59627K->59627K(1105920K)], 0.1792431 secs] [Times: user=0.78 sys=0.00, real=0.18 secs] 
5255.956: [GC (Allocation Failure) [PSYoungGen: 225329K->172276K(463872K)] 352265K->299212K(1862144K), 0.0304484 secs] [Times: user=0.11 sys=0.00, real=0.03 secs] 
5256.148: [GC (Allocation Failure) [PSYoungGen: 403188K->184118K(464384K)] 530124K->364917K(1862656K), 0.0593825 secs] [Times: user=0.28 sys=0.00, real=0.06 secs] 
5256.381: [GC (GCLocker Initiated GC) [PSYoungGen: 417590K->181300K(465920K)] 598389K->417843K(1864192K), 0.0639891 secs] [Times: user=0.32 sys=0.00, real=0.06 secs] 
5257.580: [GC (Allocation Failure) [PSYoungGen: 414772K->103724K(464896K)] 651317K->408766K(1863168K), 0.0440112 secs] [Times: user=0.22 sys=0.00, real=0.04 secs] 
5258.496: [GC (Allocation Failure) [PSYoungGen: 336684K->170580K(465920K)] 641726K->508786K(1864192K), 0.1148426 secs] [Times: user=0.60 sys=0.00, real=0.12 secs] 
5258.822: [GC (Allocation Failure) [PSYoungGen: 403540K->185302K(465408K)] 741746K->577236K(1863680K), 0.0438220 secs] [Times: user=0.20 sys=0.00, real=0.04 secs] 
5258.994: [GC (Allocation Failure) [PSYoungGen: 418155K->180182K(465920K)] 810089K->636564K(1864192K), 0.0539112 secs] [Times: user=0.25 sys=0.00, real=0.06 secs] 
5259.969: [GC (Allocation Failure) [PSYoungGen: 411525K->214996K(465920K)] 867907K->728154K(1864192K), 0.0558121 secs] [Times: user=0.27 sys=0.00, real=0.05 secs] 
5260.584: [GC (Allocation Failure) [PSYoungGen: 447956K->105884K(465920K)] 961114K->686755K(1864192K), 0.0813467 secs] [Times: user=0.43 sys=0.00, real=0.08 secs] 
5261.358: [GC (Allocation Failure) [PSYoungGen: 338844K->177685K(465920K)] 919715K->791924K(1864192K), 0.0532192 secs] [Times: user=0.24 sys=0.00, real=0.05 secs] 
5261.548: [GC (Allocation Failure) [PSYoungGen: 410645K->185462K(465920K)] 1024884K->855049K(1864192K), 0.0435450 secs] [Times: user=0.20 sys=0.00, real=0.04 secs] 
5261.695: [GC (Allocation Failure) [PSYoungGen: 418422K->185045K(465920K)] 1088009K->910672K(1864192K), 0.0454628 secs] [Times: user=0.21 sys=0.00, real=0.05 secs] 
5262.822: [GC (Allocation Failure) [PSYoungGen: 418005K->101820K(465920K)] 1143632K->897231K(1864192K), 0.0451698 secs] [Times: user=0.24 sys=0.00, real=0.05 secs] 
5264.518: [GC (Allocation Failure) [PSYoungGen: 334780K->167988K(465920K)] 1130191K->995700K(1864192K), 0.1133649 secs] [Times: user=0.58 sys=0.01, real=0.11 secs] 
5264.828: [GC (Allocation Failure) [PSYoungGen: 400948K->185430K(465920K)] 1228660K->1065898K(1864192K), 0.0430942 secs] [Times: user=0.20 sys=0.00, real=0.04 secs] 
5264.981: [GC (Allocation Failure) [PSYoungGen: 418390K->185911K(465920K)] 1298858K->1130627K(1864192K), 0.0509559 secs] [Times: user=0.24 sys=0.00, real=0.05 secs] 
5265.982: [GC (Allocation Failure) [PSYoungGen: 415979K->207571K(465920K)] 1360695K->1211391K(1864192K), 0.0561501 secs] [Times: user=0.28 sys=0.00, real=0.06 secs] 
5266.908: [GC (Allocation Failure) [PSYoungGen: 440531K->98587K(465920K)] 1444351K->1167396K(1864192K), 0.1150972 secs] [Times: user=0.63 sys=0.00, real=0.11 secs] 
5267.721: [GC (Allocation Failure) [PSYoungGen: 331547K->180918K(465920K)] 1400356K->1281387K(1864192K), 0.0508269 secs] [Times: user=0.23 sys=0.00, real=0.05 secs] 
5267.958: [GC (Allocation Failure) [PSYoungGen: 413878K->185430K(465920K)] 1514347K->1342351K(1864192K), 0.0584634 secs] [Times: user=0.28 sys=0.00, real=0.05 secs] 
5268.162: [GC (Allocation Failure) [PSYoungGen: 418390K->182452K(465920K)] 1575311K->1395550K(1864192K), 0.0638188 secs] [Times: user=0.31 sys=0.00, real=0.06 secs] 
5269.346: [GC (Allocation Failure) [PSYoungGen: 415412K->103116K(465920K)] 1628510K->1385182K(1864192K), 0.0490188 secs] [Times: user=0.25 sys=0.00, real=0.05 secs] 
5271.059: [GC (Allocation Failure) [PSYoungGen: 336076K->167316K(465920K)] 1618143K->1482539K(1864192K), 0.1068388 secs] [Times: user=0.53 sys=0.00, real=0.10 secs] 
5271.166: [Full GC (Ergonomics) [PSYoungGen: 167316K->0K(465920K)] [ParOldGen: 1315222K->189181K(1398272K)] 1482539K->189181K(1864192K), [Metaspace: 59627K->59627K(1105920K)], 0.2549717 secs] [Times: user=1.26 sys=0.00, real=0.26 secs] 
5271.526: [GC (Allocation Failure) [PSYoungGen: 232960K->182997K(465920K)] 422141K->372179K(1864192K), 0.0322133 secs] [Times: user=0.12 sys=0.00, real=0.04 secs] 
5271.669: [GC (Allocation Failure) [PSYoungGen: 415957K->185975K(465920K)] 605139K->438996K(1864192K), 0.0440042 secs] [Times: user=0.20 sys=0.00, real=0.04 secs] 
5272.143: [GC (Allocation Failure) [PSYoungGen: 417908K->214452K(465920K)] 670930K->526426K(1864192K), 0.0546403 secs] [Times: user=0.27 sys=0.00, real=0.06 secs] 
5273.111: [GC (Allocation Failure) [PSYoungGen: 447412K->102876K(465920K)] 759386K->482946K(1864192K), 0.0542223 secs] [Times: user=0.28 sys=0.00, real=0.05 secs] 
5273.761: [GC (GCLocker Initiated GC) [PSYoungGen: 335836K->178357K(465920K)] 715906K->590916K(1864192K), 0.0557766 secs] [Times: user=0.25 sys=0.00, real=0.06 secs] 
5273.961: [GC (Allocation Failure) [PSYoungGen: 411317K->185206K(465920K)] 823879K->653891K(1864192K), 0.0435680 secs] [Times: user=0.19 sys=0.01, real=0.04 secs] 
5274.112: [GC (Allocation Failure) [PSYoungGen: 418166K->187157K(465920K)] 886851K->712002K(1864192K), 0.0454885 secs] [Times: user=0.21 sys=0.01, real=0.05 secs] 
5275.226: [GC (Allocation Failure) [PSYoungGen: 420117K->100108K(465920K)] 944962K->695409K(1864192K), 0.0448724 secs] [Times: user=0.22 sys=0.00, real=0.05 secs] 
5275.913: [GC (Allocation Failure) [PSYoungGen: 333068K->173653K(465920K)] 928369K->801671K(1864192K), 0.0547781 secs] [Times: user=0.26 sys=0.00, real=0.06 secs] 
5276.129: [GC (Allocation Failure) [PSYoungGen: 406613K->185238K(465920K)] 1034631K->867556K(1864192K), 0.0535423 secs] [Times: user=0.26 sys=0.00, real=0.05 secs] 
5276.306: [GC (Allocation Failure) [PSYoungGen: 418198K->183799K(465920K)] 1100516K->930549K(1864192K), 0.0496623 secs] [Times: user=0.23 sys=0.00, real=0.05 secs] 
5277.238: [GC (Allocation Failure) [PSYoungGen: 412889K->206003K(465920K)] 1159640K->1011097K(1864192K), 0.0545572 secs] [Times: user=0.27 sys=0.00, real=0.05 secs] 
5278.295: [GC (Allocation Failure) [PSYoungGen: 438963K->101868K(465920K)] 1244057K->971674K(1864192K), 0.1119382 secs] [Times: user=0.60 sys=0.01, real=0.11 secs] 
5278.855: [GC (Allocation Failure) [PSYoungGen: 334828K->179157K(465920K)] 1204634K->1081456K(1864192K), 0.0489245 secs] [Times: user=0.22 sys=0.00, real=0.05 secs] 
5279.028: [GC (Allocation Failure) [PSYoungGen: 412117K->185686K(465920K)] 1314416K->1144205K(1864192K), 0.0435276 secs] [Times: user=0.20 sys=0.00, real=0.04 secs] 
5279.180: [GC (Allocation Failure) [PSYoungGen: 418646K->187797K(465920K)] 1377165K->1202596K(1864192K), 0.0458365 secs] [Times: user=0.21 sys=0.00, real=0.04 secs] 
5280.385: [GC (Allocation Failure) [PSYoungGen: 420757K->101148K(465920K)] 1435556K->1186787K(1864192K), 0.0448347 secs] [Times: user=0.23 sys=0.00, real=0.05 secs] 
5281.488: [GC (Allocation Failure) [PSYoungGen: 334108K->172052K(465920K)] 1419747K->1289968K(1864192K), 0.1030928 secs] [Times: user=0.52 sys=0.00, real=0.10 secs] 
5281.780: [GC (Allocation Failure) [PSYoungGen: 405012K->182869K(465920K)] 1522928K->1354749K(1864192K), 0.0427437 secs] [Times: user=0.20 sys=0.00, real=0.04 secs] 
5281.935: [GC (Allocation Failure) [PSYoungGen: 415702K->186071K(465920K)] 1587582K->1421935K(1864192K), 0.0499275 secs] [Times: user=0.23 sys=0.00, real=0.05 secs] 
5282.892: [GC (Allocation Failure) [PSYoungGen: 415385K->207059K(465920K)] 1651249K->1501871K(1864192K), 0.0592189 secs] [Times: user=0.30 sys=0.00, real=0.06 secs] 
5283.794: [GC (Allocation Failure) [PSYoungGen: 440019K->101852K(465920K)] 1734831K->1461724K(1864192K), 0.1034005 secs] [Times: user=0.56 sys=0.01, real=0.11 secs] 
5283.897: [Full GC (Ergonomics) [PSYoungGen: 101852K->0K(465920K)] [ParOldGen: 1359872K->117982K(1398272K)] 1461724K->117982K(1864192K), [Metaspace: 59627K->59627K(1105920K)], 0.1812380 secs] [Times: user=0.80 sys=0.00, real=0.18 secs] 
5284.826: [GC (Allocation Failure) [PSYoungGen: 232960K->178325K(465920K)] 350942K->296307K(1864192K), 0.0338458 secs] [Times: user=0.13 sys=0.00, real=0.04 secs] 
5285.045: [GC (Allocation Failure) [PSYoungGen: 411285K->185174K(465920K)] 529267K->358960K(1864192K), 0.0623470 secs] [Times: user=0.30 sys=0.00, real=0.07 secs] 
5285.233: [GC (Allocation Failure) [PSYoungGen: 418134K->187349K(465920K)] 591920K->417167K(1864192K), 0.0447918 secs] [Times: user=0.20 sys=0.00, real=0.05 secs] 
5286.329: [GC (Allocation Failure) [PSYoungGen: 420309K->101724K(465920K)] 650127K->402058K(1864192K), 0.0440009 secs] [Times: user=0.23 sys=0.00, real=0.04 secs] 
5287.586: [GC (Allocation Failure) [PSYoungGen: 334684K->171220K(465920K)] 635018K->504023K(1864192K), 0.1026883 secs] [Times: user=0.51 sys=0.00, real=0.11 secs] 
5287.897: [GC (Allocation Failure) [PSYoungGen: 404180K->182517K(465920K)] 736983K->568989K(1864192K), 0.0505210 secs] [Times: user=0.23 sys=0.00, real=0.05 secs] 
5288.092: [GC (Allocation Failure) [PSYoungGen: 415477K->186007K(465920K)] 801949K->644334K(1864192K), 0.0717902 secs] [Times: user=0.35 sys=0.00, real=0.07 secs] 
5289.146: [GC (Allocation Failure) [PSYoungGen: 418967K->171891K(465920K)] 877294K->689354K(1864192K), 0.0545885 secs] [Times: user=0.28 sys=0.00, real=0.06 secs] 
5289.954: [GC (Allocation Failure) [PSYoungGen: 404851K->107308K(465920K)] 922314K->690468K(1864192K), 0.0832236 secs] [Times: user=0.44 sys=0.00, real=0.08 secs] 
5290.560: [GC (Allocation Failure) [PSYoungGen: 338068K->176629K(465920K)] 921228K->793701K(1864192K), 0.0497925 secs] [Times: user=0.22 sys=0.00, real=0.05 secs] 
5290.739: [GC (Allocation Failure) [PSYoungGen: 409589K->185558K(465920K)] 1026661K->857822K(1864192K), 0.0426381 secs] [Times: user=0.19 sys=0.00, real=0.04 secs] 
5290.930: [GC (Allocation Failure) [PSYoungGen: 418518K->187477K(465920K)] 1090782K->915925K(1864192K), 0.0673395 secs] [Times: user=0.33 sys=0.00, real=0.07 secs] 
5292.061: [GC (Allocation Failure) [PSYoungGen: 420437K->101388K(465920K)] 1148885K->900372K(1864192K), 0.0445958 secs] [Times: user=0.23 sys=0.01, real=0.04 secs] 
5293.052: [GC (Allocation Failure) [PSYoungGen: 334348K->172116K(465920K)] 1133332K->1003409K(1864192K), 0.0744267 secs] [Times: user=0.31 sys=0.00, real=0.07 secs] 
5293.351: [GC (Allocation Failure) [PSYoungGen: 405076K->182357K(465920K)] 1236369K->1067622K(1864192K), 0.0525554 secs] [Times: user=0.25 sys=0.00, real=0.05 secs] 
5293.517: [GC (Allocation Failure) [PSYoungGen: 415210K->184407K(465920K)] 1300475K->1133272K(1864192K), 0.0492209 secs] [Times: user=0.23 sys=0.00, real=0.04 secs] 
5294.544: [GC (Allocation Failure) [PSYoungGen: 417367K->168467K(465920K)] 1366232K->1176100K(1864192K), 0.0544913 secs] [Times: user=0.27 sys=0.00, real=0.06 secs] 
5295.376: [GC (Allocation Failure) [PSYoungGen: 401427K->110893K(465920K)] 1409060K->1183102K(1864192K), 0.1046161 secs] [Times: user=0.57 sys=0.00, real=0.11 secs] 
5296.061: [GC (Allocation Failure) [PSYoungGen: 343853K->179573K(465920K)] 1416062K->1287103K(1864192K), 0.0551642 secs] [Times: user=0.25 sys=0.00, real=0.05 secs] 
5296.297: [GC (Allocation Failure) [PSYoungGen: 412533K->182198K(465920K)] 1520063K->1352668K(1864192K), 0.0735300 secs] [Times: user=0.37 sys=0.00, real=0.07 secs] 
5296.493: [GC (Allocation Failure) [PSYoungGen: 415158K->187317K(465920K)] 1585628K->1415891K(1864192K), 0.0588445 secs] [Times: user=0.30 sys=0.00, real=0.06 secs] 
5297.698: [GC (Allocation Failure) [PSYoungGen: 420277K->98283K(465920K)] 1648851K->1397546K(1864192K), 0.0471011 secs] [Times: user=0.24 sys=0.00, real=0.04 secs] 
5298.684: [GC (Allocation Failure) [PSYoungGen: 331243K->175701K(465920K)] 1630506K->1506532K(1864192K), 0.0675860 secs] [Times: user=0.31 sys=0.00, real=0.07 secs] 
5298.751: [Full GC (Ergonomics) [PSYoungGen: 175701K->0K(465920K)] [ParOldGen: 1330831K->201406K(1398272K)] 1506532K->201406K(1864192K), [Metaspace: 59627K->59627K(1105920K)], 0.2513303 secs] [Times: user=1.22 sys=0.00, real=0.25 secs] 
5299.110: [GC (Allocation Failure) [PSYoungGen: 232960K->182293K(465920K)] 434366K->383699K(1864192K), 0.0312581 secs] [Times: user=0.13 sys=0.00, real=0.03 secs] 
5299.247: [GC (Allocation Failure) [PSYoungGen: 407458K->176438K(465920K)] 608864K->441668K(1864192K), 0.0428704 secs] [Times: user=0.20 sys=0.00, real=0.05 secs] 
5300.248: [GC (Allocation Failure) [PSYoungGen: 409398K->169427K(402432K)] 674628K->490761K(1800704K), 0.0537704 secs] [Times: user=0.27 sys=0.00, real=0.05 secs] 
5301.651: [GC (Allocation Failure) [PSYoungGen: 402387K->102444K(461824K)] 723721K->488562K(1860096K), 0.1045883 secs] [Times: user=0.56 sys=0.00, real=0.10 secs] 
5302.471: [GC (Allocation Failure) [PSYoungGen: 333356K->179125K(463872K)] 719474K->598092K(1862144K), 0.0539809 secs] [Times: user=0.24 sys=0.00, real=0.05 secs] 
5302.664: [GC (Allocation Failure) [PSYoungGen: 410037K->184150K(465920K)] 829004K->658997K(1864192K), 0.0430260 secs] [Times: user=0.20 sys=0.00, real=0.04 secs] 
5302.813: [GC (Allocation Failure) [PSYoungGen: 417110K->187509K(465920K)] 891957K->718100K(1864192K), 0.0452823 secs] [Times: user=0.21 sys=0.00, real=0.05 secs] 
5303.929: [GC (GCLocker Initiated GC) [PSYoungGen: 420469K->99260K(465920K)] 951060K->700403K(1864192K), 0.0442181 secs] [Times: user=0.23 sys=0.00, real=0.04 secs] 
5305.620: [GC (Allocation Failure) [PSYoungGen: 332220K->169172K(465920K)] 933530K->802119K(1864192K), 0.1130692 secs] [Times: user=0.56 sys=0.00, real=0.11 secs] 
5305.939: [GC (Allocation Failure) [PSYoungGen: 402132K->182453K(465920K)] 1035079K->868432K(1864192K), 0.0450362 secs] [Times: user=0.21 sys=0.00, real=0.04 secs] 
5306.096: [GC (Allocation Failure) [PSYoungGen: 415413K->185687K(465920K)] 1101392K->935210K(1864192K), 0.0497044 secs] [Times: user=0.23 sys=0.00, real=0.05 secs] 
5306.937: [GC (Allocation Failure) [PSYoungGen: 418647K->211699K(465920K)] 1168170K->1020022K(1864192K), 0.0530020 secs] [Times: user=0.26 sys=0.00, real=0.06 secs] 
5307.985: [GC (Allocation Failure) [PSYoungGen: 444659K->102156K(465920K)] 1252982K->976955K(1864192K), 0.1052020 secs] [Times: user=0.57 sys=0.00, real=0.11 secs] 
5308.452: [GC (Allocation Failure) [PSYoungGen: 330439K->180021K(465920K)] 1205238K->1087673K(1864192K), 0.0397872 secs] [Times: user=0.17 sys=0.00, real=0.04 secs] 
5308.600: [GC (Allocation Failure) [PSYoungGen: 412981K->185622K(465920K)] 1320633K->1149158K(1864192K), 0.0433249 secs] [Times: user=0.20 sys=0.00, real=0.04 secs] 
5308.745: [GC (Allocation Failure) [PSYoungGen: 418582K->184661K(465920K)] 1382118K->1204421K(1864192K), 0.0452054 secs] [Times: user=0.21 sys=0.00, real=0.05 secs] 
5309.850: [GC (Allocation Failure) [PSYoungGen: 417621K->95099K(465920K)] 1437381K->1184667K(1864192K), 0.0438474 secs] [Times: user=0.23 sys=0.00, real=0.04 secs] 
5310.983: [GC (Allocation Failure) [PSYoungGen: 328059K->170932K(465920K)] 1417627K->1291037K(1864192K), 0.1019188 secs] [Times: user=0.51 sys=0.00, real=0.10 secs] 
5311.264: [GC (Allocation Failure) [PSYoungGen: 403892K->185622K(465920K)] 1523997K->1359463K(1864192K), 0.0435430 secs] [Times: user=0.19 sys=0.00, real=0.05 secs] 
5311.417: [GC (Allocation Failure) [PSYoungGen: 418582K->186295K(465920K)] 1592423K->1424408K(1864192K), 0.0507706 secs] [Times: user=0.23 sys=0.00, real=0.05 secs] 
5312.373: [GC (Allocation Failure) [PSYoungGen: 419255K->195027K(465920K)] 1657368K->1492436K(1864192K), 0.0580542 secs] [Times: user=0.29 sys=0.00, real=0.06 secs] 
5313.747: [GC (Allocation Failure) [PSYoungGen: 427987K->100764K(465920K)] 1725396K->1464601K(1864192K), 0.1070206 secs] [Times: user=0.58 sys=0.00, real=0.11 secs] 
5313.854: [Full GC (Ergonomics) [PSYoungGen: 100764K->0K(465920K)] [ParOldGen: 1363837K->116871K(1398272K)] 1464601K->116871K(1864192K), [Metaspace: 59627K->59627K(1105920K)], 0.1786995 secs] [Times: user=0.79 sys=0.00, real=0.18 secs] 
5315.226: [GC (Allocation Failure) [PSYoungGen: 232960K->176181K(465920K)] 349831K->293053K(1864192K), 0.0374768 secs] [Times: user=0.14 sys=0.00, real=0.04 secs] 
5315.471: [GC (Allocation Failure) [PSYoungGen: 409141K->185686K(465920K)] 526013K->357794K(1864192K), 0.0582428 secs] [Times: user=0.28 sys=0.00, real=0.06 secs] 
5315.647: [GC (Allocation Failure) [PSYoungGen: 418646K->187349K(465920K)] 590754K->415809K(1864192K), 0.0452772 secs] [Times: user=0.21 sys=0.00, real=0.05 secs] 
5316.739: [GC (GCLocker Initiated GC) [PSYoungGen: 420309K->102396K(465920K)] 648769K->401472K(1864192K), 0.0442389 secs] [Times: user=0.23 sys=0.00, real=0.04 secs] 
5317.698: [GC (Allocation Failure) [PSYoungGen: 335356K->170580K(465920K)] 634599K->502660K(1864192K), 0.0924301 secs] [Times: user=0.46 sys=0.00, real=0.09 secs] 
5317.974: [GC (Allocation Failure) [PSYoungGen: 403540K->179829K(465920K)] 735620K->565209K(1864192K), 0.0419222 secs] [Times: user=0.19 sys=0.00, real=0.04 secs] 
5318.151: [GC (Allocation Failure) [PSYoungGen: 412789K->186007K(465920K)] 798169K->634607K(1864192K), 0.0655275 secs] [Times: user=0.31 sys=0.00, real=0.06 secs] 
5319.115: [GC (Allocation Failure) [PSYoungGen: 418967K->197876K(465920K)] 867567K->705364K(1864192K), 0.0564430 secs] [Times: user=0.28 sys=0.00, real=0.06 secs] 
5319.723: [GC (Allocation Failure) [PSYoungGen: 430836K->103068K(465920K)] 938324K->677964K(1864192K), 0.0673310 secs] [Times: user=0.35 sys=0.01, real=0.07 secs] 
5320.407: [GC (Allocation Failure) [PSYoungGen: 336028K->179733K(465920K)] 910924K->786866K(1864192K), 0.0522614 secs] [Times: user=0.24 sys=0.00, real=0.05 secs] 
5320.661: [GC (Allocation Failure) [PSYoungGen: 412693K->185430K(465920K)] 1019826K->849031K(1864192K), 0.0599802 secs] [Times: user=0.28 sys=0.00, real=0.06 secs] 
5320.838: [GC (Allocation Failure) [PSYoungGen: 418390K->187445K(465920K)] 1081991K->907166K(1864192K), 0.0455442 secs] [Times: user=0.21 sys=0.00, real=0.04 secs] 
5321.967: [GC (Allocation Failure) [PSYoungGen: 420405K->99292K(465920K)] 1140126K->889572K(1864192K), 0.0442381 secs] [Times: user=0.23 sys=0.00, real=0.04 secs] 
5323.740: [GC (Allocation Failure) [PSYoungGen: 332252K->171060K(465920K)] 1122532K->992970K(1864192K), 0.0894931 secs] [Times: user=0.34 sys=0.00, real=0.09 secs] 
5324.035: [GC (Allocation Failure) [PSYoungGen: 404020K->182453K(465920K)] 1225930K->1057751K(1864192K), 0.0455587 secs] [Times: user=0.21 sys=0.00, real=0.05 secs] 
5324.238: [GC (Allocation Failure) [PSYoungGen: 415413K->185623K(465920K)] 1290711K->1124601K(1864192K), 0.0735798 secs] [Times: user=0.36 sys=0.00, real=0.07 secs] 
5325.267: [GC (Allocation Failure) [PSYoungGen: 418583K->172051K(465920K)] 1357561K->1169797K(1864192K), 0.0568315 secs] [Times: user=0.28 sys=0.00, real=0.05 secs] 
5325.892: [GC (Allocation Failure) [PSYoungGen: 405011K->106284K(465920K)] 1402757K->1169878K(1864192K), 0.1043826 secs] [Times: user=0.56 sys=0.00, real=0.10 secs] 
5326.997: [GC (Allocation Failure) [PSYoungGen: 339244K->176693K(465920K)] 1402838K->1274064K(1864192K), 0.0514980 secs] [Times: user=0.24 sys=0.00, real=0.05 secs] 
5327.179: [GC (Allocation Failure) [PSYoungGen: 409653K->185718K(465920K)] 1507024K->1338656K(1864192K), 0.0445199 secs] [Times: user=0.20 sys=0.00, real=0.04 secs] 
5327.330: [GC (Allocation Failure) [PSYoungGen: 418678K->187701K(465920K)] 1571616K->1396816K(1864192K), 0.0468580 secs] [Times: user=0.22 sys=0.00, real=0.05 secs] 
5328.516: [GC (Allocation Failure) [PSYoungGen: 420661K->104460K(465920K)] 1629776K->1384423K(1864192K), 0.0468039 secs] [Times: user=0.24 sys=0.00, real=0.05 secs] 
5329.533: [GC (Allocation Failure) [PSYoungGen: 337420K->176852K(465920K)] 1617383K->1490164K(1864192K), 0.0901270 secs] [Times: user=0.45 sys=0.00, real=0.09 secs] 
5329.623: [Full GC (Ergonomics) [PSYoungGen: 176852K->0K(465920K)] [ParOldGen: 1313311K->197459K(1398272K)] 1490164K->197459K(1864192K), [Metaspace: 59627K->59627K(1105920K)], 0.2498425 secs] [Times: user=1.20 sys=0.00, real=0.25 secs] 
5329.983: [GC (Allocation Failure) [PSYoungGen: 232960K->185558K(465920K)] 430419K->383017K(1864192K), 0.0327861 secs] [Times: user=0.14 sys=0.00, real=0.03 secs] 
5330.136: [GC (Allocation Failure) [PSYoungGen: 418518K->178966K(465920K)] 615977K->440957K(1864192K), 0.0432062 secs] [Times: user=0.19 sys=0.00, real=0.05 secs] 
5331.144: [GC (Allocation Failure) [PSYoungGen: 411926K->170099K(465920K)] 673917K->488690K(1864192K), 0.0538506 secs] [Times: user=0.27 sys=0.00, real=0.06 secs] 
5331.720: [GC (Allocation Failure) [PSYoungGen: 403059K->114877K(465920K)] 721650K->498613K(1864192K), 0.0859876 secs] [Times: user=0.45 sys=0.00, real=0.08 secs] 
5332.629: [GC (Allocation Failure) [PSYoungGen: 347837K->176468K(465920K)] 731573K->596717K(1864192K), 0.0567492 secs] [Times: user=0.26 sys=0.00, real=0.05 secs] 
5332.825: [GC (Allocation Failure) [PSYoungGen: 409428K->182454K(465920K)] 829677K->664411K(1864192K), 0.0489263 secs] [Times: user=0.23 sys=0.00, real=0.05 secs] 
5333.002: [GC (Allocation Failure) [PSYoungGen: 415414K->187445K(465920K)] 897371K->727505K(1864192K), 0.0763399 secs] [Times: user=0.39 sys=0.00, real=0.08 secs] 
5334.189: [GC (Allocation Failure) [PSYoungGen: 420405K->100972K(465920K)] 960465K->711688K(1864192K), 0.0475295 secs] [Times: user=0.25 sys=0.00, real=0.04 secs] 
5334.806: [GC (Allocation Failure) [PSYoungGen: 333932K->176309K(465920K)] 944648K->819342K(1864192K), 0.0707821 secs] [Times: user=0.34 sys=0.00, real=0.07 secs] 
5335.026: [GC (Allocation Failure) [PSYoungGen: 409269K->182645K(465920K)] 1052302K->880835K(1864192K), 0.0451578 secs] [Times: user=0.21 sys=0.00, real=0.05 secs] 
5335.173: [GC (Allocation Failure) [PSYoungGen: 402664K->172565K(465920K)] 1100853K->934554K(1864192K), 0.0501195 secs] [Times: user=0.24 sys=0.00, real=0.05 secs] 
5336.090: [GC (Allocation Failure) [PSYoungGen: 401015K->189491K(465920K)] 1163005K->1006456K(1864192K), 0.0521312 secs] [Times: user=0.26 sys=0.01, real=0.05 secs] 
5336.660: [GC (Allocation Failure) [PSYoungGen: 422451K->106716K(465920K)] 1239416K->988362K(1864192K), 0.0646320 secs] [Times: user=0.33 sys=0.00, real=0.06 secs] 
5337.009: [GC (Allocation Failure) [PSYoungGen: 331620K->176021K(465920K)] 1213265K->1091978K(1864192K), 0.0359731 secs] [Times: user=0.15 sys=0.00, real=0.03 secs] 
5337.177: [GC (Allocation Failure) [PSYoungGen: 408981K->185430K(465920K)] 1324938K->1156235K(1864192K), 0.0499451 secs] [Times: user=0.24 sys=0.00, real=0.05 secs] 
5337.353: [GC (Allocation Failure) [PSYoungGen: 418390K->187157K(465920K)] 1389195K->1214218K(1864192K), 0.0471490 secs] [Times: user=0.22 sys=0.00, real=0.05 secs] 
5338.492: [GC (Allocation Failure) [PSYoungGen: 420117K->98219K(465920K)] 1447178K->1195801K(1864192K), 0.0546919 secs] [Times: user=0.29 sys=0.00, real=0.05 secs] 
5340.146: [GC (Allocation Failure) [PSYoungGen: 331179K->170228K(465920K)] 1428761K->1299215K(1864192K), 0.0819943 secs] [Times: user=0.40 sys=0.00, real=0.09 secs] 
5340.446: [GC (Allocation Failure) [PSYoungGen: 403188K->182197K(465920K)] 1532175K->1364412K(1864192K), 0.0570987 secs] [Times: user=0.27 sys=0.00, real=0.06 secs] 
5340.667: [GC (Allocation Failure) [PSYoungGen: 415157K->185719K(465920K)] 1597372K->1431373K(1864192K), 0.0788863 secs] [Times: user=0.39 sys=0.00, real=0.08 secs] 
5341.619: [GC (Allocation Failure) [PSYoungGen: 415482K->193843K(465920K)] 1661137K->1498346K(1864192K), 0.0562128 secs] [Times: user=0.29 sys=0.00, real=0.05 secs] 
5342.225: [GC (Allocation Failure) [PSYoungGen: 426803K->101036K(465920K)] 1731306K->1471714K(1864192K), 0.0626190 secs] [Times: user=0.33 sys=0.00, real=0.07 secs] 
5342.288: [Full GC (Ergonomics) [PSYoungGen: 101036K->0K(465920K)] [ParOldGen: 1370678K->117193K(1398272K)] 1471714K->117193K(1864192K), [Metaspace: 59627K->59627K(1105920K)], 0.1199747 secs] [Times: user=0.52 sys=0.00, real=0.12 secs] 
5342.831: [GC (Allocation Failure) [PSYoungGen: 232960K->180149K(465920K)] 350153K->297343K(1864192K), 0.0249646 secs] [Times: user=0.09 sys=0.00, real=0.02 secs] 
5342.991: [GC (Allocation Failure) [PSYoungGen: 413109K->185654K(465920K)] 530303K->359419K(1864192K), 0.0461369 secs] [Times: user=0.21 sys=0.01, real=0.04 secs] 
5343.173: [GC (Allocation Failure) [PSYoungGen: 418614K->187573K(465920K)] 592379K->417827K(1864192K), 0.0453419 secs] [Times: user=0.21 sys=0.00, real=0.05 secs] 
5344.517: [GC (GCLocker Initiated GC) [PSYoungGen: 420533K->98811K(465920K)] 650787K->399585K(1864192K), 0.0439630 secs] [Times: user=0.23 sys=0.00, real=0.04 secs] 
5345.532: [GC (Allocation Failure) [PSYoungGen: 331771K->177877K(465920K)] 632676K->511377K(1864192K), 0.0894229 secs] [Times: user=0.43 sys=0.00, real=0.09 secs] 
5345.837: [GC (Allocation Failure) [PSYoungGen: 410837K->182261K(465920K)] 744337K->570194K(1864192K), 0.0515400 secs] [Times: user=0.25 sys=0.00, real=0.06 secs] 
5345.998: [GC (Allocation Failure) [PSYoungGen: 415221K->186039K(465920K)] 803154K->637596K(1864192K), 0.0494665 secs] [Times: user=0.23 sys=0.00, real=0.05 secs] 
5347.073: [GC (Allocation Failure) [PSYoungGen: 418999K->170835K(465920K)] 870556K->681412K(1864192K), 0.0571722 secs] [Times: user=0.29 sys=0.00, real=0.06 secs] 
5347.617: [GC (Allocation Failure) [PSYoungGen: 403795K->111869K(465920K)] 914372K->687846K(1864192K), 0.0481359 secs] [Times: user=0.25 sys=0.00, real=0.04 secs] 
5348.250: [GC (Allocation Failure) [PSYoungGen: 344829K->176564K(465920K)] 920806K->788018K(1864192K), 0.0363385 secs] [Times: user=0.16 sys=0.00, real=0.03 secs] 
5348.398: [GC (Allocation Failure) [PSYoungGen: 409524K->185463K(465920K)] 1020978K->859185K(1864192K), 0.0487271 secs] [Times: user=0.22 sys=0.01, real=0.04 secs] 
5348.551: [GC (Allocation Failure) [PSYoungGen: 418423K->184148K(465920K)] 1092145K->916630K(1864192K), 0.0580565 secs] [Times: user=0.29 sys=0.00, real=0.06 secs] 
5349.683: [GC (Allocation Failure) [PSYoungGen: 417108K->98571K(465920K)] 1149590K->900926K(1864192K), 0.0465333 secs] [Times: user=0.24 sys=0.00, real=0.05 secs] 
5350.428: [GC (Allocation Failure) [PSYoungGen: 331531K->175605K(465920K)] 1133886K->1009655K(1864192K), 0.0559430 secs] [Times: user=0.26 sys=0.00, real=0.05 secs] 
5350.613: [GC (Allocation Failure) [PSYoungGen: 408565K->182549K(465920K)] 1242615K->1071492K(1864192K), 0.0442961 secs] [Times: user=0.20 sys=0.00, real=0.04 secs] 
5350.789: [GC (Allocation Failure) [PSYoungGen: 409552K->179382K(465920K)] 1298494K->1132004K(1864192K), 0.0718919 secs] [Times: user=0.36 sys=0.00, real=0.07 secs] 
5351.843: [GC (Allocation Failure) [PSYoungGen: 412342K->168050K(464896K)] 1364964K->1177625K(1863168K), 0.0547572 secs] [Times: user=0.28 sys=0.00, real=0.06 secs] 
5353.156: [GC (Allocation Failure) [PSYoungGen: 401010K->106188K(465408K)] 1410585K->1180043K(1863680K), 0.0897304 secs] [Times: user=0.48 sys=0.00, real=0.09 secs] 
5353.837: [GC (Allocation Failure) [PSYoungGen: 333801K->176469K(465920K)] 1407656K->1284420K(1864192K), 0.0514934 secs] [Times: user=0.23 sys=0.00, real=0.05 secs] 
5354.058: [GC (GCLocker Initiated GC) [PSYoungGen: 409429K->181877K(465920K)] 1517381K->1344365K(1864192K), 0.0638282 secs] [Times: user=0.31 sys=0.00, real=0.06 secs] 
5354.257: [GC (Allocation Failure) [PSYoungGen: 414837K->187541K(465920K)] 1577492K->1405332K(1864192K), 0.0465722 secs] [Times: user=0.22 sys=0.00, real=0.05 secs] 
5355.512: [GC (GCLocker Initiated GC) [PSYoungGen: 420501K->100076K(465920K)] 1638292K->1388462K(1864192K), 0.0453577 secs] [Times: user=0.24 sys=0.01, real=0.05 secs] 
5357.279: [GC (Allocation Failure) [PSYoungGen: 333036K->169620K(465920K)] 1621553K->1490015K(1864192K), 0.0935199 secs] [Times: user=0.46 sys=0.00, real=0.09 secs] 
5357.373: [Full GC (Ergonomics) [PSYoungGen: 169620K->0K(465920K)] [ParOldGen: 1320394K->192315K(1398272K)] 1490015K->192315K(1864192K), [Metaspace: 59627K->59627K(1105920K)], 0.2422542 secs] [Times: user=1.18 sys=0.00, real=0.24 secs] 
5357.722: [GC (Allocation Failure) [PSYoungGen: 232960K->182325K(465920K)] 425275K->374641K(1864192K), 0.0328443 secs] [Times: user=0.13 sys=0.00, real=0.03 secs] 
5357.865: [GC (Allocation Failure) [PSYoungGen: 415285K->186007K(465920K)] 607601K->442002K(1864192K), 0.0435879 secs] [Times: user=0.19 sys=0.00, real=0.05 secs] 
5358.773: [GC (Allocation Failure) [PSYoungGen: 417399K->211859K(465920K)] 673395K->526767K(1864192K), 0.0558474 secs] [Times: user=0.28 sys=0.00, real=0.06 secs] 
5359.686: [GC (Allocation Failure) [PSYoungGen: 444819K->99595K(465920K)] 759727K->481159K(1864192K), 0.0684535 secs] [Times: user=0.36 sys=0.01, real=0.07 secs] 
5360.705: [GC (Allocation Failure) [PSYoungGen: 332555K->182486K(465920K)] 714119K->595134K(1864192K), 0.0513327 secs] [Times: user=0.22 sys=0.00, real=0.05 secs] 
5360.889: [GC (Allocation Failure) [PSYoungGen: 415446K->185814K(465920K)] 828094K->655538K(1864192K), 0.0439793 secs] [Times: user=0.20 sys=0.00, real=0.04 secs] 
5361.035: [GC (Allocation Failure) [PSYoungGen: 418774K->184629K(465920K)] 888498K->710497K(1864192K), 0.0457625 secs] [Times: user=0.21 sys=0.00, real=0.05 secs] 
5362.206: [GC (Allocation Failure) [PSYoungGen: 417589K->100204K(465920K)] 943457K->695712K(1864192K), 0.0441271 secs] [Times: user=0.23 sys=0.00, real=0.05 secs] 
5363.344: [GC (Allocation Failure) [PSYoungGen: 333164K->170196K(465920K)] 928672K->798198K(1864192K), 0.0975821 secs] [Times: user=0.48 sys=0.00, real=0.10 secs] 
5363.643: [GC (Allocation Failure) [PSYoungGen: 403156K->185302K(465920K)] 1031158K->866891K(1864192K), 0.0442822 secs] [Times: user=0.20 sys=0.00, real=0.05 secs] 
5363.797: [GC (Allocation Failure) [PSYoungGen: 418262K->186007K(465920K)] 1099851K->932092K(1864192K), 0.0502652 secs] [Times: user=0.23 sys=0.00, real=0.05 secs] 
5364.780: [GC (Allocation Failure) [PSYoungGen: 418967K->193680K(465920K)] 1165052K->998862K(1864192K), 0.0503494 secs] [Times: user=0.25 sys=0.00, real=0.05 secs] 
5365.659: [GC (Allocation Failure) [PSYoungGen: 426640K->107052K(465920K)] 1231822K->978010K(1864192K), 0.1122782 secs] [Times: user=0.60 sys=0.00, real=0.11 secs] 
5366.972: [GC (Allocation Failure) [PSYoungGen: 340012K->176437K(465920K)] 1210970K->1081012K(1864192K), 0.0552820 secs] [Times: user=0.25 sys=0.00, real=0.06 secs] 
5367.165: [GC (Allocation Failure) [PSYoungGen: 409397K->185526K(465920K)] 1313972K->1145228K(1864192K), 0.0443379 secs] [Times: user=0.20 sys=0.00, real=0.05 secs] 
5367.315: [GC (Allocation Failure) [PSYoungGen: 418486K->186645K(465920K)] 1378188K->1202492K(1864192K), 0.0465396 secs] [Times: user=0.21 sys=0.00, real=0.05 secs] 
5368.441: [GC (Allocation Failure) [PSYoungGen: 419605K->98908K(465920K)] 1435452K->1185234K(1864192K), 0.0452369 secs] [Times: user=0.23 sys=0.00, real=0.04 secs] 
5369.404: [GC (Allocation Failure) [PSYoungGen: 331868K->171380K(465920K)] 1418194K->1289184K(1864192K), 0.0673664 secs] [Times: user=0.32 sys=0.00, real=0.07 secs] 
5369.617: [GC (Allocation Failure) [PSYoungGen: 404340K->185622K(465920K)] 1522144K->1357293K(1864192K), 0.0433058 secs] [Times: user=0.20 sys=0.00, real=0.04 secs] 
5369.771: [GC (Allocation Failure) [PSYoungGen: 418582K->184887K(465920K)] 1590253K->1421102K(1864192K), 0.0502880 secs] [Times: user=0.24 sys=0.00, real=0.05 secs] 
5370.819: [GC (Allocation Failure) [PSYoungGen: 414085K->206131K(465920K)] 1650301K->1501218K(1864192K), 0.0555883 secs] [Times: user=0.27 sys=0.00, real=0.05 secs] 
5371.503: [GC (Allocation Failure) [PSYoungGen: 439091K->105868K(465920K)] 1734178K->1465688K(1864192K), 0.1058928 secs] [Times: user=0.57 sys=0.01, real=0.11 secs] 
5371.609: [Full GC (Ergonomics) [PSYoungGen: 105868K->0K(465920K)] [ParOldGen: 1359819K->124949K(1398272K)] 1465688K->124949K(1864192K), [Metaspace: 59627K->59627K(1105920K)], 0.1819175 secs] [Times: user=0.80 sys=0.00, real=0.18 secs] 
5373.056: [GC (Allocation Failure) [PSYoungGen: 232960K->176789K(465920K)] 357909K->301738K(1864192K), 0.0364799 secs] [Times: user=0.13 sys=0.00, real=0.04 secs] 
5373.238: [GC (Allocation Failure) [PSYoungGen: 409749K->185398K(465920K)] 534698K->365571K(1864192K), 0.0414997 secs] [Times: user=0.18 sys=0.00, real=0.04 secs] 
5373.386: [GC (Allocation Failure) [PSYoungGen: 418358K->187605K(465920K)] 598531K->423802K(1864192K), 0.0451806 secs] [Times: user=0.21 sys=0.00, real=0.05 secs] 
5374.490: [GC (Allocation Failure) [PSYoungGen: 420565K->98860K(465920K)] 656762K->405681K(1864192K), 0.0436030 secs] [Times: user=0.22 sys=0.00, real=0.04 secs] 
5375.838: [GC (GCLocker Initiated GC) [PSYoungGen: 331820K->169652K(465920K)] 638641K->507975K(1864192K), 0.1029491 secs] [Times: user=0.50 sys=0.00, real=0.10 secs] 
5376.134: [GC (Allocation Failure) [PSYoungGen: 402612K->182773K(465920K)] 741066K->574423K(1864192K), 0.0430241 secs] [Times: user=0.19 sys=0.00, real=0.04 secs] 
5376.289: [GC (Allocation Failure) [PSYoungGen: 415733K->186007K(465920K)] 807383K->641505K(1864192K), 0.0508153 secs] [Times: user=0.24 sys=0.00, real=0.05 secs] 
5377.200: [GC (Allocation Failure) [PSYoungGen: 413730K->193331K(465920K)] 869228K->707893K(1864192K), 0.0553598 secs] [Times: user=0.27 sys=0.00, real=0.05 secs] 
5378.030: [GC (Allocation Failure) [PSYoungGen: 426291K->98795K(465920K)] 940853K->679277K(1864192K), 0.0863547 secs] [Times: user=0.46 sys=0.00, real=0.08 secs] 
5378.936: [GC (Allocation Failure) [PSYoungGen: 331755K->183126K(465920K)] 912237K->794957K(1864192K), 0.0535440 secs] [Times: user=0.24 sys=0.00, real=0.06 secs] 
5379.125: [GC (Allocation Failure) [PSYoungGen: 416086K->182421K(465920K)] 1027917K->851156K(1864192K), 0.0435621 secs] [Times: user=0.20 sys=0.00, real=0.05 secs] 
5379.274: [GC (Allocation Failure) [PSYoungGen: 415381K->187733K(465920K)] 1084116K->912180K(1864192K), 0.0463853 secs] [Times: user=0.21 sys=0.00, real=0.05 secs] 
5380.955: [GC (Allocation Failure) [PSYoungGen: 420693K->98764K(465920K)] 1145140K->894042K(1864192K), 0.0445953 secs] [Times: user=0.23 sys=0.00, real=0.05 secs] 
5381.768: [GC (Allocation Failure) [PSYoungGen: 331724K->169940K(465920K)] 1127002K->997079K(1864192K), 0.0864203 secs] [Times: user=0.42 sys=0.00, real=0.08 secs] 
5382.029: [GC (Allocation Failure) [PSYoungGen: 402900K->185206K(465920K)] 1230039K->1065965K(1864192K), 0.0450407 secs] [Times: user=0.21 sys=0.00, real=0.04 secs] 
5382.228: [GC (Allocation Failure) [PSYoungGen: 418166K->186199K(465920K)] 1298925K->1131110K(1864192K), 0.0826354 secs] [Times: user=0.42 sys=0.00, real=0.08 secs] 
5383.072: [GC (Allocation Failure) [PSYoungGen: 419159K->177939K(465920K)] 1364070K->1181986K(1864192K), 0.0561803 secs] [Times: user=0.28 sys=0.00, real=0.06 secs] 
5383.702: [GC (Allocation Failure) [PSYoungGen: 410869K->105052K(465920K)] 1414916K->1175051K(1864192K), 0.0762626 secs] [Times: user=0.41 sys=0.00, real=0.08 secs] 
5384.131: [GC (Allocation Failure) [PSYoungGen: 338012K->178133K(465920K)] 1408011K->1281421K(1864192K), 0.0521970 secs] [Times: user=0.23 sys=0.00, real=0.05 secs] 
5384.348: [GC (Allocation Failure) [PSYoungGen: 411093K->185398K(465920K)] 1514381K->1344470K(1864192K), 0.0588228 secs] [Times: user=0.28 sys=0.00, real=0.06 secs] 
5384.519: [GC (Allocation Failure) [PSYoungGen: 418358K->187221K(465920K)] 1577430K->1402429K(1864192K), 0.0457439 secs] [Times: user=0.21 sys=0.00, real=0.04 secs] 
5385.714: [GC (Allocation Failure) [PSYoungGen: 420181K->98571K(465920K)] 1635389K->1384404K(1864192K), 0.0522850 secs] [Times: user=0.28 sys=0.00, real=0.05 secs] 
5387.079: [GC (Allocation Failure) [PSYoungGen: 331531K->167476K(465920K)] 1617364K->1484689K(1864192K), 0.0823820 secs] [Times: user=0.39 sys=0.01, real=0.08 secs] 
5387.161: [Full GC (Ergonomics) [PSYoungGen: 167476K->0K(465920K)] [ParOldGen: 1317212K->190531K(1398272K)] 1484689K->190531K(1864192K), [Metaspace: 59627K->59627K(1105920K)], 0.2480782 secs] [Times: user=1.21 sys=0.00, real=0.25 secs] 
5387.518: [GC (Allocation Failure) [PSYoungGen: 232960K->185718K(465920K)] 423491K->376249K(1864192K), 0.0328899 secs] [Times: user=0.13 sys=0.00, real=0.03 secs] 
5387.662: [GC (Allocation Failure) [PSYoungGen: 418678K->186039K(465920K)] 609209K->441114K(1864192K), 0.0437052 secs] [Times: user=0.20 sys=0.00, real=0.04 secs] 
5388.644: [GC (Allocation Failure) [PSYoungGen: 418999K->193834K(465920K)] 674074K->507782K(1864192K), 0.0507227 secs] [Times: user=0.25 sys=0.00, real=0.05 secs] 
5389.578: [GC (GCLocker Initiated GC) [PSYoungGen: 426794K->106252K(465920K)] 740743K->485945K(1864192K), 0.0954943 secs] [Times: user=0.51 sys=0.00, real=0.09 secs] 
5390.808: [GC (Allocation Failure) [PSYoungGen: 339212K->174741K(465920K)] 727264K->596434K(1864192K), 0.1750797 secs] [Times: user=0.99 sys=0.00, real=0.17 secs] 
5391.094: [GC (Allocation Failure) [PSYoungGen: 407701K->184855K(465920K)] 829394K->662431K(1864192K), 0.1707352 secs] [Times: user=0.96 sys=0.00, real=0.17 secs] 
5391.371: [GC (Allocation Failure) [PSYoungGen: 417815K->187157K(465920K)] 895391K->723365K(1864192K), 0.0574118 secs] [Times: user=0.29 sys=0.00, real=0.06 secs] 
5392.532: [GC (Allocation Failure) [PSYoungGen: 420117K->96843K(465920K)] 956325K->703668K(1864192K), 0.0467746 secs] [Times: user=0.24 sys=0.00, real=0.05 secs] 
5394.023: [GC (Allocation Failure) [PSYoungGen: 329803K->168852K(465920K)] 936628K->806545K(1864192K), 0.0875155 secs] [Times: user=0.43 sys=0.00, real=0.09 secs] 
5394.299: [GC (Allocation Failure) [PSYoungGen: 401812K->185334K(465920K)] 1039505K->876123K(1864192K), 0.0431038 secs] [Times: user=0.19 sys=0.00, real=0.04 secs] 
5394.451: [GC (Allocation Failure) [PSYoungGen: 413039K->181206K(465920K)] 1103829K->936324K(1864192K), 0.0496386 secs] [Times: user=0.23 sys=0.00, real=0.05 secs] 
5395.461: [GC (Allocation Failure) [PSYoungGen: 414166K->167954K(465920K)] 1169284K->980568K(1864192K), 0.0594143 secs] [Times: user=0.28 sys=0.00, real=0.06 secs] 
5396.332: [GC (Allocation Failure) [PSYoungGen: 400914K->109069K(465920K)] 1213528K->986042K(1864192K), 0.0909967 secs] [Times: user=0.49 sys=0.00, real=0.09 secs] 
5397.075: [GC (Allocation Failure) [PSYoungGen: 338678K->174421K(465920K)] 1215652K->1085935K(1864192K), 0.0511436 secs] [Times: user=0.24 sys=0.00, real=0.05 secs] 
5397.257: [GC (Allocation Failure) [PSYoungGen: 407381K->185718K(465920K)] 1318895K->1151656K(1864192K), 0.0435796 secs] [Times: user=0.20 sys=0.00, real=0.05 secs] 
5397.407: [GC (Allocation Failure) [PSYoungGen: 418678K->187605K(465920K)] 1384616K->1209727K(1864192K), 0.0465136 secs] [Times: user=0.22 sys=0.00, real=0.04 secs] 
5398.579: [GC (Allocation Failure) [PSYoungGen: 420565K->100620K(465920K)] 1442687K->1193382K(1864192K), 0.0453111 secs] [Times: user=0.23 sys=0.00, real=0.04 secs] 
5399.527: [GC (GCLocker Initiated GC) [PSYoungGen: 333580K->172084K(465920K)] 1426343K->1297141K(1864192K), 0.0914560 secs] [Times: user=0.45 sys=0.00, real=0.09 secs] 
5399.815: [GC (Allocation Failure) [PSYoungGen: 405044K->193430K(465920K)] 1530267K->1372637K(1864192K), 0.0440922 secs] [Times: user=0.19 sys=0.00, real=0.05 secs] 
5399.975: [GC (Allocation Failure) [PSYoungGen: 426390K->179414K(465920K)] 1605597K->1422805K(1864192K), 0.0547783 secs] [Times: user=0.27 sys=0.00, real=0.06 secs] 
5401.027: [GC (Allocation Failure) [PSYoungGen: 412374K->171955K(465920K)] 1655765K->1471698K(1864192K), 0.0547908 secs] [Times: user=0.27 sys=0.00, real=0.05 secs] 
5401.486: [GC (GCLocker Initiated GC) [PSYoungGen: 404915K->113613K(465920K)] 1704659K->1479261K(1864192K), 0.0749877 secs] [Times: user=0.39 sys=0.00, real=0.08 secs] 
5401.561: [Full GC (Ergonomics) [PSYoungGen: 113613K->0K(465920K)] [ParOldGen: 1365647K->130299K(1398272K)] 1479261K->130299K(1864192K), [Metaspace: 59627K->59627K(1105920K)], 0.1671422 secs] [Times: user=0.73 sys=0.00, real=0.17 secs] 
5402.042: [GC (Allocation Failure) [PSYoungGen: 232960K->184916K(465920K)] 363390K->315347K(1864192K), 0.0266634 secs] [Times: user=0.10 sys=0.00, real=0.03 secs] 
5402.180: [GC (Allocation Failure) [PSYoungGen: 417876K->185719K(465920K)] 548307K->378358K(1864192K), 0.0471585 secs] [Times: user=0.21 sys=0.00, real=0.04 secs] 
5402.333: [GC (Allocation Failure) [PSYoungGen: 418679K->187349K(465920K)] 611318K->438876K(1864192K), 0.0560912 secs] [Times: user=0.28 sys=0.00, real=0.06 secs] 
5403.455: [GC (GCLocker Initiated GC) [PSYoungGen: 420309K->95419K(465920K)] 671837K->417564K(1864192K), 0.0458948 secs] [Times: user=0.24 sys=0.00, real=0.05 secs] 
5404.145: [GC (GCLocker Initiated GC) [PSYoungGen: 328379K->175221K(465920K)] 650526K->528484K(1864192K), 0.0556991 secs] [Times: user=0.26 sys=0.00, real=0.06 secs] 
5404.332: [GC (Allocation Failure) [PSYoungGen: 408181K->185334K(465920K)] 761739K->593592K(1864192K), 0.0430781 secs] [Times: user=0.19 sys=0.00, real=0.04 secs] 
5404.476: [GC (Allocation Failure) [PSYoungGen: 405846K->172981K(465920K)] 814104K->645608K(1864192K), 0.0476970 secs] [Times: user=0.22 sys=0.00, real=0.05 secs] 
5405.391: [GC (Allocation Failure) [PSYoungGen: 405489K->206035K(465920K)] 878115K->733557K(1864192K), 0.0528746 secs] [Times: user=0.26 sys=0.00, real=0.05 secs] 
5406.490: [GC (Allocation Failure) [PSYoungGen: 438995K->105820K(465920K)] 966517K->698243K(1864192K), 0.1026031 secs] [Times: user=0.55 sys=0.01, real=0.10 secs] 
5407.463: [GC (Allocation Failure) [PSYoungGen: 333482K->177653K(465920K)] 925904K->803192K(1864192K), 0.0560339 secs] [Times: user=0.26 sys=0.00, real=0.06 secs] 
5407.658: [GC (Allocation Failure) [PSYoungGen: 410613K->182581K(465920K)] 1036152K->863553K(1864192K), 0.0434331 secs] [Times: user=0.20 sys=0.00, real=0.04 secs] 
5407.826: [GC (Allocation Failure) [PSYoungGen: 415541K->187349K(465920K)] 1096513K->923696K(1864192K), 0.0571879 secs] [Times: user=0.28 sys=0.00, real=0.06 secs] 
5408.989: [GC (Allocation Failure) [PSYoungGen: 420309K->99132K(465920K)] 1156656K->906115K(1864192K), 0.0441726 secs] [Times: user=0.23 sys=0.00, real=0.04 secs] 
5409.649: [GC (Allocation Failure) [PSYoungGen: 332092K->173717K(465920K)] 1139075K->1013137K(1864192K), 0.0825263 secs] [Times: user=0.40 sys=0.00, real=0.08 secs] 
5409.895: [GC (Allocation Failure) [PSYoungGen: 406677K->185334K(465920K)] 1246097K->1079078K(1864192K), 0.0428894 secs] [Times: user=0.20 sys=0.00, real=0.05 secs] 
5410.045: [GC (Allocation Failure) [PSYoungGen: 418294K->183830K(465920K)] 1312038K->1142091K(1864192K), 0.0503044 secs] [Times: user=0.24 sys=0.00, real=0.05 secs] 
5410.962: [GC (Allocation Failure) [PSYoungGen: 412570K->206195K(465920K)] 1370830K->1222855K(1864192K), 0.0549692 secs] [Times: user=0.27 sys=0.00, real=0.05 secs] 
5411.750: [GC (Allocation Failure) [PSYoungGen: 439155K->102268K(465920K)] 1455815K->1183528K(1864192K), 0.0646038 secs] [Times: user=0.34 sys=0.00, real=0.06 secs] 
5412.441: [GC (Allocation Failure) [PSYoungGen: 332845K->180726K(465920K)] 1414106K->1294199K(1864192K), 0.0479144 secs] [Times: user=0.22 sys=0.00, real=0.05 secs] 
5412.608: [GC (Allocation Failure) [PSYoungGen: 413686K->182293K(465920K)] 1527159K->1352099K(1864192K), 0.0441358 secs] [Times: user=0.20 sys=0.00, real=0.04 secs] 
5412.784: [GC (Allocation Failure) [PSYoungGen: 415253K->187733K(465920K)] 1585059K->1412850K(1864192K), 0.0586153 secs] [Times: user=0.29 sys=0.00, real=0.06 secs] 
5413.991: [GC (Allocation Failure) [PSYoungGen: 420693K->101932K(465920K)] 1645810K->1397801K(1864192K), 0.0486980 secs] [Times: user=0.25 sys=0.00, real=0.05 secs] 
5415.363: [GC (Allocation Failure) [PSYoungGen: 334892K->171444K(465920K)] 1630761K->1499974K(1864192K), 0.1048023 secs] [Times: user=0.53 sys=0.00, real=0.11 secs] 
5415.468: [Full GC (Ergonomics) [PSYoungGen: 171444K->0K(465920K)] [ParOldGen: 1328530K->194461K(1398272K)] 1499974K->194461K(1864192K), [Metaspace: 59627K->59627K(1105920K)], 0.2708352 secs] [Times: user=1.33 sys=0.00, real=0.27 secs] 
5415.844: [GC (Allocation Failure) [PSYoungGen: 232960K->179317K(465920K)] 427421K->373778K(1864192K), 0.0315098 secs] [Times: user=0.13 sys=0.00, real=0.03 secs] 
5415.987: [GC (Allocation Failure) [PSYoungGen: 412277K->186263K(465920K)] 606738K->443860K(1864192K), 0.0436952 secs] [Times: user=0.20 sys=0.00, real=0.05 secs] 
5416.995: [GC (Allocation Failure) [PSYoungGen: 419223K->174419K(465920K)] 676820K->491025K(1864192K), 0.0549066 secs] [Times: user=0.27 sys=0.00, real=0.06 secs] 
5417.692: [GC (Allocation Failure) [PSYoungGen: 407379K->106172K(465920K)] 723985K->489378K(1864192K), 0.0984654 secs] [Times: user=0.52 sys=0.00, real=0.10 secs] 
5418.393: [GC (Allocation Failure) [PSYoungGen: 339132K->178133K(465920K)] 722338K->595131K(1864192K), 0.0492643 secs] [Times: user=0.22 sys=0.00, real=0.05 secs] 
5418.567: [GC (Allocation Failure) [PSYoungGen: 411093K->185750K(465920K)] 828091K->658636K(1864192K), 0.0435879 secs] [Times: user=0.19 sys=0.00, real=0.04 secs] 
5418.754: [GC (Allocation Failure) [PSYoungGen: 418710K->187445K(465920K)] 891596K->716555K(1864192K), 0.0701255 secs] [Times: user=0.34 sys=0.00, real=0.07 secs] 
5419.979: [GC (GCLocker Initiated GC) [PSYoungGen: 420405K->104012K(465920K)] 949516K->703860K(1864192K), 0.0448482 secs] [Times: user=0.23 sys=0.00, real=0.04 secs] 
5420.471: [GC (Allocation Failure) [PSYoungGen: 336972K->176341K(465920K)] 936858K->809992K(1864192K), 0.0691198 secs] [Times: user=0.33 sys=0.00, real=0.07 secs] 
5420.749: [GC (Allocation Failure) [PSYoungGen: 409301K->181269K(465920K)] 1042952K->870236K(1864192K), 0.0540028 secs] [Times: user=0.26 sys=0.00, real=0.05 secs] 
5420.924: [GC (Allocation Failure) [PSYoungGen: 414229K->178998K(465920K)] 1103196K->931005K(1864192K), 0.0487583 secs] [Times: user=0.22 sys=0.00, real=0.05 secs] 
5421.944: [GC (Allocation Failure) [PSYoungGen: 411958K->169267K(465920K)] 1163965K->978314K(1864192K), 0.0563247 secs] [Times: user=0.28 sys=0.00, real=0.06 secs] 
5422.899: [GC (Allocation Failure) [PSYoungGen: 402227K->115629K(465920K)] 1211274K->989477K(1864192K), 0.1123831 secs] [Times: user=0.60 sys=0.00, real=0.11 secs] 
5423.651: [GC (Allocation Failure) [PSYoungGen: 348589K->176629K(465920K)] 1222437K->1087557K(1864192K), 0.0543393 secs] [Times: user=0.24 sys=0.00, real=0.05 secs] 
5423.892: [GC (Allocation Failure) [PSYoungGen: 409589K->180086K(413184K)] 1320517K->1152454K(1811456K), 0.0694735 secs] [Times: user=0.34 sys=0.00, real=0.07 secs] 
5424.075: [GC (Allocation Failure) [PSYoungGen: 413046K->187733K(464896K)] 1385414K->1217845K(1863168K), 0.0570123 secs] [Times: user=0.28 sys=0.00, real=0.06 secs] 
5425.243: [GC (Allocation Failure) [PSYoungGen: 420181K->103804K(465408K)] 1450293K->1204668K(1863680K), 0.0477814 secs] [Times: user=0.25 sys=0.00, real=0.05 secs] 
5425.990: [GC (Allocation Failure) [PSYoungGen: 336252K->175797K(465920K)] 1437116K->1309762K(1864192K), 0.0546788 secs] [Times: user=0.25 sys=0.00, real=0.05 secs] 
5426.174: [GC (Allocation Failure) [PSYoungGen: 408757K->182101K(465920K)] 1542722K->1371022K(1864192K), 0.0488091 secs] [Times: user=0.18 sys=0.00, real=0.05 secs] 
5426.331: [GC (Allocation Failure) [PSYoungGen: 415061K->187989K(465920K)] 1603982K->1432222K(1864192K), 0.0464978 secs] [Times: user=0.21 sys=0.00, real=0.05 secs] 
5427.386: [GC (Allocation Failure) [PSYoungGen: 420949K->151730K(465920K)] 1665182K->1466620K(1864192K), 0.0527245 secs] [Times: user=0.27 sys=0.00, real=0.06 secs] 
5427.439: [Full GC (Ergonomics) [PSYoungGen: 151730K->0K(465920K)] [ParOldGen: 1314889K->356789K(1398272K)] 1466620K->356789K(1864192K), [Metaspace: 59627K->59627K(1105920K)], 0.5716875 secs] [Times: user=2.48 sys=0.00, real=0.57 secs] 
5428.885: [GC (Allocation Failure) [PSYoungGen: 232960K->120270K(465920K)] 589749K->477059K(1864192K), 0.0394197 secs] [Times: user=0.15 sys=0.00, real=0.04 secs] 
5429.507: [GC (Allocation Failure) [PSYoungGen: 353230K->176661K(410112K)] 710019K->571775K(1808384K), 0.0501112 secs] [Times: user=0.23 sys=0.01, real=0.06 secs] 
5429.678: [GC (Allocation Failure) [PSYoungGen: 409621K->185335K(464896K)] 804735K->642261K(1863168K), 0.0487965 secs] [Times: user=0.23 sys=0.00, real=0.05 secs] 
5429.833: [GC (Allocation Failure) [PSYoungGen: 417783K->187221K(465408K)] 874709K->702795K(1863680K), 0.0581160 secs] [Times: user=0.28 sys=0.00, real=0.06 secs] 
5430.948: [GC (Allocation Failure) [PSYoungGen: 419669K->96971K(465920K)] 935243K->683265K(1864192K), 0.0462854 secs] [Times: user=0.24 sys=0.00, real=0.04 secs] 
5431.710: [GC (Allocation Failure) [PSYoungGen: 329931K->172468K(465920K)] 916225K->789719K(1864192K), 0.0530464 secs] [Times: user=0.23 sys=0.00, real=0.05 secs] 
5431.913: [GC (Allocation Failure) [PSYoungGen: 405428K->185430K(465920K)] 1022679K->857097K(1864192K), 0.0434056 secs] [Times: user=0.20 sys=0.00, real=0.04 secs] 
5432.062: [GC (Allocation Failure) [PSYoungGen: 418390K->204277K(465920K)] 1090057K->932128K(1864192K), 0.0459152 secs] [Times: user=0.22 sys=0.00, real=0.05 secs] 
5433.118: [GC (Allocation Failure) [PSYoungGen: 437237K->149778K(465920K)] 1165088K->948405K(1864192K), 0.0516264 secs] [Times: user=0.25 sys=0.00, real=0.05 secs] 
5433.844: [GC (Allocation Failure) [PSYoungGen: 382738K->126159K(465920K)] 1181365K->972226K(1864192K), 0.1257001 secs] [Times: user=0.70 sys=0.00, real=0.13 secs] 
5434.761: [GC (Allocation Failure) [PSYoungGen: 359087K->172660K(465920K)] 1205154K->1058724K(1864192K), 0.0531875 secs] [Times: user=0.24 sys=0.01, real=0.05 secs] 
5434.946: [GC (Allocation Failure) [PSYoungGen: 405620K->185975K(465920K)] 1291684K->1132687K(1864192K), 0.0484120 secs] [Times: user=0.23 sys=0.00, real=0.05 secs] 
5435.120: [GC (Allocation Failure) [PSYoungGen: 418935K->187413K(465920K)] 1365647K->1193245K(1864192K), 0.0698492 secs] [Times: user=0.36 sys=0.00, real=0.07 secs] 
5436.309: [GC (Allocation Failure) [PSYoungGen: 420373K->96747K(465920K)] 1426205K->1173207K(1864192K), 0.0447661 secs] [Times: user=0.23 sys=0.00, real=0.04 secs] 
5437.330: [GC (GCLocker Initiated GC) [PSYoungGen: 329707K->169492K(465920K)] 1406170K->1276448K(1864192K), 0.0607472 secs] [Times: user=0.28 sys=0.01, real=0.06 secs] 
5437.554: [GC (Allocation Failure) [PSYoungGen: 402452K->183445K(465920K)] 1509445K->1343675K(1864192K), 0.0433346 secs] [Times: user=0.19 sys=0.00, real=0.05 secs] 
5437.703: [GC (Allocation Failure) [PSYoungGen: 416405K->188309K(465920K)] 1576635K->1404282K(1864192K), 0.0467086 secs] [Times: user=0.21 sys=0.00, real=0.05 secs] 
5438.844: [GC (Allocation Failure) [PSYoungGen: 421269K->152018K(465920K)] 1637242K->1438952K(1864192K), 0.0522953 secs] [Times: user=0.26 sys=0.01, real=0.05 secs] 
5440.167: [GC (Allocation Failure) [PSYoungGen: 384978K->123758K(465920K)] 1671912K->1458848K(1864192K), 0.1969790 secs] [Times: user=1.12 sys=0.00, real=0.20 secs] 
5440.364: [Full GC (Ergonomics) [PSYoungGen: 123758K->0K(465920K)] [ParOldGen: 1335089K->139952K(1398272K)] 1458848K->139952K(1864192K), [Metaspace: 59627K->59612K(1105920K)], 0.1688213 secs] [Times: user=0.75 sys=0.00, real=0.17 secs] 
5441.270: [GC (Allocation Failure) [PSYoungGen: 232960K->176885K(465920K)] 372912K->316837K(1864192K), 0.0352128 secs] [Times: user=0.14 sys=0.00, real=0.03 secs] 
5441.497: [GC (Allocation Failure) [PSYoungGen: 409845K->183831K(465920K)] 549797K->385751K(1864192K), 0.0664957 secs] [Times: user=0.32 sys=0.01, real=0.06 secs] 
5441.714: [GC (Allocation Failure) [PSYoungGen: 416791K->187733K(465920K)] 618711K->448101K(1864192K), 0.0777882 secs] [Times: user=0.40 sys=0.00, real=0.08 secs] 
5442.926: [GC (Allocation Failure) [PSYoungGen: 420693K->93819K(465920K)] 681061K->424955K(1864192K), 0.0584652 secs] [Times: user=0.31 sys=0.01, real=0.06 secs] 
5444.215: [GC (Allocation Failure) [PSYoungGen: 326779K->172180K(465920K)] 657915K->532974K(1864192K), 0.0541537 secs] [Times: user=0.24 sys=0.01, real=0.06 secs] 
5444.467: [GC (Allocation Failure) [PSYoungGen: 405140K->185494K(465920K)] 765934K->600399K(1864192K), 0.0575774 secs] [Times: user=0.27 sys=0.00, real=0.05 secs] 
5444.692: [GC (Allocation Failure) [PSYoungGen: 418454K->204693K(465920K)] 833359K->675679K(1864192K), 0.0679696 secs] [Times: user=0.33 sys=0.00, real=0.07 secs] 
5445.760: [GC (Allocation Failure) [PSYoungGen: 437653K->149426K(465920K)] 908639K->691480K(1864192K), 0.0512125 secs] [Times: user=0.25 sys=0.01, real=0.05 secs] 
5446.494: [GC (Allocation Failure) [PSYoungGen: 382386K->124238K(465920K)] 924440K->713516K(1864192K), 0.1717384 secs] [Times: user=0.97 sys=0.00, real=0.17 secs] 
5447.377: [GC (Allocation Failure) [PSYoungGen: 357198K->176276K(465920K)] 946476K->804823K(1864192K), 0.0548864 secs] [Times: user=0.26 sys=0.00, real=0.06 secs] 
5447.560: [GC (Allocation Failure) [PSYoungGen: 409236K->182390K(465920K)] 1037783K->872597K(1864192K), 0.0492789 secs] [Times: user=0.23 sys=0.01, real=0.05 secs] 
5447.745: [GC (Allocation Failure) [PSYoungGen: 415350K->187861K(465920K)] 1105557K->936059K(1864192K), 0.0621664 secs] [Times: user=0.31 sys=0.00, real=0.07 secs] 
5448.896: [GC (Allocation Failure) [PSYoungGen: 420821K->100716K(465920K)] 1169019K->919778K(1864192K), 0.0465640 secs] [Times: user=0.24 sys=0.00, real=0.05 secs] 
5450.698: [GC (Allocation Failure) [PSYoungGen: 333676K->169556K(465920K)] 1152738K->1020399K(1864192K), 0.0561427 secs] [Times: user=0.25 sys=0.00, real=0.05 secs] 
5450.906: [GC (Allocation Failure) [PSYoungGen: 402516K->185718K(465920K)] 1253359K->1089757K(1864192K), 0.0450862 secs] [Times: user=0.21 sys=0.00, real=0.05 secs] 
5451.088: [GC (Allocation Failure) [PSYoungGen: 418678K->185269K(465920K)] 1322717K->1145508K(1864192K), 0.0632084 secs] [Times: user=0.31 sys=0.00, real=0.06 secs] 
5452.177: [GC (Allocation Failure) [PSYoungGen: 418229K->150770K(465920K)] 1378468K->1180886K(1864192K), 0.0535001 secs] [Times: user=0.27 sys=0.00, real=0.05 secs] 
5452.996: [GC (Allocation Failure) [PSYoungGen: 383730K->126463K(465920K)] 1413846K->1204202K(1864192K), 0.1357978 secs] [Times: user=0.76 sys=0.01, real=0.14 secs] 
5453.934: [GC (Allocation Failure) [PSYoungGen: 359423K->176308K(465920K)] 1437162K->1294233K(1864192K), 0.0541536 secs] [Times: user=0.24 sys=0.00, real=0.06 secs] 
5454.113: [GC (Allocation Failure) [PSYoungGen: 409268K->185559K(465920K)] 1527193K->1365267K(1864192K), 0.0505150 secs] [Times: user=0.24 sys=0.01, real=0.05 secs] 
5454.270: [GC (Allocation Failure) [PSYoungGen: 418519K->187605K(465920K)] 1598227K->1426025K(1864192K), 0.0573405 secs] [Times: user=0.29 sys=0.00, real=0.06 secs] 
5455.445: [GC (GCLocker Initiated GC) [PSYoungGen: 420565K->94747K(465920K)] 1658991K->1403957K(1864192K), 0.0480098 secs] [Times: user=0.25 sys=0.00, real=0.05 secs] 
5456.587: [GC (Allocation Failure) [PSYoungGen: 327707K->174933K(465920K)] 1637083K->1514669K(1864192K), 0.0598803 secs] [Times: user=0.27 sys=0.00, real=0.06 secs] 
5456.647: [Full GC (Ergonomics) [PSYoungGen: 174933K->0K(465920K)] [ParOldGen: 1339736K->204618K(1398272K)] 1514669K->204618K(1864192K), [Metaspace: 59612K->59612K(1105920K)], 0.2555521 secs] [Times: user=1.23 sys=0.00, real=0.26 secs] 
5457.028: [GC (Allocation Failure) [PSYoungGen: 232960K->185462K(465920K)] 437578K->390081K(1864192K), 0.0279613 secs] [Times: user=0.10 sys=0.00, real=0.02 secs] 
5457.169: [GC (Allocation Failure) [PSYoungGen: 418422K->186613K(465920K)] 623041K->447424K(1864192K), 0.0442238 secs] [Times: user=0.20 sys=0.00, real=0.04 secs] 
5458.215: [GC (Allocation Failure) [PSYoungGen: 419573K->144722K(465920K)] 680384K->475853K(1864192K), 0.0497503 secs] [Times: user=0.25 sys=0.01, real=0.05 secs] 
5459.090: [GC (Allocation Failure) [PSYoungGen: 377682K->131023K(465920K)] 708813K->508138K(1864192K), 0.1416717 secs] [Times: user=0.79 sys=0.00, real=0.14 secs] 
5459.767: [GC (Allocation Failure) [PSYoungGen: 363983K->176757K(465920K)] 741098K->595985K(1864192K), 0.0516145 secs] [Times: user=0.24 sys=0.00, real=0.06 secs] 
5459.939: [GC (Allocation Failure) [PSYoungGen: 409717K->185847K(465920K)] 828945K->666955K(1864192K), 0.0490415 secs] [Times: user=0.23 sys=0.00, real=0.05 secs] 
5460.126: [GC (Allocation Failure) [PSYoungGen: 418807K->184340K(465920K)] 899915K->724320K(1864192K), 0.0791970 secs] [Times: user=0.40 sys=0.01, real=0.08 secs] 
5461.256: [GC (GCLocker Initiated GC) [PSYoungGen: 417300K->102428K(465920K)] 957281K->711980K(1864192K), 0.0444022 secs] [Times: user=0.23 sys=0.00, real=0.05 secs] 
5461.864: [GC (Allocation Failure) [PSYoungGen: 335388K->176373K(465920K)] 945071K->818557K(1864192K), 0.0582084 secs] [Times: user=0.26 sys=0.00, real=0.06 secs] 
5462.121: [GC (Allocation Failure) [PSYoungGen: 409333K->185718K(465920K)] 1051517K->883506K(1864192K), 0.0513726 secs] [Times: user=0.24 sys=0.00, real=0.05 secs] 
5462.300: [GC (Allocation Failure) [PSYoungGen: 418678K->187125K(465920K)] 1116466K->941201K(1864192K), 0.0608484 secs] [Times: user=0.29 sys=0.00, real=0.06 secs] 
5463.425: [GC (Allocation Failure) [PSYoungGen: 420085K->132464K(465920K)] 1174161K->956948K(1864192K), 0.0489682 secs] [Times: user=0.24 sys=0.00, real=0.05 secs] 
5464.090: [GC (Allocation Failure) [PSYoungGen: 364566K->141409K(465920K)] 1189050K->1008045K(1864192K), 0.1449272 secs] [Times: user=0.79 sys=0.00, real=0.14 secs] 
5464.505: [GC (Allocation Failure) [PSYoungGen: 374369K->185333K(465920K)] 1241005K->1097369K(1864192K), 0.0404209 secs] [Times: user=0.18 sys=0.00, real=0.04 secs] 
5464.657: [GC (Allocation Failure) [PSYoungGen: 418293K->186103K(465920K)] 1330329K->1160192K(1864192K), 0.0494086 secs] [Times: user=0.22 sys=0.00, real=0.04 secs] 
5464.814: [GC (Allocation Failure) [PSYoungGen: 419063K->187509K(465920K)] 1393152K->1220670K(1864192K), 0.0575096 secs] [Times: user=0.29 sys=0.00, real=0.06 secs] 
5465.950: [GC (Allocation Failure) [PSYoungGen: 420469K->95483K(465920K)] 1453630K->1199492K(1864192K), 0.0453615 secs] [Times: user=0.23 sys=0.00, real=0.04 secs] 
5467.759: [GC (Allocation Failure) [PSYoungGen: 328443K->171572K(465920K)] 1432452K->1305714K(1864192K), 0.0645152 secs] [Times: user=0.28 sys=0.01, real=0.06 secs] 
5467.993: [GC (Allocation Failure) [PSYoungGen: 404532K->185526K(465920K)] 1538674K->1373696K(1864192K), 0.0430690 secs] [Times: user=0.20 sys=0.00, real=0.04 secs] 
5468.162: [GC (Allocation Failure) [PSYoungGen: 418486K->187829K(465920K)] 1606656K->1432127K(1864192K), 0.0530315 secs] [Times: user=0.26 sys=0.00, real=0.05 secs] 
5469.332: [GC (Allocation Failure) [PSYoungGen: 420789K->129456K(465920K)] 1665087K->1444602K(1864192K), 0.0489580 secs] [Times: user=0.25 sys=0.00, real=0.05 secs] 
5469.381: [Full GC (Ergonomics) [PSYoungGen: 129456K->0K(465920K)] [ParOldGen: 1315145K->341192K(1398272K)] 1444602K->341192K(1864192K), [Metaspace: 59612K->59612K(1105920K)], 0.5716749 secs] [Times: user=2.48 sys=0.00, real=0.57 secs] 
5470.956: [GC (Allocation Failure) [PSYoungGen: 232960K->140784K(465920K)] 574152K->481977K(1864192K), 0.0574683 secs] [Times: user=0.22 sys=0.00, real=0.06 secs] 
5471.410: [GC (Allocation Failure) [PSYoungGen: 373744K->175252K(465920K)] 714937K->561374K(1864192K), 0.0485857 secs] [Times: user=0.23 sys=0.01, real=0.05 secs] 
5471.569: [GC (Allocation Failure) [PSYoungGen: 408212K->185527K(465920K)] 794334K->632913K(1864192K), 0.0482196 secs] [Times: user=0.22 sys=0.00, real=0.05 secs] 
5471.722: [GC (Allocation Failure) [PSYoungGen: 418487K->187605K(465920K)] 865873K->693895K(1864192K), 0.0574626 secs] [Times: user=0.28 sys=0.00, real=0.06 secs] 
5472.907: [GC (Allocation Failure) [PSYoungGen: 420565K->99484K(465920K)] 926855K->676429K(1864192K), 0.0463655 secs] [Times: user=0.24 sys=0.00, real=0.04 secs] 
5474.462: [GC (Allocation Failure) [PSYoungGen: 332444K->170388K(465920K)] 909389K->778819K(1864192K), 0.0588021 secs] [Times: user=0.26 sys=0.01, real=0.06 secs] 
5474.680: [GC (Allocation Failure) [PSYoungGen: 403348K->185462K(465920K)] 1011779K->847761K(1864192K), 0.0426545 secs] [Times: user=0.19 sys=0.01, real=0.04 secs] 
5474.830: [GC (Allocation Failure) [PSYoungGen: 418422K->187829K(465920K)] 1080721K->906240K(1864192K), 0.0452134 secs] [Times: user=0.21 sys=0.00, real=0.04 secs] 
5475.929: [GC (Allocation Failure) [PSYoungGen: 420789K->129968K(465920K)] 1139200K->919003K(1864192K), 0.0482167 secs] [Times: user=0.24 sys=0.00, real=0.05 secs] 
5476.698: [GC (Allocation Failure) [PSYoungGen: 362853K->142529K(465920K)] 1151888K->972892K(1864192K), 0.1372851 secs] [Times: user=0.75 sys=0.00, real=0.13 secs] 
5477.127: [GC (Allocation Failure) [PSYoungGen: 375489K->180117K(465920K)] 1205852K->1056329K(1864192K), 0.0518886 secs] [Times: user=0.24 sys=0.00, real=0.06 secs] 
5477.357: [GC (Allocation Failure) [PSYoungGen: 413077K->185783K(465920K)] 1289289K->1124707K(1864192K), 0.0714055 secs] [Times: user=0.35 sys=0.00, real=0.08 secs] 
5477.553: [GC (Allocation Failure) [PSYoungGen: 418743K->187061K(465920K)] 1357667K->1184813K(1864192K), 0.0717229 secs] [Times: user=0.37 sys=0.00, real=0.07 secs] 
5478.692: [GC (GCLocker Initiated GC) [PSYoungGen: 420021K->98043K(465920K)] 1417773K->1166324K(1864192K), 0.0458025 secs] [Times: user=0.24 sys=0.00, real=0.05 secs] 
5479.645: [GC (Allocation Failure) [PSYoungGen: 331003K->172404K(465920K)] 1399450K->1272192K(1864192K), 0.0623551 secs] [Times: user=0.28 sys=0.00, real=0.06 secs] 
5479.885: [GC (Allocation Failure) [PSYoungGen: 405364K->185334K(465920K)] 1505152K->1339289K(1864192K), 0.0441407 secs] [Times: user=0.19 sys=0.00, real=0.05 secs] 
5480.036: [GC (Allocation Failure) [PSYoungGen: 418294K->187637K(465920K)] 1572249K->1397697K(1864192K), 0.0459421 secs] [Times: user=0.21 sys=0.01, real=0.05 secs] 
5481.159: [GC (Allocation Failure) [PSYoungGen: 420597K->122639K(465920K)] 1630657K->1403483K(1864192K), 0.0480491 secs] [Times: user=0.24 sys=0.00, real=0.05 secs] 
5481.721: [GC (Allocation Failure) [PSYoungGen: 355599K->151202K(465920K)] 1636443K->1470941K(1864192K), 0.0821172 secs] [Times: user=0.43 sys=0.01, real=0.08 secs] 
5481.803: [Full GC (Ergonomics) [PSYoungGen: 151202K->0K(465920K)] [ParOldGen: 1319739K->166842K(1398272K)] 1470941K->166842K(1864192K), [Metaspace: 59612K->59612K(1105920K)], 0.1606007 secs] [Times: user=0.71 sys=0.00, real=0.16 secs] 
5482.635: [GC (Allocation Failure) [PSYoungGen: 232960K->178805K(465920K)] 399802K->345647K(1864192K), 0.0432074 secs] [Times: user=0.18 sys=0.00, real=0.05 secs] 
5482.861: [GC (Allocation Failure) [PSYoungGen: 411765K->185655K(465920K)] 578607K->415401K(1864192K), 0.0646800 secs] [Times: user=0.31 sys=0.00, real=0.06 secs] 
5483.052: [GC (Allocation Failure) [PSYoungGen: 418615K->187669K(465920K)] 648361K->476207K(1864192K), 0.0563573 secs] [Times: user=0.28 sys=0.00, real=0.06 secs] 
5484.214: [GC (Allocation Failure) [PSYoungGen: 420540K->100332K(465920K)] 709079K->459614K(1864192K), 0.0426488 secs] [Times: user=0.22 sys=0.00, real=0.04 secs] 
5485.237: [GC (Allocation Failure) [PSYoungGen: 333292K->172308K(465920K)] 692574K->563508K(1864192K), 0.0558752 secs] [Times: user=0.25 sys=0.00, real=0.05 secs] 
5485.488: [GC (Allocation Failure) [PSYoungGen: 405268K->183573K(465920K)] 796468K->629177K(1864192K), 0.0543715 secs] [Times: user=0.26 sys=0.00, real=0.05 secs] 
5485.667: [GC (Allocation Failure) [PSYoungGen: 416533K->184020K(465920K)] 862137K->685184K(1864192K), 0.0450980 secs] [Times: user=0.21 sys=0.00, real=0.05 secs] 
5486.834: [GC (Allocation Failure) [PSYoungGen: 416980K->122111K(465920K)] 918144K->692662K(1864192K), 0.0466561 secs] [Times: user=0.24 sys=0.00, real=0.05 secs] 
5487.421: [GC (Allocation Failure) [PSYoungGen: 355071K->158387K(462848K)] 925622K->768119K(1861120K), 0.1096079 secs] [Times: user=0.58 sys=0.00, real=0.11 secs] 
5487.768: [GC (Allocation Failure) [PSYoungGen: 391347K->187317K(464384K)] 1001079K->846637K(1862656K), 0.0409623 secs] [Times: user=0.18 sys=0.00, real=0.04 secs] 
5487.922: [GC (Allocation Failure) [PSYoungGen: 420277K->186039K(465920K)] 1079597K->908307K(1864192K), 0.0500169 secs] [Times: user=0.24 sys=0.00, real=0.05 secs] 
5488.107: [GC (Allocation Failure) [PSYoungGen: 418999K->187349K(465920K)] 1141267K->968509K(1864192K), 0.0816011 secs] [Times: user=0.42 sys=0.00, real=0.09 secs] 
5489.319: [GC (Allocation Failure) [PSYoungGen: 420309K->94331K(465920K)] 1201469K->946187K(1864192K), 0.0590562 secs] [Times: user=0.32 sys=0.00, real=0.06 secs] 
5490.030: [GC (Allocation Failure) [PSYoungGen: 327291K->179573K(465920K)] 1179147K->1061179K(1864192K), 0.0527917 secs] [Times: user=0.24 sys=0.00, real=0.05 secs] 
5490.223: [GC (Allocation Failure) [PSYoungGen: 412533K->185590K(465920K)] 1294139K->1123631K(1864192K), 0.0442142 secs] [Times: user=0.20 sys=0.00, real=0.05 secs] 
5490.374: [GC (Allocation Failure) [PSYoungGen: 418550K->187637K(465920K)] 1356591K->1181902K(1864192K), 0.0467999 secs] [Times: user=0.21 sys=0.00, real=0.05 secs] 
5491.499: [GC (Allocation Failure) [PSYoungGen: 420597K->109581K(465920K)] 1414862K->1174506K(1864192K), 0.0472452 secs] [Times: user=0.25 sys=0.00, real=0.04 secs] 
5492.427: [GC (Allocation Failure) [PSYoungGen: 342541K->159795K(465920K)] 1407466K->1260357K(1864192K), 0.1012524 secs] [Times: user=0.53 sys=0.00, real=0.11 secs] 
5492.852: [GC (Allocation Failure) [PSYoungGen: 392755K->185206K(465920K)] 1493317K->1335960K(1864192K), 0.0430759 secs] [Times: user=0.20 sys=0.00, real=0.04 secs] 
5493.007: [GC (Allocation Failure) [PSYoungGen: 418166K->186039K(465920K)] 1568920K->1400889K(1864192K), 0.0512048 secs] [Times: user=0.24 sys=0.00, real=0.05 secs] 
5493.164: [GC (GCLocker Initiated GC) [PSYoungGen: 418999K->185077K(465920K)] 1633849K->1459119K(1864192K), 0.0581241 secs] [Times: user=0.29 sys=0.01, real=0.06 secs] 
5494.746: [GC (Allocation Failure) [PSYoungGen: 418037K->93035K(465920K)] 1692081K->1436999K(1864192K), 0.0865816 secs] [Times: user=0.47 sys=0.01, real=0.09 secs] 
5494.833: [Full GC (Ergonomics) [PSYoungGen: 93035K->0K(465920K)] [ParOldGen: 1343964K->105529K(1398272K)] 1436999K->105529K(1864192K), [Metaspace: 59612K->59612K(1105920K)], 0.1428938 secs] [Times: user=0.59 sys=0.00, real=0.14 secs] 
5496.559: [GC (Allocation Failure) [PSYoungGen: 232960K->177749K(465920K)] 338489K->283278K(1864192K), 0.0373330 secs] [Times: user=0.14 sys=0.00, real=0.03 secs] 
5496.738: [GC (Allocation Failure) [PSYoungGen: 410709K->186006K(465920K)] 516238K->346983K(1864192K), 0.0405656 secs] [Times: user=0.18 sys=0.00, real=0.04 secs] 
5496.903: [GC (Allocation Failure) [PSYoungGen: 418966K->188085K(465920K)] 579943K->405494K(1864192K), 0.0490443 secs] [Times: user=0.24 sys=0.00, real=0.05 secs] 
5498.051: [GC (Allocation Failure) [PSYoungGen: 421045K->105196K(465920K)] 638454K->393502K(1864192K), 0.0446213 secs] [Times: user=0.23 sys=0.00, real=0.04 secs] 
5499.642: [GC (Allocation Failure) [PSYoungGen: 338156K->164595K(465920K)] 626462K->486321K(1864192K), 0.1176211 secs] [Times: user=0.61 sys=0.00, real=0.12 secs] 
5499.961: [GC (Allocation Failure) [PSYoungGen: 397555K->182037K(465920K)] 719281K->555535K(1864192K), 0.0416391 secs] [Times: user=0.18 sys=0.01, real=0.04 secs] 
5500.113: [GC (Allocation Failure) [PSYoungGen: 414997K->185975K(465920K)] 788495K->622857K(1864192K), 0.0493088 secs] [Times: user=0.22 sys=0.00, real=0.05 secs] 
5500.292: [GC (Allocation Failure) [PSYoungGen: 418935K->187701K(465920K)] 855817K->683471K(1864192K), 0.0644613 secs] [Times: user=0.33 sys=0.00, real=0.06 secs] 
5501.466: [GC (Allocation Failure) [PSYoungGen: 420661K->96891K(465920K)] 916431K->663429K(1864192K), 0.0457338 secs] [Times: user=0.23 sys=0.00, real=0.05 secs] 
5502.857: [GC (Allocation Failure) [PSYoungGen: 329851K->174965K(465920K)] 896389K->771708K(1864192K), 0.0626393 secs] [Times: user=0.28 sys=0.00, real=0.06 secs] 
5503.119: [GC (Allocation Failure) [PSYoungGen: 407925K->185366K(465920K)] 1004668K->837261K(1864192K), 0.0600672 secs] [Times: user=0.28 sys=0.00, real=0.06 secs] 
5503.294: [GC (Allocation Failure) [PSYoungGen: 418326K->187797K(465920K)] 1070221K->895916K(1864192K), 0.0462140 secs] [Times: user=0.22 sys=0.00, real=0.05 secs] 
5504.446: [GC (Allocation Failure) [PSYoungGen: 420757K->104572K(465920K)] 1128876K->883503K(1864192K), 0.0505722 secs] [Times: user=0.26 sys=0.00, real=0.05 secs] 
5505.399: [GC (Allocation Failure) [PSYoungGen: 337532K->167604K(465920K)] 1116463K->980132K(1864192K), 0.0851297 secs] [Times: user=0.44 sys=0.00, real=0.08 secs] 
5505.631: [GC (Allocation Failure) [PSYoungGen: 400564K->182037K(465920K)] 1213092K->1047261K(1864192K), 0.0421763 secs] [Times: user=0.19 sys=0.00, real=0.04 secs] 
5505.784: [GC (Allocation Failure) [PSYoungGen: 414997K->186007K(465920K)] 1280221K->1114567K(1864192K), 0.0498794 secs] [Times: user=0.23 sys=0.00, real=0.05 secs] 
5505.983: [GC (Allocation Failure) [PSYoungGen: 418967K->187349K(465920K)] 1347527K->1175021K(1864192K), 0.0787684 secs] [Times: user=0.40 sys=0.01, real=0.08 secs] 
5507.184: [GC (Allocation Failure) [PSYoungGen: 420309K->92314K(465920K)] 1407981K->1150722K(1864192K), 0.0652621 secs] [Times: user=0.34 sys=0.01, real=0.07 secs] 
5508.266: [GC (Allocation Failure) [PSYoungGen: 325274K->179957K(465920K)] 1383682K->1267370K(1864192K), 0.0522538 secs] [Times: user=0.20 sys=0.00, real=0.06 secs] 
5508.492: [GC (Allocation Failure) [PSYoungGen: 412917K->185654K(465920K)] 1500330K->1329639K(1864192K), 0.0485397 secs] [Times: user=0.23 sys=0.00, real=0.05 secs] 
5508.647: [GC (Allocation Failure) [PSYoungGen: 418614K->187509K(465920K)] 1562599K->1387758K(1864192K), 0.0461092 secs] [Times: user=0.21 sys=0.00, real=0.04 secs] 
5509.832: [GC (Allocation Failure) [PSYoungGen: 420469K->102396K(465920K)] 1620718K->1373181K(1864192K), 0.0464202 secs] [Times: user=0.24 sys=0.00, real=0.05 secs] 
5510.780: [GC (Allocation Failure) [PSYoungGen: 335356K->169876K(465920K)] 1606141K->1473438K(1864192K), 0.1081919 secs] [Times: user=0.55 sys=0.00, real=0.11 secs] 
5511.266: [GC (Allocation Failure) [PSYoungGen: 402836K->178549K(465920K)] 1706398K->1535423K(1864192K), 0.0543550 secs] [Times: user=0.26 sys=0.00, real=0.06 secs] 
5511.321: [Full GC (Ergonomics) [PSYoungGen: 178549K->0K(465920K)] [ParOldGen: 1356873K->252002K(1398272K)] 1535423K->252002K(1864192K), [Metaspace: 59612K->59612K(1105920K)], 0.3165473 secs] [Times: user=1.46 sys=0.00, real=0.32 secs] 
5511.748: [GC (Allocation Failure) [PSYoungGen: 232960K->185879K(465920K)] 484962K->437881K(1864192K), 0.0787787 secs] [Times: user=0.41 sys=0.00, real=0.07 secs] 
5512.085: [GC (Allocation Failure) [PSYoungGen: 418839K->219285K(465920K)] 670841K->530391K(1864192K), 0.0555345 secs] [Times: user=0.27 sys=0.00, real=0.06 secs] 
5513.164: [GC (Allocation Failure) [PSYoungGen: 452245K->99387K(465920K)] 763351K->480470K(1864192K), 0.0545710 secs] [Times: user=0.28 sys=0.00, real=0.06 secs] 
5514.381: [GC (Allocation Failure) [PSYoungGen: 332347K->178165K(465920K)] 713430K->590733K(1864192K), 0.0510773 secs] [Times: user=0.23 sys=0.00, real=0.05 secs] 
5514.566: [GC (Allocation Failure) [PSYoungGen: 411125K->182901K(465920K)] 823693K->651081K(1864192K), 0.0429058 secs] [Times: user=0.19 sys=0.00, real=0.05 secs] 
5514.716: [GC (Allocation Failure) [PSYoungGen: 415861K->187669K(465920K)] 884041K->711569K(1864192K), 0.0453330 secs] [Times: user=0.21 sys=0.00, real=0.05 secs] 
5515.903: [GC (Allocation Failure) [PSYoungGen: 420629K->106333K(465920K)] 944529K->700960K(1864192K), 0.0454637 secs] [Times: user=0.23 sys=0.00, real=0.05 secs] 
5516.429: [GC (Allocation Failure) [PSYoungGen: 339293K->174996K(465920K)] 933920K->803797K(1864192K), 0.1051499 secs] [Times: user=0.52 sys=0.01, real=0.10 secs] 
5516.735: [GC (Allocation Failure) [PSYoungGen: 407956K->182805K(465920K)] 1036757K->865382K(1864192K), 0.0455002 secs] [Times: user=0.20 sys=0.00, real=0.05 secs] 
5516.911: [GC (Allocation Failure) [PSYoungGen: 415765K->183254K(465920K)] 1098342K->929727K(1864192K), 0.0537823 secs] [Times: user=0.25 sys=0.00, real=0.05 secs] 
5517.716: [GC (Allocation Failure) [PSYoungGen: 416214K->196691K(465920K)] 1162687K->1001420K(1864192K), 0.0546060 secs] [Times: user=0.26 sys=0.01, real=0.06 secs] 
5518.627: [GC (Allocation Failure) [PSYoungGen: 429651K->104828K(465920K)] 1234380K->976341K(1864192K), 0.1089416 secs] [Times: user=0.54 sys=0.01, real=0.11 secs] 
5519.748: [GC (Allocation Failure) [PSYoungGen: 337788K->174197K(465920K)] 1209301K->1079334K(1864192K), 0.0546698 secs] [Times: user=0.24 sys=0.01, real=0.05 secs] 
5519.984: [GC (Allocation Failure) [PSYoungGen: 407157K->185366K(465920K)] 1312294K->1144743K(1864192K), 0.0628262 secs] [Times: user=0.30 sys=0.00, real=0.06 secs] 
5520.165: [GC (Allocation Failure) [PSYoungGen: 418326K->187669K(465920K)] 1377703K->1203439K(1864192K), 0.0463909 secs] [Times: user=0.22 sys=0.00, real=0.05 secs] 
5521.271: [GC (Allocation Failure) [PSYoungGen: 420629K->101804K(465920K)] 1436399K->1188374K(1864192K), 0.0450266 secs] [Times: user=0.23 sys=0.00, real=0.04 secs] 
5522.091: [GC (Allocation Failure) [PSYoungGen: 334764K->171316K(465920K)] 1421334K->1290483K(1864192K), 0.0813785 secs] [Times: user=0.40 sys=0.00, real=0.08 secs] 
5522.378: [GC (Allocation Failure) [PSYoungGen: 404276K->185302K(465920K)] 1523443K->1358132K(1864192K), 0.0517835 secs] [Times: user=0.25 sys=0.00, real=0.05 secs] 
5522.560: [GC (Allocation Failure) [PSYoungGen: 418262K->182454K(465920K)] 1591092K->1419661K(1864192K), 0.0586564 secs] [Times: user=0.29 sys=0.00, real=0.06 secs] 
5523.520: [GC (Allocation Failure) [PSYoungGen: 411023K->210099K(465920K)] 1648229K->1505090K(1864192K), 0.0555982 secs] [Times: user=0.28 sys=0.00, real=0.05 secs] 
5524.111: [GC (Allocation Failure) [PSYoungGen: 443059K->105772K(465920K)] 1738050K->1466707K(1864192K), 0.0616878 secs] [Times: user=0.32 sys=0.00, real=0.06 secs] 
5524.173: [Full GC (Ergonomics) [PSYoungGen: 105772K->0K(465920K)] [ParOldGen: 1360934K->121732K(1398272K)] 1466707K->121732K(1864192K), [Metaspace: 59612K->59612K(1105920K)], 0.1270325 secs] [Times: user=0.56 sys=0.00, real=0.13 secs] 
5525.415: [GC (Allocation Failure) [PSYoungGen: 232960K->174133K(465920K)] 354692K->295866K(1864192K), 0.0355719 secs] [Times: user=0.13 sys=0.00, real=0.04 secs] 
5525.597: [GC (Allocation Failure) [PSYoungGen: 407093K->185686K(465920K)] 528826K->362015K(1864192K), 0.0407146 secs] [Times: user=0.18 sys=0.00, real=0.05 secs] 
5525.778: [GC (Allocation Failure) [PSYoungGen: 418646K->187733K(465920K)] 594975K->420230K(1864192K), 0.0619649 secs] [Times: user=0.30 sys=0.01, real=0.06 secs] 
5526.925: [GC (Allocation Failure) [PSYoungGen: 420693K->101692K(465920K)] 653190K->405013K(1864192K), 0.0444715 secs] [Times: user=0.23 sys=0.00, real=0.05 secs] 
5528.148: [GC (Allocation Failure) [PSYoungGen: 334652K->168916K(465920K)] 637973K->504570K(1864192K), 0.0861967 secs] [Times: user=0.42 sys=0.00, real=0.08 secs] 
5528.443: [GC (Allocation Failure) [PSYoungGen: 401876K->193590K(465920K)] 737530K->582656K(1864192K), 0.0434476 secs] [Times: user=0.20 sys=0.00, real=0.04 secs] 
5528.605: [GC (Allocation Failure) [PSYoungGen: 426550K->185847K(465920K)] 815616K->639217K(1864192K), 0.0494715 secs] [Times: user=0.23 sys=0.01, real=0.05 secs] 
5529.654: [GC (Allocation Failure) [PSYoungGen: 418807K->172179K(465920K)] 872177K->684453K(1864192K), 0.0573871 secs] [Times: user=0.28 sys=0.00, real=0.06 secs] 
5530.273: [GC (Allocation Failure) [PSYoungGen: 405139K->110813K(465920K)] 917413K->688823K(1864192K), 0.0599732 secs] [Times: user=0.31 sys=0.00, real=0.06 secs] 
5530.990: [GC (Allocation Failure) [PSYoungGen: 335959K->171988K(465920K)] 913969K->784835K(1864192K), 0.0517029 secs] [Times: user=0.24 sys=0.00, real=0.05 secs] 
5531.172: [GC (Allocation Failure) [PSYoungGen: 404948K->183125K(465920K)] 1017797K->849706K(1864192K), 0.0431515 secs] [Times: user=0.19 sys=0.01, real=0.04 secs] 
5531.319: [GC (Allocation Failure) [PSYoungGen: 416085K->184532K(465920K)] 1082666K->906449K(1864192K), 0.0455026 secs] [Times: user=0.22 sys=0.00, real=0.04 secs] 
5532.425: [GC (Allocation Failure) [PSYoungGen: 417492K->103628K(465920K)] 1139409K->895240K(1864192K), 0.0454377 secs] [Times: user=0.23 sys=0.01, real=0.05 secs] 
5533.411: [GC (Allocation Failure) [PSYoungGen: 336588K->175764K(465920K)] 1128200K->1001365K(1864192K), 0.1029810 secs] [Times: user=0.51 sys=0.00, real=0.10 secs] 
5533.689: [GC (Allocation Failure) [PSYoungGen: 408724K->184982K(465920K)] 1234325K->1064514K(1864192K), 0.0449857 secs] [Times: user=0.20 sys=0.00, real=0.04 secs] 
5533.885: [GC (Allocation Failure) [PSYoungGen: 417942K->186007K(465920K)] 1297474K->1129843K(1864192K), 0.0749552 secs] [Times: user=0.38 sys=0.00, real=0.08 secs] 
5534.900: [GC (Allocation Failure) [PSYoungGen: 418967K->191369K(465920K)] 1362803K->1194326K(1864192K), 0.0526163 secs] [Times: user=0.26 sys=0.00, real=0.05 secs] 
5535.868: [GC (Allocation Failure) [PSYoungGen: 424329K->106188K(465920K)] 1427286K->1174073K(1864192K), 0.1094143 secs] [Times: user=0.59 sys=0.00, real=0.11 secs] 
5536.826: [GC (Allocation Failure) [PSYoungGen: 339148K->176789K(465920K)] 1407033K->1278435K(1864192K), 0.0562540 secs] [Times: user=0.26 sys=0.00, real=0.06 secs] 
5537.056: [GC (Allocation Failure) [PSYoungGen: 409749K->185686K(465920K)] 1511395K->1342591K(1864192K), 0.0638609 secs] [Times: user=0.31 sys=0.01, real=0.07 secs] 
5537.240: [GC (Allocation Failure) [PSYoungGen: 418646K->187669K(465920K)] 1575551K->1400751K(1864192K), 0.0467165 secs] [Times: user=0.22 sys=0.00, real=0.04 secs] 
5538.363: [GC (Allocation Failure) [PSYoungGen: 420629K->101292K(465920K)] 1633711K->1385154K(1864192K), 0.0461494 secs] [Times: user=0.24 sys=0.01, real=0.05 secs] 
5539.441: [GC (Allocation Failure) [PSYoungGen: 334252K->172372K(465920K)] 1618114K->1489298K(1864192K), 0.0882762 secs] [Times: user=0.44 sys=0.00, real=0.09 secs] 
5539.529: [Full GC (Ergonomics) [PSYoungGen: 172372K->0K(465920K)] [ParOldGen: 1316925K->197168K(1398272K)] 1489298K->197168K(1864192K), [Metaspace: 59612K->59612K(1105920K)], 0.2508475 secs] [Times: user=1.21 sys=0.00, real=0.25 secs] 
5539.889: [GC (Allocation Failure) [PSYoungGen: 232960K->179029K(465920K)] 430128K->376197K(1864192K), 0.0313097 secs] [Times: user=0.13 sys=0.00, real=0.03 secs] 
5540.045: [GC (Allocation Failure) [PSYoungGen: 411989K->186231K(465920K)] 609157K->446607K(1864192K), 0.0437749 secs] [Times: user=0.19 sys=0.00, real=0.05 secs] 
5541.043: [GC (Allocation Failure) [PSYoungGen: 419191K->170931K(465920K)] 679567K->490251K(1864192K), 0.0571220 secs] [Times: user=0.29 sys=0.00, real=0.06 secs] 
5541.972: [GC (Allocation Failure) [PSYoungGen: 403891K->111181K(465920K)] 723211K->496029K(1864192K), 0.0993866 secs] [Times: user=0.52 sys=0.00, real=0.10 secs] 
5542.826: [GC (Allocation Failure) [PSYoungGen: 341537K->172404K(465920K)] 726386K->592486K(1864192K), 0.0512483 secs] [Times: user=0.24 sys=0.00, real=0.06 secs] 
5543.013: [GC (Allocation Failure) [PSYoungGen: 405364K->185782K(465920K)] 825446K->660211K(1864192K), 0.0427686 secs] [Times: user=0.19 sys=0.00, real=0.04 secs] 
5543.163: [GC (Allocation Failure) [PSYoungGen: 418742K->187509K(465920K)] 893171K->718274K(1864192K), 0.0457929 secs] [Times: user=0.21 sys=0.00, real=0.05 secs] 
5544.274: [GC (Allocation Failure) [PSYoungGen: 420469K->101740K(465920K)] 951234K->703073K(1864192K), 0.0478092 secs] [Times: user=0.25 sys=0.00, real=0.05 secs] 
5545.199: [GC (Allocation Failure) [PSYoungGen: 334700K->172116K(465920K)] 936033K->806343K(1864192K), 0.1075928 secs] [Times: user=0.55 sys=0.00, real=0.10 secs] 
5545.511: [GC (Allocation Failure) [PSYoungGen: 405076K->185046K(465920K)] 1039303K->873460K(1864192K), 0.0473237 secs] [Times: user=0.22 sys=0.00, real=0.05 secs] 
5545.666: [GC (Allocation Failure) [PSYoungGen: 414278K->182550K(465920K)] 1102692K->935197K(1864192K), 0.0493048 secs] [Times: user=0.23 sys=0.00, real=0.05 secs] 
5546.628: [GC (Allocation Failure) [PSYoungGen: 410628K->205619K(465920K)] 1163274K->1016177K(1864192K), 0.0552380 secs] [Times: user=0.28 sys=0.00, real=0.05 secs] 
5547.270: [GC (Allocation Failure) [PSYoungGen: 438579K->105756K(465920K)] 1249137K->980875K(1864192K), 0.0842807 secs] [Times: user=0.45 sys=0.00, real=0.08 secs] 
5548.246: [GC (Allocation Failure) [PSYoungGen: 338716K->176821K(465920K)] 1213835K->1085528K(1864192K), 0.0563535 secs] [Times: user=0.25 sys=0.00, real=0.06 secs] 
5548.505: [GC (Allocation Failure) [PSYoungGen: 409781K->185110K(465920K)] 1318488K->1148589K(1864192K), 0.0599331 secs] [Times: user=0.29 sys=0.00, real=0.06 secs] 
5548.676: [GC (Allocation Failure) [PSYoungGen: 418070K->184885K(465920K)] 1381549K->1204220K(1864192K), 0.0459437 secs] [Times: user=0.21 sys=0.00, real=0.05 secs] 
5549.785: [GC (Allocation Failure) [PSYoungGen: 417845K->105116K(465920K)] 1437180K->1194392K(1864192K), 0.0461598 secs] [Times: user=0.24 sys=0.00, real=0.05 secs] 
5551.006: [GC (Allocation Failure) [PSYoungGen: 338076K->171924K(465920K)] 1427352K->1294741K(1864192K), 0.0799681 secs] [Times: user=0.39 sys=0.00, real=0.08 secs] 
5551.291: [GC (Allocation Failure) [PSYoungGen: 404884K->179093K(465920K)] 1527701K->1355637K(1864192K), 0.0575378 secs] [Times: user=0.27 sys=0.00, real=0.06 secs] 
5551.499: [GC (Allocation Failure) [PSYoungGen: 412053K->185879K(465920K)] 1588597K->1425511K(1864192K), 0.0683317 secs] [Times: user=0.33 sys=0.00, real=0.07 secs] 
5552.570: [GC (Allocation Failure) [PSYoungGen: 418839K->171507K(465920K)] 1658471K->1469995K(1864192K), 0.0587023 secs] [Times: user=0.30 sys=0.00, real=0.06 secs] 
5553.041: [GC (Allocation Failure) [PSYoungGen: 404467K->111725K(465920K)] 1702955K->1475809K(1864192K), 0.0640122 secs] [Times: user=0.33 sys=0.01, real=0.06 secs] 
5553.105: [Full GC (Ergonomics) [PSYoungGen: 111725K->0K(465920K)] [ParOldGen: 1364084K->127942K(1398272K)] 1475809K->127942K(1864192K), [Metaspace: 59612K->59612K(1105920K)], 0.1363075 secs] [Times: user=0.60 sys=0.00, real=0.14 secs] 
5554.460: [GC (Allocation Failure) [PSYoungGen: 228954K->171348K(465920K)] 356897K->299291K(1864192K), 0.0353495 secs] [Times: user=0.14 sys=0.00, real=0.03 secs] 
5554.681: [GC (Allocation Failure) [PSYoungGen: 404308K->185686K(465920K)] 532251K->367585K(1864192K), 0.0567367 secs] [Times: user=0.27 sys=0.00, real=0.06 secs] 
5554.887: [GC (Allocation Failure) [PSYoungGen: 418646K->187477K(465920K)] 600545K->425532K(1864192K), 0.0598277 secs] [Times: user=0.29 sys=0.00, real=0.06 secs] 
5555.995: [GC (Allocation Failure) [PSYoungGen: 420437K->105484K(465920K)] 658492K->414323K(1864192K), 0.0447960 secs] [Times: user=0.22 sys=0.00, real=0.05 secs] 
5556.848: [GC (Allocation Failure) [PSYoungGen: 338444K->169364K(465920K)] 647283K->512164K(1864192K), 0.0939753 secs] [Times: user=0.47 sys=0.00, real=0.09 secs] 
5557.124: [GC (Allocation Failure) [PSYoungGen: 402324K->185238K(465920K)] 745124K->581394K(1864192K), 0.0424758 secs] [Times: user=0.19 sys=0.00, real=0.04 secs] 
5557.274: [GC (Allocation Failure) [PSYoungGen: 412072K->181238K(465920K)] 808228K->641810K(1864192K), 0.0494122 secs] [Times: user=0.23 sys=0.00, real=0.05 secs] 
5558.356: [GC (Allocation Failure) [PSYoungGen: 414198K->169555K(402944K)] 874770K->687879K(1801216K), 0.0541292 secs] [Times: user=0.27 sys=0.00, real=0.06 secs] 
5558.980: [GC (Allocation Failure) [PSYoungGen: 402515K->109164K(459776K)] 920839K->692425K(1858048K), 0.0618320 secs] [Times: user=0.33 sys=0.00, real=0.06 secs] 
5559.654: [GC (Allocation Failure) [PSYoungGen: 332078K->174293K(462848K)] 915338K->792367K(1861120K), 0.0485264 secs] [Times: user=0.22 sys=0.00, real=0.05 secs] 
5559.826: [GC (Allocation Failure) [PSYoungGen: 404181K->183317K(465920K)] 1022255K->855527K(1864192K), 0.0427712 secs] [Times: user=0.19 sys=0.00, real=0.05 secs] 
5559.971: [GC (Allocation Failure) [PSYoungGen: 418250K->182708K(466944K)] 1090460K->910262K(1865216K), 0.0458672 secs] [Times: user=0.21 sys=0.00, real=0.05 secs] 
5561.083: [GC (GCLocker Initiated GC) [PSYoungGen: 417716K->106893K(464896K)] 1145270K->903702K(1863168K), 0.0456279 secs] [Times: user=0.23 sys=0.00, real=0.05 secs] 
5562.045: [GC (Allocation Failure) [PSYoungGen: 339853K->176276K(465920K)] 1136701K->1007364K(1864192K), 0.0832600 secs] [Times: user=0.41 sys=0.01, real=0.09 secs] 
5562.340: [GC (Allocation Failure) [PSYoungGen: 409236K->185334K(465920K)] 1240324K->1070534K(1864192K), 0.0507584 secs] [Times: user=0.23 sys=0.00, real=0.05 secs] 
5562.540: [GC (Allocation Failure) [PSYoungGen: 418294K->182870K(465920K)] 1303494K->1132311K(1864192K), 0.0721935 secs] [Times: user=0.36 sys=0.00, real=0.07 secs] 
5563.579: [GC (Allocation Failure) [PSYoungGen: 415830K->170099K(459776K)] 1365271K->1177499K(1858048K), 0.0554178 secs] [Times: user=0.28 sys=0.00, real=0.05 secs] 
5564.153: [GC (Allocation Failure) [PSYoungGen: 403059K->108364K(462848K)] 1410459K->1180729K(1861120K), 0.0632794 secs] [Times: user=0.33 sys=0.01, real=0.06 secs] 
5565.083: [GC (Allocation Failure) [PSYoungGen: 341324K->175893K(466944K)] 1413689K->1282834K(1865216K), 0.0572093 secs] [Times: user=0.26 sys=0.00, real=0.06 secs] 
5565.281: [GC (Allocation Failure) [PSYoungGen: 409877K->186582K(465920K)] 1516818K->1348795K(1864192K), 0.0441465 secs] [Times: user=0.20 sys=0.00, real=0.04 secs] 
5565.481: [GC (Allocation Failure) [PSYoungGen: 420566K->188245K(465920K)] 1582779K->1406978K(1864192K), 0.0599056 secs] [Times: user=0.29 sys=0.00, real=0.06 secs] 
5566.703: [GC (Allocation Failure) [PSYoungGen: 421205K->99452K(465920K)] 1639938K->1389029K(1864192K), 0.0457267 secs] [Times: user=0.24 sys=0.00, real=0.05 secs] 
5567.355: [GC (GCLocker Initiated GC) [PSYoungGen: 332412K->171668K(465920K)] 1621990K->1493083K(1864192K), 0.0832323 secs] [Times: user=0.40 sys=0.00, real=0.09 secs] 
5567.438: [Full GC (Ergonomics) [PSYoungGen: 171668K->0K(465920K)] [ParOldGen: 1321415K->196131K(1398272K)] 1493083K->196131K(1864192K), [Metaspace: 59612K->59612K(1105920K)], 0.2372683 secs] [Times: user=1.13 sys=0.00, real=0.23 secs] 
5567.784: [GC (Allocation Failure) [PSYoungGen: 232960K->182773K(465920K)] 429384K->379198K(1864192K), 0.0331703 secs] [Times: user=0.13 sys=0.01, real=0.04 secs] 
5567.928: [GC (Allocation Failure) [PSYoungGen: 415733K->185303K(465920K)] 612158K->445615K(1864192K), 0.0435811 secs] [Times: user=0.19 sys=0.00, real=0.04 secs] 
5568.913: [GC (Allocation Failure) [PSYoungGen: 418263K->168723K(401920K)] 678575K->487811K(1800192K), 0.0562663 secs] [Times: user=0.28 sys=0.00, real=0.06 secs] 
5569.779: [GC (Allocation Failure) [PSYoungGen: 401683K->109597K(463872K)] 720771K->493313K(1862144K), 0.0953721 secs] [Times: user=0.48 sys=0.01, real=0.09 secs] 
5570.499: [GC (Allocation Failure) [PSYoungGen: 336968K->173109K(464896K)] 720685K->591998K(1863168K), 0.0476709 secs] [Times: user=0.21 sys=0.00, real=0.05 secs] 
5570.715: [GC (Allocation Failure) [PSYoungGen: 405045K->184758K(464896K)] 823934K->657583K(1863168K), 0.0606136 secs] [Times: user=0.29 sys=0.01, real=0.06 secs] 
5570.904: [GC (Allocation Failure) [PSYoungGen: 417718K->187189K(465920K)] 890543K->716006K(1864192K), 0.0453928 secs] [Times: user=0.22 sys=0.00, real=0.05 secs] 
5572.057: [GC (Allocation Failure) [PSYoungGen: 420149K->99260K(465920K)] 948966K->698701K(1864192K), 0.0450346 secs] [Times: user=0.23 sys=0.00, real=0.05 secs] 
5572.681: [GC (Allocation Failure) [PSYoungGen: 332220K->175253K(465920K)] 931661K->806443K(1864192K), 0.0860012 secs] [Times: user=0.42 sys=0.00, real=0.08 secs] 
5572.944: [GC (Allocation Failure) [PSYoungGen: 408213K->185750K(465920K)] 1039403K->871992K(1864192K), 0.0436152 secs] [Times: user=0.19 sys=0.00, real=0.05 secs] 
5573.095: [GC (Allocation Failure) [PSYoungGen: 418710K->181942K(465920K)] 1104952K->932809K(1864192K), 0.0514593 secs] [Times: user=0.23 sys=0.00, real=0.05 secs] 
5574.108: [GC (Allocation Failure) [PSYoungGen: 414902K->169715K(465920K)] 1165769K->978141K(1864192K), 0.0553871 secs] [Times: user=0.28 sys=0.00, real=0.05 secs] 
5574.898: [GC (Allocation Failure) [PSYoungGen: 402675K->109389K(465920K)] 1211101K->982887K(1864192K), 0.1223132 secs] [Times: user=0.65 sys=0.00, real=0.12 secs] 
5575.505: [GC (Allocation Failure) [PSYoungGen: 342349K->180085K(465920K)] 1215847K->1088284K(1864192K), 0.0528914 secs] [Times: user=0.24 sys=0.00, real=0.06 secs] 
5575.684: [GC (Allocation Failure) [PSYoungGen: 413045K->182038K(465920K)] 1321244K->1153206K(1864192K), 0.0492563 secs] [Times: user=0.23 sys=0.01, real=0.05 secs] 
5575.839: [GC (Allocation Failure) [PSYoungGen: 414998K->187797K(465920K)] 1386166K->1216933K(1864192K), 0.0567710 secs] [Times: user=0.28 sys=0.00, real=0.05 secs] 
5576.981: [GC (Allocation Failure) [PSYoungGen: 420757K->98395K(465920K)] 1449893K->1198363K(1864192K), 0.0487886 secs] [Times: user=0.25 sys=0.01, real=0.05 secs] 
5577.991: [GC (Allocation Failure) [PSYoungGen: 331355K->172276K(465920K)] 1431323K->1303393K(1864192K), 0.0715662 secs] [Times: user=0.34 sys=0.01, real=0.07 secs] 
5578.268: [GC (Allocation Failure) [PSYoungGen: 405236K->185430K(465920K)] 1536353K->1370554K(1864192K), 0.0551874 secs] [Times: user=0.27 sys=0.00, real=0.05 secs] 
5578.434: [GC (Allocation Failure) [PSYoungGen: 409634K->177206K(465920K)] 1594758K->1426690K(1864192K), 0.0501196 secs] [Times: user=0.23 sys=0.00, real=0.05 secs] 
5579.473: [GC (Allocation Failure) [PSYoungGen: 410166K->168723K(401920K)] 1659650K->1474535K(1800192K), 0.0553949 secs] [Times: user=0.27 sys=0.00, real=0.06 secs] 
5580.025: [GC (Allocation Failure) [PSYoungGen: 401683K->110189K(462848K)] 1707495K->1480521K(1861120K), 0.0845176 secs] [Times: user=0.38 sys=0.00, real=0.09 secs] 
5580.110: [Full GC (Ergonomics) [PSYoungGen: 110189K->0K(462848K)] [ParOldGen: 1370332K->126894K(1398272K)] 1480521K->126894K(1861120K), [Metaspace: 59612K->59612K(1105920K)], 0.1625792 secs] [Times: user=0.63 sys=0.00, real=0.16 secs] 
5580.593: [GC (Allocation Failure) [PSYoungGen: 223956K->172661K(464384K)] 350850K->299555K(1862656K), 0.0285563 secs] [Times: user=0.10 sys=0.00, real=0.03 secs] 
5580.730: [GC (Allocation Failure) [PSYoungGen: 404085K->184790K(464384K)] 530979K->365788K(1862656K), 0.0407830 secs] [Times: user=0.18 sys=0.00, real=0.04 secs] 
5580.877: [GC (Allocation Failure) [PSYoungGen: 417750K->187477K(465920K)] 598748K->424340K(1864192K), 0.0448699 secs] [Times: user=0.21 sys=0.00, real=0.04 secs] 
5581.979: [GC (Allocation Failure) [PSYoungGen: 420437K->99100K(465920K)] 657300K->406490K(1864192K), 0.0436276 secs] [Times: user=0.23 sys=0.00, real=0.04 secs] 
5582.965: [GC (Allocation Failure) [PSYoungGen: 332060K->171636K(465920K)] 639450K->510624K(1864192K), 0.0838075 secs] [Times: user=0.40 sys=0.00, real=0.09 secs] 
5583.262: [GC (Allocation Failure) [PSYoungGen: 404596K->185462K(465920K)] 743584K->578554K(1864192K), 0.0494420 secs] [Times: user=0.23 sys=0.01, real=0.05 secs] 
5583.421: [GC (Allocation Failure) [PSYoungGen: 418422K->185239K(465920K)] 811514K->642707K(1864192K), 0.0497293 secs] [Times: user=0.23 sys=0.00, real=0.05 secs] 
5584.468: [GC (Allocation Failure) [PSYoungGen: 418199K->168883K(465920K)] 875667K->685214K(1864192K), 0.0537146 secs] [Times: user=0.27 sys=0.00, real=0.05 secs] 
5584.898: [GC (Allocation Failure) [PSYoungGen: 401843K->110013K(465920K)] 918174K->691009K(1864192K), 0.0853133 secs] [Times: user=0.45 sys=0.00, real=0.08 secs] 
5585.824: [GC (Allocation Failure) [PSYoungGen: 342823K->172949K(465920K)] 923819K->788781K(1864192K), 0.0548247 secs] [Times: user=0.25 sys=0.00, real=0.06 secs] 
5586.019: [GC (Allocation Failure) [PSYoungGen: 405909K->186102K(465920K)] 1021741K->855791K(1864192K), 0.0429048 secs] [Times: user=0.19 sys=0.00, real=0.04 secs] 
5586.164: [GC (Allocation Failure) [PSYoungGen: 419062K->187861K(465920K)] 1088751K->913998K(1864192K), 0.0460536 secs] [Times: user=0.22 sys=0.00, real=0.05 secs] 
5587.257: [GC (Allocation Failure) [PSYoungGen: 420821K->98844K(465920K)] 1146958K->895516K(1864192K), 0.0449058 secs] [Times: user=0.24 sys=0.00, real=0.04 secs] 
5587.907: [GC (Allocation Failure) [PSYoungGen: 331804K->175252K(465920K)] 1128476K->1003544K(1864192K), 0.0691503 secs] [Times: user=0.33 sys=0.00, real=0.06 secs] 
5588.126: [GC (Allocation Failure) [PSYoungGen: 408212K->185686K(465920K)] 1236504K->1067958K(1864192K), 0.0425448 secs] [Times: user=0.18 sys=0.01, real=0.05 secs] 
5588.276: [GC (Allocation Failure) [PSYoungGen: 418520K->184343K(465920K)] 1300792K->1131007K(1864192K), 0.0494696 secs] [Times: user=0.23 sys=0.00, real=0.05 secs] 
5589.274: [GC (Allocation Failure) [PSYoungGen: 417303K->168339K(465920K)] 1363967K->1173491K(1864192K), 0.0536208 secs] [Times: user=0.26 sys=0.01, real=0.06 secs] 
5589.573: [GC (GCLocker Initiated GC) [PSYoungGen: 401299K->104860K(465920K)] 1406451K->1174364K(1864192K), 0.0399754 secs] [Times: user=0.20 sys=0.00, real=0.04 secs] 
5589.935: [GC (Allocation Failure) [PSYoungGen: 337820K->177750K(465920K)] 1415647K->1288614K(1864192K), 0.1258119 secs] [Times: user=0.69 sys=0.00, real=0.13 secs] 
5590.191: [GC (Allocation Failure) [PSYoungGen: 410586K->185751K(465920K)] 1521450K->1353699K(1864192K), 0.1767978 secs] [Times: user=0.99 sys=0.00, real=0.18 secs] 
5590.474: [GC (Allocation Failure) [PSYoungGen: 418711K->187477K(465920K)] 1586659K->1414409K(1864192K), 0.1368476 secs] [Times: user=0.75 sys=0.00, real=0.14 secs] 
Heap
 PSYoungGen      total 465920K, used 369652K [0x00000000d5580000, 0x0000000100000000, 0x0000000100000000)
  eden space 232960K