5.723: [GC (Allocation Failure) [PSYoungGen: 128000K->12498K(148992K)] 128000K->12578K(488960K), 0.0122041 secs] [Times: user=0.02 sys=0.00, real=0.01 secs] 
6.139: [GC (Metadata GC Threshold) [PSYoungGen: 48894K->6103K(148992K)] 48974K->6199K(488960K), 0.0047173 secs] [Times: user=0.02 sys=0.00, real=0.01 secs] 
6.144: [Full GC (Metadata GC Threshold) [PSYoungGen: 6103K->0K(148992K)] [ParOldGen: 96K->5942K(134144K)] 6199K->5942K(283136K), [Metaspace: 20458K->20458K(1067008K)], 0.0205654 secs] [Times: user=0.07 sys=0.00, real=0.02 secs] 
7.187: [GC (Allocation Failure) [PSYoungGen: 128000K->9858K(148992K)] 133942K->15809K(283136K), 0.0028869 secs] [Times: user=0.01 sys=0.00, real=0.00 secs] 
7.682: [GC (Metadata GC Threshold) [PSYoungGen: 37947K->4644K(148992K)] 43897K->10602K(283136K), 0.0023614 secs] [Times: user=0.01 sys=0.00, real=0.01 secs] 
7.685: [Full GC (Metadata GC Threshold) [PSYoungGen: 4644K->0K(148992K)] [ParOldGen: 5958K->8880K(225280K)] 10602K->8880K(374272K), [Metaspace: 33716K->33716K(1079296K)], 0.0283290 secs] [Times: user=0.06 sys=0.00, real=0.03 secs] 
9.035: [GC (Allocation Failure) [PSYoungGen: 128000K->12820K(148992K)] 136880K->21708K(374272K), 0.0050988 secs] [Times: user=0.03 sys=0.00, real=0.00 secs] 
10.077: [GC (Allocation Failure) [PSYoungGen: 137195K->12264K(181760K)] 146083K->53929K(407040K), 0.0094167 secs] [Times: user=0.04 sys=0.01, real=0.01 secs] 
11.525: [GC (Allocation Failure) [PSYoungGen: 173689K->4631K(182784K)] 215353K->111839K(408064K), 0.0106237 secs] [Times: user=0.05 sys=0.01, real=0.01 secs] 
13.730: [GC (Allocation Failure) [PSYoungGen: 161901K->4615K(243200K)] 269109K->177359K(468480K), 0.0146636 secs] [Times: user=0.07 sys=0.02, real=0.02 secs] 
13.744: [Full GC (Ergonomics) [PSYoungGen: 4615K->0K(243200K)] [ParOldGen: 172744K->159632K(528896K)] 177359K->159632K(772096K), [Metaspace: 52245K->52245K(1097728K)], 0.1022090 secs] [Times: user=0.44 sys=0.00, real=0.10 secs] 
15.719: [GC (Allocation Failure) [PSYoungGen: 226304K->16895K(243200K)] 385936K->178244K(772096K), 0.0033136 secs] [Times: user=0.01 sys=0.00, real=0.00 secs] 
16.546: [GC (Allocation Failure) [PSYoungGen: 242247K->575K(284672K)] 403596K->227460K(813568K), 0.0076175 secs] [Times: user=0.04 sys=0.00, real=0.01 secs] 
19.026: [GC (Allocation Failure) [PSYoungGen: 265279K->1964K(285184K)] 492164K->228857K(814080K), 0.0031442 secs] [Times: user=0.01 sys=0.00, real=0.00 secs] 
21.289: [GC (Allocation Failure) [PSYoungGen: 266668K->1964K(316416K)] 493561K->228857K(845312K), 0.0029760 secs] [Times: user=0.01 sys=0.01, real=0.00 secs] 
24.897: [GC (Allocation Failure) [PSYoungGen: 304556K->18766K(323072K)] 531449K->245660K(851968K), 0.0059598 secs] [Times: user=0.02 sys=0.01, real=0.01 secs] 
27.120: [GC (Allocation Failure) [PSYoungGen: 321358K->18524K(359936K)] 548252K->245425K(888832K), 0.0036597 secs] [Times: user=0.01 sys=0.00, real=0.01 secs] 
30.416: [GC (Allocation Failure) [PSYoungGen: 355420K->18508K(362496K)] 582321K->245409K(891392K), 0.0037998 secs] [Times: user=0.02 sys=0.00, real=0.00 secs] 
35.408: [GC (Allocation Failure) [PSYoungGen: 355404K->18524K(390144K)] 582305K->245425K(919040K), 0.0037411 secs] [Times: user=0.01 sys=0.00, real=0.00 secs] 
39.635: [GC (Allocation Failure) [PSYoungGen: 383580K->2159K(393728K)] 610481K->229068K(922624K), 0.0023258 secs] [Times: user=0.01 sys=0.00, real=0.00 secs] 
44.551: [GC (Allocation Failure) [PSYoungGen: 367215K->2159K(404480K)] 594124K->229076K(933376K), 0.0018579 secs] [Times: user=0.01 sys=0.00, real=0.01 secs] 
48.011: [GC (Allocation Failure) [PSYoungGen: 381551K->2191K(407552K)] 608468K->229108K(936448K), 0.0021406 secs] [Times: user=0.01 sys=0.00, real=0.01 secs] 
52.066: [GC (Allocation Failure) [PSYoungGen: 381583K->2143K(420864K)] 608500K->294604K(949760K), 0.0098612 secs] [Times: user=0.05 sys=0.00, real=0.01 secs] 
56.359: [GC (Allocation Failure) [PSYoungGen: 395359K->18495K(419840K)] 687820K->310964K(948736K), 0.0044018 secs] [Times: user=0.02 sys=0.00, real=0.01 secs] 
61.867: [GC (Allocation Failure) [PSYoungGen: 411711K->2127K(432128K)] 704180K->294604K(961024K), 0.0035298 secs] [Times: user=0.01 sys=0.00, real=0.00 secs] 
67.835: [GC (Allocation Failure) [PSYoungGen: 408655K->2159K(434688K)] 701132K->294636K(963584K), 0.0027683 secs] [Times: user=0.01 sys=0.00, real=0.00 secs] 
73.214: [GC (Allocation Failure) [PSYoungGen: 408687K->18125K(443392K)] 701164K->311077K(972288K), 0.0062246 secs] [Times: user=0.03 sys=0.01, real=0.00 secs] 
77.430: [GC (Allocation Failure) [PSYoungGen: 434381K->1725K(445440K)] 727333K->294717K(974336K), 0.0021740 secs] [Times: user=0.01 sys=0.00, real=0.00 secs] 
81.386: [GC (Allocation Failure) [PSYoungGen: 417981K->18064K(422912K)] 710973K->311141K(951808K), 0.0083625 secs] [Times: user=0.03 sys=0.00, real=0.01 secs] 
86.224: [GC (Allocation Failure) [PSYoungGen: 422544K->1648K(395264K)] 715621K->294757K(924160K), 0.0033915 secs] [Times: user=0.01 sys=0.00, real=0.00 secs] 
89.048: [GC (Allocation Failure) [PSYoungGen: 394864K->1504K(396800K)] 687973K->294805K(925696K), 0.0021998 secs] [Times: user=0.01 sys=0.00, real=0.00 secs] 
96.687: [GC (Allocation Failure) [PSYoungGen: 383968K->17872K(390144K)] 677269K->311213K(919040K), 0.0029873 secs] [Times: user=0.01 sys=0.00, real=0.00 secs] 
101.717: [GC (Allocation Failure) [PSYoungGen: 390096K->1488K(379904K)] 683437K->294853K(908800K), 0.0020753 secs] [Times: user=0.01 sys=0.00, real=0.00 secs] 
106.456: [GC (Allocation Failure) [PSYoungGen: 363472K->1488K(353792K)] 656837K->294901K(882688K), 0.0030304 secs] [Times: user=0.01 sys=0.00, real=0.00 secs] 
109.320: [GC (Allocation Failure) [PSYoungGen: 353744K->352K(359936K)] 647157K->293813K(888832K), 0.0019635 secs] [Times: user=0.00 sys=0.00, real=0.00 secs] 
114.121: [GC (Allocation Failure) [PSYoungGen: 343392K->9696K(344064K)] 636853K->303181K(872960K), 0.0021662 secs] [Times: user=0.01 sys=0.00, real=0.01 secs] 
118.012: [GC (Allocation Failure) [PSYoungGen: 344032K->17888K(347648K)] 637517K->311381K(876544K), 0.0029305 secs] [Times: user=0.01 sys=0.00, real=0.01 secs] 
120.683: [GC (Allocation Failure) [PSYoungGen: 343520K->1440K(318976K)] 637013K->294965K(847872K), 0.0033118 secs] [Times: user=0.01 sys=0.00, real=0.00 secs] 
122.993: [GC (Allocation Failure) [PSYoungGen: 318880K->1440K(327680K)] 612405K->295013K(856576K), 0.0019680 secs] [Times: user=0.01 sys=0.00, real=0.01 secs] 
127.028: [GC (Allocation Failure) [PSYoungGen: 311200K->1440K(303616K)] 604773K->295037K(832512K), 0.0035213 secs] [Times: user=0.01 sys=0.00, real=0.00 secs] 
131.119: [GC (Allocation Failure) [PSYoungGen: 303520K->1408K(311296K)] 597117K->295053K(840192K), 0.0029101 secs] [Times: user=0.01 sys=0.00, real=0.00 secs] 
134.058: [GC (Allocation Failure) [PSYoungGen: 296320K->1440K(289280K)] 589965K->295109K(818176K), 0.0024292 secs] [Times: user=0.01 sys=0.00, real=0.00 secs] 
136.138: [GC (Allocation Failure) [PSYoungGen: 289184K->1440K(294912K)] 582853K->295117K(823808K), 0.0021310 secs] [Times: user=0.01 sys=0.00, real=0.00 secs] 
138.055: [GC (Allocation Failure) [PSYoungGen: 282528K->1424K(275968K)] 576205K->295117K(804864K), 0.0022172 secs] [Times: user=0.01 sys=0.00, real=0.00 secs] 
140.790: [GC (Allocation Failure) [PSYoungGen: 275856K->17856K(289280K)] 569549K->311565K(818176K), 0.0032207 secs] [Times: user=0.01 sys=0.00, real=0.01 secs] 
145.807: [GC (Allocation Failure) [PSYoungGen: 286144K->17856K(280064K)] 579853K->311589K(808960K), 0.0047264 secs] [Times: user=0.03 sys=0.00, real=0.00 secs] 
148.502: [GC (Allocation Failure) [PSYoungGen: 280000K->9664K(275968K)] 573733K->303437K(804864K), 0.0023604 secs] [Times: user=0.01 sys=0.00, real=0.01 secs] 
151.295: [GC (Allocation Failure) [PSYoungGen: 266176K->3520K(254464K)] 559949K->297293K(783360K), 0.0030390 secs] [Times: user=0.01 sys=0.00, real=0.00 secs] 
154.794: [GC (Allocation Failure) [PSYoungGen: 254400K->1408K(263168K)] 548173K->295181K(792064K), 0.0047646 secs] [Times: user=0.02 sys=0.00, real=0.00 secs] 
157.891: [GC (Allocation Failure) [PSYoungGen: 246656K->1440K(241664K)] 540429K->295229K(770560K), 0.0035481 secs] [Times: user=0.01 sys=0.01, real=0.01 secs] 
161.205: [GC (Allocation Failure) [PSYoungGen: 241568K->1408K(250880K)] 535357K->295213K(779776K), 0.0027759 secs] [Times: user=0.02 sys=0.00, real=0.00 secs] 
165.535: [GC (Allocation Failure) [PSYoungGen: 236416K->17856K(247808K)] 530221K->311669K(776704K), 0.0060679 secs] [Times: user=0.03 sys=0.00, real=0.00 secs] 
168.843: [GC (Allocation Failure) [PSYoungGen: 247744K->5536K(242688K)] 541557K->299365K(771584K), 0.0029732 secs] [Times: user=0.01 sys=0.00, real=0.00 secs] 
171.127: [GC (Allocation Failure) [PSYoungGen: 230816K->1408K(222208K)] 524645K->295245K(751104K), 0.0031158 secs] [Times: user=0.01 sys=0.00, real=0.00 secs] 
173.107: [GC (Allocation Failure) [PSYoungGen: 222080K->1440K(232960K)] 515917K->295301K(761856K), 0.0020387 secs] [Times: user=0.01 sys=0.00, real=0.00 secs] 
175.549: [GC (Allocation Failure) [PSYoungGen: 217504K->17824K(229888K)] 511365K->311717K(758784K), 0.0033376 secs] [Times: user=0.02 sys=0.00, real=0.00 secs] 
178.738: [GC (Allocation Failure) [PSYoungGen: 229789K->1424K(227328K)] 523683K->295333K(756224K), 0.0016253 secs] [Times: user=0.01 sys=0.00, real=0.00 secs] 
179.733: [GC (Allocation Failure) [PSYoungGen: 209296K->1408K(205312K)] 503205K->295333K(734208K), 0.0021710 secs] [Times: user=0.01 sys=0.00, real=0.00 secs] 
181.669: [GC (Allocation Failure) [PSYoungGen: 205184K->17856K(223232K)] 499109K->311797K(752128K), 0.0023626 secs] [Times: user=0.01 sys=0.00, real=0.00 secs] 
183.631: [GC (Allocation Failure) [PSYoungGen: 218048K->3488K(200192K)] 511989K->297437K(729088K), 0.0024988 secs] [Times: user=0.01 sys=0.00, real=0.01 secs] 
184.659: [GC (Allocation Failure) [PSYoungGen: 200096K->1392K(211968K)] 494045K->295341K(740864K), 0.0020126 secs] [Times: user=0.01 sys=0.00, real=0.00 secs] 
186.649: [GC (Allocation Failure) [PSYoungGen: 194416K->17824K(207360K)] 488365K->311781K(736256K), 0.0024137 secs] [Times: user=0.01 sys=0.01, real=0.00 secs] 
188.180: [GC (Allocation Failure) [PSYoungGen: 207264K->1376K(207360K)] 501221K->295341K(736256K), 0.0016289 secs] [Times: user=0.00 sys=0.00, real=0.00 secs] 
188.975: [GC (Allocation Failure) [PSYoungGen: 187232K->1408K(184320K)] 481197K->295373K(713216K), 0.0021741 secs] [Times: user=0.01 sys=0.00, real=0.00 secs] 
190.826: [GC (Allocation Failure) [PSYoungGen: 176688K->9648K(200192K)] 470654K->303629K(729088K), 0.0025815 secs] [Times: user=0.01 sys=0.00, real=0.00 secs] 
192.275: [GC (Allocation Failure) [PSYoungGen: 189360K->1408K(178176K)] 483341K->295389K(707072K), 0.0026365 secs] [Times: user=0.01 sys=0.00, real=0.00 secs] 
195.305: [GC (Allocation Failure) [PSYoungGen: 178048K->17840K(196608K)] 472029K->311829K(725504K), 0.0043433 secs] [Times: user=0.01 sys=0.00, real=0.00 secs] 
197.323: [GC (Allocation Failure) [PSYoungGen: 191408K->368K(171008K)] 485397K->294365K(699904K), 0.0032678 secs] [Times: user=0.01 sys=0.00, real=0.01 secs] 
200.319: [GC (Allocation Failure) [PSYoungGen: 170864K->1456K(188416K)] 464861K->295453K(717312K), 0.0035165 secs] [Times: user=0.02 sys=0.00, real=0.00 secs] 
203.051: [GC (Allocation Failure) [PSYoungGen: 167071K->5536K(171008K)] 461069K->299549K(699904K), 0.0045460 secs] [Times: user=0.02 sys=0.01, real=0.01 secs] 
203.901: [GC (Allocation Failure) [PSYoungGen: 170912K->1408K(180736K)] 464925K->295429K(709632K), 0.0021005 secs] [Times: user=0.00 sys=0.00, real=0.01 secs] 
205.686: [GC (Allocation Failure) [PSYoungGen: 164224K->9632K(169984K)] 458245K->303653K(698880K), 0.0019820 secs] [Times: user=0.01 sys=0.00, real=0.00 secs] 
206.317: [GC (Allocation Failure) [PSYoungGen: 169888K->1376K(175616K)] 463909K->295397K(704512K), 0.0021232 secs] [Times: user=0.01 sys=0.00, real=0.00 secs] 
207.952: [GC (Allocation Failure) [PSYoungGen: 159072K->17824K(176128K)] 453093K->311845K(705024K), 0.0034174 secs] [Times: user=0.02 sys=0.00, real=0.01 secs] 
208.927: [GC (Allocation Failure) [PSYoungGen: 172960K->1440K(172032K)] 466981K->295461K(700928K), 0.0022517 secs] [Times: user=0.00 sys=0.00, real=0.00 secs] 
210.657: [GC (Allocation Failure) [PSYoungGen: 154016K->17856K(173568K)] 448037K->311877K(702464K), 0.0032030 secs] [Times: user=0.01 sys=0.00, real=0.00 secs] 
211.288: [GC (Allocation Failure) [PSYoungGen: 168384K->1408K(171008K)] 462405K->295437K(699904K), 0.0021388 secs] [Times: user=0.01 sys=0.00, real=0.00 secs] 
213.033: [GC (Allocation Failure) [PSYoungGen: 149888K->17824K(171520K)] 443917K->311869K(700416K), 0.0027178 secs] [Times: user=0.01 sys=0.00, real=0.00 secs] 
213.672: [GC (Allocation Failure) [PSYoungGen: 164256K->1376K(168448K)] 458301K->295421K(697344K), 0.0022614 secs] [Times: user=0.01 sys=0.00, real=0.01 secs] 
215.697: [GC (Allocation Failure) [PSYoungGen: 145760K->17856K(168960K)] 439805K->311917K(697856K), 0.0062573 secs] [Times: user=0.02 sys=0.00, real=0.01 secs] 
216.734: [GC (Allocation Failure) [PSYoungGen: 160192K->1376K(164864K)] 454253K->295437K(693760K), 0.0025481 secs] [Times: user=0.01 sys=0.00, real=0.00 secs] 
218.632: [GC (Allocation Failure) [PSYoungGen: 141664K->17824K(156160K)] 435725K->311901K(685056K), 0.0024416 secs] [Times: user=0.01 sys=0.00, real=0.01 secs] 
219.207: [GC (Allocation Failure) [PSYoungGen: 156064K->1376K(162304K)] 450141K->295453K(691200K), 0.0021632 secs] [Times: user=0.00 sys=0.00, real=0.00 secs] 
221.115: [GC (Allocation Failure) [PSYoungGen: 137568K->9664K(143872K)] 431645K->303749K(672768K), 0.0024135 secs] [Times: user=0.01 sys=0.00, real=0.00 secs] 
222.177: [GC (Allocation Failure) [PSYoungGen: 143808K->1408K(156160K)] 437893K->295509K(685056K), 0.0025248 secs] [Times: user=0.00 sys=0.00, real=0.00 secs] 
224.444: [GC (Allocation Failure) [PSYoungGen: 133504K->3520K(134144K)] 427605K->297629K(663040K), 0.0020874 secs] [Times: user=0.00 sys=0.00, real=0.00 secs] 
226.444: [GC (Allocation Failure) [PSYoungGen: 134080K->1376K(151552K)] 428189K->295493K(680448K), 0.0035476 secs] [Times: user=0.01 sys=0.00, real=0.00 secs] 
227.912: [GC (Allocation Failure) [PSYoungGen: 130400K->1408K(129024K)] 424517K->295525K(657920K), 0.0034913 secs] [Times: user=0.02 sys=0.00, real=0.01 secs] 
231.245: [GC (Allocation Failure) [PSYoungGen: 128896K->17824K(148480K)] 423013K->311949K(677376K), 0.0024770 secs] [Times: user=0.02 sys=0.00, real=0.00 secs] 
231.836: [GC (Allocation Failure) [PSYoungGen: 142752K->1392K(124928K)] 436877K->295517K(653824K), 0.0020569 secs] [Times: user=0.01 sys=0.00, real=0.00 secs] 
233.354: [GC (Allocation Failure) [PSYoungGen: 124784K->9664K(144384K)] 418909K->303797K(673280K), 0.0020976 secs] [Times: user=0.01 sys=0.00, real=0.00 secs] 
233.983: [GC (Allocation Failure) [PSYoungGen: 131520K->1408K(121856K)] 425653K->295541K(650752K), 0.0019806 secs] [Times: user=0.01 sys=0.00, real=0.00 secs] 
236.251: [GC (Allocation Failure) [PSYoungGen: 121728K->1456K(139776K)] 415861K->295597K(668672K), 0.0016508 secs] [Times: user=0.00 sys=0.01, real=0.01 secs] 
236.725: [GC (Allocation Failure) [PSYoungGen: 120240K->17824K(140288K)] 414381K->311965K(669184K), 0.0026243 secs] [Times: user=0.01 sys=0.00, real=0.00 secs] 
237.612: [GC (Allocation Failure) [PSYoungGen: 135072K->1392K(137728K)] 429213K->295533K(666624K), 0.0021274 secs] [Times: user=0.01 sys=0.00, real=0.01 secs] 
239.431: [GC (Allocation Failure) [PSYoungGen: 117104K->9600K(123904K)] 411245K->303741K(652800K), 0.0039078 secs] [Times: user=0.01 sys=0.00, real=0.01 secs] 
240.720: [GC (Allocation Failure) [PSYoungGen: 123776K->1408K(134144K)] 417917K->295549K(663040K), 0.0029696 secs] [Times: user=0.02 sys=0.00, real=0.01 secs] 
241.782: [GC (Allocation Failure) [PSYoungGen: 114048K->1424K(113152K)] 408189K->295565K(642048K), 0.0030118 secs] [Times: user=0.01 sys=0.00, real=0.01 secs] 
243.919: [GC (Allocation Failure) [PSYoungGen: 113040K->17824K(131584K)] 407181K->311965K(660480K), 0.0043743 secs] [Times: user=0.02 sys=0.00, real=0.01 secs] 
245.445: [GC (Allocation Failure) [PSYoungGen: 126880K->1408K(109568K)] 421021K->295549K(638464K), 0.0035018 secs] [Times: user=0.02 sys=0.00, real=0.00 secs] 
247.089: [GC (Allocation Failure) [PSYoungGen: 109440K->3488K(127488K)] 403581K->297653K(656384K), 0.0018966 secs] [Times: user=0.00 sys=0.01, real=0.00 secs] 
247.474: [GC (Allocation Failure) [PSYoungGen: 110496K->17792K(129024K)] 404661K->311957K(657920K), 0.0023510 secs] [Times: user=0.01 sys=0.00, real=0.00 secs] 
247.952: [GC (Allocation Failure) [PSYoungGen: 123776K->1408K(128512K)] 417941K->295573K(657408K), 0.0019710 secs] [Times: user=0.01 sys=0.00, real=0.01 secs] 
249.231: [GC (Allocation Failure) [PSYoungGen: 104718K->5520K(109568K)] 398883K->299701K(638464K), 0.0021578 secs] [Times: user=0.01 sys=0.00, real=0.01 secs] 
249.800: [GC (Allocation Failure) [PSYoungGen: 109456K->1440K(123392K)] 403637K->295621K(652288K), 0.0021284 secs] [Times: user=0.01 sys=0.00, real=0.00 secs] 
250.277: [GC (Allocation Failure) [PSYoungGen: 104352K->1376K(103424K)] 398533K->295573K(632320K), 0.0023806 secs] [Times: user=0.01 sys=0.00, real=0.00 secs] 
251.967: [GC (Allocation Failure) [PSYoungGen: 103264K->9600K(121344K)] 397461K->303805K(650240K), 0.0025692 secs] [Times: user=0.01 sys=0.00, real=0.00 secs] 
252.726: [GC (Allocation Failure) [PSYoungGen: 110464K->1408K(101376K)] 404669K->295613K(630272K), 0.0022531 secs] [Times: user=0.01 sys=0.00, real=0.00 secs] 
253.130: [GC (Allocation Failure) [PSYoungGen: 101248K->1408K(116736K)] 395453K->295613K(645632K), 0.0022539 secs] [Times: user=0.01 sys=0.00, real=0.00 secs] 
254.351: [GC (Allocation Failure) [PSYoungGen: 100224K->9632K(107520K)] 394429K->303837K(636416K), 0.0021371 secs] [Times: user=0.01 sys=0.00, real=0.01 secs] 
255.104: [GC (Allocation Failure) [PSYoungGen: 107424K->1376K(114176K)] 401629K->295581K(643072K), 0.0021732 secs] [Times: user=0.01 sys=0.00, real=0.00 secs] 
255.842: [GC (Allocation Failure) [PSYoungGen: 98144K->1408K(97280K)] 392349K->295613K(626176K), 0.0021532 secs] [Times: user=0.00 sys=0.00, real=0.01 secs] 
257.618: [GC (Allocation Failure) [PSYoungGen: 97152K->9664K(112640K)] 391357K->303869K(641536K), 0.0025712 secs] [Times: user=0.01 sys=0.00, real=0.00 secs] 
258.872: [GC (Allocation Failure) [PSYoungGen: 104384K->1424K(95232K)] 398589K->295653K(624128K), 0.0029081 secs] [Times: user=0.01 sys=0.00, real=0.01 secs] 
259.976: [GC (Allocation Failure) [PSYoungGen: 95120K->1376K(109056K)] 389349K->295613K(637952K), 0.0029435 secs] [Times: user=0.00 sys=0.01, real=0.00 secs] 
261.656: [GC (Allocation Failure) [PSYoungGen: 94048K->5536K(97280K)] 388285K->299781K(626176K), 0.0034781 secs] [Times: user=0.01 sys=0.00, real=0.00 secs] 
262.482: [GC (Allocation Failure) [PSYoungGen: 97184K->9632K(107520K)] 391429K->312077K(636416K), 0.0053428 secs] [Times: user=0.03 sys=0.00, real=0.01 secs] 
263.270: [GC (Allocation Failure) [PSYoungGen: 100256K->1408K(91136K)] 402701K->303853K(620032K), 0.0026422 secs] [Times: user=0.01 sys=0.00, real=0.00 secs] 
263.992: [GC (Allocation Failure) [PSYoungGen: 91008K->1408K(104448K)] 393453K->303861K(633344K), 0.0024303 secs] [Times: user=0.01 sys=0.00, real=0.01 secs] 
265.141: [GC (Allocation Failure) [PSYoungGen: 90496K->9632K(104960K)] 392949K->320277K(633856K), 0.0025700 secs] [Times: user=0.01 sys=0.00, real=0.01 secs] 
265.553: [GC (Allocation Failure) [PSYoungGen: 98208K->1408K(103424K)] 408853K->312053K(632320K), 0.0019881 secs] [Times: user=0.00 sys=0.00, real=0.00 secs] 
265.919: [GC (Allocation Failure) [PSYoungGen: 89472K->1376K(89088K)] 400117K->312037K(617984K), 0.0018489 secs] [Times: user=0.00 sys=0.00, real=0.00 secs] 
267.938: [GC (Allocation Failure) [PSYoungGen: 88928K->9632K(102400K)] 399589K->320309K(631296K), 0.0039412 secs] [Times: user=0.01 sys=0.01, real=0.00 secs] 
268.833: [GC (Allocation Failure) [PSYoungGen: 96160K->1424K(87552K)] 406837K->312101K(616448K), 0.0028943 secs] [Times: user=0.01 sys=0.00, real=0.00 secs] 
269.379: [GC (Allocation Failure) [PSYoungGen: 87440K->1408K(99840K)] 398117K->312085K(628736K), 0.0022473 secs] [Times: user=0.01 sys=0.00, real=0.00 secs] 
270.790: [GC (Allocation Failure) [PSYoungGen: 86912K->2448K(87552K)] 397589K->313125K(616448K), 0.0029614 secs] [Times: user=0.01 sys=0.00, real=0.01 secs] 
272.938: [GC (Allocation Failure) [PSYoungGen: 87440K->9600K(98816K)] 398117K->328469K(627712K), 0.0082437 secs] [Times: user=0.04 sys=0.00, real=0.01 secs] 
273.991: [GC (Allocation Failure) [PSYoungGen: 93568K->1424K(84992K)] 412437K->320293K(613888K), 0.0032361 secs] [Times: user=0.01 sys=0.00, real=0.01 secs] 
274.762: [GC (Allocation Failure) [PSYoungGen: 84880K->1408K(95744K)] 403749K->320277K(624640K), 0.0036069 secs] [Times: user=0.01 sys=0.00, real=0.01 secs] 
275.947: [GC (Allocation Failure) [PSYoungGen: 84352K->9664K(96768K)] 403221K->328533K(625664K), 0.0018138 secs] [Times: user=0.01 sys=0.00, real=0.00 secs] 
276.306: [GC (Allocation Failure) [PSYoungGen: 92096K->1408K(95232K)] 410965K->320285K(624128K), 0.0019499 secs] [Times: user=0.01 sys=0.00, real=0.00 secs] 
276.661: [GC (Allocation Failure) [PSYoungGen: 83328K->1408K(82944K)] 402205K->320293K(611840K), 0.0019381 secs] [Times: user=0.01 sys=0.00, real=0.01 secs] 
277.007: [GC (Allocation Failure) [PSYoungGen: 82816K->1408K(93696K)] 401701K->320293K(622592K), 0.0019131 secs] [Times: user=0.01 sys=0.00, real=0.00 secs] 
278.429: [GC (Allocation Failure) [PSYoungGen: 82304K->9664K(94208K)] 401189K->336749K(623104K), 0.0073172 secs] [Times: user=0.03 sys=0.01, real=0.01 secs] 
279.093: [GC (Allocation Failure) [PSYoungGen: 90048K->1408K(92672K)] 417133K->328493K(621568K), 0.0031534 secs] [Times: user=0.02 sys=0.00, real=0.00 secs] 
279.796: [GC (Allocation Failure) [PSYoungGen: 81280K->1376K(80896K)] 408365K->328461K(609792K), 0.0027598 secs] [Times: user=0.01 sys=0.00, real=0.00 secs] 
281.699: [GC (Allocation Failure) [PSYoungGen: 80736K->3520K(90112K)] 407821K->330613K(619008K), 0.0023715 secs] [Times: user=0.01 sys=0.00, real=0.00 secs] 
282.157: [GC (Allocation Failure) [PSYoungGen: 82368K->9600K(91136K)] 409461K->344885K(620032K), 0.0049264 secs] [Times: user=0.02 sys=0.00, real=0.00 secs] 
282.749: [GC (Allocation Failure) [PSYoungGen: 87936K->1344K(90624K)] 423221K->336629K(619520K), 0.0038007 secs] [Times: user=0.02 sys=0.00, real=0.01 secs] 
283.376: [GC (Allocation Failure) [PSYoungGen: 79168K->1344K(78848K)] 414453K->336629K(607744K), 0.0026017 secs] [Times: user=0.01 sys=0.00, real=0.00 secs] 
284.627: [GC (Allocation Failure) [PSYoungGen: 78656K->5568K(88576K)] 413941K->340861K(617472K), 0.0026090 secs] [Times: user=0.01 sys=0.00, real=0.00 secs] 
285.183: [GC (Allocation Failure) [PSYoungGen: 82368K->9600K(89088K)] 417661K->353101K(617984K), 0.0054279 secs] [Times: user=0.02 sys=0.01, real=0.00 secs] 
285.812: [GC (Allocation Failure) [PSYoungGen: 85888K->1392K(88576K)] 429389K->344893K(617472K), 0.0024437 secs] [Times: user=0.01 sys=0.00, real=0.01 secs] 
286.429: [GC (Allocation Failure) [PSYoungGen: 77168K->1344K(76800K)] 420669K->344845K(605696K), 0.0025938 secs] [Times: user=0.01 sys=0.00, real=0.00 secs] 
288.154: [GC (Allocation Failure) [PSYoungGen: 76608K->9632K(87552K)] 420109K->353149K(616448K), 0.0048946 secs] [Times: user=0.02 sys=0.00, real=0.00 secs] 
289.020: [GC (Allocation Failure) [PSYoungGen: 83872K->9632K(88064K)] 427389K->361349K(616960K), 0.0068288 secs] [Times: user=0.02 sys=0.01, real=0.01 secs] 
289.610: [GC (Allocation Failure) [PSYoungGen: 83360K->1408K(87040K)] 435077K->353125K(615936K), 0.0027430 secs] [Times: user=0.01 sys=0.00, real=0.00 secs] 
290.403: [GC (Allocation Failure) [PSYoungGen: 74624K->1360K(74240K)] 426341K->353077K(603136K), 0.0022747 secs] [Times: user=0.01 sys=0.00, real=0.00 secs] 
291.988: [GC (Allocation Failure) [PSYoungGen: 73421K->5568K(85504K)] 425138K->357293K(614400K), 0.0024627 secs] [Times: user=0.01 sys=0.00, real=0.00 secs] 
292.715: [GC (Allocation Failure) [PSYoungGen: 77760K->9600K(86016K)] 429485K->369517K(614912K), 0.0032899 secs] [Times: user=0.01 sys=0.00, real=0.00 secs] 
293.380: [GC (Allocation Failure) [PSYoungGen: 81280K->1376K(85504K)] 441197K->361293K(614400K), 0.0022537 secs] [Times: user=0.01 sys=0.00, real=0.00 secs] 
294.149: [GC (Allocation Failure) [PSYoungGen: 72544K->1344K(72192K)] 432461K->361285K(601088K), 0.0023417 secs] [Times: user=0.00 sys=0.00, real=0.00 secs] 
295.579: [GC (Allocation Failure) [PSYoungGen: 72000K->5568K(82944K)] 431941K->365518K(611840K), 0.0021850 secs] [Times: user=0.01 sys=0.00, real=0.00 secs] 
295.891: [GC (Allocation Failure) [PSYoungGen: 75712K->9536K(83456K)] 435662K->377694K(612352K), 0.0055015 secs] [Times: user=0.02 sys=0.00, real=0.01 secs] 
296.216: [GC (Allocation Failure) [PSYoungGen: 79168K->1376K(82432K)] 447326K->369533K(611328K), 0.0032978 secs] [Times: user=0.02 sys=0.00, real=0.00 secs] 
296.509: [GC (Allocation Failure) [PSYoungGen: 70496K->1344K(70144K)] 438653K->369501K(599040K), 0.0029480 secs] [Times: user=0.01 sys=0.00, real=0.00 secs] 
297.633: [GC (Allocation Failure) [PSYoungGen: 69952K->192K(81408K)] 438109K->368349K(610304K), 0.0017799 secs] [Times: user=0.01 sys=0.00, real=0.00 secs] 
298.003: [GC (Allocation Failure) [PSYoungGen: 64386K->9632K(81408K)] 432544K->377790K(610304K), 0.0027987 secs] [Times: user=0.01 sys=0.00, real=0.00 secs] 
298.402: [GC (Allocation Failure) [PSYoungGen: 77216K->1344K(80384K)] 445374K->369501K(609280K), 0.0022717 secs] [Times: user=0.01 sys=0.00, real=0.01 secs] 
298.881: [GC (Allocation Failure) [PSYoungGen: 68416K->1376K(68096K)] 436573K->369549K(596992K), 0.0023332 secs] [Times: user=0.00 sys=0.00, real=0.01 secs] 
299.417: [GC (Allocation Failure) [PSYoungGen: 67936K->1360K(78336K)] 436109K->369534K(607232K), 0.0022584 secs] [Times: user=0.00 sys=0.00, real=0.00 secs] 
300.502: [GC (Allocation Failure) [PSYoungGen: 67408K->5504K(71168K)] 435582K->373678K(600064K), 0.0022539 secs] [Times: user=0.01 sys=0.00, real=0.01 secs] 
300.746: [GC (Allocation Failure) [PSYoungGen: 71040K->9632K(77824K)] 439214K->385998K(606720K), 0.0032787 secs] [Times: user=0.02 sys=0.00, real=0.00 secs] 
301.015: [GC (Allocation Failure) [PSYoungGen: 74144K->1344K(65536K)] 450510K->377726K(594432K), 0.0021768 secs] [Times: user=0.01 sys=0.00, real=0.00 secs] 
301.472: [GC (Allocation Failure) [PSYoungGen: 65344K->1392K(75776K)] 441726K->377790K(604672K), 0.0023592 secs] [Times: user=0.01 sys=0.01, real=0.01 secs] 
302.052: [GC (Allocation Failure) [PSYoungGen: 64880K->1376K(64512K)] 441278K->377774K(593408K), 0.0019531 secs] [Times: user=0.01 sys=0.00, real=0.01 secs] 
303.770: [GC (Allocation Failure) [PSYoungGen: 64352K->9600K(74240K)] 440750K->385998K(603136K), 0.0033863 secs] [Times: user=0.02 sys=0.00, real=0.01 secs] 
304.222: [GC (Allocation Failure) [PSYoungGen: 71040K->9632K(75264K)] 447438K->394222K(604160K), 0.0057319 secs] [Times: user=0.03 sys=0.00, real=0.01 secs] 
304.740: [GC (Allocation Failure) [PSYoungGen: 70560K->1408K(75264K)] 455150K->385998K(604160K), 0.0029157 secs] [Times: user=0.01 sys=0.00, real=0.01 secs] 
305.357: [GC (Allocation Failure) [PSYoungGen: 62336K->1328K(62464K)] 446926K->385926K(591360K), 0.0025442 secs] [Times: user=0.01 sys=0.00, real=0.00 secs] 
306.680: [GC (Allocation Failure) [PSYoungGen: 62256K->1472K(74240K)] 446854K->386070K(603136K), 0.0018121 secs] [Times: user=0.00 sys=0.00, real=0.00 secs] 
306.902: [GC (Allocation Failure) [PSYoungGen: 62400K->9600K(74752K)] 446998K->394198K(603648K), 0.0028008 secs] [Times: user=0.01 sys=0.01, real=0.01 secs] 
307.206: [GC (Allocation Failure) [PSYoungGen: 70528K->9616K(74752K)] 455126K->402406K(603648K), 0.0036533 secs] [Times: user=0.02 sys=0.00, real=0.00 secs] 
307.490: [GC (Allocation Failure) [PSYoungGen: 69520K->1392K(61440K)] 462310K->394182K(590336K), 0.0023582 secs] [Times: user=0.01 sys=0.00, real=0.00 secs] 
307.745: [GC (Allocation Failure) [PSYoungGen: 61296K->1360K(74240K)] 454086K->394150K(603136K), 0.0019701 secs] [Times: user=0.00 sys=0.00, real=0.00 secs] 
308.732: [GC (Allocation Failure) [PSYoungGen: 61264K->1952K(61952K)] 454054K->394742K(590848K), 0.0020150 secs] [Times: user=0.01 sys=0.00, real=0.01 secs] 
309.211: [GC (Allocation Failure) [PSYoungGen: 60615K->9536K(73216K)] 453405K->402334K(602112K), 0.0023414 secs] [Times: user=0.01 sys=0.00, real=0.01 secs] 
309.909: [GC (Allocation Failure) [PSYoungGen: 68416K->9600K(74240K)] 461214K->410590K(603136K), 0.0054078 secs] [Times: user=0.03 sys=0.00, real=0.01 secs] 
310.719: [GC (Allocation Failure) [PSYoungGen: 68480K->1392K(73728K)] 469470K->402382K(602624K), 0.0042681 secs] [Times: user=0.02 sys=0.00, real=0.01 secs] 
311.394: [GC (Allocation Failure) [PSYoungGen: 60272K->1344K(74240K)] 461262K->402334K(603136K), 0.0033469 secs] [Times: user=0.02 sys=0.00, real=0.00 secs] 
312.554: [GC (Allocation Failure) [PSYoungGen: 60224K->1376K(72192K)] 461214K->402366K(601088K), 0.0017742 secs] [Times: user=0.00 sys=0.00, real=0.00 secs] 
313.223: [GC (Allocation Failure) [PSYoungGen: 60256K->9568K(73216K)] 461246K->410566K(602112K), 0.0025294 secs] [Times: user=0.01 sys=0.00, real=0.00 secs] 
313.981: [GC (Allocation Failure) [PSYoungGen: 68448K->9600K(73216K)] 469446K->418790K(602112K), 0.0048709 secs] [Times: user=0.03 sys=0.00, real=0.01 secs] 
314.654: [GC (Allocation Failure) [PSYoungGen: 67456K->1376K(59392K)] 476646K->410566K(588288K), 0.0028058 secs] [Times: user=0.01 sys=0.00, real=0.00 secs] 
315.585: [GC (Allocation Failure) [PSYoungGen: 59232K->1344K(72704K)] 468422K->410534K(601600K), 0.0050640 secs] [Times: user=0.02 sys=0.00, real=0.00 secs] 
316.382: [GC (Allocation Failure) [PSYoungGen: 59200K->1344K(59392K)] 468390K->410542K(588288K), 0.0048563 secs] [Times: user=0.02 sys=0.00, real=0.01 secs] 
317.486: [GC (Allocation Failure) [PSYoungGen: 59200K->9664K(71680K)] 468398K->418870K(600576K), 0.0022973 secs] [Times: user=0.00 sys=0.00, real=0.00 secs] 
317.739: [GC (Allocation Failure) [PSYoungGen: 66496K->9568K(72704K)] 475702K->426966K(601600K), 0.0031340 secs] [Times: user=0.02 sys=0.00, real=0.00 secs] 
318.065: [GC (Allocation Failure) [PSYoungGen: 66400K->1440K(72192K)] 483798K->418838K(601088K), 0.0020623 secs] [Times: user=0.01 sys=0.00, real=0.00 secs] 
318.301: [GC (Allocation Failure) [PSYoungGen: 58272K->1344K(58368K)] 475670K->418742K(587264K), 0.0020470 secs] [Times: user=0.01 sys=0.00, real=0.01 secs] 
318.537: [GC (Allocation Failure) [PSYoungGen: 58176K->1376K(71168K)] 475574K->418782K(600064K), 0.0022533 secs] [Times: user=0.01 sys=0.01, real=0.00 secs] 
319.492: [GC (Allocation Failure) [PSYoungGen: 58208K->9664K(71680K)] 475614K->427070K(600576K), 0.0022078 secs] [Times: user=0.01 sys=0.00, real=0.01 secs] 
319.694: [GC (Allocation Failure) [PSYoungGen: 66496K->9600K(71680K)] 483902K->435198K(600576K), 0.0031626 secs] [Times: user=0.01 sys=0.00, real=0.00 secs] 
319.927: [GC (Allocation Failure) [PSYoungGen: 65408K->1376K(72704K)] 491006K->426974K(601600K), 0.0019127 secs] [Times: user=0.01 sys=0.00, real=0.00 secs] 
320.194: [GC (Allocation Failure) [PSYoungGen: 57184K->1424K(66560K)] 482782K->427022K(595456K), 0.0018632 secs] [Times: user=0.01 sys=0.00, real=0.00 secs] 
320.425: [GC (Allocation Failure) [PSYoungGen: 57232K->1360K(57344K)] 482830K->426974K(586240K), 0.0019615 secs] [Times: user=0.01 sys=0.00, real=0.00 secs] 
321.429: [GC (Allocation Failure) [PSYoungGen: 57168K->5536K(69632K)] 482782K->431150K(598528K), 0.0022204 secs] [Times: user=0.01 sys=0.00, real=0.00 secs] 
321.611: [GC (Allocation Failure) [PSYoungGen: 61344K->9568K(70144K)] 486958K->443374K(599040K), 0.0030859 secs] [Times: user=0.02 sys=0.00, real=0.01 secs] 
322.025: [GC (Allocation Failure) [PSYoungGen: 65376K->1376K(65024K)] 499182K->435182K(593920K), 0.0025314 secs] [Times: user=0.01 sys=0.00, real=0.00 secs] 
322.491: [GC (Allocation Failure) [PSYoungGen: 57184K->1344K(57344K)] 490990K->435150K(586240K), 0.0025289 secs] [Times: user=0.01 sys=0.00, real=0.01 secs] 
323.024: [GC (Allocation Failure) [PSYoungGen: 57152K->1408K(69120K)] 490958K->435214K(598016K), 0.0041407 secs] [Times: user=0.02 sys=0.00, real=0.00 secs] 
324.398: [GC (Allocation Failure) [PSYoungGen: 57089K->1472K(57344K)] 490895K->435294K(586240K), 0.0020596 secs] [Times: user=0.01 sys=0.00, real=0.00 secs] 
324.605: [GC (Allocation Failure) [PSYoungGen: 57280K->9632K(67584K)] 491102K->443454K(596480K), 0.0021081 secs] [Times: user=0.01 sys=0.00, real=0.00 secs] 
324.924: [GC (Allocation Failure) [PSYoungGen: 63904K->9600K(69120K)] 497726K->451614K(598016K), 0.0033179 secs] [Times: user=0.01 sys=0.00, real=0.00 secs] 
325.416: [GC (Allocation Failure) [PSYoungGen: 63872K->1408K(69120K)] 505886K->443422K(598016K), 0.0044712 secs] [Times: user=0.02 sys=0.00, real=0.00 secs] 
325.890: [GC (Allocation Failure) [PSYoungGen: 55680K->1376K(55808K)] 497694K->443390K(584704K), 0.0030927 secs] [Times: user=0.01 sys=0.00, real=0.01 secs] 
326.297: [GC (Allocation Failure) [PSYoungGen: 55648K->1360K(67072K)] 497662K->443374K(595968K), 0.0032627 secs] [Times: user=0.01 sys=0.00, real=0.00 secs] 
327.670: [GC (Allocation Failure) [PSYoungGen: 55632K->5536K(68096K)] 497646K->447558K(596992K), 0.0022361 secs] [Times: user=0.01 sys=0.00, real=0.00 secs] 
328.261: [GC (Allocation Failure) [PSYoungGen: 59808K->9616K(67072K)] 501830K->459830K(595968K), 0.0050322 secs] [Times: user=0.02 sys=0.00, real=0.01 secs] 
328.942: [GC (Allocation Failure) [PSYoungGen: 62864K->1392K(54784K)] 513078K->451606K(583680K), 0.0031547 secs] [Times: user=0.01 sys=0.00, real=0.01 secs] 
329.700: [GC (Allocation Failure) [PSYoungGen: 54640K->1408K(66560K)] 504854K->451622K(595456K), 0.0047511 secs] [Times: user=0.02 sys=0.00, real=0.01 secs] 
330.244: [GC (Allocation Failure) [PSYoungGen: 54656K->1408K(54784K)] 504870K->451630K(583680K), 0.0038096 secs] [Times: user=0.02 sys=0.00, real=0.00 secs] 
331.357: [GC (Allocation Failure) [PSYoungGen: 54656K->1376K(65536K)] 504878K->451598K(594432K), 0.0018783 secs] [Times: user=0.00 sys=0.00, real=0.00 secs] 
332.379: [GC (Allocation Failure) [PSYoungGen: 54624K->9632K(66048K)] 504846K->459854K(594944K), 0.0054124 secs] [Times: user=0.03 sys=0.00, real=0.01 secs] 
333.084: [GC (Allocation Failure) [PSYoungGen: 62880K->9600K(66560K)] 513102K->468030K(595456K), 0.0083083 secs] [Times: user=0.03 sys=0.00, real=0.00 secs] 
333.525: [GC (Allocation Failure) [PSYoungGen: 61824K->1376K(53760K)] 520254K->459806K(582656K), 0.0027766 secs] [Times: user=0.01 sys=0.00, real=0.00 secs] 
334.024: [GC (Allocation Failure) [PSYoungGen: 53600K->1408K(66048K)] 512030K->459854K(594944K), 0.0031177 secs] [Times: user=0.01 sys=0.00, real=0.00 secs] 
334.551: [GC (Allocation Failure) [PSYoungGen: 53632K->1408K(53760K)] 512078K->459854K(582656K), 0.0045882 secs] [Times: user=0.02 sys=0.00, real=0.01 secs] 
335.734: [GC (Allocation Failure) [PSYoungGen: 53587K->3472K(64000K)] 512033K->461926K(592896K), 0.0023594 secs] [Times: user=0.01 sys=0.00, real=0.00 secs] 
336.230: [GC (Allocation Failure) [PSYoungGen: 51057K->9568K(65024K)] 509511K->468022K(593920K), 0.0027325 secs] [Times: user=0.01 sys=0.00, real=0.01 secs] 
336.666: [GC (Allocation Failure) [PSYoungGen: 61792K->9600K(65024K)] 520246K->476246K(593920K), 0.0047553 secs] [Times: user=0.03 sys=0.00, real=0.00 secs] 
337.083: [GC (Allocation Failure) [PSYoungGen: 60800K->1408K(66048K)] 527446K->468054K(594944K), 0.0025648 secs] [Times: user=0.01 sys=0.00, real=0.00 secs] 
337.527: [GC (Allocation Failure) [PSYoungGen: 52608K->1440K(65024K)] 519254K->468094K(593920K), 0.0024289 secs] [Times: user=0.01 sys=0.00, real=0.00 secs] 
337.831: [GC (Allocation Failure) [PSYoungGen: 52640K->1392K(52736K)] 519294K->468046K(581632K), 0.0022266 secs] [Times: user=0.01 sys=0.00, real=0.01 secs] 
338.695: [GC (Allocation Failure) [PSYoungGen: 52592K->5504K(64000K)] 519246K->472158K(592896K), 0.0022014 secs] [Times: user=0.01 sys=0.00, real=0.00 secs] 
338.856: [GC (Allocation Failure) [PSYoungGen: 56704K->9600K(64512K)] 523358K->484446K(593408K), 0.0032212 secs] [Times: user=0.02 sys=0.00, real=0.00 secs] 
339.070: [GC (Allocation Failure) [PSYoungGen: 60800K->9632K(69120K)] 535646K->492670K(598016K), 0.0033735 secs] [Times: user=0.01 sys=0.00, real=0.01 secs] 
339.360: [GC (Allocation Failure) [PSYoungGen: 64416K->1376K(70144K)] 547454K->484422K(599040K), 0.0019407 secs] [Times: user=0.01 sys=0.00, real=0.00 secs] 
339.782: [GC (Allocation Failure) [PSYoungGen: 56160K->1408K(72704K)] 539206K->484462K(601600K), 0.0021218 secs] [Times: user=0.01 sys=0.00, real=0.01 secs] 
340.292: [GC (Allocation Failure) [PSYoungGen: 60800K->1312K(73728K)] 543854K->484398K(602624K), 0.0044363 secs] [Times: user=0.02 sys=0.00, real=0.01 secs] 
341.504: [GC (Allocation Failure) [PSYoungGen: 60704K->9600K(70656K)] 543790K->492686K(599552K), 0.0046512 secs] [Times: user=0.02 sys=0.00, real=0.00 secs] 
341.896: [GC (Allocation Failure) [PSYoungGen: 68992K->9536K(74752K)] 552078K->500814K(603648K), 0.0038205 secs] [Times: user=0.01 sys=0.00, real=0.00 secs] 
342.415: [GC (Allocation Failure) [PSYoungGen: 68928K->1408K(74240K)] 560206K->492686K(603136K), 0.0024971 secs] [Times: user=0.01 sys=0.00, real=0.00 secs] 
342.902: [GC (Allocation Failure) [PSYoungGen: 60800K->1408K(60928K)] 552078K->492694K(589824K), 0.0048083 secs] [Times: user=0.02 sys=0.00, real=0.01 secs] 
343.366: [GC (Allocation Failure) [PSYoungGen: 60800K->1376K(73216K)] 552086K->492662K(602112K), 0.0029316 secs] [Times: user=0.01 sys=0.00, real=0.00 secs] 
344.327: [GC (Allocation Failure) [PSYoungGen: 60768K->9664K(73728K)] 552054K->500950K(602624K), 0.0022422 secs] [Times: user=0.01 sys=0.00, real=0.00 secs] 
344.749: [GC (Allocation Failure) [PSYoungGen: 69056K->9648K(73728K)] 560342K->509126K(602624K), 0.0032032 secs] [Times: user=0.01 sys=0.00, real=0.00 secs] 
345.237: [GC (Allocation Failure) [PSYoungGen: 68016K->1440K(59904K)] 567494K->500918K(588800K), 0.0020929 secs] [Times: user=0.01 sys=0.00, real=0.00 secs] 
345.734: [GC (Allocation Failure) [PSYoungGen: 59808K->1408K(73216K)] 559286K->500886K(602112K), 0.0022923 secs] [Times: user=0.01 sys=0.00, real=0.00 secs] 
346.223: [GC (Allocation Failure) [PSYoungGen: 59776K->1392K(59904K)] 559254K->500870K(588800K), 0.0026086 secs] [Times: user=0.01 sys=0.00, real=0.00 secs] 
347.221: [GC (Allocation Failure) [PSYoungGen: 59760K->9632K(72192K)] 559238K->509118K(601088K), 0.0021384 secs] [Times: user=0.01 sys=0.00, real=0.01 secs] 
347.549: [GC (Allocation Failure) [PSYoungGen: 66976K->9600K(73216K)] 566462K->517278K(602112K), 0.0031380 secs] [Times: user=0.01 sys=0.00, real=0.00 secs] 
348.128: [GC (Allocation Failure) [PSYoungGen: 66944K->1376K(72704K)] 574622K->509054K(601600K), 0.0022996 secs] [Times: user=0.01 sys=0.00, real=0.00 secs] 
348.614: [GC (Allocation Failure) [PSYoungGen: 58720K->1408K(58880K)] 566398K->509086K(587776K), 0.0028594 secs] [Times: user=0.02 sys=0.00, real=0.00 secs] 
349.070: [GC (Allocation Failure) [PSYoungGen: 58752K->1344K(71680K)] 566430K->509022K(600576K), 0.0028878 secs] [Times: user=0.01 sys=0.00, real=0.01 secs] 
350.178: [GC (Allocation Failure) [PSYoungGen: 58688K->9632K(72192K)] 566366K->517310K(601088K), 0.0024431 secs] [Times: user=0.02 sys=0.00, real=0.00 secs] 
350.611: [GC (Allocation Failure) [PSYoungGen: 66976K->9568K(72192K)] 574654K->525438K(601088K), 0.0035423 secs] [Times: user=0.02 sys=0.00, real=0.01 secs] 
350.615: [Full GC (Ergonomics) [PSYoungGen: 9568K->0K(72192K)] [ParOldGen: 515870K->103141K(536576K)] 525438K->103141K(608768K), [Metaspace: 54832K->54824K(1099776K)], 0.0364524 secs] [Times: user=0.09 sys=0.00, real=0.03 secs] 
350.996: [GC (Allocation Failure) [PSYoungGen: 56320K->16480K(73216K)] 159461K->136005K(609792K), 0.0038860 secs] [Times: user=0.02 sys=0.00, real=0.00 secs] 
351.202: [GC (Allocation Failure) [PSYoungGen: 72800K->64K(81408K)] 192325K->152357K(617984K), 0.0054767 secs] [Times: user=0.03 sys=0.00, real=0.01 secs] 
351.696: [GC (Allocation Failure) [PSYoungGen: 61504K->32K(80896K)] 246565K->185093K(617472K), 0.0019232 secs] [Times: user=0.01 sys=0.00, real=0.00 secs] 
351.890: [GC (Allocation Failure) [PSYoungGen: 61472K->96K(87040K)] 246533K->250693K(623616K), 0.0056184 secs] [Times: user=0.03 sys=0.00, real=0.01 secs] 
352.160: [GC (Allocation Failure) [PSYoungGen: 68192K->64K(86528K)] 318789K->283430K(623104K), 0.0050483 secs] [Times: user=0.03 sys=0.00, real=0.01 secs] 
353.990: [GC (Allocation Failure) [PSYoungGen: 68160K->9648K(93696K)] 351526K->293014K(630272K), 0.0038278 secs] [Times: user=0.02 sys=0.01, real=0.01 secs] 
354.911: [GC (Allocation Failure) [PSYoungGen: 85424K->1373K(94208K)] 368790K->284739K(630784K), 0.0025291 secs] [Times: user=0.01 sys=0.00, real=0.01 secs] 
355.511: [GC (Allocation Failure) [PSYoungGen: 77149K->1472K(97792K)] 360515K->284838K(634368K), 0.0027458 secs] [Times: user=0.01 sys=0.00, real=0.01 secs] 
357.112: [GC (Allocation Failure) [PSYoungGen: 84416K->128K(99840K)] 367782K->283494K(636416K), 0.0014255 secs] [Times: user=0.00 sys=0.00, real=0.01 secs] 
357.883: [GC (Allocation Failure) [PSYoungGen: 83072K->1440K(103424K)] 366438K->284806K(640000K), 0.0025577 secs] [Times: user=0.01 sys=0.01, real=0.00 secs] 
358.668: [GC (Allocation Failure) [PSYoungGen: 91040K->1437K(104960K)] 374406K->284803K(641536K), 0.0021279 secs] [Times: user=0.01 sys=0.00, real=0.00 secs] 
359.263: [GC (Allocation Failure) [PSYoungGen: 91037K->1408K(108544K)] 374403K->284774K(645120K), 0.0021446 secs] [Times: user=0.01 sys=0.00, real=0.00 secs] 
360.836: [GC (Allocation Failure) [PSYoungGen: 97152K->1469K(109568K)] 380518K->284843K(646144K), 0.0018596 secs] [Times: user=0.01 sys=0.00, real=0.00 secs] 
361.339: [GC (Allocation Failure) [PSYoungGen: 97213K->1405K(112640K)] 380587K->284779K(649216K), 0.0021184 secs] [Times: user=0.00 sys=0.00, real=0.00 secs] 
361.952: [GC (Allocation Failure) [PSYoungGen: 102781K->1421K(113664K)] 386155K->284795K(650240K), 0.0019221 secs] [Times: user=0.01 sys=0.00, real=0.01 secs] 
363.442: [GC (Allocation Failure) [PSYoungGen: 102797K->1392K(117760K)] 386171K->284774K(654336K), 0.0038199 secs] [Times: user=0.01 sys=0.00, real=0.01 secs] 
363.964: [GC (Allocation Failure) [PSYoungGen: 108400K->1440K(118272K)] 391782K->284822K(654848K), 0.0019899 secs] [Times: user=0.01 sys=0.00, real=0.00 secs] 
365.470: [GC (Allocation Failure) [PSYoungGen: 108443K->1440K(120832K)] 391825K->284822K(657408K), 0.0017684 secs] [Times: user=0.01 sys=0.00, real=0.00 secs] 
367.289: [GC (Allocation Failure) [PSYoungGen: 113568K->1440K(121856K)] 396950K->284830K(658432K), 0.0029264 secs] [Times: user=0.01 sys=0.00, real=0.00 secs] 
367.826: [GC (Allocation Failure) [PSYoungGen: 113568K->1440K(126464K)] 396958K->284830K(663040K), 0.0021902 secs] [Times: user=0.00 sys=0.00, real=0.00 secs] 
369.973: [GC (Allocation Failure) [PSYoungGen: 119200K->5568K(126464K)] 402590K->293107K(663040K), 0.0050213 secs] [Times: user=0.02 sys=0.00, real=0.01 secs] 
371.137: [GC (Allocation Failure) [PSYoungGen: 123328K->1424K(130560K)] 410867K->288963K(667136K), 0.0025986 secs] [Times: user=0.01 sys=0.00, real=0.00 secs] 
372.851: [GC (Allocation Failure) [PSYoungGen: 124304K->1664K(131584K)] 411843K->289203K(668160K), 0.0016357 secs] [Times: user=0.01 sys=0.00, real=0.01 secs] 
373.331: [GC (Allocation Failure) [PSYoungGen: 124544K->1408K(135680K)] 412083K->288947K(672256K), 0.0016433 secs] [Times: user=0.01 sys=0.00, real=0.00 secs] 
373.862: [GC (Allocation Failure) [PSYoungGen: 129408K->1376K(135680K)] 416947K->288923K(672256K), 0.0016002 secs] [Times: user=0.00 sys=0.00, real=0.01 secs] 
376.072: [GC (Allocation Failure) [PSYoungGen: 129376K->1424K(139264K)] 416923K->288971K(675840K), 0.0028827 secs] [Times: user=0.00 sys=0.00, real=0.01 secs] 
377.518: [GC (Allocation Failure) [PSYoungGen: 134544K->1408K(140288K)] 422091K->288955K(676864K), 0.0038488 secs] [Times: user=0.02 sys=0.00, real=0.00 secs] 
380.246: [GC (Allocation Failure) [PSYoungGen: 134528K->1440K(142336K)] 422075K->288995K(678912K), 0.0024536 secs] [Times: user=0.01 sys=0.00, real=0.00 secs] 
381.690: [GC (Allocation Failure) [PSYoungGen: 139168K->1424K(143872K)] 426723K->288979K(680448K), 0.0024457 secs] [Times: user=0.01 sys=0.00, real=0.00 secs] 
384.050: [GC (Allocation Failure) [PSYoungGen: 139152K->5536K(147456K)] 426707K->297195K(684032K), 0.0029208 secs] [Times: user=0.01 sys=0.00, real=0.01 secs] 
385.568: [GC (Allocation Failure) [PSYoungGen: 146848K->1376K(148480K)] 438507K->293051K(685056K), 0.0031672 secs] [Times: user=0.01 sys=0.00, real=0.00 secs] 
388.202: [GC (Allocation Failure) [PSYoungGen: 142688K->1424K(152576K)] 434363K->293099K(689152K), 0.0036614 secs] [Times: user=0.02 sys=0.00, real=0.01 secs] 
390.345: [GC (Allocation Failure) [PSYoungGen: 147344K->1408K(152576K)] 439019K->293099K(689152K), 0.0025802 secs] [Times: user=0.01 sys=0.01, real=0.00 secs] 
393.647: [GC (Allocation Failure) [PSYoungGen: 147328K->1440K(155136K)] 439019K->293139K(691712K), 0.0038952 secs] [Times: user=0.01 sys=0.01, real=0.00 secs] 
395.132: [GC (Allocation Failure) [PSYoungGen: 151456K->1344K(155648K)] 443155K->293043K(692224K), 0.0029139 secs] [Times: user=0.01 sys=0.00, real=0.01 secs] 
398.549: [GC (Allocation Failure) [PSYoungGen: 151360K->1440K(158208K)] 443059K->293155K(694784K), 0.0039423 secs] [Times: user=0.02 sys=0.00, real=0.01 secs] 
400.283: [GC (Allocation Failure) [PSYoungGen: 155552K->1408K(159232K)] 447267K->293123K(695808K), 0.0030558 secs] [Times: user=0.01 sys=0.00, real=0.00 secs] 
402.470: [GC (Allocation Failure) [PSYoungGen: 155520K->1424K(162816K)] 447235K->293139K(699392K), 0.0030801 secs] [Times: user=0.01 sys=0.00, real=0.01 secs] 
403.233: [GC (Allocation Failure) [PSYoungGen: 160144K->1376K(163328K)] 451859K->293091K(699904K), 0.0019073 secs] [Times: user=0.01 sys=0.00, real=0.00 secs] 
404.873: [GC (Allocation Failure) [PSYoungGen: 160096K->1408K(167424K)] 451811K->293131K(704000K), 0.0019802 secs] [Times: user=0.00 sys=0.00, real=0.01 secs] 
406.992: [GC (Allocation Failure) [PSYoungGen: 164736K->1408K(167936K)] 456459K->293131K(704512K), 0.0016469 secs] [Times: user=0.00 sys=0.00, real=0.01 secs] 
408.469: [GC (Allocation Failure) [PSYoungGen: 164736K->1408K(171520K)] 456459K->293131K(708096K), 0.0024497 secs] [Times: user=0.01 sys=0.00, real=0.00 secs] 
410.680: [GC (Allocation Failure) [PSYoungGen: 168832K->1440K(171520K)] 460555K->293171K(708096K), 0.0018405 secs] [Times: user=0.01 sys=0.00, real=0.00 secs] 
411.996: [GC (Allocation Failure) [PSYoungGen: 168864K->1376K(176128K)] 460595K->293107K(712704K), 0.0035551 secs] [Times: user=0.02 sys=0.01, real=0.00 secs] 
414.348: [GC (Allocation Failure) [PSYoungGen: 173408K->1408K(175616K)] 465139K->293171K(712192K), 0.0026110 secs] [Times: user=0.01 sys=0.00, real=0.00 secs] 
416.307: [GC (Allocation Failure) [PSYoungGen: 173440K->1424K(179712K)] 465203K->293195K(716288K), 0.0025451 secs] [Times: user=0.01 sys=0.00, real=0.00 secs] 
420.154: [GC (Allocation Failure) [PSYoungGen: 178064K->1408K(180224K)] 469835K->293187K(716800K), 0.0039987 secs] [Times: user=0.02 sys=0.00, real=0.00 secs] 
422.619: [GC (Allocation Failure) [PSYoungGen: 178048K->1440K(183296K)] 469827K->293219K(719872K), 0.0020545 secs] [Times: user=0.00 sys=0.00, real=0.00 secs] 
423.482: [GC (Allocation Failure) [PSYoungGen: 182176K->1376K(183808K)] 473955K->293163K(720384K), 0.0026638 secs] [Times: user=0.01 sys=0.00, real=0.01 secs] 
425.023: [GC (Allocation Failure) [PSYoungGen: 182112K->1392K(188416K)] 473899K->293179K(724992K), 0.0018931 secs] [Times: user=0.01 sys=0.00, real=0.00 secs] 
427.579: [GC (Allocation Failure) [PSYoungGen: 187248K->2496K(188928K)] 479035K->297363K(725504K), 0.0021372 secs] [Times: user=0.01 sys=0.00, real=0.00 secs] 
429.265: [GC (Allocation Failure) [PSYoungGen: 188352K->368K(193536K)] 483219K->295235K(730112K), 0.0024769 secs] [Times: user=0.01 sys=0.00, real=0.00 secs] 
431.805: [GC (Allocation Failure) [PSYoungGen: 190832K->1472K(193536K)] 485699K->296347K(730112K), 0.0028458 secs] [Times: user=0.02 sys=0.01, real=0.00 secs] 
433.963: [GC (Allocation Failure) [PSYoungGen: 191936K->2464K(197632K)] 486811K->300411K(734208K), 0.0023350 secs] [Times: user=0.01 sys=0.00, real=0.01 secs] 
435.499: [GC (Allocation Failure) [PSYoungGen: 197024K->352K(198144K)] 494971K->298315K(734720K), 0.0024681 secs] [Times: user=0.01 sys=0.00, real=0.00 secs] 
438.801: [GC (Allocation Failure) [PSYoungGen: 194912K->1440K(201216K)] 492875K->299411K(737792K), 0.0039963 secs] [Times: user=0.02 sys=0.00, real=0.01 secs] 
441.865: [GC (Allocation Failure) [PSYoungGen: 200608K->1440K(202240K)] 498579K->299411K(738816K), 0.0019285 secs] [Times: user=0.01 sys=0.00, real=0.00 secs] 
443.616: [GC (Allocation Failure) [PSYoungGen: 200608K->1376K(206848K)] 498579K->299355K(743424K), 0.0025756 secs] [Times: user=0.01 sys=0.00, real=0.00 secs] 
445.611: [GC (Allocation Failure) [PSYoungGen: 205152K->1440K(206848K)] 503131K->299419K(743424K), 0.0050715 secs] [Times: user=0.02 sys=0.00, real=0.01 secs] 
448.043: [GC (Allocation Failure) [PSYoungGen: 205216K->1440K(210432K)] 503195K->299435K(747008K), 0.0021235 secs] [Times: user=0.01 sys=0.00, real=0.00 secs] 
450.678: [GC (Allocation Failure) [PSYoungGen: 210336K->1952K(211456K)] 508331K->299947K(748032K), 0.0018189 secs] [Times: user=0.01 sys=0.00, real=0.00 secs] 
452.462: [GC (Allocation Failure) [PSYoungGen: 210848K->1376K(216064K)] 508843K->299387K(752640K), 0.0022133 secs] [Times: user=0.01 sys=0.00, real=0.01 secs] 
455.635: [GC (Allocation Failure) [PSYoungGen: 214880K->1440K(216064K)] 512891K->299451K(752640K), 0.0028175 secs] [Times: user=0.01 sys=0.00, real=0.00 secs] 
459.359: [GC (Allocation Failure) [PSYoungGen: 214944K->1424K(219648K)] 512955K->299435K(756224K), 0.0026269 secs] [Times: user=0.02 sys=0.00, real=0.00 secs] 
460.994: [GC (Allocation Failure) [PSYoungGen: 219024K->2448K(220160K)] 517035K->300467K(756736K), 0.0017982 secs] [Times: user=0.01 sys=0.00, real=0.00 secs] 
461.950: [GC (Allocation Failure) [PSYoungGen: 220048K->1440K(225792K)] 518067K->299467K(762368K), 0.0021066 secs] [Times: user=0.01 sys=0.00, real=0.00 secs] 
463.677: [GC (Allocation Failure) [PSYoungGen: 224160K->1456K(225280K)] 522187K->299483K(761856K), 0.0025671 secs] [Times: user=0.01 sys=0.00, real=0.00 secs] 
465.804: [GC (Allocation Failure) [PSYoungGen: 224176K->1440K(230912K)] 522203K->299475K(767488K), 0.0041413 secs] [Times: user=0.01 sys=0.00, real=0.00 secs] 
468.880: [GC (Allocation Failure) [PSYoungGen: 229792K->1408K(230912K)] 527827K->299443K(767488K), 0.0021538 secs] [Times: user=0.01 sys=0.00, real=0.00 secs] 
471.393: [GC (Allocation Failure) [PSYoungGen: 229760K->1408K(235520K)] 527795K->299451K(772096K), 0.0021086 secs] [Times: user=0.01 sys=0.00, real=0.00 secs] 
475.954: [GC (Allocation Failure) [PSYoungGen: 234880K->1440K(236032K)] 532923K->299499K(772608K), 0.0024305 secs] [Times: user=0.01 sys=0.00, real=0.00 secs] 
479.224: [GC (Allocation Failure) [PSYoungGen: 234912K->1440K(240640K)] 532971K->299499K(777216K), 0.0027410 secs] [Times: user=0.01 sys=0.00, real=0.00 secs] 
482.145: [GC (Allocation Failure) [PSYoungGen: 239520K->1408K(240640K)] 537579K->299483K(777216K), 0.0021163 secs] [Times: user=0.00 sys=0.00, real=0.00 secs] 
484.288: [GC (Allocation Failure) [PSYoungGen: 239488K->1408K(245248K)] 537563K->299483K(781824K), 0.0031775 secs] [Times: user=0.02 sys=0.00, real=0.00 secs] 
486.345: [GC (Allocation Failure) [PSYoungGen: 244096K->1472K(244736K)] 542171K->299563K(781312K), 0.0016967 secs] [Times: user=0.00 sys=0.00, real=0.00 secs] 
488.018: [GC (Allocation Failure) [PSYoungGen: 244160K->160K(248832K)] 542251K->298251K(785408K), 0.0014021 secs] [Times: user=0.01 sys=0.00, real=0.00 secs] 
490.849: [GC (Allocation Failure) [PSYoungGen: 246944K->1408K(249344K)] 545035K->299499K(785920K), 0.0020614 secs] [Times: user=0.01 sys=0.00, real=0.00 secs] 
494.047: [GC (Allocation Failure) [PSYoungGen: 248192K->1408K(252416K)] 546283K->299499K(788992K), 0.0024036 secs] [Times: user=0.01 sys=0.00, real=0.00 secs] 
495.852: [GC (Allocation Failure) [PSYoungGen: 252288K->1408K(253440K)] 550379K->299499K(790016K), 0.0018221 secs] [Times: user=0.00 sys=0.00, real=0.01 secs] 
498.482: [GC (Allocation Failure) [PSYoungGen: 252800K->1472K(257536K)] 550891K->299563K(794112K), 0.0033624 secs] [Times: user=0.02 sys=0.00, real=0.01 secs] 
501.165: [GC (Allocation Failure) [PSYoungGen: 256960K->1408K(257536K)] 555051K->299499K(794112K), 0.0021716 secs] [Times: user=0.01 sys=0.00, real=0.00 secs] 
503.902: [GC (Allocation Failure) [PSYoungGen: 256896K->1456K(262144K)] 554987K->299563K(798720K), 0.0027277 secs] [Times: user=0.01 sys=0.00, real=0.01 secs] 
506.762: [GC (Allocation Failure) [PSYoungGen: 261552K->1408K(262144K)] 559659K->299523K(798720K), 0.0018126 secs] [Times: user=0.00 sys=0.00, real=0.01 secs] 
508.665: [GC (Allocation Failure) [PSYoungGen: 261504K->1408K(266752K)] 559619K->299523K(803328K), 0.0028090 secs] [Times: user=0.01 sys=0.00, real=0.00 secs] 
511.031: [GC (Allocation Failure) [PSYoungGen: 266112K->1440K(266752K)] 564227K->299555K(803328K), 0.0028533 secs] [Times: user=0.01 sys=0.00, real=0.01 secs] 
515.132: [GC (Allocation Failure) [PSYoungGen: 266144K->1472K(270848K)] 564259K->299587K(807424K), 0.0014890 secs] [Times: user=0.00 sys=0.00, real=0.01 secs] 
517.307: [GC (Allocation Failure) [PSYoungGen: 270784K->1376K(271872K)] 568899K->299491K(808448K), 0.0032764 secs] [Times: user=0.01 sys=0.00, real=0.00 secs] 
519.599: [GC (Allocation Failure) [PSYoungGen: 271200K->1440K(276992K)] 569315K->299555K(813568K), 0.0019899 secs] [Times: user=0.00 sys=0.00, real=0.00 secs] 
522.095: [GC (Allocation Failure) [PSYoungGen: 276384K->1408K(276992K)] 574499K->299539K(813568K), 0.0041992 secs] [Times: user=0.01 sys=0.00, real=0.00 secs] 
526.097: [GC (Allocation Failure) [PSYoungGen: 276352K->1408K(281600K)] 574483K->299547K(818176K), 0.0020506 secs] [Times: user=0.01 sys=0.00, real=0.00 secs] 
529.383: [GC (Allocation Failure) [PSYoungGen: 281472K->1440K(282624K)] 579611K->299595K(819200K), 0.0020325 secs] [Times: user=0.01 sys=0.00, real=0.00 secs] 
534.664: [GC (Allocation Failure) [PSYoungGen: 282016K->1424K(287232K)] 580171K->299603K(823808K), 0.0038386 secs] [Times: user=0.01 sys=0.00, real=0.00 secs] 
538.491: [GC (Allocation Failure) [PSYoungGen: 286608K->1376K(287232K)] 584787K->299555K(823808K), 0.0022556 secs] [Times: user=0.01 sys=0.00, real=0.01 secs] 
543.472: [GC (Allocation Failure) [PSYoungGen: 286560K->1376K(290816K)] 584739K->299555K(827392K), 0.0027193 secs] [Times: user=0.01 sys=0.00, real=0.01 secs] 
547.601: [GC (Allocation Failure) [PSYoungGen: 290656K->1408K(291328K)] 588835K->299587K(827904K), 0.0027523 secs] [Times: user=0.01 sys=0.00, real=0.01 secs] 
551.523: [GC (Allocation Failure) [PSYoungGen: 290688K->1392K(295424K)] 588867K->299571K(832000K), 0.0027717 secs] [Times: user=0.01 sys=0.00, real=0.00 secs] 
556.486: [GC (Allocation Failure) [PSYoungGen: 294768K->1376K(295424K)] 592947K->299555K(832000K), 0.0034161 secs] [Times: user=0.01 sys=0.01, real=0.00 secs] 
559.734: [GC (Allocation Failure) [PSYoungGen: 294752K->1376K(299520K)] 592931K->299555K(836096K), 0.0018790 secs] [Times: user=0.00 sys=0.00, real=0.00 secs] 
562.241: [GC (Allocation Failure) [PSYoungGen: 298848K->1376K(299520K)] 597027K->299555K(836096K), 0.0018757 secs] [Times: user=0.01 sys=0.00, real=0.00 secs] 
565.995: [GC (Allocation Failure) [PSYoungGen: 298848K->1472K(302592K)] 597027K->301699K(839168K), 0.0017260 secs] [Times: user=0.00 sys=0.00, real=0.00 secs] 
569.352: [GC (Allocation Failure) [PSYoungGen: 302528K->1440K(303104K)] 602755K->301667K(839680K), 0.0025406 secs] [Times: user=0.01 sys=0.00, real=0.01 secs] 
573.862: [GC (Allocation Failure) [PSYoungGen: 302496K->1456K(307200K)] 602723K->301683K(843776K), 0.0023394 secs] [Times: user=0.01 sys=0.00, real=0.01 secs] 
578.226: [GC (Allocation Failure) [PSYoungGen: 306608K->1440K(307200K)] 606835K->301667K(843776K), 0.0021670 secs] [Times: user=0.01 sys=0.00, real=0.00 secs] 
581.236: [GC (Allocation Failure) [PSYoungGen: 306592K->1472K(310784K)] 606819K->301731K(847360K), 0.0019257 secs] [Times: user=0.01 sys=0.00, real=0.00 secs] 
584.462: [GC (Allocation Failure) [PSYoungGen: 310208K->1424K(310784K)] 610467K->301691K(847360K), 0.0022328 secs] [Times: user=0.01 sys=0.00, real=0.01 secs] 
589.086: [GC (Allocation Failure) [PSYoungGen: 310160K->1408K(313856K)] 610427K->301675K(850432K), 0.0024173 secs] [Times: user=0.01 sys=0.00, real=0.00 secs] 
591.611: [GC (Allocation Failure) [PSYoungGen: 313728K->1456K(314880K)] 613995K->301731K(851456K), 0.0021190 secs] [Times: user=0.01 sys=0.00, real=0.01 secs] 
594.477: [GC (Allocation Failure) [PSYoungGen: 314800K->1472K(317440K)] 615075K->301755K(854016K), 0.0021840 secs] [Times: user=0.01 sys=0.00, real=0.00 secs] 
596.868: [GC (Allocation Failure) [PSYoungGen: 317376K->1424K(317952K)] 617659K->301731K(854528K), 0.0016979 secs] [Times: user=0.00 sys=0.01, real=0.00 secs] 
601.745: [GC (Allocation Failure) [PSYoungGen: 317328K->1456K(322048K)] 617635K->301763K(858624K), 0.0039585 secs] [Times: user=0.01 sys=0.01, real=0.00 secs] 
604.883: [GC (Allocation Failure) [PSYoungGen: 321968K->1440K(322048K)] 622275K->302771K(858624K), 0.0015955 secs] [Times: user=0.00 sys=0.00, real=0.00 secs] 
608.355: [GC (Allocation Failure) [PSYoungGen: 321952K->1456K(326144K)] 623283K->302803K(862720K), 0.0019784 secs] [Times: user=0.00 sys=0.00, real=0.00 secs] 
611.270: [GC (Allocation Failure) [PSYoungGen: 326064K->1504K(326656K)] 627411K->302859K(863232K), 0.0018310 secs] [Times: user=0.01 sys=0.00, real=0.00 secs] 
613.896: [GC (Allocation Failure) [PSYoungGen: 326624K->1488K(330752K)] 627979K->302843K(867328K), 0.0018495 secs] [Times: user=0.01 sys=0.00, real=0.00 secs] 
617.303: [GC (Allocation Failure) [PSYoungGen: 330192K->1456K(330752K)] 631547K->302811K(867328K), 0.0023428 secs] [Times: user=0.01 sys=0.00, real=0.00 secs] 
620.922: [GC (Allocation Failure) [PSYoungGen: 330160K->1472K(335360K)] 631515K->302835K(871936K), 0.0029922 secs] [Times: user=0.01 sys=0.01, real=0.01 secs] 
623.839: [GC (Allocation Failure) [PSYoungGen: 334784K->1440K(335360K)] 636147K->302827K(871936K), 0.0018757 secs] [Times: user=0.01 sys=0.00, real=0.00 secs] 
626.759: [GC (Allocation Failure) [PSYoungGen: 334752K->1488K(338944K)] 636139K->302875K(875520K), 0.0017632 secs] [Times: user=0.01 sys=0.00, real=0.00 secs] 
630.938: [GC (Allocation Failure) [PSYoungGen: 338896K->1376K(339456K)] 640283K->302779K(876032K), 0.0029034 secs] [Times: user=0.01 sys=0.00, real=0.00 secs] 
635.475: [GC (Allocation Failure) [PSYoungGen: 338784K->1408K(344064K)] 640187K->302819K(880640K), 0.0056670 secs] [Times: user=0.02 sys=0.00, real=0.00 secs] 
640.752: [GC (Allocation Failure) [PSYoungGen: 343424K->1408K(344064K)] 644835K->302819K(880640K), 0.0029189 secs] [Times: user=0.01 sys=0.01, real=0.01 secs] 
644.593: [GC (Allocation Failure) [PSYoungGen: 343424K->1440K(348160K)] 644835K->302851K(884736K), 0.0020892 secs] [Times: user=0.01 sys=0.00, real=0.00 secs] 
648.314: [GC (Allocation Failure) [PSYoungGen: 348064K->1440K(349184K)] 649475K->302867K(885760K), 0.0028854 secs] [Times: user=0.01 sys=0.00, real=0.00 secs] 
653.573: [GC (Allocation Failure) [PSYoungGen: 349088K->1488K(353280K)] 650515K->302923K(889856K), 0.0035165 secs] [Times: user=0.02 sys=0.00, real=0.00 secs] 
658.294: [GC (Allocation Failure) [PSYoungGen: 353232K->1440K(353280K)] 654667K->302883K(889856K), 0.0037157 secs] [Times: user=0.02 sys=0.00, real=0.00 secs] 
663.638: [GC (Allocation Failure) [PSYoungGen: 353184K->1408K(357888K)] 654627K->302867K(894464K), 0.0028630 secs] [Times: user=0.01 sys=0.00, real=0.00 secs] 
669.976: [GC (Allocation Failure) [PSYoungGen: 357760K->1440K(358400K)] 659219K->302907K(894976K), 0.0019850 secs] [Times: user=0.01 sys=0.00, real=0.00 secs] 
673.273: [GC (Allocation Failure) [PSYoungGen: 358304K->1472K(361984K)] 659771K->302955K(898560K), 0.0041312 secs] [Times: user=0.01 sys=0.00, real=0.00 secs] 
678.126: [GC (Allocation Failure) [PSYoungGen: 361920K->1408K(361984K)] 663403K->302891K(898560K), 0.0037111 secs] [Times: user=0.01 sys=0.01, real=0.00 secs] 
681.722: [GC (Allocation Failure) [PSYoungGen: 361856K->1424K(367104K)] 663339K->302907K(903680K), 0.0018384 secs] [Times: user=0.00 sys=0.00, real=0.01 secs] 
685.975: [GC (Allocation Failure) [PSYoungGen: 366992K->1456K(367616K)] 668475K->302947K(904192K), 0.0018000 secs] [Times: user=0.01 sys=0.00, real=0.00 secs] 
689.624: [GC (Allocation Failure) [PSYoungGen: 367536K->1408K(371712K)] 669027K->302899K(908288K), 0.0027866 secs] [Times: user=0.01 sys=0.00, real=0.00 secs] 
692.653: [GC (Allocation Failure) [PSYoungGen: 371584K->1456K(371712K)] 673075K->302955K(908288K), 0.0019424 secs] [Times: user=0.01 sys=0.00, real=0.00 secs] 
697.749: [GC (Allocation Failure) [PSYoungGen: 371632K->1456K(376832K)] 673131K->302955K(913408K), 0.0035549 secs] [Times: user=0.02 sys=0.00, real=0.00 secs] 
701.299: [GC (Allocation Failure) [PSYoungGen: 376752K->1440K(376832K)] 678251K->302947K(913408K), 0.0030113 secs] [Times: user=0.01 sys=0.00, real=0.00 secs] 
704.442: [GC (Allocation Failure) [PSYoungGen: 376736K->1440K(381952K)] 678243K->302963K(918528K), 0.0018664 secs] [Times: user=0.01 sys=0.00, real=0.01 secs] 
708.368: [GC (Allocation Failure) [PSYoungGen: 381856K->1472K(381952K)] 683379K->303003K(918528K), 0.0021206 secs] [Times: user=0.00 sys=0.00, real=0.00 secs] 
713.459: [GC (Allocation Failure) [PSYoungGen: 381888K->1440K(387072K)] 683419K->302995K(923648K), 0.0031097 secs] [Times: user=0.02 sys=0.00, real=0.00 secs] 
717.828: [GC (Allocation Failure) [PSYoungGen: 386976K->1440K(387072K)] 688531K->302995K(923648K), 0.0019058 secs] [Times: user=0.01 sys=0.00, real=0.00 secs] 
722.379: [GC (Allocation Failure) [PSYoungGen: 386976K->1360K(391168K)] 688531K->302939K(927744K), 0.0019473 secs] [Times: user=0.00 sys=0.00, real=0.00 secs] 
725.444: [GC (Allocation Failure) [PSYoungGen: 390992K->1408K(391680K)] 692571K->303003K(928256K), 0.0022966 secs] [Times: user=0.00 sys=0.00, real=0.00 secs] 
729.077: [GC (Allocation Failure) [PSYoungGen: 391552K->1408K(395776K)] 693147K->303003K(932352K), 0.0019689 secs] [Times: user=0.01 sys=0.00, real=0.00 secs] 
735.799: [GC (Allocation Failure) [PSYoungGen: 395648K->1408K(395776K)] 697243K->303011K(932352K), 0.0026244 secs] [Times: user=0.01 sys=0.01, real=0.00 secs] 
740.339: [GC (Allocation Failure) [PSYoungGen: 395648K->1408K(399872K)] 697251K->303011K(936448K), 0.0019238 secs] [Times: user=0.00 sys=0.01, real=0.00 secs] 
744.906: [GC (Allocation Failure) [PSYoungGen: 399744K->1376K(399872K)] 701347K->302979K(936448K), 0.0022924 secs] [Times: user=0.01 sys=0.00, real=0.00 secs] 
749.947: [GC (Allocation Failure) [PSYoungGen: 399712K->1408K(403968K)] 701315K->303019K(940544K), 0.0029708 secs] [Times: user=0.01 sys=0.00, real=0.00 secs] 
753.020: [GC (Allocation Failure) [PSYoungGen: 403840K->1408K(403968K)] 705451K->303027K(940544K), 0.0021769 secs] [Times: user=0.01 sys=0.00, real=0.01 secs] 
758.923: [GC (Allocation Failure) [PSYoungGen: 403840K->1408K(408576K)] 705459K->303043K(945152K), 0.0026473 secs] [Times: user=0.01 sys=0.00, real=0.00 secs] 
762.412: [GC (Allocation Failure) [PSYoungGen: 408448K->1376K(408576K)] 710083K->303011K(945152K), 0.0019802 secs] [Times: user=0.01 sys=0.01, real=0.01 secs] 
767.750: [GC (Allocation Failure) [PSYoungGen: 408416K->1440K(413184K)] 710051K->303075K(949760K), 0.0034362 secs] [Times: user=0.01 sys=0.01, real=0.01 secs] 
772.542: [GC (Allocation Failure) [PSYoungGen: 413088K->1392K(413184K)] 714723K->303043K(949760K), 0.0020171 secs] [Times: user=0.01 sys=0.00, real=0.01 secs] 
779.593: [GC (Allocation Failure) [PSYoungGen: 413040K->1440K(403456K)] 714691K->303099K(940032K), 0.0016930 secs] [Times: user=0.00 sys=0.00, real=0.00 secs] 
782.931: [GC (Allocation Failure) [PSYoungGen: 403360K->1440K(407552K)] 705019K->303107K(944128K), 0.0018074 secs] [Times: user=0.00 sys=0.00, real=0.01 secs] 
788.234: [GC (Allocation Failure) [PSYoungGen: 407456K->192K(396800K)] 709123K->301859K(933376K), 0.0012560 secs] [Times: user=0.01 sys=0.00, real=0.00 secs] 
793.664: [GC (Allocation Failure) [PSYoungGen: 396480K->1424K(389120K)] 698147K->303107K(925696K), 0.0033264 secs] [Times: user=0.01 sys=0.00, real=0.00 secs] 
798.978: [GC (Allocation Failure) [PSYoungGen: 388496K->1424K(392704K)] 690179K->303123K(929280K), 0.0032696 secs] [Times: user=0.02 sys=0.00, real=0.00 secs] 
803.675: [GC (Allocation Failure) [PSYoungGen: 392592K->1472K(396800K)] 694291K->303179K(933376K), 0.0020488 secs] [Times: user=0.01 sys=0.01, real=0.00 secs] 
806.980: [GC (Allocation Failure) [PSYoungGen: 396736K->1440K(401408K)] 698443K->303155K(937984K), 0.0030562 secs] [Times: user=0.01 sys=0.00, real=0.01 secs] 
809.866: [GC (Allocation Failure) [PSYoungGen: 401312K->1440K(406528K)] 703027K->303163K(943104K), 0.0021149 secs] [Times: user=0.01 sys=0.00, real=0.00 secs] 
815.071: [GC (Allocation Failure) [PSYoungGen: 406432K->1440K(411136K)] 708155K->303171K(947712K), 0.0016272 secs] [Times: user=0.01 sys=0.00, real=0.01 secs] 
817.521: [GC (Allocation Failure) [PSYoungGen: 411040K->1440K(413696K)] 712771K->303171K(950272K), 0.0022291 secs] [Times: user=0.01 sys=0.00, real=0.01 secs] 
824.057: [GC (Allocation Failure) [PSYoungGen: 413088K->1488K(416768K)] 714819K->303219K(953344K), 0.0040701 secs] [Times: user=0.01 sys=0.00, real=0.00 secs] 
827.551: [GC (Allocation Failure) [PSYoungGen: 416208K->1456K(416768K)] 717939K->303187K(953344K), 0.0020393 secs] [Times: user=0.01 sys=0.00, real=0.01 secs] 
833.646: [GC (Allocation Failure) [PSYoungGen: 416176K->1472K(420864K)] 717907K->303219K(957440K), 0.0027575 secs] [Times: user=0.01 sys=0.00, real=0.00 secs] 
839.600: [GC (Allocation Failure) [PSYoungGen: 420800K->1440K(421376K)] 722547K->303203K(957952K), 0.0037847 secs] [Times: user=0.01 sys=0.00, real=0.01 secs] 
845.807: [GC (Allocation Failure) [PSYoungGen: 420768K->1488K(425472K)] 722531K->303275K(962048K), 0.0032868 secs] [Times: user=0.01 sys=0.00, real=0.00 secs] 
849.407: [GC (Allocation Failure) [PSYoungGen: 425424K->1424K(425984K)] 727211K->303219K(962560K), 0.0026387 secs] [Times: user=0.01 sys=0.00, real=0.00 secs] 
854.656: [GC (Allocation Failure) [PSYoungGen: 425360K->1392K(431104K)] 727155K->303195K(967680K), 0.0026514 secs] [Times: user=0.02 sys=0.00, real=0.00 secs] 
860.610: [GC (Allocation Failure) [PSYoungGen: 430448K->1440K(431104K)] 732251K->303259K(967680K), 0.0030281 secs] [Times: user=0.01 sys=0.00, real=0.01 secs] 
865.512: [GC (Allocation Failure) [PSYoungGen: 430496K->1472K(435200K)] 732315K->303307K(971776K), 0.0019953 secs] [Times: user=0.01 sys=0.00, real=0.01 secs] 
870.342: [GC (Allocation Failure) [PSYoungGen: 435136K->1488K(435712K)] 736971K->303331K(972288K), 0.0020380 secs] [Times: user=0.01 sys=0.00, real=0.01 secs] 
875.399: [GC (Allocation Failure) [PSYoungGen: 435152K->1440K(440320K)] 736995K->303291K(976896K), 0.0033742 secs] [Times: user=0.01 sys=0.01, real=0.00 secs] 
880.929: [GC (Allocation Failure) [PSYoungGen: 439712K->1440K(440320K)] 741563K->303291K(976896K), 0.0023533 secs] [Times: user=0.01 sys=0.00, real=0.00 secs] 
886.529: [GC (Allocation Failure) [PSYoungGen: 439712K->1408K(444928K)] 741563K->303259K(981504K), 0.0039916 secs] [Times: user=0.01 sys=0.00, real=0.01 secs] 
889.906: [GC (Allocation Failure) [PSYoungGen: 444288K->1472K(444928K)] 746139K->303323K(981504K), 0.0018570 secs] [Times: user=0.00 sys=0.00, real=0.00 secs] 
895.573: [GC (Allocation Failure) [PSYoungGen: 444352K->1472K(449024K)] 746203K->303331K(985600K), 0.0021776 secs] [Times: user=0.01 sys=0.00, real=0.01 secs] 
902.324: [GC (Allocation Failure) [PSYoungGen: 448960K->1456K(437760K)] 750819K->303315K(974336K), 0.0018685 secs] [Times: user=0.00 sys=0.00, real=0.00 secs] 
906.456: [GC (Allocation Failure) [PSYoungGen: 437680K->1472K(427008K)] 739539K->303331K(963584K), 0.0021011 secs] [Times: user=0.00 sys=0.00, real=0.00 secs] 
911.880: [GC (Allocation Failure) [PSYoungGen: 426944K->1440K(416768K)] 728803K->303299K(953344K), 0.0021094 secs] [Times: user=0.01 sys=0.00, real=0.00 secs] 
917.571: [GC (Allocation Failure) [PSYoungGen: 416672K->1440K(406528K)] 718531K->303307K(943104K), 0.0028954 secs] [Times: user=0.01 sys=0.00, real=0.01 secs] 
921.579: [GC (Allocation Failure) [PSYoungGen: 406429K->1440K(396800K)] 708296K->303323K(933376K), 0.0016470 secs] [Times: user=0.01 sys=0.00, real=0.00 secs] 
925.008: [GC (Allocation Failure) [PSYoungGen: 396704K->1440K(400896K)] 698587K->303347K(937472K), 0.0024528 secs] [Times: user=0.01 sys=0.00, real=0.00 secs] 
930.957: [GC (Allocation Failure) [PSYoungGen: 400800K->1472K(405504K)] 702707K->303403K(942080K), 0.0039417 secs] [Times: user=0.01 sys=0.00, real=0.00 secs] 
935.402: [GC (Allocation Failure) [PSYoungGen: 405440K->448K(408576K)] 707371K->303403K(945152K), 0.0016903 secs] [Times: user=0.01 sys=0.00, real=0.01 secs] 
939.338: [GC (Allocation Failure) [PSYoungGen: 408512K->1408K(414720K)] 711467K->304379K(951296K), 0.0030048 secs] [Times: user=0.02 sys=0.00, real=0.00 secs] 
942.973: [GC (Allocation Failure) [PSYoungGen: 414080K->1408K(418816K)] 717051K->304379K(955392K), 0.0018640 secs] [Times: user=0.01 sys=0.00, real=0.01 secs] 
947.096: [GC (Allocation Failure) [PSYoungGen: 418688K->1408K(423424K)] 721659K->304403K(960000K), 0.0021960 secs] [Times: user=0.01 sys=0.01, real=0.00 secs] 
951.010: [GC (Allocation Failure) [PSYoungGen: 423296K->1424K(428032K)] 726291K->304419K(964608K), 0.0020417 secs] [Times: user=0.01 sys=0.00, real=0.00 secs] 
957.399: [GC (Allocation Failure) [PSYoungGen: 427920K->1376K(432128K)] 730915K->304387K(968704K), 0.0025330 secs] [Times: user=0.01 sys=0.00, real=0.00 secs] 
962.028: [GC (Allocation Failure) [PSYoungGen: 431968K->1408K(436224K)] 734979K->304427K(972800K), 0.0019461 secs] [Times: user=0.01 sys=0.00, real=0.00 secs] 
966.337: [GC (Allocation Failure) [PSYoungGen: 436096K->1408K(440320K)] 739115K->304435K(976896K), 0.0023059 secs] [Times: user=0.01 sys=0.00, real=0.00 secs] 
971.889: [GC (Allocation Failure) [PSYoungGen: 440192K->1440K(441856K)] 743219K->304483K(978432K), 0.0026913 secs] [Times: user=0.01 sys=0.00, real=0.00 secs] 
977.309: [GC (Allocation Failure) [PSYoungGen: 441760K->1376K(442368K)] 744803K->304419K(978944K), 0.0030804 secs] [Times: user=0.01 sys=0.00, real=0.00 secs] 
982.834: [GC (Allocation Failure) [PSYoungGen: 441696K->1456K(446976K)] 744739K->304499K(983552K), 0.0026639 secs] [Times: user=0.01 sys=0.00, real=0.00 secs] 
987.102: [GC (Allocation Failure) [PSYoungGen: 446384K->1344K(446976K)] 749427K->304395K(983552K), 0.0033158 secs] [Times: user=0.02 sys=0.00, real=0.01 secs] 
991.458: [GC (Allocation Failure) [PSYoungGen: 446272K->1440K(452096K)] 749323K->304491K(988672K), 0.0020027 secs] [Times: user=0.00 sys=0.00, real=0.00 secs] 
996.646: [GC (Allocation Failure) [PSYoungGen: 451488K->1408K(452096K)] 754539K->304459K(988672K), 0.0018192 secs] [Times: user=0.01 sys=0.00, real=0.00 secs] 
1001.170: [GC (Allocation Failure) [PSYoungGen: 451456K->1408K(456704K)] 754507K->304459K(993280K), 0.0024057 secs] [Times: user=0.01 sys=0.01, real=0.00 secs] 
1007.743: [GC (Allocation Failure) [PSYoungGen: 456064K->1424K(456704K)] 759115K->304475K(993280K), 0.0039253 secs] [Times: user=0.01 sys=0.01, real=0.00 secs] 
1012.712: [GC (Allocation Failure) [PSYoungGen: 456080K->1408K(460800K)] 759131K->304459K(997376K), 0.0024988 secs] [Times: user=0.01 sys=0.00, real=0.01 secs] 
1020.125: [GC (Allocation Failure) [PSYoungGen: 460672K->1424K(461312K)] 763723K->304475K(997888K), 0.0031423 secs] [Times: user=0.02 sys=0.00, real=0.00 secs] 
1026.854: [GC (Allocation Failure) [PSYoungGen: 460688K->1408K(449024K)] 763739K->304467K(985600K), 0.0016419 secs] [Times: user=0.01 sys=0.00, real=0.00 secs] 
1030.081: [GC (Allocation Failure) [PSYoungGen: 448896K->1456K(454656K)] 751955K->304523K(991232K), 0.0041041 secs] [Times: user=0.01 sys=0.00, real=0.01 secs] 
1035.174: [GC (Allocation Failure) [PSYoungGen: 454576K->352K(458752K)] 757643K->304451K(995328K), 0.0019590 secs] [Times: user=0.01 sys=0.00, real=0.00 secs] 
1040.619: [GC (Allocation Failure) [PSYoungGen: 458592K->1408K(463872K)] 762691K->305523K(1000448K), 0.0019699 secs] [Times: user=0.01 sys=0.00, real=0.00 secs] 
1044.176: [GC (Allocation Failure) [PSYoungGen: 463232K->1408K(464896K)] 767347K->305523K(1001472K), 0.0018437 secs] [Times: user=0.01 sys=0.00, real=0.00 secs] 
1050.664: [GC (Allocation Failure) [PSYoungGen: 464256K->1408K(464896K)] 768371K->305531K(1001472K), 0.0023964 secs] [Times: user=0.01 sys=0.00, real=0.00 secs] 
1054.225: [GC (Allocation Failure) [PSYoungGen: 464256K->1440K(469504K)] 768379K->305563K(1006080K), 0.0021779 secs] [Times: user=0.01 sys=0.00, real=0.00 secs] 
1061.384: [GC (Allocation Failure) [PSYoungGen: 468896K->1456K(456704K)] 773019K->305595K(993280K), 0.0021166 secs] [Times: user=0.01 sys=0.00, real=0.00 secs] 
1065.816: [GC (Allocation Failure) [PSYoungGen: 456624K->448K(443904K)] 760763K->305619K(980480K), 0.0017821 secs] [Times: user=0.00 sys=0.00, real=0.00 secs] 
1071.124: [GC (Allocation Failure) [PSYoungGen: 443840K->1424K(450048K)] 749011K->306603K(986624K), 0.0040997 secs] [Times: user=0.02 sys=0.00, real=0.00 secs] 
1077.321: [GC (Allocation Failure) [PSYoungGen: 449424K->1456K(454144K)] 754603K->306643K(990720K), 0.0027518 secs] [Times: user=0.01 sys=0.00, real=0.01 secs] 
1080.373: [GC (Allocation Failure) [PSYoungGen: 454064K->1440K(459264K)] 759251K->306627K(995840K), 0.0022902 secs] [Times: user=0.01 sys=0.00, real=0.00 secs] 
1086.112: [GC (Allocation Failure) [PSYoungGen: 459168K->1440K(463872K)] 764355K->306635K(1000448K), 0.0023603 secs] [Times: user=0.01 sys=0.00, real=0.01 secs] 
1092.843: [GC (Allocation Failure) [PSYoungGen: 463776K->1440K(452096K)] 768971K->306635K(988672K), 0.0020314 secs] [Times: user=0.00 sys=0.00, real=0.00 secs] 
1095.373: [GC (Allocation Failure) [PSYoungGen: 452000K->1392K(456704K)] 757195K->306587K(993280K), 0.0014659 secs] [Times: user=0.01 sys=0.00, real=0.00 secs] 
1099.327: [GC (Allocation Failure) [PSYoungGen: 456560K->1440K(462336K)] 761755K->306635K(998912K), 0.0041060 secs] [Times: user=0.02 sys=0.00, real=0.00 secs] 
1105.594: [GC (Allocation Failure) [PSYoungGen: 462240K->1456K(463872K)] 767435K->306651K(1000448K), 0.0030434 secs] [Times: user=0.02 sys=0.00, real=0.00 secs] 
1110.416: [GC (Allocation Failure) [PSYoungGen: 463792K->1456K(464384K)] 768987K->306667K(1000960K), 0.0021604 secs] [Times: user=0.01 sys=0.00, real=0.00 secs] 
1115.729: [GC (Allocation Failure) [PSYoungGen: 463792K->1440K(468480K)] 769003K->306651K(1005056K), 0.0016208 secs] [Times: user=0.00 sys=0.00, real=0.00 secs] 
1120.449: [GC (Allocation Failure) [PSYoungGen: 468384K->1408K(468992K)] 773595K->306619K(1005568K), 0.0021066 secs] [Times: user=0.01 sys=0.00, real=0.00 secs] 
1124.089: [GC (Allocation Failure) [PSYoungGen: 468352K->1408K(473600K)] 773563K->306619K(1010176K), 0.0017019 secs] [Times: user=0.01 sys=0.00, real=0.00 secs] 
1131.246: [GC (Allocation Failure) [PSYoungGen: 472960K->1440K(460800K)] 778171K->306651K(997376K), 0.0018353 secs] [Times: user=0.01 sys=0.00, real=0.00 secs] 
1134.603: [GC (Allocation Failure) [PSYoungGen: 460704K->384K(448000K)] 765915K->306627K(984576K), 0.0020816 secs] [Times: user=0.01 sys=0.00, real=0.00 secs] 
1141.312: [GC (Allocation Failure) [PSYoungGen: 447872K->1376K(438272K)] 754115K->307635K(974848K), 0.0020339 secs] [Times: user=0.01 sys=0.00, real=0.01 secs] 
1146.729: [GC (Allocation Failure) [PSYoungGen: 437600K->1344K(442368K)] 743859K->307611K(978944K), 0.0042247 secs] [Times: user=0.01 sys=0.00, real=0.01 secs] 
1150.619: [GC (Allocation Failure) [PSYoungGen: 442176K->1392K(446464K)] 748443K->307675K(983040K), 0.0016268 secs] [Times: user=0.00 sys=0.00, real=0.00 secs] 
1155.659: [GC (Allocation Failure) [PSYoungGen: 446320K->240K(450048K)] 752603K->306531K(986624K), 0.0028637 secs] [Times: user=0.01 sys=0.01, real=0.00 secs] 
1161.470: [GC (Allocation Failure) [PSYoungGen: 449776K->1376K(440320K)] 756067K->307675K(976896K), 0.0022047 secs] [Times: user=0.01 sys=0.00, real=0.00 secs] 
1166.396: [GC (Allocation Failure) [PSYoungGen: 439648K->1376K(429056K)] 745947K->307683K(965632K), 0.0019468 secs] [Times: user=0.01 sys=0.00, real=0.00 secs] 
1169.601: [GC (Allocation Failure) [PSYoungGen: 428896K->1408K(433664K)] 735203K->307715K(970240K), 0.0022373 secs] [Times: user=0.01 sys=0.00, real=0.01 secs] 
1174.236: [GC (Allocation Failure) [PSYoungGen: 433536K->1376K(422912K)] 739843K->307683K(959488K), 0.0016646 secs] [Times: user=0.01 sys=0.00, real=0.00 secs] 
1177.839: [GC (Allocation Failure) [PSYoungGen: 422752K->1408K(427520K)] 729059K->307715K(964096K), 0.0026432 secs] [Times: user=0.01 sys=0.00, real=0.00 secs] 
1184.675: [GC (Allocation Failure) [PSYoungGen: 427392K->1440K(432640K)] 733699K->307747K(969216K), 0.0051970 secs] [Times: user=0.02 sys=0.00, real=0.00 secs] 
1189.700: [GC (Allocation Failure) [PSYoungGen: 432544K->1376K(437248K)] 738851K->307691K(973824K), 0.0018238 secs] [Times: user=0.01 sys=0.00, real=0.00 secs] 
1194.028: [GC (Allocation Failure) [PSYoungGen: 437088K->1408K(441856K)] 743403K->307723K(978432K), 0.0015864 secs] [Times: user=0.01 sys=0.00, real=0.00 secs] 
1197.406: [GC (Allocation Failure) [PSYoungGen: 441728K->1408K(446464K)] 748043K->307723K(983040K), 0.0021371 secs] [Times: user=0.00 sys=0.01, real=0.00 secs] 
1203.727: [GC (Allocation Failure) [PSYoungGen: 446336K->1424K(451072K)] 752651K->307747K(987648K), 0.0029593 secs] [Times: user=0.01 sys=0.01, real=0.00 secs] 
1208.515: [GC (Allocation Failure) [PSYoungGen: 450960K->1408K(455680K)] 757283K->307731K(992256K), 0.0027668 secs] [Times: user=0.02 sys=0.00, real=0.00 secs] 
1216.123: [GC (Allocation Failure) [PSYoungGen: 455552K->1440K(443904K)] 761875K->307763K(980480K), 0.0018471 secs] [Times: user=0.01 sys=0.00, real=0.00 secs] 
1223.337: [GC (Allocation Failure) [PSYoungGen: 443808K->1408K(432640K)] 750131K->307731K(969216K), 0.0035312 secs] [Times: user=0.01 sys=0.00, real=0.00 secs] 
1227.665: [GC (Allocation Failure) [PSYoungGen: 432512K->1392K(421888K)] 738835K->307715K(958464K), 0.0020631 secs] [Times: user=0.00 sys=0.00, real=0.00 secs] 
1232.195: [GC (Allocation Failure) [PSYoungGen: 421744K->1392K(411648K)] 728067K->307715K(948224K), 0.0018820 secs] [Times: user=0.01 sys=0.00, real=0.00 secs] 
1238.502: [GC (Allocation Failure) [PSYoungGen: 411504K->1392K(401920K)] 717827K->307715K(938496K), 0.0025768 secs] [Times: user=0.01 sys=0.00, real=0.01 secs] 
1242.917: [GC (Allocation Failure) [PSYoungGen: 401776K->1440K(392192K)] 708099K->307763K(928768K), 0.0021715 secs] [Times: user=0.01 sys=0.00, real=0.00 secs] 
1247.389: [GC (Allocation Failure) [PSYoungGen: 392096K->1408K(382976K)] 698419K->307731K(919552K), 0.0019096 secs] [Times: user=0.01 sys=0.00, real=0.00 secs] 
1250.582: [GC (Allocation Failure) [PSYoungGen: 382848K->1392K(374272K)] 689171K->307715K(910848K), 0.0022323 secs] [Times: user=0.01 sys=0.00, real=0.01 secs] 
1256.042: [GC (Allocation Failure) [PSYoungGen: 374128K->160K(364544K)] 680451K->306483K(901120K), 0.0015660 secs] [Times: user=0.00 sys=0.00, real=0.01 secs] 
1260.765: [GC (Allocation Failure) [PSYoungGen: 364192K->1408K(357888K)] 670515K->307755K(894464K), 0.0036859 secs] [Times: user=0.02 sys=0.00, real=0.00 secs] 
1264.756: [GC (Allocation Failure) [PSYoungGen: 357248K->1408K(349696K)] 663595K->307763K(886272K), 0.0031708 secs] [Times: user=0.01 sys=0.00, real=0.00 secs] 
1267.421: [GC (Allocation Failure) [PSYoungGen: 349568K->1408K(342016K)] 655923K->307771K(878592K), 0.0023235 secs] [Times: user=0.01 sys=0.00, real=0.01 secs] 
1271.662: [GC (Allocation Failure) [PSYoungGen: 341888K->1408K(334848K)] 648251K->307779K(871424K), 0.0027154 secs] [Times: user=0.01 sys=0.00, real=0.01 secs] 
1277.521: [GC (Allocation Failure) [PSYoungGen: 334720K->1424K(327680K)] 641091K->307803K(864256K), 0.0021980 secs] [Times: user=0.01 sys=0.00, real=0.01 secs] 
1281.163: [GC (Allocation Failure) [PSYoungGen: 327568K->1408K(321024K)] 633947K->307795K(857600K), 0.0030811 secs] [Times: user=0.01 sys=0.00, real=0.00 secs] 
1285.369: [GC (Allocation Failure) [PSYoungGen: 320896K->1392K(314368K)] 627283K->307787K(850944K), 0.0025115 secs] [Times: user=0.01 sys=0.00, real=0.00 secs] 
1289.446: [GC (Allocation Failure) [PSYoungGen: 314224K->1408K(307712K)] 620619K->307803K(844288K), 0.0030155 secs] [Times: user=0.02 sys=0.00, real=0.00 secs] 
1292.827: [GC (Allocation Failure) [PSYoungGen: 307584K->1408K(301568K)] 613979K->307803K(838144K), 0.0023369 secs] [Times: user=0.01 sys=0.00, real=0.00 secs] 
1295.709: [GC (Allocation Failure) [PSYoungGen: 301440K->1440K(295424K)] 607835K->307835K(832000K), 0.0019134 secs] [Times: user=0.01 sys=0.00, real=0.00 secs] 
1298.710: [GC (Allocation Failure) [PSYoungGen: 295328K->1472K(289792K)] 601723K->307867K(826368K), 0.0023851 secs] [Times: user=0.01 sys=0.00, real=0.01 secs] 
1301.405: [GC (Allocation Failure) [PSYoungGen: 289728K->1472K(284160K)] 596123K->307867K(820736K), 0.0019335 secs] [Times: user=0.01 sys=0.00, real=0.00 secs] 
1303.802: [GC (Allocation Failure) [PSYoungGen: 284096K->1456K(278528K)] 590491K->307859K(815104K), 0.0019377 secs] [Times: user=0.00 sys=0.00, real=0.01 secs] 
1306.518: [GC (Allocation Failure) [PSYoungGen: 278448K->1376K(273408K)] 584851K->307779K(809984K), 0.0023317 secs] [Times: user=0.01 sys=0.00, real=0.00 secs] 
1311.276: [GC (Allocation Failure) [PSYoungGen: 273248K->1392K(268288K)] 579651K->307795K(804864K), 0.0020002 secs] [Times: user=0.00 sys=0.00, real=0.00 secs] 
1313.149: [GC (Allocation Failure) [PSYoungGen: 268144K->1440K(263168K)] 574547K->307859K(799744K), 0.0018565 secs] [Times: user=0.00 sys=0.00, real=0.00 secs] 
1315.486: [GC (Allocation Failure) [PSYoungGen: 263072K->1408K(258560K)] 569491K->307843K(795136K), 0.0019312 secs] [Times: user=0.00 sys=0.00, real=0.00 secs] 
1318.463: [GC (Allocation Failure) [PSYoungGen: 258432K->1376K(253952K)] 564867K->307819K(790528K), 0.0024150 secs] [Times: user=0.01 sys=0.00, real=0.00 secs] 
1322.170: [GC (Allocation Failure) [PSYoungGen: 253792K->1408K(249344K)] 560235K->307859K(785920K), 0.0032682 secs] [Times: user=0.01 sys=0.00, real=0.01 secs] 
1325.574: [GC (Allocation Failure) [PSYoungGen: 249216K->1440K(245248K)] 555667K->307899K(781824K), 0.0023140 secs] [Times: user=0.01 sys=0.00, real=0.00 secs] 
1329.130: [GC (Allocation Failure) [PSYoungGen: 245152K->1440K(241152K)] 551611K->308931K(777728K), 0.0023002 secs] [Times: user=0.01 sys=0.00, real=0.00 secs] 
1330.876: [GC (Allocation Failure) [PSYoungGen: 241056K->352K(236032K)] 548547K->307851K(772608K), 0.0019022 secs] [Times: user=0.00 sys=0.00, real=0.00 secs] 
1334.219: [GC (Allocation Failure) [PSYoungGen: 235872K->1408K(233472K)] 543371K->308907K(770048K), 0.0021677 secs] [Times: user=0.01 sys=0.00, real=0.00 secs] 
1337.134: [GC (Allocation Failure) [PSYoungGen: 232832K->1424K(228864K)] 540331K->308923K(765440K), 0.0024843 secs] [Times: user=0.01 sys=0.00, real=0.00 secs] 
1339.395: [GC (Allocation Failure) [PSYoungGen: 228752K->1408K(225280K)] 536251K->308907K(761856K), 0.0021156 secs] [Times: user=0.01 sys=0.00, real=0.00 secs] 
1341.738: [GC (Allocation Failure) [PSYoungGen: 225152K->1408K(221696K)] 532651K->308907K(758272K), 0.0039663 secs] [Times: user=0.01 sys=0.01, real=0.00 secs] 
1344.370: [GC (Allocation Failure) [PSYoungGen: 221568K->1392K(218112K)] 529067K->308891K(754688K), 0.0041957 secs] [Times: user=0.01 sys=0.00, real=0.01 secs] 
1346.585: [GC (Allocation Failure) [PSYoungGen: 217968K->1376K(214528K)] 525467K->308875K(751104K), 0.0020988 secs] [Times: user=0.01 sys=0.00, real=0.00 secs] 
1348.823: [GC (Allocation Failure) [PSYoungGen: 214368K->1408K(210944K)] 521867K->308907K(747520K), 0.0018886 secs] [Times: user=0.01 sys=0.00, real=0.00 secs] 
1351.350: [GC (Allocation Failure) [PSYoungGen: 210816K->1376K(207872K)] 518315K->308875K(744448K), 0.0023489 secs] [Times: user=0.00 sys=0.00, real=0.00 secs] 
1353.611: [GC (Allocation Failure) [PSYoungGen: 207712K->1344K(204800K)] 515211K->308843K(741376K), 0.0041423 secs] [Times: user=0.02 sys=0.00, real=0.01 secs] 
1356.293: [GC (Allocation Failure) [PSYoungGen: 204608K->1408K(201728K)] 512107K->308907K(738304K), 0.0025874 secs] [Times: user=0.01 sys=0.00, real=0.01 secs] 
1359.805: [GC (Allocation Failure) [PSYoungGen: 201600K->1376K(198656K)] 509099K->308883K(735232K), 0.0041958 secs] [Times: user=0.02 sys=0.00, real=0.00 secs] 
1363.137: [GC (Allocation Failure) [PSYoungGen: 198491K->160K(194560K)] 505998K->307667K(731136K), 0.0016801 secs] [Times: user=0.01 sys=0.00, real=0.00 secs] 
1364.179: [GC (Allocation Failure) [PSYoungGen: 194208K->1376K(193536K)] 501715K->308883K(730112K), 0.0019872 secs] [Times: user=0.00 sys=0.00, real=0.00 secs] 
1366.134: [GC (Allocation Failure) [PSYoungGen: 192864K->1408K(190464K)] 500371K->308923K(727040K), 0.0022516 secs] [Times: user=0.01 sys=0.00, real=0.00 secs] 
1367.808: [GC (Allocation Failure) [PSYoungGen: 190336K->1856K(188416K)] 497851K->309379K(724992K), 0.0018273 secs] [Times: user=0.00 sys=0.00, real=0.00 secs] 
1368.707: [GC (Allocation Failure) [PSYoungGen: 188224K->352K(184320K)] 495747K->308907K(720896K), 0.0023230 secs] [Times: user=0.00 sys=0.01, real=0.00 secs] 
1370.905: [GC (Allocation Failure) [PSYoungGen: 184160K->1424K(183296K)] 492715K->309987K(719872K), 0.0027286 secs] [Times: user=0.01 sys=0.00, real=0.00 secs] 
1372.939: [GC (Allocation Failure) [PSYoungGen: 182672K->1408K(180224K)] 491235K->309971K(716800K), 0.0035103 secs] [Times: user=0.01 sys=0.00, real=0.01 secs] 
1376.411: [GC (Allocation Failure) [PSYoungGen: 180096K->1440K(177664K)] 488659K->310003K(714240K), 0.0041100 secs] [Times: user=0.01 sys=0.00, real=0.01 secs] 
1379.038: [GC (Allocation Failure) [PSYoungGen: 177568K->1440K(175104K)] 486131K->310003K(711680K), 0.0018634 secs] [Times: user=0.01 sys=0.00, real=0.00 secs] 
1380.230: [GC (Allocation Failure) [PSYoungGen: 175008K->1408K(173056K)] 483571K->309971K(709632K), 0.0021522 secs] [Times: user=0.01 sys=0.00, real=0.00 secs] 
1382.403: [GC (Allocation Failure) [PSYoungGen: 172928K->1408K(171008K)] 481491K->309971K(707584K), 0.0027605 secs] [Times: user=0.01 sys=0.00, real=0.00 secs] 
1383.938: [GC (Allocation Failure) [PSYoungGen: 170880K->1408K(168960K)] 479443K->310995K(705536K), 0.0021452 secs] [Times: user=0.00 sys=0.00, real=0.00 secs] 
1385.329: [GC (Allocation Failure) [PSYoungGen: 168832K->384K(165888K)] 478419K->309971K(702464K), 0.0021668 secs] [Times: user=0.00 sys=0.00, real=0.00 secs] 
1387.414: [GC (Allocation Failure) [PSYoungGen: 165760K->1440K(165376K)] 475347K->311027K(701952K), 0.0019001 secs] [Times: user=0.00 sys=0.00, real=0.00 secs] 
1388.622: [GC (Allocation Failure) [PSYoungGen: 164768K->1440K(162816K)] 474355K->311027K(699392K), 0.0019894 secs] [Times: user=0.01 sys=0.00, real=0.01 secs] 
1391.341: [GC (Allocation Failure) [PSYoungGen: 162720K->1440K(160768K)] 472307K->311027K(697344K), 0.0030468 secs] [Times: user=0.01 sys=0.00, real=0.01 secs] 
1392.352: [GC (Allocation Failure) [PSYoungGen: 160672K->1440K(158720K)] 470259K->311027K(695296K), 0.0027795 secs] [Times: user=0.01 sys=0.01, real=0.01 secs] 
1395.558: [GC (Allocation Failure) [PSYoungGen: 158624K->1440K(156672K)] 468211K->311027K(693248K), 0.0040765 secs] [Times: user=0.01 sys=0.00, real=0.00 secs] 
1398.279: [GC (Allocation Failure) [PSYoungGen: 156576K->1408K(154624K)] 466163K->312019K(691200K), 0.0020302 secs] [Times: user=0.01 sys=0.00, real=0.00 secs] 
1400.672: [GC (Allocation Failure) [PSYoungGen: 154496K->1376K(153088K)] 465107K->311987K(689664K), 0.0029459 secs] [Times: user=0.01 sys=0.00, real=0.01 secs] 
1402.685: [GC (Allocation Failure) [PSYoungGen: 152928K->1408K(151552K)] 463539K->312043K(688128K), 0.0016987 secs] [Times: user=0.01 sys=0.00, real=0.00 secs] 
1403.307: [GC (Allocation Failure) [PSYoungGen: 151424K->1376K(150016K)] 462059K->312011K(686592K), 0.0018589 secs] [Times: user=0.01 sys=0.00, real=0.00 secs] 
1405.137: [GC (Allocation Failure) [PSYoungGen: 149856K->1376K(148480K)] 460491K->312011K(685056K), 0.0019693 secs] [Times: user=0.01 sys=0.00, real=0.00 secs] 
1406.734: [GC (Allocation Failure) [PSYoungGen: 148320K->1376K(146944K)] 458955K->312019K(683520K), 0.0025129 secs] [Times: user=0.01 sys=0.00, real=0.00 secs] 
1408.526: [GC (Allocation Failure) [PSYoungGen: 146784K->1408K(145408K)] 457427K->312051K(681984K), 0.0031278 secs] [Times: user=0.01 sys=0.00, real=0.00 secs] 
1409.159: [GC (Allocation Failure) [PSYoungGen: 145280K->1376K(143872K)] 455923K->312019K(680448K), 0.0019976 secs] [Times: user=0.01 sys=0.00, real=0.00 secs] 
1411.279: [GC (Allocation Failure) [PSYoungGen: 143712K->1408K(142336K)] 454355K->312051K(678912K), 0.0022695 secs] [Times: user=0.01 sys=0.00, real=0.00 secs] 
1412.545: [GC (Allocation Failure) [PSYoungGen: 142208K->1344K(140800K)] 452851K->311987K(677376K), 0.0023480 secs] [Times: user=0.01 sys=0.00, real=0.00 secs] 
1414.519: [GC (Allocation Failure) [PSYoungGen: 140608K->1408K(139264K)] 451251K->312051K(675840K), 0.0022952 secs] [Times: user=0.01 sys=0.00, real=0.00 secs] 
1415.155: [GC (Allocation Failure) [PSYoungGen: 139136K->1392K(137728K)] 449779K->312035K(674304K), 0.0022394 secs] [Times: user=0.01 sys=0.00, real=0.00 secs] 
1417.608: [GC (Allocation Failure) [PSYoungGen: 137584K->1424K(136192K)] 448227K->312067K(672768K), 0.0030090 secs] [Times: user=0.01 sys=0.00, real=0.00 secs] 
1419.731: [GC (Allocation Failure) [PSYoungGen: 136080K->1376K(134656K)] 446723K->312019K(671232K), 0.0028455 secs] [Times: user=0.01 sys=0.00, real=0.01 secs] 
1421.688: [GC (Allocation Failure) [PSYoungGen: 134496K->1408K(133120K)] 445139K->312051K(669696K), 0.0018656 secs] [Times: user=0.00 sys=0.00, real=0.00 secs] 
1423.856: [GC (Allocation Failure) [PSYoungGen: 132992K->1376K(131584K)] 443635K->312019K(668160K), 0.0031976 secs] [Times: user=0.01 sys=0.00, real=0.00 secs] 
1426.589: [GC (Allocation Failure) [PSYoungGen: 131424K->1504K(130048K)] 442067K->312155K(666624K), 0.0019131 secs] [Times: user=0.00 sys=0.00, real=0.00 secs] 
1427.570: [GC (Allocation Failure) [PSYoungGen: 130016K->1408K(129024K)] 440667K->312059K(665600K), 0.0020703 secs] [Times: user=0.01 sys=0.00, real=0.00 secs] 
1428.654: [GC (Allocation Failure) [PSYoungGen: 128896K->1376K(128000K)] 439547K->312027K(664576K), 0.0026580 secs] [Times: user=0.02 sys=0.00, real=0.00 secs] 
1430.173: [GC (Allocation Failure) [PSYoungGen: 127840K->1408K(126976K)] 438491K->312059K(663552K), 0.0021003 secs] [Times: user=0.01 sys=0.00, real=0.01 secs] 
1430.724: [GC (Allocation Failure) [PSYoungGen: 126848K->1376K(125952K)] 437499K->312027K(662528K), 0.0017551 secs] [Times: user=0.01 sys=0.00, real=0.00 secs] 
1432.079: [GC (Allocation Failure) [PSYoungGen: 125792K->1440K(124928K)] 436443K->312099K(661504K), 0.0018324 secs] [Times: user=0.00 sys=0.00, real=0.00 secs] 
1433.265: [GC (Allocation Failure) [PSYoungGen: 124832K->1408K(123904K)] 435491K->312067K(660480K), 0.0019197 secs] [Times: user=0.01 sys=0.00, real=0.00 secs] 
1435.043: [GC (Allocation Failure) [PSYoungGen: 123776K->1424K(122880K)] 434435K->312083K(659456K), 0.0023654 secs] [Times: user=0.01 sys=0.00, real=0.01 secs] 
1435.698: [GC (Allocation Failure) [PSYoungGen: 122768K->384K(120832K)] 433427K->312067K(657408K), 0.0019981 secs] [Times: user=0.01 sys=0.00, real=0.00 secs] 
1436.198: [GC (Allocation Failure) [PSYoungGen: 120704K->400K(127488K)] 432387K->312083K(664064K), 0.0019539 secs] [Times: user=0.01 sys=0.00, real=0.00 secs] 
1437.507: [GC (Allocation Failure) [PSYoungGen: 125840K->1440K(125952K)] 437523K->313123K(662528K), 0.0019731 secs] [Times: user=0.01 sys=0.00, real=0.00 secs] 
1438.416: [GC (Allocation Failure) [PSYoungGen: 125856K->1440K(124928K)] 437539K->313123K(661504K), 0.0023361 secs] [Times: user=0.01 sys=0.00, real=0.00 secs] 
1441.327: [GC (Allocation Failure) [PSYoungGen: 124832K->1408K(123904K)] 436515K->313091K(660480K), 0.0022404 secs] [Times: user=0.01 sys=0.00, real=0.00 secs] 
1442.234: [GC (Allocation Failure) [PSYoungGen: 123776K->1408K(122880K)] 435459K->313091K(659456K), 0.0028377 secs] [Times: user=0.01 sys=0.00, real=0.00 secs] 
1444.294: [GC (Allocation Failure) [PSYoungGen: 122752K->1440K(121856K)] 434435K->313123K(658432K), 0.0040232 secs] [Times: user=0.01 sys=0.00, real=0.00 secs] 
1445.334: [GC (Allocation Failure) [PSYoungGen: 121760K->1392K(120832K)] 433443K->313083K(657408K), 0.0027845 secs] [Times: user=0.01 sys=0.00, real=0.00 secs] 
1446.236: [GC (Allocation Failure) [PSYoungGen: 120688K->1424K(119808K)] 432379K->313115K(656384K), 0.0024124 secs] [Times: user=0.01 sys=0.00, real=0.00 secs] 
1448.423: [GC (Allocation Failure) [PSYoungGen: 119696K->1440K(118784K)] 431387K->313131K(655360K), 0.0043045 secs] [Times: user=0.01 sys=0.01, real=0.00 secs] 
1449.995: [GC (Allocation Failure) [PSYoungGen: 118688K->1440K(117760K)] 430379K->313131K(654336K), 0.0038231 secs] [Times: user=0.01 sys=0.01, real=0.00 secs] 
1452.306: [GC (Allocation Failure) [PSYoungGen: 117664K->1472K(116736K)] 429355K->313163K(653312K), 0.0031893 secs] [Times: user=0.01 sys=0.00, real=0.00 secs] 
1453.463: [GC (Allocation Failure) [PSYoungGen: 116672K->1376K(115712K)] 428363K->313075K(652288K), 0.0028912 secs] [Times: user=0.01 sys=0.00, real=0.00 secs] 
1456.230: [GC (Allocation Failure) [PSYoungGen: 115552K->1424K(114688K)] 427251K->314155K(651264K), 0.0042826 secs] [Times: user=0.01 sys=0.00, real=0.01 secs] 
1457.672: [GC (Allocation Failure) [PSYoungGen: 114576K->368K(112640K)] 427307K->313107K(649216K), 0.0027806 secs] [Times: user=0.01 sys=0.00, real=0.01 secs] 
1458.937: [GC (Allocation Failure) [PSYoungGen: 112496K->384K(113152K)] 425235K->313123K(649728K), 0.0027818 secs] [Times: user=0.01 sys=0.00, real=0.00 secs] 
1461.739: [GC (Allocation Failure) [PSYoungGen: 111488K->1424K(111616K)] 424227K->314163K(648192K), 0.0031086 secs] [Times: user=0.01 sys=0.01, real=0.00 secs] 
1463.683: [GC (Allocation Failure) [PSYoungGen: 111504K->1376K(110592K)] 424243K->314115K(647168K), 0.0034611 secs] [Times: user=0.01 sys=0.00, real=0.00 secs] 
1465.072: [GC (Allocation Failure) [PSYoungGen: 110430K->224K(108544K)] 423169K->312963K(645120K), 0.0012524 secs] [Times: user=0.00 sys=0.00, real=0.01 secs] 
1466.117: [GC (Allocation Failure) [PSYoungGen: 108256K->1376K(109568K)] 420995K->314115K(646144K), 0.0019731 secs] [Times: user=0.01 sys=0.00, real=0.00 secs] 
1466.774: [GC (Allocation Failure) [PSYoungGen: 108384K->1376K(107520K)] 421123K->314115K(644096K), 0.0020403 secs] [Times: user=0.01 sys=0.00, real=0.00 secs] 
1468.008: [GC (Allocation Failure) [PSYoungGen: 107360K->1408K(106496K)] 420099K->314155K(643072K), 0.0019868 secs] [Times: user=0.00 sys=0.00, real=0.00 secs] 
1468.700: [GC (Allocation Failure) [PSYoungGen: 106368K->1408K(105472K)] 419115K->314155K(642048K), 0.0020688 secs] [Times: user=0.01 sys=0.00, real=0.00 secs] 
1469.199: [GC (Allocation Failure) [PSYoungGen: 105344K->1376K(104448K)] 418091K->314123K(641024K), 0.0020576 secs] [Times: user=0.01 sys=0.01, real=0.00 secs] 
1470.842: [GC (Allocation Failure) [PSYoungGen: 104288K->1408K(103936K)] 417035K->314171K(640512K), 0.0024869 secs] [Times: user=0.00 sys=0.00, real=0.01 secs] 
1471.883: [GC (Allocation Failure) [PSYoungGen: 103808K->1376K(103424K)] 416571K->314147K(640000K), 0.0022330 secs] [Times: user=0.00 sys=0.00, real=0.00 secs] 
1472.874: [GC (Allocation Failure) [PSYoungGen: 103264K->1376K(102912K)] 416035K->314147K(639488K), 0.0019926 secs] [Times: user=0.00 sys=0.00, real=0.00 secs] 
1474.670: [GC (Allocation Failure) [PSYoungGen: 102752K->1408K(102400K)] 415523K->314179K(638976K), 0.0039520 secs] [Times: user=0.01 sys=0.00, real=0.01 secs] 
1475.629: [GC (Allocation Failure) [PSYoungGen: 102272K->1344K(101888K)] 415043K->314131K(638464K), 0.0028673 secs] [Times: user=0.01 sys=0.00, real=0.00 secs] 
1477.154: [GC (Allocation Failure) [PSYoungGen: 101696K->1648K(101888K)] 414483K->314435K(638464K), 0.0019559 secs] [Times: user=0.01 sys=0.00, real=0.00 secs] 
1477.591: [GC (Allocation Failure) [PSYoungGen: 101488K->352K(99840K)] 414275K->314163K(636416K), 0.0018103 secs] [Times: user=0.00 sys=0.00, real=0.00 secs] 
1478.024: [GC (Allocation Failure) [PSYoungGen: 99680K->352K(106496K)] 413491K->314163K(643072K), 0.0017733 secs] [Times: user=0.01 sys=0.00, real=0.00 secs] 
1479.680: [GC (Allocation Failure) [PSYoungGen: 104288K->1440K(110592K)] 418099K->315267K(647168K), 0.0042853 secs] [Times: user=0.02 sys=0.00, real=0.01 secs] 
1481.180: [GC (Allocation Failure) [PSYoungGen: 110496K->1344K(109568K)] 424323K->315171K(646144K), 0.0032241 secs] [Times: user=0.01 sys=0.01, real=0.01 secs] 
1482.685: [GC (Allocation Failure) [PSYoungGen: 109376K->1376K(108544K)] 423203K->315203K(645120K), 0.0027701 secs] [Times: user=0.01 sys=0.00, real=0.00 secs] 
1484.621: [GC (Allocation Failure) [PSYoungGen: 108384K->1376K(107520K)] 422211K->315203K(644096K), 0.0022360 secs] [Times: user=0.01 sys=0.00, real=0.01 secs] 
1485.512: [GC (Allocation Failure) [PSYoungGen: 107360K->1392K(106496K)] 421187K->315235K(643072K), 0.0023113 secs] [Times: user=0.01 sys=0.00, real=0.01 secs] 
1486.975: [GC (Allocation Failure) [PSYoungGen: 106352K->1376K(105472K)] 420195K->315219K(642048K), 0.0032257 secs] [Times: user=0.02 sys=0.00, real=0.00 secs] 
1489.180: [GC (Allocation Failure) [PSYoungGen: 105312K->1408K(104448K)] 419155K->315251K(641024K), 0.0023136 secs] [Times: user=0.01 sys=0.00, real=0.00 secs] 
1490.519: [GC (Allocation Failure) [PSYoungGen: 104320K->1376K(103936K)] 418163K->315235K(640512K), 0.0043397 secs] [Times: user=0.01 sys=0.00, real=0.01 secs] 
1492.280: [GC (Allocation Failure) [PSYoungGen: 103776K->1408K(103424K)] 417635K->315267K(640000K), 0.0022308 secs] [Times: user=0.01 sys=0.00, real=0.00 secs] 
1493.160: [GC (Allocation Failure) [PSYoungGen: 103296K->1360K(102912K)] 417155K->315219K(639488K), 0.0031905 secs] [Times: user=0.01 sys=0.00, real=0.01 secs] 
1494.086: [GC (Allocation Failure) [PSYoungGen: 102736K->1376K(102400K)] 416595K->315235K(638976K), 0.0026547 secs] [Times: user=0.01 sys=0.00, real=0.00 secs] 
1496.829: [GC (Allocation Failure) [PSYoungGen: 102240K->1408K(101888K)] 416099K->315267K(638464K), 0.0032669 secs] [Times: user=0.01 sys=0.00, real=0.00 secs] 
1498.095: [GC (Allocation Failure) [PSYoungGen: 101760K->1344K(101376K)] 415619K->315211K(637952K), 0.0034989 secs] [Times: user=0.01 sys=0.00, real=0.00 secs] 
1499.253: [GC (Allocation Failure) [PSYoungGen: 101184K->1376K(100864K)] 415051K->315243K(637440K), 0.0035469 secs] [Times: user=0.01 sys=0.00, real=0.00 secs] 
1500.816: [GC (Allocation Failure) [PSYoungGen: 100704K->1408K(100352K)] 414571K->315275K(636928K), 0.0017275 secs] [Times: user=0.00 sys=0.00, real=0.00 secs] 
1501.273: [GC (Allocation Failure) [PSYoungGen: 100224K->1376K(99840K)] 414091K->315243K(636416K), 0.0021951 secs] [Times: user=0.01 sys=0.00, real=0.00 secs] 
1501.742: [GC (Allocation Failure) [PSYoungGen: 99680K->1344K(104960K)] 413547K->315211K(641536K), 0.0022366 secs] [Times: user=0.01 sys=0.00, real=0.01 secs] 
1503.794: [GC (Allocation Failure) [PSYoungGen: 104768K->1376K(110080K)] 418635K->315259K(646656K), 0.0042035 secs] [Times: user=0.01 sys=0.01, real=0.00 secs] 
1504.635: [GC (Allocation Failure) [PSYoungGen: 109920K->1376K(115200K)] 423803K->315267K(651776K), 0.0024597 secs] [Times: user=0.01 sys=0.00, real=0.00 secs] 
1506.201: [GC (Allocation Failure) [PSYoungGen: 115040K->1376K(114176K)] 428931K->316291K(650752K), 0.0019058 secs] [Times: user=0.01 sys=0.00, real=0.00 secs] 
1507.275: [GC (Allocation Failure) [PSYoungGen: 114016K->1376K(113152K)] 428931K->316291K(649728K), 0.0022670 secs] [Times: user=0.01 sys=0.00, real=0.00 secs] 
1508.385: [GC (Allocation Failure) [PSYoungGen: 112992K->1344K(112128K)] 427907K->316259K(648704K), 0.0025100 secs] [Times: user=0.01 sys=0.00, real=0.00 secs] 
1510.082: [GC (Allocation Failure) [PSYoungGen: 111936K->1424K(111104K)] 426851K->316339K(647680K), 0.0019738 secs] [Times: user=0.00 sys=0.00, real=0.01 secs] 
1510.809: [GC (Allocation Failure) [PSYoungGen: 110992K->1344K(110080K)] 425907K->316259K(646656K), 0.0028203 secs] [Times: user=0.01 sys=0.00, real=0.00 secs] 
1511.330: [GC (Allocation Failure) [PSYoungGen: 109869K->240K(108032K)] 424785K->315171K(644608K), 0.0021468 secs] [Times: user=0.01 sys=0.00, real=0.00 secs] 
1512.520: [GC (Allocation Failure) [PSYoungGen: 107760K->1408K(108544K)] 422691K->316339K(645120K), 0.0017516 secs] [Times: user=0.00 sys=0.00, real=0.00 secs] 
1512.969: [GC (Allocation Failure) [PSYoungGen: 107904K->1344K(107008K)] 422835K->316275K(643584K), 0.0018608 secs] [Times: user=0.01 sys=0.00, real=0.00 secs] 
1514.757: [GC (Allocation Failure) [PSYoungGen: 106816K->1408K(105984K)] 421747K->316339K(642560K), 0.0030189 secs] [Times: user=0.01 sys=0.00, real=0.00 secs] 
1515.558: [GC (Allocation Failure) [PSYoungGen: 105856K->1344K(104960K)] 420787K->316275K(641536K), 0.0026425 secs] [Times: user=0.01 sys=0.00, real=0.00 secs] 
1516.408: [GC (Allocation Failure) [PSYoungGen: 104768K->1376K(104448K)] 419699K->316307K(641024K), 0.0022606 secs] [Times: user=0.01 sys=0.00, real=0.00 secs] 
1518.553: [GC (Allocation Failure) [PSYoungGen: 104288K->1376K(103936K)] 419219K->316307K(640512K), 0.0026234 secs] [Times: user=0.01 sys=0.00, real=0.00 secs] 
1519.412: [GC (Allocation Failure) [PSYoungGen: 103776K->1344K(103424K)] 418707K->316275K(640000K), 0.0024471 secs] [Times: user=0.01 sys=0.00, real=0.01 secs] 
1519.941: [GC (Allocation Failure) [PSYoungGen: 103232K->1344K(102912K)] 418163K->316283K(639488K), 0.0020615 secs] [Times: user=0.01 sys=0.00, real=0.01 secs] 
1521.052: [GC (Allocation Failure) [PSYoungGen: 102720K->1376K(102400K)] 417659K->316315K(638976K), 0.0017058 secs] [Times: user=0.00 sys=0.00, real=0.01 secs] 
1521.480: [GC (Allocation Failure) [PSYoungGen: 102240K->1344K(107520K)] 417179K->316283K(644096K), 0.0020688 secs] [Times: user=0.01 sys=0.00, real=0.00 secs] 
1522.885: [GC (Allocation Failure) [PSYoungGen: 107328K->1376K(113152K)] 422267K->316323K(649728K), 0.0065897 secs] [Times: user=0.03 sys=0.01, real=0.00 secs] 
1524.111: [GC (Allocation Failure) [PSYoungGen: 112992K->1376K(118784K)] 427939K->316323K(655360K), 0.0029652 secs] [Times: user=0.01 sys=0.00, real=0.01 secs] 
1525.161: [GC (Allocation Failure) [PSYoungGen: 118624K->1344K(117760K)] 433571K->316291K(654336K), 0.0022941 secs] [Times: user=0.01 sys=0.01, real=0.01 secs] 
1527.140: [GC (Allocation Failure) [PSYoungGen: 117568K->1392K(116736K)] 432515K->316339K(653312K), 0.0032032 secs] [Times: user=0.02 sys=0.00, real=0.01 secs] 
1528.077: [GC (Allocation Failure) [PSYoungGen: 116592K->1408K(115712K)] 431539K->316355K(652288K), 0.0028593 secs] [Times: user=0.00 sys=0.01, real=0.00 secs] 
1529.393: [GC (Allocation Failure) [PSYoungGen: 115584K->1424K(114688K)] 430531K->316387K(651264K), 0.0017659 secs] [Times: user=0.00 sys=0.00, real=0.00 secs] 
1529.896: [GC (Allocation Failure) [PSYoungGen: 114576K->1360K(113664K)] 429539K->316323K(650240K), 0.0019463 secs] [Times: user=0.01 sys=0.00, real=0.00 secs] 
1530.762: [GC (Allocation Failure) [PSYoungGen: 113488K->1344K(112640K)] 428451K->316307K(649216K), 0.0021207 secs] [Times: user=0.01 sys=0.00, real=0.01 secs] 
1532.798: [GC (Allocation Failure) [PSYoungGen: 112448K->1408K(111616K)] 427411K->316371K(648192K), 0.0022458 secs] [Times: user=0.01 sys=0.00, real=0.00 secs] 
1533.687: [GC (Allocation Failure) [PSYoungGen: 111488K->1344K(110592K)] 426451K->316307K(647168K), 0.0038396 secs] [Times: user=0.01 sys=0.00, real=0.00 secs] 
1535.715: [GC (Allocation Failure) [PSYoungGen: 110400K->1408K(109568K)] 425363K->316371K(646144K), 0.0021837 secs] [Times: user=0.00 sys=0.00, real=0.00 secs] 
1537.873: [GC (Allocation Failure) [PSYoungGen: 109440K->384K(107520K)] 424403K->316371K(644096K), 0.0020684 secs] [Times: user=0.01 sys=0.00, real=0.01 secs] 
1539.917: [GC (Allocation Failure) [PSYoungGen: 107392K->352K(108032K)] 423379K->316339K(644608K), 0.0020951 secs] [Times: user=0.01 sys=0.00, real=0.00 secs] 
1541.629: [GC (Allocation Failure) [PSYoungGen: 106336K->1408K(106496K)] 422323K->317395K(643072K), 0.0017030 secs] [Times: user=0.01 sys=0.00, real=0.00 secs] 
1542.114: [GC (Allocation Failure) [PSYoungGen: 106368K->1344K(105472K)] 422355K->317331K(642048K), 0.0027773 secs] [Times: user=0.01 sys=0.00, real=0.00 secs] 
1542.558: [GC (Allocation Failure) [PSYoungGen: 105280K->1408K(104448K)] 421267K->317395K(641024K), 0.0019089 secs] [Times: user=0.00 sys=0.00, real=0.00 secs] 
1545.308: [GC (Allocation Failure) [PSYoungGen: 104320K->1408K(103936K)] 420307K->317395K(640512K), 0.0040115 secs] [Times: user=0.02 sys=0.00, real=0.00 secs] 
1545.872: [GC (Allocation Failure) [PSYoungGen: 103808K->1376K(103424K)] 419795K->317363K(640000K), 0.0019576 secs] [Times: user=0.01 sys=0.00, real=0.01 secs] 
1547.708: [GC (Allocation Failure) [PSYoungGen: 103264K->1632K(103424K)] 419251K->317619K(640000K), 0.0018514 secs] [Times: user=0.01 sys=0.01, real=0.00 secs] 
1548.903: [GC (Allocation Failure) [PSYoungGen: 103008K->352K(101376K)] 418995K->317363K(637952K), 0.0020078 secs] [Times: user=0.00 sys=0.00, real=0.00 secs] 
1549.323: [GC (Allocation Failure) [PSYoungGen: 101216K->352K(100864K)] 418227K->317363K(637440K), 0.0020779 secs] [Times: user=0.01 sys=0.00, real=0.00 secs] 
1550.912: [GC (Allocation Failure) [PSYoungGen: 100704K->1408K(101376K)] 417715K->318419K(637952K), 0.0020746 secs] [Times: user=0.01 sys=0.00, real=0.01 secs] 
1551.562: [GC (Allocation Failure) [PSYoungGen: 101248K->1344K(100864K)] 418259K->318355K(637440K), 0.0024790 secs] [Times: user=0.01 sys=0.00, real=0.01 secs] 
1552.091: [GC (Allocation Failure) [PSYoungGen: 100672K->1392K(100352K)] 417683K->318419K(636928K), 0.0020728 secs] [Times: user=0.01 sys=0.00, real=0.01 secs] 
1553.772: [GC (Allocation Failure) [PSYoungGen: 100208K->1408K(99840K)] 417235K->318435K(636416K), 0.0018387 secs] [Times: user=0.01 sys=0.00, real=0.01 secs] 
1554.539: [GC (Allocation Failure) [PSYoungGen: 99712K->1344K(99328K)] 416739K->318371K(635904K), 0.0022342 secs] [Times: user=0.01 sys=0.00, real=0.00 secs] 
1554.945: [GC (Allocation Failure) [PSYoungGen: 99136K->1376K(98816K)] 416163K->318403K(635392K), 0.0019753 secs] [Times: user=0.00 sys=0.00, real=0.00 secs] 
1556.557: [GC (Allocation Failure) [PSYoungGen: 98656K->1408K(98304K)] 415683K->318435K(634880K), 0.0029601 secs] [Times: user=0.01 sys=0.00, real=0.00 secs] 
1557.660: [GC (Allocation Failure) [PSYoungGen: 98176K->1376K(97792K)] 415203K->318403K(634368K), 0.0035426 secs] [Times: user=0.01 sys=0.00, real=0.01 secs] 
1558.432: [GC (Allocation Failure) [PSYoungGen: 97632K->1376K(97280K)] 414659K->318403K(633856K), 0.0026294 secs] [Times: user=0.01 sys=0.00, real=0.01 secs] 
1560.317: [GC (Allocation Failure) [PSYoungGen: 97120K->1376K(96768K)] 414147K->318411K(633344K), 0.0041648 secs] [Times: user=0.01 sys=0.00, real=0.00 secs] 
1561.473: [GC (Allocation Failure) [PSYoungGen: 96608K->1344K(96256K)] 413643K->318387K(632832K), 0.0037653 secs] [Times: user=0.02 sys=0.00, real=0.01 secs] 
1562.315: [GC (Allocation Failure) [PSYoungGen: 96064K->1376K(95744K)] 413107K->318419K(632320K), 0.0032785 secs] [Times: user=0.02 sys=0.00, real=0.00 secs] 
1563.606: [GC (Allocation Failure) [PSYoungGen: 95584K->1408K(95232K)] 412627K->318459K(631808K), 0.0016249 secs] [Times: user=0.01 sys=0.00, real=0.00 secs] 
1564.345: [GC (Allocation Failure) [PSYoungGen: 95104K->1376K(100352K)] 412155K->318427K(636928K), 0.0041413 secs] [Times: user=0.01 sys=0.01, real=0.00 secs] 
1565.134: [GC (Allocation Failure) [PSYoungGen: 100192K->1376K(105472K)] 417243K->318427K(642048K), 0.0029533 secs] [Times: user=0.01 sys=0.00, real=0.00 secs] 
1566.525: [GC (Allocation Failure) [PSYoungGen: 105312K->1408K(104448K)] 422363K->318459K(641024K), 0.0018178 secs] [Times: user=0.01 sys=0.00, real=0.00 secs] 
1567.542: [GC (Allocation Failure) [PSYoungGen: 104320K->1392K(103936K)] 421371K->318443K(640512K), 0.0017502 secs] [Times: user=0.00 sys=0.00, real=0.01 secs] 
1568.605: [GC (Allocation Failure) [PSYoungGen: 103792K->1376K(103424K)] 420843K->318427K(640000K), 0.0019302 secs] [Times: user=0.00 sys=0.00, real=0.00 secs] 
1569.849: [GC (Allocation Failure) [PSYoungGen: 103264K->1408K(102912K)] 420315K->318467K(639488K), 0.0018062 secs] [Times: user=0.00 sys=0.00, real=0.00 secs] 
1570.346: [GC (Allocation Failure) [PSYoungGen: 102784K->1376K(102400K)] 419843K->318435K(638976K), 0.0028648 secs] [Times: user=0.01 sys=0.00, real=0.00 secs] 
1571.884: [GC (Allocation Failure) [PSYoungGen: 102240K->1376K(101888K)] 419299K->318435K(638464K), 0.0025200 secs] [Times: user=0.01 sys=0.00, real=0.00 secs] 
1572.540: [GC (Allocation Failure) [PSYoungGen: 101728K->1360K(101376K)] 418787K->318419K(637952K), 0.0025331 secs] [Times: user=0.01 sys=0.00, real=0.00 secs] 
1573.222: [GC (Allocation Failure) [PSYoungGen: 101200K->1376K(106496K)] 418259K->318435K(643072K), 0.0032283 secs] [Times: user=0.01 sys=0.00, real=0.01 secs] 
1575.163: [GC (Allocation Failure) [PSYoungGen: 106336K->1408K(105472K)] 423395K->318467K(642048K), 0.0029310 secs] [Times: user=0.02 sys=0.00, real=0.00 secs] 
1575.852: [GC (Allocation Failure) [PSYoungGen: 105344K->1392K(104448K)] 422403K->318451K(641024K), 0.0026471 secs] [Times: user=0.01 sys=0.00, real=0.01 secs] 
1577.012: [GC (Allocation Failure) [PSYoungGen: 104304K->1376K(103936K)] 421363K->318435K(640512K), 0.0025335 secs] [Times: user=0.01 sys=0.00, real=0.01 secs] 
1578.878: [GC (Allocation Failure) [PSYoungGen: 103776K->1408K(103424K)] 420835K->318467K(640000K), 0.0031353 secs] [Times: user=0.01 sys=0.00, real=0.00 secs] 
1579.597: [GC (Allocation Failure) [PSYoungGen: 103296K->1312K(102912K)] 420355K->318387K(639488K), 0.0021142 secs] [Times: user=0.01 sys=0.00, real=0.00 secs] 
1580.423: [GC (Allocation Failure) [PSYoungGen: 102688K->1376K(102400K)] 419763K->318451K(638976K), 0.0039159 secs] [Times: user=0.01 sys=0.00, real=0.00 secs] 
1581.846: [GC (Allocation Failure) [PSYoungGen: 102240K->1408K(101888K)] 419315K->318483K(638464K), 0.0020266 secs] [Times: user=0.00 sys=0.00, real=0.00 secs] 
1582.332: [GC (Allocation Failure) [PSYoungGen: 101760K->320K(100352K)] 418835K->318419K(636928K), 0.0018549 secs] [Times: user=0.00 sys=0.00, real=0.01 secs] 
1584.029: [GC (Allocation Failure) [PSYoungGen: 100160K->1920K(101376K)] 418259K->320027K(637952K), 0.0024040 secs] [Times: user=0.01 sys=0.00, real=0.00 secs] 
1585.775: [GC (Allocation Failure) [PSYoungGen: 101248K->1376K(100352K)] 419355K->319483K(636928K), 0.0041579 secs] [Times: user=0.02 sys=0.00, real=0.00 secs] 
1587.187: [GC (Allocation Failure) [PSYoungGen: 100192K->1344K(99840K)] 418299K->319459K(636416K), 0.0042374 secs] [Times: user=0.02 sys=0.00, real=0.00 secs] 
1589.549: [GC (Allocation Failure) [PSYoungGen: 99648K->1408K(99328K)] 417763K->319523K(635904K), 0.0016825 secs] [Times: user=0.00 sys=0.00, real=0.00 secs] 
1589.955: [GC (Allocation Failure) [PSYoungGen: 99200K->1344K(98816K)] 417315K->319459K(635392K), 0.0018454 secs] [Times: user=0.00 sys=0.00, real=0.00 secs] 
1590.359: [GC (Allocation Failure) [PSYoungGen: 98624K->1376K(98304K)] 416739K->319499K(634880K), 0.0020619 secs] [Times: user=0.00 sys=0.00, real=0.00 secs] 
1592.473: [GC (Allocation Failure) [PSYoungGen: 98144K->1376K(97792K)] 416267K->319499K(634368K), 0.0032638 secs] [Times: user=0.02 sys=0.00, real=0.00 secs] 
1593.884: [GC (Allocation Failure) [PSYoungGen: 97632K->1344K(97280K)] 415755K->319467K(633856K), 0.0039663 secs] [Times: user=0.02 sys=0.00, real=0.00 secs] 
1594.744: [GC (Allocation Failure) [PSYoungGen: 97088K->1392K(96768K)] 415211K->319515K(633344K), 0.0026785 secs] [Times: user=0.01 sys=0.00, real=0.00 secs] 
1596.942: [GC (Allocation Failure) [PSYoungGen: 96624K->1408K(96256K)] 414747K->319531K(632832K), 0.0021011 secs] [Times: user=0.01 sys=0.00, real=0.01 secs] 
1598.183: [GC (Allocation Failure) [PSYoungGen: 96128K->1344K(95744K)] 414251K->319467K(632320K), 0.0026822 secs] [Times: user=0.01 sys=0.00, real=0.00 secs] 
1599.197: [GC (Allocation Failure) [PSYoungGen: 95552K->1344K(95232K)] 413675K->319467K(631808K), 0.0025326 secs] [Times: user=0.01 sys=0.00, real=0.00 secs] 
1601.111: [GC (Allocation Failure) [PSYoungGen: 95040K->1472K(94720K)] 413163K->319595K(631296K), 0.0096093 secs] [Times: user=0.04 sys=0.00, real=0.01 secs] 
1602.647: [GC (Allocation Failure) [PSYoungGen: 94656K->1344K(94208K)] 412779K->319467K(630784K), 0.0032644 secs] [Times: user=0.01 sys=0.00, real=0.00 secs] 
1603.814: [GC (Allocation Failure) [PSYoungGen: 94016K->1376K(93696K)] 412139K->319499K(630272K), 0.0034107 secs] [Times: user=0.01 sys=0.00, real=0.00 secs] 
1605.463: [GC (Allocation Failure) [PSYoungGen: 93536K->1408K(93184K)] 411659K->319531K(629760K), 0.0017624 secs] [Times: user=0.00 sys=0.00, real=0.00 secs] 
1606.205: [GC (Allocation Failure) [PSYoungGen: 93056K->1376K(92672K)] 411179K->319499K(629248K), 0.0027911 secs] [Times: user=0.01 sys=0.00, real=0.00 secs] 
1606.574: [GC (Allocation Failure) [PSYoungGen: 92512K->1376K(97792K)] 410635K->319499K(634368K), 0.0022059 secs] [Times: user=0.01 sys=0.00, real=0.00 secs] 
1607.884: [GC (Allocation Failure) [PSYoungGen: 97632K->1424K(97280K)] 415755K->319547K(633856K), 0.0018770 secs] [Times: user=0.01 sys=0.00, real=0.00 secs] 
1608.725: [GC (Allocation Failure) [PSYoungGen: 97168K->352K(95744K)] 415291K->319499K(632320K), 0.0019730 secs] [Times: user=0.01 sys=0.00, real=0.00 secs] 
1609.660: [GC (Allocation Failure) [PSYoungGen: 95584K->352K(96768K)] 414731K->319499K(633344K), 0.0019861 secs] [Times: user=0.01 sys=0.00, real=0.00 secs] 
1611.605: [GC (Allocation Failure) [PSYoungGen: 95072K->1376K(95744K)] 414219K->320531K(632320K), 0.0020876 secs] [Times: user=0.01 sys=0.00, real=0.00 secs] 
1612.471: [GC (Allocation Failure) [PSYoungGen: 95584K->1376K(95232K)] 414739K->320531K(631808K), 0.0028639 secs] [Times: user=0.01 sys=0.01, real=0.01 secs] 
1613.265: [GC (Allocation Failure) [PSYoungGen: 95072K->1376K(94720K)] 414227K->320531K(631296K), 0.0026876 secs] [Times: user=0.01 sys=0.00, real=0.00 secs] 
1614.451: [GC (Allocation Failure) [PSYoungGen: 94560K->1408K(94208K)] 413715K->320563K(630784K), 0.0018364 secs] [Times: user=0.01 sys=0.00, real=0.00 secs] 
1614.862: [GC (Allocation Failure) [PSYoungGen: 94080K->1376K(93696K)] 413235K->320531K(630272K), 0.0023737 secs] [Times: user=0.00 sys=0.00, real=0.01 secs] 
1615.496: [GC (Allocation Failure) [PSYoungGen: 93536K->1376K(98816K)] 412691K->320531K(635392K), 0.0033181 secs] [Times: user=0.01 sys=0.00, real=0.00 secs] 
1616.843: [GC (Allocation Failure) [PSYoungGen: 98656K->1408K(98304K)] 417811K->320563K(634880K), 0.0015923 secs] [Times: user=0.01 sys=0.00, real=0.00 secs] 
1617.244: [GC (Allocation Failure) [PSYoungGen: 98176K->1376K(97792K)] 417331K->320547K(634368K), 0.0017219 secs] [Times: user=0.01 sys=0.00, real=0.00 secs] 
1617.643: [GC (Allocation Failure) [PSYoungGen: 97632K->1344K(97280K)] 416803K->320515K(633856K), 0.0015500 secs] [Times: user=0.01 sys=0.00, real=0.00 secs] 
1618.694: [GC (Allocation Failure) [PSYoungGen: 97088K->1392K(96768K)] 416259K->320563K(633344K), 0.0016239 secs] [Times: user=0.00 sys=0.00, real=0.00 secs] 
1619.088: [GC (Allocation Failure) [PSYoungGen: 96624K->1376K(96256K)] 415795K->320547K(632832K), 0.0014865 secs] [Times: user=0.01 sys=0.00, real=0.00 secs] 
1619.480: [GC (Allocation Failure) [PSYoungGen: 96096K->1376K(95744K)] 415267K->320547K(632320K), 0.0016220 secs] [Times: user=0.01 sys=0.01, real=0.00 secs] 
1620.605: [GC (Allocation Failure) [PSYoungGen: 95584K->1392K(95232K)] 414755K->320563K(631808K), 0.0015960 secs] [Times: user=0.01 sys=0.00, real=0.00 secs] 
1621.013: [GC (Allocation Failure) [PSYoungGen: 95088K->1344K(94720K)] 414259K->320515K(631296K), 0.0017804 secs] [Times: user=0.01 sys=0.00, real=0.00 secs] 
1621.400: [GC (Allocation Failure) [PSYoungGen: 94528K->1392K(94208K)] 413699K->320563K(630784K), 0.0015949 secs] [Times: user=0.00 sys=0.00, real=0.00 secs] 
1622.605: [GC (Allocation Failure) [PSYoungGen: 94064K->1408K(93696K)] 413235K->320579K(630272K), 0.0018614 secs] [Times: user=0.00 sys=0.00, real=0.00 secs] 
1623.327: [GC (Allocation Failure) [PSYoungGen: 93568K->1344K(93184K)] 412739K->320523K(629760K), 0.0036812 secs] [Times: user=0.02 sys=0.00, real=0.00 secs] 
1623.820: [GC (Allocation Failure) [PSYoungGen: 92992K->1344K(98304K)] 412171K->320523K(634880K), 0.0021516 secs] [Times: user=0.01 sys=0.00, real=0.00 secs] 
1624.952: [GC (Allocation Failure) [PSYoungGen: 98112K->1392K(97792K)] 417291K->320579K(634368K), 0.0016845 secs] [Times: user=0.01 sys=0.00, real=0.01 secs] 
1625.382: [GC (Allocation Failure) [PSYoungGen: 97648K->1376K(97280K)] 416835K->320563K(633856K), 0.0020552 secs] [Times: user=0.01 sys=0.00, real=0.01 secs] 
1625.817: [GC (Allocation Failure) [PSYoungGen: 97120K->1344K(102912K)] 416307K->320531K(639488K), 0.0017897 secs] [Times: user=0.01 sys=0.00, real=0.00 secs] 
1627.066: [GC (Allocation Failure) [PSYoungGen: 102720K->1440K(102400K)] 421907K->320627K(638976K), 0.0017490 secs] [Times: user=0.01 sys=0.00, real=0.00 secs] 
1627.650: [GC (Allocation Failure) [PSYoungGen: 102304K->1360K(101888K)] 421491K->320547K(638464K), 0.0019402 secs] [Times: user=0.01 sys=0.00, real=0.00 secs] 
1628.372: [GC (Allocation Failure) [PSYoungGen: 101712K->1344K(101376K)] 420899K->320531K(637952K), 0.0020989 secs] [Times: user=0.00 sys=0.00, real=0.01 secs] 
1630.553: [GC (Allocation Failure) [PSYoungGen: 101184K->1440K(100864K)] 420371K->320627K(637440K), 0.0038012 secs] [Times: user=0.02 sys=0.00, real=0.00 secs] 
1631.639: [GC (Allocation Failure) [PSYoungGen: 100768K->1328K(100352K)] 419955K->320515K(636928K), 0.0026619 secs] [Times: user=0.01 sys=0.00, real=0.00 secs] 
1632.846: [GC (Allocation Failure) [PSYoungGen: 100144K->1376K(99840K)] 419331K->320563K(636416K), 0.0037472 secs] [Times: user=0.02 sys=0.00, real=0.00 secs] 
1635.021: [GC (Allocation Failure) [PSYoungGen: 99680K->1440K(99328K)] 418867K->320627K(635904K), 0.0026794 secs] [Times: user=0.01 sys=0.00, real=0.01 secs] 
1636.034: [GC (Allocation Failure) [PSYoungGen: 99232K->320K(97792K)] 418419K->320531K(634368K), 0.0027958 secs] [Times: user=0.01 sys=0.00, real=0.00 secs] 
1636.812: [GC (Allocation Failure) [PSYoungGen: 97600K->352K(98816K)] 417811K->320563K(635392K), 0.0026962 secs] [Times: user=0.01 sys=0.00, real=0.01 secs] 
1638.265: [GC (Allocation Failure) [PSYoungGen: 97120K->1376K(97792K)] 417331K->321595K(634368K), 0.0020897 secs] [Times: user=0.01 sys=0.00, real=0.00 secs] 
1638.707: [GC (Allocation Failure) [PSYoungGen: 97632K->1408K(97280K)] 417851K->321627K(633856K), 0.0020763 secs] [Times: user=0.00 sys=0.00, real=0.00 secs] 
1639.455: [GC (Allocation Failure) [PSYoungGen: 97152K->1376K(96768K)] 417371K->321595K(633344K), 0.0018676 secs] [Times: user=0.01 sys=0.00, real=0.00 secs] 
1641.035: [GC (Allocation Failure) [PSYoungGen: 96608K->1408K(96256K)] 416827K->321627K(632832K), 0.0020645 secs] [Times: user=0.01 sys=0.00, real=0.00 secs] 
1641.514: [GC (Allocation Failure) [PSYoungGen: 96128K->1376K(95744K)] 416347K->321595K(632320K), 0.0018990 secs] [Times: user=0.01 sys=0.00, real=0.00 secs] 
1641.929: [GC (Allocation Failure) [PSYoungGen: 95561K->256K(94208K)] 415780K->320475K(630784K), 0.0021161 secs] [Times: user=0.01 sys=0.00, real=0.00 secs] 
1643.574: [GC (Allocation Failure) [PSYoungGen: 93952K->1376K(94720K)] 414171K->321595K(631296K), 0.0034982 secs] [Times: user=0.01 sys=0.00, real=0.00 secs] 
1644.349: [GC (Allocation Failure) [PSYoungGen: 94560K->1344K(94208K)] 414779K->321563K(630784K), 0.0028969 secs] [Times: user=0.01 sys=0.01, real=0.00 secs] 
1644.859: [GC (Allocation Failure) [PSYoungGen: 94016K->1376K(93696K)] 414235K->321595K(630272K), 0.0019413 secs] [Times: user=0.00 sys=0.00, real=0.00 secs] 
1646.240: [GC (Allocation Failure) [PSYoungGen: 93536K->1408K(93184K)] 413755K->321627K(629760K), 0.0020094 secs] [Times: user=0.00 sys=0.00, real=0.00 secs] 
1646.931: [GC (Allocation Failure) [PSYoungGen: 93056K->1376K(92672K)] 413275K->321595K(629248K), 0.0029415 secs] [Times: user=0.01 sys=0.00, real=0.01 secs] 
1647.658: [GC (Allocation Failure) [PSYoungGen: 92512K->1376K(92160K)] 412731K->321611K(628736K), 0.0025185 secs] [Times: user=0.01 sys=0.00, real=0.00 secs] 
1649.489: [GC (Allocation Failure) [PSYoungGen: 92000K->1376K(91648K)] 412235K->321611K(628224K), 0.0039388 secs] [Times: user=0.01 sys=0.00, real=0.01 secs] 
1650.662: [GC (Allocation Failure) [PSYoungGen: 91488K->1344K(91136K)] 411723K->321579K(627712K), 0.0044580 secs] [Times: user=0.01 sys=0.00, real=0.01 secs] 
1651.544: [GC (Allocation Failure) [PSYoungGen: 90944K->1376K(90624K)] 411179K->321611K(627200K), 0.0025852 secs] [Times: user=0.01 sys=0.00, real=0.00 secs] 
1654.567: [GC (Allocation Failure) [PSYoungGen: 90464K->1376K(90112K)] 410699K->321619K(626688K), 0.0042334 secs] [Times: user=0.02 sys=0.00, real=0.00 secs] 
1655.384: [GC (Allocation Failure) [PSYoungGen: 89952K->1408K(89600K)] 410195K->321651K(626176K), 0.0024552 secs] [Times: user=0.01 sys=0.00, real=0.00 secs] 
1656.310: [GC (Allocation Failure) [PSYoungGen: 89472K->1344K(89088K)] 409715K->321587K(625664K), 0.0031849 secs] [Times: user=0.01 sys=0.00, real=0.01 secs] 
1658.135: [GC (Allocation Failure) [PSYoungGen: 88896K->1408K(88576K)] 409139K->321651K(625152K), 0.0039065 secs] [Times: user=0.01 sys=0.00, real=0.00 secs] 
1659.119: [GC (Allocation Failure) [PSYoungGen: 88448K->1376K(88064K)] 408691K->321619K(624640K), 0.0032329 secs] [Times: user=0.01 sys=0.00, real=0.00 secs] 
1660.229: [GC (Allocation Failure) [PSYoungGen: 87904K->1344K(87552K)] 408147K->321587K(624128K), 0.0029631 secs] [Times: user=0.01 sys=0.00, real=0.00 secs] 
1661.838: [GC (Allocation Failure) [PSYoungGen: 87360K->1376K(87040K)] 407603K->321627K(623616K), 0.0018531 secs] [Times: user=0.01 sys=0.00, real=0.00 secs] 
1662.448: [GC (Allocation Failure) [PSYoungGen: 86880K->1376K(86528K)] 407131K->321627K(623104K), 0.0017921 secs] [Times: user=0.01 sys=0.00, real=0.00 secs] 
1662.801: [GC (Allocation Failure) [PSYoungGen: 86368K->1392K(86016K)] 406619K->321643K(622592K), 0.0019759 secs] [Times: user=0.01 sys=0.00, real=0.01 secs] 
1663.152: [GC (Allocation Failure) [PSYoungGen: 85872K->1344K(91136K)] 406123K->321595K(627712K), 0.0019421 secs] [Times: user=0.01 sys=0.00, real=0.01 secs] 
1664.780: [GC (Allocation Failure) [PSYoungGen: 90944K->1408K(90624K)] 411195K->321659K(627200K), 0.0019814 secs] [Times: user=0.01 sys=0.00, real=0.00 secs] 
1665.821: [GC (Allocation Failure) [PSYoungGen: 90496K->1360K(90112K)] 410747K->321611K(626688K), 0.0021092 secs] [Times: user=0.00 sys=0.00, real=0.01 secs] 
1666.790: [GC (Allocation Failure) [PSYoungGen: 89936K->1360K(89600K)] 410187K->321611K(626176K), 0.0022867 secs] [Times: user=0.01 sys=0.00, real=0.00 secs] 
1669.104: [GC (Allocation Failure) [PSYoungGen: 89424K->1344K(89088K)] 409675K->321595K(625664K), 0.0062049 secs] [Times: user=0.02 sys=0.00, real=0.00 secs] 
1669.744: [GC (Allocation Failure) [PSYoungGen: 88896K->1344K(88576K)] 409147K->321595K(625152K), 0.0019887 secs] [Times: user=0.00 sys=0.00, real=0.00 secs] 
1670.152: [GC (Allocation Failure) [PSYoungGen: 88384K->1344K(88064K)] 408635K->321603K(624640K), 0.0020197 secs] [Times: user=0.01 sys=0.00, real=0.01 secs] 
1671.762: [GC (Allocation Failure) [PSYoungGen: 87872K->1408K(87552K)] 408131K->321667K(624128K), 0.0032069 secs] [Times: user=0.01 sys=0.00, real=0.01 secs] 
1672.681: [GC (Allocation Failure) [PSYoungGen: 87424K->320K(86016K)] 407683K->321603K(622592K), 0.0032282 secs] [Times: user=0.01 sys=0.00, real=0.01 secs] 
1673.507: [GC (Allocation Failure) [PSYoungGen: 85824K->352K(87040K)] 407107K->321635K(623616K), 0.0030882 secs] [Times: user=0.01 sys=0.00, real=0.00 secs] 
1675.064: [GC (Allocation Failure) [PSYoungGen: 85344K->1376K(86016K)] 406627K->322659K(622592K), 0.0019369 secs] [Times: user=0.01 sys=0.00, real=0.00 secs] 
1676.286: [GC (Allocation Failure) [PSYoungGen: 85856K->1376K(85504K)] 407139K->322659K(622080K), 0.0042963 secs] [Times: user=0.01 sys=0.00, real=0.00 secs] 
1677.318: [GC (Allocation Failure) [PSYoungGen: 85344K->1376K(84992K)] 406627K->322667K(621568K), 0.0025831 secs] [Times: user=0.02 sys=0.00, real=0.00 secs] 
1678.110: [GC (Allocation Failure) [PSYoungGen: 84832K->1376K(84480K)] 406123K->322675K(621056K), 0.0027219 secs] [Times: user=0.01 sys=0.00, real=0.01 secs] 
1680.382: [GC (Allocation Failure) [PSYoungGen: 84320K->1376K(83968K)] 405619K->322675K(620544K), 0.0025647 secs] [Times: user=0.01 sys=0.01, real=0.01 secs] 
1681.677: [GC (Allocation Failure) [PSYoungGen: 83808K->1344K(83456K)] 405107K->322643K(620032K), 0.0032682 secs] [Times: user=0.01 sys=0.00, real=0.00 secs] 
1682.379: [GC (Allocation Failure) [PSYoungGen: 83264K->1376K(82944K)] 404563K->322675K(619520K), 0.0020313 secs] [Times: user=0.01 sys=0.00, real=0.00 secs] 
1683.826: [GC (Allocation Failure) [PSYoungGen: 82784K->1424K(82432K)] 404083K->322723K(619008K), 0.0029781 secs] [Times: user=0.00 sys=0.00, real=0.00 secs] 
1684.163: [GC (Allocation Failure) [PSYoungGen: 82320K->1328K(81920K)] 403619K->322627K(618496K), 0.0017527 secs] [Times: user=0.01 sys=0.00, real=0.00 secs] 
1684.559: [GC (Allocation Failure) [PSYoungGen: 81712K->1344K(81408K)] 403011K->322643K(617984K), 0.0019690 secs] [Times: user=0.00 sys=0.00, real=0.00 secs] 
1685.319: [GC (Allocation Failure) [PSYoungGen: 81216K->1408K(80896K)] 402515K->322707K(617472K), 0.0020736 secs] [Times: user=0.01 sys=0.00, real=0.00 secs] 
1686.912: [GC (Allocation Failure) [PSYoungGen: 80768K->1408K(80384K)] 402067K->322707K(616960K), 0.0063636 secs] [Times: user=0.03 sys=0.00, real=0.01 secs] 
1687.624: [GC (Allocation Failure) [PSYoungGen: 80256K->1376K(79872K)] 401555K->322675K(616448K), 0.0021470 secs] [Times: user=0.00 sys=0.00, real=0.00 secs] 
1688.293: [GC (Allocation Failure) [PSYoungGen: 79712K->1344K(79360K)] 401011K->322659K(615936K), 0.0033001 secs] [Times: user=0.01 sys=0.00, real=0.00 secs] 
1690.035: [GC (Allocation Failure) [PSYoungGen: 79168K->1376K(78848K)] 400483K->322691K(615424K), 0.0039876 secs] [Times: user=0.02 sys=0.00, real=0.00 secs] 
1690.889: [GC (Allocation Failure) [PSYoungGen: 78688K->1376K(78336K)] 400003K->322699K(614912K), 0.0031752 secs] [Times: user=0.01 sys=0.00, real=0.00 secs] 
1691.574: [GC (Allocation Failure) [PSYoungGen: 78176K->1344K(77824K)] 399499K->322667K(614400K), 0.0030459 secs] [Times: user=0.01 sys=0.00, real=0.00 secs] 
1692.249: [GC (Allocation Failure) [PSYoungGen: 77632K->1376K(77312K)] 398955K->322699K(613888K), 0.0031545 secs] [Times: user=0.01 sys=0.00, real=0.00 secs] 
1693.813: [GC (Allocation Failure) [PSYoungGen: 77152K->1408K(76800K)] 398475K->322739K(613376K), 0.0022081 secs] [Times: user=0.00 sys=0.00, real=0.01 secs] 
1694.780: [GC (Allocation Failure) [PSYoungGen: 76672K->1376K(76288K)] 398003K->322707K(612864K), 0.0041826 secs] [Times: user=0.01 sys=0.00, real=0.01 secs] 
1695.798: [GC (Allocation Failure) [PSYoungGen: 76128K->1344K(75776K)] 397459K->322675K(612352K), 0.0037910 secs] [Times: user=0.01 sys=0.00, real=0.00 secs] 
1696.471: [GC (Allocation Failure) [PSYoungGen: 75584K->1360K(75264K)] 396915K->322691K(611840K), 0.0021949 secs] [Times: user=0.01 sys=0.00, real=0.01 secs] 
1697.933: [GC (Allocation Failure) [PSYoungGen: 75088K->1408K(74752K)] 396419K->322755K(611328K), 0.0022023 secs] [Times: user=0.01 sys=0.00, real=0.01 secs] 
1698.819: [GC (Allocation Failure) [PSYoungGen: 74624K->1408K(74240K)] 395971K->322755K(610816K), 0.0062199 secs] [Times: user=0.03 sys=0.00, real=0.01 secs] 
1699.722: [GC (Allocation Failure) [PSYoungGen: 74112K->1376K(78848K)] 395459K->322723K(615424K), 0.0038875 secs] [Times: user=0.01 sys=0.00, real=0.01 secs] 
1701.226: [GC (Allocation Failure) [PSYoungGen: 78688K->1424K(78336K)] 400035K->323283K(614912K), 0.0019871 secs] [Times: user=0.01 sys=0.00, real=0.00 secs] 
1701.690: [GC (Allocation Failure) [PSYoungGen: 78224K->320K(76800K)] 400083K->323203K(613376K), 0.0019155 secs] [Times: user=0.01 sys=0.00, real=0.00 secs] 
1702.028: [GC (Allocation Failure) [PSYoungGen: 76608K->352K(82944K)] 399491K->323243K(619520K), 0.0020218 secs] [Times: user=0.01 sys=0.00, real=0.00 secs] 
1702.376: [GC (Allocation Failure) [PSYoungGen: 81248K->336K(86528K)] 404139K->323227K(623104K), 0.0020804 secs] [Times: user=0.01 sys=0.00, real=0.00 secs] 
1704.351: [GC (Allocation Failure) [PSYoungGen: 86352K->1408K(87552K)] 409243K->324307K(624128K), 0.0032004 secs] [Times: user=0.01 sys=0.00, real=0.01 secs] 
1705.291: [GC (Allocation Failure) [PSYoungGen: 86912K->1344K(86528K)] 409811K->324243K(623104K), 0.0032393 secs] [Times: user=0.01 sys=0.01, real=0.01 secs] 
1706.209: [GC (Allocation Failure) [PSYoungGen: 86336K->1376K(86016K)] 409235K->324275K(622592K), 0.0039684 secs] [Times: user=0.02 sys=0.00, real=0.01 secs] 
1708.749: [GC (Allocation Failure) [PSYoungGen: 85856K->1408K(85504K)] 408755K->324307K(622080K), 0.0037334 secs] [Times: user=0.01 sys=0.00, real=0.00 secs] 
1709.547: [GC (Allocation Failure) [PSYoungGen: 85376K->1376K(84992K)] 408275K->324291K(621568K), 0.0021529 secs] [Times: user=0.01 sys=0.00, real=0.00 secs] 
1710.074: [GC (Allocation Failure) [PSYoungGen: 84832K->1376K(84480K)] 407747K->324291K(621056K), 0.0019850 secs] [Times: user=0.01 sys=0.00, real=0.00 secs] 
1710.695: [GC (Allocation Failure) [PSYoungGen: 84320K->1376K(83968K)] 407235K->324291K(620544K), 0.0021103 secs] [Times: user=0.01 sys=0.00, real=0.00 secs] 
1712.312: [GC (Allocation Failure) [PSYoungGen: 83808K->1408K(83456K)] 406723K->324323K(620032K), 0.0040110 secs] [Times: user=0.02 sys=0.00, real=0.01 secs] 
1712.801: [GC (Allocation Failure) [PSYoungGen: 83328K->1376K(82944K)] 406243K->324291K(619520K), 0.0024003 secs] [Times: user=0.01 sys=0.00, real=0.01 secs] 
1713.217: [GC (Allocation Failure) [PSYoungGen: 82784K->1376K(82432K)] 405699K->324291K(619008K), 0.0019795 secs] [Times: user=0.01 sys=0.00, real=0.00 secs] 
1714.604: [GC (Allocation Failure) [PSYoungGen: 82272K->1408K(81920K)] 405187K->324323K(618496K), 0.0020547 secs] [Times: user=0.01 sys=0.00, real=0.00 secs] 
1715.534: [GC (Allocation Failure) [PSYoungGen: 81792K->1344K(81408K)] 404707K->324259K(617984K), 0.0024823 secs] [Times: user=0.01 sys=0.00, real=0.00 secs] 
1716.851: [GC (Allocation Failure) [PSYoungGen: 81216K->1376K(80896K)] 404131K->324291K(617472K), 0.0042429 secs] [Times: user=0.02 sys=0.00, real=0.01 secs] 
1717.825: [GC (Allocation Failure) [PSYoungGen: 80736K->1376K(80384K)] 403651K->324291K(616960K), 0.0026294 secs] [Times: user=0.01 sys=0.00, real=0.00 secs] 
1720.287: [GC (Allocation Failure) [PSYoungGen: 80224K->1408K(79872K)] 403139K->324323K(616448K), 0.0035576 secs] [Times: user=0.01 sys=0.00, real=0.00 secs] 
1721.000: [GC (Allocation Failure) [PSYoungGen: 79744K->1344K(79360K)] 402659K->324267K(615936K), 0.0024176 secs] [Times: user=0.01 sys=0.00, real=0.00 secs] 
1721.526: [GC (Allocation Failure) [PSYoungGen: 79168K->1376K(78848K)] 402091K->324299K(615424K), 0.0022055 secs] [Times: user=0.01 sys=0.00, real=0.00 secs] 
1723.245: [GC (Allocation Failure) [PSYoungGen: 78688K->1408K(78336K)] 401611K->324331K(614912K), 0.0022368 secs] [Times: user=0.01 sys=0.00, real=0.00 secs] 
1723.989: [GC (Allocation Failure) [PSYoungGen: 78208K->1376K(77824K)] 401131K->324299K(614400K), 0.0020986 secs] [Times: user=0.01 sys=0.00, real=0.00 secs] 
1724.352: [GC (Allocation Failure) [PSYoungGen: 77664K->1376K(82432K)] 400587K->324299K(619008K), 0.0031995 secs] [Times: user=0.01 sys=0.00, real=0.01 secs] 
1724.728: [GC (Allocation Failure) [PSYoungGen: 82272K->1344K(88064K)] 405195K->324267K(624640K), 0.0028985 secs] [Times: user=0.01 sys=0.00, real=0.00 secs] 
1727.395: [GC (Allocation Failure) [PSYoungGen: 87872K->1408K(93184K)] 410795K->324331K(629760K), 0.0038763 secs] [Times: user=0.02 sys=0.00, real=0.00 secs] 
1728.380: [GC (Allocation Failure) [PSYoungGen: 93056K->1376K(92672K)] 415979K->324299K(629248K), 0.0026516 secs] [Times: user=0.01 sys=0.00, real=0.01 secs] 
1729.235: [GC (Allocation Failure) [PSYoungGen: 92512K->1376K(92160K)] 415435K->324315K(628736K), 0.0036307 secs] [Times: user=0.02 sys=0.00, real=0.00 secs] 
1731.027: [GC (Allocation Failure) [PSYoungGen: 92000K->1376K(91648K)] 414939K->324323K(628224K), 0.0020561 secs] [Times: user=0.00 sys=0.00, real=0.00 secs] 
1731.807: [GC (Allocation Failure) [PSYoungGen: 91488K->1376K(91136K)] 414435K->324323K(627712K), 0.0025217 secs] [Times: user=0.01 sys=0.00, real=0.00 secs] 
1732.517: [GC (Allocation Failure) [PSYoungGen: 90976K->1408K(90624K)] 413923K->324355K(627200K), 0.0025146 secs] [Times: user=0.01 sys=0.00, real=0.00 secs] 
1734.514: [GC (Allocation Failure) [PSYoungGen: 90496K->1408K(90112K)] 413443K->324355K(626688K), 0.0019112 secs] [Times: user=0.01 sys=0.00, real=0.00 secs] 
1735.646: [GC (Allocation Failure) [PSYoungGen: 89984K->1408K(89600K)] 412931K->324355K(626176K), 0.0032860 secs] [Times: user=0.01 sys=0.01, real=0.00 secs] 
1736.359: [GC (Allocation Failure) [PSYoungGen: 89472K->1408K(89088K)] 412419K->324355K(625664K), 0.0025190 secs] [Times: user=0.01 sys=0.00, real=0.00 secs] 
1737.925: [GC (Allocation Failure) [PSYoungGen: 88960K->1424K(88576K)] 411907K->324371K(625152K), 0.0018141 secs] [Times: user=0.01 sys=0.00, real=0.00 secs] 
1738.285: [GC (Allocation Failure) [PSYoungGen: 88464K->1344K(88064K)] 411411K->324291K(624640K), 0.0023237 secs] [Times: user=0.01 sys=0.00, real=0.00 secs] 
1738.667: [GC (Allocation Failure) [PSYoungGen: 87872K->1376K(87552K)] 410819K->324331K(624128K), 0.0016573 secs] [Times: user=0.01 sys=0.00, real=0.00 secs] 
1739.032: [GC (Allocation Failure) [PSYoungGen: 87392K->320K(86016K)] 410347K->324299K(622592K), 0.0014345 secs] [Times: user=0.01 sys=0.00, real=0.01 secs] 
1740.490: [GC (Allocation Failure) [PSYoungGen: 85824K->1408K(87040K)] 409803K->325387K(623616K), 0.0024952 secs] [Times: user=0.01 sys=0.00, real=0.01 secs] 
1741.197: [GC (Allocation Failure) [PSYoungGen: 86400K->1408K(86016K)] 410379K->325387K(622592K), 0.0025774 secs] [Times: user=0.01 sys=0.00, real=0.00 secs] 
1741.920: [GC (Allocation Failure) [PSYoungGen: 85888K->1376K(85504K)] 409867K->325355K(622080K), 0.0024687 secs] [Times: user=0.01 sys=0.00, real=0.00 secs] 
1743.459: [GC (Allocation Failure) [PSYoungGen: 85344K->1440K(84992K)] 409323K->325419K(621568K), 0.0033480 secs] [Times: user=0.01 sys=0.00, real=0.01 secs] 
1743.880: [GC (Allocation Failure) [PSYoungGen: 84896K->1408K(84480K)] 408875K->325387K(621056K), 0.0025429 secs] [Times: user=0.01 sys=0.00, real=0.00 secs] 
1744.217: [GC (Allocation Failure) [PSYoungGen: 84352K->1376K(89600K)] 408331K->325363K(626176K), 0.0019906 secs] [Times: user=0.01 sys=0.00, real=0.00 secs] 
1745.688: [GC (Allocation Failure) [PSYoungGen: 89440K->1376K(89088K)] 413427K->325363K(625664K), 0.0018094 secs] [Times: user=0.01 sys=0.00, real=0.00 secs] 
1746.145: [GC (Allocation Failure) [PSYoungGen: 88928K->1376K(88576K)] 412915K->325379K(625152K), 0.0017588 secs] [Times: user=0.01 sys=0.00, real=0.00 secs] 
1746.520: [GC (Allocation Failure) [PSYoungGen: 88416K->1344K(94208K)] 412419K->325347K(630784K), 0.0026129 secs] [Times: user=0.01 sys=0.00, real=0.00 secs] 
1747.587: [GC (Allocation Failure) [PSYoungGen: 94016K->1504K(93696K)] 418019K->325603K(630272K), 0.0016826 secs] [Times: user=0.01 sys=0.00, real=0.00 secs] 
1747.990: [GC (Allocation Failure) [PSYoungGen: 93664K->1344K(93184K)] 417763K->325443K(629760K), 0.0018152 secs] [Times: user=0.00 sys=0.00, real=0.00 secs] 
1748.371: [GC (Allocation Failure) [PSYoungGen: 92992K->1312K(99328K)] 417091K->325411K(635904K), 0.0023773 secs] [Times: user=0.01 sys=0.00, real=0.01 secs] 
1749.438: [GC (Allocation Failure) [PSYoungGen: 99104K->1376K(98816K)] 423203K->325475K(635392K), 0.0017616 secs] [Times: user=0.00 sys=0.00, real=0.00 secs] 
1749.867: [GC (Allocation Failure) [PSYoungGen: 98656K->1376K(98304K)] 422755K->325475K(634880K), 0.0016297 secs] [Times: user=0.00 sys=0.00, real=0.00 secs] 
1750.268: [GC (Allocation Failure) [PSYoungGen: 98144K->1408K(97792K)] 422243K->325507K(634368K), 0.0017276 secs] [Times: user=0.01 sys=0.00, real=0.00 secs] 
1751.786: [GC (Allocation Failure) [PSYoungGen: 97664K->912K(96768K)] 421763K->326035K(633344K), 0.0018456 secs] [Times: user=0.01 sys=0.00, real=0.00 secs] 
1752.826: [GC (Allocation Failure) [PSYoungGen: 96656K->416K(95744K)] 421779K->325539K(632320K), 0.0031370 secs] [Times: user=0.02 sys=0.00, real=0.00 secs] 
1753.927: [GC (Allocation Failure) [PSYoungGen: 95648K->416K(95232K)] 420771K->325539K(631808K), 0.0032506 secs] [Times: user=0.01 sys=0.00, real=0.00 secs] 
1756.303: [GC (Allocation Failure) [PSYoungGen: 95136K->1408K(96256K)] 420259K->326539K(632832K), 0.0030806 secs] [Times: user=0.02 sys=0.00, real=0.00 secs] 
1757.588: [GC (Allocation Failure) [PSYoungGen: 95616K->1408K(95232K)] 420747K->326539K(631808K), 0.0020051 secs] [Times: user=0.00 sys=0.00, real=0.00 secs] 
1758.500: [GC (Allocation Failure) [PSYoungGen: 95104K->1408K(94720K)] 420235K->326539K(631296K), 0.0020119 secs] [Times: user=0.01 sys=0.00, real=0.00 secs] 
1760.063: [GC (Allocation Failure) [PSYoungGen: 94592K->1440K(94208K)] 419723K->326571K(630784K), 0.0017565 secs] [Times: user=0.01 sys=0.00, real=0.00 secs] 
1760.978: [GC (Allocation Failure) [PSYoungGen: 94112K->1408K(93696K)] 419243K->326539K(630272K), 0.0036594 secs] [Times: user=0.01 sys=0.00, real=0.00 secs] 
1761.415: [GC (Allocation Failure) [PSYoungGen: 93568K->1344K(93184K)] 418699K->326475K(629760K), 0.0021380 secs] [Times: user=0.00 sys=0.00, real=0.00 secs] 
1762.617: [GC (Allocation Failure) [PSYoungGen: 92992K->1888K(93184K)] 418123K->327043K(629760K), 0.0019215 secs] [Times: user=0.01 sys=0.00, real=0.00 secs] 
1763.125: [GC (Allocation Failure) [PSYoungGen: 93024K->352K(91136K)] 418179K->326531K(627712K), 0.0019529 secs] [Times: user=0.01 sys=0.00, real=0.00 secs] 
1764.182: [GC (Allocation Failure) [PSYoungGen: 90976K->336K(92672K)] 417155K->326515K(629248K), 0.0030467 secs] [Times: user=0.02 sys=0.00, real=0.01 secs] 
1765.540: [GC (Allocation Failure) [PSYoungGen: 90448K->352K(90112K)] 416627K->326531K(626688K), 0.0044009 secs] [Times: user=0.01 sys=0.00, real=0.01 secs] 
1767.385: [GC (Allocation Failure) [PSYoungGen: 89952K->1408K(91648K)] 416131K->327587K(628224K), 0.0026012 secs] [Times: user=0.01 sys=0.00, real=0.00 secs] 
1768.305: [GC (Allocation Failure) [PSYoungGen: 90496K->1376K(90112K)] 416675K->327555K(626688K), 0.0028264 secs] [Times: user=0.01 sys=0.00, real=0.00 secs] 
1769.061: [GC (Allocation Failure) [PSYoungGen: 89952K->1392K(89600K)] 416131K->327571K(626176K), 0.0026013 secs] [Times: user=0.01 sys=0.00, real=0.01 secs] 
1770.274: [GC (Allocation Failure) [PSYoungGen: 89456K->1408K(89088K)] 415635K->327595K(625664K), 0.0020345 secs] [Times: user=0.01 sys=0.00, real=0.00 secs] 
1770.737: [GC (Allocation Failure) [PSYoungGen: 88960K->1376K(88576K)] 415147K->327563K(625152K), 0.0032428 secs] [Times: user=0.01 sys=0.00, real=0.00 secs] 
1771.356: [GC (Allocation Failure) [PSYoungGen: 88416K->1376K(88064K)] 414603K->327563K(624640K), 0.0026204 secs] [Times: user=0.01 sys=0.00, real=0.00 secs] 
1772.671: [GC (Allocation Failure) [PSYoungGen: 87904K->1408K(87552K)] 414091K->327603K(624128K), 0.0020123 secs] [Times: user=0.01 sys=0.00, real=0.01 secs] 
1773.080: [GC (Allocation Failure) [PSYoungGen: 87424K->1392K(87040K)] 413619K->327587K(623616K), 0.0020439 secs] [Times: user=0.00 sys=0.00, real=0.00 secs] 
1773.741: [GC (Allocation Failure) [PSYoungGen: 86896K->1344K(86528K)] 413091K->327539K(623104K), 0.0029977 secs] [Times: user=0.01 sys=0.00, real=0.01 secs] 
1775.100: [GC (Allocation Failure) [PSYoungGen: 86336K->1360K(86016K)] 412531K->327555K(622592K), 0.0017481 secs] [Times: user=0.01 sys=0.00, real=0.00 secs] 
1775.483: [GC (Allocation Failure) [PSYoungGen: 85840K->1408K(85504K)] 412035K->327603K(622080K), 0.0019752 secs] [Times: user=0.01 sys=0.00, real=0.00 secs] 
1776.106: [GC (Allocation Failure) [PSYoungGen: 85376K->1408K(84992K)] 411571K->327611K(621568K), 0.0036193 secs] [Times: user=0.02 sys=0.00, real=0.00 secs] 
1776.910: [GC (Allocation Failure) [PSYoungGen: 84864K->1312K(84480K)] 411067K->327515K(621056K), 0.0032888 secs] [Times: user=0.02 sys=0.00, real=0.01 secs] 
1778.323: [GC (Allocation Failure) [PSYoungGen: 84256K->1408K(83968K)] 410459K->327611K(620544K), 0.0019580 secs] [Times: user=0.01 sys=0.00, real=0.00 secs] 
1778.666: [GC (Allocation Failure) [PSYoungGen: 83840K->1376K(83456K)] 410043K->327579K(620032K), 0.0020193 secs] [Times: user=0.01 sys=0.00, real=0.00 secs] 
1779.007: [GC (Allocation Failure) [PSYoungGen: 83296K->1376K(88576K)] 409499K->327579K(625152K), 0.0019773 secs] [Times: user=0.01 sys=0.00, real=0.00 secs] 
1780.483: [GC (Allocation Failure) [PSYoungGen: 88416K->1376K(88064K)] 414619K->327579K(624640K), 0.0019432 secs] [Times: user=0.01 sys=0.00, real=0.00 secs] 
1781.578: [GC (Allocation Failure) [PSYoungGen: 87904K->1360K(87552K)] 414107K->327563K(624128K), 0.0037309 secs] [Times: user=0.02 sys=0.00, real=0.00 secs] 
1782.323: [GC (Allocation Failure) [PSYoungGen: 87376K->1376K(87040K)] 413579K->327595K(623616K), 0.0027597 secs] [Times: user=0.01 sys=0.00, real=0.01 secs] 
1783.926: [GC (Allocation Failure) [PSYoungGen: 86880K->1392K(86528K)] 413099K->327611K(623104K), 0.0017033 secs] [Times: user=0.01 sys=0.00, real=0.00 secs] 
1784.371: [GC (Allocation Failure) [PSYoungGen: 86384K->1376K(86016K)] 412603K->327595K(622592K), 0.0020903 secs] [Times: user=0.01 sys=0.00, real=0.01 secs] 
1784.737: [GC (Allocation Failure) [PSYoungGen: 85856K->1344K(85504K)] 412075K->327579K(622080K), 0.0021199 secs] [Times: user=0.01 sys=0.00, real=0.00 secs] 
1785.126: [GC (Allocation Failure) [PSYoungGen: 85312K->1392K(84992K)] 411547K->327627K(621568K), 0.0021763 secs] [Times: user=0.01 sys=0.00, real=0.00 secs] 
1786.263: [GC (Allocation Failure) [PSYoungGen: 84848K->1408K(84480K)] 411083K->327643K(621056K), 0.0016664 secs] [Times: user=0.00 sys=0.00, real=0.01 secs] 
1786.745: [GC (Allocation Failure) [PSYoungGen: 84352K->1344K(83968K)] 410587K->327579K(620544K), 0.0021512 secs] [Times: user=0.01 sys=0.00, real=0.00 secs] 
1787.105: [GC (Allocation Failure) [PSYoungGen: 83776K->1344K(83456K)] 410011K->327579K(620032K), 0.0019055 secs] [Times: user=0.01 sys=0.00, real=0.00 secs] 
1788.169: [GC (Allocation Failure) [PSYoungGen: 83264K->1440K(82944K)] 409499K->327675K(619520K), 0.0020317 secs] [Times: user=0.01 sys=0.00, real=0.00 secs] 
1788.513: [GC (Allocation Failure) [PSYoungGen: 82848K->1392K(82432K)] 409083K->327627K(619008K), 0.0017617 secs] [Times: user=0.01 sys=0.00, real=0.00 secs] 
1788.849: [GC (Allocation Failure) [PSYoungGen: 82288K->1376K(81920K)] 408523K->327611K(618496K), 0.0019438 secs] [Times: user=0.01 sys=0.00, real=0.00 secs] 
1789.260: [GC (Allocation Failure) [PSYoungGen: 81750K->240K(86528K)] 407986K->326475K(623104K), 0.0023454 secs] [Times: user=0.01 sys=0.00, real=0.00 secs] 
1790.839: [GC (Allocation Failure) [PSYoungGen: 86256K->1408K(87552K)] 412491K->327643K(624128K), 0.0039529 secs] [Times: user=0.02 sys=0.00, real=0.01 secs] 
1791.423: [GC (Allocation Failure) [PSYoungGen: 86912K->1376K(86528K)] 413147K->327611K(623104K), 0.0021502 secs] [Times: user=0.01 sys=0.00, real=0.00 secs] 
1791.832: [GC (Allocation Failure) [PSYoungGen: 86368K->1408K(86016K)] 412603K->327643K(622592K), 0.0021007 secs] [Times: user=0.01 sys=0.00, real=0.01 secs] 
1793.447: [GC (Allocation Failure) [PSYoungGen: 85888K->1440K(85504K)] 412123K->327675K(622080K), 0.0024811 secs] [Times: user=0.01 sys=0.00, real=0.00 secs] 
1794.705: [GC (Allocation Failure) [PSYoungGen: 85408K->1408K(84992K)] 411643K->327659K(621568K), 0.0036469 secs] [Times: user=0.02 sys=0.00, real=0.00 secs] 
1795.839: [GC (Allocation Failure) [PSYoungGen: 84864K->1392K(84480K)] 411115K->327643K(621056K), 0.0038124 secs] [Times: user=0.01 sys=0.00, real=0.01 secs] 
1797.302: [GC (Allocation Failure) [PSYoungGen: 84336K->1424K(83968K)] 410587K->327675K(620544K), 0.0017901 secs] [Times: user=0.01 sys=0.00, real=0.01 secs] 
1798.174: [GC (Allocation Failure) [PSYoungGen: 83856K->1408K(83456K)] 410107K->327659K(620032K), 0.0032073 secs] [Times: user=0.01 sys=0.00, real=0.00 secs] 
1798.810: [GC (Allocation Failure) [PSYoungGen: 83328K->1408K(82944K)] 409579K->327675K(619520K), 0.0043349 secs] [Times: user=0.01 sys=0.00, real=0.01 secs] 
1799.208: [GC (Allocation Failure) [PSYoungGen: 82816K->1408K(88576K)] 409083K->327675K(625152K), 0.0027493 secs] [Times: user=0.00 sys=0.01, real=0.00 secs] 
1800.712: [GC (Allocation Failure) [PSYoungGen: 88448K->1408K(88064K)] 414715K->327675K(624640K), 0.0019117 secs] [Times: user=0.00 sys=0.01, real=0.01 secs] 
1801.844: [GC (Allocation Failure) [PSYoungGen: 87936K->1376K(87552K)] 414203K->327659K(624128K), 0.0034192 secs] [Times: user=0.01 sys=0.01, real=0.00 secs] 
1802.764: [GC (Allocation Failure) [PSYoungGen: 87392K->1376K(87040K)] 413675K->327659K(623616K), 0.0039516 secs] [Times: user=0.02 sys=0.00, real=0.00 secs] 
1804.157: [GC (Allocation Failure) [PSYoungGen: 86880K->1440K(86528K)] 413163K->327723K(623104K), 0.0015785 secs] [Times: user=0.01 sys=0.00, real=0.00 secs] 
1804.509: [GC (Allocation Failure) [PSYoungGen: 86432K->1328K(86016K)] 412715K->327611K(622592K), 0.0016041 secs] [Times: user=0.01 sys=0.00, real=0.00 secs] 
1805.167: [GC (Allocation Failure) [PSYoungGen: 85808K->1376K(85504K)] 412091K->327659K(622080K), 0.0039007 secs] [Times: user=0.01 sys=0.00, real=0.00 secs] 
1806.718: [GC (Allocation Failure) [PSYoungGen: 85344K->1408K(84992K)] 411627K->327691K(621568K), 0.0019281 secs] [Times: user=0.00 sys=0.00, real=0.00 secs] 
1807.073: [GC (Allocation Failure) [PSYoungGen: 84864K->1344K(84480K)] 411147K->327627K(621056K), 0.0017150 secs] [Times: user=0.01 sys=0.00, real=0.00 secs] 
1807.440: [GC (Allocation Failure) [PSYoungGen: 84288K->1376K(83968K)] 410571K->327675K(620544K), 0.0018722 secs] [Times: user=0.00 sys=0.00, real=0.00 secs] 
1807.792: [GC (Allocation Failure) [PSYoungGen: 83808K->1344K(83456K)] 410107K->327643K(620032K), 0.0018510 secs] [Times: user=0.01 sys=0.00, real=0.01 secs] 
1809.099: [GC (Allocation Failure) [PSYoungGen: 83264K->1408K(82944K)] 409563K->327707K(619520K), 0.0018853 secs] [Times: user=0.00 sys=0.00, real=0.00 secs] 
1809.862: [GC (Allocation Failure) [PSYoungGen: 82816K->352K(87552K)] 409115K->327683K(624128K), 0.0074107 secs] [Times: user=0.03 sys=0.00, real=0.01 secs] 
1810.927: [GC (Allocation Failure) [PSYoungGen: 87392K->352K(94720K)] 414723K->327683K(631296K), 0.0023911 secs] [Times: user=0.01 sys=0.00, real=0.00 secs] 
1812.512: [GC (Allocation Failure) [PSYoungGen: 93024K->1408K(93696K)] 420355K->328739K(630272K), 0.0017528 secs] [Times: user=0.01 sys=0.00, real=0.01 secs] 
1813.305: [GC (Allocation Failure) [PSYoungGen: 93568K->1408K(93184K)] 420899K->328739K(629760K), 0.0040727 secs] [Times: user=0.01 sys=0.00, real=0.00 secs] 
1814.224: [GC (Allocation Failure) [PSYoungGen: 93056K->1376K(92672K)] 420387K->328707K(629248K), 0.0023850 secs] [Times: user=0.01 sys=0.01, real=0.00 secs] 
1816.442: [GC (Allocation Failure) [PSYoungGen: 92512K->1408K(92160K)] 419843K->328739K(628736K), 0.0040766 secs] [Times: user=0.01 sys=0.00, real=0.01 secs] 
1817.720: [GC (Allocation Failure) [PSYoungGen: 92032K->1376K(91648K)] 419363K->328715K(628224K), 0.0037553 secs] [Times: user=0.01 sys=0.00, real=0.01 secs] 
1818.834: [GC (Allocation Failure) [PSYoungGen: 91488K->1392K(91136K)] 418827K->328731K(627712K), 0.0029783 secs] [Times: user=0.01 sys=0.00, real=0.00 secs] 
1820.613: [GC (Allocation Failure) [PSYoungGen: 90992K->1408K(90624K)] 418331K->328747K(627200K), 0.0021620 secs] [Times: user=0.01 sys=0.00, real=0.00 secs] 
1821.144: [GC (Allocation Failure) [PSYoungGen: 90496K->1344K(90112K)] 417835K->328683K(626688K), 0.0023392 secs] [Times: user=0.01 sys=0.00, real=0.00 secs] 
1821.516: [GC (Allocation Failure) [PSYoungGen: 89920K->1376K(89600K)] 417259K->328715K(626176K), 0.0022582 secs] [Times: user=0.01 sys=0.00, real=0.00 secs] 
1823.748: [GC (Allocation Failure) [PSYoungGen: 89440K->1376K(89088K)] 416779K->328715K(625664K), 0.0031860 secs] [Times: user=0.01 sys=0.00, real=0.00 secs] 
1824.767: [GC (Allocation Failure) [PSYoungGen: 88928K->1344K(88576K)] 416267K->328691K(625152K), 0.0030655 secs] [Times: user=0.01 sys=0.00, real=0.00 secs] 
1825.459: [GC (Allocation Failure) [PSYoungGen: 88384K->1360K(88064K)] 415731K->328707K(624640K), 0.0035135 secs] [Times: user=0.02 sys=0.00, real=0.01 secs] 
1826.479: [GC (Allocation Failure) [PSYoungGen: 87888K->1344K(87552K)] 415235K->328691K(624128K), 0.0025244 secs] [Times: user=0.01 sys=0.00, real=0.00 secs] 
1827.657: [GC (Allocation Failure) [PSYoungGen: 87360K->1408K(87040K)] 414707K->328763K(623616K), 0.0019106 secs] [Times: user=0.01 sys=0.00, real=0.00 secs] 
1828.047: [GC (Allocation Failure) [PSYoungGen: 86912K->1376K(86528K)] 414267K->328731K(623104K), 0.0018666 secs] [Times: user=0.01 sys=0.00, real=0.00 secs] 
1828.496: [GC (Allocation Failure) [PSYoungGen: 86368K->1376K(86016K)] 413723K->328739K(622592K), 0.0021308 secs] [Times: user=0.00 sys=0.00, real=0.00 secs] 
1829.824: [GC (Allocation Failure) [PSYoungGen: 85856K->1392K(85504K)] 413219K->328755K(622080K), 0.0021750 secs] [Times: user=0.01 sys=0.00, real=0.00 secs] 
1830.608: [GC (Allocation Failure) [PSYoungGen: 85360K->1376K(84992K)] 412723K->328739K(621568K), 0.0027940 secs] [Times: user=0.01 sys=0.00, real=0.00 secs] 
1831.297: [GC (Allocation Failure) [PSYoungGen: 84832K->1376K(84480K)] 412195K->328739K(621056K), 0.0022486 secs] [Times: user=0.01 sys=0.00, real=0.00 secs] 
1832.444: [GC (Allocation Failure) [PSYoungGen: 84320K->1392K(83968K)] 411683K->328755K(620544K), 0.0018872 secs] [Times: user=0.00 sys=0.00, real=0.00 secs] 
1832.874: [GC (Allocation Failure) [PSYoungGen: 83824K->1376K(83456K)] 411187K->328739K(620032K), 0.0019005 secs] [Times: user=0.01 sys=0.00, real=0.00 secs] 
1833.265: [GC (Allocation Failure) [PSYoungGen: 83296K->1376K(82944K)] 410659K->328739K(619520K), 0.0020634 secs] [Times: user=0.01 sys=0.00, real=0.00 secs] 
1833.610: [GC (Allocation Failure) [PSYoungGen: 82784K->1344K(82432K)] 410147K->328707K(619008K), 0.0019584 secs] [Times: user=0.00 sys=0.00, real=0.00 secs] 
1834.748: [GC (Allocation Failure) [PSYoungGen: 82240K->1408K(81920K)] 409603K->328771K(618496K), 0.0020936 secs] [Times: user=0.01 sys=0.00, real=0.00 secs] 
1835.090: [GC (Allocation Failure) [PSYoungGen: 81792K->336K(80384K)] 409155K->328731K(616960K), 0.0019598 secs] [Times: user=0.01 sys=0.00, real=0.00 secs] 
1835.634: [GC (Allocation Failure) [PSYoungGen: 80208K->352K(81408K)] 408603K->328747K(617984K), 0.0018443 secs] [Times: user=0.01 sys=0.00, real=0.00 secs] 
1837.107: [GC (Allocation Failure) [PSYoungGen: 79712K->1344K(80384K)] 408107K->329739K(616960K), 0.0031415 secs] [Times: user=0.01 sys=0.00, real=0.00 secs] 
1837.460: [GC (Allocation Failure) [PSYoungGen: 80192K->1376K(79872K)] 408587K->329771K(616448K), 0.0020671 secs] [Times: user=0.01 sys=0.00, real=0.00 secs] 
1837.860: [GC (Allocation Failure) [PSYoungGen: 79712K->1376K(79360K)] 408107K->329771K(615936K), 0.0019611 secs] [Times: user=0.01 sys=0.00, real=0.00 secs] 
1838.225: [GC (Allocation Failure) [PSYoungGen: 79200K->1392K(78848K)] 407595K->329787K(615424K), 0.0020808 secs] [Times: user=0.01 sys=0.00, real=0.00 secs] 
1839.228: [GC (Allocation Failure) [PSYoungGen: 78704K->1408K(78336K)] 407099K->329803K(614912K), 0.0015250 secs] [Times: user=0.00 sys=0.00, real=0.00 secs] 
1839.582: [GC (Allocation Failure) [PSYoungGen: 78208K->1376K(77824K)] 406603K->329771K(614400K), 0.0018232 secs] [Times: user=0.00 sys=0.00, real=0.01 secs] 
1839.918: [GC (Allocation Failure) [PSYoungGen: 77664K->1344K(77312K)] 406059K->329739K(613888K), 0.0017018 secs] [Times: user=0.01 sys=0.00, real=0.00 secs] 
1840.394: [GC (Allocation Failure) [PSYoungGen: 77120K->1408K(76800K)] 405515K->329803K(613376K), 0.0017607 secs] [Times: user=0.01 sys=0.00, real=0.00 secs] 
1841.834: [GC (Allocation Failure) [PSYoungGen: 76672K->1408K(76288K)] 405067K->329835K(612864K), 0.0016848 secs] [Times: user=0.00 sys=0.00, real=0.00 secs] 
1842.216: [GC (Allocation Failure) [PSYoungGen: 76160K->1344K(75776K)] 404587K->329771K(612352K), 0.0020399 secs] [Times: user=0.01 sys=0.00, real=0.00 secs] 
1842.556: [GC (Allocation Failure) [PSYoungGen: 75584K->1344K(75264K)] 404011K->329771K(611840K), 0.0018792 secs] [Times: user=0.00 sys=0.00, real=0.00 secs] 
1843.717: [GC (Allocation Failure) [PSYoungGen: 75072K->1408K(74752K)] 403499K->329835K(611328K), 0.0017707 secs] [Times: user=0.01 sys=0.00, real=0.00 secs] 
1844.025: [GC (Allocation Failure) [PSYoungGen: 74624K->1392K(74240K)] 403051K->329819K(610816K), 0.0017711 secs] [Times: user=0.01 sys=0.00, real=0.00 secs] 
1844.444: [GC (Allocation Failure) [PSYoungGen: 74096K->1344K(79872K)] 402523K->329771K(616448K), 0.0041986 secs] [Times: user=0.01 sys=0.00, real=0.00 secs] 
1845.098: [GC (Allocation Failure) [PSYoungGen: 79680K->1376K(85504K)] 408107K->329803K(622080K), 0.0025579 secs] [Times: user=0.01 sys=0.00, real=0.00 secs] 
1846.603: [GC (Allocation Failure) [PSYoungGen: 85344K->1408K(84992K)] 413771K->329835K(621568K), 0.0021375 secs] [Times: user=0.01 sys=0.00, real=0.00 secs] 
1847.533: [GC (Allocation Failure) [PSYoungGen: 84864K->1376K(84480K)] 413291K->329803K(621056K), 0.0032138 secs] [Times: user=0.01 sys=0.00, real=0.00 secs] 
1848.335: [GC (Allocation Failure) [PSYoungGen: 84320K->1376K(83968K)] 412747K->329803K(620544K), 0.0029520 secs] [Times: user=0.01 sys=0.00, real=0.00 secs] 
1849.643: [GC (Allocation Failure) [PSYoungGen: 83808K->1520K(83456K)] 412235K->330011K(620032K), 0.0016634 secs] [Times: user=0.00 sys=0.00, real=0.00 secs] 
1850.002: [GC (Allocation Failure) [PSYoungGen: 83440K->1328K(82944K)] 411931K->329819K(619520K), 0.0017557 secs] [Times: user=0.00 sys=0.00, real=0.01 secs] 
1850.426: [GC (Allocation Failure) [PSYoungGen: 82736K->1312K(82432K)] 411227K->329803K(619008K), 0.0017794 secs] [Times: user=0.01 sys=0.00, real=0.00 secs] 
1850.803: [GC (Allocation Failure) [PSYoungGen: 82208K->1312K(81920K)] 410699K->329803K(618496K), 0.0021706 secs] [Times: user=0.01 sys=0.00, real=0.00 secs] 
1852.272: [GC (Allocation Failure) [PSYoungGen: 81696K->1408K(81408K)] 410187K->329899K(617984K), 0.0022522 secs] [Times: user=0.01 sys=0.00, real=0.01 secs] 
1853.371: [GC (Allocation Failure) [PSYoungGen: 81280K->1440K(80896K)] 409771K->329931K(617472K), 0.0032459 secs] [Times: user=0.01 sys=0.01, real=0.01 secs] 
1854.231: [GC (Allocation Failure) [PSYoungGen: 80800K->1408K(80384K)] 409291K->329899K(616960K), 0.0029911 secs] [Times: user=0.02 sys=0.00, real=0.01 secs] 
1856.050: [GC (Allocation Failure) [PSYoungGen: 80256K->1552K(80384K)] 408747K->330051K(616960K), 0.0018519 secs] [Times: user=0.01 sys=0.00, real=0.00 secs] 
1856.406: [GC (Allocation Failure) [PSYoungGen: 79888K->416K(78336K)] 408387K->329939K(614912K), 0.0021620 secs] [Times: user=0.00 sys=0.00, real=0.00 secs] 
1856.837: [GC (Allocation Failure) [PSYoungGen: 78240K->384K(79360K)] 407763K->329907K(615936K), 0.0019146 secs] [Times: user=0.01 sys=0.00, real=0.00 secs] 
1857.157: [GC (Allocation Failure) [PSYoungGen: 77696K->384K(77312K)] 407219K->329907K(613888K), 0.0020880 secs] [Times: user=0.00 sys=0.00, real=0.00 secs] 
1858.994: [GC (Allocation Failure) [PSYoungGen: 77184K->1408K(78336K)] 406707K->330931K(614912K), 0.0038966 secs] [Times: user=0.01 sys=0.00, real=0.00 secs] 
1859.916: [GC (Allocation Failure) [PSYoungGen: 77696K->1408K(77312K)] 407219K->330931K(613888K), 0.0033989 secs] [Times: user=0.01 sys=0.00, real=0.00 secs] 
1860.629: [GC (Allocation Failure) [PSYoungGen: 77184K->1376K(76800K)] 406707K->330899K(613376K), 0.0027553 secs] [Times: user=0.01 sys=0.00, real=0.00 secs] 
1861.132: [GC (Allocation Failure) [PSYoungGen: 76640K->1392K(76288K)] 406163K->330915K(612864K), 0.0032129 secs] [Times: user=0.02 sys=0.00, real=0.01 secs] 
1862.312: [GC (Allocation Failure) [PSYoungGen: 76144K->1408K(75776K)] 405667K->330971K(612352K), 0.0020609 secs] [Times: user=0.01 sys=0.00, real=0.01 secs] 
1862.620: [GC (Allocation Failure) [PSYoungGen: 75648K->1376K(75264K)] 405211K->330939K(611840K), 0.0017590 secs] [Times: user=0.01 sys=0.00, real=0.00 secs] 
1862.926: [GC (Allocation Failure) [PSYoungGen: 75104K->1344K(74752K)] 404667K->330907K(611328K), 0.0018359 secs] [Times: user=0.00 sys=0.00, real=0.00 secs] 
1863.230: [GC (Allocation Failure) [PSYoungGen: 74560K->1344K(79872K)] 404123K->330907K(616448K), 0.0017897 secs] [Times: user=0.01 sys=0.01, real=0.00 secs] 
1864.265: [GC (Allocation Failure) [PSYoungGen: 79680K->1376K(79360K)] 409243K->330939K(615936K), 0.0017176 secs] [Times: user=0.00 sys=0.00, real=0.00 secs] 
1864.812: [GC (Allocation Failure) [PSYoungGen: 79200K->1344K(78848K)] 408763K->330915K(615424K), 0.0018369 secs] [Times: user=0.01 sys=0.00, real=0.01 secs] 
1865.486: [GC (Allocation Failure) [PSYoungGen: 78656K->1376K(78336K)] 408227K->330947K(614912K), 0.0023016 secs] [Times: user=0.01 sys=0.00, real=0.00 secs] 
1866.990: [GC (Allocation Failure) [PSYoungGen: 78176K->1408K(77824K)] 407747K->330979K(614400K), 0.0018475 secs] [Times: user=0.01 sys=0.00, real=0.00 secs] 
1867.700: [GC (Allocation Failure) [PSYoungGen: 77696K->1376K(77312K)] 407267K->330947K(613888K), 0.0019671 secs] [Times: user=0.01 sys=0.00, real=0.00 secs] 
1868.060: [GC (Allocation Failure) [PSYoungGen: 77152K->1344K(76800K)] 406723K->330915K(613376K), 0.0019759 secs] [Times: user=0.01 sys=0.00, real=0.00 secs] 
1868.459: [GC (Allocation Failure) [PSYoungGen: 76608K->1344K(76288K)] 406179K->330915K(612864K), 0.0020742 secs] [Times: user=0.01 sys=0.00, real=0.00 secs] 
1870.407: [GC (Allocation Failure) [PSYoungGen: 76096K->1376K(75776K)] 405667K->330947K(612352K), 0.0034738 secs] [Times: user=0.01 sys=0.00, real=0.00 secs] 
1871.943: [GC (Allocation Failure) [PSYoungGen: 75616K->1344K(75264K)] 405187K->330915K(611840K), 0.0037551 secs] [Times: user=0.01 sys=0.00, real=0.00 secs] 
1872.854: [GC (Allocation Failure) [PSYoungGen: 75072K->1376K(74752K)] 404643K->330947K(611328K), 0.0041153 secs] [Times: user=0.01 sys=0.00, real=0.00 secs] 
1873.470: [GC (Allocation Failure) [PSYoungGen: 74592K->1408K(74240K)] 404163K->330979K(610816K), 0.0023855 secs] [Times: user=0.00 sys=0.00, real=0.00 secs] 
1874.844: [GC (Allocation Failure) [PSYoungGen: 74112K->1408K(73728K)] 403683K->330979K(610304K), 0.0020113 secs] [Times: user=0.01 sys=0.00, real=0.00 secs] 
1875.503: [GC (Allocation Failure) [PSYoungGen: 73600K->1344K(73216K)] 403171K->330923K(609792K), 0.0023384 secs] [Times: user=0.00 sys=0.00, real=0.00 secs] 
1876.058: [GC (Allocation Failure) [PSYoungGen: 73024K->1360K(72704K)] 402603K->330939K(609280K), 0.0020236 secs] [Times: user=0.00 sys=0.00, real=0.00 secs] 
1876.414: [GC (Allocation Failure) [PSYoungGen: 72528K->1376K(72192K)] 402107K->330955K(608768K), 0.0020013 secs] [Times: user=0.01 sys=0.00, real=0.00 secs] 
1877.612: [GC (Allocation Failure) [PSYoungGen: 72032K->1392K(72192K)] 401611K->330971K(608768K), 0.0017865 secs] [Times: user=0.01 sys=0.00, real=0.01 secs] 
1878.205: [GC (Allocation Failure) [PSYoungGen: 72048K->1344K(72192K)] 401627K->330923K(608768K), 0.0018668 secs] [Times: user=0.01 sys=0.00, real=0.00 secs] 
1878.911: [GC (Allocation Failure) [PSYoungGen: 72000K->1376K(72192K)] 401579K->330955K(608768K), 0.0022188 secs] [Times: user=0.01 sys=0.00, real=0.01 secs] 
1879.411: [GC (Allocation Failure) [PSYoungGen: 72032K->1344K(72192K)] 401611K->330923K(608768K), 0.0020540 secs] [Times: user=0.01 sys=0.00, real=0.01 secs] 
1881.278: [GC (Allocation Failure) [PSYoungGen: 72000K->1408K(72192K)] 401579K->330987K(608768K), 0.0032743 secs] [Times: user=0.01 sys=0.00, real=0.00 secs] 
1882.206: [GC (Allocation Failure) [PSYoungGen: 72064K->1376K(72192K)] 401643K->330955K(608768K), 0.0028223 secs] [Times: user=0.01 sys=0.00, real=0.00 secs] 
1882.749: [GC (Allocation Failure) [PSYoungGen: 72032K->352K(71168K)] 401611K->330955K(607744K), 0.0019558 secs] [Times: user=0.00 sys=0.00, real=0.00 secs] 
1883.091: [GC (Allocation Failure) [PSYoungGen: 71008K->352K(72704K)] 401611K->330955K(609280K), 0.0018805 secs] [Times: user=0.01 sys=0.00, real=0.01 secs] 
1884.392: [GC (Allocation Failure) [PSYoungGen: 71008K->1376K(72192K)] 401611K->331979K(608768K), 0.0019420 secs] [Times: user=0.00 sys=0.00, real=0.01 secs] 
1885.188: [GC (Allocation Failure) [PSYoungGen: 72032K->1344K(72192K)] 402635K->331963K(608768K), 0.0033043 secs] [Times: user=0.01 sys=0.00, real=0.00 secs] 
1885.693: [GC (Allocation Failure) [PSYoungGen: 72000K->1360K(72192K)] 402619K->331979K(608768K), 0.0020360 secs] [Times: user=0.01 sys=0.00, real=0.00 secs] 
1885.986: [GC (Allocation Failure) [PSYoungGen: 72016K->1344K(72192K)] 402635K->331963K(608768K), 0.0019905 secs] [Times: user=0.01 sys=0.00, real=0.00 secs] 
1887.071: [GC (Allocation Failure) [PSYoungGen: 72000K->1376K(72192K)] 402619K->331995K(608768K), 0.0017312 secs] [Times: user=0.01 sys=0.00, real=0.00 secs] 
1887.413: [GC (Allocation Failure) [PSYoungGen: 72032K->1344K(72192K)] 402651K->331963K(608768K), 0.0018488 secs] [Times: user=0.01 sys=0.00, real=0.01 secs] 
1887.759: [GC (Allocation Failure) [PSYoungGen: 72000K->1344K(72192K)] 402619K->331963K(608768K), 0.0017415 secs] [Times: user=0.01 sys=0.00, real=0.00 secs] 
1888.060: [GC (Allocation Failure) [PSYoungGen: 72000K->1344K(72192K)] 402619K->331963K(608768K), 0.0017954 secs] [Times: user=0.01 sys=0.00, real=0.00 secs] 
1890.108: [GC (Allocation Failure) [PSYoungGen: 72000K->1376K(72192K)] 402619K->331995K(608768K), 0.0020682 secs] [Times: user=0.01 sys=0.00, real=0.00 secs] 
1891.015: [GC (Allocation Failure) [PSYoungGen: 72032K->1344K(72192K)] 402651K->331963K(608768K), 0.0035371 secs] [Times: user=0.01 sys=0.01, real=0.00 secs] 
1891.645: [GC (Allocation Failure) [PSYoungGen: 72000K->1328K(72192K)] 402619K->331947K(608768K), 0.0027160 secs] [Times: user=0.01 sys=0.00, real=0.00 secs] 
1892.366: [GC (Allocation Failure) [PSYoungGen: 71984K->1344K(72192K)] 402603K->331963K(608768K), 0.0026775 secs] [Times: user=0.01 sys=0.00, real=0.00 secs] 
1893.617: [GC (Allocation Failure) [PSYoungGen: 72000K->1376K(72192K)] 402619K->331995K(608768K), 0.0017046 secs] [Times: user=0.01 sys=0.00, real=0.00 secs] 
1894.277: [GC (Allocation Failure) [PSYoungGen: 72032K->1344K(72192K)] 402651K->331979K(608768K), 0.0021528 secs] [Times: user=0.01 sys=0.00, real=0.00 secs] 
1894.887: [GC (Allocation Failure) [PSYoungGen: 72000K->1376K(72192K)] 402635K->332011K(608768K), 0.0038040 secs] [Times: user=0.01 sys=0.00, real=0.00 secs] 
1895.479: [GC (Allocation Failure) [PSYoungGen: 72032K->1312K(72192K)] 402667K->331947K(608768K), 0.0031265 secs] [Times: user=0.01 sys=0.00, real=0.00 secs] 
1896.893: [GC (Allocation Failure) [PSYoungGen: 71968K->1408K(72192K)] 402603K->332043K(608768K), 0.0018021 secs] [Times: user=0.01 sys=0.00, real=0.01 secs] 
1897.466: [GC (Allocation Failure) [PSYoungGen: 72064K->1376K(72192K)] 402699K->332011K(608768K), 0.0019175 secs] [Times: user=0.01 sys=0.00, real=0.00 secs] 
1898.015: [GC (Allocation Failure) [PSYoungGen: 72032K->1344K(72192K)] 402667K->331979K(608768K), 0.0017960 secs] [Times: user=0.01 sys=0.00, real=0.00 secs] 
1898.605: [GC (Allocation Failure) [PSYoungGen: 72000K->1376K(72192K)] 402635K->332019K(608768K), 0.0019848 secs] [Times: user=0.01 sys=0.00, real=0.00 secs] 
1899.926: [GC (Allocation Failure) [PSYoungGen: 72032K->1376K(72192K)] 402675K->332019K(608768K), 0.0018875 secs] [Times: user=0.01 sys=0.00, real=0.00 secs] 
1900.529: [GC (Allocation Failure) [PSYoungGen: 72032K->1376K(72192K)] 402675K->332019K(608768K), 0.0019475 secs] [Times: user=0.01 sys=0.00, real=0.00 secs] 
1901.132: [GC (Allocation Failure) [PSYoungGen: 72032K->1360K(72192K)] 402675K->332003K(608768K), 0.0018827 secs] [Times: user=0.01 sys=0.00, real=0.01 secs] 
1901.433: [GC (Allocation Failure) [PSYoungGen: 72016K->1376K(72192K)] 402659K->332027K(608768K), 0.0018036 secs] [Times: user=0.01 sys=0.00, real=0.00 secs] 
1902.937: [GC (Allocation Failure) [PSYoungGen: 72032K->352K(71168K)] 402683K->332035K(607744K), 0.0020561 secs] [Times: user=0.00 sys=0.00, real=0.00 secs] 
1903.708: [GC (Allocation Failure) [PSYoungGen: 71008K->352K(72704K)] 402691K->332035K(609280K), 0.0021895 secs] [Times: user=0.01 sys=0.01, real=0.00 secs] 
1904.770: [GC (Allocation Failure) [PSYoungGen: 71008K->352K(71168K)] 402691K->332035K(607744K), 0.0023222 secs] [Times: user=0.01 sys=0.00, real=0.00 secs] 
1906.093: [GC (Allocation Failure) [PSYoungGen: 71008K->352K(72704K)] 402691K->332043K(609280K), 0.0025991 secs] [Times: user=0.01 sys=0.00, real=0.00 secs] 
1908.220: [GC (Allocation Failure) [PSYoungGen: 71008K->1408K(72192K)] 402699K->333099K(608768K), 0.0025537 secs] [Times: user=0.01 sys=0.00, real=0.01 secs] 
1908.890: [GC (Allocation Failure) [PSYoungGen: 72064K->1344K(72192K)] 403755K->333035K(608768K), 0.0034250 secs] [Times: user=0.01 sys=0.00, real=0.01 secs] 
1909.492: [GC (Allocation Failure) [PSYoungGen: 72000K->1408K(72192K)] 403691K->333099K(608768K), 0.0030833 secs] [Times: user=0.01 sys=0.00, real=0.01 secs] 
1910.125: [GC (Allocation Failure) [PSYoungGen: 72064K->1344K(72192K)] 403755K->333035K(608768K), 0.0026664 secs] [Times: user=0.01 sys=0.00, real=0.00 secs] 
1911.738: [GC (Allocation Failure) [PSYoungGen: 72000K->1408K(72192K)] 403691K->333099K(608768K), 0.0024579 secs] [Times: user=0.01 sys=0.00, real=0.00 secs] 
1912.430: [GC (Allocation Failure) [PSYoungGen: 72064K->1360K(72192K)] 403755K->333051K(608768K), 0.0042405 secs] [Times: user=0.01 sys=0.00, real=0.01 secs] 
1913.116: [GC (Allocation Failure) [PSYoungGen: 72016K->1344K(72192K)] 403707K->333035K(608768K), 0.0026674 secs] [Times: user=0.01 sys=0.00, real=0.00 secs] 
1914.340: [GC (Allocation Failure) [PSYoungGen: 72000K->1376K(72192K)] 403691K->333067K(608768K), 0.0039373 secs] [Times: user=0.01 sys=0.00, real=0.01 secs] 
1915.814: [GC (Allocation Failure) [PSYoungGen: 72032K->1408K(72192K)] 403723K->333099K(608768K), 0.0017966 secs] [Times: user=0.01 sys=0.00, real=0.00 secs] 
1916.273: [GC (Allocation Failure) [PSYoungGen: 72064K->1376K(72192K)] 403755K->333067K(608768K), 0.0029136 secs] [Times: user=0.01 sys=0.00, real=0.00 secs] 
1916.666: [GC (Allocation Failure) [PSYoungGen: 72032K->1408K(72192K)] 403723K->333099K(608768K), 0.0024226 secs] [Times: user=0.01 sys=0.00, real=0.00 secs] 
1917.210: [GC (Allocation Failure) [PSYoungGen: 72064K->1376K(72192K)] 403755K->333083K(608768K), 0.0020201 secs] [Times: user=0.01 sys=0.00, real=0.00 secs] 
1919.204: [GC (Allocation Failure) [PSYoungGen: 72032K->1376K(72192K)] 403739K->333083K(608768K), 0.0025546 secs] [Times: user=0.01 sys=0.00, real=0.00 secs] 
1920.117: [GC (Allocation Failure) [PSYoungGen: 72032K->1376K(72192K)] 403739K->333083K(608768K), 0.0032527 secs] [Times: user=0.01 sys=0.00, real=0.00 secs] 
1921.438: [GC (Allocation Failure) [PSYoungGen: 72032K->1376K(72192K)] 403739K->333083K(608768K), 0.0031137 secs] [Times: user=0.01 sys=0.00, real=0.00 secs] 
1922.424: [GC (Allocation Failure) [PSYoungGen: 72032K->1376K(72192K)] 403739K->333083K(608768K), 0.0032287 secs] [Times: user=0.02 sys=0.00, real=0.00 secs] 
1924.042: [GC (Allocation Failure) [PSYoungGen: 72032K->1376K(72192K)] 403739K->333083K(608768K), 0.0017662 secs] [Times: user=0.01 sys=0.00, real=0.01 secs] 
1925.082: [GC (Allocation Failure) [PSYoungGen: 72032K->1344K(72192K)] 403739K->333051K(608768K), 0.0044097 secs] [Times: user=0.02 sys=0.00, real=0.01 secs] 
1925.900: [GC (Allocation Failure) [PSYoungGen: 72000K->1344K(72192K)] 403707K->333051K(608768K), 0.0039742 secs] [Times: user=0.02 sys=0.00, real=0.01 secs] 
1926.572: [GC (Allocation Failure) [PSYoungGen: 72000K->1344K(72192K)] 403707K->333051K(608768K), 0.0046493 secs] [Times: user=0.02 sys=0.00, real=0.01 secs] 
1928.425: [GC (Allocation Failure) [PSYoungGen: 72000K->1392K(72192K)] 403707K->333107K(608768K), 0.0032159 secs] [Times: user=0.01 sys=0.00, real=0.00 secs] 
1929.072: [GC (Allocation Failure) [PSYoungGen: 72048K->1376K(72192K)] 403763K->333091K(608768K), 0.0028322 secs] [Times: user=0.01 sys=0.00, real=0.01 secs] 
1929.962: [GC (Allocation Failure) [PSYoungGen: 72032K->1376K(72192K)] 403747K->333091K(608768K), 0.0033768 secs] [Times: user=0.01 sys=0.00, real=0.01 secs] 
1930.764: [GC (Allocation Failure) [PSYoungGen: 72032K->1344K(72192K)] 403747K->333059K(608768K), 0.0032428 secs] [Times: user=0.01 sys=0.00, real=0.00 secs] 
1932.439: [GC (Allocation Failure) [PSYoungGen: 72000K->1408K(72192K)] 403715K->333131K(608768K), 0.0020138 secs] [Times: user=0.01 sys=0.00, real=0.00 secs] 
1933.062: [GC (Allocation Failure) [PSYoungGen: 72064K->1408K(72192K)] 403787K->333131K(608768K), 0.0022683 secs] [Times: user=0.00 sys=0.00, real=0.01 secs] 
1933.399: [GC (Allocation Failure) [PSYoungGen: 72064K->1392K(72192K)] 403787K->333115K(608768K), 0.0020623 secs] [Times: user=0.01 sys=0.00, real=0.00 secs] 
1933.751: [GC (Allocation Failure) [PSYoungGen: 72048K->1408K(72192K)] 403771K->333131K(608768K), 0.0023038 secs] [Times: user=0.01 sys=0.00, real=0.01 secs] 
1935.821: [GC (Allocation Failure) [PSYoungGen: 72064K->1440K(72192K)] 403787K->333163K(608768K), 0.0038761 secs] [Times: user=0.02 sys=0.00, real=0.01 secs] 
1936.780: [GC (Allocation Failure) [PSYoungGen: 72096K->1408K(72192K)] 403819K->333131K(608768K), 0.0033036 secs] [Times: user=0.01 sys=0.00, real=0.01 secs] 
1937.072: [GC (Allocation Failure) [PSYoungGen: 72064K->1408K(72192K)] 403787K->333147K(608768K), 0.0020380 secs] [Times: user=0.01 sys=0.00, real=0.01 secs] 
1937.521: [GC (Allocation Failure) [PSYoungGen: 72064K->1376K(72192K)] 403803K->333115K(608768K), 0.0020323 secs] [Times: user=0.00 sys=0.00, real=0.01 secs] 
1939.992: [GC (Allocation Failure) [PSYoungGen: 72032K->1472K(72192K)] 403771K->333211K(608768K), 0.0029879 secs] [Times: user=0.02 sys=0.00, real=0.01 secs] 
1940.342: [GC (Allocation Failure) [PSYoungGen: 72128K->1440K(77312K)] 403867K->333179K(613888K), 0.0032793 secs] [Times: user=0.01 sys=0.00, real=0.01 secs] 
1940.702: [GC (Allocation Failure) [PSYoungGen: 77216K->1408K(82944K)] 408955K->333147K(619520K), 0.0019218 secs] [Times: user=0.01 sys=0.00, real=0.01 secs] 
1941.340: [GC (Allocation Failure) [PSYoungGen: 82804K->336K(81408K)] 414544K->332083K(617984K), 0.0024975 secs] [Times: user=0.01 sys=0.00, real=0.00 secs] 
1942.549: [GC (Allocation Failure) [PSYoungGen: 81232K->1488K(81920K)] 412979K->333235K(618496K), 0.0020943 secs] [Times: user=0.00 sys=0.01, real=0.00 secs] 
1942.883: [GC (Allocation Failure) [PSYoungGen: 81872K->1376K(81408K)] 413619K->333131K(617984K), 0.0020413 secs] [Times: user=0.01 sys=0.00, real=0.00 secs] 
1943.434: [GC (Allocation Failure) [PSYoungGen: 81248K->1408K(87040K)] 413003K->333163K(623616K), 0.0039431 secs] [Times: user=0.01 sys=0.00, real=0.00 secs] 
1945.158: [GC (Allocation Failure) [PSYoungGen: 86912K->1408K(86528K)] 418667K->333179K(623104K), 0.0023823 secs] [Times: user=0.01 sys=0.00, real=0.00 secs] 
1945.912: [GC (Allocation Failure) [PSYoungGen: 86400K->1408K(86016K)] 418171K->333179K(622592K), 0.0029509 secs] [Times: user=0.01 sys=0.01, real=0.01 secs] 
1946.833: [GC (Allocation Failure) [PSYoungGen: 85888K->1392K(85504K)] 417659K->333163K(622080K), 0.0025862 secs] [Times: user=0.00 sys=0.00, real=0.00 secs] 
1948.585: [GC (Allocation Failure) [PSYoungGen: 85360K->1392K(84992K)] 417131K->333163K(621568K), 0.0017523 secs] [Times: user=0.01 sys=0.00, real=0.00 secs] 
1949.585: [GC (Allocation Failure) [PSYoungGen: 84848K->1376K(84480K)] 416619K->333147K(621056K), 0.0042121 secs] [Times: user=0.02 sys=0.01, real=0.00 secs] 
1950.541: [GC (Allocation Failure) [PSYoungGen: 84320K->1360K(83968K)] 416091K->333131K(620544K), 0.0038063 secs] [Times: user=0.02 sys=0.00, real=0.01 secs] 
1951.223: [GC (Allocation Failure) [PSYoungGen: 83792K->1360K(83456K)] 415563K->333131K(620032K), 0.0023639 secs] [Times: user=0.01 sys=0.00, real=0.00 secs] 
1952.889: [GC (Allocation Failure) [PSYoungGen: 83280K->1408K(82944K)] 415051K->333179K(619520K), 0.0031786 secs] [Times: user=0.02 sys=0.00, real=0.00 secs] 
1953.832: [GC (Allocation Failure) [PSYoungGen: 82816K->1344K(82432K)] 414587K->333115K(619008K), 0.0026296 secs] [Times: user=0.01 sys=0.00, real=0.01 secs] 
1954.542: [GC (Allocation Failure) [PSYoungGen: 82240K->1344K(81920K)] 414011K->333115K(618496K), 0.0038024 secs] [Times: user=0.01 sys=0.00, real=0.01 secs] 
1956.227: [GC (Allocation Failure) [PSYoungGen: 81728K->1408K(81408K)] 413499K->333179K(617984K), 0.0022530 secs] [Times: user=0.01 sys=0.00, real=0.00 secs] 
1957.199: [GC (Allocation Failure) [PSYoungGen: 81280K->1376K(80896K)] 413051K->333147K(617472K), 0.0022966 secs] [Times: user=0.01 sys=0.00, real=0.00 secs] 
1958.392: [GC (Allocation Failure) [PSYoungGen: 80736K->1360K(80384K)] 412507K->333139K(616960K), 0.0026877 secs] [Times: user=0.01 sys=0.00, real=0.01 secs] 
1959.647: [GC (Allocation Failure) [PSYoungGen: 80208K->1392K(79872K)] 411987K->333171K(616448K), 0.0032348 secs] [Times: user=0.01 sys=0.00, real=0.00 secs] 
1961.277: [GC (Allocation Failure) [PSYoungGen: 79728K->1392K(79360K)] 411507K->333171K(615936K), 0.0026461 secs] [Times: user=0.01 sys=0.00, real=0.00 secs] 
1961.674: [GC (Allocation Failure) [PSYoungGen: 79216K->320K(77824K)] 410995K->333123K(614400K), 0.0023839 secs] [Times: user=0.01 sys=0.00, real=0.00 secs] 
1962.001: [GC (Allocation Failure) [PSYoungGen: 77632K->320K(78848K)] 410435K->333123K(615424K), 0.0026347 secs] [Times: user=0.01 sys=0.00, real=0.01 secs] 
1963.496: [GC (Allocation Failure) [PSYoungGen: 77120K->1680K(78336K)] 409923K->334483K(614912K), 0.0041377 secs] [Times: user=0.01 sys=0.00, real=0.00 secs] 
1965.391: [GC (Allocation Failure) [PSYoungGen: 77968K->1408K(77312K)] 410771K->334211K(613888K), 0.0036158 secs] [Times: user=0.01 sys=0.00, real=0.01 secs] 
1965.867: [GC (Allocation Failure) [PSYoungGen: 77184K->352K(75776K)] 409987K->334179K(612352K), 0.0021779 secs] [Times: user=0.00 sys=0.00, real=0.00 secs] 
1966.436: [GC (Allocation Failure) [PSYoungGen: 75616K->352K(75264K)] 409443K->334179K(611840K), 0.0019839 secs] [Times: user=0.01 sys=0.00, real=0.00 secs] 
1967.864: [GC (Allocation Failure) [PSYoungGen: 75104K->1408K(75776K)] 408931K->335235K(612352K), 0.0018182 secs] [Times: user=0.01 sys=0.00, real=0.00 secs] 
1968.180: [GC (Allocation Failure) [PSYoungGen: 75648K->1344K(75264K)] 409475K->335187K(611840K), 0.0018178 secs] [Times: user=0.01 sys=0.00, real=0.00 secs] 
1968.528: [GC (Allocation Failure) [PSYoungGen: 75072K->1376K(74752K)] 408915K->335219K(611328K), 0.0017953 secs] [Times: user=0.00 sys=0.00, real=0.00 secs] 
1968.904: [GC (Allocation Failure) [PSYoungGen: 74592K->1360K(74240K)] 408435K->335203K(610816K), 0.0019319 secs] [Times: user=0.01 sys=0.00, real=0.00 secs] 
1969.928: [GC (Allocation Failure) [PSYoungGen: 74064K->1408K(73728K)] 407907K->335251K(610304K), 0.0017408 secs] [Times: user=0.01 sys=0.00, real=0.00 secs] 
1970.296: [GC (Allocation Failure) [PSYoungGen: 73600K->1376K(73216K)] 407443K->335219K(609792K), 0.0019107 secs] [Times: user=0.00 sys=0.00, real=0.00 secs] 
1970.685: [GC (Allocation Failure) [PSYoungGen: 73056K->1376K(72704K)] 406899K->335219K(609280K), 0.0018945 secs] [Times: user=0.01 sys=0.00, real=0.00 secs] 
1971.314: [GC (Allocation Failure) [PSYoungGen: 72544K->1376K(72192K)] 406387K->335219K(608768K), 0.0021560 secs] [Times: user=0.01 sys=0.00, real=0.00 secs] 
1972.624: [GC (Allocation Failure) [PSYoungGen: 72032K->1408K(72192K)] 405875K->335251K(608768K), 0.0026535 secs] [Times: user=0.01 sys=0.00, real=0.00 secs] 
1972.920: [GC (Allocation Failure) [PSYoungGen: 72064K->1376K(72192K)] 405907K->335219K(608768K), 0.0021427 secs] [Times: user=0.00 sys=0.00, real=0.00 secs] 
1973.253: [GC (Allocation Failure) [PSYoungGen: 72032K->1328K(72192K)] 405875K->335171K(608768K), 0.0019969 secs] [Times: user=0.01 sys=0.00, real=0.00 secs] 
1973.708: [GC (Allocation Failure) [PSYoungGen: 71984K->1376K(72192K)] 405827K->335235K(608768K), 0.0021253 secs] [Times: user=0.01 sys=0.00, real=0.00 secs] 
1975.097: [GC (Allocation Failure) [PSYoungGen: 72032K->1408K(72192K)] 405891K->335267K(608768K), 0.0019787 secs] [Times: user=0.01 sys=0.00, real=0.00 secs] 
1975.391: [GC (Allocation Failure) [PSYoungGen: 72064K->1376K(72192K)] 405923K->335235K(608768K), 0.0020645 secs] [Times: user=0.01 sys=0.00, real=0.01 secs] 
1975.690: [GC (Allocation Failure) [PSYoungGen: 72032K->1344K(72192K)] 405891K->335203K(608768K), 0.0018879 secs] [Times: user=0.00 sys=0.00, real=0.00 secs] 
1976.054: [GC (Allocation Failure) [PSYoungGen: 72000K->1376K(77312K)] 405859K->335235K(613888K), 0.0020373 secs] [Times: user=0.01 sys=0.00, real=0.00 secs] 
1977.447: [GC (Allocation Failure) [PSYoungGen: 77152K->1408K(76800K)] 411011K->335267K(613376K), 0.0017762 secs] [Times: user=0.00 sys=0.00, real=0.00 secs] 
1978.379: [GC (Allocation Failure) [PSYoungGen: 76672K->1376K(76288K)] 410531K->335235K(612864K), 0.0044284 secs] [Times: user=0.01 sys=0.00, real=0.01 secs] 
1979.241: [GC (Allocation Failure) [PSYoungGen: 76128K->1360K(75776K)] 409987K->335219K(612352K), 0.0031014 secs] [Times: user=0.01 sys=0.00, real=0.01 secs] 
1979.727: [GC (Allocation Failure) [PSYoungGen: 75600K->1344K(75264K)] 409459K->335203K(611840K), 0.0023957 secs] [Times: user=0.01 sys=0.00, real=0.00 secs] 
1981.145: [GC (Allocation Failure) [PSYoungGen: 75072K->1408K(74752K)] 408931K->335267K(611328K), 0.0020631 secs] [Times: user=0.01 sys=0.00, real=0.00 secs] 
1981.826: [GC (Allocation Failure) [PSYoungGen: 74624K->1376K(74240K)] 408483K->335235K(610816K), 0.0021938 secs] [Times: user=0.00 sys=0.00, real=0.00 secs] 
1982.128: [GC (Allocation Failure) [PSYoungGen: 74080K->1376K(73728K)] 407939K->335235K(610304K), 0.0019938 secs] [Times: user=0.01 sys=0.00, real=0.00 secs] 
1982.428: [GC (Allocation Failure) [PSYoungGen: 73568K->1344K(73216K)] 407427K->335219K(609792K), 0.0021324 secs] [Times: user=0.01 sys=0.00, real=0.00 secs] 
1983.723: [GC (Allocation Failure) [PSYoungGen: 73024K->1408K(72704K)] 406899K->335283K(609280K), 0.0023457 secs] [Times: user=0.01 sys=0.00, real=0.00 secs] 
1984.367: [GC (Allocation Failure) [PSYoungGen: 72576K->1376K(72192K)] 406451K->335251K(608768K), 0.0023782 secs] [Times: user=0.01 sys=0.00, real=0.00 secs] 
1985.072: [GC (Allocation Failure) [PSYoungGen: 72032K->1376K(72192K)] 405907K->335251K(608768K), 0.0023120 secs] [Times: user=0.01 sys=0.00, real=0.01 secs] 
1985.749: [GC (Allocation Failure) [PSYoungGen: 72018K->256K(71168K)] 405894K->334131K(607744K), 0.0026370 secs] [Times: user=0.01 sys=0.00, real=0.00 secs] 
1987.751: [GC (Allocation Failure) [PSYoungGen: 70912K->1392K(72192K)] 404787K->335267K(608768K), 0.0032004 secs] [Times: user=0.01 sys=0.00, real=0.01 secs] 
1988.186: [GC (Allocation Failure) [PSYoungGen: 72048K->1360K(72192K)] 405923K->335235K(608768K), 0.0021150 secs] [Times: user=0.01 sys=0.00, real=0.00 secs] 
1988.748: [GC (Allocation Failure) [PSYoungGen: 72016K->1376K(72192K)] 405891K->335251K(608768K), 0.0019435 secs] [Times: user=0.01 sys=0.00, real=0.00 secs] 
1989.317: [GC (Allocation Failure) [PSYoungGen: 72032K->1376K(72192K)] 405907K->335251K(608768K), 0.0022936 secs] [Times: user=0.01 sys=0.00, real=0.00 secs] 
1991.219: [GC (Allocation Failure) [PSYoungGen: 72032K->1376K(72192K)] 405907K->335251K(608768K), 0.0020747 secs] [Times: user=0.01 sys=0.00, real=0.00 secs] 
1992.074: [GC (Allocation Failure) [PSYoungGen: 72032K->1376K(72192K)] 405907K->335251K(608768K), 0.0024907 secs] [Times: user=0.01 sys=0.00, real=0.00 secs] 
1992.726: [GC (Allocation Failure) [PSYoungGen: 72032K->1344K(72192K)] 405907K->335219K(608768K), 0.0025698 secs] [Times: user=0.01 sys=0.00, real=0.00 secs] 
1993.373: [GC (Allocation Failure) [PSYoungGen: 72000K->1376K(72192K)] 405875K->335251K(608768K), 0.0023802 secs] [Times: user=0.01 sys=0.00, real=0.00 secs] 
1994.873: [GC (Allocation Failure) [PSYoungGen: 72032K->1376K(72192K)] 405907K->335251K(608768K), 0.0038188 secs] [Times: user=0.01 sys=0.00, real=0.00 secs] 
1995.767: [GC (Allocation Failure) [PSYoungGen: 72032K->1376K(72192K)] 405907K->335251K(608768K), 0.0032919 secs] [Times: user=0.01 sys=0.00, real=0.00 secs] 
1996.566: [GC (Allocation Failure) [PSYoungGen: 72032K->1376K(72192K)] 405907K->335267K(608768K), 0.0022901 secs] [Times: user=0.01 sys=0.00, real=0.00 secs] 
1997.436: [GC (Allocation Failure) [PSYoungGen: 72032K->1360K(72192K)] 405923K->335251K(608768K), 0.0041233 secs] [Times: user=0.02 sys=0.00, real=0.00 secs] 
1998.963: [GC (Allocation Failure) [PSYoungGen: 72016K->1392K(72192K)] 405907K->335283K(608768K), 0.0034646 secs] [Times: user=0.02 sys=0.00, real=0.00 secs] 
2001.811: [GC (Allocation Failure) [PSYoungGen: 72048K->1344K(72192K)] 405939K->335235K(608768K), 0.0025228 secs] [Times: user=0.01 sys=0.00, real=0.01 secs] 
2002.506: [GC (Allocation Failure) [PSYoungGen: 72000K->1376K(72192K)] 405891K->335267K(608768K), 0.0019392 secs] [Times: user=0.01 sys=0.00, real=0.00 secs] 
2003.373: [GC (Allocation Failure) [PSYoungGen: 72008K->240K(71168K)] 405900K->334131K(607744K), 0.0032832 secs] [Times: user=0.01 sys=0.01, real=0.00 secs] 
2005.258: [GC (Allocation Failure) [PSYoungGen: 70896K->1408K(72192K)] 404787K->335299K(608768K), 0.0020314 secs] [Times: user=0.01 sys=0.00, real=0.00 secs] 
2006.413: [GC (Allocation Failure) [PSYoungGen: 72064K->1376K(72192K)] 405955K->335267K(608768K), 0.0036920 secs] [Times: user=0.01 sys=0.00, real=0.00 secs] 
2006.928: [GC (Allocation Failure) [PSYoungGen: 72032K->1376K(72192K)] 405923K->335267K(608768K), 0.0025677 secs] [Times: user=0.01 sys=0.00, real=0.00 secs] 
2007.575: [GC (Allocation Failure) [PSYoungGen: 72032K->1376K(72192K)] 405923K->335267K(608768K), 0.0025763 secs] [Times: user=0.01 sys=0.00, real=0.00 secs] 
2008.991: [GC (Allocation Failure) [PSYoungGen: 72032K->1408K(72192K)] 405923K->335299K(608768K), 0.0020377 secs] [Times: user=0.01 sys=0.00, real=0.01 secs] 
2009.531: [GC (Allocation Failure) [PSYoungGen: 72064K->1376K(72192K)] 405955K->335275K(608768K), 0.0021363 secs] [Times: user=0.01 sys=0.00, real=0.01 secs] 
2009.825: [GC (Allocation Failure) [PSYoungGen: 72032K->1376K(72192K)] 405931K->335275K(608768K), 0.0018835 secs] [Times: user=0.00 sys=0.00, real=0.00 secs] 
2010.131: [GC (Allocation Failure) [PSYoungGen: 72032K->1376K(72192K)] 405931K->335283K(608768K), 0.0021713 secs] [Times: user=0.01 sys=0.00, real=0.01 secs] 
2011.396: [GC (Allocation Failure) [PSYoungGen: 72032K->1408K(72192K)] 405939K->335315K(608768K), 0.0020176 secs] [Times: user=0.01 sys=0.00, real=0.00 secs] 
2011.688: [GC (Allocation Failure) [PSYoungGen: 72064K->1376K(72192K)] 405971K->335283K(608768K), 0.0021275 secs] [Times: user=0.00 sys=0.00, real=0.00 secs] 
2012.259: [GC (Allocation Failure) [PSYoungGen: 72032K->1360K(72192K)] 405939K->335267K(608768K), 0.0021237 secs] [Times: user=0.01 sys=0.00, real=0.00 secs] 
2013.034: [GC (Allocation Failure) [PSYoungGen: 72016K->288K(71168K)] 405923K->334195K(607744K), 0.0020598 secs] [Times: user=0.01 sys=0.00, real=0.00 secs] 
2014.758: [GC (Allocation Failure) [PSYoungGen: 70944K->1408K(72192K)] 404851K->335315K(608768K), 0.0039737 secs] [Times: user=0.02 sys=0.00, real=0.00 secs] 
2015.607: [GC (Allocation Failure) [PSYoungGen: 72064K->1312K(72192K)] 405971K->335227K(608768K), 0.0043808 secs] [Times: user=0.01 sys=0.00, real=0.00 secs] 
2016.615: [GC (Allocation Failure) [PSYoungGen: 71968K->1376K(72192K)] 405883K->335291K(608768K), 0.0040291 secs] [Times: user=0.02 sys=0.00, real=0.00 secs] 
2017.379: [GC (Allocation Failure) [PSYoungGen: 72032K->1344K(72192K)] 405947K->335259K(608768K), 0.0032324 secs] [Times: user=0.01 sys=0.00, real=0.00 secs] 
2018.807: [GC (Allocation Failure) [PSYoungGen: 72000K->1376K(72192K)] 405915K->335291K(608768K), 0.0032601 secs] [Times: user=0.01 sys=0.00, real=0.00 secs] 
2019.518: [GC (Allocation Failure) [PSYoungGen: 72032K->1376K(72192K)] 405947K->335291K(608768K), 0.0029618 secs] [Times: user=0.01 sys=0.00, real=0.00 secs] 
2020.195: [GC (Allocation Failure) [PSYoungGen: 72032K->1376K(72192K)] 405947K->335291K(608768K), 0.0026316 secs] [Times: user=0.01 sys=0.00, real=0.00 secs] 
2020.807: [GC (Allocation Failure) [PSYoungGen: 71997K->256K(71168K)] 405913K->334171K(607744K), 0.0025209 secs] [Times: user=0.01 sys=0.00, real=0.00 secs] 
2022.288: [GC (Allocation Failure) [PSYoungGen: 70912K->1376K(72192K)] 404827K->335291K(608768K), 0.0023165 secs] [Times: user=0.01 sys=0.00, real=0.00 secs] 
2023.107: [GC (Allocation Failure) [PSYoungGen: 72032K->1376K(72192K)] 405947K->335291K(608768K), 0.0027695 secs] [Times: user=0.01 sys=0.00, real=0.00 secs] 
2024.082: [GC (Allocation Failure) [PSYoungGen: 72032K->1376K(72192K)] 405947K->335291K(608768K), 0.0032494 secs] [Times: user=0.01 sys=0.00, real=0.01 secs] 
2024.904: [GC (Allocation Failure) [PSYoungGen: 72032K->1376K(72192K)] 405947K->335299K(608768K), 0.0028517 secs] [Times: user=0.01 sys=0.00, real=0.00 secs] 
2026.477: [GC (Allocation Failure) [PSYoungGen: 72032K->1424K(72192K)] 405955K->335347K(608768K), 0.0021382 secs] [Times: user=0.01 sys=0.00, real=0.00 secs] 
2027.228: [GC (Allocation Failure) [PSYoungGen: 72080K->1376K(72192K)] 406003K->335299K(608768K), 0.0027424 secs] [Times: user=0.01 sys=0.00, real=0.00 secs] 
2027.922: [GC (Allocation Failure) [PSYoungGen: 72032K->1344K(72192K)] 405955K->335275K(608768K), 0.0030969 secs] [Times: user=0.01 sys=0.00, real=0.01 secs] 
2028.529: [GC (Allocation Failure) [PSYoungGen: 72000K->1344K(72192K)] 405931K->335275K(608768K), 0.0032516 secs] [Times: user=0.01 sys=0.00, real=0.00 secs] 
2029.677: [GC (Allocation Failure) [PSYoungGen: 72000K->1376K(72192K)] 405931K->335307K(608768K), 0.0017626 secs] [Times: user=0.00 sys=0.00, real=0.00 secs] 
2030.060: [GC (Allocation Failure) [PSYoungGen: 72032K->1360K(72192K)] 405963K->335291K(608768K), 0.0017013 secs] [Times: user=0.01 sys=0.00, real=0.00 secs] 
2030.615: [GC (Allocation Failure) [PSYoungGen: 72016K->1344K(72192K)] 405947K->335275K(608768K), 0.0017611 secs] [Times: user=0.01 sys=0.00, real=0.00 secs] 
2031.171: [GC (Allocation Failure) [PSYoungGen: 72000K->1408K(72192K)] 405931K->335339K(608768K), 0.0017193 secs] [Times: user=0.01 sys=0.00, real=0.00 secs] 
2032.593: [GC (Allocation Failure) [PSYoungGen: 72064K->1408K(72192K)] 405995K->335339K(608768K), 0.0019493 secs] [Times: user=0.01 sys=0.00, real=0.00 secs] 
2033.327: [GC (Allocation Failure) [PSYoungGen: 72064K->1328K(72192K)] 405995K->335259K(608768K), 0.0022687 secs] [Times: user=0.01 sys=0.00, real=0.00 secs] 
2034.060: [GC (Allocation Failure) [PSYoungGen: 71984K->1344K(72192K)] 405915K->335275K(608768K), 0.0029971 secs] [Times: user=0.01 sys=0.00, real=0.00 secs] 
2034.987: [GC (Allocation Failure) [PSYoungGen: 72000K->1344K(72192K)] 405931K->335275K(608768K), 0.0025642 secs] [Times: user=0.01 sys=0.00, real=0.00 secs] 
2036.035: [GC (Allocation Failure) [PSYoungGen: 72000K->1376K(72192K)] 405931K->335315K(608768K), 0.0016624 secs] [Times: user=0.00 sys=0.01, real=0.00 secs] 
2036.329: [GC (Allocation Failure) [PSYoungGen: 72032K->1376K(72192K)] 405971K->335315K(608768K), 0.0017751 secs] [Times: user=0.01 sys=0.00, real=0.00 secs] 
2036.622: [GC (Allocation Failure) [PSYoungGen: 72032K->1376K(72192K)] 405971K->335315K(608768K), 0.0018086 secs] [Times: user=0.00 sys=0.00, real=0.01 secs] 
2036.915: [GC (Allocation Failure) [PSYoungGen: 72032K->1376K(72192K)] 405971K->335315K(608768K), 0.0022493 secs] [Times: user=0.01 sys=0.00, real=0.00 secs] 
2039.816: [GC (Allocation Failure) [PSYoungGen: 72032K->1440K(72192K)] 405971K->335379K(608768K), 0.0033757 secs] [Times: user=0.01 sys=0.00, real=0.00 secs] 
2040.343: [GC (Allocation Failure) [PSYoungGen: 72096K->1408K(72192K)] 406035K->335347K(608768K), 0.0020891 secs] [Times: user=0.00 sys=0.00, real=0.01 secs] 
2040.666: [GC (Allocation Failure) [PSYoungGen: 72064K->1408K(72192K)] 406003K->335347K(608768K), 0.0020624 secs] [Times: user=0.00 sys=0.01, real=0.00 secs] 
2041.273: [GC (Allocation Failure) [PSYoungGen: 72064K->1376K(72192K)] 406003K->335315K(608768K), 0.0026353 secs] [Times: user=0.01 sys=0.00, real=0.00 secs] 
2043.152: [GC (Allocation Failure) [PSYoungGen: 72032K->1392K(72192K)] 405971K->335331K(608768K), 0.0031057 secs] [Times: user=0.01 sys=0.00, real=0.01 secs] 
2044.163: [GC (Allocation Failure) [PSYoungGen: 72048K->1360K(72192K)] 405987K->335299K(608768K), 0.0033769 secs] [Times: user=0.02 sys=0.00, real=0.00 secs] 
2044.469: [GC (Allocation Failure) [PSYoungGen: 72016K->320K(71168K)] 405955K->335283K(607744K), 0.0021128 secs] [Times: user=0.01 sys=0.00, real=0.00 secs] 
2045.047: [GC (Allocation Failure) [PSYoungGen: 70976K->336K(72704K)] 405939K->335307K(609280K), 0.0024305 secs] [Times: user=0.01 sys=0.00, real=0.00 secs] 
2046.952: [GC (Allocation Failure) [PSYoungGen: 70992K->1376K(72192K)] 405963K->336347K(608768K), 0.0030313 secs] [Times: user=0.01 sys=0.00, real=0.01 secs] 
2047.831: [GC (Allocation Failure) [PSYoungGen: 72032K->1376K(72192K)] 407003K->336347K(608768K), 0.0023500 secs] [Times: user=0.01 sys=0.00, real=0.01 secs] 
2048.413: [GC (Allocation Failure) [PSYoungGen: 72032K->1376K(72192K)] 407003K->336347K(608768K), 0.0021000 secs] [Times: user=0.01 sys=0.00, real=0.01 secs] 
2048.765: [GC (Allocation Failure) [PSYoungGen: 72032K->288K(71168K)] 407003K->335259K(607744K), 0.0019808 secs] [Times: user=0.01 sys=0.00, real=0.00 secs] 
2049.778: [GC (Allocation Failure) [PSYoungGen: 70944K->1376K(72192K)] 405915K->336347K(608768K), 0.0017824 secs] [Times: user=0.00 sys=0.00, real=0.00 secs] 
2050.076: [GC (Allocation Failure) [PSYoungGen: 72032K->1376K(72192K)] 407003K->336347K(608768K), 0.0023224 secs] [Times: user=0.01 sys=0.00, real=0.00 secs] 
2050.679: [GC (Allocation Failure) [PSYoungGen: 72032K->1376K(72192K)] 407003K->336347K(608768K), 0.0023909 secs] [Times: user=0.01 sys=0.00, real=0.00 secs] 
2051.250: [GC (Allocation Failure) [PSYoungGen: 72020K->240K(71168K)] 406992K->335219K(607744K), 0.0027093 secs] [Times: user=0.01 sys=0.00, real=0.00 secs] 
2052.266: [GC (Allocation Failure) [PSYoungGen: 70896K->1392K(72192K)] 405875K->336371K(608768K), 0.0019525 secs] [Times: user=0.01 sys=0.00, real=0.00 secs] 
2052.612: [GC (Allocation Failure) [PSYoungGen: 72048K->1376K(72192K)] 407027K->336355K(608768K), 0.0018844 secs] [Times: user=0.00 sys=0.00, real=0.01 secs] 
2053.170: [GC (Allocation Failure) [PSYoungGen: 72032K->1376K(72192K)] 407011K->336355K(608768K), 0.0019638 secs] [Times: user=0.01 sys=0.00, real=0.00 secs] 
2053.759: [GC (Allocation Failure) [PSYoungGen: 71886K->240K(71168K)] 406866K->335227K(607744K), 0.0023755 secs] [Times: user=0.01 sys=0.00, real=0.00 secs] 
2054.737: [GC (Allocation Failure) [PSYoungGen: 70896K->1408K(72192K)] 405883K->336395K(608768K), 0.0018055 secs] [Times: user=0.00 sys=0.00, real=0.00 secs] 
2055.107: [GC (Allocation Failure) [PSYoungGen: 72064K->1360K(72192K)] 407051K->336347K(608768K), 0.0024056 secs] [Times: user=0.01 sys=0.00, real=0.00 secs] 
2055.683: [GC (Allocation Failure) [PSYoungGen: 72016K->1344K(72192K)] 407003K->336331K(608768K), 0.0023680 secs] [Times: user=0.00 sys=0.00, real=0.00 secs] 
2056.296: [GC (Allocation Failure) [PSYoungGen: 71965K->256K(71168K)] 406953K->335243K(607744K), 0.0026360 secs] [Times: user=0.01 sys=0.00, real=0.00 secs] 
2057.306: [GC (Allocation Failure) [PSYoungGen: 70912K->1408K(72192K)] 405899K->336403K(608768K), 0.0017641 secs] [Times: user=0.00 sys=0.00, real=0.00 secs] 
2058.090: [GC (Allocation Failure) [PSYoungGen: 72064K->1360K(72192K)] 407059K->336355K(608768K), 0.0018498 secs] [Times: user=0.01 sys=0.00, real=0.00 secs] 
2059.046: [GC (Allocation Failure) [PSYoungGen: 72016K->1344K(72192K)] 407011K->336339K(608768K), 0.0019339 secs] [Times: user=0.01 sys=0.00, real=0.00 secs] 
2060.103: [GC (Allocation Failure) [PSYoungGen: 72000K->1344K(72192K)] 406995K->336355K(608768K), 0.0017996 secs] [Times: user=0.01 sys=0.00, real=0.00 secs] 
2061.183: [GC (Allocation Failure) [PSYoungGen: 72000K->1376K(73216K)] 407011K->336387K(609792K), 0.0018218 secs] [Times: user=0.00 sys=0.00, real=0.00 secs] 
2061.477: [GC (Allocation Failure) [PSYoungGen: 72032K->1376K(73216K)] 407043K->336387K(609792K), 0.0024654 secs] [Times: user=0.01 sys=0.00, real=0.00 secs] 
2061.770: [GC (Allocation Failure) [PSYoungGen: 72032K->1376K(72192K)] 407043K->336387K(608768K), 0.0017523 secs] [Times: user=0.00 sys=0.00, real=0.00 secs] 
2062.063: [GC (Allocation Failure) [PSYoungGen: 72032K->1376K(72704K)] 407043K->336387K(609280K), 0.0016825 secs] [Times: user=0.00 sys=0.00, real=0.00 secs] 
2063.596: [GC (Allocation Failure) [PSYoungGen: 72032K->1408K(72704K)] 407043K->336435K(609280K), 0.0024760 secs] [Times: user=0.01 sys=0.00, real=0.00 secs] 
2064.393: [GC (Allocation Failure) [PSYoungGen: 72064K->1376K(72704K)] 407091K->336403K(609280K), 0.0020892 secs] [Times: user=0.01 sys=0.00, real=0.01 secs] 
2064.880: [GC (Allocation Failure) [PSYoungGen: 72032K->1344K(72704K)] 407059K->336371K(609280K), 0.0020932 secs] [Times: user=0.01 sys=0.00, real=0.00 secs] 
2065.174: [GC (Allocation Failure) [PSYoungGen: 72000K->1344K(72704K)] 407027K->336379K(609280K), 0.0018442 secs] [Times: user=0.01 sys=0.00, real=0.00 secs] 
2067.496: [GC (Allocation Failure) [PSYoungGen: 72000K->1408K(72704K)] 407035K->336443K(609280K), 0.0032897 secs] [Times: user=0.01 sys=0.00, real=0.00 secs] 
2068.837: [GC (Allocation Failure) [PSYoungGen: 72064K->1344K(72704K)] 407099K->336379K(609280K), 0.0027257 secs] [Times: user=0.01 sys=0.00, real=0.00 secs] 
2069.544: [GC (Allocation Failure) [PSYoungGen: 72000K->1344K(72704K)] 407035K->336379K(609280K), 0.0019161 secs] [Times: user=0.01 sys=0.00, real=0.00 secs] 
2069.865: [GC (Allocation Failure) [PSYoungGen: 72000K->1344K(72704K)] 407035K->336379K(609280K), 0.0018839 secs] [Times: user=0.01 sys=0.00, real=0.00 secs] 
2071.331: [GC (Allocation Failure) [PSYoungGen: 72000K->1376K(72704K)] 407035K->336411K(609280K), 0.0033065 secs] [Times: user=0.01 sys=0.00, real=0.01 secs] 
2072.003: [GC (Allocation Failure) [PSYoungGen: 72032K->1376K(72704K)] 407067K->336411K(609280K), 0.0030844 secs] [Times: user=0.01 sys=0.00, real=0.00 secs] 
2072.807: [GC (Allocation Failure) [PSYoungGen: 72032K->1376K(72704K)] 407067K->336411K(609280K), 0.0031002 secs] [Times: user=0.02 sys=0.01, real=0.00 secs] 
2073.371: [GC (Allocation Failure) [PSYoungGen: 72032K->1344K(72704K)] 407067K->336379K(609280K), 0.0030791 secs] [Times: user=0.01 sys=0.00, real=0.01 secs] 
2074.435: [GC (Allocation Failure) [PSYoungGen: 72000K->1408K(72704K)] 407035K->336443K(609280K), 0.0017816 secs] [Times: user=0.01 sys=0.00, real=0.00 secs] 
2074.758: [GC (Allocation Failure) [PSYoungGen: 72064K->1360K(72704K)] 407099K->336395K(609280K), 0.0018045 secs] [Times: user=0.01 sys=0.00, real=0.00 secs] 
2075.087: [GC (Allocation Failure) [PSYoungGen: 72016K->1376K(72704K)] 407051K->336411K(609280K), 0.0018742 secs] [Times: user=0.01 sys=0.00, real=0.00 secs] 
2075.380: [GC (Allocation Failure) [PSYoungGen: 72032K->1392K(72704K)] 407067K->336435K(609280K), 0.0019234 secs] [Times: user=0.01 sys=0.00, real=0.00 secs] 
2076.761: [GC (Allocation Failure) [PSYoungGen: 72048K->1376K(72704K)] 407091K->336419K(609280K), 0.0017889 secs] [Times: user=0.00 sys=0.00, real=0.00 secs] 
2077.420: [GC (Allocation Failure) [PSYoungGen: 72032K->1376K(72704K)] 407075K->336419K(609280K), 0.0019031 secs] [Times: user=0.01 sys=0.00, real=0.00 secs] 
2078.183: [GC (Allocation Failure) [PSYoungGen: 72032K->1376K(72704K)] 407075K->336419K(609280K), 0.0021669 secs] [Times: user=0.01 sys=0.00, real=0.00 secs] 
2079.049: [GC (Allocation Failure) [PSYoungGen: 72032K->1376K(72704K)] 407075K->336419K(609280K), 0.0026440 secs] [Times: user=0.01 sys=0.00, real=0.00 secs] 
2080.143: [GC (Allocation Failure) [PSYoungGen: 72032K->1376K(72704K)] 407075K->336419K(609280K), 0.0017395 secs] [Times: user=0.00 sys=0.00, real=0.00 secs] 
2080.465: [GC (Allocation Failure) [PSYoungGen: 72032K->1360K(72192K)] 407075K->336403K(608768K), 0.0020458 secs] [Times: user=0.01 sys=0.00, real=0.00 secs] 
2080.760: [GC (Allocation Failure) [PSYoungGen: 72016K->1376K(72192K)] 407059K->336419K(608768K), 0.0018377 secs] [Times: user=0.00 sys=0.00, real=0.00 secs] 
2081.054: [GC (Allocation Failure) [PSYoungGen: 72032K->1376K(72192K)] 407075K->336419K(608768K), 0.0019312 secs] [Times: user=0.01 sys=0.00, real=0.00 secs] 
2083.050: [GC (Allocation Failure) [PSYoungGen: 72032K->1376K(72192K)] 407075K->336419K(608768K), 0.0027087 secs] [Times: user=0.01 sys=0.00, real=0.01 secs] 
2083.859: [GC (Allocation Failure) [PSYoungGen: 72032K->1344K(72192K)] 407075K->336395K(608768K), 0.0041889 secs] [Times: user=0.01 sys=0.00, real=0.01 secs] 
2084.766: [GC (Allocation Failure) [PSYoungGen: 72000K->1408K(72192K)] 407051K->336459K(608768K), 0.0064892 secs] [Times: user=0.03 sys=0.00, real=0.00 secs] 
2085.401: [GC (Allocation Failure) [PSYoungGen: 72064K->1344K(72192K)] 407115K->336395K(608768K), 0.0026340 secs] [Times: user=0.02 sys=0.00, real=0.01 secs] 
2086.861: [GC (Allocation Failure) [PSYoungGen: 72000K->1376K(72192K)] 407051K->336427K(608768K), 0.0020136 secs] [Times: user=0.00 sys=0.00, real=0.00 secs] 
2087.627: [GC (Allocation Failure) [PSYoungGen: 72032K->1376K(72192K)] 407083K->336427K(608768K), 0.0021415 secs] [Times: user=0.01 sys=0.00, real=0.00 secs] 
2088.126: [GC (Allocation Failure) [PSYoungGen: 72032K->1344K(72192K)] 407083K->336395K(608768K), 0.0022197 secs] [Times: user=0.01 sys=0.00, real=0.00 secs] 
2088.695: [GC (Allocation Failure) [PSYoungGen: 72000K->1392K(72192K)] 407051K->336443K(608768K), 0.0021928 secs] [Times: user=0.01 sys=0.00, real=0.00 secs] 
2090.237: [GC (Allocation Failure) [PSYoungGen: 72048K->1408K(72192K)] 407099K->336459K(608768K), 0.0018729 secs] [Times: user=0.00 sys=0.00, real=0.00 secs] 
2090.978: [GC (Allocation Failure) [PSYoungGen: 72064K->1376K(72192K)] 407115K->336427K(608768K), 0.0022284 secs] [Times: user=0.01 sys=0.00, real=0.00 secs] 
2091.787: [GC (Allocation Failure) [PSYoungGen: 72032K->1344K(72192K)] 407083K->336395K(608768K), 0.0026966 secs] [Times: user=0.01 sys=0.00, real=0.00 secs] 
2092.541: [GC (Allocation Failure) [PSYoungGen: 72000K->1344K(72192K)] 407051K->336395K(608768K), 0.0026323 secs] [Times: user=0.01 sys=0.00, real=0.01 secs] 
2094.315: [GC (Allocation Failure) [PSYoungGen: 72000K->1408K(72192K)] 407051K->336459K(608768K), 0.0032074 secs] [Times: user=0.01 sys=0.00, real=0.00 secs] 
2095.209: [GC (Allocation Failure) [PSYoungGen: 72064K->1360K(72192K)] 407115K->336411K(608768K), 0.0031498 secs] [Times: user=0.01 sys=0.00, real=0.00 secs] 
2096.208: [GC (Allocation Failure) [PSYoungGen: 72016K->1360K(72192K)] 407067K->336411K(608768K), 0.0029926 secs] [Times: user=0.01 sys=0.00, real=0.00 secs] 
2096.752: [GC (Allocation Failure) [PSYoungGen: 72016K->1344K(72192K)] 407067K->336419K(608768K), 0.0021528 secs] [Times: user=0.00 sys=0.00, real=0.01 secs] 
2098.193: [GC (Allocation Failure) [PSYoungGen: 72000K->1376K(72192K)] 407075K->336451K(608768K), 0.0021129 secs] [Times: user=0.00 sys=0.00, real=0.00 secs] 
2099.099: [GC (Allocation Failure) [PSYoungGen: 72032K->1376K(72192K)] 407107K->336451K(608768K), 0.0020623 secs] [Times: user=0.01 sys=0.00, real=0.00 secs] 
2099.845: [GC (Allocation Failure) [PSYoungGen: 72032K->1360K(72192K)] 407107K->336435K(608768K), 0.0022530 secs] [Times: user=0.01 sys=0.00, real=0.00 secs] 
2100.629: [GC (Allocation Failure) [PSYoungGen: 72016K->1376K(72192K)] 407091K->336451K(608768K), 0.0022826 secs] [Times: user=0.01 sys=0.00, real=0.00 secs] 
2101.978: [GC (Allocation Failure) [PSYoungGen: 72032K->1376K(72192K)] 407107K->336451K(608768K), 0.0018079 secs] [Times: user=0.01 sys=0.00, real=0.00 secs] 
2102.577: [GC (Allocation Failure) [PSYoungGen: 72032K->1376K(72192K)] 407107K->336451K(608768K), 0.0022208 secs] [Times: user=0.01 sys=0.00, real=0.00 secs] 
2103.252: [GC (Allocation Failure) [PSYoungGen: 72032K->1376K(72192K)] 407107K->336451K(608768K), 0.0019189 secs] [Times: user=0.01 sys=0.01, real=0.01 secs] 
2103.980: [GC (Allocation Failure) [PSYoungGen: 72032K->1376K(72192K)] 407107K->336451K(608768K), 0.0021792 secs] [Times: user=0.00 sys=0.00, real=0.00 secs] 
2105.213: [GC (Allocation Failure) [PSYoungGen: 72032K->1408K(72192K)] 407107K->336483K(608768K), 0.0021813 secs] [Times: user=0.01 sys=0.00, real=0.01 secs] 
2106.258: [GC (Allocation Failure) [PSYoungGen: 72064K->1376K(72192K)] 407139K->336451K(608768K), 0.0039374 secs] [Times: user=0.01 sys=0.00, real=0.00 secs] 
2107.250: [GC (Allocation Failure) [PSYoungGen: 72032K->1344K(72192K)] 407107K->336427K(608768K), 0.0038980 secs] [Times: user=0.01 sys=0.00, real=0.01 secs] 
2108.190: [GC (Allocation Failure) [PSYoungGen: 72000K->1376K(72192K)] 407083K->336459K(608768K), 0.0038510 secs] [Times: user=0.02 sys=0.01, real=0.01 secs] 
2109.426: [GC (Allocation Failure) [PSYoungGen: 72032K->1440K(72192K)] 407115K->336523K(608768K), 0.0020138 secs] [Times: user=0.01 sys=0.00, real=0.00 secs] 
2109.730: [GC (Allocation Failure) [PSYoungGen: 72096K->1376K(72192K)] 407179K->336459K(608768K), 0.0030397 secs] [Times: user=0.01 sys=0.00, real=0.01 secs] 
2110.028: [GC (Allocation Failure) [PSYoungGen: 72032K->1376K(72192K)] 407115K->336459K(608768K), 0.0022857 secs] [Times: user=0.01 sys=0.00, real=0.00 secs] 
2110.378: [GC (Allocation Failure) [PSYoungGen: 72032K->1376K(72192K)] 407115K->336459K(608768K), 0.0020600 secs] [Times: user=0.01 sys=0.00, real=0.00 secs] 
2112.020: [GC (Allocation Failure) [PSYoungGen: 72032K->1408K(72192K)] 407115K->336491K(608768K), 0.0041472 secs] [Times: user=0.02 sys=0.00, real=0.01 secs] 
2112.365: [GC (Allocation Failure) [PSYoungGen: 72064K->1344K(72192K)] 407147K->336427K(608768K), 0.0031910 secs] [Times: user=0.01 sys=0.00, real=0.00 secs] 
2112.852: [GC (Allocation Failure) [PSYoungGen: 72000K->1376K(77824K)] 407083K->336459K(614400K), 0.0024518 secs] [Times: user=0.01 sys=0.00, real=0.01 secs] 
2114.317: [GC (Allocation Failure) [PSYoungGen: 77664K->1440K(77312K)] 412747K->336531K(613888K), 0.0015954 secs] [Times: user=0.01 sys=0.00, real=0.00 secs] 
2115.275: [GC (Allocation Failure) [PSYoungGen: 77216K->320K(76288K)] 412307K->336443K(612864K), 0.0041036 secs] [Times: user=0.02 sys=0.00, real=0.00 secs] 
2116.019: [GC (Allocation Failure) [PSYoungGen: 75584K->368K(75264K)] 411707K->336491K(611840K), 0.0030877 secs] [Times: user=0.01 sys=0.00, real=0.00 secs] 
2116.751: [GC (Allocation Failure) [PSYoungGen: 75120K->368K(75776K)] 411243K->336491K(612352K), 0.0028274 secs] [Times: user=0.01 sys=0.00, real=0.01 secs] 
2119.220: [GC (Allocation Failure) [PSYoungGen: 74608K->1424K(75264K)] 410731K->337547K(611840K), 0.0042878 secs] [Times: user=0.01 sys=0.00, real=0.01 secs] 
2120.268: [GC (Allocation Failure) [PSYoungGen: 75152K->1408K(74752K)] 411275K->337531K(611328K), 0.0022522 secs] [Times: user=0.01 sys=0.00, real=0.00 secs] 
2120.629: [GC (Allocation Failure) [PSYoungGen: 74624K->1408K(74240K)] 410747K->337531K(610816K), 0.0023125 secs] [Times: user=0.01 sys=0.00, real=0.00 secs] 
2121.235: [GC (Allocation Failure) [PSYoungGen: 74112K->1392K(73728K)] 410235K->337515K(610304K), 0.0022999 secs] [Times: user=0.01 sys=0.00, real=0.00 secs] 
2123.108: [GC (Allocation Failure) [PSYoungGen: 73584K->1408K(73216K)] 409707K->337531K(609792K), 0.0041001 secs] [Times: user=0.02 sys=0.00, real=0.00 secs] 
2123.840: [GC (Allocation Failure) [PSYoungGen: 73088K->1376K(72704K)] 409211K->337499K(609280K), 0.0041928 secs] [Times: user=0.01 sys=0.01, real=0.01 secs] 
2124.159: [GC (Allocation Failure) [PSYoungGen: 72544K->1376K(72192K)] 408667K->337499K(608768K), 0.0019725 secs] [Times: user=0.01 sys=0.00, real=0.00 secs] 
2124.821: [GC (Allocation Failure) [PSYoungGen: 72032K->1376K(72704K)] 408155K->337499K(609280K), 0.0020813 secs] [Times: user=0.01 sys=0.00, real=0.01 secs] 
2126.778: [GC (Allocation Failure) [PSYoungGen: 72032K->1424K(72704K)] 408155K->337547K(609280K), 0.0022508 secs] [Times: user=0.01 sys=0.00, real=0.00 secs] 
2127.708: [GC (Allocation Failure) [PSYoungGen: 72080K->1408K(72704K)] 408203K->337531K(609280K), 0.0030238 secs] [Times: user=0.02 sys=0.00, real=0.00 secs] 
2128.548: [GC (Allocation Failure) [PSYoungGen: 72064K->1408K(72704K)] 408187K->337539K(609280K), 0.0026213 secs] [Times: user=0.01 sys=0.00, real=0.00 secs] 
2129.256: [GC (Allocation Failure) [PSYoungGen: 72064K->1376K(72704K)] 408195K->337515K(609280K), 0.0028156 secs] [Times: user=0.01 sys=0.00, real=0.00 secs] 
2131.097: [GC (Allocation Failure) [PSYoungGen: 72032K->1408K(72704K)] 408171K->337547K(609280K), 0.0041024 secs] [Times: user=0.02 sys=0.00, real=0.00 secs] 
2131.771: [GC (Allocation Failure) [PSYoungGen: 72064K->1376K(72704K)] 408203K->337515K(609280K), 0.0032069 secs] [Times: user=0.01 sys=0.01, real=0.01 secs] 
2132.164: [GC (Allocation Failure) [PSYoungGen: 72032K->1344K(72704K)] 408171K->337483K(609280K), 0.0019968 secs] [Times: user=0.01 sys=0.00, real=0.00 secs] 
2132.457: [GC (Allocation Failure) [PSYoungGen: 72000K->1344K(72704K)] 408139K->337483K(609280K), 0.0020015 secs] [Times: user=0.01 sys=0.00, real=0.00 secs] 
2133.873: [GC (Allocation Failure) [PSYoungGen: 72000K->1392K(72704K)] 408139K->337531K(609280K), 0.0041005 secs] [Times: user=0.02 sys=0.00, real=0.00 secs] 
2134.587: [GC (Allocation Failure) [PSYoungGen: 72048K->1344K(72704K)] 408187K->337483K(609280K), 0.0026803 secs] [Times: user=0.02 sys=0.00, real=0.00 secs] 
2135.552: [GC (Allocation Failure) [PSYoungGen: 72000K->1344K(72704K)] 408139K->337483K(609280K), 0.0036390 secs] [Times: user=0.01 sys=0.00, real=0.01 secs] 
2136.523: [GC (Allocation Failure) [PSYoungGen: 72000K->1344K(72704K)] 408139K->337491K(609280K), 0.0031117 secs] [Times: user=0.01 sys=0.00, real=0.00 secs] 
2138.259: [GC (Allocation Failure) [PSYoungGen: 72000K->1376K(72704K)] 408147K->337523K(609280K), 0.0019349 secs] [Times: user=0.01 sys=0.00, real=0.00 secs] 
2138.734: [GC (Allocation Failure) [PSYoungGen: 72032K->1344K(72704K)] 408179K->337491K(609280K), 0.0019312 secs] [Times: user=0.01 sys=0.00, real=0.00 secs] 
2139.092: [GC (Allocation Failure) [PSYoungGen: 72000K->1392K(72704K)] 408147K->337539K(609280K), 0.0019958 secs] [Times: user=0.00 sys=0.00, real=0.01 secs] 
2139.515: [GC (Allocation Failure) [PSYoungGen: 72048K->1376K(72704K)] 408195K->337523K(609280K), 0.0020548 secs] [Times: user=0.00 sys=0.00, real=0.00 secs] 
2140.771: [GC (Allocation Failure) [PSYoungGen: 72032K->1376K(72192K)] 408179K->337523K(608768K), 0.0018873 secs] [Times: user=0.01 sys=0.00, real=0.01 secs] 
2141.065: [GC (Allocation Failure) [PSYoungGen: 72032K->1376K(72192K)] 408179K->337523K(608768K), 0.0017738 secs] [Times: user=0.01 sys=0.00, real=0.00 secs] 
2141.358: [GC (Allocation Failure) [PSYoungGen: 72032K->1344K(72192K)] 408179K->337491K(608768K), 0.0017031 secs] [Times: user=0.00 sys=0.00, real=0.00 secs] 
2141.651: [GC (Allocation Failure) [PSYoungGen: 72000K->1312K(72192K)] 408147K->337459K(608768K), 0.0017874 secs] [Times: user=0.01 sys=0.00, real=0.01 secs] 
2142.949: [GC (Allocation Failure) [PSYoungGen: 71968K->1392K(72192K)] 408115K->337539K(608768K), 0.0018861 secs] [Times: user=0.01 sys=0.00, real=0.00 secs] 
2143.723: [GC (Allocation Failure) [PSYoungGen: 72048K->1376K(72192K)] 408195K->337523K(608768K), 0.0020057 secs] [Times: user=0.01 sys=0.00, real=0.01 secs] 
2144.017: [GC (Allocation Failure) [PSYoungGen: 72032K->1344K(72192K)] 408179K->337499K(608768K), 0.0019165 secs] [Times: user=0.01 sys=0.00, real=0.00 secs] 
2144.350: [GC (Allocation Failure) [PSYoungGen: 72000K->1376K(72192K)] 408155K->337531K(608768K), 0.0020042 secs] [Times: user=0.01 sys=0.00, real=0.00 secs] 
2146.087: [GC (Allocation Failure) [PSYoungGen: 72032K->1408K(72192K)] 408187K->337563K(608768K), 0.0038818 secs] [Times: user=0.01 sys=0.00, real=0.00 secs] 
2147.433: [GC (Allocation Failure) [PSYoungGen: 72064K->1376K(72192K)] 408219K->337531K(608768K), 0.0034482 secs] [Times: user=0.02 sys=0.01, real=0.00 secs] 
2148.198: [GC (Allocation Failure) [PSYoungGen: 72032K->1408K(72192K)] 408187K->337563K(608768K), 0.0036022 secs] [Times: user=0.02 sys=0.00, real=0.00 secs] 
2148.910: [GC (Allocation Failure) [PSYoungGen: 72064K->1376K(72192K)] 408219K->337539K(608768K), 0.0027270 secs] [Times: user=0.02 sys=0.00, real=0.01 secs] 
2150.151: [GC (Allocation Failure) [PSYoungGen: 72032K->1392K(72192K)] 408195K->337555K(608768K), 0.0018610 secs] [Times: user=0.01 sys=0.00, real=0.01 secs] 
2150.474: [GC (Allocation Failure) [PSYoungGen: 72048K->1344K(72192K)] 408211K->337507K(608768K), 0.0017977 secs] [Times: user=0.01 sys=0.00, real=0.00 secs] 
2150.768: [GC (Allocation Failure) [PSYoungGen: 72000K->1376K(72192K)] 408163K->337539K(608768K), 0.0018015 secs] [Times: user=0.01 sys=0.00, real=0.00 secs] 
2151.099: [GC (Allocation Failure) [PSYoungGen: 72032K->1376K(72192K)] 408195K->337539K(608768K), 0.0030607 secs] [Times: user=0.01 sys=0.00, real=0.00 secs] 
2152.171: [GC (Allocation Failure) [PSYoungGen: 72032K->1376K(72192K)] 408195K->337539K(608768K), 0.0017839 secs] [Times: user=0.01 sys=0.00, real=0.00 secs] 
2152.479: [GC (Allocation Failure) [PSYoungGen: 72032K->1376K(72192K)] 408195K->337539K(608768K), 0.0016986 secs] [Times: user=0.01 sys=0.00, real=0.00 secs] 
2152.883: [GC (Allocation Failure) [PSYoungGen: 72032K->1392K(72192K)] 408195K->337555K(608768K), 0.0015810 secs] [Times: user=0.01 sys=0.00, real=0.00 secs] 
2153.231: [GC (Allocation Failure) [PSYoungGen: 72048K->1376K(72192K)] 408211K->337547K(608768K), 0.0019544 secs] [Times: user=0.01 sys=0.00, real=0.01 secs] 
2154.492: [GC (Allocation Failure) [PSYoungGen: 72032K->1408K(72192K)] 408203K->337579K(608768K), 0.0018856 secs] [Times: user=0.01 sys=0.00, real=0.01 secs] 
2155.157: [GC (Allocation Failure) [PSYoungGen: 72064K->1376K(72192K)] 408235K->337547K(608768K), 0.0042169 secs] [Times: user=0.02 sys=0.00, real=0.00 secs] 
2155.823: [GC (Allocation Failure) [PSYoungGen: 72032K->1392K(72192K)] 408203K->337563K(608768K), 0.0032859 secs] [Times: user=0.02 sys=0.00, real=0.00 secs] 
2156.648: [GC (Allocation Failure) [PSYoungGen: 72048K->1376K(72192K)] 408219K->337547K(608768K), 0.0030983 secs] [Times: user=0.02 sys=0.00, real=0.00 secs] 
2158.581: [GC (Allocation Failure) [PSYoungGen: 72032K->1408K(72192K)] 408203K->337579K(608768K), 0.0038383 secs] [Times: user=0.01 sys=0.00, real=0.01 secs] 
2159.643: [GC (Allocation Failure) [PSYoungGen: 72064K->1376K(72192K)] 408235K->337547K(608768K), 0.0037140 secs] [Times: user=0.02 sys=0.00, real=0.01 secs] 
2160.568: [GC (Allocation Failure) [PSYoungGen: 72032K->1376K(72192K)] 408203K->337547K(608768K), 0.0031005 secs] [Times: user=0.01 sys=0.00, real=0.00 secs] 
2161.580: [GC (Allocation Failure) [PSYoungGen: 72032K->1376K(72192K)] 408203K->337547K(608768K), 0.0032466 secs] [Times: user=0.02 sys=0.00, real=0.01 secs] 
2163.675: [GC (Allocation Failure) [PSYoungGen: 72032K->1392K(72192K)] 408203K->337563K(608768K), 0.0031127 secs] [Times: user=0.01 sys=0.00, real=0.00 secs] 
2164.793: [GC (Allocation Failure) [PSYoungGen: 72048K->1344K(72192K)] 408219K->337515K(608768K), 0.0021484 secs] [Times: user=0.01 sys=0.00, real=0.00 secs] 
2165.380: [GC (Allocation Failure) [PSYoungGen: 72000K->1376K(72192K)] 408171K->337547K(608768K), 0.0021605 secs] [Times: user=0.01 sys=0.00, real=0.00 secs] 
2165.945: [GC (Allocation Failure) [PSYoungGen: 72032K->1376K(72192K)] 408203K->337547K(608768K), 0.0022425 secs] [Times: user=0.00 sys=0.00, real=0.00 secs] 
2167.432: [GC (Allocation Failure) [PSYoungGen: 72032K->1408K(72192K)] 408203K->337587K(608768K), 0.0017916 secs] [Times: user=0.00 sys=0.00, real=0.01 secs] 
2168.355: [GC (Allocation Failure) [PSYoungGen: 72064K->1344K(72192K)] 408243K->337523K(608768K), 0.0027939 secs] [Times: user=0.01 sys=0.00, real=0.00 secs] 
2169.471: [GC (Allocation Failure) [PSYoungGen: 72000K->1376K(72192K)] 408179K->337555K(608768K), 0.0026707 secs] [Times: user=0.01 sys=0.00, real=0.01 secs] 
2170.058: [GC (Allocation Failure) [PSYoungGen: 72032K->1376K(72192K)] 408211K->337555K(608768K), 0.0024869 secs] [Times: user=0.01 sys=0.00, real=0.00 secs] 
2171.384: [GC (Allocation Failure) [PSYoungGen: 72032K->1408K(72192K)] 408211K->337587K(608768K), 0.0016148 secs] [Times: user=0.01 sys=0.00, real=0.00 secs] 
2171.833: [GC (Allocation Failure) [PSYoungGen: 72064K->1376K(72192K)] 408243K->337555K(608768K), 0.0017458 secs] [Times: user=0.01 sys=0.00, real=0.00 secs] 
2172.379: [GC (Allocation Failure) [PSYoungGen: 72031K->1360K(72192K)] 408211K->337539K(608768K), 0.0020710 secs] [Times: user=0.01 sys=0.00, real=0.00 secs] 
2172.992: [GC (Allocation Failure) [PSYoungGen: 72016K->1376K(72192K)] 408195K->337555K(608768K), 0.0024133 secs] [Times: user=0.01 sys=0.00, real=0.01 secs] 
2174.381: [GC (Allocation Failure) [PSYoungGen: 72032K->1392K(72192K)] 408211K->337571K(608768K), 0.0031997 secs] [Times: user=0.01 sys=0.00, real=0.01 secs] 
2175.066: [GC (Allocation Failure) [PSYoungGen: 72048K->1376K(72192K)] 408227K->337555K(608768K), 0.0031001 secs] [Times: user=0.01 sys=0.00, real=0.00 secs] 
2175.904: [GC (Allocation Failure) [PSYoungGen: 72032K->1344K(72192K)] 408211K->337523K(608768K), 0.0027924 secs] [Times: user=0.01 sys=0.00, real=0.00 secs] 
2176.751: [GC (Allocation Failure) [PSYoungGen: 72000K->1392K(72192K)] 408179K->337579K(608768K), 0.0034037 secs] [Times: user=0.01 sys=0.00, real=0.01 secs] 
2178.049: [GC (Allocation Failure) [PSYoungGen: 72048K->1408K(72192K)] 408235K->337595K(608768K), 0.0018326 secs] [Times: user=0.01 sys=0.00, real=0.00 secs] 
2178.343: [GC (Allocation Failure) [PSYoungGen: 72064K->1344K(72192K)] 408251K->337531K(608768K), 0.0016731 secs] [Times: user=0.01 sys=0.00, real=0.00 secs] 
2178.637: [GC (Allocation Failure) [PSYoungGen: 72000K->1344K(72192K)] 408187K->337531K(608768K), 0.0017142 secs] [Times: user=0.01 sys=0.00, real=0.00 secs] 
2179.033: [GC (Allocation Failure) [PSYoungGen: 72000K->1376K(72192K)] 408187K->337571K(608768K), 0.0019123 secs] [Times: user=0.00 sys=0.00, real=0.00 secs] 
2180.296: [GC (Allocation Failure) [PSYoungGen: 72032K->1408K(72192K)] 408227K->337603K(608768K), 0.0023985 secs] [Times: user=0.01 sys=0.00, real=0.00 secs] 
2180.695: [GC (Allocation Failure) [PSYoungGen: 72064K->1376K(72192K)] 408259K->337587K(608768K), 0.0022499 secs] [Times: user=0.01 sys=0.00, real=0.00 secs] 
2181.206: [GC (Allocation Failure) [PSYoungGen: 72032K->1344K(72192K)] 408243K->337555K(608768K), 0.0022934 secs] [Times: user=0.01 sys=0.00, real=0.00 secs] 
2181.754: [GC (Allocation Failure) [PSYoungGen: 72000K->1376K(72192K)] 408211K->337587K(608768K), 0.0022529 secs] [Times: user=0.01 sys=0.00, real=0.00 secs] 
2183.003: [GC (Allocation Failure) [PSYoungGen: 72032K->1392K(72192K)] 408243K->337603K(608768K), 0.0020742 secs] [Times: user=0.01 sys=0.00, real=0.00 secs] 
2183.297: [GC (Allocation Failure) [PSYoungGen: 72048K->1344K(72192K)] 408259K->337555K(608768K), 0.0018894 secs] [Times: user=0.01 sys=0.00, real=0.00 secs] 
2183.683: [GC (Allocation Failure) [PSYoungGen: 72000K->1360K(72192K)] 408211K->337579K(608768K), 0.0018098 secs] [Times: user=0.01 sys=0.00, real=0.00 secs] 
2184.210: [GC (Allocation Failure) [PSYoungGen: 72016K->1344K(72192K)] 408235K->337563K(608768K), 0.0020150 secs] [Times: user=0.01 sys=0.00, real=0.00 secs] 
2185.485: [GC (Allocation Failure) [PSYoungGen: 72000K->1408K(72192K)] 408219K->337627K(608768K), 0.0022873 secs] [Times: user=0.01 sys=0.00, real=0.00 secs] 
2185.780: [GC (Allocation Failure) [PSYoungGen: 72064K->1376K(72192K)] 408283K->337595K(608768K), 0.0020414 secs] [Times: user=0.01 sys=0.00, real=0.00 secs] 
2186.171: [GC (Allocation Failure) [PSYoungGen: 72032K->1376K(72192K)] 408251K->337595K(608768K), 0.0020083 secs] [Times: user=0.01 sys=0.00, real=0.01 secs] 
2186.699: [GC (Allocation Failure) [PSYoungGen: 72032K->1376K(72192K)] 408251K->337595K(608768K), 0.0018758 secs] [Times: user=0.01 sys=0.00, real=0.00 secs] 
2187.831: [GC (Allocation Failure) [PSYoungGen: 72032K->1408K(72192K)] 408251K->337627K(608768K), 0.0018048 secs] [Times: user=0.00 sys=0.00, real=0.01 secs] 
2188.215: [GC (Allocation Failure) [PSYoungGen: 72064K->1376K(72192K)] 408283K->337595K(608768K), 0.0019654 secs] [Times: user=0.01 sys=0.00, real=0.00 secs] 
2188.519: [GC (Allocation Failure) [PSYoungGen: 72032K->1344K(72192K)] 408251K->337563K(608768K), 0.0018908 secs] [Times: user=0.01 sys=0.00, real=0.00 secs] 
2188.880: [GC (Allocation Failure) [PSYoungGen: 72000K->1376K(72192K)] 408219K->337595K(608768K), 0.0019191 secs] [Times: user=0.01 sys=0.00, real=0.00 secs] 
2190.217: [GC (Allocation Failure) [PSYoungGen: 72032K->1424K(72192K)] 408251K->337643K(608768K), 0.0019754 secs] [Times: user=0.01 sys=0.00, real=0.00 secs] 
2190.821: [GC (Allocation Failure) [PSYoungGen: 72080K->1392K(72192K)] 408299K->337611K(608768K), 0.0031827 secs] [Times: user=0.01 sys=0.00, real=0.01 secs] 
2191.348: [GC (Allocation Failure) [PSYoungGen: 72048K->1376K(72192K)] 408267K->337595K(608768K), 0.0024689 secs] [Times: user=0.01 sys=0.00, real=0.00 secs] 
2191.890: [GC (Allocation Failure) [PSYoungGen: 72032K->1408K(72192K)] 408251K->337651K(608768K), 0.0024971 secs] [Times: user=0.00 sys=0.00, real=0.00 secs] 
2193.044: [GC (Allocation Failure) [PSYoungGen: 72064K->1408K(72192K)] 408307K->337651K(608768K), 0.0020923 secs] [Times: user=0.01 sys=0.00, real=0.00 secs] 
2193.370: [GC (Allocation Failure) [PSYoungGen: 72064K->1376K(72192K)] 408307K->337619K(608768K), 0.0017644 secs] [Times: user=0.00 sys=0.00, real=0.00 secs] 
2193.664: [GC (Allocation Failure) [PSYoungGen: 72032K->1376K(72192K)] 408275K->337619K(608768K), 0.0017679 secs] [Times: user=0.00 sys=0.00, real=0.00 secs] 
2193.957: [GC (Allocation Failure) [PSYoungGen: 72032K->1376K(72192K)] 408275K->337619K(608768K), 0.0018403 secs] [Times: user=0.01 sys=0.00, real=0.00 secs] 
2195.481: [GC (Allocation Failure) [PSYoungGen: 72032K->1408K(72192K)] 408275K->337651K(608768K), 0.0029886 secs] [Times: user=0.01 sys=0.00, real=0.01 secs] 
2196.344: [GC (Allocation Failure) [PSYoungGen: 72064K->1344K(72192K)] 408307K->337587K(608768K), 0.0038437 secs] [Times: user=0.02 sys=0.00, real=0.00 secs] 
2197.180: [GC (Allocation Failure) [PSYoungGen: 72000K->1376K(72192K)] 408243K->337619K(608768K), 0.0033624 secs] [Times: user=0.02 sys=0.00, real=0.01 secs] 
2198.135: [GC (Allocation Failure) [PSYoungGen: 72032K->1344K(72192K)] 408275K->337587K(608768K), 0.0031387 secs] [Times: user=0.02 sys=0.00, real=0.00 secs] 
2200.119: [GC (Allocation Failure) [PSYoungGen: 72000K->1376K(72192K)] 408243K->337619K(608768K), 0.0022648 secs] [Times: user=0.01 sys=0.00, real=0.00 secs] 
2200.567: [GC (Allocation Failure) [PSYoungGen: 72032K->1392K(72192K)] 408275K->337635K(608768K), 0.0023931 secs] [Times: user=0.01 sys=0.01, real=0.00 secs] 
2200.861: [GC (Allocation Failure) [PSYoungGen: 72048K->1344K(72192K)] 408291K->337587K(608768K), 0.0019445 secs] [Times: user=0.00 sys=0.00, real=0.01 secs] 
2201.504: [GC (Allocation Failure) [PSYoungGen: 72000K->1376K(72192K)] 408243K->337619K(608768K), 0.0039067 secs] [Times: user=0.02 sys=0.00, real=0.00 secs] 
2203.508: [GC (Allocation Failure) [PSYoungGen: 72032K->1376K(72192K)] 408275K->337619K(608768K), 0.0038184 secs] [Times: user=0.02 sys=0.00, real=0.00 secs] 
2204.626: [GC (Allocation Failure) [PSYoungGen: 72032K->1392K(72192K)] 408275K->337635K(608768K), 0.0034480 secs] [Times: user=0.02 sys=0.00, real=0.00 secs] 
2205.305: [GC (Allocation Failure) [PSYoungGen: 72048K->1344K(72192K)] 408291K->337587K(608768K), 0.0031705 secs] [Times: user=0.02 sys=0.00, real=0.00 secs] 
2206.171: [GC (Allocation Failure) [PSYoungGen: 72000K->1376K(72192K)] 408243K->337627K(608768K), 0.0026941 secs] [Times: user=0.01 sys=0.01, real=0.01 secs] 
2207.533: [GC (Allocation Failure) [PSYoungGen: 72032K->1392K(72192K)] 408283K->337643K(608768K), 0.0027052 secs] [Times: user=0.01 sys=0.00, real=0.00 secs] 
2208.094: [GC (Allocation Failure) [PSYoungGen: 72048K->1376K(72192K)] 408299K->337627K(608768K), 0.0024846 secs] [Times: user=0.01 sys=0.00, real=0.00 secs] 
2208.675: [GC (Allocation Failure) [PSYoungGen: 72032K->1392K(72192K)] 408283K->337643K(608768K), 0.0023831 secs] [Times: user=0.01 sys=0.00, real=0.00 secs] 
2209.181: [GC (Allocation Failure) [PSYoungGen: 72048K->1376K(72192K)] 408299K->337627K(608768K), 0.0022470 secs] [Times: user=0.01 sys=0.01, real=0.01 secs] 
2210.606: [GC (Allocation Failure) [PSYoungGen: 72032K->1344K(72192K)] 408283K->337595K(608768K), 0.0059526 secs] [Times: user=0.02 sys=0.00, real=0.00 secs] 
2211.299: [GC (Allocation Failure) [PSYoungGen: 72000K->1408K(72192K)] 408251K->337659K(608768K), 0.0032568 secs] [Times: user=0.01 sys=0.00, real=0.01 secs] 
2211.798: [GC (Allocation Failure) [PSYoungGen: 72064K->1376K(72192K)] 408315K->337627K(608768K), 0.0020505 secs] [Times: user=0.01 sys=0.00, real=0.00 secs] 
2212.122: [GC (Allocation Failure) [PSYoungGen: 72032K->1344K(72192K)] 408283K->337595K(608768K), 0.0019122 secs] [Times: user=0.01 sys=0.00, real=0.01 secs] 
2213.096: [GC (Allocation Failure) [PSYoungGen: 72000K->1408K(72192K)] 408251K->337659K(608768K), 0.0017150 secs] [Times: user=0.01 sys=0.00, real=0.00 secs] 
2213.389: [GC (Allocation Failure) [PSYoungGen: 72064K->1376K(72192K)] 408315K->337627K(608768K), 0.0017344 secs] [Times: user=0.01 sys=0.00, real=0.00 secs] 
2213.919: [GC (Allocation Failure) [PSYoungGen: 72032K->1360K(72192K)] 408283K->337611K(608768K), 0.0018089 secs] [Times: user=0.01 sys=0.00, real=0.00 secs] 
2214.861: [GC (Allocation Failure) [PSYoungGen: 72016K->1376K(72192K)] 408267K->337643K(608768K), 0.0041264 secs] [Times: user=0.02 sys=0.00, real=0.01 secs] 
2216.273: [GC (Allocation Failure) [PSYoungGen: 72032K->1376K(72192K)] 408299K->337643K(608768K), 0.0020892 secs] [Times: user=0.00 sys=0.00, real=0.01 secs] 
2216.652: [GC (Allocation Failure) [PSYoungGen: 72032K->1376K(72192K)] 408299K->337643K(608768K), 0.0019779 secs] [Times: user=0.01 sys=0.00, real=0.01 secs] 
2217.022: [GC (Allocation Failure) [PSYoungGen: 72032K->1376K(72192K)] 408299K->337643K(608768K), 0.0020467 secs] [Times: user=0.01 sys=0.00, real=0.01 secs] 
2217.334: [GC (Allocation Failure) [PSYoungGen: 72032K->1344K(72192K)] 408299K->337619K(608768K), 0.0019469 secs] [Times: user=0.01 sys=0.00, real=0.00 secs] 
2219.026: [GC (Allocation Failure) [PSYoungGen: 72000K->1392K(72192K)] 408275K->337667K(608768K), 0.0038526 secs] [Times: user=0.02 sys=0.00, real=0.00 secs] 
2219.590: [GC (Allocation Failure) [PSYoungGen: 72048K->1376K(72192K)] 408323K->337651K(608768K), 0.0033100 secs] [Times: user=0.01 sys=0.01, real=0.01 secs] 
2220.306: [GC (Allocation Failure) [PSYoungGen: 72032K->1376K(72192K)] 408307K->337651K(608768K), 0.0032691 secs] [Times: user=0.02 sys=0.00, real=0.00 secs] 
2221.036: [GC (Allocation Failure) [PSYoungGen: 72032K->1376K(72192K)] 408307K->337651K(608768K), 0.0030634 secs] [Times: user=0.01 sys=0.00, real=0.00 secs] 
2222.455: [GC (Allocation Failure) [PSYoungGen: 72032K->1408K(72192K)] 408307K->337683K(608768K), 0.0019896 secs] [Times: user=0.01 sys=0.00, real=0.00 secs] 
2222.938: [GC (Allocation Failure) [PSYoungGen: 72064K->1344K(72192K)] 408339K->337619K(608768K), 0.0024185 secs] [Times: user=0.01 sys=0.00, real=0.00 secs] 
2223.247: [GC (Allocation Failure) [PSYoungGen: 72000K->1344K(72192K)] 408275K->337619K(608768K), 0.0023060 secs] [Times: user=0.01 sys=0.00, real=0.00 secs] 
2223.839: [GC (Allocation Failure) [PSYoungGen: 72000K->1376K(72192K)] 408275K->337659K(608768K), 0.0024022 secs] [Times: user=0.01 sys=0.00, real=0.00 secs] 
2225.417: [GC (Allocation Failure) [PSYoungGen: 72032K->1408K(72192K)] 408315K->337691K(608768K), 0.0024637 secs] [Times: user=0.01 sys=0.00, real=0.00 secs] 
2226.358: [GC (Allocation Failure) [PSYoungGen: 72064K->1376K(72192K)] 408347K->337659K(608768K), 0.0039267 secs] [Times: user=0.02 sys=0.00, real=0.00 secs] 
2226.926: [GC (Allocation Failure) [PSYoungGen: 72032K->1376K(72192K)] 408315K->337659K(608768K), 0.0021986 secs] [Times: user=0.01 sys=0.00, real=0.00 secs] 
2227.223: [GC (Allocation Failure) [PSYoungGen: 72032K->1392K(72192K)] 408315K->337683K(608768K), 0.0019762 secs] [Times: user=0.00 sys=0.00, real=0.00 secs] 
2228.419: [GC (Allocation Failure) [PSYoungGen: 72048K->1376K(72192K)] 408339K->337667K(608768K), 0.0018420 secs] [Times: user=0.01 sys=0.00, real=0.00 secs] 
2228.997: [GC (Allocation Failure) [PSYoungGen: 72032K->1376K(72192K)] 408323K->337667K(608768K), 0.0038618 secs] [Times: user=0.02 sys=0.00, real=0.00 secs] 
2229.562: [GC (Allocation Failure) [PSYoungGen: 72032K->1392K(72192K)] 408323K->337683K(608768K), 0.0032065 secs] [Times: user=0.01 sys=0.00, real=0.01 secs] 
2230.045: [GC (Allocation Failure) [PSYoungGen: 72048K->1376K(72192K)] 408339K->337667K(608768K), 0.0019799 secs] [Times: user=0.00 sys=0.00, real=0.00 secs] 
2232.872: [GC (Allocation Failure) [PSYoungGen: 72032K->1392K(72192K)] 408323K->337683K(608768K), 0.0041915 secs] [Times: user=0.02 sys=0.00, real=0.01 secs] 
2233.532: [GC (Allocation Failure) [PSYoungGen: 72048K->1376K(72192K)] 408339K->337667K(608768K), 0.0026381 secs] [Times: user=0.01 sys=0.00, real=0.01 secs] 
2234.417: [GC (Allocation Failure) [PSYoungGen: 72032K->1376K(72192K)] 408323K->337667K(608768K), 0.0025769 secs] [Times: user=0.01 sys=0.00, real=0.00 secs] 
2235.564: [GC (Allocation Failure) [PSYoungGen: 72032K->1344K(72192K)] 408323K->337643K(608768K), 0.0033364 secs] [Times: user=0.01 sys=0.00, real=0.00 secs] 
2237.343: [GC (Allocation Failure) [PSYoungGen: 72000K->1408K(72192K)] 408299K->337707K(608768K), 0.0021260 secs] [Times: user=0.01 sys=0.00, real=0.00 secs] 
2237.754: [GC (Allocation Failure) [PSYoungGen: 72064K->1376K(72192K)] 408363K->337675K(608768K), 0.0024002 secs] [Times: user=0.01 sys=0.00, real=0.00 secs] 
2238.164: [GC (Allocation Failure) [PSYoungGen: 72032K->1344K(72192K)] 408331K->337643K(608768K), 0.0019818 secs] [Times: user=0.01 sys=0.00, real=0.00 secs] 
2238.495: [GC (Allocation Failure) [PSYoungGen: 72000K->1376K(72192K)] 408299K->337675K(608768K), 0.0020327 secs] [Times: user=0.00 sys=0.00, real=0.00 secs] 
2239.846: [GC (Allocation Failure) [PSYoungGen: 72032K->1376K(72192K)] 408331K->337675K(608768K), 0.0022187 secs] [Times: user=0.01 sys=0.00, real=0.00 secs] 
2240.500: [GC (Allocation Failure) [PSYoungGen: 72032K->1376K(72192K)] 408331K->337675K(608768K), 0.0024631 secs] [Times: user=0.01 sys=0.01, real=0.00 secs] 
2240.795: [GC (Allocation Failure) [PSYoungGen: 72032K->1376K(72192K)] 408331K->337675K(608768K), 0.0020185 secs] [Times: user=0.00 sys=0.00, real=0.00 secs] 
2241.088: [GC (Allocation Failure) [PSYoungGen: 72032K->1376K(72192K)] 408331K->337675K(608768K), 0.0018709 secs] [Times: user=0.00 sys=0.00, real=0.00 secs] 
2242.241: [GC (Allocation Failure) [PSYoungGen: 72032K->1376K(72192K)] 408331K->337675K(608768K), 0.0018420 secs] [Times: user=0.00 sys=0.00, real=0.00 secs] 
2242.889: [GC (Allocation Failure) [PSYoungGen: 72032K->1376K(72192K)] 408331K->337675K(608768K), 0.0026553 secs] [Times: user=0.01 sys=0.00, real=0.00 secs] 
2243.370: [GC (Allocation Failure) [PSYoungGen: 72032K->1376K(72192K)] 408331K->337675K(608768K), 0.0019691 secs] [Times: user=0.01 sys=0.00, real=0.00 secs] 
2243.672: [GC (Allocation Failure) [PSYoungGen: 72032K->1376K(72192K)] 408331K->337691K(608768K), 0.0020340 secs] [Times: user=0.00 sys=0.00, real=0.01 secs] 
2245.303: [GC (Allocation Failure) [PSYoungGen: 72032K->1392K(72192K)] 408347K->337707K(608768K), 0.0041139 secs] [Times: user=0.02 sys=0.00, real=0.00 secs] 
2246.357: [GC (Allocation Failure) [PSYoungGen: 72048K->1376K(72192K)] 408363K->337691K(608768K), 0.0033901 secs] [Times: user=0.01 sys=0.00, real=0.00 secs] 
2247.319: [GC (Allocation Failure) [PSYoungGen: 72032K->1376K(72192K)] 408347K->337691K(608768K), 0.0040939 secs] [Times: user=0.02 sys=0.00, real=0.01 secs] 
2247.902: [GC (Allocation Failure) [PSYoungGen: 72032K->1344K(72192K)] 408347K->337659K(608768K), 0.0040095 secs] [Times: user=0.01 sys=0.00, real=0.01 secs] 
2250.403: [GC (Allocation Failure) [PSYoungGen: 72000K->1392K(72192K)] 408315K->337707K(608768K), 0.0031583 secs] [Times: user=0.01 sys=0.01, real=0.01 secs] 
2250.893: [GC (Allocation Failure) [PSYoungGen: 72048K->1376K(72192K)] 408363K->337691K(608768K), 0.0021640 secs] [Times: user=0.01 sys=0.00, real=0.00 secs] 
2251.209: [GC (Allocation Failure) [PSYoungGen: 72032K->1376K(72192K)] 408347K->337691K(608768K), 0.0017895 secs] [Times: user=0.01 sys=0.00, real=0.00 secs] 
2251.518: [GC (Allocation Failure) [PSYoungGen: 72032K->1328K(72192K)] 408347K->337651K(608768K), 0.0018859 secs] [Times: user=0.00 sys=0.00, real=0.00 secs] 
2252.526: [GC (Allocation Failure) [PSYoungGen: 71984K->1408K(72192K)] 408307K->337731K(608768K), 0.0015664 secs] [Times: user=0.00 sys=0.00, real=0.00 secs] 
2252.819: [GC (Allocation Failure) [PSYoungGen: 72064K->1376K(72192K)] 408387K->337699K(608768K), 0.0018253 secs] [Times: user=0.01 sys=0.00, real=0.00 secs] 
2253.116: [GC (Allocation Failure) [PSYoungGen: 72032K->1312K(72192K)] 408355K->337635K(608768K), 0.0031743 secs] [Times: user=0.02 sys=0.00, real=0.00 secs] 
2253.408: [GC (Allocation Failure) [PSYoungGen: 71968K->1376K(77824K)] 408291K->337699K(614400K), 0.0023456 secs] [Times: user=0.01 sys=0.00, real=0.00 secs] 
2254.544: [GC (Allocation Failure) [PSYoungGen: 77664K->1408K(77312K)] 413987K->337739K(613888K), 0.0022510 secs] [Times: user=0.01 sys=0.00, real=0.00 secs] 
2255.232: [GC (Allocation Failure) [PSYoungGen: 77184K->320K(76288K)] 413515K->337675K(612864K), 0.0041806 secs] [Times: user=0.02 sys=0.00, real=0.01 secs] 
2255.850: [GC (Allocation Failure) [PSYoungGen: 75584K->352K(75264K)] 412939K->337707K(611840K), 0.0030132 secs] [Times: user=0.01 sys=0.00, real=0.01 secs] 
2256.558: [GC (Allocation Failure) [PSYoungGen: 75104K->368K(75776K)] 412459K->337723K(612352K), 0.0027902 secs] [Times: user=0.01 sys=0.00, real=0.00 secs] 
2258.587: [GC (Allocation Failure) [PSYoungGen: 74608K->1376K(75264K)] 411963K->338731K(611840K), 0.0043516 secs] [Times: user=0.02 sys=0.00, real=0.00 secs] 
2259.802: [GC (Allocation Failure) [PSYoungGen: 75104K->1376K(74752K)] 412459K->338731K(611328K), 0.0042125 secs] [Times: user=0.02 sys=0.00, real=0.01 secs] 
2261.285: [GC (Allocation Failure) [PSYoungGen: 74592K->1344K(74240K)] 411947K->338699K(610816K), 0.0028286 secs] [Times: user=0.01 sys=0.00, real=0.00 secs] 
2262.685: [GC (Allocation Failure) [PSYoungGen: 74048K->1504K(73728K)] 411403K->338859K(610304K), 0.0019536 secs] [Times: user=0.00 sys=0.00, real=0.00 secs] 
2262.981: [GC (Allocation Failure) [PSYoungGen: 73696K->1344K(73216K)] 411051K->338699K(609792K), 0.0017077 secs] [Times: user=0.01 sys=0.00, real=0.01 secs] 
2263.278: [GC (Allocation Failure) [PSYoungGen: 73024K->1344K(72704K)] 410379K->338699K(609280K), 0.0018497 secs] [Times: user=0.01 sys=0.00, real=0.00 secs] 
2263.573: [GC (Allocation Failure) [PSYoungGen: 72512K->1344K(72192K)] 409867K->338699K(608768K), 0.0020904 secs] [Times: user=0.01 sys=0.00, real=0.00 secs] 
2264.630: [GC (Allocation Failure) [PSYoungGen: 72000K->1888K(72704K)] 409355K->339251K(609280K), 0.0017917 secs] [Times: user=0.01 sys=0.00, real=0.00 secs] 
2264.922: [GC (Allocation Failure) [PSYoungGen: 72544K->1344K(72704K)] 409907K->338707K(609280K), 0.0018011 secs] [Times: user=0.01 sys=0.00, real=0.01 secs] 
2265.215: [GC (Allocation Failure) [PSYoungGen: 72000K->1344K(72704K)] 409363K->338707K(609280K), 0.0018309 secs] [Times: user=0.01 sys=0.00, real=0.00 secs] 
2265.507: [GC (Allocation Failure) [PSYoungGen: 72000K->1344K(72704K)] 409363K->338707K(609280K), 0.0016664 secs] [Times: user=0.00 sys=0.00, real=0.00 secs] 
2266.573: [GC (Allocation Failure) [PSYoungGen: 72000K->1904K(72704K)] 409363K->339779K(609280K), 0.0017316 secs] [Times: user=0.01 sys=0.00, real=0.00 secs] 
2267.918: [GC (Allocation Failure) [PSYoungGen: 72560K->1344K(72704K)] 410435K->339219K(609280K), 0.0032536 secs] [Times: user=0.02 sys=0.00, real=0.00 secs] 
2268.596: [GC (Allocation Failure) [PSYoungGen: 72000K->1328K(72704K)] 409875K->339203K(609280K), 0.0027142 secs] [Times: user=0.01 sys=0.00, real=0.00 secs] 
2269.060: [GC (Allocation Failure) [PSYoungGen: 71984K->1344K(72704K)] 409859K->339219K(609280K), 0.0020223 secs] [Times: user=0.01 sys=0.00, real=0.00 secs] 
2270.310: [GC (Allocation Failure) [PSYoungGen: 72000K->1920K(72704K)] 409875K->339795K(609280K), 0.0019115 secs] [Times: user=0.00 sys=0.00, real=0.00 secs] 
2271.014: [GC (Allocation Failure) [PSYoungGen: 72576K->1344K(72704K)] 410451K->339219K(609280K), 0.0030952 secs] [Times: user=0.01 sys=0.00, real=0.00 secs] 
2271.671: [GC (Allocation Failure) [PSYoungGen: 72000K->1376K(72704K)] 409875K->339251K(609280K), 0.0024071 secs] [Times: user=0.01 sys=0.00, real=0.01 secs] 
2272.310: [GC (Allocation Failure) [PSYoungGen: 72032K->1376K(72704K)] 409907K->339275K(609280K), 0.0020607 secs] [Times: user=0.01 sys=0.00, real=0.00 secs] 
2273.863: [GC (Allocation Failure) [PSYoungGen: 72032K->1936K(72704K)] 409931K->340347K(609280K), 0.0019593 secs] [Times: user=0.01 sys=0.00, real=0.00 secs] 
2274.706: [GC (Allocation Failure) [PSYoungGen: 72592K->1376K(72704K)] 411003K->339787K(609280K), 0.0033015 secs] [Times: user=0.01 sys=0.00, real=0.00 secs] 
2275.079: [GC (Allocation Failure) [PSYoungGen: 72032K->1376K(72704K)] 410443K->339787K(609280K), 0.0020038 secs] [Times: user=0.00 sys=0.00, real=0.00 secs] 
2275.386: [GC (Allocation Failure) [PSYoungGen: 72032K->1376K(72704K)] 410443K->339787K(609280K), 0.0019628 secs] [Times: user=0.01 sys=0.00, real=0.00 secs] 
2276.372: [GC (Allocation Failure) [PSYoungGen: 72032K->1904K(72704K)] 410443K->340315K(609280K), 0.0017450 secs] [Times: user=0.01 sys=0.00, real=0.01 secs] 
2276.666: [GC (Allocation Failure) [PSYoungGen: 72560K->1344K(72704K)] 410971K->339755K(609280K), 0.0016388 secs] [Times: user=0.01 sys=0.00, real=0.00 secs] 
2276.959: [GC (Allocation Failure) [PSYoungGen: 72000K->1376K(72704K)] 410411K->339787K(609280K), 0.0016917 secs] [Times: user=0.01 sys=0.00, real=0.00 secs] 
2277.252: [GC (Allocation Failure) [PSYoungGen: 72032K->1376K(72704K)] 410443K->339787K(609280K), 0.0016424 secs] [Times: user=0.00 sys=0.00, real=0.01 secs] 
2278.225: [GC (Allocation Failure) [PSYoungGen: 72032K->1936K(72192K)] 410443K->340859K(608768K), 0.0017550 secs] [Times: user=0.01 sys=0.00, real=0.00 secs] 
2278.524: [GC (Allocation Failure) [PSYoungGen: 72080K->1328K(71680K)] 411003K->340251K(608256K), 0.0019126 secs] [Times: user=0.01 sys=0.00, real=0.00 secs] 
2278.815: [GC (Allocation Failure) [PSYoungGen: 71472K->1376K(72192K)] 410395K->340299K(608768K), 0.0018110 secs] [Times: user=0.01 sys=0.00, real=0.00 secs] 
2279.119: [GC (Allocation Failure) [PSYoungGen: 71520K->1376K(72192K)] 410443K->340299K(608768K), 0.0018244 secs] [Times: user=0.01 sys=0.00, real=0.00 secs] 
2280.229: [GC (Allocation Failure) [PSYoungGen: 71197K->1680K(72192K)] 410121K->340603K(608768K), 0.0017728 secs] [Times: user=0.01 sys=0.00, real=0.00 secs] 
2281.090: [GC (Allocation Failure) [PSYoungGen: 71824K->1376K(72192K)] 410747K->340299K(608768K), 0.0040936 secs] [Times: user=0.02 sys=0.00, real=0.01 secs] 
2281.740: [GC (Allocation Failure) [PSYoungGen: 71520K->1344K(72192K)] 410443K->340267K(608768K), 0.0027458 secs] [Times: user=0.01 sys=0.01, real=0.01 secs] 
2282.251: [GC (Allocation Failure) [PSYoungGen: 71488K->1360K(72192K)] 410411K->340307K(608768K), 0.0021955 secs] [Times: user=0.01 sys=0.00, real=0.01 secs] 
2283.661: [GC (Allocation Failure) [PSYoungGen: 71504K->1504K(72192K)] 410451K->340451K(608768K), 0.0020582 secs] [Times: user=0.01 sys=0.00, real=0.01 secs] 
2286.275: [GC (Allocation Failure) [PSYoungGen: 71648K->1376K(72192K)] 410595K->340323K(608768K), 0.0031083 secs] [Times: user=0.01 sys=0.00, real=0.00 secs] 
2286.974: [GC (Allocation Failure) [PSYoungGen: 71520K->1344K(72192K)] 410467K->340291K(608768K), 0.0026599 secs] [Times: user=0.01 sys=0.00, real=0.00 secs] 
2287.620: [GC (Allocation Failure) [PSYoungGen: 71488K->1376K(72192K)] 410435K->340339K(608768K), 0.0026351 secs] [Times: user=0.01 sys=0.00, real=0.00 secs] 
2288.972: [GC (Allocation Failure) [PSYoungGen: 71520K->256K(72192K)] 410483K->339219K(608768K), 0.0013177 secs] [Times: user=0.01 sys=0.00, real=0.01 secs] 
2289.721: [GC (Allocation Failure) [PSYoungGen: 70400K->1376K(72192K)] 409363K->340339K(608768K), 0.0021316 secs] [Times: user=0.01 sys=0.00, real=0.01 secs] 
2290.013: [GC (Allocation Failure) [PSYoungGen: 71520K->1328K(72192K)] 410483K->340291K(608768K), 0.0024415 secs] [Times: user=0.01 sys=0.00, real=0.00 secs] 
2290.315: [GC (Allocation Failure) [PSYoungGen: 71472K->1392K(72192K)] 410435K->340355K(608768K), 0.0020100 secs] [Times: user=0.00 sys=0.00, real=0.00 secs] 
2290.834: [GC (Allocation Failure) [PSYoungGen: 71488K->240K(72192K)] 410452K->339203K(608768K), 0.0022038 secs] [Times: user=0.01 sys=0.00, real=0.00 secs] 
2292.164: [GC (Allocation Failure) [PSYoungGen: 70384K->1408K(72192K)] 409347K->340371K(608768K), 0.0022848 secs] [Times: user=0.01 sys=0.00, real=0.00 secs] 
2292.469: [GC (Allocation Failure) [PSYoungGen: 71552K->1392K(72192K)] 410515K->340355K(608768K), 0.0020328 secs] [Times: user=0.01 sys=0.00, real=0.00 secs] 
2292.876: [GC (Allocation Failure) [PSYoungGen: 71536K->1376K(72192K)] 410499K->340339K(608768K), 0.0020649 secs] [Times: user=0.00 sys=0.00, real=0.00 secs] 
2293.491: [GC (Allocation Failure) [PSYoungGen: 71520K->1376K(72192K)] 410483K->340339K(608768K), 0.0021096 secs] [Times: user=0.01 sys=0.00, real=0.01 secs] 
2295.067: [GC (Allocation Failure) [PSYoungGen: 71520K->1408K(72192K)] 410483K->340371K(608768K), 0.0040738 secs] [Times: user=0.01 sys=0.00, real=0.00 secs] 
2295.733: [GC (Allocation Failure) [PSYoungGen: 71552K->1376K(72192K)] 410515K->340339K(608768K), 0.0031120 secs] [Times: user=0.02 sys=0.00, real=0.00 secs] 
2296.554: [GC (Allocation Failure) [PSYoungGen: 71520K->1376K(72192K)] 410483K->340347K(608768K), 0.0034165 secs] [Times: user=0.01 sys=0.00, real=0.00 secs] 
2297.534: [GC (Allocation Failure) [PSYoungGen: 71520K->1376K(72192K)] 410491K->340347K(608768K), 0.0030942 secs] [Times: user=0.01 sys=0.00, real=0.00 secs] 
2299.396: [GC (Allocation Failure) [PSYoungGen: 71520K->1408K(72192K)] 410491K->340379K(608768K), 0.0040907 secs] [Times: user=0.02 sys=0.00, real=0.00 secs] 
2299.746: [GC (Allocation Failure) [PSYoungGen: 71552K->1376K(72192K)] 410523K->340355K(608768K), 0.0019451 secs] [Times: user=0.01 sys=0.00, real=0.00 secs] 
2300.151: [GC (Allocation Failure) [PSYoungGen: 71520K->1360K(72192K)] 410499K->340339K(608768K), 0.0020400 secs] [Times: user=0.01 sys=0.00, real=0.01 secs] 
2300.840: [GC (Allocation Failure) [PSYoungGen: 71504K->1344K(72192K)] 410483K->340331K(608768K), 0.0025004 secs] [Times: user=0.01 sys=0.00, real=0.00 secs] 
2302.908: [GC (Allocation Failure) [PSYoungGen: 71488K->1408K(72192K)] 410475K->340395K(608768K), 0.0025077 secs] [Times: user=0.01 sys=0.00, real=0.00 secs] 
2303.560: [GC (Allocation Failure) [PSYoungGen: 71552K->1408K(72192K)] 410539K->340395K(608768K), 0.0025187 secs] [Times: user=0.00 sys=0.00, real=0.00 secs] 
2304.111: [GC (Allocation Failure) [PSYoungGen: 71552K->1376K(72192K)] 410539K->340363K(608768K), 0.0024827 secs] [Times: user=0.01 sys=0.00, real=0.01 secs] 
2304.662: [GC (Allocation Failure) [PSYoungGen: 71520K->1360K(72192K)] 410507K->340347K(608768K), 0.0022453 secs] [Times: user=0.01 sys=0.00, real=0.01 secs] 
2305.995: [GC (Allocation Failure) [PSYoungGen: 71504K->1376K(72192K)] 410491K->340371K(608768K), 0.0018269 secs] [Times: user=0.00 sys=0.00, real=0.00 secs] 
2306.287: [GC (Allocation Failure) [PSYoungGen: 71520K->1312K(72192K)] 410515K->340307K(608768K), 0.0018089 secs] [Times: user=0.00 sys=0.00, real=0.00 secs] 
2306.646: [GC (Allocation Failure) [PSYoungGen: 71456K->1376K(72192K)] 410451K->340371K(608768K), 0.0021579 secs] [Times: user=0.01 sys=0.00, real=0.00 secs] 
2306.939: [GC (Allocation Failure) [PSYoungGen: 71520K->1376K(72192K)] 410515K->340371K(608768K), 0.0019552 secs] [Times: user=0.01 sys=0.00, real=0.00 secs] 
2307.927: [GC (Allocation Failure) [PSYoungGen: 71520K->1376K(72192K)] 410515K->340371K(608768K), 0.0016408 secs] [Times: user=0.01 sys=0.00, real=0.00 secs] 
2308.237: [GC (Allocation Failure) [PSYoungGen: 71520K->1408K(72192K)] 410515K->340403K(608768K), 0.0017270 secs] [Times: user=0.00 sys=0.00, real=0.00 secs] 
2308.580: [GC (Allocation Failure) [PSYoungGen: 71552K->1376K(72192K)] 410547K->340371K(608768K), 0.0017604 secs] [Times: user=0.01 sys=0.00, real=0.00 secs] 
2308.871: [GC (Allocation Failure) [PSYoungGen: 71520K->1344K(71680K)] 410515K->340339K(608256K), 0.0018639 secs] [Times: user=0.01 sys=0.00, real=0.01 secs] 
2309.930: [GC (Allocation Failure) [PSYoungGen: 71488K->1392K(71680K)] 410483K->340387K(608256K), 0.0025284 secs] [Times: user=0.01 sys=0.00, real=0.00 secs] 
2310.222: [GC (Allocation Failure) [PSYoungGen: 71536K->352K(71168K)] 410531K->340371K(607744K), 0.0019175 secs] [Times: user=0.01 sys=0.00, real=0.01 secs] 
2310.540: [GC (Allocation Failure) [PSYoungGen: 70496K->320K(72192K)] 410515K->340339K(608768K), 0.0019171 secs] [Times: user=0.00 sys=0.00, real=0.00 secs] 
2310.883: [GC (Allocation Failure) [PSYoungGen: 70464K->320K(72192K)] 410483K->340363K(608768K), 0.0019758 secs] [Times: user=0.01 sys=0.00, real=0.00 secs] 
2311.918: [GC (Allocation Failure) [PSYoungGen: 70464K->1408K(72192K)] 410507K->341451K(608768K), 0.0018399 secs] [Times: user=0.01 sys=0.00, real=0.00 secs] 
2312.243: [GC (Allocation Failure) [PSYoungGen: 71552K->1376K(72192K)] 411595K->341419K(608768K), 0.0018460 secs] [Times: user=0.01 sys=0.00, real=0.00 secs] 
2312.581: [GC (Allocation Failure) [PSYoungGen: 71520K->1376K(72192K)] 411563K->341419K(608768K), 0.0019974 secs] [Times: user=0.01 sys=0.00, real=0.01 secs] 
2312.873: [GC (Allocation Failure) [PSYoungGen: 71520K->1376K(72192K)] 411563K->341419K(608768K), 0.0019258 secs] [Times: user=0.01 sys=0.00, real=0.00 secs] 
2314.493: [GC (Allocation Failure) [PSYoungGen: 71520K->1408K(72192K)] 411563K->341451K(608768K), 0.0038623 secs] [Times: user=0.02 sys=0.00, real=0.00 secs] 
2315.089: [GC (Allocation Failure) [PSYoungGen: 71552K->1344K(72192K)] 411595K->341387K(608768K), 0.0026880 secs] [Times: user=0.01 sys=0.00, real=0.00 secs] 
2315.662: [GC (Allocation Failure) [PSYoungGen: 71488K->1360K(72192K)] 411531K->341403K(608768K), 0.0024658 secs] [Times: user=0.01 sys=0.00, real=0.01 secs] 
2316.284: [GC (Allocation Failure) [PSYoungGen: 71504K->1328K(72192K)] 411547K->341371K(608768K), 0.0022130 secs] [Times: user=0.01 sys=0.01, real=0.00 secs] 
2318.216: [GC (Allocation Failure) [PSYoungGen: 71472K->1408K(72192K)] 411515K->341451K(608768K), 0.0030348 secs] [Times: user=0.01 sys=0.00, real=0.00 secs] 
2318.517: [GC (Allocation Failure) [PSYoungGen: 71552K->1360K(72192K)] 411595K->341403K(608768K), 0.0021088 secs] [Times: user=0.00 sys=0.00, real=0.00 secs] 
2318.809: [GC (Allocation Failure) [PSYoungGen: 71504K->1408K(72192K)] 411547K->341451K(608768K), 0.0020155 secs] [Times: user=0.01 sys=0.00, real=0.00 secs] 
2319.101: [GC (Allocation Failure) [PSYoungGen: 71552K->1376K(72192K)] 411595K->341419K(608768K), 0.0019053 secs] [Times: user=0.01 sys=0.00, real=0.00 secs] 
2320.069: [GC (Allocation Failure) [PSYoungGen: 71520K->1392K(72192K)] 411563K->341435K(608768K), 0.0015501 secs] [Times: user=0.00 sys=0.00, real=0.00 secs] 
2320.360: [GC (Allocation Failure) [PSYoungGen: 71536K->1344K(72192K)] 411579K->341387K(608768K), 0.0015303 secs] [Times: user=0.01 sys=0.00, real=0.00 secs] 
2320.650: [GC (Allocation Failure) [PSYoungGen: 71488K->1376K(72192K)] 411531K->341419K(608768K), 0.0015719 secs] [Times: user=0.00 sys=0.00, real=0.00 secs] 
2320.940: [GC (Allocation Failure) [PSYoungGen: 71520K->1376K(72192K)] 411563K->341419K(608768K), 0.0014849 secs] [Times: user=0.00 sys=0.00, real=0.00 secs] 
2321.983: [GC (Allocation Failure) [PSYoungGen: 71520K->1376K(72192K)] 411563K->341419K(608768K), 0.0018502 secs] [Times: user=0.00 sys=0.00, real=0.00 secs] 
2322.280: [GC (Allocation Failure) [PSYoungGen: 71520K->1392K(72192K)] 411563K->341459K(608768K), 0.0017432 secs] [Times: user=0.00 sys=0.01, real=0.00 secs] 
2322.570: [GC (Allocation Failure) [PSYoungGen: 71536K->1344K(72192K)] 411603K->341411K(608768K), 0.0016348 secs] [Times: user=0.01 sys=0.00, real=0.00 secs] 
2322.861: [GC (Allocation Failure) [PSYoungGen: 71488K->1344K(72192K)] 411555K->341411K(608768K), 0.0018081 secs] [Times: user=0.00 sys=0.00, real=0.00 secs] 
2324.607: [GC (Allocation Failure) [PSYoungGen: 71488K->1376K(72192K)] 411555K->341443K(608768K), 0.0033694 secs] [Times: user=0.02 sys=0.01, real=0.00 secs] 
2325.629: [GC (Allocation Failure) [PSYoungGen: 71520K->1344K(72192K)] 411587K->341411K(608768K), 0.0035108 secs] [Times: user=0.02 sys=0.00, real=0.00 secs] 
2326.695: [GC (Allocation Failure) [PSYoungGen: 71488K->1376K(72192K)] 411555K->341443K(608768K), 0.0044259 secs] [Times: user=0.01 sys=0.00, real=0.00 secs] 
2327.594: [GC (Allocation Failure) [PSYoungGen: 71520K->1376K(72192K)] 411587K->341443K(608768K), 0.0040069 secs] [Times: user=0.01 sys=0.00, real=0.00 secs] 
2329.521: [GC (Allocation Failure) [PSYoungGen: 71520K->1424K(72192K)] 411587K->341491K(608768K), 0.0030201 secs] [Times: user=0.01 sys=0.00, real=0.01 secs] 
2330.225: [GC (Allocation Failure) [PSYoungGen: 71568K->1328K(72192K)] 411635K->341395K(608768K), 0.0020489 secs] [Times: user=0.01 sys=0.00, real=0.00 secs] 
2331.120: [GC (Allocation Failure) [PSYoungGen: 71472K->1344K(72192K)] 411539K->341411K(608768K), 0.0023008 secs] [Times: user=0.01 sys=0.00, real=0.00 secs] 
2331.853: [GC (Allocation Failure) [PSYoungGen: 71488K->1376K(71680K)] 411555K->341443K(608256K), 0.0028653 secs] [Times: user=0.01 sys=0.00, real=0.00 secs] 
2333.297: [GC (Allocation Failure) [PSYoungGen: 71520K->1408K(71680K)] 411587K->341475K(608256K), 0.0024892 secs] [Times: user=0.00 sys=0.00, real=0.00 secs] 
2333.981: [GC (Allocation Failure) [PSYoungGen: 71552K->352K(71168K)] 411619K->341443K(607744K), 0.0040039 secs] [Times: user=0.02 sys=0.00, real=0.01 secs] 
2334.705: [GC (Allocation Failure) [PSYoungGen: 70496K->352K(72192K)] 411587K->341443K(608768K), 0.0029997 secs] [Times: user=0.01 sys=0.00, real=0.00 secs] 
2335.389: [GC (Allocation Failure) [PSYoungGen: 70496K->320K(72192K)] 411587K->341411K(608768K), 0.0031930 secs] [Times: user=0.01 sys=0.00, real=0.00 secs] 
2337.178: [GC (Allocation Failure) [PSYoungGen: 70464K->1408K(72192K)] 411555K->342499K(608768K), 0.0042062 secs] [Times: user=0.02 sys=0.00, real=0.00 secs] 
2338.378: [GC (Allocation Failure) [PSYoungGen: 71552K->1376K(72192K)] 412643K->342475K(608768K), 0.0039549 secs] [Times: user=0.01 sys=0.00, real=0.00 secs] 
2339.327: [GC (Allocation Failure) [PSYoungGen: 71520K->1376K(72192K)] 412619K->342475K(608768K), 0.0027855 secs] [Times: user=0.01 sys=0.00, real=0.00 secs] 
2339.996: [GC (Allocation Failure) [PSYoungGen: 71520K->1344K(72192K)] 412619K->342443K(608768K), 0.0027815 secs] [Times: user=0.01 sys=0.01, real=0.00 secs] 
2341.397: [GC (Allocation Failure) [PSYoungGen: 71488K->1376K(72192K)] 412587K->342475K(608768K), 0.0019257 secs] [Times: user=0.00 sys=0.00, real=0.00 secs] 
2341.706: [GC (Allocation Failure) [PSYoungGen: 71520K->1376K(72192K)] 412619K->342475K(608768K), 0.0022808 secs] [Times: user=0.01 sys=0.00, real=0.00 secs] 
2342.201: [GC (Allocation Failure) [PSYoungGen: 71520K->1376K(72192K)] 412619K->342475K(608768K), 0.0032045 secs] [Times: user=0.01 sys=0.00, real=0.01 secs] 
2342.789: [GC (Allocation Failure) [PSYoungGen: 71520K->1376K(72192K)] 412619K->342475K(608768K), 0.0026957 secs] [Times: user=0.01 sys=0.00, real=0.00 secs] 
2344.051: [GC (Allocation Failure) [PSYoungGen: 71520K->1376K(72192K)] 412619K->342475K(608768K), 0.0018742 secs] [Times: user=0.01 sys=0.00, real=0.01 secs] 
2344.343: [GC (Allocation Failure) [PSYoungGen: 71520K->1376K(72192K)] 412619K->342475K(608768K), 0.0015941 secs] [Times: user=0.01 sys=0.00, real=0.00 secs] 
2344.633: [GC (Allocation Failure) [PSYoungGen: 71520K->1376K(72192K)] 412619K->342475K(608768K), 0.0015939 secs] [Times: user=0.01 sys=0.00, real=0.00 secs] 
2344.924: [GC (Allocation Failure) [PSYoungGen: 71520K->1376K(72192K)] 412619K->342483K(608768K), 0.0015573 secs] [Times: user=0.01 sys=0.00, real=0.00 secs] 
2346.311: [GC (Allocation Failure) [PSYoungGen: 71520K->1408K(72192K)] 412627K->342515K(608768K), 0.0018444 secs] [Times: user=0.00 sys=0.00, real=0.01 secs] 
2346.690: [GC (Allocation Failure) [PSYoungGen: 71552K->1376K(72192K)] 412659K->342483K(608768K), 0.0020079 secs] [Times: user=0.00 sys=0.00, real=0.00 secs] 
2347.005: [GC (Allocation Failure) [PSYoungGen: 71520K->1344K(72192K)] 412627K->342451K(608768K), 0.0018968 secs] [Times: user=0.00 sys=0.00, real=0.00 secs] 
2347.397: [GC (Allocation Failure) [PSYoungGen: 71488K->1376K(72192K)] 412595K->342483K(608768K), 0.0019808 secs] [Times: user=0.01 sys=0.00, real=0.00 secs] 
2348.601: [GC (Allocation Failure) [PSYoungGen: 71520K->1360K(72192K)] 412627K->342467K(608768K), 0.0018318 secs] [Times: user=0.01 sys=0.00, real=0.00 secs] 
2349.338: [GC (Allocation Failure) [PSYoungGen: 71504K->1376K(72192K)] 412611K->342483K(608768K), 0.0019767 secs] [Times: user=0.01 sys=0.00, real=0.00 secs] 
2349.764: [GC (Allocation Failure) [PSYoungGen: 71520K->1376K(72192K)] 412627K->342483K(608768K), 0.0020061 secs] [Times: user=0.01 sys=0.00, real=0.00 secs] 
2350.285: [GC (Allocation Failure) [PSYoungGen: 71520K->1376K(72192K)] 412627K->342483K(608768K), 0.0020826 secs] [Times: user=0.01 sys=0.00, real=0.00 secs] 
2351.574: [GC (Allocation Failure) [PSYoungGen: 71520K->1408K(72192K)] 412627K->342515K(608768K), 0.0025747 secs] [Times: user=0.01 sys=0.00, real=0.00 secs] 
2352.171: [GC (Allocation Failure) [PSYoungGen: 71552K->1376K(72192K)] 412659K->342483K(608768K), 0.0024489 secs] [Times: user=0.01 sys=0.00, real=0.01 secs] 
2352.462: [GC (Allocation Failure) [PSYoungGen: 71520K->1344K(72192K)] 412627K->342467K(608768K), 0.0019489 secs] [Times: user=0.01 sys=0.00, real=0.01 secs] 
2352.753: [GC (Allocation Failure) [PSYoungGen: 71488K->1344K(72192K)] 412611K->342467K(608768K), 0.0020240 secs] [Times: user=0.01 sys=0.00, real=0.00 secs] 
2353.742: [GC (Allocation Failure) [PSYoungGen: 71488K->1424K(72192K)] 412611K->342547K(608768K), 0.0016833 secs] [Times: user=0.01 sys=0.00, real=0.01 secs] 
2354.032: [GC (Allocation Failure) [PSYoungGen: 71568K->1376K(72192K)] 412691K->342499K(608768K), 0.0016569 secs] [Times: user=0.01 sys=0.00, real=0.01 secs] 
2354.323: [GC (Allocation Failure) [PSYoungGen: 71520K->1376K(72192K)] 412643K->342499K(608768K), 0.0017136 secs] [Times: user=0.01 sys=0.00, real=0.00 secs] 
2354.632: [GC (Allocation Failure) [PSYoungGen: 71520K->1392K(72192K)] 412643K->342515K(608768K), 0.0020625 secs] [Times: user=0.01 sys=0.00, real=0.01 secs] 
2355.828: [GC (Allocation Failure) [PSYoungGen: 71536K->1376K(71680K)] 412659K->342499K(608256K), 0.0018714 secs] [Times: user=0.01 sys=0.00, real=0.00 secs] 
2356.401: [GC (Allocation Failure) [PSYoungGen: 71520K->1392K(71680K)] 412643K->342515K(608256K), 0.0017810 secs] [Times: user=0.01 sys=0.00, real=0.01 secs] 
2356.995: [GC (Allocation Failure) [PSYoungGen: 71536K->1392K(71680K)] 412659K->342515K(608256K), 0.0026571 secs] [Times: user=0.01 sys=0.00, real=0.00 secs] 
2357.593: [GC (Allocation Failure) [PSYoungGen: 71536K->1424K(71680K)] 412659K->342547K(608256K), 0.0039271 secs] [Times: user=0.01 sys=0.00, real=0.00 secs] 
2358.649: [GC (Allocation Failure) [PSYoungGen: 71568K->1456K(71680K)] 412691K->342579K(608256K), 0.0017740 secs] [Times: user=0.01 sys=0.00, real=0.00 secs] 
2358.939: [GC (Allocation Failure) [PSYoungGen: 71600K->1328K(71680K)] 412723K->342451K(608256K), 0.0017276 secs] [Times: user=0.01 sys=0.00, real=0.00 secs] 
2359.230: [GC (Allocation Failure) [PSYoungGen: 71472K->1376K(71680K)] 412595K->342499K(608256K), 0.0018502 secs] [Times: user=0.01 sys=0.00, real=0.00 secs] 
2359.520: [GC (Allocation Failure) [PSYoungGen: 71520K->1392K(71680K)] 412643K->342523K(608256K), 0.0019438 secs] [Times: user=0.01 sys=0.00, real=0.00 secs] 
2361.171: [GC (Allocation Failure) [PSYoungGen: 71536K->1408K(71680K)] 412667K->342539K(608256K), 0.0033306 secs] [Times: user=0.02 sys=0.00, real=0.01 secs] 
2361.950: [GC (Allocation Failure) [PSYoungGen: 71552K->1408K(71680K)] 412683K->342563K(608256K), 0.0035456 secs] [Times: user=0.01 sys=0.00, real=0.01 secs] 
2362.259: [GC (Allocation Failure) [PSYoungGen: 71552K->1360K(71680K)] 412707K->342515K(608256K), 0.0022129 secs] [Times: user=0.01 sys=0.00, real=0.00 secs] 
2362.605: [GC (Allocation Failure) [PSYoungGen: 71504K->1344K(71680K)] 412659K->342531K(608256K), 0.0019853 secs] [Times: user=0.00 sys=0.00, real=0.00 secs] 
2363.680: [GC (Allocation Failure) [PSYoungGen: 71488K->1408K(71680K)] 412675K->342595K(608256K), 0.0017522 secs] [Times: user=0.01 sys=0.00, real=0.00 secs] 
2364.011: [GC (Allocation Failure) [PSYoungGen: 71552K->1344K(71680K)] 412739K->342531K(608256K), 0.0019444 secs] [Times: user=0.01 sys=0.00, real=0.01 secs] 
2364.326: [GC (Allocation Failure) [PSYoungGen: 71488K->1344K(71680K)] 412675K->342531K(608256K), 0.0019826 secs] [Times: user=0.01 sys=0.00, real=0.00 secs] 
2364.692: [GC (Allocation Failure) [PSYoungGen: 71488K->1376K(71680K)] 412675K->342563K(608256K), 0.0020121 secs] [Times: user=0.01 sys=0.00, real=0.01 secs] 
2365.904: [GC (Allocation Failure) [PSYoungGen: 71520K->1408K(71680K)] 412707K->342595K(608256K), 0.0018997 secs] [Times: user=0.00 sys=0.00, real=0.00 secs] 
2366.665: [GC (Allocation Failure) [PSYoungGen: 71552K->1376K(71680K)] 412739K->342563K(608256K), 0.0025044 secs] [Times: user=0.01 sys=0.00, real=0.00 secs] 
2367.457: [GC (Allocation Failure) [PSYoungGen: 71520K->1376K(71680K)] 412707K->342563K(608256K), 0.0024101 secs] [Times: user=0.01 sys=0.00, real=0.00 secs] 
2368.028: [GC (Allocation Failure) [PSYoungGen: 71520K->1376K(71680K)] 412707K->342571K(608256K), 0.0024634 secs] [Times: user=0.01 sys=0.00, real=0.00 secs] 
2369.373: [GC (Allocation Failure) [PSYoungGen: 71520K->1408K(71680K)] 412715K->342603K(608256K), 0.0017771 secs] [Times: user=0.01 sys=0.00, real=0.00 secs] 
2369.798: [GC (Allocation Failure) [PSYoungGen: 71552K->1376K(71680K)] 412747K->342571K(608256K), 0.0026648 secs] [Times: user=0.01 sys=0.00, real=0.00 secs] 
2370.112: [GC (Allocation Failure) [PSYoungGen: 71520K->1344K(71680K)] 412715K->342539K(608256K), 0.0021210 secs] [Times: user=0.01 sys=0.00, real=0.01 secs] 
2370.466: [GC (Allocation Failure) [PSYoungGen: 71488K->1376K(71680K)] 412683K->342571K(608256K), 0.0022711 secs] [Times: user=0.01 sys=0.00, real=0.00 secs] 
2372.200: [GC (Allocation Failure) [PSYoungGen: 71520K->1376K(71680K)] 412715K->342571K(608256K), 0.0031425 secs] [Times: user=0.01 sys=0.00, real=0.01 secs] 
2373.416: [GC (Allocation Failure) [PSYoungGen: 71520K->1344K(71680K)] 412715K->342547K(608256K), 0.0033503 secs] [Times: user=0.02 sys=0.00, real=0.00 secs] 
2374.307: [GC (Allocation Failure) [PSYoungGen: 71488K->1376K(71680K)] 412691K->342587K(608256K), 0.0027378 secs] [Times: user=0.02 sys=0.00, real=0.00 secs] 
2375.029: [GC (Allocation Failure) [PSYoungGen: 71520K->1440K(71680K)] 412731K->342651K(608256K), 0.0026594 secs] [Times: user=0.01 sys=0.00, real=0.00 secs] 
2376.758: [GC (Allocation Failure) [PSYoungGen: 71584K->1408K(71680K)] 412795K->342619K(608256K), 0.0017659 secs] [Times: user=0.00 sys=0.00, real=0.00 secs] 
2377.152: [GC (Allocation Failure) [PSYoungGen: 71552K->1424K(71680K)] 412763K->342635K(608256K), 0.0018646 secs] [Times: user=0.01 sys=0.00, real=0.01 secs] 
2377.791: [GC (Allocation Failure) [PSYoungGen: 71568K->1408K(71680K)] 412779K->342619K(608256K), 0.0019198 secs] [Times: user=0.01 sys=0.00, real=0.01 secs] 
2378.471: [GC (Allocation Failure) [PSYoungGen: 71552K->1408K(71680K)] 412763K->342619K(608256K), 0.0019077 secs] [Times: user=0.00 sys=0.00, real=0.01 secs] 
2379.795: [GC (Allocation Failure) [PSYoungGen: 71552K->1408K(71680K)] 412763K->342619K(608256K), 0.0018292 secs] [Times: user=0.00 sys=0.00, real=0.00 secs] 
2380.089: [GC (Allocation Failure) [PSYoungGen: 71552K->1424K(71680K)] 412763K->342635K(608256K), 0.0018055 secs] [Times: user=0.01 sys=0.00, real=0.00 secs] 
2380.381: [GC (Allocation Failure) [PSYoungGen: 71568K->1424K(71680K)] 412779K->342635K(608256K), 0.0017537 secs] [Times: user=0.01 sys=0.00, real=0.00 secs] 
2380.672: [GC (Allocation Failure) [PSYoungGen: 71568K->1424K(71680K)] 412779K->342635K(608256K), 0.0017436 secs] [Times: user=0.01 sys=0.00, real=0.01 secs] 
2381.697: [GC (Allocation Failure) [PSYoungGen: 71568K->1424K(71680K)] 412779K->342635K(608256K), 0.0017780 secs] [Times: user=0.01 sys=0.00, real=0.00 secs] 
2382.595: [GC (Allocation Failure) [PSYoungGen: 71568K->1408K(71680K)] 412779K->342619K(608256K), 0.0017499 secs] [Times: user=0.00 sys=0.00, real=0.00 secs] 
2383.396: [GC (Allocation Failure) [PSYoungGen: 71552K->1408K(71680K)] 412763K->342619K(608256K), 0.0023007 secs] [Times: user=0.01 sys=0.00, real=0.00 secs] 
2384.019: [GC (Allocation Failure) [PSYoungGen: 71552K->1408K(71680K)] 412763K->342627K(608256K), 0.0020680 secs] [Times: user=0.01 sys=0.00, real=0.00 secs] 
2385.433: [GC (Allocation Failure) [PSYoungGen: 71552K->1472K(71680K)] 412771K->342715K(608256K), 0.0017513 secs] [Times: user=0.01 sys=0.00, real=0.00 secs] 
2386.306: [GC (Allocation Failure) [PSYoungGen: 71616K->1408K(71680K)] 412859K->342651K(608256K), 0.0039378 secs] [Times: user=0.01 sys=0.00, real=0.00 secs] 
2386.943: [GC (Allocation Failure) [PSYoungGen: 71552K->1392K(71680K)] 412795K->342635K(608256K), 0.0032892 secs] [Times: user=0.02 sys=0.00, real=0.00 secs] 
2387.628: [GC (Allocation Failure) [PSYoungGen: 71536K->1408K(71680K)] 412779K->342651K(608256K), 0.0032126 secs] [Times: user=0.01 sys=0.00, real=0.00 secs] 
2388.908: [GC (Allocation Failure) [PSYoungGen: 71552K->896K(71680K)] 412795K->343163K(608256K), 0.0020264 secs] [Times: user=0.00 sys=0.00, real=0.00 secs] 
2389.211: [GC (Allocation Failure) [PSYoungGen: 71040K->352K(72192K)] 413307K->342619K(608768K), 0.0020895 secs] [Times: user=0.01 sys=0.00, real=0.01 secs] 
2389.578: [GC (Allocation Failure) [PSYoungGen: 70496K->352K(72192K)] 412763K->342619K(608768K), 0.0019539 secs] [Times: user=0.01 sys=0.00, real=0.00 secs] 
2390.140: [GC (Allocation Failure) [PSYoungGen: 70496K->352K(72192K)] 412763K->342619K(608768K), 0.0020600 secs] [Times: user=0.01 sys=0.00, real=0.00 secs] 
2391.471: [GC (Allocation Failure) [PSYoungGen: 70211K->1664K(72192K)] 412479K->343931K(608768K), 0.0018835 secs] [Times: user=0.00 sys=0.00, real=0.00 secs] 
2392.444: [GC (Allocation Failure) [PSYoungGen: 71808K->1376K(72192K)] 414075K->343643K(608768K), 0.0023825 secs] [Times: user=0.01 sys=0.00, real=0.00 secs] 
2393.192: [GC (Allocation Failure) [PSYoungGen: 71520K->1344K(72192K)] 413787K->343611K(608768K), 0.0039728 secs] [Times: user=0.02 sys=0.00, real=0.01 secs] 
2393.930: [GC (Allocation Failure) [PSYoungGen: 71488K->1344K(72192K)] 413755K->343611K(608768K), 0.0041045 secs] [Times: user=0.01 sys=0.00, real=0.01 secs] 
2395.390: [GC (Allocation Failure) [PSYoungGen: 71488K->1536K(72192K)] 413755K->343811K(608768K), 0.0016365 secs] [Times: user=0.01 sys=0.00, real=0.00 secs] 
2395.961: [GC (Allocation Failure) [PSYoungGen: 71680K->1376K(72192K)] 413955K->343651K(608768K), 0.0021415 secs] [Times: user=0.01 sys=0.00, real=0.01 secs] 
2396.568: [GC (Allocation Failure) [PSYoungGen: 71520K->1408K(72192K)] 413795K->343683K(608768K), 0.0032110 secs] [Times: user=0.01 sys=0.00, real=0.00 secs] 
2397.125: [GC (Allocation Failure) [PSYoungGen: 71552K->1360K(72192K)] 413827K->343635K(608768K), 0.0026577 secs] [Times: user=0.01 sys=0.00, real=0.00 secs] 
2398.092: [GC (Allocation Failure) [PSYoungGen: 71504K->1344K(72192K)] 413779K->343619K(608768K), 0.0015347 secs] [Times: user=0.00 sys=0.00, real=0.01 secs] 
2398.418: [GC (Allocation Failure) [PSYoungGen: 71488K->1344K(72192K)] 413763K->343619K(608768K), 0.0017869 secs] [Times: user=0.01 sys=0.00, real=0.00 secs] 
2398.709: [GC (Allocation Failure) [PSYoungGen: 71488K->1392K(72192K)] 413763K->343667K(608768K), 0.0017256 secs] [Times: user=0.01 sys=0.00, real=0.00 secs] 
2399.070: [GC (Allocation Failure) [PSYoungGen: 71536K->1344K(72192K)] 413811K->343619K(608768K), 0.0027892 secs] [Times: user=0.01 sys=0.00, real=0.01 secs] 
2400.370: [GC (Allocation Failure) [PSYoungGen: 71488K->288K(72192K)] 413763K->342563K(608768K), 0.0014822 secs] [Times: user=0.01 sys=0.00, real=0.00 secs] 
2400.709: [GC (Allocation Failure) [PSYoungGen: 70432K->1408K(72192K)] 412707K->343683K(608768K), 0.0018328 secs] [Times: user=0.01 sys=0.00, real=0.00 secs] 
2401.001: [GC (Allocation Failure) [PSYoungGen: 71552K->1360K(72192K)] 413827K->343635K(608768K), 0.0016812 secs] [Times: user=0.01 sys=0.00, real=0.00 secs] 
2401.335: [GC (Allocation Failure) [PSYoungGen: 71504K->1376K(72192K)] 413779K->343651K(608768K), 0.0020227 secs] [Times: user=0.01 sys=0.00, real=0.00 secs] 
2401.741: [GC (Allocation Failure) [PSYoungGen: 71503K->272K(72192K)] 413779K->342571K(608768K), 0.0020215 secs] [Times: user=0.01 sys=0.00, real=0.00 secs] 
2403.142: [GC (Allocation Failure) [PSYoungGen: 70416K->1376K(72192K)] 412715K->343675K(608768K), 0.0022825 secs] [Times: user=0.01 sys=0.00, real=0.01 secs] 
2403.427: [GC (Allocation Failure) [PSYoungGen: 71520K->1392K(72192K)] 413819K->343691K(608768K), 0.0020592 secs] [Times: user=0.01 sys=0.00, real=0.00 secs] 
2403.718: [GC (Allocation Failure) [PSYoungGen: 71536K->1344K(72192K)] 413835K->343643K(608768K), 0.0019534 secs] [Times: user=0.00 sys=0.01, real=0.00 secs] 
2404.009: [GC (Allocation Failure) [PSYoungGen: 71488K->1376K(72192K)] 413787K->343675K(608768K), 0.0018298 secs] [Times: user=0.01 sys=0.00, real=0.00 secs] 
2405.971: [GC (Allocation Failure) [PSYoungGen: 71520K->1408K(72192K)] 413819K->343707K(608768K), 0.0027374 secs] [Times: user=0.01 sys=0.00, real=0.01 secs] 
2406.679: [GC (Allocation Failure) [PSYoungGen: 71552K->1376K(72192K)] 413851K->343675K(608768K), 0.0028167 secs] [Times: user=0.01 sys=0.00, real=0.00 secs] 
2407.525: [GC (Allocation Failure) [PSYoungGen: 71520K->1344K(72192K)] 413819K->343643K(608768K), 0.0040286 secs] [Times: user=0.02 sys=0.00, real=0.00 secs] 
2408.336: [GC (Allocation Failure) [PSYoungGen: 71488K->1376K(72192K)] 413787K->343675K(608768K), 0.0032954 secs] [Times: user=0.01 sys=0.00, real=0.00 secs] 
2409.418: [GC (Allocation Failure) [PSYoungGen: 71520K->1424K(72192K)] 413819K->343723K(608768K), 0.0017705 secs] [Times: user=0.00 sys=0.01, real=0.00 secs] 
2410.014: [GC (Allocation Failure) [PSYoungGen: 71568K->1344K(72192K)] 413867K->343643K(608768K), 0.0023150 secs] [Times: user=0.01 sys=0.00, real=0.00 secs] 
2410.637: [GC (Allocation Failure) [PSYoungGen: 71488K->1408K(72192K)] 413787K->343707K(608768K), 0.0022501 secs] [Times: user=0.01 sys=0.00, real=0.00 secs] 
2411.235: [GC (Allocation Failure) [PSYoungGen: 71552K->1344K(72192K)] 413851K->343643K(608768K), 0.0021864 secs] [Times: user=0.01 sys=0.00, real=0.00 secs] 
2412.665: [GC (Allocation Failure) [PSYoungGen: 71488K->1440K(72192K)] 413787K->343739K(608768K), 0.0018619 secs] [Times: user=0.01 sys=0.00, real=0.00 secs] 
2413.401: [GC (Allocation Failure) [PSYoungGen: 71584K->1408K(72192K)] 413883K->343707K(608768K), 0.0017115 secs] [Times: user=0.01 sys=0.00, real=0.00 secs] 
2413.827: [GC (Allocation Failure) [PSYoungGen: 71552K->1376K(72192K)] 413851K->343675K(608768K), 0.0016904 secs] [Times: user=0.00 sys=0.00, real=0.00 secs] 
2414.118: [GC (Allocation Failure) [PSYoungGen: 71520K->1360K(72192K)] 413819K->343667K(608768K), 0.0017888 secs] [Times: user=0.01 sys=0.00, real=0.00 secs] 
2416.034: [GC (Allocation Failure) [PSYoungGen: 71504K->1408K(72192K)] 413811K->343715K(608768K), 0.0041521 secs] [Times: user=0.01 sys=0.00, real=0.00 secs] 
2417.138: [GC (Allocation Failure) [PSYoungGen: 71552K->1392K(72192K)] 413859K->343699K(608768K), 0.0033351 secs] [Times: user=0.02 sys=0.00, real=0.00 secs] 
2417.899: [GC (Allocation Failure) [PSYoungGen: 71536K->1376K(72192K)] 413843K->343683K(608768K), 0.0030122 secs] [Times: user=0.02 sys=0.00, real=0.00 secs] 
2418.964: [GC (Allocation Failure) [PSYoungGen: 71520K->1376K(72192K)] 413827K->343683K(608768K), 0.0037491 secs] [Times: user=0.01 sys=0.00, real=0.00 secs] 
2420.324: [GC (Allocation Failure) [PSYoungGen: 71520K->1408K(72192K)] 413827K->343715K(608768K), 0.0020112 secs] [Times: user=0.01 sys=0.00, real=0.00 secs] 
2420.619: [GC (Allocation Failure) [PSYoungGen: 71552K->1344K(72192K)] 413859K->343659K(608768K), 0.0018901 secs] [Times: user=0.00 sys=0.00, real=0.00 secs] 
2420.910: [GC (Allocation Failure) [PSYoungGen: 71488K->1360K(72192K)] 413803K->343675K(608768K), 0.0019892 secs] [Times: user=0.00 sys=0.00, real=0.00 secs] 
2421.202: [GC (Allocation Failure) [PSYoungGen: 71504K->1344K(72192K)] 413819K->343659K(608768K), 0.0019628 secs] [Times: user=0.01 sys=0.00, real=0.01 secs] 
2422.440: [GC (Allocation Failure) [PSYoungGen: 71488K->1408K(72192K)] 413803K->343731K(608768K), 0.0019494 secs] [Times: user=0.01 sys=0.00, real=0.00 secs] 
2423.049: [GC (Allocation Failure) [PSYoungGen: 71552K->1376K(72192K)] 413875K->343699K(608768K), 0.0017245 secs] [Times: user=0.01 sys=0.00, real=0.00 secs] 
2423.906: [GC (Allocation Failure) [PSYoungGen: 71520K->1376K(71680K)] 413843K->343699K(608256K), 0.0031200 secs] [Times: user=0.01 sys=0.00, real=0.00 secs] 
2424.594: [GC (Allocation Failure) [PSYoungGen: 71520K->1376K(71680K)] 413843K->343715K(608256K), 0.0033127 secs] [Times: user=0.01 sys=0.00, real=0.00 secs] 
2425.846: [GC (Allocation Failure) [PSYoungGen: 71520K->384K(71168K)] 413859K->343747K(607744K), 0.0016643 secs] [Times: user=0.01 sys=0.00, real=0.00 secs] 
2426.137: [GC (Allocation Failure) [PSYoungGen: 70528K->368K(72192K)] 413891K->343731K(608768K), 0.0017232 secs] [Times: user=0.00 sys=0.00, real=0.00 secs] 
2426.433: [GC (Allocation Failure) [PSYoungGen: 70512K->384K(72192K)] 413875K->343747K(608768K), 0.0026649 secs] [Times: user=0.01 sys=0.00, real=0.00 secs] 
2426.722: [GC (Allocation Failure) [PSYoungGen: 70528K->352K(72192K)] 413891K->343715K(608768K), 0.0019910 secs] [Times: user=0.01 sys=0.00, real=0.01 secs] 
2427.718: [GC (Allocation Failure) [PSYoungGen: 70496K->1424K(72192K)] 413859K->344788K(608768K), 0.0019019 secs] [Times: user=0.00 sys=0.00, real=0.00 secs] 
2428.010: [GC (Allocation Failure) [PSYoungGen: 71568K->1344K(72192K)] 414932K->344707K(608768K), 0.0017951 secs] [Times: user=0.00 sys=0.00, real=0.00 secs] 
2428.301: [GC (Allocation Failure) [PSYoungGen: 71488K->1376K(72192K)] 414851K->344739K(608768K), 0.0017370 secs] [Times: user=0.01 sys=0.00, real=0.01 secs] 
2428.592: [GC (Allocation Failure) [PSYoungGen: 71520K->1344K(72192K)] 414883K->344707K(608768K), 0.0017316 secs] [Times: user=0.01 sys=0.00, real=0.01 secs] 
2429.576: [GC (Allocation Failure) [PSYoungGen: 71488K->1408K(72192K)] 414851K->344771K(608768K), 0.0017953 secs] [Times: user=0.01 sys=0.00, real=0.00 secs] 
2429.868: [GC (Allocation Failure) [PSYoungGen: 71552K->1344K(72192K)] 414915K->344707K(608768K), 0.0019003 secs] [Times: user=0.01 sys=0.00, real=0.00 secs] 
2430.176: [GC (Allocation Failure) [PSYoungGen: 71488K->1360K(72192K)] 414851K->344724K(608768K), 0.0018179 secs] [Times: user=0.01 sys=0.00, real=0.00 secs] 
2430.601: [GC (Allocation Failure) [PSYoungGen: 71504K->1344K(72192K)] 414868K->344731K(608768K), 0.0025874 secs] [Times: user=0.01 sys=0.00, real=0.01 secs] 
2432.093: [GC (Allocation Failure) [PSYoungGen: 71488K->1376K(72192K)] 414875K->344763K(608768K), 0.0017324 secs] [Times: user=0.01 sys=0.00, real=0.00 secs] 
2432.643: [GC (Allocation Failure) [PSYoungGen: 71520K->1360K(72192K)] 414907K->344756K(608768K), 0.0033318 secs] [Times: user=0.01 sys=0.01, real=0.00 secs] 
2433.206: [GC (Allocation Failure) [PSYoungGen: 71504K->1376K(72192K)] 414900K->344771K(608768K), 0.0027965 secs] [Times: user=0.01 sys=0.00, real=0.00 secs] 
2433.850: [GC (Allocation Failure) [PSYoungGen: 71520K->1376K(72192K)] 414915K->344771K(608768K), 0.0031343 secs] [Times: user=0.01 sys=0.00, real=0.01 secs] 
2435.091: [GC (Allocation Failure) [PSYoungGen: 71520K->1408K(72192K)] 414915K->344803K(608768K), 0.0026928 secs] [Times: user=0.01 sys=0.00, real=0.01 secs] 
2435.690: [GC (Allocation Failure) [PSYoungGen: 71552K->1376K(72192K)] 414947K->344771K(608768K), 0.0023393 secs] [Times: user=0.01 sys=0.00, real=0.00 secs] 
2436.297: [GC (Allocation Failure) [PSYoungGen: 71520K->1344K(72192K)] 414915K->344739K(608768K), 0.0024423 secs] [Times: user=0.01 sys=0.00, real=0.00 secs] 
2436.915: [GC (Allocation Failure) [PSYoungGen: 71488K->1376K(72192K)] 414883K->344771K(608768K), 0.0024681 secs] [Times: user=0.01 sys=0.00, real=0.00 secs] 
2438.048: [GC (Allocation Failure) [PSYoungGen: 71520K->1408K(72192K)] 414915K->344803K(608768K), 0.0016602 secs] [Times: user=0.00 sys=0.00, real=0.00 secs] 
2438.450: [GC (Allocation Failure) [PSYoungGen: 71552K->1408K(72192K)] 414947K->344803K(608768K), 0.0018523 secs] [Times: user=0.01 sys=0.00, real=0.00 secs] 
2439.008: [GC (Allocation Failure) [PSYoungGen: 71552K->1424K(72192K)] 414947K->344820K(608768K), 0.0017410 secs] [Times: user=0.01 sys=0.00, real=0.00 secs] 
2439.569: [GC (Allocation Failure) [PSYoungGen: 71568K->1376K(72192K)] 414964K->344771K(608768K), 0.0042929 secs] [Times: user=0.01 sys=0.00, real=0.01 secs] 
2441.002: [GC (Allocation Failure) [PSYoungGen: 71520K->1440K(72192K)] 414915K->344835K(608768K), 0.0019068 secs] [Times: user=0.00 sys=0.00, real=0.01 secs] 
2441.663: [GC (Allocation Failure) [PSYoungGen: 71584K->1376K(72192K)] 414979K->344771K(608768K), 0.0031195 secs] [Times: user=0.02 sys=0.00, real=0.00 secs] 
2442.441: [GC (Allocation Failure) [PSYoungGen: 71520K->1376K(72192K)] 414915K->344771K(608768K), 0.0031003 secs] [Times: user=0.01 sys=0.00, real=0.01 secs] 
2443.308: [GC (Allocation Failure) [PSYoungGen: 71520K->1376K(72192K)] 414915K->344771K(608768K), 0.0031388 secs] [Times: user=0.01 sys=0.00, real=0.00 secs] 
2445.155: [GC (Allocation Failure) [PSYoungGen: 71520K->1376K(72192K)] 414915K->344787K(608768K), 0.0022955 secs] [Times: user=0.01 sys=0.00, real=0.00 secs] 
2446.041: [GC (Allocation Failure) [PSYoungGen: 71520K->1376K(72192K)] 414931K->344787K(608768K), 0.0022574 secs] [Times: user=0.01 sys=0.00, real=0.01 secs] 
2447.043: [GC (Allocation Failure) [PSYoungGen: 71520K->1376K(72192K)] 414931K->344787K(608768K), 0.0032138 secs] [Times: user=0.02 sys=0.00, real=0.00 secs] 
2447.793: [GC (Allocation Failure) [PSYoungGen: 71520K->1344K(72192K)] 414931K->344755K(608768K), 0.0019758 secs] [Times: user=0.01 sys=0.00, real=0.00 secs] 
2449.691: [GC (Allocation Failure) [PSYoungGen: 71488K->1408K(72192K)] 414899K->344819K(608768K), 0.0041005 secs] [Times: user=0.01 sys=0.01, real=0.01 secs] 
2450.700: [GC (Allocation Failure) [PSYoungGen: 71552K->1376K(72192K)] 414963K->344787K(608768K), 0.0033258 secs] [Times: user=0.01 sys=0.00, real=0.01 secs] 
2451.816: [GC (Allocation Failure) [PSYoungGen: 71520K->1376K(71680K)] 414931K->344787K(608256K), 0.0038856 secs] [Times: user=0.02 sys=0.00, real=0.00 secs] 
2452.582: [GC (Allocation Failure) [PSYoungGen: 71520K->1376K(71680K)] 414931K->344787K(608256K), 0.0026741 secs] [Times: user=0.01 sys=0.00, real=0.01 secs] 
2454.114: [GC (Allocation Failure) [PSYoungGen: 71520K->336K(71168K)] 414931K->344772K(607744K), 0.0023718 secs] [Times: user=0.01 sys=0.00, real=0.00 secs] 
2454.877: [GC (Allocation Failure) [PSYoungGen: 70480K->352K(72192K)] 414916K->344787K(608768K), 0.0037536 secs] [Times: user=0.01 sys=0.00, real=0.00 secs] 
2455.565: [GC (Allocation Failure) [PSYoungGen: 70496K->352K(72192K)] 414931K->344787K(608768K), 0.0041550 secs] [Times: user=0.02 sys=0.00, real=0.00 secs] 
2456.358: [GC (Allocation Failure) [PSYoungGen: 70496K->352K(72192K)] 414931K->344787K(608768K), 0.0025868 secs] [Times: user=0.02 sys=0.01, real=0.00 secs] 
2457.877: [GC (Allocation Failure) [PSYoungGen: 70496K->1392K(72192K)] 414931K->345828K(608768K), 0.0023370 secs] [Times: user=0.01 sys=0.00, real=0.00 secs] 
2458.558: [GC (Allocation Failure) [PSYoungGen: 71536K->1376K(72192K)] 415972K->345820K(608768K), 0.0026222 secs] [Times: user=0.01 sys=0.00, real=0.00 secs] 
2458.893: [GC (Allocation Failure) [PSYoungGen: 71520K->1360K(72192K)] 415964K->345804K(608768K), 0.0020337 secs] [Times: user=0.00 sys=0.00, real=0.00 secs] 
2459.532: [GC (Allocation Failure) [PSYoungGen: 71504K->1344K(72192K)] 415948K->345788K(608768K), 0.0018831 secs] [Times: user=0.01 sys=0.01, real=0.01 secs] 
2461.350: [GC (Allocation Failure) [PSYoungGen: 71488K->1408K(72192K)] 415932K->345852K(608768K), 0.0020165 secs] [Times: user=0.01 sys=0.00, real=0.00 secs] 
2462.612: [GC (Allocation Failure) [PSYoungGen: 71552K->1376K(72192K)] 415996K->345820K(608768K), 0.0041160 secs] [Times: user=0.01 sys=0.01, real=0.01 secs] 
2463.441: [GC (Allocation Failure) [PSYoungGen: 71520K->1376K(72192K)] 415964K->345820K(608768K), 0.0030531 secs] [Times: user=0.01 sys=0.00, real=0.01 secs] 
2463.896: [GC (Allocation Failure) [PSYoungGen: 71520K->1376K(72192K)] 415964K->345820K(608768K), 0.0020217 secs] [Times: user=0.00 sys=0.00, real=0.00 secs] 
2465.086: [GC (Allocation Failure) [PSYoungGen: 71520K->1376K(72192K)] 415964K->345820K(608768K), 0.0018653 secs] [Times: user=0.00 sys=0.00, real=0.00 secs] 
2465.805: [GC (Allocation Failure) [PSYoungGen: 71520K->1376K(72192K)] 415964K->345820K(608768K), 0.0041402 secs] [Times: user=0.01 sys=0.00, real=0.00 secs] 
2466.366: [GC (Allocation Failure) [PSYoungGen: 71520K->1344K(72192K)] 415964K->345796K(608768K), 0.0027028 secs] [Times: user=0.01 sys=0.00, real=0.00 secs] 
2466.965: [GC (Allocation Failure) [PSYoungGen: 71488K->1376K(72192K)] 415940K->345836K(608768K), 0.0026090 secs] [Times: user=0.01 sys=0.00, real=0.00 secs] 
2468.217: [GC (Allocation Failure) [PSYoungGen: 71520K->1376K(72192K)] 415980K->345836K(608768K), 0.0018799 secs] [Times: user=0.01 sys=0.00, real=0.00 secs] 
2468.775: [GC (Allocation Failure) [PSYoungGen: 71520K->1312K(72192K)] 415980K->345772K(608768K), 0.0031183 secs] [Times: user=0.01 sys=0.00, real=0.00 secs] 
2469.066: [GC (Allocation Failure) [PSYoungGen: 71456K->1408K(72192K)] 415916K->345868K(608768K), 0.0024755 secs] [Times: user=0.01 sys=0.00, real=0.00 secs] 
2469.430: [GC (Allocation Failure) [PSYoungGen: 71552K->1376K(72192K)] 416012K->345836K(608768K), 0.0019936 secs] [Times: user=0.01 sys=0.00, real=0.00 secs] 
2470.771: [GC (Allocation Failure) [PSYoungGen: 71520K->1424K(72192K)] 415980K->345884K(608768K), 0.0022631 secs] [Times: user=0.00 sys=0.00, real=0.01 secs] 
2471.619: [GC (Allocation Failure) [PSYoungGen: 71568K->1408K(72192K)] 416028K->345868K(608768K), 0.0021413 secs] [Times: user=0.01 sys=0.00, real=0.00 secs] 
2472.233: [GC (Allocation Failure) [PSYoungGen: 71552K->1360K(72192K)] 416012K->345820K(608768K), 0.0021529 secs] [Times: user=0.01 sys=0.00, real=0.00 secs] 
2472.924: [GC (Allocation Failure) [PSYoungGen: 71504K->1408K(72192K)] 415964K->345868K(608768K), 0.0024433 secs] [Times: user=0.01 sys=0.00, real=0.00 secs] 
2474.665: [GC (Allocation Failure) [PSYoungGen: 71552K->1408K(72192K)] 416012K->345876K(608768K), 0.0021960 secs] [Times: user=0.00 sys=0.00, real=0.00 secs] 
2475.998: [GC (Allocation Failure) [PSYoungGen: 71552K->1376K(72192K)] 416020K->345844K(608768K), 0.0041411 secs] [Times: user=0.01 sys=0.00, real=0.00 secs] 
2476.913: [GC (Allocation Failure) [PSYoungGen: 71520K->1312K(72192K)] 415988K->345780K(608768K), 0.0031165 secs] [Times: user=0.02 sys=0.00, real=0.00 secs] 
2477.214: [GC (Allocation Failure) [PSYoungGen: 71456K->1344K(72192K)] 415924K->345812K(608768K), 0.0021878 secs] [Times: user=0.01 sys=0.00, real=0.00 secs] 
2478.504: [GC (Allocation Failure) [PSYoungGen: 71488K->1376K(72192K)] 415956K->345844K(608768K), 0.0028924 secs] [Times: user=0.01 sys=0.00, real=0.00 secs] 
2479.288: [GC (Allocation Failure) [PSYoungGen: 71520K->1376K(72192K)] 415988K->345844K(608768K), 0.0031521 secs] [Times: user=0.01 sys=0.00, real=0.00 secs] 
2480.341: [GC (Allocation Failure) [PSYoungGen: 71520K->1344K(72192K)] 415988K->345812K(608768K), 0.0038611 secs] [Times: user=0.02 sys=0.00, real=0.01 secs] 
2481.178: [GC (Allocation Failure) [PSYoungGen: 71488K->1376K(72192K)] 415956K->345844K(608768K), 0.0030734 secs] [Times: user=0.01 sys=0.00, real=0.00 secs] 
2482.703: [GC (Allocation Failure) [PSYoungGen: 71520K->1408K(72192K)] 415988K->345876K(608768K), 0.0018039 secs] [Times: user=0.01 sys=0.00, real=0.00 secs] 
2482.994: [GC (Allocation Failure) [PSYoungGen: 71552K->1392K(72192K)] 416020K->345860K(608768K), 0.0017655 secs] [Times: user=0.01 sys=0.00, real=0.00 secs] 
2483.285: [GC (Allocation Failure) [PSYoungGen: 71536K->1376K(72192K)] 416004K->345844K(608768K), 0.0016383 secs] [Times: user=0.01 sys=0.00, real=0.00 secs] 
2483.576: [GC (Allocation Failure) [PSYoungGen: 71520K->1344K(71680K)] 415988K->345812K(608256K), 0.0016827 secs] [Times: user=0.01 sys=0.01, real=0.00 secs] 
2484.533: [GC (Allocation Failure) [PSYoungGen: 71488K->1408K(71680K)] 415956K->345876K(608256K), 0.0016486 secs] [Times: user=0.01 sys=0.00, real=0.00 secs] 
2484.824: [GC (Allocation Failure) [PSYoungGen: 71552K->1376K(71680K)] 416020K->345844K(608256K), 0.0014372 secs] [Times: user=0.00 sys=0.00, real=0.00 secs] 
2485.114: [GC (Allocation Failure) [PSYoungGen: 71520K->1344K(71680K)] 415988K->345828K(608256K), 0.0015509 secs] [Times: user=0.00 sys=0.00, real=0.00 secs] 
2485.530: [GC (Allocation Failure) [PSYoungGen: 71488K->1376K(71680K)] 415972K->345860K(608256K), 0.0018276 secs] [Times: user=0.00 sys=0.00, real=0.00 secs] 
2487.249: [GC (Allocation Failure) [PSYoungGen: 71520K->1376K(71680K)] 416004K->345860K(608256K), 0.0039208 secs] [Times: user=0.01 sys=0.01, real=0.00 secs] 
2487.870: [GC (Allocation Failure) [PSYoungGen: 71520K->1376K(71680K)] 416004K->345860K(608256K), 0.0032377 secs] [Times: user=0.01 sys=0.00, real=0.01 secs] 
2488.428: [GC (Allocation Failure) [PSYoungGen: 71520K->1360K(71680K)] 416004K->345844K(608256K), 0.0027078 secs] [Times: user=0.01 sys=0.00, real=0.00 secs] 
2489.004: [GC (Allocation Failure) [PSYoungGen: 71504K->1344K(71680K)] 415988K->345828K(608256K), 0.0024467 secs] [Times: user=0.01 sys=0.00, real=0.00 secs] 
2489.981: [GC (Allocation Failure) [PSYoungGen: 71488K->1408K(71680K)] 415972K->345892K(608256K), 0.0015745 secs] [Times: user=0.00 sys=0.00, real=0.00 secs] 
2490.272: [GC (Allocation Failure) [PSYoungGen: 71552K->1376K(71680K)] 416036K->345860K(608256K), 0.0015274 secs] [Times: user=0.01 sys=0.00, real=0.01 secs] 
2490.562: [GC (Allocation Failure) [PSYoungGen: 71520K->1344K(71680K)] 416004K->345828K(608256K), 0.0016037 secs] [Times: user=0.00 sys=0.00, real=0.01 secs] 
2490.853: [GC (Allocation Failure) [PSYoungGen: 71488K->1376K(71680K)] 415972K->345876K(608256K), 0.0021483 secs] [Times: user=0.01 sys=0.00, real=0.00 secs] 
2492.255: [GC (Allocation Failure) [PSYoungGen: 71520K->1376K(71680K)] 416020K->345876K(608256K), 0.0018393 secs] [Times: user=0.01 sys=0.00, real=0.00 secs] 
2492.585: [GC (Allocation Failure) [PSYoungGen: 71520K->1344K(71680K)] 416020K->345844K(608256K), 0.0018163 secs] [Times: user=0.01 sys=0.00, real=0.00 secs] 
2492.877: [GC (Allocation Failure) [PSYoungGen: 71488K->1376K(71680K)] 415988K->345876K(608256K), 0.0027066 secs] [Times: user=0.01 sys=0.01, real=0.00 secs] 
2493.438: [GC (Allocation Failure) [PSYoungGen: 71520K->1344K(71680K)] 416020K->345844K(608256K), 0.0031269 secs] [Times: user=0.01 sys=0.00, real=0.00 secs] 
2495.307: [GC (Allocation Failure) [PSYoungGen: 71488K->1408K(71680K)] 415988K->345908K(608256K), 0.0040021 secs] [Times: user=0.01 sys=0.00, real=0.00 secs] 
2496.524: [GC (Allocation Failure) [PSYoungGen: 71552K->1376K(71680K)] 416052K->345876K(608256K), 0.0033512 secs] [Times: user=0.02 sys=0.00, real=0.00 secs] 
2497.645: [GC (Allocation Failure) [PSYoungGen: 71520K->1376K(71680K)] 416020K->345876K(608256K), 0.0032984 secs] [Times: user=0.01 sys=0.00, real=0.00 secs] 
2498.825: [GC (Allocation Failure) [PSYoungGen: 71520K->1376K(71680K)] 416020K->345876K(608256K), 0.0041780 secs] [Times: user=0.02 sys=0.00, real=0.00 secs] 
2500.572: [GC (Allocation Failure) [PSYoungGen: 71520K->1408K(71680K)] 416020K->345908K(608256K), 0.0020753 secs] [Times: user=0.01 sys=0.00, real=0.01 secs] 
2501.792: [GC (Allocation Failure) [PSYoungGen: 71552K->1408K(71680K)] 416052K->345908K(608256K), 0.0041077 secs] [Times: user=0.02 sys=0.01, real=0.01 secs] 
2502.379: [GC (Allocation Failure) [PSYoungGen: 71552K->1360K(71680K)] 416052K->345860K(608256K), 0.0026169 secs] [Times: user=0.01 sys=0.00, real=0.00 secs] 
2502.987: [GC (Allocation Failure) [PSYoungGen: 71504K->1376K(71680K)] 416004K->345876K(608256K), 0.0040264 secs] [Times: user=0.02 sys=0.00, real=0.00 secs] 
2504.509: [GC (Allocation Failure) [PSYoungGen: 71520K->912K(71680K)] 416020K->346436K(608256K), 0.0016915 secs] [Times: user=0.01 sys=0.00, real=0.00 secs] 
2505.153: [GC (Allocation Failure) [PSYoungGen: 71056K->320K(71680K)] 416580K->345844K(608256K), 0.0039102 secs] [Times: user=0.02 sys=0.00, real=0.00 secs] 
2505.703: [GC (Allocation Failure) [PSYoungGen: 70464K->336K(72192K)] 415988K->345860K(608768K), 0.0025878 secs] [Times: user=0.01 sys=0.01, real=0.00 secs] 
2506.156: [GC (Allocation Failure) [PSYoungGen: 70480K->352K(72192K)] 416004K->345876K(608768K), 0.0022183 secs] [Times: user=0.01 sys=0.00, real=0.00 secs] 
2507.348: [GC (Allocation Failure) [PSYoungGen: 70112K->1952K(71680K)] 415636K->347492K(608256K), 0.0016950 secs] [Times: user=0.01 sys=0.00, real=0.00 secs] 
2508.059: [GC (Allocation Failure) [PSYoungGen: 71584K->1312K(72192K)] 417124K->346852K(608768K), 0.0033901 secs] [Times: user=0.01 sys=0.00, real=0.01 secs] 
2509.151: [GC (Allocation Failure) [PSYoungGen: 70944K->1376K(71168K)] 416484K->346916K(607744K), 0.0031927 secs] [Times: user=0.01 sys=0.00, real=0.01 secs] 
2509.747: [GC (Allocation Failure) [PSYoungGen: 71008K->1376K(71680K)] 416548K->346916K(608256K), 0.0025774 secs] [Times: user=0.01 sys=0.00, real=0.00 secs] 
2511.240: [GC (Allocation Failure) [PSYoungGen: 70534K->224K(71168K)] 416074K->345764K(607744K), 0.0015127 secs] [Times: user=0.01 sys=0.00, real=0.00 secs] 
2512.077: [GC (Allocation Failure) [PSYoungGen: 69344K->1376K(71680K)] 414884K->346924K(608256K), 0.0043292 secs] [Times: user=0.02 sys=0.01, real=0.00 secs] 
2512.851: [GC (Allocation Failure) [PSYoungGen: 70496K->1408K(71680K)] 416044K->346956K(608256K), 0.0031059 secs] [Times: user=0.01 sys=0.00, real=0.01 secs] 
2513.750: [GC (Allocation Failure) [PSYoungGen: 70528K->1376K(71680K)] 416076K->346924K(608256K), 0.0037092 secs] [Times: user=0.01 sys=0.00, real=0.01 secs] 
2514.690: [GC (Allocation Failure) [PSYoungGen: 70496K->1376K(71680K)] 416044K->346924K(608256K), 0.0035926 secs] [Times: user=0.02 sys=0.00, real=0.01 secs] 
2515.871: [GC (Allocation Failure) [PSYoungGen: 70496K->1408K(71680K)] 416044K->346964K(608256K), 0.0018979 secs] [Times: user=0.01 sys=0.00, real=0.01 secs] 
2516.158: [GC (Allocation Failure) [PSYoungGen: 70528K->1408K(71680K)] 416084K->346972K(608256K), 0.0019096 secs] [Times: user=0.00 sys=0.00, real=0.00 secs] 
2516.446: [GC (Allocation Failure) [PSYoungGen: 70528K->1408K(70656K)] 416092K->346972K(607232K), 0.0018995 secs] [Times: user=0.00 sys=0.00, real=0.00 secs] 
2516.732: [GC (Allocation Failure) [PSYoungGen: 70528K->1408K(71168K)] 416092K->346972K(607744K), 0.0018233 secs] [Times: user=0.00 sys=0.00, real=0.01 secs] 
2518.794: [GC (Allocation Failure) [PSYoungGen: 70528K->1408K(71168K)] 416092K->346972K(607744K), 0.0042394 secs] [Times: user=0.01 sys=0.00, real=0.00 secs] 
2520.071: [GC (Allocation Failure) [PSYoungGen: 70528K->1408K(71168K)] 416092K->346972K(607744K), 0.0041070 secs] [Times: user=0.02 sys=0.00, real=0.01 secs] 
2520.720: [GC (Allocation Failure) [PSYoungGen: 70528K->1376K(71168K)] 416092K->346940K(607744K), 0.0030874 secs] [Times: user=0.02 sys=0.00, real=0.01 secs] 
2521.791: [GC (Allocation Failure) [PSYoungGen: 70496K->1376K(71168K)] 416060K->346940K(607744K), 0.0033386 secs] [Times: user=0.02 sys=0.00, real=0.01 secs] 
2523.861: [GC (Allocation Failure) [PSYoungGen: 70496K->1440K(71168K)] 416060K->347004K(607744K), 0.0041878 secs] [Times: user=0.01 sys=0.00, real=0.01 secs] 
2524.263: [GC (Allocation Failure) [PSYoungGen: 70560K->1408K(71168K)] 416124K->346972K(607744K), 0.0020427 secs] [Times: user=0.01 sys=0.00, real=0.00 secs] 
2524.914: [GC (Allocation Failure) [PSYoungGen: 70528K->1408K(71168K)] 416092K->346972K(607744K), 0.0023310 secs] [Times: user=0.01 sys=0.00, real=0.00 secs] 
2525.603: [GC (Allocation Failure) [PSYoungGen: 70528K->1408K(71168K)] 416092K->346980K(607744K), 0.0025332 secs] [Times: user=0.01 sys=0.00, real=0.00 secs] 
2526.954: [GC (Allocation Failure) [PSYoungGen: 70528K->1440K(71168K)] 416100K->347020K(607744K), 0.0018138 secs] [Times: user=0.01 sys=0.00, real=0.00 secs] 
2527.850: [GC (Allocation Failure) [PSYoungGen: 70560K->1344K(71168K)] 416140K->346924K(607744K), 0.0019283 secs] [Times: user=0.01 sys=0.00, real=0.00 secs] 
2528.559: [GC (Allocation Failure) [PSYoungGen: 70464K->1360K(71168K)] 416044K->346940K(607744K), 0.0019735 secs] [Times: user=0.01 sys=0.00, real=0.00 secs] 
2529.250: [GC (Allocation Failure) [PSYoungGen: 70480K->1376K(71168K)] 416060K->346964K(607744K), 0.0034793 secs] [Times: user=0.02 sys=0.00, real=0.01 secs] 
2531.088: [GC (Allocation Failure) [PSYoungGen: 70496K->1408K(71168K)] 416084K->346996K(607744K), 0.0022614 secs] [Times: user=0.01 sys=0.00, real=0.00 secs] 
2531.788: [GC (Allocation Failure) [PSYoungGen: 70528K->1344K(71168K)] 416116K->346932K(607744K), 0.0031913 secs] [Times: user=0.01 sys=0.00, real=0.00 secs] 
2532.248: [GC (Allocation Failure) [PSYoungGen: 70464K->1344K(71168K)] 416052K->346932K(607744K), 0.0020597 secs] [Times: user=0.01 sys=0.00, real=0.00 secs] 
2532.622: [GC (Allocation Failure) [PSYoungGen: 70464K->1408K(71168K)] 416052K->346996K(607744K), 0.0021072 secs] [Times: user=0.01 sys=0.00, real=0.01 secs] 
2533.823: [GC (Allocation Failure) [PSYoungGen: 70528K->1408K(71168K)] 416116K->346996K(607744K), 0.0017396 secs] [Times: user=0.01 sys=0.00, real=0.00 secs] 
2534.682: [GC (Allocation Failure) [PSYoungGen: 70528K->1392K(71168K)] 416116K->346980K(607744K), 0.0039707 secs] [Times: user=0.02 sys=0.00, real=0.01 secs] 
2535.246: [GC (Allocation Failure) [PSYoungGen: 70512K->1408K(71168K)] 416100K->346996K(607744K), 0.0023701 secs] [Times: user=0.01 sys=0.00, real=0.00 secs] 
2535.846: [GC (Allocation Failure) [PSYoungGen: 70528K->1376K(71168K)] 416116K->346972K(607744K), 0.0024943 secs] [Times: user=0.01 sys=0.00, real=0.00 secs] 
2537.211: [GC (Allocation Failure) [PSYoungGen: 70496K->1408K(71168K)] 416092K->347004K(607744K), 0.0020951 secs] [Times: user=0.00 sys=0.00, real=0.01 secs] 
2537.644: [GC (Allocation Failure) [PSYoungGen: 70528K->1408K(71168K)] 416124K->347004K(607744K), 0.0037469 secs] [Times: user=0.01 sys=0.00, real=0.00 secs] 
2538.163: [GC (Allocation Failure) [PSYoungGen: 70528K->1376K(70656K)] 416124K->346972K(607232K), 0.0026389 secs] [Times: user=0.01 sys=0.01, real=0.01 secs] 
2538.761: [GC (Allocation Failure) [PSYoungGen: 70496K->1376K(70656K)] 416092K->346972K(607232K), 0.0024247 secs] [Times: user=0.01 sys=0.00, real=0.01 secs] 
2540.512: [GC (Allocation Failure) [PSYoungGen: 70496K->1408K(70656K)] 416092K->347012K(607232K), 0.0022211 secs] [Times: user=0.01 sys=0.00, real=0.01 secs] 
2542.149: [GC (Allocation Failure) [PSYoungGen: 70528K->1376K(70656K)] 416132K->346980K(607232K), 0.0023665 secs] [Times: user=0.01 sys=0.00, real=0.00 secs] 
2543.412: [GC (Allocation Failure) [PSYoungGen: 70496K->1376K(70656K)] 416100K->346980K(607232K), 0.0027070 secs] [Times: user=0.01 sys=0.00, real=0.01 secs] 
2544.380: [GC (Allocation Failure) [PSYoungGen: 70496K->1376K(70656K)] 416100K->346988K(607232K), 0.0031435 secs] [Times: user=0.01 sys=0.00, real=0.01 secs] 
2546.229: [GC (Allocation Failure) [PSYoungGen: 70496K->1376K(70656K)] 416108K->346988K(607232K), 0.0024538 secs] [Times: user=0.01 sys=0.00, real=0.00 secs] 
2547.074: [GC (Allocation Failure) [PSYoungGen: 70496K->1360K(70656K)] 416108K->346972K(607232K), 0.0027946 secs] [Times: user=0.01 sys=0.00, real=0.00 secs] 
2547.805: [GC (Allocation Failure) [PSYoungGen: 70480K->1376K(70656K)] 416092K->346996K(607232K), 0.0024825 secs] [Times: user=0.01 sys=0.01, real=0.00 secs] 
2548.771: [GC (Allocation Failure) [PSYoungGen: 70496K->1344K(70656K)] 416116K->346964K(607232K), 0.0027470 secs] [Times: user=0.01 sys=0.00, real=0.01 secs] 
2551.023: [GC (Allocation Failure) [PSYoungGen: 70163K->1520K(70656K)] 415783K->347220K(607232K), 0.0022593 secs] [Times: user=0.01 sys=0.00, real=0.01 secs] 
2552.041: [GC (Allocation Failure) [PSYoungGen: 70640K->1504K(70144K)] 416340K->347224K(606720K), 0.0024695 secs] [Times: user=0.01 sys=0.00, real=0.01 secs] 
2552.320: [GC (Allocation Failure) [PSYoungGen: 70112K->1616K(70656K)] 415832K->347336K(607232K), 0.0035011 secs] [Times: user=0.01 sys=0.00, real=0.01 secs] 
2552.695: [GC (Allocation Failure) [PSYoungGen: 70224K->1536K(70656K)] 415944K->347256K(607232K), 0.0021654 secs] [Times: user=0.01 sys=0.00, real=0.00 secs] 
2553.114: [GC (Allocation Failure) [PSYoungGen: 69992K->560K(70656K)] 415712K->346280K(607232K), 0.0020190 secs] [Times: user=0.00 sys=0.00, real=0.00 secs] 
2554.487: [GC (Allocation Failure) [PSYoungGen: 69168K->1885K(70656K)] 414888K->347605K(607232K), 0.0030298 secs] [Times: user=0.01 sys=0.00, real=0.00 secs] 
2554.795: [GC (Allocation Failure) [PSYoungGen: 70493K->1840K(70656K)] 416213K->347560K(607232K), 0.0022059 secs] [Times: user=0.01 sys=0.00, real=0.00 secs] 
2555.133: [GC (Allocation Failure) [PSYoungGen: 70448K->1853K(70144K)] 416168K->347573K(606720K), 0.0021597 secs] [Times: user=0.00 sys=0.00, real=0.00 secs] 
2555.443: [GC (Allocation Failure) [PSYoungGen: 69949K->1824K(70656K)] 415669K->347544K(607232K), 0.0021273 secs] [Times: user=0.01 sys=0.00, real=0.00 secs] 
2556.491: [GC (Allocation Failure) [PSYoungGen: 69920K->1872K(70656K)] 415640K->347608K(607232K), 0.0019584 secs] [Times: user=0.01 sys=0.00, real=0.01 secs] 
2556.820: [GC (Allocation Failure) [PSYoungGen: 69968K->1789K(70656K)] 415704K->347525K(607232K), 0.0019120 secs] [Times: user=0.01 sys=0.00, real=0.00 secs] 
2557.103: [GC (Allocation Failure) [PSYoungGen: 69885K->1821K(70656K)] 415621K->347557K(607232K), 0.0020271 secs] [Times: user=0.01 sys=0.00, real=0.00 secs] 
2557.442: [GC (Allocation Failure) [PSYoungGen: 69917K->1856K(70656K)] 415653K->347592K(607232K), 0.0020907 secs] [Times: user=0.00 sys=0.00, real=0.01 secs] 
2559.160: [GC (Allocation Failure) [PSYoungGen: 69952K->1853K(70656K)] 415688K->347589K(607232K), 0.0021404 secs] [Times: user=0.01 sys=0.00, real=0.00 secs] 
2559.770: [GC (Allocation Failure) [PSYoungGen: 69949K->1821K(70656K)] 415685K->347557K(607232K), 0.0020783 secs] [Times: user=0.00 sys=0.00, real=0.00 secs] 
2560.307: [GC (Allocation Failure) [PSYoungGen: 69917K->1472K(70656K)] 415653K->347636K(607232K), 0.0021327 secs] [Times: user=0.01 sys=0.00, real=0.00 secs] 
2560.907: [GC (Allocation Failure) [PSYoungGen: 69568K->1376K(70656K)] 415732K->347540K(607232K), 0.0021799 secs] [Times: user=0.01 sys=0.00, real=0.00 secs] 
2562.623: [GC (Allocation Failure) [PSYoungGen: 69472K->1408K(70656K)] 415636K->347580K(607232K), 0.0018491 secs] [Times: user=0.01 sys=0.00, real=0.00 secs] 
2563.051: [GC (Allocation Failure) [PSYoungGen: 69504K->1373K(70656K)] 415676K->347561K(607232K), 0.0020506 secs] [Times: user=0.00 sys=0.00, real=0.01 secs] 
2563.674: [GC (Allocation Failure) [PSYoungGen: 69469K->1373K(70656K)] 415657K->347561K(607232K), 0.0022646 secs] [Times: user=0.01 sys=0.00, real=0.00 secs] 
2564.283: [GC (Allocation Failure) [PSYoungGen: 69469K->1344K(70656K)] 415657K->347585K(607232K), 0.0026535 secs] [Times: user=0.01 sys=0.00, real=0.00 secs] 
2565.683: [GC (Allocation Failure) [PSYoungGen: 69440K->1440K(70656K)] 415681K->347681K(607232K), 0.0018239 secs] [Times: user=0.01 sys=0.01, real=0.00 secs] 
2566.493: [GC (Allocation Failure) [PSYoungGen: 69536K->1376K(70656K)] 415777K->347617K(607232K), 0.0028356 secs] [Times: user=0.01 sys=0.00, real=0.00 secs] 
2567.410: [GC (Allocation Failure) [PSYoungGen: 69472K->1424K(69632K)] 415713K->347665K(606208K), 0.0040467 secs] [Times: user=0.02 sys=0.00, real=0.01 secs] 
2568.146: [GC (Allocation Failure) [PSYoungGen: 69520K->1408K(70144K)] 415761K->347657K(606720K), 0.0030996 secs] [Times: user=0.01 sys=0.00, real=0.00 secs] 
2569.893: [GC (Allocation Failure) [PSYoungGen: 69504K->1376K(70144K)] 415753K->347625K(606720K), 0.0019116 secs] [Times: user=0.01 sys=0.00, real=0.00 secs] 
2570.735: [GC (Allocation Failure) [PSYoungGen: 69472K->1344K(70144K)] 415721K->347593K(606720K), 0.0034855 secs] [Times: user=0.01 sys=0.00, real=0.00 secs] 
2571.376: [GC (Allocation Failure) [PSYoungGen: 69440K->1376K(70144K)] 415689K->347625K(606720K), 0.0027518 secs] [Times: user=0.01 sys=0.00, real=0.00 secs] 
2572.183: [GC (Allocation Failure) [PSYoungGen: 69472K->1360K(70144K)] 415721K->347609K(606720K), 0.0032014 secs] [Times: user=0.02 sys=0.00, real=0.00 secs] 
2573.754: [GC (Allocation Failure) [PSYoungGen: 69456K->1920K(70144K)] 415705K->348689K(606720K), 0.0025523 secs] [Times: user=0.01 sys=0.00, real=0.00 secs] 
2574.487: [GC (Allocation Failure) [PSYoungGen: 70016K->1376K(70144K)] 416785K->348145K(606720K), 0.0035355 secs] [Times: user=0.01 sys=0.00, real=0.00 secs] 
2575.365: [GC (Allocation Failure) [PSYoungGen: 69472K->1360K(70144K)] 416241K->348129K(606720K), 0.0031580 secs] [Times: user=0.01 sys=0.00, real=0.00 secs] 
2576.319: [GC (Allocation Failure) [PSYoungGen: 69456K->1376K(70144K)] 416225K->348153K(606720K), 0.0031130 secs] [Times: user=0.01 sys=0.00, real=0.00 secs] 
2577.371: [GC (Allocation Failure) [PSYoungGen: 69472K->1376K(70144K)] 416249K->348153K(606720K), 0.0033665 secs] [Times: user=0.02 sys=0.00, real=0.01 secs] 
2578.806: [GC (Allocation Failure) [PSYoungGen: 69472K->1408K(70144K)] 416249K->348185K(606720K), 0.0024582 secs] [Times: user=0.01 sys=0.00, real=0.00 secs] 
2579.396: [GC (Allocation Failure) [PSYoungGen: 69504K->1344K(70144K)] 416281K->348121K(606720K), 0.0020686 secs] [Times: user=0.01 sys=0.00, real=0.00 secs] 
2580.162: [GC (Allocation Failure) [PSYoungGen: 69440K->1376K(70144K)] 416217K->348153K(606720K), 0.0027735 secs] [Times: user=0.02 sys=0.00, real=0.01 secs] 
2580.955: [GC (Allocation Failure) [PSYoungGen: 69472K->1376K(70144K)] 416249K->348153K(606720K), 0.0027864 secs] [Times: user=0.02 sys=0.00, real=0.00 secs] 
2582.121: [GC (Allocation Failure) [PSYoungGen: 69472K->1376K(70144K)] 416249K->348153K(606720K), 0.0019412 secs] [Times: user=0.01 sys=0.00, real=0.01 secs] 
2582.429: [GC (Allocation Failure) [PSYoungGen: 69472K->1360K(70144K)] 416249K->348137K(606720K), 0.0019625 secs] [Times: user=0.01 sys=0.00, real=0.00 secs] 
2582.736: [GC (Allocation Failure) [PSYoungGen: 69456K->1408K(70144K)] 416233K->348185K(606720K), 0.0019514 secs] [Times: user=0.01 sys=0.00, real=0.00 secs] 
2583.105: [GC (Allocation Failure) [PSYoungGen: 69504K->1376K(70144K)] 416281K->348153K(606720K), 0.0020445 secs] [Times: user=0.01 sys=0.00, real=0.00 secs] 
2584.101: [GC (Allocation Failure) [PSYoungGen: 69472K->1360K(70144K)] 416249K->348137K(606720K), 0.0016378 secs] [Times: user=0.01 sys=0.00, real=0.00 secs] 
2584.655: [GC (Allocation Failure) [PSYoungGen: 69456K->1376K(70144K)] 416233K->348153K(606720K), 0.0034440 secs] [Times: user=0.02 sys=0.00, real=0.00 secs] 
2585.406: [GC (Allocation Failure) [PSYoungGen: 69472K->1376K(70144K)] 416249K->348169K(606720K), 0.0027259 secs] [Times: user=0.01 sys=0.00, real=0.00 secs] 
2586.199: [GC (Allocation Failure) [PSYoungGen: 69472K->1376K(70144K)] 416265K->348169K(606720K), 0.0027564 secs] [Times: user=0.01 sys=0.00, real=0.00 secs] 
2587.596: [GC (Allocation Failure) [PSYoungGen: 69472K->1360K(70144K)] 416265K->348153K(606720K), 0.0023841 secs] [Times: user=0.01 sys=0.00, real=0.00 secs] 
2587.880: [GC (Allocation Failure) [PSYoungGen: 69456K->1376K(70144K)] 416249K->348169K(606720K), 0.0017452 secs] [Times: user=0.00 sys=0.01, real=0.00 secs] 
2588.264: [GC (Allocation Failure) [PSYoungGen: 69472K->1376K(70144K)] 416265K->348169K(606720K), 0.0018403 secs] [Times: user=0.00 sys=0.00, real=0.00 secs] 
2588.800: [GC (Allocation Failure) [PSYoungGen: 69472K->1376K(70144K)] 416265K->348169K(606720K), 0.0020505 secs] [Times: user=0.01 sys=0.00, real=0.00 secs] 
2590.066: [GC (Allocation Failure) [PSYoungGen: 69472K->1376K(69632K)] 416265K->348169K(606208K), 0.0019774 secs] [Times: user=0.01 sys=0.00, real=0.00 secs] 
2590.378: [GC (Allocation Failure) [PSYoungGen: 69472K->1344K(69632K)] 416265K->348137K(606208K), 0.0019921 secs] [Times: user=0.01 sys=0.00, real=0.00 secs] 
2590.738: [GC (Allocation Failure) [PSYoungGen: 69440K->1376K(69632K)] 416233K->348169K(606208K), 0.0019561 secs] [Times: user=0.01 sys=0.00, real=0.00 secs] 
2591.112: [GC (Allocation Failure) [PSYoungGen: 69472K->1376K(69632K)] 416265K->348169K(606208K), 0.0021280 secs] [Times: user=0.01 sys=0.00, real=0.01 secs] 
2592.112: [GC (Allocation Failure) [PSYoungGen: 69472K->1376K(69632K)] 416265K->348185K(606208K), 0.0016903 secs] [Times: user=0.00 sys=0.00, real=0.01 secs] 
2592.402: [GC (Allocation Failure) [PSYoungGen: 69472K->1376K(69632K)] 416281K->348185K(606208K), 0.0017094 secs] [Times: user=0.00 sys=0.00, real=0.01 secs] 
2592.693: [GC (Allocation Failure) [PSYoungGen: 69472K->1376K(69632K)] 416281K->348185K(606208K), 0.0027361 secs] [Times: user=0.01 sys=0.00, real=0.00 secs] 
2593.019: [GC (Allocation Failure) [PSYoungGen: 69472K->1376K(69632K)] 416281K->348185K(606208K), 0.0019405 secs] [Times: user=0.00 sys=0.00, real=0.00 secs] 
2594.071: [GC (Allocation Failure) [PSYoungGen: 69472K->1376K(69632K)] 416281K->348441K(606208K), 0.0017700 secs] [Times: user=0.01 sys=0.00, real=0.00 secs] 
2595.037: [GC (Allocation Failure) [PSYoungGen: 69472K->1360K(69632K)] 416537K->348425K(606208K), 0.0040968 secs] [Times: user=0.02 sys=0.00, real=0.00 secs] 
2595.831: [GC (Allocation Failure) [PSYoungGen: 69456K->1344K(69632K)] 416521K->348409K(606208K), 0.0031970 secs] [Times: user=0.01 sys=0.00, real=0.01 secs] 
2596.470: [GC (Allocation Failure) [PSYoungGen: 69440K->1344K(69632K)] 416505K->348409K(606208K), 0.0026786 secs] [Times: user=0.01 sys=0.00, real=0.01 secs] 
2597.161: [GC (Allocation Failure) [PSYoungGen: 69440K->1376K(69632K)] 416505K->348441K(606208K), 0.0028585 secs] [Times: user=0.01 sys=0.00, real=0.01 secs] 
2599.353: [GC (Allocation Failure) [PSYoungGen: 69472K->1376K(69632K)] 416537K->348441K(606208K), 0.0022504 secs] [Times: user=0.01 sys=0.00, real=0.00 secs] 
2599.627: [GC (Allocation Failure) [PSYoungGen: 69472K->1376K(69632K)] 416537K->348441K(606208K), 0.0020116 secs] [Times: user=0.01 sys=0.00, real=0.00 secs] 
2599.911: [GC (Allocation Failure) [PSYoungGen: 69472K->1344K(69632K)] 416537K->348409K(606208K), 0.0019005 secs] [Times: user=0.00 sys=0.00, real=0.01 secs] 
2600.307: [GC (Allocation Failure) [PSYoungGen: 69440K->1376K(69632K)] 416505K->348441K(606208K), 0.0018644 secs] [Times: user=0.01 sys=0.00, real=0.00 secs] 
2601.548: [GC (Allocation Failure) [PSYoungGen: 69472K->1408K(69632K)] 416537K->348473K(606208K), 0.0022943 secs] [Times: user=0.01 sys=0.00, real=0.00 secs] 
2602.379: [GC (Allocation Failure) [PSYoungGen: 69504K->1328K(69632K)] 416569K->348393K(606208K), 0.0028400 secs] [Times: user=0.01 sys=0.00, real=0.00 secs] 
2603.037: [GC (Allocation Failure) [PSYoungGen: 69424K->1376K(69632K)] 416489K->348441K(606208K), 0.0031321 secs] [Times: user=0.01 sys=0.00, real=0.00 secs] 
2604.048: [GC (Allocation Failure) [PSYoungGen: 69472K->1376K(69632K)] 416537K->348449K(606208K), 0.0038868 secs] [Times: user=0.02 sys=0.00, real=0.00 secs] 
2605.391: [GC (Allocation Failure) [PSYoungGen: 69472K->1408K(69632K)] 416545K->348481K(606208K), 0.0016844 secs] [Times: user=0.01 sys=0.00, real=0.00 secs] 
2605.673: [GC (Allocation Failure) [PSYoungGen: 69504K->1376K(69632K)] 416577K->348449K(606208K), 0.0018651 secs] [Times: user=0.01 sys=0.00, real=0.00 secs] 
2605.957: [GC (Allocation Failure) [PSYoungGen: 69472K->1376K(69632K)] 416545K->348457K(606208K), 0.0022400 secs] [Times: user=0.01 sys=0.00, real=0.00 secs] 
2606.246: [GC (Allocation Failure) [PSYoungGen: 69472K->1376K(69632K)] 416553K->348457K(606208K), 0.0028551 secs] [Times: user=0.01 sys=0.00, real=0.00 secs] 
2607.570: [GC (Allocation Failure) [PSYoungGen: 69472K->1440K(69632K)] 416553K->348521K(606208K), 0.0022988 secs] [Times: user=0.01 sys=0.00, real=0.00 secs] 
2608.359: [GC (Allocation Failure) [PSYoungGen: 69536K->1376K(69632K)] 416617K->348457K(606208K), 0.0031044 secs] [Times: user=0.01 sys=0.00, real=0.00 secs] 
2608.991: [GC (Allocation Failure) [PSYoungGen: 69472K->1344K(69632K)] 416553K->348425K(606208K), 0.0027898 secs] [Times: user=0.01 sys=0.00, real=0.01 secs] 
2609.573: [GC (Allocation Failure) [PSYoungGen: 69440K->1376K(69632K)] 416521K->348457K(606208K), 0.0026593 secs] [Times: user=0.01 sys=0.00, real=0.00 secs] 
2611.306: [GC (Allocation Failure) [PSYoungGen: 69472K->1408K(69632K)] 416553K->348489K(606208K), 0.0040161 secs] [Times: user=0.02 sys=0.00, real=0.00 secs] 
2611.882: [GC (Allocation Failure) [PSYoungGen: 69504K->1360K(69632K)] 416585K->348441K(606208K), 0.0021268 secs] [Times: user=0.01 sys=0.00, real=0.01 secs] 
2612.170: [GC (Allocation Failure) [PSYoungGen: 69456K->1328K(69632K)] 416537K->348409K(606208K), 0.0020351 secs] [Times: user=0.01 sys=0.00, real=0.00 secs] 
2612.609: [GC (Allocation Failure) [PSYoungGen: 69424K->1376K(69632K)] 416505K->348457K(606208K), 0.0020566 secs] [Times: user=0.01 sys=0.00, real=0.00 secs] 
2613.805: [GC (Allocation Failure) [PSYoungGen: 69472K->1408K(69632K)] 416553K->348497K(606208K), 0.0017519 secs] [Times: user=0.01 sys=0.00, real=0.00 secs] 
2614.385: [GC (Allocation Failure) [PSYoungGen: 69504K->1344K(69632K)] 416593K->348441K(606208K), 0.0016545 secs] [Times: user=0.01 sys=0.00, real=0.00 secs] 
2614.746: [GC (Allocation Failure) [PSYoungGen: 69440K->1376K(69632K)] 416537K->348473K(606208K), 0.0017456 secs] [Times: user=0.01 sys=0.00, real=0.00 secs] 
2615.122: [GC (Allocation Failure) [PSYoungGen: 69472K->1344K(69632K)] 416569K->348441K(606208K), 0.0019134 secs] [Times: user=0.00 sys=0.00, real=0.01 secs] 
2616.696: [GC (Allocation Failure) [PSYoungGen: 69440K->1424K(69632K)] 416537K->348521K(606208K), 0.0017085 secs] [Times: user=0.00 sys=0.01, real=0.00 secs] 
2616.974: [GC (Allocation Failure) [PSYoungGen: 69520K->1344K(69632K)] 416617K->348441K(606208K), 0.0017513 secs] [Times: user=0.01 sys=0.00, real=0.00 secs] 
2617.257: [GC (Allocation Failure) [PSYoungGen: 69440K->1344K(69632K)] 416537K->348441K(606208K), 0.0017947 secs] [Times: user=0.01 sys=0.00, real=0.00 secs] 
2617.539: [GC (Allocation Failure) [PSYoungGen: 69440K->1376K(69632K)] 416537K->348473K(606208K), 0.0017188 secs] [Times: user=0.01 sys=0.00, real=0.00 secs] 
2617.821: [GC (Allocation Failure) [PSYoungGen: 69472K->1344K(69632K)] 416569K->348441K(606208K), 0.0018318 secs] [Times: user=0.01 sys=0.00, real=0.01 secs] 
2619.566: [GC (Allocation Failure) [PSYoungGen: 69440K->1408K(69632K)] 416537K->348505K(606208K), 0.0021980 secs] [Times: user=0.01 sys=0.00, real=0.00 secs] 
2620.515: [GC (Allocation Failure) [PSYoungGen: 69504K->1376K(69632K)] 416601K->348473K(606208K), 0.0024270 secs] [Times: user=0.01 sys=0.00, real=0.00 secs] 
2621.507: [GC (Allocation Failure) [PSYoungGen: 69472K->1376K(69632K)] 416569K->348473K(606208K), 0.0026796 secs] [Times: user=0.01 sys=0.00, real=0.00 secs] 
2622.547: [GC (Allocation Failure) [PSYoungGen: 69472K->1360K(69632K)] 416569K->348457K(606208K), 0.0034571 secs] [Times: user=0.02 sys=0.00, real=0.00 secs] 
2624.274: [GC (Allocation Failure) [PSYoungGen: 69456K->1408K(69632K)] 416553K->348505K(606208K), 0.0021087 secs] [Times: user=0.00 sys=0.00, real=0.00 secs] 
2625.150: [GC (Allocation Failure) [PSYoungGen: 69504K->1408K(69632K)] 416601K->348513K(606208K), 0.0026444 secs] [Times: user=0.01 sys=0.00, real=0.01 secs] 
2626.119: [GC (Allocation Failure) [PSYoungGen: 69504K->1440K(69632K)] 416609K->348545K(606208K), 0.0033764 secs] [Times: user=0.01 sys=0.00, real=0.01 secs] 
2626.936: [GC (Allocation Failure) [PSYoungGen: 69536K->1392K(69632K)] 416641K->348497K(606208K), 0.0040094 secs] [Times: user=0.01 sys=0.00, real=0.00 secs] 
2628.947: [GC (Allocation Failure) [PSYoungGen: 69488K->1376K(69632K)] 416593K->348481K(606208K), 0.0040659 secs] [Times: user=0.02 sys=0.00, real=0.00 secs] 
2629.661: [GC (Allocation Failure) [PSYoungGen: 69472K->1376K(69632K)] 416577K->348481K(606208K), 0.0031216 secs] [Times: user=0.02 sys=0.00, real=0.01 secs] 
2630.360: [GC (Allocation Failure) [PSYoungGen: 69472K->1344K(69632K)] 416577K->348449K(606208K), 0.0029006 secs] [Times: user=0.02 sys=0.00, real=0.01 secs] 
2631.011: [GC (Allocation Failure) [PSYoungGen: 69440K->1376K(69632K)] 416545K->348481K(606208K), 0.0040536 secs] [Times: user=0.02 sys=0.00, real=0.01 secs] 
2632.564: [GC (Allocation Failure) [PSYoungGen: 69472K->1408K(69632K)] 416577K->348513K(606208K), 0.0027153 secs] [Times: user=0.01 sys=0.00, real=0.00 secs] 
2633.226: [GC (Allocation Failure) [PSYoungGen: 69504K->1376K(69632K)] 416609K->348481K(606208K), 0.0034125 secs] [Times: user=0.02 sys=0.00, real=0.00 secs] 
2634.032: [GC (Allocation Failure) [PSYoungGen: 69472K->1376K(69632K)] 416577K->348481K(606208K), 0.0034388 secs] [Times: user=0.01 sys=0.00, real=0.01 secs] 
2634.775: [GC (Allocation Failure) [PSYoungGen: 69472K->1392K(69632K)] 416577K->348497K(606208K), 0.0024979 secs] [Times: user=0.01 sys=0.01, real=0.00 secs] 
2636.195: [GC (Allocation Failure) [PSYoungGen: 69488K->1408K(69632K)] 416593K->348513K(606208K), 0.0019491 secs] [Times: user=0.01 sys=0.00, real=0.00 secs] 
2636.479: [GC (Allocation Failure) [PSYoungGen: 69504K->1344K(69632K)] 416609K->348449K(606208K), 0.0019750 secs] [Times: user=0.01 sys=0.00, real=0.00 secs] 
2636.932: [GC (Allocation Failure) [PSYoungGen: 69440K->1344K(69632K)] 416545K->348465K(606208K), 0.0027392 secs] [Times: user=0.01 sys=0.00, real=0.01 secs] 
2637.459: [GC (Allocation Failure) [PSYoungGen: 69440K->1344K(69632K)] 416561K->348465K(606208K), 0.0031806 secs] [Times: user=0.01 sys=0.00, real=0.00 secs] 
2638.853: [GC (Allocation Failure) [PSYoungGen: 69440K->1440K(69632K)] 416561K->349585K(606208K), 0.0022403 secs] [Times: user=0.01 sys=0.00, real=0.00 secs] 
2639.243: [GC (Allocation Failure) [PSYoungGen: 69536K->1376K(69632K)] 417681K->349521K(606208K), 0.0041452 secs] [Times: user=0.02 sys=0.00, real=0.01 secs] 
2639.528: [GC (Allocation Failure) [PSYoungGen: 69472K->1312K(69632K)] 417617K->349457K(606208K), 0.0021268 secs] [Times: user=0.01 sys=0.00, real=0.00 secs] 
2639.897: [GC (Allocation Failure) [PSYoungGen: 69408K->1376K(69632K)] 417553K->349521K(606208K), 0.0019144 secs] [Times: user=0.01 sys=0.01, real=0.00 secs] 
2640.362: [GC (Allocation Failure) [PSYoungGen: 69465K->288K(69632K)] 417610K->348433K(606208K), 0.0026908 secs] [Times: user=0.01 sys=0.00, real=0.01 secs] 
2641.701: [GC (Allocation Failure) [PSYoungGen: 68384K->1376K(70144K)] 416529K->349521K(606720K), 0.0020160 secs] [Times: user=0.01 sys=0.00, real=0.01 secs] 
2641.984: [GC (Allocation Failure) [PSYoungGen: 69472K->1344K(70144K)] 417617K->349489K(606720K), 0.0020017 secs] [Times: user=0.01 sys=0.00, real=0.00 secs] 
2642.311: [GC (Allocation Failure) [PSYoungGen: 69440K->1344K(70144K)] 417585K->349513K(606720K), 0.0019627 secs] [Times: user=0.01 sys=0.00, real=0.01 secs] 
2642.594: [GC (Allocation Failure) [PSYoungGen: 69440K->1344K(70144K)] 417609K->349513K(606720K), 0.0020049 secs] [Times: user=0.01 sys=0.00, real=0.00 secs] 
2644.646: [GC (Allocation Failure) [PSYoungGen: 69440K->1408K(70144K)] 417609K->349577K(606720K), 0.0038936 secs] [Times: user=0.02 sys=0.00, real=0.00 secs] 
2645.318: [GC (Allocation Failure) [PSYoungGen: 69504K->1376K(70144K)] 417673K->349545K(606720K), 0.0030456 secs] [Times: user=0.01 sys=0.00, real=0.00 secs] 
2645.701: [GC (Allocation Failure) [PSYoungGen: 69472K->1344K(70144K)] 417641K->349513K(606720K), 0.0020282 secs] [Times: user=0.01 sys=0.00, real=0.01 secs] 
2646.004: [GC (Allocation Failure) [PSYoungGen: 69440K->1344K(70144K)] 417609K->349513K(606720K), 0.0019766 secs] [Times: user=0.01 sys=0.00, real=0.00 secs] 
2647.390: [GC (Allocation Failure) [PSYoungGen: 69440K->1376K(70144K)] 417609K->349545K(606720K), 0.0021522 secs] [Times: user=0.01 sys=0.00, real=0.00 secs] 
2648.253: [GC (Allocation Failure) [PSYoungGen: 69472K->1296K(70144K)] 417641K->349465K(606720K), 0.0022167 secs] [Times: user=0.00 sys=0.00, real=0.00 secs] 
2648.797: [GC (Allocation Failure) [PSYoungGen: 69392K->1344K(69632K)] 417561K->349513K(606208K), 0.0021787 secs] [Times: user=0.01 sys=0.00, real=0.00 secs] 
2649.603: [GC (Allocation Failure) [PSYoungGen: 69440K->1344K(69632K)] 417609K->349513K(606208K), 0.0026764 secs] [Times: user=0.01 sys=0.00, real=0.00 secs] 
2651.148: [GC (Allocation Failure) [PSYoungGen: 69440K->384K(69120K)] 417609K->349577K(605696K), 0.0028140 secs] [Times: user=0.01 sys=0.00, real=0.00 secs] 
2651.444: [GC (Allocation Failure) [PSYoungGen: 68480K->336K(70144K)] 417673K->349529K(606720K), 0.0023117 secs] [Times: user=0.01 sys=0.00, real=0.00 secs] 
2651.761: [GC (Allocation Failure) [PSYoungGen: 68432K->320K(70144K)] 417625K->349513K(606720K), 0.0019724 secs] [Times: user=0.01 sys=0.00, real=0.01 secs] 
2652.313: [GC (Allocation Failure) [PSYoungGen: 68416K->336K(70144K)] 417609K->349529K(606720K), 0.0023301 secs] [Times: user=0.01 sys=0.00, real=0.00 secs] 
2653.951: [GC (Allocation Failure) [PSYoungGen: 68432K->1408K(70144K)] 417625K->350601K(606720K), 0.0022548 secs] [Times: user=0.01 sys=0.00, real=0.01 secs] 
2654.774: [GC (Allocation Failure) [PSYoungGen: 69504K->1408K(70144K)] 418697K->350601K(606720K), 0.0033465 secs] [Times: user=0.01 sys=0.00, real=0.00 secs] 
2655.591: [GC (Allocation Failure) [PSYoungGen: 69504K->1408K(70144K)] 418697K->350609K(606720K), 0.0039281 secs] [Times: user=0.01 sys=0.00, real=0.01 secs] 
2656.403: [GC (Allocation Failure) [PSYoungGen: 69504K->1408K(70144K)] 418705K->350609K(606720K), 0.0033814 secs] [Times: user=0.02 sys=0.00, real=0.00 secs] 
2657.932: [GC (Allocation Failure) [PSYoungGen: 69504K->1392K(70656K)] 418705K->350593K(607232K), 0.0021777 secs] [Times: user=0.01 sys=0.00, real=0.01 secs] 
2658.554: [GC (Allocation Failure) [PSYoungGen: 69488K->1376K(70656K)] 418689K->350577K(607232K), 0.0039169 secs] [Times: user=0.02 sys=0.00, real=0.00 secs] 
2659.193: [GC (Allocation Failure) [PSYoungGen: 69472K->1344K(69632K)] 418673K->350545K(606208K), 0.0032162 secs] [Times: user=0.02 sys=0.00, real=0.00 secs] 
2659.815: [GC (Allocation Failure) [PSYoungGen: 69440K->1376K(70144K)] 418641K->350585K(606720K), 0.0027660 secs] [Times: user=0.01 sys=0.00, real=0.00 secs] 
2661.210: [GC (Allocation Failure) [PSYoungGen: 69472K->1648K(69632K)] 418681K->350857K(606208K), 0.0018483 secs] [Times: user=0.01 sys=0.00, real=0.00 secs] 
2662.249: [GC (Allocation Failure) [PSYoungGen: 69232K->1344K(69120K)] 418441K->350553K(605696K), 0.0022032 secs] [Times: user=0.01 sys=0.00, real=0.00 secs] 
2663.337: [GC (Allocation Failure) [PSYoungGen: 68928K->1360K(69632K)] 418137K->350577K(606208K), 0.0027763 secs] [Times: user=0.01 sys=0.00, real=0.00 secs] 
2664.075: [GC (Allocation Failure) [PSYoungGen: 68944K->1376K(69632K)] 418161K->350601K(606208K), 0.0026106 secs] [Times: user=0.01 sys=0.00, real=0.00 secs] 
2664.380: [GC (Allocation Failure) [PSYoungGen: 68960K->1344K(69632K)] 418185K->350569K(606208K), 0.0020838 secs] [Times: user=0.01 sys=0.00, real=0.00 secs] 
2665.601: [GC (Allocation Failure) [PSYoungGen: 68928K->1376K(69632K)] 418153K->350601K(606208K), 0.0017697 secs] [Times: user=0.00 sys=0.00, real=0.01 secs] 
2666.194: [GC (Allocation Failure) [PSYoungGen: 68960K->1376K(69632K)] 418185K->350601K(606208K), 0.0019996 secs] [Times: user=0.01 sys=0.00, real=0.00 secs] 
2666.719: [GC (Allocation Failure) [PSYoungGen: 68960K->1360K(69632K)] 418185K->350601K(606208K), 0.0021587 secs] [Times: user=0.01 sys=0.00, real=0.00 secs] 
2667.151: [GC (Allocation Failure) [PSYoungGen: 68944K->1344K(69632K)] 418185K->350585K(606208K), 0.0022247 secs] [Times: user=0.01 sys=0.00, real=0.01 secs] 
2668.548: [GC (Allocation Failure) [PSYoungGen: 68928K->1408K(69632K)] 418169K->350649K(606208K), 0.0018227 secs] [Times: user=0.01 sys=0.00, real=0.00 secs] 
2668.838: [GC (Allocation Failure) [PSYoungGen: 68992K->1376K(69632K)] 418233K->350617K(606208K), 0.0019198 secs] [Times: user=0.00 sys=0.00, real=0.00 secs] 
2669.119: [GC (Allocation Failure) [PSYoungGen: 68960K->1344K(69632K)] 418201K->350585K(606208K), 0.0019627 secs] [Times: user=0.01 sys=0.00, real=0.00 secs] 
2669.489: [GC (Allocation Failure) [PSYoungGen: 68928K->1376K(69632K)] 418169K->350617K(606208K), 0.0019897 secs] [Times: user=0.01 sys=0.00, real=0.00 secs] 
2671.093: [GC (Allocation Failure) [PSYoungGen: 68960K->1376K(69632K)] 418201K->350617K(606208K), 0.0017419 secs] [Times: user=0.00 sys=0.00, real=0.00 secs] 
2671.639: [GC (Allocation Failure) [PSYoungGen: 68960K->1344K(69632K)] 418201K->350585K(606208K), 0.0039210 secs] [Times: user=0.01 sys=0.00, real=0.01 secs] 
2672.168: [GC (Allocation Failure) [PSYoungGen: 68928K->1376K(69632K)] 418169K->350617K(606208K), 0.0031375 secs] [Times: user=0.01 sys=0.00, real=0.00 secs] 
2672.712: [GC (Allocation Failure) [PSYoungGen: 68960K->1392K(69632K)] 418201K->350633K(606208K), 0.0022779 secs] [Times: user=0.00 sys=0.00, real=0.01 secs] 
2674.312: [GC (Allocation Failure) [PSYoungGen: 68976K->1408K(69632K)] 418217K->350657K(606208K), 0.0042111 secs] [Times: user=0.01 sys=0.00, real=0.01 secs] 
2675.221: [GC (Allocation Failure) [PSYoungGen: 68992K->1376K(69632K)] 418241K->350625K(606208K), 0.0030503 secs] [Times: user=0.01 sys=0.00, real=0.01 secs] 
2675.789: [GC (Allocation Failure) [PSYoungGen: 68960K->1376K(69632K)] 418209K->350625K(606208K), 0.0028115 secs] [Times: user=0.01 sys=0.00, real=0.00 secs] 
2676.321: [GC (Allocation Failure) [PSYoungGen: 68960K->1376K(69632K)] 418209K->350625K(606208K), 0.0026437 secs] [Times: user=0.01 sys=0.00, real=0.01 secs] 
2677.529: [GC (Allocation Failure) [PSYoungGen: 68960K->1392K(69632K)] 418209K->350641K(606208K), 0.0025328 secs] [Times: user=0.01 sys=0.00, real=0.00 secs] 
2678.366: [GC (Allocation Failure) [PSYoungGen: 68976K->1376K(69120K)] 418225K->350625K(605696K), 0.0028840 secs] [Times: user=0.01 sys=0.00, real=0.00 secs] 
2679.351: [GC (Allocation Failure) [PSYoungGen: 68960K->1360K(69120K)] 418209K->350609K(605696K), 0.0035076 secs] [Times: user=0.01 sys=0.00, real=0.01 secs] 
2680.288: [GC (Allocation Failure) [PSYoungGen: 68944K->352K(68608K)] 418193K->350625K(605184K), 0.0031401 secs] [Times: user=0.01 sys=0.00, real=0.00 secs] 
2681.283: [GC (Allocation Failure) [PSYoungGen: 67927K->288K(69632K)] 418200K->350561K(606208K), 0.0028298 secs] [Times: user=0.02 sys=0.00, real=0.00 secs] 
2682.622: [GC (Allocation Failure) [PSYoungGen: 67872K->1376K(69632K)] 418145K->351649K(606208K), 0.0016055 secs] [Times: user=0.01 sys=0.00, real=0.01 secs] 
2683.363: [GC (Allocation Failure) [PSYoungGen: 68960K->1344K(69632K)] 419233K->351617K(606208K), 0.0020157 secs] [Times: user=0.01 sys=0.00, real=0.00 secs] 
2684.123: [GC (Allocation Failure) [PSYoungGen: 68928K->1376K(69632K)] 419201K->351649K(606208K), 0.0022371 secs] [Times: user=0.01 sys=0.00, real=0.00 secs] 
2684.859: [GC (Allocation Failure) [PSYoungGen: 68960K->1408K(69632K)] 419233K->351681K(606208K), 0.0027173 secs] [Times: user=0.01 sys=0.00, real=0.00 secs] 
2686.465: [GC (Allocation Failure) [PSYoungGen: 68992K->1440K(69632K)] 419265K->351713K(606208K), 0.0022906 secs] [Times: user=0.00 sys=0.01, real=0.00 secs] 
2687.150: [GC (Allocation Failure) [PSYoungGen: 69024K->1376K(69632K)] 419297K->351657K(606208K), 0.0022716 secs] [Times: user=0.01 sys=0.00, real=0.00 secs] 
2687.561: [GC (Allocation Failure) [PSYoungGen: 68960K->1408K(69632K)] 419241K->351689K(606208K), 0.0022275 secs] [Times: user=0.01 sys=0.00, real=0.01 secs] 
2688.337: [GC (Allocation Failure) [PSYoungGen: 68992K->1376K(69632K)] 419273K->351657K(606208K), 0.0024724 secs] [Times: user=0.01 sys=0.00, real=0.00 secs] 
2690.964: [GC (Allocation Failure) [PSYoungGen: 68960K->1408K(69632K)] 419241K->351689K(606208K), 0.0039231 secs] [Times: user=0.01 sys=0.00, real=0.00 secs] 
2692.090: [GC (Allocation Failure) [PSYoungGen: 68992K->1344K(69632K)] 419273K->351625K(606208K), 0.0034804 secs] [Times: user=0.01 sys=0.00, real=0.01 secs] 
2692.844: [GC (Allocation Failure) [PSYoungGen: 68928K->1376K(69632K)] 419209K->351657K(606208K), 0.0031561 secs] [Times: user=0.02 sys=0.00, real=0.00 secs] 
2693.451: [GC (Allocation Failure) [PSYoungGen: 68960K->1376K(69632K)] 419241K->351657K(606208K), 0.0028232 secs] [Times: user=0.01 sys=0.00, real=0.01 secs] 
2695.284: [GC (Allocation Failure) [PSYoungGen: 68960K->1408K(69632K)] 419241K->351689K(606208K), 0.0024614 secs] [Times: user=0.01 sys=0.00, real=0.00 secs] 
2696.152: [GC (Allocation Failure) [PSYoungGen: 68992K->1376K(69632K)] 419273K->351657K(606208K), 0.0031636 secs] [Times: user=0.01 sys=0.00, real=0.01 secs] 
2696.783: [GC (Allocation Failure) [PSYoungGen: 68960K->1344K(69632K)] 419241K->351625K(606208K), 0.0028035 secs] [Times: user=0.01 sys=0.00, real=0.00 secs] 
2697.381: [GC (Allocation Failure) [PSYoungGen: 68928K->1376K(69632K)] 419209K->351665K(606208K), 0.0026478 secs] [Times: user=0.01 sys=0.00, real=0.01 secs] 
2699.336: [GC (Allocation Failure) [PSYoungGen: 68960K->1392K(69632K)] 419249K->351681K(606208K), 0.0025506 secs] [Times: user=0.01 sys=0.00, real=0.00 secs] 
2699.799: [GC (Allocation Failure) [PSYoungGen: 68976K->1376K(69632K)] 419265K->351665K(606208K), 0.0022915 secs] [Times: user=0.01 sys=0.01, real=0.00 secs] 
2700.695: [GC (Allocation Failure) [PSYoungGen: 68960K->1376K(69632K)] 419249K->351665K(606208K), 0.0042766 secs] [Times: user=0.01 sys=0.00, real=0.00 secs] 
2701.751: [GC (Allocation Failure) [PSYoungGen: 68960K->1376K(69632K)] 419249K->351665K(606208K), 0.0042281 secs] [Times: user=0.02 sys=0.00, real=0.01 secs] 
2703.996: [GC (Allocation Failure) [PSYoungGen: 68960K->1440K(69632K)] 419249K->351729K(606208K), 0.0028260 secs] [Times: user=0.02 sys=0.00, real=0.00 secs] 
2704.282: [GC (Allocation Failure) [PSYoungGen: 69024K->1344K(69632K)] 419313K->351633K(606208K), 0.0019942 secs] [Times: user=0.01 sys=0.00, real=0.01 secs] 
2704.562: [GC (Allocation Failure) [PSYoungGen: 68928K->1344K(69632K)] 419217K->351633K(606208K), 0.0022038 secs] [Times: user=0.01 sys=0.00, real=0.01 secs] 
2704.850: [GC (Allocation Failure) [PSYoungGen: 68928K->1344K(69120K)] 419217K->351633K(605696K), 0.0026246 secs] [Times: user=0.01 sys=0.00, real=0.00 secs] 
2705.125: [GC (Allocation Failure) [PSYoungGen: 68928K->1376K(69120K)] 419217K->351665K(605696K), 0.0020014 secs] [Times: user=0.01 sys=0.00, real=0.00 secs] 
2706.099: [GC (Allocation Failure) [PSYoungGen: 68960K->1392K(69120K)] 419249K->351689K(605696K), 0.0018183 secs] [Times: user=0.01 sys=0.00, real=0.00 secs] 
2706.379: [GC (Allocation Failure) [PSYoungGen: 68976K->1344K(69120K)] 419273K->351641K(605696K), 0.0019405 secs] [Times: user=0.00 sys=0.00, real=0.00 secs] 
2706.660: [GC (Allocation Failure) [PSYoungGen: 68928K->1360K(69120K)] 419225K->351657K(605696K), 0.0024296 secs] [Times: user=0.01 sys=0.00, real=0.01 secs] 
2706.946: [GC (Allocation Failure) [PSYoungGen: 68944K->1344K(69120K)] 419241K->351641K(605696K), 0.0024663 secs] [Times: user=0.01 sys=0.00, real=0.00 secs] 
2708.534: [GC (Allocation Failure) [PSYoungGen: 68928K->1408K(69120K)] 419225K->351705K(605696K), 0.0032786 secs] [Times: user=0.01 sys=0.00, real=0.00 secs] 
2708.920: [GC (Allocation Failure) [PSYoungGen: 68992K->1376K(69120K)] 419289K->351673K(605696K), 0.0025142 secs] [Times: user=0.01 sys=0.00, real=0.01 secs] 
2709.522: [GC (Allocation Failure) [PSYoungGen: 68960K->1376K(69120K)] 419257K->351673K(605696K), 0.0022360 secs] [Times: user=0.01 sys=0.00, real=0.01 secs] 
2710.177: [GC (Allocation Failure) [PSYoungGen: 68960K->1376K(69120K)] 419257K->351673K(605696K), 0.0024578 secs] [Times: user=0.01 sys=0.01, real=0.00 secs] 
2711.408: [GC (Allocation Failure) [PSYoungGen: 68960K->1408K(69120K)] 419257K->351705K(605696K), 0.0017067 secs] [Times: user=0.01 sys=0.00, real=0.00 secs] 
2711.688: [GC (Allocation Failure) [PSYoungGen: 68992K->1376K(69120K)] 419289K->351673K(605696K), 0.0020447 secs] [Times: user=0.01 sys=0.00, real=0.00 secs] 
2712.122: [GC (Allocation Failure) [PSYoungGen: 68960K->1328K(69120K)] 419257K->351649K(605696K), 0.0037378 secs] [Times: user=0.01 sys=0.00, real=0.01 secs] 
2712.671: [GC (Allocation Failure) [PSYoungGen: 68912K->1344K(69120K)] 419233K->351665K(605696K), 0.0031211 secs] [Times: user=0.01 sys=0.00, real=0.01 secs] 
2713.870: [GC (Allocation Failure) [PSYoungGen: 68928K->1376K(69120K)] 419249K->351697K(605696K), 0.0016617 secs] [Times: user=0.01 sys=0.00, real=0.00 secs] 
2714.192: [GC (Allocation Failure) [PSYoungGen: 68960K->1376K(69120K)] 419281K->351697K(605696K), 0.0020035 secs] [Times: user=0.01 sys=0.00, real=0.01 secs] 
2714.687: [GC (Allocation Failure) [PSYoungGen: 68960K->1376K(69120K)] 419281K->351697K(605696K), 0.0021704 secs] [Times: user=0.00 sys=0.00, real=0.00 secs] 
2715.230: [GC (Allocation Failure) [PSYoungGen: 68960K->1376K(69120K)] 419281K->351697K(605696K), 0.0023720 secs] [Times: user=0.01 sys=0.00, real=0.01 secs] 
2716.653: [GC (Allocation Failure) [PSYoungGen: 68960K->1408K(69120K)] 419281K->351729K(605696K), 0.0022020 secs] [Times: user=0.01 sys=0.00, real=0.00 secs] 
2717.528: [GC (Allocation Failure) [PSYoungGen: 68992K->1344K(69120K)] 419313K->351665K(605696K), 0.0033554 secs] [Times: user=0.02 sys=0.00, real=0.00 secs] 
2717.819: [GC (Allocation Failure) [PSYoungGen: 68928K->1360K(69120K)] 419249K->351681K(605696K), 0.0019480 secs] [Times: user=0.00 sys=0.00, real=0.00 secs] 
2718.100: [GC (Allocation Failure) [PSYoungGen: 68944K->1360K(69120K)] 419265K->351681K(605696K), 0.0018871 secs] [Times: user=0.01 sys=0.00, real=0.00 secs] 
2718.704: [GC (Allocation Failure) [PSYoungGen: 68944K->1405K(69120K)] 419265K->351726K(605696K), 0.0015315 secs] [Times: user=0.01 sys=0.00, real=0.00 secs] 
2719.653: [GC (Allocation Failure) [PSYoungGen: 68989K->1408K(69120K)] 419310K->351729K(605696K), 0.0020613 secs] [Times: user=0.01 sys=0.00, real=0.00 secs] 
2719.968: [GC (Allocation Failure) [PSYoungGen: 68992K->1376K(69120K)] 419313K->351697K(605696K), 0.0025867 secs] [Times: user=0.01 sys=0.00, real=0.00 secs] 
2720.705: [GC (Allocation Failure) [PSYoungGen: 68960K->1344K(69120K)] 419281K->351665K(605696K), 0.0031511 secs] [Times: user=0.01 sys=0.00, real=0.00 secs] 
2721.558: [GC (Allocation Failure) [PSYoungGen: 68928K->1376K(69120K)] 419249K->351697K(605696K), 0.0033175 secs] [Times: user=0.02 sys=0.00, real=0.00 secs] 
2722.769: [GC (Allocation Failure) [PSYoungGen: 68960K->1376K(69120K)] 419281K->351697K(605696K), 0.0027439 secs] [Times: user=0.02 sys=0.00, real=0.00 secs] 
2723.047: [GC (Allocation Failure) [PSYoungGen: 68960K->1376K(69120K)] 419281K->351713K(605696K), 0.0019854 secs] [Times: user=0.00 sys=0.00, real=0.00 secs] 
2723.339: [GC (Allocation Failure) [PSYoungGen: 68960K->1344K(69120K)] 419297K->351681K(605696K), 0.0019358 secs] [Times: user=0.01 sys=0.00, real=0.00 secs] 
2723.619: [GC (Allocation Failure) [PSYoungGen: 68928K->1344K(69120K)] 419265K->351681K(605696K), 0.0020126 secs] [Times: user=0.01 sys=0.00, real=0.00 secs] 
2725.096: [GC (Allocation Failure) [PSYoungGen: 68928K->1408K(69120K)] 419265K->351745K(605696K), 0.0040002 secs] [Times: user=0.02 sys=0.00, real=0.00 secs] 
2725.720: [GC (Allocation Failure) [PSYoungGen: 68992K->1376K(69120K)] 419329K->351713K(605696K), 0.0034277 secs] [Times: user=0.01 sys=0.00, real=0.01 secs] 
2726.416: [GC (Allocation Failure) [PSYoungGen: 68960K->1376K(69120K)] 419297K->351713K(605696K), 0.0031742 secs] [Times: user=0.01 sys=0.00, real=0.00 secs] 
2727.030: [GC (Allocation Failure) [PSYoungGen: 68960K->1376K(69120K)] 419297K->351713K(605696K), 0.0028176 secs] [Times: user=0.01 sys=0.00, real=0.00 secs] 
2728.430: [GC (Allocation Failure) [PSYoungGen: 68960K->1376K(69120K)] 419297K->351713K(605696K), 0.0017558 secs] [Times: user=0.01 sys=0.00, real=0.00 secs] 
2729.025: [GC (Allocation Failure) [PSYoungGen: 68960K->1376K(69120K)] 419297K->351713K(605696K), 0.0026832 secs] [Times: user=0.01 sys=0.00, real=0.00 secs] 
2729.301: [GC (Allocation Failure) [PSYoungGen: 68960K->1312K(69120K)] 419297K->351649K(605696K), 0.0022912 secs] [Times: user=0.01 sys=0.00, real=0.01 secs] 
2729.582: [GC (Allocation Failure) [PSYoungGen: 68896K->1376K(69120K)] 419233K->351713K(605696K), 0.0021123 secs] [Times: user=0.00 sys=0.00, real=0.01 secs] 
2731.090: [GC (Allocation Failure) [PSYoungGen: 68960K->1408K(69120K)] 419297K->351745K(605696K), 0.0050749 secs] [Times: user=0.03 sys=0.00, real=0.01 secs] 
2731.977: [GC (Allocation Failure) [PSYoungGen: 68992K->1376K(69120K)] 419329K->351713K(605696K), 0.0032005 secs] [Times: user=0.01 sys=0.00, real=0.00 secs] 
2732.574: [GC (Allocation Failure) [PSYoungGen: 68960K->1376K(69120K)] 419297K->351713K(605696K), 0.0027883 secs] [Times: user=0.01 sys=0.00, real=0.00 secs] 
2732.898: [GC (Allocation Failure) [PSYoungGen: 68960K->1392K(69120K)] 419297K->351737K(605696K), 0.0019476 secs] [Times: user=0.01 sys=0.00, real=0.00 secs] 
2733.924: [GC (Allocation Failure) [PSYoungGen: 68976K->896K(69120K)] 419321K->352265K(605696K), 0.0017264 secs] [Times: user=0.00 sys=0.00, real=0.00 secs] 
2734.245: [GC (Allocation Failure) [PSYoungGen: 68480K->352K(69120K)] 419849K->351721K(605696K), 0.0018459 secs] [Times: user=0.01 sys=0.00, real=0.00 secs] 
2734.757: [GC (Allocation Failure) [PSYoungGen: 67936K->320K(69632K)] 419305K->351689K(606208K), 0.0018059 secs] [Times: user=0.00 sys=0.00, real=0.00 secs] 
2735.330: [GC (Allocation Failure) [PSYoungGen: 67904K->320K(69632K)] 419273K->351689K(606208K), 0.0020387 secs] [Times: user=0.01 sys=0.00, real=0.00 secs] 
2735.849: [GC (Allocation Failure) [PSYoungGen: 67904K->384K(69632K)] 419273K->351753K(606208K), 0.0022074 secs] [Times: user=0.00 sys=0.00, real=0.00 secs] 
2737.127: [GC (Allocation Failure) [PSYoungGen: 67968K->1408K(69632K)] 419337K->352777K(606208K), 0.0020442 secs] [Times: user=0.01 sys=0.00, real=0.00 secs] 
2737.701: [GC (Allocation Failure) [PSYoungGen: 68992K->1376K(69632K)] 420361K->352745K(606208K), 0.0021724 secs] [Times: user=0.01 sys=0.00, real=0.01 secs] 
2738.246: [GC (Allocation Failure) [PSYoungGen: 68960K->1344K(69632K)] 420329K->352713K(606208K), 0.0022077 secs] [Times: user=0.01 sys=0.00, real=0.00 secs] 
2738.533: [GC (Allocation Failure) [PSYoungGen: 68928K->1344K(69632K)] 420297K->352713K(606208K), 0.0020843 secs] [Times: user=0.00 sys=0.00, real=0.00 secs] 
2739.976: [GC (Allocation Failure) [PSYoungGen: 68928K->1376K(69632K)] 420297K->352745K(606208K), 0.0033920 secs] [Times: user=0.01 sys=0.00, real=0.00 secs] 
2740.962: [GC (Allocation Failure) [PSYoungGen: 68960K->1376K(69632K)] 420329K->352745K(606208K), 0.0038498 secs] [Times: user=0.02 sys=0.00, real=0.01 secs] 
2741.887: [GC (Allocation Failure) [PSYoungGen: 68960K->1344K(69632K)] 420329K->352713K(606208K), 0.0031367 secs] [Times: user=0.01 sys=0.00, real=0.00 secs] 
2742.661: [GC (Allocation Failure) [PSYoungGen: 68928K->1376K(69632K)] 420297K->352745K(606208K), 0.0031730 secs] [Times: user=0.01 sys=0.00, real=0.01 secs] 
2744.306: [GC (Allocation Failure) [PSYoungGen: 68960K->1440K(69632K)] 420329K->352817K(606208K), 0.0020369 secs] [Times: user=0.01 sys=0.00, real=0.00 secs] 
2745.086: [GC (Allocation Failure) [PSYoungGen: 69024K->1376K(69632K)] 420401K->352753K(606208K), 0.0025144 secs] [Times: user=0.01 sys=0.00, real=0.00 secs] 
2745.677: [GC (Allocation Failure) [PSYoungGen: 68960K->1344K(69632K)] 420337K->352721K(606208K), 0.0025484 secs] [Times: user=0.01 sys=0.00, real=0.00 secs] 
2745.959: [GC (Allocation Failure) [PSYoungGen: 68928K->1376K(69632K)] 420305K->352753K(606208K), 0.0019749 secs] [Times: user=0.01 sys=0.00, real=0.00 secs] 
2746.981: [GC (Allocation Failure) [PSYoungGen: 68960K->1408K(69632K)] 420337K->352785K(606208K), 0.0018304 secs] [Times: user=0.01 sys=0.00, real=0.01 secs] 
2747.262: [GC (Allocation Failure) [PSYoungGen: 68992K->1376K(69632K)] 420369K->352753K(606208K), 0.0018880 secs] [Times: user=0.00 sys=0.00, real=0.01 secs] 
2747.543: [GC (Allocation Failure) [PSYoungGen: 68960K->1376K(69632K)] 420337K->352753K(606208K), 0.0017951 secs] [Times: user=0.01 sys=0.00, real=0.01 secs] 
2747.823: [GC (Allocation Failure) [PSYoungGen: 68960K->1312K(69632K)] 420337K->352689K(606208K), 0.0018147 secs] [Times: user=0.01 sys=0.00, real=0.00 secs] 
2748.973: [GC (Allocation Failure) [PSYoungGen: 68896K->1408K(69632K)] 420273K->352785K(606208K), 0.0021828 secs] [Times: user=0.01 sys=0.00, real=0.00 secs] 
2749.546: [GC (Allocation Failure) [PSYoungGen: 68992K->1376K(69632K)] 420369K->352753K(606208K), 0.0020176 secs] [Times: user=0.01 sys=0.00, real=0.00 secs] 
2750.104: [GC (Allocation Failure) [PSYoungGen: 68960K->1344K(69632K)] 420337K->352721K(606208K), 0.0020353 secs] [Times: user=0.00 sys=0.00, real=0.00 secs] 
2750.743: [GC (Allocation Failure) [PSYoungGen: 68928K->1376K(69632K)] 420305K->352761K(606208K), 0.0022209 secs] [Times: user=0.01 sys=0.00, real=0.00 secs] 
2752.067: [GC (Allocation Failure) [PSYoungGen: 68960K->1376K(69632K)] 420345K->352761K(606208K), 0.0016294 secs] [Times: user=0.00 sys=0.00, real=0.00 secs] 
2752.689: [GC (Allocation Failure) [PSYoungGen: 68960K->1408K(69632K)] 420345K->352793K(606208K), 0.0023626 secs] [Times: user=0.01 sys=0.00, real=0.00 secs] 
2753.228: [GC (Allocation Failure) [PSYoungGen: 68992K->1344K(69632K)] 420377K->352737K(606208K), 0.0029993 secs] [Times: user=0.01 sys=0.00, real=0.00 secs] 
2753.797: [GC (Allocation Failure) [PSYoungGen: 68928K->1376K(69632K)] 420321K->352769K(606208K), 0.0030280 secs] [Times: user=0.01 sys=0.00, real=0.00 secs] 
2754.393: [GC (Allocation Failure) [PSYoungGen: 68960K->1360K(69632K)] 420353K->352753K(606208K), 0.0035555 secs] [Times: user=0.01 sys=0.01, real=0.01 secs] 
2755.778: [GC (Allocation Failure) [PSYoungGen: 68944K->1408K(69632K)] 420337K->352801K(606208K), 0.0018132 secs] [Times: user=0.01 sys=0.00, real=0.00 secs] 
2756.526: [GC (Allocation Failure) [PSYoungGen: 68992K->1344K(69632K)] 420385K->352737K(606208K), 0.0040161 secs] [Times: user=0.02 sys=0.00, real=0.00 secs] 
2757.376: [GC (Allocation Failure) [PSYoungGen: 68928K->1408K(69632K)] 420321K->352801K(606208K), 0.0042766 secs] [Times: user=0.01 sys=0.00, real=0.00 secs] 
2758.161: [GC (Allocation Failure) [PSYoungGen: 68992K->1376K(69632K)] 420385K->352769K(606208K), 0.0042170 secs] [Times: user=0.02 sys=0.00, real=0.01 secs] 
2759.444: [GC (Allocation Failure) [PSYoungGen: 68960K->1344K(69632K)] 420353K->352737K(606208K), 0.0016157 secs] [Times: user=0.00 sys=0.00, real=0.00 secs] 
2760.097: [GC (Allocation Failure) [PSYoungGen: 68928K->1376K(69120K)] 420321K->352769K(605696K), 0.0021372 secs] [Times: user=0.01 sys=0.00, real=0.00 secs] 
2761.035: [GC (Allocation Failure) [PSYoungGen: 68960K->1376K(69120K)] 420353K->352769K(605696K), 0.0033471 secs] [Times: user=0.01 sys=0.00, real=0.00 secs] 
2761.983: [GC (Allocation Failure) [PSYoungGen: 68960K->1376K(69120K)] 420353K->352769K(605696K), 0.0033780 secs] [Times: user=0.02 sys=0.00, real=0.01 secs] 
2763.488: [GC (Allocation Failure) [PSYoungGen: 68960K->1408K(69120K)] 420353K->352801K(605696K), 0.0017130 secs] [Times: user=0.00 sys=0.00, real=0.00 secs] 
2764.087: [GC (Allocation Failure) [PSYoungGen: 68992K->1344K(69120K)] 420385K->352737K(605696K), 0.0022631 secs] [Times: user=0.01 sys=0.00, real=0.00 secs] 
2765.042: [GC (Allocation Failure) [PSYoungGen: 68928K->1376K(69120K)] 420321K->352769K(605696K), 0.0047013 secs] [Times: user=0.02 sys=0.00, real=0.01 secs] 
2765.961: [GC (Allocation Failure) [PSYoungGen: 68960K->1344K(69120K)] 420353K->352745K(605696K), 0.0039468 secs] [Times: user=0.02 sys=0.00, real=0.01 secs] 
2767.529: [GC (Allocation Failure) [PSYoungGen: 68928K->1408K(69120K)] 420329K->352809K(605696K), 0.0019220 secs] [Times: user=0.01 sys=0.00, real=0.00 secs] 
2767.810: [GC (Allocation Failure) [PSYoungGen: 68992K->1344K(69120K)] 420393K->352745K(605696K), 0.0017777 secs] [Times: user=0.01 sys=0.00, real=0.00 secs] 
2768.166: [GC (Allocation Failure) [PSYoungGen: 68928K->1344K(69120K)] 420329K->352745K(605696K), 0.0027779 secs] [Times: user=0.01 sys=0.00, real=0.00 secs] 
2768.817: [GC (Allocation Failure) [PSYoungGen: 68928K->1376K(69120K)] 420329K->352777K(605696K), 0.0031289 secs] [Times: user=0.01 sys=0.00, real=0.00 secs] 
2770.542: [GC (Allocation Failure) [PSYoungGen: 68960K->896K(68608K)] 420361K->353321K(605184K), 0.0023518 secs] [Times: user=0.01 sys=0.00, real=0.01 secs] 
2772.327: [GC (Allocation Failure) [PSYoungGen: 67968K->352K(69120K)] 420393K->352777K(605696K), 0.0038334 secs] [Times: user=0.01 sys=0.00, real=0.00 secs] 
2772.939: [GC (Allocation Failure) [PSYoungGen: 67424K->336K(69120K)] 419849K->352761K(605696K), 0.0027773 secs] [Times: user=0.02 sys=0.00, real=0.00 secs] 
2773.452: [GC (Allocation Failure) [PSYoungGen: 67408K->352K(69120K)] 419833K->352777K(605696K), 0.0023675 secs] [Times: user=0.01 sys=0.00, real=0.01 secs] 
2774.204: [GC (Allocation Failure) [PSYoungGen: 67424K->352K(69120K)] 419849K->352777K(605696K), 0.0040952 secs] [Times: user=0.02 sys=0.00, real=0.00 secs] 
2775.564: [GC (Allocation Failure) [PSYoungGen: 67424K->1440K(69120K)] 419849K->353865K(605696K), 0.0028642 secs] [Times: user=0.01 sys=0.00, real=0.00 secs] 
2775.842: [GC (Allocation Failure) [PSYoungGen: 68512K->1376K(69120K)] 420937K->353801K(605696K), 0.0021173 secs] [Times: user=0.01 sys=0.00, real=0.01 secs] 
2776.121: [GC (Allocation Failure) [PSYoungGen: 68448K->1344K(69120K)] 420873K->353785K(605696K), 0.0020181 secs] [Times: user=0.01 sys=0.00, real=0.01 secs] 
2776.588: [GC (Allocation Failure) [PSYoungGen: 68416K->1408K(69120K)] 420857K->353849K(605696K), 0.0027935 secs] [Times: user=0.01 sys=0.00, real=0.00 secs] 
2778.978: [GC (Allocation Failure) [PSYoungGen: 68480K->1424K(69120K)] 420921K->353865K(605696K), 0.0034645 secs] [Times: user=0.01 sys=0.00, real=0.00 secs] 
2779.570: [GC (Allocation Failure) [PSYoungGen: 68496K->1408K(69632K)] 420937K->353849K(606208K), 0.0028579 secs] [Times: user=0.02 sys=0.00, real=0.00 secs] 
2780.401: [GC (Allocation Failure) [PSYoungGen: 68480K->1344K(68608K)] 420921K->353793K(605184K), 0.0041845 secs] [Times: user=0.02 sys=0.00, real=0.01 secs] 
2781.153: [GC (Allocation Failure) [PSYoungGen: 68416K->1376K(69120K)] 420865K->353825K(605696K), 0.0031492 secs] [Times: user=0.01 sys=0.01, real=0.00 secs] 
2783.029: [GC (Allocation Failure) [PSYoungGen: 68448K->1376K(69120K)] 420897K->353825K(605696K), 0.0028856 secs] [Times: user=0.01 sys=0.00, real=0.00 secs] 
2783.632: [GC (Allocation Failure) [PSYoungGen: 68448K->1408K(69120K)] 420897K->353857K(605696K), 0.0027843 secs] [Times: user=0.01 sys=0.00, real=0.01 secs] 
2784.199: [GC (Allocation Failure) [PSYoungGen: 68480K->1344K(69120K)] 420929K->353801K(605696K), 0.0023726 secs] [Times: user=0.01 sys=0.00, real=0.00 secs] 
2784.688: [GC (Allocation Failure) [PSYoungGen: 68416K->1376K(69120K)] 420873K->353833K(605696K), 0.0020213 secs] [Times: user=0.01 sys=0.00, real=0.00 secs] 
2785.753: [GC (Allocation Failure) [PSYoungGen: 68448K->1376K(69120K)] 420905K->353849K(605696K), 0.0019710 secs] [Times: user=0.01 sys=0.00, real=0.00 secs] 
2786.669: [GC (Allocation Failure) [PSYoungGen: 68448K->1376K(69120K)] 420921K->353849K(605696K), 0.0025205 secs] [Times: user=0.01 sys=0.00, real=0.00 secs] 
2787.519: [GC (Allocation Failure) [PSYoungGen: 68448K->1344K(69120K)] 420921K->353817K(605696K), 0.0038487 secs] [Times: user=0.01 sys=0.00, real=0.01 secs] 
2788.298: [GC (Allocation Failure) [PSYoungGen: 68416K->1376K(69120K)] 420889K->353849K(605696K), 0.0033074 secs] [Times: user=0.02 sys=0.00, real=0.00 secs] 
2789.838: [GC (Allocation Failure) [PSYoungGen: 68448K->1648K(69120K)] 420921K->354121K(605696K), 0.0018615 secs] [Times: user=0.01 sys=0.00, real=0.00 secs] 
2790.405: [GC (Allocation Failure) [PSYoungGen: 68720K->1360K(69120K)] 421193K->353833K(605696K), 0.0024007 secs] [Times: user=0.01 sys=0.01, real=0.00 secs] 
2790.968: [GC (Allocation Failure) [PSYoungGen: 68432K->1376K(69120K)] 420905K->353849K(605696K), 0.0030726 secs] [Times: user=0.01 sys=0.00, real=0.00 secs] 
2791.567: [GC (Allocation Failure) [PSYoungGen: 68448K->1360K(69120K)] 420921K->353833K(605696K), 0.0032315 secs] [Times: user=0.01 sys=0.00, real=0.00 secs] 
2792.121: [GC (Allocation Failure) [PSYoungGen: 68432K->1344K(69120K)] 420905K->353817K(605696K), 0.0024979 secs] [Times: user=0.01 sys=0.00, real=0.01 secs] 
2793.368: [GC (Allocation Failure) [PSYoungGen: 68416K->1408K(69120K)] 420889K->353881K(605696K), 0.0019757 secs] [Times: user=0.01 sys=0.00, real=0.00 secs] 
2793.928: [GC (Allocation Failure) [PSYoungGen: 68480K->1360K(69120K)] 420953K->353833K(605696K), 0.0039840 secs] [Times: user=0.02 sys=0.00, real=0.00 secs] 
2794.505: [GC (Allocation Failure) [PSYoungGen: 68432K->1408K(69120K)] 420905K->353897K(605696K), 0.0031896 secs] [Times: user=0.02 sys=0.00, real=0.00 secs] 
2795.098: [GC (Allocation Failure) [PSYoungGen: 68480K->1376K(69120K)] 420969K->353865K(605696K), 0.0031367 secs] [Times: user=0.01 sys=0.00, real=0.00 secs] 
2796.449: [GC (Allocation Failure) [PSYoungGen: 68448K->1392K(69120K)] 420937K->353881K(605696K), 0.0020959 secs] [Times: user=0.01 sys=0.00, real=0.00 secs] 
2797.037: [GC (Allocation Failure) [PSYoungGen: 68464K->1344K(69120K)] 420953K->353833K(605696K), 0.0021833 secs] [Times: user=0.01 sys=0.00, real=0.00 secs] 
2797.863: [GC (Allocation Failure) [PSYoungGen: 68416K->1360K(69120K)] 420905K->353849K(605696K), 0.0025752 secs] [Times: user=0.01 sys=0.00, real=0.01 secs] 
2798.667: [GC (Allocation Failure) [PSYoungGen: 68432K->1376K(69120K)] 420921K->353865K(605696K), 0.0072212 secs] [Times: user=0.04 sys=0.00, real=0.01 secs] 
2799.866: [GC (Allocation Failure) [PSYoungGen: 68448K->1456K(69120K)] 420937K->353945K(605696K), 0.0016455 secs] [Times: user=0.01 sys=0.00, real=0.00 secs] 
2800.378: [GC (Allocation Failure) [PSYoungGen: 68528K->1360K(69120K)] 421017K->353849K(605696K), 0.0019075 secs] [Times: user=0.00 sys=0.00, real=0.00 secs] 
2801.081: [GC (Allocation Failure) [PSYoungGen: 68432K->1376K(69120K)] 420921K->353873K(605696K), 0.0031890 secs] [Times: user=0.01 sys=0.00, real=0.01 secs] 
2801.756: [GC (Allocation Failure) [PSYoungGen: 68448K->1376K(68608K)] 420945K->353873K(605184K), 0.0035648 secs] [Times: user=0.02 sys=0.00, real=0.00 secs] 
2803.170: [GC (Allocation Failure) [PSYoungGen: 68448K->1376K(68608K)] 420945K->353873K(605184K), 0.0017861 secs] [Times: user=0.01 sys=0.00, real=0.00 secs] 
2803.693: [GC (Allocation Failure) [PSYoungGen: 68448K->1344K(68608K)] 420945K->353841K(605184K), 0.0020650 secs] [Times: user=0.01 sys=0.00, real=0.00 secs] 
2804.204: [GC (Allocation Failure) [PSYoungGen: 68416K->1376K(68608K)] 420913K->353873K(605184K), 0.0022173 secs] [Times: user=0.01 sys=0.00, real=0.00 secs] 
2805.001: [GC (Allocation Failure) [PSYoungGen: 68448K->1376K(68608K)] 420945K->353881K(605184K), 0.0031348 secs] [Times: user=0.01 sys=0.00, real=0.01 secs] 
2806.074: [GC (Allocation Failure) [PSYoungGen: 68448K->1357K(68608K)] 420953K->353862K(605184K), 0.0015691 secs] [Times: user=0.01 sys=0.00, real=0.00 secs] 
2807.906: [GC (Allocation Failure) [PSYoungGen: 68429K->1440K(68608K)] 420934K->353945K(605184K), 0.0043191 secs] [Times: user=0.01 sys=0.01, real=0.00 secs] 
2808.655: [GC (Allocation Failure) [PSYoungGen: 68512K->1408K(68608K)] 421017K->353913K(605184K), 0.0038933 secs] [Times: user=0.01 sys=0.00, real=0.00 secs] 
2809.338: [GC (Allocation Failure) [PSYoungGen: 68480K->1376K(68608K)] 420985K->353881K(605184K), 0.0027214 secs] [Times: user=0.02 sys=0.00, real=0.00 secs] 
2810.024: [GC (Allocation Failure) [PSYoungGen: 68448K->1408K(68608K)] 420953K->353913K(605184K), 0.0031149 secs] [Times: user=0.01 sys=0.00, real=0.00 secs] 
2811.462: [GC (Allocation Failure) [PSYoungGen: 68480K->1408K(68608K)] 420985K->353913K(605184K), 0.0017528 secs] [Times: user=0.01 sys=0.00, real=0.01 secs] 
2811.740: [GC (Allocation Failure) [PSYoungGen: 68480K->1376K(68608K)] 420985K->353881K(605184K), 0.0017886 secs] [Times: user=0.01 sys=0.00, real=0.00 secs] 
2812.020: [GC (Allocation Failure) [PSYoungGen: 68448K->1376K(68608K)] 420953K->353881K(605184K), 0.0018048 secs] [Times: user=0.00 sys=0.00, real=0.00 secs] 
2812.319: [GC (Allocation Failure) [PSYoungGen: 68448K->1344K(68608K)] 420953K->353849K(605184K), 0.0019380 secs] [Times: user=0.01 sys=0.00, real=0.00 secs] 
2813.920: [GC (Allocation Failure) [PSYoungGen: 68416K->1408K(68608K)] 420921K->353913K(605184K), 0.0026040 secs] [Times: user=0.01 sys=0.00, real=0.01 secs] 
2814.835: [GC (Allocation Failure) [PSYoungGen: 68480K->1376K(68608K)] 420985K->353881K(605184K), 0.0024490 secs] [Times: user=0.01 sys=0.00, real=0.00 secs] 
2815.674: [GC (Allocation Failure) [PSYoungGen: 68448K->1376K(68608K)] 420953K->353889K(605184K), 0.0026998 secs] [Times: user=0.01 sys=0.00, real=0.00 secs] 
2816.380: [GC (Allocation Failure) [PSYoungGen: 68448K->1360K(68608K)] 420961K->353873K(605184K), 0.0022156 secs] [Times: user=0.01 sys=0.00, real=0.00 secs] 
2817.724: [GC (Allocation Failure) [PSYoungGen: 68432K->1408K(68608K)] 420945K->353921K(605184K), 0.0022149 secs] [Times: user=0.01 sys=0.00, real=0.00 secs] 
2818.397: [GC (Allocation Failure) [PSYoungGen: 68480K->1408K(68608K)] 420993K->353921K(605184K), 0.0033038 secs] [Times: user=0.01 sys=0.00, real=0.00 secs] 
2819.185: [GC (Allocation Failure) [PSYoungGen: 68480K->1376K(68608K)] 420993K->353889K(605184K), 0.0028035 secs] [Times: user=0.01 sys=0.00, real=0.00 secs] 
2820.030: [GC (Allocation Failure) [PSYoungGen: 68448K->1376K(68608K)] 420961K->353889K(605184K), 0.0029169 secs] [Times: user=0.01 sys=0.00, real=0.01 secs] 
2821.769: [GC (Allocation Failure) [PSYoungGen: 68448K->864K(68608K)] 420961K->354401K(605184K), 0.0017022 secs] [Times: user=0.01 sys=0.00, real=0.00 secs] 
2822.411: [GC (Allocation Failure) [PSYoungGen: 67936K->320K(68096K)] 421473K->353865K(604672K), 0.0021718 secs] [Times: user=0.01 sys=0.00, real=0.01 secs] 
2823.085: [GC (Allocation Failure) [PSYoungGen: 66880K->352K(68608K)] 420425K->353897K(605184K), 0.0026662 secs] [Times: user=0.01 sys=0.00, real=0.00 secs] 
2823.637: [GC (Allocation Failure) [PSYoungGen: 66912K->352K(68608K)] 420457K->353897K(605184K), 0.0019906 secs] [Times: user=0.01 sys=0.00, real=0.00 secs] 
2824.218: [GC (Allocation Failure) [PSYoungGen: 66912K->352K(68608K)] 420457K->353897K(605184K), 0.0021198 secs] [Times: user=0.01 sys=0.00, real=0.00 secs] 
2825.850: [GC (Allocation Failure) [PSYoungGen: 66912K->1408K(68608K)] 420457K->354953K(605184K), 0.0040023 secs] [Times: user=0.02 sys=0.00, real=0.01 secs] 
2826.663: [GC (Allocation Failure) [PSYoungGen: 67968K->1376K(68608K)] 421513K->354921K(605184K), 0.0040441 secs] [Times: user=0.02 sys=0.00, real=0.00 secs] 
2827.414: [GC (Allocation Failure) [PSYoungGen: 67936K->1360K(68608K)] 421481K->354913K(605184K), 0.0030915 secs] [Times: user=0.01 sys=0.00, real=0.00 secs] 
2828.274: [GC (Allocation Failure) [PSYoungGen: 67920K->1376K(68608K)] 421473K->354929K(605184K), 0.0027394 secs] [Times: user=0.01 sys=0.00, real=0.00 secs] 
2829.673: [GC (Allocation Failure) [PSYoungGen: 67936K->1376K(68608K)] 421489K->354929K(605184K), 0.0018227 secs] [Times: user=0.01 sys=0.00, real=0.00 secs] 
2829.950: [GC (Allocation Failure) [PSYoungGen: 67936K->1344K(68608K)] 421489K->354897K(605184K), 0.0017770 secs] [Times: user=0.01 sys=0.00, real=0.00 secs] 
2830.226: [GC (Allocation Failure) [PSYoungGen: 67904K->1376K(68608K)] 421457K->354929K(605184K), 0.0017830 secs] [Times: user=0.01 sys=0.00, real=0.00 secs] 
2830.510: [GC (Allocation Failure) [PSYoungGen: 67936K->1376K(68608K)] 421489K->354929K(605184K), 0.0019140 secs] [Times: user=0.00 sys=0.00, real=0.00 secs] 
2831.815: [GC (Allocation Failure) [PSYoungGen: 67936K->1392K(68608K)] 421489K->354945K(605184K), 0.0025206 secs] [Times: user=0.01 sys=0.00, real=0.00 secs] 
2832.760: [GC (Allocation Failure) [PSYoungGen: 67952K->1360K(68608K)] 421505K->354913K(605184K), 0.0026851 secs] [Times: user=0.01 sys=0.00, real=0.00 secs] 
2833.964: [GC (Allocation Failure) [PSYoungGen: 67920K->1392K(68608K)] 421473K->354945K(605184K), 0.0037394 secs] [Times: user=0.01 sys=0.00, real=0.00 secs] 
2834.781: [GC (Allocation Failure) [PSYoungGen: 67952K->1344K(68608K)] 421505K->354905K(605184K), 0.0034697 secs] [Times: user=0.01 sys=0.00, real=0.01 secs] 
2836.315: [GC (Allocation Failure) [PSYoungGen: 67904K->1408K(68608K)] 421465K->354969K(605184K), 0.0031320 secs] [Times: user=0.01 sys=0.00, real=0.00 secs] 
2837.236: [GC (Allocation Failure) [PSYoungGen: 67968K->1376K(68608K)] 421529K->354937K(605184K), 0.0031470 secs] [Times: user=0.02 sys=0.00, real=0.00 secs] 
2838.024: [GC (Allocation Failure) [PSYoungGen: 67936K->1376K(68608K)] 421497K->354937K(605184K), 0.0032668 secs] [Times: user=0.01 sys=0.00, real=0.00 secs] 
2838.796: [GC (Allocation Failure) [PSYoungGen: 67936K->1344K(68608K)] 421497K->354905K(605184K), 0.0031627 secs] [Times: user=0.01 sys=0.00, real=0.00 secs] 
2839.825: [GC (Allocation Failure) [PSYoungGen: 67904K->1328K(68608K)] 421465K->354889K(605184K), 0.0042986 secs] [Times: user=0.01 sys=0.00, real=0.00 secs] 
2841.662: [GC (Allocation Failure) [PSYoungGen: 67888K->1408K(68608K)] 421449K->354969K(605184K), 0.0024641 secs] [Times: user=0.01 sys=0.00, real=0.01 secs] 
2842.310: [GC (Allocation Failure) [PSYoungGen: 67968K->1360K(68608K)] 421529K->354921K(605184K), 0.0025666 secs] [Times: user=0.01 sys=0.00, real=0.01 secs] 
2842.842: [GC (Allocation Failure) [PSYoungGen: 67920K->1376K(68608K)] 421481K->354937K(605184K), 0.0025607 secs] [Times: user=0.01 sys=0.00, real=0.01 secs] 
2843.328: [GC (Allocation Failure) [PSYoungGen: 67936K->1376K(68608K)] 421497K->354937K(605184K), 0.0022437 secs] [Times: user=0.01 sys=0.00, real=0.00 secs] 
2845.124: [GC (Allocation Failure) [PSYoungGen: 67936K->1408K(68608K)] 421497K->354969K(605184K), 0.0034348 secs] [Times: user=0.02 sys=0.00, real=0.00 secs] 
2846.237: [GC (Allocation Failure) [PSYoungGen: 67968K->1344K(68608K)] 421529K->354905K(605184K), 0.0042464 secs] [Times: user=0.02 sys=0.00, real=0.00 secs] 
2847.111: [GC (Allocation Failure) [PSYoungGen: 67904K->1376K(68608K)] 421465K->354937K(605184K), 0.0038762 secs] [Times: user=0.02 sys=0.00, real=0.01 secs] 
2847.711: [GC (Allocation Failure) [PSYoungGen: 67936K->1376K(68608K)] 421497K->354953K(605184K), 0.0032044 secs] [Times: user=0.01 sys=0.00, real=0.01 secs] 
2848.829: [GC (Allocation Failure) [PSYoungGen: 67936K->1376K(68608K)] 421513K->354953K(605184K), 0.0018501 secs] [Times: user=0.01 sys=0.01, real=0.00 secs] 
2849.580: [GC (Allocation Failure) [PSYoungGen: 67936K->1344K(68608K)] 421513K->354921K(605184K), 0.0023963 secs] [Times: user=0.01 sys=0.00, real=0.01 secs] 
2850.370: [GC (Allocation Failure) [PSYoungGen: 67904K->1344K(68608K)] 421481K->354921K(605184K), 0.0029373 secs] [Times: user=0.01 sys=0.00, real=0.01 secs] 
2851.085: [GC (Allocation Failure) [PSYoungGen: 67904K->1376K(68608K)] 421481K->354953K(605184K), 0.0042285 secs] [Times: user=0.01 sys=0.00, real=0.00 secs] 
2852.628: [GC (Allocation Failure) [PSYoungGen: 67936K->1408K(68608K)] 421513K->354985K(605184K), 0.0016297 secs] [Times: user=0.01 sys=0.00, real=0.00 secs] 
2853.166: [GC (Allocation Failure) [PSYoungGen: 67968K->1376K(68096K)] 421545K->354953K(604672K), 0.0034507 secs] [Times: user=0.02 sys=0.00, real=0.00 secs] 
2853.832: [GC (Allocation Failure) [PSYoungGen: 67936K->1344K(68096K)] 421513K->354921K(604672K), 0.0043921 secs] [Times: user=0.02 sys=0.00, real=0.01 secs] 
2854.527: [GC (Allocation Failure) [PSYoungGen: 67904K->352K(67584K)] 421481K->354961K(604160K), 0.0032012 secs] [Times: user=0.02 sys=0.00, real=0.00 secs] 
2855.429: [GC (Allocation Failure) [PSYoungGen: 66912K->352K(68608K)] 421521K->354961K(605184K), 0.0038763 secs] [Times: user=0.01 sys=0.00, real=0.01 secs] 
2856.986: [GC (Allocation Failure) [PSYoungGen: 66912K->1424K(68608K)] 421521K->356049K(605184K), 0.0023281 secs] [Times: user=0.00 sys=0.00, real=0.00 secs] 
2857.631: [GC (Allocation Failure) [PSYoungGen: 67984K->1344K(68608K)] 422609K->355969K(605184K), 0.0028691 secs] [Times: user=0.01 sys=0.00, real=0.01 secs] 
2857.903: [GC (Allocation Failure) [PSYoungGen: 67904K->1344K(68608K)] 422529K->355969K(605184K), 0.0019554 secs] [Times: user=0.00 sys=0.00, real=0.00 secs] 
2858.179: [GC (Allocation Failure) [PSYoungGen: 67904K->1376K(68608K)] 422529K->356001K(605184K), 0.0018543 secs] [Times: user=0.01 sys=0.00, real=0.00 secs] 
2859.630: [GC (Allocation Failure) [PSYoungGen: 67936K->1376K(68608K)] 422561K->356001K(605184K), 0.0019431 secs] [Times: user=0.00 sys=0.00, real=0.00 secs] 
2861.117: [GC (Allocation Failure) [PSYoungGen: 67936K->1376K(68608K)] 422561K->356001K(605184K), 0.0042150 secs] [Times: user=0.02 sys=0.00, real=0.00 secs] 
2862.169: [GC (Allocation Failure) [PSYoungGen: 67936K->1376K(68608K)] 422561K->356001K(605184K), 0.0041567 secs] [Times: user=0.02 sys=0.00, real=0.01 secs] 
2862.760: [GC (Allocation Failure) [PSYoungGen: 67936K->1344K(68608K)] 422561K->355969K(605184K), 0.0033244 secs] [Times: user=0.02 sys=0.00, real=0.01 secs] 
2864.194: [GC (Allocation Failure) [PSYoungGen: 67904K->1440K(68608K)] 422529K->356065K(605184K), 0.0019769 secs] [Times: user=0.01 sys=0.00, real=0.00 secs] 
2865.030: [GC (Allocation Failure) [PSYoungGen: 68000K->1392K(68608K)] 422625K->356017K(605184K), 0.0020563 secs] [Times: user=0.01 sys=0.00, real=0.00 secs] 
2865.887: [GC (Allocation Failure) [PSYoungGen: 67952K->1376K(68608K)] 422577K->356009K(605184K), 0.0065508 secs] [Times: user=0.03 sys=0.00, real=0.01 secs] 
2866.773: [GC (Allocation Failure) [PSYoungGen: 67936K->1376K(68608K)] 422569K->356009K(605184K), 0.0026826 secs] [Times: user=0.01 sys=0.00, real=0.00 secs] 
2868.377: [GC (Allocation Failure) [PSYoungGen: 67936K->1440K(68608K)] 422569K->356073K(605184K), 0.0022683 secs] [Times: user=0.01 sys=0.00, real=0.00 secs] 
2869.243: [GC (Allocation Failure) [PSYoungGen: 68000K->1344K(68608K)] 422633K->355977K(605184K), 0.0040004 secs] [Times: user=0.01 sys=0.01, real=0.00 secs] 
2870.090: [GC (Allocation Failure) [PSYoungGen: 67904K->1376K(68608K)] 422537K->356009K(605184K), 0.0039911 secs] [Times: user=0.02 sys=0.00, real=0.01 secs] 
2870.885: [GC (Allocation Failure) [PSYoungGen: 67936K->1376K(68608K)] 422569K->356009K(605184K), 0.0027881 secs] [Times: user=0.01 sys=0.00, real=0.00 secs] 
2871.707: [GC (Allocation Failure) [PSYoungGen: 67936K->1360K(68608K)] 422569K->355993K(605184K), 0.0029354 secs] [Times: user=0.01 sys=0.00, real=0.00 secs] 
2873.247: [GC (Allocation Failure) [PSYoungGen: 67920K->1408K(68608K)] 422553K->356041K(605184K), 0.0023927 secs] [Times: user=0.01 sys=0.00, real=0.00 secs] 
2873.955: [GC (Allocation Failure) [PSYoungGen: 67968K->1360K(68608K)] 422601K->355993K(605184K), 0.0033171 secs] [Times: user=0.02 sys=0.00, real=0.00 secs] 
2874.489: [GC (Allocation Failure) [PSYoungGen: 67920K->1360K(68608K)] 422553K->355993K(605184K), 0.0025946 secs] [Times: user=0.01 sys=0.00, real=0.00 secs] 
2875.252: [GC (Allocation Failure) [PSYoungGen: 67920K->1376K(68608K)] 422553K->356009K(605184K), 0.0024896 secs] [Times: user=0.01 sys=0.00, real=0.01 secs] 
2876.672: [GC (Allocation Failure) [PSYoungGen: 67936K->1344K(68608K)] 422569K->355977K(605184K), 0.0016661 secs] [Times: user=0.01 sys=0.00, real=0.01 secs] 
2877.041: [GC (Allocation Failure) [PSYoungGen: 67904K->1344K(68096K)] 422537K->355993K(604672K), 0.0019375 secs] [Times: user=0.01 sys=0.00, real=0.00 secs] 
2877.329: [GC (Allocation Failure) [PSYoungGen: 67904K->1376K(68096K)] 422553K->356025K(604672K), 0.0020033 secs] [Times: user=0.01 sys=0.00, real=0.00 secs] 
2877.659: [GC (Allocation Failure) [PSYoungGen: 67936K->320K(67584K)] 422585K->355993K(604160K), 0.0019451 secs] [Times: user=0.01 sys=0.00, real=0.00 secs] 
2879.327: [GC (Allocation Failure) [PSYoungGen: 66880K->1408K(68608K)] 422553K->357081K(605184K), 0.0042919 secs] [Times: user=0.02 sys=0.01, real=0.00 secs] 
2880.035: [GC (Allocation Failure) [PSYoungGen: 67968K->1408K(68608K)] 423641K->357081K(605184K), 0.0040570 secs] [Times: user=0.02 sys=0.00, real=0.00 secs] 
2880.410: [GC (Allocation Failure) [PSYoungGen: 67968K->1344K(68608K)] 423641K->357017K(605184K), 0.0019543 secs] [Times: user=0.01 sys=0.00, real=0.00 secs] 
2880.704: [GC (Allocation Failure) [PSYoungGen: 67904K->1344K(68608K)] 423577K->357017K(605184K), 0.0019838 secs] [Times: user=0.01 sys=0.00, real=0.00 secs] 
2882.275: [GC (Allocation Failure) [PSYoungGen: 67904K->1408K(68608K)] 423577K->357081K(605184K), 0.0027227 secs] [Times: user=0.01 sys=0.00, real=0.00 secs] 
2883.758: [GC (Allocation Failure) [PSYoungGen: 67968K->1376K(68608K)] 423641K->357049K(605184K), 0.0040421 secs] [Times: user=0.02 sys=0.00, real=0.00 secs] 
2884.338: [GC (Allocation Failure) [PSYoungGen: 67936K->1408K(68608K)] 423609K->357081K(605184K), 0.0027732 secs] [Times: user=0.01 sys=0.00, real=0.00 secs] 
2885.044: [GC (Allocation Failure) [PSYoungGen: 67968K->1344K(68608K)] 423641K->357033K(605184K), 0.0027178 secs] [Times: user=0.01 sys=0.00, real=0.00 secs] 
2885.859: [GC (Allocation Failure) [PSYoungGen: 67904K->1344K(68608K)] 423593K->357033K(605184K), 0.0044519 secs] [Times: user=0.02 sys=0.00, real=0.01 secs] 
2887.133: [GC (Allocation Failure) [PSYoungGen: 67904K->1392K(68608K)] 423593K->357081K(605184K), 0.0017521 secs] [Times: user=0.01 sys=0.00, real=0.01 secs] 
2887.691: [GC (Allocation Failure) [PSYoungGen: 67952K->1376K(68608K)] 423641K->357065K(605184K), 0.0034374 secs] [Times: user=0.02 sys=0.00, real=0.01 secs] 
2888.216: [GC (Allocation Failure) [PSYoungGen: 67936K->1360K(68608K)] 423625K->357049K(605184K), 0.0026508 secs] [Times: user=0.01 sys=0.00, real=0.00 secs] 
2888.766: [GC (Allocation Failure) [PSYoungGen: 67920K->1344K(68608K)] 423609K->357033K(605184K), 0.0022927 secs] [Times: user=0.01 sys=0.00, real=0.00 secs] 
2890.248: [GC (Allocation Failure) [PSYoungGen: 67904K->1408K(68608K)] 423593K->357097K(605184K), 0.0022945 secs] [Times: user=0.01 sys=0.00, real=0.00 secs] 
2891.416: [GC (Allocation Failure) [PSYoungGen: 67968K->1376K(68608K)] 423657K->357065K(605184K), 0.0042352 secs] [Times: user=0.02 sys=0.00, real=0.00 secs] 
2892.647: [GC (Allocation Failure) [PSYoungGen: 67936K->1376K(68608K)] 423625K->357065K(605184K), 0.0043261 secs] [Times: user=0.02 sys=0.00, real=0.00 secs] 
2893.447: [GC (Allocation Failure) [PSYoungGen: 67936K->1376K(68096K)] 423625K->357065K(604672K), 0.0043122 secs] [Times: user=0.01 sys=0.00, real=0.00 secs] 
2895.121: [GC (Allocation Failure) [PSYoungGen: 67936K->1376K(68096K)] 423625K->357065K(604672K), 0.0020281 secs] [Times: user=0.01 sys=0.00, real=0.01 secs] 
2895.427: [GC (Allocation Failure) [PSYoungGen: 67936K->1376K(68096K)] 423625K->357065K(604672K), 0.0024088 secs] [Times: user=0.01 sys=0.00, real=0.00 secs] 
2895.929: [GC (Allocation Failure) [PSYoungGen: 67936K->1376K(68096K)] 423625K->357065K(604672K), 0.0032777 secs] [Times: user=0.01 sys=0.00, real=0.01 secs] 
2896.460: [GC (Allocation Failure) [PSYoungGen: 67936K->1344K(68096K)] 423625K->357041K(604672K), 0.0025675 secs] [Times: user=0.01 sys=0.00, real=0.00 secs] 
2897.807: [GC (Allocation Failure) [PSYoungGen: 67904K->1376K(68096K)] 423601K->357073K(604672K), 0.0021014 secs] [Times: user=0.01 sys=0.00, real=0.00 secs] 
2898.411: [GC (Allocation Failure) [PSYoungGen: 67936K->1360K(68096K)] 423633K->357057K(604672K), 0.0024702 secs] [Times: user=0.01 sys=0.00, real=0.01 secs] 
2899.052: [GC (Allocation Failure) [PSYoungGen: 67920K->1376K(68096K)] 423617K->357073K(604672K), 0.0033937 secs] [Times: user=0.02 sys=0.00, real=0.01 secs] 
2899.739: [GC (Allocation Failure) [PSYoungGen: 67936K->1344K(68096K)] 423633K->357041K(604672K), 0.0040323 secs] [Times: user=0.02 sys=0.00, real=0.01 secs] 
2900.486: [GC (Allocation Failure) [PSYoungGen: 67898K->288K(67584K)] 423595K->355993K(604160K), 0.0045455 secs] [Times: user=0.02 sys=0.00, real=0.00 secs] 
2902.068: [GC (Allocation Failure) [PSYoungGen: 66336K->1376K(68096K)] 422041K->357081K(604672K), 0.0033091 secs] [Times: user=0.01 sys=0.01, real=0.00 secs] 
2902.690: [GC (Allocation Failure) [PSYoungGen: 67424K->1376K(68096K)] 423129K->357081K(604672K), 0.0035061 secs] [Times: user=0.01 sys=0.00, real=0.01 secs] 
2903.235: [GC (Allocation Failure) [PSYoungGen: 67424K->1344K(68096K)] 423129K->357057K(604672K), 0.0027672 secs] [Times: user=0.01 sys=0.00, real=0.00 secs] 
2903.506: [GC (Allocation Failure) [PSYoungGen: 67392K->1344K(68096K)] 423105K->357057K(604672K), 0.0020095 secs] [Times: user=0.01 sys=0.00, real=0.00 secs] 
2904.627: [GC (Allocation Failure) [PSYoungGen: 67392K->1376K(68096K)] 423105K->357105K(604672K), 0.0017135 secs] [Times: user=0.01 sys=0.00, real=0.00 secs] 
2905.138: [GC (Allocation Failure) [PSYoungGen: 67424K->1344K(68096K)] 423153K->357073K(604672K), 0.0016424 secs] [Times: user=0.01 sys=0.00, real=0.00 secs] 
2905.741: [GC (Allocation Failure) [PSYoungGen: 67392K->1376K(68096K)] 423121K->357105K(604672K), 0.0020486 secs] [Times: user=0.01 sys=0.00, real=0.01 secs] 
2906.278: [GC (Allocation Failure) [PSYoungGen: 67424K->1360K(68096K)] 423153K->357089K(604672K), 0.0022247 secs] [Times: user=0.01 sys=0.00, real=0.00 secs] 
2907.523: [GC (Allocation Failure) [PSYoungGen: 67408K->1408K(68096K)] 423137K->357137K(604672K), 0.0018175 secs] [Times: user=0.01 sys=0.00, real=0.00 secs] 
2908.109: [GC (Allocation Failure) [PSYoungGen: 67456K->1344K(68096K)] 423185K->357073K(604672K), 0.0018223 secs] [Times: user=0.01 sys=0.00, real=0.00 secs] 
2908.582: [GC (Allocation Failure) [PSYoungGen: 67392K->1376K(68096K)] 423121K->357113K(604672K), 0.0018878 secs] [Times: user=0.01 sys=0.00, real=0.01 secs] 
2909.096: [GC (Allocation Failure) [PSYoungGen: 67424K->1344K(68096K)] 423161K->357081K(604672K), 0.0020036 secs] [Times: user=0.01 sys=0.00, real=0.00 secs] 
2910.524: [GC (Allocation Failure) [PSYoungGen: 67392K->1920K(68096K)] 423129K->357657K(604672K), 0.0018458 secs] [Times: user=0.01 sys=0.00, real=0.00 secs] 
2910.828: [GC (Allocation Failure) [PSYoungGen: 67968K->1392K(68096K)] 423705K->357129K(604672K), 0.0018148 secs] [Times: user=0.01 sys=0.00, real=0.00 secs] 
2911.171: [GC (Allocation Failure) [PSYoungGen: 67440K->1344K(68096K)] 423177K->357081K(604672K), 0.0019082 secs] [Times: user=0.01 sys=0.00, real=0.01 secs] 
2911.451: [GC (Allocation Failure) [PSYoungGen: 67392K->1376K(68096K)] 423129K->357113K(604672K), 0.0017996 secs] [Times: user=0.00 sys=0.00, real=0.01 secs] 
2911.730: [GC (Allocation Failure) [PSYoungGen: 67424K->1344K(68096K)] 423161K->357097K(604672K), 0.0018987 secs] [Times: user=0.00 sys=0.00, real=0.00 secs] 
2912.815: [GC (Allocation Failure) [PSYoungGen: 67392K->1408K(68096K)] 423145K->357161K(604672K), 0.0017761 secs] [Times: user=0.01 sys=0.00, real=0.00 secs] 
2913.265: [GC (Allocation Failure) [PSYoungGen: 67456K->1376K(68096K)] 423209K->357129K(604672K), 0.0020020 secs] [Times: user=0.01 sys=0.00, real=0.00 secs] 
2913.809: [GC (Allocation Failure) [PSYoungGen: 67424K->1360K(68096K)] 423177K->357113K(604672K), 0.0021779 secs] [Times: user=0.01 sys=0.00, real=0.00 secs] 
2914.382: [GC (Allocation Failure) [PSYoungGen: 67408K->1376K(68096K)] 423161K->357129K(604672K), 0.0021209 secs] [Times: user=0.01 sys=0.00, real=0.01 secs] 
2915.478: [GC (Allocation Failure) [PSYoungGen: 67424K->1408K(68096K)] 423177K->357161K(604672K), 0.0014334 secs] [Times: user=0.01 sys=0.00, real=0.00 secs] 
2915.790: [GC (Allocation Failure) [PSYoungGen: 67456K->1360K(68096K)] 423209K->357113K(604672K), 0.0017617 secs] [Times: user=0.00 sys=0.00, real=0.00 secs] 
2916.267: [GC (Allocation Failure) [PSYoungGen: 67408K->1376K(67584K)] 423161K->357129K(604160K), 0.0019545 secs] [Times: user=0.01 sys=0.00, real=0.00 secs] 
2916.939: [GC (Allocation Failure) [PSYoungGen: 67424K->1408K(67584K)] 423177K->357161K(604160K), 0.0023152 secs] [Times: user=0.01 sys=0.00, real=0.00 secs] 
2918.296: [GC (Allocation Failure) [PSYoungGen: 67456K->352K(67072K)] 423209K->357129K(603648K), 0.0017806 secs] [Times: user=0.00 sys=0.00, real=0.00 secs] 
2919.094: [GC (Allocation Failure) [PSYoungGen: 66400K->320K(68096K)] 423177K->357097K(604672K), 0.0022098 secs] [Times: user=0.01 sys=0.00, real=0.00 secs] 
2919.688: [GC (Allocation Failure) [PSYoungGen: 66368K->352K(68096K)] 423145K->357129K(604672K), 0.0040621 secs] [Times: user=0.01 sys=0.00, real=0.00 secs] 
2920.480: [GC (Allocation Failure) [PSYoungGen: 66400K->320K(68096K)] 423177K->357097K(604672K), 0.0041033 secs] [Times: user=0.02 sys=0.00, real=0.01 secs] 
2922.141: [GC (Allocation Failure) [PSYoungGen: 66368K->1376K(68096K)] 423145K->358153K(604672K), 0.0017057 secs] [Times: user=0.01 sys=0.00, real=0.00 secs] 
2923.328: [GC (Allocation Failure) [PSYoungGen: 67424K->1376K(68096K)] 424201K->358153K(604672K), 0.0032819 secs] [Times: user=0.02 sys=0.00, real=0.00 secs] 
2923.952: [GC (Allocation Failure) [PSYoungGen: 67424K->1376K(68096K)] 424201K->358153K(604672K), 0.0027849 secs] [Times: user=0.01 sys=0.00, real=0.01 secs] 
2924.666: [GC (Allocation Failure) [PSYoungGen: 67424K->1360K(68096K)] 424201K->358145K(604672K), 0.0040151 secs] [Times: user=0.01 sys=0.00, real=0.00 secs] 
2925.331: [GC (Allocation Failure) [PSYoungGen: 67408K->1360K(68096K)] 424193K->358145K(604672K), 0.0040739 secs] [Times: user=0.02 sys=0.00, real=0.01 secs] 
2926.622: [GC (Allocation Failure) [PSYoungGen: 67408K->1376K(68096K)] 424193K->358161K(604672K), 0.0018233 secs] [Times: user=0.00 sys=0.00, real=0.01 secs] 
2926.896: [GC (Allocation Failure) [PSYoungGen: 67424K->1408K(68096K)] 424209K->358193K(604672K), 0.0015668 secs] [Times: user=0.00 sys=0.00, real=0.00 secs] 
2927.170: [GC (Allocation Failure) [PSYoungGen: 67456K->1376K(68096K)] 424241K->358169K(604672K), 0.0018101 secs] [Times: user=0.01 sys=0.00, real=0.00 secs] 
2927.444: [GC (Allocation Failure) [PSYoungGen: 67424K->1408K(68096K)] 424217K->358201K(604672K), 0.0016839 secs] [Times: user=0.00 sys=0.00, real=0.00 secs] 
2928.599: [GC (Allocation Failure) [PSYoungGen: 67456K->1376K(68096K)] 424249K->358169K(604672K), 0.0017393 secs] [Times: user=0.00 sys=0.00, real=0.00 secs] 
2929.459: [GC (Allocation Failure) [PSYoungGen: 67424K->1376K(68096K)] 424217K->358169K(604672K), 0.0022622 secs] [Times: user=0.01 sys=0.00, real=0.00 secs] 
2930.375: [GC (Allocation Failure) [PSYoungGen: 67424K->1376K(68096K)] 424217K->358169K(604672K), 0.0043178 secs] [Times: user=0.01 sys=0.00, real=0.00 secs] 
2931.374: [GC (Allocation Failure) [PSYoungGen: 67424K->1376K(68096K)] 424217K->358169K(604672K), 0.0039898 secs] [Times: user=0.02 sys=0.00, real=0.00 secs] 
2932.860: [GC (Allocation Failure) [PSYoungGen: 67424K->1408K(68096K)] 424217K->358201K(604672K), 0.0018165 secs] [Times: user=0.01 sys=0.00, real=0.00 secs] 
2933.542: [GC (Allocation Failure) [PSYoungGen: 67456K->1376K(68096K)] 424249K->358169K(604672K), 0.0017466 secs] [Times: user=0.01 sys=0.00, real=0.01 secs] 
2934.115: [GC (Allocation Failure) [PSYoungGen: 67424K->1376K(68096K)] 424217K->358169K(604672K), 0.0019013 secs] [Times: user=0.01 sys=0.00, real=0.00 secs] 
2934.546: [GC (Allocation Failure) [PSYoungGen: 67424K->1376K(68096K)] 424217K->358185K(604672K), 0.0019840 secs] [Times: user=0.01 sys=0.00, real=0.00 secs] 
2935.172: [GC (Allocation Failure) [PSYoungGen: 67424K->1344K(68096K)] 424233K->358153K(604672K), 0.0021817 secs] [Times: user=0.01 sys=0.00, real=0.01 secs] 
2936.193: [GC (Allocation Failure) [PSYoungGen: 67392K->1440K(68096K)] 424201K->358249K(604672K), 0.0014991 secs] [Times: user=0.00 sys=0.00, real=0.00 secs] 
2936.511: [GC (Allocation Failure) [PSYoungGen: 67488K->1376K(68096K)] 424297K->358185K(604672K), 0.0015869 secs] [Times: user=0.01 sys=0.00, real=0.00 secs] 
2936.894: [GC (Allocation Failure) [PSYoungGen: 67424K->1376K(68096K)] 424233K->358185K(604672K), 0.0022791 secs] [Times: user=0.01 sys=0.00, real=0.00 secs] 
2937.368: [GC (Allocation Failure) [PSYoungGen: 67424K->1376K(68096K)] 424233K->358185K(604672K), 0.0025194 secs] [Times: user=0.01 sys=0.00, real=0.00 secs] 
2939.176: [GC (Allocation Failure) [PSYoungGen: 67424K->1408K(68096K)] 424233K->358217K(604672K), 0.0039588 secs] [Times: user=0.02 sys=0.00, real=0.00 secs] 
2939.782: [GC (Allocation Failure) [PSYoungGen: 67456K->1376K(68096K)] 424265K->358185K(604672K), 0.0034245 secs] [Times: user=0.01 sys=0.00, real=0.01 secs] 
2940.611: [GC (Allocation Failure) [PSYoungGen: 67424K->1376K(68096K)] 424233K->358185K(604672K), 0.0034169 secs] [Times: user=0.02 sys=0.00, real=0.01 secs] 
2941.363: [GC (Allocation Failure) [PSYoungGen: 67424K->1376K(68096K)] 424233K->358185K(604672K), 0.0033739 secs] [Times: user=0.02 sys=0.01, real=0.00 secs] 
2942.613: [GC (Allocation Failure) [PSYoungGen: 67424K->1376K(68096K)] 424233K->358185K(604672K), 0.0017890 secs] [Times: user=0.01 sys=0.00, real=0.00 secs] 
2942.931: [GC (Allocation Failure) [PSYoungGen: 67424K->1344K(68096K)] 424233K->358153K(604672K), 0.0018258 secs] [Times: user=0.01 sys=0.00, real=0.00 secs] 
2943.211: [GC (Allocation Failure) [PSYoungGen: 67392K->1376K(68096K)] 424201K->358201K(604672K), 0.0019070 secs] [Times: user=0.01 sys=0.00, real=0.01 secs] 
2943.630: [GC (Allocation Failure) [PSYoungGen: 67424K->1344K(67584K)] 424249K->358169K(604160K), 0.0021026 secs] [Times: user=0.01 sys=0.00, real=0.00 secs] 
2944.991: [GC (Allocation Failure) [PSYoungGen: 67392K->1408K(67584K)] 424217K->358489K(604160K), 0.0017634 secs] [Times: user=0.01 sys=0.00, real=0.01 secs] 
2945.317: [GC (Allocation Failure) [PSYoungGen: 67456K->1344K(67584K)] 424537K->358425K(604160K), 0.0017659 secs] [Times: user=0.01 sys=0.00, real=0.00 secs] 
2945.801: [GC (Allocation Failure) [PSYoungGen: 67392K->1376K(67584K)] 424473K->358457K(604160K), 0.0018706 secs] [Times: user=0.01 sys=0.00, real=0.01 secs] 
2946.313: [GC (Allocation Failure) [PSYoungGen: 67424K->1376K(67584K)] 424505K->358457K(604160K), 0.0022004 secs] [Times: user=0.01 sys=0.00, real=0.00 secs] 
2946.823: [GC (Allocation Failure) [PSYoungGen: 67424K->1344K(67584K)] 424505K->358425K(604160K), 0.0026470 secs] [Times: user=0.02 sys=0.00, real=0.01 secs] 
2948.262: [GC (Allocation Failure) [PSYoungGen: 67392K->1408K(67584K)] 424473K->358489K(604160K), 0.0016164 secs] [Times: user=0.01 sys=0.00, real=0.01 secs] 
2949.249: [GC (Allocation Failure) [PSYoungGen: 67456K->1344K(67584K)] 424537K->358425K(604160K), 0.0023413 secs] [Times: user=0.01 sys=0.00, real=0.00 secs] 
2950.051: [GC (Allocation Failure) [PSYoungGen: 67392K->1376K(67584K)] 424473K->358457K(604160K), 0.0042683 secs] [Times: user=0.01 sys=0.00, real=0.01 secs] 
2950.730: [GC (Allocation Failure) [PSYoungGen: 67424K->1376K(67584K)] 424505K->358457K(604160K), 0.0032499 secs] [Times: user=0.02 sys=0.00, real=0.01 secs] 
2951.990: [GC (Allocation Failure) [PSYoungGen: 67424K->1408K(67584K)] 424505K->358489K(604160K), 0.0017178 secs] [Times: user=0.01 sys=0.00, real=0.00 secs] 
2952.539: [GC (Allocation Failure) [PSYoungGen: 67456K->1376K(67584K)] 424537K->358457K(604160K), 0.0019808 secs] [Times: user=0.01 sys=0.00, real=0.00 secs] 
2953.363: [GC (Allocation Failure) [PSYoungGen: 67424K->1376K(67584K)] 424505K->358465K(604160K), 0.0035393 secs] [Times: user=0.01 sys=0.00, real=0.00 secs] 
2954.226: [GC (Allocation Failure) [PSYoungGen: 67424K->1376K(67584K)] 424513K->358465K(604160K), 0.0045574 secs] [Times: user=0.02 sys=0.00, real=0.00 secs] 
2955.804: [GC (Allocation Failure) [PSYoungGen: 67424K->1392K(67584K)] 424513K->358481K(604160K), 0.0019551 secs] [Times: user=0.01 sys=0.00, real=0.00 secs] 
2956.079: [GC (Allocation Failure) [PSYoungGen: 67440K->1376K(67584K)] 424529K->358465K(604160K), 0.0020725 secs] [Times: user=0.01 sys=0.00, real=0.00 secs] 
2956.583: [GC (Allocation Failure) [PSYoungGen: 67424K->1344K(67584K)] 424513K->358433K(604160K), 0.0019220 secs] [Times: user=0.00 sys=0.00, real=0.00 secs] 
2957.155: [GC (Allocation Failure) [PSYoungGen: 67392K->1376K(67584K)] 424481K->358465K(604160K), 0.0041008 secs] [Times: user=0.02 sys=0.00, real=0.00 secs] 
2957.849: [GC (Allocation Failure) [PSYoungGen: 67424K->1376K(67584K)] 424513K->358465K(604160K), 0.0034051 secs] [Times: user=0.01 sys=0.00, real=0.00 secs] 
2961.114: [GC (Allocation Failure) [PSYoungGen: 67424K->1440K(67584K)] 424513K->358537K(604160K), 0.0041440 secs] [Times: user=0.02 sys=0.00, real=0.00 secs] 
2961.850: [GC (Allocation Failure) [PSYoungGen: 67488K->1440K(67584K)] 424585K->358537K(604160K), 0.0036179 secs] [Times: user=0.02 sys=0.00, real=0.01 secs] 
2962.452: [GC (Allocation Failure) [PSYoungGen: 67488K->1408K(67584K)] 424585K->358505K(604160K), 0.0028455 secs] [Times: user=0.01 sys=0.00, real=0.01 secs] 
2962.980: [GC (Allocation Failure) [PSYoungGen: 67456K->1376K(67584K)] 424553K->358473K(604160K), 0.0027207 secs] [Times: user=0.01 sys=0.00, real=0.01 secs] 
2964.032: [GC (Allocation Failure) [PSYoungGen: 67424K->1440K(67584K)] 424521K->358537K(604160K), 0.0018191 secs] [Times: user=0.01 sys=0.00, real=0.01 secs] 
2964.313: [GC (Allocation Failure) [PSYoungGen: 67488K->1408K(67584K)] 424585K->358505K(604160K), 0.0018166 secs] [Times: user=0.01 sys=0.00, real=0.00 secs] 
2964.666: [GC (Allocation Failure) [PSYoungGen: 67456K->1376K(67584K)] 424553K->358473K(604160K), 0.0016531 secs] [Times: user=0.01 sys=0.00, real=0.00 secs] 
2965.024: [GC (Allocation Failure) [PSYoungGen: 67424K->1408K(67584K)] 424521K->358521K(604160K), 0.0018622 secs] [Times: user=0.01 sys=0.00, real=0.00 secs] 
2966.673: [GC (Allocation Failure) [PSYoungGen: 67456K->1440K(67584K)] 424569K->358553K(604160K), 0.0021241 secs] [Times: user=0.01 sys=0.00, real=0.00 secs] 
2967.313: [GC (Allocation Failure) [PSYoungGen: 67488K->1408K(67584K)] 424601K->358521K(604160K), 0.0041311 secs] [Times: user=0.02 sys=0.00, real=0.00 secs] 
2968.002: [GC (Allocation Failure) [PSYoungGen: 67456K->1392K(67584K)] 424569K->358513K(604160K), 0.0037561 secs] [Times: user=0.01 sys=0.00, real=0.01 secs] 
2968.971: [GC (Allocation Failure) [PSYoungGen: 67440K->1376K(67584K)] 424561K->358497K(604160K), 0.0039319 secs] [Times: user=0.02 sys=0.00, real=0.01 secs] 
2970.984: [GC (Allocation Failure) [PSYoungGen: 67424K->928K(67584K)] 424545K->359073K(604160K), 0.0020173 secs] [Times: user=0.01 sys=0.00, real=0.00 secs] 
2971.773: [GC (Allocation Failure) [PSYoungGen: 66976K->368K(67584K)] 425121K->358513K(604160K), 0.0023576 secs] [Times: user=0.01 sys=0.00, real=0.00 secs] 
2972.049: [GC (Allocation Failure) [PSYoungGen: 66416K->384K(68096K)] 424561K->358529K(604672K), 0.0021645 secs] [Times: user=0.01 sys=0.00, real=0.00 secs] 
2972.416: [GC (Allocation Failure) [PSYoungGen: 66432K->304K(68096K)] 424577K->358465K(604672K), 0.0021210 secs] [Times: user=0.01 sys=0.00, real=0.00 secs] 
2972.932: [GC (Allocation Failure) [PSYoungGen: 66352K->320K(68096K)] 424513K->358481K(604672K), 0.0020445 secs] [Times: user=0.01 sys=0.00, real=0.01 secs] 
2974.110: [GC (Allocation Failure) [PSYoungGen: 66368K->1440K(68096K)] 424529K->359609K(604672K), 0.0022825 secs] [Times: user=0.01 sys=0.00, real=0.00 secs] 
2974.424: [GC (Allocation Failure) [PSYoungGen: 67488K->1408K(68096K)] 425657K->359577K(604672K), 0.0021263 secs] [Times: user=0.01 sys=0.00, real=0.00 secs] 
2974.729: [GC (Allocation Failure) [PSYoungGen: 67456K->1408K(68096K)] 425625K->359585K(604672K), 0.0019839 secs] [Times: user=0.01 sys=0.00, real=0.00 secs] 
2975.046: [GC (Allocation Failure) [PSYoungGen: 67456K->1408K(68608K)] 425633K->359585K(605184K), 0.0020620 secs] [Times: user=0.00 sys=0.00, real=0.00 secs] 
2977.296: [GC (Allocation Failure) [PSYoungGen: 67456K->1408K(68608K)] 425633K->359585K(605184K), 0.0043347 secs] [Times: user=0.02 sys=0.00, real=0.00 secs] 
2978.182: [GC (Allocation Failure) [PSYoungGen: 67456K->1376K(68608K)] 425633K->359553K(605184K), 0.0040784 secs] [Times: user=0.02 sys=0.00, real=0.01 secs] 
2979.089: [GC (Allocation Failure) [PSYoungGen: 67424K->1360K(67584K)] 425601K->359537K(604160K), 0.0040787 secs] [Times: user=0.02 sys=0.00, real=0.01 secs] 
2979.839: [GC (Allocation Failure) [PSYoungGen: 67408K->1376K(68096K)] 425585K->359553K(604672K), 0.0033174 secs] [Times: user=0.01 sys=0.00, real=0.00 secs] 
2981.279: [GC (Allocation Failure) [PSYoungGen: 67424K->1376K(68096K)] 425601K->359553K(604672K), 0.0017298 secs] [Times: user=0.01 sys=0.00, real=0.00 secs] 
2981.855: [GC (Allocation Failure) [PSYoungGen: 67424K->1376K(68096K)] 425601K->359553K(604672K), 0.0018097 secs] [Times: user=0.01 sys=0.00, real=0.00 secs] 
2982.400: [GC (Allocation Failure) [PSYoungGen: 67424K->1376K(68096K)] 425601K->359553K(604672K), 0.0018233 secs] [Times: user=0.01 sys=0.00, real=0.00 secs] 
2982.825: [GC (Allocation Failure) [PSYoungGen: 67424K->1376K(68096K)] 425601K->359553K(604672K), 0.0019615 secs] [Times: user=0.01 sys=0.00, real=0.00 secs] 
2983.527: [GC (Allocation Failure) [PSYoungGen: 67424K->1373K(68096K)] 425601K->359550K(604672K), 0.0015274 secs] [Times: user=0.01 sys=0.00, real=0.00 secs] 
2984.616: [GC (Allocation Failure) [PSYoungGen: 67421K->1408K(68096K)] 425598K->359601K(604672K), 0.0023476 secs] [Times: user=0.01 sys=0.00, real=0.00 secs] 
2984.918: [GC (Allocation Failure) [PSYoungGen: 67456K->1344K(68096K)] 425649K->359537K(604672K), 0.0020385 secs] [Times: user=0.01 sys=0.00, real=0.00 secs] 
2985.193: [GC (Allocation Failure) [PSYoungGen: 67392K->1408K(68096K)] 425585K->359601K(604672K), 0.0019951 secs] [Times: user=0.01 sys=0.00, real=0.00 secs] 
2985.519: [GC (Allocation Failure) [PSYoungGen: 67456K->1376K(68096K)] 425649K->359569K(604672K), 0.0019957 secs] [Times: user=0.01 sys=0.00, real=0.00 secs] 
2986.728: [GC (Allocation Failure) [PSYoungGen: 67424K->1376K(68096K)] 425617K->359569K(604672K), 0.0018194 secs] [Times: user=0.01 sys=0.00, real=0.00 secs] 
2987.003: [GC (Allocation Failure) [PSYoungGen: 67424K->1376K(68096K)] 425617K->359569K(604672K), 0.0019288 secs] [Times: user=0.00 sys=0.00, real=0.01 secs] 
2987.277: [GC (Allocation Failure) [PSYoungGen: 67424K->1408K(68096K)] 425617K->359601K(604672K), 0.0022817 secs] [Times: user=0.01 sys=0.00, real=0.00 secs] 
2987.552: [GC (Allocation Failure) [PSYoungGen: 67456K->1360K(68096K)] 425649K->359553K(604672K), 0.0019037 secs] [Times: user=0.00 sys=0.00, real=0.01 secs] 
2988.530: [GC (Allocation Failure) [PSYoungGen: 67408K->1376K(68096K)] 425601K->359569K(604672K), 0.0018066 secs] [Times: user=0.01 sys=0.00, real=0.00 secs] 
2988.804: [GC (Allocation Failure) [PSYoungGen: 67424K->1376K(68096K)] 425617K->359569K(604672K), 0.0016219 secs] [Times: user=0.01 sys=0.00, real=0.00 secs] 
2989.079: [GC (Allocation Failure) [PSYoungGen: 67424K->1328K(68096K)] 425617K->359521K(604672K), 0.0017445 secs] [Times: user=0.01 sys=0.00, real=0.00 secs] 
2989.483: [GC (Allocation Failure) [PSYoungGen: 67376K->1376K(68096K)] 425569K->359569K(604672K), 0.0026943 secs] [Times: user=0.01 sys=0.00, real=0.00 secs] 
2990.966: [GC (Allocation Failure) [PSYoungGen: 67424K->1392K(68096K)] 425617K->359601K(604672K), 0.0027994 secs] [Times: user=0.01 sys=0.00, real=0.00 secs] 
2991.877: [GC (Allocation Failure) [PSYoungGen: 67440K->1376K(68096K)] 425649K->359585K(604672K), 0.0032067 secs] [Times: user=0.01 sys=0.00, real=0.00 secs] 
2992.450: [GC (Allocation Failure) [PSYoungGen: 67424K->1376K(68096K)] 425633K->359585K(604672K), 0.0027493 secs] [Times: user=0.01 sys=0.00, real=0.01 secs] 
2993.087: [GC (Allocation Failure) [PSYoungGen: 67424K->1344K(68096K)] 425633K->359553K(604672K), 0.0025763 secs] [Times: user=0.01 sys=0.00, real=0.00 secs] 
2993.421: [GC (Allocation Failure) [PSYoungGen: 67392K->1312K(68096K)] 425601K->359521K(604672K), 0.0019934 secs] [Times: user=0.01 sys=0.00, real=0.01 secs] 
2995.169: [GC (Allocation Failure) [PSYoungGen: 67360K->1376K(67584K)] 425569K->359585K(604160K), 0.0027113 secs] [Times: user=0.01 sys=0.00, real=0.00 secs] 
2996.307: [GC (Allocation Failure) [PSYoungGen: 67424K->1376K(67584K)] 425633K->359585K(604160K), 0.0024080 secs] [Times: user=0.01 sys=0.00, real=0.00 secs] 
2997.016: [GC (Allocation Failure) [PSYoungGen: 67424K->1376K(67584K)] 425633K->359585K(604160K), 0.0028240 secs] [Times: user=0.01 sys=0.00, real=0.00 secs] 
2997.582: [GC (Allocation Failure) [PSYoungGen: 67424K->1376K(67584K)] 425633K->359585K(604160K), 0.0022611 secs] [Times: user=0.00 sys=0.00, real=0.01 secs] 
2999.279: [GC (Allocation Failure) [PSYoungGen: 67424K->1408K(67584K)] 425633K->359617K(604160K), 0.0022058 secs] [Times: user=0.01 sys=0.00, real=0.00 secs] 
3000.668: [GC (Allocation Failure) [PSYoungGen: 67456K->1376K(67584K)] 425665K->359585K(604160K), 0.0043840 secs] [Times: user=0.02 sys=0.00, real=0.00 secs] 
3001.431: [GC (Allocation Failure) [PSYoungGen: 67424K->1344K(67584K)] 425633K->359553K(604160K), 0.0032670 secs] [Times: user=0.01 sys=0.00, real=0.01 secs] 
3002.040: [GC (Allocation Failure) [PSYoungGen: 67392K->1376K(67584K)] 425601K->359585K(604160K), 0.0031776 secs] [Times: user=0.02 sys=0.00, real=0.01 secs] 
3003.429: [GC (Allocation Failure) [PSYoungGen: 67424K->1408K(67584K)] 425633K->359617K(604160K), 0.0017563 secs] [Times: user=0.01 sys=0.00, real=0.00 secs] 
3004.132: [GC (Allocation Failure) [PSYoungGen: 67456K->1376K(67584K)] 425665K->359585K(604160K), 0.0018758 secs] [Times: user=0.01 sys=0.00, real=0.01 secs] 
3004.688: [GC (Allocation Failure) [PSYoungGen: 67424K->1376K(67584K)] 425633K->359585K(604160K), 0.0022444 secs] [Times: user=0.01 sys=0.00, real=0.00 secs] 
3005.214: [GC (Allocation Failure) [PSYoungGen: 67424K->1376K(67584K)] 425633K->359585K(604160K), 0.0021798 secs] [Times: user=0.01 sys=0.00, real=0.00 secs] 
3006.299: [GC (Allocation Failure) [PSYoungGen: 67424K->1456K(67584K)] 425633K->359673K(604160K), 0.0017539 secs] [Times: user=0.01 sys=0.00, real=0.00 secs] 
3006.569: [GC (Allocation Failure) [PSYoungGen: 67504K->1344K(67584K)] 425721K->359561K(604160K), 0.0018076 secs] [Times: user=0.01 sys=0.00, real=0.00 secs] 
3006.844: [GC (Allocation Failure) [PSYoungGen: 67392K->1376K(67584K)] 425609K->359593K(604160K), 0.0018171 secs] [Times: user=0.01 sys=0.00, real=0.00 secs] 
3007.157: [GC (Allocation Failure) [PSYoungGen: 67424K->1344K(67584K)] 425641K->359569K(604160K), 0.0018532 secs] [Times: user=0.01 sys=0.00, real=0.00 secs] 
3007.534: [GC (Allocation Failure) [PSYoungGen: 67392K->1376K(67584K)] 425617K->359601K(604160K), 0.0017274 secs] [Times: user=0.01 sys=0.00, real=0.00 secs] 
3009.060: [GC (Allocation Failure) [PSYoungGen: 67424K->1376K(67584K)] 425649K->359601K(604160K), 0.0028333 secs] [Times: user=0.01 sys=0.00, real=0.01 secs] 
3009.760: [GC (Allocation Failure) [PSYoungGen: 67424K->1344K(67584K)] 425649K->359569K(604160K), 0.0023638 secs] [Times: user=0.01 sys=0.00, real=0.01 secs] 
3010.339: [GC (Allocation Failure) [PSYoungGen: 67392K->1376K(67584K)] 425617K->359601K(604160K), 0.0023075 secs] [Times: user=0.01 sys=0.00, real=0.00 secs] 
3011.099: [GC (Allocation Failure) [PSYoungGen: 67424K->1376K(67584K)] 425649K->359601K(604160K), 0.0022313 secs] [Times: user=0.01 sys=0.00, real=0.00 secs] 
3012.476: [GC (Allocation Failure) [PSYoungGen: 67424K->1376K(67584K)] 425649K->359601K(604160K), 0.0019022 secs] [Times: user=0.00 sys=0.00, real=0.00 secs] 
3013.267: [GC (Allocation Failure) [PSYoungGen: 67424K->1344K(67584K)] 425649K->359569K(604160K), 0.0019040 secs] [Times: user=0.01 sys=0.00, real=0.00 secs] 
3013.798: [GC (Allocation Failure) [PSYoungGen: 67392K->1312K(67584K)] 425617K->359553K(604160K), 0.0018612 secs] [Times: user=0.01 sys=0.00, real=0.00 secs] 
3014.358: [GC (Allocation Failure) [PSYoungGen: 67360K->1344K(67584K)] 425601K->359585K(604160K), 0.0022037 secs] [Times: user=0.01 sys=0.00, real=0.00 secs] 
3015.603: [GC (Allocation Failure) [PSYoungGen: 67392K->1408K(67584K)] 425633K->359649K(604160K), 0.0022552 secs] [Times: user=0.01 sys=0.00, real=0.00 secs] 
3016.742: [GC (Allocation Failure) [PSYoungGen: 67456K->1376K(67584K)] 425697K->359617K(604160K), 0.0022050 secs] [Times: user=0.01 sys=0.00, real=0.01 secs] 
3017.017: [GC (Allocation Failure) [PSYoungGen: 67424K->1392K(67584K)] 425665K->359633K(604160K), 0.0021343 secs] [Times: user=0.01 sys=0.00, real=0.00 secs] 
3017.433: [GC (Allocation Failure) [PSYoungGen: 67440K->1360K(67584K)] 425681K->359601K(604160K), 0.0020037 secs] [Times: user=0.00 sys=0.00, real=0.00 secs] 
3017.979: [GC (Allocation Failure) [PSYoungGen: 67408K->1360K(67584K)] 425649K->359601K(604160K), 0.0022002 secs] [Times: user=0.01 sys=0.00, real=0.00 secs] 
3019.156: [GC (Allocation Failure) [PSYoungGen: 67408K->1408K(67584K)] 425649K->359649K(604160K), 0.0016688 secs] [Times: user=0.01 sys=0.00, real=0.00 secs] 
3019.581: [GC (Allocation Failure) [PSYoungGen: 67456K->1376K(67584K)] 425697K->359633K(604160K), 0.0023612 secs] [Times: user=0.01 sys=0.00, real=0.01 secs] 
3020.022: [GC (Allocation Failure) [PSYoungGen: 67424K->1344K(67584K)] 425681K->359601K(604160K), 0.0027182 secs] [Times: user=0.01 sys=0.00, real=0.01 secs] 
3020.520: [GC (Allocation Failure) [PSYoungGen: 67392K->1376K(67584K)] 425649K->359649K(604160K), 0.0023970 secs] [Times: user=0.00 sys=0.00, real=0.00 secs] 
3021.726: [GC (Allocation Failure) [PSYoungGen: 67424K->1408K(67584K)] 425697K->359681K(604160K), 0.0019024 secs] [Times: user=0.01 sys=0.00, real=0.00 secs] 
3022.000: [GC (Allocation Failure) [PSYoungGen: 67456K->1312K(67584K)] 425729K->359585K(604160K), 0.0017357 secs] [Times: user=0.00 sys=0.00, real=0.00 secs] 
3022.275: [GC (Allocation Failure) [PSYoungGen: 67360K->1344K(67584K)] 425633K->359641K(604160K), 0.0019731 secs] [Times: user=0.01 sys=0.00, real=0.00 secs] 
3022.588: [GC (Allocation Failure) [PSYoungGen: 67392K->1392K(67584K)] 425689K->359697K(604160K), 0.0023189 secs] [Times: user=0.01 sys=0.00, real=0.00 secs] 
3025.547: [GC (Allocation Failure) [PSYoungGen: 67440K->1504K(67584K)] 425745K->359853K(604160K), 0.0030313 secs] [Times: user=0.02 sys=0.00, real=0.00 secs] 
3026.412: [GC (Allocation Failure) [PSYoungGen: 67552K->1504K(65536K)] 425901K->365223K(602112K), 0.0094836 secs] [Times: user=0.05 sys=0.00, real=0.01 secs] 
3030.950: [GC (Allocation Failure) [PSYoungGen: 65504K->3552K(67584K)] 429223K->383575K(604160K), 0.0282354 secs] [Times: user=0.15 sys=0.00, real=0.03 secs] 
3036.053: [GC (Allocation Failure) [PSYoungGen: 67552K->10208K(59392K)] 447575K->425887K(595968K), 0.0344652 secs] [Times: user=0.19 sys=0.00, real=0.03 secs] 
3036.181: [GC (Allocation Failure) [PSYoungGen: 51627K->25056K(74240K)] 467306K->458215K(610816K), 0.0164824 secs] [Times: user=0.10 sys=0.01, real=0.02 secs] 
3039.351: [GC (Allocation Failure) [PSYoungGen: 74208K->36320K(79360K)] 507367K->491119K(615936K), 0.0450590 secs] [Times: user=0.22 sys=0.04, real=0.05 secs] 
3039.535: [GC (Allocation Failure) [PSYoungGen: 79328K->51168K(94208K)] 534127K->524991K(630784K), 0.0247328 secs] [Times: user=0.14 sys=0.01, real=0.02 secs] 
3040.509: [GC (Allocation Failure) [PSYoungGen: 83022K->67552K(102912K)] 556846K->549431K(639488K), 0.0428138 secs] [Times: user=0.22 sys=0.02, real=0.04 secs] 
3040.599: [GC (Allocation Failure) [PSYoungGen: 102880K->82912K(118272K)] 584759K->586750K(654848K), 0.0367068 secs] [Times: user=0.21 sys=0.00, real=0.04 secs] 
3040.636: [Full GC (Ergonomics) [PSYoungGen: 82912K->0K(118272K)] [ParOldGen: 503838K->220415K(681472K)] 586750K->220415K(799744K), [Metaspace: 59835K->59746K(1105920K)], 0.5386940 secs] [Times: user=2.54 sys=0.00, real=0.54 secs] 
3045.412: [GC (Allocation Failure) [PSYoungGen: 35328K->21664K(138752K)] 255743K->242079K(820224K), 0.0842656 secs] [Times: user=0.50 sys=0.00, real=0.09 secs] 
3046.495: [GC (Allocation Failure) [PSYoungGen: 64160K->35544K(143872K)] 284575K->255959K(825344K), 0.0489168 secs] [Times: user=0.29 sys=0.00, real=0.05 secs] 
3046.628: [GC (Allocation Failure) [PSYoungGen: 78040K->35424K(136704K)] 298455K->255839K(818176K), 0.0415002 secs] [Times: user=0.25 sys=0.00, real=0.04 secs] 
3046.756: [GC (Allocation Failure) [PSYoungGen: 86624K->23040K(141312K)] 307039K->265143K(822784K), 0.0478535 secs] [Times: user=0.28 sys=0.00, real=0.05 secs] 
3046.868: [GC (Allocation Failure) [PSYoungGen: 74240K->42816K(144384K)] 316343K->298783K(825856K), 0.0229062 secs] [Times: user=0.13 sys=0.00, real=0.02 secs] 
3047.013: [GC (Allocation Failure) [PSYoungGen: 104256K->45824K(145920K)] 360223K->342266K(827392K), 0.0217286 secs] [Times: user=0.13 sys=0.00, real=0.02 secs] 
3047.628: [GC (Allocation Failure) [PSYoungGen: 107264K->46944K(155648K)] 403706K->385026K(837120K), 0.0300600 secs] [Times: user=0.15 sys=0.02, real=0.03 secs] 
3051.075: [GC (Allocation Failure) [PSYoungGen: 120160K->53760K(156672K)] 458242K->438770K(838144K), 0.0987492 secs] [Times: user=0.58 sys=0.00, real=0.10 secs] 
3051.314: [GC (Allocation Failure) [PSYoungGen: 126976K->58112K(170496K)] 511986K->496930K(851968K), 0.0531725 secs] [Times: user=0.31 sys=0.01, real=0.05 secs] 
3052.237: [GC (Allocation Failure) [PSYoungGen: 143104K->6816K(173056K)] 581922K->503802K(854528K), 0.0296394 secs] [Times: user=0.18 sys=0.00, real=0.03 secs] 
3052.406: [GC (Allocation Failure) [PSYoungGen: 91808K->35872K(180736K)] 588794K->539642K(862208K), 0.0132836 secs] [Times: user=0.07 sys=0.00, real=0.01 secs] 
3052.811: [GC (Allocation Failure) [PSYoungGen: 137760K->66048K(185856K)] 641530K->601999K(867328K), 0.0252881 secs] [Times: user=0.14 sys=0.01, real=0.03 secs] 
3052.987: [GC (Allocation Failure) [PSYoungGen: 167936K->80128K(201216K)] 703887K->680651K(882688K), 0.0650115 secs] [Times: user=0.23 sys=0.16, real=0.06 secs] 
3053.052: [Full GC (Ergonomics) [PSYoungGen: 80128K->0K(201216K)] [ParOldGen: 600523K->193196K(720896K)] 680651K->193196K(922112K), [Metaspace: 59970K->59970K(1105920K)], 0.4577980 secs] [Times: user=2.14 sys=0.01, real=0.46 secs] 
3054.377: [GC (Allocation Failure) [PSYoungGen: 111104K->70240K(211456K)] 304300K->263444K(932352K), 0.0293580 secs] [Times: user=0.17 sys=0.00, real=0.03 secs] 
3054.606: [GC (Allocation Failure) [PSYoungGen: 181344K->15648K(235008K)] 374548K->279152K(955904K), 0.0327885 secs] [Times: user=0.19 sys=0.01, real=0.03 secs] 
3054.792: [GC (Allocation Failure) [PSYoungGen: 147232K->87392K(235520K)] 410736K->363469K(956416K), 0.0218271 secs] [Times: user=0.12 sys=0.00, real=0.03 secs] 
3055.288: [GC (Allocation Failure) [PSYoungGen: 218976K->104288K(255488K)] 495053K->458517K(976384K), 0.1103532 secs] [Times: user=0.48 sys=0.16, real=0.11 secs] 
3058.621: [GC (Allocation Failure) [PSYoungGen: 245600K->44832K(269824K)] 599829K->503469K(990720K), 0.0479988 secs] [Times: user=0.28 sys=0.00, real=0.05 secs] 
3059.458: [GC (Allocation Failure) [PSYoungGen: 186144K->77344K(287232K)] 644781K->580570K(1008128K), 0.0765885 secs] [Times: user=0.45 sys=0.00, real=0.08 secs] 
3059.767: [GC (Allocation Failure) [PSYoungGen: 242208K->123936K(289280K)] 745434K->699038K(1010176K), 0.0481676 secs] [Times: user=0.28 sys=0.00, real=0.05 secs] 
3060.845: [GC (Allocation Failure) [PSYoungGen: 288800K->45152K(326656K)] 863902K->744362K(1047552K), 0.0605794 secs] [Times: user=0.33 sys=0.03, real=0.06 secs] 
3060.906: [Full GC (Ergonomics) [PSYoungGen: 45152K->0K(326656K)] [ParOldGen: 699210K->20890K(621568K)] 744362K->20890K(948224K), [Metaspace: 59979K->59979K(1105920K)], 0.0313884 secs] [Times: user=0.08 sys=0.00, real=0.03 secs] 
3061.210: [GC (Allocation Failure) [PSYoungGen: 194560K->137696K(332288K)] 215450K->172970K(953856K), 0.0274288 secs] [Times: user=0.16 sys=0.00, real=0.03 secs] 
3065.982: [GC (Allocation Failure) [PSYoungGen: 332256K->117856K(385536K)] 367530K->258002K(1007104K), 0.0867754 secs] [Times: user=0.38 sys=0.13, real=0.09 secs] 
3069.239: [GC (Allocation Failure) [PSYoungGen: 339040K->93312K(393728K)] 479186K->351442K(1015296K), 0.0707082 secs] [Times: user=0.41 sys=0.00, real=0.07 secs] 
3070.423: [GC (Allocation Failure) [PSYoungGen: 314496K->151264K(410624K)] 572626K->496015K(1032192K), 0.0723872 secs] [Times: user=0.37 sys=0.07, real=0.07 secs] 
3070.834: [GC (Allocation Failure) [PSYoungGen: 391904K->102144K(429056K)] 736655K->597967K(1050624K), 0.0631703 secs] [Times: user=0.35 sys=0.00, real=0.06 secs] 
3070.897: [Full GC (Ergonomics) [PSYoungGen: 102144K->0K(429056K)] [ParOldGen: 495823K->119748K(786432K)] 597967K->119748K(1215488K), [Metaspace: 59987K->59987K(1105920K)], 0.2515747 secs] [Times: user=1.03 sys=0.01, real=0.25 secs] 
3072.951: [GC (Allocation Failure) [PSYoungGen: 240640K->145888K(455680K)] 360388K->265636K(1242112K), 0.0656602 secs] [Times: user=0.32 sys=0.08, real=0.07 secs] 
3075.990: [GC (Allocation Failure) [PSYoungGen: 416736K->145376K(467968K)] 536484K->411352K(1254400K), 0.1452455 secs] [Times: user=0.85 sys=0.01, real=0.15 secs] 
3077.814: [GC (Allocation Failure) [PSYoungGen: 416224K->16192K(486912K)] 682200K->282192K(1273344K), 0.0060655 secs] [Times: user=0.03 sys=0.00, real=0.00 secs] 
3079.462: [GC (Allocation Failure) [PSYoungGen: 296256K->197312K(477696K)] 562256K->475985K(1264128K), 0.1046805 secs] [Times: user=0.62 sys=0.01, real=0.11 secs] 
3082.949: [GC (Allocation Failure) [PSYoungGen: 477376K->117728K(459264K)] 756049K->593757K(1245696K), 0.0999585 secs] [Times: user=0.60 sys=0.00, real=0.10 secs] 
3085.106: [GC (Allocation Failure) [PSYoungGen: 355808K->155040K(393216K)] 831837K->742042K(1179648K), 0.0677614 secs] [Times: user=0.40 sys=0.00, real=0.07 secs] 
3085.174: [Full GC (Ergonomics) [PSYoungGen: 155040K->0K(393216K)] [ParOldGen: 587002K->254202K(1007104K)] 742042K->254202K(1400320K), [Metaspace: 59995K->59995K(1105920K)], 0.5334862 secs] [Times: user=2.36 sys=0.00, real=0.53 secs] 
3086.000: [GC (Allocation Failure) [PSYoungGen: 238080K->103168K(474112K)] 492282K->357370K(1481216K), 0.0207991 secs] [Times: user=0.12 sys=0.00, real=0.02 secs] 
3088.274: [GC (Allocation Failure) [PSYoungGen: 344320K->144768K(465920K)] 598522K->491499K(1473024K), 0.0608494 secs] [Times: user=0.36 sys=0.00, real=0.06 secs] 
3089.410: [GC (Allocation Failure) [PSYoungGen: 385920K->122080K(465408K)] 732651K->613787K(1472512K), 0.0634779 secs] [Times: user=0.38 sys=0.00, real=0.07 secs] 
3091.354: [GC (Allocation Failure) [PSYoungGen: 368864K->2208K(466944K)] 860571K->493979K(1474048K), 0.0020863 secs] [Times: user=0.01 sys=0.00, real=0.00 secs] 
3092.427: [GC (Allocation Failure) [PSYoungGen: 248992K->154656K(460800K)] 740763K->647384K(1467904K), 0.0307400 secs] [Times: user=0.18 sys=0.01, real=0.03 secs] 
3094.493: [GC (Allocation Failure) [PSYoungGen: 387616K->3232K(465920K)] 880344K->496056K(1473024K), 0.0021808 secs] [Times: user=0.01 sys=0.01, real=0.00 secs] 
3096.089: [GC (Allocation Failure) [PSYoungGen: 236192K->156128K(465920K)] 729016K->651457K(1473024K), 0.0871815 secs] [Times: user=0.50 sys=0.00, real=0.09 secs] 
3099.581: [GC (Allocation Failure) [PSYoungGen: 389088K->94784K(465920K)] 884417K->737793K(1473024K), 0.0799339 secs] [Times: user=0.45 sys=0.03, real=0.08 secs] 
3100.043: [GC (Allocation Failure) [PSYoungGen: 327744K->165824K(465920K)] 970753K->902654K(1473024K), 0.0668205 secs] [Times: user=0.30 sys=0.09, real=0.06 secs] 
3101.918: [GC (Allocation Failure) [PSYoungGen: 398784K->88480K(465920K)] 1135614K->983054K(1473024K), 0.0914388 secs] [Times: user=0.40 sys=0.15, real=0.09 secs] 
3102.010: [Full GC (Ergonomics) [PSYoungGen: 88480K->0K(465920K)] [ParOldGen: 894574K->30239K(826368K)] 983054K->30239K(1292288K), [Metaspace: 60021K->60021K(1105920K)], 0.0527834 secs] [Times: user=0.16 sys=0.00, real=0.06 secs] 
3103.208: [GC (Allocation Failure) [PSYoungGen: 232960K->165120K(465920K)] 263199K->195359K(1292288K), 0.1048310 secs] [Times: user=0.62 sys=0.00, real=0.10 secs] 
3105.985: [GC (Allocation Failure) [PSYoungGen: 398080K->89312K(465920K)] 428319K->276183K(1292288K), 0.0821822 secs] [Times: user=0.49 sys=0.00, real=0.08 secs] 
3106.603: [GC (Allocation Failure) [PSYoungGen: 321945K->166272K(465920K)] 508816K->440300K(1292288K), 0.0492583 secs] [Times: user=0.29 sys=0.00, real=0.05 secs] 
3109.267: [GC (Allocation Failure) [PSYoungGen: 399232K->88064K(465920K)] 673260K->520292K(1292288K), 0.0711164 secs] [Times: user=0.42 sys=0.00, real=0.07 secs] 
3109.829: [GC (Allocation Failure) [PSYoungGen: 314114K->161216K(465920K)] 746342K->679554K(1292288K), 0.0698026 secs] [Times: user=0.41 sys=0.00, real=0.07 secs] 
3113.892: [GC (Allocation Failure) [PSYoungGen: 394176K->85120K(465920K)] 912514K->756282K(1292288K), 0.1265587 secs] [Times: user=0.75 sys=0.01, real=0.13 secs] 
3114.019: [Full GC (Ergonomics) [PSYoungGen: 85120K->0K(465920K)] [ParOldGen: 671162K->38983K(860160K)] 756282K->38983K(1326080K), [Metaspace: 60028K->60028K(1105920K)], 0.0925792 secs] [Times: user=0.36 sys=0.00, real=0.09 secs] 
3114.736: [GC (Allocation Failure) [PSYoungGen: 229994K->164640K(465920K)] 268977K->203623K(1326080K), 0.0316888 secs] [Times: user=0.18 sys=0.00, real=0.03 secs] 
3117.078: [GC (Allocation Failure) [PSYoungGen: 397600K->95232K(328704K)] 436583K->290263K(1188864K), 0.0773715 secs] [Times: user=0.46 sys=0.00, real=0.08 secs] 
3117.603: [GC (Allocation Failure) [PSYoungGen: 328192K->168800K(464896K)] 523223K->451864K(1325056K), 0.0593542 secs] [Times: user=0.34 sys=0.01, real=0.05 secs] 
3121.222: [GC (Allocation Failure) [PSYoungGen: 401248K->78272K(465408K)] 684312K->530264K(1325568K), 0.1721787 secs] [Times: user=1.03 sys=0.00, real=0.18 secs] 
3121.904: [GC (Allocation Failure) [PSYoungGen: 310720K->169856K(465920K)] 762712K->694101K(1326080K), 0.0530457 secs] [Times: user=0.30 sys=0.01, real=0.05 secs] 
3123.334: [GC (Allocation Failure) [PSYoungGen: 402816K->83872K(465920K)] 927061K->777729K(1326080K), 0.0754752 secs] [Times: user=0.45 sys=0.00, real=0.07 secs] 
3123.410: [Full GC (Ergonomics) [PSYoungGen: 83872K->0K(465920K)] [ParOldGen: 693857K->58998K(909824K)] 777729K->58998K(1375744K), [Metaspace: 60052K->60052K(1105920K)], 0.1122824 secs] [Times: user=0.48 sys=0.00, real=0.11 secs] 
3124.569: [GC (Allocation Failure) [PSYoungGen: 232960K->184864K(465920K)] 291958K->243862K(1375744K), 0.0729596 secs] [Times: user=0.42 sys=0.01, real=0.07 secs] 
3128.992: [GC (Allocation Failure) [PSYoungGen: 417824K->76928K(465920K)] 476822K->304510K(1375744K), 0.1541646 secs] [Times: user=0.92 sys=0.00, real=0.16 secs] 
3129.451: [GC (Allocation Failure) [PSYoungGen: 309888K->171680K(465920K)] 537470K->472443K(1375744K), 0.0539406 secs] [Times: user=0.32 sys=0.00, real=0.06 secs] 
3131.058: [GC (Allocation Failure) [PSYoungGen: 404640K->78048K(465920K)] 705403K->550711K(1375744K), 0.1421183 secs] [Times: user=0.84 sys=0.01, real=0.14 secs] 
3132.379: [GC (Allocation Failure) [PSYoungGen: 311008K->171232K(465920K)] 783671K->716521K(1375744K), 0.1617836 secs] [Times: user=0.81 sys=0.00, real=0.16 secs] 
3135.575: [GC (Allocation Failure) [PSYoungGen: 404192K->76704K(465920K)] 949481K->793481K(1375744K), 0.1275663 secs] [Times: user=0.75 sys=0.01, real=0.13 secs] 
3135.703: [Full GC (Ergonomics) [PSYoungGen: 76704K->0K(465920K)] [ParOldGen: 716777K->72848K(953344K)] 793481K->72848K(1419264K), [Metaspace: 60062K->60062K(1105920K)], 0.1670438 secs] [Times: user=0.76 sys=0.00, real=0.16 secs] 
3136.629: [GC (Allocation Failure) [PSYoungGen: 232960K->173408K(465920K)] 305808K->246256K(1419264K), 0.0679676 secs] [Times: user=0.40 sys=0.00, real=0.07 secs] 
3138.181: [GC (Allocation Failure) [PSYoungGen: 406368K->79776K(465920K)] 479216K->326140K(1419264K), 0.0856449 secs] [Times: user=0.50 sys=0.00, real=0.09 secs] 
3139.640: [GC (Allocation Failure) [PSYoungGen: 312736K->171168K(465920K)] 559100K->491432K(1419264K), 0.1553004 secs] [Times: user=0.92 sys=0.00, real=0.16 secs] 
3142.471: [GC (Allocation Failure) [PSYoungGen: 404128K->83104K(465920K)] 724392K->574440K(1419264K), 0.1022539 secs] [Times: user=0.61 sys=0.00, real=0.11 secs] 
3142.903: [GC (Allocation Failure) [PSYoungGen: 316064K->202976K(465920K)] 807400K->771629K(1419264K), 0.0612326 secs] [Times: user=0.34 sys=0.04, real=0.06 secs] 
3144.426: [GC (Allocation Failure) [PSYoungGen: 435936K->87296K(465920K)] 1004589K->825417K(1419264K), 0.0986934 secs] [Times: user=0.59 sys=0.00, real=0.10 secs] 
3144.525: [Full GC (Ergonomics) [PSYoungGen: 87296K->0K(465920K)] [ParOldGen: 738121K->105493K(1012736K)] 825417K->105493K(1478656K), [Metaspace: 60065K->60065K(1105920K)], 0.2304181 secs] [Times: user=1.03 sys=0.01, real=0.23 secs] 
3145.961: [GC (Allocation Failure) [PSYoungGen: 232960K->156288K(465920K)] 338453K->261781K(1478656K), 0.0452714 secs] [Times: user=0.27 sys=0.00, real=0.05 secs] 
3147.084: [GC (Allocation Failure) [PSYoungGen: 386415K->94080K(465920K)] 491908K->356093K(1478656K), 0.0867060 secs] [Times: user=0.50 sys=0.00, real=0.08 secs] 
3149.139: [GC (Allocation Failure) [PSYoungGen: 327040K->150752K(465920K)] 589053K->499602K(1478656K), 0.0604720 secs] [Times: user=0.36 sys=0.00, real=0.06 secs] 
3150.553: [GC (Allocation Failure) [PSYoungGen: 383712K->103264K(465920K)] 732562K->603042K(1478656K), 0.0679143 secs] [Times: user=0.41 sys=0.00, real=0.06 secs] 
3151.751: [GC (Allocation Failure) [PSYoungGen: 336224K->144608K(465920K)] 836002K->737174K(1478656K), 0.0608709 secs] [Times: user=0.36 sys=0.00, real=0.06 secs] 
3152.252: [GC (Allocation Failure) [PSYoungGen: 377568K->118272K(351744K)] 970134K->855582K(1364480K), 0.0601630 secs] [Times: user=0.36 sys=0.00, real=0.06 secs] 
3153.801: [GC (Allocation Failure) [PSYoungGen: 351232K->129952K(468992K)] 1088542K->975419K(1481728K), 0.0679509 secs] [Times: user=0.38 sys=0.03, real=0.07 secs] 
3153.869: [Full GC (Ergonomics) [PSYoungGen: 129952K->0K(468992K)] [ParOldGen: 845467K->255048K(1164288K)] 975419K->255048K(1633280K), [Metaspace: 60069K->60069K(1105920K)], 0.5373952 secs] [Times: user=2.37 sys=0.01, real=0.54 secs] 
3157.027: [GC (Allocation Failure) [PSYoungGen: 241664K->126880K(460288K)] 496712K->381928K(1624576K), 0.0252616 secs] [Times: user=0.15 sys=0.01, real=0.03 secs] 
3158.236: [GC (Allocation Failure) [PSYoungGen: 368544K->2144K(449536K)] 623592K->257256K(1613824K), 0.0020304 secs] [Times: user=0.01 sys=0.00, real=0.00 secs] 
3158.892: [GC (Allocation Failure) [PSYoungGen: 242272K->153504K(462336K)] 497384K->409577K(1626624K), 0.0299084 secs] [Times: user=0.18 sys=0.00, real=0.03 secs] 
3160.583: [GC (Allocation Failure) [PSYoungGen: 393632K->7936K(458752K)] 649705K->264097K(1623040K), 0.0087754 secs] [Times: user=0.04 sys=0.00, real=0.00 secs] 
3163.198: [GC (Allocation Failure) [PSYoungGen: 240896K->157824K(465920K)] 497057K->419662K(1630208K), 0.0321774 secs] [Times: user=0.19 sys=0.00, real=0.03 secs] 
3164.346: [GC (Allocation Failure) [PSYoungGen: 390784K->96896K(459776K)] 652622K->507386K(1624064K), 0.0665134 secs] [Times: user=0.39 sys=0.00, real=0.07 secs] 
3165.580: [GC (Allocation Failure) [PSYoungGen: 329856K->169024K(462848K)] 740346K->674692K(1627136K), 0.0514256 secs] [Times: user=0.30 sys=0.00, real=0.05 secs] 
3167.272: [GC (Allocation Failure) [PSYoungGen: 401984K->92320K(467456K)] 907652K->750100K(1631744K), 0.1289431 secs] [Times: user=0.74 sys=0.02, real=0.13 secs] 
3169.288: [GC (Allocation Failure) [PSYoungGen: 326816K->166112K(465920K)] 984596K->913957K(1630208K), 0.0506104 secs] [Times: user=0.30 sys=0.00, real=0.05 secs] 
3170.614: [GC (Allocation Failure) [PSYoungGen: 400608K->93856K(465920K)] 1148453K->998945K(1630208K), 0.1125776 secs] [Times: user=0.61 sys=0.07, real=0.11 secs] 
3171.435: [GC (Allocation Failure) [PSYoungGen: 313857K->160096K(465920K)] 1218946K->1155038K(1630208K), 0.0631626 secs] [Times: user=0.29 sys=0.09, real=0.06 secs] 
3171.498: [Full GC (Ergonomics) [PSYoungGen: 160096K->0K(465920K)] [ParOldGen: 994942K->200105K(1146368K)] 1155038K->200105K(1612288K), [Metaspace: 60085K->60085K(1105920K)], 0.4716489 secs] [Times: user=2.20 sys=0.01, real=0.47 secs] 
3175.213: [GC (Allocation Failure) [PSYoungGen: 234496K->85824K(463872K)] 434601K->285929K(1610240K), 0.0975323 secs] [Times: user=0.57 sys=0.01, real=0.09 secs] 
3176.564: [GC (Allocation Failure) [PSYoungGen: 316151K->164256K(464896K)] 516256K->447042K(1611264K), 0.0467225 secs] [Times: user=0.27 sys=0.00, real=0.04 secs] 
3177.815: [GC (Allocation Failure) [PSYoungGen: 398752K->92608K(465920K)] 681538K->530962K(1612288K), 0.0801171 secs] [Times: user=0.48 sys=0.00, real=0.08 secs] 
3178.379: [GC (Allocation Failure) [PSYoungGen: 328128K->168384K(465920K)] 766482K->696636K(1612288K), 0.0621151 secs] [Times: user=0.36 sys=0.00, real=0.06 secs] 
3181.162: [GC (Allocation Failure) [PSYoungGen: 403904K->81600K(465920K)] 932156K->778084K(1612288K), 0.1626024 secs] [Times: user=0.97 sys=0.01, real=0.17 secs] 
3181.784: [GC (Allocation Failure) [PSYoungGen: 314560K->171200K(465920K)] 1011044K->945105K(1612288K), 0.0536085 secs] [Times: user=0.31 sys=0.01, real=0.05 secs] 
3185.192: [GC (Allocation Failure) [PSYoungGen: 404160K->79840K(465920K)] 1178065K->1024797K(1612288K), 0.1493647 secs] [Times: user=0.89 sys=0.01, real=0.15 secs] 
3185.342: [Full GC (Ergonomics) [PSYoungGen: 79840K->0K(465920K)] [ParOldGen: 944957K->61750K(1049600K)] 1024797K->61750K(1515520K), [Metaspace: 60097K->60097K(1105920K)], 0.1531517 secs] [Times: user=0.70 sys=0.00, real=0.16 secs] 
3185.737: [GC (Allocation Failure) [PSYoungGen: 232960K->171808K(465920K)] 294710K->233558K(1515520K), 0.0357622 secs] [Times: user=0.22 sys=0.00, real=0.04 secs] 
3188.215: [GC (Allocation Failure) [PSYoungGen: 401400K->75456K(465920K)] 463150K->309162K(1515520K), 0.1435919 secs] [Times: user=0.85 sys=0.01, real=0.14 secs] 
3188.633: [GC (Allocation Failure) [PSYoungGen: 308416K->170752K(465920K)] 542122K->475779K(1515520K), 0.0540657 secs] [Times: user=0.32 sys=0.00, real=0.05 secs] 
3190.429: [GC (Allocation Failure) [PSYoungGen: 403712K->84576K(465920K)] 708739K->560463K(1515520K), 0.1082028 secs] [Times: user=0.64 sys=0.01, real=0.11 secs] 
3191.159: [GC (Allocation Failure) [PSYoungGen: 317536K->174080K(465920K)] 793423K->729076K(1515520K), 0.0823517 secs] [Times: user=0.50 sys=0.00, real=0.08 secs] 
3192.697: [GC (Allocation Failure) [PSYoungGen: 407040K->84736K(465920K)] 962036K->813644K(1515520K), 0.1086200 secs] [Times: user=0.65 sys=0.00, real=0.11 secs] 
3194.489: [GC (Allocation Failure) [PSYoungGen: 317696K->184704K(465920K)] 1046604K->992641K(1515520K), 0.0990164 secs] [Times: user=0.60 sys=0.00, real=0.10 secs] 
3194.589: [Full GC (Ergonomics) [PSYoungGen: 184704K->0K(465920K)] [ParOldGen: 807936K->255537K(1298432K)] 992641K->255537K(1764352K), [Metaspace: 60102K->60102K(1105920K)], 0.6177924 secs] [Times: user=2.91 sys=0.00, real=0.62 secs] 
3198.088: [GC (Allocation Failure) [PSYoungGen: 232960K->82262K(465920K)] 488497K->337800K(1764352K), 0.0270376 secs] [Times: user=0.15 sys=0.00, real=0.03 secs] 
3198.760: [GC (Allocation Failure) [PSYoungGen: 311697K->202432K(465920K)] 567235K->534157K(1764352K), 0.0598429 secs] [Times: user=0.36 sys=0.00, real=0.06 secs] 
3200.655: [GC (Allocation Failure) [PSYoungGen: 435392K->82272K(465920K)] 767117K->581413K(1764352K), 0.0876012 secs] [Times: user=0.52 sys=0.00, real=0.08 secs] 
3203.619: [GC (Allocation Failure) [PSYoungGen: 315232K->198176K(465920K)] 814373K->773558K(1764352K), 0.0664364 secs] [Times: user=0.39 sys=0.00, real=0.07 secs] 
3205.973: [GC (Allocation Failure) [PSYoungGen: 431136K->84032K(465920K)] 1006518K->820950K(1764352K), 0.0930443 secs] [Times: user=0.55 sys=0.00, real=0.09 secs] 
3207.489: [GC (Allocation Failure) [PSYoungGen: 316992K->203884K(465920K)] 1053910K->1018339K(1764352K), 0.0669594 secs] [Times: user=0.40 sys=0.00, real=0.07 secs] 
3208.169: [GC (Allocation Failure) [PSYoungGen: 430975K->92672K(465920K)] 1245430K->1067679K(1764352K), 0.0933228 secs] [Times: user=0.56 sys=0.00, real=0.09 secs] 
3210.235: [GC (Allocation Failure) [PSYoungGen: 325632K->150880K(465920K)] 1300639K->1212414K(1764352K), 0.0711377 secs] [Times: user=0.37 sys=0.05, real=0.07 secs] 
3210.306: [Full GC (Ergonomics) [PSYoungGen: 150880K->0K(465920K)] [ParOldGen: 1061534K->254561K(1342464K)] 1212414K->254561K(1808384K), [Metaspace: 60109K->60109K(1105920K)], 0.5365011 secs] [Times: user=2.36 sys=0.00, real=0.53 secs] 
3212.864: [GC (Allocation Failure) [PSYoungGen: 232960K->91808K(465920K)] 487521K->346377K(1808384K), 0.0260949 secs] [Times: user=0.15 sys=0.00, real=0.02 secs] 
3214.122: [GC (Allocation Failure) [PSYoungGen: 324768K->152512K(465920K)] 579337K->492038K(1808384K), 0.0600895 secs] [Times: user=0.36 sys=0.00, real=0.06 secs] 
3214.639: [GC (Allocation Failure) [PSYoungGen: 385472K->104128K(465920K)] 724998K->596390K(1808384K), 0.0652878 secs] [Times: user=0.38 sys=0.00, real=0.07 secs] 
3217.853: [GC (Allocation Failure) [PSYoungGen: 337088K->143072K(465920K)] 829350K->729381K(1808384K), 0.0607959 secs] [Times: user=0.36 sys=0.00, real=0.06 secs] 
3218.575: [GC (Allocation Failure) [PSYoungGen: 376032K->107328K(465920K)] 962341K->836925K(1808384K), 0.0729659 secs] [Times: user=0.43 sys=0.00, real=0.07 secs] 
3220.259: [GC (Allocation Failure) [PSYoungGen: 340288K->140992K(374272K)] 1069885K->967394K(1716736K), 0.0614640 secs] [Times: user=0.37 sys=0.00, real=0.06 secs] 
3221.165: [GC (Allocation Failure) [PSYoungGen: 373952K->119584K(470528K)] 1200354K->1086774K(1812992K), 0.0696791 secs] [Times: user=0.41 sys=0.00, real=0.07 secs] 
3224.079: [GC (Allocation Failure) [PSYoungGen: 360736K->128032K(369664K)] 1327926K->1204947K(1712128K), 0.0632190 secs] [Times: user=0.37 sys=0.01, real=0.06 secs] 
3225.731: [GC (Allocation Failure) [PSYoungGen: 369184K->134208K(466432K)] 1446099K->1338923K(1808896K), 0.0685391 secs] [Times: user=0.33 sys=0.06, real=0.07 secs] 
3225.800: [Full GC (Ergonomics) [PSYoungGen: 134208K->0K(466432K)] [ParOldGen: 1204715K->152267K(1272832K)] 1338923K->152267K(1739264K), [Metaspace: 60112K->60112K(1105920K)], 0.3468818 secs] [Times: user=1.59 sys=0.00, real=0.35 secs] 
3227.741: [GC (Allocation Failure) [PSYoungGen: 254464K->118880K(460288K)] 406731K->271147K(1733120K), 0.0523732 secs] [Times: user=0.31 sys=0.00, real=0.06 secs] 
3228.717: [GC (Allocation Failure) [PSYoungGen: 373344K->172992K(472064K)] 525611K->443204K(1744896K), 0.0637026 secs] [Times: user=0.38 sys=0.01, real=0.06 secs] 
3231.971: [GC (Allocation Failure) [PSYoungGen: 444864K->113408K(481280K)] 715076K->548452K(1754112K), 0.1449612 secs] [Times: user=0.86 sys=0.01, real=0.15 secs] 
3233.234: [GC (Allocation Failure) [PSYoungGen: 385280K->194496K(461312K)] 820324K->738941K(1734144K), 0.1234908 secs] [Times: user=0.73 sys=0.01, real=0.12 secs] 
3235.160: [GC (Allocation Failure) [PSYoungGen: 446003K->97472K(477696K)] 990448K->836245K(1750528K), 0.0931564 secs] [Times: user=0.55 sys=0.00, real=0.10 secs] 
3236.705: [GC (Allocation Failure) [PSYoungGen: 353984K->150688K(472064K)] 1092757K->980577K(1744896K), 0.0628670 secs] [Times: user=0.37 sys=0.00, real=0.06 secs] 
3239.473: [GC (Allocation Failure) [PSYoungGen: 408736K->133504K(475648K)] 1238625K->1114297K(1748480K), 0.0623462 secs] [Times: user=0.37 sys=0.00, real=0.07 secs] 
3241.021: [GC (Allocation Failure) [PSYoungGen: 391552K->5696K(460800K)] 1372345K->986550K(1733632K), 0.0068804 secs] [Times: user=0.04 sys=0.00, real=0.01 secs] 
3243.271: [GC (Allocation Failure) [PSYoungGen: 257088K->177888K(429568K)] 1237942K->1162534K(1702400K), 0.0345554 secs] [Times: user=0.20 sys=0.00, real=0.04 secs] 
3244.781: [GC (Allocation Failure) [PSYoungGen: 429280K->101312K(470528K)] 1413926K->1246818K(1743360K), 0.1018888 secs] [Times: user=0.60 sys=0.00, real=0.10 secs] 
3244.883: [Full GC (Ergonomics) [PSYoungGen: 101312K->0K(470528K)] [ParOldGen: 1145506K->45848K(1280512K)] 1246818K->45848K(1751040K), [Metaspace: 60114K->60114K(1105920K)], 0.0897256 secs] [Times: user=0.36 sys=0.00, real=0.09 secs] 
3245.751: [GC (Allocation Failure) [PSYoungGen: 237568K->188512K(465920K)] 283416K->234360K(1746432K), 0.0371559 secs] [Times: user=0.22 sys=0.00, real=0.04 secs] 
3248.713: [GC (Allocation Failure) [PSYoungGen: 426080K->87904K(465920K)] 471928K->305916K(1746432K), 0.1221669 secs] [Times: user=0.72 sys=0.01, real=0.12 secs] 
3249.095: [GC (Allocation Failure) [PSYoungGen: 320864K->169472K(465920K)] 538876K->471650K(1746432K), 0.0554077 secs] [Times: user=0.33 sys=0.00, real=0.05 secs] 
3251.272: [GC (Allocation Failure) [PSYoungGen: 402432K->81408K(465920K)] 704610K->553254K(1746432K), 0.1203781 secs] [Times: user=0.72 sys=0.00, real=0.12 secs] 
3252.304: [GC (Allocation Failure) [PSYoungGen: 314368K->172896K(465920K)] 786214K->720919K(1746432K), 0.0869355 secs] [Times: user=0.51 sys=0.00, real=0.08 secs] 
3255.121: [GC (Allocation Failure) [PSYoungGen: 405856K->75968K(465920K)] 953879K->797055K(1746432K), 0.1322599 secs] [Times: user=0.78 sys=0.01, real=0.14 secs] 
3255.538: [GC (Allocation Failure) [PSYoungGen: 308928K->174688K(465920K)] 1030015K->966024K(1746432K), 0.0550712 secs] [Times: user=0.33 sys=0.00, real=0.06 secs] 
3257.518: [GC (Allocation Failure) [PSYoungGen: 407648K->82944K(465920K)] 1198984K->1048776K(1746432K), 0.1119800 secs] [Times: user=0.67 sys=0.00, real=0.11 secs] 
3258.803: [GC (Allocation Failure) [PSYoungGen: 315904K->165216K(465920K)] 1281736K->1208329K(1746432K), 0.1533288 secs] [Times: user=0.91 sys=0.00, real=0.15 secs] 
3258.957: [Full GC (Ergonomics) [PSYoungGen: 165216K->0K(465920K)] [ParOldGen: 1043113K->247624K(1398272K)] 1208329K->247624K(1864192K), [Metaspace: 60128K->60128K(1105920K)], 0.6250938 secs] [Times: user=3.00 sys=0.00, real=0.62 secs] 
3261.807: [GC (Allocation Failure) [PSYoungGen: 232960K->75392K(465920K)] 480584K->323016K(1864192K), 0.0333862 secs] [Times: user=0.19 sys=0.00, real=0.03 secs] 
3262.201: [GC (Allocation Failure) [PSYoungGen: 308352K->209824K(465920K)] 555976K->526563K(1864192K), 0.0553875 secs] [Times: user=0.33 sys=0.00, real=0.06 secs] 
3264.134: [GC (Allocation Failure) [PSYoungGen: 442784K->78528K(465920K)] 759523K->572107K(1864192K), 0.1087006 secs] [Times: user=0.64 sys=0.01, real=0.11 secs] 
3265.649: [GC (Allocation Failure) [PSYoungGen: 310778K->201152K(465920K)] 804357K->766684K(1864192K), 0.0594420 secs] [Times: user=0.35 sys=0.00, real=0.06 secs] 
3267.928: [GC (Allocation Failure) [PSYoungGen: 434112K->80224K(465920K)] 999644K->811956K(1864192K), 0.1016360 secs] [Times: user=0.61 sys=0.00, real=0.10 secs] 
3269.520: [GC (Allocation Failure) [PSYoungGen: 309219K->198848K(465920K)] 1040951K->1004288K(1864192K), 0.0584308 secs] [Times: user=0.34 sys=0.00, real=0.06 secs] 
3270.676: [GC (Allocation Failure) [PSYoungGen: 431808K->86368K(465920K)] 1237248K->1056104K(1864192K), 0.0927175 secs] [Times: user=0.55 sys=0.00, real=0.09 secs] 
3273.090: [GC (Allocation Failure) [PSYoungGen: 316156K->194336K(465920K)] 1285893K->1244725K(1864192K), 0.0669906 secs] [Times: user=0.40 sys=0.00, real=0.07 secs] 
3275.108: [GC (Allocation Failure) [PSYoungGen: 427296K->85728K(465920K)] 1477685K->1293445K(1864192K), 0.0876346 secs] [Times: user=0.52 sys=0.01, real=0.09 secs] 
3275.196: [Full GC (Ergonomics) [PSYoungGen: 85728K->0K(465920K)] [ParOldGen: 1207717K->103894K(1398272K)] 1293445K->103894K(1864192K), [Metaspace: 60146K->60146K(1105920K)], 0.2320864 secs] [Times: user=1.02 sys=0.00, real=0.23 secs] 
3276.521: [GC (Allocation Failure) [PSYoungGen: 232960K->158624K(465920K)] 336854K->262518K(1864192K), 0.0457207 secs] [Times: user=0.27 sys=0.00, real=0.05 secs] 
3279.508: [GC (Allocation Failure) [PSYoungGen: 391584K->92896K(465920K)] 495478K->355390K(1864192K), 0.0847379 secs] [Times: user=0.50 sys=0.00, real=0.08 secs] 
3280.711: [GC (Allocation Failure) [PSYoungGen: 325856K->151328K(465920K)] 588350K->500407K(1864192K), 0.0597230 secs] [Times: user=0.36 sys=0.00, real=0.06 secs] 
3282.694: [GC (Allocation Failure) [PSYoungGen: 384288K->98464K(465920K)] 733367K->598655K(1864192K), 0.0809084 secs] [Times: user=0.48 sys=0.00, real=0.08 secs] 
3284.747: [GC (Allocation Failure) [PSYoungGen: 331424K->150080K(465920K)] 831615K->737676K(1864192K), 0.0606770 secs] [Times: user=0.37 sys=0.00, real=0.06 secs] 
3285.831: [GC (Allocation Failure) [PSYoungGen: 383040K->105088K(465920K)] 970636K->842988K(1864192K), 0.0692026 secs] [Times: user=0.41 sys=0.00, real=0.07 secs] 
3288.706: [GC (Allocation Failure) [PSYoungGen: 338048K->143616K(465920K)] 1075948K->975609K(1864192K), 0.0609533 secs] [Times: user=0.37 sys=0.00, real=0.06 secs] 
3289.496: [GC (Allocation Failure) [PSYoungGen: 376576K->113632K(457728K)] 1208569K->1089057K(1856000K), 0.0614034 secs] [Times: user=0.37 sys=0.00, real=0.06 secs] 
3291.679: [GC (Allocation Failure) [PSYoungGen: 346592K->134368K(461824K)] 1322017K->1212933K(1860096K), 0.0617063 secs] [Times: user=0.37 sys=0.00, real=0.06 secs] 
3293.076: [GC (Allocation Failure) [PSYoungGen: 367328K->126656K(456704K)] 1445893K->1339749K(1854976K), 0.0734888 secs] [Times: user=0.38 sys=0.06, real=0.07 secs] 
3293.150: [Full GC (Ergonomics) [PSYoungGen: 126656K->0K(456704K)] [ParOldGen: 1213093K->133168K(1398272K)] 1339749K->133168K(1854976K), [Metaspace: 60147K->60147K(1105920K)], 0.3293252 secs] [Times: user=1.52 sys=0.00, real=0.33 secs] 
3294.625: [GC (Allocation Failure) [PSYoungGen: 249344K->131904K(461312K)] 382512K->265072K(1859584K), 0.0450077 secs] [Times: user=0.27 sys=0.00, real=0.04 secs] 
3296.601: [GC (Allocation Failure) [PSYoungGen: 381248K->154656K(482304K)] 514416K->418653K(1880576K), 0.0661607 secs] [Times: user=0.39 sys=0.01, real=0.07 secs] 
3298.484: [GC (Allocation Failure) [PSYoungGen: 432160K->31744K(309760K)] 696157K->295853K(1708032K), 0.0180235 secs] [Times: user=0.10 sys=0.00, real=0.01 secs] 
3299.423: [GC (Allocation Failure) [PSYoungGen: 309248K->201440K(449536K)] 573357K->493162K(1847808K), 0.0939173 secs] [Times: user=0.55 sys=0.00, real=0.09 secs] 
3302.698: [GC (Allocation Failure) [PSYoungGen: 434400K->75136K(465920K)] 726122K->568154K(1864192K), 0.1288496 secs] [Times: user=0.76 sys=0.00, real=0.13 secs] 
3303.391: [GC (Allocation Failure) [PSYoungGen: 308096K->174432K(465920K)] 801114K->736471K(1864192K), 0.0830748 secs] [Times: user=0.50 sys=0.00, real=0.09 secs] 
3305.245: [GC (Allocation Failure) [PSYoungGen: 407392K->83712K(465920K)] 969431K->820039K(1864192K), 0.0996543 secs] [Times: user=0.59 sys=0.00, real=0.10 secs] 
3306.965: [GC (Allocation Failure) [PSYoungGen: 316672K->199296K(465920K)] 1052999K->1013499K(1864192K), 0.0609518 secs] [Times: user=0.36 sys=0.00, real=0.06 secs] 
3308.307: [GC (Allocation Failure) [PSYoungGen: 432256K->87584K(465920K)] 1246459K->1066499K(1864192K), 0.0985459 secs] [Times: user=0.58 sys=0.01, real=0.10 secs] 
3309.430: [GC (Allocation Failure) [PSYoungGen: 316688K->194272K(465920K)] 1295603K->1254128K(1864192K), 0.0670360 secs] [Times: user=0.40 sys=0.00, real=0.07 secs] 
3312.106: [GC (Allocation Failure) [PSYoungGen: 427232K->89664K(465920K)] 1487088K->1306360K(1864192K), 0.0935354 secs] [Times: user=0.55 sys=0.00, real=0.09 secs] 
3312.200: [Full GC (Ergonomics) [PSYoungGen: 89664K->0K(465920K)] [ParOldGen: 1216696K->104800K(1398272K)] 1306360K->104800K(1864192K), [Metaspace: 60147K->60147K(1105920K)], 0.2380516 secs] [Times: user=1.08 sys=0.00, real=0.24 secs] 
3313.521: [GC (Allocation Failure) [PSYoungGen: 232960K->154464K(465920K)] 337760K->259264K(1864192K), 0.0446591 secs] [Times: user=0.27 sys=0.00, real=0.05 secs] 
3315.628: [GC (Allocation Failure) [PSYoungGen: 387261K->93216K(465920K)] 492061K->352408K(1864192K), 0.0825458 secs] [Times: user=0.49 sys=0.00, real=0.08 secs] 
3316.846: [GC (Allocation Failure) [PSYoungGen: 326176K->151136K(465920K)] 585368K->496893K(1864192K), 0.0630044 secs] [Times: user=0.35 sys=0.00, real=0.06 secs] 
3318.663: [GC (Allocation Failure) [PSYoungGen: 384096K->105856K(465920K)] 729853K->602973K(1864192K), 0.0856412 secs] [Times: user=0.51 sys=0.00, real=0.08 secs] 
3319.855: [GC (Allocation Failure) [PSYoungGen: 338816K->150624K(465920K)] 835933K->734716K(1864192K), 0.0606195 secs] [Times: user=0.36 sys=0.00, real=0.06 secs] 
3321.502: [GC (Allocation Failure) [PSYoungGen: 383584K->107008K(340480K)] 967676K->841548K(1738752K), 0.0715897 secs] [Times: user=0.42 sys=0.00, real=0.08 secs] 
3322.710: [GC (Allocation Failure) [PSYoungGen: 339968K->140960K(467456K)] 1074508K->971849K(1865728K), 0.0613348 secs] [Times: user=0.36 sys=0.00, real=0.06 secs] 
3324.158: [GC (Allocation Failure) [PSYoungGen: 379552K->127872K(366592K)] 1210441K->1099913K(1764864K), 0.0600692 secs] [Times: user=0.35 sys=0.00, real=0.06 secs] 
3326.028: [GC (Allocation Failure) [PSYoungGen: 366464K->128K(446976K)] 1338505K->972185K(1845248K), 0.0019243 secs] [Times: user=0.01 sys=0.00, real=0.00 secs] 
3326.963: [GC (Allocation Failure) [PSYoungGen: 233088K->143392K(460800K)] 1205145K->1115473K(1859072K), 0.0285664 secs] [Times: user=0.16 sys=0.00, real=0.03 secs] 
3328.454: [GC (Allocation Failure) [PSYoungGen: 376352K->2768K(459776K)] 1348433K->974893K(1858048K), 0.0033053 secs] [Times: user=0.02 sys=0.00, real=0.00 secs] 
3330.124: [GC (Allocation Failure) [PSYoungGen: 235728K->152224K(465920K)] 1207853K->1125863K(1864192K), 0.0300934 secs] [Times: user=0.18 sys=0.00, real=0.03 secs] 
3331.591: [GC (Allocation Failure) [PSYoungGen: 385184K->99328K(457728K)] 1358823K->1216155K(1856000K), 0.0682256 secs] [Times: user=0.40 sys=0.01, real=0.07 secs] 
3332.777: [GC (Allocation Failure) [PSYoungGen: 332288K->158688K(461824K)] 1449115K->1373316K(1860096K), 0.0524055 secs] [Times: user=0.31 sys=0.00, real=0.05 secs] 
3332.829: [Full GC (Ergonomics) [PSYoungGen: 158688K->0K(461824K)] [ParOldGen: 1214628K->177354K(1398272K)] 1373316K->177354K(1860096K), [Metaspace: 60164K->60164K(1105920K)], 0.4125908 secs] [Times: user=1.92 sys=0.00, real=0.41 secs] 
3334.312: [GC (Allocation Failure) [PSYoungGen: 232960K->97376K(459776K)] 410314K->274730K(1858048K), 0.0409657 secs] [Times: user=0.24 sys=0.00, real=0.04 secs] 
3335.176: [GC (Allocation Failure) [PSYoungGen: 334432K->166784K(462848K)] 511786K->440645K(1861120K), 0.0898816 secs] [Times: user=0.53 sys=0.01, real=0.09 secs] 
3338.141: [GC (Allocation Failure) [PSYoungGen: 403840K->89184K(467968K)] 677701K->521389K(1866240K), 0.1261536 secs] [Times: user=0.75 sys=0.01, real=0.13 secs] 
3339.030: [GC (Allocation Failure) [PSYoungGen: 323195K->166208K(465920K)] 755400K->684837K(1864192K), 0.0486673 secs] [Times: user=0.29 sys=0.00, real=0.05 secs] 
3342.740: [GC (Allocation Failure) [PSYoungGen: 404288K->85472K(467968K)] 922917K->761893K(1866240K), 0.1657565 secs] [Times: user=0.99 sys=0.00, real=0.17 secs] 
3344.440: [GC (Allocation Failure) [PSYoungGen: 311810K->164064K(465920K)] 988232K->923562K(1864192K), 0.0477742 secs] [Times: user=0.28 sys=0.00, real=0.05 secs] 
3346.361: [GC (Allocation Failure) [PSYoungGen: 400096K->89760K(466432K)] 1159594K->1005106K(1864704K), 0.1055981 secs] [Times: user=0.62 sys=0.00, real=0.11 secs] 
3347.138: [GC (Allocation Failure) [PSYoungGen: 311002K->159680K(465920K)] 1226348K->1162983K(1864192K), 0.0482261 secs] [Times: user=0.28 sys=0.00, real=0.05 secs] 
3348.810: [GC (Allocation Failure) [PSYoungGen: 395200K->91584K(461824K)] 1398503K->1246087K(1860096K), 0.1529209 secs] [Times: user=0.91 sys=0.00, real=0.16 secs] 
3350.339: [GC (Allocation Failure) [PSYoungGen: 317188K->160480K(463872K)] 1471692K->1402276K(1862144K), 0.0598450 secs] [Times: user=0.28 sys=0.07, real=0.06 secs] 
3350.399: [Full GC (Ergonomics) [PSYoungGen: 160480K->0K(463872K)] [ParOldGen: 1241796K->197956K(1398272K)] 1402276K->197956K(1862144K), [Metaspace: 60168K->60168K(1105920K)], 0.4705997 secs] [Times: user=2.20 sys=0.00, real=0.47 secs] 
3354.203: [GC (Allocation Failure) [PSYoungGen: 235520K->89088K(465408K)] 433476K->287044K(1863680K), 0.0772960 secs] [Times: user=0.46 sys=0.00, real=0.07 secs] 
3355.601: [GC (Allocation Failure) [PSYoungGen: 311808K->161152K(465920K)] 509764K->445677K(1864192K), 0.0473641 secs] [Times: user=0.27 sys=0.00, real=0.05 secs] 
3357.334: [GC (Allocation Failure) [PSYoungGen: 399232K->91168K(464896K)] 683757K->528701K(1863168K), 0.0695507 secs] [Times: user=0.41 sys=0.00, real=0.07 secs] 
3358.685: [GC (Allocation Failure) [PSYoungGen: 330272K->168224K(465920K)] 767805K->693497K(1864192K), 0.1023941 secs] [Times: user=0.61 sys=0.00, real=0.10 secs] 
3362.033: [GC (Allocation Failure) [PSYoungGen: 407328K->84320K(468992K)] 932601K->777577K(1867264K), 0.1672621 secs] [Times: user=0.99 sys=0.01, real=0.16 secs] 
3362.759: [GC (Allocation Failure) [PSYoungGen: 320352K->170176K(465920K)] 1013609K->943582K(1864192K), 0.0536344 secs] [Times: user=0.32 sys=0.00, real=0.06 secs] 
3364.634: [GC (Allocation Failure) [PSYoungGen: 406208K->86464K(465920K)] 1179614K->1029598K(1864192K), 0.1391879 secs] [Times: user=0.82 sys=0.00, real=0.14 secs] 
3365.704: [GC (Allocation Failure) [PSYoungGen: 319424K->172032K(465920K)] 1262558K->1196424K(1864192K), 0.0927576 secs] [Times: user=0.55 sys=0.00, real=0.09 secs] 
3369.099: [GC (Allocation Failure) [PSYoungGen: 404992K->74304K(465920K)] 1429384K->1270560K(1864192K), 0.1524790 secs] [Times: user=0.91 sys=0.00, real=0.15 secs] 
3369.251: [Full GC (Ergonomics) [PSYoungGen: 74304K->0K(465920K)] [ParOldGen: 1196256K->67834K(1398272K)] 1270560K->67834K(1864192K), [Metaspace: 60170K->60170K(1105920K)], 0.1763594 secs] [Times: user=0.82 sys=0.00, real=0.18 secs] 
3369.679: [GC (Allocation Failure) [PSYoungGen: 232960K->177344K(465920K)] 300794K->245178K(1864192K), 0.0382419 secs] [Times: user=0.23 sys=0.00, real=0.04 secs] 
3371.417: [GC (Allocation Failure) [PSYoungGen: 410304K->80224K(465920K)] 478138K->325670K(1864192K), 0.0961966 secs] [Times: user=0.57 sys=0.00, real=0.10 secs] 
3372.856: [GC (Allocation Failure) [PSYoungGen: 313184K->171680K(465920K)] 558630K->491770K(1864192K), 0.1120898 secs] [Times: user=0.66 sys=0.01, real=0.11 secs] 
3376.808: [GC (Allocation Failure) [PSYoungGen: 404640K->70592K(465920K)] 724730K->562330K(1864192K), 0.1146514 secs] [Times: user=0.68 sys=0.00, real=0.12 secs] 
3377.186: [GC (Allocation Failure) [PSYoungGen: 303552K->178048K(465920K)] 795290K->734227K(1864192K), 0.0554369 secs] [Times: user=0.33 sys=0.00, real=0.05 secs] 
3379.312: [GC (Allocation Failure) [PSYoungGen: 411008K->78624K(465920K)] 967187K->813123K(1864192K), 0.0987967 secs] [Times: user=0.59 sys=0.00, real=0.10 secs] 
3381.219: [GC (Allocation Failure) [PSYoungGen: 307635K->201856K(465920K)] 1042134K->1008184K(1864192K), 0.0592132 secs] [Times: user=0.36 sys=0.00, real=0.06 secs] 
3383.020: [GC (Allocation Failure) [PSYoungGen: 434816K->83200K(465920K)] 1241144K->1056824K(1864192K), 0.0983491 secs] [Times: user=0.58 sys=0.00, real=0.10 secs] 
3384.289: [GC (Allocation Failure) [PSYoungGen: 316160K->197792K(465920K)] 1289784K->1248709K(1864192K), 0.0677569 secs] [Times: user=0.40 sys=0.00, real=0.07 secs] 
3385.167: [GC (Allocation Failure) [PSYoungGen: 427063K->92800K(465920K)] 1477980K->1304437K(1864192K), 0.0646491 secs] [Times: user=0.39 sys=0.00, real=0.06 secs] 
3385.231: [Full GC (Ergonomics) [PSYoungGen: 92800K->0K(465920K)] [ParOldGen: 1211637K->107916K(1398272K)] 1304437K->107916K(1864192K), [Metaspace: 60174K->60174K(1105920K)], 0.2431630 secs] [Times: user=1.07 sys=0.00, real=0.25 secs] 
3387.872: [GC (Allocation Failure) [PSYoungGen: 229453K->187488K(465920K)] 337369K->295404K(1864192K), 0.0462957 secs] [Times: user=0.27 sys=0.00, real=0.05 secs] 
3388.970: [GC (Allocation Failure) [PSYoungGen: 420448K->92960K(465920K)] 528364K->351604K(1864192K), 0.0836314 secs] [Times: user=0.50 sys=0.00, real=0.09 secs] 
3390.888: [GC (Allocation Failure) [PSYoungGen: 325920K->151200K(465920K)] 584564K->496368K(1864192K), 0.0602563 secs] [Times: user=0.36 sys=0.00, real=0.06 secs] 
3392.701: [GC (Allocation Failure) [PSYoungGen: 380880K->92960K(465920K)] 726049K->589208K(1864192K), 0.0773453 secs] [Times: user=0.46 sys=0.00, real=0.08 secs] 
3394.271: [GC (Allocation Failure) [PSYoungGen: 325920K->150752K(465920K)] 822168K->733564K(1864192K), 0.0605699 secs] [Times: user=0.36 sys=0.00, real=0.06 secs] 
3397.020: [GC (Allocation Failure) [PSYoungGen: 378058K->93600K(465920K)] 960870K->827132K(1864192K), 0.0782586 secs] [Times: user=0.47 sys=0.00, real=0.08 secs] 
3398.209: [GC (Allocation Failure) [PSYoungGen: 326560K->151232K(465920K)] 1060092K->971380K(1864192K), 0.0604595 secs] [Times: user=0.36 sys=0.00, real=0.06 secs] 
3399.968: [GC (Allocation Failure) [PSYoungGen: 384192K->98336K(465920K)] 1204340K->1069556K(1864192K), 0.0838647 secs] [Times: user=0.49 sys=0.00, real=0.08 secs] 
3401.201: [GC (Allocation Failure) [PSYoungGen: 331296K->150112K(465920K)] 1302516K->1208761K(1864192K), 0.0607302 secs] [Times: user=0.36 sys=0.00, real=0.06 secs] 
3402.552: [GC (Allocation Failure) [PSYoungGen: 383072K->113120K(453632K)] 1441721K->1321649K(1851904K), 0.0688024 secs] [Times: user=0.41 sys=0.00, real=0.07 secs] 
3402.620: [Full GC (Ergonomics) [PSYoungGen: 113120K->0K(453632K)] [ParOldGen: 1208529K->128173K(1398272K)] 1321649K->128173K(1851904K), [Metaspace: 60179K->60179K(1105920K)], 0.2948193 secs] [Times: user=1.35 sys=0.00, real=0.30 secs] 
3404.041: [GC (Allocation Failure) [PSYoungGen: 232960K->134848K(459776K)] 361133K->263021K(1858048K), 0.0464985 secs] [Times: user=0.27 sys=0.00, real=0.05 secs] 
3405.442: [GC (Allocation Failure) [PSYoungGen: 367808K->119776K(457728K)] 495981K->382717K(1856000K), 0.0725588 secs] [Times: user=0.43 sys=0.01, real=0.08 secs] 
3406.831: [GC (Allocation Failure) [PSYoungGen: 372192K->1920K(464384K)] 635133K->264885K(1862656K), 0.0018203 secs] [Times: user=0.01 sys=0.00, real=0.01 secs] 
3409.525: [GC (Allocation Failure) [PSYoungGen: 254336K->152704K(467968K)] 517301K->416250K(1866240K), 0.0301134 secs] [Times: user=0.17 sys=0.00, real=0.03 secs] 
3410.806: [GC (Allocation Failure) [PSYoungGen: 395904K->8928K(252416K)] 659450K->272578K(1650688K), 0.0038970 secs] [Times: user=0.02 sys=0.00, real=0.00 secs] 
3412.476: [GC (Allocation Failure) [PSYoungGen: 252128K->171712K(465920K)] 515778K->442435K(1864192K), 0.0354720 secs] [Times: user=0.20 sys=0.00, real=0.03 secs] 
3414.942: [GC (Allocation Failure) [PSYoungGen: 404672K->87296K(465920K)] 675395K->521247K(1864192K), 0.1435774 secs] [Times: user=0.86 sys=0.00, real=0.15 secs] 
3416.925: [GC (Allocation Failure) [PSYoungGen: 319843K->167264K(465920K)] 753795K->685372K(1864192K), 0.0483478 secs] [Times: user=0.29 sys=0.00, real=0.05 secs] 
3418.742: [GC (Allocation Failure) [PSYoungGen: 400224K->87200K(465920K)] 918332K->763936K(1864192K), 0.1720036 secs] [Times: user=1.02 sys=0.00, real=0.18 secs] 
3420.226: [GC (Allocation Failure) [PSYoungGen: 311266K->161952K(465920K)] 988002K->923437K(1864192K), 0.0487525 secs] [Times: user=0.29 sys=0.00, real=0.05 secs] 
3422.134: [GC (Allocation Failure) [PSYoungGen: 394912K->90048K(465920K)] 1156397K->1005445K(1864192K), 0.1290746 secs] [Times: user=0.77 sys=0.00, real=0.13 secs] 
3423.224: [GC (Allocation Failure) [PSYoungGen: 308808K->160224K(465920K)] 1224205K->1162866K(1864192K), 0.0479919 secs] [Times: user=0.28 sys=0.00, real=0.04 secs] 
3425.760: [GC (Allocation Failure) [PSYoungGen: 393184K->89984K(465920K)] 1395826K->1244546K(1864192K), 0.0978832 secs] [Times: user=0.59 sys=0.00, real=0.10 secs] 
3425.858: [Full GC (Ergonomics) [PSYoungGen: 89984K->0K(465920K)] [ParOldGen: 1154562K->40727K(1398272K)] 1244546K->40727K(1864192K), [Metaspace: 60190K->60190K(1105920K)], 0.0794269 secs] [Times: user=0.30 sys=0.01, real=0.08 secs] 
3427.125: [GC (Allocation Failure) [PSYoungGen: 229612K->160704K(465920K)] 270339K->201431K(1864192K), 0.0311913 secs] [Times: user=0.18 sys=0.00, real=0.03 secs] 
3428.498: [GC (Allocation Failure) [PSYoungGen: 393664K->93600K(326656K)] 434391K->285755K(1724928K), 0.1318992 secs] [Times: user=0.78 sys=0.00, real=0.13 secs] 
3429.464: [GC (Allocation Failure) [PSYoungGen: 326560K->166880K(461824K)] 518715K->449819K(1860096K), 0.0596878 secs] [Times: user=0.35 sys=0.00, real=0.06 secs] 
3432.494: [GC (Allocation Failure) [PSYoungGen: 397792K->79136K(463872K)] 680731K->529131K(1862144K), 0.1642304 secs] [Times: user=0.97 sys=0.01, real=0.16 secs] 
3433.233: [GC (Allocation Failure) [PSYoungGen: 310048K->165632K(465920K)] 760043K->691085K(1864192K), 0.0523516 secs] [Times: user=0.31 sys=0.00, real=0.05 secs] 
3435.215: [GC (Allocation Failure) [PSYoungGen: 398592K->86432K(465920K)] 924045K->776989K(1864192K), 0.1274383 secs] [Times: user=0.76 sys=0.00, real=0.13 secs] 
3436.439: [GC (Allocation Failure) [PSYoungGen: 319392K->163712K(465920K)] 1009949K->937098K(1864192K), 0.0864101 secs] [Times: user=0.52 sys=0.00, real=0.09 secs] 
3440.533: [GC (Allocation Failure) [PSYoungGen: 396672K->78976K(465920K)] 1170058K->1015994K(1864192K), 0.1187776 secs] [Times: user=0.71 sys=0.01, real=0.11 secs] 
3441.318: [GC (Allocation Failure) [PSYoungGen: 311936K->168320K(465920K)] 1248954K->1180137K(1864192K), 0.0542066 secs] [Times: user=0.32 sys=0.00, real=0.05 secs] 
3443.123: [GC (Allocation Failure) [PSYoungGen: 401280K->87232K(465920K)] 1413097K->1266833K(1864192K), 0.1322186 secs] [Times: user=0.79 sys=0.00, real=0.13 secs] 
3443.255: [Full GC (Ergonomics) [PSYoungGen: 87232K->0K(465920K)] [ParOldGen: 1179601K->71083K(1398272K)] 1266833K->71083K(1864192K), [Metaspace: 60193K->60193K(1105920K)], 0.1739998 secs] [Times: user=0.79 sys=0.00, real=0.17 secs] 
3443.690: [GC (Allocation Failure) [PSYoungGen: 232960K->174592K(465920K)] 304043K->245675K(1864192K), 0.0378313 secs] [Times: user=0.22 sys=0.00, real=0.04 secs] 
3446.299: [GC (Allocation Failure) [PSYoungGen: 407552K->77344K(465920K)] 478635K->322799K(1864192K), 0.1186568 secs] [Times: user=0.70 sys=0.00, real=0.12 secs] 
3447.051: [GC (Allocation Failure) [PSYoungGen: 310304K->172384K(465920K)] 555759K->489504K(1864192K), 0.1042290 secs] [Times: user=0.62 sys=0.00, real=0.11 secs] 
3449.433: [GC (Allocation Failure) [PSYoungGen: 405344K->77664K(465920K)] 722464K->567000K(1864192K), 0.1049842 secs] [Times: user=0.62 sys=0.01, real=0.10 secs] 
3450.331: [GC (Allocation Failure) [PSYoungGen: 310624K->171680K(465920K)] 799960K->732749K(1864192K), 0.1313222 secs] [Times: user=0.79 sys=0.00, real=0.14 secs] 
3452.684: [GC (Allocation Failure) [PSYoungGen: 404640K->80384K(465920K)] 965709K->813373K(1864192K), 0.1049986 secs] [Times: user=0.62 sys=0.00, real=0.10 secs] 
3454.228: [GC (Allocation Failure) [PSYoungGen: 311870K->200000K(465920K)] 1044859K->1007594K(1864192K), 0.0615323 secs] [Times: user=0.36 sys=0.01, real=0.06 secs] 
3456.900: [GC (Allocation Failure) [PSYoungGen: 432960K->80544K(465920K)] 1240554K->1054098K(1864192K), 0.1034616 secs] [Times: user=0.61 sys=0.00, real=0.11 secs] 
3458.017: [GC (Allocation Failure) [PSYoungGen: 311063K->200416K(465920K)] 1284617K->1248390K(1864192K), 0.0671766 secs] [Times: user=0.40 sys=0.00, real=0.07 secs] 
3458.759: [GC (Allocation Failure) [PSYoungGen: 433376K->93088K(465920K)] 1481350K->1304838K(1864192K), 0.0645067 secs] [Times: user=0.38 sys=0.00, real=0.07 secs] 
3458.823: [Full GC (Ergonomics) [PSYoungGen: 93088K->0K(465920K)] [ParOldGen: 1211750K->108658K(1398272K)] 1304838K->108658K(1864192K), [Metaspace: 60195K->60195K(1105920K)], 0.2596561 secs] [Times: user=1.18 sys=0.00, real=0.26 secs] 
3461.563: [GC (Allocation Failure) [PSYoungGen: 232960K->150944K(465920K)] 341618K->259602K(1864192K), 0.0426866 secs] [Times: user=0.25 sys=0.00, real=0.04 secs] 
3462.819: [GC (Allocation Failure) [PSYoungGen: 379790K->93088K(465920K)] 488449K->352722K(1864192K), 0.0784436 secs] [Times: user=0.46 sys=0.01, real=0.08 secs] 
3465.401: [GC (Allocation Failure) [PSYoungGen: 326048K->150880K(465920K)] 585682K->497079K(1864192K), 0.0597613 secs] [Times: user=0.36 sys=0.00, real=0.06 secs] 
3466.304: [GC (Allocation Failure) [PSYoungGen: 383840K->99904K(465920K)] 730039K->597215K(1864192K), 0.0839330 secs] [Times: user=0.50 sys=0.00, real=0.08 secs] 
3468.246: [GC (Allocation Failure) [PSYoungGen: 332864K->148192K(465920K)] 830175K->735062K(1864192K), 0.0604545 secs] [Times: user=0.36 sys=0.00, real=0.06 secs] 
3469.812: [GC (Allocation Failure) [PSYoungGen: 381152K->107808K(340992K)] 968022K->842638K(1739264K), 0.0737848 secs] [Times: user=0.43 sys=0.00, real=0.08 secs] 
3471.710: [GC (Allocation Failure) [PSYoungGen: 340768K->140224K(469504K)] 1075598K->972511K(1867776K), 0.0610846 secs] [Times: user=0.36 sys=0.00, real=0.06 secs] 
3472.935: [GC (Allocation Failure) [PSYoungGen: 378304K->120416K(358912K)] 1210591K->1092867K(1757184K), 0.0917417 secs] [Times: user=0.54 sys=0.00, real=0.09 secs] 
3474.595: [GC (Allocation Failure) [PSYoungGen: 358496K->127872K(467456K)] 1330947K->1210816K(1865728K), 0.0621769 secs] [Times: user=0.37 sys=0.00, real=0.06 secs] 
3476.944: [GC (Allocation Failure) [PSYoungGen: 377728K->140288K(458752K)] 1460672K->1350896K(1857024K), 0.0579883 secs] [Times: user=0.35 sys=0.00, real=0.05 secs] 
3477.002: [Full GC (Ergonomics) [PSYoungGen: 140288K->0K(458752K)] [ParOldGen: 1210608K->155742K(1398272K)] 1350896K->155742K(1857024K), [Metaspace: 60216K->60216K(1105920K)], 0.3668265 secs] [Times: user=1.70 sys=0.00, real=0.37 secs] 
3478.547: [GC (Allocation Failure) [PSYoungGen: 249856K->112864K(482304K)] 405598K->268606K(1880576K), 0.0487844 secs] [Times: user=0.29 sys=0.00, real=0.05 secs] 
3480.190: [GC (Allocation Failure) [PSYoungGen: 389856K->188032K(477696K)] 545598K->455287K(1875968K), 0.0622455 secs] [Times: user=0.37 sys=0.00, real=0.06 secs] 
3484.138: [GC (Allocation Failure) [PSYoungGen: 465024K->112032K(487936K)] 732279K->566823K(1886208K), 0.1272490 secs] [Times: user=0.76 sys=0.00, real=0.13 secs] 
3486.870: [GC (Allocation Failure) [PSYoungGen: 383904K->182624K(454656K)] 838695K->739364K(1852928K), 0.0693744 secs] [Times: user=0.41 sys=0.00, real=0.07 secs] 
3489.609: [GC (Allocation Failure) [PSYoungGen: 454496K->120896K(482816K)] 1011236K->860148K(1881088K), 0.0793889 secs] [Times: user=0.47 sys=0.00, real=0.08 secs] 
3491.358: [GC (Allocation Failure) [PSYoungGen: 381504K->3488K(264192K)] 1120756K->742792K(1662464K), 0.0031335 secs] [Times: user=0.01 sys=0.00, real=0.00 secs] 
3493.496: [GC (Allocation Failure) [PSYoungGen: 264096K->171008K(463360K)] 1003400K->912470K(1861632K), 0.1075879 secs] [Times: user=0.63 sys=0.00, real=0.11 secs] 
3495.576: [GC (Allocation Failure) [PSYoungGen: 403968K->92416K(465920K)] 1145430K->995974K(1864192K), 0.0961448 secs] [Times: user=0.57 sys=0.01, real=0.09 secs] 
3496.577: [GC (Allocation Failure) [PSYoungGen: 325376K->165568K(465408K)] 1228934K->1159712K(1863680K), 0.0508621 secs] [Times: user=0.30 sys=0.00, real=0.05 secs] 
3498.901: [GC (Allocation Failure) [PSYoungGen: 398528K->88736K(465920K)] 1392672K->1239924K(1864192K), 0.1564686 secs] [Times: user=0.93 sys=0.00, real=0.16 secs] 
3499.058: [Full GC (Ergonomics) [PSYoungGen: 88736K->0K(465920K)] [ParOldGen: 1151188K->37882K(1398272K)] 1239924K->37882K(1864192K), [Metaspace: 60216K->60216K(1105920K)], 0.1032390 secs] [Times: user=0.41 sys=0.00, real=0.10 secs] 
3500.214: [GC (Allocation Failure) [PSYoungGen: 230908K->163840K(465920K)] 268790K->201722K(1864192K), 0.0316623 secs] [Times: user=0.19 sys=0.00, real=0.03 secs] 
3501.936: [GC (Allocation Failure) [PSYoungGen: 396800K->91424K(324608K)] 434682K->284642K(1722880K), 0.1104608 secs] [Times: user=0.66 sys=0.01, real=0.11 secs] 
3502.682: [GC (Allocation Failure) [PSYoungGen: 310504K->159936K(463872K)] 503722K->440567K(1862144K), 0.0477425 secs] [Times: user=0.27 sys=0.01, real=0.05 secs] 
3504.470: [GC (Allocation Failure) [PSYoungGen: 391872K->88096K(464896K)] 672503K->519607K(1863168K), 0.1347815 secs] [Times: user=0.80 sys=0.00, real=0.14 secs] 
3506.124: [GC (Allocation Failure) [PSYoungGen: 314780K->162176K(462848K)] 746291K->679128K(1861120K), 0.0468887 secs] [Times: user=0.28 sys=0.00, real=0.04 secs] 
3508.456: [GC (Allocation Failure) [PSYoungGen: 394112K->89056K(464896K)] 911064K->759548K(1863168K), 0.1169847 secs] [Times: user=0.70 sys=0.00, real=0.12 secs] 
3509.815: [GC (Allocation Failure) [PSYoungGen: 312240K->160192K(462848K)] 982732K->917433K(1861120K), 0.0868341 secs] [Times: user=0.51 sys=0.00, real=0.08 secs] 
3512.091: [GC (Allocation Failure) [PSYoungGen: 392640K->85952K(318464K)] 1149881K->995337K(1716736K), 0.1324467 secs] [Times: user=0.79 sys=0.00, real=0.14 secs] 
3513.281: [GC (Allocation Failure) [PSYoungGen: 308189K->163392K(461312K)] 1217574K->1156401K(1859584K), 0.0475281 secs] [Times: user=0.28 sys=0.00, real=0.05 secs] 
3515.447: [GC (Allocation Failure) [PSYoungGen: 395328K->88224K(464896K)] 1388337K->1236505K(1863168K), 0.1070719 secs] [Times: user=0.63 sys=0.00, real=0.11 secs] 
3516.151: [GC (Allocation Failure) [PSYoungGen: 311113K->160928K(462848K)] 1459394K->1395258K(1861120K), 0.0686032 secs] [Times: user=0.41 sys=0.00, real=0.07 secs] 
3516.220: [Full GC (Ergonomics) [PSYoungGen: 160928K->0K(462848K)] [ParOldGen: 1234330K->197406K(1398272K)] 1395258K->197406K(1861120K), [Metaspace: 60217K->60217K(1105920K)], 0.4743022 secs] [Times: user=2.21 sys=0.00, real=0.48 secs] 
3519.705: [GC (Allocation Failure) [PSYoungGen: 232960K->82560K(465920K)] 430366K->279966K(1864192K), 0.0903069 secs] [Times: user=0.53 sys=0.00, real=0.09 secs] 
3521.533: [GC (Allocation Failure) [PSYoungGen: 315520K->167264K(462848K)] 512926K->444330K(1861120K), 0.0459592 secs] [Times: user=0.28 sys=0.00, real=0.04 secs] 
3522.792: [GC (Allocation Failure) [PSYoungGen: 400224K->93600K(465920K)] 677290K->528990K(1864192K), 0.0993985 secs] [Times: user=0.59 sys=0.00, real=0.10 secs] 
3523.292: [GC (Allocation Failure) [PSYoungGen: 326560K->184032K(463872K)] 761950K->709879K(1862144K), 0.0507020 secs] [Times: user=0.30 sys=0.00, real=0.05 secs] 
3526.080: [GC (Allocation Failure) [PSYoungGen: 416992K->82048K(465920K)] 942839K->775319K(1864192K), 0.1311366 secs] [Times: user=0.78 sys=0.00, real=0.13 secs] 
3526.860: [GC (Allocation Failure) [PSYoungGen: 315008K->168480K(465920K)] 1008279K->941117K(1864192K), 0.0709082 secs] [Times: user=0.42 sys=0.01, real=0.07 secs] 
3529.963: [GC (Allocation Failure) [PSYoungGen: 401440K->76672K(465920K)] 1174077K->1017957K(1864192K), 0.1625948 secs] [Times: user=0.96 sys=0.00, real=0.16 secs] 
3530.535: [GC (Allocation Failure) [PSYoungGen: 309632K->171264K(465920K)] 1250917K->1185294K(1864192K), 0.0533957 secs] [Times: user=0.32 sys=0.00, real=0.05 secs] 
3534.122: [GC (Allocation Failure) [PSYoungGen: 404224K->75168K(465920K)] 1418254K->1260546K(1864192K), 0.1526640 secs] [Times: user=0.91 sys=0.00, real=0.16 secs] 
3534.275: [Full GC (Ergonomics) [PSYoungGen: 75168K->0K(465920K)] [ParOldGen: 1185378K->59238K(1398272K)] 1260546K->59238K(1864192K), [Metaspace: 60217K->60217K(1105920K)], 0.1555179 secs] [Times: user=0.72 sys=0.00, real=0.15 secs] 
3534.766: [GC (Allocation Failure) [PSYoungGen: 232960K->186656K(465920K)] 292198K->245894K(1864192K), 0.0355885 secs] [Times: user=0.21 sys=0.00, real=0.03 secs] 
3537.002: [GC (Allocation Failure) [PSYoungGen: 419616K->81568K(465920K)] 478854K->311070K(1864192K), 0.1314895 secs] [Times: user=0.79 sys=0.00, real=0.14 secs] 
3538.681: [GC (Allocation Failure) [PSYoungGen: 314528K->168480K(465920K)] 544030K->474015K(1864192K), 0.1393416 secs] [Times: user=0.84 sys=0.00, real=0.14 secs] 
3542.096: [GC (Allocation Failure) [PSYoungGen: 401440K->76992K(465920K)] 706975K->550739K(1864192K), 0.1436709 secs] [Times: user=0.85 sys=0.00, real=0.14 secs] 
3542.555: [GC (Allocation Failure) [PSYoungGen: 309952K->176544K(465920K)] 783699K->721176K(1864192K), 0.0546551 secs] [Times: user=0.33 sys=0.00, real=0.05 secs] 
3544.437: [GC (Allocation Failure) [PSYoungGen: 409504K->78368K(465920K)] 954136K->799776K(1864192K), 0.1353897 secs] [Times: user=0.81 sys=0.00, real=0.13 secs] 
3547.249: [GC (Allocation Failure) [PSYoungGen: 311328K->167456K(465920K)] 1032736K->961197K(1864192K), 0.1265189 secs] [Times: user=0.75 sys=0.00, real=0.13 secs] 
3549.578: [GC (Allocation Failure) [PSYoungGen: 400416K->84192K(465920K)] 1194157K->1045197K(1864192K), 0.1063532 secs] [Times: user=0.63 sys=0.00, real=0.11 secs] 
3551.698: [GC (Allocation Failure) [PSYoungGen: 317152K->168128K(465920K)] 1278157K->1207434K(1864192K), 0.1277876 secs] [Times: user=0.76 sys=0.00, real=0.13 secs] 
3553.499: [GC (Allocation Failure) [PSYoungGen: 401088K->82272K(465920K)] 1440394K->1289922K(1864192K), 0.0996708 secs] [Times: user=0.59 sys=0.00, real=0.10 secs] 
3553.599: [Full GC (Ergonomics) [PSYoungGen: 82272K->0K(465920K)] [ParOldGen: 1207650K->93866K(1398272K)] 1289922K->93866K(1864192K), [Metaspace: 60217K->60217K(1105920K)], 0.2138161 secs] [Times: user=0.95 sys=0.00, real=0.22 secs] 
3555.507: [GC (Allocation Failure) [PSYoungGen: 232960K->200736K(465920K)] 326826K->294602K(1864192K), 0.0354524 secs] [Times: user=0.21 sys=0.00, real=0.04 secs] 
3556.796: [GC (Allocation Failure) [PSYoungGen: 433696K->87136K(465920K)] 527562K->347154K(1864192K), 0.0987538 secs] [Times: user=0.59 sys=0.00, real=0.10 secs] 
3558.998: [GC (Allocation Failure) [PSYoungGen: 317091K->192992K(465920K)] 577110K->534543K(1864192K), 0.0662079 secs] [Times: user=0.39 sys=0.01, real=0.07 secs] 
3559.861: [GC (Allocation Failure) [PSYoungGen: 425952K->90304K(465920K)] 767503K->588239K(1864192K), 0.0875175 secs] [Times: user=0.52 sys=0.00, real=0.09 secs] 
3562.514: [GC (Allocation Failure) [PSYoungGen: 323264K->196691K(465920K)] 821199K->779231K(1864192K), 0.0664558 secs] [Times: user=0.39 sys=0.00, real=0.06 secs] 
3563.691: [GC (Allocation Failure) [PSYoungGen: 429651K->92960K(465920K)] 1012191K->829052K(1864192K), 0.0911077 secs] [Times: user=0.55 sys=0.00, real=0.09 secs] 
3565.026: [GC (Allocation Failure) [PSYoungGen: 325920K->151264K(465920K)] 1062012K->973927K(1864192K), 0.0608189 secs] [Times: user=0.36 sys=0.00, real=0.06 secs] 
3566.299: [GC (Allocation Failure) [PSYoungGen: 384224K->102848K(465920K)] 1206887K->1076651K(1864192K), 0.0719422 secs] [Times: user=0.43 sys=0.01, real=0.07 secs] 
3568.102: [GC (Allocation Failure) [PSYoungGen: 335808K->145088K(465920K)] 1309611K->1211376K(1864192K), 0.0613284 secs] [Times: user=0.36 sys=0.00, real=0.07 secs] 
3570.935: [GC (Allocation Failure) [PSYoungGen: 378048K->107360K(465920K)] 1444336K->1318520K(1864192K), 0.0717001 secs] [Times: user=0.42 sys=0.00, real=0.07 secs] 
3571.007: [Full GC (Ergonomics) [PSYoungGen: 107360K->0K(465920K)] [ParOldGen: 1211160K->123474K(1398272K)] 1318520K->123474K(1864192K), [Metaspace: 60217K->60217K(1105920K)], 0.2719013 secs] [Times: user=1.24 sys=0.00, real=0.27 secs] 
3572.632: [GC (Allocation Failure) [PSYoungGen: 232960K->140416K(465920K)] 356434K->263890K(1864192K), 0.0521197 secs] [Times: user=0.31 sys=0.00, real=0.06 secs] 
3574.634: [GC (Allocation Failure) [PSYoungGen: 373376K->114592K(347648K)] 496850K->378774K(1745920K), 0.0784883 secs] [Times: user=0.46 sys=0.01, real=0.07 secs] 
3575.859: [GC (Allocation Failure) [PSYoungGen: 347552K->133120K(467456K)] 611734K->501359K(1865728K), 0.0615265 secs] [Times: user=0.36 sys=0.00, real=0.06 secs] 
3576.972: [GC (Allocation Failure) [PSYoungGen: 374272K->147328K(459264K)] 742511K->648847K(1857536K), 0.0592929 secs] [Times: user=0.35 sys=0.00, real=0.06 secs] 
3579.120: [GC (Allocation Failure) [PSYoungGen: 388480K->2688K(456192K)] 889999K->504247K(1854464K), 0.0020966 secs] [Times: user=0.01 sys=0.00, real=0.00 secs] 
3581.212: [GC (Allocation Failure) [PSYoungGen: 242816K->170208K(410624K)] 744375K->673324K(1808896K), 0.0309928 secs] [Times: user=0.18 sys=0.00, real=0.03 secs] 
3583.677: [GC (Allocation Failure) [PSYoungGen: 410336K->99904K(468992K)] 913452K->748380K(1867264K), 0.1647159 secs] [Times: user=0.99 sys=0.00, real=0.16 secs] 
3585.761: [GC (Allocation Failure) [PSYoungGen: 335936K->161088K(465920K)] 984412K->907628K(1864192K), 0.0530196 secs] [Times: user=0.31 sys=0.00, real=0.06 secs] 
3587.168: [GC (Allocation Failure) [PSYoungGen: 397120K->96800K(461824K)] 1143660K->995277K(1860096K), 0.0898257 secs] [Times: user=0.53 sys=0.00, real=0.09 secs] 
3589.019: [GC (Allocation Failure) [PSYoungGen: 332832K->168704K(463872K)] 1231309K->1161625K(1862144K), 0.0520193 secs] [Times: user=0.30 sys=0.00, real=0.05 secs] 
3590.837: [GC (Allocation Failure) [PSYoungGen: 404736K->88640K(468480K)] 1397657K->1241665K(1866752K), 0.1477175 secs] [Times: user=0.88 sys=0.00, real=0.15 secs] 
3592.296: [GC (Allocation Failure) [PSYoungGen: 314341K->161280K(465920K)] 1467367K->1400426K(1864192K), 0.0489632 secs] [Times: user=0.28 sys=0.00, real=0.05 secs] 
3592.345: [Full GC (Ergonomics) [PSYoungGen: 161280K->0K(465920K)] [ParOldGen: 1239146K->197516K(1398272K)] 1400426K->197516K(1864192K), [Metaspace: 60217K->60217K(1105920K)], 0.4712095 secs] [Times: user=2.20 sys=0.01, real=0.47 secs] 
3594.209: [GC (Allocation Failure) [PSYoungGen: 235520K->90912K(463872K)] 433036K->288428K(1862144K), 0.0378573 secs] [Times: user=0.22 sys=0.00, real=0.04 secs] 
3594.821: [GC (Allocation Failure) [PSYoungGen: 326432K->169760K(464896K)] 523948K->455438K(1863168K), 0.0506117 secs] [Times: user=0.30 sys=0.00, real=0.05 secs] 
3597.537: [GC (Allocation Failure) [PSYoungGen: 405280K->83168K(465920K)] 690958K->538754K(1864192K), 0.1244742 secs] [Times: user=0.74 sys=0.00, real=0.12 secs] 
3598.388: [GC (Allocation Failure) [PSYoungGen: 316128K->164960K(465920K)] 771714K->700551K(1864192K), 0.0622715 secs] [Times: user=0.38 sys=0.00, real=0.06 secs] 
3601.474: [GC (Allocation Failure) [PSYoungGen: 397920K->79072K(465920K)] 933511K->779471K(1864192K), 0.1640142 secs] [Times: user=0.98 sys=0.00, real=0.16 secs] 
3602.194: [GC (Allocation Failure) [PSYoungGen: 312032K->184192K(465920K)] 1012431K->959762K(1864192K), 0.0534087 secs] [Times: user=0.32 sys=0.00, real=0.05 secs] 
3604.303: [GC (Allocation Failure) [PSYoungGen: 417152K->89248K(465920K)] 1192722K->1032506K(1864192K), 0.1743064 secs] [Times: user=1.04 sys=0.00, real=0.17 secs] 
3605.176: [GC (Allocation Failure) [PSYoungGen: 322208K->173056K(465920K)] 1265466K->1195911K(1864192K), 0.0889243 secs] [Times: user=0.53 sys=0.00, real=0.09 secs] 
3608.087: [GC (Allocation Failure) [PSYoungGen: 406016K->77024K(465920K)] 1428871K->1273023K(1864192K), 0.1394628 secs] [Times: user=0.82 sys=0.00, real=0.14 secs] 
3608.227: [Full GC (Ergonomics) [PSYoungGen: 77024K->0K(465920K)] [ParOldGen: 1195999K->72256K(1398272K)] 1273023K->72256K(1864192K), [Metaspace: 60342K->60342K(1105920K)], 0.1813191 secs] [Times: user=0.84 sys=0.00, real=0.18 secs] 
3608.668: [GC (Allocation Failure) [PSYoungGen: 232960K->174016K(465920K)] 305216K->246272K(1864192K), 0.0370092 secs] [Times: user=0.22 sys=0.00, real=0.04 secs] 
3610.265: [GC (Allocation Failure) [PSYoungGen: 406976K->87904K(465920K)] 479232K->333980K(1864192K), 0.1051934 secs] [Times: user=0.63 sys=0.00, real=0.10 secs] 
3611.715: [GC (Allocation Failure) [PSYoungGen: 320864K->169568K(465920K)] 566940K->497661K(1864192K), 0.1229648 secs] [Times: user=0.73 sys=0.00, real=0.12 secs] 
3614.171: [GC (Allocation Failure) [PSYoungGen: 402528K->79328K(465920K)] 730621K->576797K(1864192K), 0.0990161 secs] [Times: user=0.53 sys=0.00, real=0.10 secs] 
3615.279: [GC (Allocation Failure) [PSYoungGen: 311083K->202336K(465920K)] 808553K->772706K(1864192K), 0.0664208 secs] [Times: user=0.40 sys=0.00, real=0.07 secs] 
3617.462: [GC (Allocation Failure) [PSYoungGen: 435296K->83456K(465920K)] 1005666K->819554K(1864192K), 0.0968856 secs] [Times: user=0.58 sys=0.00, real=0.10 secs] 
3618.610: [GC (Allocation Failure) [PSYoungGen: 316416K->204001K(465920K)] 1052514K->1017096K(1864192K), 0.0676121 secs] [Times: user=0.40 sys=0.00, real=0.07 secs] 
3619.997: [GC (Allocation Failure) [PSYoungGen: 430419K->92576K(465920K)] 1243514K->1066479K(1864192K), 0.0904039 secs] [Times: user=0.54 sys=0.00, real=0.09 secs] 
3622.065: [GC (Allocation Failure) [PSYoungGen: 325536K->151136K(465920K)] 1299439K->1211556K(1864192K), 0.0611735 secs] [Times: user=0.36 sys=0.00, real=0.06 secs] 
3624.308: [GC (Allocation Failure) [PSYoungGen: 376954K->93088K(465920K)] 1437374K->1304468K(1864192K), 0.0767848 secs] [Times: user=0.45 sys=0.00, real=0.08 secs] 
3624.385: [Full GC (Ergonomics) [PSYoungGen: 93088K->0K(465920K)] [ParOldGen: 1211380K->109144K(1398272K)] 1304468K->109144K(1864192K), [Metaspace: 60342K->60342K(1105920K)], 0.2413254 secs] [Times: user=1.01 sys=0.00, real=0.24 secs] 
3625.712: [GC (Allocation Failure) [PSYoungGen: 232960K->151200K(465920K)] 342104K->260344K(1864192K), 0.0430609 secs] [Times: user=0.25 sys=0.00, real=0.05 secs] 
3627.530: [GC (Allocation Failure) [PSYoungGen: 384160K->97760K(465920K)] 493304K->358288K(1864192K), 0.0820528 secs] [Times: user=0.49 sys=0.00, real=0.08 secs] 
3628.947: [GC (Allocation Failure) [PSYoungGen: 330720K->150816K(465920K)] 591248K->498383K(1864192K), 0.0603480 secs] [Times: user=0.36 sys=0.00, real=0.06 secs] 
3631.250: [GC (Allocation Failure) [PSYoungGen: 383776K->109792K(465920K)] 731343K->607967K(1864192K), 0.0885069 secs] [Times: user=0.52 sys=0.00, real=0.09 secs] 
3632.766: [GC (Allocation Failure) [PSYoungGen: 342752K->146880K(379904K)] 840927K->736076K(1778176K), 0.0607835 secs] [Times: user=0.36 sys=0.00, real=0.06 secs] 
3635.053: [GC (Allocation Failure) [PSYoungGen: 379840K->110848K(469504K)] 969036K->846788K(1867776K), 0.0823738 secs] [Times: user=0.49 sys=0.00, real=0.08 secs] 
3636.901: [GC (Allocation Failure) [PSYoungGen: 350464K->137088K(462848K)] 1086404K->973271K(1861120K), 0.0610687 secs] [Times: user=0.36 sys=0.00, real=0.06 secs] 
3638.863: [GC (Allocation Failure) [PSYoungGen: 376704K->130560K(467456K)] 1212887K->1104015K(1865728K), 0.0639242 secs] [Times: user=0.38 sys=0.00, real=0.06 secs] 
3640.383: [GC (Allocation Failure) [PSYoungGen: 384512K->4096K(462848K)] 1357967K->977639K(1861120K), 0.0037079 secs] [Times: user=0.02 sys=0.01, real=0.01 secs] 
3642.662: [GC (Allocation Failure) [PSYoungGen: 258048K->170496K(458240K)] 1231591K->1146404K(1856512K), 0.0341848 secs] [Times: user=0.20 sys=0.01, real=0.04 secs] 
3644.324: [GC (Allocation Failure) [PSYoungGen: 406528K->97120K(467456K)] 1382436K->1234492K(1865728K), 0.1359342 secs] [Times: user=0.81 sys=0.00, real=0.13 secs] 
3645.322: [GC (Allocation Failure) [PSYoungGen: 319382K->161344K(463872K)] 1456754K->1394118K(1862144K), 0.0625346 secs] [Times: user=0.37 sys=0.00, real=0.07 secs] 
3645.384: [Full GC (Ergonomics) [PSYoungGen: 161344K->0K(463872K)] [ParOldGen: 1232774K->197291K(1398272K)] 1394118K->197291K(1862144K), [Metaspace: 60344K->60344K(1105920K)], 0.4677583 secs] [Times: user=2.16 sys=0.00, real=0.46 secs] 
3648.508: [GC (Allocation Failure) [PSYoungGen: 239104K->88768K(468992K)] 436395K->286059K(1867264K), 0.0704456 secs] [Times: user=0.41 sys=0.00, real=0.07 secs] 
3650.834: [GC (Allocation Failure) [PSYoungGen: 322489K->161888K(463360K)] 519781K->444880K(1861632K), 0.0466704 secs] [Times: user=0.27 sys=0.00, real=0.04 secs] 
3652.272: [GC (Allocation Failure) [PSYoungGen: 399968K->97312K(335872K)] 682960K->533076K(1734144K), 0.1603966 secs] [Times: user=0.95 sys=0.01, real=0.16 secs] 
3652.905: [GC (Allocation Failure) [PSYoungGen: 335392K->171424K(458240K)] 771156K->700681K(1856512K), 0.0512059 secs] [Times: user=0.31 sys=0.01, real=0.05 secs] 
3655.727: [GC (Allocation Failure) [PSYoungGen: 405408K->83264K(466432K)] 934665K->783393K(1864704K), 0.1716326 secs] [Times: user=1.02 sys=0.01, real=0.17 secs] 
3656.281: [GC (Allocation Failure) [PSYoungGen: 317248K->168960K(462336K)] 1017377K->948626K(1860608K), 0.0550598 secs] [Times: user=0.33 sys=0.01, real=0.06 secs] 
3659.416: [GC (Allocation Failure) [PSYoungGen: 399270K->77056K(465920K)] 1178936K->1025394K(1864192K), 0.1653554 secs] [Times: user=0.98 sys=0.01, real=0.16 secs] 
3660.000: [GC (Allocation Failure) [PSYoungGen: 310016K->170816K(465920K)] 1258354K->1192152K(1864192K), 0.0546139 secs] [Times: user=0.32 sys=0.00, real=0.06 secs] 
3663.360: [GC (Allocation Failure) [PSYoungGen: 403776K->76736K(465920K)] 1425112K->1268872K(1864192K), 0.1511505 secs] [Times: user=0.90 sys=0.01, real=0.15 secs] 
3663.511: [Full GC (Ergonomics) [PSYoungGen: 76736K->0K(465920K)] [ParOldGen: 1192136K->69502K(1398272K)] 1268872K->69502K(1864192K), [Metaspace: 60355K->60355K(1105920K)], 0.1770993 secs] [Times: user=0.82 sys=0.00, real=0.18 secs] 
3663.936: [GC (Allocation Failure) [PSYoungGen: 232960K->176992K(465920K)] 302462K->246494K(1864192K), 0.0377875 secs] [Times: user=0.22 sys=0.00, real=0.04 secs] 
3666.621: [GC (Allocation Failure) [PSYoungGen: 409952K->78080K(465920K)] 479454K->324806K(1864192K), 0.1209183 secs] [Times: user=0.72 sys=0.00, real=0.12 secs] 
3668.205: [GC (Allocation Failure) [PSYoungGen: 311040K->171840K(465920K)] 557766K->490091K(1864192K), 0.1529188 secs] [Times: user=0.91 sys=0.00, real=0.15 secs] 
3670.463: [GC (Allocation Failure) [PSYoungGen: 404800K->79520K(465920K)] 723051K->569483K(1864192K), 0.1179081 secs] [Times: user=0.70 sys=0.00, real=0.11 secs] 
3672.781: [GC (Allocation Failure) [PSYoungGen: 312480K->167744K(465920K)] 802443K->731296K(1864192K), 0.1243327 secs] [Times: user=0.74 sys=0.00, real=0.13 secs] 
3674.877: [GC (Allocation Failure) [PSYoungGen: 400704K->83456K(465920K)] 964256K->814976K(1864192K), 0.0929580 secs] [Times: user=0.56 sys=0.00, real=0.09 secs] 
3676.518: [GC (Allocation Failure) [PSYoungGen: 314583K->200416K(465920K)] 1046104K->1009281K(1864192K), 0.0580729 secs] [Times: user=0.35 sys=0.00, real=0.06 secs] 
3677.907: [GC (Allocation Failure) [PSYoungGen: 433376K->87520K(465920K)] 1242241K->1062945K(1864192K), 0.0968352 secs] [Times: user=0.58 sys=0.00, real=0.10 secs] 
3679.036: [GC (Allocation Failure) [PSYoungGen: 320480K->194048K(465920K)] 1295905K->1250942K(1864192K), 0.0634105 secs] [Times: user=0.38 sys=0.00, real=0.06 secs] 
3681.653: [GC (Allocation Failure) [PSYoungGen: 427008K->91488K(465920K)] 1483902K->1304990K(1864192K), 0.0934870 secs] [Times: user=0.55 sys=0.00, real=0.09 secs] 
3681.746: [Full GC (Ergonomics) [PSYoungGen: 91488K->0K(465920K)] [ParOldGen: 1213502K->106373K(1398272K)] 1304990K->106373K(1864192K), [Metaspace: 60356K->60356K(1105920K)], 0.2454584 secs] [Times: user=1.10 sys=0.01, real=0.24 secs] 
3683.503: [GC (Allocation Failure) [PSYoungGen: 232960K->153248K(465920K)] 339333K->259629K(1864192K), 0.0436811 secs] [Times: user=0.26 sys=0.00, real=0.04 secs] 
3686.609: [GC (Allocation Failure) [PSYoungGen: 382792K->92864K(465920K)] 489173K->352261K(1864192K), 0.0893316 secs] [Times: user=0.53 sys=0.00, real=0.09 secs] 
3687.850: [GC (Allocation Failure) [PSYoungGen: 325824K->150880K(465920K)] 585221K->496842K(1864192K), 0.0602208 secs] [Times: user=0.36 sys=0.00, real=0.06 secs] 
3690.971: [GC (Allocation Failure) [PSYoungGen: 383840K->98048K(465920K)] 729802K->594794K(1864192K), 0.0885459 secs] [Times: user=0.53 sys=0.00, real=0.09 secs] 
3692.801: [GC (Allocation Failure) [PSYoungGen: 331008K->149664K(465920K)] 827754K->734033K(1864192K), 0.0600814 secs] [Times: user=0.35 sys=0.00, real=0.06 secs] 
3694.229: [GC (Allocation Failure) [PSYoungGen: 382624K->107200K(340480K)] 966993K->841353K(1738752K), 0.0761209 secs] [Times: user=0.45 sys=0.00, real=0.08 secs] 
3695.482: [GC (Allocation Failure) [PSYoungGen: 340160K->141504K(468480K)] 1074313K->972096K(1866752K), 0.0609320 secs] [Times: user=0.36 sys=0.00, real=0.07 secs] 
3697.473: [GC (Allocation Failure) [PSYoungGen: 379072K->123136K(360960K)] 1209664K->1094936K(1759232K), 0.0619729 secs] [Times: user=0.36 sys=0.00, real=0.06 secs] 
3699.080: [GC (Allocation Failure) [PSYoungGen: 360704K->124928K(466944K)] 1332504K->1209641K(1865216K), 0.0626335 secs] [Times: user=0.37 sys=0.00, real=0.06 secs] 
3702.666: [GC (Allocation Failure) [PSYoungGen: 374784K->157440K(458752K)] 1459497K->1366857K(1857024K), 0.0584768 secs] [Times: user=0.35 sys=0.00, real=0.06 secs] 
3702.725: [Full GC (Ergonomics) [PSYoungGen: 157440K->0K(458752K)] [ParOldGen: 1209417K->156081K(1398272K)] 1366857K->156081K(1857024K), [Metaspace: 60378K->60378K(1105920K)], 0.3681468 secs] [Times: user=1.71 sys=0.00, real=0.37 secs] 
3704.384: [GC (Allocation Failure) [PSYoungGen: 249856K->113664K(483840K)] 405937K->269745K(1882112K), 0.0727403 secs] [Times: user=0.43 sys=0.00, real=0.07 secs] 
3707.096: [GC (Allocation Failure) [PSYoungGen: 379868K->177600K(455680K)] 535949K->445414K(1853952K), 0.0598028 secs] [Times: user=0.36 sys=0.00, real=0.06 secs] 
3708.969: [GC (Allocation Failure) [PSYoungGen: 455616K->124800K(488960K)] 723430K->561406K(1887232K), 0.1475408 secs] [Times: user=0.88 sys=0.00, real=0.15 secs] 
3710.537: [GC (Allocation Failure) [PSYoungGen: 397184K->184032K(456704K)] 833790K->738690K(1854976K), 0.0669872 secs] [Times: user=0.40 sys=0.00, real=0.07 secs] 
3712.595: [GC (Allocation Failure) [PSYoungGen: 456416K->134304K(485376K)] 1011074K->873098K(1883648K), 0.0720483 secs] [Times: user=0.43 sys=0.00, real=0.07 secs] 
3713.975: [GC (Allocation Failure) [PSYoungGen: 398496K->4352K(268800K)] 1137290K->743178K(1667072K), 0.0041907 secs] [Times: user=0.02 sys=0.00, real=0.00 secs] 
3716.900: [GC (Allocation Failure) [PSYoungGen: 268544K->183456K(461824K)] 1007370K->924807K(1860096K), 0.0354769 secs] [Times: user=0.21 sys=0.01, real=0.04 secs] 
3718.269: [GC (Allocation Failure) [PSYoungGen: 414926K->95104K(465920K)] 1156278K->1002623K(1864192K), 0.0999190 secs] [Times: user=0.59 sys=0.00, real=0.10 secs] 
3719.008: [GC (Allocation Failure) [PSYoungGen: 320763K->160576K(465920K)] 1228283K->1160524K(1864192K), 0.0503310 secs] [Times: user=0.30 sys=0.00, real=0.05 secs] 
3720.718: [GC (Allocation Failure) [PSYoungGen: 393536K->91200K(465920K)] 1393484K->1242348K(1864192K), 0.1194133 secs] [Times: user=0.71 sys=0.00, real=0.12 secs] 
3720.837: [Full GC (Ergonomics) [PSYoungGen: 91200K->0K(465920K)] [ParOldGen: 1151148K->42347K(1398272K)] 1242348K->42347K(1864192K), [Metaspace: 60380K->60380K(1105920K)], 0.0941770 secs] [Times: user=0.40 sys=0.00, real=0.09 secs] 
3722.204: [GC (Allocation Failure) [PSYoungGen: 220692K->159648K(465920K)] 263040K->201995K(1864192K), 0.0315043 secs] [Times: user=0.19 sys=0.00, real=0.03 secs] 
3725.674: [GC (Allocation Failure) [PSYoungGen: 392608K->82944K(316416K)] 434955K->276491K(1714688K), 0.1661097 secs] [Times: user=0.98 sys=0.00, real=0.16 secs] 
3727.234: [GC (Allocation Failure) [PSYoungGen: 313380K->167296K(463872K)] 506928K->440768K(1862144K), 0.0460957 secs] [Times: user=0.28 sys=0.00, real=0.04 secs] 
3728.580: [GC (Allocation Failure) [PSYoungGen: 399232K->89440K(464896K)] 672704K->521728K(1863168K), 0.0731726 secs] [Times: user=0.42 sys=0.01, real=0.08 secs] 
3729.939: [GC (Allocation Failure) [PSYoungGen: 313675K->160224K(465920K)] 745963K->679874K(1864192K), 0.0476157 secs] [Times: user=0.28 sys=0.00, real=0.05 secs] 
3731.600: [GC (Allocation Failure) [PSYoungGen: 393184K->91520K(324608K)] 912834K->763182K(1722880K), 0.1025924 secs] [Times: user=0.60 sys=0.01, real=0.10 secs] 
3732.435: [GC (Allocation Failure) [PSYoungGen: 324480K->167040K(461824K)] 996142K->927355K(1860096K), 0.0749776 secs] [Times: user=0.44 sys=0.00, real=0.07 secs] 
3735.059: [GC (Allocation Failure) [PSYoungGen: 397952K->78944K(463872K)] 1158267K->1006427K(1862144K), 0.1432333 secs] [Times: user=0.85 sys=0.00, real=0.14 secs] 
3735.911: [GC (Allocation Failure) [PSYoungGen: 309856K->165984K(465920K)] 1237339K->1169300K(1864192K), 0.0552094 secs] [Times: user=0.33 sys=0.00, real=0.06 secs] 
3739.477: [GC (Allocation Failure) [PSYoungGen: 398944K->80640K(465920K)] 1402260K->1250044K(1864192K), 0.1549541 secs] [Times: user=0.93 sys=0.00, real=0.15 secs] 
3739.632: [Full GC (Ergonomics) [PSYoungGen: 80640K->0K(465920K)] [ParOldGen: 1169404K->51455K(1398272K)] 1250044K->51455K(1864192K), [Metaspace: 60380K->60380K(1105920K)], 0.1517271 secs] [Times: user=0.65 sys=0.00, real=0.16 secs] 
3740.379: [GC (Allocation Failure) [PSYoungGen: 232960K->183616K(465920K)] 284415K->235071K(1864192K), 0.0357108 secs] [Times: user=0.21 sys=0.00, real=0.04 secs] 
3743.943: [GC (Allocation Failure) [PSYoungGen: 416576K->78176K(465920K)] 468031K->296395K(1864192K), 0.1597941 secs] [Times: user=0.95 sys=0.01, real=0.16 secs] 
3744.618: [GC (Allocation Failure) [PSYoungGen: 311136K->171552K(465920K)] 529355K->464300K(1864192K), 0.0531792 secs] [Times: user=0.31 sys=0.00, real=0.05 secs] 
3747.657: [GC (Allocation Failure) [PSYoungGen: 404340K->80512K(465920K)] 697089K->544956K(1864192K), 0.1458071 secs] [Times: user=0.87 sys=0.00, real=0.15 secs] 
3748.166: [GC (Allocation Failure) [PSYoungGen: 313472K->171040K(465920K)] 777916K->712165K(1864192K), 0.0553781 secs] [Times: user=0.33 sys=0.00, real=0.05 secs] 
3751.261: [GC (Allocation Failure) [PSYoungGen: 404000K->78848K(465920K)] 945125K->791245K(1864192K), 0.1534279 secs] [Times: user=0.91 sys=0.01, real=0.16 secs] 
3751.716: [GC (Allocation Failure) [PSYoungGen: 311808K->172960K(465920K)] 1024205K->957934K(1864192K), 0.0566435 secs] [Times: user=0.34 sys=0.00, real=0.06 secs] 
3754.147: [GC (Allocation Failure) [PSYoungGen: 405920K->83456K(465920K)] 1190894K->1041238K(1864192K), 0.1243360 secs] [Times: user=0.74 sys=0.01, real=0.12 secs] 
3754.986: [GC (Allocation Failure) [PSYoungGen: 316416K->173344K(465920K)] 1274198K->1208331K(1864192K), 0.1374364 secs] [Times: user=0.82 sys=0.00, real=0.14 secs] 
3757.528: [GC (Allocation Failure) [PSYoungGen: 406304K->79584K(465920K)] 1441291K->1288003K(1864192K), 0.1284432 secs] [Times: user=0.74 sys=0.00, real=0.13 secs] 
3757.657: [Full GC (Ergonomics) [PSYoungGen: 79584K->0K(465920K)] [ParOldGen: 1208419K->91118K(1398272K)] 1288003K->91118K(1864192K), [Metaspace: 60381K->60381K(1105920K)], 0.2223630 secs] [Times: user=0.93 sys=0.00, real=0.22 secs] 
3758.423: [GC (Allocation Failure) [PSYoungGen: 231840K->203712K(465920K)] 322958K->294830K(1864192K), 0.0361279 secs] [Times: user=0.22 sys=0.00, real=0.03 secs] 
3760.144: [GC (Allocation Failure) [PSYoungGen: 436672K->86560K(465920K)] 527790K->346578K(1864192K), 0.1018926 secs] [Times: user=0.61 sys=0.00, real=0.10 secs] 
3761.758: [GC (Allocation Failure) [PSYoungGen: 317659K->194336K(465920K)] 577677K->535015K(1864192K), 0.0662653 secs] [Times: user=0.39 sys=0.00, real=0.07 secs] 
3762.817: [GC (Allocation Failure) [PSYoungGen: 427107K->92832K(465920K)] 767787K->590911K(1864192K), 0.0991146 secs] [Times: user=0.58 sys=0.00, real=0.10 secs] 
3766.126: [GC (Allocation Failure) [PSYoungGen: 325792K->151200K(465920K)] 823871K->735804K(1864192K), 0.0605144 secs] [Times: user=0.36 sys=0.00, real=0.06 secs] 
3767.600: [GC (Allocation Failure) [PSYoungGen: 380281K->92640K(465920K)] 964885K->828236K(1864192K), 0.0914740 secs] [Times: user=0.54 sys=0.00, real=0.09 secs] 
3770.571: [GC (Allocation Failure) [PSYoungGen: 321082K->188352K(465920K)] 1056678K->1010984K(1864192K), 0.0677526 secs] [Times: user=0.41 sys=0.00, real=0.07 secs] 
3773.049: [GC (Allocation Failure) [PSYoungGen: 421312K->87136K(465920K)] 1243944K->1061104K(1864192K), 0.0942003 secs] [Times: user=0.56 sys=0.00, real=0.10 secs] 
3775.049: [GC (Allocation Failure) [PSYoungGen: 320096K->157088K(465920K)] 1294064K->1211305K(1864192K), 0.0604059 secs] [Times: user=0.36 sys=0.00, real=0.06 secs] 
3777.209: [GC (Allocation Failure) [PSYoungGen: 389339K->93088K(465920K)] 1443556K->1304601K(1864192K), 0.0910159 secs] [Times: user=0.54 sys=0.00, real=0.09 secs] 
3777.300: [Full GC (Ergonomics) [PSYoungGen: 93088K->0K(465920K)] [ParOldGen: 1211513K->108196K(1398272K)] 1304601K->108196K(1864192K), [Metaspace: 60381K->60381K(1105920K)], 0.2498692 secs] [Times: user=1.13 sys=0.00, real=0.25 secs] 
3779.311: [GC (Allocation Failure) [PSYoungGen: 232960K->151328K(465920K)] 341156K->259524K(1864192K), 0.0430838 secs] [Times: user=0.25 sys=0.00, real=0.05 secs] 
3781.558: [GC (Allocation Failure) [PSYoungGen: 376408K->93248K(465920K)] 484604K->352684K(1864192K), 0.0919913 secs] [Times: user=0.55 sys=0.00, real=0.09 secs] 
3782.767: [GC (Allocation Failure) [PSYoungGen: 326208K->150784K(465920K)] 585644K->496769K(1864192K), 0.0602282 secs] [Times: user=0.36 sys=0.00, real=0.06 secs] 
3783.743: [GC (Allocation Failure) [PSYoungGen: 383744K->106880K(339968K)] 729729K->603873K(1738240K), 0.1016969 secs] [Times: user=0.60 sys=0.00, real=0.10 secs] 
3786.240: [GC (Allocation Failure) [PSYoungGen: 339840K->140704K(470528K)] 836833K->734502K(1868800K), 0.0611193 secs] [Times: user=0.37 sys=0.00, real=0.06 secs] 
3788.273: [GC (Allocation Failure) [PSYoungGen: 379296K->114720K(353792K)] 973094K->849286K(1752064K), 0.0731851 secs] [Times: user=0.43 sys=0.00, real=0.08 secs] 
3789.505: [GC (Allocation Failure) [PSYoungGen: 353312K->133696K(466944K)] 1087878K->972563K(1865216K), 0.0621065 secs] [Times: user=0.37 sys=0.00, real=0.06 secs] 
3790.673: [GC (Allocation Failure) [PSYoungGen: 381504K->155104K(459776K)] 1220371K->1127447K(1858048K), 0.0599114 secs] [Times: user=0.35 sys=0.00, real=0.06 secs] 
3793.960: [GC (Allocation Failure) [PSYoungGen: 402912K->5184K(459264K)] 1375255K->977583K(1857536K), 0.0065030 secs] [Times: user=0.03 sys=0.00, real=0.01 secs] 
3796.397: [GC (Allocation Failure) [PSYoungGen: 250432K->172768K(418304K)] 1222831K->1148258K(1816576K), 0.0333528 secs] [Times: user=0.20 sys=0.00, real=0.03 secs] 
3797.875: [GC (Allocation Failure) [PSYoungGen: 418016K->103200K(470528K)] 1393506K->1234074K(1868800K), 0.1471241 secs] [Times: user=0.87 sys=0.00, real=0.14 secs] 
3798.600: [GC (Allocation Failure) [PSYoungGen: 340768K->170272K(465920K)] 1471642K->1402344K(1864192K), 0.0616527 secs] [Times: user=0.31 sys=0.00, real=0.06 secs] 
3798.662: [Full GC (Ergonomics) [PSYoungGen: 170272K->0K(465920K)] [ParOldGen: 1232072K->206141K(1398272K)] 1402344K->206141K(1864192K), [Metaspace: 60381K->60381K(1105920K)], 0.4798436 secs] [Times: user=2.21 sys=0.00, real=0.48 secs] 
3802.818: [GC (Allocation Failure) [PSYoungGen: 237568K->79968K(465920K)] 443709K->286109K(1864192K), 0.0947592 secs] [Times: user=0.57 sys=0.00, real=0.10 secs] 
3803.456: [GC (Allocation Failure) [PSYoungGen: 312928K->167136K(465920K)] 519069K->450118K(1864192K), 0.0527039 secs] [Times: user=0.31 sys=0.00, real=0.05 secs] 
3805.842: [GC (Allocation Failure) [PSYoungGen: 400096K->84832K(465920K)] 683078K->534710K(1864192K), 0.1416293 secs] [Times: user=0.85 sys=0.00, real=0.15 secs] 
3807.253: [GC (Allocation Failure) [PSYoungGen: 317792K->169664K(465920K)] 767670K->701342K(1864192K), 0.1015892 secs] [Times: user=0.60 sys=0.00, real=0.10 secs] 
3810.907: [GC (Allocation Failure) [PSYoungGen: 402624K->77056K(465920K)] 934302K->778622K(1864192K), 0.1719973 secs] [Times: user=1.02 sys=0.00, real=0.17 secs] 
3811.440: [GC (Allocation Failure) [PSYoungGen: 310016K->171680K(465920K)] 1011582K->946431K(1864192K), 0.0538068 secs] [Times: user=0.32 sys=0.00, real=0.06 secs] 
3814.918: [GC (Allocation Failure) [PSYoungGen: 404640K->77024K(465920K)] 1179391K->1023515K(1864192K), 0.1449327 secs] [Times: user=0.86 sys=0.01, real=0.15 secs] 
3815.894: [GC (Allocation Failure) [PSYoungGen: 309984K->170720K(465920K)] 1256475K->1188524K(1864192K), 0.1439982 secs] [Times: user=0.86 sys=0.00, real=0.14 secs] 
3819.736: [GC (Allocation Failure) [PSYoungGen: 403680K->75680K(465920K)] 1421484K->1264420K(1864192K), 0.1674181 secs] [Times: user=1.00 sys=0.00, real=0.17 secs] 
3819.903: [Full GC (Ergonomics) [PSYoungGen: 75680K->0K(465920K)] [ParOldGen: 1188740K->71435K(1398272K)] 1264420K->71435K(1864192K), [Metaspace: 60382K->60382K(1105920K)], 0.1887926 secs] [Times: user=0.89 sys=0.00, real=0.18 secs] 
3820.342: [GC (Allocation Failure) [PSYoungGen: 232960K->177152K(465920K)] 304395K->248587K(1864192K), 0.0377209 secs] [Times: user=0.22 sys=0.00, real=0.04 secs] 
3822.868: [GC (Allocation Failure) [PSYoungGen: 410112K->76576K(465920K)] 481547K->325399K(1864192K), 0.1024539 secs] [Times: user=0.60 sys=0.00, real=0.10 secs] 
3823.633: [GC (Allocation Failure) [PSYoungGen: 309536K->174240K(465920K)] 558359K->493408K(1864192K), 0.0860270 secs] [Times: user=0.51 sys=0.00, real=0.08 secs] 
3826.578: [GC (Allocation Failure) [PSYoungGen: 407200K->82240K(465920K)] 726368K->575536K(1864192K), 0.1117660 secs] [Times: user=0.67 sys=0.00, real=0.11 secs] 
3827.315: [GC (Allocation Failure) [PSYoungGen: 315200K->185312K(465920K)] 808496K->754893K(1864192K), 0.0592689 secs] [Times: user=0.35 sys=0.01, real=0.06 secs] 
3830.153: [GC (Allocation Failure) [PSYoungGen: 418272K->85920K(465920K)] 987853K->822301K(1864192K), 0.1073968 secs] [Times: user=0.64 sys=0.00, real=0.10 secs] 
3832.249: [GC (Allocation Failure) [PSYoungGen: 315522K->194912K(465920K)] 1051903K->1011298K(1864192K), 0.0671291 secs] [Times: user=0.40 sys=0.00, real=0.07 secs] 
3835.330: [GC (Allocation Failure) [PSYoungGen: 427872K->86400K(465920K)] 1244258K->1060794K(1864192K), 0.0976183 secs] [Times: user=0.58 sys=0.00, real=0.10 secs] 
3836.559: [GC (Allocation Failure) [PSYoungGen: 319360K->157920K(465920K)] 1293754K->1212359K(1864192K), 0.0602828 secs] [Times: user=0.36 sys=0.01, real=0.06 secs] 
3840.104: [GC (Allocation Failure) [PSYoungGen: 390880K->92128K(465920K)] 1445319K->1304367K(1864192K), 0.0973196 secs] [Times: user=0.58 sys=0.00, real=0.09 secs] 
3840.201: [Full GC (Ergonomics) [PSYoungGen: 92128K->0K(465920K)] [ParOldGen: 1212239K->107201K(1398272K)] 1304367K->107201K(1864192K), [Metaspace: 60383K->60383K(1105920K)], 0.2559813 secs] [Times: user=1.18 sys=0.00, real=0.26 secs] 
3841.542: [GC (Allocation Failure) [PSYoungGen: 232960K->152160K(465920K)] 340161K->259361K(1864192K), 0.0432445 secs] [Times: user=0.26 sys=0.00, real=0.05 secs] 
3844.361: [GC (Allocation Failure) [PSYoungGen: 377083K->93344K(465920K)] 484284K->352933K(1864192K), 0.0912045 secs] [Times: user=0.55 sys=0.00, real=0.09 secs] 
3845.587: [GC (Allocation Failure) [PSYoungGen: 326304K->151232K(465920K)] 585893K->497388K(1864192K), 0.0606029 secs] [Times: user=0.36 sys=0.00, real=0.06 secs] 
3847.941: [GC (Allocation Failure) [PSYoungGen: 384192K->97856K(465920K)] 730348K->595044K(1864192K), 0.0920722 secs] [Times: user=0.54 sys=0.01, real=0.10 secs] 
3849.163: [GC (Allocation Failure) [PSYoungGen: 330816K->150272K(465920K)] 828004K->734557K(1864192K), 0.0604744 secs] [Times: user=0.36 sys=0.00, real=0.06 secs] 
3850.301: [GC (Allocation Failure) [PSYoungGen: 383232K->112640K(451584K)] 967517K->847317K(1849856K), 0.0674131 secs] [Times: user=0.39 sys=0.00, real=0.07 secs] 
3852.029: [GC (Allocation Failure) [PSYoungGen: 345600K->135456K(458752K)] 1080277K->972130K(1857024K), 0.0616550 secs] [Times: user=0.37 sys=0.00, real=0.06 secs] 
3853.952: [GC (Allocation Failure) [PSYoungGen: 368416K->130688K(455680K)] 1205090K->1102986K(1853952K), 0.0668805 secs] [Times: user=0.40 sys=0.00, real=0.07 secs] 
3855.209: [GC (Allocation Failure) [PSYoungGen: 384128K->2304K(464896K)] 1356426K->974642K(1863168K), 0.0022261 secs] [Times: user=0.01 sys=0.00, real=0.00 secs] 
3857.247: [GC (Allocation Failure) [PSYoungGen: 255744K->164288K(459264K)] 1228082K->1138130K(1857536K), 0.0326895 secs] [Times: user=0.18 sys=0.00, real=0.03 secs] 
3859.566: [GC (Allocation Failure) [PSYoungGen: 399296K->94912K(466944K)] 1373138K->1224407K(1865216K), 0.1090494 secs] [Times: user=0.65 sys=0.00, real=0.11 secs] 
3860.549: [GC (Allocation Failure) [PSYoungGen: 329920K->167904K(457728K)] 1459415K->1391167K(1856000K), 0.0609421 secs] [Times: user=0.36 sys=0.00, real=0.06 secs] 
3860.610: [Full GC (Ergonomics) [PSYoungGen: 167904K->0K(457728K)] [ParOldGen: 1223263K->195053K(1398272K)] 1391167K->195053K(1856000K), [Metaspace: 60395K->60395K(1105920K)], 0.4772583 secs] [Times: user=2.24 sys=0.00, real=0.48 secs] 
3863.375: [GC (Allocation Failure) [PSYoungGen: 232960K->86464K(465920K)] 428013K->281525K(1864192K), 0.0888080 secs] [Times: user=0.53 sys=0.00, real=0.09 secs] 
3865.088: [GC (Allocation Failure) [PSYoungGen: 317511K->165760K(460800K)] 512572K->444658K(1859072K), 0.0475807 secs] [Times: user=0.28 sys=0.00, real=0.05 secs] 
3866.992: [GC (Allocation Failure) [PSYoungGen: 398711K->89664K(465920K)] 677610K->525542K(1864192K), 0.1574720 secs] [Times: user=0.94 sys=0.00, real=0.16 secs] 
3868.171: [GC (Allocation Failure) [PSYoungGen: 315226K->159712K(461824K)] 751104K->682999K(1860096K), 0.0558305 secs] [Times: user=0.33 sys=0.01, real=0.06 secs] 
3870.263: [GC (Allocation Failure) [PSYoungGen: 392672K->90880K(324096K)] 915959K->765367K(1722368K), 0.1356906 secs] [Times: user=0.79 sys=0.00, real=0.13 secs] 
3872.272: [GC (Allocation Failure) [PSYoungGen: 316452K->159232K(461312K)] 990939K->921468K(1859584K), 0.1308831 secs] [Times: user=0.77 sys=0.00, real=0.14 secs] 
3875.379: [GC (Allocation Failure) [PSYoungGen: 392704K->81376K(464896K)] 1154940K->994660K(1863168K), 0.1534936 secs] [Times: user=0.91 sys=0.01, real=0.15 secs] 
3877.040: [GC (Allocation Failure) [PSYoungGen: 313310K->168384K(460800K)] 1226594K->1160788K(1859072K), 0.0476081 secs] [Times: user=0.28 sys=0.00, real=0.05 secs] 
3879.196: [GC (Allocation Failure) [PSYoungGen: 401344K->91264K(465920K)] 1393748K->1243540K(1864192K), 0.0961495 secs] [Times: user=0.58 sys=0.00, real=0.09 secs] 
3880.117: [GC (Allocation Failure) [PSYoungGen: 324224K->215936K(462848K)] 1476500K->1456665K(1861120K), 0.0735420 secs] [Times: user=0.43 sys=0.01, real=0.07 secs] 
3880.191: [Full GC (Ergonomics) [PSYoungGen: 215936K->0K(462848K)] [ParOldGen: 1240729K->205762K(1398272K)] 1456665K->205762K(1861120K), [Metaspace: 60395K->60395K(1105920K)], 0.4865620 secs] [Times: user=2.25 sys=0.00, real=0.49 secs] 
3883.275: [GC (Allocation Failure) [PSYoungGen: 232960K->82496K(465920K)] 438722K->288258K(1864192K), 0.1682218 secs] [Times: user=1.00 sys=0.01, real=0.17 secs] 
3884.397: [GC (Allocation Failure) [PSYoungGen: 315456K->165888K(465920K)] 521218K->449827K(1864192K), 0.0531341 secs] [Times: user=0.32 sys=0.00, real=0.05 secs] 
3887.391: [GC (Allocation Failure) [PSYoungGen: 398848K->86496K(465920K)] 682787K->536071K(1864192K), 0.1781004 secs] [Times: user=1.06 sys=0.01, real=0.18 secs] 
3888.084: [GC (Allocation Failure) [PSYoungGen: 319456K->166208K(465920K)] 769031K->698736K(1864192K), 0.0540469 secs] [Times: user=0.32 sys=0.01, real=0.05 secs] 
3891.920: [GC (Allocation Failure) [PSYoungGen: 399168K->79904K(465920K)] 931696K->777948K(1864192K), 0.1526404 secs] [Times: user=0.90 sys=0.01, real=0.15 secs] 
3892.826: [GC (Allocation Failure) [PSYoungGen: 312864K->164992K(465920K)] 1010908K->939055K(1864192K), 0.0537218 secs] [Times: user=0.32 sys=0.00, real=0.05 secs] 
3895.370: [GC (Allocation Failure) [PSYoungGen: 397952K->87232K(465920K)] 1172015K->1025891K(1864192K), 0.1468001 secs] [Times: user=0.87 sys=0.00, real=0.15 secs] 
3895.795: [GC (Allocation Failure) [PSYoungGen: 320192K->174208K(465920K)] 1258851K->1190000K(1864192K), 0.0561917 secs] [Times: user=0.33 sys=0.00, real=0.05 secs] 
3899.632: [GC (Allocation Failure) [PSYoungGen: 407168K->75648K(465920K)] 1422960K->1265588K(1864192K), 0.1494467 secs] [Times: user=0.89 sys=0.00, real=0.15 secs] 
3899.782: [Full GC (Ergonomics) [PSYoungGen: 75648K->0K(465920K)] [ParOldGen: 1189940K->73645K(1398272K)] 1265588K->73645K(1864192K), [Metaspace: 60396K->60396K(1105920K)], 0.1993439 secs] [Times: user=0.89 sys=0.00, real=0.20 secs] 
3900.247: [GC (Allocation Failure) [PSYoungGen: 232960K->177504K(465920K)] 306605K->251149K(1864192K), 0.0379118 secs] [Times: user=0.23 sys=0.00, real=0.04 secs] 
3902.670: [GC (Allocation Failure) [PSYoungGen: 410464K->75904K(465920K)] 484109K->327365K(1864192K), 0.1397485 secs] [Times: user=0.83 sys=0.00, real=0.14 secs] 
3903.138: [GC (Allocation Failure) [PSYoungGen: 308789K->209856K(465920K)] 560251K->531166K(1864192K), 0.0561267 secs] [Times: user=0.34 sys=0.00, real=0.06 secs] 
3905.805: [GC (Allocation Failure) [PSYoungGen: 442816K->81600K(465920K)] 764126K->579746K(1864192K), 0.1117354 secs] [Times: user=0.66 sys=0.00, real=0.11 secs] 
3909.251: [GC (Allocation Failure) [PSYoungGen: 314560K->179328K(465920K)] 812706K->752719K(1864192K), 0.0977270 secs] [Times: user=0.59 sys=0.00, real=0.10 secs] 
3911.860: [GC (Allocation Failure) [PSYoungGen: 412288K->87168K(465920K)] 985679K->823055K(1864192K), 0.1073650 secs] [Times: user=0.64 sys=0.00, real=0.11 secs] 
3913.077: [GC (Allocation Failure) [PSYoungGen: 320128K->160864K(465920K)] 1056015K->973284K(1864192K), 0.0607850 secs] [Times: user=0.37 sys=0.00, real=0.06 secs] 
3915.788: [GC (Allocation Failure) [PSYoungGen: 393824K->92960K(465920K)] 1206244K->1066172K(1864192K), 0.0932976 secs] [Times: user=0.56 sys=0.01, real=0.09 secs] 
3917.811: [GC (Allocation Failure) [PSYoungGen: 325920K->151264K(465920K)] 1299132K->1211055K(1864192K), 0.0610535 secs] [Times: user=0.36 sys=0.00, real=0.06 secs] 
3918.404: [GC (Allocation Failure) [PSYoungGen: 384224K->99040K(465920K)] 1444015K->1310311K(1864192K), 0.0853892 secs] [Times: user=0.51 sys=0.01, real=0.08 secs] 
3918.489: [Full GC (Ergonomics) [PSYoungGen: 99040K->0K(465920K)] [ParOldGen: 1211271K->114141K(1398272K)] 1310311K->114141K(1864192K), [Metaspace: 60398K->60398K(1105920K)], 0.2523106 secs] [Times: user=1.13 sys=0.00, real=0.25 secs] 
3920.885: [GC (Allocation Failure) [PSYoungGen: 232960K->149024K(465920K)] 347101K->263165K(1864192K), 0.0547215 secs] [Times: user=0.32 sys=0.01, real=0.05 secs] 
3922.412: [GC (Allocation Failure) [PSYoungGen: 381984K->107616K(465920K)] 496125K->371077K(1864192K), 0.0887098 secs] [Times: user=0.53 sys=0.00, real=0.09 secs] 
3925.135: [GC (Allocation Failure) [PSYoungGen: 340576K->140128K(456704K)] 604037K->500698K(1854976K), 0.0603965 secs] [Times: user=0.36 sys=0.00, real=0.06 secs] 
3925.845: [GC (Allocation Failure) [PSYoungGen: 373088K->120032K(461312K)] 733658K->620962K(1859584K), 0.0630658 secs] [Times: user=0.37 sys=0.00, real=0.06 secs] 
3928.528: [GC (Allocation Failure) [PSYoungGen: 352992K->127552K(455680K)] 853922K->738495K(1853952K), 0.0626066 secs] [Times: user=0.37 sys=0.00, real=0.06 secs] 
3930.273: [GC (Allocation Failure) [PSYoungGen: 377920K->138304K(461312K)] 988863K->876959K(1859584K), 0.0579111 secs] [Times: user=0.34 sys=0.01, real=0.06 secs] 
3931.620: [GC (Allocation Failure) [PSYoungGen: 388672K->5984K(465920K)] 1127327K->744715K(1864192K), 0.0033702 secs] [Times: user=0.02 sys=0.00, real=0.01 secs] 
3933.164: [GC (Allocation Failure) [PSYoungGen: 262068K->177728K(437760K)] 1000799K->921268K(1836032K), 0.0488435 secs] [Times: user=0.28 sys=0.00, real=0.05 secs] 
3937.424: [GC (Allocation Failure) [PSYoungGen: 437312K->102112K(474624K)] 1180852K->1015229K(1872896K), 0.1498698 secs] [Times: user=0.89 sys=0.00, real=0.15 secs] 
3938.798: [GC (Allocation Failure) [PSYoungGen: 344800K->168544K(466944K)] 1257917K->1179841K(1865216K), 0.0522266 secs] [Times: user=0.31 sys=0.00, real=0.05 secs] 
3940.805: [GC (Allocation Failure) [PSYoungGen: 411232K->95808K(468992K)] 1422529K->1274609K(1867264K), 0.1415959 secs] [Times: user=0.84 sys=0.01, real=0.14 secs] 
3940.947: [Full GC (Ergonomics) [PSYoungGen: 95808K->0K(468992K)] [ParOldGen: 1178801K->73696K(1398272K)] 1274609K->73696K(1867264K), [Metaspace: 60416K->60416K(1105920K)], 0.1867166 secs] [Times: user=0.86 sys=0.00, real=0.19 secs] 
3943.344: [GC (Allocation Failure) [PSYoungGen: 240640K->174176K(415232K)] 314336K->247872K(1813504K), 0.0860810 secs] [Times: user=0.51 sys=0.00, real=0.08 secs] 
3945.769: [GC (Allocation Failure) [PSYoungGen: 414816K->86080K(467456K)] 488512K->333916K(1865728K), 0.1101897 secs] [Times: user=0.65 sys=0.01, real=0.11 secs] 
3947.613: [GC (Allocation Failure) [PSYoungGen: 320279K->204000K(465920K)] 568115K->532057K(1864192K), 0.0612205 secs] [Times: user=0.36 sys=0.00, real=0.06 secs] 
3951.201: [GC (Allocation Failure) [PSYoungGen: 438496K->84480K(465920K)] 766553K->581945K(1864192K), 0.1084953 secs] [Times: user=0.64 sys=0.00, real=0.11 secs] 
3952.352: [GC (Allocation Failure) [PSYoungGen: 313416K->200704K(465920K)] 810881K->772293K(1864192K), 0.0700526 secs] [Times: user=0.37 sys=0.00, real=0.07 secs] 
3954.998: [GC (Allocation Failure) [PSYoungGen: 433664K->85120K(465920K)] 1005253K->820765K(1864192K), 0.1097323 secs] [Times: user=0.65 sys=0.01, real=0.11 secs] 
3956.240: [GC (Allocation Failure) [PSYoungGen: 318080K->159424K(465920K)] 1053725K->973350K(1864192K), 0.0598555 secs] [Times: user=0.36 sys=0.00, real=0.06 secs] 
3957.845: [GC (Allocation Failure) [PSYoungGen: 390472K->93344K(465920K)] 1204399K->1066902K(1864192K), 0.0866117 secs] [Times: user=0.52 sys=0.00, real=0.08 secs] 
3959.107: [GC (Allocation Failure) [PSYoungGen: 326304K->150912K(465920K)] 1299862K->1211147K(1864192K), 0.0608000 secs] [Times: user=0.36 sys=0.00, real=0.06 secs] 
3960.114: [GC (Allocation Failure) [PSYoungGen: 383872K->104544K(465920K)] 1444107K->1315631K(1864192K), 0.0885703 secs] [Times: user=0.53 sys=0.00, real=0.09 secs] 
3960.203: [Full GC (Ergonomics) [PSYoungGen: 104544K->0K(465920K)] [ParOldGen: 1211087K->119592K(1398272K)] 1315631K->119592K(1864192K), [Metaspace: 60421K->60421K(1105920K)], 0.2686804 secs] [Times: user=1.21 sys=0.00, real=0.26 secs] 
3962.609: [GC (Allocation Failure) [PSYoungGen: 232960K->143200K(465920K)] 352552K->262792K(1864192K), 0.0499788 secs] [Times: user=0.24 sys=0.00, real=0.05 secs] 
3963.525: [GC (Allocation Failure) [PSYoungGen: 376160K->116960K(450560K)] 495752K->380056K(1848832K), 0.0704870 secs] [Times: user=0.42 sys=0.00, real=0.07 secs] 
3964.937: [GC (Allocation Failure) [PSYoungGen: 349920K->131712K(458240K)] 613016K->501220K(1856512K), 0.0618715 secs] [Times: user=0.36 sys=0.00, real=0.06 secs] 
3967.027: [GC (Allocation Failure) [PSYoungGen: 364672K->126336K(457728K)] 734180K->627068K(1856000K), 0.0616188 secs] [Times: user=0.36 sys=0.00, real=0.06 secs] 
3969.197: [GC (Allocation Failure) [PSYoungGen: 382848K->2944K(465408K)] 883580K->503700K(1863680K), 0.0021923 secs] [Times: user=0.01 sys=0.00, real=0.00 secs] 
3971.606: [GC (Allocation Failure) [PSYoungGen: 259456K->170688K(457216K)] 760212K->672961K(1855488K), 0.0933574 secs] [Times: user=0.55 sys=0.01, real=0.09 secs] 
3974.368: [GC (Allocation Failure) [PSYoungGen: 405696K->90112K(466944K)] 907969K->754929K(1865216K), 0.1619513 secs] [Times: user=0.96 sys=0.00, real=0.16 secs] 
3975.912: [GC (Allocation Failure) [PSYoungGen: 325120K->165888K(458752K)] 989937K->918643K(1857024K), 0.0529119 secs] [Times: user=0.31 sys=0.01, real=0.06 secs] 
3978.355: [GC (Allocation Failure) [PSYoungGen: 398848K->89888K(465920K)] 1151603K->1000171K(1864192K), 0.1584166 secs] [Times: user=0.95 sys=0.00, real=0.16 secs] 
3979.604: [GC (Allocation Failure) [PSYoungGen: 317734K->163424K(460288K)] 1228017K->1161264K(1858560K), 0.0727787 secs] [Times: user=0.43 sys=0.00, real=0.07 secs] 
3982.127: [GC (Allocation Failure) [PSYoungGen: 396384K->91200K(465920K)] 1394224K->1244088K(1864192K), 0.0895091 secs] [Times: user=0.53 sys=0.00, real=0.09 secs] 
3982.216: [Full GC (Ergonomics) [PSYoungGen: 91200K->0K(465920K)] [ParOldGen: 1152888K->41976K(1398272K)] 1244088K->41976K(1864192K), [Metaspace: 60421K->60421K(1105920K)], 0.0793611 secs] [Times: user=0.31 sys=0.00, real=0.08 secs] 
3983.062: [GC (Allocation Failure) [PSYoungGen: 223184K->160256K(462848K)] 265160K->202232K(1861120K), 0.0320296 secs] [Times: user=0.18 sys=0.00, real=0.04 secs] 
3984.851: [GC (Allocation Failure) [PSYoungGen: 395264K->92864K(328192K)] 437240K->285956K(1726464K), 0.1065930 secs] [Times: user=0.63 sys=0.01, real=0.11 secs] 
3986.324: [GC (Allocation Failure) [PSYoungGen: 327872K->167040K(459264K)] 520964K->449689K(1857536K), 0.0741086 secs] [Times: user=0.44 sys=0.00, real=0.07 secs] 
3989.897: [GC (Allocation Failure) [PSYoungGen: 400000K->80608K(465920K)] 682649K->530421K(1864192K), 0.1551885 secs] [Times: user=0.92 sys=0.00, real=0.15 secs] 
3991.335: [GC (Allocation Failure) [PSYoungGen: 313568K->165824K(462848K)] 763381K->692721K(1861120K), 0.0519750 secs] [Times: user=0.31 sys=0.00, real=0.05 secs] 
3993.622: [GC (Allocation Failure) [PSYoungGen: 398784K->87520K(465920K)] 925681K->779965K(1864192K), 0.1672115 secs] [Times: user=0.93 sys=0.00, real=0.17 secs] 
3994.265: [GC (Allocation Failure) [PSYoungGen: 320480K->166336K(463872K)] 1012925K->942511K(1862144K), 0.0544689 secs] [Times: user=0.32 sys=0.00, real=0.05 secs] 
3997.386: [GC (Allocation Failure) [PSYoungGen: 399296K->83008K(465920K)] 1175471K->1024855K(1864192K), 0.1685086 secs] [Times: user=1.00 sys=0.00, real=0.17 secs] 
3998.198: [GC (Allocation Failure) [PSYoungGen: 315968K->170912K(465920K)] 1257815K->1189344K(1864192K), 0.0548020 secs] [Times: user=0.32 sys=0.00, real=0.05 secs] 
4000.523: [GC (Allocation Failure) [PSYoungGen: 403872K->84480K(465920K)] 1422304K->1273340K(1864192K), 0.1453918 secs] [Times: user=0.87 sys=0.00, real=0.14 secs] 
4000.669: [Full GC (Ergonomics) [PSYoungGen: 84480K->0K(465920K)] [ParOldGen: 1188860K->76142K(1398272K)] 1273340K->76142K(1864192K), [Metaspace: 60423K->60423K(1105920K)], 0.1870801 secs] [Times: user=0.85 sys=0.00, real=0.19 secs] 
4001.979: [GC (Allocation Failure) [PSYoungGen: 232960K->172672K(465920K)] 309102K->248814K(1864192K), 0.1027775 secs] [Times: user=0.62 sys=0.00, real=0.10 secs] 
4005.212: [GC (Allocation Failure) [PSYoungGen: 405632K->75552K(465920K)] 481774K->324262K(1864192K), 0.1275890 secs] [Times: user=0.76 sys=0.00, real=0.13 secs] 
4005.611: [GC (Allocation Failure) [PSYoungGen: 308512K->177824K(465920K)] 557222K->495903K(1864192K), 0.0560403 secs] [Times: user=0.33 sys=0.00, real=0.06 secs] 
4007.620: [GC (Allocation Failure) [PSYoungGen: 410784K->82368K(465920K)] 728863K->578471K(1864192K), 0.0944796 secs] [Times: user=0.56 sys=0.00, real=0.10 secs] 
4011.718: [GC (Allocation Failure) [PSYoungGen: 315328K->163104K(465920K)] 811431K->735627K(1864192K), 0.1386762 secs] [Times: user=0.83 sys=0.00, real=0.14 secs] 
4013.399: [GC (Allocation Failure) [PSYoungGen: 396064K->85088K(465920K)] 968587K->820563K(1864192K), 0.0986474 secs] [Times: user=0.58 sys=0.00, real=0.10 secs] 
4014.622: [GC (Allocation Failure) [PSYoungGen: 318048K->201440K(465920K)] 1053523K->1015916K(1864192K), 0.0660646 secs] [Times: user=0.39 sys=0.01, real=0.07 secs] 
4016.857: [GC (Allocation Failure) [PSYoungGen: 434400K->94272K(465920K)] 1248876K->1069144K(1864192K), 0.0985291 secs] [Times: user=0.59 sys=0.00, real=0.10 secs] 
4018.706: [GC (Allocation Failure) [PSYoungGen: 327232K->153984K(465920K)] 1302104K->1212453K(1864192K), 0.0608087 secs] [Times: user=0.36 sys=0.00, real=0.06 secs] 
4020.410: [GC (Allocation Failure) [PSYoungGen: 380508K->92896K(465920K)] 1438978K->1305245K(1864192K), 0.0920451 secs] [Times: user=0.54 sys=0.00, real=0.09 secs] 
4020.502: [Full GC (Ergonomics) [PSYoungGen: 92896K->0K(465920K)] [ParOldGen: 1212349K->108039K(1398272K)] 1305245K->108039K(1864192K), [Metaspace: 60423K->60423K(1105920K)], 0.2498213 secs] [Times: user=1.13 sys=0.01, real=0.25 secs] 
4022.093: [GC (Allocation Failure) [PSYoungGen: 232960K->151168K(465920K)] 340999K->259207K(1864192K), 0.0426312 secs] [Times: user=0.26 sys=0.00, real=0.04 secs] 
4024.426: [GC (Allocation Failure) [PSYoungGen: 384128K->97312K(465920K)] 492167K->356351K(1864192K), 0.0897739 secs] [Times: user=0.51 sys=0.00, real=0.09 secs] 
4026.135: [GC (Allocation Failure) [PSYoungGen: 330272K->151168K(465920K)] 589311K->496950K(1864192K), 0.0601932 secs] [Times: user=0.36 sys=0.00, real=0.06 secs] 
4027.780: [GC (Allocation Failure) [PSYoungGen: 384128K->109504K(342528K)] 729910K->606382K(1740800K), 0.0797190 secs] [Times: user=0.47 sys=0.00, real=0.08 secs] 
4030.154: [GC (Allocation Failure) [PSYoungGen: 342464K->138304K(465920K)] 839342K->734595K(1864192K), 0.0613364 secs] [Times: user=0.36 sys=0.00, real=0.06 secs] 
4031.846: [GC (Allocation Failure) [PSYoungGen: 376896K->127168K(460288K)] 973187K->861659K(1858560K), 0.0689279 secs] [Times: user=0.40 sys=0.01, real=0.07 secs] 
4034.020: [GC (Allocation Failure) [PSYoungGen: 365760K->129216K(469504K)] 1100251K->972360K(1867776K), 0.0619344 secs] [Times: user=0.37 sys=0.00, real=0.06 secs] 
4037.051: [GC (Allocation Failure) [PSYoungGen: 386752K->147360K(461824K)] 1229896K->1119512K(1860096K), 0.0583529 secs] [Times: user=0.35 sys=0.00, real=0.06 secs] 
4038.689: [GC (Allocation Failure) [PSYoungGen: 404896K->15936K(470528K)] 1377048K->988148K(1868800K), 0.0067799 secs] [Times: user=0.04 sys=0.00, real=0.01 secs] 
4040.795: [GC (Allocation Failure) [PSYoungGen: 282688K->183200K(450048K)] 1254900K->1168965K(1848320K), 0.0409675 secs] [Times: user=0.24 sys=0.00, real=0.04 secs] 
4044.454: [GC (Allocation Failure) [PSYoungGen: 449952K->104128K(475648K)] 1435717K->1272741K(1873920K), 0.1466790 secs] [Times: user=0.87 sys=0.01, real=0.14 secs] 
4044.600: [Full GC (Ergonomics) [PSYoungGen: 104128K->0K(475648K)] [ParOldGen: 1168613K->77323K(1398272K)] 1272741K->77323K(1873920K), [Metaspace: 60425K->60425K(1105920K)], 0.1877378 secs] [Times: user=0.86 sys=0.00, real=0.19 secs] 
4046.679: [GC (Allocation Failure) [PSYoungGen: 245248K->177664K(423424K)] 322571K->254987K(1821696K), 0.1047708 secs] [Times: user=0.62 sys=0.00, real=0.11 secs] 
4048.627: [GC (Allocation Failure) [PSYoungGen: 422912K->93152K(470016K)] 500235K->348059K(1868288K), 0.1124300 secs] [Times: user=0.66 sys=0.00, real=0.11 secs] 
4051.779: [GC (Allocation Failure) [PSYoungGen: 325876K->193152K(465920K)] 580784K->535128K(1864192K), 0.0674244 secs] [Times: user=0.41 sys=0.00, real=0.07 secs] 
4052.688: [GC (Allocation Failure) [PSYoungGen: 423536K->92576K(465920K)] 765513K->590696K(1864192K), 0.0694866 secs] [Times: user=0.41 sys=0.00, real=0.07 secs] 
4055.309: [GC (Allocation Failure) [PSYoungGen: 325536K->151072K(465920K)] 823656K->735719K(1864192K), 0.0602470 secs] [Times: user=0.36 sys=0.00, real=0.06 secs] 
4055.939: [GC (Allocation Failure) [PSYoungGen: 384032K->101312K(461824K)] 968679K->836951K(1860096K), 0.0785377 secs] [Times: user=0.47 sys=0.00, real=0.08 secs] 
4061.266: [GC (Allocation Failure) [PSYoungGen: 334272K->146144K(463872K)] 1069911K->972942K(1862144K), 0.0610159 secs] [Times: user=0.36 sys=0.00, real=0.06 secs] 
4062.873: [GC (Allocation Failure) [PSYoungGen: 379104K->97984K(459776K)] 1205902K->1071190K(1858048K), 0.0920095 secs] [Times: user=0.54 sys=0.00, real=0.09 secs] 
4064.151: [GC (Allocation Failure) [PSYoungGen: 338112K->150496K(463360K)] 1311318K->1210755K(1861632K), 0.0611723 secs] [Times: user=0.36 sys=0.00, real=0.06 secs] 
4065.509: [GC (Allocation Failure) [PSYoungGen: 390624K->121184K(458752K)] 1450883K->1332139K(1857024K), 0.0708913 secs] [Times: user=0.43 sys=0.00, real=0.07 secs] 
4065.580: [Full GC (Ergonomics) [PSYoungGen: 121184K->0K(458752K)] [ParOldGen: 1210955K->136176K(1398272K)] 1332139K->136176K(1857024K), [Metaspace: 60425K->60425K(1105920K)], 0.3080195 secs] [Times: user=1.40 sys=0.00, real=0.31 secs] 
4067.266: [GC (Allocation Failure) [PSYoungGen: 252928K->129536K(467456K)] 389104K->265712K(1865728K), 0.0459373 secs] [Times: user=0.27 sys=0.00, real=0.04 secs] 
4069.669: [GC (Allocation Failure) [PSYoungGen: 382464K->164224K(479232K)] 518640K->429061K(1877504K), 0.0778597 secs] [Times: user=0.47 sys=0.00, real=0.08 secs] 
4072.928: [GC (Allocation Failure) [PSYoungGen: 437120K->113984K(484864K)] 701957K->534829K(1883136K), 0.1331993 secs] [Times: user=0.79 sys=0.00, real=0.13 secs] 
4074.641: [GC (Allocation Failure) [PSYoungGen: 386880K->197056K(457216K)] 807725K->728538K(1855488K), 0.1473711 secs] [Times: user=0.87 sys=0.00, real=0.15 secs] 
4077.480: [GC (Allocation Failure) [PSYoungGen: 447424K->96992K(474624K)] 978906K->825474K(1872896K), 0.1217848 secs] [Times: user=0.73 sys=0.00, real=0.12 secs] 
4078.773: [GC (Allocation Failure) [PSYoungGen: 347360K->159296K(474624K)] 1075842K->978389K(1872896K), 0.0638105 secs] [Times: user=0.38 sys=0.00, real=0.06 secs] 
4081.661: [GC (Allocation Failure) [PSYoungGen: 411712K->114112K(366592K)] 1230805K->1092341K(1764864K), 0.0819820 secs] [Times: user=0.49 sys=0.00, real=0.08 secs] 
4082.909: [GC (Allocation Failure) [PSYoungGen: 366528K->1920K(453120K)] 1344757K->980309K(1851392K), 0.0031123 secs] [Times: user=0.02 sys=0.01, real=0.00 secs] 
4085.027: [GC (Allocation Failure) [PSYoungGen: 236928K->146560K(466944K)] 1215317K->1126078K(1865216K), 0.0292651 secs] [Times: user=0.17 sys=0.00, real=0.03 secs] 
4086.712: [GC (Allocation Failure) [PSYoungGen: 381568K->3392K(463360K)] 1361086K->983006K(1861632K), 0.0038479 secs] [Times: user=0.02 sys=0.00, real=0.01 secs] 
4088.446: [GC (Allocation Failure) [PSYoungGen: 236352K->150688K(465920K)] 1215966K->1132595K(1864192K), 0.0302822 secs] [Times: user=0.18 sys=0.00, real=0.03 secs] 
4090.284: [GC (Allocation Failure) [PSYoungGen: 383648K->99904K(463872K)] 1365555K->1223947K(1862144K), 0.0669753 secs] [Times: user=0.39 sys=0.00, real=0.06 secs] 
4091.734: [GC (Allocation Failure) [PSYoungGen: 332864K->159872K(464896K)] 1456907K->1382976K(1863168K), 0.0793832 secs] [Times: user=0.47 sys=0.00, real=0.08 secs] 
4091.813: [Full GC (Ergonomics) [PSYoungGen: 159872K->0K(464896K)] [ParOldGen: 1223104K->179089K(1398272K)] 1382976K->179089K(1863168K), [Metaspace: 60425K->60425K(1105920K)], 0.4402542 secs] [Times: user=2.06 sys=0.00, real=0.44 secs] 
4095.882: [GC (Allocation Failure) [PSYoungGen: 232960K->89216K(461824K)] 412049K->268305K(1860096K), 0.0692893 secs] [Times: user=0.41 sys=0.00, real=0.07 secs] 
4098.140: [GC (Allocation Failure) [PSYoungGen: 323200K->160480K(463872K)] 502289K->427598K(1862144K), 0.0502452 secs] [Times: user=0.30 sys=0.00, real=0.05 secs] 
4100.196: [GC (Allocation Failure) [PSYoungGen: 394464K->94912K(461824K)] 661582K->514046K(1860096K), 0.1782437 secs] [Times: user=1.06 sys=0.00, real=0.18 secs] 
4103.332: [GC (Allocation Failure) [PSYoungGen: 330944K->162752K(463872K)] 750078K->674691K(1862144K), 0.0507729 secs] [Times: user=0.30 sys=0.00, real=0.06 secs] 
4104.571: [GC (Allocation Failure) [PSYoungGen: 398784K->96416K(463872K)] 910723K->762123K(1862144K), 0.0702153 secs] [Times: user=0.41 sys=0.01, real=0.07 secs] 
4105.859: [GC (Allocation Failure) [PSYoungGen: 322187K->162528K(464896K)] 987895K->922424K(1863168K), 0.1233333 secs] [Times: user=0.72 sys=0.00, real=0.12 secs] 
4109.221: [GC (Allocation Failure) [PSYoungGen: 400608K->87968K(466944K)] 1160504K->1002008K(1865216K), 0.1292061 secs] [Times: user=0.77 sys=0.01, real=0.13 secs] 
4111.457: [GC (Allocation Failure) [PSYoungGen: 317693K->161856K(466432K)] 1231733K->1160989K(1864704K), 0.0477171 secs] [Times: user=0.28 sys=0.00, real=0.05 secs] 
4112.924: [GC (Allocation Failure) [PSYoungGen: 400960K->94848K(464384K)] 1400093K->1246913K(1862656K), 0.1302339 secs] [Times: user=0.78 sys=0.01, real=0.13 secs] 
4113.775: [GC (Allocation Failure) [PSYoungGen: 333952K->173344K(465408K)] 1486017K->1417314K(1863680K), 0.0749447 secs] [Times: user=0.44 sys=0.01, real=0.07 secs] 
4113.850: [Full GC (Ergonomics) [PSYoungGen: 173344K->0K(465408K)] [ParOldGen: 1243970K->215313K(1398272K)] 1417314K->215313K(1863680K), [Metaspace: 60427K->60427K(1105920K)], 0.5002582 secs] [Times: user=2.33 sys=0.00, real=0.50 secs] 
4118.314: [GC (Allocation Failure) [PSYoungGen: 239104K->79040K(466432K)] 454417K->294353K(1864704K), 0.1502618 secs] [Times: user=0.89 sys=0.00, real=0.15 secs] 
4119.474: [GC (Allocation Failure) [PSYoungGen: 312512K->168064K(465920K)] 527825K->458357K(1864192K), 0.0529633 secs] [Times: user=0.31 sys=0.00, real=0.05 secs] 
4121.455: [GC (Allocation Failure) [PSYoungGen: 401536K->84800K(465920K)] 691829K->542489K(1864192K), 0.1649282 secs] [Times: user=0.99 sys=0.00, real=0.16 secs] 
4123.499: [GC (Allocation Failure) [PSYoungGen: 317760K->166912K(465920K)] 775449K->703870K(1864192K), 0.1057255 secs] [Times: user=0.63 sys=0.00, real=0.11 secs] 
4128.070: [GC (Allocation Failure) [PSYoungGen: 399872K->77248K(465920K)] 936830K->780990K(1864192K), 0.1456631 secs] [Times: user=0.87 sys=0.00, real=0.15 secs] 
4129.493: [GC (Allocation Failure) [PSYoungGen: 310208K->172384K(465920K)] 1013950K->947875K(1864192K), 0.1551772 secs] [Times: user=0.92 sys=0.00, real=0.16 secs] 
4131.105: [GC (Allocation Failure) [PSYoungGen: 405344K->82464K(465920K)] 1180835K->1030283K(1864192K), 0.1340703 secs] [Times: user=0.80 sys=0.00, real=0.13 secs] 
4132.612: [GC (Allocation Failure) [PSYoungGen: 315424K->171232K(465920K)] 1263243K->1195400K(1864192K), 0.1582782 secs] [Times: user=0.94 sys=0.00, real=0.16 secs] 
4135.399: [GC (Allocation Failure) [PSYoungGen: 404192K->79136K(465920K)] 1428360K->1274792K(1864192K), 0.1174419 secs] [Times: user=0.70 sys=0.00, real=0.12 secs] 
4135.516: [Full GC (Ergonomics) [PSYoungGen: 79136K->0K(465920K)] [ParOldGen: 1195656K->83206K(1398272K)] 1274792K->83206K(1864192K), [Metaspace: 60427K->60427K(1105920K)], 0.2043412 secs] [Times: user=0.93 sys=0.00, real=0.20 secs] 
4136.022: [GC (Allocation Failure) [PSYoungGen: 232960K->209472K(465920K)] 316166K->292678K(1864192K), 0.0382415 secs] [Times: user=0.23 sys=0.00, real=0.04 secs] 
4138.954: [GC (Allocation Failure) [PSYoungGen: 442432K->77056K(465920K)] 525638K->336158K(1864192K), 0.1203659 secs] [Times: user=0.71 sys=0.00, real=0.12 secs] 
4140.073: [GC (Allocation Failure) [PSYoungGen: 306493K->203584K(465920K)] 565596K->533739K(1864192K), 0.0652317 secs] [Times: user=0.39 sys=0.00, real=0.06 secs] 
4142.263: [GC (Allocation Failure) [PSYoungGen: 436544K->87680K(465920K)] 766699K->584787K(1864192K), 0.1019535 secs] [Times: user=0.61 sys=0.00, real=0.10 secs] 
4143.550: [GC (Allocation Failure) [PSYoungGen: 320640K->156640K(465920K)] 817747K->734700K(1864192K), 0.0601399 secs] [Times: user=0.36 sys=0.00, real=0.06 secs] 
4145.724: [GC (Allocation Failure) [PSYoungGen: 387466K->93088K(465920K)] 965526K->827736K(1864192K), 0.0948414 secs] [Times: user=0.56 sys=0.00, real=0.09 secs] 
4147.616: [GC (Allocation Failure) [PSYoungGen: 326048K->151264K(465920K)] 1060696K->972456K(1864192K), 0.0608360 secs] [Times: user=0.36 sys=0.00, real=0.06 secs] 
4150.625: [GC (Allocation Failure) [PSYoungGen: 381237K->92992K(465920K)] 1202430K->1065248K(1864192K), 0.0937650 secs] [Times: user=0.56 sys=0.01, real=0.09 secs] 
4151.831: [GC (Allocation Failure) [PSYoungGen: 325952K->151200K(465920K)] 1298208K->1210053K(1864192K), 0.0641787 secs] [Times: user=0.38 sys=0.00, real=0.07 secs] 
4153.395: [GC (Allocation Failure) [PSYoungGen: 384160K->100832K(465920K)] 1443013K->1310821K(1864192K), 0.0936849 secs] [Times: user=0.55 sys=0.00, real=0.09 secs] 
4153.489: [Full GC (Ergonomics) [PSYoungGen: 100832K->0K(465920K)] [ParOldGen: 1209989K->115928K(1398272K)] 1310821K->115928K(1864192K), [Metaspace: 60427K->60427K(1105920K)], 0.2675842 secs] [Times: user=1.23 sys=0.00, real=0.27 secs] 
4155.030: [GC (Allocation Failure) [PSYoungGen: 232960K->147552K(465920K)] 348888K->263480K(1864192K), 0.0532185 secs] [Times: user=0.32 sys=0.00, real=0.06 secs] 
4156.090: [GC (Allocation Failure) [PSYoungGen: 380512K->112960K(453632K)] 496440K->376464K(1851904K), 0.0882830 secs] [Times: user=0.52 sys=0.01, real=0.09 secs] 
4157.733: [GC (Allocation Failure) [PSYoungGen: 345920K->135360K(459776K)] 609424K->501327K(1858048K), 0.0611171 secs] [Times: user=0.37 sys=0.00, real=0.06 secs] 
4159.904: [GC (Allocation Failure) [PSYoungGen: 368320K->121952K(456704K)] 734287K->623347K(1854976K), 0.0692613 secs] [Times: user=0.41 sys=0.00, real=0.07 secs] 
4162.062: [GC (Allocation Failure) [PSYoungGen: 374368K->1824K(463872K)] 875763K->503243K(1862144K), 0.0020661 secs] [Times: user=0.01 sys=0.00, real=0.01 secs] 
4163.085: [GC (Allocation Failure) [PSYoungGen: 254240K->162912K(460288K)] 755659K->665669K(1858560K), 0.0591910 secs] [Times: user=0.34 sys=0.00, real=0.06 secs] 
4165.312: [GC (Allocation Failure) [PSYoungGen: 398944K->10208K(246272K)] 901701K->513061K(1644544K), 0.0049753 secs] [Times: user=0.02 sys=0.00, real=0.01 secs] 
4167.407: [GC (Allocation Failure) [PSYoungGen: 246240K->166304K(465920K)] 749093K->677398K(1864192K), 0.0345259 secs] [Times: user=0.21 sys=0.00, real=0.03 secs] 
4170.573: [GC (Allocation Failure) [PSYoungGen: 399264K->86816K(465920K)] 910358K->755418K(1864192K), 0.1690193 secs] [Times: user=1.00 sys=0.00, real=0.16 secs] 
4172.133: [GC (Allocation Failure) [PSYoungGen: 319776K->164096K(465920K)] 988378K->917023K(1864192K), 0.0486342 secs] [Times: user=0.29 sys=0.01, real=0.04 secs] 
4173.681: [GC (Allocation Failure) [PSYoungGen: 397056K->95968K(465920K)] 1149983K->1003607K(1864192K), 0.1339181 secs] [Times: user=0.80 sys=0.00, real=0.14 secs] 
4175.110: [GC (Allocation Failure) [PSYoungGen: 320465K->160928K(465920K)] 1228105K->1162740K(1864192K), 0.1290562 secs] [Times: user=0.76 sys=0.00, real=0.13 secs] 
4177.836: [GC (Allocation Failure) [PSYoungGen: 393888K->88928K(465920K)] 1395700K->1243308K(1864192K), 0.1631892 secs] [Times: user=0.97 sys=0.00, real=0.16 secs] 
4178.000: [Full GC (Ergonomics) [PSYoungGen: 88928K->0K(465920K)] [ParOldGen: 1154380K->39702K(1398272K)] 1243308K->39702K(1864192K), [Metaspace: 60427K->60427K(1105920K)], 0.1181181 secs] [Times: user=0.47 sys=0.00, real=0.12 secs] 
4179.094: [GC (Allocation Failure) [PSYoungGen: 223518K->160064K(465920K)] 263221K->199766K(1864192K), 0.0475733 secs] [Times: user=0.28 sys=0.01, real=0.04 secs] 
4181.361: [GC (Allocation Failure) [PSYoungGen: 393024K->89920K(323072K)] 432726K->281310K(1721344K), 0.1604575 secs] [Times: user=0.96 sys=0.00, real=0.16 secs] 
4183.368: [GC (Allocation Failure) [PSYoungGen: 314511K->159808K(463872K)] 505901K->438399K(1862144K), 0.0474676 secs] [Times: user=0.28 sys=0.00, real=0.05 secs] 
4188.198: [GC (Allocation Failure) [PSYoungGen: 391744K->81440K(464896K)] 670335K->511455K(1863168K), 0.1147173 secs] [Times: user=0.69 sys=0.00, real=0.12 secs] 
4190.774: [GC (Allocation Failure) [PSYoungGen: 313376K->163008K(463872K)] 743391K->671976K(1862144K), 0.0454053 secs] [Times: user=0.27 sys=0.00, real=0.04 secs] 
4192.483: [GC (Allocation Failure) [PSYoungGen: 395456K->92896K(325632K)] 904424K->756128K(1723904K), 0.1011103 secs] [Times: user=0.60 sys=0.00, real=0.10 secs] 
4194.440: [GC (Allocation Failure) [PSYoungGen: 317921K->161568K(462336K)] 981153K->915913K(1860608K), 0.0494115 secs] [Times: user=0.30 sys=0.00, real=0.05 secs] 
4196.878: [GC (Allocation Failure) [PSYoungGen: 393504K->85568K(464896K)] 1147849K->993385K(1863168K), 0.1609350 secs] [Times: user=0.96 sys=0.00, real=0.16 secs] 
4198.992: [GC (Allocation Failure) [PSYoungGen: 315939K->162880K(463360K)] 1223756K->1154281K(1861632K), 0.0477520 secs] [Times: user=0.29 sys=0.00, real=0.05 secs] 
4200.985: [GC (Allocation Failure) [PSYoungGen: 393911K->90400K(323584K)] 1385313K->1236281K(1721856K), 0.1716257 secs] [Times: user=1.02 sys=0.01, real=0.17 secs] 
4202.778: [GC (Allocation Failure) [PSYoungGen: 314880K->159872K(462336K)] 1460762K->1393162K(1860608K), 0.0482539 secs] [Times: user=0.29 sys=0.00, real=0.05 secs] 
4202.826: [Full GC (Ergonomics) [PSYoungGen: 159872K->0K(462336K)] [ParOldGen: 1233290K->197163K(1398272K)] 1393162K->197163K(1860608K), [Metaspace: 60429K->60429K(1105920K)], 0.4685258 secs] [Times: user=2.18 sys=0.00, real=0.47 secs] 
4204.919: [GC (Allocation Failure) [PSYoungGen: 232448K->90752K(323584K)] 429611K->287915K(1721856K), 0.0871132 secs] [Times: user=0.51 sys=0.01, real=0.09 secs] 
4206.658: [GC (Allocation Failure) [PSYoungGen: 314843K->159904K(460800K)] 512007K->443968K(1859072K), 0.0470254 secs] [Times: user=0.28 sys=0.00, real=0.05 secs] 
4208.071: [GC (Allocation Failure) [PSYoungGen: 392352K->91264K(464384K)] 676416K->526256K(1862656K), 0.1316790 secs] [Times: user=0.78 sys=0.00, real=0.14 secs] 
4209.203: [GC (Allocation Failure) [PSYoungGen: 323712K->216064K(460288K)] 758704K->739562K(1858560K), 0.0969522 secs] [Times: user=0.57 sys=0.01, real=0.09 secs] 
4211.847: [GC (Allocation Failure) [PSYoungGen: 449024K->83456K(465920K)] 972522K->773722K(1864192K), 0.1603677 secs] [Times: user=0.95 sys=0.00, real=0.16 secs] 
4213.368: [GC (Allocation Failure) [PSYoungGen: 316416K->182592K(465920K)] 1006682K->953127K(1864192K), 0.0750553 secs] [Times: user=0.45 sys=0.00, real=0.08 secs] 
4216.834: [GC (Allocation Failure) [PSYoungGen: 415552K->83840K(465920K)] 1186087K->1020367K(1864192K), 0.1019905 secs] [Times: user=0.60 sys=0.00, real=0.10 secs] 
4217.912: [GC (Allocation Failure) [PSYoungGen: 316800K->166016K(465920K)] 1253327K->1183028K(1864192K), 0.0533714 secs] [Times: user=0.32 sys=0.00, real=0.06 secs] 
4221.499: [GC (Allocation Failure) [PSYoungGen: 396601K->80800K(465920K)] 1413613K->1263852K(1864192K), 0.1540971 secs] [Times: user=0.92 sys=0.00, real=0.16 secs] 
4221.653: [Full GC (Ergonomics) [PSYoungGen: 80800K->0K(465920K)] [ParOldGen: 1183052K->63060K(1398272K)] 1263852K->63060K(1864192K), [Metaspace: 60429K->60429K(1105920K)], 0.1668200 secs] [Times: user=0.77 sys=0.00, real=0.16 secs] 
4222.228: [GC (Allocation Failure) [PSYoungGen: 232960K->167904K(465920K)] 296020K->230964K(1864192K), 0.0338679 secs] [Times: user=0.20 sys=0.00, real=0.03 secs] 
4224.752: [GC (Allocation Failure) [PSYoungGen: 400864K->83616K(465920K)] 463924K->314132K(1864192K), 0.1364354 secs] [Times: user=0.81 sys=0.00, real=0.14 secs] 
4225.386: [GC (Allocation Failure) [PSYoungGen: 316576K->175744K(465920K)] 547092K->484113K(1864192K), 0.0827092 secs] [Times: user=0.49 sys=0.00, real=0.08 secs] 
4227.803: [GC (Allocation Failure) [PSYoungGen: 408704K->81248K(465920K)] 717073K->565609K(1864192K), 0.1047236 secs] [Times: user=0.62 sys=0.00, real=0.10 secs] 
4229.754: [GC (Allocation Failure) [PSYoungGen: 314208K->166624K(465920K)] 798569K->726610K(1864192K), 0.1479880 secs] [Times: user=0.88 sys=0.01, real=0.14 secs] 
4232.096: [GC (Allocation Failure) [PSYoungGen: 399584K->80512K(465920K)] 959570K->807082K(1864192K), 0.1334902 secs] [Times: user=0.80 sys=0.00, real=0.13 secs] 
4234.188: [GC (Allocation Failure) [PSYoungGen: 313472K->204096K(465920K)] 1040042K->1004963K(1864192K), 0.0990661 secs] [Times: user=0.59 sys=0.00, real=0.10 secs] 
4235.759: [GC (Allocation Failure) [PSYoungGen: 437056K->90048K(465920K)] 1237923K->1061707K(1864192K), 0.0860313 secs] [Times: user=0.51 sys=0.00, real=0.09 secs] 
4240.238: [GC (Allocation Failure) [PSYoungGen: 322483K->191456K(465920K)] 1294142K->1243551K(1864192K), 0.0562258 secs] [Times: user=0.34 sys=0.00, real=0.06 secs] 
4241.978: [GC (Allocation Failure) [PSYoungGen: 424416K->88064K(465920K)] 1476511K->1297559K(1864192K), 0.1062446 secs] [Times: user=0.63 sys=0.00, real=0.11 secs] 
4242.085: [Full GC (Ergonomics) [PSYoungGen: 88064K->0K(465920K)] [ParOldGen: 1209495K->103176K(1398272K)] 1297559K->103176K(1864192K), [Metaspace: 60430K->60430K(1105920K)], 0.2436686 secs] [Times: user=1.11 sys=0.00, real=0.24 secs] 
4243.402: [GC (Allocation Failure) [PSYoungGen: 232960K->155904K(465920K)] 336136K->259080K(1864192K), 0.0453127 secs] [Times: user=0.27 sys=0.00, real=0.05 secs] 
4244.690: [GC (Allocation Failure) [PSYoungGen: 381758K->93600K(465920K)] 484934K->352528K(1864192K), 0.0882855 secs] [Times: user=0.52 sys=0.01, real=0.09 secs] 
4246.722: [GC (Allocation Failure) [PSYoungGen: 326560K->150976K(465920K)] 585488K->496437K(1864192K), 0.0602439 secs] [Times: user=0.36 sys=0.00, real=0.06 secs] 
4250.007: [GC (Allocation Failure) [PSYoungGen: 377370K->93248K(465920K)] 722832K->589909K(1864192K), 0.1046482 secs] [Times: user=0.60 sys=0.01, real=0.10 secs] 
4251.243: [GC (Allocation Failure) [PSYoungGen: 326208K->150752K(465920K)] 822869K->733977K(1864192K), 0.0603651 secs] [Times: user=0.36 sys=0.00, real=0.07 secs] 
4252.618: [GC (Allocation Failure) [PSYoungGen: 383712K->105152K(465920K)] 966937K->839353K(1864192K), 0.0873442 secs] [Times: user=0.52 sys=0.00, real=0.09 secs] 
4254.083: [GC (Allocation Failure) [PSYoungGen: 338112K->143584K(460800K)] 1072313K->972289K(1859072K), 0.0608437 secs] [Times: user=0.36 sys=0.00, real=0.06 secs] 
4255.708: [GC (Allocation Failure) [PSYoungGen: 376544K->124192K(357376K)] 1205249K->1096113K(1755648K), 0.0749220 secs] [Times: user=0.44 sys=0.00, real=0.08 secs] 
4258.319: [GC (Allocation Failure) [PSYoungGen: 357152K->131840K(470016K)] 1329073K->1209481K(1868288K), 0.0616409 secs] [Times: user=0.37 sys=0.00, real=0.06 secs] 
4259.745: [GC (Allocation Failure) [PSYoungGen: 380672K->138048K(461824K)] 1458313K->1347273K(1860096K), 0.0596565 secs] [Times: user=0.35 sys=0.00, real=0.06 secs] 
4259.805: [Full GC (Ergonomics) [PSYoungGen: 138048K->0K(461824K)] [ParOldGen: 1209225K->153015K(1398272K)] 1347273K->153015K(1860096K), [Metaspace: 60430K->60430K(1105920K)], 0.3493655 secs] [Times: user=1.58 sys=0.01, real=0.35 secs] 
4263.221: [GC (Allocation Failure) [PSYoungGen: 248832K->112160K(477184K)] 401847K->265175K(1875456K), 0.0400403 secs] [Times: user=0.24 sys=0.00, real=0.04 secs] 
4264.474: [GC (Allocation Failure) [PSYoungGen: 378808K->180832K(472576K)] 531823K->445536K(1870848K), 0.0618276 secs] [Times: user=0.37 sys=0.00, real=0.06 secs] 
4267.961: [GC (Allocation Failure) [PSYoungGen: 450144K->111648K(487936K)] 714848K->548716K(1886208K), 0.1633882 secs] [Times: user=0.97 sys=0.00, real=0.17 secs] 
4269.354: [GC (Allocation Failure) [PSYoungGen: 384032K->210912K(483328K)] 821100K->756769K(1881600K), 0.0587647 secs] [Times: user=0.35 sys=0.00, real=0.06 secs] 
4271.892: [GC (Allocation Failure) [PSYoungGen: 483296K->108032K(448512K)] 1029153K->847745K(1846784K), 0.1034667 secs] [Times: user=0.62 sys=0.00, real=0.11 secs] 
4273.763: [GC (Allocation Failure) [PSYoungGen: 340992K->140000K(465920K)] 1080705K->977690K(1864192K), 0.0619683 secs] [Times: user=0.37 sys=0.00, real=0.06 secs] 
4275.737: [GC (Allocation Failure) [PSYoungGen: 372960K->116512K(465920K)] 1210650K->1093978K(1864192K), 0.0620906 secs] [Times: user=0.36 sys=0.00, real=0.06 secs] 
4278.051: [GC (Allocation Failure) [PSYoungGen: 349472K->131552K(465920K)] 1326938K->1215215K(1864192K), 0.0625796 secs] [Times: user=0.37 sys=0.00, real=0.07 secs] 
4279.715: [GC (Allocation Failure) [PSYoungGen: 364512K->134816K(464896K)] 1448175K->1350199K(1863168K), 0.0660613 secs] [Times: user=0.39 sys=0.01, real=0.06 secs] 
4279.781: [Full GC (Ergonomics) [PSYoungGen: 134816K->0K(464896K)] [ParOldGen: 1215383K->141607K(1398272K)] 1350199K->141607K(1863168K), [Metaspace: 60430K->60430K(1105920K)], 0.3255298 secs] [Times: user=1.48 sys=0.00, real=0.33 secs] 
4281.956: [GC (Allocation Failure) [PSYoungGen: 232960K->120640K(353792K)] 374567K->262247K(1752064K), 0.0413801 secs] [Times: user=0.25 sys=0.01, real=0.04 secs] 
4283.046: [GC (Allocation Failure) [PSYoungGen: 353600K->139552K(468992K)] 495207K->401967K(1867264K), 0.0631577 secs] [Times: user=0.38 sys=0.00, real=0.06 secs] 
4286.236: [GC (Allocation Failure) [PSYoungGen: 382240K->2464K(460800K)] 644655K->264935K(1859072K), 0.0019429 secs] [Times: user=0.00 sys=0.00, real=0.00 secs] 
4287.519: [GC (Allocation Failure) [PSYoungGen: 245152K->162336K(465920K)] 507623K->426408K(1864192K), 0.0371552 secs] [Times: user=0.22 sys=0.01, real=0.04 secs] 
4290.473: [GC (Allocation Failure) [PSYoungGen: 395296K->90720K(324096K)] 659368K->508960K(1722368K), 0.1335269 secs] [Times: user=0.80 sys=0.00, real=0.13 secs] 
4293.803: [GC (Allocation Failure) [PSYoungGen: 323680K->153344K(464896K)] 741920K->660493K(1863168K), 0.0492118 secs] [Times: user=0.30 sys=0.00, real=0.04 secs] 
4295.009: [GC (Allocation Failure) [PSYoungGen: 386304K->101024K(334336K)] 893453K->752225K(1732608K), 0.0803135 secs] [Times: user=0.48 sys=0.01, real=0.08 secs] 
4296.527: [GC (Allocation Failure) [PSYoungGen: 333984K->172864K(454656K)] 985185K->923216K(1852928K), 0.0533735 secs] [Times: user=0.32 sys=0.00, real=0.05 secs] 
4298.199: [GC (Allocation Failure) [PSYoungGen: 401216K->87136K(461312K)] 1151568K->993340K(1859584K), 0.1468525 secs] [Times: user=0.88 sys=0.00, real=0.15 secs] 
4300.142: [GC (Allocation Failure) [PSYoungGen: 315488K->163552K(463360K)] 1221692K->1153945K(1861632K), 0.0485328 secs] [Times: user=0.29 sys=0.00, real=0.05 secs] 
4302.014: [GC (Allocation Failure) [PSYoungGen: 396512K->94304K(327680K)] 1386905K->1239277K(1725952K), 0.1216125 secs] [Times: user=0.73 sys=0.00, real=0.12 secs] 
4304.517: [GC (Allocation Failure) [PSYoungGen: 327264K->162080K(462848K)] 1472237K->1399046K(1861120K), 0.1252796 secs] [Times: user=0.74 sys=0.00, real=0.13 secs] 
4304.643: [Full GC (Ergonomics) [PSYoungGen: 162080K->0K(462848K)] [ParOldGen: 1236966K->197025K(1398272K)] 1399046K->197025K(1861120K), [Metaspace: 60430K->60430K(1105920K)], 0.5254902 secs] [Times: user=2.52 sys=0.00, real=0.52 secs] 
4307.320: [GC (Allocation Failure) [PSYoungGen: 232960K->90304K(465408K)] 429985K->287329K(1863680K), 0.0604318 secs] [Times: user=0.35 sys=0.00, real=0.06 secs] 
4308.956: [GC (Allocation Failure) [PSYoungGen: 313093K->159744K(462848K)] 510118K->443593K(1861120K), 0.0469248 secs] [Times: user=0.28 sys=0.00, real=0.05 secs] 
4312.332: [GC (Allocation Failure) [PSYoungGen: 393728K->87968K(465408K)] 677577K->523377K(1863680K), 0.1348599 secs] [Times: user=0.80 sys=0.00, real=0.14 secs] 
4314.120: [GC (Allocation Failure) [PSYoungGen: 312950K->161280K(463872K)] 748360K->682166K(1862144K), 0.0472540 secs] [Times: user=0.28 sys=0.00, real=0.05 secs] 
4315.994: [GC (Allocation Failure) [PSYoungGen: 396800K->92352K(328192K)] 917686K->765958K(1726464K), 0.1559142 secs] [Times: user=0.92 sys=0.00, real=0.15 secs] 
4317.997: [GC (Allocation Failure) [PSYoungGen: 311794K->159616K(463872K)] 985401K->921199K(1862144K), 0.0477933 secs] [Times: user=0.28 sys=0.00, real=0.05 secs] 
4319.461: [GC (Allocation Failure) [PSYoungGen: 396160K->96352K(466432K)] 1157743K->1008575K(1864704K), 0.0768699 secs] [Times: user=0.45 sys=0.01, real=0.08 secs] 
4320.292: [GC (Allocation Failure) [PSYoungGen: 332896K->169504K(460800K)] 1245119K->1175128K(1859072K), 0.0717678 secs] [Times: user=0.42 sys=0.00, real=0.08 secs] 
4323.504: [GC (Allocation Failure) [PSYoungGen: 405024K->82528K(466944K)] 1410648K->1257768K(1865216K), 0.1604051 secs] [Times: user=0.96 sys=0.00, real=0.16 secs] 
4323.665: [Full GC (Ergonomics) [PSYoungGen: 82528K->0K(466944K)] [ParOldGen: 1175240K->57619K(1398272K)] 1257768K->57619K(1865216K), [Metaspace: 60430K->60430K(1105920K)], 0.1583154 secs] [Times: user=0.73 sys=0.00, real=0.16 secs] 
4324.861: [GC (Allocation Failure) [PSYoungGen: 235520K->169056K(462336K)] 293139K->226675K(1860608K), 0.0734079 secs] [Times: user=0.44 sys=0.00, real=0.08 secs] 
4328.415: [GC (Allocation Failure) [PSYoungGen: 398306K->78880K(465920K)] 455926K->305367K(1864192K), 0.1617319 secs] [Times: user=0.97 sys=0.00, real=0.16 secs] 
4329.515: [GC (Allocation Failure) [PSYoungGen: 311840K->167808K(465920K)] 538327K->469696K(1864192K), 0.0816888 secs] [Times: user=0.49 sys=0.00, real=0.08 secs] 
4332.641: [GC (Allocation Failure) [PSYoungGen: 400768K->77184K(465920K)] 702656K->547028K(1864192K), 0.1519968 secs] [Times: user=0.90 sys=0.00, real=0.16 secs] 
4334.107: [GC (Allocation Failure) [PSYoungGen: 310144K->169888K(465920K)] 779988K->711185K(1864192K), 0.1363979 secs] [Times: user=0.81 sys=0.00, real=0.14 secs] 
4336.027: [GC (Allocation Failure) [PSYoungGen: 402848K->80960K(465920K)] 944145K->792201K(1864192K), 0.1588942 secs] [Times: user=0.94 sys=0.01, real=0.16 secs] 
4338.359: [GC (Allocation Failure) [PSYoungGen: 313920K->187968K(465920K)] 1025161K->974330K(1864192K), 0.1321006 secs] [Times: user=0.79 sys=0.00, real=0.13 secs] 
4341.216: [GC (Allocation Failure) [PSYoungGen: 420928K->81088K(465920K)] 1207290K->1038962K(1864192K), 0.1470902 secs] [Times: user=0.88 sys=0.01, real=0.15 secs] 
4342.584: [GC (Allocation Failure) [PSYoungGen: 314048K->171552K(465920K)] 1271922K->1205003K(1864192K), 0.1588709 secs] [Times: user=0.88 sys=0.00, real=0.15 secs] 
4345.657: [GC (Allocation Failure) [PSYoungGen: 404512K->79456K(465920K)] 1437963K->1284539K(1864192K), 0.1144263 secs] [Times: user=0.68 sys=0.00, real=0.11 secs] 
4345.771: [Full GC (Ergonomics) [PSYoungGen: 79456K->0K(465920K)] [ParOldGen: 1205083K->88441K(1398272K)] 1284539K->88441K(1864192K), [Metaspace: 60430K->60430K(1105920K)], 0.2057561 secs] [Times: user=0.93 sys=0.00, real=0.21 secs] 
4347.259: [GC (Allocation Failure) [PSYoungGen: 232960K->168736K(465920K)] 321401K->257177K(1864192K), 0.1002798 secs] [Times: user=0.60 sys=0.00, real=0.10 secs] 
4349.690: [GC (Allocation Failure) [PSYoungGen: 401696K->83776K(465920K)] 490137K->340845K(1864192K), 0.1068794 secs] [Times: user=0.64 sys=0.01, real=0.11 secs] 
4351.737: [GC (Allocation Failure) [PSYoungGen: 313272K->197024K(465920K)] 570341K->531945K(1864192K), 0.0594508 secs] [Times: user=0.36 sys=0.00, real=0.06 secs] 
4353.981: [GC (Allocation Failure) [PSYoungGen: 429984K->83200K(465920K)] 764905K->580321K(1864192K), 0.1009568 secs] [Times: user=0.60 sys=0.00, real=0.10 secs] 
4356.532: [GC (Allocation Failure) [PSYoungGen: 316160K->202112K(465920K)] 813281K->776310K(1864192K), 0.0663960 secs] [Times: user=0.40 sys=0.00, real=0.07 secs] 
4357.762: [GC (Allocation Failure) [PSYoungGen: 434397K->92896K(465920K)] 1008595K->828214K(1864192K), 0.0953705 secs] [Times: user=0.57 sys=0.00, real=0.10 secs] 
4359.752: [GC (Allocation Failure) [PSYoungGen: 325856K->150720K(465920K)] 1061174K->972565K(1864192K), 0.0604196 secs] [Times: user=0.36 sys=0.00, real=0.07 secs] 
4362.171: [GC (Allocation Failure) [PSYoungGen: 383680K->113952K(465920K)] 1205525K->1086765K(1864192K), 0.0998959 secs] [Times: user=0.60 sys=0.00, real=0.10 secs] 
4363.716: [GC (Allocation Failure) [PSYoungGen: 346912K->150976K(465920K)] 1319725K->1210858K(1864192K), 0.0607550 secs] [Times: user=0.36 sys=0.00, real=0.06 secs] 
4365.102: [GC (Allocation Failure) [PSYoungGen: 383936K->110528K(465920K)] 1443818K->1321314K(1864192K), 0.0876612 secs] [Times: user=0.52 sys=0.01, real=0.09 secs] 
4365.189: [Full GC (Ergonomics) [PSYoungGen: 110528K->0K(465920K)] [ParOldGen: 1210786K->125580K(1398272K)] 1321314K->125580K(1864192K), [Metaspace: 60430K->60430K(1105920K)], 0.2830257 secs] [Times: user=1.28 sys=0.00, real=0.28 secs] 
4367.718: [GC (Allocation Failure) [PSYoungGen: 232960K->137312K(459776K)] 358540K->262892K(1858048K), 0.0503239 secs] [Times: user=0.30 sys=0.00, real=0.05 secs] 
4369.941: [GC (Allocation Failure) [PSYoungGen: 370272K->119232K(462848K)] 495852K->382300K(1861120K), 0.0876225 secs] [Times: user=0.52 sys=0.00, real=0.09 secs] 
4372.530: [GC (Allocation Failure) [PSYoungGen: 352192K->129024K(455168K)] 615260K->501017K(1853440K), 0.0623031 secs] [Times: user=0.36 sys=0.00, real=0.06 secs] 
4374.273: [GC (Allocation Failure) [PSYoungGen: 375808K->139072K(459776K)] 747801K->639841K(1858048K), 0.0582023 secs] [Times: user=0.34 sys=0.00, real=0.05 secs] 
4376.753: [GC (Allocation Failure) [PSYoungGen: 385856K->4032K(462848K)] 886625K->504825K(1861120K), 0.0023212 secs] [Times: user=0.01 sys=0.00, real=0.01 secs] 
4378.870: [GC (Allocation Failure) [PSYoungGen: 258496K->167360K(421888K)] 759289K->670974K(1820160K), 0.0702703 secs] [Times: user=0.41 sys=0.01, real=0.07 secs] 
4381.463: [GC (Allocation Failure) [PSYoungGen: 421824K->103872K(476160K)] 925438K->766478K(1874432K), 0.1769335 secs] [Times: user=1.06 sys=0.01, real=0.18 secs] 
4382.906: [GC (Allocation Failure) [PSYoungGen: 350144K->174304K(420864K)] 1012750K->937635K(1819136K), 0.1109448 secs] [Times: user=0.66 sys=0.00, real=0.11 secs] 
4385.943: [GC (Allocation Failure) [PSYoungGen: 416788K->88480K(471040K)] 1180119K->1025851K(1869312K), 0.1455591 secs] [Times: user=0.87 sys=0.00, real=0.14 secs] 
4387.411: [GC (Allocation Failure) [PSYoungGen: 327584K->171168K(410624K)] 1264955K->1193384K(1808896K), 0.1248686 secs] [Times: user=0.75 sys=0.00, real=0.13 secs] 
4391.552: [GC (Allocation Failure) [PSYoungGen: 410272K->85472K(466944K)] 1432488K->1279056K(1865216K), 0.1365382 secs] [Times: user=0.81 sys=0.00, real=0.14 secs] 
4391.689: [Full GC (Ergonomics) [PSYoungGen: 85472K->0K(466944K)] [ParOldGen: 1193584K->77850K(1398272K)] 1279056K->77850K(1865216K), [Metaspace: 60430K->60430K(1105920K)], 0.1988231 secs] [Times: user=0.91 sys=0.00, real=0.20 secs] 
4394.131: [GC (Allocation Failure) [PSYoungGen: 233984K->166912K(465920K)] 311834K->244762K(1864192K), 0.0881664 secs] [Times: user=0.52 sys=0.00, real=0.09 secs] 
4396.486: [GC (Allocation Failure) [PSYoungGen: 400896K->84416K(465920K)] 478746K->328986K(1864192K), 0.0967099 secs] [Times: user=0.58 sys=0.01, real=0.10 secs] 
4398.215: [GC (Allocation Failure) [PSYoungGen: 317376K->170208K(465920K)] 561946K->493575K(1864192K), 0.1638709 secs] [Times: user=0.97 sys=0.00, real=0.16 secs] 
4400.324: [GC (Allocation Failure) [PSYoungGen: 403168K->82368K(465920K)] 726535K->575983K(1864192K), 0.0907832 secs] [Times: user=0.54 sys=0.00, real=0.09 secs] 
4403.364: [GC (Allocation Failure) [PSYoungGen: 315328K->199456K(465920K)] 808943K->769947K(1864192K), 0.0590728 secs] [Times: user=0.35 sys=0.00, real=0.06 secs] 
4405.289: [GC (Allocation Failure) [PSYoungGen: 432416K->85120K(465920K)] 1002907K->820395K(1864192K), 0.0817288 secs] [Times: user=0.48 sys=0.00, real=0.08 secs] 
4407.358: [GC (Allocation Failure) [PSYoungGen: 318080K->200064K(465920K)] 1053355K->1014408K(1864192K), 0.0589279 secs] [Times: user=0.36 sys=0.00, real=0.06 secs] 
4408.778: [GC (Allocation Failure) [PSYoungGen: 431024K->92704K(465920K)] 1245369K->1066152K(1864192K), 0.1012113 secs] [Times: user=0.60 sys=0.00, real=0.10 secs] 
4412.260: [GC (Allocation Failure) [PSYoungGen: 325664K->150624K(465920K)] 1299112K->1210589K(1864192K), 0.0605603 secs] [Times: user=0.37 sys=0.00, real=0.06 secs] 
4413.547: [GC (Allocation Failure) [PSYoungGen: 383584K->106304K(465920K)] 1443549K->1316797K(1864192K), 0.0959078 secs] [Times: user=0.57 sys=0.00, real=0.09 secs] 
4413.642: [Full GC (Ergonomics) [PSYoungGen: 106304K->0K(465920K)] [ParOldGen: 1210493K->113168K(1398272K)] 1316797K->113168K(1864192K), [Metaspace: 60430K->60430K(1105920K)], 0.2600683 secs] [Times: user=1.18 sys=0.00, real=0.26 secs] 
4415.326: [GC (Allocation Failure) [PSYoungGen: 232960K->150176K(465920K)] 346128K->263344K(1864192K), 0.0531724 secs] [Times: user=0.31 sys=0.01, real=0.05 secs] 
4418.714: [GC (Allocation Failure) [PSYoungGen: 383136K->101152K(465920K)] 496304K->364388K(1864192K), 0.1113566 secs] [Times: user=0.66 sys=0.00, real=0.11 secs] 
4419.931: [GC (Allocation Failure) [PSYoungGen: 334112K->146976K(380416K)] 597348K->501093K(1778688K), 0.0608953 secs] [Times: user=0.36 sys=0.00, real=0.06 secs] 
4424.035: [GC (Allocation Failure) [PSYoungGen: 379936K->110528K(472064K)] 734053K->611437K(1870336K), 0.0886084 secs] [Times: user=0.53 sys=0.00, real=0.09 secs] 
4425.349: [GC (Allocation Failure) [PSYoungGen: 350656K->137472K(377856K)] 851565K->738476K(1776128K), 0.0615045 secs] [Times: user=0.36 sys=0.00, real=0.06 secs] 
4428.674: [GC (Allocation Failure) [PSYoungGen: 377600K->127616K(469504K)] 978604K->865852K(1867776K), 0.0730235 secs] [Times: user=0.44 sys=0.00, real=0.07 secs] 
4429.902: [GC (Allocation Failure) [PSYoungGen: 378496K->3072K(460800K)] 1116732K->741380K(1859072K), 0.0028017 secs] [Times: user=0.01 sys=0.00, real=0.01 secs] 
4433.580: [GC (Allocation Failure) [PSYoungGen: 253952K->160192K(464384K)] 992260K->899849K(1862656K), 0.0317201 secs] [Times: user=0.18 sys=0.00, real=0.03 secs] 
4434.953: [GC (Allocation Failure) [PSYoungGen: 401344K->101792K(343040K)] 1141001K->992409K(1741312K), 0.1190730 secs] [Times: user=0.70 sys=0.01, real=0.12 secs] 
4437.389: [GC (Allocation Failure) [PSYoungGen: 341910K->169824K(459264K)] 1232528K->1159198K(1857536K), 0.0536695 secs] [Times: user=0.31 sys=0.00, real=0.06 secs] 
4439.095: [GC (Allocation Failure) [PSYoungGen: 407904K->95840K(467968K)] 1397278K->1246434K(1866240K), 0.1809266 secs] [Times: user=1.08 sys=0.01, real=0.18 secs] 
4439.276: [Full GC (Ergonomics) [PSYoungGen: 95840K->0K(467968K)] [ParOldGen: 1150594K->46701K(1398272K)] 1246434K->46701K(1866240K), [Metaspace: 60430K->60430K(1105920K)], 0.1277917 secs] [Times: user=0.55 sys=0.00, real=0.13 secs] 
4441.227: [GC (Allocation Failure) [PSYoungGen: 238080K->171872K(458240K)] 284781K->218573K(1856512K), 0.0368149 secs] [Times: user=0.22 sys=0.00, real=0.04 secs] 
4443.858: [GC (Allocation Failure) [PSYoungGen: 405856K->80064K(466432K)] 452557K->298473K(1864704K), 0.1640273 secs] [Times: user=0.97 sys=0.00, real=0.16 secs] 
4445.716: [GC (Allocation Failure) [PSYoungGen: 314048K->167328K(462848K)] 532457K->461906K(1861120K), 0.0525471 secs] [Times: user=0.31 sys=0.00, real=0.05 secs] 
4448.446: [GC (Allocation Failure) [PSYoungGen: 399262K->82208K(465920K)] 693841K->543990K(1864192K), 0.1388917 secs] [Times: user=0.82 sys=0.00, real=0.14 secs] 
4449.493: [GC (Allocation Failure) [PSYoungGen: 315168K->167360K(465408K)] 776950K->707627K(1863680K), 0.0549447 secs] [Times: user=0.32 sys=0.00, real=0.05 secs] 
4453.122: [GC (Allocation Failure) [PSYoungGen: 400320K->77504K(465920K)] 940587K->784983K(1864192K), 0.1591420 secs] [Times: user=0.95 sys=0.00, real=0.16 secs] 
4454.602: [GC (Allocation Failure) [PSYoungGen: 310464K->172000K(465920K)] 1017943K->950792K(1864192K), 0.0542779 secs] [Times: user=0.32 sys=0.01, real=0.06 secs] 
4456.933: [GC (Allocation Failure) [PSYoungGen: 404960K->82496K(465920K)] 1183752K->1033040K(1864192K), 0.1556764 secs] [Times: user=0.92 sys=0.00, real=0.15 secs] 
4458.718: [GC (Allocation Failure) [PSYoungGen: 315456K->188544K(465920K)] 1266000K->1215549K(1864192K), 0.1480863 secs] [Times: user=0.88 sys=0.00, real=0.15 secs] 
4461.056: [GC (Allocation Failure) [PSYoungGen: 421504K->83648K(465920K)] 1448509K->1282653K(1864192K), 0.1144014 secs] [Times: user=0.68 sys=0.00, real=0.11 secs] 
4461.171: [Full GC (Ergonomics) [PSYoungGen: 83648K->0K(465920K)] [ParOldGen: 1199005K->87573K(1398272K)] 1282653K->87573K(1864192K), [Metaspace: 60446K->60446K(1105920K)], 0.2130077 secs] [Times: user=0.96 sys=0.00, real=0.22 secs] 
4463.351: [GC (Allocation Failure) [PSYoungGen: 232960K->167200K(465920K)] 320533K->254773K(1864192K), 0.1033756 secs] [Times: user=0.62 sys=0.01, real=0.11 secs] 
4466.564: [GC (Allocation Failure) [PSYoungGen: 400160K->80288K(465920K)] 487733K->335409K(1864192K), 0.1282652 secs] [Times: user=0.77 sys=0.00, real=0.12 secs] 
4468.175: [GC (Allocation Failure) [PSYoungGen: 313047K->203072K(465920K)] 568169K->532462K(1864192K), 0.0599293 secs] [Times: user=0.36 sys=0.00, real=0.06 secs] 
4469.504: [GC (Allocation Failure) [PSYoungGen: 436032K->84544K(465920K)] 765422K->582454K(1864192K), 0.0908383 secs] [Times: user=0.54 sys=0.01, real=0.09 secs] 
4472.460: [GC (Allocation Failure) [PSYoungGen: 316176K->196192K(465920K)] 814086K->772427K(1864192K), 0.0668155 secs] [Times: user=0.40 sys=0.00, real=0.07 secs] 
4473.245: [GC (Allocation Failure) [PSYoungGen: 426176K->92800K(465920K)] 1002412K->828619K(1864192K), 0.0730511 secs] [Times: user=0.44 sys=0.00, real=0.07 secs] 
4475.229: [GC (Allocation Failure) [PSYoungGen: 325760K->151136K(465920K)] 1061579K->973504K(1864192K), 0.0603605 secs] [Times: user=0.36 sys=0.00, real=0.06 secs] 
4476.838: [GC (Allocation Failure) [PSYoungGen: 376380K->93088K(465920K)] 1198748K->1066676K(1864192K), 0.0973447 secs] [Times: user=0.57 sys=0.00, real=0.10 secs] 
4478.810: [GC (Allocation Failure) [PSYoungGen: 326048K->150880K(465920K)] 1299636K->1211028K(1864192K), 0.0605684 secs] [Times: user=0.36 sys=0.00, real=0.06 secs] 
4481.637: [GC (Allocation Failure) [PSYoungGen: 383840K->98016K(465920K)] 1443988K->1309148K(1864192K), 0.0989291 secs] [Times: user=0.59 sys=0.01, real=0.10 secs] 
4481.736: [Full GC (Ergonomics) [PSYoungGen: 98016K->0K(465920K)] [ParOldGen: 1211132K->113082K(1398272K)] 1309148K->113082K(1864192K), [Metaspace: 60447K->60447K(1105920K)], 0.2564971 secs] [Times: user=1.16 sys=0.00, real=0.25 secs] 
4483.730: [GC (Allocation Failure) [PSYoungGen: 232960K->150432K(465920K)] 346042K->263514K(1864192K), 0.0542648 secs] [Times: user=0.33 sys=0.00, real=0.06 secs] 
4486.023: [GC (Allocation Failure) [PSYoungGen: 383392K->101600K(465920K)] 496474K->365022K(1864192K), 0.1084681 secs] [Times: user=0.64 sys=0.01, real=0.11 secs] 
4488.631: [GC (Allocation Failure) [PSYoungGen: 334560K->146432K(459776K)] 597982K->500763K(1858048K), 0.0607365 secs] [Times: user=0.36 sys=0.00, real=0.06 secs] 
4489.688: [GC (Allocation Failure) [PSYoungGen: 379392K->115200K(462848K)] 733723K->616159K(1861120K), 0.0757588 secs] [Times: user=0.45 sys=0.00, real=0.08 secs] 
4491.541: [GC (Allocation Failure) [PSYoungGen: 348160K->133344K(459264K)] 849119K->738772K(1857536K), 0.0618980 secs] [Times: user=0.37 sys=0.00, real=0.06 secs] 
4494.766: [GC (Allocation Failure) [PSYoungGen: 380128K->128672K(461824K)] 985556K->867508K(1860096K), 0.0686192 secs] [Times: user=0.41 sys=0.00, real=0.07 secs] 
4496.003: [GC (Allocation Failure) [PSYoungGen: 375456K->2656K(463872K)] 1114292K->741548K(1862144K), 0.0023474 secs] [Times: user=0.01 sys=0.00, real=0.00 secs] 
4498.187: [GC (Allocation Failure) [PSYoungGen: 260192K->171424K(429056K)] 999084K->911972K(1827328K), 0.0928973 secs] [Times: user=0.54 sys=0.00, real=0.09 secs] 
4502.281: [GC (Allocation Failure) [PSYoungGen: 428960K->101312K(476160K)] 1169508K->1004908K(1874432K), 0.1215698 secs] [Times: user=0.72 sys=0.00, real=0.13 secs] 
4503.553: [GC (Allocation Failure) [PSYoungGen: 347072K->175712K(421888K)] 1250668K->1177377K(1820160K), 0.0924445 secs] [Times: user=0.55 sys=0.00, real=0.09 secs] 
4506.548: [GC (Allocation Failure) [PSYoungGen: 421472K->89440K(470528K)] 1423137K->1266521K(1868800K), 0.1339790 secs] [Times: user=0.80 sys=0.00, real=0.13 secs] 
4506.682: [Full GC (Ergonomics) [PSYoungGen: 89440K->0K(470528K)] [ParOldGen: 1177081K->65867K(1398272K)] 1266521K->65867K(1868800K), [Metaspace: 60454K->60454K(1105920K)], 0.1564048 secs] [Times: user=0.69 sys=0.00, real=0.16 secs] 
4511.501: [GC (Allocation Failure) [PSYoungGen: 237568K->166368K(465920K)] 303435K->232235K(1864192K), 0.1208211 secs] [Times: user=0.72 sys=0.00, real=0.12 secs] 
4515.546: [GC (Allocation Failure) [PSYoungGen: 403936K->82944K(467968K)] 469803K->315023K(1866240K), 0.1593550 secs] [Times: user=0.95 sys=0.00, real=0.16 secs] 
4516.482: [GC (Allocation Failure) [PSYoungGen: 317952K->174496K(465920K)] 550031K->483348K(1864192K), 0.0732406 secs] [Times: user=0.43 sys=0.00, real=0.08 secs] 
4517.951: [GC (Allocation Failure) [PSYoungGen: 409504K->88352K(465920K)] 718356K->571552K(1864192K), 0.1379344 secs] [Times: user=0.82 sys=0.00, real=0.14 secs] 
4519.206: [GC (Allocation Failure) [PSYoungGen: 321312K->165824K(465920K)] 804512K->731865K(1864192K), 0.1357315 secs] [Times: user=0.81 sys=0.00, real=0.13 secs] 
4522.038: [GC (Allocation Failure) [PSYoungGen: 398784K->85760K(465920K)] 964825K->817161K(1864192K), 0.1319859 secs] [Times: user=0.79 sys=0.00, real=0.13 secs] 
4523.570: [GC (Allocation Failure) [PSYoungGen: 317735K->196416K(465920K)] 1049137K->1007982K(1864192K), 0.0610256 secs] [Times: user=0.37 sys=0.00, real=0.06 secs] 
4526.129: [GC (Allocation Failure) [PSYoungGen: 429376K->88160K(465920K)] 1240942K->1061798K(1864192K), 0.1007792 secs] [Times: user=0.60 sys=0.00, real=0.10 secs] 
4528.029: [GC (Allocation Failure) [PSYoungGen: 317826K->192768K(465920K)] 1291464K->1248874K(1864192K), 0.0675560 secs] [Times: user=0.40 sys=0.00, real=0.07 secs] 
4531.311: [GC (Allocation Failure) [PSYoungGen: 425728K->86592K(465920K)] 1481834K->1298466K(1864192K), 0.1083570 secs] [Times: user=0.65 sys=0.00, real=0.11 secs] 
4531.419: [Full GC (Ergonomics) [PSYoungGen: 86592K->0K(465920K)] [ParOldGen: 1211874K->101691K(1398272K)] 1298466K->101691K(1864192K), [Metaspace: 60454K->60454K(1105920K)], 0.2454500 secs] [Times: user=1.13 sys=0.00, real=0.25 secs] 
4532.775: [GC (Allocation Failure) [PSYoungGen: 232960K->157824K(465920K)] 334651K->259515K(1864192K), 0.0455971 secs] [Times: user=0.27 sys=0.00, real=0.04 secs] 
4533.997: [GC (Allocation Failure) [PSYoungGen: 390784K->98944K(465920K)] 492475K->358423K(1864192K), 0.0938517 secs] [Times: user=0.56 sys=0.00, real=0.09 secs] 
4536.011: [GC (Allocation Failure) [PSYoungGen: 331904K->148896K(465920K)] 591383K->496702K(1864192K), 0.0603554 secs] [Times: user=0.36 sys=0.00, real=0.06 secs] 
4539.261: [GC (Allocation Failure) [PSYoungGen: 381856K->103904K(465920K)] 729662K->600862K(1864192K), 0.0911517 secs] [Times: user=0.54 sys=0.00, real=0.09 secs] 
4540.479: [GC (Allocation Failure) [PSYoungGen: 336864K->144160K(377344K)] 833822K->734419K(1775616K), 0.0608305 secs] [Times: user=0.36 sys=0.00, real=0.06 secs] 
4542.150: [GC (Allocation Failure) [PSYoungGen: 377120K->117152K(472064K)] 967379K->851515K(1870336K), 0.0831253 secs] [Times: user=0.49 sys=0.00, real=0.09 secs] 
4544.330: [GC (Allocation Failure) [PSYoungGen: 358304K->130464K(371712K)] 1092667K->971696K(1769984K), 0.0617566 secs] [Times: user=0.37 sys=0.00, real=0.06 secs] 
4546.859: [GC (Allocation Failure) [PSYoungGen: 371616K->138944K(463872K)] 1212848K->1110816K(1862144K), 0.0645268 secs] [Times: user=0.39 sys=0.00, real=0.07 secs] 
4548.408: [GC (Allocation Failure) [PSYoungGen: 388800K->4096K(459264K)] 1360672K->976020K(1857536K), 0.0030794 secs] [Times: user=0.01 sys=0.00, real=0.00 secs] 
4550.314: [GC (Allocation Failure) [PSYoungGen: 253952K->170208K(457728K)] 1225876K->1144836K(1856000K), 0.0342478 secs] [Times: user=0.20 sys=0.00, real=0.03 secs] 
4553.369: [GC (Allocation Failure) [PSYoungGen: 405216K->90592K(466944K)] 1379844K->1227041K(1865216K), 0.1172159 secs] [Times: user=0.70 sys=0.00, real=0.12 secs] 
4554.518: [GC (Allocation Failure) [PSYoungGen: 323989K->168128K(459264K)] 1460438K->1393037K(1857536K), 0.0509961 secs] [Times: user=0.30 sys=0.00, real=0.05 secs] 
4554.569: [Full GC (Ergonomics) [PSYoungGen: 168128K->0K(459264K)] [ParOldGen: 1224909K->197991K(1398272K)] 1393037K->197991K(1857536K), [Metaspace: 60454K->60454K(1105920K)], 0.4730676 secs] [Times: user=2.20 sys=0.01, real=0.47 secs] 
4556.954: [GC (Allocation Failure) [PSYoungGen: 232960K->90112K(465920K)] 430951K->288103K(1864192K), 0.0290565 secs] [Times: user=0.17 sys=0.00, real=0.03 secs] 
4558.697: [GC (Allocation Failure) [PSYoungGen: 316288K->159680K(462848K)] 514279K->445059K(1861120K), 0.0694856 secs] [Times: user=0.41 sys=0.00, real=0.07 secs] 
4561.203: [GC (Allocation Failure) [PSYoungGen: 393664K->89312K(323584K)] 679043K->525891K(1721856K), 0.1143426 secs] [Times: user=0.68 sys=0.00, real=0.11 secs] 
4562.730: [GC (Allocation Failure) [PSYoungGen: 314984K->159264K(461312K)] 751564K->683160K(1859584K), 0.1045777 secs] [Times: user=0.62 sys=0.00, real=0.11 secs] 
4565.401: [GC (Allocation Failure) [PSYoungGen: 393248K->89824K(464896K)] 917144K->764920K(1863168K), 0.1206248 secs] [Times: user=0.72 sys=0.00, real=0.12 secs] 
4567.172: [GC (Allocation Failure) [PSYoungGen: 314990K->159264K(463360K)] 990086K->921885K(1861632K), 0.0909505 secs] [Times: user=0.54 sys=0.00, real=0.10 secs] 
4569.757: [GC (Allocation Failure) [PSYoungGen: 396320K->90816K(466944K)] 1158941K->1004637K(1865216K), 0.1042930 secs] [Times: user=0.62 sys=0.01, real=0.10 secs] 
4570.741: [GC (Allocation Failure) [PSYoungGen: 327872K->169088K(459264K)] 1241693K->1170614K(1857536K), 0.0754115 secs] [Times: user=0.45 sys=0.00, real=0.08 secs] 
4573.933: [GC (Allocation Failure) [PSYoungGen: 403072K->82432K(466432K)] 1404598K->1252918K(1864704K), 0.1472980 secs] [Times: user=0.88 sys=0.00, real=0.14 secs] 
4574.080: [Full GC (Ergonomics) [PSYoungGen: 82432K->0K(466432K)] [ParOldGen: 1170486K->50825K(1398272K)] 1252918K->50825K(1864704K), [Metaspace: 60455K->60455K(1105920K)], 0.1371595 secs] [Times: user=0.62 sys=0.00, real=0.14 secs] 
4575.344: [GC (Allocation Failure) [PSYoungGen: 233984K->171552K(462336K)] 284809K->222377K(1860608K), 0.0684422 secs] [Times: user=0.41 sys=0.00, real=0.06 secs] 
4578.761: [GC (Allocation Failure) [PSYoungGen: 404512K->79296K(465920K)] 455337K->301885K(1864192K), 0.1241560 secs] [Times: user=0.74 sys=0.00, real=0.13 secs] 
4579.451: [GC (Allocation Failure) [PSYoungGen: 312256K->171488K(465920K)] 534845K->469274K(1864192K), 0.0542145 secs] [Times: user=0.32 sys=0.00, real=0.06 secs] 
4582.620: [GC (Allocation Failure) [PSYoungGen: 404448K->79552K(465920K)] 702234K->549050K(1864192K), 0.1757297 secs] [Times: user=1.05 sys=0.00, real=0.18 secs] 
4583.818: [GC (Allocation Failure) [PSYoungGen: 312512K->173952K(465920K)] 782010K->717255K(1864192K), 0.0552643 secs] [Times: user=0.33 sys=0.00, real=0.06 secs] 
4586.557: [GC (Allocation Failure) [PSYoungGen: 406912K->81664K(465920K)] 950215K->798887K(1864192K), 0.1552461 secs] [Times: user=0.92 sys=0.00, real=0.15 secs] 
4588.685: [GC (Allocation Failure) [PSYoungGen: 314624K->167808K(465920K)] 1031847K->960832K(1864192K), 0.1396724 secs] [Times: user=0.83 sys=0.01, real=0.14 secs] 
4594.026: [GC (Allocation Failure) [PSYoungGen: 400768K->70912K(465920K)] 1193792K->1031960K(1864192K), 0.1671478 secs] [Times: user=1.00 sys=0.00, real=0.17 secs] 
4594.581: [GC (Allocation Failure) [PSYoungGen: 303872K->175488K(465920K)] 1264920K->1201425K(1864192K), 0.0545630 secs] [Times: user=0.33 sys=0.01, real=0.06 secs] 
4597.406: [GC (Allocation Failure) [PSYoungGen: 408448K->79200K(465920K)] 1434385K->1280609K(1864192K), 0.1411429 secs] [Times: user=0.84 sys=0.00, real=0.14 secs] 
4597.547: [Full GC (Ergonomics) [PSYoungGen: 79200K->0K(465920K)] [ParOldGen: 1201409K->85317K(1398272K)] 1280609K->85317K(1864192K), [Metaspace: 60455K->60455K(1105920K)], 0.2177325 secs] [Times: user=1.01 sys=0.00, real=0.22 secs] 
4598.028: [GC (Allocation Failure) [PSYoungGen: 232960K->207200K(465920K)] 318277K->292517K(1864192K), 0.0375049 secs] [Times: user=0.22 sys=0.00, real=0.04 secs] 
4600.687: [GC (Allocation Failure) [PSYoungGen: 440160K->77728K(465920K)] 525477K->337241K(1864192K), 0.1308480 secs] [Times: user=0.77 sys=0.01, real=0.13 secs] 
4602.313: [GC (Allocation Failure) [PSYoungGen: 309282K->201728K(465920K)] 568795K->532574K(1864192K), 0.0586869 secs] [Times: user=0.35 sys=0.00, real=0.05 secs] 
4604.386: [GC (Allocation Failure) [PSYoungGen: 434688K->88192K(465920K)] 765534K->585934K(1864192K), 0.1081111 secs] [Times: user=0.65 sys=0.00, real=0.11 secs] 
4607.828: [GC (Allocation Failure) [PSYoungGen: 319192K->192320K(465920K)] 816935K->772763K(1864192K), 0.0674545 secs] [Times: user=0.40 sys=0.00, real=0.07 secs] 
4609.370: [GC (Allocation Failure) [PSYoungGen: 425280K->92704K(465920K)] 1005723K->828547K(1864192K), 0.1019681 secs] [Times: user=0.51 sys=0.00, real=0.10 secs] 
4613.174: [GC (Allocation Failure) [PSYoungGen: 325664K->194872K(465920K)] 1061507K->1017360K(1864192K), 0.0663300 secs] [Times: user=0.39 sys=0.00, real=0.06 secs] 
4616.415: [GC (Allocation Failure) [PSYoungGen: 427832K->87744K(465920K)] 1250320K->1061864K(1864192K), 0.1038413 secs] [Times: user=0.62 sys=0.00, real=0.10 secs] 
4618.203: [GC (Allocation Failure) [PSYoungGen: 317477K->193408K(465920K)] 1291597K->1249053K(1864192K), 0.0671966 secs] [Times: user=0.40 sys=0.00, real=0.06 secs] 
4620.355: [GC (Allocation Failure) [PSYoungGen: 426368K->89344K(465920K)] 1482013K->1301517K(1864192K), 0.1091668 secs] [Times: user=0.65 sys=0.00, real=0.11 secs] 
4620.464: [Full GC (Ergonomics) [PSYoungGen: 89344K->0K(465920K)] [ParOldGen: 1212173K->104908K(1398272K)] 1301517K->104908K(1864192K), [Metaspace: 60455K->60455K(1105920K)], 0.2503161 secs] [Times: user=1.14 sys=0.00, real=0.25 secs] 
4622.492: [GC (Allocation Failure) [PSYoungGen: 232960K->155168K(465920K)] 337868K->260076K(1864192K), 0.0450176 secs] [Times: user=0.27 sys=0.00, real=0.05 secs] 
4624.591: [GC (Allocation Failure) [PSYoungGen: 388128K->121536K(465920K)] 493036K->381564K(1864192K), 0.0907188 secs] [Times: user=0.54 sys=0.00, real=0.09 secs] 
4626.761: [GC (Allocation Failure) [PSYoungGen: 354496K->150848K(465920K)] 614524K->497465K(1864192K), 0.0601435 secs] [Times: user=0.36 sys=0.00, real=0.06 secs] 
4629.148: [GC (Allocation Failure) [PSYoungGen: 383808K->104640K(465920K)] 730425K->602329K(1864192K), 0.0946401 secs] [Times: user=0.56 sys=0.00, real=0.09 secs] 
4631.226: [GC (Allocation Failure) [PSYoungGen: 337600K->143584K(465920K)] 835289K->735122K(1864192K), 0.0606970 secs] [Times: user=0.36 sys=0.00, real=0.06 secs] 
4632.870: [GC (Allocation Failure) [PSYoungGen: 376544K->115040K(348160K)] 968082K->850314K(1746432K), 0.0825347 secs] [Times: user=0.49 sys=0.00, real=0.09 secs] 
4635.068: [GC (Allocation Failure) [PSYoungGen: 348000K->132992K(475136K)] 1083274K->972783K(1873408K), 0.0615116 secs] [Times: user=0.36 sys=0.00, real=0.06 secs] 
4636.111: [GC (Allocation Failure) [PSYoungGen: 375680K->137376K(380416K)] 1215471K->1110087K(1778688K), 0.0586635 secs] [Times: user=0.35 sys=0.00, real=0.06 secs] 
4637.753: [GC (Allocation Failure) [PSYoungGen: 380064K->2688K(445440K)] 1352775K->975503K(1843712K), 0.0035358 secs] [Times: user=0.02 sys=0.00, real=0.00 secs] 
4638.787: [GC (Allocation Failure) [PSYoungGen: 232576K->155136K(459264K)] 1205391K->1130021K(1857536K), 0.0310978 secs] [Times: user=0.18 sys=0.00, real=0.03 secs] 
4641.637: [GC (Allocation Failure) [PSYoungGen: 385024K->95040K(459776K)] 1359909K->1216733K(1858048K), 0.0670928 secs] [Times: user=0.40 sys=0.00, real=0.07 secs] 
4642.520: [GC (Allocation Failure) [PSYoungGen: 332608K->163776K(463360K)] 1454301K->1379735K(1861632K), 0.0521751 secs] [Times: user=0.31 sys=0.00, real=0.05 secs] 
4642.572: [Full GC (Ergonomics) [PSYoungGen: 163776K->0K(463360K)] [ParOldGen: 1215959K->182877K(1398272K)] 1379735K->182877K(1861632K), [Metaspace: 60455K->60455K(1105920K)], 0.4362104 secs] [Times: user=2.02 sys=0.00, real=0.44 secs] 
4645.727: [GC (Allocation Failure) [PSYoungGen: 237568K->94400K(467456K)] 420445K->277277K(1865728K), 0.0746656 secs] [Times: user=0.44 sys=0.00, real=0.07 secs] 
4647.490: [GC (Allocation Failure) [PSYoungGen: 336064K->170336K(412160K)] 518941K->445786K(1810432K), 0.0520385 secs] [Times: user=0.31 sys=0.00, real=0.05 secs] 
4649.605: [GC (Allocation Failure) [PSYoungGen: 412000K->96800K(471040K)] 687450K->534046K(1869312K), 0.0794198 secs] [Times: user=0.47 sys=0.00, real=0.08 secs] 
4650.732: [GC (Allocation Failure) [PSYoungGen: 334880K->170112K(465920K)] 772126K->701119K(1864192K), 0.0956468 secs] [Times: user=0.57 sys=0.00, real=0.10 secs] 
4654.455: [GC (Allocation Failure) [PSYoungGen: 408192K->83488K(467456K)] 939199K->784303K(1865728K), 0.1663755 secs] [Times: user=0.99 sys=0.00, real=0.16 secs] 
4655.394: [GC (Allocation Failure) [PSYoungGen: 317984K->185504K(465920K)] 1018799K->966092K(1864192K), 0.0552095 secs] [Times: user=0.33 sys=0.00, real=0.05 secs] 
4658.763: [GC (Allocation Failure) [PSYoungGen: 420000K->81184K(465920K)] 1200588K->1030700K(1864192K), 0.1415599 secs] [Times: user=0.84 sys=0.00, real=0.14 secs] 
4660.032: [GC (Allocation Failure) [PSYoungGen: 314144K->172448K(465920K)] 1263660K->1197789K(1864192K), 0.0996299 secs] [Times: user=0.60 sys=0.00, real=0.10 secs] 
4663.253: [GC (Allocation Failure) [PSYoungGen: 405408K->79232K(465920K)] 1430749K->1276853K(1864192K), 0.1705436 secs] [Times: user=1.01 sys=0.00, real=0.17 secs] 
4663.423: [Full GC (Ergonomics) [PSYoungGen: 79232K->0K(465920K)] [ParOldGen: 1197621K->74509K(1398272K)] 1276853K->74509K(1864192K), [Metaspace: 60455K->60455K(1105920K)], 0.1998279 secs] [Times: user=0.94 sys=0.00, real=0.20 secs] 
4664.365: [GC (Allocation Failure) [PSYoungGen: 232960K->171552K(465920K)] 307469K->246061K(1864192K), 0.0595273 secs] [Times: user=0.35 sys=0.00, real=0.06 secs] 
4667.076: [GC (Allocation Failure) [PSYoungGen: 404512K->79136K(465920K)] 479021K->325117K(1864192K), 0.1453782 secs] [Times: user=0.87 sys=0.00, real=0.14 secs] 
4668.049: [GC (Allocation Failure) [PSYoungGen: 312096K->174816K(465920K)] 558077K->493830K(1864192K), 0.1133763 secs] [Times: user=0.68 sys=0.00, real=0.12 secs] 
4670.380: [GC (Allocation Failure) [PSYoungGen: 407776K->83872K(465920K)] 726790K->577550K(1864192K), 0.1199906 secs] [Times: user=0.72 sys=0.00, real=0.12 secs] 
4671.859: [GC (Allocation Failure) [PSYoungGen: 316832K->200160K(465920K)] 810510K->771371K(1864192K), 0.0573745 secs] [Times: user=0.34 sys=0.00, real=0.06 secs] 
4673.923: [GC (Allocation Failure) [PSYoungGen: 433120K->91392K(465920K)] 1004331K->827539K(1864192K), 0.1096398 secs] [Times: user=0.65 sys=0.00, real=0.11 secs] 
4676.661: [GC (Allocation Failure) [PSYoungGen: 319220K->189504K(465920K)] 1055368K->1011392K(1864192K), 0.0667363 secs] [Times: user=0.40 sys=0.00, real=0.07 secs] 
4678.229: [GC (Allocation Failure) [PSYoungGen: 420489K->92576K(465920K)] 1242378K->1066912K(1864192K), 0.0995806 secs] [Times: user=0.60 sys=0.00, real=0.10 secs] 
4680.920: [GC (Allocation Failure) [PSYoungGen: 325536K->151200K(465920K)] 1299872K->1212063K(1864192K), 0.0605463 secs] [Times: user=0.36 sys=0.00, real=0.06 secs] 
4682.190: [GC (Allocation Failure) [PSYoungGen: 384160K->97472K(465920K)] 1445023K->1309607K(1864192K), 0.0896335 secs] [Times: user=0.53 sys=0.00, real=0.09 secs] 
4682.280: [Full GC (Ergonomics) [PSYoungGen: 97472K->0K(465920K)] [ParOldGen: 1212135K->112554K(1398272K)] 1309607K->112554K(1864192K), [Metaspace: 60455K->60455K(1105920K)], 0.2525897 secs] [Times: user=1.15 sys=0.00, real=0.25 secs] 
4684.555: [GC (Allocation Failure) [PSYoungGen: 232960K->149920K(465920K)] 345514K->262474K(1864192K), 0.0528867 secs] [Times: user=0.32 sys=0.00, real=0.05 secs] 
4686.152: [GC (Allocation Failure) [PSYoungGen: 382880K->109984K(465920K)] 495434K->372770K(1864192K), 0.1036050 secs] [Times: user=0.62 sys=0.00, real=0.11 secs] 
4689.012: [GC (Allocation Failure) [PSYoungGen: 342944K->138080K(371200K)] 605730K->500257K(1769472K), 0.0612044 secs] [Times: user=0.36 sys=0.00, real=0.07 secs] 
4691.519: [GC (Allocation Failure) [PSYoungGen: 371040K->111040K(469504K)] 733217K->611441K(1867776K), 0.0853098 secs] [Times: user=0.47 sys=0.00, real=0.09 secs] 
4692.752: [GC (Allocation Failure) [PSYoungGen: 350656K->137056K(462848K)] 851057K->737957K(1861120K), 0.0617122 secs] [Times: user=0.36 sys=0.00, real=0.07 secs] 
4694.872: [GC (Allocation Failure) [PSYoungGen: 376672K->135136K(468992K)] 977573K->873309K(1867264K), 0.0677879 secs] [Times: user=0.40 sys=0.00, real=0.07 secs] 
4696.323: [GC (Allocation Failure) [PSYoungGen: 387552K->5600K(462848K)] 1125725K->743821K(1861120K), 0.0034842 secs] [Times: user=0.02 sys=0.00, real=0.00 secs] 
4697.810: [GC (Allocation Failure) [PSYoungGen: 258016K->175552K(456192K)] 996237K->917693K(1854464K), 0.0349349 secs] [Times: user=0.20 sys=0.00, real=0.04 secs] 
4700.030: [GC (Allocation Failure) [PSYoungGen: 408512K->89984K(465920K)] 1150653K->999121K(1864192K), 0.1061503 secs] [Times: user=0.63 sys=0.00, real=0.11 secs] 
4701.928: [GC (Allocation Failure) [PSYoungGen: 318812K->162592K(461824K)] 1227950K->1159290K(1860096K), 0.0489863 secs] [Times: user=0.29 sys=0.00, real=0.05 secs] 
4704.542: [GC (Allocation Failure) [PSYoungGen: 395552K->89600K(465920K)] 1392250K->1240690K(1864192K), 0.1249242 secs] [Times: user=0.74 sys=0.00, real=0.13 secs] 
4704.667: [Full GC (Ergonomics) [PSYoungGen: 89600K->0K(465920K)] [ParOldGen: 1151090K->40281K(1398272K)] 1240690K->40281K(1864192K), [Metaspace: 60455K->60455K(1105920K)], 0.1050212 secs] [Times: user=0.43 sys=0.00, real=0.10 secs] 
4706.122: [GC (Allocation Failure) [PSYoungGen: 222150K->159616K(462336K)] 262432K->199897K(1860608K), 0.0306974 secs] [Times: user=0.19 sys=0.00, real=0.03 secs] 
4708.885: [GC (Allocation Failure) [PSYoungGen: 393088K->86816K(320512K)] 433369K->278313K(1718784K), 0.0660360 secs] [Times: user=0.40 sys=0.01, real=0.06 secs] 
4710.432: [GC (Allocation Failure) [PSYoungGen: 312491K->162048K(460800K)] 503989K->438166K(1859072K), 0.0786221 secs] [Times: user=0.47 sys=0.00, real=0.08 secs] 
4713.257: [GC (Allocation Failure) [PSYoungGen: 395008K->87264K(465408K)] 671126K->517358K(1863680K), 0.1758618 secs] [Times: user=1.05 sys=0.01, real=0.18 secs] 
4715.310: [GC (Allocation Failure) [PSYoungGen: 312597K->162240K(461312K)] 742692K->676839K(1859584K), 0.0964538 secs] [Times: user=0.57 sys=0.00, real=0.10 secs] 
4717.486: [GC (Allocation Failure) [PSYoungGen: 395200K->88288K(465920K)] 909799K->757055K(1864192K), 0.1692058 secs] [Times: user=1.01 sys=0.00, real=0.17 secs] 
4719.179: [GC (Allocation Failure) [PSYoungGen: 316267K->161216K(461824K)] 985035K->916113K(1860096K), 0.0680303 secs] [Times: user=0.40 sys=0.00, real=0.07 secs] 
4722.496: [GC (Allocation Failure) [PSYoungGen: 394688K->88672K(465920K)] 1149585K->996281K(1864192K), 0.1628526 secs] [Times: user=0.97 sys=0.00, real=0.16 secs] 
4723.388: [GC (Allocation Failure) [PSYoungGen: 310540K->161024K(461824K)] 1218149K->1154737K(1860096K), 0.0478787 secs] [Times: user=0.28 sys=0.00, real=0.05 secs] 
4726.107: [GC (Allocation Failure) [PSYoungGen: 395008K->91840K(465920K)] 1388721K->1237994K(1864192K), 0.1486850 secs] [Times: user=0.88 sys=0.00, real=0.15 secs] 
4727.937: [GC (Allocation Failure) [PSYoungGen: 313419K->159616K(462336K)] 1459573K->1394190K(1860608K), 0.0489384 secs] [Times: user=0.29 sys=0.00, real=0.05 secs] 
4727.986: [Full GC (Ergonomics) [PSYoungGen: 159616K->0K(462336K)] [ParOldGen: 1234574K->198216K(1398272K)] 1394190K->198216K(1860608K), [Metaspace: 60455K->60455K(1105920K)], 0.4743971 secs] [Times: user=2.21 sys=0.00, real=0.47 secs] 
4731.426: [GC (Allocation Failure) [PSYoungGen: 235520K->90656K(465920K)] 433736K->288872K(1864192K), 0.0927080 secs] [Times: user=0.55 sys=0.00, real=0.09 secs] 
4733.010: [GC (Allocation Failure) [PSYoungGen: 311806K->159968K(463872K)] 510022K->445689K(1862144K), 0.0474494 secs] [Times: user=0.28 sys=0.00, real=0.05 secs] 
4734.834: [GC (Allocation Failure) [PSYoungGen: 398048K->94752K(467456K)] 683769K->531689K(1865728K), 0.1634713 secs] [Times: user=0.97 sys=0.01, real=0.16 secs] 
4736.070: [GC (Allocation Failure) [PSYoungGen: 332832K->168672K(460800K)] 769769K->695925K(1859072K), 0.0502382 secs] [Times: user=0.29 sys=0.00, real=0.05 secs] 
4739.682: [GC (Allocation Failure) [PSYoungGen: 404704K->88576K(467456K)] 931957K->783606K(1865728K), 0.1534495 secs] [Times: user=0.91 sys=0.00, real=0.16 secs] 
4740.846: [GC (Allocation Failure) [PSYoungGen: 324608K->170080K(460800K)] 1019638K->949910K(1859072K), 0.0562049 secs] [Times: user=0.33 sys=0.00, real=0.05 secs] 
4743.612: [GC (Allocation Failure) [PSYoungGen: 400206K->77216K(465920K)] 1180037K->1026770K(1864192K), 0.1571878 secs] [Times: user=0.93 sys=0.01, real=0.16 secs] 
4744.514: [GC (Allocation Failure) [PSYoungGen: 310176K->171008K(465408K)] 1259730K->1193811K(1863680K), 0.0551485 secs] [Times: user=0.33 sys=0.00, real=0.05 secs] 
4747.393: [GC (Allocation Failure) [PSYoungGen: 403968K->79648K(465920K)] 1426771K->1273483K(1864192K), 0.1702482 secs] [Times: user=1.01 sys=0.01, real=0.18 secs] 
4747.563: [Full GC (Ergonomics) [PSYoungGen: 79648K->0K(465920K)] [ParOldGen: 1193835K->71762K(1398272K)] 1273483K->71762K(1864192K), [Metaspace: 60455K->60455K(1105920K)], 0.1907552 secs] [Times: user=0.89 sys=0.00, real=0.19 secs] 
4748.118: [GC (Allocation Failure) [PSYoungGen: 232960K->172064K(465920K)] 304722K->243826K(1864192K), 0.0375414 secs] [Times: user=0.23 sys=0.00, real=0.04 secs] 
4750.924: [GC (Allocation Failure) [PSYoungGen: 405024K->81664K(465920K)] 476786K->324898K(1864192K), 0.1415037 secs] [Times: user=0.84 sys=0.00, real=0.14 secs] 
4751.368: [GC (Allocation Failure) [PSYoungGen: 314624K->191392K(465920K)] 557858K->510178K(1864192K), 0.0577323 secs] [Times: user=0.34 sys=0.00, real=0.06 secs] 
4754.677: [GC (Allocation Failure) [PSYoungGen: 424352K->79264K(465920K)] 743138K->572914K(1864192K), 0.1355276 secs] [Times: user=0.81 sys=0.00, real=0.14 secs] 
4755.394: [GC (Allocation Failure) [PSYoungGen: 311200K->204288K(465920K)] 804850K->770831K(1864192K), 0.0600155 secs] [Times: user=0.36 sys=0.00, real=0.06 secs] 
4757.171: [GC (Allocation Failure) [PSYoungGen: 437248K->85568K(465920K)] 1003791K->821839K(1864192K), 0.1078436 secs] [Times: user=0.63 sys=0.00, real=0.11 secs] 
4759.097: [GC (Allocation Failure) [PSYoungGen: 316514K->195584K(465920K)] 1052785K->1011259K(1864192K), 0.0670875 secs] [Times: user=0.39 sys=0.00, real=0.07 secs] 
4760.948: [GC (Allocation Failure) [PSYoungGen: 428544K->91328K(465920K)] 1244219K->1065571K(1864192K), 0.0993953 secs] [Times: user=0.58 sys=0.01, real=0.10 secs] 
4762.243: [GC (Allocation Failure) [PSYoungGen: 324288K->153280K(465920K)] 1298531K->1211856K(1864192K), 0.0603730 secs] [Times: user=0.36 sys=0.00, real=0.06 secs] 
4763.581: [GC (Allocation Failure) [PSYoungGen: 386240K->103296K(465920K)] 1444816K->1315104K(1864192K), 0.0790474 secs] [Times: user=0.47 sys=0.00, real=0.08 secs] 
4763.660: [Full GC (Ergonomics) [PSYoungGen: 103296K->0K(465920K)] [ParOldGen: 1211808K->118347K(1398272K)] 1315104K->118347K(1864192K), [Metaspace: 60457K->60457K(1105920K)], 0.2647202 secs] [Times: user=1.19 sys=0.00, real=0.27 secs] 
4766.306: [GC (Allocation Failure) [PSYoungGen: 232960K->144512K(465920K)] 351307K->262859K(1864192K), 0.0517529 secs] [Times: user=0.31 sys=0.00, real=0.05 secs] 
4767.220: [GC (Allocation Failure) [PSYoungGen: 377472K->124352K(465920K)] 495819K->387531K(1864192K), 0.0794662 secs] [Times: user=0.47 sys=0.00, real=0.08 secs] 
4769.653: [GC (Allocation Failure) [PSYoungGen: 357312K->131296K(451584K)] 620491K->500448K(1849856K), 0.0611261 secs] [Times: user=0.36 sys=0.00, real=0.06 secs] 
4771.222: [GC (Allocation Failure) [PSYoungGen: 364256K->125856K(458752K)] 733408K->626040K(1857024K), 0.0571638 secs] [Times: user=0.34 sys=0.00, real=0.06 secs] 
4773.212: [GC (Allocation Failure) [PSYoungGen: 358816K->122016K(460288K)] 859000K->737981K(1858560K), 0.0631318 secs] [Times: user=0.38 sys=0.00, real=0.07 secs] 
4774.792: [GC (Allocation Failure) [PSYoungGen: 378016K->153568K(465920K)] 993981K->891413K(1864192K), 0.0609506 secs] [Times: user=0.37 sys=0.00, real=0.07 secs] 
4777.323: [GC (Allocation Failure) [PSYoungGen: 409004K->14048K(463360K)] 1146849K->751937K(1861632K), 0.0081647 secs] [Times: user=0.04 sys=0.00, real=0.00 secs] 
4779.109: [GC (Allocation Failure) [PSYoungGen: 255592K->170400K(422912K)] 993481K->920374K(1821184K), 0.0623150 secs] [Times: user=0.37 sys=0.00, real=0.06 secs] 
4782.156: [GC (Allocation Failure) [PSYoungGen: 422816K->97984K(473600K)] 1172790K->1009978K(1871872K), 0.1486022 secs] [Times: user=0.89 sys=0.01, real=0.15 secs] 
4783.076: [GC (Allocation Failure) [PSYoungGen: 340160K->172160K(414720K)] 1252154K->1178743K(1812992K), 0.0950069 secs] [Times: user=0.56 sys=0.00, real=0.09 secs] 
4785.764: [GC (Allocation Failure) [PSYoungGen: 414336K->93472K(470016K)] 1420919K->1271943K(1868288K), 0.1330212 secs] [Times: user=0.79 sys=0.00, real=0.13 secs] 
4785.897: [Full GC (Ergonomics) [PSYoungGen: 93472K->0K(470016K)] [ParOldGen: 1178471K->71659K(1398272K)] 1271943K->71659K(1868288K), [Metaspace: 60457K->60457K(1105920K)], 0.1760431 secs] [Times: user=0.79 sys=0.00, real=0.18 secs] 
4786.483: [GC (Allocation Failure) [PSYoungGen: 237056K->177056K(465920K)] 308715K->248715K(1864192K), 0.0383623 secs] [Times: user=0.23 sys=0.00, real=0.03 secs] 
4789.356: [GC (Allocation Failure) [PSYoungGen: 414112K->83680K(465920K)] 485771K->332091K(1864192K), 0.1388366 secs] [Times: user=0.83 sys=0.00, real=0.14 secs] 
4790.846: [GC (Allocation Failure) [PSYoungGen: 316640K->205056K(465920K)] 565051K->530712K(1864192K), 0.0926075 secs] [Times: user=0.54 sys=0.01, real=0.09 secs] 
4793.364: [GC (Allocation Failure) [PSYoungGen: 438016K->78976K(465920K)] 763672K->576568K(1864192K), 0.1146101 secs] [Times: user=0.68 sys=0.01, real=0.11 secs] 
4795.049: [GC (Allocation Failure) [PSYoungGen: 311936K->201312K(465920K)] 809528K->770829K(1864192K), 0.0570761 secs] [Times: user=0.34 sys=0.00, real=0.06 secs] 
4796.619: [GC (Allocation Failure) [PSYoungGen: 434272K->89184K(465920K)] 1003789K->825133K(1864192K), 0.1005339 secs] [Times: user=0.60 sys=0.00, real=0.10 secs] 
4800.817: [GC (Allocation Failure) [PSYoungGen: 320280K->191488K(465920K)] 1056229K->1010818K(1864192K), 0.0671062 secs] [Times: user=0.40 sys=0.00, real=0.07 secs] 
4801.505: [GC (Allocation Failure) [PSYoungGen: 424359K->93248K(465920K)] 1243689K->1067394K(1864192K), 0.1104170 secs] [Times: user=0.65 sys=0.01, real=0.11 secs] 
4803.861: [GC (Allocation Failure) [PSYoungGen: 326208K->150720K(465920K)] 1300354K->1211398K(1864192K), 0.0611049 secs] [Times: user=0.36 sys=0.00, real=0.06 secs] 
4805.005: [GC (Allocation Failure) [PSYoungGen: 383680K->101600K(465920K)] 1444358K->1312854K(1864192K), 0.0774195 secs] [Times: user=0.46 sys=0.01, real=0.08 secs] 
4805.083: [Full GC (Ergonomics) [PSYoungGen: 101600K->0K(465920K)] [ParOldGen: 1211254K->116675K(1398272K)] 1312854K->116675K(1864192K), [Metaspace: 60457K->60457K(1105920K)], 0.2644914 secs] [Times: user=1.20 sys=0.00, real=0.26 secs] 
4808.150: [GC (Allocation Failure) [PSYoungGen: 232960K->146688K(465920K)] 349635K->263363K(1864192K), 0.0533444 secs] [Times: user=0.32 sys=0.00, real=0.06 secs] 
4809.554: [GC (Allocation Failure) [PSYoungGen: 379648K->108768K(465920K)] 496323K->371923K(1864192K), 0.0856416 secs] [Times: user=0.51 sys=0.00, real=0.08 secs] 
4812.037: [GC (Allocation Failure) [PSYoungGen: 341728K->139232K(372224K)] 604883K->500920K(1770496K), 0.0605957 secs] [Times: user=0.36 sys=0.00, real=0.06 secs] 
4813.625: [GC (Allocation Failure) [PSYoungGen: 372192K->115808K(471040K)] 733880K->616536K(1869312K), 0.0679592 secs] [Times: user=0.41 sys=0.00, real=0.07 secs] 
4816.137: [GC (Allocation Failure) [PSYoungGen: 356448K->132288K(373248K)] 857176K->738717K(1771520K), 0.0617985 secs] [Times: user=0.36 sys=0.00, real=0.06 secs] 
4818.457: [GC (Allocation Failure) [PSYoungGen: 372928K->133152K(467456K)] 979357K->871501K(1865728K), 0.0653976 secs] [Times: user=0.38 sys=0.00, real=0.06 secs] 
4820.028: [GC (Allocation Failure) [PSYoungGen: 386080K->4704K(460288K)] 1124429K->743077K(1858560K), 0.0025549 secs] [Times: user=0.01 sys=0.00, real=0.00 secs] 
4823.044: [GC (Allocation Failure) [PSYoungGen: 257632K->169984K(459264K)] 996005K->911730K(1857536K), 0.0339236 secs] [Times: user=0.20 sys=0.01, real=0.03 secs] 
4825.428: [GC (Allocation Failure) [PSYoungGen: 408064K->93600K(468480K)] 1149810K->996890K(1866752K), 0.1524652 secs] [Times: user=0.90 sys=0.01, real=0.15 secs] 
4826.432: [GC (Allocation Failure) [PSYoungGen: 318015K->165120K(461312K)] 1221305K->1159334K(1859584K), 0.0504299 secs] [Times: user=0.30 sys=0.00, real=0.06 secs] 
4829.561: [GC (Allocation Failure) [PSYoungGen: 402176K->89536K(467968K)] 1396390K->1240659K(1866240K), 0.1766099 secs] [Times: user=1.05 sys=0.01, real=0.18 secs] 
4831.522: [GC (Allocation Failure) [PSYoungGen: 313620K->160064K(464896K)] 1464743K->1397839K(1863168K), 0.0481674 secs] [Times: user=0.28 sys=0.00, real=0.05 secs] 
4831.571: [Full GC (Ergonomics) [PSYoungGen: 160064K->0K(464896K)] [ParOldGen: 1237775K->197103K(1398272K)] 1397839K->197103K(1863168K), [Metaspace: 60457K->60457K(1105920K)], 0.4692423 secs] [Times: user=2.19 sys=0.00, real=0.47 secs] 
4833.948: [GC (Allocation Failure) [PSYoungGen: 239104K->91456K(330752K)] 436207K->288559K(1729024K), 0.0841426 secs] [Times: user=0.50 sys=0.00, real=0.08 secs] 
4835.399: [GC (Allocation Failure) [PSYoungGen: 330560K->201120K(458240K)] 527663K->485628K(1856512K), 0.0498063 secs] [Times: user=0.29 sys=0.00, real=0.05 secs] 
4837.754: [GC (Allocation Failure) [PSYoungGen: 434080K->85312K(465920K)] 718588K->537388K(1864192K), 0.1795902 secs] [Times: user=1.07 sys=0.00, real=0.18 secs] 
4839.373: [GC (Allocation Failure) [PSYoungGen: 318272K->167072K(465920K)] 770348K->700591K(1864192K), 0.0534017 secs] [Times: user=0.32 sys=0.00, real=0.06 secs] 
4842.840: [GC (Allocation Failure) [PSYoungGen: 400032K->83200K(465920K)] 933551K->783899K(1864192K), 0.1651604 secs] [Times: user=0.98 sys=0.00, real=0.17 secs] 
4843.972: [GC (Allocation Failure) [PSYoungGen: 316160K->168096K(465920K)] 1016859K->948316K(1864192K), 0.0562497 secs] [Times: user=0.34 sys=0.00, real=0.06 secs] 
4847.617: [GC (Allocation Failure) [PSYoungGen: 400341K->77216K(465920K)] 1180561K->1025444K(1864192K), 0.1661461 secs] [Times: user=0.99 sys=0.00, real=0.17 secs] 
4848.223: [GC (Allocation Failure) [PSYoungGen: 310176K->171776K(465920K)] 1258404K->1193729K(1864192K), 0.0548460 secs] [Times: user=0.32 sys=0.00, real=0.05 secs] 
4851.672: [GC (Allocation Failure) [PSYoungGen: 404736K->72384K(465920K)] 1426689K->1266329K(1864192K), 0.1462607 secs] [Times: user=0.87 sys=0.00, real=0.15 secs] 
4851.818: [Full GC (Ergonomics) [PSYoungGen: 72384K->0K(465920K)] [ParOldGen: 1193945K->65853K(1398272K)] 1266329K->65853K(1864192K), [Metaspace: 60457K->60457K(1105920K)], 0.1684980 secs] [Times: user=0.78 sys=0.00, real=0.17 secs] 
4852.463: [GC (Allocation Failure) [PSYoungGen: 232960K->190464K(465920K)] 298813K->256317K(1864192K), 0.0385748 secs] [Times: user=0.23 sys=0.00, real=0.03 secs] 
4855.571: [GC (Allocation Failure) [PSYoungGen: 423424K->74048K(465920K)] 489277K->314025K(1864192K), 0.1702466 secs] [Times: user=1.01 sys=0.01, real=0.17 secs] 
4856.463: [GC (Allocation Failure) [PSYoungGen: 307008K->176992K(465920K)] 546985K->484786K(1864192K), 0.0548197 secs] [Times: user=0.33 sys=0.00, real=0.05 secs] 
4859.178: [GC (Allocation Failure) [PSYoungGen: 409952K->80352K(465920K)] 717746K->565402K(1864192K), 0.1284974 secs] [Times: user=0.76 sys=0.00, real=0.13 secs] 
4860.495: [GC (Allocation Failure) [PSYoungGen: 313312K->173184K(465920K)] 798362K->732523K(1864192K), 0.1493965 secs] [Times: user=0.89 sys=0.00, real=0.15 secs] 
4863.249: [GC (Allocation Failure) [PSYoungGen: 406144K->79136K(465920K)] 965483K->811963K(1864192K), 0.1308487 secs] [Times: user=0.78 sys=0.00, real=0.13 secs] 
4864.690: [GC (Allocation Failure) [PSYoungGen: 310549K->203488K(465920K)] 1043377K->1009488K(1864192K), 0.0598830 secs] [Times: user=0.36 sys=0.00, real=0.06 secs] 
4868.215: [GC (Allocation Failure) [PSYoungGen: 436448K->82720K(465920K)] 1242448K->1057464K(1864192K), 0.1178138 secs] [Times: user=0.70 sys=0.00, real=0.12 secs] 
4869.458: [GC (Allocation Failure) [PSYoungGen: 315680K->161184K(465920K)] 1290424K->1212109K(1864192K), 0.0603258 secs] [Times: user=0.36 sys=0.00, real=0.06 secs] 
4871.524: [GC (Allocation Failure) [PSYoungGen: 394144K->92864K(465920K)] 1445069K->1305229K(1864192K), 0.1005195 secs] [Times: user=0.59 sys=0.01, real=0.10 secs] 
4871.624: [Full GC (Ergonomics) [PSYoungGen: 92864K->0K(465920K)] [ParOldGen: 1212365K->108008K(1398272K)] 1305229K->108008K(1864192K), [Metaspace: 60457K->60457K(1105920K)], 0.2542716 secs] [Times: user=1.16 sys=0.00, real=0.25 secs] 
4874.961: [GC (Allocation Failure) [PSYoungGen: 232960K->151168K(465920K)] 340968K->259176K(1864192K), 0.0431204 secs] [Times: user=0.26 sys=0.00, real=0.05 secs] 
4876.952: [GC (Allocation Failure) [PSYoungGen: 379732K->93280K(465920K)] 487740K->352400K(1864192K), 0.0973756 secs] [Times: user=0.57 sys=0.01, real=0.10 secs] 
4878.834: [GC (Allocation Failure) [PSYoungGen: 326240K->151296K(465920K)] 585360K->496941K(1864192K), 0.0603291 secs] [Times: user=0.36 sys=0.00, real=0.06 secs] 
4880.258: [GC (Allocation Failure) [PSYoungGen: 384256K->99008K(465920K)] 729901K->595805K(1864192K), 0.0880196 secs] [Times: user=0.52 sys=0.00, real=0.09 secs] 
4882.733: [GC (Allocation Failure) [PSYoungGen: 331968K->149216K(465920K)] 828765K->734388K(1864192K), 0.0607583 secs] [Times: user=0.37 sys=0.00, real=0.06 secs] 
4884.578: [GC (Allocation Failure) [PSYoungGen: 382176K->105280K(338432K)] 967348K->839724K(1736704K), 0.0882986 secs] [Times: user=0.52 sys=0.00, real=0.09 secs] 
4885.799: [GC (Allocation Failure) [PSYoungGen: 338240K->142944K(466432K)] 1072684K->971949K(1864704K), 0.0608087 secs] [Times: user=0.36 sys=0.00, real=0.06 secs] 
4886.958: [GC (Allocation Failure) [PSYoungGen: 380000K->125888K(363008K)] 1209005K->1098045K(1761280K), 0.0676710 secs] [Times: user=0.40 sys=0.00, real=0.07 secs] 
4888.743: [GC (Allocation Failure) [PSYoungGen: 362944K->832K(448000K)] 1335101K->973165K(1846272K), 0.0019190 secs] [Times: user=0.00 sys=0.00, real=0.00 secs] 
4891.147: [GC (Allocation Failure) [PSYoungGen: 232768K->136640K(460288K)] 1205101K->1109586K(1858560K), 0.0278998 secs] [Times: user=0.17 sys=0.00, real=0.03 secs] 
4892.373: [GC (Allocation Failure) [PSYoungGen: 368576K->2560K(458240K)] 1341522K->975594K(1856512K), 0.0021934 secs] [Times: user=0.01 sys=0.00, real=0.00 secs] 
4894.549: [GC (Allocation Failure) [PSYoungGen: 235520K->146688K(465920K)] 1208554K->1121103K(1864192K), 0.0293579 secs] [Times: user=0.17 sys=0.01, real=0.03 secs] 
4896.714: [GC (Allocation Failure) [PSYoungGen: 379648K->102080K(449536K)] 1354063K->1214647K(1847808K), 0.0654298 secs] [Times: user=0.39 sys=0.00, real=0.06 secs] 
4898.616: [GC (Allocation Failure) [PSYoungGen: 335040K->152512K(457728K)] 1447607K->1366312K(1856000K), 0.0522418 secs] [Times: user=0.31 sys=0.00, real=0.05 secs] 
4898.668: [Full GC (Ergonomics) [PSYoungGen: 152512K->0K(457728K)] [ParOldGen: 1213800K->169530K(1398272K)] 1366312K->169530K(1856000K), [Metaspace: 60457K->60457K(1105920K)], 0.4001863 secs] [Times: user=1.85 sys=0.00, real=0.40 secs] 
4900.927: [GC (Allocation Failure) [PSYoungGen: 232960K->97056K(461312K)] 402490K->266586K(1859584K), 0.0360822 secs] [Times: user=0.21 sys=0.01, real=0.04 secs] 
4903.130: [GC (Allocation Failure) [PSYoungGen: 341792K->172512K(465408K)] 511322K->437858K(1863680K), 0.0538018 secs] [Times: user=0.32 sys=0.00, real=0.06 secs] 
4904.575: [GC (Allocation Failure) [PSYoungGen: 417248K->102432K(468992K)] 682594K->522954K(1867264K), 0.1363257 secs] [Times: user=0.80 sys=0.01, real=0.13 secs] 
4906.412: [GC (Allocation Failure) [PSYoungGen: 345632K->204128K(447488K)] 766154K->724419K(1845760K), 0.0557400 secs] [Times: user=0.33 sys=0.00, real=0.06 secs] 
4908.963: [GC (Allocation Failure) [PSYoungGen: 447328K->91104K(465920K)] 967619K->782291K(1864192K), 0.1550073 secs] [Times: user=0.93 sys=0.00, real=0.15 secs] 
4911.315: [GC (Allocation Failure) [PSYoungGen: 324064K->162848K(465920K)] 1015251K->941796K(1864192K), 0.1139478 secs] [Times: user=0.68 sys=0.01, real=0.11 secs] 
4914.811: [GC (Allocation Failure) [PSYoungGen: 395808K->82464K(465920K)] 1174756K->1024108K(1864192K), 0.0800053 secs] [Times: user=0.47 sys=0.00, real=0.08 secs] 
4916.050: [GC (Allocation Failure) [PSYoungGen: 315424K->164192K(465920K)] 1257068K->1184685K(1864192K), 0.1073227 secs] [Times: user=0.63 sys=0.00, real=0.11 secs] 
4919.205: [GC (Allocation Failure) [PSYoungGen: 396143K->80448K(465920K)] 1416636K->1265213K(1864192K), 0.1727178 secs] [Times: user=1.02 sys=0.01, real=0.17 secs] 
4919.378: [Full GC (Ergonomics) [PSYoungGen: 80448K->0K(465920K)] [ParOldGen: 1184765K->64349K(1398272K)] 1265213K->64349K(1864192K), [Metaspace: 60457K->59555K(1105920K)], 0.1809902 secs] [Times: user=0.82 sys=0.00, real=0.18 secs] 
4920.790: [GC (Allocation Failure) [PSYoungGen: 232960K->169664K(465920K)] 297309K->234013K(1864192K), 0.0463168 secs] [Times: user=0.27 sys=0.00, real=0.05 secs] 
4923.781: [GC (Allocation Failure) [PSYoungGen: 402624K->77504K(465920K)] 466973K->311693K(1864192K), 0.1327627 secs] [Times: user=0.79 sys=0.00, real=0.14 secs] 
4924.521: [GC (Allocation Failure) [PSYoungGen: 310464K->176832K(465920K)] 544653K->482566K(1864192K), 0.0568516 secs] [Times: user=0.34 sys=0.00, real=0.06 secs] 
4927.780: [GC (Allocation Failure) [PSYoungGen: 409792K->78432K(465920K)] 715526K->561230K(1864192K), 0.1657769 secs] [Times: user=0.99 sys=0.00, real=0.17 secs] 
4929.180: [GC (Allocation Failure) [PSYoungGen: 311392K->168672K(465920K)] 794190K->723839K(1864192K), 0.1225066 secs] [Times: user=0.73 sys=0.01, real=0.12 secs] 
4930.989: [GC (Allocation Failure) [PSYoungGen: 401632K->85312K(465920K)] 956799K->808823K(1864192K), 0.1128982 secs] [Times: user=0.67 sys=0.01, real=0.11 secs] 
4932.081: [GC (Allocation Failure) [PSYoungGen: 317439K->204224K(465920K)] 1040951K->1006996K(1864192K), 0.0906860 secs] [Times: user=0.54 sys=0.00, real=0.09 secs] 
4934.988: [GC (Allocation Failure) [PSYoungGen: 437184K->79136K(465920K)] 1239956K->1052924K(1864192K), 0.1312363 secs] [Times: user=0.78 sys=0.00, real=0.13 secs] 
4935.715: [GC (Allocation Failure) [PSYoungGen: 309371K->200192K(465920K)] 1283159K->1247097K(1864192K), 0.0591586 secs] [Times: user=0.35 sys=0.01, real=0.06 secs] 
4938.883: [GC (Allocation Failure) [PSYoungGen: 433152K->86656K(465920K)] 1480057K->1298433K(1864192K), 0.1079172 secs] [Times: user=0.64 sys=0.00, real=0.10 secs] 
4938.991: [Full GC (Ergonomics) [PSYoungGen: 86656K->0K(465920K)] [ParOldGen: 1211777K->101817K(1398272K)] 1298433K->101817K(1864192K), [Metaspace: 59558K->59558K(1105920K)], 0.2441603 secs] [Times: user=1.12 sys=0.00, real=0.25 secs] 
4940.749: [GC (Allocation Failure) [PSYoungGen: 232960K->201044K(465920K)] 334777K->302862K(1864192K), 0.0469216 secs] [Times: user=0.27 sys=0.00, real=0.05 secs] 
4943.515: [GC (Allocation Failure) [PSYoungGen: 434004K->90912K(465920K)] 535822K->350369K(1864192K), 0.0990322 secs] [Times: user=0.59 sys=0.00, real=0.10 secs] 
4944.733: [GC (Allocation Failure) [PSYoungGen: 323872K->153248K(465920K)] 583329K->496926K(1864192K), 0.0598753 secs] [Times: user=0.36 sys=0.00, real=0.06 secs] 
4946.342: [GC (Allocation Failure) [PSYoungGen: 386208K->102880K(465920K)] 729886K->600078K(1864192K), 0.0922957 secs] [Times: user=0.55 sys=0.00, real=0.10 secs] 
4947.689: [GC (Allocation Failure) [PSYoungGen: 335840K->145824K(465920K)] 833038K->735029K(1864192K), 0.0609596 secs] [Times: user=0.37 sys=0.00, real=0.06 secs] 
4949.367: [GC (Allocation Failure) [PSYoungGen: 378784K->115520K(465920K)] 967989K->850333K(1864192K), 0.0836617 secs] [Times: user=0.50 sys=0.00, real=0.08 secs] 
4950.982: [GC (Allocation Failure) [PSYoungGen: 348480K->132192K(365568K)] 1083293K->972450K(1763840K), 0.0616150 secs] [Times: user=0.36 sys=0.00, real=0.07 secs] 
4952.770: [GC (Allocation Failure) [PSYoungGen: 365152K->121824K(474112K)] 1205410K->1094074K(1872384K), 0.0658850 secs] [Times: user=0.39 sys=0.00, real=0.07 secs] 
4954.730: [GC (Allocation Failure) [PSYoungGen: 363488K->128K(465408K)] 1335738K->972410K(1863680K), 0.0026662 secs] [Times: user=0.01 sys=0.00, real=0.00 secs] 
4955.971: [GC (Allocation Failure) [PSYoungGen: 241792K->145504K(465920K)] 1214074K->1117794K(1864192K), 0.0737982 secs] [Times: user=0.44 sys=0.00, real=0.08 secs] 
4959.237: [GC (Allocation Failure) [PSYoungGen: 378464K->2688K(465920K)] 1350754K->974994K(1864192K), 0.0031186 secs] [Times: user=0.02 sys=0.01, real=0.00 secs] 
4960.096: [GC (Allocation Failure) [PSYoungGen: 235648K->160928K(465920K)] 1207954K->1135055K(1864192K), 0.0307493 secs] [Times: user=0.18 sys=0.00, real=0.03 secs] 
4961.454: [GC (Allocation Failure) [PSYoungGen: 393888K->100544K(465920K)] 1368015K->1218639K(1864192K), 0.0663903 secs] [Times: user=0.40 sys=0.00, real=0.06 secs] 
4964.842: [GC (Allocation Failure) [PSYoungGen: 333504K->156480K(465920K)] 1451599K->1373564K(1864192K), 0.0528325 secs] [Times: user=0.31 sys=0.00, real=0.06 secs] 
4964.895: [Full GC (Ergonomics) [PSYoungGen: 156480K->0K(465920K)] [ParOldGen: 1217084K->176874K(1398272K)] 1373564K->176874K(1864192K), [Metaspace: 59572K->59572K(1105920K)], 0.4225545 secs] [Times: user=1.98 sys=0.00, real=0.42 secs] 
4966.434: [GC (Allocation Failure) [PSYoungGen: 232960K->98272K(331264K)] 409834K->275146K(1729536K), 0.0436540 secs] [Times: user=0.25 sys=0.00, real=0.04 secs] 
4968.588: [GC (Allocation Failure) [PSYoungGen: 331232K->160512K(464896K)] 508106K->433882K(1863168K), 0.0528378 secs] [Times: user=0.31 sys=0.00, real=0.05 secs] 
4970.676: [GC (Allocation Failure) [PSYoungGen: 392960K->91040K(323584K)] 666330K->516215K(1721856K), 0.0668434 secs] [Times: user=0.39 sys=0.00, real=0.06 secs] 
4972.636: [GC (Allocation Failure) [PSYoungGen: 323488K->166048K(461312K)] 748663K->679787K(1859584K), 0.0500907 secs] [Times: user=0.30 sys=0.00, real=0.05 secs] 
4974.143: [GC (Allocation Failure) [PSYoungGen: 396960K->92096K(463872K)] 910699K->763471K(1862144K), 0.0908672 secs] [Times: user=0.54 sys=0.00, real=0.09 secs] 
4974.955: [GC (Allocation Failure) [PSYoungGen: 314362K->161280K(463872K)] 985738K->922448K(1862144K), 0.0490460 secs] [Times: user=0.29 sys=0.00, real=0.05 secs] 
4977.614: [GC (Allocation Failure) [PSYoungGen: 394240K->89600K(323072K)] 1155408K->1003456K(1721344K), 0.0738063 secs] [Times: user=0.43 sys=0.01, real=0.07 secs] 
4979.175: [GC (Allocation Failure) [PSYoungGen: 314190K->159968K(461824K)] 1228046K->1161045K(1860096K), 0.0484085 secs] [Times: user=0.28 sys=0.00, real=0.05 secs] 
4982.515: [GC (Allocation Failure) [PSYoungGen: 391904K->82080K(464896K)] 1392981K->1234473K(1863168K), 0.1163491 secs] [Times: user=0.69 sys=0.00, real=0.11 secs] 
4985.044: [GC (Allocation Failure) [PSYoungGen: 314016K->163488K(462848K)] 1466409K->1394686K(1861120K), 0.0463267 secs] [Times: user=0.27 sys=0.00, real=0.04 secs] 
4985.090: [Full GC (Ergonomics) [PSYoungGen: 163488K->0K(462848K)] [ParOldGen: 1231198K->192462K(1398272K)] 1394686K->192462K(1861120K), [Metaspace: 59639K->59635K(1105920K)], 0.4733655 secs] [Times: user=2.22 sys=0.00, real=0.48 secs] 
4987.132: [GC (Allocation Failure) [PSYoungGen: 232960K->93312K(326656K)] 425422K->285774K(1724928K), 0.0658357 secs] [Times: user=0.39 sys=0.00, real=0.07 secs] 
4989.046: [GC (Allocation Failure) [PSYoungGen: 321044K->163328K(461824K)] 513507K->445447K(1860096K), 0.0487553 secs] [Times: user=0.29 sys=0.00, real=0.05 secs] 
4990.926: [GC (Allocation Failure) [PSYoungGen: 395776K->93024K(465408K)] 677895K->529231K(1863680K), 0.1490081 secs] [Times: user=0.88 sys=0.00, real=0.15 secs] 
4992.331: [GC (Allocation Failure) [PSYoungGen: 312977K->160160K(461824K)] 749185K->683420K(1860096K), 0.0480718 secs] [Times: user=0.29 sys=0.00, real=0.05 secs] 
4993.731: [GC (Allocation Failure) [PSYoungGen: 393120K->90816K(324096K)] 916380K->765252K(1722368K), 0.1063020 secs] [Times: user=0.63 sys=0.00, real=0.11 secs] 
4995.584: [GC (Allocation Failure) [PSYoungGen: 308677K->159712K(461312K)] 983114K->921721K(1859584K), 0.0480329 secs] [Times: user=0.28 sys=0.00, real=0.04 secs] 
4997.815: [GC (Allocation Failure) [PSYoungGen: 393696K->89856K(464896K)] 1155705K->1003117K(1863168K), 0.1655268 secs] [Times: user=0.99 sys=0.00, real=0.16 secs] 
4999.598: [GC (Allocation Failure) [PSYoungGen: 315937K->159840K(464384K)] 1229198K->1160391K(1862656K), 0.0481654 secs] [Times: user=0.28 sys=0.00, real=0.05 secs] 
5002.010: [GC (Allocation Failure) [PSYoungGen: 397408K->92192K(467456K)] 1397959K->1243947K(1865728K), 0.1057824 secs] [Times: user=0.62 sys=0.00, real=0.11 secs] 
5003.354: [GC (Allocation Failure) [PSYoungGen: 329760K->168736K(459264K)] 1481515K->1409552K(1857536K), 0.0944273 secs] [Times: user=0.56 sys=0.00, real=0.09 secs] 
5003.449: [Full GC (Ergonomics) [PSYoungGen: 168736K->0K(459264K)] [ParOldGen: 1240816K->208044K(1398272K)] 1409552K->208044K(1857536K), [Metaspace: 59635K->59635K(1105920K)], 0.5024835 secs] [Times: user=2.36 sys=0.00, real=0.50 secs] 
5006.847: [GC (Allocation Failure) [PSYoungGen: 233984K->82240K(466432K)] 442028K->290284K(1864704K), 0.1522047 secs] [Times: user=0.91 sys=0.00, real=0.15 secs] 
5008.123: [GC (Allocation Failure) [PSYoungGen: 316224K->166208K(462336K)] 524268K->453101K(1860608K), 0.0527557 secs] [Times: user=0.31 sys=0.00, real=0.05 secs] 
5010.086: [GC (Allocation Failure) [PSYoungGen: 397731K->88608K(465920K)] 684624K->541021K(1864192K), 0.1154724 secs] [Times: user=0.69 sys=0.00, real=0.11 secs] 
5010.520: [GC (Allocation Failure) [PSYoungGen: 321568K->168448K(463872K)] 773981K->705977K(1862144K), 0.0562606 secs] [Times: user=0.34 sys=0.00, real=0.06 secs] 
5013.758: [GC (Allocation Failure) [PSYoungGen: 401408K->79904K(465920K)] 938937K->785585K(1864192K), 0.1538676 secs] [Times: user=0.92 sys=0.00, real=0.15 secs] 
5014.566: [GC (Allocation Failure) [PSYoungGen: 312864K->175552K(465920K)] 1018545K->955986K(1864192K), 0.0925594 secs] [Times: user=0.55 sys=0.00, real=0.09 secs] 
5018.473: [GC (Allocation Failure) [PSYoungGen: 408512K->75136K(465920K)] 1188946K->1031330K(1864192K), 0.1707886 secs] [Times: user=1.02 sys=0.01, real=0.18 secs] 
5018.924: [GC (Allocation Failure) [PSYoungGen: 308096K->177920K(465920K)] 1264290K->1203263K(1864192K), 0.0563180 secs] [Times: user=0.34 sys=0.00, real=0.05 secs] 
5021.564: [GC (Allocation Failure) [PSYoungGen: 410880K->76832K(465920K)] 1436223K->1280323K(1864192K), 0.1455295 secs] [Times: user=0.86 sys=0.01, real=0.14 secs] 
5021.709: [Full GC (Ergonomics) [PSYoungGen: 76832K->0K(465920K)] [ParOldGen: 1203491K->85497K(1398272K)] 1280323K->85497K(1864192K), [Metaspace: 59635K->59635K(1105920K)], 0.2536588 secs] [Times: user=1.19 sys=0.00, real=0.26 secs] 
5023.708: [GC (Allocation Failure) [PSYoungGen: 232960K->205984K(465920K)] 318457K->291481K(1864192K), 0.0911392 secs] [Times: user=0.54 sys=0.00, real=0.09 secs] 
5026.748: [GC (Allocation Failure) [PSYoungGen: 438944K->77216K(465920K)] 524441K->335865K(1864192K), 0.1281380 secs] [Times: user=0.75 sys=0.01, real=0.13 secs] 
5027.453: [GC (Allocation Failure) [PSYoungGen: 308305K->202080K(465920K)] 566955K->531454K(1864192K), 0.0588325 secs] [Times: user=0.36 sys=0.00, real=0.05 secs] 
5029.340: [GC (Allocation Failure) [PSYoungGen: 435040K->88256K(465920K)] 764414K->584894K(1864192K), 0.1106076 secs] [Times: user=0.66 sys=0.00, real=0.11 secs] 
5031.859: [GC (Allocation Failure) [PSYoungGen: 321216K->155264K(465920K)] 817854K->734165K(1864192K), 0.0606675 secs] [Times: user=0.35 sys=0.00, real=0.06 secs] 
5033.814: [GC (Allocation Failure) [PSYoungGen: 387248K->92864K(465920K)] 966150K->827133K(1864192K), 0.0815519 secs] [Times: user=0.48 sys=0.00, real=0.08 secs] 
5035.598: [GC (Allocation Failure) [PSYoungGen: 325824K->150560K(465920K)] 1060093K->971390K(1864192K), 0.0605767 secs] [Times: user=0.36 sys=0.00, real=0.06 secs] 
5037.092: [GC (Allocation Failure) [PSYoungGen: 383520K->99072K(465920K)] 1204350K->1070670K(1864192K), 0.0938757 secs] [Times: user=0.56 sys=0.00, real=0.10 secs] 
5042.572: [GC (Allocation Failure) [PSYoungGen: 332032K->148768K(465920K)] 1303630K->1209109K(1864192K), 0.0608233 secs] [Times: user=0.37 sys=0.00, real=0.06 secs] 
5043.535: [GC (Allocation Failure) [PSYoungGen: 381728K->106464K(465920K)] 1442069K->1315773K(1864192K), 0.0892512 secs] [Times: user=0.52 sys=0.01, real=0.09 secs] 
5043.624: [Full GC (Ergonomics) [PSYoungGen: 106464K->0K(465920K)] [ParOldGen: 1209309K->120558K(1398272K)] 1315773K->120558K(1864192K), [Metaspace: 59636K->59636K(1105920K)], 0.2711822 secs] [Times: user=1.23 sys=0.00, real=0.27 secs] 
5044.970: [GC (Allocation Failure) [PSYoungGen: 232960K->141728K(458752K)] 353518K->262286K(1857024K), 0.0515665 secs] [Times: user=0.30 sys=0.00, real=0.05 secs] 
5047.192: [GC (Allocation Failure) [PSYoungGen: 374688K->113952K(462336K)] 495246K->375710K(1860608K), 0.0924248 secs] [Times: user=0.54 sys=0.00, real=0.10 secs] 
5049.206: [GC (Allocation Failure) [PSYoungGen: 346912K->134432K(460288K)] 608670K->499557K(1858560K), 0.0612485 secs] [Times: user=0.36 sys=0.00, real=0.06 secs] 
5051.028: [GC (Allocation Failure) [PSYoungGen: 382240K->142048K(462848K)] 747365K->641365K(1861120K), 0.0635433 secs] [Times: user=0.37 sys=0.00, real=0.06 secs] 
5053.077: [GC (Allocation Failure) [PSYoungGen: 389856K->2784K(461312K)] 889173K->502141K(1859584K), 0.0019950 secs] [Times: user=0.01 sys=0.00, real=0.00 secs] 
5054.719: [GC (Allocation Failure) [PSYoungGen: 252128K->163104K(412672K)] 751485K->664458K(1810944K), 0.0929629 secs] [Times: user=0.55 sys=0.00, real=0.09 secs] 
5057.330: [GC (Allocation Failure) [PSYoungGen: 412448K->105856K(475648K)] 913802K->761770K(1873920K), 0.1159298 secs] [Times: user=0.69 sys=0.00, real=0.12 secs] 
5058.766: [GC (Allocation Failure) [PSYoungGen: 350080K->203104K(447488K)] 1005994K->962707K(1845760K), 0.0563233 secs] [Times: user=0.33 sys=0.00, real=0.05 secs] 
5061.342: [GC (Allocation Failure) [PSYoungGen: 447328K->90912K(465920K)] 1206931K->1020499K(1864192K), 0.1660028 secs] [Times: user=0.99 sys=0.00, real=0.17 secs] 
5062.149: [GC (Allocation Failure) [PSYoungGen: 323872K->167744K(465920K)] 1253459K->1184909K(1864192K), 0.0566253 secs] [Times: user=0.33 sys=0.01, real=0.06 secs] 
5065.161: [GC (Allocation Failure) [PSYoungGen: 400704K->80992K(465920K)] 1417869K->1266013K(1864192K), 0.1644363 secs] [Times: user=0.98 sys=0.01, real=0.17 secs] 
5065.325: [Full GC (Ergonomics) [PSYoungGen: 80992K->0K(465920K)] [ParOldGen: 1185021K->65019K(1398272K)] 1266013K->65019K(1864192K), [Metaspace: 59636K->59636K(1105920K)], 0.1721036 secs] [Times: user=0.80 sys=0.00, real=0.17 secs] 
5066.440: [GC (Allocation Failure) [PSYoungGen: 232960K->175072K(465920K)] 297979K->240091K(1864192K), 0.0377790 secs] [Times: user=0.22 sys=0.00, real=0.04 secs] 
5069.789: [GC (Allocation Failure) [PSYoungGen: 408032K->81056K(465920K)] 473051K->321311K(1864192K), 0.1480848 secs] [Times: user=0.88 sys=0.00, real=0.15 secs] 
5072.022: [GC (Allocation Failure) [PSYoungGen: 314016K->168672K(465920K)] 554271K->479736K(1864192K), 0.1499465 secs] [Times: user=0.89 sys=0.00, real=0.15 secs] 
5075.493: [GC (Allocation Failure) [PSYoungGen: 401632K->75744K(465920K)] 712696K->555736K(1864192K), 0.1757529 secs] [Times: user=1.05 sys=0.00, real=0.17 secs] 
5076.117: [GC (Allocation Failure) [PSYoungGen: 308704K->175936K(465920K)] 788696K->725633K(1864192K), 0.0676939 secs] [Times: user=0.41 sys=0.00, real=0.07 secs] 
5079.597: [GC (Allocation Failure) [PSYoungGen: 408896K->76192K(465920K)] 958593K->802069K(1864192K), 0.1469466 secs] [Times: user=0.87 sys=0.00, real=0.15 secs] 
5080.064: [GC (Allocation Failure) [PSYoungGen: 309152K->174048K(465920K)] 1035029K->970006K(1864192K), 0.0593971 secs] [Times: user=0.35 sys=0.00, real=0.06 secs] 
5082.737: [GC (Allocation Failure) [PSYoungGen: 407008K->83264K(465920K)] 1202966K->1052990K(1864192K), 0.1284564 secs] [Times: user=0.77 sys=0.00, real=0.13 secs] 
5083.954: [GC (Allocation Failure) [PSYoungGen: 315579K->202400K(465920K)] 1285306K->1249127K(1864192K), 0.0682387 secs] [Times: user=0.41 sys=0.00, real=0.07 secs] 
5085.160: [GC (Allocation Failure) [PSYoungGen: 435348K->92832K(465920K)] 1482075K->1305047K(1864192K), 0.0916819 secs] [Times: user=0.54 sys=0.00, real=0.09 secs] 
5085.252: [Full GC (Ergonomics) [PSYoungGen: 92832K->0K(465920K)] [ParOldGen: 1212215K->107439K(1398272K)] 1305047K->107439K(1864192K), [Metaspace: 59638K->59638K(1105920K)], 0.2459034 secs] [Times: user=1.11 sys=0.00, real=0.25 secs] 
5087.607: [GC (Allocation Failure) [PSYoungGen: 232960K->150528K(465920K)] 340399K->257967K(1864192K), 0.0426469 secs] [Times: user=0.25 sys=0.00, real=0.04 secs] 
5089.323: [GC (Allocation Failure) [PSYoungGen: 378067K->93184K(465920K)] 485506K->351367K(1864192K), 0.0765552 secs] [Times: user=0.45 sys=0.00, real=0.08 secs] 
5091.651: [GC (Allocation Failure) [PSYoungGen: 326144K->151232K(465920K)] 584327K->495992K(1864192K), 0.0598891 secs] [Times: user=0.36 sys=0.00, real=0.06 secs] 
5092.578: [GC (Allocation Failure) [PSYoungGen: 384192K->109344K(465920K)] 728952K->605168K(1864192K), 0.0913352 secs] [Times: user=0.54 sys=0.00, real=0.09 secs] 
5094.333: [GC (Allocation Failure) [PSYoungGen: 342304K->147168K(465920K)] 838128K->733647K(1864192K), 0.0604415 secs] [Times: user=0.36 sys=0.00, real=0.06 secs] 
5096.748: [GC (Allocation Failure) [PSYoungGen: 380128K->106112K(454656K)] 966607K->839631K(1852928K), 0.0930667 secs] [Times: user=0.56 sys=0.00, real=0.09 secs] 
5098.680: [GC (Allocation Failure) [PSYoungGen: 339072K->142496K(460288K)] 1072591K->971350K(1858560K), 0.0614105 secs] [Times: user=0.36 sys=0.00, real=0.06 secs] 
5101.116: [GC (Allocation Failure) [PSYoungGen: 375456K->117536K(454656K)] 1204310K->1088654K(1852928K), 0.0800220 secs] [Times: user=0.48 sys=0.00, real=0.08 secs] 
5102.387: [GC (Allocation Failure) [PSYoungGen: 365856K->1280K(463872K)] 1336974K->972498K(1862144K), 0.0019176 secs] [Times: user=0.01 sys=0.00, real=0.00 secs] 
5104.858: [GC (Allocation Failure) [PSYoungGen: 249600K->147104K(469504K)] 1220818K->1118919K(1867776K), 0.0309419 secs] [Times: user=0.18 sys=0.00, real=0.03 secs] 
5106.005: [GC (Allocation Failure) [PSYoungGen: 388256K->8640K(249856K)] 1360071K->980571K(1648128K), 0.0031866 secs] [Times: user=0.02 sys=0.00, real=0.00 secs] 
5107.566: [GC (Allocation Failure) [PSYoungGen: 249792K->170112K(465920K)] 1221723K->1148816K(1864192K), 0.0350219 secs] [Times: user=0.21 sys=0.01, real=0.03 secs] 
5109.037: [GC (Allocation Failure) [PSYoungGen: 403072K->92160K(465920K)] 1381776K->1232092K(1864192K), 0.1077116 secs] [Times: user=0.64 sys=0.00, real=0.11 secs] 
5109.145: [Full GC (Ergonomics) [PSYoungGen: 92160K->0K(465920K)] [ParOldGen: 1139932K->36865K(1398272K)] 1232092K->36865K(1864192K), [Metaspace: 59639K->59639K(1105920K)], 0.0811097 secs] [Times: user=0.31 sys=0.00, real=0.08 secs] 
5110.404: [GC (Allocation Failure) [PSYoungGen: 225489K->162880K(465920K)] 262355K->199745K(1864192K), 0.0317200 secs] [Times: user=0.18 sys=0.00, real=0.03 secs] 
5112.603: [GC (Allocation Failure) [PSYoungGen: 395840K->87808K(465920K)] 432705K->279373K(1864192K), 0.1300860 secs] [Times: user=0.78 sys=0.00, real=0.13 secs] 
5115.137: [GC (Allocation Failure) [PSYoungGen: 316553K->162560K(465920K)] 508119K->438642K(1864192K), 0.0470665 secs] [Times: user=0.27 sys=0.00, real=0.05 secs] 
5116.633: [GC (Allocation Failure) [PSYoungGen: 395520K->91200K(465920K)] 671602K->521018K(1864192K), 0.1117154 secs] [Times: user=0.67 sys=0.00, real=0.11 secs] 
5117.287: [GC (Allocation Failure) [PSYoungGen: 309845K->159744K(465920K)] 739663K->677191K(1864192K), 0.0476826 secs] [Times: user=0.29 sys=0.00, real=0.05 secs] 
5119.212: [GC (Allocation Failure) [PSYoungGen: 392704K->90624K(324096K)] 910151K->759175K(1722368K), 0.0728017 secs] [Times: user=0.43 sys=0.00, real=0.08 secs] 
5120.786: [GC (Allocation Failure) [PSYoungGen: 311858K->159232K(463872K)] 980409K->915497K(1862144K), 0.0691224 secs] [Times: user=0.41 sys=0.00, real=0.07 secs] 
5123.008: [GC (Allocation Failure) [PSYoungGen: 391168K->88544K(320512K)] 1147433K->995937K(1718784K), 0.0995593 secs] [Times: user=0.59 sys=0.00, real=0.10 secs] 
5124.876: [GC (Allocation Failure) [PSYoungGen: 315754K->160832K(460800K)] 1223147K->1154798K(1859072K), 0.1195168 secs] [Times: user=0.71 sys=0.00, real=0.12 secs] 
5126.789: [GC (Allocation Failure) [PSYoungGen: 391744K->88512K(463872K)] 1385710K->1234798K(1862144K), 0.1262186 secs] [Times: user=0.75 sys=0.00, real=0.13 secs] 
5128.310: [GC (Allocation Failure) [PSYoungGen: 315179K->161088K(461824K)] 1461466K->1393403K(1860096K), 0.0505201 secs] [Times: user=0.30 sys=0.00, real=0.05 secs] 
5128.360: [Full GC (Ergonomics) [PSYoungGen: 161088K->0K(461824K)] [ParOldGen: 1232315K->196407K(1398272K)] 1393403K->196407K(1860096K), [Metaspace: 59639K->59639K(1105920K)], 0.4770716 secs] [Times: user=2.22 sys=0.01, real=0.48 secs] 
5132.062: [GC (Allocation Failure) [PSYoungGen: 232448K->86624K(465408K)] 428855K->283031K(1863680K), 0.1013619 secs] [Times: user=0.57 sys=0.00, real=0.11 secs] 
5133.815: [GC (Allocation Failure) [PSYoungGen: 319072K->163584K(461312K)] 515479K->443451K(1859584K), 0.0467955 secs] [Times: user=0.28 sys=0.00, real=0.04 secs] 
5135.210: [GC (Allocation Failure) [PSYoungGen: 396032K->93152K(465408K)] 675899K->527811K(1863680K), 0.1189597 secs] [Times: user=0.71 sys=0.00, real=0.12 secs] 
5136.875: [GC (Allocation Failure) [PSYoungGen: 317106K->160160K(461312K)] 751766K->682112K(1859584K), 0.0474063 secs] [Times: user=0.28 sys=0.00, real=0.04 secs] 
5140.932: [GC (Allocation Failure) [PSYoungGen: 393120K->91008K(465408K)] 915072K->763952K(1863680K), 0.1758991 secs] [Times: user=1.05 sys=0.01, real=0.18 secs] 
5142.652: [GC (Allocation Failure) [PSYoungGen: 315821K->160416K(461312K)] 988765K->921177K(1859584K), 0.0490682 secs] [Times: user=0.29 sys=0.00, real=0.05 secs] 
5144.192: [GC (Allocation Failure) [PSYoungGen: 394400K->91328K(465408K)] 1155161K->1003285K(1863680K), 0.0953456 secs] [Times: user=0.57 sys=0.00, real=0.10 secs] 
5144.986: [GC (Allocation Failure) [PSYoungGen: 325312K->200672K(459264K)] 1237269K->1200802K(1857536K), 0.0518206 secs] [Times: user=0.31 sys=0.00, real=0.05 secs] 
5147.564: [GC (Allocation Failure) [PSYoungGen: 433632K->80640K(465920K)] 1433762K->1248330K(1864192K), 0.1736355 secs] [Times: user=1.03 sys=0.00, real=0.17 secs] 
5147.738: [Full GC (Ergonomics) [PSYoungGen: 80640K->0K(465920K)] [ParOldGen: 1167690K->47489K(1398272K)] 1248330K->47489K(1864192K), [Metaspace: 59676K->59676K(1105920K)], 0.1339722 secs] [Times: user=0.59 sys=0.00, real=0.13 secs] 
5149.393: [GC (Allocation Failure) [PSYoungGen: 232960K->166208K(465920K)] 280449K->213697K(1864192K), 0.0353052 secs] [Times: user=0.21 sys=0.00, real=0.03 secs] 
5152.479: [GC (Allocation Failure) [PSYoungGen: 399168K->78976K(465920K)] 446657K->292553K(1864192K), 0.0902381 secs] [Times: user=0.54 sys=0.01, real=0.09 secs] 
5153.214: [GC (Allocation Failure) [PSYoungGen: 311936K->169472K(465920K)] 525513K->458518K(1864192K), 0.0520311 secs] [Times: user=0.31 sys=0.00, real=0.05 secs] 
5156.094: [GC (Allocation Failure) [PSYoungGen: 402432K->84160K(465920K)] 691478K->542550K(1864192K), 0.1794934 secs] [Times: user=1.07 sys=0.00, real=0.18 secs] 
5157.074: [GC (Allocation Failure) [PSYoungGen: 317120K->167456K(465920K)] 775510K->706155K(1864192K), 0.0539544 secs] [Times: user=0.32 sys=0.01, real=0.05 secs] 
5160.037: [GC (Allocation Failure) [PSYoungGen: 400416K->81568K(465920K)] 939115K->787751K(1864192K), 0.1408378 secs] [Times: user=0.84 sys=0.01, real=0.14 secs] 
5160.980: [GC (Allocation Failure) [PSYoungGen: 314528K->171936K(465920K)] 1020711K->953712K(1864192K), 0.0576538 secs] [Times: user=0.34 sys=0.00, real=0.06 secs] 
5165.750: [GC (Allocation Failure) [PSYoungGen: 404896K->79264K(465920K)] 1186672K->1032896K(1864192K), 0.1678335 secs] [Times: user=1.00 sys=0.00, real=0.17 secs] 
5166.681: [GC (Allocation Failure) [PSYoungGen: 312224K->174272K(465920K)] 1265856K->1196855K(1864192K), 0.0549782 secs] [Times: user=0.33 sys=0.00, real=0.06 secs] 
5169.104: [GC (Allocation Failure) [PSYoungGen: 407232K->80800K(465920K)] 1429815K->1277447K(1864192K), 0.1328094 secs] [Times: user=0.79 sys=0.00, real=0.13 secs] 
5169.237: [Full GC (Ergonomics) [PSYoungGen: 80800K->0K(465920K)] [ParOldGen: 1196647K->80774K(1398272K)] 1277447K->80774K(1864192K), [Metaspace: 59678K->59678K(1105920K)], 0.2019190 secs] [Times: user=0.93 sys=0.00, real=0.20 secs] 
5170.550: [GC (Allocation Failure) [PSYoungGen: 232960K->171360K(465920K)] 313734K->252134K(1864192K), 0.0545192 secs] [Times: user=0.32 sys=0.00, real=0.06 secs] 
5174.019: [GC (Allocation Failure) [PSYoungGen: 404320K->76928K(465920K)] 485094K->329190K(1864192K), 0.1415007 secs] [Times: user=0.84 sys=0.00, real=0.14 secs] 
5175.185: [GC (Allocation Failure) [PSYoungGen: 309888K->208096K(465920K)] 562150K->531139K(1864192K), 0.0603074 secs] [Times: user=0.36 sys=0.00, real=0.06 secs] 
5178.474: [GC (Allocation Failure) [PSYoungGen: 441056K->80896K(465920K)] 764099K->577475K(1864192K), 0.1213547 secs] [Times: user=0.72 sys=0.00, real=0.12 secs] 
5180.733: [GC (Allocation Failure) [PSYoungGen: 313248K->200032K(465920K)] 809827K->771232K(1864192K), 0.0656576 secs] [Times: user=0.39 sys=0.00, real=0.07 secs] 
5183.732: [GC (Allocation Failure) [PSYoungGen: 432992K->83424K(465920K)] 1004192K->818047K(1864192K), 0.1149994 secs] [Times: user=0.67 sys=0.01, real=0.12 secs] 
5184.953: [GC (Allocation Failure) [PSYoungGen: 316384K->160864K(465920K)] 1051007K->972020K(1864192K), 0.0601655 secs] [Times: user=0.36 sys=0.00, real=0.06 secs] 
5187.171: [GC (Allocation Failure) [PSYoungGen: 393824K->93216K(465920K)] 1204980K->1065308K(1864192K), 0.1028221 secs] [Times: user=0.61 sys=0.01, real=0.11 secs] 
5189.893: [GC (Allocation Failure) [PSYoungGen: 326176K->151424K(465920K)] 1298268K->1210051K(1864192K), 0.0609854 secs] [Times: user=0.36 sys=0.00, real=0.06 secs] 
5192.740: [GC (Allocation Failure) [PSYoungGen: 382220K->92992K(465920K)] 1440848K->1302995K(1864192K), 0.0969616 secs] [Times: user=0.57 sys=0.01, real=0.10 secs] 
5192.837: [Full GC (Ergonomics) [PSYoungGen: 92992K->0K(465920K)] [ParOldGen: 1210003K->108033K(1398272K)] 1302995K->108033K(1864192K), [Metaspace: 59681K->59681K(1105920K)], 0.2706462 secs] [Times: user=1.20 sys=0.00, real=0.27 secs] 
5194.212: [GC (Allocation Failure) [PSYoungGen: 232960K->150592K(465920K)] 340993K->258625K(1864192K), 0.0428781 secs] [Times: user=0.26 sys=0.00, real=0.05 secs] 
5195.991: [GC (Allocation Failure) [PSYoungGen: 383552K->123168K(465920K)] 491585K->382057K(1864192K), 0.0932986 secs] [Times: user=0.55 sys=0.00, real=0.10 secs] 
5197.379: [GC (Allocation Failure) [PSYoungGen: 356128K->149888K(465920K)] 615017K->496638K(1864192K), 0.0604594 secs] [Times: user=0.36 sys=0.00, real=0.06 secs] 
5199.078: [GC (Allocation Failure) [PSYoungGen: 382848K->109632K(343040K)] 729598K->606090K(1741312K), 0.0874045 secs] [Times: user=0.52 sys=0.00, real=0.09 secs] 
5200.363: [GC (Allocation Failure) [PSYoungGen: 342592K->138784K(465920K)] 839050K->734106K(1864192K), 0.0618489 secs] [Times: user=0.37 sys=0.00, real=0.06 secs] 
5202.253: [GC (Allocation Failure) [PSYoungGen: 377888K->124480K(459776K)] 973210K->858582K(1858048K), 0.0735090 secs] [Times: user=0.43 sys=0.01, real=0.07 secs] 
5203.925: [GC (Allocation Failure) [PSYoungGen: 363584K->512K(450048K)] 1097686K->734630K(1848320K), 0.0033146 secs] [Times: user=0.01 sys=0.00, real=0.00 secs] 
5206.535: [GC (Allocation Failure) [PSYoungGen: 238080K->139424K(463872K)] 972198K->874003K(1862144K), 0.0300525 secs] [Times: user=0.18 sys=0.00, real=0.03 secs] 
5207.661: [GC (Allocation Failure) [PSYoungGen: 376992K->4448K(457728K)] 1111571K->739163K(1856000K), 0.0032562 secs] [Times: user=0.02 sys=0.00, real=0.01 secs] 
5209.206: [GC (Allocation Failure) [PSYoungGen: 238432K->159648K(393728K)] 973147K->897436K(1792000K), 0.0320023 secs] [Times: user=0.18 sys=0.00, real=0.03 secs] 
5210.912: [GC (Allocation Failure) [PSYoungGen: 393632K->98304K(469504K)] 1131420K->986992K(1867776K), 0.0675729 secs] [Times: user=0.40 sys=0.00, real=0.07 secs] 
5212.070: [GC (Allocation Failure) [PSYoungGen: 334848K->167776K(465920K)] 1223536K->1153201K(1864192K), 0.0526692 secs] [Times: user=0.31 sys=0.00, real=0.05 secs] 
5214.079: [GC (Allocation Failure) [PSYoungGen: 404320K->91264K(467456K)] 1389745K->1235817K(1865728K), 0.0714794 secs] [Times: user=0.41 sys=0.00, real=0.07 secs] 
5214.151: [Full GC (Ergonomics) [PSYoungGen: 91264K->0K(467456K)] [ParOldGen: 1144553K->38575K(1398272K)] 1235817K->38575K(1865728K), [Metaspace: 59681K->59681K(1105920K)], 0.0750068 secs] [Times: user=0.25 sys=0.00, real=0.08 secs] 
5215.050: [GC (Allocation Failure) [PSYoungGen: 222226K->160704K(465920K)] 260801K->199279K(1864192K), 0.0311628 secs] [Times: user=0.18 sys=0.00, real=0.03 secs] 
5217.893: [GC (Allocation Failure) [PSYoungGen: 395712K->87584K(463872K)] 434287K->278871K(1862144K), 0.1335050 secs] [Times: user=0.79 sys=0.00, real=0.13 secs] 
5218.713: [GC (Allocation Failure) [PSYoungGen: 313312K->162208K(464896K)] 504600K->438696K(1863168K), 0.0494048 secs] [Times: user=0.29 sys=0.00, real=0.05 secs] 
5221.186: [GC (Allocation Failure) [PSYoungGen: 397216K->91456K(463872K)] 673704K->521872K(1862144K), 0.1703522 secs] [Times: user=1.02 sys=0.00, real=0.17 secs] 
5223.524: [GC (Allocation Failure) [PSYoungGen: 314257K->159808K(464896K)] 744674K->677921K(1863168K), 0.0479621 secs] [Times: user=0.28 sys=0.01, real=0.04 secs] 
5225.868: [GC (Allocation Failure) [PSYoungGen: 395840K->91488K(462848K)] 913953K->760681K(1861120K), 0.1674351 secs] [Times: user=1.00 sys=0.00, real=0.17 secs] 
5227.795: [GC (Allocation Failure) [PSYoungGen: 312250K->159808K(464384K)] 981443K->916622K(1862656K), 0.0481074 secs] [Times: user=0.29 sys=0.00, real=0.05 secs] 
5230.464: [GC (Allocation Failure) [PSYoungGen: 396864K->90784K(464896K)] 1153678K->998646K(1863168K), 0.1148306 secs] [Times: user=0.68 sys=0.00, real=0.11 secs] 
5232.022: [GC (Allocation Failure) [PSYoungGen: 317136K->160032K(465920K)] 1224998K->1154963K(1864192K), 0.0478323 secs] [Times: user=0.28 sys=0.00, real=0.05 secs] 
5233.620: [GC (Allocation Failure) [PSYoungGen: 399648K->93952K(465920K)] 1394579K->1239871K(1864192K), 0.1408103 secs] [Times: user=0.84 sys=0.01, real=0.14 secs] 
5235.258: [GC (Allocation Failure) [PSYoungGen: 335616K->168864K(410624K)] 1481535K->1405135K(1808896K), 0.0502935 secs] [Times: user=0.29 sys=0.00, real=0.05 secs] 
5235.308: [Full GC (Ergonomics) [PSYoungGen: 168864K->0K(410624K)] [ParOldGen: 1236271K->208803K(1398272K)] 1405135K->208803K(1808896K), [Metaspace: 59681K->59681K(1105920K)], 0.4784073 secs] [Times: user=2.23 sys=0.00, real=0.48 secs] 
5238.809: [GC (Allocation Failure) [PSYoungGen: 241664K->89824K(471040K)] 450467K->298627K(1869312K), 0.1627937 secs] [Times: user=0.97 sys=0.00, real=0.16 secs] 
5240.043: [GC (Allocation Failure) [PSYoungGen: 328416K->168288K(407040K)] 537219K->463412K(1805312K), 0.0992829 secs] [Times: user=0.59 sys=0.00, real=0.09 secs] 
5242.844: [GC (Allocation Failure) [PSYoungGen: 406880K->87520K(468480K)] 702004K->550736K(1866752K), 0.1225703 secs] [Times: user=0.73 sys=0.01, real=0.12 secs] 
5243.488: [GC (Allocation Failure) [PSYoungGen: 323040K->175104K(465920K)] 786256K->719817K(1864192K), 0.0839970 secs] [Times: user=0.49 sys=0.01, real=0.08 secs] 
5246.227: [GC (Allocation Failure) [PSYoungGen: 410624K->81312K(465920K)] 955337K->800941K(1864192K), 0.1189546 secs] [Times: user=0.71 sys=0.01, real=0.12 secs] 
5247.951: [GC (Allocation Failure) [PSYoungGen: 314272K->205984K(465920K)] 1033901K->1000850K(1864192K), 0.1221400 secs] [Times: user=0.74 sys=0.00, real=0.13 secs] 
5251.218: [GC (Allocation Failure) [PSYoungGen: 438944K->74368K(465920K)] 1233810K->1042690K(1864192K), 0.1338374 secs] [Times: user=0.79 sys=0.00, real=0.13 secs] 
5251.920: [GC (Allocation Failure) [PSYoungGen: 307328K->205088K(465920K)] 1275650K->1241517K(1864192K), 0.0580276 secs] [Times: user=0.34 sys=0.01, real=0.06 secs] 
5255.039: [GC (Allocation Failure) [PSYoungGen: 438048K->81568K(465920K)] 1474477K->1288085K(1864192K), 0.1136259 secs] [Times: user=0.66 sys=0.00, real=0.12 secs] 
5255.153: [Full GC (Ergonomics) [PSYoungGen: 81568K->0K(465920K)] [ParOldGen: 1206517K->96215K(1398272K)] 1288085K->96215K(1864192K), [Metaspace: 59682K->59682K(1105920K)], 0.2232622 secs] [Times: user=0.93 sys=0.00, real=0.22 secs] 
5256.451: [GC (Allocation Failure) [PSYoungGen: 232960K->162304K(465920K)] 329175K->258520K(1864192K), 0.0467905 secs] [Times: user=0.27 sys=0.00, real=0.05 secs] 
5259.635: [GC (Allocation Failure) [PSYoungGen: 395264K->91584K(465920K)] 491480K->350400K(1864192K), 0.0989196 secs] [Times: user=0.59 sys=0.00, real=0.10 secs] 
5260.853: [GC (Allocation Failure) [PSYoungGen: 324544K->152608K(465920K)] 583360K->496308K(1864192K), 0.0600266 secs] [Times: user=0.36 sys=0.00, real=0.06 secs] 
5263.305: [GC (Allocation Failure) [PSYoungGen: 383282K->93216K(465920K)] 726983K->589468K(1864192K), 0.1011771 secs] [Times: user=0.60 sys=0.00, real=0.10 secs] 
5264.588: [GC (Allocation Failure) [PSYoungGen: 326176K->151040K(465920K)] 822428K->733851K(1864192K), 0.0604280 secs] [Times: user=0.36 sys=0.00, real=0.06 secs] 
5265.720: [GC (Allocation Failure) [PSYoungGen: 384000K->107904K(465920K)] 966811K->841980K(1864192K), 0.0930719 secs] [Times: user=0.55 sys=0.00, real=0.09 secs] 
5266.996: [GC (Allocation Failure) [PSYoungGen: 340864K->139840K(373248K)] 1074940K->971723K(1771520K), 0.0615087 secs] [Times: user=0.37 sys=0.00, real=0.06 secs] 
5270.902: [GC (Allocation Failure) [PSYoungGen: 372800K->109344K(470528K)] 1204683K->1081227K(1868800K), 0.0841062 secs] [Times: user=0.50 sys=0.00, real=0.09 secs] 
5272.150: [GC (Allocation Failure) [PSYoungGen: 349472K->138880K(463360K)] 1321355K->1209519K(1861632K), 0.0612973 secs] [Times: user=0.37 sys=0.00, real=0.06 secs] 
5273.516: [GC (Allocation Failure) [PSYoungGen: 379008K->134624K(468992K)] 1449647K->1344200K(1867264K), 0.0665542 secs] [Times: user=0.39 sys=0.00, real=0.07 secs] 
5273.583: [Full GC (Ergonomics) [PSYoungGen: 134624K->0K(468992K)] [ParOldGen: 1209575K->149627K(1398272K)] 1344200K->149627K(1867264K), [Metaspace: 59682K->59682K(1105920K)], 0.3490353 secs] [Times: user=1.62 sys=0.00, real=0.34 secs] 
5277.318: [GC (Allocation Failure) [PSYoungGen: 251904K->116320K(463872K)] 401531K->265947K(1862144K), 0.0402693 secs] [Times: user=0.23 sys=0.00, real=0.04 secs] 
5278.950: [GC (Allocation Failure) [PSYoungGen: 368224K->165408K(469504K)] 517851K->430391K(1867776K), 0.0591472 secs] [Times: user=0.35 sys=0.00, real=0.06 secs] 
5280.725: [GC (Allocation Failure) [PSYoungGen: 429088K->111392K(475648K)] 694071K->533327K(1873920K), 0.0690453 secs] [Times: user=0.41 sys=0.00, real=0.07 secs] 
5282.115: [GC (Allocation Failure) [PSYoungGen: 375072K->189536K(462848K)] 797007K->719780K(1861120K), 0.0652589 secs] [Times: user=0.38 sys=0.01, real=0.06 secs] 
5285.516: [GC (Allocation Failure) [PSYoungGen: 445024K->93728K(477184K)] 975268K->813420K(1875456K), 0.1218592 secs] [Times: user=0.73 sys=0.00, real=0.12 secs] 
5287.751: [GC (Allocation Failure) [PSYoungGen: 344302K->208576K(453120K)] 1063995K->1015557K(1851392K), 0.0793316 secs] [Times: user=0.42 sys=0.06, real=0.08 secs] 
5289.111: [GC (Allocation Failure) [PSYoungGen: 441536K->91872K(465920K)] 1248517K->1070733K(1864192K), 0.1165253 secs] [Times: user=0.69 sys=0.00, real=0.12 secs] 
5291.696: [GC (Allocation Failure) [PSYoungGen: 324832K->151520K(465920K)] 1303693K->1215636K(1864192K), 0.0609288 secs] [Times: user=0.37 sys=0.00, real=0.06 secs] 
5292.447: [GC (Allocation Failure) [PSYoungGen: 384480K->97792K(331264K)] 1448596K->1313632K(1729536K), 0.0958669 secs] [Times: user=0.56 sys=0.01, real=0.10 secs] 
5292.543: [Full GC (Ergonomics) [PSYoungGen: 97792K->0K(331264K)] [ParOldGen: 1215840K->112873K(1398272K)] 1313632K->112873K(1729536K), [Metaspace: 59683K->59683K(1105920K)], 0.2563234 secs] [Times: user=1.16 sys=0.01, real=0.25 secs] 
5294.578: [GC (Allocation Failure) [PSYoungGen: 232960K->150560K(465920K)] 345833K->263433K(1864192K), 0.0539471 secs] [Times: user=0.33 sys=0.00, real=0.05 secs] 
5295.754: [GC (Allocation Failure) [PSYoungGen: 386080K->110816K(346624K)] 498953K->374433K(1744896K), 0.1382770 secs] [Times: user=0.82 sys=0.00, real=0.13 secs] 
5297.887: [GC (Allocation Failure) [PSYoungGen: 346336K->136896K(470016K)] 609953K->501158K(1868288K), 0.0609167 secs] [Times: user=0.36 sys=0.00, real=0.06 secs] 
5300.894: [GC (Allocation Failure) [PSYoungGen: 384704K->127872K(462848K)] 748966K->628894K(1861120K), 0.0727043 secs] [Times: user=0.43 sys=0.00, real=0.07 secs] 
5302.176: [GC (Allocation Failure) [PSYoungGen: 375680K->2880K(454656K)] 876702K->503974K(1852928K), 0.0022618 secs] [Times: user=0.01 sys=0.00, real=0.00 secs] 
5304.205: [GC (Allocation Failure) [PSYoungGen: 250176K->159104K(468992K)] 751270K->661455K(1867264K), 0.0315157 secs] [Times: user=0.18 sys=0.00, real=0.03 secs] 
5305.739: [GC (Allocation Failure) [PSYoungGen: 406400K->106656K(467456K)] 908751K->759511K(1865728K), 0.0733266 secs] [Times: user=0.43 sys=0.00, real=0.08 secs] 
5308.669: [GC (Allocation Failure) [PSYoungGen: 348948K->166176K(470016K)] 1001804K->923124K(1868288K), 0.0548104 secs] [Times: user=0.32 sys=0.00, real=0.06 secs] 
5310.049: [GC (Allocation Failure) [PSYoungGen: 417056K->107072K(473088K)] 1174004K->1020940K(1871360K), 0.0781546 secs] [Times: user=0.46 sys=0.00, real=0.08 secs] 
5310.628: [GC (Allocation Failure) [PSYoungGen: 361024K->184352K(438784K)] 1274892K->1201417K(1837056K), 0.0598593 secs] [Times: user=0.35 sys=0.00, real=0.06 secs] 
5314.552: [GC (Allocation Failure) [PSYoungGen: 438304K->88000K(470016K)] 1455369K->1289569K(1868288K), 0.1428891 secs] [Times: user=0.85 sys=0.01, real=0.15 secs] 
5314.694: [Full GC (Ergonomics) [PSYoungGen: 88000K->0K(470016K)] [ParOldGen: 1201569K->88171K(1398272K)] 1289569K->88171K(1868288K), [Metaspace: 59683K->59683K(1105920K)], 0.2157528 secs] [Times: user=1.00 sys=0.00, real=0.21 secs] 
5315.547: [GC (Allocation Failure) [PSYoungGen: 238080K->208416K(446976K)] 326251K->296587K(1845248K), 0.0426800 secs] [Times: user=0.26 sys=0.00, real=0.04 secs] 
5317.148: [GC (Allocation Failure) [PSYoungGen: 446496K->92960K(465920K)] 534667K->352595K(1864192K), 0.1224465 secs] [Times: user=0.73 sys=0.01, real=0.12 secs] 
5319.314: [GC (Allocation Failure) [PSYoungGen: 325920K->151808K(465920K)] 585555K->497160K(1864192K), 0.0600617 secs] [Times: user=0.35 sys=0.00, real=0.06 secs] 
5321.683: [GC (Allocation Failure) [PSYoungGen: 379762K->93024K(465920K)] 725114K->590232K(1864192K), 0.0935965 secs] [Times: user=0.56 sys=0.00, real=0.09 secs] 
5322.923: [GC (Allocation Failure) [PSYoungGen: 325984K->151232K(465920K)] 823192K->735081K(1864192K), 0.0604629 secs] [Times: user=0.36 sys=0.00, real=0.06 secs] 
5325.207: [GC (Allocation Failure) [PSYoungGen: 384192K->98496K(459776K)] 968041K->833341K(1858048K), 0.0907423 secs] [Times: user=0.54 sys=0.00, real=0.09 secs] 
5327.880: [GC (Allocation Failure) [PSYoungGen: 331456K->149824K(462848K)] 1066301K->972357K(1861120K), 0.0607588 secs] [Times: user=0.37 sys=0.00, real=0.06 secs] 
5330.277: [GC (Allocation Failure) [PSYoungGen: 382784K->107040K(455680K)] 1205317K->1079453K(1853952K), 0.0883330 secs] [Times: user=0.52 sys=0.00, real=0.09 secs] 
5332.507: [GC (Allocation Failure) [PSYoungGen: 348192K->140640K(462848K)] 1320605K->1209614K(1861120K), 0.0615348 secs] [Times: user=0.37 sys=0.00, real=0.06 secs] 
5333.177: [GC (Allocation Failure) [PSYoungGen: 381792K->130528K(457728K)] 1450766K->1340350K(1856000K), 0.0607036 secs] [Times: user=0.36 sys=0.00, real=0.06 secs] 
5333.237: [Full GC (Ergonomics) [PSYoungGen: 130528K->0K(457728K)] [ParOldGen: 1209822K->144629K(1398272K)] 1340350K->144629K(1856000K), [Metaspace: 59683K->59683K(1105920K)], 0.3319807 secs] [Times: user=1.52 sys=0.00, real=0.33 secs] 
5337.400: [GC (Allocation Failure) [PSYoungGen: 259584K->120288K(468992K)] 404213K->264917K(1867264K), 0.0412663 secs] [Times: user=0.25 sys=0.00, real=0.04 secs] 
5339.514: [GC (Allocation Failure) [PSYoungGen: 379872K->169152K(480768K)] 524501K->433183K(1879040K), 0.0951800 secs] [Times: user=0.57 sys=0.01, real=0.09 secs] 
5341.939: [GC (Allocation Failure) [PSYoungGen: 447168K->121120K(488448K)] 711199K->545815K(1886720K), 0.1081969 secs] [Times: user=0.64 sys=0.01, real=0.11 secs] 
5343.782: [GC (Allocation Failure) [PSYoungGen: 399136K->204256K(437248K)] 823831K->756786K(1835520K), 0.0930203 secs] [Times: user=0.55 sys=0.01, real=0.10 secs] 
5345.924: [GC (Allocation Failure) [PSYoungGen: 437216K->82048K(465920K)] 989746K->821530K(1864192K), 0.1091467 secs] [Times: user=0.65 sys=0.01, real=0.11 secs] 
5347.766: [GC (Allocation Failure) [PSYoungGen: 315008K->199136K(465920K)] 1054490K->1014707K(1864192K), 0.0617590 secs] [Times: user=0.36 sys=0.01, real=0.06 secs] 
5349.502: [GC (Allocation Failure) [PSYoungGen: 432096K->87520K(465920K)] 1247667K->1065243K(1864192K), 0.0905625 secs] [Times: user=0.54 sys=0.00, real=0.10 secs] 
5352.249: [GC (Allocation Failure) [PSYoungGen: 320480K->200205K(465920K)] 1298203K->1259165K(1864192K), 0.0658029 secs] [Times: user=0.38 sys=0.00, real=0.07 secs] 
5353.635: [GC (Allocation Failure) [PSYoungGen: 431341K->93280K(465920K)] 1490301K->1309040K(1864192K), 0.0892572 secs] [Times: user=0.53 sys=0.00, real=0.09 secs] 
5353.725: [Full GC (Ergonomics) [PSYoungGen: 93280K->0K(465920K)] [ParOldGen: 1215760K->107397K(1398272K)] 1309040K->107397K(1864192K), [Metaspace: 59683K->59683K(1105920K)], 0.2522059 secs] [Times: user=1.15 sys=0.00, real=0.25 secs] 
5356.173: [GC (Allocation Failure) [PSYoungGen: 232960K->150944K(465920K)] 340357K->258341K(1864192K), 0.0427439 secs] [Times: user=0.25 sys=0.00, real=0.04 secs] 
5356.862: [GC (Allocation Failure) [PSYoungGen: 383904K->101856K(465920K)] 491301K->360317K(1864192K), 0.0862626 secs] [Times: user=0.51 sys=0.00, real=0.09 secs] 
5359.204: [GC (Allocation Failure) [PSYoungGen: 334816K->145984K(465920K)] 593277K->496098K(1864192K), 0.0606724 secs] [Times: user=0.36 sys=0.00, real=0.06 secs] 
5360.787: [GC (Allocation Failure) [PSYoungGen: 378944K->110048K(465920K)] 729058K->605970K(1864192K), 0.0754495 secs] [Times: user=0.45 sys=0.00, real=0.07 secs] 
5362.720: [GC (Allocation Failure) [PSYoungGen: 343008K->138432K(465920K)] 838930K->733870K(1864192K), 0.0613092 secs] [Times: user=0.36 sys=0.00, real=0.06 secs] 
5363.975: [GC (Allocation Failure) [PSYoungGen: 371392K->119328K(352768K)] 966830K->852918K(1751040K), 0.0603935 secs] [Times: user=0.36 sys=0.00, real=0.06 secs] 
5365.939: [GC (Allocation Failure) [PSYoungGen: 352288K->128672K(471552K)] 1085878K->971243K(1869824K), 0.0621596 secs] [Times: user=0.36 sys=0.00, real=0.06 secs] 
5368.162: [GC (Allocation Failure) [PSYoungGen: 369824K->129792K(371200K)] 1212395K->1101011K(1769472K), 0.0727780 secs] [Times: user=0.36 sys=0.01, real=0.08 secs] 
5369.355: [GC (Allocation Failure) [PSYoungGen: 370944K->2688K(446464K)] 1342163K->973991K(1844736K), 0.0026390 secs] [Times: user=0.01 sys=0.00, real=0.00 secs] 
5371.809: [GC (Allocation Failure) [PSYoungGen: 234624K->144960K(460800K)] 1205927K->1117268K(1859072K), 0.0294243 secs] [Times: user=0.17 sys=0.00, real=0.03 secs] 
5372.944: [GC (Allocation Failure) [PSYoungGen: 376896K->104000K(454656K)] 1349204K->1212228K(1852928K), 0.0655568 secs] [Times: user=0.39 sys=0.00, real=0.06 secs] 
5375.969: [GC (Allocation Failure) [PSYoungGen: 347200K->158496K(463360K)] 1455428K->1369177K(1861632K), 0.0536025 secs] [Times: user=0.32 sys=0.00, real=0.06 secs] 
5376.023: [Full GC (Ergonomics) [PSYoungGen: 158496K->0K(463360K)] [ParOldGen: 1210681K->173965K(1398272K)] 1369177K->173965K(1861632K), [Metaspace: 59683K->59683K(1105920K)], 0.4123095 secs] [Times: user=1.92 sys=0.00, real=0.41 secs] 
5377.506: [GC (Allocation Failure) [PSYoungGen: 243200K->104352K(470016K)] 417165K->278317K(1868288K), 0.0336960 secs] [Times: user=0.20 sys=0.00, real=0.03 secs] 
5380.579: [GC (Allocation Failure) [PSYoungGen: 351429K->169440K(472576K)] 525394K->444370K(1870848K), 0.0545814 secs] [Times: user=0.32 sys=0.00, real=0.06 secs] 
5382.559: [GC (Allocation Failure) [PSYoungGen: 424416K->106400K(475136K)] 699346K->541738K(1873408K), 0.1687602 secs] [Times: user=1.01 sys=0.00, real=0.17 secs] 
5384.258: [GC (Allocation Failure) [PSYoungGen: 360864K->181888K(436736K)] 796202K->719571K(1835008K), 0.0554257 secs] [Times: user=0.33 sys=0.00, real=0.06 secs] 
5387.353: [GC (Allocation Failure) [PSYoungGen: 436352K->93376K(471552K)] 974035K->812483K(1869824K), 0.1431654 secs] [Times: user=0.86 sys=0.00, real=0.14 secs] 
5388.532: [GC (Allocation Failure) [PSYoungGen: 331448K->207040K(448512K)] 1050555K->1012759K(1846784K), 0.0700979 secs] [Times: user=0.41 sys=0.00, real=0.07 secs] 
5390.038: [GC (Allocation Failure) [PSYoungGen: 447250K->93344K(465920K)] 1252970K->1069407K(1864192K), 0.1106024 secs] [Times: user=0.66 sys=0.00, real=0.11 secs] 
5391.292: [GC (Allocation Failure) [PSYoungGen: 326304K->150816K(465920K)] 1302367K->1213428K(1864192K), 0.0609182 secs] [Times: user=0.36 sys=0.00, real=0.07 secs] 
5392.865: [GC (Allocation Failure) [PSYoungGen: 383776K->107200K(465920K)] 1446388K->1320772K(1864192K), 0.0971905 secs] [Times: user=0.58 sys=0.00, real=0.09 secs] 
5392.962: [Full GC (Ergonomics) [PSYoungGen: 107200K->0K(465920K)] [ParOldGen: 1213572K->113075K(1398272K)] 1320772K->113075K(1864192K), [Metaspace: 59686K->59686K(1105920K)], 0.2633645 secs] [Times: user=1.21 sys=0.00, real=0.27 secs] 
5396.074: [GC (Allocation Failure) [PSYoungGen: 232960K->149472K(382464K)] 346035K->262547K(1780736K), 0.0548693 secs] [Times: user=0.33 sys=0.00, real=0.05 secs] 
5398.593: [GC (Allocation Failure) [PSYoungGen: 382432K->102816K(466944K)] 495507K->365403K(1865216K), 0.1106567 secs] [Times: user=0.66 sys=0.00, real=0.12 secs] 
5400.693: [GC (Allocation Failure) [PSYoungGen: 340384K->145760K(462336K)] 602971K->500347K(1860608K), 0.0608703 secs] [Times: user=0.36 sys=0.00, real=0.06 secs] 
5403.601: [GC (Allocation Failure) [PSYoungGen: 383328K->114304K(467968K)] 737915K->614484K(1866240K), 0.0861965 secs] [Times: user=0.51 sys=0.00, real=0.09 secs] 
5405.431: [GC (Allocation Failure) [PSYoungGen: 365184K->134016K(465920K)] 865364K->738180K(1864192K), 0.0620650 secs] [Times: user=0.37 sys=0.00, real=0.07 secs] 
5408.133: [GC (Allocation Failure) [PSYoungGen: 384896K->151424K(475136K)] 989060K->889164K(1873408K), 0.0603168 secs] [Times: user=0.36 sys=0.00, real=0.06 secs] 
5409.338: [GC (Allocation Failure) [PSYoungGen: 418176K->23136K(475136K)] 1155916K->760960K(1873408K), 0.0057823 secs] [Times: user=0.03 sys=0.00, real=0.01 secs] 
5411.137: [GC (Allocation Failure) [PSYoungGen: 289888K->181728K(454656K)] 1027712K->940029K(1852928K), 0.0429856 secs] [Times: user=0.25 sys=0.00, real=0.04 secs] 
5413.097: [GC (Allocation Failure) [PSYoungGen: 416736K->87616K(466944K)] 1175037K->1026753K(1865216K), 0.1319190 secs] [Times: user=0.79 sys=0.00, real=0.13 secs] 
5413.739: [GC (Allocation Failure) [PSYoungGen: 322624K->174560K(461312K)] 1261761K->1195630K(1859584K), 0.0572744 secs] [Times: user=0.34 sys=0.00, real=0.06 secs] 
5417.034: [GC (Allocation Failure) [PSYoungGen: 407520K->75616K(465920K)] 1428590K->1271086K(1864192K), 0.1476539 secs] [Times: user=0.88 sys=0.00, real=0.14 secs] 
5417.181: [Full GC (Ergonomics) [PSYoungGen: 75616K->0K(465920K)] [ParOldGen: 1195470K->70573K(1398272K)] 1271086K->70573K(1864192K), [Metaspace: 59687K->59687K(1105920K)], 0.1776788 secs] [Times: user=0.81 sys=0.00, real=0.18 secs] 
5417.821: [GC (Allocation Failure) [PSYoungGen: 232960K->177056K(465920K)] 303533K->247629K(1864192K), 0.0377787 secs] [Times: user=0.23 sys=0.00, real=0.04 secs] 
5421.104: [GC (Allocation Failure) [PSYoungGen: 410016K->76896K(465920K)] 480589K->324701K(1864192K), 0.1535928 secs] [Times: user=0.92 sys=0.00, real=0.15 secs] 
5421.751: [GC (Allocation Failure) [PSYoungGen: 309856K->173152K(465920K)] 557661K->491594K(1864192K), 0.0690287 secs] [Times: user=0.41 sys=0.00, real=0.07 secs] 
5425.043: [GC (Allocation Failure) [PSYoungGen: 406112K->76672K(465920K)] 724554K->567898K(1864192K), 0.1234594 secs] [Times: user=0.73 sys=0.00, real=0.13 secs] 
5426.144: [GC (Allocation Failure) [PSYoungGen: 309632K->172000K(465920K)] 800858K->733727K(1864192K), 0.1525530 secs] [Times: user=0.91 sys=0.00, real=0.15 secs] 
5429.136: [GC (Allocation Failure) [PSYoungGen: 404960K->78720K(465920K)] 966687K->812423K(1864192K), 0.1176719 secs] [Times: user=0.70 sys=0.00, real=0.12 secs] 
5429.869: [GC (Allocation Failure) [PSYoungGen: 308770K->202400K(465920K)] 1042474K->1008756K(1864192K), 0.0609336 secs] [Times: user=0.36 sys=0.00, real=0.06 secs] 
5431.788: [GC (Allocation Failure) [PSYoungGen: 435360K->87296K(465920K)] 1241716K->1061196K(1864192K), 0.1094850 secs] [Times: user=0.64 sys=0.01, real=0.11 secs] 
5433.154: [GC (Allocation Failure) [PSYoungGen: 317127K->194080K(465920K)] 1291028K->1249193K(1864192K), 0.0682857 secs] [Times: user=0.41 sys=0.00, real=0.06 secs] 
5434.966: [GC (Allocation Failure) [PSYoungGen: 427040K->91040K(465920K)] 1482153K->1302993K(1864192K), 0.0791531 secs] [Times: user=0.47 sys=0.00, real=0.08 secs] 
5435.045: [Full GC (Ergonomics) [PSYoungGen: 91040K->0K(465920K)] [ParOldGen: 1211953K->105188K(1398272K)] 1302993K->105188K(1864192K), [Metaspace: 59688K->59688K(1105920K)], 0.2456479 secs] [Times: user=1.08 sys=0.00, real=0.24 secs] 
5437.094: [GC (Allocation Failure) [PSYoungGen: 232960K->153120K(465920K)] 338148K->258308K(1864192K), 0.0437519 secs] [Times: user=0.26 sys=0.01, real=0.04 secs] 
5438.150: [GC (Allocation Failure) [PSYoungGen: 386080K->98880K(465920K)] 491268K->357276K(1864192K), 0.0904722 secs] [Times: user=0.53 sys=0.00, real=0.09 secs] 
5440.220: [GC (Allocation Failure) [PSYoungGen: 331840K->148896K(465920K)] 590236K->495916K(1864192K), 0.0604703 secs] [Times: user=0.36 sys=0.00, real=0.06 secs] 
5441.547: [GC (Allocation Failure) [PSYoungGen: 381856K->107904K(465920K)] 728876K->603748K(1864192K), 0.0902391 secs] [Times: user=0.53 sys=0.00, real=0.09 secs] 
5444.076: [GC (Allocation Failure) [PSYoungGen: 340864K->139936K(464896K)] 836708K->733168K(1863168K), 0.0607466 secs] [Times: user=0.36 sys=0.00, real=0.06 secs] 
5445.249: [GC (Allocation Failure) [PSYoungGen: 372896K->114592K(347648K)] 966128K->847832K(1745920K), 0.0737547 secs] [Times: user=0.44 sys=0.00, real=0.08 secs] 
5447.728: [GC (Allocation Failure) [PSYoungGen: 347552K->132992K(466944K)] 1080792K->970536K(1865216K), 0.0610958 secs] [Times: user=0.36 sys=0.00, real=0.06 secs] 
5449.590: [GC (Allocation Failure) [PSYoungGen: 375168K->135104K(459264K)] 1212712K->1105576K(1857536K), 0.0665879 secs] [Times: user=0.39 sys=0.01, real=0.07 secs] 
5451.766: [GC (Allocation Failure) [PSYoungGen: 377280K->1408K(453632K)] 1347752K->971904K(1851904K), 0.0019317 secs] [Times: user=0.01 sys=0.00, real=0.00 secs] 
5452.629: [GC (Allocation Failure) [PSYoungGen: 244608K->162752K(467456K)] 1215104K->1133868K(1865728K), 0.0309963 secs] [Times: user=0.18 sys=0.00, real=0.03 secs] 
5454.502: [GC (Allocation Failure) [PSYoungGen: 405952K->10528K(463360K)] 1377068K->981740K(1861632K), 0.0035540 secs] [Times: user=0.02 sys=0.00, real=0.01 secs] 
5455.618: [GC (Allocation Failure) [PSYoungGen: 243488K->161664K(465920K)] 1214700K->1142346K(1864192K), 0.0395530 secs] [Times: user=0.23 sys=0.00, real=0.04 secs] 
5457.694: [GC (Allocation Failure) [PSYoungGen: 394624K->90688K(465920K)] 1375306K->1224782K(1864192K), 0.0677542 secs] [Times: user=0.40 sys=0.01, real=0.06 secs] 
5459.259: [GC (Allocation Failure) [PSYoungGen: 323648K->167200K(465920K)] 1457742K->1390304K(1864192K), 0.0518791 secs] [Times: user=0.31 sys=0.00, real=0.05 secs] 
5459.311: [Full GC (Ergonomics) [PSYoungGen: 167200K->0K(465920K)] [ParOldGen: 1223104K->193563K(1398272K)] 1390304K->193563K(1864192K), [Metaspace: 59691K->59691K(1105920K)], 0.4692793 secs] [Times: user=2.18 sys=0.00, real=0.47 secs] 
5461.154: [GC (Allocation Failure) [PSYoungGen: 232960K->90304K(465920K)] 426523K->283867K(1864192K), 0.0423303 secs] [Times: user=0.25 sys=0.00, real=0.04 secs] 
5464.316: [GC (Allocation Failure) [PSYoungGen: 323264K->160512K(465920K)] 516827K->441688K(1864192K), 0.0476308 secs] [Times: user=0.28 sys=0.00, real=0.05 secs] 
5465.561: [GC (Allocation Failure) [PSYoungGen: 393472K->93984K(465920K)] 674648K->526652K(1864192K), 0.0731808 secs] [Times: user=0.43 sys=0.01, real=0.08 secs] 
5467.294: [GC (Allocation Failure) [PSYoungGen: 314333K->158848K(465920K)] 747001K->681640K(1864192K), 0.0483320 secs] [Times: user=0.29 sys=0.00, real=0.05 secs] 
5468.478: [GC (Allocation Failure) [PSYoungGen: 391808K->91328K(460800K)] 914600K->764104K(1859072K), 0.0687469 secs] [Times: user=0.41 sys=0.00, real=0.07 secs] 
5470.379: [GC (Allocation Failure) [PSYoungGen: 315233K->159296K(463360K)] 988010K->919925K(1861632K), 0.0484100 secs] [Times: user=0.29 sys=0.00, real=0.05 secs] 
5472.092: [GC (Allocation Failure) [PSYoungGen: 392256K->91424K(461824K)] 1152885K->1002449K(1860096K), 0.1278271 secs] [Times: user=0.76 sys=0.00, real=0.13 secs] 
5473.580: [GC (Allocation Failure) [PSYoungGen: 310762K->159424K(463872K)] 1221788K->1157974K(1862144K), 0.0485366 secs] [Times: user=0.29 sys=0.00, real=0.05 secs] 
5475.215: [GC (Allocation Failure) [PSYoungGen: 394944K->90944K(464384K)] 1393494K->1240302K(1862656K), 0.1677327 secs] [Times: user=1.00 sys=0.01, real=0.17 secs] 
5477.354: [GC (Allocation Failure) [PSYoungGen: 313341K->159712K(465408K)] 1462700K->1396323K(1863680K), 0.0489128 secs] [Times: user=0.29 sys=0.00, real=0.05 secs] 
5477.403: [Full GC (Ergonomics) [PSYoungGen: 159712K->0K(465408K)] [ParOldGen: 1236611K->196067K(1398272K)] 1396323K->196067K(1863680K), [Metaspace: 59693K->59673K(1105920K)], 0.4819664 secs] [Times: user=2.23 sys=0.00, real=0.48 secs] 
5479.379: [GC (Allocation Failure) [PSYoungGen: 238080K->92448K(464896K)] 434147K->288515K(1863168K), 0.0467706 secs] [Times: user=0.28 sys=0.00, real=0.05 secs] 
5480.535: [GC (Allocation Failure) [PSYoungGen: 333088K->172000K(412672K)] 529155K->457104K(1810944K), 0.0492821 secs] [Times: user=0.29 sys=0.00, real=0.05 secs] 
5483.153: [GC (Allocation Failure) [PSYoungGen: 411888K->90688K(469504K)] 696993K->547388K(1867776K), 0.1158650 secs] [Times: user=0.69 sys=0.01, real=0.11 secs] 
5484.116: [GC (Allocation Failure) [PSYoungGen: 327232K->164864K(465920K)] 783932K->708429K(1864192K), 0.0558223 secs] [Times: user=0.33 sys=0.00, real=0.05 secs] 
5486.451: [GC (Allocation Failure) [PSYoungGen: 401408K->89728K(466432K)] 944973K->797273K(1864704K), 0.1680971 secs] [Times: user=1.00 sys=0.00, real=0.17 secs] 
5487.529: [GC (Allocation Failure) [PSYoungGen: 325760K->175712K(465920K)] 1033305K->967406K(1864192K), 0.1084577 secs] [Times: user=0.65 sys=0.00, real=0.11 secs] 
5491.135: [GC (Allocation Failure) [PSYoungGen: 411744K->78336K(465920K)] 1203438K->1045562K(1864192K), 0.1372523 secs] [Times: user=0.69 sys=0.01, real=0.13 secs] 
5491.886: [GC (Allocation Failure) [PSYoungGen: 311296K->207648K(465920K)] 1278522K->1246542K(1864192K), 0.0724251 secs] [Times: user=0.43 sys=0.00, real=0.07 secs] 
5495.413: [GC (Allocation Failure) [PSYoungGen: 440608K->75616K(465920K)] 1479502K->1289174K(1864192K), 0.1375311 secs] [Times: user=0.82 sys=0.00, real=0.13 secs] 
5495.550: [Full GC (Ergonomics) [PSYoungGen: 75616K->0K(465920K)] [ParOldGen: 1213558K->89720K(1398272K)] 1289174K->89720K(1864192K), [Metaspace: 59673K->59673K(1105920K)], 0.2233024 secs] [Times: user=1.03 sys=0.00, real=0.23 secs] 
5496.335: [GC (Allocation Failure) [PSYoungGen: 232179K->202944K(465920K)] 321900K->292664K(1864192K), 0.0391702 secs] [Times: user=0.23 sys=0.00, real=0.04 secs] 
5498.452: [GC (Allocation Failure) [PSYoungGen: 435904K->86784K(465920K)] 525624K->344920K(1864192K), 0.1123453 secs] [Times: user=0.67 sys=0.00, real=0.12 secs] 
5499.671: [GC (Allocation Failure) [PSYoungGen: 319744K->157472K(465920K)] 577880K->496009K(1864192K), 0.0599041 secs] [Times: user=0.36 sys=0.00, real=0.06 secs] 
5501.473: [GC (Allocation Failure) [PSYoungGen: 388807K->93088K(465920K)] 727344K->588913K(1864192K), 0.0940076 secs] [Times: user=0.55 sys=0.00, real=0.09 secs] 
5502.761: [GC (Allocation Failure) [PSYoungGen: 326048K->150944K(465920K)] 821873K->733328K(1864192K), 0.0603714 secs] [Times: user=0.36 sys=0.00, real=0.06 secs] 
5504.434: [GC (Allocation Failure) [PSYoungGen: 383904K->99072K(465920K)] 966288K->832584K(1864192K), 0.0919924 secs] [Times: user=0.55 sys=0.00, real=0.09 secs] 
5506.416: [GC (Allocation Failure) [PSYoungGen: 332032K->149280K(465920K)] 1065544K->971021K(1864192K), 0.0607896 secs] [Times: user=0.36 sys=0.00, real=0.06 secs] 
5508.783: [GC (Allocation Failure) [PSYoungGen: 382240K->105344K(465920K)] 1203981K->1076589K(1864192K), 0.0917198 secs] [Times: user=0.54 sys=0.00, real=0.09 secs] 
5509.990: [GC (Allocation Failure) [PSYoungGen: 338304K->142528K(375808K)] 1309549K->1208688K(1774080K), 0.0615813 secs] [Times: user=0.37 sys=0.00, real=0.06 secs] 
5512.331: [GC (Allocation Failure) [PSYoungGen: 375488K->119296K(469504K)] 1441648K->1328176K(1867776K), 0.0825534 secs] [Times: user=0.49 sys=0.00, real=0.09 secs] 
5512.414: [Full GC (Ergonomics) [PSYoungGen: 119296K->0K(469504K)] [ParOldGen: 1208880K->133294K(1398272K)] 1328176K->133294K(1867776K), [Metaspace: 59673K->59673K(1105920K)], 0.3116151 secs] [Times: user=1.44 sys=0.00, real=0.31 secs] 
5513.833: [GC (Allocation Failure) [PSYoungGen: 241152K->129120K(461312K)] 374446K->262414K(1859584K), 0.0445416 secs] [Times: user=0.27 sys=0.00, real=0.05 secs] 
5514.933: [GC (Allocation Failure) [PSYoungGen: 370272K->144512K(463872K)] 503566K->407150K(1862144K), 0.0651021 secs] [Times: user=0.39 sys=0.00, real=0.06 secs] 
5516.221: [GC (Allocation Failure) [PSYoungGen: 396928K->8768K(461824K)] 659566K->271430K(1860096K), 0.0027230 secs] [Times: user=0.01 sys=0.00, real=0.01 secs] 
5518.155: [GC (Allocation Failure) [PSYoungGen: 259198K->176064K(454656K)] 521860K->445611K(1852928K), 0.0361767 secs] [Times: user=0.22 sys=0.00, real=0.03 secs] 
5519.374: [GC (Allocation Failure) [PSYoungGen: 409024K->92896K(465920K)] 678571K->529787K(1864192K), 0.0711439 secs] [Times: user=0.43 sys=0.00, real=0.07 secs] 
5521.514: [GC (Allocation Failure) [PSYoungGen: 316859K->158560K(464384K)] 753750K->684783K(1862656K), 0.0484152 secs] [Times: user=0.28 sys=0.01, real=0.04 secs] 
5522.832: [GC (Allocation Failure) [PSYoungGen: 395616K->96800K(334336K)] 921839K->772191K(1732608K), 0.0735739 secs] [Times: user=0.44 sys=0.00, real=0.08 secs] 
5523.452: [GC (Allocation Failure) [PSYoungGen: 333856K->173376K(457216K)] 1009247K->941968K(1855488K), 0.0522338 secs] [Times: user=0.31 sys=0.00, real=0.06 secs] 
5526.717: [GC (Allocation Failure) [PSYoungGen: 405824K->76160K(465408K)] 1174416K->1018304K(1863680K), 0.1656803 secs] [Times: user=0.99 sys=0.00, real=0.17 secs] 
5527.673: [GC (Allocation Failure) [PSYoungGen: 308608K->167328K(464384K)] 1250752K->1181677K(1862656K), 0.0532340 secs] [Times: user=0.32 sys=0.00, real=0.05 secs] 
5530.249: [GC (Allocation Failure) [PSYoungGen: 400288K->82848K(465920K)] 1414637K->1264133K(1864192K), 0.1306990 secs] [Times: user=0.78 sys=0.00, real=0.13 secs] 
5530.380: [Full GC (Ergonomics) [PSYoungGen: 82848K->0K(465920K)] [ParOldGen: 1181285K->62139K(1398272K)] 1264133K->62139K(1864192K), [Metaspace: 59673K->59673K(1105920K)], 0.1546695 secs] [Times: user=0.69 sys=0.00, real=0.16 secs] 
5530.912: [GC (Allocation Failure) [PSYoungGen: 232960K->170656K(465920K)] 295099K->232795K(1864192K), 0.0342843 secs] [Times: user=0.20 sys=0.01, real=0.04 secs] 
5533.864: [GC (Allocation Failure) [PSYoungGen: 403616K->77088K(465920K)] 465755K->310051K(1864192K), 0.1514397 secs] [Times: user=0.89 sys=0.00, real=0.15 secs] 
5534.940: [GC (Allocation Failure) [PSYoungGen: 310048K->171456K(465920K)] 543011K->476028K(1864192K), 0.1114269 secs] [Times: user=0.66 sys=0.01, real=0.11 secs] 
5537.806: [GC (Allocation Failure) [PSYoungGen: 404416K->79072K(465920K)] 708988K->555004K(1864192K), 0.1618052 secs] [Times: user=0.97 sys=0.00, real=0.16 secs] 
5538.866: [GC (Allocation Failure) [PSYoungGen: 312032K->170592K(465920K)] 787964K->719777K(1864192K), 0.1503307 secs] [Times: user=0.89 sys=0.00, real=0.15 secs] 
5541.633: [GC (Allocation Failure) [PSYoungGen: 403552K->76768K(465920K)] 952737K->796673K(1864192K), 0.1446797 secs] [Times: user=0.86 sys=0.00, real=0.14 secs] 
5543.698: [GC (Allocation Failure) [PSYoungGen: 309728K->168800K(465920K)] 1029633K->959054K(1864192K), 0.1339569 secs] [Times: user=0.80 sys=0.00, real=0.13 secs] 
5546.128: [GC (Allocation Failure) [PSYoungGen: 401760K->78496K(465920K)] 1192014K->1037358K(1864192K), 0.1382642 secs] [Times: user=0.82 sys=0.00, real=0.14 secs] 
5546.542: [GC (Allocation Failure) [PSYoungGen: 311456K->176000K(465920K)] 1270318K->1207027K(1864192K), 0.0573377 secs] [Times: user=0.34 sys=0.00, real=0.06 secs] 
5549.138: [GC (Allocation Failure) [PSYoungGen: 408960K->76480K(465920K)] 1439987K->1283511K(1864192K), 0.1355349 secs] [Times: user=0.80 sys=0.00, real=0.14 secs] 
5549.273: [Full GC (Ergonomics) [PSYoungGen: 76480K->0K(465920K)] [ParOldGen: 1207031K->88093K(1398272K)] 1283511K->88093K(1864192K), [Metaspace: 59673K->59673K(1105920K)], 0.2176516 secs] [Times: user=1.01 sys=0.00, real=0.21 secs] 
5550.030: [GC (Allocation Failure) [PSYoungGen: 230858K->206400K(465920K)] 318951K->294493K(1864192K), 0.0396503 secs] [Times: user=0.23 sys=0.00, real=0.04 secs] 
5553.121: [GC (Allocation Failure) [PSYoungGen: 439360K->82304K(465920K)] 527453K->342137K(1864192K), 0.1169668 secs] [Times: user=0.69 sys=0.00, real=0.12 secs] 
5554.251: [GC (Allocation Failure) [PSYoungGen: 313874K->198752K(465920K)] 573707K->534765K(1864192K), 0.0658657 secs] [Times: user=0.39 sys=0.00, real=0.07 secs] 
5555.561: [GC (Allocation Failure) [PSYoungGen: 431712K->91520K(465920K)] 767725K->589557K(1864192K), 0.1016197 secs] [Times: user=0.60 sys=0.01, real=0.10 secs] 
5557.463: [GC (Allocation Failure) [PSYoungGen: 324480K->152512K(465920K)] 822517K->735453K(1864192K), 0.0603852 secs] [Times: user=0.36 sys=0.00, real=0.06 secs] 
5559.317: [GC (Allocation Failure) [PSYoungGen: 378267K->93088K(465920K)] 961208K->828669K(1864192K), 0.0981257 secs] [Times: user=0.58 sys=0.00, real=0.10 secs] 
5560.658: [GC (Allocation Failure) [PSYoungGen: 326048K->151328K(465920K)] 1061629K->973545K(1864192K), 0.0608114 secs] [Times: user=0.36 sys=0.00, real=0.06 secs] 
5562.544: [GC (Allocation Failure) [PSYoungGen: 384288K->106656K(465920K)] 1206505K->1079774K(1864192K), 0.0960294 secs] [Times: user=0.57 sys=0.00, real=0.09 secs] 
5563.876: [GC (Allocation Failure) [PSYoungGen: 339616K->149728K(465920K)] 1312734K->1210517K(1864192K), 0.0605835 secs] [Times: user=0.37 sys=0.00, real=0.06 secs] 
5565.991: [GC (Allocation Failure) [PSYoungGen: 382688K->114816K(348160K)] 1443477K->1325565K(1746432K), 0.0767739 secs] [Times: user=0.46 sys=0.00, real=0.08 secs] 
5566.067: [Full GC (Ergonomics) [PSYoungGen: 114816K->0K(348160K)] [ParOldGen: 1210749K->120651K(1398272K)] 1325565K->120651K(1746432K), [Metaspace: 59673K->59673K(1105920K)], 0.2774938 secs] [Times: user=1.27 sys=0.00, real=0.28 secs] 
5567.448: [GC (Allocation Failure) [PSYoungGen: 232960K->141152K(470528K)] 353611K->261803K(1868800K), 0.0522136 secs] [Times: user=0.31 sys=0.00, real=0.05 secs] 
5568.824: [GC (Allocation Failure) [PSYoungGen: 379744K->148864K(387584K)] 500395K->410895K(1785856K), 0.0764882 secs] [Times: user=0.45 sys=0.00, real=0.07 secs] 
5570.792: [GC (Allocation Failure) [PSYoungGen: 387456K->123616K(472064K)] 649487K->499662K(1870336K), 0.0621668 secs] [Times: user=0.37 sys=0.00, real=0.07 secs] 
5572.151: [GC (Allocation Failure) [PSYoungGen: 371936K->147456K(464384K)] 747982K->647262K(1862656K), 0.1250141 secs] [Times: user=0.75 sys=0.00, real=0.13 secs] 
5574.335: [GC (Allocation Failure) [PSYoungGen: 395776K->8032K(459264K)] 895582K->507862K(1857536K), 0.0030670 secs] [Times: user=0.02 sys=0.00, real=0.00 secs] 
5575.784: [GC (Allocation Failure) [PSYoungGen: 253280K->173760K(419328K)] 753110K->680319K(1817600K), 0.0486729 secs] [Times: user=0.29 sys=0.00, real=0.05 secs] 
5578.010: [GC (Allocation Failure) [PSYoungGen: 419008K->92928K(468480K)] 925567K->765187K(1866752K), 0.1162854 secs] [Times: user=0.69 sys=0.00, real=0.12 secs] 
5579.657: [GC (Allocation Failure) [PSYoungGen: 328448K->167424K(465920K)] 1000707K->929168K(1864192K), 0.0499342 secs] [Times: user=0.30 sys=0.00, real=0.05 secs] 
5582.593: [GC (Allocation Failure) [PSYoungGen: 402944K->84480K(466432K)] 1164688K->1013360K(1864704K), 0.1568035 secs] [Times: user=0.94 sys=0.00, real=0.15 secs] 
5583.991: [GC (Allocation Failure) [PSYoungGen: 317952K->182784K(465920K)] 1246832K->1192091K(1864192K), 0.0551786 secs] [Times: user=0.33 sys=0.00, real=0.06 secs] 
5586.764: [GC (Allocation Failure) [PSYoungGen: 416256K->81088K(465920K)] 1425563K->1256487K(1864192K), 0.1816208 secs] [Times: user=1.08 sys=0.00, real=0.18 secs] 
5586.946: [Full GC (Ergonomics) [PSYoungGen: 81088K->0K(465920K)] [ParOldGen: 1175399K->54661K(1398272K)] 1256487K->54661K(1864192K), [Metaspace: 59673K->59673K(1105920K)], 0.1573600 secs] [Times: user=0.72 sys=0.00, real=0.16 secs] 
5588.501: [GC (Allocation Failure) [PSYoungGen: 232960K->167584K(465920K)] 287621K->222245K(1864192K), 0.0356182 secs] [Times: user=0.21 sys=0.00, real=0.04 secs] 
5590.493: [GC (Allocation Failure) [PSYoungGen: 396611K->84032K(465920K)] 451272K->305789K(1864192K), 0.1782609 secs] [Times: user=1.07 sys=0.00, real=0.17 secs] 
5591.327: [GC (Allocation Failure) [PSYoungGen: 316992K->165056K(465920K)] 538749K->466886K(1864192K), 0.0541410 secs] [Times: user=0.32 sys=0.00, real=0.05 secs] 
5593.666: [GC (Allocation Failure) [PSYoungGen: 398016K->83520K(465920K)] 699846K->549630K(1864192K), 0.1468669 secs] [Times: user=0.88 sys=0.00, real=0.15 secs] 
5594.434: [GC (Allocation Failure) [PSYoungGen: 316480K->174944K(465920K)] 782590K->718403K(1864192K), 0.0561633 secs] [Times: user=0.33 sys=0.00, real=0.05 secs] 
5598.761: [GC (Allocation Failure) [PSYoungGen: 407904K->67168K(465920K)] 951363K->785707K(1864192K), 0.1258564 secs] [Times: user=0.75 sys=0.00, real=0.13 secs] 
5600.048: [GC (Allocation Failure) [PSYoungGen: 300128K->171520K(465920K)] 1018667K->951128K(1864192K), 0.1232491 secs] [Times: user=0.74 sys=0.00, real=0.12 secs] 
5602.495: [GC (Allocation Failure) [PSYoungGen: 404480K->87008K(465920K)] 1184088K->1037976K(1864192K), 0.1554656 secs] [Times: user=0.92 sys=0.01, real=0.15 secs] 
5604.330: [GC (Allocation Failure) [PSYoungGen: 319968K->167200K(465920K)] 1270936K->1199533K(1864192K), 0.1614500 secs] [Times: user=0.96 sys=0.00, real=0.16 secs] 
5606.618: [GC (Allocation Failure) [PSYoungGen: 400160K->90848K(465920K)] 1432493K->1289517K(1864192K), 0.1065797 secs] [Times: user=0.63 sys=0.00, real=0.11 secs] 
5606.725: [Full GC (Ergonomics) [PSYoungGen: 90848K->0K(465920K)] [ParOldGen: 1198669K->88224K(1398272K)] 1289517K->88224K(1864192K), [Metaspace: 59673K->59673K(1105920K)], 0.2040787 secs] [Times: user=0.91 sys=0.00, real=0.20 secs] 
5607.538: [GC (Allocation Failure) [PSYoungGen: 232960K->169600K(465920K)] 321184K->257824K(1864192K), 0.0688585 secs] [Times: user=0.41 sys=0.00, real=0.07 secs] 
5610.368: [GC (Allocation Failure) [PSYoungGen: 402560K->82272K(465920K)] 490784K->339648K(1864192K), 0.1185006 secs] [Times: user=0.70 sys=0.00, real=0.12 secs] 
5611.414: [GC (Allocation Failure) [PSYoungGen: 315232K->199616K(465920K)] 572608K->533377K(1864192K), 0.0633255 secs] [Times: user=0.37 sys=0.00, real=0.06 secs] 
5613.997: [GC (Allocation Failure) [PSYoungGen: 432576K->84032K(465920K)] 766337K->580713K(1864192K), 0.1079937 secs] [Times: user=0.64 sys=0.00, real=0.11 secs] 
5615.242: [GC (Allocation Failure) [PSYoungGen: 316992K->160256K(465920K)] 813673K->734092K(1864192K), 0.0597533 secs] [Times: user=0.35 sys=0.00, real=0.06 secs] 
5616.304: [GC (Allocation Failure) [PSYoungGen: 385289K->93184K(465920K)] 959125K->827548K(1864192K), 0.0796455 secs] [Times: user=0.48 sys=0.00, real=0.08 secs] 
5618.769: [GC (Allocation Failure) [PSYoungGen: 326144K->150880K(465920K)] 1060508K->971789K(1864192K), 0.0606725 secs] [Times: user=0.36 sys=0.00, real=0.06 secs] 
5619.984: [GC (Allocation Failure) [PSYoungGen: 383840K->100704K(465920K)] 1204749K->1072717K(1864192K), 0.0970742 secs] [Times: user=0.58 sys=0.00, real=0.09 secs] 
5621.722: [GC (Allocation Failure) [PSYoungGen: 333664K->147200K(465920K)] 1305677K->1209610K(1864192K), 0.0608439 secs] [Times: user=0.36 sys=0.00, real=0.07 secs] 
5622.686: [GC (Allocation Failure) [PSYoungGen: 380160K->111520K(455680K)] 1442570K->1321178K(1853952K), 0.0769521 secs] [Times: user=0.46 sys=0.00, real=0.08 secs] 
5622.763: [Full GC (Ergonomics) [PSYoungGen: 111520K->0K(455680K)] [ParOldGen: 1209658K->125587K(1398272K)] 1321178K->125587K(1853952K), [Metaspace: 59673K->59673K(1105920K)], 0.2897695 secs] [Times: user=1.32 sys=0.00, real=0.29 secs] 
5625.738: [GC (Allocation Failure) [PSYoungGen: 232960K->135872K(460800K)] 358547K->261459K(1859072K), 0.0499106 secs] [Times: user=0.30 sys=0.00, real=0.05 secs] 
5626.471: [GC (Allocation Failure) [PSYoungGen: 368832K->120192K(456192K)] 494419K->381939K(1854464K), 0.0837800 secs] [Times: user=0.50 sys=0.00, real=0.09 secs] 
5629.499: [GC (Allocation Failure) [PSYoungGen: 370048K->127584K(462848K)] 631795K->499346K(1861120K), 0.0620878 secs] [Times: user=0.37 sys=0.01, real=0.06 secs] 
5631.095: [GC (Allocation Failure) [PSYoungGen: 377440K->151744K(482816K)] 749202K->651002K(1881088K), 0.0592584 secs] [Times: user=0.35 sys=0.00, real=0.06 secs] 
5633.463: [GC (Allocation Failure) [PSYoungGen: 429760K->28672K(307200K)] 929018K->527954K(1705472K), 0.0068241 secs] [Times: user=0.04 sys=0.00, real=0.01 secs] 
5634.328: [GC (Allocation Failure) [PSYoungGen: 306688K->201312K(448512K)] 805970K->725559K(1846784K), 0.0489934 secs] [Times: user=0.28 sys=0.01, real=0.05 secs] 
5637.458: [GC (Allocation Failure) [PSYoungGen: 434272K->79136K(465920K)] 958519K->804507K(1864192K), 0.1563170 secs] [Times: user=0.93 sys=0.00, real=0.16 secs] 
5637.916: [GC (Allocation Failure) [PSYoungGen: 312096K->172992K(465920K)] 1037467K->971488K(1864192K), 0.0558044 secs] [Times: user=0.33 sys=0.00, real=0.05 secs] 
5641.837: [GC (Allocation Failure) [PSYoungGen: 405952K->74368K(465920K)] 1204448K->1045724K(1864192K), 0.1455347 secs] [Times: user=0.87 sys=0.00, real=0.14 secs] 
5642.375: [GC (Allocation Failure) [PSYoungGen: 305359K->208480K(465920K)] 1276715K->1247993K(1864192K), 0.0560897 secs] [Times: user=0.33 sys=0.00, real=0.05 secs] 
5645.558: [GC (Allocation Failure) [PSYoungGen: 441440K->77216K(465920K)] 1480953K->1291713K(1864192K), 0.1056205 secs] [Times: user=0.63 sys=0.00, real=0.11 secs] 
5645.663: [Full GC (Ergonomics) [PSYoungGen: 77216K->0K(465920K)] [ParOldGen: 1214497K->91234K(1398272K)] 1291713K->91234K(1864192K), [Metaspace: 59673K->59673K(1105920K)], 0.2212902 secs] [Times: user=1.00 sys=0.00, real=0.22 secs] 
5647.247: [GC (Allocation Failure) [PSYoungGen: 229639K->203744K(465920K)] 320873K->294978K(1864192K), 0.0495857 secs] [Times: user=0.29 sys=0.00, real=0.05 secs] 
5649.308: [GC (Allocation Failure) [PSYoungGen: 436704K->88640K(465920K)] 527938K->347090K(1864192K), 0.1129658 secs] [Times: user=0.67 sys=0.00, real=0.11 secs] 
5653.224: [GC (Allocation Failure) [PSYoungGen: 321600K->192736K(465920K)] 580050K->533483K(1864192K), 0.0602180 secs] [Times: user=0.36 sys=0.00, real=0.06 secs] 
5655.571: [GC (Allocation Failure) [PSYoungGen: 425696K->86368K(465920K)] 766443K->582963K(1864192K), 0.0973560 secs] [Times: user=0.58 sys=0.00, real=0.10 secs] 
5657.708: [GC (Allocation Failure) [PSYoungGen: 317888K->194720K(465920K)] 814483K->771495K(1864192K), 0.0662897 secs] [Times: user=0.39 sys=0.00, real=0.07 secs] 
5660.148: [GC (Allocation Failure) [PSYoungGen: 427680K->91520K(465920K)] 1004455K->826111K(1864192K), 0.1087035 secs] [Times: user=0.64 sys=0.00, real=0.11 secs] 
5662.448: [GC (Allocation Failure) [PSYoungGen: 322169K->193216K(465920K)] 1056760K->1009112K(1864192K), 0.0665291 secs] [Times: user=0.40 sys=0.00, real=0.07 secs] 
5663.205: [GC (Allocation Failure) [PSYoungGen: 422627K->92768K(465920K)] 1238523K->1065192K(1864192K), 0.0923748 secs] [Times: user=0.55 sys=0.00, real=0.09 secs] 
5666.570: [GC (Allocation Failure) [PSYoungGen: 321728K->187488K(465920K)] 1294152K->1246973K(1864192K), 0.0680144 secs] [Times: user=0.41 sys=0.00, real=0.07 secs] 
5667.548: [GC (Allocation Failure) [PSYoungGen: 420448K->92256K(465920K)] 1479933K->1302573K(1864192K), 0.0975375 secs] [Times: user=0.57 sys=0.00, real=0.10 secs] 
5667.645: [Full GC (Ergonomics) [PSYoungGen: 92256K->0K(465920K)] [ParOldGen: 1210317K->106270K(1398272K)] 1302573K->106270K(1864192K), [Metaspace: 59674K->59674K(1105920K)], 0.2496834 secs] [Times: user=1.13 sys=0.00, real=0.25 secs] 
5669.006: [GC (Allocation Failure) [PSYoungGen: 232960K->152768K(465920K)] 339230K->259038K(1864192K), 0.0436660 secs] [Times: user=0.25 sys=0.01, real=0.04 secs] 
5670.814: [GC (Allocation Failure) [PSYoungGen: 378187K->93280K(465920K)] 484457K->351770K(1864192K), 0.0920856 secs] [Times: user=0.55 sys=0.01, real=0.09 secs] 
5672.020: [GC (Allocation Failure) [PSYoungGen: 326240K->150784K(465920K)] 584730K->495806K(1864192K), 0.0601389 secs] [Times: user=0.36 sys=0.00, real=0.06 secs] 
5673.736: [GC (Allocation Failure) [PSYoungGen: 383744K->101856K(465920K)] 728766K->597775K(1864192K), 0.0921512 secs] [Times: user=0.55 sys=0.00, real=0.09 secs] 
5675.716: [GC (Allocation Failure) [PSYoungGen: 334816K->146016K(465920K)] 830735K->733314K(1864192K), 0.0606970 secs] [Times: user=0.36 sys=0.00, real=0.06 secs] 
5678.052: [GC (Allocation Failure) [PSYoungGen: 378976K->105728K(465920K)] 966274K->839274K(1864192K), 0.0882568 secs] [Times: user=0.53 sys=0.00, real=0.09 secs] 
5680.410: [GC (Allocation Failure) [PSYoungGen: 338688K->142112K(460800K)] 1072234K->970979K(1859072K), 0.0612804 secs] [Times: user=0.36 sys=0.00, real=0.06 secs] 
5682.680: [GC (Allocation Failure) [PSYoungGen: 375072K->119200K(352256K)] 1203939K->1090175K(1750528K), 0.0851254 secs] [Times: user=0.50 sys=0.00, real=0.09 secs] 
5683.983: [GC (Allocation Failure) [PSYoungGen: 352160K->136928K(469504K)] 1323135K->1208370K(1867776K), 0.0617268 secs] [Times: user=0.37 sys=0.00, real=0.06 secs] 
5684.744: [GC (Allocation Failure) [PSYoungGen: 384224K->139776K(462848K)] 1455666K->1348362K(1861120K), 0.0606271 secs] [Times: user=0.36 sys=0.00, real=0.06 secs] 
5684.804: [Full GC (Ergonomics) [PSYoungGen: 139776K->0K(462848K)] [ParOldGen: 1208586K->153723K(1398272K)] 1348362K->153723K(1861120K), [Metaspace: 59674K->59674K(1105920K)], 0.3560961 secs] [Times: user=1.63 sys=0.01, real=0.35 secs] 
5686.805: [GC (Allocation Failure) [PSYoungGen: 247296K->111040K(476672K)] 401019K->264763K(1874944K), 0.0431361 secs] [Times: user=0.26 sys=0.00, real=0.04 secs] 
5689.280: [GC (Allocation Failure) [PSYoungGen: 376768K->187968K(472064K)] 530491K->451412K(1870336K), 0.0603039 secs] [Times: user=0.35 sys=0.00, real=0.06 secs] 
5691.477: [GC (Allocation Failure) [PSYoungGen: 453696K->110560K(482816K)] 717140K->545380K(1881088K), 0.1751944 secs] [Times: user=1.05 sys=0.00, real=0.17 secs] 
5692.386: [GC (Allocation Failure) [PSYoungGen: 373216K->191168K(454144K)] 808036K->732309K(1852416K), 0.0576399 secs] [Times: user=0.34 sys=0.00, real=0.06 secs] 
5695.273: [GC (Allocation Failure) [PSYoungGen: 449233K->98880K(472064K)] 990375K->831421K(1870336K), 0.1167311 secs] [Times: user=0.69 sys=0.00, real=0.11 secs] 
5696.515: [GC (Allocation Failure) [PSYoungGen: 341568K->150880K(393728K)] 1074109K->975806K(1792000K), 0.0635211 secs] [Times: user=0.38 sys=0.00, real=0.06 secs] 
5698.743: [GC (Allocation Failure) [PSYoungGen: 393568K->112384K(471040K)] 1218494K->1088110K(1869312K), 0.0789548 secs] [Times: user=0.47 sys=0.00, real=0.08 secs] 
5700.002: [GC (Allocation Failure) [PSYoungGen: 359680K->135264K(466432K)] 1335406K->1213219K(1864704K), 0.0624241 secs] [Times: user=0.37 sys=0.00, real=0.07 secs] 
5702.537: [GC (Allocation Failure) [PSYoungGen: 382560K->144384K(470528K)] 1460515K->1357579K(1868800K), 0.0617262 secs] [Times: user=0.36 sys=0.00, real=0.06 secs] 
5702.599: [Full GC (Ergonomics) [PSYoungGen: 144384K->0K(470528K)] [ParOldGen: 1213195K->158352K(1398272K)] 1357579K->158352K(1868800K), [Metaspace: 59674K->59674K(1105920K)], 0.3779660 secs] [Times: user=1.75 sys=0.01, real=0.38 secs] 
5704.887: [GC (Allocation Failure) [PSYoungGen: 259584K->112000K(466944K)] 417936K->270352K(1865216K), 0.0383608 secs] [Times: user=0.23 sys=0.00, real=0.04 secs] 
5706.248: [GC (Allocation Failure) [PSYoungGen: 360748K->175584K(476160K)] 519100K->444100K(1874432K), 0.0590832 secs] [Times: user=0.35 sys=0.00, real=0.06 secs] 
5709.068: [GC (Allocation Failure) [PSYoungGen: 445678K->112832K(484864K)] 714195K->548208K(1883136K), 0.1761532 secs] [Times: user=1.05 sys=0.01, real=0.18 secs] 
5710.294: [GC (Allocation Failure) [PSYoungGen: 384704K->209376K(442368K)] 820080K->771497K(1840640K), 0.0654341 secs] [Times: user=0.37 sys=0.02, real=0.06 secs] 
5712.521: [GC (Allocation Failure) [PSYoungGen: 442336K->87200K(465920K)] 1004457K->825625K(1864192K), 0.1204485 secs] [Times: user=0.71 sys=0.00, real=0.12 secs] 
5713.700: [GC (Allocation Failure) [PSYoungGen: 319380K->198368K(465920K)] 1057806K->1013378K(1864192K), 0.0673567 secs] [Times: user=0.40 sys=0.00, real=0.07 secs] 
5715.971: [GC (Allocation Failure) [PSYoungGen: 431328K->90560K(465920K)] 1246338K->1066906K(1864192K), 0.1119179 secs] [Times: user=0.66 sys=0.00, real=0.12 secs] 
5717.460: [GC (Allocation Failure) [PSYoungGen: 323520K->154240K(465920K)] 1299866K->1214813K(1864192K), 0.0613409 secs] [Times: user=0.36 sys=0.00, real=0.06 secs] 
5720.000: [GC (Allocation Failure) [PSYoungGen: 382387K->93056K(465920K)] 1442961K->1307385K(1864192K), 0.1040329 secs] [Times: user=0.63 sys=0.00, real=0.11 secs] 
5720.104: [Full GC (Ergonomics) [PSYoungGen: 93056K->0K(465920K)] [ParOldGen: 1214329K->107186K(1398272K)] 1307385K->107186K(1864192K), [Metaspace: 59674K->59674K(1105920K)], 0.2659264 secs] [Times: user=1.23 sys=0.00, real=0.26 secs] 
5721.885: [GC (Allocation Failure) [PSYoungGen: 232960K->151008K(465920K)] 340146K->258194K(1864192K), 0.0428857 secs] [Times: user=0.26 sys=0.00, real=0.04 secs] 
5724.113: [GC (Allocation Failure) [PSYoungGen: 383968K->115040K(465920K)] 491154K->373291K(1864192K), 0.0819965 secs] [Times: user=0.48 sys=0.00, real=0.08 secs] 
5726.289: [GC (Allocation Failure) [PSYoungGen: 348000K->149696K(465920K)] 606251K->496087K(1864192K), 0.0601400 secs] [Times: user=0.36 sys=0.00, real=0.06 secs] 
5728.574: [GC (Allocation Failure) [PSYoungGen: 382656K->103904K(465920K)] 729047K->599823K(1864192K), 0.0917337 secs] [Times: user=0.55 sys=0.00, real=0.09 secs] 
5729.792: [GC (Allocation Failure) [PSYoungGen: 336864K->144288K(462848K)] 832783K->733672K(1861120K), 0.0608813 secs] [Times: user=0.36 sys=0.00, real=0.07 secs] 
5731.469: [GC (Allocation Failure) [PSYoungGen: 377248K->110272K(464384K)] 966632K->843820K(1862656K), 0.0892419 secs] [Times: user=0.52 sys=0.00, real=0.09 secs] 
5733.454: [GC (Allocation Failure) [PSYoungGen: 343232K->137920K(454144K)] 1076780K->971073K(1852416K), 0.0619465 secs] [Times: user=0.36 sys=0.00, real=0.06 secs] 
5734.537: [GC (Allocation Failure) [PSYoungGen: 378560K->128864K(459264K)] 1211713K->1099833K(1857536K), 0.0611424 secs] [Times: user=0.36 sys=0.00, real=0.06 secs] 
5736.587: [GC (Allocation Failure) [PSYoungGen: 369504K->1568K(456704K)] 1340473K->972561K(1854976K), 0.0021834 secs] [Times: user=0.01 sys=0.00, real=0.00 secs] 
5738.305: [GC (Allocation Failure) [PSYoungGen: 246816K->150432K(472064K)] 1217809K->1122390K(1870336K), 0.0301978 secs] [Times: user=0.18 sys=0.00, real=0.03 secs] 
5740.685: [GC (Allocation Failure) [PSYoungGen: 395680K->10176K(459776K)] 1367638K->982222K(1858048K), 0.0046327 secs] [Times: user=0.02 sys=0.00, real=0.00 secs] 
5742.318: [GC (Allocation Failure) [PSYoungGen: 243136K->160512K(465920K)] 1215182K->1140871K(1864192K), 0.0342060 secs] [Times: user=0.20 sys=0.00, real=0.03 secs] 
5743.443: [GC (Allocation Failure) [PSYoungGen: 393472K->94720K(465920K)] 1373831K->1226575K(1864192K), 0.0666789 secs] [Times: user=0.40 sys=0.00, real=0.06 secs] 
5744.536: [GC (Allocation Failure) [PSYoungGen: 327680K->167584K(465920K)] 1459535K->1392244K(1864192K), 0.0591977 secs] [Times: user=0.35 sys=0.00, real=0.06 secs] 
5744.596: [Full GC (Ergonomics) [PSYoungGen: 167584K->0K(465920K)] [ParOldGen: 1224660K->195326K(1398272K)] 1392244K->195326K(1864192K), [Metaspace: 59674K->59674K(1105920K)], 0.4736704 secs] [Times: user=2.21 sys=0.00, real=0.47 secs] 
5748.323: [GC (Allocation Failure) [PSYoungGen: 232960K->82848K(465920K)] 428286K->278174K(1864192K), 0.0284305 secs] [Times: user=0.17 sys=0.00, real=0.02 secs] 
5750.117: [GC (Allocation Failure) [PSYoungGen: 315808K->172640K(465920K)] 511134K->448960K(1864192K), 0.0865970 secs] [Times: user=0.52 sys=0.00, real=0.09 secs] 
5752.122: [GC (Allocation Failure) [PSYoungGen: 405399K->92864K(465920K)] 681719K->525208K(1864192K), 0.0658227 secs] [Times: user=0.39 sys=0.00, real=0.07 secs] 
5753.784: [GC (Allocation Failure) [PSYoungGen: 322243K->160064K(465920K)] 754587K->683073K(1864192K), 0.0514209 secs] [Times: user=0.31 sys=0.00, real=0.05 secs] 
5756.386: [GC (Allocation Failure) [PSYoungGen: 393024K->92608K(465920K)] 916033K->766865K(1864192K), 0.0884420 secs] [Times: user=0.53 sys=0.00, real=0.09 secs] 
5757.502: [GC (Allocation Failure) [PSYoungGen: 317555K->159616K(465920K)] 991812K->921486K(1864192K), 0.0582986 secs] [Times: user=0.34 sys=0.01, real=0.06 secs] 
5760.604: [GC (Allocation Failure) [PSYoungGen: 392576K->88256K(463872K)] 1154446K->1001094K(1862144K), 0.0763799 secs] [Times: user=0.46 sys=0.00, real=0.07 secs] 
5761.969: [GC (Allocation Failure) [PSYoungGen: 319280K->161184K(464896K)] 1232118K->1160394K(1863168K), 0.0980466 secs] [Times: user=0.58 sys=0.00, real=0.10 secs] 
5763.915: [GC (Allocation Failure) [PSYoungGen: 394144K->90752K(462848K)] 1393354K->1242346K(1861120K), 0.0859712 secs] [Times: user=0.51 sys=0.01, real=0.08 secs] 
5765.911: [GC (Allocation Failure) [PSYoungGen: 311711K->159200K(464384K)] 1463306K->1398743K(1862656K), 0.1324559 secs] [Times: user=0.78 sys=0.00, real=0.14 secs] 
5766.043: [Full GC (Ergonomics) [PSYoungGen: 159200K->0K(464384K)] [ParOldGen: 1239543K->196232K(1398272K)] 1398743K->196232K(1862656K), [Metaspace: 59674K->59674K(1105920K)], 0.5388340 secs] [Times: user=2.60 sys=0.00, real=0.53 secs] 
5768.944: [GC (Allocation Failure) [PSYoungGen: 233984K->86720K(463872K)] 430216K->282952K(1862144K), 0.0403103 secs] [Times: user=0.24 sys=0.00, real=0.04 secs] 
5769.942: [GC (Allocation Failure) [PSYoungGen: 312947K->162560K(464896K)] 509180K->443521K(1863168K), 0.0470799 secs] [Times: user=0.27 sys=0.00, real=0.05 secs] 
5772.561: [GC (Allocation Failure) [PSYoungGen: 398080K->90368K(464896K)] 679041K->525345K(1863168K), 0.0830686 secs] [Times: user=0.49 sys=0.00, real=0.09 secs] 
5773.487: [GC (Allocation Failure) [PSYoungGen: 326912K->169952K(465408K)] 761889K->692114K(1863680K), 0.0489705 secs] [Times: user=0.29 sys=0.00, real=0.05 secs] 
5775.579: [GC (Allocation Failure) [PSYoungGen: 406496K->84192K(466432K)] 928658K->776090K(1864704K), 0.1195970 secs] [Times: user=0.71 sys=0.00, real=0.12 secs] 
5776.510: [GC (Allocation Failure) [PSYoungGen: 317664K->169440K(465920K)] 1009562K->941635K(1864192K), 0.0531468 secs] [Times: user=0.32 sys=0.00, real=0.06 secs] 
5781.136: [GC (Allocation Failure) [PSYoungGen: 402912K->81664K(465920K)] 1175107K->1023211K(1864192K), 0.1058344 secs] [Times: user=0.62 sys=0.00, real=0.10 secs] 
5782.042: [GC (Allocation Failure) [PSYoungGen: 314624K->164256K(465920K)] 1256171K->1183312K(1864192K), 0.0532371 secs] [Times: user=0.32 sys=0.00, real=0.06 secs] 
5784.007: [GC (Allocation Failure) [PSYoungGen: 397216K->84896K(465920K)] 1416272K->1267404K(1864192K), 0.1593687 secs] [Times: user=0.94 sys=0.01, real=0.16 secs] 
5784.166: [Full GC (Ergonomics) [PSYoungGen: 84896K->0K(465920K)] [ParOldGen: 1182508K->67471K(1398272K)] 1267404K->67471K(1864192K), [Metaspace: 59674K->59674K(1105920K)], 0.1776740 secs] [Times: user=0.82 sys=0.00, real=0.18 secs] 
5784.854: [GC (Allocation Failure) [PSYoungGen: 232960K->173184K(465920K)] 300431K->240655K(1864192K), 0.0377737 secs] [Times: user=0.22 sys=0.00, real=0.03 secs] 
5788.181: [GC (Allocation Failure) [PSYoungGen: 406144K->72352K(465920K)] 473615K->312823K(1864192K), 0.1717985 secs] [Times: user=1.02 sys=0.00, real=0.18 secs] 
5788.840: [GC (Allocation Failure) [PSYoungGen: 305312K->174048K(465920K)] 545783K->480792K(1864192K), 0.0572654 secs] [Times: user=0.31 sys=0.00, real=0.06 secs] 
5790.997: [GC (Allocation Failure) [PSYoungGen: 407008K->83616K(465920K)] 713752K->564136K(1864192K), 0.1339656 secs] [Times: user=0.80 sys=0.00, real=0.13 secs] 
5791.838: [GC (Allocation Failure) [PSYoungGen: 316576K->172960K(465920K)] 797096K->731085K(1864192K), 0.0927393 secs] [Times: user=0.56 sys=0.00, real=0.09 secs] 
5793.928: [GC (Allocation Failure) [PSYoungGen: 405920K->81824K(465920K)] 964045K->813097K(1864192K), 0.1299695 secs] [Times: user=0.77 sys=0.00, real=0.13 secs] 
5795.887: [GC (Allocation Failure) [PSYoungGen: 313850K->200160K(465920K)] 1045124K->1007134K(1864192K), 0.0611219 secs] [Times: user=0.36 sys=0.00, real=0.06 secs] 
5798.790: [GC (Allocation Failure) [PSYoungGen: 433120K->77184K(465920K)] 1240094K->1050750K(1864192K), 0.1276065 secs] [Times: user=0.77 sys=0.00, real=0.13 secs] 
5799.934: [GC (Allocation Failure) [PSYoungGen: 310144K->203904K(465920K)] 1283710K->1248323K(1864192K), 0.0662825 secs] [Times: user=0.39 sys=0.00, real=0.06 secs] 
5802.485: [GC (Allocation Failure) [PSYoungGen: 436864K->84736K(465920K)] 1481283K->1296435K(1864192K), 0.1300451 secs] [Times: user=0.77 sys=0.00, real=0.13 secs] 
5802.615: [Full GC (Ergonomics) [PSYoungGen: 84736K->0K(465920K)] [ParOldGen: 1211699K->99810K(1398272K)] 1296435K->99810K(1864192K), [Metaspace: 59674K->59674K(1105920K)], 0.2457006 secs] [Times: user=1.14 sys=0.00, real=0.24 secs] 
5803.972: [GC (Allocation Failure) [PSYoungGen: 232960K->160288K(465920K)] 332770K->260098K(1864192K), 0.0462440 secs] [Times: user=0.27 sys=0.00, real=0.05 secs] 
5806.161: [GC (Allocation Failure) [PSYoungGen: 393248K->92192K(465920K)] 493058K->352146K(1864192K), 0.1043747 secs] [Times: user=0.62 sys=0.00, real=0.11 secs] 
5807.383: [GC (Allocation Failure) [PSYoungGen: 325152K->151840K(465920K)] 585106K->497455K(1864192K), 0.0602993 secs] [Times: user=0.36 sys=0.00, real=0.06 secs] 
5808.679: [GC (Allocation Failure) [PSYoungGen: 384800K->118048K(465920K)] 730415K->615587K(1864192K), 0.0979694 secs] [Times: user=0.58 sys=0.01, real=0.10 secs] 
5810.748: [GC (Allocation Failure) [PSYoungGen: 351008K->146368K(465920K)] 848547K->734922K(1864192K), 0.0609235 secs] [Times: user=0.36 sys=0.00, real=0.06 secs] 
5812.495: [GC (Allocation Failure) [PSYoungGen: 379328K->105664K(465920K)] 967882K->840634K(1864192K), 0.0874808 secs] [Times: user=0.52 sys=0.00, real=0.08 secs] 
5813.977: [GC (Allocation Failure) [PSYoungGen: 338624K->142720K(375808K)] 1073594K->972519K(1774080K), 0.0612628 secs] [Times: user=0.36 sys=0.00, real=0.06 secs] 
5816.552: [GC (Allocation Failure) [PSYoungGen: 375680K->114304K(467968K)] 1205479K->1086767K(1866240K), 0.0808365 secs] [Times: user=0.48 sys=0.00, real=0.09 secs] 
5818.362: [GC (Allocation Failure) [PSYoungGen: 354432K->133568K(460800K)] 1326895K->1209976K(1859072K), 0.0620509 secs] [Times: user=0.37 sys=0.00, real=0.07 secs] 
5821.001: [GC (Allocation Failure) [PSYoungGen: 373696K->138912K(468480K)] 1450104K->1349060K(1866752K), 0.0706046 secs] [Times: user=0.42 sys=0.00, real=0.07 secs] 
5821.072: [Full GC (Ergonomics) [PSYoungGen: 138912K->0K(468480K)] [ParOldGen: 1210148K->145821K(1398272K)] 1349060K->145821K(1866752K), [Metaspace: 59674K->59674K(1105920K)], 0.3294200 secs] [Times: user=1.51 sys=0.00, real=0.33 secs] 
5822.524: [GC (Allocation Failure) [PSYoungGen: 254976K->121824K(463872K)] 400797K->267645K(1862144K), 0.0419338 secs] [Times: user=0.25 sys=0.01, real=0.04 secs] 
5824.212: [GC (Allocation Failure) [PSYoungGen: 376800K->169856K(471040K)] 522621K->436482K(1869312K), 0.1080407 secs] [Times: user=0.64 sys=0.00, real=0.11 secs] 
5826.159: [GC (Allocation Failure) [PSYoungGen: 438656K->117440K(478720K)] 705282K->545254K(1876992K), 0.0758983 secs] [Times: user=0.45 sys=0.00, real=0.08 secs] 
5828.480: [GC (Allocation Failure) [PSYoungGen: 386240K->186592K(467456K)] 814054K->728427K(1865728K), 0.1196874 secs] [Times: user=0.71 sys=0.01, real=0.12 secs] 
5831.004: [GC (Allocation Failure) [PSYoungGen: 449248K->102944K(480768K)] 991083K->831515K(1879040K), 0.1185332 secs] [Times: user=0.70 sys=0.00, real=0.11 secs] 
5833.088: [GC (Allocation Failure) [PSYoungGen: 365600K->153760K(477184K)] 1094171K->978871K(1875456K), 0.0643774 secs] [Times: user=0.39 sys=0.00, real=0.06 secs] 
5834.693: [GC (Allocation Failure) [PSYoungGen: 418976K->143360K(480256K)] 1244087K->1122032K(1878528K), 0.0635817 secs] [Times: user=0.38 sys=0.00, real=0.06 secs] 
5836.917: [GC (Allocation Failure) [PSYoungGen: 408576K->14048K(462336K)] 1387248K->992824K(1860608K), 0.0058395 secs] [Times: user=0.03 sys=0.00, real=0.01 secs] 
5837.995: [GC (Allocation Failure) [PSYoungGen: 256148K->170720K(423424K)] 1234924K->1161480K(1821696K), 0.0369538 secs] [Times: user=0.21 sys=0.00, real=0.03 secs] 
5840.609: [GC (Allocation Failure) [PSYoungGen: 423136K->101728K(473600K)] 1413896K->1254508K(1871872K), 0.0999451 secs] [Times: user=0.60 sys=0.00, real=0.10 secs] 
5840.709: [Full GC (Ergonomics) [PSYoungGen: 101728K->0K(473600K)] [ParOldGen: 1152780K->52304K(1398272K)] 1254508K->52304K(1871872K), [Metaspace: 59674K->59674K(1105920K)], 0.1071852 secs] [Times: user=0.44 sys=0.00, real=0.11 secs] 
5841.686: [GC (Allocation Failure) [PSYoungGen: 242688K->174368K(417280K)] 294992K->226672K(1815552K), 0.0363628 secs] [Times: user=0.21 sys=0.01, real=0.04 secs] 
5844.317: [GC (Allocation Failure) [PSYoungGen: 417056K->86336K(468480K)] 469360K->312672K(1866752K), 0.1537817 secs] [Times: user=0.92 sys=0.00, real=0.15 secs] 
5845.292: [GC (Allocation Failure) [PSYoungGen: 321856K->177024K(465920K)] 548192K->483865K(1864192K), 0.0976341 secs] [Times: user=0.58 sys=0.00, real=0.10 secs] 
5848.970: [GC (Allocation Failure) [PSYoungGen: 412544K->74752K(465920K)] 719385K->558829K(1864192K), 0.1504201 secs] [Times: user=0.89 sys=0.00, real=0.15 secs] 
5849.390: [GC (Allocation Failure) [PSYoungGen: 307712K->173760K(465920K)] 791789K->726492K(1864192K), 0.0555245 secs] [Times: user=0.33 sys=0.00, real=0.06 secs] 
5852.929: [GC (Allocation Failure) [PSYoungGen: 406720K->74688K(465920K)] 959452K->800568K(1864192K), 0.1559627 secs] [Times: user=0.93 sys=0.00, real=0.16 secs] 
5853.374: [GC (Allocation Failure) [PSYoungGen: 307648K->210816K(465920K)] 1033528K->1005421K(1864192K), 0.0575406 secs] [Times: user=0.35 sys=0.00, real=0.05 secs] 
5856.882: [GC (Allocation Failure) [PSYoungGen: 443776K->74592K(465920K)] 1238381K->1047517K(1864192K), 0.1442416 secs] [Times: user=0.86 sys=0.00, real=0.15 secs] 
5857.595: [GC (Allocation Failure) [PSYoungGen: 303598K->204032K(465920K)] 1276523K->1245338K(1864192K), 0.0587440 secs] [Times: user=0.35 sys=0.00, real=0.06 secs] 
5860.780: [GC (Allocation Failure) [PSYoungGen: 436992K->79840K(465920K)] 1478298K->1290634K(1864192K), 0.1326923 secs] [Times: user=0.79 sys=0.00, real=0.14 secs] 
5860.913: [Full GC (Ergonomics) [PSYoungGen: 79840K->0K(465920K)] [ParOldGen: 1210794K->93617K(1398272K)] 1290634K->93617K(1864192K), [Metaspace: 59674K->59674K(1105920K)], 0.2555311 secs] [Times: user=1.20 sys=0.00, real=0.25 secs] 
5862.138: [GC (Allocation Failure) [PSYoungGen: 230492K->201632K(465920K)] 324109K->295249K(1864192K), 0.0492825 secs] [Times: user=0.30 sys=0.00, real=0.05 secs] 
5863.996: [GC (Allocation Failure) [PSYoungGen: 434592K->85152K(465920K)] 528209K->343849K(1864192K), 0.1075059 secs] [Times: user=0.64 sys=0.00, real=0.11 secs] 
5865.602: [GC (Allocation Failure) [PSYoungGen: 318112K->160128K(465920K)] 576809K->496412K(1864192K), 0.0598822 secs] [Times: user=0.36 sys=0.00, real=0.06 secs] 
5866.725: [GC (Allocation Failure) [PSYoungGen: 387367K->93280K(465920K)] 723651K->589892K(1864192K), 0.1039525 secs] [Times: user=0.62 sys=0.00, real=0.10 secs] 
5867.937: [GC (Allocation Failure) [PSYoungGen: 326240K->151776K(465920K)] 822852K->734961K(1864192K), 0.0606556 secs] [Times: user=0.36 sys=0.00, real=0.06 secs] 
5870.776: [GC (Allocation Failure) [PSYoungGen: 376802K->92800K(465920K)] 959987K->827281K(1864192K), 0.0970055 secs] [Times: user=0.57 sys=0.00, real=0.10 secs] 
5872.062: [GC (Allocation Failure) [PSYoungGen: 325760K->150720K(465920K)] 1060241K->971765K(1864192K), 0.0608654 secs] [Times: user=0.36 sys=0.00, real=0.07 secs] 
5874.496: [GC (Allocation Failure) [PSYoungGen: 378050K->93184K(465920K)] 1199095K->1064893K(1864192K), 0.1040837 secs] [Times: user=0.62 sys=0.01, real=0.10 secs] 
5876.439: [GC (Allocation Failure) [PSYoungGen: 326144K->150912K(465920K)] 1297853K->1209198K(1864192K), 0.0607708 secs] [Times: user=0.36 sys=0.00, real=0.06 secs] 
5877.989: [GC (Allocation Failure) [PSYoungGen: 383872K->98048K(465920K)] 1442158K->1307054K(1864192K), 0.0895397 secs] [Times: user=0.53 sys=0.00, real=0.09 secs] 
5878.079: [Full GC (Ergonomics) [PSYoungGen: 98048K->0K(465920K)] [ParOldGen: 1209006K->112123K(1398272K)] 1307054K->112123K(1864192K), [Metaspace: 59674K->59674K(1105920K)], 0.2592923 secs] [Times: user=1.18 sys=0.00, real=0.26 secs] 
5879.771: [GC (Allocation Failure) [PSYoungGen: 232960K->149984K(465920K)] 345083K->262107K(1864192K), 0.0550784 secs] [Times: user=0.32 sys=0.00, real=0.06 secs] 
5880.567: [GC (Allocation Failure) [PSYoungGen: 382944K->109216K(453632K)] 495067K->371611K(1851904K), 0.1154135 secs] [Times: user=0.68 sys=0.01, real=0.11 secs] 
5882.476: [GC (Allocation Failure) [PSYoungGen: 342176K->139392K(459776K)] 604571K->500120K(1858048K), 0.0607284 secs] [Times: user=0.36 sys=0.00, real=0.06 secs] 
5883.802: [GC (Allocation Failure) [PSYoungGen: 372352K->120672K(455168K)] 733080K->620928K(1853440K), 0.0768091 secs] [Times: user=0.46 sys=0.00, real=0.08 secs] 
5885.379: [GC (Allocation Failure) [PSYoungGen: 371552K->1056K(463872K)] 871808K->501336K(1862144K), 0.0019784 secs] [Times: user=0.01 sys=0.00, real=0.00 secs] 
5886.888: [GC (Allocation Failure) [PSYoungGen: 251936K->158144K(463360K)] 752216K->658940K(1861632K), 0.0310588 secs] [Times: user=0.19 sys=0.00, real=0.03 secs] 
5888.849: [GC (Allocation Failure) [PSYoungGen: 395200K->9120K(246272K)] 895996K->510068K(1644544K), 0.0030471 secs] [Times: user=0.02 sys=0.00, real=0.00 secs] 
5890.979: [GC (Allocation Failure) [PSYoungGen: 246176K->166400K(465920K)] 747124K->674853K(1864192K), 0.0347374 secs] [Times: user=0.21 sys=0.00, real=0.04 secs] 
5892.117: [GC (Allocation Failure) [PSYoungGen: 399360K->91712K(465920K)] 907813K->757949K(1864192K), 0.0682458 secs] [Times: user=0.40 sys=0.00, real=0.07 secs] 
5894.595: [GC (Allocation Failure) [PSYoungGen: 324672K->162720K(465920K)] 990909K->918426K(1864192K), 0.0497676 secs] [Times: user=0.29 sys=0.00, real=0.05 secs] 
5896.014: [GC (Allocation Failure) [PSYoungGen: 395680K->94144K(465920K)] 1151386K->1003930K(1864192K), 0.0678271 secs] [Times: user=0.41 sys=0.00, real=0.06 secs] 
5898.369: [GC (Allocation Failure) [PSYoungGen: 323207K->160288K(465920K)] 1232994K->1161979K(1864192K), 0.0500895 secs] [Times: user=0.30 sys=0.00, real=0.05 secs] 
5899.561: [GC (Allocation Failure) [PSYoungGen: 393248K->93792K(327168K)] 1394939K->1246675K(1725440K), 0.0688732 secs] [Times: user=0.41 sys=0.00, real=0.07 secs] 
5899.630: [Full GC (Ergonomics) [PSYoungGen: 93792K->0K(327168K)] [ParOldGen: 1152883K->43527K(1398272K)] 1246675K->43527K(1725440K), [Metaspace: 59674K->59674K(1105920K)], 0.0861225 secs] [Times: user=0.34 sys=0.00, real=0.09 secs] 
5900.795: [GC (Allocation Failure) [PSYoungGen: 232960K->182848K(464896K)] 276487K->226375K(1863168K), 0.0361339 secs] [Times: user=0.21 sys=0.00, real=0.03 secs] 
5902.948: [GC (Allocation Failure) [PSYoungGen: 415296K->84224K(465408K)] 458823K->293691K(1863680K), 0.0759894 secs] [Times: user=0.45 sys=0.00, real=0.08 secs] 
5903.750: [GC (Allocation Failure) [PSYoungGen: 316672K->169408K(465920K)] 526139K->459648K(1864192K), 0.0541181 secs] [Times: user=0.32 sys=0.01, real=0.06 secs] 
5906.626: [GC (Allocation Failure) [PSYoungGen: 402368K->80544K(465920K)] 692608K->540192K(1864192K), 0.1585329 secs] [Times: user=0.95 sys=0.00, real=0.16 secs] 
5907.803: [GC (Allocation Failure) [PSYoungGen: 313504K->163552K(465920K)] 773152K->700527K(1864192K), 0.1078968 secs] [Times: user=0.65 sys=0.00, real=0.10 secs] 
5910.177: [GC (Allocation Failure) [PSYoungGen: 396512K->84000K(465920K)] 933487K->784307K(1864192K), 0.0787139 secs] [Times: user=0.47 sys=0.00, real=0.08 secs] 
5910.624: [GC (Allocation Failure) [PSYoungGen: 316960K->188800K(465920K)] 1017267K->967624K(1864192K), 0.0551680 secs] [Times: user=0.32 sys=0.00, real=0.05 secs] 
5913.238: [GC (Allocation Failure) [PSYoungGen: 421760K->79968K(465920K)] 1200584K->1031052K(1864192K), 0.1209113 secs] [Times: user=0.71 sys=0.01, real=0.12 secs] 
5914.396: [GC (Allocation Failure) [PSYoungGen: 312928K->172576K(465920K)] 1264012K->1198189K(1864192K), 0.0898577 secs] [Times: user=0.54 sys=0.00, real=0.09 secs] 
5917.491: [GC (Allocation Failure) [PSYoungGen: 405536K->79040K(465920K)] 1431149K->1277461K(1864192K), 0.1491410 secs] [Times: user=0.88 sys=0.00, real=0.15 secs] 
5917.641: [Full GC (Ergonomics) [PSYoungGen: 79040K->0K(465920K)] [ParOldGen: 1198421K->81059K(1398272K)] 1277461K->81059K(1864192K), [Metaspace: 59675K->59675K(1105920K)], 0.2065215 secs] [Times: user=0.96 sys=0.00, real=0.21 secs] 
5918.118: [GC (Allocation Failure) [PSYoungGen: 232960K->210144K(465920K)] 314019K->291203K(1864192K), 0.0380656 secs] [Times: user=0.23 sys=0.00, real=0.04 secs] 
5920.818: [GC (Allocation Failure) [PSYoungGen: 443104K->75008K(465920K)] 524163K->333531K(1864192K), 0.1354776 secs] [Times: user=0.81 sys=0.00, real=0.14 secs] 
5921.395: [GC (Allocation Failure) [PSYoungGen: 306147K->203648K(465920K)] 564670K->530931K(1864192K), 0.0547498 secs] [Times: user=0.33 sys=0.00, real=0.05 secs] 
5924.278: [GC (Allocation Failure) [PSYoungGen: 436608K->83776K(465920K)] 763891K->580495K(1864192K), 0.1161832 secs] [Times: user=0.69 sys=0.00, real=0.12 secs] 
5925.143: [GC (Allocation Failure) [PSYoungGen: 316736K->201152K(465920K)] 813455K->775668K(1864192K), 0.0616448 secs] [Times: user=0.36 sys=0.00, real=0.06 secs] 
5928.531: [GC (Allocation Failure) [PSYoungGen: 434112K->82624K(465920K)] 1008628K->817076K(1864192K), 0.1190501 secs] [Times: user=0.71 sys=0.01, real=0.12 secs] 
5930.683: [GC (Allocation Failure) [PSYoungGen: 313125K->196608K(465920K)] 1047578K->1007133K(1864192K), 0.0603986 secs] [Times: user=0.36 sys=0.00, real=0.06 secs] 
5931.816: [GC (Allocation Failure) [PSYoungGen: 429568K->89408K(465920K)] 1240093K->1061997K(1864192K), 0.1127274 secs] [Times: user=0.66 sys=0.01, real=0.11 secs] 
5933.739: [GC (Allocation Failure) [PSYoungGen: 322368K->197767K(465920K)] 1294957K->1253834K(1864192K), 0.0682821 secs] [Times: user=0.40 sys=0.00, real=0.07 secs] 
5935.272: [GC (Allocation Failure) [PSYoungGen: 423061K->92768K(465920K)] 1479128K->1303222K(1864192K), 0.0918484 secs] [Times: user=0.55 sys=0.00, real=0.10 secs] 
5935.364: [Full GC (Ergonomics) [PSYoungGen: 92768K->0K(465920K)] [ParOldGen: 1210454K->106784K(1398272K)] 1303222K->106784K(1864192K), [Metaspace: 59675K->59675K(1105920K)], 0.2506409 secs] [Times: user=1.12 sys=0.01, real=0.25 secs] 
5938.308: [GC (Allocation Failure) [PSYoungGen: 232960K->150560K(465920K)] 339744K->257344K(1864192K), 0.0429091 secs] [Times: user=0.26 sys=0.00, real=0.04 secs] 
5938.997: [GC (Allocation Failure) [PSYoungGen: 378063K->93664K(465920K)] 484847K->351240K(1864192K), 0.0709809 secs] [Times: user=0.41 sys=0.00, real=0.07 secs] 
5940.726: [GC (Allocation Failure) [PSYoungGen: 326624K->151200K(465920K)] 584200K->495324K(1864192K), 0.0604944 secs] [Times: user=0.36 sys=0.00, real=0.06 secs] 
5942.397: [GC (Allocation Failure) [PSYoungGen: 376784K->93088K(465920K)] 720909K->588229K(1864192K), 0.0794625 secs] [Times: user=0.47 sys=0.00, real=0.08 secs] 
5943.741: [GC (Allocation Failure) [PSYoungGen: 326048K->151200K(465920K)] 821189K->732993K(1864192K), 0.0605684 secs] [Times: user=0.35 sys=0.00, real=0.06 secs] 
5946.632: [GC (Allocation Failure) [PSYoungGen: 384160K->121728K(465920K)] 965953K->854657K(1864192K), 0.0990042 secs] [Times: user=0.59 sys=0.00, real=0.10 secs] 
5947.852: [GC (Allocation Failure) [PSYoungGen: 354688K->150912K(465920K)] 1087617K->970714K(1864192K), 0.0606665 secs] [Times: user=0.36 sys=0.00, real=0.06 secs] 
5949.619: [GC (Allocation Failure) [PSYoungGen: 383872K->104000K(337408K)] 1203674K->1074634K(1735680K), 0.0873765 secs] [Times: user=0.52 sys=0.00, real=0.09 secs] 
5950.835: [GC (Allocation Failure) [PSYoungGen: 336960K->144160K(470528K)] 1307594K->1208157K(1868800K), 0.0608235 secs] [Times: user=0.36 sys=0.00, real=0.06 secs] 
5952.420: [GC (Allocation Failure) [PSYoungGen: 382240K->117120K(355328K)] 1446237K->1325477K(1753600K), 0.0790622 secs] [Times: user=0.47 sys=0.00, real=0.08 secs] 
5952.499: [Full GC (Ergonomics) [PSYoungGen: 117120K->0K(355328K)] [ParOldGen: 1208357K->131231K(1398272K)] 1325477K->131231K(1753600K), [Metaspace: 59675K->59675K(1105920K)], 0.3003256 secs] [Times: user=1.38 sys=0.00, real=0.30 secs] 
5953.959: [GC (Allocation Failure) [PSYoungGen: 238080K->131264K(467456K)] 369311K->262495K(1865728K), 0.0464216 secs] [Times: user=0.27 sys=0.00, real=0.05 secs] 
5956.739: [GC (Allocation Failure) [PSYoungGen: 378560K->138432K(459264K)] 509791K->401063K(1857536K), 0.0730244 secs] [Times: user=0.44 sys=0.00, real=0.07 secs] 
5957.925: [GC (Allocation Failure) [PSYoungGen: 385728K->4192K(459776K)] 648359K->266995K(1858048K), 0.0020643 secs] [Times: user=0.01 sys=0.00, real=0.00 secs] 
5959.861: [GC (Allocation Failure) [PSYoungGen: 257120K->172928K(425984K)] 519923K->438320K(1824256K), 0.0339764 secs] [Times: user=0.20 sys=0.00, real=0.04 secs] 
5961.461: [GC (Allocation Failure) [PSYoungGen: 425856K->103552K(475648K)] 691248K->532960K(1873920K), 0.0795922 secs] [Times: user=0.47 sys=0.01, real=0.08 secs] 
5963.326: [GC (Allocation Failure) [PSYoungGen: 348288K->202080K(446976K)] 777696K->730679K(1845248K), 0.0543208 secs] [Times: user=0.32 sys=0.00, real=0.05 secs] 
5966.091: [GC (Allocation Failure) [PSYoungGen: 444320K->90976K(465920K)] 972919K->787903K(1864192K), 0.1681973 secs] [Times: user=1.00 sys=0.00, real=0.17 secs] 
5966.844: [GC (Allocation Failure) [PSYoungGen: 323936K->182656K(465920K)] 1020863K->966980K(1864192K), 0.0570677 secs] [Times: user=0.34 sys=0.00, real=0.05 secs] 
5969.280: [GC (Allocation Failure) [PSYoungGen: 415616K->82112K(465920K)] 1199940K->1031988K(1864192K), 0.1746615 secs] [Times: user=1.04 sys=0.00, real=0.18 secs] 
5969.849: [GC (Allocation Failure) [PSYoungGen: 315072K->171392K(465920K)] 1264948K->1197525K(1864192K), 0.0561507 secs] [Times: user=0.33 sys=0.00, real=0.06 secs] 
5972.128: [GC (Allocation Failure) [PSYoungGen: 404352K->82784K(465920K)] 1430485K->1279625K(1864192K), 0.1213607 secs] [Times: user=0.73 sys=0.00, real=0.12 secs] 
5972.249: [Full GC (Ergonomics) [PSYoungGen: 82784K->0K(465920K)] [ParOldGen: 1196841K->77019K(1398272K)] 1279625K->77019K(1864192K), [Metaspace: 59675K->59675K(1105920K)], 0.1855766 secs] [Times: user=0.84 sys=0.00, real=0.19 secs] 
5972.678: [GC (Allocation Failure) [PSYoungGen: 232960K->172544K(465920K)] 309979K->249563K(1864192K), 0.0368213 secs] [Times: user=0.22 sys=0.00, real=0.04 secs] 
5975.138: [GC (Allocation Failure) [PSYoungGen: 405504K->84672K(465920K)] 482523K->333667K(1864192K), 0.1194358 secs] [Times: user=0.71 sys=0.00, real=0.12 secs] 
5975.815: [GC (Allocation Failure) [PSYoungGen: 317632K->204096K(465920K)] 566627K->531772K(1864192K), 0.0607470 secs] [Times: user=0.36 sys=0.00, real=0.06 secs] 
5978.536: [GC (Allocation Failure) [PSYoungGen: 437056K->80416K(465920K)] 764732K->577308K(1864192K), 0.1188545 secs] [Times: user=0.70 sys=0.01, real=0.12 secs] 
5980.161: [GC (Allocation Failure) [PSYoungGen: 313376K->163840K(465920K)] 810268K->734039K(1864192K), 0.0596550 secs] [Times: user=0.35 sys=0.00, real=0.06 secs] 
5982.487: [GC (Allocation Failure) [PSYoungGen: 396800K->89856K(465920K)] 966999K->824127K(1864192K), 0.1100426 secs] [Times: user=0.65 sys=0.00, real=0.11 secs] 
5983.730: [GC (Allocation Failure) [PSYoungGen: 322816K->154752K(465920K)] 1057087K->971644K(1864192K), 0.0604131 secs] [Times: user=0.36 sys=0.00, real=0.06 secs] 
5985.165: [GC (Allocation Failure) [PSYoungGen: 387712K->100000K(465920K)] 1204604K->1071884K(1864192K), 0.0975051 secs] [Times: user=0.58 sys=0.00, real=0.09 secs] 
5986.387: [GC (Allocation Failure) [PSYoungGen: 332960K->148512K(465920K)] 1304844K->1209600K(1864192K), 0.0604328 secs] [Times: user=0.36 sys=0.00, real=0.06 secs] 
5987.918: [GC (Allocation Failure) [PSYoungGen: 381472K->112224K(464896K)] 1442560K->1321688K(1863168K), 0.0798594 secs] [Times: user=0.47 sys=0.00, real=0.08 secs] 
5987.997: [Full GC (Ergonomics) [PSYoungGen: 112224K->0K(464896K)] [ParOldGen: 1209464K->126329K(1398272K)] 1321688K->126329K(1863168K), [Metaspace: 59675K->59675K(1105920K)], 0.2800825 secs] [Times: user=1.27 sys=0.00, real=0.28 secs] 
5989.790: [GC (Allocation Failure) [PSYoungGen: 232960K->136224K(369664K)] 359289K->262553K(1767936K), 0.0496653 secs] [Times: user=0.29 sys=0.00, real=0.05 secs] 
5991.634: [GC (Allocation Failure) [PSYoungGen: 369184K->120928K(467968K)] 495513K->383081K(1866240K), 0.0817567 secs] [Times: user=0.48 sys=0.00, real=0.08 secs] 
5992.860: [GC (Allocation Failure) [PSYoungGen: 363616K->126656K(459776K)] 625769K->499566K(1858048K), 0.0619088 secs] [Times: user=0.37 sys=0.00, real=0.06 secs] 
5994.624: [GC (Allocation Failure) [PSYoungGen: 369344K->152960K(463872K)] 742254K->652366K(1862144K), 0.0585382 secs] [Times: user=0.35 sys=0.00, real=0.05 secs] 
5997.083: [GC (Allocation Failure) [PSYoungGen: 408448K->11392K(464896K)] 907854K->510890K(1863168K), 0.0034590 secs] [Times: user=0.02 sys=0.00, real=0.00 secs] 
5999.257: [GC (Allocation Failure) [PSYoungGen: 264615K->172768K(456704K)] 764114K->681851K(1854976K), 0.0361888 secs] [Times: user=0.21 sys=0.00, real=0.04 secs] 
6000.803: [GC (Allocation Failure) [PSYoungGen: 407776K->91008K(466944K)] 916859K->764399K(1865216K), 0.0689201 secs] [Times: user=0.41 sys=0.00, real=0.06 secs] 
6002.410: [GC (Allocation Failure) [PSYoungGen: 318313K->160000K(464384K)] 991704K->921196K(1862656K), 0.0572419 secs] [Times: user=0.34 sys=0.01, real=0.06 secs] 
6005.161: [GC (Allocation Failure) [PSYoungGen: 398080K->93248K(331776K)] 1159276K->1005604K(1730048K), 0.0837580 secs] [Times: user=0.50 sys=0.00, real=0.09 secs] 
6006.261: [GC (Allocation Failure) [PSYoungGen: 331328K->167968K(460288K)] 1243684K->1169733K(1858560K), 0.0501732 secs] [Times: user=0.29 sys=0.00, real=0.05 secs] 
6009.455: [GC (Allocation Failure) [PSYoungGen: 402976K->85952K(466944K)] 1404741K->1254833K(1865216K), 0.1444474 secs] [Times: user=0.85 sys=0.01, real=0.14 secs] 
6009.600: [Full GC (Ergonomics) [PSYoungGen: 85952K->0K(466944K)] [ParOldGen: 1168881K->53680K(1398272K)] 1254833K->53680K(1865216K), [Metaspace: 59675K->59675K(1105920K)], 0.1425968 secs] [Times: user=0.65 sys=0.00, real=0.14 secs] 
6010.578: [GC (Allocation Failure) [PSYoungGen: 235008K->168448K(461312K)] 288688K->222128K(1859584K), 0.0354826 secs] [Times: user=0.21 sys=0.00, real=0.04 secs] 
6014.400: [GC (Allocation Failure) [PSYoungGen: 401408K->81504K(465920K)] 455088K->303096K(1864192K), 0.1557346 secs] [Times: user=0.83 sys=0.00, real=0.16 secs] 
6015.415: [GC (Allocation Failure) [PSYoungGen: 314464K->169728K(464896K)] 536056K->468726K(1863168K), 0.0741618 secs] [Times: user=0.44 sys=0.00, real=0.07 secs] 
6019.052: [GC (Allocation Failure) [PSYoungGen: 402688K->77376K(465920K)] 701686K->546146K(1864192K), 0.1568300 secs] [Times: user=0.93 sys=0.00, real=0.16 secs] 
6020.240: [GC (Allocation Failure) [PSYoungGen: 310336K->191488K(465920K)] 779106K->731328K(1864192K), 0.0769985 secs] [Times: user=0.45 sys=0.00, real=0.08 secs] 
6023.352: [GC (Allocation Failure) [PSYoungGen: 424448K->76256K(465920K)] 964288K->791388K(1864192K), 0.1597476 secs] [Times: user=0.95 sys=0.00, real=0.16 secs] 
6024.254: [GC (Allocation Failure) [PSYoungGen: 309216K->192800K(465920K)] 1024348K->977567K(1864192K), 0.0552142 secs] [Times: user=0.33 sys=0.00, real=0.05 secs] 
6026.650: [GC (Allocation Failure) [PSYoungGen: 425760K->76352K(465920K)] 1210527K->1037743K(1864192K), 0.1515171 secs] [Times: user=0.90 sys=0.00, real=0.15 secs] 
6028.466: [GC (Allocation Failure) [PSYoungGen: 309312K->176288K(465920K)] 1270703K->1207064K(1864192K), 0.1417394 secs] [Times: user=0.85 sys=0.00, real=0.14 secs] 
6030.840: [GC (Allocation Failure) [PSYoungGen: 409248K->76384K(465920K)] 1440024K->1283708K(1864192K), 0.1365132 secs] [Times: user=0.81 sys=0.00, real=0.14 secs] 
6030.976: [Full GC (Ergonomics) [PSYoungGen: 76384K->0K(465920K)] [ParOldGen: 1207324K->87274K(1398272K)] 1283708K->87274K(1864192K), [Metaspace: 59675K->59675K(1105920K)], 0.2173872 secs] [Times: user=1.01 sys=0.00, real=0.22 secs] 
6031.760: [GC (Allocation Failure) [PSYoungGen: 232960K->206336K(465920K)] 320234K->293610K(1864192K), 0.0371446 secs] [Times: user=0.22 sys=0.00, real=0.04 secs] 
6033.359: [GC (Allocation Failure) [PSYoungGen: 439296K->80512K(465920K)] 526570K->339582K(1864192K), 0.1244423 secs] [Times: user=0.74 sys=0.00, real=0.13 secs] 
6035.270: [GC (Allocation Failure) [PSYoungGen: 311496K->200160K(465920K)] 570567K->533367K(1864192K), 0.0650177 secs] [Times: user=0.39 sys=0.00, real=0.07 secs] 
6037.330: [GC (Allocation Failure) [PSYoungGen: 433120K->88224K(465920K)] 766327K->584991K(1864192K), 0.1109814 secs] [Times: user=0.66 sys=0.00, real=0.11 secs] 
6039.036: [GC (Allocation Failure) [PSYoungGen: 321184K->155872K(465920K)] 817951K->734116K(1864192K), 0.0602779 secs] [Times: user=0.36 sys=0.00, real=0.06 secs] 
6040.548: [GC (Allocation Failure) [PSYoungGen: 386458K->93952K(465920K)] 964702K->828100K(1864192K), 0.1022405 secs] [Times: user=0.60 sys=0.00, real=0.10 secs] 
6041.833: [GC (Allocation Failure) [PSYoungGen: 326912K->151168K(465920K)] 1061060K->971964K(1864192K), 0.0611355 secs] [Times: user=0.36 sys=0.00, real=0.06 secs] 
6044.086: [GC (Allocation Failure) [PSYoungGen: 384128K->100160K(465920K)] 1204924K->1072245K(1864192K), 0.0974456 secs] [Times: user=0.58 sys=0.00, real=0.10 secs] 
6045.316: [GC (Allocation Failure) [PSYoungGen: 333120K->147584K(465920K)] 1305205K->1209292K(1864192K), 0.0630927 secs] [Times: user=0.36 sys=0.00, real=0.06 secs] 
6046.517: [GC (Allocation Failure) [PSYoungGen: 380544K->114464K(465920K)] 1442252K->1323948K(1864192K), 0.0742117 secs] [Times: user=0.44 sys=0.00, real=0.07 secs] 
6046.591: [Full GC (Ergonomics) [PSYoungGen: 114464K->0K(465920K)] [ParOldGen: 1209484K->129044K(1398272K)] 1323948K->129044K(1864192K), [Metaspace: 59675K->59675K(1105920K)], 0.2894433 secs] [Times: user=1.32 sys=0.00, real=0.29 secs] 
6049.722: [GC (Allocation Failure) [PSYoungGen: 232960K->133856K(456704K)] 362004K->262900K(1854976K), 0.0489373 secs] [Times: user=0.29 sys=0.00, real=0.05 secs] 
6052.702: [GC (Allocation Failure) [PSYoungGen: 366816K->113312K(461312K)] 495860K->376108K(1859584K), 0.0913641 secs] [Times: user=0.54 sys=0.01, real=0.10 secs] 
6053.912: [GC (Allocation Failure) [PSYoungGen: 346272K->134464K(460288K)] 609068K->500381K(1858560K), 0.0613614 secs] [Times: user=0.37 sys=0.00, real=0.07 secs] 
6055.084: [GC (Allocation Failure) [PSYoungGen: 384320K->138240K(463872K)] 750237K->638813K(1862144K), 0.0596733 secs] [Times: user=0.35 sys=0.00, real=0.06 secs] 
6057.650: [GC (Allocation Failure) [PSYoungGen: 388096K->4480K(462848K)] 888669K->505093K(1861120K), 0.0030810 secs] [Times: user=0.01 sys=0.00, real=0.01 secs] 
6059.838: [GC (Allocation Failure) [PSYoungGen: 257920K->167872K(421376K)] 758533K->671338K(1819648K), 0.0340704 secs] [Times: user=0.20 sys=0.00, real=0.03 secs] 
6061.016: [GC (Allocation Failure) [PSYoungGen: 421312K->110560K(477184K)] 924778K->772542K(1875456K), 0.0888035 secs] [Times: user=0.53 sys=0.00, real=0.09 secs] 
6062.436: [GC (Allocation Failure) [PSYoungGen: 356832K->172992K(419328K)] 1018814K->942271K(1817600K), 0.0561814 secs] [Times: user=0.33 sys=0.01, real=0.05 secs] 
6064.773: [GC (Allocation Failure) [PSYoungGen: 419264K->90656K(472064K)] 1188543K->1032503K(1870336K), 0.1701698 secs] [Times: user=1.01 sys=0.00, real=0.17 secs] 
6065.537: [GC (Allocation Failure) [PSYoungGen: 331296K->182368K(423424K)] 1273143K->1208676K(1821696K), 0.0600189 secs] [Times: user=0.36 sys=0.00, real=0.06 secs] 
6067.560: [GC (Allocation Failure) [PSYoungGen: 423008K->83936K(465920K)] 1449316K->1292748K(1864192K), 0.1253473 secs] [Times: user=0.75 sys=0.00, real=0.13 secs] 
6067.686: [Full GC (Ergonomics) [PSYoungGen: 83936K->0K(465920K)] [ParOldGen: 1208812K->91376K(1398272K)] 1292748K->91376K(1864192K), [Metaspace: 59675K->59675K(1105920K)], 0.2149836 secs] [Times: user=0.97 sys=0.00, real=0.21 secs] 
6068.942: [GC (Allocation Failure) [PSYoungGen: 232014K->201920K(465920K)] 323391K->293297K(1864192K), 0.0382113 secs] [Times: user=0.23 sys=0.00, real=0.04 secs] 
6071.111: [GC (Allocation Failure) [PSYoungGen: 434880K->87040K(465920K)] 526257K->345657K(1864192K), 0.1117197 secs] [Times: user=0.66 sys=0.00, real=0.12 secs] 
6073.343: [GC (Allocation Failure) [PSYoungGen: 320000K->197824K(465920K)] 578617K->537341K(1864192K), 0.0603140 secs] [Times: user=0.36 sys=0.00, real=0.06 secs] 
6074.426: [GC (Allocation Failure) [PSYoungGen: 430784K->90464K(465920K)] 770301K->586845K(1864192K), 0.0997109 secs] [Times: user=0.59 sys=0.00, real=0.10 secs] 
6077.211: [GC (Allocation Failure) [PSYoungGen: 323424K->153408K(465920K)] 819805K->733650K(1864192K), 0.0601518 secs] [Times: user=0.36 sys=0.00, real=0.06 secs] 
6078.318: [GC (Allocation Failure) [PSYoungGen: 382973K->93568K(465920K)] 963216K->827466K(1864192K), 0.0976158 secs] [Times: user=0.58 sys=0.00, real=0.10 secs] 
6079.518: [GC (Allocation Failure) [PSYoungGen: 326528K->151200K(465920K)] 1060426K->971699K(1864192K), 0.0608706 secs] [Times: user=0.36 sys=0.00, real=0.06 secs] 
6081.851: [GC (Allocation Failure) [PSYoungGen: 384160K->113632K(465920K)] 1204659K->1085087K(1864192K), 0.0993295 secs] [Times: user=0.59 sys=0.00, real=0.10 secs] 
6083.229: [GC (Allocation Failure) [PSYoungGen: 346592K->150752K(465920K)] 1318047K->1209182K(1864192K), 0.0612123 secs] [Times: user=0.36 sys=0.00, real=0.06 secs] 
6085.660: [GC (Allocation Failure) [PSYoungGen: 383712K->103168K(455680K)] 1442142K->1312174K(1853952K), 0.0926703 secs] [Times: user=0.55 sys=0.00, real=0.09 secs] 
6085.752: [Full GC (Ergonomics) [PSYoungGen: 103168K->0K(455680K)] [ParOldGen: 1209006K->117754K(1398272K)] 1312174K->117754K(1853952K), [Metaspace: 59675K->59675K(1105920K)], 0.2737624 secs] [Times: user=1.25 sys=0.00, real=0.28 secs] 
6087.596: [GC (Allocation Failure) [PSYoungGen: 232960K->144960K(460800K)] 350714K->262714K(1859072K), 0.0532932 secs] [Times: user=0.32 sys=0.00, real=0.05 secs] 
6089.905: [GC (Allocation Failure) [PSYoungGen: 377920K->111968K(457728K)] 495674K->374802K(1856000K), 0.0949593 secs] [Times: user=0.56 sys=0.00, real=0.09 secs] 
6091.800: [GC (Allocation Failure) [PSYoungGen: 359264K->136352K(464896K)] 622098K->500223K(1863168K), 0.0607630 secs] [Times: user=0.36 sys=0.00, real=0.06 secs] 
6094.545: [GC (Allocation Failure) [PSYoungGen: 383648K->138016K(469504K)] 747519K->638335K(1867776K), 0.0636033 secs] [Times: user=0.37 sys=0.00, real=0.06 secs] 
6095.769: [GC (Allocation Failure) [PSYoungGen: 407328K->15072K(476160K)] 907647K->515463K(1874432K), 0.0043209 secs] [Times: user=0.02 sys=0.00, real=0.01 secs] 
6096.666: [GC (Allocation Failure) [PSYoungGen: 284384K->188672K(451584K)] 784775K->702136K(1849856K), 0.0752297 secs] [Times: user=0.39 sys=0.00, real=0.07 secs] 
6099.360: [GC (Allocation Failure) [PSYoungGen: 421632K->81952K(465920K)] 935096K->784060K(1864192K), 0.1774530 secs] [Times: user=1.05 sys=0.00, real=0.18 secs] 
6100.507: [GC (Allocation Failure) [PSYoungGen: 314912K->163840K(463872K)] 1017020K->944623K(1862144K), 0.0783562 secs] [Times: user=0.47 sys=0.00, real=0.08 secs] 
6102.947: [GC (Allocation Failure) [PSYoungGen: 396800K->83648K(465920K)] 1177583K->1028127K(1864192K), 0.1007848 secs] [Times: user=0.60 sys=0.00, real=0.10 secs] 
6104.027: [GC (Allocation Failure) [PSYoungGen: 316608K->167648K(464896K)] 1261087K->1190099K(1863168K), 0.1350802 secs] [Times: user=0.80 sys=0.00, real=0.13 secs] 
6106.433: [GC (Allocation Failure) [PSYoungGen: 400608K->82944K(465920K)] 1423059K->1272804K(1864192K), 0.1798290 secs] [Times: user=1.07 sys=0.01, real=0.18 secs] 
6106.613: [Full GC (Ergonomics) [PSYoungGen: 82944K->0K(465920K)] [ParOldGen: 1189859K->71402K(1398272K)] 1272804K->71402K(1864192K), [Metaspace: 59675K->59675K(1105920K)], 0.1928052 secs] [Times: user=0.90 sys=0.00, real=0.19 secs] 
6107.116: [GC (Allocation Failure) [PSYoungGen: 232960K->171648K(465920K)] 304362K->243050K(1864192K), 0.0374368 secs] [Times: user=0.22 sys=0.01, real=0.04 secs] 
6110.505: [GC (Allocation Failure) [PSYoungGen: 404608K->76128K(465920K)] 476010K->318442K(1864192K), 0.1373848 secs] [Times: user=0.82 sys=0.00, real=0.13 secs] 
6111.022: [GC (Allocation Failure) [PSYoungGen: 309088K->176448K(465920K)] 551402K->488811K(1864192K), 0.0657032 secs] [Times: user=0.39 sys=0.00, real=0.07 secs] 
6112.966: [GC (Allocation Failure) [PSYoungGen: 409408K->86368K(465920K)] 721771K->575451K(1864192K), 0.1342711 secs] [Times: user=0.80 sys=0.00, real=0.13 secs] 
6113.825: [GC (Allocation Failure) [PSYoungGen: 319328K->201568K(465920K)] 808411K->771095K(1864192K), 0.0662985 secs] [Times: user=0.39 sys=0.00, real=0.06 secs] 
6116.140: [GC (Allocation Failure) [PSYoungGen: 434528K->85280K(465920K)] 1004055K->822319K(1864192K), 0.1083451 secs] [Times: user=0.64 sys=0.00, real=0.11 secs] 
6118.046: [GC (Allocation Failure) [PSYoungGen: 314643K->195424K(465920K)] 1051682K->1011564K(1864192K), 0.0667890 secs] [Times: user=0.40 sys=0.00, real=0.07 secs] 
6120.493: [GC (Allocation Failure) [PSYoungGen: 428384K->86560K(465920K)] 1244524K->1061332K(1864192K), 0.1103355 secs] [Times: user=0.65 sys=0.00, real=0.12 secs] 
6121.761: [GC (Allocation Failure) [PSYoungGen: 319520K->157664K(465920K)] 1294292K->1212399K(1864192K), 0.0604147 secs] [Times: user=0.36 sys=0.00, real=0.06 secs] 
6124.208: [GC (Allocation Failure) [PSYoungGen: 390624K->92640K(465920K)] 1445359K->1304855K(1864192K), 0.1006998 secs] [Times: user=0.59 sys=0.00, real=0.10 secs] 
6124.309: [Full GC (Ergonomics) [PSYoungGen: 92640K->0K(465920K)] [ParOldGen: 1212215K->107190K(1398272K)] 1304855K->107190K(1864192K), [Metaspace: 59675K->59675K(1105920K)], 0.2593151 secs] [Times: user=1.20 sys=0.00, real=0.26 secs] 
6125.639: [GC (Allocation Failure) [PSYoungGen: 232960K->151680K(465920K)] 340150K->258870K(1864192K), 0.0428408 secs] [Times: user=0.25 sys=0.00, real=0.04 secs] 
6127.299: [GC (Allocation Failure) [PSYoungGen: 384640K->100128K(465920K)] 491830K->359114K(1864192K), 0.0937573 secs] [Times: user=0.52 sys=0.00, real=0.09 secs] 
6129.000: [GC (Allocation Failure) [PSYoungGen: 333088K->147936K(465920K)] 592074K->496545K(1864192K), 0.0603416 secs] [Times: user=0.36 sys=0.00, real=0.06 secs] 
6130.981: [GC (Allocation Failure) [PSYoungGen: 380896K->108928K(342016K)] 729505K->605277K(1740288K), 0.0855536 secs] [Times: user=0.51 sys=0.00, real=0.09 secs] 
6132.356: [GC (Allocation Failure) [PSYoungGen: 341888K->139104K(470528K)] 838237K->733914K(1868800K), 0.0608976 secs] [Times: user=0.36 sys=0.01, real=0.06 secs] 
6134.835: [GC (Allocation Failure) [PSYoungGen: 378208K->117472K(356864K)] 973018K->851486K(1755136K), 0.0795896 secs] [Times: user=0.47 sys=0.00, real=0.08 secs] 
6136.443: [GC (Allocation Failure) [PSYoungGen: 356576K->130368K(467968K)] 1090590K->971195K(1866240K), 0.0620666 secs] [Times: user=0.37 sys=0.00, real=0.06 secs] 
6137.577: [GC (Allocation Failure) [PSYoungGen: 380736K->145504K(459776K)] 1221563K->1116747K(1858048K), 0.0629994 secs] [Times: user=0.35 sys=0.01, real=0.06 secs] 
6139.779: [GC (Allocation Failure) [PSYoungGen: 395872K->12928K(466432K)] 1367115K->984283K(1864704K), 0.0052562 secs] [Times: user=0.02 sys=0.00, real=0.01 secs] 
6141.077: [GC (Allocation Failure) [PSYoungGen: 256875K->171488K(430080K)] 1228230K->1153772K(1828352K), 0.0370890 secs] [Times: user=0.21 sys=0.00, real=0.04 secs] 
6143.034: [GC (Allocation Failure) [PSYoungGen: 430048K->104288K(476672K)] 1412332K->1249564K(1874944K), 0.1755918 secs] [Times: user=1.05 sys=0.00, real=0.17 secs] 
6144.078: [GC (Allocation Failure) [PSYoungGen: 351072K->177312K(424448K)] 1496348K->1422944K(1822720K), 0.0546617 secs] [Times: user=0.33 sys=0.00, real=0.05 secs] 
6144.132: [Full GC (Ergonomics) [PSYoungGen: 177312K->0K(424448K)] [ParOldGen: 1245632K->227530K(1398272K)] 1422944K->227530K(1822720K), [Metaspace: 59675K->59675K(1105920K)], 0.5336643 secs] [Times: user=2.49 sys=0.00, real=0.54 secs] 
6147.698: [GC (Allocation Failure) [PSYoungGen: 246784K->86400K(469504K)] 474314K->313930K(1867776K), 0.1088843 secs] [Times: user=0.65 sys=0.00, real=0.11 secs] 
6148.250: [GC (Allocation Failure) [PSYoungGen: 322944K->177728K(465920K)] 550474K->485535K(1864192K), 0.0841312 secs] [Times: user=0.50 sys=0.00, real=0.09 secs] 
6151.360: [GC (Allocation Failure) [PSYoungGen: 414272K->78080K(465920K)] 722079K->563611K(1864192K), 0.1451404 secs] [Times: user=0.86 sys=0.00, real=0.15 secs] 
6151.899: [GC (Allocation Failure) [PSYoungGen: 311040K->205184K(465920K)] 796571K->762916K(1864192K), 0.0565082 secs] [Times: user=0.33 sys=0.01, real=0.06 secs] 
6153.638: [GC (Allocation Failure) [PSYoungGen: 438144K->83520K(465920K)] 995876K->812844K(1864192K), 0.1204756 secs] [Times: user=0.72 sys=0.00, real=0.12 secs] 
6155.329: [GC (Allocation Failure) [PSYoungGen: 316480K->181504K(465920K)] 1045804K->987821K(1864192K), 0.0631740 secs] [Times: user=0.37 sys=0.00, real=0.06 secs] 
6156.826: [GC (Allocation Failure) [PSYoungGen: 414464K->92096K(465920K)] 1220781K->1059549K(1864192K), 0.1071448 secs] [Times: user=0.64 sys=0.00, real=0.11 secs] 
6158.224: [GC (Allocation Failure) [PSYoungGen: 325056K->152576K(465920K)] 1292509K->1205522K(1864192K), 0.0608266 secs] [Times: user=0.36 sys=0.01, real=0.06 secs] 
6160.146: [GC (Allocation Failure) [PSYoungGen: 385536K->122336K(465920K)] 1438482K->1327674K(1864192K), 0.0963332 secs] [Times: user=0.57 sys=0.00, real=0.09 secs] 
6160.242: [Full GC (Ergonomics) [PSYoungGen: 122336K->0K(465920K)] [ParOldGen: 1205338K->112265K(1398272K)] 1327674K->112265K(1864192K), [Metaspace: 59675K->59675K(1105920K)], 0.2560043 secs] [Times: user=1.17 sys=0.00, real=0.26 secs] 
6162.788: [GC (Allocation Failure) [PSYoungGen: 232960K->150688K(465920K)] 345225K->262953K(1864192K), 0.0552028 secs] [Times: user=0.33 sys=0.00, real=0.06 secs] 
6165.812: [GC (Allocation Failure) [PSYoungGen: 383648K->100160K(461824K)] 495913K->363433K(1860096K), 0.1108476 secs] [Times: user=0.66 sys=0.00, real=0.11 secs] 
6167.189: [GC (Allocation Failure) [PSYoungGen: 333120K->147904K(463872K)] 596393K->500978K(1862144K), 0.0606504 secs] [Times: user=0.36 sys=0.00, real=0.06 secs] 
6170.036: [GC (Allocation Failure) [PSYoungGen: 380864K->116640K(454656K)] 733938K->617850K(1852928K), 0.0879499 secs] [Times: user=0.52 sys=0.00, real=0.09 secs] 
6171.255: [GC (Allocation Failure) [PSYoungGen: 356768K->139616K(460800K)] 857978K->738937K(1859072K), 0.0616393 secs] [Times: user=0.37 sys=0.00, real=0.06 secs] 
6173.659: [GC (Allocation Failure) [PSYoungGen: 379744K->129280K(459776K)] 979065K->868113K(1858048K), 0.0717213 secs] [Times: user=0.43 sys=0.00, real=0.07 secs] 
6174.923: [GC (Allocation Failure) [PSYoungGen: 391936K->5408K(469504K)] 1130769K->744389K(1867776K), 0.0039430 secs] [Times: user=0.02 sys=0.00, real=0.00 secs] 
6177.235: [GC (Allocation Failure) [PSYoungGen: 268064K->178624K(453632K)] 1007045K->921302K(1851904K), 0.0361963 secs] [Times: user=0.21 sys=0.00, real=0.03 secs] 
6178.368: [GC (Allocation Failure) [PSYoungGen: 411584K->91040K(465920K)] 1154262K->1003982K(1864192K), 0.0715894 secs] [Times: user=0.43 sys=0.00, real=0.07 secs] 
6180.976: [GC (Allocation Failure) [PSYoungGen: 315162K->159872K(463360K)] 1228105K->1159871K(1861632K), 0.0486741 secs] [Times: user=0.29 sys=0.01, real=0.05 secs] 
6182.274: [GC (Allocation Failure) [PSYoungGen: 395904K->93408K(329728K)] 1395903K->1244575K(1728000K), 0.0854970 secs] [Times: user=0.51 sys=0.00, real=0.08 secs] 
6182.359: [Full GC (Ergonomics) [PSYoungGen: 93408K->0K(329728K)] [ParOldGen: 1151167K->43487K(1398272K)] 1244575K->43487K(1728000K), [Metaspace: 59675K->59675K(1105920K)], 0.0847316 secs] [Times: user=0.33 sys=0.00, real=0.09 secs] 
6184.553: [GC (Allocation Failure) [PSYoungGen: 236032K->214528K(459264K)] 279519K->258015K(1857536K), 0.0375045 secs] [Times: user=0.22 sys=0.00, real=0.03 secs] 
6186.804: [GC (Allocation Failure) [PSYoungGen: 447488K->84064K(465920K)] 490975K->292715K(1864192K), 0.1229748 secs] [Times: user=0.73 sys=0.00, real=0.12 secs] 
6188.316: [GC (Allocation Failure) [PSYoungGen: 317024K->162912K(465920K)] 525675K->452525K(1864192K), 0.0531545 secs] [Times: user=0.32 sys=0.00, real=0.05 secs] 
6190.921: [GC (Allocation Failure) [PSYoungGen: 395872K->81248K(465920K)] 685485K->533257K(1864192K), 0.1595426 secs] [Times: user=0.95 sys=0.01, real=0.16 secs] 
6191.909: [GC (Allocation Failure) [PSYoungGen: 314208K->169536K(465920K)] 766217K->699062K(1864192K), 0.0530935 secs] [Times: user=0.32 sys=0.00, real=0.05 secs] 
6194.559: [GC (Allocation Failure) [PSYoungGen: 402496K->89856K(465920K)] 932022K->789102K(1864192K), 0.1780319 secs] [Times: user=1.07 sys=0.00, real=0.18 secs] 
6195.717: [GC (Allocation Failure) [PSYoungGen: 322816K->168768K(465920K)] 1022062K->947399K(1864192K), 0.1070340 secs] [Times: user=0.63 sys=0.00, real=0.11 secs] 
6198.840: [GC (Allocation Failure) [PSYoungGen: 401728K->78016K(465920K)] 1180359K->1024931K(1864192K), 0.1417964 secs] [Times: user=0.85 sys=0.00, real=0.14 secs] 
6200.814: [GC (Allocation Failure) [PSYoungGen: 310976K->173984K(465920K)] 1257891K->1192156K(1864192K), 0.1405999 secs] [Times: user=0.83 sys=0.00, real=0.14 secs] 
6203.342: [GC (Allocation Failure) [PSYoungGen: 406944K->75296K(465920K)] 1425116K->1267664K(1864192K), 0.1858747 secs] [Times: user=1.11 sys=0.00, real=0.19 secs] 
6203.528: [Full GC (Ergonomics) [PSYoungGen: 75296K->0K(465920K)] [ParOldGen: 1192368K->70953K(1398272K)] 1267664K->70953K(1864192K), [Metaspace: 59675K->59675K(1105920K)], 0.1892176 secs] [Times: user=0.89 sys=0.00, real=0.19 secs] 
6204.426: [GC (Allocation Failure) [PSYoungGen: 232960K->174496K(465920K)] 303913K->245449K(1864192K), 0.0632540 secs] [Times: user=0.38 sys=0.00, real=0.06 secs] 
6208.925: [GC (Allocation Failure) [PSYoungGen: 407456K->71904K(465920K)] 478409K->317465K(1864192K), 0.1720663 secs] [Times: user=1.02 sys=0.00, real=0.17 secs] 
6209.652: [GC (Allocation Failure) [PSYoungGen: 304864K->191104K(465920K)] 550425K->502342K(1864192K), 0.0545055 secs] [Times: user=0.32 sys=0.00, real=0.06 secs] 
6212.569: [GC (Allocation Failure) [PSYoungGen: 424064K->77440K(465920K)] 735302K->563422K(1864192K), 0.1712416 secs] [Times: user=1.02 sys=0.00, real=0.17 secs] 
6213.034: [GC (Allocation Failure) [PSYoungGen: 310400K->176512K(465920K)] 796382K->733707K(1864192K), 0.0563197 secs] [Times: user=0.33 sys=0.00, real=0.05 secs] 
6214.760: [GC (Allocation Failure) [PSYoungGen: 409472K->86816K(465920K)] 966667K->820703K(1864192K), 0.1121852 secs] [Times: user=0.67 sys=0.00, real=0.11 secs] 
6215.871: [GC (Allocation Failure) [PSYoungGen: 319776K->202176K(465920K)] 1053663K->1017020K(1864192K), 0.0628277 secs] [Times: user=0.37 sys=0.00, real=0.07 secs] 
6218.497: [GC (Allocation Failure) [PSYoungGen: 435136K->90272K(465920K)] 1249980K->1065748K(1864192K), 0.1105624 secs] [Times: user=0.65 sys=0.00, real=0.11 secs] 
6220.527: [GC (Allocation Failure) [PSYoungGen: 318136K->190784K(465920K)] 1293612K->1250401K(1864192K), 0.0671958 secs] [Times: user=0.40 sys=0.00, real=0.07 secs] 
6222.516: [GC (Allocation Failure) [PSYoungGen: 423744K->90272K(465920K)] 1483361K->1303697K(1864192K), 0.0992813 secs] [Times: user=0.59 sys=0.00, real=0.10 secs] 
6222.616: [Full GC (Ergonomics) [PSYoungGen: 90272K->0K(465920K)] [ParOldGen: 1213425K->105343K(1398272K)] 1303697K->105343K(1864192K), [Metaspace: 59676K->59676K(1105920K)], 0.2489297 secs] [Times: user=1.14 sys=0.00, real=0.25 secs] 
6223.950: [GC (Allocation Failure) [PSYoungGen: 232960K->154016K(465920K)] 338303K->259359K(1864192K), 0.0443266 secs] [Times: user=0.27 sys=0.00, real=0.05 secs] 
6225.518: [GC (Allocation Failure) [PSYoungGen: 386298K->93824K(465920K)] 491641K->353391K(1864192K), 0.0964990 secs] [Times: user=0.56 sys=0.02, real=0.10 secs] 
6227.383: [GC (Allocation Failure) [PSYoungGen: 326784K->150624K(465920K)] 586351K->496770K(1864192K), 0.0600625 secs] [Times: user=0.36 sys=0.00, real=0.06 secs] 
6228.315: [GC (Allocation Failure) [PSYoungGen: 383584K->105504K(465920K)] 729730K->602510K(1864192K), 0.0737725 secs] [Times: user=0.44 sys=0.00, real=0.07 secs] 
6230.563: [GC (Allocation Failure) [PSYoungGen: 338464K->142688K(465920K)] 835470K->734461K(1864192K), 0.0611484 secs] [Times: user=0.36 sys=0.00, real=0.06 secs] 
6232.295: [GC (Allocation Failure) [PSYoungGen: 375648K->109504K(342528K)] 967421K->844005K(1740800K), 0.0881830 secs] [Times: user=0.53 sys=0.00, real=0.09 secs] 
6233.510: [GC (Allocation Failure) [PSYoungGen: 342464K->138528K(470528K)] 1076965K->971830K(1868800K), 0.0615827 secs] [Times: user=0.37 sys=0.00, real=0.06 secs] 
6234.461: [GC (Allocation Failure) [PSYoungGen: 377632K->132032K(371200K)] 1210934K->1104038K(1769472K), 0.0795576 secs] [Times: user=0.47 sys=0.00, real=0.08 secs] 
6237.276: [GC (Allocation Failure) [PSYoungGen: 371136K->115840K(464896K)] 1343142K->1209979K(1863168K), 0.0638835 secs] [Times: user=0.38 sys=0.00, real=0.06 secs] 
6238.375: [GC (Allocation Failure) [PSYoungGen: 364160K->152768K(458752K)] 1458299K->1362675K(1857024K), 0.0587279 secs] [Times: user=0.35 sys=0.00, real=0.06 secs] 
6238.434: [Full GC (Ergonomics) [PSYoungGen: 152768K->0K(458752K)] [ParOldGen: 1209907K->167801K(1398272K)] 1362675K->167801K(1857024K), [Metaspace: 59676K->59676K(1105920K)], 0.4059649 secs] [Times: user=1.88 sys=0.00, real=0.40 secs] 
6241.194: [GC (Allocation Failure) [PSYoungGen: 248320K->103072K(484864K)] 416121K->270873K(1883136K), 0.0362993 secs] [Times: user=0.21 sys=0.00, real=0.03 secs] 
6242.971: [GC (Allocation Failure) [PSYoungGen: 378528K->192832K(468480K)] 546329K->461846K(1866752K), 0.0588164 secs] [Times: user=0.35 sys=0.00, real=0.06 secs] 
6246.089: [GC (Allocation Failure) [PSYoungGen: 468288K->106496K(479232K)] 737302K->568158K(1877504K), 0.1504002 secs] [Times: user=0.90 sys=0.00, real=0.15 secs] 
6247.816: [GC (Allocation Failure) [PSYoungGen: 359164K->214176K(470016K)] 820827K->775699K(1868288K), 0.0712413 secs] [Times: user=0.43 sys=0.00, real=0.07 secs] 
6249.675: [GC (Allocation Failure) [PSYoungGen: 469664K->99808K(461824K)] 1031187K->838931K(1860096K), 0.1046587 secs] [Times: user=0.62 sys=0.01, real=0.10 secs] 
6251.295: [GC (Allocation Failure) [PSYoungGen: 332768K->148288K(465920K)] 1071891K->976402K(1864192K), 0.0609685 secs] [Times: user=0.37 sys=0.00, real=0.06 secs] 
6252.457: [GC (Allocation Failure) [PSYoungGen: 381248K->111904K(455168K)] 1209362K->1088538K(1853440K), 0.0881467 secs] [Times: user=0.53 sys=0.00, real=0.09 secs] 
6253.670: [GC (Allocation Failure) [PSYoungGen: 345376K->135872K(460800K)] 1322010K->1213993K(1859072K), 0.0615942 secs] [Times: user=0.37 sys=0.00, real=0.06 secs] 
6255.032: [GC (Allocation Failure) [PSYoungGen: 369344K->125632K(461312K)] 1447465K->1339625K(1859584K), 0.0672356 secs] [Times: user=0.40 sys=0.00, real=0.07 secs] 
6255.099: [Full GC (Ergonomics) [PSYoungGen: 125632K->0K(461312K)] [ParOldGen: 1213993K->139342K(1398272K)] 1339625K->139342K(1859584K), [Metaspace: 59676K->59676K(1105920K)], 0.3194062 secs] [Times: user=1.45 sys=0.01, real=0.32 secs] 
6257.454: [GC (Allocation Failure) [PSYoungGen: 252928K->124640K(464896K)] 392270K->263982K(1863168K), 0.0433165 secs] [Times: user=0.25 sys=0.01, real=0.04 secs] 
6260.466: [GC (Allocation Failure) [PSYoungGen: 377568K->159776K(480768K)] 516910K->422474K(1879040K), 0.0620848 secs] [Times: user=0.37 sys=0.00, real=0.06 secs] 
6261.973: [GC (Allocation Failure) [PSYoungGen: 435232K->119520K(483840K)] 697930K->533042K(1882112K), 0.0771196 secs] [Times: user=0.46 sys=0.00, real=0.07 secs] 
6263.685: [GC (Allocation Failure) [PSYoungGen: 394976K->198176K(461312K)] 808498K->727231K(1859584K), 0.0625001 secs] [Times: user=0.34 sys=0.03, real=0.06 secs] 
6266.778: [GC (Allocation Failure) [PSYoungGen: 455712K->91584K(478208K)] 984767K->818431K(1876480K), 0.1362371 secs] [Times: user=0.80 sys=0.01, real=0.14 secs] 
6268.092: [GC (Allocation Failure) [PSYoungGen: 349120K->164608K(473088K)] 1075967K->975980K(1871360K), 0.0637701 secs] [Times: user=0.38 sys=0.00, real=0.07 secs] 
6269.377: [GC (Allocation Failure) [PSYoungGen: 417024K->126112K(378880K)] 1228396K->1102380K(1777152K), 0.0788918 secs] [Times: user=0.46 sys=0.00, real=0.08 secs] 
6270.613: [GC (Allocation Failure) [PSYoungGen: 378528K->2752K(452608K)] 1354796K->979052K(1850880K), 0.0037505 secs] [Times: user=0.02 sys=0.01, real=0.00 secs] 
6272.525: [GC (Allocation Failure) [PSYoungGen: 238784K->152480K(467456K)] 1215084K->1130361K(1865728K), 0.0307216 secs] [Times: user=0.19 sys=0.00, real=0.03 secs] 
6274.961: [GC (Allocation Failure) [PSYoungGen: 388512K->98976K(456192K)] 1366393K->1220253K(1854464K), 0.0676215 secs] [Times: user=0.40 sys=0.01, real=0.07 secs] 
6277.587: [GC (Allocation Failure) [PSYoungGen: 335008K->154976K(461824K)] 1456285K->1373594K(1860096K), 0.0528652 secs] [Times: user=0.31 sys=0.01, real=0.05 secs] 
6277.640: [Full GC (Ergonomics) [PSYoungGen: 154976K->0K(461824K)] [ParOldGen: 1218618K->172743K(1398272K)] 1373594K->172743K(1860096K), [Metaspace: 59676K->59676K(1105920K)], 0.4124958 secs] [Times: user=1.92 sys=0.00, real=0.41 secs] 
6279.104: [GC (Allocation Failure) [PSYoungGen: 236032K->100736K(463360K)] 408775K->273479K(1861632K), 0.0349815 secs] [Times: user=0.21 sys=0.00, real=0.03 secs] 
6281.331: [GC (Allocation Failure) [PSYoungGen: 346496K->170080K(467456K)] 519239K->441572K(1865728K), 0.0549951 secs] [Times: user=0.32 sys=0.00, real=0.06 secs] 
6282.661: [GC (Allocation Failure) [PSYoungGen: 415840K->100288K(472064K)] 687332K->533144K(1870336K), 0.0929220 secs] [Times: user=0.55 sys=0.00, real=0.10 secs] 
6284.241: [GC (Allocation Failure) [PSYoungGen: 346560K->172544K(419328K)] 779416K->702269K(1817600K), 0.0524617 secs] [Times: user=0.31 sys=0.01, real=0.06 secs] 
6286.717: [GC (Allocation Failure) [PSYoungGen: 418816K->93888K(471552K)] 948541K->795281K(1869824K), 0.1459907 secs] [Times: user=0.87 sys=0.00, real=0.15 secs] 
6287.364: [GC (Allocation Failure) [PSYoungGen: 334016K->175776K(416256K)] 1035409K->965018K(1814528K), 0.0627752 secs] [Times: user=0.38 sys=0.00, real=0.06 secs] 
6289.997: [GC (Allocation Failure) [PSYoungGen: 415904K->91808K(466944K)] 1205146K->1056298K(1865216K), 0.1384184 secs] [Times: user=0.83 sys=0.00, real=0.14 secs] 
6291.545: [GC (Allocation Failure) [PSYoungGen: 325792K->202080K(465920K)] 1290282K->1248043K(1864192K), 0.1388963 secs] [Times: user=0.81 sys=0.00, real=0.14 secs] 
6293.508: [GC (Allocation Failure) [PSYoungGen: 436064K->81600K(465920K)] 1482027K->1296827K(1864192K), 0.1095339 secs] [Times: user=0.64 sys=0.00, real=0.11 secs] 
6293.617: [Full GC (Ergonomics) [PSYoungGen: 81600K->0K(465920K)] [ParOldGen: 1215227K->95713K(1398272K)] 1296827K->95713K(1864192K), [Metaspace: 59676K->59676K(1105920K)], 0.2178919 secs] [Times: user=0.98 sys=0.00, real=0.22 secs] 
6295.260: [GC (Allocation Failure) [PSYoungGen: 231804K->199744K(465920K)] 327517K->295457K(1864192K), 0.0488639 secs] [Times: user=0.29 sys=0.00, real=0.05 secs] 
6296.604: [GC (Allocation Failure) [PSYoungGen: 432704K->91616K(465920K)] 528417K->350489K(1864192K), 0.1051973 secs] [Times: user=0.63 sys=0.00, real=0.10 secs] 
6298.093: [GC (Allocation Failure) [PSYoungGen: 324576K->152928K(465920K)] 583449K->496464K(1864192K), 0.0599396 secs] [Times: user=0.36 sys=0.00, real=0.06 secs] 
6300.056: [GC (Allocation Failure) [PSYoungGen: 385888K->98656K(465920K)] 729424K->595368K(1864192K), 0.0969640 secs] [Times: user=0.57 sys=0.00, real=0.10 secs] 
6301.276: [GC (Allocation Failure) [PSYoungGen: 331616K->149728K(465920K)] 828328K->734525K(1864192K), 0.0611711 secs] [Times: user=0.37 sys=0.00, real=0.06 secs] 
6302.442: [GC (Allocation Failure) [PSYoungGen: 382688K->111200K(465920K)] 967485K->845565K(1864192K), 0.0658992 secs] [Times: user=0.39 sys=0.00, real=0.07 secs] 
6303.619: [GC (Allocation Failure) [PSYoungGen: 344160K->137312K(370688K)] 1078525K->972458K(1768960K), 0.0621013 secs] [Times: user=0.37 sys=0.00, real=0.06 secs] 
6305.170: [GC (Allocation Failure) [PSYoungGen: 370272K->126528K(467968K)] 1205418K->1098874K(1866240K), 0.0813168 secs] [Times: user=0.49 sys=0.00, real=0.08 secs] 
6307.648: [GC (Allocation Failure) [PSYoungGen: 368192K->129952K(459264K)] 1340538K->1209969K(1857536K), 0.0634600 secs] [Times: user=0.38 sys=0.00, real=0.06 secs] 
6308.632: [GC (Allocation Failure) [PSYoungGen: 371616K->142944K(467968K)] 1451633K->1353097K(1866240K), 0.0596305 secs] [Times: user=0.35 sys=0.01, real=0.06 secs] 
6308.692: [Full GC (Ergonomics) [PSYoungGen: 142944K->0K(467968K)] [ParOldGen: 1210153K->156851K(1398272K)] 1353097K->156851K(1866240K), [Metaspace: 59676K->59676K(1105920K)], 0.3704269 secs] [Times: user=1.70 sys=0.01, real=0.37 secs] 
6311.726: [GC (Allocation Failure) [PSYoungGen: 258560K->112192K(464384K)] 415411K->269043K(1862656K), 0.0389635 secs] [Times: user=0.24 sys=0.00, real=0.04 secs] 
6314.973: [GC (Allocation Failure) [PSYoungGen: 370752K->173536K(476160K)] 527603K->441220K(1874432K), 0.0592971 secs] [Times: user=0.35 sys=0.00, real=0.06 secs] 
6317.506: [GC (Allocation Failure) [PSYoungGen: 447968K->115840K(485376K)] 715652K->548412K(1883648K), 0.1225397 secs] [Times: user=0.73 sys=0.00, real=0.12 secs] 
6318.896: [GC (Allocation Failure) [PSYoungGen: 389724K->206304K(439296K)] 822297K->774865K(1837568K), 0.0782022 secs] [Times: user=0.44 sys=0.02, real=0.08 secs] 
6320.868: [GC (Allocation Failure) [PSYoungGen: 439264K->87072K(465920K)] 1007825K->825417K(1864192K), 0.1128713 secs] [Times: user=0.67 sys=0.00, real=0.11 secs] 
6322.101: [GC (Allocation Failure) [PSYoungGen: 320032K->157152K(465920K)] 1058377K->975774K(1864192K), 0.0603963 secs] [Times: user=0.36 sys=0.00, real=0.06 secs] 
6322.912: [GC (Allocation Failure) [PSYoungGen: 390112K->98336K(465920K)] 1208734K->1074346K(1864192K), 0.0640098 secs] [Times: user=0.38 sys=0.01, real=0.07 secs] 
6324.696: [GC (Allocation Failure) [PSYoungGen: 331296K->150432K(465920K)] 1307306K->1214169K(1864192K), 0.0617248 secs] [Times: user=0.37 sys=0.00, real=0.06 secs] 
6326.187: [GC (Allocation Failure) [PSYoungGen: 383392K->103360K(465920K)] 1447129K->1317229K(1864192K), 0.0842476 secs] [Times: user=0.50 sys=0.00, real=0.08 secs] 
6326.272: [Full GC (Ergonomics) [PSYoungGen: 103360K->0K(465920K)] [ParOldGen: 1213869K->117442K(1398272K)] 1317229K->117442K(1864192K), [Metaspace: 59676K->59676K(1105920K)], 0.2616063 secs] [Times: user=1.18 sys=0.00, real=0.27 secs] 
6327.637: [GC (Allocation Failure) [PSYoungGen: 232960K->145504K(465920K)] 350402K->262946K(1864192K), 0.0524893 secs] [Times: user=0.31 sys=0.00, real=0.05 secs] 
6329.931: [GC (Allocation Failure) [PSYoungGen: 378464K->110400K(465920K)] 495906K->373422K(1864192K), 0.0937908 secs] [Times: user=0.55 sys=0.00, real=0.10 secs] 
6331.171: [GC (Allocation Failure) [PSYoungGen: 343360K->138176K(452608K)] 606382K->501061K(1850880K), 0.0616988 secs] [Times: user=0.36 sys=0.00, real=0.06 secs] 
6332.604: [GC (Allocation Failure) [PSYoungGen: 371136K->122656K(459264K)] 734021K->623541K(1857536K), 0.0708038 secs] [Times: user=0.38 sys=0.00, real=0.07 secs] 
6334.364: [GC (Allocation Failure) [PSYoungGen: 355616K->124928K(458752K)] 856501K->738310K(1857024K), 0.0623638 secs] [Times: user=0.38 sys=0.00, real=0.06 secs] 
6336.487: [GC (Allocation Failure) [PSYoungGen: 377344K->151712K(465920K)] 990726K->889950K(1864192K), 0.0579827 secs] [Times: user=0.34 sys=0.00, real=0.06 secs] 
6337.941: [GC (Allocation Failure) [PSYoungGen: 404128K->13184K(460288K)] 1142366K->751446K(1858560K), 0.0047902 secs] [Times: user=0.03 sys=0.00, real=0.01 secs] 
6339.700: [GC (Allocation Failure) [PSYoungGen: 261504K->171136K(419840K)] 999766K->920643K(1818112K), 0.0366744 secs] [Times: user=0.22 sys=0.00, real=0.04 secs] 
6341.961: [GC (Allocation Failure) [PSYoungGen: 419456K->101472K(472064K)] 1168963K->1012811K(1870336K), 0.1147515 secs] [Times: user=0.68 sys=0.00, real=0.12 secs] 
6343.530: [GC (Allocation Failure) [PSYoungGen: 341088K->169216K(409088K)] 1252427K->1177452K(1807360K), 0.0529847 secs] [Times: user=0.31 sys=0.01, real=0.06 secs] 
6345.260: [GC (Allocation Failure) [PSYoungGen: 408832K->92896K(470016K)] 1417068K->1269240K(1868288K), 0.1530081 secs] [Times: user=0.91 sys=0.01, real=0.16 secs] 
6345.413: [Full GC (Ergonomics) [PSYoungGen: 92896K->0K(470016K)] [ParOldGen: 1176344K->68098K(1398272K)] 1269240K->68098K(1868288K), [Metaspace: 59676K->59676K(1105920K)], 0.1781852 secs] [Times: user=0.82 sys=0.00, real=0.17 secs] 
6346.082: [GC (Allocation Failure) [PSYoungGen: 237056K->176576K(465920K)] 305154K->244674K(1864192K), 0.0379534 secs] [Times: user=0.22 sys=0.00, real=0.04 secs] 
6348.447: [GC (Allocation Failure) [PSYoungGen: 413632K->83200K(465920K)] 481730K->327947K(1864192K), 0.1045135 secs] [Times: user=0.62 sys=0.01, real=0.10 secs] 
6349.678: [GC (Allocation Failure) [PSYoungGen: 316160K->172864K(465920K)] 560907K->495023K(1864192K), 0.1476193 secs] [Times: user=0.88 sys=0.00, real=0.15 secs] 
6352.422: [GC (Allocation Failure) [PSYoungGen: 405824K->76480K(465920K)] 727983K->571551K(1864192K), 0.1225978 secs] [Times: user=0.73 sys=0.00, real=0.13 secs] 
6353.005: [GC (Allocation Failure) [PSYoungGen: 309440K->204768K(465920K)] 804511K->769548K(1864192K), 0.0590376 secs] [Times: user=0.35 sys=0.00, real=0.06 secs] 
6354.652: [GC (Allocation Failure) [PSYoungGen: 437728K->87520K(465920K)] 1002508K->823100K(1864192K), 0.1150725 secs] [Times: user=0.68 sys=0.01, real=0.12 secs] 
6356.203: [GC (Allocation Failure) [PSYoungGen: 320480K->197600K(465920K)] 1056060K->1014865K(1864192K), 0.0634820 secs] [Times: user=0.38 sys=0.00, real=0.06 secs] 
6358.036: [GC (Allocation Failure) [PSYoungGen: 430560K->92928K(465920K)] 1247825K->1066561K(1864192K), 0.1009770 secs] [Times: user=0.60 sys=0.00, real=0.10 secs] 
6359.255: [GC (Allocation Failure) [PSYoungGen: 325888K->151232K(465920K)] 1299521K->1211406K(1864192K), 0.0606070 secs] [Times: user=0.37 sys=0.00, real=0.06 secs] 
6360.960: [GC (Allocation Failure) [PSYoungGen: 384192K->98336K(465920K)] 1444366K->1309478K(1864192K), 0.0968474 secs] [Times: user=0.58 sys=0.00, real=0.10 secs] 
6361.057: [Full GC (Ergonomics) [PSYoungGen: 98336K->0K(465920K)] [ParOldGen: 1211142K->112443K(1398272K)] 1309478K->112443K(1864192K), [Metaspace: 59676K->59676K(1105920K)], 0.2571365 secs] [Times: user=1.17 sys=0.01, real=0.26 secs] 
6362.630: [GC (Allocation Failure) [PSYoungGen: 232960K->149632K(465920K)] 345403K->262075K(1864192K), 0.0535389 secs] [Times: user=0.32 sys=0.01, real=0.06 secs] 
6364.555: [GC (Allocation Failure) [PSYoungGen: 382592K->106240K(465920K)] 495035K->368111K(1864192K), 0.1015802 secs] [Times: user=0.60 sys=0.00, real=0.10 secs] 
6365.789: [GC (Allocation Failure) [PSYoungGen: 339200K->141664K(374784K)] 601071K->499384K(1773056K), 0.0607293 secs] [Times: user=0.36 sys=0.00, real=0.06 secs] 
6367.843: [GC (Allocation Failure) [PSYoungGen: 374624K->111680K(470528K)] 732344K->611280K(1868800K), 0.0881005 secs] [Times: user=0.52 sys=0.00, real=0.08 secs] 
6369.230: [GC (Allocation Failure) [PSYoungGen: 351296K->136288K(376320K)] 850896K->736837K(1774592K), 0.0619022 secs] [Times: user=0.36 sys=0.01, real=0.06 secs] 
6371.386: [GC (Allocation Failure) [PSYoungGen: 375904K->131072K(469504K)] 976453K->868005K(1867776K), 0.0696585 secs] [Times: user=0.41 sys=0.00, real=0.07 secs] 
6373.425: [GC (Allocation Failure) [PSYoungGen: 382976K->3040K(461312K)] 1119909K->740013K(1859584K), 0.0026991 secs] [Times: user=0.02 sys=0.00, real=0.00 secs] 
6375.833: [GC (Allocation Failure) [PSYoungGen: 254944K->164416K(461824K)] 991917K->903018K(1860096K), 0.0324609 secs] [Times: user=0.19 sys=0.00, real=0.03 secs] 
6377.185: [GC (Allocation Failure) [PSYoungGen: 403520K->101120K(468992K)] 1142122K->995074K(1867264K), 0.0923952 secs] [Times: user=0.55 sys=0.00, real=0.09 secs] 
6379.896: [GC (Allocation Failure) [PSYoungGen: 340224K->165856K(462336K)] 1234178K->1158183K(1860608K), 0.0528801 secs] [Times: user=0.31 sys=0.00, real=0.05 secs] 
6381.138: [GC (Allocation Failure) [PSYoungGen: 405472K->99136K(468992K)] 1397799K->1248603K(1867264K), 0.0761594 secs] [Times: user=0.45 sys=0.00, real=0.08 secs] 
6382.716: [GC (Allocation Failure) [PSYoungGen: 338752K->166112K(463360K)] 1488219K->1410516K(1861632K), 0.0522327 secs] [Times: user=0.31 sys=0.00, real=0.05 secs] 
6382.769: [Full GC (Ergonomics) [PSYoungGen: 166112K->0K(463360K)] [ParOldGen: 1244404K->210306K(1398272K)] 1410516K->210306K(1861632K), [Metaspace: 59676K->59676K(1105920K)], 0.4843873 secs] [Times: user=2.26 sys=0.01, real=0.49 secs] 
6384.751: [GC (Allocation Failure) [PSYoungGen: 236254K->90944K(469504K)] 446560K->301250K(1867776K), 0.1749460 secs] [Times: user=1.03 sys=0.01, real=0.18 secs] 
6386.143: [GC (Allocation Failure) [PSYoungGen: 331072K->173504K(458240K)] 541378K->470707K(1856512K), 0.0559781 secs] [Times: user=0.33 sys=0.00, real=0.05 secs] 
6388.434: [GC (Allocation Failure) [PSYoungGen: 406464K->74336K(465920K)] 703667K->545099K(1864192K), 0.1564021 secs] [Times: user=0.93 sys=0.00, real=0.15 secs] 
6389.307: [GC (Allocation Failure) [PSYoungGen: 307296K->174272K(465408K)] 778059K->712759K(1863680K), 0.0540447 secs] [Times: user=0.32 sys=0.00, real=0.05 secs] 
6391.067: [GC (Allocation Failure) [PSYoungGen: 407232K->77888K(465920K)] 945719K->790463K(1864192K), 0.0763137 secs] [Times: user=0.45 sys=0.00, real=0.08 secs] 
6391.819: [GC (Allocation Failure) [PSYoungGen: 310848K->174656K(465920K)] 1023423K->958296K(1864192K), 0.0732984 secs] [Times: user=0.43 sys=0.00, real=0.08 secs] 
6393.739: [GC (Allocation Failure) [PSYoungGen: 407616K->81856K(465920K)] 1191256K->1040300K(1864192K), 0.1368201 secs] [Times: user=0.82 sys=0.00, real=0.14 secs] 
6394.982: [GC (Allocation Failure) [PSYoungGen: 314816K->206880K(465920K)] 1273260K->1240865K(1864192K), 0.0739294 secs] [Times: user=0.44 sys=0.00, real=0.08 secs] 
6397.435: [GC (Allocation Failure) [PSYoungGen: 439840K->76992K(465920K)] 1473825K->1283241K(1864192K), 0.1054362 secs] [Times: user=0.62 sys=0.01, real=0.10 secs] 
6397.540: [Full GC (Ergonomics) [PSYoungGen: 76992K->0K(465920K)] [ParOldGen: 1206249K->91143K(1398272K)] 1283241K->91143K(1864192K), [Metaspace: 59676K->59676K(1105920K)], 0.2158930 secs] [Times: user=0.98 sys=0.00, real=0.22 secs] 
6398.287: [GC (Allocation Failure) [PSYoungGen: 230140K->202400K(465920K)] 321284K->293543K(1864192K), 0.0362593 secs] [Times: user=0.22 sys=0.00, real=0.04 secs] 
6400.514: [GC (Allocation Failure) [PSYoungGen: 435360K->80736K(465920K)] 526503K->339343K(1864192K), 0.1228644 secs] [Times: user=0.73 sys=0.01, real=0.12 secs] 
6401.681: [GC (Allocation Failure) [PSYoungGen: 311898K->201120K(465920K)] 570506K->533615K(1864192K), 0.0653425 secs] [Times: user=0.39 sys=0.00, real=0.07 secs] 
6402.681: [GC (Allocation Failure) [PSYoungGen: 432026K->92928K(465920K)] 764521K->589859K(1864192K), 0.1019721 secs] [Times: user=0.61 sys=0.00, real=0.10 secs] 
6404.428: [GC (Allocation Failure) [PSYoungGen: 325888K->150592K(465920K)] 822819K->734050K(1864192K), 0.0601934 secs] [Times: user=0.35 sys=0.00, real=0.06 secs] 
6405.660: [GC (Allocation Failure) [PSYoungGen: 383552K->98368K(465920K)] 967010K->832546K(1864192K), 0.0784480 secs] [Times: user=0.46 sys=0.01, real=0.08 secs] 
6407.336: [GC (Allocation Failure) [PSYoungGen: 331328K->150304K(465920K)] 1065506K->971799K(1864192K), 0.0606377 secs] [Times: user=0.36 sys=0.00, real=0.06 secs] 
6409.045: [GC (Allocation Failure) [PSYoungGen: 383264K->113920K(465920K)] 1204759K->1085743K(1864192K), 0.0856357 secs] [Times: user=0.51 sys=0.00, real=0.08 secs] 
6410.427: [GC (Allocation Failure) [PSYoungGen: 346880K->142528K(465920K)] 1318703K->1209323K(1864192K), 0.0615480 secs] [Times: user=0.37 sys=0.00, real=0.06 secs] 
6411.848: [GC (Allocation Failure) [PSYoungGen: 375488K->115488K(348672K)] 1442283K->1324612K(1746944K), 0.0632998 secs] [Times: user=0.38 sys=0.00, real=0.06 secs] 
6411.912: [Full GC (Ergonomics) [PSYoungGen: 115488K->0K(348672K)] [ParOldGen: 1209123K->129629K(1398272K)] 1324612K->129629K(1746944K), [Metaspace: 59676K->59676K(1105920K)], 0.3049199 secs] [Times: user=1.40 sys=0.00, real=0.31 secs] 
6413.625: [GC (Allocation Failure) [PSYoungGen: 232960K->133472K(471552K)] 362589K->263101K(1869824K), 0.0463366 secs] [Times: user=0.27 sys=0.00, real=0.04 secs] 
6415.851: [GC (Allocation Failure) [PSYoungGen: 375136K->133984K(375808K)] 504765K->396953K(1774080K), 0.0822799 secs] [Times: user=0.49 sys=0.00, real=0.09 secs] 
6417.073: [GC (Allocation Failure) [PSYoungGen: 375648K->2016K(447488K)] 638617K->265093K(1845760K), 0.0018832 secs] [Times: user=0.01 sys=0.00, real=0.00 secs] 
6418.268: [GC (Allocation Failure) [PSYoungGen: 236000K->145984K(461312K)] 499077K->410652K(1859584K), 0.0289579 secs] [Times: user=0.16 sys=0.00, real=0.03 secs] 
6420.608: [GC (Allocation Failure) [PSYoungGen: 379968K->3968K(459776K)] 644636K->268724K(1858048K), 0.0021687 secs] [Times: user=0.01 sys=0.00, real=0.00 secs] 
6422.322: [GC (Allocation Failure) [PSYoungGen: 236928K->159360K(465920K)] 501684K->426696K(1864192K), 0.0304212 secs] [Times: user=0.18 sys=0.00, real=0.04 secs] 
6424.416: [GC (Allocation Failure) [PSYoungGen: 392320K->102592K(461824K)] 659656K->511564K(1860096K), 0.0674021 secs] [Times: user=0.40 sys=0.00, real=0.07 secs] 
6426.062: [GC (Allocation Failure) [PSYoungGen: 335552K->155584K(463872K)] 744524K->665513K(1862144K), 0.0529500 secs] [Times: user=0.32 sys=0.00, real=0.06 secs] 
6427.208: [GC (Allocation Failure) [PSYoungGen: 388544K->100128K(456704K)] 898473K->755957K(1854976K), 0.0669775 secs] [Times: user=0.40 sys=0.00, real=0.07 secs] 
6428.058: [GC (Allocation Failure) [PSYoungGen: 335136K->165248K(461312K)] 990965K->919315K(1859584K), 0.0536611 secs] [Times: user=0.32 sys=0.00, real=0.05 secs] 
6429.272: [GC (Allocation Failure) [PSYoungGen: 400256K->95232K(465920K)] 1154323K->1005683K(1864192K), 0.0690410 secs] [Times: user=0.41 sys=0.00, real=0.07 secs] 
6431.011: [GC (Allocation Failure) [PSYoungGen: 320911K->159456K(465920K)] 1231363K->1162906K(1864192K), 0.0506467 secs] [Times: user=0.30 sys=0.00, real=0.05 secs] 
6432.701: [GC (Allocation Failure) [PSYoungGen: 399072K->93152K(465920K)] 1402522K->1247802K(1864192K), 0.0683241 secs] [Times: user=0.40 sys=0.01, real=0.07 secs] 
6432.770: [Full GC (Ergonomics) [PSYoungGen: 93152K->0K(465920K)] [ParOldGen: 1154650K->43013K(1398272K)] 1247802K->43013K(1864192K), [Metaspace: 59676K->59676K(1105920K)], 0.0832692 secs] [Times: user=0.32 sys=0.00, real=0.09 secs] 
6434.843: [GC (Allocation Failure) [PSYoungGen: 241664K->167744K(409600K)] 284677K->210757K(1807872K), 0.0524126 secs] [Times: user=0.30 sys=0.00, real=0.05 secs] 
6438.243: [GC (Allocation Failure) [PSYoungGen: 409408K->85216K(470528K)] 452421K->295761K(1868800K), 0.1717100 secs] [Times: user=1.02 sys=0.00, real=0.18 secs] 
6440.036: [GC (Allocation Failure) [PSYoungGen: 323296K->173504K(411648K)] 533841K->464333K(1809920K), 0.0548988 secs] [Times: user=0.33 sys=0.00, real=0.05 secs] 
6443.239: [GC (Allocation Failure) [PSYoungGen: 411584K->81216K(465920K)] 702413K->545418K(1864192K), 0.1439399 secs] [Times: user=0.86 sys=0.00, real=0.15 secs] 
6443.960: [GC (Allocation Failure) [PSYoungGen: 314176K->188384K(465920K)] 778378K->727802K(1864192K), 0.0553042 secs] [Times: user=0.33 sys=0.00, real=0.06 secs] 
6446.106: [GC (Allocation Failure) [PSYoungGen: 421344K->78112K(465920K)] 960762K->789466K(1864192K), 0.1400950 secs] [Times: user=0.83 sys=0.00, real=0.14 secs] 
6447.292: [GC (Allocation Failure) [PSYoungGen: 311072K->166656K(465920K)] 1022426K->950039K(1864192K), 0.1422251 secs] [Times: user=0.84 sys=0.00, real=0.15 secs] 
6450.398: [GC (Allocation Failure) [PSYoungGen: 399616K->79392K(465920K)] 1182999K->1029271K(1864192K), 0.1319237 secs] [Times: user=0.78 sys=0.00, real=0.13 secs] 
6450.884: [GC (Allocation Failure) [PSYoungGen: 312352K->177408K(465920K)] 1262231K->1199980K(1864192K), 0.0570445 secs] [Times: user=0.34 sys=0.00, real=0.05 secs] 
6452.926: [GC (Allocation Failure) [PSYoungGen: 410368K->79616K(465920K)] 1432940K->1279740K(1864192K), 0.1455231 secs] [Times: user=0.86 sys=0.00, real=0.14 secs] 
6453.072: [Full GC (Ergonomics) [PSYoungGen: 79616K->0K(465920K)] [ParOldGen: 1200124K->84619K(1398272K)] 1279740K->84619K(1864192K), [Metaspace: 59676K->59676K(1105920K)], 0.2123490 secs] [Times: user=0.98 sys=0.00, real=0.22 secs] 
6454.105: [GC (Allocation Failure) [PSYoungGen: 232960K->171744K(465920K)] 317579K->256363K(1864192K), 0.1170323 secs] [Times: user=0.69 sys=0.00, real=0.11 secs] 
6457.231: [GC (Allocation Failure) [PSYoungGen: 404704K->71520K(465920K)] 489323K->328179K(1864192K), 0.1349882 secs] [Times: user=0.80 sys=0.01, real=0.14 secs] 
6457.636: [GC (Allocation Failure) [PSYoungGen: 304480K->172576K(465920K)] 561139K->494392K(1864192K), 0.0536999 secs] [Times: user=0.32 sys=0.00, real=0.05 secs] 
6460.138: [GC (Allocation Failure) [PSYoungGen: 405536K->86432K(465920K)] 727352K->580320K(1864192K), 0.1235356 secs] [Times: user=0.73 sys=0.00, real=0.12 secs] 
6462.036: [GC (Allocation Failure) [PSYoungGen: 318834K->198880K(465920K)] 812722K->769068K(1864192K), 0.0597943 secs] [Times: user=0.35 sys=0.00, real=0.06 secs] 
6463.509: [GC (Allocation Failure) [PSYoungGen: 431840K->88000K(465920K)] 1002028K->822492K(1864192K), 0.0818144 secs] [Times: user=0.48 sys=0.01, real=0.08 secs] 
6466.123: [GC (Allocation Failure) [PSYoungGen: 315742K->192576K(465920K)] 1050235K->1009225K(1864192K), 0.0665349 secs] [Times: user=0.40 sys=0.00, real=0.06 secs] 
6467.421: [GC (Allocation Failure) [PSYoungGen: 425536K->87872K(465920K)] 1242185K->1060473K(1864192K), 0.1048824 secs] [Times: user=0.62 sys=0.00, real=0.11 secs] 
6470.079: [GC (Allocation Failure) [PSYoungGen: 318568K->193440K(465920K)] 1291170K->1247578K(1864192K), 0.0670200 secs] [Times: user=0.40 sys=0.01, real=0.07 secs] 
6471.209: [GC (Allocation Failure) [PSYoungGen: 426400K->92256K(465920K)] 1480538K->1302894K(1864192K), 0.0977418 secs] [Times: user=0.59 sys=0.00, real=0.10 secs] 
6471.307: [Full GC (Ergonomics) [PSYoungGen: 92256K->0K(465920K)] [ParOldGen: 1210638K->107278K(1398272K)] 1302894K->107278K(1864192K), [Metaspace: 59676K->59676K(1105920K)], 0.2524289 secs] [Times: user=1.15 sys=0.00, real=0.25 secs] 
6473.165: [GC (Allocation Failure) [PSYoungGen: 232960K->152512K(465920K)] 340238K->259790K(1864192K), 0.0433117 secs] [Times: user=0.26 sys=0.00, real=0.04 secs] 
6473.969: [GC (Allocation Failure) [PSYoungGen: 385472K->99648K(465920K)] 492750K->359390K(1864192K), 0.1060675 secs] [Times: user=0.63 sys=0.00, real=0.11 secs] 
6475.996: [GC (Allocation Failure) [PSYoungGen: 332608K->148864K(465920K)] 592350K->497426K(1864192K), 0.0605332 secs] [Times: user=0.36 sys=0.00, real=0.06 secs] 
6478.390: [GC (Allocation Failure) [PSYoungGen: 381824K->103264K(465920K)] 730386K->600682K(1864192K), 0.0934721 secs] [Times: user=0.55 sys=0.00, real=0.10 secs] 
6479.638: [GC (Allocation Failure) [PSYoungGen: 336224K->144800K(465920K)] 833642K->734688K(1864192K), 0.0604386 secs] [Times: user=0.36 sys=0.00, real=0.06 secs] 
6481.000: [GC (Allocation Failure) [PSYoungGen: 377760K->116352K(458752K)] 967648K->851264K(1857024K), 0.0657357 secs] [Times: user=0.39 sys=0.00, real=0.07 secs] 
6483.301: [GC (Allocation Failure) [PSYoungGen: 349312K->131072K(462336K)] 1084224K->972281K(1860608K), 0.0618686 secs] [Times: user=0.37 sys=0.00, real=0.06 secs] 
6485.655: [GC (Allocation Failure) [PSYoungGen: 364032K->117184K(460800K)] 1205241K->1089633K(1859072K), 0.0777520 secs] [Times: user=0.46 sys=0.00, real=0.07 secs] 
6486.925: [GC (Allocation Failure) [PSYoungGen: 366528K->1824K(462336K)] 1338977K->974369K(1860608K), 0.0022284 secs] [Times: user=0.01 sys=0.00, real=0.00 secs] 
6489.025: [GC (Allocation Failure) [PSYoungGen: 251168K->150944K(468992K)] 1223713K->1124066K(1867264K), 0.0301240 secs] [Times: user=0.18 sys=0.00, real=0.03 secs] 
6490.159: [GC (Allocation Failure) [PSYoungGen: 394144K->11456K(254976K)] 1367266K->984766K(1653248K), 0.0038821 secs] [Times: user=0.02 sys=0.00, real=0.01 secs] 
6491.809: [GC (Allocation Failure) [PSYoungGen: 254656K->179680K(465920K)] 1227966K->1162475K(1864192K), 0.0366210 secs] [Times: user=0.21 sys=0.00, real=0.04 secs] 
6492.878: [GC (Allocation Failure) [PSYoungGen: 412640K->93152K(465920K)] 1395435K->1238699K(1864192K), 0.0701794 secs] [Times: user=0.42 sys=0.00, real=0.07 secs] 
6492.948: [Full GC (Ergonomics) [PSYoungGen: 93152K->0K(465920K)] [ParOldGen: 1145547K->42531K(1398272K)] 1238699K->42531K(1864192K), [Metaspace: 59676K->59676K(1105920K)], 0.0803372 secs] [Times: user=0.31 sys=0.00, real=0.08 secs] 
6495.198: [GC (Allocation Failure) [PSYoungGen: 225204K->159360K(465920K)] 267735K->201891K(1864192K), 0.0312845 secs] [Times: user=0.19 sys=0.00, real=0.03 secs] 
6496.329: [GC (Allocation Failure) [PSYoungGen: 392320K->93184K(465920K)] 434851K->286099K(1864192K), 0.0670399 secs] [Times: user=0.39 sys=0.00, real=0.07 secs] 
6498.750: [GC (Allocation Failure) [PSYoungGen: 320211K->159712K(465920K)] 513127K->440032K(1864192K), 0.0470970 secs] [Times: user=0.28 sys=0.00, real=0.05 secs] 
6499.842: [GC (Allocation Failure) [PSYoungGen: 392672K->92096K(465920K)] 672992K->523528K(1864192K), 0.0650214 secs] [Times: user=0.39 sys=0.00, real=0.07 secs] 
6501.817: [GC (Allocation Failure) [PSYoungGen: 315100K->158624K(465920K)] 746533K->678605K(1864192K), 0.0480520 secs] [Times: user=0.28 sys=0.00, real=0.05 secs] 
6502.912: [GC (Allocation Failure) [PSYoungGen: 391584K->94976K(328192K)] 911565K->764893K(1726464K), 0.0665960 secs] [Times: user=0.39 sys=0.00, real=0.07 secs] 
6504.664: [GC (Allocation Failure) [PSYoungGen: 316727K->156672K(459264K)] 986645K->917882K(1857536K), 0.0488003 secs] [Times: user=0.28 sys=0.00, real=0.04 secs] 
6505.926: [GC (Allocation Failure) [PSYoungGen: 386560K->90752K(462336K)] 1147770K->999146K(1860608K), 0.0892194 secs] [Times: user=0.53 sys=0.00, real=0.09 secs] 
6506.992: [GC (Allocation Failure) [PSYoungGen: 309644K->159584K(459776K)] 1218038K->1155103K(1858048K), 0.0484054 secs] [Times: user=0.27 sys=0.00, real=0.05 secs] 
6508.094: [GC (Allocation Failure) [PSYoungGen: 392544K->91840K(463872K)] 1388063K->1238395K(1862144K), 0.0667375 secs] [Times: user=0.39 sys=0.00, real=0.06 secs] 
6509.366: [GC (Allocation Failure) [PSYoungGen: 315099K->158400K(463360K)] 1461655K->1393988K(1861632K), 0.0487829 secs] [Times: user=0.29 sys=0.00, real=0.05 secs] 
6509.415: [Full GC (Ergonomics) [PSYoungGen: 158400K->0K(463360K)] [ParOldGen: 1235588K->197304K(1398272K)] 1393988K->197304K(1861632K), [Metaspace: 59677K->59677K(1105920K)], 0.4796584 secs] [Times: user=2.24 sys=0.00, real=0.48 secs] 
6511.271: [GC (Allocation Failure) [PSYoungGen: 237568K->94144K(466944K)] 434872K->291448K(1865216K), 0.0297079 secs] [Times: user=0.17 sys=0.00, real=0.03 secs] 
6513.060: [GC (Allocation Failure) [PSYoungGen: 316916K->156512K(464384K)] 514221K->444620K(1862656K), 0.0480469 secs] [Times: user=0.29 sys=0.00, real=0.05 secs] 
6514.224: [GC (Allocation Failure) [PSYoungGen: 397152K->96832K(467456K)] 685260K->532708K(1865728K), 0.0826567 secs] [Times: user=0.49 sys=0.00, real=0.08 secs] 
6515.106: [GC (Allocation Failure) [PSYoungGen: 337472K->172416K(460288K)] 773348K->701569K(1858560K), 0.0512364 secs] [Times: user=0.30 sys=0.00, real=0.05 secs] 
6517.691: [GC (Allocation Failure) [PSYoungGen: 411257K->85920K(468992K)] 940411K->787005K(1867264K), 0.1398621 secs] [Times: user=0.83 sys=0.00, real=0.14 secs] 
6519.089: [GC (Allocation Failure) [PSYoungGen: 325024K->172096K(459776K)] 1026109K->955082K(1858048K), 0.0563348 secs] [Times: user=0.34 sys=0.00, real=0.06 secs] 
6521.133: [GC (Allocation Failure) [PSYoungGen: 405056K->76992K(465920K)] 1188042K->1032034K(1864192K), 0.1803990 secs] [Times: user=1.07 sys=0.00, real=0.19 secs] 
6521.805: [GC (Allocation Failure) [PSYoungGen: 309952K->176256K(465408K)] 1264994K->1201515K(1863680K), 0.0553982 secs] [Times: user=0.33 sys=0.00, real=0.05 secs] 
6523.447: [GC (Allocation Failure) [PSYoungGen: 409216K->81088K(465920K)] 1434475K->1282699K(1864192K), 0.1198338 secs] [Times: user=0.71 sys=0.00, real=0.12 secs] 
6523.567: [Full GC (Ergonomics) [PSYoungGen: 81088K->0K(465920K)] [ParOldGen: 1201611K->82037K(1398272K)] 1282699K->82037K(1864192K), [Metaspace: 59677K->59677K(1105920K)], 0.1941430 secs] [Times: user=0.88 sys=0.00, real=0.19 secs] 
6524.896: [GC (Allocation Failure) [PSYoungGen: 232960K->189056K(465920K)] 314997K->271093K(1864192K), 0.1035276 secs] [Times: user=0.62 sys=0.00, real=0.10 secs] 
6527.955: [GC (Allocation Failure) [PSYoungGen: 422016K->75168K(465920K)] 504053K->330173K(1864192K), 0.1443656 secs] [Times: user=0.86 sys=0.00, real=0.14 secs] 
6528.464: [GC (Allocation Failure) [PSYoungGen: 308128K->206272K(465920K)] 563133K->530338K(1864192K), 0.0559579 secs] [Times: user=0.33 sys=0.01, real=0.05 secs] 
6531.428: [GC (Allocation Failure) [PSYoungGen: 439232K->79072K(465920K)] 763298K->576242K(1864192K), 0.1298643 secs] [Times: user=0.77 sys=0.00, real=0.13 secs] 
6532.353: [GC (Allocation Failure) [PSYoungGen: 312032K->206080K(465920K)] 809202K->776203K(1864192K), 0.0612018 secs] [Times: user=0.36 sys=0.00, real=0.06 secs] 
6534.656: [GC (Allocation Failure) [PSYoungGen: 439040K->85984K(465920K)] 1009163K->821455K(1864192K), 0.1174890 secs] [Times: user=0.70 sys=0.00, real=0.12 secs] 
6535.869: [GC (Allocation Failure) [PSYoungGen: 318944K->201096K(465920K)] 1054415K->1016612K(1864192K), 0.0699804 secs] [Times: user=0.42 sys=0.00, real=0.07 secs] 
6537.560: [GC (Allocation Failure) [PSYoungGen: 434056K->93344K(465920K)] 1249572K->1066747K(1864192K), 0.1002949 secs] [Times: user=0.59 sys=0.01, real=0.10 secs] 
6539.240: [GC (Allocation Failure) [PSYoungGen: 326304K->151456K(465920K)] 1299707K->1211444K(1864192K), 0.0610581 secs] [Times: user=0.37 sys=0.00, real=0.06 secs] 
6540.729: [GC (Allocation Failure) [PSYoungGen: 384416K->105472K(465920K)] 1444404K->1316824K(1864192K), 0.0893170 secs] [Times: user=0.52 sys=0.00, real=0.09 secs] 
6540.818: [Full GC (Ergonomics) [PSYoungGen: 105472K->0K(465920K)] [ParOldGen: 1211352K->112378K(1398272K)] 1316824K->112378K(1864192K), [Metaspace: 59677K->59677K(1105920K)], 0.2500754 secs] [Times: user=1.13 sys=0.01, real=0.25 secs] 
6543.642: [GC (Allocation Failure) [PSYoungGen: 232960K->150688K(465920K)] 345338K->263066K(1864192K), 0.0552279 secs] [Times: user=0.33 sys=0.00, real=0.06 secs] 
6546.333: [GC (Allocation Failure) [PSYoungGen: 383648K->97600K(465920K)] 496026K->360678K(1864192K), 0.1180057 secs] [Times: user=0.71 sys=0.00, real=0.12 secs] 
6547.713: [GC (Allocation Failure) [PSYoungGen: 330560K->150560K(465920K)] 593638K->500717K(1864192K), 0.0601833 secs] [Times: user=0.36 sys=0.00, real=0.06 secs] 
6548.954: [GC (Allocation Failure) [PSYoungGen: 383520K->107712K(465920K)] 733677K->608413K(1864192K), 0.0944021 secs] [Times: user=0.56 sys=0.00, real=0.09 secs] 
6550.780: [GC (Allocation Failure) [PSYoungGen: 340672K->140224K(461824K)] 841373K->737932K(1860096K), 0.0613979 secs] [Times: user=0.37 sys=0.00, real=0.06 secs] 
6551.473: [GC (Allocation Failure) [PSYoungGen: 373184K->121344K(354816K)] 970892K->859492K(1753088K), 0.0598005 secs] [Times: user=0.35 sys=0.00, real=0.06 secs] 
6553.879: [GC (Allocation Failure) [PSYoungGen: 354304K->126784K(470016K)] 1092452K->976003K(1868288K), 0.0625869 secs] [Times: user=0.37 sys=0.00, real=0.06 secs] 
6554.675: [GC (Allocation Failure) [PSYoungGen: 374592K->142240K(461312K)] 1223811K->1118411K(1859584K), 0.0606762 secs] [Times: user=0.36 sys=0.00, real=0.06 secs] 
6556.454: [GC (Allocation Failure) [PSYoungGen: 390048K->5408K(459776K)] 1366219K->981603K(1858048K), 0.0033325 secs] [Times: user=0.01 sys=0.00, real=0.00 secs] 
6557.972: [GC (Allocation Failure) [PSYoungGen: 255264K->173856K(423936K)] 1231459K->1154297K(1822208K), 0.0340776 secs] [Times: user=0.20 sys=0.00, real=0.04 secs] 
6559.099: [GC (Allocation Failure) [PSYoungGen: 423712K->107872K(473600K)] 1404153K->1244541K(1871872K), 0.0701277 secs] [Times: user=0.42 sys=0.00, real=0.07 secs] 
6559.644: [GC (Allocation Failure) [PSYoungGen: 348512K->174624K(465920K)] 1485181K->1415570K(1864192K), 0.0559592 secs] [Times: user=0.33 sys=0.00, real=0.05 secs] 
6559.700: [Full GC (Ergonomics) [PSYoungGen: 174624K->0K(465920K)] [ParOldGen: 1240946K->214805K(1398272K)] 1415570K->214805K(1864192K), [Metaspace: 59677K->59677K(1105920K)], 0.5052398 secs] [Times: user=2.36 sys=0.00, real=0.51 secs] 
6561.389: [GC (Allocation Failure) [PSYoungGen: 240640K->84064K(467968K)] 455445K->298869K(1866240K), 0.1008151 secs] [Times: user=0.60 sys=0.00, real=0.10 secs] 
6561.984: [GC (Allocation Failure) [PSYoungGen: 319072K->172352K(465920K)] 533877K->466925K(1864192K), 0.0554504 secs] [Times: user=0.33 sys=0.00, real=0.05 secs] 
Heap
 PSYoungGen      total 465920K, used 303719K [0x00000000d5580000, 0x0000000100000000, 0x0000000100000000)
  eden space 23500