5.893: [GC (Allocation Failure) [PSYoungGen: 128000K->12467K(148992K)] 128000K->12547K(488960K), 0.0176557 secs] [Times: user=0.02 sys=0.01, real=0.02 secs] 
6.389: [GC (Metadata GC Threshold) [PSYoungGen: 48863K->6079K(148992K)] 48943K->6175K(488960K), 0.0051117 secs] [Times: user=0.02 sys=0.01, real=0.00 secs] 
6.394: [Full GC (Metadata GC Threshold) [PSYoungGen: 6079K->0K(148992K)] [ParOldGen: 96K->5938K(134144K)] 6175K->5938K(283136K), [Metaspace: 20458K->20458K(1067008K)], 0.0213938 secs] [Times: user=0.06 sys=0.00, real=0.02 secs] 
7.728: [GC (Allocation Failure) [PSYoungGen: 128000K->9864K(148992K)] 133938K->15810K(283136K), 0.0026684 secs] [Times: user=0.01 sys=0.00, real=0.00 secs] 
8.324: [GC (Metadata GC Threshold) [PSYoungGen: 37906K->4708K(148992K)] 43852K->10662K(283136K), 0.0028788 secs] [Times: user=0.01 sys=0.00, real=0.00 secs] 
8.327: [Full GC (Metadata GC Threshold) [PSYoungGen: 4708K->0K(148992K)] [ParOldGen: 5954K->8881K(223744K)] 10662K->8881K(372736K), [Metaspace: 33747K->33747K(1081344K)], 0.0304702 secs] [Times: user=0.08 sys=0.00, real=0.04 secs] 
9.686: [GC (Allocation Failure) [PSYoungGen: 128000K->13024K(148992K)] 136881K->21914K(372736K), 0.0046872 secs] [Times: user=0.02 sys=0.00, real=0.01 secs] 
10.535: [GC (Allocation Failure) [PSYoungGen: 137678K->12141K(183296K)] 146568K->53807K(407040K), 0.0173785 secs] [Times: user=0.07 sys=0.01, real=0.02 secs] 
11.226: [GC (Allocation Failure) [PSYoungGen: 174615K->4512K(184320K)] 216280K->111721K(408064K), 0.0103148 secs] [Times: user=0.04 sys=0.01, real=0.01 secs] 
11.645: [GC (Allocation Failure) [PSYoungGen: 162380K->4512K(270336K)] 269590K->177257K(494080K), 0.0083466 secs] [Times: user=0.05 sys=0.01, real=0.01 secs] 
11.653: [Full GC (Ergonomics) [PSYoungGen: 4512K->0K(270336K)] [ParOldGen: 172745K->159444K(502784K)] 177257K->159444K(773120K), [Metaspace: 52279K->52279K(1097728K)], 0.0551228 secs] [Times: user=0.23 sys=0.00, real=0.06 secs] 
12.424: [GC (Allocation Failure) [PSYoungGen: 253440K->16895K(270336K)] 412884K->358030K(773120K), 0.0258162 secs] [Times: user=0.05 sys=0.02, real=0.03 secs] 
12.830: [GC (Allocation Failure) [PSYoungGen: 270335K->92659K(419840K)] 611470K->542525K(922624K), 0.0297097 secs] [Times: user=0.03 sys=0.00, real=0.03 secs] 
12.860: [Full GC (Ergonomics) [PSYoungGen: 92659K->0K(419840K)] [ParOldGen: 449866K->408718K(895488K)] 542525K->408718K(1315328K), [Metaspace: 52356K->52356K(1097728K)], 0.0535475 secs] [Times: user=0.23 sys=0.01, real=0.05 secs] 
13.827: [GC (Allocation Failure) [PSYoungGen: 327168K->109471K(436736K)] 735886K->607650K(1332224K), 0.0469726 secs] [Times: user=0.05 sys=0.02, real=0.05 secs] 
15.490: [GC (Allocation Failure) [PSYoungGen: 436639K->79819K(559104K)] 934818K->577998K(1454592K), 0.0106387 secs] [Times: user=0.01 sys=0.00, real=0.01 secs] 
15.995: [GC (Allocation Failure) [PSYoungGen: 509387K->134633K(564224K)] 1007566K->842562K(1459712K), 0.0398752 secs] [Times: user=0.04 sys=0.01, real=0.04 secs] 
16.035: [Full GC (Ergonomics) [PSYoungGen: 134633K->0K(564224K)] [ParOldGen: 707929K->551900K(1136128K)] 842562K->551900K(1700352K), [Metaspace: 52842K->52842K(1097728K)], 0.0510905 secs] [Times: user=0.24 sys=0.00, real=0.05 secs] 
17.487: [GC (Allocation Failure) [PSYoungGen: 429568K->91100K(510976K)] 981468K->643009K(1647104K), 0.0109457 secs] [Times: user=0.02 sys=0.00, real=0.02 secs] 
17.981: [GC (Allocation Failure) [PSYoungGen: 467420K->161271K(537600K)] 1019329K->854041K(1673728K), 0.0317754 secs] [Times: user=0.04 sys=0.00, real=0.03 secs] 
21.092: [GC (Allocation Failure) [PSYoungGen: 537591K->161268K(421888K)] 1230361K->876147K(1558016K), 0.0340526 secs] [Times: user=0.06 sys=0.01, real=0.03 secs] 
23.120: [GC (Allocation Failure) [PSYoungGen: 421876K->101046K(479744K)] 1136755K->816393K(1615872K), 0.0122504 secs] [Times: user=0.02 sys=0.00, real=0.01 secs] 
23.435: [GC (Allocation Failure) [PSYoungGen: 361654K->207467K(445952K)] 1077001K->924061K(1582080K), 0.0223983 secs] [Times: user=0.03 sys=0.00, real=0.03 secs] 
23.888: [GC (Allocation Failure) [PSYoungGen: 440427K->175773K(465920K)] 1157021K->892639K(1602048K), 0.0222517 secs] [Times: user=0.03 sys=0.00, real=0.02 secs] 
24.806: [GC (Allocation Failure) [PSYoungGen: 408733K->32928K(465920K)] 1125599K->751252K(1602048K), 0.0039228 secs] [Times: user=0.02 sys=0.00, real=0.01 secs] 
25.310: [GC (Allocation Failure) [PSYoungGen: 265888K->133562K(465920K)] 984212K->851910K(1602048K), 0.0151331 secs] [Times: user=0.02 sys=0.00, real=0.01 secs] 
25.588: [GC (Allocation Failure) [PSYoungGen: 366522K->184301K(465920K)] 1084870K->903903K(1602048K), 0.0203624 secs] [Times: user=0.03 sys=0.00, real=0.02 secs] 
25.964: [GC (Allocation Failure) [PSYoungGen: 417261K->168455K(465920K)] 1136863K->888330K(1602048K), 0.0199899 secs] [Times: user=0.03 sys=0.00, real=0.02 secs] 
26.849: [GC (Allocation Failure) [PSYoungGen: 401415K->96K(465920K)] 1121290K->721418K(1602048K), 0.0022748 secs] [Times: user=0.01 sys=0.00, real=0.00 secs] 
27.309: [GC (Allocation Failure) [PSYoungGen: 233056K->142427K(465920K)] 954378K->863758K(1602048K), 0.0158741 secs] [Times: user=0.03 sys=0.00, real=0.01 secs] 
27.589: [GC (Allocation Failure) [PSYoungGen: 375387K->184333K(465920K)] 1096718K->907038K(1602048K), 0.0202197 secs] [Times: user=0.02 sys=0.00, real=0.02 secs] 
28.518: [GC (Allocation Failure) [PSYoungGen: 416256K->159555K(465920K)] 1138961K->882533K(1602048K), 0.0407948 secs] [Times: user=0.06 sys=0.00, real=0.04 secs] 
31.564: [GC (Allocation Failure) [PSYoungGen: 392515K->160K(465920K)] 1115493K->724453K(1602048K), 0.0031911 secs] [Times: user=0.01 sys=0.00, real=0.01 secs] 
32.531: [GC (Allocation Failure) [PSYoungGen: 233120K->146800K(465920K)] 957413K->871125K(1602048K), 0.0164714 secs] [Times: user=0.02 sys=0.00, real=0.02 secs] 
32.810: [GC (Allocation Failure) [PSYoungGen: 379760K->183787K(465920K)] 1104085K->909358K(1602048K), 0.0201973 secs] [Times: user=0.02 sys=0.00, real=0.02 secs] 
33.364: [GC (Allocation Failure) [PSYoungGen: 416747K->159859K(465920K)] 1142318K->885703K(1602048K), 0.0202203 secs] [Times: user=0.03 sys=0.00, real=0.02 secs] 
34.792: [GC (Allocation Failure) [PSYoungGen: 392819K->96K(465920K)] 1118663K->727387K(1602048K), 0.0022162 secs] [Times: user=0.01 sys=0.00, real=0.00 secs] 
35.435: [GC (Allocation Failure) [PSYoungGen: 233056K->154383K(465920K)] 960347K->881690K(1602048K), 0.0171843 secs] [Times: user=0.02 sys=0.00, real=0.02 secs] 
35.716: [GC (Allocation Failure) [PSYoungGen: 387343K->183787K(465920K)] 1114650K->912340K(1602048K), 0.0202299 secs] [Times: user=0.03 sys=0.00, real=0.02 secs] 
36.244: [GC (Allocation Failure) [PSYoungGen: 416747K->152228K(465920K)] 1145300K->881054K(1602048K), 0.0186627 secs] [Times: user=0.03 sys=0.00, real=0.02 secs] 
37.174: [GC (Allocation Failure) [PSYoungGen: 385188K->96K(465920K)] 1114014K->730365K(1602048K), 0.0023388 secs] [Times: user=0.01 sys=0.00, real=0.00 secs] 
37.605: [GC (Allocation Failure) [PSYoungGen: 233056K->163476K(465920K)] 963325K->893762K(1602048K), 0.0180491 secs] [Times: user=0.03 sys=0.00, real=0.02 secs] 
37.945: [GC (Allocation Failure) [PSYoungGen: 396436K->184430K(465920K)] 1126722K->915953K(1602048K), 0.0204918 secs] [Times: user=0.02 sys=0.00, real=0.02 secs] 
38.474: [GC (Allocation Failure) [PSYoungGen: 417390K->142444K(465920K)] 1148913K->874233K(1602048K), 0.0187154 secs] [Times: user=0.03 sys=0.00, real=0.02 secs] 
39.498: [GC (Allocation Failure) [PSYoungGen: 375404K->64K(465920K)] 1107193K->733157K(1602048K), 0.0024776 secs] [Times: user=0.01 sys=0.00, real=0.00 secs] 
39.857: [GC (Allocation Failure) [PSYoungGen: 232966K->172762K(465920K)] 966059K->905880K(1602048K), 0.0189817 secs] [Times: user=0.03 sys=0.00, real=0.02 secs] 
40.145: [GC (Allocation Failure) [PSYoungGen: 405722K->184558K(465920K)] 1138840K->918922K(1602048K), 0.0204972 secs] [Times: user=0.03 sys=0.00, real=0.02 secs] 
40.686: [GC (Allocation Failure) [PSYoungGen: 417518K->141302K(465920K)] 1151882K->876067K(1602048K), 0.0167573 secs] [Times: user=0.03 sys=0.00, real=0.02 secs] 
41.748: [GC (Allocation Failure) [PSYoungGen: 374262K->96K(465920K)] 1109027K->736178K(1602048K), 0.0025017 secs] [Times: user=0.01 sys=0.00, real=0.00 secs] 
42.054: [GC (Allocation Failure) [PSYoungGen: 233056K->184972K(465920K)] 969138K->921078K(1602048K), 0.0202348 secs] [Times: user=0.03 sys=0.01, real=0.02 secs] 
42.338: [GC (Allocation Failure) [PSYoungGen: 417932K->184815K(465920K)] 1154038K->922159K(1602048K), 0.0203274 secs] [Times: user=0.03 sys=0.00, real=0.02 secs] 
44.106: [GC (Allocation Failure) [PSYoungGen: 417775K->128803K(465920K)] 1155119K->866412K(1602048K), 0.0336388 secs] [Times: user=0.06 sys=0.00, real=0.04 secs] 
45.076: [GC (Allocation Failure) [PSYoungGen: 361763K->10212K(465920K)] 1099372K->748127K(1602048K), 0.0033418 secs] [Times: user=0.01 sys=0.00, real=0.01 secs] 
45.354: [GC (Allocation Failure) [PSYoungGen: 243172K->186357K(465920K)] 981087K->925654K(1602048K), 0.0204909 secs] [Times: user=0.02 sys=0.00, real=0.02 secs] 
45.640: [GC (Allocation Failure) [PSYoungGen: 419317K->186100K(465920K)] 1158614K->925534K(1602048K), 0.0204721 secs] [Times: user=0.02 sys=0.00, real=0.02 secs] 
47.266: [GC (Allocation Failure) [PSYoungGen: 419060K->116111K(465920K)] 1158494K->855938K(1602048K), 0.0317046 secs] [Times: user=0.06 sys=0.00, real=0.04 secs] 
49.145: [GC (Allocation Failure) [PSYoungGen: 349071K->23739K(465920K)] 1088898K->763759K(1602048K), 0.0053540 secs] [Times: user=0.01 sys=0.00, real=0.01 secs] 
49.446: [GC (Allocation Failure) [PSYoungGen: 256699K->185715K(465920K)] 996719K->927109K(1602048K), 0.0205505 secs] [Times: user=0.03 sys=0.00, real=0.02 secs] 
49.798: [GC (Allocation Failure) [PSYoungGen: 418675K->184398K(465920K)] 1160069K->925936K(1602048K), 0.0202947 secs] [Times: user=0.02 sys=0.00, real=0.02 secs] 
50.569: [GC (Allocation Failure) [PSYoungGen: 417358K->104914K(465920K)] 1158896K->846718K(1602048K), 0.0136391 secs] [Times: user=0.02 sys=0.00, real=0.01 secs] 
52.060: [GC (Allocation Failure) [PSYoungGen: 337874K->35531K(465920K)] 1079678K->777641K(1602048K), 0.0055130 secs] [Times: user=0.01 sys=0.00, real=0.00 secs] 
52.329: [GC (Allocation Failure) [PSYoungGen: 268491K->184687K(465920K)] 1010601K->928042K(1602048K), 0.0202929 secs] [Times: user=0.03 sys=0.00, real=0.02 secs] 
52.612: [GC (Allocation Failure) [PSYoungGen: 417647K->184558K(465920K)] 1161002K->928178K(1602048K), 0.0203498 secs] [Times: user=0.03 sys=0.01, real=0.02 secs] 
54.017: [GC (Allocation Failure) [PSYoungGen: 410663K->93893K(465920K)] 1154283K->837907K(1602048K), 0.0244543 secs] [Times: user=0.05 sys=0.00, real=0.03 secs] 
56.041: [GC (Allocation Failure) [PSYoungGen: 326853K->37845K(465920K)] 1070867K->782045K(1602048K), 0.0077152 secs] [Times: user=0.01 sys=0.00, real=0.01 secs] 
56.360: [GC (Allocation Failure) [PSYoungGen: 270805K->184173K(465920K)] 1015005K->929611K(1602048K), 0.0203833 secs] [Times: user=0.03 sys=0.00, real=0.02 secs] 
56.647: [GC (Allocation Failure) [PSYoungGen: 417133K->184044K(465920K)] 1162571K->929764K(1602048K), 0.0203182 secs] [Times: user=0.03 sys=0.00, real=0.03 secs] 
57.874: [GC (Allocation Failure) [PSYoungGen: 408969K->92672K(465920K)] 1154689K->838657K(1602048K), 0.0158708 secs] [Times: user=0.03 sys=0.00, real=0.02 secs] 
59.930: [GC (Allocation Failure) [PSYoungGen: 325632K->37652K(465920K)] 1071617K->783968K(1602048K), 0.0070923 secs] [Times: user=0.01 sys=0.00, real=0.01 secs] 
60.228: [GC (Allocation Failure) [PSYoungGen: 270612K->184430K(465920K)] 1016928K->932120K(1602048K), 0.0204290 secs] [Times: user=0.03 sys=0.00, real=0.02 secs] 
60.511: [GC (Allocation Failure) [PSYoungGen: 417390K->184269K(465920K)] 1165080K->932104K(1602048K), 0.0204597 secs] [Times: user=0.02 sys=0.00, real=0.02 secs] 
62.273: [GC (Allocation Failure) [PSYoungGen: 409389K->92351K(465920K)] 1157224K->840451K(1602048K), 0.0202644 secs] [Times: user=0.04 sys=0.00, real=0.02 secs] 
64.715: [GC (Allocation Failure) [PSYoungGen: 325311K->37074K(465920K)] 1073411K->785479K(1602048K), 0.0080145 secs] [Times: user=0.02 sys=0.00, real=0.01 secs] 
65.038: [GC (Allocation Failure) [PSYoungGen: 270034K->184173K(465920K)] 1018439K->933816K(1602048K), 0.0205401 secs] [Times: user=0.02 sys=0.00, real=0.02 secs] 
65.327: [GC (Allocation Failure) [PSYoungGen: 417133K->184719K(465920K)] 1166776K->934635K(1602048K), 0.0202797 secs] [Times: user=0.03 sys=0.00, real=0.02 secs] 
66.659: [GC (Allocation Failure) [PSYoungGen: 409732K->92769K(465920K)] 1159648K->843079K(1602048K), 0.0160500 secs] [Times: user=0.03 sys=0.00, real=0.01 secs] 
68.942: [GC (Allocation Failure) [PSYoungGen: 325729K->37716K(465920K)] 1076039K->788214K(1602048K), 0.0077575 secs] [Times: user=0.02 sys=0.00, real=0.01 secs] 
69.336: [GC (Allocation Failure) [PSYoungGen: 270676K->184044K(465920K)] 1021174K->935795K(1602048K), 0.0204044 secs] [Times: user=0.02 sys=0.00, real=0.02 secs] 
69.627: [GC (Allocation Failure) [PSYoungGen: 417004K->184366K(465920K)] 1168755K->936534K(1602048K), 0.0203075 secs] [Times: user=0.02 sys=0.00, real=0.02 secs] 
71.174: [GC (Allocation Failure) [PSYoungGen: 407962K->92480K(465920K)] 1160131K->844785K(1602048K), 0.0129366 secs] [Times: user=0.02 sys=0.00, real=0.01 secs] 
72.288: [GC (Allocation Failure) [PSYoungGen: 325440K->37716K(465920K)] 1077745K->790329K(1602048K), 0.0066383 secs] [Times: user=0.01 sys=0.00, real=0.00 secs] 
72.644: [GC (Allocation Failure) [PSYoungGen: 270676K->184398K(465920K)] 1023289K->938393K(1602048K), 0.0205490 secs] [Times: user=0.02 sys=0.00, real=0.02 secs] 
72.928: [GC (Allocation Failure) [PSYoungGen: 417358K->184558K(465920K)] 1171353K->938698K(1602048K), 0.0203745 secs] [Times: user=0.03 sys=0.00, real=0.02 secs] 
73.651: [GC (Allocation Failure) [PSYoungGen: 407622K->91982K(465920K)] 1161762K->846394K(1602048K), 0.0120468 secs] [Times: user=0.02 sys=0.01, real=0.01 secs] 
74.829: [GC (Allocation Failure) [PSYoungGen: 324942K->37716K(465920K)] 1079354K->792442K(1602048K), 0.0063424 secs] [Times: user=0.01 sys=0.00, real=0.00 secs] 
75.111: [GC (Allocation Failure) [PSYoungGen: 270676K->184430K(465920K)] 1025402K->940530K(1602048K), 0.0203462 secs] [Times: user=0.03 sys=0.00, real=0.02 secs] 
75.395: [GC (Allocation Failure) [PSYoungGen: 417390K->184526K(465920K)] 1173490K->940771K(1602048K), 0.0202378 secs] [Times: user=0.03 sys=0.00, real=0.02 secs] 
78.250: [GC (Allocation Failure) [PSYoungGen: 407584K->91966K(465920K)] 1163829K->848476K(1602048K), 0.0165541 secs] [Times: user=0.03 sys=0.00, real=0.01 secs] 
79.186: [GC (Allocation Failure) [PSYoungGen: 324926K->37877K(465920K)] 1081436K->794687K(1602048K), 0.0055735 secs] [Times: user=0.01 sys=0.00, real=0.01 secs] 
79.514: [GC (Allocation Failure) [PSYoungGen: 270837K->184462K(465920K)] 1027647K->942525K(1602048K), 0.0206229 secs] [Times: user=0.02 sys=0.00, real=0.02 secs] 
79.850: [GC (Allocation Failure) [PSYoungGen: 417422K->184590K(465920K)] 1175485K->942927K(1602048K), 0.0204057 secs] [Times: user=0.03 sys=0.00, real=0.02 secs] 
80.787: [GC (Allocation Failure) [PSYoungGen: 407643K->91805K(465920K)] 1165979K->850407K(1602048K), 0.0174013 secs] [Times: user=0.03 sys=0.00, real=0.02 secs] 
82.390: [GC (GCLocker Initiated GC) [PSYoungGen: 324765K->36270K(465920K)] 1083367K->795172K(1602048K), 0.0066923 secs] [Times: user=0.02 sys=0.00, real=0.00 secs] 
82.679: [GC (Allocation Failure) [PSYoungGen: 269230K->183691K(465920K)] 1029257K->944956K(1602048K), 0.0203257 secs] [Times: user=0.02 sys=0.00, real=0.02 secs] 
83.021: [GC (Allocation Failure) [PSYoungGen: 416651K->184462K(465920K)] 1177916K->945734K(1602048K), 0.0202714 secs] [Times: user=0.02 sys=0.00, real=0.02 secs] 
84.184: [GC (Allocation Failure) [PSYoungGen: 409689K->93315K(465920K)] 1170962K->854885K(1602048K), 0.0146261 secs] [Times: user=0.03 sys=0.00, real=0.02 secs] 
86.052: [GC (Allocation Failure) [PSYoungGen: 326275K->37684K(465920K)] 1087845K->799570K(1602048K), 0.0074210 secs] [Times: user=0.02 sys=0.00, real=0.01 secs] 
86.357: [GC (Allocation Failure) [PSYoungGen: 270644K->184687K(465920K)] 1032530K->947810K(1602048K), 0.0203064 secs] [Times: user=0.03 sys=0.00, real=0.03 secs] 
86.647: [GC (Allocation Failure) [PSYoungGen: 417647K->184623K(465920K)] 1180770K->948148K(1602048K), 0.0203654 secs] [Times: user=0.03 sys=0.00, real=0.02 secs] 
88.317: [GC (Allocation Failure) [PSYoungGen: 407318K->91564K(465920K)] 1170843K->855354K(1602048K), 0.0244619 secs] [Times: user=0.05 sys=0.00, real=0.03 secs] 
89.563: [GC (Allocation Failure) [PSYoungGen: 324524K->37909K(465920K)] 1088314K->801886K(1602048K), 0.0057930 secs] [Times: user=0.01 sys=0.00, real=0.01 secs] 
89.830: [GC (Allocation Failure) [PSYoungGen: 270869K->183658K(465920K)] 1034846K->948882K(1602048K), 0.0201890 secs] [Times: user=0.02 sys=0.00, real=0.02 secs] 
90.115: [GC (Allocation Failure) [PSYoungGen: 416618K->184623K(465920K)] 1181842K->950119K(1602048K), 0.0205554 secs] [Times: user=0.02 sys=0.00, real=0.02 secs] 
91.023: [GC (Allocation Failure) [PSYoungGen: 410010K->92448K(465920K)] 1175506K->858209K(1602048K), 0.0134669 secs] [Times: user=0.03 sys=0.00, real=0.01 secs] 
92.040: [GC (Allocation Failure) [PSYoungGen: 325408K->37874K(465920K)] 1091169K->803941K(1602048K), 0.0058710 secs] [Times: user=0.02 sys=0.00, real=0.00 secs] 
92.373: [GC (Allocation Failure) [PSYoungGen: 270834K->184173K(465920K)] 1036901K->951477K(1602048K), 0.0203150 secs] [Times: user=0.02 sys=0.00, real=0.02 secs] 
92.656: [GC (Allocation Failure) [PSYoungGen: 417133K->184590K(465920K)] 1184437K->952288K(1602048K), 0.0204890 secs] [Times: user=0.02 sys=0.00, real=0.02 secs] 
94.692: [GC (Allocation Failure) [PSYoungGen: 409767K->92094K(465920K)] 1177465K->859929K(1602048K), 0.0256625 secs] [Times: user=0.06 sys=0.00, real=0.03 secs] 
96.459: [GC (Allocation Failure) [PSYoungGen: 325054K->37716K(465920K)] 1092889K->805843K(1602048K), 0.0071257 secs] [Times: user=0.02 sys=0.00, real=0.00 secs] 
96.760: [GC (Allocation Failure) [PSYoungGen: 270676K->184012K(465920K)] 1038803K->953384K(1602048K), 0.0202772 secs] [Times: user=0.03 sys=0.00, real=0.02 secs] 
97.049: [GC (Allocation Failure) [PSYoungGen: 416972K->184944K(465920K)] 1186344K->954589K(1602048K), 0.0203903 secs] [Times: user=0.02 sys=0.00, real=0.02 secs] 
99.200: [GC (Allocation Failure) [PSYoungGen: 410436K->92030K(465920K)] 1180082K->861940K(1602048K), 0.0279336 secs] [Times: user=0.05 sys=0.00, real=0.03 secs] 
100.979: [GC (Allocation Failure) [PSYoungGen: 324990K->37813K(465920K)] 1094900K->808039K(1602048K), 0.0069316 secs] [Times: user=0.01 sys=0.00, real=0.00 secs] 
101.272: [GC (Allocation Failure) [PSYoungGen: 270773K->184558K(465920K)] 1040999K->956151K(1602048K), 0.0204541 secs] [Times: user=0.03 sys=0.00, real=0.02 secs] 
101.618: [GC (Allocation Failure) [PSYoungGen: 417518K->184398K(465920K)] 1189111K->956135K(1602048K), 0.0203137 secs] [Times: user=0.02 sys=0.00, real=0.02 secs] 
102.452: [GC (Allocation Failure) [PSYoungGen: 409447K->91933K(465920K)] 1181184K->863943K(1602048K), 0.0123994 secs] [Times: user=0.03 sys=0.00, real=0.01 secs] 
103.260: [GC (Allocation Failure) [PSYoungGen: 324893K->37973K(465920K)] 1096903K->810299K(1602048K), 0.0055648 secs] [Times: user=0.02 sys=0.00, real=0.00 secs] 
103.530: [GC (Allocation Failure) [PSYoungGen: 270933K->184815K(465920K)] 1043259K->958387K(1602048K), 0.0204395 secs] [Times: user=0.03 sys=0.00, real=0.02 secs] 
103.813: [GC (Allocation Failure) [PSYoungGen: 417775K->184558K(465920K)] 1191347K->958395K(1602048K), 0.0205175 secs] [Times: user=0.02 sys=0.00, real=0.02 secs] 
106.219: [GC (Allocation Failure) [PSYoungGen: 406830K->91355K(465920K)] 1180667K->865585K(1602048K), 0.0204767 secs] [Times: user=0.04 sys=0.00, real=0.02 secs] 
107.717: [GC (Allocation Failure) [PSYoungGen: 324315K->37973K(465920K)] 1098545K->812375K(1602048K), 0.0060729 secs] [Times: user=0.01 sys=0.00, real=0.01 secs] 
107.987: [GC (Allocation Failure) [PSYoungGen: 270933K->184687K(465920K)] 1045335K->960334K(1602048K), 0.0203114 secs] [Times: user=0.03 sys=0.00, real=0.03 secs] 
108.271: [GC (Allocation Failure) [PSYoungGen: 417647K->184366K(465920K)] 1193294K->960286K(1602048K), 0.0204540 secs] [Times: user=0.03 sys=0.00, real=0.02 secs] 
110.264: [GC (Allocation Failure) [PSYoungGen: 407124K->91612K(465920K)] 1183044K->867797K(1602048K), 0.0166084 secs] [Times: user=0.04 sys=0.00, real=0.02 secs] 
111.124: [GC (Allocation Failure) [PSYoungGen: 324572K->38131K(465920K)] 1100757K->814630K(1602048K), 0.0071317 secs] [Times: user=0.01 sys=0.00, real=0.01 secs] 
111.424: [GC (Allocation Failure) [PSYoungGen: 271091K->184655K(465920K)] 1047590K->962407K(1602048K), 0.0203460 secs] [Times: user=0.03 sys=0.00, real=0.02 secs] 
111.706: [GC (Allocation Failure) [PSYoungGen: 417615K->184366K(465920K)] 1195367K->962391K(1602048K), 0.0202184 secs] [Times: user=0.03 sys=0.00, real=0.02 secs] 
113.150: [GC (Allocation Failure) [PSYoungGen: 406844K->91516K(465920K)] 1184869K->869806K(1602048K), 0.0189551 secs] [Times: user=0.04 sys=0.00, real=0.02 secs] 
115.263: [GC (Allocation Failure) [PSYoungGen: 324476K->37716K(465920K)] 1102766K->816314K(1602048K), 0.0074571 secs] [Times: user=0.02 sys=0.00, real=0.01 secs] 
115.578: [GC (Allocation Failure) [PSYoungGen: 270676K->184655K(465920K)] 1049274K->964499K(1602048K), 0.0202863 secs] [Times: user=0.02 sys=0.00, real=0.02 secs] 
115.867: [GC (Allocation Failure) [PSYoungGen: 417615K->184430K(465920K)] 1197459K->964547K(1602048K), 0.0205225 secs] [Times: user=0.03 sys=0.00, real=0.03 secs] 
116.805: [GC (Allocation Failure) [PSYoungGen: 406900K->91885K(465920K)] 1187017K->872275K(1602048K), 0.0122348 secs] [Times: user=0.03 sys=0.01, real=0.01 secs] 
118.409: [GC (Allocation Failure) [PSYoungGen: 324845K->37813K(465920K)] 1105235K->818495K(1602048K), 0.0070183 secs] [Times: user=0.02 sys=0.00, real=0.00 secs] 
118.707: [GC (Allocation Failure) [PSYoungGen: 270773K->184655K(465920K)] 1051455K->966582K(1602048K), 0.0203923 secs] [Times: user=0.03 sys=0.00, real=0.02 secs] 
118.991: [GC (Allocation Failure) [PSYoungGen: 417615K->184655K(465920K)] 1199542K->966855K(1602048K), 0.0204593 secs] [Times: user=0.02 sys=0.00, real=0.02 secs] 
120.511: [GC (Allocation Failure) [PSYoungGen: 407225K->91484K(465920K)] 1189426K->873949K(1602048K), 0.0192423 secs] [Times: user=0.04 sys=0.00, real=0.02 secs] 
122.535: [GC (Allocation Failure) [PSYoungGen: 324444K->37716K(465920K)] 1106909K->820498K(1602048K), 0.0074933 secs] [Times: user=0.02 sys=0.01, real=0.01 secs] 
122.838: [GC (Allocation Failure) [PSYoungGen: 270676K->183658K(465920K)] 1053458K->967678K(1602048K), 0.0205384 secs] [Times: user=0.03 sys=0.00, real=0.02 secs] 
123.179: [GC (Allocation Failure) [PSYoungGen: 416618K->184494K(465920K)] 1200638K->968787K(1602048K), 0.0205857 secs] [Times: user=0.02 sys=0.00, real=0.02 secs] 
124.322: [GC (Allocation Failure) [PSYoungGen: 409870K->92769K(465920K)] 1194162K->877342K(1602048K), 0.0202242 secs] [Times: user=0.04 sys=0.00, real=0.02 secs] 
125.907: [GC (Allocation Failure) [PSYoungGen: 325729K->37845K(465920K)] 1110302K->822718K(1602048K), 0.0069110 secs] [Times: user=0.02 sys=0.00, real=0.01 secs] 
126.279: [GC (Allocation Failure) [PSYoungGen: 270805K->183884K(465920K)] 1055678K->969995K(1602048K), 0.0205437 secs] [Times: user=0.02 sys=0.00, real=0.02 secs] 
126.619: [GC (Allocation Failure) [PSYoungGen: 416844K->184847K(465920K)] 1202955K->971223K(1602048K), 0.0204762 secs] [Times: user=0.03 sys=0.00, real=0.02 secs] 
127.477: [GC (Allocation Failure) [PSYoungGen: 410261K->92094K(465920K)] 1196638K->878735K(1602048K), 0.0137066 secs] [Times: user=0.02 sys=0.00, real=0.02 secs] 
129.220: [GC (Allocation Failure) [PSYoungGen: 325054K->36977K(465920K)] 1111695K->823916K(1602048K), 0.0084137 secs] [Times: user=0.03 sys=0.00, real=0.01 secs] 
129.524: [GC (Allocation Failure) [PSYoungGen: 269937K->184912K(465920K)] 1056876K->973112K(1602048K), 0.0204539 secs] [Times: user=0.03 sys=0.00, real=0.02 secs] 
129.807: [GC (Allocation Failure) [PSYoungGen: 417872K->184558K(465920K)] 1206072K->973032K(1602048K), 0.0203231 secs] [Times: user=0.03 sys=0.00, real=0.03 secs] 
130.760: [GC (Allocation Failure) [PSYoungGen: 409400K->92271K(465920K)] 1197874K->881017K(1602048K), 0.0127020 secs] [Times: user=0.02 sys=0.00, real=0.01 secs] 
131.609: [GC (Allocation Failure) [PSYoungGen: 325231K->37973K(465920K)] 1113977K->827026K(1602048K), 0.0074898 secs] [Times: user=0.01 sys=0.00, real=0.00 secs] 
131.915: [GC (Allocation Failure) [PSYoungGen: 270933K->184044K(465920K)] 1059986K->974334K(1602048K), 0.0202946 secs] [Times: user=0.03 sys=0.00, real=0.02 secs] 
132.203: [GC (Allocation Failure) [PSYoungGen: 417004K->184687K(465920K)] 1207294K->975250K(1602048K), 0.0203487 secs] [Times: user=0.03 sys=0.00, real=0.02 secs] 
133.860: [GC (Allocation Failure) [PSYoungGen: 408050K->91934K(465920K)] 1198613K->882762K(1602048K), 0.0195970 secs] [Times: user=0.04 sys=0.00, real=0.02 secs] 
135.558: [GC (Allocation Failure) [PSYoungGen: 324894K->37684K(465920K)] 1115722K->828820K(1602048K), 0.0070107 secs] [Times: user=0.01 sys=0.00, real=0.00 secs] 
135.855: [GC (Allocation Failure) [PSYoungGen: 270644K->184269K(465920K)] 1061780K->976651K(1602048K), 0.0219946 secs] [Times: user=0.03 sys=0.00, real=0.03 secs] 
136.146: [GC (Allocation Failure) [PSYoungGen: 417229K->184141K(465920K)] 1209611K->976795K(1602048K), 0.0206990 secs] [Times: user=0.03 sys=0.00, real=0.02 secs] 
138.741: [GC (Allocation Failure) [PSYoungGen: 409491K->92512K(465920K)] 1202145K->885431K(1602048K), 0.0192206 secs] [Times: user=0.04 sys=0.00, real=0.02 secs] 
141.052: [GC (Allocation Failure) [PSYoungGen: 325472K->37684K(465920K)] 1118391K->830893K(1602048K), 0.0082262 secs] [Times: user=0.02 sys=0.00, real=0.01 secs] 
141.376: [GC (Allocation Failure) [PSYoungGen: 270644K->184655K(465920K)] 1063853K->979118K(1602048K), 0.0203357 secs] [Times: user=0.03 sys=0.00, real=0.02 secs] 
141.660: [GC (Allocation Failure) [PSYoungGen: 417615K->184719K(465920K)] 1212078K->979583K(1602048K), 0.0203181 secs] [Times: user=0.02 sys=0.00, real=0.02 secs] 
142.374: [GC (Allocation Failure) [PSYoungGen: 407160K->91580K(465920K)] 1202024K->886710K(1602048K), 0.0112475 secs] [Times: user=0.03 sys=0.00, real=0.01 secs] 
143.693: [GC (Allocation Failure) [PSYoungGen: 324540K->37459K(465920K)] 1119670K->832776K(1602048K), 0.0056042 secs] [Times: user=0.01 sys=0.00, real=0.01 secs] 
144.017: [GC (Allocation Failure) [PSYoungGen: 270419K->183626K(465920K)] 1065736K->980181K(1602048K), 0.0203915 secs] [Times: user=0.03 sys=0.00, real=0.02 secs] 
144.305: [GC (Allocation Failure) [PSYoungGen: 416586K->184558K(465920K)] 1213141K->981386K(1602048K), 0.0204136 secs] [Times: user=0.03 sys=0.00, real=0.02 secs] 
144.921: [GC (Allocation Failure) [PSYoungGen: 408760K->93026K(465920K)] 1205588K->890119K(1602048K), 0.0117044 secs] [Times: user=0.02 sys=0.00, real=0.01 secs] 
146.257: [GC (Allocation Failure) [PSYoungGen: 325986K->37459K(465920K)] 1123079K->834854K(1602048K), 0.0059366 secs] [Times: user=0.01 sys=0.00, real=0.01 secs] 
146.530: [GC (Allocation Failure) [PSYoungGen: 270419K->184430K(465920K)] 1067814K->983062K(1602048K), 0.0204129 secs] [Times: user=0.03 sys=0.00, real=0.02 secs] 
146.870: [GC (Allocation Failure) [PSYoungGen: 417390K->184590K(465920K)] 1216022K->983624K(1602048K), 0.0203462 secs] [Times: user=0.02 sys=0.00, real=0.02 secs] 
147.601: [GC (Allocation Failure) [PSYoungGen: 409746K->92207K(465920K)] 1208780K->891377K(1602048K), 0.0119931 secs] [Times: user=0.02 sys=0.00, real=0.01 secs] 
148.462: [GC (Allocation Failure) [PSYoungGen: 325167K->37973K(465920K)] 1124337K->837451K(1602048K), 0.0055525 secs] [Times: user=0.01 sys=0.00, real=0.01 secs] 
148.730: [GC (Allocation Failure) [PSYoungGen: 270933K->184269K(465920K)] 1070411K->984985K(1602048K), 0.0204009 secs] [Times: user=0.02 sys=0.00, real=0.02 secs] 
149.010: [GC (Allocation Failure) [PSYoungGen: 417229K->181731K(465920K)] 1217945K->982719K(1602048K), 0.0201224 secs] [Times: user=0.03 sys=0.00, real=0.02 secs] 
150.162: [GC (Allocation Failure) [PSYoungGen: 408298K->94681K(465920K)] 1209287K->895934K(1602048K), 0.0133573 secs] [Times: user=0.03 sys=0.00, real=0.01 secs] 
151.965: [GC (Allocation Failure) [PSYoungGen: 327641K->37716K(465920K)] 1128894K->839155K(1602048K), 0.0069136 secs] [Times: user=0.01 sys=0.00, real=0.01 secs] 
152.255: [GC (Allocation Failure) [PSYoungGen: 270676K->183787K(465920K)] 1072115K->986463K(1602048K), 0.0201175 secs] [Times: user=0.03 sys=0.00, real=0.02 secs] 
152.537: [GC (Allocation Failure) [PSYoungGen: 416747K->183916K(465920K)] 1219423K->986865K(1602048K), 0.0203122 secs] [Times: user=0.03 sys=0.00, real=0.03 secs] 
153.180: [GC (Allocation Failure) [PSYoungGen: 410567K->93283K(465920K)] 1213517K->896497K(1602048K), 0.0114272 secs] [Times: user=0.03 sys=0.00, real=0.01 secs] 
154.711: [GC (Allocation Failure) [PSYoungGen: 326243K->37716K(465920K)] 1129457K->841238K(1602048K), 0.0076637 secs] [Times: user=0.02 sys=0.00, real=0.01 secs] 
155.018: [GC (Allocation Failure) [PSYoungGen: 270676K->184912K(465920K)] 1074198K->989800K(1602048K), 0.0204923 secs] [Times: user=0.03 sys=0.00, real=0.02 secs] 
155.307: [GC (Allocation Failure) [PSYoungGen: 417872K->184783K(465920K)] 1222760K->989816K(1602048K), 0.0204400 secs] [Times: user=0.02 sys=0.00, real=0.02 secs] 
156.001: [GC (Allocation Failure) [PSYoungGen: 407166K->91226K(465920K)] 1212199K->896524K(1602048K), 0.0115103 secs] [Times: user=0.02 sys=0.00, real=0.01 secs] 
156.891: [GC (Allocation Failure) [PSYoungGen: 324186K->37973K(465920K)] 1129484K->843593K(1602048K), 0.0056284 secs] [Times: user=0.01 sys=0.00, real=0.00 secs] 
157.216: [GC (Allocation Failure) [PSYoungGen: 270933K->183916K(465920K)] 1076553K->990773K(1602048K), 0.0203664 secs] [Times: user=0.03 sys=0.00, real=0.02 secs] 
157.562: [GC (Allocation Failure) [PSYoungGen: 416876K->184430K(465920K)] 1223733K->991560K(1602048K), 0.0205174 secs] [Times: user=0.03 sys=0.00, real=0.02 secs] 
159.116: [GC (Allocation Failure) [PSYoungGen: 408209K->92383K(465920K)] 1215339K->899779K(1602048K), 0.0188967 secs] [Times: user=0.03 sys=0.00, real=0.02 secs] 
161.110: [GC (Allocation Failure) [PSYoungGen: 325343K->37716K(465920K)] 1132739K->845419K(1602048K), 0.0082033 secs] [Times: user=0.02 sys=0.00, real=0.01 secs] 
161.435: [GC (Allocation Failure) [PSYoungGen: 270676K->184398K(465920K)] 1078379K->993354K(1602048K), 0.0204107 secs] [Times: user=0.03 sys=0.00, real=0.02 secs] 
161.718: [GC (Allocation Failure) [PSYoungGen: 417358K->184269K(465920K)] 1226314K->993499K(1602048K), 0.0203730 secs] [Times: user=0.03 sys=0.00, real=0.02 secs] 
162.505: [GC (Allocation Failure) [PSYoungGen: 409310K->92255K(465920K)] 1218540K->901878K(1602048K), 0.0120889 secs] [Times: user=0.02 sys=0.00, real=0.02 secs] 
163.573: [GC (Allocation Failure) [PSYoungGen: 325215K->37845K(465920K)] 1134838K->847645K(1602048K), 0.0056761 secs] [Times: user=0.01 sys=0.00, real=0.01 secs] 
163.842: [GC (Allocation Failure) [PSYoungGen: 270805K->184655K(465920K)] 1080605K->995701K(1602048K), 0.0204826 secs] [Times: user=0.03 sys=0.00, real=0.02 secs] 
164.167: [GC (Allocation Failure) [PSYoungGen: 417615K->184719K(465920K)] 1228661K->996038K(1602048K), 0.0203313 secs] [Times: user=0.02 sys=0.00, real=0.03 secs] 
164.849: [GC (Allocation Failure) [PSYoungGen: 407265K->91467K(465920K)] 1218584K->903060K(1602048K), 0.0120832 secs] [Times: user=0.03 sys=0.00, real=0.01 secs] 
165.663: [GC (Allocation Failure) [PSYoungGen: 324427K->37973K(465920K)] 1136020K->849879K(1602048K), 0.0055823 secs] [Times: user=0.01 sys=0.00, real=0.01 secs] 
165.931: [GC (Allocation Failure) [PSYoungGen: 270933K->183787K(465920K)] 1082839K->996931K(1602048K), 0.0206128 secs] [Times: user=0.02 sys=0.00, real=0.02 secs] 
166.217: [GC (Allocation Failure) [PSYoungGen: 416747K->184655K(465920K)] 1229891K->998071K(1602048K), 0.0211582 secs] [Times: user=0.03 sys=0.00, real=0.03 secs] 
166.994: [GC (Allocation Failure) [PSYoungGen: 410058K->92239K(465920K)] 1223474K->905936K(1602048K), 0.0099191 secs] [Times: user=0.02 sys=0.00, real=0.01 secs] 
167.804: [GC (Allocation Failure) [PSYoungGen: 325199K->37941K(465920K)] 1138896K->851936K(1602048K), 0.0056821 secs] [Times: user=0.01 sys=0.00, real=0.01 secs] 
168.073: [GC (Allocation Failure) [PSYoungGen: 270901K->184430K(465920K)] 1084896K->999663K(1602048K), 0.0203894 secs] [Times: user=0.03 sys=0.00, real=0.02 secs] 
168.356: [GC (Allocation Failure) [PSYoungGen: 417390K->184815K(465920K)] 1232623K->1000321K(1602048K), 0.0204901 secs] [Times: user=0.03 sys=0.00, real=0.02 secs] 
169.055: [GC (Allocation Failure) [PSYoungGen: 407760K->91516K(465920K)] 1223266K->907287K(1602048K), 0.0106360 secs] [Times: user=0.02 sys=0.00, real=0.01 secs] 
170.921: [GC (Allocation Failure) [PSYoungGen: 324476K->37588K(465920K)] 1140247K->853666K(1602048K), 0.0076754 secs] [Times: user=0.02 sys=0.00, real=0.01 secs] 
171.242: [GC (Allocation Failure) [PSYoungGen: 270548K->184269K(465920K)] 1086626K->1001593K(1602048K), 0.0209330 secs] [Times: user=0.03 sys=0.00, real=0.02 secs] 
171.582: [GC (Allocation Failure) [PSYoungGen: 417229K->184558K(465920K)] 1234553K->1002156K(1602048K), 0.0203906 secs] [Times: user=0.03 sys=0.00, real=0.02 secs] 
173.164: [GC (Allocation Failure) [PSYoungGen: 409725K->92239K(465920K)] 1227322K->910101K(1602048K), 0.0163446 secs] [Times: user=0.04 sys=0.00, real=0.02 secs] 
174.504: [GC (Allocation Failure) [PSYoungGen: 325199K->37556K(465920K)] 1143061K->855716K(1602048K), 0.0074727 secs] [Times: user=0.02 sys=0.00, real=0.01 secs] 
174.803: [GC (Allocation Failure) [PSYoungGen: 270516K->184173K(465920K)] 1088676K->1003578K(1602048K), 0.0205172 secs] [Times: user=0.03 sys=0.00, real=0.02 secs] 
175.087: [GC (Allocation Failure) [PSYoungGen: 417133K->184976K(465920K)] 1236538K->1004655K(1602048K), 0.0204558 secs] [Times: user=0.03 sys=0.00, real=0.02 secs] 
176.141: [GC (Allocation Failure) [PSYoungGen: 405804K->91982K(465920K)] 1225483K->911925K(1602048K), 0.0122979 secs] [Times: user=0.02 sys=0.00, real=0.01 secs] 
177.718: [GC (Allocation Failure) [PSYoungGen: 324942K->37684K(465920K)] 1144885K->857942K(1602048K), 0.0076952 secs] [Times: user=0.02 sys=0.00, real=0.00 secs] 
178.039: [GC (Allocation Failure) [PSYoungGen: 270644K->184558K(465920K)] 1090902K->1006190K(1602048K), 0.0205816 secs] [Times: user=0.03 sys=0.00, real=0.02 secs] 
178.327: [GC (Allocation Failure) [PSYoungGen: 417518K->184655K(465920K)] 1239150K->1006431K(1602048K), 0.0205225 secs] [Times: user=0.03 sys=0.00, real=0.03 secs] 
179.228: [GC (Allocation Failure) [PSYoungGen: 407512K->91709K(465920K)] 1229288K->913758K(1602048K), 0.0121272 secs] [Times: user=0.02 sys=0.00, real=0.01 secs] 
180.945: [GC (Allocation Failure) [PSYoungGen: 324669K->37716K(465920K)] 1146718K->860079K(1602048K), 0.0076220 secs] [Times: user=0.02 sys=0.00, real=0.01 secs] 
181.335: [GC (Allocation Failure) [PSYoungGen: 270676K->183884K(465920K)] 1093039K->1007500K(1602048K), 0.0208856 secs] [Times: user=0.02 sys=0.00, real=0.02 secs] 
181.621: [GC (Allocation Failure) [PSYoungGen: 416844K->184430K(465920K)] 1240460K->1008448K(1602048K), 0.0204878 secs] [Times: user=0.02 sys=0.00, real=0.02 secs] 
182.598: [GC (Allocation Failure) [PSYoungGen: 409659K->92608K(465920K)] 1233678K->916763K(1602048K), 0.0130063 secs] [Times: user=0.03 sys=0.00, real=0.01 secs] 
183.427: [GC (Allocation Failure) [PSYoungGen: 325568K->37941K(465920K)] 1149723K->862394K(1602048K), 0.0056552 secs] [Times: user=0.02 sys=0.00, real=0.01 secs] 
183.695: [GC (Allocation Failure) [PSYoungGen: 270901K->184687K(465920K)] 1095354K->1010385K(1602048K), 0.0204254 secs] [Times: user=0.03 sys=0.00, real=0.02 secs] 
183.979: [GC (Allocation Failure) [PSYoungGen: 417647K->184623K(465920K)] 1243345K->1010722K(1602048K), 0.0203530 secs] [Times: user=0.02 sys=0.00, real=0.02 secs] 
185.334: [GC (Allocation Failure) [PSYoungGen: 407052K->91323K(465920K)] 1233152K->917688K(1602048K), 0.0119032 secs] [Times: user=0.03 sys=0.00, real=0.01 secs] 
187.541: [GC (Allocation Failure) [PSYoungGen: 324283K->37588K(465920K)] 1150648K->864129K(1602048K), 0.0084810 secs] [Times: user=0.02 sys=0.00, real=0.01 secs] 
187.872: [GC (Allocation Failure) [PSYoungGen: 270548K->183787K(465920K)] 1097089K->1011574K(1602048K), 0.0205239 secs] [Times: user=0.03 sys=0.00, real=0.02 secs] 
188.156: [GC (Allocation Failure) [PSYoungGen: 416747K->184366K(465920K)] 1244534K->1012426K(1602048K), 0.0204307 secs] [Times: user=0.02 sys=0.00, real=0.02 secs] 
188.918: [GC (Allocation Failure) [PSYoungGen: 409599K->92929K(465920K)] 1237660K->921263K(1602048K), 0.0126166 secs] [Times: user=0.02 sys=0.00, real=0.01 secs] 
189.795: [GC (Allocation Failure) [PSYoungGen: 325889K->38005K(465920K)] 1154223K->866665K(1602048K), 0.0057496 secs] [Times: user=0.01 sys=0.00, real=0.01 secs] 
190.063: [GC (Allocation Failure) [PSYoungGen: 270965K->184719K(465920K)] 1099625K->1014632K(1602048K), 0.0207481 secs] [Times: user=0.03 sys=0.00, real=0.02 secs] 
190.403: [GC (Allocation Failure) [PSYoungGen: 417679K->184687K(465920K)] 1247592K->1015001K(1602048K), 0.0205478 secs] [Times: user=0.03 sys=0.00, real=0.02 secs] 
191.012: [GC (Allocation Failure) [PSYoungGen: 407126K->91355K(465920K)] 1237441K->921935K(1602048K), 0.0111919 secs] [Times: user=0.02 sys=0.00, real=0.01 secs] 
191.811: [GC (Allocation Failure) [PSYoungGen: 324315K->37941K(465920K)] 1154895K->868690K(1602048K), 0.0057256 secs] [Times: user=0.01 sys=0.00, real=0.00 secs] 
192.080: [GC (Allocation Failure) [PSYoungGen: 270901K->183787K(465920K)] 1101650K->1015790K(1602048K), 0.0203147 secs] [Times: user=0.03 sys=0.00, real=0.02 secs] 
192.364: [GC (Allocation Failure) [PSYoungGen: 416747K->184655K(465920K)] 1248750K->1016930K(1602048K), 0.0203239 secs] [Times: user=0.02 sys=0.00, real=0.02 secs] 
194.174: [GC (Allocation Failure) [PSYoungGen: 408443K->92223K(465920K)] 1240719K->924763K(1602048K), 0.0121927 secs] [Times: user=0.02 sys=0.00, real=0.01 secs] 
196.010: [GC (Allocation Failure) [PSYoungGen: 325183K->37427K(465920K)] 1157723K->870268K(1602048K), 0.0071207 secs] [Times: user=0.02 sys=0.00, real=0.00 secs] 
196.310: [GC (Allocation Failure) [PSYoungGen: 270387K->184333K(465920K)] 1103228K->1018540K(1602048K), 0.0207966 secs] [Times: user=0.03 sys=0.00, real=0.02 secs] 
196.654: [GC (Allocation Failure) [PSYoungGen: 417293K->184173K(465920K)] 1251500K->1018524K(1602048K), 0.0206129 secs] [Times: user=0.03 sys=0.00, real=0.02 secs] 
198.178: [GC (Allocation Failure) [PSYoungGen: 409094K->92721K(465920K)] 1243445K->927337K(1602048K), 0.0163579 secs] [Times: user=0.03 sys=0.00, real=0.01 secs] 
200.230: [GC (Allocation Failure) [PSYoungGen: 325681K->37845K(465920K)] 1160297K->872767K(1602048K), 0.0086224 secs] [Times: user=0.02 sys=0.00, real=0.01 secs] 
200.555: [GC (Allocation Failure) [PSYoungGen: 270805K->184430K(465920K)] 1105727K->1020605K(1602048K), 0.0205724 secs] [Times: user=0.03 sys=0.00, real=0.02 secs] 
200.896: [GC (Allocation Failure) [PSYoungGen: 417390K->184333K(465920K)] 1253565K->1020782K(1602048K), 0.0205985 secs] [Times: user=0.03 sys=0.00, real=0.02 secs] 
201.570: [GC (Allocation Failure) [PSYoungGen: 409366K->92110K(465920K)] 1245814K->928952K(1602048K), 0.0115012 secs] [Times: user=0.02 sys=0.00, real=0.01 secs] 
202.480: [GC (Allocation Failure) [PSYoungGen: 325070K->37973K(465920K)] 1161912K->875002K(1602048K), 0.0055592 secs] [Times: user=0.02 sys=0.00, real=0.00 secs] 
202.748: [GC (Allocation Failure) [PSYoungGen: 270933K->184301K(465920K)] 1107962K->1022576K(1602048K), 0.0203945 secs] [Times: user=0.03 sys=0.00, real=0.02 secs] 
203.093: [GC (Allocation Failure) [PSYoungGen: 417261K->184655K(465920K)] 1255536K->1023195K(1602048K), 0.0201350 secs] [Times: user=0.03 sys=0.00, real=0.02 secs] 
204.292: [GC (Allocation Failure) [PSYoungGen: 407475K->91725K(465920K)] 1246015K->930530K(1602048K), 0.0160588 secs] [Times: user=0.04 sys=0.00, real=0.02 secs] 
206.077: [GC (Allocation Failure) [PSYoungGen: 324685K->37813K(465920K)] 1163490K->876931K(1602048K), 0.0073474 secs] [Times: user=0.02 sys=0.00, real=0.01 secs] 
206.381: [GC (Allocation Failure) [PSYoungGen: 270773K->184687K(465920K)] 1109891K->1025179K(1602048K), 0.0206727 secs] [Times: user=0.03 sys=0.00, real=0.02 secs] 
206.666: [GC (Allocation Failure) [PSYoungGen: 417647K->184687K(465920K)] 1258139K->1025324K(1602048K), 0.0202715 secs] [Times: user=0.03 sys=0.00, real=0.02 secs] 
207.275: [GC (Allocation Failure) [PSYoungGen: 407249K->91452K(465920K)] 1247886K->932354K(1602048K), 0.0108314 secs] [Times: user=0.03 sys=0.00, real=0.01 secs] 
208.082: [GC (Allocation Failure) [PSYoungGen: 324412K->37973K(465920K)] 1165314K->879181K(1602048K), 0.0057626 secs] [Times: user=0.02 sys=0.00, real=0.01 secs] 
208.407: [GC (Allocation Failure) [PSYoungGen: 270933K->184719K(465920K)] 1112141K->1027172K(1602048K), 0.0207423 secs] [Times: user=0.03 sys=0.00, real=0.03 secs] 
208.691: [GC (Allocation Failure) [PSYoungGen: 417679K->184687K(465920K)] 1260132K->1027413K(1602048K), 0.0204993 secs] [Times: user=0.02 sys=0.00, real=0.02 secs] 
209.902: [GC (Allocation Failure) [PSYoungGen: 407270K->91355K(465920K)] 1249997K->934347K(1602048K), 0.0194081 secs] [Times: user=0.04 sys=0.01, real=0.02 secs] 
210.769: [GC (Allocation Failure) [PSYoungGen: 324315K->37941K(465920K)] 1167307K->881247K(1602048K), 0.0056535 secs] [Times: user=0.01 sys=0.00, real=0.00 secs] 
211.095: [GC (Allocation Failure) [PSYoungGen: 270901K->183916K(465920K)] 1114207K->1028467K(1602048K), 0.0205137 secs] [Times: user=0.03 sys=0.00, real=0.02 secs] 
211.437: [GC (Allocation Failure) [PSYoungGen: 416876K->184366K(465920K)] 1261427K->1029190K(1602048K), 0.0208329 secs] [Times: user=0.03 sys=0.00, real=0.03 secs] 
212.430: [GC (Allocation Failure) [PSYoungGen: 408089K->92351K(465920K)] 1252913K->937440K(1602048K), 0.0125755 secs] [Times: user=0.03 sys=0.00, real=0.01 secs] 
213.434: [GC (Allocation Failure) [PSYoungGen: 325311K->37845K(465920K)] 1170400K->883242K(1602048K), 0.0057257 secs] [Times: user=0.01 sys=0.01, real=0.01 secs] 
213.703: [GC (Allocation Failure) [PSYoungGen: 270805K->184430K(465920K)] 1116202K->1031064K(1602048K), 0.0205251 secs] [Times: user=0.03 sys=0.00, real=0.02 secs] 
213.987: [GC (Allocation Failure) [PSYoungGen: 417390K->184558K(465920K)] 1264024K->1031466K(1602048K), 0.0204625 secs] [Times: user=0.03 sys=0.00, real=0.02 secs] 
214.604: [GC (Allocation Failure) [PSYoungGen: 407098K->91837K(465920K)] 1254006K->939010K(1602048K), 0.0110942 secs] [Times: user=0.02 sys=0.00, real=0.01 secs] 
215.382: [GC (Allocation Failure) [PSYoungGen: 324797K->37845K(465920K)] 1171970K->885331K(1602048K), 0.0056712 secs] [Times: user=0.01 sys=0.00, real=0.01 secs] 
215.712: [GC (Allocation Failure) [PSYoungGen: 270805K->184944K(465920K)] 1118291K->1033668K(1602048K), 0.0205674 secs] [Times: user=0.02 sys=0.00, real=0.02 secs] 
216.056: [GC (Allocation Failure) [PSYoungGen: 417904K->184205K(465920K)] 1266628K->1033202K(1602048K), 0.0202227 secs] [Times: user=0.03 sys=0.00, real=0.02 secs] 
217.862: [GC (Allocation Failure) [PSYoungGen: 407043K->91709K(465920K)] 1256040K->940971K(1602048K), 0.0215685 secs] [Times: user=0.04 sys=0.00, real=0.02 secs] 
219.629: [GC (Allocation Failure) [PSYoungGen: 324669K->37716K(465920K)] 1173931K->887284K(1602048K), 0.0073489 secs] [Times: user=0.02 sys=0.00, real=0.00 secs] 
219.925: [GC (Allocation Failure) [PSYoungGen: 270676K->183787K(465920K)] 1120244K->1034608K(1602048K), 0.0204693 secs] [Times: user=0.02 sys=0.01, real=0.02 secs] 
220.265: [GC (Allocation Failure) [PSYoungGen: 416747K->184269K(465920K)] 1267568K->1035492K(1602048K), 0.0206135 secs] [Times: user=0.03 sys=0.00, real=0.02 secs] 
221.034: [GC (Allocation Failure) [PSYoungGen: 409537K->92865K(465920K)] 1260760K->944233K(1602048K), 0.0123378 secs] [Times: user=0.03 sys=0.00, real=0.01 secs] 
222.042: [GC (Allocation Failure) [PSYoungGen: 325825K->37845K(465920K)] 1177193K->889526K(1602048K), 0.0056722 secs] [Times: user=0.01 sys=0.00, real=0.01 secs] 
222.312: [GC (Allocation Failure) [PSYoungGen: 270805K->184687K(465920K)] 1122486K->1037613K(1602048K), 0.0204423 secs] [Times: user=0.03 sys=0.00, real=0.02 secs] 
222.653: [GC (Allocation Failure) [PSYoungGen: 417647K->184687K(465920K)] 1270573K->1038015K(1602048K), 0.0203723 secs] [Times: user=0.03 sys=0.00, real=0.02 secs] 
223.396: [GC (Allocation Failure) [PSYoungGen: 407129K->91467K(465920K)] 1260458K->945069K(1602048K), 0.0122494 secs] [Times: user=0.02 sys=0.00, real=0.02 secs] 
224.984: [GC (GCLocker Initiated GC) [PSYoungGen: 324427K->36913K(465920K)] 1178029K->890680K(1602048K), 0.0069283 secs] [Times: user=0.02 sys=0.00, real=0.01 secs] 
225.276: [GC (Allocation Failure) [PSYoungGen: 269873K->183691K(465920K)] 1124765K->1039829K(1602048K), 0.0206549 secs] [Times: user=0.03 sys=0.00, real=0.02 secs] 
225.564: [GC (Allocation Failure) [PSYoungGen: 416651K->184365K(465920K)] 1272789K->1040511K(1602048K), 0.0205031 secs] [Times: user=0.03 sys=0.00, real=0.02 secs] 
226.761: [GC (Allocation Failure) [PSYoungGen: 408247K->92769K(465920K)] 1264393K->949212K(1602048K), 0.0123943 secs] [Times: user=0.03 sys=0.00, real=0.01 secs] 
227.575: [GC (Allocation Failure) [PSYoungGen: 325729K->37813K(465920K)] 1182172K->894569K(1602048K), 0.0056742 secs] [Times: user=0.02 sys=0.00, real=0.01 secs] 
227.902: [GC (Allocation Failure) [PSYoungGen: 270773K->184912K(465920K)] 1127529K->1042906K(1602048K), 0.0206661 secs] [Times: user=0.03 sys=0.00, real=0.02 secs] 
228.241: [GC (Allocation Failure) [PSYoungGen: 417872K->184141K(465920K)] 1275866K->1042528K(1602048K), 0.0206904 secs] [Times: user=0.03 sys=0.00, real=0.02 secs] 
229.445: [GC (Allocation Failure) [PSYoungGen: 407152K->91725K(465920K)] 1265540K->950249K(1602048K), 0.0142851 secs] [Times: user=0.03 sys=0.00, real=0.02 secs] 
230.980: [GC (Allocation Failure) [PSYoungGen: 324685K->37845K(465920K)] 1183209K->896687K(1602048K), 0.0086980 secs] [Times: user=0.02 sys=0.00, real=0.01 secs] 
231.388: [GC (Allocation Failure) [PSYoungGen: 270805K->184655K(465920K)] 1129647K->1044743K(1602048K), 0.0207665 secs] [Times: user=0.03 sys=0.00, real=0.02 secs] 
231.733: [GC (Allocation Failure) [PSYoungGen: 417615K->184719K(465920K)] 1277703K->1045208K(1602048K), 0.0205369 secs] [Times: user=0.03 sys=0.00, real=0.02 secs] 
232.845: [GC (Allocation Failure) [PSYoungGen: 407160K->91484K(465920K)] 1267650K->952254K(1602048K), 0.0137343 secs] [Times: user=0.02 sys=0.00, real=0.02 secs] 
234.273: [GC (Allocation Failure) [PSYoungGen: 324444K->37716K(465920K)] 1185214K->898672K(1602048K), 0.0072005 secs] [Times: user=0.02 sys=0.00, real=0.01 secs] 
234.567: [GC (Allocation Failure) [PSYoungGen: 270676K->183884K(465920K)] 1131632K->1046085K(1602048K), 0.0204049 secs] [Times: user=0.03 sys=0.00, real=0.02 secs] 
234.911: [GC (Allocation Failure) [PSYoungGen: 416844K->184398K(465920K)] 1279045K->1047001K(1602048K), 0.0205627 secs] [Times: user=0.02 sys=0.00, real=0.02 secs] 
236.917: [GC (Allocation Failure) [PSYoungGen: 409630K->92672K(465920K)] 1272233K->955412K(1602048K), 0.0278010 secs] [Times: user=0.05 sys=0.01, real=0.02 secs] 
238.723: [GC (Allocation Failure) [PSYoungGen: 325632K->37973K(465920K)] 1188372K->901034K(1602048K), 0.0069277 secs] [Times: user=0.01 sys=0.00, real=0.01 secs] 
239.007: [GC (Allocation Failure) [PSYoungGen: 270933K->184687K(465920K)] 1133994K->1048986K(1602048K), 0.0206284 secs] [Times: user=0.02 sys=0.00, real=0.02 secs] 
239.346: [GC (Allocation Failure) [PSYoungGen: 417647K->184590K(465920K)] 1281946K->1049291K(1602048K), 0.0207124 secs] [Times: user=0.02 sys=0.00, real=0.02 secs] 
240.420: [GC (Allocation Failure) [PSYoungGen: 407049K->91452K(465920K)] 1271750K->956304K(1602048K), 0.0137124 secs] [Times: user=0.03 sys=0.00, real=0.01 secs] 
242.557: [GC (Allocation Failure) [PSYoungGen: 324412K->37684K(465920K)] 1189264K->902827K(1602048K), 0.0078824 secs] [Times: user=0.02 sys=0.00, real=0.01 secs] 
242.877: [GC (Allocation Failure) [PSYoungGen: 270644K->184398K(465920K)] 1135787K->1050906K(1602048K), 0.0205292 secs] [Times: user=0.03 sys=0.00, real=0.03 secs] 
243.166: [GC (Allocation Failure) [PSYoungGen: 417358K->184526K(465920K)] 1283866K->1051179K(1602048K), 0.0204830 secs] [Times: user=0.02 sys=0.00, real=0.02 secs] 
243.981: [GC (Allocation Failure) [PSYoungGen: 407583K->91998K(465920K)] 1274236K->958916K(1602048K), 0.0132424 secs] [Times: user=0.03 sys=0.00, real=0.01 secs] 
245.156: [GC (Allocation Failure) [PSYoungGen: 324958K->37813K(465920K)] 1191876K->905037K(1602048K), 0.0073741 secs] [Times: user=0.02 sys=0.00, real=0.01 secs] 
245.502: [GC (Allocation Failure) [PSYoungGen: 270773K->184430K(465920K)] 1137997K->1052891K(1602048K), 0.0208966 secs] [Times: user=0.03 sys=0.00, real=0.02 secs] 
245.786: [GC (Allocation Failure) [PSYoungGen: 417390K->184526K(465920K)] 1285851K->1053261K(1602048K), 0.0206028 secs] [Times: user=0.03 sys=0.00, real=0.02 secs] 
247.922: [GC (Allocation Failure) [PSYoungGen: 407065K->91837K(465920K)] 1275799K->960837K(1602048K), 0.0244805 secs] [Times: user=0.06 sys=0.00, real=0.02 secs] 
249.867: [GC (Allocation Failure) [PSYoungGen: 324797K->37588K(465920K)] 1193797K->906893K(1602048K), 0.0079732 secs] [Times: user=0.02 sys=0.00, real=0.01 secs] 
250.263: [GC (Allocation Failure) [PSYoungGen: 270548K->184398K(465920K)] 1139853K->1054949K(1602048K), 0.0209995 secs] [Times: user=0.03 sys=0.00, real=0.02 secs] 
250.546: [GC (Allocation Failure) [PSYoungGen: 417358K->184301K(465920K)] 1287909K->1055125K(1602048K), 0.0206450 secs] [Times: user=0.03 sys=0.00, real=0.02 secs] 
251.171: [GC (Allocation Failure) [PSYoungGen: 409345K->92335K(465920K)] 1280169K->963553K(1602048K), 0.0129445 secs] [Times: user=0.03 sys=0.00, real=0.01 secs] 
252.612: [GC (Allocation Failure) [PSYoungGen: 325295K->37813K(465920K)] 1196513K->909200K(1602048K), 0.0096923 secs] [Times: user=0.03 sys=0.00, real=0.01 secs] 
252.947: [GC (Allocation Failure) [PSYoungGen: 270773K->184655K(465920K)] 1142160K->1057295K(1602048K), 0.0208530 secs] [Times: user=0.03 sys=0.00, real=0.02 secs] 
253.231: [GC (Allocation Failure) [PSYoungGen: 417615K->184687K(465920K)] 1290255K->1057600K(1602048K), 0.0204818 secs] [Times: user=0.03 sys=0.00, real=0.02 secs] 
254.713: [GC (Allocation Failure) [PSYoungGen: 407240K->91467K(465920K)] 1280153K->964646K(1602048K), 0.0122462 secs] [Times: user=0.02 sys=0.00, real=0.01 secs] 
256.352: [GC (Allocation Failure) [PSYoungGen: 324427K->37716K(465920K)] 1197606K->911200K(1602048K), 0.0084805 secs] [Times: user=0.02 sys=0.00, real=0.01 secs] 
256.677: [GC (Allocation Failure) [PSYoungGen: 270676K->183916K(465920K)] 1144160K->1058645K(1602048K), 0.0205557 secs] [Times: user=0.03 sys=0.00, real=0.03 secs] 
256.966: [GC (Allocation Failure) [PSYoungGen: 416876K->184398K(465920K)] 1291605K->1059529K(1602048K), 0.0204505 secs] [Times: user=0.03 sys=0.00, real=0.02 secs] 
257.915: [GC (Allocation Failure) [PSYoungGen: 409625K->92672K(465920K)] 1284756K->967948K(1602048K), 0.0135109 secs] [Times: user=0.03 sys=0.01, real=0.02 secs] 
259.714: [GC (Allocation Failure) [PSYoungGen: 325632K->37748K(465920K)] 1200908K->913322K(1602048K), 0.0074100 secs] [Times: user=0.02 sys=0.00, real=0.01 secs] 
260.010: [GC (Allocation Failure) [PSYoungGen: 270708K->184687K(465920K)] 1146282K->1061514K(1602048K), 0.0206967 secs] [Times: user=0.03 sys=0.00, real=0.02 secs] 
260.353: [GC (Allocation Failure) [PSYoungGen: 417647K->184655K(465920K)] 1294474K->1061876K(1602048K), 0.0206284 secs] [Times: user=0.03 sys=0.00, real=0.02 secs] 
261.740: [GC (Allocation Failure) [PSYoungGen: 407346K->91564K(465920K)] 1284567K->969058K(1602048K), 0.0140396 secs] [Times: user=0.03 sys=0.00, real=0.01 secs] 
263.573: [GC (Allocation Failure) [PSYoungGen: 324524K->37459K(465920K)] 1202018K->915114K(1602048K), 0.0070878 secs] [Times: user=0.01 sys=0.00, real=0.01 secs] 
263.860: [GC (Allocation Failure) [PSYoungGen: 270419K->183658K(465920K)] 1148074K->1062559K(1602048K), 0.0205275 secs] [Times: user=0.03 sys=0.00, real=0.02 secs] 
264.148: [GC (Allocation Failure) [PSYoungGen: 416618K->184526K(465920K)] 1295519K->1063700K(1602048K), 0.0206317 secs] [Times: user=0.03 sys=0.00, real=0.02 secs] 
264.837: [GC (Allocation Failure) [PSYoungGen: 409890K->93010K(465920K)] 1289064K->972449K(1602048K), 0.0115909 secs] [Times: user=0.02 sys=0.00, real=0.02 secs] 
265.666: [GC (Allocation Failure) [PSYoungGen: 325970K->37331K(465920K)] 1205409K->917077K(1602048K), 0.0057800 secs] [Times: user=0.01 sys=0.00, real=0.01 secs] 
265.935: [GC (Allocation Failure) [PSYoungGen: 270291K->184558K(465920K)] 1150037K->1065542K(1602048K), 0.0205198 secs] [Times: user=0.03 sys=0.00, real=0.02 secs] 
266.219: [GC (Allocation Failure) [PSYoungGen: 417518K->184269K(465920K)] 1298502K->1065526K(1602048K), 0.0204868 secs] [Times: user=0.03 sys=0.00, real=0.02 secs] 
267.266: [GC (Allocation Failure) [PSYoungGen: 409640K->92512K(465920K)] 1290897K->974034K(1602048K), 0.0115954 secs] [Times: user=0.02 sys=0.00, real=0.02 secs] 
269.643: [GC (Allocation Failure) [PSYoungGen: 325472K->37234K(465920K)] 1206994K->919064K(1602048K), 0.0083910 secs] [Times: user=0.02 sys=0.00, real=0.01 secs] 
269.972: [GC (Allocation Failure) [PSYoungGen: 270194K->184558K(465920K)] 1152024K->1067770K(1602048K), 0.0208553 secs] [Times: user=0.03 sys=0.00, real=0.02 secs] 
270.313: [GC (Allocation Failure) [PSYoungGen: 417518K->184494K(465920K)] 1300730K->1067971K(1602048K), 0.0205510 secs] [Times: user=0.03 sys=0.00, real=0.02 secs] 
272.052: [GC (Allocation Failure) [PSYoungGen: 408242K->92383K(465920K)] 1291719K->975997K(1602048K), 0.0193952 secs] [Times: user=0.04 sys=0.00, real=0.02 secs] 
273.864: [GC (Allocation Failure) [PSYoungGen: 325343K->37427K(465920K)] 1208957K->921355K(1602048K), 0.0078255 secs] [Times: user=0.02 sys=0.00, real=0.01 secs] 
274.172: [GC (Allocation Failure) [PSYoungGen: 270387K->184719K(465920K)] 1154315K->1069892K(1602048K), 0.0205706 secs] [Times: user=0.03 sys=0.00, real=0.02 secs] 
274.458: [GC (Allocation Failure) [PSYoungGen: 417679K->186389K(465920K)] 1302852K->1071836K(1602048K), 0.0206036 secs] [Times: user=0.03 sys=0.00, real=0.02 secs] 
275.916: [GC (Allocation Failure) [PSYoungGen: 407541K->90198K(465920K)] 1292987K->975925K(1602048K), 0.0123700 secs] [Times: user=0.02 sys=0.00, real=0.02 secs] 
277.258: [GC (Allocation Failure) [PSYoungGen: 323158K->37556K(465920K)] 1208885K->923598K(1602048K), 0.0065872 secs] [Times: user=0.02 sys=0.00, real=0.00 secs] 
277.539: [GC (Allocation Failure) [PSYoungGen: 270516K->186357K(465920K)] 1156558K->1073654K(1602048K), 0.0207267 secs] [Times: user=0.03 sys=0.00, real=0.02 secs] 
277.828: [GC (Allocation Failure) [PSYoungGen: 419317K->184815K(465920K)] 1306614K->1072385K(1602048K), 0.0204833 secs] [Times: user=0.03 sys=0.00, real=0.02 secs] 
278.641: [GC (Allocation Failure) [PSYoungGen: 406221K->89973K(465920K)] 1293791K->977808K(1602048K), 0.0116906 secs] [Times: user=0.03 sys=0.00, real=0.01 secs] 
279.600: [GC (Allocation Failure) [PSYoungGen: 322933K->37748K(465920K)] 1210768K->925896K(1602048K), 0.0058852 secs] [Times: user=0.02 sys=0.00, real=0.00 secs] 
279.868: [GC (Allocation Failure) [PSYoungGen: 270708K->183658K(465920K)] 1158856K->1073060K(1602048K), 0.0207964 secs] [Times: user=0.03 sys=0.00, real=0.02 secs] 
280.152: [GC (Allocation Failure) [PSYoungGen: 416618K->184719K(465920K)] 1306020K->1074394K(1602048K), 0.0205020 secs] [Times: user=0.02 sys=0.00, real=0.02 secs] 
281.383: [GC (Allocation Failure) [PSYoungGen: 408569K->92576K(465920K)] 1298244K->982516K(1602048K), 0.0192349 secs] [Times: user=0.04 sys=0.00, real=0.02 secs] 
283.327: [GC (Allocation Failure) [PSYoungGen: 325536K->37427K(465920K)] 1215476K->927665K(1602048K), 0.0081047 secs] [Times: user=0.02 sys=0.00, real=0.01 secs] 
283.643: [GC (Allocation Failure) [PSYoungGen: 270387K->184462K(465920K)] 1160625K->1075945K(1602048K), 0.0205735 secs] [Times: user=0.03 sys=0.00, real=0.02 secs] 
283.988: [GC (Allocation Failure) [PSYoungGen: 417422K->184558K(465920K)] 1308905K->1076443K(1602048K), 0.0204014 secs] [Times: user=0.03 sys=0.00, real=0.02 secs] 
285.381: [GC (Allocation Failure) [PSYoungGen: 409713K->92207K(465920K)] 1301598K->984228K(1602048K), 0.0163306 secs] [Times: user=0.03 sys=0.00, real=0.01 secs] 
287.422: [GC (Allocation Failure) [PSYoungGen: 325167K->37427K(465920K)] 1217188K->929748K(1602048K), 0.0072222 secs] [Times: user=0.01 sys=0.00, real=0.01 secs] 
287.722: [GC (Allocation Failure) [PSYoungGen: 270387K->184301K(465920K)] 1162708K->1077876K(1602048K), 0.0205059 secs] [Times: user=0.03 sys=0.00, real=0.02 secs] 
288.006: [GC (Allocation Failure) [PSYoungGen: 417261K->184494K(465920K)] 1310836K->1078470K(1602048K), 0.0203676 secs] [Times: user=0.03 sys=0.00, real=0.02 secs] 
289.434: [GC (Allocation Failure) [PSYoungGen: 408059K->92383K(465920K)] 1302035K->986496K(1602048K), 0.0259095 secs] [Times: user=0.05 sys=0.00, real=0.03 secs] 
291.228: [GC (Allocation Failure) [PSYoungGen: 325343K->37845K(465920K)] 1219456K->932273K(1602048K), 0.0085833 secs] [Times: user=0.02 sys=0.01, real=0.00 secs] 
291.554: [GC (Allocation Failure) [PSYoungGen: 270805K->184430K(465920K)] 1165233K->1080232K(1602048K), 0.0209171 secs] [Times: user=0.03 sys=0.00, real=0.02 secs] 
291.840: [GC (Allocation Failure) [PSYoungGen: 417390K->184558K(465920K)] 1313192K->1080505K(1602048K), 0.0206851 secs] [Times: user=0.03 sys=0.00, real=0.02 secs] 
292.509: [GC (Allocation Failure) [PSYoungGen: 407107K->91901K(465920K)] 1303054K->988113K(1602048K), 0.0127919 secs] [Times: user=0.03 sys=0.00, real=0.01 secs] 
293.405: [GC (Allocation Failure) [PSYoungGen: 324861K->37973K(465920K)] 1221073K->934483K(1602048K), 0.0087397 secs] [Times: user=0.02 sys=0.00, real=0.01 secs] 
293.761: [GC (Allocation Failure) [PSYoungGen: 270933K->184462K(465920K)] 1167443K->1082217K(1602048K), 0.0207378 secs] [Times: user=0.03 sys=0.00, real=0.02 secs] 
294.044: [GC (Allocation Failure) [PSYoungGen: 417422K->184590K(465920K)] 1315177K->1082619K(1602048K), 0.0205788 secs] [Times: user=0.03 sys=0.00, real=0.02 secs] 
294.896: [GC (Allocation Failure) [PSYoungGen: 407130K->91773K(465920K)] 1305158K->990074K(1602048K), 0.0129898 secs] [Times: user=0.03 sys=0.00, real=0.02 secs] 
296.401: [GC (Allocation Failure) [PSYoungGen: 324733K->37427K(465920K)] 1223034K->936050K(1602048K), 0.0081237 secs] [Times: user=0.02 sys=0.00, real=0.01 secs] 
296.722: [GC (Allocation Failure) [PSYoungGen: 270387K->184462K(465920K)] 1169010K->1084323K(1602048K), 0.0217912 secs] [Times: user=0.03 sys=0.00, real=0.02 secs] 
297.059: [GC (Allocation Failure) [PSYoungGen: 417422K->184301K(465920K)] 1317283K->1084435K(1602048K), 0.0205140 secs] [Times: user=0.03 sys=0.00, real=0.02 secs] 
298.584: [GC (Allocation Failure) [PSYoungGen: 409346K->92496K(465920K)] 1309480K->993023K(1602048K), 0.0196218 secs] [Times: user=0.04 sys=0.01, real=0.02 secs] 
300.794: [GC (Allocation Failure) [PSYoungGen: 325456K->37748K(465920K)] 1225983K->938461K(1602048K), 0.0078459 secs] [Times: user=0.02 sys=0.00, real=0.01 secs] 
301.099: [GC (Allocation Failure) [PSYoungGen: 270708K->184719K(465920K)] 1171421K->1086685K(1602048K), 0.0208553 secs] [Times: user=0.03 sys=0.00, real=0.02 secs] 
301.387: [GC (Allocation Failure) [PSYoungGen: 417679K->184655K(465920K)] 1319645K->1086894K(1602048K), 0.0205961 secs] [Times: user=0.02 sys=0.00, real=0.03 secs] 
302.246: [GC (Allocation Failure) [PSYoungGen: 407219K->91596K(465920K)] 1309458K->994108K(1602048K), 0.0125088 secs] [Times: user=0.03 sys=0.00, real=0.02 secs] 
303.327: [GC (Allocation Failure) [PSYoungGen: 324556K->37973K(465920K)] 1227068K->940799K(1602048K), 0.0057521 secs] [Times: user=0.02 sys=0.00, real=0.01 secs] 
303.655: [GC (Allocation Failure) [PSYoungGen: 270933K->184687K(465920K)] 1173759K->1088887K(1602048K), 0.0207003 secs] [Times: user=0.03 sys=0.00, real=0.02 secs] 
303.939: [GC (Allocation Failure) [PSYoungGen: 417647K->184623K(465920K)] 1321847K->1088968K(1602048K), 0.0206694 secs] [Times: user=0.03 sys=0.00, real=0.02 secs] 
305.688: [GC (Allocation Failure) [PSYoungGen: 407176K->91339K(465920K)] 1311521K->995949K(1602048K), 0.0248538 secs] [Times: user=0.05 sys=0.00, real=0.02 secs] 
307.079: [GC (Allocation Failure) [PSYoungGen: 324299K->37684K(465920K)] 1228909K->942610K(1602048K), 0.0067570 secs] [Times: user=0.01 sys=0.00, real=0.00 secs] 
307.358: [GC (Allocation Failure) [PSYoungGen: 270644K->183787K(465920K)] 1175570K->1089951K(1602048K), 0.0205151 secs] [Times: user=0.03 sys=0.00, real=0.02 secs] 
307.703: [GC (Allocation Failure) [PSYoungGen: 416747K->184430K(465920K)] 1322911K->1090866K(1602048K), 0.0205196 secs] [Times: user=0.03 sys=0.00, real=0.02 secs] 
309.024: [GC (Allocation Failure) [PSYoungGen: 409696K->92737K(465920K)] 1316132K->999438K(1602048K), 0.0163974 secs] [Times: user=0.04 sys=0.00, real=0.02 secs] 
310.188: [GC (Allocation Failure) [PSYoungGen: 325697K->37973K(465920K)] 1232398K->944992K(1602048K), 0.0058216 secs] [Times: user=0.01 sys=0.00, real=0.00 secs] 
310.458: [GC (Allocation Failure) [PSYoungGen: 270933K->183916K(465920K)] 1177952K->1092171K(1602048K), 0.0205406 secs] [Times: user=0.03 sys=0.00, real=0.02 secs] 
310.805: [GC (Allocation Failure) [PSYoungGen: 416876K->184783K(465920K)] 1325131K->1093312K(1602048K), 0.0205750 secs] [Times: user=0.03 sys=0.00, real=0.02 secs] 
312.046: [GC (Allocation Failure) [PSYoungGen: 407996K->91966K(465920K)] 1316525K->1000760K(1602048K), 0.0138880 secs] [Times: user=0.03 sys=0.00, real=0.02 secs] 
313.189: [GC (Allocation Failure) [PSYoungGen: 324926K->37845K(465920K)] 1233720K->946944K(1602048K), 0.0057288 secs] [Times: user=0.02 sys=0.00, real=0.00 secs] 
313.459: [GC (Allocation Failure) [PSYoungGen: 270805K->184301K(465920K)] 1179904K->1094646K(1602048K), 0.0205436 secs] [Times: user=0.03 sys=0.00, real=0.02 secs] 
313.745: [GC (Allocation Failure) [PSYoungGen: 417261K->184141K(465920K)] 1327606K->1094751K(1602048K), 0.0206034 secs] [Times: user=0.03 sys=0.00, real=0.02 secs] 
314.465: [GC (Allocation Failure) [PSYoungGen: 409357K->92351K(465920K)] 1319967K->1003227K(1602048K), 0.0122997 secs] [Times: user=0.02 sys=0.00, real=0.01 secs] 
315.319: [GC (Allocation Failure) [PSYoungGen: 325311K->37973K(465920K)] 1236187K->949148K(1602048K), 0.0058598 secs] [Times: user=0.02 sys=0.00, real=0.00 secs] 
315.650: [GC (Allocation Failure) [PSYoungGen: 270933K->184687K(465920K)] 1182108K->1097107K(1602048K), 0.0205432 secs] [Times: user=0.03 sys=0.00, real=0.02 secs] 
315.984: [GC (Allocation Failure) [PSYoungGen: 417647K->184719K(465920K)] 1330067K->1097413K(1602048K), 0.0204704 secs] [Times: user=0.03 sys=0.00, real=0.02 secs] 
316.798: [GC (Allocation Failure) [PSYoungGen: 407267K->91323K(465920K)] 1319960K->1004282K(1602048K), 0.0121054 secs] [Times: user=0.02 sys=0.00, real=0.01 secs] 
317.678: [GC (Allocation Failure) [PSYoungGen: 324283K->37973K(465920K)] 1237242K->951238K(1602048K), 0.0058663 secs] [Times: user=0.01 sys=0.00, real=0.00 secs] 
318.014: [GC (Allocation Failure) [PSYoungGen: 270933K->183916K(465920K)] 1184198K->1098426K(1602048K), 0.0205587 secs] [Times: user=0.03 sys=0.00, real=0.02 secs] 
318.296: [GC (Allocation Failure) [PSYoungGen: 416876K->184430K(465920K)] 1331386K->1099213K(1602048K), 0.0206482 secs] [Times: user=0.03 sys=0.00, real=0.02 secs] 
320.051: [GC (Allocation Failure) [PSYoungGen: 408185K->92351K(465920K)] 1322968K->1007407K(1602048K), 0.0180037 secs] [Times: user=0.04 sys=0.00, real=0.02 secs] 
322.079: [GC (Allocation Failure) [PSYoungGen: 325311K->37459K(465920K)] 1240367K->952815K(1602048K), 0.0074660 secs] [Times: user=0.01 sys=0.00, real=0.00 secs] 
322.457: [GC (Allocation Failure) [PSYoungGen: 270419K->184430K(465920K)] 1185775K->1101040K(1602048K), 0.0206960 secs] [Times: user=0.03 sys=0.00, real=0.03 secs] 
322.745: [GC (Allocation Failure) [PSYoungGen: 417390K->184269K(465920K)] 1334000K->1101152K(1602048K), 0.0205695 secs] [Times: user=0.03 sys=0.00, real=0.02 secs] 
324.015: [GC (Allocation Failure) [PSYoungGen: 409315K->92512K(465920K)] 1326198K->1009788K(1602048K), 0.0151974 secs] [Times: user=0.04 sys=0.00, real=0.02 secs] 
325.663: [GC (Allocation Failure) [PSYoungGen: 325472K->37588K(465920K)] 1242748K->955049K(1602048K), 0.0071863 secs] [Times: user=0.02 sys=0.00, real=0.01 secs] 
325.956: [GC (Allocation Failure) [PSYoungGen: 270548K->184687K(465920K)] 1188009K->1103523K(1602048K), 0.0206696 secs] [Times: user=0.02 sys=0.01, real=0.02 secs] 
326.246: [GC (Allocation Failure) [PSYoungGen: 417647K->184687K(465920K)] 1336483K->1103788K(1602048K), 0.0206918 secs] [Times: user=0.03 sys=0.00, real=0.02 secs] 
328.073: [GC (Allocation Failure) [PSYoungGen: 409684K->91709K(465920K)] 1328785K->1011075K(1602048K), 0.0142154 secs] [Times: user=0.03 sys=0.00, real=0.01 secs] 
329.026: [GC (Allocation Failure) [PSYoungGen: 324669K->37845K(465920K)] 1244035K->957380K(1602048K), 0.0057290 secs] [Times: user=0.01 sys=0.00, real=0.01 secs] 
329.295: [GC (Allocation Failure) [PSYoungGen: 270805K->184815K(465920K)] 1190340K->1105604K(1602048K), 0.0206392 secs] [Times: user=0.03 sys=0.01, real=0.02 secs] 
329.579: [GC (Allocation Failure) [PSYoungGen: 417775K->184623K(465920K)] 1338564K->1105813K(1602048K), 0.0204848 secs] [Times: user=0.02 sys=0.00, real=0.02 secs] 
331.218: [GC (Allocation Failure) [PSYoungGen: 407176K->91323K(465920K)] 1328367K->1012650K(1602048K), 0.0151921 secs] [Times: user=0.03 sys=0.00, real=0.01 secs] 
332.521: [GC (Allocation Failure) [PSYoungGen: 324283K->37748K(465920K)] 1245610K->959383K(1602048K), 0.0057677 secs] [Times: user=0.01 sys=0.00, real=0.00 secs] 
332.790: [GC (Allocation Failure) [PSYoungGen: 270708K->183787K(465920K)] 1192343K->1106660K(1602048K), 0.0206273 secs] [Times: user=0.03 sys=0.00, real=0.02 secs] 
333.073: [GC (Allocation Failure) [PSYoungGen: 416747K->184398K(465920K)] 1339620K->1107543K(1602048K), 0.0206567 secs] [Times: user=0.03 sys=0.00, real=0.02 secs] 
334.144: [GC (Allocation Failure) [PSYoungGen: 409632K->92753K(465920K)] 1332778K->1016171K(1602048K), 0.0141882 secs] [Times: user=0.03 sys=0.00, real=0.02 secs] 
335.222: [GC (Allocation Failure) [PSYoungGen: 325713K->37845K(465920K)] 1249131K->961569K(1602048K), 0.0059354 secs] [Times: user=0.01 sys=0.00, real=0.01 secs] 
335.492: [GC (Allocation Failure) [PSYoungGen: 270805K->184687K(465920K)] 1194529K->1109649K(1602048K), 0.0205488 secs] [Times: user=0.03 sys=0.00, real=0.02 secs] 
335.776: [GC (Allocation Failure) [PSYoungGen: 417647K->184655K(465920K)] 1342609K->1110018K(1602048K), 0.0204242 secs] [Times: user=0.03 sys=0.00, real=0.02 secs] 
337.094: [GC (Allocation Failure) [PSYoungGen: 407086K->91484K(465920K)] 1332450K->1017112K(1602048K), 0.0243810 secs] [Times: user=0.05 sys=0.00, real=0.03 secs] 
338.287: [GC (Allocation Failure) [PSYoungGen: 324444K->38005K(465920K)] 1250072K->963805K(1602048K), 0.0058494 secs] [Times: user=0.01 sys=0.00, real=0.01 secs] 
338.554: [GC (Allocation Failure) [PSYoungGen: 270965K->183787K(465920K)] 1196765K->1110833K(1602048K), 0.0205372 secs] [Times: user=0.03 sys=0.00, real=0.02 secs] 
338.838: [GC (Allocation Failure) [PSYoungGen: 416747K->184494K(465920K)] 1343793K->1111941K(1602048K), 0.0204969 secs] [Times: user=0.03 sys=0.01, real=0.02 secs] 
340.073: [GC (Allocation Failure) [PSYoungGen: 409631K->92512K(465920K)] 1337078K->1020224K(1602048K), 0.0142430 secs] [Times: user=0.03 sys=0.00, real=0.02 secs] 
341.593: [GC (Allocation Failure) [PSYoungGen: 325472K->37588K(465920K)] 1253184K->965487K(1602048K), 0.0057707 secs] [Times: user=0.02 sys=0.00, real=0.01 secs] 
341.915: [GC (Allocation Failure) [PSYoungGen: 270548K->184044K(465920K)] 1198447K->1113197K(1602048K), 0.0209092 secs] [Times: user=0.03 sys=0.00, real=0.02 secs] 
342.254: [GC (Allocation Failure) [PSYoungGen: 417004K->184526K(465920K)] 1346157K->1114073K(1602048K), 0.0205703 secs] [Times: user=0.03 sys=0.00, real=0.02 secs] 
344.479: [GC (Allocation Failure) [PSYoungGen: 409714K->92448K(465920K)] 1339261K->1022131K(1602048K), 0.0140755 secs] [Times: user=0.03 sys=0.00, real=0.01 secs] 
345.574: [GC (Allocation Failure) [PSYoungGen: 325408K->37845K(465920K)] 1255091K->967844K(1602048K), 0.0059618 secs] [Times: user=0.01 sys=0.00, real=0.01 secs] 
345.900: [GC (Allocation Failure) [PSYoungGen: 270805K->184655K(465920K)] 1200804K->1115892K(1602048K), 0.0206322 secs] [Times: user=0.03 sys=0.00, real=0.02 secs] 
346.245: [GC (Allocation Failure) [PSYoungGen: 417615K->184719K(465920K)] 1348852K->1116229K(1602048K), 0.0206798 secs] [Times: user=0.02 sys=0.00, real=0.02 secs] 
347.407: [GC (Allocation Failure) [PSYoungGen: 407281K->91452K(465920K)] 1338791K->1023235K(1602048K), 0.0142323 secs] [Times: user=0.02 sys=0.00, real=0.02 secs] 
349.048: [GC (Allocation Failure) [PSYoungGen: 324412K->37491K(465920K)] 1256195K->969582K(1602048K), 0.0070603 secs] [Times: user=0.01 sys=0.00, real=0.00 secs] 
349.331: [GC (Allocation Failure) [PSYoungGen: 270451K->183787K(465920K)] 1202542K->1117132K(1602048K), 0.0206104 secs] [Times: user=0.03 sys=0.00, real=0.02 secs] 
349.617: [GC (Allocation Failure) [PSYoungGen: 416747K->184687K(465920K)] 1350092K->1118305K(1602048K), 0.0205196 secs] [Times: user=0.03 sys=0.00, real=0.02 secs] 
350.265: [GC (Allocation Failure) [PSYoungGen: 410105K->92801K(465920K)] 1343723K->1026684K(1602048K), 0.0111458 secs] [Times: user=0.02 sys=0.00, real=0.01 secs] 
351.829: [GC (Allocation Failure) [PSYoungGen: 325761K->37716K(465920K)] 1259644K->971921K(1602048K), 0.0097251 secs] [Times: user=0.03 sys=0.00, real=0.01 secs] 
352.165: [GC (Allocation Failure) [PSYoungGen: 270676K->184526K(465920K)] 1204881K->1119968K(1602048K), 0.0206916 secs] [Times: user=0.03 sys=0.00, real=0.02 secs] 
352.449: [GC (Allocation Failure) [PSYoungGen: 417486K->184237K(465920K)] 1352928K->1119944K(1602048K), 0.0204317 secs] [Times: user=0.03 sys=0.00, real=0.02 secs] 
353.136: [GC (Allocation Failure) [PSYoungGen: 409121K->92142K(465920K)] 1344828K->1028115K(1602048K), 0.0118235 secs] [Times: user=0.03 sys=0.00, real=0.02 secs] 
354.649: [GC (Allocation Failure) [PSYoungGen: 325102K->37588K(465920K)] 1261075K->973868K(1602048K), 0.0085969 secs] [Times: user=0.02 sys=0.00, real=0.00 secs] 
354.974: [GC (Allocation Failure) [PSYoungGen: 270548K->184526K(465920K)] 1206828K->1122052K(1602048K), 0.0206057 secs] [Times: user=0.03 sys=0.00, real=0.02 secs] 
355.316: [GC (Allocation Failure) [PSYoungGen: 417486K->184623K(465920K)] 1355012K->1122422K(1602048K), 0.0205816 secs] [Times: user=0.03 sys=0.00, real=0.02 secs] 
356.799: [GC (Allocation Failure) [PSYoungGen: 409764K->91901K(465920K)] 1347563K->1029965K(1602048K), 0.0151636 secs] [Times: user=0.04 sys=0.00, real=0.01 secs] 
358.785: [GC (Allocation Failure) [PSYoungGen: 324861K->37684K(465920K)] 1262925K->976062K(1602048K), 0.0088666 secs] [Times: user=0.03 sys=0.00, real=0.01 secs] 
359.113: [GC (Allocation Failure) [PSYoungGen: 270644K->184879K(465920K)] 1209022K->1124511K(1602048K), 0.0207298 secs] [Times: user=0.03 sys=0.00, real=0.02 secs] 
359.397: [GC (Allocation Failure) [PSYoungGen: 417839K->184623K(465920K)] 1357471K->1124551K(1602048K), 0.0206957 secs] [Times: user=0.03 sys=0.00, real=0.03 secs] 
359.998: [GC (Allocation Failure) [PSYoungGen: 407071K->91467K(465920K)] 1347000K->1031669K(1602048K), 0.0129691 secs] [Times: user=0.03 sys=0.00, real=0.01 secs] 
361.107: [GC (Allocation Failure) [PSYoungGen: 324427K->37713K(465920K)] 1264629K->978231K(1602048K), 0.0058058 secs] [Times: user=0.01 sys=0.00, real=0.01 secs] 
361.381: [GC (Allocation Failure) [PSYoungGen: 270673K->184815K(465920K)] 1211191K->1126578K(1602048K), 0.0208128 secs] [Times: user=0.02 sys=0.00, real=0.02 secs] 
361.666: [GC (Allocation Failure) [PSYoungGen: 417775K->183755K(465920K)] 1359538K->1125783K(1602048K), 0.0203191 secs] [Times: user=0.03 sys=0.00, real=0.02 secs] 
362.566: [GC (Allocation Failure) [PSYoungGen: 409290K->92399K(465920K)] 1351318K->1034700K(1602048K), 0.0126248 secs] [Times: user=0.03 sys=0.00, real=0.02 secs] 
363.895: [GC (Allocation Failure) [PSYoungGen: 325359K->37813K(465920K)] 1267660K->980427K(1602048K), 0.0074567 secs] [Times: user=0.02 sys=0.00, real=0.01 secs] 
364.190: [GC (Allocation Failure) [PSYoungGen: 270773K->184655K(465920K)] 1213387K->1128515K(1602048K), 0.0206511 secs] [Times: user=0.03 sys=0.00, real=0.02 secs] 
364.474: [GC (Allocation Failure) [PSYoungGen: 417615K->184623K(465920K)] 1361475K->1128756K(1602048K), 0.0207585 secs] [Times: user=0.02 sys=0.00, real=0.02 secs] 
365.086: [GC (Allocation Failure) [PSYoungGen: 407191K->91420K(465920K)] 1351324K->1035818K(1602048K), 0.0128349 secs] [Times: user=0.03 sys=0.00, real=0.02 secs] 
365.907: [GC (Allocation Failure) [PSYoungGen: 324380K->37941K(465920K)] 1268778K->982647K(1602048K), 0.0076132 secs] [Times: user=0.01 sys=0.00, real=0.01 secs] 
366.263: [GC (Allocation Failure) [PSYoungGen: 270901K->183884K(465920K)] 1215607K->1129827K(1602048K), 0.0207576 secs] [Times: user=0.03 sys=0.00, real=0.02 secs] 
366.608: [GC (Allocation Failure) [PSYoungGen: 416844K->184430K(465920K)] 1362787K->1130654K(1602048K), 0.0207131 secs] [Times: user=0.02 sys=0.00, real=0.02 secs] 
369.150: [GC (Allocation Failure) [PSYoungGen: 409659K->92319K(465920K)] 1355884K->1038809K(1602048K), 0.0265705 secs] [Times: user=0.06 sys=0.00, real=0.02 secs] 
370.859: [GC (Allocation Failure) [PSYoungGen: 325279K->37941K(465920K)] 1271769K->984737K(1602048K), 0.0076339 secs] [Times: user=0.02 sys=0.00, real=0.00 secs] 
371.160: [GC (Allocation Failure) [PSYoungGen: 270901K->184655K(465920K)] 1217697K->1132704K(1602048K), 0.0206783 secs] [Times: user=0.03 sys=0.00, real=0.02 secs] 
371.444: [GC (Allocation Failure) [PSYoungGen: 417615K->184687K(465920K)] 1365664K->1133009K(1602048K), 0.0208682 secs] [Times: user=0.03 sys=0.00, real=0.02 secs] 
373.109: [GC (Allocation Failure) [PSYoungGen: 407248K->91355K(465920K)] 1355570K->1039942K(1602048K), 0.0127387 secs] [Times: user=0.03 sys=0.00, real=0.01 secs] 
374.648: [GC (Allocation Failure) [PSYoungGen: 324315K->37684K(465920K)] 1272902K->986585K(1602048K), 0.0077632 secs] [Times: user=0.02 sys=0.01, real=0.00 secs] 
375.003: [GC (Allocation Failure) [PSYoungGen: 270644K->183916K(465920K)] 1219545K->1134054K(1602048K), 0.0204284 secs] [Times: user=0.03 sys=0.00, real=0.02 secs] 
375.286: [GC (Allocation Failure) [PSYoungGen: 416876K->184398K(465920K)] 1367014K->1134809K(1602048K), 0.0207677 secs] [Times: user=0.03 sys=0.00, real=0.02 secs] 
376.265: [GC (Allocation Failure) [PSYoungGen: 408211K->92608K(465920K)] 1358623K->1043285K(1602048K), 0.0116914 secs] [Times: user=0.03 sys=0.00, real=0.01 secs] 
378.521: [GC (Allocation Failure) [PSYoungGen: 325568K->37556K(465920K)] 1276245K->988540K(1602048K), 0.0081087 secs] [Times: user=0.02 sys=0.01, real=0.01 secs] 
378.839: [GC (Allocation Failure) [PSYoungGen: 270516K->184398K(465920K)] 1221500K->1136620K(1602048K), 0.0206457 secs] [Times: user=0.03 sys=0.01, real=0.02 secs] 
379.127: [GC (Allocation Failure) [PSYoungGen: 417358K->184205K(465920K)] 1369580K->1136700K(1602048K), 0.0207176 secs] [Times: user=0.03 sys=0.00, real=0.02 secs] 
379.746: [GC (Allocation Failure) [PSYoungGen: 409108K->92448K(465920K)] 1361603K->1045216K(1602048K), 0.0112309 secs] [Times: user=0.03 sys=0.00, real=0.02 secs] 
381.129: [GC (Allocation Failure) [PSYoungGen: 325408K->37588K(465920K)] 1278176K->990664K(1602048K), 0.0069069 secs] [Times: user=0.01 sys=0.00, real=0.00 secs] 
381.404: [GC (Allocation Failure) [PSYoungGen: 270548K->183916K(465920K)] 1223624K->1138238K(1602048K), 0.0205889 secs] [Times: user=0.03 sys=0.00, real=0.02 secs] 
381.740: [GC (Allocation Failure) [PSYoungGen: 416876K->184494K(465920K)] 1371198K->1139218K(1602048K), 0.0207580 secs] [Times: user=0.03 sys=0.01, real=0.02 secs] 
382.463: [GC (Allocation Failure) [PSYoungGen: 409661K->92624K(465920K)] 1364385K->1047484K(1602048K), 0.0125527 secs] [Times: user=0.03 sys=0.00, real=0.01 secs] 
383.751: [GC (Allocation Failure) [PSYoungGen: 325584K->37970K(465920K)] 1280444K->993128K(1602048K), 0.0069551 secs] [Times: user=0.02 sys=0.00, real=0.01 secs] 
384.033: [GC (Allocation Failure) [PSYoungGen: 270930K->184655K(465920K)] 1226088K->1141066K(1602048K), 0.0206670 secs] [Times: user=0.03 sys=0.00, real=0.02 secs] 
384.375: [GC (Allocation Failure) [PSYoungGen: 417615K->184655K(465920K)] 1374026K->1141339K(1602048K), 0.0206757 secs] [Times: user=0.02 sys=0.00, real=0.02 secs] 
385.353: [GC (Allocation Failure) [PSYoungGen: 407218K->91323K(465920K)] 1363902K->1048281K(1602048K), 0.0135932 secs] [Times: user=0.03 sys=0.00, real=0.01 secs] 
387.595: [GC (Allocation Failure) [PSYoungGen: 324283K->37845K(465920K)] 1281241K->995110K(1602048K), 0.0078485 secs] [Times: user=0.02 sys=0.00, real=0.01 secs] 
387.899: [GC (Allocation Failure) [PSYoungGen: 270805K->184655K(465920K)] 1228070K->1143158K(1602048K), 0.0207719 secs] [Times: user=0.03 sys=0.00, real=0.02 secs] 
388.187: [GC (Allocation Failure) [PSYoungGen: 417615K->184719K(465920K)] 1376118K->1143495K(1602048K), 0.0207570 secs] [Times: user=0.03 sys=0.00, real=0.03 secs] 
389.947: [GC (Allocation Failure) [PSYoungGen: 407293K->91467K(465920K)] 1366069K->1050509K(1602048K), 0.0130432 secs] [Times: user=0.03 sys=0.01, real=0.01 secs] 
391.442: [GC (Allocation Failure) [PSYoungGen: 324427K->37588K(465920K)] 1283469K->996937K(1602048K), 0.0078113 secs] [Times: user=0.02 sys=0.00, real=0.01 secs] 
391.829: [GC (Allocation Failure) [PSYoungGen: 270548K->183884K(465920K)] 1229897K->1144479K(1602048K), 0.0207477 secs] [Times: user=0.03 sys=0.00, real=0.02 secs] 
392.117: [GC (Allocation Failure) [PSYoungGen: 416844K->184398K(465920K)] 1377439K->1145258K(1602048K), 0.0206891 secs] [Times: user=0.03 sys=0.00, real=0.03 secs] 
392.908: [GC (Allocation Failure) [PSYoungGen: 408199K->92737K(465920K)] 1369060K->1053870K(1602048K), 0.0129043 secs] [Times: user=0.03 sys=0.00, real=0.01 secs] 
393.720: [GC (Allocation Failure) [PSYoungGen: 325697K->37813K(465920K)] 1286830K->999252K(1602048K), 0.0059192 secs] [Times: user=0.01 sys=0.00, real=0.00 secs] 
393.988: [GC (Allocation Failure) [PSYoungGen: 270773K->183626K(465920K)] 1232212K->1146311K(1602048K), 0.0207779 secs] [Times: user=0.03 sys=0.00, real=0.02 secs] 
394.272: [GC (Allocation Failure) [PSYoungGen: 416586K->184430K(465920K)] 1379271K->1147387K(1602048K), 0.0204606 secs] [Times: user=0.03 sys=0.00, real=0.02 secs] 
394.868: [GC (Allocation Failure) [PSYoungGen: 408463K->92705K(465920K)] 1371421K->1055927K(1602048K), 0.0102972 secs] [Times: user=0.02 sys=0.00, real=0.01 secs] 
395.649: [GC (Allocation Failure) [PSYoungGen: 325665K->37585K(465920K)] 1288887K->1001107K(1602048K), 0.0058305 secs] [Times: user=0.01 sys=0.00, real=0.00 secs] 
395.919: [GC (Allocation Failure) [PSYoungGen: 270545K->184398K(465920K)] 1234067K->1149166K(1602048K), 0.0208748 secs] [Times: user=0.02 sys=0.00, real=0.02 secs] 
396.207: [GC (Allocation Failure) [PSYoungGen: 417358K->184526K(465920K)] 1382126K->1149688K(1602048K), 0.0207048 secs] [Times: user=0.02 sys=0.00, real=0.02 secs] 
396.818: [GC (Allocation Failure) [PSYoungGen: 409683K->92110K(465920K)] 1374845K->1057416K(1602048K), 0.0127537 secs] [Times: user=0.02 sys=0.00, real=0.01 secs] 
397.671: [GC (Allocation Failure) [PSYoungGen: 325070K->38134K(465920K)] 1290376K->1003740K(1602048K), 0.0077686 secs] [Times: user=0.02 sys=0.00, real=0.01 secs] 
398.046: [GC (Allocation Failure) [PSYoungGen: 271094K->184655K(465920K)] 1236700K->1151514K(1602048K), 0.0208216 secs] [Times: user=0.03 sys=0.00, real=0.02 secs] 
398.384: [GC (Allocation Failure) [PSYoungGen: 417615K->184430K(465920K)] 1384474K->1151562K(1602048K), 0.0206762 secs] [Times: user=0.03 sys=0.00, real=0.02 secs] 
400.251: [GC (Allocation Failure) [PSYoungGen: 406933K->91484K(465920K)] 1374065K->1058881K(1602048K), 0.0166171 secs] [Times: user=0.03 sys=0.00, real=0.02 secs] 
402.349: [GC (Allocation Failure) [PSYoungGen: 324444K->37970K(465920K)] 1291841K->1005682K(1602048K), 0.0112162 secs] [Times: user=0.03 sys=0.00, real=0.01 secs] 
402.739: [GC (Allocation Failure) [PSYoungGen: 270930K->184687K(465920K)] 1238642K->1153644K(1602048K), 0.0206240 secs] [Times: user=0.03 sys=0.00, real=0.02 secs] 
403.080: [GC (Allocation Failure) [PSYoungGen: 417647K->184398K(465920K)] 1386604K->1153620K(1602048K), 0.0206253 secs] [Times: user=0.02 sys=0.00, real=0.02 secs] 
404.562: [GC (Allocation Failure) [PSYoungGen: 406874K->91580K(465920K)] 1376097K->1061067K(1602048K), 0.0196279 secs] [Times: user=0.04 sys=0.00, real=0.02 secs] 
406.451: [GC (Allocation Failure) [PSYoungGen: 324540K->37813K(465920K)] 1294027K->1007598K(1602048K), 0.0075463 secs] [Times: user=0.02 sys=0.00, real=0.01 secs] 
406.748: [GC (Allocation Failure) [PSYoungGen: 270773K->184687K(465920K)] 1240558K->1155838K(1602048K), 0.0207602 secs] [Times: user=0.03 sys=0.00, real=0.02 secs] 
407.034: [GC (Allocation Failure) [PSYoungGen: 417647K->184655K(465920K)] 1388798K->1155950K(1602048K), 0.0209690 secs] [Times: user=0.03 sys=0.00, real=0.02 secs] 
408.389: [GC (Allocation Failure) [PSYoungGen: 407204K->91484K(465920K)] 1378500K->1063052K(1602048K), 0.0149476 secs] [Times: user=0.03 sys=0.00, real=0.01 secs] 
410.308: [GC (Allocation Failure) [PSYoungGen: 324444K->37491K(465920K)] 1296012K->1009360K(1602048K), 0.0087725 secs] [Times: user=0.02 sys=0.00, real=0.00 secs] 
410.634: [GC (Allocation Failure) [PSYoungGen: 270451K->184719K(465920K)] 1242320K->1157849K(1602048K), 0.0207535 secs] [Times: user=0.02 sys=0.00, real=0.02 secs] 
410.918: [GC (Allocation Failure) [PSYoungGen: 417679K->184719K(465920K)] 1390809K->1158122K(1602048K), 0.0205193 secs] [Times: user=0.03 sys=0.00, real=0.02 secs] 
412.955: [GC (Allocation Failure) [PSYoungGen: 409838K->91885K(465920K)] 1383242K->1065562K(1602048K), 0.0177157 secs] [Times: user=0.04 sys=0.00, real=0.02 secs] 
414.904: [GC (Allocation Failure) [PSYoungGen: 324845K->37556K(465920K)] 1298522K->1011556K(1602048K), 0.0079242 secs] [Times: user=0.02 sys=0.00, real=0.01 secs] 
415.212: [GC (Allocation Failure) [PSYoungGen: 270516K->184333K(465920K)] 1244516K->1159579K(1602048K), 0.0208186 secs] [Times: user=0.03 sys=0.00, real=0.02 secs] 
415.495: [GC (Allocation Failure) [PSYoungGen: 417293K->183594K(465920K)] 1392539K->1159113K(1602048K), 0.0205015 secs] [Times: user=0.03 sys=0.00, real=0.02 secs] 
416.414: [GC (Allocation Failure) [PSYoungGen: 408569K->93154K(465920K)] 1384088K->1068938K(1602048K), 0.0273254 secs] [Times: user=0.06 sys=0.00, real=0.03 secs] 
418.057: [GC (Allocation Failure) [PSYoungGen: 326114K->37941K(465920K)] 1301898K->1014041K(1602048K), 0.0071149 secs] [Times: user=0.02 sys=0.00, real=0.01 secs] 
418.415: [GC (Allocation Failure) [PSYoungGen: 270901K->184687K(465920K)] 1247001K->1162040K(1602048K), 0.0208943 secs] [Times: user=0.03 sys=0.00, real=0.02 secs] 
418.699: [GC (Allocation Failure) [PSYoungGen: 417647K->184398K(465920K)] 1395000K->1162024K(1602048K), 0.0207399 secs] [Times: user=0.03 sys=0.00, real=0.02 secs] 
419.794: [GC (Allocation Failure) [PSYoungGen: 406907K->91644K(465920K)] 1384533K->1069543K(1602048K), 0.0154434 secs] [Times: user=0.04 sys=0.00, real=0.02 secs] 
421.766: [GC (Allocation Failure) [PSYoungGen: 324604K->37556K(465920K)] 1302503K->1015769K(1602048K), 0.0088255 secs] [Times: user=0.02 sys=0.00, real=0.01 secs] 
422.094: [GC (Allocation Failure) [PSYoungGen: 270516K->184687K(465920K)] 1248729K->1164145K(1602048K), 0.0208870 secs] [Times: user=0.03 sys=0.00, real=0.02 secs] 
422.381: [GC (Allocation Failure) [PSYoungGen: 417647K->184398K(465920K)] 1397105K->1164129K(1602048K), 0.0204547 secs] [Times: user=0.03 sys=0.00, real=0.02 secs] 
423.200: [GC (Allocation Failure) [PSYoungGen: 409439K->91934K(465920K)] 1389171K->1071938K(1602048K), 0.0172094 secs] [Times: user=0.04 sys=0.00, real=0.02 secs] 
425.092: [GC (Allocation Failure) [PSYoungGen: 324894K->37845K(465920K)] 1304898K->1018150K(1602048K), 0.0080933 secs] [Times: user=0.01 sys=0.00, real=0.01 secs] 
425.397: [GC (Allocation Failure) [PSYoungGen: 270805K->184430K(465920K)] 1251110K->1165972K(1602048K), 0.0208328 secs] [Times: user=0.03 sys=0.00, real=0.03 secs] 
425.686: [GC (Allocation Failure) [PSYoungGen: 417390K->184719K(465920K)] 1398932K->1166534K(1602048K), 0.0206335 secs] [Times: user=0.03 sys=0.00, real=0.02 secs] 
426.564: [GC (Allocation Failure) [PSYoungGen: 407159K->91709K(465920K)] 1388974K->1073789K(1602048K), 0.0118794 secs] [Times: user=0.02 sys=0.00, real=0.01 secs] 
427.785: [GC (Allocation Failure) [PSYoungGen: 324669K->37716K(465920K)] 1306749K->1020097K(1602048K), 0.0069486 secs] [Times: user=0.02 sys=0.00, real=0.01 secs] 
428.068: [GC (Allocation Failure) [PSYoungGen: 270676K->184462K(465920K)] 1253057K->1168096K(1602048K), 0.0206715 secs] [Times: user=0.03 sys=0.00, real=0.02 secs] 
428.352: [GC (Allocation Failure) [PSYoungGen: 417422K->184301K(465920K)] 1401056K->1168208K(1602048K), 0.0207787 secs] [Times: user=0.03 sys=0.00, real=0.02 secs] 
430.363: [GC (Allocation Failure) [PSYoungGen: 409369K->92271K(465920K)] 1393277K->1076572K(1602048K), 0.0128661 secs] [Times: user=0.03 sys=0.00, real=0.01 secs] 
431.162: [GC (Allocation Failure) [PSYoungGen: 325231K->37970K(465920K)] 1309532K->1022464K(1602048K), 0.0058836 secs] [Times: user=0.01 sys=0.00, real=0.01 secs] 
431.431: [GC (Allocation Failure) [PSYoungGen: 270930K->184301K(465920K)] 1255424K->1170041K(1602048K), 0.0207849 secs] [Times: user=0.03 sys=0.00, real=0.02 secs] 
431.713: [GC (Allocation Failure) [PSYoungGen: 417261K->183626K(465920K)] 1403001K->1169639K(1602048K), 0.0203891 secs] [Times: user=0.03 sys=0.00, real=0.02 secs] 
432.356: [GC (Allocation Failure) [PSYoungGen: 408596K->92737K(465920K)] 1394609K->1079015K(1602048K), 0.0120775 secs] [Times: user=0.03 sys=0.00, real=0.02 secs] 
433.167: [GC (Allocation Failure) [PSYoungGen: 325697K->37973K(465920K)] 1311975K->1024557K(1602048K), 0.0058010 secs] [Times: user=0.02 sys=0.00, real=0.01 secs] 
433.440: [GC (Allocation Failure) [PSYoungGen: 270933K->184687K(465920K)] 1257517K->1172516K(1602048K), 0.0207860 secs] [Times: user=0.03 sys=0.00, real=0.02 secs] 
433.729: [GC (Allocation Failure) [PSYoungGen: 417647K->184430K(465920K)] 1405476K->1172532K(1602048K), 0.0204974 secs] [Times: user=0.03 sys=0.00, real=0.02 secs] 
434.481: [GC (Allocation Failure) [PSYoungGen: 406908K->91628K(465920K)] 1395010K->1080003K(1602048K), 0.0215144 secs] [Times: user=0.05 sys=0.00, real=0.02 secs] 
435.981: [GC (Allocation Failure) [PSYoungGen: 324588K->37941K(465920K)] 1312963K->1026625K(1602048K), 0.0079416 secs] [Times: user=0.02 sys=0.00, real=0.01 secs] 
436.291: [GC (Allocation Failure) [PSYoungGen: 270901K->184687K(465920K)] 1259585K->1174752K(1602048K), 0.0208877 secs] [Times: user=0.03 sys=0.00, real=0.02 secs] 
436.575: [GC (Allocation Failure) [PSYoungGen: 417647K->184655K(465920K)] 1407712K->1174865K(1602048K), 0.0206627 secs] [Times: user=0.03 sys=0.00, real=0.02 secs] 
437.813: [GC (Allocation Failure) [PSYoungGen: 407206K->91371K(465920K)] 1397416K->1081846K(1602048K), 0.0263104 secs] [Times: user=0.06 sys=0.00, real=0.03 secs] 
439.682: [GC (Allocation Failure) [PSYoungGen: 324331K->36077K(465920K)] 1314806K->1026860K(1602048K), 0.0071529 secs] [Times: user=0.02 sys=0.00, real=0.01 secs] 
439.975: [GC (Allocation Failure) [PSYoungGen: 269037K->184944K(465920K)] 1259820K->1176980K(1602048K), 0.0210465 secs] [Times: user=0.03 sys=0.00, real=0.02 secs] 
440.260: [GC (Allocation Failure) [PSYoungGen: 417904K->184783K(465920K)] 1409940K->1177093K(1602048K), 0.0207457 secs] [Times: user=0.03 sys=0.00, real=0.02 secs] 
441.549: [GC (Allocation Failure) [PSYoungGen: 409876K->92929K(465920K)] 1402186K->1085504K(1602048K), 0.0181536 secs] [Times: user=0.04 sys=0.00, real=0.01 secs] 
442.643: [GC (Allocation Failure) [PSYoungGen: 325889K->37941K(465920K)] 1318464K->1030816K(1602048K), 0.0067491 secs] [Times: user=0.01 sys=0.00, real=0.01 secs] 
442.990: [GC (Allocation Failure) [PSYoungGen: 270901K->184719K(465920K)] 1263776K->1178839K(1602048K), 0.0208132 secs] [Times: user=0.02 sys=0.00, real=0.02 secs] 
443.276: [GC (Allocation Failure) [PSYoungGen: 417679K->184687K(465920K)] 1411799K->1179072K(1602048K), 0.0207299 secs] [Times: user=0.03 sys=0.00, real=0.02 secs] 
444.415: [GC (Allocation Failure) [PSYoungGen: 407245K->91291K(465920K)] 1401631K->1085942K(1602048K), 0.0171542 secs] [Times: user=0.04 sys=0.00, real=0.02 secs] 
445.269: [GC (Allocation Failure) [PSYoungGen: 324251K->37973K(465920K)] 1318902K->1032940K(1602048K), 0.0059656 secs] [Times: user=0.01 sys=0.00, real=0.00 secs] 
445.537: [GC (Allocation Failure) [PSYoungGen: 270933K->183916K(465920K)] 1265900K->1180119K(1602048K), 0.0206051 secs] [Times: user=0.03 sys=0.01, real=0.03 secs] 
445.883: [GC (Allocation Failure) [PSYoungGen: 416876K->184398K(465920K)] 1413079K->1180875K(1602048K), 0.0206844 secs] [Times: user=0.03 sys=0.00, real=0.02 secs] 
447.894: [GC (Allocation Failure) [PSYoungGen: 409606K->92383K(465920K)] 1406083K->1089125K(1602048K), 0.0193868 secs] [Times: user=0.04 sys=0.01, real=0.02 secs] 
449.440: [GC (Allocation Failure) [PSYoungGen: 325343K->36849K(465920K)] 1322085K->1033906K(1602048K), 0.0067674 secs] [Times: user=0.01 sys=0.00, real=0.00 secs] 
449.791: [GC (Allocation Failure) [PSYoungGen: 269809K->184944K(465920K)] 1266866K->1183392K(1602048K), 0.0209290 secs] [Times: user=0.03 sys=0.00, real=0.02 secs] 
450.133: [GC (Allocation Failure) [PSYoungGen: 417904K->184815K(465920K)] 1416352K->1183408K(1602048K), 0.0207470 secs] [Times: user=0.03 sys=0.00, real=0.02 secs] 
451.240: [GC (Allocation Failure) [PSYoungGen: 409782K->92094K(465920K)] 1408375K->1091080K(1602048K), 0.0127659 secs] [Times: user=0.03 sys=0.00, real=0.01 secs] 
452.093: [GC (Allocation Failure) [PSYoungGen: 325054K->37941K(465920K)] 1324040K->1037091K(1602048K), 0.0058853 secs] [Times: user=0.01 sys=0.00, real=0.01 secs] 
452.420: [GC (Allocation Failure) [PSYoungGen: 270901K->184269K(465920K)] 1270051K->1184664K(1602048K), 0.0208989 secs] [Times: user=0.03 sys=0.00, real=0.02 secs] 
452.707: [GC (Allocation Failure) [PSYoungGen: 417229K->184719K(465920K)] 1417624K->1185387K(1602048K), 0.0207789 secs] [Times: user=0.03 sys=0.00, real=0.03 secs] 
453.385: [GC (Allocation Failure) [PSYoungGen: 407526K->91757K(465920K)] 1408195K->1092690K(1602048K), 0.0120831 secs] [Times: user=0.03 sys=0.00, real=0.01 secs] 
454.255: [GC (Allocation Failure) [PSYoungGen: 324717K->37941K(465920K)] 1325650K->1039183K(1602048K), 0.0068837 secs] [Times: user=0.02 sys=0.00, real=0.01 secs] 
454.529: [GC (Allocation Failure) [PSYoungGen: 270901K->183819K(465920K)] 1272143K->1186306K(1602048K), 0.0206167 secs] [Times: user=0.03 sys=0.00, real=0.02 secs] 
454.813: [GC (Allocation Failure) [PSYoungGen: 416779K->184623K(465920K)] 1419266K->1187383K(1602048K), 0.0206228 secs] [Times: user=0.03 sys=0.00, real=0.02 secs] 
455.495: [GC (Allocation Failure) [PSYoungGen: 410030K->92239K(465920K)] 1412790K->1095272K(1602048K), 0.0112288 secs] [Times: user=0.02 sys=0.00, real=0.01 secs] 
457.431: [GC (Allocation Failure) [PSYoungGen: 325199K->37813K(465920K)] 1328232K->1041143K(1602048K), 0.0103867 secs] [Times: user=0.03 sys=0.00, real=0.01 secs] 
457.833: [GC (Allocation Failure) [PSYoungGen: 270773K->184173K(465920K)] 1274103K->1188749K(1602048K), 0.0206426 secs] [Times: user=0.02 sys=0.00, real=0.02 secs] 
458.171: [GC (Allocation Failure) [PSYoungGen: 417133K->184590K(465920K)] 1421709K->1189440K(1602048K), 0.0205936 secs] [Times: user=0.03 sys=0.00, real=0.02 secs] 
459.895: [GC (Allocation Failure) [PSYoungGen: 408442K->92126K(465920K)] 1413291K->1097241K(1602048K), 0.0199851 secs] [Times: user=0.04 sys=0.00, real=0.02 secs] 
461.589: [GC (Allocation Failure) [PSYoungGen: 325086K->37684K(465920K)] 1330201K->1043101K(1602048K), 0.0079332 secs] [Times: user=0.02 sys=0.00, real=0.00 secs] 
461.970: [GC (Allocation Failure) [PSYoungGen: 270644K->184944K(465920K)] 1276061K->1191606K(1602048K), 0.0209095 secs] [Times: user=0.03 sys=0.00, real=0.02 secs] 
462.255: [GC (Allocation Failure) [PSYoungGen: 417904K->184173K(465920K)] 1424566K->1191108K(1602048K), 0.0207899 secs] [Times: user=0.03 sys=0.00, real=0.02 secs] 
463.013: [GC (Allocation Failure) [PSYoungGen: 407014K->91837K(465920K)] 1413949K->1099045K(1602048K), 0.0131067 secs] [Times: user=0.03 sys=0.00, real=0.01 secs] 
464.629: [GC (Allocation Failure) [PSYoungGen: 324797K->37427K(465920K)] 1332005K->1044933K(1602048K), 0.0072230 secs] [Times: user=0.02 sys=0.00, real=0.00 secs] 
464.987: [GC (Allocation Failure) [PSYoungGen: 270387K->184462K(465920K)] 1277893K->1193221K(1602048K), 0.0209605 secs] [Times: user=0.03 sys=0.00, real=0.03 secs] 
465.279: [GC (Allocation Failure) [PSYoungGen: 417422K->184301K(465920K)] 1426181K->1193334K(1602048K), 0.0209385 secs] [Times: user=0.03 sys=0.00, real=0.02 secs] 
466.174: [GC (Allocation Failure) [PSYoungGen: 409346K->92544K(465920K)] 1418379K->1101970K(1602048K), 0.0112582 secs] [Times: user=0.02 sys=0.00, real=0.01 secs] 
467.875: [GC (Allocation Failure) [PSYoungGen: 325504K->37299K(465920K)] 1334930K->1046912K(1602048K), 0.0071658 secs] [Times: user=0.02 sys=0.00, real=0.01 secs] 
468.228: [GC (Allocation Failure) [PSYoungGen: 270259K->184687K(465920K)] 1279872K->1195538K(1602048K), 0.0209462 secs] [Times: user=0.03 sys=0.00, real=0.02 secs] 
468.512: [GC (Allocation Failure) [PSYoungGen: 417647K->184687K(465920K)] 1428498K->1195811K(1602048K), 0.0208216 secs] [Times: user=0.03 sys=0.00, real=0.02 secs] 
469.162: [GC (Allocation Failure) [PSYoungGen: 410340K->91998K(465920K)] 1421464K->1103387K(1602048K), 0.0125550 secs] [Times: user=0.02 sys=0.00, real=0.01 secs] 
470.186: [GC (Allocation Failure) [PSYoungGen: 324958K->37973K(465920K)] 1336347K->1049672K(1602048K), 0.0058719 secs] [Times: user=0.01 sys=0.00, real=0.01 secs] 
470.456: [GC (Allocation Failure) [PSYoungGen: 270933K->184944K(465920K)] 1282632K->1197888K(1602048K), 0.0207723 secs] [Times: user=0.03 sys=0.00, real=0.02 secs] 
470.745: [GC (Allocation Failure) [PSYoungGen: 417904K->184815K(465920K)] 1430848K->1198033K(1602048K), 0.0206295 secs] [Times: user=0.03 sys=0.00, real=0.02 secs] 
471.731: [GC (Allocation Failure) [PSYoungGen: 406973K->90937K(465920K)] 1420190K->1104548K(1602048K), 0.0118033 secs] [Times: user=0.02 sys=0.00, real=0.01 secs] 
472.533: [GC (GCLocker Initiated GC) [PSYoungGen: 323897K->36171K(465920K)] 1337508K->1049967K(1602048K), 0.0058782 secs] [Times: user=0.01 sys=0.01, real=0.01 secs] 
472.802: [GC (Allocation Failure) [PSYoungGen: 269131K->183883K(465920K)] 1284052K->1200050K(1602048K), 0.0208734 secs] [Times: user=0.03 sys=0.00, real=0.02 secs] 
473.087: [GC (Allocation Failure) [PSYoungGen: 416843K->184815K(465920K)] 1433010K->1200990K(1602048K), 0.0208300 secs] [Times: user=0.03 sys=0.00, real=0.03 secs] 
476.354: [GC (Allocation Failure) [PSYoungGen: 409798K->92897K(465920K)] 1425973K->1109506K(1602048K), 0.0138426 secs] [Times: user=0.03 sys=0.00, real=0.02 secs] 
477.901: [GC (Allocation Failure) [PSYoungGen: 325857K->37684K(465920K)] 1342466K->1054478K(1602048K), 0.0066891 secs] [Times: user=0.02 sys=0.00, real=0.01 secs] 
478.180: [GC (Allocation Failure) [PSYoungGen: 270644K->184655K(465920K)] 1287438K->1202815K(1602048K), 0.0207658 secs] [Times: user=0.03 sys=0.00, real=0.02 secs] 
478.464: [GC (Allocation Failure) [PSYoungGen: 417615K->184751K(465920K)] 1435775K->1203055K(1602048K), 0.0207621 secs] [Times: user=0.02 sys=0.00, real=0.02 secs] 
479.133: [GC (Allocation Failure) [PSYoungGen: 407663K->91628K(465920K)] 1425968K->1110197K(1602048K), 0.0121131 secs] [Times: user=0.03 sys=0.00, real=0.01 secs] 
480.189: [GC (Allocation Failure) [PSYoungGen: 324588K->38070K(465920K)] 1343157K->1056939K(1602048K), 0.0060114 secs] [Times: user=0.02 sys=0.00, real=0.00 secs] 
480.518: [GC (Allocation Failure) [PSYoungGen: 271030K->184655K(465920K)] 1289899K->1204778K(1602048K), 0.0208829 secs] [Times: user=0.03 sys=0.00, real=0.02 secs] 
480.807: [GC (Allocation Failure) [PSYoungGen: 417615K->184462K(465920K)] 1437738K->1204850K(1602048K), 0.0207189 secs] [Times: user=0.03 sys=0.00, real=0.03 secs] 
481.901: [GC (Allocation Failure) [PSYoungGen: 406926K->91516K(465920K)] 1427314K->1112169K(1602048K), 0.0175757 secs] [Times: user=0.04 sys=0.00, real=0.02 secs] 
482.957: [GC (Allocation Failure) [PSYoungGen: 324476K->37941K(465920K)] 1345129K->1058900K(1602048K), 0.0058421 secs] [Times: user=0.02 sys=0.00, real=0.01 secs] 
483.226: [GC (Allocation Failure) [PSYoungGen: 270901K->184687K(465920K)] 1291860K->1206891K(1602048K), 0.0209043 secs] [Times: user=0.03 sys=0.01, real=0.02 secs] 
483.510: [GC (Allocation Failure) [PSYoungGen: 417647K->184398K(465920K)] 1439851K->1206875K(1602048K), 0.0206210 secs] [Times: user=0.03 sys=0.00, real=0.02 secs] 
484.519: [GC (Allocation Failure) [PSYoungGen: 406870K->91612K(465920K)] 1429347K->1114355K(1602048K), 0.0127020 secs] [Times: user=0.02 sys=0.00, real=0.01 secs] 
485.741: [GC (Allocation Failure) [PSYoungGen: 324572K->38070K(465920K)] 1347315K->1061120K(1602048K), 0.0101158 secs] [Times: user=0.03 sys=0.00, real=0.01 secs] 
486.094: [GC (Allocation Failure) [PSYoungGen: 271030K->184655K(465920K)] 1294080K->1209071K(1602048K), 0.0208143 secs] [Times: user=0.03 sys=0.00, real=0.02 secs] 
486.431: [GC (Allocation Failure) [PSYoungGen: 417615K->184719K(465920K)] 1442031K->1209280K(1602048K), 0.0205642 secs] [Times: user=0.03 sys=0.00, real=0.02 secs] 
488.407: [GC (Allocation Failure) [PSYoungGen: 407144K->91194K(465920K)] 1431705K->1116029K(1602048K), 0.0216409 secs] [Times: user=0.05 sys=0.00, real=0.03 secs] 
490.327: [GC (Allocation Failure) [PSYoungGen: 324154K->37588K(465920K)] 1348989K->1062721K(1602048K), 0.0075917 secs] [Times: user=0.02 sys=0.00, real=0.01 secs] 
490.624: [GC (Allocation Failure) [PSYoungGen: 270548K->183755K(465920K)] 1295681K->1210126K(1602048K), 0.0206416 secs] [Times: user=0.03 sys=0.00, real=0.02 secs] 
490.908: [GC (Allocation Failure) [PSYoungGen: 416715K->184558K(465920K)] 1443086K->1211195K(1602048K), 0.0207914 secs] [Times: user=0.03 sys=0.00, real=0.02 secs] 
492.617: [GC (Allocation Failure) [PSYoungGen: 409742K->92753K(465920K)] 1436378K->1119654K(1602048K), 0.0280532 secs] [Times: user=0.06 sys=0.00, real=0.03 secs] 
494.072: [GC (Allocation Failure) [PSYoungGen: 325713K->37941K(465920K)] 1352614K->1065156K(1602048K), 0.0070122 secs] [Times: user=0.02 sys=0.00, real=0.01 secs] 
494.355: [GC (Allocation Failure) [PSYoungGen: 270901K->184687K(465920K)] 1298116K->1213147K(1602048K), 0.0207781 secs] [Times: user=0.03 sys=0.00, real=0.02 secs] 
494.644: [GC (Allocation Failure) [PSYoungGen: 417647K->184687K(465920K)] 1446107K->1213420K(1602048K), 0.0208246 secs] [Times: user=0.03 sys=0.00, real=0.02 secs] 
496.877: [GC (Allocation Failure) [PSYoungGen: 407256K->91323K(465920K)] 1435990K->1120322K(1602048K), 0.0171797 secs] [Times: user=0.04 sys=0.00, real=0.02 secs] 
498.123: [GC (Allocation Failure) [PSYoungGen: 324283K->37813K(465920K)] 1353282K->1067125K(1602048K), 0.0079064 secs] [Times: user=0.02 sys=0.00, real=0.01 secs] 
498.423: [GC (Allocation Failure) [PSYoungGen: 270773K->183916K(465920K)] 1300085K->1214466K(1602048K), 0.0207384 secs] [Times: user=0.03 sys=0.00, real=0.02 secs] 
498.763: [GC (Allocation Failure) [PSYoungGen: 416876K->184430K(465920K)] 1447426K->1215373K(1602048K), 0.0206342 secs] [Times: user=0.03 sys=0.00, real=0.02 secs] 
500.458: [GC (Allocation Failure) [PSYoungGen: 409830K->92480K(465920K)] 1440774K->1123560K(1602048K), 0.0128881 secs] [Times: user=0.03 sys=0.00, real=0.01 secs] 
502.243: [GC (Allocation Failure) [PSYoungGen: 325440K->37556K(465920K)] 1356520K->1068936K(1602048K), 0.0090496 secs] [Times: user=0.02 sys=0.00, real=0.01 secs] 
502.573: [GC (Allocation Failure) [PSYoungGen: 270516K->184173K(465920K)] 1301896K->1216790K(1602048K), 0.0214732 secs] [Times: user=0.03 sys=0.00, real=0.02 secs] 
502.858: [GC (Allocation Failure) [PSYoungGen: 417133K->184558K(465920K)] 1449750K->1217449K(1602048K), 0.0208070 secs] [Times: user=0.03 sys=0.01, real=0.02 secs] 
504.036: [GC (Allocation Failure) [PSYoungGen: 409714K->92383K(465920K)] 1442605K->1125539K(1602048K), 0.0199070 secs] [Times: user=0.04 sys=0.00, real=0.02 secs] 
506.164: [GC (Allocation Failure) [PSYoungGen: 325343K->37716K(465920K)] 1358499K->1071170K(1602048K), 0.0089562 secs] [Times: user=0.03 sys=0.00, real=0.01 secs] 
506.493: [GC (Allocation Failure) [PSYoungGen: 270676K->184687K(465920K)] 1304130K->1219386K(1602048K), 0.0208112 secs] [Times: user=0.03 sys=0.00, real=0.02 secs] 
506.777: [GC (Allocation Failure) [PSYoungGen: 417647K->184655K(465920K)] 1452346K->1219627K(1602048K), 0.0206676 secs] [Times: user=0.03 sys=0.00, real=0.03 secs] 
507.963: [GC (Allocation Failure) [PSYoungGen: 407207K->91548K(465920K)] 1442179K->1126785K(1602048K), 0.0267244 secs] [Times: user=0.06 sys=0.00, real=0.03 secs] 
509.420: [GC (Allocation Failure) [PSYoungGen: 324508K->37716K(465920K)] 1359745K->1073261K(1602048K), 0.0069534 secs] [Times: user=0.02 sys=0.01, real=0.00 secs] 
509.761: [GC (Allocation Failure) [PSYoungGen: 270676K->184655K(465920K)] 1306221K->1221461K(1602048K), 0.0208068 secs] [Times: user=0.03 sys=0.00, real=0.02 secs] 
510.102: [GC (Allocation Failure) [PSYoungGen: 417615K->184655K(465920K)] 1454421K->1221735K(1602048K), 0.0207945 secs] [Times: user=0.03 sys=0.00, real=0.02 secs] 
510.743: [GC (Allocation Failure) [PSYoungGen: 407209K->91580K(465920K)] 1444289K->1128925K(1602048K), 0.0139711 secs] [Times: user=0.03 sys=0.00, real=0.01 secs] 
511.560: [GC (Allocation Failure) [PSYoungGen: 324540K->37941K(465920K)] 1361885K->1075596K(1602048K), 0.0059998 secs] [Times: user=0.01 sys=0.00, real=0.00 secs] 
511.829: [GC (Allocation Failure) [PSYoungGen: 270901K->183916K(465920K)] 1308556K->1222816K(1602048K), 0.0208496 secs] [Times: user=0.03 sys=0.00, real=0.02 secs] 
512.113: [GC (Allocation Failure) [PSYoungGen: 416876K->184398K(465920K)] 1455776K->1223700K(1602048K), 0.0208767 secs] [Times: user=0.03 sys=0.00, real=0.02 secs] 
512.729: [GC (Allocation Failure) [PSYoungGen: 409627K->92399K(465920K)] 1448929K->1131846K(1602048K), 0.0111669 secs] [Times: user=0.03 sys=0.00, real=0.01 secs] 
513.522: [GC (Allocation Failure) [PSYoungGen: 325359K->37941K(465920K)] 1364806K->1077694K(1602048K), 0.0059542 secs] [Times: user=0.01 sys=0.00, real=0.01 secs] 
513.852: [GC (Allocation Failure) [PSYoungGen: 270901K->184687K(465920K)] 1310654K->1225685K(1602048K), 0.0207586 secs] [Times: user=0.02 sys=0.00, real=0.02 secs] 
514.136: [GC (Allocation Failure) [PSYoungGen: 417647K->184623K(465920K)] 1458645K->1225894K(1602048K), 0.0207489 secs] [Times: user=0.03 sys=0.00, real=0.02 secs] 
516.058: [GC (Allocation Failure) [PSYoungGen: 407176K->91355K(465920K)] 1448447K->1132891K(1602048K), 0.0197583 secs] [Times: user=0.04 sys=0.00, real=0.02 secs] 
518.051: [GC (Allocation Failure) [PSYoungGen: 324315K->37813K(465920K)] 1365851K->1079665K(1602048K), 0.0079137 secs] [Times: user=0.02 sys=0.00, real=0.01 secs] 
518.358: [GC (Allocation Failure) [PSYoungGen: 270773K->184687K(465920K)] 1312625K->1227905K(1602048K), 0.0207562 secs] [Times: user=0.03 sys=0.00, real=0.02 secs] 
518.647: [GC (Allocation Failure) [PSYoungGen: 417647K->184687K(465920K)] 1460865K->1228050K(1602048K), 0.0207193 secs] [Times: user=0.03 sys=0.00, real=0.03 secs] 
519.878: [GC (Allocation Failure) [PSYoungGen: 407331K->91467K(465920K)] 1450694K->1135103K(1602048K), 0.0145273 secs] [Times: user=0.04 sys=0.00, real=0.01 secs] 
521.425: [GC (Allocation Failure) [PSYoungGen: 324427K->37684K(465920K)] 1368063K->1081612K(1602048K), 0.0071523 secs] [Times: user=0.02 sys=0.00, real=0.01 secs] 
521.710: [GC (Allocation Failure) [PSYoungGen: 270644K->184687K(465920K)] 1314572K->1229981K(1602048K), 0.0207930 secs] [Times: user=0.03 sys=0.00, real=0.02 secs] 
522.054: [GC (Allocation Failure) [PSYoungGen: 417647K->184687K(465920K)] 1462941K->1230117K(1602048K), 0.0207090 secs] [Times: user=0.03 sys=0.00, real=0.02 secs] 
524.266: [GC (Allocation Failure) [PSYoungGen: 407242K->91612K(465920K)] 1452673K->1137316K(1602048K), 0.0145630 secs] [Times: user=0.03 sys=0.00, real=0.02 secs] 
525.931: [GC (Allocation Failure) [PSYoungGen: 324572K->37716K(465920K)] 1370276K->1083720K(1602048K), 0.0074854 secs] [Times: user=0.02 sys=0.00, real=0.01 secs] 
526.222: [GC (Allocation Failure) [PSYoungGen: 270676K->184687K(465920K)] 1316680K->1231928K(1602048K), 0.0208235 secs] [Times: user=0.03 sys=0.00, real=0.02 secs] 
526.567: [GC (Allocation Failure) [PSYoungGen: 417647K->184687K(465920K)] 1464888K->1232201K(1602048K), 0.0208600 secs] [Times: user=0.03 sys=0.00, real=0.03 secs] 
527.961: [GC (Allocation Failure) [PSYoungGen: 407244K->91612K(465920K)] 1454758K->1139392K(1602048K), 0.0172530 secs] [Times: user=0.03 sys=0.00, real=0.02 secs] 
529.454: [GC (Allocation Failure) [PSYoungGen: 324572K->37877K(465920K)] 1372352K->1085962K(1602048K), 0.0079520 secs] [Times: user=0.02 sys=0.00, real=0.01 secs] 
529.819: [GC (Allocation Failure) [PSYoungGen: 270837K->184687K(465920K)] 1318922K->1234026K(1602048K), 0.0210436 secs] [Times: user=0.03 sys=0.00, real=0.02 secs] 
530.111: [GC (Allocation Failure) [PSYoungGen: 417647K->184687K(465920K)] 1466986K->1234291K(1602048K), 0.0207478 secs] [Times: user=0.03 sys=0.00, real=0.02 secs] 
530.902: [GC (Allocation Failure) [PSYoungGen: 407242K->91467K(465920K)] 1456846K->1141336K(1602048K), 0.0124957 secs] [Times: user=0.03 sys=0.00, real=0.01 secs] 
532.322: [GC (Allocation Failure) [PSYoungGen: 324427K->37716K(465920K)] 1374296K->1087893K(1602048K), 0.0071188 secs] [Times: user=0.02 sys=0.00, real=0.01 secs] 
532.610: [GC (Allocation Failure) [PSYoungGen: 270676K->183916K(465920K)] 1320853K->1235330K(1602048K), 0.0210826 secs] [Times: user=0.03 sys=0.00, real=0.02 secs] 
532.897: [GC (Allocation Failure) [PSYoungGen: 416876K->184430K(465920K)] 1468290K->1236238K(1602048K), 0.0207904 secs] [Times: user=0.03 sys=0.00, real=0.03 secs] 
533.542: [GC (Allocation Failure) [PSYoungGen: 409651K->92608K(465920K)] 1461459K->1144553K(1602048K), 0.0131941 secs] [Times: user=0.03 sys=0.01, real=0.01 secs] 
535.114: [GC (Allocation Failure) [PSYoungGen: 325568K->37684K(465920K)] 1377513K->1089945K(1602048K), 0.0085314 secs] [Times: user=0.03 sys=0.00, real=0.01 secs] 
535.438: [GC (Allocation Failure) [PSYoungGen: 270644K->184687K(465920K)] 1322905K->1238201K(1602048K), 0.0207262 secs] [Times: user=0.03 sys=0.00, real=0.02 secs] 
535.798: [GC (Allocation Failure) [PSYoungGen: 417647K->184687K(465920K)] 1471161K->1238603K(1602048K), 0.0207065 secs] [Times: user=0.03 sys=0.00, real=0.02 secs] 
537.072: [GC (Allocation Failure) [PSYoungGen: 407385K->91580K(465920K)] 1461301K->1145761K(1602048K), 0.0131162 secs] [Times: user=0.03 sys=0.00, real=0.01 secs] 
538.024: [GC (Allocation Failure) [PSYoungGen: 324540K->37813K(465920K)] 1378721K->1092165K(1602048K), 0.0070568 secs] [Times: user=0.01 sys=0.00, real=0.01 secs] 
538.361: [GC (Allocation Failure) [PSYoungGen: 270773K->183755K(465920K)] 1325125K->1239353K(1602048K), 0.0207252 secs] [Times: user=0.03 sys=0.00, real=0.02 secs] 
538.644: [GC (Allocation Failure) [PSYoungGen: 416715K->184623K(465920K)] 1472313K->1240486K(1602048K), 0.0205815 secs] [Times: user=0.03 sys=0.01, real=0.02 secs] 
539.594: [GC (Allocation Failure) [PSYoungGen: 410108K->92399K(465920K)] 1465971K->1148527K(1602048K), 0.0126501 secs] [Times: user=0.03 sys=0.00, real=0.01 secs] 
540.468: [GC (Allocation Failure) [PSYoungGen: 325359K->37941K(465920K)] 1381487K->1094383K(1602048K), 0.0059887 secs] [Times: user=0.02 sys=0.00, real=0.00 secs] 
540.737: [GC (Allocation Failure) [PSYoungGen: 270901K->184687K(465920K)] 1327343K->1242358K(1602048K), 0.0208191 secs] [Times: user=0.03 sys=0.00, real=0.03 secs] 
541.027: [GC (Allocation Failure) [PSYoungGen: 417647K->184655K(465920K)] 1475318K->1242599K(1602048K), 0.0208082 secs] [Times: user=0.03 sys=0.00, real=0.03 secs] 
542.697: [GC (Allocation Failure) [PSYoungGen: 407218K->91387K(465920K)] 1465162K->1149596K(1602048K), 0.0186657 secs] [Times: user=0.04 sys=0.00, real=0.02 secs] 
544.526: [GC (Allocation Failure) [PSYoungGen: 324347K->37684K(465920K)] 1382556K->1096207K(1602048K), 0.0077289 secs] [Times: user=0.02 sys=0.00, real=0.01 secs] 
544.824: [GC (Allocation Failure) [PSYoungGen: 270644K->183916K(465920K)] 1329167K->1243676K(1602048K), 0.0208862 secs] [Times: user=0.04 sys=0.00, real=0.02 secs] 
545.159: [GC (Allocation Failure) [PSYoungGen: 416876K->184398K(465920K)] 1476636K->1244560K(1602048K), 0.0207531 secs] [Times: user=0.03 sys=0.00, real=0.02 secs] 
546.323: [GC (Allocation Failure) [PSYoungGen: 409617K->92640K(465920K)] 1469779K->1152939K(1602048K), 0.0168088 secs] [Times: user=0.03 sys=0.01, real=0.02 secs] 
548.031: [GC (Allocation Failure) [PSYoungGen: 325600K->37716K(465920K)] 1385899K->1098329K(1602048K), 0.0080354 secs] [Times: user=0.02 sys=0.00, real=0.01 secs] 
548.337: [GC (Allocation Failure) [PSYoungGen: 270676K->184044K(465920K)] 1331289K->1245902K(1602048K), 0.0207876 secs] [Times: user=0.03 sys=0.00, real=0.03 secs] 
548.682: [GC (Allocation Failure) [PSYoungGen: 417004K->184526K(465920K)] 1478862K->1246657K(1602048K), 0.0207100 secs] [Times: user=0.03 sys=0.00, real=0.02 secs] 
550.068: [GC (Allocation Failure) [PSYoungGen: 409635K->92351K(465920K)] 1471766K->1154876K(1602048K), 0.0175283 secs] [Times: user=0.04 sys=0.00, real=0.01 secs] 
552.916: [GC (Allocation Failure) [PSYoungGen: 325311K->38070K(465920K)] 1387836K->1100790K(1602048K), 0.0082606 secs] [Times: user=0.02 sys=0.00, real=0.01 secs] 
553.229: [GC (Allocation Failure) [PSYoungGen: 271030K->184655K(465920K)] 1333750K->1248628K(1602048K), 0.0209529 secs] [Times: user=0.03 sys=0.00, real=0.02 secs] 
553.513: [GC (Allocation Failure) [PSYoungGen: 417615K->184687K(465920K)] 1481588K->1248925K(1602048K), 0.0206675 secs] [Times: user=0.03 sys=0.00, real=0.02 secs] 
554.977: [GC (Allocation Failure) [PSYoungGen: 407125K->91258K(465920K)] 1471363K->1155762K(1602048K), 0.0136534 secs] [Times: user=0.03 sys=0.00, real=0.02 secs] 
556.335: [GC (Allocation Failure) [PSYoungGen: 324218K->37845K(465920K)] 1388722K->1102662K(1602048K), 0.0075147 secs] [Times: user=0.02 sys=0.00, real=0.01 secs] 
556.624: [GC (Allocation Failure) [PSYoungGen: 270805K->184687K(465920K)] 1335622K->1250742K(1602048K), 0.0208959 secs] [Times: user=0.03 sys=0.00, real=0.02 secs] 
556.909: [GC (Allocation Failure) [PSYoungGen: 417647K->184655K(465920K)] 1483702K->1250983K(1602048K), 0.0208447 secs] [Times: user=0.03 sys=0.00, real=0.02 secs] 
557.605: [GC (Allocation Failure) [PSYoungGen: 407216K->91484K(465920K)] 1473544K->1158077K(1602048K), 0.0127963 secs] [Times: user=0.02 sys=0.01, real=0.02 secs] 
558.758: [GC (Allocation Failure) [PSYoungGen: 324444K->35949K(465920K)] 1391037K->1102840K(1602048K), 0.0080265 secs] [Times: user=0.03 sys=0.00, real=0.00 secs] 
559.070: [GC (Allocation Failure) [PSYoungGen: 268909K->184976K(465920K)] 1335800K->1253112K(1602048K), 0.0210409 secs] [Times: user=0.03 sys=0.00, real=0.02 secs] 
559.355: [GC (Allocation Failure) [PSYoungGen: 417936K->184815K(465920K)] 1486072K->1253233K(1602048K), 0.0208183 secs] [Times: user=0.03 sys=0.00, real=0.02 secs] 
560.550: [GC (Allocation Failure) [PSYoungGen: 409904K->92962K(465920K)] 1478322K->1161644K(1602048K), 0.0176561 secs] [Times: user=0.04 sys=0.00, real=0.02 secs] 
562.354: [GC (Allocation Failure) [PSYoungGen: 325922K->37588K(465920K)] 1394604K->1106578K(1602048K), 0.0080880 secs] [Times: user=0.02 sys=0.00, real=0.01 secs] 
562.662: [GC (Allocation Failure) [PSYoungGen: 270548K->184687K(465920K)] 1339538K->1255043K(1602048K), 0.0209875 secs] [Times: user=0.03 sys=0.00, real=0.02 secs] 
562.948: [GC (Allocation Failure) [PSYoungGen: 417647K->184623K(465920K)] 1488003K->1255124K(1602048K), 0.0207416 secs] [Times: user=0.03 sys=0.00, real=0.02 secs] 
563.997: [GC (Allocation Failure) [PSYoungGen: 407442K->91709K(465920K)] 1477943K->1162475K(1602048K), 0.0200188 secs] [Times: user=0.05 sys=0.00, real=0.02 secs] 
565.190: [GC (Allocation Failure) [PSYoungGen: 324669K->37813K(465920K)] 1395435K->1108895K(1602048K), 0.0069576 secs] [Times: user=0.02 sys=0.00, real=0.00 secs] 
565.466: [GC (Allocation Failure) [PSYoungGen: 270773K->183884K(465920K)] 1341855K->1256211K(1602048K), 0.0208003 secs] [Times: user=0.03 sys=0.00, real=0.02 secs] 
565.808: [GC (Allocation Failure) [PSYoungGen: 416844K->184430K(465920K)] 1489171K->1257151K(1602048K), 0.0207532 secs] [Times: user=0.03 sys=0.00, real=0.02 secs] 
566.680: [GC (Allocation Failure) [PSYoungGen: 409655K->92512K(465920K)] 1482377K->1165369K(1602048K), 0.0127134 secs] [Times: user=0.03 sys=0.00, real=0.01 secs] 
567.723: [GC (Allocation Failure) [PSYoungGen: 325472K->37813K(465920K)] 1398329K->1110970K(1602048K), 0.0070151 secs] [Times: user=0.02 sys=0.00, real=0.01 secs] 
568.003: [GC (Allocation Failure) [PSYoungGen: 270773K->184655K(465920K)] 1343930K->1259050K(1602048K), 0.0207979 secs] [Times: user=0.03 sys=0.00, real=0.02 secs] 
568.287: [GC (Allocation Failure) [PSYoungGen: 417615K->184623K(465920K)] 1492010K->1259291K(1602048K), 0.0208461 secs] [Times: user=0.03 sys=0.00, real=0.03 secs] 
569.337: [GC (Allocation Failure) [PSYoungGen: 407225K->91467K(465920K)] 1481893K->1166409K(1602048K), 0.0125298 secs] [Times: user=0.02 sys=0.00, real=0.02 secs] 
570.314: [GC (Allocation Failure) [PSYoungGen: 324427K->37941K(465920K)] 1399369K->1113190K(1602048K), 0.0071232 secs] [Times: user=0.01 sys=0.00, real=0.01 secs] 
570.591: [GC (Allocation Failure) [PSYoungGen: 270901K->184655K(465920K)] 1346150K->1261133K(1602048K), 0.0207117 secs] [Times: user=0.03 sys=0.00, real=0.02 secs] 
570.875: [GC (Allocation Failure) [PSYoungGen: 417615K->184655K(465920K)] 1494093K->1261406K(1602048K), 0.0208933 secs] [Times: user=0.03 sys=0.00, real=0.02 secs] 
571.926: [GC (Allocation Failure) [PSYoungGen: 407208K->91355K(465920K)] 1483960K->1168372K(1602048K), 0.0202718 secs] [Times: user=0.04 sys=0.00, real=0.02 secs] 
573.674: [GC (Allocation Failure) [PSYoungGen: 324315K->37813K(465920K)] 1401332K->1115146K(1602048K), 0.0078389 secs] [Times: user=0.02 sys=0.00, real=0.01 secs] 
573.969: [GC (Allocation Failure) [PSYoungGen: 270773K->183884K(465920K)] 1348106K->1262454K(1602048K), 0.0207666 secs] [Times: user=0.03 sys=0.00, real=0.02 secs] 
574.253: [GC (Allocation Failure) [PSYoungGen: 416844K->184430K(465920K)] 1495414K->1263394K(1602048K), 0.0207681 secs] [Times: user=0.03 sys=0.00, real=0.02 secs] 
574.886: [GC (Allocation Failure) [PSYoungGen: 409659K->92496K(465920K)] 1488623K->1171604K(1602048K), 0.0120243 secs] [Times: user=0.03 sys=0.00, real=0.02 secs] 
575.855: [GC (Allocation Failure) [PSYoungGen: 325456K->37941K(465920K)] 1404564K->1117350K(1602048K), 0.0071190 secs] [Times: user=0.02 sys=0.00, real=0.01 secs] 
576.191: [GC (Allocation Failure) [PSYoungGen: 270901K->184655K(465920K)] 1350310K->1265309K(1602048K), 0.0208960 secs] [Times: user=0.03 sys=0.00, real=0.02 secs] 
576.475: [GC (Allocation Failure) [PSYoungGen: 417615K->184655K(465920K)] 1498269K->1265574K(1602048K), 0.0208717 secs] [Times: user=0.03 sys=0.00, real=0.02 secs] 
578.365: [GC (Allocation Failure) [PSYoungGen: 407218K->91387K(465920K)] 1488137K->1172571K(1602048K), 0.0199848 secs] [Times: user=0.05 sys=0.00, real=0.02 secs] 
580.463: [GC (Allocation Failure) [PSYoungGen: 324347K->37617K(465920K)] 1405531K->1119115K(1602048K), 0.0081725 secs] [Times: user=0.02 sys=0.00, real=0.01 secs] 
580.773: [GC (Allocation Failure) [PSYoungGen: 270577K->184655K(465920K)] 1352075K->1267406K(1602048K), 0.0206938 secs] [Times: user=0.03 sys=0.00, real=0.02 secs] 
581.057: [GC (Allocation Failure) [PSYoungGen: 417615K->184655K(465920K)] 1500366K->1267679K(1602048K), 0.0209185 secs] [Times: user=0.03 sys=0.00, real=0.03 secs] 
582.307: [GC (Allocation Failure) [PSYoungGen: 407471K->91741K(465920K)] 1490495K->1175038K(1602048K), 0.0138860 secs] [Times: user=0.04 sys=0.00, real=0.02 secs] 
584.499: [GC (Allocation Failure) [PSYoungGen: 324701K->37588K(465920K)] 1407998K->1121193K(1602048K), 0.0080411 secs] [Times: user=0.02 sys=0.00, real=0.00 secs] 
584.800: [GC (Allocation Failure) [PSYoungGen: 270548K->183755K(465920K)] 1354153K->1268590K(1602048K), 0.0208539 secs] [Times: user=0.03 sys=0.00, real=0.02 secs] 
585.088: [GC (Allocation Failure) [PSYoungGen: 416715K->184398K(465920K)] 1501550K->1269497K(1602048K), 0.0208969 secs] [Times: user=0.03 sys=0.00, real=0.02 secs] 
585.929: [GC (Allocation Failure) [PSYoungGen: 409623K->92865K(465920K)] 1494723K->1178230K(1602048K), 0.0160740 secs] [Times: user=0.04 sys=0.00, real=0.01 secs] 
586.739: [GC (Allocation Failure) [PSYoungGen: 325825K->38102K(465920K)] 1411190K->1123775K(1602048K), 0.0062167 secs] [Times: user=0.02 sys=0.00, real=0.00 secs] 
587.077: [GC (Allocation Failure) [PSYoungGen: 271062K->184269K(465920K)] 1356735K->1271180K(1602048K), 0.0206285 secs] [Times: user=0.03 sys=0.00, real=0.02 secs] 
587.366: [GC (Allocation Failure) [PSYoungGen: 417229K->184687K(465920K)] 1504140K->1271862K(1602048K), 0.0206447 secs] [Times: user=0.03 sys=0.00, real=0.02 secs] 
587.972: [GC (Allocation Failure) [PSYoungGen: 407258K->91612K(465920K)] 1494433K->1179053K(1602048K), 0.0127989 secs] [Times: user=0.03 sys=0.00, real=0.01 secs] 
588.839: [GC (Allocation Failure) [PSYoungGen: 324572K->38002K(465920K)] 1412013K->1125757K(1602048K), 0.0063318 secs] [Times: user=0.02 sys=0.00, real=0.00 secs] 
589.175: [GC (Allocation Failure) [PSYoungGen: 270962K->184719K(465920K)] 1358717K->1273719K(1602048K), 0.0208547 secs] [Times: user=0.03 sys=0.00, real=0.02 secs] 
589.459: [GC (Allocation Failure) [PSYoungGen: 417679K->184655K(465920K)] 1506679K->1273952K(1602048K), 0.0208955 secs] [Times: user=0.03 sys=0.00, real=0.02 secs] 
590.412: [GC (Allocation Failure) [PSYoungGen: 407214K->91323K(465920K)] 1496511K->1180885K(1602048K), 0.0128912 secs] [Times: user=0.03 sys=0.00, real=0.01 secs] 
591.749: [GC (Allocation Failure) [PSYoungGen: 324283K->37588K(465920K)] 1413845K->1127471K(1602048K), 0.0070320 secs] [Times: user=0.02 sys=0.00, real=0.00 secs] 
592.026: [GC (Allocation Failure) [PSYoungGen: 270548K->183884K(465920K)] 1360431K->1275005K(1602048K), 0.0208280 secs] [Times: user=0.03 sys=0.00, real=0.02 secs] 
592.314: [GC (Allocation Failure) [PSYoungGen: 416844K->184398K(465920K)] 1507965K->1275784K(1602048K), 0.0207175 secs] [Times: user=0.03 sys=0.00, real=0.02 secs] 
593.007: [GC (Allocation Failure) [PSYoungGen: 409601K->92769K(465920K)] 1500987K->1184420K(1602048K), 0.0128968 secs] [Times: user=0.03 sys=0.00, real=0.02 secs] 
594.334: [GC (Allocation Failure) [PSYoungGen: 325729K->37813K(465920K)] 1417380K->1129754K(1602048K), 0.0084957 secs] [Times: user=0.02 sys=0.00, real=0.01 secs] 
594.648: [GC (Allocation Failure) [PSYoungGen: 270773K->184655K(465920K)] 1362714K->1277850K(1602048K), 0.0207935 secs] [Times: user=0.03 sys=0.00, real=0.02 secs] 
594.932: [GC (Allocation Failure) [PSYoungGen: 417615K->184687K(465920K)] 1510810K->1278275K(1602048K), 0.0208218 secs] [Times: user=0.03 sys=0.00, real=0.02 secs] 
595.549: [GC (Allocation Failure) [PSYoungGen: 407123K->91484K(465920K)] 1500712K->1185337K(1602048K), 0.0133410 secs] [Times: user=0.03 sys=0.00, real=0.01 secs] 
596.354: [GC (Allocation Failure) [PSYoungGen: 324444K->37941K(465920K)] 1418297K->1131980K(1602048K), 0.0061155 secs] [Times: user=0.01 sys=0.00, real=0.01 secs] 
596.624: [GC (Allocation Failure) [PSYoungGen: 270901K->183884K(465920K)] 1364940K->1279160K(1602048K), 0.0208171 secs] [Times: user=0.03 sys=0.00, real=0.02 secs] 
596.964: [GC (Allocation Failure) [PSYoungGen: 416844K->184398K(465920K)] 1512120K->1280067K(1602048K), 0.0209225 secs] [Times: user=0.03 sys=0.00, real=0.02 secs] 
599.305: [GC (Allocation Failure) [PSYoungGen: 409665K->92351K(465920K)] 1505335K->1188166K(1602048K), 0.0203644 secs] [Times: user=0.05 sys=0.00, real=0.02 secs] 
600.453: [GC (Allocation Failure) [PSYoungGen: 325311K->37973K(465920K)] 1421126K->1134103K(1602048K), 0.0072212 secs] [Times: user=0.02 sys=0.00, real=0.01 secs] 
600.736: [GC (Allocation Failure) [PSYoungGen: 270933K->184655K(465920K)] 1367063K->1282022K(1602048K), 0.0206701 secs] [Times: user=0.03 sys=0.00, real=0.02 secs] 
601.079: [GC (Allocation Failure) [PSYoungGen: 417615K->184655K(465920K)] 1514982K->1282416K(1602048K), 0.0208396 secs] [Times: user=0.03 sys=0.00, real=0.02 secs] 
601.718: [GC (Allocation Failure) [PSYoungGen: 407093K->91355K(465920K)] 1504855K->1189381K(1602048K), 0.0127018 secs] [Times: user=0.03 sys=0.00, real=0.01 secs] 
602.526: [GC (Allocation Failure) [PSYoungGen: 324315K->37970K(465920K)] 1422341K->1136176K(1602048K), 0.0059676 secs] [Times: user=0.01 sys=0.00, real=0.01 secs] 
602.798: [GC (Allocation Failure) [PSYoungGen: 270930K->183884K(465920K)] 1369136K->1283327K(1602048K), 0.0208935 secs] [Times: user=0.03 sys=0.00, real=0.02 secs] 
603.090: [GC (Allocation Failure) [PSYoungGen: 416844K->184398K(465920K)] 1516287K->1284234K(1602048K), 0.0207844 secs] [Times: user=0.03 sys=0.00, real=0.02 secs] 
603.693: [GC (Allocation Failure) [PSYoungGen: 409616K->92351K(465920K)] 1509453K->1192324K(1602048K), 0.0114497 secs] [Times: user=0.03 sys=0.00, real=0.01 secs] 
604.599: [GC (Allocation Failure) [PSYoungGen: 325311K->38070K(465920K)] 1425284K->1138349K(1602048K), 0.0087287 secs] [Times: user=0.03 sys=0.00, real=0.00 secs] 
604.920: [GC (Allocation Failure) [PSYoungGen: 271030K->184655K(465920K)] 1371309K->1286171K(1602048K), 0.0209852 secs] [Times: user=0.03 sys=0.00, real=0.02 secs] 
605.208: [GC (Allocation Failure) [PSYoungGen: 417615K->184655K(465920K)] 1519131K->1286436K(1602048K), 0.0207668 secs] [Times: user=0.03 sys=0.00, real=0.02 secs] 
607.067: [GC (Allocation Failure) [PSYoungGen: 407070K->91258K(465920K)] 1508851K->1193305K(1602048K), 0.0264097 secs] [Times: user=0.06 sys=0.00, real=0.03 secs] 
608.874: [GC (Allocation Failure) [PSYoungGen: 324218K->37813K(465920K)] 1426265K->1140165K(1602048K), 0.0083973 secs] [Times: user=0.03 sys=0.00, real=0.01 secs] 
609.181: [GC (Allocation Failure) [PSYoungGen: 270773K->184719K(465920K)] 1373125K->1288437K(1602048K), 0.0210074 secs] [Times: user=0.03 sys=0.00, real=0.02 secs] 
609.468: [GC (Allocation Failure) [PSYoungGen: 417679K->184687K(465920K)] 1521397K->1288686K(1602048K), 0.0209791 secs] [Times: user=0.03 sys=0.00, real=0.02 secs] 
611.180: [GC (Allocation Failure) [PSYoungGen: 407256K->91484K(465920K)] 1511255K->1195620K(1602048K), 0.0224986 secs] [Times: user=0.05 sys=0.00, real=0.02 secs] 
613.339: [GC (Allocation Failure) [PSYoungGen: 324444K->37556K(465920K)] 1428580K->1142005K(1602048K), 0.0087377 secs] [Times: user=0.03 sys=0.00, real=0.01 secs] 
613.659: [GC (Allocation Failure) [PSYoungGen: 270516K->183755K(465920K)] 1374965K->1289434K(1602048K), 0.0208867 secs] [Times: user=0.03 sys=0.00, real=0.02 secs] 
613.947: [GC (Allocation Failure) [PSYoungGen: 416715K->184430K(465920K)] 1522394K->1290374K(1602048K), 0.0209482 secs] [Times: user=0.03 sys=0.00, real=0.03 secs] 
615.198: [GC (Allocation Failure) [PSYoungGen: 409660K->92913K(465920K)] 1515604K->1199123K(1602048K), 0.0188347 secs] [Times: user=0.04 sys=0.00, real=0.01 secs] 
616.818: [GC (Allocation Failure) [PSYoungGen: 325873K->37716K(465920K)] 1432083K->1144239K(1602048K), 0.0079109 secs] [Times: user=0.02 sys=0.00, real=0.00 secs] 
617.189: [GC (Allocation Failure) [PSYoungGen: 270676K->184655K(465920K)] 1377199K->1292423K(1602048K), 0.0210579 secs] [Times: user=0.03 sys=0.00, real=0.02 secs] 
617.473: [GC (Allocation Failure) [PSYoungGen: 417615K->184687K(465920K)] 1525383K->1292849K(1602048K), 0.0208439 secs] [Times: user=0.03 sys=0.01, real=0.02 secs] 
618.131: [GC (Allocation Failure) [PSYoungGen: 407376K->91644K(465920K)] 1515539K->1200071K(1602048K), 0.0128787 secs] [Times: user=0.03 sys=0.00, real=0.01 secs] 
618.983: [GC (Allocation Failure) [PSYoungGen: 324604K->37941K(465920K)] 1433031K->1146556K(1602048K), 0.0072462 secs] [Times: user=0.01 sys=0.00, real=0.01 secs] 
619.263: [GC (Allocation Failure) [PSYoungGen: 270901K->183787K(465920K)] 1379516K->1293631K(1602048K), 0.0207620 secs] [Times: user=0.03 sys=0.00, real=0.02 secs] 
619.547: [GC (Allocation Failure) [PSYoungGen: 416747K->184655K(465920K)] 1526591K->1294780K(1602048K), 0.0209735 secs] [Times: user=0.03 sys=0.00, real=0.03 secs] 
620.158: [GC (Allocation Failure) [PSYoungGen: 408449K->92255K(465920K)] 1518574K->1202645K(1602048K), 0.0115082 secs] [Times: user=0.02 sys=0.00, real=0.01 secs] 
620.947: [GC (Allocation Failure) [PSYoungGen: 325215K->37813K(465920K)] 1435605K->1148511K(1602048K), 0.0060854 secs] [Times: user=0.02 sys=0.00, real=0.01 secs] 
621.216: [GC (Allocation Failure) [PSYoungGen: 270773K->184269K(465920K)] 1381471K->1296205K(1602048K), 0.0208486 secs] [Times: user=0.03 sys=0.00, real=0.02 secs] 
621.505: [GC (Allocation Failure) [PSYoungGen: 417229K->184173K(465920K)] 1529165K->1296382K(1602048K), 0.0208259 secs] [Times: user=0.03 sys=0.00, real=0.02 secs] 
623.449: [GC (Allocation Failure) [PSYoungGen: 409390K->92383K(465920K)] 1521599K->1204857K(1602048K), 0.0179935 secs] [Times: user=0.05 sys=0.00, real=0.01 secs] 
625.048: [GC (Allocation Failure) [PSYoungGen: 325343K->37588K(465920K)] 1437817K->1150375K(1602048K), 0.0060722 secs] [Times: user=0.02 sys=0.00, real=0.00 secs] 
625.316: [GC (Allocation Failure) [PSYoungGen: 270548K->184012K(465920K)] 1383335K->1298037K(1602048K), 0.0207791 secs] [Times: user=0.04 sys=0.00, real=0.02 secs] 
625.607: [GC (Allocation Failure) [PSYoungGen: 416972K->184944K(465920K)] 1530997K->1299242K(1602048K), 0.0208117 secs] [Times: user=0.03 sys=0.00, real=0.03 secs] 
626.716: [GC (Allocation Failure) [PSYoungGen: 410371K->92126K(465920K)] 1524669K->1206690K(1602048K), 0.0155680 secs] [Times: user=0.03 sys=0.00, real=0.02 secs] 
627.950: [GC (Allocation Failure) [PSYoungGen: 325086K->37813K(465920K)] 1439650K->1152674K(1602048K), 0.0059564 secs] [Times: user=0.01 sys=0.00, real=0.00 secs] 
628.225: [GC (Allocation Failure) [PSYoungGen: 270773K->184141K(465920K)] 1385634K->1300231K(1602048K), 0.0208436 secs] [Times: user=0.03 sys=0.01, real=0.02 secs] 
628.512: [GC (Allocation Failure) [PSYoungGen: 417101K->184912K(465920K)] 1533191K->1301276K(1602048K), 0.0209645 secs] [Times: user=0.03 sys=0.00, real=0.02 secs] 
629.141: [GC (Allocation Failure) [PSYoungGen: 407658K->91709K(465920K)] 1524022K->1208337K(1602048K), 0.0105347 secs] [Times: user=0.02 sys=0.00, real=0.01 secs] 
629.936: [GC (Allocation Failure) [PSYoungGen: 324669K->37556K(465920K)] 1441297K->1154501K(1602048K), 0.0059751 secs] [Times: user=0.01 sys=0.00, real=0.01 secs] 
630.268: [GC (Allocation Failure) [PSYoungGen: 270516K->184269K(465920K)] 1387461K->1302460K(1602048K), 0.0209876 secs] [Times: user=0.03 sys=0.00, real=0.02 secs] 
630.553: [GC (Allocation Failure) [PSYoungGen: 417229K->184558K(465920K)] 1535420K->1303022K(1602048K), 0.0211578 secs] [Times: user=0.03 sys=0.00, real=0.02 secs] 
631.307: [GC (Allocation Failure) [PSYoungGen: 409714K->92255K(465920K)] 1528178K->1210983K(1602048K), 0.0129926 secs] [Times: user=0.03 sys=0.01, real=0.02 secs] 
632.792: [GC (Allocation Failure) [PSYoungGen: 325215K->37684K(465920K)] 1443943K->1156711K(1602048K), 0.0087191 secs] [Times: user=0.02 sys=0.00, real=0.01 secs] 
633.184: [GC (Allocation Failure) [PSYoungGen: 270644K->184655K(465920K)] 1389671K->1305055K(1602048K), 0.0210718 secs] [Times: user=0.04 sys=0.00, real=0.02 secs] 
633.469: [GC (Allocation Failure) [PSYoungGen: 417615K->184398K(465920K)] 1538015K->1304935K(1602048K), 0.0208379 secs] [Times: user=0.03 sys=0.00, real=0.02 secs] 
634.843: [GC (Allocation Failure) [PSYoungGen: 406726K->91837K(465920K)] 1527263K->1212639K(1602048K), 0.0201186 secs] [Times: user=0.05 sys=0.00, real=0.02 secs] 
636.475: [GC (Allocation Failure) [PSYoungGen: 324797K->37556K(465920K)] 1445599K->1158674K(1602048K), 0.0075072 secs] [Times: user=0.02 sys=0.00, real=0.01 secs] 
636.764: [GC (Allocation Failure) [PSYoungGen: 270516K->184655K(465920K)] 1391634K->1307003K(1602048K), 0.0210095 secs] [Times: user=0.03 sys=0.00, real=0.02 secs] 
637.051: [GC (Allocation Failure) [PSYoungGen: 417615K->186486K(465920K)] 1539963K->1309099K(1602048K), 0.0209621 secs] [Times: user=0.03 sys=0.00, real=0.02 secs] 
638.250: [GC (Allocation Failure) [PSYoungGen: 408399K->89909K(465920K)] 1531012K->1212787K(1602048K), 0.0169835 secs] [Times: user=0.03 sys=0.00, real=0.01 secs] 
639.120: [GC (Allocation Failure) [PSYoungGen: 322869K->37973K(465920K)] 1445747K->1161141K(1602048K), 0.0060997 secs] [Times: user=0.02 sys=0.00, real=0.00 secs] 
639.391: [GC (Allocation Failure) [PSYoungGen: 270933K->184655K(465920K)] 1394101K->1309076K(1602048K), 0.0209665 secs] [Times: user=0.03 sys=0.00, real=0.02 secs] 
639.674: [GC (Allocation Failure) [PSYoungGen: 417615K->184173K(465920K)] 1542036K->1308859K(1602048K), 0.0208572 secs] [Times: user=0.03 sys=0.00, real=0.02 secs] 
641.126: [GC (Allocation Failure) [PSYoungGen: 407028K->91917K(465920K)] 1531714K->1216868K(1602048K), 0.0143888 secs] [Times: user=0.03 sys=0.00, real=0.02 secs] 
642.859: [GC (Allocation Failure) [PSYoungGen: 324877K->37684K(465920K)] 1449828K->1162941K(1602048K), 0.0075888 secs] [Times: user=0.02 sys=0.00, real=0.00 secs] 
643.226: [GC (Allocation Failure) [PSYoungGen: 270644K->184398K(465920K)] 1395901K->1310884K(1602048K), 0.0209938 secs] [Times: user=0.03 sys=0.00, real=0.02 secs] 
643.573: [GC (Allocation Failure) [PSYoungGen: 417358K->184269K(465920K)] 1543844K->1311029K(1602048K), 0.0208149 secs] [Times: user=0.03 sys=0.00, real=0.02 secs] 
645.087: [GC (Allocation Failure) [PSYoungGen: 409311K->92223K(465920K)] 1536070K->1219376K(1602048K), 0.0182658 secs] [Times: user=0.04 sys=0.00, real=0.02 secs] 
646.775: [GC (Allocation Failure) [PSYoungGen: 325183K->37684K(465920K)] 1452336K->1165017K(1602048K), 0.0076648 secs] [Times: user=0.02 sys=0.00, real=0.01 secs] 
647.072: [GC (Allocation Failure) [PSYoungGen: 270644K->184655K(465920K)] 1397977K->1313346K(1602048K), 0.0209182 secs] [Times: user=0.03 sys=0.00, real=0.02 secs] 
647.355: [GC (Allocation Failure) [PSYoungGen: 417615K->184623K(465920K)] 1546306K->1313579K(1602048K), 0.0208547 secs] [Times: user=0.03 sys=0.00, real=0.02 secs] 
648.826: [GC (Allocation Failure) [PSYoungGen: 407321K->91596K(465920K)] 1536277K->1220817K(1602048K), 0.0257542 secs] [Times: user=0.06 sys=0.00, real=0.03 secs] 
650.591: [GC (Allocation Failure) [PSYoungGen: 324556K->37845K(465920K)] 1453777K->1167245K(1602048K), 0.0076292 secs] [Times: user=0.02 sys=0.00, real=0.01 secs] 
650.880: [GC (Allocation Failure) [PSYoungGen: 270805K->183755K(465920K)] 1400205K->1314401K(1602048K), 0.0209367 secs] [Times: user=0.03 sys=0.00, real=0.02 secs] 
651.168: [GC (Allocation Failure) [PSYoungGen: 416715K->184623K(465920K)] 1547361K->1315542K(1602048K), 0.0210524 secs] [Times: user=0.03 sys=0.00, real=0.02 secs] 
652.895: [GC (Allocation Failure) [PSYoungGen: 410027K->92399K(465920K)] 1540946K->1223584K(1602048K), 0.0123835 secs] [Times: user=0.03 sys=0.00, real=0.02 secs] 
655.080: [GC (Allocation Failure) [PSYoungGen: 325359K->37331K(465920K)] 1456544K->1168815K(1602048K), 0.0076310 secs] [Times: user=0.02 sys=0.00, real=0.01 secs] 
655.375: [GC (Allocation Failure) [PSYoungGen: 270291K->184526K(465920K)] 1401775K->1317393K(1602048K), 0.0208848 secs] [Times: user=0.03 sys=0.00, real=0.02 secs] 
655.708: [GC (Allocation Failure) [PSYoungGen: 417486K->184623K(465920K)] 1550353K->1317626K(1602048K), 0.0207803 secs] [Times: user=0.03 sys=0.00, real=0.02 secs] 
656.846: [GC (Allocation Failure) [PSYoungGen: 409756K->92174K(465920K)] 1542759K->1225442K(1602048K), 0.0131984 secs] [Times: user=0.03 sys=0.00, real=0.02 secs] 
657.835: [GC (Allocation Failure) [PSYoungGen: 325134K->37684K(465920K)] 1458402K->1171266K(1602048K), 0.0061324 secs] [Times: user=0.01 sys=0.00, real=0.01 secs] 
658.106: [GC (Allocation Failure) [PSYoungGen: 270644K->184269K(465920K)] 1404226K->1319089K(1602048K), 0.0207710 secs] [Times: user=0.03 sys=0.00, real=0.02 secs] 
658.127: [Full GC (Ergonomics) [PSYoungGen: 184269K->0K(465920K)] [ParOldGen: 1134819K->551629K(982016K)] 1319089K->551629K(1447936K), [Metaspace: 55180K->55172K(1099776K)], 0.0610554 secs] [Times: user=0.26 sys=0.00, real=0.07 secs] 
658.451: [GC (Allocation Failure) [PSYoungGen: 232960K->184590K(465920K)] 784589K->736220K(1447936K), 0.0201715 secs] [Times: user=0.03 sys=0.00, real=0.02 secs] 
659.193: [GC (Allocation Failure) [PSYoungGen: 407618K->92126K(465920K)] 959247K->643924K(1447936K), 0.0106583 secs] [Times: user=0.02 sys=0.00, real=0.01 secs] 
660.009: [GC (Allocation Failure) [PSYoungGen: 325086K->38034K(465920K)] 876884K->590148K(1447936K), 0.0053303 secs] [Times: user=0.01 sys=0.00, real=0.00 secs] 
660.277: [GC (Allocation Failure) [PSYoungGen: 270994K->184944K(465920K)] 823108K->738303K(1447936K), 0.0200603 secs] [Times: user=0.03 sys=0.00, real=0.02 secs] 
660.567: [GC (Allocation Failure) [PSYoungGen: 417904K->184944K(465920K)] 971263K->738576K(1447936K), 0.0202987 secs] [Times: user=0.02 sys=0.00, real=0.02 secs] 
661.697: [GC (Allocation Failure) [PSYoungGen: 407780K->90841K(465920K)] 961413K->644738K(1447936K), 0.0195982 secs] [Times: user=0.04 sys=0.00, real=0.02 secs] 
663.191: [GC (Allocation Failure) [PSYoungGen: 323801K->37973K(465920K)] 877698K->592188K(1447936K), 0.0062864 secs] [Times: user=0.02 sys=0.00, real=0.00 secs] 
663.475: [GC (Allocation Failure) [PSYoungGen: 270933K->184558K(465920K)] 825148K->740027K(1447936K), 0.0202639 secs] [Times: user=0.03 sys=0.00, real=0.02 secs] 
663.758: [GC (Allocation Failure) [PSYoungGen: 417518K->184558K(465920K)] 972987K->740300K(1447936K), 0.0200743 secs] [Times: user=0.03 sys=0.00, real=0.02 secs] 
665.039: [GC (Allocation Failure) [PSYoungGen: 407095K->91612K(465920K)] 962836K->647619K(1447936K), 0.0232135 secs] [Times: user=0.05 sys=0.00, real=0.02 secs] 
666.384: [GC (Allocation Failure) [PSYoungGen: 324572K->37845K(465920K)] 880579K->594159K(1447936K), 0.0062563 secs] [Times: user=0.01 sys=0.00, real=0.01 secs] 
666.662: [GC (Allocation Failure) [PSYoungGen: 270805K->184430K(465920K)] 827119K->741998K(1447936K), 0.0201993 secs] [Times: user=0.03 sys=0.00, real=0.02 secs] 
666.945: [GC (Allocation Failure) [PSYoungGen: 417390K->184333K(465920K)] 974958K->742175K(1447936K), 0.0202260 secs] [Times: user=0.03 sys=0.00, real=0.02 secs] 
668.020: [GC (Allocation Failure) [PSYoungGen: 409379K->92094K(465920K)] 967221K->650329K(1447936K), 0.0119601 secs] [Times: user=0.02 sys=0.00, real=0.01 secs] 
668.934: [GC (Allocation Failure) [PSYoungGen: 325054K->38005K(465920K)] 883289K->596419K(1447936K), 0.0054845 secs] [Times: user=0.01 sys=0.00, real=0.01 secs] 
669.211: [GC (Allocation Failure) [PSYoungGen: 270965K->184751K(465920K)] 829379K->744410K(1447936K), 0.0202594 secs] [Times: user=0.02 sys=0.00, real=0.02 secs] 
669.550: [GC (Allocation Failure) [PSYoungGen: 417711K->184655K(465920K)] 977370K->744732K(1447936K), 0.0203211 secs] [Times: user=0.02 sys=0.00, real=0.02 secs] 
670.882: [GC (Allocation Failure) [PSYoungGen: 407226K->91355K(465920K)] 967304K->651577K(1447936K), 0.0143742 secs] [Times: user=0.02 sys=0.00, real=0.01 secs] 
672.754: [GC (Allocation Failure) [PSYoungGen: 324315K->37845K(465920K)] 884537K->598375K(1447936K), 0.0065103 secs] [Times: user=0.01 sys=0.00, real=0.01 secs] 
673.036: [GC (Allocation Failure) [PSYoungGen: 270805K->183787K(465920K)] 831335K->745555K(1447936K), 0.0204034 secs] [Times: user=0.03 sys=0.00, real=0.02 secs] 
673.373: [GC (Allocation Failure) [PSYoungGen: 416747K->184398K(465920K)] 978515K->746446K(1447936K), 0.0203447 secs] [Times: user=0.03 sys=0.00, real=0.02 secs] 
674.248: [GC (Allocation Failure) [PSYoungGen: 409630K->92656K(465920K)] 971679K->654978K(1447936K), 0.0116905 secs] [Times: user=0.02 sys=0.00, real=0.01 secs] 
676.192: [GC (Allocation Failure) [PSYoungGen: 325616K->37331K(465920K)] 887938K->599966K(1447936K), 0.0063429 secs] [Times: user=0.02 sys=0.00, real=0.01 secs] 
676.473: [GC (Allocation Failure) [PSYoungGen: 270291K->184076K(465920K)] 832926K->747957K(1447936K), 0.0201413 secs] [Times: user=0.03 sys=0.00, real=0.02 secs] 
676.757: [GC (Allocation Failure) [PSYoungGen: 417036K->184912K(465920K)] 980917K->749058K(1447936K), 0.0202850 secs] [Times: user=0.02 sys=0.00, real=0.02 secs] 
677.966: [GC (Allocation Failure) [PSYoungGen: 410352K->92335K(465920K)] 974498K->656754K(1447936K), 0.0235790 secs] [Times: user=0.05 sys=0.00, real=0.03 secs] 
679.462: [GC (Allocation Failure) [PSYoungGen: 325295K->37748K(465920K)] 889714K->602473K(1447936K), 0.0066058 secs] [Times: user=0.01 sys=0.01, real=0.01 secs] 
679.755: [GC (Allocation Failure) [PSYoungGen: 270708K->184719K(465920K)] 835433K->750697K(1447936K), 0.0202144 secs] [Times: user=0.03 sys=0.00, real=0.02 secs] 
680.039: [GC (Allocation Failure) [PSYoungGen: 417679K->184687K(465920K)] 983657K->751075K(1447936K), 0.0202938 secs] [Times: user=0.02 sys=0.00, real=0.02 secs] 
680.967: [GC (Allocation Failure) [PSYoungGen: 407387K->91644K(465920K)] 973775K->658305K(1447936K), 0.0129316 secs] [Times: user=0.02 sys=0.00, real=0.02 secs] 
682.854: [GC (Allocation Failure) [PSYoungGen: 324604K->37588K(465920K)] 891265K->604436K(1447936K), 0.0073853 secs] [Times: user=0.01 sys=0.00, real=0.01 secs] 
683.160: [GC (Allocation Failure) [PSYoungGen: 270548K->184687K(465920K)] 837396K->752773K(1447936K), 0.0203557 secs] [Times: user=0.03 sys=0.00, real=0.02 secs] 
683.504: [GC (Allocation Failure) [PSYoungGen: 417647K->184719K(465920K)] 985733K->753070K(1447936K), 0.0203168 secs] [Times: user=0.03 sys=0.00, real=0.02 secs] 
684.663: [GC (Allocation Failure) [PSYoungGen: 407532K->91773K(465920K)] 975884K->660389K(1447936K), 0.0121069 secs] [Times: user=0.02 sys=0.00, real=0.01 secs] 
686.655: [GC (Allocation Failure) [PSYoungGen: 324733K->37331K(465920K)] 893349K->606257K(1447936K), 0.0067883 secs] [Times: user=0.02 sys=0.01, real=0.01 secs] 
687.026: [GC (Allocation Failure) [PSYoungGen: 270291K->183787K(465920K)] 839217K->753967K(1447936K), 0.0201426 secs] [Times: user=0.02 sys=0.00, real=0.02 secs] 
687.363: [GC (Allocation Failure) [PSYoungGen: 416747K->184687K(465920K)] 986927K->755139K(1447936K), 0.0203033 secs] [Times: user=0.03 sys=0.00, real=0.02 secs] 
689.279: [GC (Allocation Failure) [PSYoungGen: 410045K->92929K(465920K)] 980498K->663776K(1447936K), 0.0247588 secs] [Times: user=0.05 sys=0.00, real=0.02 secs] 
691.110: [GC (Allocation Failure) [PSYoungGen: 325889K->37845K(465920K)] 896736K->608882K(1447936K), 0.0067997 secs] [Times: user=0.02 sys=0.00, real=0.00 secs] 
691.406: [GC (Allocation Failure) [PSYoungGen: 270805K->183948K(465920K)] 841842K->756231K(1447936K), 0.0200853 secs] [Times: user=0.03 sys=0.00, real=0.02 secs] 
691.689: [GC (Allocation Failure) [PSYoungGen: 416908K->184494K(465920K)] 989191K->757059K(1447936K), 0.0200890 secs] [Times: user=0.03 sys=0.00, real=0.02 secs] 
692.965: [GC (Allocation Failure) [PSYoungGen: 409569K->92383K(465920K)] 982134K->665341K(1447936K), 0.0189851 secs] [Times: user=0.03 sys=0.00, real=0.02 secs] 
694.486: [GC (Allocation Failure) [PSYoungGen: 325343K->37748K(465920K)] 898301K->610891K(1447936K), 0.0064320 secs] [Times: user=0.01 sys=0.00, real=0.01 secs] 
694.769: [GC (Allocation Failure) [PSYoungGen: 270708K->184044K(465920K)] 843851K->758433K(1447936K), 0.0201598 secs] [Times: user=0.03 sys=0.00, real=0.02 secs] 
695.052: [GC (Allocation Failure) [PSYoungGen: 417004K->184558K(465920K)] 991393K->759220K(1447936K), 0.0201712 secs] [Times: user=0.03 sys=0.00, real=0.02 secs] 
696.246: [GC (Allocation Failure) [PSYoungGen: 409750K->92335K(465920K)] 984412K->667278K(1447936K), 0.0130889 secs] [Times: user=0.03 sys=0.00, real=0.02 secs] 
698.412: [GC (Allocation Failure) [PSYoungGen: 325295K->37716K(465920K)] 900238K->612957K(1447936K), 0.0076877 secs] [Times: user=0.01 sys=0.00, real=0.01 secs] 
698.726: [GC (Allocation Failure) [PSYoungGen: 270676K->184173K(465920K)] 845917K->760659K(1447936K), 0.0203477 secs] [Times: user=0.03 sys=0.00, real=0.02 secs] 
699.069: [GC (Allocation Failure) [PSYoungGen: 417133K->184526K(465920K)] 993619K->761285K(1447936K), 0.0201365 secs] [Times: user=0.03 sys=0.00, real=0.02 secs] 
700.544: [GC (Allocation Failure) [PSYoungGen: 409670K->92223K(465920K)] 986429K->669263K(1447936K), 0.0189386 secs] [Times: user=0.04 sys=0.00, real=0.02 secs] 
702.177: [GC (Allocation Failure) [PSYoungGen: 325183K->37716K(465920K)] 902223K->615073K(1447936K), 0.0070450 secs] [Times: user=0.01 sys=0.00, real=0.01 secs] 
702.479: [GC (Allocation Failure) [PSYoungGen: 270676K->184173K(465920K)] 848033K->762775K(1447936K), 0.0202656 secs] [Times: user=0.03 sys=0.00, real=0.02 secs] 
702.768: [GC (Allocation Failure) [PSYoungGen: 417133K->184944K(465920K)] 995735K->763819K(1447936K), 0.0202818 secs] [Times: user=0.03 sys=0.00, real=0.02 secs] 
703.523: [GC (Allocation Failure) [PSYoungGen: 407654K->91837K(465920K)] 986529K->670985K(1447936K), 0.0121097 secs] [Times: user=0.02 sys=0.00, real=0.01 secs] 
704.981: [GC (Allocation Failure) [PSYoungGen: 324797K->37716K(465920K)] 903945K->617172K(1447936K), 0.0067803 secs] [Times: user=0.01 sys=0.00, real=0.01 secs] 
705.348: [GC (Allocation Failure) [PSYoungGen: 270676K->184815K(465920K)] 850132K->765517K(1447936K), 0.0203228 secs] [Times: user=0.03 sys=0.00, real=0.02 secs] 
705.630: [GC (Allocation Failure) [PSYoungGen: 417775K->184173K(465920K)] 998477K->765147K(1447936K), 0.0200087 secs] [Times: user=0.03 sys=0.00, real=0.02 secs] 
706.954: [GC (Allocation Failure) [PSYoungGen: 409494K->91998K(465920K)] 990469K->673237K(1447936K), 0.0156444 secs] [Times: user=0.03 sys=0.00, real=0.02 secs] 
708.566: [GC (Allocation Failure) [PSYoungGen: 324958K->37845K(465920K)] 906197K->619392K(1447936K), 0.0073540 secs] [Times: user=0.02 sys=0.00, real=0.01 secs] 
708.956: [GC (Allocation Failure) [PSYoungGen: 270805K->184687K(465920K)] 852352K->767616K(1447936K), 0.0203762 secs] [Times: user=0.02 sys=0.00, real=0.02 secs] 
709.245: [GC (Allocation Failure) [PSYoungGen: 417647K->184462K(465920K)] 1000576K->767536K(1447936K), 0.0201456 secs] [Times: user=0.02 sys=0.00, real=0.02 secs] 
710.749: [GC (Allocation Failure) [PSYoungGen: 407023K->91805K(465920K)] 990098K->675168K(1447936K), 0.0248673 secs] [Times: user=0.05 sys=0.01, real=0.02 secs] 
711.769: [GC (Allocation Failure) [PSYoungGen: 324765K->38034K(465920K)] 908128K->621719K(1447936K), 0.0055503 secs] [Times: user=0.01 sys=0.00, real=0.00 secs] 
712.094: [GC (Allocation Failure) [PSYoungGen: 270994K->184430K(465920K)] 854679K->769360K(1447936K), 0.0203517 secs] [Times: user=0.03 sys=0.00, real=0.02 secs] 
712.430: [GC (Allocation Failure) [PSYoungGen: 417390K->184494K(465920K)] 1002320K->769698K(1447936K), 0.0202903 secs] [Times: user=0.02 sys=0.00, real=0.02 secs] 
713.719: [GC (Allocation Failure) [PSYoungGen: 407032K->91773K(465920K)] 992236K->677249K(1447936K), 0.0175714 secs] [Times: user=0.04 sys=0.00, real=0.01 secs] 
715.986: [GC (Allocation Failure) [PSYoungGen: 324733K->37877K(465920K)] 910209K->623667K(1447936K), 0.0074262 secs] [Times: user=0.02 sys=0.00, real=0.01 secs] 
716.293: [GC (Allocation Failure) [PSYoungGen: 270837K->184430K(465920K)] 856627K->771466K(1447936K), 0.0205777 secs] [Times: user=0.02 sys=0.00, real=0.02 secs] 
716.636: [GC (Allocation Failure) [PSYoungGen: 417390K->184558K(465920K)] 1004426K->771867K(1447936K), 0.0203854 secs] [Times: user=0.02 sys=0.00, real=0.02 secs] 
718.058: [GC (Allocation Failure) [PSYoungGen: 407100K->91901K(465920K)] 994409K->679475K(1447936K), 0.0172088 secs] [Times: user=0.03 sys=0.00, real=0.01 secs] 
719.570: [GC (Allocation Failure) [PSYoungGen: 324861K->37845K(465920K)] 912435K->625729K(1447936K), 0.0062545 secs] [Times: user=0.01 sys=0.00, real=0.00 secs] 
719.912: [GC (Allocation Failure) [PSYoungGen: 270805K->184430K(465920K)] 858689K->773696K(1447936K), 0.0202704 secs] [Times: user=0.02 sys=0.00, real=0.02 secs] 
720.254: [GC (Allocation Failure) [PSYoungGen: 417390K->184558K(465920K)] 1006656K->773969K(1447936K), 0.0203131 secs] [Times: user=0.03 sys=0.00, real=0.02 secs] 
721.559: [GC (Allocation Failure) [PSYoungGen: 407105K->91821K(465920K)] 996516K->681497K(1447936K), 0.0259001 secs] [Times: user=0.05 sys=0.01, real=0.02 secs] 
724.053: [GC (Allocation Failure) [PSYoungGen: 324781K->37877K(465920K)] 914457K->627860K(1447936K), 0.0076944 secs] [Times: user=0.01 sys=0.01, real=0.01 secs] 
724.367: [GC (Allocation Failure) [PSYoungGen: 270837K->184462K(465920K)] 860820K->775699K(1447936K), 0.0201782 secs] [Times: user=0.03 sys=0.00, real=0.02 secs] 
724.650: [GC (Allocation Failure) [PSYoungGen: 417422K->184333K(465920K)] 1008659K->775851K(1447936K), 0.0201172 secs] [Times: user=0.03 sys=0.00, real=0.02 secs] 
725.334: [GC (Allocation Failure) [PSYoungGen: 409379K->92158K(465920K)] 1000898K->684070K(1447936K), 0.0106052 secs] [Times: user=0.02 sys=0.00, real=0.01 secs] 
726.250: [GC (Allocation Failure) [PSYoungGen: 325118K->38002K(465920K)] 917030K->630099K(1447936K), 0.0054506 secs] [Times: user=0.01 sys=0.00, real=0.00 secs] 
726.519: [GC (Allocation Failure) [PSYoungGen: 270962K->184719K(465920K)] 863059K->778061K(1447936K), 0.0202533 secs] [Times: user=0.03 sys=0.00, real=0.02 secs] 
726.861: [GC (Allocation Failure) [PSYoungGen: 417679K->184462K(465920K)] 1011021K->778077K(1447936K), 0.0202197 secs] [Times: user=0.02 sys=0.00, real=0.02 secs] 
727.541: [GC (Allocation Failure) [PSYoungGen: 406922K->91612K(465920K)] 1000538K->685493K(1447936K), 0.0117777 secs] [Times: user=0.02 sys=0.00, real=0.01 secs] 
728.438: [GC (Allocation Failure) [PSYoungGen: 324572K->37973K(465920K)] 918453K->632168K(1447936K), 0.0054302 secs] [Times: user=0.02 sys=0.00, real=0.00 secs] 
728.706: [GC (Allocation Failure) [PSYoungGen: 270933K->184719K(465920K)] 865128K->780167K(1447936K), 0.0201972 secs] [Times: user=0.03 sys=0.00, real=0.02 secs] 
728.989: [GC (Allocation Failure) [PSYoungGen: 417679K->184462K(465920K)] 1013127K->780183K(1447936K), 0.0203844 secs] [Times: user=0.02 sys=0.00, real=0.02 secs] 
729.643: [GC (Allocation Failure) [PSYoungGen: 406978K->91612K(465920K)] 1002699K->687598K(1447936K), 0.0111201 secs] [Times: user=0.02 sys=0.00, real=0.01 secs] 
731.107: [GC (Allocation Failure) [PSYoungGen: 324572K->37716K(465920K)] 920558K->634016K(1447936K), 0.0069121 secs] [Times: user=0.02 sys=0.00, real=0.01 secs] 
731.451: [GC (Allocation Failure) [PSYoungGen: 270676K->184687K(465920K)] 866976K->782232K(1447936K), 0.0202857 secs] [Times: user=0.02 sys=0.00, real=0.02 secs] 
731.734: [GC (Allocation Failure) [PSYoungGen: 417647K->184462K(465920K)] 1015192K->782280K(1447936K), 0.0202197 secs] [Times: user=0.03 sys=0.00, real=0.02 secs] 
732.319: [GC (Allocation Failure) [PSYoungGen: 406940K->91869K(465920K)] 1004759K->689953K(1447936K), 0.0123655 secs] [Times: user=0.02 sys=0.00, real=0.01 secs] 
733.538: [GC (Allocation Failure) [PSYoungGen: 324829K->37748K(465920K)] 922913K->636132K(1447936K), 0.0068995 secs] [Times: user=0.01 sys=0.00, real=0.00 secs] 
733.831: [GC (Allocation Failure) [PSYoungGen: 270708K->183787K(465920K)] 869092K->783416K(1447936K), 0.0203438 secs] [Times: user=0.02 sys=0.00, real=0.02 secs] 
734.172: [GC (Allocation Failure) [PSYoungGen: 416747K->184398K(465920K)] 1016376K->784300K(1447936K), 0.0204647 secs] [Times: user=0.03 sys=0.00, real=0.02 secs] 
735.315: [GC (Allocation Failure) [PSYoungGen: 409635K->92721K(465920K)] 1009538K->692888K(1447936K), 0.0213939 secs] [Times: user=0.04 sys=0.00, real=0.02 secs] 
736.878: [GC (Allocation Failure) [PSYoungGen: 325681K->37973K(465920K)] 925848K->638454K(1447936K), 0.0070925 secs] [Times: user=0.02 sys=0.00, real=0.00 secs] 
737.180: [GC (Allocation Failure) [PSYoungGen: 270933K->184687K(465920K)] 871414K->786421K(1447936K), 0.0204060 secs] [Times: user=0.03 sys=0.00, real=0.02 secs] 
737.524: [GC (Allocation Failure) [PSYoungGen: 417647K->184655K(465920K)] 1019381K->786791K(1447936K), 0.0201864 secs] [Times: user=0.03 sys=0.00, real=0.02 secs] 
738.151: [GC (Allocation Failure) [PSYoungGen: 407097K->91323K(465920K)] 1009233K->693724K(1447936K), 0.0124990 secs] [Times: user=0.02 sys=0.00, real=0.01 secs] 
739.609: [GC (Allocation Failure) [PSYoungGen: 324283K->37716K(465920K)] 926684K->640289K(1447936K), 0.0074432 secs] [Times: user=0.01 sys=0.00, real=0.00 secs] 
739.991: [GC (Allocation Failure) [PSYoungGen: 270676K->184687K(465920K)] 873249K->788521K(1447936K), 0.0203624 secs] [Times: user=0.02 sys=0.00, real=0.02 secs] 
740.328: [GC (Allocation Failure) [PSYoungGen: 417647K->184687K(465920K)] 1021481K->788786K(1447936K), 0.0202418 secs] [Times: user=0.03 sys=0.00, real=0.02 secs] 
740.959: [GC (Allocation Failure) [PSYoungGen: 407243K->91596K(465920K)] 1011343K->695969K(1447936K), 0.0118360 secs] [Times: user=0.02 sys=0.00, real=0.01 secs] 
741.762: [GC (Allocation Failure) [PSYoungGen: 324556K->38002K(465920K)] 928929K->642685K(1447936K), 0.0055978 secs] [Times: user=0.02 sys=0.00, real=0.00 secs] 
742.029: [GC (Allocation Failure) [PSYoungGen: 270962K->183916K(465920K)] 875645K->789851K(1447936K), 0.0202510 secs] [Times: user=0.03 sys=0.00, real=0.02 secs] 
742.313: [GC (Allocation Failure) [PSYoungGen: 416876K->184398K(465920K)] 1022811K->790735K(1447936K), 0.0201526 secs] [Times: user=0.03 sys=0.00, real=0.02 secs] 
742.936: [GC (Allocation Failure) [PSYoungGen: 409622K->92415K(465920K)] 1015960K->698889K(1447936K), 0.0104706 secs] [Times: user=0.02 sys=0.00, real=0.01 secs] 
743.737: [GC (Allocation Failure) [PSYoungGen: 325375K->38005K(465920K)] 931849K->644787K(1447936K), 0.0054315 secs] [Times: user=0.01 sys=0.00, real=0.01 secs] 
744.071: [GC (Allocation Failure) [PSYoungGen: 270965K->184687K(465920K)] 877747K->792722K(1447936K), 0.0203876 secs] [Times: user=0.02 sys=0.00, real=0.02 secs] 
744.409: [GC (Allocation Failure) [PSYoungGen: 417647K->184687K(465920K)] 1025682K->792995K(1447936K), 0.0203572 secs] [Times: user=0.03 sys=0.00, real=0.02 secs] 
745.358: [GC (Allocation Failure) [PSYoungGen: 407237K->91355K(465920K)] 1015545K->699929K(1447936K), 0.0121231 secs] [Times: user=0.02 sys=0.00, real=0.01 secs] 
747.449: [GC (Allocation Failure) [PSYoungGen: 324315K->37588K(465920K)] 932889K->646478K(1447936K), 0.0076594 secs] [Times: user=0.01 sys=0.00, real=0.00 secs] 
747.765: [GC (Allocation Failure) [PSYoungGen: 270548K->184687K(465920K)] 879438K->794830K(1447936K), 0.0203699 secs] [Times: user=0.03 sys=0.00, real=0.02 secs] 
748.048: [GC (Allocation Failure) [PSYoungGen: 417647K->184655K(465920K)] 1027790K->795071K(1447936K), 0.0203685 secs] [Times: user=0.03 sys=0.00, real=0.02 secs] 
749.122: [GC (Allocation Failure) [PSYoungGen: 407492K->91741K(465920K)] 1017908K->702422K(1447936K), 0.0111301 secs] [Times: user=0.03 sys=0.00, real=0.01 secs] 
751.000: [GC (Allocation Failure) [PSYoungGen: 324701K->37716K(465920K)] 935382K->648710K(1447936K), 0.0062532 secs] [Times: user=0.02 sys=0.00, real=0.00 secs] 
751.288: [GC (Allocation Failure) [PSYoungGen: 270676K->183787K(465920K)] 881670K->796034K(1447936K), 0.0201500 secs] [Times: user=0.03 sys=0.00, real=0.02 secs] 
751.571: [GC (Allocation Failure) [PSYoungGen: 416747K->184366K(465920K)] 1028994K->796886K(1447936K), 0.0200844 secs] [Times: user=0.02 sys=0.00, real=0.02 secs] 
752.818: [GC (Allocation Failure) [PSYoungGen: 409608K->92753K(465920K)] 1022128K->705538K(1447936K), 0.0188533 secs] [Times: user=0.04 sys=0.00, real=0.01 secs] 
754.240: [GC (Allocation Failure) [PSYoungGen: 325713K->37845K(465920K)] 938498K->650930K(1447936K), 0.0057806 secs] [Times: user=0.01 sys=0.00, real=0.00 secs] 
754.566: [GC (Allocation Failure) [PSYoungGen: 270805K->184687K(465920K)] 883890K->799026K(1447936K), 0.0204879 secs] [Times: user=0.03 sys=0.00, real=0.02 secs] 
754.851: [GC (Allocation Failure) [PSYoungGen: 417647K->184687K(465920K)] 1031986K->799427K(1447936K), 0.0205006 secs] [Times: user=0.03 sys=0.00, real=0.02 secs] 
756.597: [GC (Allocation Failure) [PSYoungGen: 407131K->91484K(465920K)] 1021872K->706489K(1447936K), 0.0193727 secs] [Times: user=0.04 sys=0.00, real=0.02 secs] 
758.124: [GC (Allocation Failure) [PSYoungGen: 324444K->37874K(465920K)] 939449K->653069K(1447936K), 0.0055342 secs] [Times: user=0.01 sys=0.00, real=0.01 secs] 
758.458: [GC (Allocation Failure) [PSYoungGen: 270834K->183755K(465920K)] 886029K->800204K(1447936K), 0.0209370 secs] [Times: user=0.03 sys=0.00, real=0.02 secs] 
758.748: [GC (Allocation Failure) [PSYoungGen: 416715K->184237K(465920K)] 1033164K->801088K(1447936K), 0.0202480 secs] [Times: user=0.02 sys=0.00, real=0.02 secs] 
759.950: [GC (Allocation Failure) [PSYoungGen: 408107K->92801K(465920K)] 1024957K->709788K(1447936K), 0.0132047 secs] [Times: user=0.02 sys=0.00, real=0.01 secs] 
762.199: [GC (Allocation Failure) [PSYoungGen: 325761K->37456K(465920K)] 942748K->654759K(1447936K), 0.0074465 secs] [Times: user=0.02 sys=0.00, real=0.00 secs] 
762.518: [GC (Allocation Failure) [PSYoungGen: 270416K->184430K(465920K)] 887719K->802986K(1447936K), 0.0204153 secs] [Times: user=0.03 sys=0.00, real=0.02 secs] 
762.806: [GC (Allocation Failure) [PSYoungGen: 417390K->184333K(465920K)] 1035946K->803162K(1447936K), 0.0202683 secs] [Times: user=0.03 sys=0.00, real=0.02 secs] 
764.360: [GC (Allocation Failure) [PSYoungGen: 409379K->92512K(465920K)] 1028208K->711735K(1447936K), 0.0173751 secs] [Times: user=0.04 sys=0.00, real=0.02 secs] 
766.704: [GC (Allocation Failure) [PSYoungGen: 325472K->37459K(465920K)] 944695K->656859K(1447936K), 0.0074325 secs] [Times: user=0.01 sys=0.00, real=0.01 secs] 
767.080: [GC (Allocation Failure) [PSYoungGen: 270419K->184044K(465920K)] 889819K->804698K(1447936K), 0.0203187 secs] [Times: user=0.03 sys=0.00, real=0.02 secs] 
767.368: [GC (Allocation Failure) [PSYoungGen: 417004K->184783K(465920K)] 1037658K->805710K(1447936K), 0.0203557 secs] [Times: user=0.03 sys=0.00, real=0.02 secs] 
768.568: [GC (Allocation Failure) [PSYoungGen: 408601K->92415K(465920K)] 1029528K->713607K(1447936K), 0.0164613 secs] [Times: user=0.04 sys=0.00, real=0.01 secs] 
770.318: [GC (Allocation Failure) [PSYoungGen: 325375K->37748K(465920K)] 946567K->659238K(1447936K), 0.0065111 secs] [Times: user=0.01 sys=0.00, real=0.00 secs] 
770.605: [GC (Allocation Failure) [PSYoungGen: 270708K->184944K(465920K)] 892198K->807679K(1447936K), 0.0202748 secs] [Times: user=0.03 sys=0.00, real=0.02 secs] 
770.949: [GC (Allocation Failure) [PSYoungGen: 417904K->184333K(465920K)] 1040639K->807341K(1447936K), 0.0201997 secs] [Times: user=0.03 sys=0.00, real=0.02 secs] 
772.283: [GC (Allocation Failure) [PSYoungGen: 406929K->91677K(465920K)] 1029937K->715078K(1447936K), 0.0145050 secs] [Times: user=0.02 sys=0.00, real=0.02 secs] 
774.195: [GC (Allocation Failure) [PSYoungGen: 324637K->37973K(465920K)] 948038K->661554K(1447936K), 0.0066607 secs] [Times: user=0.01 sys=0.00, real=0.01 secs] 
774.555: [GC (Allocation Failure) [PSYoungGen: 270933K->184719K(465920K)] 894514K->809545K(1447936K), 0.0204766 secs] [Times: user=0.03 sys=0.00, real=0.02 secs] 
774.838: [GC (Allocation Failure) [PSYoungGen: 417679K->184687K(465920K)] 1042505K->809915K(1447936K), 0.0204452 secs] [Times: user=0.02 sys=0.00, real=0.02 secs] 
775.464: [GC (Allocation Failure) [PSYoungGen: 407114K->91323K(465920K)] 1032342K->716816K(1447936K), 0.0123537 secs] [Times: user=0.03 sys=0.00, real=0.01 secs] 
776.797: [GC (Allocation Failure) [PSYoungGen: 324283K->37973K(465920K)] 949776K->663638K(1447936K), 0.0069913 secs] [Times: user=0.01 sys=0.00, real=0.01 secs] 
777.091: [GC (Allocation Failure) [PSYoungGen: 270933K->183916K(465920K)] 896598K->810833K(1447936K), 0.0203900 secs] [Times: user=0.03 sys=0.00, real=0.02 secs] 
777.374: [GC (Allocation Failure) [PSYoungGen: 416876K->184430K(465920K)] 1043793K->811621K(1447936K), 0.0202391 secs] [Times: user=0.02 sys=0.00, real=0.02 secs] 
778.380: [GC (Allocation Failure) [PSYoungGen: 409623K->92303K(465920K)] 1036814K->719767K(1447936K), 0.0185176 secs] [Times: user=0.06 sys=0.00, real=0.02 secs] 
779.977: [GC (Allocation Failure) [PSYoungGen: 325263K->37395K(465920K)] 952727K->665180K(1447936K), 0.0064224 secs] [Times: user=0.01 sys=0.00, real=0.01 secs] 
780.258: [GC (Allocation Failure) [PSYoungGen: 270355K->184687K(465920K)] 898140K->813855K(1447936K), 0.0202512 secs] [Times: user=0.03 sys=0.00, real=0.02 secs] 
780.547: [GC (Allocation Failure) [PSYoungGen: 417647K->184783K(465920K)] 1046815K->814224K(1447936K), 0.0202296 secs] [Times: user=0.03 sys=0.00, real=0.02 secs] 
781.225: [GC (Allocation Failure) [PSYoungGen: 409783K->91966K(465920K)] 1039224K->721688K(1447936K), 0.0114378 secs] [Times: user=0.03 sys=0.00, real=0.01 secs] 
782.155: [GC (Allocation Failure) [PSYoungGen: 324926K->37909K(465920K)] 954648K->667808K(1447936K), 0.0055761 secs] [Times: user=0.01 sys=0.00, real=0.01 secs] 
782.422: [GC (Allocation Failure) [PSYoungGen: 270869K->184333K(465920K)] 900768K->815478K(1447936K), 0.0202843 secs] [Times: user=0.03 sys=0.00, real=0.02 secs] 
782.705: [GC (Allocation Failure) [PSYoungGen: 417293K->183787K(465920K)] 1048438K->815205K(1447936K), 0.0202271 secs] [Times: user=0.03 sys=0.00, real=0.02 secs] 
783.372: [GC (Allocation Failure) [PSYoungGen: 408631K->92705K(465920K)] 1040049K->724516K(1447936K), 0.0114161 secs] [Times: user=0.02 sys=0.00, real=0.01 secs] 
784.846: [GC (Allocation Failure) [PSYoungGen: 325665K->37716K(465920K)] 957476K->669707K(1447936K), 0.0069765 secs] [Times: user=0.01 sys=0.00, real=0.01 secs] 
785.138: [GC (Allocation Failure) [PSYoungGen: 270676K->184687K(465920K)] 902667K->817923K(1447936K), 0.0204973 secs] [Times: user=0.02 sys=0.00, real=0.02 secs] 
785.477: [GC (Allocation Failure) [PSYoungGen: 417647K->184398K(465920K)] 1050883K->817907K(1447936K), 0.0203515 secs] [Times: user=0.02 sys=0.00, real=0.03 secs] 
786.640: [GC (Allocation Failure) [PSYoungGen: 409439K->91869K(465920K)] 1042948K->725643K(1447936K), 0.0122744 secs] [Times: user=0.02 sys=0.00, real=0.01 secs] 
788.167: [GC (Allocation Failure) [PSYoungGen: 324829K->37874K(465920K)] 958603K->671948K(1447936K), 0.0069700 secs] [Times: user=0.02 sys=0.00, real=0.01 secs] 
788.532: [GC (Allocation Failure) [PSYoungGen: 270834K->184847K(465920K)] 904908K->820175K(1447936K), 0.0206481 secs] [Times: user=0.03 sys=0.00, real=0.02 secs] 
788.870: [GC (Allocation Failure) [PSYoungGen: 417807K->184623K(465920K)] 1053135K->820223K(1447936K), 0.0202812 secs] [Times: user=0.03 sys=0.00, real=0.02 secs] 
790.242: [GC (Allocation Failure) [PSYoungGen: 406607K->91387K(465920K)] 1042208K->727253K(1447936K), 0.0188353 secs] [Times: user=0.04 sys=0.00, real=0.02 secs] 
791.487: [GC (Allocation Failure) [PSYoungGen: 324347K->37845K(465920K)] 960213K->674032K(1447936K), 0.0055523 secs] [Times: user=0.02 sys=0.00, real=0.01 secs] 
791.756: [GC (Allocation Failure) [PSYoungGen: 270805K->184462K(465920K)] 906992K->821895K(1447936K), 0.0203339 secs] [Times: user=0.03 sys=0.00, real=0.02 secs] 
792.039: [GC (Allocation Failure) [PSYoungGen: 417422K->184558K(465920K)] 1054855K->822264K(1447936K), 0.0211359 secs] [Times: user=0.03 sys=0.00, real=0.02 secs] 
792.733: [GC (Allocation Failure) [PSYoungGen: 407099K->91869K(465920K)] 1044805K->729840K(1447936K), 0.0106809 secs] [Times: user=0.02 sys=0.00, real=0.01 secs] 
793.879: [GC (Allocation Failure) [PSYoungGen: 324829K->37845K(465920K)] 962800K->676140K(1447936K), 0.0071353 secs] [Times: user=0.01 sys=0.00, real=0.00 secs] 
794.183: [GC (Allocation Failure) [PSYoungGen: 270805K->184944K(465920K)] 909100K->824485K(1447936K), 0.0203462 secs] [Times: user=0.03 sys=0.00, real=0.02 secs] 
794.467: [GC (Allocation Failure) [PSYoungGen: 417904K->184333K(465920K)] 1057445K->824139K(1447936K), 0.0201919 secs] [Times: user=0.03 sys=0.00, real=0.02 secs] 
795.109: [GC (Allocation Failure) [PSYoungGen: 407186K->91612K(465920K)] 1046992K->731811K(1447936K), 0.0111898 secs] [Times: user=0.03 sys=0.00, real=0.01 secs] 
796.048: [GC (Allocation Failure) [PSYoungGen: 324572K->38002K(465920K)] 964771K->678381K(1447936K), 0.0055486 secs] [Times: user=0.01 sys=0.00, real=0.00 secs] 
796.318: [GC (Allocation Failure) [PSYoungGen: 270962K->184687K(465920K)] 911341K->826311K(1447936K), 0.0203468 secs] [Times: user=0.02 sys=0.00, real=0.02 secs] 
796.607: [GC (Allocation Failure) [PSYoungGen: 417647K->184719K(465920K)] 1059271K->826744K(1447936K), 0.0202386 secs] [Times: user=0.03 sys=0.00, real=0.02 secs] 
798.202: [GC (Allocation Failure) [PSYoungGen: 407157K->91355K(465920K)] 1049183K->733654K(1447936K), 0.0191689 secs] [Times: user=0.04 sys=0.00, real=0.02 secs] 
799.323: [GC (Allocation Failure) [PSYoungGen: 324315K->37909K(465920K)] 966614K->680387K(1447936K), 0.0054543 secs] [Times: user=0.01 sys=0.00, real=0.01 secs] 
799.648: [GC (Allocation Failure) [PSYoungGen: 270869K->183787K(465920K)] 913347K->827519K(1447936K), 0.0204570 secs] [Times: user=0.02 sys=0.00, real=0.02 secs] 
799.987: [GC (Allocation Failure) [PSYoungGen: 416747K->184398K(465920K)] 1060479K->828402K(1447936K), 0.0203135 secs] [Times: user=0.03 sys=0.00, real=0.02 secs] 
800.813: [GC (Allocation Failure) [PSYoungGen: 409644K->92624K(465920K)] 1053649K->736894K(1447936K), 0.0120811 secs] [Times: user=0.03 sys=0.00, real=0.01 secs] 
801.932: [GC (Allocation Failure) [PSYoungGen: 325584K->37973K(465920K)] 969854K->682551K(1447936K), 0.0068734 secs] [Times: user=0.02 sys=0.00, real=0.01 secs] 
802.221: [GC (Allocation Failure) [PSYoungGen: 270933K->184687K(465920K)] 915511K->830518K(1447936K), 0.0204118 secs] [Times: user=0.03 sys=0.00, real=0.02 secs] 
802.514: [GC (Allocation Failure) [PSYoungGen: 417647K->184687K(465920K)] 1063478K->830920K(1447936K), 0.0202476 secs] [Times: user=0.03 sys=0.00, real=0.02 secs] 
803.445: [GC (Allocation Failure) [PSYoungGen: 407119K->91371K(465920K)] 1053352K->737877K(1447936K), 0.0122405 secs] [Times: user=0.03 sys=0.00, real=0.01 secs] 
804.490: [GC (Allocation Failure) [PSYoungGen: 324331K->37845K(465920K)] 970837K->684524K(1447936K), 0.0056073 secs] [Times: user=0.01 sys=0.00, real=0.00 secs] 
804.812: [GC (Allocation Failure) [PSYoungGen: 270805K->183787K(465920K)] 917484K->831704K(1447936K), 0.0203170 secs] [Times: user=0.03 sys=0.00, real=0.02 secs] 
805.153: [GC (Allocation Failure) [PSYoungGen: 416747K->184655K(465920K)] 1064664K->832845K(1447936K), 0.0202906 secs] [Times: user=0.03 sys=0.00, real=0.02 secs] 
805.772: [GC (Allocation Failure) [PSYoungGen: 410080K->92415K(465920K)] 1058270K->740870K(1447936K), 0.0121964 secs] [Times: user=0.02 sys=0.00, real=0.01 secs] 
806.573: [GC (Allocation Failure) [PSYoungGen: 325375K->37973K(465920K)] 973830K->686729K(1447936K), 0.0054882 secs] [Times: user=0.01 sys=0.00, real=0.01 secs] 
806.843: [GC (Allocation Failure) [PSYoungGen: 270933K->184687K(465920K)] 919689K->834688K(1447936K), 0.0203858 secs] [Times: user=0.03 sys=0.00, real=0.02 secs] 
807.184: [GC (Allocation Failure) [PSYoungGen: 417647K->184719K(465920K)] 1067648K->834993K(1447936K), 0.0203491 secs] [Times: user=0.03 sys=0.00, real=0.02 secs] 
808.301: [GC (Allocation Failure) [PSYoungGen: 407278K->91355K(465920K)] 1057553K->741895K(1447936K), 0.0113111 secs] [Times: user=0.02 sys=0.00, real=0.01 secs] 
809.378: [GC (Allocation Failure) [PSYoungGen: 324315K->37716K(465920K)] 974855K->688556K(1447936K), 0.0064768 secs] [Times: user=0.01 sys=0.00, real=0.00 secs] 
809.729: [GC (Allocation Failure) [PSYoungGen: 270676K->183819K(465920K)] 921516K->835904K(1447936K), 0.0202073 secs] [Times: user=0.03 sys=0.00, real=0.02 secs] 
810.014: [GC (Allocation Failure) [PSYoungGen: 416779K->184430K(465920K)] 1068864K->836916K(1447936K), 0.0201473 secs] [Times: user=0.03 sys=0.00, real=0.02 secs] 
812.501: [GC (Allocation Failure) [PSYoungGen: 409661K->92689K(465920K)] 1062147K->745320K(1447936K), 0.0267707 secs] [Times: user=0.06 sys=0.00, real=0.03 secs] 
814.168: [GC (Allocation Failure) [PSYoungGen: 325649K->37845K(465920K)] 978280K->690781K(1447936K), 0.0069101 secs] [Times: user=0.02 sys=0.00, real=0.00 secs] 
814.466: [GC (Allocation Failure) [PSYoungGen: 270805K->184719K(465920K)] 923741K->838901K(1447936K), 0.0203810 secs] [Times: user=0.03 sys=0.00, real=0.02 secs] 
814.810: [GC (Allocation Failure) [PSYoungGen: 417679K->184719K(465920K)] 1071861K->839303K(1447936K), 0.0204402 secs] [Times: user=0.03 sys=0.00, real=0.02 secs] 
816.778: [GC (Allocation Failure) [PSYoungGen: 407159K->91484K(465920K)] 1061743K->746333K(1447936K), 0.0194724 secs] [Times: user=0.04 sys=0.00, real=0.02 secs] 
819.105: [GC (Allocation Failure) [PSYoungGen: 324444K->37748K(465920K)] 979293K->692774K(1447936K), 0.0070998 secs] [Times: user=0.02 sys=0.00, real=0.01 secs] 
819.405: [GC (Allocation Failure) [PSYoungGen: 270708K->184687K(465920K)] 925734K->840967K(1447936K), 0.0203989 secs] [Times: user=0.03 sys=0.00, real=0.02 secs] 
819.689: [GC (Allocation Failure) [PSYoungGen: 417647K->184687K(465920K)] 1073927K->841240K(1447936K), 0.0202983 secs] [Times: user=0.03 sys=0.01, real=0.02 secs] 
820.508: [GC (Allocation Failure) [PSYoungGen: 407241K->91596K(465920K)] 1063794K->748414K(1447936K), 0.0122873 secs] [Times: user=0.03 sys=0.00, real=0.01 secs] 
821.870: [GC (Allocation Failure) [PSYoungGen: 324556K->37874K(465920K)] 981374K->694983K(1447936K), 0.0078459 secs] [Times: user=0.01 sys=0.00, real=0.01 secs] 
822.185: [GC (Allocation Failure) [PSYoungGen: 270834K->184687K(465920K)] 927943K->843050K(1447936K), 0.0204102 secs] [Times: user=0.02 sys=0.00, real=0.02 secs] 
822.468: [GC (Allocation Failure) [PSYoungGen: 417647K->184719K(465920K)] 1076010K->843347K(1447936K), 0.0205734 secs] [Times: user=0.03 sys=0.00, real=0.02 secs] 
823.109: [GC (Allocation Failure) [PSYoungGen: 407276K->91516K(465920K)] 1065904K->750417K(1447936K), 0.0127637 secs] [Times: user=0.03 sys=0.00, real=0.01 secs] 
823.927: [GC (Allocation Failure) [PSYoungGen: 324476K->37973K(465920K)] 983377K->697190K(1447936K), 0.0056083 secs] [Times: user=0.02 sys=0.00, real=0.01 secs] 
824.254: [GC (Allocation Failure) [PSYoungGen: 270933K->183916K(465920K)] 930150K->844378K(1447936K), 0.0204353 secs] [Times: user=0.03 sys=0.00, real=0.02 secs] 
824.537: [GC (Allocation Failure) [PSYoungGen: 416876K->184430K(465920K)] 1077338K->845165K(1447936K), 0.0201988 secs] [Times: user=0.03 sys=0.00, real=0.02 secs] 
825.539: [GC (Allocation Failure) [PSYoungGen: 409636K->92351K(465920K)] 1070372K->753360K(1447936K), 0.0122579 secs] [Times: user=0.02 sys=0.00, real=0.01 secs] 
826.523: [GC (Allocation Failure) [PSYoungGen: 325311K->37877K(465920K)] 986320K->699209K(1447936K), 0.0056573 secs] [Times: user=0.01 sys=0.00, real=0.01 secs] 
826.792: [GC (Allocation Failure) [PSYoungGen: 270837K->184173K(465920K)] 932169K->846751K(1447936K), 0.0204198 secs] [Times: user=0.03 sys=0.00, real=0.02 secs] 
827.077: [GC (Allocation Failure) [PSYoungGen: 417133K->184526K(465920K)] 1079711K->847378K(1447936K), 0.0204876 secs] [Times: user=0.03 sys=0.00, real=0.02 secs] 
827.692: [GC (Allocation Failure) [PSYoungGen: 407585K->92142K(465920K)] 1070436K->755259K(1447936K), 0.0108825 secs] [Times: user=0.02 sys=0.00, real=0.01 secs] 
828.902: [GC (Allocation Failure) [PSYoungGen: 325102K->37617K(465920K)] 988219K->701049K(1447936K), 0.0056392 secs] [Times: user=0.02 sys=0.00, real=0.01 secs] 
829.173: [GC (Allocation Failure) [PSYoungGen: 270577K->184494K(465920K)] 934009K->849308K(1447936K), 0.0204809 secs] [Times: user=0.03 sys=0.00, real=0.02 secs] 
829.458: [GC (Allocation Failure) [PSYoungGen: 417454K->184494K(465920K)] 1082268K->849469K(1447936K), 0.0205155 secs] [Times: user=0.02 sys=0.00, real=0.02 secs] 
830.136: [GC (Allocation Failure) [PSYoungGen: 407547K->92158K(465920K)] 1072522K->757406K(1447936K), 0.0119099 secs] [Times: user=0.02 sys=0.00, real=0.02 secs] 
831.430: [GC (Allocation Failure) [PSYoungGen: 325118K->37491K(465920K)] 990366K->703053K(1447936K), 0.0095157 secs] [Times: user=0.02 sys=0.00, real=0.01 secs] 
831.778: [GC (Allocation Failure) [PSYoungGen: 270451K->184847K(465920K)] 936013K->851654K(1447936K), 0.0205900 secs] [Times: user=0.03 sys=0.00, real=0.02 secs] 
832.066: [GC (Allocation Failure) [PSYoungGen: 417807K->184044K(465920K)] 1084614K->851253K(1447936K), 0.0203472 secs] [Times: user=0.02 sys=0.00, real=0.02 secs] 
833.262: [GC (Allocation Failure) [PSYoungGen: 407982K->92351K(465920K)] 1075191K->759697K(1447936K), 0.0161506 secs] [Times: user=0.03 sys=0.00, real=0.02 secs] 
834.492: [GC (Allocation Failure) [PSYoungGen: 325311K->37845K(465920K)] 992657K->705490K(1447936K), 0.0093029 secs] [Times: user=0.03 sys=0.00, real=0.01 secs] 
834.827: [GC (Allocation Failure) [PSYoungGen: 270805K->184430K(465920K)] 938450K->853321K(1447936K), 0.0204538 secs] [Times: user=0.03 sys=0.00, real=0.02 secs] 
835.110: [GC (Allocation Failure) [PSYoungGen: 417390K->184526K(465920K)] 1086281K->853690K(1447936K), 0.0204241 secs] [Times: user=0.03 sys=0.00, real=0.02 secs] 
835.714: [GC (Allocation Failure) [PSYoungGen: 407071K->91885K(465920K)] 1076235K->761330K(1447936K), 0.0122784 secs] [Times: user=0.02 sys=0.00, real=0.01 secs] 
836.516: [GC (Allocation Failure) [PSYoungGen: 324845K->37906K(465920K)] 994290K->707667K(1447936K), 0.0055959 secs] [Times: user=0.02 sys=0.00, real=0.01 secs] 
836.787: [GC (Allocation Failure) [PSYoungGen: 270866K->184944K(465920K)] 940627K->855950K(1447936K), 0.0205421 secs] [Times: user=0.02 sys=0.00, real=0.02 secs] 
837.071: [GC (Allocation Failure) [PSYoungGen: 417904K->184944K(465920K)] 1088910K->856223K(1447936K), 0.0204044 secs] [Times: user=0.03 sys=0.00, real=0.02 secs] 
837.692: [GC (Allocation Failure) [PSYoungGen: 407741K->90985K(465920K)] 1079021K->762538K(1447936K), 0.0112434 secs] [Times: user=0.02 sys=0.01, real=0.01 secs] 
838.484: [GC (Allocation Failure) [PSYoungGen: 323945K->38002K(465920K)] 995498K->709855K(1447936K), 0.0055029 secs] [Times: user=0.01 sys=0.00, real=0.01 secs] 
838.755: [GC (Allocation Failure) [PSYoungGen: 270962K->184558K(465920K)] 942815K->857664K(1447936K), 0.0206616 secs] [Times: user=0.03 sys=0.00, real=0.02 secs] 
839.041: [GC (Allocation Failure) [PSYoungGen: 417518K->184590K(465920K)] 1090624K->857969K(1447936K), 0.0202224 secs] [Times: user=0.03 sys=0.00, real=0.02 secs] 
840.854: [GC (Allocation Failure) [PSYoungGen: 407117K->91596K(465920K)] 1080496K->765264K(1447936K), 0.0146842 secs] [Times: user=0.03 sys=0.00, real=0.02 secs] 
842.848: [GC (Allocation Failure) [PSYoungGen: 324556K->37845K(465920K)] 998224K->711821K(1447936K), 0.0070363 secs] [Times: user=0.02 sys=0.00, real=0.00 secs] 
843.211: [GC (Allocation Failure) [PSYoungGen: 270805K->184430K(465920K)] 944781K->859652K(1447936K), 0.0203434 secs] [Times: user=0.02 sys=0.00, real=0.02 secs] 
843.504: [GC (Allocation Failure) [PSYoungGen: 417390K->184269K(465920K)] 1092612K->859764K(1447936K), 0.0204220 secs] [Times: user=0.03 sys=0.00, real=0.02 secs] 
845.216: [GC (Allocation Failure) [PSYoungGen: 409315K->92126K(465920K)] 1084810K->768023K(1447936K), 0.0172574 secs] [Times: user=0.03 sys=0.00, real=0.02 secs] 
847.518: [GC (Allocation Failure) [PSYoungGen: 325086K->37745K(465920K)] 1000983K->713821K(1447936K), 0.0075545 secs] [Times: user=0.02 sys=0.00, real=0.00 secs] 
847.832: [GC (Allocation Failure) [PSYoungGen: 270705K->184687K(465920K)] 946781K->862008K(1447936K), 0.0205984 secs] [Times: user=0.02 sys=0.00, real=0.02 secs] 
848.120: [GC (Allocation Failure) [PSYoungGen: 417647K->184719K(465920K)] 1094968K->862313K(1447936K), 0.0204751 secs] [Times: user=0.03 sys=0.00, real=0.02 secs] 
850.174: [GC (Allocation Failure) [PSYoungGen: 407313K->91564K(465920K)] 1084907K->769432K(1447936K), 0.0167416 secs] [Times: user=0.03 sys=0.01, real=0.02 secs] 
852.206: [GC (Allocation Failure) [PSYoungGen: 324524K->37588K(465920K)] 1002392K->715777K(1447936K), 0.0093029 secs] [Times: user=0.03 sys=0.00, real=0.01 secs] 
852.543: [GC (Allocation Failure) [PSYoungGen: 270548K->183916K(465920K)] 948737K->863342K(1447936K), 0.0203800 secs] [Times: user=0.03 sys=0.00, real=0.02 secs] 
852.826: [GC (Allocation Failure) [PSYoungGen: 416876K->184398K(465920K)] 1096302K->864226K(1447936K), 0.0202420 secs] [Times: user=0.02 sys=0.00, real=0.02 secs] 
855.439: [GC (Allocation Failure) [PSYoungGen: 409497K->92721K(465920K)] 1089326K->772814K(1447936K), 0.0171946 secs] [Times: user=0.03 sys=0.00, real=0.01 secs] 
857.864: [GC (Allocation Failure) [PSYoungGen: 325681K->37620K(465920K)] 1005774K->717882K(1447936K), 0.0086375 secs] [Times: user=0.02 sys=0.00, real=0.01 secs] 
858.261: [GC (Allocation Failure) [PSYoungGen: 270580K->184719K(465920K)] 950842K->866227K(1447936K), 0.0203814 secs] [Times: user=0.02 sys=0.00, real=0.02 secs] 
858.606: [GC (Allocation Failure) [PSYoungGen: 417679K->184687K(465920K)] 1099187K->866605K(1447936K), 0.0208311 secs] [Times: user=0.03 sys=0.00, real=0.02 secs] 
859.358: [GC (Allocation Failure) [PSYoungGen: 407151K->91757K(465920K)] 1089069K->773939K(1447936K), 0.0125089 secs] [Times: user=0.02 sys=0.00, real=0.01 secs] 
860.235: [GC (Allocation Failure) [PSYoungGen: 324717K->38002K(465920K)] 1006899K->720370K(1447936K), 0.0056928 secs] [Times: user=0.01 sys=0.00, real=0.01 secs] 
860.505: [GC (Allocation Failure) [PSYoungGen: 270962K->184687K(465920K)] 953330K->868300K(1447936K), 0.0205262 secs] [Times: user=0.02 sys=0.00, real=0.02 secs] 
860.789: [GC (Allocation Failure) [PSYoungGen: 417647K->184687K(465920K)] 1101260K->868573K(1447936K), 0.0206010 secs] [Times: user=0.03 sys=0.00, real=0.02 secs] 
861.440: [GC (Allocation Failure) [PSYoungGen: 407242K->91355K(465920K)] 1091129K->775507K(1447936K), 0.0107143 secs] [Times: user=0.02 sys=0.00, real=0.01 secs] 
862.290: [GC (Allocation Failure) [PSYoungGen: 324315K->38034K(465920K)] 1008467K->722494K(1447936K), 0.0056500 secs] [Times: user=0.01 sys=0.00, real=0.00 secs] 
862.559: [GC (Allocation Failure) [PSYoungGen: 270994K->184687K(465920K)] 955454K->870529K(1447936K), 0.0205257 secs] [Times: user=0.03 sys=0.00, real=0.02 secs] 
862.849: [GC (Allocation Failure) [PSYoungGen: 417647K->184655K(465920K)] 1103489K->870641K(1447936K), 0.0203649 secs] [Times: user=0.03 sys=0.00, real=0.02 secs] 
863.508: [GC (Allocation Failure) [PSYoungGen: 407214K->91339K(465920K)] 1093201K->777591K(1447936K), 0.0111810 secs] [Times: user=0.02 sys=0.00, real=0.01 secs] 
864.335: [GC (Allocation Failure) [PSYoungGen: 324299K->38034K(465920K)] 1010551K->724602K(1447936K), 0.0057102 secs] [Times: user=0.02 sys=0.00, real=0.01 secs] 
864.603: [GC (Allocation Failure) [PSYoungGen: 270994K->183916K(465920K)] 957562K->871729K(1447936K), 0.0203848 secs] [Times: user=0.03 sys=0.00, real=0.02 secs] 
864.887: [GC (Allocation Failure) [PSYoungGen: 416876K->184462K(465920K)] 1104689K->872548K(1447936K), 0.0202271 secs] [Times: user=0.02 sys=0.00, real=0.02 secs] 
867.310: [GC (Allocation Failure) [PSYoungGen: 409665K->92383K(465920K)] 1097751K->780743K(1447936K), 0.0189369 secs] [Times: user=0.03 sys=0.01, real=0.02 secs] 
868.602: [GC (Allocation Failure) [PSYoungGen: 325343K->37973K(465920K)] 1013703K->726641K(1447936K), 0.0056543 secs] [Times: user=0.01 sys=0.00, real=0.01 secs] 
868.875: [GC (Allocation Failure) [PSYoungGen: 270933K->184719K(465920K)] 959601K->874640K(1447936K), 0.0205812 secs] [Times: user=0.03 sys=0.00, real=0.02 secs] 
869.164: [GC (Allocation Failure) [PSYoungGen: 417679K->184687K(465920K)] 1107600K->874881K(1447936K), 0.0204978 secs] [Times: user=0.03 sys=0.00, real=0.02 secs] 
870.378: [GC (Allocation Failure) [PSYoungGen: 407122K->91323K(465920K)] 1097316K->781927K(1447936K), 0.0198455 secs] [Times: user=0.04 sys=0.00, real=0.02 secs] 
871.705: [GC (Allocation Failure) [PSYoungGen: 324283K->37877K(465920K)] 1014887K->728652K(1447936K), 0.0057041 secs] [Times: user=0.01 sys=0.00, real=0.01 secs] 
872.038: [GC (Allocation Failure) [PSYoungGen: 270837K->184687K(465920K)] 961612K->876707K(1447936K), 0.0205054 secs] [Times: user=0.03 sys=0.00, real=0.02 secs] 
872.327: [GC (Allocation Failure) [PSYoungGen: 417647K->184751K(465920K)] 1109667K->877044K(1447936K), 0.0203688 secs] [Times: user=0.03 sys=0.00, real=0.03 secs] 
873.315: [GC (Allocation Failure) [PSYoungGen: 407298K->91499K(465920K)] 1099591K->784058K(1447936K), 0.0123637 secs] [Times: user=0.02 sys=0.00, real=0.02 secs] 
874.219: [GC (Allocation Failure) [PSYoungGen: 324459K->37973K(465920K)] 1017018K->730830K(1447936K), 0.0059072 secs] [Times: user=0.01 sys=0.00, real=0.00 secs] 
874.491: [GC (Allocation Failure) [PSYoungGen: 270933K->184687K(465920K)] 963790K->878789K(1447936K), 0.0205730 secs] [Times: user=0.02 sys=0.00, real=0.02 secs] 
874.835: [GC (Allocation Failure) [PSYoungGen: 417647K->184719K(465920K)] 1111749K->879094K(1447936K), 0.0205218 secs] [Times: user=0.03 sys=0.00, real=0.02 secs] 
877.148: [GC (Allocation Failure) [PSYoungGen: 407266K->91387K(465920K)] 1101641K->786027K(1447936K), 0.0251010 secs] [Times: user=0.05 sys=0.00, real=0.02 secs] 
879.129: [GC (Allocation Failure) [PSYoungGen: 324347K->38005K(465920K)] 1018987K->732943K(1447936K), 0.0072577 secs] [Times: user=0.02 sys=0.00, real=0.00 secs] 
879.428: [GC (Allocation Failure) [PSYoungGen: 270965K->184719K(465920K)] 965903K->880918K(1447936K), 0.0205148 secs] [Times: user=0.02 sys=0.00, real=0.02 secs] 
879.711: [GC (Allocation Failure) [PSYoungGen: 417679K->184655K(465920K)] 1113878K->881127K(1447936K), 0.0203718 secs] [Times: user=0.03 sys=0.00, real=0.02 secs] 
880.763: [GC (Allocation Failure) [PSYoungGen: 407203K->91387K(465920K)] 1103675K->788124K(1447936K), 0.0246532 secs] [Times: user=0.05 sys=0.00, real=0.03 secs] 
882.500: [GC (Allocation Failure) [PSYoungGen: 324347K->37845K(465920K)] 1021084K->734904K(1447936K), 0.0094245 secs] [Times: user=0.02 sys=0.00, real=0.01 secs] 
882.853: [GC (Allocation Failure) [PSYoungGen: 270805K->184687K(465920K)] 967864K->883120K(1447936K), 0.0203994 secs] [Times: user=0.03 sys=0.00, real=0.02 secs] 
883.137: [GC (Allocation Failure) [PSYoungGen: 417647K->184687K(465920K)] 1116080K->883265K(1447936K), 0.0204872 secs] [Times: user=0.02 sys=0.00, real=0.02 secs] 
884.303: [GC (Allocation Failure) [PSYoungGen: 407249K->91484K(465920K)] 1105827K->790326K(1447936K), 0.0136827 secs] [Times: user=0.03 sys=0.00, real=0.01 secs] 
885.104: [GC (Allocation Failure) [PSYoungGen: 324444K->38002K(465920K)] 1023286K->737153K(1447936K), 0.0055448 secs] [Times: user=0.01 sys=0.00, real=0.01 secs] 
885.372: [GC (Allocation Failure) [PSYoungGen: 270962K->183884K(465920K)] 970113K->884288K(1447936K), 0.0203875 secs] [Times: user=0.02 sys=0.00, real=0.02 secs] 
885.656: [GC (Allocation Failure) [PSYoungGen: 416844K->184398K(465920K)] 1117248K->885212K(1447936K), 0.0203548 secs] [Times: user=0.03 sys=0.00, real=0.02 secs] 
886.739: [GC (Allocation Failure) [PSYoungGen: 409630K->92383K(465920K)] 1110444K->793342K(1447936K), 0.0134109 secs] [Times: user=0.03 sys=0.00, real=0.01 secs] 
887.715: [GC (Allocation Failure) [PSYoungGen: 325343K->37973K(465920K)] 1026302K->739232K(1447936K), 0.0086225 secs] [Times: user=0.02 sys=0.00, real=0.01 secs] 
888.047: [GC (Allocation Failure) [PSYoungGen: 270933K->184687K(465920K)] 972192K->887191K(1447936K), 0.0204795 secs] [Times: user=0.03 sys=0.00, real=0.03 secs] 
888.331: [GC (Allocation Failure) [PSYoungGen: 417647K->184687K(465920K)] 1120151K->887593K(1447936K), 0.0205901 secs] [Times: user=0.03 sys=0.00, real=0.02 secs] 
889.939: [GC (Allocation Failure) [PSYoungGen: 407160K->91387K(465920K)] 1110066K->794558K(1447936K), 0.0266115 secs] [Times: user=0.06 sys=0.00, real=0.02 secs] 
891.482: [GC (Allocation Failure) [PSYoungGen: 324347K->37845K(465920K)] 1027518K->741195K(1447936K), 0.0070400 secs] [Times: user=0.02 sys=0.01, real=0.01 secs] 
891.848: [GC (Allocation Failure) [PSYoungGen: 270805K->184719K(465920K)] 974155K->889443K(1447936K), 0.0203637 secs] [Times: user=0.03 sys=0.00, real=0.02 secs] 
892.131: [GC (Allocation Failure) [PSYoungGen: 417679K->184719K(465920K)] 1122403K->889588K(1447936K), 0.0204580 secs] [Times: user=0.03 sys=0.00, real=0.02 secs] 
892.835: [GC (Allocation Failure) [PSYoungGen: 407279K->91484K(465920K)] 1112148K->796618K(1447936K), 0.0124905 secs] [Times: user=0.03 sys=0.00, real=0.02 secs] 
893.827: [GC (Allocation Failure) [PSYoungGen: 324444K->38002K(465920K)] 1029578K->743434K(1447936K), 0.0056211 secs] [Times: user=0.01 sys=0.00, real=0.01 secs] 
894.097: [GC (Allocation Failure) [PSYoungGen: 270962K->183948K(465920K)] 976394K->890625K(1447936K), 0.0206502 secs] [Times: user=0.03 sys=0.00, real=0.02 secs] 
894.443: [GC (Allocation Failure) [PSYoungGen: 416908K->184366K(465920K)] 1123585K->891316K(1447936K), 0.0203395 secs] [Times: user=0.03 sys=0.00, real=0.02 secs] 
895.383: [GC (Allocation Failure) [PSYoungGen: 409577K->92367K(465920K)] 1116528K->799591K(1447936K), 0.0125270 secs] [Times: user=0.03 sys=0.00, real=0.01 secs] 
896.946: [GC (Allocation Failure) [PSYoungGen: 325327K->37520K(465920K)] 1032551K->745058K(1447936K), 0.0056451 secs] [Times: user=0.01 sys=0.00, real=0.01 secs] 
897.274: [GC (Allocation Failure) [PSYoungGen: 270480K->184687K(465920K)] 978018K->893470K(1447936K), 0.0204979 secs] [Times: user=0.03 sys=0.00, real=0.02 secs] 
897.558: [GC (Allocation Failure) [PSYoungGen: 417647K->184719K(465920K)] 1126430K->893775K(1447936K), 0.0204595 secs] [Times: user=0.02 sys=0.00, real=0.02 secs] 
898.954: [GC (Allocation Failure) [PSYoungGen: 407282K->91869K(465920K)] 1116338K->801198K(1447936K), 0.0168608 secs] [Times: user=0.04 sys=0.00, real=0.02 secs] 
901.070: [GC (Allocation Failure) [PSYoungGen: 324829K->37491K(465920K)] 1034158K->747122K(1447936K), 0.0072054 secs] [Times: user=0.02 sys=0.00, real=0.01 secs] 
901.368: [GC (Allocation Failure) [PSYoungGen: 270451K->184944K(465920K)] 980082K->895828K(1447936K), 0.0205405 secs] [Times: user=0.03 sys=0.00, real=0.02 secs] 
901.705: [GC (Allocation Failure) [PSYoungGen: 417904K->183755K(465920K)] 1128788K->894912K(1447936K), 0.0202915 secs] [Times: user=0.03 sys=0.00, real=0.02 secs] 
902.628: [GC (Allocation Failure) [PSYoungGen: 409290K->92512K(465920K)] 1120448K->803934K(1447936K), 0.0121878 secs] [Times: user=0.02 sys=0.00, real=0.01 secs] 
905.180: [GC (Allocation Failure) [PSYoungGen: 325472K->37202K(465920K)] 1036894K->748930K(1447936K), 0.0079166 secs] [Times: user=0.02 sys=0.00, real=0.01 secs] 
905.499: [GC (Allocation Failure) [PSYoungGen: 270162K->184558K(465920K)] 981890K->897532K(1447936K), 0.0205022 secs] [Times: user=0.03 sys=0.00, real=0.02 secs] 
905.787: [GC (Allocation Failure) [PSYoungGen: 417518K->184301K(465920K)] 1130492K->897548K(1447936K), 0.0203880 secs] [Times: user=0.03 sys=0.00, real=0.03 secs] 
907.618: [GC (Allocation Failure) [PSYoungGen: 409179K->92656K(465920K)] 1122426K->806168K(1447936K), 0.0149125 secs] [Times: user=0.03 sys=0.00, real=0.01 secs] 
909.453: [GC (Allocation Failure) [PSYoungGen: 325616K->37716K(465920K)] 1039128K->751536K(1447936K), 0.0069659 secs] [Times: user=0.01 sys=0.00, real=0.01 secs] 
909.742: [GC (Allocation Failure) [PSYoungGen: 270676K->184462K(465920K)] 984496K->899535K(1447936K), 0.0204237 secs] [Times: user=0.03 sys=0.00, real=0.02 secs] 
910.078: [GC (Allocation Failure) [PSYoungGen: 417422K->184333K(465920K)] 1132495K->899687K(1447936K), 0.0203774 secs] [Times: user=0.03 sys=0.00, real=0.02 secs] 
911.364: [GC (Allocation Failure) [PSYoungGen: 409376K->92191K(465920K)] 1124730K->807939K(1447936K), 0.0138717 secs] [Times: user=0.03 sys=0.00, real=0.02 secs] 
913.098: [GC (Allocation Failure) [PSYoungGen: 325151K->37716K(465920K)] 1040899K->753649K(1447936K), 0.0071351 secs] [Times: user=0.02 sys=0.00, real=0.00 secs] 
913.392: [GC (Allocation Failure) [PSYoungGen: 270676K->184719K(465920K)] 986609K->901905K(1447936K), 0.0204307 secs] [Times: user=0.03 sys=0.00, real=0.02 secs] 
913.734: [GC (Allocation Failure) [PSYoungGen: 417679K->184719K(465920K)] 1134865K->902178K(1447936K), 0.0203929 secs] [Times: user=0.02 sys=0.00, real=0.02 secs] 
914.938: [GC (Allocation Failure) [PSYoungGen: 407286K->91580K(465920K)] 1124746K->809305K(1447936K), 0.0272111 secs] [Times: user=0.05 sys=0.01, real=0.02 secs] 
917.043: [GC (Allocation Failure) [PSYoungGen: 324540K->37716K(465920K)] 1042265K->755757K(1447936K), 0.0070948 secs] [Times: user=0.01 sys=0.00, real=0.01 secs] 
917.409: [GC (Allocation Failure) [PSYoungGen: 270676K->184719K(465920K)] 988717K->904134K(1447936K), 0.0204785 secs] [Times: user=0.03 sys=0.00, real=0.02 secs] 
917.692: [GC (Allocation Failure) [PSYoungGen: 417679K->184687K(465920K)] 1137094K->904246K(1447936K), 0.0203569 secs] [Times: user=0.03 sys=0.00, real=0.02 secs] 
918.972: [GC (Allocation Failure) [PSYoungGen: 407241K->91580K(465920K)] 1126801K->811405K(1447936K), 0.0245913 secs] [Times: user=0.05 sys=0.00, real=0.02 secs] 
920.825: [GC (Allocation Failure) [PSYoungGen: 324540K->37748K(465920K)] 1044365K->757878K(1447936K), 0.0086700 secs] [Times: user=0.02 sys=0.00, real=0.01 secs] 
921.233: [GC (Allocation Failure) [PSYoungGen: 270708K->183787K(465920K)] 990838K->905163K(1447936K), 0.0204790 secs] [Times: user=0.03 sys=0.00, real=0.02 secs] 
921.515: [GC (Allocation Failure) [PSYoungGen: 416747K->184366K(465920K)] 1138123K->906143K(1447936K), 0.0203346 secs] [Times: user=0.03 sys=0.00, real=0.02 secs] 
922.220: [GC (Allocation Failure) [PSYoungGen: 409485K->92737K(465920K)] 1131262K->814779K(1447936K), 0.0121718 secs] [Times: user=0.02 sys=0.00, real=0.01 secs] 
923.660: [GC (Allocation Failure) [PSYoungGen: 325697K->37716K(465920K)] 1047739K->759946K(1447936K), 0.0077954 secs] [Times: user=0.02 sys=0.00, real=0.01 secs] 
923.971: [GC (Allocation Failure) [PSYoungGen: 270676K->184044K(465920K)] 992906K->907520K(1447936K), 0.0204982 secs] [Times: user=0.03 sys=0.00, real=0.02 secs] 
924.318: [GC (Allocation Failure) [PSYoungGen: 417004K->184526K(465920K)] 1140480K->908275K(1447936K), 0.0209557 secs] [Times: user=0.03 sys=0.00, real=0.02 secs] 
926.110: [GC (Allocation Failure) [PSYoungGen: 409692K->92383K(465920K)] 1133441K->816397K(1447936K), 0.0164800 secs] [Times: user=0.04 sys=0.00, real=0.01 secs] 
927.822: [GC (Allocation Failure) [PSYoungGen: 325343K->37716K(465920K)] 1049357K->762036K(1447936K), 0.0078354 secs] [Times: user=0.02 sys=0.00, real=0.01 secs] 
928.140: [GC (Allocation Failure) [PSYoungGen: 270676K->184173K(465920K)] 994996K->909738K(1447936K), 0.0203144 secs] [Times: user=0.03 sys=0.00, real=0.02 secs] 
928.428: [GC (Allocation Failure) [PSYoungGen: 417133K->184558K(465920K)] 1142698K->910388K(1447936K), 0.0205732 secs] [Times: user=0.02 sys=0.00, real=0.02 secs] 
929.636: [GC (Allocation Failure) [PSYoungGen: 409746K->92175K(465920K)] 1135576K->818270K(1447936K), 0.0139122 secs] [Times: user=0.03 sys=0.00, real=0.02 secs] 
931.757: [GC (Allocation Failure) [PSYoungGen: 325135K->37459K(465920K)] 1051230K->763862K(1447936K), 0.0075882 secs] [Times: user=0.02 sys=0.00, real=0.01 secs] 
932.069: [GC (Allocation Failure) [PSYoungGen: 270419K->184687K(465920K)] 996822K->912335K(1447936K), 0.0205563 secs] [Times: user=0.02 sys=0.00, real=0.02 secs] 
932.353: [GC (Allocation Failure) [PSYoungGen: 417647K->184655K(465920K)] 1145295K->912576K(1447936K), 0.0206147 secs] [Times: user=0.03 sys=0.00, real=0.02 secs] 
933.671: [GC (Allocation Failure) [PSYoungGen: 409771K->91837K(465920K)] 1137692K->820024K(1447936K), 0.0251871 secs] [Times: user=0.06 sys=0.00, real=0.02 secs] 
935.181: [GC (Allocation Failure) [PSYoungGen: 324797K->37845K(465920K)] 1052984K->766345K(1447936K), 0.0067770 secs] [Times: user=0.02 sys=0.00, real=0.01 secs] 
935.467: [GC (Allocation Failure) [PSYoungGen: 270805K->184301K(465920K)] 999305K->914055K(1447936K), 0.0204348 secs] [Times: user=0.02 sys=0.00, real=0.02 secs] 
935.758: [GC (Allocation Failure) [PSYoungGen: 417261K->183658K(465920K)] 1147015K->913685K(1447936K), 0.0202249 secs] [Times: user=0.03 sys=0.00, real=0.02 secs] 
937.587: [GC (Allocation Failure) [PSYoungGen: 408110K->92897K(465920K)] 1138137K->823189K(1447936K), 0.0244679 secs] [Times: user=0.06 sys=0.00, real=0.03 secs] 
939.264: [GC (Allocation Failure) [PSYoungGen: 325857K->38034K(465920K)] 1056149K->768650K(1447936K), 0.0068132 secs] [Times: user=0.01 sys=0.00, real=0.01 secs] 
939.626: [GC (Allocation Failure) [PSYoungGen: 270994K->184719K(465920K)] 1001610K->916725K(1447936K), 0.0205604 secs] [Times: user=0.03 sys=0.00, real=0.02 secs] 
939.909: [GC (Allocation Failure) [PSYoungGen: 417679K->184398K(465920K)] 1149685K->916548K(1447936K), 0.0206604 secs] [Times: user=0.03 sys=0.00, real=0.02 secs] 
940.534: [GC (Allocation Failure) [PSYoungGen: 406707K->91644K(465920K)] 1138858K->824067K(1447936K), 0.0123573 secs] [Times: user=0.03 sys=0.00, real=0.01 secs] 
941.573: [GC (Allocation Failure) [PSYoungGen: 324604K->37973K(465920K)] 1057027K->770710K(1447936K), 0.0067489 secs] [Times: user=0.02 sys=0.00, real=0.01 secs] 
941.910: [GC (Allocation Failure) [PSYoungGen: 270933K->184462K(465920K)] 1003670K->918444K(1447936K), 0.0206138 secs] [Times: user=0.02 sys=0.00, real=0.02 secs] 
942.193: [GC (Allocation Failure) [PSYoungGen: 417422K->184558K(465920K)] 1151404K->918806K(1447936K), 0.0207263 secs] [Times: user=0.03 sys=0.00, real=0.02 secs] 
943.318: [GC (Allocation Failure) [PSYoungGen: 407105K->91741K(465920K)] 1141353K->826253K(1447936K), 0.0202616 secs] [Times: user=0.04 sys=0.00, real=0.02 secs] 
945.328: [GC (Allocation Failure) [PSYoungGen: 324701K->37845K(465920K)] 1059213K->772658K(1447936K), 0.0080488 secs] [Times: user=0.02 sys=0.00, real=0.00 secs] 
945.714: [GC (Allocation Failure) [PSYoungGen: 270805K->184462K(465920K)] 1005618K->920649K(1447936K), 0.0206063 secs] [Times: user=0.03 sys=0.00, real=0.02 secs] 
946.064: [GC (Allocation Failure) [PSYoungGen: 417422K->184590K(465920K)] 1153609K->920922K(1447936K), 0.0204123 secs] [Times: user=0.03 sys=0.00, real=0.02 secs] 
946.703: [GC (Allocation Failure) [PSYoungGen: 407138K->91837K(465920K)] 1143469K->828434K(1447936K), 0.0125232 secs] [Times: user=0.02 sys=0.00, real=0.01 secs] 
947.586: [GC (Allocation Failure) [PSYoungGen: 324797K->37906K(465920K)] 1061394K->774818K(1447936K), 0.0056929 secs] [Times: user=0.01 sys=0.00, real=0.01 secs] 
947.910: [GC (Allocation Failure) [PSYoungGen: 270866K->184944K(465920K)] 1007778K->923110K(1447936K), 0.0207287 secs] [Times: user=0.02 sys=0.00, real=0.02 secs] 
948.193: [GC (Allocation Failure) [PSYoungGen: 417904K->184237K(465920K)] 1156070K->922676K(1447936K), 0.0202387 secs] [Times: user=0.03 sys=0.00, real=0.02 secs] 
949.375: [GC (Allocation Failure) [PSYoungGen: 407121K->91596K(465920K)] 1145560K->830429K(1447936K), 0.0164738 secs] [Times: user=0.04 sys=0.00, real=0.02 secs] 
950.987: [GC (Allocation Failure) [PSYoungGen: 324556K->37588K(465920K)] 1063389K->776621K(1447936K), 0.0066697 secs] [Times: user=0.02 sys=0.00, real=0.01 secs] 
951.267: [GC (Allocation Failure) [PSYoungGen: 270548K->184687K(465920K)] 1009581K->924966K(1447936K), 0.0205998 secs] [Times: user=0.03 sys=0.00, real=0.03 secs] 
951.551: [GC (Allocation Failure) [PSYoungGen: 417647K->184719K(465920K)] 1157926K->925400K(1447936K), 0.0205280 secs] [Times: user=0.02 sys=0.00, real=0.02 secs] 
952.177: [GC (Allocation Failure) [PSYoungGen: 407152K->91741K(465920K)] 1147833K->832687K(1447936K), 0.0109595 secs] [Times: user=0.02 sys=0.00, real=0.02 secs] 
952.997: [GC (Allocation Failure) [PSYoungGen: 324701K->37973K(465920K)] 1065647K->779104K(1447936K), 0.0056009 secs] [Times: user=0.01 sys=0.00, real=0.01 secs] 
953.328: [GC (Allocation Failure) [PSYoungGen: 270933K->184687K(465920K)] 1012064K->927063K(1447936K), 0.0205903 secs] [Times: user=0.03 sys=0.00, real=0.02 secs] 
953.666: [GC (Allocation Failure) [PSYoungGen: 417647K->184655K(465920K)] 1160023K->927305K(1447936K), 0.0206101 secs] [Times: user=0.02 sys=0.00, real=0.02 secs] 
954.779: [GC (Allocation Failure) [PSYoungGen: 407212K->91355K(465920K)] 1149862K->834270K(1447936K), 0.0150067 secs] [Times: user=0.03 sys=0.00, real=0.01 secs] 
956.213: [GC (Allocation Failure) [PSYoungGen: 324315K->37745K(465920K)] 1067230K->780966K(1447936K), 0.0093229 secs] [Times: user=0.02 sys=0.00, real=0.01 secs] 
956.626: [GC (Allocation Failure) [PSYoungGen: 270705K->184687K(465920K)] 1013926K->929281K(1447936K), 0.0205997 secs] [Times: user=0.03 sys=0.00, real=0.02 secs] 
956.971: [GC (Allocation Failure) [PSYoungGen: 417647K->184655K(465920K)] 1162241K->929394K(1447936K), 0.0203411 secs] [Times: user=0.03 sys=0.00, real=0.02 secs] 
959.022: [GC (Allocation Failure) [PSYoungGen: 407248K->91580K(465920K)] 1151988K->836584K(1447936K), 0.0208625 secs] [Times: user=0.04 sys=0.00, real=0.02 secs] 
961.041: [GC (Allocation Failure) [PSYoungGen: 324540K->37588K(465920K)] 1069544K->782894K(1447936K), 0.0072672 secs] [Times: user=0.02 sys=0.00, real=0.01 secs] 
961.340: [GC (Allocation Failure) [PSYoungGen: 270548K->183787K(465920K)] 1015854K->930339K(1447936K), 0.0205012 secs] [Times: user=0.02 sys=0.00, real=0.02 secs] 
961.624: [GC (Allocation Failure) [PSYoungGen: 416747K->184462K(465920K)] 1163299K->931286K(1447936K), 0.0205084 secs] [Times: user=0.03 sys=0.00, real=0.02 secs] 
962.232: [GC (Allocation Failure) [PSYoungGen: 409708K->92913K(465920K)] 1156533K->840003K(1447936K), 0.0103375 secs] [Times: user=0.02 sys=0.00, real=0.01 secs] 
963.387: [GC (Allocation Failure) [PSYoungGen: 325873K->37588K(465920K)] 1072963K->784975K(1447936K), 0.0080797 secs] [Times: user=0.01 sys=0.00, real=0.01 secs] 
963.747: [GC (Allocation Failure) [PSYoungGen: 270548K->183916K(465920K)] 1017935K->932549K(1447936K), 0.0205083 secs] [Times: user=0.03 sys=0.00, real=0.02 secs] 
964.030: [GC (Allocation Failure) [PSYoungGen: 416876K->184847K(465920K)] 1165509K->933753K(1447936K), 0.0205207 secs] [Times: user=0.03 sys=0.00, real=0.02 secs] 
965.819: [GC (Allocation Failure) [PSYoungGen: 408622K->92415K(465920K)] 1157528K->841594K(1447936K), 0.0124942 secs] [Times: user=0.03 sys=0.00, real=0.01 secs] 
966.620: [GC (Allocation Failure) [PSYoungGen: 325375K->37877K(465920K)] 1074554K->787370K(1447936K), 0.0057386 secs] [Times: user=0.01 sys=0.00, real=0.00 secs] 
966.891: [GC (Allocation Failure) [PSYoungGen: 270837K->184815K(465920K)] 1020330K->935554K(1447936K), 0.0204923 secs] [Times: user=0.03 sys=0.00, real=0.02 secs] 
967.175: [GC (Allocation Failure) [PSYoungGen: 417775K->184141K(465920K)] 1168514K->935152K(1447936K), 0.0205008 secs] [Times: user=0.02 sys=0.00, real=0.02 secs] 
968.320: [GC (Allocation Failure) [PSYoungGen: 406902K->91869K(465920K)] 1157914K->843146K(1447936K), 0.0267794 secs] [Times: user=0.06 sys=0.00, real=0.02 secs] 
969.164: [GC (Allocation Failure) [PSYoungGen: 324829K->38034K(465920K)] 1076106K->789635K(1447936K), 0.0057025 secs] [Times: user=0.01 sys=0.00, real=0.01 secs] 
969.434: [GC (Allocation Failure) [PSYoungGen: 270994K->183916K(465920K)] 1022595K->936770K(1447936K), 0.0204130 secs] [Times: user=0.03 sys=0.00, real=0.02 secs] 
969.720: [GC (Allocation Failure) [PSYoungGen: 416876K->184430K(465920K)] 1169730K->937677K(1447936K), 0.0204833 secs] [Times: user=0.03 sys=0.00, real=0.02 secs] 
970.783: [GC (Allocation Failure) [PSYoungGen: 409538K->92351K(465920K)] 1162786K->845872K(1447936K), 0.0118122 secs] [Times: user=0.02 sys=0.00, real=0.01 secs] 
971.819: [GC (Allocation Failure) [PSYoungGen: 325311K->37777K(465920K)] 1078832K->791494K(1447936K), 0.0057572 secs] [Times: user=0.01 sys=0.00, real=0.00 secs] 
972.128: [GC (Allocation Failure) [PSYoungGen: 270737K->184687K(465920K)] 1024454K->939641K(1447936K), 0.0231951 secs] [Times: user=0.03 sys=0.00, real=0.02 secs] 
972.418: [GC (Allocation Failure) [PSYoungGen: 417647K->184655K(465920K)] 1172601K->940018K(1447936K), 0.0203850 secs] [Times: user=0.03 sys=0.00, real=0.02 secs] 
973.710: [GC (Allocation Failure) [PSYoungGen: 407344K->91644K(465920K)] 1162708K->847273K(1447936K), 0.0151854 secs] [Times: user=0.03 sys=0.00, real=0.01 secs] 
974.980: [GC (Allocation Failure) [PSYoungGen: 324604K->37716K(465920K)] 1080233K->793519K(1447936K), 0.0057992 secs] [Times: user=0.01 sys=0.00, real=0.00 secs] 
975.309: [GC (Allocation Failure) [PSYoungGen: 270676K->183787K(465920K)] 1026479K->940835K(1447936K), 0.0206619 secs] [Times: user=0.03 sys=0.00, real=0.02 secs] 
975.592: [GC (Allocation Failure) [PSYoungGen: 416747K->184430K(465920K)] 1173795K->941751K(1447936K), 0.0204831 secs] [Times: user=0.03 sys=0.00, real=0.02 secs] 
976.801: [GC (Allocation Failure) [PSYoungGen: 409654K->92801K(465920K)] 1166976K->850387K(1447936K), 0.0149576 secs] [Times: user=0.03 sys=0.00, real=0.01 secs] 
978.170: [GC (Allocation Failure) [PSYoungGen: 325761K->37588K(465920K)] 1083347K->795472K(1447936K), 0.0066590 secs] [Times: user=0.02 sys=0.00, real=0.00 secs] 
978.446: [GC (Allocation Failure) [PSYoungGen: 270548K->183916K(465920K)] 1028432K->943053K(1447936K), 0.0205096 secs] [Times: user=0.03 sys=0.00, real=0.02 secs] 
978.729: [GC (Allocation Failure) [PSYoungGen: 416876K->184815K(465920K)] 1176013K->944226K(1447936K), 0.0204005 secs] [Times: user=0.03 sys=0.00, real=0.02 secs] 
980.125: [GC (Allocation Failure) [PSYoungGen: 410267K->92383K(465920K)] 1169678K->852067K(1447936K), 0.0127382 secs] [Times: user=0.03 sys=0.00, real=0.01 secs] 
981.006: [GC (Allocation Failure) [PSYoungGen: 325343K->38034K(465920K)] 1085027K->798032K(1447936K), 0.0058011 secs] [Times: user=0.01 sys=0.00, real=0.01 secs] 
981.275: [GC (Allocation Failure) [PSYoungGen: 270994K->184558K(465920K)] 1030992K->945930K(1447936K), 0.0207198 secs] [Times: user=0.02 sys=0.00, real=0.02 secs] 
981.617: [GC (Allocation Failure) [PSYoungGen: 417518K->184655K(465920K)] 1178890K->946171K(1447936K), 0.0205813 secs] [Times: user=0.03 sys=0.00, real=0.03 secs] 
982.838: [GC (Allocation Failure) [PSYoungGen: 407228K->91484K(465920K)] 1168744K->853265K(1447936K), 0.0141119 secs] [Times: user=0.03 sys=0.00, real=0.01 secs] 
983.746: [GC (Allocation Failure) [PSYoungGen: 324444K->37877K(465920K)] 1086225K->799968K(1447936K), 0.0058054 secs] [Times: user=0.01 sys=0.00, real=0.01 secs] 
984.014: [GC (Allocation Failure) [PSYoungGen: 270837K->183948K(465920K)] 1032928K->947285K(1447936K), 0.0204424 secs] [Times: user=0.02 sys=0.00, real=0.02 secs] 
984.351: [GC (Allocation Failure) [PSYoungGen: 416908K->184430K(465920K)] 1180245K->948176K(1447936K), 0.0207293 secs] [Times: user=0.02 sys=0.00, real=0.02 secs] 
985.613: [GC (Allocation Failure) [PSYoungGen: 409664K->92480K(465920K)] 1173411K->856363K(1447936K), 0.0273966 secs] [Times: user=0.06 sys=0.00, real=0.03 secs] 
987.377: [GC (Allocation Failure) [PSYoungGen: 325440K->37716K(465920K)] 1089323K->801915K(1447936K), 0.0087217 secs] [Times: user=0.02 sys=0.00, real=0.01 secs] 
987.708: [GC (Allocation Failure) [PSYoungGen: 270676K->184687K(465920K)] 1034875K->950132K(1447936K), 0.0205110 secs] [Times: user=0.03 sys=0.00, real=0.02 secs] 
987.992: [GC (Allocation Failure) [PSYoungGen: 417647K->184623K(465920K)] 1183092K->950469K(1447936K), 0.0203020 secs] [Times: user=0.03 sys=0.00, real=0.02 secs] 
989.140: [GC (Allocation Failure) [PSYoungGen: 407344K->91612K(465920K)] 1173191K->857724K(1447936K), 0.0221676 secs] [Times: user=0.05 sys=0.00, real=0.02 secs] 
990.229: [GC (Allocation Failure) [PSYoungGen: 324572K->38102K(465920K)] 1090684K->804392K(1447936K), 0.0058116 secs] [Times: user=0.01 sys=0.00, real=0.00 secs] 
990.501: [GC (Allocation Failure) [PSYoungGen: 271062K->184687K(465920K)] 1037352K->952223K(1447936K), 0.0205547 secs] [Times: user=0.03 sys=0.00, real=0.02 secs] 
990.785: [GC (Allocation Failure) [PSYoungGen: 417647K->184687K(465920K)] 1185183K->952496K(1447936K), 0.0204493 secs] [Times: user=0.02 sys=0.00, real=0.02 secs] 
991.603: [GC (Allocation Failure) [PSYoungGen: 407112K->91226K(465920K)] 1174921K->859301K(1447936K), 0.0119951 secs] [Times: user=0.03 sys=0.00, real=0.01 secs] 
992.962: [GC (Allocation Failure) [PSYoungGen: 324186K->37459K(465920K)] 1092261K->805834K(1447936K), 0.0067560 secs] [Times: user=0.02 sys=0.00, real=0.01 secs] 
993.246: [GC (Allocation Failure) [PSYoungGen: 270419K->183916K(465920K)] 1038794K->953536K(1447936K), 0.0207053 secs] [Times: user=0.03 sys=0.00, real=0.02 secs] 
993.530: [GC (Allocation Failure) [PSYoungGen: 416876K->184430K(465920K)] 1186496K->954323K(1447936K), 0.0205448 secs] [Times: user=0.03 sys=0.00, real=0.02 secs] 
994.870: [GC (Allocation Failure) [PSYoungGen: 408252K->92929K(465920K)] 1178145K->863087K(1447936K), 0.0262900 secs] [Times: user=0.05 sys=0.00, real=0.02 secs] 
996.792: [GC (Allocation Failure) [PSYoungGen: 325889K->37845K(465920K)] 1096047K->808309K(1447936K), 0.0068198 secs] [Times: user=0.02 sys=0.00, real=0.01 secs] 
997.138: [GC (Allocation Failure) [PSYoungGen: 270805K->184430K(465920K)] 1041269K->956139K(1447936K), 0.0209765 secs] [Times: user=0.02 sys=0.00, real=0.02 secs] 
997.429: [GC (Allocation Failure) [PSYoungGen: 417390K->184237K(465920K)] 1189099K->956220K(1447936K), 0.0204304 secs] [Times: user=0.03 sys=0.00, real=0.02 secs] 
998.627: [GC (Allocation Failure) [PSYoungGen: 409283K->92158K(465920K)] 1181266K->864534K(1447936K), 0.0184879 secs] [Times: user=0.04 sys=0.00, real=0.02 secs] 
1000.461: [GC (Allocation Failure) [PSYoungGen: 325118K->37588K(465920K)] 1097494K->810127K(1447936K), 0.0087194 secs] [Times: user=0.02 sys=0.00, real=0.01 secs] 
1000.790: [GC (Allocation Failure) [PSYoungGen: 270548K->184687K(465920K)] 1043087K->958480K(1447936K), 0.0205891 secs] [Times: user=0.03 sys=0.00, real=0.02 secs] 
1001.076: [GC (Allocation Failure) [PSYoungGen: 417647K->184687K(465920K)] 1191440K->958753K(1447936K), 0.0206662 secs] [Times: user=0.03 sys=0.00, real=0.02 secs] 
1001.758: [GC (Allocation Failure) [PSYoungGen: 407492K->91725K(465920K)] 1181558K->866056K(1447936K), 0.0125514 secs] [Times: user=0.02 sys=0.00, real=0.01 secs] 
1002.622: [GC (Allocation Failure) [PSYoungGen: 324685K->37973K(465920K)] 1099016K->812604K(1447936K), 0.0069935 secs] [Times: user=0.02 sys=0.00, real=0.01 secs] 
1002.978: [GC (Allocation Failure) [PSYoungGen: 270933K->183948K(465920K)] 1045564K->959824K(1447936K), 0.0204182 secs] [Times: user=0.03 sys=0.00, real=0.02 secs] 
1003.265: [GC (Allocation Failure) [PSYoungGen: 416908K->184430K(465920K)] 1192784K->960579K(1447936K), 0.0205178 secs] [Times: user=0.03 sys=0.00, real=0.02 secs] 
1005.809: [GC (Allocation Failure) [PSYoungGen: 409635K->92303K(465920K)] 1185784K->868718K(1447936K), 0.0209194 secs] [Times: user=0.05 sys=0.00, real=0.02 secs] 
1006.723: [GC (Allocation Failure) [PSYoungGen: 325263K->37973K(465920K)] 1101678K->814704K(1447936K), 0.0058385 secs] [Times: user=0.01 sys=0.00, real=0.01 secs] 
1007.056: [GC (Allocation Failure) [PSYoungGen: 270933K->184687K(465920K)] 1047664K->962663K(1447936K), 0.0206236 secs] [Times: user=0.03 sys=0.00, real=0.02 secs] 
1007.347: [GC (Allocation Failure) [PSYoungGen: 417647K->184655K(465920K)] 1195623K->962896K(1447936K), 0.0222985 secs] [Times: user=0.03 sys=0.00, real=0.03 secs] 
1008.332: [GC (Allocation Failure) [PSYoungGen: 407227K->91355K(465920K)] 1185468K->869861K(1447936K), 0.0122409 secs] [Times: user=0.03 sys=0.00, real=0.01 secs] 
1009.134: [GC (Allocation Failure) [PSYoungGen: 324315K->38034K(465920K)] 1102821K->816849K(1447936K), 0.0058085 secs] [Times: user=0.01 sys=0.00, real=0.01 secs] 
1009.405: [GC (Allocation Failure) [PSYoungGen: 270994K->184687K(465920K)] 1049809K->964747K(1447936K), 0.0207253 secs] [Times: user=0.03 sys=0.00, real=0.02 secs] 
1009.693: [GC (Allocation Failure) [PSYoungGen: 417647K->184655K(465920K)] 1197707K->964988K(1447936K), 0.0207371 secs] [Times: user=0.03 sys=0.00, real=0.02 secs] 
1010.862: [GC (Allocation Failure) [PSYoungGen: 407204K->91323K(465920K)] 1187537K->871921K(1447936K), 0.0164048 secs] [Times: user=0.03 sys=0.00, real=0.02 secs] 
1012.925: [GC (Allocation Failure) [PSYoungGen: 324283K->37588K(465920K)] 1104881K->818485K(1447936K), 0.0079657 secs] [Times: user=0.02 sys=0.00, real=0.01 secs] 
1013.242: [GC (Allocation Failure) [PSYoungGen: 270548K->184719K(465920K)] 1051445K->966990K(1447936K), 0.0205596 secs] [Times: user=0.03 sys=0.00, real=0.02 secs] 
1013.526: [GC (Allocation Failure) [PSYoungGen: 417679K->184655K(465920K)] 1199950K->967071K(1447936K), 0.0206034 secs] [Times: user=0.03 sys=0.00, real=0.02 secs] 
1015.470: [GC (Allocation Failure) [PSYoungGen: 407466K->91741K(465920K)] 1189882K->874422K(1447936K), 0.0269647 secs] [Times: user=0.07 sys=0.00, real=0.02 secs] 
1017.536: [GC (Allocation Failure) [PSYoungGen: 324701K->37716K(465920K)] 1107382K->820698K(1447936K), 0.0071913 secs] [Times: user=0.02 sys=0.00, real=0.01 secs] 
1017.837: [GC (Allocation Failure) [PSYoungGen: 270676K->184687K(465920K)] 1053658K->969042K(1447936K), 0.0206053 secs] [Times: user=0.03 sys=0.00, real=0.03 secs] 
1018.126: [GC (Allocation Failure) [PSYoungGen: 417647K->184655K(465920K)] 1202002K->969147K(1447936K), 0.0205391 secs] [Times: user=0.03 sys=0.00, real=0.02 secs] 
1018.750: [GC (Allocation Failure) [PSYoungGen: 407218K->91612K(465920K)] 1191711K->876369K(1447936K), 0.0114260 secs] [Times: user=0.02 sys=0.00, real=0.01 secs] 
1019.659: [GC (GCLocker Initiated GC) [PSYoungGen: 324572K->37973K(465920K)] 1109329K->823046K(1447936K), 0.0057999 secs] [Times: user=0.01 sys=0.00, real=0.00 secs] 
1019.928: [GC (Allocation Failure) [PSYoungGen: 270933K->183723K(465920K)] 1057260K->971296K(1447936K), 0.0205888 secs] [Times: user=0.03 sys=0.00, real=0.02 secs] 
1020.262: [GC (Allocation Failure) [PSYoungGen: 416683K->184462K(465920K)] 1204256K->972050K(1447936K), 0.0205273 secs] [Times: user=0.03 sys=0.00, real=0.02 secs] 
1020.871: [GC (Allocation Failure) [PSYoungGen: 407004K->91484K(465920K)] 1194593K->879506K(1447936K), 0.0117734 secs] [Times: user=0.03 sys=0.00, real=0.01 secs] 
1021.819: [GC (Allocation Failure) [PSYoungGen: 324444K->37874K(465920K)] 1112466K->826075K(1447936K), 0.0057358 secs] [Times: user=0.01 sys=0.00, real=0.00 secs] 
1022.110: [GC (Allocation Failure) [PSYoungGen: 270834K->183787K(465920K)] 1059035K->973226K(1447936K), 0.0230976 secs] [Times: user=0.04 sys=0.00, real=0.02 secs] 
1022.403: [GC (Allocation Failure) [PSYoungGen: 416747K->184462K(465920K)] 1206186K->974174K(1447936K), 0.0204630 secs] [Times: user=0.03 sys=0.00, real=0.02 secs] 
1023.301: [GC (Allocation Failure) [PSYoungGen: 408267K->92640K(465920K)] 1197979K->882618K(1447936K), 0.0124900 secs] [Times: user=0.03 sys=0.00, real=0.01 secs] 
1024.150: [GC (Allocation Failure) [PSYoungGen: 325600K->37845K(465920K)] 1115578K->828136K(1447936K), 0.0057186 secs] [Times: user=0.01 sys=0.00, real=0.00 secs] 
1024.486: [GC (Allocation Failure) [PSYoungGen: 270805K->184944K(465920K)] 1061096K->976472K(1447936K), 0.0209854 secs] [Times: user=0.03 sys=0.00, real=0.02 secs] 
1024.773: [GC (Allocation Failure) [PSYoungGen: 417904K->184880K(465920K)] 1209432K->976689K(1447936K), 0.0207474 secs] [Times: user=0.02 sys=0.00, real=0.02 secs] 
1026.420: [GC (Allocation Failure) [PSYoungGen: 407101K->90937K(465920K)] 1198911K->883012K(1447936K), 0.0272908 secs] [Times: user=0.06 sys=0.00, real=0.02 secs] 
1027.691: [GC (Allocation Failure) [PSYoungGen: 323897K->37973K(465920K)] 1115972K->830360K(1447936K), 0.0088877 secs] [Times: user=0.02 sys=0.00, real=0.01 secs] 
1028.024: [GC (Allocation Failure) [PSYoungGen: 270933K->186486K(465920K)] 1063320K->980118K(1447936K), 0.0208204 secs] [Times: user=0.03 sys=0.00, real=0.02 secs] 
1028.313: [GC (Allocation Failure) [PSYoungGen: 419446K->185972K(465920K)] 1213078K->980006K(1447936K), 0.0207537 secs] [Times: user=0.03 sys=0.00, real=0.02 secs] 
1029.795: [GC (Allocation Failure) [PSYoungGen: 406353K->88270K(465920K)] 1200387K->882441K(1447936K), 0.0258991 secs] [Times: user=0.06 sys=0.00, real=0.03 secs] 
1031.396: [GC (Allocation Failure) [PSYoungGen: 321230K->37874K(465920K)] 1115401K->832362K(1447936K), 0.0072967 secs] [Times: user=0.01 sys=0.00, real=0.01 secs] 
1031.693: [GC (Allocation Failure) [PSYoungGen: 270834K->186518K(465920K)] 1065322K->982252K(1447936K), 0.0208465 secs] [Times: user=0.03 sys=0.00, real=0.02 secs] 
1032.041: [GC (Allocation Failure) [PSYoungGen: 419478K->186068K(465920K)] 1215212K->982068K(1447936K), 0.0205281 secs] [Times: user=0.03 sys=0.00, real=0.02 secs] 
1032.837: [GC (Allocation Failure) [PSYoungGen: 404986K->88270K(465920K)] 1200985K->884543K(1447936K), 0.0123250 secs] [Times: user=0.03 sys=0.00, real=0.02 secs] 
1034.282: [GC (Allocation Failure) [PSYoungGen: 321230K->37874K(465920K)] 1117503K->834448K(1447936K), 0.0073133 secs] [Times: user=0.01 sys=0.00, real=0.01 secs] 
1034.575: [GC (Allocation Failure) [PSYoungGen: 270834K->184173K(465920K)] 1067408K->982000K(1447936K), 0.0204605 secs] [Times: user=0.03 sys=0.00, real=0.02 secs] 
1034.866: [GC (Allocation Failure) [PSYoungGen: 417133K->184430K(465920K)] 1214960K->982659K(1447936K), 0.0206419 secs] [Times: user=0.03 sys=0.00, real=0.02 secs] 
1035.502: [GC (Allocation Failure) [PSYoungGen: 408050K->92207K(465920K)] 1206279K->890572K(1447936K), 0.0111594 secs] [Times: user=0.03 sys=0.00, real=0.01 secs] 
1036.298: [GC (Allocation Failure) [PSYoungGen: 325167K->37906K(465920K)] 1123532K->836598K(1447936K), 0.0058128 secs] [Times: user=0.02 sys=0.00, real=0.00 secs] 
1036.567: [GC (Allocation Failure) [PSYoungGen: 270866K->184430K(465920K)] 1069558K->984367K(1447936K), 0.0207181 secs] [Times: user=0.03 sys=0.00, real=0.03 secs] 
1036.910: [GC (Allocation Failure) [PSYoungGen: 417390K->184558K(465920K)] 1217327K->984769K(1447936K), 0.0205531 secs] [Times: user=0.03 sys=0.00, real=0.02 secs] 
1038.352: [GC (Allocation Failure) [PSYoungGen: 407099K->91901K(465920K)] 1207310K->892377K(1447936K), 0.0146516 secs] [Times: user=0.03 sys=0.00, real=0.01 secs] 
1039.868: [GC (Allocation Failure) [PSYoungGen: 324861K->37491K(465920K)] 1125337K->838272K(1447936K), 0.0098835 secs] [Times: user=0.03 sys=0.00, real=0.01 secs] 
1040.205: [GC (Allocation Failure) [PSYoungGen: 270451K->184719K(465920K)] 1071232K->986762K(1447936K), 0.0207398 secs] [Times: user=0.03 sys=0.00, real=0.02 secs] 
1040.491: [GC (Allocation Failure) [PSYoungGen: 417679K->186486K(465920K)] 1219722K->988802K(1447936K), 0.0207858 secs] [Times: user=0.03 sys=0.00, real=0.02 secs] 
1041.312: [GC (Allocation Failure) [PSYoungGen: 408515K->89990K(465920K)] 1210831K->892571K(1447936K), 0.0160904 secs] [Times: user=0.03 sys=0.00, real=0.02 secs] 
1042.964: [GC (Allocation Failure) [PSYoungGen: 322950K->37716K(465920K)] 1125531K->840597K(1447936K), 0.0074048 secs] [Times: user=0.02 sys=0.00, real=0.01 secs] 
1043.264: [GC (Allocation Failure) [PSYoungGen: 270676K->184815K(465920K)] 1073557K->988941K(1447936K), 0.0207003 secs] [Times: user=0.03 sys=0.00, real=0.02 secs] 
1043.549: [GC (Allocation Failure) [PSYoungGen: 417775K->183916K(465920K)] 1221901K->988315K(1447936K), 0.0204394 secs] [Times: user=0.03 sys=0.00, real=0.02 secs] 
1044.337: [GC (Allocation Failure) [PSYoungGen: 409205K->92287K(465920K)] 1213604K->896951K(1447936K), 0.0114489 secs] [Times: user=0.03 sys=0.00, real=0.02 secs] 
1045.895: [GC (Allocation Failure) [PSYoungGen: 325247K->37716K(465920K)] 1129911K->842689K(1447936K), 0.0079325 secs] [Times: user=0.02 sys=0.00, real=0.01 secs] 
1046.207: [GC (Allocation Failure) [PSYoungGen: 270676K->184269K(465920K)] 1075649K->990487K(1447936K), 0.0204343 secs] [Times: user=0.03 sys=0.00, real=0.02 secs] 
1046.491: [GC (Allocation Failure) [PSYoungGen: 417229K->184590K(465920K)] 1223447K->991210K(1447936K), 0.0205347 secs] [Times: user=0.03 sys=0.00, real=0.02 secs] 
1047.902: [GC (Allocation Failure) [PSYoungGen: 407586K->92094K(465920K)] 1214206K->898850K(1447936K), 0.0200587 secs] [Times: user=0.04 sys=0.00, real=0.02 secs] 
1049.905: [GC (Allocation Failure) [PSYoungGen: 325054K->37620K(465920K)] 1131810K->844691K(1447936K), 0.0088940 secs] [Times: user=0.02 sys=0.00, real=0.01 secs] 
1050.233: [GC (Allocation Failure) [PSYoungGen: 270580K->184687K(465920K)] 1077651K->993020K(1447936K), 0.0207885 secs] [Times: user=0.03 sys=0.00, real=0.02 secs] 
1050.522: [GC (Allocation Failure) [PSYoungGen: 417647K->186454K(465920K)] 1225980K->995061K(1447936K), 0.0209038 secs] [Times: user=0.03 sys=0.00, real=0.02 secs] 
1051.326: [GC (Allocation Failure) [PSYoungGen: 408350K->89909K(465920K)] 1216957K->898781K(1447936K), 0.0116738 secs] [Times: user=0.02 sys=0.00, real=0.02 secs] 
1052.871: [GC (Allocation Failure) [PSYoungGen: 322869K->37716K(465920K)] 1131741K->846896K(1447936K), 0.0091248 secs] [Times: user=0.02 sys=0.00, real=0.01 secs] 
1053.196: [GC (Allocation Failure) [PSYoungGen: 270676K->184815K(465920K)] 1079856K->995240K(1447936K), 0.0207892 secs] [Times: user=0.03 sys=0.00, real=0.02 secs] 
1053.484: [GC (Allocation Failure) [PSYoungGen: 417775K->184205K(465920K)] 1228200K->994903K(1447936K), 0.0205843 secs] [Times: user=0.03 sys=0.00, real=0.02 secs] 
1054.959: [GC (Allocation Failure) [PSYoungGen: 409509K->91966K(465920K)] 1220207K->902929K(1447936K), 0.0285898 secs] [Times: user=0.06 sys=0.00, real=0.03 secs] 
1057.241: [GC (Allocation Failure) [PSYoungGen: 324926K->37845K(465920K)] 1135889K->849124K(1447936K), 0.0082713 secs] [Times: user=0.02 sys=0.00, real=0.01 secs] 
1057.639: [GC (Allocation Failure) [PSYoungGen: 270805K->184687K(465920K)] 1082084K->997348K(1447936K), 0.0207605 secs] [Times: user=0.03 sys=0.00, real=0.02 secs] 
1057.926: [GC (Allocation Failure) [PSYoungGen: 417647K->184366K(465920K)] 1230308K->997171K(1447936K), 0.0204995 secs] [Times: user=0.03 sys=0.00, real=0.02 secs] 
1058.899: [GC (Allocation Failure) [PSYoungGen: 406941K->91741K(465920K)] 1219747K->904819K(1447936K), 0.0139652 secs] [Times: user=0.03 sys=0.00, real=0.01 secs] 
1060.443: [GC (Allocation Failure) [PSYoungGen: 324701K->37649K(465920K)] 1137779K->851043K(1447936K), 0.0079345 secs] [Times: user=0.02 sys=0.00, real=0.01 secs] 
1060.752: [GC (Allocation Failure) [PSYoungGen: 270609K->184430K(465920K)] 1084003K->999070K(1447936K), 0.0205267 secs] [Times: user=0.02 sys=0.00, real=0.02 secs] 
1061.036: [GC (Allocation Failure) [PSYoungGen: 417390K->184558K(465920K)] 1232030K->999471K(1447936K), 0.0205741 secs] [Times: user=0.03 sys=0.00, real=0.02 secs] 
1062.001: [GC (Allocation Failure) [PSYoungGen: 407617K->92094K(465920K)] 1222531K->907272K(1447936K), 0.0205873 secs] [Times: user=0.04 sys=0.00, real=0.02 secs] 
1063.722: [GC (Allocation Failure) [PSYoungGen: 325054K->37874K(465920K)] 1140232K->853344K(1447936K), 0.0075823 secs] [Times: user=0.02 sys=0.00, real=0.01 secs] 
1064.022: [GC (Allocation Failure) [PSYoungGen: 270834K->184430K(465920K)] 1086304K->1001274K(1447936K), 0.0206857 secs] [Times: user=0.03 sys=0.00, real=0.02 secs] 
1064.306: [GC (Allocation Failure) [PSYoungGen: 417390K->184558K(465920K)] 1234234K->1001547K(1447936K), 0.0208285 secs] [Times: user=0.03 sys=0.00, real=0.02 secs] 
1065.669: [GC (Allocation Failure) [PSYoungGen: 407106K->91869K(465920K)] 1224095K->909123K(1447936K), 0.0128460 secs] [Times: user=0.03 sys=0.00, real=0.01 secs] 
1067.276: [GC (Allocation Failure) [PSYoungGen: 324829K->37488K(465920K)] 1142083K->855058K(1447936K), 0.0068789 secs] [Times: user=0.01 sys=0.00, real=0.01 secs] 
1067.620: [GC (Allocation Failure) [PSYoungGen: 270448K->184430K(465920K)] 1088018K->1003373K(1447936K), 0.0205103 secs] [Times: user=0.03 sys=0.00, real=0.02 secs] 
1067.903: [GC (Allocation Failure) [PSYoungGen: 417390K->184494K(465920K)] 1236333K->1003582K(1447936K), 0.0207187 secs] [Times: user=0.03 sys=0.00, real=0.02 secs] 
1069.089: [GC (Allocation Failure) [PSYoungGen: 408098K->92287K(465920K)] 1227185K->911640K(1447936K), 0.0139084 secs] [Times: user=0.03 sys=0.00, real=0.01 secs] 
1070.964: [GC (Allocation Failure) [PSYoungGen: 325247K->37459K(465920K)] 1144600K->857136K(1447936K), 0.0069700 secs] [Times: user=0.02 sys=0.01, real=0.01 secs] 
1071.249: [GC (Allocation Failure) [PSYoungGen: 270419K->184462K(465920K)] 1090096K->1005392K(1447936K), 0.0206614 secs] [Times: user=0.03 sys=0.00, real=0.02 secs] 
1071.532: [GC (Allocation Failure) [PSYoungGen: 417422K->184269K(465920K)] 1238352K->1005472K(1447936K), 0.0204596 secs] [Times: user=0.02 sys=0.00, real=0.02 secs] 
1072.747: [GC (Allocation Failure) [PSYoungGen: 409315K->92464K(465920K)] 1230518K->914061K(1447936K), 0.0125684 secs] [Times: user=0.03 sys=0.00, real=0.02 secs] 
1074.601: [GC (Allocation Failure) [PSYoungGen: 325424K->37588K(465920K)] 1147021K->859372K(1447936K), 0.0069332 secs] [Times: user=0.01 sys=0.00, real=0.01 secs] 
1074.954: [GC (Allocation Failure) [PSYoungGen: 270548K->184687K(465920K)] 1092332K->1007845K(1447936K), 0.0210298 secs] [Times: user=0.03 sys=0.00, real=0.02 secs] 
1075.300: [GC (Allocation Failure) [PSYoungGen: 417647K->184655K(465920K)] 1240805K->1008086K(1447936K), 0.0205931 secs] [Times: user=0.03 sys=0.00, real=0.02 secs] 
1076.918: [GC (Allocation Failure) [PSYoungGen: 407092K->91741K(465920K)] 1230524K->915437K(1447936K), 0.0251859 secs] [Times: user=0.05 sys=0.00, real=0.02 secs] 
1079.163: [GC (Allocation Failure) [PSYoungGen: 324701K->37652K(465920K)] 1148397K->861528K(1447936K), 0.0073254 secs] [Times: user=0.02 sys=0.00, real=0.01 secs] 
1079.528: [GC (Allocation Failure) [PSYoungGen: 270612K->184687K(465920K)] 1094488K->1009817K(1447936K), 0.0206392 secs] [Times: user=0.03 sys=0.00, real=0.02 secs] 
1079.871: [GC (Allocation Failure) [PSYoungGen: 417647K->184687K(465920K)] 1242777K->1010090K(1447936K), 0.0209387 secs] [Times: user=0.03 sys=0.00, real=0.02 secs] 
1081.490: [GC (Allocation Failure) [PSYoungGen: 407499K->91709K(465920K)] 1232902K->917377K(1447936K), 0.0247530 secs] [Times: user=0.05 sys=0.00, real=0.02 secs] 
1083.421: [GC (Allocation Failure) [PSYoungGen: 324669K->37459K(465920K)] 1150337K->863427K(1447936K), 0.0073324 secs] [Times: user=0.02 sys=0.00, real=0.01 secs] 
1083.721: [GC (Allocation Failure) [PSYoungGen: 270419K->183787K(465920K)] 1096387K->1011000K(1447936K), 0.0204944 secs] [Times: user=0.03 sys=0.00, real=0.02 secs] 
1084.005: [GC (Allocation Failure) [PSYoungGen: 416747K->184687K(465920K)] 1243960K->1012165K(1447936K), 0.0205699 secs] [Times: user=0.03 sys=0.00, real=0.02 secs] 
1085.271: [GC (Allocation Failure) [PSYoungGen: 410099K->92769K(465920K)] 1237577K->920512K(1447936K), 0.0256627 secs] [Times: user=0.06 sys=0.00, real=0.02 secs] 
1087.782: [GC (Allocation Failure) [PSYoungGen: 325729K->37620K(465920K)] 1153472K->865669K(1447936K), 0.0084343 secs] [Times: user=0.02 sys=0.00, real=0.01 secs] 
1088.168: [GC (Allocation Failure) [PSYoungGen: 270580K->183916K(465920K)] 1098629K->1013218K(1447936K), 0.0206683 secs] [Times: user=0.03 sys=0.00, real=0.02 secs] 
1088.483: [GC (Allocation Failure) [PSYoungGen: 416876K->184815K(465920K)] 1246178K->1014391K(1447936K), 0.0208641 secs] [Times: user=0.03 sys=0.00, real=0.02 secs] 
1090.525: [GC (Allocation Failure) [PSYoungGen: 410285K->92383K(465920K)] 1239861K->922224K(1447936K), 0.0205321 secs] [Times: user=0.05 sys=0.00, real=0.02 secs] 
1092.580: [GC (Allocation Failure) [PSYoungGen: 325343K->37877K(465920K)] 1155184K->868034K(1447936K), 0.0075055 secs] [Times: user=0.02 sys=0.00, real=0.00 secs] 
1092.882: [GC (Allocation Failure) [PSYoungGen: 270837K->184687K(465920K)] 1100994K->1016089K(1447936K), 0.0206684 secs] [Times: user=0.03 sys=0.00, real=0.02 secs] 
1093.222: [GC (Allocation Failure) [PSYoungGen: 417647K->184687K(465920K)] 1249049K->1016362K(1447936K), 0.0205376 secs] [Times: user=0.03 sys=0.00, real=0.02 secs] 
1094.101: [GC (Allocation Failure) [PSYoungGen: 407253K->91452K(465920K)] 1238928K->923392K(1447936K), 0.0123623 secs] [Times: user=0.02 sys=0.00, real=0.01 secs] 
1095.836: [GC (Allocation Failure) [PSYoungGen: 324412K->37716K(465920K)] 1156352K->869954K(1447936K), 0.0073253 secs] [Times: user=0.02 sys=0.00, real=0.01 secs] 
1096.130: [GC (Allocation Failure) [PSYoungGen: 270676K->183787K(465920K)] 1102914K->1017271K(1447936K), 0.0205407 secs] [Times: user=0.03 sys=0.00, real=0.02 secs] 
1096.414: [GC (Allocation Failure) [PSYoungGen: 416747K->184655K(465920K)] 1250231K->1018412K(1447936K), 0.0207067 secs] [Times: user=0.03 sys=0.00, real=0.02 secs] 
1097.010: [GC (Allocation Failure) [PSYoungGen: 410072K->92528K(465920K)] 1243829K->926550K(1447936K), 0.0102334 secs] [Times: user=0.02 sys=0.00, real=0.01 secs] 
1098.309: [GC (Allocation Failure) [PSYoungGen: 325488K->37973K(465920K)] 1159510K->872295K(1447936K), 0.0074536 secs] [Times: user=0.02 sys=0.00, real=0.00 secs] 
1098.607: [GC (Allocation Failure) [PSYoungGen: 270933K->184558K(465920K)] 1105255K->1020246K(1447936K), 0.0206884 secs] [Times: user=0.03 sys=0.00, real=0.03 secs] 
1098.891: [GC (Allocation Failure) [PSYoungGen: 417518K->184655K(465920K)] 1253206K->1020495K(1447936K), 0.0205989 secs] [Times: user=0.03 sys=0.00, real=0.02 secs] 
1099.543: [GC (Allocation Failure) [PSYoungGen: 407260K->91484K(465920K)] 1243101K->927589K(1447936K), 0.0109853 secs] [Times: user=0.02 sys=0.00, real=0.01 secs] 
1100.818: [GC (Allocation Failure) [PSYoungGen: 324444K->36591K(465920K)] 1160549K->873013K(1447936K), 0.0065614 secs] [Times: user=0.02 sys=0.00, real=0.00 secs] 
1101.166: [GC (Allocation Failure) [PSYoungGen: 269551K->184719K(465920K)] 1105973K->1022394K(1447936K), 0.0207110 secs] [Times: user=0.03 sys=0.00, real=0.02 secs] 
1101.450: [GC (Allocation Failure) [PSYoungGen: 417679K->184430K(465920K)] 1255354K->1022378K(1447936K), 0.0206665 secs] [Times: user=0.03 sys=0.00, real=0.02 secs] 
1102.521: [GC (Allocation Failure) [PSYoungGen: 409529K->93026K(465920K)] 1247477K->931247K(1447936K), 0.0144686 secs] [Times: user=0.03 sys=0.00, real=0.01 secs] 
1104.327: [GC (Allocation Failure) [PSYoungGen: 325986K->37716K(465920K)] 1164207K->876246K(1447936K), 0.0074192 secs] [Times: user=0.01 sys=0.00, real=0.01 secs] 
1104.626: [GC (Allocation Failure) [PSYoungGen: 270676K->184687K(465920K)] 1109206K->1024599K(1447936K), 0.0207108 secs] [Times: user=0.02 sys=0.00, real=0.02 secs] 
1104.910: [GC (Allocation Failure) [PSYoungGen: 417647K->184623K(465920K)] 1257559K->1024679K(1447936K), 0.0209363 secs] [Times: user=0.03 sys=0.00, real=0.02 secs] 
1106.014: [GC (Allocation Failure) [PSYoungGen: 407174K->91644K(465920K)] 1247231K->931973K(1447936K), 0.0121761 secs] [Times: user=0.02 sys=0.00, real=0.01 secs] 
1107.796: [GC (Allocation Failure) [PSYoungGen: 324604K->37845K(465920K)] 1164933K->878496K(1447936K), 0.0073993 secs] [Times: user=0.02 sys=0.00, real=0.01 secs] 
1108.091: [GC (Allocation Failure) [PSYoungGen: 270805K->184687K(465920K)] 1111456K->1026583K(1447936K), 0.0207445 secs] [Times: user=0.02 sys=0.00, real=0.02 secs] 
1108.375: [GC (Allocation Failure) [PSYoungGen: 417647K->184687K(465920K)] 1259543K->1026856K(1447936K), 0.0208273 secs] [Times: user=0.02 sys=0.00, real=0.02 secs] 
1109.130: [GC (Allocation Failure) [PSYoungGen: 407266K->91467K(465920K)] 1249435K->933910K(1447936K), 0.0126756 secs] [Times: user=0.03 sys=0.00, real=0.01 secs] 
1110.115: [GC (Allocation Failure) [PSYoungGen: 324427K->38291K(465920K)] 1166870K->881050K(1447936K), 0.0060596 secs] [Times: user=0.02 sys=0.00, real=0.01 secs] 
1110.438: [GC (Allocation Failure) [PSYoungGen: 271251K->184687K(465920K)] 1114010K->1028828K(1447936K), 0.0208250 secs] [Times: user=0.03 sys=0.00, real=0.02 secs] 
1110.784: [GC (Allocation Failure) [PSYoungGen: 417647K->184687K(465920K)] 1261788K->1028972K(1447936K), 0.0206185 secs] [Times: user=0.02 sys=0.00, real=0.02 secs] 
1112.431: [GC (Allocation Failure) [PSYoungGen: 406989K->91130K(465920K)] 1251275K->935681K(1447936K), 0.0125738 secs] [Times: user=0.02 sys=0.00, real=0.01 secs] 
1114.430: [GC (Allocation Failure) [PSYoungGen: 324090K->37973K(465920K)] 1168641K->882848K(1447936K), 0.0085519 secs] [Times: user=0.02 sys=0.00, real=0.01 secs] 
1114.772: [GC (Allocation Failure) [PSYoungGen: 270933K->183916K(465920K)] 1115808K->1030035K(1447936K), 0.0207433 secs] [Times: user=0.03 sys=0.00, real=0.02 secs] 
1115.059: [GC (Allocation Failure) [PSYoungGen: 416876K->184815K(465920K)] 1262995K->1031208K(1447936K), 0.0212544 secs] [Times: user=0.03 sys=0.00, real=0.02 secs] 
1116.348: [GC (Allocation Failure) [PSYoungGen: 405639K->91998K(465920K)] 1252032K->938656K(1447936K), 0.0173506 secs] [Times: user=0.04 sys=0.00, real=0.01 secs] 
1117.682: [GC (Allocation Failure) [PSYoungGen: 324958K->37877K(465920K)] 1171616K->884843K(1447936K), 0.0060275 secs] [Times: user=0.02 sys=0.00, real=0.01 secs] 
1118.016: [GC (Allocation Failure) [PSYoungGen: 270837K->184558K(465920K)] 1117803K->1032762K(1447936K), 0.0207645 secs] [Times: user=0.03 sys=0.00, real=0.02 secs] 
1118.305: [GC (Allocation Failure) [PSYoungGen: 417518K->184301K(465920K)] 1265722K->1032778K(1447936K), 0.0207898 secs] [Times: user=0.03 sys=0.00, real=0.02 secs] 
1119.415: [GC (Allocation Failure) [PSYoungGen: 409212K->91982K(465920K)] 1257689K->940723K(1447936K), 0.0129376 secs] [Times: user=0.03 sys=0.00, real=0.02 secs] 
1121.263: [GC (Allocation Failure) [PSYoungGen: 324942K->37617K(465920K)] 1173683K->886690K(1447936K), 0.0083564 secs] [Times: user=0.02 sys=0.00, real=0.01 secs] 
1121.582: [GC (Allocation Failure) [PSYoungGen: 270577K->184558K(465920K)] 1119650K->1034877K(1447936K), 0.0207282 secs] [Times: user=0.03 sys=0.00, real=0.02 secs] 
1121.866: [GC (Allocation Failure) [PSYoungGen: 417518K->184655K(465920K)] 1267837K->1035247K(1447936K), 0.0207296 secs] [Times: user=0.03 sys=0.00, real=0.02 secs] 
1122.483: [GC (Allocation Failure) [PSYoungGen: 407235K->91837K(465920K)] 1257827K->942694K(1447936K), 0.0116528 secs] [Times: user=0.02 sys=0.00, real=0.01 secs] 
1123.392: [GC (Allocation Failure) [PSYoungGen: 324797K->38005K(465920K)] 1175654K->889176K(1447936K), 0.0059148 secs] [Times: user=0.02 sys=0.00, real=0.01 secs] 
1123.661: [GC (Allocation Failure) [PSYoungGen: 270965K->184687K(465920K)] 1122136K->1037224K(1447936K), 0.0206866 secs] [Times: user=0.03 sys=0.00, real=0.02 secs] 
1123.996: [GC (Allocation Failure) [PSYoungGen: 417647K->184687K(465920K)] 1270184K->1037368K(1447936K), 0.0206755 secs] [Times: user=0.03 sys=0.00, real=0.02 secs] 
1125.203: [GC (Allocation Failure) [PSYoungGen: 407244K->91323K(465920K)] 1259926K->944270K(1447936K), 0.0150510 secs] [Times: user=0.03 sys=0.00, real=0.02 secs] 
1126.615: [GC (Allocation Failure) [PSYoungGen: 324283K->37588K(465920K)] 1177230K->890848K(1447936K), 0.0080773 secs] [Times: user=0.02 sys=0.00, real=0.01 secs] 
1126.969: [GC (Allocation Failure) [PSYoungGen: 270548K->183916K(465920K)] 1123808K->1038430K(1447936K), 0.0207419 secs] [Times: user=0.03 sys=0.00, real=0.02 secs] 
1127.252: [GC (Allocation Failure) [PSYoungGen: 416876K->184430K(465920K)] 1271390K->1039217K(1447936K), 0.0204752 secs] [Times: user=0.03 sys=0.00, real=0.02 secs] 
1128.616: [GC (Allocation Failure) [PSYoungGen: 409651K->92769K(465920K)] 1264438K->947821K(1447936K), 0.0212948 secs] [Times: user=0.05 sys=0.00, real=0.02 secs] 
1130.806: [GC (Allocation Failure) [PSYoungGen: 325729K->38005K(465920K)] 1180781K->893381K(1447936K), 0.0100432 secs] [Times: user=0.03 sys=0.00, real=0.01 secs] 
1131.145: [GC (Allocation Failure) [PSYoungGen: 270965K->184558K(465920K)] 1126341K->1041316K(1447936K), 0.0208409 secs] [Times: user=0.03 sys=0.00, real=0.02 secs] 
1131.428: [GC (Allocation Failure) [PSYoungGen: 417518K->184462K(465920K)] 1274276K->1041372K(1447936K), 0.0206579 secs] [Times: user=0.03 sys=0.00, real=0.02 secs] 
1132.843: [GC (Allocation Failure) [PSYoungGen: 407205K->91773K(465920K)] 1264116K->948948K(1447936K), 0.0250749 secs] [Times: user=0.06 sys=0.00, real=0.03 secs] 
1134.576: [GC (Allocation Failure) [PSYoungGen: 324733K->38005K(465920K)] 1181908K->895487K(1447936K), 0.0064484 secs] [Times: user=0.01 sys=0.00, real=0.01 secs] 
1134.846: [GC (Allocation Failure) [PSYoungGen: 270965K->184687K(465920K)] 1128447K->1043414K(1447936K), 0.0205771 secs] [Times: user=0.03 sys=0.01, real=0.02 secs] 
1135.181: [GC (Allocation Failure) [PSYoungGen: 417647K->184623K(465920K)] 1276374K->1043623K(1447936K), 0.0208931 secs] [Times: user=0.03 sys=0.00, real=0.02 secs] 
1137.896: [GC (Allocation Failure) [PSYoungGen: 407169K->91419K(465920K)] 1266169K->950692K(1447936K), 0.0199349 secs] [Times: user=0.05 sys=0.00, real=0.02 secs] 
1139.276: [GC (Allocation Failure) [PSYoungGen: 324379K->37877K(465920K)] 1183652K->897464K(1447936K), 0.0068972 secs] [Times: user=0.01 sys=0.00, real=0.01 secs] 
1139.557: [GC (Allocation Failure) [PSYoungGen: 270837K->183787K(465920K)] 1130424K->1044628K(1447936K), 0.0207078 secs] [Times: user=0.03 sys=0.00, real=0.03 secs] 
1139.845: [GC (Allocation Failure) [PSYoungGen: 416747K->184333K(465920K)] 1277588K->1045575K(1447936K), 0.0206619 secs] [Times: user=0.03 sys=0.00, real=0.02 secs] 
1140.514: [GC (Allocation Failure) [PSYoungGen: 408152K->92737K(465920K)] 1269394K->954123K(1447936K), 0.0120922 secs] [Times: user=0.03 sys=0.00, real=0.01 secs] 
1141.833: [GC (Allocation Failure) [PSYoungGen: 325697K->37845K(465920K)] 1187083K->899529K(1447936K), 0.0083604 secs] [Times: user=0.02 sys=0.00, real=0.01 secs] 
1142.182: [GC (Allocation Failure) [PSYoungGen: 270805K->184430K(465920K)] 1132489K->1047360K(1447936K), 0.0206033 secs] [Times: user=0.03 sys=0.00, real=0.02 secs] 
1142.520: [GC (Allocation Failure) [PSYoungGen: 417390K->184237K(465920K)] 1280320K->1047440K(1447936K), 0.0206926 secs] [Times: user=0.03 sys=0.00, real=0.02 secs] 
1144.328: [GC (Allocation Failure) [PSYoungGen: 409285K->92142K(465920K)] 1272488K->955747K(1447936K), 0.0200495 secs] [Times: user=0.05 sys=0.00, real=0.02 secs] 
1146.688: [GC (Allocation Failure) [PSYoungGen: 325102K->37556K(465920K)] 1188707K->901345K(1447936K), 0.0083615 secs] [Times: user=0.02 sys=0.00, real=0.00 secs] 
1147.006: [GC (Allocation Failure) [PSYoungGen: 270516K->184687K(465920K)] 1134305K->1049730K(1447936K), 0.0208271 secs] [Times: user=0.03 sys=0.00, real=0.02 secs] 
1147.352: [GC (Allocation Failure) [PSYoungGen: 417647K->184687K(465920K)] 1282690K->1050003K(1447936K), 0.0209084 secs] [Times: user=0.03 sys=0.00, real=0.02 secs] 
1147.970: [GC (Allocation Failure) [PSYoungGen: 407491K->91741K(465920K)] 1272808K->957322K(1447936K), 0.0123688 secs] [Times: user=0.03 sys=0.00, real=0.01 secs] 
1148.805: [GC (Allocation Failure) [PSYoungGen: 324701K->38002K(465920K)] 1190282K->903900K(1447936K), 0.0058606 secs] [Times: user=0.01 sys=0.00, real=0.01 secs] 
1149.075: [GC (Allocation Failure) [PSYoungGen: 270962K->183787K(465920K)] 1136860K->1050930K(1447936K), 0.0204536 secs] [Times: user=0.03 sys=0.00, real=0.02 secs] 
1149.359: [GC (Allocation Failure) [PSYoungGen: 416747K->184719K(465920K)] 1283890K->1052151K(1447936K), 0.0206694 secs] [Times: user=0.03 sys=0.00, real=0.02 secs] 
1151.710: [GC (Allocation Failure) [PSYoungGen: 408509K->92191K(465920K)] 1275941K->959888K(1447936K), 0.0247129 secs] [Times: user=0.06 sys=0.00, real=0.02 secs] 
1153.286: [GC (Allocation Failure) [PSYoungGen: 325151K->37877K(465920K)] 1192848K->905871K(1447936K), 0.0074500 secs] [Times: user=0.02 sys=0.00, real=0.01 secs] 
1153.577: [GC (Allocation Failure) [PSYoungGen: 270837K->184301K(465920K)] 1138831K->1053541K(1447936K), 0.0206033 secs] [Times: user=0.03 sys=0.00, real=0.03 secs] 
1153.865: [GC (Allocation Failure) [PSYoungGen: 417261K->184205K(465920K)] 1286501K->1053718K(1447936K), 0.0207012 secs] [Times: user=0.03 sys=0.00, real=0.02 secs] 
1154.553: [GC (Allocation Failure) [PSYoungGen: 409405K->92383K(465920K)] 1278919K->962170K(1447936K), 0.0118130 secs] [Times: user=0.02 sys=0.00, real=0.01 secs] 
1155.453: [GC (Allocation Failure) [PSYoungGen: 325343K->38005K(465920K)] 1195130K->908108K(1447936K), 0.0059330 secs] [Times: user=0.01 sys=0.00, real=0.01 secs] 
1155.722: [GC (Allocation Failure) [PSYoungGen: 270965K->184719K(465920K)] 1141068K->1056067K(1447936K), 0.0207111 secs] [Times: user=0.03 sys=0.00, real=0.02 secs] 
1156.006: [GC (Allocation Failure) [PSYoungGen: 417679K->184430K(465920K)] 1289027K->1056051K(1447936K), 0.0206169 secs] [Times: user=0.03 sys=0.00, real=0.02 secs] 
1158.136: [GC (Allocation Failure) [PSYoungGen: 406895K->91580K(465920K)] 1278516K->963466K(1447936K), 0.0276009 secs] [Times: user=0.07 sys=0.00, real=0.03 secs] 
1160.281: [GC (Allocation Failure) [PSYoungGen: 324540K->37877K(465920K)] 1196426K->910087K(1447936K), 0.0090831 secs] [Times: user=0.02 sys=0.00, real=0.01 secs] 
1160.611: [GC (Allocation Failure) [PSYoungGen: 270837K->184719K(465920K)] 1143047K->1058319K(1447936K), 0.0208272 secs] [Times: user=0.03 sys=0.00, real=0.02 secs] 
1160.894: [GC (Allocation Failure) [PSYoungGen: 417679K->184719K(465920K)] 1291279K->1058464K(1447936K), 0.0208682 secs] [Times: user=0.03 sys=0.00, real=0.02 secs] 
1162.814: [GC (Allocation Failure) [PSYoungGen: 407259K->91420K(465920K)] 1281004K->965430K(1447936K), 0.0202456 secs] [Times: user=0.04 sys=0.01, real=0.02 secs] 
1164.685: [GC (Allocation Failure) [PSYoungGen: 324380K->37748K(465920K)] 1198390K->912066K(1447936K), 0.0080604 secs] [Times: user=0.02 sys=0.00, real=0.01 secs] 
1164.992: [GC (Allocation Failure) [PSYoungGen: 270708K->183787K(465920K)] 1145026K->1059343K(1447936K), 0.0206077 secs] [Times: user=0.03 sys=0.00, real=0.02 secs] 
1165.280: [GC (Allocation Failure) [PSYoungGen: 416747K->184462K(465920K)] 1292303K->1060290K(1447936K), 0.0207014 secs] [Times: user=0.03 sys=0.00, real=0.02 secs] 
1165.926: [GC (Allocation Failure) [PSYoungGen: 409698K->92705K(465920K)] 1285527K->968799K(1447936K), 0.0119130 secs] [Times: user=0.02 sys=0.00, real=0.02 secs] 
1166.740: [GC (Allocation Failure) [PSYoungGen: 325665K->38102K(465920K)] 1201759K->914504K(1447936K), 0.0061400 secs] [Times: user=0.02 sys=0.00, real=0.00 secs] 
1167.009: [GC (Allocation Failure) [PSYoungGen: 271062K->184398K(465920K)] 1147464K->1062045K(1447936K), 0.0207380 secs] [Times: user=0.03 sys=0.00, real=0.02 secs] 
1167.294: [GC (Allocation Failure) [PSYoungGen: 417358K->184687K(465920K)] 1295005K->1062736K(1447936K), 0.0207541 secs] [Times: user=0.02 sys=0.00, real=0.02 secs] 
1169.443: [GC (Allocation Failure) [PSYoungGen: 407244K->91484K(465920K)] 1285293K->969669K(1447936K), 0.0294001 secs] [Times: user=0.07 sys=0.01, real=0.03 secs] 
1171.296: [GC (Allocation Failure) [PSYoungGen: 324444K->37877K(465920K)] 1202629K->916386K(1447936K), 0.0091322 secs] [Times: user=0.02 sys=0.00, real=0.01 secs] 
1171.631: [GC (Allocation Failure) [PSYoungGen: 270837K->184687K(465920K)] 1149346K->1064578K(1447936K), 0.0207167 secs] [Times: user=0.03 sys=0.00, real=0.02 secs] 
1171.969: [GC (Allocation Failure) [PSYoungGen: 417647K->184687K(465920K)] 1297538K->1064723K(1447936K), 0.0207648 secs] [Times: user=0.02 sys=0.00, real=0.02 secs] 
1173.264: [GC (Allocation Failure) [PSYoungGen: 407243K->91484K(465920K)] 1287279K->971785K(1447936K), 0.0283226 secs] [Times: user=0.06 sys=0.00, real=0.03 secs] 
1174.854: [GC (Allocation Failure) [PSYoungGen: 324444K->37845K(465920K)] 1204745K->918454K(1447936K), 0.0076384 secs] [Times: user=0.02 sys=0.00, real=0.01 secs] 
1175.151: [GC (Allocation Failure) [PSYoungGen: 270805K->184719K(465920K)] 1151414K->1066573K(1447936K), 0.0210258 secs] [Times: user=0.03 sys=0.00, real=0.02 secs] 
1175.439: [GC (Allocation Failure) [PSYoungGen: 417679K->184687K(465920K)] 1299533K->1066814K(1447936K), 0.0208213 secs] [Times: user=0.03 sys=0.00, real=0.02 secs] 
1176.072: [GC (Allocation Failure) [PSYoungGen: 407234K->91484K(465920K)] 1289361K->973884K(1447936K), 0.0114907 secs] [Times: user=0.02 sys=0.00, real=0.01 secs] 
1177.159: [GC (Allocation Failure) [PSYoungGen: 324444K->37845K(465920K)] 1206844K->920551K(1447936K), 0.0058290 secs] [Times: user=0.01 sys=0.00, real=0.00 secs] 
1177.427: [GC (Allocation Failure) [PSYoungGen: 270805K->184687K(465920K)] 1153511K->1068759K(1447936K), 0.0207425 secs] [Times: user=0.03 sys=0.00, real=0.02 secs] 
1177.712: [GC (Allocation Failure) [PSYoungGen: 417647K->184623K(465920K)] 1301719K->1068840K(1447936K), 0.0205326 secs] [Times: user=0.03 sys=0.00, real=0.02 secs] 
1178.479: [GC (Allocation Failure) [PSYoungGen: 407176K->91452K(465920K)] 1291393K->975934K(1447936K), 0.0140623 secs] [Times: user=0.03 sys=0.00, real=0.01 secs] 
1179.292: [GC (Allocation Failure) [PSYoungGen: 324412K->38005K(465920K)] 1208894K->922812K(1447936K), 0.0058655 secs] [Times: user=0.01 sys=0.00, real=0.01 secs] 
1179.560: [GC (Allocation Failure) [PSYoungGen: 270965K->183819K(465920K)] 1155772K->1069879K(1447936K), 0.0207331 secs] [Times: user=0.03 sys=0.00, real=0.02 secs] 
1179.905: [GC (Allocation Failure) [PSYoungGen: 416779K->184719K(465920K)] 1302839K->1071052K(1447936K), 0.0208067 secs] [Times: user=0.03 sys=0.00, real=0.02 secs] 
1180.522: [GC (Allocation Failure) [PSYoungGen: 408496K->92255K(465920K)] 1294829K->978853K(1447936K), 0.0130487 secs] [Times: user=0.03 sys=0.00, real=0.01 secs] 
1181.340: [GC (Allocation Failure) [PSYoungGen: 325215K->37845K(465920K)] 1211813K->924737K(1447936K), 0.0059462 secs] [Times: user=0.01 sys=0.00, real=0.00 secs] 
1181.611: [GC (Allocation Failure) [PSYoungGen: 270805K->183690K(465920K)] 1157697K->1071836K(1447936K), 0.0211577 secs] [Times: user=0.02 sys=0.00, real=0.02 secs] 
1181.967: [GC (Allocation Failure) [PSYoungGen: 416650K->184558K(465920K)] 1304796K->1072977K(1447936K), 0.0206092 secs] [Times: user=0.03 sys=0.00, real=0.03 secs] 
1183.230: [GC (Allocation Failure) [PSYoungGen: 409872K->92624K(465920K)] 1298291K->981437K(1447936K), 0.0169164 secs] [Times: user=0.03 sys=0.00, real=0.01 secs] 
1184.365: [GC (Allocation Failure) [PSYoungGen: 325584K->37973K(465920K)] 1214397K->926971K(1447936K), 0.0069683 secs] [Times: user=0.02 sys=0.00, real=0.01 secs] 
1184.649: [GC (Allocation Failure) [PSYoungGen: 270933K->184301K(465920K)] 1159931K->1074552K(1447936K), 0.0207531 secs] [Times: user=0.03 sys=0.00, real=0.02 secs] 
1184.933: [GC (Allocation Failure) [PSYoungGen: 417261K->184687K(465920K)] 1307512K->1075211K(1447936K), 0.0206255 secs] [Times: user=0.03 sys=0.00, real=0.02 secs] 
1185.653: [GC (Allocation Failure) [PSYoungGen: 407510K->91709K(465920K)] 1298034K->982498K(1447936K), 0.0119704 secs] [Times: user=0.02 sys=0.01, real=0.01 secs] 
1186.475: [GC (Allocation Failure) [PSYoungGen: 324669K->37973K(465920K)] 1215458K->929070K(1447936K), 0.0071871 secs] [Times: user=0.02 sys=0.00, real=0.01 secs] 
1186.821: [GC (Allocation Failure) [PSYoungGen: 270933K->184687K(465920K)] 1162030K->1077013K(1447936K), 0.0208448 secs] [Times: user=0.03 sys=0.00, real=0.02 secs] 
1187.105: [GC (Allocation Failure) [PSYoungGen: 417647K->184687K(465920K)] 1309973K->1077286K(1447936K), 0.0208348 secs] [Times: user=0.03 sys=0.00, real=0.02 secs] 
1189.139: [GC (Allocation Failure) [PSYoungGen: 407270K->91355K(465920K)] 1299870K->984220K(1447936K), 0.0209326 secs] [Times: user=0.05 sys=0.00, real=0.02 secs] 
1190.537: [GC (Allocation Failure) [PSYoungGen: 324315K->38005K(465920K)] 1217180K->931178K(1447936K), 0.0059229 secs] [Times: user=0.02 sys=0.00, real=0.01 secs] 
1190.866: [GC (Allocation Failure) [PSYoungGen: 270965K->183916K(465920K)] 1164138K->1078318K(1447936K), 0.0206553 secs] [Times: user=0.03 sys=0.00, real=0.02 secs] 
1191.150: [GC (Allocation Failure) [PSYoungGen: 416876K->184430K(465920K)] 1311278K->1079234K(1447936K), 0.0205994 secs] [Times: user=0.03 sys=0.00, real=0.02 secs] 
1192.656: [GC (Allocation Failure) [PSYoungGen: 409659K->92335K(465920K)] 1304463K->987276K(1447936K), 0.0154732 secs] [Times: user=0.04 sys=0.00, real=0.02 secs] 
1194.754: [GC (Allocation Failure) [PSYoungGen: 325295K->37427K(465920K)] 1220236K->932676K(1447936K), 0.0076864 secs] [Times: user=0.02 sys=0.00, real=0.01 secs] 
1195.050: [GC (Allocation Failure) [PSYoungGen: 270387K->184173K(465920K)] 1165636K->1080667K(1447936K), 0.0206292 secs] [Times: user=0.03 sys=0.00, real=0.02 secs] 
1195.394: [GC (Allocation Failure) [PSYoungGen: 417133K->184526K(465920K)] 1313627K->1081422K(1447936K), 0.0211102 secs] [Times: user=0.03 sys=0.00, real=0.02 secs] 
1196.728: [GC (Allocation Failure) [PSYoungGen: 409703K->92480K(465920K)] 1306598K->989512K(1447936K), 0.0173536 secs] [Times: user=0.03 sys=0.00, real=0.01 secs] 
1198.738: [GC (Allocation Failure) [PSYoungGen: 325440K->37491K(465920K)] 1222472K->934839K(1447936K), 0.0069103 secs] [Times: user=0.02 sys=0.00, real=0.00 secs] 
1199.089: [GC (Allocation Failure) [PSYoungGen: 270451K->184173K(465920K)] 1167799K->1082767K(1447936K), 0.0209279 secs] [Times: user=0.03 sys=0.00, real=0.02 secs] 
1199.430: [GC (Allocation Failure) [PSYoungGen: 417133K->184590K(465920K)] 1315727K->1083602K(1447936K), 0.0206662 secs] [Times: user=0.03 sys=0.00, real=0.02 secs] 
1200.453: [GC (Allocation Failure) [PSYoungGen: 409756K->92512K(465920K)] 1308767K->991668K(1447936K), 0.0138069 secs] [Times: user=0.03 sys=0.00, real=0.01 secs] 
1202.373: [GC (Allocation Failure) [PSYoungGen: 325472K->37491K(465920K)] 1224628K->936955K(1447936K), 0.0082617 secs] [Times: user=0.02 sys=0.00, real=0.01 secs] 
1202.686: [GC (Allocation Failure) [PSYoungGen: 270451K->184141K(465920K)] 1169915K->1084842K(1447936K), 0.0208139 secs] [Times: user=0.03 sys=0.00, real=0.02 secs] 
1202.971: [GC (Allocation Failure) [PSYoungGen: 417101K->184526K(465920K)] 1317802K->1085501K(1447936K), 0.0207052 secs] [Times: user=0.03 sys=0.00, real=0.02 secs] 
1204.451: [GC (Allocation Failure) [PSYoungGen: 408109K->92544K(465920K)] 1309084K->993784K(1447936K), 0.0143079 secs] [Times: user=0.03 sys=0.00, real=0.01 secs] 
1206.569: [GC (Allocation Failure) [PSYoungGen: 325504K->37299K(465920K)] 1226744K->938836K(1447936K), 0.0075938 secs] [Times: user=0.02 sys=0.00, real=0.00 secs] 
1206.867: [GC (Allocation Failure) [PSYoungGen: 270259K->184462K(465920K)] 1171796K->1087253K(1447936K), 0.0206827 secs] [Times: user=0.03 sys=0.00, real=0.03 secs] 
1207.153: [GC (Allocation Failure) [PSYoungGen: 417422K->184526K(465920K)] 1320213K->1087590K(1447936K), 0.0207338 secs] [Times: user=0.03 sys=0.00, real=0.02 secs] 
1208.681: [GC (Allocation Failure) [PSYoungGen: 408120K->92351K(465920K)] 1311184K->995680K(1447936K), 0.0285117 secs] [Times: user=0.06 sys=0.00, real=0.03 secs] 
1210.764: [GC (Allocation Failure) [PSYoungGen: 325311K->37874K(465920K)] 1228640K->941505K(1447936K), 0.0076048 secs] [Times: user=0.02 sys=0.00, real=0.01 secs] 
1211.057: [GC (Allocation Failure) [PSYoungGen: 270834K->184430K(465920K)] 1174465K->1089314K(1447936K), 0.0208802 secs] [Times: user=0.03 sys=0.00, real=0.03 secs] 
1211.345: [GC (Allocation Failure) [PSYoungGen: 417390K->184365K(465920K)] 1322274K->1089523K(1447936K), 0.0208832 secs] [Times: user=0.03 sys=0.00, real=0.02 secs] 
1212.044: [GC (Allocation Failure) [PSYoungGen: 409413K->92126K(465920K)] 1314571K->997677K(1447936K), 0.0135569 secs] [Times: user=0.03 sys=0.00, real=0.02 secs] 
1212.913: [GC (Allocation Failure) [PSYoungGen: 325086K->38002K(465920K)] 1230637K->943733K(1447936K), 0.0060849 secs] [Times: user=0.01 sys=0.00, real=0.01 secs] 
1213.238: [GC (Allocation Failure) [PSYoungGen: 270962K->184687K(465920K)] 1176693K->1091663K(1447936K), 0.0208600 secs] [Times: user=0.03 sys=0.00, real=0.02 secs] 
1213.528: [GC (Allocation Failure) [PSYoungGen: 417647K->184366K(465920K)] 1324623K->1091615K(1447936K), 0.0206441 secs] [Times: user=0.03 sys=0.00, real=0.02 secs] 
1214.562: [GC (Allocation Failure) [PSYoungGen: 406827K->91580K(465920K)] 1314076K->999102K(1447936K), 0.0142843 secs] [Times: user=0.03 sys=0.00, real=0.01 secs] 
1216.680: [GC (Allocation Failure) [PSYoungGen: 324540K->37620K(465920K)] 1232062K->945458K(1447936K), 0.0083728 secs] [Times: user=0.03 sys=0.00, real=0.01 secs] 
1217.079: [GC (Allocation Failure) [PSYoungGen: 270580K->184687K(465920K)] 1178418K->1093770K(1447936K), 0.0209583 secs] [Times: user=0.03 sys=0.00, real=0.02 secs] 
1217.367: [GC (Allocation Failure) [PSYoungGen: 417647K->184398K(465920K)] 1326730K->1093754K(1447936K), 0.0207547 secs] [Times: user=0.03 sys=0.00, real=0.03 secs] 
1218.886: [GC (Allocation Failure) [PSYoungGen: 409441K->91966K(465920K)] 1318798K->1001587K(1447936K), 0.0207871 secs] [Times: user=0.04 sys=0.00, real=0.02 secs] 
1220.303: [GC (Allocation Failure) [PSYoungGen: 324926K->37877K(465920K)] 1234547K->947793K(1447936K), 0.0074288 secs] [Times: user=0.02 sys=0.00, real=0.01 secs] 
1220.667: [GC (Allocation Failure) [PSYoungGen: 270837K->184430K(465920K)] 1180753K->1095591K(1447936K), 0.0208736 secs] [Times: user=0.03 sys=0.00, real=0.03 secs] 
1220.950: [GC (Allocation Failure) [PSYoungGen: 417390K->184719K(465920K)] 1328551K->1096290K(1447936K), 0.0207701 secs] [Times: user=0.03 sys=0.00, real=0.02 secs] 
1222.826: [GC (Allocation Failure) [PSYoungGen: 407517K->91709K(465920K)] 1319088K->1003416K(1447936K), 0.0127015 secs] [Times: user=0.03 sys=0.00, real=0.02 secs] 
1223.934: [GC (Allocation Failure) [PSYoungGen: 324669K->37716K(465920K)] 1236376K->949726K(1447936K), 0.0059443 secs] [Times: user=0.01 sys=0.00, real=0.01 secs] 
1224.204: [GC (Allocation Failure) [PSYoungGen: 270676K->184944K(465920K)] 1182686K->1098199K(1447936K), 0.0208302 secs] [Times: user=0.03 sys=0.00, real=0.02 secs] 
1224.487: [GC (Allocation Failure) [PSYoungGen: 417904K->184237K(465920K)] 1331159K->1097765K(1447936K), 0.0204917 secs] [Times: user=0.03 sys=0.00, real=0.02 secs] 
1225.289: [GC (Allocation Failure) [PSYoungGen: 406827K->91725K(465920K)] 1320355K->1005646K(1447936K), 0.0124272 secs] [Times: user=0.03 sys=0.01, real=0.01 secs] 
1226.296: [GC (Allocation Failure) [PSYoungGen: 324685K->37845K(465920K)] 1238606K->951952K(1447936K), 0.0064655 secs] [Times: user=0.02 sys=0.00, real=0.01 secs] 
1226.635: [GC (Allocation Failure) [PSYoungGen: 270805K->184687K(465920K)] 1184912K->1100039K(1447936K), 0.0207075 secs] [Times: user=0.03 sys=0.01, real=0.02 secs] 
1226.918: [GC (Allocation Failure) [PSYoungGen: 417647K->184687K(465920K)] 1332999K->1100441K(1447936K), 0.0207800 secs] [Times: user=0.03 sys=0.00, real=0.02 secs] 
1229.171: [GC (Allocation Failure) [PSYoungGen: 407163K->91516K(465920K)] 1322918K->1007535K(1447936K), 0.0183039 secs] [Times: user=0.04 sys=0.00, real=0.02 secs] 
1230.665: [GC (Allocation Failure) [PSYoungGen: 324476K->37745K(465920K)] 1240495K->953952K(1447936K), 0.0059644 secs] [Times: user=0.01 sys=0.00, real=0.01 secs] 
1230.995: [GC (Allocation Failure) [PSYoungGen: 270705K->183787K(465920K)] 1186912K->1101239K(1447936K), 0.0209023 secs] [Times: user=0.03 sys=0.00, real=0.02 secs] 
1231.278: [GC (Allocation Failure) [PSYoungGen: 416747K->184430K(465920K)] 1334199K->1102155K(1447936K), 0.0207566 secs] [Times: user=0.02 sys=0.00, real=0.02 secs] 
1232.869: [GC (Allocation Failure) [PSYoungGen: 409657K->92801K(465920K)] 1327383K->1010791K(1447936K), 0.0239604 secs] [Times: user=0.06 sys=0.00, real=0.02 secs] 
1234.455: [GC (Allocation Failure) [PSYoungGen: 325761K->37716K(465920K)] 1243751K->956030K(1447936K), 0.0071461 secs] [Times: user=0.02 sys=0.00, real=0.01 secs] 
1234.736: [GC (Allocation Failure) [PSYoungGen: 270676K->184687K(465920K)] 1188990K->1104247K(1447936K), 0.0207548 secs] [Times: user=0.03 sys=0.00, real=0.02 secs] 
1235.026: [GC (Allocation Failure) [PSYoungGen: 417647K->184687K(465920K)] 1337207K->1104648K(1447936K), 0.0206195 secs] [Times: user=0.03 sys=0.00, real=0.02 secs] 
1236.425: [GC (Allocation Failure) [PSYoungGen: 407375K->91612K(465920K)] 1327337K->1011839K(1447936K), 0.0179509 secs] [Times: user=0.04 sys=0.00, real=0.02 secs] 
1238.015: [GC (Allocation Failure) [PSYoungGen: 324572K->37748K(465920K)] 1244799K->958162K(1447936K), 0.0072127 secs] [Times: user=0.02 sys=0.00, real=0.01 secs] 
1238.367: [GC (Allocation Failure) [PSYoungGen: 270708K->183787K(465920K)] 1191122K->1105447K(1447936K), 0.0208074 secs] [Times: user=0.03 sys=0.00, real=0.03 secs] 
1238.650: [GC (Allocation Failure) [PSYoungGen: 416747K->184430K(465920K)] 1338407K->1106362K(1447936K), 0.0206857 secs] [Times: user=0.03 sys=0.00, real=0.02 secs] 
1239.549: [GC (Allocation Failure) [PSYoungGen: 409705K->92785K(465920K)] 1331638K->1014983K(1447936K), 0.0125509 secs] [Times: user=0.03 sys=0.00, real=0.01 secs] 
1240.663: [GC (Allocation Failure) [PSYoungGen: 325745K->37845K(465920K)] 1247943K->960358K(1447936K), 0.0078695 secs] [Times: user=0.02 sys=0.00, real=0.01 secs] 
1240.963: [GC (Allocation Failure) [PSYoungGen: 270805K->184719K(465920K)] 1193318K->1108486K(1447936K), 0.0207967 secs] [Times: user=0.03 sys=0.00, real=0.02 secs] 
1241.248: [GC (Allocation Failure) [PSYoungGen: 417679K->184687K(465920K)] 1341446K->1108855K(1447936K), 0.0208841 secs] [Times: user=0.03 sys=0.00, real=0.02 secs] 
1242.193: [GC (Allocation Failure) [PSYoungGen: 407127K->91452K(465920K)] 1331296K->1015885K(1447936K), 0.0123130 secs] [Times: user=0.02 sys=0.00, real=0.01 secs] 
1243.702: [GC (Allocation Failure) [PSYoungGen: 324412K->37491K(465920K)] 1248845K->962112K(1447936K), 0.0070240 secs] [Times: user=0.02 sys=0.00, real=0.01 secs] 
1244.049: [GC (Allocation Failure) [PSYoungGen: 270451K->183787K(465920K)] 1195072K->1109662K(1447936K), 0.0207987 secs] [Times: user=0.03 sys=0.00, real=0.02 secs] 
1244.334: [GC (Allocation Failure) [PSYoungGen: 416747K->184494K(465920K)] 1342622K->1110642K(1447936K), 0.0208684 secs] [Times: user=0.03 sys=0.00, real=0.02 secs] 
1245.002: [GC (Allocation Failure) [PSYoungGen: 409785K->93010K(465920K)] 1335933K->1019431K(1447936K), 0.0125935 secs] [Times: user=0.03 sys=0.00, real=0.01 secs] 
1245.901: [GC (Allocation Failure) [PSYoungGen: 325970K->38102K(465920K)] 1252391K->964831K(1447936K), 0.0070911 secs] [Times: user=0.02 sys=0.00, real=0.01 secs] 
1246.251: [GC (Allocation Failure) [PSYoungGen: 271062K->184269K(465920K)] 1197791K->1112244K(1447936K), 0.0207735 secs] [Times: user=0.03 sys=0.00, real=0.02 secs] 
1246.535: [GC (Allocation Failure) [PSYoungGen: 417229K->184655K(465920K)] 1345204K->1112902K(1447936K), 0.0209445 secs] [Times: user=0.03 sys=0.00, real=0.02 secs] 
1247.430: [GC (Allocation Failure) [PSYoungGen: 407212K->91612K(465920K)] 1335460K->1020125K(1447936K), 0.0141527 secs] [Times: user=0.04 sys=0.00, real=0.01 secs] 
1248.878: [GC (Allocation Failure) [PSYoungGen: 324572K->37748K(465920K)] 1253085K->966569K(1447936K), 0.0076887 secs] [Times: user=0.02 sys=0.00, real=0.00 secs] 
1249.254: [GC (Allocation Failure) [PSYoungGen: 270708K->183819K(465920K)] 1199529K->1113886K(1447936K), 0.0208678 secs] [Times: user=0.03 sys=0.00, real=0.02 secs] 
1249.537: [GC (Allocation Failure) [PSYoungGen: 416779K->184398K(465920K)] 1346846K->1114874K(1447936K), 0.0207842 secs] [Times: user=0.03 sys=0.00, real=0.03 secs] 
1251.049: [GC (Allocation Failure) [PSYoungGen: 409506K->92737K(465920K)] 1339982K->1023478K(1447936K), 0.0177343 secs] [Times: user=0.04 sys=0.00, real=0.01 secs] 
1253.105: [GC (Allocation Failure) [PSYoungGen: 325697K->37716K(465920K)] 1256438K->968621K(1447936K), 0.0081844 secs] [Times: user=0.02 sys=0.00, real=0.01 secs] 
1253.420: [GC (Allocation Failure) [PSYoungGen: 270676K->184687K(465920K)] 1201581K->1116829K(1447936K), 0.0207391 secs] [Times: user=0.03 sys=0.00, real=0.02 secs] 
1253.705: [GC (Allocation Failure) [PSYoungGen: 417647K->184687K(465920K)] 1349789K->1117231K(1447936K), 0.0208679 secs] [Times: user=0.02 sys=0.00, real=0.02 secs] 
1254.909: [GC (Allocation Failure) [PSYoungGen: 407375K->91580K(465920K)] 1339919K->1024389K(1447936K), 0.0127249 secs] [Times: user=0.03 sys=0.00, real=0.01 secs] 
1255.924: [GC (Allocation Failure) [PSYoungGen: 324540K->38005K(465920K)] 1257349K->970994K(1447936K), 0.0070738 secs] [Times: user=0.02 sys=0.00, real=0.01 secs] 
1256.202: [GC (Allocation Failure) [PSYoungGen: 270965K->183787K(465920K)] 1203954K->1118021K(1447936K), 0.0208815 secs] [Times: user=0.03 sys=0.00, real=0.02 secs] 
1256.547: [GC (Allocation Failure) [PSYoungGen: 416747K->184366K(465920K)] 1350981K->1119001K(1447936K), 0.0207938 secs] [Times: user=0.03 sys=0.00, real=0.02 secs] 
1257.422: [GC (Allocation Failure) [PSYoungGen: 409605K->92560K(465920K)] 1344241K->1027476K(1447936K), 0.0132934 secs] [Times: user=0.03 sys=0.00, real=0.01 secs] 
1258.396: [GC (Allocation Failure) [PSYoungGen: 325520K->37845K(465920K)] 1260436K->972947K(1447936K), 0.0092350 secs] [Times: user=0.02 sys=0.00, real=0.01 secs] 
1258.747: [GC (Allocation Failure) [PSYoungGen: 270805K->184687K(465920K)] 1205907K->1121026K(1447936K), 0.0208133 secs] [Times: user=0.03 sys=0.00, real=0.03 secs] 
1259.030: [GC (Allocation Failure) [PSYoungGen: 417647K->184526K(465920K)] 1353986K->1121275K(1447936K), 0.0208588 secs] [Times: user=0.03 sys=0.00, real=0.02 secs] 
1259.728: [GC (Allocation Failure) [PSYoungGen: 406990K->91580K(465920K)] 1343739K->1028482K(1447936K), 0.0131933 secs] [Times: user=0.03 sys=0.00, real=0.01 secs] 
1260.723: [GC (Allocation Failure) [PSYoungGen: 324540K->37845K(465920K)] 1261442K->975054K(1447936K), 0.0062460 secs] [Times: user=0.01 sys=0.00, real=0.01 secs] 
1261.058: [GC (Allocation Failure) [PSYoungGen: 270805K->183626K(465920K)] 1208014K->1122090K(1447936K), 0.0208618 secs] [Times: user=0.03 sys=0.00, real=0.02 secs] 
1261.403: [GC (Allocation Failure) [PSYoungGen: 416586K->184590K(465920K)] 1355050K->1123335K(1447936K), 0.0206159 secs] [Times: user=0.03 sys=0.00, real=0.02 secs] 
1264.625: [GC (Allocation Failure) [PSYoungGen: 410156K->92640K(465920K)] 1348900K->1031658K(1447936K), 0.0169492 secs] [Times: user=0.04 sys=0.00, real=0.02 secs] 
1265.443: [GC (Allocation Failure) [PSYoungGen: 325600K->38131K(465920K)] 1264618K->977456K(1447936K), 0.0061001 secs] [Times: user=0.02 sys=0.00, real=0.01 secs] 
1265.715: [GC (Allocation Failure) [PSYoungGen: 271091K->184526K(465920K)] 1210416K->1125225K(1447936K), 0.0207461 secs] [Times: user=0.03 sys=0.00, real=0.02 secs] 
1266.005: [GC (Allocation Failure) [PSYoungGen: 417486K->184687K(465920K)] 1358185K->1125530K(1447936K), 0.0206969 secs] [Times: user=0.03 sys=0.00, real=0.02 secs] 
1267.191: [GC (Allocation Failure) [PSYoungGen: 407258K->91387K(465920K)] 1348102K->1032496K(1447936K), 0.0134344 secs] [Times: user=0.03 sys=0.00, real=0.01 secs] 
1268.081: [GC (Allocation Failure) [PSYoungGen: 324347K->38262K(465920K)] 1265456K->979679K(1447936K), 0.0060977 secs] [Times: user=0.01 sys=0.00, real=0.00 secs] 
1268.350: [GC (Allocation Failure) [PSYoungGen: 271222K->184687K(465920K)] 1212639K->1127470K(1447936K), 0.0206480 secs] [Times: user=0.03 sys=0.00, real=0.02 secs] 
1268.634: [GC (Allocation Failure) [PSYoungGen: 417647K->184687K(465920K)] 1360430K->1127614K(1447936K), 0.0206825 secs] [Times: user=0.03 sys=0.00, real=0.02 secs] 
1270.552: [GC (Allocation Failure) [PSYoungGen: 407026K->91066K(465920K)] 1349954K->1034259K(1447936K), 0.0283893 secs] [Times: user=0.07 sys=0.00, real=0.03 secs] 
1272.767: [GC (Allocation Failure) [PSYoungGen: 324026K->37973K(465920K)] 1267219K->981474K(1447936K), 0.0075516 secs] [Times: user=0.02 sys=0.00, real=0.01 secs] 
1273.134: [GC (Allocation Failure) [PSYoungGen: 270933K->184687K(465920K)] 1214434K->1129561K(1447936K), 0.0209383 secs] [Times: user=0.03 sys=0.00, real=0.02 secs] 
1273.418: [GC (Allocation Failure) [PSYoungGen: 417647K->184655K(465920K)] 1362521K->1129674K(1447936K), 0.0207202 secs] [Times: user=0.03 sys=0.00, real=0.02 secs] 
1275.044: [GC (Allocation Failure) [PSYoungGen: 407219K->91355K(465920K)] 1352238K->1036639K(1447936K), 0.0152756 secs] [Times: user=0.03 sys=0.00, real=0.02 secs] 
1276.331: [GC (Allocation Failure) [PSYoungGen: 324315K->37585K(465920K)] 1269599K->983175K(1447936K), 0.0072676 secs] [Times: user=0.01 sys=0.00, real=0.01 secs] 
1276.612: [GC (Allocation Failure) [PSYoungGen: 270545K->183948K(465920K)] 1216135K->1130791K(1447936K), 0.0208688 secs] [Times: user=0.03 sys=0.00, real=0.02 secs] 
1276.897: [GC (Allocation Failure) [PSYoungGen: 416908K->184783K(465920K)] 1363751K->1131908K(1447936K), 0.0209211 secs] [Times: user=0.03 sys=0.00, real=0.03 secs] 
1278.471: [GC (Allocation Failure) [PSYoungGen: 410095K->92383K(465920K)] 1357219K->1039909K(1447936K), 0.0186352 secs] [Times: user=0.04 sys=0.00, real=0.02 secs] 
1280.835: [GC (Allocation Failure) [PSYoungGen: 325343K->37652K(465920K)] 1272869K->985365K(1447936K), 0.0076828 secs] [Times: user=0.02 sys=0.00, real=0.01 secs] 
1281.196: [GC (Allocation Failure) [PSYoungGen: 270612K->184526K(465920K)] 1218325K->1133493K(1447936K), 0.0208285 secs] [Times: user=0.03 sys=0.00, real=0.02 secs] 
1281.484: [GC (Allocation Failure) [PSYoungGen: 417486K->184301K(465920K)] 1366453K->1133541K(1447936K), 0.0206595 secs] [Times: user=0.03 sys=0.00, real=0.02 secs] 
1282.965: [GC (Allocation Failure) [PSYoungGen: 409189K->92175K(465920K)] 1358429K->1041680K(1447936K), 0.0201475 secs] [Times: user=0.04 sys=0.00, real=0.02 secs] 
1285.501: [GC (Allocation Failure) [PSYoungGen: 325135K->37459K(465920K)] 1274640K->987280K(1447936K), 0.0082071 secs] [Times: user=0.02 sys=0.00, real=0.01 secs] 
1285.811: [GC (Allocation Failure) [PSYoungGen: 270419K->184558K(465920K)] 1220240K->1135625K(1447936K), 0.0208492 secs] [Times: user=0.03 sys=0.00, real=0.02 secs] 
1286.096: [GC (Allocation Failure) [PSYoungGen: 417518K->184558K(465920K)] 1368585K->1136026K(1447936K), 0.0209153 secs] [Times: user=0.03 sys=0.00, real=0.02 secs] 
1287.392: [GC (Allocation Failure) [PSYoungGen: 407568K->92158K(465920K)] 1359036K->1043771K(1447936K), 0.0126491 secs] [Times: user=0.03 sys=0.00, real=0.01 secs] 
1289.146: [GC (Allocation Failure) [PSYoungGen: 325118K->37491K(465920K)] 1276731K->989403K(1447936K), 0.0076699 secs] [Times: user=0.02 sys=0.00, real=0.01 secs] 
1289.445: [GC (Allocation Failure) [PSYoungGen: 270451K->184687K(465920K)] 1222363K->1137853K(1447936K), 0.0208680 secs] [Times: user=0.03 sys=0.00, real=0.02 secs] 
1289.786: [GC (Allocation Failure) [PSYoungGen: 417647K->183690K(465920K)] 1370813K->1137130K(1447936K), 0.0207871 secs] [Times: user=0.03 sys=0.00, real=0.02 secs] 
1290.517: [GC (Allocation Failure) [PSYoungGen: 409289K->92913K(465920K)] 1362728K->1046625K(1447936K), 0.0130750 secs] [Times: user=0.03 sys=0.00, real=0.02 secs] 
1291.963: [GC (Allocation Failure) [PSYoungGen: 325873K->37745K(465920K)] 1279585K->991755K(1447936K), 0.0075828 secs] [Times: user=0.02 sys=0.00, real=0.01 secs] 
1292.255: [GC (Allocation Failure) [PSYoungGen: 270705K->184558K(465920K)] 1224715K->1139822K(1447936K), 0.0208032 secs] [Times: user=0.03 sys=0.00, real=0.02 secs] 
1292.593: [GC (Allocation Failure) [PSYoungGen: 417518K->184687K(465920K)] 1372782K->1140223K(1447936K), 0.0208069 secs] [Times: user=0.03 sys=0.00, real=0.02 secs] 
1293.260: [GC (Allocation Failure) [PSYoungGen: 407135K->91805K(465920K)] 1362672K->1047735K(1447936K), 0.0133156 secs] [Times: user=0.03 sys=0.00, real=0.01 secs] 
1294.112: [GC (Allocation Failure) [PSYoungGen: 324765K->38102K(465920K)] 1280695K->994217K(1447936K), 0.0060631 secs] [Times: user=0.02 sys=0.00, real=0.01 secs] 
1294.386: [GC (Allocation Failure) [PSYoungGen: 271062K->184687K(465920K)] 1227177K->1142039K(1447936K), 0.0206599 secs] [Times: user=0.03 sys=0.00, real=0.02 secs] 
1294.674: [GC (Allocation Failure) [PSYoungGen: 417647K->184687K(465920K)] 1374999K->1142313K(1447936K), 0.0207223 secs] [Times: user=0.03 sys=0.00, real=0.02 secs] 
1295.295: [GC (Allocation Failure) [PSYoungGen: 407109K->91178K(465920K)] 1364735K->1049077K(1447936K), 0.0113476 secs] [Times: user=0.03 sys=0.00, real=0.01 secs] 
1296.258: [GC (Allocation Failure) [PSYoungGen: 324138K->37973K(465920K)] 1282037K->996180K(1447936K), 0.0070967 secs] [Times: user=0.02 sys=0.00, real=0.00 secs] 
1296.537: [GC (Allocation Failure) [PSYoungGen: 270933K->183916K(465920K)] 1229140K->1143376K(1447936K), 0.0206279 secs] [Times: user=0.03 sys=0.00, real=0.02 secs] 
1296.826: [GC (Allocation Failure) [PSYoungGen: 416876K->184751K(465920K)] 1376336K->1144484K(1447936K), 0.0206480 secs] [Times: user=0.03 sys=0.00, real=0.02 secs] 
1298.756: [GC (Allocation Failure) [PSYoungGen: 410082K->91950K(465920K)] 1369815K->1052076K(1447936K), 0.0255188 secs] [Times: user=0.05 sys=0.00, real=0.03 secs] 
1300.408: [GC (Allocation Failure) [PSYoungGen: 324910K->37877K(465920K)] 1285036K->998191K(1447936K), 0.0081827 secs] [Times: user=0.02 sys=0.00, real=0.00 secs] 
1300.797: [GC (Allocation Failure) [PSYoungGen: 270837K->184558K(465920K)] 1231151K->1146126K(1447936K), 0.0206158 secs] [Times: user=0.03 sys=0.00, real=0.03 secs] 
1301.142: [GC (Allocation Failure) [PSYoungGen: 417518K->184301K(465920K)] 1379086K->1146142K(1447936K), 0.0207122 secs] [Times: user=0.03 sys=0.00, real=0.02 secs] 
1301.881: [GC (Allocation Failure) [PSYoungGen: 409174K->91966K(465920K)] 1371015K->1054080K(1447936K), 0.0129945 secs] [Times: user=0.03 sys=0.00, real=0.01 secs] 
1302.821: [GC (Allocation Failure) [PSYoungGen: 324926K->38005K(465920K)] 1287040K->1000425K(1447936K), 0.0061302 secs] [Times: user=0.01 sys=0.00, real=0.00 secs] 
1303.151: [GC (Allocation Failure) [PSYoungGen: 270965K->184526K(465920K)] 1233385K->1148320K(1447936K), 0.0208815 secs] [Times: user=0.03 sys=0.00, real=0.02 secs] 
1303.434: [GC (Allocation Failure) [PSYoungGen: 417486K->184462K(465920K)] 1381280K->1148400K(1447936K), 0.0207364 secs] [Times: user=0.03 sys=0.00, real=0.02 secs] 
1304.091: [GC (Allocation Failure) [PSYoungGen: 407220K->91725K(465920K)] 1371158K->1055936K(1447936K), 0.0128960 secs] [Times: user=0.03 sys=0.00, real=0.01 secs] 
1304.888: [GC (Allocation Failure) [PSYoungGen: 324685K->37973K(465920K)] 1288896K->1002506K(1447936K), 0.0059806 secs] [Times: user=0.01 sys=0.00, real=0.00 secs] 
1305.157: [GC (Allocation Failure) [PSYoungGen: 270933K->184687K(465920K)] 1235466K->1150466K(1447936K), 0.0207821 secs] [Times: user=0.03 sys=0.00, real=0.03 secs] 
1305.446: [GC (Allocation Failure) [PSYoungGen: 417647K->184655K(465920K)] 1383426K->1150707K(1447936K), 0.0206834 secs] [Times: user=0.03 sys=0.00, real=0.02 secs] 
1306.157: [GC (Allocation Failure) [PSYoungGen: 407203K->91387K(465920K)] 1373255K->1057704K(1447936K), 0.0119168 secs] [Times: user=0.03 sys=0.00, real=0.02 secs] 
1307.009: [GC (Allocation Failure) [PSYoungGen: 324347K->38002K(465920K)] 1290664K->1004645K(1447936K), 0.0060559 secs] [Times: user=0.01 sys=0.00, real=0.00 secs] 
1307.278: [GC (Allocation Failure) [PSYoungGen: 270962K->183916K(465920K)] 1237605K->1151804K(1447936K), 0.0207283 secs] [Times: user=0.03 sys=0.00, real=0.02 secs] 
1307.566: [GC (Allocation Failure) [PSYoungGen: 416876K->184430K(465920K)] 1384764K->1152591K(1447936K), 0.0206882 secs] [Times: user=0.03 sys=0.00, real=0.02 secs] 
1308.251: [GC (Allocation Failure) [PSYoungGen: 408146K->92351K(465920K)] 1376308K->1060778K(1447936K), 0.0118152 secs] [Times: user=0.02 sys=0.00, real=0.01 secs] 
1309.114: [GC (Allocation Failure) [PSYoungGen: 325311K->37877K(465920K)] 1293738K->1006611K(1447936K), 0.0060504 secs] [Times: user=0.02 sys=0.00, real=0.01 secs] 
1309.447: [GC (Allocation Failure) [PSYoungGen: 270837K->183787K(465920K)] 1239571K->1153783K(1447936K), 0.0207050 secs] [Times: user=0.03 sys=0.00, real=0.03 secs] 
1309.730: [GC (Allocation Failure) [PSYoungGen: 416747K->184301K(465920K)] 1386743K->1154699K(1447936K), 0.0208740 secs] [Times: user=0.03 sys=0.00, real=0.02 secs] 
1310.412: [GC (Allocation Failure) [PSYoungGen: 409561K->92785K(465920K)] 1379959K->1063327K(1447936K), 0.0128868 secs] [Times: user=0.03 sys=0.00, real=0.01 secs] 
1311.423: [GC (Allocation Failure) [PSYoungGen: 325745K->38005K(465920K)] 1296287K->1008855K(1447936K), 0.0061600 secs] [Times: user=0.02 sys=0.00, real=0.01 secs] 
1311.751: [GC (GCLocker Initiated GC) [PSYoungGen: 270965K->182887K(465920K)] 1241815K->1154983K(1447936K), 0.0207668 secs] [Times: user=0.03 sys=0.00, real=0.02 secs] 
1312.035: [GC (Allocation Failure) [PSYoungGen: 415847K->184398K(465920K)] 1389068K->1157892K(1447936K), 0.0205737 secs] [Times: user=0.02 sys=0.00, real=0.02 secs] 
1312.670: [GC (Allocation Failure) [PSYoungGen: 409479K->92544K(465920K)] 1382973K->1066174K(1447936K), 0.0127910 secs] [Times: user=0.03 sys=0.00, real=0.01 secs] 
1313.472: [GC (Allocation Failure) [PSYoungGen: 325504K->37973K(465920K)] 1299134K->1011817K(1447936K), 0.0061339 secs] [Times: user=0.01 sys=0.00, real=0.01 secs] 
1313.740: [GC (Allocation Failure) [PSYoungGen: 270933K->184173K(465920K)] 1244777K->1159262K(1447936K), 0.0208513 secs] [Times: user=0.03 sys=0.00, real=0.02 secs] 
1314.073: [GC (Allocation Failure) [PSYoungGen: 417133K->184912K(465920K)] 1392222K->1160283K(1447936K), 0.0210263 secs] [Times: user=0.03 sys=0.00, real=0.02 secs] 
1315.573: [GC (Allocation Failure) [PSYoungGen: 407826K->91676K(465920K)] 1383197K->1067320K(1447936K), 0.0157014 secs] [Times: user=0.03 sys=0.00, real=0.02 secs] 
1317.813: [GC (Allocation Failure) [PSYoungGen: 324636K->37845K(465920K)] 1300280K->1013804K(1447936K), 0.0087532 secs] [Times: user=0.02 sys=0.00, real=0.01 secs] 
1318.127: [GC (Allocation Failure) [PSYoungGen: 270805K->184558K(465920K)] 1246764K->1161763K(1447936K), 0.0210245 secs] [Times: user=0.03 sys=0.00, real=0.02 secs] 
1318.412: [GC (Allocation Failure) [PSYoungGen: 417518K->184333K(465920K)] 1394723K->1161811K(1447936K), 0.0207836 secs] [Times: user=0.03 sys=0.00, real=0.02 secs] 
1319.656: [GC (Allocation Failure) [PSYoungGen: 409246K->91998K(465920K)] 1386724K->1069741K(1447936K), 0.0176649 secs] [Times: user=0.04 sys=0.00, real=0.02 secs] 
1323.233: [GC (Allocation Failure) [PSYoungGen: 324958K->37845K(465920K)] 1302701K->1015888K(1447936K), 0.0085681 secs] [Times: user=0.02 sys=0.00, real=0.01 secs] 
1323.623: [GC (Allocation Failure) [PSYoungGen: 270805K->184558K(465920K)] 1248848K->1163847K(1447936K), 0.0209395 secs] [Times: user=0.03 sys=0.00, real=0.02 secs] 
1323.964: [GC (Allocation Failure) [PSYoungGen: 417518K->184655K(465920K)] 1396807K->1164216K(1447936K), 0.0209324 secs] [Times: user=0.03 sys=0.00, real=0.02 secs] 
1324.697: [GC (Allocation Failure) [PSYoungGen: 407369K->91596K(465920K)] 1386931K->1071551K(1447936K), 0.0130380 secs] [Times: user=0.03 sys=0.00, real=0.02 secs] 
1325.634: [GC (Allocation Failure) [PSYoungGen: 324556K->37973K(465920K)] 1304511K->1018114K(1447936K), 0.0060271 secs] [Times: user=0.02 sys=0.00, real=0.01 secs] 
1325.907: [GC (Allocation Failure) [PSYoungGen: 270933K->184719K(465920K)] 1251074K->1166113K(1447936K), 0.0207930 secs] [Times: user=0.03 sys=0.00, real=0.02 secs] 
1325.927: [Full GC (Ergonomics) [PSYoungGen: 184719K->0K(465920K)] [ParOldGen: 981394K->559318K(1017344K)] 1166113K->559318K(1483264K), [Metaspace: 55839K->55839K(1101824K)], 0.0565888 secs] [Times: user=0.24 sys=0.00, real=0.05 secs] 
1326.248: [GC (Allocation Failure) [PSYoungGen: 232960K->184687K(465920K)] 792278K->744005K(1483264K), 0.0201840 secs] [Times: user=0.03 sys=0.00, real=0.02 secs] 
1327.481: [GC (Allocation Failure) [PSYoungGen: 407247K->91355K(465920K)] 966565K->650970K(1483264K), 0.0144997 secs] [Times: user=0.02 sys=0.00, real=0.01 secs] 
1328.364: [GC (Allocation Failure) [PSYoungGen: 324315K->38291K(465920K)] 883930K->598212K(1483264K), 0.0054303 secs] [Times: user=0.01 sys=0.00, real=0.01 secs] 
1328.633: [GC (Allocation Failure) [PSYoungGen: 271251K->184687K(465920K)] 831172K->745853K(1483264K), 0.0201453 secs] [Times: user=0.03 sys=0.00, real=0.02 secs] 
1328.916: [GC (Allocation Failure) [PSYoungGen: 417647K->184655K(465920K)] 978813K->746102K(1483264K), 0.0202210 secs] [Times: user=0.03 sys=0.00, real=0.02 secs] 
1330.333: [GC (Allocation Failure) [PSYoungGen: 406988K->91114K(465920K)] 968435K->652835K(1483264K), 0.0248677 secs] [Times: user=0.05 sys=0.00, real=0.03 secs] 
1332.472: [GC (Allocation Failure) [PSYoungGen: 324074K->37588K(465920K)] 885795K->599622K(1483264K), 0.0075131 secs] [Times: user=0.02 sys=0.00, real=0.01 secs] 
1332.785: [GC (Allocation Failure) [PSYoungGen: 270548K->183948K(465920K)] 832582K->747236K(1483264K), 0.0202236 secs] [Times: user=0.02 sys=0.00, real=0.02 secs] 
1333.071: [GC (Allocation Failure) [PSYoungGen: 416908K->184430K(465920K)] 980196K->747999K(1483264K), 0.0203472 secs] [Times: user=0.03 sys=0.00, real=0.02 secs] 
1334.401: [GC (Allocation Failure) [PSYoungGen: 409642K->92769K(465920K)] 973211K->656603K(1483264K), 0.0188088 secs] [Times: user=0.04 sys=0.00, real=0.02 secs] 
1335.911: [GC (Allocation Failure) [PSYoungGen: 325729K->37716K(465920K)] 889563K->601848K(1483264K), 0.0066552 secs] [Times: user=0.02 sys=0.00, real=0.00 secs] 
1336.201: [GC (Allocation Failure) [PSYoungGen: 270676K->184687K(465920K)] 834808K->750064K(1483264K), 0.0201552 secs] [Times: user=0.03 sys=0.00, real=0.02 secs] 
1336.485: [GC (Allocation Failure) [PSYoungGen: 417647K->184687K(465920K)] 983024K->750466K(1483264K), 0.0202435 secs] [Times: user=0.03 sys=0.00, real=0.02 secs] 
1337.116: [GC (Allocation Failure) [PSYoungGen: 407375K->91612K(465920K)] 973154K->657664K(1483264K), 0.0111950 secs] [Times: user=0.02 sys=0.00, real=0.01 secs] 
1337.927: [GC (Allocation Failure) [PSYoungGen: 324572K->38005K(465920K)] 890624K->604237K(1483264K), 0.0067594 secs] [Times: user=0.01 sys=0.00, real=0.01 secs] 
1338.273: [GC (Allocation Failure) [PSYoungGen: 270965K->183948K(465920K)] 837197K->751425K(1483264K), 0.0202240 secs] [Times: user=0.03 sys=0.00, real=0.02 secs] 
1338.556: [GC (Allocation Failure) [PSYoungGen: 416908K->184462K(465920K)] 984385K->752340K(1483264K), 0.0202558 secs] [Times: user=0.03 sys=0.00, real=0.02 secs] 
1339.166: [GC (Allocation Failure) [PSYoungGen: 409731K->92335K(465920K)] 977609K->660351K(1483264K), 0.0119413 secs] [Times: user=0.02 sys=0.00, real=0.02 secs] 
1339.953: [GC (Allocation Failure) [PSYoungGen: 325295K->38005K(465920K)] 893311K->606336K(1483264K), 0.0054670 secs] [Times: user=0.01 sys=0.00, real=0.01 secs] 
1340.280: [GC (Allocation Failure) [PSYoungGen: 270965K->184719K(465920K)] 839296K->754295K(1483264K), 0.0204648 secs] [Times: user=0.02 sys=0.00, real=0.02 secs] 
1340.567: [GC (Allocation Failure) [PSYoungGen: 417679K->184398K(465920K)] 987255K->754247K(1483264K), 0.0200772 secs] [Times: user=0.02 sys=0.00, real=0.03 secs] 
1342.654: [GC (Allocation Failure) [PSYoungGen: 406863K->91628K(465920K)] 976712K->661751K(1483264K), 0.0167479 secs] [Times: user=0.03 sys=0.00, real=0.02 secs] 
1344.009: [GC (Allocation Failure) [PSYoungGen: 324588K->37845K(465920K)] 894711K->608275K(1483264K), 0.0062243 secs] [Times: user=0.02 sys=0.00, real=0.00 secs] 
1344.285: [GC (Allocation Failure) [PSYoungGen: 270805K->184687K(465920K)] 841235K->756363K(1483264K), 0.0201380 secs] [Times: user=0.03 sys=0.00, real=0.02 secs] 
1344.568: [GC (Allocation Failure) [PSYoungGen: 417647K->184430K(465920K)] 989323K->756379K(1483264K), 0.0200308 secs] [Times: user=0.03 sys=0.00, real=0.02 secs] 
1345.180: [GC (Allocation Failure) [PSYoungGen: 407165K->91741K(465920K)] 979114K->663963K(1483264K), 0.0104842 secs] [Times: user=0.02 sys=0.00, real=0.01 secs] 
1345.967: [GC (Allocation Failure) [PSYoungGen: 324701K->37973K(465920K)] 896923K->610505K(1483264K), 0.0053596 secs] [Times: user=0.01 sys=0.00, real=0.01 secs] 
1346.238: [GC (Allocation Failure) [PSYoungGen: 270933K->184687K(465920K)] 843465K->758593K(1483264K), 0.0201356 secs] [Times: user=0.03 sys=0.01, real=0.02 secs] 
1346.585: [GC (Allocation Failure) [PSYoungGen: 417647K->184687K(465920K)] 991553K->758729K(1483264K), 0.0203004 secs] [Times: user=0.02 sys=0.00, real=0.02 secs] 
1347.194: [GC (Allocation Failure) [PSYoungGen: 407239K->91307K(465920K)] 981282K->665615K(1483264K), 0.0120498 secs] [Times: user=0.03 sys=0.00, real=0.01 secs] 
1347.992: [GC (Allocation Failure) [PSYoungGen: 324267K->37973K(465920K)] 898575K->612586K(1483264K), 0.0053549 secs] [Times: user=0.01 sys=0.00, real=0.01 secs] 
1348.317: [GC (Allocation Failure) [PSYoungGen: 270933K->183948K(465920K)] 845546K->759814K(1483264K), 0.0202833 secs] [Times: user=0.02 sys=0.00, real=0.03 secs] 
1348.606: [GC (Allocation Failure) [PSYoungGen: 416908K->184430K(465920K)] 992774K->760570K(1483264K), 0.0204099 secs] [Times: user=0.02 sys=0.00, real=0.02 secs] 
1350.202: [GC (Allocation Failure) [PSYoungGen: 408187K->92303K(465920K)] 984327K->668716K(1483264K), 0.0205908 secs] [Times: user=0.04 sys=0.00, real=0.02 secs] 
1351.917: [GC (Allocation Failure) [PSYoungGen: 325263K->37716K(465920K)] 901676K->614445K(1483264K), 0.0070223 secs] [Times: user=0.02 sys=0.00, real=0.00 secs] 
1352.219: [GC (Allocation Failure) [PSYoungGen: 270676K->184430K(465920K)] 847405K->762404K(1483264K), 0.0202134 secs] [Times: user=0.03 sys=0.00, real=0.02 secs] 
1352.507: [GC (Allocation Failure) [PSYoungGen: 417390K->184301K(465920K)] 995364K->762548K(1483264K), 0.0202089 secs] [Times: user=0.03 sys=0.00, real=0.02 secs] 
1353.134: [GC (Allocation Failure) [PSYoungGen: 409349K->92223K(465920K)] 987596K->670864K(1483264K), 0.0106102 secs] [Times: user=0.02 sys=0.00, real=0.01 secs] 
1353.976: [GC (Allocation Failure) [PSYoungGen: 325183K->38005K(465920K)] 903824K->616839K(1483264K), 0.0056570 secs] [Times: user=0.01 sys=0.00, real=0.01 secs] 
1354.307: [GC (Allocation Failure) [PSYoungGen: 270965K->184719K(465920K)] 849799K->764806K(1483264K), 0.0204507 secs] [Times: user=0.02 sys=0.00, real=0.03 secs] 
1354.590: [GC (Allocation Failure) [PSYoungGen: 417679K->184655K(465920K)] 997766K->765015K(1483264K), 0.0202654 secs] [Times: user=0.03 sys=0.00, real=0.02 secs] 
1355.381: [GC (Allocation Failure) [PSYoungGen: 407207K->91355K(465920K)] 987568K->671981K(1483264K), 0.0116718 secs] [Times: user=0.02 sys=0.00, real=0.01 secs] 
1357.057: [GC (Allocation Failure) [PSYoungGen: 324315K->37588K(465920K)] 904941K->618529K(1483264K), 0.0069955 secs] [Times: user=0.02 sys=0.00, real=0.01 secs] 
1357.357: [GC (Allocation Failure) [PSYoungGen: 270548K->183916K(465920K)] 851489K->766103K(1483264K), 0.0202297 secs] [Times: user=0.03 sys=0.00, real=0.02 secs] 
1357.719: [GC (Allocation Failure) [PSYoungGen: 416876K->184462K(465920K)] 999063K->766922K(1483264K), 0.0202719 secs] [Times: user=0.03 sys=0.01, real=0.02 secs] 
1359.616: [GC (Allocation Failure) [PSYoungGen: 408308K->92769K(465920K)] 990768K->675494K(1483264K), 0.0131498 secs] [Times: user=0.03 sys=0.00, real=0.02 secs] 
1361.279: [GC (Allocation Failure) [PSYoungGen: 325729K->37459K(465920K)] 908454K->620492K(1483264K), 0.0066562 secs] [Times: user=0.02 sys=0.00, real=0.00 secs] 
1361.574: [GC (Allocation Failure) [PSYoungGen: 270419K->184590K(465920K)] 853452K->768869K(1483264K), 0.0203383 secs] [Times: user=0.03 sys=0.00, real=0.02 secs] 
1361.862: [GC (Allocation Failure) [PSYoungGen: 417550K->186357K(465920K)] 1001829K->770917K(1483264K), 0.0204145 secs] [Times: user=0.02 sys=0.00, real=0.02 secs] 
1362.772: [GC (Allocation Failure) [PSYoungGen: 407510K->90327K(465920K)] 992070K->675152K(1483264K), 0.0109942 secs] [Times: user=0.02 sys=0.00, real=0.01 secs] 
1363.606: [GC (Allocation Failure) [PSYoungGen: 323287K->38037K(465920K)] 908112K->623168K(1483264K), 0.0055496 secs] [Times: user=0.01 sys=0.00, real=0.01 secs] 
1363.876: [GC (Allocation Failure) [PSYoungGen: 270997K->186389K(465920K)] 856128K->772774K(1483264K), 0.0205747 secs] [Times: user=0.03 sys=0.00, real=0.02 secs] 
1364.167: [GC (Allocation Failure) [PSYoungGen: 419349K->186036K(465920K)] 1005734K->772694K(1483264K), 0.0205286 secs] [Times: user=0.03 sys=0.00, real=0.03 secs] 
1364.772: [GC (Allocation Failure) [PSYoungGen: 404957K->88302K(465920K)] 991615K->675225K(1483264K), 0.0102324 secs] [Times: user=0.02 sys=0.00, real=0.01 secs] 
1365.565: [GC (Allocation Failure) [PSYoungGen: 321262K->38002K(465920K)] 908185K->625240K(1483264K), 0.0054260 secs] [Times: user=0.01 sys=0.00, real=0.01 secs] 
1365.834: [GC (Allocation Failure) [PSYoungGen: 270962K->184430K(465920K)] 858200K->772913K(1483264K), 0.0206154 secs] [Times: user=0.03 sys=0.00, real=0.02 secs] 
1366.175: [GC (Allocation Failure) [PSYoungGen: 417390K->183819K(465920K)] 1005873K->772568K(1483264K), 0.0201552 secs] [Times: user=0.02 sys=0.00, real=0.02 secs] 
1366.810: [GC (Allocation Failure) [PSYoungGen: 409335K->92544K(465920K)] 998083K->681566K(1483264K), 0.0099354 secs] [Times: user=0.01 sys=0.00, real=0.01 secs] 
1367.672: [GC (Allocation Failure) [PSYoungGen: 325504K->38005K(465920K)] 914526K->627333K(1483264K), 0.0063908 secs] [Times: user=0.01 sys=0.00, real=0.01 secs] 
1367.953: [GC (Allocation Failure) [PSYoungGen: 270965K->184333K(465920K)] 860293K->774914K(1483264K), 0.0201910 secs] [Times: user=0.03 sys=0.00, real=0.02 secs] 
1368.295: [GC (Allocation Failure) [PSYoungGen: 417293K->184815K(465920K)] 1007874K->775669K(1483264K), 0.0204643 secs] [Times: user=0.03 sys=0.00, real=0.02 secs] 
1370.198: [GC (Allocation Failure) [PSYoungGen: 407856K->91612K(465920K)] 998711K->682731K(1483264K), 0.0238990 secs] [Times: user=0.05 sys=0.00, real=0.02 secs] 
1371.893: [GC (Allocation Failure) [PSYoungGen: 324572K->37845K(465920K)] 915691K->629272K(1483264K), 0.0068632 secs] [Times: user=0.02 sys=0.00, real=0.01 secs] 
1372.189: [GC (Allocation Failure) [PSYoungGen: 270805K->184558K(465920K)] 862232K->777231K(1483264K), 0.0201317 secs] [Times: user=0.03 sys=0.00, real=0.02 secs] 
1372.527: [GC (Allocation Failure) [PSYoungGen: 417518K->184687K(465920K)] 1010191K->777632K(1483264K), 0.0202569 secs] [Times: user=0.03 sys=0.00, real=0.02 secs] 
1373.957: [GC (Allocation Failure) [PSYoungGen: 407388K->91612K(465920K)] 1000334K->684951K(1483264K), 0.0185954 secs] [Times: user=0.04 sys=0.00, real=0.01 secs] 
1375.571: [GC (Allocation Failure) [PSYoungGen: 324572K->37716K(465920K)] 917911K->631235K(1483264K), 0.0073552 secs] [Times: user=0.02 sys=0.00, real=0.01 secs] 
1375.874: [GC (Allocation Failure) [PSYoungGen: 270676K->183787K(465920K)] 864195K->778551K(1483264K), 0.0201126 secs] [Times: user=0.03 sys=0.00, real=0.02 secs] 
1376.216: [GC (Allocation Failure) [PSYoungGen: 416747K->184430K(465920K)] 1011511K->779467K(1483264K), 0.0205544 secs] [Times: user=0.02 sys=0.00, real=0.02 secs] 
1377.147: [GC (Allocation Failure) [PSYoungGen: 409653K->92721K(465920K)] 1004690K->688023K(1483264K), 0.0125335 secs] [Times: user=0.03 sys=0.00, real=0.02 secs] 
1378.207: [GC (Allocation Failure) [PSYoungGen: 325681K->38002K(465920K)] 920983K->633610K(1483264K), 0.0056067 secs] [Times: user=0.01 sys=0.00, real=0.01 secs] 
1378.476: [GC (Allocation Failure) [PSYoungGen: 270962K->184687K(465920K)] 866570K->781540K(1483264K), 0.0202773 secs] [Times: user=0.02 sys=0.00, real=0.02 secs] 
1378.765: [GC (Allocation Failure) [PSYoungGen: 417647K->184623K(465920K)] 1014500K->781886K(1483264K), 0.0202018 secs] [Times: user=0.03 sys=0.00, real=0.02 secs] 
1380.374: [GC (Allocation Failure) [PSYoungGen: 407087K->91355K(465920K)] 1004350K->688883K(1483264K), 0.0135055 secs] [Times: user=0.03 sys=0.00, real=0.02 secs] 
1382.041: [GC (Allocation Failure) [PSYoungGen: 324315K->37459K(465920K)] 921843K->635166K(1483264K), 0.0064864 secs] [Times: user=0.02 sys=0.00, real=0.01 secs] 
1382.397: [GC (Allocation Failure) [PSYoungGen: 270419K->183658K(465920K)] 868126K->782611K(1483264K), 0.0203148 secs] [Times: user=0.03 sys=0.01, real=0.02 secs] 
1382.684: [GC (Allocation Failure) [PSYoungGen: 416618K->184430K(465920K)] 1015571K->783663K(1483264K), 0.0201901 secs] [Times: user=0.03 sys=0.00, real=0.02 secs] 
1384.037: [GC (Allocation Failure) [PSYoungGen: 409537K->93122K(465920K)] 1008771K->692750K(1483264K), 0.0162704 secs] [Times: user=0.03 sys=0.00, real=0.02 secs] 
1385.616: [GC (Allocation Failure) [PSYoungGen: 326082K->37716K(465920K)] 925710K->637521K(1483264K), 0.0067693 secs] [Times: user=0.01 sys=0.00, real=0.01 secs] 
1385.910: [GC (Allocation Failure) [PSYoungGen: 270676K->184719K(465920K)] 870481K->785777K(1483264K), 0.0202937 secs] [Times: user=0.03 sys=0.00, real=0.02 secs] 
1386.196: [GC (Allocation Failure) [PSYoungGen: 417679K->184719K(465920K)] 1018737K->786186K(1483264K), 0.0203687 secs] [Times: user=0.02 sys=0.00, real=0.02 secs] 
1387.062: [GC (Allocation Failure) [PSYoungGen: 407418K->91612K(465920K)] 1008886K->693345K(1483264K), 0.0113422 secs] [Times: user=0.02 sys=0.00, real=0.01 secs] 
1388.088: [GC (Allocation Failure) [PSYoungGen: 324572K->37973K(465920K)] 926305K->639899K(1483264K), 0.0055692 secs] [Times: user=0.01 sys=0.00, real=0.00 secs] 
1388.356: [GC (Allocation Failure) [PSYoungGen: 270933K->183787K(465920K)] 872859K->786959K(1483264K), 0.0202134 secs] [Times: user=0.03 sys=0.00, real=0.02 secs] 
1388.645: [GC (Allocation Failure) [PSYoungGen: 416747K->184655K(465920K)] 1019919K->788107K(1483264K), 0.0201612 secs] [Times: user=0.03 sys=0.00, real=0.02 secs] 
1390.223: [GC (Allocation Failure) [PSYoungGen: 410110K->92255K(465920K)] 1013563K->695972K(1483264K), 0.0166361 secs] [Times: user=0.03 sys=0.00, real=0.02 secs] 
1391.621: [GC (Allocation Failure) [PSYoungGen: 325215K->38034K(465920K)] 928932K->642076K(1483264K), 0.0055991 secs] [Times: user=0.02 sys=0.00, real=0.00 secs] 
1391.890: [GC (Allocation Failure) [PSYoungGen: 270994K->184558K(465920K)] 875036K->789846K(1483264K), 0.0201524 secs] [Times: user=0.03 sys=0.00, real=0.02 secs] 
1392.173: [GC (Allocation Failure) [PSYoungGen: 417518K->184269K(465920K)] 1022806K->789838K(1483264K), 0.0202249 secs] [Times: user=0.03 sys=0.00, real=0.02 secs] 
1394.408: [GC (Allocation Failure) [PSYoungGen: 409144K->91837K(465920K)] 1014712K->697671K(1483264K), 0.0243636 secs] [Times: user=0.05 sys=0.00, real=0.02 secs] 
1395.891: [GC (Allocation Failure) [PSYoungGen: 324797K->37748K(465920K)] 930631K->643895K(1483264K), 0.0066224 secs] [Times: user=0.02 sys=0.00, real=0.01 secs] 
1396.174: [GC (Allocation Failure) [PSYoungGen: 270708K->184558K(465920K)] 876855K->791959K(1483264K), 0.0202784 secs] [Times: user=0.02 sys=0.00, real=0.02 secs] 
1396.464: [GC (Allocation Failure) [PSYoungGen: 417518K->184558K(465920K)] 1024919K->792369K(1483264K), 0.0202921 secs] [Times: user=0.03 sys=0.00, real=0.02 secs] 
1398.218: [GC (Allocation Failure) [PSYoungGen: 407054K->91869K(465920K)] 1014864K->699816K(1483264K), 0.0218064 secs] [Times: user=0.05 sys=0.00, real=0.02 secs] 
1400.180: [GC (Allocation Failure) [PSYoungGen: 324829K->37748K(465920K)] 932776K->646009K(1483264K), 0.0076063 secs] [Times: user=0.02 sys=0.00, real=0.00 secs] 
1400.499: [GC (Allocation Failure) [PSYoungGen: 270708K->184430K(465920K)] 878969K->794072K(1483264K), 0.0201727 secs] [Times: user=0.03 sys=0.00, real=0.02 secs] 
1400.787: [GC (Allocation Failure) [PSYoungGen: 417390K->184494K(465920K)] 1027032K->794281K(1483264K), 0.0202272 secs] [Times: user=0.03 sys=0.00, real=0.02 secs] 
1401.414: [GC (Allocation Failure) [PSYoungGen: 407563K->92014K(465920K)] 1017351K->702066K(1483264K), 0.0112193 secs] [Times: user=0.02 sys=0.00, real=0.01 secs] 
1402.338: [GC (Allocation Failure) [PSYoungGen: 324974K->37813K(465920K)] 935026K->648171K(1483264K), 0.0070679 secs] [Times: user=0.02 sys=0.00, real=0.00 secs] 
1402.688: [GC (Allocation Failure) [PSYoungGen: 270773K->184430K(465920K)] 881131K->796154K(1483264K), 0.0200711 secs] [Times: user=0.02 sys=0.00, real=0.02 secs] 
1402.970: [GC (Allocation Failure) [PSYoungGen: 417390K->184526K(465920K)] 1029114K->796395K(1483264K), 0.0202912 secs] [Times: user=0.03 sys=0.00, real=0.02 secs] 
1403.938: [GC (Allocation Failure) [PSYoungGen: 407075K->91869K(465920K)] 1018944K->704011K(1483264K), 0.0120073 secs] [Times: user=0.02 sys=0.00, real=0.01 secs] 
1405.444: [GC (Allocation Failure) [PSYoungGen: 324829K->37588K(465920K)] 936971K->650037K(1483264K), 0.0066989 secs] [Times: user=0.02 sys=0.00, real=0.01 secs] 
1405.735: [GC (Allocation Failure) [PSYoungGen: 270548K->184430K(465920K)] 882997K->798253K(1483264K), 0.0201621 secs] [Times: user=0.03 sys=0.00, real=0.02 secs] 
1406.019: [GC (Allocation Failure) [PSYoungGen: 417390K->184622K(465920K)] 1031213K->798590K(1483264K), 0.0202181 secs] [Times: user=0.03 sys=0.00, real=0.02 secs] 
1408.694: [GC (Allocation Failure) [PSYoungGen: 407676K->92110K(465920K)] 1021645K->706359K(1483264K), 0.0186473 secs] [Times: user=0.04 sys=0.00, real=0.02 secs] 
1410.963: [GC (Allocation Failure) [PSYoungGen: 325070K->37877K(465920K)] 939319K->652440K(1483264K), 0.0075896 secs] [Times: user=0.01 sys=0.00, real=0.01 secs] 
1411.271: [GC (Allocation Failure) [PSYoungGen: 270837K->184462K(465920K)] 885400K->800399K(1483264K), 0.0202471 secs] [Times: user=0.02 sys=0.00, real=0.02 secs] 
1411.558: [GC (Allocation Failure) [PSYoungGen: 417422K->184494K(465920K)] 1033359K->800576K(1483264K), 0.0203679 secs] [Times: user=0.03 sys=0.00, real=0.02 secs] 
1412.800: [GC (Allocation Failure) [PSYoungGen: 407043K->91901K(465920K)] 1023125K->708248K(1483264K), 0.0197208 secs] [Times: user=0.03 sys=0.00, real=0.02 secs] 
1414.101: [GC (Allocation Failure) [PSYoungGen: 324861K->37813K(465920K)] 941208K->654461K(1483264K), 0.0056667 secs] [Times: user=0.02 sys=0.00, real=0.00 secs] 
1414.431: [GC (Allocation Failure) [PSYoungGen: 270773K->184430K(465920K)] 887421K->802324K(1483264K), 0.0205596 secs] [Times: user=0.03 sys=0.00, real=0.02 secs] 
1414.713: [GC (Allocation Failure) [PSYoungGen: 417390K->184333K(465920K)] 1035284K->802500K(1483264K), 0.0203355 secs] [Times: user=0.02 sys=0.00, real=0.02 secs] 
1415.915: [GC (Allocation Failure) [PSYoungGen: 409373K->92094K(465920K)] 1027540K->710655K(1483264K), 0.0150780 secs] [Times: user=0.03 sys=0.00, real=0.02 secs] 
1418.703: [GC (Allocation Failure) [PSYoungGen: 325054K->37459K(465920K)] 943615K->656189K(1483264K), 0.0076736 secs] [Times: user=0.02 sys=0.00, real=0.01 secs] 
1419.089: [GC (Allocation Failure) [PSYoungGen: 270419K->184751K(465920K)] 889149K->804726K(1483264K), 0.0203144 secs] [Times: user=0.03 sys=0.00, real=0.02 secs] 
1419.375: [GC (Allocation Failure) [PSYoungGen: 417711K->184687K(465920K)] 1037686K->804943K(1483264K), 0.0204139 secs] [Times: user=0.02 sys=0.00, real=0.02 secs] 
1420.240: [GC (Allocation Failure) [PSYoungGen: 407234K->91789K(465920K)] 1027490K->712311K(1483264K), 0.0120209 secs] [Times: user=0.03 sys=0.00, real=0.01 secs] 
1421.094: [GC (Allocation Failure) [PSYoungGen: 324749K->38002K(465920K)] 945271K->658831K(1483264K), 0.0055287 secs] [Times: user=0.02 sys=0.00, real=0.01 secs] 
1421.363: [GC (Allocation Failure) [PSYoungGen: 270962K->184719K(465920K)] 891791K->806801K(1483264K), 0.0206006 secs] [Times: user=0.03 sys=0.00, real=0.02 secs] 
1421.649: [GC (Allocation Failure) [PSYoungGen: 417679K->184687K(465920K)] 1039761K->807042K(1483264K), 0.0202996 secs] [Times: user=0.03 sys=0.00, real=0.02 secs] 
1422.308: [GC (Allocation Failure) [PSYoungGen: 407238K->91371K(465920K)] 1029593K->713992K(1483264K), 0.0106323 secs] [Times: user=0.02 sys=0.00, real=0.01 secs] 
1423.134: [GC (Allocation Failure) [PSYoungGen: 324331K->37973K(465920K)] 946952K->660900K(1483264K), 0.0065595 secs] [Times: user=0.02 sys=0.00, real=0.01 secs] 
1423.474: [GC (Allocation Failure) [PSYoungGen: 270933K->183916K(465920K)] 893860K->808096K(1483264K), 0.0202564 secs] [Times: user=0.03 sys=0.00, real=0.02 secs] 
1423.757: [GC (Allocation Failure) [PSYoungGen: 416876K->184430K(465920K)] 1041056K->808883K(1483264K), 0.0202540 secs] [Times: user=0.02 sys=0.00, real=0.03 secs] 
1425.084: [GC (Allocation Failure) [PSYoungGen: 408156K->92383K(465920K)] 1032609K->717101K(1483264K), 0.0272881 secs] [Times: user=0.06 sys=0.00, real=0.03 secs] 
1426.820: [GC (Allocation Failure) [PSYoungGen: 325343K->37845K(465920K)] 950061K->662871K(1483264K), 0.0072077 secs] [Times: user=0.02 sys=0.00, real=0.00 secs] 
1427.120: [GC (Allocation Failure) [PSYoungGen: 270805K->184462K(465920K)] 895831K->810742K(1483264K), 0.0204003 secs] [Times: user=0.03 sys=0.00, real=0.02 secs] 
1427.408: [GC (Allocation Failure) [PSYoungGen: 417422K->184558K(465920K)] 1043702K->811119K(1483264K), 0.0204468 secs] [Times: user=0.02 sys=0.00, real=0.02 secs] 
1428.816: [GC (Allocation Failure) [PSYoungGen: 407102K->91869K(465920K)] 1033663K->718703K(1483264K), 0.0124093 secs] [Times: user=0.03 sys=0.00, real=0.02 secs] 
1430.415: [GC (Allocation Failure) [PSYoungGen: 324829K->37459K(465920K)] 951663K->664607K(1483264K), 0.0068574 secs] [Times: user=0.02 sys=0.00, real=0.01 secs] 
1430.710: [GC (Allocation Failure) [PSYoungGen: 270419K->184430K(465920K)] 897567K->812960K(1483264K), 0.0202781 secs] [Times: user=0.03 sys=0.00, real=0.02 secs] 
1430.993: [GC (Allocation Failure) [PSYoungGen: 417390K->184558K(465920K)] 1045920K->813233K(1483264K), 0.0203786 secs] [Times: user=0.03 sys=0.00, real=0.02 secs] 
1432.350: [GC (Allocation Failure) [PSYoungGen: 408121K->92287K(465920K)] 1036796K->721226K(1483264K), 0.0189219 secs] [Times: user=0.04 sys=0.00, real=0.02 secs] 
1434.107: [GC (Allocation Failure) [PSYoungGen: 325247K->37845K(465920K)] 954186K->667090K(1483264K), 0.0073416 secs] [Times: user=0.02 sys=0.00, real=0.01 secs] 
1434.414: [GC (Allocation Failure) [PSYoungGen: 270805K->184430K(465920K)] 900050K->815049K(1483264K), 0.0202561 secs] [Times: user=0.03 sys=0.00, real=0.02 secs] 
1434.697: [GC (Allocation Failure) [PSYoungGen: 417390K->184526K(465920K)] 1048009K->815290K(1483264K), 0.0202719 secs] [Times: user=0.03 sys=0.00, real=0.02 secs] 
1436.023: [GC (Allocation Failure) [PSYoungGen: 407067K->91869K(465920K)] 1037831K->722898K(1483264K), 0.0187640 secs] [Times: user=0.04 sys=0.00, real=0.02 secs] 
1437.727: [GC (Allocation Failure) [PSYoungGen: 324829K->37748K(465920K)] 955858K->669083K(1483264K), 0.0089218 secs] [Times: user=0.02 sys=0.00, real=0.01 secs] 
1438.078: [GC (Allocation Failure) [PSYoungGen: 270708K->184430K(465920K)] 902043K->817010K(1483264K), 0.0201701 secs] [Times: user=0.03 sys=0.00, real=0.02 secs] 
1438.366: [GC (Allocation Failure) [PSYoungGen: 417390K->184526K(465920K)] 1049970K->817379K(1483264K), 0.0202886 secs] [Times: user=0.03 sys=0.00, real=0.02 secs] 
1438.978: [GC (Allocation Failure) [PSYoungGen: 407580K->91998K(465920K)] 1040434K->725132K(1483264K), 0.0121712 secs] [Times: user=0.02 sys=0.00, real=0.01 secs] 
1440.308: [GC (Allocation Failure) [PSYoungGen: 324958K->37877K(465920K)] 958092K->671321K(1483264K), 0.0070536 secs] [Times: user=0.01 sys=0.00, real=0.00 secs] 
1440.606: [GC (Allocation Failure) [PSYoungGen: 270837K->184430K(465920K)] 904281K->819256K(1483264K), 0.0203010 secs] [Times: user=0.02 sys=0.00, real=0.02 secs] 
1440.889: [GC (Allocation Failure) [PSYoungGen: 417390K->184590K(465920K)] 1052216K->819561K(1483264K), 0.0202757 secs] [Times: user=0.03 sys=0.00, real=0.02 secs] 
1442.204: [GC (Allocation Failure) [PSYoungGen: 407137K->91869K(465920K)] 1042108K->727105K(1483264K), 0.0238272 secs] [Times: user=0.05 sys=0.00, real=0.03 secs] 
1443.534: [GC (Allocation Failure) [PSYoungGen: 324829K->37845K(465920K)] 960065K->673378K(1483264K), 0.0062739 secs] [Times: user=0.01 sys=0.00, real=0.01 secs] 
1443.808: [GC (Allocation Failure) [PSYoungGen: 270805K->184462K(465920K)] 906338K->821249K(1483264K), 0.0202973 secs] [Times: user=0.03 sys=0.00, real=0.02 secs] 
1444.091: [GC (Allocation Failure) [PSYoungGen: 417422K->184333K(465920K)] 1054209K->821393K(1483264K), 0.0204032 secs] [Times: user=0.03 sys=0.00, real=0.02 secs] 
1444.956: [GC (Allocation Failure) [PSYoungGen: 409381K->92126K(465920K)] 1046441K->729580K(1483264K), 0.0121480 secs] [Times: user=0.03 sys=0.00, real=0.02 secs] 
1445.781: [GC (Allocation Failure) [PSYoungGen: 325086K->38002K(465920K)] 962540K->675636K(1483264K), 0.0055987 secs] [Times: user=0.01 sys=0.00, real=0.00 secs] 
1446.050: [GC (Allocation Failure) [PSYoungGen: 270962K->184687K(465920K)] 908596K->823558K(1483264K), 0.0201667 secs] [Times: user=0.03 sys=0.00, real=0.02 secs] 
1446.334: [GC (Allocation Failure) [PSYoungGen: 417647K->184655K(465920K)] 1056518K->823807K(1483264K), 0.0203228 secs] [Times: user=0.03 sys=0.00, real=0.02 secs] 
1447.014: [GC (Allocation Failure) [PSYoungGen: 407199K->91323K(465920K)] 1046351K->730748K(1483264K), 0.0119541 secs] [Times: user=0.02 sys=0.00, real=0.01 secs] 
1447.904: [GC (Allocation Failure) [PSYoungGen: 324283K->38005K(465920K)] 963708K->677754K(1483264K), 0.0054866 secs] [Times: user=0.01 sys=0.00, real=0.01 secs] 
1448.178: [GC (Allocation Failure) [PSYoungGen: 270965K->184719K(465920K)] 910714K->825713K(1483264K), 0.0203405 secs] [Times: user=0.03 sys=0.00, real=0.02 secs] 
1448.469: [GC (Allocation Failure) [PSYoungGen: 417679K->184655K(465920K)] 1058673K->825922K(1483264K), 0.0204164 secs] [Times: user=0.03 sys=0.00, real=0.02 secs] 
1449.955: [GC (Allocation Failure) [PSYoungGen: 407236K->91387K(465920K)] 1048503K->732919K(1483264K), 0.0119875 secs] [Times: user=0.02 sys=0.00, real=0.01 secs] 
1451.263: [GC (Allocation Failure) [PSYoungGen: 324347K->37588K(465920K)] 965879K->679438K(1483264K), 0.0064265 secs] [Times: user=0.01 sys=0.01, real=0.01 secs] 
1451.541: [GC (Allocation Failure) [PSYoungGen: 270548K->183787K(465920K)] 912398K->826891K(1483264K), 0.0204369 secs] [Times: user=0.02 sys=0.00, real=0.02 secs] 
1451.828: [GC (Allocation Failure) [PSYoungGen: 416747K->184687K(465920K)] 1059851K->828063K(1483264K), 0.0201186 secs] [Times: user=0.02 sys=0.00, real=0.02 secs] 
1453.347: [GC (Allocation Failure) [PSYoungGen: 410239K->92640K(465920K)] 1053615K->736282K(1483264K), 0.0240899 secs] [Times: user=0.05 sys=0.00, real=0.03 secs] 
1455.722: [GC (Allocation Failure) [PSYoungGen: 325600K->37713K(465920K)] 969242K->681665K(1483264K), 0.0083067 secs] [Times: user=0.02 sys=0.00, real=0.01 secs] 
1456.050: [GC (Allocation Failure) [PSYoungGen: 270673K->184044K(465920K)] 914625K->829241K(1483264K), 0.0201047 secs] [Times: user=0.03 sys=0.00, real=0.02 secs] 
1456.333: [GC (Allocation Failure) [PSYoungGen: 417004K->184976K(465920K)] 1062201K->830446K(1483264K), 0.0206520 secs] [Times: user=0.03 sys=0.00, real=0.02 secs] 
1456.980: [GC (Allocation Failure) [PSYoungGen: 405690K->91998K(465920K)] 1051160K->737861K(1483264K), 0.0114218 secs] [Times: user=0.03 sys=0.00, real=0.01 secs] 
1457.868: [GC (Allocation Failure) [PSYoungGen: 324958K->37973K(465920K)] 970821K->684008K(1483264K), 0.0056474 secs] [Times: user=0.01 sys=0.00, real=0.00 secs] 
1458.193: [GC (Allocation Failure) [PSYoungGen: 270933K->186389K(465920K)] 916968K->833670K(1483264K), 0.0205625 secs] [Times: user=0.03 sys=0.00, real=0.02 secs] 
1458.487: [GC (Allocation Failure) [PSYoungGen: 419349K->186100K(465920K)] 1066630K->833654K(1483264K), 0.0204803 secs] [Times: user=0.03 sys=0.00, real=0.02 secs] 
1459.167: [GC (Allocation Failure) [PSYoungGen: 405447K->88270K(465920K)] 1053001K->736218K(1483264K), 0.0116965 secs] [Times: user=0.03 sys=0.00, real=0.02 secs] 
1460.002: [GC (Allocation Failure) [PSYoungGen: 321230K->38131K(465920K)] 969178K->686266K(1483264K), 0.0055719 secs] [Times: user=0.01 sys=0.00, real=0.01 secs] 
1460.270: [GC (Allocation Failure) [PSYoungGen: 271091K->184173K(465920K)] 919226K->833553K(1483264K), 0.0202638 secs] [Times: user=0.03 sys=0.00, real=0.02 secs] 
1460.554: [GC (Allocation Failure) [PSYoungGen: 417133K->184430K(465920K)] 1066513K->834212K(1483264K), 0.0202335 secs] [Times: user=0.03 sys=0.00, real=0.02 secs] 
1462.303: [GC (Allocation Failure) [PSYoungGen: 407540K->91966K(465920K)] 1057323K->741884K(1483264K), 0.0126557 secs] [Times: user=0.02 sys=0.00, real=0.01 secs] 
1465.278: [GC (Allocation Failure) [PSYoungGen: 324926K->36945K(465920K)] 974844K->687164K(1483264K), 0.0075927 secs] [Times: user=0.01 sys=0.00, real=0.00 secs] 
1465.597: [GC (Allocation Failure) [PSYoungGen: 269905K->184430K(465920K)] 920124K->835894K(1483264K), 0.0203168 secs] [Times: user=0.03 sys=0.00, real=0.02 secs] 
1465.943: [GC (Allocation Failure) [PSYoungGen: 417390K->184590K(465920K)] 1068854K->836328K(1483264K), 0.0203196 secs] [Times: user=0.03 sys=0.00, real=0.02 secs] 
1466.899: [GC (Allocation Failure) [PSYoungGen: 408290K->92801K(465920K)] 1060028K->744811K(1483264K), 0.0133663 secs] [Times: user=0.03 sys=0.00, real=0.01 secs] 
1469.243: [GC (Allocation Failure) [PSYoungGen: 325761K->37620K(465920K)] 977771K->689936K(1483264K), 0.0075408 secs] [Times: user=0.02 sys=0.00, real=0.01 secs] 
1469.552: [GC (Allocation Failure) [PSYoungGen: 270580K->184462K(465920K)] 922896K->838168K(1483264K), 0.0203377 secs] [Times: user=0.03 sys=0.00, real=0.02 secs] 
1469.836: [GC (Allocation Failure) [PSYoungGen: 417422K->184558K(465920K)] 1071128K->838409K(1483264K), 0.0205320 secs] [Times: user=0.02 sys=0.00, real=0.02 secs] 
1470.499: [GC (Allocation Failure) [PSYoungGen: 407614K->92094K(465920K)] 1061465K->746210K(1483264K), 0.0115671 secs] [Times: user=0.03 sys=0.00, real=0.01 secs] 
1471.423: [GC (Allocation Failure) [PSYoungGen: 325054K->38005K(465920K)] 979170K->692439K(1483264K), 0.0054606 secs] [Times: user=0.02 sys=0.00, real=0.01 secs] 
1471.750: [GC (Allocation Failure) [PSYoungGen: 270965K->183658K(465920K)] 925399K->839338K(1483264K), 0.0206210 secs] [Times: user=0.03 sys=0.00, real=0.02 secs] 
1472.034: [GC (Allocation Failure) [PSYoungGen: 416618K->184430K(465920K)] 1072298K->840374K(1483264K), 0.0204475 secs] [Times: user=0.02 sys=0.00, real=0.02 secs] 
1474.179: [GC (Allocation Failure) [PSYoungGen: 408485K->92640K(465920K)] 1064430K->748850K(1483264K), 0.0208091 secs] [Times: user=0.04 sys=0.01, real=0.02 secs] 
1475.215: [GC (Allocation Failure) [PSYoungGen: 325600K->38005K(465920K)] 981810K->694537K(1483264K), 0.0054859 secs] [Times: user=0.01 sys=0.00, real=0.01 secs] 
1475.486: [GC (Allocation Failure) [PSYoungGen: 270965K->184815K(465920K)] 927497K->842600K(1483264K), 0.0204122 secs] [Times: user=0.03 sys=0.00, real=0.02 secs] 
1475.770: [GC (Allocation Failure) [PSYoungGen: 417775K->184783K(465920K)] 1075560K->842841K(1483264K), 0.0203259 secs] [Times: user=0.03 sys=0.00, real=0.02 secs] 
1476.931: [GC (Allocation Failure) [PSYoungGen: 407671K->91130K(465920K)] 1065729K->749453K(1483264K), 0.0124098 secs] [Times: user=0.03 sys=0.00, real=0.01 secs] 
1478.317: [GC (Allocation Failure) [PSYoungGen: 324090K->37973K(465920K)] 982413K->696612K(1483264K), 0.0068719 secs] [Times: user=0.02 sys=0.00, real=0.01 secs] 
1478.612: [GC (Allocation Failure) [PSYoungGen: 270933K->184430K(465920K)] 929572K->844443K(1483264K), 0.0205126 secs] [Times: user=0.03 sys=0.00, real=0.02 secs] 
1478.901: [GC (Allocation Failure) [PSYoungGen: 417390K->184301K(465920K)] 1077403K->844451K(1483264K), 0.0204726 secs] [Times: user=0.02 sys=0.00, real=0.02 secs] 
1479.702: [GC (Allocation Failure) [PSYoungGen: 406888K->91982K(465920K)] 1067038K->752397K(1483264K), 0.0118470 secs] [Times: user=0.03 sys=0.00, real=0.01 secs] 
1480.894: [GC (Allocation Failure) [PSYoungGen: 324942K->37845K(465920K)] 985357K->698575K(1483264K), 0.0063864 secs] [Times: user=0.01 sys=0.00, real=0.01 secs] 
1481.171: [GC (Allocation Failure) [PSYoungGen: 270805K->184719K(465920K)] 931535K->846695K(1483264K), 0.0204097 secs] [Times: user=0.03 sys=0.00, real=0.02 secs] 
1481.454: [GC (Allocation Failure) [PSYoungGen: 417679K->184719K(465920K)] 1079655K->846968K(1483264K), 0.0203894 secs] [Times: user=0.03 sys=0.00, real=0.02 secs] 
1482.300: [GC (Allocation Failure) [PSYoungGen: 407271K->91420K(465920K)] 1069520K->753942K(1483264K), 0.0130916 secs] [Times: user=0.02 sys=0.00, real=0.01 secs] 
1483.356: [GC (Allocation Failure) [PSYoungGen: 324380K->37973K(465920K)] 986902K->700804K(1483264K), 0.0059563 secs] [Times: user=0.01 sys=0.00, real=0.01 secs] 
1483.624: [GC (Allocation Failure) [PSYoungGen: 270933K->183884K(465920K)] 933764K->847960K(1483264K), 0.0210849 secs] [Times: user=0.03 sys=0.00, real=0.02 secs] 
1483.908: [GC (Allocation Failure) [PSYoungGen: 416844K->184366K(465920K)] 1080920K->848715K(1483264K), 0.0204689 secs] [Times: user=0.03 sys=0.00, real=0.02 secs] 
1485.166: [GC (Allocation Failure) [PSYoungGen: 409578K->92351K(465920K)] 1073927K->756965K(1483264K), 0.0122626 secs] [Times: user=0.02 sys=0.00, real=0.02 secs] 
1486.033: [GC (Allocation Failure) [PSYoungGen: 325311K->37877K(465920K)] 989925K->702799K(1483264K), 0.0055532 secs] [Times: user=0.01 sys=0.00, real=0.01 secs] 
1486.301: [GC (Allocation Failure) [PSYoungGen: 270837K->184173K(465920K)] 935759K->850340K(1483264K), 0.0203355 secs] [Times: user=0.03 sys=0.00, real=0.02 secs] 
1486.586: [GC (Allocation Failure) [PSYoungGen: 417133K->184558K(465920K)] 1083300K->851127K(1483264K), 0.0207534 secs] [Times: user=0.02 sys=0.00, real=0.02 secs] 
1488.807: [GC (Allocation Failure) [PSYoungGen: 409716K->92094K(465920K)] 1076286K->758808K(1483264K), 0.0168257 secs] [Times: user=0.03 sys=0.00, real=0.02 secs] 
1490.842: [GC (Allocation Failure) [PSYoungGen: 325054K->37620K(465920K)] 991768K->704641K(1483264K), 0.0074016 secs] [Times: user=0.02 sys=0.00, real=0.01 secs] 
1491.152: [GC (Allocation Failure) [PSYoungGen: 270580K->184687K(465920K)] 937601K->852962K(1483264K), 0.0203519 secs] [Times: user=0.03 sys=0.00, real=0.02 secs] 
1491.436: [GC (Allocation Failure) [PSYoungGen: 417647K->184655K(465920K)] 1085922K->853203K(1483264K), 0.0201933 secs] [Times: user=0.03 sys=0.00, real=0.02 secs] 
1492.928: [GC (Allocation Failure) [PSYoungGen: 407477K->91773K(465920K)] 1076025K->760594K(1483264K), 0.0142866 secs] [Times: user=0.03 sys=0.00, real=0.01 secs] 
1494.690: [GC (Allocation Failure) [PSYoungGen: 324733K->37845K(465920K)] 993554K->706974K(1483264K), 0.0070838 secs] [Times: user=0.02 sys=0.00, real=0.00 secs] 
1494.982: [GC (Allocation Failure) [PSYoungGen: 270805K->184719K(465920K)] 939934K->855222K(1483264K), 0.0204252 secs] [Times: user=0.03 sys=0.00, real=0.02 secs] 
1495.267: [GC (Allocation Failure) [PSYoungGen: 417679K->184719K(465920K)] 1088182K->855367K(1483264K), 0.0203047 secs] [Times: user=0.03 sys=0.00, real=0.03 secs] 
1495.966: [GC (Allocation Failure) [PSYoungGen: 407274K->91516K(465920K)] 1077922K->762429K(1483264K), 0.0117581 secs] [Times: user=0.02 sys=0.00, real=0.02 secs] 
1497.031: [GC (Allocation Failure) [PSYoungGen: 324476K->37877K(465920K)] 995389K->709104K(1483264K), 0.0056171 secs] [Times: user=0.01 sys=0.01, real=0.00 secs] 
1497.299: [GC (Allocation Failure) [PSYoungGen: 270837K->183916K(465920K)] 942064K->856388K(1483264K), 0.0202384 secs] [Times: user=0.02 sys=0.00, real=0.02 secs] 
1497.588: [GC (Allocation Failure) [PSYoungGen: 416876K->184430K(465920K)] 1089348K->857175K(1483264K), 0.0202942 secs] [Times: user=0.02 sys=0.00, real=0.02 secs] 
1498.720: [GC (Allocation Failure) [PSYoungGen: 409652K->92512K(465920K)] 1082397K->765530K(1483264K), 0.0190879 secs] [Times: user=0.04 sys=0.01, real=0.02 secs] 
1500.038: [GC (Allocation Failure) [PSYoungGen: 325472K->38134K(465920K)] 998490K->711466K(1483264K), 0.0059860 secs] [Times: user=0.01 sys=0.00, real=0.00 secs] 
1500.308: [GC (Allocation Failure) [PSYoungGen: 271094K->184558K(465920K)] 944426K->859273K(1483264K), 0.0205412 secs] [Times: user=0.03 sys=0.00, real=0.02 secs] 
1500.591: [GC (Allocation Failure) [PSYoungGen: 417518K->184430K(465920K)] 1092233K->859289K(1483264K), 0.0202580 secs] [Times: user=0.02 sys=0.00, real=0.02 secs] 
1502.150: [GC (Allocation Failure) [PSYoungGen: 406917K->91612K(465920K)] 1081776K->766736K(1483264K), 0.0159792 secs] [Times: user=0.03 sys=0.00, real=0.01 secs] 
1504.102: [GC (Allocation Failure) [PSYoungGen: 324572K->37716K(465920K)] 999696K->713146K(1483264K), 0.0065851 secs] [Times: user=0.01 sys=0.00, real=0.01 secs] 
1504.388: [GC (Allocation Failure) [PSYoungGen: 270676K->184719K(465920K)] 946106K->861523K(1483264K), 0.0202483 secs] [Times: user=0.03 sys=0.00, real=0.02 secs] 
1504.672: [GC (Allocation Failure) [PSYoungGen: 417679K->184687K(465920K)] 1094483K->861635K(1483264K), 0.0203629 secs] [Times: user=0.03 sys=0.00, real=0.02 secs] 
1506.231: [GC (Allocation Failure) [PSYoungGen: 407238K->91580K(465920K)] 1084187K->768801K(1483264K), 0.0169038 secs] [Times: user=0.04 sys=0.00, real=0.02 secs] 
1507.195: [GC (Allocation Failure) [PSYoungGen: 324540K->37973K(465920K)] 1001761K->715500K(1483264K), 0.0056072 secs] [Times: user=0.02 sys=0.00, real=0.01 secs] 
1507.520: [GC (Allocation Failure) [PSYoungGen: 270933K->183658K(465920K)] 948460K->862439K(1483264K), 0.0204562 secs] [Times: user=0.03 sys=0.00, real=0.02 secs] 
1507.808: [GC (Allocation Failure) [PSYoungGen: 416618K->184526K(465920K)] 1095399K->863580K(1483264K), 0.0204089 secs] [Times: user=0.03 sys=0.00, real=0.02 secs] 
1510.201: [GC (Allocation Failure) [PSYoungGen: 408379K->92512K(465920K)] 1087433K->771831K(1483264K), 0.0191698 secs] [Times: user=0.04 sys=0.00, real=0.02 secs] 
1511.046: [GC (Allocation Failure) [PSYoungGen: 325472K->37973K(465920K)] 1004791K->717608K(1483264K), 0.0057572 secs] [Times: user=0.01 sys=0.00, real=0.01 secs] 
1511.314: [GC (Allocation Failure) [PSYoungGen: 270933K->184462K(465920K)] 950568K->865342K(1483264K), 0.0204470 secs] [Times: user=0.02 sys=0.00, real=0.02 secs] 
1511.598: [GC (Allocation Failure) [PSYoungGen: 417422K->184558K(465920K)] 1098302K->865840K(1483264K), 0.0203439 secs] [Times: user=0.03 sys=0.00, real=0.02 secs] 
1512.709: [GC (Allocation Failure) [PSYoungGen: 407409K->91709K(465920K)] 1088691K->773127K(1483264K), 0.0121570 secs] [Times: user=0.03 sys=0.00, real=0.01 secs] 
1513.515: [GC (Allocation Failure) [PSYoungGen: 324669K->37973K(465920K)] 1006087K->719700K(1483264K), 0.0056343 secs] [Times: user=0.01 sys=0.00, real=0.01 secs] 
1513.785: [GC (Allocation Failure) [PSYoungGen: 270933K->184687K(465920K)] 952660K->867667K(1483264K), 0.0204096 secs] [Times: user=0.02 sys=0.00, real=0.02 secs] 
1514.069: [GC (Allocation Failure) [PSYoungGen: 417647K->184687K(465920K)] 1100627K->867940K(1483264K), 0.0204436 secs] [Times: user=0.03 sys=0.00, real=0.02 secs] 
1514.698: [GC (Allocation Failure) [PSYoungGen: 407246K->91371K(465920K)] 1090499K->774897K(1483264K), 0.0108936 secs] [Times: user=0.02 sys=0.00, real=0.01 secs] 
1515.503: [GC (Allocation Failure) [PSYoungGen: 324331K->38034K(465920K)] 1007857K->721874K(1483264K), 0.0055592 secs] [Times: user=0.01 sys=0.00, real=0.01 secs] 
1515.771: [GC (Allocation Failure) [PSYoungGen: 270994K->184687K(465920K)] 954834K->869764K(1483264K), 0.0204298 secs] [Times: user=0.03 sys=0.00, real=0.02 secs] 
1516.055: [GC (Allocation Failure) [PSYoungGen: 417647K->184687K(465920K)] 1102724K->870037K(1483264K), 0.0203181 secs] [Times: user=0.03 sys=0.00, real=0.02 secs] 
1516.679: [GC (Allocation Failure) [PSYoungGen: 407241K->91323K(465920K)] 1092591K->776938K(1483264K), 0.0112617 secs] [Times: user=0.02 sys=0.00, real=0.01 secs] 
1517.543: [GC (Allocation Failure) [PSYoungGen: 324283K->37973K(465920K)] 1009898K->723896K(1483264K), 0.0065130 secs] [Times: user=0.01 sys=0.00, real=0.01 secs] 
1517.822: [GC (Allocation Failure) [PSYoungGen: 270933K->184719K(465920K)] 956856K->871887K(1483264K), 0.0203990 secs] [Times: user=0.03 sys=0.00, real=0.02 secs] 
1518.107: [GC (Allocation Failure) [PSYoungGen: 417679K->184655K(465920K)] 1104847K->872096K(1483264K), 0.0204278 secs] [Times: user=0.03 sys=0.00, real=0.02 secs] 
1520.115: [GC (Allocation Failure) [PSYoungGen: 407233K->91355K(465920K)] 1094675K->779062K(1483264K), 0.0189969 secs] [Times: user=0.04 sys=0.00, real=0.02 secs] 
1521.735: [GC (Allocation Failure) [PSYoungGen: 324315K->37845K(465920K)] 1012022K->725877K(1483264K), 0.0073416 secs] [Times: user=0.02 sys=0.00, real=0.01 secs] 
1522.039: [GC (Allocation Failure) [PSYoungGen: 270805K->183819K(465920K)] 958837K->873105K(1483264K), 0.0203049 secs] [Times: user=0.02 sys=0.00, real=0.02 secs] 
1522.329: [GC (Allocation Failure) [PSYoungGen: 416779K->184430K(465920K)] 1106065K->873989K(1483264K), 0.0205502 secs] [Times: user=0.02 sys=0.00, real=0.02 secs] 
1522.964: [GC (Allocation Failure) [PSYoungGen: 409782K->92672K(465920K)] 1099341K->782497K(1483264K), 0.0100519 secs] [Times: user=0.02 sys=0.00, real=0.01 secs] 
1523.774: [GC (Allocation Failure) [PSYoungGen: 325632K->37906K(465920K)] 1015457K->728044K(1483264K), 0.0057131 secs] [Times: user=0.01 sys=0.00, real=0.01 secs] 
1524.107: [GC (Allocation Failure) [PSYoungGen: 270866K->184719K(465920K)] 961004K->876102K(1483264K), 0.0204149 secs] [Times: user=0.03 sys=0.00, real=0.02 secs] 
1524.390: [GC (Allocation Failure) [PSYoungGen: 417679K->184687K(465920K)] 1109062K->876343K(1483264K), 0.0204070 secs] [Times: user=0.03 sys=0.00, real=0.02 secs] 
1525.004: [GC (Allocation Failure) [PSYoungGen: 407259K->91484K(465920K)] 1098916K->783405K(1483264K), 0.0119746 secs] [Times: user=0.03 sys=0.00, real=0.01 secs] 
1525.830: [GC (Allocation Failure) [PSYoungGen: 324444K->38005K(465920K)] 1016365K->730241K(1483264K), 0.0056972 secs] [Times: user=0.01 sys=0.00, real=0.00 secs] 
1526.099: [GC (Allocation Failure) [PSYoungGen: 270965K->183948K(465920K)] 963201K->877437K(1483264K), 0.0203938 secs] [Times: user=0.03 sys=0.00, real=0.02 secs] 
1526.445: [GC (Allocation Failure) [PSYoungGen: 416908K->184430K(465920K)] 1110397K->878192K(1483264K), 0.0202765 secs] [Times: user=0.02 sys=0.00, real=0.02 secs] 
1528.181: [GC (Allocation Failure) [PSYoungGen: 409642K->92383K(465920K)] 1103404K->786418K(1483264K), 0.0162526 secs] [Times: user=0.04 sys=0.00, real=0.02 secs] 
1529.788: [GC (Allocation Failure) [PSYoungGen: 325343K->37973K(465920K)] 1019378K->732316K(1483264K), 0.0072786 secs] [Times: user=0.02 sys=0.00, real=0.00 secs] 
1530.142: [GC (Allocation Failure) [PSYoungGen: 270933K->184719K(465920K)] 965276K->880315K(1483264K), 0.0206966 secs] [Times: user=0.02 sys=0.00, real=0.02 secs] 
1530.495: [GC (Allocation Failure) [PSYoungGen: 417679K->184719K(465920K)] 1113275K->880589K(1483264K), 0.0205082 secs] [Times: user=0.03 sys=0.00, real=0.02 secs] 
1531.110: [GC (Allocation Failure) [PSYoungGen: 407280K->91339K(465920K)] 1103150K->787474K(1483264K), 0.0124752 secs] [Times: user=0.03 sys=0.00, real=0.01 secs] 
1531.917: [GC (Allocation Failure) [PSYoungGen: 324299K->37973K(465920K)] 1020434K->734406K(1483264K), 0.0056802 secs] [Times: user=0.01 sys=0.00, real=0.01 secs] 
1532.189: [GC (Allocation Failure) [PSYoungGen: 270933K->183916K(465920K)] 967366K->881594K(1483264K), 0.0203505 secs] [Times: user=0.03 sys=0.00, real=0.02 secs] 
1532.476: [GC (Allocation Failure) [PSYoungGen: 416876K->184783K(465920K)] 1114554K->882734K(1483264K), 0.0211080 secs] [Times: user=0.03 sys=0.00, real=0.02 secs] 
1534.291: [GC (Allocation Failure) [PSYoungGen: 410098K->91966K(465920K)] 1108050K->790310K(1483264K), 0.0146686 secs] [Times: user=0.03 sys=0.01, real=0.01 secs] 
1535.315: [GC (Allocation Failure) [PSYoungGen: 324926K->38163K(465920K)] 1023270K->736695K(1483264K), 0.0057054 secs] [Times: user=0.01 sys=0.00, real=0.01 secs] 
1535.643: [GC (Allocation Failure) [PSYoungGen: 271123K->184590K(465920K)] 969655K->884504K(1483264K), 0.0204989 secs] [Times: user=0.03 sys=0.00, real=0.02 secs] 
1535.978: [GC (Allocation Failure) [PSYoungGen: 417550K->184398K(465920K)] 1117464K->884464K(1483264K), 0.0204266 secs] [Times: user=0.03 sys=0.00, real=0.02 secs] 
1537.596: [GC (Allocation Failure) [PSYoungGen: 406881K->91612K(465920K)] 1106948K->791944K(1483264K), 0.0135003 secs] [Times: user=0.02 sys=0.00, real=0.02 secs] 
1538.684: [GC (Allocation Failure) [PSYoungGen: 324572K->145092K(465920K)] 1024904K->845731K(1483264K), 0.0144440 secs] [Times: user=0.03 sys=0.00, real=0.02 secs] 
1538.926: [GC (Allocation Failure) [PSYoungGen: 378052K->184687K(465920K)] 1078691K->919340K(1483264K), 0.0240062 secs] [Times: user=0.04 sys=0.00, real=0.03 secs] 
1539.149: [GC (Allocation Failure) [PSYoungGen: 417647K->183915K(465920K)] 1152300K->918850K(1483264K), 0.0204542 secs] [Times: user=0.02 sys=0.00, real=0.02 secs] 
1541.953: [GC (Allocation Failure) [PSYoungGen: 416875K->1360K(465920K)] 1151810K->736462K(1483264K), 0.0082539 secs] [Times: user=0.03 sys=0.00, real=0.01 secs] 
1543.067: [GC (Allocation Failure) [PSYoungGen: 234320K->135522K(465920K)] 969422K->870810K(1483264K), 0.0155931 secs] [Times: user=0.03 sys=0.00, real=0.02 secs] 
1543.345: [GC (Allocation Failure) [PSYoungGen: 368482K->184590K(465920K)] 1103770K->921132K(1483264K), 0.0204895 secs] [Times: user=0.03 sys=0.00, real=0.02 secs] 
1544.417: [GC (Allocation Failure) [PSYoungGen: 417550K->164222K(465920K)] 1154092K->901028K(1483264K), 0.0337341 secs] [Times: user=0.05 sys=0.00, real=0.04 secs] 
1546.209: [GC (Allocation Failure) [PSYoungGen: 397182K->96K(465920K)] 1133988K->738334K(1483264K), 0.0028357 secs] [Times: user=0.01 sys=0.00, real=0.00 secs] 
1546.652: [GC (Allocation Failure) [PSYoungGen: 233056K->158110K(465920K)] 971294K->896356K(1483264K), 0.0176718 secs] [Times: user=0.03 sys=0.00, real=0.02 secs] 
1546.935: [GC (Allocation Failure) [PSYoungGen: 391070K->184301K(465920K)] 1129316K->923929K(1483264K), 0.0208197 secs] [Times: user=0.03 sys=0.00, real=0.02 secs] 
1547.444: [GC (Allocation Failure) [PSYoungGen: 417261K->148003K(465920K)] 1156889K->887776K(1483264K), 0.0188156 secs] [Times: user=0.03 sys=0.00, real=0.02 secs] 
1548.518: [GC (Allocation Failure) [PSYoungGen: 380963K->96K(465920K)] 1120736K->741310K(1483264K), 0.0027523 secs] [Times: user=0.01 sys=0.00, real=0.00 secs] 
1548.829: [GC (Allocation Failure) [PSYoungGen: 233056K->180377K(465920K)] 974270K->921607K(1483264K), 0.0199677 secs] [Times: user=0.03 sys=0.00, real=0.02 secs] 
1549.112: [GC (Allocation Failure) [PSYoungGen: 413337K->184140K(465920K)] 1154567K->926616K(1483264K), 0.0204410 secs] [Times: user=0.02 sys=0.00, real=0.02 secs] 
1550.046: [GC (Allocation Failure) [PSYoungGen: 417100K->134233K(465920K)] 1159576K->876999K(1483264K), 0.0181714 secs] [Times: user=0.03 sys=0.00, real=0.02 secs] 
1551.644: [GC (Allocation Failure) [PSYoungGen: 367193K->18309K(465920K)] 1109959K->761366K(1483264K), 0.0048220 secs] [Times: user=0.01 sys=0.01, real=0.01 secs] 
1552.024: [GC (Allocation Failure) [PSYoungGen: 251269K->186389K(465920K)] 994326K->930700K(1483264K), 0.0210107 secs] [Times: user=0.03 sys=0.00, real=0.02 secs] 
1552.357: [GC (Allocation Failure) [PSYoungGen: 419349K->184719K(465920K)] 1163660K->929302K(1483264K), 0.0205373 secs] [Times: user=0.03 sys=0.00, real=0.02 secs] 
1553.778: [GC (Allocation Failure) [PSYoungGen: 417679K->109428K(465920K)] 1162262K->854277K(1483264K), 0.0145443 secs] [Times: user=0.03 sys=0.00, real=0.01 secs] 
1555.602: [GC (Allocation Failure) [PSYoungGen: 342388K->43532K(465920K)] 1087237K->788686K(1483264K), 0.0062724 secs] [Times: user=0.01 sys=0.00, real=0.01 secs] 
1555.935: [GC (Allocation Failure) [PSYoungGen: 276492K->186004K(465920K)] 1021646K->932532K(1483264K), 0.0206452 secs] [Times: user=0.03 sys=0.00, real=0.02 secs] 
1556.285: [GC (Allocation Failure) [PSYoungGen: 418964K->185875K(465920K)] 1165492K->932677K(1483264K), 0.0206980 secs] [Times: user=0.03 sys=0.00, real=0.02 secs] 
1557.298: [GC (Allocation Failure) [PSYoungGen: 418835K->66939K(465920K)] 1165637K->813885K(1483264K), 0.0107490 secs] [Times: user=0.02 sys=0.00, real=0.01 secs] 
1559.660: [GC (Allocation Failure) [PSYoungGen: 299899K->70586K(465920K)] 1046845K->817853K(1483264K), 0.0093809 secs] [Times: user=0.02 sys=0.00, real=0.01 secs] 
1559.994: [GC (Allocation Failure) [PSYoungGen: 303546K->186100K(465920K)] 1050813K->934622K(1483264K), 0.0207944 secs] [Times: user=0.03 sys=0.00, real=0.02 secs] 
1560.279: [GC (Allocation Failure) [PSYoungGen: 419060K->185908K(465920K)] 1167582K->934839K(1483264K), 0.0207470 secs] [Times: user=0.03 sys=0.00, real=0.02 secs] 
1562.670: [GC (Allocation Failure) [PSYoungGen: 418868K->39708K(465920K)] 1167799K->788904K(1483264K), 0.0129600 secs] [Times: user=0.03 sys=0.00, real=0.01 secs] 
1564.043: [GC (Allocation Failure) [PSYoungGen: 272668K->96772K(465920K)] 1021864K->846146K(1483264K), 0.0116065 secs] [Times: user=0.02 sys=0.00, real=0.01 secs] 
1564.317: [GC (Allocation Failure) [PSYoungGen: 329732K->184847K(465920K)] 1079106K->935466K(1483264K), 0.0205970 secs] [Times: user=0.02 sys=0.00, real=0.02 secs] 
1564.606: [GC (Allocation Failure) [PSYoungGen: 417807K->184205K(465920K)] 1168426K->935233K(1483264K), 0.0202841 secs] [Times: user=0.03 sys=0.00, real=0.02 secs] 
1566.697: [GC (Allocation Failure) [PSYoungGen: 417165K->16541K(465920K)] 1168193K->767835K(1483264K), 0.0091575 secs] [Times: user=0.03 sys=0.00, real=0.01 secs] 
1567.674: [GC (Allocation Failure) [PSYoungGen: 249501K->119007K(465920K)] 1000795K->870480K(1483264K), 0.0136753 secs] [Times: user=0.02 sys=0.00, real=0.02 secs] 
1567.951: [GC (Allocation Failure) [PSYoungGen: 351967K->184173K(465920K)] 1103440K->936891K(1483264K), 0.0203730 secs] [Times: user=0.03 sys=0.00, real=0.02 secs] 
1568.346: [GC (Allocation Failure) [PSYoungGen: 417133K->179538K(465920K)] 1169851K->932530K(1483264K), 0.0222461 secs] [Times: user=0.03 sys=0.00, real=0.03 secs] 
1570.057: [GC (Allocation Failure) [PSYoungGen: 412498K->96K(465920K)] 1165490K->754519K(1483264K), 0.0027984 secs] [Times: user=0.01 sys=0.00, real=0.00 secs] 
1570.709: [GC (Allocation Failure) [PSYoungGen: 233056K->142974K(465920K)] 987479K->897429K(1483264K), 0.0161884 secs] [Times: user=0.03 sys=0.00, real=0.01 secs] 
1570.990: [GC (Allocation Failure) [PSYoungGen: 375934K->186132K(465920K)] 1130389K->941962K(1483264K), 0.0210893 secs] [Times: user=0.03 sys=0.00, real=0.02 secs] 
1571.728: [GC (Allocation Failure) [PSYoungGen: 419092K->161385K(465920K)] 1174922K->917488K(1483264K), 0.0243660 secs] [Times: user=0.04 sys=0.00, real=0.02 secs] 
1574.072: [GC (Allocation Failure) [PSYoungGen: 394345K->96K(465920K)] 1150448K->757509K(1483264K), 0.0044588 secs] [Times: user=0.02 sys=0.00, real=0.00 secs] 
1574.672: [GC (Allocation Failure) [PSYoungGen: 233056K->168389K(465920K)] 990469K->925819K(1483264K), 0.0187386 secs] [Times: user=0.03 sys=0.00, real=0.02 secs] 
1574.956: [GC (Allocation Failure) [PSYoungGen: 401349K->186229K(465920K)] 1158779K->944904K(1483264K), 0.0205093 secs] [Times: user=0.03 sys=0.00, real=0.02 secs] 
1575.627: [GC (Allocation Failure) [PSYoungGen: 419189K->144001K(465920K)] 1177864K->903070K(1483264K), 0.0185010 secs] [Times: user=0.03 sys=0.00, real=0.02 secs] 
1577.586: [GC (Allocation Failure) [PSYoungGen: 376881K->9441K(465920K)] 1135950K->768689K(1483264K), 0.0051257 secs] [Times: user=0.02 sys=0.00, real=0.01 secs] 
1577.923: [GC (Allocation Failure) [PSYoungGen: 242401K->184590K(465920K)] 1001649K->945084K(1483264K), 0.0204993 secs] [Times: user=0.02 sys=0.00, real=0.02 secs] 
1578.207: [GC (Allocation Failure) [PSYoungGen: 417550K->184430K(465920K)] 1178044K->945196K(1483264K), 0.0206339 secs] [Times: user=0.02 sys=0.00, real=0.03 secs] 
1579.917: [GC (Allocation Failure) [PSYoungGen: 417390K->120353K(465920K)] 1178156K->881385K(1483264K), 0.0315558 secs] [Times: user=0.06 sys=0.00, real=0.04 secs] 
1582.817: [GC (Allocation Failure) [PSYoungGen: 353313K->32993K(465920K)] 1114345K->794346K(1483264K), 0.0073950 secs] [Times: user=0.02 sys=0.01, real=0.01 secs] 
1583.138: [GC (Allocation Failure) [PSYoungGen: 265953K->184205K(465920K)] 1027306K->946812K(1483264K), 0.0204581 secs] [Times: user=0.03 sys=0.00, real=0.02 secs] 
1583.426: [GC (Allocation Failure) [PSYoungGen: 417165K->184687K(465920K)] 1179772K->947575K(1483264K), 0.0204397 secs] [Times: user=0.03 sys=0.00, real=0.02 secs] 
1585.155: [GC (Allocation Failure) [PSYoungGen: 417647K->80545K(465920K)] 1180535K->843699K(1483264K), 0.0160148 secs] [Times: user=0.03 sys=0.00, real=0.02 secs] 
1587.693: [GC (Allocation Failure) [PSYoungGen: 313505K->55709K(465920K)] 1076659K->819168K(1483264K), 0.0094707 secs] [Times: user=0.02 sys=0.00, real=0.01 secs] 
1588.057: [GC (Allocation Failure) [PSYoungGen: 288669K->186004K(465920K)] 1052128K->950837K(1483264K), 0.0208308 secs] [Times: user=0.03 sys=0.00, real=0.03 secs] 
1588.349: [GC (Allocation Failure) [PSYoungGen: 418964K->185940K(465920K)] 1183797K->950918K(1483264K), 0.0208331 secs] [Times: user=0.03 sys=0.00, real=0.02 secs] 
1589.439: [GC (Allocation Failure) [PSYoungGen: 418900K->54664K(465920K)] 1183878K->819907K(1483264K), 0.0091733 secs] [Times: user=0.02 sys=0.00, real=0.01 secs] 
1590.186: [GC (Allocation Failure) [PSYoungGen: 287624K->82217K(465920K)] 1052867K->847766K(1483264K), 0.0102069 secs] [Times: user=0.02 sys=0.00, real=0.01 secs] 
1590.462: [GC (Allocation Failure) [PSYoungGen: 315177K->185972K(465920K)] 1080726K->952774K(1483264K), 0.0207001 secs] [Times: user=0.03 sys=0.00, real=0.02 secs] 
1590.805: [GC (Allocation Failure) [PSYoungGen: 418932K->185843K(465920K)] 1185734K->953055K(1483264K), 0.0207623 secs] [Times: user=0.03 sys=0.00, real=0.02 secs] 
1591.853: [GC (Allocation Failure) [PSYoungGen: 418803K->28301K(465920K)] 1186015K->795657K(1483264K), 0.0062230 secs] [Times: user=0.01 sys=0.00, real=0.01 secs] 
1592.521: [GC (Allocation Failure) [PSYoungGen: 261261K->107825K(465920K)] 1028617K->875479K(1483264K), 0.0127640 secs] [Times: user=0.02 sys=0.00, real=0.01 secs] 
1592.797: [GC (Allocation Failure) [PSYoungGen: 340785K->184783K(465920K)] 1108439K->953683K(1483264K), 0.0205651 secs] [Times: user=0.03 sys=0.00, real=0.03 secs] 
1593.156: [GC (Allocation Failure) [PSYoungGen: 417743K->184173K(465920K)] 1186643K->953345K(1483264K), 0.0204005 secs] [Times: user=0.03 sys=0.00, real=0.02 secs] 
1595.297: [GC (Allocation Failure) [PSYoungGen: 417133K->5520K(465920K)] 1186305K->774958K(1483264K), 0.0046952 secs] [Times: user=0.02 sys=0.00, real=0.01 secs] 
1596.211: [GC (Allocation Failure) [PSYoungGen: 238480K->129832K(465920K)] 1007918K->899575K(1483264K), 0.0148520 secs] [Times: user=0.03 sys=0.00, real=0.01 secs] 
1596.487: [GC (Allocation Failure) [PSYoungGen: 362792K->184173K(465920K)] 1132535K->955161K(1483264K), 0.0205140 secs] [Times: user=0.03 sys=0.00, real=0.02 secs] 
1596.963: [GC (Allocation Failure) [PSYoungGen: 417133K->172294K(465920K)] 1188121K->943548K(1483264K), 0.0272544 secs] [Times: user=0.04 sys=0.00, real=0.03 secs] 
1598.132: [GC (Allocation Failure) [PSYoungGen: 405254K->96K(465920K)] 1176508K->772789K(1483264K), 0.0034278 secs] [Times: user=0.01 sys=0.00, real=0.00 secs] 
1598.569: [GC (Allocation Failure) [PSYoungGen: 233056K->151941K(465920K)] 1005749K->924659K(1483264K), 0.0170829 secs] [Times: user=0.02 sys=0.00, real=0.01 secs] 
1598.848: [GC (Allocation Failure) [PSYoungGen: 384901K->184333K(465920K)] 1157619K->958417K(1483264K), 0.0203852 secs] [Times: user=0.03 sys=0.00, real=0.02 secs] 
1600.077: [GC (Allocation Failure) [PSYoungGen: 417293K->154220K(465920K)] 1191377K->928440K(1483264K), 0.0460181 secs] [Times: user=0.07 sys=0.00, real=0.05 secs] 
1602.121: [GC (Allocation Failure) [PSYoungGen: 387180K->96K(465920K)] 1161400K->775756K(1483264K), 0.0056296 secs] [Times: user=0.03 sys=0.00, real=0.00 secs] 
1602.629: [GC (Allocation Failure) [PSYoungGen: 233056K->173951K(465920K)] 1008716K->949635K(1483264K), 0.0192913 secs] [Times: user=0.03 sys=0.00, real=0.02 secs] 
1602.911: [GC (Allocation Failure) [PSYoungGen: 406911K->184462K(465920K)] 1182595K->961391K(1483264K), 0.0204482 secs] [Times: user=0.02 sys=0.00, real=0.02 secs] 
1604.269: [GC (Allocation Failure) [PSYoungGen: 417422K->140242K(465920K)] 1194351K->917445K(1483264K), 0.0301102 secs] [Times: user=0.06 sys=0.00, real=0.03 secs] 
1606.487: [GC (Allocation Failure) [PSYoungGen: 373202K->12298K(465920K)] 1150405K->789808K(1483264K), 0.0065085 secs] [Times: user=0.03 sys=0.00, real=0.01 secs] 
1606.835: [GC (Allocation Failure) [PSYoungGen: 245258K->184333K(465920K)] 1022768K->963098K(1483264K), 0.0203451 secs] [Times: user=0.02 sys=0.00, real=0.02 secs] 
1607.121: [GC (Allocation Failure) [PSYoungGen: 417293K->184301K(465920K)] 1196058K->963339K(1483264K), 0.0212390 secs] [Times: user=0.03 sys=0.00, real=0.02 secs] 
1607.692: [GC (Allocation Failure) [PSYoungGen: 417261K->117879K(465920K)] 1196299K->897318K(1483264K), 0.0139495 secs] [Times: user=0.03 sys=0.00, real=0.01 secs] 
1609.338: [GC (Allocation Failure) [PSYoungGen: 350839K->34792K(465920K)] 1130278K->814426K(1483264K), 0.0068487 secs] [Times: user=0.02 sys=0.00, real=0.00 secs] 
1609.636: [GC (Allocation Failure) [PSYoungGen: 267752K->186357K(465920K)] 1047386K->967382K(1483264K), 0.0208352 secs] [Times: user=0.02 sys=0.00, real=0.02 secs] 
1609.919: [GC (Allocation Failure) [PSYoungGen: 419317K->184783K(465920K)] 1200342K->965960K(1483264K), 0.0204072 secs] [Times: user=0.03 sys=0.00, real=0.02 secs] 
1611.669: [GC (Allocation Failure) [PSYoungGen: 417743K->76401K(465920K)] 1198920K->857843K(1483264K), 0.0144812 secs] [Times: user=0.03 sys=0.00, real=0.01 secs] 
1613.548: [GC (Allocation Failure) [PSYoungGen: 309361K->60111K(465920K)] 1090803K->841867K(1483264K), 0.0080115 secs] [Times: user=0.02 sys=0.00, real=0.00 secs] 
1613.821: [GC (Allocation Failure) [PSYoungGen: 293071K->186100K(465920K)] 1074827K->969102K(1483264K), 0.0207483 secs] [Times: user=0.03 sys=0.00, real=0.02 secs] 
1614.167: [GC (Allocation Failure) [PSYoungGen: 419060K->186004K(465920K)] 1202062K->969286K(1483264K), 0.0206097 secs] [Times: user=0.03 sys=0.00, real=0.02 secs] 
1615.187: [GC (Allocation Failure) [PSYoungGen: 418964K->50150K(465920K)] 1202246K->833705K(1483264K), 0.0141505 secs] [Times: user=0.03 sys=0.01, real=0.02 secs] 
1616.627: [GC (Allocation Failure) [PSYoungGen: 283110K->86488K(465920K)] 1066665K->870357K(1483264K), 0.0106683 secs] [Times: user=0.02 sys=0.00, real=0.02 secs] 
1616.962: [GC (Allocation Failure) [PSYoungGen: 319448K->186004K(465920K)] 1103317K->971127K(1483264K), 0.0210869 secs] [Times: user=0.03 sys=0.00, real=0.02 secs] 
1617.249: [GC (Allocation Failure) [PSYoungGen: 418964K->186004K(465920K)] 1204087K->971408K(1483264K), 0.0205822 secs] [Times: user=0.03 sys=0.00, real=0.02 secs] 
1618.123: [GC (Allocation Failure) [PSYoungGen: 418964K->23931K(465920K)] 1204368K->809728K(1483264K), 0.0059812 secs] [Times: user=0.01 sys=0.00, real=0.01 secs] 
1619.001: [GC (Allocation Failure) [PSYoungGen: 256891K->112741K(465920K)] 1042688K->898710K(1483264K), 0.0132556 secs] [Times: user=0.02 sys=0.00, real=0.01 secs] 
1619.344: [GC (Allocation Failure) [PSYoungGen: 345701K->186036K(465920K)] 1131670K->973250K(1483264K), 0.0209479 secs] [Times: user=0.03 sys=0.00, real=0.02 secs] 
1619.753: [GC (Allocation Failure) [PSYoungGen: 418996K->183813K(465920K)] 1206210K->971316K(1483264K), 0.0232988 secs] [Times: user=0.04 sys=0.00, real=0.02 secs] 
1622.367: [GC (Allocation Failure) [PSYoungGen: 416773K->96K(465920K)] 1204276K->789030K(1483264K), 0.0072004 secs] [Times: user=0.03 sys=0.01, real=0.01 secs] 
1623.150: [GC (Allocation Failure) [PSYoungGen: 233056K->138478K(465920K)] 1021990K->927437K(1483264K), 0.0158772 secs] [Times: user=0.02 sys=0.00, real=0.01 secs] 
1623.431: [GC (Allocation Failure) [PSYoungGen: 371438K->186132K(465920K)] 1160397K->976345K(1483264K), 0.0208082 secs] [Times: user=0.03 sys=0.00, real=0.02 secs] 
1623.855: [GC (Allocation Failure) [PSYoungGen: 416706K->161788K(465920K)] 1206918K->952273K(1483264K), 0.0204786 secs] [Times: user=0.03 sys=0.00, real=0.02 secs] 
1625.683: [GC (Allocation Failure) [PSYoungGen: 394748K->64K(465920K)] 1185233K->791988K(1483264K), 0.0043875 secs] [Times: user=0.02 sys=0.01, real=0.00 secs] 
1626.254: [GC (Allocation Failure) [PSYoungGen: 233024K->160520K(465920K)] 1024948K->952468K(1483264K), 0.0181255 secs] [Times: user=0.03 sys=0.00, real=0.02 secs] 
1626.535: [GC (Allocation Failure) [PSYoungGen: 393480K->184430K(465920K)] 1185428K->977623K(1483264K), 0.0205013 secs] [Times: user=0.03 sys=0.00, real=0.02 secs] 
1627.043: [GC (Allocation Failure) [PSYoungGen: 417390K->145464K(465920K)] 1210583K->938923K(1483264K), 0.0183775 secs] [Times: user=0.03 sys=0.00, real=0.02 secs] 
1628.693: [GC (Allocation Failure) [PSYoungGen: 378424K->96K(465920K)] 1171883K->795002K(1483264K), 0.0050421 secs] [Times: user=0.02 sys=0.00, real=0.01 secs] 
1629.142: [GC (Allocation Failure) [PSYoungGen: 233056K->182465K(465920K)] 1027962K->977388K(1483264K), 0.0203508 secs] [Times: user=0.03 sys=0.00, real=0.02 secs] 
1629.492: [GC (Allocation Failure) [PSYoungGen: 415425K->184076K(465920K)] 1210348K->980260K(1483264K), 0.0206667 secs] [Times: user=0.03 sys=0.00, real=0.02 secs] 
1630.141: [GC (Allocation Failure) [PSYoungGen: 417036K->132145K(465920K)] 1213220K->928594K(1483264K), 0.0175352 secs] [Times: user=0.04 sys=0.00, real=0.02 secs] 
1631.174: [GC (Allocation Failure) [PSYoungGen: 365105K->20880K(465920K)] 1161554K->817645K(1483264K), 0.0049242 secs] [Times: user=0.02 sys=0.00, real=0.01 secs] 
1631.524: [GC (Allocation Failure) [PSYoungGen: 253840K->186261K(465920K)] 1050605K->984408K(1483264K), 0.0208224 secs] [Times: user=0.02 sys=0.00, real=0.02 secs] 
1631.810: [GC (Allocation Failure) [PSYoungGen: 419221K->186004K(465920K)] 1217368K->984304K(1483264K), 0.0206838 secs] [Times: user=0.02 sys=0.00, real=0.02 secs] 
1633.017: [GC (Allocation Failure) [PSYoungGen: 418964K->105653K(465920K)] 1217264K->904218K(1483264K), 0.0143330 secs] [Times: user=0.02 sys=0.00, real=0.01 secs] 
1634.053: [GC (Allocation Failure) [PSYoungGen: 338613K->46645K(465920K)] 1137178K->845534K(1483264K), 0.0066127 secs] [Times: user=0.01 sys=0.00, real=0.01 secs] 
1634.327: [GC (Allocation Failure) [PSYoungGen: 279605K->186229K(465920K)] 1078494K->986499K(1483264K), 0.0207764 secs] [Times: user=0.02 sys=0.00, real=0.02 secs] 
1634.615: [GC (Allocation Failure) [PSYoungGen: 419189K->185972K(465920K)] 1219459K->986395K(1483264K), 0.0207197 secs] [Times: user=0.03 sys=0.00, real=0.02 secs] 
1635.658: [GC (Allocation Failure) [PSYoungGen: 418932K->63516K(465920K)] 1219355K->864204K(1483264K), 0.0091664 secs] [Times: user=0.02 sys=0.00, real=0.00 secs] 
1636.989: [GC (Allocation Failure) [PSYoungGen: 296476K->71678K(465920K)] 1097164K->872680K(1483264K), 0.0105597 secs] [Times: user=0.02 sys=0.00, real=0.01 secs] 
1637.359: [GC (Allocation Failure) [PSYoungGen: 304638K->184301K(465920K)] 1105640K->986548K(1483264K), 0.0209651 secs] [Times: user=0.03 sys=0.00, real=0.02 secs] 
1637.705: [GC (Allocation Failure) [PSYoungGen: 417261K->184301K(465920K)] 1219508K->986822K(1483264K), 0.0205387 secs] [Times: user=0.03 sys=0.00, real=0.02 secs] 
1640.244: [GC (Allocation Failure) [PSYoungGen: 417261K->42053K(465920K)] 1219782K->844975K(1483264K), 0.0103630 secs] [Times: user=0.02 sys=0.00, real=0.01 secs] 
1641.327: [GC (Allocation Failure) [PSYoungGen: 275013K->93302K(465920K)] 1077935K->896411K(1483264K), 0.0113236 secs] [Times: user=0.02 sys=0.00, real=0.02 secs] 
1641.600: [GC (Allocation Failure) [PSYoungGen: 326262K->183787K(465920K)] 1129371K->988150K(1483264K), 0.0204435 secs] [Times: user=0.03 sys=0.00, real=0.02 secs] 
1641.884: [GC (Allocation Failure) [PSYoungGen: 416747K->184269K(465920K)] 1221110K->988905K(1483264K), 0.0204281 secs] [Times: user=0.03 sys=0.00, real=0.02 secs] 
1643.943: [GC (Allocation Failure) [PSYoungGen: 417229K->21007K(465920K)] 1221865K->825916K(1483264K), 0.0059578 secs] [Times: user=0.01 sys=0.01, real=0.01 secs] 
1645.077: [GC (Allocation Failure) [PSYoungGen: 253967K->114923K(465920K)] 1058876K->920156K(1483264K), 0.0134804 secs] [Times: user=0.02 sys=0.00, real=0.02 secs] 
1645.410: [GC (Allocation Failure) [PSYoungGen: 347883K->184430K(465920K)] 1153116K->990916K(1483264K), 0.0205898 secs] [Times: user=0.03 sys=0.00, real=0.02 secs] 
1645.690: [GC (Allocation Failure) [PSYoungGen: 417390K->181570K(465920K)] 1223876K->988330K(1483264K), 0.0201953 secs] [Times: user=0.03 sys=0.00, real=0.02 secs] 
1648.789: [GC (Allocation Failure) [PSYoungGen: 414530K->1376K(465920K)] 1221290K->808288K(1483264K), 0.0039269 secs] [Times: user=0.02 sys=0.00, real=0.00 secs] 
1649.616: [GC (Allocation Failure) [PSYoungGen: 234336K->134622K(465920K)] 1041248K->941712K(1483264K), 0.0154129 secs] [Times: user=0.03 sys=0.00, real=0.02 secs] 
1649.893: [GC (Allocation Failure) [PSYoungGen: 367582K->184558K(465920K)] 1174672K->992893K(1483264K), 0.0205615 secs] [Times: user=0.03 sys=0.00, real=0.02 secs] 
1650.539: [GC (Allocation Failure) [PSYoungGen: 417518K->167138K(465920K)] 1225853K->975738K(1483264K), 0.0364671 secs] [Times: user=0.05 sys=0.00, real=0.03 secs] 
1652.899: [GC (Allocation Failure) [PSYoungGen: 400098K->64K(465920K)] 1208698K->810111K(1483264K), 0.0048778 secs] [Times: user=0.02 sys=0.01, real=0.00 secs] 
1653.499: [GC (Allocation Failure) [PSYoungGen: 233024K->157082K(465920K)] 1043071K->967154K(1483264K), 0.0178072 secs] [Times: user=0.02 sys=0.00, real=0.01 secs] 
1653.841: [GC (Allocation Failure) [PSYoungGen: 390042K->184462K(465920K)] 1200114K->995779K(1483264K), 0.0205159 secs] [Times: user=0.03 sys=0.00, real=0.02 secs] 
1654.860: [GC (Allocation Failure) [PSYoungGen: 417422K->148886K(465920K)] 1228739K->960477K(1483264K), 0.0283820 secs] [Times: user=0.04 sys=0.00, real=0.03 secs] 
1657.434: [GC (Allocation Failure) [PSYoungGen: 381846K->96K(465920K)] 1193437K->813134K(1483264K), 0.0045419 secs] [Times: user=0.02 sys=0.00, real=0.01 secs] 
1657.889: [GC (GCLocker Initiated GC) [PSYoungGen: 233056K->177903K(465920K)] 1046094K->990965K(1483264K), 0.0198385 secs] [Times: user=0.03 sys=0.00, real=0.02 secs] 
1658.226: [GC (Allocation Failure) [PSYoungGen: 410863K->184141K(465920K)] 1225050K->999573K(1483264K), 0.0205835 secs] [Times: user=0.03 sys=0.00, real=0.02 secs] 
1658.782: [GC (Allocation Failure) [PSYoungGen: 417101K->135679K(465920K)] 1232533K->951248K(1483264K), 0.0165874 secs] [Times: user=0.03 sys=0.00, real=0.02 secs] 
1660.364: [GC (Allocation Failure) [PSYoungGen: 368639K->16767K(465920K)] 1184208K->832547K(1483264K), 0.0051184 secs] [Times: user=0.02 sys=0.00, real=0.01 secs] 
1660.662: [GC (Allocation Failure) [PSYoungGen: 249727K->183916K(465920K)] 1065507K->1000958K(1483264K), 0.0204331 secs] [Times: user=0.02 sys=0.00, real=0.02 secs] 
1661.007: [GC (Allocation Failure) [PSYoungGen: 416876K->184462K(465920K)] 1233918K->1001913K(1483264K), 0.0203880 secs] [Times: user=0.03 sys=0.00, real=0.03 secs] 
1662.162: [GC (Allocation Failure) [PSYoungGen: 417422K->113638K(465920K)] 1234873K->931354K(1483264K), 0.0171041 secs] [Times: user=0.04 sys=0.00, real=0.02 secs] 
1663.564: [GC (Allocation Failure) [PSYoungGen: 346598K->38744K(465920K)] 1164314K->856640K(1483264K), 0.0083044 secs] [Times: user=0.02 sys=0.00, real=0.01 secs] 
1663.918: [GC (Allocation Failure) [PSYoungGen: 271704K->184847K(465920K)] 1089600K->1003997K(1483264K), 0.0207356 secs] [Times: user=0.03 sys=0.00, real=0.02 secs] 
1664.206: [GC (Allocation Failure) [PSYoungGen: 417807K->184141K(465920K)] 1236957K->1003563K(1483264K), 0.0205324 secs] [Times: user=0.02 sys=0.00, real=0.02 secs] 
1665.131: [GC (Allocation Failure) [PSYoungGen: 417101K->74569K(465920K)] 1236523K->894257K(1483264K), 0.0116641 secs] [Times: user=0.02 sys=0.00, real=0.01 secs] 
1666.331: [GC (Allocation Failure) [PSYoungGen: 307529K->61554K(465920K)] 1127217K->881552K(1483264K), 0.0082868 secs] [Times: user=0.02 sys=0.00, real=0.01 secs] 
1666.666: [GC (Allocation Failure) [PSYoungGen: 294514K->184719K(465920K)] 1114512K->1005962K(1483264K), 0.0207047 secs] [Times: user=0.03 sys=0.00, real=0.02 secs] 
1667.007: [GC (Allocation Failure) [PSYoungGen: 417679K->186422K(465920K)] 1238922K->1007946K(1483264K), 0.0207663 secs] [Times: user=0.02 sys=0.00, real=0.03 secs] 
1668.389: [GC (Allocation Failure) [PSYoungGen: 419382K->49668K(465920K)] 1240906K->871457K(1483264K), 0.0087827 secs] [Times: user=0.02 sys=0.00, real=0.01 secs] 
1669.065: [GC (Allocation Failure) [PSYoungGen: 282628K->87066K(465920K)] 1104417K->909157K(1483264K), 0.0106047 secs] [Times: user=0.02 sys=0.00, real=0.01 secs] 
1669.339: [GC (Allocation Failure) [PSYoungGen: 320026K->184044K(465920K)] 1142117K->1007388K(1483264K), 0.0204286 secs] [Times: user=0.03 sys=0.00, real=0.02 secs] 
1669.629: [GC (Allocation Failure) [PSYoungGen: 417004K->184847K(465920K)] 1240348K->1008473K(1483264K), 0.0206667 secs] [Times: user=0.03 sys=0.00, real=0.02 secs] 
1670.910: [GC (Allocation Failure) [PSYoungGen: 417807K->26470K(465920K)] 1241433K->850360K(1483264K), 0.0063347 secs] [Times: user=0.02 sys=0.00, real=0.00 secs] 
1671.508: [GC (Allocation Failure) [PSYoungGen: 259430K->109657K(465920K)] 1083320K->933853K(1483264K), 0.0129659 secs] [Times: user=0.02 sys=0.00, real=0.01 secs] 
1671.842: [GC (Allocation Failure) [PSYoungGen: 342617K->184269K(465920K)] 1166813K->1009711K(1483264K), 0.0205525 secs] [Times: user=0.03 sys=0.00, real=0.02 secs] 
1672.126: [GC (Allocation Failure) [PSYoungGen: 417229K->184558K(465920K)] 1242671K->1010402K(1483264K), 0.0212416 secs] [Times: user=0.02 sys=0.00, real=0.02 secs] 
1673.949: [GC (Allocation Failure) [PSYoungGen: 417518K->3849K(465920K)] 1243362K->829966K(1483264K), 0.0041921 secs] [Times: user=0.02 sys=0.00, real=0.00 secs] 
1674.867: [GC (Allocation Failure) [PSYoungGen: 236809K->132020K(465920K)] 1062926K->958329K(1483264K), 0.0152921 secs] [Times: user=0.03 sys=0.00, real=0.02 secs] 
1675.144: [GC (Allocation Failure) [PSYoungGen: 364980K->184333K(465920K)] 1191289K->1011888K(1483264K), 0.0205624 secs] [Times: user=0.03 sys=0.00, real=0.02 secs] 
1675.669: [GC (Allocation Failure) [PSYoungGen: 417293K->169981K(465920K)] 1244848K->997809K(1483264K), 0.0349900 secs] [Times: user=0.05 sys=0.00, real=0.03 secs] 
1677.778: [GC (Allocation Failure) [PSYoungGen: 402941K->128K(465920K)] 1230769K->829407K(1483264K), 0.0036515 secs] [Times: user=0.02 sys=0.00, real=0.00 secs] 
1678.468: [GC (Allocation Failure) [PSYoungGen: 233088K->154158K(465920K)] 1062367K->983462K(1483264K), 0.0173831 secs] [Times: user=0.03 sys=0.00, real=0.01 secs] 
1678.808: [GC (Allocation Failure) [PSYoungGen: 387118K->184333K(465920K)] 1216422K->1015019K(1483264K), 0.0204982 secs] [Times: user=0.03 sys=0.00, real=0.02 secs] 
1679.544: [GC (Allocation Failure) [PSYoungGen: 417293K->151971K(465920K)] 1247979K->982802K(1483264K), 0.0311918 secs] [Times: user=0.05 sys=0.01, real=0.03 secs] 
1682.283: [GC (Allocation Failure) [PSYoungGen: 384931K->96K(465920K)] 1215762K->832374K(1483264K), 0.0057676 secs] [Times: user=0.03 sys=0.00, real=0.01 secs] 
1683.377: [GC (Allocation Failure) [PSYoungGen: 233056K->178478K(465920K)] 1065334K->1010772K(1483264K), 0.0197986 secs] [Times: user=0.03 sys=0.01, real=0.01 secs] 
1683.723: [GC (Allocation Failure) [PSYoungGen: 411438K->186004K(465920K)] 1243732K->1019672K(1483264K), 0.0208780 secs] [Times: user=0.03 sys=0.00, real=0.02 secs] 
1684.698: [GC (Allocation Failure) [PSYoungGen: 418964K->134201K(465920K)] 1252632K->968014K(1483264K), 0.0219091 secs] [Times: user=0.04 sys=0.00, real=0.02 secs] 
1686.376: [GC (Allocation Failure) [PSYoungGen: 367161K->18213K(465920K)] 1200974K->852323K(1483264K), 0.0047946 secs] [Times: user=0.01 sys=0.00, real=0.01 secs] 
1686.719: [GC (Allocation Failure) [PSYoungGen: 251173K->186261K(465920K)] 1085283K->1021617K(1483264K), 0.0205757 secs] [Times: user=0.03 sys=0.00, real=0.02 secs] 
1687.062: [GC (Allocation Failure) [PSYoungGen: 419221K->185972K(465920K)] 1254577K->1021601K(1483264K), 0.0208045 secs] [Times: user=0.03 sys=0.00, real=0.02 secs] 
1687.876: [GC (Allocation Failure) [PSYoungGen: 418932K->108384K(465920K)] 1254561K->944407K(1483264K), 0.0146119 secs] [Times: user=0.03 sys=0.00, real=0.02 secs] 
1689.953: [GC (Allocation Failure) [PSYoungGen: 341344K->45620K(465920K)] 1177367K->881830K(1483264K), 0.0064837 secs] [Times: user=0.01 sys=0.00, real=0.01 secs] 
1690.225: [GC (Allocation Failure) [PSYoungGen: 278580K->185747K(465920K)] 1114790K->1023339K(1483264K), 0.0206394 secs] [Times: user=0.03 sys=0.00, real=0.02 secs] 
1690.510: [GC (Allocation Failure) [PSYoungGen: 418707K->185779K(465920K)] 1256299K->1023516K(1483264K), 0.0208188 secs] [Times: user=0.03 sys=0.00, real=0.02 secs] 
1691.971: [GC (Allocation Failure) [PSYoungGen: 418739K->65187K(465920K)] 1256476K->903197K(1483264K), 0.0144206 secs] [Times: user=0.03 sys=0.00, real=0.01 secs] 
1693.369: [GC (Allocation Failure) [PSYoungGen: 298147K->71293K(465920K)] 1136157K->909619K(1483264K), 0.0090228 secs] [Times: user=0.02 sys=0.00, real=0.01 secs] 
1693.644: [GC (Allocation Failure) [PSYoungGen: 304253K->185811K(465920K)] 1142579K->1025383K(1483264K), 0.0206468 secs] [Times: user=0.03 sys=0.00, real=0.02 secs] 
1693.929: [GC (Allocation Failure) [PSYoungGen: 418771K->184430K(465920K)] 1258343K->1024282K(1483264K), 0.0206649 secs] [Times: user=0.03 sys=0.00, real=0.02 secs] 
1696.064: [GC (Allocation Failure) [PSYoungGen: 417390K->40736K(465920K)] 1257242K->880861K(1483264K), 0.0077403 secs] [Times: user=0.02 sys=0.00, real=0.01 secs] 
1697.660: [GC (Allocation Failure) [PSYoungGen: 273696K->95134K(465920K)] 1113821K->935589K(1483264K), 0.0114241 secs] [Times: user=0.02 sys=0.00, real=0.01 secs] 
1697.936: [GC (Allocation Failure) [PSYoungGen: 328094K->186261K(465920K)] 1168549K->1027962K(1483264K), 0.0206131 secs] [Times: user=0.03 sys=0.00, real=0.02 secs] 
1698.227: [GC (Allocation Failure) [PSYoungGen: 419221K->185940K(465920K)] 1260922K->1027922K(1483264K), 0.0206507 secs] [Times: user=0.03 sys=0.00, real=0.03 secs] 
1699.896: [GC (Allocation Failure) [PSYoungGen: 418900K->15095K(465920K)] 1260882K->857471K(1483264K), 0.0043303 secs] [Times: user=0.02 sys=0.00, real=0.01 secs] 
1700.832: [GC (Allocation Failure) [PSYoungGen: 248055K->121449K(465920K)] 1090431K->964010K(1483264K), 0.0140319 secs] [Times: user=0.02 sys=0.00, real=0.01 secs] 
1701.113: [GC (Allocation Failure) [PSYoungGen: 354409K->185715K(465920K)] 1196970K->1029658K(1483264K), 0.0206106 secs] [Times: user=0.03 sys=0.00, real=0.02 secs] 
1701.650: [GC (Allocation Failure) [PSYoungGen: 418675K->176034K(465920K)] 1262618K->1020122K(1483264K), 0.0235116 secs] [Times: user=0.04 sys=0.00, real=0.02 secs] 
1704.248: [GC (Allocation Failure) [PSYoungGen: 408994K->96K(465920K)] 1253082K->845615K(1483264K), 0.0041206 secs] [Times: user=0.02 sys=0.00, real=0.00 secs] 
1704.987: [GC (Allocation Failure) [PSYoungGen: 233056K->145997K(465920K)] 1078575K->991532K(1483264K), 0.0165842 secs] [Times: user=0.02 sys=0.00, real=0.02 secs] 
1705.268: [GC (Allocation Failure) [PSYoungGen: 378957K->185843K(465920K)] 1224492K->1032753K(1483264K), 0.0205800 secs] [Times: user=0.03 sys=0.01, real=0.02 secs] 
1705.966: [GC (Allocation Failure) [PSYoungGen: 418803K->158526K(465920K)] 1265713K->1005572K(1483264K), 0.0231271 secs] [Times: user=0.04 sys=0.00, real=0.03 secs] 
1707.783: [GC (Allocation Failure) [PSYoungGen: 391486K->96K(465920K)] 1238532K->848573K(1483264K), 0.0030793 secs] [Times: user=0.01 sys=0.00, real=0.00 secs] 
1708.216: [GC (Allocation Failure) [PSYoungGen: 233056K->170609K(465920K)] 1081533K->1019111K(1483264K), 0.0190001 secs] [Times: user=0.03 sys=0.00, real=0.02 secs] 
1708.506: [GC (Allocation Failure) [PSYoungGen: 403569K->186261K(465920K)] 1252071K->1036145K(1483264K), 0.0207278 secs] [Times: user=0.03 sys=0.00, real=0.02 secs] 
1709.010: [GC (Allocation Failure) [PSYoungGen: 419221K->141816K(465920K)] 1269105K->991845K(1483264K), 0.0167196 secs] [Times: user=0.03 sys=0.00, real=0.01 secs] 
1710.473: [GC (Allocation Failure) [PSYoungGen: 374666K->9117K(465920K)] 1224695K->859455K(1483264K), 0.0051799 secs] [Times: user=0.02 sys=0.00, real=0.01 secs] 
1710.862: [GC (Allocation Failure) [PSYoungGen: 242077K->184976K(465920K)] 1092415K->1036568K(1483264K), 0.0208715 secs] [Times: user=0.03 sys=0.00, real=0.02 secs] 
1711.146: [GC (Allocation Failure) [PSYoungGen: 417936K->184237K(465920K)] 1269528K->1036110K(1483264K), 0.0206769 secs] [Times: user=0.03 sys=0.00, real=0.02 secs] 
1712.113: [GC (Allocation Failure) [PSYoungGen: 417197K->120449K(465920K)] 1269070K->972716K(1483264K), 0.0220331 secs] [Times: user=0.04 sys=0.00, real=0.02 secs] 
1714.725: [GC (Allocation Failure) [PSYoungGen: 353409K->32222K(465920K)] 1205676K->884675K(1483264K), 0.0099864 secs] [Times: user=0.02 sys=0.00, real=0.01 secs] 
1715.134: [GC (Allocation Failure) [PSYoungGen: 265182K->186357K(465920K)] 1117635K->1040193K(1483264K), 0.0207315 secs] [Times: user=0.03 sys=0.00, real=0.02 secs] 
1715.422: [GC (Allocation Failure) [PSYoungGen: 419317K->186100K(465920K)] 1273153K->1040089K(1483264K), 0.0206627 secs] [Times: user=0.03 sys=0.00, real=0.02 secs] 
1717.615: [GC (Allocation Failure) [PSYoungGen: 419060K->77654K(465920K)] 1273049K->931915K(1483264K), 0.0221729 secs] [Times: user=0.05 sys=0.00, real=0.02 secs] 
1719.043: [GC (Allocation Failure) [PSYoungGen: 310499K->58794K(465920K)] 1164760K->913355K(1483264K), 0.0107021 secs] [Times: user=0.02 sys=0.00, real=0.01 secs] 
1719.354: [GC (Allocation Failure) [PSYoungGen: 291754K->184687K(465920K)] 1146315K->1040501K(1483264K), 0.0205330 secs] [Times: user=0.03 sys=0.00, real=0.02 secs] 
1719.645: [GC (Allocation Failure) [PSYoungGen: 417647K->184366K(465920K)] 1273461K->1040453K(1483264K), 0.0205089 secs] [Times: user=0.03 sys=0.00, real=0.02 secs] 
1720.400: [GC (Allocation Failure) [PSYoungGen: 417326K->54359K(465920K)] 1273413K->910712K(1483264K), 0.0082520 secs] [Times: user=0.02 sys=0.00, real=0.01 secs] 
1721.113: [GC (Allocation Failure) [PSYoungGen: 287319K->81861K(465920K)] 1143672K->938530K(1483264K), 0.0101388 secs] [Times: user=0.02 sys=0.00, real=0.01 secs] 
1721.389: [GC (Allocation Failure) [PSYoungGen: 314821K->186357K(465920K)] 1171490K->1044401K(1483264K), 0.0208692 secs] [Times: user=0.03 sys=0.00, real=0.02 secs] 
1721.673: [GC (Allocation Failure) [PSYoungGen: 419317K->184847K(465920K)] 1277361K->1043043K(1483264K), 0.0206123 secs] [Times: user=0.02 sys=0.00, real=0.02 secs] 
1723.342: [GC (Allocation Failure) [PSYoungGen: 417807K->29329K(465920K)] 1276003K->887790K(1483264K), 0.0063653 secs] [Times: user=0.02 sys=0.00, real=0.01 secs] 
1724.090: [GC (Allocation Failure) [PSYoungGen: 262289K->106412K(465920K)] 1120750K->965194K(1483264K), 0.0125832 secs] [Times: user=0.02 sys=0.00, real=0.01 secs] 
1724.368: [GC (Allocation Failure) [PSYoungGen: 339372K->186518K(465920K)] 1198154K->1046546K(1483264K), 0.0210203 secs] [Times: user=0.03 sys=0.00, real=0.02 secs] 
1724.654: [GC (Allocation Failure) [PSYoungGen: 419478K->186100K(465920K)] 1279506K->1046401K(1483264K), 0.0206873 secs] [Times: user=0.03 sys=0.01, real=0.02 secs] 
1726.392: [GC (Allocation Failure) [PSYoungGen: 419060K->3399K(465920K)] 1279361K->863965K(1483264K), 0.0031286 secs] [Times: user=0.01 sys=0.00, real=0.00 secs] 
1726.925: [GC (Allocation Failure) [PSYoungGen: 236359K->133016K(465920K)] 1096925K->993904K(1483264K), 0.0152186 secs] [Times: user=0.02 sys=0.00, real=0.02 secs] 
1727.205: [GC (Allocation Failure) [PSYoungGen: 365976K->186132K(465920K)] 1226864K->1048266K(1483264K), 0.0208102 secs] [Times: user=0.03 sys=0.00, real=0.02 secs] 
1728.047: [GC (Allocation Failure) [PSYoungGen: 419092K->167170K(465920K)] 1281226K->1029576K(1483264K), 0.0248979 secs] [Times: user=0.04 sys=0.00, real=0.02 secs] 
1730.401: [GC (Allocation Failure) [PSYoungGen: 400130K->160K(465920K)] 1262536K->864000K(1483264K), 0.0029543 secs] [Times: user=0.01 sys=0.00, real=0.00 secs] 
1730.794: [GC (Allocation Failure) [PSYoungGen: 233120K->158624K(465920K)] 1096960K->1022496K(1483264K), 0.0178912 secs] [Times: user=0.02 sys=0.00, real=0.02 secs] 
1731.135: [GC (Allocation Failure) [PSYoungGen: 391584K->184976K(465920K)] 1255456K->1050101K(1483264K), 0.0207444 secs] [Times: user=0.03 sys=0.00, real=0.02 secs] 
1733.200: [GC (Allocation Failure) [PSYoungGen: 417936K->146846K(465920K)] 1283061K->1012373K(1483264K), 0.0268215 secs] [Times: user=0.04 sys=0.00, real=0.02 secs] 
1735.292: [GC (Allocation Failure) [PSYoungGen: 379806K->96K(465920K)] 1245333K->866926K(1483264K), 0.0050009 secs] [Times: user=0.02 sys=0.00, real=0.00 secs] 
1735.731: [GC (Allocation Failure) [PSYoungGen: 233056K->183204K(465920K)] 1099886K->1050059K(1483264K), 0.0203318 secs] [Times: user=0.03 sys=0.00, real=0.02 secs] 
1736.016: [GC (Allocation Failure) [PSYoungGen: 416164K->185972K(465920K)] 1283019K->1054080K(1483264K), 0.0206960 secs] [Times: user=0.03 sys=0.00, real=0.02 secs] 
1737.191: [GC (Allocation Failure) [PSYoungGen: 418932K->129478K(465920K)] 1287040K->997859K(1483264K), 0.0363113 secs] [Times: user=0.07 sys=0.00, real=0.04 secs] 
1739.465: [GC (Allocation Failure) [PSYoungGen: 362438K->22711K(465920K)] 1230819K->891410K(1483264K), 0.0073099 secs] [Times: user=0.02 sys=0.00, real=0.01 secs] 
1739.805: [GC (Allocation Failure) [PSYoungGen: 255671K->186100K(465920K)] 1124370K->1056061K(1483264K), 0.0206309 secs] [Times: user=0.03 sys=0.00, real=0.02 secs] 
1740.127: [GC (Allocation Failure) [PSYoungGen: 419060K->185972K(465920K)] 1289021K->1056334K(1483264K), 0.0207623 secs] [Times: user=0.03 sys=0.00, real=0.03 secs] 
1740.876: [GC (Allocation Failure) [PSYoungGen: 418932K->103966K(465920K)] 1289294K->974594K(1483264K), 0.0141424 secs] [Times: user=0.03 sys=0.00, real=0.02 secs] 
1741.798: [GC (Allocation Failure) [PSYoungGen: 336926K->50116K(465920K)] 1207554K->920928K(1483264K), 0.0070279 secs] [Times: user=0.02 sys=0.00, real=0.00 secs] 
1742.069: [GC (Allocation Failure) [PSYoungGen: 283076K->185715K(465920K)] 1153888K->1057773K(1483264K), 0.0207316 secs] [Times: user=0.03 sys=0.00, real=0.02 secs] 
1742.355: [GC (Allocation Failure) [PSYoungGen: 418675K->185843K(465920K)] 1290733K->1058175K(1483264K), 0.0208129 secs] [Times: user=0.03 sys=0.00, real=0.02 secs] 
1744.382: [GC (Allocation Failure) [PSYoungGen: 418803K->60657K(465920K)] 1291135K->933253K(1483264K), 0.0210838 secs] [Times: user=0.04 sys=0.00, real=0.02 secs] 
1745.943: [GC (Allocation Failure) [PSYoungGen: 293617K->76334K(465920K)] 1166213K->949231K(1483264K), 0.0096890 secs] [Times: user=0.02 sys=0.00, real=0.01 secs] 
1746.271: [GC (Allocation Failure) [PSYoungGen: 309294K->184590K(465920K)] 1182191K->1058733K(1483264K), 0.0205551 secs] [Times: user=0.03 sys=0.00, real=0.02 secs] 
1746.557: [GC (Allocation Failure) [PSYoungGen: 417550K->186389K(465920K)] 1291693K->1060805K(1483264K), 0.0207651 secs] [Times: user=0.03 sys=0.00, real=0.03 secs] 
1748.622: [GC (Allocation Failure) [PSYoungGen: 419349K->35065K(465920K)] 1293765K->909745K(1483264K), 0.0143045 secs] [Times: user=0.04 sys=0.00, real=0.01 secs] 
1749.695: [GC (Allocation Failure) [PSYoungGen: 268025K->100949K(465920K)] 1142705K->975954K(1483264K), 0.0120654 secs] [Times: user=0.02 sys=0.00, real=0.01 secs] 
1750.030: [GC (Allocation Failure) [PSYoungGen: 333909K->184205K(465920K)] 1208914K->1060592K(1483264K), 0.0204318 secs] [Times: user=0.03 sys=0.00, real=0.02 secs] 
1750.369: [GC (Allocation Failure) [PSYoungGen: 417165K->184430K(465920K)] 1293552K->1061090K(1483264K), 0.0205395 secs] [Times: user=0.03 sys=0.00, real=0.02 secs] 
1753.129: [GC (Allocation Failure) [PSYoungGen: 417390K->12862K(465920K)] 1294050K->889659K(1483264K), 0.0057527 secs] [Times: user=0.02 sys=0.00, real=0.00 secs] 
1754.205: [GC (Allocation Failure) [PSYoungGen: 245822K->123184K(465920K)] 1122619K->1000296K(1483264K), 0.0143769 secs] [Times: user=0.02 sys=0.00, real=0.02 secs] 
1754.483: [GC (Allocation Failure) [PSYoungGen: 356144K->184430K(465920K)] 1233256K->1062916K(1483264K), 0.0204782 secs] [Times: user=0.03 sys=0.00, real=0.02 secs] 
1755.092: [GC (Allocation Failure) [PSYoungGen: 417390K->175681K(465920K)] 1295876K->1054304K(1483264K), 0.0241082 secs] [Times: user=0.04 sys=0.00, real=0.02 secs] 
1757.658: [GC (Allocation Failure) [PSYoungGen: 408641K->96K(465920K)] 1287264K->880166K(1483264K), 0.0040174 secs] [Times: user=0.02 sys=0.00, real=0.00 secs] 
1758.459: [GC (Allocation Failure) [PSYoungGen: 232966K->144744K(465920K)] 1113037K->1024831K(1483264K), 0.0164705 secs] [Times: user=0.03 sys=0.00, real=0.01 secs] 
1758.738: [GC (Allocation Failure) [PSYoungGen: 377704K->184333K(465920K)] 1257791K->1065674K(1483264K), 0.0206118 secs] [Times: user=0.03 sys=0.00, real=0.02 secs] 
1759.139: [GC (Allocation Failure) [PSYoungGen: 417293K->161401K(465920K)] 1298634K->1043015K(1483264K), 0.0178416 secs] [Times: user=0.02 sys=0.00, real=0.01 secs] 
1761.388: [GC (Allocation Failure) [PSYoungGen: 394361K->96K(465920K)] 1275975K->883145K(1483264K), 0.0031878 secs] [Times: user=0.01 sys=0.00, real=0.00 secs] 
1761.957: [GC (Allocation Failure) [PSYoungGen: 233056K->165982K(465920K)] 1116105K->1049047K(1483264K), 0.0186832 secs] [Times: user=0.03 sys=0.00, real=0.02 secs] 
1762.244: [GC (Allocation Failure) [PSYoungGen: 398942K->184462K(465920K)] 1282007K->1068773K(1483264K), 0.0205383 secs] [Times: user=0.03 sys=0.00, real=0.02 secs] 
1762.785: [GC (Allocation Failure) [PSYoungGen: 415248K->140034K(465920K)] 1299559K->1024739K(1483264K), 0.0174516 secs] [Times: user=0.03 sys=0.00, real=0.02 secs] 
1763.868: [GC (Allocation Failure) [PSYoungGen: 372953K->1730K(465920K)] 1257657K->886621K(1483264K), 0.0033443 secs] [Times: user=0.01 sys=0.00, real=0.00 secs] 
1764.234: [GC (Allocation Failure) [PSYoungGen: 234690K->184719K(465920K)] 1119581K->1070856K(1483264K), 0.0208757 secs] [Times: user=0.03 sys=0.00, real=0.02 secs] 
1764.575: [GC (Allocation Failure) [PSYoungGen: 417679K->184398K(465920K)] 1303816K->1070808K(1483264K), 0.0206473 secs] [Times: user=0.03 sys=0.00, real=0.02 secs] 
1765.475: [GC (Allocation Failure) [PSYoungGen: 417358K->127872K(465920K)] 1303768K->1014547K(1483264K), 0.0317890 secs] [Times: user=0.07 sys=0.00, real=0.03 secs] 
1767.336: [GC (Allocation Failure) [PSYoungGen: 360832K->24893K(465920K)] 1247507K->911893K(1483264K), 0.0063553 secs] [Times: user=0.02 sys=0.00, real=0.01 secs] 
1767.644: [GC (Allocation Failure) [PSYoungGen: 257853K->186486K(465920K)] 1144853K->1074731K(1483264K), 0.0210277 secs] [Times: user=0.03 sys=0.00, real=0.02 secs] 
1767.930: [GC (Allocation Failure) [PSYoungGen: 419446K->186132K(465920K)] 1307691K->1074659K(1483264K), 0.0206132 secs] [Times: user=0.03 sys=0.00, real=0.02 secs] 
1768.895: [GC (Allocation Failure) [PSYoungGen: 419092K->84851K(465920K)] 1307619K->973643K(1483264K), 0.0129343 secs] [Times: user=0.02 sys=0.00, real=0.02 secs] 
1770.483: [GC (Allocation Failure) [PSYoungGen: 317811K->51789K(465920K)] 1206603K->940883K(1483264K), 0.0086369 secs] [Times: user=0.01 sys=0.00, real=0.01 secs] 
1770.765: [GC (Allocation Failure) [PSYoungGen: 284749K->185875K(465920K)] 1173843K->1076230K(1483264K), 0.0207766 secs] [Times: user=0.03 sys=0.00, real=0.02 secs] 
1771.110: [GC (Allocation Failure) [PSYoungGen: 418835K->185843K(465920K)] 1309190K->1076471K(1483264K), 0.0206572 secs] [Times: user=0.03 sys=0.00, real=0.02 secs] 
1773.197: [GC (Allocation Failure) [PSYoungGen: 418803K->58890K(465920K)] 1309431K->949783K(1483264K), 0.0137217 secs] [Times: user=0.03 sys=0.00, real=0.02 secs] 
1775.223: [GC (Allocation Failure) [PSYoungGen: 291850K->77748K(465920K)] 1182743K->968949K(1483264K), 0.0101024 secs] [Times: user=0.02 sys=0.00, real=0.01 secs] 
1775.498: [GC (Allocation Failure) [PSYoungGen: 310708K->186004K(465920K)] 1201909K->1078451K(1483264K), 0.0206917 secs] [Times: user=0.03 sys=0.00, real=0.02 secs] 
1775.787: [GC (Allocation Failure) [PSYoungGen: 418964K->184590K(465920K)] 1311411K->1077318K(1483264K), 0.0206336 secs] [Times: user=0.03 sys=0.00, real=0.03 secs] 
1776.750: [GC (Allocation Failure) [PSYoungGen: 417550K->34052K(465920K)] 1310278K->927045K(1483264K), 0.0072270 secs] [Times: user=0.02 sys=0.00, real=0.00 secs] 
1778.086: [GC (Allocation Failure) [PSYoungGen: 267012K->102459K(465920K)] 1160005K->995756K(1483264K), 0.0122668 secs] [Times: user=0.02 sys=0.00, real=0.02 secs] 
1778.423: [GC (Allocation Failure) [PSYoungGen: 335419K->186261K(465920K)] 1228716K->1080811K(1483264K), 0.0209420 secs] [Times: user=0.02 sys=0.00, real=0.02 secs] 
1778.707: [GC (Allocation Failure) [PSYoungGen: 419221K->184558K(465920K)] 1313771K->1079390K(1483264K), 0.0207338 secs] [Times: user=0.03 sys=0.00, real=0.02 secs] 
1781.701: [GC (Allocation Failure) [PSYoungGen: 417518K->9151K(465920K)] 1312350K->904248K(1483264K), 0.0039252 secs] [Times: user=0.01 sys=0.00, real=0.00 secs] 
1782.223: [GC (Allocation Failure) [PSYoungGen: 242111K->127168K(465920K)] 1137208K->1022588K(1483264K), 0.0147393 secs] [Times: user=0.02 sys=0.00, real=0.02 secs] 
1782.503: [GC (Allocation Failure) [PSYoungGen: 360128K->186132K(465920K)] 1255548K->1082927K(1483264K), 0.0210218 secs] [Times: user=0.03 sys=0.00, real=0.02 secs] 
1782.996: [GC (Allocation Failure) [PSYoungGen: 419092K->173034K(465920K)] 1315887K->1069973K(1483264K), 0.0230680 secs] [Times: user=0.04 sys=0.00, real=0.03 secs] 
1784.812: [GC (Allocation Failure) [PSYoungGen: 405994K->96K(465920K)] 1302933K->898482K(1483264K), 0.0050425 secs] [Times: user=0.02 sys=0.00, real=0.00 secs] 
1785.509: [GC (Allocation Failure) [PSYoungGen: 233056K->152166K(465920K)] 1131442K->1050569K(1483264K), 0.0171799 secs] [Times: user=0.02 sys=0.00, real=0.01 secs] 
1785.792: [GC (Allocation Failure) [PSYoungGen: 385126K->186261K(465920K)] 1283529K->1085909K(1483264K), 0.0208157 secs] [Times: user=0.03 sys=0.00, real=0.02 secs] 
1786.409: [GC (Allocation Failure) [PSYoungGen: 419221K->152003K(465920K)] 1318869K->1051916K(1483264K), 0.0200148 secs] [Times: user=0.03 sys=0.00, real=0.02 secs] 
1788.753: [GC (Allocation Failure) [PSYoungGen: 384963K->96K(465920K)] 1284876K->901449K(1483264K), 0.0069308 secs] [Times: user=0.03 sys=0.00, real=0.01 secs] 
1789.317: [GC (Allocation Failure) [PSYoungGen: 233056K->178256K(465920K)] 1134409K->1079625K(1483264K), 0.0200932 secs] [Times: user=0.03 sys=0.00, real=0.02 secs] 
1789.664: [GC (Allocation Failure) [PSYoungGen: 411216K->185972K(465920K)] 1312585K->1088595K(1483264K), 0.0208373 secs] [Times: user=0.03 sys=0.00, real=0.02 secs] 
1790.798: [GC (Allocation Failure) [PSYoungGen: 418932K->134490K(465920K)] 1321555K->1037378K(1483264K), 0.0245623 secs] [Times: user=0.05 sys=0.00, real=0.02 secs] 
1792.596: [GC (Allocation Failure) [PSYoungGen: 367450K->18727K(465920K)] 1270338K->921920K(1483264K), 0.0053951 secs] [Times: user=0.02 sys=0.00, real=0.01 secs] 
1792.971: [GC (Allocation Failure) [PSYoungGen: 251687K->185747K(465920K)] 1154880K->1090314K(1483264K), 0.0209559 secs] [Times: user=0.03 sys=0.00, real=0.02 secs] 
1793.310: [GC (Allocation Failure) [PSYoungGen: 418707K->185875K(465920K)] 1323274K->1090588K(1483264K), 0.0206142 secs] [Times: user=0.03 sys=0.00, real=0.02 secs] 
1793.950: [GC (Allocation Failure) [PSYoungGen: 418835K->108465K(465920K)] 1323548K->1013450K(1483264K), 0.0146528 secs] [Times: user=0.03 sys=0.01, real=0.01 secs] 
1795.215: [GC (Allocation Failure) [PSYoungGen: 341425K->44878K(465920K)] 1246410K->950187K(1483264K), 0.0065078 secs] [Times: user=0.02 sys=0.00, real=0.01 secs] 
1795.486: [GC (Allocation Failure) [PSYoungGen: 277838K->185875K(465920K)] 1183147K->1092438K(1483264K), 0.0208180 secs] [Times: user=0.03 sys=0.00, real=0.02 secs] 
1795.774: [GC (Allocation Failure) [PSYoungGen: 418835K->185843K(465920K)] 1325398K->1092687K(1483264K), 0.0208839 secs] [Times: user=0.03 sys=0.00, real=0.02 secs] 
1798.098: [GC (Allocation Failure) [PSYoungGen: 418803K->65814K(465920K)] 1325647K->972923K(1483264K), 0.0177051 secs] [Times: user=0.03 sys=0.00, real=0.01 secs] 
1799.760: [GC (Allocation Failure) [PSYoungGen: 298774K->69525K(465920K)] 1205883K->976940K(1483264K), 0.0116800 secs] [Times: user=0.02 sys=0.00, real=0.01 secs] 
1800.064: [GC (Allocation Failure) [PSYoungGen: 302485K->184333K(465920K)] 1209900K->1093001K(1483264K), 0.0208231 secs] [Times: user=0.03 sys=0.00, real=0.02 secs] 
1800.347: [GC (Allocation Failure) [PSYoungGen: 417293K->184173K(465920K)] 1325961K->1093122K(1483264K), 0.0206741 secs] [Times: user=0.03 sys=0.00, real=0.02 secs] 
1801.193: [GC (Allocation Failure) [PSYoungGen: 417133K->44302K(465920K)] 1326082K->953517K(1483264K), 0.0084383 secs] [Times: user=0.02 sys=0.00, real=0.01 secs] 
1801.944: [GC (Allocation Failure) [PSYoungGen: 277262K->92146K(465920K)] 1186477K->1001658K(1483264K), 0.0112289 secs] [Times: user=0.02 sys=0.00, real=0.01 secs] 
1802.218: [GC (Allocation Failure) [PSYoungGen: 325106K->184333K(465920K)] 1234618K->1095227K(1483264K), 0.0206050 secs] [Times: user=0.02 sys=0.00, real=0.02 secs] 
1802.507: [GC (Allocation Failure) [PSYoungGen: 417293K->184590K(465920K)] 1328187K->1095637K(1483264K), 0.0205295 secs] [Times: user=0.03 sys=0.00, real=0.03 secs] 
1804.548: [GC (Allocation Failure) [PSYoungGen: 417550K->21329K(465920K)] 1328597K->932649K(1483264K), 0.0067318 secs] [Times: user=0.02 sys=0.00, real=0.00 secs] 
1805.798: [GC (Allocation Failure) [PSYoungGen: 254289K->113738K(465920K)] 1165609K->1025363K(1483264K), 0.0139612 secs] [Times: user=0.02 sys=0.00, real=0.01 secs] 
1806.073: [GC (Allocation Failure) [PSYoungGen: 346698K->183819K(465920K)] 1258323K->1096690K(1483264K), 0.0205743 secs] [Times: user=0.03 sys=0.00, real=0.02 secs] 
1806.356: [GC (Allocation Failure) [PSYoungGen: 416779K->183369K(465920K)] 1329650K->1096514K(1483264K), 0.0206292 secs] [Times: user=0.03 sys=0.00, real=0.02 secs] 
1808.957: [GC (Allocation Failure) [PSYoungGen: 416329K->1376K(465920K)] 1329474K->914664K(1483264K), 0.0068708 secs] [Times: user=0.03 sys=0.00, real=0.01 secs] 
1809.934: [GC (Allocation Failure) [PSYoungGen: 234336K->135005K(465920K)] 1147624K->1048483K(1483264K), 0.0157238 secs] [Times: user=0.02 sys=0.00, real=0.02 secs] 
1810.215: [GC (Allocation Failure) [PSYoungGen: 367965K->184430K(465920K)] 1281443K->1099298K(1483264K), 0.0207123 secs] [Times: user=0.03 sys=0.00, real=0.02 secs] 
1811.327: [GC (Allocation Failure) [PSYoungGen: 417390K->166912K(465920K)] 1332258K->1081917K(1483264K), 0.0279730 secs] [Times: user=0.05 sys=0.00, real=0.03 secs] 
1812.351: [GC (Allocation Failure) [PSYoungGen: 399872K->96K(465920K)] 1314877K->916538K(1483264K), 0.0027603 secs] [Times: user=0.01 sys=0.00, real=0.00 secs] 
1812.764: [GC (Allocation Failure) [PSYoungGen: 233056K->157757K(465920K)] 1149498K->1074215K(1483264K), 0.0182604 secs] [Times: user=0.03 sys=0.00, real=0.02 secs] 
1813.047: [GC (Allocation Failure) [PSYoungGen: 390717K->184462K(465920K)] 1307175K->1102174K(1483264K), 0.0208041 secs] [Times: user=0.03 sys=0.00, real=0.03 secs] 
1814.538: [GC (Allocation Failure) [PSYoungGen: 417422K->148260K(465920K)] 1335134K->1066237K(1483264K), 0.0375434 secs] [Times: user=0.06 sys=0.01, real=0.03 secs] 
1815.848: [GC (Allocation Failure) [PSYoungGen: 381220K->96K(465920K)] 1299197K->919514K(1483264K), 0.0029663 secs] [Times: user=0.01 sys=0.00, real=0.00 secs] 
1816.190: [GC (Allocation Failure) [PSYoungGen: 233056K->179606K(465920K)] 1152474K->1099040K(1483264K), 0.0199667 secs] [Times: user=0.03 sys=0.00, real=0.02 secs] 
1816.472: [GC (Allocation Failure) [PSYoungGen: 412566K->184076K(465920K)] 1332000K->1104756K(1483264K), 0.0205184 secs] [Times: user=0.03 sys=0.00, real=0.02 secs] 
1817.372: [GC (Allocation Failure) [PSYoungGen: 417036K->135004K(465920K)] 1337716K->1055950K(1483264K), 0.0170882 secs] [Times: user=0.03 sys=0.00, real=0.02 secs] 
1818.453: [GC (Allocation Failure) [PSYoungGen: 367964K->17856K(465920K)] 1288910K->939115K(1483264K), 0.0048176 secs] [Times: user=0.01 sys=0.00, real=0.01 secs] 
1818.731: [GC (Allocation Failure) [PSYoungGen: 250816K->186389K(465920K)] 1172075K->1108902K(1483264K), 0.0207601 secs] [Times: user=0.03 sys=0.00, real=0.02 secs] 
1819.017: [GC (Allocation Failure) [PSYoungGen: 419349K->185972K(465920K)] 1341862K->1108766K(1483264K), 0.0207752 secs] [Times: user=0.02 sys=0.00, real=0.03 secs] 
1821.215: [GC (Allocation Failure) [PSYoungGen: 418932K->108593K(465920K)] 1341726K->1031660K(1483264K), 0.0165632 secs] [Times: user=0.04 sys=0.00, real=0.02 secs] 
1823.251: [GC (Allocation Failure) [PSYoungGen: 341553K->44271K(465920K)] 1264620K->967643K(1483264K), 0.0092502 secs] [Times: user=0.02 sys=0.00, real=0.01 secs] 
1823.568: [GC (Allocation Failure) [PSYoungGen: 277231K->185875K(465920K)] 1200603K->1110485K(1483264K), 0.0206400 secs] [Times: user=0.03 sys=0.00, real=0.02 secs] 
1823.852: [GC (Allocation Failure) [PSYoungGen: 418835K->185843K(465920K)] 1343445K->1110727K(1483264K), 0.0206973 secs] [Times: user=0.03 sys=0.00, real=0.02 secs] 
1824.658: [GC (Allocation Failure) [PSYoungGen: 418803K->66376K(465920K)] 1343687K->991524K(1483264K), 0.0107635 secs] [Times: user=0.03 sys=0.00, real=0.01 secs] 
1825.489: [GC (Allocation Failure) [PSYoungGen: 299336K->70037K(465920K)] 1224484K->995501K(1483264K), 0.0090516 secs] [Times: user=0.02 sys=0.00, real=0.01 secs] 
1825.763: [GC (Allocation Failure) [PSYoungGen: 302997K->186389K(465920K)] 1228461K->1113228K(1483264K), 0.0209720 secs] [Times: user=0.03 sys=0.00, real=0.02 secs] 
1826.050: [GC (Allocation Failure) [PSYoungGen: 419349K->185972K(465920K)] 1346188K->1113091K(1483264K), 0.0208353 secs] [Times: user=0.03 sys=0.00, real=0.02 secs] 
1827.585: [GC (Allocation Failure) [PSYoungGen: 418932K->39997K(465920K)] 1346051K->967261K(1483264K), 0.0127124 secs] [Times: user=0.03 sys=0.00, real=0.02 secs] 
1828.322: [GC (Allocation Failure) [PSYoungGen: 272946K->96030K(465920K)] 1200210K->1023608K(1483264K), 0.0115946 secs] [Times: user=0.02 sys=0.00, real=0.01 secs] 
1828.668: [GC (Allocation Failure) [PSYoungGen: 328990K->184076K(465920K)] 1256568K->1112907K(1483264K), 0.0206951 secs] [Times: user=0.03 sys=0.00, real=0.02 secs] 
1829.007: [GC (Allocation Failure) [PSYoungGen: 417036K->184494K(465920K)] 1345867K->1113727K(1483264K), 0.0206382 secs] [Times: user=0.03 sys=0.00, real=0.02 secs] 
1830.775: [GC (Allocation Failure) [PSYoungGen: 417454K->17875K(465920K)] 1346687K->947244K(1483264K), 0.0063494 secs] [Times: user=0.02 sys=0.00, real=0.01 secs] 
1831.704: [GC (Allocation Failure) [PSYoungGen: 250835K->118396K(465920K)] 1180204K->1048079K(1483264K), 0.0138904 secs] [Times: user=0.02 sys=0.00, real=0.02 secs] 
1831.981: [GC (Allocation Failure) [PSYoungGen: 351356K->184462K(465920K)] 1281039K->1115398K(1483264K), 0.0206643 secs] [Times: user=0.03 sys=0.00, real=0.02 secs] 
1832.313: [GC (Allocation Failure) [PSYoungGen: 417422K->179940K(465920K)] 1348358K->1111150K(1483264K), 0.0218355 secs] [Times: user=0.04 sys=0.00, real=0.02 secs] 
1834.306: [GC (Allocation Failure) [PSYoungGen: 412900K->96K(465920K)] 1344110K->932753K(1483264K), 0.0037108 secs] [Times: user=0.02 sys=0.01, real=0.01 secs] 
1834.978: [GC (Allocation Failure) [PSYoungGen: 233056K->140342K(465920K)] 1165713K->1073015K(1483264K), 0.0161071 secs] [Times: user=0.03 sys=0.00, real=0.01 secs] 
1835.257: [GC (Allocation Failure) [PSYoungGen: 373302K->184301K(465920K)] 1305975K->1118212K(1483264K), 0.0205533 secs] [Times: user=0.03 sys=0.00, real=0.02 secs] 
1835.933: [GC (Allocation Failure) [PSYoungGen: 416532K->161643K(465920K)] 1350443K->1095827K(1483264K), 0.0217094 secs] [Times: user=0.03 sys=0.00, real=0.02 secs] 
1838.286: [GC (Allocation Failure) [PSYoungGen: 394603K->96K(465920K)] 1328787K->935713K(1483264K), 0.0071994 secs] [Times: user=0.04 sys=0.00, real=0.01 secs] 
1839.207: [GC (Allocation Failure) [PSYoungGen: 233056K->161384K(465920K)] 1168673K->1097018K(1483264K), 0.0181483 secs] [Times: user=0.03 sys=0.00, real=0.02 secs] 
1839.489: [GC (Allocation Failure) [PSYoungGen: 394344K->184719K(465920K)] 1329978K->1121743K(1483264K), 0.0206563 secs] [Times: user=0.03 sys=0.00, real=0.02 secs] 
1839.989: [GC (Allocation Failure) [PSYoungGen: 417679K->144420K(465920K)] 1354703K->1081717K(1483264K), 0.0176651 secs] [Times: user=0.02 sys=0.00, real=0.01 secs] 
1841.013: [GC (Allocation Failure) [PSYoungGen: 377380K->96K(465920K)] 1314677K->937562K(1483264K), 0.0031277 secs] [Times: user=0.01 sys=0.00, real=0.00 secs] 
1841.298: [GC (Allocation Failure) [PSYoungGen: 233056K->185004K(465920K)] 1170522K->1122502K(1483264K), 0.0206659 secs] [Times: user=0.03 sys=0.00, real=0.02 secs] 
1841.587: [GC (Allocation Failure) [PSYoungGen: 417964K->184237K(465920K)] 1355462K->1122988K(1483264K), 0.0207107 secs] [Times: user=0.03 sys=0.00, real=0.03 secs] 
1842.187: [GC (Allocation Failure) [PSYoungGen: 417197K->129446K(465920K)] 1355948K->1068463K(1483264K), 0.0162913 secs] [Times: user=0.03 sys=0.00, real=0.02 secs] 
1844.074: [GC (Allocation Failure) [PSYoungGen: 362406K->22968K(465920K)] 1301423K->962299K(1483264K), 0.0057364 secs] [Times: user=0.02 sys=0.00, real=0.01 secs] 
1844.435: [GC (Allocation Failure) [PSYoungGen: 255928K->184076K(465920K)] 1195259K->1124652K(1483264K), 0.0204675 secs] [Times: user=0.03 sys=0.00, real=0.02 secs] 
1844.775: [GC (Allocation Failure) [PSYoungGen: 417036K->183948K(465920K)] 1357612K->1124805K(1483264K), 0.0205226 secs] [Times: user=0.03 sys=0.00, real=0.02 secs] 
1846.575: [GC (Allocation Failure) [PSYoungGen: 416908K->107870K(465920K)] 1357765K->1049121K(1483264K), 0.0322930 secs] [Times: user=0.07 sys=0.00, real=0.04 secs] 
1848.842: [GC (Allocation Failure) [PSYoungGen: 340830K->44399K(465920K)] 1282081K->985835K(1483264K), 0.0082360 secs] [Times: user=0.02 sys=0.00, real=0.01 secs] 
1849.139: [GC (Allocation Failure) [PSYoungGen: 277359K->186421K(465920K)] 1218795K->1129232K(1483264K), 0.0208821 secs] [Times: user=0.03 sys=0.00, real=0.02 secs] 
1849.430: [GC (Allocation Failure) [PSYoungGen: 419381K->186068K(465920K)] 1362192K->1129039K(1483264K), 0.0208945 secs] [Times: user=0.03 sys=0.00, real=0.02 secs] 
1850.308: [GC (Allocation Failure) [PSYoungGen: 419028K->65476K(465920K)] 1361999K->1008712K(1483264K), 0.0103947 secs] [Times: user=0.02 sys=0.00, real=0.01 secs] 
1851.086: [GC (Allocation Failure) [PSYoungGen: 298436K->71579K(465920K)] 1241672K->1015115K(1483264K), 0.0092582 secs] [Times: user=0.01 sys=0.00, real=0.01 secs] 
1851.361: [GC (Allocation Failure) [PSYoungGen: 304539K->185875K(465920K)] 1248075K->1130785K(1483264K), 0.0209145 secs] [Times: user=0.03 sys=0.00, real=0.02 secs] 
1851.647: [GC (Allocation Failure) [PSYoungGen: 418835K->184622K(465920K)] 1363745K->1129685K(1483264K), 0.0206454 secs] [Times: user=0.03 sys=0.00, real=0.03 secs] 
1852.864: [GC (Allocation Failure) [PSYoungGen: 417582K->40350K(465920K)] 1362645K->985806K(1483264K), 0.0089399 secs] [Times: user=0.02 sys=0.00, real=0.01 secs] 
1854.043: [GC (Allocation Failure) [PSYoungGen: 273310K->96804K(465920K)] 1218766K->1042454K(1483264K), 0.0140890 secs] [Times: user=0.02 sys=0.00, real=0.01 secs] 
1854.402: [GC (Allocation Failure) [PSYoungGen: 329764K->185875K(465920K)] 1275414K->1132770K(1483264K), 0.0207826 secs] [Times: user=0.03 sys=0.00, real=0.02 secs] 
1854.686: [GC (Allocation Failure) [PSYoungGen: 418835K->184398K(465920K)] 1365730K->1131574K(1483264K), 0.0208145 secs] [Times: user=0.03 sys=0.00, real=0.02 secs] 
1857.175: [GC (Allocation Failure) [PSYoungGen: 417358K->15288K(465920K)] 1364534K->962729K(1483264K), 0.0076979 secs] [Times: user=0.03 sys=0.00, real=0.01 secs] 
1857.992: [GC (Allocation Failure) [PSYoungGen: 248248K->120485K(465920K)] 1195689K->1068227K(1483264K), 0.0142301 secs] [Times: user=0.02 sys=0.00, real=0.01 secs] 
1858.280: [GC (Allocation Failure) [PSYoungGen: 353445K->184944K(465920K)] 1301187K->1133940K(1483264K), 0.0206926 secs] [Times: user=0.03 sys=0.00, real=0.02 secs] 
1858.911: [GC (Allocation Failure) [PSYoungGen: 417904K->177370K(465920K)] 1366900K->1126639K(1483264K), 0.0288565 secs] [Times: user=0.04 sys=0.00, real=0.03 secs] 
1861.699: [GC (Allocation Failure) [PSYoungGen: 410330K->160K(465920K)] 1359599K->950880K(1483264K), 0.0060919 secs] [Times: user=0.03 sys=0.00, real=0.00 secs] 
1862.388: [GC (Allocation Failure) [PSYoungGen: 233120K->142013K(465920K)] 1183840K->1092766K(1483264K), 0.0162357 secs] [Times: user=0.02 sys=0.00, real=0.01 secs] 
1862.667: [GC (Allocation Failure) [PSYoungGen: 374973K->184205K(465920K)] 1325726K->1136203K(1483264K), 0.0204936 secs] [Times: user=0.03 sys=0.00, real=0.02 secs] 
1863.166: [GC (Allocation Failure) [PSYoungGen: 414923K->160085K(465920K)] 1366922K->1112348K(1483264K), 0.0202685 secs] [Times: user=0.03 sys=0.00, real=0.02 secs] 
1864.181: [GC (Allocation Failure) [PSYoungGen: 393045K->128K(465920K)] 1345308K->953831K(1483264K), 0.0032291 secs] [Times: user=0.02 sys=0.00, real=0.00 secs] 
1864.575: [GC (Allocation Failure) [PSYoungGen: 233088K->161516K(465920K)] 1186791K->1115227K(1483264K), 0.0182862 secs] [Times: user=0.03 sys=0.00, real=0.02 secs] 
1864.856: [GC (Allocation Failure) [PSYoungGen: 394476K->184815K(465920K)] 1348187K->1139772K(1483264K), 0.0206477 secs] [Times: user=0.03 sys=0.00, real=0.02 secs] 
1865.581: [GC (Allocation Failure) [PSYoungGen: 417775K->144195K(465920K)] 1372732K->1099425K(1483264K), 0.0174569 secs] [Times: user=0.03 sys=0.00, real=0.02 secs] 
1867.522: [GC (Allocation Failure) [PSYoungGen: 377155K->128K(465920K)] 1332385K->956799K(1483264K), 0.0053057 secs] [Times: user=0.02 sys=0.00, real=0.00 secs] 
1868.002: [GC (Allocation Failure) [PSYoungGen: 233088K->183590K(465920K)] 1189759K->1140278K(1483264K), 0.0208058 secs] [Times: user=0.03 sys=0.00, real=0.02 secs] 
1868.345: [GC (Allocation Failure) [PSYoungGen: 416550K->184398K(465920K)] 1373238K->1142323K(1483264K), 0.0224825 secs] [Times: user=0.03 sys=0.00, real=0.03 secs] 
1868.929: [GC (Allocation Failure) [PSYoungGen: 417358K->130603K(465920K)] 1375283K->1088793K(1483264K), 0.0178392 secs] [Times: user=0.04 sys=0.00, real=0.01 secs] 
1870.862: [GC (Allocation Failure) [PSYoungGen: 363563K->22486K(465920K)] 1321753K->980982K(1483264K), 0.0055148 secs] [Times: user=0.02 sys=0.00, real=0.01 secs] 
1871.211: [GC (Allocation Failure) [PSYoungGen: 255446K->186389K(465920K)] 1213942K->1146276K(1483264K), 0.0208336 secs] [Times: user=0.03 sys=0.00, real=0.02 secs] 
1871.494: [GC (Allocation Failure) [PSYoungGen: 419349K->184783K(465920K)] 1379236K->1144822K(1483264K), 0.0207763 secs] [Times: user=0.03 sys=0.00, real=0.02 secs] 
1873.135: [GC (Allocation Failure) [PSYoungGen: 417743K->105123K(465920K)] 1377782K->1065427K(1483264K), 0.0172576 secs] [Times: user=0.04 sys=0.00, real=0.02 secs] 
1874.877: [GC (Allocation Failure) [PSYoungGen: 338083K->47002K(465920K)] 1298387K->1007619K(1483264K), 0.0074359 secs] [Times: user=0.01 sys=0.00, real=0.01 secs] 
1875.149: [GC (Allocation Failure) [PSYoungGen: 279962K->184847K(465920K)] 1240579K->1146718K(1483264K), 0.0207658 secs] [Times: user=0.03 sys=0.00, real=0.02 secs] 
1875.433: [GC (Allocation Failure) [PSYoungGen: 417807K->184044K(465920K)] 1379678K->1146325K(1483264K), 0.0208427 secs] [Times: user=0.03 sys=0.00, real=0.02 secs] 
1877.923: [GC (Allocation Failure) [PSYoungGen: 417004K->66504K(465920K)] 1379285K->1028922K(1483264K), 0.0114728 secs] [Times: user=0.02 sys=0.01, real=0.01 secs] 
1878.739: [GC (Allocation Failure) [PSYoungGen: 299464K->69493K(465920K)] 1261882K->1032224K(1483264K), 0.0124514 secs] [Times: user=0.03 sys=0.00, real=0.01 secs] 
1879.052: [GC (Allocation Failure) [PSYoungGen: 302453K->184237K(465920K)] 1265184K->1148213K(1483264K), 0.0207054 secs] [Times: user=0.03 sys=0.00, real=0.02 secs] 
1879.395: [GC (Allocation Failure) [PSYoungGen: 417197K->184012K(465920K)] 1381173K->1148286K(1483264K), 0.0207664 secs] [Times: user=0.03 sys=0.00, real=0.02 secs] 
1882.235: [GC (Allocation Failure) [PSYoungGen: 416972K->44623K(465920K)] 1381246K->1009162K(1483264K), 0.0149049 secs] [Times: user=0.04 sys=0.00, real=0.02 secs] 
1883.190: [GC (Allocation Failure) [PSYoungGen: 277583K->91406K(465920K)] 1242122K->1056253K(1483264K), 0.0112925 secs] [Times: user=0.02 sys=0.00, real=0.01 secs] 
1883.465: [GC (Allocation Failure) [PSYoungGen: 324366K->184205K(465920K)] 1289213K->1150297K(1483264K), 0.0207101 secs] [Times: user=0.03 sys=0.00, real=0.02 secs] 
1883.808: [GC (Allocation Failure) [PSYoungGen: 417165K->184558K(465920K)] 1383257K->1150932K(1483264K), 0.0208735 secs] [Times: user=0.03 sys=0.00, real=0.02 secs] 
1886.039: [GC (Allocation Failure) [PSYoungGen: 417518K->22260K(465920K)] 1383892K->989027K(1483264K), 0.0100309 secs] [Times: user=0.03 sys=0.00, real=0.01 secs] 
1887.355: [GC (Allocation Failure) [PSYoungGen: 255220K->113770K(465920K)] 1221987K->1080714K(1483264K), 0.0135407 secs] [Times: user=0.02 sys=0.00, real=0.02 secs] 
1887.630: [GC (Allocation Failure) [PSYoungGen: 346730K->183819K(465920K)] 1313674K->1152017K(1483264K), 0.0205234 secs] [Times: user=0.02 sys=0.00, real=0.02 secs] 
1887.914: [GC (Allocation Failure) [PSYoungGen: 416779K->183337K(465920K)] 1384977K->1151808K(1483264K), 0.0208182 secs] [Times: user=0.03 sys=0.00, real=0.02 secs] 
1888.997: [GC (Allocation Failure) [PSYoungGen: 416297K->1408K(465920K)] 1384768K->970031K(1483264K), 0.0030365 secs] [Times: user=0.01 sys=0.00, real=0.01 secs] 
1889.545: [GC (Allocation Failure) [PSYoungGen: 234368K->135326K(465920K)] 1202991K->1104137K(1483264K), 0.0157905 secs] [Times: user=0.02 sys=0.00, real=0.02 secs] 
1889.824: [GC (Allocation Failure) [PSYoungGen: 368286K->184430K(465920K)] 1337097K->1154502K(1483264K), 0.0205625 secs] [Times: user=0.03 sys=0.00, real=0.02 secs] 
1890.284: [GC (Allocation Failure) [PSYoungGen: 417390K->164543K(465920K)] 1387462K->1134889K(1483264K), 0.0212399 secs] [Times: user=0.03 sys=0.00, real=0.02 secs] 
1891.415: [GC (Allocation Failure) [PSYoungGen: 397503K->96K(465920K)] 1367849K->971874K(1483264K), 0.0032856 secs] [Times: user=0.02 sys=0.00, real=0.01 secs] 
1891.996: [GC (Allocation Failure) [PSYoungGen: 233056K->159556K(465920K)] 1204834K->1131351K(1483264K), 0.0182156 secs] [Times: user=0.03 sys=0.00, real=0.02 secs] 
1892.285: [GC (Allocation Failure) [PSYoungGen: 392516K->186132K(465920K)] 1364311K->1159173K(1483264K), 0.0208895 secs] [Times: user=0.03 sys=0.00, real=0.02 secs] 
1893.032: [GC (Allocation Failure) [PSYoungGen: 419092K->144806K(465920K)] 1392133K->1118111K(1483264K), 0.0187788 secs] [Times: user=0.03 sys=0.00, real=0.02 secs] 
1894.162: [GC (Allocation Failure) [PSYoungGen: 377766K->96K(465920K)] 1351071K->973715K(1483264K), 0.0034076 secs] [Times: user=0.01 sys=0.00, real=0.00 secs] 
1894.452: [GC (Allocation Failure) [PSYoungGen: 233056K->183975K(465920K)] 1206675K->1157619K(1483264K), 0.0205174 secs] [Times: user=0.03 sys=0.00, real=0.02 secs] 
1894.735: [GC (Allocation Failure) [PSYoungGen: 416935K->184590K(465920K)] 1390579K->1159471K(1483264K), 0.0206668 secs] [Times: user=0.02 sys=0.00, real=0.02 secs] 
1895.642: [GC (Allocation Failure) [PSYoungGen: 417550K->130121K(465920K)] 1392431K->1105275K(1483264K), 0.0185762 secs] [Times: user=0.04 sys=0.00, real=0.02 secs] 
1897.385: [GC (Allocation Failure) [PSYoungGen: 363081K->21779K(465920K)] 1338235K->997241K(1483264K), 0.0055387 secs] [Times: user=0.02 sys=0.00, real=0.01 secs] 
1897.673: [GC (Allocation Failure) [PSYoungGen: 254739K->186389K(465920K)] 1230201K->1163105K(1483264K), 0.0208545 secs] [Times: user=0.03 sys=0.00, real=0.02 secs] 
1897.962: [GC (Allocation Failure) [PSYoungGen: 419349K->186132K(465920K)] 1396065K->1163129K(1483264K), 0.0211258 secs] [Times: user=0.03 sys=0.00, real=0.02 secs] 
1898.762: [GC (Allocation Failure) [PSYoungGen: 419092K->104512K(465920K)] 1396089K->1081774K(1483264K), 0.0176303 secs] [Times: user=0.04 sys=0.00, real=0.02 secs] 
1899.698: [GC (Allocation Failure) [PSYoungGen: 337472K->49315K(465920K)] 1314734K->1026878K(1483264K), 0.0076333 secs] [Times: user=0.02 sys=0.00, real=0.00 secs] 
1900.027: [GC (Allocation Failure) [PSYoungGen: 282275K->185907K(465920K)] 1259838K->1164861K(1483264K), 0.0209329 secs] [Times: user=0.03 sys=0.00, real=0.03 secs] 
1900.370: [GC (Allocation Failure) [PSYoungGen: 418867K->185779K(465920K)] 1397821K->1165014K(1483264K), 0.0208887 secs] [Times: user=0.03 sys=0.00, real=0.02 secs] 
1901.685: [GC (Allocation Failure) [PSYoungGen: 418739K->61331K(465920K)] 1397974K->1040702K(1483264K), 0.0116149 secs] [Times: user=0.03 sys=0.00, real=0.01 secs] 
1903.032: [GC (Allocation Failure) [PSYoungGen: 294291K->75277K(465920K)] 1273662K->1054970K(1483264K), 0.0123426 secs] [Times: user=0.03 sys=0.00, real=0.01 secs] 
1903.331: [GC (Allocation Failure) [PSYoungGen: 308237K->184333K(465920K)] 1287930K->1165271K(1483264K), 0.0206907 secs] [Times: user=0.03 sys=0.00, real=0.02 secs] 
1903.617: [GC (Allocation Failure) [PSYoungGen: 417293K->186229K(465920K)] 1398231K->1167577K(1483264K), 0.0208532 secs] [Times: user=0.03 sys=0.00, real=0.03 secs] 
1904.683: [GC (Allocation Failure) [PSYoungGen: 419189K->36526K(465920K)] 1400537K->1018011K(1483264K), 0.0072267 secs] [Times: user=0.02 sys=0.00, real=0.01 secs] 
1905.799: [GC (Allocation Failure) [PSYoungGen: 269486K->100175K(465920K)] 1250971K->1081975K(1483264K), 0.0123130 secs] [Times: user=0.02 sys=0.00, real=0.01 secs] 
1906.077: [GC (Allocation Failure) [PSYoungGen: 333135K->186004K(465920K)] 1314935K->1169049K(1483264K), 0.0208262 secs] [Times: user=0.03 sys=0.00, real=0.03 secs] 
1906.368: [GC (Allocation Failure) [PSYoungGen: 418964K->185972K(465920K)] 1402009K->1169291K(1483264K), 0.0214675 secs] [Times: user=0.03 sys=0.00, real=0.02 secs] 
1908.974: [GC (Allocation Failure) [PSYoungGen: 418932K->10244K(465920K)] 1402251K->993827K(1483264K), 0.0060581 secs] [Times: user=0.02 sys=0.00, real=0.01 secs] 
1910.472: [GC (Allocation Failure) [PSYoungGen: 243204K->125658K(465920K)] 1226787K->1109563K(1483264K), 0.0147272 secs] [Times: user=0.02 sys=0.00, real=0.01 secs] 
1910.805: [GC (Allocation Failure) [PSYoungGen: 358618K->185972K(465920K)] 1342523K->1171267K(1483264K), 0.0211363 secs] [Times: user=0.04 sys=0.00, real=0.02 secs] 
1911.226: [GC (Allocation Failure) [PSYoungGen: 418932K->172720K(465920K)] 1404227K->1158160K(1483264K), 0.0257046 secs] [Times: user=0.03 sys=0.00, real=0.03 secs] 
1912.651: [GC (Allocation Failure) [PSYoungGen: 405680K->64K(465920K)] 1391120K->986951K(1483264K), 0.0034457 secs] [Times: user=0.02 sys=0.00, real=0.00 secs] 
1913.374: [GC (Allocation Failure) [PSYoungGen: 233024K->148182K(465920K)] 1219911K->1135086K(1483264K), 0.0169975 secs] [Times: user=0.02 sys=0.00, real=0.02 secs] 
1913.654: [GC (Allocation Failure) [PSYoungGen: 381142K->184173K(465920K)] 1368046K->1172330K(1483264K), 0.0209696 secs] [Times: user=0.03 sys=0.00, real=0.02 secs] 
1914.171: [GC (Allocation Failure) [PSYoungGen: 417133K->158044K(465920K)] 1405290K->1146474K(1483264K), 0.0205256 secs] [Times: user=0.03 sys=0.00, real=0.02 secs] 
1915.142: [GC (Allocation Failure) [PSYoungGen: 391004K->64K(465920K)] 1379434K->989930K(1483264K), 0.0035842 secs] [Times: user=0.01 sys=0.00, real=0.00 secs] 
1915.515: [GC (Allocation Failure) [PSYoungGen: 233024K->170063K(465920K)] 1222890K->1159953K(1483264K), 0.0191006 secs] [Times: user=0.03 sys=0.01, real=0.02 secs] 
1915.851: [GC (Allocation Failure) [PSYoungGen: 403023K->184590K(465920K)] 1392913K->1175734K(1483264K), 0.0206404 secs] [Times: user=0.03 sys=0.00, real=0.02 secs] 
1917.457: [GC (Allocation Failure) [PSYoungGen: 410441K->135825K(465920K)] 1401584K->1127370K(1483264K), 0.0386933 secs] [Times: user=0.07 sys=0.00, real=0.04 secs] 
1920.363: [GC (Allocation Failure) [PSYoungGen: 368785K->1505K(465920K)] 1360330K->993235K(1483264K), 0.0043707 secs] [Times: user=0.02 sys=0.00, real=0.00 secs] 
1920.702: [GC (Allocation Failure) [PSYoungGen: 234465K->184847K(465920K)] 1226195K->1177823K(1483264K), 0.0208781 secs] [Times: user=0.03 sys=0.00, real=0.02 secs] 
1920.986: [GC (Allocation Failure) [PSYoungGen: 417807K->184623K(465920K)] 1410783K->1178008K(1483264K), 0.0209926 secs] [Times: user=0.03 sys=0.00, real=0.02 secs] 
1923.062: [GC (Allocation Failure) [PSYoungGen: 417583K->127775K(465920K)] 1410968K->1121305K(1483264K), 0.0273724 secs] [Times: user=0.05 sys=0.00, real=0.03 secs] 
1925.079: [GC (Allocation Failure) [PSYoungGen: 360735K->24735K(465920K)] 1354265K->1018571K(1483264K), 0.0059950 secs] [Times: user=0.02 sys=0.00, real=0.00 secs] 
1925.435: [GC (Allocation Failure) [PSYoungGen: 257695K->184205K(465920K)] 1251531K->1179286K(1483264K), 0.0206659 secs] [Times: user=0.03 sys=0.00, real=0.02 secs] 
1925.718: [GC (Allocation Failure) [PSYoungGen: 417165K->184430K(465920K)] 1412246K->1179792K(1483264K), 0.0210238 secs] [Times: user=0.03 sys=0.00, real=0.02 secs] 
1926.458: [GC (Allocation Failure) [PSYoungGen: 417390K->105412K(465920K)] 1412752K->1101040K(1483264K), 0.0137441 secs] [Times: user=0.03 sys=0.00, real=0.01 secs] 
1926.988: [GC (Allocation Failure) [PSYoungGen: 338372K->121995K(465920K)] 1334000K->1117936K(1483264K), 0.0143361 secs] [Times: user=0.02 sys=0.00, real=0.01 secs] 
1927.187: [GC (Allocation Failure) [PSYoungGen: 354955K->184333K(465920K)] 1350896K->1181649K(1483264K), 0.0206416 secs] [Times: user=0.03 sys=0.00, real=0.03 secs] 
1927.511: [GC (Allocation Failure) [PSYoungGen: 417293K->176934K(465920K)] 1414609K->1174394K(1483264K), 0.0231819 secs] [Times: user=0.03 sys=0.00, real=0.02 secs] 
1928.511: [GC (Allocation Failure) [PSYoungGen: 409894K->64K(465920K)] 1407354K->998937K(1483264K), 0.0046283 secs] [Times: user=0.03 sys=0.00, real=0.00 secs] 
1929.054: [GC (Allocation Failure) [PSYoungGen: 233024K->146672K(465920K)] 1231897K->1145569K(1483264K), 0.0167784 secs] [Times: user=0.03 sys=0.00, real=0.02 secs] 
1929.335: [GC (Allocation Failure) [PSYoungGen: 379632K->186100K(465920K)] 1378529K->1186252K(1483264K), 0.0210824 secs] [Times: user=0.04 sys=0.00, real=0.02 secs] 
1929.790: [GC (Allocation Failure) [PSYoungGen: 419060K->157626K(465920K)] 1419212K->1158058K(1483264K), 0.0201079 secs] [Times: user=0.03 sys=0.00, real=0.02 secs] 
1930.817: [GC (Allocation Failure) [PSYoungGen: 390586K->128K(465920K)] 1391018K->1001982K(1483264K), 0.0070429 secs] [Times: user=0.04 sys=0.00, real=0.01 secs] 
1931.255: [GC (Allocation Failure) [PSYoungGen: 233088K->172890K(465920K)] 1234942K->1174752K(1483264K), 0.0194213 secs] [Times: user=0.03 sys=0.00, real=0.02 secs] 
1931.540: [GC (Allocation Failure) [PSYoungGen: 405850K->186132K(465920K)] 1407712K->1189369K(1483264K), 0.0208919 secs] [Times: user=0.03 sys=0.00, real=0.02 secs] 
1932.315: [GC (Allocation Failure) [PSYoungGen: 419092K->139567K(465920K)] 1422329K->1142948K(1483264K), 0.0174071 secs] [Times: user=0.03 sys=0.00, real=0.02 secs] 
1933.424: [GC (Allocation Failure) [PSYoungGen: 372527K->13168K(465920K)] 1375908K->1016863K(1483264K), 0.0044282 secs] [Times: user=0.02 sys=0.00, real=0.01 secs] 
1933.702: [GC (Allocation Failure) [PSYoungGen: 246128K->184976K(465920K)] 1249823K->1189924K(1483264K), 0.0210361 secs] [Times: user=0.03 sys=0.00, real=0.02 secs] 
1933.986: [GC (Allocation Failure) [PSYoungGen: 417936K->184173K(465920K)] 1422884K->1189402K(1483264K), 0.0207516 secs] [Times: user=0.03 sys=0.00, real=0.02 secs] 
1934.590: [GC (Allocation Failure) [PSYoungGen: 417133K->116433K(465920K)] 1422362K->1121927K(1483264K), 0.0147200 secs] [Times: user=0.03 sys=0.00, real=0.01 secs] 
1935.538: [GC (Allocation Failure) [PSYoungGen: 349393K->36238K(465920K)] 1354887K->1042042K(1483264K), 0.0064739 secs] [Times: user=0.02 sys=0.00, real=0.00 secs] 
1935.807: [GC (Allocation Failure) [PSYoungGen: 269198K->184205K(465920K)] 1275002K->1191262K(1483264K), 0.0206148 secs] [Times: user=0.03 sys=0.00, real=0.03 secs] 
1936.091: [GC (Allocation Failure) [PSYoungGen: 417165K->184462K(465920K)] 1424222K->1191929K(1483264K), 0.0206498 secs] [Times: user=0.02 sys=0.00, real=0.02 secs] 
1937.795: [GC (Allocation Failure) [PSYoungGen: 417422K->77605K(465920K)] 1424889K->1085209K(1483264K), 0.0134428 secs] [Times: user=0.03 sys=0.00, real=0.02 secs] 
1939.600: [GC (Allocation Failure) [PSYoungGen: 310565K->57605K(465920K)] 1318169K->1065516K(1483264K), 0.0084624 secs] [Times: user=0.01 sys=0.00, real=0.01 secs] 
1939.871: [GC (Allocation Failure) [PSYoungGen: 290565K->184333K(465920K)] 1298476K->1193506K(1483264K), 0.0208785 secs] [Times: user=0.03 sys=0.00, real=0.02 secs] 
1940.161: [GC (Allocation Failure) [PSYoungGen: 417293K->184526K(465920K)] 1426466K->1193972K(1483264K), 0.0209538 secs] [Times: user=0.03 sys=0.00, real=0.02 secs] 
1940.984: [GC (Allocation Failure) [PSYoungGen: 417486K->55901K(465920K)] 1426932K->1065620K(1483264K), 0.0095266 secs] [Times: user=0.02 sys=0.00, real=0.01 secs] 
1941.816: [GC (Allocation Failure) [PSYoungGen: 288861K->80447K(465920K)] 1298580K->1090472K(1483264K), 0.0102773 secs] [Times: user=0.02 sys=0.00, real=0.01 secs] 
1942.090: [GC (Allocation Failure) [PSYoungGen: 313407K->184173K(465920K)] 1323432K->1195451K(1483264K), 0.0206200 secs] [Times: user=0.03 sys=0.00, real=0.02 secs] 
1942.427: [GC (Allocation Failure) [PSYoungGen: 417133K->184430K(465920K)] 1428411K->1196109K(1483264K), 0.0208445 secs] [Times: user=0.03 sys=0.00, real=0.03 secs] 
1944.577: [GC (Allocation Failure) [PSYoungGen: 417390K->33345K(465920K)] 1429069K->1045162K(1483264K), 0.0103017 secs] [Times: user=0.03 sys=0.00, real=0.01 secs] 
1945.281: [GC (Allocation Failure) [PSYoungGen: 266305K->103070K(465920K)] 1278122K->1115200K(1483264K), 0.0124795 secs] [Times: user=0.02 sys=0.00, real=0.01 secs] 
1945.557: [GC (Allocation Failure) [PSYoungGen: 336030K->184462K(465920K)] 1348160K->1197845K(1483264K), 0.0206151 secs] [Times: user=0.03 sys=0.00, real=0.03 secs] 
1945.846: [GC (Allocation Failure) [PSYoungGen: 417422K->184526K(465920K)] 1430805K->1198191K(1483264K), 0.0208371 secs] [Times: user=0.03 sys=0.00, real=0.02 secs] 
1946.980: [GC (Allocation Failure) [PSYoungGen: 417486K->10276K(465920K)] 1431151K->1024213K(1483264K), 0.0040560 secs] [Times: user=0.02 sys=0.00, real=0.00 secs] 
1947.533: [GC (Allocation Failure) [PSYoungGen: 243236K->126397K(465920K)] 1257173K->1140661K(1483264K), 0.0147630 secs] [Times: user=0.02 sys=0.00, real=0.02 secs] 
1947.812: [GC (Allocation Failure) [PSYoungGen: 359357K->184462K(465920K)] 1373621K->1199979K(1483264K), 0.0207883 secs] [Times: user=0.03 sys=0.00, real=0.02 secs] 
1948.396: [GC (Allocation Failure) [PSYoungGen: 417422K->173508K(465920K)] 1432939K->1189290K(1483264K), 0.0263290 secs] [Times: user=0.04 sys=0.00, real=0.03 secs] 
1948.423: [Full GC (Ergonomics) [PSYoungGen: 173508K->0K(465920K)] [ParOldGen: 1015782K->355754K(835072K)] 1189290K->355754K(1300992K), [Metaspace: 56319K->56194K(1101824K)], 0.0864774 secs] [Times: user=0.30 sys=0.00, real=0.09 secs] 
1949.756: [GC (Allocation Failure) [PSYoungGen: 232960K->98432K(465920K)] 588714K->454186K(1300992K), 0.0081597 secs] [Times: user=0.05 sys=0.00, real=0.01 secs] 
1951.209: [GC (Allocation Failure) [PSYoungGen: 331392K->136593K(465920K)] 687146K->557916K(1300992K), 0.0149619 secs] [Times: user=0.09 sys=0.00, real=0.01 secs] 
1951.531: [GC (Allocation Failure) [PSYoungGen: 369553K->186068K(465920K)] 790876K->739838K(1300992K), 0.0277667 secs] [Times: user=0.07 sys=0.00, real=0.03 secs] 
1951.828: [GC (Allocation Failure) [PSYoungGen: 419028K->185972K(465920K)] 972798K->739886K(1300992K), 0.0203753 secs] [Times: user=0.02 sys=0.00, real=0.02 secs] 
1953.269: [GC (Allocation Failure) [PSYoungGen: 418932K->121188K(465920K)] 972846K->675367K(1300992K), 0.0239560 secs] [Times: user=0.04 sys=0.00, real=0.02 secs] 
1954.487: [GC (Allocation Failure) [PSYoungGen: 354148K->20009K(465920K)] 908327K->574487K(1300992K), 0.0041122 secs] [Times: user=0.01 sys=0.00, real=0.01 secs] 
1954.759: [GC (Allocation Failure) [PSYoungGen: 252969K->185715K(465920K)] 807447K->741439K(1300992K), 0.0201354 secs] [Times: user=0.02 sys=0.00, real=0.02 secs] 
1955.049: [GC (Allocation Failure) [PSYoungGen: 418675K->185875K(465920K)] 974399K->741872K(1300992K), 0.0201677 secs] [Times: user=0.03 sys=0.00, real=0.02 secs] 
1956.808: [GC (Allocation Failure) [PSYoungGen: 418835K->107211K(465920K)] 974832K->663473K(1300992K), 0.0232317 secs] [Times: user=0.04 sys=0.00, real=0.02 secs] 
1958.428: [GC (Allocation Failure) [PSYoungGen: 340171K->33346K(465920K)] 896433K->589924K(1300992K), 0.0062432 secs] [Times: user=0.01 sys=0.00, real=0.00 secs] 
1958.720: [GC (Allocation Failure) [PSYoungGen: 266306K->185972K(465920K)] 822884K->743803K(1300992K), 0.0205346 secs] [Times: user=0.03 sys=0.00, real=0.02 secs] 
1959.008: [GC (Allocation Failure) [PSYoungGen: 418932K->184526K(465920K)] 976763K->742631K(1300992K), 0.0201844 secs] [Times: user=0.02 sys=0.00, real=0.02 secs] 
1959.748: [GC (Allocation Failure) [PSYoungGen: 411281K->94777K(465920K)] 969385K->653147K(1300992K), 0.0122870 secs] [Times: user=0.03 sys=0.00, real=0.01 secs] 
1961.170: [GC (Allocation Failure) [PSYoungGen: 327737K->37716K(465920K)] 886107K->596393K(1300992K), 0.0069408 secs] [Times: user=0.01 sys=0.00, real=0.00 secs] 
1961.469: [GC (Allocation Failure) [PSYoungGen: 270676K->184944K(465920K)] 829353K->744859K(1300992K), 0.0204759 secs] [Times: user=0.02 sys=0.01, real=0.02 secs] 
1961.752: [GC (Allocation Failure) [PSYoungGen: 417904K->184173K(465920K)] 977819K->744360K(1300992K), 0.0200965 secs] [Times: user=0.03 sys=0.00, real=0.02 secs] 
1962.513: [GC (Allocation Failure) [PSYoungGen: 407013K->91789K(465920K)] 967201K->652242K(1300992K), 0.0107546 secs] [Times: user=0.02 sys=0.00, real=0.01 secs] 
1964.064: [GC (Allocation Failure) [PSYoungGen: 324749K->37588K(465920K)] 885202K->598341K(1300992K), 0.0067953 secs] [Times: user=0.02 sys=0.00, real=0.01 secs] 
1964.439: [GC (Allocation Failure) [PSYoungGen: 270548K->184430K(465920K)] 831301K->746420K(1300992K), 0.0200985 secs] [Times: user=0.02 sys=0.00, real=0.02 secs] 
1964.779: [GC (Allocation Failure) [PSYoungGen: 417390K->184301K(465920K)] 979380K->746557K(1300992K), 0.0200737 secs] [Times: user=0.03 sys=0.00, real=0.02 secs] 
1966.357: [GC (Allocation Failure) [PSYoungGen: 406782K->92383K(465920K)] 969037K->655032K(1300992K), 0.0187712 secs] [Times: user=0.04 sys=0.00, real=0.02 secs] 
1968.127: [GC (Allocation Failure) [PSYoungGen: 325343K->37713K(465920K)] 887992K->600540K(1300992K), 0.0076798 secs] [Times: user=0.02 sys=0.00, real=0.00 secs] 
1968.496: [GC (Allocation Failure) [PSYoungGen: 270673K->183658K(465920K)] 833500K->747731K(1300992K), 0.0200997 secs] [Times: user=0.02 sys=0.00, real=0.02 secs] 
1968.779: [GC (Allocation Failure) [PSYoungGen: 416618K->184655K(465920K)] 980691K->749000K(1300992K), 0.0201209 secs] [Times: user=0.03 sys=0.00, real=0.02 secs] 
1969.419: [GC (Allocation Failure) [PSYoungGen: 407506K->92640K(465920K)] 971851K->657250K(1300992K), 0.0119540 secs] [Times: user=0.02 sys=0.00, real=0.01 secs] 
1970.253: [GC (Allocation Failure) [PSYoungGen: 325600K->38002K(465920K)] 890210K->602918K(1300992K), 0.0054559 secs] [Times: user=0.02 sys=0.00, real=0.01 secs] 
1970.575: [GC (Allocation Failure) [PSYoungGen: 270962K->184558K(465920K)] 835878K->750856K(1300992K), 0.0201186 secs] [Times: user=0.02 sys=0.00, real=0.02 secs] 
1970.861: [GC (Allocation Failure) [PSYoungGen: 417518K->184398K(465920K)] 983816K->750840K(1300992K), 0.0205333 secs] [Times: user=0.03 sys=0.00, real=0.02 secs] 
1972.489: [GC (Allocation Failure) [PSYoungGen: 407154K->91741K(465920K)] 973597K->658456K(1300992K), 0.0141906 secs] [Times: user=0.03 sys=0.00, real=0.01 secs] 
1973.823: [GC (Allocation Failure) [PSYoungGen: 324701K->37845K(465920K)] 891416K->604878K(1300992K), 0.0087831 secs] [Times: user=0.02 sys=0.00, real=0.01 secs] 
1974.174: [GC (Allocation Failure) [PSYoungGen: 270805K->184687K(465920K)] 837838K->753094K(1300992K), 0.0202235 secs] [Times: user=0.02 sys=0.00, real=0.02 secs] 
1974.457: [GC (Allocation Failure) [PSYoungGen: 417647K->184655K(465920K)] 986054K->753207K(1300992K), 0.0200970 secs] [Times: user=0.03 sys=0.00, real=0.02 secs] 
1975.751: [GC (Allocation Failure) [PSYoungGen: 407209K->91484K(465920K)] 975761K->660300K(1300992K), 0.0160796 secs] [Times: user=0.04 sys=0.00, real=0.01 secs] 
1977.641: [GC (Allocation Failure) [PSYoungGen: 324444K->37877K(465920K)] 893260K->607004K(1300992K), 0.0073025 secs] [Times: user=0.01 sys=0.00, real=0.01 secs] 
1978.025: [GC (Allocation Failure) [PSYoungGen: 270837K->184044K(465920K)] 839964K->754425K(1300992K), 0.0200860 secs] [Times: user=0.02 sys=0.00, real=0.02 secs] 
1978.309: [GC (Allocation Failure) [PSYoungGen: 417004K->184783K(465920K)] 987385K->755437K(1300992K), 0.0205315 secs] [Times: user=0.03 sys=0.00, real=0.02 secs] 
1978.993: [GC (Allocation Failure) [PSYoungGen: 408065K->92062K(465920K)] 978719K->662980K(1300992K), 0.0116315 secs] [Times: user=0.02 sys=0.00, real=0.01 secs] 
1979.840: [GC (Allocation Failure) [PSYoungGen: 325022K->37874K(465920K)] 895940K->609108K(1300992K), 0.0055041 secs] [Times: user=0.01 sys=0.00, real=0.00 secs] 
1980.110: [GC (Allocation Failure) [PSYoungGen: 270834K->184301K(465920K)] 842068K->756773K(1300992K), 0.0203260 secs] [Times: user=0.03 sys=0.00, real=0.02 secs] 
1980.394: [GC (Allocation Failure) [PSYoungGen: 417261K->184205K(465920K)] 989733K->756942K(1300992K), 0.0203517 secs] [Times: user=0.02 sys=0.00, real=0.02 secs] 
1981.123: [GC (Allocation Failure) [PSYoungGen: 406866K->92319K(465920K)] 979603K->665321K(1300992K), 0.0117664 secs] [Times: user=0.02 sys=0.00, real=0.01 secs] 
1982.981: [GC (Allocation Failure) [PSYoungGen: 325279K->37877K(465920K)] 898281K->611171K(1300992K), 0.0066202 secs] [Times: user=0.01 sys=0.00, real=0.01 secs] 
1983.346: [GC (Allocation Failure) [PSYoungGen: 270837K->183787K(465920K)] 844131K->758327K(1300992K), 0.0203422 secs] [Times: user=0.02 sys=0.00, real=0.02 secs] 
1983.631: [GC (Allocation Failure) [PSYoungGen: 416747K->184462K(465920K)] 991287K->759275K(1300992K), 0.0200547 secs] [Times: user=0.03 sys=0.00, real=0.02 secs] 
1984.286: [GC (Allocation Failure) [PSYoungGen: 408263K->92608K(465920K)] 983076K->667686K(1300992K), 0.0119311 secs] [Times: user=0.02 sys=0.00, real=0.02 secs] 
1985.378: [GC (Allocation Failure) [PSYoungGen: 325568K->37877K(465920K)] 900646K->613255K(1300992K), 0.0062285 secs] [Times: user=0.02 sys=0.00, real=0.00 secs] 
1985.656: [GC (Allocation Failure) [PSYoungGen: 270837K->184012K(465920K)] 846215K->760636K(1300992K), 0.0203631 secs] [Times: user=0.03 sys=0.00, real=0.02 secs] 
1985.945: [GC (Allocation Failure) [PSYoungGen: 416972K->184398K(465920K)] 993596K->761415K(1300992K), 0.0202652 secs] [Times: user=0.03 sys=0.00, real=0.02 secs] 
1986.760: [GC (Allocation Failure) [PSYoungGen: 408061K->92351K(465920K)] 985078K->669505K(1300992K), 0.0114768 secs] [Times: user=0.02 sys=0.00, real=0.01 secs] 
1988.284: [GC (Allocation Failure) [PSYoungGen: 325311K->37620K(465920K)] 902465K->615079K(1300992K), 0.0069184 secs] [Times: user=0.02 sys=0.00, real=0.01 secs] 
1988.659: [GC (Allocation Failure) [PSYoungGen: 270580K->183658K(465920K)] 848039K->762356K(1300992K), 0.0201426 secs] [Times: user=0.03 sys=0.00, real=0.02 secs] 
1988.946: [GC (Allocation Failure) [PSYoungGen: 416618K->184719K(465920K)] 995316K->763689K(1300992K), 0.0200833 secs] [Times: user=0.02 sys=0.00, real=0.02 secs] 
1989.702: [GC (Allocation Failure) [PSYoungGen: 408599K->92769K(465920K)] 987569K->672004K(1300992K), 0.0122380 secs] [Times: user=0.02 sys=0.00, real=0.01 secs] 
1991.737: [GC (Allocation Failure) [PSYoungGen: 325729K->37745K(465920K)] 904964K->617286K(1300992K), 0.0073976 secs] [Times: user=0.01 sys=0.00, real=0.00 secs] 
1992.058: [GC (Allocation Failure) [PSYoungGen: 270705K->184430K(465920K)] 850246K->765208K(1300992K), 0.0201523 secs] [Times: user=0.02 sys=0.00, real=0.02 secs] 
1992.347: [GC (Allocation Failure) [PSYoungGen: 417390K->184558K(465920K)] 998168K->765602K(1300992K), 0.0203139 secs] [Times: user=0.02 sys=0.00, real=0.02 secs] 
1993.700: [GC (Allocation Failure) [PSYoungGen: 407638K->91934K(465920K)] 988682K->673242K(1300992K), 0.0155253 secs] [Times: user=0.03 sys=0.00, real=0.01 secs] 
1996.001: [GC (Allocation Failure) [PSYoungGen: 324894K->37716K(465920K)] 906202K->619334K(1300992K), 0.0070165 secs] [Times: user=0.02 sys=0.00, real=0.01 secs] 
1996.311: [GC (Allocation Failure) [PSYoungGen: 270676K->184430K(465920K)] 852294K->767430K(1300992K), 0.0202551 secs] [Times: user=0.02 sys=0.00, real=0.02 secs] 
1996.654: [GC (Allocation Failure) [PSYoungGen: 417390K->184526K(465920K)] 1000390K->767671K(1300992K), 0.0202236 secs] [Times: user=0.03 sys=0.00, real=0.02 secs] 
1997.939: [GC (Allocation Failure) [PSYoungGen: 407580K->91998K(465920K)] 990725K->675408K(1300992K), 0.0129673 secs] [Times: user=0.02 sys=0.00, real=0.01 secs] 
1999.579: [GC (Allocation Failure) [PSYoungGen: 324958K->37845K(465920K)] 908368K->621563K(1300992K), 0.0056639 secs] [Times: user=0.02 sys=0.00, real=0.00 secs] 
1999.907: [GC (Allocation Failure) [PSYoungGen: 270805K->184044K(465920K)] 854523K->769016K(1300992K), 0.0203050 secs] [Times: user=0.02 sys=0.00, real=0.03 secs] 
2000.190: [GC (Allocation Failure) [PSYoungGen: 417004K->184430K(465920K)] 1001976K->769803K(1300992K), 0.0200231 secs] [Times: user=0.03 sys=0.00, real=0.02 secs] 
2001.208: [GC (Allocation Failure) [PSYoungGen: 408095K->92351K(465920K)] 993468K->677861K(1300992K), 0.0120074 secs] [Times: user=0.02 sys=0.00, real=0.01 secs] 
2002.861: [GC (Allocation Failure) [PSYoungGen: 325311K->37459K(465920K)] 910821K->623275K(1300992K), 0.0060581 secs] [Times: user=0.02 sys=0.00, real=0.01 secs] 
2003.140: [GC (Allocation Failure) [PSYoungGen: 270419K->184944K(465920K)] 856235K->771997K(1300992K), 0.0202845 secs] [Times: user=0.02 sys=0.00, real=0.02 secs] 
2003.431: [GC (Allocation Failure) [PSYoungGen: 417904K->183884K(465920K)] 1004957K->771202K(1300992K), 0.0199552 secs] [Times: user=0.03 sys=0.00, real=0.02 secs] 
2004.065: [GC (Allocation Failure) [PSYoungGen: 406739K->92303K(465920K)] 994057K->679886K(1300992K), 0.0106021 secs] [Times: user=0.02 sys=0.00, real=0.01 secs] 
2004.885: [GC (Allocation Failure) [PSYoungGen: 325263K->37973K(465920K)] 912846K->625866K(1300992K), 0.0068334 secs] [Times: user=0.02 sys=0.01, real=0.01 secs] 
2005.235: [GC (Allocation Failure) [PSYoungGen: 270933K->184558K(465920K)] 858826K->773825K(1300992K), 0.0201458 secs] [Times: user=0.02 sys=0.00, real=0.02 secs] 
2005.518: [GC (Allocation Failure) [PSYoungGen: 417518K->184719K(465920K)] 1006785K->774130K(1300992K), 0.0203275 secs] [Times: user=0.03 sys=0.00, real=0.02 secs] 
2006.150: [GC (Allocation Failure) [PSYoungGen: 407290K->91484K(465920K)] 996702K->681160K(1300992K), 0.0120907 secs] [Times: user=0.02 sys=0.00, real=0.01 secs] 
2007.110: [GC (Allocation Failure) [PSYoungGen: 324444K->38005K(465920K)] 914120K->627990K(1300992K), 0.0063068 secs] [Times: user=0.01 sys=0.00, real=0.00 secs] 
2007.386: [GC (Allocation Failure) [PSYoungGen: 270965K->184173K(465920K)] 860950K->775411K(1300992K), 0.0203866 secs] [Times: user=0.02 sys=0.00, real=0.02 secs] 
2007.669: [GC (Allocation Failure) [PSYoungGen: 417133K->184526K(465920K)] 1008371K->776029K(1300992K), 0.0202282 secs] [Times: user=0.03 sys=0.00, real=0.02 secs] 
2008.429: [GC (Allocation Failure) [PSYoungGen: 407592K->91950K(465920K)] 999095K->683718K(1300992K), 0.0107690 secs] [Times: user=0.02 sys=0.00, real=0.01 secs] 
2009.880: [GC (Allocation Failure) [PSYoungGen: 324910K->37074K(465920K)] 916678K->629148K(1300992K), 0.0053030 secs] [Times: user=0.01 sys=0.00, real=0.00 secs] 
2010.149: [GC (Allocation Failure) [PSYoungGen: 270034K->184430K(465920K)] 862108K->777749K(1300992K), 0.0202058 secs] [Times: user=0.03 sys=0.00, real=0.02 secs] 
2010.432: [GC (Allocation Failure) [PSYoungGen: 417390K->184558K(465920K)] 1010709K->778151K(1300992K), 0.0202294 secs] [Times: user=0.02 sys=0.00, real=0.02 secs] 
2011.748: [GC (Allocation Failure) [PSYoungGen: 408253K->92672K(465920K)] 1001845K->686530K(1300992K), 0.0098163 secs] [Times: user=0.02 sys=0.00, real=0.01 secs] 
2012.542: [GC (Allocation Failure) [PSYoungGen: 325632K->37617K(465920K)] 919490K->631772K(1300992K), 0.0054576 secs] [Times: user=0.01 sys=0.00, real=0.00 secs] 
2012.811: [GC (Allocation Failure) [PSYoungGen: 270577K->184687K(465920K)] 864732K->780096K(1300992K), 0.0202294 secs] [Times: user=0.03 sys=0.00, real=0.02 secs] 
2013.093: [GC (Allocation Failure) [PSYoungGen: 417647K->183755K(465920K)] 1013056K->779429K(1300992K), 0.0200488 secs] [Times: user=0.02 sys=0.00, real=0.02 secs] 
2014.998: [GC (Allocation Failure) [PSYoungGen: 404546K->92640K(465920K)] 1000220K->688708K(1300992K), 0.0211895 secs] [Times: user=0.04 sys=0.00, real=0.02 secs] 
2016.641: [GC (Allocation Failure) [PSYoungGen: 325600K->37845K(465920K)] 921668K->634100K(1300992K), 0.0062184 secs] [Times: user=0.02 sys=0.00, real=0.00 secs] 
2016.919: [GC (Allocation Failure) [PSYoungGen: 270805K->184301K(465920K)] 867060K->781802K(1300992K), 0.0203346 secs] [Times: user=0.03 sys=0.00, real=0.02 secs] 
2017.207: [GC (Allocation Failure) [PSYoungGen: 417261K->184173K(465920K)] 1014762K->782075K(1300992K), 0.0201247 secs] [Times: user=0.02 sys=0.00, real=0.02 secs] 
2019.026: [GC (Allocation Failure) [PSYoungGen: 406936K->92351K(465920K)] 1004839K->690390K(1300992K), 0.0196801 secs] [Times: user=0.03 sys=0.00, real=0.02 secs] 
2019.935: [GC (Allocation Failure) [PSYoungGen: 325311K->37973K(465920K)] 923350K->636328K(1300992K), 0.0056139 secs] [Times: user=0.01 sys=0.00, real=0.01 secs] 
2020.204: [GC (Allocation Failure) [PSYoungGen: 270933K->184687K(465920K)] 869288K->784279K(1300992K), 0.0204430 secs] [Times: user=0.03 sys=0.00, real=0.02 secs] 
2020.488: [GC (Allocation Failure) [PSYoungGen: 417647K->184687K(465920K)] 1017239K->784672K(1300992K), 0.0202386 secs] [Times: user=0.03 sys=0.00, real=0.02 secs] 
2021.684: [GC (Allocation Failure) [PSYoungGen: 407129K->91323K(465920K)] 1007115K->691574K(1300992K), 0.0251578 secs] [Times: user=0.05 sys=0.00, real=0.03 secs] 
2022.793: [GC (Allocation Failure) [PSYoungGen: 324283K->37973K(465920K)] 924534K->638395K(1300992K), 0.0055025 secs] [Times: user=0.02 sys=0.00, real=0.01 secs] 
2023.119: [GC (Allocation Failure) [PSYoungGen: 270933K->184687K(465920K)] 871355K->786354K(1300992K), 0.0205167 secs] [Times: user=0.02 sys=0.00, real=0.02 secs] 
2023.408: [GC (Allocation Failure) [PSYoungGen: 417647K->184719K(465920K)] 1019314K->786651K(1300992K), 0.0203926 secs] [Times: user=0.03 sys=0.00, real=0.02 secs] 
2025.813: [GC (Allocation Failure) [PSYoungGen: 407275K->91323K(465920K)] 1009208K->693520K(1300992K), 0.0254841 secs] [Times: user=0.05 sys=0.00, real=0.03 secs] 
2027.734: [GC (Allocation Failure) [PSYoungGen: 324283K->37877K(465920K)] 926480K->640366K(1300992K), 0.0064470 secs] [Times: user=0.01 sys=0.00, real=0.01 secs] 
2028.016: [GC (Allocation Failure) [PSYoungGen: 270837K->184687K(465920K)] 873326K->788414K(1300992K), 0.0203067 secs] [Times: user=0.03 sys=0.00, real=0.02 secs] 
2028.299: [GC (Allocation Failure) [PSYoungGen: 417647K->184687K(465920K)] 1021374K->788687K(1300992K), 0.0202539 secs] [Times: user=0.02 sys=0.00, real=0.02 secs] 
2030.876: [GC (Allocation Failure) [PSYoungGen: 407274K->91484K(465920K)] 1011274K->695749K(1300992K), 0.0185719 secs] [Times: user=0.04 sys=0.00, real=0.02 secs] 
2031.696: [GC (Allocation Failure) [PSYoungGen: 324444K->37973K(465920K)] 928709K->642536K(1300992K), 0.0054475 secs] [Times: user=0.01 sys=0.00, real=0.01 secs] 
2031.964: [GC (Allocation Failure) [PSYoungGen: 270933K->184044K(465920K)] 875496K->789845K(1300992K), 0.0202878 secs] [Times: user=0.03 sys=0.00, real=0.02 secs] 
2032.311: [GC (Allocation Failure) [PSYoungGen: 417004K->184398K(465920K)] 1022805K->790600K(1300992K), 0.0243606 secs] [Times: user=0.03 sys=0.00, real=0.02 secs] 
2032.927: [GC (Allocation Failure) [PSYoungGen: 405978K->92223K(465920K)] 1012180K->698561K(1300992K), 0.0119327 secs] [Times: user=0.03 sys=0.00, real=0.02 secs] 
2033.736: [GC (Allocation Failure) [PSYoungGen: 325183K->37973K(465920K)] 931521K->644610K(1300992K), 0.0055497 secs] [Times: user=0.01 sys=0.00, real=0.01 secs] 
2034.059: [GC (Allocation Failure) [PSYoungGen: 270933K->184430K(465920K)] 877570K->792304K(1300992K), 0.0201906 secs] [Times: user=0.03 sys=0.00, real=0.02 secs] 
2034.348: [GC (Allocation Failure) [PSYoungGen: 417390K->184494K(465920K)] 1025264K->792641K(1300992K), 0.0201831 secs] [Times: user=0.02 sys=0.00, real=0.02 secs] 
2035.747: [GC (Allocation Failure) [PSYoungGen: 407044K->91725K(465920K)] 1015191K->700137K(1300992K), 0.0184429 secs] [Times: user=0.03 sys=0.00, real=0.02 secs] 
2037.749: [GC (Allocation Failure) [PSYoungGen: 324685K->37716K(465920K)] 933097K->646434K(1300992K), 0.0068862 secs] [Times: user=0.01 sys=0.00, real=0.00 secs] 
2038.047: [GC (Allocation Failure) [PSYoungGen: 270676K->184430K(465920K)] 879394K->794393K(1300992K), 0.0202571 secs] [Times: user=0.03 sys=0.00, real=0.02 secs] 
2038.330: [GC (Allocation Failure) [PSYoungGen: 417390K->184558K(465920K)] 1027353K->794787K(1300992K), 0.0201831 secs] [Times: user=0.03 sys=0.00, real=0.02 secs] 
2040.407: [GC (Allocation Failure) [PSYoungGen: 407643K->91998K(465920K)] 1017872K->702491K(1300992K), 0.0263827 secs] [Times: user=0.05 sys=0.00, real=0.02 secs] 
2042.326: [GC (Allocation Failure) [PSYoungGen: 324958K->37748K(465920K)] 935451K->648557K(1300992K), 0.0066326 secs] [Times: user=0.01 sys=0.00, real=0.01 secs] 
2042.613: [GC (Allocation Failure) [PSYoungGen: 270708K->184430K(465920K)] 881517K->796484K(1300992K), 0.0205569 secs] [Times: user=0.03 sys=0.00, real=0.02 secs] 
2042.901: [GC (Allocation Failure) [PSYoungGen: 417390K->184301K(465920K)] 1029444K->796629K(1300992K), 0.0205408 secs] [Times: user=0.03 sys=0.00, real=0.02 secs] 
2043.594: [GC (Allocation Failure) [PSYoungGen: 406772K->92191K(465920K)] 1019100K->704912K(1300992K), 0.0120712 secs] [Times: user=0.02 sys=0.00, real=0.01 secs] 
2044.451: [GC (Allocation Failure) [PSYoungGen: 325151K->38002K(465920K)] 937872K->650887K(1300992K), 0.0055146 secs] [Times: user=0.01 sys=0.00, real=0.00 secs] 
2044.777: [GC (Allocation Failure) [PSYoungGen: 270962K->184687K(465920K)] 883847K->798809K(1300992K), 0.0203939 secs] [Times: user=0.03 sys=0.00, real=0.02 secs] 
2045.065: [GC (Allocation Failure) [PSYoungGen: 417647K->184623K(465920K)] 1031769K->799018K(1300992K), 0.0201722 secs] [Times: user=0.03 sys=0.00, real=0.02 secs] 
2047.058: [GC (Allocation Failure) [PSYoungGen: 407187K->91323K(465920K)] 1021583K->705984K(1300992K), 0.0169118 secs] [Times: user=0.04 sys=0.00, real=0.01 secs] 
2048.625: [GC (Allocation Failure) [PSYoungGen: 324283K->37716K(465920K)] 938944K->652679K(1300992K), 0.0074493 secs] [Times: user=0.01 sys=0.00, real=0.01 secs] 
2048.942: [GC (Allocation Failure) [PSYoungGen: 270676K->184044K(465920K)] 885639K->800260K(1300992K), 0.0202797 secs] [Times: user=0.03 sys=0.00, real=0.02 secs] 
2049.226: [GC (Allocation Failure) [PSYoungGen: 417004K->184783K(465920K)] 1033220K->801272K(1300992K), 0.0201874 secs] [Times: user=0.03 sys=0.00, real=0.02 secs] 
2049.880: [GC (Allocation Failure) [PSYoungGen: 407647K->92126K(465920K)] 1024136K->708896K(1300992K), 0.0121853 secs] [Times: user=0.02 sys=0.00, real=0.01 secs] 
2050.688: [GC (Allocation Failure) [PSYoungGen: 325086K->38005K(465920K)] 941856K->655081K(1300992K), 0.0071714 secs] [Times: user=0.01 sys=0.00, real=0.00 secs] 
2051.045: [GC (Allocation Failure) [PSYoungGen: 270965K->183916K(465920K)] 888041K->802237K(1300992K), 0.0203280 secs] [Times: user=0.02 sys=0.00, real=0.02 secs] 
2051.328: [GC (Allocation Failure) [PSYoungGen: 416876K->184430K(465920K)] 1035197K->803016K(1300992K), 0.0202372 secs] [Times: user=0.03 sys=0.00, real=0.02 secs] 
2052.385: [GC (Allocation Failure) [PSYoungGen: 408137K->92335K(465920K)] 1026723K->711187K(1300992K), 0.0204676 secs] [Times: user=0.04 sys=0.00, real=0.02 secs] 
2053.835: [GC (Allocation Failure) [PSYoungGen: 325295K->37716K(465920K)] 944147K->656875K(1300992K), 0.0062226 secs] [Times: user=0.02 sys=0.00, real=0.01 secs] 
2054.110: [GC (Allocation Failure) [PSYoungGen: 270676K->184430K(465920K)] 889835K->804971K(1300992K), 0.0201541 secs] [Times: user=0.03 sys=0.00, real=0.02 secs] 
2054.393: [GC (Allocation Failure) [PSYoungGen: 417390K->184526K(465920K)] 1037931K->805212K(1300992K), 0.0201060 secs] [Times: user=0.02 sys=0.00, real=0.02 secs] 
2056.015: [GC (Allocation Failure) [PSYoungGen: 407577K->91950K(465920K)] 1028263K->712901K(1300992K), 0.0147567 secs] [Times: user=0.03 sys=0.00, real=0.02 secs] 
2057.704: [GC (Allocation Failure) [PSYoungGen: 324910K->37588K(465920K)] 945861K->658844K(1300992K), 0.0080179 secs] [Times: user=0.02 sys=0.00, real=0.01 secs] 
2058.033: [GC (Allocation Failure) [PSYoungGen: 270548K->184976K(465920K)] 891804K->807478K(1300992K), 0.0203471 secs] [Times: user=0.03 sys=0.00, real=0.02 secs] 
2058.373: [GC (Allocation Failure) [PSYoungGen: 417936K->183916K(465920K)] 1040438K->806691K(1300992K), 0.0200098 secs] [Times: user=0.02 sys=0.00, real=0.02 secs] 
2059.499: [GC (Allocation Failure) [PSYoungGen: 406804K->92223K(465920K)] 1029579K->715263K(1300992K), 0.0251975 secs] [Times: user=0.05 sys=0.00, real=0.02 secs] 
2060.355: [GC (Allocation Failure) [PSYoungGen: 325183K->38102K(465920K)] 948223K->661458K(1300992K), 0.0055295 secs] [Times: user=0.02 sys=0.00, real=0.01 secs] 
2060.624: [GC (Allocation Failure) [PSYoungGen: 271062K->184558K(465920K)] 894418K->809160K(1300992K), 0.0204592 secs] [Times: user=0.03 sys=0.00, real=0.02 secs] 
2060.966: [GC (Allocation Failure) [PSYoungGen: 417518K->184333K(465920K)] 1042120K->809208K(1300992K), 0.0202666 secs] [Times: user=0.02 sys=0.00, real=0.02 secs] 
2061.874: [GC (Allocation Failure) [PSYoungGen: 406907K->91741K(465920K)] 1031782K->716888K(1300992K), 0.0128754 secs] [Times: user=0.03 sys=0.00, real=0.01 secs] 
2062.678: [GC (Allocation Failure) [PSYoungGen: 324701K->37845K(465920K)] 949848K->663298K(1300992K), 0.0055435 secs] [Times: user=0.01 sys=0.00, real=0.00 secs] 
2062.946: [GC (Allocation Failure) [PSYoungGen: 270805K->184044K(465920K)] 896258K->810743K(1300992K), 0.0203320 secs] [Times: user=0.03 sys=0.00, real=0.02 secs] 
2063.299: [GC (Allocation Failure) [PSYoungGen: 417004K->184398K(465920K)] 1043703K->811498K(1300992K), 0.0203325 secs] [Times: user=0.02 sys=0.00, real=0.02 secs] 
2064.368: [GC (Allocation Failure) [PSYoungGen: 408058K->92383K(465920K)] 1035159K->719620K(1300992K), 0.0124315 secs] [Times: user=0.02 sys=0.00, real=0.01 secs] 
2065.210: [GC (Allocation Failure) [PSYoungGen: 325343K->38002K(465920K)] 952580K->665555K(1300992K), 0.0055748 secs] [Times: user=0.01 sys=0.00, real=0.00 secs] 
2065.480: [GC (Allocation Failure) [PSYoungGen: 270962K->184430K(465920K)] 898515K->813357K(1300992K), 0.0202461 secs] [Times: user=0.03 sys=0.00, real=0.02 secs] 
2065.768: [GC (Allocation Failure) [PSYoungGen: 417390K->184494K(465920K)] 1046317K->813558K(1300992K), 0.0201189 secs] [Times: user=0.03 sys=0.00, real=0.02 secs] 
2066.846: [GC (Allocation Failure) [PSYoungGen: 407041K->91709K(465920K)] 1036105K->721037K(1300992K), 0.0235208 secs] [Times: user=0.05 sys=0.00, real=0.03 secs] 
2067.663: [GC (Allocation Failure) [PSYoungGen: 324669K->38002K(465920K)] 953997K->667647K(1300992K), 0.0055489 secs] [Times: user=0.01 sys=0.00, real=0.01 secs] 
2067.931: [GC (Allocation Failure) [PSYoungGen: 270962K->183916K(465920K)] 900607K->814805K(1300992K), 0.0202271 secs] [Times: user=0.03 sys=0.00, real=0.02 secs] 
2068.213: [GC (Allocation Failure) [PSYoungGen: 416876K->184623K(465920K)] 1047765K->815786K(1300992K), 0.0201121 secs] [Times: user=0.03 sys=0.00, real=0.02 secs] 
2070.266: [GC (Allocation Failure) [PSYoungGen: 407450K->92110K(465920K)] 1038613K->723667K(1300992K), 0.0145601 secs] [Times: user=0.02 sys=0.00, real=0.02 secs] 
2071.925: [GC (Allocation Failure) [PSYoungGen: 325070K->37617K(465920K)] 956627K->669360K(1300992K), 0.0062593 secs] [Times: user=0.01 sys=0.00, real=0.01 secs] 
2072.204: [GC (Allocation Failure) [PSYoungGen: 270577K->184944K(465920K)] 902320K->817925K(1300992K), 0.0204063 secs] [Times: user=0.02 sys=0.00, real=0.02 secs] 
2072.545: [GC (Allocation Failure) [PSYoungGen: 417904K->184141K(465920K)] 1050885K->817387K(1300992K), 0.0201305 secs] [Times: user=0.02 sys=0.00, real=0.02 secs] 
2074.247: [GC (Allocation Failure) [PSYoungGen: 407496K->91966K(465920K)] 1040742K->725477K(1300992K), 0.0200135 secs] [Times: user=0.03 sys=0.00, real=0.02 secs] 
2076.002: [GC (Allocation Failure) [PSYoungGen: 324926K->37459K(465920K)] 958437K->671272K(1300992K), 0.0067305 secs] [Times: user=0.01 sys=0.00, real=0.01 secs] 
2076.295: [GC (Allocation Failure) [PSYoungGen: 270419K->184462K(465920K)] 904232K->819649K(1300992K), 0.0203246 secs] [Times: user=0.03 sys=0.00, real=0.02 secs] 
2076.578: [GC (Allocation Failure) [PSYoungGen: 417422K->184558K(465920K)] 1052609K->819890K(1300992K), 0.0200760 secs] [Times: user=0.03 sys=0.00, real=0.02 secs] 
2077.696: [GC (Allocation Failure) [PSYoungGen: 406080K->92239K(465920K)] 1041411K->727835K(1300992K), 0.0238679 secs] [Times: user=0.05 sys=0.00, real=0.03 secs] 
2079.657: [GC (Allocation Failure) [PSYoungGen: 325199K->37748K(465920K)] 960795K->673653K(1300992K), 0.0074411 secs] [Times: user=0.02 sys=0.00, real=0.01 secs] 
2079.978: [GC (Allocation Failure) [PSYoungGen: 270708K->184430K(465920K)] 906613K->821716K(1300992K), 0.0202834 secs] [Times: user=0.03 sys=0.00, real=0.02 secs] 
2080.318: [GC (Allocation Failure) [PSYoungGen: 417390K->184526K(465920K)] 1054676K->821957K(1300992K), 0.0201337 secs] [Times: user=0.03 sys=0.00, real=0.02 secs] 
2081.141: [GC (Allocation Failure) [PSYoungGen: 407584K->91998K(465920K)] 1045015K->729694K(1300992K), 0.0121930 secs] [Times: user=0.02 sys=0.00, real=0.01 secs] 
2082.303: [GC (Allocation Failure) [PSYoungGen: 324958K->37845K(465920K)] 962654K->675865K(1300992K), 0.0064126 secs] [Times: user=0.02 sys=0.00, real=0.01 secs] 
2082.582: [GC (Allocation Failure) [PSYoungGen: 270805K->184430K(465920K)] 908825K->823703K(1300992K), 0.0203274 secs] [Times: user=0.02 sys=0.00, real=0.02 secs] 
2082.926: [GC (Allocation Failure) [PSYoungGen: 417390K->184301K(465920K)] 1056663K->823840K(1300992K), 0.0202346 secs] [Times: user=0.02 sys=0.00, real=0.02 secs] 
2085.051: [GC (Allocation Failure) [PSYoungGen: 406783K->92126K(465920K)] 1046322K->732058K(1300992K), 0.0269244 secs] [Times: user=0.06 sys=0.01, real=0.03 secs] 
2087.068: [GC (Allocation Failure) [PSYoungGen: 325086K->37845K(465920K)] 965018K->677956K(1300992K), 0.0076016 secs] [Times: user=0.02 sys=0.00, real=0.00 secs] 
2087.374: [GC (Allocation Failure) [PSYoungGen: 270805K->183787K(465920K)] 910916K->825136K(1300992K), 0.0204557 secs] [Times: user=0.03 sys=0.00, real=0.02 secs] 
2087.657: [GC (Allocation Failure) [PSYoungGen: 416747K->184398K(465920K)] 1058096K->826020K(1300992K), 0.0203721 secs] [Times: user=0.03 sys=0.00, real=0.02 secs] 
2089.715: [GC (Allocation Failure) [PSYoungGen: 407225K->92624K(465920K)] 1048847K->734512K(1300992K), 0.0172117 secs] [Times: user=0.03 sys=0.00, real=0.02 secs] 
2091.229: [GC (Allocation Failure) [PSYoungGen: 325584K->37845K(465920K)] 967472K->680046K(1300992K), 0.0063164 secs] [Times: user=0.01 sys=0.00, real=0.00 secs] 
2091.505: [GC (Allocation Failure) [PSYoungGen: 270805K->183658K(465920K)] 913006K->827097K(1300992K), 0.0202255 secs] [Times: user=0.02 sys=0.00, real=0.02 secs] 
2091.787: [GC (Allocation Failure) [PSYoungGen: 416618K->184398K(465920K)] 1060057K->828109K(1300992K), 0.0201401 secs] [Times: user=0.03 sys=0.00, real=0.02 secs] 
2092.763: [GC (Allocation Failure) [PSYoungGen: 409505K->92737K(465920K)] 1053217K->736842K(1300992K), 0.0192868 secs] [Times: user=0.04 sys=0.01, real=0.02 secs] 
2094.239: [GC (Allocation Failure) [PSYoungGen: 325697K->37845K(465920K)] 969802K->682121K(1300992K), 0.0057344 secs] [Times: user=0.01 sys=0.00, real=0.00 secs] 
2094.508: [GC (Allocation Failure) [PSYoungGen: 270805K->184141K(465920K)] 915081K->829655K(1300992K), 0.0203870 secs] [Times: user=0.03 sys=0.00, real=0.02 secs] 
2094.789: [GC (Allocation Failure) [PSYoungGen: 417101K->183626K(465920K)] 1062615K->829414K(1300992K), 0.0202385 secs] [Times: user=0.03 sys=0.00, real=0.02 secs] 
2096.640: [GC (Allocation Failure) [PSYoungGen: 408275K->92962K(465920K)] 1054063K->739014K(1300992K), 0.0271315 secs] [Times: user=0.05 sys=0.00, real=0.03 secs] 
2098.411: [GC (Allocation Failure) [PSYoungGen: 325922K->37845K(465920K)] 971974K->684197K(1300992K), 0.0070025 secs] [Times: user=0.01 sys=0.00, real=0.01 secs] 
2098.711: [GC (Allocation Failure) [PSYoungGen: 270805K->184815K(465920K)] 917157K->832413K(1300992K), 0.0204431 secs] [Times: user=0.03 sys=0.00, real=0.02 secs] 
2098.998: [GC (Allocation Failure) [PSYoungGen: 417775K->184719K(465920K)] 1065373K->832581K(1300992K), 0.0204041 secs] [Times: user=0.03 sys=0.00, real=0.02 secs] 
2099.608: [GC (Allocation Failure) [PSYoungGen: 407290K->91323K(465920K)] 1055153K->739451K(1300992K), 0.0105486 secs] [Times: user=0.02 sys=0.00, real=0.01 secs] 
2100.401: [GC (Allocation Failure) [PSYoungGen: 324283K->38002K(465920K)] 972411K->686438K(1300992K), 0.0055811 secs] [Times: user=0.01 sys=0.00, real=0.00 secs] 
2100.670: [GC (Allocation Failure) [PSYoungGen: 270962K->184687K(465920K)] 919398K->834368K(1300992K), 0.0203148 secs] [Times: user=0.03 sys=0.00, real=0.02 secs] 
2100.953: [GC (Allocation Failure) [PSYoungGen: 417647K->184719K(465920K)] 1067328K->834673K(1300992K), 0.0202596 secs] [Times: user=0.03 sys=0.00, real=0.02 secs] 
2101.582: [GC (Allocation Failure) [PSYoungGen: 407269K->91387K(465920K)] 1057223K->741606K(1300992K), 0.0111409 secs] [Times: user=0.03 sys=0.00, real=0.01 secs] 
2102.913: [GC (Allocation Failure) [PSYoungGen: 324347K->37973K(465920K)] 974566K->688500K(1300992K), 0.0072226 secs] [Times: user=0.02 sys=0.00, real=0.01 secs] 
2103.302: [GC (Allocation Failure) [PSYoungGen: 270933K->184687K(465920K)] 921460K->836596K(1300992K), 0.0203873 secs] [Times: user=0.03 sys=0.00, real=0.02 secs] 
2103.585: [GC (Allocation Failure) [PSYoungGen: 417647K->184655K(465920K)] 1069556K->836708K(1300992K), 0.0206249 secs] [Times: user=0.03 sys=0.00, real=0.02 secs] 
2105.473: [GC (Allocation Failure) [PSYoungGen: 407216K->91387K(465920K)] 1059269K->743705K(1300992K), 0.0196983 secs] [Times: user=0.04 sys=0.00, real=0.02 secs] 
2107.125: [GC (Allocation Failure) [PSYoungGen: 324347K->37845K(465920K)] 976665K->690469K(1300992K), 0.0074415 secs] [Times: user=0.02 sys=0.00, real=0.01 secs] 
2107.432: [GC (Allocation Failure) [PSYoungGen: 270805K->184012K(465920K)] 923429K->837874K(1300992K), 0.0204053 secs] [Times: user=0.03 sys=0.00, real=0.02 secs] 
2107.715: [GC (Allocation Failure) [PSYoungGen: 416972K->184526K(465920K)] 1070834K->838653K(1300992K), 0.0202477 secs] [Times: user=0.02 sys=0.00, real=0.02 secs] 
2109.275: [GC (Allocation Failure) [PSYoungGen: 407191K->92255K(465920K)] 1061318K->746647K(1300992K), 0.0166893 secs] [Times: user=0.03 sys=0.00, real=0.02 secs] 
2111.054: [GC (Allocation Failure) [PSYoungGen: 325215K->37874K(465920K)] 979607K->692579K(1300992K), 0.0075532 secs] [Times: user=0.02 sys=0.00, real=0.01 secs] 
2111.358: [GC (Allocation Failure) [PSYoungGen: 270834K->183787K(465920K)] 925539K->839738K(1300992K), 0.0202853 secs] [Times: user=0.02 sys=0.00, real=0.02 secs] 
2111.646: [GC (Allocation Failure) [PSYoungGen: 416747K->184398K(465920K)] 1072698K->840622K(1300992K), 0.0201190 secs] [Times: user=0.03 sys=0.00, real=0.02 secs] 
2112.364: [GC (Allocation Failure) [PSYoungGen: 406942K->92608K(465920K)] 1063166K->749226K(1300992K), 0.0113772 secs] [Times: user=0.02 sys=0.00, real=0.01 secs] 
2113.195: [GC (Allocation Failure) [PSYoungGen: 325568K->38002K(465920K)] 982186K->694799K(1300992K), 0.0065591 secs] [Times: user=0.01 sys=0.00, real=0.01 secs] 
2113.476: [GC (Allocation Failure) [PSYoungGen: 270962K->184687K(465920K)] 927759K->842729K(1300992K), 0.0203223 secs] [Times: user=0.03 sys=0.00, real=0.02 secs] 
2113.818: [GC (Allocation Failure) [PSYoungGen: 417647K->184623K(465920K)] 1075689K->842938K(1300992K), 0.0205175 secs] [Times: user=0.03 sys=0.00, real=0.02 secs] 
2114.448: [GC (Allocation Failure) [PSYoungGen: 407192K->91387K(465920K)] 1065507K->749968K(1300992K), 0.0121200 secs] [Times: user=0.03 sys=0.00, real=0.01 secs] 
2115.263: [GC (Allocation Failure) [PSYoungGen: 324347K->38002K(465920K)] 982928K->696889K(1300992K), 0.0055877 secs] [Times: user=0.01 sys=0.00, real=0.01 secs] 
2115.532: [GC (Allocation Failure) [PSYoungGen: 270962K->184173K(465920K)] 929849K->844305K(1300992K), 0.0202286 secs] [Times: user=0.03 sys=0.00, real=0.02 secs] 
2115.815: [GC (Allocation Failure) [PSYoungGen: 417133K->185008K(465920K)] 1077265K->845413K(1300992K), 0.0201929 secs] [Times: user=0.03 sys=0.00, real=0.02 secs] 
2116.896: [GC (Allocation Failure) [PSYoungGen: 407919K->91580K(465920K)] 1068324K->752250K(1300992K), 0.0131855 secs] [Times: user=0.02 sys=0.00, real=0.02 secs] 
2118.771: [GC (Allocation Failure) [PSYoungGen: 324540K->37588K(465920K)] 985210K->698555K(1300992K), 0.0069775 secs] [Times: user=0.02 sys=0.00, real=0.01 secs] 
2119.069: [GC (Allocation Failure) [PSYoungGen: 270548K->183948K(465920K)] 931515K->846161K(1300992K), 0.0202985 secs] [Times: user=0.03 sys=0.00, real=0.02 secs] 
2119.353: [GC (Allocation Failure) [PSYoungGen: 416908K->184558K(465920K)] 1079121K->847061K(1300992K), 0.0204319 secs] [Times: user=0.02 sys=0.00, real=0.02 secs] 
2119.965: [GC (Allocation Failure) [PSYoungGen: 407067K->92608K(465920K)] 1069569K->755504K(1300992K), 0.0116299 secs] [Times: user=0.02 sys=0.00, real=0.01 secs] 
2120.776: [GC (Allocation Failure) [PSYoungGen: 325568K->38002K(465920K)] 988464K->701068K(1300992K), 0.0054868 secs] [Times: user=0.01 sys=0.00, real=0.01 secs] 
2121.045: [GC (Allocation Failure) [PSYoungGen: 270962K->184687K(465920K)] 934028K->848998K(1300992K), 0.0204658 secs] [Times: user=0.03 sys=0.00, real=0.02 secs] 
2121.389: [GC (Allocation Failure) [PSYoungGen: 417647K->184719K(465920K)] 1081958K->849303K(1300992K), 0.0201238 secs] [Times: user=0.02 sys=0.00, real=0.02 secs] 
2121.995: [GC (Allocation Failure) [PSYoungGen: 407270K->91371K(465920K)] 1071854K->756220K(1300992K), 0.0118418 secs] [Times: user=0.02 sys=0.00, real=0.01 secs] 
2122.885: [GC (Allocation Failure) [PSYoungGen: 324331K->38002K(465920K)] 989180K->703157K(1300992K), 0.0055698 secs] [Times: user=0.02 sys=0.00, real=0.01 secs] 
2123.152: [GC (Allocation Failure) [PSYoungGen: 270962K->184173K(465920K)] 936117K->850565K(1300992K), 0.0204086 secs] [Times: user=0.03 sys=0.00, real=0.02 secs] 
2123.436: [GC (Allocation Failure) [PSYoungGen: 417133K->184912K(465920K)] 1083525K->851577K(1300992K), 0.0203124 secs] [Times: user=0.02 sys=0.00, real=0.02 secs] 
2124.892: [GC (Allocation Failure) [PSYoungGen: 407831K->91580K(465920K)] 1074497K->758510K(1300992K), 0.0272552 secs] [Times: user=0.06 sys=0.00, real=0.03 secs] 
2126.532: [GC (Allocation Failure) [PSYoungGen: 324540K->37716K(465920K)] 991470K->704956K(1300992K), 0.0066282 secs] [Times: user=0.01 sys=0.00, real=0.01 secs] 
2126.879: [GC (Allocation Failure) [PSYoungGen: 270676K->183916K(465920K)] 937916K->852409K(1300992K), 0.0203710 secs] [Times: user=0.03 sys=0.00, real=0.02 secs] 
2127.167: [GC (Allocation Failure) [PSYoungGen: 416876K->184590K(465920K)] 1085369K->853349K(1300992K), 0.0203850 secs] [Times: user=0.03 sys=0.00, real=0.02 secs] 
2128.940: [GC (Allocation Failure) [PSYoungGen: 407217K->92480K(465920K)] 1075976K->761503K(1300992K), 0.0277768 secs] [Times: user=0.06 sys=0.00, real=0.03 secs] 
2130.699: [GC (Allocation Failure) [PSYoungGen: 325440K->37777K(465920K)] 994463K->707109K(1300992K), 0.0066147 secs] [Times: user=0.02 sys=0.00, real=0.00 secs] 
2131.058: [GC (Allocation Failure) [PSYoungGen: 270737K->184687K(465920K)] 940069K->855272K(1300992K), 0.0204130 secs] [Times: user=0.03 sys=0.00, real=0.02 secs] 
2131.346: [GC (Allocation Failure) [PSYoungGen: 417647K->184687K(465920K)] 1088232K->855545K(1300992K), 0.0203522 secs] [Times: user=0.03 sys=0.00, real=0.02 secs] 
2132.104: [GC (Allocation Failure) [PSYoungGen: 407251K->91612K(465920K)] 1078109K->762735K(1300992K), 0.0122508 secs] [Times: user=0.02 sys=0.00, real=0.01 secs] 
2132.986: [GC (Allocation Failure) [PSYoungGen: 324572K->38002K(465920K)] 995695K->709436K(1300992K), 0.0055827 secs] [Times: user=0.01 sys=0.00, real=0.01 secs] 
2133.254: [GC (Allocation Failure) [PSYoungGen: 270962K->184173K(465920K)] 942396K->856851K(1300992K), 0.0203013 secs] [Times: user=0.03 sys=0.00, real=0.02 secs] 
2133.538: [GC (Allocation Failure) [PSYoungGen: 417133K->184526K(465920K)] 1089811K->857599K(1300992K), 0.0204189 secs] [Times: user=0.03 sys=0.00, real=0.02 secs] 
2134.632: [GC (Allocation Failure) [PSYoungGen: 407127K->91950K(465920K)] 1080200K->765159K(1300992K), 0.0149535 secs] [Times: user=0.03 sys=0.00, real=0.01 secs] 
2136.873: [GC (Allocation Failure) [PSYoungGen: 324910K->37202K(465920K)] 998119K->710721K(1300992K), 0.0075632 secs] [Times: user=0.01 sys=0.00, real=0.01 secs] 
2137.251: [GC (Allocation Failure) [PSYoungGen: 270162K->184173K(465920K)] 943681K->858937K(1300992K), 0.0204592 secs] [Times: user=0.02 sys=0.00, real=0.02 secs] 
2137.534: [GC (Allocation Failure) [PSYoungGen: 417133K->184751K(465920K)] 1091897K->859788K(1300992K), 0.0201152 secs] [Times: user=0.03 sys=0.00, real=0.02 secs] 
2138.164: [GC (Allocation Failure) [PSYoungGen: 407648K->92640K(465920K)] 1082685K->768071K(1300992K), 0.0118045 secs] [Times: user=0.03 sys=0.00, real=0.01 secs] 
2138.966: [GC (Allocation Failure) [PSYoungGen: 325600K->37973K(465920K)] 1001031K->713591K(1300992K), 0.0054559 secs] [Times: user=0.01 sys=0.00, real=0.01 secs] 
2139.234: [GC (Allocation Failure) [PSYoungGen: 270933K->184590K(465920K)] 946551K->861462K(1300992K), 0.0202619 secs] [Times: user=0.03 sys=0.00, real=0.02 secs] 
2139.518: [GC (Allocation Failure) [PSYoungGen: 417550K->184719K(465920K)] 1094422K->861879K(1300992K), 0.0202096 secs] [Times: user=0.03 sys=0.00, real=0.02 secs] 
2142.011: [GC (Allocation Failure) [PSYoungGen: 407169K->91516K(465920K)] 1084330K->769070K(1300992K), 0.0193871 secs] [Times: user=0.04 sys=0.00, real=0.02 secs] 
2142.949: [GC (Allocation Failure) [PSYoungGen: 324476K->37973K(465920K)] 1002030K->715723K(1300992K), 0.0054937 secs] [Times: user=0.01 sys=0.00, real=0.00 secs] 
2143.219: [GC (Allocation Failure) [PSYoungGen: 270933K->184687K(465920K)] 948683K->863682K(1300992K), 0.0203134 secs] [Times: user=0.03 sys=0.00, real=0.02 secs] 
2143.508: [GC (Allocation Failure) [PSYoungGen: 417647K->184687K(465920K)] 1096642K->863955K(1300992K), 0.0202000 secs] [Times: user=0.02 sys=0.00, real=0.02 secs] 
2145.445: [GC (Allocation Failure) [PSYoungGen: 407239K->91387K(465920K)] 1086507K->770920K(1300992K), 0.0206574 secs] [Times: user=0.04 sys=0.00, real=0.02 secs] 
2147.258: [GC (Allocation Failure) [PSYoungGen: 324347K->37716K(465920K)] 1003880K->717557K(1300992K), 0.0069326 secs] [Times: user=0.01 sys=0.00, real=0.00 secs] 
2147.551: [GC (Allocation Failure) [PSYoungGen: 270676K->184173K(465920K)] 950517K->865259K(1300992K), 0.0203113 secs] [Times: user=0.03 sys=0.00, real=0.02 secs] 
2147.835: [GC (Allocation Failure) [PSYoungGen: 417133K->184526K(465920K)] 1098219K->866014K(1300992K), 0.0202927 secs] [Times: user=0.02 sys=0.00, real=0.02 secs] 
2149.081: [GC (Allocation Failure) [PSYoungGen: 407172K->92303K(465920K)] 1088660K->773927K(1300992K), 0.0133318 secs] [Times: user=0.03 sys=0.00, real=0.01 secs] 
2150.341: [GC (Allocation Failure) [PSYoungGen: 325263K->37716K(465920K)] 1006887K->719658K(1300992K), 0.0055176 secs] [Times: user=0.02 sys=0.01, real=0.00 secs] 
2150.608: [GC (Allocation Failure) [PSYoungGen: 270676K->183787K(465920K)] 952618K->866975K(1300992K), 0.0204438 secs] [Times: user=0.03 sys=0.00, real=0.02 secs] 
2150.892: [GC (Allocation Failure) [PSYoungGen: 416747K->184462K(465920K)] 1099935K->867923K(1300992K), 0.0204307 secs] [Times: user=0.03 sys=0.00, real=0.02 secs] 
2152.801: [GC (Allocation Failure) [PSYoungGen: 409704K->92753K(465920K)] 1093165K->776479K(1300992K), 0.0279177 secs] [Times: user=0.05 sys=0.00, real=0.03 secs] 
2154.854: [GC (Allocation Failure) [PSYoungGen: 325713K->37716K(465920K)] 1009439K->721740K(1300992K), 0.0067512 secs] [Times: user=0.02 sys=0.00, real=0.01 secs] 
2155.208: [GC (Allocation Failure) [PSYoungGen: 270676K->184687K(465920K)] 954700K->869948K(1300992K), 0.0204568 secs] [Times: user=0.02 sys=0.00, real=0.02 secs] 
2155.558: [GC (Allocation Failure) [PSYoungGen: 417647K->184655K(465920K)] 1102908K->870189K(1300992K), 0.0201143 secs] [Times: user=0.03 sys=0.00, real=0.02 secs] 
2156.316: [GC (Allocation Failure) [PSYoungGen: 407214K->91612K(465920K)] 1092749K->777411K(1300992K), 0.0116748 secs] [Times: user=0.03 sys=0.00, real=0.02 secs] 
2157.355: [GC (Allocation Failure) [PSYoungGen: 324572K->37973K(465920K)] 1010371K->724081K(1300992K), 0.0065821 secs] [Times: user=0.02 sys=0.00, real=0.01 secs] 
2157.635: [GC (Allocation Failure) [PSYoungGen: 270933K->184173K(465920K)] 957041K->871526K(1300992K), 0.0202775 secs] [Times: user=0.03 sys=0.00, real=0.02 secs] 
2157.977: [GC (Allocation Failure) [PSYoungGen: 417133K->184590K(465920K)] 1104486K->872216K(1300992K), 0.0201447 secs] [Times: user=0.02 sys=0.00, real=0.02 secs] 
2158.628: [GC (Allocation Failure) [PSYoungGen: 407180K->92030K(465920K)] 1094806K->779921K(1300992K), 0.0120975 secs] [Times: user=0.03 sys=0.00, real=0.01 secs] 
2160.507: [GC (Allocation Failure) [PSYoungGen: 324990K->37459K(465920K)] 1012881K->725666K(1300992K), 0.0070640 secs] [Times: user=0.02 sys=0.00, real=0.01 secs] 
2160.806: [GC (Allocation Failure) [PSYoungGen: 270419K->184687K(465920K)] 958626K->874260K(1300992K), 0.0204647 secs] [Times: user=0.03 sys=0.00, real=0.02 secs] 
2161.089: [GC (Allocation Failure) [PSYoungGen: 417647K->184687K(465920K)] 1107220K->874397K(1300992K), 0.0204764 secs] [Times: user=0.02 sys=0.00, real=0.02 secs] 
2161.817: [GC (Allocation Failure) [PSYoungGen: 407507K->91869K(465920K)] 1097217K->781844K(1300992K), 0.0119823 secs] [Times: user=0.03 sys=0.00, real=0.02 secs] 
2162.944: [GC (Allocation Failure) [PSYoungGen: 324829K->37845K(465920K)] 1014804K->728111K(1300992K), 0.0066645 secs] [Times: user=0.02 sys=0.00, real=0.01 secs] 
2163.299: [GC (Allocation Failure) [PSYoungGen: 270805K->184044K(465920K)] 961071K->875564K(1300992K), 0.0202995 secs] [Times: user=0.03 sys=0.00, real=0.02 secs] 
2163.639: [GC (Allocation Failure) [PSYoungGen: 417004K->184783K(465920K)] 1108524K->876569K(1300992K), 0.0202413 secs] [Times: user=0.03 sys=0.00, real=0.02 secs] 
2164.463: [GC (Allocation Failure) [PSYoungGen: 408048K->91966K(465920K)] 1099833K->784016K(1300992K), 0.0120144 secs] [Times: user=0.03 sys=0.00, real=0.01 secs] 
2165.585: [GC (Allocation Failure) [PSYoungGen: 324926K->37745K(465920K)] 1016976K->730103K(1300992K), 0.0058846 secs] [Times: user=0.02 sys=0.00, real=0.01 secs] 
2165.859: [GC (Allocation Failure) [PSYoungGen: 270705K->184301K(465920K)] 963063K->877913K(1300992K), 0.0202837 secs] [Times: user=0.03 sys=0.00, real=0.02 secs] 
2166.198: [GC (Allocation Failure) [PSYoungGen: 417261K->184109K(465920K)] 1110873K->877993K(1300992K), 0.0202429 secs] [Times: user=0.02 sys=0.00, real=0.02 secs] 
2167.362: [GC (Allocation Failure) [PSYoungGen: 406775K->92464K(465920K)] 1100660K->786613K(1300992K), 0.0137641 secs] [Times: user=0.03 sys=0.00, real=0.01 secs] 
2169.543: [GC (Allocation Failure) [PSYoungGen: 325424K->37620K(465920K)] 1019573K->732087K(1300992K), 0.0068434 secs] [Times: user=0.01 sys=0.00, real=0.01 secs] 
2169.844: [GC (Allocation Failure) [PSYoungGen: 270580K->184944K(465920K)] 965047K->880665K(1300992K), 0.0204637 secs] [Times: user=0.02 sys=0.00, real=0.02 secs] 
2170.126: [GC (Allocation Failure) [PSYoungGen: 417904K->183787K(465920K)] 1113625K->879773K(1300992K), 0.0201550 secs] [Times: user=0.03 sys=0.00, real=0.02 secs] 
2172.042: [GC (Allocation Failure) [PSYoungGen: 406710K->92383K(465920K)] 1102696K->788634K(1300992K), 0.0170871 secs] [Times: user=0.03 sys=0.00, real=0.02 secs] 
2173.829: [GC (Allocation Failure) [PSYoungGen: 325343K->37716K(465920K)] 1021594K->734267K(1300992K), 0.0067176 secs] [Times: user=0.01 sys=0.00, real=0.00 secs] 
2174.123: [GC (Allocation Failure) [PSYoungGen: 270676K->184944K(465920K)] 967227K->882741K(1300992K), 0.0204087 secs] [Times: user=0.02 sys=0.00, real=0.02 secs] 
2174.406: [GC (Allocation Failure) [PSYoungGen: 417904K->184173K(465920K)] 1115701K->882371K(1300992K), 0.0202162 secs] [Times: user=0.03 sys=0.00, real=0.02 secs] 
2175.836: [GC (Allocation Failure) [PSYoungGen: 406983K->91837K(465920K)] 1105182K->790172K(1300992K), 0.0153834 secs] [Times: user=0.03 sys=0.01, real=0.02 secs] 
2177.612: [GC (Allocation Failure) [PSYoungGen: 324797K->37459K(465920K)] 1023132K->736102K(1300992K), 0.0065892 secs] [Times: user=0.01 sys=0.00, real=0.01 secs] 
2177.951: [GC (Allocation Failure) [PSYoungGen: 270419K->184815K(465920K)] 969062K->884712K(1300992K), 0.0203247 secs] [Times: user=0.02 sys=0.00, real=0.02 secs] 
2178.282: [GC (Allocation Failure) [PSYoungGen: 417775K->183755K(465920K)] 1117672K->883933K(1300992K), 0.0201716 secs] [Times: user=0.03 sys=0.00, real=0.02 secs] 
2179.566: [GC (Allocation Failure) [PSYoungGen: 406861K->92672K(465920K)] 1107039K->793115K(1300992K), 0.0146604 secs] [Times: user=0.03 sys=0.00, real=0.02 secs] 
2181.548: [GC (Allocation Failure) [PSYoungGen: 325632K->37588K(465920K)] 1026075K->738346K(1300992K), 0.0072693 secs] [Times: user=0.02 sys=0.00, real=0.00 secs] 
2181.855: [GC (Allocation Failure) [PSYoungGen: 270548K->184558K(465920K)] 971306K->886562K(1300992K), 0.0202467 secs] [Times: user=0.03 sys=0.00, real=0.02 secs] 
2182.181: [GC (Allocation Failure) [PSYoungGen: 417518K->184301K(465920K)] 1119522K->886578K(1300992K), 0.0202045 secs] [Times: user=0.03 sys=0.00, real=0.02 secs] 
2182.801: [GC (Allocation Failure) [PSYoungGen: 406627K->92255K(465920K)] 1108904K->794797K(1300992K), 0.0121559 secs] [Times: user=0.02 sys=0.00, real=0.01 secs] 
2183.608: [GC (Allocation Failure) [PSYoungGen: 325215K->37874K(465920K)] 1027757K->740722K(1300992K), 0.0054806 secs] [Times: user=0.01 sys=0.00, real=0.00 secs] 
2183.935: [GC (Allocation Failure) [PSYoungGen: 270834K->183787K(465920K)] 973682K->887881K(1300992K), 0.0207117 secs] [Times: user=0.03 sys=0.00, real=0.02 secs] 
2184.220: [GC (Allocation Failure) [PSYoungGen: 416747K->184301K(465920K)] 1120841K->888676K(1300992K), 0.0203215 secs] [Times: user=0.03 sys=0.00, real=0.02 secs] 
2186.081: [GC (Allocation Failure) [PSYoungGen: 408191K->92769K(465920K)] 1112565K->797408K(1300992K), 0.0316527 secs] [Times: user=0.07 sys=0.00, real=0.03 secs] 
2187.930: [GC (Allocation Failure) [PSYoungGen: 325729K->37845K(465920K)] 1030368K->742792K(1300992K), 0.0085037 secs] [Times: user=0.02 sys=0.00, real=0.01 secs] 
2188.254: [GC (Allocation Failure) [PSYoungGen: 270805K->184430K(465920K)] 975752K->890623K(1300992K), 0.0203473 secs] [Times: user=0.03 sys=0.00, real=0.02 secs] 
2188.537: [GC (Allocation Failure) [PSYoungGen: 417390K->184333K(465920K)] 1123583K->890799K(1300992K), 0.0204535 secs] [Times: user=0.03 sys=0.00, real=0.03 secs] 
2189.598: [GC (Allocation Failure) [PSYoungGen: 406840K->92158K(465920K)] 1113307K->799026K(1300992K), 0.0123611 secs] [Times: user=0.02 sys=0.00, real=0.01 secs] 
2190.733: [GC (Allocation Failure) [PSYoungGen: 325118K->37845K(465920K)] 1031986K->744908K(1300992K), 0.0066380 secs] [Times: user=0.02 sys=0.00, real=0.01 secs] 
2191.013: [GC (Allocation Failure) [PSYoungGen: 270805K->183916K(465920K)] 977868K->892232K(1300992K), 0.0204083 secs] [Times: user=0.03 sys=0.00, real=0.02 secs] 
2191.296: [GC (Allocation Failure) [PSYoungGen: 416876K->184398K(465920K)] 1125192K->892979K(1300992K), 0.0202909 secs] [Times: user=0.03 sys=0.00, real=0.02 secs] 
2192.333: [GC (Allocation Failure) [PSYoungGen: 407045K->92512K(465920K)] 1115627K->801359K(1300992K), 0.0131412 secs] [Times: user=0.03 sys=0.00, real=0.01 secs] 
2193.416: [GC (Allocation Failure) [PSYoungGen: 325472K->37845K(465920K)] 1034319K->747008K(1300992K), 0.0065257 secs] [Times: user=0.01 sys=0.00, real=0.01 secs] 
2193.697: [GC (Allocation Failure) [PSYoungGen: 270805K->184687K(465920K)] 979968K->895095K(1300992K), 0.0204437 secs] [Times: user=0.02 sys=0.00, real=0.03 secs] 
2193.988: [GC (Allocation Failure) [PSYoungGen: 417647K->184623K(465920K)] 1128055K->895304K(1300992K), 0.0206016 secs] [Times: user=0.03 sys=0.00, real=0.02 secs] 
2195.615: [GC (Allocation Failure) [PSYoungGen: 407182K->91452K(465920K)] 1117864K->802398K(1300992K), 0.0162514 secs] [Times: user=0.03 sys=0.00, real=0.02 secs] 
2197.705: [GC (Allocation Failure) [PSYoungGen: 324412K->37588K(465920K)] 1035358K->748842K(1300992K), 0.0072485 secs] [Times: user=0.01 sys=0.00, real=0.01 secs] 
2198.082: [GC (Allocation Failure) [PSYoungGen: 270548K->184044K(465920K)] 981802K->896536K(1300992K), 0.0205501 secs] [Times: user=0.03 sys=0.00, real=0.02 secs] 
2198.365: [GC (Allocation Failure) [PSYoungGen: 417004K->184558K(465920K)] 1129496K->897315K(1300992K), 0.0204646 secs] [Times: user=0.03 sys=0.00, real=0.02 secs] 
2199.631: [GC (Allocation Failure) [PSYoungGen: 407223K->92512K(465920K)] 1119980K->805534K(1300992K), 0.0161146 secs] [Times: user=0.03 sys=0.00, real=0.01 secs] 
2200.473: [GC (Allocation Failure) [PSYoungGen: 325472K->37973K(465920K)] 1038494K->751295K(1300992K), 0.0055762 secs] [Times: user=0.01 sys=0.00, real=0.01 secs] 
2200.805: [GC (Allocation Failure) [PSYoungGen: 270933K->183787K(465920K)] 984255K->898363K(1300992K), 0.0203635 secs] [Times: user=0.03 sys=0.00, real=0.02 secs] 
2201.148: [GC (Allocation Failure) [PSYoungGen: 416747K->184398K(465920K)] 1131323K->899238K(1300992K), 0.0204082 secs] [Times: user=0.03 sys=0.00, real=0.02 secs] 
2202.357: [GC (Allocation Failure) [PSYoungGen: 407074K->92480K(465920K)] 1121915K->807586K(1300992K), 0.0239925 secs] [Times: user=0.04 sys=0.00, real=0.03 secs] 
2203.213: [GC (Allocation Failure) [PSYoungGen: 325440K->38131K(465920K)] 1040546K->753552K(1300992K), 0.0055089 secs] [Times: user=0.01 sys=0.00, real=0.01 secs] 
2203.483: [GC (Allocation Failure) [PSYoungGen: 271091K->184687K(465920K)] 986512K->901354K(1300992K), 0.0203135 secs] [Times: user=0.03 sys=0.00, real=0.02 secs] 
2203.767: [GC (Allocation Failure) [PSYoungGen: 417647K->184687K(465920K)] 1134314K->901627K(1300992K), 0.0202540 secs] [Times: user=0.03 sys=0.00, real=0.02 secs] 
2204.527: [GC (Allocation Failure) [PSYoungGen: 407130K->91258K(465920K)] 1124070K->808464K(1300992K), 0.0118940 secs] [Times: user=0.02 sys=0.00, real=0.02 secs] 
2206.093: [GC (Allocation Failure) [PSYoungGen: 324218K->37745K(465920K)] 1041424K->755260K(1300992K), 0.0074129 secs] [Times: user=0.02 sys=0.00, real=0.01 secs] 
2206.397: [GC (Allocation Failure) [PSYoungGen: 270705K->184173K(465920K)] 988220K->902925K(1300992K), 0.0203638 secs] [Times: user=0.03 sys=0.00, real=0.03 secs] 
2206.755: [GC (Allocation Failure) [PSYoungGen: 417133K->184944K(465920K)] 1135885K->903961K(1300992K), 0.0204648 secs] [Times: user=0.03 sys=0.00, real=0.02 secs] 
2207.879: [GC (Allocation Failure) [PSYoungGen: 407847K->91837K(465920K)] 1126865K->811120K(1300992K), 0.0170674 secs] [Times: user=0.04 sys=0.00, real=0.01 secs] 
2209.387: [GC (Allocation Failure) [PSYoungGen: 324797K->37906K(465920K)] 1044080K->757496K(1300992K), 0.0067171 secs] [Times: user=0.01 sys=0.00, real=0.01 secs] 
2209.670: [GC (Allocation Failure) [PSYoungGen: 270866K->184558K(465920K)] 990456K->905402K(1300992K), 0.0204623 secs] [Times: user=0.03 sys=0.00, real=0.02 secs] 
2209.952: [GC (Allocation Failure) [PSYoungGen: 417518K->184301K(465920K)] 1138362K->905418K(1300992K), 0.0203776 secs] [Times: user=0.03 sys=0.00, real=0.02 secs] 
2211.100: [GC (Allocation Failure) [PSYoungGen: 406628K->91998K(465920K)] 1127745K->813380K(1300992K), 0.0206891 secs] [Times: user=0.04 sys=0.00, real=0.02 secs] 
2212.360: [GC (Allocation Failure) [PSYoungGen: 324958K->37845K(465920K)] 1046340K->759527K(1300992K), 0.0068215 secs] [Times: user=0.02 sys=0.00, real=0.00 secs] 
2212.652: [GC (Allocation Failure) [PSYoungGen: 270805K->183916K(465920K)] 992487K->906843K(1300992K), 0.0201991 secs] [Times: user=0.02 sys=0.00, real=0.02 secs] 
2212.935: [GC (Allocation Failure) [PSYoungGen: 416876K->184462K(465920K)] 1139803K->907791K(1300992K), 0.0202814 secs] [Times: user=0.03 sys=0.00, real=0.02 secs] 
2215.293: [GC (Allocation Failure) [PSYoungGen: 407129K->92512K(465920K)] 1130458K->816106K(1300992K), 0.0254623 secs] [Times: user=0.06 sys=0.00, real=0.03 secs] 
2217.372: [GC (Allocation Failure) [PSYoungGen: 325472K->37716K(465920K)] 1049066K->761498K(1300992K), 0.0083584 secs] [Times: user=0.03 sys=0.00, real=0.01 secs] 
2217.697: [GC (Allocation Failure) [PSYoungGen: 270676K->184944K(465920K)] 994458K->909963K(1300992K), 0.0206108 secs] [Times: user=0.03 sys=0.00, real=0.02 secs] 
2217.985: [GC (Allocation Failure) [PSYoungGen: 417904K->184333K(465920K)] 1142923K->909625K(1300992K), 0.0202810 secs] [Times: user=0.03 sys=0.00, real=0.02 secs] 
2218.945: [GC (Allocation Failure) [PSYoungGen: 407190K->91677K(465920K)] 1132482K->817370K(1300992K), 0.0122022 secs] [Times: user=0.03 sys=0.00, real=0.01 secs] 
2219.758: [GC (Allocation Failure) [PSYoungGen: 324637K->38005K(465920K)] 1050330K->763878K(1300992K), 0.0055678 secs] [Times: user=0.01 sys=0.00, real=0.00 secs] 
2220.027: [GC (Allocation Failure) [PSYoungGen: 270965K->184558K(465920K)] 996838K->911821K(1300992K), 0.0202885 secs] [Times: user=0.03 sys=0.00, real=0.02 secs] 
2220.310: [GC (Allocation Failure) [PSYoungGen: 417518K->184430K(465920K)] 1144781K->911829K(1300992K), 0.0203910 secs] [Times: user=0.02 sys=0.00, real=0.02 secs] 
2222.139: [GC (Allocation Failure) [PSYoungGen: 407180K->91773K(465920K)] 1134579K->819445K(1300992K), 0.0242801 secs] [Times: user=0.05 sys=0.00, real=0.02 secs] 
2224.990: [GC (Allocation Failure) [PSYoungGen: 324733K->37459K(465920K)] 1052405K->765455K(1300992K), 0.0083108 secs] [Times: user=0.02 sys=0.00, real=0.01 secs] 
2225.316: [GC (Allocation Failure) [PSYoungGen: 270419K->184687K(465920K)] 998415K->913929K(1300992K), 0.0205830 secs] [Times: user=0.03 sys=0.00, real=0.02 secs] 
2225.656: [GC (Allocation Failure) [PSYoungGen: 417647K->184687K(465920K)] 1146889K->914202K(1300992K), 0.0203018 secs] [Times: user=0.03 sys=0.00, real=0.02 secs] 
2226.329: [GC (Allocation Failure) [PSYoungGen: 407236K->91837K(465920K)] 1136751K->821617K(1300992K), 0.0124513 secs] [Times: user=0.02 sys=0.00, real=0.01 secs] 
2227.907: [GC (Allocation Failure) [PSYoungGen: 324797K->37716K(465920K)] 1054577K->767804K(1300992K), 0.0064034 secs] [Times: user=0.02 sys=0.00, real=0.01 secs] 
2228.191: [GC (Allocation Failure) [PSYoungGen: 270676K->184687K(465920K)] 1000764K->916149K(1300992K), 0.0204925 secs] [Times: user=0.03 sys=0.00, real=0.02 secs] 
2228.528: [GC (Allocation Failure) [PSYoungGen: 417647K->184655K(465920K)] 1149109K->916253K(1300992K), 0.0203650 secs] [Times: user=0.03 sys=0.00, real=0.02 secs] 
2230.154: [GC (Allocation Failure) [PSYoungGen: 407247K->91644K(465920K)] 1138845K->823507K(1300992K), 0.0191505 secs] [Times: user=0.04 sys=0.00, real=0.02 secs] 
2231.828: [GC (Allocation Failure) [PSYoungGen: 324604K->37845K(465920K)] 1056467K->770026K(1300992K), 0.0065084 secs] [Times: user=0.02 sys=0.00, real=0.00 secs] 
2232.110: [GC (Allocation Failure) [PSYoungGen: 270805K->184044K(465920K)] 1002986K->917479K(1300992K), 0.0202614 secs] [Times: user=0.03 sys=0.00, real=0.02 secs] 
2232.395: [GC (Allocation Failure) [PSYoungGen: 417004K->184494K(465920K)] 1150439K->918202K(1300992K), 0.0204481 secs] [Times: user=0.03 sys=0.00, real=0.02 secs] 
2233.631: [GC (Allocation Failure) [PSYoungGen: 406984K->92271K(465920K)] 1140692K->826372K(1300992K), 0.0130166 secs] [Times: user=0.02 sys=0.00, real=0.01 secs] 
2235.330: [GC (Allocation Failure) [PSYoungGen: 325231K->37845K(465920K)] 1059332K->772132K(1300992K), 0.0074207 secs] [Times: user=0.01 sys=0.00, real=0.01 secs] 
2235.637: [GC (Allocation Failure) [PSYoungGen: 270805K->184687K(465920K)] 1005092K->920348K(1300992K), 0.0204754 secs] [Times: user=0.03 sys=0.00, real=0.03 secs] 
2235.926: [GC (Allocation Failure) [PSYoungGen: 417647K->184687K(465920K)] 1153308K->920613K(1300992K), 0.0203302 secs] [Times: user=0.03 sys=0.00, real=0.02 secs] 
2238.046: [GC (Allocation Failure) [PSYoungGen: 407123K->91484K(465920K)] 1143049K->827675K(1300992K), 0.0192091 secs] [Times: user=0.04 sys=0.00, real=0.02 secs] 
2239.968: [GC (Allocation Failure) [PSYoungGen: 324444K->37748K(465920K)] 1060635K->774120K(1300992K), 0.0093316 secs] [Times: user=0.02 sys=0.00, real=0.00 secs] 
2240.316: [GC (Allocation Failure) [PSYoungGen: 270708K->184687K(465920K)] 1007080K->922305K(1300992K), 0.0205979 secs] [Times: user=0.02 sys=0.00, real=0.02 secs] 
2240.599: [GC (Allocation Failure) [PSYoungGen: 417647K->184687K(465920K)] 1155265K->922570K(1300992K), 0.0204178 secs] [Times: user=0.03 sys=0.00, real=0.02 secs] 
2242.516: [GC (Allocation Failure) [PSYoungGen: 407243K->91580K(465920K)] 1145126K->829728K(1300992K), 0.0268137 secs] [Times: user=0.06 sys=0.00, real=0.03 secs] 
2244.139: [GC (Allocation Failure) [PSYoungGen: 324540K->37842K(465920K)] 1062688K->776296K(1300992K), 0.0075094 secs] [Times: user=0.01 sys=0.00, real=0.00 secs] 
2244.535: [GC (Allocation Failure) [PSYoungGen: 270802K->184044K(465920K)] 1009256K->923735K(1300992K), 0.0201695 secs] [Times: user=0.03 sys=0.00, real=0.02 secs] 
2244.877: [GC (Allocation Failure) [PSYoungGen: 417004K->184526K(465920K)] 1156695K->924491K(1300992K), 0.0202466 secs] [Times: user=0.02 sys=0.00, real=0.02 secs] 
2246.461: [GC (Allocation Failure) [PSYoungGen: 407024K->92223K(465920K)] 1146989K->832581K(1300992K), 0.0171904 secs] [Times: user=0.04 sys=0.00, real=0.02 secs] 
2249.702: [GC (Allocation Failure) [PSYoungGen: 325183K->37588K(465920K)] 1065541K->778119K(1300992K), 0.0088337 secs] [Times: user=0.02 sys=0.00, real=0.01 secs] 
2250.103: [GC (Allocation Failure) [PSYoungGen: 270548K->184687K(465920K)] 1011079K->926471K(1300992K), 0.0205830 secs] [Times: user=0.03 sys=0.00, real=0.02 secs] 
2250.386: [GC (Allocation Failure) [PSYoungGen: 417647K->184623K(465920K)] 1159431K->926680K(1300992K), 0.0202834 secs] [Times: user=0.03 sys=0.00, real=0.02 secs] 
2251.282: [GC (Allocation Failure) [PSYoungGen: 407444K->91757K(465920K)] 1149501K->834079K(1300992K), 0.0122382 secs] [Times: user=0.03 sys=0.00, real=0.01 secs] 
2253.878: [GC (Allocation Failure) [PSYoungGen: 324717K->37459K(465920K)] 1067039K->780090K(1300992K), 0.0076949 secs] [Times: user=0.02 sys=0.00, real=0.00 secs] 
2254.272: [GC (Allocation Failure) [PSYoungGen: 270419K->184687K(465920K)] 1013050K->928555K(1300992K), 0.0206077 secs] [Times: user=0.03 sys=0.00, real=0.02 secs] 
2254.555: [GC (Allocation Failure) [PSYoungGen: 417647K->184751K(465920K)] 1161515K->928892K(1300992K), 0.0204933 secs] [Times: user=0.02 sys=0.01, real=0.02 secs] 
2255.815: [GC (Allocation Failure) [PSYoungGen: 407308K->91869K(465920K)] 1151449K->836283K(1300992K), 0.0120620 secs] [Times: user=0.02 sys=0.00, real=0.01 secs] 
2256.762: [GC (Allocation Failure) [PSYoungGen: 324829K->37845K(465920K)] 1069243K->782567K(1300992K), 0.0056883 secs] [Times: user=0.01 sys=0.00, real=0.01 secs] 
2257.030: [GC (Allocation Failure) [PSYoungGen: 270805K->184044K(465920K)] 1015527K->930004K(1300992K), 0.0202235 secs] [Times: user=0.03 sys=0.00, real=0.02 secs] 
2257.313: [GC (Allocation Failure) [PSYoungGen: 417004K->184783K(465920K)] 1162964K->931016K(1300992K), 0.0202414 secs] [Times: user=0.03 sys=0.00, real=0.02 secs] 
2259.171: [GC (Allocation Failure) [PSYoungGen: 408088K->91950K(465920K)] 1154320K->838455K(1300992K), 0.0191561 secs] [Times: user=0.04 sys=0.00, real=0.02 secs] 
2261.113: [GC (Allocation Failure) [PSYoungGen: 324910K->37845K(465920K)] 1071415K->784682K(1300992K), 0.0072243 secs] [Times: user=0.02 sys=0.00, real=0.01 secs] 
2261.409: [GC (Allocation Failure) [PSYoungGen: 270805K->184301K(465920K)] 1017642K->932376K(1300992K), 0.0204549 secs] [Times: user=0.03 sys=0.00, real=0.02 secs] 
2261.694: [GC (Allocation Failure) [PSYoungGen: 417261K->184205K(465920K)] 1165336K->932553K(1300992K), 0.0202919 secs] [Times: user=0.03 sys=0.00, real=0.02 secs] 
2262.351: [GC (Allocation Failure) [PSYoungGen: 406872K->92383K(465920K)] 1155220K->840996K(1300992K), 0.0108749 secs] [Times: user=0.02 sys=0.00, real=0.01 secs] 
2263.674: [GC (Allocation Failure) [PSYoungGen: 325343K->37845K(465920K)] 1073956K->786757K(1300992K), 0.0093578 secs] [Times: user=0.03 sys=0.00, real=0.01 secs] 
2264.008: [GC (Allocation Failure) [PSYoungGen: 270805K->184687K(465920K)] 1019717K->934845K(1300992K), 0.0204770 secs] [Times: user=0.03 sys=0.00, real=0.02 secs] 
2264.293: [GC (Allocation Failure) [PSYoungGen: 417647K->184719K(465920K)] 1167805K->935142K(1300992K), 0.0203308 secs] [Times: user=0.03 sys=0.00, real=0.02 secs] 
2265.612: [GC (Allocation Failure) [PSYoungGen: 407291K->91484K(465920K)] 1157714K->842172K(1300992K), 0.0161375 secs] [Times: user=0.04 sys=0.00, real=0.02 secs] 
2266.820: [GC (Allocation Failure) [PSYoungGen: 324444K->38002K(465920K)] 1075132K->788998K(1300992K), 0.0056236 secs] [Times: user=0.02 sys=0.00, real=0.00 secs] 
2267.088: [GC (Allocation Failure) [PSYoungGen: 270962K->184173K(465920K)] 1021958K->936422K(1300992K), 0.0205641 secs] [Times: user=0.03 sys=0.00, real=0.02 secs] 
2267.431: [GC (Allocation Failure) [PSYoungGen: 417133K->184558K(465920K)] 1169382K->937081K(1300992K), 0.0204917 secs] [Times: user=0.03 sys=0.00, real=0.02 secs] 
2268.950: [GC (Allocation Failure) [PSYoungGen: 407640K->92030K(465920K)] 1160163K->844817K(1300992K), 0.0148612 secs] [Times: user=0.03 sys=0.00, real=0.01 secs] 
2270.696: [GC (Allocation Failure) [PSYoungGen: 324990K->37459K(465920K)] 1077777K->790561K(1300992K), 0.0066689 secs] [Times: user=0.01 sys=0.00, real=0.01 secs] 
2270.976: [GC (Allocation Failure) [PSYoungGen: 270419K->184430K(465920K)] 1023521K->938905K(1300992K), 0.0206675 secs] [Times: user=0.02 sys=0.00, real=0.02 secs] 
2271.265: [GC (Allocation Failure) [PSYoungGen: 417390K->184558K(465920K)] 1171865K->939178K(1300992K), 0.0205924 secs] [Times: user=0.03 sys=0.00, real=0.02 secs] 
2272.584: [GC (Allocation Failure) [PSYoungGen: 408134K->92223K(465920K)] 1162754K->847108K(1300992K), 0.0148590 secs] [Times: user=0.04 sys=0.00, real=0.02 secs] 
2274.165: [GC (Allocation Failure) [PSYoungGen: 325183K->37716K(465920K)] 1080068K->792902K(1300992K), 0.0065629 secs] [Times: user=0.01 sys=0.00, real=0.01 secs] 
2274.509: [GC (Allocation Failure) [PSYoungGen: 270676K->183658K(465920K)] 1025862K->940081K(1300992K), 0.0204175 secs] [Times: user=0.03 sys=0.00, real=0.02 secs] 
2274.792: [GC (Allocation Failure) [PSYoungGen: 416618K->184655K(465920K)] 1173041K->941351K(1300992K), 0.0203595 secs] [Times: user=0.02 sys=0.00, real=0.02 secs] 
2275.929: [GC (Allocation Failure) [PSYoungGen: 408499K->92672K(465920K)] 1165195K->849633K(1300992K), 0.0150947 secs] [Times: user=0.03 sys=0.00, real=0.01 secs] 
2276.768: [GC (Allocation Failure) [PSYoungGen: 325632K->37877K(465920K)] 1082593K->795148K(1300992K), 0.0055557 secs] [Times: user=0.01 sys=0.00, real=0.00 secs] 
2277.037: [GC (Allocation Failure) [PSYoungGen: 270837K->183916K(465920K)] 1028108K->942440K(1300992K), 0.0204065 secs] [Times: user=0.03 sys=0.00, real=0.03 secs] 
2277.325: [GC (Allocation Failure) [PSYoungGen: 416876K->184366K(465920K)] 1175400K->943163K(1300992K), 0.0204356 secs] [Times: user=0.03 sys=0.00, real=0.02 secs] 
2278.061: [GC (Allocation Failure) [PSYoungGen: 407029K->92544K(465920K)] 1165827K->851607K(1300992K), 0.0115094 secs] [Times: user=0.02 sys=0.00, real=0.01 secs] 
2279.313: [GC (Allocation Failure) [PSYoungGen: 325504K->37523K(465920K)] 1084567K->796908K(1300992K), 0.0056345 secs] [Times: user=0.01 sys=0.00, real=0.01 secs] 
2279.582: [GC (Allocation Failure) [PSYoungGen: 270483K->183787K(465920K)] 1029868K->944425K(1300992K), 0.0204289 secs] [Times: user=0.03 sys=0.00, real=0.02 secs] 
2279.865: [GC (Allocation Failure) [PSYoungGen: 416747K->184430K(465920K)] 1177385K->945461K(1300992K), 0.0203888 secs] [Times: user=0.03 sys=0.00, real=0.02 secs] 
2281.421: [GC (Allocation Failure) [PSYoungGen: 409685K->92978K(465920K)] 1170717K->854146K(1300992K), 0.0199118 secs] [Times: user=0.04 sys=0.00, real=0.02 secs] 
2283.541: [GC (Allocation Failure) [PSYoungGen: 325938K->37845K(465920K)] 1087106K->799321K(1300992K), 0.0071907 secs] [Times: user=0.02 sys=0.00, real=0.01 secs] 
2283.833: [GC (Allocation Failure) [PSYoungGen: 270805K->184301K(465920K)] 1032281K->947023K(1300992K), 0.0205852 secs] [Times: user=0.03 sys=0.00, real=0.02 secs] 
2284.118: [GC (Allocation Failure) [PSYoungGen: 417261K->184526K(465920K)] 1179983K->947650K(1300992K), 0.0205982 secs] [Times: user=0.03 sys=0.00, real=0.02 secs] 
2285.946: [GC (Allocation Failure) [PSYoungGen: 407524K->91998K(465920K)] 1170647K->855258K(1300992K), 0.0196800 secs] [Times: user=0.04 sys=0.00, real=0.02 secs] 
2288.337: [GC (Allocation Failure) [PSYoungGen: 324958K->37588K(465920K)] 1088218K->801163K(1300992K), 0.0070133 secs] [Times: user=0.02 sys=0.00, real=0.01 secs] 
2288.719: [GC (Allocation Failure) [PSYoungGen: 270548K->184944K(465920K)] 1034123K->949765K(1300992K), 0.0206434 secs] [Times: user=0.03 sys=0.00, real=0.02 secs] 
2289.008: [GC (Allocation Failure) [PSYoungGen: 417904K->184301K(465920K)] 1182725K->949396K(1300992K), 0.0203987 secs] [Times: user=0.03 sys=0.00, real=0.02 secs] 
2290.054: [GC (Allocation Failure) [PSYoungGen: 406934K->91901K(465920K)] 1172028K->857389K(1300992K), 0.0127597 secs] [Times: user=0.02 sys=0.00, real=0.01 secs] 
2291.192: [GC (Allocation Failure) [PSYoungGen: 324861K->37845K(465920K)] 1090349K->803510K(1300992K), 0.0067079 secs] [Times: user=0.01 sys=0.00, real=0.01 secs] 
2291.474: [GC (Allocation Failure) [PSYoungGen: 270805K->184687K(465920K)] 1036470K->951597K(1300992K), 0.0206481 secs] [Times: user=0.02 sys=0.00, real=0.02 secs] 
2291.761: [GC (Allocation Failure) [PSYoungGen: 417647K->184751K(465920K)] 1184557K->952063K(1300992K), 0.0205139 secs] [Times: user=0.03 sys=0.00, real=0.02 secs] 
2293.476: [GC (Allocation Failure) [PSYoungGen: 407184K->91452K(465920K)] 1174497K->859029K(1300992K), 0.0169245 secs] [Times: user=0.03 sys=0.00, real=0.02 secs] 
2294.498: [GC (Allocation Failure) [PSYoungGen: 324412K->37973K(465920K)] 1091989K->805730K(1300992K), 0.0057409 secs] [Times: user=0.01 sys=0.00, real=0.00 secs] 
2294.768: [GC (Allocation Failure) [PSYoungGen: 270933K->184044K(465920K)] 1038690K->953055K(1300992K), 0.0204521 secs] [Times: user=0.02 sys=0.00, real=0.02 secs] 
2295.052: [GC (Allocation Failure) [PSYoungGen: 417004K->184398K(465920K)] 1186015K->953802K(1300992K), 0.0205126 secs] [Times: user=0.03 sys=0.00, real=0.02 secs] 
2296.300: [GC (Allocation Failure) [PSYoungGen: 408017K->92255K(465920K)] 1177421K->861795K(1300992K), 0.0213902 secs] [Times: user=0.04 sys=0.00, real=0.02 secs] 
2297.513: [GC (Allocation Failure) [PSYoungGen: 325215K->37874K(465920K)] 1094755K->807722K(1300992K), 0.0067637 secs] [Times: user=0.02 sys=0.00, real=0.01 secs] 
2297.789: [GC (Allocation Failure) [PSYoungGen: 270834K->184430K(465920K)] 1040682K->955516K(1300992K), 0.0204967 secs] [Times: user=0.03 sys=0.00, real=0.02 secs] 
2298.126: [GC (Allocation Failure) [PSYoungGen: 417390K->184558K(465920K)] 1188476K->955917K(1300992K), 0.0204809 secs] [Times: user=0.03 sys=0.00, real=0.02 secs] 
2300.100: [GC (Allocation Failure) [PSYoungGen: 407142K->91869K(465920K)] 1178501K->863493K(1300992K), 0.0207471 secs] [Times: user=0.04 sys=0.00, real=0.02 secs] 
2302.043: [GC (Allocation Failure) [PSYoungGen: 324829K->37845K(465920K)] 1096453K->809784K(1300992K), 0.0072601 secs] [Times: user=0.02 sys=0.00, real=0.01 secs] 
2302.343: [GC (Allocation Failure) [PSYoungGen: 270805K->184430K(465920K)] 1042744K->957752K(1300992K), 0.0204911 secs] [Times: user=0.03 sys=0.00, real=0.02 secs] 
2302.626: [GC (Allocation Failure) [PSYoungGen: 417390K->184558K(465920K)] 1190712K->958017K(1300992K), 0.0203768 secs] [Times: user=0.03 sys=0.00, real=0.02 secs] 
2304.063: [GC (Allocation Failure) [PSYoungGen: 407103K->91869K(465920K)] 1180561K->865593K(1300992K), 0.0164704 secs] [Times: user=0.04 sys=0.00, real=0.02 secs] 
2305.876: [GC (Allocation Failure) [PSYoungGen: 324829K->37459K(465920K)] 1098553K->811498K(1300992K), 0.0070436 secs] [Times: user=0.01 sys=0.00, real=0.01 secs] 
2306.170: [GC (Allocation Failure) [PSYoungGen: 270419K->184430K(465920K)] 1044458K->959714K(1300992K), 0.0205413 secs] [Times: user=0.02 sys=0.00, real=0.02 secs] 
2306.453: [GC (Allocation Failure) [PSYoungGen: 417390K->184526K(465920K)] 1192674K->960084K(1300992K), 0.0204974 secs] [Times: user=0.03 sys=0.00, real=0.02 secs] 
2307.062: [GC (Allocation Failure) [PSYoungGen: 406033K->92271K(465920K)] 1181591K->868094K(1300992K), 0.0100847 secs] [Times: user=0.02 sys=0.00, real=0.01 secs] 
2308.161: [GC (Allocation Failure) [PSYoungGen: 325231K->37491K(465920K)] 1101054K->813638K(1300992K), 0.0056396 secs] [Times: user=0.02 sys=0.00, real=0.00 secs] 
2308.486: [GC (Allocation Failure) [PSYoungGen: 270451K->184430K(465920K)] 1046598K->961814K(1300992K), 0.0205437 secs] [Times: user=0.03 sys=0.00, real=0.02 secs] 
2308.768: [GC (Allocation Failure) [PSYoungGen: 417390K->184301K(465920K)] 1194774K->961951K(1300992K), 0.0206087 secs] [Times: user=0.03 sys=0.00, real=0.02 secs] 
2310.124: [GC (Allocation Failure) [PSYoungGen: 406940K->92512K(465920K)] 1184589K->870555K(1300992K), 0.0144112 secs] [Times: user=0.03 sys=0.00, real=0.02 secs] 
2311.730: [GC (Allocation Failure) [PSYoungGen: 325472K->37459K(465920K)] 1103515K->815674K(1300992K), 0.0066941 secs] [Times: user=0.01 sys=0.00, real=0.00 secs] 
2312.084: [GC (Allocation Failure) [PSYoungGen: 270419K->183787K(465920K)] 1048634K->963247K(1300992K), 0.0203463 secs] [Times: user=0.03 sys=0.00, real=0.02 secs] 
2312.422: [GC (Allocation Failure) [PSYoungGen: 416747K->184430K(465920K)] 1196207K->964155K(1300992K), 0.0204862 secs] [Times: user=0.03 sys=0.00, real=0.02 secs] 
2313.608: [GC (Allocation Failure) [PSYoungGen: 409666K->93026K(465920K)] 1189391K->873016K(1300992K), 0.0163938 secs] [Times: user=0.03 sys=0.00, real=0.01 secs] 
2314.847: [GC (Allocation Failure) [PSYoungGen: 325986K->37874K(465920K)] 1105976K->818162K(1300992K), 0.0056706 secs] [Times: user=0.01 sys=0.00, real=0.01 secs] 
2315.115: [GC (Allocation Failure) [PSYoungGen: 270834K->184173K(465920K)] 1051122K->965706K(1300992K), 0.0203829 secs] [Times: user=0.03 sys=0.00, real=0.02 secs] 
2315.397: [GC (Allocation Failure) [PSYoungGen: 417133K->183626K(465920K)] 1198666K->965433K(1300992K), 0.0203073 secs] [Times: user=0.02 sys=0.00, real=0.03 secs] 
2318.554: [GC (Allocation Failure) [PSYoungGen: 408255K->93026K(465920K)] 1190062K->875097K(1300992K), 0.0245815 secs] [Times: user=0.05 sys=0.00, real=0.03 secs] 
2320.435: [GC (Allocation Failure) [PSYoungGen: 325986K->37491K(465920K)] 1108057K->819878K(1300992K), 0.0070869 secs] [Times: user=0.02 sys=0.00, real=0.01 secs] 
2320.729: [GC (Allocation Failure) [PSYoungGen: 270451K->183916K(465920K)] 1052838K->967556K(1300992K), 0.0204990 secs] [Times: user=0.03 sys=0.00, real=0.02 secs] 
2321.065: [GC (Allocation Failure) [PSYoungGen: 416876K->184398K(465920K)] 1200516K->968312K(1300992K), 0.0203579 secs] [Times: user=0.02 sys=0.00, real=0.02 secs] 
2321.688: [GC (Allocation Failure) [PSYoungGen: 404992K->92897K(465920K)] 1188906K->877076K(1300992K), 0.0124473 secs] [Times: user=0.03 sys=0.00, real=0.01 secs] 
2322.498: [GC (Allocation Failure) [PSYoungGen: 325857K->38002K(465920K)] 1110036K->822497K(1300992K), 0.0056781 secs] [Times: user=0.01 sys=0.00, real=0.00 secs] 
2322.767: [GC (Allocation Failure) [PSYoungGen: 270962K->184687K(465920K)] 1055457K->970427K(1300992K), 0.0205755 secs] [Times: user=0.03 sys=0.00, real=0.02 secs] 
2323.053: [GC (Allocation Failure) [PSYoungGen: 417647K->186486K(465920K)] 1203387K->972499K(1300992K), 0.0205953 secs] [Times: user=0.03 sys=0.00, real=0.02 secs] 
2323.659: [GC (Allocation Failure) [PSYoungGen: 405803K->89556K(465920K)] 1191817K->875834K(1300992K), 0.0108977 secs] [Times: user=0.02 sys=0.00, real=0.01 secs] 
2324.485: [GC (Allocation Failure) [PSYoungGen: 322516K->38102K(465920K)] 1108794K->824680K(1300992K), 0.0056446 secs] [Times: user=0.01 sys=0.00, real=0.01 secs] 
2324.813: [GC (Allocation Failure) [PSYoungGen: 271062K->184173K(465920K)] 1057640K->972125K(1300992K), 0.0205047 secs] [Times: user=0.02 sys=0.00, real=0.02 secs] 
2325.096: [GC (Allocation Failure) [PSYoungGen: 417133K->184398K(465920K)] 1205085K->972631K(1300992K), 0.0204327 secs] [Times: user=0.03 sys=0.00, real=0.02 secs] 
2326.285: [GC (Allocation Failure) [PSYoungGen: 407494K->92030K(465920K)] 1195727K->880399K(1300992K), 0.0192850 secs] [Times: user=0.04 sys=0.00, real=0.02 secs] 
2327.136: [GC (Allocation Failure) [PSYoungGen: 324990K->38102K(465920K)] 1113359K->826795K(1300992K), 0.0056267 secs] [Times: user=0.02 sys=0.00, real=0.01 secs] 
2327.406: [GC (Allocation Failure) [PSYoungGen: 271062K->184430K(465920K)] 1059755K->974361K(1300992K), 0.0204448 secs] [Times: user=0.03 sys=0.00, real=0.02 secs] 
2327.690: [GC (Allocation Failure) [PSYoungGen: 417390K->184590K(465920K)] 1207321K->974794K(1300992K), 0.0204223 secs] [Times: user=0.03 sys=0.00, real=0.02 secs] 
2330.473: [GC (Allocation Failure) [PSYoungGen: 407161K->91580K(465920K)] 1197365K->882049K(1300992K), 0.0205905 secs] [Times: user=0.05 sys=0.00, real=0.02 secs] 
2332.814: [GC (Allocation Failure) [PSYoungGen: 324540K->37877K(465920K)] 1115009K->828646K(1300992K), 0.0094568 secs] [Times: user=0.02 sys=0.00, real=0.01 secs] 
2333.160: [GC (Allocation Failure) [PSYoungGen: 270837K->184430K(465920K)] 1061606K->976444K(1300992K), 0.0205415 secs] [Times: user=0.03 sys=0.00, real=0.02 secs] 
2333.443: [GC (Allocation Failure) [PSYoungGen: 417390K->184301K(465920K)] 1209404K->976581K(1300992K), 0.0204803 secs] [Times: user=0.03 sys=0.00, real=0.02 secs] 
2334.598: [GC (Allocation Failure) [PSYoungGen: 406780K->92062K(465920K)] 1199060K->884736K(1300992K), 0.0198792 secs] [Times: user=0.05 sys=0.00, real=0.02 secs] 
2335.848: [GC (Allocation Failure) [PSYoungGen: 325022K->37874K(465920K)] 1117696K->830718K(1300992K), 0.0073590 secs] [Times: user=0.01 sys=0.00, real=0.00 secs] 
2336.221: [GC (Allocation Failure) [PSYoungGen: 270834K->183787K(465920K)] 1063678K->977877K(1300992K), 0.0205287 secs] [Times: user=0.03 sys=0.00, real=0.02 secs] 
2336.505: [GC (Allocation Failure) [PSYoungGen: 416747K->184655K(465920K)] 1210837K->979026K(1300992K), 0.0206723 secs] [Times: user=0.02 sys=0.00, real=0.02 secs] 
2338.719: [GC (Allocation Failure) [PSYoungGen: 408429K->92415K(465920K)] 1202800K->887052K(1300992K), 0.0153799 secs] [Times: user=0.04 sys=0.01, real=0.01 secs] 
2340.638: [GC (Allocation Failure) [PSYoungGen: 325375K->37523K(465920K)] 1120012K->832475K(1300992K), 0.0076112 secs] [Times: user=0.02 sys=0.00, real=0.00 secs] 
2340.949: [GC (Allocation Failure) [PSYoungGen: 270483K->184430K(465920K)] 1065435K->980619K(1300992K), 0.0204356 secs] [Times: user=0.02 sys=0.00, real=0.02 secs] 
2341.233: [GC (Allocation Failure) [PSYoungGen: 417390K->184558K(465920K)] 1213579K->981141K(1300992K), 0.0204163 secs] [Times: user=0.03 sys=0.00, real=0.02 secs] 
2342.064: [GC (Allocation Failure) [PSYoungGen: 407160K->92255K(465920K)] 1203743K->888974K(1300992K), 0.0121435 secs] [Times: user=0.02 sys=0.00, real=0.01 secs] 
2343.588: [GC (Allocation Failure) [PSYoungGen: 325215K->37716K(465920K)] 1121934K->834736K(1300992K), 0.0080365 secs] [Times: user=0.02 sys=0.00, real=0.00 secs] 
2343.973: [GC (Allocation Failure) [PSYoungGen: 270676K->183916K(465920K)] 1067696K->982181K(1300992K), 0.0205900 secs] [Times: user=0.03 sys=0.00, real=0.02 secs] 
2344.256: [GC (Allocation Failure) [PSYoungGen: 416876K->184398K(465920K)] 1215141K->983056K(1300992K), 0.0205725 secs] [Times: user=0.03 sys=0.00, real=0.02 secs] 
2344.987: [GC (Allocation Failure) [PSYoungGen: 407162K->92640K(465920K)] 1205821K->891435K(1300992K), 0.0128357 secs] [Times: user=0.02 sys=0.00, real=0.02 secs] 
2345.854: [GC (Allocation Failure) [PSYoungGen: 325600K->37973K(465920K)] 1124395K->837084K(1300992K), 0.0058638 secs] [Times: user=0.01 sys=0.00, real=0.01 secs] 
2346.180: [GC (Allocation Failure) [PSYoungGen: 270933K->183787K(465920K)] 1070044K->984144K(1300992K), 0.0204401 secs] [Times: user=0.03 sys=0.00, real=0.02 secs] 
2346.468: [GC (Allocation Failure) [PSYoungGen: 416747K->184398K(465920K)] 1217104K->985027K(1300992K), 0.0204690 secs] [Times: user=0.03 sys=0.00, real=0.02 secs] 
2348.477: [GC (Allocation Failure) [PSYoungGen: 407056K->92512K(465920K)] 1207686K->893406K(1300992K), 0.0166727 secs] [Times: user=0.04 sys=0.00, real=0.02 secs] 
2350.033: [GC (Allocation Failure) [PSYoungGen: 325472K->37748K(465920K)] 1126366K->838958K(1300992K), 0.0071530 secs] [Times: user=0.02 sys=0.00, real=0.01 secs] 
2350.337: [GC (Allocation Failure) [PSYoungGen: 270708K->184944K(465920K)] 1071918K->987408K(1300992K), 0.0206266 secs] [Times: user=0.03 sys=0.00, real=0.02 secs] 
2350.625: [GC (Allocation Failure) [PSYoungGen: 417904K->184141K(465920K)] 1220368K->986870K(1300992K), 0.0206037 secs] [Times: user=0.03 sys=0.00, real=0.02 secs] 
2351.303: [GC (Allocation Failure) [PSYoungGen: 406981K->91837K(465920K)] 1209710K->894831K(1300992K), 0.0112706 secs] [Times: user=0.02 sys=0.00, real=0.01 secs] 
2352.307: [GC (Allocation Failure) [PSYoungGen: 324797K->37845K(465920K)] 1127791K->841146K(1300992K), 0.0066293 secs] [Times: user=0.02 sys=0.00, real=0.01 secs] 
2352.583: [GC (Allocation Failure) [PSYoungGen: 270805K->183916K(465920K)] 1074106K->988471K(1300992K), 0.0203225 secs] [Times: user=0.02 sys=0.00, real=0.02 secs] 
2352.868: [GC (Allocation Failure) [PSYoungGen: 416876K->184719K(465920K)] 1221431K->989547K(1300992K), 0.0205162 secs] [Times: user=0.03 sys=0.00, real=0.02 secs] 
2353.681: [GC (Allocation Failure) [PSYoungGen: 407636K->92223K(465920K)] 1212464K->897316K(1300992K), 0.0117562 secs] [Times: user=0.02 sys=0.00, real=0.01 secs] 
2355.042: [GC (Allocation Failure) [PSYoungGen: 325183K->37745K(465920K)] 1130276K->843154K(1300992K), 0.0078952 secs] [Times: user=0.02 sys=0.00, real=0.01 secs] 
2355.360: [GC (Allocation Failure) [PSYoungGen: 270705K->183787K(465920K)] 1076114K->990434K(1300992K), 0.0203540 secs] [Times: user=0.03 sys=0.00, real=0.02 secs] 
2355.647: [GC (Allocation Failure) [PSYoungGen: 416747K->184398K(465920K)] 1223394K->991317K(1300992K), 0.0205388 secs] [Times: user=0.03 sys=0.00, real=0.03 secs] 
2356.340: [GC (Allocation Failure) [PSYoungGen: 407037K->92769K(465920K)] 1213957K->899954K(1300992K), 0.0129891 secs] [Times: user=0.02 sys=0.01, real=0.01 secs] 
2357.965: [GC (Allocation Failure) [PSYoungGen: 325729K->37588K(465920K)] 1132914K->845104K(1300992K), 0.0069157 secs] [Times: user=0.02 sys=0.00, real=0.01 secs] 
2358.250: [GC (Allocation Failure) [PSYoungGen: 270548K->184687K(465920K)] 1078064K->993441K(1300992K), 0.0204958 secs] [Times: user=0.03 sys=0.00, real=0.02 secs] 
2358.589: [GC (Allocation Failure) [PSYoungGen: 417647K->184687K(465920K)] 1226401K->993714K(1300992K), 0.0207464 secs] [Times: user=0.03 sys=0.00, real=0.02 secs] 
2359.798: [GC (Allocation Failure) [PSYoungGen: 407539K->91709K(465920K)] 1216566K->901009K(1300992K), 0.0126353 secs] [Times: user=0.03 sys=0.00, real=0.01 secs] 
2361.459: [GC (Allocation Failure) [PSYoungGen: 324669K->37588K(465920K)] 1133969K->847196K(1300992K), 0.0072611 secs] [Times: user=0.01 sys=0.00, real=0.00 secs] 
2361.754: [GC (Allocation Failure) [PSYoungGen: 270548K->184687K(465920K)] 1080156K->995540K(1300992K), 0.0204480 secs] [Times: user=0.03 sys=0.00, real=0.02 secs] 
2362.038: [GC (Allocation Failure) [PSYoungGen: 417647K->184623K(465920K)] 1228500K->995749K(1300992K), 0.0204625 secs] [Times: user=0.03 sys=0.00, real=0.02 secs] 
2363.610: [GC (Allocation Failure) [PSYoungGen: 407433K->91773K(465920K)] 1218560K->903164K(1300992K), 0.0138426 secs] [Times: user=0.03 sys=0.00, real=0.01 secs] 
2365.695: [GC (Allocation Failure) [PSYoungGen: 324733K->37588K(465920K)] 1136124K->849287K(1300992K), 0.0074419 secs] [Times: user=0.02 sys=0.00, real=0.01 secs] 
2365.997: [GC (Allocation Failure) [PSYoungGen: 270548K->184044K(465920K)] 1082247K->996981K(1300992K), 0.0205256 secs] [Times: user=0.03 sys=0.00, real=0.03 secs] 
2366.287: [GC (Allocation Failure) [PSYoungGen: 417004K->184526K(465920K)] 1229941K->997744K(1300992K), 0.0205186 secs] [Times: user=0.03 sys=0.00, real=0.02 secs] 
2367.727: [GC (Allocation Failure) [PSYoungGen: 407152K->92512K(465920K)] 1220370K->906123K(1300992K), 0.0164993 secs] [Times: user=0.04 sys=0.00, real=0.02 secs] 
2370.391: [GC (Allocation Failure) [PSYoungGen: 325472K->37392K(465920K)] 1139083K->851190K(1300992K), 0.0079705 secs] [Times: user=0.02 sys=0.00, real=0.01 secs] 
2370.713: [GC (Allocation Failure) [PSYoungGen: 270352K->184687K(465920K)] 1084150K->999739K(1300992K), 0.0207353 secs] [Times: user=0.03 sys=0.00, real=0.02 secs] 
2371.052: [GC (Allocation Failure) [PSYoungGen: 417647K->184687K(465920K)] 1232699K->1000004K(1300992K), 0.0206184 secs] [Times: user=0.03 sys=0.00, real=0.02 secs] 
2372.595: [GC (Allocation Failure) [PSYoungGen: 407251K->92030K(465920K)] 1222569K->907612K(1300992K), 0.0175501 secs] [Times: user=0.04 sys=0.00, real=0.02 secs] 
2374.585: [GC (Allocation Failure) [PSYoungGen: 324990K->37874K(465920K)] 1140572K->853764K(1300992K), 0.0073607 secs] [Times: user=0.01 sys=0.00, real=0.01 secs] 
2374.950: [GC (Allocation Failure) [PSYoungGen: 270834K->184687K(465920K)] 1086724K->1001951K(1300992K), 0.0205445 secs] [Times: user=0.03 sys=0.00, real=0.02 secs] 
2375.234: [GC (Allocation Failure) [PSYoungGen: 417647K->184655K(465920K)] 1234911K->1002063K(1300992K), 0.0204570 secs] [Times: user=0.03 sys=0.00, real=0.02 secs] 
2376.326: [GC (Allocation Failure) [PSYoungGen: 407217K->91516K(465920K)] 1224626K->909189K(1300992K), 0.0137308 secs] [Times: user=0.03 sys=0.00, real=0.02 secs] 
2378.258: [GC (Allocation Failure) [PSYoungGen: 324476K->37488K(465920K)] 1142149K->855478K(1300992K), 0.0071014 secs] [Times: user=0.02 sys=0.00, real=0.00 secs] 
2378.625: [GC (Allocation Failure) [PSYoungGen: 270448K->184044K(465920K)] 1088438K->1003279K(1300992K), 0.0204148 secs] [Times: user=0.03 sys=0.00, real=0.02 secs] 
2378.969: [GC (Allocation Failure) [PSYoungGen: 417004K->184815K(465920K)] 1236239K->1004315K(1300992K), 0.0205171 secs] [Times: user=0.03 sys=0.00, real=0.02 secs] 
2380.779: [GC (Allocation Failure) [PSYoungGen: 408644K->92399K(465920K)] 1228144K->912164K(1300992K), 0.0204436 secs] [Times: user=0.04 sys=0.00, real=0.02 secs] 
2382.923: [GC (Allocation Failure) [PSYoungGen: 325359K->37459K(465920K)] 1145124K->857532K(1300992K), 0.0072812 secs] [Times: user=0.02 sys=0.00, real=0.01 secs] 
2383.224: [GC (Allocation Failure) [PSYoungGen: 270419K->184815K(465920K)] 1090492K->1006134K(1300992K), 0.0205465 secs] [Times: user=0.03 sys=0.00, real=0.02 secs] 
2383.561: [GC (Allocation Failure) [PSYoungGen: 417775K->183787K(465920K)] 1239094K->1005371K(1300992K), 0.0204600 secs] [Times: user=0.03 sys=0.00, real=0.02 secs] 
2385.029: [GC (Allocation Failure) [PSYoungGen: 406719K->92640K(465920K)] 1228303K->914489K(1300992K), 0.0162427 secs] [Times: user=0.03 sys=0.00, real=0.01 secs] 
2388.013: [GC (Allocation Failure) [PSYoungGen: 325600K->37202K(465920K)] 1147449K->859358K(1300992K), 0.0078183 secs] [Times: user=0.02 sys=0.00, real=0.01 secs] 
2388.327: [GC (Allocation Failure) [PSYoungGen: 270162K->184430K(465920K)] 1092318K->1007840K(1300992K), 0.0206862 secs] [Times: user=0.03 sys=0.00, real=0.03 secs] 
2388.611: [GC (Allocation Failure) [PSYoungGen: 417390K->184494K(465920K)] 1240800K->1008177K(1300992K), 0.0204904 secs] [Times: user=0.03 sys=0.00, real=0.02 secs] 
2389.699: [GC (Allocation Failure) [PSYoungGen: 408092K->92544K(465920K)] 1231775K->916492K(1300992K), 0.0267277 secs] [Times: user=0.06 sys=0.00, real=0.02 secs] 
2391.470: [GC (Allocation Failure) [PSYoungGen: 325504K->37716K(465920K)] 1149452K->861982K(1300992K), 0.0070472 secs] [Times: user=0.02 sys=0.00, real=0.00 secs] 
2391.759: [GC (Allocation Failure) [PSYoungGen: 270676K->184430K(465920K)] 1094942K->1009933K(1300992K), 0.0206592 secs] [Times: user=0.03 sys=0.01, real=0.02 secs] 
2392.047: [GC (Allocation Failure) [PSYoungGen: 417390K->184301K(465920K)] 1242893K->1010070K(1300992K), 0.0206649 secs] [Times: user=0.03 sys=0.00, real=0.03 secs] 
2393.776: [GC (Allocation Failure) [PSYoungGen: 406781K->92255K(465920K)] 1232549K->918417K(1300992K), 0.0153985 secs] [Times: user=0.03 sys=0.00, real=0.02 secs] 
2395.368: [GC (Allocation Failure) [PSYoungGen: 325215K->37716K(465920K)] 1151377K->864049K(1300992K), 0.0072744 secs] [Times: user=0.02 sys=0.01, real=0.00 secs] 
2395.666: [GC (Allocation Failure) [PSYoungGen: 270676K->184687K(465920K)] 1097009K->1012386K(1300992K), 0.0205115 secs] [Times: user=0.03 sys=0.00, real=0.02 secs] 
2395.950: [GC (Allocation Failure) [PSYoungGen: 417647K->184719K(465920K)] 1245346K->1012691K(1300992K), 0.0204088 secs] [Times: user=0.03 sys=0.00, real=0.02 secs] 
2397.326: [GC (Allocation Failure) [PSYoungGen: 407282K->91580K(465920K)] 1235255K->919697K(1300992K), 0.0190842 secs] [Times: user=0.04 sys=0.00, real=0.02 secs] 
2398.943: [GC (Allocation Failure) [PSYoungGen: 324540K->37617K(465920K)] 1152657K->866041K(1300992K), 0.0068015 secs] [Times: user=0.01 sys=0.00, real=0.01 secs] 
2399.228: [GC (Allocation Failure) [PSYoungGen: 270577K->184076K(465920K)] 1099001K->1013746K(1300992K), 0.0206319 secs] [Times: user=0.03 sys=0.00, real=0.02 secs] 
2399.513: [GC (Allocation Failure) [PSYoungGen: 417036K->184494K(465920K)] 1246706K->1014461K(1300992K), 0.0204128 secs] [Times: user=0.03 sys=0.00, real=0.02 secs] 
2400.939: [GC (Allocation Failure) [PSYoungGen: 407124K->92528K(465920K)] 1237091K->922760K(1300992K), 0.0129374 secs] [Times: user=0.03 sys=0.00, real=0.01 secs] 
2401.738: [GC (Allocation Failure) [PSYoungGen: 325488K->38002K(465920K)] 1155720K->868545K(1300992K), 0.0057682 secs] [Times: user=0.02 sys=0.00, real=0.00 secs] 
2402.007: [GC (Allocation Failure) [PSYoungGen: 270962K->183658K(465920K)] 1101505K->1015438K(1300992K), 0.0204052 secs] [Times: user=0.03 sys=0.00, real=0.02 secs] 
2402.290: [GC (Allocation Failure) [PSYoungGen: 416618K->184462K(465920K)] 1248398K->1016515K(1300992K), 0.0205220 secs] [Times: user=0.03 sys=0.00, real=0.02 secs] 
2402.903: [GC (Allocation Failure) [PSYoungGen: 406998K->92608K(465920K)] 1239051K->925063K(1300992K), 0.0113718 secs] [Times: user=0.03 sys=0.00, real=0.01 secs] 
2403.747: [GC (Allocation Failure) [PSYoungGen: 325568K->38002K(465920K)] 1158023K->870634K(1300992K), 0.0057354 secs] [Times: user=0.01 sys=0.00, real=0.01 secs] 
2404.015: [GC (Allocation Failure) [PSYoungGen: 270962K->183658K(465920K)] 1103594K->1017536K(1300992K), 0.0206672 secs] [Times: user=0.03 sys=0.00, real=0.02 secs] 
2404.036: [Full GC (Ergonomics) [PSYoungGen: 183658K->0K(465920K)] [ParOldGen: 833877K->500441K(994304K)] 1017536K->500441K(1460224K), [Metaspace: 56221K->56221K(1101824K)], 0.0638592 secs] [Times: user=0.29 sys=0.00, real=0.07 secs] 
2404.403: [GC (Allocation Failure) [PSYoungGen: 232960K->184558K(465920K)] 733401K->684999K(1460224K), 0.0201176 secs] [Times: user=0.03 sys=0.00, real=0.02 secs] 
2406.262: [GC (Allocation Failure) [PSYoungGen: 408125K->92512K(465920K)] 908566K->593258K(1460224K), 0.0169949 secs] [Times: user=0.03 sys=0.00, real=0.02 secs] 
2408.349: [GC (Allocation Failure) [PSYoungGen: 325472K->37427K(465920K)] 826218K->538471K(1460224K), 0.0070938 secs] [Times: user=0.01 sys=0.00, real=0.00 secs] 
2408.656: [GC (Allocation Failure) [PSYoungGen: 270387K->184751K(465920K)] 771431K->687048K(1460224K), 0.0199860 secs] [Times: user=0.02 sys=0.00, real=0.02 secs] 
2408.942: [GC (Allocation Failure) [PSYoungGen: 417711K->186422K(465920K)] 920008K->688993K(1460224K), 0.0202000 secs] [Times: user=0.03 sys=0.00, real=0.02 secs] 
2410.157: [GC (Allocation Failure) [PSYoungGen: 408494K->90070K(465920K)] 911065K->592913K(1460224K), 0.0187179 secs] [Times: user=0.03 sys=0.00, real=0.02 secs] 
2412.670: [GC (Allocation Failure) [PSYoungGen: 323030K->37748K(465920K)] 825873K->540898K(1460224K), 0.0081506 secs] [Times: user=0.02 sys=0.00, real=0.01 secs] 
2412.996: [GC (Allocation Failure) [PSYoungGen: 270708K->184847K(465920K)] 773858K->689250K(1460224K), 0.0201954 secs] [Times: user=0.03 sys=0.00, real=0.02 secs] 
2413.279: [GC (Allocation Failure) [PSYoungGen: 417807K->184173K(465920K)] 922210K->688857K(1460224K), 0.0201489 secs] [Times: user=0.02 sys=0.00, real=0.02 secs] 
2414.856: [GC (Allocation Failure) [PSYoungGen: 409504K->91998K(465920K)] 914188K->596947K(1460224K), 0.0180921 secs] [Times: user=0.04 sys=0.00, real=0.02 secs] 
2416.556: [GC (Allocation Failure) [PSYoungGen: 324958K->37745K(465920K)] 829907K->543000K(1460224K), 0.0071723 secs] [Times: user=0.02 sys=0.00, real=0.01 secs] 
2416.868: [GC (Allocation Failure) [PSYoungGen: 270705K->184751K(465920K)] 775960K->691251K(1460224K), 0.0200028 secs] [Times: user=0.02 sys=0.00, real=0.02 secs] 
2417.152: [GC (Allocation Failure) [PSYoungGen: 417711K->184398K(465920K)] 924211K->691171K(1460224K), 0.0198788 secs] [Times: user=0.03 sys=0.00, real=0.02 secs] 
2417.755: [GC (Allocation Failure) [PSYoungGen: 406870K->91837K(465920K)] 913644K->598876K(1460224K), 0.0106177 secs] [Times: user=0.02 sys=0.00, real=0.01 secs] 
2418.579: [GC (Allocation Failure) [PSYoungGen: 324797K->38163K(465920K)] 831836K->545508K(1460224K), 0.0060395 secs] [Times: user=0.01 sys=0.00, real=0.00 secs] 
2418.924: [GC (Allocation Failure) [PSYoungGen: 271123K->184719K(465920K)] 778468K->693309K(1460224K), 0.0201167 secs] [Times: user=0.02 sys=0.00, real=0.02 secs] 
2419.208: [GC (Allocation Failure) [PSYoungGen: 417679K->184751K(465920K)] 926269K->693622K(1460224K), 0.0201499 secs] [Times: user=0.03 sys=0.00, real=0.02 secs] 
2419.833: [GC (Allocation Failure) [PSYoungGen: 407166K->91226K(465920K)] 916038K->600387K(1460224K), 0.0119897 secs] [Times: user=0.02 sys=0.00, real=0.01 secs] 
2420.667: [GC (Allocation Failure) [PSYoungGen: 324186K->38262K(465920K)] 833347K->547728K(1460224K), 0.0059870 secs] [Times: user=0.01 sys=0.00, real=0.01 secs] 
2420.944: [GC (Allocation Failure) [PSYoungGen: 271222K->184719K(465920K)] 780688K->695439K(1460224K), 0.0200307 secs] [Times: user=0.02 sys=0.00, real=0.02 secs] 
2421.283: [GC (Allocation Failure) [PSYoungGen: 417679K->184655K(465920K)] 928399K->695648K(1460224K), 0.0199745 secs] [Times: user=0.03 sys=0.00, real=0.02 secs] 
2421.905: [GC (Allocation Failure) [PSYoungGen: 406953K->91098K(465920K)] 917946K->602356K(1460224K), 0.0116288 secs] [Times: user=0.02 sys=0.00, real=0.01 secs] 
2423.310: [GC (Allocation Failure) [PSYoungGen: 324058K->37874K(465920K)] 835316K->549445K(1460224K), 0.0060926 secs] [Times: user=0.01 sys=0.01, real=0.00 secs] 
2423.666: [GC (Allocation Failure) [PSYoungGen: 270834K->183948K(465920K)] 782405K->696765K(1460224K), 0.0199278 secs] [Times: user=0.03 sys=0.00, real=0.02 secs] 
2424.005: [GC (Allocation Failure) [PSYoungGen: 416908K->184847K(465920K)] 929725K->697946K(1460224K), 0.0200381 secs] [Times: user=0.03 sys=0.00, real=0.02 secs] 
2424.605: [GC (Allocation Failure) [PSYoungGen: 410175K->92126K(465920K)] 923273K->605618K(1460224K), 0.0119528 secs] [Times: user=0.02 sys=0.00, real=0.01 secs] 
2426.077: [GC (Allocation Failure) [PSYoungGen: 325086K->37716K(465920K)] 838578K->551377K(1460224K), 0.0066110 secs] [Times: user=0.01 sys=0.00, real=0.01 secs] 
2426.455: [GC (Allocation Failure) [PSYoungGen: 270676K->184751K(465920K)] 784337K->699665K(1460224K), 0.0199859 secs] [Times: user=0.03 sys=0.00, real=0.02 secs] 
2426.799: [GC (Allocation Failure) [PSYoungGen: 417711K->184398K(465920K)] 932625K->699585K(1460224K), 0.0200094 secs] [Times: user=0.03 sys=0.00, real=0.02 secs] 
2428.015: [GC (Allocation Failure) [PSYoungGen: 406873K->91853K(465920K)] 922061K->607314K(1460224K), 0.0155556 secs] [Times: user=0.03 sys=0.00, real=0.02 secs] 
2428.892: [GC (Allocation Failure) [PSYoungGen: 324813K->38037K(465920K)] 840274K->553828K(1460224K), 0.0052772 secs] [Times: user=0.01 sys=0.00, real=0.00 secs] 
2429.161: [GC (Allocation Failure) [PSYoungGen: 270997K->184783K(465920K)] 786788K->701827K(1460224K), 0.0200413 secs] [Times: user=0.02 sys=0.00, real=0.02 secs] 
2429.445: [GC (Allocation Failure) [PSYoungGen: 417743K->184687K(465920K)] 934787K->702028K(1460224K), 0.0201060 secs] [Times: user=0.02 sys=0.00, real=0.02 secs] 
2430.065: [GC (Allocation Failure) [PSYoungGen: 406644K->91355K(465920K)] 923985K->608969K(1460224K), 0.0104491 secs] [Times: user=0.02 sys=0.00, real=0.01 secs] 
2430.849: [GC (Allocation Failure) [PSYoungGen: 324315K->37909K(465920K)] 841929K->555837K(1460224K), 0.0053854 secs] [Times: user=0.01 sys=0.00, real=0.00 secs] 
2431.120: [GC (Allocation Failure) [PSYoungGen: 270869K->184976K(465920K)] 788797K->704157K(1460224K), 0.0200954 secs] [Times: user=0.02 sys=0.00, real=0.02 secs] 
2431.408: [GC (Allocation Failure) [PSYoungGen: 417936K->184237K(465920K)] 937117K->703700K(1460224K), 0.0199505 secs] [Times: user=0.03 sys=0.00, real=0.02 secs] 
2433.340: [GC (Allocation Failure) [PSYoungGen: 407097K->91580K(465920K)] 926559K->611436K(1460224K), 0.0147455 secs] [Times: user=0.03 sys=0.00, real=0.01 secs] 
2434.894: [GC (Allocation Failure) [PSYoungGen: 324540K->37745K(465920K)] 844396K->557787K(1460224K), 0.0066760 secs] [Times: user=0.02 sys=0.00, real=0.01 secs] 
2435.265: [GC (Allocation Failure) [PSYoungGen: 270705K->184590K(465920K)] 790747K->706014K(1460224K), 0.0199670 secs] [Times: user=0.03 sys=0.00, real=0.02 secs] 
2435.598: [GC (Allocation Failure) [PSYoungGen: 417550K->184430K(465920K)] 938974K->705998K(1460224K), 0.0201433 secs] [Times: user=0.02 sys=0.00, real=0.02 secs] 
2437.078: [GC (Allocation Failure) [PSYoungGen: 409487K->91982K(465920K)] 931055K->613815K(1460224K), 0.0186286 secs] [Times: user=0.04 sys=0.00, real=0.01 secs] 
2438.534: [GC (Allocation Failure) [PSYoungGen: 324942K->37716K(465920K)] 846775K->559865K(1460224K), 0.0064634 secs] [Times: user=0.01 sys=0.00, real=0.01 secs] 
2438.822: [GC (Allocation Failure) [PSYoungGen: 270676K->184847K(465920K)] 792825K->708250K(1460224K), 0.0201974 secs] [Times: user=0.03 sys=0.00, real=0.02 secs] 
2439.103: [GC (GCLocker Initiated GC) [PSYoungGen: 417807K->182823K(465920K)] 941210K->706498K(1460224K), 0.0197329 secs] [Times: user=0.02 sys=0.00, real=0.02 secs] 
2439.799: [GC (Allocation Failure) [PSYoungGen: 415783K->77011K(465920K)] 955845K->617363K(1460224K), 0.0108654 secs] [Times: user=0.02 sys=0.00, real=0.01 secs] 
2440.668: [GC (Allocation Failure) [PSYoungGen: 309971K->59530K(465920K)] 850323K->600117K(1460224K), 0.0074974 secs] [Times: user=0.02 sys=0.00, real=0.00 secs] 
2440.997: [GC (Allocation Failure) [PSYoungGen: 292490K->184333K(465920K)] 833077K->726174K(1460224K), 0.0200060 secs] [Times: user=0.02 sys=0.00, real=0.02 secs] 
2441.285: [GC (Allocation Failure) [PSYoungGen: 417293K->184558K(465920K)] 959134K->726672K(1460224K), 0.0201116 secs] [Times: user=0.03 sys=0.00, real=0.02 secs] 
2442.820: [GC (Allocation Failure) [PSYoungGen: 417518K->53974K(465920K)] 959632K->596353K(1460224K), 0.0136480 secs] [Times: user=0.02 sys=0.00, real=0.01 secs] 
2444.074: [GC (Allocation Failure) [PSYoungGen: 286934K->82121K(465920K)] 829313K->624824K(1460224K), 0.0097963 secs] [Times: user=0.01 sys=0.00, real=0.01 secs] 
2444.348: [GC (Allocation Failure) [PSYoungGen: 315081K->184237K(465920K)] 857784K->728185K(1460224K), 0.0202299 secs] [Times: user=0.03 sys=0.00, real=0.02 secs] 
2444.686: [GC (Allocation Failure) [PSYoungGen: 417197K->184398K(465920K)] 961145K->728748K(1460224K), 0.0203528 secs] [Times: user=0.02 sys=0.00, real=0.02 secs] 
2445.611: [GC (Allocation Failure) [PSYoungGen: 417358K->31579K(465920K)] 961708K->576065K(1460224K), 0.0056480 secs] [Times: user=0.02 sys=0.00, real=0.00 secs] 
2446.311: [GC (Allocation Failure) [PSYoungGen: 264539K->104933K(465920K)] 809025K->649736K(1460224K), 0.0120155 secs] [Times: user=0.02 sys=0.00, real=0.01 secs] 
2446.586: [GC (Allocation Failure) [PSYoungGen: 337893K->184462K(465920K)] 882696K->730518K(1460224K), 0.0200114 secs] [Times: user=0.03 sys=0.00, real=0.02 secs] 
2446.870: [GC (Allocation Failure) [PSYoungGen: 417422K->184494K(465920K)] 963478K->730824K(1460224K), 0.0200136 secs] [Times: user=0.02 sys=0.00, real=0.02 secs] 
2447.795: [GC (Allocation Failure) [PSYoungGen: 417454K->8508K(465920K)] 963784K->555103K(1460224K), 0.0027946 secs] [Times: user=0.01 sys=0.00, real=0.01 secs] 
2448.473: [GC (Allocation Failure) [PSYoungGen: 241468K->128036K(465920K)] 788063K->674954K(1460224K), 0.0144585 secs] [Times: user=0.02 sys=0.00, real=0.02 secs] 
2448.750: [GC (Allocation Failure) [PSYoungGen: 360996K->184622K(465920K)] 907914K->732794K(1460224K), 0.0201905 secs] [Times: user=0.02 sys=0.00, real=0.02 secs] 
2449.138: [GC (Allocation Failure) [PSYoungGen: 417582K->173708K(465920K)] 965754K->722282K(1460224K), 0.0212511 secs] [Times: user=0.03 sys=0.00, real=0.02 secs] 
2450.797: [GC (Allocation Failure) [PSYoungGen: 406668K->96K(465920K)] 955242K->549982K(1460224K), 0.0022239 secs] [Times: user=0.01 sys=0.01, real=0.01 secs] 
2451.430: [GC (Allocation Failure) [PSYoungGen: 233056K->152327K(465920K)] 782942K->702238K(1460224K), 0.0166966 secs] [Times: user=0.03 sys=0.00, real=0.01 secs] 
2451.712: [GC (Allocation Failure) [PSYoungGen: 385287K->186132K(465920K)] 935198K->737410K(1460224K), 0.0201660 secs] [Times: user=0.02 sys=0.00, real=0.02 secs] 
2452.254: [GC (Allocation Failure) [PSYoungGen: 419092K->151987K(465920K)] 970370K->703537K(1460224K), 0.0195453 secs] [Times: user=0.03 sys=0.00, real=0.02 secs] 
2453.270: [GC (Allocation Failure) [PSYoungGen: 384947K->128K(465920K)] 936497K->552993K(1460224K), 0.0021342 secs] [Times: user=0.01 sys=0.00, real=0.00 secs] 
2453.603: [GC (Allocation Failure) [PSYoungGen: 233088K->179381K(465920K)] 785953K->732270K(1460224K), 0.0195086 secs] [Times: user=0.03 sys=0.00, real=0.02 secs] 
2453.887: [GC (Allocation Failure) [PSYoungGen: 412341K->185875K(465920K)] 965230K->740147K(1460224K), 0.0204527 secs] [Times: user=0.03 sys=0.00, real=0.03 secs] 
2454.933: [GC (Allocation Failure) [PSYoungGen: 418835K->133462K(465920K)] 973107K->687870K(1460224K), 0.0160272 secs] [Times: user=0.03 sys=0.00, real=0.02 secs] 
2457.238: [GC (Allocation Failure) [PSYoungGen: 366422K->19080K(465920K)] 920830K->573796K(1460224K), 0.0043267 secs] [Times: user=0.01 sys=0.00, real=0.00 secs] 
2457.532: [GC (Allocation Failure) [PSYoungGen: 252040K->185747K(465920K)] 806756K->741717K(1460224K), 0.0202387 secs] [Times: user=0.02 sys=0.00, real=0.02 secs] 
2457.817: [GC (Allocation Failure) [PSYoungGen: 418707K->185875K(465920K)] 974677K->742126K(1460224K), 0.0201893 secs] [Times: user=0.03 sys=0.00, real=0.03 secs] 
2459.433: [GC (Allocation Failure) [PSYoungGen: 418835K->108143K(465920K)] 975086K->664659K(1460224K), 0.0193166 secs] [Times: user=0.03 sys=0.00, real=0.02 secs] 
2461.569: [GC (Allocation Failure) [PSYoungGen: 341103K->44429K(465920K)] 897619K->601252K(1460224K), 0.0074120 secs] [Times: user=0.01 sys=0.00, real=0.00 secs] 
2461.868: [GC (Allocation Failure) [PSYoungGen: 277389K->185875K(465920K)] 834212K->743953K(1460224K), 0.0203437 secs] [Times: user=0.03 sys=0.00, real=0.02 secs] 
2462.196: [GC (Allocation Failure) [PSYoungGen: 418835K->185875K(465920K)] 976913K->744234K(1460224K), 0.0201623 secs] [Times: user=0.03 sys=0.00, real=0.02 secs] 
2463.955: [GC (Allocation Failure) [PSYoungGen: 418835K->66231K(465920K)] 977194K->624863K(1460224K), 0.0108284 secs] [Times: user=0.02 sys=0.00, real=0.01 secs] 
2465.358: [GC (Allocation Failure) [PSYoungGen: 299191K->68979K(465920K)] 857823K->627935K(1460224K), 0.0095646 secs] [Times: user=0.02 sys=0.00, real=0.01 secs] 
2465.640: [GC (Allocation Failure) [PSYoungGen: 301939K->184301K(465920K)] 860895K->744510K(1460224K), 0.0201460 secs] [Times: user=0.02 sys=0.00, real=0.02 secs] 
2465.984: [GC (Allocation Failure) [PSYoungGen: 417261K->184205K(465920K)] 977470K->744695K(1460224K), 0.0200450 secs] [Times: user=0.02 sys=0.00, real=0.02 secs] 
2467.245: [GC (Allocation Failure) [PSYoungGen: 417165K->44880K(465920K)] 977655K->605635K(1460224K), 0.0076718 secs] [Times: user=0.02 sys=0.00, real=0.01 secs] 
2468.564: [GC (Allocation Failure) [PSYoungGen: 277840K->91278K(465920K)] 838595K->652357K(1460224K), 0.0106378 secs] [Times: user=0.02 sys=0.00, real=0.01 secs] 
2468.837: [GC (Allocation Failure) [PSYoungGen: 324238K->184076K(465920K)] 885317K->746537K(1460224K), 0.0199656 secs] [Times: user=0.03 sys=0.00, real=0.02 secs] 
2469.180: [GC (Allocation Failure) [PSYoungGen: 417036K->184012K(465920K)] 979497K->746618K(1460224K), 0.0198584 secs] [Times: user=0.02 sys=0.00, real=0.02 secs] 
2471.190: [GC (Allocation Failure) [PSYoungGen: 416972K->22999K(465920K)] 979578K->585886K(1460224K), 0.0060281 secs] [Times: user=0.01 sys=0.00, real=0.00 secs] 
2472.339: [GC (Allocation Failure) [PSYoungGen: 255959K->112613K(465920K)] 818846K->675821K(1460224K), 0.0127600 secs] [Times: user=0.02 sys=0.00, real=0.01 secs] 
2472.614: [GC (Allocation Failure) [PSYoungGen: 345573K->184205K(465920K)] 908781K->748795K(1460224K), 0.0201635 secs] [Times: user=0.03 sys=0.00, real=0.02 secs] 
2472.898: [GC (Allocation Failure) [PSYoungGen: 417165K->184205K(465920K)] 981755K->748948K(1460224K), 0.0202851 secs] [Times: user=0.03 sys=0.00, real=0.02 secs] 
2475.171: [GC (Allocation Failure) [PSYoungGen: 417165K->1376K(465920K)] 981908K->566279K(1460224K), 0.0031130 secs] [Times: user=0.01 sys=0.00, real=0.00 secs] 
2476.102: [GC (Allocation Failure) [PSYoungGen: 234336K->134462K(465920K)] 799239K->699559K(1460224K), 0.0152072 secs] [Times: user=0.03 sys=0.00, real=0.01 secs] 
2476.436: [GC (Allocation Failure) [PSYoungGen: 367422K->184590K(465920K)] 932519K->750941K(1460224K), 0.0201701 secs] [Times: user=0.02 sys=0.00, real=0.02 secs] 
2476.883: [GC (Allocation Failure) [PSYoungGen: 417550K->167250K(465920K)] 983901K->733866K(1460224K), 0.0233191 secs] [Times: user=0.03 sys=0.00, real=0.02 secs] 
2478.813: [GC (Allocation Failure) [PSYoungGen: 400210K->96K(465920K)] 966826K->568143K(1460224K), 0.0026130 secs] [Times: user=0.01 sys=0.00, real=0.00 secs] 
2479.642: [GC (Allocation Failure) [PSYoungGen: 233056K->156503K(465920K)] 801103K->724575K(1460224K), 0.0172905 secs] [Times: user=0.03 sys=0.00, real=0.02 secs] 
2479.925: [GC (Allocation Failure) [PSYoungGen: 389463K->184462K(465920K)] 957535K->753787K(1460224K), 0.0202193 secs] [Times: user=0.02 sys=0.00, real=0.02 secs] 
2480.871: [GC (Allocation Failure) [PSYoungGen: 417422K->149561K(465920K)] 986747K->719159K(1460224K), 0.0215778 secs] [Times: user=0.03 sys=0.00, real=0.02 secs] 
2482.788: [GC (Allocation Failure) [PSYoungGen: 382521K->96K(465920K)] 952119K->571137K(1460224K), 0.0023050 secs] [Times: user=0.01 sys=0.00, real=0.00 secs] 
2483.152: [GC (Allocation Failure) [PSYoungGen: 233056K->178449K(465920K)] 804097K->749506K(1460224K), 0.0194553 secs] [Times: user=0.02 sys=0.00, real=0.02 secs] 
2483.441: [GC (Allocation Failure) [PSYoungGen: 411409K->184430K(465920K)] 982466K->756741K(1460224K), 0.0203690 secs] [Times: user=0.03 sys=0.00, real=0.02 secs] 
2484.501: [GC (Allocation Failure) [PSYoungGen: 417390K->135776K(465920K)] 989701K->708352K(1460224K), 0.0226996 secs] [Times: user=0.03 sys=0.00, real=0.02 secs] 
2486.676: [GC (Allocation Failure) [PSYoungGen: 368736K->16767K(465920K)] 941312K->589659K(1460224K), 0.0048420 secs] [Times: user=0.02 sys=0.00, real=0.01 secs] 
2487.048: [GC (Allocation Failure) [PSYoungGen: 249727K->186389K(465920K)] 822619K->760527K(1460224K), 0.0204936 secs] [Times: user=0.03 sys=0.00, real=0.02 secs] 
2487.332: [GC (Allocation Failure) [PSYoungGen: 419349K->184847K(465920K)] 993487K->759266K(1460224K), 0.0202194 secs] [Times: user=0.02 sys=0.00, real=0.02 secs] 
2489.115: [GC (Allocation Failure) [PSYoungGen: 417807K->110810K(465920K)] 992226K->685494K(1460224K), 0.0292256 secs] [Times: user=0.06 sys=0.00, real=0.03 secs] 
2491.784: [GC (Allocation Failure) [PSYoungGen: 343770K->41186K(465920K)] 918454K->616186K(1460224K), 0.0070928 secs] [Times: user=0.01 sys=0.00, real=0.01 secs] 
2492.163: [GC (Allocation Failure) [PSYoungGen: 274146K->186261K(465920K)] 849146K->762514K(1460224K), 0.0203099 secs] [Times: user=0.03 sys=0.00, real=0.02 secs] 
2492.450: [GC (Allocation Failure) [PSYoungGen: 419221K->184687K(465920K)] 995474K->761213K(1460224K), 0.0203037 secs] [Times: user=0.03 sys=0.00, real=0.02 secs] 
2494.103: [GC (Allocation Failure) [PSYoungGen: 417647K->70232K(465920K)] 994173K->647023K(1460224K), 0.0138784 secs] [Times: user=0.02 sys=0.00, real=0.01 secs] 
2496.053: [GC (Allocation Failure) [PSYoungGen: 303192K->65699K(465920K)] 879983K->642800K(1460224K), 0.0094010 secs] [Times: user=0.01 sys=0.00, real=0.01 secs] 
2496.339: [GC (Allocation Failure) [PSYoungGen: 298659K->186389K(465920K)] 875760K->764736K(1460224K), 0.0204401 secs] [Times: user=0.03 sys=0.00, real=0.02 secs] 
2496.628: [GC (Allocation Failure) [PSYoungGen: 419349K->184879K(465920K)] 997696K->763507K(1460224K), 0.0201790 secs] [Times: user=0.03 sys=0.00, real=0.02 secs] 
2499.795: [GC (Allocation Failure) [PSYoungGen: 417839K->45475K(465920K)] 996467K->624368K(1460224K), 0.0092685 secs] [Times: user=0.02 sys=0.00, real=0.01 secs] 
2500.983: [GC (Allocation Failure) [PSYoungGen: 278413K->90475K(465920K)] 857306K->669692K(1460224K), 0.0121972 secs] [Times: user=0.02 sys=0.00, real=0.01 secs] 
2501.273: [GC (Allocation Failure) [PSYoungGen: 323435K->186550K(465920K)] 902652K->767021K(1460224K), 0.0203766 secs] [Times: user=0.02 sys=0.00, real=0.02 secs] 
2501.559: [GC (Allocation Failure) [PSYoungGen: 419510K->186100K(465920K)] 999981K->766981K(1460224K), 0.0204220 secs] [Times: user=0.03 sys=0.01, real=0.02 secs] 
2504.104: [GC (Allocation Failure) [PSYoungGen: 419060K->19272K(465920K)] 999941K->600418K(1460224K), 0.0093217 secs] [Times: user=0.03 sys=0.00, real=0.01 secs] 
2505.565: [GC (Allocation Failure) [PSYoungGen: 252232K->116854K(465920K)] 833378K->698178K(1460224K), 0.0133596 secs] [Times: user=0.02 sys=0.00, real=0.02 secs] 
2505.844: [GC (Allocation Failure) [PSYoungGen: 349814K->185972K(465920K)] 931138K->768550K(1460224K), 0.0203141 secs] [Times: user=0.03 sys=0.00, real=0.02 secs] 
2506.196: [GC (Allocation Failure) [PSYoungGen: 418932K->179956K(465920K)] 1001510K->762799K(1460224K), 0.0225299 secs] [Times: user=0.03 sys=0.00, real=0.03 secs] 
2507.234: [GC (Allocation Failure) [PSYoungGen: 412916K->96K(465920K)] 995759K->584382K(1460224K), 0.0023254 secs] [Times: user=0.01 sys=0.00, real=0.00 secs] 
2507.931: [GC (Allocation Failure) [PSYoungGen: 233056K->141691K(465920K)] 817342K->726002K(1460224K), 0.0156774 secs] [Times: user=0.02 sys=0.00, real=0.01 secs] 
2508.212: [GC (Allocation Failure) [PSYoungGen: 374651K->186261K(465920K)] 958962K->771954K(1460224K), 0.0202753 secs] [Times: user=0.03 sys=0.00, real=0.02 secs] 
2509.010: [GC (Allocation Failure) [PSYoungGen: 419221K->162494K(465920K)] 1004914K->748331K(1460224K), 0.0405601 secs] [Times: user=0.06 sys=0.00, real=0.04 secs] 
2510.626: [GC (Allocation Failure) [PSYoungGen: 395454K->96K(465920K)] 981291K->587373K(1460224K), 0.0029521 secs] [Times: user=0.01 sys=0.00, real=0.01 secs] 
2511.132: [GC (Allocation Failure) [PSYoungGen: 233056K->166753K(465920K)] 820333K->754062K(1460224K), 0.0184316 secs] [Times: user=0.02 sys=0.00, real=0.02 secs] 
2511.473: [GC (Allocation Failure) [PSYoungGen: 399713K->186421K(465920K)] 987022K->774984K(1460224K), 0.0204339 secs] [Times: user=0.03 sys=0.00, real=0.02 secs] 
2512.200: [GC (Allocation Failure) [PSYoungGen: 414465K->137335K(465920K)] 1003028K->726300K(1460224K), 0.0196279 secs] [Times: user=0.03 sys=0.00, real=0.02 secs] 
2513.886: [GC (Allocation Failure) [PSYoungGen: 370295K->1601K(465920K)] 959260K->590745K(1460224K), 0.0033247 secs] [Times: user=0.02 sys=0.01, real=0.01 secs] 
2514.281: [GC (Allocation Failure) [PSYoungGen: 234561K->184076K(465920K)] 823705K->774602K(1460224K), 0.0201638 secs] [Times: user=0.03 sys=0.00, real=0.02 secs] 
2514.625: [GC (Allocation Failure) [PSYoungGen: 417036K->184076K(465920K)] 1007562K->774747K(1460224K), 0.0201438 secs] [Times: user=0.03 sys=0.00, real=0.02 secs] 
2515.487: [GC (Allocation Failure) [PSYoungGen: 417036K->129060K(465920K)] 1007707K->719996K(1460224K), 0.0169276 secs] [Times: user=0.03 sys=0.00, real=0.02 secs] 
2516.776: [GC (Allocation Failure) [PSYoungGen: 362020K->23672K(465920K)] 952956K->614931K(1460224K), 0.0045306 secs] [Times: user=0.01 sys=0.00, real=0.01 secs] 
2517.052: [GC (Allocation Failure) [PSYoungGen: 256632K->186261K(465920K)] 847891K->778766K(1460224K), 0.0205858 secs] [Times: user=0.02 sys=0.00, real=0.02 secs] 
2517.404: [GC (Allocation Failure) [PSYoungGen: 419221K->185972K(465920K)] 1011726K->778750K(1460224K), 0.0205077 secs] [Times: user=0.03 sys=0.00, real=0.02 secs] 
2518.642: [GC (Allocation Failure) [PSYoungGen: 418932K->102970K(465920K)] 1011710K->696014K(1460224K), 0.0139600 secs] [Times: user=0.02 sys=0.00, real=0.01 secs] 
2519.572: [GC (Allocation Failure) [PSYoungGen: 335930K->49379K(465920K)] 928974K->642739K(1460224K), 0.0064850 secs] [Times: user=0.01 sys=0.00, real=0.01 secs] 
2519.899: [GC (Allocation Failure) [PSYoungGen: 282339K->184333K(465920K)] 875699K->778947K(1460224K), 0.0202690 secs] [Times: user=0.03 sys=0.00, real=0.02 secs] 
2520.183: [GC (Allocation Failure) [PSYoungGen: 417293K->183690K(465920K)] 1011907K->778585K(1460224K), 0.0200566 secs] [Times: user=0.03 sys=0.00, real=0.02 secs] 
2521.059: [GC (Allocation Failure) [PSYoungGen: 416650K->65027K(465920K)] 1011545K->660194K(1460224K), 0.0094818 secs] [Times: user=0.02 sys=0.00, real=0.01 secs] 
2522.334: [GC (Allocation Failure) [PSYoungGen: 297987K->70682K(465920K)] 893154K->666166K(1460224K), 0.0099143 secs] [Times: user=0.02 sys=0.00, real=0.01 secs] 
2522.617: [GC (Allocation Failure) [PSYoungGen: 303642K->184462K(465920K)] 899126K->781191K(1460224K), 0.0200026 secs] [Times: user=0.02 sys=0.00, real=0.02 secs] 
2522.962: [GC (Allocation Failure) [PSYoungGen: 417422K->184173K(465920K)] 1014151K->781175K(1460224K), 0.0201189 secs] [Times: user=0.03 sys=0.00, real=0.02 secs] 
2525.314: [GC (Allocation Failure) [PSYoungGen: 417133K->43113K(465920K)] 1014135K->640381K(1460224K), 0.0114518 secs] [Times: user=0.03 sys=0.00, real=0.01 secs] 
2527.125: [GC (Allocation Failure) [PSYoungGen: 276073K->92435K(465920K)] 873341K->690026K(1460224K), 0.0108319 secs] [Times: user=0.01 sys=0.00, real=0.01 secs] 
2527.400: [GC (Allocation Failure) [PSYoungGen: 325395K->184205K(465920K)] 922986K->783042K(1460224K), 0.0202810 secs] [Times: user=0.03 sys=0.00, real=0.02 secs] 
2527.689: [GC (Allocation Failure) [PSYoungGen: 417165K->184494K(465920K)] 1016002K->783604K(1460224K), 0.0201108 secs] [Times: user=0.03 sys=0.00, real=0.02 secs] 
2531.781: [GC (Allocation Failure) [PSYoungGen: 417454K->21377K(465920K)] 1016564K->620752K(1460224K), 0.0098791 secs] [Times: user=0.03 sys=0.00, real=0.01 secs] 
2533.191: [GC (Allocation Failure) [PSYoungGen: 254337K->114281K(465920K)] 853712K->713972K(1460224K), 0.0131114 secs] [Times: user=0.02 sys=0.00, real=0.01 secs] 
2533.467: [GC (Allocation Failure) [PSYoungGen: 347241K->184462K(465920K)] 946932K->785407K(1460224K), 0.0201480 secs] [Times: user=0.03 sys=0.00, real=0.03 secs] 
2533.748: [GC (Allocation Failure) [PSYoungGen: 417422K->182245K(465920K)] 1018367K->783463K(1460224K), 0.0198897 secs] [Times: user=0.02 sys=0.00, real=0.02 secs] 
2536.041: [GC (Allocation Failure) [PSYoungGen: 415205K->1376K(465920K)] 1016423K->602746K(1460224K), 0.0033063 secs] [Times: user=0.01 sys=0.00, real=0.00 secs] 
2537.356: [GC (Allocation Failure) [PSYoungGen: 234336K->134622K(465920K)] 835706K->736181K(1460224K), 0.0154180 secs] [Times: user=0.02 sys=0.00, real=0.02 secs] 
2537.695: [GC (Allocation Failure) [PSYoungGen: 367582K->183948K(465920K)] 969141K->786751K(1460224K), 0.0200945 secs] [Times: user=0.03 sys=0.00, real=0.02 secs] 
2538.325: [GC (Allocation Failure) [PSYoungGen: 416908K->165780K(465920K)] 1019711K->768857K(1460224K), 0.0281943 secs] [Times: user=0.04 sys=0.00, real=0.03 secs] 
2539.956: [GC (Allocation Failure) [PSYoungGen: 398740K->96K(465920K)] 1001817K->604620K(1460224K), 0.0025091 secs] [Times: user=0.01 sys=0.00, real=0.01 secs] 
2540.357: [GC (Allocation Failure) [PSYoungGen: 233056K->156600K(465920K)] 837580K->761148K(1460224K), 0.0174563 secs] [Times: user=0.03 sys=0.00, real=0.02 secs] 
2540.642: [GC (Allocation Failure) [PSYoungGen: 389560K->184333K(465920K)] 994108K->790264K(1460224K), 0.0202356 secs] [Times: user=0.03 sys=0.00, real=0.02 secs] 
2541.334: [GC (Allocation Failure) [PSYoungGen: 417293K->149593K(465920K)] 1023224K->755660K(1460224K), 0.0182570 secs] [Times: user=0.03 sys=0.00, real=0.02 secs] 
2542.284: [GC (Allocation Failure) [PSYoungGen: 382553K->64K(465920K)] 988620K->607568K(1460224K), 0.0022525 secs] [Times: user=0.01 sys=0.00, real=0.00 secs] 
2542.602: [GC (Allocation Failure) [PSYoungGen: 233024K->178706K(465920K)] 840528K->786227K(1460224K), 0.0194774 secs] [Times: user=0.03 sys=0.00, real=0.02 secs] 
2542.884: [GC (Allocation Failure) [PSYoungGen: 411666K->184205K(465920K)] 1019187K->792979K(1460224K), 0.0202826 secs] [Times: user=0.03 sys=0.00, real=0.02 secs] 
2543.744: [GC (Allocation Failure) [PSYoungGen: 417165K->135776K(465920K)] 1025939K->744815K(1460224K), 0.0192497 secs] [Times: user=0.03 sys=0.00, real=0.02 secs] 
2545.861: [GC (Allocation Failure) [PSYoungGen: 368708K->16796K(465920K)] 977748K->626152K(1460224K), 0.0042084 secs] [Times: user=0.02 sys=0.01, real=0.00 secs] 
2546.229: [GC (Allocation Failure) [PSYoungGen: 249756K->183948K(465920K)] 859112K->794549K(1460224K), 0.0201196 secs] [Times: user=0.03 sys=0.00, real=0.02 secs] 
2546.512: [GC (Allocation Failure) [PSYoungGen: 416908K->184462K(465920K)] 1027509K->795344K(1460224K), 0.0203675 secs] [Times: user=0.03 sys=0.00, real=0.02 secs] 
2547.659: [GC (Allocation Failure) [PSYoungGen: 417422K->113654K(465920K)] 1028304K->724801K(1460224K), 0.0200228 secs] [Times: user=0.04 sys=0.00, real=0.02 secs] 
2549.540: [GC (Allocation Failure) [PSYoungGen: 346614K->39033K(465920K)] 957761K->650479K(1460224K), 0.0074024 secs] [Times: user=0.02 sys=0.01, real=0.01 secs] 
2549.853: [GC (Allocation Failure) [PSYoungGen: 271993K->186486K(465920K)] 883439K->799185K(1460224K), 0.0205987 secs] [Times: user=0.03 sys=0.00, real=0.02 secs] 
2550.140: [GC (Allocation Failure) [PSYoungGen: 419446K->186132K(465920K)] 1032145K->799233K(1460224K), 0.0204330 secs] [Times: user=0.02 sys=0.00, real=0.02 secs] 
2550.980: [GC (Allocation Failure) [PSYoungGen: 419092K->70730K(465920K)] 1032193K->684095K(1460224K), 0.0124008 secs] [Times: user=0.02 sys=0.00, real=0.01 secs] 
2552.423: [GC (Allocation Failure) [PSYoungGen: 303690K->66184K(465920K)] 917055K->679745K(1460224K), 0.0094654 secs] [Times: user=0.02 sys=0.00, real=0.01 secs] 
2552.767: [GC (Allocation Failure) [PSYoungGen: 299144K->184590K(465920K)] 912705K->799397K(1460224K), 0.0204382 secs] [Times: user=0.03 sys=0.00, real=0.03 secs] 
2553.111: [GC (Allocation Failure) [PSYoungGen: 417550K->186357K(465920K)] 1032357K->801437K(1460224K), 0.0205476 secs] [Times: user=0.02 sys=0.00, real=0.02 secs] 
2554.874: [GC (Allocation Failure) [PSYoungGen: 419317K->45266K(465920K)] 1034397K->660611K(1460224K), 0.0086455 secs] [Times: user=0.02 sys=0.00, real=0.01 secs] 
2555.994: [GC (Allocation Failure) [PSYoungGen: 278226K->90764K(465920K)] 893571K->706433K(1460224K), 0.0107491 secs] [Times: user=0.02 sys=0.00, real=0.01 secs] 
2556.267: [GC (Allocation Failure) [PSYoungGen: 323724K->184205K(465920K)] 939393K->801127K(1460224K), 0.0201255 secs] [Times: user=0.02 sys=0.00, real=0.02 secs] 
2556.551: [GC (Allocation Failure) [PSYoungGen: 417165K->184430K(465920K)] 1034087K->801754K(1460224K), 0.0201104 secs] [Times: user=0.03 sys=0.00, real=0.02 secs] 
2557.538: [GC (Allocation Failure) [PSYoungGen: 417390K->22999K(465920K)] 1034714K->640460K(1460224K), 0.0046130 secs] [Times: user=0.01 sys=0.00, real=0.00 secs] 
2558.537: [GC (Allocation Failure) [PSYoungGen: 255959K->113384K(465920K)] 873420K->731158K(1460224K), 0.0130330 secs] [Times: user=0.02 sys=0.00, real=0.02 secs] 
2558.869: [GC (Allocation Failure) [PSYoungGen: 346344K->184333K(465920K)] 964118K->803361K(1460224K), 0.0200987 secs] [Times: user=0.03 sys=0.00, real=0.02 secs] 
2559.153: [GC (Allocation Failure) [PSYoungGen: 417293K->183241K(465920K)] 1036321K->802542K(1460224K), 0.0200140 secs] [Times: user=0.03 sys=0.00, real=0.02 secs] 
2560.966: [GC (Allocation Failure) [PSYoungGen: 416201K->1376K(465920K)] 1035502K->620837K(1460224K), 0.0025418 secs] [Times: user=0.01 sys=0.00, real=0.01 secs] 
2561.650: [GC (Allocation Failure) [PSYoungGen: 234336K->134719K(465920K)] 853797K->754368K(1460224K), 0.0151839 secs] [Times: user=0.02 sys=0.00, real=0.01 secs] 
2561.927: [GC (Allocation Failure) [PSYoungGen: 367679K->183948K(465920K)] 987328K->804850K(1460224K), 0.0201842 secs] [Times: user=0.03 sys=0.00, real=0.03 secs] 
2562.525: [GC (Allocation Failure) [PSYoungGen: 416908K->167700K(465920K)] 1037810K->788867K(1460224K), 0.0223831 secs] [Times: user=0.03 sys=0.00, real=0.02 secs] 
2564.093: [GC (Allocation Failure) [PSYoungGen: 400660K->96K(465920K)] 1021827K->622709K(1460224K), 0.0024770 secs] [Times: user=0.01 sys=0.00, real=0.00 secs] 
2564.527: [GC (Allocation Failure) [PSYoungGen: 233056K->156600K(465920K)] 855669K->779221K(1460224K), 0.0174433 secs] [Times: user=0.02 sys=0.00, real=0.02 secs] 
2564.867: [GC (Allocation Failure) [PSYoungGen: 389560K->184333K(465920K)] 1012181K->808208K(1460224K), 0.0202449 secs] [Times: user=0.03 sys=0.00, real=0.02 secs] 
2565.330: [GC (Allocation Failure) [PSYoungGen: 417293K->149497K(465920K)] 1041168K->773637K(1460224K), 0.0212490 secs] [Times: user=0.03 sys=0.00, real=0.02 secs] 
2566.282: [GC (Allocation Failure) [PSYoungGen: 382457K->96K(465920K)] 1006597K->625679K(1460224K), 0.0021162 secs] [Times: user=0.01 sys=0.00, real=0.00 secs] 
2566.593: [GC (Allocation Failure) [PSYoungGen: 233056K->181212K(465920K)] 858639K->806819K(1460224K), 0.0199000 secs] [Times: user=0.03 sys=0.00, real=0.02 secs] 
2566.935: [GC (Allocation Failure) [PSYoungGen: 414172K->186164K(465920K)] 1039779K->813146K(1460224K), 0.0203098 secs] [Times: user=0.03 sys=0.00, real=0.02 secs] 
2568.332: [GC (Allocation Failure) [PSYoungGen: 419124K->131406K(465920K)] 1046106K->758653K(1460224K), 0.0203336 secs] [Times: user=0.03 sys=0.00, real=0.02 secs] 
2570.384: [GC (Allocation Failure) [PSYoungGen: 364366K->22197K(465920K)] 991613K->649631K(1460224K), 0.0065334 secs] [Times: user=0.02 sys=0.00, real=0.01 secs] 
2570.734: [GC (Allocation Failure) [PSYoungGen: 255157K->185747K(465920K)] 882591K->814571K(1460224K), 0.0202997 secs] [Times: user=0.03 sys=0.00, real=0.02 secs] 
2571.020: [GC (Allocation Failure) [PSYoungGen: 418707K->185907K(465920K)] 1047531K->814877K(1460224K), 0.0202204 secs] [Times: user=0.02 sys=0.00, real=0.02 secs] 
2572.862: [GC (Allocation Failure) [PSYoungGen: 418867K->105058K(465920K)] 1047837K->734293K(1460224K), 0.0226466 secs] [Times: user=0.05 sys=0.00, real=0.02 secs] 
2574.615: [GC (Allocation Failure) [PSYoungGen: 338018K->48127K(465920K)] 967253K->677677K(1460224K), 0.0079997 secs] [Times: user=0.02 sys=0.00, real=0.01 secs] 
2574.988: [GC (Allocation Failure) [PSYoungGen: 281087K->185875K(465920K)] 910637K->816671K(1460224K), 0.0205512 secs] [Times: user=0.03 sys=0.00, real=0.02 secs] 
2575.275: [GC (Allocation Failure) [PSYoungGen: 418835K->185843K(465920K)] 1049631K->816920K(1460224K), 0.0204376 secs] [Times: user=0.03 sys=0.00, real=0.02 secs] 
2576.717: [GC (Allocation Failure) [PSYoungGen: 418803K->62504K(465920K)] 1049880K->693846K(1460224K), 0.0156711 secs] [Times: user=0.03 sys=0.00, real=0.02 secs] 
2577.999: [GC (Allocation Failure) [PSYoungGen: 295464K->73510K(465920K)] 926806K->705167K(1460224K), 0.0090629 secs] [Times: user=0.01 sys=0.00, real=0.01 secs] 
2578.331: [GC (Allocation Failure) [PSYoungGen: 306470K->186389K(465920K)] 938127K->819293K(1460224K), 0.0203938 secs] [Times: user=0.03 sys=0.00, real=0.02 secs] 
2578.615: [GC (Allocation Failure) [PSYoungGen: 419349K->186164K(465920K)] 1052253K->819349K(1460224K), 0.0203962 secs] [Times: user=0.03 sys=0.00, real=0.02 secs] 
2579.962: [GC (Allocation Failure) [PSYoungGen: 419124K->36430K(465920K)] 1052309K->670008K(1460224K), 0.0066379 secs] [Times: user=0.02 sys=0.00, real=0.01 secs] 
2580.887: [GC (Allocation Failure) [PSYoungGen: 269390K->100275K(465920K)] 902968K->734048K(1460224K), 0.0117477 secs] [Times: user=0.02 sys=0.00, real=0.02 secs] 
2581.162: [GC (Allocation Failure) [PSYoungGen: 333235K->184751K(465920K)] 967008K->819770K(1460224K), 0.0201803 secs] [Times: user=0.02 sys=0.00, real=0.02 secs] 
2581.445: [GC (Allocation Failure) [PSYoungGen: 417711K->184044K(465920K)] 1052730K->819344K(1460224K), 0.0201362 secs] [Times: user=0.03 sys=0.00, real=0.02 secs] 
2583.972: [GC (Allocation Failure) [PSYoungGen: 417004K->13392K(465920K)] 1052304K->648957K(1460224K), 0.0044591 secs] [Times: user=0.02 sys=0.00, real=0.00 secs] 
2585.050: [GC (Allocation Failure) [PSYoungGen: 246352K->122638K(465920K)] 881917K->758519K(1460224K), 0.0138753 secs] [Times: user=0.02 sys=0.00, real=0.01 secs] 
2585.330: [GC (Allocation Failure) [PSYoungGen: 355598K->184462K(465920K)] 991479K->821596K(1460224K), 0.0202094 secs] [Times: user=0.03 sys=0.00, real=0.02 secs] 
2585.749: [GC (Allocation Failure) [PSYoungGen: 417422K->176131K(465920K)] 1054556K->813539K(1460224K), 0.0217190 secs] [Times: user=0.03 sys=0.00, real=0.02 secs] 
2587.550: [GC (Allocation Failure) [PSYoungGen: 409091K->64K(465920K)] 1046499K->638919K(1460224K), 0.0028140 secs] [Times: user=0.01 sys=0.00, real=0.00 secs] 
2587.994: [GC (Allocation Failure) [PSYoungGen: 233024K->145290K(465920K)] 871879K->784169K(1460224K), 0.0162715 secs] [Times: user=0.03 sys=0.00, real=0.02 secs] 
2588.330: [GC (Allocation Failure) [PSYoungGen: 378250K->184333K(465920K)] 1017129K->824466K(1460224K), 0.0203593 secs] [Times: user=0.03 sys=0.00, real=0.02 secs] 
2588.888: [GC (Allocation Failure) [PSYoungGen: 417293K->160871K(465920K)] 1057426K->801277K(1460224K), 0.0229179 secs] [Times: user=0.03 sys=0.00, real=0.02 secs] 
2591.311: [GC (Allocation Failure) [PSYoungGen: 393831K->128K(465920K)] 1034237K->641973K(1460224K), 0.0052817 secs] [Times: user=0.03 sys=0.00, real=0.00 secs] 
2591.845: [GC (Allocation Failure) [PSYoungGen: 233088K->167524K(465920K)] 874933K->809402K(1460224K), 0.0184530 secs] [Times: user=0.02 sys=0.00, real=0.02 secs] 
2592.175: [GC (Allocation Failure) [PSYoungGen: 400484K->184462K(465920K)] 1042362K->827585K(1460224K), 0.0201912 secs] [Times: user=0.03 sys=0.00, real=0.02 secs] 
2593.053: [GC (Allocation Failure) [PSYoungGen: 414474K->138460K(465920K)] 1057597K->781857K(1460224K), 0.0303906 secs] [Times: user=0.05 sys=0.00, real=0.03 secs] 
2594.587: [GC (Allocation Failure) [PSYoungGen: 371354K->1473K(465920K)] 1014751K->645177K(1460224K), 0.0023837 secs] [Times: user=0.01 sys=0.00, real=0.01 secs] 
2594.876: [GC (Allocation Failure) [PSYoungGen: 234433K->184719K(465920K)] 878137K->829669K(1460224K), 0.0203731 secs] [Times: user=0.03 sys=0.00, real=0.02 secs] 
2595.216: [GC (Allocation Failure) [PSYoungGen: 417679K->184366K(465920K)] 1062629K->829581K(1460224K), 0.0216045 secs] [Times: user=0.03 sys=0.00, real=0.03 secs] 
2596.242: [GC (Allocation Failure) [PSYoungGen: 417326K->128193K(465920K)] 1062541K->773673K(1460224K), 0.0166664 secs] [Times: user=0.03 sys=0.00, real=0.02 secs] 
2598.252: [GC (Allocation Failure) [PSYoungGen: 361153K->23900K(465920K)] 1006633K->669704K(1460224K), 0.0051473 secs] [Times: user=0.01 sys=0.00, real=0.00 secs] 
2598.543: [GC (Allocation Failure) [PSYoungGen: 256860K->186518K(465920K)] 902664K->833697K(1460224K), 0.0204568 secs] [Times: user=0.03 sys=0.00, real=0.02 secs] 
2598.828: [GC (Allocation Failure) [PSYoungGen: 419478K->186132K(465920K)] 1066657K->833592K(1460224K), 0.0203679 secs] [Times: user=0.03 sys=0.00, real=0.02 secs] 
2600.405: [GC (Allocation Failure) [PSYoungGen: 419092K->102279K(465920K)] 1066552K->750004K(1460224K), 0.0146786 secs] [Times: user=0.03 sys=0.00, real=0.02 secs] 
2602.651: [GC (Allocation Failure) [PSYoungGen: 335239K->50215K(465920K)] 982964K->698135K(1460224K), 0.0084111 secs] [Times: user=0.02 sys=0.00, real=0.01 secs] 
2602.951: [GC (Allocation Failure) [PSYoungGen: 283175K->186004K(465920K)] 931095K->835178K(1460224K), 0.0204126 secs] [Times: user=0.02 sys=0.00, real=0.02 secs] 
2603.294: [GC (Allocation Failure) [PSYoungGen: 418964K->185875K(465920K)] 1068138K->835322K(1460224K), 0.0206650 secs] [Times: user=0.03 sys=0.00, real=0.02 secs] 
2605.239: [GC (Allocation Failure) [PSYoungGen: 418835K->60287K(465920K)] 1068282K->709999K(1460224K), 0.0096779 secs] [Times: user=0.01 sys=0.00, real=0.01 secs] 
2606.420: [GC (Allocation Failure) [PSYoungGen: 293247K->76080K(465920K)] 942959K->726108K(1460224K), 0.0091837 secs] [Times: user=0.01 sys=0.00, real=0.01 secs] 
2606.697: [GC (Allocation Failure) [PSYoungGen: 309040K->185875K(465920K)] 959068K->837149K(1460224K), 0.0202914 secs] [Times: user=0.03 sys=0.00, real=0.03 secs] 
2606.986: [GC (Allocation Failure) [PSYoungGen: 418835K->184398K(465920K)] 1070109K->835952K(1460224K), 0.0200642 secs] [Times: user=0.03 sys=0.00, real=0.02 secs] 
2607.834: [GC (Allocation Failure) [PSYoungGen: 417358K->36044K(465920K)] 1068912K->687864K(1460224K), 0.0061873 secs] [Times: user=0.01 sys=0.00, real=0.01 secs] 
2608.894: [GC (Allocation Failure) [PSYoungGen: 269004K->100114K(465920K)] 920824K->752250K(1460224K), 0.0117355 secs] [Times: user=0.02 sys=0.00, real=0.01 secs] 
2609.169: [GC (Allocation Failure) [PSYoungGen: 333074K->184076K(465920K)] 985210K->837466K(1460224K), 0.0200934 secs] [Times: user=0.02 sys=0.00, real=0.02 secs] 
2609.453: [GC (Allocation Failure) [PSYoungGen: 417036K->184590K(465920K)] 1070426K->838261K(1460224K), 0.0200737 secs] [Times: user=0.03 sys=0.00, real=0.02 secs] 
2611.050: [GC (Allocation Failure) [PSYoungGen: 417550K->13617K(465920K)] 1071221K->667681K(1460224K), 0.0052951 secs] [Times: user=0.02 sys=0.00, real=0.00 secs] 
2612.176: [GC (Allocation Failure) [PSYoungGen: 246577K->122156K(465920K)] 900641K->776413K(1460224K), 0.0138486 secs] [Times: user=0.02 sys=0.00, real=0.02 secs] 
2612.511: [GC (Allocation Failure) [PSYoungGen: 355116K->184205K(465920K)] 1009373K->839844K(1460224K), 0.0201458 secs] [Times: user=0.03 sys=0.00, real=0.02 secs] 
2612.879: [GC (Allocation Failure) [PSYoungGen: 417165K->176982K(465920K)] 1072804K->832758K(1460224K), 0.0237746 secs] [Times: user=0.04 sys=0.00, real=0.02 secs] 
2614.047: [GC (Allocation Failure) [PSYoungGen: 409942K->96K(465920K)] 1065718K->657311K(1460224K), 0.0023794 secs] [Times: user=0.01 sys=0.00, real=0.01 secs] 
2614.488: [GC (Allocation Failure) [PSYoungGen: 233056K->144647K(465920K)] 890271K->801871K(1460224K), 0.0160993 secs] [Times: user=0.02 sys=0.00, real=0.01 secs] 
2614.826: [GC (Allocation Failure) [PSYoungGen: 377607K->184333K(465920K)] 1034831K->842811K(1460224K), 0.0203864 secs] [Times: user=0.03 sys=0.00, real=0.02 secs] 
2615.269: [GC (Allocation Failure) [PSYoungGen: 417293K->161482K(465920K)] 1075771K->820224K(1460224K), 0.0242056 secs] [Times: user=0.03 sys=0.00, real=0.02 secs] 
2616.251: [GC (Allocation Failure) [PSYoungGen: 394442K->96K(465920K)] 1053184K->660274K(1460224K), 0.0023648 secs] [Times: user=0.01 sys=0.00, real=0.00 secs] 
2616.613: [GC (Allocation Failure) [PSYoungGen: 233056K->167171K(465920K)] 893234K->827373K(1460224K), 0.0187511 secs] [Times: user=0.02 sys=0.00, real=0.02 secs] 
2616.958: [GC (Allocation Failure) [PSYoungGen: 400131K->184430K(465920K)] 1060333K->845885K(1460224K), 0.0204392 secs] [Times: user=0.03 sys=0.00, real=0.02 secs] 
2617.780: [GC (Allocation Failure) [PSYoungGen: 414178K->138862K(465920K)] 1075634K->800719K(1460224K), 0.0225431 secs] [Times: user=0.03 sys=0.00, real=0.02 secs] 
2619.732: [GC (Allocation Failure) [PSYoungGen: 371796K->1184K(465920K)] 1033654K->663212K(1460224K), 0.0049578 secs] [Times: user=0.02 sys=0.00, real=0.00 secs] 
2620.104: [GC (Allocation Failure) [PSYoungGen: 234144K->184751K(465920K)] 896172K->847873K(1460224K), 0.0204775 secs] [Times: user=0.03 sys=0.00, real=0.02 secs] 
2620.388: [GC (Allocation Failure) [PSYoungGen: 417711K->184462K(465920K)] 1080833K->847760K(1460224K), 0.0206023 secs] [Times: user=0.02 sys=0.00, real=0.02 secs] 
2621.314: [GC (Allocation Failure) [PSYoungGen: 417422K->128418K(465920K)] 1080720K->791981K(1460224K), 0.0221931 secs] [Times: user=0.04 sys=0.01, real=0.02 secs] 
2623.400: [GC (Allocation Failure) [PSYoungGen: 361378K->24093K(465920K)] 1024941K->687972K(1460224K), 0.0055323 secs] [Times: user=0.02 sys=0.00, real=0.00 secs] 
2623.702: [GC (Allocation Failure) [PSYoungGen: 257053K->186261K(465920K)] 920932K->851386K(1460224K), 0.0204922 secs] [Times: user=0.03 sys=0.00, real=0.02 secs] 
2623.986: [GC (Allocation Failure) [PSYoungGen: 419221K->184687K(465920K)] 1084346K->850093K(1460224K), 0.0205001 secs] [Times: user=0.03 sys=0.00, real=0.02 secs] 
2624.941: [GC (Allocation Failure) [PSYoungGen: 417647K->103741K(465920K)] 1083053K->769413K(1460224K), 0.0134254 secs] [Times: user=0.02 sys=0.00, real=0.01 secs] 
2626.848: [GC (Allocation Failure) [PSYoungGen: 336701K->47998K(465920K)] 1002373K->713975K(1460224K), 0.0082886 secs] [Times: user=0.02 sys=0.00, real=0.00 secs] 
2627.139: [GC (Allocation Failure) [PSYoungGen: 280958K->186261K(465920K)] 946935K->853492K(1460224K), 0.0205889 secs] [Times: user=0.03 sys=0.00, real=0.02 secs] 
2627.428: [GC (Allocation Failure) [PSYoungGen: 419221K->184719K(465920K)] 1086452K->852230K(1460224K), 0.0202746 secs] [Times: user=0.03 sys=0.00, real=0.02 secs] 
2628.395: [GC (Allocation Failure) [PSYoungGen: 417679K->63388K(465920K)] 1085190K->731173K(1460224K), 0.0095905 secs] [Times: user=0.02 sys=0.00, real=0.01 secs] 
2630.068: [GC (Allocation Failure) [PSYoungGen: 296348K->72128K(465920K)] 964133K->740229K(1460224K), 0.0088331 secs] [Times: user=0.01 sys=0.00, real=0.00 secs] 
2630.401: [GC (Allocation Failure) [PSYoungGen: 305088K->186550K(465920K)] 973189K->855904K(1460224K), 0.0207678 secs] [Times: user=0.03 sys=0.00, real=0.02 secs] 
2630.690: [GC (Allocation Failure) [PSYoungGen: 419510K->186164K(465920K)] 1088864K->855920K(1460224K), 0.0202731 secs] [Times: user=0.03 sys=0.00, real=0.02 secs] 
2633.041: [GC (Allocation Failure) [PSYoungGen: 419124K->37683K(465920K)] 1088880K->707712K(1460224K), 0.0083701 secs] [Times: user=0.02 sys=0.00, real=0.01 secs] 
2634.032: [GC (Allocation Failure) [PSYoungGen: 270643K->99150K(465920K)] 940672K->769367K(1460224K), 0.0116800 secs] [Times: user=0.02 sys=0.00, real=0.01 secs] 
2634.308: [GC (Allocation Failure) [PSYoungGen: 332110K->185747K(465920K)] 1002327K->857217K(1460224K), 0.0203783 secs] [Times: user=0.03 sys=0.00, real=0.02 secs] 
2634.591: [GC (Allocation Failure) [PSYoungGen: 418707K->184430K(465920K)] 1090177K->856173K(1460224K), 0.0201262 secs] [Times: user=0.03 sys=0.00, real=0.02 secs] 
2636.003: [GC (Allocation Failure) [PSYoungGen: 417390K->13167K(465920K)] 1089133K->685176K(1460224K), 0.0066914 secs] [Times: user=0.03 sys=0.00, real=0.01 secs] 
2636.944: [GC (Allocation Failure) [PSYoungGen: 246127K->123409K(465920K)] 918136K->795739K(1460224K), 0.0140588 secs] [Times: user=0.02 sys=0.00, real=0.02 secs] 
2637.232: [GC (Allocation Failure) [PSYoungGen: 356369K->186132K(465920K)] 1028699K->859837K(1460224K), 0.0204624 secs] [Times: user=0.03 sys=0.00, real=0.02 secs] 
2637.838: [GC (Allocation Failure) [PSYoungGen: 419092K->174777K(465920K)] 1092797K->848634K(1460224K), 0.0256992 secs] [Times: user=0.03 sys=0.00, real=0.02 secs] 
2639.952: [GC (Allocation Failure) [PSYoungGen: 407737K->128K(465920K)] 1081594K->675424K(1460224K), 0.0030712 secs] [Times: user=0.01 sys=0.00, real=0.00 secs] 
2640.680: [GC (Allocation Failure) [PSYoungGen: 233088K->148888K(465920K)] 908384K->824217K(1460224K), 0.0167592 secs] [Times: user=0.03 sys=0.00, real=0.01 secs] 
2640.962: [GC (Allocation Failure) [PSYoungGen: 381848K->186261K(465920K)] 1057177K->862843K(1460224K), 0.0205126 secs] [Times: user=0.03 sys=0.00, real=0.02 secs] 
2641.392: [GC (Allocation Failure) [PSYoungGen: 419221K->155361K(465920K)] 1095803K->832208K(1460224K), 0.0184387 secs] [Times: user=0.03 sys=0.00, real=0.02 secs] 
2643.167: [GC (Allocation Failure) [PSYoungGen: 388321K->96K(465920K)] 1065168K->678382K(1460224K), 0.0024572 secs] [Times: user=0.01 sys=0.00, real=0.00 secs] 
2643.669: [GC (Allocation Failure) [PSYoungGen: 233056K->174818K(465920K)] 911342K->853121K(1460224K), 0.0192430 secs] [Times: user=0.03 sys=0.00, real=0.02 secs] 
2643.953: [GC (Allocation Failure) [PSYoungGen: 407778K->186036K(465920K)] 1086081K->865721K(1460224K), 0.0203451 secs] [Times: user=0.02 sys=0.00, real=0.02 secs] 
2645.190: [GC (Allocation Failure) [PSYoungGen: 418996K->137800K(465920K)] 1098681K->817629K(1460224K), 0.0389918 secs] [Times: user=0.07 sys=0.00, real=0.04 secs] 
2647.135: [GC (Allocation Failure) [PSYoungGen: 370760K->15414K(465920K)] 1050589K->695552K(1460224K), 0.0040799 secs] [Times: user=0.02 sys=0.00, real=0.01 secs] 
2647.503: [GC (Allocation Failure) [PSYoungGen: 248374K->184590K(465920K)] 928512K->865973K(1460224K), 0.0203654 secs] [Times: user=0.03 sys=0.00, real=0.02 secs] 
2647.790: [GC (Allocation Failure) [PSYoungGen: 417550K->186421K(465920K)] 1098933K->868214K(1460224K), 0.0205660 secs] [Times: user=0.02 sys=0.00, real=0.02 secs] 
2650.510: [GC (Allocation Failure) [PSYoungGen: 419381K->112481K(465920K)] 1101174K->794418K(1460224K), 0.0226909 secs] [Times: user=0.05 sys=0.00, real=0.02 secs] 
2652.744: [GC (Allocation Failure) [PSYoungGen: 345441K->40190K(465920K)] 1027378K->722433K(1460224K), 0.0093308 secs] [Times: user=0.02 sys=0.00, real=0.01 secs] 
2653.084: [GC (Allocation Failure) [PSYoungGen: 273150K->185875K(465920K)] 955393K->869372K(1460224K), 0.0205537 secs] [Times: user=0.03 sys=0.00, real=0.02 secs] 
2653.369: [GC (Allocation Failure) [PSYoungGen: 418835K->185843K(465920K)] 1102332K->869621K(1460224K), 0.0205747 secs] [Times: user=0.03 sys=0.00, real=0.02 secs] 
2654.332: [GC (Allocation Failure) [PSYoungGen: 418803K->70489K(465920K)] 1102581K->754531K(1460224K), 0.0107767 secs] [Times: user=0.02 sys=0.00, real=0.01 secs] 
2655.160: [GC (Allocation Failure) [PSYoungGen: 303449K->65798K(465920K)] 987491K->750155K(1460224K), 0.0082269 secs] [Times: user=0.02 sys=0.00, real=0.01 secs] 
2655.434: [GC (Allocation Failure) [PSYoungGen: 298758K->186389K(465920K)] 983115K->871992K(1460224K), 0.0208249 secs] [Times: user=0.03 sys=0.00, real=0.02 secs] 
2655.723: [GC (Allocation Failure) [PSYoungGen: 419349K->186004K(465920K)] 1104952K->872016K(1460224K), 0.0203807 secs] [Times: user=0.03 sys=0.00, real=0.02 secs] 
2657.578: [GC (Allocation Failure) [PSYoungGen: 418964K->44238K(465920K)] 1104976K->730386K(1460224K), 0.0101800 secs] [Times: user=0.02 sys=0.00, real=0.01 secs] 
2659.418: [GC (Allocation Failure) [PSYoungGen: 277094K->91438K(465920K)] 963242K->777886K(1460224K), 0.0108865 secs] [Times: user=0.02 sys=0.00, real=0.01 secs] 
2659.754: [GC (Allocation Failure) [PSYoungGen: 324398K->186518K(465920K)] 1010846K->874227K(1460224K), 0.0204008 secs] [Times: user=0.03 sys=0.00, real=0.02 secs] 
2660.088: [GC (Allocation Failure) [PSYoungGen: 419478K->186100K(465920K)] 1107187K->874083K(1460224K), 0.0203262 secs] [Times: user=0.03 sys=0.00, real=0.02 secs] 
2661.886: [GC (Allocation Failure) [PSYoungGen: 419060K->18373K(465920K)] 1107043K->706620K(1460224K), 0.0057254 secs] [Times: user=0.02 sys=0.00, real=0.01 secs] 
2662.499: [GC (Allocation Failure) [PSYoungGen: 251333K->118139K(465920K)] 939580K->806696K(1460224K), 0.0134995 secs] [Times: user=0.02 sys=0.00, real=0.01 secs] 
2662.841: [GC (Allocation Failure) [PSYoungGen: 351099K->186004K(465920K)] 1039656K->875814K(1460224K), 0.0204169 secs] [Times: user=0.03 sys=0.00, real=0.02 secs] 
2663.231: [GC (Allocation Failure) [PSYoungGen: 418964K->179151K(465920K)] 1108774K->869234K(1460224K), 0.0237539 secs] [Times: user=0.03 sys=0.00, real=0.02 secs] 
2664.634: [GC (Allocation Failure) [PSYoungGen: 412111K->96K(465920K)] 1102194K->691622K(1460224K), 0.0024786 secs] [Times: user=0.02 sys=0.00, real=0.00 secs] 
2665.242: [GC (Allocation Failure) [PSYoungGen: 233056K->142141K(465920K)] 924582K->833692K(1460224K), 0.0160096 secs] [Times: user=0.02 sys=0.00, real=0.02 secs] 
2665.580: [GC (Allocation Failure) [PSYoungGen: 375101K->184365K(465920K)] 1066652K->877169K(1460224K), 0.0203713 secs] [Times: user=0.03 sys=0.00, real=0.02 secs] 
2667.073: [GC (Allocation Failure) [PSYoungGen: 413802K->159844K(465920K)] 1106606K->853050K(1460224K), 0.0433911 secs] [Times: user=0.06 sys=0.00, real=0.04 secs] 
2668.575: [GC (Allocation Failure) [PSYoungGen: 392804K->96K(465920K)] 1086010K->694618K(1460224K), 0.0024755 secs] [Times: user=0.01 sys=0.00, real=0.00 secs] 
2668.971: [GC (Allocation Failure) [PSYoungGen: 233056K->161452K(465920K)] 927578K->855991K(1460224K), 0.0178778 secs] [Times: user=0.02 sys=0.00, real=0.02 secs] 
2669.315: [GC (Allocation Failure) [PSYoungGen: 394412K->184783K(465920K)] 1088951K->880575K(1460224K), 0.0204665 secs] [Times: user=0.03 sys=0.00, real=0.02 secs] 
2670.477: [GC (Allocation Failure) [PSYoungGen: 417743K->144260K(465920K)] 1113535K->840470K(1460224K), 0.0497275 secs] [Times: user=0.14 sys=0.00, real=0.05 secs] 
2672.247: [GC (Allocation Failure) [PSYoungGen: 377220K->96K(465920K)] 1073430K->696483K(1460224K), 0.0024393 secs] [Times: user=0.01 sys=0.00, real=0.01 secs] 
2672.535: [GC (Allocation Failure) [PSYoungGen: 233056K->185004K(465920K)] 929443K->881423K(1460224K), 0.0203364 secs] [Times: user=0.02 sys=0.00, real=0.02 secs] 
2672.818: [GC (Allocation Failure) [PSYoungGen: 417964K->184205K(465920K)] 1114383K->881878K(1460224K), 0.0203506 secs] [Times: user=0.03 sys=0.00, real=0.02 secs] 
2673.360: [GC (Allocation Failure) [PSYoungGen: 417165K->129446K(465920K)] 1114838K->827392K(1460224K), 0.0138908 secs] [Times: user=0.02 sys=0.00, real=0.01 secs] 
2674.440: [GC (Allocation Failure) [PSYoungGen: 362406K->23322K(465920K)] 1060352K->721557K(1460224K), 0.0055971 secs] [Times: user=0.02 sys=0.00, real=0.00 secs] 
2674.743: [GC (Allocation Failure) [PSYoungGen: 256282K->186357K(465920K)] 954517K->885847K(1460224K), 0.0206099 secs] [Times: user=0.03 sys=0.00, real=0.02 secs] 
2675.085: [GC (Allocation Failure) [PSYoungGen: 419317K->186132K(465920K)] 1118807K->885895K(1460224K), 0.0203804 secs] [Times: user=0.03 sys=0.00, real=0.02 secs] 
2676.722: [GC (Allocation Failure) [PSYoungGen: 419092K->102890K(465920K)] 1118855K->802918K(1460224K), 0.0302134 secs] [Times: user=0.06 sys=0.00, real=0.03 secs] 
2678.400: [GC (Allocation Failure) [PSYoungGen: 335850K->50086K(465920K)] 1035878K->750420K(1460224K), 0.0090909 secs] [Times: user=0.02 sys=0.00, real=0.01 secs] 
2678.713: [GC (Allocation Failure) [PSYoungGen: 283046K->185875K(465920K)] 983380K->887462K(1460224K), 0.0205978 secs] [Times: user=0.02 sys=0.00, real=0.02 secs] 
2679.000: [GC (Allocation Failure) [PSYoungGen: 418835K->185811K(465920K)] 1120422K->887679K(1460224K), 0.0205953 secs] [Times: user=0.03 sys=0.00, real=0.02 secs] 
2680.809: [GC (Allocation Failure) [PSYoungGen: 418771K->60480K(465920K)] 1120639K->762613K(1460224K), 0.0121986 secs] [Times: user=0.02 sys=0.00, real=0.01 secs] 
2682.669: [GC (Allocation Failure) [PSYoungGen: 293404K->74824K(465920K)] 995537K->777281K(1460224K), 0.0105770 secs] [Times: user=0.02 sys=0.00, real=0.01 secs] 
2682.951: [GC (Allocation Failure) [PSYoungGen: 307784K->183916K(465920K)] 1010241K->887626K(1460224K), 0.0205099 secs] [Times: user=0.03 sys=0.00, real=0.02 secs] 
2683.235: [GC (Allocation Failure) [PSYoungGen: 416876K->184366K(465920K)] 1120586K->888478K(1460224K), 0.0202844 secs] [Times: user=0.02 sys=0.00, real=0.02 secs] 
2684.743: [GC (Allocation Failure) [PSYoungGen: 417326K->39225K(465920K)] 1121438K->743603K(1460224K), 0.0071955 secs] [Times: user=0.02 sys=0.00, real=0.01 secs] 
2685.885: [GC (Allocation Failure) [PSYoungGen: 272185K->96933K(465920K)] 976563K->801490K(1460224K), 0.0115693 secs] [Times: user=0.02 sys=0.00, real=0.01 secs] 
2686.159: [GC (Allocation Failure) [PSYoungGen: 329893K->184205K(465920K)] 1034450K->890016K(1460224K), 0.0202896 secs] [Times: user=0.03 sys=0.00, real=0.02 secs] 
2686.447: [GC (Allocation Failure) [PSYoungGen: 417165K->184590K(465920K)] 1122976K->890682K(1460224K), 0.0200947 secs] [Times: user=0.03 sys=0.00, real=0.02 secs] 
2688.977: [GC (Allocation Failure) [PSYoungGen: 417550K->16718K(465920K)] 1123642K->723211K(1460224K), 0.0050071 secs] [Times: user=0.02 sys=0.00, real=0.01 secs] 
2690.271: [GC (Allocation Failure) [PSYoungGen: 249678K->118811K(465920K)] 956171K->825486K(1460224K), 0.0136448 secs] [Times: user=0.02 sys=0.00, real=0.01 secs] 
2690.548: [GC (Allocation Failure) [PSYoungGen: 351771K->184719K(465920K)] 1058446K->892655K(1460224K), 0.0204778 secs] [Times: user=0.03 sys=0.00, real=0.02 secs] 
2690.892: [GC (Allocation Failure) [PSYoungGen: 417679K->179809K(465920K)] 1125615K->888019K(1460224K), 0.0215466 secs] [Times: user=0.03 sys=0.00, real=0.02 secs] 
2691.872: [GC (Allocation Failure) [PSYoungGen: 412769K->64K(465920K)] 1120979K->709711K(1460224K), 0.0023621 secs] [Times: user=0.01 sys=0.00, real=0.00 secs] 
2692.533: [GC (Allocation Failure) [PSYoungGen: 233024K->141017K(465920K)] 942671K->850680K(1460224K), 0.0158467 secs] [Times: user=0.03 sys=0.00, real=0.02 secs] 
2692.869: [GC (Allocation Failure) [PSYoungGen: 373977K->184205K(465920K)] 1083640K->895250K(1460224K), 0.0203811 secs] [Times: user=0.02 sys=0.00, real=0.02 secs] 
2693.357: [GC (Allocation Failure) [PSYoungGen: 415386K->161161K(465920K)] 1126431K->872359K(1460224K), 0.0219790 secs] [Times: user=0.03 sys=0.00, real=0.03 secs] 
2694.542: [GC (Allocation Failure) [PSYoungGen: 394121K->96K(465920K)] 1105319K->712727K(1460224K), 0.0029532 secs] [Times: user=0.02 sys=0.00, real=0.00 secs] 
2695.192: [GC (Allocation Failure) [PSYoungGen: 233056K->161484K(465920K)] 945687K->874139K(1460224K), 0.0178394 secs] [Times: user=0.03 sys=0.00, real=0.02 secs] 
2695.473: [GC (Allocation Failure) [PSYoungGen: 394444K->184590K(465920K)] 1107099K->898499K(1460224K), 0.0202900 secs] [Times: user=0.03 sys=0.00, real=0.02 secs] 
2696.153: [GC (Allocation Failure) [PSYoungGen: 417550K->144388K(465920K)] 1131459K->858562K(1460224K), 0.0212252 secs] [Times: user=0.03 sys=0.00, real=0.02 secs] 
2697.973: [GC (Allocation Failure) [PSYoungGen: 377348K->96K(465920K)] 1091522K->715701K(1460224K), 0.0037179 secs] [Times: user=0.01 sys=0.00, real=0.00 secs] 
2698.324: [GC (Allocation Failure) [PSYoungGen: 233056K->183847K(465920K)] 948661K->899469K(1460224K), 0.0201940 secs] [Times: user=0.02 sys=0.00, real=0.02 secs] 
2698.611: [GC (Allocation Failure) [PSYoungGen: 416807K->184462K(465920K)] 1132429K->901337K(1460224K), 0.0206578 secs] [Times: user=0.03 sys=0.00, real=0.02 secs] 
2699.641: [GC (Allocation Failure) [PSYoungGen: 417422K->130346K(465920K)] 1134297K->847494K(1460224K), 0.0204659 secs] [Times: user=0.04 sys=0.00, real=0.02 secs] 
2701.077: [GC (Allocation Failure) [PSYoungGen: 363306K->21969K(465920K)] 1080454K->739442K(1460224K), 0.0045342 secs] [Times: user=0.01 sys=0.00, real=0.01 secs] 
2701.349: [GC (Allocation Failure) [PSYoungGen: 254929K->184237K(465920K)] 972402K->902963K(1460224K), 0.0201380 secs] [Times: user=0.02 sys=0.00, real=0.02 secs] 
2701.632: [GC (Allocation Failure) [PSYoungGen: 417197K->184366K(465920K)] 1135923K->903502K(1460224K), 0.0202018 secs] [Times: user=0.03 sys=0.00, real=0.02 secs] 
2702.234: [GC (Allocation Failure) [PSYoungGen: 417326K->108208K(465920K)] 1136462K->827488K(1460224K), 0.0128058 secs] [Times: user=0.02 sys=0.01, real=0.01 secs] 
2703.857: [GC (Allocation Failure) [PSYoungGen: 341168K->44720K(465920K)] 1060448K->764323K(1460224K), 0.0062472 secs] [Times: user=0.02 sys=0.00, real=0.01 secs] 
2704.126: [GC (Allocation Failure) [PSYoungGen: 277680K->184205K(465920K)] 997283K->905060K(1460224K), 0.0203679 secs] [Times: user=0.03 sys=0.00, real=0.02 secs] 
2704.459: [GC (Allocation Failure) [PSYoungGen: 417165K->184044K(465920K)] 1138020K->905173K(1460224K), 0.0203369 secs] [Times: user=0.03 sys=0.00, real=0.02 secs] 
2705.288: [GC (Allocation Failure) [PSYoungGen: 417004K->69444K(465920K)] 1138133K->790838K(1460224K), 0.0108308 secs] [Times: user=0.02 sys=0.00, real=0.01 secs] 
2706.038: [GC (Allocation Failure) [PSYoungGen: 302404K->67084K(465920K)] 1023798K->788793K(1460224K), 0.0085906 secs] [Times: user=0.02 sys=0.00, real=0.00 secs] 
2706.310: [GC (Allocation Failure) [PSYoungGen: 300044K->184590K(465920K)] 1021753K->907554K(1460224K), 0.0202368 secs] [Times: user=0.02 sys=0.00, real=0.02 secs] 
2706.594: [GC (Allocation Failure) [PSYoungGen: 417550K->184141K(465920K)] 1140514K->907385K(1460224K), 0.0202017 secs] [Times: user=0.02 sys=0.00, real=0.02 secs] 
2708.438: [GC (Allocation Failure) [PSYoungGen: 417101K->46487K(465920K)] 1140345K->769997K(1460224K), 0.0127964 secs] [Times: user=0.03 sys=0.00, real=0.01 secs] 
2709.686: [GC (Allocation Failure) [PSYoungGen: 279447K->89414K(465920K)] 1002957K->813245K(1460224K), 0.0106859 secs] [Times: user=0.01 sys=0.00, real=0.01 secs] 
2709.959: [GC (Allocation Failure) [PSYoungGen: 322374K->183948K(465920K)] 1046205K->909040K(1460224K), 0.0203355 secs] [Times: user=0.03 sys=0.00, real=0.02 secs] 
2710.246: [GC (Allocation Failure) [PSYoungGen: 416908K->184430K(465920K)] 1142000K->909932K(1460224K), 0.0203188 secs] [Times: user=0.03 sys=0.00, real=0.02 secs] 
2712.033: [GC (Allocation Failure) [PSYoungGen: 417390K->24670K(465920K)] 1142892K->750438K(1460224K), 0.0068550 secs] [Times: user=0.02 sys=0.00, real=0.01 secs] 
2713.282: [GC (Allocation Failure) [PSYoungGen: 257630K->111167K(465920K)] 983398K->837130K(1460224K), 0.0128943 secs] [Times: user=0.02 sys=0.00, real=0.01 secs] 
2713.557: [GC (Allocation Failure) [PSYoungGen: 344127K->184205K(465920K)] 1070090K->911542K(1460224K), 0.0203763 secs] [Times: user=0.03 sys=0.00, real=0.02 secs] 
2713.845: [GC (Allocation Failure) [PSYoungGen: 417165K->184590K(465920K)] 1144502K->912080K(1460224K), 0.0204118 secs] [Times: user=0.02 sys=0.00, real=0.02 secs] 
2716.598: [GC (Allocation Failure) [PSYoungGen: 417550K->2500K(465920K)] 1145040K->730383K(1460224K), 0.0030921 secs] [Times: user=0.01 sys=0.00, real=0.00 secs] 
2717.409: [GC (Allocation Failure) [PSYoungGen: 235460K->133209K(465920K)] 963343K->861279K(1460224K), 0.0152406 secs] [Times: user=0.02 sys=0.00, real=0.01 secs] 
2717.746: [GC (Allocation Failure) [PSYoungGen: 366169K->184333K(465920K)] 1094239K->913658K(1460224K), 0.0205730 secs] [Times: user=0.02 sys=0.00, real=0.02 secs] 
2718.406: [GC (Allocation Failure) [PSYoungGen: 417293K->168792K(465920K)] 1146618K->898510K(1460224K), 0.0277480 secs] [Times: user=0.04 sys=0.00, real=0.03 secs] 
2720.305: [GC (Allocation Failure) [PSYoungGen: 401752K->128K(465920K)] 1131470K->731157K(1460224K), 0.0030696 secs] [Times: user=0.02 sys=0.00, real=0.01 secs] 
2721.053: [GC (Allocation Failure) [PSYoungGen: 233088K->155315K(465920K)] 964117K->886376K(1460224K), 0.0172604 secs] [Times: user=0.02 sys=0.00, real=0.02 secs] 
2721.333: [GC (Allocation Failure) [PSYoungGen: 388275K->184333K(465920K)] 1119336K->916777K(1460224K), 0.0202927 secs] [Times: user=0.02 sys=0.00, real=0.02 secs] 
2722.438: [GC (Allocation Failure) [PSYoungGen: 417293K->150846K(465920K)] 1149737K->883426K(1460224K), 0.0326583 secs] [Times: user=0.05 sys=0.00, real=0.03 secs] 
2725.209: [GC (Allocation Failure) [PSYoungGen: 383806K->128K(465920K)] 1116386K->734146K(1460224K), 0.0043233 secs] [Times: user=0.02 sys=0.00, real=0.00 secs] 
2725.648: [GC (Allocation Failure) [PSYoungGen: 233088K->179252K(465920K)] 967106K->913294K(1460224K), 0.0198241 secs] [Times: user=0.03 sys=0.00, real=0.02 secs] 
2725.937: [GC (Allocation Failure) [PSYoungGen: 412212K->186004K(465920K)] 1146254K->921420K(1460224K), 0.0206528 secs] [Times: user=0.03 sys=0.00, real=0.03 secs] 
2728.516: [GC (Allocation Failure) [PSYoungGen: 418964K->133462K(465920K)] 1154380K->869023K(1460224K), 0.0338220 secs] [Times: user=0.06 sys=0.00, real=0.04 secs] 
2730.919: [GC (Allocation Failure) [PSYoungGen: 366317K->18245K(465920K)] 1101877K->754121K(1460224K), 0.0076908 secs] [Times: user=0.03 sys=0.00, real=0.00 secs] 
2731.327: [GC (Allocation Failure) [PSYoungGen: 251205K->186132K(465920K)] 987081K->923271K(1460224K), 0.0205951 secs] [Times: user=0.03 sys=0.00, real=0.03 secs] 
2731.614: [GC (Allocation Failure) [PSYoungGen: 419092K->184687K(465920K)] 1156231K->922106K(1460224K), 0.0204904 secs] [Times: user=0.03 sys=0.00, real=0.02 secs] 
2733.665: [GC (Allocation Failure) [PSYoungGen: 417647K->109782K(465920K)] 1155066K->847595K(1460224K), 0.0144728 secs] [Times: user=0.03 sys=0.00, real=0.02 secs] 
2734.776: [GC (Allocation Failure) [PSYoungGen: 342742K->43821K(465920K)] 1080555K->781829K(1460224K), 0.0075868 secs] [Times: user=0.02 sys=0.00, real=0.01 secs] 
2735.073: [GC (Allocation Failure) [PSYoungGen: 276781K->186004K(465920K)] 1014789K->925258K(1460224K), 0.0203853 secs] [Times: user=0.03 sys=0.00, real=0.02 secs] 
2735.357: [GC (Allocation Failure) [PSYoungGen: 418964K->184494K(465920K)] 1158218K->924029K(1460224K), 0.0202449 secs] [Times: user=0.03 sys=0.00, real=0.02 secs] 
2737.105: [GC (Allocation Failure) [PSYoungGen: 417454K->68095K(465920K)] 1156989K->807896K(1460224K), 0.0107389 secs] [Times: user=0.02 sys=0.00, real=0.01 secs] 
2738.018: [GC (Allocation Failure) [PSYoungGen: 301055K->68883K(465920K)] 1040856K->808997K(1460224K), 0.0086572 secs] [Times: user=0.01 sys=0.00, real=0.00 secs] 
2738.291: [GC (Allocation Failure) [PSYoungGen: 301843K->186004K(465920K)] 1041957K->927372K(1460224K), 0.0204457 secs] [Times: user=0.03 sys=0.00, real=0.02 secs] 
2738.634: [GC (Allocation Failure) [PSYoungGen: 418964K->185940K(465920K)] 1160332K->927589K(1460224K), 0.0205660 secs] [Times: user=0.03 sys=0.00, real=0.02 secs] 
2740.320: [GC (Allocation Failure) [PSYoungGen: 418900K->41507K(465920K)] 1160549K->783421K(1460224K), 0.0117003 secs] [Times: user=0.03 sys=0.00, real=0.01 secs] 
2741.460: [GC (Allocation Failure) [PSYoungGen: 274467K->95005K(465920K)] 1016381K->837241K(1460224K), 0.0112171 secs] [Times: user=0.02 sys=0.00, real=0.01 secs] 
2741.792: [GC (Allocation Failure) [PSYoungGen: 327965K->186132K(465920K)] 1070201K->929622K(1460224K), 0.0204844 secs] [Times: user=0.03 sys=0.00, real=0.02 secs] 
2742.133: [GC (Allocation Failure) [PSYoungGen: 419092K->184398K(465920K)] 1162582K->928160K(1460224K), 0.0203775 secs] [Times: user=0.02 sys=0.00, real=0.02 secs] 
2743.358: [GC (Allocation Failure) [PSYoungGen: 417358K->16798K(465920K)] 1161120K->760826K(1460224K), 0.0049221 secs] [Times: user=0.02 sys=0.00, real=0.00 secs] 
2744.247: [GC (Allocation Failure) [PSYoungGen: 249758K->119168K(465920K)] 993786K->863508K(1460224K), 0.0136459 secs] [Times: user=0.02 sys=0.00, real=0.02 secs] 
2744.582: [GC (Allocation Failure) [PSYoungGen: 352128K->184205K(465920K)] 1096468K->929928K(1460224K), 0.0202952 secs] [Times: user=0.03 sys=0.00, real=0.02 secs] 
2745.008: [GC (Allocation Failure) [PSYoungGen: 417165K->179970K(465920K)] 1162888K->925829K(1460224K), 0.0228088 secs] [Times: user=0.04 sys=0.00, real=0.02 secs] 
2746.531: [GC (Allocation Failure) [PSYoungGen: 412930K->64K(465920K)] 1158789K->747355K(1460224K), 0.0031978 secs] [Times: user=0.02 sys=0.00, real=0.00 secs] 
2747.456: [GC (Allocation Failure) [PSYoungGen: 233024K->141274K(465920K)] 980315K->888581K(1460224K), 0.0158024 secs] [Times: user=0.02 sys=0.00, real=0.02 secs] 
2747.791: [GC (Allocation Failure) [PSYoungGen: 374234K->184333K(465920K)] 1121541K->932886K(1460224K), 0.0203572 secs] [Times: user=0.03 sys=0.00, real=0.02 secs] 
2748.319: [GC (Allocation Failure) [PSYoungGen: 416553K->160727K(465920K)] 1165106K->909561K(1460224K), 0.0242206 secs] [Times: user=0.04 sys=0.00, real=0.02 secs] 
2750.288: [GC (Allocation Failure) [PSYoungGen: 393687K->192K(465920K)] 1142521K->750473K(1460224K), 0.0052275 secs] [Times: user=0.02 sys=0.00, real=0.00 secs] 
2750.884: [GC (Allocation Failure) [PSYoungGen: 233152K->161098K(465920K)] 983433K->911412K(1460224K), 0.0179856 secs] [Times: user=0.02 sys=0.00, real=0.02 secs] 
2751.165: [GC (Allocation Failure) [PSYoungGen: 394058K->184590K(465920K)] 1144372K->936286K(1460224K), 0.0202914 secs] [Times: user=0.02 sys=0.00, real=0.02 secs] 
2751.856: [GC (Allocation Failure) [PSYoungGen: 417550K->144790K(465920K)] 1169246K->896630K(1460224K), 0.0189045 secs] [Times: user=0.03 sys=0.00, real=0.02 secs] 
2753.844: [GC (Allocation Failure) [PSYoungGen: 377750K->128K(465920K)] 1129590K->753406K(1460224K), 0.0031336 secs] [Times: user=0.02 sys=0.00, real=0.01 secs] 
2754.218: [GC (Allocation Failure) [PSYoungGen: 233088K->183076K(465920K)] 986366K->936378K(1460224K), 0.0201574 secs] [Times: user=0.03 sys=0.01, real=0.02 secs] 
2754.506: [GC (Allocation Failure) [PSYoungGen: 416036K->184141K(465920K)] 1169338K->938697K(1460224K), 0.0204400 secs] [Times: user=0.03 sys=0.00, real=0.02 secs] 
2755.186: [GC (Allocation Failure) [PSYoungGen: 417101K->131374K(465920K)] 1171657K->886331K(1460224K), 0.0153967 secs] [Times: user=0.03 sys=0.00, real=0.02 secs] 
2757.164: [GC (Allocation Failure) [PSYoungGen: 364334K->20623K(465920K)] 1119291K->775760K(1460224K), 0.0067244 secs] [Times: user=0.02 sys=0.00, real=0.01 secs] 
2757.506: [GC (Allocation Failure) [PSYoungGen: 253583K->186389K(465920K)] 1008720K->942780K(1460224K), 0.0206692 secs] [Times: user=0.03 sys=0.00, real=0.02 secs] 
2757.790: [GC (Allocation Failure) [PSYoungGen: 419349K->184879K(465920K)] 1175740K->941551K(1460224K), 0.0205297 secs] [Times: user=0.03 sys=0.00, real=0.02 secs] 
2758.428: [GC (Allocation Failure) [PSYoungGen: 417839K->106954K(465920K)] 1174511K->863899K(1460224K), 0.0137253 secs] [Times: user=0.02 sys=0.00, real=0.01 secs] 
2759.323: [GC (Allocation Failure) [PSYoungGen: 339914K->45909K(465920K)] 1096859K->803176K(1460224K), 0.0063386 secs] [Times: user=0.02 sys=0.00, real=0.01 secs] 
2759.597: [GC (Allocation Failure) [PSYoungGen: 278869K->186389K(465920K)] 1036136K->944910K(1460224K), 0.0204786 secs] [Times: user=0.03 sys=0.00, real=0.02 secs] 
2759.888: [GC (Allocation Failure) [PSYoungGen: 419349K->185940K(465920K)] 1177870K->944741K(1460224K), 0.0206054 secs] [Times: user=0.03 sys=0.00, real=0.02 secs] 
2761.198: [GC (Allocation Failure) [PSYoungGen: 418900K->64143K(465920K)] 1177701K->823209K(1460224K), 0.0135914 secs] [Times: user=0.03 sys=0.00, real=0.01 secs] 
2762.905: [GC (Allocation Failure) [PSYoungGen: 297103K->71354K(465920K)] 1056169K->830738K(1460224K), 0.0102130 secs] [Times: user=0.02 sys=0.00, real=0.01 secs] 
2763.188: [GC (Allocation Failure) [PSYoungGen: 304314K->186550K(465920K)] 1063698K->947188K(1460224K), 0.0205565 secs] [Times: user=0.03 sys=0.00, real=0.02 secs] 
2763.525: [GC (Allocation Failure) [PSYoungGen: 419510K->186004K(465920K)] 1180148K->947051K(1460224K), 0.0206694 secs] [Times: user=0.03 sys=0.00, real=0.02 secs] 
2764.696: [GC (Allocation Failure) [PSYoungGen: 418964K->38551K(465920K)] 1180011K->799735K(1460224K), 0.0071221 secs] [Times: user=0.01 sys=0.00, real=0.01 secs] 
2765.448: [GC (Allocation Failure) [PSYoungGen: 271511K->98732K(465920K)] 1032695K->860238K(1460224K), 0.0116525 secs] [Times: user=0.02 sys=0.00, real=0.01 secs] 
2765.724: [GC (Allocation Failure) [PSYoungGen: 331692K->186261K(465920K)] 1093198K->949020K(1460224K), 0.0205878 secs] [Times: user=0.03 sys=0.00, real=0.02 secs] 
2766.013: [GC (Allocation Failure) [PSYoungGen: 419221K->185908K(465920K)] 1181980K->948948K(1460224K), 0.0208182 secs] [Times: user=0.03 sys=0.00, real=0.02 secs] 
2768.620: [GC (Allocation Failure) [PSYoungGen: 418868K->11496K(465920K)] 1181908K->774930K(1460224K), 0.0064330 secs] [Times: user=0.02 sys=0.00, real=0.00 secs] 
2769.533: [GC (Allocation Failure) [PSYoungGen: 244456K->125112K(465920K)] 1007890K->888738K(1460224K), 0.0144354 secs] [Times: user=0.02 sys=0.00, real=0.02 secs] 
2769.812: [GC (Allocation Failure) [PSYoungGen: 358072K->185843K(465920K)] 1121698K->950732K(1460224K), 0.0204369 secs] [Times: user=0.03 sys=0.00, real=0.02 secs] 
2770.421: [GC (Allocation Failure) [PSYoungGen: 418803K->173331K(465920K)] 1183692K->938629K(1460224K), 0.0213937 secs] [Times: user=0.03 sys=0.00, real=0.02 secs] 
2772.799: [GC (Allocation Failure) [PSYoungGen: 406291K->128K(465920K)] 1171589K->766737K(1460224K), 0.0043658 secs] [Times: user=0.02 sys=0.00, real=0.00 secs] 
2773.595: [GC (Allocation Failure) [PSYoungGen: 233088K->148114K(465920K)] 999697K->914740K(1460224K), 0.0166957 secs] [Times: user=0.02 sys=0.00, real=0.02 secs] 
2773.926: [GC (Allocation Failure) [PSYoungGen: 381074K->184333K(465920K)] 1147700K->952212K(1460224K), 0.0202687 secs] [Times: user=0.02 sys=0.00, real=0.02 secs] 
2774.651: [GC (Allocation Failure) [PSYoungGen: 417293K->158044K(465920K)] 1185172K->926196K(1460224K), 0.0229472 secs] [Times: user=0.03 sys=0.00, real=0.02 secs] 
2776.401: [GC (Allocation Failure) [PSYoungGen: 391004K->96K(465920K)] 1159156K->769683K(1460224K), 0.0029191 secs] [Times: user=0.01 sys=0.00, real=0.00 secs] 
2776.772: [GC (Allocation Failure) [PSYoungGen: 233056K->170352K(465920K)] 1002643K->939963K(1460224K), 0.0188909 secs] [Times: user=0.03 sys=0.00, real=0.02 secs] 
2777.054: [GC (Allocation Failure) [PSYoungGen: 403312K->184333K(465920K)] 1172923K->955327K(1460224K), 0.0203313 secs] [Times: user=0.03 sys=0.00, real=0.02 secs] 
2778.015: [GC (Allocation Failure) [PSYoungGen: 409799K->135761K(465920K)] 1180792K->906891K(1460224K), 0.0394218 secs] [Times: user=0.07 sys=0.00, real=0.04 secs] 
2780.971: [GC (Allocation Failure) [PSYoungGen: 368721K->1248K(465920K)] 1139851K->772677K(1460224K), 0.0055395 secs] [Times: user=0.02 sys=0.00, real=0.00 secs] 
2781.318: [GC (Allocation Failure) [PSYoungGen: 234208K->184847K(465920K)] 1005637K->957402K(1460224K), 0.0205150 secs] [Times: user=0.03 sys=0.00, real=0.02 secs] 
2781.607: [GC (Allocation Failure) [PSYoungGen: 417807K->184109K(465920K)] 1190362K->956945K(1460224K), 0.0202060 secs] [Times: user=0.03 sys=0.00, real=0.02 secs] 
2782.428: [GC (Allocation Failure) [PSYoungGen: 417069K->128546K(465920K)] 1189905K->901647K(1460224K), 0.0189989 secs] [Times: user=0.04 sys=0.00, real=0.01 secs] 
2784.563: [GC (Allocation Failure) [PSYoungGen: 361506K->23739K(465920K)] 1134607K->797164K(1460224K), 0.0060988 secs] [Times: user=0.02 sys=0.00, real=0.01 secs] 
2784.880: [GC (Allocation Failure) [PSYoungGen: 256699K->183819K(465920K)] 1030124K->958498K(1460224K), 0.0204178 secs] [Times: user=0.03 sys=0.00, real=0.02 secs] 
2785.168: [GC (Allocation Failure) [PSYoungGen: 416779K->184269K(465920K)] 1191458K->959221K(1460224K), 0.0205094 secs] [Times: user=0.02 sys=0.00, real=0.02 secs] 
2786.278: [GC (Allocation Failure) [PSYoungGen: 417229K->106922K(465920K)] 1192181K->882139K(1460224K), 0.0142162 secs] [Times: user=0.02 sys=0.00, real=0.01 secs] 
2788.472: [GC (Allocation Failure) [PSYoungGen: 339882K->45074K(465920K)] 1115099K->820607K(1460224K), 0.0089149 secs] [Times: user=0.02 sys=0.00, real=0.01 secs] 
2788.786: [GC (Allocation Failure) [PSYoungGen: 278034K->183980K(465920K)] 1053567K->960766K(1460224K), 0.0203399 secs] [Times: user=0.03 sys=0.00, real=0.02 secs] 
2789.070: [GC (Allocation Failure) [PSYoungGen: 416940K->184590K(465920K)] 1193726K->961650K(1460224K), 0.0203553 secs] [Times: user=0.02 sys=0.00, real=0.02 secs] 
2791.807: [GC (Allocation Failure) [PSYoungGen: 417550K->68818K(465920K)] 1194610K->846167K(1460224K), 0.0164021 secs] [Times: user=0.03 sys=0.00, real=0.02 secs] 
2793.663: [GC (Allocation Failure) [PSYoungGen: 301778K->66827K(465920K)] 1079127K->844499K(1460224K), 0.0099395 secs] [Times: user=0.02 sys=0.00, real=0.01 secs] 
2793.953: [GC (Allocation Failure) [PSYoungGen: 299787K->186421K(465920K)] 1077459K->965476K(1460224K), 0.0208566 secs] [Times: user=0.03 sys=0.00, real=0.02 secs] 
2794.238: [GC (Allocation Failure) [PSYoungGen: 419381K->184783K(465920K)] 1198436K->963983K(1460224K), 0.0203280 secs] [Times: user=0.03 sys=0.00, real=0.02 secs] 
2796.781: [GC (Allocation Failure) [PSYoungGen: 417743K->44318K(465920K)] 1196943K->823783K(1460224K), 0.0078128 secs] [Times: user=0.02 sys=0.00, real=0.01 secs] 
2797.887: [GC (Allocation Failure) [PSYoungGen: 277237K->91021K(465920K)] 1056701K->870785K(1460224K), 0.0110718 secs] [Times: user=0.02 sys=0.00, real=0.02 secs] 
2798.163: [GC (Allocation Failure) [PSYoungGen: 323981K->186518K(465920K)] 1103745K->967536K(1460224K), 0.0206099 secs] [Times: user=0.03 sys=0.00, real=0.02 secs] 
2798.449: [GC (Allocation Failure) [PSYoungGen: 419478K->186068K(465920K)] 1200496K->967488K(1460224K), 0.0206245 secs] [Times: user=0.03 sys=0.00, real=0.02 secs] 
2799.479: [GC (Allocation Failure) [PSYoungGen: 419028K->18790K(465920K)] 1200448K->800483K(1460224K), 0.0046324 secs] [Times: user=0.02 sys=0.00, real=0.00 secs] 
2800.086: [GC (Allocation Failure) [PSYoungGen: 251750K->117882K(465920K)] 1033443K->899768K(1460224K), 0.0136838 secs] [Times: user=0.02 sys=0.00, real=0.02 secs] 
2800.423: [GC (Allocation Failure) [PSYoungGen: 350842K->186036K(465920K)] 1132728K->969176K(1460224K), 0.0207154 secs] [Times: user=0.02 sys=0.00, real=0.02 secs] 
2800.837: [GC (Allocation Failure) [PSYoungGen: 418996K->178864K(465920K)] 1202136K->962269K(1460224K), 0.0235924 secs] [Times: user=0.04 sys=0.00, real=0.03 secs] 
2802.718: [GC (Allocation Failure) [PSYoungGen: 411824K->64K(465920K)] 1195229K->784904K(1460224K), 0.0035285 secs] [Times: user=0.01 sys=0.00, real=0.00 secs] 
2803.469: [GC (Allocation Failure) [PSYoungGen: 233024K->142077K(465920K)] 1017864K->926941K(1460224K), 0.0161229 secs] [Times: user=0.02 sys=0.00, real=0.01 secs] 
2803.748: [GC (Allocation Failure) [PSYoungGen: 375037K->184076K(465920K)] 1159901K->970194K(1460224K), 0.0203954 secs] [Times: user=0.03 sys=0.00, real=0.02 secs] 
2804.465: [GC (Allocation Failure) [PSYoungGen: 415253K->160245K(465920K)] 1201372K->946637K(1460224K), 0.0232364 secs] [Times: user=0.04 sys=0.00, real=0.03 secs] 
2806.467: [GC (Allocation Failure) [PSYoungGen: 393205K->96K(465920K)] 1179597K->787910K(1460224K), 0.0029553 secs] [Times: user=0.02 sys=0.00, real=0.01 secs] 
2806.908: [GC (Allocation Failure) [PSYoungGen: 233056K->160970K(465920K)] 1020870K->948809K(1460224K), 0.0180883 secs] [Times: user=0.02 sys=0.00, real=0.01 secs] 
2807.254: [GC (Allocation Failure) [PSYoungGen: 393930K->184847K(465920K)] 1181769K->973940K(1460224K), 0.0206304 secs] [Times: user=0.03 sys=0.00, real=0.02 secs] 
2807.726: [GC (Allocation Failure) [PSYoungGen: 417807K->144645K(465920K)] 1206900K->934003K(1460224K), 0.0188328 secs] [Times: user=0.03 sys=0.00, real=0.02 secs] 
2809.289: [GC (Allocation Failure) [PSYoungGen: 377605K->128K(465920K)] 1166963K->790925K(1460224K), 0.0046245 secs] [Times: user=0.02 sys=0.00, real=0.00 secs] 
2809.666: [GC (Allocation Failure) [PSYoungGen: 233088K->183750K(465920K)] 1023885K->974588K(1460224K), 0.0202265 secs] [Times: user=0.03 sys=0.00, real=0.02 secs] 
2809.950: [GC (Allocation Failure) [PSYoungGen: 416710K->184430K(465920K)] 1207548K->976521K(1460224K), 0.0206071 secs] [Times: user=0.03 sys=0.00, real=0.02 secs] 
2810.490: [GC (Allocation Failure) [PSYoungGen: 417390K->130474K(465920K)] 1209481K->922830K(1460224K), 0.0154140 secs] [Times: user=0.03 sys=0.00, real=0.01 secs] 
2812.387: [GC (Allocation Failure) [PSYoungGen: 363434K->21683K(465920K)] 1155790K->814355K(1460224K), 0.0057272 secs] [Times: user=0.02 sys=0.00, real=0.01 secs] 
2812.693: [GC (Allocation Failure) [PSYoungGen: 254643K->184076K(465920K)] 1047315K->978002K(1460224K), 0.0204072 secs] [Times: user=0.03 sys=0.00, real=0.02 secs] 
2812.976: [GC (Allocation Failure) [PSYoungGen: 417036K->183948K(465920K)] 1210962K->978154K(1460224K), 0.0204179 secs] [Times: user=0.03 sys=0.00, real=0.02 secs] 
2813.684: [GC (Allocation Failure) [PSYoungGen: 416908K->109139K(465920K)] 1211114K->903619K(1460224K), 0.0136418 secs] [Times: user=0.02 sys=0.00, real=0.02 secs] 
2815.146: [GC (Allocation Failure) [PSYoungGen: 342099K->43307K(465920K)] 1136579K->838108K(1460224K), 0.0062097 secs] [Times: user=0.01 sys=0.00, real=0.01 secs] 
2815.417: [GC (Allocation Failure) [PSYoungGen: 276267K->186389K(465920K)] 1071068K->982437K(1460224K), 0.0205401 secs] [Times: user=0.03 sys=0.00, real=0.02 secs] 
2815.707: [GC (Allocation Failure) [PSYoungGen: 419349K->184783K(465920K)] 1215397K->981103K(1460224K), 0.0204548 secs] [Times: user=0.03 sys=0.00, real=0.02 secs] 
2816.426: [GC (Allocation Failure) [PSYoungGen: 417743K->67918K(465920K)] 1214063K->864511K(1460224K), 0.0098354 secs] [Times: user=0.02 sys=0.00, real=0.01 secs] 
2817.652: [GC (Allocation Failure) [PSYoungGen: 300878K->67469K(465920K)] 1097471K->864378K(1460224K), 0.0085607 secs] [Times: user=0.02 sys=0.00, real=0.01 secs] 
2817.926: [GC (Allocation Failure) [PSYoungGen: 300429K->186389K(465920K)] 1097338K->984552K(1460224K), 0.0207504 secs] [Times: user=0.03 sys=0.00, real=0.02 secs] 
2818.211: [GC (Allocation Failure) [PSYoungGen: 419349K->184879K(465920K)] 1217512K->983323K(1460224K), 0.0204673 secs] [Times: user=0.02 sys=0.00, real=0.02 secs] 
2819.004: [GC (Allocation Failure) [PSYoungGen: 417839K->43724K(465920K)] 1216283K->842433K(1460224K), 0.0062607 secs] [Times: user=0.02 sys=0.00, real=0.01 secs] 
2819.891: [GC (Allocation Failure) [PSYoungGen: 276600K->92049K(465920K)] 1075309K->891067K(1460224K), 0.0111176 secs] [Times: user=0.02 sys=0.00, real=0.01 secs] 
2820.164: [GC (Allocation Failure) [PSYoungGen: 325009K->183948K(465920K)] 1124027K->984227K(1460224K), 0.0204523 secs] [Times: user=0.03 sys=0.00, real=0.02 secs] 
2820.447: [GC (Allocation Failure) [PSYoungGen: 416908K->184398K(465920K)] 1217187K->984958K(1460224K), 0.0203870 secs] [Times: user=0.03 sys=0.00, real=0.03 secs] 
2821.486: [GC (Allocation Failure) [PSYoungGen: 417358K->22035K(465920K)] 1217918K->822861K(1460224K), 0.0074475 secs] [Times: user=0.02 sys=0.00, real=0.01 secs] 
2822.058: [GC (Allocation Failure) [PSYoungGen: 254995K->114412K(465920K)] 1055821K->915559K(1460224K), 0.0133161 secs] [Times: user=0.02 sys=0.00, real=0.01 secs] 
2822.335: [GC (Allocation Failure) [PSYoungGen: 347372K->184205K(465920K)] 1148519K->986597K(1460224K), 0.0203988 secs] [Times: user=0.03 sys=0.00, real=0.02 secs] 
2822.617: [GC (Allocation Failure) [PSYoungGen: 417165K->182373K(465920K)] 1219557K->985039K(1460224K), 0.0202581 secs] [Times: user=0.03 sys=0.00, real=0.03 secs] 
2824.042: [GC (Allocation Failure) [PSYoungGen: 415333K->1376K(465920K)] 1217999K->804202K(1460224K), 0.0034317 secs] [Times: user=0.02 sys=0.00, real=0.00 secs] 
2824.544: [GC (Allocation Failure) [PSYoungGen: 234336K->135104K(465920K)] 1037162K->938124K(1460224K), 0.0154773 secs] [Times: user=0.02 sys=0.00, real=0.02 secs] 
2824.880: [GC (Allocation Failure) [PSYoungGen: 368064K->183980K(465920K)] 1171084K->988253K(1460224K), 0.0203635 secs] [Times: user=0.02 sys=0.00, real=0.02 secs] 
2825.402: [GC (Allocation Failure) [PSYoungGen: 416940K->167282K(465920K)] 1221213K->971949K(1460224K), 0.0252288 secs] [Times: user=0.03 sys=0.00, real=0.02 secs] 
2828.049: [GC (Allocation Failure) [PSYoungGen: 400242K->96K(465920K)] 1204909K->806069K(1460224K), 0.0042904 secs] [Times: user=0.02 sys=0.00, real=0.00 secs] 
2828.720: [GC (Allocation Failure) [PSYoungGen: 233056K->156758K(465920K)] 1039029K->962755K(1460224K), 0.0175946 secs] [Times: user=0.03 sys=0.00, real=0.01 secs] 
2829.005: [GC (Allocation Failure) [PSYoungGen: 389718K->184462K(465920K)] 1195715K->991713K(1460224K), 0.0204468 secs] [Times: user=0.02 sys=0.00, real=0.02 secs] 
2829.693: [GC (Allocation Failure) [PSYoungGen: 417422K->149272K(465920K)] 1224673K->956789K(1460224K), 0.0214509 secs] [Times: user=0.03 sys=0.00, real=0.02 secs] 
2831.702: [GC (Allocation Failure) [PSYoungGen: 382232K->96K(465920K)] 1189749K->809056K(1460224K), 0.0030802 secs] [Times: user=0.01 sys=0.00, real=0.00 secs] 
2832.198: [GC (Allocation Failure) [PSYoungGen: 233056K->178609K(465920K)] 1042016K->987602K(1460224K), 0.0199914 secs] [Times: user=0.03 sys=0.00, real=0.02 secs] 
2832.486: [GC (Allocation Failure) [PSYoungGen: 411569K->184462K(465920K)] 1220562K->994708K(1460224K), 0.0207822 secs] [Times: user=0.03 sys=0.00, real=0.02 secs] 
2833.381: [GC (Allocation Failure) [PSYoungGen: 417422K->135615K(465920K)] 1227668K->946126K(1460224K), 0.0290978 secs] [Times: user=0.05 sys=0.00, real=0.03 secs] 
2835.410: [GC (Allocation Failure) [PSYoungGen: 368523K->16957K(465920K)] 1179034K->827767K(1460224K), 0.0052034 secs] [Times: user=0.02 sys=0.00, real=0.00 secs] 
2835.713: [GC (Allocation Failure) [PSYoungGen: 249917K->183948K(465920K)] 1060727K->996012K(1460224K), 0.0203710 secs] [Times: user=0.03 sys=0.00, real=0.02 secs] 
2836.056: [GC (Allocation Failure) [PSYoungGen: 416908K->184462K(465920K)] 1228972K->996799K(1460224K), 0.0206980 secs] [Times: user=0.03 sys=0.00, real=0.02 secs] 
2837.098: [GC (Allocation Failure) [PSYoungGen: 417422K->113509K(465920K)] 1229759K->926111K(1460224K), 0.0142996 secs] [Times: user=0.03 sys=0.00, real=0.01 secs] 
2838.376: [GC (Allocation Failure) [PSYoungGen: 346469K->39065K(465920K)] 1159071K->851964K(1460224K), 0.0058711 secs] [Times: user=0.01 sys=0.00, real=0.01 secs] 
2838.645: [GC (Allocation Failure) [PSYoungGen: 272025K->184847K(465920K)] 1084924K->998999K(1460224K), 0.0203839 secs] [Times: user=0.03 sys=0.00, real=0.02 secs] 
2838.928: [GC (Allocation Failure) [PSYoungGen: 417807K->183690K(465920K)] 1231959K->998116K(1460224K), 0.0203545 secs] [Times: user=0.03 sys=0.00, real=0.02 secs] 
2839.743: [GC (Allocation Failure) [PSYoungGen: 416650K->74826K(465920K)] 1231076K->889517K(1460224K), 0.0114182 secs] [Times: user=0.02 sys=0.00, real=0.01 secs] 
2841.265: [GC (Allocation Failure) [PSYoungGen: 307786K->60914K(465920K)] 1122477K->875918K(1460224K), 0.0079967 secs] [Times: user=0.01 sys=0.00, real=0.01 secs] 
2841.596: [GC (Allocation Failure) [PSYoungGen: 293874K->184622K(465920K)] 1108878K->1000880K(1460224K), 0.0205546 secs] [Times: user=0.03 sys=0.00, real=0.02 secs] 
2841.935: [GC (Allocation Failure) [PSYoungGen: 417582K->183626K(465920K)] 1233840K->1000165K(1460224K), 0.0205062 secs] [Times: user=0.03 sys=0.00, real=0.02 secs] 
2843.736: [GC (Allocation Failure) [PSYoungGen: 416586K->53266K(465920K)] 1233125K->870070K(1460224K), 0.0192627 secs] [Times: user=0.04 sys=0.00, real=0.02 secs] 
2845.484: [GC (Allocation Failure) [PSYoungGen: 286226K->82635K(465920K)] 1103030K->899738K(1460224K), 0.0114915 secs] [Times: user=0.02 sys=0.00, real=0.01 secs] 
2845.765: [GC (Allocation Failure) [PSYoungGen: 315595K->184205K(465920K)] 1132698K->1002561K(1460224K), 0.0203899 secs] [Times: user=0.03 sys=0.00, real=0.02 secs] 
2846.049: [GC (Allocation Failure) [PSYoungGen: 417165K->184494K(465920K)] 1235521K->1003124K(1460224K), 0.0206908 secs] [Times: user=0.03 sys=0.00, real=0.02 secs] 
2847.914: [GC (Allocation Failure) [PSYoungGen: 417454K->31128K(465920K)] 1236084K->850152K(1460224K), 0.0064979 secs] [Times: user=0.02 sys=0.00, real=0.01 secs] 
2848.528: [GC (Allocation Failure) [PSYoungGen: 264088K->105287K(465920K)] 1083112K->924499K(1460224K), 0.0124227 secs] [Times: user=0.02 sys=0.00, real=0.01 secs] 
2848.802: [GC (Allocation Failure) [PSYoungGen: 338247K->183948K(465920K)] 1157459K->1004413K(1460224K), 0.0205829 secs] [Times: user=0.02 sys=0.00, real=0.02 secs] 
2849.146: [GC (Allocation Failure) [PSYoungGen: 416908K->184430K(465920K)] 1237373K->1005168K(1460224K), 0.0204726 secs] [Times: user=0.03 sys=0.00, real=0.02 secs] 
2851.339: [GC (Allocation Failure) [PSYoungGen: 417390K->8797K(465920K)] 1238128K->829817K(1460224K), 0.0042065 secs] [Times: user=0.02 sys=0.00, real=0.00 secs] 
2852.294: [GC (Allocation Failure) [PSYoungGen: 241757K->127168K(465920K)] 1062777K->948497K(1460224K), 0.0157091 secs] [Times: user=0.03 sys=0.00, real=0.02 secs] 
2852.666: [GC (Allocation Failure) [PSYoungGen: 360128K->184205K(465920K)] 1181457K->1006779K(1460224K), 0.0204509 secs] [Times: user=0.03 sys=0.00, real=0.02 secs] 
2853.281: [GC (Allocation Failure) [PSYoungGen: 417165K->171921K(465920K)] 1239739K->994641K(1460224K), 0.0237485 secs] [Times: user=0.04 sys=0.00, real=0.02 secs] 
2855.455: [GC (Allocation Failure) [PSYoungGen: 404881K->96K(465920K)] 1227601K->824268K(1460224K), 0.0042737 secs] [Times: user=0.02 sys=0.00, real=0.01 secs] 
2856.284: [GC (Allocation Failure) [PSYoungGen: 233056K->147764K(465920K)] 1057228K->971953K(1460224K), 0.0167304 secs] [Times: user=0.03 sys=0.00, real=0.02 secs] 
2856.624: [GC (Allocation Failure) [PSYoungGen: 380724K->184333K(465920K)] 1204913K->1009904K(1460224K), 0.0206346 secs] [Times: user=0.03 sys=0.00, real=0.02 secs] 
2857.297: [GC (Allocation Failure) [PSYoungGen: 417293K->158397K(465920K)] 1242864K->984113K(1460224K), 0.0271477 secs] [Times: user=0.04 sys=0.00, real=0.03 secs] 
2859.971: [GC (Allocation Failure) [PSYoungGen: 391357K->64K(465920K)] 1217073K->827217K(1460224K), 0.0046950 secs] [Times: user=0.03 sys=0.00, real=0.00 secs] 
2860.596: [GC (Allocation Failure) [PSYoungGen: 233024K->169452K(465920K)] 1060177K->996637K(1460224K), 0.0187838 secs] [Times: user=0.03 sys=0.00, real=0.02 secs] 
2860.883: [GC (Allocation Failure) [PSYoungGen: 402412K->184462K(465920K)] 1229597K->1012901K(1460224K), 0.0205701 secs] [Times: user=0.03 sys=0.00, real=0.02 secs] 
2861.400: [GC (Allocation Failure) [PSYoungGen: 410987K->136548K(465920K)] 1239426K->965260K(1460224K), 0.0169051 secs] [Times: user=0.03 sys=0.00, real=0.01 secs] 
2863.005: [GC (Allocation Failure) [PSYoungGen: 369508K->1312K(465920K)] 1198220K->830324K(1460224K), 0.0027532 secs] [Times: user=0.02 sys=0.00, real=0.01 secs] 
2863.298: [GC (Allocation Failure) [PSYoungGen: 234272K->184847K(465920K)] 1063284K->1015113K(1460224K), 0.0205577 secs] [Times: user=0.03 sys=0.00, real=0.02 secs] 
2863.588: [GC (Allocation Failure) [PSYoungGen: 417807K->184655K(465920K)] 1248073K->1015322K(1460224K), 0.0205287 secs] [Times: user=0.03 sys=0.00, real=0.02 secs] 
2864.158: [GC (Allocation Failure) [PSYoungGen: 417615K->127920K(465920K)] 1248282K->958723K(1460224K), 0.0150056 secs] [Times: user=0.02 sys=0.00, real=0.01 secs] 
2865.569: [GC (Allocation Failure) [PSYoungGen: 360880K->24992K(465920K)] 1191683K->856104K(1460224K), 0.0060731 secs] [Times: user=0.01 sys=0.00, real=0.00 secs] 
2865.878: [GC (Allocation Failure) [PSYoungGen: 257952K->186518K(465920K)] 1089064K->1019012K(1460224K), 0.0206628 secs] [Times: user=0.03 sys=0.00, real=0.02 secs] 
2866.240: [GC (Allocation Failure) [PSYoungGen: 419478K->186068K(465920K)] 1251972K->1018843K(1460224K), 0.0209079 secs] [Times: user=0.03 sys=0.00, real=0.02 secs] 
2868.418: [GC (Allocation Failure) [PSYoungGen: 419028K->84675K(465920K)] 1251803K->917715K(1460224K), 0.0251026 secs] [Times: user=0.05 sys=0.01, real=0.02 secs] 
2869.929: [GC (Allocation Failure) [PSYoungGen: 317635K->51950K(465920K)] 1150675K->885183K(1460224K), 0.0070722 secs] [Times: user=0.01 sys=0.00, real=0.00 secs] 
2870.260: [GC (Allocation Failure) [PSYoungGen: 284910K->185747K(465920K)] 1118143K->1020234K(1460224K), 0.0205306 secs] [Times: user=0.03 sys=0.00, real=0.02 secs] 
2870.544: [GC (Allocation Failure) [PSYoungGen: 418707K->185875K(465920K)] 1253194K->1020643K(1460224K), 0.0204865 secs] [Times: user=0.03 sys=0.00, real=0.02 secs] 
2871.739: [GC (Allocation Failure) [PSYoungGen: 418835K->58874K(465920K)] 1253603K->893906K(1460224K), 0.0132046 secs] [Times: user=0.02 sys=0.00, real=0.01 secs] 
2873.421: [GC (Allocation Failure) [PSYoungGen: 291834K->77076K(465920K)] 1126866K->912425K(1460224K), 0.0109209 secs] [Times: user=0.02 sys=0.00, real=0.01 secs] 
2873.706: [GC (Allocation Failure) [PSYoungGen: 310036K->186357K(465920K)] 1145385K->1023081K(1460224K), 0.0209423 secs] [Times: user=0.03 sys=0.00, real=0.02 secs] 
2873.992: [GC (Allocation Failure) [PSYoungGen: 419317K->186068K(465920K)] 1256041K->1022936K(1460224K), 0.0206175 secs] [Times: user=0.03 sys=0.00, real=0.02 secs] 
2876.359: [GC (Allocation Failure) [PSYoungGen: 419028K->32735K(465920K)] 1255896K->869997K(1460224K), 0.0100477 secs] [Times: user=0.03 sys=0.00, real=0.01 secs] 
2877.515: [GC (Allocation Failure) [PSYoungGen: 265695K->104127K(465920K)] 1102957K->941578K(1460224K), 0.0122946 secs] [Times: user=0.02 sys=0.00, real=0.02 secs] 
2877.849: [GC (Allocation Failure) [PSYoungGen: 337087K->185715K(465920K)] 1174538K->1024411K(1460224K), 0.0207096 secs] [Times: user=0.03 sys=0.00, real=0.02 secs] 
2878.190: [GC (Allocation Failure) [PSYoungGen: 418675K->184462K(465920K)] 1257371K->1023439K(1460224K), 0.0205263 secs] [Times: user=0.03 sys=0.00, real=0.02 secs] 
2882.201: [GC (Allocation Failure) [PSYoungGen: 417422K->8091K(465920K)] 1256399K->847461K(1460224K), 0.0072995 secs] [Times: user=0.03 sys=0.00, real=0.01 secs] 
2882.813: [GC (Allocation Failure) [PSYoungGen: 241051K->128036K(465920K)] 1080421K->967604K(1460224K), 0.0146753 secs] [Times: user=0.02 sys=0.00, real=0.02 secs] 
2883.149: [GC (Allocation Failure) [PSYoungGen: 360996K->184462K(465920K)] 1200564K->1025283K(1460224K), 0.0205588 secs] [Times: user=0.03 sys=0.00, real=0.02 secs] 
2883.533: [GC (Allocation Failure) [PSYoungGen: 417422K->173869K(465920K)] 1258243K->1014964K(1460224K), 0.0236326 secs] [Times: user=0.04 sys=0.00, real=0.02 secs] 
2884.615: [GC (Allocation Failure) [PSYoungGen: 406829K->96K(465920K)] 1247924K->842634K(1460224K), 0.0074739 secs] [Times: user=0.02 sys=0.02, real=0.01 secs] 
2885.059: [GC (Allocation Failure) [PSYoungGen: 233056K->151812K(465920K)] 1075594K->994367K(1460224K), 0.0170655 secs] [Times: user=0.03 sys=0.00, real=0.01 secs] 
2885.342: [GC (Allocation Failure) [PSYoungGen: 384772K->186518K(465920K)] 1227327K->1030318K(1460224K), 0.0206637 secs] [Times: user=0.03 sys=0.00, real=0.02 secs] 
2885.792: [GC (Allocation Failure) [PSYoungGen: 419478K->152068K(465920K)] 1263278K->996133K(1460224K), 0.0181385 secs] [Times: user=0.03 sys=0.00, real=0.02 secs] 
2887.347: [GC (Allocation Failure) [PSYoungGen: 385028K->96K(465920K)] 1229093K->845616K(1460224K), 0.0027613 secs] [Times: user=0.01 sys=0.00, real=0.01 secs] 
2887.693: [GC (Allocation Failure) [PSYoungGen: 233056K->177710K(465920K)] 1078576K->1023247K(1460224K), 0.0197058 secs] [Times: user=0.03 sys=0.00, real=0.02 secs] 
2888.043: [GC (Allocation Failure) [PSYoungGen: 410670K->186293K(465920K)] 1256207K->1033076K(1460224K), 0.0206607 secs] [Times: user=0.02 sys=0.00, real=0.02 secs] 
2888.917: [GC (Allocation Failure) [PSYoungGen: 419253K->134747K(465920K)] 1266036K->981803K(1460224K), 0.0211506 secs] [Times: user=0.04 sys=0.00, real=0.03 secs] 
2890.247: [GC (Allocation Failure) [PSYoungGen: 367707K->19144K(465920K)] 1214763K->866524K(1460224K), 0.0046980 secs] [Times: user=0.02 sys=0.00, real=0.01 secs] 
2890.525: [GC (Allocation Failure) [PSYoungGen: 252104K->185747K(465920K)] 1099484K->1034380K(1460224K), 0.0207500 secs] [Times: user=0.03 sys=0.00, real=0.02 secs] 
2890.809: [GC (Allocation Failure) [PSYoungGen: 418707K->184430K(465920K)] 1267340K->1033344K(1460224K), 0.0207150 secs] [Times: user=0.03 sys=0.00, real=0.02 secs] 
2892.291: [GC (Allocation Failure) [PSYoungGen: 417390K->109557K(465920K)] 1266304K->958873K(1460224K), 0.0242020 secs] [Times: user=0.04 sys=0.00, real=0.02 secs] 
2893.959: [GC (Allocation Failure) [PSYoungGen: 342517K->43789K(465920K)] 1191833K->893282K(1460224K), 0.0097482 secs] [Times: user=0.02 sys=0.00, real=0.01 secs] 
2894.370: [GC (Allocation Failure) [PSYoungGen: 276749K->186357K(465920K)] 1126242K->1037104K(1460224K), 0.0211835 secs] [Times: user=0.03 sys=0.00, real=0.02 secs] 
2894.656: [GC (Allocation Failure) [PSYoungGen: 419317K->185972K(465920K)] 1270064K->1037000K(1460224K), 0.0207259 secs] [Times: user=0.03 sys=0.00, real=0.02 secs] 
2896.186: [GC (Allocation Failure) [PSYoungGen: 418932K->66183K(465920K)] 1269960K->917476K(1460224K), 0.0142453 secs] [Times: user=0.03 sys=0.00, real=0.02 secs] 
2897.138: [GC (Allocation Failure) [PSYoungGen: 299143K->70554K(465920K)] 1150436K->922171K(1460224K), 0.0103226 secs] [Times: user=0.02 sys=0.00, real=0.01 secs] 
2897.492: [GC (Allocation Failure) [PSYoungGen: 303514K->184462K(465920K)] 1155131K->1037332K(1460224K), 0.0206756 secs] [Times: user=0.03 sys=0.00, real=0.02 secs] 
2897.779: [GC (Allocation Failure) [PSYoungGen: 417422K->186389K(465920K)] 1270292K->1039541K(1460224K), 0.0208038 secs] [Times: user=0.03 sys=0.00, real=0.02 secs] 
2899.229: [GC (Allocation Failure) [PSYoungGen: 419349K->41025K(465920K)] 1272501K->894441K(1460224K), 0.0082447 secs] [Times: user=0.02 sys=0.00, real=0.00 secs] 
2899.971: [GC (Allocation Failure) [PSYoungGen: 273985K->95648K(465920K)] 1127401K->949388K(1460224K), 0.0115100 secs] [Times: user=0.02 sys=0.00, real=0.01 secs] 
2900.248: [GC (Allocation Failure) [PSYoungGen: 328608K->186293K(465920K)] 1182348K->1041287K(1460224K), 0.0208950 secs] [Times: user=0.02 sys=0.00, real=0.02 secs] 
2900.532: [GC (Allocation Failure) [PSYoungGen: 419253K->184430K(465920K)] 1274247K->1039697K(1460224K), 0.0204690 secs] [Times: user=0.03 sys=0.01, real=0.02 secs] 
2903.437: [GC (Allocation Failure) [PSYoungGen: 417390K->16075K(465920K)] 1272657K->871608K(1460224K), 0.0064688 secs] [Times: user=0.02 sys=0.00, real=0.01 secs] 
2904.102: [GC (Allocation Failure) [PSYoungGen: 249035K->119425K(465920K)] 1104568K->975281K(1460224K), 0.0138649 secs] [Times: user=0.02 sys=0.00, real=0.01 secs] 
2904.378: [GC (Allocation Failure) [PSYoungGen: 352385K->184205K(465920K)] 1208241K->1041435K(1460224K), 0.0207317 secs] [Times: user=0.03 sys=0.00, real=0.02 secs] 
2904.830: [GC (Allocation Failure) [PSYoungGen: 417165K->179697K(465920K)] 1274395K->1037201K(1460224K), 0.0224796 secs] [Times: user=0.03 sys=0.00, real=0.02 secs] 
2907.800: [GC (Allocation Failure) [PSYoungGen: 412657K->128K(465920K)] 1270161K->858946K(1460224K), 0.0037507 secs] [Times: user=0.02 sys=0.00, real=0.00 secs] 
2908.729: [GC (Allocation Failure) [PSYoungGen: 233088K->142331K(465920K)] 1091906K->1001174K(1460224K), 0.0162190 secs] [Times: user=0.03 sys=0.00, real=0.01 secs] 
2909.009: [GC (Allocation Failure) [PSYoungGen: 375291K->184687K(465920K)] 1234134K->1044783K(1460224K), 0.0204971 secs] [Times: user=0.02 sys=0.00, real=0.02 secs] 
2909.462: [GC (Allocation Failure) [PSYoungGen: 417647K->163442K(465920K)] 1277743K->1023803K(1460224K), 0.0201987 secs] [Times: user=0.03 sys=0.00, real=0.02 secs] 
2911.558: [GC (Allocation Failure) [PSYoungGen: 396402K->96K(465920K)] 1256763K->861893K(1460224K), 0.0056079 secs] [Times: user=0.03 sys=0.00, real=0.00 secs] 
2912.306: [GC (Allocation Failure) [PSYoungGen: 233056K->167364K(465920K)] 1094853K->1029185K(1460224K), 0.0186745 secs] [Times: user=0.03 sys=0.00, real=0.02 secs] 
2912.590: [GC (Allocation Failure) [PSYoungGen: 400324K->186229K(465920K)] 1262145K->1049424K(1460224K), 0.0219923 secs] [Times: user=0.03 sys=0.00, real=0.02 secs] 
2913.102: [GC (Allocation Failure) [PSYoungGen: 411978K->136805K(465920K)] 1275174K->1000274K(1460224K), 0.0150397 secs] [Times: user=0.02 sys=0.00, real=0.01 secs] 
2914.583: [GC (Allocation Failure) [PSYoungGen: 369765K->96K(465920K)] 1233234K->863743K(1460224K), 0.0024740 secs] [Times: user=0.02 sys=0.00, real=0.00 secs] 
2914.852: [GC (Allocation Failure) [PSYoungGen: 233056K->184521K(465920K)] 1096703K->1048201K(1460224K), 0.0203310 secs] [Times: user=0.03 sys=0.00, real=0.02 secs] 
2915.138: [GC (Allocation Failure) [PSYoungGen: 417481K->186229K(465920K)] 1281161K->1051154K(1460224K), 0.0208075 secs] [Times: user=0.03 sys=0.00, real=0.02 secs] 
2915.709: [GC (Allocation Failure) [PSYoungGen: 419189K->127936K(465920K)] 1284114K->993134K(1460224K), 0.0156381 secs] [Times: user=0.02 sys=0.00, real=0.01 secs] 
2916.851: [GC (Allocation Failure) [PSYoungGen: 360787K->25182K(465920K)] 1225986K->890696K(1460224K), 0.0044636 secs] [Times: user=0.01 sys=0.00, real=0.00 secs] 
2917.118: [GC (Allocation Failure) [PSYoungGen: 258142K->183690K(465920K)] 1123656K->1050458K(1460224K), 0.0204485 secs] [Times: user=0.03 sys=0.00, real=0.02 secs] 
2917.406: [GC (Allocation Failure) [PSYoungGen: 416650K->184301K(465920K)] 1283418K->1051342K(1460224K), 0.0206858 secs] [Times: user=0.03 sys=0.00, real=0.02 secs] 
2918.062: [GC (Allocation Failure) [PSYoungGen: 417261K->105701K(465920K)] 1284302K->973007K(1460224K), 0.0134057 secs] [Times: user=0.03 sys=0.00, real=0.01 secs] 
2919.051: [GC (Allocation Failure) [PSYoungGen: 338661K->47063K(465920K)] 1205967K->914677K(1460224K), 0.0066953 secs] [Times: user=0.02 sys=0.00, real=0.01 secs] 
2919.321: [GC (Allocation Failure) [PSYoungGen: 280023K->184815K(465920K)] 1147637K->1053683K(1460224K), 0.0220469 secs] [Times: user=0.04 sys=0.00, real=0.02 secs] 
2919.609: [GC (Allocation Failure) [PSYoungGen: 417775K->184880K(465920K)] 1286643K->1054021K(1460224K), 0.0205247 secs] [Times: user=0.03 sys=0.00, real=0.02 secs] 
2920.936: [GC (Allocation Failure) [PSYoungGen: 417840K->65605K(465920K)] 1286981K->935011K(1460224K), 0.0109591 secs] [Times: user=0.03 sys=0.00, real=0.01 secs] 
2922.507: [GC (Allocation Failure) [PSYoungGen: 298565K->70233K(465920K)] 1167971K->939946K(1460224K), 0.0108201 secs] [Times: user=0.02 sys=0.00, real=0.02 secs] 
2922.797: [GC (Allocation Failure) [PSYoungGen: 303193K->186421K(465920K)] 1172906K->1057509K(1460224K), 0.0210221 secs] [Times: user=0.03 sys=0.00, real=0.03 secs] 
2923.088: [GC (Allocation Failure) [PSYoungGen: 419381K->186164K(465920K)] 1290469K->1057405K(1460224K), 0.0207864 secs] [Times: user=0.03 sys=0.00, real=0.02 secs] 
2925.670: [GC (Allocation Failure) [PSYoungGen: 419124K->39595K(465920K)] 1290365K->911100K(1460224K), 0.0102209 secs] [Times: user=0.02 sys=0.00, real=0.01 secs] 
2926.883: [GC (Allocation Failure) [PSYoungGen: 272431K->96419K(465920K)] 1143936K->968238K(1460224K), 0.0116260 secs] [Times: user=0.02 sys=0.00, real=0.01 secs] 
2927.159: [GC (Allocation Failure) [PSYoungGen: 329379K->184815K(465920K)] 1201198K->1057888K(1460224K), 0.0207631 secs] [Times: user=0.02 sys=0.00, real=0.02 secs] 
2927.499: [GC (Allocation Failure) [PSYoungGen: 417775K->184205K(465920K)] 1290848K->1057550K(1460224K), 0.0204606 secs] [Times: user=0.03 sys=0.00, real=0.02 secs] 
2930.310: [GC (Allocation Failure) [PSYoungGen: 417165K->16991K(465920K)] 1290510K->890602K(1460224K), 0.0104536 secs] [Times: user=0.04 sys=0.00, real=0.01 secs] 
2931.679: [GC (Allocation Failure) [PSYoungGen: 249951K->118811K(465920K)] 1123562K->992739K(1460224K), 0.0141383 secs] [Times: user=0.03 sys=0.00, real=0.01 secs] 
2931.955: [GC (Allocation Failure) [PSYoungGen: 351771K->184205K(465920K)] 1225699K->1059379K(1460224K), 0.0209590 secs] [Times: user=0.03 sys=0.00, real=0.02 secs] 
2932.398: [GC (Allocation Failure) [PSYoungGen: 417165K->180307K(465920K)] 1292339K->1055747K(1460224K), 0.0237266 secs] [Times: user=0.04 sys=0.00, real=0.02 secs] 
2933.654: [GC (Allocation Failure) [PSYoungGen: 413267K->96K(465920K)] 1288707K->876977K(1460224K), 0.0050624 secs] [Times: user=0.02 sys=0.01, real=0.01 secs] 
2934.273: [GC (Allocation Failure) [PSYoungGen: 233056K->140596K(465920K)] 1109937K->1017493K(1460224K), 0.0160920 secs] [Times: user=0.03 sys=0.00, real=0.02 secs] 
2934.563: [GC (Allocation Failure) [PSYoungGen: 373556K->184333K(465920K)] 1250453K->1062484K(1460224K), 0.0206484 secs] [Times: user=0.03 sys=0.00, real=0.02 secs] 
2934.963: [GC (Allocation Failure) [PSYoungGen: 416695K->161402K(465920K)] 1294846K->1039826K(1460224K), 0.0194762 secs] [Times: user=0.03 sys=0.00, real=0.02 secs] 
2936.816: [GC (Allocation Failure) [PSYoungGen: 394362K->96K(465920K)] 1272786K->879968K(1460224K), 0.0033065 secs] [Times: user=0.02 sys=0.00, real=0.01 secs] 
2937.358: [GC (Allocation Failure) [PSYoungGen: 233056K->160841K(465920K)] 1112928K->1040737K(1460224K), 0.0180217 secs] [Times: user=0.02 sys=0.00, real=0.01 secs] 
2937.692: [GC (Allocation Failure) [PSYoungGen: 393801K->184719K(465920K)] 1273697K->1065860K(1460224K), 0.0209360 secs] [Times: user=0.03 sys=0.00, real=0.02 secs] 
2938.609: [GC (Allocation Failure) [PSYoungGen: 417679K->144934K(465920K)] 1298820K->1026341K(1460224K), 0.0208598 secs] [Times: user=0.04 sys=0.00, real=0.02 secs] 
2940.954: [GC (Allocation Failure) [PSYoungGen: 377894K->96K(465920K)] 1259301K->882946K(1460224K), 0.0057098 secs] [Times: user=0.02 sys=0.01, real=0.01 secs] 
2941.331: [GC (Allocation Failure) [PSYoungGen: 233056K->183076K(465920K)] 1115906K->1065958K(1460224K), 0.0203965 secs] [Times: user=0.03 sys=0.00, real=0.02 secs] 
2941.672: [GC (Allocation Failure) [PSYoungGen: 416036K->184076K(465920K)] 1298918K->1068204K(1460224K), 0.0206719 secs] [Times: user=0.03 sys=0.00, real=0.02 secs] 
2942.843: [GC (Allocation Failure) [PSYoungGen: 417036K->131486K(465920K)] 1301164K->1015880K(1460224K), 0.0359076 secs] [Times: user=0.07 sys=0.01, real=0.04 secs] 
2945.123: [GC (Allocation Failure) [PSYoungGen: 364446K->20877K(465920K)] 1248840K->905588K(1460224K), 0.0073233 secs] [Times: user=0.02 sys=0.00, real=0.01 secs] 
2945.466: [GC (Allocation Failure) [PSYoungGen: 253837K->186357K(465920K)] 1138548K->1072442K(1460224K), 0.0210012 secs] [Times: user=0.03 sys=0.00, real=0.02 secs] 
2945.752: [GC (Allocation Failure) [PSYoungGen: 419317K->186132K(465920K)] 1305402K->1072370K(1460224K), 0.0206529 secs] [Times: user=0.03 sys=0.00, real=0.02 secs] 
2946.465: [GC (Allocation Failure) [PSYoungGen: 419092K->105412K(465920K)] 1305330K->992051K(1460224K), 0.0132953 secs] [Times: user=0.02 sys=0.00, real=0.02 secs] 
2948.014: [GC (Allocation Failure) [PSYoungGen: 338372K->47545K(465920K)] 1225011K->934369K(1460224K), 0.0088324 secs] [Times: user=0.02 sys=0.00, real=0.01 secs] 
2948.315: [GC (Allocation Failure) [PSYoungGen: 280505K->186132K(465920K)] 1167329K->1074202K(1460224K), 0.0208954 secs] [Times: user=0.03 sys=0.00, real=0.02 secs] 
2948.602: [GC (Allocation Failure) [PSYoungGen: 419092K->185843K(465920K)] 1307162K->1074186K(1460224K), 0.0206715 secs] [Times: user=0.03 sys=0.00, real=0.02 secs] 
2949.537: [GC (Allocation Failure) [PSYoungGen: 418803K->62874K(465920K)] 1307146K->951482K(1460224K), 0.0163520 secs] [Times: user=0.03 sys=0.00, real=0.02 secs] 
2951.809: [GC (Allocation Failure) [PSYoungGen: 295834K->73478K(465920K)] 1184442K->962410K(1460224K), 0.0110784 secs] [Times: user=0.02 sys=0.00, real=0.01 secs] 
2952.094: [GC (Allocation Failure) [PSYoungGen: 306438K->184333K(465920K)] 1195370K->1074519K(1460224K), 0.0204641 secs] [Times: user=0.03 sys=0.00, real=0.02 secs] 
2952.378: [GC (Allocation Failure) [PSYoungGen: 417293K->184751K(465920K)] 1307479K->1075217K(1460224K), 0.0206112 secs] [Times: user=0.03 sys=0.00, real=0.02 secs] 
2953.546: [GC (Allocation Failure) [PSYoungGen: 417711K->39868K(465920K)] 1308177K->930728K(1460224K), 0.0069550 secs] [Times: user=0.02 sys=0.00, real=0.01 secs] 
2954.695: [GC (Allocation Failure) [PSYoungGen: 272828K->96419K(465920K)] 1163688K->987475K(1460224K), 0.0117625 secs] [Times: user=0.02 sys=0.00, real=0.01 secs] 
2954.982: [GC (Allocation Failure) [PSYoungGen: 329379K->186132K(465920K)] 1220435K->1078562K(1460224K), 0.0209601 secs] [Times: user=0.03 sys=0.00, real=0.02 secs] 
2955.268: [GC (Allocation Failure) [PSYoungGen: 419092K->185972K(465920K)] 1311522K->1078546K(1460224K), 0.0208236 secs] [Times: user=0.03 sys=0.00, real=0.02 secs] 
2957.668: [GC (Allocation Failure) [PSYoungGen: 418932K->13874K(465920K)] 1311506K->906714K(1460224K), 0.0047065 secs] [Times: user=0.02 sys=0.00, real=0.00 secs] 
2958.741: [GC (Allocation Failure) [PSYoungGen: 246834K->122124K(465920K)] 1139674K->1015279K(1460224K), 0.0142332 secs] [Times: user=0.03 sys=0.00, real=0.01 secs] 
2959.020: [GC (Allocation Failure) [PSYoungGen: 355084K->185747K(465920K)] 1248239K->1080284K(1460224K), 0.0208492 secs] [Times: user=0.02 sys=0.00, real=0.02 secs] 
2959.439: [GC (Allocation Failure) [PSYoungGen: 418707K->176448K(465920K)] 1313244K->1071146K(1460224K), 0.0215670 secs] [Times: user=0.03 sys=0.01, real=0.02 secs] 
2961.426: [GC (Allocation Failure) [PSYoungGen: 409408K->128K(465920K)] 1304106K->896277K(1460224K), 0.0031158 secs] [Times: user=0.02 sys=0.01, real=0.01 secs] 
2962.159: [GC (Allocation Failure) [PSYoungGen: 233088K->146797K(465920K)] 1129237K->1042971K(1460224K), 0.0166758 secs] [Times: user=0.02 sys=0.00, real=0.01 secs] 
2962.440: [GC (Allocation Failure) [PSYoungGen: 379757K->186261K(465920K)] 1275931K->1083688K(1460224K), 0.0208372 secs] [Times: user=0.03 sys=0.00, real=0.02 secs] 
2963.302: [GC (Allocation Failure) [PSYoungGen: 419221K->157369K(465920K)] 1316648K->1055061K(1460224K), 0.0277707 secs] [Times: user=0.05 sys=0.00, real=0.03 secs] 
2966.169: [GC (Allocation Failure) [PSYoungGen: 390329K->96K(465920K)] 1288021K->899229K(1460224K), 0.0043982 secs] [Times: user=0.02 sys=0.00, real=0.00 secs] 
2966.784: [GC (Allocation Failure) [PSYoungGen: 233056K->172408K(465920K)] 1132189K->1071574K(1460224K), 0.0193005 secs] [Times: user=0.03 sys=0.00, real=0.02 secs] 
2967.129: [GC (Allocation Failure) [PSYoungGen: 405368K->186261K(465920K)] 1304534K->1086681K(1460224K), 0.0208233 secs] [Times: user=0.03 sys=0.00, real=0.02 secs] 
2967.670: [GC (Allocation Failure) [PSYoungGen: 419221K->139969K(465920K)] 1319641K->1040662K(1460224K), 0.0182179 secs] [Times: user=0.03 sys=0.00, real=0.02 secs] 
2968.732: [GC (Allocation Failure) [PSYoungGen: 372929K->13714K(465920K)] 1273622K->914723K(1460224K), 0.0051177 secs] [Times: user=0.02 sys=0.00, real=0.00 secs] 
2969.108: [GC (Allocation Failure) [PSYoungGen: 246674K->184654K(465920K)] 1147683K->1086909K(1460224K), 0.0218246 secs] [Times: user=0.03 sys=0.00, real=0.02 secs] 
2969.396: [GC (Allocation Failure) [PSYoungGen: 417614K->186293K(465920K)] 1319869K->1088981K(1460224K), 0.0209113 secs] [Times: user=0.03 sys=0.00, real=0.02 secs] 
2970.573: [GC (Allocation Failure) [PSYoungGen: 419253K->114152K(465920K)] 1321941K->1016976K(1460224K), 0.0210125 secs] [Times: user=0.04 sys=0.00, real=0.02 secs] 
2973.024: [GC (Allocation Failure) [PSYoungGen: 347112K->39448K(465920K)] 1249936K->942570K(1460224K), 0.0084544 secs] [Times: user=0.02 sys=0.00, real=0.01 secs] 
2973.335: [GC (Allocation Failure) [PSYoungGen: 272408K->185747K(465920K)] 1175530K->1090123K(1460224K), 0.0207955 secs] [Times: user=0.03 sys=0.00, real=0.02 secs] 
2973.676: [GC (Allocation Failure) [PSYoungGen: 418707K->184462K(465920K)] 1323083K->1089110K(1460224K), 0.0206784 secs] [Times: user=0.03 sys=0.00, real=0.02 secs] 
2975.602: [GC (Allocation Failure) [PSYoungGen: 417422K->72770K(465920K)] 1322070K->977821K(1460224K), 0.0119257 secs] [Times: user=0.02 sys=0.00, real=0.01 secs] 
2977.018: [GC (Allocation Failure) [PSYoungGen: 305730K->64253K(465920K)] 1210781K->969483K(1460224K), 0.0084824 secs] [Times: user=0.02 sys=0.00, real=0.00 secs] 
2977.349: [GC (Allocation Failure) [PSYoungGen: 297213K->186004K(465920K)] 1202443K->1092487K(1460224K), 0.0208558 secs] [Times: user=0.02 sys=0.00, real=0.02 secs] 
2977.691: [GC (Allocation Failure) [PSYoungGen: 418964K->185972K(465920K)] 1325447K->1092728K(1460224K), 0.0205803 secs] [Times: user=0.03 sys=0.00, real=0.02 secs] 
2979.124: [GC (Allocation Failure) [PSYoungGen: 418932K->46198K(465920K)] 1325688K->953227K(1460224K), 0.0104371 secs] [Times: user=0.03 sys=0.00, real=0.01 secs] 
2980.302: [GC (Allocation Failure) [PSYoungGen: 279158K->90250K(465920K)] 1186187K->997593K(1460224K), 0.0110624 secs] [Times: user=0.02 sys=0.00, real=0.01 secs] 
2980.578: [GC (Allocation Failure) [PSYoungGen: 323210K->186004K(465920K)] 1230553K->1094729K(1460224K), 0.0209444 secs] [Times: user=0.03 sys=0.00, real=0.02 secs] 
2980.869: [GC (Allocation Failure) [PSYoungGen: 418964K->185875K(465920K)] 1327689K->1094882K(1460224K), 0.0208150 secs] [Times: user=0.03 sys=0.00, real=0.02 secs] 
2982.065: [GC (Allocation Failure) [PSYoungGen: 418835K->20316K(465920K)] 1327842K->929459K(1460224K), 0.0085997 secs] [Times: user=0.02 sys=0.00, real=0.01 secs] 
2983.288: [GC (Allocation Failure) [PSYoungGen: 253276K->115440K(465920K)] 1162419K->1024899K(1460224K), 0.0136422 secs] [Times: user=0.02 sys=0.00, real=0.01 secs] 
2983.566: [GC (Allocation Failure) [PSYoungGen: 348400K->184205K(465920K)] 1257859K->1094917K(1460224K), 0.0205705 secs] [Times: user=0.03 sys=0.00, real=0.02 secs] 
2983.904: [GC (Allocation Failure) [PSYoungGen: 417165K->182657K(465920K)] 1327877K->1093643K(1460224K), 0.0203031 secs] [Times: user=0.02 sys=0.01, real=0.02 secs] 
2985.566: [GC (Allocation Failure) [PSYoungGen: 415617K->96K(465920K)] 1326603K->912477K(1460224K), 0.0050079 secs] [Times: user=0.02 sys=0.00, real=0.01 secs] 
2986.272: [GC (Allocation Failure) [PSYoungGen: 233056K->136293K(465920K)] 1145437K->1048754K(1460224K), 0.0156642 secs] [Times: user=0.02 sys=0.00, real=0.01 secs] 
2986.551: [GC (Allocation Failure) [PSYoungGen: 369253K->183948K(465920K)] 1281714K->1097662K(1460224K), 0.0208115 secs] [Times: user=0.03 sys=0.00, real=0.02 secs] 
2987.045: [GC (Allocation Failure) [PSYoungGen: 416908K->166157K(465920K)] 1330622K->1080145K(1460224K), 0.0227212 secs] [Times: user=0.03 sys=0.00, real=0.03 secs] 
2989.515: [GC (Allocation Failure) [PSYoungGen: 399117K->128K(465920K)] 1313105K->915553K(1460224K), 0.0050660 secs] [Times: user=0.02 sys=0.00, real=0.01 secs] 
2990.206: [GC (Allocation Failure) [PSYoungGen: 233088K->157979K(465920K)] 1148513K->1073428K(1460224K), 0.0178445 secs] [Times: user=0.03 sys=0.00, real=0.02 secs] 
2990.546: [GC (Allocation Failure) [PSYoungGen: 390939K->184494K(465920K)] 1306388K->1101189K(1460224K), 0.0206529 secs] [Times: user=0.02 sys=0.00, real=0.02 secs] 
2992.182: [GC (Allocation Failure) [PSYoungGen: 417454K->148003K(465920K)] 1334149K->1064971K(1460224K), 0.0453341 secs] [Times: user=0.08 sys=0.00, real=0.05 secs] 
2993.183: [GC (Allocation Failure) [PSYoungGen: 380963K->64K(465920K)] 1297931K->918464K(1460224K), 0.0031121 secs] [Times: user=0.01 sys=0.00, real=0.00 secs] 
2993.502: [GC (Allocation Failure) [PSYoungGen: 233024K->182754K(465920K)] 1151424K->1101187K(1460224K), 0.0203656 secs] [Times: user=0.03 sys=0.00, real=0.02 secs] 
2993.785: [GC (Allocation Failure) [PSYoungGen: 415714K->184847K(465920K)] 1334147K->1104533K(1460224K), 0.0207085 secs] [Times: user=0.03 sys=0.00, real=0.02 secs] 
2995.937: [GC (Allocation Failure) [PSYoungGen: 417807K->131085K(465920K)] 1337493K->1051036K(1460224K), 0.0315278 secs] [Times: user=0.06 sys=0.01, real=0.04 secs] 
2997.577: [GC (Allocation Failure) [PSYoungGen: 364045K->21169K(465920K)] 1283996K->941444K(1460224K), 0.0050751 secs] [Times: user=0.01 sys=0.00, real=0.01 secs] 
2997.860: [GC (Allocation Failure) [PSYoungGen: 254129K->186421K(465920K)] 1174404K->1107942K(1460224K), 0.0208850 secs] [Times: user=0.03 sys=0.00, real=0.02 secs] 
2998.148: [GC (Allocation Failure) [PSYoungGen: 419381K->184687K(465920K)] 1340902K->1106489K(1460224K), 0.0206450 secs] [Times: user=0.03 sys=0.00, real=0.02 secs] 
3000.187: [GC (Allocation Failure) [PSYoungGen: 417647K->106569K(465920K)] 1339449K->1028636K(1460224K), 0.0285592 secs] [Times: user=0.06 sys=0.00, real=0.03 secs] 
3001.237: [GC (Allocation Failure) [PSYoungGen: 339529K->45585K(465920K)] 1261596K->967960K(1460224K), 0.0066808 secs] [Times: user=0.01 sys=0.00, real=0.01 secs] 
3001.510: [GC (Allocation Failure) [PSYoungGen: 278545K->186389K(465920K)] 1200920K->1110018K(1460224K), 0.0208869 secs] [Times: user=0.03 sys=0.00, real=0.02 secs] 
3001.800: [GC (Allocation Failure) [PSYoungGen: 419349K->185908K(465920K)] 1342978K->1109946K(1460224K), 0.0205662 secs] [Times: user=0.02 sys=0.00, real=0.02 secs] 
3003.408: [GC (Allocation Failure) [PSYoungGen: 418868K->64448K(465920K)] 1342906K->988622K(1460224K), 0.0148311 secs] [Times: user=0.03 sys=0.00, real=0.01 secs] 
3004.982: [GC (Allocation Failure) [PSYoungGen: 297408K->72192K(465920K)] 1221582K->996681K(1460224K), 0.0093703 secs] [Times: user=0.02 sys=0.00, real=0.01 secs] 
3005.256: [GC (Allocation Failure) [PSYoungGen: 305152K->186164K(465920K)] 1229641K->1111906K(1460224K), 0.0208939 secs] [Times: user=0.03 sys=0.00, real=0.02 secs] 
3005.592: [GC (Allocation Failure) [PSYoungGen: 419124K->185972K(465920K)] 1344866K->1111995K(1460224K), 0.0207864 secs] [Times: user=0.03 sys=0.00, real=0.02 secs] 
3007.290: [GC (Allocation Failure) [PSYoungGen: 418932K->38069K(465920K)] 1344955K->964357K(1460224K), 0.0102915 secs] [Times: user=0.02 sys=0.00, real=0.01 secs] 
3008.405: [GC (Allocation Failure) [PSYoungGen: 271029K->98472K(465920K)] 1197317K->1025084K(1460224K), 0.0119845 secs] [Times: user=0.02 sys=0.00, real=0.01 secs] 
3008.741: [GC (Allocation Failure) [PSYoungGen: 331432K->186004K(465920K)] 1258044K->1113861K(1460224K), 0.0209327 secs] [Times: user=0.03 sys=0.00, real=0.02 secs] 
3009.028: [GC (Allocation Failure) [PSYoungGen: 418964K->185875K(465920K)] 1346821K->1114014K(1460224K), 0.0209888 secs] [Times: user=0.03 sys=0.00, real=0.02 secs] 
3010.695: [GC (Allocation Failure) [PSYoungGen: 418835K->12107K(465920K)] 1346974K->940527K(1460224K), 0.0044534 secs] [Times: user=0.02 sys=0.00, real=0.01 secs] 
3011.523: [GC (Allocation Failure) [PSYoungGen: 245067K->124951K(465920K)] 1173487K->1053684K(1460224K), 0.0146122 secs] [Times: user=0.02 sys=0.00, real=0.02 secs] 
3011.806: [GC (Allocation Failure) [PSYoungGen: 357911K->186132K(465920K)] 1286644K->1116119K(1460224K), 0.0210271 secs] [Times: user=0.03 sys=0.00, real=0.02 secs] 
3012.332: [GC (Allocation Failure) [PSYoungGen: 419092K->173266K(465920K)] 1349079K->1103519K(1460224K), 0.0269865 secs] [Times: user=0.04 sys=0.00, real=0.03 secs] 
3014.382: [GC (Allocation Failure) [PSYoungGen: 406226K->96K(465920K)] 1336479K->931783K(1460224K), 0.0039075 secs] [Times: user=0.02 sys=0.00, real=0.00 secs] 
3015.051: [GC (Allocation Failure) [PSYoungGen: 233056K->150431K(465920K)] 1164743K->1082142K(1460224K), 0.0173488 secs] [Times: user=0.02 sys=0.00, real=0.02 secs] 
3015.334: [GC (Allocation Failure) [PSYoungGen: 383391K->186132K(465920K)] 1315102K->1119098K(1460224K), 0.0209940 secs] [Times: user=0.03 sys=0.00, real=0.02 secs] 
3016.113: [GC (Allocation Failure) [PSYoungGen: 419092K->153915K(465920K)] 1352058K->1087153K(1460224K), 0.0235288 secs] [Times: user=0.04 sys=0.00, real=0.02 secs] 
3019.492: [GC (Allocation Failure) [PSYoungGen: 386875K->192K(465920K)] 1320113K->934878K(1460224K), 0.0059410 secs] [Times: user=0.02 sys=0.00, real=0.01 secs] 
3019.974: [GC (Allocation Failure) [PSYoungGen: 233152K->175493K(465920K)] 1167838K->1110211K(1460224K), 0.0197879 secs] [Times: user=0.03 sys=0.00, real=0.02 secs] 
3020.258: [GC (Allocation Failure) [PSYoungGen: 408453K->184462K(465920K)] 1343171K->1120433K(1460224K), 0.0207738 secs] [Times: user=0.02 sys=0.00, real=0.02 secs] 
3021.973: [GC (Allocation Failure) [PSYoungGen: 417422K->138700K(465920K)] 1353393K->1074944K(1460224K), 0.0375452 secs] [Times: user=0.08 sys=0.00, real=0.04 secs] 
3024.434: [GC (Allocation Failure) [PSYoungGen: 371660K->13714K(465920K)] 1307904K->950257K(1460224K), 0.0054750 secs] [Times: user=0.02 sys=0.00, real=0.01 secs] 
3024.749: [GC (Allocation Failure) [PSYoungGen: 246674K->186261K(465920K)] 1183217K->1124186K(1460224K), 0.0208460 secs] [Times: user=0.03 sys=0.00, real=0.02 secs] 
3025.035: [GC (Allocation Failure) [PSYoungGen: 419221K->185972K(465920K)] 1357146K->1124041K(1460224K), 0.0208976 secs] [Times: user=0.03 sys=0.00, real=0.02 secs] 
3025.782: [GC (Allocation Failure) [PSYoungGen: 418932K->112866K(465920K)] 1357001K->1051209K(1460224K), 0.0158194 secs] [Times: user=0.03 sys=0.00, real=0.02 secs] 
3026.830: [GC (Allocation Failure) [PSYoungGen: 345826K->39994K(465920K)] 1284169K->978650K(1460224K), 0.0059921 secs] [Times: user=0.01 sys=0.00, real=0.00 secs] 
3027.156: [GC (Allocation Failure) [PSYoungGen: 272954K->186293K(465920K)] 1211610K->1126202K(1460224K), 0.0210307 secs] [Times: user=0.03 sys=0.00, real=0.02 secs] 
3027.494: [GC (Allocation Failure) [PSYoungGen: 419253K->185972K(465920K)] 1359162K->1126162K(1460224K), 0.0207081 secs] [Times: user=0.03 sys=0.00, real=0.02 secs] 
3028.187: [GC (Allocation Failure) [PSYoungGen: 418932K->70264K(465920K)] 1359122K->1010727K(1460224K), 0.0113675 secs] [Times: user=0.02 sys=0.00, real=0.01 secs] 
3028.948: [GC (Allocation Failure) [PSYoungGen: 303224K->66053K(465920K)] 1243687K->1006832K(1460224K), 0.0086630 secs] [Times: user=0.01 sys=0.00, real=0.00 secs] 
3029.220: [GC (Allocation Failure) [PSYoungGen: 299013K->184494K(465920K)] 1239792K->1126527K(1460224K), 0.0207287 secs] [Times: user=0.03 sys=0.00, real=0.02 secs] 
3029.504: [GC (Allocation Failure) [PSYoungGen: 417454K->184205K(465920K)] 1359487K->1126655K(1460224K), 0.0207514 secs] [Times: user=0.03 sys=0.00, real=0.02 secs] 
3031.824: [GC (Allocation Failure) [PSYoungGen: 417165K->47724K(465920K)] 1359615K->990440K(1460224K), 0.0120777 secs] [Times: user=0.03 sys=0.00, real=0.01 secs] 
3033.263: [GC (Allocation Failure) [PSYoungGen: 280684K->88062K(465920K)] 1223400K->1030972K(1460224K), 0.0112800 secs] [Times: user=0.02 sys=0.00, real=0.01 secs] 
3033.537: [GC (Allocation Failure) [PSYoungGen: 321022K->184237K(465920K)] 1263932K->1128392K(1460224K), 0.0223608 secs] [Times: user=0.04 sys=0.00, real=0.02 secs] 
3033.827: [GC (Allocation Failure) [PSYoungGen: 417197K->184044K(465920K)] 1361352K->1128480K(1460224K), 0.0204891 secs] [Times: user=0.03 sys=0.00, real=0.02 secs] 
3035.007: [GC (Allocation Failure) [PSYoungGen: 417004K->26116K(465920K)] 1361440K->970946K(1460224K), 0.0075618 secs] [Times: user=0.03 sys=0.00, real=0.01 secs] 
3036.006: [GC (Allocation Failure) [PSYoungGen: 259076K->109753K(465920K)] 1203906K->1054768K(1460224K), 0.0132007 secs] [Times: user=0.02 sys=0.01, real=0.02 secs] 
3036.282: [GC (Allocation Failure) [PSYoungGen: 342713K->183851K(465920K)] 1287728K->1130120K(1460224K), 0.0206389 secs] [Times: user=0.03 sys=0.00, real=0.02 secs] 
3036.567: [GC (Allocation Failure) [PSYoungGen: 416811K->184494K(465920K)] 1363080K->1131044K(1460224K), 0.0207433 secs] [Times: user=0.03 sys=0.00, real=0.03 secs] 
3038.912: [GC (Allocation Failure) [PSYoungGen: 417454K->4235K(465920K)] 1364004K->951050K(1460224K), 0.0052279 secs] [Times: user=0.03 sys=0.00, real=0.00 secs] 
3040.200: [GC (Allocation Failure) [PSYoungGen: 237195K->132949K(465920K)] 1184010K->1080096K(1460224K), 0.0153255 secs] [Times: user=0.02 sys=0.00, real=0.01 secs] 
3040.536: [GC (Allocation Failure) [PSYoungGen: 365909K->186132K(465920K)] 1313056K->1134541K(1460224K), 0.0215098 secs] [Times: user=0.03 sys=0.00, real=0.02 secs] 
3041.089: [GC (Allocation Failure) [PSYoungGen: 419092K->167346K(465920K)] 1367501K->1116148K(1460224K), 0.0223966 secs] [Times: user=0.03 sys=0.00, real=0.02 secs] 
3043.255: [GC (Allocation Failure) [PSYoungGen: 400306K->96K(465920K)] 1349108K->950209K(1460224K), 0.0042429 secs] [Times: user=0.02 sys=0.00, real=0.01 secs] 
3043.833: [GC (Allocation Failure) [PSYoungGen: 233056K->158239K(465920K)] 1183169K->1108368K(1460224K), 0.0180992 secs] [Times: user=0.03 sys=0.00, real=0.02 secs] 
3044.173: [GC (Allocation Failure) [PSYoungGen: 391199K->184976K(465920K)] 1341328K->1136359K(1460224K), 0.0218122 secs] [Times: user=0.04 sys=0.00, real=0.02 secs] 
3044.964: [GC (Allocation Failure) [PSYoungGen: 417936K->147216K(465920K)] 1369319K->1098992K(1460224K), 0.0274156 secs] [Times: user=0.05 sys=0.00, real=0.03 secs] 
3046.806: [GC (Allocation Failure) [PSYoungGen: 380176K->96K(465920K)] 1331952K->953199K(1460224K), 0.0059213 secs] [Times: user=0.03 sys=0.01, real=0.01 secs] 
3047.210: [GC (Allocation Failure) [PSYoungGen: 233056K->180505K(465920K)] 1186159K->1133633K(1460224K), 0.0203262 secs] [Times: user=0.03 sys=0.00, real=0.02 secs] 
3047.553: [GC (Allocation Failure) [PSYoungGen: 413465K->184430K(465920K)] 1366593K->1138795K(1460224K), 0.0207898 secs] [Times: user=0.02 sys=0.00, real=0.02 secs] 
3048.790: [GC (Allocation Failure) [PSYoungGen: 417390K->133687K(465920K)] 1371755K->1088326K(1460224K), 0.0356743 secs] [Times: user=0.07 sys=0.00, real=0.03 secs] 
3050.901: [GC (Allocation Failure) [PSYoungGen: 366647K->18566K(465920K)] 1321286K->973513K(1460224K), 0.0068989 secs] [Times: user=0.02 sys=0.00, real=0.01 secs] 
3051.230: [GC (Allocation Failure) [PSYoungGen: 251526K->184205K(465920K)] 1206473K->1140397K(1460224K), 0.0206306 secs] [Times: user=0.03 sys=0.00, real=0.02 secs] 
3051.514: [GC (Allocation Failure) [PSYoungGen: 417165K->183916K(465920K)] 1373357K->1140389K(1460224K), 0.0207118 secs] [Times: user=0.03 sys=0.00, real=0.02 secs] 
3052.162: [GC (Allocation Failure) [PSYoungGen: 416876K->112063K(465920K)] 1373349K->1068938K(1460224K), 0.0143407 secs] [Times: user=0.03 sys=0.00, real=0.01 secs] 
3053.034: [GC (Allocation Failure) [PSYoungGen: 345023K->40833K(465920K)] 1301898K->997885K(1460224K), 0.0062125 secs] [Times: user=0.02 sys=0.00, real=0.01 secs] 
3053.354: [GC (Allocation Failure) [PSYoungGen: 273793K->186357K(465920K)] 1230845K->1144655K(1460224K), 0.0209476 secs] [Times: user=0.03 sys=0.00, real=0.02 secs] 
3053.638: [GC (Allocation Failure) [PSYoungGen: 419317K->184783K(465920K)] 1377615K->1143354K(1460224K), 0.0210305 secs] [Times: user=0.03 sys=0.00, real=0.02 secs] 
3054.736: [GC (Allocation Failure) [PSYoungGen: 417743K->70360K(465920K)] 1376314K->1029196K(1460224K), 0.0113606 secs] [Times: user=0.02 sys=0.00, real=0.02 secs] 
3056.590: [GC (Allocation Failure) [PSYoungGen: 303320K->65734K(465920K)] 1262156K->1024878K(1460224K), 0.0105952 secs] [Times: user=0.02 sys=0.00, real=0.01 secs] 
3056.888: [GC (Allocation Failure) [PSYoungGen: 298694K->186389K(465920K)] 1257838K->1146779K(1460224K), 0.0209117 secs] [Times: user=0.03 sys=0.00, real=0.02 secs] 
3057.175: [GC (Allocation Failure) [PSYoungGen: 419349K->186036K(465920K)] 1379739K->1146707K(1460224K), 0.0210828 secs] [Times: user=0.02 sys=0.00, real=0.02 secs] 
3059.394: [GC (Allocation Failure) [PSYoungGen: 418996K->44109K(465920K)] 1379667K->1005173K(1460224K), 0.0083145 secs] [Times: user=0.02 sys=0.00, real=0.01 secs] 
3060.147: [GC (Allocation Failure) [PSYoungGen: 277069K->92917K(465920K)] 1238133K->1054176K(1460224K), 0.0113731 secs] [Times: user=0.02 sys=0.00, real=0.02 secs] 
3060.423: [GC (Allocation Failure) [PSYoungGen: 325877K->186004K(465920K)] 1287136K->1148638K(1460224K), 0.0210294 secs] [Times: user=0.03 sys=0.00, real=0.02 secs] 
3060.708: [GC (Allocation Failure) [PSYoungGen: 418964K->185843K(465920K)] 1381598K->1148750K(1460224K), 0.0207480 secs] [Times: user=0.03 sys=0.00, real=0.02 secs] 
3061.607: [GC (Allocation Failure) [PSYoungGen: 418803K->17633K(465920K)] 1381710K->980677K(1460224K), 0.0051233 secs] [Times: user=0.02 sys=0.00, real=0.01 secs] 
3062.259: [GC (Allocation Failure) [PSYoungGen: 250593K->118621K(465920K)] 1213637K->1081973K(1460224K), 0.0139372 secs] [Times: user=0.03 sys=0.01, real=0.01 secs] 
3062.536: [GC (Allocation Failure) [PSYoungGen: 351581K->184205K(465920K)] 1314933K->1148930K(1460224K), 0.0207474 secs] [Times: user=0.03 sys=0.00, real=0.02 secs] 
3062.885: [GC (Allocation Failure) [PSYoungGen: 417165K->180420K(465920K)] 1381890K->1145282K(1460224K), 0.0232815 secs] [Times: user=0.03 sys=0.00, real=0.03 secs] 
3064.973: [GC (Allocation Failure) [PSYoungGen: 413380K->128K(465920K)] 1378242K->966439K(1460224K), 0.0051497 secs] [Times: user=0.02 sys=0.00, real=0.01 secs] 
3066.034: [GC (Allocation Failure) [PSYoungGen: 233088K->140727K(465920K)] 1199399K->1107047K(1460224K), 0.0162089 secs] [Times: user=0.02 sys=0.00, real=0.02 secs] 
3066.313: [GC (Allocation Failure) [PSYoungGen: 373687K->184333K(465920K)] 1340007K->1152027K(1460224K), 0.0207629 secs] [Times: user=0.03 sys=0.00, real=0.02 secs] 
3067.047: [GC (Allocation Failure) [PSYoungGen: 416567K->161241K(465920K)] 1384260K->1129080K(1460224K), 0.0453623 secs] [Times: user=0.07 sys=0.00, real=0.05 secs] 
3069.283: [GC (Allocation Failure) [PSYoungGen: 394201K->160K(465920K)] 1362040K->969438K(1460224K), 0.0033610 secs] [Times: user=0.02 sys=0.00, real=0.00 secs] 
3069.800: [GC (Allocation Failure) [PSYoungGen: 233120K->161513K(465920K)] 1202398K->1130823K(1460224K), 0.0183387 secs] [Times: user=0.03 sys=0.00, real=0.02 secs] 
3070.082: [GC (Allocation Failure) [PSYoungGen: 394473K->184558K(465920K)] 1363783K->1155251K(1460224K), 0.0207863 secs] [Times: user=0.03 sys=0.00, real=0.02 secs] 
3070.775: [GC (Allocation Failure) [PSYoungGen: 417518K->144388K(465920K)] 1388211K->1115225K(1460224K), 0.0190793 secs] [Times: user=0.03 sys=0.00, real=0.02 secs] 
3071.943: [GC (Allocation Failure) [PSYoungGen: 377348K->96K(465920K)] 1348185K->972368K(1460224K), 0.0030363 secs] [Times: user=0.02 sys=0.00, real=0.00 secs] 
3072.248: [GC (Allocation Failure) [PSYoungGen: 233056K->184104K(465920K)] 1205328K->1156401K(1460224K), 0.0206429 secs] [Times: user=0.03 sys=0.00, real=0.02 secs] 
3072.532: [GC (Allocation Failure) [PSYoungGen: 417064K->184076K(465920K)] 1389361K->1157626K(1460224K), 0.0208621 secs] [Times: user=0.03 sys=0.00, real=0.02 secs] 
3074.361: [GC (Allocation Failure) [PSYoungGen: 417036K->130490K(465920K)] 1390586K->1104314K(1460224K), 0.0250773 secs] [Times: user=0.04 sys=0.00, real=0.02 secs] 
3075.335: [GC (Allocation Failure) [PSYoungGen: 363450K->22165K(465920K)] 1337274K->996288K(1460224K), 0.0044676 secs] [Times: user=0.01 sys=0.00, real=0.01 secs] 
3075.606: [GC (Allocation Failure) [PSYoungGen: 255125K->186261K(465920K)] 1229248K->1161630K(1460224K), 0.0225496 secs] [Times: user=0.04 sys=0.00, real=0.03 secs] 
3075.893: [GC (Allocation Failure) [PSYoungGen: 419221K->184687K(465920K)] 1394590K->1160328K(1460224K), 0.0206293 secs] [Times: user=0.03 sys=0.00, real=0.02 secs] 
3076.875: [GC (Allocation Failure) [PSYoungGen: 417647K->105685K(465920K)] 1393288K->1081592K(1460224K), 0.0131452 secs] [Times: user=0.02 sys=0.00, real=0.02 secs] 
3077.741: [GC (Allocation Failure) [PSYoungGen: 338645K->46871K(465920K)] 1314552K->1023085K(1460224K), 0.0067777 secs] [Times: user=0.02 sys=0.00, real=0.01 secs] 
3078.020: [GC (Allocation Failure) [PSYoungGen: 279831K->184719K(465920K)] 1256045K->1162179K(1460224K), 0.0208091 secs] [Times: user=0.03 sys=0.00, real=0.02 secs] 
3078.303: [GC (Allocation Failure) [PSYoungGen: 417679K->184044K(465920K)] 1395139K->1161786K(1460224K), 0.0205136 secs] [Times: user=0.03 sys=0.00, real=0.02 secs] 
3079.002: [GC (Allocation Failure) [PSYoungGen: 417004K->66713K(465920K)] 1394746K->1044720K(1460224K), 0.0098113 secs] [Times: user=0.02 sys=0.00, real=0.01 secs] 
3079.779: [GC (Allocation Failure) [PSYoungGen: 299673K->69715K(465920K)] 1277680K->1048043K(1460224K), 0.0091048 secs] [Times: user=0.02 sys=0.00, real=0.01 secs] 
3080.050: [GC (Allocation Failure) [PSYoungGen: 302675K->184173K(465920K)] 1281003K->1163755K(1460224K), 0.0209828 secs] [Times: user=0.03 sys=0.01, real=0.02 secs] 
3080.334: [GC (Allocation Failure) [PSYoungGen: 417133K->184012K(465920K)] 1396715K->1163875K(1460224K), 0.0207602 secs] [Times: user=0.03 sys=0.00, real=0.02 secs] 
3082.460: [GC (Allocation Failure) [PSYoungGen: 416972K->44495K(465920K)] 1396835K->1024623K(1460224K), 0.0102905 secs] [Times: user=0.03 sys=0.00, real=0.01 secs] 
3084.073: [GC (Allocation Failure) [PSYoungGen: 277360K->91307K(465920K)] 1257488K->1071749K(1460224K), 0.0112879 secs] [Times: user=0.02 sys=0.00, real=0.01 secs] 
3084.396: [GC (Allocation Failure) [PSYoungGen: 324267K->184205K(465920K)] 1304709K->1165901K(1460224K), 0.0209718 secs] [Times: user=0.04 sys=0.00, real=0.02 secs] 
3084.684: [GC (Allocation Failure) [PSYoungGen: 417165K->184590K(465920K)] 1398861K->1166567K(1460224K), 0.0206977 secs] [Times: user=0.03 sys=0.00, real=0.02 secs] 
3092.162: [GC (Allocation Failure) [PSYoungGen: 417550K->85456K(465920K)] 1399527K->1067826K(1460224K), 0.0390868 secs] [Times: user=0.15 sys=0.00, real=0.04 secs] 
3093.374: [GC (Allocation Failure) [PSYoungGen: 318416K->177333K(465920K)] 1300786K->1185119K(1474048K), 0.0415722 secs] [Times: user=0.16 sys=0.03, real=0.04 secs] 
3093.415: [Full GC (Ergonomics) [PSYoungGen: 177333K->0K(465920K)] [ParOldGen: 1007785K->354035K(871424K)] 1185119K->354035K(1337344K), [Metaspace: 59630K->59630K(1105920K)], 0.2431653 secs] [Times: user=1.08 sys=0.00, real=0.25 secs] 
3096.236: [GC (Allocation Failure) [PSYoungGen: 232960K->183605K(465920K)] 586995K->537648K(1337344K), 0.0693778 secs] [Times: user=0.30 sys=0.00, real=0.07 secs] 
3098.722: [GC (Allocation Failure) [PSYoungGen: 416565K->184212K(465920K)] 770608K->593980K(1337344K), 0.1230511 secs] [Times: user=0.64 sys=0.00, real=0.12 secs] 
3102.683: [GC (Allocation Failure) [PSYoungGen: 417172K->131208K(465920K)] 826940K->610487K(1337344K), 0.0479125 secs] [Times: user=0.24 sys=0.00, real=0.05 secs] 
3102.920: [GC (Allocation Failure) [PSYoungGen: 364168K->139232K(465920K)] 843447K->660191K(1337344K), 0.0631686 secs] [Times: user=0.32 sys=0.00, real=0.06 secs] 
3103.101: [GC (Allocation Failure) [PSYoungGen: 372192K->178453K(465920K)] 893151K->744200K(1337344K), 0.0392544 secs] [Times: user=0.18 sys=0.00, real=0.04 secs] 
3103.872: [GC (GCLocker Initiated GC) [PSYoungGen: 411413K->183030K(465920K)] 977160K->810818K(1337344K), 0.1252162 secs] [Times: user=0.64 sys=0.00, real=0.12 secs] 
3105.138: [GC (Allocation Failure) [PSYoungGen: 415990K->185109K(465920K)] 1043817K->870935K(1337344K), 0.0797862 secs] [Times: user=0.41 sys=0.01, real=0.08 secs] 
3106.193: [GC (Allocation Failure) [PSYoungGen: 417995K->90170K(465920K)] 1103821K->845805K(1337344K), 0.0435103 secs] [Times: user=0.22 sys=0.00, real=0.04 secs] 
3106.407: [GC (Allocation Failure) [PSYoungGen: 323130K->177685K(465920K)] 1078765K->962456K(1337344K), 0.0431304 secs] [Times: user=0.18 sys=0.00, real=0.05 secs] 
3106.800: [GC (Allocation Failure) [PSYoungGen: 410645K->184662K(465920K)] 1195416K->1024592K(1337344K), 0.0597996 secs] [Times: user=0.28 sys=0.00, real=0.06 secs] 
3106.859: [Full GC (Ergonomics) [PSYoungGen: 184662K->0K(465920K)] [ParOldGen: 839930K->271737K(876544K)] 1024592K->271737K(1342464K), [Metaspace: 59869K->59869K(1105920K)], 0.3553289 secs] [Times: user=1.64 sys=0.00, real=0.35 secs] 
3108.324: [GC (Allocation Failure) [PSYoungGen: 232960K->179124K(465920K)] 504697K->450861K(1342464K), 0.0708178 secs] [Times: user=0.33 sys=0.01, real=0.07 secs] 
3110.870: [GC (Allocation Failure) [PSYoungGen: 412084K->143537K(465920K)] 683821K->483019K(1342464K), 0.0519765 secs] [Times: user=0.26 sys=0.00, real=0.05 secs] 
3111.168: [GC (Allocation Failure) [PSYoungGen: 376497K->123742K(465920K)] 715979K->508728K(1342464K), 0.0679554 secs] [Times: user=0.36 sys=0.01, real=0.06 secs] 
3111.345: [GC (Allocation Failure) [PSYoungGen: 356702K->178101K(465920K)] 741688K->602851K(1342464K), 0.0375267 secs] [Times: user=0.16 sys=0.00, real=0.04 secs] 
3111.493: [GC (Allocation Failure) [PSYoungGen: 411061K->185367K(465920K)] 835811K->672613K(1342464K), 0.0491471 secs] [Times: user=0.23 sys=0.00, real=0.05 secs] 
3111.669: [GC (Allocation Failure) [PSYoungGen: 418327K->186997K(465920K)] 905573K->733127K(1342464K), 0.0622461 secs] [Times: user=0.31 sys=0.00, real=0.06 secs] 
3112.682: [GC (Allocation Failure) [PSYoungGen: 419957K->93995K(465920K)] 966087K->710729K(1342464K), 0.0454752 secs] [Times: user=0.24 sys=0.00, real=0.05 secs] 
3112.858: [GC (Allocation Failure) [PSYoungGen: 326955K->172308K(465920K)] 943689K->820255K(1342464K), 0.0351109 secs] [Times: user=0.14 sys=0.01, real=0.03 secs] 
3113.017: [GC (Allocation Failure) [PSYoungGen: 405268K->183957K(465920K)] 1053215K->886168K(1342464K), 0.0430131 secs] [Times: user=0.19 sys=0.01, real=0.05 secs] 
3113.164: [GC (Allocation Failure) [PSYoungGen: 416917K->186581K(465920K)] 1119128K->952999K(1342464K), 0.0486386 secs] [Times: user=0.23 sys=0.00, real=0.05 secs] 
3114.120: [GC (Allocation Failure) [PSYoungGen: 419541K->153363K(465920K)] 1185959K->990185K(1342464K), 0.0545162 secs] [Times: user=0.28 sys=0.00, real=0.05 secs] 
3114.174: [Full GC (Ergonomics) [PSYoungGen: 153363K->0K(465920K)] [ParOldGen: 836822K->360007K(992768K)] 990185K->360007K(1458688K), [Metaspace: 59880K->59880K(1105920K)], 0.5870348 secs] [Times: user=2.55 sys=0.00, real=0.59 secs] 
3115.437: [GC (Allocation Failure) [PSYoungGen: 232960K->107196K(465920K)] 592967K->467204K(1458688K), 0.0302659 secs] [Times: user=0.11 sys=0.00, real=0.03 secs] 
3115.712: [GC (Allocation Failure) [PSYoungGen: 340156K->179669K(465920K)] 700164K->574413K(1458688K), 0.0464207 secs] [Times: user=0.20 sys=0.01, real=0.05 secs] 
3118.970: [GC (Allocation Failure) [PSYoungGen: 412629K->179094K(465920K)] 807373K->636366K(1458688K), 0.1299062 secs] [Times: user=0.66 sys=0.01, real=0.13 secs] 
3121.743: [GC (GCLocker Initiated GC) [PSYoungGen: 412054K->181940K(465920K)] 869327K->696038K(1458688K), 0.1492604 secs] [Times: user=0.80 sys=0.00, real=0.15 secs] 
3122.889: [GC (Allocation Failure) [PSYoungGen: 414900K->96523K(465920K)] 928999K->679614K(1458688K), 0.0465708 secs] [Times: user=0.25 sys=0.00, real=0.04 secs] 
3123.128: [GC (GCLocker Initiated GC) [PSYoungGen: 329483K->170580K(465920K)] 912575K->785413K(1458688K), 0.0642677 secs] [Times: user=0.30 sys=0.00, real=0.06 secs] 
3123.331: [GC (Allocation Failure) [PSYoungGen: 403540K->184149K(465920K)] 1018376K->852785K(1458688K), 0.0446572 secs] [Times: user=0.20 sys=0.00, real=0.04 secs] 
3123.507: [GC (Allocation Failure) [PSYoungGen: 417109K->182966K(465920K)] 1085745K->915810K(1458688K), 0.0675042 secs] [Times: user=0.34 sys=0.01, real=0.07 secs] 
3123.929: [GC (Allocation Failure) [PSYoungGen: 415926K->200468K(465920K)] 1148770K->991148K(1458688K), 0.0525307 secs] [Times: user=0.26 sys=0.00, real=0.05 secs] 
3124.717: [GC (GCLocker Initiated GC) [PSYoungGen: 433428K->94251K(465920K)] 1224108K->953051K(1458688K), 0.0415741 secs] [Times: user=0.21 sys=0.01, real=0.04 secs] 
3124.870: [GC (Allocation Failure) [PSYoungGen: 327211K->182614K(465920K)] 1186178K->1072210K(1458688K), 0.0384798 secs] [Times: user=0.12 sys=0.03, real=0.04 secs] 
3125.013: [GC (Allocation Failure) [PSYoungGen: 415480K->181173K(465920K)] 1305076K->1127881K(1458688K), 0.0523156 secs] [Times: user=0.21 sys=0.04, real=0.05 secs] 
3125.066: [Full GC (Ergonomics) [PSYoungGen: 181173K->0K(465920K)] [ParOldGen: 946707K->284631K(924672K)] 1127881K->284631K(1390592K), [Metaspace: 59900K->59900K(1105920K)], 0.4027554 secs] [Times: user=1.89 sys=0.00, real=0.41 secs] 
3125.571: [GC (Allocation Failure) [PSYoungGen: 232960K->182868K(465920K)] 517591K->467499K(1390592K), 0.0359513 secs] [Times: user=0.14 sys=0.01, real=0.03 secs] 
3126.679: [GC (Allocation Failure) [PSYoungGen: 415828K->102700K(465920K)] 700459K->456531K(1390592K), 0.0565804 secs] [Times: user=0.30 sys=0.00, real=0.05 secs] 
3128.927: [GC (Allocation Failure) [PSYoungGen: 335660K->169012K(465920K)] 689491K->556111K(1390592K), 0.0645580 secs] [Times: user=0.32 sys=0.00, real=0.07 secs] 
3129.173: [GC (Allocation Failure) [PSYoungGen: 401972K->184246K(465920K)] 789071K->622942K(1390592K), 0.0587845 secs] [Times: user=0.28 sys=0.00, real=0.06 secs] 
3129.355: [GC (Allocation Failure) [PSYoungGen: 417206K->186167K(465920K)] 855902K->697135K(1390592K), 0.0491525 secs] [Times: user=0.23 sys=0.01, real=0.05 secs] 
3129.506: [GC (Allocation Failure) [PSYoungGen: 419078K->186421K(465920K)] 930046K->756469K(1390592K), 0.0547755 secs] [Times: user=0.27 sys=0.00, real=0.06 secs] 
3130.498: [GC (Allocation Failure) [PSYoungGen: 419381K->86858K(465920K)] 989429K->727170K(1390592K), 0.0422697 secs] [Times: user=0.23 sys=0.00, real=0.04 secs] 
3130.652: [GC (Allocation Failure) [PSYoungGen: 319818K->182454K(465920K)] 960130K->851203K(1390592K), 0.0343481 secs] [Times: user=0.14 sys=0.00, real=0.03 secs] 
3130.792: [GC (Allocation Failure) [PSYoungGen: 415414K->181365K(465920K)] 1084163K->907158K(1390592K), 0.0436547 secs] [Times: user=0.20 sys=0.00, real=0.04 secs] 
3130.940: [GC (Allocation Failure) [PSYoungGen: 414325K->186773K(465920K)] 1140118K->967942K(1390592K), 0.0457587 secs] [Times: user=0.21 sys=0.00, real=0.04 secs] 
3131.915: [GC (Allocation Failure) [PSYoungGen: 419733K->102412K(465920K)] 1200902K->953921K(1390592K), 0.0456155 secs] [Times: user=0.24 sys=0.00, real=0.05 secs] 
3131.960: [Full GC (Ergonomics) [PSYoungGen: 102412K->0K(465920K)] [ParOldGen: 851509K->90212K(744448K)] 953921K->90212K(1210368K), [Metaspace: 59902K->59902K(1105920K)], 0.0358440 secs] [Times: user=0.10 sys=0.00, real=0.03 secs] 
3132.157: [GC (GCLocker Initiated GC) [PSYoungGen: 232960K->166004K(465920K)] 323172K->256216K(1210368K), 0.0313559 secs] [Times: user=0.12 sys=0.00, real=0.04 secs] 
3132.320: [GC (Allocation Failure) [PSYoungGen: 398964K->184534K(465920K)] 489307K->326737K(1210368K), 0.0414983 secs] [Times: user=0.19 sys=0.00, real=0.04 secs] 
3132.493: [GC (Allocation Failure) [PSYoungGen: 417494K->182582K(465920K)] 559697K->389010K(1210368K), 0.0667276 secs] [Times: user=0.32 sys=0.00, real=0.07 secs] 
3132.784: [GC (Allocation Failure) [PSYoungGen: 415542K->182292K(465920K)] 621970K->446480K(1210368K), 0.0839130 secs] [Times: user=0.42 sys=0.00, real=0.09 secs] 
3133.906: [GC (Allocation Failure) [PSYoungGen: 415252K->90330K(465920K)] 679440K->423558K(1210368K), 0.0554890 secs] [Times: user=0.29 sys=0.00, real=0.06 secs] 
3134.153: [GC (GCLocker Initiated GC) [PSYoungGen: 323290K->181046K(465920K)] 656518K->543598K(1210368K), 0.0450528 secs] [Times: user=0.20 sys=0.00, real=0.05 secs] 
3134.733: [GC (Allocation Failure) [PSYoungGen: 414006K->181813K(465920K)] 776561K->600561K(1210368K), 0.1177392 secs] [Times: user=0.60 sys=0.01, real=0.12 secs] 
3135.740: [GC (Allocation Failure) [PSYoungGen: 414773K->182964K(465920K)] 833521K->656680K(1210368K), 0.0706409 secs] [Times: user=0.35 sys=0.00, real=0.07 secs] 
3137.695: [GC (Allocation Failure) [PSYoungGen: 415924K->111293K(465920K)] 889640K->653945K(1210368K), 0.0466562 secs] [Times: user=0.24 sys=0.00, real=0.05 secs] 
3137.941: [GC (Allocation Failure) [PSYoungGen: 344253K->154834K(465920K)] 886905K->734223K(1210368K), 0.0695909 secs] [Times: user=0.35 sys=0.00, real=0.07 secs] 
3138.126: [GC (Allocation Failure) [PSYoungGen: 387794K->184214K(465920K)] 967183K->812614K(1210368K), 0.0406535 secs] [Times: user=0.18 sys=0.00, real=0.04 secs] 
3138.274: [GC (Allocation Failure) [PSYoungGen: 417174K->186071K(465920K)] 1045574K->878471K(1210368K), 0.0492697 secs] [Times: user=0.23 sys=0.00, real=0.05 secs] 
3138.323: [Full GC (Ergonomics) [PSYoungGen: 186071K->0K(465920K)] [ParOldGen: 692400K->316297K(978944K)] 878471K->316297K(1444864K), [Metaspace: 59908K->59908K(1105920K)], 0.4580834 secs] [Times: user=2.16 sys=0.00, real=0.46 secs] 
3138.881: [GC (Allocation Failure) [PSYoungGen: 232960K->179796K(465920K)] 549257K->496094K(1444864K), 0.0293253 secs] [Times: user=0.11 sys=0.01, real=0.03 secs] 
3139.850: [GC (Allocation Failure) [PSYoungGen: 412756K->93467K(465920K)] 729054K->477604K(1444864K), 0.0403313 secs] [Times: user=0.21 sys=0.00, real=0.04 secs] 
3140.002: [GC (Allocation Failure) [PSYoungGen: 326427K->178453K(465920K)] 710564K->592707K(1444864K), 0.0331319 secs] [Times: user=0.14 sys=0.00, real=0.03 secs] 
3140.171: [GC (Allocation Failure) [PSYoungGen: 411413K->183573K(465920K)] 825667K->653403K(1444864K), 0.0475132 secs] [Times: user=0.23 sys=0.00, real=0.05 secs] 
3140.320: [GC (Allocation Failure) [PSYoungGen: 416533K->232820K(465920K)] 886363K->758418K(1444864K), 0.0461457 secs] [Times: user=0.21 sys=0.00, real=0.04 secs] 
3141.339: [GC (Allocation Failure) [PSYoungGen: 465780K->118798K(465920K)] 991378K->713732K(1444864K), 0.0463537 secs] [Times: user=0.23 sys=0.00, real=0.04 secs] 
3141.671: [GC (Allocation Failure) [PSYoungGen: 351758K->148737K(465920K)] 946692K->781295K(1444864K), 0.0928812 secs] [Times: user=0.49 sys=0.00, real=0.09 secs] 
3141.930: [GC (Allocation Failure) [PSYoungGen: 381697K->183893K(465920K)] 1014255K->863268K(1444864K), 0.0580532 secs] [Times: user=0.27 sys=0.00, real=0.06 secs] 
3142.249: [GC (Allocation Failure) [PSYoungGen: 416853K->182614K(465920K)] 1096228K->926029K(1444864K), 0.0670063 secs] [Times: user=0.33 sys=0.00, real=0.06 secs] 
3143.837: [GC (Allocation Failure) [PSYoungGen: 415574K->182804K(465920K)] 1158989K->983995K(1444864K), 0.1004906 secs] [Times: user=0.47 sys=0.06, real=0.10 secs] 
3145.758: [GC (GCLocker Initiated GC) [PSYoungGen: 415764K->91098K(465920K)] 1216956K->961354K(1444864K), 0.0500340 secs] [Times: user=0.22 sys=0.04, real=0.05 secs] 
3145.919: [GC (Allocation Failure) [PSYoungGen: 324058K->175253K(465920K)] 1194480K->1075703K(1444864K), 0.0364165 secs] [Times: user=0.14 sys=0.02, real=0.03 secs] 
3145.955: [Full GC (Ergonomics) [PSYoungGen: 175253K->0K(465920K)] [ParOldGen: 900450K->212883K(896000K)] 1075703K->212883K(1361920K), [Metaspace: 59921K->59921K(1105920K)], 0.2165347 secs] [Times: user=0.97 sys=0.00, real=0.22 secs] 
3146.308: [GC (Allocation Failure) [PSYoungGen: 232960K->183829K(465920K)] 445843K->396713K(1361920K), 0.0267756 secs] [Times: user=0.09 sys=0.00, real=0.02 secs] 
3146.437: [GC (Allocation Failure) [PSYoungGen: 416789K->187125K(465920K)] 629673K->456049K(1361920K), 0.0449471 secs] [Times: user=0.21 sys=0.00, real=0.05 secs] 
3147.415: [GC (Allocation Failure) [PSYoungGen: 420085K->128496K(465920K)] 689009K->467959K(1361920K), 0.0473177 secs] [Times: user=0.24 sys=0.00, real=0.05 secs] 
3147.609: [GC (Allocation Failure) [PSYoungGen: 361456K->140240K(465920K)] 700919K->520472K(1361920K), 0.0554379 secs] [Times: user=0.28 sys=0.00, real=0.05 secs] 
3147.810: [GC (Allocation Failure) [PSYoungGen: 373200K->177397K(465920K)] 753432K->602077K(1361920K), 0.0526558 secs] [Times: user=0.24 sys=0.00, real=0.05 secs] 
3148.021: [GC (Allocation Failure) [PSYoungGen: 410357K->185975K(465920K)] 835037K->672924K(1361920K), 0.0596735 secs] [Times: user=0.29 sys=0.00, real=0.06 secs] 
3148.189: [GC (Allocation Failure) [PSYoungGen: 418935K->186485K(465920K)] 905884K->732574K(1361920K), 0.0568645 secs] [Times: user=0.28 sys=0.01, real=0.05 secs] 
3149.178: [GC (Allocation Failure) [PSYoungGen: 419445K->90586K(465920K)] 965534K->707147K(1361920K), 0.0420501 secs] [Times: user=0.21 sys=0.00, real=0.04 secs] 
3149.333: [GC (Allocation Failure) [PSYoungGen: 323546K->176757K(465920K)] 940107K->822667K(1361920K), 0.0319954 secs] [Times: user=0.12 sys=0.01, real=0.03 secs] 
3149.472: [GC (Allocation Failure) [PSYoungGen: 409717K->181909K(465920K)] 1055627K->882859K(1361920K), 0.0430464 secs] [Times: user=0.19 sys=0.00, real=0.04 secs] 
3150.913: [GC (Allocation Failure) [PSYoungGen: 414869K->181748K(465920K)] 1115819K->937626K(1361920K), 0.1269710 secs] [Times: user=0.67 sys=0.00, real=0.13 secs] 
3153.043: [GC (Allocation Failure) [PSYoungGen: 414708K->141777K(465920K)] 1170586K->966247K(1361920K), 0.0505915 secs] [Times: user=0.24 sys=0.01, real=0.05 secs] 
3153.094: [Full GC (Ergonomics) [PSYoungGen: 141777K->0K(465920K)] [ParOldGen: 824469K->351547K(1061888K)] 966247K->351547K(1527808K), [Metaspace: 59923K->59923K(1105920K)], 0.5729192 secs] [Times: user=2.51 sys=0.00, real=0.57 secs] 
3153.845: [GC (Allocation Failure) [PSYoungGen: 232960K->129135K(465920K)] 584507K->480683K(1527808K), 0.0182973 secs] [Times: user=0.06 sys=0.00, real=0.02 secs] 
3154.013: [GC (Allocation Failure) [PSYoungGen: 362095K->178293K(465920K)] 713643K->570077K(1527808K), 0.0393047 secs] [Times: user=0.17 sys=0.00, real=0.04 secs] 
3154.161: [GC (Allocation Failure) [PSYoungGen: 411253K->186007K(465920K)] 803037K->640011K(1527808K), 0.0493005 secs] [Times: user=0.23 sys=0.00, real=0.05 secs] 
3154.394: [GC (Allocation Failure) [PSYoungGen: 418967K->182868K(465920K)] 872971K->696057K(1527808K), 0.0695610 secs] [Times: user=0.35 sys=0.00, real=0.07 secs] 
3155.404: [GC (GCLocker Initiated GC) [PSYoungGen: 415828K->91259K(465920K)] 929017K->673583K(1527808K), 0.0588302 secs] [Times: user=0.32 sys=0.00, real=0.06 secs] 
3155.638: [GC (Allocation Failure) [PSYoungGen: 324219K->171668K(465920K)] 906546K->784144K(1527808K), 0.0408384 secs] [Times: user=0.18 sys=0.00, real=0.04 secs] 
3155.831: [GC (Allocation Failure) [PSYoungGen: 404628K->184470K(465920K)] 1017104K->850774K(1527808K), 0.0501194 secs] [Times: user=0.23 sys=0.00, real=0.05 secs] 
3156.000: [GC (Allocation Failure) [PSYoungGen: 403240K->171477K(465920K)] 1069545K->902053K(1527808K), 0.0471565 secs] [Times: user=0.22 sys=0.00, real=0.04 secs] 
3156.789: [GC (Allocation Failure) [PSYoungGen: 401245K->205971K(465920K)] 1131821K->991203K(1527808K), 0.0524677 secs] [Times: user=0.26 sys=0.00, real=0.05 secs] 
3157.276: [GC (Allocation Failure) [PSYoungGen: 438931K->96779K(465920K)] 1224163K->946827K(1527808K), 0.0601839 secs] [Times: user=0.32 sys=0.00, real=0.06 secs] 
3157.470: [GC (Allocation Failure) [PSYoungGen: 329739K->183414K(465920K)] 1179787K->1064743K(1527808K), 0.0350816 secs] [Times: user=0.15 sys=0.00, real=0.03 secs] 
3157.992: [GC (Allocation Failure) [PSYoungGen: 416374K->183957K(465920K)] 1297703K->1122119K(1527808K), 0.0526743 secs] [Times: user=0.19 sys=0.06, real=0.05 secs] 
3159.358: [GC (Allocation Failure) [PSYoungGen: 416917K->180372K(465920K)] 1355079K->1174125K(1527808K), 0.1270609 secs] [Times: user=0.58 sys=0.09, real=0.12 secs] 
3159.485: [Full GC (Ergonomics) [PSYoungGen: 180372K->0K(465920K)] [ParOldGen: 993753K->340078K(1081856K)] 1174125K->340078K(1547776K), [Metaspace: 59929K->59929K(1105920K)], 0.6143867 secs] [Times: user=2.90 sys=0.00, real=0.62 secs] 
3161.075: [GC (Allocation Failure) [PSYoungGen: 232960K->104108K(465920K)] 573038K->444186K(1547776K), 0.0518725 secs] [Times: user=0.27 sys=0.00, real=0.05 secs] 
3161.588: [GC (Allocation Failure) [PSYoungGen: 337068K->166004K(465920K)] 677146K->539423K(1547776K), 0.0631555 secs] [Times: user=0.30 sys=0.00, real=0.06 secs] 
3161.823: [GC (Allocation Failure) [PSYoungGen: 398964K->184726K(465920K)] 772383K->610109K(1547776K), 0.0631782 secs] [Times: user=0.31 sys=0.00, real=0.06 secs] 
3162.011: [GC (Allocation Failure) [PSYoungGen: 417686K->185751K(465920K)] 843069K->675310K(1547776K), 0.0508108 secs] [Times: user=0.24 sys=0.00, real=0.05 secs] 
3162.366: [GC (Allocation Failure) [PSYoungGen: 418711K->197844K(465920K)] 908270K->746403K(1547776K), 0.0523637 secs] [Times: user=0.26 sys=0.00, real=0.06 secs] 
3163.162: [GC (GCLocker Initiated GC) [PSYoungGen: 430804K->93739K(465920K)] 979364K->710183K(1547776K), 0.0411558 secs] [Times: user=0.21 sys=0.00, real=0.04 secs] 
3163.338: [GC (Allocation Failure) [PSYoungGen: 326699K->178581K(465920K)] 943145K->825217K(1547776K), 0.0455630 secs] [Times: user=0.19 sys=0.01, real=0.04 secs] 
3163.537: [GC (Allocation Failure) [PSYoungGen: 411541K->183061K(465920K)] 1058177K->885701K(1547776K), 0.0588673 secs] [Times: user=0.28 sys=0.00, real=0.06 secs] 
3163.720: [GC (Allocation Failure) [PSYoungGen: 416021K->186805K(465920K)] 1118661K->945008K(1547776K), 0.0466228 secs] [Times: user=0.22 sys=0.00, real=0.04 secs] 
3164.707: [GC (Allocation Failure) [PSYoungGen: 419765K->99084K(465920K)] 1177968K->927567K(1547776K), 0.0461290 secs] [Times: user=0.23 sys=0.00, real=0.05 secs] 
3164.867: [GC (Allocation Failure) [PSYoungGen: 332044K->165107K(465920K)] 1160527K->1026536K(1547776K), 0.0425043 secs] [Times: user=0.20 sys=0.00, real=0.05 secs] 
3165.089: [GC (Allocation Failure) [PSYoungGen: 398067K->182357K(465920K)] 1259496K->1095130K(1547776K), 0.0617154 secs] [Times: user=0.29 sys=0.00, real=0.06 secs] 
3165.315: [GC (Allocation Failure) [PSYoungGen: 415317K->185975K(465920K)] 1328090K->1162275K(1547776K), 0.0569439 secs] [Times: user=0.28 sys=0.00, real=0.06 secs] 
3167.232: [GC (Allocation Failure) [PSYoungGen: 418935K->179316K(465920K)] 1395235K->1214416K(1547776K), 0.1199182 secs] [Times: user=0.59 sys=0.05, real=0.12 secs] 
3167.352: [Full GC (Ergonomics) [PSYoungGen: 179316K->0K(465920K)] [ParOldGen: 1035100K->363520K(1139712K)] 1214416K->363520K(1605632K), [Metaspace: 59942K->59942K(1105920K)], 0.6348377 secs] [Times: user=3.02 sys=0.00, real=0.63 secs] 
3169.563: [GC (Allocation Failure) [PSYoungGen: 232960K->89850K(465920K)] 596480K->453371K(1605632K), 0.0434316 secs] [Times: user=0.18 sys=0.01, real=0.04 secs] 
3169.905: [GC (Allocation Failure) [PSYoungGen: 322810K->178005K(465920K)] 686331K->570303K(1605632K), 0.0328652 secs] [Times: user=0.13 sys=0.00, real=0.04 secs] 
3170.044: [GC (Allocation Failure) [PSYoungGen: 410965K->184822K(465920K)] 803263K->632592K(1605632K), 0.0454575 secs] [Times: user=0.19 sys=0.00, real=0.05 secs] 
3170.196: [GC (Allocation Failure) [PSYoungGen: 417782K->187157K(465920K)] 865552K->690751K(1605632K), 0.0448764 secs] [Times: user=0.20 sys=0.00, real=0.05 secs] 
3171.185: [GC (Allocation Failure) [PSYoungGen: 420117K->108493K(465920K)] 923711K->682751K(1605632K), 0.0458258 secs] [Times: user=0.22 sys=0.01, real=0.05 secs] 
3171.362: [GC (Allocation Failure) [PSYoungGen: 341453K->156947K(465920K)] 915711K->767012K(1605632K), 0.0531355 secs] [Times: user=0.26 sys=0.01, real=0.05 secs] 
3171.539: [GC (Allocation Failure) [PSYoungGen: 389907K->182421K(465920K)] 999972K->841259K(1605632K), 0.0511517 secs] [Times: user=0.24 sys=0.00, real=0.05 secs] 
3171.704: [GC (Allocation Failure) [PSYoungGen: 415381K->186039K(465920K)] 1074219K->908768K(1605632K), 0.0493398 secs] [Times: user=0.23 sys=0.00, real=0.05 secs] 
3171.876: [GC (Allocation Failure) [PSYoungGen: 418999K->183444K(465920K)] 1141728K->965174K(1605632K), 0.0675380 secs] [Times: user=0.34 sys=0.01, real=0.07 secs] 
3172.870: [GC (Allocation Failure) [PSYoungGen: 416404K->92667K(465920K)] 1198134K->943612K(1605632K), 0.0407445 secs] [Times: user=0.21 sys=0.00, real=0.04 secs] 
3173.021: [GC (Allocation Failure) [PSYoungGen: 325627K->171732K(465920K)] 1176572K->1053411K(1605632K), 0.0329217 secs] [Times: user=0.14 sys=0.00, real=0.03 secs] 
3173.160: [GC (Allocation Failure) [PSYoungGen: 404692K->183765K(465920K)] 1286371K->1118828K(1605632K), 0.0428186 secs] [Times: user=0.19 sys=0.00, real=0.04 secs] 
3173.334: [GC (Allocation Failure) [PSYoungGen: 416725K->186869K(465920K)] 1351788K->1177763K(1605632K), 0.0464408 secs] [Times: user=0.22 sys=0.00, real=0.05 secs] 
3174.383: [GC (Allocation Failure) [PSYoungGen: 419829K->118446K(465920K)] 1410723K->1179749K(1605632K), 0.0482356 secs] [Times: user=0.23 sys=0.01, real=0.05 secs] 
3174.431: [Full GC (Ergonomics) [PSYoungGen: 118446K->0K(465920K)] [ParOldGen: 1061302K->336537K(1150976K)] 1179749K->336537K(1616896K), [Metaspace: 59945K->59945K(1105920K)], 0.5755987 secs] [Times: user=2.52 sys=0.00, real=0.57 secs] 
3176.743: [GC (Allocation Failure) [PSYoungGen: 232960K->148737K(465920K)] 569497K->485275K(1616896K), 0.0342195 secs] [Times: user=0.13 sys=0.00, real=0.03 secs] 
3176.987: [GC (Allocation Failure) [PSYoungGen: 381697K->180917K(465920K)] 718235K->563983K(1616896K), 0.0553130 secs] [Times: user=0.25 sys=0.00, real=0.05 secs] 
3177.200: [GC (Allocation Failure) [PSYoungGen: 413800K->182166K(465920K)] 796866K->628213K(1616896K), 0.0715648 secs] [Times: user=0.33 sys=0.01, real=0.07 secs] 
3177.430: [GC (Allocation Failure) [PSYoungGen: 415126K->186485K(465920K)] 861173K->690107K(1616896K), 0.0808475 secs] [Times: user=0.41 sys=0.01, real=0.08 secs] 
3178.441: [GC (Allocation Failure) [PSYoungGen: 419445K->94731K(465920K)] 923067K->668793K(1616896K), 0.0423316 secs] [Times: user=0.22 sys=0.00, real=0.04 secs] 
3178.671: [GC (GCLocker Initiated GC) [PSYoungGen: 327691K->174101K(465920K)] 901754K->778517K(1616896K), 0.0507195 secs] [Times: user=0.20 sys=0.01, real=0.05 secs] 
3178.910: [GC (Allocation Failure) [PSYoungGen: 407061K->183989K(465920K)] 1011479K->842743K(1616896K), 0.0594269 secs] [Times: user=0.28 sys=0.00, real=0.06 secs] 
3179.083: [GC (Allocation Failure) [PSYoungGen: 416949K->187093K(465920K)] 1075703K->901927K(1616896K), 0.0450660 secs] [Times: user=0.21 sys=0.00, real=0.05 secs] 
3180.079: [GC (Allocation Failure) [PSYoungGen: 420053K->125775K(465920K)] 1134887K->911089K(1616896K), 0.0478774 secs] [Times: user=0.24 sys=0.00, real=0.04 secs] 
3180.283: [GC (Allocation Failure) [PSYoungGen: 358735K->141393K(465920K)] 1144049K->966851K(1616896K), 0.0610083 secs] [Times: user=0.30 sys=0.01, real=0.06 secs] 
3180.460: [GC (Allocation Failure) [PSYoungGen: 374353K->177045K(465920K)] 1199811K->1047970K(1616896K), 0.0400257 secs] [Times: user=0.17 sys=0.01, real=0.04 secs] 
3180.633: [GC (Allocation Failure) [PSYoungGen: 410005K->185303K(465920K)] 1280930K->1118084K(1616896K), 0.0641228 secs] [Times: user=0.32 sys=0.00, real=0.06 secs] 
3182.187: [GC (Allocation Failure) [PSYoungGen: 418263K->179444K(465920K)] 1351044K->1170953K(1616896K), 0.1480632 secs] [Times: user=0.79 sys=0.00, real=0.15 secs] 
3184.301: [GC (Allocation Failure) [PSYoungGen: 412404K->92843K(465920K)] 1403913K->1152424K(1616896K), 0.1200053 secs] [Times: user=0.67 sys=0.00, real=0.12 secs] 
3185.388: [GC (Allocation Failure) [PSYoungGen: 325803K->173749K(465920K)] 1385384K->1263683K(1616896K), 0.0432257 secs] [Times: user=0.18 sys=0.02, real=0.04 secs] 
3185.431: [Full GC (Ergonomics) [PSYoungGen: 173749K->0K(465920K)] [ParOldGen: 1089934K->207535K(1063424K)] 1263683K->207535K(1529344K), [Metaspace: 59957K->59957K(1105920K)], 0.2111876 secs] [Times: user=0.95 sys=0.00, real=0.21 secs] 
3185.754: [GC (Allocation Failure) [PSYoungGen: 232960K->184566K(465920K)] 440495K->392101K(1529344K), 0.0271005 secs] [Times: user=0.10 sys=0.00, real=0.03 secs] 
3185.884: [GC (Allocation Failure) [PSYoungGen: 417526K->183796K(465920K)] 625061K->447324K(1529344K), 0.0435156 secs] [Times: user=0.20 sys=0.00, real=0.05 secs] 
3186.815: [GC (Allocation Failure) [PSYoungGen: 416756K->144338K(465920K)] 680284K->477249K(1529344K), 0.0491198 secs] [Times: user=0.24 sys=0.01, real=0.05 secs] 
3187.143: [GC (Allocation Failure) [PSYoungGen: 377298K->130831K(465920K)] 710209K->509575K(1529344K), 0.1048704 secs] [Times: user=0.58 sys=0.00, real=0.11 secs] 
3187.353: [GC (Allocation Failure) [PSYoungGen: 363791K->172052K(405504K)] 742535K->593097K(1468928K), 0.0378736 secs] [Times: user=0.16 sys=0.01, real=0.04 secs] 
3187.501: [GC (Allocation Failure) [PSYoungGen: 405012K->184439K(462848K)] 826057K->665483K(1526272K), 0.0498151 secs] [Times: user=0.23 sys=0.00, real=0.05 secs] 
3187.654: [GC (Allocation Failure) [PSYoungGen: 415863K->185717K(464384K)] 896907K->725442K(1527808K), 0.0578391 secs] [Times: user=0.29 sys=0.00, real=0.06 secs] 
3188.632: [GC (Allocation Failure) [PSYoungGen: 417141K->97915K(465920K)] 956866K->707812K(1529344K), 0.0469369 secs] [Times: user=0.25 sys=0.00, real=0.05 secs] 
3188.870: [GC (Allocation Failure) [PSYoungGen: 330875K->170068K(465920K)] 940772K->811882K(1529344K), 0.0393463 secs] [Times: user=0.17 sys=0.00, real=0.04 secs] 
3189.032: [GC (Allocation Failure) [PSYoungGen: 403028K->181525K(465920K)] 1044842K->876959K(1529344K), 0.0450258 secs] [Times: user=0.21 sys=0.00, real=0.04 secs] 
3189.208: [GC (Allocation Failure) [PSYoungGen: 403928K->172821K(465920K)] 1099361K->931343K(1529344K), 0.0480728 secs] [Times: user=0.22 sys=0.00, real=0.04 secs] 
3190.270: [GC (Allocation Failure) [PSYoungGen: 405781K->169043K(456704K)] 1164303K->982261K(1520128K), 0.0540199 secs] [Times: user=0.27 sys=0.00, real=0.05 secs] 
3191.604: [GC (GCLocker Initiated GC) [PSYoungGen: 402003K->111773K(461312K)] 1215221K->989707K(1524736K), 0.0847742 secs] [Times: user=0.44 sys=0.00, real=0.09 secs] 
3191.850: [GC (Allocation Failure) [PSYoungGen: 344733K->178709K(467456K)] 1222673K->1092638K(1530880K), 0.0364791 secs] [Times: user=0.15 sys=0.00, real=0.03 secs] 
3192.139: [GC (Allocation Failure) [PSYoungGen: 415765K->188215K(425472K)] 1329694K->1172744K(1488896K), 0.0555841 secs] [Times: user=0.26 sys=0.00, real=0.05 secs] 
3192.195: [Full GC (Ergonomics) [PSYoungGen: 188215K->0K(425472K)] [ParOldGen: 984529K->303704K(1199616K)] 1172744K->303704K(1625088K), [Metaspace: 59960K->59960K(1105920K)], 0.4199783 secs] [Times: user=1.95 sys=0.01, real=0.42 secs] 
3192.718: [GC (Allocation Failure) [PSYoungGen: 237056K->186453K(465920K)] 540760K->490157K(1665536K), 0.0349514 secs] [Times: user=0.15 sys=0.01, real=0.03 secs] 
3193.715: [GC (Allocation Failure) [PSYoungGen: 419413K->98651K(465920K)] 723117K->473116K(1665536K), 0.0448904 secs] [Times: user=0.23 sys=0.00, real=0.05 secs] 
3193.961: [GC (Allocation Failure) [PSYoungGen: 331611K->166420K(465920K)] 706076K->572892K(1665536K), 0.0522300 secs] [Times: user=0.23 sys=0.01, real=0.05 secs] 
3194.159: [GC (Allocation Failure) [PSYoungGen: 399380K->184085K(465920K)] 805852K->642402K(1665536K), 0.0433439 secs] [Times: user=0.20 sys=0.00, real=0.04 secs] 
3194.307: [GC (Allocation Failure) [PSYoungGen: 407447K->178070K(465920K)] 865763K->700562K(1665536K), 0.0499905 secs] [Times: user=0.24 sys=0.00, real=0.05 secs] 
3195.184: [GC (Allocation Failure) [PSYoungGen: 411030K->169779K(402944K)] 933522K->749043K(1602560K), 0.0560737 secs] [Times: user=0.28 sys=0.00, real=0.06 secs] 
3195.466: [GC (Allocation Failure) [PSYoungGen: 402739K->104572K(459776K)] 982003K->748813K(1659392K), 0.0407529 secs] [Times: user=0.20 sys=0.01, real=0.04 secs] 
3195.615: [GC (Allocation Failure) [PSYoungGen: 333373K->178389K(462848K)] 977614K->856307K(1662464K), 0.0353558 secs] [Times: user=0.14 sys=0.00, real=0.04 secs] 
3195.755: [GC (Allocation Failure) [PSYoungGen: 408277K->178389K(465920K)] 1086195K->911742K(1665536K), 0.0446347 secs] [Times: user=0.20 sys=0.01, real=0.05 secs] 
3196.038: [GC (Allocation Failure) [PSYoungGen: 411349K->186485K(465920K)] 1144702K->973902K(1665536K), 0.0480525 secs] [Times: user=0.22 sys=0.00, real=0.04 secs] 
3197.031: [GC (Allocation Failure) [PSYoungGen: 419445K->100684K(465920K)] 1206862K->958497K(1665536K), 0.0476654 secs] [Times: user=0.24 sys=0.01, real=0.05 secs] 
3197.194: [GC (GCLocker Initiated GC) [PSYoungGen: 333644K->168596K(465920K)] 1191457K->1059699K(1665536K), 0.0452631 secs] [Times: user=0.21 sys=0.00, real=0.05 secs] 
3197.369: [GC (Allocation Failure) [PSYoungGen: 401556K->183893K(465920K)] 1292789K->1127786K(1665536K), 0.0515641 secs] [Times: user=0.25 sys=0.00, real=0.05 secs] 
3197.528: [GC (Allocation Failure) [PSYoungGen: 416853K->182422K(465920K)] 1360746K->1190275K(1665536K), 0.0506618 secs] [Times: user=0.24 sys=0.00, real=0.05 secs] 
3200.572: [GC (Allocation Failure) [PSYoungGen: 415382K->216532K(465920K)] 1423235K->1282029K(1665536K), 0.0600585 secs] [Times: user=0.29 sys=0.00, real=0.06 secs] 
3202.443: [GC (Allocation Failure) [PSYoungGen: 449492K->83337K(465920K)] 1514989K->1217970K(1665536K), 0.1078930 secs] [Times: user=0.50 sys=0.10, real=0.11 secs] 
3202.551: [Full GC (Ergonomics) [PSYoungGen: 83337K->0K(465920K)] [ParOldGen: 1134632K->102500K(1034240K)] 1217970K->102500K(1500160K), [Metaspace: 59966K->59966K(1105920K)], 0.1478202 secs] [Times: user=0.61 sys=0.00, real=0.15 secs] 
3202.819: [GC (Allocation Failure) [PSYoungGen: 232960K->186166K(465920K)] 335460K->288666K(1500160K), 0.0298661 secs] [Times: user=0.11 sys=0.01, real=0.03 secs] 
3202.956: [GC (Allocation Failure) [PSYoungGen: 419126K->184246K(465920K)] 521626K->343138K(1500160K), 0.0415492 secs] [Times: user=0.19 sys=0.00, real=0.05 secs] 
3203.124: [GC (Allocation Failure) [PSYoungGen: 417206K->186933K(465920K)] 576098K->401586K(1500160K), 0.0497237 secs] [Times: user=0.23 sys=0.00, real=0.05 secs] 
3204.152: [GC (GCLocker Initiated GC) [PSYoungGen: 419893K->100972K(465920K)] 634546K->386025K(1500160K), 0.0495464 secs] [Times: user=0.26 sys=0.00, real=0.05 secs] 
3204.363: [GC (Allocation Failure) [PSYoungGen: 333932K->160339K(465920K)] 618987K->478863K(1500160K), 0.0702585 secs] [Times: user=0.35 sys=0.01, real=0.07 secs] 
3204.600: [GC (Allocation Failure) [PSYoungGen: 393299K->183637K(465920K)] 711823K->552009K(1500160K), 0.0559504 secs] [Times: user=0.26 sys=0.00, real=0.05 secs] 
3204.771: [GC (Allocation Failure) [PSYoungGen: 416597K->186167K(465920K)] 784969K->618751K(1500160K), 0.0492581 secs] [Times: user=0.23 sys=0.00, real=0.05 secs] 
3205.196: [GC (Allocation Failure) [PSYoungGen: 419127K->186165K(465920K)] 851711K->677841K(1500160K), 0.0559812 secs] [Times: user=0.27 sys=0.00, real=0.06 secs] 
3206.324: [GC (Allocation Failure) [PSYoungGen: 419125K->87146K(465920K)] 910801K->648874K(1500160K), 0.0562428 secs] [Times: user=0.30 sys=0.00, real=0.06 secs] 
3206.582: [GC (Allocation Failure) [PSYoungGen: 320106K->179733K(465920K)] 881834K->769578K(1500160K), 0.0425291 secs] [Times: user=0.19 sys=0.00, real=0.04 secs] 
3206.863: [GC (Allocation Failure) [PSYoungGen: 412693K->184374K(465920K)] 1002538K->830322K(1500160K), 0.0611576 secs] [Times: user=0.29 sys=0.00, real=0.06 secs] 
3209.862: [GC (Allocation Failure) [PSYoungGen: 417334K->178740K(465920K)] 1063282K->880488K(1500160K), 0.1232558 secs] [Times: user=0.64 sys=0.00, real=0.12 secs] 
3210.985: [GC (Allocation Failure) [PSYoungGen: 411700K->117518K(465920K)] 1113448K->887106K(1500160K), 0.0473600 secs] [Times: user=0.24 sys=0.00, real=0.05 secs] 
3211.602: [GC (Allocation Failure) [PSYoungGen: 350478K->146545K(465920K)] 1120066K->953806K(1500160K), 0.0795514 secs] [Times: user=0.41 sys=0.01, real=0.08 secs] 
3211.812: [GC (Allocation Failure) [PSYoungGen: 379505K->183797K(465920K)] 1186766K->1036810K(1500160K), 0.0407452 secs] [Times: user=0.18 sys=0.00, real=0.04 secs] 
3212.006: [GC (Allocation Failure) [PSYoungGen: 416757K->185655K(465920K)] 1269770K->1102803K(1500160K), 0.0741411 secs] [Times: user=0.36 sys=0.00, real=0.08 secs] 
3212.208: [GC (Allocation Failure) [PSYoungGen: 418615K->186965K(465920K)] 1335763K->1163098K(1500160K), 0.0575256 secs] [Times: user=0.28 sys=0.00, real=0.05 secs] 
3212.265: [Full GC (Ergonomics) [PSYoungGen: 186965K->0K(465920K)] [ParOldGen: 976132K->362356K(1321984K)] 1163098K->362356K(1787904K), [Metaspace: 59971K->59971K(1105920K)], 0.6064122 secs] [Times: user=2.84 sys=0.00, real=0.61 secs] 
3213.793: [GC (Allocation Failure) [PSYoungGen: 232960K->85450K(465920K)] 595316K->447807K(1787904K), 0.0205321 secs] [Times: user=0.09 sys=0.00, real=0.02 secs] 
3213.926: [GC (Allocation Failure) [PSYoungGen: 318410K->177653K(465920K)] 680767K->568307K(1787904K), 0.0320007 secs] [Times: user=0.13 sys=0.00, real=0.04 secs] 
3214.088: [GC (Allocation Failure) [PSYoungGen: 410613K->184405K(465920K)] 801267K->630563K(1787904K), 0.0482325 secs] [Times: user=0.22 sys=0.00, real=0.04 secs] 
3214.264: [GC (Allocation Failure) [PSYoungGen: 417365K->187093K(465920K)] 863523K->689531K(1787904K), 0.0477529 secs] [Times: user=0.22 sys=0.00, real=0.05 secs] 
3215.270: [GC (Allocation Failure) [PSYoungGen: 420053K->125487K(465920K)] 922491K->698477K(1787904K), 0.0475648 secs] [Times: user=0.23 sys=0.00, real=0.05 secs] 
3216.365: [GC (Allocation Failure) [PSYoungGen: 358447K->140865K(465920K)] 931437K->753438K(1787904K), 0.0965369 secs] [Times: user=0.51 sys=0.01, real=0.10 secs] 
3216.634: [GC (Allocation Failure) [PSYoungGen: 373825K->178389K(465920K)] 986398K->835891K(1787904K), 0.0537435 secs] [Times: user=0.25 sys=0.00, real=0.06 secs] 
3218.133: [GC (Allocation Failure) [PSYoungGen: 411349K->182390K(465920K)] 1068851K->902092K(1787904K), 0.1135065 secs] [Times: user=0.57 sys=0.01, real=0.11 secs] 
3218.446: [GC (Allocation Failure) [PSYoungGen: 415350K->186197K(465920K)] 1135052K->964067K(1787904K), 0.0572172 secs] [Times: user=0.28 sys=0.00, real=0.06 secs] 
3219.562: [GC (Allocation Failure) [PSYoungGen: 419157K->91786K(465920K)] 1197027K->939769K(1787904K), 0.0523260 secs] [Times: user=0.28 sys=0.00, real=0.05 secs] 
3219.814: [GC (GCLocker Initiated GC) [PSYoungGen: 324746K->173301K(465920K)] 1172729K->1050700K(1787904K), 0.0320481 secs] [Times: user=0.13 sys=0.00, real=0.03 secs] 
3219.953: [GC (Allocation Failure) [PSYoungGen: 406261K->184726K(465920K)] 1283954K->1116704K(1787904K), 0.0428445 secs] [Times: user=0.19 sys=0.00, real=0.04 secs] 
3220.099: [GC (Allocation Failure) [PSYoungGen: 417686K->183540K(465920K)] 1349664K->1171510K(1787904K), 0.0455142 secs] [Times: user=0.21 sys=0.00, real=0.04 secs] 
3221.093: [GC (Allocation Failure) [PSYoungGen: 416500K->141137K(465920K)] 1404470K->1198375K(1787904K), 0.0541914 secs] [Times: user=0.25 sys=0.03, real=0.05 secs] 
3221.312: [GC (GCLocker Initiated GC) [PSYoungGen: 374097K->137776K(465920K)] 1431338K->1239837K(1787904K), 0.0699055 secs] [Times: user=0.28 sys=0.03, real=0.07 secs] 
3221.511: [GC (GCLocker Initiated GC) [PSYoungGen: 370736K->171636K(465920K)] 1472802K->1317905K(1787904K), 0.0414292 secs] [Times: user=0.17 sys=0.01, real=0.04 secs] 
3221.660: [GC (Allocation Failure) [PSYoungGen: 404596K->181974K(465920K)] 1550868K->1388987K(1787904K), 0.0561848 secs] [Times: user=0.23 sys=0.04, real=0.05 secs] 
3221.821: [GC (Allocation Failure) [PSYoungGen: 414934K->186389K(465920K)] 1621947K->1451489K(1787904K), 0.0593640 secs] [Times: user=0.26 sys=0.03, real=0.06 secs] 
3221.881: [Full GC (Ergonomics) [PSYoungGen: 186389K->0K(465920K)] [ParOldGen: 1265100K->354776K(1340416K)] 1451489K->354776K(1806336K), [Metaspace: 59979K->59979K(1105920K)], 0.5798454 secs] [Times: user=2.74 sys=0.00, real=0.58 secs] 
3223.494: [GC (Allocation Failure) [PSYoungGen: 232960K->92139K(465920K)] 587736K->446915K(1806336K), 0.0416910 secs] [Times: user=0.21 sys=0.00, real=0.04 secs] 
3224.078: [GC (Allocation Failure) [PSYoungGen: 325099K->177237K(465920K)] 679875K->562458K(1806336K), 0.0367009 secs] [Times: user=0.15 sys=0.00, real=0.03 secs] 
3224.249: [GC (Allocation Failure) [PSYoungGen: 410197K->184630K(465920K)] 795418K->624843K(1806336K), 0.0565878 secs] [Times: user=0.27 sys=0.00, real=0.05 secs] 
3224.776: [GC (Allocation Failure) [PSYoungGen: 417590K->183156K(465920K)] 857803K->679305K(1806336K), 0.0859375 secs] [Times: user=0.44 sys=0.00, real=0.09 secs] 
3225.999: [GC (Allocation Failure) [PSYoungGen: 416116K->148754K(465920K)] 912265K->713951K(1806336K), 0.0500537 secs] [Times: user=0.25 sys=0.00, real=0.05 secs] 
3226.782: [GC (Allocation Failure) [PSYoungGen: 381714K->126591K(465920K)] 946911K->739004K(1806336K), 0.1160948 secs] [Times: user=0.64 sys=0.00, real=0.12 secs] 
3227.092: [GC (Allocation Failure) [PSYoungGen: 359551K->177685K(465920K)] 971964K->830590K(1806336K), 0.0375387 secs] [Times: user=0.16 sys=0.00, real=0.04 secs] 
3227.422: [GC (Allocation Failure) [PSYoungGen: 410645K->184054K(465920K)] 1063550K->898936K(1806336K), 0.0529298 secs] [Times: user=0.25 sys=0.00, real=0.05 secs] 
3227.612: [GC (Allocation Failure) [PSYoungGen: 417014K->183380K(465920K)] 1131896K->956670K(1806336K), 0.0782833 secs] [Times: user=0.40 sys=0.00, real=0.08 secs] 
3228.619: [GC (Allocation Failure) [PSYoungGen: 416340K->92763K(465920K)] 1189630K->935452K(1806336K), 0.0445989 secs] [Times: user=0.22 sys=0.01, real=0.04 secs] 
3228.872: [GC (Allocation Failure) [PSYoungGen: 325723K->171444K(465920K)] 1168412K->1044522K(1806336K), 0.0506370 secs] [Times: user=0.22 sys=0.00, real=0.05 secs] 
3229.084: [GC (Allocation Failure) [PSYoungGen: 404404K->184310K(465920K)] 1277482K->1111335K(1806336K), 0.0428032 secs] [Times: user=0.19 sys=0.00, real=0.04 secs] 
3229.249: [GC (Allocation Failure) [PSYoungGen: 406818K->173397K(465920K)] 1333844K->1164599K(1806336K), 0.0532375 secs] [Times: user=0.26 sys=0.00, real=0.05 secs] 
3230.137: [GC (Allocation Failure) [PSYoungGen: 406357K->168723K(460800K)] 1397559K->1214952K(1801216K), 0.0566549 secs] [Times: user=0.29 sys=0.00, real=0.06 secs] 
3230.622: [GC (Allocation Failure) [PSYoungGen: 401683K->97019K(463360K)] 1447912K->1207725K(1803776K), 0.0824938 secs] [Times: user=0.44 sys=0.00, real=0.08 secs] 
3230.871: [GC (Allocation Failure) [PSYoungGen: 329979K->183638K(465920K)] 1440685K->1325545K(1806336K), 0.0353649 secs] [Times: user=0.15 sys=0.00, real=0.03 secs] 
3231.011: [GC (GCLocker Initiated GC) [PSYoungGen: 416598K->182293K(465920K)] 1558508K->1381363K(1806336K), 0.0441310 secs] [Times: user=0.20 sys=0.00, real=0.04 secs] 
3231.234: [GC (Allocation Failure) [PSYoungGen: 415253K->182164K(465920K)] 1614324K->1436355K(1806336K), 0.0575377 secs] [Times: user=0.28 sys=0.00, real=0.06 secs] 
3234.375: [GC (Allocation Failure) [PSYoungGen: 415124K->95419K(465920K)] 1669315K->1418498K(1806336K), 0.0669845 secs] [Times: user=0.31 sys=0.05, real=0.07 secs] 
3234.442: [Full GC (Ergonomics) [PSYoungGen: 95419K->0K(465920K)] [ParOldGen: 1323078K->84676K(1107968K)] 1418498K->84676K(1573888K), [Metaspace: 59981K->59981K(1105920K)], 0.0538115 secs] [Times: user=0.12 sys=0.01, real=0.05 secs] 
3235.723: [GC (Allocation Failure) [PSYoungGen: 232960K->162451K(465920K)] 317636K->247128K(1573888K), 0.0329192 secs] [Times: user=0.12 sys=0.00, real=0.03 secs] 
3235.947: [GC (Allocation Failure) [PSYoungGen: 395411K->180341K(465920K)] 480088K->316038K(1573888K), 0.0591370 secs] [Times: user=0.28 sys=0.00, real=0.06 secs] 
3236.179: [GC (Allocation Failure) [PSYoungGen: 413301K->185911K(465920K)] 548998K->384335K(1573888K), 0.0672990 secs] [Times: user=0.33 sys=0.00, real=0.06 secs] 
3236.391: [GC (Allocation Failure) [PSYoungGen: 418871K->186933K(465920K)] 617295K->444342K(1573888K), 0.0587439 secs] [Times: user=0.30 sys=0.00, real=0.06 secs] 
3237.359: [GC (Allocation Failure) [PSYoungGen: 419893K->87418K(465920K)] 677302K->415411K(1573888K), 0.0403285 secs] [Times: user=0.20 sys=0.01, real=0.04 secs] 
3237.509: [GC (GCLocker Initiated GC) [PSYoungGen: 320378K->177173K(465920K)] 648371K->533527K(1573888K), 0.0330222 secs] [Times: user=0.13 sys=0.01, real=0.03 secs] 
3237.649: [GC (Allocation Failure) [PSYoungGen: 410133K->184085K(465920K)] 766490K->595490K(1573888K), 0.0436010 secs] [Times: user=0.19 sys=0.00, real=0.04 secs] 
3237.797: [GC (Allocation Failure) [PSYoungGen: 417045K->186677K(465920K)] 828450K->654193K(1573888K), 0.0455527 secs] [Times: user=0.21 sys=0.00, real=0.05 secs] 
3238.761: [GC (Allocation Failure) [PSYoungGen: 419637K->111229K(465920K)] 887153K->649250K(1573888K), 0.0461766 secs] [Times: user=0.23 sys=0.00, real=0.05 secs] 
3239.010: [GC (Allocation Failure) [PSYoungGen: 344189K->158259K(465920K)] 882210K->733108K(1573888K), 0.0759891 secs] [Times: user=0.39 sys=0.00, real=0.07 secs] 
3239.251: [GC (Allocation Failure) [PSYoungGen: 391219K->180949K(465920K)] 966068K->805131K(1573888K), 0.0429792 secs] [Times: user=0.19 sys=0.00, real=0.04 secs] 
3239.457: [GC (Allocation Failure) [PSYoungGen: 413909K->182198K(465920K)] 1038091K->869460K(1573888K), 0.0703702 secs] [Times: user=0.34 sys=0.00, real=0.07 secs] 
3240.850: [GC (GCLocker Initiated GC) [PSYoungGen: 415158K->184757K(465920K)] 1102420K->929811K(1573888K), 0.1523353 secs] [Times: user=0.82 sys=0.00, real=0.15 secs] 
3243.201: [GC (Allocation Failure) [PSYoungGen: 417717K->93339K(465920K)] 1162773K->908323K(1573888K), 0.1249486 secs] [Times: user=0.68 sys=0.01, real=0.12 secs] 
3243.603: [GC (Allocation Failure) [PSYoungGen: 326299K->174997K(465920K)] 1141283K->1020642K(1573888K), 0.0349376 secs] [Times: user=0.13 sys=0.01, real=0.04 secs] 
3243.768: [GC (Allocation Failure) [PSYoungGen: 407957K->181525K(465920K)] 1253602K->1081370K(1573888K), 0.0571829 secs] [Times: user=0.27 sys=0.01, real=0.05 secs] 
3243.971: [GC (Allocation Failure) [PSYoungGen: 414485K->186293K(465920K)] 1314330K->1141106K(1573888K), 0.0461444 secs] [Times: user=0.21 sys=0.00, real=0.04 secs] 
3244.942: [GC (Allocation Failure) [PSYoungGen: 419253K->121359K(465920K)] 1374066K->1146444K(1573888K), 0.0481363 secs] [Times: user=0.24 sys=0.00, real=0.05 secs] 
3244.990: [Full GC (Ergonomics) [PSYoungGen: 121359K->0K(465920K)] [ParOldGen: 1025085K->101309K(1155072K)] 1146444K->101309K(1620992K), [Metaspace: 59982K->59982K(1105920K)], 0.0326715 secs] [Times: user=0.10 sys=0.00, real=0.03 secs] 
3245.227: [GC (GCLocker Initiated GC) [PSYoungGen: 232960K->145969K(465920K)] 334272K->247281K(1620992K), 0.0235644 secs] [Times: user=0.09 sys=0.00, real=0.03 secs] 
3245.361: [GC (Allocation Failure) [PSYoungGen: 378929K->183253K(465920K)] 480536K->330521K(1620992K), 0.0397331 secs] [Times: user=0.16 sys=0.01, real=0.04 secs] 
3245.535: [GC (Allocation Failure) [PSYoungGen: 416213K->186103K(465920K)] 563481K->397126K(1620992K), 0.0545957 secs] [Times: user=0.26 sys=0.00, real=0.06 secs] 
3245.742: [GC (GCLocker Initiated GC) [PSYoungGen: 419063K->183508K(465920K)] 630086K->453548K(1620992K), 0.0558078 secs] [Times: user=0.28 sys=0.00, real=0.06 secs] 
3246.744: [GC (Allocation Failure) [PSYoungGen: 416468K->93627K(465920K)] 686510K->433100K(1620992K), 0.0502787 secs] [Times: user=0.26 sys=0.00, real=0.05 secs] 
3246.946: [GC (Allocation Failure) [PSYoungGen: 326587K->174709K(465920K)] 666060K->545119K(1620992K), 0.0360959 secs] [Times: user=0.15 sys=0.00, real=0.04 secs] 
3247.140: [GC (Allocation Failure) [PSYoungGen: 407669K->184085K(465920K)] 778079K->608904K(1620992K), 0.0667803 secs] [Times: user=0.32 sys=0.00, real=0.06 secs] 
3247.337: [GC (Allocation Failure) [PSYoungGen: 417045K->183956K(465920K)] 841864K->664679K(1620992K), 0.0451071 secs] [Times: user=0.21 sys=0.01, real=0.05 secs] 
3248.323: [GC (Allocation Failure) [PSYoungGen: 416916K->128400K(465920K)] 897639K->678506K(1620992K), 0.0478053 secs] [Times: user=0.24 sys=0.00, real=0.05 secs] 
3249.791: [GC (Allocation Failure) [PSYoungGen: 358508K->140817K(465920K)] 908615K->731723K(1620992K), 0.1081797 secs] [Times: user=0.59 sys=0.01, real=0.11 secs] 
3250.035: [GC (Allocation Failure) [PSYoungGen: 373777K->178773K(465920K)] 964683K->814940K(1620992K), 0.0391704 secs] [Times: user=0.17 sys=0.00, real=0.04 secs] 
3250.288: [GC (Allocation Failure) [PSYoungGen: 411733K->180854K(465920K)] 1047900K->879238K(1620992K), 0.0648406 secs] [Times: user=0.32 sys=0.00, real=0.06 secs] 
3250.656: [GC (Allocation Failure) [PSYoungGen: 413814K->184436K(465920K)] 1112198K->940572K(1620992K), 0.0691508 secs] [Times: user=0.35 sys=0.00, real=0.07 secs] 
3251.965: [GC (GCLocker Initiated GC) [PSYoungGen: 417396K->87162K(465920K)] 1173532K->913090K(1620992K), 0.0452874 secs] [Times: user=0.24 sys=0.01, real=0.05 secs] 
3252.125: [GC (GCLocker Initiated GC) [PSYoungGen: 320122K->172596K(465920K)] 1146052K->1027284K(1620992K), 0.0343908 secs] [Times: user=0.14 sys=0.00, real=0.04 secs] 
3252.300: [GC (Allocation Failure) [PSYoungGen: 405556K->183765K(465920K)] 1260538K->1092515K(1620992K), 0.0486457 secs] [Times: user=0.23 sys=0.00, real=0.05 secs] 
3252.450: [GC (Allocation Failure) [PSYoungGen: 416725K->184180K(465920K)] 1325475K->1148926K(1620992K), 0.0459398 secs] [Times: user=0.21 sys=0.01, real=0.04 secs] 
3253.371: [GC (Allocation Failure) [PSYoungGen: 417140K->149906K(465920K)] 1381886K->1184156K(1620992K), 0.0511449 secs] [Times: user=0.25 sys=0.00, real=0.05 secs] 
3253.676: [GC (Allocation Failure) [PSYoungGen: 382866K->124895K(465920K)] 1417116K->1206656K(1620992K), 0.0740671 secs] [Times: user=0.40 sys=0.00, real=0.08 secs] 
3253.750: [Full GC (Ergonomics) [PSYoungGen: 124895K->0K(465920K)] [ParOldGen: 1081761K->142316K(1218048K)] 1206656K->142316K(1683968K), [Metaspace: 59985K->59985K(1105920K)], 0.1318548 secs] [Times: user=0.57 sys=0.00, real=0.13 secs] 
3253.989: [GC (Allocation Failure) [PSYoungGen: 232960K->173236K(465920K)] 375276K->315552K(1683968K), 0.0256744 secs] [Times: user=0.09 sys=0.00, real=0.02 secs] 
3254.135: [GC (GCLocker Initiated GC) [PSYoungGen: 406196K->182902K(465920K)] 548516K->386147K(1683968K), 0.0517458 secs] [Times: user=0.24 sys=0.00, real=0.05 secs] 
3254.314: [GC (Allocation Failure) [PSYoungGen: 415862K->185493K(465920K)] 619145K->447083K(1683968K), 0.0579966 secs] [Times: user=0.28 sys=0.00, real=0.06 secs] 
3255.431: [GC (Allocation Failure) [PSYoungGen: 418453K->101180K(465920K)] 680043K->432790K(1683968K), 0.0671707 secs] [Times: user=0.36 sys=0.00, real=0.07 secs] 
3255.866: [GC (Allocation Failure) [PSYoungGen: 334140K->173109K(465920K)] 665750K->537856K(1683968K), 0.0506326 secs] [Times: user=0.23 sys=0.00, real=0.05 secs] 
3256.249: [GC (Allocation Failure) [PSYoungGen: 406069K->183573K(465920K)] 770816K->602273K(1683968K), 0.0734019 secs] [Times: user=0.35 sys=0.01, real=0.07 secs] 
3256.939: [GC (Allocation Failure) [PSYoungGen: 404921K->169173K(465920K)] 823621K->651680K(1683968K), 0.1081454 secs] [Times: user=0.55 sys=0.01, real=0.10 secs] 
3259.252: [GC (Allocation Failure) [PSYoungGen: 397345K->206483K(465920K)] 879852K->742542K(1683968K), 0.0526398 secs] [Times: user=0.26 sys=0.00, real=0.05 secs] 
3259.626: [GC (GCLocker Initiated GC) [PSYoungGen: 439443K->97147K(465920K)] 975504K->698112K(1683968K), 0.0402131 secs] [Times: user=0.19 sys=0.01, real=0.04 secs] 
3259.819: [GC (Allocation Failure) [PSYoungGen: 330107K->181590K(465920K)] 931075K->813734K(1683968K), 0.0478925 secs] [Times: user=0.21 sys=0.00, real=0.04 secs] 
3260.028: [GC (Allocation Failure) [PSYoungGen: 414550K->181269K(465920K)] 1046694K->870474K(1683968K), 0.0612809 secs] [Times: user=0.29 sys=0.00, real=0.06 secs] 
3260.216: [GC (Allocation Failure) [PSYoungGen: 414229K->186485K(465920K)] 1103434K->930506K(1683968K), 0.0452929 secs] [Times: user=0.21 sys=0.00, real=0.05 secs] 
3261.197: [GC (Allocation Failure) [PSYoungGen: 419445K->100380K(465920K)] 1163466K->914681K(1683968K), 0.0449145 secs] [Times: user=0.23 sys=0.00, real=0.05 secs] 
3261.367: [GC (Allocation Failure) [PSYoungGen: 333340K->168052K(465920K)] 1147641K->1015694K(1683968K), 0.0453006 secs] [Times: user=0.21 sys=0.01, real=0.05 secs] 
3261.519: [GC (Allocation Failure) [PSYoungGen: 401012K->191701K(465920K)] 1248654K->1091671K(1683968K), 0.0427799 secs] [Times: user=0.19 sys=0.00, real=0.04 secs] 
3261.709: [GC (GCLocker Initiated GC) [PSYoungGen: 424661K->180214K(465920K)] 1324632K->1144497K(1683968K), 0.0723423 secs] [Times: user=0.36 sys=0.01, real=0.07 secs] 
3261.925: [GC (Allocation Failure) [PSYoungGen: 413174K->202773K(465920K)] 1377495K->1224206K(1683968K), 0.0555463 secs] [Times: user=0.27 sys=0.00, real=0.06 secs] 
3263.614: [GC (Allocation Failure) [PSYoungGen: 435733K->85386K(465920K)] 1457166K->1177219K(1683968K), 0.1172912 secs] [Times: user=0.65 sys=0.00, real=0.12 secs] 
3263.953: [GC (Allocation Failure) [PSYoungGen: 318346K->182966K(465920K)] 1410179K->1302868K(1683968K), 0.0373589 secs] [Times: user=0.16 sys=0.00, real=0.04 secs] 
3264.135: [GC (Allocation Failure) [PSYoungGen: 415926K->181173K(465920K)] 1535828K->1357827K(1683968K), 0.0752275 secs] [Times: user=0.26 sys=0.12, real=0.08 secs] 
3264.211: [Full GC (Ergonomics) [PSYoungGen: 181173K->0K(465920K)] [ParOldGen: 1176654K->280659K(1380864K)] 1357827K->280659K(1846784K), [Metaspace: 59990K->59990K(1105920K)], 0.3998788 secs] [Times: user=1.89 sys=0.00, real=0.40 secs] 
3264.715: [GC (Allocation Failure) [PSYoungGen: 232960K->186997K(465920K)] 513619K->467657K(1846784K), 0.0355754 secs] [Times: user=0.15 sys=0.00, real=0.04 secs] 
3265.871: [GC (Allocation Failure) [PSYoungGen: 419957K->106092K(465920K)] 700617K->457360K(1846784K), 0.0472918 secs] [Times: user=0.24 sys=0.00, real=0.05 secs] 
3266.584: [GC (Allocation Failure) [PSYoungGen: 339052K->164243K(465920K)] 690320K->549412K(1846784K), 0.0674546 secs] [Times: user=0.34 sys=0.00, real=0.07 secs] 
3266.809: [GC (Allocation Failure) [PSYoungGen: 397203K->184598K(465920K)] 782372K->621194K(1846784K), 0.0577079 secs] [Times: user=0.27 sys=0.00, real=0.05 secs] 
3266.992: [GC (Allocation Failure) [PSYoungGen: 417558K->185815K(465920K)] 854154K->686427K(1846784K), 0.0499617 secs] [Times: user=0.24 sys=0.00, real=0.05 secs] 
3267.166: [GC (Allocation Failure) [PSYoungGen: 418775K->186709K(465920K)] 919387K->746249K(1846784K), 0.0583714 secs] [Times: user=0.29 sys=0.00, real=0.06 secs] 
3268.137: [GC (Allocation Failure) [PSYoungGen: 419669K->86730K(465920K)] 979209K->716678K(1846784K), 0.0411561 secs] [Times: user=0.22 sys=0.00, real=0.05 secs] 
3268.290: [GC (Allocation Failure) [PSYoungGen: 319690K->182518K(465920K)] 949638K->840883K(1846784K), 0.0347846 secs] [Times: user=0.14 sys=0.00, real=0.03 secs] 
3268.430: [GC (Allocation Failure) [PSYoungGen: 415478K->181429K(465920K)] 1073843K->896803K(1846784K), 0.0442062 secs] [Times: user=0.20 sys=0.00, real=0.04 secs] 
3268.626: [GC (Allocation Failure) [PSYoungGen: 414389K->186613K(465920K)] 1129763K->957227K(1846784K), 0.0699932 secs] [Times: user=0.34 sys=0.01, real=0.07 secs] 
3269.712: [GC (Allocation Failure) [PSYoungGen: 419573K->104028K(465920K)] 1190187K->945002K(1846784K), 0.0458811 secs] [Times: user=0.23 sys=0.00, real=0.05 secs] 
3269.925: [GC (Allocation Failure) [PSYoungGen: 336988K->163539K(465920K)] 1177962K->1038578K(1846784K), 0.0681213 secs] [Times: user=0.34 sys=0.00, real=0.07 secs] 
3270.143: [GC (Allocation Failure) [PSYoungGen: 396499K->181461K(465920K)] 1271538K->1107456K(1846784K), 0.0438144 secs] [Times: user=0.20 sys=0.00, real=0.04 secs] 
3270.296: [GC (GCLocker Initiated GC) [PSYoungGen: 414421K->183062K(465920K)] 1340416K->1172609K(1846784K), 0.0523581 secs] [Times: user=0.24 sys=0.01, real=0.06 secs] 
3271.723: [GC (Allocation Failure) [PSYoungGen: 416022K->179188K(465920K)] 1405700K->1226874K(1846784K), 0.1141596 secs] [Times: user=0.60 sys=0.00, real=0.11 secs] 
3273.447: [GC (Allocation Failure) [PSYoungGen: 412148K->92587K(465920K)] 1459834K->1208193K(1846784K), 0.1058400 secs] [Times: user=0.58 sys=0.00, real=0.11 secs] 
3273.766: [GC (Allocation Failure) [PSYoungGen: 325547K->178709K(465920K)] 1441153K->1324303K(1846784K), 0.0346050 secs] [Times: user=0.15 sys=0.00, real=0.04 secs] 
3273.907: [GC (Allocation Failure) [PSYoungGen: 411669K->184662K(465920K)] 1557263K->1385828K(1846784K), 0.0476711 secs] [Times: user=0.21 sys=0.02, real=0.05 secs] 
3274.234: [GC (GCLocker Initiated GC) [PSYoungGen: 417622K->186101K(465920K)] 1618789K->1443108K(1846784K), 0.0568457 secs] [Times: user=0.23 sys=0.05, real=0.06 secs] 
3275.251: [GC (Allocation Failure) [PSYoungGen: 419061K->112237K(465920K)] 1676073K->1439481K(1846784K), 0.0510056 secs] [Times: user=0.25 sys=0.02, real=0.05 secs] 
3275.302: [Full GC (Ergonomics) [PSYoungGen: 112237K->0K(465920K)] [ParOldGen: 1327243K->95226K(1223168K)] 1439481K->95226K(1689088K), [Metaspace: 59996K->59996K(1105920K)], 0.0389871 secs] [Times: user=0.10 sys=0.01, real=0.04 secs] 
3275.580: [GC (GCLocker Initiated GC) [PSYoungGen: 232960K->148561K(465920K)] 328186K->243788K(1689088K), 0.0352269 secs] [Times: user=0.13 sys=0.00, real=0.03 secs] 
3275.802: [GC (Allocation Failure) [PSYoungGen: 381521K->191957K(465920K)] 476879K->333907K(1689088K), 0.0402049 secs] [Times: user=0.18 sys=0.00, real=0.04 secs] 
3275.953: [GC (Allocation Failure) [PSYoungGen: 424917K->182582K(465920K)] 566867K->388720K(1689088K), 0.0485924 secs] [Times: user=0.22 sys=0.00, real=0.05 secs] 
3276.140: [GC (Allocation Failure) [PSYoungGen: 415542K->186485K(465920K)] 621680K->450387K(1689088K), 0.0773147 secs] [Times: user=0.40 sys=0.01, real=0.07 secs] 
3277.169: [GC (Allocation Failure) [PSYoungGen: 419445K->94315K(465920K)] 683347K->428549K(1689088K), 0.0489985 secs] [Times: user=0.26 sys=0.00, real=0.05 secs] 
3277.464: [GC (GCLocker Initiated GC) [PSYoungGen: 327275K->178069K(465920K)] 661509K->542816K(1689088K), 0.0432433 secs] [Times: user=0.18 sys=0.00, real=0.04 secs] 
3277.670: [GC (Allocation Failure) [PSYoungGen: 411029K->181525K(465920K)] 775943K->601935K(1689088K), 0.0580289 secs] [Times: user=0.26 sys=0.01, real=0.06 secs] 
3277.889: [GC (Allocation Failure) [PSYoungGen: 414485K->186005K(465920K)] 834895K->661238K(1689088K), 0.0623565 secs] [Times: user=0.31 sys=0.00, real=0.06 secs] 
3278.879: [GC (Allocation Failure) [PSYoungGen: 418965K->121775K(465920K)] 894198K->667296K(1689088K), 0.0474260 secs] [Times: user=0.24 sys=0.00, real=0.04 secs] 
3280.488: [GC (Allocation Failure) [PSYoungGen: 354735K->146513K(465920K)] 900256K->730715K(1689088K), 0.0980754 secs] [Times: user=0.52 sys=0.00, real=0.09 secs] 
3280.721: [GC (Allocation Failure) [PSYoungGen: 379473K->183797K(465920K)] 963675K->813912K(1689088K), 0.0397926 secs] [Times: user=0.18 sys=0.00, real=0.04 secs] 
3280.869: [GC (Allocation Failure) [PSYoungGen: 416757K->185879K(465920K)] 1046872K->879873K(1689088K), 0.0503296 secs] [Times: user=0.23 sys=0.00, real=0.05 secs] 
3281.361: [GC (Allocation Failure) [PSYoungGen: 418839K->202517K(465920K)] 1112833K->955575K(1689088K), 0.0603639 secs] [Times: user=0.30 sys=0.00, real=0.06 secs] 
3282.426: [GC (Allocation Failure) [PSYoungGen: 435477K->83818K(465920K)] 1188535K->907124K(1689088K), 0.0424716 secs] [Times: user=0.22 sys=0.00, real=0.05 secs] 
3282.608: [GC (Allocation Failure) [PSYoungGen: 316778K->176149K(465920K)] 1140084K->1027189K(1689088K), 0.0322075 secs] [Times: user=0.13 sys=0.00, real=0.03 secs] 
3282.760: [GC (Allocation Failure) [PSYoungGen: 409109K->184277K(465920K)] 1260149K->1090273K(1689088K), 0.0437714 secs] [Times: user=0.20 sys=0.00, real=0.04 secs] 
3282.913: [GC (Allocation Failure) [PSYoungGen: 417237K->187285K(465920K)] 1323233K->1149409K(1689088K), 0.0461468 secs] [Times: user=0.21 sys=0.00, real=0.05 secs] 
3283.911: [GC (Allocation Failure) [PSYoungGen: 420245K->130288K(465920K)] 1382369K->1163232K(1689088K), 0.0489929 secs] [Times: user=0.25 sys=0.01, real=0.05 secs] 
3284.168: [GC (Allocation Failure) [PSYoungGen: 363248K->137760K(465920K)] 1396192K->1211868K(1689088K), 0.0815462 secs] [Times: user=0.43 sys=0.01, real=0.08 secs] 
3284.416: [GC (Allocation Failure) [PSYoungGen: 370720K->178069K(465920K)] 1444828K->1296017K(1689088K), 0.0450879 secs] [Times: user=0.21 sys=0.00, real=0.05 secs] 
3284.577: [GC (GCLocker Initiated GC) [PSYoungGen: 411029K->184759K(465920K)] 1528978K->1365112K(1689088K), 0.0496288 secs] [Times: user=0.23 sys=0.00, real=0.04 secs] 
3284.627: [Full GC (Ergonomics) [PSYoungGen: 184759K->0K(465920K)] [ParOldGen: 1180353K->306906K(1398272K)] 1365112K->306906K(1864192K), [Metaspace: 59997K->59997K(1105920K)], 0.4376262 secs] [Times: user=2.05 sys=0.00, real=0.44 secs] 
3285.167: [GC (Allocation Failure) [PSYoungGen: 232960K->183348K(465920K)] 540032K->490421K(1864192K), 0.0296526 secs] [Times: user=0.12 sys=0.00, real=0.03 secs] 
3287.015: [GC (Allocation Failure) [PSYoungGen: 416308K->89946K(465920K)] 723381K->466183K(1864192K), 0.1210104 secs] [Times: user=0.67 sys=0.00, real=0.12 secs] 
3287.898: [GC (Allocation Failure) [PSYoungGen: 322906K->174773K(465920K)] 699143K->580267K(1864192K), 0.0413377 secs] [Times: user=0.17 sys=0.00, real=0.04 secs] 
3288.118: [GC (Allocation Failure) [PSYoungGen: 407733K->184534K(465920K)] 813227K->644552K(1864192K), 0.0641012 secs] [Times: user=0.31 sys=0.01, real=0.06 secs] 
3288.497: [GC (Allocation Failure) [PSYoungGen: 417494K->186389K(465920K)] 877512K->702303K(1864192K), 0.0840276 secs] [Times: user=0.42 sys=0.00, real=0.08 secs] 
3290.162: [GC (Allocation Failure) [PSYoungGen: 419349K->142353K(465920K)] 935263K->728611K(1864192K), 0.0496982 secs] [Times: user=0.25 sys=0.00, real=0.05 secs] 
3290.535: [GC (GCLocker Initiated GC) [PSYoungGen: 375313K->124062K(465920K)] 961572K->755609K(1864192K), 0.1389878 secs] [Times: user=0.76 sys=0.01, real=0.14 secs] 
3290.831: [GC (Allocation Failure) [PSYoungGen: 357022K->178101K(465920K)] 988736K->849087K(1864192K), 0.0374769 secs] [Times: user=0.16 sys=0.00, real=0.04 secs] 
3291.011: [GC (Allocation Failure) [PSYoungGen: 411061K->182166K(465920K)] 1082047K->915689K(1864192K), 0.0731743 secs] [Times: user=0.35 sys=0.00, real=0.07 secs] 
3291.199: [GC (Allocation Failure) [PSYoungGen: 415126K->186709K(465920K)] 1148649K->977739K(1864192K), 0.0570651 secs] [Times: user=0.28 sys=0.00, real=0.05 secs] 
3292.213: [GC (Allocation Failure) [PSYoungGen: 419669K->93115K(465920K)] 1210699K->954566K(1864192K), 0.0443822 secs] [Times: user=0.23 sys=0.01, real=0.04 secs] 
3292.517: [GC (Allocation Failure) [PSYoungGen: 326075K->171412K(465920K)] 1187526K->1063232K(1864192K), 0.0463236 secs] [Times: user=0.19 sys=0.01, real=0.05 secs] 
3292.737: [GC (Allocation Failure) [PSYoungGen: 404372K->183925K(465920K)] 1296192K->1129001K(1864192K), 0.0642902 secs] [Times: user=0.31 sys=0.00, real=0.07 secs] 
3292.922: [GC (Allocation Failure) [PSYoungGen: 403153K->173269K(465920K)] 1348228K->1182433K(1864192K), 0.0482683 secs] [Times: user=0.23 sys=0.00, real=0.05 secs] 
3294.754: [GC (Allocation Failure) [PSYoungGen: 406229K->168819K(465920K)] 1415393K->1233006K(1864192K), 0.0540691 secs] [Times: user=0.27 sys=0.00, real=0.06 secs] 
3296.904: [GC (Allocation Failure) [PSYoungGen: 401779K->98315K(465920K)] 1465966K->1227087K(1864192K), 0.0974140 secs] [Times: user=0.52 sys=0.01, real=0.10 secs] 
3297.207: [GC (Allocation Failure) [PSYoungGen: 331275K->183574K(465920K)] 1460047K->1344095K(1864192K), 0.0385530 secs] [Times: user=0.17 sys=0.00, real=0.04 secs] 
3297.376: [GC (Allocation Failure) [PSYoungGen: 416534K->184534K(465920K)] 1577055K->1401974K(1864192K), 0.0487785 secs] [Times: user=0.23 sys=0.00, real=0.05 secs] 
3297.549: [GC (Allocation Failure) [PSYoungGen: 417494K->186677K(465920K)] 1634934K->1460134K(1864192K), 0.0561312 secs] [Times: user=0.18 sys=0.10, real=0.05 secs] 
3298.610: [GC (GCLocker Initiated GC) [PSYoungGen: 419637K->95179K(465920K)] 1693094K->1438996K(1864192K), 0.0736904 secs] [Times: user=0.32 sys=0.07, real=0.07 secs] 
3298.684: [Full GC (Ergonomics) [PSYoungGen: 95179K->0K(465920K)] [ParOldGen: 1343816K->88003K(1263104K)] 1438996K->88003K(1729024K), [Metaspace: 60001K->60001K(1105920K)], 0.0369673 secs] [Times: user=0.11 sys=0.00, real=0.04 secs] 
3298.910: [GC (Allocation Failure) [PSYoungGen: 232960K->171060K(465920K)] 320967K->259068K(1729024K), 0.0271061 secs] [Times: user=0.10 sys=0.00, real=0.02 secs] 
3299.079: [GC (Allocation Failure) [PSYoungGen: 404020K->181429K(465920K)] 492028K->323229K(1729024K), 0.0518987 secs] [Times: user=0.25 sys=0.00, real=0.05 secs] 
3299.273: [GC (Allocation Failure) [PSYoungGen: 414265K->185559K(465920K)] 556065K->390607K(1729024K), 0.0485342 secs] [Times: user=0.22 sys=0.00, real=0.05 secs] 
3299.617: [GC (Allocation Failure) [PSYoungGen: 418519K->215892K(465920K)] 623567K->479868K(1729024K), 0.0532642 secs] [Times: user=0.27 sys=0.00, real=0.06 secs] 
3300.477: [GC (Allocation Failure) [PSYoungGen: 448852K->91450K(465920K)] 712828K->423510K(1729024K), 0.0708936 secs] [Times: user=0.38 sys=0.00, real=0.08 secs] 
3300.779: [GC (Allocation Failure) [PSYoungGen: 324410K->182806K(465920K)] 656470K->543923K(1729024K), 0.0394931 secs] [Times: user=0.17 sys=0.00, real=0.04 secs] 
3300.964: [GC (Allocation Failure) [PSYoungGen: 415766K->184662K(465920K)] 776883K->602983K(1729024K), 0.0632982 secs] [Times: user=0.30 sys=0.00, real=0.07 secs] 
3301.147: [GC (Allocation Failure) [PSYoungGen: 417622K->183380K(465920K)] 835943K->657709K(1729024K), 0.0440765 secs] [Times: user=0.21 sys=0.00, real=0.05 secs] 
3302.269: [GC (Allocation Failure) [PSYoungGen: 416340K->102540K(465920K)] 890669K->645985K(1729024K), 0.0576895 secs] [Times: user=0.31 sys=0.00, real=0.05 secs] 
3303.917: [GC (Allocation Failure) [PSYoungGen: 335500K->165299K(465920K)] 878945K->742405K(1729024K), 0.0657720 secs] [Times: user=0.32 sys=0.00, real=0.07 secs] 
3304.124: [GC (Allocation Failure) [PSYoungGen: 398259K->181397K(465920K)] 975365K->810023K(1729024K), 0.0412367 secs] [Times: user=0.19 sys=0.00, real=0.04 secs] 
3304.276: [GC (Allocation Failure) [PSYoungGen: 414357K->183734K(465920K)] 1042983K->875888K(1729024K), 0.0491163 secs] [Times: user=0.22 sys=0.00, real=0.05 secs] 
3304.437: [GC (Allocation Failure) [PSYoungGen: 416694K->186357K(465920K)] 1108848K->936959K(1729024K), 0.0552490 secs] [Times: user=0.26 sys=0.00, real=0.06 secs] 
3305.497: [GC (Allocation Failure) [PSYoungGen: 419317K->88410K(465920K)] 1169919K->909132K(1729024K), 0.0445565 secs] [Times: user=0.24 sys=0.00, real=0.05 secs] 
3305.701: [GC (Allocation Failure) [PSYoungGen: 321370K->182166K(465920K)] 1142092K->1030761K(1729024K), 0.0488629 secs] [Times: user=0.21 sys=0.00, real=0.05 secs] 
3305.888: [GC (Allocation Failure) [PSYoungGen: 415126K->184790K(465920K)] 1263721K->1090305K(1729024K), 0.0441916 secs] [Times: user=0.20 sys=0.00, real=0.04 secs] 
3306.057: [GC (Allocation Failure) [PSYoungGen: 417750K->186869K(465920K)] 1323265K->1148440K(1729024K), 0.0512986 secs] [Times: user=0.24 sys=0.01, real=0.06 secs] 
3307.120: [GC (Allocation Failure) [PSYoungGen: 419829K->99404K(465920K)] 1381400K->1131359K(1729024K), 0.0458729 secs] [Times: user=0.23 sys=0.00, real=0.04 secs] 
3307.298: [GC (Allocation Failure) [PSYoungGen: 332364K->164051K(465920K)] 1364319K->1229119K(1729024K), 0.0489450 secs] [Times: user=0.23 sys=0.00, real=0.04 secs] 
3307.485: [GC (Allocation Failure) [PSYoungGen: 397011K->183797K(465920K)] 1462079K->1300045K(1729024K), 0.0453153 secs] [Times: user=0.21 sys=0.00, real=0.05 secs] 
3307.658: [GC (Allocation Failure) [PSYoungGen: 416757K->186039K(465920K)] 1533005K->1366719K(1729024K), 0.0505662 secs] [Times: user=0.23 sys=0.00, real=0.05 secs] 
3307.709: [Full GC (Ergonomics) [PSYoungGen: 186039K->0K(465920K)] [ParOldGen: 1180680K->318689K(1398272K)] 1366719K->318689K(1864192K), [Metaspace: 60002K->60002K(1105920K)], 0.4704804 secs] [Times: user=2.23 sys=0.00, real=0.47 secs] 
3308.282: [GC (Allocation Failure) [PSYoungGen: 232960K->182676K(465920K)] 551649K->501366K(1864192K), 0.0291598 secs] [Times: user=0.11 sys=0.00, real=0.03 secs] 
3309.746: [GC (Allocation Failure) [PSYoungGen: 415636K->87226K(465920K)] 734326K->475107K(1864192K), 0.1091167 secs] [Times: user=0.60 sys=0.00, real=0.11 secs] 
3310.065: [GC (Allocation Failure) [PSYoungGen: 320186K->182678K(465920K)] 708067K->598624K(1864192K), 0.0335677 secs] [Times: user=0.14 sys=0.00, real=0.04 secs] 
3310.348: [GC (Allocation Failure) [PSYoungGen: 415638K->180149K(465920K)] 831584K->652832K(1864192K), 0.0448692 secs] [Times: user=0.20 sys=0.00, real=0.04 secs] 
3311.480: [GC (Allocation Failure) [PSYoungGen: 413109K->178964K(465920K)] 885792K->706094K(1864192K), 0.1129719 secs] [Times: user=0.58 sys=0.01, real=0.11 secs] 
3312.715: [GC (Allocation Failure) [PSYoungGen: 411924K->117838K(465920K)] 939054K->712777K(1864192K), 0.0461271 secs] [Times: user=0.24 sys=0.00, real=0.05 secs] 
3313.083: [GC (Allocation Failure) [PSYoungGen: 350798K->150802K(465920K)] 945737K->783305K(1864192K), 0.0803009 secs] [Times: user=0.42 sys=0.00, real=0.08 secs] 
3313.289: [GC (Allocation Failure) [PSYoungGen: 383762K->180373K(465920K)] 1016265K->860265K(1864192K), 0.0405944 secs] [Times: user=0.17 sys=0.00, real=0.04 secs] 
3313.462: [GC (Allocation Failure) [PSYoungGen: 413333K->185687K(465920K)] 1093225K->928234K(1864192K), 0.0549187 secs] [Times: user=0.26 sys=0.00, real=0.05 secs] 
3313.649: [GC (Allocation Failure) [PSYoungGen: 418646K->186773K(465920K)] 1161194K->988268K(1864192K), 0.0685009 secs] [Times: user=0.35 sys=0.00, real=0.07 secs] 
3314.642: [GC (Allocation Failure) [PSYoungGen: 419733K->91035K(465920K)] 1221228K->963042K(1864192K), 0.0437905 secs] [Times: user=0.23 sys=0.01, real=0.04 secs] 
3314.796: [GC (Allocation Failure) [PSYoungGen: 323995K->175285K(465920K)] 1196002K->1077213K(1864192K), 0.0336276 secs] [Times: user=0.14 sys=0.00, real=0.04 secs] 
3314.934: [GC (Allocation Failure) [PSYoungGen: 408245K->180085K(465920K)] 1310173K->1136982K(1864192K), 0.0433988 secs] [Times: user=0.19 sys=0.01, real=0.05 secs] 
3315.081: [GC (Allocation Failure) [PSYoungGen: 413045K->232916K(465920K)] 1369942K->1246553K(1864192K), 0.0481818 secs] [Times: user=0.21 sys=0.01, real=0.05 secs] 
3316.057: [GC (Allocation Failure) [PSYoungGen: 465876K->128496K(465920K)] 1479513K->1212329K(1864192K), 0.0483283 secs] [Times: user=0.24 sys=0.00, real=0.05 secs] 
3316.391: [GC (Allocation Failure) [PSYoungGen: 358375K->141857K(465920K)] 1442208K->1266562K(1864192K), 0.1267847 secs] [Times: user=0.70 sys=0.00, real=0.13 secs] 
3316.661: [GC (Allocation Failure) [PSYoungGen: 374817K->175252K(465920K)] 1499522K->1345573K(1864192K), 0.0389768 secs] [Times: user=0.17 sys=0.00, real=0.04 secs] 
3316.811: [GC (Allocation Failure) [PSYoungGen: 408212K->185783K(465920K)] 1578533K->1417775K(1864192K), 0.0489174 secs] [Times: user=0.23 sys=0.00, real=0.05 secs] 
3318.264: [GC (Allocation Failure) [PSYoungGen: 418743K->181492K(465920K)] 1650735K->1472301K(1864192K), 0.1272608 secs] [Times: user=0.63 sys=0.04, real=0.13 secs] 
3320.538: [GC (Allocation Failure) [PSYoungGen: 414452K->94075K(465920K)] 1705261K->1453779K(1864192K), 0.1351809 secs] [Times: user=0.66 sys=0.09, real=0.13 secs] 
3320.673: [Full GC (Ergonomics) [PSYoungGen: 94075K->0K(465920K)] [ParOldGen: 1359704K->97347K(1325056K)] 1453779K->97347K(1790976K), [Metaspace: 60021K->60021K(1105920K)], 0.1186636 secs] [Times: user=0.47 sys=0.01, real=0.12 secs] 
3321.580: [GC (Allocation Failure) [PSYoungGen: 232960K->169748K(465920K)] 330307K->267096K(1790976K), 0.0286362 secs] [Times: user=0.10 sys=0.00, real=0.03 secs] 
3321.760: [GC (Allocation Failure) [PSYoungGen: 402708K->184854K(465920K)] 500056K->334854K(1790976K), 0.0510104 secs] [Times: user=0.24 sys=0.00, real=0.05 secs] 
3321.935: [GC (Allocation Failure) [PSYoungGen: 417741K->187317K(465920K)] 567741K->393377K(1790976K), 0.0449319 secs] [Times: user=0.20 sys=0.00, real=0.05 secs] 
3322.839: [GC (Allocation Failure) [PSYoungGen: 420277K->142065K(465920K)] 626337K->418725K(1790976K), 0.0491893 secs] [Times: user=0.24 sys=0.00, real=0.05 secs] 
3323.062: [GC (Allocation Failure) [PSYoungGen: 375025K->128767K(465920K)] 651685K->450571K(1790976K), 0.0646819 secs] [Times: user=0.34 sys=0.00, real=0.06 secs] 
3323.233: [GC (Allocation Failure) [PSYoungGen: 361727K->176468K(465920K)] 683531K->539545K(1790976K), 0.0376216 secs] [Times: user=0.16 sys=0.00, real=0.04 secs] 
3323.379: [GC (Allocation Failure) [PSYoungGen: 409428K->185431K(465920K)] 772505K->610548K(1790976K), 0.0493075 secs] [Times: user=0.23 sys=0.00, real=0.05 secs] 
3323.554: [GC (Allocation Failure) [PSYoungGen: 418391K->186613K(465920K)] 843508K->670610K(1790976K), 0.0602411 secs] [Times: user=0.30 sys=0.00, real=0.06 secs] 
3324.622: [GC (Allocation Failure) [PSYoungGen: 419573K->87082K(465920K)] 903570K->641423K(1790976K), 0.0634878 secs] [Times: user=0.35 sys=0.00, real=0.06 secs] 
3325.040: [GC (Allocation Failure) [PSYoungGen: 320042K->175125K(465920K)] 874383K->758086K(1790976K), 0.0452625 secs] [Times: user=0.19 sys=0.00, real=0.04 secs] 
3325.219: [GC (Allocation Failure) [PSYoungGen: 408085K->184662K(465920K)] 991046K->821943K(1790976K), 0.0427889 secs] [Times: user=0.19 sys=0.00, real=0.04 secs] 
3326.055: [GC (Allocation Failure) [PSYoungGen: 401413K->168308K(465920K)] 1038694K->869726K(1790976K), 0.0883001 secs] [Times: user=0.45 sys=0.00, real=0.09 secs] 
3327.887: [GC (Allocation Failure) [PSYoungGen: 401268K->169107K(465920K)] 1102686K->923796K(1790976K), 0.0539309 secs] [Times: user=0.27 sys=0.00, real=0.06 secs] 
3329.054: [GC (Allocation Failure) [PSYoungGen: 402067K->98411K(465920K)] 1156756K->917733K(1790976K), 0.0845112 secs] [Times: user=0.44 sys=0.01, real=0.09 secs] 
3329.352: [GC (Allocation Failure) [PSYoungGen: 331371K->183478K(465920K)] 1150693K->1034447K(1790976K), 0.0428521 secs] [Times: user=0.19 sys=0.00, real=0.04 secs] 
3329.502: [GC (Allocation Failure) [PSYoungGen: 416438K->184694K(465920K)] 1267407K->1092654K(1790976K), 0.0438609 secs] [Times: user=0.20 sys=0.00, real=0.04 secs] 
3329.742: [GC (Allocation Failure) [PSYoungGen: 417654K->202901K(465920K)] 1325614K->1166902K(1790976K), 0.0463445 secs] [Times: user=0.21 sys=0.00, real=0.05 secs] 
3330.763: [GC (Allocation Failure) [PSYoungGen: 435861K->97067K(465920K)] 1399862K->1131380K(1790976K), 0.0449441 secs] [Times: user=0.22 sys=0.01, real=0.05 secs] 
3330.985: [GC (Allocation Failure) [PSYoungGen: 330027K->170836K(465920K)] 1364340K->1237061K(1790976K), 0.0636127 secs] [Times: user=0.30 sys=0.00, real=0.07 secs] 
3331.214: [GC (Allocation Failure) [PSYoungGen: 403796K->181173K(465920K)] 1470021K->1300850K(1790976K), 0.0453438 secs] [Times: user=0.20 sys=0.00, real=0.05 secs] 
3331.415: [GC (Allocation Failure) [PSYoungGen: 414133K->185271K(465920K)] 1533810K->1368088K(1790976K), 0.0649565 secs] [Times: user=0.32 sys=0.00, real=0.07 secs] 
3332.238: [GC (Allocation Failure) [PSYoungGen: 414844K->197908K(465920K)] 1597661K->1439701K(1790976K), 0.0573709 secs] [Times: user=0.28 sys=0.00, real=0.05 secs] 
3332.295: [Full GC (Ergonomics) [PSYoungGen: 197908K->0K(465920K)] [ParOldGen: 1241793K->368942K(1398272K)] 1439701K->368942K(1864192K), [Metaspace: 60034K->60034K(1105920K)], 0.5549620 secs] [Times: user=2.22 sys=0.00, real=0.56 secs] 
3333.398: [GC (Allocation Failure) [PSYoungGen: 232960K->95619K(465920K)] 601902K->464562K(1864192K), 0.0298061 secs] [Times: user=0.12 sys=0.00, real=0.03 secs] 
3333.682: [GC (Allocation Failure) [PSYoungGen: 328579K->180309K(465920K)] 697522K->583678K(1864192K), 0.0426570 secs] [Times: user=0.18 sys=0.00, real=0.04 secs] 
3333.882: [GC (Allocation Failure) [PSYoungGen: 413269K->184310K(465920K)] 816638K->643998K(1864192K), 0.0564849 secs] [Times: user=0.27 sys=0.00, real=0.06 secs] 
3334.080: [GC (Allocation Failure) [PSYoungGen: 417270K->186197K(465920K)] 876958K->701741K(1864192K), 0.0465842 secs] [Times: user=0.20 sys=0.00, real=0.04 secs] 
3335.302: [GC (Allocation Failure) [PSYoungGen: 419157K->103228K(465920K)] 934701K->689084K(1864192K), 0.0735223 secs] [Times: user=0.39 sys=0.00, real=0.07 secs] 
3337.086: [GC (GCLocker Initiated GC) [PSYoungGen: 336188K->159987K(465920K)] 922044K->779040K(1864192K), 0.0609155 secs] [Times: user=0.29 sys=0.00, real=0.06 secs] 
3337.330: [GC (Allocation Failure) [PSYoungGen: 392947K->180661K(465920K)] 1012003K->849569K(1864192K), 0.0571632 secs] [Times: user=0.26 sys=0.01, real=0.05 secs] 
3337.505: [GC (Allocation Failure) [PSYoungGen: 413621K->185847K(465920K)] 1082529K->917699K(1864192K), 0.0511866 secs] [Times: user=0.23 sys=0.01, real=0.05 secs] 
3337.682: [GC (Allocation Failure) [PSYoungGen: 418807K->186773K(465920K)] 1150659K->977489K(1864192K), 0.0592076 secs] [Times: user=0.30 sys=0.00, real=0.06 secs] 
3338.678: [GC (Allocation Failure) [PSYoungGen: 419733K->90906K(465920K)] 1210449K->952099K(1864192K), 0.0403875 secs] [Times: user=0.21 sys=0.00, real=0.04 secs] 
3338.859: [GC (Allocation Failure) [PSYoungGen: 323866K->179829K(465920K)] 1185059K->1070211K(1864192K), 0.0510471 secs] [Times: user=0.23 sys=0.00, real=0.05 secs] 
3339.061: [GC (Allocation Failure) [PSYoungGen: 412789K->179061K(465920K)] 1303171K->1125766K(1864192K), 0.0431131 secs] [Times: user=0.19 sys=0.01, real=0.04 secs] 
3339.209: [GC (Allocation Failure) [PSYoungGen: 412021K->186613K(465920K)] 1358726K->1187330K(1864192K), 0.0450854 secs] [Times: user=0.21 sys=0.00, real=0.04 secs] 
3340.241: [GC (Allocation Failure) [PSYoungGen: 419573K->108717K(465920K)] 1420290K->1179858K(1864192K), 0.0458486 secs] [Times: user=0.23 sys=0.01, real=0.04 secs] 
3340.572: [GC (Allocation Failure) [PSYoungGen: 341677K->158387K(465920K)] 1412818K->1265201K(1864192K), 0.0835265 secs] [Times: user=0.43 sys=0.00, real=0.08 secs] 
3340.787: [GC (Allocation Failure) [PSYoungGen: 391347K->184118K(465920K)] 1498161K->1340324K(1864192K), 0.0425325 secs] [Times: user=0.19 sys=0.00, real=0.05 secs] 
3341.003: [GC (Allocation Failure) [PSYoungGen: 417078K->182390K(465920K)] 1573284K->1402637K(1864192K), 0.0546514 secs] [Times: user=0.26 sys=0.00, real=0.06 secs] 
3342.841: [GC (GCLocker Initiated GC) [PSYoungGen: 415350K->181748K(465920K)] 1635597K->1459883K(1864192K), 0.1487080 secs] [Times: user=0.79 sys=0.00, real=0.15 secs] 
3344.343: [GC (Allocation Failure) [PSYoungGen: 414708K->93835K(465920K)] 1694893K->1442748K(1864192K), 0.1220770 secs] [Times: user=0.50 sys=0.06, real=0.12 secs] 
3344.465: [Full GC (Ergonomics) [PSYoungGen: 93835K->0K(465920K)] [ParOldGen: 1348912K->105679K(1367552K)] 1442748K->105679K(1833472K), [Metaspace: 60045K->60045K(1105920K)], 0.1328418 secs] [Times: user=0.48 sys=0.00, real=0.14 secs] 
3344.826: [GC (Allocation Failure) [PSYoungGen: 232960K->174709K(465920K)] 338639K->280388K(1833472K), 0.0308919 secs] [Times: user=0.12 sys=0.01, real=0.03 secs] 
3344.986: [GC (Allocation Failure) [PSYoungGen: 407669K->184086K(465920K)] 513348K->343941K(1833472K), 0.0521782 secs] [Times: user=0.23 sys=0.01, real=0.06 secs] 
3345.178: [GC (Allocation Failure) [PSYoungGen: 417046K->187189K(465920K)] 576901K->402748K(1833472K), 0.0445113 secs] [Times: user=0.20 sys=0.00, real=0.04 secs] 
3346.143: [GC (Allocation Failure) [PSYoungGen: 420149K->116334K(465920K)] 635708K->402601K(1833472K), 0.0463078 secs] [Times: user=0.23 sys=0.00, real=0.05 secs] 
3346.458: [GC (Allocation Failure) [PSYoungGen: 349294K->151154K(465920K)] 635561K->474714K(1833472K), 0.0933698 secs] [Times: user=0.48 sys=0.00, real=0.09 secs] 
3346.698: [GC (Allocation Failure) [PSYoungGen: 384114K->180789K(465920K)] 707674K->551958K(1833472K), 0.0405425 secs] [Times: user=0.17 sys=0.01, real=0.04 secs] 
3346.848: [GC (Allocation Failure) [PSYoungGen: 413749K->185303K(465920K)] 784918K->619367K(1833472K), 0.0499868 secs] [Times: user=0.22 sys=0.01, real=0.05 secs] 
3347.002: [GC (Allocation Failure) [PSYoungGen: 418263K->186805K(465920K)] 852327K->679606K(1833472K), 0.0565306 secs] [Times: user=0.28 sys=0.00, real=0.06 secs] 
3348.070: [GC (Allocation Failure) [PSYoungGen: 419765K->92411K(465920K)] 912566K->655623K(1833472K), 0.0602592 secs] [Times: user=0.32 sys=0.00, real=0.06 secs] 
3348.379: [GC (Allocation Failure) [PSYoungGen: 325371K->179701K(465920K)] 888583K->773062K(1833472K), 0.0437050 secs] [Times: user=0.19 sys=0.01, real=0.04 secs] 
3348.585: [GC (Allocation Failure) [PSYoungGen: 412661K->181397K(465920K)] 1006022K->829126K(1833472K), 0.0570632 secs] [Times: user=0.27 sys=0.00, real=0.06 secs] 
3348.767: [GC (Allocation Failure) [PSYoungGen: 414357K->186901K(465920K)] 1062086K->889846K(1833472K), 0.0463766 secs] [Times: user=0.22 sys=0.00, real=0.05 secs] 
3350.216: [GC (Allocation Failure) [PSYoungGen: 419861K->123471K(465920K)] 1122806K->896872K(1833472K), 0.0479952 secs] [Times: user=0.24 sys=0.00, real=0.05 secs] 
3352.196: [GC (Allocation Failure) [PSYoungGen: 356431K->141713K(465920K)] 1129832K->954122K(1833472K), 0.1033208 secs] [Times: user=0.54 sys=0.02, real=0.11 secs] 
3352.473: [GC (Allocation Failure) [PSYoungGen: 374673K->178133K(465920K)] 1187082K->1035795K(1833472K), 0.0469711 secs] [Times: user=0.22 sys=0.00, real=0.05 secs] 
3352.629: [GC (Allocation Failure) [PSYoungGen: 411093K->185783K(465920K)] 1268755K->1105493K(1833472K), 0.0499959 secs] [Times: user=0.23 sys=0.00, real=0.05 secs] 
3352.781: [GC (Allocation Failure) [PSYoungGen: 418743K->186933K(465920K)] 1338453K->1165819K(1833472K), 0.0580426 secs] [Times: user=0.29 sys=0.00, real=0.06 secs] 
3353.765: [GC (Allocation Failure) [PSYoungGen: 419893K->94427K(465920K)] 1398779K->1143825K(1833472K), 0.0437479 secs] [Times: user=0.23 sys=0.00, real=0.05 secs] 
3353.932: [GC (Allocation Failure) [PSYoungGen: 327387K->174261K(465920K)] 1376785K->1254728K(1833472K), 0.0339659 secs] [Times: user=0.14 sys=0.00, real=0.03 secs] 
3354.099: [GC (Allocation Failure) [PSYoungGen: 407221K->184214K(465920K)] 1487688K->1319077K(1833472K), 0.0613468 secs] [Times: user=0.29 sys=0.00, real=0.06 secs] 
3354.306: [GC (Allocation Failure) [PSYoungGen: 417174K->183508K(465920K)] 1552037K->1374367K(1833472K), 0.0511658 secs] [Times: user=0.25 sys=0.01, real=0.05 secs] 
3355.304: [GC (Allocation Failure) [PSYoungGen: 416468K->133104K(465920K)] 1607327K->1393247K(1833472K), 0.0494136 secs] [Times: user=0.24 sys=0.00, real=0.05 secs] 
3355.670: [GC (Allocation Failure) [PSYoungGen: 366064K->139936K(465920K)] 1626207K->1442064K(1833472K), 0.1096226 secs] [Times: user=0.59 sys=0.00, real=0.11 secs] 
3355.780: [Full GC (Ergonomics) [PSYoungGen: 139936K->0K(465920K)] [ParOldGen: 1302127K->156957K(1398272K)] 1442064K->156957K(1864192K), [Metaspace: 60047K->60047K(1105920K)], 0.1824584 secs] [Times: user=0.85 sys=0.00, real=0.18 secs] 
3356.070: [GC (Allocation Failure) [PSYoungGen: 232960K->174836K(465920K)] 389917K->331794K(1864192K), 0.0248531 secs] [Times: user=0.09 sys=0.00, real=0.02 secs] 
3356.206: [GC (Allocation Failure) [PSYoungGen: 407796K->185751K(465920K)] 564754K->412581K(1864192K), 0.0488562 secs] [Times: user=0.22 sys=0.00, real=0.05 secs] 
3356.939: [GC (Allocation Failure) [PSYoungGen: 418711K->185013K(465920K)] 645541K->470711K(1864192K), 0.1103779 secs] [Times: user=0.58 sys=0.00, real=0.11 secs] 
3358.451: [GC (Allocation Failure) [PSYoungGen: 417973K->92587K(465920K)] 703671K->448021K(1864192K), 0.0997367 secs] [Times: user=0.55 sys=0.00, real=0.10 secs] 
3359.001: [GC (Allocation Failure) [PSYoungGen: 325547K->177525K(465920K)] 680981K->562844K(1864192K), 0.0441194 secs] [Times: user=0.18 sys=0.00, real=0.04 secs] 
3359.214: [GC (Allocation Failure) [PSYoungGen: 410485K->181749K(465920K)] 795804K->622464K(1864192K), 0.0632056 secs] [Times: user=0.30 sys=0.01, real=0.06 secs] 
3359.452: [GC (Allocation Failure) [PSYoungGen: 414709K->186901K(465920K)] 855424K->682912K(1864192K), 0.0619014 secs] [Times: user=0.31 sys=0.00, real=0.06 secs] 
3360.492: [GC (Allocation Failure) [PSYoungGen: 419861K->137905K(465920K)] 915872K->704384K(1864192K), 0.0491299 secs] [Times: user=0.25 sys=0.00, real=0.05 secs] 
3360.767: [GC (GCLocker Initiated GC) [PSYoungGen: 370865K->132335K(465920K)] 937344K->742743K(1864192K), 0.0927826 secs] [Times: user=0.49 sys=0.00, real=0.10 secs] 
3361.058: [GC (Allocation Failure) [PSYoungGen: 365295K->174068K(465920K)] 975706K->826452K(1864192K), 0.0375468 secs] [Times: user=0.16 sys=0.00, real=0.03 secs] 
3361.233: [GC (Allocation Failure) [PSYoungGen: 407028K->185623K(465920K)] 1059412K->899318K(1864192K), 0.0627265 secs] [Times: user=0.31 sys=0.00, real=0.06 secs] 
3361.417: [GC (Allocation Failure) [PSYoungGen: 418583K->186773K(465920K)] 1132278K->959200K(1864192K), 0.0581313 secs] [Times: user=0.28 sys=0.01, real=0.06 secs] 
3362.403: [GC (Allocation Failure) [PSYoungGen: 419733K->94891K(465920K)] 1192160K->937827K(1864192K), 0.0448081 secs] [Times: user=0.23 sys=0.00, real=0.05 secs] 
3362.558: [GC (GCLocker Initiated GC) [PSYoungGen: 327851K->173877K(465920K)] 1170787K->1048053K(1864192K), 0.0320960 secs] [Times: user=0.13 sys=0.00, real=0.03 secs] 
3362.727: [GC (Allocation Failure) [PSYoungGen: 406837K->181013K(465920K)] 1281308K->1109669K(1864192K), 0.0627013 secs] [Times: user=0.30 sys=0.00, real=0.07 secs] 
3362.932: [GC (Allocation Failure) [PSYoungGen: 413973K->186805K(465920K)] 1342629K->1170360K(1864192K), 0.0453909 secs] [Times: user=0.21 sys=0.00, real=0.05 secs] 
3364.360: [GC (Allocation Failure) [PSYoungGen: 419765K->147410K(465920K)] 1403320K->1201422K(1864192K), 0.0508125 secs] [Times: user=0.26 sys=0.00, real=0.05 secs] 
3365.899: [GC (Allocation Failure) [PSYoungGen: 380370K->122974K(465920K)] 1434382K->1223658K(1864192K), 0.1426354 secs] [Times: user=0.79 sys=0.00, real=0.14 secs] 
3366.208: [GC (Allocation Failure) [PSYoungGen: 355925K->175476K(465920K)] 1456609K->1315785K(1864192K), 0.0377393 secs] [Times: user=0.16 sys=0.00, real=0.03 secs] 
3366.355: [GC (Allocation Failure) [PSYoungGen: 408436K->185399K(465920K)] 1548745K->1387155K(1864192K), 0.0513675 secs] [Times: user=0.24 sys=0.00, real=0.05 secs] 
3366.511: [GC (Allocation Failure) [PSYoungGen: 418359K->186837K(465920K)] 1620115K->1447553K(1864192K), 0.0607332 secs] [Times: user=0.30 sys=0.00, real=0.06 secs] 
3367.522: [GC (GCLocker Initiated GC) [PSYoungGen: 419797K->93787K(465920K)] 1680514K->1425024K(1864192K), 0.0626800 secs] [Times: user=0.33 sys=0.00, real=0.06 secs] 
3367.585: [Full GC (Ergonomics) [PSYoungGen: 93787K->0K(465920K)] [ParOldGen: 1331237K->92808K(1373696K)] 1425024K->92808K(1839616K), [Metaspace: 60052K->60052K(1105920K)], 0.0570885 secs] [Times: user=0.22 sys=0.00, real=0.06 secs] 
3367.882: [GC (Allocation Failure) [PSYoungGen: 232960K->174645K(465920K)] 325807K->267492K(1839616K), 0.0320031 secs] [Times: user=0.12 sys=0.00, real=0.03 secs] 
3368.082: [GC (Allocation Failure) [PSYoungGen: 407605K->184694K(465920K)] 500452K->332625K(1839616K), 0.0561202 secs] [Times: user=0.26 sys=0.00, real=0.06 secs] 
3368.276: [GC (Allocation Failure) [PSYoungGen: 408460K->169749K(465920K)] 556392K->381696K(1839616K), 0.0469993 secs] [Times: user=0.22 sys=0.01, real=0.05 secs] 
3369.220: [GC (Allocation Failure) [PSYoungGen: 402709K->168435K(461824K)] 614656K->434158K(1835520K), 0.0520154 secs] [Times: user=0.26 sys=0.00, real=0.05 secs] 
3369.510: [GC (Allocation Failure) [PSYoungGen: 401395K->107836K(463872K)] 667118K->437992K(1837568K), 0.0421806 secs] [Times: user=0.21 sys=0.00, real=0.04 secs] 
3369.689: [GC (Allocation Failure) [PSYoungGen: 333558K->175445K(466432K)] 663714K->539857K(1840128K), 0.0451287 secs] [Times: user=0.20 sys=0.00, real=0.04 secs] 
3369.867: [GC (Allocation Failure) [PSYoungGen: 408917K->178965K(465920K)] 773329K->598209K(1839616K), 0.0424393 secs] [Times: user=0.19 sys=0.00, real=0.05 secs] 
3370.015: [GC (Allocation Failure) [PSYoungGen: 412437K->186197K(465408K)] 831681K->659873K(1839104K), 0.0452329 secs] [Times: user=0.21 sys=0.00, real=0.05 secs] 
3371.305: [GC (Allocation Failure) [PSYoungGen: 419157K->101340K(465920K)] 892833K->645080K(1839616K), 0.0827083 secs] [Times: user=0.44 sys=0.00, real=0.09 secs] 
3372.213: [GC (Allocation Failure) [PSYoungGen: 334300K->168020K(465920K)] 878040K->745201K(1839616K), 0.0642215 secs] [Times: user=0.31 sys=0.00, real=0.07 secs] 
3372.408: [GC (Allocation Failure) [PSYoungGen: 400980K->184534K(465920K)] 978161K->814163K(1839616K), 0.0423543 secs] [Times: user=0.19 sys=0.00, real=0.04 secs] 
3372.836: [GC (Allocation Failure) [PSYoungGen: 417494K->185335K(465920K)] 1047123K->879060K(1839616K), 0.1046913 secs] [Times: user=0.54 sys=0.00, real=0.11 secs] 
3373.768: [GC (Allocation Failure) [PSYoungGen: 417063K->212468K(465920K)] 1110788K->965153K(1839616K), 0.0545133 secs] [Times: user=0.27 sys=0.00, real=0.05 secs] 
3375.116: [GC (Allocation Failure) [PSYoungGen: 445428K->90746K(465920K)] 1198113K->911119K(1839616K), 0.0917762 secs] [Times: user=0.40 sys=0.00, real=0.10 secs] 
3375.417: [GC (Allocation Failure) [PSYoungGen: 323706K->179797K(465920K)] 1144079K->1029255K(1839616K), 0.0402640 secs] [Times: user=0.17 sys=0.00, real=0.04 secs] 
3375.564: [GC (Allocation Failure) [PSYoungGen: 412757K->184374K(465920K)] 1262215K->1089520K(1839616K), 0.0436714 secs] [Times: user=0.19 sys=0.00, real=0.05 secs] 
3375.731: [GC (Allocation Failure) [PSYoungGen: 417334K->183348K(465920K)] 1322480K->1144366K(1839616K), 0.0500500 secs] [Times: user=0.24 sys=0.01, real=0.05 secs] 
3376.781: [GC (Allocation Failure) [PSYoungGen: 416308K->103660K(465920K)] 1377326K->1133834K(1839616K), 0.0446433 secs] [Times: user=0.23 sys=0.00, real=0.04 secs] 
3376.948: [GC (GCLocker Initiated GC) [PSYoungGen: 336620K->164563K(465920K)] 1366794K->1229103K(1839616K), 0.0444548 secs] [Times: user=0.21 sys=0.00, real=0.04 secs] 
3377.100: [GC (Allocation Failure) [PSYoungGen: 397523K->183285K(465920K)] 1462067K->1299085K(1839616K), 0.0429517 secs] [Times: user=0.19 sys=0.00, real=0.04 secs] 
3377.253: [GC (Allocation Failure) [PSYoungGen: 416245K->185527K(465920K)] 1532045K->1365426K(1839616K), 0.0513456 secs] [Times: user=0.23 sys=0.00, real=0.05 secs] 
3377.426: [GC (Allocation Failure) [PSYoungGen: 418487K->186869K(465920K)] 1598386K->1425696K(1839616K), 0.0663852 secs] [Times: user=0.33 sys=0.00, real=0.07 secs] 
3378.809: [GC (Allocation Failure) [PSYoungGen: 419829K->87210K(465920K)] 1658656K->1396649K(1839616K), 0.0773925 secs] [Times: user=0.41 sys=0.00, real=0.07 secs] 
3378.886: [Full GC (Ergonomics) [PSYoungGen: 87210K->0K(465920K)] [ParOldGen: 1309439K->104992K(1395200K)] 1396649K->104992K(1861120K), [Metaspace: 60056K->60056K(1105920K)], 0.1378751 secs] [Times: user=0.59 sys=0.00, real=0.14 secs] 
3379.348: [GC (Allocation Failure) [PSYoungGen: 232960K->182550K(465920K)] 337952K->287542K(1861120K), 0.0314889 secs] [Times: user=0.11 sys=0.00, real=0.03 secs] 
3379.492: [GC (GCLocker Initiated GC) [PSYoungGen: 415510K->181685K(465920K)] 520502K->343386K(1861120K), 0.0407357 secs] [Times: user=0.18 sys=0.00, real=0.04 secs] 
3379.677: [GC (Allocation Failure) [PSYoungGen: 414645K->203285K(465920K)] 576385K->420432K(1861120K), 0.0632459 secs] [Times: user=0.31 sys=0.00, real=0.07 secs] 
3382.404: [GC (Allocation Failure) [PSYoungGen: 436245K->103564K(465920K)] 653392K->391184K(1861120K), 0.0445087 secs] [Times: user=0.23 sys=0.00, real=0.05 secs] 
3383.263: [GC (GCLocker Initiated GC) [PSYoungGen: 336524K->155986K(465920K)] 624144K->477127K(1861120K), 0.0708901 secs] [Times: user=0.35 sys=0.01, real=0.07 secs] 
3383.465: [GC (Allocation Failure) [PSYoungGen: 388946K->183093K(465920K)] 710089K->552676K(1861120K), 0.0408264 secs] [Times: user=0.18 sys=0.01, real=0.04 secs] 
3383.660: [GC (Allocation Failure) [PSYoungGen: 416053K->185559K(465920K)] 785636K->619061K(1861120K), 0.0706945 secs] [Times: user=0.35 sys=0.00, real=0.07 secs] 
3383.848: [GC (Allocation Failure) [PSYoungGen: 418519K->186613K(465920K)] 852021K->678988K(1861120K), 0.0558618 secs] [Times: user=0.27 sys=0.00, real=0.05 secs] 
3384.844: [GC (Allocation Failure) [PSYoungGen: 419573K->89578K(465920K)] 911948K->652153K(1861120K), 0.0415573 secs] [Times: user=0.22 sys=0.00, real=0.04 secs] 
3384.997: [GC (Allocation Failure) [PSYoungGen: 322538K->177429K(465920K)] 885113K->769409K(1861120K), 0.0339629 secs] [Times: user=0.14 sys=0.00, real=0.04 secs] 
3385.158: [GC (Allocation Failure) [PSYoungGen: 410389K->180533K(465920K)] 1002369K->827949K(1861120K), 0.0469747 secs] [Times: user=0.21 sys=0.01, real=0.04 secs] 
3385.310: [GC (Allocation Failure) [PSYoungGen: 413493K->186837K(465920K)] 1060909K->889117K(1861120K), 0.0478014 secs] [Times: user=0.20 sys=0.00, real=0.05 secs] 
3386.407: [GC (Allocation Failure) [PSYoungGen: 419797K->117838K(465920K)] 1122077K->890506K(1861120K), 0.0478758 secs] [Times: user=0.24 sys=0.00, real=0.05 secs] 
3387.590: [GC (Allocation Failure) [PSYoungGen: 350798K->147121K(465920K)] 1123466K->958022K(1861120K), 0.1062512 secs] [Times: user=0.57 sys=0.00, real=0.10 secs] 
3387.836: [GC (Allocation Failure) [PSYoungGen: 380081K->184086K(465920K)] 1190982K->1041058K(1861120K), 0.0412523 secs] [Times: user=0.18 sys=0.00, real=0.04 secs] 
3388.018: [GC (Allocation Failure) [PSYoungGen: 417046K->185815K(465920K)] 1274018K->1106776K(1861120K), 0.0715477 secs] [Times: user=0.36 sys=0.00, real=0.07 secs] 
3388.244: [GC (Allocation Failure) [PSYoungGen: 418775K->186389K(465920K)] 1339736K->1166430K(1861120K), 0.0786330 secs] [Times: user=0.40 sys=0.00, real=0.08 secs] 
3389.573: [GC (Allocation Failure) [PSYoungGen: 419349K->92587K(465920K)] 1399390K->1142932K(1861120K), 0.1033883 secs] [Times: user=0.57 sys=0.01, real=0.10 secs] 
3389.924: [GC (Allocation Failure) [PSYoungGen: 325547K->178709K(465920K)] 1375892K->1259143K(1861120K), 0.0378694 secs] [Times: user=0.16 sys=0.00, real=0.04 secs] 
3390.099: [GC (Allocation Failure) [PSYoungGen: 411669K->184598K(465920K)] 1492103K->1320479K(1861120K), 0.0492556 secs] [Times: user=0.24 sys=0.00, real=0.05 secs] 
3390.282: [GC (Allocation Failure) [PSYoungGen: 417558K->186453K(465920K)] 1553439K->1378527K(1861120K), 0.0469027 secs] [Times: user=0.22 sys=0.00, real=0.05 secs] 
3391.317: [GC (Allocation Failure) [PSYoungGen: 419413K->115694K(465920K)] 1611487K->1377984K(1861120K), 0.0483678 secs] [Times: user=0.24 sys=0.01, real=0.05 secs] 
3391.521: [GC (Allocation Failure) [PSYoungGen: 348654K->146481K(465920K)] 1610944K->1445467K(1861120K), 0.0736018 secs] [Times: user=0.38 sys=0.01, real=0.07 secs] 
3391.718: [GC (GCLocker Initiated GC) [PSYoungGen: 379441K->183061K(465920K)] 1678427K->1527852K(1861120K), 0.0422426 secs] [Times: user=0.19 sys=0.00, real=0.04 secs] 
3391.760: [Full GC (Ergonomics) [PSYoungGen: 183061K->0K(465920K)] [ParOldGen: 1344790K->246227K(1398272K)] 1527852K->246227K(1864192K), [Metaspace: 60057K->60057K(1105920K)], 0.2925940 secs] [Times: user=1.35 sys=0.00, real=0.29 secs] 
3392.162: [GC (Allocation Failure) [PSYoungGen: 232960K->185847K(465920K)] 479190K->432077K(1864192K), 0.0904134 secs] [Times: user=0.47 sys=0.00, real=0.09 secs] 
3392.354: [GC (Allocation Failure) [PSYoungGen: 418807K->183316K(465920K)] 665037K->488479K(1864192K), 0.0572569 secs] [Times: user=0.28 sys=0.00, real=0.06 secs] 
3393.449: [GC (Allocation Failure) [PSYoungGen: 416276K->89866K(465920K)] 721439K->464197K(1864192K), 0.0423841 secs] [Times: user=0.23 sys=0.00, real=0.04 secs] 
3393.734: [GC (Allocation Failure) [PSYoungGen: 322826K->182677K(465920K)] 697157K->586173K(1864192K), 0.0324694 secs] [Times: user=0.13 sys=0.00, real=0.03 secs] 
3393.873: [GC (Allocation Failure) [PSYoungGen: 415637K->184662K(465920K)] 819133K->643797K(1864192K), 0.0429555 secs] [Times: user=0.19 sys=0.00, real=0.04 secs] 
3394.257: [GC (GCLocker Initiated GC) [PSYoungGen: 417622K->182836K(465920K)] 876758K->697884K(1864192K), 0.0781772 secs] [Times: user=0.38 sys=0.00, real=0.08 secs] 
3396.204: [GC (Allocation Failure) [PSYoungGen: 415796K->130160K(465920K)] 930846K->714273K(1864192K), 0.0476797 secs] [Times: user=0.24 sys=0.00, real=0.05 secs] 
3397.446: [GC (Allocation Failure) [PSYoungGen: 363120K->135648K(465920K)] 947233K->760921K(1864192K), 0.1077054 secs] [Times: user=0.58 sys=0.00, real=0.11 secs] 
3397.692: [GC (Allocation Failure) [PSYoungGen: 368608K->178389K(465920K)] 993881K->846955K(1864192K), 0.0387017 secs] [Times: user=0.17 sys=0.00, real=0.04 secs] 
3397.840: [GC (Allocation Failure) [PSYoungGen: 411349K->185591K(465920K)] 1079915K->916373K(1864192K), 0.0494990 secs] [Times: user=0.23 sys=0.00, real=0.05 secs] 
3397.993: [GC (Allocation Failure) [PSYoungGen: 418551K->186709K(465920K)] 1149333K->976443K(1864192K), 0.0566733 secs] [Times: user=0.28 sys=0.00, real=0.06 secs] 
3398.979: [GC (Allocation Failure) [PSYoungGen: 419669K->89962K(465920K)] 1209403K->950161K(1864192K), 0.0436422 secs] [Times: user=0.23 sys=0.01, real=0.04 secs] 
3399.206: [GC (Allocation Failure) [PSYoungGen: 322922K->177813K(465920K)] 1183121K->1067040K(1864192K), 0.0500320 secs] [Times: user=0.22 sys=0.00, real=0.05 secs] 
3399.413: [GC (Allocation Failure) [PSYoungGen: 410773K->180309K(465920K)] 1300000K->1125076K(1864192K), 0.0452507 secs] [Times: user=0.20 sys=0.00, real=0.05 secs] 
3399.589: [GC (Allocation Failure) [PSYoungGen: 413269K->187157K(465920K)] 1358036K->1186764K(1864192K), 0.0550246 secs] [Times: user=0.27 sys=0.00, real=0.05 secs] 
3400.558: [GC (Allocation Failure) [PSYoungGen: 420117K->139441K(465920K)] 1419724K->1209656K(1864192K), 0.0512287 secs] [Times: user=0.26 sys=0.00, real=0.05 secs] 
3401.017: [GC (GCLocker Initiated GC) [PSYoungGen: 372401K->126575K(465920K)] 1442618K->1241040K(1864192K), 0.1388342 secs] [Times: user=0.77 sys=0.00, real=0.14 secs] 
3401.296: [GC (Allocation Failure) [PSYoungGen: 359535K->178165K(465920K)] 1474166K->1333572K(1864192K), 0.0376803 secs] [Times: user=0.17 sys=0.00, real=0.04 secs] 
3401.503: [GC (Allocation Failure) [PSYoungGen: 411125K->185303K(465920K)] 1566532K->1402862K(1864192K), 0.0706143 secs] [Times: user=0.35 sys=0.00, real=0.07 secs] 
3401.696: [GC (Allocation Failure) [PSYoungGen: 418263K->185973K(465920K)] 1635822K->1462485K(1864192K), 0.0545832 secs] [Times: user=0.25 sys=0.01, real=0.06 secs] 
3404.077: [GC (Allocation Failure) [PSYoungGen: 418933K->93435K(465920K)] 1695445K->1440027K(1864192K), 0.1154102 secs] [Times: user=0.64 sys=0.01, real=0.12 secs] 
3404.192: [Full GC (Ergonomics) [PSYoungGen: 93435K->0K(465920K)] [ParOldGen: 1346591K->94388K(1391616K)] 1440027K->94388K(1857536K), [Metaspace: 60057K->60057K(1105920K)], 0.1024260 secs] [Times: user=0.38 sys=0.00, real=0.10 secs] 
3405.266: [GC (Allocation Failure) [PSYoungGen: 232960K->171348K(465920K)] 327348K->265737K(1857536K), 0.0320076 secs] [Times: user=0.11 sys=0.01, real=0.04 secs] 
3405.485: [GC (Allocation Failure) [PSYoungGen: 404308K->183925K(465920K)] 498697K->331834K(1857536K), 0.0607695 secs] [Times: user=0.29 sys=0.00, real=0.06 secs] 
3405.712: [GC (Allocation Failure) [PSYoungGen: 416885K->187125K(465920K)] 564794K->390897K(1857536K), 0.0620822 secs] [Times: user=0.30 sys=0.01, real=0.06 secs] 
3406.989: [GC (Allocation Failure) [PSYoungGen: 420085K->150418K(465920K)] 623857K->424743K(1857536K), 0.0507403 secs] [Times: user=0.24 sys=0.00, real=0.05 secs] 
3407.312: [GC (Allocation Failure) [PSYoungGen: 383378K->119662K(465920K)] 657703K->441642K(1857536K), 0.1076668 secs] [Times: user=0.60 sys=0.00, real=0.11 secs] 
3407.551: [GC (Allocation Failure) [PSYoungGen: 352622K->177813K(465920K)] 674602K->537902K(1857536K), 0.0366889 secs] [Times: user=0.15 sys=0.01, real=0.04 secs] 
3407.695: [GC (Allocation Failure) [PSYoungGen: 410773K->182358K(465920K)] 770862K->604900K(1857536K), 0.0487863 secs] [Times: user=0.22 sys=0.00, real=0.05 secs] 
3407.854: [GC (Allocation Failure) [PSYoungGen: 415318K->186581K(465920K)] 837860K->666938K(1857536K), 0.0592300 secs] [Times: user=0.28 sys=0.01, real=0.06 secs] 
3408.856: [GC (Allocation Failure) [PSYoungGen: 419541K->96971K(465920K)] 899898K->647861K(1857536K), 0.0453204 secs] [Times: user=0.23 sys=0.00, real=0.05 secs] 
3409.027: [GC (Allocation Failure) [PSYoungGen: 329931K->171764K(465920K)] 880821K->754787K(1857536K), 0.0363655 secs] [Times: user=0.16 sys=0.00, real=0.04 secs] 
3409.192: [GC (Allocation Failure) [PSYoungGen: 404724K->184021K(465920K)] 987747K->820684K(1857536K), 0.0499877 secs] [Times: user=0.23 sys=0.00, real=0.05 secs] 
3409.366: [GC (Allocation Failure) [PSYoungGen: 404804K->175349K(465920K)] 1041466K->876068K(1857536K), 0.0577973 secs] [Times: user=0.28 sys=0.00, real=0.06 secs] 
3410.699: [GC (Allocation Failure) [PSYoungGen: 403282K->205395K(465920K)] 1104000K->961961K(1857536K), 0.0532571 secs] [Times: user=0.27 sys=0.00, real=0.05 secs] 
3411.756: [GC (Allocation Failure) [PSYoungGen: 438355K->100700K(465920K)] 1194921K->921634K(1857536K), 0.0924334 secs] [Times: user=0.50 sys=0.01, real=0.10 secs] 
3412.071: [GC (Allocation Failure) [PSYoungGen: 333660K->180501K(465920K)] 1154594K->1033633K(1857536K), 0.0372812 secs] [Times: user=0.16 sys=0.00, real=0.04 secs] 
3412.261: [GC (Allocation Failure) [PSYoungGen: 413461K->184566K(465920K)] 1266593K->1093977K(1857536K), 0.0690735 secs] [Times: user=0.33 sys=0.00, real=0.07 secs] 
3412.514: [GC (Allocation Failure) [PSYoungGen: 417526K->186133K(465920K)] 1326937K->1151472K(1857536K), 0.0633564 secs] [Times: user=0.31 sys=0.00, real=0.06 secs] 
3413.550: [GC (Allocation Failure) [PSYoungGen: 419093K->97035K(465920K)] 1384435K->1132642K(1857536K), 0.0571290 secs] [Times: user=0.31 sys=0.00, real=0.05 secs] 
3413.886: [GC (Allocation Failure) [PSYoungGen: 329995K->169204K(465920K)] 1365602K->1235919K(1857536K), 0.0595293 secs] [Times: user=0.28 sys=0.01, real=0.06 secs] 
3414.071: [GC (Allocation Failure) [PSYoungGen: 402164K->184854K(465920K)] 1468879K->1304933K(1857536K), 0.0430358 secs] [Times: user=0.20 sys=0.00, real=0.04 secs] 
3414.223: [GC (Allocation Failure) [PSYoungGen: 417814K->185943K(465920K)] 1537893K->1370246K(1857536K), 0.0505590 secs] [Times: user=0.23 sys=0.00, real=0.05 secs] 
3414.663: [GC (Allocation Failure) [PSYoungGen: 416843K->211668K(465920K)] 1601147K->1454895K(1857536K), 0.0533767 secs] [Times: user=0.26 sys=0.00, real=0.05 secs] 
3415.372: [GC (Allocation Failure) [PSYoungGen: 444628K->94427K(465920K)] 1687855K->1404898K(1857536K), 0.0411155 secs] [Times: user=0.21 sys=0.01, real=0.04 secs] 
3415.413: [Full GC (Ergonomics) [PSYoungGen: 94427K->0K(465920K)] [ParOldGen: 1310471K->112315K(1398272K)] 1404898K->112315K(1864192K), [Metaspace: 60057K->60057K(1105920K)], 0.1034227 secs] [Times: user=0.43 sys=0.00, real=0.10 secs] 
3415.667: [GC (Allocation Failure) [PSYoungGen: 232960K->178613K(465920K)] 345275K->290929K(1864192K), 0.0249923 secs] [Times: user=0.08 sys=0.01, real=0.03 secs] 
3415.798: [GC (Allocation Failure) [PSYoungGen: 411573K->184438K(465920K)] 523889K->352397K(1864192K), 0.0410841 secs] [Times: user=0.18 sys=0.00, real=0.04 secs] 
3415.944: [GC (Allocation Failure) [PSYoungGen: 417398K->186869K(465920K)] 585357K->410964K(1864192K), 0.0443853 secs] [Times: user=0.21 sys=0.00, real=0.05 secs] 
3416.917: [GC (Allocation Failure) [PSYoungGen: 419829K->99244K(465920K)] 643924K->393947K(1864192K), 0.0441120 secs] [Times: user=0.23 sys=0.00, real=0.05 secs] 
3417.526: [GC (Allocation Failure) [PSYoungGen: 332204K->168564K(465920K)] 626907K->496617K(1864192K), 0.0664556 secs] [Times: user=0.32 sys=0.00, real=0.07 secs] 
3417.732: [GC (Allocation Failure) [PSYoungGen: 401524K->181525K(465920K)] 729577K->561874K(1864192K), 0.0419525 secs] [Times: user=0.19 sys=0.00, real=0.04 secs] 
3418.059: [GC (Allocation Failure) [PSYoungGen: 414485K->183894K(465920K)] 794834K->627803K(1864192K), 0.0617126 secs] [Times: user=0.30 sys=0.00, real=0.06 secs] 
3418.497: [GC (Allocation Failure) [PSYoungGen: 416854K->199380K(465920K)] 860763K->701617K(1864192K), 0.0660211 secs] [Times: user=0.33 sys=0.00, real=0.07 secs] 
3420.053: [GC (Allocation Failure) [PSYoungGen: 432340K->92971K(465920K)] 934577K->664263K(1864192K), 0.1007337 secs] [Times: user=0.55 sys=0.00, real=0.10 secs] 
3420.338: [GC (Allocation Failure) [PSYoungGen: 325931K->183126K(465920K)] 897223K->784404K(1864192K), 0.0346859 secs] [Times: user=0.14 sys=0.00, real=0.03 secs] 
3420.513: [GC (Allocation Failure) [PSYoungGen: 416086K->181301K(465920K)] 1017364K->839591K(1864192K), 0.0639462 secs] [Times: user=0.31 sys=0.00, real=0.06 secs] 
3420.740: [GC (Allocation Failure) [PSYoungGen: 414261K->186229K(465920K)] 1072551K->899303K(1864192K), 0.0637871 secs] [Times: user=0.30 sys=0.00, real=0.06 secs] 
3421.736: [GC (Allocation Failure) [PSYoungGen: 419189K->103180K(465920K)] 1132263K->886638K(1864192K), 0.0451947 secs] [Times: user=0.23 sys=0.00, real=0.05 secs] 
3421.992: [GC (GCLocker Initiated GC) [PSYoungGen: 336140K->165395K(465920K)] 1119599K->982975K(1864192K), 0.0727155 secs] [Times: user=0.36 sys=0.00, real=0.07 secs] 
3422.221: [GC (Allocation Failure) [PSYoungGen: 398355K->177493K(465920K)] 1216102K->1047555K(1864192K), 0.0445835 secs] [Times: user=0.19 sys=0.01, real=0.04 secs] 
3422.375: [GC (Allocation Failure) [PSYoungGen: 410453K->185335K(465920K)] 1280515K->1117165K(1864192K), 0.0503157 secs] [Times: user=0.24 sys=0.00, real=0.05 secs] 
3422.551: [GC (Allocation Failure) [PSYoungGen: 418295K->186773K(465920K)] 1350125K->1177267K(1864192K), 0.0628106 secs] [Times: user=0.32 sys=0.00, real=0.06 secs] 
3423.617: [GC (Allocation Failure) [PSYoungGen: 419733K->89402K(465920K)] 1410227K->1150388K(1864192K), 0.0647980 secs] [Times: user=0.34 sys=0.00, real=0.07 secs] 
3423.858: [GC (Allocation Failure) [PSYoungGen: 322362K->179381K(465920K)] 1383348K->1268989K(1864192K), 0.0344372 secs] [Times: user=0.14 sys=0.00, real=0.03 secs] 
3424.001: [GC (Allocation Failure) [PSYoungGen: 412341K->184470K(465920K)] 1501949K->1330265K(1864192K), 0.0446991 secs] [Times: user=0.21 sys=0.00, real=0.04 secs] 
3424.149: [GC (Allocation Failure) [PSYoungGen: 417430K->184052K(465920K)] 1563225K->1385824K(1864192K), 0.0462724 secs] [Times: user=0.21 sys=0.01, real=0.04 secs] 
3425.924: [GC (Allocation Failure) [PSYoungGen: 417012K->109325K(465920K)] 1618784K->1380652K(1864192K), 0.0468662 secs] [Times: user=0.24 sys=0.00, real=0.05 secs] 
3427.029: [GC (Allocation Failure) [PSYoungGen: 342285K->157907K(465920K)] 1613612K->1464563K(1864192K), 0.0877946 secs] [Times: user=0.46 sys=0.00, real=0.08 secs] 
3427.256: [GC (Allocation Failure) [PSYoungGen: 390867K->184118K(465920K)] 1697523K->1540354K(1864192K), 0.0454884 secs] [Times: user=0.19 sys=0.02, real=0.05 secs] 
3427.302: [Full GC (Ergonomics) [PSYoungGen: 184118K->0K(465920K)] [ParOldGen: 1356236K->252369K(1398272K)] 1540354K->252369K(1864192K), [Metaspace: 60080K->60080K(1105920K)], 0.3069013 secs] [Times: user=1.41 sys=0.00, real=0.31 secs] 
3427.717: [GC (Allocation Failure) [PSYoungGen: 232960K->182358K(465920K)] 485329K->434728K(1864192K), 0.0875495 secs] [Times: user=0.46 sys=0.00, real=0.09 secs] 
3427.921: [GC (Allocation Failure) [PSYoungGen: 415318K->186613K(465920K)] 667688K->497223K(1864192K), 0.0556273 secs] [Times: user=0.28 sys=0.00, real=0.05 secs] 
3429.765: [GC (Allocation Failure) [PSYoungGen: 419573K->84474K(465920K)] 730183K->465420K(1864192K), 0.0676724 secs] [Times: user=0.36 sys=0.01, real=0.07 secs] 
3429.976: [GC (Allocation Failure) [PSYoungGen: 317434K->178069K(465920K)] 698380K->586416K(1864192K), 0.0322446 secs] [Times: user=0.12 sys=0.00, real=0.04 secs] 
3430.144: [GC (Allocation Failure) [PSYoungGen: 411029K->184758K(465920K)] 819376K->648733K(1864192K), 0.0597579 secs] [Times: user=0.28 sys=0.00, real=0.06 secs] 
3430.344: [GC (Allocation Failure) [PSYoungGen: 417718K->203477K(465920K)] 881693K->723740K(1864192K), 0.0454097 secs] [Times: user=0.21 sys=0.00, real=0.05 secs] 
3431.310: [GC (Allocation Failure) [PSYoungGen: 436437K->117310K(465920K)] 956700K->708029K(1864192K), 0.0463526 secs] [Times: user=0.24 sys=0.00, real=0.04 secs] 
3431.568: [GC (Allocation Failure) [PSYoungGen: 350270K->149169K(465920K)] 940989K->777276K(1864192K), 0.0676995 secs] [Times: user=0.35 sys=0.00, real=0.06 secs] 
3431.759: [GC (Allocation Failure) [PSYoungGen: 382018K->180885K(465920K)] 1010124K->856024K(1864192K), 0.0401133 secs] [Times: user=0.18 sys=0.00, real=0.04 secs] 
3431.914: [GC (Allocation Failure) [PSYoungGen: 413845K->185687K(465920K)] 1088984K->923909K(1864192K), 0.0494792 secs] [Times: user=0.23 sys=0.00, real=0.05 secs] 
3432.088: [GC (Allocation Failure) [PSYoungGen: 418647K->182740K(465920K)] 1156869K->979827K(1864192K), 0.0563966 secs] [Times: user=0.28 sys=0.00, real=0.05 secs] 
3434.384: [GC (Allocation Failure) [PSYoungGen: 415700K->91306K(465920K)] 1212787K->957657K(1864192K), 0.1247316 secs] [Times: user=0.69 sys=0.00, real=0.13 secs] 
3435.475: [GC (Allocation Failure) [PSYoungGen: 324266K->174613K(465920K)] 1190617K->1070676K(1864192K), 0.0432893 secs] [Times: user=0.19 sys=0.00, real=0.05 secs] 
3435.640: [GC (Allocation Failure) [PSYoungGen: 407573K->184662K(465920K)] 1303636K->1135564K(1864192K), 0.0433936 secs] [Times: user=0.20 sys=0.00, real=0.04 secs] 
3435.789: [GC (Allocation Failure) [PSYoungGen: 417622K->186965K(465920K)] 1368524K->1193804K(1864192K), 0.0458112 secs] [Times: user=0.21 sys=0.00, real=0.04 secs] 
3437.057: [GC (Allocation Failure) [PSYoungGen: 419925K->127279K(465920K)] 1426764K->1204510K(1864192K), 0.0483521 secs] [Times: user=0.24 sys=0.00, real=0.05 secs] 
3437.314: [GC (Allocation Failure) [PSYoungGen: 358514K->142353K(465920K)] 1435745K->1260008K(1864192K), 0.0766410 secs] [Times: user=0.41 sys=0.00, real=0.08 secs] 
3437.573: [GC (Allocation Failure) [PSYoungGen: 375313K->174932K(465920K)] 1492968K->1337888K(1864192K), 0.0544193 secs] [Times: user=0.25 sys=0.00, real=0.05 secs] 
3437.769: [GC (Allocation Failure) [PSYoungGen: 407892K->181878K(465920K)] 1570848K->1405966K(1864192K), 0.0491377 secs] [Times: user=0.22 sys=0.01, real=0.05 secs] 
3437.950: [GC (Allocation Failure) [PSYoungGen: 414838K->186549K(465920K)] 1638926K->1468501K(1864192K), 0.0644621 secs] [Times: user=0.33 sys=0.01, real=0.06 secs] 
3438.941: [GC (Allocation Failure) [PSYoungGen: 419509K->94075K(465920K)] 1701461K->1446507K(1864192K), 0.0455732 secs] [Times: user=0.24 sys=0.01, real=0.04 secs] 
3438.986: [Full GC (Ergonomics) [PSYoungGen: 94075K->0K(465920K)] [ParOldGen: 1352431K->97954K(1398272K)] 1446507K->97954K(1864192K), [Metaspace: 60093K->60093K(1105920K)], 0.0653397 secs] [Times: user=0.25 sys=0.00, real=0.07 secs] 
3439.213: [GC (Allocation Failure) [PSYoungGen: 232960K->177589K(465920K)] 330914K->275544K(1864192K), 0.0304986 secs] [Times: user=0.11 sys=0.00, real=0.03 secs] 
3439.377: [GC (GCLocker Initiated GC) [PSYoungGen: 410549K->179861K(465920K)] 508504K->333392K(1864192K), 0.0418757 secs] [Times: user=0.18 sys=0.01, real=0.05 secs] 
3439.525: [GC (Allocation Failure) [PSYoungGen: 412821K->232884K(465920K)] 566354K->443962K(1864192K), 0.0458630 secs] [Times: user=0.21 sys=0.01, real=0.05 secs] 
3440.479: [GC (Allocation Failure) [PSYoungGen: 465844K->138641K(465920K)] 676922K->436502K(1864192K), 0.0487173 secs] [Times: user=0.24 sys=0.00, real=0.05 secs] 
3441.437: [GC (Allocation Failure) [PSYoungGen: 371601K->132368K(465920K)] 669462K->474181K(1864192K), 0.1112976 secs] [Times: user=0.61 sys=0.00, real=0.12 secs] 
3441.736: [GC (GCLocker Initiated GC) [PSYoungGen: 365328K->178261K(465920K)] 707143K->562629K(1864192K), 0.0439236 secs] [Times: user=0.20 sys=0.00, real=0.05 secs] 
3441.894: [GC (Allocation Failure) [PSYoungGen: 411221K->182806K(465920K)] 795755K->637621K(1864192K), 0.0485912 secs] [Times: user=0.22 sys=0.00, real=0.05 secs] 
3443.054: [GC (GCLocker Initiated GC) [PSYoungGen: 415766K->179476K(465920K)] 870581K->691923K(1864192K), 0.1418883 secs] [Times: user=0.75 sys=0.00, real=0.14 secs] 
3444.179: [GC (Allocation Failure) [PSYoungGen: 412436K->94507K(465920K)] 924885K->675036K(1864192K), 0.0452929 secs] [Times: user=0.23 sys=0.00, real=0.04 secs] 
3444.622: [GC (Allocation Failure) [PSYoungGen: 327467K->171764K(465920K)] 907996K->782154K(1864192K), 0.0428153 secs] [Times: user=0.19 sys=0.00, real=0.04 secs] 
3444.790: [GC (Allocation Failure) [PSYoungGen: 404724K->184854K(465920K)] 1015114K->849132K(1864192K), 0.0427004 secs] [Times: user=0.20 sys=0.00, real=0.04 secs] 
3444.935: [GC (Allocation Failure) [PSYoungGen: 417814K->187829K(465920K)] 1082092K->908187K(1864192K), 0.0459826 secs] [Times: user=0.21 sys=0.00, real=0.05 secs] 
3445.867: [GC (Allocation Failure) [PSYoungGen: 420789K->150386K(465920K)] 1141147K->941540K(1864192K), 0.0511523 secs] [Times: user=0.25 sys=0.00, real=0.06 secs] 
3446.178: [GC (Allocation Failure) [PSYoungGen: 383346K->119950K(465920K)] 1174500K->958816K(1864192K), 0.0858555 secs] [Times: user=0.47 sys=0.01, real=0.08 secs] 
3446.380: [GC (Allocation Failure) [PSYoungGen: 352910K->174804K(465920K)] 1191776K->1052379K(1864192K), 0.0486404 secs] [Times: user=0.21 sys=0.00, real=0.05 secs] 
3446.567: [GC (Allocation Failure) [PSYoungGen: 407764K->185111K(465920K)] 1285339K->1132050K(1864192K), 0.0491966 secs] [Times: user=0.23 sys=0.00, real=0.05 secs] 
3446.719: [GC (Allocation Failure) [PSYoungGen: 418071K->187029K(465920K)] 1365010K->1192752K(1864192K), 0.0589086 secs] [Times: user=0.29 sys=0.00, real=0.06 secs] 
3447.804: [GC (Allocation Failure) [PSYoungGen: 419989K->94891K(465920K)] 1425712K->1171102K(1864192K), 0.0488579 secs] [Times: user=0.26 sys=0.00, real=0.05 secs] 
3448.706: [GC (Allocation Failure) [PSYoungGen: 327851K->170036K(465920K)] 1404062K->1277103K(1864192K), 0.0525005 secs] [Times: user=0.24 sys=0.00, real=0.06 secs] 
3448.880: [GC (Allocation Failure) [PSYoungGen: 402996K->184790K(465920K)] 1510063K->1345333K(1864192K), 0.0430440 secs] [Times: user=0.20 sys=0.00, real=0.04 secs] 
3449.044: [GC (Allocation Failure) [PSYoungGen: 409346K->177686K(465920K)] 1569890K->1402277K(1864192K), 0.0588117 secs] [Times: user=0.29 sys=0.00, real=0.06 secs] 
3450.298: [GC (Allocation Failure) [PSYoungGen: 410646K->168179K(465920K)] 1635237K->1449290K(1864192K), 0.0564203 secs] [Times: user=0.28 sys=0.00, real=0.05 secs] 
3451.033: [GC (Allocation Failure) [PSYoungGen: 401139K->107340K(465920K)] 1682250K->1452868K(1864192K), 0.0868857 secs] [Times: user=0.46 sys=0.00, real=0.09 secs] 
3451.120: [Full GC (Ergonomics) [PSYoungGen: 107340K->0K(465920K)] [ParOldGen: 1345527K->124553K(1398272K)] 1452868K->124553K(1864192K), [Metaspace: 60093K->60093K(1105920K)], 0.1833106 secs] [Times: user=0.81 sys=0.00, real=0.18 secs] 
3451.417: [GC (Allocation Failure) [PSYoungGen: 230474K->175829K(465920K)] 355028K->300383K(1864192K), 0.0245019 secs] [Times: user=0.09 sys=0.00, real=0.03 secs] 
3451.576: [GC (Allocation Failure) [PSYoungGen: 408789K->184214K(465920K)] 533343K->363475K(1864192K), 0.0565259 secs] [Times: user=0.27 sys=0.00, real=0.06 secs] 
3451.743: [GC (Allocation Failure) [PSYoungGen: 417174K->186773K(465920K)] 596435K->421859K(1864192K), 0.0448628 secs] [Times: user=0.21 sys=0.00, real=0.05 secs] 
3452.718: [GC (Allocation Failure) [PSYoungGen: 419733K->95675K(465920K)] 654819K->401105K(1864192K), 0.0436005 secs] [Times: user=0.22 sys=0.01, real=0.04 secs] 
3452.944: [GC (Allocation Failure) [PSYoungGen: 328635K->169172K(465920K)] 634065K->506399K(1864192K), 0.0617690 secs] [Times: user=0.29 sys=0.00, real=0.06 secs] 
3453.172: [GC (Allocation Failure) [PSYoungGen: 402132K->180629K(465920K)] 739359K->570928K(1864192K), 0.0418271 secs] [Times: user=0.18 sys=0.01, real=0.04 secs] 
3453.323: [GC (Allocation Failure) [PSYoungGen: 413589K->185687K(465920K)] 803888K->639134K(1864192K), 0.0490349 secs] [Times: user=0.23 sys=0.00, real=0.05 secs] 
3453.796: [GC (Allocation Failure) [PSYoungGen: 414935K->215124K(465920K)] 868382K->727487K(1864192K), 0.0537769 secs] [Times: user=0.27 sys=0.00, real=0.06 secs] 
3454.765: [GC (GCLocker Initiated GC) [PSYoungGen: 448084K->86474K(465920K)] 960447K->667229K(1864192K), 0.0924623 secs] [Times: user=0.50 sys=0.00, real=0.10 secs] 
3455.045: [GC (Allocation Failure) [PSYoungGen: 319434K->184438K(465920K)] 900196K->793344K(1864192K), 0.0336883 secs] [Times: user=0.14 sys=0.00, real=0.04 secs] 
3455.188: [GC (Allocation Failure) [PSYoungGen: 417398K->184470K(465920K)] 1026304K->849592K(1864192K), 0.0432906 secs] [Times: user=0.20 sys=0.00, real=0.04 secs] 
3455.464: [GC (Allocation Failure) [PSYoungGen: 417430K->185589K(465920K)] 1082552K->906543K(1864192K), 0.0741208 secs] [Times: user=0.36 sys=0.01, real=0.08 secs] 
3457.512: [GC (Allocation Failure) [PSYoungGen: 418549K->101164K(465920K)] 1139503K->892246K(1864192K), 0.0451105 secs] [Times: user=0.23 sys=0.00, real=0.04 secs] 
3458.213: [GC (Allocation Failure) [PSYoungGen: 334124K->165652K(465920K)] 1125206K->989475K(1864192K), 0.0678181 secs] [Times: user=0.34 sys=0.00, real=0.07 secs] 
3458.407: [GC (Allocation Failure) [PSYoungGen: 398612K->181621K(465920K)] 1222435K->1057261K(1864192K), 0.0415653 secs] [Times: user=0.19 sys=0.00, real=0.05 secs] 
3458.560: [GC (Allocation Failure) [PSYoungGen: 414581K->185687K(465920K)] 1290221K->1125046K(1864192K), 0.0495183 secs] [Times: user=0.23 sys=0.00, real=0.05 secs] 
3458.713: [GC (Allocation Failure) [PSYoungGen: 418647K->182708K(465920K)] 1358006K->1180972K(1864192K), 0.0557786 secs] [Times: user=0.27 sys=0.00, real=0.06 secs] 
3459.703: [GC (Allocation Failure) [PSYoungGen: 415668K->91466K(465920K)] 1413932K->1158746K(1864192K), 0.0405649 secs] [Times: user=0.21 sys=0.00, real=0.04 secs] 
3459.874: [GC (Allocation Failure) [PSYoungGen: 324426K->182134K(465920K)] 1391706K->1278974K(1864192K), 0.0345420 secs] [Times: user=0.14 sys=0.00, real=0.04 secs] 
3460.055: [GC (Allocation Failure) [PSYoungGen: 415094K->184245K(465920K)] 1511934K->1338158K(1864192K), 0.0485520 secs] [Times: user=0.23 sys=0.00, real=0.05 secs] 
3460.219: [GC (Allocation Failure) [PSYoungGen: 417205K->186709K(465920K)] 1571118K->1396925K(1864192K), 0.0456041 secs] [Times: user=0.21 sys=0.00, real=0.04 secs] 
3461.251: [GC (Allocation Failure) [PSYoungGen: 419669K->104588K(465920K)] 1629885K->1385205K(1864192K), 0.0456535 secs] [Times: user=0.23 sys=0.00, real=0.04 secs] 
3461.533: [GC (GCLocker Initiated GC) [PSYoungGen: 337548K->159251K(465920K)] 1618165K->1473888K(1864192K), 0.0829354 secs] [Times: user=0.41 sys=0.01, real=0.08 secs] 
3461.616: [Full GC (Ergonomics) [PSYoungGen: 159251K->0K(465920K)] [ParOldGen: 1314637K->178538K(1398272K)] 1473888K->178538K(1864192K), [Metaspace: 60098K->60098K(1105920K)], 0.2064568 secs] [Times: user=0.99 sys=0.00, real=0.21 secs] 
3461.937: [GC (Allocation Failure) [PSYoungGen: 232960K->183925K(465920K)] 411629K->362595K(1864192K), 0.0334954 secs] [Times: user=0.13 sys=0.00, real=0.03 secs] 
3462.080: [GC (Allocation Failure) [PSYoungGen: 416885K->186039K(465920K)] 595555K->428613K(1864192K), 0.0438924 secs] [Times: user=0.19 sys=0.01, real=0.04 secs] 
3462.430: [GC (Allocation Failure) [PSYoungGen: 418999K->182772K(465920K)] 661573K->484330K(1864192K), 0.0687567 secs] [Times: user=0.35 sys=0.01, real=0.07 secs] 
3463.993: [GC (Allocation Failure) [PSYoungGen: 415732K->90986K(465920K)] 717290K->461600K(1864192K), 0.1086441 secs] [Times: user=0.60 sys=0.00, real=0.11 secs] 
3464.384: [GC (Allocation Failure) [PSYoungGen: 323946K->181782K(465920K)] 694560K->581152K(1864192K), 0.0370900 secs] [Times: user=0.15 sys=0.00, real=0.04 secs] 
3464.528: [GC (Allocation Failure) [PSYoungGen: 414742K->181909K(465920K)] 814112K->637988K(1864192K), 0.0429382 secs] [Times: user=0.19 sys=0.00, real=0.04 secs] 
3464.839: [GC (Allocation Failure) [PSYoungGen: 414869K->186645K(465920K)] 870948K->698060K(1864192K), 0.0836645 secs] [Times: user=0.41 sys=0.00, real=0.08 secs] 
3466.355: [GC (Allocation Failure) [PSYoungGen: 419605K->110189K(465920K)] 931020K->691988K(1864192K), 0.0453609 secs] [Times: user=0.23 sys=0.00, real=0.05 secs] 
3466.580: [GC (Allocation Failure) [PSYoungGen: 343149K->154898K(465920K)] 924948K->772826K(1864192K), 0.0767224 secs] [Times: user=0.39 sys=0.00, real=0.07 secs] 
3466.816: [GC (Allocation Failure) [PSYoungGen: 387858K->183989K(465920K)] 1005786K->850653K(1864192K), 0.0412107 secs] [Times: user=0.18 sys=0.00, real=0.05 secs] 
3466.965: [GC (Allocation Failure) [PSYoungGen: 416949K->186039K(465920K)] 1083613K->916971K(1864192K), 0.0506929 secs] [Times: user=0.24 sys=0.00, real=0.05 secs] 
3467.119: [GC (Allocation Failure) [PSYoungGen: 418999K->186645K(465920K)] 1149931K->976641K(1864192K), 0.0575332 secs] [Times: user=0.29 sys=0.00, real=0.05 secs] 
3468.123: [GC (Allocation Failure) [PSYoungGen: 419605K->84954K(465920K)] 1209601K->945322K(1864192K), 0.0415112 secs] [Times: user=0.22 sys=0.00, real=0.04 secs] 
3468.305: [GC (Allocation Failure) [PSYoungGen: 317914K->178613K(465920K)] 1178282K->1066454K(1864192K), 0.0331279 secs] [Times: user=0.13 sys=0.00, real=0.04 secs] 
3468.446: [GC (Allocation Failure) [PSYoungGen: 411573K->184502K(465920K)] 1299414K->1128222K(1864192K), 0.0435450 secs] [Times: user=0.20 sys=0.00, real=0.05 secs] 
3468.612: [GC (Allocation Failure) [PSYoungGen: 417462K->186933K(465920K)] 1361182K->1186558K(1864192K), 0.0505757 secs] [Times: user=0.24 sys=0.00, real=0.05 secs] 
3469.634: [GC (Allocation Failure) [PSYoungGen: 419893K->116110K(465920K)] 1419518K->1186303K(1864192K), 0.0471218 secs] [Times: user=0.24 sys=0.00, real=0.05 secs] 
3470.866: [GC (Allocation Failure) [PSYoungGen: 349070K->148977K(465920K)] 1419263K->1255778K(1864192K), 0.1008458 secs] [Times: user=0.54 sys=0.00, real=0.10 secs] 
3471.101: [GC (Allocation Failure) [PSYoungGen: 381937K->183925K(465920K)] 1488738K->1337827K(1864192K), 0.0409039 secs] [Times: user=0.18 sys=0.00, real=0.04 secs] 
3471.417: [GC (GCLocker Initiated GC) [PSYoungGen: 416885K->183798K(465920K)] 1570789K->1401726K(1864192K), 0.0693293 secs] [Times: user=0.34 sys=0.00, real=0.07 secs] 
3472.264: [GC (Allocation Failure) [PSYoungGen: 416758K->182996K(465920K)] 1634852K->1459458K(1864192K), 0.1176538 secs] [Times: user=0.62 sys=0.00, real=0.12 secs] 
3473.691: [GC (Allocation Failure) [PSYoungGen: 415956K->93755K(465920K)] 1692418K->1439273K(1864192K), 0.1093183 secs] [Times: user=0.60 sys=0.00, real=0.11 secs] 
3473.801: [Full GC (Ergonomics) [PSYoungGen: 93755K->0K(465920K)] [ParOldGen: 1345518K->101416K(1398272K)] 1439273K->101416K(1864192K), [Metaspace: 60098K->60098K(1105920K)], 0.1321639 secs] [Times: user=0.54 sys=0.00, real=0.13 secs] 
3474.149: [GC (Allocation Failure) [PSYoungGen: 232960K->173013K(465920K)] 334376K->274429K(1864192K), 0.0243403 secs] [Times: user=0.08 sys=0.01, real=0.02 secs] 
3474.281: [GC (Allocation Failure) [PSYoungGen: 405973K->184053K(465920K)] 507389K->339298K(1864192K), 0.0422966 secs] [Times: user=0.19 sys=0.00, real=0.04 secs] 
3474.451: [GC (Allocation Failure) [PSYoungGen: 417013K->200436K(465920K)] 572258K->411505K(1864192K), 0.0587588 secs] [Times: user=0.28 sys=0.00, real=0.06 secs] 
3475.549: [GC (Allocation Failure) [PSYoungGen: 433396K->129584K(465920K)] 644465K->410188K(1864192K), 0.0476597 secs] [Times: user=0.24 sys=0.00, real=0.04 secs] 
3475.782: [GC (Allocation Failure) [PSYoungGen: 361714K->141617K(465920K)] 642318K->463421K(1864192K), 0.0617425 secs] [Times: user=0.32 sys=0.00, real=0.06 secs] 
3475.953: [GC (Allocation Failure) [PSYoungGen: 374577K->174484K(465920K)] 696381K->541704K(1864192K), 0.0445662 secs] [Times: user=0.20 sys=0.00, real=0.04 secs] 
3476.119: [GC (Allocation Failure) [PSYoungGen: 407444K->185527K(465920K)] 774664K->614023K(1864192K), 0.0482174 secs] [Times: user=0.22 sys=0.00, real=0.04 secs] 
3476.271: [GC (Allocation Failure) [PSYoungGen: 418487K->183668K(465920K)] 846983K->671044K(1864192K), 0.0558275 secs] [Times: user=0.28 sys=0.00, real=0.05 secs] 
3477.571: [GC (Allocation Failure) [PSYoungGen: 416628K->91402K(465920K)] 904004K->648263K(1864192K), 0.0704095 secs] [Times: user=0.32 sys=0.00, real=0.07 secs] 
3478.136: [GC (Allocation Failure) [PSYoungGen: 324362K->177589K(465920K)] 881223K->764486K(1864192K), 0.0334551 secs] [Times: user=0.13 sys=0.00, real=0.04 secs] 
3478.278: [GC (Allocation Failure) [PSYoungGen: 410549K->184438K(465920K)] 997446K->826683K(1864192K), 0.0440471 secs] [Times: user=0.20 sys=0.00, real=0.04 secs] 
3478.463: [GC (Allocation Failure) [PSYoungGen: 417398K->186901K(465920K)] 1059643K->885066K(1864192K), 0.0725968 secs] [Times: user=0.36 sys=0.00, real=0.07 secs] 
3480.410: [GC (Allocation Failure) [PSYoungGen: 419861K->137137K(465920K)] 1118026K->905990K(1864192K), 0.0496755 secs] [Times: user=0.25 sys=0.00, real=0.05 secs] 
3480.958: [GC (Allocation Failure) [PSYoungGen: 370097K->131439K(465920K)] 1138950K->943732K(1864192K), 0.1197448 secs] [Times: user=0.64 sys=0.00, real=0.12 secs] 
3481.214: [GC (Allocation Failure) [PSYoungGen: 364399K->184020K(465920K)] 1176692K->1038513K(1864192K), 0.0388977 secs] [Times: user=0.17 sys=0.00, real=0.04 secs] 
3481.390: [GC (Allocation Failure) [PSYoungGen: 416871K->181846K(465920K)] 1271364K->1097667K(1864192K), 0.0741379 secs] [Times: user=0.35 sys=0.01, real=0.07 secs] 
3481.601: [GC (Allocation Failure) [PSYoungGen: 414806K->186645K(465920K)] 1330627K->1160137K(1864192K), 0.0596521 secs] [Times: user=0.29 sys=0.01, real=0.06 secs] 
3482.637: [GC (Allocation Failure) [PSYoungGen: 419605K->94347K(465920K)] 1393097K->1138331K(1864192K), 0.0451966 secs] [Times: user=0.24 sys=0.01, real=0.05 secs] 
3482.878: [GC (Allocation Failure) [PSYoungGen: 327307K->177237K(465920K)] 1371291K->1251850K(1864192K), 0.0499856 secs] [Times: user=0.22 sys=0.00, real=0.05 secs] 
3483.076: [GC (Allocation Failure) [PSYoungGen: 410197K->181589K(465920K)] 1484810K->1311934K(1864192K), 0.0447265 secs] [Times: user=0.20 sys=0.00, real=0.05 secs] 
3483.224: [GC (Allocation Failure) [PSYoungGen: 414549K->183956K(465920K)] 1544894K->1369117K(1864192K), 0.0461393 secs] [Times: user=0.21 sys=0.00, real=0.05 secs] 
3484.206: [GC (Allocation Failure) [PSYoungGen: 416916K->149170K(465920K)] 1602077K->1403787K(1864192K), 0.0517167 secs] [Times: user=0.25 sys=0.00, real=0.06 secs] 
3484.855: [GC (Allocation Failure) [PSYoungGen: 382130K->125327K(465920K)] 1636747K->1427163K(1864192K), 0.1184474 secs] [Times: user=0.65 sys=0.00, real=0.12 secs] 
3485.138: [GC (Allocation Failure) [PSYoungGen: 358287K->178325K(465920K)] 1660123K->1519978K(1864192K), 0.0385193 secs] [Times: user=0.17 sys=0.00, real=0.03 secs] 
3485.176: [Full GC (Ergonomics) [PSYoungGen: 178325K->0K(465920K)] [ParOldGen: 1341653K->235265K(1398272K)] 1519978K->235265K(1864192K), [Metaspace: 60098K->60098K(1105920K)], 0.2800519 secs] [Times: user=1.27 sys=0.00, real=0.28 secs] 
3485.593: [GC (Allocation Failure) [PSYoungGen: 232960K->182326K(465920K)] 468225K->417591K(1864192K), 0.0883785 secs] [Times: user=0.46 sys=0.00, real=0.09 secs] 
3485.790: [GC (Allocation Failure) [PSYoungGen: 415286K->186677K(465920K)] 650551K->480046K(1864192K), 0.0571523 secs] [Times: user=0.28 sys=0.01, real=0.05 secs] 
3487.677: [GC (Allocation Failure) [PSYoungGen: 419637K->89754K(465920K)] 713006K->453660K(1864192K), 0.0690086 secs] [Times: user=0.38 sys=0.00, real=0.07 secs] 
3488.144: [GC (GCLocker Initiated GC) [PSYoungGen: 322714K->170964K(465920K)] 686620K->564235K(1864192K), 0.0443020 secs] [Times: user=0.19 sys=0.01, real=0.05 secs] 
3488.320: [GC (Allocation Failure) [PSYoungGen: 403924K->184534K(465920K)] 797202K->631059K(1864192K), 0.0422430 secs] [Times: user=0.19 sys=0.00, real=0.04 secs] 
3488.462: [GC (Allocation Failure) [PSYoungGen: 402957K->173813K(465920K)] 849482K->684651K(1864192K), 0.0479811 secs] [Times: user=0.23 sys=0.00, real=0.05 secs] 
3489.293: [GC (Allocation Failure) [PSYoungGen: 406773K->191178K(465920K)] 917611K->757104K(1864192K), 0.0493333 secs] [Times: user=0.23 sys=0.01, real=0.05 secs] 
3489.642: [GC (Allocation Failure) [PSYoungGen: 424138K->102476K(465920K)] 990064K->733113K(1864192K), 0.0403759 secs] [Times: user=0.20 sys=0.00, real=0.04 secs] 
3489.871: [GC (Allocation Failure) [PSYoungGen: 335436K->179285K(465920K)] 966073K->842396K(1864192K), 0.0481430 secs] [Times: user=0.21 sys=0.00, real=0.05 secs] 
3490.055: [GC (Allocation Failure) [PSYoungGen: 412245K->184085K(465920K)] 1075356K->903012K(1864192K), 0.0441322 secs] [Times: user=0.20 sys=0.00, real=0.05 secs] 
3490.223: [GC (Allocation Failure) [PSYoungGen: 417045K->186773K(465920K)] 1135972K->961635K(1864192K), 0.0501612 secs] [Times: user=0.24 sys=0.00, real=0.05 secs] 
3491.288: [GC (Allocation Failure) [PSYoungGen: 419733K->97771K(465920K)] 1194595K->943194K(1864192K), 0.0442969 secs] [Times: user=0.23 sys=0.00, real=0.04 secs] 
3492.007: [GC (Allocation Failure) [PSYoungGen: 330731K->166964K(465920K)] 1176154K->1044343K(1864192K), 0.0585570 secs] [Times: user=0.28 sys=0.00, real=0.06 secs] 
3492.186: [GC (Allocation Failure) [PSYoungGen: 399924K->184694K(465920K)] 1277303K->1114289K(1864192K), 0.0426170 secs] [Times: user=0.19 sys=0.01, real=0.05 secs] 
3492.386: [GC (GCLocker Initiated GC) [PSYoungGen: 417654K->184535K(465920K)] 1347250K->1178395K(1864192K), 0.0503651 secs] [Times: user=0.23 sys=0.00, real=0.05 secs] 
3493.953: [GC (Allocation Failure) [PSYoungGen: 417495K->197204K(465920K)] 1411358K->1249547K(1864192K), 0.0590664 secs] [Times: user=0.29 sys=0.01, real=0.06 secs] 
3495.470: [GC (Allocation Failure) [PSYoungGen: 430164K->91130K(465920K)] 1482507K->1211514K(1864192K), 0.1014654 secs] [Times: user=0.55 sys=0.00, real=0.10 secs] 
3495.781: [GC (Allocation Failure) [PSYoungGen: 324090K->179893K(465920K)] 1444474K->1329454K(1864192K), 0.0389645 secs] [Times: user=0.17 sys=0.00, real=0.04 secs] 
3495.959: [GC (Allocation Failure) [PSYoungGen: 412853K->181365K(465920K)] 1562414K->1386741K(1864192K), 0.0696364 secs] [Times: user=0.33 sys=0.00, real=0.07 secs] 
3496.156: [GC (Allocation Failure) [PSYoungGen: 414325K->186165K(465920K)] 1619701K->1446245K(1864192K), 0.0463691 secs] [Times: user=0.22 sys=0.00, real=0.05 secs] 
3497.166: [GC (Allocation Failure) [PSYoungGen: 419125K->102316K(465920K)] 1679205K->1432740K(1864192K), 0.0468061 secs] [Times: user=0.24 sys=0.00, real=0.05 secs] 
3497.212: [Full GC (Ergonomics) [PSYoungGen: 102316K->0K(465920K)] [ParOldGen: 1330424K->90292K(1398272K)] 1432740K->90292K(1864192K), [Metaspace: 60098K->60098K(1105920K)], 0.0342630 secs] [Times: user=0.10 sys=0.00, real=0.03 secs] 
3497.428: [GC (Allocation Failure) [PSYoungGen: 232960K->164499K(465920K)] 323252K->254792K(1864192K), 0.0332179 secs] [Times: user=0.11 sys=0.00, real=0.03 secs] 
3497.664: [GC (Allocation Failure) [PSYoungGen: 397459K->180181K(465920K)] 487752K->322093K(1864192K), 0.0567497 secs] [Times: user=0.26 sys=0.00, real=0.06 secs] 
3497.843: [GC (Allocation Failure) [PSYoungGen: 413141K->185783K(465920K)] 555053K->390499K(1864192K), 0.0487810 secs] [Times: user=0.23 sys=0.00, real=0.05 secs] 
3497.994: [GC (Allocation Failure) [PSYoungGen: 418743K->186773K(465920K)] 623459K->450329K(1864192K), 0.0550799 secs] [Times: user=0.27 sys=0.00, real=0.06 secs] 
3499.334: [GC (Allocation Failure) [PSYoungGen: 419733K->86890K(465920K)] 683289K->420930K(1864192K), 0.0708928 secs] [Times: user=0.38 sys=0.00, real=0.07 secs] 
3499.742: [GC (Allocation Failure) [PSYoungGen: 319850K->179445K(465920K)] 653890K->541907K(1864192K), 0.0425488 secs] [Times: user=0.19 sys=0.00, real=0.04 secs] 
3499.905: [GC (Allocation Failure) [PSYoungGen: 412405K->184438K(465920K)] 774867K->602883K(1864192K), 0.0432980 secs] [Times: user=0.20 sys=0.00, real=0.05 secs] 
3500.401: [GC (Allocation Failure) [PSYoungGen: 417398K->185909K(465920K)] 835843K->660138K(1864192K), 0.0867313 secs] [Times: user=0.44 sys=0.00, real=0.09 secs] 
3502.317: [GC (Allocation Failure) [PSYoungGen: 418869K->107309K(465920K)] 893098K->651882K(1864192K), 0.0452536 secs] [Times: user=0.23 sys=0.00, real=0.05 secs] 
3503.343: [GC (Allocation Failure) [PSYoungGen: 340269K->156274K(465920K)] 884842K->735837K(1864192K), 0.0893733 secs] [Times: user=0.46 sys=0.00, real=0.09 secs] 
3503.606: [GC (Allocation Failure) [PSYoungGen: 389234K->184406K(465920K)] 968797K->812724K(1864192K), 0.0511087 secs] [Times: user=0.24 sys=0.00, real=0.05 secs] 
3503.766: [GC (Allocation Failure) [PSYoungGen: 417358K->185943K(465920K)] 1045676K->878301K(1864192K), 0.0506259 secs] [Times: user=0.24 sys=0.00, real=0.05 secs] 
3504.035: [GC (Allocation Failure) [PSYoungGen: 418903K->184949K(465920K)] 1111261K->936059K(1864192K), 0.0675222 secs] [Times: user=0.35 sys=0.00, real=0.07 secs] 
3505.060: [GC (Allocation Failure) [PSYoungGen: 417909K->89754K(465920K)] 1169019K->910873K(1864192K), 0.0417275 secs] [Times: user=0.21 sys=0.00, real=0.04 secs] 
3505.331: [GC (Allocation Failure) [PSYoungGen: 322714K->176949K(465920K)] 1143833K->1026860K(1864192K), 0.0520343 secs] [Times: user=0.22 sys=0.01, real=0.05 secs] 
3505.527: [GC (Allocation Failure) [PSYoungGen: 409909K->184245K(465920K)] 1259820K->1089596K(1864192K), 0.0437258 secs] [Times: user=0.20 sys=0.01, real=0.05 secs] 
3505.699: [GC (Allocation Failure) [PSYoungGen: 417205K->182580K(465920K)] 1322556K->1143931K(1864192K), 0.0632342 secs] [Times: user=0.31 sys=0.00, real=0.06 secs] 
3506.762: [GC (Allocation Failure) [PSYoungGen: 415540K->117630K(465920K)] 1376891K->1147957K(1864192K), 0.0469942 secs] [Times: user=0.24 sys=0.01, real=0.05 secs] 
3507.156: [GC (Allocation Failure) [PSYoungGen: 350590K->150162K(465920K)] 1380917K->1218197K(1864192K), 0.1098456 secs] [Times: user=0.59 sys=0.00, real=0.11 secs] 
3507.421: [GC (Allocation Failure) [PSYoungGen: 383122K->183957K(465920K)] 1451157K->1299137K(1864192K), 0.0412286 secs] [Times: user=0.19 sys=0.00, real=0.04 secs] 
3507.635: [GC (Allocation Failure) [PSYoungGen: 416917K->182422K(465920K)] 1532097K->1361694K(1864192K), 0.0635030 secs] [Times: user=0.32 sys=0.00, real=0.07 secs] 
3508.111: [GC (Allocation Failure) [PSYoungGen: 415382K->185941K(465920K)] 1594654K->1423389K(1864192K), 0.1064006 secs] [Times: user=0.56 sys=0.00, real=0.10 secs] 
3510.971: [GC (Allocation Failure) [PSYoungGen: 418901K->82681K(465920K)] 1656349K->1390321K(1864192K), 0.1212011 secs] [Times: user=0.68 sys=0.00, real=0.12 secs] 
3511.434: [GC (Allocation Failure) [PSYoungGen: 315641K->177365K(465920K)] 1623281K->1511758K(1864192K), 0.0388784 secs] [Times: user=0.16 sys=0.00, real=0.04 secs] 
3511.472: [Full GC (Ergonomics) [PSYoungGen: 177365K->0K(465920K)] [ParOldGen: 1334392K->212622K(1398272K)] 1511758K->212622K(1864192K), [Metaspace: 60099K->60099K(1105920K)], 0.2194117 secs] [Times: user=1.00 sys=0.00, real=0.22 secs] 
3511.802: [GC (Allocation Failure) [PSYoungGen: 232960K->184950K(465920K)] 445582K->397572K(1864192K), 0.0268420 secs] [Times: user=0.10 sys=0.00, real=0.03 secs] 
3511.932: [GC (Allocation Failure) [PSYoungGen: 417910K->187253K(465920K)] 630532K->455820K(1864192K), 0.0447454 secs] [Times: user=0.21 sys=0.00, real=0.04 secs] 
3512.930: [GC (Allocation Failure) [PSYoungGen: 420213K->128368K(465920K)] 688780K->467610K(1864192K), 0.0478212 secs] [Times: user=0.24 sys=0.00, real=0.05 secs] 
3513.134: [GC (Allocation Failure) [PSYoungGen: 361328K->138448K(465920K)] 700570K->518387K(1864192K), 0.0600768 secs] [Times: user=0.31 sys=0.00, real=0.06 secs] 
3513.301: [GC (Allocation Failure) [PSYoungGen: 371408K->176372K(465920K)] 751349K->600678K(1864192K), 0.0384079 secs] [Times: user=0.17 sys=0.00, real=0.04 secs] 
3513.449: [GC (Allocation Failure) [PSYoungGen: 409332K->185463K(465920K)] 833638K->671581K(1864192K), 0.0491528 secs] [Times: user=0.22 sys=0.00, real=0.05 secs] 
3513.602: [GC (Allocation Failure) [PSYoungGen: 418423K->186773K(465920K)] 904541K->732051K(1864192K), 0.0575606 secs] [Times: user=0.28 sys=0.00, real=0.06 secs] 
3515.222: [GC (Allocation Failure) [PSYoungGen: 419733K->87082K(465920K)] 965011K->702836K(1864192K), 0.1100275 secs] [Times: user=0.61 sys=0.01, real=0.11 secs] 
3515.663: [GC (Allocation Failure) [PSYoungGen: 320042K->178197K(465920K)] 935796K->822151K(1864192K), 0.0319769 secs] [Times: user=0.13 sys=0.00, real=0.03 secs] 
3515.844: [GC (Allocation Failure) [PSYoungGen: 411157K->183605K(465920K)] 1055111K->882876K(1864192K), 0.0488388 secs] [Times: user=0.22 sys=0.00, real=0.05 secs] 
3516.452: [GC (Allocation Failure) [PSYoungGen: 416565K->183828K(465920K)] 1115836K->938747K(1864192K), 0.0612707 secs] [Times: user=0.30 sys=0.00, real=0.06 secs] 
3517.552: [GC (Allocation Failure) [PSYoungGen: 416788K->142673K(465920K)] 1171707K->967024K(1864192K), 0.0504093 secs] [Times: user=0.25 sys=0.00, real=0.05 secs] 
3518.576: [GC (Allocation Failure) [PSYoungGen: 375633K->127519K(465920K)] 1199984K->996965K(1864192K), 0.1007225 secs] [Times: user=0.49 sys=0.00, real=0.10 secs] 
3518.805: [GC (Allocation Failure) [PSYoungGen: 360479K->178709K(465920K)] 1229925K->1089060K(1864192K), 0.0380778 secs] [Times: user=0.16 sys=0.00, real=0.04 secs] 
3518.958: [GC (GCLocker Initiated GC) [PSYoungGen: 411669K->184375K(465920K)] 1322021K->1156975K(1864192K), 0.0495248 secs] [Times: user=0.23 sys=0.00, real=0.05 secs] 
3519.118: [GC (Allocation Failure) [PSYoungGen: 417335K->202933K(465920K)] 1390101K->1234348K(1864192K), 0.0581680 secs] [Times: user=0.29 sys=0.00, real=0.05 secs] 
3520.193: [GC (Allocation Failure) [PSYoungGen: 435893K->91755K(465920K)] 1467308K->1193498K(1864192K), 0.0463312 secs] [Times: user=0.25 sys=0.00, real=0.05 secs] 
3520.468: [GC (Allocation Failure) [PSYoungGen: 324715K->176085K(465920K)] 1426458K->1307137K(1864192K), 0.0505214 secs] [Times: user=0.22 sys=0.00, real=0.05 secs] 
3520.730: [GC (Allocation Failure) [PSYoungGen: 409045K->180373K(465920K)] 1540097K->1367025K(1864192K), 0.0510687 secs] [Times: user=0.24 sys=0.00, real=0.05 secs] 
3520.889: [GC (Allocation Failure) [PSYoungGen: 413333K->187605K(465920K)] 1599985K->1428833K(1864192K), 0.0460729 secs] [Times: user=0.22 sys=0.00, real=0.04 secs] 
3521.867: [GC (Allocation Failure) [PSYoungGen: 420565K->148658K(465920K)] 1661793K->1460754K(1864192K), 0.0514612 secs] [Times: user=0.24 sys=0.01, real=0.06 secs] 
3521.918: [Full GC (Ergonomics) [PSYoungGen: 148658K->0K(465920K)] [ParOldGen: 1312096K->355843K(1398272K)] 1460754K->355843K(1864192K), [Metaspace: 60107K->60107K(1105920K)], 0.5784064 secs] [Times: user=2.54 sys=0.00, real=0.57 secs] 
3523.227: [GC (Allocation Failure) [PSYoungGen: 232960K->117310K(465920K)] 588803K->473153K(1864192K), 0.0262872 secs] [Times: user=0.10 sys=0.00, real=0.03 secs] 
3523.410: [GC (Allocation Failure) [PSYoungGen: 350270K->176308K(465920K)] 706113K->569849K(1864192K), 0.0365804 secs] [Times: user=0.16 sys=0.00, real=0.03 secs] 
3523.611: [GC (Allocation Failure) [PSYoungGen: 409268K->184247K(465920K)] 802809K->639591K(1864192K), 0.0840124 secs] [Times: user=0.42 sys=0.00, real=0.08 secs] 
3523.837: [GC (Allocation Failure) [PSYoungGen: 417207K->186325K(465920K)] 872551K->700269K(1864192K), 0.0553582 secs] [Times: user=0.27 sys=0.00, real=0.06 secs] 
3526.343: [GC (Allocation Failure) [PSYoungGen: 419285K->90474K(465920K)] 933229K->674599K(1864192K), 0.0489076 secs] [Times: user=0.26 sys=0.00, real=0.05 secs] 
3526.749: [GC (GCLocker Initiated GC) [PSYoungGen: 323434K->168500K(465920K)] 907559K->782037K(1864192K), 0.0571561 secs] [Times: user=0.27 sys=0.00, real=0.05 secs] 
3527.016: [GC (Allocation Failure) [PSYoungGen: 401460K->183765K(465920K)] 1015164K->850274K(1864192K), 0.0613798 secs] [Times: user=0.27 sys=0.01, real=0.06 secs] 
3527.250: [GC (Allocation Failure) [PSYoungGen: 416725K->185463K(465920K)] 1083234K->915755K(1864192K), 0.0737538 secs] [Times: user=0.36 sys=0.00, real=0.07 secs] 
3528.206: [GC (Allocation Failure) [PSYoungGen: 418423K->190822K(465920K)] 1148715K->979995K(1864192K), 0.0470821 secs] [Times: user=0.22 sys=0.01, real=0.05 secs] 
3528.513: [GC (Allocation Failure) [PSYoungGen: 423782K->104764K(465920K)] 1212955K->958544K(1864192K), 0.0403600 secs] [Times: user=0.21 sys=0.00, real=0.04 secs] 
3528.698: [GC (GCLocker Initiated GC) [PSYoungGen: 337724K->177717K(465920K)] 1191505K->1064991K(1864192K), 0.0547645 secs] [Times: user=0.24 sys=0.01, real=0.05 secs] 
3528.902: [GC (Allocation Failure) [PSYoungGen: 410677K->184758K(465920K)] 1298118K->1127666K(1864192K), 0.0446336 secs] [Times: user=0.21 sys=0.00, real=0.04 secs] 
3529.424: [GC (Allocation Failure) [PSYoungGen: 417718K->182452K(465920K)] 1360626K->1181353K(1864192K), 0.0751979 secs] [Times: user=0.37 sys=0.01, real=0.08 secs] 
3531.073: [GC (Allocation Failure) [PSYoungGen: 415412K->96491K(465920K)] 1414313K->1164316K(1864192K), 0.0608299 secs] [Times: user=0.33 sys=0.00, real=0.06 secs] 
3532.472: [GC (GCLocker Initiated GC) [PSYoungGen: 329451K->164179K(465920K)] 1397276K->1263609K(1864192K), 0.0548858 secs] [Times: user=0.26 sys=0.00, real=0.05 secs] 
3532.688: [GC (Allocation Failure) [PSYoungGen: 397139K->184918K(465920K)] 1496607K->1335686K(1864192K), 0.0567296 secs] [Times: user=0.27 sys=0.00, real=0.05 secs] 
3532.898: [GC (Allocation Failure) [PSYoungGen: 417878K->183158K(465920K)] 1568646K->1398158K(1864192K), 0.0753025 secs] [Times: user=0.37 sys=0.00, real=0.07 secs] 
3533.689: [GC (GCLocker Initiated GC) [PSYoungGen: 416118K->185525K(465920K)] 1631120K->1458542K(1864192K), 0.1245687 secs] [Times: user=0.66 sys=0.00, real=0.12 secs] 
3534.848: [GC (Allocation Failure) [PSYoungGen: 418485K->90170K(465920K)] 1691503K->1433173K(1864192K), 0.0447313 secs] [Times: user=0.23 sys=0.00, real=0.04 secs] 
3534.893: [Full GC (Ergonomics) [PSYoungGen: 90170K->0K(465920K)] [ParOldGen: 1343002K->107232K(1398272K)] 1433173K->107232K(1864192K), [Metaspace: 60112K->60112K(1105920K)], 0.0996919 secs] [Times: user=0.42 sys=0.00, real=0.10 secs] 
3535.162: [GC (Allocation Failure) [PSYoungGen: 232960K->182454K(465920K)] 340192K->289686K(1864192K), 0.0326060 secs] [Times: user=0.12 sys=0.00, real=0.03 secs] 
3535.314: [GC (Allocation Failure) [PSYoungGen: 415414K->178293K(465920K)] 522646K->342613K(1864192K), 0.0405574 secs] [Times: user=0.18 sys=0.00, real=0.04 secs] 
3535.459: [GC (Allocation Failure) [PSYoungGen: 411253K->186069K(465920K)] 575573K->404273K(1864192K), 0.0443238 secs] [Times: user=0.20 sys=0.01, real=0.04 secs] 
3536.490: [GC (Allocation Failure) [PSYoungGen: 419029K->104876K(465920K)] 637233K->393369K(1864192K), 0.0450740 secs] [Times: user=0.23 sys=0.00, real=0.04 secs] 
3536.677: [GC (GCLocker Initiated GC) [PSYoungGen: 337836K->164884K(465920K)] 626331K->488019K(1864192K), 0.0473376 secs] [Times: user=0.22 sys=0.00, real=0.05 secs] 
3536.854: [GC (Allocation Failure) [PSYoungGen: 397844K->181909K(465920K)] 720987K->556588K(1864192K), 0.0454774 secs] [Times: user=0.21 sys=0.00, real=0.05 secs] 
3537.039: [GC (Allocation Failure) [PSYoungGen: 414869K->184247K(465920K)] 789548K->630830K(1864192K), 0.0676323 secs] [Times: user=0.33 sys=0.00, real=0.06 secs] 
3537.261: [GC (Allocation Failure) [PSYoungGen: 417207K->183444K(465920K)] 863790K->688460K(1864192K), 0.0754229 secs] [Times: user=0.39 sys=0.01, real=0.07 secs] 
3538.781: [GC (Allocation Failure) [PSYoungGen: 416404K->90474K(465920K)] 921420K->664842K(1864192K), 0.0972665 secs] [Times: user=0.53 sys=0.00, real=0.10 secs] 
3539.105: [GC (Allocation Failure) [PSYoungGen: 323434K->179573K(465920K)] 897802K->782890K(1864192K), 0.0365865 secs] [Times: user=0.13 sys=0.00, real=0.04 secs] 
3539.253: [GC (Allocation Failure) [PSYoungGen: 412533K->184694K(465920K)] 1015850K->844074K(1864192K), 0.0438329 secs] [Times: user=0.20 sys=0.00, real=0.04 secs] 
3539.820: [GC (Allocation Failure) [PSYoungGen: 417654K->185013K(465920K)] 1077034K->900409K(1864192K), 0.0756479 secs] [Times: user=0.38 sys=0.00, real=0.07 secs] 
3541.514: [GC (Allocation Failure) [PSYoungGen: 417973K->107549K(465920K)] 1133369K->892641K(1864192K), 0.0458000 secs] [Times: user=0.24 sys=0.00, real=0.05 secs] 
3542.067: [GC (Allocation Failure) [PSYoungGen: 340509K->152850K(465920K)] 1125601K->972451K(1864192K), 0.0799239 secs] [Times: user=0.41 sys=0.00, real=0.08 secs] 
3542.289: [GC (Allocation Failure) [PSYoungGen: 385810K->184598K(465920K)] 1205411K->1052475K(1864192K), 0.0413543 secs] [Times: user=0.18 sys=0.00, real=0.04 secs] 
3542.469: [GC (Allocation Failure) [PSYoungGen: 417558K->182646K(465920K)] 1285435K->1114628K(1864192K), 0.0679382 secs] [Times: user=0.33 sys=0.00, real=0.06 secs] 
3542.688: [GC (Allocation Failure) [PSYoungGen: 415606K->185621K(465920K)] 1347588K->1175458K(1864192K), 0.0793408 secs] [Times: user=0.40 sys=0.00, real=0.08 secs] 
3543.812: [GC (Allocation Failure) [PSYoungGen: 418581K->90490K(465920K)] 1408418K->1150520K(1864192K), 0.0419717 secs] [Times: user=0.22 sys=0.01, real=0.04 secs] 
3544.092: [GC (Allocation Failure) [PSYoungGen: 323450K->177877K(465920K)] 1383480K->1267148K(1864192K), 0.0499398 secs] [Times: user=0.22 sys=0.00, real=0.05 secs] 
3544.277: [GC (Allocation Failure) [PSYoungGen: 410837K->181813K(465920K)] 1500108K->1326536K(1864192K), 0.0445389 secs] [Times: user=0.20 sys=0.00, real=0.05 secs] 
3544.427: [GC (Allocation Failure) [PSYoungGen: 414773K->186517K(465920K)] 1559496K->1386355K(1864192K), 0.0474252 secs] [Times: user=0.21 sys=0.00, real=0.05 secs] 
3545.506: [GC (Allocation Failure) [PSYoungGen: 419477K->120302K(465920K)] 1619315K->1390509K(1864192K), 0.0489136 secs] [Times: user=0.25 sys=0.00, real=0.05 secs] 
3547.294: [GC (Allocation Failure) [PSYoungGen: 353262K->144017K(465920K)] 1623469K->1452343K(1864192K), 0.1059098 secs] [Times: user=0.58 sys=0.00, real=0.11 secs] 
3547.538: [GC (Allocation Failure) [PSYoungGen: 376977K->181525K(465920K)] 1685303K->1535053K(1864192K), 0.0403823 secs] [Times: user=0.17 sys=0.00, real=0.04 secs] 
3547.578: [Full GC (Ergonomics) [PSYoungGen: 181525K->0K(465920K)] [ParOldGen: 1353527K->243928K(1398272K)] 1535053K->243928K(1864192K), [Metaspace: 60116K->60116K(1105920K)], 0.2959655 secs] [Times: user=1.34 sys=0.00, real=0.29 secs] 
3547.988: [GC (Allocation Failure) [PSYoungGen: 232960K->185591K(465920K)] 476888K->429519K(1864192K), 0.0779350 secs] [Times: user=0.40 sys=0.00, real=0.07 secs] 
3548.298: [GC (Allocation Failure) [PSYoungGen: 418551K->183540K(465920K)] 662479K->486421K(1864192K), 0.0565548 secs] [Times: user=0.27 sys=0.00, real=0.05 secs] 
3549.480: [GC (Allocation Failure) [PSYoungGen: 416500K->86410K(465920K)] 719381K->458667K(1864192K), 0.0414821 secs] [Times: user=0.21 sys=0.00, real=0.04 secs] 
3549.801: [GC (Allocation Failure) [PSYoungGen: 319370K->176853K(465920K)] 691627K->576274K(1864192K), 0.0482471 secs] [Times: user=0.21 sys=0.00, real=0.05 secs] 
3549.989: [GC (Allocation Failure) [PSYoungGen: 409813K->184950K(465920K)] 809234K->640267K(1864192K), 0.0433101 secs] [Times: user=0.20 sys=0.00, real=0.04 secs] 
3550.135: [GC (Allocation Failure) [PSYoungGen: 417910K->187285K(465920K)] 873227K->698703K(1864192K), 0.0448995 secs] [Times: user=0.21 sys=0.00, real=0.05 secs] 
3551.196: [GC (Allocation Failure) [PSYoungGen: 420245K->134928K(465920K)] 931663K->716918K(1864192K), 0.0489734 secs] [Times: user=0.24 sys=0.00, real=0.05 secs] 
3551.619: [GC (Allocation Failure) [PSYoungGen: 367888K->132480K(465920K)] 949878K->757150K(1864192K), 0.1320340 secs] [Times: user=0.73 sys=0.00, real=0.13 secs] 
3551.932: [GC (Allocation Failure) [PSYoungGen: 365440K->178325K(465920K)] 990110K->845068K(1864192K), 0.0404098 secs] [Times: user=0.18 sys=0.00, real=0.04 secs] 
3552.081: [GC (Allocation Failure) [PSYoungGen: 411285K->185623K(465920K)] 1078028K->914670K(1864192K), 0.0517039 secs] [Times: user=0.24 sys=0.00, real=0.05 secs] 
3552.341: [GC (Allocation Failure) [PSYoungGen: 418583K->182964K(465920K)] 1147630K->970955K(1864192K), 0.0799011 secs] [Times: user=0.41 sys=0.00, real=0.08 secs] 
3553.617: [GC (Allocation Failure) [PSYoungGen: 415924K->91050K(465920K)] 1203915K->948385K(1864192K), 0.0936573 secs] [Times: user=0.51 sys=0.00, real=0.09 secs] 
3554.657: [GC (GCLocker Initiated GC) [PSYoungGen: 324010K->174645K(465920K)] 1181345K->1061733K(1864192K), 0.0441964 secs] [Times: user=0.18 sys=0.00, real=0.05 secs] 
3554.828: [GC (Allocation Failure) [PSYoungGen: 407605K->184598K(465920K)] 1294696K->1126173K(1864192K), 0.0432898 secs] [Times: user=0.20 sys=0.00, real=0.04 secs] 
3555.022: [GC (Allocation Failure) [PSYoungGen: 417558K->184564K(465920K)] 1359133K->1182099K(1864192K), 0.0610979 secs] [Times: user=0.30 sys=0.00, real=0.06 secs] 
3556.386: [GC (Allocation Failure) [PSYoungGen: 417524K->147826K(465920K)] 1415059K->1214865K(1864192K), 0.0507057 secs] [Times: user=0.25 sys=0.00, real=0.05 secs] 
3556.682: [GC (GCLocker Initiated GC) [PSYoungGen: 380786K->119230K(465920K)] 1447825K->1233089K(1864192K), 0.0992600 secs] [Times: user=0.55 sys=0.00, real=0.10 secs] 
3556.965: [GC (Allocation Failure) [PSYoungGen: 352190K->186453K(465920K)] 1466216K->1338291K(1864192K), 0.0413329 secs] [Times: user=0.18 sys=0.00, real=0.04 secs] 
3557.138: [GC (Allocation Failure) [PSYoungGen: 419413K->185751K(465920K)] 1571251K->1399970K(1864192K), 0.0549722 secs] [Times: user=0.26 sys=0.00, real=0.05 secs] 
3557.295: [GC (Allocation Failure) [PSYoungGen: 418711K->186613K(465920K)] 1632930K->1459720K(1864192K), 0.0593265 secs] [Times: user=0.30 sys=0.00, real=0.06 secs] 
3558.331: [GC (Allocation Failure) [PSYoungGen: 419573K->89226K(465920K)] 1692680K->1432765K(1864192K), 0.0464897 secs] [Times: user=0.25 sys=0.00, real=0.04 secs] 
3558.377: [Full GC (Ergonomics) [PSYoungGen: 89226K->0K(465920K)] [ParOldGen: 1343538K->88402K(1398272K)] 1432765K->88402K(1864192K), [Metaspace: 60116K->60116K(1105920K)], 0.0477674 secs] [Times: user=0.16 sys=0.00, real=0.05 secs] 
3558.679: [GC (GCLocker Initiated GC) [PSYoungGen: 232960K->174197K(465920K)] 321362K->262599K(1864192K), 0.0383843 secs] [Times: user=0.15 sys=0.00, real=0.03 secs] 
3558.881: [GC (Allocation Failure) [PSYoungGen: 407157K->184310K(465920K)] 495726K->327079K(1864192K), 0.0421352 secs] [Times: user=0.19 sys=0.00, real=0.04 secs] 
3559.046: [GC (Allocation Failure) [PSYoungGen: 404177K->173941K(465920K)] 546946K->380847K(1864192K), 0.0522940 secs] [Times: user=0.26 sys=0.00, real=0.06 secs] 
3559.983: [GC (Allocation Failure) [PSYoungGen: 406901K->168883K(465920K)] 613807K->431028K(1864192K), 0.0523756 secs] [Times: user=0.26 sys=0.00, real=0.05 secs] 
3561.496: [GC (Allocation Failure) [PSYoungGen: 401843K->101372K(465920K)] 663988K->428005K(1864192K), 0.0845213 secs] [Times: user=0.45 sys=0.01, real=0.09 secs] 
3561.746: [GC (Allocation Failure) [PSYoungGen: 331598K->180406K(465920K)] 658231K->539748K(1864192K), 0.0349084 secs] [Times: user=0.14 sys=0.00, real=0.04 secs] 
3561.937: [GC (Allocation Failure) [PSYoungGen: 413366K->192438K(465920K)] 772708K->607892K(1864192K), 0.0441596 secs] [Times: user=0.20 sys=0.00, real=0.05 secs] 
3562.439: [GC (GCLocker Initiated GC) [PSYoungGen: 425398K->183188K(465920K)] 840853K->654387K(1864192K), 0.0451027 secs] [Times: user=0.21 sys=0.00, real=0.04 secs] 
3563.637: [GC (GCLocker Initiated GC) [PSYoungGen: 416148K->95755K(465920K)] 887351K->636206K(1864192K), 0.0549291 secs] [Times: user=0.29 sys=0.00, real=0.06 secs] 
3564.335: [GC (Allocation Failure) [PSYoungGen: 328715K->166868K(465920K)] 869169K->738214K(1864192K), 0.0569303 secs] [Times: user=0.27 sys=0.00, real=0.06 secs] 
3564.565: [GC (Allocation Failure) [PSYoungGen: 399828K->184213K(465920K)] 971174K->807548K(1864192K), 0.0623983 secs] [Times: user=0.29 sys=0.01, real=0.07 secs] 
3564.753: [GC (Allocation Failure) [PSYoungGen: 417079K->186071K(465920K)] 1040413K->873553K(1864192K), 0.0503555 secs] [Times: user=0.24 sys=0.00, real=0.05 secs] 
3565.062: [GC (Allocation Failure) [PSYoungGen: 417550K->216788K(465920K)] 1105033K->963319K(1864192K), 0.0554850 secs] [Times: user=0.28 sys=0.00, real=0.05 secs] 
3566.013: [GC (Allocation Failure) [PSYoungGen: 449748K->84489K(465920K)] 1196279K->900324K(1864192K), 0.0634235 secs] [Times: user=0.34 sys=0.00, real=0.06 secs] 
3566.271: [GC (Allocation Failure) [PSYoungGen: 317449K->180630K(465920K)] 1133284K->1023509K(1864192K), 0.0332724 secs] [Times: user=0.13 sys=0.00, real=0.03 secs] 
3566.412: [GC (Allocation Failure) [PSYoungGen: 413590K->184502K(465920K)] 1256469K->1083713K(1864192K), 0.0440815 secs] [Times: user=0.20 sys=0.00, real=0.04 secs] 
3566.576: [GC (Allocation Failure) [PSYoungGen: 417462K->187061K(465920K)] 1316673K->1142017K(1864192K), 0.0459288 secs] [Times: user=0.21 sys=0.00, real=0.05 secs] 
3567.613: [GC (Allocation Failure) [PSYoungGen: 420021K->104796K(465920K)] 1374977K->1130120K(1864192K), 0.0484126 secs] [Times: user=0.25 sys=0.00, real=0.05 secs] 
3568.651: [GC (Allocation Failure) [PSYoungGen: 337756K->161235K(465920K)] 1363080K->1220796K(1864192K), 0.0735732 secs] [Times: user=0.37 sys=0.00, real=0.07 secs] 
3568.860: [GC (Allocation Failure) [PSYoungGen: 394195K->184310K(465920K)] 1453756K->1294326K(1864192K), 0.0425169 secs] [Times: user=0.19 sys=0.00, real=0.04 secs] 
3569.377: [GC (Allocation Failure) [PSYoungGen: 417270K->184374K(465920K)] 1527286K->1358295K(1864192K), 0.0983147 secs] [Times: user=0.50 sys=0.00, real=0.10 secs] 
3569.837: [GC (Allocation Failure) [PSYoungGen: 417334K->186453K(465920K)] 1591255K->1419029K(1864192K), 0.0814203 secs] [Times: user=0.34 sys=0.00, real=0.08 secs] 
3571.472: [GC (Allocation Failure) [PSYoungGen: 419413K->90202K(465920K)] 1651989K->1393387K(1864192K), 0.1015945 secs] [Times: user=0.56 sys=0.00, real=0.10 secs] 
3571.791: [GC (Allocation Failure) [PSYoungGen: 323162K->182518K(465920K)] 1626347K->1514627K(1864192K), 0.0350903 secs] [Times: user=0.15 sys=0.00, real=0.03 secs] 
3571.826: [Full GC (Ergonomics) [PSYoungGen: 182518K->0K(465920K)] [ParOldGen: 1332109K->225975K(1398272K)] 1514627K->225975K(1864192K), [Metaspace: 60116K->60116K(1105920K)], 0.2440628 secs] [Times: user=1.10 sys=0.00, real=0.25 secs] 
3572.183: [GC (Allocation Failure) [PSYoungGen: 232960K->184406K(465920K)] 458935K->410381K(1864192K), 0.0267123 secs] [Times: user=0.09 sys=0.00, real=0.03 secs] 
3572.334: [GC (Allocation Failure) [PSYoungGen: 417366K->186741K(465920K)] 643341K->468893K(1864192K), 0.0463330 secs] [Times: user=0.21 sys=0.00, real=0.05 secs] 
3573.371: [GC (Allocation Failure) [PSYoungGen: 419701K->100204K(465920K)] 701853K->452684K(1864192K), 0.0441145 secs] [Times: user=0.23 sys=0.00, real=0.04 secs] 
3573.568: [GC (Allocation Failure) [PSYoungGen: 333164K->160851K(465920K)] 685644K->546628K(1864192K), 0.0469608 secs] [Times: user=0.22 sys=0.00, real=0.04 secs] 
3573.723: [GC (Allocation Failure) [PSYoungGen: 393811K->183957K(465920K)] 779588K->620134K(1864192K), 0.0407966 secs] [Times: user=0.18 sys=0.00, real=0.04 secs] 
3573.895: [GC (Allocation Failure) [PSYoungGen: 416917K->185783K(465920K)] 853094K->686228K(1864192K), 0.0552837 secs] [Times: user=0.26 sys=0.00, real=0.06 secs] 
3574.078: [GC (Allocation Failure) [PSYoungGen: 418743K->186389K(465920K)] 919188K->745654K(1864192K), 0.0555858 secs] [Times: user=0.28 sys=0.00, real=0.05 secs] 
3575.238: [GC (Allocation Failure) [PSYoungGen: 419349K->84698K(465920K)] 978614K->714387K(1864192K), 0.0777506 secs] [Times: user=0.42 sys=0.01, real=0.07 secs] 
3575.603: [GC (Allocation Failure) [PSYoungGen: 317658K->181078K(465920K)] 947347K->837967K(1864192K), 0.0422173 secs] [Times: user=0.18 sys=0.00, real=0.04 secs] 
3575.757: [GC (Allocation Failure) [PSYoungGen: 414038K->184662K(465920K)] 1070927K->897663K(1864192K), 0.0435649 secs] [Times: user=0.20 sys=0.00, real=0.05 secs] 
3576.155: [GC (Allocation Failure) [PSYoungGen: 417622K->183540K(465920K)] 1130623K->952614K(1864192K), 0.0577527 secs] [Times: user=0.29 sys=0.00, real=0.06 secs] 
3577.652: [GC (Allocation Failure) [PSYoungGen: 416500K->113533K(465920K)] 1185574K->951879K(1864192K), 0.0461633 secs] [Times: user=0.23 sys=0.00, real=0.05 secs] 
3578.974: [GC (Allocation Failure) [PSYoungGen: 346493K->150130K(465920K)] 1184839K->1024936K(1864192K), 0.0954542 secs] [Times: user=0.51 sys=0.00, real=0.10 secs] 
3579.293: [GC (Allocation Failure) [PSYoungGen: 383090K->183349K(465920K)] 1257896K->1104740K(1864192K), 0.0479750 secs] [Times: user=0.21 sys=0.00, real=0.05 secs] 
3579.453: [GC (Allocation Failure) [PSYoungGen: 416309K->185911K(465920K)] 1337700K->1171062K(1864192K), 0.0497785 secs] [Times: user=0.23 sys=0.00, real=0.05 secs] 
3579.604: [GC (Allocation Failure) [PSYoungGen: 418871K->186805K(465920K)] 1404022K->1231068K(1864192K), 0.0559459 secs] [Times: user=0.28 sys=0.00, real=0.06 secs] 
3580.683: [GC (Allocation Failure) [PSYoungGen: 419765K->87706K(465920K)] 1464028K->1202497K(1864192K), 0.0421324 secs] [Times: user=0.22 sys=0.00, real=0.04 secs] 
3580.877: [GC (Allocation Failure) [PSYoungGen: 320666K->177205K(465920K)] 1435457K->1320611K(1864192K), 0.0336086 secs] [Times: user=0.14 sys=0.00, real=0.04 secs] 
3581.032: [GC (Allocation Failure) [PSYoungGen: 410165K->184021K(465920K)] 1553571K->1383016K(1864192K), 0.0445033 secs] [Times: user=0.20 sys=0.00, real=0.04 secs] 
3581.210: [GC (Allocation Failure) [PSYoungGen: 416981K->187221K(465920K)] 1615976K->1442391K(1864192K), 0.0545866 secs] [Times: user=0.26 sys=0.00, real=0.05 secs] 
3582.251: [GC (Allocation Failure) [PSYoungGen: 420181K->121135K(465920K)] 1675351K->1446929K(1864192K), 0.0483022 secs] [Times: user=0.24 sys=0.00, real=0.05 secs] 
3582.300: [Full GC (Ergonomics) [PSYoungGen: 121135K->0K(465920K)] [ParOldGen: 1325794K->337568K(1398272K)] 1446929K->337568K(1864192K), [Metaspace: 60125K->60125K(1105920K)], 0.5740319 secs] [Times: user=2.50 sys=0.00, real=0.57 secs] 
3583.912: [GC (Allocation Failure) [PSYoungGen: 232960K->141073K(465920K)] 570528K->478641K(1864192K), 0.0375925 secs] [Times: user=0.14 sys=0.00, real=0.04 secs] 
3584.121: [GC (Allocation Failure) [PSYoungGen: 374033K->177813K(465920K)] 711601K->560830K(1864192K), 0.0385333 secs] [Times: user=0.17 sys=0.00, real=0.04 secs] 
3584.271: [GC (Allocation Failure) [PSYoungGen: 410773K->185815K(465920K)] 793790K->630889K(1864192K), 0.0486538 secs] [Times: user=0.23 sys=0.00, real=0.05 secs] 
3584.426: [GC (Allocation Failure) [PSYoungGen: 418775K->186645K(465920K)] 863849K->690831K(1864192K), 0.0570871 secs] [Times: user=0.28 sys=0.00, real=0.06 secs] 
3586.392: [GC (Allocation Failure) [PSYoungGen: 419605K->90234K(465920K)] 923791K->664796K(1864192K), 0.1124350 secs] [Times: user=0.62 sys=0.00, real=0.11 secs] 
3587.085: [GC (Allocation Failure) [PSYoungGen: 323194K->174741K(465920K)] 897756K->778359K(1864192K), 0.0412708 secs] [Times: user=0.17 sys=0.00, real=0.04 secs] 
3587.251: [GC (Allocation Failure) [PSYoungGen: 407701K->183957K(465920K)] 1011319K->841960K(1864192K), 0.0438458 secs] [Times: user=0.19 sys=0.00, real=0.04 secs] 
3587.415: [GC (Allocation Failure) [PSYoungGen: 416917K->186933K(465920K)] 1074920K->900928K(1864192K), 0.0500247 secs] [Times: user=0.24 sys=0.00, real=0.05 secs] 
3588.456: [GC (Allocation Failure) [PSYoungGen: 419893K->135248K(465920K)] 1133888K->919571K(1864192K), 0.0497829 secs] [Times: user=0.24 sys=0.01, real=0.05 secs] 
3588.830: [GC (Allocation Failure) [PSYoungGen: 368208K->132431K(465920K)] 1152531K->959658K(1864192K), 0.0760295 secs] [Times: user=0.41 sys=0.00, real=0.07 secs] 
3589.026: [GC (Allocation Failure) [PSYoungGen: 365391K->177685K(465920K)] 1192618K->1047752K(1864192K), 0.0406593 secs] [Times: user=0.17 sys=0.01, real=0.04 secs] 
3589.176: [GC (Allocation Failure) [PSYoungGen: 410645K->185495K(465920K)] 1280712K->1117658K(1864192K), 0.0509469 secs] [Times: user=0.23 sys=0.01, real=0.05 secs] 
3589.331: [GC (Allocation Failure) [PSYoungGen: 418455K->186485K(465920K)] 1350618K->1177456K(1864192K), 0.0586507 secs] [Times: user=0.29 sys=0.00, real=0.06 secs] 
3590.367: [GC (Allocation Failure) [PSYoungGen: 419445K->95387K(465920K)] 1410416K->1156666K(1864192K), 0.0483024 secs] [Times: user=0.24 sys=0.01, real=0.05 secs] 
3590.735: [GC (Allocation Failure) [PSYoungGen: 328347K->174741K(465920K)] 1389626K->1267385K(1864192K), 0.0330928 secs] [Times: user=0.13 sys=0.00, real=0.04 secs] 
3590.916: [GC (Allocation Failure) [PSYoungGen: 407701K->184342K(465920K)] 1500345K->1331450K(1864192K), 0.0665589 secs] [Times: user=0.32 sys=0.00, real=0.07 secs] 
3591.214: [GC (Allocation Failure) [PSYoungGen: 417302K->183252K(465920K)] 1564410K->1386417K(1864192K), 0.0690320 secs] [Times: user=0.35 sys=0.00, real=0.07 secs] 
3592.867: [GC (Allocation Failure) [PSYoungGen: 416212K->142801K(465920K)] 1619377K->1415062K(1864192K), 0.0524033 secs] [Times: user=0.25 sys=0.01, real=0.06 secs] 
3593.700: [GC (Allocation Failure) [PSYoungGen: 375761K->130671K(465920K)] 1648022K->1448284K(1864192K), 0.1255957 secs] [Times: user=0.69 sys=0.00, real=0.12 secs] 
3593.825: [Full GC (Ergonomics) [PSYoungGen: 130671K->0K(465920K)] [ParOldGen: 1317612K->147938K(1398272K)] 1448284K->147938K(1864192K), [Metaspace: 60128K->60128K(1105920K)], 0.1604183 secs] [Times: user=0.74 sys=0.00, real=0.16 secs] 
3594.107: [GC (Allocation Failure) [PSYoungGen: 232960K->173140K(465920K)] 380898K->321079K(1864192K), 0.0256769 secs] [Times: user=0.09 sys=0.00, real=0.03 secs] 
3594.242: [GC (Allocation Failure) [PSYoungGen: 406100K->185591K(465920K)] 554039K->394814K(1864192K), 0.0479034 secs] [Times: user=0.22 sys=0.00, real=0.05 secs] 
3594.568: [GC (GCLocker Initiated GC) [PSYoungGen: 418551K->184597K(465920K)] 627775K->452589K(1864192K), 0.0807047 secs] [Times: user=0.41 sys=0.01, real=0.08 secs] 
3595.763: [GC (Allocation Failure) [PSYoungGen: 417557K->93339K(465920K)] 685550K->431212K(1864192K), 0.0533496 secs] [Times: user=0.29 sys=0.00, real=0.05 secs] 
3596.020: [GC (Allocation Failure) [PSYoungGen: 326299K->172564K(465920K)] 664172K->541180K(1864192K), 0.0475078 secs] [Times: user=0.20 sys=0.00, real=0.04 secs] 
3596.235: [GC (Allocation Failure) [PSYoungGen: 405524K->184950K(465920K)] 774140K->608202K(1864192K), 0.0430101 secs] [Times: user=0.20 sys=0.00, real=0.05 secs] 
3596.378: [GC (Allocation Failure) [PSYoungGen: 404899K->169077K(465920K)] 828152K->656473K(1864192K), 0.0473907 secs] [Times: user=0.22 sys=0.00, real=0.04 secs] 
3597.264: [GC (Allocation Failure) [PSYoungGen: 400515K->206163K(465920K)] 887911K->747323K(1864192K), 0.0527333 secs] [Times: user=0.26 sys=0.00, real=0.05 secs] 
3597.700: [GC (Allocation Failure) [PSYoungGen: 439123K->98283K(465920K)] 980283K->704240K(1864192K), 0.0630930 secs] [Times: user=0.33 sys=0.00, real=0.06 secs] 
3597.955: [GC (Allocation Failure) [PSYoungGen: 331243K->183158K(465920K)] 937200K->820603K(1864192K), 0.0423260 secs] [Times: user=0.18 sys=0.00, real=0.04 secs] 
3598.132: [GC (Allocation Failure) [PSYoungGen: 416118K->181685K(465920K)] 1053563K->876082K(1864192K), 0.0555526 secs] [Times: user=0.27 sys=0.00, real=0.06 secs] 
3598.314: [GC (Allocation Failure) [PSYoungGen: 414645K->186581K(465920K)] 1109042K->936466K(1864192K), 0.0621667 secs] [Times: user=0.30 sys=0.01, real=0.06 secs] 
3599.603: [GC (Allocation Failure) [PSYoungGen: 419541K->96043K(465920K)] 1169426K->916489K(1864192K), 0.0622547 secs] [Times: user=0.34 sys=0.00, real=0.06 secs] 
3600.524: [GC (Allocation Failure) [PSYoungGen: 329003K->167988K(465920K)] 1149449K->1020030K(1864192K), 0.0816003 secs] [Times: user=0.39 sys=0.00, real=0.08 secs] 
3600.778: [GC (Allocation Failure) [PSYoungGen: 400948K->184502K(465920K)] 1252990K->1088788K(1864192K), 0.0540941 secs] [Times: user=0.26 sys=0.00, real=0.05 secs] 
3600.939: [GC (Allocation Failure) [PSYoungGen: 417462K->183766K(465920K)] 1321748K->1152421K(1864192K), 0.0503798 secs] [Times: user=0.23 sys=0.00, real=0.05 secs] 
3601.785: [GC (Allocation Failure) [PSYoungGen: 416726K->181492K(465920K)] 1385381K->1208330K(1864192K), 0.0921770 secs] [Times: user=0.47 sys=0.00, real=0.09 secs] 
3603.113: [GC (Allocation Failure) [PSYoungGen: 414336K->88490K(465920K)] 1441174K->1183896K(1864192K), 0.0937339 secs] [Times: user=0.52 sys=0.00, real=0.09 secs] 
3603.423: [GC (Allocation Failure) [PSYoungGen: 321450K->183222K(465920K)] 1416856K->1307189K(1864192K), 0.0350156 secs] [Times: user=0.14 sys=0.00, real=0.04 secs] 
3603.589: [GC (Allocation Failure) [PSYoungGen: 416182K->193174K(465920K)] 1540149K->1374125K(1864192K), 0.0488464 secs] [Times: user=0.23 sys=0.00, real=0.05 secs] 
3603.764: [GC (Allocation Failure) [PSYoungGen: 426134K->183572K(465920K)] 1607085K->1420596K(1864192K), 0.0456536 secs] [Times: user=0.21 sys=0.00, real=0.05 secs] 
3604.867: [GC (Allocation Failure) [PSYoungGen: 416532K->100908K(465920K)] 1653556K->1407211K(1864192K), 0.0450755 secs] [Times: user=0.23 sys=0.00, real=0.05 secs] 
3605.095: [GC (Allocation Failure) [PSYoungGen: 333868K->166612K(465920K)] 1640171K->1506172K(1864192K), 0.0630605 secs] [Times: user=0.31 sys=0.00, real=0.07 secs] 
3605.159: [Full GC (Ergonomics) [PSYoungGen: 166612K->0K(465920K)] [ParOldGen: 1339560K->187433K(1398272K)] 1506172K->187433K(1864192K), [Metaspace: 60252K->60252K(1105920K)], 0.1793055 secs] [Times: user=0.81 sys=0.00, real=0.18 secs] 
3605.466: [GC (Allocation Failure) [PSYoungGen: 232960K->183861K(465920K)] 420393K->371295K(1864192K), 0.0324113 secs] [Times: user=0.13 sys=0.00, real=0.04 secs] 
3605.605: [GC (Allocation Failure) [PSYoungGen: 416821K->182774K(465920K)] 604255K->434399K(1864192K), 0.0434356 secs] [Times: user=0.19 sys=0.00, real=0.05 secs] 
3605.781: [GC (Allocation Failure) [PSYoungGen: 415734K->186677K(465920K)] 667359K->496366K(1864192K), 0.0645122 secs] [Times: user=0.32 sys=0.00, real=0.06 secs] 
3607.467: [GC (Allocation Failure) [PSYoungGen: 419637K->86778K(465920K)] 729326K->466979K(1864192K), 0.1109766 secs] [Times: user=0.61 sys=0.00, real=0.12 secs] 
3607.872: [GC (Allocation Failure) [PSYoungGen: 319738K->182486K(465920K)] 699939K->590688K(1864192K), 0.0356053 secs] [Times: user=0.15 sys=0.00, real=0.04 secs] 
3608.020: [GC (Allocation Failure) [PSYoungGen: 415446K->181717K(465920K)] 823648K->646743K(1864192K), 0.0430213 secs] [Times: user=0.19 sys=0.00, real=0.04 secs] 
3608.231: [GC (Allocation Failure) [PSYoungGen: 414677K->186805K(465920K)] 879703K->707191K(1864192K), 0.0509739 secs] [Times: user=0.24 sys=0.00, real=0.05 secs] 
3609.557: [GC (Allocation Failure) [PSYoungGen: 419765K->105324K(465920K)] 940151K->696167K(1864192K), 0.0455709 secs] [Times: user=0.23 sys=0.00, real=0.05 secs] 
3609.952: [GC (GCLocker Initiated GC) [PSYoungGen: 338284K->161235K(465920K)] 929127K->786398K(1864192K), 0.0690534 secs] [Times: user=0.35 sys=0.00, real=0.07 secs] 
3610.135: [GC (Allocation Failure) [PSYoungGen: 394195K->183861K(465920K)] 1019490K->859380K(1864192K), 0.0424366 secs] [Times: user=0.19 sys=0.00, real=0.05 secs] 
3610.285: [GC (Allocation Failure) [PSYoungGen: 416821K->185943K(465920K)] 1092340K->925737K(1864192K), 0.0507424 secs] [Times: user=0.24 sys=0.00, real=0.05 secs] 
3610.438: [GC (Allocation Failure) [PSYoungGen: 418903K->186549K(465920K)] 1158697K->985167K(1864192K), 0.0568477 secs] [Times: user=0.28 sys=0.00, real=0.05 secs] 
3611.513: [GC (Allocation Failure) [PSYoungGen: 419509K->83545K(465920K)] 1218127K->952412K(1864192K), 0.0410706 secs] [Times: user=0.21 sys=0.00, real=0.04 secs] 
3611.751: [GC (Allocation Failure) [PSYoungGen: 316505K->179573K(465920K)] 1185372K->1075337K(1864192K), 0.0337611 secs] [Times: user=0.14 sys=0.00, real=0.03 secs] 
3611.921: [GC (Allocation Failure) [PSYoungGen: 412452K->184598K(465920K)] 1308215K->1136033K(1864192K), 0.0584970 secs] [Times: user=0.28 sys=0.00, real=0.06 secs] 
3612.122: [GC (Allocation Failure) [PSYoungGen: 417558K->186261K(465920K)] 1368993K->1193504K(1864192K), 0.0553869 secs] [Times: user=0.27 sys=0.00, real=0.06 secs] 
3613.181: [GC (Allocation Failure) [PSYoungGen: 419221K->112493K(465920K)] 1426464K->1190097K(1864192K), 0.0471060 secs] [Times: user=0.24 sys=0.00, real=0.05 secs] 
3614.267: [GC (Allocation Failure) [PSYoungGen: 345453K->151346K(465920K)] 1423057K->1265546K(1864192K), 0.0874496 secs] [Times: user=0.46 sys=0.00, real=0.09 secs] 
3614.543: [GC (Allocation Failure) [PSYoungGen: 384306K->183541K(465920K)] 1498506K->1344662K(1864192K), 0.0522573 secs] [Times: user=0.25 sys=0.00, real=0.05 secs] 
3614.716: [GC (Allocation Failure) [PSYoungGen: 416501K->183318K(465920K)] 1577622K->1408183K(1864192K), 0.0510184 secs] [Times: user=0.24 sys=0.00, real=0.05 secs] 
3615.304: [GC (Allocation Failure) [PSYoungGen: 416278K->185621K(465920K)] 1641143K->1468725K(1864192K), 0.0710338 secs] [Times: user=0.36 sys=0.00, real=0.07 secs] 
3617.199: [GC (Allocation Failure) [PSYoungGen: 418581K->94315K(465920K)] 1701685K->1447467K(1864192K), 0.1050969 secs] [Times: user=0.58 sys=0.00, real=0.10 secs] 
3617.304: [Full GC (Ergonomics) [PSYoungGen: 94315K->0K(465920K)] [ParOldGen: 1353152K->106920K(1398272K)] 1447467K->106920K(1864192K), [Metaspace: 60254K->60254K(1105920K)], 0.1364103 secs] [Times: user=0.57 sys=0.00, real=0.14 secs] 
3617.773: [GC (Allocation Failure) [PSYoungGen: 232960K->172628K(465920K)] 339880K->279549K(1864192K), 0.0254617 secs] [Times: user=0.09 sys=0.00, real=0.03 secs] 
3617.932: [GC (Allocation Failure) [PSYoungGen: 405588K->184054K(465920K)] 512509K->344742K(1864192K), 0.0561123 secs] [Times: user=0.26 sys=0.00, real=0.06 secs] 
3618.330: [GC (Allocation Failure) [PSYoungGen: 417014K->185813K(465920K)] 577702K->402277K(1864192K), 0.0669243 secs] [Times: user=0.33 sys=0.00, real=0.06 secs] 
3619.517: [GC (Allocation Failure) [PSYoungGen: 418773K->121391K(465920K)] 635237K->407895K(1864192K), 0.0464713 secs] [Times: user=0.22 sys=0.00, real=0.04 secs] 
3619.814: [GC (Allocation Failure) [PSYoungGen: 352995K->141841K(465920K)] 639500K->466577K(1864192K), 0.0906765 secs] [Times: user=0.48 sys=0.00, real=0.09 secs] 
3620.023: [GC (Allocation Failure) [PSYoungGen: 374801K->178197K(465920K)] 699537K->547782K(1864192K), 0.0388174 secs] [Times: user=0.17 sys=0.01, real=0.04 secs] 
3620.171: [GC (Allocation Failure) [PSYoungGen: 411157K->185943K(465920K)] 780742K->618012K(1864192K), 0.0505623 secs] [Times: user=0.24 sys=0.00, real=0.05 secs] 
3620.325: [GC (Allocation Failure) [PSYoungGen: 418903K->203253K(465920K)] 850972K->694230K(1864192K), 0.0571928 secs] [Times: user=0.28 sys=0.00, real=0.06 secs] 
3621.616: [GC (Allocation Failure) [PSYoungGen: 436213K->90618K(465920K)] 927190K->652268K(1864192K), 0.0584559 secs] [Times: user=0.31 sys=0.00, real=0.06 secs] 
3622.058: [GC (Allocation Failure) [PSYoungGen: 323578K->175477K(465920K)] 885228K->766875K(1864192K), 0.0325653 secs] [Times: user=0.13 sys=0.00, real=0.03 secs] 
3622.471: [GC (Allocation Failure) [PSYoungGen: 408437K->183317K(465920K)] 999835K->829020K(1864192K), 0.0602366 secs] [Times: user=0.29 sys=0.00, real=0.06 secs] 
3622.705: [GC (Allocation Failure) [PSYoungGen: 416277K->186357K(465920K)] 1061980K->887451K(1864192K), 0.0552949 secs] [Times: user=0.27 sys=0.00, real=0.06 secs] 
3624.564: [GC (Allocation Failure) [PSYoungGen: 419317K->133424K(465920K)] 1120411K->904766K(1864192K), 0.0491588 secs] [Times: user=0.24 sys=0.00, real=0.05 secs] 
3626.165: [GC (Allocation Failure) [PSYoungGen: 366384K->132432K(465920K)] 1137726K->946038K(1864192K), 0.1113295 secs] [Times: user=0.61 sys=0.00, real=0.11 secs] 
3626.410: [GC (Allocation Failure) [PSYoungGen: 365392K->178677K(465920K)] 1178998K->1034468K(1864192K), 0.0387794 secs] [Times: user=0.17 sys=0.00, real=0.04 secs] 
3626.582: [GC (Allocation Failure) [PSYoungGen: 411637K->185879K(465920K)] 1267428K->1104090K(1864192K), 0.0546590 secs] [Times: user=0.26 sys=0.01, real=0.05 secs] 
3626.756: [GC (Allocation Failure) [PSYoungGen: 418839K->186965K(465920K)] 1337050K->1164320K(1864192K), 0.0584294 secs] [Times: user=0.29 sys=0.00, real=0.06 secs] 
3627.810: [GC (Allocation Failure) [PSYoungGen: 419925K->89898K(465920K)] 1397280K->1137894K(1864192K), 0.0461441 secs] [Times: user=0.24 sys=0.00, real=0.04 secs] 
3628.091: [GC (Allocation Failure) [PSYoungGen: 322858K->173493K(465920K)] 1370854K->1250445K(1864192K), 0.0526052 secs] [Times: user=0.22 sys=0.00, real=0.05 secs] 
3628.295: [GC (Allocation Failure) [PSYoungGen: 406453K->184406K(465920K)] 1483405K->1315726K(1864192K), 0.0432880 secs] [Times: user=0.19 sys=0.00, real=0.05 secs] 
3628.464: [GC (Allocation Failure) [PSYoungGen: 417366K->187189K(465920K)] 1548686K->1374445K(1864192K), 0.0550151 secs] [Times: user=0.27 sys=0.00, real=0.06 secs] 
3629.504: [GC (Allocation Failure) [PSYoungGen: 420149K->142385K(465920K)] 1607405K->1400226K(1864192K), 0.0505952 secs] [Times: user=0.25 sys=0.00, real=0.05 secs] 
3630.144: [GC (Allocation Failure) [PSYoungGen: 375345K->126479K(465920K)] 1633186K->1429527K(1864192K), 0.1286848 secs] [Times: user=0.71 sys=0.01, real=0.13 secs] 
3630.405: [GC (Allocation Failure) [PSYoungGen: 359439K->177205K(465920K)] 1662487K->1521042K(1864192K), 0.0385448 secs] [Times: user=0.17 sys=0.00, real=0.04 secs] 
3630.444: [Full GC (Ergonomics) [PSYoungGen: 177205K->0K(465920K)] [ParOldGen: 1343837K->235130K(1398272K)] 1521042K->235130K(1864192K), [Metaspace: 60254K->60254K(1105920K)], 0.2732418 secs] [Times: user=1.23 sys=0.00, real=0.27 secs] 
3630.829: [GC (Allocation Failure) [PSYoungGen: 232960K->185143K(465920K)] 468090K->420273K(1864192K), 0.0860779 secs] [Times: user=0.44 sys=0.00, real=0.08 secs] 
3631.020: [GC (Allocation Failure) [PSYoungGen: 418103K->183700K(465920K)] 653233K->477663K(1864192K), 0.0576057 secs] [Times: user=0.28 sys=0.00, real=0.06 secs] 
3632.511: [GC (Allocation Failure) [PSYoungGen: 416660K->94939K(465920K)] 710623K->458134K(1864192K), 0.0586783 secs] [Times: user=0.31 sys=0.00, real=0.06 secs] 
3632.981: [GC (Allocation Failure) [PSYoungGen: 327899K->176725K(465920K)] 691094K->570781K(1864192K), 0.0518381 secs] [Times: user=0.23 sys=0.00, real=0.05 secs] 
3633.222: [GC (Allocation Failure) [PSYoungGen: 409672K->184021K(465920K)] 803728K->633021K(1864192K), 0.0572564 secs] [Times: user=0.27 sys=0.00, real=0.06 secs] 
3633.386: [GC (Allocation Failure) [PSYoungGen: 416981K->187445K(465920K)] 865981K->692529K(1864192K), 0.0455581 secs] [Times: user=0.22 sys=0.00, real=0.05 secs] 
3634.418: [GC (Allocation Failure) [PSYoungGen: 420405K->146066K(465920K)] 925489K->721862K(1864192K), 0.0503326 secs] [Times: user=0.25 sys=0.00, real=0.05 secs] 
3634.766: [GC (Allocation Failure) [PSYoungGen: 379026K->120366K(465920K)] 954822K->742386K(1864192K), 0.0665839 secs] [Times: user=0.35 sys=0.01, real=0.07 secs] 
3634.950: [GC (Allocation Failure) [PSYoungGen: 353262K->178293K(465920K)] 975282K->839030K(1864192K), 0.0372558 secs] [Times: user=0.16 sys=0.00, real=0.03 secs] 
3635.133: [GC (Allocation Failure) [PSYoungGen: 411253K->185367K(465920K)] 1071990K->908400K(1864192K), 0.0690367 secs] [Times: user=0.34 sys=0.00, real=0.07 secs] 
3635.327: [GC (Allocation Failure) [PSYoungGen: 418327K->186645K(465920K)] 1141360K->968534K(1864192K), 0.0583515 secs] [Times: user=0.29 sys=0.00, real=0.06 secs] 
3636.428: [GC (Allocation Failure) [PSYoungGen: 419605K->90698K(465920K)] 1201494K->943083K(1864192K), 0.0458495 secs] [Times: user=0.24 sys=0.01, real=0.04 secs] 
3636.785: [GC (Allocation Failure) [PSYoungGen: 323658K->174453K(465920K)] 1176043K->1057335K(1864192K), 0.0391806 secs] [Times: user=0.17 sys=0.00, real=0.04 secs] 
3636.933: [GC (Allocation Failure) [PSYoungGen: 407413K->184214K(465920K)] 1290295K->1121339K(1864192K), 0.0439222 secs] [Times: user=0.20 sys=0.00, real=0.04 secs] 
3637.079: [GC (Allocation Failure) [PSYoungGen: 404712K->173365K(465920K)] 1341838K->1174499K(1864192K), 0.0488304 secs] [Times: user=0.23 sys=0.00, real=0.05 secs] 
3638.501: [GC (Allocation Failure) [PSYoungGen: 402342K->205011K(465920K)] 1403476K->1261345K(1864192K), 0.0534465 secs] [Times: user=0.26 sys=0.00, real=0.05 secs] 
3639.907: [GC (Allocation Failure) [PSYoungGen: 437971K->93819K(465920K)] 1494305K->1214513K(1864192K), 0.0885432 secs] [Times: user=0.48 sys=0.00, real=0.09 secs] 
3640.198: [GC (Allocation Failure) [PSYoungGen: 326779K->183382K(465920K)] 1447473K->1334301K(1864192K), 0.0359849 secs] [Times: user=0.15 sys=0.00, real=0.03 secs] 
3640.338: [GC (Allocation Failure) [PSYoungGen: 416342K->179957K(465920K)] 1567261K->1387960K(1864192K), 0.0453670 secs] [Times: user=0.21 sys=0.00, real=0.04 secs] 
3640.489: [GC (Allocation Failure) [PSYoungGen: 412917K->186325K(465920K)] 1620920K->1449032K(1864192K), 0.0471343 secs] [Times: user=0.22 sys=0.00, real=0.04 secs] 
3641.661: [GC (Allocation Failure) [PSYoungGen: 419285K->100300K(465920K)] 1681992K->1433451K(1864192K), 0.0469309 secs] [Times: user=0.24 sys=0.00, real=0.05 secs] 
3641.708: [Full GC (Ergonomics) [PSYoungGen: 100300K->0K(465920K)] [ParOldGen: 1333151K->89620K(1398272K)] 1433451K->89620K(1864192K), [Metaspace: 60255K->60255K(1105920K)], 0.0348192 secs] [Times: user=0.10 sys=0.00, real=0.03 secs] 
3642.014: [GC (GCLocker Initiated GC) [PSYoungGen: 232960K->163795K(465920K)] 322580K->253416K(1864192K), 0.0310627 secs] [Times: user=0.11 sys=0.00, real=0.03 secs] 
3642.187: [GC (Allocation Failure) [PSYoungGen: 396755K->184758K(465920K)] 486671K->326429K(1864192K), 0.0407900 secs] [Times: user=0.18 sys=0.00, real=0.05 secs] 
3642.342: [GC (Allocation Failure) [PSYoungGen: 417718K->182710K(465920K)] 559389K->388606K(1864192K), 0.0482610 secs] [Times: user=0.23 sys=0.01, real=0.05 secs] 
3642.513: [GC (Allocation Failure) [PSYoungGen: 415670K->186421K(465920K)] 621566K->450113K(1864192K), 0.0606499 secs] [Times: user=0.30 sys=0.00, real=0.06 secs] 
3643.655: [GC (Allocation Failure) [PSYoungGen: 419381K->86298K(465920K)] 683073K->420250K(1864192K), 0.0391461 secs] [Times: user=0.20 sys=0.00, real=0.04 secs] 
3643.916: [GC (Allocation Failure) [PSYoungGen: 319258K->180277K(465920K)] 653210K->542465K(1864192K), 0.0333919 secs] [Times: user=0.13 sys=0.00, real=0.04 secs] 
3644.103: [GC (Allocation Failure) [PSYoungGen: 413237K->183989K(465920K)] 775425K->602217K(1864192K), 0.0709453 secs] [Times: user=0.35 sys=0.00, real=0.07 secs] 
3644.346: [GC (Allocation Failure) [PSYoungGen: 416949K->183828K(465920K)] 835177K->658008K(1864192K), 0.0628328 secs] [Times: user=0.31 sys=0.00, real=0.07 secs] 
3646.208: [GC (Allocation Failure) [PSYoungGen: 416788K->107053K(465920K)] 890968K->650760K(1864192K), 0.0451901 secs] [Times: user=0.24 sys=0.00, real=0.04 secs] 
3646.960: [GC (Allocation Failure) [PSYoungGen: 340013K->163987K(465920K)] 883720K->742720K(1864192K), 0.0768209 secs] [Times: user=0.39 sys=0.00, real=0.07 secs] 
3647.224: [GC (Allocation Failure) [PSYoungGen: 396947K->181365K(465920K)] 975680K->811169K(1864192K), 0.0559630 secs] [Times: user=0.27 sys=0.00, real=0.06 secs] 
3647.395: [GC (Allocation Failure) [PSYoungGen: 414325K->186039K(465920K)] 1044129K->879467K(1864192K), 0.0502766 secs] [Times: user=0.24 sys=0.00, real=0.05 secs] 
3648.291: [GC (Allocation Failure) [PSYoungGen: 418999K->177396K(465920K)] 1112427K->929944K(1864192K), 0.1412217 secs] [Times: user=0.75 sys=0.00, real=0.14 secs] 
3649.547: [GC (Allocation Failure) [PSYoungGen: 410356K->93579K(465920K)] 1162904K->913583K(1864192K), 0.0615871 secs] [Times: user=0.33 sys=0.00, real=0.07 secs] 
3649.834: [GC (Allocation Failure) [PSYoungGen: 326539K->181910K(465920K)] 1146543K->1031887K(1864192K), 0.0408757 secs] [Times: user=0.18 sys=0.00, real=0.04 secs] 
3649.980: [GC (Allocation Failure) [PSYoungGen: 414870K->178389K(465920K)] 1264847K->1085030K(1864192K), 0.0434720 secs] [Times: user=0.20 sys=0.01, real=0.04 secs] 
3650.130: [GC (Allocation Failure) [PSYoungGen: 411349K->186997K(465920K)] 1317990K->1147934K(1864192K), 0.0453249 secs] [Times: user=0.21 sys=0.00, real=0.04 secs] 
3651.179: [GC (Allocation Failure) [PSYoungGen: 419957K->114446K(465920K)] 1380894K->1145927K(1864192K), 0.0476406 secs] [Times: user=0.24 sys=0.00, real=0.04 secs] 
3651.439: [GC (GCLocker Initiated GC) [PSYoungGen: 347406K->154162K(465920K)] 1378888K->1223197K(1864192K), 0.0480428 secs] [Times: user=0.24 sys=0.00, real=0.04 secs] 
3651.594: [GC (Allocation Failure) [PSYoungGen: 387122K->181429K(465920K)] 1456164K->1298671K(1864192K), 0.0420777 secs] [Times: user=0.19 sys=0.00, real=0.04 secs] 
3651.797: [GC (GCLocker Initiated GC) [PSYoungGen: 414389K->181590K(465920K)] 1531631K->1362008K(1864192K), 0.0795780 secs] [Times: user=0.38 sys=0.01, real=0.08 secs] 
3652.032: [GC (Allocation Failure) [PSYoungGen: 414550K->186165K(465920K)] 1594971K->1424594K(1864192K), 0.0824315 secs] [Times: user=0.42 sys=0.00, real=0.08 secs] 
3653.540: [GC (Allocation Failure) [PSYoungGen: 419125K->94011K(465920K)] 1657554K->1402592K(1864192K), 0.1061268 secs] [Times: user=0.58 sys=0.00, real=0.10 secs] 
3653.986: [GC (Allocation Failure) [PSYoungGen: 326971K->178293K(465920K)] 1635552K->1517307K(1864192K), 0.0381588 secs] [Times: user=0.17 sys=0.00, real=0.04 secs] 
3654.024: [Full GC (Ergonomics) [PSYoungGen: 178293K->0K(465920K)] [ParOldGen: 1339013K->218023K(1398272K)] 1517307K->218023K(1864192K), [Metaspace: 60265K->60265K(1105920K)], 0.2361924 secs] [Times: user=1.05 sys=0.00, real=0.24 secs] 
3654.371: [GC (Allocation Failure) [PSYoungGen: 232960K->182901K(465920K)] 450983K->400925K(1864192K), 0.0262556 secs] [Times: user=0.10 sys=0.00, real=0.03 secs] 
3654.525: [GC (Allocation Failure) [PSYoungGen: 415861K->184148K(465920K)] 633885K->457772K(1864192K), 0.0492023 secs] [Times: user=0.24 sys=0.00, real=0.05 secs] 
3655.584: [GC (Allocation Failure) [PSYoungGen: 417108K->121071K(465920K)] 690732K->464350K(1864192K), 0.0461852 secs] [Times: user=0.23 sys=0.00, real=0.05 secs] 
3656.461: [GC (Allocation Failure) [PSYoungGen: 354031K->145713K(465920K)] 697310K->527113K(1864192K), 0.0940276 secs] [Times: user=0.50 sys=0.00, real=0.09 secs] 
3656.750: [GC (Allocation Failure) [PSYoungGen: 378673K->183637K(465920K)] 760073K->610610K(1864192K), 0.0477863 secs] [Times: user=0.22 sys=0.00, real=0.05 secs] 
3656.905: [GC (Allocation Failure) [PSYoungGen: 416597K->186071K(465920K)] 843570K->677084K(1864192K), 0.0499786 secs] [Times: user=0.23 sys=0.00, real=0.05 secs] 
3657.057: [GC (Allocation Failure) [PSYoungGen: 419031K->186741K(465920K)] 910044K->736762K(1864192K), 0.0569244 secs] [Times: user=0.28 sys=0.00, real=0.06 secs] 
3658.153: [GC (GCLocker Initiated GC) [PSYoungGen: 419701K->84458K(465920K)] 969726K->704891K(1864192K), 0.0434102 secs] [Times: user=0.22 sys=0.01, real=0.04 secs] 
3658.382: [GC (Allocation Failure) [PSYoungGen: 317418K->177781K(465920K)] 938018K->825986K(1864192K), 0.0363694 secs] [Times: user=0.15 sys=0.00, real=0.04 secs] 
3658.552: [GC (Allocation Failure) [PSYoungGen: 410741K->184438K(465920K)] 1058946K->887935K(1864192K), 0.0429101 secs] [Times: user=0.19 sys=0.00, real=0.04 secs] 
3658.698: [GC (Allocation Failure) [PSYoungGen: 417398K->187221K(465920K)] 1120895K->946710K(1864192K), 0.0455533 secs] [Times: user=0.21 sys=0.00, real=0.04 secs] 
3659.750: [GC (Allocation Failure) [PSYoungGen: 420181K->127023K(465920K)] 1179670K->957129K(1864192K), 0.0478796 secs] [Times: user=0.24 sys=0.00, real=0.05 secs] 
3660.874: [GC (Allocation Failure) [PSYoungGen: 359983K->139888K(465920K)] 1190089K->1010002K(1864192K), 0.1123693 secs] [Times: user=0.61 sys=0.00, real=0.11 secs] 
3661.162: [GC (GCLocker Initiated GC) [PSYoungGen: 372848K->177813K(465920K)] 1242962K->1092351K(1864192K), 0.0387474 secs] [Times: user=0.17 sys=0.00, real=0.04 secs] 
3661.310: [GC (Allocation Failure) [PSYoungGen: 410773K->185719K(465920K)] 1325442K->1162452K(1864192K), 0.0503542 secs] [Times: user=0.24 sys=0.00, real=0.05 secs] 
3661.488: [GC (Allocation Failure) [PSYoungGen: 418679K->183988K(465920K)] 1395412K->1219697K(1864192K), 0.0717015 secs] [Times: user=0.37 sys=0.00, real=0.07 secs] 
3663.115: [GC (GCLocker Initiated GC) [PSYoungGen: 416948K->92955K(465920K)] 1452658K->1198040K(1864192K), 0.1284563 secs] [Times: user=0.72 sys=0.01, real=0.13 secs] 
3663.727: [GC (Allocation Failure) [PSYoungGen: 325915K->175029K(465920K)] 1431131K->1310532K(1864192K), 0.0445977 secs] [Times: user=0.19 sys=0.00, real=0.05 secs] 
3663.948: [GC (Allocation Failure) [PSYoungGen: 407989K->183733K(465920K)] 1543492K->1373513K(1864192K), 0.0661000 secs] [Times: user=0.32 sys=0.00, real=0.06 secs] 
3664.138: [GC (Allocation Failure) [PSYoungGen: 416693K->187125K(465920K)] 1606473K->1432624K(1864192K), 0.0460466 secs] [Times: user=0.21 sys=0.00, real=0.04 secs] 
3665.130: [GC (Allocation Failure) [PSYoungGen: 420085K->135504K(465920K)] 1665584K->1451420K(1864192K), 0.0498628 secs] [Times: user=0.25 sys=0.01, real=0.05 secs] 
3665.180: [Full GC (Ergonomics) [PSYoungGen: 135504K->0K(465920K)] [ParOldGen: 1315915K->346845K(1398272K)] 1451420K->346845K(1864192K), [Metaspace: 60272K->60272K(1105920K)], 0.5776731 secs] [Times: user=2.51 sys=0.00, real=0.58 secs] 
3665.954: [GC (GCLocker Initiated GC) [PSYoungGen: 232960K->130959K(465920K)] 579805K->477805K(1864192K), 0.0185946 secs] [Times: user=0.06 sys=0.00, real=0.02 secs] 
3666.096: [GC (GCLocker Initiated GC) [PSYoungGen: 363919K->175892K(465920K)] 710767K->564513K(1864192K), 0.0377016 secs] [Times: user=0.16 sys=0.00, real=0.04 secs] 
3666.243: [GC (Allocation Failure) [PSYoungGen: 408852K->185815K(465920K)] 797640K->636442K(1864192K), 0.0486328 secs] [Times: user=0.22 sys=0.00, real=0.05 secs] 
3666.394: [GC (Allocation Failure) [PSYoungGen: 418775K->203157K(465920K)] 869402K->712568K(1864192K), 0.0567436 secs] [Times: user=0.28 sys=0.00, real=0.06 secs] 
3667.490: [GC (Allocation Failure) [PSYoungGen: 436117K->90810K(465920K)] 945528K->670690K(1864192K), 0.0446436 secs] [Times: user=0.23 sys=0.00, real=0.04 secs] 
3668.337: [GC (Allocation Failure) [PSYoungGen: 323770K->173013K(465920K)] 903650K->781905K(1864192K), 0.0456365 secs] [Times: user=0.19 sys=0.00, real=0.05 secs] 
3668.517: [GC (Allocation Failure) [PSYoungGen: 405973K->184566K(465920K)] 1014865K->847518K(1864192K), 0.0424259 secs] [Times: user=0.19 sys=0.00, real=0.05 secs] 
3668.685: [GC (Allocation Failure) [PSYoungGen: 417526K->187701K(465920K)] 1080478K->906702K(1864192K), 0.0492432 secs] [Times: user=0.23 sys=0.00, real=0.05 secs] 
3669.966: [GC (Allocation Failure) [PSYoungGen: 420661K->145938K(465920K)] 1139662K->935642K(1864192K), 0.0499386 secs] [Times: user=0.25 sys=0.00, real=0.05 secs] 
3671.288: [GC (Allocation Failure) [PSYoungGen: 378898K->120222K(465920K)] 1168602K->956039K(1864192K), 0.1481016 secs] [Times: user=0.83 sys=0.00, real=0.14 secs] 
3671.583: [GC (Allocation Failure) [PSYoungGen: 353182K->178485K(465920K)] 1188999K->1052586K(1864192K), 0.0377503 secs] [Times: user=0.17 sys=0.00, real=0.04 secs] 
3671.728: [GC (Allocation Failure) [PSYoungGen: 411445K->185751K(465920K)] 1285546K->1122208K(1864192K), 0.0499099 secs] [Times: user=0.24 sys=0.00, real=0.05 secs] 
3671.880: [GC (Allocation Failure) [PSYoungGen: 418711K->203157K(465920K)] 1355168K->1198662K(1864192K), 0.0572653 secs] [Times: user=0.28 sys=0.00, real=0.05 secs] 
3672.952: [GC (Allocation Failure) [PSYoungGen: 436117K->93163K(465920K)] 1431622K->1159244K(1864192K), 0.0460723 secs] [Times: user=0.23 sys=0.01, real=0.05 secs] 
3673.209: [GC (Allocation Failure) [PSYoungGen: 326123K->174069K(465920K)] 1392204K->1270574K(1864192K), 0.0395885 secs] [Times: user=0.17 sys=0.00, real=0.04 secs] 
3673.356: [GC (Allocation Failure) [PSYoungGen: 407029K->184566K(465920K)] 1503534K->1335923K(1864192K), 0.0439550 secs] [Times: user=0.20 sys=0.00, real=0.05 secs] 
3673.518: [GC (Allocation Failure) [PSYoungGen: 405010K->169365K(465920K)] 1556368K->1384875K(1864192K), 0.0605443 secs] [Times: user=0.30 sys=0.00, real=0.06 secs] 
3674.535: [GC (Allocation Failure) [PSYoungGen: 402325K->190729K(465920K)] 1617835K->1459791K(1864192K), 0.0501124 secs] [Times: user=0.25 sys=0.00, real=0.05 secs] 
3675.165: [GC (Allocation Failure) [PSYoungGen: 423689K->100844K(465920K)] 1692751K->1434538K(1864192K), 0.0776515 secs] [Times: user=0.41 sys=0.01, real=0.08 secs] 
3675.243: [Full GC (Ergonomics) [PSYoungGen: 100844K->0K(465920K)] [ParOldGen: 1333693K->118123K(1398272K)] 1434538K->118123K(1864192K), [Metaspace: 60273K->60273K(1105920K)], 0.1557538 secs] [Times: user=0.70 sys=0.00, real=0.16 secs] 
3675.535: [GC (Allocation Failure) [PSYoungGen: 232960K->181270K(465920K)] 351083K->299393K(1864192K), 0.0251554 secs] [Times: user=0.08 sys=0.00, real=0.03 secs] 
3675.713: [GC (Allocation Failure) [PSYoungGen: 414230K->184694K(465920K)] 532353K->359313K(1864192K), 0.0662440 secs] [Times: user=0.32 sys=0.00, real=0.07 secs] 
3677.514: [GC (GCLocker Initiated GC) [PSYoungGen: 417654K->175507K(465920K)] 592273K->406063K(1864192K), 0.1068492 secs] [Times: user=0.55 sys=0.00, real=0.11 secs] 
3679.106: [GC (Allocation Failure) [PSYoungGen: 408467K->103036K(465920K)] 639030K->400271K(1864192K), 0.0518949 secs] [Times: user=0.28 sys=0.00, real=0.06 secs] 
3679.941: [GC (Allocation Failure) [PSYoungGen: 335996K->165587K(465920K)] 633231K->496275K(1864192K), 0.0672108 secs] [Times: user=0.32 sys=0.01, real=0.07 secs] 
3680.194: [GC (Allocation Failure) [PSYoungGen: 398547K->183701K(465920K)] 729235K->564590K(1864192K), 0.0534636 secs] [Times: user=0.25 sys=0.00, real=0.06 secs] 
3680.360: [GC (Allocation Failure) [PSYoungGen: 416661K->185847K(465920K)] 797550K->630511K(1864192K), 0.0488044 secs] [Times: user=0.23 sys=0.00, real=0.05 secs] 
3680.511: [GC (Allocation Failure) [PSYoungGen: 418807K->203317K(465920K)] 863471K->707053K(1864192K), 0.0554243 secs] [Times: user=0.27 sys=0.00, real=0.05 secs] 
3681.600: [GC (Allocation Failure) [PSYoungGen: 436277K->86554K(465920K)] 940013K->660906K(1864192K), 0.0652350 secs] [Times: user=0.35 sys=0.00, real=0.06 secs] 
3681.887: [GC (Allocation Failure) [PSYoungGen: 319514K->179093K(465920K)] 893866K->780882K(1864192K), 0.0422940 secs] [Times: user=0.18 sys=0.00, real=0.05 secs] 
3682.040: [GC (Allocation Failure) [PSYoungGen: 412053K->184310K(465920K)] 1013842K->842167K(1864192K), 0.0429873 secs] [Times: user=0.20 sys=0.00, real=0.04 secs] 
3682.209: [GC (Allocation Failure) [PSYoungGen: 417270K->187029K(465920K)] 1075127K->900830K(1864192K), 0.0497723 secs] [Times: user=0.24 sys=0.00, real=0.05 secs] 
3683.308: [GC (Allocation Failure) [PSYoungGen: 419989K->105084K(465920K)] 1133790K->889470K(1864192K), 0.0457096 secs] [Times: user=0.23 sys=0.00, real=0.04 secs] 
3684.227: [GC (Allocation Failure) [PSYoungGen: 338044K->159091K(465920K)] 1122430K->977825K(1864192K), 0.0696607 secs] [Times: user=0.35 sys=0.00, real=0.07 secs] 
3684.489: [GC (Allocation Failure) [PSYoungGen: 392051K->184374K(465920K)] 1210785K->1052984K(1864192K), 0.0547398 secs] [Times: user=0.26 sys=0.00, real=0.05 secs] 
3684.661: [GC (Allocation Failure) [PSYoungGen: 417334K->185815K(465920K)] 1285944K->1118465K(1864192K), 0.0496693 secs] [Times: user=0.23 sys=0.00, real=0.05 secs] 
3684.846: [GC (Allocation Failure) [PSYoungGen: 418775K->185813K(465920K)] 1351425K->1177551K(1864192K), 0.0697516 secs] [Times: user=0.36 sys=0.00, real=0.07 secs] 
3687.240: [GC (Allocation Failure) [PSYoungGen: 418773K->85594K(465920K)] 1410511K->1147484K(1864192K), 0.1137733 secs] [Times: user=0.62 sys=0.00, real=0.11 secs] 
3687.588: [GC (Allocation Failure) [PSYoungGen: 318554K->178965K(465920K)] 1380444K->1268457K(1864192K), 0.0353634 secs] [Times: user=0.14 sys=0.00, real=0.03 secs] 
3687.730: [GC (Allocation Failure) [PSYoungGen: 411925K->184566K(465920K)] 1501417K->1329589K(1864192K), 0.0436433 secs] [Times: user=0.20 sys=0.00, real=0.04 secs] 
3687.876: [GC (Allocation Failure) [PSYoungGen: 417526K->186933K(465920K)] 1562549K->1387916K(1864192K), 0.0457113 secs] [Times: user=0.21 sys=0.01, real=0.05 secs] 
3688.984: [GC (Allocation Failure) [PSYoungGen: 419893K->109853K(465920K)] 1620876K->1381340K(1864192K), 0.0472056 secs] [Times: user=0.24 sys=0.01, real=0.05 secs] 
3689.407: [GC (Allocation Failure) [PSYoungGen: 342813K->153266K(465920K)] 1614300K->1460642K(1864192K), 0.0910273 secs] [Times: user=0.47 sys=0.01, real=0.10 secs] 
3689.655: [GC (Allocation Failure) [PSYoungGen: 386226K->181941K(465920K)] 1693602K->1536913K(1864192K), 0.0418980 secs] [Times: user=0.19 sys=0.00, real=0.04 secs] 
3689.697: [Full GC (Ergonomics) [PSYoungGen: 181941K->0K(465920K)] [ParOldGen: 1354972K->248775K(1398272K)] 1536913K->248775K(1864192K), [Metaspace: 60281K->60281K(1105920K)], 0.2993020 secs] [Times: user=1.37 sys=0.00, real=0.30 secs] 
3690.105: [GC (Allocation Failure) [PSYoungGen: 232960K->183126K(465920K)] 481735K->431902K(1864192K), 0.0835109 secs] [Times: user=0.44 sys=0.00, real=0.09 secs] 
3690.293: [GC (Allocation Failure) [PSYoungGen: 416086K->186197K(465920K)] 664862K->493269K(1864192K), 0.0550994 secs] [Times: user=0.27 sys=0.00, real=0.06 secs] 
3692.063: [GC (Allocation Failure) [PSYoungGen: 419157K->89386K(465920K)] 726229K->466626K(1864192K), 0.1148571 secs] [Times: user=0.64 sys=0.00, real=0.12 secs] 
3692.719: [GC (Allocation Failure) [PSYoungGen: 322346K->177941K(465920K)] 699586K->584418K(1864192K), 0.0432472 secs] [Times: user=0.19 sys=0.01, real=0.04 secs] 
3692.884: [GC (Allocation Failure) [PSYoungGen: 410901K->181461K(465920K)] 817378K->643398K(1864192K), 0.0437471 secs] [Times: user=0.19 sys=0.01, real=0.05 secs] 
3693.035: [GC (Allocation Failure) [PSYoungGen: 414421K->186933K(465920K)] 876358K->704158K(1864192K), 0.0450867 secs] [Times: user=0.21 sys=0.00, real=0.05 secs] 
3694.841: [GC (Allocation Failure) [PSYoungGen: 419893K->121583K(465920K)] 937118K->709280K(1864192K), 0.0475410 secs] [Times: user=0.24 sys=0.00, real=0.05 secs] 
3695.454: [GC (Allocation Failure) [PSYoungGen: 354543K->148305K(465920K)] 942240K->774610K(1864192K), 0.0745885 secs] [Times: user=0.38 sys=0.00, real=0.08 secs] 
3695.687: [GC (Allocation Failure) [PSYoungGen: 381265K->180469K(465920K)] 1007570K->852491K(1864192K), 0.0583995 secs] [Times: user=0.27 sys=0.00, real=0.05 secs] 
3695.888: [GC (Allocation Failure) [PSYoungGen: 413429K->185495K(465920K)] 1085451K->920117K(1864192K), 0.0501123 secs] [Times: user=0.22 sys=0.00, real=0.05 secs] 
3696.044: [GC (Allocation Failure) [PSYoungGen: 418455K->186645K(465920K)] 1153077K->980227K(1864192K), 0.0566902 secs] [Times: user=0.28 sys=0.00, real=0.06 secs] 
3697.117: [GC (Allocation Failure) [PSYoungGen: 419605K->94139K(465920K)] 1213187K->957969K(1864192K), 0.0431827 secs] [Times: user=0.22 sys=0.00, real=0.05 secs] 
3697.385: [GC (Allocation Failure) [PSYoungGen: 327099K->174869K(465920K)] 1190929K->1069580K(1864192K), 0.0464703 secs] [Times: user=0.20 sys=0.00, real=0.05 secs] 
3697.587: [GC (Allocation Failure) [PSYoungGen: 407829K->181173K(465920K)] 1302540K->1130052K(1864192K), 0.0626975 secs] [Times: user=0.30 sys=0.01, real=0.07 secs] 
3697.799: [GC (Allocation Failure) [PSYoungGen: 414133K->186357K(465920K)] 1363012K->1190132K(1864192K), 0.0569286 secs] [Times: user=0.28 sys=0.00, real=0.05 secs] 
3698.902: [GC (Allocation Failure) [PSYoungGen: 419317K->129872K(465920K)] 1423092K->1204007K(1864192K), 0.0494140 secs] [Times: user=0.24 sys=0.00, real=0.05 secs] 
3699.729: [GC (Allocation Failure) [PSYoungGen: 362832K->141825K(465920K)] 1436967K->1257136K(1864192K), 0.0932286 secs] [Times: user=0.49 sys=0.00, real=0.09 secs] 
3699.943: [GC (Allocation Failure) [PSYoungGen: 374785K->177909K(465920K)] 1490096K->1338757K(1864192K), 0.0395470 secs] [Times: user=0.18 sys=0.00, real=0.04 secs] 
3700.115: [GC (Allocation Failure) [PSYoungGen: 410869K->182934K(465920K)] 1571717K->1405814K(1864192K), 0.0729534 secs] [Times: user=0.36 sys=0.00, real=0.08 secs] 
3700.322: [GC (Allocation Failure) [PSYoungGen: 415894K->186581K(465920K)] 1638774K->1467845K(1864192K), 0.0600493 secs] [Times: user=0.29 sys=0.00, real=0.06 secs] 
3701.640: [GC (Allocation Failure) [PSYoungGen: 419541K->91979K(465920K)] 1700805K->1443507K(1864192K), 0.0649944 secs] [Times: user=0.35 sys=0.00, real=0.06 secs] 
3701.705: [Full GC (Ergonomics) [PSYoungGen: 91979K->0K(465920K)] [ParOldGen: 1351527K->96320K(1398272K)] 1443507K->96320K(1864192K), [Metaspace: 60281K->60281K(1105920K)], 0.1038958 secs] [Times: user=0.47 sys=0.00, real=0.11 secs] 
3702.186: [GC (Allocation Failure) [PSYoungGen: 232960K->175381K(465920K)] 329280K->271702K(1864192K), 0.0344970 secs] [Times: user=0.13 sys=0.00, real=0.04 secs] 
3702.357: [GC (Allocation Failure) [PSYoungGen: 408341K->183669K(465920K)] 504662K->334502K(1864192K), 0.0415640 secs] [Times: user=0.18 sys=0.00, real=0.05 secs] 
3702.502: [GC (Allocation Failure) [PSYoungGen: 416629K->186645K(465920K)] 567462K->393158K(1864192K), 0.0443129 secs] [Times: user=0.20 sys=0.00, real=0.04 secs] 
3703.508: [GC (Allocation Failure) [PSYoungGen: 419605K->135248K(465920K)] 626118K->412321K(1864192K), 0.0483773 secs] [Times: user=0.24 sys=0.00, real=0.04 secs] 
3703.772: [GC (GCLocker Initiated GC) [PSYoungGen: 368208K->134320K(465920K)] 645281K->454449K(1864192K), 0.0638404 secs] [Times: user=0.33 sys=0.00, real=0.06 secs] 
3703.983: [GC (Allocation Failure) [PSYoungGen: 367280K->174996K(465920K)] 687448K->537645K(1864192K), 0.0484783 secs] [Times: user=0.21 sys=0.00, real=0.05 secs] 
3704.182: [GC (Allocation Failure) [PSYoungGen: 407956K->184983K(465920K)] 770605K->609119K(1864192K), 0.0483000 secs] [Times: user=0.22 sys=0.01, real=0.05 secs] 
3704.334: [GC (Allocation Failure) [PSYoungGen: 417943K->186965K(465920K)] 842079K->669822K(1864192K), 0.0557948 secs] [Times: user=0.27 sys=0.00, real=0.06 secs] 
3705.549: [GC (Allocation Failure) [PSYoungGen: 419925K->89242K(465920K)] 902782K->642631K(1864192K), 0.0660753 secs] [Times: user=0.35 sys=0.00, real=0.06 secs] 
3706.633: [GC (Allocation Failure) [PSYoungGen: 322202K->173141K(465920K)] 875591K->755202K(1864192K), 0.0455961 secs] [Times: user=0.19 sys=0.00, real=0.05 secs] 
3706.815: [GC (Allocation Failure) [PSYoungGen: 406101K->184694K(465920K)] 988162K->820859K(1864192K), 0.0434561 secs] [Times: user=0.19 sys=0.00, real=0.05 secs] 
3706.982: [GC (Allocation Failure) [PSYoungGen: 417654K->187573K(465920K)] 1053819K->880035K(1864192K), 0.0506978 secs] [Times: user=0.24 sys=0.00, real=0.05 secs] 
3708.865: [GC (Allocation Failure) [PSYoungGen: 420533K->146226K(465920K)] 1112995K->909384K(1864192K), 0.0509183 secs] [Times: user=0.25 sys=0.00, real=0.05 secs] 
3709.761: [GC (Allocation Failure) [PSYoungGen: 379186K->119358K(465920K)] 1142344K->928996K(1864192K), 0.1306054 secs] [Times: user=0.73 sys=0.00, real=0.13 secs] 
3710.031: [GC (Allocation Failure) [PSYoungGen: 352318K->175796K(465920K)] 1161956K->1023754K(1864192K), 0.0374425 secs] [Times: user=0.16 sys=0.00, real=0.04 secs] 
3710.213: [GC (Allocation Failure) [PSYoungGen: 408756K->184727K(465920K)] 1256714K->1093973K(1864192K), 0.0790283 secs] [Times: user=0.39 sys=0.01, real=0.08 secs] 
3710.419: [GC (Allocation Failure) [PSYoungGen: 417687K->186837K(465920K)] 1326933K->1154747K(1864192K), 0.0593431 secs] [Times: user=0.29 sys=0.00, real=0.06 secs] 
3711.456: [GC (Allocation Failure) [PSYoungGen: 419797K->97579K(465920K)] 1387707K->1136026K(1864192K), 0.0469417 secs] [Times: user=0.25 sys=0.00, real=0.05 secs] 
3711.801: [GC (Allocation Failure) [PSYoungGen: 330539K->167060K(465920K)] 1368986K->1237215K(1864192K), 0.0595812 secs] [Times: user=0.28 sys=0.01, real=0.06 secs] 
3712.059: [GC (Allocation Failure) [PSYoungGen: 400020K->184406K(465920K)] 1470175K->1306945K(1864192K), 0.0551335 secs] [Times: user=0.27 sys=0.00, real=0.05 secs] 
3712.242: [GC (Allocation Failure) [PSYoungGen: 408766K->176854K(465920K)] 1531305K->1363361K(1864192K), 0.0678195 secs] [Times: user=0.34 sys=0.00, real=0.07 secs] 
3713.246: [GC (Allocation Failure) [PSYoungGen: 409814K->168531K(401920K)] 1596321K->1411350K(1800192K), 0.0561258 secs] [Times: user=0.28 sys=0.00, real=0.06 secs] 
3714.115: [GC (Allocation Failure) [PSYoungGen: 401491K->102092K(464896K)] 1644310K->1409455K(1863168K), 0.0809717 secs] [Times: user=0.43 sys=0.01, real=0.08 secs] 
3714.355: [GC (Allocation Failure) [PSYoungGen: 334540K->180246K(465408K)] 1641903K->1520298K(1863680K), 0.0360556 secs] [Times: user=0.15 sys=0.00, real=0.04 secs] 
3714.391: [Full GC (Ergonomics) [PSYoungGen: 180246K->0K(465408K)] [ParOldGen: 1340052K->230033K(1398272K)] 1520298K->230033K(1863680K), [Metaspace: 60282K->60282K(1105920K)], 0.2645450 secs] [Times: user=1.19 sys=0.00, real=0.26 secs] 
3714.767: [GC (Allocation Failure) [PSYoungGen: 232448K->179061K(465920K)] 462481K->409094K(1864192K), 0.0251000 secs] [Times: user=0.09 sys=0.00, real=0.03 secs] 
3714.944: [GC (Allocation Failure) [PSYoungGen: 412021K->186677K(465920K)] 642054K->471487K(1864192K), 0.0540145 secs] [Times: user=0.26 sys=0.00, real=0.06 secs] 
3716.064: [GC (Allocation Failure) [PSYoungGen: 419637K->102604K(465920K)] 704447K->457758K(1864192K), 0.0438684 secs] [Times: user=0.23 sys=0.00, real=0.05 secs] 
3716.738: [GC (Allocation Failure) [PSYoungGen: 335564K->169684K(465920K)] 690718K->558358K(1864192K), 0.0514394 secs] [Times: user=0.24 sys=0.00, real=0.05 secs] 
3716.906: [GC (Allocation Failure) [PSYoungGen: 402644K->184662K(465920K)] 791318K->626172K(1864192K), 0.0420723 secs] [Times: user=0.19 sys=0.00, real=0.05 secs] 
3717.102: [GC (Allocation Failure) [PSYoungGen: 417622K->185783K(465920K)] 859132K->691397K(1864192K), 0.0549221 secs] [Times: user=0.26 sys=0.00, real=0.05 secs] 
3718.032: [GC (Allocation Failure) [PSYoungGen: 418743K->195582K(465920K)] 924357K->759980K(1864192K), 0.0524791 secs] [Times: user=0.25 sys=0.00, real=0.05 secs] 
3718.773: [GC (GCLocker Initiated GC) [PSYoungGen: 428542K->91610K(465920K)] 992941K->722185K(1864192K), 0.0787730 secs] [Times: user=0.42 sys=0.00, real=0.08 secs] 
3719.038: [GC (Allocation Failure) [PSYoungGen: 324570K->182774K(465920K)] 955183K->842603K(1864192K), 0.0341287 secs] [Times: user=0.14 sys=0.00, real=0.03 secs] 
3719.177: [GC (Allocation Failure) [PSYoungGen: 415734K->185110K(465920K)] 1075563K->901839K(1864192K), 0.0434785 secs] [Times: user=0.20 sys=0.00, real=0.05 secs] 
3719.323: [GC (Allocation Failure) [PSYoungGen: 418070K->186677K(465920K)] 1134799K->959374K(1864192K), 0.0453049 secs] [Times: user=0.21 sys=0.00, real=0.05 secs] 
3720.396: [GC (Allocation Failure) [PSYoungGen: 419637K->98252K(465920K)] 1192334K->941281K(1864192K), 0.0451143 secs] [Times: user=0.23 sys=0.00, real=0.05 secs] 
3720.876: [GC (Allocation Failure) [PSYoungGen: 331212K->163443K(465920K)] 1174241K->1038734K(1864192K), 0.0397332 secs] [Times: user=0.18 sys=0.00, real=0.04 secs] 
3721.024: [GC (Allocation Failure) [PSYoungGen: 396403K->183797K(465920K)] 1271694K->1110008K(1864192K), 0.0420368 secs] [Times: user=0.19 sys=0.00, real=0.04 secs] 
3721.199: [GC (Allocation Failure) [PSYoungGen: 416757K->186231K(465920K)] 1342968K->1176325K(1864192K), 0.0560816 secs] [Times: user=0.27 sys=0.00, real=0.05 secs] 
3721.519: [GC (Allocation Failure) [PSYoungGen: 419191K->186581K(465920K)] 1409285K->1235723K(1864192K), 0.0644809 secs] [Times: user=0.33 sys=0.00, real=0.06 secs] 
3723.638: [GC (Allocation Failure) [PSYoungGen: 419541K->83833K(465920K)] 1468683K->1203432K(1864192K), 0.1067634 secs] [Times: user=0.57 sys=0.00, real=0.10 secs] 
3723.979: [GC (Allocation Failure) [PSYoungGen: 316793K->182806K(465920K)] 1436392K->1329869K(1864192K), 0.0345865 secs] [Times: user=0.14 sys=0.01, real=0.03 secs] 
3724.167: [GC (Allocation Failure) [PSYoungGen: 415766K->183413K(465920K)] 1562829K->1387365K(1864192K), 0.0583061 secs] [Times: user=0.28 sys=0.01, real=0.06 secs] 
3724.351: [GC (GCLocker Initiated GC) [PSYoungGen: 416373K->183124K(465920K)] 1620328K->1442727K(1864192K), 0.0460735 secs] [Times: user=0.21 sys=0.00, real=0.05 secs] 
3726.574: [GC (Allocation Failure) [PSYoungGen: 416084K->104940K(465920K)] 1675688K->1433657K(1864192K), 0.0461473 secs] [Times: user=0.24 sys=0.00, real=0.05 secs] 
3726.621: [Full GC (Ergonomics) [PSYoungGen: 104940K->0K(465920K)] [ParOldGen: 1328716K->90579K(1398272K)] 1433657K->90579K(1864192K), [Metaspace: 60288K->60288K(1105920K)], 0.0328561 secs] [Times: user=0.10 sys=0.00, real=0.03 secs] 
3727.044: [GC (Allocation Failure) [PSYoungGen: 232960K->158067K(465920K)] 323539K->248646K(1864192K), 0.0383737 secs] [Times: user=0.14 sys=0.01, real=0.04 secs] 
3727.246: [GC (Allocation Failure) [PSYoungGen: 391027K->184310K(465920K)] 481606K->324441K(1864192K), 0.0408842 secs] [Times: user=0.18 sys=0.00, real=0.04 secs] 
3727.420: [GC (Allocation Failure) [PSYoungGen: 417270K->186071K(465920K)] 557401K->390346K(1864192K), 0.0613788 secs] [Times: user=0.30 sys=0.00, real=0.06 secs] 
3727.619: [GC (Allocation Failure) [PSYoungGen: 419031K->183188K(465920K)] 623306K->446452K(1864192K), 0.0808063 secs] [Times: user=0.41 sys=0.00, real=0.08 secs] 
3729.091: [GC (Allocation Failure) [PSYoungGen: 415537K->89002K(465920K)] 678801K->421398K(1864192K), 0.1096245 secs] [Times: user=0.60 sys=0.00, real=0.11 secs] 
3729.516: [GC (Allocation Failure) [PSYoungGen: 321962K->176021K(465920K)] 654358K->537462K(1864192K), 0.0392132 secs] [Times: user=0.17 sys=0.00, real=0.04 secs] 
3729.664: [GC (Allocation Failure) [PSYoungGen: 408981K->184726K(465920K)] 770422K->601046K(1864192K), 0.0427589 secs] [Times: user=0.19 sys=0.00, real=0.04 secs] 
3730.157: [GC (Allocation Failure) [PSYoungGen: 417686K->185557K(465920K)] 834006K->658005K(1864192K), 0.0911870 secs] [Times: user=0.45 sys=0.00, real=0.10 secs] 
3731.745: [GC (Allocation Failure) [PSYoungGen: 418517K->116190K(465920K)] 890965K->658623K(1864192K), 0.0460729 secs] [Times: user=0.24 sys=0.00, real=0.05 secs] 
3732.641: [GC (Allocation Failure) [PSYoungGen: 349150K->148465K(465920K)] 891583K->728211K(1864192K), 0.0851962 secs] [Times: user=0.45 sys=0.00, real=0.08 secs] 
3732.891: [GC (Allocation Failure) [PSYoungGen: 381425K->183285K(465920K)] 961171K->808782K(1864192K), 0.0548505 secs] [Times: user=0.26 sys=0.00, real=0.05 secs] 
3733.064: [GC (Allocation Failure) [PSYoungGen: 416245K->182870K(465920K)] 1041742K->872179K(1864192K), 0.0494854 secs] [Times: user=0.24 sys=0.00, real=0.05 secs] 
3733.218: [GC (Allocation Failure) [PSYoungGen: 415830K->186485K(465920K)] 1105139K->934154K(1864192K), 0.0577191 secs] [Times: user=0.28 sys=0.00, real=0.05 secs] 
3734.270: [GC (Allocation Failure) [PSYoungGen: 419445K->94251K(465920K)] 1167114K->912416K(1864192K), 0.0431398 secs] [Times: user=0.22 sys=0.01, real=0.04 secs] 
3734.528: [GC (GCLocker Initiated GC) [PSYoungGen: 327211K->177333K(465920K)] 1145376K->1026011K(1864192K), 0.0505000 secs] [Times: user=0.22 sys=0.00, real=0.05 secs] 
3734.714: [GC (Allocation Failure) [PSYoungGen: 410293K->181397K(465920K)] 1259102K->1085854K(1864192K), 0.0443413 secs] [Times: user=0.19 sys=0.00, real=0.05 secs] 
3734.862: [GC (Allocation Failure) [PSYoungGen: 414357K->183892K(465920K)] 1318814K->1143333K(1864192K), 0.0461437 secs] [Times: user=0.21 sys=0.01, real=0.05 secs] 
3735.990: [GC (Allocation Failure) [PSYoungGen: 416852K->125775K(465920K)] 1376293K->1154480K(1864192K), 0.0487433 secs] [Times: user=0.25 sys=0.00, real=0.05 secs] 
3736.542: [GC (Allocation Failure) [PSYoungGen: 358735K->144033K(465920K)] 1387440K->1212762K(1864192K), 0.1124863 secs] [Times: user=0.61 sys=0.01, real=0.11 secs] 
3736.803: [GC (Allocation Failure) [PSYoungGen: 376993K->180085K(465920K)] 1445722K->1294431K(1864192K), 0.0399737 secs] [Times: user=0.18 sys=0.00, real=0.04 secs] 
3736.955: [GC (Allocation Failure) [PSYoungGen: 413045K->185783K(465920K)] 1527391K->1363185K(1864192K), 0.0503879 secs] [Times: user=0.23 sys=0.01, real=0.05 secs] 
3737.112: [GC (Allocation Failure) [PSYoungGen: 418743K->186485K(465920K)] 1596145K->1422855K(1864192K), 0.0566132 secs] [Times: user=0.28 sys=0.00, real=0.06 secs] 
3738.467: [GC (Allocation Failure) [PSYoungGen: 419338K->93387K(465920K)] 1655708K->1400181K(1864192K), 0.0673622 secs] [Times: user=0.36 sys=0.00, real=0.07 secs] 
3738.786: [GC (Allocation Failure) [PSYoungGen: 326347K->176597K(465920K)] 1633141K->1513996K(1864192K), 0.0342262 secs] [Times: user=0.14 sys=0.00, real=0.04 secs] 
3738.820: [Full GC (Ergonomics) [PSYoungGen: 176597K->0K(465920K)] [ParOldGen: 1337398K->213874K(1398272K)] 1513996K->213874K(1864192K), [Metaspace: 60312K->60312K(1105920K)], 0.2259131 secs] [Times: user=1.02 sys=0.01, real=0.22 secs] 
3739.168: [GC (Allocation Failure) [PSYoungGen: 232960K->181653K(465920K)] 446834K->395528K(1864192K), 0.0265322 secs] [Times: user=0.09 sys=0.00, real=0.02 secs] 
3739.321: [GC (Allocation Failure) [PSYoungGen: 414613K->186197K(465920K)] 628488K->455360K(1864192K), 0.0480322 secs] [Times: user=0.23 sys=0.00, real=0.05 secs] 
3740.527: [GC (Allocation Failure) [PSYoungGen: 419157K->129168K(465920K)] 688320K->468603K(1864192K), 0.0478070 secs] [Times: user=0.24 sys=0.00, real=0.05 secs] 
3741.012: [GC (Allocation Failure) [PSYoungGen: 362128K->141073K(465920K)] 701563K->521404K(1864192K), 0.1296758 secs] [Times: user=0.70 sys=0.00, real=0.13 secs] 
3741.338: [GC (Allocation Failure) [PSYoungGen: 374033K->177589K(465920K)] 754364K->602652K(1864192K), 0.0385749 secs] [Times: user=0.17 sys=0.00, real=0.03 secs] 
3741.497: [GC (Allocation Failure) [PSYoungGen: 410549K->182390K(465920K)] 835612K->669666K(1864192K), 0.0487756 secs] [Times: user=0.23 sys=0.00, real=0.05 secs] 
3741.659: [GC (Allocation Failure) [PSYoungGen: 415350K->186613K(465920K)] 902626K->731481K(1864192K), 0.0555599 secs] [Times: user=0.27 sys=0.00, real=0.05 secs] 
3742.709: [GC (GCLocker Initiated GC) [PSYoungGen: 419573K->92411K(465920K)] 964442K->707728K(1864192K), 0.0432794 secs] [Times: user=0.22 sys=0.00, real=0.04 secs] 
3742.958: [GC (Allocation Failure) [PSYoungGen: 325371K->176949K(465920K)] 940820K->822134K(1864192K), 0.0440360 secs] [Times: user=0.18 sys=0.00, real=0.04 secs] 
3743.122: [GC (Allocation Failure) [PSYoungGen: 409909K->184534K(465920K)] 1055094K->885399K(1864192K), 0.0434251 secs] [Times: user=0.20 sys=0.00, real=0.04 secs] 
3743.270: [GC (Allocation Failure) [PSYoungGen: 417494K->186933K(465920K)] 1118359K->943702K(1864192K), 0.0457906 secs] [Times: user=0.22 sys=0.00, real=0.04 secs] 
3744.365: [GC (Allocation Failure) [PSYoungGen: 419893K->133808K(465920K)] 1176662K->961098K(1864192K), 0.0490228 secs] [Times: user=0.25 sys=0.00, real=0.05 secs] 
3745.261: [GC (Allocation Failure) [PSYoungGen: 366768K->134704K(465920K)] 1194058K->1004617K(1864192K), 0.1247928 secs] [Times: user=0.69 sys=0.00, real=0.12 secs] 
3745.566: [GC (Allocation Failure) [PSYoungGen: 367664K->178613K(465920K)] 1237577K->1091663K(1864192K), 0.0422832 secs] [Times: user=0.19 sys=0.00, real=0.05 secs] 
3745.717: [GC (Allocation Failure) [PSYoungGen: 411573K->185623K(465920K)] 1324623K->1160985K(1864192K), 0.0497005 secs] [Times: user=0.23 sys=0.00, real=0.05 secs] 
3746.088: [GC (Allocation Failure) [PSYoungGen: 418583K->180724K(465920K)] 1393945K->1215086K(1864192K), 0.1141752 secs] [Times: user=0.60 sys=0.00, real=0.11 secs] 
3747.911: [GC (Allocation Failure) [PSYoungGen: 413684K->93259K(465920K)] 1448046K->1195941K(1864192K), 0.0615593 secs] [Times: user=0.33 sys=0.00, real=0.06 secs] 
3748.252: [GC (GCLocker Initiated GC) [PSYoungGen: 326219K->174805K(465920K)] 1428901K->1307740K(1864192K), 0.0481473 secs] [Times: user=0.21 sys=0.00, real=0.05 secs] 
3748.419: [GC (Allocation Failure) [PSYoungGen: 407765K->192277K(465920K)] 1540739K->1379856K(1864192K), 0.0438500 secs] [Times: user=0.19 sys=0.00, real=0.04 secs] 
3748.567: [GC (Allocation Failure) [PSYoungGen: 425237K->203637K(465920K)] 1612816K->1447287K(1864192K), 0.0465792 secs] [Times: user=0.22 sys=0.00, real=0.05 secs] 
3749.564: [GC (Allocation Failure) [PSYoungGen: 436597K->142673K(465920K)] 1680247K->1456856K(1864192K), 0.0505399 secs] [Times: user=0.25 sys=0.01, real=0.05 secs] 
3749.615: [Full GC (Ergonomics) [PSYoungGen: 142673K->0K(465920K)] [ParOldGen: 1314182K->351798K(1398272K)] 1456856K->351798K(1864192K), [Metaspace: 60316K->60316K(1105920K)], 0.5775187 secs] [Times: user=2.52 sys=0.00, real=0.58 secs] 
3750.441: [GC (GCLocker Initiated GC) [PSYoungGen: 232960K->123886K(465920K)] 584758K->475685K(1864192K), 0.0232999 secs] [Times: user=0.08 sys=0.00, real=0.02 secs] 
3750.598: [GC (Allocation Failure) [PSYoungGen: 356846K->178325K(465920K)] 708684K->569303K(1864192K), 0.0371291 secs] [Times: user=0.16 sys=0.00, real=0.03 secs] 
3750.770: [GC (Allocation Failure) [PSYoungGen: 411285K->185719K(465920K)] 802263K->639237K(1864192K), 0.0546819 secs] [Times: user=0.26 sys=0.00, real=0.05 secs] 
3750.928: [GC (Allocation Failure) [PSYoungGen: 418679K->186677K(465920K)] 872197K->699187K(1864192K), 0.0573817 secs] [Times: user=0.28 sys=0.01, real=0.05 secs] 
3752.101: [GC (Allocation Failure) [PSYoungGen: 419637K->87354K(465920K)] 932147K->670112K(1864192K), 0.0639548 secs] [Times: user=0.35 sys=0.00, real=0.06 secs] 
3752.725: [GC (Allocation Failure) [PSYoungGen: 320314K->174453K(465920K)] 903072K->785980K(1864192K), 0.0443952 secs] [Times: user=0.19 sys=0.00, real=0.05 secs] 
3752.944: [GC (Allocation Failure) [PSYoungGen: 407413K->183893K(465920K)] 1018940K->849725K(1864192K), 0.0566954 secs] [Times: user=0.26 sys=0.00, real=0.06 secs] 
3753.136: [GC (Allocation Failure) [PSYoungGen: 402687K->171445K(465920K)] 1068519K->901268K(1864192K), 0.0488542 secs] [Times: user=0.23 sys=0.00, real=0.05 secs] 
3754.009: [GC (Allocation Failure) [PSYoungGen: 399690K->206579K(465920K)] 1129513K->990890K(1864192K), 0.0529468 secs] [Times: user=0.26 sys=0.00, real=0.05 secs] 
3755.280: [GC (GCLocker Initiated GC) [PSYoungGen: 439539K->94091K(465920K)] 1223850K->943154K(1864192K), 0.0828013 secs] [Times: user=0.45 sys=0.00, real=0.08 secs] 
3755.590: [GC (Allocation Failure) [PSYoungGen: 327051K->187798K(465920K)] 1176153K->1067349K(1864192K), 0.0350953 secs] [Times: user=0.14 sys=0.00, real=0.03 secs] 
3755.733: [GC (Allocation Failure) [PSYoungGen: 420758K->184694K(465920K)] 1300309K->1121309K(1864192K), 0.0440987 secs] [Times: user=0.20 sys=0.00, real=0.04 secs] 
3755.998: [GC (Allocation Failure) [PSYoungGen: 417654K->183188K(465920K)] 1354269K->1175659K(1864192K), 0.0490761 secs] [Times: user=0.23 sys=0.00, real=0.04 secs] 
3757.078: [GC (Allocation Failure) [PSYoungGen: 416148K->98780K(465920K)] 1408619K->1160763K(1864192K), 0.0482786 secs] [Times: user=0.25 sys=0.00, real=0.04 secs] 
3757.459: [GC (GCLocker Initiated GC) [PSYoungGen: 331740K->163091K(465920K)] 1393723K->1257267K(1864192K), 0.0697298 secs] [Times: user=0.34 sys=0.00, real=0.07 secs] 
3757.669: [GC (Allocation Failure) [PSYoungGen: 396051K->192854K(465920K)] 1490266K->1338072K(1864192K), 0.0423801 secs] [Times: user=0.19 sys=0.00, real=0.04 secs] 
3757.819: [GC (Allocation Failure) [PSYoungGen: 425814K->186167K(465920K)] 1571032K->1395609K(1864192K), 0.0507346 secs] [Times: user=0.24 sys=0.00, real=0.05 secs] 
3758.020: [GC (Allocation Failure) [PSYoungGen: 419127K->219381K(465920K)] 1628569K->1487979K(1864192K), 0.0604189 secs] [Times: user=0.30 sys=0.00, real=0.06 secs] 
3759.493: [GC (Allocation Failure) [PSYoungGen: 452341K->83913K(465920K)] 1720939K->1422792K(1864192K), 0.1173747 secs] [Times: user=0.64 sys=0.01, real=0.12 secs] 
3759.611: [Full GC (Ergonomics) [PSYoungGen: 83913K->0K(465920K)] [ParOldGen: 1338878K->101243K(1398272K)] 1422792K->101243K(1864192K), [Metaspace: 60316K->60316K(1105920K)], 0.1660415 secs] [Times: user=0.73 sys=0.00, real=0.16 secs] 
3760.229: [GC (Allocation Failure) [PSYoungGen: 232960K->178901K(465920K)] 334203K->280145K(1864192K), 0.0317090 secs] [Times: user=0.12 sys=0.00, real=0.03 secs] 
3760.382: [GC (Allocation Failure) [PSYoungGen: 411861K->184822K(465920K)] 513105K->342173K(1864192K), 0.0406551 secs] [Times: user=0.18 sys=0.00, real=0.04 secs] 
3760.572: [GC (Allocation Failure) [PSYoungGen: 417782K->186933K(465920K)] 575133K->400220K(1864192K), 0.0705930 secs] [Times: user=0.35 sys=0.00, real=0.07 secs] 
3761.711: [GC (Allocation Failure) [PSYoungGen: 419893K->105788K(465920K)] 633180K->389732K(1864192K), 0.0450079 secs] [Times: user=0.23 sys=0.00, real=0.04 secs] 
3762.931: [GC (Allocation Failure) [PSYoungGen: 338748K->162483K(465920K)] 622692K->480231K(1864192K), 0.0747863 secs] [Times: user=0.38 sys=0.00, real=0.07 secs] 
3763.141: [GC (Allocation Failure) [PSYoungGen: 395443K->184470K(465920K)] 713191K->553774K(1864192K), 0.0409036 secs] [Times: user=0.17 sys=0.00, real=0.04 secs] 
3763.294: [GC (Allocation Failure) [PSYoungGen: 417430K->185815K(465920K)] 786734K->619063K(1864192K), 0.0488603 secs] [Times: user=0.22 sys=0.01, real=0.05 secs] 
3763.473: [GC (Allocation Failure) [PSYoungGen: 418775K->186293K(465920K)] 852023K->678597K(1864192K), 0.0763185 secs] [Times: user=0.38 sys=0.00, real=0.08 secs] 
3764.686: [GC (Allocation Failure) [PSYoungGen: 419253K->86986K(465920K)] 911557K->649698K(1864192K), 0.0485314 secs] [Times: user=0.26 sys=0.01, real=0.05 secs] 
3764.932: [GC (Allocation Failure) [PSYoungGen: 319946K->181558K(465920K)] 882658K->771675K(1864192K), 0.0477965 secs] [Times: user=0.21 sys=0.00, real=0.05 secs] 
3765.120: [GC (Allocation Failure) [PSYoungGen: 414518K->185142K(465920K)] 1004635K->832063K(1864192K), 0.0434798 secs] [Times: user=0.19 sys=0.00, real=0.04 secs] 
3765.266: [GC (Allocation Failure) [PSYoungGen: 418102K->186837K(465920K)] 1065023K->890134K(1864192K), 0.0457779 secs] [Times: user=0.21 sys=0.00, real=0.05 secs] 
3766.346: [GC (Allocation Failure) [PSYoungGen: 419797K->103708K(465920K)] 1123094K->877394K(1864192K), 0.0469193 secs] [Times: user=0.23 sys=0.01, real=0.05 secs] 
3766.822: [GC (Allocation Failure) [PSYoungGen: 336668K->157587K(465920K)] 1110354K->965289K(1864192K), 0.0716976 secs] [Times: user=0.37 sys=0.00, real=0.07 secs] 
3767.073: [GC (Allocation Failure) [PSYoungGen: 390547K->184213K(465920K)] 1198249K->1040724K(1864192K), 0.0544418 secs] [Times: user=0.26 sys=0.00, real=0.06 secs] 
3767.247: [GC (Allocation Failure) [PSYoungGen: 417173K->183062K(465920K)] 1273684K->1103781K(1864192K), 0.0500047 secs] [Times: user=0.23 sys=0.00, real=0.05 secs] 
3767.409: [GC (Allocation Failure) [PSYoungGen: 416022K->186261K(465920K)] 1336741K->1165523K(1864192K), 0.0562495 secs] [Times: user=0.27 sys=0.00, real=0.05 secs] 
3769.276: [GC (Allocation Failure) [PSYoungGen: 419221K->87402K(465920K)] 1398483K->1136976K(1864192K), 0.1085411 secs] [Times: user=0.60 sys=0.00, real=0.11 secs] 
3769.810: [GC (Allocation Failure) [PSYoungGen: 320362K->175061K(465920K)] 1369936K->1252895K(1864192K), 0.0410092 secs] [Times: user=0.18 sys=0.00, real=0.04 secs] 
3769.979: [GC (Allocation Failure) [PSYoungGen: 408021K->184822K(465920K)] 1485855K->1317592K(1864192K), 0.0588859 secs] [Times: user=0.28 sys=0.00, real=0.06 secs] 
3770.163: [GC (Allocation Failure) [PSYoungGen: 417782K->186709K(465920K)] 1550552K->1375560K(1864192K), 0.0469310 secs] [Times: user=0.22 sys=0.00, real=0.05 secs] 
3771.506: [GC (Allocation Failure) [PSYoungGen: 419669K->117774K(465920K)] 1608520K->1377057K(1864192K), 0.0482312 secs] [Times: user=0.24 sys=0.00, real=0.05 secs] 
3771.939: [GC (Allocation Failure) [PSYoungGen: 350734K->148081K(465920K)] 1610017K->1444752K(1864192K), 0.1010657 secs] [Times: user=0.53 sys=0.00, real=0.10 secs] 
3772.184: [GC (Allocation Failure) [PSYoungGen: 381041K->180245K(465920K)] 1677712K->1524081K(1864192K), 0.0421825 secs] [Times: user=0.19 sys=0.00, real=0.04 secs] 
3772.227: [Full GC (Ergonomics) [PSYoungGen: 180245K->0K(465920K)] [ParOldGen: 1343835K->245107K(1398272K)] 1524081K->245107K(1864192K), [Metaspace: 60317K->60317K(1105920K)], 0.2918505 secs] [Times: user=1.34 sys=0.00, real=0.30 secs] 
3772.634: [GC (Allocation Failure) [PSYoungGen: 232960K->185751K(465920K)] 478067K->430858K(1864192K), 0.0829520 secs] [Times: user=0.44 sys=0.00, real=0.08 secs] 
3772.819: [GC (Allocation Failure) [PSYoungGen: 418711K->187029K(465920K)] 663818K->491188K(1864192K), 0.0560634 secs] [Times: user=0.27 sys=0.00, real=0.05 secs] 
3773.975: [GC (Allocation Failure) [PSYoungGen: 419989K->87466K(465920K)] 724148K->462185K(1864192K), 0.0692563 secs] [Times: user=0.37 sys=0.00, real=0.07 secs] 
3774.667: [GC (Allocation Failure) [PSYoungGen: 320426K->177141K(465920K)] 695145K->580229K(1864192K), 0.0442864 secs] [Times: user=0.19 sys=0.00, real=0.05 secs] 
3774.836: [GC (Allocation Failure) [PSYoungGen: 410101K->184854K(465920K)] 813189K->642909K(1864192K), 0.0497416 secs] [Times: user=0.19 sys=0.00, real=0.05 secs] 
3775.025: [GC (Allocation Failure) [PSYoungGen: 417814K->186869K(465920K)] 875869K->700916K(1864192K), 0.0594888 secs] [Times: user=0.28 sys=0.00, real=0.06 secs] 
3776.095: [GC (Allocation Failure) [PSYoungGen: 419829K->126095K(465920K)] 933876K->710815K(1864192K), 0.0479904 secs] [Times: user=0.24 sys=0.00, real=0.05 secs] 
3777.190: [GC (Allocation Failure) [PSYoungGen: 359055K->141681K(465920K)] 943775K->766240K(1864192K), 0.1130657 secs] [Times: user=0.61 sys=0.01, real=0.11 secs] 
3777.441: [GC (Allocation Failure) [PSYoungGen: 374641K->178581K(465920K)] 999200K->848845K(1864192K), 0.0392412 secs] [Times: user=0.17 sys=0.00, real=0.04 secs] 
3777.682: [GC (Allocation Failure) [PSYoungGen: 411541K->185079K(465920K)] 1081805K->917527K(1864192K), 0.0600574 secs] [Times: user=0.29 sys=0.00, real=0.06 secs] 
3778.107: [GC (Allocation Failure) [PSYoungGen: 418039K->186133K(465920K)] 1150487K->977341K(1864192K), 0.0597171 secs] [Times: user=0.30 sys=0.00, real=0.06 secs] 
3779.220: [GC (Allocation Failure) [PSYoungGen: 419093K->90282K(465920K)] 1210301K->951739K(1864192K), 0.0599875 secs] [Times: user=0.32 sys=0.00, real=0.06 secs] 
3779.640: [GC (Allocation Failure) [PSYoungGen: 323242K->177493K(465920K)] 1184699K->1067530K(1864192K), 0.0462903 secs] [Times: user=0.20 sys=0.00, real=0.04 secs] 
3779.851: [GC (Allocation Failure) [PSYoungGen: 410453K->181589K(465920K)] 1300490K->1127391K(1864192K), 0.0584938 secs] [Times: user=0.28 sys=0.00, real=0.06 secs] 
3780.070: [GC (Allocation Failure) [PSYoungGen: 414549K->186613K(465920K)] 1360351K->1187182K(1864192K), 0.0631260 secs] [Times: user=0.31 sys=0.00, real=0.06 secs] 
3781.093: [GC (Allocation Failure) [PSYoungGen: 419573K->134160K(465920K)] 1420142K->1205170K(1864192K), 0.0497828 secs] [Times: user=0.25 sys=0.00, real=0.05 secs] 
3781.507: [GC (Allocation Failure) [PSYoungGen: 367120K->136544K(465920K)] 1438130K->1250258K(1864192K), 0.1356869 secs] [Times: user=0.75 sys=0.00, real=0.14 secs] 
3781.778: [GC (Allocation Failure) [PSYoungGen: 369504K->175412K(465920K)] 1483218K->1333091K(1864192K), 0.0391533 secs] [Times: user=0.17 sys=0.00, real=0.03 secs] 
3781.928: [GC (Allocation Failure) [PSYoungGen: 408372K->184823K(465920K)] 1566051K->1403733K(1864192K), 0.0499659 secs] [Times: user=0.23 sys=0.00, real=0.05 secs] 
3782.105: [GC (Allocation Failure) [PSYoungGen: 417783K->186773K(465920K)] 1636693K->1464555K(1864192K), 0.0618747 secs] [Times: user=0.31 sys=0.00, real=0.06 secs] 
3784.038: [GC (Allocation Failure) [PSYoungGen: 419733K->89034K(465920K)] 1697515K->1437441K(1864192K), 0.1161770 secs] [Times: user=0.63 sys=0.01, real=0.11 secs] 
3784.154: [Full GC (Ergonomics) [PSYoungGen: 89034K->0K(465920K)] [ParOldGen: 1348406K->92374K(1398272K)] 1437441K->92374K(1864192K), [Metaspace: 60319K->60319K(1105920K)], 0.1081811 secs] [Times: user=0.43 sys=0.00, real=0.11 secs] 
3784.887: [GC (Allocation Failure) [PSYoungGen: 232844K->174773K(465920K)] 325219K->267148K(1864192K), 0.0299914 secs] [Times: user=0.11 sys=0.01, real=0.03 secs] 
3785.030: [GC (Allocation Failure) [PSYoungGen: 407733K->181525K(465920K)] 500108K->328716K(1864192K), 0.0426853 secs] [Times: user=0.19 sys=0.00, real=0.04 secs] 
3785.199: [GC (Allocation Failure) [PSYoungGen: 414485K->187029K(465920K)] 561676K->389324K(1864192K), 0.0626575 secs] [Times: user=0.30 sys=0.00, real=0.06 secs] 
3786.228: [GC (Allocation Failure) [PSYoungGen: 419989K->145970K(465920K)] 622284K->418701K(1864192K), 0.0494507 secs] [Times: user=0.24 sys=0.00, real=0.05 secs] 
3786.764: [GC (Allocation Failure) [PSYoungGen: 378930K->127327K(465920K)] 651661K->446370K(1864192K), 0.1284756 secs] [Times: user=0.71 sys=0.00, real=0.13 secs] 
3787.029: [GC (Allocation Failure) [PSYoungGen: 360287K->172500K(465920K)] 679330K->532212K(1864192K), 0.0379598 secs] [Times: user=0.16 sys=0.00, real=0.03 secs] 
3787.177: [GC (Allocation Failure) [PSYoungGen: 405460K->184791K(465920K)] 765172K->604859K(1864192K), 0.0488170 secs] [Times: user=0.22 sys=0.00, real=0.05 secs] 
3787.349: [GC (Allocation Failure) [PSYoungGen: 417751K->183092K(465920K)] 837819K->661688K(1864192K), 0.0642837 secs] [Times: user=0.33 sys=0.00, real=0.06 secs] 
3788.437: [GC (Allocation Failure) [PSYoungGen: 416052K->99740K(465920K)] 894648K->647748K(1864192K), 0.0449025 secs] [Times: user=0.23 sys=0.00, real=0.05 secs] 
3788.724: [GC (Allocation Failure) [PSYoungGen: 332700K->176149K(465920K)] 880708K->755810K(1864192K), 0.0536172 secs] [Times: user=0.25 sys=0.00, real=0.06 secs] 
3788.913: [GC (Allocation Failure) [PSYoungGen: 409109K->181493K(465920K)] 988770K->816550K(1864192K), 0.0428315 secs] [Times: user=0.19 sys=0.00, real=0.04 secs] 
3789.057: [GC (Allocation Failure) [PSYoungGen: 401404K->169557K(465920K)] 1036461K->867518K(1864192K), 0.0471840 secs] [Times: user=0.22 sys=0.00, real=0.05 secs] 
3790.007: [GC (Allocation Failure) [PSYoungGen: 402517K->168114K(457728K)] 1100478K->919876K(1856000K), 0.0545353 secs] [Times: user=0.27 sys=0.00, real=0.06 secs] 
3790.677: [GC (Allocation Failure) [PSYoungGen: 401074K->107916K(461824K)] 1152836K->924154K(1860096K), 0.0523238 secs] [Times: user=0.27 sys=0.00, real=0.06 secs] 
3790.838: [GC (Allocation Failure) [PSYoungGen: 340876K->179413K(465408K)] 1157114K->1030259K(1863680K), 0.0365972 secs] [Times: user=0.15 sys=0.00, real=0.03 secs] 
3791.016: [GC (Allocation Failure) [PSYoungGen: 413397K->182614K(416768K)] 1264243K->1096068K(1815040K), 0.0733862 secs] [Times: user=0.37 sys=0.00, real=0.08 secs] 
3791.468: [GC (Allocation Failure) [PSYoungGen: 416598K->186997K(465920K)] 1330052K->1158667K(1864192K), 0.1208608 secs] [Times: user=0.64 sys=0.00, real=0.12 secs] 
3792.852: [GC (Allocation Failure) [PSYoungGen: 419957K->93659K(465920K)] 1391627K->1136065K(1864192K), 0.0480450 secs] [Times: user=0.25 sys=0.00, real=0.05 secs] 
3793.428: [GC (Allocation Failure) [PSYoungGen: 326619K->174229K(465920K)] 1369025K->1247243K(1864192K), 0.0574375 secs] [Times: user=0.27 sys=0.00, real=0.05 secs] 
3793.676: [GC (GCLocker Initiated GC) [PSYoungGen: 407189K->184342K(465920K)] 1480204K->1311485K(1864192K), 0.0496880 secs] [Times: user=0.23 sys=0.00, real=0.05 secs] 
3793.964: [GC (Allocation Failure) [PSYoungGen: 417302K->183222K(465920K)] 1560830K->1382935K(1864192K), 0.1801598 secs] [Times: user=1.01 sys=0.00, real=0.18 secs] 
3795.114: [GC (Allocation Failure) [PSYoungGen: 416182K->152659K(465920K)] 1615895K->1410580K(1864192K), 0.1709714 secs] [Times: user=0.96 sys=0.00, real=0.17 secs] 
3795.587: [GC (Allocation Failure) [PSYoungGen: 385619K->113005K(465920K)] 1643540K->1419102K(1864192K), 0.0951088 secs] [Times: user=0.52 sys=0.00, real=0.10 secs] 
3795.853: [GC (Allocation Failure) [PSYoungGen: 345965K->178965K(465920K)] 1652062K->1521631K(1864192K), 0.0385429 secs] [Times: user=0.17 sys=0.00, real=0.04 secs] 
3795.892: [Full GC (Ergonomics) [PSYoungGen: 178965K->0K(465920K)] [ParOldGen: 1342665K->233190K(1398272K)] 1521631K->233190K(1864192K), [Metaspace: 60319K->60319K(1105920K)], 0.2650192 secs] [Times: user=1.21 sys=0.00, real=0.26 secs] 
3796.265: [GC (Allocation Failure) [PSYoungGen: 232960K->181494K(465920K)] 466150K->414685K(1864192K), 0.0822400 secs] [Times: user=0.42 sys=0.00, real=0.08 secs] 
3796.451: [GC (Allocation Failure) [PSYoungGen: 414454K->183956K(465920K)] 647645K->474915K(1864192K), 0.0567229 secs] [Times: user=0.28 sys=0.00, real=0.06 secs] 
3797.776: [GC (Allocation Failure) [PSYoungGen: 416916K->96747K(465920K)] 707875K->457122K(1864192K), 0.0577527 secs] [Times: user=0.31 sys=0.00, real=0.06 secs] 
3798.578: [GC (Allocation Failure) [PSYoungGen: 329707K->170804K(465920K)] 690082K->562688K(1864192K), 0.0615726 secs] [Times: user=0.29 sys=0.00, real=0.06 secs] 
3798.777: [GC (Allocation Failure) [PSYoungGen: 403764K->184342K(465920K)] 795648K->629957K(1864192K), 0.0420158 secs] [Times: user=0.19 sys=0.00, real=0.04 secs] 
3798.929: [GC (Allocation Failure) [PSYoungGen: 417302K->183094K(465920K)] 862917K->692870K(1864192K), 0.0488875 secs] [Times: user=0.23 sys=0.00, real=0.05 secs] 
3800.214: [GC (Allocation Failure) [PSYoungGen: 416054K->170675K(465920K)] 925830K->738434K(1864192K), 0.0543023 secs] [Times: user=0.27 sys=0.00, real=0.06 secs] 
3801.129: [GC (Allocation Failure) [PSYoungGen: 403635K->104012K(465920K)] 971394K->736971K(1864192K), 0.0864499 secs] [Times: user=0.46 sys=0.00, real=0.08 secs] 
3801.445: [GC (Allocation Failure) [PSYoungGen: 334907K->178453K(465920K)] 967866K->844718K(1864192K), 0.0381929 secs] [Times: user=0.16 sys=0.01, real=0.04 secs] 
3801.599: [GC (Allocation Failure) [PSYoungGen: 411413K->184502K(465920K)] 1077678K->906022K(1864192K), 0.0429026 secs] [Times: user=0.19 sys=0.00, real=0.04 secs] 
3801.745: [GC (Allocation Failure) [PSYoungGen: 417462K->186837K(465920K)] 1138982K->964229K(1864192K), 0.0449395 secs] [Times: user=0.21 sys=0.00, real=0.05 secs] 
3802.811: [GC (Allocation Failure) [PSYoungGen: 419797K->95835K(465920K)] 1197189K->943620K(1864192K), 0.0440432 secs] [Times: user=0.23 sys=0.00, real=0.04 secs] 
3803.065: [GC (Allocation Failure) [PSYoungGen: 328795K->169268K(465920K)] 1176580K->1048889K(1864192K), 0.0515061 secs] [Times: user=0.24 sys=0.00, real=0.05 secs] 
3803.244: [GC (Allocation Failure) [PSYoungGen: 402228K->181269K(465920K)] 1281849K->1114227K(1864192K), 0.0430326 secs] [Times: user=0.20 sys=0.01, real=0.05 secs] 
3803.419: [GC (Allocation Failure) [PSYoungGen: 414229K->185495K(465920K)] 1347187K->1181652K(1864192K), 0.0683958 secs] [Times: user=0.34 sys=0.00, real=0.06 secs] 
3803.742: [GC (Allocation Failure) [PSYoungGen: 418455K->215316K(465920K)] 1414612K->1270198K(1864192K), 0.0552370 secs] [Times: user=0.27 sys=0.00, real=0.06 secs] 
3805.327: [GC (Allocation Failure) [PSYoungGen: 448276K->87706K(465920K)] 1503158K->1210919K(1864192K), 0.1116294 secs] [Times: user=0.62 sys=0.00, real=0.12 secs] 
3805.814: [GC (Allocation Failure) [PSYoungGen: 320666K->182422K(465920K)] 1443879K->1333780K(1864192K), 0.0352167 secs] [Times: user=0.14 sys=0.00, real=0.04 secs] 
3805.973: [GC (Allocation Failure) [PSYoungGen: 415382K->184854K(465920K)] 1566740K->1393080K(1864192K), 0.0493037 secs] [Times: user=0.23 sys=0.00, real=0.05 secs] 
3806.142: [GC (Allocation Failure) [PSYoungGen: 417814K->186869K(465920K)] 1626040K->1450943K(1864192K), 0.0463512 secs] [Times: user=0.22 sys=0.00, real=0.05 secs] 
3807.347: [GC (Allocation Failure) [PSYoungGen: 419829K->100156K(465920K)] 1683903K->1434878K(1864192K), 0.0616958 secs] [Times: user=0.32 sys=0.00, real=0.07 secs] 
3807.409: [Full GC (Ergonomics) [PSYoungGen: 100156K->0K(465920K)] [ParOldGen: 1334722K->89182K(1398272K)] 1434878K->89182K(1864192K), [Metaspace: 60319K->60319K(1105920K)], 0.0408481 secs] [Times: user=0.12 sys=0.00, real=0.04 secs] 
3808.293: [GC (Allocation Failure) [PSYoungGen: 232960K->163667K(465920K)] 322142K->252850K(1864192K), 0.0350130 secs] [Times: user=0.13 sys=0.00, real=0.04 secs] 
3808.539: [GC (Allocation Failure) [PSYoungGen: 396627K->181685K(465920K)] 485810K->321787K(1864192K), 0.0553740 secs] [Times: user=0.26 sys=0.00, real=0.05 secs] 
3808.716: [GC (Allocation Failure) [PSYoungGen: 414645K->185783K(465920K)] 554747K->389293K(1864192K), 0.0493445 secs] [Times: user=0.23 sys=0.00, real=0.05 secs] 
3808.870: [GC (Allocation Failure) [PSYoungGen: 418743K->186645K(465920K)] 622253K->449163K(1864192K), 0.0550300 secs] [Times: user=0.27 sys=0.00, real=0.05 secs] 
3809.941: [GC (Allocation Failure) [PSYoungGen: 419602K->87594K(465920K)] 682120K->420448K(1864192K), 0.0399237 secs] [Times: user=0.20 sys=0.00, real=0.04 secs] 
3810.110: [GC (Allocation Failure) [PSYoungGen: 320554K->182166K(465920K)] 653408K->543305K(1864192K), 0.0411298 secs] [Times: user=0.18 sys=0.00, real=0.04 secs] 
3810.274: [GC (Allocation Failure) [PSYoungGen: 415126K->184117K(465920K)] 776265K->602169K(1864192K), 0.0438309 secs] [Times: user=0.20 sys=0.00, real=0.05 secs] 
3810.441: [GC (Allocation Failure) [PSYoungGen: 417077K->183284K(465920K)] 835129K->657612K(1864192K), 0.0625728 secs] [Times: user=0.31 sys=0.00, real=0.06 secs] 
3811.514: [GC (Allocation Failure) [PSYoungGen: 416244K->107261K(465920K)] 890572K->650796K(1864192K), 0.0448879 secs] [Times: user=0.23 sys=0.01, real=0.05 secs] 
3812.351: [GC (Allocation Failure) [PSYoungGen: 340221K->158035K(465920K)] 883756K->736623K(1864192K), 0.0883755 secs] [Times: user=0.45 sys=0.00, real=0.09 secs] 
3812.587: [GC (Allocation Failure) [PSYoungGen: 390995K->184342K(465920K)] 969583K->812250K(1864192K), 0.0418526 secs] [Times: user=0.19 sys=0.00, real=0.05 secs] 
3812.768: [GC (Allocation Failure) [PSYoungGen: 417302K->185943K(465920K)] 1045210K->877963K(1864192K), 0.0659314 secs] [Times: user=0.33 sys=0.00, real=0.06 secs] 
3813.287: [GC (Allocation Failure) [PSYoungGen: 418903K->185493K(465920K)] 1110923K->936553K(1864192K), 0.0953410 secs] [Times: user=0.50 sys=0.00, real=0.10 secs] 
3814.957: [GC (Allocation Failure) [PSYoungGen: 418453K->86954K(465920K)] 1169513K->907982K(1864192K), 0.1080383 secs] [Times: user=0.59 sys=0.00, real=0.11 secs] 
3815.583: [GC (Allocation Failure) [PSYoungGen: 319914K->176821K(465920K)] 1140942K->1025882K(1864192K), 0.0440235 secs] [Times: user=0.19 sys=0.00, real=0.04 secs] 
3815.753: [GC (Allocation Failure) [PSYoungGen: 409781K->184214K(465920K)] 1258842K->1088835K(1864192K), 0.0437707 secs] [Times: user=0.20 sys=0.00, real=0.04 secs] 
3815.950: [GC (Allocation Failure) [PSYoungGen: 417174K->186677K(465920K)] 1321795K->1147186K(1864192K), 0.0695779 secs] [Times: user=0.34 sys=0.00, real=0.07 secs] 
3817.322: [GC (Allocation Failure) [PSYoungGen: 419637K->114494K(465920K)] 1380146K->1145499K(1864192K), 0.0469708 secs] [Times: user=0.24 sys=0.00, real=0.05 secs] 
3817.644: [GC (Allocation Failure) [PSYoungGen: 347454K->153170K(465920K)] 1378459K->1220844K(1864192K), 0.0869510 secs] [Times: user=0.43 sys=0.01, real=0.09 secs] 
3817.877: [GC (Allocation Failure) [PSYoungGen: 386130K->178933K(465920K)] 1453806K->1295105K(1864192K), 0.0416035 secs] [Times: user=0.19 sys=0.01, real=0.05 secs] 
3818.053: [GC (Allocation Failure) [PSYoungGen: 411893K->185527K(465920K)] 1528065K->1363875K(1864192K), 0.0690328 secs] [Times: user=0.33 sys=0.01, real=0.07 secs] 
3818.253: [GC (Allocation Failure) [PSYoungGen: 418487K->183380K(465920K)] 1596835K->1420585K(1864192K), 0.0579074 secs] [Times: user=0.29 sys=0.00, real=0.06 secs] 
3819.378: [GC (Allocation Failure) [PSYoungGen: 416340K->97499K(465920K)] 1653545K->1403940K(1864192K), 0.0670210 secs] [Times: user=0.36 sys=0.00, real=0.06 secs] 
3819.887: [GC (Allocation Failure) [PSYoungGen: 330459K->175093K(465920K)] 1636900K->1513045K(1864192K), 0.0463305 secs] [Times: user=0.20 sys=0.00, real=0.05 secs] 
3819.933: [Full GC (Ergonomics) [PSYoungGen: 175093K->0K(465920K)] [ParOldGen: 1337952K->214929K(1398272K)] 1513045K->214929K(1864192K), [Metaspace: 60320K->60320K(1105920K)], 0.2442195 secs] [Times: user=1.13 sys=0.00, real=0.25 secs] 
3820.308: [GC (Allocation Failure) [PSYoungGen: 232960K->179925K(465920K)] 447889K->394854K(1864192K), 0.0261098 secs] [Times: user=0.09 sys=0.00, real=0.02 secs] 
3820.438: [GC (Allocation Failure) [PSYoungGen: 412885K->186933K(465920K)] 627814K->456734K(1864192K), 0.0442506 secs] [Times: user=0.21 sys=0.00, real=0.04 secs] 
3821.451: [GC (Allocation Failure) [PSYoungGen: 419893K->123663K(465920K)] 689694K->463824K(1864192K), 0.0467241 secs] [Times: user=0.24 sys=0.00, real=0.04 secs] 
3822.148: [GC (Allocation Failure) [PSYoungGen: 356623K->147025K(465920K)] 696784K->526506K(1864192K), 0.0868818 secs] [Times: user=0.45 sys=0.00, real=0.08 secs] 
3822.420: [GC (Allocation Failure) [PSYoungGen: 379985K->183765K(465920K)] 759466K->609392K(1864192K), 0.0540557 secs] [Times: user=0.25 sys=0.00, real=0.05 secs] 
3822.590: [GC (Allocation Failure) [PSYoungGen: 416725K->185047K(465920K)] 842352K->674665K(1864192K), 0.0498079 secs] [Times: user=0.23 sys=0.00, real=0.05 secs] 
3822.800: [GC (GCLocker Initiated GC) [PSYoungGen: 418007K->182580K(465920K)] 907625K->731023K(1864192K), 0.0586039 secs] [Times: user=0.29 sys=0.00, real=0.06 secs] 
3823.907: [GC (Allocation Failure) [PSYoungGen: 415540K->90026K(465920K)] 964114K->707584K(1864192K), 0.0543454 secs] [Times: user=0.29 sys=0.00, real=0.06 secs] 
3824.346: [GC (Allocation Failure) [PSYoungGen: 322986K->177045K(465920K)] 940544K->823523K(1864192K), 0.0468567 secs] [Times: user=0.21 sys=0.00, real=0.05 secs] 
3824.522: [GC (Allocation Failure) [PSYoungGen: 410005K->184822K(465920K)] 1056483K->886480K(1864192K), 0.0438550 secs] [Times: user=0.20 sys=0.00, real=0.04 secs] 
3824.692: [GC (Allocation Failure) [PSYoungGen: 417782K->186741K(465920K)] 1119440K->944439K(1864192K), 0.0510798 secs] [Times: user=0.25 sys=0.00, real=0.05 secs] 
3825.706: [GC (Allocation Failure) [PSYoungGen: 419701K->126639K(465920K)] 1177399K->954786K(1864192K), 0.0492216 secs] [Times: user=0.24 sys=0.00, real=0.05 secs] 
3826.162: [GC (GCLocker Initiated GC) [PSYoungGen: 359599K->138528K(465920K)] 1187746K->1006691K(1864192K), 0.1125812 secs] [Times: user=0.54 sys=0.01, real=0.11 secs] 
3826.448: [GC (Allocation Failure) [PSYoungGen: 371488K->178133K(465920K)] 1239689K->1090667K(1864192K), 0.0394244 secs] [Times: user=0.18 sys=0.00, real=0.04 secs] 
3826.620: [GC (Allocation Failure) [PSYoungGen: 411093K->185783K(465920K)] 1323627K->1160613K(1864192K), 0.0624758 secs] [Times: user=0.31 sys=0.00, real=0.06 secs] 
3826.784: [GC (Allocation Failure) [PSYoungGen: 418743K->186677K(465920K)] 1393573K->1220371K(1864192K), 0.0593409 secs] [Times: user=0.29 sys=0.00, real=0.06 secs] 
3828.711: [GC (Allocation Failure) [PSYoungGen: 419637K->88042K(465920K)] 1453331K->1192272K(1864192K), 0.1163259 secs] [Times: user=0.65 sys=0.00, real=0.11 secs] 
3829.510: [GC (GCLocker Initiated GC) [PSYoungGen: 321002K->174357K(465920K)] 1425232K->1307491K(1864192K), 0.0434664 secs] [Times: user=0.18 sys=0.01, real=0.04 secs] 
3829.723: [GC (Allocation Failure) [PSYoungGen: 407317K->190069K(465920K)] 1540490K->1377563K(1864192K), 0.0615646 secs] [Times: user=0.29 sys=0.00, real=0.06 secs] 
3829.957: [GC (Allocation Failure) [PSYoungGen: 423029K->187029K(465920K)] 1610523K->1429958K(1864192K), 0.0647321 secs] [Times: user=0.32 sys=0.00, real=0.07 secs] 
3831.056: [GC (Allocation Failure) [PSYoungGen: 419989K->141489K(465920K)] 1662918K->1454971K(1864192K), 0.0510033 secs] [Times: user=0.25 sys=0.00, real=0.05 secs] 
3831.107: [Full GC (Ergonomics) [PSYoungGen: 141489K->0K(465920K)] [ParOldGen: 1313481K->350916K(1398272K)] 1454971K->350916K(1864192K), [Metaspace: 60320K->60320K(1105920K)], 0.5752839 secs] [Times: user=2.51 sys=0.00, real=0.58 secs] 
3832.295: [GC (Allocation Failure) [PSYoungGen: 232960K->123902K(465920K)] 583876K->474819K(1864192K), 0.0269606 secs] [Times: user=0.10 sys=0.00, real=0.03 secs] 
3832.563: [GC (Allocation Failure) [PSYoungGen: 356862K->178165K(465920K)] 707779K->568543K(1864192K), 0.0479549 secs] [Times: user=0.21 sys=0.00, real=0.05 secs] 
3832.721: [GC (Allocation Failure) [PSYoungGen: 411125K->185943K(465920K)] 801503K->638481K(1864192K), 0.0488330 secs] [Times: user=0.23 sys=0.00, real=0.05 secs] 
3832.885: [GC (Allocation Failure) [PSYoungGen: 418903K->183188K(465920K)] 871441K->694838K(1864192K), 0.0710894 secs] [Times: user=0.36 sys=0.00, real=0.07 secs] 
3834.021: [GC (Allocation Failure) [PSYoungGen: 416148K->92155K(465920K)] 927798K->672997K(1864192K), 0.0526693 secs] [Times: user=0.28 sys=0.00, real=0.05 secs] 
3834.496: [GC (Allocation Failure) [PSYoungGen: 325115K->174197K(465920K)] 905957K->785144K(1864192K), 0.0485980 secs] [Times: user=0.21 sys=0.00, real=0.05 secs] 
3834.761: [GC (Allocation Failure) [PSYoungGen: 407157K->181397K(465920K)] 1018104K->846392K(1864192K), 0.0584179 secs] [Times: user=0.28 sys=0.00, real=0.06 secs] 
3834.974: [GC (Allocation Failure) [PSYoungGen: 401942K->173589K(465920K)] 1066937K->901984K(1864192K), 0.0749815 secs] [Times: user=0.38 sys=0.00, real=0.08 secs] 
3835.935: [GC (Allocation Failure) [PSYoungGen: 406549K->168819K(465920K)] 1134944K->952325K(1864192K), 0.0538244 secs] [Times: user=0.27 sys=0.00, real=0.06 secs] 
3837.270: [GC (Allocation Failure) [PSYoungGen: 401779K->105516K(465920K)] 1185285K->953527K(1864192K), 0.0957792 secs] [Times: user=0.51 sys=0.00, real=0.09 secs] 
3837.690: [GC (Allocation Failure) [PSYoungGen: 337565K->178357K(465920K)] 1185576K->1059765K(1864192K), 0.0374584 secs] [Times: user=0.16 sys=0.00, real=0.04 secs] 
3837.853: [GC (Allocation Failure) [PSYoungGen: 411317K->184822K(465920K)] 1292725K->1122161K(1864192K), 0.0568134 secs] [Times: user=0.27 sys=0.00, real=0.06 secs] 
3838.037: [GC (GCLocker Initiated GC) [PSYoungGen: 417782K->185557K(465920K)] 1355122K->1178729K(1864192K), 0.0649820 secs] [Times: user=0.32 sys=0.00, real=0.06 secs] 
3839.130: [GC (Allocation Failure) [PSYoungGen: 418517K->100076K(465920K)] 1411692K->1163459K(1864192K), 0.0478701 secs] [Times: user=0.25 sys=0.00, real=0.05 secs] 
3839.828: [GC (GCLocker Initiated GC) [PSYoungGen: 333036K->170804K(465920K)] 1396419K->1266368K(1864192K), 0.0601435 secs] [Times: user=0.29 sys=0.00, real=0.06 secs] 
3840.082: [GC (Allocation Failure) [PSYoungGen: 403764K->180277K(465920K)] 1499332K->1329336K(1864192K), 0.0582625 secs] [Times: user=0.28 sys=0.00, real=0.06 secs] 
3840.271: [GC (Allocation Failure) [PSYoungGen: 413237K->182422K(465920K)] 1562296K->1394282K(1864192K), 0.0504949 secs] [Times: user=0.24 sys=0.00, real=0.05 secs] 
3841.150: [GC (Allocation Failure) [PSYoungGen: 414889K->215924K(465920K)] 1626748K->1485639K(1864192K), 0.0577098 secs] [Times: user=0.28 sys=0.00, real=0.05 secs] 
3841.589: [GC (Allocation Failure) [PSYoungGen: 448884K->94395K(465920K)] 1718599K->1432118K(1864192K), 0.0560168 secs] [Times: user=0.29 sys=0.00, real=0.05 secs] 
3841.645: [Full GC (Ergonomics) [PSYoungGen: 94395K->0K(465920K)] [ParOldGen: 1337723K->111598K(1398272K)] 1432118K->111598K(1864192K), [Metaspace: 60320K->60320K(1105920K)], 0.1120497 secs] [Times: user=0.49 sys=0.00, real=0.12 secs] 
3842.106: [GC (Allocation Failure) [PSYoungGen: 232960K->176629K(465920K)] 344558K->288227K(1864192K), 0.0328673 secs] [Times: user=0.12 sys=0.00, real=0.04 secs] 
3842.268: [GC (Allocation Failure) [PSYoungGen: 409589K->184534K(465920K)] 521187K->351452K(1864192K), 0.0411899 secs] [Times: user=0.18 sys=0.00, real=0.04 secs] 
3843.478: [GC (Allocation Failure) [PSYoungGen: 417494K->185301K(465920K)] 584412K->408259K(1864192K), 0.0858412 secs] [Times: user=0.43 sys=0.00, real=0.08 secs] 
3844.714: [GC (Allocation Failure) [PSYoungGen: 418261K->100540K(465920K)] 641219K->393354K(1864192K), 0.0604146 secs] [Times: user=0.32 sys=0.00, real=0.06 secs] 
3845.936: [GC (GCLocker Initiated GC) [PSYoungGen: 333500K->161843K(465920K)] 626315K->487951K(1864192K), 0.0692137 secs] [Times: user=0.35 sys=0.01, real=0.07 secs] 
3846.138: [GC (Allocation Failure) [PSYoungGen: 394803K->190133K(465920K)] 720914K->566476K(1864192K), 0.0414443 secs] [Times: user=0.18 sys=0.00, real=0.04 secs] 
3846.290: [GC (Allocation Failure) [PSYoungGen: 423093K->185559K(465920K)] 799436K->625557K(1864192K), 0.0495597 secs] [Times: user=0.23 sys=0.00, real=0.05 secs] 
3847.074: [GC (Allocation Failure) [PSYoungGen: 418519K->182388K(465920K)] 858517K->681179K(1864192K), 0.0968680 secs] [Times: user=0.50 sys=0.00, real=0.10 secs] 
3848.261: [GC (Allocation Failure) [PSYoungGen: 415348K->88442K(465920K)] 914139K->656009K(1864192K), 0.0536896 secs] [Times: user=0.28 sys=0.00, real=0.05 secs] 
3848.519: [GC (Allocation Failure) [PSYoungGen: 321402K->182166K(465920K)] 888969K->777841K(1864192K), 0.0390785 secs] [Times: user=0.16 sys=0.00, real=0.04 secs] 
3848.688: [GC (Allocation Failure) [PSYoungGen: 415126K->184918K(465920K)] 1010801K->837857K(1864192K), 0.0490147 secs] [Times: user=0.23 sys=0.00, real=0.04 secs] 
3848.863: [GC (Allocation Failure) [PSYoungGen: 417878K->186677K(465920K)] 1070817K->895737K(1864192K), 0.0464655 secs] [Times: user=0.22 sys=0.00, real=0.05 secs] 
3849.889: [GC (Allocation Failure) [PSYoungGen: 419637K->106605K(465920K)] 1128697K->885932K(1864192K), 0.0459718 secs] [Times: user=0.23 sys=0.00, real=0.04 secs] 
3850.325: [GC (Allocation Failure) [PSYoungGen: 339565K->156818K(465920K)] 1118892K->971015K(1864192K), 0.0907173 secs] [Times: user=0.47 sys=0.00, real=0.09 secs] 
3850.554: [GC (Allocation Failure) [PSYoungGen: 389778K->184085K(465920K)] 1203975K->1047106K(1864192K), 0.0418367 secs] [Times: user=0.19 sys=0.00, real=0.04 secs] 
3850.728: [GC (Allocation Failure) [PSYoungGen: 417045K->185943K(465920K)] 1280066K->1121408K(1864192K), 0.0560187 secs] [Times: user=0.27 sys=0.00, real=0.05 secs] 
3850.913: [GC (Allocation Failure) [PSYoungGen: 418903K->183380K(465920K)] 1354368K->1177893K(1864192K), 0.0623891 secs] [Times: user=0.31 sys=0.00, real=0.06 secs] 
3852.691: [GC (Allocation Failure) [PSYoungGen: 416340K->88378K(465920K)] 1410853K->1151979K(1864192K), 0.1099669 secs] [Times: user=0.61 sys=0.00, real=0.11 secs] 
3853.087: [GC (Allocation Failure) [PSYoungGen: 321338K->177557K(465920K)] 1384939K->1270355K(1864192K), 0.0367025 secs] [Times: user=0.16 sys=0.00, real=0.04 secs] 
3853.242: [GC (Allocation Failure) [PSYoungGen: 410517K->183957K(465920K)] 1503315K->1331899K(1864192K), 0.0467707 secs] [Times: user=0.21 sys=0.00, real=0.05 secs] 
3853.868: [GC (Allocation Failure) [PSYoungGen: 416917K->183124K(465920K)] 1564859K->1386762K(1864192K), 0.1078348 secs] [Times: user=0.55 sys=0.00, real=0.10 secs] 
3855.509: [GC (Allocation Failure) [PSYoungGen: 416084K->119214K(465920K)] 1619722K->1391908K(1864192K), 0.0490799 secs] [Times: user=0.25 sys=0.00, real=0.05 secs] 
3856.011: [GC (Allocation Failure) [PSYoungGen: 352174K->146801K(465920K)] 1624868K->1457644K(1864192K), 0.1139728 secs] [Times: user=0.60 sys=0.01, real=0.11 secs] 
3856.125: [Full GC (Ergonomics) [PSYoungGen: 146801K->0K(465920K)] [ParOldGen: 1310842K->165189K(1398272K)] 1457644K->165189K(1864192K), [Metaspace: 60331K->60331K(1105920K)], 0.1879313 secs] [Times: user=0.86 sys=0.00, real=0.19 secs] 
3856.447: [GC (Allocation Failure) [PSYoungGen: 232960K->180917K(465920K)] 398149K->346107K(1864192K), 0.0347309 secs] [Times: user=0.13 sys=0.00, real=0.04 secs] 
3856.617: [GC (GCLocker Initiated GC) [PSYoungGen: 413877K->180854K(465920K)] 579072K->408873K(1864192K), 0.0585396 secs] [Times: user=0.28 sys=0.00, real=0.06 secs] 
3856.821: [GC (Allocation Failure) [PSYoungGen: 413814K->202549K(465920K)] 642127K->488517K(1864192K), 0.0582982 secs] [Times: user=0.25 sys=0.00, real=0.06 secs] 
3857.905: [GC (Allocation Failure) [PSYoungGen: 435509K->93851K(465920K)] 721477K->450035K(1864192K), 0.0419399 secs] [Times: user=0.21 sys=0.00, real=0.04 secs] 
3858.149: [GC (Allocation Failure) [PSYoungGen: 326811K->178549K(465920K)] 682995K->565273K(1864192K), 0.0325825 secs] [Times: user=0.13 sys=0.00, real=0.03 secs] 
3858.288: [GC (Allocation Failure) [PSYoungGen: 411509K->181589K(465920K)] 798233K->623897K(1864192K), 0.0429177 secs] [Times: user=0.20 sys=0.00, real=0.04 secs] 
3858.458: [GC (Allocation Failure) [PSYoungGen: 414549K->186389K(465920K)] 856857K->683809K(1864192K), 0.0631233 secs] [Times: user=0.31 sys=0.00, real=0.06 secs] 
3860.024: [GC (Allocation Failure) [PSYoungGen: 419349K->128400K(465920K)] 916769K->696267K(1864192K), 0.0483464 secs] [Times: user=0.24 sys=0.00, real=0.05 secs] 
3861.120: [GC (Allocation Failure) [PSYoungGen: 361360K->140096K(465920K)] 929227K->748492K(1864192K), 0.1154770 secs] [Times: user=0.63 sys=0.00, real=0.11 secs] 
3861.376: [GC (Allocation Failure) [PSYoungGen: 373056K->178453K(465920K)] 981452K->832234K(1864192K), 0.0395347 secs] [Times: user=0.17 sys=0.00, real=0.04 secs] 
3861.583: [GC (Allocation Failure) [PSYoungGen: 411413K->185399K(465920K)] 1065194K->901404K(1864192K), 0.0791560 secs] [Times: user=0.39 sys=0.00, real=0.08 secs] 
3861.807: [GC (Allocation Failure) [PSYoungGen: 418359K->183380K(465920K)] 1134364K->958265K(1864192K), 0.0577691 secs] [Times: user=0.29 sys=0.00, real=0.06 secs] 
3863.005: [GC (Allocation Failure) [PSYoungGen: 416340K->94043K(465920K)] 1191225K->938096K(1864192K), 0.0632940 secs] [Times: user=0.33 sys=0.00, real=0.07 secs] 
3863.458: [GC (Allocation Failure) [PSYoungGen: 327003K->176661K(465920K)] 1171056K->1050479K(1864192K), 0.0430777 secs] [Times: user=0.18 sys=0.00, real=0.04 secs] 
3863.620: [GC (Allocation Failure) [PSYoungGen: 409621K->184918K(465920K)] 1283439K->1114147K(1864192K), 0.0445224 secs] [Times: user=0.21 sys=0.00, real=0.04 secs] 
3863.789: [GC (Allocation Failure) [PSYoungGen: 417878K->187093K(465920K)] 1347107K->1172339K(1864192K), 0.0510313 secs] [Times: user=0.25 sys=0.00, real=0.05 secs] 
3864.819: [GC (Allocation Failure) [PSYoungGen: 420053K->132624K(465920K)] 1405299K->1188394K(1864192K), 0.0495414 secs] [Times: user=0.25 sys=0.00, real=0.05 secs] 
3865.264: [GC (Allocation Failure) [PSYoungGen: 365584K->134624K(465920K)] 1421354K->1232322K(1864192K), 0.1427100 secs] [Times: user=0.78 sys=0.01, real=0.14 secs] 
3865.585: [GC (Allocation Failure) [PSYoungGen: 367584K->175476K(465920K)] 1465282K->1315719K(1864192K), 0.0390402 secs] [Times: user=0.18 sys=0.00, real=0.04 secs] 
3865.773: [GC (Allocation Failure) [PSYoungGen: 408436K->185431K(465920K)] 1548679K->1387782K(1864192K), 0.0724105 secs] [Times: user=0.36 sys=0.00, real=0.07 secs] 
3865.962: [GC (Allocation Failure) [PSYoungGen: 418391K->186805K(465920K)] 1620742K->1447900K(1864192K), 0.0579828 secs] [Times: user=0.28 sys=0.00, real=0.06 secs] 
3867.735: [GC (Allocation Failure) [PSYoungGen: 419765K->87514K(465920K)] 1680860K->1419153K(1864192K), 0.1223561 secs] [Times: user=0.68 sys=0.00, real=0.12 secs] 
3867.857: [Full GC (Ergonomics) [PSYoungGen: 87514K->0K(465920K)] [ParOldGen: 1331638K->90441K(1398272K)] 1419153K->90441K(1864192K), [Metaspace: 60333K->60333K(1105920K)], 0.1053842 secs] [Times: user=0.41 sys=0.00, real=0.11 secs] 
3868.655: [GC (Allocation Failure) [PSYoungGen: 232960K->176373K(465920K)] 323401K->266814K(1864192K), 0.0331759 secs] [Times: user=0.12 sys=0.00, real=0.04 secs] 
3868.820: [GC (Allocation Failure) [PSYoungGen: 409333K->184630K(465920K)] 499774K->330207K(1864192K), 0.0415772 secs] [Times: user=0.18 sys=0.00, real=0.04 secs] 
3868.965: [GC (Allocation Failure) [PSYoungGen: 417590K->187477K(465920K)] 563167K->389070K(1864192K), 0.0448198 secs] [Times: user=0.21 sys=0.00, real=0.05 secs] 
3869.989: [GC (Allocation Failure) [PSYoungGen: 420437K->143921K(465920K)] 622030K->416227K(1864192K), 0.0494897 secs] [Times: user=0.24 sys=0.00, real=0.05 secs] 
3870.593: [GC (Allocation Failure) [PSYoungGen: 376881K->126431K(465920K)] 649187K->444248K(1864192K), 0.1313514 secs] [Times: user=0.73 sys=0.00, real=0.13 secs] 
3870.913: [GC (Allocation Failure) [PSYoungGen: 359391K->175252K(465920K)] 677208K->533127K(1864192K), 0.0371091 secs] [Times: user=0.16 sys=0.00, real=0.04 secs] 
3871.096: [GC (Allocation Failure) [PSYoungGen: 408212K->185079K(465920K)] 766087K->604373K(1864192K), 0.0675468 secs] [Times: user=0.33 sys=0.00, real=0.07 secs] 
3871.294: [GC (Allocation Failure) [PSYoungGen: 418039K->187029K(465920K)] 837333K->664987K(1864192K), 0.0579013 secs] [Times: user=0.28 sys=0.00, real=0.06 secs] 
3872.360: [GC (GCLocker Initiated GC) [PSYoungGen: 419989K->92155K(465920K)] 897948K->640710K(1864192K), 0.0580103 secs] [Times: user=0.31 sys=0.00, real=0.06 secs] 
3872.719: [GC (Allocation Failure) [PSYoungGen: 325115K->173525K(465920K)] 873672K->752298K(1864192K), 0.0447894 secs] [Times: user=0.19 sys=0.00, real=0.04 secs] 
3872.895: [GC (Allocation Failure) [PSYoungGen: 406485K->181493K(465920K)] 985258K->814571K(1864192K), 0.0432464 secs] [Times: user=0.20 sys=0.00, real=0.05 secs] 
3873.041: [GC (Allocation Failure) [PSYoungGen: 400543K->171221K(465920K)] 1033620K->867923K(1864192K), 0.0477280 secs] [Times: user=0.23 sys=0.00, real=0.05 secs] 
3874.109: [GC (Allocation Failure) [PSYoungGen: 404181K->191180K(465920K)] 1100883K->942278K(1864192K), 0.0479982 secs] [Times: user=0.23 sys=0.00, real=0.04 secs] 
3875.082: [GC (Allocation Failure) [PSYoungGen: 424140K->99211K(465920K)] 1175238K->915069K(1864192K), 0.0920741 secs] [Times: user=0.50 sys=0.00, real=0.09 secs] 
3875.529: [GC (Allocation Failure) [PSYoungGen: 332171K->182710K(465920K)] 1148029K->1031017K(1864192K), 0.0380871 secs] [Times: user=0.17 sys=0.00, real=0.03 secs] 
3875.676: [GC (Allocation Failure) [PSYoungGen: 415670K->183957K(465920K)] 1263977K->1088928K(1864192K), 0.0444377 secs] [Times: user=0.20 sys=0.00, real=0.05 secs] 
3875.857: [GC (Allocation Failure) [PSYoungGen: 416917K->186165K(465920K)] 1321888K->1146872K(1864192K), 0.0511417 secs] [Times: user=0.24 sys=0.00, real=0.06 secs] 
3877.652: [GC (Allocation Failure) [PSYoungGen: 419125K->97851K(465920K)] 1379832K->1128934K(1864192K), 0.0605734 secs] [Times: user=0.32 sys=0.00, real=0.06 secs] 
3878.357: [GC (Allocation Failure) [PSYoungGen: 330811K->166772K(465920K)] 1361894K->1229400K(1864192K), 0.0621195 secs] [Times: user=0.31 sys=0.00, real=0.07 secs] 
3878.569: [GC (Allocation Failure) [PSYoungGen: 399732K->181013K(465920K)] 1462360K->1295685K(1864192K), 0.0517673 secs] [Times: user=0.25 sys=0.00, real=0.05 secs] 
3878.740: [GC (Allocation Failure) [PSYoungGen: 413973K->185431K(465920K)] 1528645K->1362975K(1864192K), 0.0510683 secs] [Times: user=0.24 sys=0.00, real=0.05 secs] 
3879.068: [GC (Allocation Failure) [PSYoungGen: 416503K->216308K(465920K)] 1594047K->1452372K(1864192K), 0.0673972 secs] [Times: user=0.34 sys=0.00, real=0.06 secs] 
3880.172: [GC (Allocation Failure) [PSYoungGen: 449268K->87882K(465920K)] 1685332K->1393026K(1864192K), 0.0947338 secs] [Times: user=0.52 sys=0.00, real=0.09 secs] 
3880.630: [GC (Allocation Failure) [PSYoungGen: 320842K->179605K(465920K)] 1625986K->1513142K(1864192K), 0.0446869 secs] [Times: user=0.19 sys=0.00, real=0.04 secs] 
3880.675: [Full GC (Ergonomics) [PSYoungGen: 179605K->0K(465920K)] [ParOldGen: 1333536K->225595K(1398272K)] 1513142K->225595K(1864192K), [Metaspace: 60333K->60333K(1105920K)], 0.2521512 secs] [Times: user=1.14 sys=0.00, real=0.25 secs] 
3881.041: [GC (Allocation Failure) [PSYoungGen: 232960K->184181K(465920K)] 458555K->409777K(1864192K), 0.0265219 secs] [Times: user=0.10 sys=0.00, real=0.03 secs] 
3881.172: [GC (Allocation Failure) [PSYoungGen: 417141K->187029K(465920K)] 642737K->468553K(1864192K), 0.0461787 secs] [Times: user=0.22 sys=0.00, real=0.05 secs] 
3882.555: [GC (Allocation Failure) [PSYoungGen: 419989K->104492K(465920K)] 701513K->456604K(1864192K), 0.0594147 secs] [Times: user=0.31 sys=0.00, real=0.06 secs] 
3883.852: [GC (Allocation Failure) [PSYoungGen: 337452K->161939K(465920K)] 689564K->548323K(1864192K), 0.0807303 secs] [Times: user=0.41 sys=0.00, real=0.08 secs] 
3884.083: [GC (Allocation Failure) [PSYoungGen: 394899K->184117K(465920K)] 781283K->621021K(1864192K), 0.0410810 secs] [Times: user=0.18 sys=0.00, real=0.04 secs] 
3884.279: [GC (Allocation Failure) [PSYoungGen: 417077K->183382K(465920K)] 853981K->684430K(1864192K), 0.0784168 secs] [Times: user=0.39 sys=0.00, real=0.08 secs] 
3884.507: [GC (Allocation Failure) [PSYoungGen: 416342K->186517K(465920K)] 917390K->746021K(1864192K), 0.0544229 secs] [Times: user=0.26 sys=0.00, real=0.06 secs] 
3886.012: [GC (Allocation Failure) [PSYoungGen: 419477K->89210K(465920K)] 978981K->719018K(1864192K), 0.1089751 secs] [Times: user=0.60 sys=0.00, real=0.11 secs] 
3886.434: [GC (Allocation Failure) [PSYoungGen: 322170K->182390K(465920K)] 951978K->840491K(1864192K), 0.0353821 secs] [Times: user=0.15 sys=0.00, real=0.04 secs] 
3886.594: [GC (Allocation Failure) [PSYoungGen: 415350K->184886K(465920K)] 1073451K->899879K(1864192K), 0.0494637 secs] [Times: user=0.23 sys=0.00, real=0.05 secs] 
3886.763: [GC (Allocation Failure) [PSYoungGen: 417846K->186773K(465920K)] 1132839K->957686K(1864192K), 0.0463799 secs] [Times: user=0.22 sys=0.00, real=0.05 secs] 
3887.789: [GC (Allocation Failure) [PSYoungGen: 419733K->102460K(465920K)] 1190646K->943917K(1864192K), 0.0458736 secs] [Times: user=0.24 sys=0.00, real=0.04 secs] 
3888.193: [GC (Allocation Failure) [PSYoungGen: 335420K->161171K(465920K)] 1176877K->1036401K(1864192K), 0.0975583 secs] [Times: user=0.50 sys=0.00, real=0.10 secs] 
3888.448: [GC (Allocation Failure) [PSYoungGen: 394131K->183893K(465920K)] 1269361K->1109460K(1864192K), 0.0426096 secs] [Times: user=0.19 sys=0.00, real=0.04 secs] 
3888.600: [GC (Allocation Failure) [PSYoungGen: 416853K->186263K(465920K)] 1342420K->1176037K(1864192K), 0.0507739 secs] [Times: user=0.24 sys=0.00, real=0.05 secs] 
3888.776: [GC (Allocation Failure) [PSYoungGen: 419223K->186741K(465920K)] 1408997K->1235563K(1864192K), 0.0607983 secs] [Times: user=0.31 sys=0.00, real=0.06 secs] 
3890.375: [GC (Allocation Failure) [PSYoungGen: 419701K->83625K(465920K)] 1468523K->1202772K(1864192K), 0.1194565 secs] [Times: user=0.66 sys=0.01, real=0.12 secs] 
3891.003: [GC (Allocation Failure) [PSYoungGen: 316585K->182102K(465920K)] 1435732K->1328441K(1864192K), 0.0452188 secs] [Times: user=0.19 sys=0.00, real=0.05 secs] 
3891.167: [GC (Allocation Failure) [PSYoungGen: 415062K->184662K(465920K)] 1561401K->1387569K(1864192K), 0.0447395 secs] [Times: user=0.21 sys=0.00, real=0.04 secs] 
3892.767: [GC (Allocation Failure) [PSYoungGen: 417622K->175955K(465920K)] 1620529K->1434967K(1864192K), 0.1125373 secs] [Times: user=0.57 sys=0.01, real=0.12 secs] 
3894.285: [GC (Allocation Failure) [PSYoungGen: 408915K->116430K(465920K)] 1667927K->1442169K(1864192K), 0.0473250 secs] [Times: user=0.25 sys=0.00, real=0.05 secs] 
3894.332: [Full GC (Ergonomics) [PSYoungGen: 116430K->0K(465920K)] [ParOldGen: 1325739K->98199K(1398272K)] 1442169K->98199K(1864192K), [Metaspace: 60333K->60333K(1105920K)], 0.0333876 secs] [Times: user=0.10 sys=0.00, real=0.03 secs] 
3894.826: [GC (Allocation Failure) [PSYoungGen: 232960K->153650K(465920K)] 331159K->251849K(1864192K), 0.0374775 secs] [Times: user=0.14 sys=0.00, real=0.04 secs] 
3895.027: [GC (Allocation Failure) [PSYoungGen: 386610K->181781K(465920K)] 484809K->327780K(1864192K), 0.0400990 secs] [Times: user=0.17 sys=0.00, real=0.04 secs] 
3895.196: [GC (Allocation Failure) [PSYoungGen: 414741K->182326K(465920K)] 560740K->391898K(1864192K), 0.0732385 secs] [Times: user=0.36 sys=0.00, real=0.08 secs] 
3895.423: [GC (Allocation Failure) [PSYoungGen: 415286K->186037K(465920K)] 624858K->453376K(1864192K), 0.0703807 secs] [Times: user=0.36 sys=0.00, real=0.07 secs] 
3896.483: [GC (GCLocker Initiated GC) [PSYoungGen: 418997K->92555K(465920K)] 686336K->430158K(1864192K), 0.0438485 secs] [Times: user=0.22 sys=0.00, real=0.04 secs] 
3896.764: [GC (Allocation Failure) [PSYoungGen: 325515K->178101K(465920K)] 663121K->545393K(1864192K), 0.0414813 secs] [Times: user=0.17 sys=0.00, real=0.04 secs] 
3896.916: [GC (Allocation Failure) [PSYoungGen: 411061K->181461K(465920K)] 778353K->604769K(1864192K), 0.0433844 secs] [Times: user=0.19 sys=0.00, real=0.05 secs] 
3897.063: [GC (Allocation Failure) [PSYoungGen: 414421K->183860K(465920K)] 837729K->661848K(1864192K), 0.0453474 secs] [Times: user=0.21 sys=0.00, real=0.05 secs] 
3898.191: [GC (Allocation Failure) [PSYoungGen: 416820K->124143K(465920K)] 894808K->671435K(1864192K), 0.0474906 secs] [Times: user=0.24 sys=0.00, real=0.05 secs] 
3898.939: [GC (Allocation Failure) [PSYoungGen: 357103K->147121K(465920K)] 904395K->733781K(1864192K), 0.1064935 secs] [Times: user=0.58 sys=0.00, real=0.10 secs] 
3899.225: [GC (Allocation Failure) [PSYoungGen: 380081K->180661K(465920K)] 966741K->813325K(1864192K), 0.0487330 secs] [Times: user=0.22 sys=0.00, real=0.05 secs] 
3899.431: [GC (GCLocker Initiated GC) [PSYoungGen: 413621K->182678K(465920K)] 1046286K->878731K(1864192K), 0.0803496 secs] [Times: user=0.40 sys=0.00, real=0.08 secs] 
3899.687: [GC (Allocation Failure) [PSYoungGen: 415638K->183476K(465920K)] 1111986K->937856K(1864192K), 0.0770164 secs] [Times: user=0.40 sys=0.00, real=0.07 secs] 
3901.130: [GC (Allocation Failure) [PSYoungGen: 416436K->91435K(465920K)] 1170816K->915038K(1864192K), 0.1167022 secs] [Times: user=0.64 sys=0.00, real=0.11 secs] 
3901.704: [GC (Allocation Failure) [PSYoungGen: 324395K->177333K(465920K)] 1147998K->1030497K(1864192K), 0.0431409 secs] [Times: user=0.19 sys=0.01, real=0.05 secs] 
3901.909: [GC (Allocation Failure) [PSYoungGen: 410293K->183093K(465920K)] 1263457K->1091370K(1864192K), 0.0485316 secs] [Times: user=0.23 sys=0.01, real=0.04 secs] 
3902.084: [GC (Allocation Failure) [PSYoungGen: 416053K->186997K(465920K)] 1324330K->1151053K(1864192K), 0.0476095 secs] [Times: user=0.22 sys=0.00, real=0.05 secs] 
3903.092: [GC (Allocation Failure) [PSYoungGen: 419957K->130704K(465920K)] 1384013K->1165360K(1864192K), 0.0486369 secs] [Times: user=0.24 sys=0.01, real=0.05 secs] 
3903.513: [GC (Allocation Failure) [PSYoungGen: 363664K->135264K(465920K)] 1398320K->1211432K(1864192K), 0.1150523 secs] [Times: user=0.63 sys=0.00, real=0.12 secs] 
3903.772: [GC (Allocation Failure) [PSYoungGen: 368224K->178709K(465920K)] 1444392K->1298126K(1864192K), 0.0389899 secs] [Times: user=0.17 sys=0.00, real=0.04 secs] 
3903.919: [GC (Allocation Failure) [PSYoungGen: 411665K->185975K(465920K)] 1531083K->1367716K(1864192K), 0.0502255 secs] [Times: user=0.24 sys=0.00, real=0.05 secs] 
3904.091: [GC (Allocation Failure) [PSYoungGen: 418935K->183476K(465920K)] 1600676K->1424262K(1864192K), 0.0569344 secs] [Times: user=0.28 sys=0.01, real=0.06 secs] 
3905.366: [GC (Allocation Failure) [PSYoungGen: 416436K->90138K(465920K)] 1657222K->1400204K(1864192K), 0.0756042 secs] [Times: user=0.41 sys=0.00, real=0.08 secs] 
3906.204: [GC (Allocation Failure) [PSYoungGen: 323098K->174165K(465920K)] 1633164K->1513311K(1864192K), 0.0485437 secs] [Times: user=0.21 sys=0.00, real=0.05 secs] 
3906.253: [Full GC (Ergonomics) [PSYoungGen: 174165K->0K(465920K)] [ParOldGen: 1339146K->206385K(1398272K)] 1513311K->206385K(1864192K), [Metaspace: 60334K->60334K(1105920K)], 0.2304001 secs] [Times: user=1.07 sys=0.00, real=0.23 secs] 
3906.599: [GC (Allocation Failure) [PSYoungGen: 232960K->184630K(465920K)] 439345K->391015K(1864192K), 0.0276607 secs] [Times: user=0.10 sys=0.00, real=0.02 secs] 
3906.732: [GC (Allocation Failure) [PSYoungGen: 417590K->187189K(465920K)] 623975K->449702K(1864192K), 0.0441006 secs] [Times: user=0.20 sys=0.00, real=0.04 secs] 
3907.710: [GC (Allocation Failure) [PSYoungGen: 420149K->142897K(465920K)] 682662K->475835K(1864192K), 0.0493439 secs] [Times: user=0.24 sys=0.00, real=0.05 secs] 
3909.079: [GC (Allocation Failure) [PSYoungGen: 375857K->125215K(465920K)] 708795K->503344K(1864192K), 0.1297054 secs] [Times: user=0.72 sys=0.01, real=0.13 secs] 
3909.352: [GC (Allocation Failure) [PSYoungGen: 358175K->178293K(465920K)] 736304K->596891K(1864192K), 0.0376678 secs] [Times: user=0.17 sys=0.00, real=0.04 secs] 
3909.538: [GC (Allocation Failure) [PSYoungGen: 411253K->184887K(465920K)] 829851K->665753K(1864192K), 0.0731057 secs] [Times: user=0.36 sys=0.00, real=0.07 secs] 
3909.745: [GC (Allocation Failure) [PSYoungGen: 417847K->186741K(465920K)] 898713K->726303K(1864192K), 0.0572835 secs] [Times: user=0.28 sys=0.00, real=0.06 secs] 
3910.781: [GC (Allocation Failure) [PSYoungGen: 419701K->94843K(465920K)] 959263K->705037K(1864192K), 0.0435258 secs] [Times: user=0.22 sys=0.00, real=0.04 secs] 
3911.081: [GC (Allocation Failure) [PSYoungGen: 327803K->170388K(465920K)] 937997K->810734K(1864192K), 0.0518786 secs] [Times: user=0.23 sys=0.00, real=0.05 secs] 
3911.282: [GC (Allocation Failure) [PSYoungGen: 403348K->184150K(465920K)] 1043694K->878335K(1864192K), 0.0423496 secs] [Times: user=0.19 sys=0.00, real=0.04 secs] 
3911.430: [GC (Allocation Failure) [PSYoungGen: 417110K->187573K(465920K)] 1111295K->937583K(1864192K), 0.0453213 secs] [Times: user=0.21 sys=0.00, real=0.04 secs] 
3912.397: [GC (Allocation Failure) [PSYoungGen: 420533K->150546K(465920K)] 1170543K->971164K(1864192K), 0.0509297 secs] [Times: user=0.25 sys=0.00, real=0.06 secs] 
3912.875: [GC (Allocation Failure) [PSYoungGen: 383506K->122702K(465920K)] 1204124K->991044K(1864192K), 0.1101617 secs] [Times: user=0.61 sys=0.00, real=0.11 secs] 
3913.098: [GC (Allocation Failure) [PSYoungGen: 355662K->175572K(465920K)] 1224004K->1083618K(1864192K), 0.0371730 secs] [Times: user=0.16 sys=0.00, real=0.03 secs] 
3913.246: [GC (Allocation Failure) [PSYoungGen: 408532K->184855K(465920K)] 1316578K->1154557K(1864192K), 0.0497031 secs] [Times: user=0.23 sys=0.00, real=0.05 secs] 
3913.426: [GC (Allocation Failure) [PSYoungGen: 417723K->186517K(465920K)] 1387426K->1215091K(1864192K), 0.0739585 secs] [Times: user=0.38 sys=0.01, real=0.08 secs] 
3914.616: [GC (Allocation Failure) [PSYoungGen: 419477K->93723K(465920K)] 1448051K->1192793K(1864192K), 0.0642390 secs] [Times: user=0.35 sys=0.00, real=0.07 secs] 
3915.719: [GC (Allocation Failure) [PSYoungGen: 326683K->170260K(465920K)] 1425753K->1300107K(1864192K), 0.0521866 secs] [Times: user=0.24 sys=0.00, real=0.05 secs] 
3915.963: [GC (Allocation Failure) [PSYoungGen: 403220K->184438K(465920K)] 1533067K->1367785K(1864192K), 0.0615455 secs] [Times: user=0.29 sys=0.00, real=0.06 secs] 
3916.178: [GC (Allocation Failure) [PSYoungGen: 409587K->175734K(465920K)] 1592934K->1423193K(1864192K), 0.0560691 secs] [Times: user=0.27 sys=0.00, real=0.05 secs] 
3917.137: [GC (Allocation Failure) [PSYoungGen: 408694K->167762K(400896K)] 1656153K->1470934K(1799168K), 0.0551866 secs] [Times: user=0.28 sys=0.00, real=0.06 secs] 
3917.700: [GC (Allocation Failure) [PSYoungGen: 400722K->106508K(463872K)] 1703894K->1473992K(1862144K), 0.0512924 secs] [Times: user=0.27 sys=0.00, real=0.05 secs] 
3917.751: [Full GC (Ergonomics) [PSYoungGen: 106508K->0K(463872K)] [ParOldGen: 1367483K->124242K(1398272K)] 1473992K->124242K(1862144K), [Metaspace: 60334K->60334K(1105920K)], 0.1101826 secs] [Times: user=0.46 sys=0.00, real=0.11 secs] 
3917.983: [GC (Allocation Failure) [PSYoungGen: 223861K->175381K(464896K)] 348103K->299623K(1863168K), 0.0242571 secs] [Times: user=0.08 sys=0.00, real=0.03 secs] 
3918.113: [GC (Allocation Failure) [PSYoungGen: 407317K->184054K(465920K)] 531559K->362648K(1864192K), 0.0413638 secs] [Times: user=0.18 sys=0.00, real=0.04 secs] 
3918.257: [GC (Allocation Failure) [PSYoungGen: 417014K->180852K(465920K)] 595608K->415150K(1864192K), 0.0446588 secs] [Times: user=0.21 sys=0.00, real=0.05 secs] 
3919.405: [GC (Allocation Failure) [PSYoungGen: 413812K->99516K(465920K)] 648110K->402190K(1864192K), 0.0437662 secs] [Times: user=0.22 sys=0.00, real=0.05 secs] 
3919.750: [GC (Allocation Failure) [PSYoungGen: 332476K->170484K(465920K)] 635150K->505387K(1864192K), 0.0744456 secs] [Times: user=0.37 sys=0.00, real=0.07 secs] 
3919.993: [GC (Allocation Failure) [PSYoungGen: 403444K->181557K(465920K)] 738347K->569792K(1864192K), 0.0421802 secs] [Times: user=0.18 sys=0.00, real=0.04 secs] 
3920.146: [GC (Allocation Failure) [PSYoungGen: 414517K->185687K(465920K)] 802752K->637466K(1864192K), 0.0492676 secs] [Times: user=0.23 sys=0.00, real=0.05 secs] 
3920.476: [GC (Allocation Failure) [PSYoungGen: 418529K->214964K(465920K)] 870309K->725783K(1864192K), 0.0543020 secs] [Times: user=0.27 sys=0.00, real=0.06 secs] 
3921.729: [GC (Allocation Failure) [PSYoungGen: 447924K->92315K(465920K)] 958743K->671686K(1864192K), 0.1097718 secs] [Times: user=0.61 sys=0.00, real=0.11 secs] 
3922.078: [GC (Allocation Failure) [PSYoungGen: 325275K->187286K(465920K)] 904646K->796474K(1864192K), 0.0354125 secs] [Times: user=0.15 sys=0.00, real=0.03 secs] 
3922.371: [GC (Allocation Failure) [PSYoungGen: 420246K->181909K(465920K)] 1029434K->847929K(1864192K), 0.0447367 secs] [Times: user=0.20 sys=0.00, real=0.04 secs] 
3922.702: [GC (Allocation Failure) [PSYoungGen: 414869K->185941K(465920K)] 1080889K->907008K(1864192K), 0.0483841 secs] [Times: user=0.23 sys=0.00, real=0.05 secs] 
3924.085: [GC (Allocation Failure) [PSYoungGen: 418901K->96939K(465920K)] 1139968K->888023K(1864192K), 0.0445869 secs] [Times: user=0.23 sys=0.00, real=0.05 secs] 
3924.829: [GC (Allocation Failure) [PSYoungGen: 329899K->166836K(465920K)] 1120983K->989648K(1864192K), 0.0626424 secs] [Times: user=0.30 sys=0.00, real=0.06 secs] 
3925.021: [GC (GCLocker Initiated GC) [PSYoungGen: 399796K->182069K(465920K)] 1222608K->1056690K(1864192K), 0.0423242 secs] [Times: user=0.19 sys=0.00, real=0.04 secs] 
3925.172: [GC (Allocation Failure) [PSYoungGen: 415029K->185847K(465920K)] 1289653K->1124006K(1864192K), 0.0496672 secs] [Times: user=0.24 sys=0.00, real=0.05 secs] 
3925.324: [GC (Allocation Failure) [PSYoungGen: 418807K->183764K(465920K)] 1356966K->1180996K(1864192K), 0.0545262 secs] [Times: user=0.27 sys=0.00, real=0.06 secs] 
3926.402: [GC (Allocation Failure) [PSYoungGen: 416724K->89786K(465920K)] 1413956K->1156458K(1864192K), 0.0411372 secs] [Times: user=0.21 sys=0.00, real=0.04 secs] 
3926.629: [GC (Allocation Failure) [PSYoungGen: 322746K->181654K(465920K)] 1389418K->1276826K(1864192K), 0.0348580 secs] [Times: user=0.15 sys=0.00, real=0.03 secs] 
3926.771: [GC (Allocation Failure) [PSYoungGen: 414614K->184854K(465920K)] 1509786K->1336874K(1864192K), 0.0453015 secs] [Times: user=0.20 sys=0.00, real=0.04 secs] 
3926.920: [GC (Allocation Failure) [PSYoungGen: 417814K->183028K(465920K)] 1569834K->1391105K(1864192K), 0.0468215 secs] [Times: user=0.22 sys=0.00, real=0.04 secs] 
3927.972: [GC (Allocation Failure) [PSYoungGen: 415988K->103660K(465920K)] 1624065K->1380833K(1864192K), 0.0459285 secs] [Times: user=0.24 sys=0.00, real=0.05 secs] 
3928.499: [GC (Allocation Failure) [PSYoungGen: 336620K->158451K(465920K)] 1613793K->1469784K(1864192K), 0.0629198 secs] [Times: user=0.30 sys=0.00, real=0.06 secs] 
3928.562: [Full GC (Ergonomics) [PSYoungGen: 158451K->0K(465920K)] [ParOldGen: 1311333K->178687K(1398272K)] 1469784K->178687K(1864192K), [Metaspace: 60334K->60334K(1105920K)], 0.1482905 secs] [Times: user=0.54 sys=0.00, real=0.15 secs] 
3928.825: [GC (Allocation Failure) [PSYoungGen: 232960K->189685K(465920K)] 411647K->368372K(1864192K), 0.0337378 secs] [Times: user=0.14 sys=0.00, real=0.04 secs] 
3929.008: [GC (Allocation Failure) [PSYoungGen: 422645K->185111K(465920K)] 601332K->427414K(1864192K), 0.0651744 secs] [Times: user=0.31 sys=0.00, real=0.06 secs] 
3929.250: [GC (Allocation Failure) [PSYoungGen: 418071K->185909K(465920K)] 660374K->486980K(1864192K), 0.0756781 secs] [Times: user=0.38 sys=0.00, real=0.07 secs] 
3930.966: [GC (Allocation Failure) [PSYoungGen: 418869K->89594K(465920K)] 719940K->460921K(1864192K), 0.1214313 secs] [Times: user=0.67 sys=0.00, real=0.13 secs] 
3931.673: [GC (Allocation Failure) [PSYoungGen: 322554K->174933K(465920K)] 693881K->575401K(1864192K), 0.0440706 secs] [Times: user=0.20 sys=0.00, real=0.04 secs] 
3931.839: [GC (Allocation Failure) [PSYoungGen: 407893K->184214K(465920K)] 808361K->638926K(1864192K), 0.0424580 secs] [Times: user=0.19 sys=0.01, real=0.04 secs] 
3932.007: [GC (Allocation Failure) [PSYoungGen: 417174K->187029K(465920K)] 871886K->697509K(1864192K), 0.0491118 secs] [Times: user=0.24 sys=0.00, real=0.05 secs] 
3933.050: [GC (Allocation Failure) [PSYoungGen: 419989K->115982K(465920K)] 930469K->697022K(1864192K), 0.0461597 secs] [Times: user=0.23 sys=0.00, real=0.04 secs] 
3933.353: [GC (Allocation Failure) [PSYoungGen: 348942K->155282K(465920K)] 929982K->773249K(1864192K), 0.0810744 secs] [Times: user=0.42 sys=0.00, real=0.08 secs] 
3933.608: [GC (Allocation Failure) [PSYoungGen: 388242K->184566K(465920K)] 1006209K->851529K(1864192K), 0.0503002 secs] [Times: user=0.24 sys=0.00, real=0.05 secs] 
3933.791: [GC (Allocation Failure) [PSYoungGen: 417526K->182134K(465920K)] 1084489K->913202K(1864192K), 0.0724106 secs] [Times: user=0.35 sys=0.00, real=0.07 secs] 
3934.013: [GC (Allocation Failure) [PSYoungGen: 415094K->183028K(465920K)] 1146162K->971656K(1864192K), 0.0792393 secs] [Times: user=0.39 sys=0.01, real=0.08 secs] 
3935.121: [GC (Allocation Failure) [PSYoungGen: 415988K->93579K(465920K)] 1204616K->951434K(1864192K), 0.0555218 secs] [Times: user=0.29 sys=0.01, real=0.05 secs] 
3935.473: [GC (GCLocker Initiated GC) [PSYoungGen: 326539K->174517K(465920K)] 1184395K->1062402K(1864192K), 0.0469895 secs] [Times: user=0.21 sys=0.00, real=0.05 secs] 
3935.649: [GC (Allocation Failure) [PSYoungGen: 407477K->184406K(465920K)] 1295369K->1127010K(1864192K), 0.0438012 secs] [Times: user=0.20 sys=0.00, real=0.04 secs] 
3935.859: [GC (Allocation Failure) [PSYoungGen: 417366K->186741K(465920K)] 1359970K->1185385K(1864192K), 0.0693440 secs] [Times: user=0.34 sys=0.00, real=0.07 secs] 
3937.206: [GC (Allocation Failure) [PSYoungGen: 419701K->118286K(465920K)] 1418345K->1187283K(1864192K), 0.0477674 secs] [Times: user=0.24 sys=0.01, real=0.05 secs] 
3937.979: [GC (Allocation Failure) [PSYoungGen: 351246K->149105K(465920K)] 1420243K->1255590K(1864192K), 0.1040905 secs] [Times: user=0.55 sys=0.00, real=0.10 secs] 
3938.260: [GC (Allocation Failure) [PSYoungGen: 382065K->181013K(465920K)] 1488550K->1334394K(1864192K), 0.0511361 secs] [Times: user=0.24 sys=0.00, real=0.05 secs] 
3938.420: [GC (Allocation Failure) [PSYoungGen: 413973K->185591K(465920K)] 1567354K->1402252K(1864192K), 0.0512587 secs] [Times: user=0.24 sys=0.01, real=0.05 secs] 
3938.600: [GC (Allocation Failure) [PSYoungGen: 418551K->186101K(465920K)] 1635212K->1461762K(1864192K), 0.0581457 secs] [Times: user=0.29 sys=0.00, real=0.06 secs] 
3939.960: [GC (Allocation Failure) [PSYoungGen: 419061K->90058K(465920K)] 1694722K->1436024K(1864192K), 0.1051277 secs] [Times: user=0.58 sys=0.00, real=0.10 secs] 
3940.065: [Full GC (Ergonomics) [PSYoungGen: 90058K->0K(465920K)] [ParOldGen: 1345965K->99687K(1398272K)] 1436024K->99687K(1864192K), [Metaspace: 60334K->60334K(1105920K)], 0.1245638 secs] [Times: user=0.50 sys=0.00, real=0.13 secs] 
3940.552: [GC (GCLocker Initiated GC) [PSYoungGen: 232960K->174197K(465920K)] 332648K->273885K(1864192K), 0.0305029 secs] [Times: user=0.11 sys=0.00, real=0.03 secs] 
3940.707: [GC (Allocation Failure) [PSYoungGen: 407157K->184630K(465920K)] 507012K->339025K(1864192K), 0.0421096 secs] [Times: user=0.19 sys=0.00, real=0.05 secs] 
3940.856: [GC (Allocation Failure) [PSYoungGen: 417590K->186773K(465920K)] 571985K->397200K(1864192K), 0.0453700 secs] [Times: user=0.20 sys=0.00, real=0.05 secs] 
3941.907: [GC (Allocation Failure) [PSYoungGen: 419733K->126159K(465920K)] 630160K->406731K(1864192K), 0.0472092 secs] [Times: user=0.24 sys=0.00, real=0.05 secs] 
3942.286: [GC (Allocation Failure) [PSYoungGen: 357071K->141345K(465920K)] 637642K->461916K(1864192K), 0.1254808 secs] [Times: user=0.69 sys=0.00, real=0.13 secs] 
3942.558: [GC (Allocation Failure) [PSYoungGen: 374305K->173588K(465920K)] 694876K->539412K(1864192K), 0.0376716 secs] [Times: user=0.17 sys=0.00, real=0.03 secs] 
3942.706: [GC (Allocation Failure) [PSYoungGen: 406548K->185207K(465920K)] 772372K->611615K(1864192K), 0.0477729 secs] [Times: user=0.22 sys=0.00, real=0.05 secs] 
3943.214: [GC (Allocation Failure) [PSYoungGen: 418167K->186581K(465920K)] 844575K->671629K(1864192K), 0.0569763 secs] [Times: user=0.28 sys=0.00, real=0.06 secs] 
3945.297: [GC (Allocation Failure) [PSYoungGen: 419541K->86810K(465920K)] 904589K->642386K(1864192K), 0.1202583 secs] [Times: user=0.67 sys=0.01, real=0.12 secs] 
3946.196: [GC (Allocation Failure) [PSYoungGen: 319770K->176821K(465920K)] 875346K->760050K(1864192K), 0.0417358 secs] [Times: user=0.18 sys=0.00, real=0.05 secs] 
3946.358: [GC (Allocation Failure) [PSYoungGen: 409781K->184662K(465920K)] 993010K->823043K(1864192K), 0.0435173 secs] [Times: user=0.20 sys=0.00, real=0.04 secs] 
3946.505: [GC (Allocation Failure) [PSYoungGen: 417622K->186517K(465920K)] 1056003K->881042K(1864192K), 0.0457759 secs] [Times: user=0.21 sys=0.00, real=0.05 secs] 
3947.516: [GC (Allocation Failure) [PSYoungGen: 419477K->139985K(465920K)] 1114002K->904678K(1864192K), 0.0499683 secs] [Times: user=0.25 sys=0.00, real=0.05 secs] 
3948.027: [GC (Allocation Failure) [PSYoungGen: 372945K->126495K(465920K)] 1137638K->935428K(1864192K), 0.1341301 secs] [Times: user=0.74 sys=0.00, real=0.14 secs] 
3948.321: [GC (Allocation Failure) [PSYoungGen: 359455K->178293K(465920K)] 1168388K->1027611K(1864192K), 0.0377528 secs] [Times: user=0.16 sys=0.00, real=0.04 secs] 
3948.471: [GC (Allocation Failure) [PSYoungGen: 411253K->185559K(465920K)] 1260571K->1097189K(1864192K), 0.0507896 secs] [Times: user=0.24 sys=0.00, real=0.05 secs] 
3948.624: [GC (Allocation Failure) [PSYoungGen: 418519K->186645K(465920K)] 1330149K->1157275K(1864192K), 0.0596001 secs] [Times: user=0.30 sys=0.00, real=0.06 secs] 
3949.716: [GC (Allocation Failure) [PSYoungGen: 419605K->90010K(465920K)] 1390235K->1131169K(1864192K), 0.0467287 secs] [Times: user=0.25 sys=0.00, real=0.05 secs] 
3950.153: [GC (Allocation Failure) [PSYoungGen: 322970K->174933K(465920K)] 1364129K->1245464K(1864192K), 0.0526456 secs] [Times: user=0.23 sys=0.00, real=0.05 secs] 
3950.347: [GC (Allocation Failure) [PSYoungGen: 407893K->181301K(465920K)] 1478424K->1306500K(1864192K), 0.0438783 secs] [Times: user=0.20 sys=0.00, real=0.04 secs] 
3950.569: [GC (Allocation Failure) [PSYoungGen: 414261K->187221K(465920K)] 1539460K->1367420K(1864192K), 0.0641147 secs] [Times: user=0.32 sys=0.00, real=0.06 secs] 
3951.582: [GC (Allocation Failure) [PSYoungGen: 420181K->151634K(465920K)] 1600380K->1402274K(1864192K), 0.0521344 secs] [Times: user=0.26 sys=0.00, real=0.05 secs] 
3953.027: [GC (Allocation Failure) [PSYoungGen: 384594K->116749K(465920K)] 1635234K->1415461K(1864192K), 0.1667294 secs] [Times: user=0.94 sys=0.00, real=0.17 secs] 
3953.369: [GC (Allocation Failure) [PSYoungGen: 349709K->177653K(465920K)] 1648421K->1513912K(1864192K), 0.0371314 secs] [Times: user=0.16 sys=0.01, real=0.03 secs] 
3953.406: [Full GC (Ergonomics) [PSYoungGen: 177653K->0K(465920K)] [ParOldGen: 1336259K->232280K(1398272K)] 1513912K->232280K(1864192K), [Metaspace: 60334K->60334K(1105920K)], 0.2777148 secs] [Times: user=1.25 sys=0.00, real=0.28 secs] 
3953.798: [GC (Allocation Failure) [PSYoungGen: 232960K->184983K(465920K)] 465240K->417263K(1864192K), 0.0778971 secs] [Times: user=0.40 sys=0.00, real=0.07 secs] 
3953.979: [GC (Allocation Failure) [PSYoungGen: 417943K->184148K(465920K)] 650223K->475269K(1864192K), 0.0569777 secs] [Times: user=0.28 sys=0.00, real=0.05 secs] 
3955.115: [GC (GCLocker Initiated GC) [PSYoungGen: 417108K->100444K(465920K)] 708229K->461196K(1864192K), 0.0595657 secs] [Times: user=0.31 sys=0.00, real=0.06 secs] 
3955.852: [GC (Allocation Failure) [PSYoungGen: 333404K->166868K(465920K)] 694323K->559840K(1864192K), 0.0514444 secs] [Times: user=0.23 sys=0.00, real=0.05 secs] 
3956.088: [GC (Allocation Failure) [PSYoungGen: 399828K->180981K(465920K)] 792800K->626081K(1864192K), 0.0611446 secs] [Times: user=0.29 sys=0.00, real=0.06 secs] 
3956.327: [GC (Allocation Failure) [PSYoungGen: 411662K->181334K(465920K)] 856762K->689298K(1864192K), 0.0688892 secs] [Times: user=0.33 sys=0.00, real=0.07 secs] 
3957.272: [GC (Allocation Failure) [PSYoungGen: 414294K->168883K(464896K)] 922258K->734351K(1863168K), 0.0534763 secs] [Times: user=0.26 sys=0.00, real=0.05 secs] 
3957.639: [GC (GCLocker Initiated GC) [PSYoungGen: 401843K->106508K(465408K)] 967312K->736770K(1863680K), 0.0540365 secs] [Times: user=0.28 sys=0.00, real=0.05 secs] 
3957.935: [GC (Allocation Failure) [PSYoungGen: 339468K->173941K(465920K)] 978089K->846911K(1864192K), 0.1577837 secs] [Times: user=0.88 sys=0.00, real=0.16 secs] 
3958.262: [GC (Allocation Failure) [PSYoungGen: 406901K->181398K(465920K)] 1079871K->909936K(1864192K), 0.1644932 secs] [Times: user=0.92 sys=0.00, real=0.16 secs] 
3958.534: [GC (Allocation Failure) [PSYoungGen: 414358K->186709K(465920K)] 1142896K->973094K(1864192K), 0.0589367 secs] [Times: user=0.29 sys=0.00, real=0.06 secs] 
3959.681: [GC (Allocation Failure) [PSYoungGen: 419669K->101372K(465920K)] 1206054K->958214K(1864192K), 0.0556545 secs] [Times: user=0.29 sys=0.00, real=0.05 secs] 
3960.773: [GC (Allocation Failure) [PSYoungGen: 334332K->166708K(465920K)] 1191174K->1055986K(1864192K), 0.0615891 secs] [Times: user=0.30 sys=0.00, real=0.06 secs] 
3960.973: [GC (Allocation Failure) [PSYoungGen: 399668K->184406K(465920K)] 1288946K->1126072K(1864192K), 0.0428470 secs] [Times: user=0.20 sys=0.00, real=0.04 secs] 
3961.126: [GC (Allocation Failure) [PSYoungGen: 417366K->184727K(465920K)] 1359032K->1190585K(1864192K), 0.0502398 secs] [Times: user=0.23 sys=0.00, real=0.05 secs] 
3962.079: [GC (Allocation Failure) [PSYoungGen: 417687K->168723K(401920K)] 1423545K->1233265K(1800192K), 0.0546727 secs] [Times: user=0.27 sys=0.00, real=0.05 secs] 
3962.698: [GC (Allocation Failure) [PSYoungGen: 401683K->108125K(463872K)] 1466225K->1237371K(1862144K), 0.0519171 secs] [Times: user=0.27 sys=0.00, real=0.05 secs] 
3962.896: [GC (Allocation Failure) [PSYoungGen: 332167K->175125K(464896K)] 1461414K->1338632K(1863168K), 0.0501951 secs] [Times: user=0.23 sys=0.00, real=0.05 secs] 
3963.083: [GC (Allocation Failure) [PSYoungGen: 407061K->183541K(465920K)] 1570568K->1401477K(1864192K), 0.0442115 secs] [Times: user=0.20 sys=0.00, real=0.05 secs] 
3963.254: [GC (Allocation Failure) [PSYoungGen: 416501K->183796K(465920K)] 1634437K->1457524K(1864192K), 0.0525078 secs] [Times: user=0.25 sys=0.00, real=0.05 secs] 
3964.296: [GC (Allocation Failure) [PSYoungGen: 416756K->96011K(465920K)] 1690484K->1438843K(1864192K), 0.0465676 secs] [Times: user=0.24 sys=0.01, real=0.05 secs] 
3964.342: [Full GC (Ergonomics) [PSYoungGen: 96011K->0K(465920K)] [ParOldGen: 1342831K->87587K(1398272K)] 1438843K->87587K(1864192K), [Metaspace: 60336K->60336K(1105920K)], 0.0381577 secs] [Times: user=0.12 sys=0.00, real=0.04 secs] 
3964.763: [GC (Allocation Failure) [PSYoungGen: 232960K->170388K(465920K)] 320547K->257976K(1864192K), 0.0402545 secs] [Times: user=0.15 sys=0.00, real=0.04 secs] 
3964.965: [GC (Allocation Failure) [PSYoungGen: 403348K->184694K(465920K)] 490936K->325861K(1864192K), 0.0417028 secs] [Times: user=0.19 sys=0.00, real=0.04 secs] 
3965.114: [GC (Allocation Failure) [PSYoungGen: 417654K->186327K(465920K)] 558821K->391615K(1864192K), 0.0486745 secs] [Times: user=0.22 sys=0.00, real=0.05 secs] 
3965.547: [GC (Allocation Failure) [PSYoungGen: 416426K->211700K(465920K)] 621714K->476132K(1864192K), 0.0531361 secs] [Times: user=0.27 sys=0.00, real=0.06 secs] 
3966.518: [GC (Allocation Failure) [PSYoungGen: 444660K->90522K(465920K)] 709092K->422306K(1864192K), 0.0530445 secs] [Times: user=0.27 sys=0.00, real=0.05 secs] 
3966.756: [GC (Allocation Failure) [PSYoungGen: 323482K->183030K(465920K)] 655266K->543830K(1864192K), 0.0334208 secs] [Times: user=0.14 sys=0.00, real=0.04 secs] 
3967.015: [GC (Allocation Failure) [PSYoungGen: 415990K->184310K(465920K)] 776790K->601886K(1864192K), 0.0450207 secs] [Times: user=0.20 sys=0.00, real=0.05 secs] 
3967.345: [GC (Allocation Failure) [PSYoungGen: 417188K->182868K(465920K)] 834764K->656212K(1864192K), 0.0841405 secs] [Times: user=0.42 sys=0.00, real=0.09 secs] 
3968.547: [GC (Allocation Failure) [PSYoungGen: 415828K->103324K(465920K)] 889172K->645788K(1864192K), 0.0606956 secs] [Times: user=0.32 sys=0.00, real=0.07 secs] 
3969.738: [GC (GCLocker Initiated GC) [PSYoungGen: 336284K->157811K(465920K)] 878749K->733976K(1864192K), 0.0736791 secs] [Times: user=0.32 sys=0.00, real=0.07 secs] 
3969.994: [GC (Allocation Failure) [PSYoungGen: 390771K->184534K(465920K)] 966939K->810290K(1864192K), 0.0548353 secs] [Times: user=0.26 sys=0.00, real=0.06 secs] 
3970.161: [GC (GCLocker Initiated GC) [PSYoungGen: 417494K->185655K(465920K)] 1043250K->875659K(1864192K), 0.0499345 secs] [Times: user=0.23 sys=0.00, real=0.05 secs] 
3970.481: [GC (GCLocker Initiated GC) [PSYoungGen: 418615K->185781K(465920K)] 1108622K->934748K(1864192K), 0.0711571 secs] [Times: user=0.37 sys=0.00, real=0.07 secs] 
3971.646: [GC (GCLocker Initiated GC) [PSYoungGen: 418741K->89434K(465920K)] 1167712K->908566K(1864192K), 0.0472830 secs] [Times: user=0.25 sys=0.00, real=0.05 secs] 
3971.862: [GC (Allocation Failure) [PSYoungGen: 322394K->182614K(465920K)] 1141528K->1030317K(1864192K), 0.0390005 secs] [Times: user=0.17 sys=0.00, real=0.04 secs] 
3972.006: [GC (Allocation Failure) [PSYoungGen: 415574K->184854K(465920K)] 1263277K->1089633K(1864192K), 0.0435332 secs] [Times: user=0.20 sys=0.00, real=0.05 secs] 
3972.152: [GC (Allocation Failure) [PSYoungGen: 417814K->186581K(465920K)] 1322593K->1147312K(1864192K), 0.0455466 secs] [Times: user=0.21 sys=0.00, real=0.05 secs] 
3973.236: [GC (Allocation Failure) [PSYoungGen: 419541K->101036K(465920K)] 1380272K->1131943K(1864192K), 0.0446310 secs] [Times: user=0.23 sys=0.00, real=0.05 secs] 
3973.651: [GC (Allocation Failure) [PSYoungGen: 333996K->162643K(465920K)] 1364903K->1226763K(1864192K), 0.0747983 secs] [Times: user=0.37 sys=0.00, real=0.07 secs] 
3973.917: [GC (Allocation Failure) [PSYoungGen: 395603K->184213K(465920K)] 1459723K->1298906K(1864192K), 0.0442420 secs] [Times: user=0.20 sys=0.00, real=0.05 secs] 
3974.100: [GC (Allocation Failure) [PSYoungGen: 417173K->185623K(465920K)] 1531866K->1364707K(1864192K), 0.0628130 secs] [Times: user=0.31 sys=0.00, real=0.06 secs] 
3974.276: [GC (Allocation Failure) [PSYoungGen: 418583K->183572K(465920K)] 1597667K->1421617K(1864192K), 0.0558580 secs] [Times: user=0.28 sys=0.00, real=0.06 secs] 
3976.166: [GC (Allocation Failure) [PSYoungGen: 416532K->85914K(465920K)] 1654577K->1393274K(1864192K), 0.1035836 secs] [Times: user=0.57 sys=0.00, real=0.11 secs] 
3976.581: [GC (Allocation Failure) [PSYoungGen: 318874K->182134K(465920K)] 1626234K->1517547K(1864192K), 0.0457188 secs] [Times: user=0.20 sys=0.01, real=0.04 secs] 
3976.627: [Full GC (Ergonomics) [PSYoungGen: 182134K->0K(465920K)] [ParOldGen: 1335413K->223602K(1398272K)] 1517547K->223602K(1864192K), [Metaspace: 60336K->60336K(1105920K)], 0.2524710 secs] [Times: user=1.15 sys=0.00, real=0.26 secs] 
3976.984: [GC (Allocation Failure) [PSYoungGen: 232960K->181525K(465920K)] 456562K->405128K(1864192K), 0.0262952 secs] [Times: user=0.09 sys=0.01, real=0.03 secs] 
3977.321: [GC (Allocation Failure) [PSYoungGen: 414485K->185237K(465920K)] 638088K->464375K(1864192K), 0.0660991 secs] [Times: user=0.32 sys=0.01, real=0.07 secs] 
3978.811: [GC (Allocation Failure) [PSYoungGen: 418197K->112989K(465920K)] 697335K->462168K(1864192K), 0.0454936 secs] [Times: user=0.23 sys=0.00, real=0.04 secs] 
3979.199: [GC (Allocation Failure) [PSYoungGen: 345949K->152786K(465920K)] 695128K->537913K(1864192K), 0.1054989 secs] [Times: user=0.56 sys=0.00, real=0.10 secs] 
3979.458: [GC (Allocation Failure) [PSYoungGen: 385746K->184374K(465920K)] 770873K->617645K(1864192K), 0.0401235 secs] [Times: user=0.17 sys=0.00, real=0.04 secs] 
3979.624: [GC (Allocation Failure) [PSYoungGen: 417334K->186071K(465920K)] 850605K->683511K(1864192K), 0.0545747 secs] [Times: user=0.26 sys=0.00, real=0.06 secs] 
3979.803: [GC (Allocation Failure) [PSYoungGen: 419031K->183380K(465920K)] 916471K->739932K(1864192K), 0.0606684 secs] [Times: user=0.30 sys=0.00, real=0.06 secs] 
3980.911: [GC (Allocation Failure) [PSYoungGen: 416340K->89210K(465920K)] 972892K->715062K(1864192K), 0.0548912 secs] [Times: user=0.29 sys=0.00, real=0.05 secs] 
3981.375: [GC (Allocation Failure) [PSYoungGen: 322170K->178005K(465920K)] 948022K->832182K(1864192K), 0.0457578 secs] [Times: user=0.20 sys=0.00, real=0.05 secs] 
3981.581: [GC (Allocation Failure) [PSYoungGen: 410965K->185046K(465920K)] 1065142K->894970K(1864192K), 0.0611353 secs] [Times: user=0.29 sys=0.00, real=0.06 secs] 
3981.794: [GC (Allocation Failure) [PSYoungGen: 418006K->183668K(465920K)] 1127930K->949753K(1864192K), 0.0663919 secs] [Times: user=0.32 sys=0.00, real=0.07 secs] 
3982.864: [GC (Allocation Failure) [PSYoungGen: 416628K->121103K(465920K)] 1182713K->956407K(1864192K), 0.0465932 secs] [Times: user=0.24 sys=0.00, real=0.05 secs] 
3983.836: [GC (Allocation Failure) [PSYoungGen: 354063K->147233K(465920K)] 1189367K->1020922K(1864192K), 0.1050556 secs] [Times: user=0.57 sys=0.01, real=0.11 secs] 
3984.077: [GC (Allocation Failure) [PSYoungGen: 380193K->183637K(465920K)] 1253882K->1103903K(1864192K), 0.0402288 secs] [Times: user=0.17 sys=0.01, real=0.04 secs] 
3984.223: [GC (Allocation Failure) [PSYoungGen: 416597K->180374K(465920K)] 1336863K->1164392K(1864192K), 0.0490844 secs] [Times: user=0.22 sys=0.00, real=0.05 secs] 
3984.377: [GC (Allocation Failure) [PSYoungGen: 413334K->185685K(465920K)] 1397352K->1227199K(1864192K), 0.0569115 secs] [Times: user=0.28 sys=0.00, real=0.06 secs] 
3985.639: [GC (Allocation Failure) [PSYoungGen: 418645K->92747K(465920K)] 1460159K->1204381K(1864192K), 0.0596848 secs] [Times: user=0.32 sys=0.00, real=0.06 secs] 
3986.065: [GC (Allocation Failure) [PSYoungGen: 325707K->175573K(465920K)] 1437341K->1317376K(1864192K), 0.0364855 secs] [Times: user=0.15 sys=0.00, real=0.04 secs] 
3986.243: [GC (Allocation Failure) [PSYoungGen: 408533K->183445K(465920K)] 1550336K->1379728K(1864192K), 0.0629679 secs] [Times: user=0.30 sys=0.00, real=0.06 secs] 
3986.439: [GC (Allocation Failure) [PSYoungGen: 416405K->182676K(465920K)] 1612688K->1434575K(1864192K), 0.0453461 secs] [Times: user=0.21 sys=0.00, real=0.04 secs] 
3987.438: [GC (Allocation Failure) [PSYoungGen: 415636K->132560K(465920K)] 1667535K->1453547K(1864192K), 0.0491429 secs] [Times: user=0.25 sys=0.00, real=0.05 secs] 
3987.488: [Full GC (Ergonomics) [PSYoungGen: 132560K->0K(465920K)] [ParOldGen: 1320986K->344741K(1398272K)] 1453547K->344741K(1864192K), [Metaspace: 60336K->60336K(1105920K)], 0.5762732 secs] [Times: user=2.52 sys=0.00, real=0.57 secs] 
3988.582: [GC (Allocation Failure) [PSYoungGen: 232960K->135360K(465920K)] 577701K->480102K(1864192K), 0.0357596 secs] [Times: user=0.14 sys=0.00, real=0.04 secs] 
3988.845: [GC (Allocation Failure) [PSYoungGen: 368320K->177781K(465920K)] 713062K->566280K(1864192K), 0.0511109 secs] [Times: user=0.23 sys=0.00, real=0.05 secs] 
3989.013: [GC (Allocation Failure) [PSYoungGen: 410741K->184951K(465920K)] 799240K->635562K(1864192K), 0.0485918 secs] [Times: user=0.22 sys=0.00, real=0.05 secs] 
3989.183: [GC (Allocation Failure) [PSYoungGen: 417911K->186645K(465920K)] 868522K->695888K(1864192K), 0.0615384 secs] [Times: user=0.30 sys=0.00, real=0.06 secs] 
3990.522: [GC (Allocation Failure) [PSYoungGen: 419605K->92091K(465920K)] 928848K->671766K(1864192K), 0.0862801 secs] [Times: user=0.47 sys=0.00, real=0.09 secs] 
3991.397: [GC (GCLocker Initiated GC) [PSYoungGen: 325051K->172884K(465920K)] 904727K->782301K(1864192K), 0.0454311 secs] [Times: user=0.20 sys=0.00, real=0.05 secs] 
3991.578: [GC (Allocation Failure) [PSYoungGen: 405844K->184630K(465920K)] 1015299K->848381K(1864192K), 0.0424035 secs] [Times: user=0.18 sys=0.00, real=0.04 secs] 
3991.727: [GC (Allocation Failure) [PSYoungGen: 417590K->186869K(465920K)] 1081341K->906612K(1864192K), 0.0451872 secs] [Times: user=0.21 sys=0.00, real=0.05 secs] 
3992.809: [GC (Allocation Failure) [PSYoungGen: 419829K->140625K(465920K)] 1139572K->930744K(1864192K), 0.0493264 secs] [Times: user=0.24 sys=0.00, real=0.05 secs] 
3993.896: [GC (Allocation Failure) [PSYoungGen: 373585K->130191K(465920K)] 1163704K->965026K(1864192K), 0.1560646 secs] [Times: user=0.87 sys=0.00, real=0.16 secs] 
3994.216: [GC (Allocation Failure) [PSYoungGen: 363151K->175892K(465920K)] 1197986K->1052672K(1864192K), 0.0379068 secs] [Times: user=0.16 sys=0.00, real=0.04 secs] 
3994.363: [GC (Allocation Failure) [PSYoungGen: 408852K->185591K(465920K)] 1285632K->1124035K(1864192K), 0.0494936 secs] [Times: user=0.23 sys=0.00, real=0.05 secs] 
3994.514: [GC (Allocation Failure) [PSYoungGen: 418551K->199860K(465920K)] 1356995K->1197192K(1864192K), 0.0597179 secs] [Times: user=0.30 sys=0.00, real=0.06 secs] 
3995.539: [GC (Allocation Failure) [PSYoungGen: 432820K->97691K(465920K)] 1430152K->1164415K(1864192K), 0.0485384 secs] [Times: user=0.25 sys=0.00, real=0.05 secs] 
3995.914: [GC (Allocation Failure) [PSYoungGen: 330651K->174101K(465920K)] 1397375K->1271886K(1864192K), 0.0455395 secs] [Times: user=0.20 sys=0.01, real=0.05 secs] 
3996.117: [GC (Allocation Failure) [PSYoungGen: 407061K->181685K(465920K)] 1504846K->1334194K(1864192K), 0.0577513 secs] [Times: user=0.27 sys=0.00, real=0.06 secs] 
3996.304: [GC (Allocation Failure) [PSYoungGen: 414645K->184276K(465920K)] 1567154K->1391738K(1864192K), 0.0460972 secs] [Times: user=0.21 sys=0.01, real=0.05 secs] 
3997.284: [GC (Allocation Failure) [PSYoungGen: 417236K->150578K(465920K)] 1624698K->1427623K(1864192K), 0.0514235 secs] [Times: user=0.25 sys=0.00, real=0.05 secs] 
3997.939: [GC (Allocation Failure) [PSYoungGen: 383538K->124014K(465920K)] 1660583K->1448867K(1864192K), 0.1700873 secs] [Times: user=0.96 sys=0.01, real=0.17 secs] 
3998.109: [Full GC (Ergonomics) [PSYoungGen: 124014K->0K(465920K)] [ParOldGen: 1324853K->140828K(1398272K)] 1448867K->140828K(1864192K), [Metaspace: 60336K->60336K(1105920K)], 0.1607524 secs] [Times: user=0.75 sys=0.00, real=0.16 secs] 
3998.380: [GC (Allocation Failure) [PSYoungGen: 232960K->178389K(465920K)] 373788K->319218K(1864192K), 0.0263786 secs] [Times: user=0.09 sys=0.00, real=0.02 secs] 
3998.548: [GC (Allocation Failure) [PSYoungGen: 411349K->185399K(465920K)] 552178K->388532K(1864192K), 0.0571099 secs] [Times: user=0.27 sys=0.00, real=0.05 secs] 
3998.739: [GC (Allocation Failure) [PSYoungGen: 418359K->181236K(465920K)] 621492K->443089K(1864192K), 0.0773477 secs] [Times: user=0.40 sys=0.00, real=0.07 secs] 
4000.134: [GC (Allocation Failure) [PSYoungGen: 413464K->98091K(465920K)] 675317K->428540K(1864192K), 0.0775737 secs] [Times: user=0.42 sys=0.00, real=0.08 secs] 
4000.693: [GC (Allocation Failure) [PSYoungGen: 331051K->170932K(465920K)] 661500K->533198K(1864192K), 0.0432347 secs] [Times: user=0.18 sys=0.00, real=0.04 secs] 
4000.851: [GC (Allocation Failure) [PSYoungGen: 403892K->182101K(465920K)] 766158K->597651K(1864192K), 0.0425808 secs] [Times: user=0.19 sys=0.00, real=0.04 secs] 
4001.037: [GC (Allocation Failure) [PSYoungGen: 400399K->173205K(465920K)] 815949K->652267K(1864192K), 0.0725122 secs] [Times: user=0.35 sys=0.01, real=0.08 secs] 
4002.164: [GC (Allocation Failure) [PSYoungGen: 402479K->205331K(465920K)] 881541K->739489K(1864192K), 0.0543358 secs] [Times: user=0.27 sys=0.00, real=0.06 secs] 
4002.736: [GC (Allocation Failure) [PSYoungGen: 438291K->95595K(465920K)] 972449K->694293K(1864192K), 0.0998569 secs] [Times: user=0.53 sys=0.00, real=0.10 secs] 
4003.139: [GC (Allocation Failure) [PSYoungGen: 328555K->182134K(465920K)] 927253K->811285K(1864192K), 0.0399936 secs] [Times: user=0.17 sys=0.00, real=0.04 secs] 
4003.286: [GC (Allocation Failure) [PSYoungGen: 415094K->184630K(465920K)] 1044245K->870729K(1864192K), 0.0442206 secs] [Times: user=0.21 sys=0.00, real=0.05 secs] 
4003.433: [GC (Allocation Failure) [PSYoungGen: 417590K->186965K(465920K)] 1103689K->929048K(1864192K), 0.0460744 secs] [Times: user=0.21 sys=0.00, real=0.05 secs] 
4004.550: [GC (Allocation Failure) [PSYoungGen: 419925K->96379K(465920K)] 1162008K->908954K(1864192K), 0.0454892 secs] [Times: user=0.24 sys=0.00, real=0.04 secs] 
4005.180: [GC (Allocation Failure) [PSYoungGen: 329339K->167796K(465920K)] 1141914K->1011960K(1864192K), 0.0647880 secs] [Times: user=0.32 sys=0.00, real=0.06 secs] 
4005.427: [GC (Allocation Failure) [PSYoungGen: 400756K->181333K(465920K)] 1244920K->1077781K(1864192K), 0.0592914 secs] [Times: user=0.29 sys=0.00, real=0.06 secs] 
4005.648: [GC (Allocation Failure) [PSYoungGen: 414293K->185431K(465920K)] 1310741K->1145347K(1864192K), 0.0762773 secs] [Times: user=0.37 sys=0.00, real=0.07 secs] 
4005.901: [GC (Allocation Failure) [PSYoungGen: 418391K->218261K(465920K)] 1378307K->1236865K(1864192K), 0.0759049 secs] [Times: user=0.39 sys=0.00, real=0.07 secs] 
4007.464: [GC (Allocation Failure) [PSYoungGen: 451221K->90330K(465920K)] 1469825K->1178886K(1864192K), 0.1050767 secs] [Times: user=0.58 sys=0.00, real=0.11 secs] 
4007.998: [GC (Allocation Failure) [PSYoungGen: 323290K->179957K(465920K)] 1411846K->1297671K(1864192K), 0.0466455 secs] [Times: user=0.20 sys=0.00, real=0.04 secs] 
4008.164: [GC (Allocation Failure) [PSYoungGen: 412917K->184054K(465920K)] 1530631K->1357915K(1864192K), 0.0457184 secs] [Times: user=0.21 sys=0.00, real=0.05 secs] 
4008.338: [GC (Allocation Failure) [PSYoungGen: 417014K->184052K(465920K)] 1590875K->1413650K(1864192K), 0.0625371 secs] [Times: user=0.31 sys=0.00, real=0.06 secs] 
4010.057: [GC (Allocation Failure) [PSYoungGen: 417012K->102188K(465920K)] 1646610K->1401201K(1864192K), 0.0464804 secs] [Times: user=0.24 sys=0.00, real=0.05 secs] 
4010.394: [GC (Allocation Failure) [PSYoungGen: 335148K->166612K(465920K)] 1634161K->1498974K(1864192K), 0.0805577 secs] [Times: user=0.40 sys=0.00, real=0.08 secs] 
4010.475: [Full GC (Ergonomics) [PSYoungGen: 166612K->0K(465920K)] [ParOldGen: 1332362K->187176K(1398272K)] 1498974K->187176K(1864192K), [Metaspace: 60336K->60336K(1105920K)], 0.2089133 secs] [Times: user=0.99 sys=0.00, real=0.21 secs] 
4010.822: [GC (Allocation Failure) [PSYoungGen: 232960K->181269K(465920K)] 420136K->368445K(1864192K), 0.0335220 secs] [Times: user=0.11 sys=0.00, real=0.03 secs] 
4010.968: [GC (Allocation Failure) [PSYoungGen: 414229K->185463K(465920K)] 601405K->436039K(1864192K), 0.0431372 secs] [Times: user=0.20 sys=0.00, real=0.04 secs] 
4011.112: [GC (Allocation Failure) [PSYoungGen: 418423K->183412K(465920K)] 668999K->492780K(1864192K), 0.0534547 secs] [Times: user=0.26 sys=0.00, real=0.05 secs] 
4012.236: [GC (Allocation Failure) [PSYoungGen: 416372K->88666K(465920K)] 725740K->467254K(1864192K), 0.0603861 secs] [Times: user=0.32 sys=0.00, real=0.06 secs] 
4012.599: [GC (Allocation Failure) [PSYoungGen: 321626K->182358K(465920K)] 700214K->589631K(1864192K), 0.0468455 secs] [Times: user=0.21 sys=0.00, real=0.04 secs] 
4012.768: [GC (Allocation Failure) [PSYoungGen: 415318K->180885K(465920K)] 822591K->644946K(1864192K), 0.0434726 secs] [Times: user=0.20 sys=0.00, real=0.04 secs] 
4012.917: [GC (Allocation Failure) [PSYoungGen: 413845K->186645K(465920K)] 877906K->705858K(1864192K), 0.0451934 secs] [Times: user=0.21 sys=0.00, real=0.05 secs] 
4014.752: [GC (Allocation Failure) [PSYoungGen: 419605K->106973K(465920K)] 938818K->696634K(1864192K), 0.0451834 secs] [Times: user=0.23 sys=0.00, real=0.04 secs] 
4016.253: [GC (Allocation Failure) [PSYoungGen: 339933K->156722K(465920K)] 929594K->780844K(1864192K), 0.0881231 secs] [Times: user=0.45 sys=0.00, real=0.09 secs] 
4016.495: [GC (Allocation Failure) [PSYoungGen: 389682K->181397K(465920K)] 1013804K->854523K(1864192K), 0.0413345 secs] [Times: user=0.19 sys=0.01, real=0.04 secs] 
4016.691: [GC (Allocation Failure) [PSYoungGen: 414357K->185559K(465920K)] 1087483K->922149K(1864192K), 0.0775383 secs] [Times: user=0.38 sys=0.00, real=0.08 secs] 
4016.897: [GC (Allocation Failure) [PSYoungGen: 418519K->186101K(465920K)] 1155109K->981451K(1864192K), 0.0573839 secs] [Times: user=0.29 sys=0.00, real=0.06 secs] 
4018.079: [GC (GCLocker Initiated GC) [PSYoungGen: 419061K->89594K(465920K)] 1214412K->955281K(1864192K), 0.0855351 secs] [Times: user=0.46 sys=0.01, real=0.08 secs] 
4018.390: [GC (Allocation Failure) [PSYoungGen: 322554K->178133K(465920K)] 1188244K->1073064K(1864192K), 0.0359028 secs] [Times: user=0.15 sys=0.00, real=0.03 secs] 
4018.595: [GC (Allocation Failure) [PSYoungGen: 411093K->180565K(465920K)] 1306024K->1131024K(1864192K), 0.0609819 secs] [Times: user=0.29 sys=0.00, real=0.06 secs] 
4018.780: [GC (Allocation Failure) [PSYoungGen: 413525K->187029K(465920K)] 1363984K->1192196K(1864192K), 0.0462842 secs] [Times: user=0.21 sys=0.00, real=0.04 secs] 
4019.832: [GC (Allocation Failure) [PSYoungGen: 419989K->118078K(465920K)] 1425156K->1193709K(1864192K), 0.0477788 secs] [Times: user=0.25 sys=0.00, real=0.05 secs] 
4020.587: [GC (Allocation Failure) [PSYoungGen: 350989K->150034K(465920K)] 1426620K->1263830K(1864192K), 0.0971835 secs] [Times: user=0.52 sys=0.00, real=0.10 secs] 
4020.876: [GC (Allocation Failure) [PSYoungGen: 382994K->180085K(465920K)] 1496790K->1340321K(1864192K), 0.0539521 secs] [Times: user=0.25 sys=0.00, real=0.06 secs] 
4021.047: [GC (Allocation Failure) [PSYoungGen: 413045K->185431K(465920K)] 1573281K->1408979K(1864192K), 0.0544730 secs] [Times: user=0.24 sys=0.00, real=0.06 secs] 
4021.238: [GC (Allocation Failure) [PSYoungGen: 418391K->186421K(465920K)] 1641939K->1469053K(1864192K), 0.0618383 secs] [Times: user=0.30 sys=0.00, real=0.06 secs] 
4022.803: [GC (Allocation Failure) [PSYoungGen: 419381K->93947K(465920K)] 1702013K->1446899K(1864192K), 0.1190992 secs] [Times: user=0.66 sys=0.00, real=0.12 secs] 
4022.923: [Full GC (Ergonomics) [PSYoungGen: 93947K->0K(465920K)] [ParOldGen: 1352952K->102155K(1398272K)] 1446899K->102155K(1864192K), [Metaspace: 60336K->60336K(1105920K)], 0.1359617 secs] [Times: user=0.58 sys=0.00, real=0.14 secs] 
4023.335: [GC (Allocation Failure) [PSYoungGen: 232960K->179861K(465920K)] 335115K->282016K(1864192K), 0.0242149 secs] [Times: user=0.08 sys=0.00, real=0.03 secs] 
4023.469: [GC (Allocation Failure) [PSYoungGen: 412821K->184470K(465920K)] 514976K->341513K(1864192K), 0.0427186 secs] [Times: user=0.19 sys=0.00, real=0.04 secs] 
4023.639: [GC (Allocation Failure) [PSYoungGen: 417317K->186133K(465920K)] 574361K->399032K(1864192K), 0.0449607 secs] [Times: user=0.21 sys=0.00, real=0.04 secs] 
4025.448: [GC (Allocation Failure) [PSYoungGen: 419093K->121519K(465920K)] 631992K->404618K(1864192K), 0.0466260 secs] [Times: user=0.23 sys=0.00, real=0.04 secs] 
4025.821: [GC (Allocation Failure) [PSYoungGen: 351759K->141425K(465920K)] 634858K->463052K(1864192K), 0.0634817 secs] [Times: user=0.32 sys=0.01, real=0.06 secs] 
4025.994: [GC (Allocation Failure) [PSYoungGen: 374385K->177749K(465920K)] 696012K->544465K(1864192K), 0.0388716 secs] [Times: user=0.17 sys=0.00, real=0.04 secs] 
4026.142: [GC (Allocation Failure) [PSYoungGen: 410709K->185623K(465920K)] 777425K->614419K(1864192K), 0.0487805 secs] [Times: user=0.23 sys=0.00, real=0.05 secs] 
4026.296: [GC (Allocation Failure) [PSYoungGen: 418583K->186645K(465920K)] 847379K->674313K(1864192K), 0.0565854 secs] [Times: user=0.28 sys=0.00, real=0.06 secs] 
4027.494: [GC (Allocation Failure) [PSYoungGen: 419605K->90650K(465920K)] 907273K->648863K(1864192K), 0.0535637 secs] [Times: user=0.29 sys=0.00, real=0.06 secs] 
4027.969: [GC (Allocation Failure) [PSYoungGen: 323610K->174389K(465920K)] 881823K->762078K(1864192K), 0.0445921 secs] [Times: user=0.19 sys=0.00, real=0.04 secs] 
4028.144: [GC (Allocation Failure) [PSYoungGen: 407349K->184214K(465920K)] 995038K->826143K(1864192K), 0.0427064 secs] [Times: user=0.19 sys=0.00, real=0.04 secs] 
4028.311: [GC (Allocation Failure) [PSYoungGen: 417174K->186933K(465920K)] 1059103K->884870K(1864192K), 0.0493066 secs] [Times: user=0.24 sys=0.00, real=0.05 secs] 
4029.360: [GC (Allocation Failure) [PSYoungGen: 419893K->134640K(465920K)] 1117830K->903234K(1864192K), 0.0489706 secs] [Times: user=0.24 sys=0.00, real=0.05 secs] 
4030.294: [GC (GCLocker Initiated GC) [PSYoungGen: 367600K->134624K(465920K)] 1136194K->945925K(1864192K), 0.1474747 secs] [Times: user=0.82 sys=0.00, real=0.15 secs] 
4030.595: [GC (Allocation Failure) [PSYoungGen: 367584K->175412K(465920K)] 1178924K->1030286K(1864192K), 0.0380475 secs] [Times: user=0.17 sys=0.00, real=0.04 secs] 
4030.791: [GC (Allocation Failure) [PSYoungGen: 408372K->184439K(465920K)] 1263246K->1100912K(1864192K), 0.0753813 secs] [Times: user=0.37 sys=0.00, real=0.07 secs] 
4031.043: [GC (Allocation Failure) [PSYoungGen: 417399K->186357K(465920K)] 1333872K->1161454K(1864192K), 0.0734027 secs] [Times: user=0.37 sys=0.00, real=0.07 secs] 
4032.222: [GC (Allocation Failure) [PSYoungGen: 419317K->92923K(465920K)] 1394414K->1138308K(1864192K), 0.0634119 secs] [Times: user=0.34 sys=0.00, real=0.06 secs] 
4032.681: [GC (Allocation Failure) [PSYoungGen: 325883K->175445K(465920K)] 1371268K->1251179K(1864192K), 0.0465944 secs] [Times: user=0.20 sys=0.01, real=0.05 secs] 
4032.866: [GC (Allocation Failure) [PSYoungGen: 408405K->181333K(465920K)] 1484139K->1311507K(1864192K), 0.0431340 secs] [Times: user=0.20 sys=0.00, real=0.05 secs] 
4033.052: [GC (Allocation Failure) [PSYoungGen: 414293K->186837K(465920K)] 1544467K->1372259K(1864192K), 0.0672082 secs] [Times: user=0.33 sys=0.00, real=0.07 secs] 
4034.161: [GC (Allocation Failure) [PSYoungGen: 419797K->144690K(465920K)] 1605219K->1400720K(1864192K), 0.0505237 secs] [Times: user=0.25 sys=0.00, real=0.05 secs] 
4034.517: [GC (GCLocker Initiated GC) [PSYoungGen: 377650K->122894K(465920K)] 1633680K->1424921K(1864192K), 0.1095701 secs] [Times: user=0.60 sys=0.00, real=0.11 secs] 
4034.801: [GC (Allocation Failure) [PSYoungGen: 355854K->178549K(465920K)] 1657916K->1519855K(1864192K), 0.0383807 secs] [Times: user=0.17 sys=0.00, real=0.04 secs] 
4034.839: [Full GC (Ergonomics) [PSYoungGen: 178549K->0K(465920K)] [ParOldGen: 1341306K->234940K(1398272K)] 1519855K->234940K(1864192K), [Metaspace: 60336K->60336K(1105920K)], 0.2707651 secs] [Times: user=1.24 sys=0.00, real=0.27 secs] 
4035.228: [GC (Allocation Failure) [PSYoungGen: 232960K->182294K(465920K)] 467900K->417235K(1864192K), 0.0812482 secs] [Times: user=0.42 sys=0.00, real=0.08 secs] 
4035.412: [GC (Allocation Failure) [PSYoungGen: 415254K->183988K(465920K)] 650195K->476721K(1864192K), 0.0556074 secs] [Times: user=0.27 sys=0.00, real=0.06 secs] 
4036.739: [GC (GCLocker Initiated GC) [PSYoungGen: 416948K->96427K(465920K)] 709681K->458772K(1864192K), 0.1062101 secs] [Times: user=0.57 sys=0.02, real=0.10 secs] 
4037.422: [GC (Allocation Failure) [PSYoungGen: 329387K->170004K(465920K)] 691734K->563756K(1864192K), 0.0456408 secs] [Times: user=0.20 sys=0.00, real=0.05 secs] 
4037.601: [GC (Allocation Failure) [PSYoungGen: 402964K->184246K(465920K)] 796716K->631418K(1864192K), 0.0424500 secs] [Times: user=0.19 sys=0.00, real=0.04 secs] 
4037.748: [GC (Allocation Failure) [PSYoungGen: 406543K->174517K(465920K)] 853715K->685594K(1864192K), 0.0483811 secs] [Times: user=0.22 sys=0.00, real=0.04 secs] 
4039.529: [GC (Allocation Failure) [PSYoungGen: 405935K->206291K(465920K)] 917011K->772863K(1864192K), 0.0540788 secs] [Times: user=0.26 sys=0.00, real=0.05 secs] 
4040.392: [GC (Allocation Failure) [PSYoungGen: 439251K->93883K(465920K)] 1005823K->725311K(1864192K), 0.1183434 secs] [Times: user=0.64 sys=0.00, real=0.12 secs] 
4040.780: [GC (Allocation Failure) [PSYoungGen: 326843K->182518K(465920K)] 958271K->844143K(1864192K), 0.0388615 secs] [Times: user=0.17 sys=0.00, real=0.04 secs] 
4040.925: [GC (Allocation Failure) [PSYoungGen: 415478K->185046K(465920K)] 1077103K->903211K(1864192K), 0.0448238 secs] [Times: user=0.21 sys=0.00, real=0.05 secs] 
4041.073: [GC (Allocation Failure) [PSYoungGen: 418006K->186517K(465920K)] 1136171K->960730K(1864192K), 0.0461811 secs] [Times: user=0.22 sys=0.00, real=0.05 secs] 
4042.108: [GC (Allocation Failure) [PSYoungGen: 419477K->94971K(465920K)] 1193690K->939512K(1864192K), 0.0444522 secs] [Times: user=0.22 sys=0.00, real=0.04 secs] 
4042.395: [GC (Allocation Failure) [PSYoungGen: 327931K->169012K(465920K)] 1172472K->1045150K(1864192K), 0.0431160 secs] [Times: user=0.20 sys=0.00, real=0.05 secs] 
4042.545: [GC (Allocation Failure) [PSYoungGen: 401972K->183061K(465920K)] 1278110K->1111672K(1864192K), 0.0427524 secs] [Times: user=0.19 sys=0.01, real=0.05 secs] 
4042.719: [GC (Allocation Failure) [PSYoungGen: 416021K->184119K(465920K)] 1344632K->1176633K(1864192K), 0.0550626 secs] [Times: user=0.27 sys=0.00, real=0.05 secs] 
4042.979: [GC (Allocation Failure) [PSYoungGen: 416075K->218069K(465920K)] 1408589K->1269015K(1864192K), 0.0562540 secs] [Times: user=0.28 sys=0.00, real=0.05 secs] 
4044.608: [GC (Allocation Failure) [PSYoungGen: 451029K->83689K(465920K)] 1501975K->1204300K(1864192K), 0.0938438 secs] [Times: user=0.51 sys=0.01, real=0.09 secs] 
4045.160: [GC (Allocation Failure) [PSYoungGen: 316649K->182102K(465920K)] 1437260K->1329453K(1864192K), 0.0389913 secs] [Times: user=0.17 sys=0.00, real=0.04 secs] 
4045.305: [GC (Allocation Failure) [PSYoungGen: 415062K->184726K(465920K)] 1562413K->1388673K(1864192K), 0.0443720 secs] [Times: user=0.21 sys=0.00, real=0.05 secs] 
4045.454: [GC (Allocation Failure) [PSYoungGen: 417686K->186933K(465920K)] 1621633K->1446776K(1864192K), 0.0462536 secs] [Times: user=0.22 sys=0.00, real=0.05 secs] 
4046.578: [GC (Allocation Failure) [PSYoungGen: 419893K->101724K(465920K)] 1679736K->1432015K(1864192K), 0.0501021 secs] [Times: user=0.26 sys=0.00, real=0.05 secs] 
4046.628: [Full GC (Ergonomics) [PSYoungGen: 101724K->0K(465920K)] [ParOldGen: 1330291K->88916K(1398272K)] 1432015K->88916K(1864192K), [Metaspace: 60339K->60339K(1105920K)], 0.0331115 secs] [Times: user=0.10 sys=0.00, real=0.03 secs] 
4047.688: [GC (Allocation Failure) [PSYoungGen: 232960K->163155K(465920K)] 321876K->252072K(1864192K), 0.0355201 secs] [Times: user=0.14 sys=0.00, real=0.03 secs] 
4047.875: [GC (Allocation Failure) [PSYoungGen: 396115K->181301K(465920K)] 485032K->320974K(1864192K), 0.0403824 secs] [Times: user=0.18 sys=0.00, real=0.04 secs] 
4048.026: [GC (Allocation Failure) [PSYoungGen: 414261K->185751K(465920K)] 553934K->388848K(1864192K), 0.0486865 secs] [Times: user=0.23 sys=0.00, real=0.05 secs] 
4048.429: [GC (Allocation Failure) [PSYoungGen: 418597K->185621K(465920K)] 621694K->447446K(1864192K), 0.0819574 secs] [Times: user=0.42 sys=0.00, real=0.08 secs] 
4049.583: [GC (Allocation Failure) [PSYoungGen: 418581K->89402K(465920K)] 680406K->421451K(1864192K), 0.0726239 secs] [Times: user=0.39 sys=0.00, real=0.07 secs] 
4049.898: [GC (Allocation Failure) [PSYoungGen: 322362K->182582K(465920K)] 654411K->543396K(1864192K), 0.0339482 secs] [Times: user=0.14 sys=0.00, real=0.03 secs] 
4050.037: [GC (Allocation Failure) [PSYoungGen: 415542K->184790K(465920K)] 776356K->602628K(1864192K), 0.0438520 secs] [Times: user=0.19 sys=0.00, real=0.05 secs] 
4050.182: [GC (GCLocker Initiated GC) [PSYoungGen: 417750K->181332K(465920K)] 835589K->654979K(1864192K), 0.0450506 secs] [Times: user=0.21 sys=0.01, real=0.04 secs] 
4051.226: [GC (Allocation Failure) [PSYoungGen: 414292K->107853K(465920K)] 887942K->650183K(1864192K), 0.0449630 secs] [Times: user=0.23 sys=0.00, real=0.05 secs] 
4051.562: [GC (Allocation Failure) [PSYoungGen: 340813K->159411K(465920K)] 883143K->737058K(1864192K), 0.0464312 secs] [Times: user=0.22 sys=0.00, real=0.05 secs] 
4051.746: [GC (Allocation Failure) [PSYoungGen: 392371K->184406K(465920K)] 970018K->811684K(1864192K), 0.0501591 secs] [Times: user=0.23 sys=0.00, real=0.05 secs] 
4051.931: [GC (Allocation Failure) [PSYoungGen: 417366K->185719K(465920K)] 1044644K->877102K(1864192K), 0.0496527 secs] [Times: user=0.23 sys=0.00, real=0.05 secs] 
4052.106: [GC (Allocation Failure) [PSYoungGen: 418679K->186645K(465920K)] 1110062K->937164K(1864192K), 0.0599575 secs] [Times: user=0.30 sys=0.00, real=0.06 secs] 
4054.277: [GC (Allocation Failure) [PSYoungGen: 417928K->83802K(465920K)] 1168447K->904664K(1864192K), 0.1167739 secs] [Times: user=0.65 sys=0.00, real=0.12 secs] 
4054.673: [GC (Allocation Failure) [PSYoungGen: 316762K->178741K(465920K)] 1137624K->1027045K(1864192K), 0.0343052 secs] [Times: user=0.13 sys=0.00, real=0.03 secs] 
4054.848: [GC (Allocation Failure) [PSYoungGen: 411701K->183957K(465920K)] 1260005K->1087733K(1864192K), 0.0485074 secs] [Times: user=0.22 sys=0.00, real=0.04 secs] 
4055.021: [GC (Allocation Failure) [PSYoungGen: 416917K->186965K(465920K)] 1320693K->1146713K(1864192K), 0.0465612 secs] [Times: user=0.21 sys=0.00, real=0.05 secs] 
4056.103: [GC (Allocation Failure) [PSYoungGen: 419925K->113053K(465920K)] 1379673K->1143241K(1864192K), 0.0468232 secs] [Times: user=0.24 sys=0.00, real=0.05 secs] 
4056.885: [GC (Allocation Failure) [PSYoungGen: 346013K->150130K(465920K)] 1376201K->1216530K(1864192K), 0.0998783 secs] [Times: user=0.52 sys=0.00, real=0.10 secs] 
4057.137: [GC (Allocation Failure) [PSYoungGen: 383090K->184182K(465920K)] 1449490K->1297498K(1864192K), 0.0412974 secs] [Times: user=0.18 sys=0.00, real=0.05 secs] 
4057.286: [GC (Allocation Failure) [PSYoungGen: 417142K->182902K(465920K)] 1530458K->1360335K(1864192K), 0.0495115 secs] [Times: user=0.23 sys=0.00, real=0.05 secs] 
4057.441: [GC (Allocation Failure) [PSYoungGen: 415862K->186133K(465920K)] 1593295K->1421662K(1864192K), 0.0562229 secs] [Times: user=0.27 sys=0.00, real=0.05 secs] 
4058.469: [GC (Allocation Failure) [PSYoungGen: 419093K->95531K(465920K)] 1654622K->1401140K(1864192K), 0.0430617 secs] [Times: user=0.23 sys=0.00, real=0.04 secs] 
4058.950: [GC (Allocation Failure) [PSYoungGen: 328491K->170804K(465920K)] 1634100K->1507338K(1864192K), 0.0355586 secs] [Times: user=0.15 sys=0.00, real=0.03 secs] 
4058.986: [Full GC (Ergonomics) [PSYoungGen: 170804K->0K(465920K)] [ParOldGen: 1336533K->210664K(1398272K)] 1507338K->210664K(1864192K), [Metaspace: 60352K->60352K(1105920K)], 0.2291516 secs] [Times: user=1.03 sys=0.00, real=0.23 secs] 
4059.329: [GC (Allocation Failure) [PSYoungGen: 232960K->184374K(465920K)] 443624K->395038K(1864192K), 0.0265035 secs] [Times: user=0.10 sys=0.00, real=0.02 secs] 
4059.459: [GC (GCLocker Initiated GC) [PSYoungGen: 417334K->182868K(465920K)] 627998K->449677K(1864192K), 0.0441103 secs] [Times: user=0.20 sys=0.01, real=0.04 secs] 
4060.576: [GC (Allocation Failure) [PSYoungGen: 415828K->126223K(465920K)] 682638K->462077K(1864192K), 0.0467732 secs] [Times: user=0.24 sys=0.00, real=0.05 secs] 
4061.499: [GC (Allocation Failure) [PSYoungGen: 359183K->144065K(465920K)] 695037K->520023K(1864192K), 0.1251669 secs] [Times: user=0.68 sys=0.00, real=0.12 secs] 
4061.814: [GC (Allocation Failure) [PSYoungGen: 377025K->189589K(465920K)] 752983K->611295K(1864192K), 0.0409925 secs] [Times: user=0.18 sys=0.00, real=0.04 secs] 
4061.960: [GC (GCLocker Initiated GC) [PSYoungGen: 422549K->179894K(465920K)] 844255K->664976K(1864192K), 0.0482957 secs] [Times: user=0.22 sys=0.00, real=0.05 secs] 
4062.115: [GC (Allocation Failure) [PSYoungGen: 412854K->186869K(465920K)] 898066K->729769K(1864192K), 0.0566967 secs] [Times: user=0.28 sys=0.00, real=0.06 secs] 
4063.882: [GC (Allocation Failure) [PSYoungGen: 419829K->96203K(465920K)] 962729K->709504K(1864192K), 0.0870860 secs] [Times: user=0.47 sys=0.00, real=0.09 secs] 
4064.362: [GC (Allocation Failure) [PSYoungGen: 329163K->178421K(465920K)] 942464K->822879K(1864192K), 0.0429154 secs] [Times: user=0.18 sys=0.00, real=0.04 secs] 
4064.565: [GC (Allocation Failure) [PSYoungGen: 411381K->192726K(465920K)] 1055839K->892711K(1864192K), 0.0567192 secs] [Times: user=0.26 sys=0.00, real=0.06 secs] 
4064.751: [GC (Allocation Failure) [PSYoungGen: 425623K->186837K(465920K)] 1125608K->942902K(1864192K), 0.0451499 secs] [Times: user=0.21 sys=0.01, real=0.04 secs] 
4065.899: [GC (Allocation Failure) [PSYoungGen: 419797K->125711K(465920K)] 1175862K->951985K(1864192K), 0.0476430 secs] [Times: user=0.24 sys=0.00, real=0.04 secs] 
4066.390: [GC (Allocation Failure) [PSYoungGen: 358671K->139408K(465920K)] 1184945K->1005650K(1864192K), 0.1038052 secs] [Times: user=0.56 sys=0.00, real=0.10 secs] 
4066.686: [GC (Allocation Failure) [PSYoungGen: 372368K->178901K(465920K)] 1238610K->1090107K(1864192K), 0.0431193 secs] [Times: user=0.19 sys=0.00, real=0.05 secs] 
4066.860: [GC (Allocation Failure) [PSYoungGen: 411861K->185783K(465920K)] 1323067K->1159237K(1864192K), 0.0552616 secs] [Times: user=0.27 sys=0.00, real=0.05 secs] 
4067.044: [GC (Allocation Failure) [PSYoungGen: 418743K->200052K(465920K)] 1392197K->1232391K(1864192K), 0.0577289 secs] [Times: user=0.28 sys=0.01, real=0.06 secs] 
4068.214: [GC (Allocation Failure) [PSYoungGen: 433012K->90122K(465920K)] 1465351K->1191917K(1864192K), 0.0703347 secs] [Times: user=0.38 sys=0.00, real=0.07 secs] 
4068.819: [GC (Allocation Failure) [PSYoungGen: 323082K->177877K(465920K)] 1424877K->1308777K(1864192K), 0.0450060 secs] [Times: user=0.19 sys=0.01, real=0.04 secs] 
4068.990: [GC (Allocation Failure) [PSYoungGen: 410837K->184598K(465920K)] 1541737K->1370809K(1864192K), 0.0442270 secs] [Times: user=0.20 sys=0.00, real=0.04 secs] 
4069.137: [GC (Allocation Failure) [PSYoungGen: 417558K->183732K(465920K)] 1603769K->1425992K(1864192K), 0.0464033 secs] [Times: user=0.22 sys=0.00, real=0.05 secs] 
4070.155: [GC (Allocation Failure) [PSYoungGen: 416692K->137329K(465920K)] 1658952K->1449108K(1864192K), 0.0500247 secs] [Times: user=0.25 sys=0.00, real=0.05 secs] 
4070.205: [Full GC (Ergonomics) [PSYoungGen: 137329K->0K(465920K)] [ParOldGen: 1311779K->347950K(1398272K)] 1449108K->347950K(1864192K), [Metaspace: 60352K->60352K(1105920K)], 0.5812850 secs] [Times: user=2.55 sys=0.00, real=0.58 secs] 
4072.139: [GC (Allocation Failure) [PSYoungGen: 232960K->129167K(465920K)] 580910K->477117K(1864192K), 0.0368346 secs] [Times: user=0.14 sys=0.00, real=0.03 secs] 
4072.365: [GC (Allocation Failure) [PSYoungGen: 362127K->178261K(465920K)] 710077K->567684K(1864192K), 0.0404073 secs] [Times: user=0.14 sys=0.00, real=0.04 secs] 
4072.539: [GC (Allocation Failure) [PSYoungGen: 411221K->185335K(465920K)] 800644K->637082K(1864192K), 0.0604662 secs] [Times: user=0.30 sys=0.00, real=0.06 secs] 
4072.715: [GC (Allocation Failure) [PSYoungGen: 418295K->186933K(465920K)] 870042K->697424K(1864192K), 0.0560367 secs] [Times: user=0.28 sys=0.00, real=0.06 secs] 
4073.776: [GC (Allocation Failure) [PSYoungGen: 419893K->87130K(465920K)] 930384K->668109K(1864192K), 0.0448454 secs] [Times: user=0.24 sys=0.00, real=0.05 secs] 
4074.091: [GC (Allocation Failure) [PSYoungGen: 320090K->175381K(465920K)] 901069K->784869K(1864192K), 0.0312145 secs] [Times: user=0.12 sys=0.00, real=0.03 secs] 
4074.252: [GC (Allocation Failure) [PSYoungGen: 408278K->184470K(465920K)] 1017766K->848402K(1864192K), 0.0474855 secs] [Times: user=0.22 sys=0.00, real=0.05 secs] 
4074.479: [GC (Allocation Failure) [PSYoungGen: 417430K->187061K(465920K)] 1081362K->906921K(1864192K), 0.0508934 secs] [Times: user=0.24 sys=0.00, real=0.05 secs] 
4075.527: [GC (Allocation Failure) [PSYoungGen: 420021K->147410K(465920K)] 1139881K->937886K(1864192K), 0.0507904 secs] [Times: user=0.24 sys=0.00, real=0.05 secs] 
4076.560: [GC (Allocation Failure) [PSYoungGen: 380370K->121966K(465920K)] 1170846K->959299K(1864192K), 0.1759904 secs] [Times: user=0.99 sys=0.00, real=0.17 secs] 
4076.898: [GC (Allocation Failure) [PSYoungGen: 354926K->175540K(465920K)] 1192259K->1052018K(1864192K), 0.0375853 secs] [Times: user=0.16 sys=0.00, real=0.03 secs] 
4077.096: [GC (Allocation Failure) [PSYoungGen: 408500K->184279K(465920K)] 1284978K->1122244K(1864192K), 0.0757899 secs] [Times: user=0.38 sys=0.00, real=0.08 secs] 
4077.290: [GC (Allocation Failure) [PSYoungGen: 417239K->183444K(465920K)] 1355204K->1180002K(1864192K), 0.0574836 secs] [Times: user=0.28 sys=0.00, real=0.06 secs] 
4078.653: [GC (Allocation Failure) [PSYoungGen: 416404K->97515K(465920K)] 1412962K->1163149K(1864192K), 0.1010907 secs] [Times: user=0.55 sys=0.01, real=0.10 secs] 
4079.610: [GC (Allocation Failure) [PSYoungGen: 330475K->170740K(465920K)] 1396109K->1267587K(1864192K), 0.0583118 secs] [Times: user=0.27 sys=0.00, real=0.06 secs] 
4079.818: [GC (Allocation Failure) [PSYoungGen: 403700K->184566K(465920K)] 1500547K->1335072K(1864192K), 0.0436141 secs] [Times: user=0.20 sys=0.00, real=0.04 secs] 
4079.965: [GC (Allocation Failure) [PSYoungGen: 407756K->174741K(465920K)] 1558263K->1389344K(1864192K), 0.0493446 secs] [Times: user=0.23 sys=0.00, real=0.05 secs] 
4080.984: [GC (Allocation Failure) [PSYoungGen: 407701K->168595K(401920K)] 1622304K->1438845K(1800192K), 0.0567758 secs] [Times: user=0.28 sys=0.00, real=0.06 secs] 
4081.379: [GC (Allocation Failure) [PSYoungGen: 401555K->105564K(464896K)] 1671805K->1440311K(1863168K), 0.0679099 secs] [Times: user=0.35 sys=0.01, real=0.06 secs] 
4081.447: [Full GC (Ergonomics) [PSYoungGen: 105564K->0K(464896K)] [ParOldGen: 1334746K->122324K(1398272K)] 1440311K->122324K(1863168K), [Metaspace: 60352K->60352K(1105920K)], 0.1572807 secs] [Times: user=0.71 sys=0.00, real=0.16 secs] 
4081.779: [GC (Allocation Failure) [PSYoungGen: 232448K->178197K(465408K)] 354772K->300522K(1863680K), 0.0252575 secs] [Times: user=0.09 sys=0.00, real=0.02 secs] 
4081.933: [GC (Allocation Failure) [PSYoungGen: 410645K->184182K(465920K)] 532970K->361814K(1864192K), 0.0527973 secs] [Times: user=0.24 sys=0.00, real=0.05 secs] 
4082.105: [GC (Allocation Failure) [PSYoungGen: 417142K->183732K(465920K)] 594774K->417065K(1864192K), 0.0473453 secs] [Times: user=0.22 sys=0.01, real=0.05 secs] 
4083.125: [GC (Allocation Failure) [PSYoungGen: 416692K->102684K(465920K)] 650025K->405229K(1864192K), 0.0434955 secs] [Times: user=0.22 sys=0.00, real=0.05 secs] 
4083.766: [GC (GCLocker Initiated GC) [PSYoungGen: 335644K->166772K(465920K)] 638190K->502899K(1864192K), 0.0626025 secs] [Times: user=0.30 sys=0.00, real=0.07 secs] 
4083.967: [GC (Allocation Failure) [PSYoungGen: 399732K->179061K(465920K)] 735859K->567445K(1864192K), 0.0405447 secs] [Times: user=0.18 sys=0.00, real=0.05 secs] 
4084.119: [GC (Allocation Failure) [PSYoungGen: 412021K->185719K(465920K)] 800405K->637087K(1864192K), 0.0483561 secs] [Times: user=0.22 sys=0.00, real=0.04 secs] 
4084.650: [GC (Allocation Failure) [PSYoungGen: 417861K->215476K(465920K)] 869229K->725644K(1864192K), 0.0536001 secs] [Times: user=0.26 sys=0.00, real=0.05 secs] 
4085.872: [GC (Allocation Failure) [PSYoungGen: 448436K->97211K(465920K)] 958604K->675939K(1864192K), 0.1049400 secs] [Times: user=0.57 sys=0.00, real=0.10 secs] 
4086.279: [GC (Allocation Failure) [PSYoungGen: 330171K->182582K(465920K)] 908899K->792182K(1864192K), 0.0394889 secs] [Times: user=0.17 sys=0.00, real=0.04 secs] 
4086.426: [GC (Allocation Failure) [PSYoungGen: 415542K->181621K(465920K)] 1025142K->848194K(1864192K), 0.0436947 secs] [Times: user=0.20 sys=0.00, real=0.05 secs] 
4086.577: [GC (Allocation Failure) [PSYoungGen: 414581K->186837K(465920K)] 1081154K->908586K(1864192K), 0.0455297 secs] [Times: user=0.21 sys=0.00, real=0.05 secs] 
4087.617: [GC (Allocation Failure) [PSYoungGen: 419797K->97531K(465920K)] 1141546K->889780K(1864192K), 0.0439311 secs] [Times: user=0.23 sys=0.00, real=0.05 secs] 
4088.351: [GC (Allocation Failure) [PSYoungGen: 330491K->170132K(465920K)] 1122740K->994058K(1864192K), 0.0555833 secs] [Times: user=0.26 sys=0.00, real=0.05 secs] 
4088.625: [GC (Allocation Failure) [PSYoungGen: 403092K->183061K(465920K)] 1227018K->1059691K(1864192K), 0.0454510 secs] [Times: user=0.21 sys=0.00, real=0.05 secs] 
4088.931: [GC (Allocation Failure) [PSYoungGen: 416021K->185303K(465920K)] 1292651K->1125756K(1864192K), 0.0737495 secs] [Times: user=0.37 sys=0.00, real=0.07 secs] 
4089.463: [GC (Allocation Failure) [PSYoungGen: 416872K->215060K(465920K)] 1357326K->1214218K(1864192K), 0.0561508 secs] [Times: user=0.27 sys=0.00, real=0.06 secs] 
4090.384: [GC (Allocation Failure) [PSYoungGen: 448020K->87770K(465920K)] 1447178K->1155112K(1864192K), 0.0891047 secs] [Times: user=0.48 sys=0.00, real=0.09 secs] 
4090.880: [GC (Allocation Failure) [PSYoungGen: 320730K->181430K(465920K)] 1388072K->1276268K(1864192K), 0.0458116 secs] [Times: user=0.20 sys=0.00, real=0.04 secs] 
4091.054: [GC (Allocation Failure) [PSYoungGen: 414390K->184694K(465920K)] 1509228K->1336276K(1864192K), 0.0451428 secs] [Times: user=0.21 sys=0.00, real=0.05 secs] 
4091.201: [GC (Allocation Failure) [PSYoungGen: 417654K->186869K(465920K)] 1569236K->1394652K(1864192K), 0.0467836 secs] [Times: user=0.22 sys=0.00, real=0.05 secs] 
4092.293: [GC (Allocation Failure) [PSYoungGen: 419829K->100828K(465920K)] 1627612K->1379187K(1864192K), 0.0474124 secs] [Times: user=0.24 sys=0.00, real=0.05 secs] 
4093.628: [GC (Allocation Failure) [PSYoungGen: 333788K->162579K(465920K)] 1612147K->1473547K(1864192K), 0.0959139 secs] [Times: user=0.50 sys=0.00, real=0.09 secs] 
4093.724: [Full GC (Ergonomics) [PSYoungGen: 162579K->0K(465920K)] [ParOldGen: 1310967K->182787K(1398272K)] 1473547K->182787K(1864192K), [Metaspace: 60352K->60352K(1105920K)], 0.2114058 secs] [Times: user=1.01 sys=0.00, real=0.21 secs] 
4094.043: [GC (Allocation Failure) [PSYoungGen: 232960K->181685K(465920K)] 415747K->364472K(1864192K), 0.0324900 secs] [Times: user=0.13 sys=0.00, real=0.03 secs] 
4094.187: [GC (Allocation Failure) [PSYoungGen: 414645K->185943K(465920K)] 597432K->432346K(1864192K), 0.0440168 secs] [Times: user=0.20 sys=0.00, real=0.05 secs] 
4094.851: [GC (GCLocker Initiated GC) [PSYoungGen: 418903K->183156K(465920K)] 665306K->488720K(1864192K), 0.1406433 secs] [Times: user=0.75 sys=0.00, real=0.14 secs] 
4096.545: [GC (GCLocker Initiated GC) [PSYoungGen: 416116K->90122K(465920K)] 721682K->464896K(1864192K), 0.0957684 secs] [Times: user=0.52 sys=0.01, real=0.10 secs] 
4096.990: [GC (Allocation Failure) [PSYoungGen: 323082K->186582K(465920K)] 698022K->590491K(1864192K), 0.0362192 secs] [Times: user=0.15 sys=0.00, real=0.03 secs] 
4097.133: [GC (Allocation Failure) [PSYoungGen: 419542K->184502K(465920K)] 823451K->645063K(1864192K), 0.0432453 secs] [Times: user=0.20 sys=0.00, real=0.04 secs] 
4097.323: [GC (Allocation Failure) [PSYoungGen: 417462K->183540K(465920K)] 878023K->700174K(1864192K), 0.0600050 secs] [Times: user=0.29 sys=0.00, real=0.06 secs] 
4098.370: [GC (Allocation Failure) [PSYoungGen: 416500K->106909K(465920K)] 933134K->692846K(1864192K), 0.0451289 secs] [Times: user=0.23 sys=0.00, real=0.04 secs] 
4098.721: [GC (Allocation Failure) [PSYoungGen: 339869K->159795K(465920K)] 925806K->780433K(1864192K), 0.0836769 secs] [Times: user=0.43 sys=0.00, real=0.08 secs] 
4099.002: [GC (Allocation Failure) [PSYoungGen: 392755K->184406K(465920K)] 1013393K->855284K(1864192K), 0.0524306 secs] [Times: user=0.25 sys=0.00, real=0.05 secs] 
4099.161: [GC (Allocation Failure) [PSYoungGen: 417366K->185975K(465920K)] 1088244K->920933K(1864192K), 0.0504020 secs] [Times: user=0.24 sys=0.00, real=0.05 secs] 
4099.314: [GC (Allocation Failure) [PSYoungGen: 418935K->186901K(465920K)] 1153893K->980887K(1864192K), 0.0556975 secs] [Times: user=0.28 sys=0.00, real=0.06 secs] 
4100.773: [GC (Allocation Failure) [PSYoungGen: 419861K->84538K(465920K)] 1213847K->948968K(1864192K), 0.1014168 secs] [Times: user=0.56 sys=0.00, real=0.10 secs] 
4101.258: [GC (Allocation Failure) [PSYoungGen: 317498K->180406K(465920K)] 1181928K->1072225K(1864192K), 0.0426661 secs] [Times: user=0.18 sys=0.01, real=0.04 secs] 
4101.413: [GC (Allocation Failure) [PSYoungGen: 413366K->184406K(465920K)] 1305185K->1132249K(1864192K), 0.0442550 secs] [Times: user=0.20 sys=0.00, real=0.04 secs] 
4101.582: [GC (Allocation Failure) [PSYoungGen: 417366K->186389K(465920K)] 1365209K->1189984K(1864192K), 0.0509909 secs] [Times: user=0.24 sys=0.00, real=0.05 secs] 
4102.998: [GC (Allocation Failure) [PSYoungGen: 419349K->111485K(465920K)] 1422944K->1185385K(1864192K), 0.0465936 secs] [Times: user=0.24 sys=0.01, real=0.04 secs] 
4104.249: [GC (Allocation Failure) [PSYoungGen: 344445K->152370K(465920K)] 1418345K->1262666K(1864192K), 0.0874106 secs] [Times: user=0.45 sys=0.00, real=0.08 secs] 
4104.483: [GC (Allocation Failure) [PSYoungGen: 385330K->184118K(465920K)] 1495626K->1341910K(1864192K), 0.0422783 secs] [Times: user=0.19 sys=0.00, real=0.04 secs] 
4104.635: [GC (Allocation Failure) [PSYoungGen: 417078K->185687K(465920K)] 1574870K->1407375K(1864192K), 0.0512055 secs] [Times: user=0.24 sys=0.01, real=0.05 secs] 
4104.790: [GC (Allocation Failure) [PSYoungGen: 418647K->183796K(465920K)] 1640335K->1464581K(1864192K), 0.0574818 secs] [Times: user=0.29 sys=0.00, real=0.05 secs] 
4105.894: [GC (Allocation Failure) [PSYoungGen: 416696K->92731K(465920K)] 1697480K->1442923K(1864192K), 0.0424452 secs] [Times: user=0.22 sys=0.00, real=0.04 secs] 
4105.936: [Full GC (Ergonomics) [PSYoungGen: 92731K->0K(465920K)] [ParOldGen: 1350192K->102958K(1398272K)] 1442923K->102958K(1864192K), [Metaspace: 60352K->60352K(1105920K)], 0.0822504 secs] [Times: user=0.33 sys=0.00, real=0.09 secs] 
4106.159: [GC (Allocation Failure) [PSYoungGen: 232960K->175381K(465920K)] 335918K->278339K(1864192K), 0.0238402 secs] [Times: user=0.08 sys=0.00, real=0.02 secs] 
4106.319: [GC (Allocation Failure) [PSYoungGen: 408341K->183381K(465920K)] 511299K->341464K(1864192K), 0.0655101 secs] [Times: user=0.32 sys=0.01, real=0.06 secs] 
4106.564: [GC (Allocation Failure) [PSYoungGen: 416341K->186613K(465920K)] 574424K->400319K(1864192K), 0.0624103 secs] [Times: user=0.31 sys=0.00, real=0.06 secs] 
4107.681: [GC (Allocation Failure) [PSYoungGen: 419573K->117646K(465920K)] 633279K->401641K(1864192K), 0.0461446 secs] [Times: user=0.23 sys=0.00, real=0.04 secs] 
4108.231: [GC (Allocation Failure) [PSYoungGen: 350606K->145185K(465920K)] 634601K->466467K(1864192K), 0.1213400 secs] [Times: user=0.66 sys=0.00, real=0.12 secs] 
4108.516: [GC (Allocation Failure) [PSYoungGen: 378145K->183541K(465920K)] 699427K->550793K(1864192K), 0.0400676 secs] [Times: user=0.17 sys=0.00, real=0.04 secs] 
4108.689: [GC (Allocation Failure) [PSYoungGen: 416501K->185847K(465920K)] 783753K->641378K(1864192K), 0.0641749 secs] [Times: user=0.32 sys=0.00, real=0.06 secs] 
4108.888: [GC (Allocation Failure) [PSYoungGen: 418807K->186293K(465920K)] 874338K->700824K(1864192K), 0.0788142 secs] [Times: user=0.40 sys=0.00, real=0.07 secs] 
4110.404: [GC (Allocation Failure) [PSYoungGen: 419253K->89770K(465920K)] 933784K->674566K(1864192K), 0.0929862 secs] [Times: user=0.51 sys=0.00, real=0.09 secs] 
4110.895: [GC (Allocation Failure) [PSYoungGen: 322730K->178293K(465920K)] 907526K->791930K(1864192K), 0.0392768 secs] [Times: user=0.17 sys=0.00, real=0.04 secs] 
4111.041: [GC (Allocation Failure) [PSYoungGen: 411253K->184950K(465920K)] 1024890K->854338K(1864192K), 0.0438286 secs] [Times: user=0.20 sys=0.00, real=0.04 secs] 
4111.596: [GC (Allocation Failure) [PSYoungGen: 417910K->183188K(465920K)] 1087298K->908625K(1864192K), 0.1198216 secs] [Times: user=0.62 sys=0.01, real=0.12 secs] 
4113.298: [GC (Allocation Failure) [PSYoungGen: 416148K->126383K(465920K)] 1141585K->920868K(1864192K), 0.0568389 secs] [Times: user=0.27 sys=0.00, real=0.05 secs] 
4113.632: [GC (Allocation Failure) [PSYoungGen: 359343K->141889K(465920K)] 1153828K->976485K(1864192K), 0.1132259 secs] [Times: user=0.60 sys=0.01, real=0.11 secs] 
4113.887: [GC (Allocation Failure) [PSYoungGen: 374849K->178517K(465920K)] 1209445K->1058454K(1864192K), 0.0396894 secs] [Times: user=0.17 sys=0.00, real=0.04 secs] 
4114.059: [GC (Allocation Failure) [PSYoungGen: 411477K->186167K(465920K)] 1291414K->1128464K(1864192K), 0.0549857 secs] [Times: user=0.27 sys=0.00, real=0.05 secs] 
4114.228: [GC (Allocation Failure) [PSYoungGen: 419127K->183636K(465920K)] 1361424K->1185038K(1864192K), 0.0562836 secs] [Times: user=0.27 sys=0.00, real=0.05 secs] 
4115.252: [GC (Allocation Failure) [PSYoungGen: 416596K->91082K(465920K)] 1417998K->1161668K(1864192K), 0.0436489 secs] [Times: user=0.23 sys=0.00, real=0.04 secs] 
4115.848: [GC (Allocation Failure) [PSYoungGen: 324042K->177173K(465920K)] 1394628K->1277208K(1864192K), 0.0493022 secs] [Times: user=0.22 sys=0.01, real=0.05 secs] 
4116.074: [GC (Allocation Failure) [PSYoungGen: 410133K->184438K(465920K)] 1510168K->1339696K(1864192K), 0.0629616 secs] [Times: user=0.30 sys=0.00, real=0.06 secs] 
4116.258: [GC (Allocation Failure) [PSYoungGen: 417398K->182836K(465920K)] 1572656K->1394015K(1864192K), 0.0463238 secs] [Times: user=0.21 sys=0.00, real=0.04 secs] 
4117.285: [GC (Allocation Failure) [PSYoungGen: 415796K->136913K(465920K)] 1626975K->1417315K(1864192K), 0.0501977 secs] [Times: user=0.25 sys=0.00, real=0.05 secs] 
4118.566: [GC (Allocation Failure) [PSYoungGen: 369873K->130335K(465920K)] 1650275K->1453986K(1864192K), 0.1404017 secs] [Times: user=0.78 sys=0.00, real=0.14 secs] 
4118.706: [Full GC (Ergonomics) [PSYoungGen: 130335K->0K(465920K)] [ParOldGen: 1323650K->147669K(1398272K)] 1453986K->147669K(1864192K), [Metaspace: 60352K->60352K(1105920K)], 0.1793884 secs] [Times: user=0.84 sys=0.00, real=0.18 secs] 
4119.004: [GC (Allocation Failure) [PSYoungGen: 232960K->175572K(465920K)] 380629K->323242K(1864192K), 0.0258193 secs] [Times: user=0.10 sys=0.00, real=0.03 secs] 
4119.144: [GC (Allocation Failure) [PSYoungGen: 408532K->185655K(465920K)] 556202K->394972K(1864192K), 0.0482037 secs] [Times: user=0.22 sys=0.00, real=0.05 secs] 
4119.300: [GC (Allocation Failure) [PSYoungGen: 418615K->186613K(465920K)] 627932K->454875K(1864192K), 0.0574580 secs] [Times: user=0.28 sys=0.00, real=0.05 secs] 
4120.520: [GC (Allocation Failure) [PSYoungGen: 419573K->94027K(465920K)] 687835K->432833K(1864192K), 0.0680242 secs] [Times: user=0.36 sys=0.00, real=0.07 secs] 
4121.057: [GC (Allocation Failure) [PSYoungGen: 326987K->169780K(465920K)] 665793K->538795K(1864192K), 0.0422903 secs] [Times: user=0.18 sys=0.00, real=0.05 secs] 
4121.227: [GC (Allocation Failure) [PSYoungGen: 402740K->184278K(465920K)] 771755K->606088K(1864192K), 0.0419057 secs] [Times: user=0.19 sys=0.00, real=0.05 secs] 
4121.372: [GC (Allocation Failure) [PSYoungGen: 417238K->187733K(465920K)] 839048K->665400K(1864192K), 0.0454115 secs] [Times: user=0.21 sys=0.00, real=0.04 secs] 
4122.348: [GC (Allocation Failure) [PSYoungGen: 420693K->148050K(465920K)] 898360K->696337K(1864192K), 0.0507531 secs] [Times: user=0.25 sys=0.00, real=0.05 secs] 
4122.930: [GC (Allocation Failure) [PSYoungGen: 381010K->126223K(465920K)] 929297K->721658K(1864192K), 0.1202968 secs] [Times: user=0.66 sys=0.00, real=0.12 secs] 
4123.224: [GC (Allocation Failure) [PSYoungGen: 359183K->172852K(465920K)] 954618K->808456K(1864192K), 0.0410056 secs] [Times: user=0.19 sys=0.00, real=0.04 secs] 
4123.374: [GC (Allocation Failure) [PSYoungGen: 405812K->185271K(465920K)] 1041416K->882103K(1864192K), 0.0482781 secs] [Times: user=0.22 sys=0.00, real=0.05 secs] 
4123.526: [GC (Allocation Failure) [PSYoungGen: 418231K->186357K(465920K)] 1115063K->941913K(1864192K), 0.0587946 secs] [Times: user=0.28 sys=0.00, real=0.06 secs] 
4124.674: [GC (Allocation Failure) [PSYoungGen: 418381K->96331K(465920K)] 1173937K->922303K(1864192K), 0.0662061 secs] [Times: user=0.35 sys=0.00, real=0.07 secs] 
4125.521: [GC (Allocation Failure) [PSYoungGen: 329291K->170804K(465920K)] 1155263K->1028148K(1864192K), 0.0508537 secs] [Times: user=0.22 sys=0.00, real=0.05 secs] 
4125.704: [GC (Allocation Failure) [PSYoungGen: 403764K->184598K(465920K)] 1261108K->1095614K(1864192K), 0.0424504 secs] [Times: user=0.19 sys=0.00, real=0.04 secs] 
4125.852: [GC (Allocation Failure) [PSYoungGen: 417558K->187701K(465920K)] 1328574K->1154629K(1864192K), 0.0453824 secs] [Times: user=0.21 sys=0.00, real=0.05 secs] 
4127.003: [GC (Allocation Failure) [PSYoungGen: 420661K->151506K(465920K)] 1387589K->1189027K(1864192K), 0.0511970 secs] [Times: user=0.26 sys=0.00, real=0.05 secs] 
4127.613: [GC (Allocation Failure) [PSYoungGen: 384466K->122686K(465920K)] 1421987K->1208255K(1864192K), 0.1749111 secs] [Times: user=0.97 sys=0.01, real=0.18 secs] 
4127.964: [GC (Allocation Failure) [PSYoungGen: 355646K->178229K(465920K)] 1441215K->1302698K(1864192K), 0.0380185 secs] [Times: user=0.17 sys=0.00, real=0.04 secs] 
4128.111: [GC (Allocation Failure) [PSYoungGen: 411189K->182678K(465920K)] 1535658K->1369579K(1864192K), 0.0497670 secs] [Times: user=0.24 sys=0.00, real=0.05 secs] 
4128.419: [GC (GCLocker Initiated GC) [PSYoungGen: 415638K->183444K(465920K)] 1602541K->1428715K(1864192K), 0.0880555 secs] [Times: user=0.46 sys=0.00, real=0.08 secs] 
4129.772: [GC (Allocation Failure) [PSYoungGen: 416404K->92987K(465920K)] 1661678K->1407508K(1864192K), 0.0471010 secs] [Times: user=0.24 sys=0.00, real=0.05 secs] 
4129.819: [Full GC (Ergonomics) [PSYoungGen: 92987K->0K(465920K)] [ParOldGen: 1314521K->90635K(1398272K)] 1407508K->90635K(1864192K), [Metaspace: 60352K->60352K(1105920K)], 0.0492725 secs] [Times: user=0.17 sys=0.00, real=0.05 secs] 
4130.252: [GC (Allocation Failure) [PSYoungGen: 232960K->174133K(465920K)] 323595K->264768K(1864192K), 0.0401098 secs] [Times: user=0.16 sys=0.00, real=0.04 secs] 
4130.449: [GC (Allocation Failure) [PSYoungGen: 407093K->184726K(465920K)] 497728K->330113K(1864192K), 0.0425521 secs] [Times: user=0.19 sys=0.00, real=0.04 secs] 
4130.591: [GC (Allocation Failure) [PSYoungGen: 404905K->173461K(465920K)] 550292K->383008K(1864192K), 0.0476813 secs] [Times: user=0.23 sys=0.00, real=0.05 secs] 
4131.155: [GC (Allocation Failure) [PSYoungGen: 406421K->211027K(465920K)] 615968K->475810K(1864192K), 0.0505180 secs] [Times: user=0.25 sys=0.00, real=0.05 secs] 
4132.103: [GC (Allocation Failure) [PSYoungGen: 443987K->99659K(465920K)] 708770K->429235K(1864192K), 0.1115667 secs] [Times: user=0.61 sys=0.00, real=0.11 secs] 
4132.463: [GC (Allocation Failure) [PSYoungGen: 332619K->182518K(465920K)] 662195K->544138K(1864192K), 0.0346600 secs] [Times: user=0.14 sys=0.00, real=0.04 secs] 
4132.605: [GC (Allocation Failure) [PSYoungGen: 415478K->184758K(465920K)] 777098K->603130K(1864192K), 0.0434608 secs] [Times: user=0.20 sys=0.01, real=0.05 secs] 
4132.769: [GC (Allocation Failure) [PSYoungGen: 417718K->186805K(465920K)] 836090K->661225K(1864192K), 0.0452116 secs] [Times: user=0.21 sys=0.00, real=0.04 secs] 
4134.170: [GC (Allocation Failure) [PSYoungGen: 419765K->96107K(465920K)] 894185K->640935K(1864192K), 0.1097882 secs] [Times: user=0.60 sys=0.00, real=0.11 secs] 
4135.524: [GC (Allocation Failure) [PSYoungGen: 329067K->164980K(465920K)] 873895K->741145K(1864192K), 0.0620416 secs] [Times: user=0.30 sys=0.00, real=0.06 secs] 
4135.766: [GC (Allocation Failure) [PSYoungGen: 397940K->184534K(465920K)] 974105K->812123K(1864192K), 0.0593706 secs] [Times: user=0.28 sys=0.00, real=0.06 secs] 
4135.953: [GC (Allocation Failure) [PSYoungGen: 417494K->183350K(465920K)] 1045083K->875236K(1864192K), 0.0499736 secs] [Times: user=0.23 sys=0.00, real=0.05 secs] 
4136.321: [GC (Allocation Failure) [PSYoungGen: 415022K->216308K(465920K)] 1106907K->966834K(1864192K), 0.0548464 secs] [Times: user=0.26 sys=0.01, real=0.05 secs] 
4137.374: [GC (GCLocker Initiated GC) [PSYoungGen: 449268K->86314K(465920K)] 1199795K->905760K(1864192K), 0.0569526 secs] [Times: user=0.31 sys=0.00, real=0.06 secs] 
4137.731: [GC (GCLocker Initiated GC) [PSYoungGen: 319274K->181174K(465920K)] 1138722K->1028187K(1864192K), 0.0486112 secs] [Times: user=0.22 sys=0.00, real=0.05 secs] 
4137.906: [GC (Allocation Failure) [PSYoungGen: 414134K->184662K(465920K)] 1261149K->1088354K(1864192K), 0.0452063 secs] [Times: user=0.20 sys=0.00, real=0.05 secs] 
4138.076: [GC (Allocation Failure) [PSYoungGen: 417622K->186997K(465920K)] 1321314K->1146817K(1864192K), 0.0517544 secs] [Times: user=0.24 sys=0.00, real=0.06 secs] 
4139.137: [GC (Allocation Failure) [PSYoungGen: 419957K->99628K(465920K)] 1379777K->1129808K(1864192K), 0.0461890 secs] [Times: user=0.24 sys=0.00, real=0.05 secs] 
4139.730: [GC (Allocation Failure) [PSYoungGen: 332588K->162675K(465920K)] 1362768K->1224812K(1864192K), 0.0816711 secs] [Times: user=0.42 sys=0.00, real=0.08 secs] 
4139.950: [GC (Allocation Failure) [PSYoungGen: 395635K->181301K(465920K)] 1457772K->1294410K(1864192K), 0.0428593 secs] [Times: user=0.20 sys=0.00, real=0.04 secs] 
4140.104: [GC (Allocation Failure) [PSYoungGen: 414261K->185623K(465920K)] 1527370K->1361956K(1864192K), 0.0504723 secs] [Times: user=0.23 sys=0.00, real=0.05 secs] 
4140.261: [GC (Allocation Failure) [PSYoungGen: 418583K->186677K(465920K)] 1594916K->1422090K(1864192K), 0.0569494 secs] [Times: user=0.28 sys=0.00, real=0.06 secs] 
4141.821: [GC (Allocation Failure) [PSYoungGen: 419637K->90682K(465920K)] 1655050K->1396487K(1864192K), 0.0928650 secs] [Times: user=0.51 sys=0.00, real=0.09 secs] 
4142.400: [GC (Allocation Failure) [PSYoungGen: 323642K->178165K(465920K)] 1629447K->1513190K(1864192K), 0.0438240 secs] [Times: user=0.19 sys=0.01, real=0.04 secs] 
4142.444: [Full GC (Ergonomics) [PSYoungGen: 178165K->0K(465920K)] [ParOldGen: 1335025K->221274K(1398272K)] 1513190K->221274K(1864192K), [Metaspace: 60352K->60352K(1105920K)], 0.2460648 secs] [Times: user=1.12 sys=0.00, real=0.25 secs] 
4142.801: [GC (Allocation Failure) [PSYoungGen: 232960K->184502K(465920K)] 454234K->405776K(1864192K), 0.0266268 secs] [Times: user=0.09 sys=0.00, real=0.03 secs] 
4142.929: [GC (Allocation Failure) [PSYoungGen: 417462K->184244K(465920K)] 638736K->461551K(1864192K), 0.0449612 secs] [Times: user=0.21 sys=0.00, real=0.04 secs] 
4144.525: [GC (Allocation Failure) [PSYoungGen: 417204K->109805K(465920K)] 694511K->456699K(1864192K), 0.0451607 secs] [Times: user=0.23 sys=0.00, real=0.05 secs] 
4145.098: [GC (Allocation Failure) [PSYoungGen: 342765K->154354K(465920K)] 689659K->537094K(1864192K), 0.0864547 secs] [Times: user=0.45 sys=0.00, real=0.08 secs] 
4145.319: [GC (GCLocker Initiated GC) [PSYoungGen: 387314K->181013K(465920K)] 770054K->611773K(1864192K), 0.0402737 secs] [Times: user=0.18 sys=0.00, real=0.04 secs] 
4145.501: [GC (Allocation Failure) [PSYoungGen: 413973K->185911K(465920K)] 844899K->680029K(1864192K), 0.0668784 secs] [Times: user=0.33 sys=0.00, real=0.07 secs] 
4145.675: [GC (Allocation Failure) [PSYoungGen: 418871K->186869K(465920K)] 912989K->739947K(1864192K), 0.0565962 secs] [Times: user=0.28 sys=0.00, real=0.06 secs] 
4146.798: [GC (Allocation Failure) [PSYoungGen: 419829K->93579K(465920K)] 972907K->717129K(1864192K), 0.0581824 secs] [Times: user=0.31 sys=0.00, real=0.05 secs] 
4147.588: [GC (GCLocker Initiated GC) [PSYoungGen: 326539K->172308K(465920K)] 950089K->826168K(1864192K), 0.0471082 secs] [Times: user=0.21 sys=0.00, real=0.04 secs] 
4147.828: [GC (Allocation Failure) [PSYoungGen: 405268K->184310K(465920K)] 1059295K->892368K(1864192K), 0.0595584 secs] [Times: user=0.28 sys=0.00, real=0.06 secs] 
4148.001: [GC (Allocation Failure) [PSYoungGen: 417270K->186485K(465920K)] 1125328K->950343K(1864192K), 0.0455713 secs] [Times: user=0.21 sys=0.00, real=0.04 secs] 
4149.010: [GC (Allocation Failure) [PSYoungGen: 419445K->119342K(465920K)] 1183303K->953561K(1864192K), 0.0472284 secs] [Times: user=0.24 sys=0.00, real=0.04 secs] 
4150.200: [GC (Allocation Failure) [PSYoungGen: 352302K->151922K(465920K)] 1186521K->1024796K(1864192K), 0.1181909 secs] [Times: user=0.63 sys=0.00, real=0.12 secs] 
4150.471: [GC (GCLocker Initiated GC) [PSYoungGen: 384882K->177429K(465920K)] 1257757K->1097724K(1864192K), 0.0403520 secs] [Times: user=0.18 sys=0.00, real=0.04 secs] 
4150.646: [GC (Allocation Failure) [PSYoungGen: 410389K->185815K(465920K)] 1330978K->1169013K(1864192K), 0.0703196 secs] [Times: user=0.35 sys=0.01, real=0.07 secs] 
4150.877: [GC (Allocation Failure) [PSYoungGen: 418775K->186645K(465920K)] 1401973K->1228743K(1864192K), 0.0786351 secs] [Times: user=0.40 sys=0.00, real=0.08 secs] 
4152.397: [GC (GCLocker Initiated GC) [PSYoungGen: 419605K->93643K(465920K)] 1461703K->1206165K(1864192K), 0.1127462 secs] [Times: user=0.62 sys=0.00, real=0.11 secs] 
4152.806: [GC (Allocation Failure) [PSYoungGen: 326603K->178261K(465920K)] 1439291K->1321027K(1864192K), 0.0434690 secs] [Times: user=0.18 sys=0.00, real=0.05 secs] 
4152.958: [GC (Allocation Failure) [PSYoungGen: 411221K->181845K(465920K)] 1553987K->1380179K(1864192K), 0.0447010 secs] [Times: user=0.20 sys=0.00, real=0.04 secs] 
4153.135: [GC (Allocation Failure) [PSYoungGen: 414805K->186389K(465920K)] 1613139K->1440018K(1864192K), 0.0725134 secs] [Times: user=0.36 sys=0.00, real=0.07 secs] 
4154.215: [GC (Allocation Failure) [PSYoungGen: 419349K->119951K(465920K)] 1672978K->1443740K(1864192K), 0.0485779 secs] [Times: user=0.24 sys=0.00, real=0.05 secs] 
4154.263: [Full GC (Ergonomics) [PSYoungGen: 119951K->0K(465920K)] [ParOldGen: 1323789K->335964K(1398272K)] 1443740K->335964K(1864192K), [Metaspace: 60352K->60352K(1105920K)], 0.5802987 secs] [Times: user=2.46 sys=0.00, real=0.58 secs] 
4155.369: [GC (Allocation Failure) [PSYoungGen: 232960K->142577K(465920K)] 568924K->478541K(1864192K), 0.0271246 secs] [Times: user=0.09 sys=0.01, real=0.02 secs] 
4155.605: [GC (Allocation Failure) [PSYoungGen: 375537K->176757K(465920K)] 711501K->558541K(1864192K), 0.0571095 secs] [Times: user=0.26 sys=0.01, real=0.06 secs] 
4155.789: [GC (Allocation Failure) [PSYoungGen: 409717K->183894K(465920K)] 791501K->627367K(1864192K), 0.0477833 secs] [Times: user=0.22 sys=0.00, real=0.04 secs] 
4155.981: [GC (Allocation Failure) [PSYoungGen: 416854K->186453K(465920K)] 860327K->688314K(1864192K), 0.0824422 secs] [Times: user=0.42 sys=0.01, real=0.08 secs] 
4157.366: [GC (Allocation Failure) [PSYoungGen: 419413K->95131K(465920K)] 921274K->667448K(1864192K), 0.0805363 secs] [Times: user=0.44 sys=0.00, real=0.08 secs] 
4158.213: [GC (Allocation Failure) [PSYoungGen: 328091K->174101K(465920K)] 900408K->777375K(1864192K), 0.0468251 secs] [Times: user=0.20 sys=0.00, real=0.05 secs] 
4158.449: [GC (Allocation Failure) [PSYoungGen: 407061K->183573K(465920K)] 1010335K->841528K(1864192K), 0.0635834 secs] [Times: user=0.30 sys=0.00, real=0.06 secs] 
4158.635: [GC (Allocation Failure) [PSYoungGen: 416533K->186997K(465920K)] 1074488K->900647K(1864192K), 0.0457450 secs] [Times: user=0.21 sys=0.00, real=0.05 secs] 
4159.685: [GC (Allocation Failure) [PSYoungGen: 419957K->133136K(465920K)] 1133607K->917210K(1864192K), 0.0491870 secs] [Times: user=0.25 sys=0.00, real=0.05 secs] 
4160.359: [GC (Allocation Failure) [PSYoungGen: 365941K->141105K(465920K)] 1150016K->967547K(1864192K), 0.1299655 secs] [Times: user=0.70 sys=0.01, real=0.13 secs] 
4160.629: [GC (Allocation Failure) [PSYoungGen: 374065K->178293K(465920K)] 1200507K->1049840K(1864192K), 0.0391430 secs] [Times: user=0.17 sys=0.00, real=0.04 secs] 
4160.773: [GC (Allocation Failure) [PSYoungGen: 411253K->180726K(465920K)] 1282800K->1114797K(1864192K), 0.0485121 secs] [Times: user=0.22 sys=0.00, real=0.05 secs] 
4160.927: [GC (Allocation Failure) [PSYoungGen: 413686K->186133K(465920K)] 1347757K->1177812K(1864192K), 0.0564375 secs] [Times: user=0.28 sys=0.01, real=0.06 secs] 
4161.997: [GC (Allocation Failure) [PSYoungGen: 419093K->87306K(465920K)] 1410772K->1149249K(1864192K), 0.0466965 secs] [Times: user=0.25 sys=0.00, real=0.05 secs] 
4162.300: [GC (Allocation Failure) [PSYoungGen: 320266K->177749K(465920K)] 1382209K->1267761K(1864192K), 0.0322663 secs] [Times: user=0.13 sys=0.00, real=0.03 secs] 
4162.440: [GC (Allocation Failure) [PSYoungGen: 410709K->184694K(465920K)] 1500721K->1330602K(1864192K), 0.0441106 secs] [Times: user=0.20 sys=0.00, real=0.04 secs] 
4162.586: [GC (Allocation Failure) [PSYoungGen: 417654K->187125K(465920K)] 1563562K->1388977K(1864192K), 0.0463582 secs] [Times: user=0.21 sys=0.00, real=0.05 secs] 
4163.592: [GC (Allocation Failure) [PSYoungGen: 420085K->139441K(465920K)] 1621937K->1411941K(1864192K), 0.0506997 secs] [Times: user=0.25 sys=0.00, real=0.05 secs] 
4164.398: [GC (Allocation Failure) [PSYoungGen: 372401K->128527K(465920K)] 1644901K->1445203K(1864192K), 0.1091509 secs] [Times: user=0.60 sys=0.01, real=0.10 secs] 
4164.507: [Full GC (Ergonomics) [PSYoungGen: 128527K->0K(465920K)] [ParOldGen: 1316676K->145293K(1398272K)] 1445203K->145293K(1864192K), [Metaspace: 60352K->60352K(1105920K)], 0.1566637 secs] [Times: user=0.71 sys=0.00, real=0.16 secs] 
4164.773: [GC (Allocation Failure) [PSYoungGen: 232960K->178101K(465920K)] 378253K->323394K(1864192K), 0.0259990 secs] [Times: user=0.10 sys=0.00, real=0.03 secs] 
4164.913: [GC (Allocation Failure) [PSYoungGen: 411061K->185687K(465920K)] 556354K->393432K(1864192K), 0.0483772 secs] [Times: user=0.22 sys=0.00, real=0.05 secs] 
4165.297: [GC (Allocation Failure) [PSYoungGen: 418647K->182868K(465920K)] 626392K->449462K(1864192K), 0.0743923 secs] [Times: user=0.39 sys=0.00, real=0.08 secs] 
4167.252: [GC (Allocation Failure) [PSYoungGen: 415828K->90907K(465920K)] 682422K->426772K(1864192K), 0.0666655 secs] [Times: user=0.36 sys=0.00, real=0.07 secs] 
4168.194: [GC (Allocation Failure) [PSYoungGen: 323867K->174516K(465920K)] 659732K->540026K(1864192K), 0.0494510 secs] [Times: user=0.22 sys=0.00, real=0.05 secs] 
4168.379: [GC (Allocation Failure) [PSYoungGen: 407476K->184310K(465920K)] 772986K->603300K(1864192K), 0.0423774 secs] [Times: user=0.19 sys=0.00, real=0.04 secs] 
4168.553: [GC (Allocation Failure) [PSYoungGen: 402471K->172117K(465920K)] 821461K->655083K(1864192K), 0.0611129 secs] [Times: user=0.30 sys=0.01, real=0.06 secs] 
4169.508: [GC (Allocation Failure) [PSYoungGen: 405077K->168435K(465920K)] 888043K->706193K(1864192K), 0.0528114 secs] [Times: user=0.26 sys=0.00, real=0.05 secs] 
4170.191: [GC (Allocation Failure) [PSYoungGen: 401395K->100972K(465920K)] 939153K->703146K(1864192K), 0.1083382 secs] [Times: user=0.59 sys=0.00, real=0.11 secs] 
4170.574: [GC (Allocation Failure) [PSYoungGen: 333932K->181846K(465920K)] 936106K->816197K(1864192K), 0.0362887 secs] [Times: user=0.15 sys=0.00, real=0.04 secs] 
4170.718: [GC (Allocation Failure) [PSYoungGen: 414806K->181397K(465920K)] 1049157K->872456K(1864192K), 0.0441313 secs] [Times: user=0.21 sys=0.00, real=0.04 secs] 
4170.866: [GC (Allocation Failure) [PSYoungGen: 414357K->183764K(465920K)] 1105416K->929620K(1864192K), 0.0449483 secs] [Times: user=0.21 sys=0.00, real=0.05 secs] 
4172.069: [GC (Allocation Failure) [PSYoungGen: 416724K->100108K(465920K)] 1162580K->915331K(1864192K), 0.0610630 secs] [Times: user=0.32 sys=0.00, real=0.06 secs] 
4172.691: [GC (Allocation Failure) [PSYoungGen: 333068K->171188K(465920K)] 1148291K->1019293K(1864192K), 0.0662195 secs] [Times: user=0.32 sys=0.00, real=0.06 secs] 
4172.893: [GC (Allocation Failure) [PSYoungGen: 404148K->181461K(465920K)] 1252253K->1083022K(1864192K), 0.0424053 secs] [Times: user=0.19 sys=0.00, real=0.04 secs] 
4173.046: [GC (Allocation Failure) [PSYoungGen: 414421K->186007K(465920K)] 1315982K->1151111K(1864192K), 0.0497996 secs] [Times: user=0.23 sys=0.00, real=0.05 secs] 
4173.787: [GC (Allocation Failure) [PSYoungGen: 417346K->212820K(465920K)] 1382450K->1236860K(1864192K), 0.0628088 secs] [Times: user=0.32 sys=0.00, real=0.07 secs] 
4174.979: [GC (Allocation Failure) [PSYoungGen: 445780K->91962K(465920K)] 1469820K->1183787K(1864192K), 0.0712983 secs] [Times: user=0.38 sys=0.01, real=0.07 secs] 
4175.307: [GC (Allocation Failure) [PSYoungGen: 324922K->182902K(465920K)] 1416747K->1304187K(1864192K), 0.0463126 secs] [Times: user=0.20 sys=0.00, real=0.04 secs] 
4175.469: [GC (Allocation Failure) [PSYoungGen: 415862K->184662K(465920K)] 1537147K->1362815K(1864192K), 0.0449853 secs] [Times: user=0.21 sys=0.00, real=0.04 secs] 
4175.800: [GC (GCLocker Initiated GC) [PSYoungGen: 417622K->183892K(465920K)] 1595775K->1418078K(1864192K), 0.0645972 secs] [Times: user=0.32 sys=0.00, real=0.06 secs] 
4177.164: [GC (GCLocker Initiated GC) [PSYoungGen: 416852K->95083K(465920K)] 1651042K->1398817K(1864192K), 0.0481794 secs] [Times: user=0.25 sys=0.01, real=0.05 secs] 
4177.519: [GC (GCLocker Initiated GC) [PSYoungGen: 328043K->165460K(465920K)] 1631779K->1500409K(1864192K), 0.0618589 secs] [Times: user=0.30 sys=0.00, real=0.06 secs] 
4177.581: [Full GC (Ergonomics) [PSYoungGen: 165460K->0K(465920K)] [ParOldGen: 1334948K->185477K(1398272K)] 1500409K->185477K(1864192K), [Metaspace: 60352K->60352K(1105920K)], 0.1876882 secs] [Times: user=0.86 sys=0.00, real=0.19 secs] 
4177.904: [GC (Allocation Failure) [PSYoungGen: 232960K->184245K(465920K)] 418604K->369890K(1864192K), 0.0339750 secs] [Times: user=0.14 sys=0.00, real=0.04 secs] 
4178.045: [GC (Allocation Failure) [PSYoungGen: 417205K->186199K(465920K)] 602850K->436088K(1864192K), 0.0435913 secs] [Times: user=0.20 sys=0.00, real=0.05 secs] 
4178.211: [GC (Allocation Failure) [PSYoungGen: 419159K->186805K(465920K)] 669048K->495802K(1864192K), 0.0548100 secs] [Times: user=0.26 sys=0.00, real=0.05 secs] 
4179.309: [GC (Allocation Failure) [PSYoungGen: 419765K->86762K(465920K)] 728762K->466131K(1864192K), 0.0606070 secs] [Times: user=0.33 sys=0.00, real=0.06 secs] 
4179.836: [GC (Allocation Failure) [PSYoungGen: 319722K->179061K(465920K)] 699091K->586579K(1864192K), 0.0451136 secs] [Times: user=0.20 sys=0.00, real=0.05 secs] 
4180.045: [GC (Allocation Failure) [PSYoungGen: 412021K->184021K(465920K)] 819539K->646955K(1864192K), 0.0602253 secs] [Times: user=0.29 sys=0.00, real=0.06 secs] 
4180.259: [GC (Allocation Failure) [PSYoungGen: 416981K->184052K(465920K)] 879915K->702938K(1864192K), 0.0643988 secs] [Times: user=0.31 sys=0.01, real=0.06 secs] 
4182.014: [GC (Allocation Failure) [PSYoungGen: 417012K->108109K(465920K)] 935898K->696507K(1864192K), 0.0576443 secs] [Times: user=0.31 sys=0.00, real=0.06 secs] 
4183.737: [GC (GCLocker Initiated GC) [PSYoungGen: 341069K->154034K(465920K)] 929467K->777834K(1864192K), 0.0952192 secs] [Times: user=0.50 sys=0.00, real=0.10 secs] 
4183.983: [GC (Allocation Failure) [PSYoungGen: 386994K->183637K(465920K)] 1010832K->855371K(1864192K), 0.0413084 secs] [Times: user=0.18 sys=0.01, real=0.04 secs] 
4184.157: [GC (Allocation Failure) [PSYoungGen: 416597K->185975K(465920K)] 1088331K->921760K(1864192K), 0.0546216 secs] [Times: user=0.26 sys=0.00, real=0.06 secs] 
4184.335: [GC (Allocation Failure) [PSYoungGen: 418935K->186709K(465920K)] 1154720K->981286K(1864192K), 0.0562905 secs] [Times: user=0.27 sys=0.00, real=0.06 secs] 
4185.445: [GC (Allocation Failure) [PSYoungGen: 419102K->89274K(465920K)] 1213680K->954292K(1864192K), 0.0603401 secs] [Times: user=0.32 sys=0.01, real=0.06 secs] 
4185.929: [GC (Allocation Failure) [PSYoungGen: 322234K->173845K(465920K)] 1187252K->1067651K(1864192K), 0.0456976 secs] [Times: user=0.19 sys=0.01, real=0.04 secs] 
4186.096: [GC (Allocation Failure) [PSYoungGen: 406805K->184790K(465920K)] 1300611K->1132880K(1864192K), 0.0447041 secs] [Times: user=0.20 sys=0.00, real=0.05 secs] 
4186.242: [GC (Allocation Failure) [PSYoungGen: 417750K->186997K(465920K)] 1365840K->1191216K(1864192K), 0.0473604 secs] [Times: user=0.22 sys=0.00, real=0.05 secs] 
4187.273: [GC (Allocation Failure) [PSYoungGen: 419957K->115870K(465920K)] 1424176K->1190509K(1864192K), 0.0480945 secs] [Times: user=0.24 sys=0.00, real=0.05 secs] 
4188.355: [GC (Allocation Failure) [PSYoungGen: 348830K->148017K(465920K)] 1423469K->1259569K(1864192K), 0.1145173 secs] [Times: user=0.61 sys=0.00, real=0.12 secs] 
4188.620: [GC (Allocation Failure) [PSYoungGen: 380977K->183829K(465920K)] 1492529K->1341369K(1864192K), 0.0415786 secs] [Times: user=0.18 sys=0.00, real=0.04 secs] 
4188.769: [GC (Allocation Failure) [PSYoungGen: 416789K->185783K(465920K)] 1574329K->1407250K(1864192K), 0.0515713 secs] [Times: user=0.24 sys=0.00, real=0.05 secs] 
4188.923: [GC (Allocation Failure) [PSYoungGen: 418743K->186741K(465920K)] 1640210K->1466913K(1864192K), 0.0590797 secs] [Times: user=0.29 sys=0.00, real=0.06 secs] 
4190.469: [GC (Allocation Failure) [PSYoungGen: 419701K->91498K(465920K)] 1699873K->1442118K(1864192K), 0.1264273 secs] [Times: user=0.70 sys=0.00, real=0.12 secs] 
4190.596: [Full GC (Ergonomics) [PSYoungGen: 91498K->0K(465920K)] [ParOldGen: 1350619K->100902K(1398272K)] 1442118K->100902K(1864192K), [Metaspace: 60352K->60352K(1105920K)], 0.1441857 secs] [Times: user=0.60 sys=0.01, real=0.15 secs] 
4191.423: [GC (Allocation Failure) [PSYoungGen: 232960K->174293K(465920K)] 333862K->275196K(1864192K), 0.0327559 secs] [Times: user=0.11 sys=0.01, real=0.03 secs] 
4191.626: [GC (Allocation Failure) [PSYoungGen: 407253K->184054K(465920K)] 508156K->339476K(1864192K), 0.0660411 secs] [Times: user=0.32 sys=0.00, real=0.07 secs] 
4191.828: [GC (Allocation Failure) [PSYoungGen: 417014K->186421K(465920K)] 572436K->397476K(1864192K), 0.0447002 secs] [Times: user=0.21 sys=0.00, real=0.04 secs] 
4193.218: [GC (Allocation Failure) [PSYoungGen: 419381K->121967K(465920K)] 630436K->403406K(1864192K), 0.0466601 secs] [Times: user=0.24 sys=0.00, real=0.04 secs] 
4193.686: [GC (Allocation Failure) [PSYoungGen: 354927K->156753K(465920K)] 636366K->476928K(1864192K), 0.1231457 secs] [Times: user=0.66 sys=0.01, real=0.13 secs] 
4193.960: [GC (Allocation Failure) [PSYoungGen: 389713K->183893K(465920K)] 709888K->550669K(1864192K), 0.0395014 secs] [Times: user=0.18 sys=0.00, real=0.04 secs] 
4194.106: [GC (Allocation Failure) [PSYoungGen: 416853K->182710K(465920K)] 783629K->613466K(1864192K), 0.0491349 secs] [Times: user=0.22 sys=0.00, real=0.05 secs] 
4194.260: [GC (Allocation Failure) [PSYoungGen: 415670K->186453K(465920K)] 846426K->675665K(1864192K), 0.0558381 secs] [Times: user=0.27 sys=0.01, real=0.05 secs] 
4195.324: [GC (Allocation Failure) [PSYoungGen: 419413K->89114K(465920K)] 908625K->648582K(1864192K), 0.0421893 secs] [Times: user=0.22 sys=0.00, real=0.04 secs] 
4195.720: [GC (Allocation Failure) [PSYoungGen: 322074K->177941K(465920K)] 881542K->766398K(1864192K), 0.0456607 secs] [Times: user=0.20 sys=0.01, real=0.04 secs] 
4195.941: [GC (Allocation Failure) [PSYoungGen: 410901K->184374K(465920K)] 999358K->828339K(1864192K), 0.0637192 secs] [Times: user=0.30 sys=0.00, real=0.06 secs] 
4196.127: [GC (Allocation Failure) [PSYoungGen: 417334K->187125K(465920K)] 1061299K->886994K(1864192K), 0.0456403 secs] [Times: user=0.21 sys=0.00, real=0.05 secs] 
4197.170: [GC (Allocation Failure) [PSYoungGen: 420085K->123375K(465920K)] 1119954K->893952K(1864192K), 0.0474190 secs] [Times: user=0.24 sys=0.00, real=0.04 secs] 
4198.404: [GC (Allocation Failure) [PSYoungGen: 354948K->141377K(465920K)] 1125525K->950914K(1864192K), 0.1001488 secs] [Times: user=0.53 sys=0.01, real=0.10 secs] 
4198.646: [GC (Allocation Failure) [PSYoungGen: 374337K->175380K(465920K)] 1183874K->1030062K(1864192K), 0.0383578 secs] [Times: user=0.17 sys=0.00, real=0.04 secs] 
4198.795: [GC (Allocation Failure) [PSYoungGen: 408340K->185815K(465920K)] 1263022K->1102025K(1864192K), 0.0496008 secs] [Times: user=0.23 sys=0.00, real=0.05 secs] 
4199.530: [GC (Allocation Failure) [PSYoungGen: 418775K->182516K(465920K)] 1334985K->1157742K(1864192K), 0.1065616 secs] [Times: user=0.56 sys=0.00, real=0.10 secs] 
4200.787: [GC (Allocation Failure) [PSYoungGen: 415476K->93995K(465920K)] 1390702K->1138253K(1864192K), 0.0702158 secs] [Times: user=0.38 sys=0.01, real=0.07 secs] 
4201.281: [GC (Allocation Failure) [PSYoungGen: 326955K->177717K(465920K)] 1371213K->1252140K(1864192K), 0.0469761 secs] [Times: user=0.20 sys=0.00, real=0.05 secs] 
4201.467: [GC (Allocation Failure) [PSYoungGen: 410677K->184726K(465920K)] 1485100K->1314501K(1864192K), 0.0437906 secs] [Times: user=0.20 sys=0.00, real=0.05 secs] 
4201.614: [GC (Allocation Failure) [PSYoungGen: 417686K->183540K(465920K)] 1547461K->1369515K(1864192K), 0.0456401 secs] [Times: user=0.21 sys=0.00, real=0.05 secs] 
4202.630: [GC (Allocation Failure) [PSYoungGen: 416500K->136753K(465920K)] 1602475K->1391840K(1864192K), 0.0492424 secs] [Times: user=0.24 sys=0.00, real=0.05 secs] 
4203.080: [GC (Allocation Failure) [PSYoungGen: 369713K->133712K(465920K)] 1624800K->1432227K(1864192K), 0.0767930 secs] [Times: user=0.41 sys=0.01, real=0.07 secs] 
4203.265: [GC (Allocation Failure) [PSYoungGen: 366672K->178165K(465920K)] 1665187K->1519356K(1864192K), 0.0393699 secs] [Times: user=0.17 sys=0.00, real=0.04 secs] 
4203.304: [Full GC (Ergonomics) [PSYoungGen: 178165K->0K(465920K)] [ParOldGen: 1341191K->237842K(1398272K)] 1519356K->237842K(1864192K), [Metaspace: 60352K->60352K(1105920K)], 0.2947551 secs] [Times: user=1.33 sys=0.00, real=0.30 secs] 
4203.707: [GC (Allocation Failure) [PSYoungGen: 232960K->182742K(465920K)] 470802K->420585K(1864192K), 0.0758289 secs] [Times: user=0.39 sys=0.01, real=0.08 secs] 
4203.889: [GC (Allocation Failure) [PSYoungGen: 415702K->186581K(465920K)] 653545K->482716K(1864192K), 0.0571325 secs] [Times: user=0.28 sys=0.00, real=0.05 secs] 
4205.062: [GC (Allocation Failure) [PSYoungGen: 419541K->90971K(465920K)] 715676K->457557K(1864192K), 0.0519779 secs] [Times: user=0.27 sys=0.00, real=0.05 secs] 
4205.553: [GC (Allocation Failure) [PSYoungGen: 323931K->177717K(465920K)] 690517K->574201K(1864192K), 0.0330264 secs] [Times: user=0.13 sys=0.00, real=0.03 secs] 
4205.694: [GC (Allocation Failure) [PSYoungGen: 410677K->184598K(465920K)] 807161K->636145K(1864192K), 0.0436028 secs] [Times: user=0.20 sys=0.00, real=0.04 secs] 
4205.870: [GC (Allocation Failure) [PSYoungGen: 417558K->184917K(465920K)] 869105K->692504K(1864192K), 0.0454930 secs] [Times: user=0.20 sys=0.00, real=0.04 secs] 
4207.610: [GC (Allocation Failure) [PSYoungGen: 417877K->141937K(465920K)] 925464K->719205K(1864192K), 0.0496470 secs] [Times: user=0.24 sys=0.00, real=0.05 secs] 
4208.150: [GC (Allocation Failure) [PSYoungGen: 374897K->122478K(465920K)] 952165K->744538K(1864192K), 0.1424242 secs] [Times: user=0.79 sys=0.00, real=0.14 secs] 
4208.457: [GC (Allocation Failure) [PSYoungGen: 355438K->178517K(465920K)] 977498K->839730K(1864192K), 0.0374244 secs] [Times: user=0.16 sys=0.01, real=0.04 secs] 
4208.623: [GC (Allocation Failure) [PSYoungGen: 411477K->185591K(465920K)] 1072690K->909004K(1864192K), 0.0602896 secs] [Times: user=0.29 sys=0.00, real=0.06 secs] 
4208.811: [GC (Allocation Failure) [PSYoungGen: 418551K->186453K(465920K)] 1141964K->968866K(1864192K), 0.0640564 secs] [Times: user=0.32 sys=0.00, real=0.06 secs] 
4209.882: [GC (Allocation Failure) [PSYoungGen: 419413K->92331K(465920K)] 1201826K->944880K(1864192K), 0.0568417 secs] [Times: user=0.31 sys=0.00, real=0.06 secs] 
4210.736: [GC (GCLocker Initiated GC) [PSYoungGen: 325291K->171348K(465920K)] 1177840K->1053846K(1864192K), 0.0548183 secs] [Times: user=0.25 sys=0.00, real=0.06 secs] 
4210.929: [GC (Allocation Failure) [PSYoungGen: 404308K->184630K(465920K)] 1286937K->1120683K(1864192K), 0.0454166 secs] [Times: user=0.20 sys=0.00, real=0.04 secs] 
4211.076: [GC (Allocation Failure) [PSYoungGen: 417590K->187957K(465920K)] 1353643K->1180114K(1864192K), 0.0462986 secs] [Times: user=0.22 sys=0.00, real=0.05 secs] 
4212.067: [GC (Allocation Failure) [PSYoungGen: 420917K->151666K(465920K)] 1413074K->1214663K(1864192K), 0.0533560 secs] [Times: user=0.27 sys=0.00, real=0.06 secs] 
4213.365: [GC (GCLocker Initiated GC) [PSYoungGen: 384626K->115853K(465920K)] 1447624K->1226915K(1864192K), 0.1378041 secs] [Times: user=0.77 sys=0.01, real=0.14 secs] 
4213.822: [GC (Allocation Failure) [PSYoungGen: 348813K->178165K(465920K)] 1459878K->1326823K(1864192K), 0.0372512 secs] [Times: user=0.16 sys=0.00, real=0.04 secs] 
4213.969: [GC (Allocation Failure) [PSYoungGen: 411125K->185015K(465920K)] 1559783K->1395793K(1864192K), 0.0500613 secs] [Times: user=0.24 sys=0.00, real=0.05 secs] 
4214.160: [GC (Allocation Failure) [PSYoungGen: 417975K->186581K(465920K)] 1628753K->1456127K(1864192K), 0.0599888 secs] [Times: user=0.30 sys=0.00, real=0.06 secs] 
4215.700: [GC (Allocation Failure) [PSYoungGen: 419541K->93771K(465920K)] 1689087K->1433685K(1864192K), 0.0739702 secs] [Times: user=0.40 sys=0.00, real=0.07 secs] 
4215.774: [Full GC (Ergonomics) [PSYoungGen: 93771K->0K(465920K)] [ParOldGen: 1339913K->90939K(1398272K)] 1433685K->90939K(1864192K), [Metaspace: 60352K->60352K(1105920K)], 0.0691317 secs] [Times: user=0.23 sys=0.00, real=0.07 secs] 
4216.693: [GC (Allocation Failure) [PSYoungGen: 232960K->170644K(465920K)] 323899K->261583K(1864192K), 0.0330883 secs] [Times: user=0.13 sys=0.00, real=0.03 secs] 
4216.918: [GC (Allocation Failure) [PSYoungGen: 403604K->184598K(465920K)] 494543K->329217K(1864192K), 0.0569347 secs] [Times: user=0.27 sys=0.00, real=0.05 secs] 
4217.088: [GC (Allocation Failure) [PSYoungGen: 409237K->178774K(465920K)] 553856K->387513K(1864192K), 0.0481405 secs] [Times: user=0.22 sys=0.00, real=0.04 secs] 
4218.016: [GC (Allocation Failure) [PSYoungGen: 411734K->167666K(465920K)] 620473K->432998K(1864192K), 0.0531944 secs] [Times: user=0.26 sys=0.00, real=0.06 secs] 
4218.415: [GC (Allocation Failure) [PSYoungGen: 400626K->105020K(465920K)] 665958K->434639K(1864192K), 0.0624299 secs] [Times: user=0.33 sys=0.00, real=0.07 secs] 
4218.689: [GC (Allocation Failure) [PSYoungGen: 337980K->177525K(465920K)] 667599K->540321K(1864192K), 0.0461376 secs] [Times: user=0.20 sys=0.00, real=0.04 secs] 
4218.852: [GC (Allocation Failure) [PSYoungGen: 410485K->184470K(465920K)] 773281K->602958K(1864192K), 0.0427199 secs] [Times: user=0.20 sys=0.00, real=0.04 secs] 
4219.001: [GC (Allocation Failure) [PSYoungGen: 417430K->186389K(465920K)] 835918K->660853K(1864192K), 0.0448935 secs] [Times: user=0.20 sys=0.00, real=0.04 secs] 
4220.091: [GC (Allocation Failure) [PSYoungGen: 419349K->100300K(465920K)] 893813K->644952K(1864192K), 0.0500668 secs] [Times: user=0.26 sys=0.01, real=0.05 secs] 
4220.476: [GC (Allocation Failure) [PSYoungGen: 333260K->171252K(465920K)] 877912K->748741K(1864192K), 0.0405781 secs] [Times: user=0.18 sys=0.00, real=0.04 secs] 
4220.650: [GC (Allocation Failure) [PSYoungGen: 404212K->181621K(465920K)] 981701K->812558K(1864192K), 0.0578649 secs] [Times: user=0.27 sys=0.00, real=0.06 secs] 
4220.854: [GC (Allocation Failure) [PSYoungGen: 414581K->185175K(465920K)] 1045518K->887800K(1864192K), 0.0497861 secs] [Times: user=0.24 sys=0.00, real=0.05 secs] 
4222.310: [GC (Allocation Failure) [PSYoungGen: 415965K->193971K(465920K)] 1118590K->955477K(1864192K), 0.0560955 secs] [Times: user=0.28 sys=0.00, real=0.05 secs] 
4223.754: [GC (Allocation Failure) [PSYoungGen: 426931K->94139K(465920K)] 1188437K->921684K(1864192K), 0.1180548 secs] [Times: user=0.65 sys=0.00, real=0.12 secs] 
4224.453: [GC (Allocation Failure) [PSYoungGen: 327099K->178901K(465920K)] 1154644K->1035811K(1864192K), 0.0472333 secs] [Times: user=0.21 sys=0.00, real=0.05 secs] 
4224.621: [GC (Allocation Failure) [PSYoungGen: 411861K->184502K(465920K)] 1268771K->1097788K(1864192K), 0.0448152 secs] [Times: user=0.20 sys=0.00, real=0.04 secs] 
4224.770: [GC (Allocation Failure) [PSYoungGen: 417462K->186645K(465920K)] 1330748K->1155939K(1864192K), 0.0467903 secs] [Times: user=0.22 sys=0.00, real=0.04 secs] 
4225.827: [GC (Allocation Failure) [PSYoungGen: 419605K->104508K(465920K)] 1388899K->1144395K(1864192K), 0.0473514 secs] [Times: user=0.25 sys=0.00, real=0.05 secs] 
4226.422: [GC (Allocation Failure) [PSYoungGen: 337468K->167604K(465920K)] 1377355K->1240847K(1864192K), 0.0857107 secs] [Times: user=0.41 sys=0.00, real=0.09 secs] 
4226.632: [GC (Allocation Failure) [PSYoungGen: 400564K->181045K(465920K)] 1473807K->1306884K(1864192K), 0.0445071 secs] [Times: user=0.20 sys=0.00, real=0.04 secs] 
4226.786: [GC (Allocation Failure) [PSYoungGen: 414005K->182870K(465920K)] 1539844K->1371722K(1864192K), 0.0521185 secs] [Times: user=0.24 sys=0.00, real=0.06 secs] 
4226.943: [GC (Allocation Failure) [PSYoungGen: 415830K->186709K(465920K)] 1604682K->1433696K(1864192K), 0.0563488 secs] [Times: user=0.28 sys=0.00, real=0.06 secs] 
4228.270: [GC (Allocation Failure) [PSYoungGen: 419669K->90938K(465920K)] 1666656K->1408462K(1864192K), 0.0889855 secs] [Times: user=0.48 sys=0.00, real=0.09 secs] 
4228.360: [Full GC (Ergonomics) [PSYoungGen: 90938K->0K(465920K)] [ParOldGen: 1317523K->108276K(1398272K)] 1408462K->108276K(1864192K), [Metaspace: 60352K->60352K(1105920K)], 0.1563800 secs] [Times: user=0.67 sys=0.00, real=0.15 secs] 
4229.199: [GC (Allocation Failure) [PSYoungGen: 232960K->178613K(465920K)] 341236K->286890K(1864192K), 0.0331301 secs] [Times: user=0.13 sys=0.01, real=0.03 secs] 
4229.429: [GC (Allocation Failure) [PSYoungGen: 411573K->181493K(465920K)] 519850K->345298K(1864192K), 0.0596899 secs] [Times: user=0.28 sys=0.00, real=0.06 secs] 
4229.674: [GC (Allocation Failure) [PSYoungGen: 414453K->186805K(465920K)] 578258K->405906K(1864192K), 0.0609922 secs] [Times: user=0.29 sys=0.00, real=0.06 secs] 
4230.786: [GC (Allocation Failure) [PSYoungGen: 419765K->104396K(465920K)] 638866K->393973K(1864192K), 0.0531105 secs] [Times: user=0.28 sys=0.01, real=0.06 secs] 
4232.099: [GC (Allocation Failure) [PSYoungGen: 337356K->160051K(465920K)] 626933K->482945K(1864192K), 0.0794108 secs] [Times: user=0.40 sys=0.00, real=0.08 secs] 
4232.336: [GC (Allocation Failure) [PSYoungGen: 393011K->184470K(465920K)] 715905K->557803K(1864192K), 0.0414111 secs] [Times: user=0.18 sys=0.00, real=0.04 secs] 
4232.513: [GC (Allocation Failure) [PSYoungGen: 417430K->185815K(465920K)] 790763K->623077K(1864192K), 0.0696945 secs] [Times: user=0.34 sys=0.00, real=0.07 secs] 
4232.716: [GC (Allocation Failure) [PSYoungGen: 418775K->186261K(465920K)] 856037K->682523K(1864192K), 0.0558323 secs] [Times: user=0.27 sys=0.01, real=0.06 secs] 
4233.844: [GC (Allocation Failure) [PSYoungGen: 419221K->90522K(465920K)] 915483K->657120K(1864192K), 0.0685817 secs] [Times: user=0.36 sys=0.00, real=0.07 secs] 
4234.239: [GC (Allocation Failure) [PSYoungGen: 323482K->182678K(465920K)] 890080K->777801K(1864192K), 0.0455813 secs] [Times: user=0.20 sys=0.00, real=0.04 secs] 
4234.402: [GC (Allocation Failure) [PSYoungGen: 415638K->181909K(465920K)] 1010761K->834272K(1864192K), 0.0465549 secs] [Times: user=0.21 sys=0.00, real=0.05 secs] 
4234.553: [GC (Allocation Failure) [PSYoungGen: 414869K->186773K(465920K)] 1067232K->894560K(1864192K), 0.0470017 secs] [Times: user=0.22 sys=0.00, real=0.05 secs] 
4235.597: [GC (Allocation Failure) [PSYoungGen: 419733K->102396K(465920K)] 1127520K->880523K(1864192K), 0.0511018 secs] [Times: user=0.26 sys=0.00, real=0.06 secs] 
4235.954: [GC (Allocation Failure) [PSYoungGen: 335356K->161651K(465920K)] 1113483K->973443K(1864192K), 0.0484577 secs] [Times: user=0.24 sys=0.00, real=0.05 secs] 
4236.111: [GC (Allocation Failure) [PSYoungGen: 394611K->184438K(465920K)] 1206403K->1046517K(1864192K), 0.0426384 secs] [Times: user=0.19 sys=0.00, real=0.04 secs] 
4236.262: [GC (Allocation Failure) [PSYoungGen: 417398K->185591K(465920K)] 1279477K->1112007K(1864192K), 0.0505840 secs] [Times: user=0.24 sys=0.00, real=0.05 secs] 
4236.416: [GC (Allocation Failure) [PSYoungGen: 418551K->186229K(465920K)] 1344967K->1171397K(1864192K), 0.0565173 secs] [Times: user=0.28 sys=0.00, real=0.06 secs] 
4238.144: [GC (Allocation Failure) [PSYoungGen: 419189K->83977K(465920K)] 1404357K->1139513K(1864192K), 0.1048602 secs] [Times: user=0.58 sys=0.01, real=0.11 secs] 
4238.581: [GC (Allocation Failure) [PSYoungGen: 316937K->182102K(465920K)] 1372473K->1264931K(1864192K), 0.0435158 secs] [Times: user=0.18 sys=0.00, real=0.04 secs] 
4238.804: [GC (Allocation Failure) [PSYoungGen: 415019K->184534K(465920K)] 1497848K->1323899K(1864192K), 0.0493074 secs] [Times: user=0.23 sys=0.00, real=0.05 secs] 
4239.126: [GC (Allocation Failure) [PSYoungGen: 417494K->186325K(465920K)] 1556859K->1381402K(1864192K), 0.0647575 secs] [Times: user=0.32 sys=0.00, real=0.07 secs] 
4240.265: [GC (Allocation Failure) [PSYoungGen: 419285K->108957K(465920K)] 1614362K->1374338K(1864192K), 0.0482900 secs] [Times: user=0.25 sys=0.01, real=0.05 secs] 
4241.263: [GC (Allocation Failure) [PSYoungGen: 341917K->154610K(465920K)] 1607298K->1455440K(1864192K), 0.0849194 secs] [Times: user=0.44 sys=0.00, real=0.09 secs] 
4241.490: [GC (Allocation Failure) [PSYoungGen: 387482K->184277K(465920K)] 1688312K->1533047K(1864192K), 0.0434212 secs] [Times: user=0.19 sys=0.00, real=0.04 secs] 
4241.533: [Full GC (Ergonomics) [PSYoungGen: 184277K->0K(465920K)] [ParOldGen: 1348769K->250748K(1398272K)] 1533047K->250748K(1864192K), [Metaspace: 60352K->60352K(1105920K)], 0.3068182 secs] [Times: user=1.42 sys=0.00, real=0.31 secs] 
4241.949: [GC (GCLocker Initiated GC) [PSYoungGen: 232960K->184855K(465920K)] 483708K->435604K(1864192K), 0.0886087 secs] [Times: user=0.47 sys=0.00, real=0.09 secs] 
4242.140: [GC (Allocation Failure) [PSYoungGen: 417815K->186869K(465920K)] 668730K->496544K(1864192K), 0.0568106 secs] [Times: user=0.28 sys=0.00, real=0.05 secs] 
4243.241: [GC (Allocation Failure) [PSYoungGen: 419829K->86858K(465920K)] 729504K->467022K(1864192K), 0.0542526 secs] [Times: user=0.29 sys=0.00, real=0.05 secs] 
4243.815: [GC (Allocation Failure) [PSYoungGen: 319818K->174069K(465920K)] 699982K->582049K(1864192K), 0.0433840 secs] [Times: user=0.19 sys=0.00, real=0.05 secs] 
4244.014: [GC (Allocation Failure) [PSYoungGen: 407029K->185110K(465920K)] 815009K->647534K(1864192K), 0.0563315 secs] [Times: user=0.27 sys=0.00, real=0.06 secs] 
4244.195: [GC (Allocation Failure) [PSYoungGen: 418070K->187029K(465920K)] 880494K->705678K(1864192K), 0.0448801 secs] [Times: user=0.21 sys=0.00, real=0.05 secs] 
4245.228: [GC (Allocation Failure) [PSYoungGen: 419989K->117038K(465920K)] 938638K->706151K(1864192K), 0.0462802 secs] [Times: user=0.23 sys=0.00, real=0.04 secs] 
4246.178: [GC (Allocation Failure) [PSYoungGen: 349998K->146865K(465920K)] 939111K->773098K(1864192K), 0.1153533 secs] [Times: user=0.62 sys=0.01, real=0.11 secs] 
4246.443: [GC (Allocation Failure) [PSYoungGen: 379825K->183765K(465920K)] 1006058K->856942K(1864192K), 0.0399378 secs] [Times: user=0.17 sys=0.00, real=0.04 secs] 
4246.593: [GC (Allocation Failure) [PSYoungGen: 416725K->185495K(465920K)] 1089902K->922464K(1864192K), 0.0491992 secs] [Times: user=0.23 sys=0.00, real=0.05 secs] 
4246.746: [GC (Allocation Failure) [PSYoungGen: 418455K->184020K(465920K)] 1155424K->979934K(1864192K), 0.0555990 secs] [Times: user=0.28 sys=0.00, real=0.06 secs] 
4248.169: [GC (Allocation Failure) [PSYoungGen: 416980K->93147K(465920K)] 1212894K->958300K(1864192K), 0.1079004 secs] [Times: user=0.59 sys=0.00, real=0.10 secs] 
4248.579: [GC (Allocation Failure) [PSYoungGen: 326107K->178613K(465920K)] 1191260K->1074159K(1864192K), 0.0377912 secs] [Times: user=0.16 sys=0.00, real=0.03 secs] 
4248.746: [GC (Allocation Failure) [PSYoungGen: 411447K->184214K(465920K)] 1306993K->1135096K(1864192K), 0.0487632 secs] [Times: user=0.23 sys=0.00, real=0.05 secs] 
4248.922: [GC (Allocation Failure) [PSYoungGen: 417174K->186549K(465920K)] 1368056K->1193359K(1864192K), 0.0462093 secs] [Times: user=0.21 sys=0.00, real=0.05 secs] 
4250.401: [GC (Allocation Failure) [PSYoungGen: 419509K->120207K(465920K)] 1426319K->1197433K(1864192K), 0.0476440 secs] [Times: user=0.25 sys=0.00, real=0.05 secs] 
4250.809: [GC (Allocation Failure) [PSYoungGen: 350700K->141489K(465920K)] 1427926K->1256819K(1864192K), 0.1098866 secs] [Times: user=0.60 sys=0.00, real=0.11 secs] 
4251.054: [GC (Allocation Failure) [PSYoungGen: 374449K->178677K(465920K)] 1489779K->1339332K(1864192K), 0.0402637 secs] [Times: user=0.17 sys=0.00, real=0.04 secs] 
4251.203: [GC (Allocation Failure) [PSYoungGen: 411637K->186199K(465920K)] 1572292K->1409042K(1864192K), 0.0505957 secs] [Times: user=0.24 sys=0.00, real=0.05 secs] 
4251.358: [GC (Allocation Failure) [PSYoungGen: 419159K->183348K(465920K)] 1642002K->1465319K(1864192K), 0.0575044 secs] [Times: user=0.28 sys=0.00, real=0.05 secs] 
4252.730: [GC (Allocation Failure) [PSYoungGen: 416308K->89914K(465920K)] 1698279K->1440997K(1864192K), 0.0924504 secs] [Times: user=0.50 sys=0.00, real=0.09 secs] 
4252.822: [Full GC (Ergonomics) [PSYoungGen: 89914K->0K(465920K)] [ParOldGen: 1351083K->94766K(1398272K)] 1440997K->94766K(1864192K), [Metaspace: 60352K->60352K(1105920K)], 0.1124607 secs] [Times: user=0.45 sys=0.00, real=0.11 secs] 
4253.258: [GC (GCLocker Initiated GC) [PSYoungGen: 232960K->177973K(465920K)] 327726K->272740K(1864192K), 0.0300293 secs] [Times: user=0.11 sys=0.00, real=0.03 secs] 
4253.399: [GC (GCLocker Initiated GC) [PSYoungGen: 410933K->183733K(465920K)] 505702K->333951K(1864192K), 0.0419552 secs] [Times: user=0.19 sys=0.00, real=0.04 secs] 
4253.544: [GC (Allocation Failure) [PSYoungGen: 416693K->184340K(465920K)] 566949K->390389K(1864192K), 0.0437761 secs] [Times: user=0.20 sys=0.00, real=0.05 secs] 
4254.573: [GC (Allocation Failure) [PSYoungGen: 417300K->135472K(465920K)] 623349K->410992K(1864192K), 0.0480626 secs] [Times: user=0.23 sys=0.00, real=0.05 secs] 
4256.038: [GC (Allocation Failure) [PSYoungGen: 368432K->135536K(465920K)] 643952K->453872K(1864192K), 0.1361613 secs] [Times: user=0.75 sys=0.00, real=0.13 secs] 
4256.353: [GC (Allocation Failure) [PSYoungGen: 368496K->174804K(465920K)] 686832K->536349K(1864192K), 0.0388041 secs] [Times: user=0.17 sys=0.00, real=0.04 secs] 
4256.527: [GC (GCLocker Initiated GC) [PSYoungGen: 407764K->185303K(465920K)] 769309K->608376K(1864192K), 0.0699388 secs] [Times: user=0.34 sys=0.00, real=0.07 secs] 
4256.761: [GC (Allocation Failure) [PSYoungGen: 418263K->185973K(465920K)] 841375K->667925K(1864192K), 0.0802615 secs] [Times: user=0.41 sys=0.00, real=0.08 secs] 
4258.033: [GC (Allocation Failure) [PSYoungGen: 418933K->87882K(465920K)] 900885K->639986K(1864192K), 0.0489637 secs] [Times: user=0.26 sys=0.00, real=0.05 secs] 
4258.502: [GC (Allocation Failure) [PSYoungGen: 320842K->177173K(465920K)] 872946K->757026K(1864192K), 0.0540864 secs] [Times: user=0.23 sys=0.00, real=0.05 secs] 
4258.720: [GC (Allocation Failure) [PSYoungGen: 410133K->184790K(465920K)] 989986K->820302K(1864192K), 0.0441746 secs] [Times: user=0.20 sys=0.00, real=0.04 secs] 
4258.866: [GC (Allocation Failure) [PSYoungGen: 417750K->187157K(465920K)] 1053262K->878606K(1864192K), 0.0463847 secs] [Times: user=0.22 sys=0.00, real=0.05 secs] 
4259.848: [GC (Allocation Failure) [PSYoungGen: 420117K->142961K(465920K)] 1111566K->905074K(1864192K), 0.0514851 secs] [Times: user=0.25 sys=0.01, real=0.05 secs] 
4260.472: [GC (Allocation Failure) [PSYoungGen: 375921K->124015K(465920K)] 1138034K->931399K(1864192K), 0.1046886 secs] [Times: user=0.58 sys=0.01, real=0.10 secs] 
4260.795: [GC (Allocation Failure) [PSYoungGen: 356975K->178357K(465920K)] 1164359K->1025363K(1864192K), 0.0377617 secs] [Times: user=0.16 sys=0.00, real=0.04 secs] 
4260.942: [GC (Allocation Failure) [PSYoungGen: 411317K->185463K(465920K)] 1258323K->1094733K(1864192K), 0.0505293 secs] [Times: user=0.23 sys=0.00, real=0.05 secs] 
4261.146: [GC (Allocation Failure) [PSYoungGen: 418423K->183508K(465920K)] 1327693K->1151627K(1864192K), 0.0594270 secs] [Times: user=0.29 sys=0.00, real=0.06 secs] 
4262.789: [GC (Allocation Failure) [PSYoungGen: 416468K->93787K(465920K)] 1384587K->1131242K(1864192K), 0.1181156 secs] [Times: user=0.65 sys=0.00, real=0.11 secs] 
4263.552: [GC (Allocation Failure) [PSYoungGen: 326747K->173877K(465920K)] 1364202K->1241708K(1864192K), 0.0435697 secs] [Times: user=0.19 sys=0.00, real=0.04 secs] 
4263.753: [GC (Allocation Failure) [PSYoungGen: 406837K->184502K(465920K)] 1474668K->1306357K(1864192K), 0.0486794 secs] [Times: user=0.22 sys=0.00, real=0.05 secs] 
4263.991: [GC (GCLocker Initiated GC) [PSYoungGen: 417462K->184821K(465920K)] 1539317K->1362748K(1864192K), 0.0524317 secs] [Times: user=0.26 sys=0.01, real=0.05 secs] 
4265.257: [GC (Allocation Failure) [PSYoungGen: 417781K->152851K(465920K)] 1595710K->1400740K(1864192K), 0.0524425 secs] [Times: user=0.26 sys=0.00, real=0.05 secs] 
4265.769: [GC (Allocation Failure) [PSYoungGen: 385811K->114077K(465920K)] 1633700K->1410239K(1864192K), 0.1534886 secs] [Times: user=0.87 sys=0.01, real=0.15 secs] 
4266.081: [GC (Allocation Failure) [PSYoungGen: 347037K->186517K(465920K)] 1643199K->1518759K(1864192K), 0.0380077 secs] [Times: user=0.17 sys=0.00, real=0.04 secs] 
4266.119: [Full GC (Ergonomics) [PSYoungGen: 186517K->0K(465920K)] [ParOldGen: 1332242K->231479K(1398272K)] 1518759K->231479K(1864192K), [Metaspace: 60352K->60352K(1105920K)], 0.2665677 secs] [Times: user=1.22 sys=0.00, real=0.26 secs] 
4266.494: [GC (Allocation Failure) [PSYoungGen: 232960K->185239K(465920K)] 464439K->416718K(1864192K), 0.0785922 secs] [Times: user=0.40 sys=0.00, real=0.08 secs] 
4266.675: [GC (Allocation Failure) [PSYoungGen: 418199K->186709K(465920K)] 649678K->477081K(1864192K), 0.0577797 secs] [Times: user=0.28 sys=0.00, real=0.06 secs] 
4267.793: [GC (Allocation Failure) [PSYoungGen: 419669K->90042K(465920K)] 710041K->450726K(1864192K), 0.0494031 secs] [Times: user=0.26 sys=0.00, real=0.05 secs] 
4268.483: [GC (Allocation Failure) [PSYoungGen: 323002K->174037K(465920K)] 683686K->564037K(1864192K), 0.0523661 secs] [Times: user=0.24 sys=0.00, real=0.05 secs] 
4268.738: [GC (Allocation Failure) [PSYoungGen: 406997K->184438K(465920K)] 796997K->628738K(1864192K), 0.0584864 secs] [Times: user=0.28 sys=0.00, real=0.05 secs] 
4268.912: [GC (Allocation Failure) [PSYoungGen: 410183K->178646K(465920K)] 854484K->687235K(1864192K), 0.0501466 secs] [Times: user=0.23 sys=0.01, real=0.05 secs] 
4269.777: [GC (Allocation Failure) [PSYoungGen: 406812K->206131K(465920K)] 915401K->771519K(1864192K), 0.0535612 secs] [Times: user=0.27 sys=0.00, real=0.06 secs] 
4271.125: [GC (Allocation Failure) [PSYoungGen: 439091K->96763K(465920K)] 1004479K->726864K(1864192K), 0.0899112 secs] [Times: user=0.49 sys=0.00, real=0.09 secs] 
4271.523: [GC (Allocation Failure) [PSYoungGen: 329723K->183126K(465920K)] 959824K->844528K(1864192K), 0.0348781 secs] [Times: user=0.14 sys=0.00, real=0.04 secs] 
4271.697: [GC (Allocation Failure) [PSYoungGen: 416086K->184438K(465920K)] 1077488K->902575K(1864192K), 0.0494433 secs] [Times: user=0.23 sys=0.00, real=0.05 secs] 
4272.129: [GC (Allocation Failure) [PSYoungGen: 417398K->186069K(465920K)] 1135535K->960031K(1864192K), 0.0633237 secs] [Times: user=0.31 sys=0.00, real=0.06 secs] 
4273.682: [GC (Allocation Failure) [PSYoungGen: 419029K->93643K(465920K)] 1192991K->937709K(1864192K), 0.0454228 secs] [Times: user=0.24 sys=0.00, real=0.05 secs] 
4274.042: [GC (Allocation Failure) [PSYoungGen: 326603K->169652K(465920K)] 1170669K->1044694K(1864192K), 0.0770057 secs] [Times: user=0.38 sys=0.01, real=0.08 secs] 
4274.286: [GC (Allocation Failure) [PSYoungGen: 402612K->184470K(465920K)] 1277654K->1112736K(1864192K), 0.0434255 secs] [Times: user=0.20 sys=0.00, real=0.05 secs] 
4274.436: [GC (Allocation Failure) [PSYoungGen: 417430K->185943K(465920K)] 1345696K->1178369K(1864192K), 0.0509292 secs] [Times: user=0.24 sys=0.00, real=0.05 secs] 
4274.798: [GC (Allocation Failure) [PSYoungGen: 418903K->198996K(465920K)] 1411329K->1250342K(1864192K), 0.0547143 secs] [Times: user=0.27 sys=0.00, real=0.05 secs] 
4275.947: [GC (Allocation Failure) [PSYoungGen: 431956K->89146K(465920K)] 1483302K->1208852K(1864192K), 0.0775717 secs] [Times: user=0.42 sys=0.00, real=0.08 secs] 
4276.427: [GC (Allocation Failure) [PSYoungGen: 322106K->181494K(465920K)] 1441812K->1329753K(1864192K), 0.0488287 secs] [Times: user=0.22 sys=0.00, real=0.05 secs] 
4276.632: [GC (Allocation Failure) [PSYoungGen: 414454K->184374K(465920K)] 1562713K->1389101K(1864192K), 0.0501990 secs] [Times: user=0.23 sys=0.00, real=0.05 secs] 
4276.797: [GC (Allocation Failure) [PSYoungGen: 417334K->186709K(465920K)] 1622061K->1447500K(1864192K), 0.0466303 secs] [Times: user=0.22 sys=0.00, real=0.05 secs] 
4277.853: [GC (Allocation Failure) [PSYoungGen: 419669K->99164K(465920K)] 1680460K->1430347K(1864192K), 0.0462328 secs] [Times: user=0.24 sys=0.00, real=0.05 secs] 
4277.899: [Full GC (Ergonomics) [PSYoungGen: 99164K->0K(465920K)] [ParOldGen: 1331183K->87543K(1398272K)] 1430347K->87543K(1864192K), [Metaspace: 60352K->60352K(1105920K)], 0.0331815 secs] [Times: user=0.10 sys=0.00, real=0.03 secs] 
4279.238: [GC (GCLocker Initiated GC) [PSYoungGen: 232960K->165652K(465920K)] 320503K->253195K(1864192K), 0.0461140 secs] [Times: user=0.19 sys=0.00, real=0.04 secs] 
4279.562: [GC (Allocation Failure) [PSYoungGen: 398612K->183541K(465920K)] 486157K->322299K(1864192K), 0.0517388 secs] [Times: user=0.25 sys=0.00, real=0.05 secs] 
4279.884: [GC (Allocation Failure) [PSYoungGen: 416501K->182486K(465920K)] 555259K->385036K(1864192K), 0.0883089 secs] [Times: user=0.44 sys=0.00, real=0.09 secs] 
4280.182: [GC (Allocation Failure) [PSYoungGen: 415446K->185013K(465920K)] 617996K->445554K(1864192K), 0.1045265 secs] [Times: user=0.53 sys=0.00, real=0.10 secs] 
4281.538: [GC (Allocation Failure) [PSYoungGen: 417973K->88938K(465920K)] 678514K->419376K(1864192K), 0.0709179 secs] [Times: user=0.38 sys=0.00, real=0.07 secs] 
4281.831: [GC (Allocation Failure) [PSYoungGen: 321898K->183062K(465920K)] 652336K->542304K(1864192K), 0.0355556 secs] [Times: user=0.14 sys=0.00, real=0.03 secs] 
4281.973: [GC (Allocation Failure) [PSYoungGen: 416022K->181653K(465920K)] 775264K->597648K(1864192K), 0.0430966 secs] [Times: user=0.19 sys=0.00, real=0.04 secs] 
4282.121: [GC (Allocation Failure) [PSYoungGen: 414613K->186421K(465920K)] 830608K->657599K(1864192K), 0.0445162 secs] [Times: user=0.20 sys=0.00, real=0.04 secs] 
4283.143: [GC (Allocation Failure) [PSYoungGen: 419381K->105308K(465920K)] 890559K->646879K(1864192K), 0.0452497 secs] [Times: user=0.23 sys=0.00, real=0.05 secs] 
4283.755: [GC (Allocation Failure) [PSYoungGen: 338268K->159955K(465920K)] 879839K->735154K(1864192K), 0.0711921 secs] [Times: user=0.35 sys=0.00, real=0.07 secs] 
4283.967: [GC (Allocation Failure) [PSYoungGen: 392915K->181973K(465920K)] 968114K->807673K(1864192K), 0.0414962 secs] [Times: user=0.19 sys=0.00, real=0.05 secs] 
4284.119: [GC (Allocation Failure) [PSYoungGen: 414933K->185495K(465920K)] 1040633K->874786K(1864192K), 0.0496127 secs] [Times: user=0.23 sys=0.00, real=0.05 secs] 
4284.275: [GC (Allocation Failure) [PSYoungGen: 418455K->186453K(465920K)] 1107746K->934432K(1864192K), 0.0562917 secs] [Times: user=0.27 sys=0.00, real=0.06 secs] 
4285.496: [GC (Allocation Failure) [PSYoungGen: 419413K->89370K(465920K)] 1167392K->907770K(1864192K), 0.0556276 secs] [Times: user=0.30 sys=0.00, real=0.06 secs] 
4285.716: [GC (Allocation Failure) [PSYoungGen: 322330K->182422K(465920K)] 1140730K->1030045K(1864192K), 0.0341087 secs] [Times: user=0.14 sys=0.00, real=0.04 secs] 
4285.858: [GC (Allocation Failure) [PSYoungGen: 415382K->184534K(465920K)] 1263005K->1088853K(1864192K), 0.0441026 secs] [Times: user=0.20 sys=0.00, real=0.04 secs] 
4286.027: [GC (Allocation Failure) [PSYoungGen: 417494K->186389K(465920K)] 1321813K->1146724K(1864192K), 0.0508709 secs] [Times: user=0.25 sys=0.00, real=0.06 secs] 
4287.198: [GC (Allocation Failure) [PSYoungGen: 419349K->107165K(465920K)] 1379684K->1137812K(1864192K), 0.0463447 secs] [Times: user=0.24 sys=0.00, real=0.04 secs] 
4288.898: [GC (Allocation Failure) [PSYoungGen: 340125K->156786K(465920K)] 1370772K->1222142K(1864192K), 0.0951041 secs] [Times: user=0.50 sys=0.00, real=0.09 secs] 
4289.180: [GC (Allocation Failure) [PSYoungGen: 389746K->182165K(465920K)] 1455102K->1296585K(1864192K), 0.0478524 secs] [Times: user=0.23 sys=0.00, real=0.05 secs] 
4289.355: [GC (Allocation Failure) [PSYoungGen: 415113K->186071K(465920K)] 1529533K->1364087K(1864192K), 0.0555768 secs] [Times: user=0.26 sys=0.00, real=0.06 secs] 
4289.546: [GC (Allocation Failure) [PSYoungGen: 419031K->182708K(465920K)] 1597047K->1419628K(1864192K), 0.0703726 secs] [Times: user=0.37 sys=0.00, real=0.07 secs] 
4290.662: [GC (GCLocker Initiated GC) [PSYoungGen: 415668K->88458K(465920K)] 1652588K->1394714K(1864192K), 0.0547960 secs] [Times: user=0.29 sys=0.00, real=0.05 secs] 
4291.218: [GC (Allocation Failure) [PSYoungGen: 321418K->177365K(465920K)] 1627804K->1512367K(1864192K), 0.0501819 secs] [Times: user=0.23 sys=0.00, real=0.05 secs] 
4291.269: [Full GC (Ergonomics) [PSYoungGen: 177365K->0K(465920K)] [ParOldGen: 1335002K->216610K(1398272K)] 1512367K->216610K(1864192K), [Metaspace: 60352K->60352K(1105920K)], 0.2496390 secs] [Times: user=1.16 sys=0.01, real=0.25 secs] 
4291.636: [GC (Allocation Failure) [PSYoungGen: 232960K->189941K(465920K)] 449570K->406552K(1864192K), 0.0268512 secs] [Times: user=0.10 sys=0.01, real=0.03 secs] 
4291.803: [GC (Allocation Failure) [PSYoungGen: 422901K->203349K(465920K)] 639512K->475255K(1864192K), 0.0496216 secs] [Times: user=0.24 sys=0.00, real=0.05 secs] 
4292.865: [GC (Allocation Failure) [PSYoungGen: 436309K->120591K(465920K)] 708215K->462997K(1864192K), 0.0464723 secs] [Times: user=0.24 sys=0.00, real=0.05 secs] 
4293.918: [GC (Allocation Failure) [PSYoungGen: 353551K->148257K(465920K)] 695957K->528655K(1864192K), 0.1145322 secs] [Times: user=0.61 sys=0.01, real=0.11 secs] 
4294.185: [GC (Allocation Failure) [PSYoungGen: 381217K->183189K(465920K)] 761615K->609481K(1864192K), 0.0399691 secs] [Times: user=0.17 sys=0.00, real=0.04 secs] 
4294.334: [GC (Allocation Failure) [PSYoungGen: 416149K->182806K(465920K)] 842441K->672730K(1864192K), 0.0492945 secs] [Times: user=0.23 sys=0.00, real=0.05 secs] 
4294.489: [GC (Allocation Failure) [PSYoungGen: 415766K->186453K(465920K)] 905690K->734704K(1864192K), 0.0573358 secs] [Times: user=0.28 sys=0.01, real=0.05 secs] 
4296.018: [GC (Allocation Failure) [PSYoungGen: 419413K->93451K(465920K)] 967664K->712110K(1864192K), 0.1209419 secs] [Times: user=0.67 sys=0.00, real=0.12 secs] 
4296.547: [GC (Allocation Failure) [PSYoungGen: 326411K->174229K(465920K)] 945070K->823149K(1864192K), 0.0420994 secs] [Times: user=0.18 sys=0.01, real=0.05 secs] 
4296.709: [GC (Allocation Failure) [PSYoungGen: 407189K->184502K(465920K)] 1056109K->888046K(1864192K), 0.0428100 secs] [Times: user=0.19 sys=0.00, real=0.04 secs] 
4296.859: [GC (Allocation Failure) [PSYoungGen: 417462K->186389K(465920K)] 1121006K->945773K(1864192K), 0.0452515 secs] [Times: user=0.21 sys=0.00, real=0.04 secs] 
4298.003: [GC (Allocation Failure) [PSYoungGen: 419349K->128528K(465920K)] 1178733K->958072K(1864192K), 0.0482465 secs] [Times: user=0.24 sys=0.00, real=0.05 secs] 
4298.380: [GC (Allocation Failure) [PSYoungGen: 361488K->143777K(465920K)] 1191032K->1014121K(1864192K), 0.0609838 secs] [Times: user=0.32 sys=0.00, real=0.06 secs] 
4298.585: [GC (Allocation Failure) [PSYoungGen: 376737K->182421K(465920K)] 1247081K->1097691K(1864192K), 0.0530143 secs] [Times: user=0.24 sys=0.00, real=0.06 secs] 
4298.768: [GC (Allocation Failure) [PSYoungGen: 415381K->185591K(465920K)] 1330651K->1164568K(1864192K), 0.0591844 secs] [Times: user=0.29 sys=0.01, real=0.06 secs] 
4298.952: [GC (Allocation Failure) [PSYoungGen: 418551K->180756K(465920K)] 1397528K->1218638K(1864192K), 0.0742058 secs] [Times: user=0.38 sys=0.00, real=0.07 secs] 
4300.182: [GC (Allocation Failure) [PSYoungGen: 413716K->92635K(465920K)] 1451598K->1198892K(1864192K), 0.0605355 secs] [Times: user=0.32 sys=0.00, real=0.06 secs] 
4300.726: [GC (Allocation Failure) [PSYoungGen: 325595K->177653K(465920K)] 1431852K->1313355K(1864192K), 0.0503320 secs] [Times: user=0.22 sys=0.00, real=0.05 secs] 
4300.913: [GC (Allocation Failure) [PSYoungGen: 410613K->185046K(465920K)] 1546315K->1376536K(1864192K), 0.0443799 secs] [Times: user=0.20 sys=0.00, real=0.05 secs] 
4301.059: [GC (Allocation Failure) [PSYoungGen: 418006K->184372K(465920K)] 1609496K->1431863K(1864192K), 0.0461945 secs] [Times: user=0.21 sys=0.00, real=0.04 secs] 
4302.079: [GC (Allocation Failure) [PSYoungGen: 417332K->132944K(465920K)] 1664823K->1449987K(1864192K), 0.0494541 secs] [Times: user=0.25 sys=0.00, real=0.05 secs] 
4302.129: [Full GC (Ergonomics) [PSYoungGen: 132944K->0K(465920K)] [ParOldGen: 1317042K->345097K(1398272K)] 1449987K->345097K(1864192K), [Metaspace: 60352K->60352K(1105920K)], 0.5783248 secs] [Times: user=2.52 sys=0.00, real=0.57 secs] 
4303.781: [GC (Allocation Failure) [PSYoungGen: 232921K->136592K(465920K)] 578019K->481690K(1864192K), 0.0335720 secs] [Times: user=0.13 sys=0.00, real=0.03 secs] 
4303.981: [GC (Allocation Failure) [PSYoungGen: 369552K->175924K(465920K)] 714650K->564751K(1864192K), 0.0379629 secs] [Times: user=0.16 sys=0.00, real=0.04 secs] 
4304.171: [GC (Allocation Failure) [PSYoungGen: 408884K->185623K(465920K)] 797711K->636161K(1864192K), 0.0781112 secs] [Times: user=0.39 sys=0.01, real=0.08 secs] 
4304.385: [GC (Allocation Failure) [PSYoungGen: 418583K->186261K(465920K)] 869121K->695815K(1864192K), 0.0568324 secs] [Times: user=0.28 sys=0.00, real=0.06 secs] 
4305.520: [GC (Allocation Failure) [PSYoungGen: 419221K->88090K(465920K)] 928775K->667797K(1864192K), 0.0427436 secs] [Times: user=0.23 sys=0.00, real=0.04 secs] 
4305.912: [GC (Allocation Failure) [PSYoungGen: 321050K->177653K(465920K)] 900757K->786149K(1864192K), 0.0521035 secs] [Times: user=0.23 sys=0.00, real=0.05 secs] 
4306.115: [GC (Allocation Failure) [PSYoungGen: 410613K->184374K(465920K)] 1019109K->848169K(1864192K), 0.0434173 secs] [Times: user=0.20 sys=0.00, real=0.05 secs] 
4306.262: [GC (Allocation Failure) [PSYoungGen: 417334K->186901K(465920K)] 1081129K->906601K(1864192K), 0.0456629 secs] [Times: user=0.22 sys=0.00, real=0.05 secs] 
4307.242: [GC (Allocation Failure) [PSYoungGen: 419861K->139473K(465920K)] 1139561K->929717K(1864192K), 0.0492525 secs] [Times: user=0.24 sys=0.00, real=0.05 secs] 
4307.916: [GC (Allocation Failure) [PSYoungGen: 372433K->129551K(465920K)] 1162677K->964091K(1864192K), 0.1059799 secs] [Times: user=0.57 sys=0.01, real=0.11 secs] 
4308.196: [GC (Allocation Failure) [PSYoungGen: 362511K->177909K(465920K)] 1197051K->1054077K(1864192K), 0.0383676 secs] [Times: user=0.17 sys=0.00, real=0.04 secs] 
4308.347: [GC (Allocation Failure) [PSYoungGen: 410869K->185111K(465920K)] 1287037K->1123699K(1864192K), 0.0515665 secs] [Times: user=0.22 sys=0.00, real=0.06 secs] 
4308.525: [GC (Allocation Failure) [PSYoungGen: 418071K->186933K(465920K)] 1356659K->1184242K(1864192K), 0.0625554 secs] [Times: user=0.32 sys=0.00, real=0.06 secs] 
4309.687: [GC (Allocation Failure) [PSYoungGen: 419893K->97259K(465920K)] 1417202K->1165092K(1864192K), 0.0524930 secs] [Times: user=0.28 sys=0.00, real=0.06 secs] 
4310.670: [GC (Allocation Failure) [PSYoungGen: 330219K->168148K(465920K)] 1398052K->1266945K(1864192K), 0.0514174 secs] [Times: user=0.23 sys=0.00, real=0.05 secs] 
4310.867: [GC (Allocation Failure) [PSYoungGen: 401108K->184694K(465920K)] 1499905K->1336583K(1864192K), 0.0437621 secs] [Times: user=0.19 sys=0.00, real=0.05 secs] 
4311.037: [GC (Allocation Failure) [PSYoungGen: 417654K->187285K(465920K)] 1569543K->1395087K(1864192K), 0.0656480 secs] [Times: user=0.32 sys=0.00, real=0.07 secs] 
4312.088: [GC (Allocation Failure) [PSYoungGen: 420245K->145490K(465920K)] 1628047K->1423963K(1864192K), 0.0523594 secs] [Times: user=0.26 sys=0.00, real=0.05 secs] 
4313.016: [GC (GCLocker Initiated GC) [PSYoungGen: 378450K->127167K(465920K)] 1656924K->1451769K(1864192K), 0.1859026 secs] [Times: user=1.05 sys=0.01, real=0.19 secs] 
4313.201: [Full GC (Ergonomics) [PSYoungGen: 127167K->0K(465920K)] [ParOldGen: 1324601K->143926K(1398272K)] 1451769K->143926K(1864192K), [Metaspace: 60352K->60352K(1105920K)], 0.1775239 secs] [Times: user=0.84 sys=0.00, real=0.18 secs] 
4313.510: [GC (Allocation Failure) [PSYoungGen: 232960K->177141K(465920K)] 376889K->321070K(1864192K), 0.0261015 secs] [Times: user=0.10 sys=0.01, real=0.02 secs] 
4313.645: [GC (Allocation Failure) [PSYoungGen: 410101K->185527K(465920K)] 554030K->391664K(1864192K), 0.0478995 secs] [Times: user=0.22 sys=0.00, real=0.05 secs] 
4313.795: [GC (Allocation Failure) [PSYoungGen: 418487K->186485K(465920K)] 624624K->451542K(1864192K), 0.0568634 secs] [Times: user=0.28 sys=0.00, real=0.06 secs] 
4314.974: [GC (GCLocker Initiated GC) [PSYoungGen: 419445K->91787K(465920K)] 684502K->427268K(1864192K), 0.0562067 secs] [Times: user=0.30 sys=0.00, real=0.06 secs] 
4315.510: [GC (Allocation Failure) [PSYoungGen: 324747K->172596K(465920K)] 660359K->537406K(1864192K), 0.0417809 secs] [Times: user=0.18 sys=0.00, real=0.04 secs] 
4315.674: [GC (Allocation Failure) [PSYoungGen: 405556K->184758K(465920K)] 770366K->603647K(1864192K), 0.0426838 secs] [Times: user=0.19 sys=0.00, real=0.04 secs] 
4315.819: [GC (Allocation Failure) [PSYoungGen: 417718K->232948K(465920K)] 836607K->709038K(1864192K), 0.0481314 secs] [Times: user=0.22 sys=0.00, real=0.04 secs] 
4316.789: [GC (Allocation Failure) [PSYoungGen: 465908K->152338K(465920K)] 941998K->698212K(1864192K), 0.0509124 secs] [Times: user=0.24 sys=0.01, real=0.05 secs] 
4317.438: [GC (Allocation Failure) [PSYoungGen: 385298K->116606K(465920K)] 931172K->710727K(1864192K), 0.1243056 secs] [Times: user=0.69 sys=0.00, real=0.12 secs] 
4317.807: [GC (Allocation Failure) [PSYoungGen: 349566K->178645K(465920K)] 943687K->810387K(1864192K), 0.0370014 secs] [Times: user=0.16 sys=0.00, real=0.04 secs] 
4317.955: [GC (Allocation Failure) [PSYoungGen: 411605K->185111K(465920K)] 1043347K->879105K(1864192K), 0.0494913 secs] [Times: user=0.23 sys=0.00, real=0.05 secs] 
4318.107: [GC (Allocation Failure) [PSYoungGen: 418071K->186293K(465920K)] 1112065K->939103K(1864192K), 0.0592392 secs] [Times: user=0.30 sys=0.00, real=0.05 secs] 
4319.245: [GC (GCLocker Initiated GC) [PSYoungGen: 419253K->93803K(465920K)] 1172064K->917094K(1864192K), 0.0533872 secs] [Times: user=0.28 sys=0.01, real=0.06 secs] 
4320.484: [GC (Allocation Failure) [PSYoungGen: 326763K->167764K(465920K)] 1150093K->1021242K(1864192K), 0.0589995 secs] [Times: user=0.27 sys=0.00, real=0.06 secs] 
4320.697: [GC (Allocation Failure) [PSYoungGen: 400724K->184598K(465920K)] 1254202K->1091163K(1864192K), 0.0441639 secs] [Times: user=0.20 sys=0.00, real=0.05 secs] 
4320.849: [GC (Allocation Failure) [PSYoungGen: 412273K->180150K(465920K)] 1318839K->1150812K(1864192K), 0.0507376 secs] [Times: user=0.24 sys=0.00, real=0.05 secs] 
4321.880: [GC (Allocation Failure) [PSYoungGen: 413110K->168755K(465920K)] 1383772K->1196721K(1864192K), 0.0566507 secs] [Times: user=0.29 sys=0.00, real=0.05 secs] 
4322.492: [GC (Allocation Failure) [PSYoungGen: 401715K->109869K(465920K)] 1429681K->1202499K(1864192K), 0.0819492 secs] [Times: user=0.43 sys=0.01, real=0.08 secs] 
4322.768: [GC (Allocation Failure) [PSYoungGen: 342829K->185141K(465920K)] 1435459K->1312866K(1864192K), 0.0374422 secs] [Times: user=0.16 sys=0.00, real=0.03 secs] 
4322.956: [GC (Allocation Failure) [PSYoungGen: 418101K->183286K(465920K)] 1545826K->1372924K(1864192K), 0.0765584 secs] [Times: user=0.38 sys=0.01, real=0.08 secs] 
4323.157: [GC (Allocation Failure) [PSYoungGen: 416246K->186645K(465920K)] 1605884K->1434386K(1864192K), 0.0604645 secs] [Times: user=0.30 sys=0.00, real=0.07 secs] 
4324.273: [GC (Allocation Failure) [PSYoungGen: 419605K->92939K(465920K)] 1667346K->1411156K(1864192K), 0.0474129 secs] [Times: user=0.25 sys=0.00, real=0.05 secs] 
4324.320: [Full GC (Ergonomics) [PSYoungGen: 92939K->0K(465920K)] [ParOldGen: 1318217K->87450K(1398272K)] 1411156K->87450K(1864192K), [Metaspace: 60352K->60352K(1105920K)], 0.0416776 secs] [Times: user=0.13 sys=0.00, real=0.04 secs] 
4324.908: [GC (Allocation Failure) [PSYoungGen: 232960K->168788K(465920K)] 320410K->256238K(1864192K), 0.0425604 secs] [Times: user=0.16 sys=0.00, real=0.04 secs] 
4325.120: [GC (Allocation Failure) [PSYoungGen: 401748K->184790K(465920K)] 489198K->325268K(1864192K), 0.0417566 secs] [Times: user=0.19 sys=0.00, real=0.04 secs] 
4325.295: [GC (Allocation Failure) [PSYoungGen: 417750K->186231K(465920K)] 558228K->390805K(1864192K), 0.0550794 secs] [Times: user=0.26 sys=0.00, real=0.06 secs] 
4326.180: [GC (Allocation Failure) [PSYoungGen: 418514K->208691K(465920K)] 623088K->472393K(1864192K), 0.0537595 secs] [Times: user=0.27 sys=0.00, real=0.05 secs] 
4326.845: [GC (Allocation Failure) [PSYoungGen: 441651K->103100K(465920K)] 705353K->432434K(1864192K), 0.1136889 secs] [Times: user=0.62 sys=0.00, real=0.12 secs] 
4327.250: [GC (Allocation Failure) [PSYoungGen: 335955K->179957K(465920K)] 665290K->541565K(1864192K), 0.0367232 secs] [Times: user=0.15 sys=0.00, real=0.03 secs] 
4327.397: [GC (GCLocker Initiated GC) [PSYoungGen: 412917K->183765K(465920K)] 774525K->601485K(1864192K), 0.0426906 secs] [Times: user=0.19 sys=0.00, real=0.05 secs] 
4327.580: [GC (Allocation Failure) [PSYoungGen: 416725K->186133K(465920K)] 834612K->659843K(1864192K), 0.0666611 secs] [Times: user=0.32 sys=0.00, real=0.06 secs] 
4328.761: [GC (Allocation Failure) [PSYoungGen: 419093K->95435K(465920K)] 892803K->639362K(1864192K), 0.0544554 secs] [Times: user=0.29 sys=0.00, real=0.05 secs] 
4329.925: [GC (Allocation Failure) [PSYoungGen: 328395K->166612K(465920K)] 872322K->741699K(1864192K), 0.0718338 secs] [Times: user=0.35 sys=0.00, real=0.07 secs] 
4330.202: [GC (Allocation Failure) [PSYoungGen: 399572K->183861K(465920K)] 974659K->810493K(1864192K), 0.0562342 secs] [Times: user=0.26 sys=0.00, real=0.06 secs] 
4330.413: [GC (Allocation Failure) [PSYoungGen: 416821K->186039K(465920K)] 1043453K->876694K(1864192K), 0.0557968 secs] [Times: user=0.27 sys=0.00, real=0.06 secs] 
4330.916: [GC (Allocation Failure) [PSYoungGen: 418999K->215988K(465920K)] 1109654K->965756K(1864192K), 0.0548073 secs] [Times: user=0.27 sys=0.00, real=0.06 secs] 
4331.994: [GC (Allocation Failure) [PSYoungGen: 448948K->89770K(465920K)] 1198716K->908322K(1864192K), 0.0449992 secs] [Times: user=0.24 sys=0.00, real=0.05 secs] 
4332.233: [GC (Allocation Failure) [PSYoungGen: 322730K->182582K(465920K)] 1141282K->1030254K(1864192K), 0.0343857 secs] [Times: user=0.14 sys=0.00, real=0.04 secs] 
4332.374: [GC (Allocation Failure) [PSYoungGen: 415542K->181397K(465920K)] 1263214K->1085882K(1864192K), 0.0448277 secs] [Times: user=0.20 sys=0.00, real=0.05 secs] 
4332.525: [GC (Allocation Failure) [PSYoungGen: 414357K->187029K(465920K)] 1318842K->1146882K(1864192K), 0.0464747 secs] [Times: user=0.21 sys=0.00, real=0.05 secs] 
4333.633: [GC (Allocation Failure) [PSYoungGen: 419989K->101180K(465920K)] 1379842K->1131553K(1864192K), 0.0517653 secs] [Times: user=0.27 sys=0.00, real=0.05 secs] 
4334.346: [GC (Allocation Failure) [PSYoungGen: 334140K->167892K(465920K)] 1364513K->1230685K(1864192K), 0.0810871 secs] [Times: user=0.39 sys=0.00, real=0.09 secs] 
4334.627: [GC (Allocation Failure) [PSYoungGen: 400852K->181813K(465920K)] 1463645K->1297179K(1864192K), 0.0517575 secs] [Times: user=0.25 sys=0.00, real=0.06 secs] 
4334.787: [GC (Allocation Failure) [PSYoungGen: 414773K->185783K(465920K)] 1530139K->1364644K(1864192K), 0.0506899 secs] [Times: user=0.24 sys=0.00, real=0.06 secs] 
4334.964: [GC (Allocation Failure) [PSYoungGen: 418743K->186261K(465920K)] 1597604K->1424131K(1864192K), 0.0746751 secs] [Times: user=0.37 sys=0.01, real=0.08 secs] 
4336.523: [GC (Allocation Failure) [PSYoungGen: 419221K->86746K(465920K)] 1657091K->1395064K(1864192K), 0.0977380 secs] [Times: user=0.53 sys=0.00, real=0.10 secs] 
4336.909: [GC (Allocation Failure) [PSYoungGen: 319706K->182774K(465920K)] 1628024K->1519313K(1864192K), 0.0375717 secs] [Times: user=0.16 sys=0.00, real=0.03 secs] 
4336.947: [Full GC (Ergonomics) [PSYoungGen: 182774K->0K(465920K)] [ParOldGen: 1336538K->227677K(1398272K)] 1519313K->227677K(1864192K), [Metaspace: 60352K->60352K(1105920K)], 0.2630049 secs] [Times: user=1.16 sys=0.00, real=0.27 secs] 
4337.321: [GC (Allocation Failure) [PSYoungGen: 232960K->184438K(465920K)] 460637K->412115K(1864192K), 0.0265106 secs] [Times: user=0.10 sys=0.00, real=0.03 secs] 
4337.496: [GC (Allocation Failure) [PSYoungGen: 417276K->186645K(465920K)] 644953K->470522K(1864192K), 0.0462129 secs] [Times: user=0.22 sys=0.00, real=0.05 secs] 
4338.927: [GC (Allocation Failure) [PSYoungGen: 419605K->99276K(465920K)] 703482K->453321K(1864192K), 0.0439432 secs] [Times: user=0.23 sys=0.00, real=0.05 secs] 
4339.374: [GC (Allocation Failure) [PSYoungGen: 332236K->164788K(465920K)] 686281K->551746K(1864192K), 0.0518489 secs] [Times: user=0.25 sys=0.00, real=0.05 secs] 
4339.558: [GC (Allocation Failure) [PSYoungGen: 397748K->183157K(465920K)] 784706K->621124K(1864192K), 0.0553131 secs] [Times: user=0.26 sys=0.00, real=0.05 secs] 
4339.748: [GC (Allocation Failure) [PSYoungGen: 416117K->185783K(465920K)] 854084K->687709K(1864192K), 0.0499701 secs] [Times: user=0.23 sys=0.00, real=0.05 secs] 
4339.902: [GC (Allocation Failure) [PSYoungGen: 418743K->186869K(465920K)] 920669K->747891K(1864192K), 0.0551755 secs] [Times: user=0.27 sys=0.00, real=0.05 secs] 
4341.039: [GC (GCLocker Initiated GC) [PSYoungGen: 419829K->85514K(465920K)] 980851K->717104K(1864192K), 0.0569702 secs] [Times: user=0.31 sys=0.00, real=0.05 secs] 
4341.556: [GC (Allocation Failure) [PSYoungGen: 318474K->178709K(465920K)] 950067K->837763K(1864192K), 0.0473161 secs] [Times: user=0.20 sys=0.00, real=0.05 secs] 
4341.730: [GC (Allocation Failure) [PSYoungGen: 411669K->184438K(465920K)] 1070723K->899587K(1864192K), 0.0438223 secs] [Times: user=0.20 sys=0.00, real=0.04 secs] 
4341.879: [GC (Allocation Failure) [PSYoungGen: 417398K->186613K(465920K)] 1132547K->957475K(1864192K), 0.0460168 secs] [Times: user=0.21 sys=0.00, real=0.04 secs] 
4342.977: [GC (Allocation Failure) [PSYoungGen: 419573K->107693K(465920K)] 1190435K->948938K(1864192K), 0.0458079 secs] [Times: user=0.23 sys=0.00, real=0.05 secs] 
4343.527: [GC (GCLocker Initiated GC) [PSYoungGen: 340653K->159539K(465920K)] 1181900K->1036610K(1864192K), 0.0673062 secs] [Times: user=0.34 sys=0.00, real=0.07 secs] 
4343.712: [GC (Allocation Failure) [PSYoungGen: 392499K->183061K(465920K)] 1269572K->1109487K(1864192K), 0.0414364 secs] [Times: user=0.18 sys=0.00, real=0.04 secs] 
4343.896: [GC (Allocation Failure) [PSYoungGen: 416021K->180086K(465920K)] 1342447K->1170327K(1864192K), 0.0739277 secs] [Times: user=0.36 sys=0.00, real=0.08 secs] 
4344.540: [GC (Allocation Failure) [PSYoungGen: 413046K->185365K(465920K)] 1403287K->1232670K(1864192K), 0.1089463 secs] [Times: user=0.56 sys=0.00, real=0.11 secs] 
4346.091: [GC (Allocation Failure) [PSYoungGen: 418325K->89978K(465920K)] 1465630K->1207252K(1864192K), 0.1133759 secs] [Times: user=0.62 sys=0.00, real=0.11 secs] 
4346.515: [GC (Allocation Failure) [PSYoungGen: 322938K->178869K(465920K)] 1440212K->1325444K(1864192K), 0.0401302 secs] [Times: user=0.18 sys=0.00, real=0.04 secs] 
4346.662: [GC (Allocation Failure) [PSYoungGen: 411829K->184982K(465920K)] 1558404K->1387212K(1864192K), 0.0448870 secs] [Times: user=0.20 sys=0.00, real=0.04 secs] 
4346.854: [GC (Allocation Failure) [PSYoungGen: 417847K->182964K(465920K)] 1620077K->1441251K(1864192K), 0.0469239 secs] [Times: user=0.22 sys=0.00, real=0.05 secs] 
4348.043: [GC (Allocation Failure) [PSYoungGen: 415924K->117758K(465920K)] 1674211K->1444988K(1864192K), 0.0479429 secs] [Times: user=0.25 sys=0.00, real=0.05 secs] 
4348.091: [Full GC (Ergonomics) [PSYoungGen: 117758K->0K(465920K)] [ParOldGen: 1327230K->98725K(1398272K)] 1444988K->98725K(1864192K), [Metaspace: 60352K->60352K(1105920K)], 0.0337181 secs] [Times: user=0.10 sys=0.00, real=0.03 secs] 
4348.705: [GC (Allocation Failure) [PSYoungGen: 232960K->147665K(465920K)] 331685K->246391K(1864192K), 0.0578445 secs] [Times: user=0.21 sys=0.01, real=0.06 secs] 
4348.994: [GC (GCLocker Initiated GC) [PSYoungGen: 380625K->180437K(465920K)] 479355K->325603K(1864192K), 0.0464374 secs] [Times: user=0.22 sys=0.00, real=0.05 secs] 
4349.163: [GC (Allocation Failure) [PSYoungGen: 413397K->184567K(465920K)] 558563K->392428K(1864192K), 0.0488369 secs] [Times: user=0.23 sys=0.00, real=0.05 secs] 
4349.369: [GC (Allocation Failure) [PSYoungGen: 417527K->186805K(465920K)] 625388K->453363K(1864192K), 0.0874258 secs] [Times: user=0.38 sys=0.00, real=0.08 secs] 
4350.991: [GC (Allocation Failure) [PSYoungGen: 419765K->90042K(465920K)] 686323K->427076K(1864192K), 0.1226081 secs] [Times: user=0.65 sys=0.00, real=0.12 secs] 
4351.970: [GC (GCLocker Initiated GC) [PSYoungGen: 323002K->171924K(465920K)] 660036K->538034K(1864192K), 0.0471147 secs] [Times: user=0.21 sys=0.00, real=0.04 secs] 
4352.153: [GC (Allocation Failure) [PSYoungGen: 404884K->184822K(465920K)] 770997K->604571K(1864192K), 0.0426366 secs] [Times: user=0.19 sys=0.00, real=0.04 secs] 
4352.320: [GC (Allocation Failure) [PSYoungGen: 417782K->184596K(465920K)] 837531K->660266K(1864192K), 0.0493376 secs] [Times: user=0.23 sys=0.00, real=0.05 secs] 
4353.429: [GC (Allocation Failure) [PSYoungGen: 417556K->133360K(465920K)] 893226K->678669K(1864192K), 0.0483279 secs] [Times: user=0.24 sys=0.00, real=0.05 secs] 
4354.392: [GC (Allocation Failure) [PSYoungGen: 366320K->136896K(465920K)] 911629K->724373K(1864192K), 0.1709389 secs] [Times: user=0.95 sys=0.00, real=0.17 secs] 
4354.733: [GC (Allocation Failure) [PSYoungGen: 369856K->175796K(465920K)] 957333K->807107K(1864192K), 0.0382082 secs] [Times: user=0.16 sys=0.00, real=0.04 secs] 
4354.880: [GC (Allocation Failure) [PSYoungGen: 408756K->185079K(465920K)] 1040067K->878113K(1864192K), 0.0493781 secs] [Times: user=0.23 sys=0.00, real=0.05 secs] 
4355.071: [GC (Allocation Failure) [PSYoungGen: 418039K->186197K(465920K)] 1111073K->937871K(1864192K), 0.0766493 secs] [Times: user=0.40 sys=0.00, real=0.08 secs] 
4356.170: [GC (Allocation Failure) [PSYoungGen: 419157K->96091K(465920K)] 1170831K->918189K(1864192K), 0.0488691 secs] [Times: user=0.25 sys=0.00, real=0.05 secs] 
4356.642: [GC (Allocation Failure) [PSYoungGen: 329051K->174677K(465920K)] 1151149K->1027500K(1864192K), 0.0568627 secs] [Times: user=0.26 sys=0.00, real=0.06 secs] 
4356.913: [GC (Allocation Failure) [PSYoungGen: 407637K->184502K(465920K)] 1260460K->1091993K(1864192K), 0.0507156 secs] [Times: user=0.24 sys=0.00, real=0.05 secs] 
4357.080: [GC (Allocation Failure) [PSYoungGen: 417462K->183604K(465920K)] 1324953K->1146952K(1864192K), 0.0504991 secs] [Times: user=0.24 sys=0.00, real=0.05 secs] 
4358.086: [GC (Allocation Failure) [PSYoungGen: 416564K->139249K(465920K)] 1379912K->1171852K(1864192K), 0.0496694 secs] [Times: user=0.25 sys=0.00, real=0.05 secs] 
4358.679: [GC (GCLocker Initiated GC) [PSYoungGen: 372209K->131391K(465920K)] 1404813K->1208083K(1864192K), 0.1447880 secs] [Times: user=0.81 sys=0.00, real=0.14 secs] 
4359.010: [GC (GCLocker Initiated GC) [PSYoungGen: 364351K->175348K(465920K)] 1441045K->1294111K(1864192K), 0.0387384 secs] [Times: user=0.17 sys=0.00, real=0.04 secs] 
4359.163: [GC (Allocation Failure) [PSYoungGen: 408308K->185335K(465920K)] 1527238K->1365472K(1864192K), 0.0494263 secs] [Times: user=0.23 sys=0.00, real=0.05 secs] 
4359.351: [GC (Allocation Failure) [PSYoungGen: 418295K->183604K(465920K)] 1598432K->1422422K(1864192K), 0.0811568 secs] [Times: user=0.42 sys=0.00, real=0.08 secs] 
4360.824: [GC (Allocation Failure) [PSYoungGen: 416564K->94251K(465920K)] 1655382K->1402269K(1864192K), 0.1111979 secs] [Times: user=0.61 sys=0.00, real=0.11 secs] 
4361.363: [GC (Allocation Failure) [PSYoungGen: 327211K->177525K(465920K)] 1635229K->1516196K(1864192K), 0.0491126 secs] [Times: user=0.22 sys=0.00, real=0.05 secs] 
4361.412: [Full GC (Ergonomics) [PSYoungGen: 177525K->0K(465920K)] [ParOldGen: 1338670K->208804K(1398272K)] 1516196K->208804K(1864192K), [Metaspace: 60352K->60352K(1105920K)], 0.2103764 secs] [Times: user=0.95 sys=0.00, real=0.21 secs] 
4361.752: [GC (Allocation Failure) [PSYoungGen: 232960K->181685K(465920K)] 441764K->390490K(1864192K), 0.0270283 secs] [Times: user=0.10 sys=0.00, real=0.03 secs] 
4361.883: [GC (Allocation Failure) [PSYoungGen: 414645K->187157K(465920K)] 623450K->451377K(1864192K), 0.0441229 secs] [Times: user=0.20 sys=0.00, real=0.04 secs] 
4363.228: [GC (Allocation Failure) [PSYoungGen: 420117K->144946K(465920K)] 684337K->479734K(1864192K), 0.0498102 secs] [Times: user=0.24 sys=0.00, real=0.05 secs] 
4363.750: [GC (GCLocker Initiated GC) [PSYoungGen: 377906K->123582K(465920K)] 712694K->504339K(1864192K), 0.1500979 secs] [Times: user=0.84 sys=0.00, real=0.15 secs] 
4364.088: [GC (Allocation Failure) [PSYoungGen: 356542K->178261K(465920K)] 737722K->598809K(1864192K), 0.0374792 secs] [Times: user=0.16 sys=0.00, real=0.03 secs] 
4364.245: [GC (Allocation Failure) [PSYoungGen: 411221K->182806K(465920K)] 831769K->665615K(1864192K), 0.0478621 secs] [Times: user=0.22 sys=0.00, real=0.05 secs] 
4364.405: [GC (Allocation Failure) [PSYoungGen: 415766K->186709K(465920K)] 898575K->727805K(1864192K), 0.0575659 secs] [Times: user=0.28 sys=0.00, real=0.06 secs] 
4365.507: [GC (Allocation Failure) [PSYoungGen: 419669K->95819K(465920K)] 960765K->707416K(1864192K), 0.0447701 secs] [Times: user=0.23 sys=0.00, real=0.05 secs] 
4366.323: [GC (Allocation Failure) [PSYoungGen: 328779K->171796K(465920K)] 940376K->813818K(1864192K), 0.0539656 secs] [Times: user=0.25 sys=0.00, real=0.05 secs] 
4366.575: [GC (Allocation Failure) [PSYoungGen: 404756K->179221K(465920K)] 1046778K->874998K(1864192K), 0.0567704 secs] [Times: user=0.27 sys=0.00, real=0.06 secs] 
4366.744: [GC (Allocation Failure) [PSYoungGen: 399528K->175573K(465920K)] 1095305K->934415K(1864192K), 0.0474762 secs] [Times: user=0.22 sys=0.00, real=0.05 secs] 
4367.686: [GC (Allocation Failure) [PSYoungGen: 408533K->168595K(461824K)] 1167375K->983212K(1860096K), 0.0540059 secs] [Times: user=0.27 sys=0.00, real=0.06 secs] 
4368.484: [GC (Allocation Failure) [PSYoungGen: 401555K->109581K(463872K)] 1216172K->988778K(1862144K), 0.1063051 secs] [Times: user=0.57 sys=0.01, real=0.11 secs] 
4368.945: [GC (Allocation Failure) [PSYoungGen: 336772K->173461K(466432K)] 1215969K->1087951K(1864704K), 0.0385648 secs] [Times: user=0.17 sys=0.00, real=0.04 secs] 
4369.094: [GC (Allocation Failure) [PSYoungGen: 407957K->185846K(465920K)] 1322447K->1154588K(1864192K), 0.0432704 secs] [Times: user=0.19 sys=0.00, real=0.04 secs] 
4369.244: [GC (Allocation Failure) [PSYoungGen: 420342K->187541K(465920K)] 1389084K->1212643K(1864192K), 0.0461563 secs] [Times: user=0.22 sys=0.00, real=0.05 secs] 
4370.454: [GC (Allocation Failure) [PSYoungGen: 420501K->95867K(465920K)] 1445603K->1191754K(1864192K), 0.0566794 secs] [Times: user=0.30 sys=0.00, real=0.06 secs] 
4371.063: [GC (Allocation Failure) [PSYoungGen: 328827K->171892K(465920K)] 1424714K->1299332K(1864192K), 0.0703476 secs] [Times: user=0.35 sys=0.00, real=0.07 secs] 
4371.272: [GC (Allocation Failure) [PSYoungGen: 404852K->192950K(465920K)] 1532292K->1373845K(1864192K), 0.0433940 secs] [Times: user=0.20 sys=0.00, real=0.04 secs] 
4371.424: [GC (Allocation Failure) [PSYoungGen: 425910K->185527K(465920K)] 1606805K->1430822K(1864192K), 0.0504469 secs] [Times: user=0.24 sys=0.00, real=0.05 secs] 
4372.389: [GC (Allocation Failure) [PSYoungGen: 418487K->192304K(465920K)] 1663782K->1496351K(1864192K), 0.0486358 secs] [Times: user=0.23 sys=0.01, real=0.04 secs] 
4372.960: [GC (Allocation Failure) [PSYoungGen: 425264K->96715K(465920K)] 1729311K->1465923K(1864192K), 0.0715827 secs] [Times: user=0.37 sys=0.00, real=0.07 secs] 
4373.032: [Full GC (Ergonomics) [PSYoungGen: 96715K->0K(465920K)] [ParOldGen: 1369207K->114325K(1398272K)] 1465923K->114325K(1864192K), [Metaspace: 60418K->60418K(1105920K)], 0.1510107 secs] [Times: user=0.65 sys=0.00, real=0.15 secs] 
4373.549: [GC (Allocation Failure) [PSYoungGen: 232960K->181686K(465920K)] 347285K->296011K(1864192K), 0.0254252 secs] [Times: user=0.09 sys=0.00, real=0.02 secs] 
4373.682: [GC (Allocation Failure) [PSYoungGen: 414646K->184790K(465920K)] 528971K->355859K(1864192K), 0.0417643 secs] [Times: user=0.18 sys=0.00, real=0.04 secs] 
4373.830: [GC (Allocation Failure) [PSYoungGen: 417750K->187061K(465920K)] 588819K->414162K(1864192K), 0.0451159 secs] [Times: user=0.21 sys=0.00, real=0.04 secs] 
4375.056: [GC (Allocation Failure) [PSYoungGen: 420021K->97739K(465920K)] 647122K->395425K(1864192K), 0.0602573 secs] [Times: user=0.31 sys=0.00, real=0.06 secs] 
4376.346: [GC (Allocation Failure) [PSYoungGen: 330699K->166708K(465920K)] 628385K->496778K(1864192K), 0.0732144 secs] [Times: user=0.36 sys=0.00, real=0.08 secs] 
4376.619: [GC (Allocation Failure) [PSYoungGen: 399668K->184470K(465920K)] 729738K->566092K(1864192K), 0.0566500 secs] [Times: user=0.27 sys=0.00, real=0.05 secs] 
4376.975: [GC (Allocation Failure) [PSYoungGen: 417430K->185335K(465920K)] 799052K->631149K(1864192K), 0.0561188 secs] [Times: user=0.27 sys=0.00, real=0.06 secs] 
4377.752: [GC (Allocation Failure) [PSYoungGen: 418087K->214964K(465920K)] 863902K->719523K(1864192K), 0.0555058 secs] [Times: user=0.27 sys=0.00, real=0.05 secs] 
4379.442: [GC (Allocation Failure) [PSYoungGen: 447924K->86714K(465920K)] 952483K->659760K(1864192K), 0.0877747 secs] [Times: user=0.48 sys=0.01, real=0.09 secs] 
4380.175: [GC (Allocation Failure) [PSYoungGen: 319674K->178549K(465920K)] 892720K->779113K(1864192K), 0.0445845 secs] [Times: user=0.19 sys=0.00, real=0.05 secs] 
4380.340: [GC (Allocation Failure) [PSYoungGen: 411509K->184822K(465920K)] 1012073K->840901K(1864192K), 0.0432082 secs] [Times: user=0.19 sys=0.01, real=0.04 secs] 
4380.486: [GC (Allocation Failure) [PSYoungGen: 417782K->186741K(465920K)] 1073861K->898804K(1864192K), 0.0450533 secs] [Times: user=0.21 sys=0.00, real=0.05 secs] 
4381.831: [GC (Allocation Failure) [PSYoungGen: 419701K->104716K(465920K)] 1131764K->887112K(1864192K), 0.0450879 secs] [Times: user=0.23 sys=0.00, real=0.04 secs] 
4382.442: [GC (GCLocker Initiated GC) [PSYoungGen: 337676K->163283K(465920K)] 1120072K->980172K(1864192K), 0.0734947 secs] [Times: user=0.37 sys=0.00, real=0.07 secs] 
4382.651: [GC (GCLocker Initiated GC) [PSYoungGen: 396243K->178997K(465920K)] 1213134K->1046808K(1864192K), 0.0422656 secs] [Times: user=0.19 sys=0.00, real=0.04 secs] 
4382.866: [GC (Allocation Failure) [PSYoungGen: 411957K->185335K(465920K)] 1279771K->1123649K(1864192K), 0.0740662 secs] [Times: user=0.37 sys=0.00, real=0.08 secs] 
4383.058: [GC (Allocation Failure) [PSYoungGen: 418295K->186741K(465920K)] 1356609K->1183991K(1864192K), 0.0575812 secs] [Times: user=0.28 sys=0.00, real=0.05 secs] 
4384.559: [GC (GCLocker Initiated GC) [PSYoungGen: 419701K->90282K(465920K)] 1416951K->1157877K(1864192K), 0.1165018 secs] [Times: user=0.64 sys=0.01, real=0.11 secs] 
4385.348: [GC (Allocation Failure) [PSYoungGen: 323242K->176277K(465920K)] 1391003K->1272875K(1864192K), 0.0488928 secs] [Times: user=0.22 sys=0.00, real=0.04 secs] 
4385.535: [GC (Allocation Failure) [PSYoungGen: 409237K->183990K(465920K)] 1505835K->1335696K(1864192K), 0.0439224 secs] [Times: user=0.20 sys=0.00, real=0.05 secs] 
4385.709: [GC (Allocation Failure) [PSYoungGen: 416950K->187029K(465920K)] 1568656K->1394351K(1864192K), 0.0652762 secs] [Times: user=0.32 sys=0.00, real=0.06 secs] 
4386.810: [GC (Allocation Failure) [PSYoungGen: 419989K->109725K(465920K)] 1627311K->1387639K(1864192K), 0.0468864 secs] [Times: user=0.25 sys=0.00, real=0.04 secs] 
4387.754: [GC (Allocation Failure) [PSYoungGen: 342685K->161523K(465920K)] 1620599K->1475046K(1864192K), 0.1036134 secs] [Times: user=0.54 sys=0.01, real=0.11 secs] 
4387.858: [Full GC (Ergonomics) [PSYoungGen: 161523K->0K(465920K)] [ParOldGen: 1313522K->181360K(1398272K)] 1475046K->181360K(1864192K), [Metaspace: 60418K->60418K(1105920K)], 0.2034919 secs] [Times: user=0.96 sys=0.00, real=0.20 secs] 
4388.173: [GC (Allocation Failure) [PSYoungGen: 232960K->181269K(465920K)] 414320K->362630K(1864192K), 0.0328525 secs] [Times: user=0.13 sys=0.00, real=0.03 secs] 
4388.333: [GC (GCLocker Initiated GC) [PSYoungGen: 414229K->185431K(465920K)] 595592K->430405K(1864192K), 0.0439155 secs] [Times: user=0.19 sys=0.00, real=0.04 secs] 
4388.479: [GC (Allocation Failure) [PSYoungGen: 418391K->183604K(465920K)] 663660K->487866K(1864192K), 0.0555066 secs] [Times: user=0.27 sys=0.00, real=0.05 secs] 
4390.120: [GC (Allocation Failure) [PSYoungGen: 416564K->89546K(465920K)] 720826K->462976K(1864192K), 0.0544454 secs] [Times: user=0.29 sys=0.00, real=0.05 secs] 
4390.531: [GC (Allocation Failure) [PSYoungGen: 322506K->176437K(465920K)] 695936K->577919K(1864192K), 0.0518637 secs] [Times: user=0.23 sys=0.00, real=0.05 secs] 
4390.733: [GC (Allocation Failure) [PSYoungGen: 409397K->182133K(465920K)] 810879K->638763K(1864192K), 0.0428468 secs] [Times: user=0.19 sys=0.00, real=0.04 secs] 
4390.891: [GC (Allocation Failure) [PSYoungGen: 415093K->186485K(465920K)] 871723K->698755K(1864192K), 0.0450083 secs] [Times: user=0.21 sys=0.00, real=0.04 secs] 
4391.975: [GC (Allocation Failure) [PSYoungGen: 419445K->117710K(465920K)] 931715K->700392K(1864192K), 0.0466241 secs] [Times: user=0.24 sys=0.00, real=0.05 secs] 
4392.668: [GC (Allocation Failure) [PSYoungGen: 350670K->151602K(465920K)] 933352K->772105K(1864192K), 0.0917852 secs] [Times: user=0.48 sys=0.00, real=0.09 secs] 
4392.896: [GC (Allocation Failure) [PSYoungGen: 384562K->181333K(465920K)] 1005065K->849328K(1864192K), 0.0407334 secs] [Times: user=0.18 sys=0.00, real=0.04 secs] 
4393.048: [GC (Allocation Failure) [PSYoungGen: 414293K->185655K(465920K)] 1082288K->917234K(1864192K), 0.0497749 secs] [Times: user=0.24 sys=0.00, real=0.05 secs] 
4393.230: [GC (Allocation Failure) [PSYoungGen: 418615K->186261K(465920K)] 1150194K->976688K(1864192K), 0.0827904 secs] [Times: user=0.43 sys=0.00, real=0.08 secs] 
4394.722: [GC (Allocation Failure) [PSYoungGen: 419221K->89946K(465920K)] 1209648K->950774K(1864192K), 0.1090730 secs] [Times: user=0.60 sys=0.00, real=0.11 secs] 
4395.675: [GC (Allocation Failure) [PSYoungGen: 322906K->174133K(465920K)] 1183734K->1063865K(1864192K), 0.0460110 secs] [Times: user=0.20 sys=0.00, real=0.05 secs] 
4395.849: [GC (Allocation Failure) [PSYoungGen: 407093K->184790K(465920K)] 1296825K->1129106K(1864192K), 0.0437149 secs] [Times: user=0.19 sys=0.00, real=0.04 secs] 
4395.999: [GC (Allocation Failure) [PSYoungGen: 417750K->186805K(465920K)] 1362066K->1187177K(1864192K), 0.0462000 secs] [Times: user=0.21 sys=0.00, real=0.04 secs] 
4397.188: [GC (Allocation Failure) [PSYoungGen: 419765K->122703K(465920K)] 1420137K->1193667K(1864192K), 0.0481483 secs] [Times: user=0.24 sys=0.00, real=0.04 secs] 
4398.243: [GC (GCLocker Initiated GC) [PSYoungGen: 355663K->144161K(465920K)] 1426627K->1253989K(1864192K), 0.1164153 secs] [Times: user=0.63 sys=0.00, real=0.12 secs] 
4398.512: [GC (Allocation Failure) [PSYoungGen: 377121K->179829K(465920K)] 1486952K->1335214K(1864192K), 0.0401781 secs] [Times: user=0.18 sys=0.00, real=0.04 secs] 
4398.660: [GC (Allocation Failure) [PSYoungGen: 412789K->182870K(465920K)] 1568174K->1401031K(1864192K), 0.0506620 secs] [Times: user=0.24 sys=0.00, real=0.05 secs] 
4398.814: [GC (Allocation Failure) [PSYoungGen: 415830K->186709K(465920K)] 1633991K->1462933K(1864192K), 0.0573401 secs] [Times: user=0.28 sys=0.00, real=0.06 secs] 
4399.946: [GC (Allocation Failure) [PSYoungGen: 419669K->93547K(465920K)] 1695893K->1440051K(1864192K), 0.0730656 secs] [Times: user=0.40 sys=0.00, real=0.08 secs] 
4400.019: [Full GC (Ergonomics) [PSYoungGen: 93547K->0K(465920K)] [ParOldGen: 1346504K->99482K(1398272K)] 1440051K->99482K(1864192K), [Metaspace: 60420K->60420K(1105920K)], 0.1016920 secs] [Times: user=0.40 sys=0.00, real=0.10 secs] 
4401.065: [GC (Allocation Failure) [PSYoungGen: 232960K->168276K(465920K)] 332442K->267758K(1864192K), 0.0369211 secs] [Times: user=0.14 sys=0.00, real=0.04 secs] 
4401.316: [GC (Allocation Failure) [PSYoungGen: 401236K->184438K(465920K)] 500718K->337120K(1864192K), 0.0564739 secs] [Times: user=0.27 sys=0.00, real=0.06 secs] 
4401.484: [GC (Allocation Failure) [PSYoungGen: 417398K->186741K(465920K)] 570080K->395279K(1864192K), 0.0447512 secs] [Times: user=0.20 sys=0.00, real=0.05 secs] 
4402.485: [GC (Allocation Failure) [PSYoungGen: 419701K->137521K(465920K)] 628239K->416611K(1864192K), 0.0483023 secs] [Times: user=0.24 sys=0.00, real=0.05 secs] 
4403.309: [GC (Allocation Failure) [PSYoungGen: 370481K->134160K(465920K)] 649571K->456998K(1864192K), 0.1300277 secs] [Times: user=0.71 sys=0.00, real=0.13 secs] 
4403.596: [GC (Allocation Failure) [PSYoungGen: 367120K->178261K(465920K)] 689958K->544328K(1864192K), 0.0380341 secs] [Times: user=0.17 sys=0.00, real=0.04 secs] 
4403.745: [GC (Allocation Failure) [PSYoungGen: 411221K->185815K(465920K)] 777288K->614230K(1864192K), 0.0486506 secs] [Times: user=0.22 sys=0.00, real=0.05 secs] 
4403.949: [GC (Allocation Failure) [PSYoungGen: 418775K->183508K(465920K)] 847190K->670884K(1864192K), 0.0846907 secs] [Times: user=0.44 sys=0.01, real=0.08 secs] 
4405.217: [GC (Allocation Failure) [PSYoungGen: 416468K->92875K(465920K)] 903844K->649434K(1864192K), 0.0536260 secs] [Times: user=0.29 sys=0.00, real=0.06 secs] 
4405.570: [GC (Allocation Failure) [PSYoungGen: 325835K->181813K(465920K)] 882394K->768585K(1864192K), 0.0445479 secs] [Times: user=0.19 sys=0.00, real=0.04 secs] 
4405.772: [GC (Allocation Failure) [PSYoungGen: 414773K->181621K(465920K)] 1001545K->823781K(1864192K), 0.0422793 secs] [Times: user=0.19 sys=0.00, real=0.04 secs] 
4405.934: [GC (Allocation Failure) [PSYoungGen: 414581K->186741K(465920K)] 1056741K->884397K(1864192K), 0.0444927 secs] [Times: user=0.20 sys=0.00, real=0.05 secs] 
4406.960: [GC (Allocation Failure) [PSYoungGen: 419701K->141329K(465920K)] 1117357K->909286K(1864192K), 0.0495657 secs] [Times: user=0.25 sys=0.00, real=0.05 secs] 
4407.580: [GC (Allocation Failure) [PSYoungGen: 374289K->133008K(465920K)] 1142246K->945908K(1864192K), 0.1306934 secs] [Times: user=0.72 sys=0.00, real=0.13 secs] 
4407.877: [GC (Allocation Failure) [PSYoungGen: 365968K->172436K(465920K)] 1178868K->1027945K(1864192K), 0.0433044 secs] [Times: user=0.20 sys=0.00, real=0.05 secs] 
4408.070: [GC (Allocation Failure) [PSYoungGen: 405396K->185495K(465920K)] 1260905K->1102092K(1864192K), 0.0758944 secs] [Times: user=0.37 sys=0.00, real=0.07 secs] 
4408.272: [GC (Allocation Failure) [PSYoungGen: 418455K->186709K(465920K)] 1335052K->1162162K(1864192K), 0.0577504 secs] [Times: user=0.29 sys=0.00, real=0.06 secs] 
4409.658: [GC (Allocation Failure) [PSYoungGen: 419669K->93531K(465920K)] 1395122K->1139536K(1864192K), 0.0893831 secs] [Times: user=0.49 sys=0.00, real=0.09 secs] 
4410.640: [GC (Allocation Failure) [PSYoungGen: 326491K->173332K(465920K)] 1372496K->1249455K(1864192K), 0.0494435 secs] [Times: user=0.22 sys=0.00, real=0.05 secs] 
4410.830: [GC (Allocation Failure) [PSYoungGen: 406292K->181429K(465920K)] 1482415K->1311716K(1864192K), 0.0463839 secs] [Times: user=0.17 sys=0.00, real=0.04 secs] 
4410.985: [GC (Allocation Failure) [PSYoungGen: 414389K->187445K(465920K)] 1544676K->1373123K(1864192K), 0.0464760 secs] [Times: user=0.22 sys=0.00, real=0.05 secs] 
4411.990: [GC (Allocation Failure) [PSYoungGen: 420405K->149394K(465920K)] 1606083K->1405577K(1864192K), 0.0514509 secs] [Times: user=0.26 sys=0.00, real=0.05 secs] 
4412.783: [GC (Allocation Failure) [PSYoungGen: 382354K->128447K(465920K)] 1638537K->1432102K(1864192K), 0.1362761 secs] [Times: user=0.76 sys=0.00, real=0.14 secs] 
4413.141: [GC (Allocation Failure) [PSYoungGen: 361407K->175924K(465920K)] 1665062K->1520719K(1864192K), 0.0382258 secs] [Times: user=0.16 sys=0.00, real=0.04 secs] 
4413.180: [Full GC (Ergonomics) [PSYoungGen: 175924K->0K(465920K)] [ParOldGen: 1344794K->234219K(1398272K)] 1520719K->234219K(1864192K), [Metaspace: 60420K->60420K(1105920K)], 0.2785036 secs] [Times: user=1.28 sys=0.00, real=0.28 secs] 
4413.571: [GC (Allocation Failure) [PSYoungGen: 232960K->185047K(465920K)] 467179K->419266K(1864192K), 0.0868387 secs] [Times: user=0.45 sys=0.00, real=0.09 secs] 
4413.931: [GC (Allocation Failure) [PSYoungGen: 418007K->182644K(465920K)] 652226K->475615K(1864192K), 0.0768813 secs] [Times: user=0.40 sys=0.00, real=0.08 secs] 
4415.118: [GC (Allocation Failure) [PSYoungGen: 415604K->95147K(465920K)] 708575K->457106K(1864192K), 0.0593871 secs] [Times: user=0.31 sys=0.00, real=0.06 secs] 
4415.530: [GC (Allocation Failure) [PSYoungGen: 328107K->174837K(465920K)] 690066K->567461K(1864192K), 0.0436117 secs] [Times: user=0.19 sys=0.00, real=0.04 secs] 
4415.703: [GC (Allocation Failure) [PSYoungGen: 407797K->184598K(465920K)] 800421K->631850K(1864192K), 0.0431211 secs] [Times: user=0.19 sys=0.00, real=0.04 secs] 
4415.880: [GC (Allocation Failure) [PSYoungGen: 417558K->184212K(465920K)] 864810K->687449K(1864192K), 0.0702268 secs] [Times: user=0.35 sys=0.01, real=0.07 secs] 
4416.956: [GC (Allocation Failure) [PSYoungGen: 417172K->150642K(465920K)] 920409K->723255K(1864192K), 0.0501876 secs] [Times: user=0.25 sys=0.00, real=0.05 secs] 
4417.574: [GC (Allocation Failure) [PSYoungGen: 383602K->119198K(465920K)] 956215K->739666K(1864192K), 0.1475307 secs] [Times: user=0.83 sys=0.00, real=0.15 secs] 
4417.903: [GC (Allocation Failure) [PSYoungGen: 352158K->200500K(465920K)] 972626K->859010K(1864192K), 0.0379508 secs] [Times: user=0.17 sys=0.00, real=0.04 secs] 
4418.053: [GC (Allocation Failure) [PSYoungGen: 433460K->185399K(465920K)] 1091970K->905984K(1864192K), 0.0487577 secs] [Times: user=0.23 sys=0.00, real=0.05 secs] 
4418.242: [GC (Allocation Failure) [PSYoungGen: 418359K->186357K(465920K)] 1138944K->965902K(1864192K), 0.0825567 secs] [Times: user=0.43 sys=0.00, real=0.08 secs] 
4419.827: [GC (Allocation Failure) [PSYoungGen: 419317K->94555K(465920K)] 1198862K->944452K(1864192K), 0.1323410 secs] [Times: user=0.74 sys=0.00, real=0.14 secs] 
4421.062: [GC (Allocation Failure) [PSYoungGen: 327515K->170036K(465920K)] 1177412K->1050558K(1864192K), 0.0663341 secs] [Times: user=0.28 sys=0.00, real=0.07 secs] 
4421.328: [GC (Allocation Failure) [PSYoungGen: 402996K->184278K(465920K)] 1283518K->1118023K(1864192K), 0.0600700 secs] [Times: user=0.28 sys=0.00, real=0.06 secs] 
4421.503: [GC (Allocation Failure) [PSYoungGen: 409925K->177334K(465920K)] 1343670K->1175263K(1864192K), 0.0488455 secs] [Times: user=0.23 sys=0.00, real=0.05 secs] 
4422.417: [GC (Allocation Failure) [PSYoungGen: 410294K->168627K(465920K)] 1408223K->1222956K(1864192K), 0.0558411 secs] [Times: user=0.28 sys=0.00, real=0.06 secs] 
4423.158: [GC (Allocation Failure) [PSYoungGen: 401587K->105516K(465920K)] 1455916K->1224326K(1864192K), 0.1073989 secs] [Times: user=0.59 sys=0.00, real=0.10 secs] 
4423.513: [GC (Allocation Failure) [PSYoungGen: 333097K->176853K(465920K)] 1451906K->1329503K(1864192K), 0.0367776 secs] [Times: user=0.15 sys=0.01, real=0.04 secs] 
4423.683: [GC (Allocation Failure) [PSYoungGen: 409813K->181205K(465920K)] 1562463K->1388839K(1864192K), 0.0628992 secs] [Times: user=0.30 sys=0.00, real=0.06 secs] 
4423.923: [GC (Allocation Failure) [PSYoungGen: 414165K->186549K(465920K)] 1621799K->1449031K(1864192K), 0.0606886 secs] [Times: user=0.29 sys=0.00, real=0.06 secs] 
4425.008: [GC (Allocation Failure) [PSYoungGen: 419509K->101292K(465920K)] 1681991K->1433974K(1864192K), 0.0489400 secs] [Times: user=0.26 sys=0.00, real=0.04 secs] 
4425.057: [Full GC (Ergonomics) [PSYoungGen: 101292K->0K(465920K)] [ParOldGen: 1332681K->92697K(1398272K)] 1433974K->92697K(1864192K), [Metaspace: 60420K->60420K(1105920K)], 0.0370363 secs] [Times: user=0.12 sys=0.00, real=0.04 secs] 
4425.938: [GC (Allocation Failure) [PSYoungGen: 232960K->167795K(465920K)] 325657K->260493K(1864192K), 0.0395589 secs] [Times: user=0.15 sys=0.00, real=0.03 secs] 
4426.145: [GC (Allocation Failure) [PSYoungGen: 400755K->184438K(465920K)] 493453K->328464K(1864192K), 0.0410150 secs] [Times: user=0.18 sys=0.00, real=0.04 secs] 
4426.297: [GC (Allocation Failure) [PSYoungGen: 417293K->185783K(465920K)] 561319K->393953K(1864192K), 0.0491435 secs] [Times: user=0.23 sys=0.00, real=0.05 secs] 
4427.194: [GC (Allocation Failure) [PSYoungGen: 417222K->214132K(465920K)] 625392K->481158K(1864192K), 0.0544295 secs] [Times: user=0.27 sys=0.00, real=0.06 secs] 
4428.942: [GC (Allocation Failure) [PSYoungGen: 447092K->89226K(465920K)] 714118K->424572K(1864192K), 0.0954569 secs] [Times: user=0.52 sys=0.00, real=0.09 secs] 
4429.551: [GC (Allocation Failure) [PSYoungGen: 322186K->181622K(465920K)] 657532K->545373K(1864192K), 0.0460283 secs] [Times: user=0.20 sys=0.00, real=0.04 secs] 
4429.718: [GC (Allocation Failure) [PSYoungGen: 414582K->184694K(465920K)] 778333K->604933K(1864192K), 0.0433577 secs] [Times: user=0.20 sys=0.00, real=0.04 secs] 
4429.866: [GC (Allocation Failure) [PSYoungGen: 417654K->186613K(465920K)] 837893K->662796K(1864192K), 0.0453586 secs] [Times: user=0.21 sys=0.00, real=0.05 secs] 
4431.109: [GC (Allocation Failure) [PSYoungGen: 419573K->99948K(465920K)] 895756K->646643K(1864192K), 0.0443534 secs] [Times: user=0.23 sys=0.01, real=0.04 secs] 
4431.764: [GC (Allocation Failure) [PSYoungGen: 332908K->167188K(465920K)] 879603K->746092K(1864192K), 0.0668990 secs] [Times: user=0.32 sys=0.00, real=0.07 secs] 
4431.962: [GC (Allocation Failure) [PSYoungGen: 400148K->181493K(465920K)] 979052K->812757K(1864192K), 0.0412872 secs] [Times: user=0.18 sys=0.00, real=0.04 secs] 
4432.114: [GC (Allocation Failure) [PSYoungGen: 414453K->185623K(465920K)] 1045717K->880263K(1864192K), 0.0490889 secs] [Times: user=0.22 sys=0.00, real=0.05 secs] 
4432.269: [GC (Allocation Failure) [PSYoungGen: 418583K->185909K(465920K)] 1113223K->939509K(1864192K), 0.0538836 secs] [Times: user=0.26 sys=0.00, real=0.05 secs] 
4433.420: [GC (Allocation Failure) [PSYoungGen: 418869K->88282K(465920K)] 1172469K->912082K(1864192K), 0.0532723 secs] [Times: user=0.27 sys=0.01, real=0.05 secs] 
4434.138: [GC (Allocation Failure) [PSYoungGen: 321242K->177557K(465920K)] 1145042K->1029977K(1864192K), 0.0478729 secs] [Times: user=0.21 sys=0.01, real=0.04 secs] 
4434.311: [GC (Allocation Failure) [PSYoungGen: 410517K->181845K(465920K)] 1262937K->1089625K(1864192K), 0.0435963 secs] [Times: user=0.20 sys=0.00, real=0.04 secs] 
4434.460: [GC (Allocation Failure) [PSYoungGen: 414805K->185621K(465920K)] 1322585K->1148801K(1864192K), 0.0463428 secs] [Times: user=0.21 sys=0.00, real=0.04 secs] 
4435.572: [GC (Allocation Failure) [PSYoungGen: 418581K->108301K(465920K)] 1381761K->1141617K(1864192K), 0.0460384 secs] [Times: user=0.24 sys=0.00, real=0.05 secs] 
4436.985: [GC (Allocation Failure) [PSYoungGen: 341261K->159539K(465920K)] 1374577K->1227388K(1864192K), 0.0798128 secs] [Times: user=0.41 sys=0.00, real=0.08 secs] 
4437.259: [GC (Allocation Failure) [PSYoungGen: 392499K->184342K(465920K)] 1460348K->1302651K(1864192K), 0.0572591 secs] [Times: user=0.27 sys=0.00, real=0.05 secs] 
4437.472: [GC (Allocation Failure) [PSYoungGen: 417225K->182710K(465920K)] 1535534K->1364980K(1864192K), 0.0729481 secs] [Times: user=0.36 sys=0.00, real=0.07 secs] 
4437.666: [GC (Allocation Failure) [PSYoungGen: 415670K->186709K(465920K)] 1597940K->1427186K(1864192K), 0.0557491 secs] [Times: user=0.28 sys=0.00, real=0.06 secs] 
4438.947: [GC (Allocation Failure) [PSYoungGen: 419669K->90666K(465920K)] 1660146K->1401576K(1864192K), 0.0685700 secs] [Times: user=0.36 sys=0.00, real=0.06 secs] 
4439.016: [Full GC (Ergonomics) [PSYoungGen: 90666K->0K(465920K)] [ParOldGen: 1310909K->104033K(1398272K)] 1401576K->104033K(1864192K), [Metaspace: 60420K->60420K(1105920K)], 0.1229701 secs] [Times: user=0.51 sys=0.00, real=0.13 secs] 
4439.945: [GC (Allocation Failure) [PSYoungGen: 232960K->180469K(465920K)] 336993K->284503K(1864192K), 0.0357440 secs] [Times: user=0.14 sys=0.00, real=0.04 secs] 
4440.114: [GC (Allocation Failure) [PSYoungGen: 413429K->184918K(465920K)] 517463K->345451K(1864192K), 0.0412582 secs] [Times: user=0.18 sys=0.00, real=0.04 secs] 
4440.274: [GC (Allocation Failure) [PSYoungGen: 417878K->183348K(465920K)] 578411K->399914K(1864192K), 0.0519642 secs] [Times: user=0.25 sys=0.01, real=0.05 secs] 
4441.308: [GC (Allocation Failure) [PSYoungGen: 416308K->112029K(465920K)] 632874K->398027K(1864192K), 0.0453639 secs] [Times: user=0.23 sys=0.00, real=0.04 secs] 
4442.034: [GC (Allocation Failure) [PSYoungGen: 344989K->154418K(465920K)] 630987K->476633K(1864192K), 0.1268216 secs] [Times: user=0.67 sys=0.00, real=0.13 secs] 
4442.336: [GC (Allocation Failure) [PSYoungGen: 387378K->181525K(465920K)] 709593K->552020K(1864192K), 0.0403795 secs] [Times: user=0.18 sys=0.00, real=0.04 secs] 
4442.488: [GC (Allocation Failure) [PSYoungGen: 414485K->185719K(465920K)] 784980K->619862K(1864192K), 0.0492851 secs] [Times: user=0.22 sys=0.00, real=0.05 secs] 
4442.644: [GC (Allocation Failure) [PSYoungGen: 418679K->186485K(465920K)] 852822K->679532K(1864192K), 0.0542021 secs] [Times: user=0.27 sys=0.00, real=0.06 secs] 
4443.882: [GC (Allocation Failure) [PSYoungGen: 419316K->93131K(465920K)] 912363K->656634K(1864192K), 0.0587602 secs] [Times: user=0.32 sys=0.00, real=0.06 secs] 
4444.708: [GC (Allocation Failure) [PSYoungGen: 326091K->172244K(465920K)] 889594K->765792K(1864192K), 0.0468233 secs] [Times: user=0.20 sys=0.01, real=0.04 secs] 
4444.884: [GC (Allocation Failure) [PSYoungGen: 405204K->181589K(465920K)] 998752K->828789K(1864192K), 0.0438909 secs] [Times: user=0.20 sys=0.00, real=0.05 secs] 
4445.048: [GC (Allocation Failure) [PSYoungGen: 414549K->186741K(465920K)] 1061749K->889189K(1864192K), 0.0607498 secs] [Times: user=0.30 sys=0.00, real=0.06 secs] 
4446.160: [GC (Allocation Failure) [PSYoungGen: 419701K->120399K(465920K)] 1122149K->893254K(1864192K), 0.0490461 secs] [Times: user=0.25 sys=0.00, real=0.05 secs] 
4446.913: [GC (Allocation Failure) [PSYoungGen: 353359K->150770K(465920K)] 1126214K->961865K(1864192K), 0.0978812 secs] [Times: user=0.52 sys=0.00, real=0.10 secs] 
4447.151: [GC (Allocation Failure) [PSYoungGen: 383730K->184342K(465920K)] 1194825K->1043090K(1864192K), 0.0410564 secs] [Times: user=0.18 sys=0.00, real=0.04 secs] 
4447.569: [GC (Allocation Failure) [PSYoungGen: 417302K->185143K(465920K)] 1276050K->1108003K(1864192K), 0.0706298 secs] [Times: user=0.34 sys=0.01, real=0.07 secs] 
4447.812: [GC (Allocation Failure) [PSYoungGen: 418103K->184404K(465920K)] 1340965K->1166123K(1864192K), 0.0589747 secs] [Times: user=0.29 sys=0.00, real=0.06 secs] 
4448.948: [GC (GCLocker Initiated GC) [PSYoungGen: 417364K->84698K(465920K)] 1399084K->1136137K(1864192K), 0.0484684 secs] [Times: user=0.26 sys=0.01, real=0.04 secs] 
4449.399: [GC (Allocation Failure) [PSYoungGen: 317658K->174645K(465920K)] 1369098K->1253846K(1864192K), 0.0330516 secs] [Times: user=0.13 sys=0.00, real=0.03 secs] 
4449.586: [GC (Allocation Failure) [PSYoungGen: 407605K->184758K(465920K)] 1486806K->1318359K(1864192K), 0.0600845 secs] [Times: user=0.29 sys=0.00, real=0.06 secs] 
4449.846: [GC (Allocation Failure) [PSYoungGen: 417718K->187093K(465920K)] 1551319K->1376863K(1864192K), 0.0483275 secs] [Times: user=0.23 sys=0.00, real=0.05 secs] 
4451.055: [GC (Allocation Failure) [PSYoungGen: 420053K->128111K(465920K)] 1609823K->1388321K(1864192K), 0.0509725 secs] [Times: user=0.26 sys=0.00, real=0.05 secs] 
4452.177: [GC (GCLocker Initiated GC) [PSYoungGen: 361071K->136336K(465920K)] 1621283K->1437027K(1864192K), 0.1425019 secs] [Times: user=0.79 sys=0.00, real=0.15 secs] 
4452.474: [GC (Allocation Failure) [PSYoungGen: 369296K->178837K(465920K)] 1670116K->1523310K(1864192K), 0.0391714 secs] [Times: user=0.17 sys=0.00, real=0.04 secs] 
4452.513: [Full GC (Ergonomics) [PSYoungGen: 178837K->0K(465920K)] [ParOldGen: 1344473K->240207K(1398272K)] 1523310K->240207K(1864192K), [Metaspace: 60420K->60420K(1105920K)], 0.2812016 secs] [Times: user=1.28 sys=0.00, real=0.28 secs] 
4452.913: [GC (Allocation Failure) [PSYoungGen: 232960K->185367K(465920K)] 473167K->425574K(1864192K), 0.0857858 secs] [Times: user=0.45 sys=0.00, real=0.09 secs] 
4453.103: [GC (Allocation Failure) [PSYoungGen: 418327K->181396K(465920K)] 658534K->480523K(1864192K), 0.0562639 secs] [Times: user=0.27 sys=0.00, real=0.06 secs] 
4454.683: [GC (Allocation Failure) [PSYoungGen: 414356K->94187K(465920K)] 713483K->461674K(1864192K), 0.1176145 secs] [Times: user=0.64 sys=0.00, real=0.12 secs] 
4455.682: [GC (GCLocker Initiated GC) [PSYoungGen: 327147K->174165K(465920K)] 694635K->572478K(1864192K), 0.0509277 secs] [Times: user=0.23 sys=0.00, real=0.05 secs] 
4455.942: [GC (Allocation Failure) [PSYoungGen: 407125K->184341K(465920K)] 805441K->636846K(1864192K), 0.0523914 secs] [Times: user=0.24 sys=0.01, real=0.05 secs] 
4456.101: [GC (Allocation Failure) [PSYoungGen: 417301K->186965K(465920K)] 869806K->695605K(1864192K), 0.0447278 secs] [Times: user=0.20 sys=0.00, real=0.04 secs] 
4457.121: [GC (Allocation Failure) [PSYoungGen: 419925K->140337K(465920K)] 928565K->719457K(1864192K), 0.0490889 secs] [Times: user=0.24 sys=0.00, real=0.05 secs] 
4457.829: [GC (GCLocker Initiated GC) [PSYoungGen: 373297K->124879K(465920K)] 952418K->748464K(1864192K), 0.1539021 secs] [Times: user=0.86 sys=0.00, real=0.15 secs] 
4458.181: [GC (Allocation Failure) [PSYoungGen: 357839K->178613K(465920K)] 981591K->841902K(1864192K), 0.0371771 secs] [Times: user=0.16 sys=0.00, real=0.04 secs] 
4458.327: [GC (Allocation Failure) [PSYoungGen: 411573K->185847K(465920K)] 1074862K->911516K(1864192K), 0.0493949 secs] [Times: user=0.23 sys=0.00, real=0.05 secs] 
4458.502: [GC (Allocation Failure) [PSYoungGen: 418807K->203029K(465920K)] 1144476K->987610K(1864192K), 0.0676064 secs] [Times: user=0.35 sys=0.00, real=0.07 secs] 
4459.571: [GC (Allocation Failure) [PSYoungGen: 435989K->90954K(465920K)] 1220570K->946000K(1864192K), 0.0497607 secs] [Times: user=0.26 sys=0.00, real=0.05 secs] 
4460.482: [GC (Allocation Failure) [PSYoungGen: 323914K->173236K(465920K)] 1178960K->1057126K(1864192K), 0.0575280 secs] [Times: user=0.26 sys=0.00, real=0.06 secs] 
4460.738: [GC (Allocation Failure) [PSYoungGen: 406196K->184374K(465920K)] 1290086K->1122428K(1864192K), 0.0583599 secs] [Times: user=0.28 sys=0.00, real=0.05 secs] 
4460.907: [GC (Allocation Failure) [PSYoungGen: 417334K->187733K(465920K)] 1355388K->1181523K(1864192K), 0.0457107 secs] [Times: user=0.21 sys=0.00, real=0.05 secs] 
4461.927: [GC (Allocation Failure) [PSYoungGen: 420693K->149298K(465920K)] 1414483K->1213960K(1864192K), 0.0508216 secs] [Times: user=0.25 sys=0.00, real=0.06 secs] 
4463.020: [GC (Allocation Failure) [PSYoungGen: 382258K->119358K(465920K)] 1446920K->1231252K(1864192K), 0.1452788 secs] [Times: user=0.81 sys=0.00, real=0.14 secs] 
4463.466: [GC (Allocation Failure) [PSYoungGen: 352318K->177461K(465920K)] 1464212K->1327391K(1864192K), 0.0373519 secs] [Times: user=0.16 sys=0.00, real=0.04 secs] 
4463.613: [GC (Allocation Failure) [PSYoungGen: 410421K->185623K(465920K)] 1560351K->1397981K(1864192K), 0.0499762 secs] [Times: user=0.24 sys=0.00, real=0.05 secs] 
4463.788: [GC (Allocation Failure) [PSYoungGen: 418583K->187157K(465920K)] 1630941K->1458339K(1864192K), 0.0626136 secs] [Times: user=0.32 sys=0.00, real=0.06 secs] 
4465.160: [GC (Allocation Failure) [PSYoungGen: 420117K->93227K(465920K)] 1691299K->1435069K(1864192K), 0.0651780 secs] [Times: user=0.36 sys=0.00, real=0.06 secs] 
4465.225: [Full GC (Ergonomics) [PSYoungGen: 93227K->0K(465920K)] [ParOldGen: 1341842K->91783K(1398272K)] 1435069K->91783K(1864192K), [Metaspace: 60420K->60420K(1105920K)], 0.0701817 secs] [Times: user=0.25 sys=0.00, real=0.07 secs] 
4465.860: [GC (Allocation Failure) [PSYoungGen: 232960K->170036K(465920K)] 324743K->261819K(1864192K), 0.0403095 secs] [Times: user=0.15 sys=0.00, real=0.04 secs] 
4466.066: [GC (Allocation Failure) [PSYoungGen: 402996K->184566K(465920K)] 494779K->329409K(1864192K), 0.0418457 secs] [Times: user=0.19 sys=0.00, real=0.05 secs] 
4466.208: [GC (Allocation Failure) [PSYoungGen: 403583K->174901K(465920K)] 548426K->383909K(1864192K), 0.0474804 secs] [Times: user=0.22 sys=0.00, real=0.04 secs] 
4467.149: [GC (Allocation Failure) [PSYoungGen: 407861K->168371K(465920K)] 616869K->432922K(1864192K), 0.0522390 secs] [Times: user=0.26 sys=0.00, real=0.05 secs] 
4468.079: [GC (Allocation Failure) [PSYoungGen: 401331K->100124K(465920K)] 665882K->429299K(1864192K), 0.1039350 secs] [Times: user=0.56 sys=0.00, real=0.10 secs] 
4468.666: [GC (Allocation Failure) [PSYoungGen: 333084K->179637K(465920K)] 662259K->540834K(1864192K), 0.0439623 secs] [Times: user=0.20 sys=0.00, real=0.05 secs] 
4468.864: [GC (Allocation Failure) [PSYoungGen: 412597K->192758K(465920K)] 773794K->610170K(1864192K), 0.0671675 secs] [Times: user=0.32 sys=0.00, real=0.07 secs] 
4469.095: [GC (Allocation Failure) [PSYoungGen: 425718K->186165K(465920K)] 843130K->659561K(1864192K), 0.0465689 secs] [Times: user=0.22 sys=0.00, real=0.05 secs] 
4470.401: [GC (Allocation Failure) [PSYoungGen: 419125K->97867K(465920K)] 892521K->641416K(1864192K), 0.0685749 secs] [Times: user=0.36 sys=0.00, real=0.07 secs] 
4471.512: [GC (Allocation Failure) [PSYoungGen: 330827K->169716K(465920K)] 874376K->745514K(1864192K), 0.0651349 secs] [Times: user=0.31 sys=0.01, real=0.06 secs] 
4471.771: [GC (Allocation Failure) [PSYoungGen: 402676K->181557K(465920K)] 978474K->810139K(1864192K), 0.0558667 secs] [Times: user=0.26 sys=0.00, real=0.05 secs] 
4471.952: [GC (Allocation Failure) [PSYoungGen: 414517K->185783K(465920K)] 1043099K->878124K(1864192K), 0.0501688 secs] [Times: user=0.23 sys=0.00, real=0.05 secs] 
4472.458: [GC (Allocation Failure) [PSYoungGen: 416398K->214548K(465920K)] 1108739K->965641K(1864192K), 0.0547942 secs] [Times: user=0.27 sys=0.00, real=0.05 secs] 
4473.398: [GC (Allocation Failure) [PSYoungGen: 447508K->93563K(465920K)] 1198601K->912848K(1864192K), 0.0992564 secs] [Times: user=0.54 sys=0.00, real=0.09 secs] 
4473.737: [GC (Allocation Failure) [PSYoungGen: 326523K->183094K(465920K)] 1145808K->1032403K(1864192K), 0.0355982 secs] [Times: user=0.15 sys=0.00, real=0.04 secs] 
4473.879: [GC (Allocation Failure) [PSYoungGen: 416054K->181909K(465920K)] 1265363K->1088154K(1864192K), 0.0446855 secs] [Times: user=0.20 sys=0.00, real=0.04 secs] 
4474.029: [GC (Allocation Failure) [PSYoungGen: 414869K->186101K(465920K)] 1321114K->1147938K(1864192K), 0.0460265 secs] [Times: user=0.21 sys=0.00, real=0.04 secs] 
4475.270: [GC (Allocation Failure) [PSYoungGen: 419061K->101788K(465920K)] 1380898K->1133881K(1864192K), 0.0459382 secs] [Times: user=0.24 sys=0.00, real=0.04 secs] 
4475.888: [GC (Allocation Failure) [PSYoungGen: 334748K->163763K(465920K)] 1366841K->1228405K(1864192K), 0.0800901 secs] [Times: user=0.39 sys=0.00, real=0.08 secs] 
4476.130: [GC (Allocation Failure) [PSYoungGen: 396723K->184470K(465920K)] 1461365K->1300735K(1864192K), 0.0446801 secs] [Times: user=0.20 sys=0.00, real=0.04 secs] 
4476.344: [GC (Allocation Failure) [PSYoungGen: 417430K->183318K(465920K)] 1533695K->1363840K(1864192K), 0.0821768 secs] [Times: user=0.41 sys=0.00, real=0.08 secs] 
4476.546: [GC (Allocation Failure) [PSYoungGen: 416278K->184308K(465920K)] 1596800K->1423014K(1864192K), 0.0564430 secs] [Times: user=0.28 sys=0.00, real=0.06 secs] 
4477.856: [GC (Allocation Failure) [PSYoungGen: 417268K->93099K(465920K)] 1655974K->1401252K(1864192K), 0.0886132 secs] [Times: user=0.48 sys=0.00, real=0.09 secs] 
4478.232: [GC (Allocation Failure) [PSYoungGen: 326059K->179861K(465920K)] 1634212K->1517588K(1864192K), 0.0466530 secs] [Times: user=0.20 sys=0.00, real=0.05 secs] 
4478.279: [Full GC (Ergonomics) [PSYoungGen: 179861K->0K(465920K)] [ParOldGen: 1337726K->225523K(1398272K)] 1517588K->225523K(1864192K), [Metaspace: 60420K->60420K(1105920K)], 0.2539369 secs] [Times: user=1.16 sys=0.00, real=0.25 secs] 
4478.643: [GC (Allocation Failure) [PSYoungGen: 232960K->184726K(465920K)] 458483K->410249K(1864192K), 0.0267653 secs] [Times: user=0.10 sys=0.00, real=0.03 secs] 
4478.776: [GC (Allocation Failure) [PSYoungGen: 417686K->186453K(465920K)] 643209K->467968K(1864192K), 0.0455281 secs] [Times: user=0.21 sys=0.01, real=0.05 secs] 
4479.844: [GC (Allocation Failure) [PSYoungGen: 419413K->100220K(465920K)] 700928K->452103K(1864192K), 0.0472368 secs] [Times: user=0.24 sys=0.00, real=0.05 secs] 
4481.023: [GC (Allocation Failure) [PSYoungGen: 333180K->166964K(465920K)] 685063K->551156K(1864192K), 0.0846473 secs] [Times: user=0.42 sys=0.00, real=0.08 secs] 
4481.302: [GC (Allocation Failure) [PSYoungGen: 399924K->184374K(465920K)] 784116K->620742K(1864192K), 0.0519477 secs] [Times: user=0.24 sys=0.00, real=0.05 secs] 
4481.462: [GC (GCLocker Initiated GC) [PSYoungGen: 417334K->183959K(465920K)] 853704K->684505K(1864192K), 0.0497779 secs] [Times: user=0.23 sys=0.00, real=0.05 secs] 
4481.615: [GC (Allocation Failure) [PSYoungGen: 416919K->186005K(465920K)] 917466K->744936K(1864192K), 0.0555481 secs] [Times: user=0.27 sys=0.00, real=0.06 secs] 
4482.819: [GC (Allocation Failure) [PSYoungGen: 418965K->81849K(465920K)] 977896K->710893K(1864192K), 0.0588028 secs] [Times: user=0.31 sys=0.00, real=0.06 secs] 
4483.143: [GC (Allocation Failure) [PSYoungGen: 314809K->182070K(465920K)] 943853K->836926K(1864192K), 0.0444493 secs] [Times: user=0.20 sys=0.00, real=0.05 secs] 
4483.304: [GC (Allocation Failure) [PSYoungGen: 415030K->184534K(465920K)] 1069886K->896206K(1864192K), 0.0447996 secs] [Times: user=0.21 sys=0.00, real=0.05 secs] 
4483.454: [GC (Allocation Failure) [PSYoungGen: 417494K->187125K(465920K)] 1129166K->954557K(1864192K), 0.0468668 secs] [Times: user=0.21 sys=0.00, real=0.05 secs] 
4484.523: [GC (Allocation Failure) [PSYoungGen: 420085K->105532K(465920K)] 1187517K->943693K(1864192K), 0.0481717 secs] [Times: user=0.24 sys=0.00, real=0.05 secs] 
4485.412: [GC (Allocation Failure) [PSYoungGen: 338492K->161651K(465920K)] 1176653K->1033829K(1864192K), 0.0721722 secs] [Times: user=0.36 sys=0.00, real=0.07 secs] 
4485.626: [GC (Allocation Failure) [PSYoungGen: 394611K->180949K(465920K)] 1266789K->1103191K(1864192K), 0.0416456 secs] [Times: user=0.19 sys=0.00, real=0.04 secs] 
4485.779: [GC (Allocation Failure) [PSYoungGen: 413909K->185687K(465920K)] 1336151K->1171192K(1864192K), 0.0499890 secs] [Times: user=0.24 sys=0.00, real=0.05 secs] 
4485.960: [GC (Allocation Failure) [PSYoungGen: 418647K->186645K(465920K)] 1404152K->1231046K(1864192K), 0.0829213 secs] [Times: user=0.43 sys=0.00, real=0.08 secs] 
4487.666: [GC (Allocation Failure) [PSYoungGen: 419605K->90858K(465920K)] 1464006K->1205884K(1864192K), 0.0982825 secs] [Times: user=0.53 sys=0.00, real=0.10 secs] 
4488.485: [GC (Allocation Failure) [PSYoungGen: 323818K->178101K(465920K)] 1438844K->1322040K(1864192K), 0.0496251 secs] [Times: user=0.22 sys=0.00, real=0.05 secs] 
4488.664: [GC (Allocation Failure) [PSYoungGen: 411061K->184758K(465920K)] 1555000K->1384272K(1864192K), 0.0462946 secs] [Times: user=0.22 sys=0.00, real=0.05 secs] 
4488.815: [GC (Allocation Failure) [PSYoungGen: 417718K->186965K(465920K)] 1617232K->1442183K(1864192K), 0.0471751 secs] [Times: user=0.22 sys=0.00, real=0.05 secs] 
4489.902: [GC (Allocation Failure) [PSYoungGen: 419925K->108397K(465920K)] 1675143K->1434183K(1864192K), 0.0577921 secs] [Times: user=0.31 sys=0.00, real=0.06 secs] 
4489.960: [Full GC (Ergonomics) [PSYoungGen: 108397K->0K(465920K)] [ParOldGen: 1325786K->93719K(1398272K)] 1434183K->93719K(1864192K), [Metaspace: 60426K->60426K(1105920K)], 0.0345673 secs] [Times: user=0.10 sys=0.00, real=0.03 secs] 
4491.332: [GC (Allocation Failure) [PSYoungGen: 232960K->156338K(465920K)] 326679K->250058K(1864192K), 0.0628038 secs] [Times: user=0.25 sys=0.01, real=0.06 secs] 
4491.629: [GC (Allocation Failure) [PSYoungGen: 389298K->183637K(465920K)] 483018K->325813K(1864192K), 0.0485894 secs] [Times: user=0.22 sys=0.00, real=0.05 secs] 
4491.811: [GC (Allocation Failure) [PSYoungGen: 416597K->186135K(465920K)] 558773K->392274K(1864192K), 0.0554944 secs] [Times: user=0.26 sys=0.00, real=0.05 secs] 
4491.985: [GC (Allocation Failure) [PSYoungGen: 419095K->186517K(465920K)] 625234K->451816K(1864192K), 0.0548201 secs] [Times: user=0.26 sys=0.00, real=0.06 secs] 
4493.165: [GC (Allocation Failure) [PSYoungGen: 419477K->90714K(465920K)] 684776K->426406K(1864192K), 0.0491403 secs] [Times: user=0.26 sys=0.00, real=0.05 secs] 
4493.903: [GC (Allocation Failure) [PSYoungGen: 323674K->173908K(465920K)] 659366K->538400K(1864192K), 0.0454736 secs] [Times: user=0.20 sys=0.00, real=0.05 secs] 
4494.112: [GC (Allocation Failure) [PSYoungGen: 406868K->184310K(465920K)] 771360K->603169K(1864192K), 0.0615311 secs] [Times: user=0.29 sys=0.00, real=0.06 secs] 
4494.336: [GC (Allocation Failure) [PSYoungGen: 417270K->186709K(465920K)] 836129K->661529K(1864192K), 0.0617686 secs] [Times: user=0.30 sys=0.00, real=0.07 secs] 
4495.364: [GC (Allocation Failure) [PSYoungGen: 419669K->115678K(465920K)] 894489K->660770K(1864192K), 0.0461018 secs] [Times: user=0.23 sys=0.00, real=0.05 secs] 
4496.512: [GC (Allocation Failure) [PSYoungGen: 348638K->152850K(465920K)] 893730K->735175K(1864192K), 0.1114205 secs] [Times: user=0.59 sys=0.00, real=0.11 secs] 
4496.779: [GC (Allocation Failure) [PSYoungGen: 385810K->183829K(465920K)] 968135K->814406K(1864192K), 0.0417067 secs] [Times: user=0.18 sys=0.00, real=0.04 secs] 
4496.930: [GC (Allocation Failure) [PSYoungGen: 416789K->182742K(465920K)] 1047366K->877191K(1864192K), 0.0501994 secs] [Times: user=0.23 sys=0.00, real=0.05 secs] 
4497.086: [GC (Allocation Failure) [PSYoungGen: 415702K->186741K(465920K)] 1110151K->939486K(1864192K), 0.0569421 secs] [Times: user=0.27 sys=0.01, real=0.06 secs] 
4498.620: [GC (Allocation Failure) [PSYoungGen: 419701K->93307K(465920K)] 1172446K->916508K(1864192K), 0.1123471 secs] [Times: user=0.61 sys=0.00, real=0.11 secs] 
4499.135: [GC (Allocation Failure) [PSYoungGen: 326267K->178485K(465920K)] 1149468K->1032347K(1864192K), 0.0431611 secs] [Times: user=0.19 sys=0.00, real=0.05 secs] 
4499.292: [GC (Allocation Failure) [PSYoungGen: 411445K->184438K(465920K)] 1265307K->1093867K(1864192K), 0.0441610 secs] [Times: user=0.20 sys=0.00, real=0.04 secs] 
4499.441: [GC (Allocation Failure) [PSYoungGen: 417398K->186037K(465920K)] 1326827K->1151539K(1864192K), 0.0464204 secs] [Times: user=0.21 sys=0.00, real=0.05 secs] 
4500.479: [GC (Allocation Failure) [PSYoungGen: 418997K->115342K(465920K)] 1384499K->1151076K(1864192K), 0.0471653 secs] [Times: user=0.24 sys=0.00, real=0.04 secs] 
4501.093: [GC (Allocation Failure) [PSYoungGen: 348302K->147025K(465920K)] 1384036K->1219760K(1864192K), 0.0812245 secs] [Times: user=0.42 sys=0.00, real=0.08 secs] 
4501.306: [GC (Allocation Failure) [PSYoungGen: 379985K->183541K(465920K)] 1452720K->1302036K(1864192K), 0.0407929 secs] [Times: user=0.18 sys=0.00, real=0.04 secs] 
4501.478: [GC (Allocation Failure) [PSYoungGen: 416501K->185591K(465920K)] 1534996K->1367982K(1864192K), 0.0553485 secs] [Times: user=0.26 sys=0.00, real=0.05 secs] 
4501.650: [GC (Allocation Failure) [PSYoungGen: 418551K->186965K(465920K)] 1600942K->1428068K(1864192K), 0.0583442 secs] [Times: user=0.29 sys=0.00, real=0.06 secs] 
4502.854: [GC (Allocation Failure) [PSYoungGen: 419925K->90442K(465920K)] 1661028K->1402233K(1864192K), 0.0722872 secs] [Times: user=0.39 sys=0.01, real=0.07 secs] 
4502.926: [Full GC (Ergonomics) [PSYoungGen: 90442K->0K(465920K)] [ParOldGen: 1311790K->99789K(1398272K)] 1402233K->99789K(1864192K), [Metaspace: 60426K->60426K(1105920K)], 0.1142490 secs] [Times: user=0.47 sys=0.00, real=0.12 secs] 
4503.678: [GC (Allocation Failure) [PSYoungGen: 232960K->173877K(465920K)] 332749K->273666K(1864192K), 0.0325950 secs] [Times: user=0.12 sys=0.00, real=0.03 secs] 
4503.912: [GC (Allocation Failure) [PSYoungGen: 406837K->184374K(465920K)] 506626K->338503K(1864192K), 0.0607718 secs] [Times: user=0.29 sys=0.00, real=0.06 secs] 
4504.091: [GC (Allocation Failure) [PSYoungGen: 417334K->186997K(465920K)] 571463K->397070K(1864192K), 0.0443796 secs] [Times: user=0.20 sys=0.00, real=0.04 secs] 
4505.143: [GC (Allocation Failure) [PSYoungGen: 419957K->124623K(465920K)] 630030K->405225K(1864192K), 0.0466745 secs] [Times: user=0.23 sys=0.00, real=0.05 secs] 
4506.421: [GC (Allocation Failure) [PSYoungGen: 357583K->141697K(465920K)] 638185K->461778K(1864192K), 0.1040843 secs] [Times: user=0.55 sys=0.00, real=0.10 secs] 
4506.749: [GC (Allocation Failure) [PSYoungGen: 374657K->178133K(465920K)] 694738K->543931K(1864192K), 0.0387623 secs] [Times: user=0.17 sys=0.00, real=0.04 secs] 
4506.900: [GC (Allocation Failure) [PSYoungGen: 411093K->185239K(465920K)] 776891K->613061K(1864192K), 0.0490359 secs] [Times: user=0.22 sys=0.00, real=0.05 secs] 
4507.133: [GC (Allocation Failure) [PSYoungGen: 418199K->186485K(465920K)] 846021K->673099K(1864192K), 0.0622586 secs] [Times: user=0.31 sys=0.00, real=0.06 secs] 
4508.444: [GC (GCLocker Initiated GC) [PSYoungGen: 419445K->88650K(465920K)] 906059K->645777K(1864192K), 0.0685003 secs] [Times: user=0.37 sys=0.01, real=0.07 secs] 
4509.265: [GC (Allocation Failure) [PSYoungGen: 321610K->173525K(465920K)] 878740K->758987K(1864192K), 0.0439151 secs] [Times: user=0.19 sys=0.00, real=0.05 secs] 
4509.432: [GC (Allocation Failure) [PSYoungGen: 406485K->184214K(465920K)] 991947K->823580K(1864192K), 0.0433386 secs] [Times: user=0.19 sys=0.00, real=0.04 secs] 
4509.580: [GC (Allocation Failure) [PSYoungGen: 417174K->186869K(465920K)] 1056540K->882091K(1864192K), 0.0458646 secs] [Times: user=0.22 sys=0.00, real=0.04 secs] 
4510.590: [GC (Allocation Failure) [PSYoungGen: 419829K->136913K(465920K)] 1115051K->902671K(1864192K), 0.0496029 secs] [Times: user=0.25 sys=0.00, real=0.05 secs] 
4511.268: [GC (Allocation Failure) [PSYoungGen: 369873K->135136K(465920K)] 1135631K->944374K(1864192K), 0.1327675 secs] [Times: user=0.73 sys=0.00, real=0.13 secs] 
4511.626: [GC (Allocation Failure) [PSYoungGen: 368096K->174868K(465920K)] 1177334K->1026924K(1864192K), 0.0381561 secs] [Times: user=0.17 sys=0.00, real=0.04 secs] 
4511.775: [GC (Allocation Failure) [PSYoungGen: 407828K->184791K(465920K)] 1259884K->1098254K(1864192K), 0.0492431 secs] [Times: user=0.22 sys=0.00, real=0.05 secs] 
4512.178: [GC (Allocation Failure) [PSYoungGen: 417751K->186357K(465920K)] 1331214K->1158548K(1864192K), 0.0802022 secs] [Times: user=0.42 sys=0.00, real=0.08 secs] 
4513.891: [GC (Allocation Failure) [PSYoungGen: 419317K->88250K(465920K)] 1391508K->1130706K(1864192K), 0.1156180 secs] [Times: user=0.65 sys=0.00, real=0.11 secs] 
4515.063: [GC (Allocation Failure) [PSYoungGen: 321210K->175765K(465920K)] 1363666K->1246457K(1864192K), 0.0491385 secs] [Times: user=0.21 sys=0.00, real=0.05 secs] 
4515.298: [GC (Allocation Failure) [PSYoungGen: 408725K->184790K(465920K)] 1479417K->1310422K(1864192K), 0.0623434 secs] [Times: user=0.30 sys=0.00, real=0.06 secs] 
4515.476: [GC (Allocation Failure) [PSYoungGen: 417750K->203637K(465920K)] 1543382K->1385429K(1864192K), 0.0467685 secs] [Times: user=0.22 sys=0.01, real=0.05 secs] 
4516.497: [GC (Allocation Failure) [PSYoungGen: 436597K->144786K(465920K)] 1618389K->1397202K(1864192K), 0.0518011 secs] [Times: user=0.26 sys=0.00, real=0.06 secs] 
4517.127: [GC (Allocation Failure) [PSYoungGen: 377746K->124206K(465920K)] 1630162K->1422367K(1864192K), 0.1408195 secs] [Times: user=0.78 sys=0.00, real=0.15 secs] 
4517.451: [GC (Allocation Failure) [PSYoungGen: 357166K->176693K(465920K)] 1655329K->1514816K(1864192K), 0.0383287 secs] [Times: user=0.16 sys=0.00, real=0.04 secs] 
4517.490: [Full GC (Ergonomics) [PSYoungGen: 176693K->0K(465920K)] [ParOldGen: 1338123K->234208K(1398272K)] 1514816K->234208K(1864192K), [Metaspace: 60426K->60426K(1105920K)], 0.2771622 secs] [Times: user=1.28 sys=0.00, real=0.27 secs] 
4517.878: [GC (Allocation Failure) [PSYoungGen: 232960K->185015K(465920K)] 467168K->419223K(1864192K), 0.0823297 secs] [Times: user=0.42 sys=0.00, real=0.08 secs] 
4518.062: [GC (Allocation Failure) [PSYoungGen: 417975K->186901K(465920K)] 652183K->479957K(1864192K), 0.0573709 secs] [Times: user=0.28 sys=0.00, real=0.06 secs] 
4519.120: [GC (Allocation Failure) [PSYoungGen: 419861K->94843K(465920K)] 712917K->458411K(1864192K), 0.0446180 secs] [Times: user=0.23 sys=0.00, real=0.04 secs] 
4519.656: [GC (Allocation Failure) [PSYoungGen: 327803K->173524K(465920K)] 691371K->567458K(1864192K), 0.0474598 secs] [Times: user=0.21 sys=0.00, real=0.05 secs] 
4519.839: [GC (Allocation Failure) [PSYoungGen: 406484K->184406K(465920K)] 800418K->633351K(1864192K), 0.0436537 secs] [Times: user=0.20 sys=0.00, real=0.04 secs] 
4519.987: [GC (Allocation Failure) [PSYoungGen: 417366K->184692K(465920K)] 866311K->689542K(1864192K), 0.0460606 secs] [Times: user=0.22 sys=0.00, real=0.05 secs] 
4520.969: [GC (Allocation Failure) [PSYoungGen: 417652K->152947K(465920K)] 922502K->727444K(1864192K), 0.0517877 secs] [Times: user=0.26 sys=0.00, real=0.05 secs] 
4521.763: [GC (Allocation Failure) [PSYoungGen: 385907K->118046K(465920K)] 960404K->741147K(1864192K), 0.1108716 secs] [Times: user=0.61 sys=0.00, real=0.11 secs] 
4522.378: [GC (Allocation Failure) [PSYoungGen: 351006K->177781K(465920K)] 974107K->838303K(1864192K), 0.0395268 secs] [Times: user=0.16 sys=0.00, real=0.04 secs] 
4522.530: [GC (Allocation Failure) [PSYoungGen: 410741K->183062K(465920K)] 1071263K->905925K(1864192K), 0.0501692 secs] [Times: user=0.23 sys=0.00, real=0.05 secs] 
4522.690: [GC (Allocation Failure) [PSYoungGen: 416022K->186613K(465920K)] 1138885K->967899K(1864192K), 0.0590821 secs] [Times: user=0.30 sys=0.00, real=0.06 secs] 
4523.848: [GC (Allocation Failure) [PSYoungGen: 419573K->97259K(465920K)] 1200859K->948954K(1864192K), 0.0605524 secs] [Times: user=0.32 sys=0.00, real=0.06 secs] 
4524.765: [GC (Allocation Failure) [PSYoungGen: 330219K->168180K(465920K)] 1181914K->1051651K(1864192K), 0.0541728 secs] [Times: user=0.25 sys=0.00, real=0.06 secs] 
4524.997: [GC (Allocation Failure) [PSYoungGen: 401140K->181621K(465920K)] 1284611K->1117640K(1864192K), 0.0617986 secs] [Times: user=0.30 sys=0.00, real=0.06 secs] 
4525.234: [GC (Allocation Failure) [PSYoungGen: 410895K->181046K(465920K)] 1346914K->1180129K(1864192K), 0.0733644 secs] [Times: user=0.37 sys=0.00, real=0.07 secs] 
4526.193: [GC (Allocation Failure) [PSYoungGen: 414006K->168147K(464896K)] 1413089K->1224773K(1863168K), 0.0569821 secs] [Times: user=0.28 sys=0.00, real=0.06 secs] 
4526.727: [GC (Allocation Failure) [PSYoungGen: 401107K->108525K(465408K)] 1457733K->1229571K(1863680K), 0.1052070 secs] [Times: user=0.56 sys=0.00, real=0.11 secs] 
4527.107: [GC (Allocation Failure) [PSYoungGen: 337176K->174965K(465920K)] 1458223K->1330684K(1864192K), 0.0381602 secs] [Times: user=0.17 sys=0.00, real=0.03 secs] 
4527.255: [GC (Allocation Failure) [PSYoungGen: 407925K->184502K(465920K)] 1563644K->1395129K(1864192K), 0.0439480 secs] [Times: user=0.19 sys=0.00, real=0.05 secs] 
4527.404: [GC (Allocation Failure) [PSYoungGen: 417462K->186613K(465920K)] 1628089K->1453249K(1864192K), 0.0466479 secs] [Times: user=0.22 sys=0.00, real=0.05 secs] 
4528.455: [GC (Allocation Failure) [PSYoungGen: 419573K->99020K(465920K)] 1686209K->1435983K(1864192K), 0.0456567 secs] [Times: user=0.23 sys=0.00, real=0.05 secs] 
4528.501: [Full GC (Ergonomics) [PSYoungGen: 99020K->0K(465920K)] [ParOldGen: 1336963K->92063K(1398272K)] 1435983K->92063K(1864192K), [Metaspace: 60427K->60427K(1105920K)], 0.0414264 secs] [Times: user=0.13 sys=0.00, real=0.04 secs] 
4529.177: [GC (Allocation Failure) [PSYoungGen: 232960K->169012K(465920K)] 325023K->261075K(1864192K), 0.0378349 secs] [Times: user=0.14 sys=0.00, real=0.03 secs] 
4529.383: [GC (Allocation Failure) [PSYoungGen: 401972K->184470K(465920K)] 494035K->329713K(1864192K), 0.0417193 secs] [Times: user=0.19 sys=0.00, real=0.04 secs] 
4529.536: [GC (Allocation Failure) [PSYoungGen: 417430K->185847K(465920K)] 562673K->395290K(1864192K), 0.0493127 secs] [Times: user=0.23 sys=0.00, real=0.05 secs] 
4530.284: [GC (Allocation Failure) [PSYoungGen: 418807K->213875K(465920K)] 628250K->482231K(1864192K), 0.0536240 secs] [Times: user=0.26 sys=0.00, real=0.06 secs] 
4531.441: [GC (Allocation Failure) [PSYoungGen: 446835K->99643K(465920K)] 715191K->433911K(1864192K), 0.0893480 secs] [Times: user=0.48 sys=0.00, real=0.09 secs] 
4531.851: [GC (Allocation Failure) [PSYoungGen: 332603K->182454K(465920K)] 666871K->548566K(1864192K), 0.0343584 secs] [Times: user=0.15 sys=0.00, real=0.03 secs] 
4532.015: [GC (Allocation Failure) [PSYoungGen: 415414K->184534K(465920K)] 781526K->607486K(1864192K), 0.0478055 secs] [Times: user=0.22 sys=0.00, real=0.05 secs] 
4532.233: [GC (Allocation Failure) [PSYoungGen: 417494K->186325K(465920K)] 840446K->665237K(1864192K), 0.0462977 secs] [Times: user=0.22 sys=0.00, real=0.05 secs] 
4533.590: [GC (Allocation Failure) [PSYoungGen: 419285K->92139K(465920K)] 898197K->641147K(1864192K), 0.0434861 secs] [Times: user=0.22 sys=0.01, real=0.04 secs] 
4533.996: [GC (Allocation Failure) [PSYoungGen: 325099K->171188K(465920K)] 874107K->750733K(1864192K), 0.0702424 secs] [Times: user=0.34 sys=0.00, real=0.07 secs] 
4534.287: [GC (Allocation Failure) [PSYoungGen: 404148K->183893K(465920K)] 983693K->816406K(1864192K), 0.0522045 secs] [Times: user=0.25 sys=0.00, real=0.06 secs] 
4534.451: [GC (Allocation Failure) [PSYoungGen: 416853K->185719K(465920K)] 1049366K->882360K(1864192K), 0.0506921 secs] [Times: user=0.24 sys=0.00, real=0.05 secs] 
4535.262: [GC (Allocation Failure) [PSYoungGen: 415772K->198228K(465920K)] 1112413K->953749K(1864192K), 0.0580099 secs] [Times: user=0.29 sys=0.00, real=0.06 secs] 
4535.848: [GC (GCLocker Initiated GC) [PSYoungGen: 431188K->90426K(465920K)] 1186709K->913484K(1864192K), 0.0707482 secs] [Times: user=0.38 sys=0.01, real=0.07 secs] 
4536.621: [GC (Allocation Failure) [PSYoungGen: 323386K->181238K(465920K)] 1146610K->1033326K(1864192K), 0.0475951 secs] [Times: user=0.21 sys=0.00, real=0.05 secs] 
4536.842: [GC (Allocation Failure) [PSYoungGen: 414198K->184502K(465920K)] 1266286K->1093186K(1864192K), 0.0682180 secs] [Times: user=0.33 sys=0.00, real=0.07 secs] 
4537.030: [GC (Allocation Failure) [PSYoungGen: 417462K->186389K(465920K)] 1326146K->1151033K(1864192K), 0.0470664 secs] [Times: user=0.22 sys=0.00, real=0.04 secs] 
4538.089: [GC (Allocation Failure) [PSYoungGen: 419349K->103436K(465920K)] 1383993K->1138449K(1864192K), 0.0466025 secs] [Times: user=0.25 sys=0.00, real=0.04 secs] 
4539.430: [GC (Allocation Failure) [PSYoungGen: 336396K->161907K(465920K)] 1371409K->1230529K(1864192K), 0.0851612 secs] [Times: user=0.43 sys=0.00, real=0.08 secs] 
4539.708: [GC (Allocation Failure) [PSYoungGen: 394867K->184310K(465920K)] 1463489K->1303839K(1864192K), 0.0443436 secs] [Times: user=0.20 sys=0.00, real=0.04 secs] 
4539.862: [GC (Allocation Failure) [PSYoungGen: 417270K->185943K(465920K)] 1536799K->1369596K(1864192K), 0.0506847 secs] [Times: user=0.24 sys=0.00, real=0.05 secs] 
4540.017: [GC (Allocation Failure) [PSYoungGen: 418903K->186325K(465920K)] 1602556K->1429002K(1864192K), 0.0564182 secs] [Times: user=0.28 sys=0.00, real=0.05 secs] 
4541.603: [GC (Allocation Failure) [PSYoungGen: 419285K->89482K(465920K)] 1661962K->1402416K(1864192K), 0.0999739 secs] [Times: user=0.54 sys=0.00, real=0.10 secs] 
4541.703: [Full GC (Ergonomics) [PSYoungGen: 89482K->0K(465920K)] [ParOldGen: 1312933K->106665K(1398272K)] 1402416K->106665K(1864192K), [Metaspace: 60427K->60427K(1105920K)], 0.1565652 secs] [Times: user=0.68 sys=0.00, real=0.16 secs] 
4542.415: [GC (Allocation Failure) [PSYoungGen: 232960K->178325K(465920K)] 339625K->284991K(1864192K), 0.0330027 secs] [Times: user=0.12 sys=0.00, real=0.04 secs] 
4542.608: [GC (Allocation Failure) [PSYoungGen: 411285K->184822K(465920K)] 517951K->347083K(1864192K), 0.0540074 secs] [Times: user=0.25 sys=0.00, real=0.05 secs] 
4542.790: [GC (Allocation Failure) [PSYoungGen: 417782K->186805K(465920K)] 580043K->405122K(1864192K), 0.0450183 secs] [Times: user=0.21 sys=0.00, real=0.04 secs] 
4543.840: [GC (GCLocker Initiated GC) [PSYoungGen: 419765K->100924K(465920K)] 638082K->389562K(1864192K), 0.0442193 secs] [Times: user=0.23 sys=0.00, real=0.04 secs] 
4544.606: [GC (Allocation Failure) [PSYoungGen: 333884K->161907K(465920K)] 622524K->482988K(1864192K), 0.1022215 secs] [Times: user=0.52 sys=0.00, real=0.11 secs] 
4544.880: [GC (Allocation Failure) [PSYoungGen: 394806K->184406K(465920K)] 715887K->556323K(1864192K), 0.0417473 secs] [Times: user=0.19 sys=0.00, real=0.04 secs] 
4545.031: [GC (Allocation Failure) [PSYoungGen: 417366K->186295K(465920K)] 789283K->622188K(1864192K), 0.0499146 secs] [Times: user=0.23 sys=0.00, real=0.05 secs] 
4545.184: [GC (Allocation Failure) [PSYoungGen: 419255K->186837K(465920K)] 855148K->681994K(1864192K), 0.0547438 secs] [Times: user=0.27 sys=0.00, real=0.06 secs] 
4547.176: [GC (Allocation Failure) [PSYoungGen: 419797K->82985K(465920K)] 914954K->648583K(1864192K), 0.0902361 secs] [Times: user=0.50 sys=0.00, real=0.09 secs] 
4547.659: [GC (Allocation Failure) [PSYoungGen: 315945K->180534K(465920K)] 881543K->772756K(1864192K), 0.0440709 secs] [Times: user=0.19 sys=0.00, real=0.04 secs] 
4547.822: [GC (Allocation Failure) [PSYoungGen: 413494K->184790K(465920K)] 1005716K->833316K(1864192K), 0.0436402 secs] [Times: user=0.20 sys=0.00, real=0.04 secs] 
4547.970: [GC (Allocation Failure) [PSYoungGen: 417750K->186741K(465920K)] 1066276K->891283K(1864192K), 0.0458661 secs] [Times: user=0.21 sys=0.00, real=0.04 secs] 
4549.500: [GC (Allocation Failure) [PSYoungGen: 419701K->108413K(465920K)] 1124243K->883411K(1864192K), 0.0469129 secs] [Times: user=0.24 sys=0.00, real=0.04 secs] 
4550.549: [GC (Allocation Failure) [PSYoungGen: 341373K->155058K(465920K)] 1116371K->965150K(1864192K), 0.0945163 secs] [Times: user=0.49 sys=0.00, real=0.09 secs] 
4550.796: [GC (Allocation Failure) [PSYoungGen: 388018K->184278K(465920K)] 1198110K->1042617K(1864192K), 0.0426570 secs] [Times: user=0.19 sys=0.00, real=0.05 secs] 
4551.000: [GC (Allocation Failure) [PSYoungGen: 417238K->183158K(465920K)] 1275577K->1105578K(1864192K), 0.0817725 secs] [Times: user=0.41 sys=0.00, real=0.08 secs] 
4551.245: [GC (Allocation Failure) [PSYoungGen: 416118K->186389K(465920K)] 1338538K->1167096K(1864192K), 0.0796681 secs] [Times: user=0.41 sys=0.00, real=0.08 secs] 
4552.358: [GC (Allocation Failure) [PSYoungGen: 418557K->92171K(465920K)] 1399265K->1143198K(1864192K), 0.0668218 secs] [Times: user=0.36 sys=0.00, real=0.06 secs] 
4552.769: [GC (Allocation Failure) [PSYoungGen: 325131K->178421K(465920K)] 1376158K->1258870K(1864192K), 0.0466368 secs] [Times: user=0.21 sys=0.00, real=0.04 secs] 
4552.935: [GC (Allocation Failure) [PSYoungGen: 411381K->185014K(465920K)] 1491830K->1320930K(1864192K), 0.0464317 secs] [Times: user=0.21 sys=0.00, real=0.05 secs] 
4553.119: [GC (Allocation Failure) [PSYoungGen: 417974K->181012K(465920K)] 1553890K->1373145K(1864192K), 0.0585347 secs] [Times: user=0.29 sys=0.00, real=0.06 secs] 
4554.227: [GC (Allocation Failure) [PSYoungGen: 413972K->117406K(465920K)] 1606105K->1377795K(1864192K), 0.0493710 secs] [Times: user=0.26 sys=0.00, real=0.05 secs] 
4554.945: [GC (GCLocker Initiated GC) [PSYoungGen: 350366K->149938K(465920K)] 1610755K->1448187K(1864192K), 0.1272705 secs] [Times: user=0.69 sys=0.00, real=0.13 secs] 
4555.234: [GC (Allocation Failure) [PSYoungGen: 382898K->184150K(465920K)] 1681186K->1529006K(1864192K), 0.0414951 secs] [Times: user=0.18 sys=0.00, real=0.04 secs] 
4555.276: [Full GC (Ergonomics) [PSYoungGen: 184150K->0K(465920K)] [ParOldGen: 1344856K->249175K(1398272K)] 1529006K->249175K(1864192K), [Metaspace: 60427K->60427K(1105920K)], 0.3025833 secs] [Times: user=1.38 sys=0.00, real=0.31 secs] 
4555.687: [GC (Allocation Failure) [PSYoungGen: 232960K->182518K(465920K)] 482135K->431694K(1864192K), 0.0867146 secs] [Times: user=0.45 sys=0.00, real=0.08 secs] 
4555.878: [GC (Allocation Failure) [PSYoungGen: 415478K->186709K(465920K)] 664654K->494140K(1864192K), 0.0556111 secs] [Times: user=0.27 sys=0.00, real=0.05 secs] 
4557.687: [GC (Allocation Failure) [PSYoungGen: 419669K->90042K(465920K)] 727100K->468010K(1864192K), 0.0979978 secs] [Times: user=0.53 sys=0.00, real=0.10 secs] 
4558.304: [GC (Allocation Failure) [PSYoungGen: 323002K->174677K(465920K)] 700970K->581329K(1864192K), 0.0449934 secs] [Times: user=0.19 sys=0.00, real=0.05 secs] 
4558.475: [GC (Allocation Failure) [PSYoungGen: 407637K->184630K(465920K)] 814289K->646258K(1864192K), 0.0433479 secs] [Times: user=0.19 sys=0.00, real=0.05 secs] 
4558.624: [GC (Allocation Failure) [PSYoungGen: 417590K->186805K(465920K)] 879218K->704529K(1864192K), 0.0465990 secs] [Times: user=0.21 sys=0.01, real=0.05 secs] 
4559.979: [GC (Allocation Failure) [PSYoungGen: 419765K->123823K(465920K)] 937489K->712011K(1864192K), 0.0486102 secs] [Times: user=0.25 sys=0.00, real=0.05 secs] 
4560.501: [GC (Allocation Failure) [PSYoungGen: 356783K->144017K(465920K)] 944971K->771597K(1864192K), 0.0787251 secs] [Times: user=0.41 sys=0.00, real=0.08 secs] 
4560.775: [GC (Allocation Failure) [PSYoungGen: 376977K->182773K(465920K)] 1004557K->855895K(1864192K), 0.0517266 secs] [Times: user=0.24 sys=0.00, real=0.05 secs] 
4560.982: [GC (Allocation Failure) [PSYoungGen: 415733K->185783K(465920K)] 1088855K->922592K(1864192K), 0.0603928 secs] [Times: user=0.30 sys=0.00, real=0.06 secs] 
4561.166: [GC (Allocation Failure) [PSYoungGen: 418743K->183444K(465920K)] 1155552K->979214K(1864192K), 0.0585947 secs] [Times: user=0.28 sys=0.00, real=0.06 secs] 
4562.319: [GC (Allocation Failure) [PSYoungGen: 416404K->93515K(465920K)] 1212174K->958432K(1864192K), 0.0430110 secs] [Times: user=0.22 sys=0.00, real=0.04 secs] 
4562.734: [GC (Allocation Failure) [PSYoungGen: 326475K->178005K(465920K)] 1191392K->1073131K(1864192K), 0.0336582 secs] [Times: user=0.14 sys=0.00, real=0.03 secs] 
4562.904: [GC (Allocation Failure) [PSYoungGen: 410965K->181653K(465920K)] 1306091K->1132487K(1864192K), 0.0472644 secs] [Times: user=0.22 sys=0.00, real=0.05 secs] 
4563.080: [GC (Allocation Failure) [PSYoungGen: 414613K->186965K(465920K)] 1365447K->1193119K(1864192K), 0.0453134 secs] [Times: user=0.21 sys=0.00, real=0.04 secs] 
4564.152: [GC (Allocation Failure) [PSYoungGen: 419925K->128239K(465920K)] 1426079K->1204990K(1864192K), 0.0485581 secs] [Times: user=0.24 sys=0.00, real=0.05 secs] 
4565.509: [GC (Allocation Failure) [PSYoungGen: 361199K->139488K(465920K)] 1437950K->1256707K(1864192K), 0.1308303 secs] [Times: user=0.71 sys=0.00, real=0.13 secs] 
4565.895: [GC (Allocation Failure) [PSYoungGen: 372448K->177941K(465920K)] 1489667K->1339720K(1864192K), 0.0406983 secs] [Times: user=0.18 sys=0.00, real=0.04 secs] 
4566.078: [GC (Allocation Failure) [PSYoungGen: 410901K->183222K(465920K)] 1572680K->1407326K(1864192K), 0.0763848 secs] [Times: user=0.38 sys=0.00, real=0.07 secs] 
4566.273: [GC (Allocation Failure) [PSYoungGen: 416182K->186773K(465920K)] 1640286K->1469292K(1864192K), 0.0595640 secs] [Times: user=0.30 sys=0.00, real=0.06 secs] 
4567.467: [GC (Allocation Failure) [PSYoungGen: 419733K->94107K(465920K)] 1702252K->1447070K(1864192K), 0.0716636 secs] [Times: user=0.39 sys=0.00, real=0.08 secs] 
4567.538: [Full GC (Ergonomics) [PSYoungGen: 94107K->0K(465920K)] [ParOldGen: 1352963K->98388K(1398272K)] 1447070K->98388K(1864192K), [Metaspace: 60427K->60427K(1105920K)], 0.0914544 secs] [Times: user=0.34 sys=0.00, real=0.09 secs] 
4568.291: [GC (Allocation Failure) [PSYoungGen: 232960K->171028K(465920K)] 331348K->269417K(1864192K), 0.0374602 secs] [Times: user=0.14 sys=0.00, real=0.04 secs] 
4568.481: [GC (Allocation Failure) [PSYoungGen: 403988K->184406K(465920K)] 502377K->336622K(1864192K), 0.0413656 secs] [Times: user=0.19 sys=0.00, real=0.04 secs] 
4568.626: [GC (Allocation Failure) [PSYoungGen: 417366K->183988K(465920K)] 569582K->392101K(1864192K), 0.0442210 secs] [Times: user=0.20 sys=0.00, real=0.05 secs] 
4569.625: [GC (Allocation Failure) [PSYoungGen: 416948K->142129K(465920K)] 625061K->419714K(1864192K), 0.0488369 secs] [Times: user=0.24 sys=0.00, real=0.05 secs] 
4570.332: [GC (Allocation Failure) [PSYoungGen: 375089K->131231K(465920K)] 652674K->453776K(1864192K), 0.1338888 secs] [Times: user=0.73 sys=0.01, real=0.13 secs] 
4570.766: [GC (Allocation Failure) [PSYoungGen: 364191K->173204K(465920K)] 686736K->537734K(1864192K), 0.0411530 secs] [Times: user=0.19 sys=0.00, real=0.04 secs] 
4570.970: [GC (Allocation Failure) [PSYoungGen: 406164K->185559K(465920K)] 770694K->611144K(1864192K), 0.0816772 secs] [Times: user=0.41 sys=0.00, real=0.08 secs] 
4571.179: [GC (Allocation Failure) [PSYoungGen: 418519K->186741K(465920K)] 844104K->671271K(1864192K), 0.0586607 secs] [Times: user=0.29 sys=0.00, real=0.06 secs] 
4572.497: [GC (Allocation Failure) [PSYoungGen: 419701K->96795K(465920K)] 904231K->651661K(1864192K), 0.0798738 secs] [Times: user=0.43 sys=0.00, real=0.08 secs] 
4573.194: [GC (Allocation Failure) [PSYoungGen: 329755K->174389K(465920K)] 884621K->760139K(1864192K), 0.0503538 secs] [Times: user=0.22 sys=0.01, real=0.05 secs] 
4573.388: [GC (Allocation Failure) [PSYoungGen: 407349K->184534K(465920K)] 993099K->825044K(1864192K), 0.0443627 secs] [Times: user=0.20 sys=0.00, real=0.04 secs] 
4573.538: [GC (Allocation Failure) [PSYoungGen: 417414K->186389K(465920K)] 1057924K->882771K(1864192K), 0.0468003 secs] [Times: user=0.21 sys=0.00, real=0.04 secs] 
4574.544: [GC (Allocation Failure) [PSYoungGen: 419349K->143665K(465920K)] 1115731K->910368K(1864192K), 0.0512473 secs] [Times: user=0.25 sys=0.00, real=0.05 secs] 
4575.266: [GC (Allocation Failure) [PSYoungGen: 376625K->127663K(465920K)] 1143328K->939934K(1864192K), 0.0991314 secs] [Times: user=0.54 sys=0.00, real=0.10 secs] 
4575.564: [GC (Allocation Failure) [PSYoungGen: 360623K->178421K(465920K)] 1172894K->1031408K(1864192K), 0.0381763 secs] [Times: user=0.17 sys=0.00, real=0.04 secs] 
4575.712: [GC (Allocation Failure) [PSYoungGen: 411381K->185463K(465920K)] 1264368K->1100714K(1864192K), 0.0511856 secs] [Times: user=0.24 sys=0.00, real=0.05 secs] 
4576.049: [GC (Allocation Failure) [PSYoungGen: 418366K->183572K(465920K)] 1333617K->1157704K(1864192K), 0.0659858 secs] [Times: user=0.34 sys=0.00, real=0.06 secs] 
4577.168: [GC (Allocation Failure) [PSYoungGen: 416532K->92139K(465920K)] 1390664K->1135486K(1864192K), 0.0585187 secs] [Times: user=0.31 sys=0.00, real=0.05 secs] 
4577.581: [GC (GCLocker Initiated GC) [PSYoungGen: 325099K->173588K(465920K)] 1368447K->1246933K(1864192K), 0.0559509 secs] [Times: user=0.25 sys=0.00, real=0.05 secs] 
4577.804: [GC (Allocation Failure) [PSYoungGen: 406548K->184214K(465920K)] 1480060K->1312609K(1864192K), 0.0440938 secs] [Times: user=0.20 sys=0.01, real=0.05 secs] 
4577.954: [GC (Allocation Failure) [PSYoungGen: 417174K->187413K(465920K)] 1545569K->1371561K(1864192K), 0.0468541 secs] [Times: user=0.22 sys=0.00, real=0.05 secs] 
4578.991: [GC (Allocation Failure) [PSYoungGen: 420373K->149106K(465920K)] 1604521K->1403926K(1864192K), 0.0521891 secs] [Times: user=0.26 sys=0.00, real=0.05 secs] 
4579.832: [GC (Allocation Failure) [PSYoungGen: 382066K->120526K(465920K)] 1636886K->1422554K(1864192K), 0.1698406 secs] [Times: user=0.96 sys=0.00, real=0.17 secs] 
4580.316: [GC (Allocation Failure) [PSYoungGen: 353486K->173268K(465920K)] 1655514K->1513861K(1864192K), 0.0386179 secs] [Times: user=0.18 sys=0.00, real=0.04 secs] 
4580.354: [Full GC (Ergonomics) [PSYoungGen: 173268K->0K(465920K)] [ParOldGen: 1340592K->229000K(1398272K)] 1513861K->229000K(1864192K), [Metaspace: 60427K->60427K(1105920K)], 0.2641357 secs] [Times: user=1.20 sys=0.00, real=0.27 secs] 
4580.744: [GC (Allocation Failure) [PSYoungGen: 232873K->185335K(465920K)] 461874K->414336K(1864192K), 0.0905135 secs] [Times: user=0.48 sys=0.00, real=0.09 secs] 
4580.959: [GC (Allocation Failure) [PSYoungGen: 418295K->186805K(465920K)] 647296K->474622K(1864192K), 0.0571137 secs] [Times: user=0.28 sys=0.00, real=0.05 secs] 
4582.232: [GC (Allocation Failure) [PSYoungGen: 419765K->98812K(465920K)] 707582K->457269K(1864192K), 0.0927342 secs] [Times: user=0.50 sys=0.01, real=0.09 secs] 
4582.849: [GC (Allocation Failure) [PSYoungGen: 331772K->171604K(465920K)] 690229K->561770K(1864192K), 0.0532318 secs] [Times: user=0.24 sys=0.00, real=0.05 secs] 
4583.039: [GC (Allocation Failure) [PSYoungGen: 404564K->184598K(465920K)] 794730K->628747K(1864192K), 0.0428569 secs] [Times: user=0.19 sys=0.00, real=0.04 secs] 
4583.233: [GC (Allocation Failure) [PSYoungGen: 417558K->220501K(465920K)] 861707K->720515K(1864192K), 0.0722888 secs] [Times: user=0.36 sys=0.00, real=0.07 secs] 
4584.266: [GC (Allocation Failure) [PSYoungGen: 453461K->153171K(465920K)] 953475K->724145K(1864192K), 0.0514152 secs] [Times: user=0.25 sys=0.00, real=0.06 secs] 
4584.828: [GC (GCLocker Initiated GC) [PSYoungGen: 386131K->116221K(465920K)] 957105K->735828K(1864192K), 0.1707340 secs] [Times: user=0.97 sys=0.00, real=0.17 secs] 
4585.248: [GC (Allocation Failure) [PSYoungGen: 349181K->185877K(465920K)] 968795K->842103K(1864192K), 0.0391791 secs] [Times: user=0.17 sys=0.00, real=0.04 secs] 
4585.397: [GC (Allocation Failure) [PSYoungGen: 418837K->182454K(465920K)] 1075063K->909161K(1864192K), 0.0491721 secs] [Times: user=0.23 sys=0.00, real=0.05 secs] 
4585.552: [GC (Allocation Failure) [PSYoungGen: 415414K->186645K(465920K)] 1142121K->971535K(1864192K), 0.0578567 secs] [Times: user=0.29 sys=0.00, real=0.06 secs] 
4586.723: [GC (Allocation Failure) [PSYoungGen: 419605K->96523K(465920K)] 1204495K->951750K(1864192K), 0.0476507 secs] [Times: user=0.25 sys=0.00, real=0.05 secs] 
4587.304: [GC (Allocation Failure) [PSYoungGen: 329483K->174325K(465920K)] 1184710K->1060624K(1864192K), 0.0617146 secs] [Times: user=0.28 sys=0.00, real=0.06 secs] 
4587.524: [GC (Allocation Failure) [PSYoungGen: 407285K->179285K(465920K)] 1293584K->1120284K(1864192K), 0.0439450 secs] [Times: user=0.20 sys=0.00, real=0.05 secs] 
4587.676: [GC (Allocation Failure) [PSYoungGen: 406436K->179670K(465920K)] 1347435K->1183741K(1864192K), 0.0502413 secs] [Times: user=0.23 sys=0.00, real=0.05 secs] 
4588.583: [GC (Allocation Failure) [PSYoungGen: 407434K->207027K(465920K)] 1411505K->1268210K(1864192K), 0.0560769 secs] [Times: user=0.28 sys=0.00, real=0.06 secs] 
4589.507: [GC (Allocation Failure) [PSYoungGen: 439987K->99900K(465920K)] 1501170K->1226067K(1864192K), 0.0852853 secs] [Times: user=0.47 sys=0.00, real=0.09 secs] 
4589.895: [GC (Allocation Failure) [PSYoungGen: 332860K->182550K(465920K)] 1459027K->1340770K(1864192K), 0.0364824 secs] [Times: user=0.15 sys=0.00, real=0.04 secs] 
4590.039: [GC (Allocation Failure) [PSYoungGen: 415510K->184694K(465920K)] 1573730K->1399794K(1864192K), 0.0463962 secs] [Times: user=0.22 sys=0.00, real=0.04 secs] 
4590.212: [GC (Allocation Failure) [PSYoungGen: 417654K->186645K(465920K)] 1632754K->1457657K(1864192K), 0.0524372 secs] [Times: user=0.26 sys=0.00, real=0.05 secs] 
4591.457: [GC (Allocation Failure) [PSYoungGen: 419605K->94395K(465920K)] 1690617K->1435855K(1864192K), 0.0718882 secs] [Times: user=0.39 sys=0.00, real=0.08 secs] 
4591.529: [Full GC (Ergonomics) [PSYoungGen: 94395K->0K(465920K)] [ParOldGen: 1341460K->87347K(1398272K)] 1435855K->87347K(1864192K), [Metaspace: 60427K->60427K(1105920K)], 0.0482867 secs] [Times: user=0.13 sys=0.00, real=0.05 secs] 
4592.502: [GC (Allocation Failure) [PSYoungGen: 232960K->168500K(465920K)] 320307K->255847K(1864192K), 0.0401944 secs] [Times: user=0.15 sys=0.00, real=0.04 secs] 
4592.750: [GC (Allocation Failure) [PSYoungGen: 401460K->184566K(465920K)] 488807K->324493K(1864192K), 0.0576981 secs] [Times: user=0.27 sys=0.00, real=0.06 secs] 
4592.927: [GC (Allocation Failure) [PSYoungGen: 417526K->185911K(465920K)] 557453K->390054K(1864192K), 0.0493193 secs] [Times: user=0.22 sys=0.00, real=0.05 secs] 
4593.529: [GC (Allocation Failure) [PSYoungGen: 418871K->214100K(465920K)] 623014K->477211K(1864192K), 0.0525665 secs] [Times: user=0.26 sys=0.00, real=0.05 secs] 
4594.385: [GC (GCLocker Initiated GC) [PSYoungGen: 447060K->94027K(465920K)] 710171K->424402K(1864192K), 0.0612177 secs] [Times: user=0.32 sys=0.00, real=0.06 secs] 
4594.791: [GC (Allocation Failure) [PSYoungGen: 326987K->179317K(465920K)] 657529K->539384K(1864192K), 0.0462182 secs] [Times: user=0.19 sys=0.01, real=0.05 secs] 
4594.959: [GC (Allocation Failure) [PSYoungGen: 412277K->184598K(465920K)] 772344K->600873K(1864192K), 0.0433241 secs] [Times: user=0.19 sys=0.00, real=0.04 secs] 
4595.108: [GC (Allocation Failure) [PSYoungGen: 417558K->186613K(465920K)] 833833K->658840K(1864192K), 0.0452784 secs] [Times: user=0.21 sys=0.00, real=0.04 secs] 
4596.214: [GC (Allocation Failure) [PSYoungGen: 419573K->99676K(465920K)] 891800K->642227K(1864192K), 0.0438002 secs] [Times: user=0.22 sys=0.00, real=0.05 secs] 
4596.981: [GC (Allocation Failure) [PSYoungGen: 332636K->165396K(465920K)] 875187K->740424K(1864192K), 0.0937555 secs] [Times: user=0.47 sys=0.00, real=0.09 secs] 
4597.254: [GC (Allocation Failure) [PSYoungGen: 398356K->184182K(465920K)] 973384K->811162K(1864192K), 0.0423473 secs] [Times: user=0.19 sys=0.00, real=0.04 secs] 
4597.408: [GC (Allocation Failure) [PSYoungGen: 417142K->185847K(465920K)] 1044122K->877007K(1864192K), 0.0493133 secs] [Times: user=0.23 sys=0.00, real=0.04 secs] 
4597.587: [GC (Allocation Failure) [PSYoungGen: 418757K->218869K(465920K)] 1109917K->969093K(1864192K), 0.0556204 secs] [Times: user=0.27 sys=0.01, real=0.06 secs] 
4599.721: [GC (Allocation Failure) [PSYoungGen: 451829K->86154K(465920K)] 1202053K->906566K(1864192K), 0.0969732 secs] [Times: user=0.53 sys=0.00, real=0.10 secs] 
4600.536: [GC (Allocation Failure) [PSYoungGen: 319114K->179093K(465920K)] 1139526K->1027043K(1864192K), 0.0471274 secs] [Times: user=0.20 sys=0.00, real=0.05 secs] 
4600.775: [GC (GCLocker Initiated GC) [PSYoungGen: 412053K->182133K(465920K)] 1260003K->1085515K(1864192K), 0.0593057 secs] [Times: user=0.28 sys=0.00, real=0.06 secs] 
4600.998: [GC (Allocation Failure) [PSYoungGen: 415093K->184917K(465920K)] 1318477K->1143484K(1864192K), 0.0498452 secs] [Times: user=0.23 sys=0.00, real=0.05 secs] 
4602.101: [GC (Allocation Failure) [PSYoungGen: 417877K->104348K(465920K)] 1376444K->1132684K(1864192K), 0.0458189 secs] [Times: user=0.24 sys=0.00, real=0.04 secs] 
4602.566: [GC (Allocation Failure) [PSYoungGen: 337239K->160947K(465920K)] 1365575K->1222991K(1864192K), 0.1088326 secs] [Times: user=0.56 sys=0.00, real=0.11 secs] 
4602.853: [GC (Allocation Failure) [PSYoungGen: 393907K->184630K(465920K)] 1455951K->1297110K(1864192K), 0.0418948 secs] [Times: user=0.18 sys=0.00, real=0.04 secs] 
4603.005: [GC (Allocation Failure) [PSYoungGen: 417590K->182646K(465920K)] 1530070K->1359398K(1864192K), 0.0493457 secs] [Times: user=0.23 sys=0.00, real=0.05 secs] 
4603.160: [GC (Allocation Failure) [PSYoungGen: 415606K->186517K(465920K)] 1592358K->1421253K(1864192K), 0.0550665 secs] [Times: user=0.27 sys=0.00, real=0.05 secs] 
4604.550: [GC (Allocation Failure) [PSYoungGen: 419477K->87754K(465920K)] 1654213K->1392834K(1864192K), 0.0719513 secs] [Times: user=0.38 sys=0.00, real=0.07 secs] 
4605.149: [GC (Allocation Failure) [PSYoungGen: 320714K->179061K(465920K)] 1625794K->1512422K(1864192K), 0.0456319 secs] [Times: user=0.20 sys=0.00, real=0.04 secs] 
4605.195: [Full GC (Ergonomics) [PSYoungGen: 179061K->0K(465920K)] [ParOldGen: 1333360K->220432K(1398272K)] 1512422K->220432K(1864192K), [Metaspace: 60427K->60427K(1105920K)], 0.2508708 secs] [Times: user=1.14 sys=0.00, real=0.25 secs] 
4605.560: [GC (Allocation Failure) [PSYoungGen: 232960K->184438K(465920K)] 453392K->404870K(1864192K), 0.0267498 secs] [Times: user=0.10 sys=0.00, real=0.02 secs] 
4606.907: [GC (Allocation Failure) [PSYoungGen: 417398K->185365K(465920K)] 637830K->461805K(1864192K), 0.0772018 secs] [Times: user=0.38 sys=0.00, real=0.08 secs] 
4608.736: [GC (Allocation Failure) [PSYoungGen: 418325K->112941K(465920K)] 694765K->459197K(1864192K), 0.0453280 secs] [Times: user=0.23 sys=0.00, real=0.05 secs] 
4609.502: [GC (Allocation Failure) [PSYoungGen: 345901K->151810K(465920K)] 692157K->533883K(1864192K), 0.0984686 secs] [Times: user=0.52 sys=0.00, real=0.10 secs] 
4609.745: [GC (Allocation Failure) [PSYoungGen: 384770K->183893K(465920K)] 766843K->613134K(1864192K), 0.0398759 secs] [Times: user=0.17 sys=0.00, real=0.04 secs] 
4609.917: [GC (Allocation Failure) [PSYoungGen: 416853K->185911K(465920K)] 846094K->679396K(1864192K), 0.0620048 secs] [Times: user=0.30 sys=0.00, real=0.07 secs] 
4610.149: [GC (Allocation Failure) [PSYoungGen: 418871K->183636K(465920K)] 912356K->736057K(1864192K), 0.0586298 secs] [Times: user=0.29 sys=0.00, real=0.06 secs] 
4611.249: [GC (Allocation Failure) [PSYoungGen: 416596K->90362K(465920K)] 969017K->711991K(1864192K), 0.0635117 secs] [Times: user=0.34 sys=0.00, real=0.06 secs] 
4611.862: [GC (Allocation Failure) [PSYoungGen: 323322K->177141K(465920K)] 944951K->827651K(1864192K), 0.0511280 secs] [Times: user=0.22 sys=0.00, real=0.05 secs] 
4612.060: [GC (Allocation Failure) [PSYoungGen: 410101K->184918K(465920K)] 1060611K->890956K(1864192K), 0.0436956 secs] [Times: user=0.20 sys=0.00, real=0.04 secs] 
4612.230: [GC (Allocation Failure) [PSYoungGen: 417878K->187125K(465920K)] 1123916K->949315K(1864192K), 0.0503294 secs] [Times: user=0.24 sys=0.00, real=0.05 secs] 
4613.272: [GC (Allocation Failure) [PSYoungGen: 420085K->118062K(465920K)] 1182275K->950776K(1864192K), 0.0469773 secs] [Times: user=0.24 sys=0.00, real=0.05 secs] 
4614.366: [GC (Allocation Failure) [PSYoungGen: 351022K->145137K(465920K)] 1183736K->1015403K(1864192K), 0.1497777 secs] [Times: user=0.82 sys=0.00, real=0.15 secs] 
4614.731: [GC (Allocation Failure) [PSYoungGen: 378097K->183605K(465920K)] 1248363K->1099581K(1864192K), 0.0425848 secs] [Times: user=0.19 sys=0.00, real=0.04 secs] 
4614.882: [GC (Allocation Failure) [PSYoungGen: 416565K->186039K(465920K)] 1332541K->1165718K(1864192K), 0.0505340 secs] [Times: user=0.23 sys=0.00, real=0.05 secs] 
4615.034: [GC (Allocation Failure) [PSYoungGen: 418999K->186901K(465920K)] 1398678K->1225548K(1864192K), 0.0576087 secs] [Times: user=0.28 sys=0.00, real=0.06 secs] 
4616.997: [GC (Allocation Failure) [PSYoungGen: 419861K->88026K(465920K)] 1458508K->1197177K(1864192K), 0.1192506 secs] [Times: user=0.66 sys=0.00, real=0.12 secs] 
4618.269: [GC (Allocation Failure) [PSYoungGen: 320986K->173236K(465920K)] 1430137K->1309984K(1864192K), 0.0488482 secs] [Times: user=0.21 sys=0.01, real=0.05 secs] 
4618.514: [GC (Allocation Failure) [PSYoungGen: 406196K->184598K(465920K)] 1542944K->1375946K(1864192K), 0.0615315 secs] [Times: user=0.28 sys=0.01, real=0.06 secs] 
4618.693: [GC (Allocation Failure) [PSYoungGen: 417558K->186869K(465920K)] 1608906K->1434097K(1864192K), 0.0464998 secs] [Times: user=0.21 sys=0.00, real=0.05 secs] 
4619.761: [GC (Allocation Failure) [PSYoungGen: 419829K->129296K(465920K)] 1667057K->1446924K(1864192K), 0.0492708 secs] [Times: user=0.25 sys=0.00, real=0.05 secs] 
4619.810: [Full GC (Ergonomics) [PSYoungGen: 129296K->0K(465920K)] [ParOldGen: 1317628K->342477K(1398272K)] 1446924K->342477K(1864192K), [Metaspace: 60427K->60427K(1105920K)], 0.5777837 secs] [Times: user=2.50 sys=0.00, real=0.58 secs] 
4621.480: [GC (Allocation Failure) [PSYoungGen: 232960K->133104K(465920K)] 575437K->475581K(1864192K), 0.0534933 secs] [Times: user=0.20 sys=0.00, real=0.05 secs] 
4621.904: [GC (Allocation Failure) [PSYoungGen: 366064K->175540K(465920K)] 708541K->560603K(1864192K), 0.0473202 secs] [Times: user=0.22 sys=0.00, real=0.05 secs] 
4622.062: [GC (Allocation Failure) [PSYoungGen: 408500K->185879K(465920K)] 793563K->632461K(1864192K), 0.0486791 secs] [Times: user=0.22 sys=0.00, real=0.05 secs] 
4622.278: [GC (Allocation Failure) [PSYoungGen: 418839K->186421K(465920K)] 865421K->692123K(1864192K), 0.0827164 secs] [Times: user=0.43 sys=0.00, real=0.08 secs] 
4623.647: [GC (Allocation Failure) [PSYoungGen: 419381K->91722K(465920K)] 925083K->667669K(1864192K), 0.1074334 secs] [Times: user=0.58 sys=0.01, real=0.11 secs] 
4624.491: [GC (Allocation Failure) [PSYoungGen: 324682K->176757K(465920K)] 900629K->782380K(1864192K), 0.0445511 secs] [Times: user=0.19 sys=0.00, real=0.04 secs] 
4624.664: [GC (Allocation Failure) [PSYoungGen: 409717K->181781K(465920K)] 1015340K->842632K(1864192K), 0.0428275 secs] [Times: user=0.19 sys=0.00, real=0.04 secs] 
4624.859: [GC (Allocation Failure) [PSYoungGen: 414741K->186901K(465920K)] 1075592K->903208K(1864192K), 0.0685451 secs] [Times: user=0.33 sys=0.00, real=0.07 secs] 
4625.888: [GC (Allocation Failure) [PSYoungGen: 419861K->143633K(465920K)] 1136168K->930485K(1864192K), 0.0498830 secs] [Times: user=0.25 sys=0.00, real=0.05 secs] 
4626.532: [GC (Allocation Failure) [PSYoungGen: 376593K->130895K(465920K)] 1163445K->963315K(1864192K), 0.1568703 secs] [Times: user=0.88 sys=0.00, real=0.16 secs] 
4626.887: [GC (Allocation Failure) [PSYoungGen: 363855K->178485K(465920K)] 1196275K->1052649K(1864192K), 0.0382975 secs] [Times: user=0.17 sys=0.00, real=0.04 secs] 
4627.057: [GC (Allocation Failure) [PSYoungGen: 411445K->185463K(465920K)] 1285609K->1122035K(1864192K), 0.0551359 secs] [Times: user=0.26 sys=0.00, real=0.05 secs] 
4627.424: [GC (Allocation Failure) [PSYoungGen: 418423K->180820K(465920K)] 1354995K->1176104K(1864192K), 0.0814170 secs] [Times: user=0.41 sys=0.00, real=0.08 secs] 
4629.033: [GC (Allocation Failure) [PSYoungGen: 413780K->90778K(465920K)] 1409064K->1154431K(1864192K), 0.0505660 secs] [Times: user=0.27 sys=0.00, real=0.05 secs] 
4629.690: [GC (GCLocker Initiated GC) [PSYoungGen: 323738K->171572K(465920K)] 1387391K->1263982K(1864192K), 0.0569494 secs] [Times: user=0.25 sys=0.00, real=0.05 secs] 
4629.907: [GC (Allocation Failure) [PSYoungGen: 404532K->185078K(465920K)] 1497073K->1331386K(1864192K), 0.0435121 secs] [Times: user=0.19 sys=0.00, real=0.05 secs] 
4630.053: [GC (Allocation Failure) [PSYoungGen: 418038K->187605K(465920K)] 1564346K->1389921K(1864192K), 0.0465094 secs] [Times: user=0.22 sys=0.00, real=0.05 secs] 
4631.064: [GC (Allocation Failure) [PSYoungGen: 420565K->150034K(465920K)] 1622881K->1422831K(1864192K), 0.0516457 secs] [Times: user=0.26 sys=0.00, real=0.05 secs] 
4631.718: [GC (Allocation Failure) [PSYoungGen: 382994K->119054K(465920K)] 1655791K->1439578K(1864192K), 0.1612032 secs] [Times: user=0.91 sys=0.00, real=0.16 secs] 
4631.879: [Full GC (Ergonomics) [PSYoungGen: 119054K->0K(465920K)] [ParOldGen: 1320524K->136355K(1398272K)] 1439578K->136355K(1864192K), [Metaspace: 60427K->60427K(1105920K)], 0.1515329 secs] [Times: user=0.69 sys=0.00, real=0.15 secs] 
4632.562: [GC (Allocation Failure) [PSYoungGen: 232960K->177269K(465920K)] 369315K->313624K(1864192K), 0.0325401 secs] [Times: user=0.13 sys=0.00, real=0.03 secs] 
4632.715: [GC (Allocation Failure) [PSYoungGen: 410200K->185431K(465920K)] 546556K->383998K(1864192K), 0.0476906 secs] [Times: user=0.22 sys=0.00, real=0.05 secs] 
4632.914: [GC (Allocation Failure) [PSYoungGen: 418391K->186773K(465920K)] 616958K->444220K(1864192K), 0.0839321 secs] [Times: user=0.43 sys=0.00, real=0.09 secs] 
4634.189: [GC (Allocation Failure) [PSYoungGen: 419733K->94475K(465920K)] 677180K->422507K(1864192K), 0.0582420 secs] [Times: user=0.31 sys=0.00, real=0.05 secs] 
4635.116: [GC (GCLocker Initiated GC) [PSYoungGen: 327435K->170228K(465920K)] 655467K->528474K(1864192K), 0.0574269 secs] [Times: user=0.26 sys=0.00, real=0.06 secs] 
4635.319: [GC (Allocation Failure) [PSYoungGen: 403188K->181717K(465920K)] 761435K->593336K(1864192K), 0.0421777 secs] [Times: user=0.18 sys=0.01, real=0.04 secs] 
4635.468: [GC (Allocation Failure) [PSYoungGen: 408502K->177846K(465920K)] 820122K->653145K(1864192K), 0.0485554 secs] [Times: user=0.22 sys=0.00, real=0.04 secs] 
4636.314: [GC (Allocation Failure) [PSYoungGen: 408357K->206323K(465920K)] 883656K->738062K(1864192K), 0.0501456 secs] [Times: user=0.21 sys=0.00, real=0.05 secs] 
4636.811: [GC (Allocation Failure) [PSYoungGen: 439283K->100428K(465920K)] 971022K->696839K(1864192K), 0.0521513 secs] [Times: user=0.28 sys=0.00, real=0.05 secs] 
4637.105: [GC (Allocation Failure) [PSYoungGen: 333388K->182358K(465920K)] 929799K->811084K(1864192K), 0.0353154 secs] [Times: user=0.14 sys=0.00, real=0.04 secs] 
4637.248: [GC (Allocation Failure) [PSYoungGen: 415318K->184854K(465920K)] 1044044K->870472K(1864192K), 0.0440411 secs] [Times: user=0.20 sys=0.00, real=0.04 secs] 
4637.416: [GC (Allocation Failure) [PSYoungGen: 417814K->183988K(465920K)] 1103432K->925719K(1864192K), 0.0569365 secs] [Times: user=0.28 sys=0.00, real=0.06 secs] 
4638.596: [GC (Allocation Failure) [PSYoungGen: 416948K->99564K(465920K)] 1158679K->910790K(1864192K), 0.0589734 secs] [Times: user=0.31 sys=0.00, real=0.06 secs] 
4639.650: [GC (Allocation Failure) [PSYoungGen: 332524K->163923K(465920K)] 1143750K->1007271K(1864192K), 0.0868404 secs] [Times: user=0.43 sys=0.00, real=0.08 secs] 
4639.907: [GC (Allocation Failure) [PSYoungGen: 396883K->184310K(465920K)] 1240231K->1079133K(1864192K), 0.0425622 secs] [Times: user=0.19 sys=0.00, real=0.04 secs] 
4640.090: [GC (Allocation Failure) [PSYoungGen: 417270K->186071K(465920K)] 1312093K->1144931K(1864192K), 0.0655335 secs] [Times: user=0.33 sys=0.00, real=0.06 secs] 
4640.562: [GC (Allocation Failure) [PSYoungGen: 418946K->214708K(465920K)] 1377806K->1232664K(1864192K), 0.0552222 secs] [Times: user=0.27 sys=0.00, real=0.06 secs] 
4641.677: [GC (Allocation Failure) [PSYoungGen: 447668K->97451K(465920K)] 1465624K->1183487K(1864192K), 0.1018644 secs] [Times: user=0.55 sys=0.00, real=0.11 secs] 
4642.159: [GC (Allocation Failure) [PSYoungGen: 330411K->179925K(465920K)] 1416447K->1297194K(1864192K), 0.0459083 secs] [Times: user=0.20 sys=0.00, real=0.04 secs] 
4642.319: [GC (Allocation Failure) [PSYoungGen: 412885K->184502K(465920K)] 1530154K->1358150K(1864192K), 0.0448771 secs] [Times: user=0.20 sys=0.00, real=0.04 secs] 
4642.507: [GC (Allocation Failure) [PSYoungGen: 417462K->186037K(465920K)] 1591110K->1415645K(1864192K), 0.0706606 secs] [Times: user=0.36 sys=0.00, real=0.07 secs] 
4643.708: [GC (Allocation Failure) [PSYoungGen: 418997K->98123K(465920K)] 1648605K->1398164K(1864192K), 0.0591132 secs] [Times: user=0.32 sys=0.00, real=0.05 secs] 
4644.520: [GC (Allocation Failure) [PSYoungGen: 330983K->165844K(465920K)] 1631023K->1497929K(1864192K), 0.0695553 secs] [Times: user=0.33 sys=0.00, real=0.07 secs] 
4644.590: [Full GC (Ergonomics) [PSYoungGen: 165844K->0K(465920K)] [ParOldGen: 1332085K->188279K(1398272K)] 1497929K->188279K(1864192K), [Metaspace: 60427K->60427K(1105920K)], 0.2065962 secs] [Times: user=0.97 sys=0.00, real=0.20 secs] 
4644.909: [GC (Allocation Failure) [PSYoungGen: 232960K->184021K(465920K)] 421239K->372301K(1864192K), 0.0338346 secs] [Times: user=0.14 sys=0.00, real=0.03 secs] 
4645.054: [GC (Allocation Failure) [PSYoungGen: 416936K->185687K(465920K)] 605215K->438198K(1864192K), 0.0441702 secs] [Times: user=0.20 sys=0.00, real=0.05 secs] 
4645.369: [GC (Allocation Failure) [PSYoungGen: 418222K->218485K(465920K)] 670734K->529788K(1864192K), 0.0538359 secs] [Times: user=0.26 sys=0.00, real=0.05 secs] 
4646.664: [GC (Allocation Failure) [PSYoungGen: 451445K->88650K(465920K)] 762748K->469877K(1864192K), 0.0968435 secs] [Times: user=0.47 sys=0.00, real=0.10 secs] 
4647.419: [GC (Allocation Failure) [PSYoungGen: 321610K->178933K(465920K)] 702837K->588261K(1864192K), 0.0440774 secs] [Times: user=0.19 sys=0.00, real=0.04 secs] 
4647.629: [GC (Allocation Failure) [PSYoungGen: 411893K->184310K(465920K)] 821221K->649362K(1864192K), 0.0631990 secs] [Times: user=0.30 sys=0.00, real=0.06 secs] 
4647.816: [GC (Allocation Failure) [PSYoungGen: 417270K->183956K(465920K)] 882322K->704953K(1864192K), 0.0452002 secs] [Times: user=0.21 sys=0.00, real=0.05 secs] 
4648.946: [GC (Allocation Failure) [PSYoungGen: 416916K->106845K(465920K)] 937913K->697161K(1864192K), 0.0536781 secs] [Times: user=0.28 sys=0.00, real=0.06 secs] 
4650.305: [GC (Allocation Failure) [PSYoungGen: 339805K->164435K(465920K)] 930121K->789028K(1864192K), 0.0971377 secs] [Times: user=0.49 sys=0.00, real=0.10 secs] 
4650.565: [GC (Allocation Failure) [PSYoungGen: 397395K->181461K(465920K)] 1021988K->857474K(1864192K), 0.0418128 secs] [Times: user=0.19 sys=0.00, real=0.04 secs] 
4650.718: [GC (Allocation Failure) [PSYoungGen: 414421K->186007K(465920K)] 1090434K->925372K(1864192K), 0.0498687 secs] [Times: user=0.23 sys=0.00, real=0.05 secs] 
4650.900: [GC (Allocation Failure) [PSYoungGen: 418967K->186485K(465920K)] 1158332K->984938K(1864192K), 0.0784268 secs] [Times: user=0.39 sys=0.00, real=0.08 secs] 
4652.286: [GC (Allocation Failure) [PSYoungGen: 419445K->88506K(465920K)] 1217898K->957187K(1864192K), 0.0896462 secs] [Times: user=0.49 sys=0.00, real=0.09 secs] 
4652.974: [GC (Allocation Failure) [PSYoungGen: 321466K->175573K(465920K)] 1190147K->1072267K(1864192K), 0.0453626 secs] [Times: user=0.20 sys=0.00, real=0.05 secs] 
4653.210: [GC (Allocation Failure) [PSYoungGen: 408533K->184086K(465920K)] 1305227K->1135512K(1864192K), 0.0617804 secs] [Times: user=0.29 sys=0.01, real=0.06 secs] 
4653.424: [GC (Allocation Failure) [PSYoungGen: 417046K->187157K(465920K)] 1368472K->1194303K(1864192K), 0.0553784 secs] [Times: user=0.27 sys=0.00, real=0.06 secs] 
4654.455: [GC (Allocation Failure) [PSYoungGen: 420117K->107197K(465920K)] 1427263K->1184775K(1864192K), 0.0459046 secs] [Times: user=0.24 sys=0.00, real=0.05 secs] 
4655.009: [GC (Allocation Failure) [PSYoungGen: 340157K->160979K(465920K)] 1417735K->1273198K(1864192K), 0.1134616 secs] [Times: user=0.60 sys=0.00, real=0.11 secs] 
4655.277: [GC (Allocation Failure) [PSYoungGen: 393939K->183989K(465920K)] 1506158K->1347065K(1864192K), 0.0424257 secs] [Times: user=0.19 sys=0.00, real=0.05 secs] 
4655.470: [GC (Allocation Failure) [PSYoungGen: 416949K->183606K(465920K)] 1580025K->1410562K(1864192K), 0.0821354 secs] [Times: user=0.41 sys=0.00, real=0.08 secs] 
4655.678: [GC (Allocation Failure) [PSYoungGen: 416566K->185205K(465920K)] 1643522K->1470624K(1864192K), 0.0545468 secs] [Times: user=0.26 sys=0.00, real=0.05 secs] 
4656.984: [GC (Allocation Failure) [PSYoungGen: 418165K->90042K(465920K)] 1703584K->1445102K(1864192K), 0.0684691 secs] [Times: user=0.37 sys=0.00, real=0.07 secs] 
4657.053: [Full GC (Ergonomics) [PSYoungGen: 90042K->0K(465920K)] [ParOldGen: 1355059K->103435K(1398272K)] 1445102K->103435K(1864192K), [Metaspace: 60427K->60427K(1105920K)], 0.1238078 secs] [Times: user=0.51 sys=0.00, real=0.12 secs] 
4657.986: [GC (Allocation Failure) [PSYoungGen: 232960K->178165K(465920K)] 336395K->281600K(1864192K), 0.0396604 secs] [Times: user=0.16 sys=0.00, real=0.04 secs] 
4658.176: [GC (Allocation Failure) [PSYoungGen: 411125K->181845K(465920K)] 514560K->340805K(1864192K), 0.0404651 secs] [Times: user=0.18 sys=0.00, real=0.04 secs] 
4658.322: [GC (Allocation Failure) [PSYoungGen: 414805K->186965K(465920K)] 573765K->401196K(1864192K), 0.0442177 secs] [Times: user=0.20 sys=0.00, real=0.04 secs] 
4659.364: [GC (Allocation Failure) [PSYoungGen: 419925K->113085K(465920K)] 634156K->397861K(1864192K), 0.0454441 secs] [Times: user=0.23 sys=0.00, real=0.05 secs] 
4659.864: [GC (Allocation Failure) [PSYoungGen: 346045K->158771K(465920K)] 630821K->480938K(1864192K), 0.0610030 secs] [Times: user=0.31 sys=0.00, real=0.06 secs] 
4660.055: [GC (Allocation Failure) [PSYoungGen: 391731K->183797K(465920K)] 713898K->554949K(1864192K), 0.0473391 secs] [Times: user=0.22 sys=0.00, real=0.05 secs] 
4660.237: [GC (Allocation Failure) [PSYoungGen: 416757K->185111K(465920K)] 787909K->620334K(1864192K), 0.0554076 secs] [Times: user=0.26 sys=0.00, real=0.06 secs] 
4660.434: [GC (Allocation Failure) [PSYoungGen: 418071K->183828K(465920K)] 853294K->677644K(1864192K), 0.0598024 secs] [Times: user=0.30 sys=0.00, real=0.06 secs] 
4661.581: [GC (Allocation Failure) [PSYoungGen: 416620K->89018K(465920K)] 910436K->652394K(1864192K), 0.0418111 secs] [Times: user=0.21 sys=0.00, real=0.04 secs] 
4662.231: [GC (Allocation Failure) [PSYoungGen: 321978K->174325K(465920K)] 885354K->766121K(1864192K), 0.0448572 secs] [Times: user=0.20 sys=0.00, real=0.04 secs] 
4662.397: [GC (Allocation Failure) [PSYoungGen: 407285K->184790K(465920K)] 999081K->830998K(1864192K), 0.0427414 secs] [Times: user=0.19 sys=0.00, real=0.05 secs] 
4662.542: [GC (Allocation Failure) [PSYoungGen: 417750K->187157K(465920K)] 1063958K->889358K(1864192K), 0.0454089 secs] [Times: user=0.21 sys=0.00, real=0.04 secs] 
4663.628: [GC (Allocation Failure) [PSYoungGen: 420117K->115454K(465920K)] 1122318K->888171K(1864192K), 0.0468075 secs] [Times: user=0.24 sys=0.00, real=0.04 secs] 
4664.845: [GC (Allocation Failure) [PSYoungGen: 348414K->147025K(465920K)] 1121131K->956895K(1864192K), 0.1234249 secs] [Times: user=0.66 sys=0.00, real=0.13 secs] 
4665.130: [GC (Allocation Failure) [PSYoungGen: 379985K->181365K(465920K)] 1189855K->1037115K(1864192K), 0.0408176 secs] [Times: user=0.18 sys=0.00, real=0.04 secs] 
4665.282: [GC (Allocation Failure) [PSYoungGen: 414325K->185655K(465920K)] 1270075K->1104820K(1864192K), 0.0506962 secs] [Times: user=0.24 sys=0.00, real=0.05 secs] 
4665.438: [GC (Allocation Failure) [PSYoungGen: 418615K->186613K(465920K)] 1337780K->1164715K(1864192K), 0.0588281 secs] [Times: user=0.29 sys=0.00, real=0.05 secs] 
4667.050: [GC (Allocation Failure) [PSYoungGen: 419573K->94747K(465920K)] 1397675K->1143273K(1864192K), 0.1192462 secs] [Times: user=0.60 sys=0.00, real=0.12 secs] 
4667.790: [GC (Allocation Failure) [PSYoungGen: 327707K->174613K(465920K)] 1376233K->1253463K(1864192K), 0.0433510 secs] [Times: user=0.19 sys=0.00, real=0.04 secs] 
4667.950: [GC (Allocation Failure) [PSYoungGen: 407573K->184598K(465920K)] 1486423K->1318096K(1864192K), 0.0453382 secs] [Times: user=0.21 sys=0.00, real=0.04 secs] 
4668.101: [GC (Allocation Failure) [PSYoungGen: 417558K->186805K(465920K)] 1551056K->1376280K(1864192K), 0.0476425 secs] [Times: user=0.22 sys=0.00, real=0.05 secs] 
4669.212: [GC (Allocation Failure) [PSYoungGen: 419765K->122191K(465920K)] 1609240K->1382241K(1864192K), 0.0495350 secs] [Times: user=0.25 sys=0.00, real=0.05 secs] 
4669.648: [GC (Allocation Failure) [PSYoungGen: 355151K->145889K(465920K)] 1615201K->1444588K(1864192K), 0.1066639 secs] [Times: user=0.57 sys=0.01, real=0.10 secs] 
4669.980: [GC (Allocation Failure) [PSYoungGen: 378849K->183221K(465920K)] 1677548K->1527517K(1864192K), 0.0454683 secs] [Times: user=0.21 sys=0.00, real=0.04 secs] 
4670.025: [Full GC (Ergonomics) [PSYoungGen: 183221K->0K(465920K)] [ParOldGen: 1344295K->246066K(1398272K)] 1527517K->246066K(1864192K), [Metaspace: 60427K->60427K(1105920K)], 0.2943886 secs] [Times: user=1.35 sys=0.00, real=0.30 secs] 
4670.430: [GC (Allocation Failure) [PSYoungGen: 232960K->185431K(465920K)] 479026K->431498K(1864192K), 0.0916215 secs] [Times: user=0.48 sys=0.00, real=0.09 secs] 
4670.626: [GC (Allocation Failure) [PSYoungGen: 418386K->186741K(465920K)] 664453K->491656K(1864192K), 0.0570480 secs] [Times: user=0.28 sys=0.00, real=0.06 secs] 
4671.862: [GC (Allocation Failure) [PSYoungGen: 419701K->87466K(465920K)] 724616K->462861K(1864192K), 0.0642552 secs] [Times: user=0.35 sys=0.00, real=0.06 secs] 
4672.574: [GC (Allocation Failure) [PSYoungGen: 320426K->177941K(465920K)] 695821K->581633K(1864192K), 0.0503669 secs] [Times: user=0.22 sys=0.00, real=0.05 secs] 
4672.766: [GC (Allocation Failure) [PSYoungGen: 410901K->184694K(465920K)] 814593K->643625K(1864192K), 0.0431272 secs] [Times: user=0.19 sys=0.00, real=0.05 secs] 
4673.056: [GC (Allocation Failure) [PSYoungGen: 417654K->186197K(465920K)] 876585K->701073K(1864192K), 0.0571934 secs] [Times: user=0.28 sys=0.00, real=0.06 secs] 
4674.307: [GC (Allocation Failure) [PSYoungGen: 419157K->125935K(465920K)] 934033K->710995K(1864192K), 0.0476177 secs] [Times: user=0.23 sys=0.00, real=0.05 secs] 
4676.023: [GC (Allocation Failure) [PSYoungGen: 358895K->136704K(465920K)] 943955K->761588K(1864192K), 0.1477807 secs] [Times: user=0.82 sys=0.00, real=0.15 secs] 
4676.596: [GC (Allocation Failure) [PSYoungGen: 369664K->177877K(465920K)] 994548K->846130K(1864192K), 0.0503067 secs] [Times: user=0.23 sys=0.00, real=0.05 secs] 
4676.802: [GC (Allocation Failure) [PSYoungGen: 410837K->185719K(465920K)] 1079090K->916112K(1864192K), 0.0554235 secs] [Times: user=0.26 sys=0.00, real=0.06 secs] 
4676.983: [GC (Allocation Failure) [PSYoungGen: 418679K->184244K(465920K)] 1149072K->973573K(1864192K), 0.0703360 secs] [Times: user=0.36 sys=0.00, real=0.07 secs] 
4678.221: [GC (Allocation Failure) [PSYoungGen: 417204K->93787K(465920K)] 1206533K->952644K(1864192K), 0.0428746 secs] [Times: user=0.23 sys=0.00, real=0.04 secs] 
4678.593: [GC (Allocation Failure) [PSYoungGen: 326747K->177301K(465920K)] 1185604K->1066763K(1864192K), 0.0326862 secs] [Times: user=0.13 sys=0.00, real=0.03 secs] 
4678.763: [GC (Allocation Failure) [PSYoungGen: 410261K->184630K(465920K)] 1299723K->1129672K(1864192K), 0.0482033 secs] [Times: user=0.23 sys=0.00, real=0.05 secs] 
4678.931: [GC (Allocation Failure) [PSYoungGen: 417590K->184436K(465920K)] 1362632K->1185414K(1864192K), 0.0452542 secs] [Times: user=0.21 sys=0.00, real=0.04 secs] 
4679.959: [GC (Allocation Failure) [PSYoungGen: 417396K->137681K(465920K)] 1418374K->1208235K(1864192K), 0.0491793 secs] [Times: user=0.24 sys=0.00, real=0.05 secs] 
4680.668: [GC (GCLocker Initiated GC) [PSYoungGen: 370641K->130799K(465920K)] 1441195K->1244881K(1864192K), 0.1223257 secs] [Times: user=0.67 sys=0.00, real=0.12 secs] 
4680.945: [GC (Allocation Failure) [PSYoungGen: 363759K->186709K(465920K)] 1477880K->1342747K(1864192K), 0.0388505 secs] [Times: user=0.17 sys=0.00, real=0.04 secs] 
4681.093: [GC (Allocation Failure) [PSYoungGen: 419669K->185335K(465920K)] 1575707K->1403721K(1864192K), 0.0493617 secs] [Times: user=0.23 sys=0.00, real=0.05 secs] 
4681.268: [GC (Allocation Failure) [PSYoungGen: 418295K->183604K(465920K)] 1636681K->1460750K(1864192K), 0.0704299 secs] [Times: user=0.36 sys=0.00, real=0.07 secs] 
4682.840: [GC (Allocation Failure) [PSYoungGen: 416564K->92411K(465920K)] 1693710K->1438901K(1864192K), 0.1219395 secs] [Times: user=0.67 sys=0.00, real=0.12 secs] 
4682.962: [Full GC (Ergonomics) [PSYoungGen: 92411K->0K(465920K)] [ParOldGen: 1346489K->93850K(1398272K)] 1438901K->93850K(1864192K), [Metaspace: 60427K->60427K(1105920K)], 0.1043378 secs] [Times: user=0.40 sys=0.00, real=0.10 secs] 
4683.948: [GC (Allocation Failure) [PSYoungGen: 232960K->173941K(465920K)] 326810K->267791K(1864192K), 0.0338011 secs] [Times: user=0.12 sys=0.00, real=0.03 secs] 
4684.181: [GC (Allocation Failure) [PSYoungGen: 406901K->182037K(465920K)] 500751K->330156K(1864192K), 0.0611545 secs] [Times: user=0.29 sys=0.00, real=0.06 secs] 
4684.365: [GC (Allocation Failure) [PSYoungGen: 414997K->187413K(465920K)] 563116K->390980K(1864192K), 0.0444874 secs] [Times: user=0.20 sys=0.00, real=0.05 secs] 
4685.330: [GC (Allocation Failure) [PSYoungGen: 420373K->148658K(465920K)] 623940K->422865K(1864192K), 0.0497932 secs] [Times: user=0.24 sys=0.00, real=0.05 secs] 
4685.890: [GC (Allocation Failure) [PSYoungGen: 381618K->125375K(465920K)] 655825K->446638K(1864192K), 0.1576393 secs] [Times: user=0.88 sys=0.01, real=0.15 secs] 
4686.282: [GC (Allocation Failure) [PSYoungGen: 358335K->175412K(465920K)] 679598K->536764K(1864192K), 0.0366263 secs] [Times: user=0.16 sys=0.01, real=0.04 secs] 
4686.471: [GC (Allocation Failure) [PSYoungGen: 408372K->185207K(465920K)] 769724K->608082K(1864192K), 0.0716046 secs] [Times: user=0.35 sys=0.00, real=0.07 secs] 
4686.736: [GC (Allocation Failure) [PSYoungGen: 418167K->183540K(465920K)] 841042K->665200K(1864192K), 0.0688521 secs] [Times: user=0.36 sys=0.00, real=0.07 secs] 
4687.816: [GC (GCLocker Initiated GC) [PSYoungGen: 416500K->95035K(465920K)] 898162K->646144K(1864192K), 0.0504599 secs] [Times: user=0.27 sys=0.00, real=0.05 secs] 
4688.658: [GC (Allocation Failure) [PSYoungGen: 327995K->170452K(465920K)] 879107K->751929K(1864192K), 0.0671987 secs] [Times: user=0.31 sys=0.00, real=0.06 secs] 
4688.898: [GC (Allocation Failure) [PSYoungGen: 403412K->181621K(465920K)] 984889K->816458K(1864192K), 0.0429736 secs] [Times: user=0.19 sys=0.00, real=0.04 secs] 
4689.047: [GC (Allocation Failure) [PSYoungGen: 403405K->176566K(465920K)] 1038243K->874739K(1864192K), 0.0487214 secs] [Times: user=0.23 sys=0.00, real=0.05 secs] 
4690.043: [GC (Allocation Failure) [PSYoungGen: 409526K->169203K(402432K)] 1107699K->923580K(1800704K), 0.0553155 secs] [Times: user=0.27 sys=0.00, real=0.06 secs] 
4690.993: [GC (Allocation Failure) [PSYoungGen: 402163K->105404K(462848K)] 1156540K->924422K(1861120K), 0.0976705 secs] [Times: user=0.53 sys=0.00, real=0.10 secs] 
4691.694: [GC (Allocation Failure) [PSYoungGen: 336828K->177557K(464384K)] 1155846K->1029947K(1862656K), 0.0511367 secs] [Times: user=0.23 sys=0.00, real=0.05 secs] 
4691.934: [GC (Allocation Failure) [PSYoungGen: 408981K->183253K(465920K)] 1261371K->1091304K(1864192K), 0.0622595 secs] [Times: user=0.30 sys=0.00, real=0.06 secs] 
4692.112: [GC (Allocation Failure) [PSYoungGen: 416213K->183828K(465920K)] 1324264K->1147455K(1864192K), 0.0462298 secs] [Times: user=0.22 sys=0.00, real=0.05 secs] 
4693.241: [GC (Allocation Failure) [PSYoungGen: 416788K->99420K(465920K)] 1380415K->1132458K(1864192K), 0.0545171 secs] [Times: user=0.28 sys=0.01, real=0.05 secs] 
4693.740: [GC (Allocation Failure) [PSYoungGen: 332380K->171476K(465920K)] 1365418K->1237028K(1864192K), 0.0646307 secs] [Times: user=0.30 sys=0.00, real=0.06 secs] 
4693.993: [GC (Allocation Failure) [PSYoungGen: 404436K->184726K(465920K)] 1469988K->1303621K(1864192K), 0.0612284 secs] [Times: user=0.30 sys=0.00, real=0.06 secs] 
4694.172: [GC (Allocation Failure) [PSYoungGen: 417686K->182966K(465920K)] 1536581K->1365990K(1864192K), 0.0520963 secs] [Times: user=0.25 sys=0.00, real=0.05 secs] 
4694.756: [GC (Allocation Failure) [PSYoungGen: 414995K->195796K(465920K)] 1598019K->1437091K(1864192K), 0.0545701 secs] [Times: user=0.27 sys=0.01, real=0.06 secs] 
4695.608: [GC (Allocation Failure) [PSYoungGen: 428756K->93835K(465920K)] 1670051K->1402454K(1864192K), 0.0702148 secs] [Times: user=0.38 sys=0.01, real=0.07 secs] 
4696.075: [GC (Allocation Failure) [PSYoungGen: 326795K->179061K(465920K)] 1635414K->1517358K(1864192K), 0.0487645 secs] [Times: user=0.22 sys=0.00, real=0.05 secs] 
4696.124: [Full GC (Ergonomics) [PSYoungGen: 179061K->0K(465920K)] [ParOldGen: 1338296K->226400K(1398272K)] 1517358K->226400K(1864192K), [Metaspace: 60427K->60427K(1105920K)], 0.2637873 secs] [Times: user=1.21 sys=0.00, real=0.27 secs] 
4696.496: [GC (Allocation Failure) [PSYoungGen: 232960K->184694K(465920K)] 459360K->411095K(1864192K), 0.0266087 secs] [Times: user=0.10 sys=0.01, real=0.03 secs] 
4696.662: [GC (Allocation Failure) [PSYoungGen: 417654K->200244K(465920K)] 644055K->482469K(1864192K), 0.0449320 secs] [Times: user=0.21 sys=0.00, real=0.04 secs] 
4697.782: [GC (Allocation Failure) [PSYoungGen: 433204K->102476K(465920K)] 715429K->454253K(1864192K), 0.0462212 secs] [Times: user=0.23 sys=0.00, real=0.05 secs] 
4699.032: [GC (Allocation Failure) [PSYoungGen: 335436K->164595K(465920K)] 687213K->549129K(1864192K), 0.1188130 secs] [Times: user=0.62 sys=0.00, real=0.12 secs] 
4699.351: [GC (Allocation Failure) [PSYoungGen: 397555K->184438K(465920K)] 782089K->620467K(1864192K), 0.0439589 secs] [Times: user=0.20 sys=0.00, real=0.04 secs] 
4699.502: [GC (Allocation Failure) [PSYoungGen: 417398K->186487K(465920K)] 853427K->686493K(1864192K), 0.0496785 secs] [Times: user=0.23 sys=0.00, real=0.05 secs] 
4699.672: [GC (Allocation Failure) [PSYoungGen: 419447K->184116K(465920K)] 919453K->743538K(1864192K), 0.0602556 secs] [Times: user=0.30 sys=0.00, real=0.06 secs] 
4701.349: [GC (Allocation Failure) [PSYoungGen: 417076K->86906K(465920K)] 976498K->715784K(1864192K), 0.1012765 secs] [Times: user=0.56 sys=0.01, real=0.10 secs] 
4702.128: [GC (Allocation Failure) [PSYoungGen: 319866K->181878K(465920K)] 948744K->838197K(1864192K), 0.0486075 secs] [Times: user=0.21 sys=0.00, real=0.04 secs] 
4702.304: [GC (Allocation Failure) [PSYoungGen: 414838K->184790K(465920K)] 1071157K->897700K(1864192K), 0.0437752 secs] [Times: user=0.20 sys=0.00, real=0.05 secs] 
4702.452: [GC (Allocation Failure) [PSYoungGen: 417750K->186549K(465920K)] 1130660K->955492K(1864192K), 0.0456409 secs] [Times: user=0.21 sys=0.00, real=0.05 secs] 
4703.573: [GC (Allocation Failure) [PSYoungGen: 419509K->101116K(465920K)] 1188452K->940427K(1864192K), 0.0448315 secs] [Times: user=0.23 sys=0.00, real=0.05 secs] 
4703.998: [GC (Allocation Failure) [PSYoungGen: 334076K->165268K(465920K)] 1173387K->1038155K(1864192K), 0.0651049 secs] [Times: user=0.31 sys=0.00, real=0.06 secs] 
4704.241: [GC (Allocation Failure) [PSYoungGen: 398228K->184085K(465920K)] 1271115K->1108501K(1864192K), 0.0584310 secs] [Times: user=0.28 sys=0.00, real=0.06 secs] 
4704.455: [GC (Allocation Failure) [PSYoungGen: 417045K->185687K(465920K)] 1341461K->1174383K(1864192K), 0.0546945 secs] [Times: user=0.26 sys=0.00, real=0.06 secs] 
4704.616: [GC (Allocation Failure) [PSYoungGen: 418647K->186645K(465920K)] 1407343K->1234213K(1864192K), 0.0549561 secs] [Times: user=0.27 sys=0.00, real=0.06 secs] 
4706.366: [GC (Allocation Failure) [PSYoungGen: 419605K->83289K(465920K)] 1467173K->1201345K(1864192K), 0.1205273 secs] [Times: user=0.67 sys=0.00, real=0.12 secs] 
4706.888: [GC (Allocation Failure) [PSYoungGen: 316249K->182294K(465920K)] 1434305K->1327335K(1864192K), 0.0453310 secs] [Times: user=0.19 sys=0.00, real=0.04 secs] 
4707.049: [GC (Allocation Failure) [PSYoungGen: 415254K->184534K(465920K)] 1560295K->1386103K(1864192K), 0.0443569 secs] [Times: user=0.20 sys=0.00, real=0.04 secs] 
4707.200: [GC (Allocation Failure) [PSYoungGen: 417494K->186645K(465920K)] 1619063K->1444366K(1864192K), 0.0459004 secs] [Times: user=0.21 sys=0.00, real=0.04 secs] 
4708.522: [GC (Allocation Failure) [PSYoungGen: 419605K->104220K(465920K)] 1677326K->1432189K(1864192K), 0.0608157 secs] [Times: user=0.32 sys=0.00, real=0.06 secs] 
4708.583: [Full GC (Ergonomics) [PSYoungGen: 104220K->0K(465920K)] [ParOldGen: 1327969K->90619K(1398272K)] 1432189K->90619K(1864192K), [Metaspace: 60431K->60431K(1105920K)], 0.0406202 secs] [Times: user=0.11 sys=0.00, real=0.04 secs] 
4710.358: [GC (Allocation Failure) [PSYoungGen: 232960K->156210K(465920K)] 323579K->246830K(1864192K), 0.0481020 secs] [Times: user=0.18 sys=0.00, real=0.04 secs] 
4710.605: [GC (Allocation Failure) [PSYoungGen: 389170K->192310K(465920K)] 479790K->331417K(1864192K), 0.0405007 secs] [Times: user=0.18 sys=0.00, real=0.04 secs] 
4710.753: [GC (Allocation Failure) [PSYoungGen: 425270K->186167K(465920K)] 564377K->389394K(1864192K), 0.0491873 secs] [Times: user=0.22 sys=0.00, real=0.05 secs] 
4712.002: [GC (Allocation Failure) [PSYoungGen: 419127K->182580K(465920K)] 622354K->444904K(1864192K), 0.1189189 secs] [Times: user=0.64 sys=0.00, real=0.12 secs] 
4713.288: [GC (Allocation Failure) [PSYoungGen: 415540K->92202K(465920K)] 677864K->423406K(1864192K), 0.0480467 secs] [Times: user=0.25 sys=0.00, real=0.04 secs] 
4713.729: [GC (Allocation Failure) [PSYoungGen: 325162K->177205K(465920K)] 656366K->537802K(1864192K), 0.0354923 secs] [Times: user=0.15 sys=0.00, real=0.03 secs] 
4713.899: [GC (Allocation Failure) [PSYoungGen: 410165K->184214K(465920K)] 770762K->600262K(1864192K), 0.0595388 secs] [Times: user=0.28 sys=0.00, real=0.06 secs] 
4714.132: [GC (Allocation Failure) [PSYoungGen: 417174K->183988K(465920K)] 833222K->655893K(1864192K), 0.0641355 secs] [Times: user=0.32 sys=0.00, real=0.06 secs] 
4715.201: [GC (Allocation Failure) [PSYoungGen: 416948K->116734K(465920K)] 888853K->658111K(1864192K), 0.0464065 secs] [Times: user=0.23 sys=0.00, real=0.05 secs] 
4716.266: [GC (Allocation Failure) [PSYoungGen: 349694K->150097K(465920K)] 891071K->728567K(1864192K), 0.1325840 secs] [Times: user=0.71 sys=0.00, real=0.14 secs] 
4716.657: [GC (Allocation Failure) [PSYoungGen: 383057K->181493K(465920K)] 961527K->806807K(1864192K), 0.0410611 secs] [Times: user=0.18 sys=0.00, real=0.05 secs] 
4716.834: [GC (Allocation Failure) [PSYoungGen: 414453K->185879K(465920K)] 1039767K->874760K(1864192K), 0.0715352 secs] [Times: user=0.35 sys=0.00, real=0.07 secs] 
4717.077: [GC (Allocation Failure) [PSYoungGen: 418839K->186517K(465920K)] 1107720K->934203K(1864192K), 0.0795179 secs] [Times: user=0.40 sys=0.00, real=0.07 secs] 
4718.487: [GC (Allocation Failure) [PSYoungGen: 419477K->93179K(465920K)] 1167163K->911317K(1864192K), 0.0926527 secs] [Times: user=0.50 sys=0.00, real=0.09 secs] 
4719.094: [GC (Allocation Failure) [PSYoungGen: 326139K->175029K(465920K)] 1144277K->1022875K(1864192K), 0.0497863 secs] [Times: user=0.22 sys=0.00, real=0.05 secs] 
4719.335: [GC (Allocation Failure) [PSYoungGen: 407989K->184150K(465920K)] 1255835K->1087064K(1864192K), 0.0614366 secs] [Times: user=0.30 sys=0.01, real=0.06 secs] 
4719.540: [GC (GCLocker Initiated GC) [PSYoungGen: 417110K->184949K(465920K)] 1320028K->1143667K(1864192K), 0.0659656 secs] [Times: user=0.32 sys=0.00, real=0.06 secs] 
4720.585: [GC (Allocation Failure) [PSYoungGen: 417909K->122671K(465920K)] 1376627K->1151373K(1864192K), 0.0494453 secs] [Times: user=0.25 sys=0.01, real=0.05 secs] 
4721.253: [GC (Allocation Failure) [PSYoungGen: 355631K->144753K(465920K)] 1384333K->1212263K(1864192K), 0.1378671 secs] [Times: user=0.76 sys=0.01, real=0.14 secs] 
4721.631: [GC (Allocation Failure) [PSYoungGen: 377713K->180085K(465920K)] 1445223K->1292916K(1864192K), 0.0406066 secs] [Times: user=0.18 sys=0.00, real=0.04 secs] 
4721.831: [GC (Allocation Failure) [PSYoungGen: 413045K->185239K(465920K)] 1525876K->1361158K(1864192K), 0.0826376 secs] [Times: user=0.41 sys=0.00, real=0.08 secs] 
4722.047: [GC (Allocation Failure) [PSYoungGen: 418199K->186421K(465920K)] 1594118K->1421012K(1864192K), 0.0591513 secs] [Times: user=0.30 sys=0.00, real=0.05 secs] 
4723.293: [GC (Allocation Failure) [PSYoungGen: 419381K->90987K(465920K)] 1653972K->1395962K(1864192K), 0.0604659 secs] [Times: user=0.32 sys=0.00, real=0.06 secs] 
4724.025: [GC (Allocation Failure) [PSYoungGen: 323947K->173973K(465920K)] 1628922K->1508545K(1864192K), 0.0499281 secs] [Times: user=0.22 sys=0.01, real=0.05 secs] 
4724.075: [Full GC (Ergonomics) [PSYoungGen: 173973K->0K(465920K)] [ParOldGen: 1334571K->210252K(1398272K)] 1508545K->210252K(1864192K), [Metaspace: 60435K->60435K(1105920K)], 0.2533897 secs] [Times: user=1.18 sys=0.00, real=0.26 secs] 
4724.459: [GC (Allocation Failure) [PSYoungGen: 232960K->184182K(465920K)] 443212K->394434K(1864192K), 0.0271295 secs] [Times: user=0.09 sys=0.00, real=0.02 secs] 
4724.593: [GC (Allocation Failure) [PSYoungGen: 417142K->186549K(465920K)] 627394K->452698K(1864192K), 0.0446364 secs] [Times: user=0.20 sys=0.00, real=0.05 secs] 
4725.604: [GC (Allocation Failure) [PSYoungGen: 419509K->131184K(465920K)] 685658K->467745K(1864192K), 0.0477978 secs] [Times: user=0.24 sys=0.00, real=0.05 secs] 
4727.449: [GC (Allocation Failure) [PSYoungGen: 364144K->135024K(465920K)] 700705K->513025K(1864192K), 0.1305427 secs] [Times: user=0.71 sys=0.01, real=0.13 secs] 
4727.952: [GC (Allocation Failure) [PSYoungGen: 367984K->175412K(465920K)] 745985K->596502K(1864192K), 0.0452707 secs] [Times: user=0.21 sys=0.00, real=0.04 secs] 
4728.107: [GC (GCLocker Initiated GC) [PSYoungGen: 408372K->182966K(465920K)] 829463K->665397K(1864192K), 0.0481412 secs] [Times: user=0.22 sys=0.00, real=0.05 secs] 
4728.259: [GC (GCLocker Initiated GC) [PSYoungGen: 415926K->183796K(465920K)] 898362K->724264K(1864192K), 0.0565839 secs] [Times: user=0.27 sys=0.01, real=0.05 secs] 
4729.345: [GC (Allocation Failure) [PSYoungGen: 416756K->94571K(465920K)] 957229K->704580K(1864192K), 0.0448233 secs] [Times: user=0.24 sys=0.01, real=0.05 secs] 
4730.084: [GC (Allocation Failure) [PSYoungGen: 327531K->174037K(465920K)] 937540K->815147K(1864192K), 0.0438307 secs] [Times: user=0.19 sys=0.00, real=0.05 secs] 
4730.311: [GC (Allocation Failure) [PSYoungGen: 406997K->181621K(465920K)] 1048107K->877075K(1864192K), 0.0604107 secs] [Times: user=0.29 sys=0.00, real=0.06 secs] 
4730.491: [GC (Allocation Failure) [PSYoungGen: 414581K->187349K(465920K)] 1110035K->938195K(1864192K), 0.0459252 secs] [Times: user=0.21 sys=0.00, real=0.04 secs] 
4731.552: [GC (Allocation Failure) [PSYoungGen: 420309K->147186K(465920K)] 1171155K->968656K(1864192K), 0.0510640 secs] [Times: user=0.26 sys=0.00, real=0.05 secs] 
4732.077: [GC (Allocation Failure) [PSYoungGen: 380146K->127599K(465920K)] 1201616K->995797K(1864192K), 0.1512119 secs] [Times: user=0.84 sys=0.01, real=0.16 secs] 
4732.452: [GC (Allocation Failure) [PSYoungGen: 360559K->175284K(465920K)] 1228757K->1084007K(1864192K), 0.0378493 secs] [Times: user=0.16 sys=0.00, real=0.04 secs] 
4732.601: [GC (Allocation Failure) [PSYoungGen: 408244K->185431K(465920K)] 1316967K->1156126K(1864192K), 0.0495611 secs] [Times: user=0.23 sys=0.00, real=0.05 secs] 
4732.757: [GC (Allocation Failure) [PSYoungGen: 418391K->186357K(465920K)] 1389086K->1215908K(1864192K), 0.0593052 secs] [Times: user=0.29 sys=0.00, real=0.06 secs] 
4734.135: [GC (Allocation Failure) [PSYoungGen: 419317K->92923K(465920K)] 1448868K->1192770K(1864192K), 0.0836487 secs] [Times: user=0.46 sys=0.00, real=0.09 secs] 
4734.987: [GC (Allocation Failure) [PSYoungGen: 325883K->172980K(465920K)] 1425730K->1303184K(1864192K), 0.0454337 secs] [Times: user=0.20 sys=0.00, real=0.05 secs] 
4735.163: [GC (Allocation Failure) [PSYoungGen: 405940K->182165K(465920K)] 1536144K->1366569K(1864192K), 0.0436256 secs] [Times: user=0.20 sys=0.00, real=0.04 secs] 
4735.312: [GC (Allocation Failure) [PSYoungGen: 415125K->187509K(465920K)] 1599529K->1427209K(1864192K), 0.0467653 secs] [Times: user=0.22 sys=0.00, real=0.05 secs] 
4736.701: [GC (Allocation Failure) [PSYoungGen: 420469K->152595K(465920K)] 1660169K->1462951K(1864192K), 0.0525260 secs] [Times: user=0.26 sys=0.00, real=0.05 secs] 
4737.149: [GC (GCLocker Initiated GC) [PSYoungGen: 385555K->116301K(465920K)] 1695912K->1474987K(1864192K), 0.1042385 secs] [Times: user=0.58 sys=0.01, real=0.10 secs] 
4737.254: [Full GC (Ergonomics) [PSYoungGen: 116301K->0K(465920K)] [ParOldGen: 1358685K->133515K(1398272K)] 1474987K->133515K(1864192K), [Metaspace: 60435K->60435K(1105920K)], 0.1322776 secs] [Times: user=0.54 sys=0.00, real=0.13 secs] 
4737.677: [GC (Allocation Failure) [PSYoungGen: 232960K->186645K(465920K)] 366513K->320198K(1864192K), 0.0348606 secs] [Times: user=0.13 sys=0.01, real=0.04 secs] 
4737.874: [GC (Allocation Failure) [PSYoungGen: 419526K->185495K(465920K)] 553079K->381552K(1864192K), 0.0607519 secs] [Times: user=0.30 sys=0.00, real=0.06 secs] 
4738.051: [GC (Allocation Failure) [PSYoungGen: 418455K->186773K(465920K)] 614512K->441622K(1864192K), 0.0564200 secs] [Times: user=0.28 sys=0.00, real=0.05 secs] 
4739.173: [GC (Allocation Failure) [PSYoungGen: 419733K->89914K(465920K)] 674582K->415268K(1864192K), 0.0496742 secs] [Times: user=0.26 sys=0.00, real=0.05 secs] 
4739.876: [GC (Allocation Failure) [PSYoungGen: 322874K->173493K(465920K)] 648228K->528619K(1864192K), 0.0505557 secs] [Times: user=0.22 sys=0.00, real=0.05 secs] 
4740.067: [GC (Allocation Failure) [PSYoungGen: 406453K->184502K(465920K)] 761579K->593716K(1864192K), 0.0425646 secs] [Times: user=0.19 sys=0.00, real=0.05 secs] 
4740.236: [GC (Allocation Failure) [PSYoungGen: 407919K->177014K(465920K)] 817134K->650308K(1864192K), 0.0537097 secs] [Times: user=0.25 sys=0.00, real=0.06 secs] 
4741.072: [GC (Allocation Failure) [PSYoungGen: 405249K->205811K(465920K)] 878544K->735473K(1864192K), 0.0535798 secs] [Times: user=0.26 sys=0.00, real=0.05 secs] 
4742.140: [GC (Allocation Failure) [PSYoungGen: 438771K->100395K(465920K)] 968433K->694570K(1864192K), 0.0910748 secs] [Times: user=0.48 sys=0.01, real=0.09 secs] 
4742.765: [GC (Allocation Failure) [PSYoungGen: 333355K->179605K(465920K)] 927530K->805745K(1864192K), 0.0466598 secs] [Times: user=0.21 sys=0.00, real=0.05 secs] 
4742.929: [GC (Allocation Failure) [PSYoungGen: 412565K->184342K(465920K)] 1038705K->866745K(1864192K), 0.0439685 secs] [Times: user=0.20 sys=0.00, real=0.04 secs] 
4743.076: [GC (Allocation Failure) [PSYoungGen: 417302K->183380K(465920K)] 1099705K->921648K(1864192K), 0.0459755 secs] [Times: user=0.21 sys=0.00, real=0.05 secs] 
4744.190: [GC (Allocation Failure) [PSYoungGen: 416340K->101388K(465920K)] 1154608K->908847K(1864192K), 0.0570285 secs] [Times: user=0.30 sys=0.00, real=0.06 secs] 
4744.971: [GC (GCLocker Initiated GC) [PSYoungGen: 334348K->167124K(465920K)] 1141807K->1008024K(1864192K), 0.0743620 secs] [Times: user=0.37 sys=0.00, real=0.07 secs] 
4745.186: [GC (Allocation Failure) [PSYoungGen: 400084K->181685K(465920K)] 1241279K->1074929K(1864192K), 0.0424506 secs] [Times: user=0.19 sys=0.00, real=0.05 secs] 
4745.340: [GC (Allocation Failure) [PSYoungGen: 414645K->185719K(465920K)] 1307889K->1142618K(1864192K), 0.0503041 secs] [Times: user=0.24 sys=0.01, real=0.05 secs] 
4745.499: [GC (Allocation Failure) [PSYoungGen: 418679K->215604K(465920K)] 1375578K->1231424K(1864192K), 0.0550874 secs] [Times: user=0.27 sys=0.00, real=0.05 secs] 
4746.641: [GC (Allocation Failure) [PSYoungGen: 448564K->90906K(465920K)] 1464384K->1175862K(1864192K), 0.0412347 secs] [Times: user=0.22 sys=0.00, real=0.04 secs] 
4747.303: [GC (Allocation Failure) [PSYoungGen: 323866K->178741K(465920K)] 1408822K->1292462K(1864192K), 0.0531752 secs] [Times: user=0.24 sys=0.00, real=0.05 secs] 
4747.534: [GC (Allocation Failure) [PSYoungGen: 411701K->184950K(465920K)] 1525422K->1354090K(1864192K), 0.0637111 secs] [Times: user=0.30 sys=0.00, real=0.07 secs] 
4747.762: [GC (Allocation Failure) [PSYoungGen: 417910K->185141K(465920K)] 1587050K->1410393K(1864192K), 0.0657546 secs] [Times: user=0.33 sys=0.00, real=0.07 secs] 
4748.908: [GC (Allocation Failure) [PSYoungGen: 418101K->101788K(465920K)] 1643353K->1396920K(1864192K), 0.0540598 secs] [Times: user=0.28 sys=0.00, real=0.05 secs] 
4750.204: [GC (Allocation Failure) [PSYoungGen: 334748K->163507K(465920K)] 1629880K->1491701K(1864192K), 0.1194042 secs] [Times: user=0.62 sys=0.00, real=0.12 secs] 
4750.324: [Full GC (Ergonomics) [PSYoungGen: 163507K->0K(465920K)] [ParOldGen: 1328193K->184308K(1398272K)] 1491701K->184308K(1864192K), [Metaspace: 60435K->60435K(1105920K)], 0.2428595 secs] [Times: user=1.18 sys=0.00, real=0.24 secs] 
4750.673: [GC (Allocation Failure) [PSYoungGen: 232960K->184598K(465920K)] 417268K->368906K(1864192K), 0.0325243 secs] [Times: user=0.13 sys=0.00, real=0.03 secs] 
4750.813: [GC (Allocation Failure) [PSYoungGen: 417558K->186231K(465920K)] 601866K->442995K(1864192K), 0.0438404 secs] [Times: user=0.19 sys=0.00, real=0.04 secs] 
4750.958: [GC (Allocation Failure) [PSYoungGen: 419191K->184116K(465920K)] 675955K->500049K(1864192K), 0.0542470 secs] [Times: user=0.26 sys=0.00, real=0.05 secs] 
4752.926: [GC (Allocation Failure) [PSYoungGen: 417076K->85418K(465920K)] 733009K->470838K(1864192K), 0.1014113 secs] [Times: user=0.55 sys=0.01, real=0.11 secs] 
4753.618: [GC (Allocation Failure) [PSYoungGen: 318378K->182262K(465920K)] 703798K->594979K(1864192K), 0.0525894 secs] [Times: user=0.23 sys=0.00, real=0.05 secs] 
4753.862: [GC (Allocation Failure) [PSYoungGen: 415222K->181397K(465920K)] 827939K->650790K(1864192K), 0.0603549 secs] [Times: user=0.29 sys=0.00, real=0.06 secs] 
4754.037: [GC (Allocation Failure) [PSYoungGen: 414357K->184148K(465920K)] 883750K->708606K(1864192K), 0.0444751 secs] [Times: user=0.21 sys=0.00, real=0.05 secs] 
4755.090: [GC (Allocation Failure) [PSYoungGen: 417108K->109437K(465920K)] 941566K->703350K(1864192K), 0.0491196 secs] [Times: user=0.25 sys=0.00, real=0.05 secs] 
4755.975: [GC (Allocation Failure) [PSYoungGen: 342397K->157587K(465920K)] 936310K->786961K(1864192K), 0.1087209 secs] [Times: user=0.56 sys=0.00, real=0.11 secs] 
4756.277: [GC (Allocation Failure) [PSYoungGen: 390547K->181749K(465920K)] 1019921K->860351K(1864192K), 0.0422232 secs] [Times: user=0.19 sys=0.00, real=0.05 secs] 
4756.447: [GC (Allocation Failure) [PSYoungGen: 414709K->185559K(465920K)] 1093311K->927761K(1864192K), 0.0648659 secs] [Times: user=0.32 sys=0.00, real=0.07 secs] 
4756.646: [GC (Allocation Failure) [PSYoungGen: 418519K->186709K(465920K)] 1160721K->987783K(1864192K), 0.0581084 secs] [Times: user=0.28 sys=0.00, real=0.06 secs] 
4757.818: [GC (Allocation Failure) [PSYoungGen: 418440K->89146K(465920K)] 1219514K->960756K(1864192K), 0.0650262 secs] [Times: user=0.35 sys=0.00, real=0.06 secs] 
4758.735: [GC (Allocation Failure) [PSYoungGen: 322106K->177333K(465920K)] 1193716K->1077620K(1864192K), 0.0504850 secs] [Times: user=0.23 sys=0.00, real=0.05 secs] 
4758.918: [GC (Allocation Failure) [PSYoungGen: 410293K->181941K(465920K)] 1310580K->1137584K(1864192K), 0.0458318 secs] [Times: user=0.21 sys=0.00, real=0.04 secs] 
4759.096: [GC (Allocation Failure) [PSYoungGen: 414901K->187093K(465920K)] 1370544K->1198144K(1864192K), 0.0676729 secs] [Times: user=0.33 sys=0.00, real=0.07 secs] 
4760.188: [GC (Allocation Failure) [PSYoungGen: 420053K->115902K(465920K)] 1431104K->1197553K(1864192K), 0.0482070 secs] [Times: user=0.24 sys=0.00, real=0.04 secs] 
4760.900: [GC (Allocation Failure) [PSYoungGen: 348862K->151954K(465920K)] 1430513K->1271106K(1864192K), 0.1225029 secs] [Times: user=0.66 sys=0.00, real=0.12 secs] 
4761.230: [GC (Allocation Failure) [PSYoungGen: 384914K->183925K(465920K)] 1504066K->1350334K(1864192K), 0.0421048 secs] [Times: user=0.19 sys=0.00, real=0.04 secs] 
4761.380: [GC (Allocation Failure) [PSYoungGen: 416885K->185719K(465920K)] 1583294K->1416243K(1864192K), 0.0522494 secs] [Times: user=0.24 sys=0.00, real=0.05 secs] 
4761.536: [GC (Allocation Failure) [PSYoungGen: 418679K->183860K(465920K)] 1649203K->1473393K(1864192K), 0.0596864 secs] [Times: user=0.30 sys=0.01, real=0.06 secs] 
4762.829: [GC (Allocation Failure) [PSYoungGen: 416820K->89834K(465920K)] 1706353K->1448678K(1864192K), 0.0982623 secs] [Times: user=0.53 sys=0.00, real=0.09 secs] 
4762.927: [Full GC (Ergonomics) [PSYoungGen: 89834K->0K(465920K)] [ParOldGen: 1358844K->100218K(1398272K)] 1448678K->100218K(1864192K), [Metaspace: 60435K->60435K(1105920K)], 0.1295622 secs] [Times: user=0.55 sys=0.00, real=0.13 secs] 
4763.500: [GC (Allocation Failure) [PSYoungGen: 232960K->177717K(465920K)] 333178K->277936K(1864192K), 0.0345372 secs] [Times: user=0.13 sys=0.00, real=0.03 secs] 
4763.673: [GC (Allocation Failure) [PSYoungGen: 410677K->184726K(465920K)] 510896K->340497K(1864192K), 0.0424449 secs] [Times: user=0.20 sys=0.00, real=0.04 secs] 
4763.817: [GC (Allocation Failure) [PSYoungGen: 417686K->186773K(465920K)] 573457K->398648K(1864192K), 0.0447831 secs] [Times: user=0.21 sys=0.00, real=0.05 secs] 
4764.853: [GC (Allocation Failure) [PSYoungGen: 419733K->117966K(465920K)] 631608K->400225K(1864192K), 0.0459259 secs] [Times: user=0.23 sys=0.00, real=0.05 secs] 
4765.367: [GC (Allocation Failure) [PSYoungGen: 350926K->145041K(465920K)] 633185K->464612K(1864192K), 0.0855942 secs] [Times: user=0.45 sys=0.00, real=0.09 secs] 
4765.693: [GC (Allocation Failure) [PSYoungGen: 377957K->182773K(465920K)] 697528K->548824K(1864192K), 0.0396092 secs] [Times: user=0.17 sys=0.00, real=0.04 secs] 
4765.897: [GC (Allocation Failure) [PSYoungGen: 415733K->185495K(465920K)] 781784K->615257K(1864192K), 0.0814594 secs] [Times: user=0.41 sys=0.00, real=0.09 secs] 
4766.103: [GC (Allocation Failure) [PSYoungGen: 418455K->186581K(465920K)] 848217K->675168K(1864192K), 0.0580098 secs] [Times: user=0.29 sys=0.00, real=0.06 secs] 
4767.846: [GC (Allocation Failure) [PSYoungGen: 419541K->90730K(465920K)] 908128K->649733K(1864192K), 0.1155603 secs] [Times: user=0.63 sys=0.00, real=0.12 secs] 
4768.987: [GC (Allocation Failure) [PSYoungGen: 323690K->174837K(465920K)] 882693K->762800K(1864192K), 0.0516754 secs] [Times: user=0.22 sys=0.00, real=0.06 secs] 
4769.187: [GC (Allocation Failure) [PSYoungGen: 407797K->184630K(465920K)] 995760K->827437K(1864192K), 0.0428031 secs] [Times: user=0.20 sys=0.00, real=0.05 secs] 
4769.356: [GC (Allocation Failure) [PSYoungGen: 417590K->186741K(465920K)] 1060397K->885653K(1864192K), 0.0637302 secs] [Times: user=0.31 sys=0.00, real=0.07 secs] 
4770.497: [GC (Allocation Failure) [PSYoungGen: 419701K->127247K(465920K)] 1118613K->896451K(1864192K), 0.0480539 secs] [Times: user=0.24 sys=0.00, real=0.05 secs] 
4771.200: [GC (Allocation Failure) [PSYoungGen: 360207K->142097K(465920K)] 1129411K->951708K(1864192K), 0.1275478 secs] [Times: user=0.69 sys=0.00, real=0.12 secs] 
4771.622: [GC (Allocation Failure) [PSYoungGen: 375057K->175572K(465920K)] 1184668K->1030457K(1864192K), 0.0435264 secs] [Times: user=0.19 sys=0.01, real=0.04 secs] 
4771.777: [GC (Allocation Failure) [PSYoungGen: 408532K->185687K(465920K)] 1263417K->1102083K(1864192K), 0.0496396 secs] [Times: user=0.23 sys=0.00, real=0.05 secs] 
4771.949: [GC (Allocation Failure) [PSYoungGen: 418647K->183956K(465920K)] 1335043K->1159337K(1864192K), 0.0696153 secs] [Times: user=0.36 sys=0.00, real=0.07 secs] 
4773.027: [GC (Allocation Failure) [PSYoungGen: 416916K->97307K(465920K)] 1392297K->1142124K(1864192K), 0.0575184 secs] [Times: user=0.31 sys=0.00, real=0.05 secs] 
4773.672: [GC (Allocation Failure) [PSYoungGen: 330267K->173781K(465920K)] 1375086K->1249816K(1864192K), 0.0546729 secs] [Times: user=0.25 sys=0.01, real=0.05 secs] 
4773.878: [GC (Allocation Failure) [PSYoungGen: 406741K->184438K(465920K)] 1482776K->1315173K(1864192K), 0.0433485 secs] [Times: user=0.20 sys=0.00, real=0.04 secs] 
4774.053: [GC (Allocation Failure) [PSYoungGen: 417398K->187061K(465920K)] 1548133K->1373573K(1864192K), 0.0520939 secs] [Times: user=0.25 sys=0.00, real=0.05 secs] 
4775.104: [GC (Allocation Failure) [PSYoungGen: 420021K->132464K(465920K)] 1606533K->1389584K(1864192K), 0.0493220 secs] [Times: user=0.25 sys=0.01, real=0.05 secs] 
4775.964: [GC (GCLocker Initiated GC) [PSYoungGen: 365424K->137776K(465920K)] 1622544K->1436808K(1864192K), 0.1400320 secs] [Times: user=0.76 sys=0.00, real=0.14 secs] 
4776.487: [GC (Allocation Failure) [PSYoungGen: 370736K->175380K(465920K)] 1669771K->1518083K(1864192K), 0.0483677 secs] [Times: user=0.23 sys=0.01, real=0.05 secs] 
4776.536: [Full GC (Ergonomics) [PSYoungGen: 175380K->0K(465920K)] [ParOldGen: 1342703K->236552K(1398272K)] 1518083K->236552K(1864192K), [Metaspace: 60435K->60435K(1105920K)], 0.2823135 secs] [Times: user=1.29 sys=0.00, real=0.29 secs] 
4776.930: [GC (Allocation Failure) [PSYoungGen: 232960K->185719K(465920K)] 469512K->422271K(1864192K), 0.0933974 secs] [Times: user=0.50 sys=0.00, real=0.09 secs] 
4777.149: [GC (Allocation Failure) [PSYoungGen: 418679K->186645K(465920K)] 655231K->482229K(1864192K), 0.0581495 secs] [Times: user=0.29 sys=0.00, real=0.05 secs] 
4778.317: [GC (GCLocker Initiated GC) [PSYoungGen: 419605K->91291K(465920K)] 715190K->457347K(1864192K), 0.0669561 secs] [Times: user=0.36 sys=0.00, real=0.07 secs] 
4779.272: [GC (Allocation Failure) [PSYoungGen: 324251K->175060K(465920K)] 690438K->570677K(1864192K), 0.0516515 secs] [Times: user=0.22 sys=0.00, real=0.05 secs] 
4779.477: [GC (Allocation Failure) [PSYoungGen: 408020K->184278K(465920K)] 803637K->633634K(1864192K), 0.0428499 secs] [Times: user=0.19 sys=0.00, real=0.04 secs] 
4779.643: [GC (Allocation Failure) [PSYoungGen: 417238K->187093K(465920K)] 866594K->692298K(1864192K), 0.0613266 secs] [Times: user=0.30 sys=0.00, real=0.06 secs] 
4780.660: [GC (Allocation Failure) [PSYoungGen: 420053K->143057K(465920K)] 925258K->718758K(1864192K), 0.0505932 secs] [Times: user=0.25 sys=0.00, real=0.05 secs] 
4781.120: [GC (GCLocker Initiated GC) [PSYoungGen: 376017K->131407K(465920K)] 951718K->752596K(1864192K), 0.1403719 secs] [Times: user=0.78 sys=0.01, real=0.14 secs] 
4781.531: [GC (Allocation Failure) [PSYoungGen: 364367K->175028K(465920K)] 985563K->837756K(1864192K), 0.0377006 secs] [Times: user=0.16 sys=0.00, real=0.04 secs] 
4781.701: [GC (Allocation Failure) [PSYoungGen: 407988K->185559K(465920K)] 1070716K->909703K(1864192K), 0.0688615 secs] [Times: user=0.34 sys=0.00, real=0.07 secs] 
4781.902: [GC (Allocation Failure) [PSYoungGen: 418519K->186389K(465920K)] 1142663K->969301K(1864192K), 0.0571675 secs] [Times: user=0.28 sys=0.00, real=0.06 secs] 
4783.050: [GC (Allocation Failure) [PSYoungGen: 419349K->91211K(465920K)] 1202261K->944451K(1864192K), 0.0563975 secs] [Times: user=0.30 sys=0.00, real=0.05 secs] 
4783.655: [GC (Allocation Failure) [PSYoungGen: 324171K->174517K(465920K)] 1177411K->1056926K(1864192K), 0.0525636 secs] [Times: user=0.23 sys=0.00, real=0.06 secs] 
4783.919: [GC (Allocation Failure) [PSYoungGen: 407477K->182229K(465920K)] 1289886K->1119475K(1864192K), 0.0541621 secs] [Times: user=0.26 sys=0.00, real=0.05 secs] 
4784.099: [GC (Allocation Failure) [PSYoungGen: 415189K->186997K(465920K)] 1352435K->1179450K(1864192K), 0.0640774 secs] [Times: user=0.32 sys=0.00, real=0.06 secs] 
4785.102: [GC (Allocation Failure) [PSYoungGen: 419957K->148434K(465920K)] 1412410K->1211263K(1864192K), 0.0511344 secs] [Times: user=0.25 sys=0.00, real=0.05 secs] 
4786.401: [GC (Allocation Failure) [PSYoungGen: 381394K->119774K(465920K)] 1444223K->1229611K(1864192K), 0.1624641 secs] [Times: user=0.91 sys=0.01, real=0.16 secs] 
4787.040: [GC (Allocation Failure) [PSYoungGen: 352734K->177717K(465920K)] 1462571K->1325479K(1864192K), 0.0498804 secs] [Times: user=0.23 sys=0.00, real=0.05 secs] 
4787.209: [GC (Allocation Failure) [PSYoungGen: 410677K->185495K(465920K)] 1558439K->1395457K(1864192K), 0.0511632 secs] [Times: user=0.24 sys=0.00, real=0.05 secs] 
4787.391: [GC (Allocation Failure) [PSYoungGen: 418455K->185909K(465920K)] 1628417K->1454807K(1864192K), 0.0634059 secs] [Times: user=0.32 sys=0.00, real=0.06 secs] 
4788.504: [GC (Allocation Failure) [PSYoungGen: 418869K->93467K(465920K)] 1687767K->1432653K(1864192K), 0.0546075 secs] [Times: user=0.29 sys=0.01, real=0.06 secs] 
4788.558: [Full GC (Ergonomics) [PSYoungGen: 93467K->0K(465920K)] [ParOldGen: 1339186K->92193K(1398272K)] 1432653K->92193K(1864192K), [Metaspace: 60435K->60435K(1105920K)], 0.0543619 secs] [Times: user=0.19 sys=0.00, real=0.05 secs] 
4789.144: [GC (Allocation Failure) [PSYoungGen: 232960K->173813K(465920K)] 325153K->266007K(1864192K), 0.0462385 secs] [Times: user=0.18 sys=0.00, real=0.05 secs] 
4789.416: [GC (Allocation Failure) [PSYoungGen: 406773K->184630K(465920K)] 498967K->331412K(1864192K), 0.0544777 secs] [Times: user=0.26 sys=0.00, real=0.06 secs] 
4789.576: [GC (Allocation Failure) [PSYoungGen: 405120K->171477K(465920K)] 551902K->382339K(1864192K), 0.0473206 secs] [Times: user=0.22 sys=0.00, real=0.05 secs] 
4790.545: [GC (Allocation Failure) [PSYoungGen: 404437K->169587K(402944K)] 615299K->434961K(1801216K), 0.0526501 secs] [Times: user=0.26 sys=0.00, real=0.06 secs] 
4791.193: [GC (Allocation Failure) [PSYoungGen: 402547K->100972K(464896K)] 667921K->431442K(1863168K), 0.0441707 secs] [Times: user=0.23 sys=0.00, real=0.04 secs] 
4791.508: [GC (Allocation Failure) [PSYoungGen: 333420K->181526K(465408K)] 663890K->544341K(1863680K), 0.0362294 secs] [Times: user=0.17 sys=0.00, real=0.03 secs] 
4791.650: [GC (Allocation Failure) [PSYoungGen: 413974K->184150K(465920K)] 776789K->603549K(1864192K), 0.0493707 secs] [Times: user=0.23 sys=0.00, real=0.05 secs] 
4791.830: [GC (Allocation Failure) [PSYoungGen: 417110K->183604K(465920K)] 836509K->658811K(1864192K), 0.0489770 secs] [Times: user=0.23 sys=0.01, real=0.05 secs] 
4793.226: [GC (Allocation Failure) [PSYoungGen: 416564K->100412K(465920K)] 891771K->645115K(1864192K), 0.0621182 secs] [Times: user=0.33 sys=0.00, real=0.07 secs] 
4794.626: [GC (GCLocker Initiated GC) [PSYoungGen: 333372K->163635K(465920K)] 878075K->740336K(1864192K), 0.0881438 secs] [Times: user=0.44 sys=0.00, real=0.09 secs] 
4794.883: [GC (Allocation Failure) [PSYoungGen: 396595K->183189K(465920K)] 973299K->811457K(1864192K), 0.0414768 secs] [Times: user=0.18 sys=0.00, real=0.04 secs] 
4795.036: [GC (Allocation Failure) [PSYoungGen: 416149K->186007K(465920K)] 1044417K->878130K(1864192K), 0.0500698 secs] [Times: user=0.23 sys=0.00, real=0.05 secs] 
4795.319: [GC (Allocation Failure) [PSYoungGen: 417546K->216436K(465920K)] 1109670K->967528K(1864192K), 0.0552339 secs] [Times: user=0.27 sys=0.00, real=0.05 secs] 
4796.387: [GC (Allocation Failure) [PSYoungGen: 449396K->94955K(465920K)] 1200488K->915238K(1864192K), 0.0547887 secs] [Times: user=0.29 sys=0.01, real=0.06 secs] 
4796.664: [GC (Allocation Failure) [PSYoungGen: 327915K->182582K(465920K)] 1148198K->1033414K(1864192K), 0.0344946 secs] [Times: user=0.14 sys=0.00, real=0.04 secs] 
4796.806: [GC (Allocation Failure) [PSYoungGen: 415542K->184534K(465920K)] 1266374K->1092050K(1864192K), 0.0447657 secs] [Times: user=0.20 sys=0.00, real=0.05 secs] 
4796.955: [GC (Allocation Failure) [PSYoungGen: 417494K->186581K(465920K)] 1325010K->1150049K(1864192K), 0.0465250 secs] [Times: user=0.21 sys=0.00, real=0.05 secs] 
4798.121: [GC (Allocation Failure) [PSYoungGen: 419541K->96731K(465920K)] 1383009K->1130576K(1864192K), 0.0458205 secs] [Times: user=0.24 sys=0.00, real=0.04 secs] 
4798.931: [GC (Allocation Failure) [PSYoungGen: 329691K->166068K(465920K)] 1363536K->1231005K(1864192K), 0.1025626 secs] [Times: user=0.52 sys=0.00, real=0.10 secs] 
4799.213: [GC (Allocation Failure) [PSYoungGen: 399028K->184726K(465920K)] 1463965K->1301667K(1864192K), 0.0431929 secs] [Times: user=0.20 sys=0.00, real=0.04 secs] 
4799.384: [GC (Allocation Failure) [PSYoungGen: 417686K->186039K(465920K)] 1534627K->1367156K(1864192K), 0.0560490 secs] [Times: user=0.27 sys=0.00, real=0.06 secs] 
4799.582: [GC (Allocation Failure) [PSYoungGen: 418999K->199220K(465920K)] 1600116K->1439386K(1864192K), 0.0746213 secs] [Times: user=0.38 sys=0.00, real=0.07 secs] 
4801.463: [GC (GCLocker Initiated GC) [PSYoungGen: 432180K->86570K(465920K)] 1672346K->1395771K(1864192K), 0.1025910 secs] [Times: user=0.56 sys=0.00, real=0.10 secs] 
4801.943: [GC (GCLocker Initiated GC) [PSYoungGen: 319530K->180534K(465920K)] 1628733K->1517722K(1864192K), 0.0458052 secs] [Times: user=0.20 sys=0.00, real=0.05 secs] 
4801.989: [Full GC (Ergonomics) [PSYoungGen: 180534K->0K(465920K)] [ParOldGen: 1337188K->226119K(1398272K)] 1517722K->226119K(1864192K), [Metaspace: 60435K->60435K(1105920K)], 0.2638128 secs] [Times: user=1.20 sys=0.00, real=0.26 secs] 
4802.393: [GC (Allocation Failure) [PSYoungGen: 232960K->181589K(465920K)] 459245K->407875K(1864192K), 0.0261719 secs] [Times: user=0.10 sys=0.00, real=0.03 secs] 
4802.550: [GC (Allocation Failure) [PSYoungGen: 414549K->186837K(465920K)] 640835K->468467K(1864192K), 0.0457824 secs] [Times: user=0.21 sys=0.00, real=0.04 secs] 
4803.623: [GC (Allocation Failure) [PSYoungGen: 419797K->105324K(465920K)] 701427K->457402K(1864192K), 0.0543174 secs] [Times: user=0.29 sys=0.00, real=0.06 secs] 
4804.655: [GC (Allocation Failure) [PSYoungGen: 338284K->161747K(465920K)] 690362K->547878K(1864192K), 0.1128579 secs] [Times: user=0.59 sys=0.00, real=0.12 secs] 
4804.969: [GC (Allocation Failure) [PSYoungGen: 394707K->184534K(465920K)] 780838K->621060K(1864192K), 0.0446058 secs] [Times: user=0.20 sys=0.00, real=0.04 secs] 
4805.123: [GC (Allocation Failure) [PSYoungGen: 417494K->185847K(465920K)] 854020K->686466K(1864192K), 0.0494000 secs] [Times: user=0.23 sys=0.00, real=0.05 secs] 
4805.294: [GC (GCLocker Initiated GC) [PSYoungGen: 418807K->186677K(465920K)] 919426K->746328K(1864192K), 0.0592526 secs] [Times: user=0.30 sys=0.00, real=0.06 secs] 
4806.385: [GC (Allocation Failure) [PSYoungGen: 419637K->87050K(465920K)] 979419K->717384K(1864192K), 0.0433767 secs] [Times: user=0.23 sys=0.00, real=0.05 secs] 
4806.927: [GC (Allocation Failure) [PSYoungGen: 320010K->186134K(465920K)] 950344K->844052K(1864192K), 0.0514024 secs] [Times: user=0.22 sys=0.00, real=0.06 secs] 
4807.114: [GC (Allocation Failure) [PSYoungGen: 419094K->184886K(465920K)] 1077012K->899720K(1864192K), 0.0443090 secs] [Times: user=0.20 sys=0.00, real=0.05 secs] 
4807.262: [GC (Allocation Failure) [PSYoungGen: 417846K->219413K(465920K)] 1132680K->990376K(1864192K), 0.0462255 secs] [Times: user=0.21 sys=0.00, real=0.05 secs] 
4808.348: [GC (Allocation Failure) [PSYoungGen: 452373K->103164K(465920K)] 1223336K->944535K(1864192K), 0.0458079 secs] [Times: user=0.24 sys=0.00, real=0.04 secs] 
4809.379: [GC (Allocation Failure) [PSYoungGen: 336124K->160147K(465920K)] 1177495K->1035663K(1864192K), 0.1180638 secs] [Times: user=0.61 sys=0.00, real=0.11 secs] 
4809.723: [GC (Allocation Failure) [PSYoungGen: 393107K->183829K(465920K)] 1268623K->1109293K(1864192K), 0.0429108 secs] [Times: user=0.19 sys=0.00, real=0.04 secs] 
4809.898: [GC (Allocation Failure) [PSYoungGen: 416789K->186103K(465920K)] 1342253K->1175543K(1864192K), 0.0558383 secs] [Times: user=0.27 sys=0.00, real=0.05 secs] 
4810.079: [GC (Allocation Failure) [PSYoungGen: 419063K->186581K(465920K)] 1408503K->1235125K(1864192K), 0.0576350 secs] [Times: user=0.28 sys=0.00, real=0.05 secs] 
4811.601: [GC (GCLocker Initiated GC) [PSYoungGen: 419541K->86394K(465920K)] 1468085K->1205230K(1864192K), 0.1197339 secs] [Times: user=0.66 sys=0.01, real=0.12 secs] 
4812.607: [GC (Allocation Failure) [PSYoungGen: 319354K->176053K(465920K)] 1438356K->1322532K(1864192K), 0.0510163 secs] [Times: user=0.22 sys=0.00, real=0.06 secs] 
4812.845: [GC (Allocation Failure) [PSYoungGen: 409013K->184470K(465920K)] 1555492K->1386393K(1864192K), 0.0652733 secs] [Times: user=0.31 sys=0.00, real=0.07 secs] 
4813.031: [GC (Allocation Failure) [PSYoungGen: 417430K->186869K(465920K)] 1619353K->1444641K(1864192K), 0.0467411 secs] [Times: user=0.22 sys=0.00, real=0.05 secs] 
4814.079: [GC (Allocation Failure) [PSYoungGen: 419829K->114158K(465920K)] 1677601K->1442397K(1864192K), 0.0472981 secs] [Times: user=0.24 sys=0.00, real=0.04 secs] 
4814.126: [Full GC (Ergonomics) [PSYoungGen: 114158K->0K(465920K)] [ParOldGen: 1328239K->97167K(1398272K)] 1442397K->97167K(1864192K), [Metaspace: 60435K->60435K(1105920K)], 0.0341437 secs] [Times: user=0.11 sys=0.00, real=0.04 secs] 
4814.673: [GC (Allocation Failure) [PSYoungGen: 232960K->155570K(465920K)] 330127K->252738K(1864192K), 0.0424361 secs] [Times: user=0.17 sys=0.00, real=0.04 secs] 
4814.936: [GC (Allocation Failure) [PSYoungGen: 388530K->183829K(465920K)] 485698K->329857K(1864192K), 0.0418826 secs] [Times: user=0.19 sys=0.00, real=0.05 secs] 
4815.108: [GC (Allocation Failure) [PSYoungGen: 416789K->182966K(465920K)] 562817K->392994K(1864192K), 0.0667713 secs] [Times: user=0.32 sys=0.00, real=0.06 secs] 
4815.296: [GC (Allocation Failure) [PSYoungGen: 415926K->186645K(465920K)] 625954K->455097K(1864192K), 0.0560553 secs] [Times: user=0.28 sys=0.00, real=0.06 secs] 
4816.421: [GC (Allocation Failure) [PSYoungGen: 419158K->92619K(465920K)] 687609K->431430K(1864192K), 0.0446209 secs] [Times: user=0.23 sys=0.00, real=0.04 secs] 
4816.888: [GC (Allocation Failure) [PSYoungGen: 325579K->178037K(465920K)] 664390K->546294K(1864192K), 0.0520968 secs] [Times: user=0.23 sys=0.00, real=0.05 secs] 
4817.083: [GC (Allocation Failure) [PSYoungGen: 410997K->182037K(465920K)] 779254K->606178K(1864192K), 0.0432415 secs] [Times: user=0.19 sys=0.00, real=0.04 secs] 
4817.254: [GC (Allocation Failure) [PSYoungGen: 414997K->186485K(465920K)] 839138K->666082K(1864192K), 0.0600879 secs] [Times: user=0.29 sys=0.00, real=0.06 secs] 
4818.312: [GC (Allocation Failure) [PSYoungGen: 419445K->115694K(465920K)] 899042K->665631K(1864192K), 0.0465576 secs] [Times: user=0.24 sys=0.00, real=0.05 secs] 
4819.412: [GC (Allocation Failure) [PSYoungGen: 348654K->150370K(465920K)] 898591K->737555K(1864192K), 0.1046711 secs] [Times: user=0.56 sys=0.00, real=0.10 secs] 
4819.674: [GC (Allocation Failure) [PSYoungGen: 383330K->183989K(465920K)] 970515K->818351K(1864192K), 0.0409108 secs] [Times: user=0.18 sys=0.00, real=0.04 secs] 
4819.822: [GC (Allocation Failure) [PSYoungGen: 416949K->183126K(465920K)] 1051311K->881380K(1864192K), 0.0499127 secs] [Times: user=0.24 sys=0.00, real=0.05 secs] 
4819.978: [GC (Allocation Failure) [PSYoungGen: 416086K->186229K(465920K)] 1114340K->943091K(1864192K), 0.0576294 secs] [Times: user=0.28 sys=0.00, real=0.05 secs] 
4821.528: [GC (Allocation Failure) [PSYoungGen: 419189K->90106K(465920K)] 1176051K->917112K(1864192K), 0.0570587 secs] [Times: user=0.30 sys=0.00, real=0.05 secs] 
4822.257: [GC (Allocation Failure) [PSYoungGen: 323066K->177333K(465920K)] 1150072K->1033324K(1864192K), 0.0463800 secs] [Times: user=0.20 sys=0.00, real=0.05 secs] 
4822.465: [GC (Allocation Failure) [PSYoungGen: 410293K->184662K(465920K)] 1266284K->1095960K(1864192K), 0.0624601 secs] [Times: user=0.30 sys=0.00, real=0.06 secs] 
4822.679: [GC (Allocation Failure) [PSYoungGen: 417622K->186581K(465920K)] 1328920K->1153664K(1864192K), 0.0587289 secs] [Times: user=0.29 sys=0.00, real=0.06 secs] 
4823.744: [GC (Allocation Failure) [PSYoungGen: 419541K->120303K(465920K)] 1386624K->1157973K(1864192K), 0.0501273 secs] [Times: user=0.26 sys=0.00, real=0.05 secs] 
4824.260: [GC (GCLocker Initiated GC) [PSYoungGen: 353263K->144881K(465920K)] 1390934K->1220704K(1864192K), 0.1340863 secs] [Times: user=0.73 sys=0.00, real=0.13 secs] 
4824.662: [GC (Allocation Failure) [PSYoungGen: 377841K->183381K(465920K)] 1453959K->1304940K(1864192K), 0.0447193 secs] [Times: user=0.21 sys=0.00, real=0.04 secs] 
4824.834: [GC (Allocation Failure) [PSYoungGen: 416341K->182582K(465920K)] 1537900K->1368061K(1864192K), 0.0682750 secs] [Times: user=0.34 sys=0.00, real=0.07 secs] 
4825.041: [GC (Allocation Failure) [PSYoungGen: 415542K->186485K(465920K)] 1601021K->1430195K(1864192K), 0.0578071 secs] [Times: user=0.29 sys=0.00, real=0.06 secs] 
4826.456: [GC (GCLocker Initiated GC) [PSYoungGen: 419445K->90298K(465920K)] 1663155K->1404473K(1864192K), 0.0950398 secs] [Times: user=0.52 sys=0.00, real=0.10 secs] 
4826.552: [Full GC (Ergonomics) [PSYoungGen: 90298K->0K(465920K)] [ParOldGen: 1314174K->97622K(1398272K)] 1404473K->97622K(1864192K), [Metaspace: 60435K->60435K(1105920K)], 0.1195889 secs] [Times: user=0.48 sys=0.00, real=0.12 secs] 
4827.411: [GC (Allocation Failure) [PSYoungGen: 232960K->174005K(465920K)] 330585K->271630K(1864192K), 0.0356355 secs] [Times: user=0.14 sys=0.00, real=0.03 secs] 
4827.644: [GC (Allocation Failure) [PSYoungGen: 406965K->184278K(465920K)] 504590K->336631K(1864192K), 0.0588078 secs] [Times: user=0.28 sys=0.00, real=0.06 secs] 
4827.817: [GC (Allocation Failure) [PSYoungGen: 417238K->184468K(465920K)] 569591K->392614K(1864192K), 0.0440702 secs] [Times: user=0.20 sys=0.00, real=0.05 secs] 
4828.893: [GC (Allocation Failure) [PSYoungGen: 417428K->134064K(465920K)] 625574K->411754K(1864192K), 0.0478640 secs] [Times: user=0.24 sys=0.00, real=0.05 secs] 
4830.156: [GC (Allocation Failure) [PSYoungGen: 367024K->139184K(465920K)] 644714K->459318K(1864192K), 0.1436208 secs] [Times: user=0.79 sys=0.00, real=0.15 secs] 
4830.528: [GC (Allocation Failure) [PSYoungGen: 372144K->173108K(465920K)] 692278K->537915K(1864192K), 0.0377276 secs] [Times: user=0.17 sys=0.00, real=0.03 secs] 
4830.712: [GC (Allocation Failure) [PSYoungGen: 406068K->185559K(465920K)] 770875K->611493K(1864192K), 0.0698059 secs] [Times: user=0.34 sys=0.00, real=0.07 secs] 
4831.632: [GC (GCLocker Initiated GC) [PSYoungGen: 418519K->182036K(465920K)] 844453K->666707K(1864192K), 0.1235774 secs] [Times: user=0.66 sys=0.00, real=0.12 secs] 
4832.837: [GC (Allocation Failure) [PSYoungGen: 414996K->97403K(465920K)] 899833K->651212K(1864192K), 0.0634841 secs] [Times: user=0.33 sys=0.00, real=0.07 secs] 
4833.635: [GC (Allocation Failure) [PSYoungGen: 330363K->170740K(465920K)] 884172K->755678K(1864192K), 0.0580691 secs] [Times: user=0.25 sys=0.01, real=0.06 secs] 
4833.912: [GC (Allocation Failure) [PSYoungGen: 403700K->184502K(465920K)] 988638K->823011K(1864192K), 0.0565032 secs] [Times: user=0.27 sys=0.00, real=0.06 secs] 
4834.126: [GC (Allocation Failure) [PSYoungGen: 417462K->184308K(465920K)] 1055971K->878666K(1864192K), 0.0665707 secs] [Times: user=0.33 sys=0.00, real=0.07 secs] 
4835.135: [GC (Allocation Failure) [PSYoungGen: 417268K->145266K(465920K)] 1111626K->909216K(1864192K), 0.0504255 secs] [Times: user=0.25 sys=0.00, real=0.05 secs] 
4835.633: [GC (Allocation Failure) [PSYoungGen: 378226K->130671K(465920K)] 1142176K->940669K(1864192K), 0.1170390 secs] [Times: user=0.65 sys=0.01, real=0.12 secs] 
4836.092: [GC (Allocation Failure) [PSYoungGen: 363631K->175476K(462848K)] 1173629K->1026975K(1861120K), 0.0383493 secs] [Times: user=0.16 sys=0.00, real=0.04 secs] 
4836.286: [GC (Allocation Failure) [PSYoungGen: 408436K->185559K(464384K)] 1259935K->1098942K(1862656K), 0.0776558 secs] [Times: user=0.38 sys=0.00, real=0.08 secs] 
4836.541: [GC (Allocation Failure) [PSYoungGen: 418519K->186421K(465920K)] 1331902K->1158700K(1864192K), 0.0772016 secs] [Times: user=0.40 sys=0.00, real=0.08 secs] 
4837.949: [GC (Allocation Failure) [PSYoungGen: 419381K->89946K(465920K)] 1391660K->1132641K(1864192K), 0.1167463 secs] [Times: user=0.65 sys=0.00, real=0.11 secs] 
4838.969: [GC (Allocation Failure) [PSYoungGen: 322906K->175125K(465920K)] 1365601K->1246377K(1864192K), 0.0607237 secs] [Times: user=0.27 sys=0.00, real=0.06 secs] 
4839.221: [GC (GCLocker Initiated GC) [PSYoungGen: 408085K->179157K(465920K)] 1479337K->1305117K(1864192K), 0.0573793 secs] [Times: user=0.27 sys=0.00, real=0.06 secs] 
4839.434: [GC (Allocation Failure) [PSYoungGen: 412117K->180726K(465920K)] 1554592K->1377873K(1864192K), 0.1764183 secs] [Times: user=1.00 sys=0.00, real=0.18 secs] 
4840.663: [GC (Allocation Failure) [PSYoungGen: 413686K->143601K(465920K)] 1610833K->1398028K(1864192K), 0.1517655 secs] [Times: user=0.86 sys=0.01, real=0.15 secs] 
4841.446: [GC (Allocation Failure) [PSYoungGen: 376561K->128479K(464896K)] 1630988K->1428434K(1863168K), 0.1606773 secs] [Times: user=0.89 sys=0.00, real=0.16 secs] 
4841.991: [GC (Allocation Failure) [PSYoungGen: 361439K->178453K(465408K)] 1661394K->1519360K(1863680K), 0.0464379 secs] [Times: user=0.22 sys=0.00, real=0.04 secs] 
4842.037: [Full GC (Ergonomics) [PSYoungGen: 178453K->0K(465408K)] [ParOldGen: 1340907K->236958K(1398272K)] 1519360K->236958K(1863680K), [Metaspace: 60435K->60435K(1105920K)], 0.2757186 secs] [Times: user=1.26 sys=0.00, real=0.28 secs] 
4842.419: [GC (GCLocker Initiated GC) [PSYoungGen: 232960K->180694K(465408K)] 469919K->417654K(1863680K), 0.0870000 secs] [Times: user=0.46 sys=0.00, real=0.08 secs] 
4842.610: [GC (Allocation Failure) [PSYoungGen: 413654K->202869K(465920K)] 650780K->497763K(1864192K), 0.0577357 secs] [Times: user=0.27 sys=0.00, real=0.06 secs] 
4843.695: [GC (Allocation Failure) [PSYoungGen: 435829K->93227K(465920K)] 730723K->458433K(1864192K), 0.0543128 secs] [Times: user=0.29 sys=0.00, real=0.06 secs] 
4844.833: [GC (Allocation Failure) [PSYoungGen: 326187K->171476K(465920K)] 691393K->566039K(1864192K), 0.0629787 secs] [Times: user=0.28 sys=0.00, real=0.06 secs] 
4845.062: [GC (Allocation Failure) [PSYoungGen: 404436K->181845K(465920K)] 798999K->630056K(1864192K), 0.0424032 secs] [Times: user=0.19 sys=0.00, real=0.04 secs] 
4845.208: [GC (Allocation Failure) [PSYoungGen: 403035K->173141K(465920K)] 851245K->684912K(1864192K), 0.0474241 secs] [Times: user=0.22 sys=0.00, real=0.04 secs] 
4846.153: [GC (Allocation Failure) [PSYoungGen: 406101K->169043K(464896K)] 917872K->735862K(1863168K), 0.0525245 secs] [Times: user=0.26 sys=0.00, real=0.05 secs] 
4847.485: [GC (Allocation Failure) [PSYoungGen: 402003K->103324K(465408K)] 968822K->734919K(1863680K), 0.1035750 secs] [Times: user=0.55 sys=0.00, real=0.11 secs] 
4847.928: [GC (Allocation Failure) [PSYoungGen: 336221K->179541K(465920K)] 967816K->844405K(1864192K), 0.0372048 secs] [Times: user=0.16 sys=0.00, real=0.03 secs] 
4848.073: [GC (Allocation Failure) [PSYoungGen: 412501K->184598K(465920K)] 1077365K->905217K(1864192K), 0.0434754 secs] [Times: user=0.19 sys=0.00, real=0.04 secs] 
4848.264: [GC (Allocation Failure) [PSYoungGen: 417558K->186517K(465920K)] 1138177K->963113K(1864192K), 0.0665049 secs] [Times: user=0.32 sys=0.00, real=0.07 secs] 
4849.460: [GC (Allocation Failure) [PSYoungGen: 419477K->97163K(465920K)] 1196073K->944103K(1864192K), 0.0625079 secs] [Times: user=0.33 sys=0.01, real=0.06 secs] 
4850.166: [GC (Allocation Failure) [PSYoungGen: 330123K->170004K(465920K)] 1177063K->1048541K(1864192K), 0.0769401 secs] [Times: user=0.37 sys=0.01, real=0.08 secs] 
4850.405: [GC (Allocation Failure) [PSYoungGen: 402964K->184598K(465920K)] 1281501K->1116462K(1864192K), 0.0427310 secs] [Times: user=0.19 sys=0.00, real=0.04 secs] 
4850.557: [GC (Allocation Failure) [PSYoungGen: 417558K->183190K(465920K)] 1349422K->1179203K(1864192K), 0.0502831 secs] [Times: user=0.24 sys=0.00, real=0.05 secs] 
4851.015: [GC (Allocation Failure) [PSYoungGen: 413563K->210964K(465920K)] 1409576K->1265040K(1864192K), 0.0533223 secs] [Times: user=0.26 sys=0.00, real=0.06 secs] 
4852.036: [GC (GCLocker Initiated GC) [PSYoungGen: 443924K->91882K(465920K)] 1498001K->1213003K(1864192K), 0.0918548 secs] [Times: user=0.50 sys=0.00, real=0.10 secs] 
4852.873: [GC (GCLocker Initiated GC) [PSYoungGen: 324842K->177173K(465920K)] 1445971K->1327290K(1864192K), 0.0511879 secs] [Times: user=0.22 sys=0.00, real=0.05 secs] 
4853.059: [GC (Allocation Failure) [PSYoungGen: 410133K->184246K(465920K)] 1560379K->1389968K(1864192K), 0.0438513 secs] [Times: user=0.20 sys=0.00, real=0.04 secs] 
4853.208: [GC (Allocation Failure) [PSYoungGen: 417206K->186581K(465920K)] 1622928K->1448023K(1864192K), 0.0459032 secs] [Times: user=0.21 sys=0.00, real=0.04 secs] 
4854.256: [GC (Allocation Failure) [PSYoungGen: 419541K->101004K(465920K)] 1680983K->1432630K(1864192K), 0.0459545 secs] [Times: user=0.24 sys=0.00, real=0.05 secs] 
4854.302: [Full GC (Ergonomics) [PSYoungGen: 101004K->0K(465920K)] [ParOldGen: 1331626K->89335K(1398272K)] 1432630K->89335K(1864192K), [Metaspace: 60435K->60435K(1105920K)], 0.0340549 secs] [Times: user=0.10 sys=0.00, real=0.03 secs] 
4855.127: [GC (Allocation Failure) [PSYoungGen: 232960K->165588K(465920K)] 322295K->254923K(1864192K), 0.0365197 secs] [Times: user=0.14 sys=0.00, real=0.04 secs] 
4855.318: [GC (Allocation Failure) [PSYoungGen: 398548K->184406K(465920K)] 487883K->325709K(1864192K), 0.0411904 secs] [Times: user=0.18 sys=0.00, real=0.04 secs] 
4855.470: [GC (Allocation Failure) [PSYoungGen: 417366K->185847K(465920K)] 558669K->391310K(1864192K), 0.0492301 secs] [Times: user=0.23 sys=0.00, real=0.05 secs] 
4856.323: [GC (Allocation Failure) [PSYoungGen: 418807K->179604K(465920K)] 624270K->444091K(1864192K), 0.1504841 secs] [Times: user=0.81 sys=0.00, real=0.15 secs] 
4857.726: [GC (Allocation Failure) [PSYoungGen: 412564K->92523K(465920K)] 677051K->424890K(1864192K), 0.0748401 secs] [Times: user=0.40 sys=0.00, real=0.08 secs] 
4858.249: [GC (Allocation Failure) [PSYoungGen: 325483K->179157K(465920K)] 657850K->541262K(1864192K), 0.0435726 secs] [Times: user=0.19 sys=0.00, real=0.04 secs] 
4858.471: [GC (Allocation Failure) [PSYoungGen: 412117K->183317K(465920K)] 774222K->601022K(1864192K), 0.0585493 secs] [Times: user=0.28 sys=0.00, real=0.06 secs] 
4858.683: [GC (Allocation Failure) [PSYoungGen: 416277K->186837K(465920K)] 833982K->660165K(1864192K), 0.0598453 secs] [Times: user=0.29 sys=0.00, real=0.06 secs] 
4859.720: [GC (Allocation Failure) [PSYoungGen: 419797K->105180K(465920K)] 893125K->649029K(1864192K), 0.0450362 secs] [Times: user=0.23 sys=0.00, real=0.04 secs] 
4860.654: [GC (Allocation Failure) [PSYoungGen: 338140K->162291K(465920K)] 881989K->740501K(1864192K), 0.0957735 secs] [Times: user=0.48 sys=0.00, real=0.10 secs] 
4860.969: [GC (Allocation Failure) [PSYoungGen: 395251K->181045K(465920K)] 973461K->810150K(1864192K), 0.0432622 secs] [Times: user=0.20 sys=0.00, real=0.04 secs] 
4861.142: [GC (Allocation Failure) [PSYoungGen: 414005K->185591K(465920K)] 1043110K->877564K(1864192K), 0.0553512 secs] [Times: user=0.26 sys=0.01, real=0.06 secs] 
4861.317: [GC (Allocation Failure) [PSYoungGen: 418551K->200436K(465920K)] 1110524K->951322K(1864192K), 0.0567844 secs] [Times: user=0.28 sys=0.00, real=0.06 secs] 
4862.877: [GC (Allocation Failure) [PSYoungGen: 433314K->90858K(465920K)] 1184199K->911384K(1864192K), 0.0938475 secs] [Times: user=0.51 sys=0.00, real=0.10 secs] 
4863.459: [GC (Allocation Failure) [PSYoungGen: 323818K->179061K(465920K)] 1144344K->1028660K(1864192K), 0.0475896 secs] [Times: user=0.20 sys=0.00, real=0.04 secs] 
4863.639: [GC (Allocation Failure) [PSYoungGen: 412021K->183029K(465920K)] 1261620K->1088788K(1864192K), 0.0443836 secs] [Times: user=0.20 sys=0.00, real=0.04 secs] 
4863.790: [GC (Allocation Failure) [PSYoungGen: 415989K->186837K(465920K)] 1321748K->1148019K(1864192K), 0.0464559 secs] [Times: user=0.22 sys=0.00, real=0.04 secs] 
4864.883: [GC (Allocation Failure) [PSYoungGen: 419797K->112573K(465920K)] 1380979K->1144196K(1864192K), 0.0470663 secs] [Times: user=0.24 sys=0.00, real=0.05 secs] 
4865.944: [GC (Allocation Failure) [PSYoungGen: 345533K->155058K(465920K)] 1377156K->1223026K(1864192K), 0.1170882 secs] [Times: user=0.61 sys=0.01, real=0.12 secs] 
4866.236: [GC (Allocation Failure) [PSYoungGen: 388018K->181557K(465920K)] 1455986K->1297989K(1864192K), 0.0414832 secs] [Times: user=0.19 sys=0.00, real=0.05 secs] 
4866.389: [GC (Allocation Failure) [PSYoungGen: 414517K->185655K(465920K)] 1530949K->1365486K(1864192K), 0.0502651 secs] [Times: user=0.23 sys=0.00, real=0.05 secs] 
4866.545: [GC (Allocation Failure) [PSYoungGen: 418615K->186613K(465920K)] 1598446K->1425284K(1864192K), 0.0569491 secs] [Times: user=0.28 sys=0.00, real=0.06 secs] 
4867.774: [GC (Allocation Failure) [PSYoungGen: 418349K->92619K(465920K)] 1657020K->1401898K(1864192K), 0.0663301 secs] [Times: user=0.35 sys=0.00, real=0.07 secs] 
4868.492: [GC (Allocation Failure) [PSYoungGen: 325579K->169044K(465920K)] 1634858K->1507700K(1864192K), 0.0556197 secs] [Times: user=0.25 sys=0.00, real=0.06 secs] 
4868.548: [Full GC (Ergonomics) [PSYoungGen: 169044K->0K(465920K)] [ParOldGen: 1338656K->209894K(1398272K)] 1507700K->209894K(1864192K), [Metaspace: 60435K->60435K(1105920K)], 0.2712275 secs] [Times: user=1.30 sys=0.00, real=0.27 secs] 
4868.933: [GC (Allocation Failure) [PSYoungGen: 232960K->183669K(465920K)] 442854K->393564K(1864192K), 0.0263188 secs] [Times: user=0.10 sys=0.00, real=0.03 secs] 
4869.064: [GC (Allocation Failure) [PSYoungGen: 416629K->186805K(465920K)] 626524K->452316K(1864192K), 0.0445547 secs] [Times: user=0.21 sys=0.01, real=0.05 secs] 
4870.083: [GC (Allocation Failure) [PSYoungGen: 419765K->121007K(465920K)] 685276K->456910K(1864192K), 0.0462400 secs] [Times: user=0.23 sys=0.00, real=0.05 secs] 
4870.964: [GC (Allocation Failure) [PSYoungGen: 353967K->146289K(465920K)] 689870K->520648K(1864192K), 0.1072689 secs] [Times: user=0.58 sys=0.00, real=0.11 secs] 
4871.495: [GC (Allocation Failure) [PSYoungGen: 379249K->181205K(465920K)] 753608K->601561K(1864192K), 0.0460259 secs] [Times: user=0.21 sys=0.00, real=0.05 secs] 
4871.684: [GC (Allocation Failure) [PSYoungGen: 414165K->185847K(465920K)] 834521K->669483K(1864192K), 0.0779061 secs] [Times: user=0.39 sys=0.00, real=0.08 secs] 
4871.891: [GC (Allocation Failure) [PSYoungGen: 418807K->186549K(465920K)] 902443K->729129K(1864192K), 0.0560338 secs] [Times: user=0.28 sys=0.00, real=0.06 secs] 
4873.357: [GC (GCLocker Initiated GC) [PSYoungGen: 419509K->91995K(465920K)] 962089K->704943K(1864192K), 0.0950592 secs] [Times: user=0.52 sys=0.01, real=0.10 secs] 
4874.435: [GC (Allocation Failure) [PSYoungGen: 324955K->168692K(465920K)] 937905K->811144K(1864192K), 0.0611853 secs] [Times: user=0.27 sys=0.00, real=0.06 secs] 
4874.696: [GC (Allocation Failure) [PSYoungGen: 401652K->184790K(465920K)] 1044104K->880537K(1864192K), 0.0481128 secs] [Times: user=0.23 sys=0.00, real=0.05 secs] 
4874.872: [GC (Allocation Failure) [PSYoungGen: 417750K->186645K(465920K)] 1113497K->938457K(1864192K), 0.0624193 secs] [Times: user=0.30 sys=0.00, real=0.06 secs] 
4875.906: [GC (Allocation Failure) [PSYoungGen: 419605K->132080K(465920K)] 1171417K->954068K(1864192K), 0.0486508 secs] [Times: user=0.25 sys=0.00, real=0.05 secs] 
4876.338: [GC (Allocation Failure) [PSYoungGen: 365040K->147665K(465920K)] 1187028K->1011693K(1864192K), 0.1088984 secs] [Times: user=0.59 sys=0.00, real=0.10 secs] 
4876.639: [GC (Allocation Failure) [PSYoungGen: 380625K->178741K(465920K)] 1244653K->1088078K(1864192K), 0.0400340 secs] [Times: user=0.18 sys=0.00, real=0.04 secs] 
4876.791: [GC (Allocation Failure) [PSYoungGen: 411701K->185655K(465920K)] 1321038K->1157631K(1864192K), 0.0494677 secs] [Times: user=0.23 sys=0.00, real=0.05 secs] 
4876.986: [GC (Allocation Failure) [PSYoungGen: 418615K->186261K(465920K)] 1390591K->1217166K(1864192K), 0.0839760 secs] [Times: user=0.44 sys=0.00, real=0.09 secs] 
4878.159: [GC (Allocation Failure) [PSYoungGen: 419221K->90042K(465920K)] 1450126K->1191243K(1864192K), 0.0564402 secs] [Times: user=0.30 sys=0.00, real=0.05 secs] 
4878.770: [GC (Allocation Failure) [PSYoungGen: 323002K->175093K(465920K)] 1424203K->1305206K(1864192K), 0.0483088 secs] [Times: user=0.21 sys=0.00, real=0.05 secs] 
4879.016: [GC (Allocation Failure) [PSYoungGen: 408053K->184310K(465920K)] 1538166K->1369491K(1864192K), 0.0624979 secs] [Times: user=0.30 sys=0.00, real=0.07 secs] 
4879.198: [GC (Allocation Failure) [PSYoungGen: 417270K->186933K(465920K)] 1602451K->1428011K(1864192K), 0.0483256 secs] [Times: user=0.23 sys=0.00, real=0.04 secs] 
4880.273: [GC (Allocation Failure) [PSYoungGen: 419893K->133424K(465920K)] 1660971K->1444846K(1864192K), 0.0514702 secs] [Times: user=0.26 sys=0.00, real=0.05 secs] 
4880.325: [Full GC (Ergonomics) [PSYoungGen: 133424K->0K(465920K)] [ParOldGen: 1311421K->345489K(1398272K)] 1444846K->345489K(1864192K), [Metaspace: 60435K->60435K(1105920K)], 0.5815966 secs] [Times: user=2.54 sys=0.01, real=0.58 secs] 
4882.309: [GC (Allocation Failure) [PSYoungGen: 232960K->132591K(465920K)] 578449K->478081K(1864192K), 0.0506709 secs] [Times: user=0.18 sys=0.00, real=0.05 secs] 
4882.773: [GC (Allocation Failure) [PSYoungGen: 365551K->175508K(465920K)] 711041K->563235K(1864192K), 0.0494718 secs] [Times: user=0.23 sys=0.00, real=0.05 secs] 
4882.939: [GC (Allocation Failure) [PSYoungGen: 408468K->185623K(465920K)] 796195K->634910K(1864192K), 0.0483385 secs] [Times: user=0.23 sys=0.00, real=0.05 secs] 
4883.093: [GC (Allocation Failure) [PSYoungGen: 418583K->186581K(465920K)] 867870K->694812K(1864192K), 0.0565588 secs] [Times: user=0.28 sys=0.00, real=0.06 secs] 
4884.337: [GC (Allocation Failure) [PSYoungGen: 419541K->92107K(465920K)] 927772K->670730K(1864192K), 0.0706998 secs] [Times: user=0.38 sys=0.00, real=0.07 secs] 
4885.571: [GC (Allocation Failure) [PSYoungGen: 325067K->172212K(465920K)] 903690K->779944K(1864192K), 0.0606678 secs] [Times: user=0.27 sys=0.00, real=0.06 secs] 
4885.801: [GC (Allocation Failure) [PSYoungGen: 405172K->184534K(465920K)] 1012904K->846077K(1864192K), 0.0420623 secs] [Times: user=0.19 sys=0.01, real=0.04 secs] 
4885.946: [GC (Allocation Failure) [PSYoungGen: 417494K->204021K(465920K)] 1079037K->921461K(1864192K), 0.0451793 secs] [Times: user=0.21 sys=0.00, real=0.05 secs] 
4886.924: [GC (Allocation Failure) [PSYoungGen: 436981K->144818K(465920K)] 1154421K->933026K(1864192K), 0.0498735 secs] [Times: user=0.25 sys=0.00, real=0.05 secs] 
4887.506: [GC (Allocation Failure) [PSYoungGen: 377778K->127343K(465920K)] 1165986K->961535K(1864192K), 0.1092242 secs] [Times: user=0.60 sys=0.00, real=0.11 secs] 
4888.176: [GC (Allocation Failure) [PSYoungGen: 360303K->183028K(465920K)] 1194495K->1057345K(1864192K), 0.0434407 secs] [Times: user=0.20 sys=0.00, real=0.05 secs] 
4888.366: [GC (Allocation Failure) [PSYoungGen: 415988K->185399K(465920K)] 1290305K->1121368K(1864192K), 0.0705048 secs] [Times: user=0.34 sys=0.00, real=0.07 secs] 
4888.560: [GC (Allocation Failure) [PSYoungGen: 418359K->186709K(465920K)] 1354328K->1181382K(1864192K), 0.0565762 secs] [Times: user=0.28 sys=0.00, real=0.05 secs] 
4889.865: [GC (Allocation Failure) [PSYoungGen: 419669K->94107K(465920K)] 1414342K->1159356K(1864192K), 0.0872303 secs] [Times: user=0.48 sys=0.00, real=0.09 secs] 
4890.859: [GC (Allocation Failure) [PSYoungGen: 327067K->173269K(465920K)] 1392316K->1268650K(1864192K), 0.0592077 secs] [Times: user=0.27 sys=0.00, real=0.06 secs] 
4891.116: [GC (Allocation Failure) [PSYoungGen: 406229K->181461K(465920K)] 1501610K->1330871K(1864192K), 0.0544773 secs] [Times: user=0.26 sys=0.00, real=0.06 secs] 
4891.271: [GC (Allocation Failure) [PSYoungGen: 399581K->170677K(465920K)] 1548991K->1383543K(1864192K), 0.0475710 secs] [Times: user=0.22 sys=0.00, real=0.05 secs] 
4892.212: [GC (Allocation Failure) [PSYoungGen: 403637K->169267K(465920K)] 1616503K->1436365K(1864192K), 0.0535751 secs] [Times: user=0.27 sys=0.00, real=0.05 secs] 
4892.653: [GC (Allocation Failure) [PSYoungGen: 402227K->107276K(465920K)] 1669325K->1439222K(1864192K), 0.0605451 secs] [Times: user=0.30 sys=0.00, real=0.06 secs] 
4892.714: [Full GC (Ergonomics) [PSYoungGen: 107276K->0K(465920K)] [ParOldGen: 1331945K->124600K(1398272K)] 1439222K->124600K(1864192K), [Metaspace: 60435K->59525K(1105920K)], 0.1457022 secs] [Times: user=0.64 sys=0.00, real=0.15 secs] 
4893.154: [GC (Allocation Failure) [PSYoungGen: 228972K->175733K(465920K)] 353573K->300333K(1864192K), 0.0308163 secs] [Times: user=0.11 sys=0.00, real=0.03 secs] 
4893.304: [GC (Allocation Failure) [PSYoungGen: 408693K->184182K(465920K)] 533293K->363862K(1864192K), 0.0409196 secs] [Times: user=0.18 sys=0.00, real=0.04 secs] 
4893.485: [GC (Allocation Failure) [PSYoungGen: 417142K->186453K(465920K)] 596822K->421909K(1864192K), 0.0619936 secs] [Times: user=0.30 sys=0.00, real=0.06 secs] 
4894.620: [GC (Allocation Failure) [PSYoungGen: 419413K->97243K(465920K)] 654869K->402956K(1864192K), 0.0469216 secs] [Times: user=0.25 sys=0.00, real=0.04 secs] 
4895.417: [GC (Allocation Failure) [PSYoungGen: 330203K->171220K(465920K)] 635916K->509258K(1864192K), 0.0675195 secs] [Times: user=0.32 sys=0.01, real=0.06 secs] 
4895.686: [GC (Allocation Failure) [PSYoungGen: 404180K->184181K(465920K)] 742218K->575155K(1864192K), 0.0516064 secs] [Times: user=0.25 sys=0.00, real=0.06 secs] 
4895.853: [GC (Allocation Failure) [PSYoungGen: 417141K->185687K(465920K)] 808115K->640836K(1864192K), 0.0503342 secs] [Times: user=0.23 sys=0.00, real=0.05 secs] 
4896.839: [GC (Allocation Failure) [PSYoungGen: 415987K->209971K(465920K)] 871136K->724193K(1864192K), 0.0561653 secs] [Times: user=0.28 sys=0.00, real=0.05 secs] 
4898.490: [GC (Allocation Failure) [PSYoungGen: 442931K->91018K(465920K)] 957153K->671000K(1864192K), 0.1194275 secs] [Times: user=0.66 sys=0.00, real=0.12 secs] 
4899.362: [GC (Allocation Failure) [PSYoungGen: 323978K->182006K(465920K)] 903960K->790624K(1864192K), 0.0527424 secs] [Times: user=0.23 sys=0.00, real=0.05 secs] 
4899.559: [GC (Allocation Failure) [PSYoungGen: 414966K->182325K(465920K)] 1023584K->847592K(1864192K), 0.0435683 secs] [Times: user=0.20 sys=0.00, real=0.04 secs] 
4899.709: [GC (Allocation Failure) [PSYoungGen: 415285K->186677K(465920K)] 1080552K->907447K(1864192K), 0.0452269 secs] [Times: user=0.21 sys=0.00, real=0.04 secs] 
4900.783: [GC (Allocation Failure) [PSYoungGen: 419637K->102348K(465920K)] 1140407K->893527K(1864192K), 0.0478623 secs] [Times: user=0.25 sys=0.00, real=0.05 secs] 
4901.644: [GC (Allocation Failure) [PSYoungGen: 335308K->164787K(465920K)] 1126487K->989147K(1864192K), 0.0837241 secs] [Times: user=0.42 sys=0.00, real=0.09 secs] 
4901.925: [GC (GCLocker Initiated GC) [PSYoungGen: 397747K->181365K(465920K)] 1222107K->1057049K(1864192K), 0.0509453 secs] [Times: user=0.24 sys=0.00, real=0.05 secs] 
4902.131: [GC (Allocation Failure) [PSYoungGen: 414325K->185751K(465920K)] 1290176K->1125049K(1864192K), 0.0696714 secs] [Times: user=0.34 sys=0.00, real=0.07 secs] 
4902.367: [GC (Allocation Failure) [PSYoungGen: 418711K->186261K(465920K)] 1358009K->1184375K(1864192K), 0.0746410 secs] [Times: user=0.38 sys=0.00, real=0.08 secs] 
4903.659: [GC (Allocation Failure) [PSYoungGen: 419221K->87754K(465920K)] 1417335K->1156109K(1864192K), 0.0787420 secs] [Times: user=0.43 sys=0.00, real=0.08 secs] 
4904.496: [GC (Allocation Failure) [PSYoungGen: 320714K->175893K(465920K)] 1389069K->1272256K(1864192K), 0.0535146 secs] [Times: user=0.24 sys=0.00, real=0.06 secs] 
4904.691: [GC (Allocation Failure) [PSYoungGen: 408853K->184630K(465920K)] 1505216K->1335725K(1864192K), 0.0433957 secs] [Times: user=0.20 sys=0.00, real=0.04 secs] 
4904.885: [GC (GCLocker Initiated GC) [PSYoungGen: 417590K->186005K(465920K)] 1568685K->1392964K(1864192K), 0.0665864 secs] [Times: user=0.32 sys=0.00, real=0.07 secs] 
4906.081: [GC (Allocation Failure) [PSYoungGen: 418965K->107277K(465920K)] 1625926K->1384522K(1864192K), 0.0554869 secs] [Times: user=0.29 sys=0.00, real=0.05 secs] 
4907.496: [GC (Allocation Failure) [PSYoungGen: 340237K->161011K(465920K)] 1617482K->1472597K(1864192K), 0.1083379 secs] [Times: user=0.55 sys=0.01, real=0.11 secs] 
4907.605: [Full GC (Ergonomics) [PSYoungGen: 161011K->0K(465920K)] [ParOldGen: 1311586K->181217K(1398272K)] 1472597K->181217K(1864192K), [Metaspace: 59525K->59525K(1105920K)], 0.2322183 secs] [Times: user=1.14 sys=0.00, real=0.23 secs] 
4908.019: [GC (Allocation Failure) [PSYoungGen: 232960K->181717K(465920K)] 414177K->362935K(1864192K), 0.0326947 secs] [Times: user=0.14 sys=0.00, real=0.03 secs] 
4908.189: [GC (Allocation Failure) [PSYoungGen: 414677K->186071K(465920K)] 595895K->430832K(1864192K), 0.0439688 secs] [Times: user=0.19 sys=0.00, real=0.04 secs] 
4908.336: [GC (Allocation Failure) [PSYoungGen: 419031K->186613K(465920K)] 663792K->490390K(1864192K), 0.0553476 secs] [Times: user=0.27 sys=0.00, real=0.06 secs] 
4909.749: [GC (Allocation Failure) [PSYoungGen: 419573K->89434K(465920K)] 723350K->463756K(1864192K), 0.1107082 secs] [Times: user=0.61 sys=0.00, real=0.11 secs] 
4910.409: [GC (Allocation Failure) [PSYoungGen: 322394K->175093K(465920K)] 696716K->577783K(1864192K), 0.0474414 secs] [Times: user=0.20 sys=0.00, real=0.04 secs] 
4910.658: [GC (Allocation Failure) [PSYoungGen: 408053K->184694K(465920K)] 810743K->642204K(1864192K), 0.0587461 secs] [Times: user=0.28 sys=0.00, real=0.05 secs] 
4910.874: [GC (Allocation Failure) [PSYoungGen: 417654K->186677K(465920K)] 875164K->700155K(1864192K), 0.0661740 secs] [Times: user=0.32 sys=0.00, real=0.07 secs] 
4911.994: [GC (Allocation Failure) [PSYoungGen: 419637K->112125K(465920K)] 933115K->696088K(1864192K), 0.0463076 secs] [Times: user=0.24 sys=0.00, real=0.05 secs] 
4912.649: [GC (Allocation Failure) [PSYoungGen: 345085K->154354K(465920K)] 929048K->774730K(1864192K), 0.1197027 secs] [Times: user=0.64 sys=0.00, real=0.12 secs] 
4913.195: [GC (Allocation Failure) [PSYoungGen: 387314K->184310K(465920K)] 1007690K->852857K(1864192K), 0.0538098 secs] [Times: user=0.24 sys=0.00, real=0.06 secs] 
4913.362: [GC (Allocation Failure) [PSYoungGen: 417270K->185879K(465920K)] 1085817K->918394K(1864192K), 0.0500502 secs] [Times: user=0.23 sys=0.00, real=0.05 secs] 
4913.552: [GC (Allocation Failure) [PSYoungGen: 418839K->180628K(465920K)] 1151354K->972176K(1864192K), 0.0786888 secs] [Times: user=0.41 sys=0.00, real=0.08 secs] 
4915.652: [GC (Allocation Failure) [PSYoungGen: 413588K->92971K(465920K)] 1205136K->952862K(1864192K), 0.1027755 secs] [Times: user=0.55 sys=0.01, real=0.10 secs] 
4916.275: [GC (Allocation Failure) [PSYoungGen: 325931K->178101K(465920K)] 1185822K->1068197K(1864192K), 0.0427228 secs] [Times: user=0.18 sys=0.00, real=0.05 secs] 
4916.453: [GC (Allocation Failure) [PSYoungGen: 411061K->184790K(465920K)] 1301157K->1130390K(1864192K), 0.0514463 secs] [Times: user=0.24 sys=0.00, real=0.05 secs] 
4916.618: [GC (Allocation Failure) [PSYoungGen: 417750K->183924K(465920K)] 1363350K->1185580K(1864192K), 0.0453468 secs] [Times: user=0.22 sys=0.00, real=0.04 secs] 
4917.637: [GC (Allocation Failure) [PSYoungGen: 416884K->118382K(465920K)] 1418540K->1189502K(1864192K), 0.0473939 secs] [Times: user=0.24 sys=0.00, real=0.05 secs] 
4918.924: [GC (Allocation Failure) [PSYoungGen: 351342K->149169K(465920K)] 1422462K->1257601K(1864192K), 0.1064246 secs] [Times: user=0.57 sys=0.00, real=0.11 secs] 
4919.274: [GC (Allocation Failure) [PSYoungGen: 382129K->184021K(465920K)] 1490561K->1339262K(1864192K), 0.0407032 secs] [Times: user=0.18 sys=0.00, real=0.04 secs] 
4919.467: [GC (Allocation Failure) [PSYoungGen: 416981K->182038K(465920K)] 1572222K->1401311K(1864192K), 0.0777381 secs] [Times: user=0.39 sys=0.00, real=0.08 secs] 
4919.722: [GC (GCLocker Initiated GC) [PSYoungGen: 414998K->185909K(465920K)] 1634271K->1463014K(1864192K), 0.0735318 secs] [Times: user=0.38 sys=0.00, real=0.07 secs] 
4921.056: [GC (Allocation Failure) [PSYoungGen: 418869K->89194K(465920K)] 1695976K->1436437K(1864192K), 0.1020112 secs] [Times: user=0.55 sys=0.00, real=0.11 secs] 
4921.158: [Full GC (Ergonomics) [PSYoungGen: 89194K->0K(465920K)] [ParOldGen: 1347243K->98463K(1398272K)] 1436437K->98463K(1864192K), [Metaspace: 59525K->59525K(1105920K)], 0.1330731 secs] [Times: user=0.55 sys=0.00, real=0.13 secs] 
4922.152: [GC (Allocation Failure) [PSYoungGen: 232960K->173717K(465920K)] 331423K->272180K(1864192K), 0.0373302 secs] [Times: user=0.14 sys=0.00, real=0.04 secs] 
4922.338: [GC (Allocation Failure) [PSYoungGen: 406677K->184918K(465920K)] 505140K->337681K(1864192K), 0.0422203 secs] [Times: user=0.19 sys=0.00, real=0.04 secs] 
4922.482: [GC (Allocation Failure) [PSYoungGen: 417878K->187221K(465920K)] 570641K->396024K(1864192K), 0.0449918 secs] [Times: user=0.21 sys=0.00, real=0.04 secs] 
4923.529: [GC (Allocation Failure) [PSYoungGen: 420181K->127663K(465920K)] 628984K->406963K(1864192K), 0.0471627 secs] [Times: user=0.23 sys=0.00, real=0.04 secs] 
4924.462: [GC (Allocation Failure) [PSYoungGen: 360623K->141265K(465920K)] 639923K->461052K(1864192K), 0.1223470 secs] [Times: user=0.66 sys=0.00, real=0.12 secs] 
4924.937: [GC (Allocation Failure) [PSYoungGen: 374225K->175636K(465920K)] 694012K->540745K(1864192K), 0.0446844 secs] [Times: user=0.21 sys=0.00, real=0.05 secs] 
4925.118: [GC (Allocation Failure) [PSYoungGen: 408596K->185399K(465920K)] 773705K->612211K(1864192K), 0.0698553 secs] [Times: user=0.34 sys=0.00, real=0.07 secs] 
4925.321: [GC (Allocation Failure) [PSYoungGen: 418359K->186261K(465920K)] 845171K->671913K(1864192K), 0.0561884 secs] [Times: user=0.27 sys=0.00, real=0.05 secs] 
4926.909: [GC (Allocation Failure) [PSYoungGen: 419221K->90442K(465920K)] 904873K->646439K(1864192K), 0.1165536 secs] [Times: user=0.65 sys=0.00, real=0.11 secs] 
4927.689: [GC (Allocation Failure) [PSYoungGen: 323402K->174197K(465920K)] 879399K->759226K(1864192K), 0.0531074 secs] [Times: user=0.23 sys=0.00, real=0.05 secs] 
4927.943: [GC (Allocation Failure) [PSYoungGen: 407157K->184214K(465920K)] 992186K->823419K(1864192K), 0.0574968 secs] [Times: user=0.27 sys=0.00, real=0.06 secs] 
4928.122: [GC (Allocation Failure) [PSYoungGen: 417174K->187221K(465920K)] 1056379K->882410K(1864192K), 0.0493522 secs] [Times: user=0.23 sys=0.00, real=0.05 secs] 
4929.132: [GC (Allocation Failure) [PSYoungGen: 420181K->137585K(465920K)] 1115370K->903470K(1864192K), 0.0490980 secs] [Times: user=0.24 sys=0.00, real=0.05 secs] 
4929.751: [GC (Allocation Failure) [PSYoungGen: 370545K->132303K(465920K)] 1136430K->941805K(1864192K), 0.1612229 secs] [Times: user=0.90 sys=0.00, real=0.16 secs] 
4930.237: [GC (Allocation Failure) [PSYoungGen: 365263K->175540K(465920K)] 1174765K->1027467K(1864192K), 0.0386550 secs] [Times: user=0.17 sys=0.00, real=0.04 secs] 
4930.423: [GC (Allocation Failure) [PSYoungGen: 408500K->185559K(465920K)] 1260427K->1099085K(1864192K), 0.0727994 secs] [Times: user=0.36 sys=0.00, real=0.07 secs] 
4930.670: [GC (Allocation Failure) [PSYoungGen: 418519K->186805K(465920K)] 1332045K->1159211K(1864192K), 0.0716129 secs] [Times: user=0.37 sys=0.00, real=0.07 secs] 
4931.819: [GC (GCLocker Initiated GC) [PSYoungGen: 419765K->93035K(465920K)] 1392171K->1136189K(1864192K), 0.0674624 secs] [Times: user=0.36 sys=0.01, real=0.06 secs] 
4932.844: [GC (Allocation Failure) [PSYoungGen: 325995K->174101K(465920K)] 1369444K->1247127K(1864192K), 0.0590839 secs] [Times: user=0.27 sys=0.00, real=0.06 secs] 
4933.063: [GC (Allocation Failure) [PSYoungGen: 407061K->179189K(465920K)] 1480087K->1306515K(1864192K), 0.0436160 secs] [Times: user=0.20 sys=0.00, real=0.04 secs] 
4933.238: [GC (Allocation Failure) [PSYoungGen: 412149K->187221K(465920K)] 1539475K->1369483K(1864192K), 0.0647528 secs] [Times: user=0.31 sys=0.01, real=0.06 secs] 
4934.348: [GC (Allocation Failure) [PSYoungGen: 420181K->148466K(465920K)] 1602443K->1401168K(1864192K), 0.0518609 secs] [Times: user=0.26 sys=0.00, real=0.05 secs] 
4935.274: [GC (Allocation Failure) [PSYoungGen: 381426K->128527K(465920K)] 1634128K->1428393K(1864192K), 0.1237832 secs] [Times: user=0.68 sys=0.00, real=0.12 secs] 
4935.747: [GC (Allocation Failure) [PSYoungGen: 361487K->175124K(465920K)] 1661353K->1515771K(1864192K), 0.0412569 secs] [Times: user=0.19 sys=0.00, real=0.05 secs] 
4935.788: [Full GC (Ergonomics) [PSYoungGen: 175124K->0K(465920K)] [ParOldGen: 1340646K->233060K(1398272K)] 1515771K->233060K(1864192K), [Metaspace: 59529K->59529K(1105920K)], 0.2724267 secs] [Times: user=1.24 sys=0.00, real=0.27 secs] 
4936.172: [GC (Allocation Failure) [PSYoungGen: 232960K->185303K(465920K)] 466020K->418363K(1864192K), 0.0893051 secs] [Times: user=0.47 sys=0.00, real=0.09 secs] 
4936.391: [GC (Allocation Failure) [PSYoungGen: 418263K->183956K(465920K)] 651323K->475673K(1864192K), 0.0572342 secs] [Times: user=0.29 sys=0.00, real=0.06 secs] 
4937.525: [GC (Allocation Failure) [PSYoungGen: 416916K->93579K(465920K)] 708633K->454999K(1864192K), 0.0623516 secs] [Times: user=0.34 sys=0.00, real=0.07 secs] 
4938.128: [GC (Allocation Failure) [PSYoungGen: 326488K->171444K(465920K)] 687909K->562837K(1864192K), 0.0597022 secs] [Times: user=0.26 sys=0.00, real=0.05 secs] 
4938.395: [GC (Allocation Failure) [PSYoungGen: 404404K->184246K(465920K)] 795797K->629483K(1864192K), 0.0560370 secs] [Times: user=0.27 sys=0.00, real=0.06 secs] 
4938.611: [GC (Allocation Failure) [PSYoungGen: 417206K->187765K(465920K)] 862444K->688884K(1864192K), 0.0654620 secs] [Times: user=0.32 sys=0.00, real=0.06 secs] 
4939.602: [GC (Allocation Failure) [PSYoungGen: 420725K->152083K(465920K)] 921844K->724049K(1864192K), 0.0512182 secs] [Times: user=0.25 sys=0.00, real=0.05 secs] 
4940.203: [GC (Allocation Failure) [PSYoungGen: 385043K->118334K(465920K)] 957009K->738549K(1864192K), 0.1210291 secs] [Times: user=0.67 sys=0.00, real=0.12 secs] 
4940.981: [GC (Allocation Failure) [PSYoungGen: 351294K->174836K(465920K)] 971509K->832152K(1864192K), 0.0571778 secs] [Times: user=0.26 sys=0.00, real=0.06 secs] 
4941.177: [GC (Allocation Failure) [PSYoungGen: 407796K->185111K(465920K)] 1065112K->904214K(1864192K), 0.0490000 secs] [Times: user=0.22 sys=0.00, real=0.05 secs] 
4941.374: [GC (Allocation Failure) [PSYoungGen: 418071K->183860K(465920K)] 1137174K->961772K(1864192K), 0.0837102 secs] [Times: user=0.43 sys=0.00, real=0.09 secs] 
4942.695: [GC (Allocation Failure) [PSYoungGen: 416711K->97627K(465920K)] 1194623K->944875K(1864192K), 0.0807930 secs] [Times: user=0.44 sys=0.00, real=0.08 secs] 
4944.074: [GC (Allocation Failure) [PSYoungGen: 330587K->169108K(465920K)] 1177835K->1047457K(1864192K), 0.0870911 secs] [Times: user=0.42 sys=0.00, real=0.09 secs] 
4944.372: [GC (Allocation Failure) [PSYoungGen: 402068K->181845K(465920K)] 1280417K->1113102K(1864192K), 0.0507711 secs] [Times: user=0.24 sys=0.00, real=0.05 secs] 
4944.568: [GC (Allocation Failure) [PSYoungGen: 414039K->183254K(465920K)] 1345296K->1177887K(1864192K), 0.0787373 secs] [Times: user=0.39 sys=0.00, real=0.07 secs] 
4945.638: [GC (Allocation Failure) [PSYoungGen: 416214K->167634K(400896K)] 1410847K->1220523K(1799168K), 0.0576990 secs] [Times: user=0.29 sys=0.00, real=0.05 secs] 
4946.387: [GC (Allocation Failure) [PSYoungGen: 400594K->104828K(463872K)] 1453483K->1221989K(1862144K), 0.1131220 secs] [Times: user=0.61 sys=0.01, real=0.12 secs] 
4946.954: [GC (Allocation Failure) [PSYoungGen: 335145K->178357K(464896K)] 1452306K->1328387K(1863168K), 0.0492198 secs] [Times: user=0.22 sys=0.00, real=0.05 secs] 
4947.172: [GC (Allocation Failure) [PSYoungGen: 410293K->178357K(465920K)] 1560323K->1384118K(1864192K), 0.0639003 secs] [Times: user=0.31 sys=0.00, real=0.06 secs] 
4947.354: [GC (Allocation Failure) [PSYoungGen: 411317K->186837K(465920K)] 1617078K->1447094K(1864192K), 0.0470306 secs] [Times: user=0.22 sys=0.00, real=0.05 secs] 
4948.513: [GC (GCLocker Initiated GC) [PSYoungGen: 419797K->100428K(465920K)] 1680055K->1431230K(1864192K), 0.0512533 secs] [Times: user=0.27 sys=0.01, real=0.05 secs] 
4948.564: [Full GC (Ergonomics) [PSYoungGen: 100428K->0K(465920K)] [ParOldGen: 1330802K->91059K(1398272K)] 1431230K->91059K(1864192K), [Metaspace: 59541K->59541K(1105920K)], 0.0344337 secs] [Times: user=0.11 sys=0.00, real=0.04 secs] 
4949.789: [GC (Allocation Failure) [PSYoungGen: 232960K->166996K(465920K)] 324150K->258187K(1864192K), 0.0537312 secs] [Times: user=0.21 sys=0.00, real=0.05 secs] 
4950.094: [GC (Allocation Failure) [PSYoungGen: 399956K->183893K(465920K)] 491147K->327584K(1864192K), 0.0485200 secs] [Times: user=0.22 sys=0.00, real=0.05 secs] 
4950.254: [GC (Allocation Failure) [PSYoungGen: 416853K->186199K(465920K)] 560544K->393878K(1864192K), 0.0492900 secs] [Times: user=0.23 sys=0.00, real=0.05 secs] 
4950.536: [GC (Allocation Failure) [PSYoungGen: 418151K->215092K(465920K)] 625830K->482051K(1864192K), 0.0534225 secs] [Times: user=0.26 sys=0.00, real=0.06 secs] 
4952.161: [GC (Allocation Failure) [PSYoungGen: 448052K->91610K(465920K)] 715011K->427017K(1864192K), 0.0957387 secs] [Times: user=0.52 sys=0.00, real=0.09 secs] 
4952.612: [GC (Allocation Failure) [PSYoungGen: 324570K->182614K(465920K)] 659977K->547366K(1864192K), 0.0409657 secs] [Times: user=0.18 sys=0.00, real=0.04 secs] 
4952.777: [GC (Allocation Failure) [PSYoungGen: 415574K->184630K(465920K)] 780326K->606166K(1864192K), 0.0483164 secs] [Times: user=0.22 sys=0.01, real=0.05 secs] 
4952.948: [GC (Allocation Failure) [PSYoungGen: 417586K->186325K(465920K)] 839122K->663941K(1864192K), 0.0494806 secs] [Times: user=0.23 sys=0.00, real=0.05 secs] 
4954.024: [GC (Allocation Failure) [PSYoungGen: 419285K->98764K(465920K)] 896901K->646684K(1864192K), 0.0573687 secs] [Times: user=0.31 sys=0.00, real=0.06 secs] 
4954.921: [GC (GCLocker Initiated GC) [PSYoungGen: 331724K->164147K(465920K)] 879644K->744192K(1864192K), 0.0925408 secs] [Times: user=0.46 sys=0.00, real=0.09 secs] 
4955.182: [GC (Allocation Failure) [PSYoungGen: 397107K->184790K(465920K)] 977155K->816026K(1864192K), 0.0441463 secs] [Times: user=0.20 sys=0.00, real=0.04 secs] 
4955.336: [GC (Allocation Failure) [PSYoungGen: 417750K->186039K(465920K)] 1048986K->881603K(1864192K), 0.0521992 secs] [Times: user=0.24 sys=0.00, real=0.06 secs] 
4955.542: [GC (Allocation Failure) [PSYoungGen: 418999K->202805K(465920K)] 1114563K->957449K(1864192K), 0.0546974 secs] [Times: user=0.27 sys=0.00, real=0.05 secs] 
4956.631: [GC (GCLocker Initiated GC) [PSYoungGen: 435765K->87914K(465920K)] 1190409K->912854K(1864192K), 0.0549586 secs] [Times: user=0.29 sys=0.00, real=0.05 secs] 
4957.491: [GC (Allocation Failure) [PSYoungGen: 320874K->178997K(465920K)] 1145981K->1031909K(1864192K), 0.0509374 secs] [Times: user=0.23 sys=0.00, real=0.05 secs] 
4957.678: [GC (Allocation Failure) [PSYoungGen: 411957K->184502K(465920K)] 1264869K->1093477K(1864192K), 0.0433779 secs] [Times: user=0.20 sys=0.00, real=0.04 secs] 
4957.827: [GC (Allocation Failure) [PSYoungGen: 417462K->186677K(465920K)] 1326437K->1151533K(1864192K), 0.0456566 secs] [Times: user=0.21 sys=0.00, real=0.05 secs] 
4958.935: [GC (Allocation Failure) [PSYoungGen: 419637K->103100K(465920K)] 1384493K->1138428K(1864192K), 0.0455761 secs] [Times: user=0.24 sys=0.00, real=0.05 secs] 
4959.879: [GC (Allocation Failure) [PSYoungGen: 336060K->167412K(465920K)] 1371388K->1236117K(1864192K), 0.0823389 secs] [Times: user=0.41 sys=0.00, real=0.08 secs] 
4960.156: [GC (Allocation Failure) [PSYoungGen: 400372K->184438K(465920K)] 1469077K->1305398K(1864192K), 0.0425737 secs] [Times: user=0.19 sys=0.00, real=0.05 secs] 
4960.309: [GC (Allocation Failure) [PSYoungGen: 417398K->185399K(465920K)] 1538358K->1370475K(1864192K), 0.0508337 secs] [Times: user=0.24 sys=0.00, real=0.05 secs] 
4960.496: [GC (Allocation Failure) [PSYoungGen: 418359K->183828K(465920K)] 1603435K->1427705K(1864192K), 0.0733060 secs] [Times: user=0.37 sys=0.00, real=0.08 secs] 
4962.086: [GC (Allocation Failure) [PSYoungGen: 416788K->87626K(465920K)] 1660665K->1401023K(1864192K), 0.1065637 secs] [Times: user=0.58 sys=0.01, real=0.11 secs] 
4962.192: [Full GC (Ergonomics) [PSYoungGen: 87626K->0K(465920K)] [ParOldGen: 1313396K->104546K(1398272K)] 1401023K->104546K(1864192K), [Metaspace: 59541K->59541K(1105920K)], 0.1651547 secs] [Times: user=0.72 sys=0.00, real=0.17 secs] 
4962.677: [GC (Allocation Failure) [PSYoungGen: 232960K->180758K(465920K)] 337506K->285304K(1864192K), 0.0263714 secs] [Times: user=0.09 sys=0.00, real=0.03 secs] 
4962.812: [GC (Allocation Failure) [PSYoungGen: 413718K->184470K(465920K)] 518264K->345360K(1864192K), 0.0411288 secs] [Times: user=0.18 sys=0.00, real=0.04 secs] 
4962.958: [GC (Allocation Failure) [PSYoungGen: 417430K->186517K(465920K)] 578320K->403231K(1864192K), 0.0444884 secs] [Times: user=0.21 sys=0.00, real=0.04 secs] 
4964.140: [GC (Allocation Failure) [PSYoungGen: 419477K->102476K(465920K)] 636191K->389583K(1864192K), 0.0445075 secs] [Times: user=0.23 sys=0.00, real=0.04 secs] 
4964.946: [GC (Allocation Failure) [PSYoungGen: 335436K->164083K(465920K)] 622543K->484395K(1864192K), 0.1208532 secs] [Times: user=0.63 sys=0.01, real=0.12 secs] 
4965.309: [GC (Allocation Failure) [PSYoungGen: 397043K->178709K(465920K)] 717355K->550428K(1864192K), 0.0429981 secs] [Times: user=0.20 sys=0.00, real=0.04 secs] 
4965.502: [GC (GCLocker Initiated GC) [PSYoungGen: 411669K->185879K(465920K)] 783389K->620383K(1864192K), 0.0719704 secs] [Times: user=0.35 sys=0.00, real=0.07 secs] 
4965.706: [GC (Allocation Failure) [PSYoungGen: 418839K->186677K(465920K)] 853510K->680372K(1864192K), 0.0552341 secs] [Times: user=0.27 sys=0.00, real=0.06 secs] 
4967.300: [GC (Allocation Failure) [PSYoungGen: 419637K->89834K(465920K)] 913332K->653905K(1864192K), 0.1055461 secs] [Times: user=0.57 sys=0.01, real=0.10 secs] 
4968.390: [GC (Allocation Failure) [PSYoungGen: 322794K->178357K(465920K)] 886865K->771161K(1864192K), 0.0566389 secs] [Times: user=0.26 sys=0.00, real=0.05 secs] 
4968.599: [GC (Allocation Failure) [PSYoungGen: 411317K->181845K(465920K)] 1004121K->830005K(1864192K), 0.0420713 secs] [Times: user=0.19 sys=0.00, real=0.04 secs] 
4968.747: [GC (Allocation Failure) [PSYoungGen: 414805K->186997K(465920K)] 1062965K->890637K(1864192K), 0.0444812 secs] [Times: user=0.20 sys=0.00, real=0.05 secs] 
4969.780: [GC (Allocation Failure) [PSYoungGen: 419957K->111453K(465920K)] 1123597K->885509K(1864192K), 0.0461215 secs] [Times: user=0.23 sys=0.00, real=0.04 secs] 
4970.747: [GC (Allocation Failure) [PSYoungGen: 344413K->155026K(465920K)] 1118469K->965415K(1864192K), 0.1185885 secs] [Times: user=0.62 sys=0.01, real=0.12 secs] 
4971.257: [GC (Allocation Failure) [PSYoungGen: 387986K->183317K(465920K)] 1198375K->1041642K(1864192K), 0.0533947 secs] [Times: user=0.25 sys=0.00, real=0.06 secs] 
4971.418: [GC (Allocation Failure) [PSYoungGen: 416277K->186295K(465920K)] 1274602K->1108544K(1864192K), 0.0503182 secs] [Times: user=0.23 sys=0.00, real=0.05 secs] 
4971.912: [GC (Allocation Failure) [PSYoungGen: 419255K->182228K(465920K)] 1341504K->1163821K(1864192K), 0.1055644 secs] [Times: user=0.56 sys=0.01, real=0.10 secs] 
4973.178: [GC (Allocation Failure) [PSYoungGen: 415188K->91435K(465920K)] 1396781K->1141996K(1864192K), 0.0548847 secs] [Times: user=0.30 sys=0.01, real=0.05 secs] 
4974.123: [GC (Allocation Failure) [PSYoungGen: 324395K->173557K(465920K)] 1374956K->1253423K(1864192K), 0.0612022 secs] [Times: user=0.28 sys=0.00, real=0.06 secs] 
4974.345: [GC (Allocation Failure) [PSYoungGen: 406517K->184374K(465920K)] 1486383K->1318204K(1864192K), 0.0438060 secs] [Times: user=0.20 sys=0.00, real=0.05 secs] 
4974.493: [GC (Allocation Failure) [PSYoungGen: 417334K->187285K(465920K)] 1551164K->1376987K(1864192K), 0.0463356 secs] [Times: user=0.21 sys=0.00, real=0.05 secs] 
4975.661: [GC (Allocation Failure) [PSYoungGen: 420245K->118606K(465920K)] 1609947K->1379004K(1864192K), 0.0476384 secs] [Times: user=0.24 sys=0.00, real=0.05 secs] 
4976.689: [GC (Allocation Failure) [PSYoungGen: 351566K->149489K(465920K)] 1611964K->1447376K(1864192K), 0.0943956 secs] [Times: user=0.50 sys=0.00, real=0.09 secs] 
4977.234: [GC (Allocation Failure) [PSYoungGen: 382449K->180565K(465920K)] 1680336K->1525200K(1864192K), 0.0550911 secs] [Times: user=0.26 sys=0.00, real=0.06 secs] 
4977.289: [Full GC (Ergonomics) [PSYoungGen: 180565K->0K(465920K)] [ParOldGen: 1344635K->244640K(1398272K)] 1525200K->244640K(1864192K), [Metaspace: 59543K->59543K(1105920K)], 0.3030928 secs] [Times: user=1.41 sys=0.00, real=0.30 secs] 
4977.701: [GC (Allocation Failure) [PSYoungGen: 232960K->185623K(465920K)] 477600K->430264K(1864192K), 0.0850753 secs] [Times: user=0.44 sys=0.00, real=0.08 secs] 
4977.894: [GC (GCLocker Initiated GC) [PSYoungGen: 418583K->186005K(465920K)] 663224K->489518K(1864192K), 0.0567057 secs] [Times: user=0.28 sys=0.00, real=0.06 secs] 
4979.361: [GC (Allocation Failure) [PSYoungGen: 418965K->88426K(465920K)] 722480K->462229K(1864192K), 0.0676772 secs] [Times: user=0.36 sys=0.01, real=0.07 secs] 
4980.041: [GC (Allocation Failure) [PSYoungGen: 321386K->174709K(465920K)] 695189K->576945K(1864192K), 0.0461947 secs] [Times: user=0.20 sys=0.00, real=0.05 secs] 
4980.221: [GC (Allocation Failure) [PSYoungGen: 407669K->184630K(465920K)] 809905K->641722K(1864192K), 0.0428843 secs] [Times: user=0.20 sys=0.00, real=0.04 secs] 
4980.411: [GC (Allocation Failure) [PSYoungGen: 417590K->186613K(465920K)] 874682K->699873K(1864192K), 0.0644048 secs] [Times: user=0.31 sys=0.00, real=0.06 secs] 
4981.482: [GC (Allocation Failure) [PSYoungGen: 419573K->128784K(465920K)] 932833K->712484K(1864192K), 0.0481904 secs] [Times: user=0.24 sys=0.00, real=0.05 secs] 
4982.014: [GC (Allocation Failure) [PSYoungGen: 361744K->140592K(465920K)] 945444K->765089K(1864192K), 0.1365636 secs] [Times: user=0.74 sys=0.00, real=0.14 secs] 
4982.436: [GC (Allocation Failure) [PSYoungGen: 373552K->178197K(465920K)] 998049K->847434K(1864192K), 0.0452974 secs] [Times: user=0.21 sys=0.00, real=0.05 secs] 
4982.591: [GC (Allocation Failure) [PSYoungGen: 411157K->185911K(465920K)] 1080394K->917600K(1864192K), 0.0489309 secs] [Times: user=0.23 sys=0.00, real=0.05 secs] 
4982.743: [GC (Allocation Failure) [PSYoungGen: 418871K->186869K(465920K)] 1150560K->977470K(1864192K), 0.0572093 secs] [Times: user=0.28 sys=0.00, real=0.06 secs] 
4984.240: [GC (Allocation Failure) [PSYoungGen: 419829K->87562K(465920K)] 1210430K->948599K(1864192K), 0.1100960 secs] [Times: user=0.61 sys=0.00, real=0.11 secs] 
4985.264: [GC (Allocation Failure) [PSYoungGen: 320522K->177333K(465920K)] 1181559K->1066775K(1864192K), 0.0515402 secs] [Times: user=0.23 sys=0.00, real=0.05 secs] 
4985.470: [GC (Allocation Failure) [PSYoungGen: 410293K->184438K(465920K)] 1299735K->1129072K(1864192K), 0.0436974 secs] [Times: user=0.20 sys=0.00, real=0.04 secs] 
4985.616: [GC (Allocation Failure) [PSYoungGen: 417398K->184596K(465920K)] 1362032K->1185135K(1864192K), 0.0453707 secs] [Times: user=0.21 sys=0.00, real=0.05 secs] 
4986.774: [GC (Allocation Failure) [PSYoungGen: 417556K->136817K(465920K)] 1418095K->1207219K(1864192K), 0.0493559 secs] [Times: user=0.24 sys=0.00, real=0.05 secs] 
4988.164: [GC (Allocation Failure) [PSYoungGen: 369777K->133872K(465920K)] 1440179K->1247570K(1864192K), 0.1407449 secs] [Times: user=0.78 sys=0.00, real=0.14 secs] 
4988.499: [GC (Allocation Failure) [PSYoungGen: 366832K->178101K(465920K)] 1480530K->1334694K(1864192K), 0.0389096 secs] [Times: user=0.17 sys=0.00, real=0.04 secs] 
4988.648: [GC (Allocation Failure) [PSYoungGen: 411061K->185655K(465920K)] 1567654K->1404544K(1864192K), 0.0496839 secs] [Times: user=0.23 sys=0.00, real=0.05 secs] 
4988.868: [GC (Allocation Failure) [PSYoungGen: 418615K->182132K(465920K)] 1637504K->1459982K(1864192K), 0.0633872 secs] [Times: user=0.32 sys=0.00, real=0.06 secs] 
4990.046: [GC (Allocation Failure) [PSYoungGen: 415092K->91531K(465920K)] 1692942K->1438292K(1864192K), 0.0453157 secs] [Times: user=0.23 sys=0.01, real=0.05 secs] 
4990.091: [Full GC (Ergonomics) [PSYoungGen: 91531K->0K(465920K)] [ParOldGen: 1346761K->93704K(1398272K)] 1438292K->93704K(1864192K), [Metaspace: 59543K->59543K(1105920K)], 0.0574033 secs] [Times: user=0.21 sys=0.00, real=0.06 secs] 
4991.047: [GC (GCLocker Initiated GC) [PSYoungGen: 232960K->174741K(465920K)] 326665K->268446K(1864192K), 0.0414491 secs] [Times: user=0.15 sys=0.00, real=0.05 secs] 
4991.257: [GC (Allocation Failure) [PSYoungGen: 407701K->181877K(465920K)] 501700K->330541K(1864192K), 0.0411282 secs] [Times: user=0.18 sys=0.00, real=0.05 secs] 
4991.454: [GC (Allocation Failure) [PSYoungGen: 414837K->187157K(465920K)] 563501K->391140K(1864192K), 0.0673718 secs] [Times: user=0.33 sys=0.00, real=0.07 secs] 
4992.534: [GC (Allocation Failure) [PSYoungGen: 420117K->146674K(465920K)] 624100K->421329K(1864192K), 0.0497347 secs] [Times: user=0.24 sys=0.00, real=0.05 secs] 
4992.955: [GC (Allocation Failure) [PSYoungGen: 379634K->125647K(465920K)] 654289K->446854K(1864192K), 0.1293903 secs] [Times: user=0.72 sys=0.01, real=0.13 secs] 
4993.631: [GC (Allocation Failure) [PSYoungGen: 358607K->177333K(465920K)] 679814K->538177K(1864192K), 0.0515104 secs] [Times: user=0.24 sys=0.00, real=0.05 secs] 
4993.859: [GC (Allocation Failure) [PSYoungGen: 410293K->182710K(465920K)] 771137K->605815K(1864192K), 0.0694502 secs] [Times: user=0.34 sys=0.00, real=0.07 secs] 
4994.049: [GC (Allocation Failure) [PSYoungGen: 415670K->186741K(465920K)] 838775K->668077K(1864192K), 0.0554356 secs] [Times: user=0.27 sys=0.00, real=0.05 secs] 
4995.663: [GC (Allocation Failure) [PSYoungGen: 419701K->95499K(465920K)] 901037K->647275K(1864192K), 0.1105510 secs] [Times: user=0.61 sys=0.00, real=0.11 secs] 
4996.995: [GC (Allocation Failure) [PSYoungGen: 328459K->169268K(465920K)] 880235K->751529K(1864192K), 0.0608326 secs] [Times: user=0.28 sys=0.00, real=0.06 secs] 
4997.282: [GC (Allocation Failure) [PSYoungGen: 402228K->184630K(465920K)] 984489K->820087K(1864192K), 0.0565635 secs] [Times: user=0.27 sys=0.00, real=0.06 secs] 
4997.492: [GC (Allocation Failure) [PSYoungGen: 417590K->220917K(465920K)] 1053047K->912254K(1864192K), 0.0689880 secs] [Times: user=0.34 sys=0.00, real=0.07 secs] 
4998.493: [GC (Allocation Failure) [PSYoungGen: 453877K->152755K(465920K)] 1145214K->915004K(1864192K), 0.0514580 secs] [Times: user=0.25 sys=0.00, real=0.05 secs] 
4998.961: [GC (Allocation Failure) [PSYoungGen: 385715K->118062K(465920K)] 1147964K->928863K(1864192K), 0.1278587 secs] [Times: user=0.71 sys=0.00, real=0.13 secs] 
4999.617: [GC (Allocation Failure) [PSYoungGen: 351022K->175092K(465920K)] 1161823K->1023426K(1864192K), 0.0526310 secs] [Times: user=0.24 sys=0.00, real=0.06 secs] 
4999.797: [GC (GCLocker Initiated GC) [PSYoungGen: 408052K->184535K(465920K)] 1256386K->1094505K(1864192K), 0.0498018 secs] [Times: user=0.24 sys=0.00, real=0.05 secs] 
4999.953: [GC (Allocation Failure) [PSYoungGen: 417495K->186773K(465920K)] 1327632K->1155566K(1864192K), 0.0572438 secs] [Times: user=0.28 sys=0.00, real=0.06 secs] 
5001.085: [GC (Allocation Failure) [PSYoungGen: 419733K->96523K(465920K)] 1388526K->1135660K(1864192K), 0.0557729 secs] [Times: user=0.30 sys=0.00, real=0.06 secs] 
5001.593: [GC (Allocation Failure) [PSYoungGen: 329483K->171636K(465920K)] 1368620K->1242666K(1864192K), 0.0459500 secs] [Times: user=0.20 sys=0.01, real=0.05 secs] 
5001.816: [GC (Allocation Failure) [PSYoungGen: 404596K->184438K(465920K)] 1475626K->1309363K(1864192K), 0.0640256 secs] [Times: user=0.31 sys=0.01, real=0.07 secs] 
5001.996: [GC (Allocation Failure) [PSYoungGen: 409337K->175926K(465920K)] 1534262K->1365043K(1864192K), 0.0511799 secs] [Times: user=0.24 sys=0.00, real=0.05 secs] 
5002.836: [GC (Allocation Failure) [PSYoungGen: 404000K->190259K(465920K)] 1593117K->1435304K(1864192K), 0.0546213 secs] [Times: user=0.27 sys=0.00, real=0.06 secs] 
5004.381: [GC (Allocation Failure) [PSYoungGen: 423219K->95531K(465920K)] 1668264K->1405272K(1864192K), 0.1173182 secs] [Times: user=0.65 sys=0.01, real=0.12 secs] 
5005.354: [GC (Allocation Failure) [PSYoungGen: 328491K->180598K(465920K)] 1638232K->1520576K(1864192K), 0.0481843 secs] [Times: user=0.21 sys=0.00, real=0.05 secs] 
5005.403: [Full GC (Ergonomics) [PSYoungGen: 180598K->0K(465920K)] [ParOldGen: 1339978K->228473K(1398272K)] 1520576K->228473K(1864192K), [Metaspace: 59544K->59544K(1105920K)], 0.2756946 secs] [Times: user=1.23 sys=0.00, real=0.28 secs] 
5005.800: [GC (Allocation Failure) [PSYoungGen: 232960K->179285K(465920K)] 461433K->407758K(1864192K), 0.0261938 secs] [Times: user=0.09 sys=0.00, real=0.02 secs] 
5005.930: [GC (Allocation Failure) [PSYoungGen: 412245K->186805K(465920K)] 640718K->470182K(1864192K), 0.0443371 secs] [Times: user=0.20 sys=0.00, real=0.04 secs] 
5007.027: [GC (Allocation Failure) [PSYoungGen: 419765K->102108K(465920K)] 703142K->455861K(1864192K), 0.0443229 secs] [Times: user=0.23 sys=0.00, real=0.05 secs] 
5007.783: [GC (Allocation Failure) [PSYoungGen: 335068K->168052K(465920K)] 688821K->555145K(1864192K), 0.0863890 secs] [Times: user=0.43 sys=0.00, real=0.09 secs] 
5008.028: [GC (Allocation Failure) [PSYoungGen: 401012K->184502K(465920K)] 788105K->624207K(1864192K), 0.0418800 secs] [Times: user=0.19 sys=0.00, real=0.04 secs] 
5008.176: [GC (Allocation Failure) [PSYoungGen: 417462K->185719K(465920K)] 857167K->689508K(1864192K), 0.0498615 secs] [Times: user=0.23 sys=0.00, real=0.05 secs] 
5008.394: [GC (Allocation Failure) [PSYoungGen: 418679K->199572K(465920K)] 922468K->762282K(1864192K), 0.0657132 secs] [Times: user=0.33 sys=0.00, real=0.07 secs] 
5009.870: [GC (Allocation Failure) [PSYoungGen: 432532K->87226K(465920K)] 995242K->719031K(1864192K), 0.0865802 secs] [Times: user=0.47 sys=0.00, real=0.08 secs] 
5010.406: [GC (Allocation Failure) [PSYoungGen: 320186K->182614K(465920K)] 951991K->842168K(1864192K), 0.0467591 secs] [Times: user=0.21 sys=0.00, real=0.05 secs] 
5010.611: [GC (Allocation Failure) [PSYoungGen: 415574K->184886K(465920K)] 1075128K->901372K(1864192K), 0.0502490 secs] [Times: user=0.24 sys=0.00, real=0.05 secs] 
5010.793: [GC (Allocation Failure) [PSYoungGen: 417846K->186325K(465920K)] 1134332K->959099K(1864192K), 0.0470806 secs] [Times: user=0.21 sys=0.01, real=0.05 secs] 
5011.958: [GC (Allocation Failure) [PSYoungGen: 419285K->100428K(465920K)] 1192059K->943394K(1864192K), 0.0488348 secs] [Times: user=0.25 sys=0.00, real=0.04 secs] 
5013.871: [GC (Allocation Failure) [PSYoungGen: 333388K->162643K(465920K)] 1176354K->1037899K(1864192K), 0.1073844 secs] [Times: user=0.55 sys=0.01, real=0.11 secs] 
5014.206: [GC (Allocation Failure) [PSYoungGen: 395603K->184342K(465920K)] 1270859K->1110457K(1864192K), 0.0422800 secs] [Times: user=0.19 sys=0.00, real=0.05 secs] 
5014.382: [GC (Allocation Failure) [PSYoungGen: 417302K->186167K(465920K)] 1343417K->1176474K(1864192K), 0.0559105 secs] [Times: user=0.27 sys=0.00, real=0.06 secs] 
5014.573: [GC (Allocation Failure) [PSYoungGen: 419127K->184084K(465920K)] 1409434K->1233512K(1864192K), 0.0611715 secs] [Times: user=0.31 sys=0.00, real=0.06 secs] 
5015.926: [GC (Allocation Failure) [PSYoungGen: 417044K->86362K(465920K)] 1466472K->1205401K(1864192K), 0.1010482 secs] [Times: user=0.49 sys=0.00, real=0.10 secs] 
5016.714: [GC (Allocation Failure) [PSYoungGen: 319322K->181398K(465920K)] 1438361K->1327762K(1864192K), 0.0508867 secs] [Times: user=0.22 sys=0.00, real=0.05 secs] 
5016.897: [GC (Allocation Failure) [PSYoungGen: 414358K->184566K(465920K)] 1560722K->1387358K(1864192K), 0.0445396 secs] [Times: user=0.20 sys=0.00, real=0.04 secs] 
5017.066: [GC (Allocation Failure) [PSYoungGen: 417526K->186933K(465920K)] 1620318K->1445661K(1864192K), 0.0512839 secs] [Times: user=0.24 sys=0.00, real=0.05 secs] 
5018.102: [GC (Allocation Failure) [PSYoungGen: 419893K->104700K(465920K)] 1678621K->1434021K(1864192K), 0.0461177 secs] [Times: user=0.24 sys=0.00, real=0.05 secs] 
5018.148: [Full GC (Ergonomics) [PSYoungGen: 104700K->0K(465920K)] [ParOldGen: 1329320K->89140K(1398272K)] 1434021K->89140K(1864192K), [Metaspace: 59544K->59544K(1105920K)], 0.0539756 secs] [Times: user=0.20 sys=0.00, real=0.05 secs] 
5019.048: [GC (Allocation Failure) [PSYoungGen: 232960K->159315K(465920K)] 322100K->248455K(1864192K), 0.0475825 secs] [Times: user=0.18 sys=0.00, real=0.04 secs] 
5019.316: [GC (Allocation Failure) [PSYoungGen: 392275K->181525K(465920K)] 481415K->320274K(1864192K), 0.0411943 secs] [Times: user=0.18 sys=0.00, real=0.04 secs] 
5019.495: [GC (Allocation Failure) [PSYoungGen: 414485K->185975K(465920K)] 553234K->388203K(1864192K), 0.0683558 secs] [Times: user=0.34 sys=0.00, real=0.07 secs] 
5019.925: [GC (Allocation Failure) [PSYoungGen: 418935K->185621K(465920K)] 621163K->446881K(1864192K), 0.0997189 secs] [Times: user=0.52 sys=0.00, real=0.10 secs] 
5021.686: [GC (Allocation Failure) [PSYoungGen: 418581K->91146K(465920K)] 679841K->422503K(1864192K), 0.1132969 secs] [Times: user=0.62 sys=0.00, real=0.12 secs] 
5023.014: [GC (Allocation Failure) [PSYoungGen: 324106K->174837K(465920K)] 655463K->534822K(1864192K), 0.0544110 secs] [Times: user=0.24 sys=0.00, real=0.06 secs] 
5023.274: [GC (Allocation Failure) [PSYoungGen: 407797K->184342K(465920K)] 767782K->599007K(1864192K), 0.0489048 secs] [Times: user=0.23 sys=0.00, real=0.05 secs] 
5023.448: [GC (Allocation Failure) [PSYoungGen: 417302K->187029K(465920K)] 831967K->657422K(1864192K), 0.0527453 secs] [Times: user=0.26 sys=0.00, real=0.05 secs] 
5024.496: [GC (Allocation Failure) [PSYoungGen: 419989K->113982K(465920K)] 890382K->654951K(1864192K), 0.0464884 secs] [Times: user=0.24 sys=0.00, real=0.05 secs] 
5025.035: [GC (Allocation Failure) [PSYoungGen: 346942K->157491K(465920K)] 887911K->735841K(1864192K), 0.0953182 secs] [Times: user=0.50 sys=0.00, real=0.10 secs] 
5025.342: [GC (Allocation Failure) [PSYoungGen: 390451K->181205K(465920K)] 968801K->808688K(1864192K), 0.0410230 secs] [Times: user=0.18 sys=0.00, real=0.04 secs] 
5025.534: [GC (Allocation Failure) [PSYoungGen: 414165K->185751K(465920K)] 1041648K->876545K(1864192K), 0.0631117 secs] [Times: user=0.31 sys=0.00, real=0.07 secs] 
5025.728: [GC (Allocation Failure) [PSYoungGen: 418711K->186453K(465920K)] 1109505K->936295K(1864192K), 0.0702007 secs] [Times: user=0.36 sys=0.00, real=0.07 secs] 
5026.878: [GC (Allocation Failure) [PSYoungGen: 419413K->91370K(465920K)] 1169255K->911541K(1864192K), 0.0652541 secs] [Times: user=0.35 sys=0.00, real=0.06 secs] 
5027.829: [GC (Allocation Failure) [PSYoungGen: 324330K->177781K(465920K)] 1144501K->1026717K(1864192K), 0.0572869 secs] [Times: user=0.26 sys=0.00, real=0.05 secs] 
5028.035: [GC (Allocation Failure) [PSYoungGen: 410741K->179221K(465920K)] 1259677K->1083612K(1864192K), 0.0436800 secs] [Times: user=0.20 sys=0.00, real=0.05 secs] 
5028.184: [GC (Allocation Failure) [PSYoungGen: 412181K->186869K(465920K)] 1316572K->1146077K(1864192K), 0.0458309 secs] [Times: user=0.21 sys=0.00, real=0.05 secs] 
5029.236: [GC (Allocation Failure) [PSYoungGen: 419829K->119118K(465920K)] 1379037K->1148838K(1864192K), 0.0482350 secs] [Times: user=0.25 sys=0.00, real=0.05 secs] 
5029.841: [GC (Allocation Failure) [PSYoungGen: 352078K->154930K(465920K)] 1381798K->1223627K(1864192K), 0.0804110 secs] [Times: user=0.42 sys=0.01, real=0.08 secs] 
5030.238: [GC (Allocation Failure) [PSYoungGen: 387890K->184246K(465920K)] 1456587K->1301250K(1864192K), 0.0425378 secs] [Times: user=0.19 sys=0.00, real=0.04 secs] 
5030.390: [GC (Allocation Failure) [PSYoungGen: 417206K->185367K(465920K)] 1534210K->1366659K(1864192K), 0.0524367 secs] [Times: user=0.25 sys=0.00, real=0.05 secs] 
5030.545: [GC (Allocation Failure) [PSYoungGen: 418327K->183860K(465920K)] 1599619K->1424057K(1864192K), 0.0596456 secs] [Times: user=0.29 sys=0.00, real=0.06 secs] 
5032.316: [GC (Allocation Failure) [PSYoungGen: 416820K->89466K(465920K)] 1657017K->1399087K(1864192K), 0.1200634 secs] [Times: user=0.66 sys=0.00, real=0.12 secs] 
5033.086: [GC (Allocation Failure) [PSYoungGen: 322426K->178069K(465920K)] 1632047K->1516586K(1864192K), 0.0521383 secs] [Times: user=0.23 sys=0.00, real=0.06 secs] 
5033.138: [Full GC (Ergonomics) [PSYoungGen: 178069K->0K(465920K)] [ParOldGen: 1338516K->216518K(1398272K)] 1516586K->216518K(1864192K), [Metaspace: 59544K->59544K(1105920K)], 0.2589527 secs] [Times: user=1.22 sys=0.00, real=0.26 secs] 
5033.504: [GC (Allocation Failure) [PSYoungGen: 232960K->181877K(465920K)] 449478K->398396K(1864192K), 0.0262960 secs] [Times: user=0.09 sys=0.00, real=0.03 secs] 
5033.662: [GC (Allocation Failure) [PSYoungGen: 414837K->186677K(465920K)] 631356K->458683K(1864192K), 0.0445096 secs] [Times: user=0.20 sys=0.00, real=0.04 secs] 
5034.723: [GC (Allocation Failure) [PSYoungGen: 419637K->118638K(465920K)] 691643K->460981K(1864192K), 0.0461145 secs] [Times: user=0.23 sys=0.00, real=0.05 secs] 
5035.484: [GC (Allocation Failure) [PSYoungGen: 351598K->145425K(465920K)] 693941K->525440K(1864192K), 0.1121944 secs] [Times: user=0.60 sys=0.00, real=0.11 secs] 
5035.882: [GC (Allocation Failure) [PSYoungGen: 378385K->183349K(465920K)] 758400K->609061K(1864192K), 0.0394265 secs] [Times: user=0.17 sys=0.01, real=0.04 secs] 
5036.055: [GC (Allocation Failure) [PSYoungGen: 416309K->185943K(465920K)] 842021K->675766K(1864192K), 0.0552083 secs] [Times: user=0.27 sys=0.00, real=0.06 secs] 
5036.229: [GC (Allocation Failure) [PSYoungGen: 418903K->186997K(465920K)] 908726K->735717K(1864192K), 0.0567138 secs] [Times: user=0.27 sys=0.00, real=0.05 secs] 
5037.916: [GC (GCLocker Initiated GC) [PSYoungGen: 419957K->87226K(465920K)] 968677K->706558K(1864192K), 0.1029366 secs] [Times: user=0.56 sys=0.00, real=0.11 secs] 
5038.789: [GC (Allocation Failure) [PSYoungGen: 320186K->174261K(465920K)] 939557K->821436K(1864192K), 0.0583654 secs] [Times: user=0.26 sys=0.00, real=0.05 secs] 
5039.010: [GC (Allocation Failure) [PSYoungGen: 407221K->184374K(465920K)] 1054396K->886181K(1864192K), 0.0430461 secs] [Times: user=0.19 sys=0.00, real=0.04 secs] 
5039.179: [GC (Allocation Failure) [PSYoungGen: 417334K->203253K(465920K)] 1119141K->960948K(1864192K), 0.0641271 secs] [Times: user=0.31 sys=0.00, real=0.06 secs] 
5040.288: [GC (Allocation Failure) [PSYoungGen: 436213K->129200K(465920K)] 1193908K->957367K(1864192K), 0.0482918 secs] [Times: user=0.24 sys=0.00, real=0.04 secs] 
5041.563: [GC (Allocation Failure) [PSYoungGen: 362160K->138688K(465920K)] 1190327K->1007688K(1864192K), 0.1548644 secs] [Times: user=0.85 sys=0.00, real=0.16 secs] 
5042.073: [GC (Allocation Failure) [PSYoungGen: 371648K->177909K(465920K)] 1240648K->1091129K(1864192K), 0.0457743 secs] [Times: user=0.21 sys=0.00, real=0.05 secs] 
5042.226: [GC (Allocation Failure) [PSYoungGen: 410869K->185943K(465920K)] 1324089K->1161327K(1864192K), 0.0509074 secs] [Times: user=0.24 sys=0.00, real=0.05 secs] 
5042.446: [GC (Allocation Failure) [PSYoungGen: 418903K->186357K(465920K)] 1394287K->1220773K(1864192K), 0.0616909 secs] [Times: user=0.31 sys=0.00, real=0.07 secs] 
5043.634: [GC (Allocation Failure) [PSYoungGen: 419317K->91179K(465920K)] 1453733K->1195763K(1864192K), 0.0613230 secs] [Times: user=0.32 sys=0.01, real=0.06 secs] 
5044.753: [GC (Allocation Failure) [PSYoungGen: 324139K->173205K(465920K)] 1428723K->1307122K(1864192K), 0.0640561 secs] [Times: user=0.28 sys=0.00, real=0.06 secs] 
5045.029: [GC (Allocation Failure) [PSYoungGen: 406165K->184630K(465920K)] 1540082K->1372675K(1864192K), 0.0524310 secs] [Times: user=0.25 sys=0.00, real=0.05 secs] 
5045.182: [GC (Allocation Failure) [PSYoungGen: 417590K->187221K(465920K)] 1605635K->1431346K(1864192K), 0.0472767 secs] [Times: user=0.22 sys=0.00, real=0.05 secs] 
5046.167: [GC (Allocation Failure) [PSYoungGen: 420181K->136240K(465920K)] 1664306K->1450806K(1864192K), 0.0505681 secs] [Times: user=0.25 sys=0.00, real=0.05 secs] 
5046.217: [Full GC (Ergonomics) [PSYoungGen: 136240K->0K(465920K)] [ParOldGen: 1314565K->345893K(1398272K)] 1450806K->345893K(1864192K), [Metaspace: 59544K->59544K(1105920K)], 0.5893821 secs] [Times: user=2.50 sys=0.00, real=0.59 secs] 
5048.191: [GC (Allocation Failure) [PSYoungGen: 232960K->130511K(465920K)] 578853K->476405K(1864192K), 0.0474666 secs] [Times: user=0.19 sys=0.01, real=0.05 secs] 
5048.832: [GC (Allocation Failure) [PSYoungGen: 363471K->175572K(465920K)] 709365K->562995K(1864192K), 0.0546977 secs] [Times: user=0.25 sys=0.00, real=0.05 secs] 
5049.017: [GC (Allocation Failure) [PSYoungGen: 408532K->185527K(465920K)] 795955K->634566K(1864192K), 0.0485473 secs] [Times: user=0.22 sys=0.00, real=0.05 secs] 
5049.171: [GC (Allocation Failure) [PSYoungGen: 418487K->186389K(465920K)] 867526K->694404K(1864192K), 0.0567728 secs] [Times: user=0.28 sys=0.00, real=0.06 secs] 
5050.348: [GC (Allocation Failure) [PSYoungGen: 419349K->91434K(465920K)] 927364K->669705K(1864192K), 0.0573621 secs] [Times: user=0.31 sys=0.00, real=0.05 secs] 
5050.999: [GC (Allocation Failure) [PSYoungGen: 324307K->177173K(465920K)] 902578K->785089K(1864192K), 0.0398810 secs] [Times: user=0.16 sys=0.00, real=0.04 secs] 
5051.153: [GC (Allocation Failure) [PSYoungGen: 410133K->184630K(465920K)] 1018049K->847609K(1864192K), 0.0433018 secs] [Times: user=0.19 sys=0.00, real=0.04 secs] 
5051.337: [GC (Allocation Failure) [PSYoungGen: 417590K->184084K(465920K)] 1080569K->903200K(1864192K), 0.0665891 secs] [Times: user=0.32 sys=0.00, real=0.07 secs] 
5052.790: [GC (Allocation Failure) [PSYoungGen: 417044K->146642K(465920K)] 1136160K->935286K(1864192K), 0.0506860 secs] [Times: user=0.25 sys=0.00, real=0.05 secs] 
5053.264: [GC (Allocation Failure) [PSYoungGen: 379602K->121870K(465920K)] 1168246K->956866K(1864192K), 0.1319063 secs] [Times: user=0.73 sys=0.00, real=0.13 secs] 
5053.804: [GC (Allocation Failure) [PSYoungGen: 354830K->177845K(465920K)] 1189826K->1051821K(1864192K), 0.0466989 secs] [Times: user=0.22 sys=0.00, real=0.05 secs] 
5053.989: [GC (Allocation Failure) [PSYoungGen: 410805K->185239K(465920K)] 1284781K->1121287K(1864192K), 0.0542206 secs] [Times: user=0.26 sys=0.00, real=0.05 secs] 
5054.165: [GC (Allocation Failure) [PSYoungGen: 418199K->186933K(465920K)] 1354247K->1181814K(1864192K), 0.0574808 secs] [Times: user=0.29 sys=0.00, real=0.06 secs] 
5055.392: [GC (Allocation Failure) [PSYoungGen: 419893K->92299K(465920K)] 1414774K->1157740K(1864192K), 0.0704841 secs] [Times: user=0.38 sys=0.00, real=0.07 secs] 
5056.606: [GC (Allocation Failure) [PSYoungGen: 325259K->169716K(465920K)] 1390700K->1265253K(1864192K), 0.0709354 secs] [Times: user=0.33 sys=0.00, real=0.07 secs] 
5056.867: [GC (Allocation Failure) [PSYoungGen: 402676K->184854K(465920K)] 1498213K->1333403K(1864192K), 0.0460704 secs] [Times: user=0.19 sys=0.00, real=0.05 secs] 
5057.044: [GC (Allocation Failure) [PSYoungGen: 407604K->172341K(465920K)] 1556153K->1385234K(1864192K), 0.0705206 secs] [Times: user=0.35 sys=0.00, real=0.07 secs] 
5058.028: [GC (Allocation Failure) [PSYoungGen: 405301K->169747K(465920K)] 1618194K->1437368K(1864192K), 0.0550929 secs] [Times: user=0.27 sys=0.00, real=0.05 secs] 
5058.773: [GC (Allocation Failure) [PSYoungGen: 402707K->102460K(465920K)] 1670328K->1434865K(1864192K), 0.0947577 secs] [Times: user=0.51 sys=0.00, real=0.10 secs] 
5058.868: [Full GC (Ergonomics) [PSYoungGen: 102460K->0K(465920K)] [ParOldGen: 1332405K->118151K(1398272K)] 1434865K->118151K(1864192K), [Metaspace: 59545K->59545K(1105920K)], 0.1757287 secs] [Times: user=0.77 sys=0.01, real=0.17 secs] 
5059.924: [GC (Allocation Failure) [PSYoungGen: 232960K->180950K(465920K)] 351111K->299101K(1864192K), 0.0370814 secs] [Times: user=0.14 sys=0.00, real=0.04 secs] 
5060.103: [GC (Allocation Failure) [PSYoungGen: 413910K->181877K(465920K)] 532061K->356461K(1864192K), 0.0407358 secs] [Times: user=0.18 sys=0.00, real=0.04 secs] 
5060.249: [GC (Allocation Failure) [PSYoungGen: 414837K->186773K(465920K)] 589421K->416661K(1864192K), 0.0440725 secs] [Times: user=0.20 sys=0.00, real=0.04 secs] 
5061.329: [GC (Allocation Failure) [PSYoungGen: 419733K->96603K(465920K)] 649621K->397035K(1864192K), 0.0434558 secs] [Times: user=0.22 sys=0.00, real=0.04 secs] 
5062.323: [GC (Allocation Failure) [PSYoungGen: 329563K->167604K(465920K)] 629995K->499320K(1864192K), 0.0961916 secs] [Times: user=0.48 sys=0.00, real=0.10 secs] 
5062.647: [GC (Allocation Failure) [PSYoungGen: 400564K->189557K(465920K)] 732280K->573654K(1864192K), 0.0442642 secs] [Times: user=0.20 sys=0.00, real=0.05 secs] 
5062.844: [GC (Allocation Failure) [PSYoungGen: 422517K->185751K(465920K)] 806614K->633512K(1864192K), 0.0772706 secs] [Times: user=0.38 sys=0.00, real=0.08 secs] 
5063.225: [GC (Allocation Failure) [PSYoungGen: 416775K->216948K(465920K)] 864536K->723549K(1864192K), 0.0544895 secs] [Times: user=0.27 sys=0.01, real=0.06 secs] 
5064.662: [GC (Allocation Failure) [PSYoungGen: 449908K->88954K(465920K)] 956509K->664827K(1864192K), 0.1215479 secs] [Times: user=0.67 sys=0.01, real=0.12 secs] 
5065.545: [GC (Allocation Failure) [PSYoungGen: 321914K->178837K(465920K)] 897787K->782595K(1864192K), 0.0519859 secs] [Times: user=0.23 sys=0.00, real=0.05 secs] 
5065.798: [GC (Allocation Failure) [PSYoungGen: 411797K->184534K(465920K)] 1015555K->844335K(1864192K), 0.0630718 secs] [Times: user=0.30 sys=0.00, real=0.06 secs] 
5066.031: [GC (Allocation Failure) [PSYoungGen: 417494K->186965K(465920K)] 1077295K->902807K(1864192K), 0.0673960 secs] [Times: user=0.34 sys=0.00, real=0.07 secs] 
5067.079: [GC (Allocation Failure) [PSYoungGen: 419925K->103660K(465920K)] 1135767K->890102K(1864192K), 0.0519128 secs] [Times: user=0.25 sys=0.00, real=0.05 secs] 
5068.359: [GC (Allocation Failure) [PSYoungGen: 336620K->163603K(465920K)] 1123062K->983098K(1864192K), 0.1025864 secs] [Times: user=0.52 sys=0.00, real=0.10 secs] 
5068.712: [GC (Allocation Failure) [PSYoungGen: 396563K->181365K(465920K)] 1216058K->1052008K(1864192K), 0.0436343 secs] [Times: user=0.19 sys=0.00, real=0.04 secs] 
5068.910: [GC (Allocation Failure) [PSYoungGen: 414325K->185847K(465920K)] 1284968K->1119770K(1864192K), 0.0777663 secs] [Times: user=0.39 sys=0.00, real=0.08 secs] 
5069.109: [GC (Allocation Failure) [PSYoungGen: 418807K->186229K(465920K)] 1352730K->1179320K(1864192K), 0.0564033 secs] [Times: user=0.28 sys=0.00, real=0.05 secs] 
5070.551: [GC (Allocation Failure) [PSYoungGen: 419189K->87626K(465920K)] 1412280K->1150989K(1864192K), 0.0895517 secs] [Times: user=0.49 sys=0.00, real=0.09 secs] 
5071.361: [GC (Allocation Failure) [PSYoungGen: 320586K->178197K(465920K)] 1383949K->1268877K(1864192K), 0.0526722 secs] [Times: user=0.23 sys=0.00, real=0.05 secs] 
5071.554: [GC (Allocation Failure) [PSYoungGen: 411157K->184694K(465920K)] 1501837K->1331233K(1864192K), 0.0448708 secs] [Times: user=0.21 sys=0.00, real=0.05 secs] 
5071.705: [GC (Allocation Failure) [PSYoungGen: 417654K->186645K(465920K)] 1564193K->1389225K(1864192K), 0.0470094 secs] [Times: user=0.22 sys=0.00, real=0.05 secs] 
5072.745: [GC (Allocation Failure) [PSYoungGen: 419605K->106973K(465920K)] 1622185K->1379965K(1864192K), 0.0460791 secs] [Times: user=0.24 sys=0.00, real=0.05 secs] 
5074.585: [GC (Allocation Failure) [PSYoungGen: 339933K->155346K(465920K)] 1612925K->1463247K(1864192K), 0.1228278 secs] [Times: user=0.65 sys=0.00, real=0.13 secs] 
5074.977: [GC (Allocation Failure) [PSYoungGen: 388306K->184214K(465920K)] 1696207K->1540498K(1864192K), 0.0478780 secs] [Times: user=0.22 sys=0.00, real=0.05 secs] 
5075.025: [Full GC (Ergonomics) [PSYoungGen: 184214K->0K(465920K)] [ParOldGen: 1356284K->249724K(1398272K)] 1540498K->249724K(1864192K), [Metaspace: 59545K->59545K(1105920K)], 0.2983272 secs] [Times: user=1.37 sys=0.00, real=0.30 secs] 
5075.431: [GC (Allocation Failure) [PSYoungGen: 232960K->186199K(465920K)] 482684K->435923K(1864192K), 0.0857843 secs] [Times: user=0.45 sys=0.00, real=0.08 secs] 
5075.618: [GC (Allocation Failure) [PSYoungGen: 419159K->186741K(465920K)] 668883K->495633K(1864192K), 0.0561559 secs] [Times: user=0.27 sys=0.00, real=0.05 secs] 
5077.145: [GC (Allocation Failure) [PSYoungGen: 417990K->87994K(465920K)] 726883K->467303K(1864192K), 0.1043930 secs] [Times: user=0.57 sys=0.00, real=0.11 secs] 
5078.515: [GC (Allocation Failure) [PSYoungGen: 320954K->173461K(465920K)] 700263K->580718K(1864192K), 0.0539040 secs] [Times: user=0.24 sys=0.00, real=0.06 secs] 
5078.717: [GC (Allocation Failure) [PSYoungGen: 406421K->182197K(465920K)] 813678K->643659K(1864192K), 0.0429463 secs] [Times: user=0.19 sys=0.00, real=0.05 secs] 
5078.865: [GC (Allocation Failure) [PSYoungGen: 415157K->186965K(465920K)] 876619K->704002K(1864192K), 0.0452178 secs] [Times: user=0.21 sys=0.00, real=0.05 secs] 
5079.907: [GC (Allocation Failure) [PSYoungGen: 419925K->118542K(465920K)] 936962K->706044K(1864192K), 0.0463894 secs] [Times: user=0.24 sys=0.00, real=0.05 secs] 
5080.509: [GC (Allocation Failure) [PSYoungGen: 351502K->148289K(465920K)] 939004K->773399K(1864192K), 0.0720552 secs] [Times: user=0.37 sys=0.00, real=0.07 secs] 
5080.888: [GC (Allocation Failure) [PSYoungGen: 381249K->183669K(465920K)] 1006359K->855216K(1864192K), 0.0401461 secs] [Times: user=0.17 sys=0.01, real=0.04 secs] 
5081.038: [GC (Allocation Failure) [PSYoungGen: 416629K->185655K(465920K)] 1088176K->921297K(1864192K), 0.0497856 secs] [Times: user=0.23 sys=0.00, real=0.04 secs] 
5081.189: [GC (Allocation Failure) [PSYoungGen: 418615K->183348K(465920K)] 1154257K->977951K(1864192K), 0.0557094 secs] [Times: user=0.27 sys=0.00, real=0.05 secs] 
5082.460: [GC (Allocation Failure) [PSYoungGen: 416308K->91323K(465920K)] 1210911K->955245K(1864192K), 0.0613386 secs] [Times: user=0.33 sys=0.00, real=0.06 secs] 
5083.685: [GC (Allocation Failure) [PSYoungGen: 324283K->170836K(465920K)] 1188205K->1063694K(1864192K), 0.0549914 secs] [Times: user=0.24 sys=0.01, real=0.06 secs] 
5083.895: [GC (Allocation Failure) [PSYoungGen: 403796K->184630K(465920K)] 1296654K->1131315K(1864192K), 0.0430894 secs] [Times: user=0.20 sys=0.00, real=0.05 secs] 
5084.082: [GC (Allocation Failure) [PSYoungGen: 417590K->186965K(465920K)] 1364275K->1189483K(1864192K), 0.0671317 secs] [Times: user=0.33 sys=0.01, real=0.07 secs] 
5085.207: [GC (Allocation Failure) [PSYoungGen: 419925K->128784K(465920K)] 1422443K->1201798K(1864192K), 0.0483923 secs] [Times: user=0.24 sys=0.00, real=0.05 secs] 
5085.887: [GC (Allocation Failure) [PSYoungGen: 358660K->141473K(465920K)] 1431674K->1255251K(1864192K), 0.1375829 secs] [Times: user=0.76 sys=0.00, real=0.14 secs] 
5086.757: [GC (Allocation Failure) [PSYoungGen: 374433K->174036K(465920K)] 1488211K->1332395K(1864192K), 0.0553804 secs] [Times: user=0.26 sys=0.00, real=0.06 secs] 
5087.010: [GC (Allocation Failure) [PSYoungGen: 406996K->182710K(465920K)] 1565355K->1402161K(1864192K), 0.0713033 secs] [Times: user=0.36 sys=0.00, real=0.07 secs] 
5087.237: [GC (Allocation Failure) [PSYoungGen: 415670K->181236K(465920K)] 1635121K->1458479K(1864192K), 0.0811151 secs] [Times: user=0.42 sys=0.01, real=0.09 secs] 
5089.086: [GC (Allocation Failure) [PSYoungGen: 414196K->92475K(465920K)] 1691439K->1438350K(1864192K), 0.1201274 secs] [Times: user=0.66 sys=0.00, real=0.12 secs] 
5089.206: [Full GC (Ergonomics) [PSYoungGen: 92475K->0K(465920K)] [ParOldGen: 1345874K->93019K(1398272K)] 1438350K->93019K(1864192K), [Metaspace: 59545K->59545K(1105920K)], 0.1070899 secs] [Times: user=0.42 sys=0.00, real=0.11 secs] 
5090.407: [GC (Allocation Failure) [PSYoungGen: 232960K->170804K(465920K)] 325979K->263824K(1864192K), 0.0496532 secs] [Times: user=0.20 sys=0.00, real=0.05 secs] 
5090.679: [GC (Allocation Failure) [PSYoungGen: 403764K->181749K(465920K)] 496784K->327841K(1864192K), 0.0553335 secs] [Times: user=0.26 sys=0.00, real=0.05 secs] 
5090.898: [GC (Allocation Failure) [PSYoungGen: 414709K->187285K(465920K)] 560801K->388624K(1864192K), 0.0637900 secs] [Times: user=0.31 sys=0.00, real=0.06 secs] 
5091.895: [GC (Allocation Failure) [PSYoungGen: 420245K->149906K(465920K)] 621584K->421694K(1864192K), 0.0502747 secs] [Times: user=0.25 sys=0.00, real=0.05 secs] 
5092.531: [GC (Allocation Failure) [PSYoungGen: 382866K->126879K(465920K)] 654654K->446290K(1864192K), 0.1492068 secs] [Times: user=0.84 sys=0.00, real=0.15 secs] 
5093.664: [GC (Allocation Failure) [PSYoungGen: 359839K->169364K(459776K)] 679250K->529052K(1858048K), 0.0540282 secs] [Times: user=0.25 sys=0.00, real=0.06 secs] 
5093.849: [GC (Allocation Failure) [PSYoungGen: 402324K->185783K(462848K)] 762012K->613451K(1861120K), 0.0483118 secs] [Times: user=0.23 sys=0.00, real=0.05 secs] 
5094.033: [GC (Allocation Failure) [PSYoungGen: 418743K->186581K(465920K)] 846411K->673313K(1864192K), 0.0803753 secs] [Times: user=0.41 sys=0.00, real=0.08 secs] 
5095.161: [GC (Allocation Failure) [PSYoungGen: 419541K->96907K(465920K)] 906273K->654068K(1864192K), 0.0627746 secs] [Times: user=0.33 sys=0.00, real=0.06 secs] 
5095.787: [GC (Allocation Failure) [PSYoungGen: 329867K->171380K(465920K)] 887028K->759901K(1864192K), 0.0602237 secs] [Times: user=0.27 sys=0.01, real=0.06 secs] 
5096.061: [GC (Allocation Failure) [PSYoungGen: 404340K->184566K(465920K)] 992861K->827038K(1864192K), 0.0524140 secs] [Times: user=0.25 sys=0.00, real=0.05 secs] 
5096.244: [GC (Allocation Failure) [PSYoungGen: 417526K->232884K(465920K)] 1059998K->935534K(1864192K), 0.0678220 secs] [Times: user=0.32 sys=0.01, real=0.07 secs] 
5097.318: [GC (Allocation Failure) [PSYoungGen: 465844K->152819K(465920K)] 1168494K->926184K(1864192K), 0.0510158 secs] [Times: user=0.25 sys=0.01, real=0.05 secs] 
5097.788: [GC (Allocation Failure) [PSYoungGen: 385779K->115661K(465920K)] 1159144K->937339K(1864192K), 0.1137518 secs] [Times: user=0.57 sys=0.01, real=0.11 secs] 
5098.317: [GC (Allocation Failure) [PSYoungGen: 348621K->175796K(465920K)] 1170299K->1033847K(1864192K), 0.0475772 secs] [Times: user=0.22 sys=0.00, real=0.05 secs] 
5098.480: [GC (Allocation Failure) [PSYoungGen: 408756K->184823K(465920K)] 1266807K->1104821K(1864192K), 0.0503907 secs] [Times: user=0.24 sys=0.00, real=0.05 secs] 
5098.636: [GC (Allocation Failure) [PSYoungGen: 417783K->186709K(465920K)] 1337781K->1165251K(1864192K), 0.0597757 secs] [Times: user=0.29 sys=0.00, real=0.06 secs] 
5099.786: [GC (Allocation Failure) [PSYoungGen: 419669K->94331K(465920K)] 1398211K->1143529K(1864192K), 0.0513823 secs] [Times: user=0.28 sys=0.00, real=0.06 secs] 
5100.706: [GC (Allocation Failure) [PSYoungGen: 327291K->173237K(465920K)] 1376489K->1253315K(1864192K), 0.0608504 secs] [Times: user=0.27 sys=0.00, real=0.06 secs] 
5100.916: [GC (Allocation Failure) [PSYoungGen: 406197K->184470K(465920K)] 1486275K->1318580K(1864192K), 0.0436328 secs] [Times: user=0.20 sys=0.00, real=0.05 secs] 
5101.063: [GC (Allocation Failure) [PSYoungGen: 410049K->176726K(465920K)] 1544159K->1375156K(1864192K), 0.0492919 secs] [Times: user=0.23 sys=0.00, real=0.05 secs] 
5102.016: [GC (Allocation Failure) [PSYoungGen: 409686K->169587K(465920K)] 1608116K->1424217K(1864192K), 0.0568430 secs] [Times: user=0.29 sys=0.00, real=0.06 secs] 
5103.757: [GC (Allocation Failure) [PSYoungGen: 402547K->98923K(465920K)] 1657177K->1418377K(1864192K), 0.0912493 secs] [Times: user=0.50 sys=0.00, real=0.10 secs] 
5103.848: [Full GC (Ergonomics) [PSYoungGen: 98923K->0K(465920K)] [ParOldGen: 1319454K->115191K(1398272K)] 1418377K->115191K(1864192K), [Metaspace: 59545K->59545K(1105920K)], 0.1708966 secs] [Times: user=0.75 sys=0.00, real=0.17 secs] 
5104.767: [GC (Allocation Failure) [PSYoungGen: 232960K->176309K(465920K)] 348151K->291501K(1864192K), 0.0339401 secs] [Times: user=0.13 sys=0.00, real=0.04 secs] 
5105.001: [GC (Allocation Failure) [PSYoungGen: 409269K->184598K(465920K)] 524461K->354725K(1864192K), 0.0601991 secs] [Times: user=0.28 sys=0.00, real=0.06 secs] 
5105.185: [GC (Allocation Failure) [PSYoungGen: 417558K->186741K(465920K)] 587685K->412844K(1864192K), 0.0441143 secs] [Times: user=0.20 sys=0.00, real=0.05 secs] 
5106.186: [GC (Allocation Failure) [PSYoungGen: 419701K->100780K(465920K)] 645804K->397411K(1864192K), 0.0439759 secs] [Times: user=0.22 sys=0.00, real=0.05 secs] 
5107.079: [GC (Allocation Failure) [PSYoungGen: 333740K->166804K(465920K)] 630371K->495536K(1864192K), 0.1036223 secs] [Times: user=0.53 sys=0.00, real=0.10 secs] 
5107.384: [GC (Allocation Failure) [PSYoungGen: 399764K->181653K(465920K)] 728496K->562666K(1864192K), 0.0459302 secs] [Times: user=0.21 sys=0.00, real=0.05 secs] 
5107.538: [GC (Allocation Failure) [PSYoungGen: 414613K->185911K(465920K)] 795626K->630227K(1864192K), 0.0494377 secs] [Times: user=0.23 sys=0.00, real=0.05 secs] 
5107.786: [GC (Allocation Failure) [PSYoungGen: 418871K->200404K(465920K)] 863187K->703737K(1864192K), 0.0537269 secs] [Times: user=0.27 sys=0.00, real=0.06 secs] 
5108.960: [GC (Allocation Failure) [PSYoungGen: 433364K->92939K(465920K)] 936697K->665295K(1864192K), 0.0833252 secs] [Times: user=0.44 sys=0.00, real=0.08 secs] 
5109.456: [GC (Allocation Failure) [PSYoungGen: 325899K->182582K(465920K)] 898255K->784207K(1864192K), 0.0481687 secs] [Times: user=0.20 sys=0.00, real=0.05 secs] 
5109.688: [GC (Allocation Failure) [PSYoungGen: 415542K->181909K(465920K)] 1017167K->840523K(1864192K), 0.0642712 secs] [Times: user=0.31 sys=0.00, real=0.06 secs] 
5109.933: [GC (Allocation Failure) [PSYoungGen: 414869K->186485K(465920K)] 1073483K->900418K(1864192K), 0.0621268 secs] [Times: user=0.30 sys=0.00, real=0.06 secs] 
5111.053: [GC (Allocation Failure) [PSYoungGen: 419445K->100700K(465920K)] 1133378K->885129K(1864192K), 0.0446829 secs] [Times: user=0.24 sys=0.00, real=0.04 secs] 
5112.573: [GC (Allocation Failure) [PSYoungGen: 333660K->164179K(465920K)] 1118089K->981162K(1864192K), 0.1247364 secs] [Times: user=0.64 sys=0.00, real=0.13 secs] 
5112.903: [GC (Allocation Failure) [PSYoungGen: 397139K->182069K(465920K)] 1214122K->1050428K(1864192K), 0.0420945 secs] [Times: user=0.19 sys=0.00, real=0.04 secs] 
5113.056: [GC (Allocation Failure) [PSYoungGen: 415029K->184727K(465920K)] 1283388K->1116609K(1864192K), 0.0496973 secs] [Times: user=0.23 sys=0.00, real=0.05 secs] 
5113.209: [GC (Allocation Failure) [PSYoungGen: 417687K->185077K(465920K)] 1349569K->1175631K(1864192K), 0.0557154 secs] [Times: user=0.27 sys=0.00, real=0.05 secs] 
5114.370: [GC (Allocation Failure) [PSYoungGen: 418037K->92843K(465920K)] 1408591K->1153173K(1864192K), 0.0538932 secs] [Times: user=0.28 sys=0.01, real=0.05 secs] 
5115.319: [GC (Allocation Failure) [PSYoungGen: 325803K->175157K(465920K)] 1386133K->1264916K(1864192K), 0.0530669 secs] [Times: user=0.24 sys=0.00, real=0.05 secs] 
5115.552: [GC (Allocation Failure) [PSYoungGen: 408117K->184534K(465920K)] 1497876K->1329289K(1864192K), 0.0603716 secs] [Times: user=0.29 sys=0.00, real=0.06 secs] 
5115.725: [GC (Allocation Failure) [PSYoungGen: 417494K->186773K(465920K)] 1562249K->1387296K(1864192K), 0.0464287 secs] [Times: user=0.22 sys=0.00, real=0.05 secs] 
5116.849: [GC (Allocation Failure) [PSYoungGen: 419733K->105180K(465920K)] 1620256K->1376152K(1864192K), 0.0461707 secs] [Times: user=0.24 sys=0.00, real=0.04 secs] 
5117.217: [GC (Allocation Failure) [PSYoungGen: 338140K->165876K(465920K)] 1609112K->1471780K(1864192K), 0.1043054 secs] [Times: user=0.54 sys=0.00, real=0.11 secs] 
5117.644: [GC (Allocation Failure) [PSYoungGen: 398836K->181205K(465920K)] 1704740K->1538710K(1864192K), 0.0427992 secs] [Times: user=0.19 sys=0.00, real=0.04 secs] 
5117.686: [Full GC (Ergonomics) [PSYoungGen: 181205K->0K(465920K)] [ParOldGen: 1357504K->251039K(1398272K)] 1538710K->251039K(1864192K), [Metaspace: 59550K->59550K(1105920K)], 0.3167858 secs] [Times: user=1.47 sys=0.00, real=0.32 secs] 
5118.118: [GC (Allocation Failure) [PSYoungGen: 232960K->185623K(465920K)] 483999K->436663K(1864192K), 0.0860787 secs] [Times: user=0.45 sys=0.00, real=0.08 secs] 
5118.551: [GC (Allocation Failure) [PSYoungGen: 418583K->183060K(465920K)] 669623K->493060K(1864192K), 0.0898412 secs] [Times: user=0.47 sys=0.00, real=0.09 secs] 
5120.182: [GC (Allocation Failure) [PSYoungGen: 416020K->85018K(465920K)] 726020K->464402K(1864192K), 0.0974162 secs] [Times: user=0.53 sys=0.00, real=0.10 secs] 
5121.032: [GC (Allocation Failure) [PSYoungGen: 317978K->180117K(465920K)] 697362K->586266K(1864192K), 0.0490515 secs] [Times: user=0.22 sys=0.00, real=0.05 secs] 
5121.215: [GC (Allocation Failure) [PSYoungGen: 413077K->185046K(465920K)] 819226K->647231K(1864192K), 0.0427693 secs] [Times: user=0.20 sys=0.00, real=0.05 secs] 
5121.360: [GC (Allocation Failure) [PSYoungGen: 418006K->184372K(465920K)] 880191K->702549K(1864192K), 0.0446708 secs] [Times: user=0.21 sys=0.00, real=0.04 secs] 
5122.398: [GC (Allocation Failure) [PSYoungGen: 417332K->113197K(465920K)] 935509K->700966K(1864192K), 0.0456154 secs] [Times: user=0.23 sys=0.00, real=0.04 secs] 
5123.316: [GC (Allocation Failure) [PSYoungGen: 346157K->155218K(465920K)] 933926K->780272K(1864192K), 0.1006145 secs] [Times: user=0.52 sys=0.01, real=0.10 secs] 
5123.629: [GC (Allocation Failure) [PSYoungGen: 388178K->183317K(465920K)] 1013232K->856315K(1864192K), 0.0408682 secs] [Times: user=0.18 sys=0.00, real=0.04 secs] 
5123.802: [GC (Allocation Failure) [PSYoungGen: 416277K->185751K(465920K)] 1089275K->922533K(1864192K), 0.0549837 secs] [Times: user=0.26 sys=0.00, real=0.05 secs] 
5123.979: [GC (Allocation Failure) [PSYoungGen: 418711K->186549K(465920K)] 1155493K->982403K(1864192K), 0.0567879 secs] [Times: user=0.28 sys=0.00, real=0.05 secs] 
5125.321: [GC (GCLocker Initiated GC) [PSYoungGen: 419509K->84250K(465920K)] 1215363K->950568K(1864192K), 0.0785689 secs] [Times: user=0.42 sys=0.00, real=0.08 secs] 
5126.167: [GC (Allocation Failure) [PSYoungGen: 317210K->177493K(465920K)] 1183531K->1070675K(1864192K), 0.0605823 secs] [Times: user=0.27 sys=0.00, real=0.07 secs] 
5126.387: [GC (Allocation Failure) [PSYoungGen: 410453K->181909K(465920K)] 1303635K->1130483K(1864192K), 0.0434240 secs] [Times: user=0.20 sys=0.00, real=0.05 secs] 
5126.536: [GC (Allocation Failure) [PSYoungGen: 414869K->186773K(465920K)] 1363443K->1190563K(1864192K), 0.0455621 secs] [Times: user=0.22 sys=0.00, real=0.05 secs] 
5127.638: [GC (Allocation Failure) [PSYoungGen: 419733K->121071K(465920K)] 1423523K->1195389K(1864192K), 0.0473543 secs] [Times: user=0.24 sys=0.00, real=0.04 secs] 
5129.753: [GC (Allocation Failure) [PSYoungGen: 354031K->147569K(465920K)] 1428349K->1260215K(1864192K), 0.1530753 secs] [Times: user=0.83 sys=0.00, real=0.15 secs] 
5130.570: [GC (GCLocker Initiated GC) [PSYoungGen: 380529K->179669K(465920K)] 1493175K->1337532K(1864192K), 0.0542888 secs] [Times: user=0.26 sys=0.00, real=0.05 secs] 
5130.794: [GC (Allocation Failure) [PSYoungGen: 412629K->183702K(465920K)] 1570531K->1403997K(1864192K), 0.0722840 secs] [Times: user=0.36 sys=0.00, real=0.07 secs] 
5130.983: [GC (Allocation Failure) [PSYoungGen: 416662K->186549K(465920K)] 1636957K->1465331K(1864192K), 0.0575644 secs] [Times: user=0.29 sys=0.01, real=0.06 secs] 
5132.280: [GC (Allocation Failure) [PSYoungGen: 419509K->88778K(465920K)] 1698291K->1437952K(1864192K), 0.0665698 secs] [Times: user=0.36 sys=0.00, real=0.06 secs] 
5132.347: [Full GC (Ergonomics) [PSYoungGen: 88778K->0K(465920K)] [ParOldGen: 1349174K->93245K(1398272K)] 1437952K->93245K(1864192K), [Metaspace: 59587K->59587K(1105920K)], 0.0947072 secs] [Times: user=0.37 sys=0.00, real=0.10 secs] 
5133.229: [GC (Allocation Failure) [PSYoungGen: 232960K->173428K(465920K)] 326205K->266674K(1864192K), 0.0438575 secs] [Times: user=0.17 sys=0.00, real=0.04 secs] 
5133.498: [GC (Allocation Failure) [PSYoungGen: 406388K->184470K(465920K)] 499634K->332223K(1864192K), 0.0568186 secs] [Times: user=0.27 sys=0.00, real=0.05 secs] 
5133.670: [GC (Allocation Failure) [PSYoungGen: 417430K->187221K(465920K)] 565183K->390847K(1864192K), 0.0447148 secs] [Times: user=0.21 sys=0.00, real=0.04 secs] 
5134.688: [GC (Allocation Failure) [PSYoungGen: 420181K->136016K(465920K)] 623807K->410394K(1864192K), 0.0482420 secs] [Times: user=0.24 sys=0.00, real=0.04 secs] 
5135.546: [GC (GCLocker Initiated GC) [PSYoungGen: 368976K->133664K(465920K)] 643355K->451218K(1864192K), 0.1633364 secs] [Times: user=0.91 sys=0.00, real=0.17 secs] 
5136.346: [GC (Allocation Failure) [PSYoungGen: 366624K->172916K(465920K)] 684217K->533122K(1864192K), 0.0554823 secs] [Times: user=0.26 sys=0.00, real=0.06 secs] 
5136.532: [GC (Allocation Failure) [PSYoungGen: 405876K->185527K(465920K)] 766082K->606789K(1864192K), 0.0485797 secs] [Times: user=0.22 sys=0.00, real=0.05 secs] 
5136.721: [GC (Allocation Failure) [PSYoungGen: 418487K->186613K(465920K)] 839749K->666731K(1864192K), 0.0818277 secs] [Times: user=0.42 sys=0.00, real=0.08 secs] 
5137.928: [GC (Allocation Failure) [PSYoungGen: 419573K->97019K(465920K)] 899691K->647613K(1864192K), 0.0579880 secs] [Times: user=0.31 sys=0.00, real=0.05 secs] 
5138.608: [GC (Allocation Failure) [PSYoungGen: 329979K->172020K(465920K)] 880573K->754211K(1864192K), 0.0547536 secs] [Times: user=0.24 sys=0.00, real=0.05 secs] 
5138.878: [GC (Allocation Failure) [PSYoungGen: 404980K->192726K(465920K)] 987171K->828977K(1864192K), 0.0671402 secs] [Times: user=0.29 sys=0.00, real=0.06 secs] 
5139.094: [GC (Allocation Failure) [PSYoungGen: 425686K->186773K(465920K)] 1061937K->879040K(1864192K), 0.0672529 secs] [Times: user=0.33 sys=0.00, real=0.07 secs] 
5140.110: [GC (Allocation Failure) [PSYoungGen: 419733K->143633K(465920K)] 1112000K->906132K(1864192K), 0.0500700 secs] [Times: user=0.25 sys=0.00, real=0.05 secs] 
5140.646: [GC (Allocation Failure) [PSYoungGen: 376593K->127327K(465920K)] 1139092K->935378K(1864192K), 0.1700764 secs] [Times: user=0.95 sys=0.00, real=0.17 secs] 
5141.109: [GC (Allocation Failure) [PSYoungGen: 360287K->177973K(465920K)] 1168338K->1026021K(1864192K), 0.0520955 secs] [Times: user=0.24 sys=0.00, real=0.05 secs] 
5141.321: [GC (Allocation Failure) [PSYoungGen: 410933K->185591K(465920K)] 1258981K->1096015K(1864192K), 0.0493887 secs] [Times: user=0.23 sys=0.00, real=0.05 secs] 
5141.475: [GC (Allocation Failure) [PSYoungGen: 418551K->183668K(465920K)] 1328975K->1153012K(1864192K), 0.0584658 secs] [Times: user=0.29 sys=0.00, real=0.06 secs] 
5142.536: [GC (Allocation Failure) [PSYoungGen: 416628K->92475K(465920K)] 1385972K->1131091K(1864192K), 0.0442204 secs] [Times: user=0.23 sys=0.00, real=0.05 secs] 
5143.546: [GC (Allocation Failure) [PSYoungGen: 325435K->174901K(465920K)] 1364051K->1243025K(1864192K), 0.0603779 secs] [Times: user=0.26 sys=0.00, real=0.06 secs] 
5143.766: [GC (Allocation Failure) [PSYoungGen: 407861K->184758K(465920K)] 1475985K->1307858K(1864192K), 0.0451107 secs] [Times: user=0.20 sys=0.00, real=0.05 secs] 
5143.914: [GC (Allocation Failure) [PSYoungGen: 417718K->184821K(465920K)] 1540818K->1364145K(1864192K), 0.0475976 secs] [Times: user=0.23 sys=0.00, real=0.05 secs] 
5144.928: [GC (Allocation Failure) [PSYoungGen: 417781K->150866K(465920K)] 1597105K->1399847K(1864192K), 0.0526855 secs] [Times: user=0.26 sys=0.00, real=0.05 secs] 
5145.926: [GC (Allocation Failure) [PSYoungGen: 383826K->118590K(465920K)] 1632807K->1415354K(1864192K), 0.1676950 secs] [Times: user=0.95 sys=0.00, real=0.17 secs] 
5146.553: [GC (Allocation Failure) [PSYoungGen: 351550K->178357K(465920K)] 1648314K->1512938K(1864192K), 0.0405366 secs] [Times: user=0.18 sys=0.00, real=0.04 secs] 
5146.594: [Full GC (Ergonomics) [PSYoungGen: 178357K->0K(465920K)] [ParOldGen: 1334581K->232182K(1398272K)] 1512938K->232182K(1864192K), [Metaspace: 59587K->59587K(1105920K)], 0.2712067 secs] [Times: user=1.25 sys=0.00, real=0.27 secs] 
5146.973: [GC (Allocation Failure) [PSYoungGen: 232960K->182806K(465920K)] 465142K->414989K(1864192K), 0.0767216 secs] [Times: user=0.40 sys=0.00, real=0.08 secs] 
5147.164: [GC (Allocation Failure) [PSYoungGen: 415766K->186869K(465920K)] 647949K->477412K(1864192K), 0.0576716 secs] [Times: user=0.28 sys=0.00, real=0.06 secs] 
5148.222: [GC (Allocation Failure) [PSYoungGen: 419829K->96603K(465920K)] 710372K->457602K(1864192K), 0.0451614 secs] [Times: user=0.24 sys=0.00, real=0.04 secs] 
5149.222: [GC (Allocation Failure) [PSYoungGen: 329450K->170228K(465920K)] 690449K->562128K(1864192K), 0.0576439 secs] [Times: user=0.27 sys=0.00, real=0.06 secs] 
5149.432: [GC (Allocation Failure) [PSYoungGen: 403188K->181621K(465920K)] 795088K->626593K(1864192K), 0.0429770 secs] [Times: user=0.20 sys=0.00, real=0.04 secs] 
5149.618: [GC (Allocation Failure) [PSYoungGen: 406396K->178070K(465920K)] 851368K->686330K(1864192K), 0.0747066 secs] [Times: user=0.38 sys=0.00, real=0.07 secs] 
5150.650: [GC (Allocation Failure) [PSYoungGen: 411030K->168659K(401920K)] 919290K->733538K(1800192K), 0.0558805 secs] [Times: user=0.28 sys=0.00, real=0.05 secs] 
5151.360: [GC (Allocation Failure) [PSYoungGen: 401619K->101580K(463872K)] 966498K->730996K(1862144K), 0.0910360 secs] [Times: user=0.49 sys=0.00, real=0.09 secs] 
5152.320: [GC (Allocation Failure) [PSYoungGen: 333516K->178197K(464896K)] 962932K->839966K(1863168K), 0.0532175 secs] [Times: user=0.24 sys=0.00, real=0.05 secs] 
5152.512: [GC (Allocation Failure) [PSYoungGen: 410133K->183797K(465920K)] 1071902K->900990K(1864192K), 0.0428649 secs] [Times: user=0.19 sys=0.00, real=0.04 secs] 
5152.699: [GC (Allocation Failure) [PSYoungGen: 416757K->186901K(465920K)] 1133950K->959654K(1864192K), 0.0657701 secs] [Times: user=0.32 sys=0.00, real=0.06 secs] 
5153.802: [GC (Allocation Failure) [PSYoungGen: 419861K->100236K(465920K)] 1192614K->943665K(1864192K), 0.0448738 secs] [Times: user=0.23 sys=0.00, real=0.04 secs] 
5155.121: [GC (Allocation Failure) [PSYoungGen: 333196K->163891K(465920K)] 1176625K->1039365K(1864192K), 0.1030745 secs] [Times: user=0.52 sys=0.01, real=0.10 secs] 
5155.411: [GC (Allocation Failure) [PSYoungGen: 396851K->184662K(465920K)] 1272325K->1111851K(1864192K), 0.0425061 secs] [Times: user=0.19 sys=0.00, real=0.04 secs] 
5155.566: [GC (Allocation Failure) [PSYoungGen: 417622K->186007K(465920K)] 1344811K->1177429K(1864192K), 0.0503321 secs] [Times: user=0.24 sys=0.00, real=0.05 secs] 
5155.927: [GC (Allocation Failure) [PSYoungGen: 418031K->214484K(465920K)] 1409453K->1264874K(1864192K), 0.0556035 secs] [Times: user=0.27 sys=0.00, real=0.06 secs] 
5157.398: [GC (Allocation Failure) [PSYoungGen: 447444K->90762K(465920K)] 1497834K->1209508K(1864192K), 0.1155814 secs] [Times: user=0.62 sys=0.01, real=0.11 secs] 
5158.010: [GC (Allocation Failure) [PSYoungGen: 323722K->179925K(465920K)] 1442468K->1327616K(1864192K), 0.0497615 secs] [Times: user=0.22 sys=0.00, real=0.05 secs] 
5158.189: [GC (Allocation Failure) [PSYoungGen: 412885K->182901K(465920K)] 1560576K->1386664K(1864192K), 0.0441162 secs] [Times: user=0.20 sys=0.01, real=0.04 secs] 
5158.339: [GC (Allocation Failure) [PSYoungGen: 415861K->186709K(465920K)] 1619624K->1445880K(1864192K), 0.0459693 secs] [Times: user=0.21 sys=0.00, real=0.04 secs] 
5159.441: [GC (Allocation Failure) [PSYoungGen: 419669K->100764K(465920K)] 1678840K->1430199K(1864192K), 0.0458083 secs] [Times: user=0.24 sys=0.00, real=0.04 secs] 
5159.487: [Full GC (Ergonomics) [PSYoungGen: 100764K->0K(465920K)] [ParOldGen: 1329434K->87343K(1398272K)] 1430199K->87343K(1864192K), [Metaspace: 59587K->59587K(1105920K)], 0.0328728 secs] [Times: user=0.09 sys=0.00, real=0.04 secs] 
5160.348: [GC (Allocation Failure) [PSYoungGen: 232960K->162419K(465920K)] 320303K->249762K(1864192K), 0.0673399 secs] [Times: user=0.27 sys=0.00, real=0.06 secs] 
5160.672: [GC (Allocation Failure) [PSYoungGen: 395379K->189685K(465920K)] 482722K->327568K(1864192K), 0.0482306 secs] [Times: user=0.23 sys=0.00, real=0.05 secs] 
5160.869: [GC (Allocation Failure) [PSYoungGen: 422645K->185495K(465920K)] 560528K->386970K(1864192K), 0.0769386 secs] [Times: user=0.38 sys=0.00, real=0.07 secs] 
5161.167: [GC (Allocation Failure) [PSYoungGen: 418455K->183444K(465920K)] 619930K->443800K(1864192K), 0.0765195 secs] [Times: user=0.39 sys=0.01, real=0.08 secs] 
5162.323: [GC (Allocation Failure) [PSYoungGen: 416404K->94299K(465920K)] 676760K->423942K(1864192K), 0.0525526 secs] [Times: user=0.27 sys=0.00, real=0.05 secs] 
5163.000: [GC (Allocation Failure) [PSYoungGen: 327259K->178549K(465920K)] 656902K->537789K(1864192K), 0.0546652 secs] [Times: user=0.24 sys=0.00, real=0.05 secs] 
5163.212: [GC (Allocation Failure) [PSYoungGen: 411509K->184566K(465920K)] 770749K->599482K(1864192K), 0.0435474 secs] [Times: user=0.19 sys=0.00, real=0.04 secs] 
5163.381: [GC (Allocation Failure) [PSYoungGen: 417526K->186485K(465920K)] 832442K->657377K(1864192K), 0.0500358 secs] [Times: user=0.24 sys=0.00, real=0.05 secs] 
5164.461: [GC (Allocation Failure) [PSYoungGen: 419445K->105932K(465920K)] 890337K->647121K(1864192K), 0.0453564 secs] [Times: user=0.23 sys=0.00, real=0.04 secs] 
5165.811: [GC (Allocation Failure) [PSYoungGen: 338892K->157554K(465920K)] 880081K->733020K(1864192K), 0.1044063 secs] [Times: user=0.54 sys=0.00, real=0.10 secs] 
5166.166: [GC (Allocation Failure) [PSYoungGen: 390514K->184438K(465920K)] 965980K->809179K(1864192K), 0.0454877 secs] [Times: user=0.21 sys=0.00, real=0.05 secs] 
5166.319: [GC (Allocation Failure) [PSYoungGen: 417398K->186295K(465920K)] 1042139K->875024K(1864192K), 0.0506170 secs] [Times: user=0.24 sys=0.00, real=0.05 secs] 
5166.471: [GC (Allocation Failure) [PSYoungGen: 419151K->186485K(465920K)] 1107881K->934342K(1864192K), 0.0566390 secs] [Times: user=0.28 sys=0.00, real=0.06 secs] 
5167.674: [GC (Allocation Failure) [PSYoungGen: 419445K->88602K(465920K)] 1167302K->906891K(1864192K), 0.0419127 secs] [Times: user=0.22 sys=0.00, real=0.04 secs] 
5168.999: [GC (Allocation Failure) [PSYoungGen: 321562K->173493K(465920K)] 1139851K->1019331K(1864192K), 0.0542203 secs] [Times: user=0.24 sys=0.00, real=0.05 secs] 
5169.202: [GC (Allocation Failure) [PSYoungGen: 406453K->184470K(465920K)] 1252291K->1084868K(1864192K), 0.0436565 secs] [Times: user=0.20 sys=0.00, real=0.04 secs] 
5169.352: [GC (Allocation Failure) [PSYoungGen: 417430K->187125K(465920K)] 1317828K->1143395K(1864192K), 0.0463328 secs] [Times: user=0.21 sys=0.00, real=0.05 secs] 
5170.441: [GC (Allocation Failure) [PSYoungGen: 420085K->115566K(465920K)] 1376355K->1142468K(1864192K), 0.0477184 secs] [Times: user=0.25 sys=0.00, real=0.05 secs] 
5171.277: [GC (Allocation Failure) [PSYoungGen: 348526K->152082K(465920K)] 1375428K->1216216K(1864192K), 0.1122056 secs] [Times: user=0.59 sys=0.00, real=0.12 secs] 
5171.688: [GC (Allocation Failure) [PSYoungGen: 385042K->181461K(465920K)] 1449176K->1293100K(1864192K), 0.0503047 secs] [Times: user=0.24 sys=0.00, real=0.05 secs] 
5171.881: [GC (Allocation Failure) [PSYoungGen: 414421K->185911K(465920K)] 1526060K->1360973K(1864192K), 0.0800818 secs] [Times: user=0.40 sys=0.00, real=0.08 secs] 
5172.084: [GC (Allocation Failure) [PSYoungGen: 418871K->186581K(465920K)] 1593933K->1420764K(1864192K), 0.0591919 secs] [Times: user=0.30 sys=0.00, real=0.06 secs] 
5173.437: [GC (GCLocker Initiated GC) [PSYoungGen: 419541K->92843K(465920K)] 1653724K->1397538K(1864192K), 0.0681781 secs] [Times: user=0.36 sys=0.00, real=0.07 secs] 
5174.417: [GC (Allocation Failure) [PSYoungGen: 325803K->173076K(465920K)] 1630501K->1507332K(1864192K), 0.0569734 secs] [Times: user=0.26 sys=0.00, real=0.06 secs] 
5174.474: [Full GC (Ergonomics) [PSYoungGen: 173076K->0K(465920K)] [ParOldGen: 1334255K->211368K(1398272K)] 1507332K->211368K(1864192K), [Metaspace: 59587K->59587K(1105920K)], 0.2676253 secs] [Times: user=1.26 sys=0.01, real=0.27 secs] 
5174.860: [GC (GCLocker Initiated GC) [PSYoungGen: 232960K->182005K(465920K)] 444330K->393376K(1864192K), 0.0262085 secs] [Times: user=0.09 sys=0.00, real=0.02 secs] 
5174.990: [GC (Allocation Failure) [PSYoungGen: 414965K->202709K(465920K)] 626502K->469557K(1864192K), 0.0444453 secs] [Times: user=0.20 sys=0.00, real=0.04 secs] 
5176.006: [GC (Allocation Failure) [PSYoungGen: 435669K->122959K(465920K)] 702517K->459871K(1864192K), 0.0464472 secs] [Times: user=0.23 sys=0.00, real=0.05 secs] 
5176.895: [GC (Allocation Failure) [PSYoungGen: 352632K->141937K(465920K)] 689544K->517825K(1864192K), 0.1291441 secs] [Times: user=0.70 sys=0.00, real=0.13 secs] 
5177.356: [GC (Allocation Failure) [PSYoungGen: 374897K->178517K(465920K)] 750785K->599322K(1864192K), 0.0396647 secs] [Times: user=0.17 sys=0.00, real=0.04 secs] 
5177.503: [GC (Allocation Failure) [PSYoungGen: 411477K->185943K(465920K)] 832282K->669040K(1864192K), 0.0489111 secs] [Times: user=0.22 sys=0.00, real=0.05 secs] 
5177.676: [GC (Allocation Failure) [PSYoungGen: 418903K->186677K(465920K)] 902000K->728638K(1864192K), 0.0607913 secs] [Times: user=0.30 sys=0.00, real=0.06 secs] 
5178.994: [GC (Allocation Failure) [PSYoungGen: 419637K->91467K(465920K)] 961598K->704052K(1864192K), 0.0748907 secs] [Times: user=0.40 sys=0.00, real=0.08 secs] 
5180.164: [GC (Allocation Failure) [PSYoungGen: 324427K->170324K(465920K)] 937012K->812358K(1864192K), 0.0580214 secs] [Times: user=0.26 sys=0.00, real=0.06 secs] 
5180.385: [GC (Allocation Failure) [PSYoungGen: 403284K->184502K(465920K)] 1045318K->879968K(1864192K), 0.0426245 secs] [Times: user=0.18 sys=0.00, real=0.05 secs] 
5180.575: [GC (Allocation Failure) [PSYoungGen: 417462K->186869K(465920K)] 1112928K->938431K(1864192K), 0.0690720 secs] [Times: user=0.35 sys=0.00, real=0.07 secs] 
5181.665: [GC (Allocation Failure) [PSYoungGen: 419829K->135632K(465920K)] 1171391K->957595K(1864192K), 0.0493183 secs] [Times: user=0.24 sys=0.00, real=0.05 secs] 
5182.580: [GC (GCLocker Initiated GC) [PSYoungGen: 368592K->133648K(465920K)] 1190555K->998506K(1864192K), 0.1255137 secs] [Times: user=0.69 sys=0.00, real=0.12 secs] 
5182.884: [GC (GCLocker Initiated GC) [PSYoungGen: 366608K->177013K(465920K)] 1231468K->1084786K(1864192K), 0.0385364 secs] [Times: user=0.17 sys=0.00, real=0.04 secs] 
5183.030: [GC (Allocation Failure) [PSYoungGen: 409973K->182710K(465920K)] 1317749K->1152471K(1864192K), 0.0487463 secs] [Times: user=0.23 sys=0.00, real=0.05 secs] 
5183.184: [GC (Allocation Failure) [PSYoungGen: 415670K->186709K(465920K)] 1385431K->1214694K(1864192K), 0.0558407 secs] [Times: user=0.27 sys=0.00, real=0.06 secs] 
5184.280: [GC (Allocation Failure) [PSYoungGen: 419669K->93691K(465920K)] 1447654K->1192132K(1864192K), 0.0448962 secs] [Times: user=0.23 sys=0.00, real=0.04 secs] 
5185.279: [GC (Allocation Failure) [PSYoungGen: 326651K->170100K(465920K)] 1425092K->1298274K(1864192K), 0.0635994 secs] [Times: user=0.28 sys=0.00, real=0.06 secs] 
5185.562: [GC (Allocation Failure) [PSYoungGen: 403060K->184310K(465920K)] 1531234K->1365983K(1864192K), 0.0529242 secs] [Times: user=0.25 sys=0.00, real=0.05 secs] 
5185.718: [GC (Allocation Failure) [PSYoungGen: 417270K->187413K(465920K)] 1598943K->1424911K(1864192K), 0.0457717 secs] [Times: user=0.21 sys=0.00, real=0.04 secs] 
5186.732: [GC (Allocation Failure) [PSYoungGen: 420373K->146386K(465920K)] 1657871K->1454563K(1864192K), 0.0512322 secs] [Times: user=0.26 sys=0.00, real=0.05 secs] 
5187.636: [GC (Allocation Failure) [PSYoungGen: 379346K->123742K(465920K)] 1687523K->1478288K(1864192K), 0.1667507 secs] [Times: user=0.93 sys=0.01, real=0.17 secs] 
5187.803: [Full GC (Ergonomics) [PSYoungGen: 123742K->0K(465920K)] [ParOldGen: 1354545K->139774K(1398272K)] 1478288K->139774K(1864192K), [Metaspace: 59587K->59587K(1105920K)], 0.1812714 secs] [Times: user=0.85 sys=0.00, real=0.18 secs] 
5188.584: [GC (Allocation Failure) [PSYoungGen: 232960K->177525K(465920K)] 372734K->317299K(1864192K), 0.0355196 secs] [Times: user=0.14 sys=0.00, real=0.04 secs] 
5188.800: [GC (Allocation Failure) [PSYoungGen: 410485K->185335K(465920K)] 550259K->387033K(1864192K), 0.0763658 secs] [Times: user=0.37 sys=0.00, real=0.07 secs] 
5189.061: [GC (Allocation Failure) [PSYoungGen: 418295K->232852K(465920K)] 619993K->496055K(1864192K), 0.0753871 secs] [Times: user=0.38 sys=0.01, real=0.07 secs] 
5190.180: [GC (Allocation Failure) [PSYoungGen: 465812K->94811K(465920K)] 729015K->428502K(1864192K), 0.0539739 secs] [Times: user=0.29 sys=0.00, real=0.05 secs] 
5191.852: [GC (Allocation Failure) [PSYoungGen: 327771K->167860K(465920K)] 661462K->531427K(1864192K), 0.0637880 secs] [Times: user=0.28 sys=0.00, real=0.06 secs] 
5192.106: [GC (Allocation Failure) [PSYoungGen: 400820K->184502K(465920K)] 764387K->600789K(1864192K), 0.0418412 secs] [Times: user=0.19 sys=0.00, real=0.05 secs] 
5192.285: [GC (Allocation Failure) [PSYoungGen: 403543K->173909K(465920K)] 819830K->654301K(1864192K), 0.0675848 secs] [Times: user=0.33 sys=0.00, real=0.07 secs] 
5193.245: [GC (Allocation Failure) [PSYoungGen: 406869K->168307K(465920K)] 887261K->703970K(1864192K), 0.0557917 secs] [Times: user=0.28 sys=0.00, real=0.06 secs] 
5194.108: [GC (Allocation Failure) [PSYoungGen: 401267K->101644K(465920K)] 936930K->701891K(1864192K), 0.0936450 secs] [Times: user=0.49 sys=0.01, real=0.09 secs] 
5195.088: [GC (Allocation Failure) [PSYoungGen: 334604K->179061K(465920K)] 934851K->811438K(1864192K), 0.0480507 secs] [Times: user=0.21 sys=0.01, real=0.04 secs] 
5195.257: [GC (Allocation Failure) [PSYoungGen: 412021K->184886K(465920K)] 1044398K->873314K(1864192K), 0.0462925 secs] [Times: user=0.21 sys=0.00, real=0.05 secs] 
5195.409: [GC (Allocation Failure) [PSYoungGen: 417846K->186901K(465920K)] 1106274K->931409K(1864192K), 0.0484921 secs] [Times: user=0.23 sys=0.00, real=0.05 secs] 
5196.483: [GC (Allocation Failure) [PSYoungGen: 419861K->99964K(465920K)] 1164369K->914928K(1864192K), 0.0470239 secs] [Times: user=0.24 sys=0.00, real=0.05 secs] 
5197.620: [GC (Allocation Failure) [PSYoungGen: 332924K->166644K(465920K)] 1147888K->1013613K(1864192K), 0.0790057 secs] [Times: user=0.39 sys=0.00, real=0.08 secs] 
5197.861: [GC (Allocation Failure) [PSYoungGen: 399604K->181717K(465920K)] 1246573K->1080999K(1864192K), 0.0421284 secs] [Times: user=0.19 sys=0.00, real=0.04 secs] 
5198.014: [GC (Allocation Failure) [PSYoungGen: 414677K->186039K(465920K)] 1313959K->1148840K(1864192K), 0.0500122 secs] [Times: user=0.24 sys=0.00, real=0.05 secs] 
5198.515: [GC (Allocation Failure) [PSYoungGen: 418999K->199156K(465920K)] 1381800K->1221034K(1864192K), 0.0547890 secs] [Times: user=0.27 sys=0.00, real=0.06 secs] 
5199.925: [GC (Allocation Failure) [PSYoungGen: 432116K->91802K(465920K)] 1453994K->1181372K(1864192K), 0.1121829 secs] [Times: user=0.62 sys=0.00, real=0.12 secs] 
5200.650: [GC (Allocation Failure) [PSYoungGen: 324762K->179957K(465920K)] 1414332K->1298932K(1864192K), 0.0560022 secs] [Times: user=0.24 sys=0.00, real=0.05 secs] 
5200.902: [GC (Allocation Failure) [PSYoungGen: 412917K->184310K(465920K)] 1531892K->1359340K(1864192K), 0.0593079 secs] [Times: user=0.28 sys=0.00, real=0.06 secs] 
5201.104: [GC (Allocation Failure) [PSYoungGen: 417270K->183700K(465920K)] 1592300K->1414443K(1864192K), 0.0649696 secs] [Times: user=0.32 sys=0.01, real=0.07 secs] 
5202.169: [GC (Allocation Failure) [PSYoungGen: 416660K->104492K(465920K)] 1647403K->1404739K(1864192K), 0.0461131 secs] [Times: user=0.23 sys=0.00, real=0.04 secs] 
5202.868: [GC (Allocation Failure) [PSYoungGen: 337452K->165587K(465920K)] 1637699K->1499231K(1864192K), 0.1206058 secs] [Times: user=0.62 sys=0.00, real=0.12 secs] 
5202.988: [Full GC (Ergonomics) [PSYoungGen: 165587K->0K(465920K)] [ParOldGen: 1333643K->185625K(1398272K)] 1499231K->185625K(1864192K), [Metaspace: 59587K->59587K(1105920K)], 0.2446065 secs] [Times: user=1.21 sys=0.00, real=0.24 secs] 
5203.345: [GC (Allocation Failure) [PSYoungGen: 232960K->184374K(465920K)] 418585K->369999K(1864192K), 0.0336758 secs] [Times: user=0.14 sys=0.01, real=0.04 secs] 
5203.492: [GC (Allocation Failure) [PSYoungGen: 417334K->185815K(465920K)] 602959K->435416K(1864192K), 0.0439422 secs] [Times: user=0.19 sys=0.00, real=0.04 secs] 
5203.651: [GC (Allocation Failure) [PSYoungGen: 418775K->201493K(465920K)] 668376K->510006K(1864192K), 0.0539354 secs] [Times: user=0.26 sys=0.00, real=0.05 secs] 
5205.081: [GC (Allocation Failure) [PSYoungGen: 434453K->85770K(465920K)] 742966K->464379K(1864192K), 0.0943141 secs] [Times: user=0.52 sys=0.00, real=0.09 secs] 
5205.666: [GC (Allocation Failure) [PSYoungGen: 318730K->179541K(465920K)] 697339K->585380K(1864192K), 0.0484320 secs] [Times: user=0.21 sys=0.00, real=0.05 secs] 
5205.903: [GC (Allocation Failure) [PSYoungGen: 412501K->184566K(465920K)] 818340K->646512K(1864192K), 0.0640515 secs] [Times: user=0.31 sys=0.00, real=0.06 secs] 
5206.136: [GC (Allocation Failure) [PSYoungGen: 417526K->183892K(465920K)] 879472K->701871K(1864192K), 0.0641865 secs] [Times: user=0.31 sys=0.00, real=0.07 secs] 
5207.253: [GC (Allocation Failure) [PSYoungGen: 416852K->105148K(465920K)] 934831K->692695K(1864192K), 0.0449517 secs] [Times: user=0.23 sys=0.00, real=0.05 secs] 
5207.911: [GC (Allocation Failure) [PSYoungGen: 338108K->164499K(465920K)] 925655K->786319K(1864192K), 0.0761095 secs] [Times: user=0.39 sys=0.00, real=0.08 secs] 
5208.152: [GC (Allocation Failure) [PSYoungGen: 397459K->184214K(465920K)] 1019279K->857501K(1864192K), 0.0422616 secs] [Times: user=0.19 sys=0.00, real=0.04 secs] 
5208.303: [GC (Allocation Failure) [PSYoungGen: 417174K->182774K(465920K)] 1090461K->920214K(1864192K), 0.0497879 secs] [Times: user=0.23 sys=0.00, real=0.05 secs] 
5208.460: [GC (Allocation Failure) [PSYoungGen: 415734K->186613K(465920K)] 1153174K->982292K(1864192K), 0.0558029 secs] [Times: user=0.27 sys=0.00, real=0.05 secs] 
5209.620: [GC (Allocation Failure) [PSYoungGen: 419573K->89962K(465920K)] 1215252K->955930K(1864192K), 0.0452413 secs] [Times: user=0.24 sys=0.00, real=0.04 secs] 
5210.243: [GC (Allocation Failure) [PSYoungGen: 322922K->178997K(465920K)] 1188890K->1073338K(1864192K), 0.0347632 secs] [Times: user=0.14 sys=0.00, real=0.04 secs] 
5210.385: [GC (GCLocker Initiated GC) [PSYoungGen: 411957K->182997K(465920K)] 1306298K->1133598K(1864192K), 0.0435218 secs] [Times: user=0.19 sys=0.00, real=0.05 secs] 
5210.534: [GC (Allocation Failure) [PSYoungGen: 415957K->186901K(465920K)] 1366561K->1192905K(1864192K), 0.0521066 secs] [Times: user=0.23 sys=0.00, real=0.05 secs] 
5211.583: [GC (Allocation Failure) [PSYoungGen: 419861K->106125K(465920K)] 1425865K->1182576K(1864192K), 0.0461502 secs] [Times: user=0.24 sys=0.00, real=0.05 secs] 
5212.180: [GC (Allocation Failure) [PSYoungGen: 339085K->157010K(465920K)] 1415536K->1268055K(1864192K), 0.0721403 secs] [Times: user=0.36 sys=0.00, real=0.07 secs] 
5212.565: [GC (Allocation Failure) [PSYoungGen: 389970K->184053K(465920K)] 1501015K->1344538K(1864192K), 0.0433244 secs] [Times: user=0.20 sys=0.00, real=0.05 secs] 
5212.752: [GC (Allocation Failure) [PSYoungGen: 416920K->185591K(465920K)] 1577405K->1410016K(1864192K), 0.0741595 secs] [Times: user=0.36 sys=0.00, real=0.07 secs] 
5212.952: [GC (Allocation Failure) [PSYoungGen: 418551K->186613K(465920K)] 1642976K->1469974K(1864192K), 0.0576039 secs] [Times: user=0.28 sys=0.00, real=0.06 secs] 
5214.349: [GC (Allocation Failure) [PSYoungGen: 419573K->88842K(465920K)] 1702934K->1442691K(1864192K), 0.0704195 secs] [Times: user=0.38 sys=0.00, real=0.07 secs] 
5214.419: [Full GC (Ergonomics) [PSYoungGen: 88842K->0K(465920K)] [ParOldGen: 1353849K->100534K(1398272K)] 1442691K->100534K(1864192K), [Metaspace: 59587K->59587K(1105920K)], 0.1162595 secs] [Times: user=0.50 sys=0.00, real=0.11 secs] 
5215.945: [GC (Allocation Failure) [PSYoungGen: 232960K->173428K(465920K)] 333494K->273963K(1864192K), 0.0487939 secs] [Times: user=0.21 sys=0.00, real=0.05 secs] 
5216.221: [GC (Allocation Failure) [PSYoungGen: 406388K->184726K(465920K)] 506923K->339808K(1864192K), 0.0538598 secs] [Times: user=0.25 sys=0.01, real=0.05 secs] 
5216.393: [GC (Allocation Failure) [PSYoungGen: 417686K->232884K(465920K)] 572768K->447000K(1864192K), 0.0460372 secs] [Times: user=0.21 sys=0.00, real=0.05 secs] 
5217.478: [GC (Allocation Failure) [PSYoungGen: 465844K->116926K(465920K)] 679960K->401497K(1864192K), 0.0461369 secs] [Times: user=0.23 sys=0.00, real=0.04 secs] 
5218.263: [GC (Allocation Failure) [PSYoungGen: 349886K->150962K(465920K)] 634457K->473022K(1864192K), 0.1188423 secs] [Times: user=0.64 sys=0.00, real=0.12 secs] 
5218.610: [GC (Allocation Failure) [PSYoungGen: 383922K->183957K(465920K)] 705982K->553446K(1864192K), 0.0398955 secs] [Times: user=0.17 sys=0.00, real=0.04 secs] 
5218.757: [GC (Allocation Failure) [PSYoungGen: 416917K->183382K(465920K)] 786406K->616967K(1864192K), 0.0486859 secs] [Times: user=0.23 sys=0.00, real=0.05 secs] 
5218.908: [GC (Allocation Failure) [PSYoungGen: 416342K->186773K(465920K)] 849927K->678729K(1864192K), 0.0557799 secs] [Times: user=0.27 sys=0.00, real=0.05 secs] 
5220.015: [GC (GCLocker Initiated GC) [PSYoungGen: 419733K->92283K(465920K)] 911690K->654744K(1864192K), 0.0427629 secs] [Times: user=0.22 sys=0.00, real=0.05 secs] 
5221.185: [GC (Allocation Failure) [PSYoungGen: 325243K->173781K(465920K)] 887870K->765637K(1864192K), 0.0653015 secs] [Times: user=0.28 sys=0.01, real=0.07 secs] 
5221.420: [GC (Allocation Failure) [PSYoungGen: 406741K->181653K(465920K)] 998597K->827485K(1864192K), 0.0456315 secs] [Times: user=0.21 sys=0.01, real=0.04 secs] 
5221.570: [GC (Allocation Failure) [PSYoungGen: 414613K->186965K(465920K)] 1060445K->888021K(1864192K), 0.0482040 secs] [Times: user=0.22 sys=0.00, real=0.05 secs] 
5222.643: [GC (Allocation Failure) [PSYoungGen: 419925K->123151K(465920K)] 1120981K->894711K(1864192K), 0.0508937 secs] [Times: user=0.26 sys=0.00, real=0.05 secs] 
5223.505: [GC (Allocation Failure) [PSYoungGen: 356111K->146193K(465920K)] 1127671K->956913K(1864192K), 0.1151068 secs] [Times: user=0.62 sys=0.00, real=0.12 secs] 
5223.938: [GC (Allocation Failure) [PSYoungGen: 379153K->180981K(465920K)] 1189873K->1037818K(1864192K), 0.0527453 secs] [Times: user=0.24 sys=0.01, real=0.05 secs] 
5224.157: [GC (Allocation Failure) [PSYoungGen: 413941K->185879K(465920K)] 1270778K->1106012K(1864192K), 0.0811925 secs] [Times: user=0.41 sys=0.00, real=0.09 secs] 
5224.355: [GC (Allocation Failure) [PSYoungGen: 418839K->186421K(465920K)] 1338972K->1165506K(1864192K), 0.0610985 secs] [Times: user=0.31 sys=0.00, real=0.06 secs] 
5225.543: [GC (Allocation Failure) [PSYoungGen: 419381K->93243K(465920K)] 1398466K->1142784K(1864192K), 0.0637926 secs] [Times: user=0.35 sys=0.00, real=0.06 secs] 
5226.629: [GC (GCLocker Initiated GC) [PSYoungGen: 326203K->168916K(465920K)] 1375744K->1248358K(1864192K), 0.0553894 secs] [Times: user=0.25 sys=0.00, real=0.05 secs] 
5226.885: [GC (Allocation Failure) [PSYoungGen: 401876K->184630K(465920K)] 1481321K->1316927K(1864192K), 0.0556574 secs] [Times: user=0.27 sys=0.00, real=0.06 secs] 
5227.052: [GC (Allocation Failure) [PSYoungGen: 417590K->186869K(465920K)] 1549887K->1374998K(1864192K), 0.0492035 secs] [Times: user=0.23 sys=0.00, real=0.05 secs] 
5228.090: [GC (Allocation Failure) [PSYoungGen: 419829K->129744K(465920K)] 1607958K->1388161K(1864192K), 0.0519888 secs] [Times: user=0.26 sys=0.00, real=0.05 secs] 
5228.731: [GC (Allocation Failure) [PSYoungGen: 362704K->140656K(465920K)] 1621121K->1440242K(1864192K), 0.1056055 secs] [Times: user=0.57 sys=0.00, real=0.10 secs] 
5229.496: [GC (Allocation Failure) [PSYoungGen: 373616K->172532K(465920K)] 1673202K->1517246K(1864192K), 0.0560019 secs] [Times: user=0.26 sys=0.00, real=0.06 secs] 
5229.552: [Full GC (Ergonomics) [PSYoungGen: 172532K->0K(465920K)] [ParOldGen: 1344713K->233705K(1398272K)] 1517246K->233705K(1864192K), [Metaspace: 59587K->59587K(1105920K)], 0.3003048 secs] [Times: user=1.40 sys=0.00, real=0.30 secs] 
5229.964: [GC (Allocation Failure) [PSYoungGen: 232960K->185495K(465920K)] 466665K->419201K(1864192K), 0.0853269 secs] [Times: user=0.44 sys=0.01, real=0.09 secs] 
5230.155: [GC (Allocation Failure) [PSYoungGen: 418455K->186837K(465920K)] 652161K->479255K(1864192K), 0.0575463 secs] [Times: user=0.29 sys=0.00, real=0.06 secs] 
5231.195: [GC (Allocation Failure) [PSYoungGen: 419797K->91723K(465920K)] 712215K->454668K(1864192K), 0.0425203 secs] [Times: user=0.22 sys=0.01, real=0.04 secs] 
5233.000: [GC (Allocation Failure) [PSYoungGen: 324683K->169588K(465920K)] 687628K->561459K(1864192K), 0.0538972 secs] [Times: user=0.24 sys=0.00, real=0.05 secs] 
5233.250: [GC (Allocation Failure) [PSYoungGen: 402548K->184854K(465920K)] 794419K->630008K(1864192K), 0.0458930 secs] [Times: user=0.21 sys=0.00, real=0.04 secs] 
5233.403: [GC (Allocation Failure) [PSYoungGen: 417814K->187125K(465920K)] 862968K->688360K(1864192K), 0.0463423 secs] [Times: user=0.21 sys=0.00, real=0.05 secs] 
5234.441: [GC (Allocation Failure) [PSYoungGen: 420085K->143313K(465920K)] 921320K->714964K(1864192K), 0.0510339 secs] [Times: user=0.26 sys=0.00, real=0.05 secs] 
5235.218: [GC (Allocation Failure) [PSYoungGen: 376273K->127679K(465920K)] 947924K->744706K(1864192K), 0.1423232 secs] [Times: user=0.79 sys=0.00, real=0.14 secs] 
5235.603: [GC (GCLocker Initiated GC) [PSYoungGen: 360639K->176341K(465920K)] 977667K->833977K(1864192K), 0.0378759 secs] [Times: user=0.17 sys=0.00, real=0.04 secs] 
5235.750: [GC (Allocation Failure) [PSYoungGen: 409301K->183478K(465920K)] 1067068K->902594K(1864192K), 0.0490606 secs] [Times: user=0.22 sys=0.00, real=0.05 secs] 
5235.949: [GC (Allocation Failure) [PSYoungGen: 416438K->186645K(465920K)] 1135554K->964072K(1864192K), 0.0823534 secs] [Times: user=0.42 sys=0.00, real=0.08 secs] 
5237.043: [GC (Allocation Failure) [PSYoungGen: 419605K->93867K(465920K)] 1197032K->941662K(1864192K), 0.0451633 secs] [Times: user=0.24 sys=0.00, real=0.05 secs] 
5238.031: [GC (Allocation Failure) [PSYoungGen: 326827K->172596K(465920K)] 1174622K->1050117K(1864192K), 0.0626755 secs] [Times: user=0.28 sys=0.01, real=0.06 secs] 
5238.309: [GC (Allocation Failure) [PSYoungGen: 405556K->184758K(465920K)] 1283077K->1116194K(1864192K), 0.0521641 secs] [Times: user=0.25 sys=0.00, real=0.05 secs] 
5238.463: [GC (Allocation Failure) [PSYoungGen: 417718K->187157K(465920K)] 1349154K->1174625K(1864192K), 0.0467752 secs] [Times: user=0.22 sys=0.00, real=0.05 secs] 
5239.449: [GC (Allocation Failure) [PSYoungGen: 420117K->148882K(465920K)] 1407585K->1206951K(1864192K), 0.0518258 secs] [Times: user=0.26 sys=0.00, real=0.05 secs] 
5240.794: [GC (Allocation Failure) [PSYoungGen: 381842K->115725K(465920K)] 1439911K->1220978K(1864192K), 0.1755695 secs] [Times: user=0.99 sys=0.00, real=0.18 secs] 
5241.817: [GC (Allocation Failure) [PSYoungGen: 348685K->177621K(465920K)] 1453938K->1319490K(1864192K), 0.0553727 secs] [Times: user=0.25 sys=0.00, real=0.06 secs] 
5242.005: [GC (Allocation Failure) [PSYoungGen: 410581K->185271K(465920K)] 1552450K->1389460K(1864192K), 0.0513901 secs] [Times: user=0.24 sys=0.00, real=0.05 secs] 
5242.158: [GC (Allocation Failure) [PSYoungGen: 418231K->186901K(465920K)] 1622420K->1449922K(1864192K), 0.0598835 secs] [Times: user=0.30 sys=0.00, real=0.06 secs] 
5243.219: [GC (GCLocker Initiated GC) [PSYoungGen: 419861K->93883K(465920K)] 1682882K->1427580K(1864192K), 0.0486047 secs] [Times: user=0.26 sys=0.00, real=0.05 secs] 
5243.268: [Full GC (Ergonomics) [PSYoungGen: 93883K->0K(465920K)] [ParOldGen: 1333697K->89908K(1398272K)] 1427580K->89908K(1864192K), [Metaspace: 59588K->59588K(1105920K)], 0.0492487 secs] [Times: user=0.16 sys=0.00, real=0.04 secs] 
5244.442: [GC (Allocation Failure) [PSYoungGen: 232960K->169428K(465920K)] 323035K->259503K(1864192K), 0.0412341 secs] [Times: user=0.16 sys=0.00, real=0.04 secs] 
5244.645: [GC (Allocation Failure) [PSYoungGen: 402388K->184790K(465920K)] 492463K->327781K(1864192K), 0.0418950 secs] [Times: user=0.18 sys=0.00, real=0.04 secs] 
5244.790: [GC (Allocation Failure) [PSYoungGen: 408519K->178966K(465920K)] 551511K->386253K(1864192K), 0.0479885 secs] [Times: user=0.22 sys=0.00, real=0.05 secs] 
5245.653: [GC (Allocation Failure) [PSYoungGen: 408183K->206643K(465920K)] 615470K->470738K(1864192K), 0.0526399 secs] [Times: user=0.26 sys=0.00, real=0.05 secs] 
5246.232: [GC (Allocation Failure) [PSYoungGen: 439603K->99323K(465920K)] 703698K->428251K(1864192K), 0.0606924 secs] [Times: user=0.32 sys=0.00, real=0.06 secs] 
5247.236: [GC (Allocation Failure) [PSYoungGen: 332283K->178005K(465920K)] 661211K->538273K(1864192K), 0.0508688 secs] [Times: user=0.22 sys=0.00, real=0.05 secs] 
5247.418: [GC (Allocation Failure) [PSYoungGen: 410965K->184726K(465920K)] 771233K->600630K(1864192K), 0.0425653 secs] [Times: user=0.19 sys=0.00, real=0.04 secs] 
5247.563: [GC (Allocation Failure) [PSYoungGen: 417686K->186965K(465920K)] 833590K->658869K(1864192K), 0.0445900 secs] [Times: user=0.21 sys=0.00, real=0.04 secs] 
5248.597: [GC (Allocation Failure) [PSYoungGen: 419925K->97707K(465920K)] 891829K->640156K(1864192K), 0.0434374 secs] [Times: user=0.23 sys=0.00, real=0.05 secs] 
5249.568: [GC (Allocation Failure) [PSYoungGen: 330667K->169300K(465920K)] 873116K->743657K(1864192K), 0.0742069 secs] [Times: user=0.36 sys=0.01, real=0.07 secs] 
5249.794: [GC (Allocation Failure) [PSYoungGen: 402260K->184374K(465920K)] 976617K->811299K(1864192K), 0.0425475 secs] [Times: user=0.19 sys=0.00, real=0.04 secs] 
5249.969: [GC (Allocation Failure) [PSYoungGen: 417334K->185655K(465920K)] 1044259K->876644K(1864192K), 0.0585599 secs] [Times: user=0.29 sys=0.00, real=0.06 secs] 
5250.416: [GC (Allocation Failure) [PSYoungGen: 417279K->213428K(465920K)] 1108268K->963521K(1864192K), 0.0552469 secs] [Times: user=0.28 sys=0.00, real=0.06 secs] 
5251.639: [GC (Allocation Failure) [PSYoungGen: 446388K->90362K(465920K)] 1196481K->908071K(1864192K), 0.1128297 secs] [Times: user=0.62 sys=0.00, real=0.11 secs] 
5252.366: [GC (Allocation Failure) [PSYoungGen: 323322K->181782K(465920K)] 1141031K->1028652K(1864192K), 0.0499127 secs] [Times: user=0.22 sys=0.00, real=0.05 secs] 
5252.579: [GC (Allocation Failure) [PSYoungGen: 414742K->184694K(465920K)] 1261612K->1087960K(1864192K), 0.0589865 secs] [Times: user=0.28 sys=0.00, real=0.06 secs] 
5252.778: [GC (Allocation Failure) [PSYoungGen: 417654K->183604K(465920K)] 1320920K->1143039K(1864192K), 0.0494540 secs] [Times: user=0.23 sys=0.00, real=0.05 secs] 
5253.815: [GC (Allocation Failure) [PSYoungGen: 416564K->100812K(465920K)] 1375999K->1129558K(1864192K), 0.0459499 secs] [Times: user=0.24 sys=0.00, real=0.05 secs] 
5254.387: [GC (Allocation Failure) [PSYoungGen: 333772K->168372K(465920K)] 1362518K->1230219K(1864192K), 0.0891776 secs] [Times: user=0.44 sys=0.00, real=0.09 secs] 
5254.635: [GC (GCLocker Initiated GC) [PSYoungGen: 401332K->180949K(465920K)] 1463179K->1295376K(1864192K), 0.0434281 secs] [Times: user=0.20 sys=0.00, real=0.05 secs] 
5254.811: [GC (Allocation Failure) [PSYoungGen: 413909K->185847K(465920K)] 1528339K->1363565K(1864192K), 0.0586539 secs] [Times: user=0.29 sys=0.00, real=0.06 secs] 
5255.003: [GC (Allocation Failure) [PSYoungGen: 418807K->186517K(465920K)] 1596525K->1423243K(1864192K), 0.0561937 secs] [Times: user=0.28 sys=0.00, real=0.06 secs] 
5256.568: [GC (Allocation Failure) [PSYoungGen: 419477K->85978K(465920K)] 1656203K->1392896K(1864192K), 0.1219931 secs] [Times: user=0.68 sys=0.00, real=0.12 secs] 
5257.216: [GC (Allocation Failure) [PSYoungGen: 318938K->182454K(465920K)] 1625856K->1516377K(1864192K), 0.0467602 secs] [Times: user=0.21 sys=0.00, real=0.05 secs] 
5257.263: [Full GC (Ergonomics) [PSYoungGen: 182454K->0K(465920K)] [ParOldGen: 1333922K->224945K(1398272K)] 1516377K->224945K(1864192K), [Metaspace: 59588K->59588K(1105920K)], 0.2599781 secs] [Times: user=1.19 sys=0.00, real=0.26 secs] 
5257.635: [GC (Allocation Failure) [PSYoungGen: 232960K->181717K(465920K)] 457905K->406663K(1864192K), 0.0262940 secs] [Times: user=0.09 sys=0.00, real=0.03 secs] 
5257.767: [GC (Allocation Failure) [PSYoungGen: 414677K->186677K(465920K)] 639623K->466919K(1864192K), 0.0450940 secs] [Times: user=0.21 sys=0.00, real=0.05 secs] 
5258.835: [GC (GCLocker Initiated GC) [PSYoungGen: 419637K->103676K(465920K)] 699879K->454263K(1864192K), 0.0450564 secs] [Times: user=0.23 sys=0.00, real=0.05 secs] 
5259.625: [GC (Allocation Failure) [PSYoungGen: 336636K->167635K(465920K)] 687354K->551874K(1864192K), 0.0873346 secs] [Times: user=0.44 sys=0.00, real=0.09 secs] 
5259.937: [GC (Allocation Failure) [PSYoungGen: 400595K->184502K(465920K)] 784834K->619652K(1864192K), 0.0415854 secs] [Times: user=0.18 sys=0.00, real=0.05 secs] 
5260.109: [GC (Allocation Failure) [PSYoungGen: 417462K->182710K(465920K)] 852612K->682053K(1864192K), 0.0672590 secs] [Times: user=0.33 sys=0.00, real=0.06 secs] 
5260.313: [GC (Allocation Failure) [PSYoungGen: 415670K->186901K(465920K)] 915013K->744459K(1864192K), 0.0556329 secs] [Times: user=0.27 sys=0.00, real=0.06 secs] 
5261.884: [GC (Allocation Failure) [PSYoungGen: 419861K->85530K(465920K)] 977419K->713688K(1864192K), 0.1038151 secs] [Times: user=0.57 sys=0.00, real=0.11 secs] 
5262.844: [GC (Allocation Failure) [PSYoungGen: 318490K->178389K(465920K)] 946648K->833712K(1864192K), 0.0530285 secs] [Times: user=0.24 sys=0.00, real=0.06 secs] 
5263.040: [GC (GCLocker Initiated GC) [PSYoungGen: 411349K->181365K(465920K)] 1066673K->892189K(1864192K), 0.0426778 secs] [Times: user=0.19 sys=0.01, real=0.04 secs] 
5263.189: [GC (Allocation Failure) [PSYoungGen: 414325K->186613K(465920K)] 1125443K->952795K(1864192K), 0.0455058 secs] [Times: user=0.20 sys=0.00, real=0.04 secs] 
5264.290: [GC (Allocation Failure) [PSYoungGen: 419573K->113117K(465920K)] 1185755K->949603K(1864192K), 0.0464811 secs] [Times: user=0.23 sys=0.01, real=0.04 secs] 
5266.079: [GC (Allocation Failure) [PSYoungGen: 346077K->149842K(465920K)] 1182563K->1022925K(1864192K), 0.1237474 secs] [Times: user=0.67 sys=0.00, real=0.12 secs] 
5266.456: [GC (Allocation Failure) [PSYoungGen: 382802K->184470K(465920K)] 1255885K->1104289K(1864192K), 0.0423124 secs] [Times: user=0.19 sys=0.00, real=0.05 secs] 
5266.605: [GC (Allocation Failure) [PSYoungGen: 417430K->186007K(465920K)] 1337249K->1170042K(1864192K), 0.0504996 secs] [Times: user=0.24 sys=0.00, real=0.05 secs] 
5266.757: [GC (Allocation Failure) [PSYoungGen: 418967K->186709K(465920K)] 1403002K->1229704K(1864192K), 0.0575098 secs] [Times: user=0.28 sys=0.00, real=0.06 secs] 
5268.134: [GC (Allocation Failure) [PSYoungGen: 419669K->90410K(465920K)] 1462664K->1203933K(1864192K), 0.0745930 secs] [Times: user=0.40 sys=0.01, real=0.08 secs] 
5269.285: [GC (Allocation Failure) [PSYoungGen: 323370K->173621K(465920K)] 1436893K->1315981K(1864192K), 0.0561737 secs] [Times: user=0.25 sys=0.00, real=0.06 secs] 
5269.494: [GC (Allocation Failure) [PSYoungGen: 406581K->184630K(465920K)] 1548941K->1380962K(1864192K), 0.0439476 secs] [Times: user=0.20 sys=0.00, real=0.05 secs] 
5269.642: [GC (Allocation Failure) [PSYoungGen: 417590K->186645K(465920K)] 1613922K->1439121K(1864192K), 0.0462175 secs] [Times: user=0.22 sys=0.00, real=0.05 secs] 
5270.650: [GC (Allocation Failure) [PSYoungGen: 419605K->118862K(465920K)] 1672081K->1441642K(1864192K), 0.0474729 secs] [Times: user=0.25 sys=0.00, real=0.05 secs] 
5270.698: [Full GC (Ergonomics) [PSYoungGen: 118862K->0K(465920K)] [ParOldGen: 1322780K->334366K(1398272K)] 1441642K->334366K(1864192K), [Metaspace: 59588K->59588K(1105920K)], 0.5787346 secs] [Times: user=2.53 sys=0.00, real=0.57 secs] 
5272.179: [GC (Allocation Failure) [PSYoungGen: 229039K->141937K(465920K)] 563405K->476303K(1864192K), 0.0596223 secs] [Times: user=0.24 sys=0.00, real=0.06 secs] 
5272.792: [GC (Allocation Failure) [PSYoungGen: 374897K->173140K(465920K)] 709263K->552955K(1864192K), 0.0559412 secs] [Times: user=0.26 sys=0.00, real=0.06 secs] 
5272.980: [GC (Allocation Failure) [PSYoungGen: 406100K->185559K(465920K)] 785915K->626454K(1864192K), 0.0480414 secs] [Times: user=0.22 sys=0.00, real=0.05 secs] 
5273.147: [GC (Allocation Failure) [PSYoungGen: 418519K->186581K(465920K)] 859414K->686252K(1864192K), 0.0631490 secs] [Times: user=0.32 sys=0.00, real=0.07 secs] 
5274.385: [GC (Allocation Failure) [PSYoungGen: 419541K->94235K(465920K)] 919212K->664314K(1864192K), 0.0663972 secs] [Times: user=0.35 sys=0.01, real=0.07 secs] 
5275.241: [GC (Allocation Failure) [PSYoungGen: 327195K->176117K(465920K)] 897274K->776573K(1864192K), 0.0552556 secs] [Times: user=0.25 sys=0.01, real=0.05 secs] 
5275.460: [GC (Allocation Failure) [PSYoungGen: 409077K->182165K(465920K)] 1009533K->837589K(1864192K), 0.0425423 secs] [Times: user=0.19 sys=0.00, real=0.04 secs] 
5275.607: [GC (Allocation Failure) [PSYoungGen: 415125K->186933K(465920K)] 1070549K->897685K(1864192K), 0.0450192 secs] [Times: user=0.21 sys=0.00, real=0.04 secs] 
5276.622: [GC (Allocation Failure) [PSYoungGen: 419893K->135376K(465920K)] 1130645K->916624K(1864192K), 0.0491352 secs] [Times: user=0.24 sys=0.00, real=0.05 secs] 
5277.049: [GC (Allocation Failure) [PSYoungGen: 368336K->138816K(465920K)] 1149584K->963136K(1864192K), 0.0779599 secs] [Times: user=0.41 sys=0.00, real=0.07 secs] 
5277.338: [GC (Allocation Failure) [PSYoungGen: 371776K->178261K(465920K)] 1196096K->1047062K(1864192K), 0.0385065 secs] [Times: user=0.17 sys=0.00, real=0.03 secs] 
5277.508: [GC (Allocation Failure) [PSYoungGen: 411221K->185111K(465920K)] 1280022K->1116348K(1864192K), 0.0553404 secs] [Times: user=0.27 sys=0.00, real=0.05 secs] 
5277.684: [GC (Allocation Failure) [PSYoungGen: 418071K->200148K(465920K)] 1349308K->1190161K(1864192K), 0.0562436 secs] [Times: user=0.28 sys=0.00, real=0.06 secs] 
5278.968: [GC (Allocation Failure) [PSYoungGen: 433108K->91018K(465920K)] 1423121K->1150464K(1864192K), 0.0668645 secs] [Times: user=0.36 sys=0.00, real=0.06 secs] 
5279.913: [GC (Allocation Failure) [PSYoungGen: 323978K->173397K(465920K)] 1383424K->1261686K(1864192K), 0.0544554 secs] [Times: user=0.24 sys=0.00, real=0.06 secs] 
5280.129: [GC (Allocation Failure) [PSYoungGen: 406357K->184054K(465920K)] 1494646K->1326843K(1864192K), 0.0439788 secs] [Times: user=0.20 sys=0.00, real=0.04 secs] 
5280.278: [GC (Allocation Failure) [PSYoungGen: 417014K->187029K(465920K)] 1559803K->1385555K(1864192K), 0.0461141 secs] [Times: user=0.22 sys=0.00, real=0.04 secs] 
5281.334: [GC (Allocation Failure) [PSYoungGen: 419989K->141009K(465920K)] 1618515K->1409991K(1864192K), 0.0502065 secs] [Times: user=0.25 sys=0.00, real=0.05 secs] 
5281.942: [GC (Allocation Failure) [PSYoungGen: 373969K->130543K(465920K)] 1642951K->1444381K(1864192K), 0.1619549 secs] [Times: user=0.91 sys=0.01, real=0.16 secs] 
5282.104: [Full GC (Ergonomics) [PSYoungGen: 130543K->0K(465920K)] [ParOldGen: 1313838K->146146K(1398272K)] 1444381K->146146K(1864192K), [Metaspace: 59589K->59589K(1105920K)], 0.1583984 secs] [Times: user=0.72 sys=0.00, real=0.16 secs] 
5282.880: [GC (Allocation Failure) [PSYoungGen: 232960K->174932K(465920K)] 379106K->321079K(1864192K), 0.0367239 secs] [Times: user=0.15 sys=0.00, real=0.03 secs] 
5283.057: [GC (Allocation Failure) [PSYoungGen: 407892K->185399K(465920K)] 554039K->392965K(1864192K), 0.0480377 secs] [Times: user=0.23 sys=0.00, real=0.05 secs] 
5283.210: [GC (Allocation Failure) [PSYoungGen: 418359K->186453K(465920K)] 625925K->452739K(1864192K), 0.0569815 secs] [Times: user=0.28 sys=0.01, real=0.06 secs] 
5284.255: [GC (Allocation Failure) [PSYoungGen: 419413K->93851K(465920K)] 685699K->430577K(1864192K), 0.0452016 secs] [Times: user=0.23 sys=0.00, real=0.05 secs] 
5285.118: [GC (Allocation Failure) [PSYoungGen: 326811K->173973K(465920K)] 663537K->540264K(1864192K), 0.0563890 secs] [Times: user=0.25 sys=0.00, real=0.05 secs] 
5285.332: [GC (Allocation Failure) [PSYoungGen: 406933K->184438K(465920K)] 773224K->605397K(1864192K), 0.0424856 secs] [Times: user=0.19 sys=0.00, real=0.04 secs] 
5285.480: [GC (Allocation Failure) [PSYoungGen: 417398K->186805K(465920K)] 838357K->663700K(1864192K), 0.0450734 secs] [Times: user=0.21 sys=0.00, real=0.04 secs] 
5286.489: [GC (Allocation Failure) [PSYoungGen: 419765K->146994K(465920K)] 896660K->694241K(1864192K), 0.0499459 secs] [Times: user=0.24 sys=0.00, real=0.05 secs] 
5286.924: [GC (Allocation Failure) [PSYoungGen: 379954K->120942K(465920K)] 927201K->714974K(1864192K), 0.1532618 secs] [Times: user=0.86 sys=0.00, real=0.16 secs] 
5287.476: [GC (Allocation Failure) [PSYoungGen: 353902K->175284K(465920K)] 947934K->807864K(1864192K), 0.0636227 secs] [Times: user=0.29 sys=0.00, real=0.07 secs] 
5287.747: [GC (Allocation Failure) [PSYoungGen: 408244K->185047K(465920K)] 1040824K->879442K(1864192K), 0.0649939 secs] [Times: user=0.32 sys=0.00, real=0.07 secs] 
5287.914: [GC (Allocation Failure) [PSYoungGen: 418007K->183860K(465920K)] 1112402K->937032K(1864192K), 0.0584269 secs] [Times: user=0.29 sys=0.00, real=0.06 secs] 
5289.027: [GC (Allocation Failure) [PSYoungGen: 416820K->99420K(465920K)] 1169992K->922079K(1864192K), 0.0457592 secs] [Times: user=0.24 sys=0.00, real=0.04 secs] 
5290.029: [GC (Allocation Failure) [PSYoungGen: 332380K->162995K(465920K)] 1155039K->1017524K(1864192K), 0.0737750 secs] [Times: user=0.34 sys=0.00, real=0.07 secs] 
5290.309: [GC (Allocation Failure) [PSYoungGen: 395955K->183061K(465920K)] 1250484K->1088966K(1864192K), 0.0464502 secs] [Times: user=0.21 sys=0.00, real=0.04 secs] 
5290.485: [GC (Allocation Failure) [PSYoungGen: 411819K->182230K(465920K)] 1317724K->1152055K(1864192K), 0.0672609 secs] [Times: user=0.34 sys=0.01, real=0.07 secs] 
5291.449: [GC (Allocation Failure) [PSYoungGen: 415190K->169619K(463872K)] 1385015K->1197507K(1862144K), 0.0563175 secs] [Times: user=0.28 sys=0.00, real=0.05 secs] 
5292.278: [GC (Allocation Failure) [PSYoungGen: 402579K->106236K(464896K)] 1430467K->1198997K(1863168K), 0.0933567 secs] [Times: user=0.50 sys=0.00, real=0.09 secs] 
5292.963: [GC (Allocation Failure) [PSYoungGen: 339107K->177077K(465920K)] 1431868K->1304098K(1864192K), 0.0502299 secs] [Times: user=0.23 sys=0.00, real=0.05 secs] 
5293.218: [GC (Allocation Failure) [PSYoungGen: 410037K->181365K(465920K)] 1537058K->1363434K(1864192K), 0.0620506 secs] [Times: user=0.29 sys=0.00, real=0.06 secs] 
5293.402: [GC (Allocation Failure) [PSYoungGen: 414325K->186517K(465920K)] 1596394K->1423834K(1864192K), 0.0463485 secs] [Times: user=0.21 sys=0.00, real=0.05 secs] 
5294.497: [GC (GCLocker Initiated GC) [PSYoungGen: 419477K->101180K(465920K)] 1656794K->1408937K(1864192K), 0.0467851 secs] [Times: user=0.24 sys=0.01, real=0.05 secs] 
5295.746: [GC (Allocation Failure) [PSYoungGen: 334140K->166420K(465920K)] 1641936K->1506420K(1864192K), 0.1127569 secs] [Times: user=0.58 sys=0.00, real=0.12 secs] 
5295.859: [Full GC (Ergonomics) [PSYoungGen: 166420K->0K(465920K)] [ParOldGen: 1340000K->188490K(1398272K)] 1506420K->188490K(1864192K), [Metaspace: 59589K->59589K(1105920K)], 0.2727665 secs] [Times: user=1.35 sys=0.00, real=0.27 secs] 
5296.238: [GC (Allocation Failure) [PSYoungGen: 232960K->184566K(465920K)] 421450K->373056K(1864192K), 0.0337204 secs] [Times: user=0.14 sys=0.00, real=0.03 secs] 
5296.385: [GC (Allocation Failure) [PSYoungGen: 417526K->182710K(465920K)] 606016K->435361K(1864192K), 0.0445789 secs] [Times: user=0.20 sys=0.01, real=0.05 secs] 
5296.768: [GC (Allocation Failure) [PSYoungGen: 415670K->215572K(465920K)] 668321K->525870K(1864192K), 0.0530311 secs] [Times: user=0.26 sys=0.00, real=0.05 secs] 
5297.598: [GC (Allocation Failure) [PSYoungGen: 448532K->92459K(465920K)] 758830K->471357K(1864192K), 0.0401942 secs] [Times: user=0.21 sys=0.00, real=0.04 secs] 
5298.204: [GC (Allocation Failure) [PSYoungGen: 325419K->182486K(465920K)] 704317K->591260K(1864192K), 0.0339433 secs] [Times: user=0.13 sys=0.00, real=0.04 secs] 
5298.345: [GC (Allocation Failure) [PSYoungGen: 415446K->184470K(465920K)] 824220K->649860K(1864192K), 0.0439371 secs] [Times: user=0.20 sys=0.00, real=0.05 secs] 
5298.624: [GC (GCLocker Initiated GC) [PSYoungGen: 417430K->184629K(465920K)] 882821K->706116K(1864192K), 0.0476233 secs] [Times: user=0.22 sys=0.00, real=0.05 secs] 
5300.041: [GC (Allocation Failure) [PSYoungGen: 417589K->99372K(465920K)] 939243K->690746K(1864192K), 0.0440349 secs] [Times: user=0.22 sys=0.00, real=0.04 secs] 
5301.374: [GC (Allocation Failure) [PSYoungGen: 332332K->164115K(465920K)] 923706K->787198K(1864192K), 0.1127504 secs] [Times: user=0.59 sys=0.00, real=0.11 secs] 
5301.703: [GC (Allocation Failure) [PSYoungGen: 397075K->184758K(465920K)] 1020158K->859389K(1864192K), 0.0421778 secs] [Times: user=0.19 sys=0.00, real=0.04 secs] 
5301.875: [GC (Allocation Failure) [PSYoungGen: 417718K->183094K(465920K)] 1092349K->921773K(1864192K), 0.0573617 secs] [Times: user=0.27 sys=0.01, real=0.06 secs] 
5302.055: [GC (Allocation Failure) [PSYoungGen: 416054K->186613K(465920K)] 1154733K->983644K(1864192K), 0.0552502 secs] [Times: user=0.27 sys=0.00, real=0.06 secs] 
5303.508: [GC (Allocation Failure) [PSYoungGen: 419573K->85978K(465920K)] 1216604K->953345K(1864192K), 0.1012406 secs] [Times: user=0.55 sys=0.00, real=0.10 secs] 
5304.141: [GC (Allocation Failure) [PSYoungGen: 318938K->179253K(465920K)] 1186305K->1073913K(1864192K), 0.0500886 secs] [Times: user=0.22 sys=0.00, real=0.05 secs] 
5304.394: [GC (Allocation Failure) [PSYoungGen: 412213K->181717K(465920K)] 1306873K->1132109K(1864192K), 0.0612614 secs] [Times: user=0.30 sys=0.00, real=0.06 secs] 
5304.628: [GC (Allocation Failure) [PSYoungGen: 414677K->186837K(465920K)] 1365069K->1192197K(1864192K), 0.0628556 secs] [Times: user=0.30 sys=0.00, real=0.06 secs] 
5305.733: [GC (Allocation Failure) [PSYoungGen: 419797K->106797K(465920K)] 1425157K->1182804K(1864192K), 0.0480462 secs] [Times: user=0.24 sys=0.00, real=0.05 secs] 
5306.572: [GC (Allocation Failure) [PSYoungGen: 339757K->156979K(465920K)] 1415764K->1268155K(1864192K), 0.1148717 secs] [Times: user=0.61 sys=0.00, real=0.11 secs] 
5306.992: [GC (Allocation Failure) [PSYoungGen: 389939K->180725K(465920K)] 1501115K->1340557K(1864192K), 0.0431003 secs] [Times: user=0.20 sys=0.00, real=0.04 secs] 
5307.172: [GC (Allocation Failure) [PSYoungGen: 413685K->185911K(465920K)] 1573517K->1409151K(1864192K), 0.0585751 secs] [Times: user=0.29 sys=0.00, real=0.06 secs] 
5307.377: [GC (Allocation Failure) [PSYoungGen: 418871K->186741K(465920K)] 1642111K->1469269K(1864192K), 0.0822650 secs] [Times: user=0.43 sys=0.00, real=0.08 secs] 
5309.021: [GC (Allocation Failure) [PSYoungGen: 419701K->89482K(465920K)] 1702229K->1442307K(1864192K), 0.1156497 secs] [Times: user=0.64 sys=0.00, real=0.11 secs] 
5309.137: [Full GC (Ergonomics) [PSYoungGen: 89482K->0K(465920K)] [ParOldGen: 1352824K->100189K(1398272K)] 1442307K->100189K(1864192K), [Metaspace: 59591K->59591K(1105920K)], 0.1560075 secs] [Times: user=0.69 sys=0.00, real=0.16 secs] 
5309.791: [GC (Allocation Failure) [PSYoungGen: 232960K->175093K(465920K)] 333149K->275282K(1864192K), 0.0320191 secs] [Times: user=0.12 sys=0.00, real=0.03 secs] 
5309.950: [GC (Allocation Failure) [PSYoungGen: 408053K->184694K(465920K)] 508242K->339787K(1864192K), 0.0425240 secs] [Times: user=0.19 sys=0.00, real=0.04 secs] 
5310.156: [GC (Allocation Failure) [PSYoungGen: 417654K->186677K(465920K)] 572747K->397938K(1864192K), 0.0714755 secs] [Times: user=0.36 sys=0.00, real=0.07 secs] 
5311.248: [GC (Allocation Failure) [PSYoungGen: 419637K->116158K(465920K)] 630898K->397779K(1864192K), 0.0456328 secs] [Times: user=0.23 sys=0.00, real=0.04 secs] 
5312.271: [GC (Allocation Failure) [PSYoungGen: 349118K->150994K(465920K)] 630739K->469504K(1864192K), 0.0948495 secs] [Times: user=0.50 sys=0.00, real=0.09 secs] 
5312.571: [GC (Allocation Failure) [PSYoungGen: 383954K->184310K(465920K)] 702464K->549980K(1864192K), 0.0402375 secs] [Times: user=0.17 sys=0.00, real=0.04 secs] 
5312.718: [GC (Allocation Failure) [PSYoungGen: 417270K->182998K(465920K)] 782940K->612677K(1864192K), 0.0494882 secs] [Times: user=0.23 sys=0.00, real=0.04 secs] 
5312.872: [GC (Allocation Failure) [PSYoungGen: 415958K->186581K(465920K)] 845637K->674555K(1864192K), 0.0548296 secs] [Times: user=0.27 sys=0.00, real=0.05 secs] 
5313.976: [GC (Allocation Failure) [PSYoungGen: 419541K->91050K(465920K)] 907515K->649313K(1864192K), 0.0415337 secs] [Times: user=0.22 sys=0.00, real=0.05 secs] 
5314.831: [GC (Allocation Failure) [PSYoungGen: 324010K->177461K(465920K)] 882273K->765201K(1864192K), 0.0518211 secs] [Times: user=0.23 sys=0.00, real=0.05 secs] 
5315.025: [GC (Allocation Failure) [PSYoungGen: 410421K->184374K(465920K)] 998161K->827193K(1864192K), 0.0431190 secs] [Times: user=0.19 sys=0.00, real=0.05 secs] 
5315.173: [GC (Allocation Failure) [PSYoungGen: 417334K->186421K(465920K)] 1060153K->885192K(1864192K), 0.0454881 secs] [Times: user=0.21 sys=0.00, real=0.05 secs] 
5316.546: [GC (Allocation Failure) [PSYoungGen: 419381K->118446K(465920K)] 1118152K->887634K(1864192K), 0.0466887 secs] [Times: user=0.23 sys=0.00, real=0.05 secs] 
5317.630: [GC (GCLocker Initiated GC) [PSYoungGen: 351406K->144945K(465920K)] 1120594K->951653K(1864192K), 0.1287151 secs] [Times: user=0.69 sys=0.01, real=0.13 secs] 
5318.010: [GC (Allocation Failure) [PSYoungGen: 377905K->183445K(465920K)] 1184615K->1035533K(1864192K), 0.0395688 secs] [Times: user=0.18 sys=0.00, real=0.04 secs] 
5318.155: [GC (Allocation Failure) [PSYoungGen: 416405K->179446K(465920K)] 1268493K->1095653K(1864192K), 0.0489560 secs] [Times: user=0.22 sys=0.01, real=0.05 secs] 
5318.335: [GC (Allocation Failure) [PSYoungGen: 412406K->186773K(465920K)] 1328613K->1160188K(1864192K), 0.0680857 secs] [Times: user=0.35 sys=0.00, real=0.07 secs] 
5319.412: [GC (Allocation Failure) [PSYoungGen: 419733K->92699K(465920K)] 1393148K->1136602K(1864192K), 0.0424338 secs] [Times: user=0.22 sys=0.00, real=0.04 secs] 
5321.317: [GC (Allocation Failure) [PSYoungGen: 325659K->168852K(465920K)] 1369562K->1242040K(1864192K), 0.0533400 secs] [Times: user=0.24 sys=0.00, real=0.06 secs] 
5321.518: [GC (Allocation Failure) [PSYoungGen: 401812K->185142K(465920K)] 1475000K->1311306K(1864192K), 0.0448869 secs] [Times: user=0.20 sys=0.00, real=0.04 secs] 
5321.665: [GC (Allocation Failure) [PSYoungGen: 418102K->187157K(465920K)] 1544266K->1369449K(1864192K), 0.0479102 secs] [Times: user=0.22 sys=0.00, real=0.05 secs] 
5322.679: [GC (Allocation Failure) [PSYoungGen: 420117K->136080K(465920K)] 1602409K->1388949K(1864192K), 0.0512623 secs] [Times: user=0.26 sys=0.00, real=0.05 secs] 
5323.859: [GC (Allocation Failure) [PSYoungGen: 369040K->131199K(465920K)] 1621909K->1427184K(1864192K), 0.1334115 secs] [Times: user=0.74 sys=0.00, real=0.13 secs] 
5324.620: [GC (Allocation Failure) [PSYoungGen: 364159K->175156K(465920K)] 1660144K->1512674K(1864192K), 0.0495840 secs] [Times: user=0.24 sys=0.00, real=0.05 secs] 
5324.670: [Full GC (Ergonomics) [PSYoungGen: 175156K->0K(465920K)] [ParOldGen: 1337517K->232722K(1398272K)] 1512674K->232722K(1864192K), [Metaspace: 59591K->59591K(1105920K)], 0.2790100 secs] [Times: user=1.28 sys=0.00, real=0.28 secs] 
5325.070: [GC (Allocation Failure) [PSYoungGen: 232960K->185559K(465920K)] 465682K->418281K(1864192K), 0.0846359 secs] [Times: user=0.44 sys=0.00, real=0.08 secs] 
5325.272: [GC (GCLocker Initiated GC) [PSYoungGen: 418519K->184469K(465920K)] 651242K->476104K(1864192K), 0.0575399 secs] [Times: user=0.28 sys=0.00, real=0.06 secs] 
5326.334: [GC (Allocation Failure) [PSYoungGen: 417429K->93931K(465920K)] 709065K->455368K(1864192K), 0.0447173 secs] [Times: user=0.23 sys=0.00, real=0.05 secs] 
5327.519: [GC (Allocation Failure) [PSYoungGen: 326891K->165844K(465920K)] 688328K->557085K(1864192K), 0.0581008 secs] [Times: user=0.26 sys=0.00, real=0.05 secs] 
5327.755: [GC (Allocation Failure) [PSYoungGen: 398804K->184758K(465920K)] 790045K->628559K(1864192K), 0.0418815 secs] [Times: user=0.19 sys=0.00, real=0.04 secs] 
5327.900: [GC (Allocation Failure) [PSYoungGen: 401496K->172693K(465920K)] 845298K->680783K(1864192K), 0.0477333 secs] [Times: user=0.23 sys=0.00, real=0.05 secs] 
5328.887: [GC (Allocation Failure) [PSYoungGen: 405653K->169011K(402432K)] 913743K->731853K(1800704K), 0.0533380 secs] [Times: user=0.26 sys=0.01, real=0.06 secs] 
5329.419: [GC (Allocation Failure) [PSYoungGen: 401971K->109869K(461824K)] 964813K->737447K(1860096K), 0.0511817 secs] [Times: user=0.27 sys=0.00, real=0.05 secs] 
5329.837: [GC (Allocation Failure) [PSYoungGen: 335646K->173941K(463872K)] 963224K->836363K(1862144K), 0.0349323 secs] [Times: user=0.15 sys=0.00, real=0.04 secs] 
5329.980: [GC (Allocation Failure) [PSYoungGen: 404853K->183125K(464896K)] 1067275K->899692K(1863168K), 0.0429933 secs] [Times: user=0.20 sys=0.00, real=0.04 secs] 
5330.128: [GC (Allocation Failure) [PSYoungGen: 416085K->186645K(465920K)] 1132652K->958588K(1864192K), 0.0457196 secs] [Times: user=0.22 sys=0.00, real=0.04 secs] 
5331.181: [GC (Allocation Failure) [PSYoungGen: 419605K->96187K(465920K)] 1191548K->938802K(1864192K), 0.0440919 secs] [Times: user=0.23 sys=0.00, real=0.04 secs] 
5331.697: [GC (Allocation Failure) [PSYoungGen: 329147K->171124K(465920K)] 1171762K->1045552K(1864192K), 0.0525753 secs] [Times: user=0.24 sys=0.00, real=0.06 secs] 
5331.908: [GC (Allocation Failure) [PSYoungGen: 404084K->184470K(465920K)] 1278512K->1112233K(1864192K), 0.0574460 secs] [Times: user=0.27 sys=0.00, real=0.05 secs] 
5332.118: [GC (Allocation Failure) [PSYoungGen: 417430K->182486K(465920K)] 1345193K->1174554K(1864192K), 0.0720334 secs] [Times: user=0.35 sys=0.00, real=0.07 secs] 
5332.781: [GC (Allocation Failure) [PSYoungGen: 415446K->198356K(465920K)] 1407514K->1248248K(1864192K), 0.0539798 secs] [Times: user=0.26 sys=0.00, real=0.05 secs] 
5333.488: [GC (Allocation Failure) [PSYoungGen: 431316K->96635K(465920K)] 1481208K->1214031K(1864192K), 0.0452772 secs] [Times: user=0.23 sys=0.00, real=0.04 secs] 
5334.068: [GC (Allocation Failure) [PSYoungGen: 329595K->179541K(465920K)] 1446991K->1327730K(1864192K), 0.0361889 secs] [Times: user=0.15 sys=0.00, real=0.03 secs] 
5334.273: [GC (Allocation Failure) [PSYoungGen: 412501K->184406K(465920K)] 1560690K->1388826K(1864192K), 0.0672454 secs] [Times: user=0.32 sys=0.00, real=0.07 secs] 
5334.499: [GC (Allocation Failure) [PSYoungGen: 417366K->183380K(465920K)] 1621786K->1443873K(1864192K), 0.0632975 secs] [Times: user=0.31 sys=0.00, real=0.06 secs] 
5335.620: [GC (Allocation Failure) [PSYoungGen: 416340K->101388K(465920K)] 1676833K->1431001K(1864192K), 0.0458353 secs] [Times: user=0.23 sys=0.00, real=0.04 secs] 
5335.666: [Full GC (Ergonomics) [PSYoungGen: 101388K->0K(465920K)] [ParOldGen: 1329612K->89572K(1398272K)] 1431001K->89572K(1864192K), [Metaspace: 59591K->59591K(1105920K)], 0.0335379 secs] [Times: user=0.10 sys=0.00, real=0.04 secs] 
5336.291: [GC (Allocation Failure) [PSYoungGen: 232960K->168372K(465920K)] 322532K->257944K(1864192K), 0.0522647 secs] [Times: user=0.20 sys=0.00, real=0.05 secs] 
5336.583: [GC (Allocation Failure) [PSYoungGen: 401332K->184214K(465920K)] 490904K->326386K(1864192K), 0.0523354 secs] [Times: user=0.25 sys=0.00, real=0.05 secs] 
5336.752: [GC (Allocation Failure) [PSYoungGen: 417174K->182678K(465920K)] 559346K->389038K(1864192K), 0.0480306 secs] [Times: user=0.22 sys=0.00, real=0.05 secs] 
5336.966: [GC (Allocation Failure) [PSYoungGen: 415638K->218773K(465920K)] 621998K->483253K(1864192K), 0.0532001 secs] [Times: user=0.25 sys=0.00, real=0.06 secs] 
5338.190: [GC (Allocation Failure) [PSYoungGen: 451733K->86538K(465920K)] 716213K->420850K(1864192K), 0.0586118 secs] [Times: user=0.31 sys=0.00, real=0.06 secs] 
5338.866: [GC (Allocation Failure) [PSYoungGen: 319498K->180757K(465920K)] 653810K->542773K(1864192K), 0.0535454 secs] [Times: user=0.23 sys=0.00, real=0.06 secs] 
5339.103: [GC (Allocation Failure) [PSYoungGen: 413717K->181557K(465920K)] 775733K->600233K(1864192K), 0.0649398 secs] [Times: user=0.31 sys=0.00, real=0.07 secs] 
5339.288: [GC (Allocation Failure) [PSYoungGen: 414517K->186709K(465920K)] 833193K->660617K(1864192K), 0.0454104 secs] [Times: user=0.21 sys=0.01, real=0.04 secs] 
5340.310: [GC (GCLocker Initiated GC) [PSYoungGen: 419669K->103980K(465920K)] 893578K->648417K(1864192K), 0.0460883 secs] [Times: user=0.24 sys=0.00, real=0.04 secs] 
5341.411: [GC (Allocation Failure) [PSYoungGen: 336940K->162131K(465920K)] 881543K->740014K(1864192K), 0.1156660 secs] [Times: user=0.59 sys=0.00, real=0.11 secs] 
5341.710: [GC (Allocation Failure) [PSYoungGen: 395091K->181493K(465920K)] 972974K->810112K(1864192K), 0.0416026 secs] [Times: user=0.18 sys=0.00, real=0.04 secs] 
5341.912: [GC (Allocation Failure) [PSYoungGen: 414453K->185495K(465920K)] 1043072K->877522K(1864192K), 0.0774589 secs] [Times: user=0.38 sys=0.00, real=0.08 secs] 
5342.109: [GC (Allocation Failure) [PSYoungGen: 418455K->186933K(465920K)] 1110482K->937920K(1864192K), 0.0572396 secs] [Times: user=0.28 sys=0.00, real=0.05 secs] 
5343.767: [GC (Allocation Failure) [PSYoungGen: 419893K->86778K(465920K)] 1170880K->908397K(1864192K), 0.1116267 secs] [Times: user=0.62 sys=0.00, real=0.12 secs] 
5344.404: [GC (Allocation Failure) [PSYoungGen: 319738K->179221K(465920K)] 1141357K->1028805K(1864192K), 0.0464623 secs] [Times: user=0.20 sys=0.00, real=0.05 secs] 
5344.575: [GC (Allocation Failure) [PSYoungGen: 412181K->184406K(465920K)] 1261765K->1090129K(1864192K), 0.0440606 secs] [Times: user=0.20 sys=0.00, real=0.05 secs] 
5344.745: [GC (Allocation Failure) [PSYoungGen: 417366K->186709K(465920K)] 1323089K->1148208K(1864192K), 0.0610047 secs] [Times: user=0.29 sys=0.00, real=0.06 secs] 
5345.864: [GC (Allocation Failure) [PSYoungGen: 419669K->109981K(465920K)] 1381168K->1141901K(1864192K), 0.0468023 secs] [Times: user=0.24 sys=0.00, real=0.05 secs] 
5346.583: [GC (Allocation Failure) [PSYoungGen: 342941K->156850K(465920K)] 1374861K->1224095K(1864192K), 0.1248615 secs] [Times: user=0.66 sys=0.00, real=0.13 secs] 
5347.154: [GC (Allocation Failure) [PSYoungGen: 389810K->181429K(465920K)] 1457055K->1297750K(1864192K), 0.0562779 secs] [Times: user=0.26 sys=0.00, real=0.06 secs] 
5347.331: [GC (Allocation Failure) [PSYoungGen: 414389K->185687K(465920K)] 1530710K->1365703K(1864192K), 0.0499066 secs] [Times: user=0.23 sys=0.00, real=0.05 secs] 
5347.487: [GC (Allocation Failure) [PSYoungGen: 418647K->186613K(465920K)] 1598663K->1425509K(1864192K), 0.0569622 secs] [Times: user=0.28 sys=0.01, real=0.06 secs] 
5348.551: [GC (Allocation Failure) [PSYoungGen: 419573K->91898K(465920K)] 1658469K->1401315K(1864192K), 0.0420631 secs] [Times: user=0.22 sys=0.00, real=0.04 secs] 
5349.428: [GC (Allocation Failure) [PSYoungGen: 324858K->177461K(465920K)] 1634275K->1515682K(1864192K), 0.0633028 secs] [Times: user=0.28 sys=0.00, real=0.06 secs] 
5349.492: [Full GC (Ergonomics) [PSYoungGen: 177461K->0K(465920K)] [ParOldGen: 1338221K->216743K(1398272K)] 1515682K->216743K(1864192K), [Metaspace: 59591K->59591K(1105920K)], 0.2816553 secs] [Times: user=1.36 sys=0.00, real=0.28 secs] 
5349.894: [GC (Allocation Failure) [PSYoungGen: 232960K->186677K(465920K)] 449703K->403420K(1864192K), 0.0261616 secs] [Times: user=0.09 sys=0.00, real=0.03 secs] 
5350.026: [GC (Allocation Failure) [PSYoungGen: 419637K->186997K(465920K)] 636380K->458564K(1864192K), 0.0444569 secs] [Times: user=0.20 sys=0.01, real=0.05 secs] 
5351.068: [GC (Allocation Failure) [PSYoungGen: 419957K->119726K(465920K)] 691524K->461870K(1864192K), 0.0463515 secs] [Times: user=0.23 sys=0.00, real=0.04 secs] 
5351.603: [GC (Allocation Failure) [PSYoungGen: 352686K->152098K(465920K)] 694830K->532970K(1864192K), 0.1289810 secs] [Times: user=0.69 sys=0.01, real=0.13 secs] 
5351.963: [GC (GCLocker Initiated GC) [PSYoungGen: 385058K->181109K(465920K)] 765931K->609611K(1864192K), 0.0410792 secs] [Times: user=0.18 sys=0.00, real=0.04 secs] 
5352.116: [GC (Allocation Failure) [PSYoungGen: 414069K->185879K(465920K)] 842700K->686266K(1864192K), 0.0500149 secs] [Times: user=0.23 sys=0.00, real=0.05 secs] 
5352.316: [GC (Allocation Failure) [PSYoungGen: 418785K->186005K(465920K)] 919172K->745328K(1864192K), 0.0833639 secs] [Times: user=0.43 sys=0.00, real=0.09 secs] 
5353.422: [GC (Allocation Failure) [PSYoungGen: 418965K->90490K(465920K)] 978288K->719918K(1864192K), 0.0416233 secs] [Times: user=0.22 sys=0.00, real=0.04 secs] 
5353.924: [GC (GCLocker Initiated GC) [PSYoungGen: 323450K->177237K(465920K)] 952878K->836477K(1864192K), 0.0529512 secs] [Times: user=0.24 sys=0.00, real=0.05 secs] 
5354.122: [GC (Allocation Failure) [PSYoungGen: 410197K->184534K(465920K)] 1069440K->899180K(1864192K), 0.0438858 secs] [Times: user=0.19 sys=0.00, real=0.04 secs] 
5354.268: [GC (Allocation Failure) [PSYoungGen: 417494K->186677K(465920K)] 1132140K->957356K(1864192K), 0.0472064 secs] [Times: user=0.21 sys=0.00, real=0.04 secs] 
5355.312: [GC (Allocation Failure) [PSYoungGen: 419637K->118798K(465920K)] 1190316K->959797K(1864192K), 0.0474903 secs] [Times: user=0.24 sys=0.00, real=0.05 secs] 
5356.645: [GC (Allocation Failure) [PSYoungGen: 348456K->141265K(465920K)] 1189455K->1020008K(1864192K), 0.1421465 secs] [Times: user=0.78 sys=0.00, real=0.14 secs] 
5357.528: [GC (Allocation Failure) [PSYoungGen: 374225K->171860K(465920K)] 1252968K->1095788K(1864192K), 0.0565803 secs] [Times: user=0.26 sys=0.00, real=0.05 secs] 
5357.791: [GC (Allocation Failure) [PSYoungGen: 404820K->185655K(465920K)] 1328748K->1169903K(1864192K), 0.0690755 secs] [Times: user=0.34 sys=0.00, real=0.07 secs] 
5358.007: [GC (Allocation Failure) [PSYoungGen: 418615K->186709K(465920K)] 1402863K->1229789K(1864192K), 0.0776885 secs] [Times: user=0.40 sys=0.00, real=0.08 secs] 
5359.073: [GC (Allocation Failure) [PSYoungGen: 419669K->94907K(465920K)] 1462749K->1208527K(1864192K), 0.0618576 secs] [Times: user=0.33 sys=0.00, real=0.06 secs] 
5360.443: [GC (Allocation Failure) [PSYoungGen: 327867K->169716K(465920K)] 1441487K->1313453K(1864192K), 0.0593861 secs] [Times: user=0.26 sys=0.00, real=0.06 secs] 
5360.667: [GC (Allocation Failure) [PSYoungGen: 402676K->184406K(465920K)] 1546413K->1381591K(1864192K), 0.0437884 secs] [Times: user=0.20 sys=0.00, real=0.05 secs] 
5360.837: [GC (Allocation Failure) [PSYoungGen: 417366K->187221K(465920K)] 1614551K->1440278K(1864192K), 0.0517044 secs] [Times: user=0.25 sys=0.00, real=0.06 secs] 
5361.864: [GC (Allocation Failure) [PSYoungGen: 420181K->139185K(465920K)] 1673238K->1462770K(1864192K), 0.0509522 secs] [Times: user=0.26 sys=0.00, real=0.05 secs] 
5361.915: [Full GC (Ergonomics) [PSYoungGen: 139185K->0K(465920K)] [ParOldGen: 1323585K->348098K(1398272K)] 1462770K->348098K(1864192K), [Metaspace: 59593K->59593K(1105920K)], 0.5757205 secs] [Times: user=2.52 sys=0.00, real=0.58 secs] 
5363.362: [GC (Allocation Failure) [PSYoungGen: 232960K->128287K(465920K)] 581058K->476386K(1864192K), 0.0436126 secs] [Times: user=0.17 sys=0.00, real=0.04 secs] 
5364.040: [GC (Allocation Failure) [PSYoungGen: 361247K->185973K(465920K)] 709346K->574959K(1864192K), 0.0524419 secs] [Times: user=0.24 sys=0.00, real=0.05 secs] 
5364.216: [GC (Allocation Failure) [PSYoungGen: 418933K->182678K(465920K)] 807919K->633932K(1864192K), 0.0482573 secs] [Times: user=0.23 sys=0.00, real=0.05 secs] 
5364.415: [GC (Allocation Failure) [PSYoungGen: 415638K->186613K(465920K)] 866892K->696075K(1864192K), 0.0830715 secs] [Times: user=0.43 sys=0.00, real=0.09 secs] 
5365.498: [GC (Allocation Failure) [PSYoungGen: 419573K->94491K(465920K)] 929035K->674493K(1864192K), 0.0581937 secs] [Times: user=0.31 sys=0.00, real=0.05 secs] 
5366.104: [GC (Allocation Failure) [PSYoungGen: 327451K->174421K(465920K)] 907453K->784420K(1864192K), 0.0646491 secs] [Times: user=0.29 sys=0.00, real=0.07 secs] 
5366.339: [GC (Allocation Failure) [PSYoungGen: 407381K->182933K(465920K)] 1017380K->847845K(1864192K), 0.0446333 secs] [Times: user=0.20 sys=0.00, real=0.04 secs] 
5366.517: [GC (Allocation Failure) [PSYoungGen: 415893K->186997K(465920K)] 1080805K->907492K(1864192K), 0.0700813 secs] [Times: user=0.34 sys=0.00, real=0.07 secs] 
5367.582: [GC (Allocation Failure) [PSYoungGen: 419957K->148242K(465920K)] 1140452K->939281K(1864192K), 0.0524486 secs] [Times: user=0.27 sys=0.00, real=0.05 secs] 
5368.221: [GC (Allocation Failure) [PSYoungGen: 381202K->122014K(465920K)] 1172241K->960018K(1864192K), 0.1662351 secs] [Times: user=0.94 sys=0.01, real=0.16 secs] 
5368.729: [GC (Allocation Failure) [PSYoungGen: 354974K->178389K(465920K)] 1192978K->1055769K(1864192K), 0.0461997 secs] [Times: user=0.21 sys=0.00, real=0.04 secs] 
5368.885: [GC (Allocation Failure) [PSYoungGen: 411349K->185239K(465920K)] 1288729K->1124819K(1864192K), 0.0515759 secs] [Times: user=0.25 sys=0.00, real=0.05 secs] 
5369.039: [GC (Allocation Failure) [PSYoungGen: 418199K->183572K(465920K)] 1357779K->1181977K(1864192K), 0.0591891 secs] [Times: user=0.30 sys=0.00, real=0.06 secs] 
5370.111: [GC (Allocation Failure) [PSYoungGen: 416532K->93883K(465920K)] 1414937K->1161655K(1864192K), 0.0519584 secs] [Times: user=0.28 sys=0.00, real=0.05 secs] 
5370.782: [GC (Allocation Failure) [PSYoungGen: 326843K->173941K(465920K)] 1394615K->1272570K(1864192K), 0.0539507 secs] [Times: user=0.23 sys=0.00, real=0.05 secs] 
5370.991: [GC (Allocation Failure) [PSYoungGen: 406901K->184310K(465920K)] 1505530K->1337151K(1864192K), 0.0461378 secs] [Times: user=0.20 sys=0.00, real=0.04 secs] 
5371.141: [GC (Allocation Failure) [PSYoungGen: 417270K->232948K(465920K)] 1570111K->1445702K(1864192K), 0.0504656 secs] [Times: user=0.23 sys=0.00, real=0.05 secs] 
5372.136: [GC (Allocation Failure) [PSYoungGen: 465908K->151826K(465920K)] 1678662K->1435316K(1864192K), 0.0517677 secs] [Times: user=0.25 sys=0.00, real=0.06 secs] 
5372.886: [GC (Allocation Failure) [PSYoungGen: 384786K->115661K(465920K)] 1668276K->1447079K(1864192K), 0.1787914 secs] [Times: user=1.01 sys=0.01, real=0.18 secs] 
5373.065: [Full GC (Ergonomics) [PSYoungGen: 115661K->0K(465920K)] [ParOldGen: 1331418K->131360K(1398272K)] 1447079K->131360K(1864192K), [Metaspace: 59593K->59577K(1105920K)], 0.1652750 secs] [Times: user=0.75 sys=0.00, real=0.17 secs] 
5373.627: [GC (Allocation Failure) [PSYoungGen: 232960K->186037K(465920K)] 364320K->317397K(1864192K), 0.0295432 secs] [Times: user=0.12 sys=0.00, real=0.03 secs] 
5373.768: [GC (Allocation Failure) [PSYoungGen: 418997K->185175K(465920K)] 550357K->378723K(1864192K), 0.0474633 secs] [Times: user=0.22 sys=0.00, real=0.04 secs] 
5373.940: [GC (Allocation Failure) [PSYoungGen: 418135K->186677K(465920K)] 611683K->439001K(1864192K), 0.0619795 secs] [Times: user=0.31 sys=0.00, real=0.06 secs] 
5374.989: [GC (Allocation Failure) [PSYoungGen: 419637K->93163K(465920K)] 671961K->415895K(1864192K), 0.0454286 secs] [Times: user=0.24 sys=0.00, real=0.04 secs] 
5376.131: [GC (Allocation Failure) [PSYoungGen: 326123K->168564K(465920K)] 648855K->521373K(1864192K), 0.0823708 secs] [Times: user=0.38 sys=0.00, real=0.08 secs] 
5376.432: [GC (Allocation Failure) [PSYoungGen: 401524K->184566K(465920K)] 754333K->589975K(1864192K), 0.0496089 secs] [Times: user=0.24 sys=0.00, real=0.05 secs] 
5376.584: [GC (Allocation Failure) [PSYoungGen: 413446K->180598K(465920K)] 818855K->650143K(1864192K), 0.0486277 secs] [Times: user=0.23 sys=0.00, real=0.05 secs] 
5377.480: [GC (Allocation Failure) [PSYoungGen: 413558K->191081K(465920K)] 883103K->717986K(1864192K), 0.0494840 secs] [Times: user=0.24 sys=0.00, real=0.05 secs] 
5378.375: [GC (Allocation Failure) [PSYoungGen: 424041K->104780K(465920K)] 950946K->696469K(1864192K), 0.0998687 secs] [Times: user=0.53 sys=0.00, real=0.10 secs] 
5379.449: [GC (Allocation Failure) [PSYoungGen: 337740K->177269K(465920K)] 929429K->801739K(1864192K), 0.0530247 secs] [Times: user=0.24 sys=0.00, real=0.05 secs] 
5379.636: [GC (Allocation Failure) [PSYoungGen: 410229K->184758K(465920K)] 1034699K->864632K(1864192K), 0.0434267 secs] [Times: user=0.19 sys=0.00, real=0.05 secs] 
5379.800: [GC (Allocation Failure) [PSYoungGen: 417718K->186837K(465920K)] 1097592K->922495K(1864192K), 0.0507173 secs] [Times: user=0.25 sys=0.00, real=0.05 secs] 
5380.871: [GC (Allocation Failure) [PSYoungGen: 419797K->96779K(465920K)] 1155455K->902958K(1864192K), 0.0493559 secs] [Times: user=0.26 sys=0.00, real=0.05 secs] 
5382.049: [GC (Allocation Failure) [PSYoungGen: 329739K->166196K(465920K)] 1135918K->1003743K(1864192K), 0.1018051 secs] [Times: user=0.51 sys=0.00, real=0.10 secs] 
5382.354: [GC (Allocation Failure) [PSYoungGen: 399156K->181077K(465920K)] 1236703K->1070632K(1864192K), 0.0510043 secs] [Times: user=0.24 sys=0.00, real=0.05 secs] 
5382.513: [GC (Allocation Failure) [PSYoungGen: 414037K->185751K(465920K)] 1303592K->1138250K(1864192K), 0.0518533 secs] [Times: user=0.25 sys=0.00, real=0.05 secs] 
5383.009: [GC (Allocation Failure) [PSYoungGen: 415513K->199060K(465920K)] 1368013K->1210432K(1864192K), 0.0554675 secs] [Times: user=0.27 sys=0.00, real=0.05 secs] 
5383.970: [GC (Allocation Failure) [PSYoungGen: 432020K->93739K(465920K)] 1443392K->1173566K(1864192K), 0.0749475 secs] [Times: user=0.40 sys=0.00, real=0.07 secs] 
5384.461: [GC (Allocation Failure) [PSYoungGen: 326699K->182454K(465920K)] 1406526K->1291726K(1864192K), 0.0465765 secs] [Times: user=0.20 sys=0.00, real=0.04 secs] 
5384.671: [GC (Allocation Failure) [PSYoungGen: 415414K->178645K(465920K)] 1524686K->1344721K(1864192K), 0.0494127 secs] [Times: user=0.23 sys=0.01, real=0.05 secs] 
5384.837: [GC (Allocation Failure) [PSYoungGen: 411605K->186901K(465920K)] 1577681K->1407705K(1864192K), 0.0467767 secs] [Times: user=0.22 sys=0.00, real=0.05 secs] 
5385.942: [GC (Allocation Failure) [PSYoungGen: 419861K->103308K(465920K)] 1640665K->1394601K(1864192K), 0.0490858 secs] [Times: user=0.26 sys=0.00, real=0.05 secs] 
5386.855: [GC (Allocation Failure) [PSYoungGen: 336268K->166964K(465920K)] 1627561K->1491581K(1864192K), 0.0717549 secs] [Times: user=0.35 sys=0.00, real=0.07 secs] 
5386.927: [Full GC (Ergonomics) [PSYoungGen: 166964K->0K(465920K)] [ParOldGen: 1324617K->187251K(1398272K)] 1491581K->187251K(1864192K), [Metaspace: 59578K->59578K(1105920K)], 0.2164635 secs] [Times: user=0.99 sys=0.00, real=0.22 secs] 
5387.265: [GC (Allocation Failure) [PSYoungGen: 232960K->184566K(465920K)] 420211K->371818K(1864192K), 0.0336743 secs] [Times: user=0.13 sys=0.00, real=0.04 secs] 
5387.406: [GC (Allocation Failure) [PSYoungGen: 417526K->185783K(465920K)] 604778K->437107K(1864192K), 0.0436012 secs] [Times: user=0.20 sys=0.00, real=0.05 secs] 
5387.594: [GC (Allocation Failure) [PSYoungGen: 418743K->215988K(465920K)] 670067K->526272K(1864192K), 0.0547622 secs] [Times: user=0.27 sys=0.00, real=0.06 secs] 
5388.911: [GC (Allocation Failure) [PSYoungGen: 448948K->86890K(465920K)] 759232K->466278K(1864192K), 0.0605661 secs] [Times: user=0.32 sys=0.01, real=0.06 secs] 
5389.517: [GC (Allocation Failure) [PSYoungGen: 319850K->182454K(465920K)] 699238K->589751K(1864192K), 0.0467027 secs] [Times: user=0.20 sys=0.00, real=0.05 secs] 
5389.690: [GC (Allocation Failure) [PSYoungGen: 415414K->184822K(465920K)] 822711K->648755K(1864192K), 0.0439982 secs] [Times: user=0.20 sys=0.00, real=0.04 secs] 
5389.864: [GC (Allocation Failure) [PSYoungGen: 417782K->186421K(465920K)] 881715K->706426K(1864192K), 0.0502694 secs] [Times: user=0.24 sys=0.00, real=0.05 secs] 
5391.001: [GC (Allocation Failure) [PSYoungGen: 419381K->100652K(465920K)] 939386K->691113K(1864192K), 0.0447534 secs] [Times: user=0.23 sys=0.00, real=0.04 secs] 
5392.293: [GC (Allocation Failure) [PSYoungGen: 333612K->160915K(465920K)] 924073K->783961K(1864192K), 0.1146343 secs] [Times: user=0.59 sys=0.00, real=0.12 secs] 
5392.657: [GC (Allocation Failure) [PSYoungGen: 393875K->184566K(465920K)] 1016921K->857840K(1864192K), 0.0424049 secs] [Times: user=0.19 sys=0.00, real=0.05 secs] 
5392.806: [GC (Allocation Failure) [PSYoungGen: 417526K->182966K(465920K)] 1090800K->920500K(1864192K), 0.0504191 secs] [Times: user=0.23 sys=0.00, real=0.05 secs] 
5392.978: [GC (Allocation Failure) [PSYoungGen: 415926K->186837K(465920K)] 1153460K->982675K(1864192K), 0.0715003 secs] [Times: user=0.36 sys=0.00, real=0.07 secs] 
5394.222: [GC (GCLocker Initiated GC) [PSYoungGen: 419797K->87338K(465920K)] 1215636K->953817K(1864192K), 0.0561665 secs] [Times: user=0.30 sys=0.00, real=0.06 secs] 
5395.150: [GC (Allocation Failure) [PSYoungGen: 320298K->177973K(465920K)] 1187072K->1072316K(1864192K), 0.0563099 secs] [Times: user=0.25 sys=0.00, real=0.05 secs] 
5395.360: [GC (Allocation Failure) [PSYoungGen: 410933K->184470K(465920K)] 1305276K->1134420K(1864192K), 0.0446310 secs] [Times: user=0.20 sys=0.00, real=0.04 secs] 
5395.512: [GC (Allocation Failure) [PSYoungGen: 417430K->186773K(465920K)] 1367380K->1192579K(1864192K), 0.0460683 secs] [Times: user=0.21 sys=0.00, real=0.05 secs] 
5396.589: [GC (Allocation Failure) [PSYoungGen: 419733K->109853K(465920K)] 1425539K->1186248K(1864192K), 0.0465042 secs] [Times: user=0.24 sys=0.00, real=0.04 secs] 
5397.117: [GC (Allocation Failure) [PSYoungGen: 342813K->156690K(465920K)] 1419208K->1269170K(1864192K), 0.1134519 secs] [Times: user=0.60 sys=0.00, real=0.12 secs] 
5397.540: [GC (Allocation Failure) [PSYoungGen: 389650K->178453K(465920K)] 1502130K->1339824K(1864192K), 0.0523095 secs] [Times: user=0.25 sys=0.00, real=0.05 secs] 
5397.702: [GC (Allocation Failure) [PSYoungGen: 411413K->185879K(465920K)] 1572784K->1410091K(1864192K), 0.0502443 secs] [Times: user=0.23 sys=0.00, real=0.05 secs] 
5397.907: [GC (Allocation Failure) [PSYoungGen: 418839K->186933K(465920K)] 1643051K->1470121K(1864192K), 0.0822989 secs] [Times: user=0.42 sys=0.00, real=0.09 secs] 
5399.099: [GC (Allocation Failure) [PSYoungGen: 419686K->93163K(465920K)] 1702874K->1446839K(1864192K), 0.0625221 secs] [Times: user=0.33 sys=0.00, real=0.06 secs] 
5399.162: [Full GC (Ergonomics) [PSYoungGen: 93163K->0K(465920K)] [ParOldGen: 1353675K->102690K(1398272K)] 1446839K->102690K(1864192K), [Metaspace: 59578K->59578K(1105920K)], 0.0945187 secs] [Times: user=0.40 sys=0.00, real=0.09 secs] 
5400.232: [GC (Allocation Failure) [PSYoungGen: 232960K->168628K(465920K)] 335650K->271319K(1864192K), 0.0432121 secs] [Times: user=0.16 sys=0.00, real=0.04 secs] 
5400.443: [GC (Allocation Failure) [PSYoungGen: 401588K->184534K(465920K)] 504279K->340317K(1864192K), 0.0420112 secs] [Times: user=0.18 sys=0.00, real=0.04 secs] 
5400.632: [GC (Allocation Failure) [PSYoungGen: 417494K->186613K(465920K)] 573277K->398108K(1864192K), 0.0678963 secs] [Times: user=0.33 sys=0.00, real=0.07 secs] 
5401.747: [GC (Allocation Failure) [PSYoungGen: 419573K->121199K(465920K)] 631068K->403142K(1864192K), 0.0461736 secs] [Times: user=0.24 sys=0.00, real=0.05 secs] 
5402.952: [GC (Allocation Failure) [PSYoungGen: 354159K->147585K(465920K)] 636102K->467880K(1864192K), 0.1325706 secs] [Times: user=0.71 sys=0.00, real=0.13 secs] 
5403.285: [GC (Allocation Failure) [PSYoungGen: 380545K->182581K(465920K)] 700840K->548041K(1864192K), 0.0395638 secs] [Times: user=0.17 sys=0.00, real=0.04 secs] 
5403.432: [GC (Allocation Failure) [PSYoungGen: 415541K->185943K(465920K)] 781001K->614739K(1864192K), 0.0493783 secs] [Times: user=0.23 sys=0.00, real=0.05 secs] 
5403.596: [GC (Allocation Failure) [PSYoungGen: 418903K->183220K(465920K)] 847699K->671048K(1864192K), 0.0562679 secs] [Times: user=0.28 sys=0.00, real=0.06 secs] 
5404.746: [GC (Allocation Failure) [PSYoungGen: 416180K->94059K(465920K)] 904008K->651255K(1864192K), 0.0567168 secs] [Times: user=0.30 sys=0.00, real=0.06 secs] 
5405.550: [GC (Allocation Failure) [PSYoungGen: 327019K->174229K(465920K)] 884215K->761494K(1864192K), 0.0606024 secs] [Times: user=0.24 sys=0.01, real=0.06 secs] 
5405.771: [GC (Allocation Failure) [PSYoungGen: 407189K->184566K(465920K)] 994454K->826667K(1864192K), 0.0432429 secs] [Times: user=0.19 sys=0.00, real=0.04 secs] 
5405.919: [GC (Allocation Failure) [PSYoungGen: 417526K->186677K(465920K)] 1059627K->884802K(1864192K), 0.0453136 secs] [Times: user=0.21 sys=0.00, real=0.04 secs] 
5406.940: [GC (Allocation Failure) [PSYoungGen: 419637K->128464K(465920K)] 1117762K->896941K(1864192K), 0.0479023 secs] [Times: user=0.24 sys=0.00, real=0.05 secs] 
5407.438: [GC (Allocation Failure) [PSYoungGen: 361424K->141233K(465920K)] 1129901K->950414K(1864192K), 0.0689602 secs] [Times: user=0.36 sys=0.00, real=0.06 secs] 
5407.721: [GC (Allocation Failure) [PSYoungGen: 374193K->178645K(465920K)] 1183374K->1033139K(1864192K), 0.0392693 secs] [Times: user=0.17 sys=0.01, real=0.04 secs] 
5407.869: [GC (Allocation Failure) [PSYoungGen: 411605K->185367K(465920K)] 1266099K->1102121K(1864192K), 0.0493704 secs] [Times: user=0.23 sys=0.00, real=0.05 secs] 
5408.023: [GC (Allocation Failure) [PSYoungGen: 418327K->186421K(465920K)] 1335081K->1162071K(1864192K), 0.0575508 secs] [Times: user=0.28 sys=0.00, real=0.06 secs] 
5409.064: [GC (Allocation Failure) [PSYoungGen: 419381K->91755K(465920K)] 1395031K->1137885K(1864192K), 0.0423223 secs] [Times: user=0.22 sys=0.00, real=0.04 secs] 
5410.599: [GC (Allocation Failure) [PSYoungGen: 324715K->171988K(465920K)] 1370845K->1246979K(1864192K), 0.0657303 secs] [Times: user=0.30 sys=0.00, real=0.06 secs] 
5410.838: [GC (Allocation Failure) [PSYoungGen: 404948K->184790K(465920K)] 1479939K->1313669K(1864192K), 0.0432253 secs] [Times: user=0.20 sys=0.00, real=0.04 secs] 
5410.983: [GC (Allocation Failure) [PSYoungGen: 417750K->203829K(465920K)] 1546629K->1388740K(1864192K), 0.0463453 secs] [Times: user=0.22 sys=0.00, real=0.05 secs] 
5412.055: [GC (Allocation Failure) [PSYoungGen: 436789K->133936K(465920K)] 1621700K->1389631K(1864192K), 0.0490838 secs] [Times: user=0.24 sys=0.01, real=0.05 secs] 
5413.161: [GC (Allocation Failure) [PSYoungGen: 366896K->131551K(465920K)] 1622591K->1429655K(1864192K), 0.1652116 secs] [Times: user=0.93 sys=0.00, real=0.16 secs] 
5414.124: [GC (Allocation Failure) [PSYoungGen: 364511K->174708K(465920K)] 1662615K->1514792K(1864192K), 0.0538088 secs] [Times: user=0.25 sys=0.00, real=0.06 secs] 
5414.178: [Full GC (Ergonomics) [PSYoungGen: 174708K->0K(465920K)] [ParOldGen: 1340083K->232688K(1398272K)] 1514792K->232688K(1864192K), [Metaspace: 59578K->59578K(1105920K)], 0.2913550 secs] [Times: user=1.36 sys=0.00, real=0.29 secs] 
5414.578: [GC (Allocation Failure) [PSYoungGen: 232960K->182550K(465920K)] 465648K->415239K(1864192K), 0.0825085 secs] [Times: user=0.42 sys=0.00, real=0.08 secs] 
5414.766: [GC (Allocation Failure) [PSYoungGen: 415510K->186517K(465920K)] 648199K->477318K(1864192K), 0.0565722 secs] [Times: user=0.28 sys=0.00, real=0.06 secs] 
5415.836: [GC (Allocation Failure) [PSYoungGen: 419477K->92203K(465920K)] 710278K->453220K(1864192K), 0.0451134 secs] [Times: user=0.20 sys=0.00, real=0.05 secs] 
5417.250: [GC (Allocation Failure) [PSYoungGen: 325163K->168436K(465920K)] 686180K->558762K(1864192K), 0.0692076 secs] [Times: user=0.31 sys=0.01, real=0.07 secs] 
5417.541: [GC (Allocation Failure) [PSYoungGen: 401396K->184502K(465920K)] 791722K->627571K(1864192K), 0.0535024 secs] [Times: user=0.26 sys=0.00, real=0.05 secs] 
5417.698: [GC (Allocation Failure) [PSYoungGen: 417462K->232852K(465920K)] 860531K->736427K(1864192K), 0.0470870 secs] [Times: user=0.22 sys=0.00, real=0.04 secs] 
5418.650: [GC (Allocation Failure) [PSYoungGen: 465812K->153331K(465920K)] 969387K->727817K(1864192K), 0.0516236 secs] [Times: user=0.25 sys=0.00, real=0.05 secs] 
5419.323: [GC (Allocation Failure) [PSYoungGen: 386291K->120526K(465920K)] 960777K->743525K(1864192K), 0.1699545 secs] [Times: user=0.97 sys=0.00, real=0.17 secs] 
5419.945: [GC (Allocation Failure) [PSYoungGen: 353486K->172020K(465920K)] 976485K->833327K(1864192K), 0.0458111 secs] [Times: user=0.22 sys=0.00, real=0.05 secs] 
5420.124: [GC (Allocation Failure) [PSYoungGen: 404980K->185143K(465920K)] 1066287K->906882K(1864192K), 0.0660280 secs] [Times: user=0.33 sys=0.00, real=0.07 secs] 
5420.339: [GC (Allocation Failure) [PSYoungGen: 418103K->186837K(465920K)] 1139842K->967384K(1864192K), 0.0789099 secs] [Times: user=0.40 sys=0.00, real=0.08 secs] 
5421.408: [GC (Allocation Failure) [PSYoungGen: 419797K->97883K(465920K)] 1200344K->948951K(1864192K), 0.0459901 secs] [Times: user=0.24 sys=0.00, real=0.04 secs] 
5422.651: [GC (GCLocker Initiated GC) [PSYoungGen: 330843K->167060K(465920K)] 1181911K->1049189K(1864192K), 0.0812864 secs] [Times: user=0.38 sys=0.00, real=0.08 secs] 
5422.958: [GC (Allocation Failure) [PSYoungGen: 400020K->182453K(465920K)] 1282443K->1117225K(1864192K), 0.0474492 secs] [Times: user=0.22 sys=0.00, real=0.04 secs] 
5423.118: [GC (Allocation Failure) [PSYoungGen: 410704K->180342K(465920K)] 1345476K->1178722K(1864192K), 0.0495226 secs] [Times: user=0.23 sys=0.01, real=0.05 secs] 
5424.066: [GC (Allocation Failure) [PSYoungGen: 413302K->168659K(465920K)] 1411682K->1224342K(1864192K), 0.0550111 secs] [Times: user=0.28 sys=0.00, real=0.06 secs] 
5424.740: [GC (Allocation Failure) [PSYoungGen: 401619K->104076K(465920K)] 1457302K->1224424K(1864192K), 0.0924376 secs] [Times: user=0.50 sys=0.00, real=0.09 secs] 
5425.530: [GC (GCLocker Initiated GC) [PSYoungGen: 337036K->179285K(465920K)] 1457384K->1332874K(1864192K), 0.0546167 secs] [Times: user=0.24 sys=0.01, real=0.05 secs] 
5425.718: [GC (Allocation Failure) [PSYoungGen: 412245K->184662K(465920K)] 1565873K->1394229K(1864192K), 0.0437346 secs] [Times: user=0.20 sys=0.00, real=0.04 secs] 
5425.868: [GC (Allocation Failure) [PSYoungGen: 417622K->186645K(465920K)] 1627189K->1452084K(1864192K), 0.0461077 secs] [Times: user=0.22 sys=0.00, real=0.04 secs] 
5426.960: [GC (GCLocker Initiated GC) [PSYoungGen: 419605K->97883K(465920K)] 1685045K->1433676K(1864192K), 0.0453544 secs] [Times: user=0.23 sys=0.00, real=0.04 secs] 
5427.005: [Full GC (Ergonomics) [PSYoungGen: 97883K->0K(465920K)] [ParOldGen: 1335792K->89112K(1398272K)] 1433676K->89112K(1864192K), [Metaspace: 59578K->59578K(1105920K)], 0.0374446 secs] [Times: user=0.12 sys=0.00, real=0.04 secs] 
5428.023: [GC (Allocation Failure) [PSYoungGen: 232960K->173332K(465920K)] 322239K->262611K(1864192K), 0.0532756 secs] [Times: user=0.20 sys=0.00, real=0.05 secs] 
5428.263: [GC (Allocation Failure) [PSYoungGen: 406292K->181493K(465920K)] 495571K->324012K(1864192K), 0.0425914 secs] [Times: user=0.18 sys=0.00, real=0.04 secs] 
5428.417: [GC (Allocation Failure) [PSYoungGen: 414453K->185847K(465920K)] 556972K->391590K(1864192K), 0.0487583 secs] [Times: user=0.22 sys=0.00, real=0.05 secs] 
5428.861: [GC (Allocation Failure) [PSYoungGen: 416293K->212116K(465920K)] 622036K->476935K(1864192K), 0.0532528 secs] [Times: user=0.26 sys=0.00, real=0.05 secs] 
5429.760: [GC (Allocation Failure) [PSYoungGen: 445076K->97531K(465920K)] 709895K->429655K(1864192K), 0.0565285 secs] [Times: user=0.30 sys=0.00, real=0.05 secs] 
5430.746: [GC (GCLocker Initiated GC) [PSYoungGen: 330491K->176789K(465920K)] 662615K->539906K(1864192K), 0.0519828 secs] [Times: user=0.23 sys=0.00, real=0.06 secs] 
5430.933: [GC (Allocation Failure) [PSYoungGen: 409749K->184662K(465920K)] 772868K->602877K(1864192K), 0.0431218 secs] [Times: user=0.20 sys=0.00, real=0.04 secs] 
5431.077: [GC (Allocation Failure) [PSYoungGen: 417622K->186677K(465920K)] 835837K->660900K(1864192K), 0.0452431 secs] [Times: user=0.21 sys=0.00, real=0.05 secs] 
5432.095: [GC (Allocation Failure) [PSYoungGen: 419637K->98284K(465920K)] 893860K->642731K(1864192K), 0.0443922 secs] [Times: user=0.23 sys=0.00, real=0.05 secs] 
5432.860: [GC (Allocation Failure) [PSYoungGen: 331244K->165203K(465920K)] 875691K->741660K(1864192K), 0.0981167 secs] [Times: user=0.50 sys=0.00, real=0.10 secs] 
5433.210: [GC (Allocation Failure) [PSYoungGen: 398163K->184214K(465920K)] 974620K->812810K(1864192K), 0.0442075 secs] [Times: user=0.20 sys=0.00, real=0.04 secs] 
5433.365: [GC (Allocation Failure) [PSYoungGen: 417174K->186007K(465920K)] 1045770K->878611K(1864192K), 0.0502292 secs] [Times: user=0.23 sys=0.00, real=0.05 secs] 
5433.609: [GC (Allocation Failure) [PSYoungGen: 418967K->218997K(465920K)] 1111571K->970537K(1864192K), 0.0619064 secs] [Times: user=0.31 sys=0.00, real=0.06 secs] 
5435.034: [GC (Allocation Failure) [PSYoungGen: 451957K->86314K(465920K)] 1203497K->908190K(1864192K), 0.0926155 secs] [Times: user=0.50 sys=0.01, real=0.09 secs] 
5436.164: [GC (Allocation Failure) [PSYoungGen: 319274K->174709K(465920K)] 1141150K->1023866K(1864192K), 0.0582585 secs] [Times: user=0.27 sys=0.00, real=0.06 secs] 
5436.376: [GC (Allocation Failure) [PSYoungGen: 407669K->184502K(465920K)] 1256826K->1088279K(1864192K), 0.0435866 secs] [Times: user=0.20 sys=0.00, real=0.05 secs] 
5436.569: [GC (Allocation Failure) [PSYoungGen: 417462K->186869K(465920K)] 1321239K->1146518K(1864192K), 0.0652061 secs] [Times: user=0.32 sys=0.00, real=0.06 secs] 
5437.624: [GC (Allocation Failure) [PSYoungGen: 419829K->106285K(465920K)] 1379478K->1136350K(1864192K), 0.0455559 secs] [Times: user=0.23 sys=0.00, real=0.05 secs] 
5438.831: [GC (Allocation Failure) [PSYoungGen: 339245K->158067K(465920K)] 1369310K->1222924K(1864192K), 0.1427731 secs] [Times: user=0.78 sys=0.00, real=0.14 secs] 
5439.469: [GC (Allocation Failure) [PSYoungGen: 391027K->183861K(465920K)] 1455884K->1297791K(1864192K), 0.0537585 secs] [Times: user=0.26 sys=0.00, real=0.05 secs] 
5439.630: [GC (Allocation Failure) [PSYoungGen: 416821K->186071K(465920K)] 1530751K->1364008K(1864192K), 0.0537938 secs] [Times: user=0.25 sys=0.00, real=0.05 secs] 
5439.785: [GC (Allocation Failure) [PSYoungGen: 419031K->186773K(465920K)] 1596968K->1423734K(1864192K), 0.0591588 secs] [Times: user=0.30 sys=0.00, real=0.06 secs] 
5441.081: [GC (Allocation Failure) [PSYoungGen: 419733K->87642K(465920K)] 1656694K->1395236K(1864192K), 0.0627333 secs] [Times: user=0.34 sys=0.00, real=0.06 secs] 
5442.512: [GC (Allocation Failure) [PSYoungGen: 320602K->177013K(465920K)] 1628196K->1512068K(1864192K), 0.0571646 secs] [Times: user=0.25 sys=0.00, real=0.06 secs] 
5442.569: [Full GC (Ergonomics) [PSYoungGen: 177013K->0K(465920K)] [ParOldGen: 1335054K->217283K(1398272K)] 1512068K->217283K(1864192K), [Metaspace: 59578K->59578K(1105920K)], 0.2780009 secs] [Times: user=1.34 sys=0.00, real=0.28 secs] 
5442.951: [GC (Allocation Failure) [PSYoungGen: 232960K->182005K(465920K)] 450243K->399289K(1864192K), 0.0263067 secs] [Times: user=0.10 sys=0.00, real=0.02 secs] 
5443.091: [GC (Allocation Failure) [PSYoungGen: 414965K->185877K(465920K)] 632249K->458304K(1864192K), 0.0444440 secs] [Times: user=0.20 sys=0.00, real=0.04 secs] 
5444.154: [GC (Allocation Failure) [PSYoungGen: 418837K->114958K(465920K)] 691264K->457385K(1864192K), 0.0458336 secs] [Times: user=0.23 sys=0.00, real=0.05 secs] 
5444.760: [GC (Allocation Failure) [PSYoungGen: 347918K->152690K(465920K)] 690345K->532718K(1864192K), 0.1161447 secs] [Times: user=0.61 sys=0.01, real=0.11 secs] 
5445.269: [GC (Allocation Failure) [PSYoungGen: 385650K->183765K(465920K)] 765678K->611618K(1864192K), 0.0541142 secs] [Times: user=0.25 sys=0.00, real=0.05 secs] 
5445.435: [GC (Allocation Failure) [PSYoungGen: 416725K->182742K(465920K)] 844578K->674475K(1864192K), 0.0499680 secs] [Times: user=0.23 sys=0.00, real=0.05 secs] 
5445.590: [GC (Allocation Failure) [PSYoungGen: 415702K->186965K(465920K)] 907435K->737049K(1864192K), 0.0563648 secs] [Times: user=0.28 sys=0.00, real=0.05 secs] 
5446.632: [GC (Allocation Failure) [PSYoungGen: 419925K->93563K(465920K)] 970009K->714279K(1864192K), 0.0424202 secs] [Times: user=0.21 sys=0.00, real=0.04 secs] 
5447.745: [GC (Allocation Failure) [PSYoungGen: 326523K->169716K(465920K)] 947239K->820077K(1864192K), 0.0514061 secs] [Times: user=0.23 sys=0.00, real=0.05 secs] 
5447.941: [GC (Allocation Failure) [PSYoungGen: 402676K->182741K(465920K)] 1053037K->886215K(1864192K), 0.0423524 secs] [Times: user=0.19 sys=0.00, real=0.04 secs] 
5448.132: [GC (GCLocker Initiated GC) [PSYoungGen: 415701K->184917K(465920K)] 1119175K->943670K(1864192K), 0.0643582 secs] [Times: user=0.32 sys=0.00, real=0.06 secs] 
5449.214: [GC (Allocation Failure) [PSYoungGen: 417877K->126031K(465920K)] 1176632K->954642K(1864192K), 0.0481256 secs] [Times: user=0.24 sys=0.00, real=0.05 secs] 
5450.098: [GC (Allocation Failure) [PSYoungGen: 358991K->141457K(465920K)] 1187602K->1010084K(1864192K), 0.1627342 secs] [Times: user=0.90 sys=0.00, real=0.16 secs] 
5450.596: [GC (Allocation Failure) [PSYoungGen: 374417K->191828K(465920K)] 1243044K->1105928K(1864192K), 0.0457446 secs] [Times: user=0.21 sys=0.00, real=0.05 secs] 
5450.752: [GC (Allocation Failure) [PSYoungGen: 424788K->185815K(465920K)] 1338888K->1161459K(1864192K), 0.0497960 secs] [Times: user=0.23 sys=0.00, real=0.05 secs] 
5450.907: [GC (Allocation Failure) [PSYoungGen: 418775K->186133K(465920K)] 1394419K->1220793K(1864192K), 0.0581254 secs] [Times: user=0.28 sys=0.00, real=0.06 secs] 
5451.949: [GC (GCLocker Initiated GC) [PSYoungGen: 419093K->91787K(465920K)] 1453755K->1196777K(1864192K), 0.0444847 secs] [Times: user=0.23 sys=0.00, real=0.04 secs] 
5452.397: [GC (Allocation Failure) [PSYoungGen: 324747K->177621K(465920K)] 1429903K->1312639K(1864192K), 0.0339585 secs] [Times: user=0.14 sys=0.00, real=0.03 secs] 
5452.538: [GC (Allocation Failure) [PSYoungGen: 410581K->181365K(465920K)] 1545599K->1371867K(1864192K), 0.0454691 secs] [Times: user=0.21 sys=0.00, real=0.04 secs] 
5452.688: [GC (Allocation Failure) [PSYoungGen: 414325K->187157K(465920K)] 1604827K->1432650K(1864192K), 0.0476082 secs] [Times: user=0.22 sys=0.00, real=0.04 secs] 
5453.704: [GC (Allocation Failure) [PSYoungGen: 420117K->135024K(465920K)] 1665610K->1450982K(1864192K), 0.0513918 secs] [Times: user=0.26 sys=0.00, real=0.05 secs] 
5453.755: [Full GC (Ergonomics) [PSYoungGen: 135024K->0K(465920K)] [ParOldGen: 1315957K->345054K(1398272K)] 1450982K->345054K(1864192K), [Metaspace: 59578K->59578K(1105920K)], 0.5773720 secs] [Times: user=2.52 sys=0.00, real=0.58 secs] 
5454.718: [GC (Allocation Failure) [PSYoungGen: 232960K->135712K(465920K)] 578014K->480766K(1864192K), 0.0284756 secs] [Times: user=0.10 sys=0.00, real=0.02 secs] 
5455.032: [GC (Allocation Failure) [PSYoungGen: 368672K->175796K(465920K)] 713726K->564108K(1864192K), 0.0380451 secs] [Times: user=0.17 sys=0.00, real=0.04 secs] 
5455.180: [GC (Allocation Failure) [PSYoungGen: 408756K->185751K(465920K)] 797068K->635738K(1864192K), 0.0487364 secs] [Times: user=0.22 sys=0.00, real=0.05 secs] 
5455.349: [GC (Allocation Failure) [PSYoungGen: 418711K->184020K(465920K)] 868698K->692992K(1864192K), 0.0606836 secs] [Times: user=0.31 sys=0.00, real=0.06 secs] 
5456.391: [GC (Allocation Failure) [PSYoungGen: 416980K->89658K(465920K)] 925952K->668222K(1864192K), 0.0432247 secs] [Times: user=0.23 sys=0.00, real=0.04 secs] 
5457.378: [GC (Allocation Failure) [PSYoungGen: 322618K->175797K(465920K)] 901182K->783364K(1864192K), 0.0565531 secs] [Times: user=0.25 sys=0.00, real=0.05 secs] 
5457.591: [GC (Allocation Failure) [PSYoungGen: 408757K->184694K(465920K)] 1016324K->847145K(1864192K), 0.0431083 secs] [Times: user=0.19 sys=0.00, real=0.04 secs] 
5457.737: [GC (Allocation Failure) [PSYoungGen: 417654K->187189K(465920K)] 1080105K->905776K(1864192K), 0.0454079 secs] [Times: user=0.21 sys=0.00, real=0.04 secs] 
5458.724: [GC (Allocation Failure) [PSYoungGen: 420149K->144209K(465920K)] 1138736K->933253K(1864192K), 0.0496153 secs] [Times: user=0.24 sys=0.00, real=0.05 secs] 
5459.659: [GC (Allocation Failure) [PSYoungGen: 377169K->123038K(465920K)] 1166213K->957762K(1864192K), 0.1424305 secs] [Times: user=0.80 sys=0.00, real=0.14 secs] 
5460.375: [GC (Allocation Failure) [PSYoungGen: 355998K->175252K(465920K)] 1190722K->1048853K(1864192K), 0.0533541 secs] [Times: user=0.24 sys=0.01, real=0.06 secs] 
5460.631: [GC (Allocation Failure) [PSYoungGen: 408212K->185271K(465920K)] 1281813K->1120523K(1864192K), 0.0638217 secs] [Times: user=0.31 sys=0.00, real=0.06 secs] 
5460.822: [GC (Allocation Failure) [PSYoungGen: 418231K->203093K(465920K)] 1353483K->1197033K(1864192K), 0.0733602 secs] [Times: user=0.38 sys=0.00, real=0.07 secs] 
5462.233: [GC (GCLocker Initiated GC) [PSYoungGen: 436053K->93659K(465920K)] 1429993K->1157975K(1864192K), 0.0859606 secs] [Times: user=0.47 sys=0.00, real=0.09 secs] 
5462.484: [GC (Allocation Failure) [PSYoungGen: 326619K->174773K(465920K)] 1391102K->1270441K(1864192K), 0.0339353 secs] [Times: user=0.14 sys=0.00, real=0.04 secs] 
5463.206: [GC (Allocation Failure) [PSYoungGen: 407733K->183669K(465920K)] 1503401K->1333498K(1864192K), 0.1097357 secs] [Times: user=0.56 sys=0.00, real=0.11 secs] 
5463.687: [GC (Allocation Failure) [PSYoungGen: 407703K->170549K(465920K)] 1557531K->1384161K(1864192K), 0.0643853 secs] [Times: user=0.32 sys=0.00, real=0.07 secs] 
5464.735: [GC (Allocation Failure) [PSYoungGen: 403509K->168211K(465920K)] 1617121K->1435887K(1864192K), 0.0544878 secs] [Times: user=0.27 sys=0.00, real=0.06 secs] 
5465.334: [GC (Allocation Failure) [PSYoungGen: 401171K->105292K(465920K)] 1668847K->1437312K(1864192K), 0.0686401 secs] [Times: user=0.35 sys=0.00, real=0.07 secs] 
5465.402: [Full GC (Ergonomics) [PSYoungGen: 105292K->0K(465920K)] [ParOldGen: 1332020K->121597K(1398272K)] 1437312K->121597K(1864192K), [Metaspace: 59578K->59578K(1105920K)], 0.1588349 secs] [Times: user=0.68 sys=0.01, real=0.16 secs] 
5465.969: [GC (Allocation Failure) [PSYoungGen: 229285K->178453K(465920K)] 350882K->300051K(1864192K), 0.0313352 secs] [Times: user=0.11 sys=0.01, real=0.03 secs] 
5466.164: [GC (Allocation Failure) [PSYoungGen: 411413K->186805K(465920K)] 533011K->363946K(1864192K), 0.0574316 secs] [Times: user=0.27 sys=0.00, real=0.06 secs] 
5466.356: [GC (Allocation Failure) [PSYoungGen: 419765K->186837K(465920K)] 596906K->418578K(1864192K), 0.0443867 secs] [Times: user=0.20 sys=0.00, real=0.05 secs] 
5467.446: [GC (GCLocker Initiated GC) [PSYoungGen: 419797K->101916K(465920K)] 651540K->404051K(1864192K), 0.0439453 secs] [Times: user=0.23 sys=0.00, real=0.05 secs] 
5468.103: [GC (Allocation Failure) [PSYoungGen: 334876K->170932K(465920K)] 637014K->506214K(1864192K), 0.0838195 secs] [Times: user=0.40 sys=0.01, real=0.08 secs] 
5468.390: [GC (Allocation Failure) [PSYoungGen: 403892K->181653K(465920K)] 739174K->570563K(1864192K), 0.0497660 secs] [Times: user=0.23 sys=0.00, real=0.05 secs] 
5468.550: [GC (Allocation Failure) [PSYoungGen: 414613K->186199K(465920K)] 803523K->638405K(1864192K), 0.0494037 secs] [Times: user=0.23 sys=0.00, real=0.05 secs] 
5468.897: [GC (Allocation Failure) [PSYoungGen: 418771K->211444K(465920K)] 870977K->722906K(1864192K), 0.0528418 secs] [Times: user=0.26 sys=0.00, real=0.06 secs] 
5469.958: [GC (Allocation Failure) [PSYoungGen: 444404K->93979K(465920K)] 955866K->672649K(1864192K), 0.0623339 secs] [Times: user=0.33 sys=0.00, real=0.06 secs] 
5470.437: [GC (Allocation Failure) [PSYoungGen: 326939K->182742K(465920K)] 905609K->791461K(1864192K), 0.0482983 secs] [Times: user=0.21 sys=0.00, real=0.04 secs] 
5470.610: [GC (Allocation Failure) [PSYoungGen: 415702K->184726K(465920K)] 1024421K->850325K(1864192K), 0.0433773 secs] [Times: user=0.19 sys=0.00, real=0.04 secs] 
5470.788: [GC (Allocation Failure) [PSYoungGen: 417686K->183540K(465920K)] 1083285K->905092K(1864192K), 0.0531657 secs] [Times: user=0.25 sys=0.00, real=0.05 secs] 
5471.875: [GC (Allocation Failure) [PSYoungGen: 416500K->100732K(465920K)] 1138052K->891635K(1864192K), 0.0447188 secs] [Times: user=0.23 sys=0.00, real=0.05 secs] 
5472.600: [GC (Allocation Failure) [PSYoungGen: 333692K->163763K(465920K)] 1124595K->986951K(1864192K), 0.1072311 secs] [Times: user=0.55 sys=0.01, real=0.10 secs] 
5473.142: [GC (Allocation Failure) [PSYoungGen: 396723K->184406K(465920K)] 1219911K->1059002K(1864192K), 0.0522907 secs] [Times: user=0.25 sys=0.00, real=0.05 secs] 
5473.301: [GC (Allocation Failure) [PSYoungGen: 417366K->179734K(465920K)] 1291962K->1118306K(1864192K), 0.0493279 secs] [Times: user=0.24 sys=0.00, real=0.05 secs] 
5473.454: [GC (Allocation Failure) [PSYoungGen: 412694K->187029K(465920K)] 1351266K->1183073K(1864192K), 0.0543681 secs] [Times: user=0.26 sys=0.00, real=0.06 secs] 
5474.556: [GC (Allocation Failure) [PSYoungGen: 419989K->93659K(465920K)] 1416033K->1160431K(1864192K), 0.0431033 secs] [Times: user=0.23 sys=0.00, real=0.05 secs] 
5475.665: [GC (Allocation Failure) [PSYoungGen: 326619K->178197K(465920K)] 1393391K->1274478K(1864192K), 0.0557121 secs] [Times: user=0.25 sys=0.00, real=0.06 secs] 
5475.862: [GC (Allocation Failure) [PSYoungGen: 411157K->181493K(465920K)] 1507438K->1333426K(1864192K), 0.0437624 secs] [Times: user=0.19 sys=0.00, real=0.04 secs] 
5476.011: [GC (Allocation Failure) [PSYoungGen: 414453K->187061K(465920K)] 1566386K->1393962K(1864192K), 0.0460288 secs] [Times: user=0.21 sys=0.00, real=0.04 secs] 
5477.062: [GC (Allocation Failure) [PSYoungGen: 420021K->104700K(465920K)] 1626922K->1382234K(1864192K), 0.0457291 secs] [Times: user=0.24 sys=0.00, real=0.05 secs] 
5477.745: [GC (GCLocker Initiated GC) [PSYoungGen: 337660K->162387K(465920K)] 1615194K->1473841K(1864192K), 0.0826795 secs] [Times: user=0.42 sys=0.00, real=0.09 secs] 
5477.828: [Full GC (Ergonomics) [PSYoungGen: 162387K->0K(465920K)] [ParOldGen: 1311454K->182401K(1398272K)] 1473841K->182401K(1864192K), [Metaspace: 59579K->59579K(1105920K)], 0.2124341 secs] [Times: user=0.98 sys=0.01, real=0.21 secs] 
5478.403: [GC (Allocation Failure) [PSYoungGen: 232960K->180789K(465920K)] 415400K->363229K(1864192K), 0.0330032 secs] [Times: user=0.13 sys=0.00, real=0.03 secs] 
5478.575: [GC (Allocation Failure) [PSYoungGen: 413749K->185623K(465920K)] 596189K->431127K(1864192K), 0.0546358 secs] [Times: user=0.26 sys=0.00, real=0.06 secs] 
5478.755: [GC (Allocation Failure) [PSYoungGen: 418583K->186613K(465920K)] 664087K->491013K(1864192K), 0.0714650 secs] [Times: user=0.37 sys=0.00, real=0.07 secs] 
5479.938: [GC (GCLocker Initiated GC) [PSYoungGen: 419573K->89946K(465920K)] 723973K->464723K(1864192K), 0.0445019 secs] [Times: user=0.24 sys=0.00, real=0.04 secs] 
5480.965: [GC (Allocation Failure) [PSYoungGen: 322906K->172692K(465920K)] 697813K->576357K(1864192K), 0.0563492 secs] [Times: user=0.26 sys=0.00, real=0.06 secs] 
5481.176: [GC (Allocation Failure) [PSYoungGen: 405652K->184918K(465920K)] 809317K->642882K(1864192K), 0.0427467 secs] [Times: user=0.19 sys=0.00, real=0.05 secs] 
5481.350: [GC (Allocation Failure) [PSYoungGen: 417878K->186997K(465920K)] 875842K->700969K(1864192K), 0.0627712 secs] [Times: user=0.31 sys=0.00, real=0.06 secs] 
5482.421: [GC (Allocation Failure) [PSYoungGen: 419957K->112765K(465920K)] 933929K->697234K(1864192K), 0.0464496 secs] [Times: user=0.23 sys=0.00, real=0.04 secs] 
5483.355: [GC (Allocation Failure) [PSYoungGen: 345725K->156882K(465920K)] 930194K->778431K(1864192K), 0.1243626 secs] [Times: user=0.65 sys=0.00, real=0.13 secs] 
5483.719: [GC (Allocation Failure) [PSYoungGen: 389842K->181205K(465920K)] 1011391K->851898K(1864192K), 0.0416483 secs] [Times: user=0.19 sys=0.00, real=0.04 secs] 
5483.872: [GC (Allocation Failure) [PSYoungGen: 414165K->185751K(465920K)] 1084858K->919655K(1864192K), 0.0495274 secs] [Times: user=0.23 sys=0.00, real=0.05 secs] 
5484.064: [GC (Allocation Failure) [PSYoungGen: 418711K->186677K(465920K)] 1152615K->979589K(1864192K), 0.0807026 secs] [Times: user=0.41 sys=0.00, real=0.08 secs] 
5485.165: [GC (Allocation Failure) [PSYoungGen: 419028K->90202K(465920K)] 1211940K->953407K(1864192K), 0.0418403 secs] [Times: user=0.21 sys=0.00, real=0.04 secs] 
5485.906: [GC (Allocation Failure) [PSYoungGen: 323162K->174677K(465920K)] 1186367K->1067082K(1864192K), 0.0484402 secs] [Times: user=0.20 sys=0.01, real=0.05 secs] 
5486.124: [GC (Allocation Failure) [PSYoungGen: 407637K->184278K(465920K)] 1300042K->1131307K(1864192K), 0.0584358 secs] [Times: user=0.28 sys=0.00, real=0.06 secs] 
5486.341: [GC (Allocation Failure) [PSYoungGen: 417238K->186037K(465920K)] 1364267K->1188818K(1864192K), 0.0689627 secs] [Times: user=0.33 sys=0.00, real=0.07 secs] 
5487.469: [GC (Allocation Failure) [PSYoungGen: 418997K->116814K(465920K)] 1421778K->1189924K(1864192K), 0.0475786 secs] [Times: user=0.24 sys=0.00, real=0.04 secs] 
5488.452: [GC (Allocation Failure) [PSYoungGen: 349774K->149441K(465920K)] 1422884K->1259812K(1864192K), 0.1335352 secs] [Times: user=0.73 sys=0.01, real=0.13 secs] 
5488.963: [GC (Allocation Failure) [PSYoungGen: 382401K->181109K(465920K)] 1492772K->1338015K(1864192K), 0.0510312 secs] [Times: user=0.24 sys=0.00, real=0.05 secs] 
5489.185: [GC (Allocation Failure) [PSYoungGen: 414069K->182358K(465920K)] 1570975K->1402341K(1864192K), 0.0737934 secs] [Times: user=0.37 sys=0.00, real=0.08 secs] 
5489.409: [GC (Allocation Failure) [PSYoungGen: 415318K->186709K(465920K)] 1635301K->1464851K(1864192K), 0.0762872 secs] [Times: user=0.39 sys=0.00, real=0.07 secs] 
5490.457: [GC (Allocation Failure) [PSYoungGen: 419669K->92699K(465920K)] 1697811K->1441417K(1864192K), 0.0444767 secs] [Times: user=0.23 sys=0.01, real=0.05 secs] 
5490.502: [Full GC (Ergonomics) [PSYoungGen: 92699K->0K(465920K)] [ParOldGen: 1348718K->100340K(1398272K)] 1441417K->100340K(1864192K), [Metaspace: 59579K->59579K(1105920K)], 0.0771120 secs] [Times: user=0.30 sys=0.00, real=0.08 secs] 
5491.153: [GC (Allocation Failure) [PSYoungGen: 232960K->177301K(465920K)] 333300K->277641K(1864192K), 0.0436852 secs] [Times: user=0.17 sys=0.00, real=0.04 secs] 
5491.373: [GC (Allocation Failure) [PSYoungGen: 410261K->184886K(465920K)] 510601K->340718K(1864192K), 0.0422544 secs] [Times: user=0.19 sys=0.00, real=0.04 secs] 
5491.517: [GC (Allocation Failure) [PSYoungGen: 417846K->186741K(465920K)] 573678K->398613K(1864192K), 0.0443285 secs] [Times: user=0.20 sys=0.00, real=0.05 secs] 
5492.535: [GC (Allocation Failure) [PSYoungGen: 419701K->122159K(465920K)] 631573K->404471K(1864192K), 0.0463803 secs] [Times: user=0.24 sys=0.00, real=0.05 secs] 
5493.207: [GC (Allocation Failure) [PSYoungGen: 353394K->142001K(465920K)] 635706K->463025K(1864192K), 0.1205327 secs] [Times: user=0.64 sys=0.00, real=0.13 secs] 
5493.789: [GC (Allocation Failure) [PSYoungGen: 374961K->177429K(465920K)] 695985K->543326K(1864192K), 0.0509927 secs] [Times: user=0.23 sys=0.00, real=0.05 secs] 
5493.985: [GC (Allocation Failure) [PSYoungGen: 410389K->185783K(465920K)] 776286K->613868K(1864192K), 0.0590189 secs] [Times: user=0.29 sys=0.00, real=0.06 secs] 
5494.157: [GC (Allocation Failure) [PSYoungGen: 418743K->203253K(465920K)] 846828K->690418K(1864192K), 0.0572492 secs] [Times: user=0.29 sys=0.00, real=0.06 secs] 
5495.168: [GC (Allocation Failure) [PSYoungGen: 436213K->89530K(465920K)] 923378K->647272K(1864192K), 0.0421686 secs] [Times: user=0.22 sys=0.00, real=0.04 secs] 
5496.153: [GC (Allocation Failure) [PSYoungGen: 322490K->173365K(465920K)] 880232K->759287K(1864192K), 0.0562520 secs] [Times: user=0.25 sys=0.01, real=0.06 secs] 
5496.370: [GC (Allocation Failure) [PSYoungGen: 406325K->184726K(465920K)] 992247K->825076K(1864192K), 0.0442281 secs] [Times: user=0.20 sys=0.00, real=0.04 secs] 
5496.520: [GC (Allocation Failure) [PSYoungGen: 417686K->187253K(465920K)] 1058036K->883519K(1864192K), 0.0464998 secs] [Times: user=0.21 sys=0.00, real=0.04 secs] 
5497.531: [GC (Allocation Failure) [PSYoungGen: 420213K->135312K(465920K)] 1116479K->901995K(1864192K), 0.0503003 secs] [Times: user=0.25 sys=0.00, real=0.05 secs] 
5497.933: [GC (Allocation Failure) [PSYoungGen: 368272K->139792K(465920K)] 1134955K->949459K(1864192K), 0.0802421 secs] [Times: user=0.43 sys=0.00, real=0.08 secs] 
5498.227: [GC (Allocation Failure) [PSYoungGen: 372752K->175284K(465920K)] 1182419K->1029455K(1864192K), 0.0386235 secs] [Times: user=0.17 sys=0.00, real=0.04 secs] 
5498.404: [GC (Allocation Failure) [PSYoungGen: 408244K->185527K(465920K)] 1262415K->1101242K(1864192K), 0.0709329 secs] [Times: user=0.35 sys=0.00, real=0.07 secs] 
5498.639: [GC (Allocation Failure) [PSYoungGen: 418487K->186421K(465920K)] 1334202K->1160984K(1864192K), 0.0758350 secs] [Times: user=0.40 sys=0.00, real=0.07 secs] 
5499.693: [GC (Allocation Failure) [PSYoungGen: 419381K->91323K(465920K)] 1393944K->1136178K(1864192K), 0.0448813 secs] [Times: user=0.24 sys=0.00, real=0.05 secs] 
5500.908: [GC (Allocation Failure) [PSYoungGen: 324283K->172404K(465920K)] 1369138K->1246337K(1864192K), 0.0585304 secs] [Times: user=0.27 sys=0.00, real=0.05 secs] 
5501.127: [GC (Allocation Failure) [PSYoungGen: 405364K->184950K(465920K)] 1479297K->1312714K(1864192K), 0.0438740 secs] [Times: user=0.20 sys=0.00, real=0.05 secs] 
5501.296: [GC (Allocation Failure) [PSYoungGen: 417910K->187541K(465920K)] 1545674K->1371473K(1864192K), 0.0510100 secs] [Times: user=0.25 sys=0.00, real=0.05 secs] 
5502.296: [GC (Allocation Failure) [PSYoungGen: 420501K->138769K(465920K)] 1604433K->1393429K(1864192K), 0.0505619 secs] [Times: user=0.26 sys=0.00, real=0.05 secs] 
5503.254: [GC (Allocation Failure) [PSYoungGen: 371729K->128847K(465920K)] 1626389K->1427435K(1864192K), 0.1500399 secs] [Times: user=0.84 sys=0.01, real=0.15 secs] 
5503.929: [GC (Allocation Failure) [PSYoungGen: 361807K->176020K(465920K)] 1660397K->1515339K(1864192K), 0.0529604 secs] [Times: user=0.25 sys=0.00, real=0.05 secs] 
5503.982: [Full GC (Ergonomics) [PSYoungGen: 176020K->0K(465920K)] [ParOldGen: 1339318K->232511K(1398272K)] 1515339K->232511K(1864192K), [Metaspace: 59579K->59579K(1105920K)], 0.2862175 secs] [Times: user=1.33 sys=0.00, real=0.29 secs] 
5504.377: [GC (Allocation Failure) [PSYoungGen: 232960K->182390K(465920K)] 465471K->414902K(1864192K), 0.0883750 secs] [Times: user=0.47 sys=0.00, real=0.08 secs] 
5504.569: [GC (Allocation Failure) [PSYoungGen: 415350K->186805K(465920K)] 647862K->477445K(1864192K), 0.0545870 secs] [Times: user=0.27 sys=0.00, real=0.05 secs] 
5505.600: [GC (Allocation Failure) [PSYoungGen: 419621K->92939K(465920K)] 710261K->454099K(1864192K), 0.0589014 secs] [Times: user=0.31 sys=0.00, real=0.06 secs] 
5506.277: [GC (Allocation Failure) [PSYoungGen: 325899K->170932K(465920K)] 687059K->562489K(1864192K), 0.0571357 secs] [Times: user=0.25 sys=0.00, real=0.06 secs] 
5506.535: [GC (Allocation Failure) [PSYoungGen: 403892K->184406K(465920K)] 795449K->629558K(1864192K), 0.0487693 secs] [Times: user=0.23 sys=0.00, real=0.05 secs] 
5506.687: [GC (Allocation Failure) [PSYoungGen: 417366K->187765K(465920K)] 862518K->688934K(1864192K), 0.0447221 secs] [Times: user=0.20 sys=0.00, real=0.04 secs] 
5507.710: [GC (Allocation Failure) [PSYoungGen: 420725K->152082K(465920K)] 921894K->723923K(1864192K), 0.0516912 secs] [Times: user=0.25 sys=0.01, real=0.05 secs] 
5508.547: [GC (Allocation Failure) [PSYoungGen: 385042K->113453K(465920K)] 956883K->733926K(1864192K), 0.1639666 secs] [Times: user=0.92 sys=0.01, real=0.17 secs] 
5509.606: [GC (Allocation Failure) [PSYoungGen: 346413K->174836K(465920K)] 966886K->831258K(1864192K), 0.0556859 secs] [Times: user=0.26 sys=0.00, real=0.06 secs] 
5509.797: [GC (Allocation Failure) [PSYoungGen: 407796K->185015K(465920K)] 1064218K->902685K(1864192K), 0.0490122 secs] [Times: user=0.23 sys=0.00, real=0.05 secs] 
5509.949: [GC (Allocation Failure) [PSYoungGen: 417975K->183412K(465920K)] 1135645K->959906K(1864192K), 0.0572017 secs] [Times: user=0.28 sys=0.00, real=0.05 secs] 
5510.995: [GC (Allocation Failure) [PSYoungGen: 416372K->97547K(465920K)] 1192866K->943213K(1864192K), 0.0457046 secs] [Times: user=0.24 sys=0.00, real=0.05 secs] 
5512.088: [GC (Allocation Failure) [PSYoungGen: 330507K->166420K(465920K)] 1176173K->1043294K(1864192K), 0.0809843 secs] [Times: user=0.39 sys=0.01, real=0.08 secs] 
5512.329: [GC (Allocation Failure) [PSYoungGen: 399380K->184822K(465920K)] 1276254K->1114129K(1864192K), 0.0421552 secs] [Times: user=0.19 sys=0.00, real=0.04 secs] 
5512.483: [GC (Allocation Failure) [PSYoungGen: 417782K->185911K(465920K)] 1347089K->1179586K(1864192K), 0.0504452 secs] [Times: user=0.23 sys=0.00, real=0.05 secs] 
5513.429: [GC (Allocation Failure) [PSYoungGen: 418871K->170611K(465920K)] 1412546K->1223298K(1864192K), 0.0579291 secs] [Times: user=0.29 sys=0.00, real=0.05 secs] 
5513.781: [GC (Allocation Failure) [PSYoungGen: 403571K->106220K(465920K)] 1456258K->1224235K(1864192K), 0.0418250 secs] [Times: user=0.21 sys=0.01, real=0.04 secs] 
5514.246: [GC (Allocation Failure) [PSYoungGen: 339180K->177301K(465920K)] 1457195K->1329556K(1864192K), 0.0361561 secs] [Times: user=0.15 sys=0.00, real=0.04 secs] 
5514.413: [GC (Allocation Failure) [PSYoungGen: 410261K->184662K(465920K)] 1562516K->1392493K(1864192K), 0.0616378 secs] [Times: user=0.30 sys=0.00, real=0.06 secs] 
5514.655: [GC (Allocation Failure) [PSYoungGen: 417622K->186581K(465920K)] 1625453K->1450324K(1864192K), 0.0655206 secs] [Times: user=0.32 sys=0.00, real=0.07 secs] 
5515.726: [GC (Allocation Failure) [PSYoungGen: 419541K->96811K(465920K)] 1683284K->1431023K(1864192K), 0.0453453 secs] [Times: user=0.23 sys=0.00, real=0.05 secs] 
5515.772: [Full GC (Ergonomics) [PSYoungGen: 96811K->0K(465920K)] [ParOldGen: 1334211K->88689K(1398272K)] 1431023K->88689K(1864192K), [Metaspace: 59579K->59579K(1105920K)], 0.0426699 secs] [Times: user=0.14 sys=0.00, real=0.04 secs] 
5516.470: [GC (Allocation Failure) [PSYoungGen: 232960K->170548K(465920K)] 321649K->259238K(1864192K), 0.0444277 secs] [Times: user=0.17 sys=0.00, real=0.04 secs] 
5516.733: [GC (Allocation Failure) [PSYoungGen: 403508K->184470K(465920K)] 492198K->326531K(1864192K), 0.0576697 secs] [Times: user=0.27 sys=0.00, real=0.06 secs] 
5516.907: [GC (Allocation Failure) [PSYoungGen: 417430K->185975K(465920K)] 559491K->392213K(1864192K), 0.0494392 secs] [Times: user=0.23 sys=0.00, real=0.05 secs] 
5517.686: [GC (Allocation Failure) [PSYoungGen: 418935K->193779K(465920K)] 625173K->459145K(1864192K), 0.0555515 secs] [Times: user=0.28 sys=0.00, real=0.06 secs] 
5518.590: [GC (Allocation Failure) [PSYoungGen: 426739K->97547K(465920K)] 692105K->428737K(1864192K), 0.1025384 secs] [Times: user=0.56 sys=0.00, real=0.10 secs] 
5519.589: [GC (Allocation Failure) [PSYoungGen: 330507K->181110K(465920K)] 661697K->543092K(1864192K), 0.0469187 secs] [Times: user=0.21 sys=0.00, real=0.04 secs] 
5519.757: [GC (Allocation Failure) [PSYoungGen: 414070K->193046K(465920K)] 776052K->611621K(1864192K), 0.0436571 secs] [Times: user=0.20 sys=0.00, real=0.05 secs] 
5519.904: [GC (Allocation Failure) [PSYoungGen: 426006K->186709K(465920K)] 844581K->661476K(1864192K), 0.0451232 secs] [Times: user=0.21 sys=0.00, real=0.05 secs] 
5520.964: [GC (Allocation Failure) [PSYoungGen: 419669K->97307K(465920K)] 894436K->642454K(1864192K), 0.0435769 secs] [Times: user=0.23 sys=0.00, real=0.04 secs] 
5522.019: [GC (Allocation Failure) [PSYoungGen: 330267K->163635K(465920K)] 875414K->740347K(1864192K), 0.0959446 secs] [Times: user=0.48 sys=0.00, real=0.09 secs] 
5522.295: [GC (Allocation Failure) [PSYoungGen: 396595K->181461K(465920K)] 973307K->809353K(1864192K), 0.0423397 secs] [Times: user=0.19 sys=0.00, real=0.05 secs] 
5522.468: [GC (Allocation Failure) [PSYoungGen: 414421K->185719K(465920K)] 1042313K->877131K(1864192K), 0.0687788 secs] [Times: user=0.34 sys=0.00, real=0.06 secs] 
5522.672: [GC (Allocation Failure) [PSYoungGen: 418679K->186709K(465920K)] 1110091K->937017K(1864192K), 0.0547245 secs] [Times: user=0.26 sys=0.00, real=0.05 secs] 
5524.102: [GC (Allocation Failure) [PSYoungGen: 419669K->87418K(465920K)] 1169977K->908174K(1864192K), 0.0772253 secs] [Times: user=0.42 sys=0.00, real=0.08 secs] 
5525.331: [GC (Allocation Failure) [PSYoungGen: 320378K->177333K(465920K)] 1141134K->1025382K(1864192K), 0.0504708 secs] [Times: user=0.22 sys=0.01, real=0.05 secs] 
5525.515: [GC (Allocation Failure) [PSYoungGen: 410293K->184854K(465920K)] 1258342K->1088279K(1864192K), 0.0432181 secs] [Times: user=0.20 sys=0.00, real=0.05 secs] 
5525.661: [GC (Allocation Failure) [PSYoungGen: 417814K->187189K(465920K)] 1321239K->1146638K(1864192K), 0.0455816 secs] [Times: user=0.21 sys=0.00, real=0.04 secs] 
5526.704: [GC (Allocation Failure) [PSYoungGen: 420149K->101196K(465920K)] 1379598K->1131377K(1864192K), 0.0456252 secs] [Times: user=0.24 sys=0.00, real=0.05 secs] 
5527.464: [GC (Allocation Failure) [PSYoungGen: 334156K->161267K(465920K)] 1364337K->1224564K(1864192K), 0.0791468 secs] [Times: user=0.39 sys=0.00, real=0.08 secs] 
5527.829: [GC (Allocation Failure) [PSYoungGen: 394227K->184278K(465920K)] 1457524K->1297895K(1864192K), 0.0420337 secs] [Times: user=0.18 sys=0.00, real=0.04 secs] 
5527.978: [GC (Allocation Failure) [PSYoungGen: 417238K->186231K(465920K)] 1530855K->1372184K(1864192K), 0.0502653 secs] [Times: user=0.24 sys=0.00, real=0.05 secs] 
5528.130: [GC (Allocation Failure) [PSYoungGen: 419191K->186325K(465920K)] 1605144K->1431302K(1864192K), 0.0567475 secs] [Times: user=0.28 sys=0.00, real=0.05 secs] 
5529.245: [GC (Allocation Failure) [PSYoungGen: 419285K->88122K(465920K)] 1664262K->1403295K(1864192K), 0.0409437 secs] [Times: user=0.21 sys=0.00, real=0.04 secs] 
5529.286: [Full GC (Ergonomics) [PSYoungGen: 88122K->0K(465920K)] [ParOldGen: 1315173K->102199K(1398272K)] 1403295K->102199K(1864192K), [Metaspace: 59579K->59579K(1105920K)], 0.0902427 secs] [Times: user=0.37 sys=0.00, real=0.09 secs] 
5530.566: [GC (Allocation Failure) [PSYoungGen: 232960K->176885K(465920K)] 335159K->279085K(1864192K), 0.0350076 secs] [Times: user=0.13 sys=0.00, real=0.04 secs] 
5530.735: [GC (Allocation Failure) [PSYoungGen: 409845K->184790K(465920K)] 512045K->342410K(1864192K), 0.0408602 secs] [Times: user=0.18 sys=0.00, real=0.04 secs] 
5530.895: [GC (GCLocker Initiated GC) [PSYoungGen: 417750K->182324K(465920K)] 575370K->395865K(1864192K), 0.0486922 secs] [Times: user=0.23 sys=0.00, real=0.05 secs] 
5531.936: [GC (Allocation Failure) [PSYoungGen: 415284K->112477K(465920K)] 628826K->394775K(1864192K), 0.0448753 secs] [Times: user=0.23 sys=0.00, real=0.05 secs] 
5532.489: [GC (Allocation Failure) [PSYoungGen: 345437K->157651K(465920K)] 627735K->477128K(1864192K), 0.1133974 secs] [Times: user=0.59 sys=0.00, real=0.11 secs] 
5532.913: [GC (Allocation Failure) [PSYoungGen: 390611K->180885K(465920K)] 710088K->549619K(1864192K), 0.0418663 secs] [Times: user=0.19 sys=0.00, real=0.04 secs] 
5533.067: [GC (Allocation Failure) [PSYoungGen: 413845K->185719K(465920K)] 782579K->617633K(1864192K), 0.0491363 secs] [Times: user=0.23 sys=0.00, real=0.04 secs] 
5533.265: [GC (Allocation Failure) [PSYoungGen: 418679K->186453K(465920K)] 850593K->677287K(1864192K), 0.0797202 secs] [Times: user=0.41 sys=0.00, real=0.08 secs] 
5534.411: [GC (Allocation Failure) [PSYoungGen: 419413K->89898K(465920K)] 910247K->651040K(1864192K), 0.0438546 secs] [Times: user=0.23 sys=0.00, real=0.04 secs] 
5535.346: [GC (Allocation Failure) [PSYoungGen: 322858K->173813K(465920K)] 884000K->763687K(1864192K), 0.0527909 secs] [Times: user=0.23 sys=0.00, real=0.06 secs] 
5535.543: [GC (Allocation Failure) [PSYoungGen: 406773K->184950K(465920K)] 996647K->829241K(1864192K), 0.0439725 secs] [Times: user=0.20 sys=0.00, real=0.04 secs] 
5535.726: [GC (Allocation Failure) [PSYoungGen: 417910K->183540K(465920K)] 1062201K->883863K(1864192K), 0.0633751 secs] [Times: user=0.32 sys=0.00, real=0.07 secs] 
5536.780: [GC (Allocation Failure) [PSYoungGen: 416500K->120478K(465920K)] 1116823K->889961K(1864192K), 0.0477004 secs] [Times: user=0.24 sys=0.00, real=0.05 secs] 
5537.553: [GC (Allocation Failure) [PSYoungGen: 353438K->149329K(465920K)] 1122921K->958205K(1864192K), 0.1480040 secs] [Times: user=0.80 sys=0.00, real=0.15 secs] 
5538.174: [GC (Allocation Failure) [PSYoungGen: 382289K->176917K(465920K)] 1191165K->1032708K(1864192K), 0.0552107 secs] [Times: user=0.26 sys=0.00, real=0.06 secs] 
5538.391: [GC (Allocation Failure) [PSYoungGen: 409877K->185943K(465920K)] 1265668K->1103782K(1864192K), 0.0580527 secs] [Times: user=0.28 sys=0.00, real=0.06 secs] 
5538.592: [GC (Allocation Failure) [PSYoungGen: 418903K->186485K(465920K)] 1336742K->1163336K(1864192K), 0.0821931 secs] [Times: user=0.43 sys=0.00, real=0.08 secs] 
5539.646: [GC (Allocation Failure) [PSYoungGen: 419445K->96811K(465920K)] 1396296K->1143983K(1864192K), 0.0439844 secs] [Times: user=0.23 sys=0.00, real=0.05 secs] 
5540.367: [GC (Allocation Failure) [PSYoungGen: 329771K->171636K(465920K)] 1376943K->1249636K(1864192K), 0.0619493 secs] [Times: user=0.27 sys=0.01, real=0.07 secs] 
5540.590: [GC (Allocation Failure) [PSYoungGen: 404596K->184726K(465920K)] 1482596K->1316994K(1864192K), 0.0454117 secs] [Times: user=0.21 sys=0.00, real=0.04 secs] 
5540.741: [GC (Allocation Failure) [PSYoungGen: 417686K->186933K(465920K)] 1549954K->1375289K(1864192K), 0.0479947 secs] [Times: user=0.22 sys=0.00, real=0.05 secs] 
5541.789: [GC (Allocation Failure) [PSYoungGen: 419893K->124687K(465920K)] 1608249K->1383388K(1864192K), 0.0498657 secs] [Times: user=0.25 sys=0.00, real=0.05 secs] 
5542.220: [GC (Allocation Failure) [PSYoungGen: 357647K->144369K(465920K)] 1616348K->1442709K(1864192K), 0.0934954 secs] [Times: user=0.50 sys=0.00, real=0.09 secs] 
5542.525: [GC (Allocation Failure) [PSYoungGen: 377329K->183029K(465920K)] 1675669K->1526791K(1864192K), 0.0557269 secs] [Times: user=0.26 sys=0.00, real=0.06 secs] 
5542.581: [Full GC (Ergonomics) [PSYoungGen: 183029K->0K(465920K)] [ParOldGen: 1343761K->244669K(1398272K)] 1526791K->244669K(1864192K), [Metaspace: 59579K->59579K(1105920K)], 0.3036225 secs] [Times: user=1.41 sys=0.00, real=0.30 secs] 
5542.991: [GC (Allocation Failure) [PSYoungGen: 232960K->185271K(465920K)] 477629K->429940K(1864192K), 0.0899738 secs] [Times: user=0.47 sys=0.00, real=0.09 secs] 
5543.181: [GC (Allocation Failure) [PSYoungGen: 418231K->183092K(465920K)] 662900K->486554K(1864192K), 0.0560914 secs] [Times: user=0.27 sys=0.00, real=0.06 secs] 
5544.209: [GC (Allocation Failure) [PSYoungGen: 416052K->91259K(465920K)] 719514K->463900K(1864192K), 0.0411033 secs] [Times: user=0.21 sys=0.00, real=0.04 secs] 
5545.230: [GC (GCLocker Initiated GC) [PSYoungGen: 324219K->173781K(465920K)] 696861K->575932K(1864192K), 0.0623356 secs] [Times: user=0.28 sys=0.00, real=0.06 secs] 
5545.462: [GC (Allocation Failure) [PSYoungGen: 406741K->184758K(465920K)] 809059K->641396K(1864192K), 0.0436469 secs] [Times: user=0.20 sys=0.00, real=0.04 secs] 
5545.606: [GC (Allocation Failure) [PSYoungGen: 417718K->184661K(465920K)] 874356K->697299K(1864192K), 0.0459184 secs] [Times: user=0.21 sys=0.00, real=0.05 secs] 
5546.630: [GC (Allocation Failure) [PSYoungGen: 417621K->133072K(465920K)] 930259K->715326K(1864192K), 0.0489378 secs] [Times: user=0.25 sys=0.00, real=0.05 secs] 
5547.208: [GC (GCLocker Initiated GC) [PSYoungGen: 366032K->135264K(465920K)] 948286K->759698K(1864192K), 0.1407529 secs] [Times: user=0.78 sys=0.00, real=0.14 secs] 
5547.885: [GC (Allocation Failure) [PSYoungGen: 368224K->178165K(465920K)] 992789K->845659K(1864192K), 0.0575773 secs] [Times: user=0.27 sys=0.00, real=0.06 secs] 
5548.118: [GC (Allocation Failure) [PSYoungGen: 411125K->182710K(465920K)] 1078619K->912368K(1864192K), 0.0676386 secs] [Times: user=0.33 sys=0.00, real=0.06 secs] 
5548.299: [GC (Allocation Failure) [PSYoungGen: 415670K->186485K(465920K)] 1145328K->974131K(1864192K), 0.0595891 secs] [Times: user=0.29 sys=0.00, real=0.06 secs] 
5549.371: [GC (Allocation Failure) [PSYoungGen: 419324K->94379K(465920K)] 1206970K->952361K(1864192K), 0.0470531 secs] [Times: user=0.24 sys=0.00, real=0.05 secs] 
5549.920: [GC (Allocation Failure) [PSYoungGen: 327339K->173301K(465920K)] 1185321K->1061272K(1864192K), 0.0559259 secs] [Times: user=0.24 sys=0.00, real=0.05 secs] 
5550.122: [GC (Allocation Failure) [PSYoungGen: 406261K->184918K(465920K)] 1294232K->1127265K(1864192K), 0.0440702 secs] [Times: user=0.20 sys=0.00, real=0.04 secs] 
5550.268: [GC (Allocation Failure) [PSYoungGen: 417878K->187093K(465920K)] 1360225K->1185568K(1864192K), 0.0465118 secs] [Times: user=0.21 sys=0.00, real=0.04 secs] 
5551.251: [GC (Allocation Failure) [PSYoungGen: 420053K->139857K(465920K)] 1418528K->1208948K(1864192K), 0.0504799 secs] [Times: user=0.26 sys=0.00, real=0.05 secs] 
5551.504: [GC (Allocation Failure) [PSYoungGen: 372817K->130767K(465920K)] 1441908K->1244187K(1864192K), 0.0703219 secs] [Times: user=0.37 sys=0.01, real=0.07 secs] 
5551.744: [GC (Allocation Failure) [PSYoungGen: 363727K->182644K(465920K)] 1477147K->1337675K(1864192K), 0.0389296 secs] [Times: user=0.17 sys=0.00, real=0.04 secs] 
5551.934: [GC (Allocation Failure) [PSYoungGen: 415604K->185463K(465920K)] 1570635K->1401749K(1864192K), 0.0755410 secs] [Times: user=0.37 sys=0.00, real=0.08 secs] 
5552.130: [GC (Allocation Failure) [PSYoungGen: 418423K->186741K(465920K)] 1634709K->1461827K(1864192K), 0.0597138 secs] [Times: user=0.30 sys=0.00, real=0.06 secs] 
5553.158: [GC (Allocation Failure) [PSYoungGen: 419701K->90458K(465920K)] 1694787K->1436197K(1864192K), 0.0462721 secs] [Times: user=0.25 sys=0.00, real=0.04 secs] 
5553.204: [Full GC (Ergonomics) [PSYoungGen: 90458K->0K(465920K)] [ParOldGen: 1345738K->90563K(1398272K)] 1436197K->90563K(1864192K), [Metaspace: 59579K->59579K(1105920K)], 0.0553881 secs] [Times: user=0.19 sys=0.00, real=0.06 secs] 
5553.530: [GC (Allocation Failure) [PSYoungGen: 232960K->180501K(465920K)] 323523K->271064K(1864192K), 0.0457530 secs] [Times: user=0.18 sys=0.00, real=0.04 secs] 
5553.772: [GC (Allocation Failure) [PSYoungGen: 413461K->180885K(465920K)] 504024K->326925K(1864192K), 0.0432691 secs] [Times: user=0.20 sys=0.01, real=0.04 secs] 
5553.920: [GC (Allocation Failure) [PSYoungGen: 413845K->187477K(465920K)] 559885K->388076K(1864192K), 0.0441160 secs] [Times: user=0.20 sys=0.00, real=0.04 secs] 
5554.878: [GC (Allocation Failure) [PSYoungGen: 420437K->149778K(465920K)] 621036K->421030K(1864192K), 0.0501363 secs] [Times: user=0.25 sys=0.00, real=0.05 secs] 
Heap
 PSYoungGen      total 465920K, used 212855K [0x00000000d5580000, 0x0000000100000000, 0x0000000100000000)
  eden space 23296