5.130: [GC (Allocation Failure) [PSYoungGen: 128000K->12436K(148992K)] 128000K->12524K(488960K), 0.0219854 secs] [Times: user=0.02 sys=0.00, real=0.02 secs] 
5.590: [GC (Metadata GC Threshold) [PSYoungGen: 48832K->6038K(148992K)] 48920K->6134K(488960K), 0.0052711 secs] [Times: user=0.02 sys=0.00, real=0.01 secs] 
5.595: [Full GC (Metadata GC Threshold) [PSYoungGen: 6038K->0K(148992K)] [ParOldGen: 96K->5931K(184832K)] 6134K->5931K(333824K), [Metaspace: 20466K->20466K(1067008K)], 0.0234734 secs] [Times: user=0.07 sys=0.01, real=0.02 secs] 
6.919: [GC (Allocation Failure) [PSYoungGen: 128000K->9883K(148992K)] 133931K->15822K(333824K), 0.0027480 secs] [Times: user=0.01 sys=0.00, real=0.00 secs] 
7.515: [GC (Metadata GC Threshold) [PSYoungGen: 39513K->4644K(148992K)] 45452K->10591K(333824K), 0.0034051 secs] [Times: user=0.01 sys=0.00, real=0.00 secs] 
7.518: [Full GC (Metadata GC Threshold) [PSYoungGen: 4644K->0K(148992K)] [ParOldGen: 5947K->8882K(305152K)] 10591K->8882K(454144K), [Metaspace: 33737K->33737K(1079296K)], 0.0296945 secs] [Times: user=0.09 sys=0.01, real=0.03 secs] 
8.981: [GC (Allocation Failure) [PSYoungGen: 128000K->13049K(148992K)] 136882K->21940K(454144K), 0.0041115 secs] [Times: user=0.01 sys=0.00, real=0.01 secs] 
9.500: [GC (Allocation Failure) [PSYoungGen: 141049K->15848K(162304K)] 149940K->59677K(467456K), 0.0084000 secs] [Times: user=0.03 sys=0.01, real=0.01 secs] 
9.876: [GC (Allocation Failure) [PSYoungGen: 162280K->37302K(184832K)] 206109K->113907K(489984K), 0.0089800 secs] [Times: user=0.04 sys=0.00, real=0.01 secs] 
10.218: [GC (Allocation Failure) [PSYoungGen: 183734K->37254K(267264K)] 260339K->179403K(572416K), 0.0104725 secs] [Times: user=0.04 sys=0.01, real=0.01 secs] 
11.790: [GC (Allocation Failure) [PSYoungGen: 258438K->13556K(271872K)] 400587K->155713K(577024K), 0.0043296 secs] [Times: user=0.01 sys=0.01, real=0.01 secs] 
14.593: [GC (Allocation Failure) [PSYoungGen: 234740K->34469K(337920K)] 376897K->179968K(643072K), 0.0114151 secs] [Times: user=0.06 sys=0.01, real=0.02 secs] 
17.394: [GC (Allocation Failure) [PSYoungGen: 325285K->1733K(342016K)] 470784K->147264K(647168K), 0.0019118 secs] [Times: user=0.00 sys=0.00, real=0.00 secs] 
19.117: [GC (Allocation Failure) [PSYoungGen: 292549K->3781K(402432K)] 438080K->149320K(707584K), 0.0030232 secs] [Times: user=0.01 sys=0.00, real=0.00 secs] 
21.952: [GC (Allocation Failure) [PSYoungGen: 338621K->34903K(412160K)] 484160K->245986K(717312K), 0.0101912 secs] [Times: user=0.05 sys=0.00, real=0.01 secs] 
25.551: [GC (Allocation Failure) [PSYoungGen: 395863K->34677K(485888K)] 606946K->311296K(791040K), 0.0099970 secs] [Times: user=0.04 sys=0.01, real=0.01 secs] 
25.561: [Full GC (Ergonomics) [PSYoungGen: 34677K->0K(485888K)] [ParOldGen: 276618K->209230K(691200K)] 311296K->209230K(1177088K), [Metaspace: 53741K->53732K(1099776K)], 0.0692658 secs] [Times: user=0.28 sys=0.00, real=0.07 secs] 
30.950: [GC (Allocation Failure) [PSYoungGen: 434688K->17856K(491008K)] 643918K->227094K(1182208K), 0.0031947 secs] [Times: user=0.01 sys=0.01, real=0.01 secs] 
33.614: [GC (Allocation Failure) [PSYoungGen: 452544K->34240K(572416K)] 661782K->243486K(1263616K), 0.0082860 secs] [Times: user=0.04 sys=0.01, real=0.00 secs] 
39.776: [GC (Allocation Failure) [PSYoungGen: 553408K->17888K(574464K)] 762654K->227142K(1265664K), 0.0068302 secs] [Times: user=0.03 sys=0.01, real=0.00 secs] 
46.631: [GC (Allocation Failure) [PSYoungGen: 537056K->1485K(611840K)] 746310K->210740K(1303040K), 0.0024222 secs] [Times: user=0.01 sys=0.00, real=0.01 secs] 
52.238: [GC (Allocation Failure) [PSYoungGen: 569293K->1533K(552960K)] 778548K->210796K(1244160K), 0.0023831 secs] [Times: user=0.01 sys=0.01, real=0.00 secs] 
59.386: [GC (Allocation Failure) [PSYoungGen: 552957K->34304K(577536K)] 762220K->243566K(1268736K), 0.0053008 secs] [Times: user=0.03 sys=0.01, real=0.00 secs] 
63.381: [GC (Allocation Failure) [PSYoungGen: 569856K->17920K(539136K)] 779118K->227190K(1230336K), 0.0026753 secs] [Times: user=0.01 sys=0.00, real=0.01 secs] 
67.570: [GC (Allocation Failure) [PSYoungGen: 538624K->1488K(543232K)] 747894K->210766K(1234432K), 0.0030525 secs] [Times: user=0.01 sys=0.00, real=0.00 secs] 
70.712: [GC (Allocation Failure) [PSYoungGen: 507856K->34272K(526848K)] 717134K->243558K(1218048K), 0.0035875 secs] [Times: user=0.02 sys=0.00, real=0.01 secs] 
76.808: [GC (Allocation Failure) [PSYoungGen: 526816K->5632K(518656K)] 736102K->214926K(1209856K), 0.0020877 secs] [Times: user=0.01 sys=0.00, real=0.00 secs] 
81.724: [GC (Allocation Failure) [PSYoungGen: 484864K->34253K(500736K)] 694158K->243556K(1191936K), 0.0079900 secs] [Times: user=0.03 sys=0.00, real=0.00 secs] 
86.914: [GC (Allocation Failure) [PSYoungGen: 500685K->9696K(494592K)] 709988K->219006K(1185792K), 0.0022702 secs] [Times: user=0.01 sys=0.00, real=0.00 secs] 
89.957: [GC (Allocation Failure) [PSYoungGen: 463840K->34304K(477184K)] 673150K->243614K(1168384K), 0.0038201 secs] [Times: user=0.02 sys=0.00, real=0.00 secs] 
96.482: [GC (Allocation Failure) [PSYoungGen: 476672K->1469K(475136K)] 685982K->210788K(1166336K), 0.0014969 secs] [Times: user=0.00 sys=0.00, real=0.01 secs] 
102.742: [GC (Allocation Failure) [PSYoungGen: 432573K->17952K(438784K)] 641892K->227270K(1129984K), 0.0042003 secs] [Times: user=0.01 sys=0.00, real=0.01 secs] 
106.688: [GC (Allocation Failure) [PSYoungGen: 438304K->34256K(457216K)] 647622K->243644K(1148416K), 0.0037029 secs] [Times: user=0.02 sys=0.01, real=0.00 secs] 
111.485: [GC (Allocation Failure) [PSYoungGen: 444368K->1469K(401408K)] 653756K->210905K(1092608K), 0.0013708 secs] [Times: user=0.00 sys=0.00, real=0.00 secs] 
116.917: [GC (Allocation Failure) [PSYoungGen: 401341K->9664K(430592K)] 610777K->219140K(1121792K), 0.0042028 secs] [Times: user=0.02 sys=0.01, real=0.00 secs] 
123.079: [GC (Allocation Failure) [PSYoungGen: 399808K->34240K(415232K)] 609284K->243732K(1106432K), 0.0058302 secs] [Times: user=0.03 sys=0.00, real=0.01 secs] 
126.804: [GC (Allocation Failure) [PSYoungGen: 415168K->34272K(421888K)] 624660K->243804K(1113088K), 0.0042394 secs] [Times: user=0.02 sys=0.00, real=0.00 secs] 
129.389: [GC (Allocation Failure) [PSYoungGen: 405984K->1472K(364544K)] 615516K->211052K(1055744K), 0.0022943 secs] [Times: user=0.00 sys=0.00, real=0.00 secs] 
132.449: [GC (Allocation Failure) [PSYoungGen: 364480K->1472K(401408K)] 574060K->211100K(1092608K), 0.0024290 secs] [Times: user=0.01 sys=0.00, real=0.00 secs] 
137.490: [GC (Allocation Failure) [PSYoungGen: 356288K->1421K(348160K)] 565916K->211057K(1039360K), 0.0014840 secs] [Times: user=0.00 sys=0.00, real=0.00 secs] 
141.897: [GC (Allocation Failure) [PSYoungGen: 348045K->3488K(381952K)] 557681K->213148K(1073152K), 0.0020111 secs] [Times: user=0.01 sys=0.00, real=0.00 secs] 
146.649: [GC (Allocation Failure) [PSYoungGen: 342432K->5536K(336896K)] 552092K->215212K(1028096K), 0.0020153 secs] [Times: user=0.01 sys=0.00, real=0.00 secs] 
149.642: [GC (Allocation Failure) [PSYoungGen: 336800K->5536K(363008K)] 546476K->215236K(1054208K), 0.0029633 secs] [Times: user=0.01 sys=0.00, real=0.01 secs] 
153.484: [GC (Allocation Failure) [PSYoungGen: 329632K->5568K(322560K)] 539332K->215284K(1013760K), 0.0019515 secs] [Times: user=0.00 sys=0.00, real=0.00 secs] 
157.913: [GC (Allocation Failure) [PSYoungGen: 322496K->3520K(345088K)] 532212K->213252K(1036288K), 0.0018387 secs] [Times: user=0.01 sys=0.00, real=0.01 secs] 
161.564: [GC (Allocation Failure) [PSYoungGen: 313792K->1437K(305152K)] 523524K->211201K(996352K), 0.0014564 secs] [Times: user=0.01 sys=0.00, real=0.00 secs] 
163.629: [GC (Allocation Failure) [PSYoungGen: 305053K->1440K(330240K)] 514817K->211236K(1021440K), 0.0020493 secs] [Times: user=0.01 sys=0.00, real=0.00 secs] 
165.749: [GC (Allocation Failure) [PSYoungGen: 298912K->1440K(292864K)] 508708K->211252K(984064K), 0.0022386 secs] [Times: user=0.01 sys=0.00, real=0.00 secs] 
169.526: [GC (Allocation Failure) [PSYoungGen: 292768K->34224K(323072K)] 502580K->244060K(1014272K), 0.0084180 secs] [Times: user=0.04 sys=0.00, real=0.01 secs] 
172.679: [GC (Allocation Failure) [PSYoungGen: 318896K->34240K(313344K)] 528732K->244092K(1004544K), 0.0071688 secs] [Times: user=0.04 sys=0.00, real=0.01 secs] 
175.823: [GC (Allocation Failure) [PSYoungGen: 313280K->34240K(323584K)] 523132K->244124K(1014784K), 0.0037353 secs] [Times: user=0.02 sys=0.00, real=0.01 secs] 
179.189: [GC (Allocation Failure) [PSYoungGen: 307648K->17872K(286208K)] 517532K->227764K(977408K), 0.0024314 secs] [Times: user=0.01 sys=0.00, real=0.00 secs] 
181.787: [GC (Allocation Failure) [PSYoungGen: 286160K->9632K(305152K)] 496052K->219564K(996352K), 0.0048172 secs] [Times: user=0.02 sys=0.00, real=0.00 secs] 
183.241: [GC (Allocation Failure) [PSYoungGen: 272800K->1408K(259584K)] 482732K->211364K(950784K), 0.0022879 secs] [Times: user=0.01 sys=0.00, real=0.01 secs] 
186.619: [GC (Allocation Failure) [PSYoungGen: 259456K->34176K(301056K)] 469412K->244156K(992256K), 0.0035318 secs] [Times: user=0.01 sys=0.00, real=0.00 secs] 
189.111: [GC (Allocation Failure) [PSYoungGen: 287616K->34240K(283136K)] 497596K->244236K(974336K), 0.0074252 secs] [Times: user=0.03 sys=0.00, real=0.01 secs] 
192.022: [GC (Allocation Failure) [PSYoungGen: 283072K->17824K(287744K)] 493068K->227836K(978944K), 0.0031699 secs] [Times: user=0.01 sys=0.00, real=0.01 secs] 
194.831: [GC (Allocation Failure) [PSYoungGen: 262048K->3456K(243712K)] 472060K->213484K(934912K), 0.0019666 secs] [Times: user=0.01 sys=0.00, real=0.00 secs] 
196.832: [GC (Allocation Failure) [PSYoungGen: 243584K->34208K(286720K)] 453612K->244244K(977920K), 0.0054288 secs] [Times: user=0.03 sys=0.00, real=0.01 secs] 
199.380: [GC (Allocation Failure) [PSYoungGen: 270240K->34208K(266240K)] 480276K->244252K(957440K), 0.0047633 secs] [Times: user=0.02 sys=0.00, real=0.01 secs] 
202.761: [GC (Allocation Failure) [PSYoungGen: 266144K->17856K(273920K)] 476188K->227908K(965120K), 0.0054001 secs] [Times: user=0.02 sys=0.00, real=0.01 secs] 
205.708: [GC (Allocation Failure) [PSYoungGen: 245696K->1376K(225280K)] 455748K->211452K(916480K), 0.0023499 secs] [Times: user=0.00 sys=0.00, real=0.00 secs] 
208.069: [GC (Allocation Failure) [PSYoungGen: 225120K->34240K(272896K)] 435196K->244340K(964096K), 0.0068143 secs] [Times: user=0.03 sys=0.00, real=0.01 secs] 
211.177: [GC (Allocation Failure) [PSYoungGen: 254400K->17856K(234496K)] 464500K->227964K(925696K), 0.0059744 secs] [Times: user=0.02 sys=0.00, real=0.00 secs] 
213.435: [GC (Allocation Failure) [PSYoungGen: 234432K->1440K(260608K)] 444540K->211580K(951808K), 0.0044572 secs] [Times: user=0.01 sys=0.00, real=0.00 secs] 
214.983: [GC (Allocation Failure) [PSYoungGen: 214432K->34208K(243712K)] 424572K->244348K(934912K), 0.0047328 secs] [Times: user=0.02 sys=0.00, real=0.00 secs] 
217.262: [GC (Allocation Failure) [PSYoungGen: 242427K->9664K(253952K)] 452567K->219820K(945152K), 0.0026805 secs] [Times: user=0.01 sys=0.00, real=0.01 secs] 
219.184: [GC (Allocation Failure) [PSYoungGen: 216000K->1408K(204800K)] 426156K->211580K(896000K), 0.0029009 secs] [Times: user=0.01 sys=0.01, real=0.00 secs] 
220.974: [GC (Allocation Failure) [PSYoungGen: 189268K->17792K(243200K)] 399440K->227972K(934400K), 0.0039314 secs] [Times: user=0.02 sys=0.00, real=0.00 secs] 
222.877: [GC (Allocation Failure) [PSYoungGen: 217984K->1405K(198656K)] 428164K->211601K(889856K), 0.0014499 secs] [Times: user=0.01 sys=0.00, real=0.00 secs] 
224.555: [GC (Allocation Failure) [PSYoungGen: 198525K->34208K(242176K)] 408721K->244420K(933376K), 0.0044508 secs] [Times: user=0.02 sys=0.00, real=0.00 secs] 
226.153: [GC (Allocation Failure) [PSYoungGen: 227744K->9632K(200192K)] 437956K->219860K(891392K), 0.0022220 secs] [Times: user=0.01 sys=0.00, real=0.01 secs] 
227.212: [GC (Allocation Failure) [PSYoungGen: 200096K->34208K(237568K)] 410324K->244452K(928768K), 0.0050253 secs] [Times: user=0.03 sys=0.00, real=0.01 secs] 
229.125: [GC (Allocation Failure) [PSYoungGen: 221600K->17872K(202752K)] 431844K->228156K(893952K), 0.0039681 secs] [Times: user=0.01 sys=0.00, real=0.00 secs] 
231.466: [GC (Allocation Failure) [PSYoungGen: 202704K->1376K(229376K)] 412988K->211676K(920576K), 0.0040661 secs] [Times: user=0.01 sys=0.00, real=0.00 secs] 
234.467: [GC (Allocation Failure) [PSYoungGen: 183648K->34208K(229376K)] 393948K->244524K(920576K), 0.0047192 secs] [Times: user=0.02 sys=0.00, real=0.00 secs] 
236.912: [GC (Allocation Failure) [PSYoungGen: 213920K->1373K(226304K)] 424236K->211697K(917504K), 0.0013580 secs] [Times: user=0.00 sys=0.00, real=0.01 secs] 
239.131: [GC (Allocation Failure) [PSYoungGen: 178525K->34208K(226816K)] 388849K->244548K(918016K), 0.0046793 secs] [Times: user=0.02 sys=0.00, real=0.01 secs] 
241.542: [GC (Allocation Failure) [PSYoungGen: 208800K->3488K(222720K)] 419140K->213844K(913920K), 0.0021143 secs] [Times: user=0.00 sys=0.00, real=0.01 secs] 
243.091: [GC (Allocation Failure) [PSYoungGen: 175520K->34208K(223744K)] 385876K->244572K(914944K), 0.0077810 secs] [Times: user=0.04 sys=0.00, real=0.01 secs] 
245.923: [GC (Allocation Failure) [PSYoungGen: 203680K->5568K(219136K)] 414044K->215940K(910336K), 0.0024990 secs] [Times: user=0.00 sys=0.00, real=0.01 secs] 
248.455: [GC (Allocation Failure) [PSYoungGen: 172992K->34208K(220672K)] 383364K->244596K(911872K), 0.0055970 secs] [Times: user=0.03 sys=0.00, real=0.00 secs] 
250.059: [GC (Allocation Failure) [PSYoungGen: 199584K->5536K(216064K)] 409972K->215932K(907264K), 0.0020445 secs] [Times: user=0.01 sys=0.00, real=0.00 secs] 
250.751: [GC (Allocation Failure) [PSYoungGen: 168864K->34176K(217600K)] 379260K->244580K(908800K), 0.0035021 secs] [Times: user=0.02 sys=0.01, real=0.01 secs] 
252.259: [GC (Allocation Failure) [PSYoungGen: 195456K->5568K(212480K)] 405860K->215988K(903680K), 0.0035410 secs] [Times: user=0.01 sys=0.01, real=0.00 secs] 
252.890: [GC (Allocation Failure) [PSYoungGen: 164800K->34144K(214016K)] 375220K->244572K(905216K), 0.0050982 secs] [Times: user=0.03 sys=0.00, real=0.01 secs] 
254.018: [GC (Allocation Failure) [PSYoungGen: 191328K->3520K(209920K)] 401756K->213956K(901120K), 0.0019571 secs] [Times: user=0.01 sys=0.00, real=0.00 secs] 
254.660: [GC (Allocation Failure) [PSYoungGen: 158656K->34176K(210944K)] 369092K->244620K(902144K), 0.0035734 secs] [Times: user=0.02 sys=0.00, real=0.00 secs] 
255.504: [GC (GCLocker Initiated GC) [PSYoungGen: 187264K->1389K(206848K)] 397708K->211849K(898048K), 0.0013155 secs] [Times: user=0.00 sys=0.00, real=0.00 secs] 
256.320: [GC (Allocation Failure) [PSYoungGen: 152429K->1408K(150528K)] 379276K->228263K(841728K), 0.0018313 secs] [Times: user=0.01 sys=0.00, real=0.00 secs] 
257.067: [GC (Allocation Failure) [PSYoungGen: 150400K->1440K(199680K)] 377255K->228311K(890880K), 0.0019001 secs] [Times: user=0.01 sys=0.00, real=0.00 secs] 
258.309: [GC (Allocation Failure) [PSYoungGen: 148896K->17824K(163840K)] 375767K->244711K(855040K), 0.0023837 secs] [Times: user=0.01 sys=0.00, real=0.00 secs] 
259.420: [GC (Allocation Failure) [PSYoungGen: 163744K->1408K(193024K)] 390631K->228303K(884224K), 0.0022231 secs] [Times: user=0.01 sys=0.00, real=0.00 secs] 
260.787: [GC (Allocation Failure) [PSYoungGen: 145792K->17888K(160768K)] 372687K->244791K(851968K), 0.0025704 secs] [Times: user=0.01 sys=0.00, real=0.00 secs] 
262.293: [GC (Allocation Failure) [PSYoungGen: 160736K->1456K(186880K)] 387639K->228383K(878080K), 0.0023354 secs] [Times: user=0.01 sys=0.00, real=0.01 secs] 
264.180: [GC (Allocation Failure) [PSYoungGen: 137216K->9664K(149504K)] 364143K->236607K(840704K), 0.0040576 secs] [Times: user=0.02 sys=0.00, real=0.01 secs] 
264.805: [GC (Allocation Failure) [PSYoungGen: 149440K->1408K(178688K)] 376383K->228375K(869888K), 0.0020476 secs] [Times: user=0.01 sys=0.00, real=0.00 secs] 
266.391: [GC (Allocation Failure) [PSYoungGen: 139648K->5600K(142336K)] 366615K->232583K(833536K), 0.0028675 secs] [Times: user=0.01 sys=0.00, real=0.01 secs] 
268.517: [GC (Allocation Failure) [PSYoungGen: 142304K->1408K(172032K)] 369287K->228399K(863232K), 0.0027646 secs] [Times: user=0.01 sys=0.00, real=0.00 secs] 
269.196: [GC (Allocation Failure) [PSYoungGen: 136576K->1405K(135168K)] 363567K->228420K(826368K), 0.0015720 secs] [Times: user=0.00 sys=0.00, real=0.00 secs] 
272.915: [GC (Allocation Failure) [PSYoungGen: 135037K->17888K(169984K)] 362052K->244911K(861184K), 0.0043181 secs] [Times: user=0.02 sys=0.00, real=0.00 secs] 
274.029: [GC (Allocation Failure) [PSYoungGen: 149984K->1440K(132096K)] 377007K->228471K(823296K), 0.0020479 secs] [Times: user=0.01 sys=0.00, real=0.00 secs] 
275.263: [GC (Allocation Failure) [PSYoungGen: 128609K->9648K(159744K)] 355640K->236695K(850944K), 0.0024452 secs] [Times: user=0.01 sys=0.00, real=0.01 secs] 
275.767: [GC (Allocation Failure) [PSYoungGen: 138672K->1456K(129024K)] 365719K->228511K(820224K), 0.0020829 secs] [Times: user=0.01 sys=0.00, real=0.00 secs] 
276.774: [GC (Allocation Failure) [PSYoungGen: 128944K->1952K(156160K)] 355999K->229063K(847360K), 0.0018708 secs] [Times: user=0.01 sys=0.00, real=0.00 secs] 
277.742: [GC (Allocation Failure) [PSYoungGen: 128416K->1376K(126976K)] 355527K->228495K(818176K), 0.0025331 secs] [Times: user=0.01 sys=0.00, real=0.01 secs] 
278.354: [GC (Allocation Failure) [PSYoungGen: 126816K->1376K(151040K)] 353935K->228511K(842240K), 0.0019831 secs] [Times: user=0.01 sys=0.00, real=0.00 secs] 
279.519: [GC (Allocation Failure) [PSYoungGen: 119627K->9600K(133120K)] 346763K->236735K(824320K), 0.0022083 secs] [Times: user=0.01 sys=0.00, real=0.00 secs] 
280.436: [GC (Allocation Failure) [PSYoungGen: 132992K->1376K(147456K)] 360127K->228511K(838656K), 0.0022092 secs] [Times: user=0.01 sys=0.00, real=0.00 secs] 
281.339: [GC (Allocation Failure) [PSYoungGen: 123744K->1373K(122880K)] 350879K->228516K(814080K), 0.0014764 secs] [Times: user=0.00 sys=0.00, real=0.00 secs] 
281.886: [GC (Allocation Failure) [PSYoungGen: 122717K->17856K(145408K)] 349860K->245023K(836608K), 0.0021656 secs] [Times: user=0.01 sys=0.00, real=0.00 secs] 
282.382: [GC (Allocation Failure) [PSYoungGen: 137152K->1408K(119808K)] 364319K->228575K(811008K), 0.0017878 secs] [Times: user=0.01 sys=0.00, real=0.01 secs] 
284.249: [GC (Allocation Failure) [PSYoungGen: 119680K->9632K(141312K)] 346847K->236799K(832512K), 0.0032034 secs] [Times: user=0.01 sys=0.00, real=0.00 secs] 
285.289: [GC (Allocation Failure) [PSYoungGen: 126880K->1408K(117760K)] 354047K->228575K(808960K), 0.0020701 secs] [Times: user=0.01 sys=0.00, real=0.00 secs] 
285.994: [GC (Allocation Failure) [PSYoungGen: 117632K->1440K(137216K)] 344799K->228607K(828416K), 0.0021665 secs] [Times: user=0.00 sys=0.00, real=0.00 secs] 
287.360: [GC (Allocation Failure) [PSYoungGen: 116640K->17792K(138240K)] 343807K->244975K(829440K), 0.0024052 secs] [Times: user=0.01 sys=0.00, real=0.00 secs] 
287.852: [GC (Allocation Failure) [PSYoungGen: 131968K->1440K(136704K)] 359151K->228623K(827904K), 0.0019838 secs] [Times: user=0.01 sys=0.00, real=0.01 secs] 
288.565: [GC (Allocation Failure) [PSYoungGen: 114592K->1437K(113664K)] 341775K->228620K(804864K), 0.0016058 secs] [Times: user=0.00 sys=0.00, real=0.00 secs] 
289.410: [GC (Allocation Failure) [PSYoungGen: 113565K->17824K(134144K)] 340748K->245007K(825344K), 0.0023481 secs] [Times: user=0.01 sys=0.00, real=0.00 secs] 
290.311: [GC (Allocation Failure) [PSYoungGen: 127392K->1376K(110080K)] 354575K->228559K(801280K), 0.0024928 secs] [Times: user=0.01 sys=0.00, real=0.01 secs] 
291.607: [GC (Allocation Failure) [PSYoungGen: 109920K->1952K(130560K)] 337103K->229143K(821760K), 0.0017683 secs] [Times: user=0.01 sys=0.00, real=0.00 secs] 
292.175: [GC (Allocation Failure) [PSYoungGen: 109472K->17792K(131584K)] 336663K->244983K(822784K), 0.0022850 secs] [Times: user=0.01 sys=0.00, real=0.00 secs] 
293.042: [GC (Allocation Failure) [PSYoungGen: 124288K->1344K(130048K)] 351479K->228535K(821248K), 0.0030207 secs] [Times: user=0.01 sys=0.00, real=0.01 secs] 
294.237: [GC (Allocation Failure) [PSYoungGen: 106816K->3488K(108032K)] 334007K->230679K(799232K), 0.0021623 secs] [Times: user=0.01 sys=0.00, real=0.00 secs] 
294.614: [GC (Allocation Failure) [PSYoungGen: 107936K->17824K(126976K)] 335127K->245015K(818176K), 0.0021971 secs] [Times: user=0.01 sys=0.00, real=0.00 secs] 
295.369: [GC (Allocation Failure) [PSYoungGen: 119712K->1424K(102400K)] 346903K->228623K(793600K), 0.0018935 secs] [Times: user=0.01 sys=0.00, real=0.00 secs] 
296.755: [GC (Allocation Failure) [PSYoungGen: 102288K->2432K(124416K)] 329487K->229631K(815616K), 0.0020279 secs] [Times: user=0.00 sys=0.00, real=0.00 secs] 
297.146: [GC (Allocation Failure) [PSYoungGen: 102784K->17792K(125440K)] 329983K->244991K(816640K), 0.0025391 secs] [Times: user=0.01 sys=0.00, real=0.00 secs] 
297.561: [GC (Allocation Failure) [PSYoungGen: 117632K->1408K(124416K)] 344831K->228607K(815616K), 0.0020048 secs] [Times: user=0.00 sys=0.01, real=0.01 secs] 
298.354: [GC (Allocation Failure) [PSYoungGen: 100736K->1373K(100352K)] 327935K->228572K(791552K), 0.0014961 secs] [Times: user=0.01 sys=0.00, real=0.00 secs] 
298.882: [GC (Allocation Failure) [PSYoungGen: 100189K->17760K(121856K)] 327388K->244975K(813056K), 0.0022483 secs] [Times: user=0.01 sys=0.00, real=0.01 secs] 
299.563: [GC (Allocation Failure) [PSYoungGen: 114016K->1408K(97280K)] 341231K->228623K(788480K), 0.0019001 secs] [Times: user=0.01 sys=0.00, real=0.01 secs] 
300.436: [GC (Allocation Failure) [PSYoungGen: 97152K->1376K(119808K)] 324367K->228591K(811008K), 0.0021926 secs] [Times: user=0.01 sys=0.00, real=0.00 secs] 
301.396: [GC (Allocation Failure) [PSYoungGen: 92399K->9632K(104448K)] 319614K->236855K(795648K), 0.0023246 secs] [Times: user=0.01 sys=0.00, real=0.00 secs] 
301.756: [GC (Allocation Failure) [PSYoungGen: 104352K->1408K(117760K)] 331575K->228631K(808960K), 0.0019576 secs] [Times: user=0.00 sys=0.00, real=0.00 secs] 
302.147: [GC (Allocation Failure) [PSYoungGen: 95616K->1392K(95232K)] 322839K->228631K(786432K), 0.0020845 secs] [Times: user=0.01 sys=0.00, real=0.00 secs] 
303.547: [GC (Allocation Failure) [PSYoungGen: 94883K->5536K(112128K)] 322123K->232791K(803328K), 0.0027094 secs] [Times: user=0.01 sys=0.00, real=0.00 secs] 
304.332: [GC (Allocation Failure) [PSYoungGen: 98720K->17760K(114176K)] 325975K->245023K(805376K), 0.0031974 secs] [Times: user=0.02 sys=0.00, real=0.01 secs] 
305.072: [GC (Allocation Failure) [PSYoungGen: 110432K->1408K(114176K)] 337695K->228671K(805376K), 0.0028959 secs] [Times: user=0.01 sys=0.00, real=0.01 secs] 
306.251: [GC (Allocation Failure) [PSYoungGen: 93568K->1373K(93184K)] 320831K->228636K(784384K), 0.0015933 secs] [Times: user=0.01 sys=0.00, real=0.00 secs] 
307.117: [GC (Allocation Failure) [PSYoungGen: 93021K->17856K(112128K)] 320284K->245119K(803328K), 0.0034047 secs] [Times: user=0.01 sys=0.00, real=0.00 secs] 
308.215: [GC (Allocation Failure) [PSYoungGen: 106944K->1440K(90112K)] 334207K->228703K(781312K), 0.0038384 secs] [Times: user=0.02 sys=0.00, real=0.00 secs] 
309.218: [GC (Allocation Failure) [PSYoungGen: 90016K->1408K(111104K)] 317279K->228671K(802304K), 0.0040434 secs] [Times: user=0.01 sys=0.01, real=0.00 secs] 
310.514: [GC (Allocation Failure) [PSYoungGen: 89472K->9632K(97280K)] 316735K->236895K(788480K), 0.0023459 secs] [Times: user=0.01 sys=0.00, real=0.00 secs] 
310.968: [GC (Allocation Failure) [PSYoungGen: 97184K->1408K(108032K)] 324447K->228671K(799232K), 0.0021868 secs] [Times: user=0.01 sys=0.00, real=0.00 secs] 
311.335: [GC (Allocation Failure) [PSYoungGen: 88448K->1408K(88064K)] 315711K->228671K(779264K), 0.0020180 secs] [Times: user=0.01 sys=0.00, real=0.00 secs] 
311.983: [GC (Allocation Failure) [PSYoungGen: 87936K->1421K(105984K)] 315199K->228684K(797184K), 0.0014920 secs] [Times: user=0.00 sys=0.00, real=0.01 secs] 
312.597: [GC (Allocation Failure) [PSYoungGen: 87437K->17824K(106496K)] 314700K->245087K(797696K), 0.0022471 secs] [Times: user=0.01 sys=0.00, real=0.00 secs] 
313.012: [GC (Allocation Failure) [PSYoungGen: 103328K->1408K(106496K)] 330591K->228679K(797696K), 0.0020950 secs] [Times: user=0.01 sys=0.00, real=0.01 secs] 
313.405: [GC (Allocation Failure) [PSYoungGen: 86400K->1376K(86016K)] 313671K->228655K(777216K), 0.0019361 secs] [Times: user=0.01 sys=0.00, real=0.00 secs] 
314.391: [GC (Allocation Failure) [PSYoungGen: 84673K->3472K(103424K)] 311952K->230751K(794624K), 0.0026417 secs] [Times: user=0.00 sys=0.00, real=0.01 secs] 
315.003: [GC (Allocation Failure) [PSYoungGen: 87440K->17792K(104448K)] 314719K->245079K(795648K), 0.0050909 secs] [Times: user=0.02 sys=0.00, real=0.01 secs] 
315.408: [GC (Allocation Failure) [PSYoungGen: 101248K->1408K(104448K)] 328535K->228695K(795648K), 0.0024854 secs] [Times: user=0.01 sys=0.00, real=0.00 secs] 
315.747: [GC (Allocation Failure) [PSYoungGen: 84352K->1440K(83968K)] 311639K->228727K(775168K), 0.0019704 secs] [Times: user=0.01 sys=0.00, real=0.00 secs] 
316.694: [GC (Allocation Failure) [PSYoungGen: 80664K->5568K(100352K)] 307952K->232863K(791552K), 0.0020711 secs] [Times: user=0.00 sys=0.00, real=0.00 secs] 
317.293: [GC (Allocation Failure) [PSYoungGen: 87488K->17824K(101888K)] 314783K->245119K(793088K), 0.0029755 secs] [Times: user=0.02 sys=0.00, real=0.00 secs] 
317.956: [GC (Allocation Failure) [PSYoungGen: 99232K->1408K(102912K)] 326527K->228703K(794112K), 0.0020699 secs] [Times: user=0.01 sys=0.00, real=0.00 secs] 
318.610: [GC (Allocation Failure) [PSYoungGen: 82304K->1408K(81920K)] 309599K->228703K(773120K), 0.0021096 secs] [Times: user=0.01 sys=0.00, real=0.00 secs] 
319.732: [GC (Allocation Failure) [PSYoungGen: 81792K->9616K(101376K)] 309087K->236911K(792576K), 0.0019832 secs] [Times: user=0.00 sys=0.00, real=0.01 secs] 
320.424: [GC (Allocation Failure) [PSYoungGen: 89488K->17792K(101376K)] 316783K->245087K(792576K), 0.0059498 secs] [Times: user=0.02 sys=0.00, real=0.00 secs] 
321.050: [GC (Allocation Failure) [PSYoungGen: 97152K->1408K(101888K)] 324447K->228703K(793088K), 0.0025094 secs] [Times: user=0.01 sys=0.00, real=0.00 secs] 
321.645: [GC (Allocation Failure) [PSYoungGen: 80256K->1408K(79872K)] 307551K->228711K(771072K), 0.0019715 secs] [Times: user=0.01 sys=0.00, real=0.00 secs] 
322.592: [GC (Allocation Failure) [PSYoungGen: 79744K->9632K(99328K)] 307047K->236943K(790528K), 0.0020728 secs] [Times: user=0.01 sys=0.00, real=0.01 secs] 
323.171: [GC (Allocation Failure) [PSYoungGen: 87456K->17792K(99840K)] 314767K->245103K(791040K), 0.0047983 secs] [Times: user=0.02 sys=0.00, real=0.01 secs] 
323.821: [GC (Allocation Failure) [PSYoungGen: 95104K->1376K(100352K)] 322415K->228687K(791552K), 0.0028998 secs] [Times: user=0.01 sys=0.01, real=0.01 secs] 
324.416: [GC (Allocation Failure) [PSYoungGen: 78176K->1408K(77824K)] 305487K->228719K(769024K), 0.0023097 secs] [Times: user=0.01 sys=0.00, real=0.00 secs] 
325.392: [GC (Allocation Failure) [PSYoungGen: 77696K->9664K(98304K)] 305007K->236975K(789504K), 0.0020446 secs] [Times: user=0.01 sys=0.00, real=0.01 secs] 
325.704: [GC (Allocation Failure) [PSYoungGen: 85440K->17728K(98816K)] 312751K->245039K(790016K), 0.0023589 secs] [Times: user=0.01 sys=0.00, real=0.00 secs] 
326.058: [GC (Allocation Failure) [PSYoungGen: 92992K->1440K(98816K)] 320303K->228751K(790016K), 0.0019839 secs] [Times: user=0.01 sys=0.00, real=0.00 secs] 
326.368: [GC (Allocation Failure) [PSYoungGen: 76192K->1408K(75776K)] 303503K->228727K(766976K), 0.0019314 secs] [Times: user=0.01 sys=0.00, real=0.00 secs] 
327.166: [GC (Allocation Failure) [PSYoungGen: 75648K->5536K(94208K)] 302967K->232855K(785408K), 0.0019392 secs] [Times: user=0.01 sys=0.00, real=0.00 secs] 
327.455: [GC (Allocation Failure) [PSYoungGen: 79264K->17824K(95744K)] 306583K->245143K(786944K), 0.0022236 secs] [Times: user=0.01 sys=0.00, real=0.00 secs] 
327.810: [GC (Allocation Failure) [PSYoungGen: 91040K->1344K(96256K)] 318359K->228663K(787456K), 0.0017786 secs] [Times: user=0.01 sys=0.00, real=0.00 secs] 
328.114: [GC (Allocation Failure) [PSYoungGen: 74048K->1408K(73728K)] 301367K->228727K(764928K), 0.0017883 secs] [Times: user=0.00 sys=0.00, real=0.00 secs] 
329.669: [GC (Allocation Failure) [PSYoungGen: 73600K->1952K(93184K)] 300919K->229271K(784384K), 0.0021244 secs] [Times: user=0.00 sys=0.00, real=0.00 secs] 
330.338: [GC (Allocation Failure) [PSYoungGen: 73632K->17808K(94208K)] 300951K->245127K(785408K), 0.0032823 secs] [Times: user=0.01 sys=0.00, real=0.00 secs] 
331.107: [GC (Allocation Failure) [PSYoungGen: 88976K->1376K(93696K)] 316295K->228719K(784896K), 0.0031913 secs] [Times: user=0.01 sys=0.00, real=0.00 secs] 
331.694: [GC (Allocation Failure) [PSYoungGen: 72032K->1408K(71680K)] 299375K->228759K(762880K), 0.0020056 secs] [Times: user=0.01 sys=0.00, real=0.00 secs] 
332.234: [GC (Allocation Failure) [PSYoungGen: 71552K->1408K(91136K)] 298903K->228759K(782336K), 0.0024884 secs] [Times: user=0.01 sys=0.00, real=0.00 secs] 
333.330: [GC (Allocation Failure) [PSYoungGen: 71040K->9600K(79360K)] 298391K->236951K(770560K), 0.0023260 secs] [Times: user=0.01 sys=0.00, real=0.00 secs] 
333.636: [GC (Allocation Failure) [PSYoungGen: 79232K->17792K(89088K)] 306583K->245143K(780288K), 0.0025024 secs] [Times: user=0.01 sys=0.00, real=0.00 secs] 
333.954: [GC (Allocation Failure) [PSYoungGen: 84352K->1408K(68096K)] 311703K->228759K(759296K), 0.0020817 secs] [Times: user=0.01 sys=0.00, real=0.00 secs] 
334.240: [GC (Allocation Failure) [PSYoungGen: 67968K->1408K(89088K)] 295319K->228759K(780288K), 0.0020490 secs] [Times: user=0.01 sys=0.00, real=0.00 secs] 
335.017: [GC (Allocation Failure) [PSYoungGen: 67968K->1664K(68608K)] 295319K->229015K(759808K), 0.0018413 secs] [Times: user=0.01 sys=0.00, real=0.00 secs] 
335.492: [GC (Allocation Failure) [PSYoungGen: 61035K->9568K(89088K)] 288387K->236919K(780288K), 0.0020860 secs] [Times: user=0.01 sys=0.00, real=0.01 secs] 
336.102: [GC (Allocation Failure) [PSYoungGen: 76128K->1344K(68096K)] 303479K->228695K(759296K), 0.0044508 secs] [Times: user=0.02 sys=0.00, real=0.01 secs] 
336.835: [GC (Allocation Failure) [PSYoungGen: 67904K->1424K(87040K)] 295255K->228775K(778240K), 0.0032025 secs] [Times: user=0.01 sys=0.00, real=0.00 secs] 
337.588: [GC (Allocation Failure) [PSYoungGen: 67984K->1424K(68096K)] 295335K->228775K(759296K), 0.0032597 secs] [Times: user=0.01 sys=0.00, real=0.00 secs] 
338.606: [GC (Allocation Failure) [PSYoungGen: 67984K->3488K(83456K)] 295335K->230839K(774656K), 0.0024182 secs] [Times: user=0.01 sys=0.00, real=0.00 secs] 
338.829: [GC (Allocation Failure) [PSYoungGen: 70048K->17792K(84992K)] 297399K->245143K(776192K), 0.0026185 secs] [Times: user=0.02 sys=0.00, real=0.00 secs] 
339.184: [GC (Allocation Failure) [PSYoungGen: 84352K->1408K(87552K)] 311703K->228759K(778752K), 0.0019144 secs] [Times: user=0.01 sys=0.00, real=0.00 secs] 
339.605: [GC (Allocation Failure) [PSYoungGen: 67968K->1376K(68096K)] 295319K->228727K(759296K), 0.0019834 secs] [Times: user=0.00 sys=0.00, real=0.00 secs] 
340.030: [GC (Allocation Failure) [PSYoungGen: 67936K->1376K(84992K)] 295287K->228743K(776192K), 0.0036502 secs] [Times: user=0.01 sys=0.01, real=0.01 secs] 
340.848: [GC (Allocation Failure) [PSYoungGen: 64157K->5504K(72192K)] 291524K->232871K(763392K), 0.0023365 secs] [Times: user=0.01 sys=0.00, real=0.00 secs] 
341.166: [GC (Allocation Failure) [PSYoungGen: 72064K->17792K(81408K)] 299431K->245167K(772608K), 0.0032460 secs] [Times: user=0.02 sys=0.00, real=0.00 secs] 
341.673: [GC (Allocation Failure) [PSYoungGen: 80768K->1376K(64512K)] 308143K->228751K(755712K), 0.0025419 secs] [Times: user=0.01 sys=0.00, real=0.01 secs] 
342.188: [GC (Allocation Failure) [PSYoungGen: 64352K->1408K(82944K)] 291727K->228783K(774144K), 0.0022129 secs] [Times: user=0.01 sys=0.00, real=0.00 secs] 
342.678: [GC (Allocation Failure) [PSYoungGen: 64384K->1440K(64512K)] 291759K->228815K(755712K), 0.0023413 secs] [Times: user=0.01 sys=0.00, real=0.00 secs] 
344.436: [GC (Allocation Failure) [PSYoungGen: 64416K->9632K(81920K)] 291791K->237015K(773120K), 0.0029635 secs] [Times: user=0.01 sys=0.01, real=0.00 secs] 
345.288: [GC (Allocation Failure) [PSYoungGen: 72096K->17808K(82432K)] 299479K->245191K(773632K), 0.0038489 secs] [Times: user=0.02 sys=0.00, real=0.00 secs] 
345.968: [GC (Allocation Failure) [PSYoungGen: 80272K->1440K(83456K)] 307655K->228823K(774656K), 0.0025554 secs] [Times: user=0.00 sys=0.00, real=0.00 secs] 
346.223: [GC (Allocation Failure) [PSYoungGen: 63904K->1376K(64000K)] 291287K->228759K(755200K), 0.0020124 secs] [Times: user=0.00 sys=0.00, real=0.01 secs] 
346.515: [GC (Allocation Failure) [PSYoungGen: 63840K->1408K(81920K)] 291223K->228791K(773120K), 0.0020228 secs] [Times: user=0.01 sys=0.00, real=0.00 secs] 
348.193: [GC (Allocation Failure) [PSYoungGen: 60520K->5472K(68096K)] 287903K->232863K(759296K), 0.0044779 secs] [Times: user=0.01 sys=0.00, real=0.00 secs] 
349.334: [GC (Allocation Failure) [PSYoungGen: 67936K->17792K(78848K)] 295327K->245183K(770048K), 0.0058051 secs] [Times: user=0.02 sys=0.00, real=0.00 secs] 
350.058: [GC (Allocation Failure) [PSYoungGen: 77184K->1408K(60928K)] 304575K->228799K(752128K), 0.0024738 secs] [Times: user=0.01 sys=0.00, real=0.00 secs] 
350.643: [GC (Allocation Failure) [PSYoungGen: 60800K->1376K(79360K)] 288191K->228767K(770560K), 0.0021800 secs] [Times: user=0.00 sys=0.01, real=0.01 secs] 
351.336: [GC (Allocation Failure) [PSYoungGen: 60768K->1376K(60928K)] 288159K->228767K(752128K), 0.0027747 secs] [Times: user=0.01 sys=0.00, real=0.00 secs] 
352.452: [GC (Allocation Failure) [PSYoungGen: 59357K->3456K(77312K)] 286748K->230847K(768512K), 0.0020813 secs] [Times: user=0.01 sys=0.00, real=0.01 secs] 
352.911: [GC (Allocation Failure) [PSYoungGen: 62848K->17792K(78336K)] 290239K->245183K(769536K), 0.0024381 secs] [Times: user=0.01 sys=0.00, real=0.00 secs] 
353.728: [GC (Allocation Failure) [PSYoungGen: 77184K->1440K(79872K)] 304575K->228839K(771072K), 0.0020923 secs] [Times: user=0.01 sys=0.01, real=0.00 secs] 
354.511: [GC (Allocation Failure) [PSYoungGen: 60832K->1376K(60928K)] 288231K->228775K(752128K), 0.0037006 secs] [Times: user=0.01 sys=0.00, real=0.01 secs] 
355.359: [GC (Allocation Failure) [PSYoungGen: 60768K->1376K(78336K)] 288167K->228775K(769536K), 0.0070158 secs] [Times: user=0.03 sys=0.00, real=0.01 secs] 
356.660: [GC (Allocation Failure) [PSYoungGen: 60548K->288K(59904K)] 287947K->227687K(751104K), 0.0014438 secs] [Times: user=0.01 sys=0.00, real=0.00 secs] 
357.927: [GC (Allocation Failure) [PSYoungGen: 59680K->9632K(78848K)] 287079K->237031K(770048K), 0.0028974 secs] [Times: user=0.01 sys=0.00, real=0.00 secs] 
358.940: [GC (Allocation Failure) [PSYoungGen: 69024K->17792K(78848K)] 296423K->245191K(770048K), 0.0033295 secs] [Times: user=0.01 sys=0.00, real=0.01 secs] 
359.808: [GC (Allocation Failure) [PSYoungGen: 77184K->1408K(80384K)] 304583K->228807K(771584K), 0.0034290 secs] [Times: user=0.01 sys=0.01, real=0.00 secs] 
361.647: [GC (Allocation Failure) [PSYoungGen: 60800K->1408K(60928K)] 288199K->228807K(752128K), 0.0037331 secs] [Times: user=0.02 sys=0.00, real=0.00 secs] 
362.656: [GC (Allocation Failure) [PSYoungGen: 60800K->1421K(78848K)] 288199K->228836K(770048K), 0.0023978 secs] [Times: user=0.01 sys=0.00, real=0.00 secs] 
363.376: [GC (Allocation Failure) [PSYoungGen: 60813K->9632K(79872K)] 288228K->237047K(771072K), 0.0020638 secs] [Times: user=0.01 sys=0.00, real=0.00 secs] 
363.643: [GC (Allocation Failure) [PSYoungGen: 69024K->17760K(76800K)] 296439K->245175K(768000K), 0.0024539 secs] [Times: user=0.01 sys=0.00, real=0.01 secs] 
364.079: [GC (Allocation Failure) [PSYoungGen: 74080K->1376K(57856K)] 301495K->228791K(749056K), 0.0020006 secs] [Times: user=0.00 sys=0.00, real=0.00 secs] 
364.541: [GC (Allocation Failure) [PSYoungGen: 57696K->1376K(77312K)] 285111K->228791K(768512K), 0.0030631 secs] [Times: user=0.02 sys=0.00, real=0.01 secs] 
364.991: [GC (Allocation Failure) [PSYoungGen: 57696K->1424K(57856K)] 285111K->228847K(749056K), 0.0027863 secs] [Times: user=0.01 sys=0.00, real=0.01 secs] 
365.804: [GC (Allocation Failure) [PSYoungGen: 57744K->3488K(75264K)] 285167K->230911K(766464K), 0.0018538 secs] [Times: user=0.00 sys=0.00, real=0.00 secs] 
366.188: [GC (Allocation Failure) [PSYoungGen: 52414K->9568K(76288K)] 279837K->236991K(767488K), 0.0019196 secs] [Times: user=0.00 sys=0.00, real=0.00 secs] 
366.710: [GC (Allocation Failure) [PSYoungGen: 65888K->17760K(73216K)] 293311K->245183K(764416K), 0.0057080 secs] [Times: user=0.02 sys=0.00, real=0.01 secs] 
367.472: [GC (Allocation Failure) [PSYoungGen: 71008K->1376K(54784K)] 298431K->228799K(745984K), 0.0036847 secs] [Times: user=0.01 sys=0.00, real=0.01 secs] 
368.316: [GC (Allocation Failure) [PSYoungGen: 54624K->1344K(73728K)] 282047K->228767K(764928K), 0.0044037 secs] [Times: user=0.01 sys=0.00, real=0.00 secs] 
369.120: [GC (Allocation Failure) [PSYoungGen: 54592K->1376K(54784K)] 282015K->228807K(745984K), 0.0032839 secs] [Times: user=0.01 sys=0.00, real=0.00 secs] 
370.146: [GC (Allocation Failure) [PSYoungGen: 54624K->5568K(71168K)] 282055K->232999K(762368K), 0.0022966 secs] [Times: user=0.00 sys=0.00, real=0.00 secs] 
370.366: [GC (Allocation Failure) [PSYoungGen: 58816K->17792K(72704K)] 286247K->245223K(763904K), 0.0028893 secs] [Times: user=0.02 sys=0.00, real=0.00 secs] 
370.637: [GC (Allocation Failure) [PSYoungGen: 71040K->1440K(74752K)] 298471K->228895K(765952K), 0.0019500 secs] [Times: user=0.01 sys=0.00, real=0.00 secs] 
371.225: [GC (Allocation Failure) [PSYoungGen: 54688K->1440K(54784K)] 282143K->228895K(745984K), 0.0019397 secs] [Times: user=0.01 sys=0.00, real=0.00 secs] 
371.904: [GC (Allocation Failure) [PSYoungGen: 54688K->1440K(73216K)] 282143K->228919K(764416K), 0.0024398 secs] [Times: user=0.01 sys=0.00, real=0.00 secs] 
372.574: [GC (Allocation Failure) [PSYoungGen: 54688K->1376K(54784K)] 282167K->228855K(745984K), 0.0036435 secs] [Times: user=0.01 sys=0.00, real=0.00 secs] 
373.738: [GC (Allocation Failure) [PSYoungGen: 54624K->5536K(70656K)] 282103K->233023K(761856K), 0.0020419 secs] [Times: user=0.01 sys=0.00, real=0.00 secs] 
374.102: [GC (Allocation Failure) [PSYoungGen: 58784K->17760K(71680K)] 286271K->245255K(762880K), 0.0024300 secs] [Times: user=0.01 sys=0.00, real=0.01 secs] 
374.720: [GC (Allocation Failure) [PSYoungGen: 71008K->1408K(73216K)] 298503K->228903K(764416K), 0.0021033 secs] [Times: user=0.00 sys=0.00, real=0.00 secs] 
375.305: [GC (Allocation Failure) [PSYoungGen: 54656K->1440K(54784K)] 282151K->228935K(745984K), 0.0029501 secs] [Times: user=0.01 sys=0.00, real=0.00 secs] 
375.964: [GC (Allocation Failure) [PSYoungGen: 54688K->1376K(71680K)] 282183K->228871K(762880K), 0.0034737 secs] [Times: user=0.01 sys=0.00, real=0.00 secs] 
376.655: [GC (Allocation Failure) [PSYoungGen: 54624K->1408K(54784K)] 282119K->228903K(745984K), 0.0039737 secs] [Times: user=0.01 sys=0.00, real=0.00 secs] 
377.699: [GC (Allocation Failure) [PSYoungGen: 54656K->5536K(69632K)] 282151K->233039K(760832K), 0.0020781 secs] [Times: user=0.01 sys=0.01, real=0.00 secs] 
378.201: [GC (Allocation Failure) [PSYoungGen: 58784K->9600K(70656K)] 286287K->245303K(761856K), 0.0022151 secs] [Times: user=0.01 sys=0.00, real=0.01 secs] 
378.692: [GC (Allocation Failure) [PSYoungGen: 62848K->1424K(70144K)] 298551K->237135K(761344K), 0.0021680 secs] [Times: user=0.00 sys=0.00, real=0.01 secs] 
379.146: [GC (Allocation Failure) [PSYoungGen: 54672K->1376K(54784K)] 290383K->237095K(745984K), 0.0022112 secs] [Times: user=0.01 sys=0.00, real=0.00 secs] 
379.433: [GC (Allocation Failure) [PSYoungGen: 54624K->1408K(68096K)] 290343K->237127K(759296K), 0.0022752 secs] [Times: user=0.00 sys=0.00, real=0.00 secs] 
379.731: [GC (Allocation Failure) [PSYoungGen: 54656K->1405K(54784K)] 290375K->237124K(745984K), 0.0015316 secs] [Times: user=0.00 sys=0.00, real=0.00 secs] 
380.623: [GC (Allocation Failure) [PSYoungGen: 54653K->9664K(67584K)] 290372K->245383K(758784K), 0.0020988 secs] [Times: user=0.01 sys=0.00, real=0.00 secs] 
381.236: [GC (Allocation Failure) [PSYoungGen: 61888K->1392K(53760K)] 297607K->237143K(744960K), 0.0020549 secs] [Times: user=0.01 sys=0.00, real=0.00 secs] 
382.000: [GC (Allocation Failure) [PSYoungGen: 53616K->1408K(66048K)] 289367K->237159K(757248K), 0.0029833 secs] [Times: user=0.01 sys=0.00, real=0.01 secs] 
382.630: [GC (Allocation Failure) [PSYoungGen: 53632K->1392K(53760K)] 289383K->237151K(744960K), 0.0025899 secs] [Times: user=0.01 sys=0.00, real=0.00 secs] 
383.279: [GC (Allocation Failure) [PSYoungGen: 53616K->1408K(65536K)] 289375K->237167K(756736K), 0.0032294 secs] [Times: user=0.01 sys=0.00, real=0.00 secs] 
384.059: [GC (Allocation Failure) [PSYoungGen: 53632K->1437K(53760K)] 289391K->237196K(744960K), 0.0015133 secs] [Times: user=0.00 sys=0.00, real=0.00 secs] 
384.409: [GC (Allocation Failure) [PSYoungGen: 53661K->9632K(63488K)] 289420K->245391K(754688K), 0.0021315 secs] [Times: user=0.01 sys=0.00, real=0.00 secs] 
384.620: [GC (Allocation Failure) [PSYoungGen: 60320K->1312K(52224K)] 296079K->237071K(743424K), 0.0018725 secs] [Times: user=0.00 sys=0.00, real=0.00 secs] 
384.831: [GC (Allocation Failure) [PSYoungGen: 52000K->1376K(63488K)] 287759K->237135K(754688K), 0.0017437 secs] [Times: user=0.00 sys=0.00, real=0.00 secs] 
385.041: [GC (Allocation Failure) [PSYoungGen: 52064K->1328K(52224K)] 287823K->237087K(743424K), 0.0019530 secs] [Times: user=0.01 sys=0.00, real=0.01 secs] 
385.252: [GC (Allocation Failure) [PSYoungGen: 52016K->1392K(61440K)] 287775K->237151K(752640K), 0.0018784 secs] [Times: user=0.01 sys=0.00, real=0.01 secs] 
385.878: [GC (Allocation Failure) [PSYoungGen: 52080K->1376K(52224K)] 287839K->237143K(743424K), 0.0014558 secs] [Times: user=0.00 sys=0.00, real=0.00 secs] 
386.900: [GC (Allocation Failure) [PSYoungGen: 52064K->9600K(59904K)] 287831K->245367K(751104K), 0.0046084 secs] [Times: user=0.01 sys=0.01, real=0.01 secs] 
387.577: [GC (Allocation Failure) [PSYoungGen: 58240K->1408K(50176K)] 294007K->237175K(741376K), 0.0029494 secs] [Times: user=0.01 sys=0.00, real=0.00 secs] 
388.068: [GC (Allocation Failure) [PSYoungGen: 50048K->1344K(59904K)] 285815K->237111K(751104K), 0.0026318 secs] [Times: user=0.01 sys=0.00, real=0.00 secs] 
388.663: [GC (Allocation Failure) [PSYoungGen: 49984K->1424K(50176K)] 285751K->237199K(741376K), 0.0021820 secs] [Times: user=0.01 sys=0.00, real=0.00 secs] 
389.303: [GC (Allocation Failure) [PSYoungGen: 50064K->5504K(59904K)] 285839K->241279K(751104K), 0.0018346 secs] [Times: user=0.01 sys=0.00, real=0.01 secs] 
389.706: [GC (Allocation Failure) [PSYoungGen: 54144K->1344K(50176K)] 289919K->237143K(741376K), 0.0020240 secs] [Times: user=0.01 sys=0.00, real=0.00 secs] 
390.090: [GC (Allocation Failure) [PSYoungGen: 49984K->1344K(59392K)] 285783K->237143K(750592K), 0.0017466 secs] [Times: user=0.01 sys=0.00, real=0.00 secs] 
390.292: [GC (Allocation Failure) [PSYoungGen: 49984K->1376K(50176K)] 285783K->237175K(741376K), 0.0021060 secs] [Times: user=0.01 sys=0.00, real=0.01 secs] 
390.495: [GC (Allocation Failure) [PSYoungGen: 50016K->1408K(57856K)] 285815K->237207K(749056K), 0.0019695 secs] [Times: user=0.01 sys=0.00, real=0.00 secs] 
390.797: [GC (Allocation Failure) [PSYoungGen: 50048K->1344K(50176K)] 285847K->237143K(741376K), 0.0021422 secs] [Times: user=0.01 sys=0.00, real=0.00 secs] 
391.530: [GC (Allocation Failure) [PSYoungGen: 49984K->3424K(56832K)] 285783K->239223K(748032K), 0.0020449 secs] [Times: user=0.00 sys=0.00, real=0.00 secs] 
391.897: [GC (Allocation Failure) [PSYoungGen: 52064K->1344K(50176K)] 287863K->237143K(741376K), 0.0020640 secs] [Times: user=0.01 sys=0.00, real=0.00 secs] 
392.300: [GC (Allocation Failure) [PSYoungGen: 49984K->1344K(56832K)] 285783K->237143K(748032K), 0.0017999 secs] [Times: user=0.01 sys=0.00, real=0.00 secs] 
392.578: [GC (Allocation Failure) [PSYoungGen: 49984K->1408K(50176K)] 285783K->237207K(741376K), 0.0020656 secs] [Times: user=0.01 sys=0.00, real=0.00 secs] 
392.781: [GC (Allocation Failure) [PSYoungGen: 50048K->1376K(55296K)] 285847K->237175K(746496K), 0.0018294 secs] [Times: user=0.00 sys=0.00, real=0.00 secs] 
392.993: [GC (Allocation Failure) [PSYoungGen: 50016K->1376K(50176K)] 285815K->237183K(741376K), 0.0019177 secs] [Times: user=0.01 sys=0.00, real=0.01 secs] 
393.889: [GC (Allocation Failure) [PSYoungGen: 50016K->1664K(55296K)] 285823K->237471K(746496K), 0.0023237 secs] [Times: user=0.01 sys=0.00, real=0.00 secs] 
395.413: [GC (Allocation Failure) [PSYoungGen: 50304K->5536K(55296K)] 286111K->245439K(746496K), 0.0042885 secs] [Times: user=0.02 sys=0.00, real=0.00 secs] 
395.842: [GC (Allocation Failure) [PSYoungGen: 54176K->1376K(55808K)] 294079K->241279K(747008K), 0.0030142 secs] [Times: user=0.01 sys=0.00, real=0.01 secs] 
396.140: [GC (Allocation Failure) [PSYoungGen: 50016K->1392K(50176K)] 289919K->241295K(741376K), 0.0020744 secs] [Times: user=0.01 sys=0.00, real=0.00 secs] 
396.564: [GC (Allocation Failure) [PSYoungGen: 50032K->1312K(55296K)] 289935K->241215K(746496K), 0.0019563 secs] [Times: user=0.01 sys=0.00, real=0.00 secs] 
397.005: [GC (Allocation Failure) [PSYoungGen: 49952K->1392K(50176K)] 289855K->241295K(741376K), 0.0033812 secs] [Times: user=0.01 sys=0.00, real=0.00 secs] 
397.747: [GC (Allocation Failure) [PSYoungGen: 50032K->1405K(54784K)] 289935K->241308K(745984K), 0.0014025 secs] [Times: user=0.01 sys=0.00, real=0.00 secs] 
399.640: [GC (Allocation Failure) [PSYoungGen: 50045K->5536K(54784K)] 289948K->249535K(745984K), 0.0043817 secs] [Times: user=0.02 sys=0.00, real=0.01 secs] 
400.347: [GC (Allocation Failure) [PSYoungGen: 54176K->1376K(55296K)] 298175K->245375K(746496K), 0.0039361 secs] [Times: user=0.02 sys=0.00, real=0.00 secs] 
400.894: [GC (Allocation Failure) [PSYoungGen: 50016K->1408K(50176K)] 294015K->245431K(741376K), 0.0035427 secs] [Times: user=0.01 sys=0.00, real=0.00 secs] 
401.285: [GC (Allocation Failure) [PSYoungGen: 50048K->1360K(54784K)] 294071K->245399K(745984K), 0.0029293 secs] [Times: user=0.01 sys=0.00, real=0.00 secs] 
401.681: [GC (Allocation Failure) [PSYoungGen: 50000K->1376K(50176K)] 294039K->245415K(741376K), 0.0032028 secs] [Times: user=0.02 sys=0.00, real=0.01 secs] 
402.076: [GC (Allocation Failure) [PSYoungGen: 50016K->1408K(54272K)] 294055K->245447K(745472K), 0.0030005 secs] [Times: user=0.01 sys=0.00, real=0.00 secs] 
402.930: [GC (Allocation Failure) [PSYoungGen: 50048K->5504K(54272K)] 294087K->249551K(745472K), 0.0017723 secs] [Times: user=0.01 sys=0.00, real=0.00 secs] 
403.396: [GC (Allocation Failure) [PSYoungGen: 54144K->1408K(54272K)] 298191K->245455K(745472K), 0.0018626 secs] [Times: user=0.01 sys=0.00, real=0.00 secs] 
404.017: [GC (Allocation Failure) [PSYoungGen: 50048K->1408K(54784K)] 294095K->245455K(745984K), 0.0039661 secs] [Times: user=0.01 sys=0.00, real=0.00 secs] 
404.684: [GC (Allocation Failure) [PSYoungGen: 50048K->1408K(53760K)] 294095K->245455K(744960K), 0.0048426 secs] [Times: user=0.02 sys=0.00, real=0.00 secs] 
405.160: [GC (Allocation Failure) [PSYoungGen: 50048K->1376K(54272K)] 294095K->245423K(745472K), 0.0029931 secs] [Times: user=0.01 sys=0.00, real=0.00 secs] 
405.660: [GC (Allocation Failure) [PSYoungGen: 50016K->1376K(53248K)] 294063K->245423K(744448K), 0.0030767 secs] [Times: user=0.01 sys=0.00, real=0.01 secs] 
406.585: [GC (Allocation Failure) [PSYoungGen: 49037K->2432K(53760K)] 293084K->246479K(744960K), 0.0017634 secs] [Times: user=0.01 sys=0.00, real=0.00 secs] 
407.207: [GC (Allocation Failure) [PSYoungGen: 51072K->4480K(53248K)] 295119K->253647K(744448K), 0.0019320 secs] [Times: user=0.01 sys=0.00, real=0.00 secs] 
407.867: [GC (Allocation Failure) [PSYoungGen: 52608K->352K(53760K)] 301775K->249519K(744960K), 0.0019545 secs] [Times: user=0.01 sys=0.00, real=0.00 secs] 
408.439: [GC (Allocation Failure) [PSYoungGen: 48480K->352K(53760K)] 297647K->249535K(744960K), 0.0019512 secs] [Times: user=0.01 sys=0.00, real=0.00 secs] 
409.023: [GC (Allocation Failure) [PSYoungGen: 48480K->336K(53760K)] 297663K->249519K(744960K), 0.0023727 secs] [Times: user=0.01 sys=0.00, real=0.00 secs] 
409.652: [GC (Allocation Failure) [PSYoungGen: 48464K->352K(53760K)] 297647K->249535K(744960K), 0.0025237 secs] [Times: user=0.01 sys=0.00, real=0.01 secs] 
410.415: [GC (Allocation Failure) [PSYoungGen: 48480K->1405K(49664K)] 297663K->250588K(740864K), 0.0014349 secs] [Times: user=0.01 sys=0.00, real=0.00 secs] 
411.073: [GC (Allocation Failure) [PSYoungGen: 49533K->1376K(53248K)] 298716K->250591K(744448K), 0.0020064 secs] [Times: user=0.01 sys=0.00, real=0.01 secs] 
411.556: [GC (Allocation Failure) [PSYoungGen: 49504K->1376K(49664K)] 298719K->250591K(740864K), 0.0021084 secs] [Times: user=0.01 sys=0.00, real=0.00 secs] 
412.123: [GC (Allocation Failure) [PSYoungGen: 49504K->1376K(51712K)] 298719K->250599K(742912K), 0.0020734 secs] [Times: user=0.01 sys=0.00, real=0.01 secs] 
412.702: [GC (Allocation Failure) [PSYoungGen: 49504K->1456K(52224K)] 298727K->250679K(743424K), 0.0019145 secs] [Times: user=0.01 sys=0.00, real=0.01 secs] 
413.418: [GC (Allocation Failure) [PSYoungGen: 49584K->1376K(52224K)] 298807K->250599K(743424K), 0.0023796 secs] [Times: user=0.01 sys=0.00, real=0.00 secs] 
414.033: [GC (Allocation Failure) [PSYoungGen: 49504K->1376K(49664K)] 298727K->250599K(740864K), 0.0030137 secs] [Times: user=0.01 sys=0.00, real=0.00 secs] 
414.941: [GC (Allocation Failure) [PSYoungGen: 49504K->3472K(51200K)] 298727K->254743K(742400K), 0.0019859 secs] [Times: user=0.00 sys=0.00, real=0.01 secs] 
415.434: [GC (Allocation Failure) [PSYoungGen: 51088K->1376K(51712K)] 302359K->252647K(742912K), 0.0020824 secs] [Times: user=0.01 sys=0.00, real=0.00 secs] 
415.854: [GC (Allocation Failure) [PSYoungGen: 48992K->1344K(51712K)] 300263K->252623K(742912K), 0.0021421 secs] [Times: user=0.01 sys=0.00, real=0.00 secs] 
416.233: [GC (Allocation Failure) [PSYoungGen: 48960K->1344K(49152K)] 300239K->252623K(740352K), 0.0020190 secs] [Times: user=0.01 sys=0.00, real=0.00 secs] 
416.721: [GC (Allocation Failure) [PSYoungGen: 48960K->1440K(51200K)] 300239K->252727K(742400K), 0.0019142 secs] [Times: user=0.01 sys=0.00, real=0.01 secs] 
417.256: [GC (Allocation Failure) [PSYoungGen: 49056K->1408K(51200K)] 300343K->252695K(742400K), 0.0019702 secs] [Times: user=0.00 sys=0.00, real=0.00 secs] 
418.076: [GC (Allocation Failure) [PSYoungGen: 49024K->3456K(50688K)] 300311K->254751K(741888K), 0.0019315 secs] [Times: user=0.00 sys=0.00, real=0.00 secs] 
418.585: [GC (Allocation Failure) [PSYoungGen: 50560K->1408K(48640K)] 301855K->252703K(739840K), 0.0018650 secs] [Times: user=0.01 sys=0.00, real=0.00 secs] 
419.262: [GC (Allocation Failure) [PSYoungGen: 48512K->1408K(50688K)] 299807K->252703K(741888K), 0.0037270 secs] [Times: user=0.02 sys=0.00, real=0.01 secs] 
419.902: [GC (Allocation Failure) [PSYoungGen: 48512K->1424K(50688K)] 299807K->252727K(741888K), 0.0041776 secs] [Times: user=0.02 sys=0.00, real=0.01 secs] 
420.581: [GC (Allocation Failure) [PSYoungGen: 48528K->1376K(50688K)] 299831K->252679K(741888K), 0.0030796 secs] [Times: user=0.01 sys=0.00, real=0.01 secs] 
421.272: [GC (Allocation Failure) [PSYoungGen: 48480K->1424K(48640K)] 299783K->252751K(739840K), 0.0044746 secs] [Times: user=0.02 sys=0.00, real=0.01 secs] 
422.278: [GC (Allocation Failure) [PSYoungGen: 48528K->1405K(50176K)] 299855K->252732K(741376K), 0.0013829 secs] [Times: user=0.00 sys=0.00, real=0.00 secs] 
423.252: [GC (Allocation Failure) [PSYoungGen: 48509K->1408K(50176K)] 299836K->252743K(741376K), 0.0023330 secs] [Times: user=0.00 sys=0.00, real=0.01 secs] 
423.620: [GC (Allocation Failure) [PSYoungGen: 48512K->1408K(50176K)] 299847K->252743K(741376K), 0.0021736 secs] [Times: user=0.01 sys=0.00, real=0.00 secs] 
424.044: [GC (Allocation Failure) [PSYoungGen: 48512K->1376K(50176K)] 299847K->252711K(741376K), 0.0022304 secs] [Times: user=0.01 sys=0.00, real=0.00 secs] 
424.486: [GC (Allocation Failure) [PSYoungGen: 48480K->1408K(50176K)] 299815K->252743K(741376K), 0.0022073 secs] [Times: user=0.00 sys=0.00, real=0.00 secs] 
424.930: [GC (Allocation Failure) [PSYoungGen: 48512K->1408K(48640K)] 299847K->252743K(739840K), 0.0023305 secs] [Times: user=0.01 sys=0.01, real=0.00 secs] 
425.458: [GC (Allocation Failure) [PSYoungGen: 48512K->1408K(49664K)] 299847K->252743K(740864K), 0.0022608 secs] [Times: user=0.01 sys=0.00, real=0.00 secs] 
426.395: [GC (Allocation Failure) [PSYoungGen: 48512K->2432K(49664K)] 299847K->256847K(740864K), 0.0018644 secs] [Times: user=0.01 sys=0.00, real=0.00 secs] 
427.028: [GC (Allocation Failure) [PSYoungGen: 49536K->352K(50176K)] 303951K->254767K(741376K), 0.0026986 secs] [Times: user=0.01 sys=0.01, real=0.00 secs] 
427.391: [GC (Allocation Failure) [PSYoungGen: 47456K->352K(50176K)] 301871K->254775K(741376K), 0.0028666 secs] [Times: user=0.01 sys=0.00, real=0.01 secs] 
427.798: [GC (Allocation Failure) [PSYoungGen: 47456K->352K(50176K)] 301879K->254775K(741376K), 0.0029523 secs] [Times: user=0.01 sys=0.00, real=0.00 secs] 
428.187: [GC (Allocation Failure) [PSYoungGen: 47456K->320K(50176K)] 301879K->254743K(741376K), 0.0024322 secs] [Times: user=0.01 sys=0.00, real=0.00 secs] 
428.622: [GC (Allocation Failure) [PSYoungGen: 47424K->320K(50176K)] 301847K->254743K(741376K), 0.0022842 secs] [Times: user=0.01 sys=0.00, real=0.01 secs] 
429.529: [GC (Allocation Failure) [PSYoungGen: 47424K->1536K(50176K)] 301847K->255959K(741376K), 0.0016828 secs] [Times: user=0.01 sys=0.00, real=0.00 secs] 
430.158: [GC (Allocation Failure) [PSYoungGen: 48640K->1440K(50176K)] 303063K->255863K(741376K), 0.0040680 secs] [Times: user=0.02 sys=0.00, real=0.00 secs] 
431.024: [GC (Allocation Failure) [PSYoungGen: 48544K->1376K(50176K)] 302967K->255823K(741376K), 0.0042023 secs] [Times: user=0.02 sys=0.00, real=0.00 secs] 
431.885: [GC (Allocation Failure) [PSYoungGen: 48480K->1408K(50176K)] 302927K->255871K(741376K), 0.0041137 secs] [Times: user=0.02 sys=0.00, real=0.00 secs] 
432.584: [GC (Allocation Failure) [PSYoungGen: 48512K->1408K(48640K)] 302975K->255871K(739840K), 0.0029511 secs] [Times: user=0.02 sys=0.00, real=0.00 secs] 
432.958: [GC (Allocation Failure) [PSYoungGen: 48512K->1376K(49664K)] 302975K->255839K(740864K), 0.0022567 secs] [Times: user=0.00 sys=0.00, real=0.00 secs] 
433.457: [GC (Allocation Failure) [PSYoungGen: 48480K->1376K(49664K)] 302943K->255839K(740864K), 0.0017661 secs] [Times: user=0.01 sys=0.00, real=0.00 secs] 
434.264: [GC (Allocation Failure) [PSYoungGen: 48480K->1440K(49664K)] 302943K->255911K(740864K), 0.0017670 secs] [Times: user=0.01 sys=0.00, real=0.00 secs] 
434.741: [GC (Allocation Failure) [PSYoungGen: 48544K->1408K(49664K)] 303015K->255879K(740864K), 0.0017961 secs] [Times: user=0.01 sys=0.00, real=0.00 secs] 
434.999: [GC (Allocation Failure) [PSYoungGen: 48512K->1376K(49664K)] 302983K->255855K(740864K), 0.0023316 secs] [Times: user=0.01 sys=0.00, real=0.00 secs] 
435.196: [GC (Allocation Failure) [PSYoungGen: 48480K->1408K(49664K)] 302959K->255895K(740864K), 0.0019477 secs] [Times: user=0.01 sys=0.00, real=0.00 secs] 
435.396: [GC (Allocation Failure) [PSYoungGen: 48512K->1344K(49664K)] 302999K->255831K(740864K), 0.0019526 secs] [Times: user=0.00 sys=0.01, real=0.00 secs] 
435.591: [GC (Allocation Failure) [PSYoungGen: 48448K->1440K(49664K)] 302935K->255927K(740864K), 0.0018172 secs] [Times: user=0.01 sys=0.00, real=0.00 secs] 
436.313: [GC (Allocation Failure) [PSYoungGen: 48544K->2496K(49664K)] 303031K->258007K(740864K), 0.0019318 secs] [Times: user=0.01 sys=0.00, real=0.00 secs] 
436.738: [GC (Allocation Failure) [PSYoungGen: 49600K->1408K(49664K)] 305111K->256919K(740864K), 0.0017849 secs] [Times: user=0.00 sys=0.00, real=0.00 secs] 
437.164: [GC (Allocation Failure) [PSYoungGen: 48512K->1408K(49664K)] 304023K->256919K(740864K), 0.0041440 secs] [Times: user=0.02 sys=0.00, real=0.00 secs] 
437.532: [GC (Allocation Failure) [PSYoungGen: 48512K->1440K(49664K)] 304023K->256951K(740864K), 0.0030062 secs] [Times: user=0.01 sys=0.00, real=0.01 secs] 
437.918: [GC (Allocation Failure) [PSYoungGen: 48544K->1440K(49664K)] 304055K->256951K(740864K), 0.0026693 secs] [Times: user=0.01 sys=0.00, real=0.00 secs] 
438.289: [GC (Allocation Failure) [PSYoungGen: 48544K->1408K(48640K)] 304055K->256943K(739840K), 0.0028918 secs] [Times: user=0.01 sys=0.00, real=0.00 secs] 
439.092: [GC (Allocation Failure) [PSYoungGen: 48512K->224K(48640K)] 304047K->255759K(739840K), 0.0012837 secs] [Times: user=0.00 sys=0.00, real=0.00 secs] 
439.650: [GC (Allocation Failure) [PSYoungGen: 46816K->1376K(49152K)] 302351K->256919K(740352K), 0.0020690 secs] [Times: user=0.01 sys=0.00, real=0.00 secs] 
440.123: [GC (Allocation Failure) [PSYoungGen: 47968K->1376K(49152K)] 303511K->256919K(740352K), 0.0031159 secs] [Times: user=0.01 sys=0.01, real=0.01 secs] 
440.453: [GC (Allocation Failure) [PSYoungGen: 47968K->1408K(48128K)] 303511K->256959K(739328K), 0.0023745 secs] [Times: user=0.01 sys=0.00, real=0.00 secs] 
440.832: [GC (Allocation Failure) [PSYoungGen: 48000K->1408K(48640K)] 303551K->256959K(739840K), 0.0022162 secs] [Times: user=0.01 sys=0.00, real=0.01 secs] 
441.215: [GC (Allocation Failure) [PSYoungGen: 48000K->1424K(48640K)] 303551K->256975K(739840K), 0.0028827 secs] [Times: user=0.01 sys=0.00, real=0.00 secs] 
441.624: [GC (Allocation Failure) [PSYoungGen: 48016K->1424K(48640K)] 303567K->256983K(739840K), 0.0030000 secs] [Times: user=0.01 sys=0.00, real=0.00 secs] 
442.991: [GC (Allocation Failure) [PSYoungGen: 48016K->1408K(48640K)] 303575K->256967K(739840K), 0.0019199 secs] [Times: user=0.01 sys=0.01, real=0.01 secs] 
443.726: [GC (Allocation Failure) [PSYoungGen: 48000K->1376K(48640K)] 303559K->256935K(739840K), 0.0041155 secs] [Times: user=0.01 sys=0.00, real=0.00 secs] 
444.488: [GC (Allocation Failure) [PSYoungGen: 47968K->1376K(48640K)] 303527K->256935K(739840K), 0.0039650 secs] [Times: user=0.02 sys=0.00, real=0.00 secs] 
445.165: [GC (Allocation Failure) [PSYoungGen: 47968K->1376K(48640K)] 303527K->256935K(739840K), 0.0037542 secs] [Times: user=0.02 sys=0.00, real=0.00 secs] 
445.672: [GC (Allocation Failure) [PSYoungGen: 47968K->1376K(48640K)] 303527K->256935K(739840K), 0.0029703 secs] [Times: user=0.02 sys=0.00, real=0.01 secs] 
446.242: [GC (Allocation Failure) [PSYoungGen: 47968K->1376K(48640K)] 303527K->256935K(739840K), 0.0042536 secs] [Times: user=0.02 sys=0.00, real=0.01 secs] 
447.193: [GC (Allocation Failure) [PSYoungGen: 47968K->1952K(48640K)] 303527K->258023K(739840K), 0.0017246 secs] [Times: user=0.00 sys=0.00, real=0.01 secs] 
447.391: [GC (Allocation Failure) [PSYoungGen: 48544K->1376K(48640K)] 304615K->257447K(739840K), 0.0014348 secs] [Times: user=0.01 sys=0.00, real=0.00 secs] 
447.584: [GC (Allocation Failure) [PSYoungGen: 47968K->1408K(48640K)] 304039K->257479K(739840K), 0.0014142 secs] [Times: user=0.01 sys=0.00, real=0.00 secs] 
448.004: [GC (Allocation Failure) [PSYoungGen: 48000K->1408K(48640K)] 304071K->257487K(739840K), 0.0017661 secs] [Times: user=0.01 sys=0.00, real=0.00 secs] 
448.390: [GC (Allocation Failure) [PSYoungGen: 48000K->1440K(48640K)] 304079K->257519K(739840K), 0.0037595 secs] [Times: user=0.01 sys=0.00, real=0.01 secs] 
448.749: [GC (Allocation Failure) [PSYoungGen: 48032K->1440K(48640K)] 304111K->257519K(739840K), 0.0024075 secs] [Times: user=0.01 sys=0.00, real=0.00 secs] 
449.334: [GC (Allocation Failure) [PSYoungGen: 48032K->1437K(48640K)] 304111K->257516K(739840K), 0.0013780 secs] [Times: user=0.00 sys=0.00, real=0.00 secs] 
449.910: [GC (Allocation Failure) [PSYoungGen: 48029K->1472K(48640K)] 304108K->257551K(739840K), 0.0019436 secs] [Times: user=0.01 sys=0.00, real=0.00 secs] 
450.291: [GC (Allocation Failure) [PSYoungGen: 48064K->1408K(48640K)] 304143K->257511K(739840K), 0.0017711 secs] [Times: user=0.00 sys=0.00, real=0.01 secs] 
450.781: [GC (Allocation Failure) [PSYoungGen: 48000K->1440K(48640K)] 304103K->257543K(739840K), 0.0019024 secs] [Times: user=0.01 sys=0.00, real=0.00 secs] 
451.374: [GC (Allocation Failure) [PSYoungGen: 48032K->1408K(48640K)] 304135K->257511K(739840K), 0.0039811 secs] [Times: user=0.02 sys=0.00, real=0.00 secs] 
451.952: [GC (Allocation Failure) [PSYoungGen: 48000K->1440K(48640K)] 304103K->257543K(739840K), 0.0043531 secs] [Times: user=0.02 sys=0.00, real=0.01 secs] 
452.531: [GC (Allocation Failure) [PSYoungGen: 48032K->1456K(48640K)] 304135K->257559K(739840K), 0.0039941 secs] [Times: user=0.02 sys=0.00, real=0.01 secs] 
453.426: [GC (Allocation Failure) [PSYoungGen: 48048K->1440K(48640K)] 304151K->259591K(739840K), 0.0019012 secs] [Times: user=0.00 sys=0.00, real=0.00 secs] 
453.644: [GC (Allocation Failure) [PSYoungGen: 48032K->1408K(48640K)] 306183K->259559K(739840K), 0.0017695 secs] [Times: user=0.01 sys=0.00, real=0.00 secs] 
454.055: [GC (Allocation Failure) [PSYoungGen: 48000K->1392K(48640K)] 306151K->259551K(739840K), 0.0020863 secs] [Times: user=0.00 sys=0.00, real=0.00 secs] 
454.472: [GC (Allocation Failure) [PSYoungGen: 47984K->1376K(48640K)] 306143K->259535K(739840K), 0.0038941 secs] [Times: user=0.02 sys=0.00, real=0.01 secs] 
454.872: [GC (Allocation Failure) [PSYoungGen: 47968K->1408K(48640K)] 306127K->259567K(739840K), 0.0029678 secs] [Times: user=0.01 sys=0.00, real=0.01 secs] 
455.260: [GC (Allocation Failure) [PSYoungGen: 48000K->1440K(48640K)] 306159K->259599K(739840K), 0.0030052 secs] [Times: user=0.01 sys=0.00, real=0.01 secs] 
455.986: [GC (Allocation Failure) [PSYoungGen: 48032K->1373K(48640K)] 306191K->259532K(739840K), 0.0013965 secs] [Times: user=0.01 sys=0.00, real=0.00 secs] 
456.563: [GC (Allocation Failure) [PSYoungGen: 47965K->1408K(48128K)] 306124K->259567K(739328K), 0.0021721 secs] [Times: user=0.01 sys=0.00, real=0.00 secs] 
456.992: [GC (Allocation Failure) [PSYoungGen: 48000K->1440K(48128K)] 306159K->259599K(739328K), 0.0018104 secs] [Times: user=0.00 sys=0.00, real=0.01 secs] 
457.451: [GC (Allocation Failure) [PSYoungGen: 48032K->1408K(48128K)] 306191K->259567K(739328K), 0.0019445 secs] [Times: user=0.01 sys=0.00, real=0.00 secs] 
457.817: [GC (Allocation Failure) [PSYoungGen: 48000K->1376K(48128K)] 306159K->259535K(739328K), 0.0020531 secs] [Times: user=0.01 sys=0.00, real=0.00 secs] 
458.059: [GC (Allocation Failure) [PSYoungGen: 47968K->1376K(48128K)] 306127K->259535K(739328K), 0.0019001 secs] [Times: user=0.01 sys=0.00, real=0.00 secs] 
458.440: [GC (Allocation Failure) [PSYoungGen: 47968K->1392K(48128K)] 306127K->259551K(739328K), 0.0020017 secs] [Times: user=0.00 sys=0.00, real=0.00 secs] 
459.276: [GC (Allocation Failure) [PSYoungGen: 47984K->1440K(48128K)] 306143K->259623K(739328K), 0.0018628 secs] [Times: user=0.01 sys=0.00, real=0.00 secs] 
459.809: [GC (Allocation Failure) [PSYoungGen: 48032K->1376K(48128K)] 306215K->259559K(739328K), 0.0019660 secs] [Times: user=0.01 sys=0.00, real=0.00 secs] 
460.338: [GC (Allocation Failure) [PSYoungGen: 47968K->1376K(48128K)] 306151K->259559K(739328K), 0.0039952 secs] [Times: user=0.02 sys=0.01, real=0.00 secs] 
460.872: [GC (Allocation Failure) [PSYoungGen: 47968K->1408K(48128K)] 306151K->259607K(739328K), 0.0040304 secs] [Times: user=0.02 sys=0.00, real=0.01 secs] 
461.296: [GC (Allocation Failure) [PSYoungGen: 48000K->1408K(48128K)] 306199K->259607K(739328K), 0.0029454 secs] [Times: user=0.01 sys=0.00, real=0.00 secs] 
461.601: [GC (Allocation Failure) [PSYoungGen: 48000K->1392K(48128K)] 306199K->259591K(739328K), 0.0021281 secs] [Times: user=0.01 sys=0.01, real=0.01 secs] 
462.261: [GC (Allocation Failure) [PSYoungGen: 47984K->1504K(48128K)] 306183K->259791K(739328K), 0.0016566 secs] [Times: user=0.01 sys=0.00, real=0.00 secs] 
462.633: [GC (Allocation Failure) [PSYoungGen: 48096K->1344K(48640K)] 306383K->259631K(739840K), 0.0016302 secs] [Times: user=0.01 sys=0.00, real=0.01 secs] 
463.011: [GC (Allocation Failure) [PSYoungGen: 47936K->1280K(48640K)] 306223K->259567K(739840K), 0.0017161 secs] [Times: user=0.01 sys=0.00, real=0.00 secs] 
463.421: [GC (Allocation Failure) [PSYoungGen: 47872K->1312K(48640K)] 306159K->259607K(739840K), 0.0036334 secs] [Times: user=0.01 sys=0.00, real=0.01 secs] 
463.720: [GC (Allocation Failure) [PSYoungGen: 47904K->1312K(48640K)] 306199K->259607K(739840K), 0.0022609 secs] [Times: user=0.01 sys=0.00, real=0.00 secs] 
463.903: [GC (Allocation Failure) [PSYoungGen: 47904K->1344K(48640K)] 306199K->259639K(739840K), 0.0020377 secs] [Times: user=0.01 sys=0.00, real=0.00 secs] 
464.206: [GC (Allocation Failure) [PSYoungGen: 47936K->1373K(48128K)] 306231K->259668K(739328K), 0.0013592 secs] [Times: user=0.00 sys=0.00, real=0.00 secs] 
465.030: [GC (Allocation Failure) [PSYoungGen: 47965K->1440K(48128K)] 306260K->259735K(739328K), 0.0021562 secs] [Times: user=0.01 sys=0.00, real=0.00 secs] 
465.286: [GC (Allocation Failure) [PSYoungGen: 48032K->1424K(48128K)] 306327K->259719K(739328K), 0.0019849 secs] [Times: user=0.01 sys=0.01, real=0.00 secs] 
465.665: [GC (Allocation Failure) [PSYoungGen: 48016K->1440K(47616K)] 306311K->259751K(738816K), 0.0022143 secs] [Times: user=0.01 sys=0.00, real=0.00 secs] 
466.047: [GC (Allocation Failure) [PSYoungGen: 47520K->1376K(47616K)] 305831K->259687K(738816K), 0.0020318 secs] [Times: user=0.01 sys=0.00, real=0.00 secs] 
466.480: [GC (Allocation Failure) [PSYoungGen: 47456K->1408K(47616K)] 305767K->259719K(738816K), 0.0022284 secs] [Times: user=0.01 sys=0.01, real=0.00 secs] 
466.905: [GC (Allocation Failure) [PSYoungGen: 47488K->1408K(47616K)] 305799K->259719K(738816K), 0.0021586 secs] [Times: user=0.01 sys=0.00, real=0.00 secs] 
467.946: [GC (Allocation Failure) [PSYoungGen: 47488K->1424K(47616K)] 305799K->259735K(738816K), 0.0037911 secs] [Times: user=0.01 sys=0.00, real=0.00 secs] 
468.571: [GC (Allocation Failure) [PSYoungGen: 47504K->1408K(47616K)] 305815K->259719K(738816K), 0.0038846 secs] [Times: user=0.01 sys=0.00, real=0.01 secs] 
469.041: [GC (Allocation Failure) [PSYoungGen: 47488K->1376K(47616K)] 305799K->259727K(738816K), 0.0029402 secs] [Times: user=0.01 sys=0.00, real=0.01 secs] 
469.370: [GC (Allocation Failure) [PSYoungGen: 47456K->1376K(47616K)] 305807K->259727K(738816K), 0.0020991 secs] [Times: user=0.01 sys=0.00, real=0.00 secs] 
469.562: [GC (Allocation Failure) [PSYoungGen: 47456K->1440K(47616K)] 305807K->259791K(738816K), 0.0020711 secs] [Times: user=0.01 sys=0.00, real=0.01 secs] 
469.776: [GC (Allocation Failure) [PSYoungGen: 47520K->1408K(47616K)] 305871K->259759K(738816K), 0.0019036 secs] [Times: user=0.01 sys=0.00, real=0.00 secs] 
470.180: [GC (Allocation Failure) [PSYoungGen: 47488K->1373K(47616K)] 305839K->259724K(738816K), 0.0013571 secs] [Times: user=0.00 sys=0.00, real=0.00 secs] 
471.728: [GC (Allocation Failure) [PSYoungGen: 47453K->1472K(47616K)] 305804K->259823K(738816K), 0.0030520 secs] [Times: user=0.01 sys=0.00, real=0.00 secs] 
472.097: [GC (Allocation Failure) [PSYoungGen: 47552K->1376K(47616K)] 305903K->259727K(738816K), 0.0025238 secs] [Times: user=0.01 sys=0.00, real=0.00 secs] 
472.486: [GC (Allocation Failure) [PSYoungGen: 47456K->1376K(47616K)] 305807K->259727K(738816K), 0.0023030 secs] [Times: user=0.01 sys=0.00, real=0.00 secs] 
472.861: [GC (Allocation Failure) [PSYoungGen: 47456K->1408K(47616K)] 305807K->259759K(738816K), 0.0022984 secs] [Times: user=0.01 sys=0.00, real=0.00 secs] 
473.172: [GC (Allocation Failure) [PSYoungGen: 47488K->1440K(47616K)] 305839K->259791K(738816K), 0.0017967 secs] [Times: user=0.01 sys=0.00, real=0.01 secs] 
473.363: [GC (Allocation Failure) [PSYoungGen: 47520K->1408K(47616K)] 305871K->259759K(738816K), 0.0019666 secs] [Times: user=0.01 sys=0.00, real=0.00 secs] 
474.061: [GC (Allocation Failure) [PSYoungGen: 47488K->1408K(47616K)] 305839K->259759K(738816K), 0.0018029 secs] [Times: user=0.00 sys=0.00, real=0.00 secs] 
474.425: [GC (Allocation Failure) [PSYoungGen: 47488K->1376K(47616K)] 305839K->259727K(738816K), 0.0016460 secs] [Times: user=0.01 sys=0.00, real=0.00 secs] 
474.794: [GC (Allocation Failure) [PSYoungGen: 47456K->1376K(47616K)] 305807K->259727K(738816K), 0.0017269 secs] [Times: user=0.01 sys=0.00, real=0.00 secs] 
475.204: [GC (Allocation Failure) [PSYoungGen: 47456K->1376K(47616K)] 305807K->259727K(738816K), 0.0023765 secs] [Times: user=0.01 sys=0.00, real=0.00 secs] 
475.628: [GC (Allocation Failure) [PSYoungGen: 47456K->1408K(47616K)] 305807K->259759K(738816K), 0.0018727 secs] [Times: user=0.00 sys=0.00, real=0.00 secs] 
476.035: [GC (Allocation Failure) [PSYoungGen: 47488K->1440K(47616K)] 305839K->259791K(738816K), 0.0018897 secs] [Times: user=0.01 sys=0.00, real=0.00 secs] 
476.563: [GC (Allocation Failure) [PSYoungGen: 47520K->1405K(47616K)] 305871K->259756K(738816K), 0.0013925 secs] [Times: user=0.00 sys=0.00, real=0.01 secs] 
477.428: [GC (Allocation Failure) [PSYoungGen: 47485K->1472K(47616K)] 305836K->259831K(738816K), 0.0021909 secs] [Times: user=0.01 sys=0.00, real=0.00 secs] 
478.093: [GC (Allocation Failure) [PSYoungGen: 47552K->1376K(47616K)] 305911K->259735K(738816K), 0.0022512 secs] [Times: user=0.00 sys=0.00, real=0.01 secs] 
478.537: [GC (Allocation Failure) [PSYoungGen: 47456K->1440K(47616K)] 305815K->259831K(738816K), 0.0022113 secs] [Times: user=0.01 sys=0.00, real=0.00 secs] 
478.984: [GC (Allocation Failure) [PSYoungGen: 47520K->1408K(47616K)] 305911K->259799K(738816K), 0.0023385 secs] [Times: user=0.01 sys=0.00, real=0.00 secs] 
479.408: [GC (Allocation Failure) [PSYoungGen: 47488K->1408K(47616K)] 305879K->259799K(738816K), 0.0022667 secs] [Times: user=0.01 sys=0.00, real=0.00 secs] 
479.857: [GC (Allocation Failure) [PSYoungGen: 47488K->1408K(47616K)] 305879K->259799K(738816K), 0.0022642 secs] [Times: user=0.01 sys=0.00, real=0.00 secs] 
480.649: [GC (Allocation Failure) [PSYoungGen: 47488K->1376K(47616K)] 305879K->259767K(738816K), 0.0018628 secs] [Times: user=0.01 sys=0.01, real=0.00 secs] 
480.994: [GC (Allocation Failure) [PSYoungGen: 47456K->1408K(47616K)] 305847K->259799K(738816K), 0.0017225 secs] [Times: user=0.01 sys=0.00, real=0.00 secs] 
481.479: [GC (Allocation Failure) [PSYoungGen: 47488K->1408K(47616K)] 305879K->259807K(738816K), 0.0021006 secs] [Times: user=0.01 sys=0.00, real=0.00 secs] 
481.946: [GC (Allocation Failure) [PSYoungGen: 47488K->1440K(47616K)] 305887K->259839K(738816K), 0.0022273 secs] [Times: user=0.01 sys=0.00, real=0.00 secs] 
482.432: [GC (Allocation Failure) [PSYoungGen: 47520K->1376K(47616K)] 305919K->259775K(738816K), 0.0022443 secs] [Times: user=0.00 sys=0.00, real=0.01 secs] 
482.988: [GC (Allocation Failure) [PSYoungGen: 47456K->1440K(47616K)] 305855K->259839K(738816K), 0.0030233 secs] [Times: user=0.01 sys=0.00, real=0.00 secs] 
483.817: [GC (Allocation Failure) [PSYoungGen: 47520K->1405K(47616K)] 305919K->259804K(738816K), 0.0014022 secs] [Times: user=0.00 sys=0.00, real=0.00 secs] 
484.175: [GC (Allocation Failure) [PSYoungGen: 47485K->1408K(47616K)] 305884K->259807K(738816K), 0.0019672 secs] [Times: user=0.01 sys=0.00, real=0.00 secs] 
484.368: [GC (Allocation Failure) [PSYoungGen: 47488K->1344K(47616K)] 305887K->259743K(738816K), 0.0019838 secs] [Times: user=0.00 sys=0.01, real=0.00 secs] 
484.559: [GC (Allocation Failure) [PSYoungGen: 47424K->1440K(47616K)] 305823K->259847K(738816K), 0.0019310 secs] [Times: user=0.01 sys=0.00, real=0.00 secs] 
484.751: [GC (Allocation Failure) [PSYoungGen: 47520K->1376K(47616K)] 305927K->259783K(738816K), 0.0017616 secs] [Times: user=0.01 sys=0.00, real=0.00 secs] 
484.942: [GC (Allocation Failure) [PSYoungGen: 47456K->1408K(47616K)] 305863K->259815K(738816K), 0.0019782 secs] [Times: user=0.00 sys=0.00, real=0.01 secs] 
485.149: [GC (Allocation Failure) [PSYoungGen: 47488K->1424K(47616K)] 305895K->259831K(738816K), 0.0019423 secs] [Times: user=0.01 sys=0.00, real=0.00 secs] 
486.451: [GC (Allocation Failure) [PSYoungGen: 47504K->1440K(47616K)] 305911K->259847K(738816K), 0.0030779 secs] [Times: user=0.01 sys=0.00, real=0.01 secs] 
487.303: [GC (Allocation Failure) [PSYoungGen: 47520K->1392K(47616K)] 305927K->259799K(738816K), 0.0032266 secs] [Times: user=0.01 sys=0.00, real=0.01 secs] 
487.769: [GC (Allocation Failure) [PSYoungGen: 47472K->1360K(47616K)] 305879K->259767K(738816K), 0.0029393 secs] [Times: user=0.01 sys=0.00, real=0.00 secs] 
488.127: [GC (Allocation Failure) [PSYoungGen: 47440K->1408K(47616K)] 305847K->259815K(738816K), 0.0026757 secs] [Times: user=0.01 sys=0.00, real=0.00 secs] 
488.519: [GC (Allocation Failure) [PSYoungGen: 47488K->1440K(47616K)] 305895K->259847K(738816K), 0.0026385 secs] [Times: user=0.01 sys=0.00, real=0.00 secs] 
488.841: [GC (Allocation Failure) [PSYoungGen: 47520K->1392K(47616K)] 305927K->259823K(738816K), 0.0020772 secs] [Times: user=0.01 sys=0.00, real=0.00 secs] 
489.458: [GC (Allocation Failure) [PSYoungGen: 47472K->1373K(47616K)] 305903K->259804K(738816K), 0.0014222 secs] [Times: user=0.00 sys=0.00, real=0.00 secs] 
489.701: [GC (Allocation Failure) [PSYoungGen: 47453K->1376K(47616K)] 305884K->259807K(738816K), 0.0017203 secs] [Times: user=0.01 sys=0.00, real=0.01 secs] 
489.893: [GC (Allocation Failure) [PSYoungGen: 47456K->1408K(47616K)] 305887K->259839K(738816K), 0.0017775 secs] [Times: user=0.01 sys=0.00, real=0.01 secs] 
490.139: [GC (Allocation Failure) [PSYoungGen: 47488K->1440K(47616K)] 305919K->259895K(738816K), 0.0017137 secs] [Times: user=0.01 sys=0.00, real=0.00 secs] 
490.536: [GC (Allocation Failure) [PSYoungGen: 47520K->1440K(47616K)] 305975K->259895K(738816K), 0.0018485 secs] [Times: user=0.01 sys=0.00, real=0.00 secs] 
490.915: [GC (Allocation Failure) [PSYoungGen: 47520K->1376K(47616K)] 305975K->259831K(738816K), 0.0017401 secs] [Times: user=0.00 sys=0.00, real=0.00 secs] 
491.280: [GC (Allocation Failure) [PSYoungGen: 47456K->1360K(47616K)] 305911K->259815K(738816K), 0.0021980 secs] [Times: user=0.01 sys=0.00, real=0.00 secs] 
492.329: [GC (Allocation Failure) [PSYoungGen: 47440K->1408K(47616K)] 305895K->259863K(738816K), 0.0021555 secs] [Times: user=0.01 sys=0.00, real=0.00 secs] 
492.751: [GC (Allocation Failure) [PSYoungGen: 47488K->1376K(47616K)] 305943K->259831K(738816K), 0.0028869 secs] [Times: user=0.02 sys=0.00, real=0.01 secs] 
493.114: [GC (Allocation Failure) [PSYoungGen: 47456K->1408K(47616K)] 305911K->259863K(738816K), 0.0025296 secs] [Times: user=0.01 sys=0.00, real=0.00 secs] 
493.588: [GC (Allocation Failure) [PSYoungGen: 47488K->1440K(47616K)] 305943K->259903K(738816K), 0.0021211 secs] [Times: user=0.00 sys=0.00, real=0.00 secs] 
493.951: [GC (Allocation Failure) [PSYoungGen: 47520K->1376K(47616K)] 305983K->259839K(738816K), 0.0020462 secs] [Times: user=0.01 sys=0.00, real=0.00 secs] 
494.495: [GC (Allocation Failure) [PSYoungGen: 47456K->1376K(47616K)] 305919K->259847K(738816K), 0.0024632 secs] [Times: user=0.01 sys=0.00, real=0.00 secs] 
495.467: [GC (Allocation Failure) [PSYoungGen: 46670K->224K(47104K)] 305141K->258695K(738304K), 0.0014130 secs] [Times: user=0.01 sys=0.00, real=0.00 secs] 
495.695: [GC (Allocation Failure) [PSYoungGen: 45792K->1408K(47616K)] 304263K->259895K(738816K), 0.0018279 secs] [Times: user=0.01 sys=0.00, real=0.00 secs] 
495.884: [GC (Allocation Failure) [PSYoungGen: 46976K->1376K(47616K)] 305463K->259863K(738816K), 0.0017836 secs] [Times: user=0.01 sys=0.00, real=0.00 secs] 
496.074: [GC (Allocation Failure) [PSYoungGen: 46944K->1376K(47616K)] 305431K->259871K(738816K), 0.0018133 secs] [Times: user=0.01 sys=0.00, real=0.00 secs] 
496.263: [GC (Allocation Failure) [PSYoungGen: 46944K->1408K(47616K)] 305439K->259903K(738816K), 0.0018253 secs] [Times: user=0.01 sys=0.00, real=0.01 secs] 
496.452: [GC (Allocation Failure) [PSYoungGen: 46976K->1408K(47616K)] 305471K->259903K(738816K), 0.0026155 secs] [Times: user=0.01 sys=0.00, real=0.01 secs] 
496.642: [GC (Allocation Failure) [PSYoungGen: 46976K->1344K(52736K)] 305471K->259839K(743936K), 0.0022870 secs] [Times: user=0.01 sys=0.00, real=0.01 secs] 
497.329: [GC (Allocation Failure) [PSYoungGen: 52032K->1440K(52736K)] 310527K->259967K(743936K), 0.0017550 secs] [Times: user=0.01 sys=0.00, real=0.00 secs] 
497.642: [GC (Allocation Failure) [PSYoungGen: 52128K->1376K(52736K)] 310655K->259903K(743936K), 0.0017656 secs] [Times: user=0.01 sys=0.00, real=0.01 secs] 
497.983: [GC (Allocation Failure) [PSYoungGen: 52064K->1376K(52736K)] 310591K->259903K(743936K), 0.0018471 secs] [Times: user=0.00 sys=0.00, real=0.01 secs] 
498.345: [GC (Allocation Failure) [PSYoungGen: 52064K->1440K(52736K)] 310591K->259967K(743936K), 0.0018361 secs] [Times: user=0.01 sys=0.00, real=0.00 secs] 
498.739: [GC (Allocation Failure) [PSYoungGen: 52128K->1376K(52736K)] 310655K->259903K(743936K), 0.0020794 secs] [Times: user=0.00 sys=0.00, real=0.00 secs] 
499.254: [GC (Allocation Failure) [PSYoungGen: 52064K->1408K(52736K)] 310591K->259935K(743936K), 0.0018347 secs] [Times: user=0.01 sys=0.00, real=0.00 secs] 
499.990: [GC (Allocation Failure) [PSYoungGen: 52096K->1440K(52736K)] 310623K->259967K(743936K), 0.0017556 secs] [Times: user=0.00 sys=0.00, real=0.00 secs] 
500.267: [GC (Allocation Failure) [PSYoungGen: 52128K->1408K(52736K)] 310655K->259935K(743936K), 0.0019722 secs] [Times: user=0.01 sys=0.00, real=0.00 secs] 
500.478: [GC (Allocation Failure) [PSYoungGen: 52096K->1376K(52736K)] 310623K->259911K(743936K), 0.0030746 secs] [Times: user=0.01 sys=0.00, real=0.00 secs] 
500.825: [GC (Allocation Failure) [PSYoungGen: 52064K->1344K(52736K)] 310599K->259887K(743936K), 0.0022198 secs] [Times: user=0.01 sys=0.00, real=0.00 secs] 
501.143: [GC (Allocation Failure) [PSYoungGen: 52032K->1408K(52736K)] 310575K->259951K(743936K), 0.0025185 secs] [Times: user=0.01 sys=0.00, real=0.01 secs] 
501.705: [GC (Allocation Failure) [PSYoungGen: 52096K->1405K(52736K)] 310639K->259948K(743936K), 0.0013616 secs] [Times: user=0.01 sys=0.00, real=0.00 secs] 
502.616: [GC (Allocation Failure) [PSYoungGen: 52093K->1376K(52224K)] 310636K->259919K(743424K), 0.0018591 secs] [Times: user=0.00 sys=0.00, real=0.00 secs] 
503.046: [GC (Allocation Failure) [PSYoungGen: 52064K->1408K(52224K)] 310607K->259951K(743424K), 0.0018419 secs] [Times: user=0.01 sys=0.00, real=0.00 secs] 
503.459: [GC (Allocation Failure) [PSYoungGen: 52096K->1376K(52224K)] 310639K->259919K(743424K), 0.0019796 secs] [Times: user=0.01 sys=0.00, real=0.00 secs] 
503.863: [GC (Allocation Failure) [PSYoungGen: 52064K->1408K(52224K)] 310607K->259951K(743424K), 0.0029311 secs] [Times: user=0.01 sys=0.00, real=0.01 secs] 
504.279: [GC (Allocation Failure) [PSYoungGen: 52096K->1360K(52224K)] 310639K->259903K(743424K), 0.0028226 secs] [Times: user=0.01 sys=0.00, real=0.00 secs] 
505.019: [GC (Allocation Failure) [PSYoungGen: 52048K->1405K(52224K)] 310591K->259948K(743424K), 0.0013850 secs] [Times: user=0.00 sys=0.00, real=0.00 secs] 
505.486: [GC (Allocation Failure) [PSYoungGen: 52093K->1424K(52224K)] 310636K->259967K(743424K), 0.0018397 secs] [Times: user=0.01 sys=0.00, real=0.00 secs] 
505.697: [GC (Allocation Failure) [PSYoungGen: 52112K->1408K(52224K)] 310655K->259959K(743424K), 0.0017925 secs] [Times: user=0.01 sys=0.00, real=0.00 secs] 
505.922: [GC (Allocation Failure) [PSYoungGen: 52096K->1408K(52224K)] 310647K->259959K(743424K), 0.0018486 secs] [Times: user=0.01 sys=0.00, real=0.01 secs] 
506.133: [GC (Allocation Failure) [PSYoungGen: 52096K->1376K(52224K)] 310647K->259935K(743424K), 0.0020049 secs] [Times: user=0.01 sys=0.00, real=0.01 secs] 
506.367: [GC (Allocation Failure) [PSYoungGen: 52064K->1344K(52224K)] 310623K->259903K(743424K), 0.0017351 secs] [Times: user=0.01 sys=0.00, real=0.00 secs] 
507.343: [GC (Allocation Failure) [PSYoungGen: 51061K->288K(51712K)] 309620K->258847K(742912K), 0.0015909 secs] [Times: user=0.01 sys=0.00, real=0.01 secs] 
507.960: [GC (Allocation Failure) [PSYoungGen: 50464K->1408K(52224K)] 309023K->259967K(743424K), 0.0019567 secs] [Times: user=0.01 sys=0.00, real=0.00 secs] 
508.477: [GC (Allocation Failure) [PSYoungGen: 51584K->1376K(52224K)] 310143K->259935K(743424K), 0.0020135 secs] [Times: user=0.01 sys=0.00, real=0.00 secs] 
508.856: [GC (Allocation Failure) [PSYoungGen: 51552K->1408K(52224K)] 310111K->259983K(743424K), 0.0019921 secs] [Times: user=0.01 sys=0.00, real=0.00 secs] 
509.448: [GC (Allocation Failure) [PSYoungGen: 51584K->1376K(52224K)] 310159K->259959K(743424K), 0.0020836 secs] [Times: user=0.01 sys=0.00, real=0.00 secs] 
509.894: [GC (Allocation Failure) [PSYoungGen: 51552K->1408K(52224K)] 310135K->259991K(743424K), 0.0024413 secs] [Times: user=0.01 sys=0.00, real=0.00 secs] 
510.726: [GC (Allocation Failure) [PSYoungGen: 51584K->1568K(52224K)] 310167K->260151K(743424K), 0.0017076 secs] [Times: user=0.01 sys=0.00, real=0.00 secs] 
511.367: [GC (Allocation Failure) [PSYoungGen: 51744K->1376K(52224K)] 310327K->259959K(743424K), 0.0018894 secs] [Times: user=0.01 sys=0.00, real=0.00 secs] 
511.761: [GC (Allocation Failure) [PSYoungGen: 51552K->1376K(52224K)] 310135K->259959K(743424K), 0.0024954 secs] [Times: user=0.00 sys=0.00, real=0.01 secs] 
512.156: [GC (Allocation Failure) [PSYoungGen: 51552K->1408K(52224K)] 310135K->259991K(743424K), 0.0022475 secs] [Times: user=0.01 sys=0.00, real=0.00 secs] 
512.521: [GC (Allocation Failure) [PSYoungGen: 51584K->1408K(52224K)] 310167K->259999K(743424K), 0.0022407 secs] [Times: user=0.01 sys=0.00, real=0.01 secs] 
512.908: [GC (Allocation Failure) [PSYoungGen: 51584K->1408K(52224K)] 310175K->259999K(743424K), 0.0030168 secs] [Times: user=0.01 sys=0.00, real=0.00 secs] 
513.787: [GC (Allocation Failure) [PSYoungGen: 51584K->1728K(52224K)] 310175K->260327K(743424K), 0.0018116 secs] [Times: user=0.00 sys=0.00, real=0.00 secs] 
513.996: [GC (Allocation Failure) [PSYoungGen: 51904K->1408K(52224K)] 310503K->260007K(743424K), 0.0018985 secs] [Times: user=0.01 sys=0.00, real=0.00 secs] 
514.205: [GC (Allocation Failure) [PSYoungGen: 51584K->1408K(52224K)] 310183K->260007K(743424K), 0.0018845 secs] [Times: user=0.00 sys=0.00, real=0.00 secs] 
514.426: [GC (Allocation Failure) [PSYoungGen: 51584K->1376K(52224K)] 310183K->259975K(743424K), 0.0019636 secs] [Times: user=0.01 sys=0.00, real=0.00 secs] 
514.635: [GC (Allocation Failure) [PSYoungGen: 51552K->1456K(52224K)] 310151K->260055K(743424K), 0.0019167 secs] [Times: user=0.01 sys=0.00, real=0.00 secs] 
514.916: [GC (Allocation Failure) [PSYoungGen: 51632K->1376K(52224K)] 310231K->259975K(743424K), 0.0021664 secs] [Times: user=0.01 sys=0.00, real=0.00 secs] 
515.872: [GC (Allocation Failure) [PSYoungGen: 51552K->1984K(52224K)] 310151K->261095K(743424K), 0.0018279 secs] [Times: user=0.01 sys=0.00, real=0.01 secs] 
516.480: [GC (Allocation Failure) [PSYoungGen: 52160K->1440K(52224K)] 311271K->260551K(743424K), 0.0019413 secs] [Times: user=0.01 sys=0.00, real=0.00 secs] 
517.039: [GC (Allocation Failure) [PSYoungGen: 51616K->1440K(52224K)] 310727K->260551K(743424K), 0.0041873 secs] [Times: user=0.02 sys=0.00, real=0.01 secs] 
517.606: [GC (Allocation Failure) [PSYoungGen: 51616K->1392K(52224K)] 310727K->260535K(743424K), 0.0041835 secs] [Times: user=0.01 sys=0.00, real=0.00 secs] 
518.236: [GC (Allocation Failure) [PSYoungGen: 51568K->1440K(52224K)] 310711K->260591K(743424K), 0.0031479 secs] [Times: user=0.01 sys=0.01, real=0.00 secs] 
518.834: [GC (Allocation Failure) [PSYoungGen: 51616K->1344K(52224K)] 310767K->260511K(743424K), 0.0030375 secs] [Times: user=0.01 sys=0.00, real=0.00 secs] 
519.649: [GC (Allocation Failure) [PSYoungGen: 51520K->1376K(52224K)] 310687K->260543K(743424K), 0.0019839 secs] [Times: user=0.01 sys=0.00, real=0.00 secs] 
519.930: [GC (Allocation Failure) [PSYoungGen: 51552K->1408K(52224K)] 310719K->260575K(743424K), 0.0018602 secs] [Times: user=0.00 sys=0.00, real=0.00 secs] 
520.378: [GC (Allocation Failure) [PSYoungGen: 51584K->1344K(52224K)] 310751K->260511K(743424K), 0.0019021 secs] [Times: user=0.01 sys=0.00, real=0.00 secs] 
520.761: [GC (Allocation Failure) [PSYoungGen: 51520K->1376K(52224K)] 310687K->260559K(743424K), 0.0031661 secs] [Times: user=0.02 sys=0.00, real=0.01 secs] 
521.146: [GC (Allocation Failure) [PSYoungGen: 51552K->1408K(52224K)] 310735K->260591K(743424K), 0.0030255 secs] [Times: user=0.01 sys=0.00, real=0.00 secs] 
521.567: [GC (Allocation Failure) [PSYoungGen: 51584K->1392K(52224K)] 310767K->260575K(743424K), 0.0024637 secs] [Times: user=0.01 sys=0.00, real=0.00 secs] 
522.512: [GC (Allocation Failure) [PSYoungGen: 51568K->1440K(52224K)] 310751K->260631K(743424K), 0.0021598 secs] [Times: user=0.01 sys=0.00, real=0.01 secs] 
523.018: [GC (Allocation Failure) [PSYoungGen: 51616K->1408K(52224K)] 310807K->260599K(743424K), 0.0027566 secs] [Times: user=0.01 sys=0.00, real=0.00 secs] 
523.583: [GC (Allocation Failure) [PSYoungGen: 51584K->1376K(52224K)] 310775K->260567K(743424K), 0.0029914 secs] [Times: user=0.01 sys=0.00, real=0.00 secs] 
524.262: [GC (Allocation Failure) [PSYoungGen: 51552K->1376K(52224K)] 310743K->260575K(743424K), 0.0035582 secs] [Times: user=0.01 sys=0.00, real=0.01 secs] 
524.868: [GC (Allocation Failure) [PSYoungGen: 51552K->1392K(52224K)] 310751K->260591K(743424K), 0.0041800 secs] [Times: user=0.02 sys=0.00, real=0.00 secs] 
525.628: [GC (Allocation Failure) [PSYoungGen: 51568K->1376K(52224K)] 310767K->260575K(743424K), 0.0037086 secs] [Times: user=0.02 sys=0.00, real=0.00 secs] 
526.818: [GC (Allocation Failure) [PSYoungGen: 51552K->1408K(51712K)] 310751K->260607K(742912K), 0.0020226 secs] [Times: user=0.01 sys=0.00, real=0.00 secs] 
527.028: [GC (Allocation Failure) [PSYoungGen: 51584K->1344K(51712K)] 310783K->260543K(742912K), 0.0019967 secs] [Times: user=0.01 sys=0.00, real=0.00 secs] 
527.265: [GC (Allocation Failure) [PSYoungGen: 51520K->400K(51200K)] 310719K->260623K(742400K), 0.0017485 secs] [Times: user=0.01 sys=0.00, real=0.00 secs] 
527.670: [GC (Allocation Failure) [PSYoungGen: 50576K->352K(52224K)] 310799K->260591K(743424K), 0.0021439 secs] [Times: user=0.01 sys=0.00, real=0.00 secs] 
528.105: [GC (Allocation Failure) [PSYoungGen: 50528K->352K(52224K)] 310767K->260591K(743424K), 0.0030710 secs] [Times: user=0.01 sys=0.00, real=0.00 secs] 
528.523: [GC (Allocation Failure) [PSYoungGen: 50528K->320K(52224K)] 310767K->260559K(743424K), 0.0024789 secs] [Times: user=0.01 sys=0.00, real=0.00 secs] 
529.547: [GC (Allocation Failure) [PSYoungGen: 50496K->1440K(52224K)] 310735K->261679K(743424K), 0.0037472 secs] [Times: user=0.02 sys=0.00, real=0.00 secs] 
529.968: [GC (Allocation Failure) [PSYoungGen: 51616K->1392K(52224K)] 311855K->261631K(743424K), 0.0030412 secs] [Times: user=0.01 sys=0.00, real=0.00 secs] 
530.428: [GC (Allocation Failure) [PSYoungGen: 51568K->1408K(52224K)] 311807K->261647K(743424K), 0.0025186 secs] [Times: user=0.01 sys=0.00, real=0.00 secs] 
530.863: [GC (Allocation Failure) [PSYoungGen: 51584K->1408K(52224K)] 311823K->261671K(743424K), 0.0030604 secs] [Times: user=0.01 sys=0.00, real=0.01 secs] 
531.280: [GC (Allocation Failure) [PSYoungGen: 51584K->1408K(52736K)] 311847K->261671K(743936K), 0.0025833 secs] [Times: user=0.01 sys=0.01, real=0.00 secs] 
531.566: [GC (Allocation Failure) [PSYoungGen: 51584K->1376K(51712K)] 311847K->261639K(742912K), 0.0019418 secs] [Times: user=0.01 sys=0.00, real=0.00 secs] 
532.273: [GC (Allocation Failure) [PSYoungGen: 51552K->1440K(52224K)] 311815K->261703K(743424K), 0.0017785 secs] [Times: user=0.01 sys=0.00, real=0.01 secs] 
532.554: [GC (Allocation Failure) [PSYoungGen: 51616K->1408K(52224K)] 311879K->261671K(743424K), 0.0018905 secs] [Times: user=0.00 sys=0.00, real=0.00 secs] 
532.967: [GC (Allocation Failure) [PSYoungGen: 51584K->1408K(52224K)] 311847K->261671K(743424K), 0.0025198 secs] [Times: user=0.01 sys=0.00, real=0.00 secs] 
533.347: [GC (Allocation Failure) [PSYoungGen: 51584K->1376K(52224K)] 311847K->261639K(743424K), 0.0024731 secs] [Times: user=0.01 sys=0.00, real=0.00 secs] 
533.744: [GC (Allocation Failure) [PSYoungGen: 51552K->1408K(52224K)] 311815K->261671K(743424K), 0.0029182 secs] [Times: user=0.01 sys=0.00, real=0.00 secs] 
534.184: [GC (Allocation Failure) [PSYoungGen: 51584K->1376K(52224K)] 311847K->261639K(743424K), 0.0038265 secs] [Times: user=0.01 sys=0.00, real=0.00 secs] 
535.324: [GC (Allocation Failure) [PSYoungGen: 51552K->1440K(52224K)] 311815K->261703K(743424K), 0.0019612 secs] [Times: user=0.01 sys=0.01, real=0.00 secs] 
535.757: [GC (Allocation Failure) [PSYoungGen: 51616K->1376K(52224K)] 311879K->261639K(743424K), 0.0020474 secs] [Times: user=0.01 sys=0.00, real=0.00 secs] 
536.375: [GC (Allocation Failure) [PSYoungGen: 51552K->1344K(52224K)] 311815K->261607K(743424K), 0.0040753 secs] [Times: user=0.02 sys=0.00, real=0.00 secs] 
537.069: [GC (Allocation Failure) [PSYoungGen: 51520K->1408K(52224K)] 311783K->261679K(743424K), 0.0036766 secs] [Times: user=0.01 sys=0.00, real=0.00 secs] 
537.691: [GC (Allocation Failure) [PSYoungGen: 51584K->1408K(52224K)] 311855K->261679K(743424K), 0.0037295 secs] [Times: user=0.02 sys=0.00, real=0.01 secs] 
538.326: [GC (Allocation Failure) [PSYoungGen: 51584K->1376K(52224K)] 311855K->261647K(743424K), 0.0037044 secs] [Times: user=0.01 sys=0.01, real=0.00 secs] 
540.210: [GC (Allocation Failure) [PSYoungGen: 51552K->1408K(52224K)] 311823K->261679K(743424K), 0.0042893 secs] [Times: user=0.02 sys=0.00, real=0.01 secs] 
541.007: [GC (Allocation Failure) [PSYoungGen: 51584K->1408K(52224K)] 311855K->261679K(743424K), 0.0043177 secs] [Times: user=0.02 sys=0.00, real=0.00 secs] 
541.762: [GC (Allocation Failure) [PSYoungGen: 51584K->1408K(52224K)] 311855K->261679K(743424K), 0.0040710 secs] [Times: user=0.02 sys=0.00, real=0.01 secs] 
542.488: [GC (Allocation Failure) [PSYoungGen: 51584K->1376K(52224K)] 311855K->261655K(743424K), 0.0041167 secs] [Times: user=0.01 sys=0.00, real=0.00 secs] 
543.139: [GC (Allocation Failure) [PSYoungGen: 51552K->1376K(52224K)] 311831K->261655K(743424K), 0.0026619 secs] [Times: user=0.01 sys=0.00, real=0.00 secs] 
543.710: [GC (Allocation Failure) [PSYoungGen: 50542K->320K(52224K)] 310821K->260599K(743424K), 0.0025420 secs] [Times: user=0.01 sys=0.00, real=0.00 secs] 
544.639: [GC (Allocation Failure) [PSYoungGen: 50496K->1440K(52224K)] 310775K->261719K(743424K), 0.0019739 secs] [Times: user=0.01 sys=0.00, real=0.00 secs] 
545.026: [GC (Allocation Failure) [PSYoungGen: 51616K->1424K(52224K)] 311895K->261703K(743424K), 0.0038153 secs] [Times: user=0.01 sys=0.00, real=0.00 secs] 
545.473: [GC (Allocation Failure) [PSYoungGen: 51600K->1408K(52224K)] 311879K->261687K(743424K), 0.0031271 secs] [Times: user=0.01 sys=0.00, real=0.01 secs] 
545.918: [GC (Allocation Failure) [PSYoungGen: 51584K->1408K(52224K)] 311863K->261687K(743424K), 0.0030386 secs] [Times: user=0.01 sys=0.00, real=0.00 secs] 
546.439: [GC (Allocation Failure) [PSYoungGen: 51584K->1376K(52224K)] 311863K->261655K(743424K), 0.0030424 secs] [Times: user=0.01 sys=0.00, real=0.00 secs] 
547.002: [GC (Allocation Failure) [PSYoungGen: 51552K->1405K(52224K)] 311831K->261684K(743424K), 0.0019731 secs] [Times: user=0.01 sys=0.00, real=0.01 secs] 
547.930: [GC (Allocation Failure) [PSYoungGen: 51581K->1472K(52224K)] 311860K->261751K(743424K), 0.0025722 secs] [Times: user=0.01 sys=0.00, real=0.00 secs] 
548.371: [GC (Allocation Failure) [PSYoungGen: 51648K->1344K(52224K)] 311927K->261623K(743424K), 0.0029563 secs] [Times: user=0.01 sys=0.00, real=0.01 secs] 
548.816: [GC (Allocation Failure) [PSYoungGen: 51520K->1360K(52224K)] 311799K->261639K(743424K), 0.0027038 secs] [Times: user=0.01 sys=0.00, real=0.00 secs] 
549.256: [GC (Allocation Failure) [PSYoungGen: 51536K->1376K(52224K)] 311815K->261671K(743424K), 0.0025894 secs] [Times: user=0.01 sys=0.00, real=0.00 secs] 
549.601: [GC (Allocation Failure) [PSYoungGen: 51552K->1376K(52224K)] 311847K->261671K(743424K), 0.0024836 secs] [Times: user=0.01 sys=0.00, real=0.00 secs] 
550.279: [GC (Allocation Failure) [PSYoungGen: 51552K->1405K(52224K)] 311847K->261732K(743424K), 0.0013550 secs] [Times: user=0.01 sys=0.00, real=0.00 secs] 
550.843: [GC (Allocation Failure) [PSYoungGen: 51581K->1408K(52224K)] 311908K->261735K(743424K), 0.0019856 secs] [Times: user=0.01 sys=0.00, real=0.01 secs] 
551.052: [GC (Allocation Failure) [PSYoungGen: 51584K->1440K(52224K)] 311911K->261775K(743424K), 0.0019065 secs] [Times: user=0.01 sys=0.00, real=0.01 secs] 
551.260: [GC (Allocation Failure) [PSYoungGen: 51616K->1408K(52224K)] 311951K->261743K(743424K), 0.0020339 secs] [Times: user=0.00 sys=0.00, real=0.00 secs] 
551.469: [GC (Allocation Failure) [PSYoungGen: 51584K->1424K(52224K)] 311919K->261775K(743424K), 0.0019305 secs] [Times: user=0.01 sys=0.00, real=0.00 secs] 
551.677: [GC (Allocation Failure) [PSYoungGen: 51600K->1376K(52224K)] 311951K->261727K(743424K), 0.0020349 secs] [Times: user=0.01 sys=0.00, real=0.00 secs] 
552.145: [GC (Allocation Failure) [PSYoungGen: 51552K->1405K(52224K)] 311903K->261756K(743424K), 0.0014099 secs] [Times: user=0.00 sys=0.00, real=0.00 secs] 
552.990: [GC (Allocation Failure) [PSYoungGen: 51581K->1440K(52224K)] 311932K->261791K(743424K), 0.0025113 secs] [Times: user=0.01 sys=0.00, real=0.00 secs] 
553.726: [GC (Allocation Failure) [PSYoungGen: 51616K->1440K(52224K)] 311967K->261791K(743424K), 0.0038718 secs] [Times: user=0.01 sys=0.00, real=0.00 secs] 
554.166: [GC (Allocation Failure) [PSYoungGen: 51616K->1408K(52224K)] 311967K->261759K(743424K), 0.0029637 secs] [Times: user=0.01 sys=0.00, real=0.00 secs] 
554.605: [GC (Allocation Failure) [PSYoungGen: 51584K->1424K(52224K)] 311935K->261783K(743424K), 0.0022659 secs] [Times: user=0.01 sys=0.01, real=0.00 secs] 
555.151: [GC (Allocation Failure) [PSYoungGen: 51600K->1424K(52224K)] 311959K->261783K(743424K), 0.0022717 secs] [Times: user=0.01 sys=0.00, real=0.00 secs] 
556.140: [GC (Allocation Failure) [PSYoungGen: 51600K->1408K(52224K)] 311959K->261767K(743424K), 0.0014728 secs] [Times: user=0.00 sys=0.00, real=0.00 secs] 
556.543: [GC (Allocation Failure) [PSYoungGen: 51584K->1440K(52224K)] 311943K->261799K(743424K), 0.0018334 secs] [Times: user=0.01 sys=0.00, real=0.01 secs] 
556.751: [GC (Allocation Failure) [PSYoungGen: 51616K->1408K(51712K)] 311975K->261767K(742912K), 0.0018422 secs] [Times: user=0.01 sys=0.00, real=0.01 secs] 
556.960: [GC (Allocation Failure) [PSYoungGen: 51584K->1440K(51712K)] 311943K->261799K(742912K), 0.0016569 secs] [Times: user=0.01 sys=0.00, real=0.00 secs] 
557.284: [GC (Allocation Failure) [PSYoungGen: 51616K->1440K(51712K)] 311975K->261799K(742912K), 0.0017897 secs] [Times: user=0.01 sys=0.00, real=0.00 secs] 
557.664: [GC (Allocation Failure) [PSYoungGen: 51616K->1344K(51712K)] 311975K->261703K(742912K), 0.0016053 secs] [Times: user=0.01 sys=0.00, real=0.00 secs] 
558.523: [GC (Allocation Failure) [PSYoungGen: 51520K->1405K(51712K)] 311879K->261764K(742912K), 0.0015636 secs] [Times: user=0.01 sys=0.00, real=0.01 secs] 
559.215: [GC (Allocation Failure) [PSYoungGen: 51581K->1408K(51712K)] 311940K->261767K(742912K), 0.0040294 secs] [Times: user=0.02 sys=0.00, real=0.00 secs] 
559.783: [GC (Allocation Failure) [PSYoungGen: 51584K->1408K(51712K)] 311943K->261783K(742912K), 0.0087656 secs] [Times: user=0.04 sys=0.00, real=0.01 secs] 
560.188: [GC (Allocation Failure) [PSYoungGen: 51584K->1376K(51712K)] 311959K->261751K(742912K), 0.0030048 secs] [Times: user=0.02 sys=0.00, real=0.00 secs] 
560.634: [GC (Allocation Failure) [PSYoungGen: 51552K->1376K(51712K)] 311927K->261759K(742912K), 0.0024554 secs] [Times: user=0.00 sys=0.00, real=0.00 secs] 
561.081: [GC (Allocation Failure) [PSYoungGen: 51552K->1408K(51712K)] 311935K->261791K(742912K), 0.0025532 secs] [Times: user=0.01 sys=0.00, real=0.01 secs] 
561.878: [GC (Allocation Failure) [PSYoungGen: 51584K->192K(51712K)] 311967K->260575K(742912K), 0.0014131 secs] [Times: user=0.00 sys=0.00, real=0.00 secs] 
562.165: [GC (Allocation Failure) [PSYoungGen: 50368K->1408K(52224K)] 310751K->261791K(743424K), 0.0019649 secs] [Times: user=0.01 sys=0.00, real=0.00 secs] 
562.374: [GC (Allocation Failure) [PSYoungGen: 51584K->1408K(52224K)] 311967K->261791K(743424K), 0.0017213 secs] [Times: user=0.01 sys=0.00, real=0.00 secs] 
562.583: [GC (Allocation Failure) [PSYoungGen: 51584K->1408K(52224K)] 311967K->261791K(743424K), 0.0018568 secs] [Times: user=0.00 sys=0.00, real=0.01 secs] 
562.791: [GC (Allocation Failure) [PSYoungGen: 51584K->1392K(52224K)] 311967K->261775K(743424K), 0.0017677 secs] [Times: user=0.01 sys=0.00, real=0.00 secs] 
563.000: [GC (Allocation Failure) [PSYoungGen: 51568K->1440K(52224K)] 311951K->261823K(743424K), 0.0018382 secs] [Times: user=0.01 sys=0.00, real=0.00 secs] 
563.742: [GC (Allocation Failure) [PSYoungGen: 51616K->1600K(52224K)] 311999K->261983K(743424K), 0.0017694 secs] [Times: user=0.01 sys=0.00, real=0.01 secs] 
563.951: [GC (Allocation Failure) [PSYoungGen: 51776K->1440K(52224K)] 312159K->261823K(743424K), 0.0024959 secs] [Times: user=0.02 sys=0.00, real=0.01 secs] 
564.186: [GC (Allocation Failure) [PSYoungGen: 51616K->1440K(52224K)] 311999K->261823K(743424K), 0.0019858 secs] [Times: user=0.01 sys=0.00, real=0.00 secs] 
564.451: [GC (Allocation Failure) [PSYoungGen: 51616K->1376K(52224K)] 311999K->261759K(743424K), 0.0018156 secs] [Times: user=0.01 sys=0.00, real=0.00 secs] 
564.659: [GC (Allocation Failure) [PSYoungGen: 51552K->1408K(52224K)] 311935K->261791K(743424K), 0.0018727 secs] [Times: user=0.01 sys=0.00, real=0.00 secs] 
564.910: [GC (Allocation Failure) [PSYoungGen: 51584K->1424K(52224K)] 311967K->261807K(743424K), 0.0020004 secs] [Times: user=0.00 sys=0.00, real=0.00 secs] 
566.006: [GC (Allocation Failure) [PSYoungGen: 51600K->1920K(52224K)] 311983K->262303K(743424K), 0.0017316 secs] [Times: user=0.01 sys=0.00, real=0.00 secs] 
566.215: [GC (Allocation Failure) [PSYoungGen: 52096K->1408K(52224K)] 312479K->261791K(743424K), 0.0016617 secs] [Times: user=0.01 sys=0.00, real=0.00 secs] 
566.543: [GC (Allocation Failure) [PSYoungGen: 51584K->1424K(52224K)] 311967K->261807K(743424K), 0.0017139 secs] [Times: user=0.01 sys=0.00, real=0.00 secs] 
566.935: [GC (Allocation Failure) [PSYoungGen: 51600K->1440K(52224K)] 311983K->261847K(743424K), 0.0016142 secs] [Times: user=0.01 sys=0.00, real=0.00 secs] 
567.481: [GC (Allocation Failure) [PSYoungGen: 51616K->1376K(52224K)] 312023K->261791K(743424K), 0.0022354 secs] [Times: user=0.01 sys=0.00, real=0.00 secs] 
568.108: [GC (Allocation Failure) [PSYoungGen: 51552K->1376K(52224K)] 311967K->261791K(743424K), 0.0022041 secs] [Times: user=0.01 sys=0.00, real=0.00 secs] 
569.100: [GC (Allocation Failure) [PSYoungGen: 51552K->1440K(52224K)] 311967K->261855K(743424K), 0.0018787 secs] [Times: user=0.00 sys=0.00, real=0.00 secs] 
569.519: [GC (Allocation Failure) [PSYoungGen: 51616K->1344K(52224K)] 312031K->261759K(743424K), 0.0018688 secs] [Times: user=0.01 sys=0.00, real=0.00 secs] 
569.925: [GC (Allocation Failure) [PSYoungGen: 51520K->1376K(52224K)] 311935K->261791K(743424K), 0.0018622 secs] [Times: user=0.01 sys=0.00, real=0.00 secs] 
570.164: [GC (Allocation Failure) [PSYoungGen: 51552K->1424K(52224K)] 311967K->261855K(743424K), 0.0020895 secs] [Times: user=0.00 sys=0.00, real=0.00 secs] 
570.485: [GC (Allocation Failure) [PSYoungGen: 51600K->1344K(52224K)] 312031K->261775K(743424K), 0.0019964 secs] [Times: user=0.01 sys=0.00, real=0.00 secs] 
570.693: [GC (Allocation Failure) [PSYoungGen: 51520K->1408K(52224K)] 311951K->261839K(743424K), 0.0017781 secs] [Times: user=0.00 sys=0.00, real=0.00 secs] 
571.367: [GC (Allocation Failure) [PSYoungGen: 51584K->1408K(52224K)] 312015K->261839K(743424K), 0.0015475 secs] [Times: user=0.01 sys=0.00, real=0.00 secs] 
571.593: [GC (Allocation Failure) [PSYoungGen: 51584K->1344K(52224K)] 312015K->261775K(743424K), 0.0017803 secs] [Times: user=0.01 sys=0.00, real=0.01 secs] 
571.856: [GC (Allocation Failure) [PSYoungGen: 51520K->1376K(52224K)] 311951K->261807K(743424K), 0.0019459 secs] [Times: user=0.01 sys=0.00, real=0.00 secs] 
572.065: [GC (Allocation Failure) [PSYoungGen: 51552K->1408K(52224K)] 311983K->261839K(743424K), 0.0021294 secs] [Times: user=0.01 sys=0.00, real=0.00 secs] 
572.336: [GC (Allocation Failure) [PSYoungGen: 51584K->1376K(51712K)] 312015K->261807K(742912K), 0.0025925 secs] [Times: user=0.01 sys=0.00, real=0.00 secs] 
572.543: [GC (Allocation Failure) [PSYoungGen: 51552K->1344K(51712K)] 311983K->261775K(742912K), 0.0020338 secs] [Times: user=0.00 sys=0.00, real=0.00 secs] 
573.689: [GC (Allocation Failure) [PSYoungGen: 51520K->1376K(51712K)] 311951K->261815K(742912K), 0.0027081 secs] [Times: user=0.02 sys=0.00, real=0.00 secs] 
574.371: [GC (Allocation Failure) [PSYoungGen: 51552K->1408K(51712K)] 311991K->261847K(742912K), 0.0037567 secs] [Times: user=0.02 sys=0.00, real=0.01 secs] 
574.879: [GC (Allocation Failure) [PSYoungGen: 51584K->1392K(51712K)] 312023K->261831K(742912K), 0.0029541 secs] [Times: user=0.01 sys=0.00, real=0.00 secs] 
575.453: [GC (Allocation Failure) [PSYoungGen: 51568K->1376K(51712K)] 312007K->261815K(742912K), 0.0041664 secs] [Times: user=0.02 sys=0.00, real=0.00 secs] 
575.997: [GC (Allocation Failure) [PSYoungGen: 51552K->1408K(51712K)] 311991K->261847K(742912K), 0.0041007 secs] [Times: user=0.02 sys=0.00, real=0.00 secs] 
576.511: [GC (Allocation Failure) [PSYoungGen: 51584K->1376K(51712K)] 312023K->261815K(742912K), 0.0030298 secs] [Times: user=0.01 sys=0.00, real=0.01 secs] 
577.365: [GC (Allocation Failure) [PSYoungGen: 51552K->1456K(51712K)] 311991K->261895K(742912K), 0.0016620 secs] [Times: user=0.01 sys=0.00, real=0.00 secs] 
577.943: [GC (Allocation Failure) [PSYoungGen: 51632K->1408K(51712K)] 312071K->261847K(742912K), 0.0019244 secs] [Times: user=0.01 sys=0.00, real=0.01 secs] 
578.603: [GC (Allocation Failure) [PSYoungGen: 51584K->1408K(51712K)] 312023K->261847K(742912K), 0.0040071 secs] [Times: user=0.02 sys=0.00, real=0.01 secs] 
579.122: [GC (Allocation Failure) [PSYoungGen: 51584K->1440K(51712K)] 312023K->261879K(742912K), 0.0029521 secs] [Times: user=0.02 sys=0.00, real=0.01 secs] 
579.512: [GC (Allocation Failure) [PSYoungGen: 51616K->1376K(51712K)] 312055K->261815K(742912K), 0.0029859 secs] [Times: user=0.01 sys=0.00, real=0.01 secs] 
579.909: [GC (Allocation Failure) [PSYoungGen: 51552K->1376K(51712K)] 311991K->261839K(742912K), 0.0030574 secs] [Times: user=0.01 sys=0.00, real=0.00 secs] 
580.677: [GC (Allocation Failure) [PSYoungGen: 51552K->1408K(51712K)] 312015K->261879K(742912K), 0.0019183 secs] [Times: user=0.00 sys=0.00, real=0.00 secs] 
581.056: [GC (Allocation Failure) [PSYoungGen: 51584K->1376K(51712K)] 312055K->261847K(742912K), 0.0018582 secs] [Times: user=0.01 sys=0.00, real=0.00 secs] 
581.478: [GC (Allocation Failure) [PSYoungGen: 51552K->1376K(51712K)] 312023K->261847K(742912K), 0.0034748 secs] [Times: user=0.01 sys=0.00, real=0.00 secs] 
581.900: [GC (Allocation Failure) [PSYoungGen: 51552K->1408K(51712K)] 312023K->261887K(742912K), 0.0025263 secs] [Times: user=0.01 sys=0.00, real=0.00 secs] 
582.326: [GC (Allocation Failure) [PSYoungGen: 51584K->1408K(51712K)] 312063K->261887K(742912K), 0.0021669 secs] [Times: user=0.01 sys=0.00, real=0.00 secs] 
582.757: [GC (Allocation Failure) [PSYoungGen: 51584K->1360K(51712K)] 312063K->261839K(742912K), 0.0021312 secs] [Times: user=0.01 sys=0.00, real=0.00 secs] 
583.575: [GC (Allocation Failure) [PSYoungGen: 51536K->1392K(51712K)] 312015K->261871K(742912K), 0.0017757 secs] [Times: user=0.01 sys=0.00, real=0.00 secs] 
583.816: [GC (Allocation Failure) [PSYoungGen: 51568K->1376K(51712K)] 312047K->261855K(742912K), 0.0019501 secs] [Times: user=0.00 sys=0.01, real=0.00 secs] 
584.038: [GC (Allocation Failure) [PSYoungGen: 51552K->1408K(51712K)] 312031K->261887K(742912K), 0.0018124 secs] [Times: user=0.00 sys=0.00, real=0.00 secs] 
584.298: [GC (Allocation Failure) [PSYoungGen: 51584K->1344K(51712K)] 312063K->261823K(742912K), 0.0029638 secs] [Times: user=0.01 sys=0.00, real=0.00 secs] 
584.524: [GC (Allocation Failure) [PSYoungGen: 51520K->1376K(51712K)] 311999K->261855K(742912K), 0.0019165 secs] [Times: user=0.01 sys=0.00, real=0.00 secs] 
584.735: [GC (Allocation Failure) [PSYoungGen: 51552K->1376K(51712K)] 312031K->261855K(742912K), 0.0020959 secs] [Times: user=0.01 sys=0.00, real=0.00 secs] 
585.469: [GC (Allocation Failure) [PSYoungGen: 51552K->1440K(51712K)] 312031K->261919K(742912K), 0.0018095 secs] [Times: user=0.00 sys=0.00, real=0.00 secs] 
585.678: [GC (Allocation Failure) [PSYoungGen: 51616K->1408K(51712K)] 312095K->261887K(742912K), 0.0018924 secs] [Times: user=0.01 sys=0.00, real=0.00 secs] 
585.886: [GC (Allocation Failure) [PSYoungGen: 51584K->1376K(51712K)] 312063K->261855K(742912K), 0.0019051 secs] [Times: user=0.01 sys=0.00, real=0.00 secs] 
586.095: [GC (Allocation Failure) [PSYoungGen: 51552K->1408K(51712K)] 312031K->261895K(742912K), 0.0018995 secs] [Times: user=0.00 sys=0.00, real=0.00 secs] 
586.355: [GC (Allocation Failure) [PSYoungGen: 51584K->1376K(51712K)] 312071K->261863K(742912K), 0.0019901 secs] [Times: user=0.01 sys=0.00, real=0.00 secs] 
586.604: [GC (Allocation Failure) [PSYoungGen: 50547K->288K(51200K)] 311034K->260775K(742400K), 0.0019752 secs] [Times: user=0.01 sys=0.00, real=0.00 secs] 
587.369: [GC (Allocation Failure) [PSYoungGen: 49952K->1440K(51712K)] 310439K->261959K(742912K), 0.0021499 secs] [Times: user=0.01 sys=0.00, real=0.00 secs] 
587.577: [GC (Allocation Failure) [PSYoungGen: 51104K->1408K(51712K)] 311623K->261927K(742912K), 0.0021062 secs] [Times: user=0.01 sys=0.00, real=0.00 secs] 
587.793: [GC (Allocation Failure) [PSYoungGen: 51072K->1408K(51712K)] 311591K->261927K(742912K), 0.0019169 secs] [Times: user=0.01 sys=0.00, real=0.01 secs] 
588.045: [GC (Allocation Failure) [PSYoungGen: 51072K->1392K(51712K)] 311591K->261919K(742912K), 0.0019687 secs] [Times: user=0.01 sys=0.00, real=0.00 secs] 
588.344: [GC (Allocation Failure) [PSYoungGen: 51056K->1344K(51712K)] 311583K->261871K(742912K), 0.0018110 secs] [Times: user=0.01 sys=0.00, real=0.00 secs] 
588.654: [GC (Allocation Failure) [PSYoungGen: 50969K->288K(51712K)] 311496K->260815K(742912K), 0.0017863 secs] [Times: user=0.01 sys=0.00, real=0.00 secs] 
589.615: [GC (Allocation Failure) [PSYoungGen: 49952K->1408K(51712K)] 310479K->261935K(742912K), 0.0020661 secs] [Times: user=0.01 sys=0.00, real=0.00 secs] 
590.291: [GC (Allocation Failure) [PSYoungGen: 51072K->1376K(51712K)] 311599K->261903K(742912K), 0.0034703 secs] [Times: user=0.01 sys=0.00, real=0.01 secs] 
590.781: [GC (Allocation Failure) [PSYoungGen: 51040K->1344K(51712K)] 311567K->261871K(742912K), 0.0030154 secs] [Times: user=0.01 sys=0.00, real=0.01 secs] 
591.226: [GC (Allocation Failure) [PSYoungGen: 51008K->1376K(51712K)] 311535K->261903K(742912K), 0.0024707 secs] [Times: user=0.01 sys=0.01, real=0.00 secs] 
591.795: [GC (Allocation Failure) [PSYoungGen: 51040K->1376K(51712K)] 311567K->261903K(742912K), 0.0023040 secs] [Times: user=0.00 sys=0.00, real=0.00 secs] 
592.487: [GC (Allocation Failure) [PSYoungGen: 51040K->288K(51712K)] 311567K->260815K(742912K), 0.0028110 secs] [Times: user=0.01 sys=0.00, real=0.00 secs] 
593.571: [GC (Allocation Failure) [PSYoungGen: 49952K->1408K(51712K)] 310479K->261935K(742912K), 0.0020868 secs] [Times: user=0.01 sys=0.00, real=0.01 secs] 
593.778: [GC (Allocation Failure) [PSYoungGen: 51072K->1408K(51712K)] 311599K->261935K(742912K), 0.0021727 secs] [Times: user=0.01 sys=0.00, real=0.00 secs] 
593.985: [GC (Allocation Failure) [PSYoungGen: 51072K->1376K(51712K)] 311599K->261903K(742912K), 0.0019516 secs] [Times: user=0.00 sys=0.00, real=0.00 secs] 
594.191: [GC (Allocation Failure) [PSYoungGen: 51040K->1376K(51712K)] 311567K->261903K(742912K), 0.0018895 secs] [Times: user=0.01 sys=0.00, real=0.01 secs] 
594.397: [GC (Allocation Failure) [PSYoungGen: 51040K->1408K(51712K)] 311567K->261935K(742912K), 0.0018892 secs] [Times: user=0.01 sys=0.00, real=0.00 secs] 
594.624: [GC (Allocation Failure) [PSYoungGen: 51067K->224K(51712K)] 311594K->260751K(742912K), 0.0018342 secs] [Times: user=0.01 sys=0.00, real=0.00 secs] 
595.534: [GC (Allocation Failure) [PSYoungGen: 49888K->1408K(51712K)] 310415K->261935K(742912K), 0.0018462 secs] [Times: user=0.00 sys=0.00, real=0.00 secs] 
595.981: [GC (Allocation Failure) [PSYoungGen: 51072K->1376K(51712K)] 311599K->261903K(742912K), 0.0016397 secs] [Times: user=0.00 sys=0.00, real=0.00 secs] 
596.472: [GC (Allocation Failure) [PSYoungGen: 51040K->1376K(51712K)] 311567K->261903K(742912K), 0.0020861 secs] [Times: user=0.00 sys=0.00, real=0.01 secs] 
596.708: [GC (Allocation Failure) [PSYoungGen: 51040K->1408K(51712K)] 311567K->261935K(742912K), 0.0020380 secs] [Times: user=0.01 sys=0.00, real=0.00 secs] 
596.914: [GC (Allocation Failure) [PSYoungGen: 51072K->1408K(51712K)] 311599K->261935K(742912K), 0.0020102 secs] [Times: user=0.01 sys=0.00, real=0.00 secs] 
597.229: [GC (Allocation Failure) [PSYoungGen: 51032K->320K(51712K)] 311559K->260847K(742912K), 0.0020310 secs] [Times: user=0.00 sys=0.00, real=0.00 secs] 
598.081: [GC (Allocation Failure) [PSYoungGen: 49984K->1472K(51712K)] 310511K->261999K(742912K), 0.0028798 secs] [Times: user=0.01 sys=0.01, real=0.01 secs] 
598.584: [GC (Allocation Failure) [PSYoungGen: 51136K->1376K(51200K)] 311663K->261927K(742400K), 0.0025493 secs] [Times: user=0.01 sys=0.00, real=0.00 secs] 
599.140: [GC (Allocation Failure) [PSYoungGen: 51040K->1376K(51712K)] 311591K->261927K(742912K), 0.0025517 secs] [Times: user=0.01 sys=0.00, real=0.00 secs] 
599.621: [GC (Allocation Failure) [PSYoungGen: 51040K->1376K(51712K)] 311591K->261927K(742912K), 0.0027197 secs] [Times: user=0.01 sys=0.00, real=0.01 secs] 
600.022: [GC (Allocation Failure) [PSYoungGen: 51040K->1376K(51712K)] 311591K->261927K(742912K), 0.0021545 secs] [Times: user=0.01 sys=0.00, real=0.01 secs] 
600.620: [GC (Allocation Failure) [PSYoungGen: 50999K->224K(51200K)] 311550K->260775K(742400K), 0.0025197 secs] [Times: user=0.01 sys=0.00, real=0.00 secs] 
601.489: [GC (Allocation Failure) [PSYoungGen: 49376K->1440K(51712K)] 309927K->261991K(742912K), 0.0017622 secs] [Times: user=0.01 sys=0.00, real=0.00 secs] 
601.929: [GC (Allocation Failure) [PSYoungGen: 50592K->1376K(51712K)] 311143K->261927K(742912K), 0.0017253 secs] [Times: user=0.01 sys=0.00, real=0.00 secs] 
602.462: [GC (Allocation Failure) [PSYoungGen: 50528K->1408K(51712K)] 311079K->261959K(742912K), 0.0019693 secs] [Times: user=0.00 sys=0.00, real=0.01 secs] 
602.922: [GC (Allocation Failure) [PSYoungGen: 50560K->1376K(50688K)] 311111K->261927K(741888K), 0.0021828 secs] [Times: user=0.01 sys=0.00, real=0.01 secs] 
603.197: [GC (Allocation Failure) [PSYoungGen: 50528K->1376K(51200K)] 311079K->261927K(742400K), 0.0019517 secs] [Times: user=0.01 sys=0.00, real=0.00 secs] 
603.401: [GC (Allocation Failure) [PSYoungGen: 50528K->1408K(51200K)] 311079K->261959K(742400K), 0.0019257 secs] [Times: user=0.00 sys=0.00, real=0.01 secs] 
604.265: [GC (Allocation Failure) [PSYoungGen: 50560K->1376K(51200K)] 311111K->261927K(742400K), 0.0017833 secs] [Times: user=0.00 sys=0.00, real=0.00 secs] 
604.905: [GC (Allocation Failure) [PSYoungGen: 50528K->1344K(51200K)] 311079K->261895K(742400K), 0.0030171 secs] [Times: user=0.02 sys=0.00, real=0.00 secs] 
605.318: [GC (Allocation Failure) [PSYoungGen: 50496K->1344K(51200K)] 311047K->261895K(742400K), 0.0026279 secs] [Times: user=0.01 sys=0.00, real=0.00 secs] 
605.724: [GC (Allocation Failure) [PSYoungGen: 50496K->1440K(51200K)] 311047K->261991K(742400K), 0.0021053 secs] [Times: user=0.01 sys=0.00, real=0.00 secs] 
606.140: [GC (Allocation Failure) [PSYoungGen: 50592K->1344K(51200K)] 311143K->261895K(742400K), 0.0019635 secs] [Times: user=0.01 sys=0.00, real=0.00 secs] 
606.535: [GC (Allocation Failure) [PSYoungGen: 50496K->1344K(51200K)] 311047K->261895K(742400K), 0.0019564 secs] [Times: user=0.01 sys=0.00, real=0.00 secs] 
607.336: [GC (Allocation Failure) [PSYoungGen: 50496K->1408K(51200K)] 311047K->261959K(742400K), 0.0018376 secs] [Times: user=0.01 sys=0.00, real=0.00 secs] 
607.540: [GC (Allocation Failure) [PSYoungGen: 50560K->1376K(51200K)] 311111K->261927K(742400K), 0.0017337 secs] [Times: user=0.01 sys=0.00, real=0.00 secs] 
607.744: [GC (Allocation Failure) [PSYoungGen: 50528K->1408K(51200K)] 311079K->261959K(742400K), 0.0016487 secs] [Times: user=0.01 sys=0.00, real=0.00 secs] 
608.012: [GC (Allocation Failure) [PSYoungGen: 50560K->1408K(51200K)] 311111K->261959K(742400K), 0.0018243 secs] [Times: user=0.01 sys=0.00, real=0.01 secs] 
608.394: [GC (Allocation Failure) [PSYoungGen: 50560K->1376K(51200K)] 311111K->261943K(742400K), 0.0019148 secs] [Times: user=0.01 sys=0.00, real=0.00 secs] 
608.759: [GC (Allocation Failure) [PSYoungGen: 50528K->1376K(51200K)] 311095K->261943K(742400K), 0.0018842 secs] [Times: user=0.01 sys=0.00, real=0.00 secs] 
609.527: [GC (Allocation Failure) [PSYoungGen: 50528K->1440K(51200K)] 311095K->262015K(742400K), 0.0018009 secs] [Times: user=0.01 sys=0.00, real=0.00 secs] 
609.917: [GC (Allocation Failure) [PSYoungGen: 50592K->1376K(51200K)] 311167K->261951K(742400K), 0.0019881 secs] [Times: user=0.01 sys=0.00, real=0.00 secs] 
610.247: [GC (Allocation Failure) [PSYoungGen: 50528K->1376K(51200K)] 311103K->261951K(742400K), 0.0017412 secs] [Times: user=0.01 sys=0.00, real=0.00 secs] 
610.669: [GC (Allocation Failure) [PSYoungGen: 50528K->1376K(51200K)] 311103K->261959K(742400K), 0.0019462 secs] [Times: user=0.01 sys=0.00, real=0.00 secs] 
611.140: [GC (Allocation Failure) [PSYoungGen: 50528K->1408K(51200K)] 311111K->261991K(742400K), 0.0029100 secs] [Times: user=0.01 sys=0.00, real=0.00 secs] 
611.643: [GC (Allocation Failure) [PSYoungGen: 50560K->1344K(51200K)] 311143K->261927K(742400K), 0.0052301 secs] [Times: user=0.02 sys=0.00, real=0.01 secs] 
612.575: [GC (Allocation Failure) [PSYoungGen: 50496K->1440K(51200K)] 311079K->262023K(742400K), 0.0019113 secs] [Times: user=0.01 sys=0.00, real=0.00 secs] 
613.303: [GC (Allocation Failure) [PSYoungGen: 50592K->1408K(51200K)] 311175K->261991K(742400K), 0.0017254 secs] [Times: user=0.00 sys=0.00, real=0.01 secs] 
613.829: [GC (Allocation Failure) [PSYoungGen: 50560K->1408K(51200K)] 311143K->261991K(742400K), 0.0017322 secs] [Times: user=0.00 sys=0.00, real=0.00 secs] 
614.321: [GC (Allocation Failure) [PSYoungGen: 50560K->1376K(51200K)] 311143K->261967K(742400K), 0.0017224 secs] [Times: user=0.00 sys=0.00, real=0.00 secs] 
614.841: [GC (Allocation Failure) [PSYoungGen: 50528K->1392K(51200K)] 311119K->261983K(742400K), 0.0019650 secs] [Times: user=0.01 sys=0.00, real=0.01 secs] 
615.358: [GC (Allocation Failure) [PSYoungGen: 50544K->1408K(50688K)] 311135K->261999K(741888K), 0.0020165 secs] [Times: user=0.00 sys=0.00, real=0.00 secs] 
616.285: [GC (Allocation Failure) [PSYoungGen: 50560K->1408K(50688K)] 311151K->262007K(741888K), 0.0020333 secs] [Times: user=0.01 sys=0.00, real=0.00 secs] 
616.845: [GC (Allocation Failure) [PSYoungGen: 50560K->384K(50176K)] 311159K->262007K(741376K), 0.0020179 secs] [Times: user=0.01 sys=0.00, real=0.00 secs] 
617.451: [GC (Allocation Failure) [PSYoungGen: 49536K->416K(51200K)] 311159K->262047K(742400K), 0.0020410 secs] [Times: user=0.01 sys=0.00, real=0.01 secs] 
618.056: [GC (Allocation Failure) [PSYoungGen: 49568K->384K(51200K)] 311199K->262023K(742400K), 0.0021708 secs] [Times: user=0.01 sys=0.00, real=0.00 secs] 
618.653: [GC (Allocation Failure) [PSYoungGen: 49536K->320K(51200K)] 311175K->261959K(742400K), 0.0025249 secs] [Times: user=0.01 sys=0.00, real=0.00 secs] 
619.055: [GC (Allocation Failure) [PSYoungGen: 49472K->384K(51200K)] 311111K->262023K(742400K), 0.0024657 secs] [Times: user=0.01 sys=0.00, real=0.00 secs] 
619.938: [GC (Allocation Failure) [PSYoungGen: 49536K->1408K(51200K)] 311175K->263047K(742400K), 0.0018918 secs] [Times: user=0.00 sys=0.00, real=0.00 secs] 
620.491: [GC (Allocation Failure) [PSYoungGen: 50560K->1408K(50688K)] 312199K->263047K(741888K), 0.0020151 secs] [Times: user=0.00 sys=0.00, real=0.00 secs] 
620.696: [GC (Allocation Failure) [PSYoungGen: 50048K->1344K(51200K)] 311687K->262999K(742400K), 0.0030212 secs] [Times: user=0.01 sys=0.00, real=0.00 secs] 
620.898: [GC (Allocation Failure) [PSYoungGen: 49984K->1376K(51200K)] 311639K->263031K(742400K), 0.0022825 secs] [Times: user=0.01 sys=0.00, real=0.00 secs] 
621.100: [GC (Allocation Failure) [PSYoungGen: 50016K->1376K(51200K)] 311671K->263031K(742400K), 0.0019963 secs] [Times: user=0.01 sys=0.00, real=0.00 secs] 
621.391: [GC (Allocation Failure) [PSYoungGen: 50016K->1408K(51200K)] 311671K->263063K(742400K), 0.0016706 secs] [Times: user=0.01 sys=0.00, real=0.00 secs] 
622.228: [GC (Allocation Failure) [PSYoungGen: 50048K->1728K(51200K)] 311703K->263391K(742400K), 0.0016650 secs] [Times: user=0.00 sys=0.00, real=0.00 secs] 
622.637: [GC (Allocation Failure) [PSYoungGen: 50368K->1392K(51200K)] 312031K->263087K(742400K), 0.0030405 secs] [Times: user=0.01 sys=0.00, real=0.00 secs] 
623.092: [GC (Allocation Failure) [PSYoungGen: 50032K->1376K(51200K)] 311727K->263071K(742400K), 0.0024891 secs] [Times: user=0.01 sys=0.00, real=0.01 secs] 
623.488: [GC (Allocation Failure) [PSYoungGen: 50016K->1376K(51200K)] 311711K->263079K(742400K), 0.0025531 secs] [Times: user=0.01 sys=0.00, real=0.00 secs] 
623.937: [GC (Allocation Failure) [PSYoungGen: 50016K->1376K(50176K)] 311719K->263079K(741376K), 0.0042608 secs] [Times: user=0.01 sys=0.00, real=0.00 secs] 
624.291: [GC (Allocation Failure) [PSYoungGen: 50016K->1376K(50688K)] 311719K->263079K(741888K), 0.0021677 secs] [Times: user=0.00 sys=0.01, real=0.00 secs] 
624.928: [GC (Allocation Failure) [PSYoungGen: 50016K->1373K(50688K)] 311719K->263076K(741888K), 0.0014511 secs] [Times: user=0.01 sys=0.00, real=0.00 secs] 
625.386: [GC (Allocation Failure) [PSYoungGen: 50013K->1440K(50688K)] 311716K->263151K(741888K), 0.0019732 secs] [Times: user=0.01 sys=0.00, real=0.00 secs] 
625.801: [GC (Allocation Failure) [PSYoungGen: 50080K->1408K(50688K)] 311791K->263119K(741888K), 0.0029557 secs] [Times: user=0.01 sys=0.00, real=0.01 secs] 
626.207: [GC (Allocation Failure) [PSYoungGen: 50048K->1408K(50688K)] 311759K->263119K(741888K), 0.0030618 secs] [Times: user=0.02 sys=0.00, real=0.00 secs] 
626.592: [GC (Allocation Failure) [PSYoungGen: 50048K->1344K(50688K)] 311759K->263055K(741888K), 0.0031215 secs] [Times: user=0.02 sys=0.00, real=0.01 secs] 
626.965: [GC (Allocation Failure) [PSYoungGen: 49984K->1376K(50688K)] 311695K->263087K(741888K), 0.0028041 secs] [Times: user=0.01 sys=0.00, real=0.00 secs] 
627.677: [GC (Allocation Failure) [PSYoungGen: 50016K->1376K(50688K)] 311727K->263087K(741888K), 0.0013001 secs] [Times: user=0.01 sys=0.00, real=0.00 secs] 
628.289: [GC (Allocation Failure) [PSYoungGen: 50016K->1376K(50688K)] 311727K->263095K(741888K), 0.0020987 secs] [Times: user=0.01 sys=0.00, real=0.00 secs] 
628.690: [GC (Allocation Failure) [PSYoungGen: 50016K->1456K(50688K)] 311735K->263175K(741888K), 0.0036349 secs] [Times: user=0.01 sys=0.00, real=0.01 secs] 
629.352: [GC (Allocation Failure) [PSYoungGen: 50096K->1408K(50688K)] 311815K->263159K(741888K), 0.0033577 secs] [Times: user=0.01 sys=0.00, real=0.01 secs] 
629.828: [GC (Allocation Failure) [PSYoungGen: 50048K->1376K(50688K)] 311799K->263127K(741888K), 0.0031771 secs] [Times: user=0.01 sys=0.00, real=0.00 secs] 
630.181: [GC (Allocation Failure) [PSYoungGen: 50016K->1408K(50688K)] 311767K->263159K(741888K), 0.0024671 secs] [Times: user=0.01 sys=0.00, real=0.01 secs] 
630.703: [GC (Allocation Failure) [PSYoungGen: 50048K->1405K(50688K)] 311799K->263156K(741888K), 0.0014238 secs] [Times: user=0.00 sys=0.00, real=0.01 secs] 
631.606: [GC (Allocation Failure) [PSYoungGen: 50045K->1472K(50688K)] 311796K->263223K(741888K), 0.0025154 secs] [Times: user=0.01 sys=0.00, real=0.00 secs] 
632.132: [GC (Allocation Failure) [PSYoungGen: 50112K->1408K(50688K)] 311863K->263159K(741888K), 0.0020141 secs] [Times: user=0.01 sys=0.00, real=0.01 secs] 
632.717: [GC (Allocation Failure) [PSYoungGen: 50048K->1408K(50688K)] 311799K->263159K(741888K), 0.0041929 secs] [Times: user=0.02 sys=0.00, real=0.00 secs] 
633.415: [GC (Allocation Failure) [PSYoungGen: 50048K->1408K(50688K)] 311799K->263167K(741888K), 0.0042754 secs] [Times: user=0.02 sys=0.00, real=0.00 secs] 
633.932: [GC (Allocation Failure) [PSYoungGen: 50048K->1344K(50688K)] 311807K->263103K(741888K), 0.0030130 secs] [Times: user=0.02 sys=0.00, real=0.01 secs] 
634.419: [GC (Allocation Failure) [PSYoungGen: 49984K->1408K(50688K)] 311743K->263167K(741888K), 0.0031851 secs] [Times: user=0.02 sys=0.01, real=0.00 secs] 
636.200: [GC (Allocation Failure) [PSYoungGen: 50048K->1440K(50688K)] 311807K->263199K(741888K), 0.0043672 secs] [Times: user=0.02 sys=0.00, real=0.01 secs] 
637.095: [GC (Allocation Failure) [PSYoungGen: 50080K->1408K(50688K)] 311839K->263167K(741888K), 0.0037451 secs] [Times: user=0.02 sys=0.00, real=0.00 secs] 
637.667: [GC (Allocation Failure) [PSYoungGen: 50048K->1408K(50688K)] 311807K->263167K(741888K), 0.0035643 secs] [Times: user=0.02 sys=0.00, real=0.00 secs] 
638.181: [GC (Allocation Failure) [PSYoungGen: 50048K->1376K(50688K)] 311807K->263151K(741888K), 0.0031989 secs] [Times: user=0.01 sys=0.00, real=0.01 secs] 
638.537: [GC (Allocation Failure) [PSYoungGen: 50016K->1376K(50688K)] 311791K->263151K(741888K), 0.0027891 secs] [Times: user=0.02 sys=0.00, real=0.00 secs] 
638.957: [GC (Allocation Failure) [PSYoungGen: 50016K->1376K(50176K)] 311791K->263151K(741376K), 0.0025494 secs] [Times: user=0.01 sys=0.00, real=0.00 secs] 
640.546: [GC (Allocation Failure) [PSYoungGen: 50016K->1408K(50176K)] 311791K->263183K(741376K), 0.0037000 secs] [Times: user=0.01 sys=0.00, real=0.00 secs] 
641.108: [GC (Allocation Failure) [PSYoungGen: 50048K->1456K(50176K)] 311823K->263231K(741376K), 0.0038513 secs] [Times: user=0.02 sys=0.00, real=0.00 secs] 
641.676: [GC (Allocation Failure) [PSYoungGen: 50096K->1376K(50176K)] 311871K->263151K(741376K), 0.0031948 secs] [Times: user=0.01 sys=0.00, real=0.00 secs] 
642.243: [GC (Allocation Failure) [PSYoungGen: 50016K->1408K(50176K)] 311791K->263191K(741376K), 0.0031994 secs] [Times: user=0.01 sys=0.00, real=0.01 secs] 
642.815: [GC (Allocation Failure) [PSYoungGen: 50048K->1376K(50176K)] 311831K->263167K(741376K), 0.0030367 secs] [Times: user=0.01 sys=0.00, real=0.00 secs] 
643.283: [GC (Allocation Failure) [PSYoungGen: 50016K->1456K(50176K)] 311807K->263247K(741376K), 0.0030523 secs] [Times: user=0.02 sys=0.00, real=0.00 secs] 
644.176: [GC (Allocation Failure) [PSYoungGen: 50096K->1440K(50176K)] 311887K->263231K(741376K), 0.0019151 secs] [Times: user=0.01 sys=0.00, real=0.00 secs] 
644.586: [GC (Allocation Failure) [PSYoungGen: 50080K->1376K(50176K)] 311871K->263167K(741376K), 0.0017982 secs] [Times: user=0.01 sys=0.00, real=0.00 secs] 
644.951: [GC (Allocation Failure) [PSYoungGen: 50016K->1424K(50176K)] 311807K->263215K(741376K), 0.0038861 secs] [Times: user=0.02 sys=0.00, real=0.01 secs] 
645.425: [GC (Allocation Failure) [PSYoungGen: 50064K->1376K(50176K)] 311855K->263167K(741376K), 0.0032880 secs] [Times: user=0.01 sys=0.00, real=0.00 secs] 
645.811: [GC (Allocation Failure) [PSYoungGen: 50016K->1408K(50176K)] 311807K->263199K(741376K), 0.0025073 secs] [Times: user=0.01 sys=0.00, real=0.01 secs] 
646.161: [GC (Allocation Failure) [PSYoungGen: 50048K->1408K(50176K)] 311839K->263199K(741376K), 0.0023930 secs] [Times: user=0.01 sys=0.00, real=0.01 secs] 
646.975: [GC (Allocation Failure) [PSYoungGen: 50048K->1408K(50176K)] 311839K->263199K(741376K), 0.0018871 secs] [Times: user=0.01 sys=0.00, real=0.00 secs] 
647.422: [GC (Allocation Failure) [PSYoungGen: 50048K->1376K(50176K)] 311839K->263167K(741376K), 0.0047921 secs] [Times: user=0.02 sys=0.00, real=0.01 secs] 
647.837: [GC (Allocation Failure) [PSYoungGen: 50016K->1344K(50176K)] 311807K->263135K(741376K), 0.0032511 secs] [Times: user=0.01 sys=0.00, real=0.00 secs] 
648.245: [GC (Allocation Failure) [PSYoungGen: 49984K->1424K(50176K)] 311775K->263223K(741376K), 0.0038809 secs] [Times: user=0.02 sys=0.00, real=0.00 secs] 
648.735: [GC (Allocation Failure) [PSYoungGen: 50064K->1408K(50176K)] 311863K->263207K(741376K), 0.0029361 secs] [Times: user=0.01 sys=0.00, real=0.00 secs] 
649.332: [GC (Allocation Failure) [PSYoungGen: 50048K->1376K(50176K)] 311847K->263191K(741376K), 0.0040423 secs] [Times: user=0.01 sys=0.00, real=0.01 secs] 
650.201: [GC (Allocation Failure) [PSYoungGen: 50016K->1504K(49664K)] 311831K->263407K(740864K), 0.0016898 secs] [Times: user=0.01 sys=0.00, real=0.00 secs] 
650.781: [GC (Allocation Failure) [PSYoungGen: 49632K->1344K(50176K)] 311535K->263247K(741376K), 0.0026044 secs] [Times: user=0.01 sys=0.00, real=0.01 secs] 
651.218: [GC (Allocation Failure) [PSYoungGen: 49472K->1376K(49664K)] 311375K->263279K(740864K), 0.0037207 secs] [Times: user=0.01 sys=0.00, real=0.00 secs] 
651.755: [GC (Allocation Failure) [PSYoungGen: 49504K->1376K(49664K)] 311407K->263279K(740864K), 0.0041417 secs] [Times: user=0.01 sys=0.00, real=0.00 secs] 
652.353: [GC (Allocation Failure) [PSYoungGen: 49504K->320K(49152K)] 311407K->263247K(740352K), 0.0033004 secs] [Times: user=0.02 sys=0.00, real=0.01 secs] 
652.901: [GC (Allocation Failure) [PSYoungGen: 48448K->352K(50176K)] 311375K->263279K(741376K), 0.0041093 secs] [Times: user=0.02 sys=0.00, real=0.01 secs] 
653.836: [GC (Allocation Failure) [PSYoungGen: 48480K->1437K(50176K)] 311407K->264364K(741376K), 0.0014141 secs] [Times: user=0.00 sys=0.00, real=0.00 secs] 
654.561: [GC (Allocation Failure) [PSYoungGen: 49565K->1440K(50176K)] 312492K->264367K(741376K), 0.0021533 secs] [Times: user=0.01 sys=0.00, real=0.01 secs] 
654.973: [GC (Allocation Failure) [PSYoungGen: 49568K->1440K(50176K)] 312495K->264367K(741376K), 0.0038228 secs] [Times: user=0.01 sys=0.00, real=0.01 secs] 
655.439: [GC (Allocation Failure) [PSYoungGen: 49568K->1440K(50176K)] 312495K->264367K(741376K), 0.0030381 secs] [Times: user=0.01 sys=0.00, real=0.00 secs] 
655.845: [GC (Allocation Failure) [PSYoungGen: 49568K->1408K(50176K)] 312495K->264335K(741376K), 0.0025150 secs] [Times: user=0.01 sys=0.00, real=0.00 secs] 
656.144: [GC (Allocation Failure) [PSYoungGen: 49536K->1408K(50176K)] 312463K->264335K(741376K), 0.0022652 secs] [Times: user=0.01 sys=0.00, real=0.00 secs] 
656.704: [GC (Allocation Failure) [PSYoungGen: 49536K->1437K(50176K)] 312463K->264364K(741376K), 0.0014546 secs] [Times: user=0.00 sys=0.00, real=0.00 secs] 
657.514: [GC (Allocation Failure) [PSYoungGen: 49565K->1424K(50176K)] 312492K->264351K(741376K), 0.0017761 secs] [Times: user=0.01 sys=0.00, real=0.00 secs] 
658.106: [GC (Allocation Failure) [PSYoungGen: 49552K->1408K(50176K)] 312479K->264335K(741376K), 0.0037373 secs] [Times: user=0.01 sys=0.00, real=0.00 secs] 
658.615: [GC (Allocation Failure) [PSYoungGen: 49536K->1424K(50176K)] 312463K->264383K(741376K), 0.0030677 secs] [Times: user=0.01 sys=0.00, real=0.00 secs] 
659.011: [GC (Allocation Failure) [PSYoungGen: 49552K->1344K(50176K)] 312511K->264303K(741376K), 0.0025641 secs] [Times: user=0.02 sys=0.00, real=0.01 secs] 
659.368: [GC (Allocation Failure) [PSYoungGen: 49472K->1376K(50176K)] 312431K->264335K(741376K), 0.0020886 secs] [Times: user=0.01 sys=0.00, real=0.00 secs] 
659.683: [GC (Allocation Failure) [PSYoungGen: 49504K->1376K(50176K)] 312463K->264359K(741376K), 0.0021094 secs] [Times: user=0.00 sys=0.00, real=0.01 secs] 
660.596: [GC (Allocation Failure) [PSYoungGen: 49504K->1440K(50176K)] 312487K->264431K(741376K), 0.0020019 secs] [Times: user=0.00 sys=0.00, real=0.00 secs] 
661.251: [GC (Allocation Failure) [PSYoungGen: 49568K->1376K(50176K)] 312559K->264367K(741376K), 0.0037943 secs] [Times: user=0.02 sys=0.00, real=0.01 secs] 
661.965: [GC (Allocation Failure) [PSYoungGen: 49504K->1376K(50176K)] 312495K->264367K(741376K), 0.0039068 secs] [Times: user=0.01 sys=0.01, real=0.00 secs] 
662.566: [GC (Allocation Failure) [PSYoungGen: 49504K->1408K(50176K)] 312495K->264407K(741376K), 0.0037874 secs] [Times: user=0.02 sys=0.00, real=0.00 secs] 
662.782: [GC (Allocation Failure) [PSYoungGen: 49536K->1376K(50176K)] 312535K->264375K(741376K), 0.0020341 secs] [Times: user=0.01 sys=0.00, real=0.01 secs] 
663.099: [GC (Allocation Failure) [PSYoungGen: 49504K->1408K(50176K)] 312503K->264407K(741376K), 0.0019692 secs] [Times: user=0.01 sys=0.00, real=0.00 secs] 
663.843: [GC (Allocation Failure) [PSYoungGen: 49536K->1376K(50176K)] 312535K->264375K(741376K), 0.0018027 secs] [Times: user=0.01 sys=0.00, real=0.01 secs] 
664.090: [GC (Allocation Failure) [PSYoungGen: 49504K->1408K(50176K)] 312503K->264407K(741376K), 0.0018183 secs] [Times: user=0.01 sys=0.00, real=0.00 secs] 
664.298: [GC (Allocation Failure) [PSYoungGen: 49536K->1424K(50176K)] 312535K->264423K(741376K), 0.0019344 secs] [Times: user=0.01 sys=0.00, real=0.00 secs] 
664.510: [GC (Allocation Failure) [PSYoungGen: 49552K->1376K(50176K)] 312551K->264375K(741376K), 0.0018104 secs] [Times: user=0.01 sys=0.00, real=0.00 secs] 
664.716: [GC (Allocation Failure) [PSYoungGen: 49504K->1360K(49664K)] 312503K->264359K(740864K), 0.0020218 secs] [Times: user=0.01 sys=0.00, real=0.00 secs] 
664.916: [GC (Allocation Failure) [PSYoungGen: 49488K->1376K(49664K)] 312487K->264375K(740864K), 0.0019228 secs] [Times: user=0.01 sys=0.00, real=0.00 secs] 
665.590: [GC (Allocation Failure) [PSYoungGen: 49504K->1376K(49664K)] 312503K->265399K(740864K), 0.0015423 secs] [Times: user=0.01 sys=0.00, real=0.00 secs] 
665.823: [GC (Allocation Failure) [PSYoungGen: 49504K->320K(49152K)] 313527K->264343K(740352K), 0.0015210 secs] [Times: user=0.00 sys=0.00, real=0.01 secs] 
666.024: [GC (Allocation Failure) [PSYoungGen: 47936K->384K(49664K)] 311959K->264407K(740864K), 0.0014021 secs] [Times: user=0.01 sys=0.00, real=0.00 secs] 
666.231: [GC (Allocation Failure) [PSYoungGen: 48000K->320K(49664K)] 312023K->264351K(740864K), 0.0015144 secs] [Times: user=0.01 sys=0.00, real=0.00 secs] 
666.610: [GC (Allocation Failure) [PSYoungGen: 47936K->352K(49664K)] 311967K->264383K(740864K), 0.0017183 secs] [Times: user=0.01 sys=0.00, real=0.00 secs] 
667.042: [GC (Allocation Failure) [PSYoungGen: 47968K->384K(49664K)] 311999K->264439K(740864K), 0.0021379 secs] [Times: user=0.01 sys=0.01, real=0.01 secs] 
667.804: [GC (Allocation Failure) [PSYoungGen: 48000K->1405K(49664K)] 312055K->265460K(740864K), 0.0013422 secs] [Times: user=0.00 sys=0.00, real=0.00 secs] 
668.144: [GC (Allocation Failure) [PSYoungGen: 49021K->1408K(49152K)] 313076K->265463K(740352K), 0.0019320 secs] [Times: user=0.01 sys=0.00, real=0.00 secs] 
668.340: [GC (Allocation Failure) [PSYoungGen: 48512K->1376K(49664K)] 312567K->265431K(740864K), 0.0019409 secs] [Times: user=0.01 sys=0.00, real=0.00 secs] 
668.536: [GC (Allocation Failure) [PSYoungGen: 48480K->1344K(49664K)] 312535K->265399K(740864K), 0.0017142 secs] [Times: user=0.01 sys=0.00, real=0.00 secs] 
668.731: [GC (Allocation Failure) [PSYoungGen: 48448K->1408K(49664K)] 312503K->265463K(740864K), 0.0019151 secs] [Times: user=0.01 sys=0.00, real=0.01 secs] 
668.927: [GC (Allocation Failure) [PSYoungGen: 48512K->1408K(49664K)] 312567K->265463K(740864K), 0.0022721 secs] [Times: user=0.01 sys=0.00, real=0.00 secs] 
669.151: [GC (Allocation Failure) [PSYoungGen: 48512K->1408K(49664K)] 312567K->265463K(740864K), 0.0019949 secs] [Times: user=0.01 sys=0.00, real=0.00 secs] 
670.115: [GC (Allocation Failure) [PSYoungGen: 48512K->1440K(49664K)] 312567K->265495K(740864K), 0.0021822 secs] [Times: user=0.01 sys=0.00, real=0.00 secs] 
670.627: [GC (Allocation Failure) [PSYoungGen: 48544K->1408K(49664K)] 312599K->265463K(740864K), 0.0021739 secs] [Times: user=0.01 sys=0.00, real=0.00 secs] 
671.070: [GC (Allocation Failure) [PSYoungGen: 48512K->1376K(49664K)] 312567K->265439K(740864K), 0.0021021 secs] [Times: user=0.01 sys=0.00, real=0.00 secs] 
671.483: [GC (Allocation Failure) [PSYoungGen: 48480K->1408K(48640K)] 312543K->265471K(739840K), 0.0023560 secs] [Times: user=0.01 sys=0.00, real=0.00 secs] 
671.721: [GC (Allocation Failure) [PSYoungGen: 48512K->1408K(49152K)] 312575K->265471K(740352K), 0.0018875 secs] [Times: user=0.01 sys=0.00, real=0.01 secs] 
671.934: [GC (Allocation Failure) [PSYoungGen: 48512K->1408K(49152K)] 312575K->265471K(740352K), 0.0019038 secs] [Times: user=0.01 sys=0.00, real=0.00 secs] 
672.615: [GC (Allocation Failure) [PSYoungGen: 48512K->1408K(49152K)] 312575K->265471K(740352K), 0.0019353 secs] [Times: user=0.01 sys=0.00, real=0.00 secs] 
672.864: [GC (Allocation Failure) [PSYoungGen: 48512K->1408K(49152K)] 312575K->265471K(740352K), 0.0018967 secs] [Times: user=0.01 sys=0.01, real=0.00 secs] 
673.060: [GC (Allocation Failure) [PSYoungGen: 48512K->1408K(49152K)] 312575K->265471K(740352K), 0.0019872 secs] [Times: user=0.01 sys=0.00, real=0.00 secs] 
673.282: [GC (Allocation Failure) [PSYoungGen: 48512K->1440K(49152K)] 312575K->265503K(740352K), 0.0018777 secs] [Times: user=0.00 sys=0.00, real=0.01 secs] 
673.481: [GC (Allocation Failure) [PSYoungGen: 48544K->1408K(49152K)] 312607K->265471K(740352K), 0.0018618 secs] [Times: user=0.01 sys=0.00, real=0.01 secs] 
673.749: [GC (Allocation Failure) [PSYoungGen: 48512K->1344K(49152K)] 312575K->265407K(740352K), 0.0021142 secs] [Times: user=0.01 sys=0.00, real=0.00 secs] 
674.426: [GC (Allocation Failure) [PSYoungGen: 48448K->1437K(49152K)] 312511K->265500K(740352K), 0.0014019 secs] [Times: user=0.01 sys=0.00, real=0.00 secs] 
675.517: [GC (Allocation Failure) [PSYoungGen: 48541K->1440K(49152K)] 312604K->265511K(740352K), 0.0020850 secs] [Times: user=0.01 sys=0.00, real=0.00 secs] 
675.828: [GC (Allocation Failure) [PSYoungGen: 48544K->1376K(49152K)] 312615K->265447K(740352K), 0.0018469 secs] [Times: user=0.00 sys=0.00, real=0.00 secs] 
676.024: [GC (Allocation Failure) [PSYoungGen: 48480K->1408K(49152K)] 312551K->265479K(740352K), 0.0018487 secs] [Times: user=0.01 sys=0.00, real=0.00 secs] 
676.220: [GC (Allocation Failure) [PSYoungGen: 48512K->1376K(49152K)] 312583K->265447K(740352K), 0.0018855 secs] [Times: user=0.01 sys=0.00, real=0.00 secs] 
676.416: [GC (Allocation Failure) [PSYoungGen: 48480K->1344K(49152K)] 312551K->265415K(740352K), 0.0018255 secs] [Times: user=0.01 sys=0.00, real=0.00 secs] 
676.638: [GC (Allocation Failure) [PSYoungGen: 47504K->304K(49152K)] 311575K->264375K(740352K), 0.0018045 secs] [Times: user=0.00 sys=0.00, real=0.00 secs] 
677.994: [GC (Allocation Failure) [PSYoungGen: 47408K->1440K(49152K)] 311479K->265535K(740352K), 0.0057032 secs] [Times: user=0.03 sys=0.00, real=0.00 secs] 
678.895: [GC (Allocation Failure) [PSYoungGen: 48544K->1376K(49152K)] 312639K->265471K(740352K), 0.0042536 secs] [Times: user=0.01 sys=0.00, real=0.00 secs] 
679.451: [GC (Allocation Failure) [PSYoungGen: 48480K->1408K(49152K)] 312575K->265503K(740352K), 0.0030128 secs] [Times: user=0.02 sys=0.00, real=0.01 secs] 
679.765: [GC (Allocation Failure) [PSYoungGen: 48512K->1344K(49152K)] 312607K->265439K(740352K), 0.0019893 secs] [Times: user=0.01 sys=0.00, real=0.00 secs] 
680.136: [GC (Allocation Failure) [PSYoungGen: 48448K->1408K(49152K)] 312543K->265503K(740352K), 0.0019340 secs] [Times: user=0.01 sys=0.00, real=0.00 secs] 
680.547: [GC (Allocation Failure) [PSYoungGen: 48512K->1344K(49152K)] 312607K->265439K(740352K), 0.0021955 secs] [Times: user=0.01 sys=0.00, real=0.00 secs] 
681.334: [GC (Allocation Failure) [PSYoungGen: 48448K->1408K(49152K)] 312543K->265511K(740352K), 0.0017708 secs] [Times: user=0.00 sys=0.00, real=0.00 secs] 
681.654: [GC (Allocation Failure) [PSYoungGen: 48512K->1408K(49152K)] 312615K->265519K(740352K), 0.0018684 secs] [Times: user=0.01 sys=0.00, real=0.00 secs] 
681.850: [GC (Allocation Failure) [PSYoungGen: 48512K->1440K(49152K)] 312623K->265551K(740352K), 0.0017734 secs] [Times: user=0.01 sys=0.00, real=0.00 secs] 
682.046: [GC (Allocation Failure) [PSYoungGen: 48544K->1392K(49152K)] 312655K->265511K(740352K), 0.0022888 secs] [Times: user=0.01 sys=0.00, real=0.00 secs] 
682.430: [GC (Allocation Failure) [PSYoungGen: 48496K->1408K(49152K)] 312615K->265527K(740352K), 0.0030364 secs] [Times: user=0.01 sys=0.00, real=0.01 secs] 
682.787: [GC (Allocation Failure) [PSYoungGen: 48512K->1376K(49152K)] 312631K->265495K(740352K), 0.0022615 secs] [Times: user=0.01 sys=0.00, real=0.00 secs] 
683.614: [GC (Allocation Failure) [PSYoungGen: 48480K->1405K(49152K)] 312599K->265524K(740352K), 0.0013997 secs] [Times: user=0.00 sys=0.00, real=0.00 secs] 
683.928: [GC (Allocation Failure) [PSYoungGen: 48509K->1440K(49152K)] 312628K->265559K(740352K), 0.0025162 secs] [Times: user=0.01 sys=0.00, real=0.00 secs] 
684.123: [GC (Allocation Failure) [PSYoungGen: 48544K->1408K(49152K)] 312663K->265527K(740352K), 0.0020635 secs] [Times: user=0.00 sys=0.00, real=0.01 secs] 
684.319: [GC (Allocation Failure) [PSYoungGen: 48512K->1440K(49152K)] 312631K->265575K(740352K), 0.0019259 secs] [Times: user=0.01 sys=0.00, real=0.00 secs] 
684.514: [GC (Allocation Failure) [PSYoungGen: 48544K->1360K(49152K)] 312679K->265495K(740352K), 0.0020327 secs] [Times: user=0.00 sys=0.00, real=0.00 secs] 
684.710: [GC (Allocation Failure) [PSYoungGen: 48464K->1408K(49152K)] 312599K->265543K(740352K), 0.0019143 secs] [Times: user=0.01 sys=0.00, real=0.00 secs] 
684.962: [GC (Allocation Failure) [PSYoungGen: 48512K->1341K(49152K)] 312647K->265476K(740352K), 0.0018096 secs] [Times: user=0.00 sys=0.00, real=0.01 secs] 
685.575: [GC (Allocation Failure) [PSYoungGen: 48445K->1472K(49152K)] 312580K->265607K(740352K), 0.0019240 secs] [Times: user=0.00 sys=0.00, real=0.00 secs] 
685.771: [GC (Allocation Failure) [PSYoungGen: 48576K->1440K(49152K)] 312711K->265575K(740352K), 0.0018086 secs] [Times: user=0.00 sys=0.00, real=0.00 secs] 
685.967: [GC (Allocation Failure) [PSYoungGen: 48544K->1440K(49152K)] 312679K->265583K(740352K), 0.0018925 secs] [Times: user=0.01 sys=0.00, real=0.00 secs] 
686.164: [GC (Allocation Failure) [PSYoungGen: 48544K->1376K(49152K)] 312687K->265551K(740352K), 0.0026102 secs] [Times: user=0.01 sys=0.00, real=0.00 secs] 
686.400: [GC (Allocation Failure) [PSYoungGen: 48480K->1376K(54784K)] 312655K->265551K(745984K), 0.0023038 secs] [Times: user=0.00 sys=0.00, real=0.00 secs] 
686.728: [GC (Allocation Failure) [PSYoungGen: 54112K->1344K(54784K)] 318287K->265519K(745984K), 0.0025320 secs] [Times: user=0.00 sys=0.00, real=0.00 secs] 
687.736: [GC (Allocation Failure) [PSYoungGen: 54080K->1408K(54784K)] 318255K->265583K(745984K), 0.0019235 secs] [Times: user=0.00 sys=0.00, real=0.00 secs] 
688.226: [GC (Allocation Failure) [PSYoungGen: 54144K->1376K(54272K)] 318319K->265551K(745472K), 0.0037262 secs] [Times: user=0.01 sys=0.00, real=0.00 secs] 
688.714: [GC (Allocation Failure) [PSYoungGen: 54112K->1360K(54272K)] 318287K->265535K(745472K), 0.0029254 secs] [Times: user=0.01 sys=0.00, real=0.00 secs] 
689.189: [GC (Allocation Failure) [PSYoungGen: 54096K->1376K(54272K)] 318271K->265551K(745472K), 0.0025570 secs] [Times: user=0.01 sys=0.00, real=0.00 secs] 
689.711: [GC (Allocation Failure) [PSYoungGen: 54112K->1344K(54272K)] 318287K->265519K(745472K), 0.0025642 secs] [Times: user=0.01 sys=0.00, real=0.01 secs] 
690.629: [GC (Allocation Failure) [PSYoungGen: 54080K->1437K(54272K)] 318255K->265612K(745472K), 0.0014513 secs] [Times: user=0.00 sys=0.00, real=0.00 secs] 
691.674: [GC (Allocation Failure) [PSYoungGen: 54173K->1408K(54272K)] 318348K->265591K(745472K), 0.0039446 secs] [Times: user=0.02 sys=0.01, real=0.00 secs] 
692.223: [GC (Allocation Failure) [PSYoungGen: 54144K->1424K(54272K)] 318327K->265607K(745472K), 0.0038212 secs] [Times: user=0.01 sys=0.00, real=0.00 secs] 
692.731: [GC (Allocation Failure) [PSYoungGen: 54160K->1376K(54272K)] 318343K->265559K(745472K), 0.0026040 secs] [Times: user=0.01 sys=0.00, real=0.01 secs] 
693.090: [GC (Allocation Failure) [PSYoungGen: 54112K->1376K(54272K)] 318295K->265567K(745472K), 0.0021404 secs] [Times: user=0.01 sys=0.00, real=0.00 secs] 
693.734: [GC (Allocation Failure) [PSYoungGen: 54112K->1408K(54272K)] 318303K->265599K(745472K), 0.0022217 secs] [Times: user=0.01 sys=0.00, real=0.00 secs] 
694.818: [GC (Allocation Failure) [PSYoungGen: 54144K->1408K(54272K)] 318335K->265599K(745472K), 0.0018501 secs] [Times: user=0.00 sys=0.00, real=0.00 secs] 
695.254: [GC (Allocation Failure) [PSYoungGen: 54144K->1408K(54272K)] 318335K->265599K(745472K), 0.0017968 secs] [Times: user=0.01 sys=0.00, real=0.00 secs] 
695.708: [GC (Allocation Failure) [PSYoungGen: 54144K->1344K(54272K)] 318335K->265535K(745472K), 0.0019859 secs] [Times: user=0.01 sys=0.00, real=0.00 secs] 
696.175: [GC (Allocation Failure) [PSYoungGen: 54080K->1456K(54272K)] 318271K->265647K(745472K), 0.0023343 secs] [Times: user=0.01 sys=0.00, real=0.00 secs] 
696.886: [GC (Allocation Failure) [PSYoungGen: 54192K->1424K(54272K)] 318383K->265615K(745472K), 0.0026462 secs] [Times: user=0.01 sys=0.00, real=0.00 secs] 
697.519: [GC (Allocation Failure) [PSYoungGen: 54160K->1408K(54272K)] 318351K->265599K(745472K), 0.0026581 secs] [Times: user=0.01 sys=0.00, real=0.00 secs] 
698.499: [GC (Allocation Failure) [PSYoungGen: 54144K->1408K(54272K)] 318335K->265599K(745472K), 0.0018172 secs] [Times: user=0.00 sys=0.00, real=0.00 secs] 
699.050: [GC (Allocation Failure) [PSYoungGen: 54144K->1408K(54272K)] 318335K->265599K(745472K), 0.0021653 secs] [Times: user=0.01 sys=0.00, real=0.00 secs] 
699.654: [GC (Allocation Failure) [PSYoungGen: 54144K->1376K(54272K)] 318335K->265567K(745472K), 0.0029882 secs] [Times: user=0.01 sys=0.00, real=0.00 secs] 
700.217: [GC (Allocation Failure) [PSYoungGen: 54112K->1392K(54272K)] 318303K->265583K(745472K), 0.0040642 secs] [Times: user=0.02 sys=0.00, real=0.00 secs] 
700.809: [GC (Allocation Failure) [PSYoungGen: 54128K->1344K(54272K)] 318319K->265551K(745472K), 0.0030400 secs] [Times: user=0.01 sys=0.00, real=0.00 secs] 
701.697: [GC (Allocation Failure) [PSYoungGen: 54080K->1408K(54272K)] 318287K->265615K(745472K), 0.0014128 secs] [Times: user=0.01 sys=0.00, real=0.00 secs] 
702.623: [GC (Allocation Failure) [PSYoungGen: 54144K->1408K(54272K)] 318351K->265623K(745472K), 0.0022816 secs] [Times: user=0.01 sys=0.00, real=0.00 secs] 
703.075: [GC (Allocation Failure) [PSYoungGen: 54144K->1376K(54272K)] 318359K->265591K(745472K), 0.0023538 secs] [Times: user=0.01 sys=0.00, real=0.00 secs] 
703.552: [GC (Allocation Failure) [PSYoungGen: 54112K->1424K(54272K)] 318327K->265639K(745472K), 0.0023748 secs] [Times: user=0.01 sys=0.00, real=0.01 secs] 
703.958: [GC (Allocation Failure) [PSYoungGen: 54160K->1408K(54272K)] 318375K->265623K(745472K), 0.0019637 secs] [Times: user=0.01 sys=0.00, real=0.00 secs] 
704.187: [GC (Allocation Failure) [PSYoungGen: 54144K->1408K(54272K)] 318359K->265623K(745472K), 0.0020213 secs] [Times: user=0.01 sys=0.00, real=0.00 secs] 
704.947: [GC (Allocation Failure) [PSYoungGen: 54144K->1440K(54272K)] 318359K->265655K(745472K), 0.0019560 secs] [Times: user=0.00 sys=0.00, real=0.00 secs] 
705.167: [GC (Allocation Failure) [PSYoungGen: 54176K->1376K(54272K)] 318391K->265591K(745472K), 0.0017212 secs] [Times: user=0.00 sys=0.00, real=0.00 secs] 
705.422: [GC (Allocation Failure) [PSYoungGen: 54112K->1344K(54272K)] 318327K->265559K(745472K), 0.0020553 secs] [Times: user=0.01 sys=0.00, real=0.01 secs] 
705.646: [GC (Allocation Failure) [PSYoungGen: 54080K->1408K(54272K)] 318295K->265623K(745472K), 0.0019569 secs] [Times: user=0.00 sys=0.00, real=0.00 secs] 
705.913: [GC (Allocation Failure) [PSYoungGen: 54144K->1376K(54272K)] 318359K->265591K(745472K), 0.0019295 secs] [Times: user=0.01 sys=0.00, real=0.01 secs] 
706.254: [GC (Allocation Failure) [PSYoungGen: 54112K->1408K(54272K)] 318327K->265623K(745472K), 0.0019864 secs] [Times: user=0.00 sys=0.00, real=0.00 secs] 
707.898: [GC (Allocation Failure) [PSYoungGen: 54144K->1408K(54272K)] 318359K->265631K(745472K), 0.0040934 secs] [Times: user=0.02 sys=0.00, real=0.00 secs] 
708.814: [GC (Allocation Failure) [PSYoungGen: 54144K->1408K(54272K)] 318367K->265631K(745472K), 0.0039119 secs] [Times: user=0.01 sys=0.00, real=0.00 secs] 
710.113: [GC (Allocation Failure) [PSYoungGen: 54144K->1376K(54272K)] 318367K->265599K(745472K), 0.0024260 secs] [Times: user=0.01 sys=0.00, real=0.01 secs] 
710.539: [GC (Allocation Failure) [PSYoungGen: 54112K->1376K(54272K)] 318335K->265623K(745472K), 0.0016986 secs] [Times: user=0.00 sys=0.00, real=0.00 secs] 
710.976: [GC (Allocation Failure) [PSYoungGen: 54112K->1424K(54272K)] 318359K->265679K(745472K), 0.0019232 secs] [Times: user=0.01 sys=0.01, real=0.00 secs] 
711.786: [GC (Allocation Failure) [PSYoungGen: 54160K->1373K(54272K)] 318415K->265636K(745472K), 0.0013957 secs] [Times: user=0.01 sys=0.00, real=0.00 secs] 
713.057: [GC (Allocation Failure) [PSYoungGen: 54109K->1408K(54272K)] 318372K->265671K(745472K), 0.0025208 secs] [Times: user=0.01 sys=0.00, real=0.00 secs] 
713.376: [GC (Allocation Failure) [PSYoungGen: 54144K->1408K(54272K)] 318407K->265671K(745472K), 0.0020398 secs] [Times: user=0.01 sys=0.00, real=0.00 secs] 
713.668: [GC (Allocation Failure) [PSYoungGen: 54144K->1408K(54272K)] 318407K->265671K(745472K), 0.0020126 secs] [Times: user=0.01 sys=0.00, real=0.00 secs] 
714.149: [GC (Allocation Failure) [PSYoungGen: 54144K->1376K(54272K)] 318407K->265639K(745472K), 0.0023133 secs] [Times: user=0.01 sys=0.00, real=0.00 secs] 
714.560: [GC (Allocation Failure) [PSYoungGen: 54112K->1376K(54272K)] 318375K->265639K(745472K), 0.0021586 secs] [Times: user=0.01 sys=0.00, real=0.00 secs] 
715.348: [GC (Allocation Failure) [PSYoungGen: 54112K->1408K(54272K)] 318375K->265671K(745472K), 0.0014654 secs] [Times: user=0.01 sys=0.00, real=0.00 secs] 
715.567: [GC (Allocation Failure) [PSYoungGen: 54144K->1408K(54272K)] 318407K->265671K(745472K), 0.0016141 secs] [Times: user=0.01 sys=0.00, real=0.00 secs] 
715.871: [GC (Allocation Failure) [PSYoungGen: 54144K->1408K(54272K)] 318407K->265671K(745472K), 0.0015494 secs] [Times: user=0.01 sys=0.00, real=0.00 secs] 
716.249: [GC (Allocation Failure) [PSYoungGen: 54144K->1440K(54272K)] 318407K->265703K(745472K), 0.0019160 secs] [Times: user=0.00 sys=0.00, real=0.00 secs] 
716.683: [GC (Allocation Failure) [PSYoungGen: 54176K->1376K(54272K)] 318439K->265647K(745472K), 0.0020313 secs] [Times: user=0.01 sys=0.00, real=0.00 secs] 
717.130: [GC (Allocation Failure) [PSYoungGen: 54107K->288K(53760K)] 318379K->264559K(744960K), 0.0018826 secs] [Times: user=0.01 sys=0.00, real=0.00 secs] 
717.874: [GC (Allocation Failure) [PSYoungGen: 52512K->1408K(54272K)] 316783K->265679K(745472K), 0.0023175 secs] [Times: user=0.00 sys=0.00, real=0.00 secs] 
718.092: [GC (Allocation Failure) [PSYoungGen: 53632K->1376K(54272K)] 317903K->265647K(745472K), 0.0020420 secs] [Times: user=0.00 sys=0.00, real=0.01 secs] 
718.457: [GC (Allocation Failure) [PSYoungGen: 53600K->1376K(54272K)] 317871K->265647K(745472K), 0.0019674 secs] [Times: user=0.01 sys=0.00, real=0.00 secs] 
718.893: [GC (Allocation Failure) [PSYoungGen: 53600K->1408K(54272K)] 317871K->265703K(745472K), 0.0019610 secs] [Times: user=0.01 sys=0.00, real=0.00 secs] 
719.325: [GC (Allocation Failure) [PSYoungGen: 53632K->1376K(54272K)] 317927K->265679K(745472K), 0.0031902 secs] [Times: user=0.01 sys=0.00, real=0.00 secs] 
720.236: [GC (Allocation Failure) [PSYoungGen: 53600K->1405K(54272K)] 317903K->265708K(745472K), 0.0014466 secs] [Times: user=0.01 sys=0.00, real=0.00 secs] 
720.796: [GC (Allocation Failure) [PSYoungGen: 53629K->1440K(54272K)] 317932K->265743K(745472K), 0.0017521 secs] [Times: user=0.01 sys=0.00, real=0.00 secs] 
721.229: [GC (Allocation Failure) [PSYoungGen: 53664K->1376K(54272K)] 317967K->265679K(745472K), 0.0019515 secs] [Times: user=0.01 sys=0.00, real=0.00 secs] 
721.663: [GC (Allocation Failure) [PSYoungGen: 53600K->1440K(54272K)] 317903K->265743K(745472K), 0.0029241 secs] [Times: user=0.01 sys=0.00, real=0.00 secs] 
722.098: [GC (Allocation Failure) [PSYoungGen: 53664K->1344K(54272K)] 317967K->265655K(745472K), 0.0030015 secs] [Times: user=0.01 sys=0.00, real=0.00 secs] 
722.378: [GC (Allocation Failure) [PSYoungGen: 53568K->1408K(54272K)] 317879K->265719K(745472K), 0.0020385 secs] [Times: user=0.01 sys=0.00, real=0.00 secs] 
723.149: [GC (Allocation Failure) [PSYoungGen: 53632K->1456K(54272K)] 317943K->265767K(745472K), 0.0017973 secs] [Times: user=0.00 sys=0.00, real=0.00 secs] 
723.740: [GC (Allocation Failure) [PSYoungGen: 53680K->1376K(54272K)] 317991K->265687K(745472K), 0.0020274 secs] [Times: user=0.01 sys=0.00, real=0.00 secs] 
724.250: [GC (Allocation Failure) [PSYoungGen: 53600K->1440K(54272K)] 317911K->265751K(745472K), 0.0024557 secs] [Times: user=0.01 sys=0.00, real=0.00 secs] 
724.896: [GC (Allocation Failure) [PSYoungGen: 53664K->1408K(54272K)] 317975K->265719K(745472K), 0.0038748 secs] [Times: user=0.02 sys=0.00, real=0.00 secs] 
725.433: [GC (Allocation Failure) [PSYoungGen: 53632K->1440K(54272K)] 317943K->265751K(745472K), 0.0038194 secs] [Times: user=0.01 sys=0.00, real=0.00 secs] 
725.860: [GC (Allocation Failure) [PSYoungGen: 53664K->1376K(54272K)] 317975K->265687K(745472K), 0.0029003 secs] [Times: user=0.01 sys=0.00, real=0.00 secs] 
726.647: [GC (Allocation Failure) [PSYoungGen: 53600K->1408K(54272K)] 317911K->265719K(745472K), 0.0017764 secs] [Times: user=0.01 sys=0.00, real=0.00 secs] 
726.886: [GC (Allocation Failure) [PSYoungGen: 53632K->1408K(54272K)] 317943K->265719K(745472K), 0.0018232 secs] [Times: user=0.01 sys=0.00, real=0.00 secs] 
727.424: [GC (Allocation Failure) [PSYoungGen: 53632K->1392K(53760K)] 317943K->265703K(744960K), 0.0022278 secs] [Times: user=0.01 sys=0.00, real=0.00 secs] 
727.884: [GC (Allocation Failure) [PSYoungGen: 53616K->1408K(53760K)] 317927K->265719K(744960K), 0.0024746 secs] [Times: user=0.01 sys=0.00, real=0.00 secs] 
728.301: [GC (Allocation Failure) [PSYoungGen: 53632K->352K(53248K)] 317943K->265687K(744448K), 0.0023607 secs] [Times: user=0.01 sys=0.00, real=0.01 secs] 
728.944: [GC (Allocation Failure) [PSYoungGen: 52576K->1405K(54272K)] 317911K->266740K(745472K), 0.0014544 secs] [Times: user=0.00 sys=0.00, real=0.00 secs] 
729.647: [GC (Allocation Failure) [PSYoungGen: 53629K->1408K(54272K)] 318964K->266767K(745472K), 0.0018950 secs] [Times: user=0.00 sys=0.00, real=0.00 secs] 
729.865: [GC (Allocation Failure) [PSYoungGen: 53632K->1344K(54272K)] 318991K->266703K(745472K), 0.0019979 secs] [Times: user=0.01 sys=0.00, real=0.00 secs] 
730.082: [GC (Allocation Failure) [PSYoungGen: 53568K->1376K(54272K)] 318927K->266735K(745472K), 0.0019099 secs] [Times: user=0.01 sys=0.00, real=0.01 secs] 
730.299: [GC (Allocation Failure) [PSYoungGen: 53600K->1376K(54272K)] 318959K->266735K(745472K), 0.0023075 secs] [Times: user=0.01 sys=0.00, real=0.00 secs] 
730.517: [GC (Allocation Failure) [PSYoungGen: 53600K->1376K(54272K)] 318959K->266735K(745472K), 0.0019970 secs] [Times: user=0.01 sys=0.00, real=0.00 secs] 
731.249: [GC (Allocation Failure) [PSYoungGen: 53600K->1888K(54272K)] 318959K->267247K(745472K), 0.0016774 secs] [Times: user=0.01 sys=0.00, real=0.00 secs] 
731.466: [GC (Allocation Failure) [PSYoungGen: 54112K->1344K(54272K)] 319471K->266703K(745472K), 0.0014543 secs] [Times: user=0.01 sys=0.00, real=0.00 secs] 
731.779: [GC (Allocation Failure) [PSYoungGen: 53568K->1408K(54272K)] 318927K->266767K(745472K), 0.0018646 secs] [Times: user=0.00 sys=0.00, real=0.00 secs] 
732.192: [GC (Allocation Failure) [PSYoungGen: 53632K->1408K(54272K)] 318991K->266767K(745472K), 0.0016298 secs] [Times: user=0.00 sys=0.00, real=0.01 secs] 
732.641: [GC (Allocation Failure) [PSYoungGen: 53632K->1344K(54272K)] 318991K->266727K(745472K), 0.0030697 secs] [Times: user=0.01 sys=0.00, real=0.01 secs] 
733.081: [GC (Allocation Failure) [PSYoungGen: 53568K->1408K(54272K)] 318951K->266791K(745472K), 0.0022068 secs] [Times: user=0.01 sys=0.00, real=0.00 secs] 
733.972: [GC (Allocation Failure) [PSYoungGen: 53632K->1456K(54272K)] 319015K->266855K(745472K), 0.0017143 secs] [Times: user=0.01 sys=0.00, real=0.01 secs] 
734.450: [GC (Allocation Failure) [PSYoungGen: 53680K->1376K(54272K)] 319079K->266775K(745472K), 0.0023726 secs] [Times: user=0.01 sys=0.00, real=0.00 secs] 
735.114: [GC (Allocation Failure) [PSYoungGen: 53600K->1376K(54272K)] 318999K->266783K(745472K), 0.0026460 secs] [Times: user=0.00 sys=0.00, real=0.00 secs] 
735.907: [GC (Allocation Failure) [PSYoungGen: 53600K->1408K(54272K)] 319007K->266823K(745472K), 0.0023405 secs] [Times: user=0.01 sys=0.00, real=0.00 secs] 
736.596: [GC (Allocation Failure) [PSYoungGen: 53632K->1408K(54272K)] 319047K->266823K(745472K), 0.0039739 secs] [Times: user=0.02 sys=0.01, real=0.00 secs] 
737.265: [GC (Allocation Failure) [PSYoungGen: 53632K->1405K(54272K)] 319047K->266820K(745472K), 0.0018047 secs] [Times: user=0.01 sys=0.00, real=0.00 secs] 
737.979: [GC (Allocation Failure) [PSYoungGen: 53629K->1472K(54272K)] 319044K->266895K(745472K), 0.0021271 secs] [Times: user=0.01 sys=0.00, real=0.00 secs] 
738.204: [GC (Allocation Failure) [PSYoungGen: 53696K->1408K(54272K)] 319119K->266831K(745472K), 0.0018707 secs] [Times: user=0.01 sys=0.00, real=0.00 secs] 
738.566: [GC (Allocation Failure) [PSYoungGen: 53632K->1408K(54272K)] 319055K->266831K(745472K), 0.0019987 secs] [Times: user=0.01 sys=0.00, real=0.00 secs] 
738.998: [GC (Allocation Failure) [PSYoungGen: 53632K->1408K(54272K)] 319055K->266839K(745472K), 0.0020484 secs] [Times: user=0.00 sys=0.00, real=0.00 secs] 
739.385: [GC (Allocation Failure) [PSYoungGen: 53632K->1424K(53760K)] 319063K->266855K(744960K), 0.0033005 secs] [Times: user=0.02 sys=0.00, real=0.00 secs] 
740.183: [GC (Allocation Failure) [PSYoungGen: 53648K->1472K(53248K)] 319079K->266919K(744448K), 0.0014722 secs] [Times: user=0.01 sys=0.00, real=0.00 secs] 
740.688: [GC (Allocation Failure) [PSYoungGen: 53184K->1344K(53760K)] 318631K->266791K(744960K), 0.0031211 secs] [Times: user=0.01 sys=0.00, real=0.00 secs] 
741.101: [GC (Allocation Failure) [PSYoungGen: 53056K->1376K(53248K)] 318503K->266823K(744448K), 0.0025256 secs] [Times: user=0.00 sys=0.00, real=0.01 secs] 
741.626: [GC (Allocation Failure) [PSYoungGen: 53088K->1376K(53248K)] 318535K->266823K(744448K), 0.0026418 secs] [Times: user=0.01 sys=0.00, real=0.00 secs] 
742.014: [GC (Allocation Failure) [PSYoungGen: 53088K->320K(52736K)] 318535K->266799K(743936K), 0.0030933 secs] [Times: user=0.01 sys=0.01, real=0.00 secs] 
742.498: [GC (Allocation Failure) [PSYoungGen: 52032K->320K(53760K)] 318511K->266799K(744960K), 0.0020740 secs] [Times: user=0.01 sys=0.00, real=0.00 secs] 
743.429: [GC (Allocation Failure) [PSYoungGen: 52032K->1408K(53760K)] 318511K->267887K(744960K), 0.0019161 secs] [Times: user=0.00 sys=0.00, real=0.00 secs] 
743.643: [GC (Allocation Failure) [PSYoungGen: 53120K->1344K(53760K)] 319599K->267823K(744960K), 0.0019572 secs] [Times: user=0.01 sys=0.00, real=0.00 secs] 
743.907: [GC (Allocation Failure) [PSYoungGen: 53056K->1344K(53760K)] 319535K->267823K(744960K), 0.0021182 secs] [Times: user=0.01 sys=0.00, real=0.00 secs] 
744.123: [GC (Allocation Failure) [PSYoungGen: 53056K->1408K(53760K)] 319535K->267887K(744960K), 0.0020779 secs] [Times: user=0.00 sys=0.00, real=0.01 secs] 
744.337: [GC (Allocation Failure) [PSYoungGen: 53120K->1344K(53760K)] 319599K->267823K(744960K), 0.0019738 secs] [Times: user=0.01 sys=0.00, real=0.00 secs] 
744.552: [GC (Allocation Failure) [PSYoungGen: 53056K->1376K(53760K)] 319535K->267855K(744960K), 0.0019198 secs] [Times: user=0.00 sys=0.00, real=0.01 secs] 
745.237: [GC (Allocation Failure) [PSYoungGen: 53088K->1376K(53760K)] 319567K->267855K(744960K), 0.0017710 secs] [Times: user=0.01 sys=0.00, real=0.00 secs] 
745.452: [GC (Allocation Failure) [PSYoungGen: 53088K->1376K(53760K)] 319567K->267855K(744960K), 0.0018491 secs] [Times: user=0.01 sys=0.00, real=0.01 secs] 
745.666: [GC (Allocation Failure) [PSYoungGen: 53088K->1376K(53760K)] 319567K->267855K(744960K), 0.0017867 secs] [Times: user=0.00 sys=0.00, real=0.00 secs] 
745.964: [GC (Allocation Failure) [PSYoungGen: 53088K->1424K(53760K)] 319567K->267903K(744960K), 0.0018236 secs] [Times: user=0.01 sys=0.00, real=0.00 secs] 
746.185: [GC (Allocation Failure) [PSYoungGen: 53136K->1344K(53760K)] 319615K->267823K(744960K), 0.0017244 secs] [Times: user=0.00 sys=0.00, real=0.00 secs] 
746.563: [GC (Allocation Failure) [PSYoungGen: 53056K->1405K(53760K)] 319535K->267884K(744960K), 0.0013919 secs] [Times: user=0.01 sys=0.00, real=0.01 secs] 
747.337: [GC (Allocation Failure) [PSYoungGen: 53117K->1376K(53760K)] 319596K->267879K(744960K), 0.0019906 secs] [Times: user=0.01 sys=0.00, real=0.00 secs] 
747.773: [GC (Allocation Failure) [PSYoungGen: 53088K->1344K(53760K)] 319591K->267847K(744960K), 0.0018651 secs] [Times: user=0.00 sys=0.00, real=0.00 secs] 
748.215: [GC (Allocation Failure) [PSYoungGen: 53056K->1376K(53760K)] 319559K->267879K(744960K), 0.0022064 secs] [Times: user=0.01 sys=0.00, real=0.00 secs] 
748.624: [GC (Allocation Failure) [PSYoungGen: 53088K->1344K(53760K)] 319591K->267855K(744960K), 0.0020678 secs] [Times: user=0.00 sys=0.00, real=0.00 secs] 
748.858: [GC (Allocation Failure) [PSYoungGen: 53056K->1344K(53760K)] 319567K->267855K(744960K), 0.0020051 secs] [Times: user=0.01 sys=0.00, real=0.00 secs] 
749.614: [GC (Allocation Failure) [PSYoungGen: 53056K->128K(53760K)] 319567K->266639K(744960K), 0.0015423 secs] [Times: user=0.01 sys=0.00, real=0.00 secs] 
751.433: [GC (Allocation Failure) [PSYoungGen: 51840K->1376K(53760K)] 318351K->267887K(744960K), 0.0025527 secs] [Times: user=0.01 sys=0.00, real=0.01 secs] 
752.101: [GC (Allocation Failure) [PSYoungGen: 53088K->1408K(53760K)] 319599K->267919K(744960K), 0.0020371 secs] [Times: user=0.01 sys=0.00, real=0.01 secs] 
752.844: [GC (Allocation Failure) [PSYoungGen: 53120K->1408K(53760K)] 319631K->267919K(744960K), 0.0027617 secs] [Times: user=0.02 sys=0.00, real=0.00 secs] 
753.112: [GC (Allocation Failure) [PSYoungGen: 53120K->1344K(53760K)] 319631K->267879K(744960K), 0.0020747 secs] [Times: user=0.01 sys=0.00, real=0.01 secs] 
753.343: [GC (Allocation Failure) [PSYoungGen: 53056K->1376K(53760K)] 319591K->267911K(744960K), 0.0020144 secs] [Times: user=0.01 sys=0.00, real=0.00 secs] 
754.063: [GC (Allocation Failure) [PSYoungGen: 53088K->1408K(53760K)] 319623K->267943K(744960K), 0.0019922 secs] [Times: user=0.00 sys=0.00, real=0.01 secs] 
754.502: [GC (Allocation Failure) [PSYoungGen: 53120K->1376K(53760K)] 319655K->267911K(744960K), 0.0019380 secs] [Times: user=0.00 sys=0.00, real=0.01 secs] 
754.923: [GC (Allocation Failure) [PSYoungGen: 53088K->1424K(53760K)] 319623K->267959K(744960K), 0.0037400 secs] [Times: user=0.02 sys=0.00, real=0.01 secs] 
755.387: [GC (Allocation Failure) [PSYoungGen: 53136K->1408K(53760K)] 319671K->267943K(744960K), 0.0083341 secs] [Times: user=0.04 sys=0.00, real=0.01 secs] 
755.810: [GC (Allocation Failure) [PSYoungGen: 53120K->1456K(53760K)] 319655K->267991K(744960K), 0.0020847 secs] [Times: user=0.01 sys=0.00, real=0.00 secs] 
756.216: [GC (Allocation Failure) [PSYoungGen: 53168K->1376K(53760K)] 319703K->267911K(744960K), 0.0019699 secs] [Times: user=0.01 sys=0.00, real=0.00 secs] 
757.093: [GC (Allocation Failure) [PSYoungGen: 53088K->1440K(53760K)] 319623K->267975K(744960K), 0.0018327 secs] [Times: user=0.01 sys=0.00, real=0.01 secs] 
757.614: [GC (Allocation Failure) [PSYoungGen: 53152K->1440K(53760K)] 319687K->267975K(744960K), 0.0026794 secs] [Times: user=0.01 sys=0.00, real=0.00 secs] 
758.127: [GC (Allocation Failure) [PSYoungGen: 53152K->1376K(53760K)] 319687K->267911K(744960K), 0.0022610 secs] [Times: user=0.01 sys=0.00, real=0.00 secs] 
758.342: [GC (Allocation Failure) [PSYoungGen: 53088K->1408K(53760K)] 319623K->267943K(744960K), 0.0020901 secs] [Times: user=0.00 sys=0.00, real=0.01 secs] 
758.572: [GC (Allocation Failure) [PSYoungGen: 53120K->1424K(53760K)] 319655K->267959K(744960K), 0.0023635 secs] [Times: user=0.01 sys=0.00, real=0.01 secs] 
758.976: [GC (Allocation Failure) [PSYoungGen: 53136K->1344K(53760K)] 319671K->267903K(744960K), 0.0014359 secs] [Times: user=0.01 sys=0.00, real=0.00 secs] 
760.288: [GC (Allocation Failure) [PSYoungGen: 53056K->1376K(53760K)] 319615K->267935K(744960K), 0.0025600 secs] [Times: user=0.01 sys=0.00, real=0.00 secs] 
761.145: [GC (Allocation Failure) [PSYoungGen: 53088K->1408K(53760K)] 319647K->267967K(744960K), 0.0044618 secs] [Times: user=0.02 sys=0.00, real=0.00 secs] 
761.767: [GC (Allocation Failure) [PSYoungGen: 53120K->1376K(53760K)] 319679K->267935K(744960K), 0.0026518 secs] [Times: user=0.01 sys=0.00, real=0.00 secs] 
762.528: [GC (Allocation Failure) [PSYoungGen: 53088K->1376K(53760K)] 319647K->267943K(744960K), 0.0026644 secs] [Times: user=0.01 sys=0.00, real=0.00 secs] 
763.100: [GC (Allocation Failure) [PSYoungGen: 53088K->1408K(53760K)] 319655K->267975K(744960K), 0.0025116 secs] [Times: user=0.01 sys=0.00, real=0.00 secs] 
764.037: [GC (Allocation Failure) [PSYoungGen: 53120K->1373K(53248K)] 319687K->267940K(744448K), 0.0014050 secs] [Times: user=0.00 sys=0.00, real=0.00 secs] 
764.641: [GC (Allocation Failure) [PSYoungGen: 53085K->1424K(53248K)] 319652K->267991K(744448K), 0.0022346 secs] [Times: user=0.01 sys=0.00, real=0.00 secs] 
765.125: [GC (Allocation Failure) [PSYoungGen: 53136K->368K(52736K)] 319703K->267959K(743936K), 0.0020714 secs] [Times: user=0.01 sys=0.00, real=0.00 secs] 
765.564: [GC (Allocation Failure) [PSYoungGen: 52080K->352K(53760K)] 319671K->267943K(744960K), 0.0020696 secs] [Times: user=0.01 sys=0.00, real=0.00 secs] 
766.342: [GC (Allocation Failure) [PSYoungGen: 52064K->320K(53760K)] 319655K->267911K(744960K), 0.0024508 secs] [Times: user=0.01 sys=0.00, real=0.01 secs] 
767.045: [GC (Allocation Failure) [PSYoungGen: 52032K->352K(53760K)] 319623K->267943K(744960K), 0.0026098 secs] [Times: user=0.01 sys=0.00, real=0.00 secs] 
768.270: [GC (Allocation Failure) [PSYoungGen: 52064K->1952K(53248K)] 319655K->269543K(744448K), 0.0024319 secs] [Times: user=0.01 sys=0.00, real=0.00 secs] 
769.288: [GC (Allocation Failure) [PSYoungGen: 53152K->1408K(53760K)] 320743K->268999K(744960K), 0.0041863 secs] [Times: user=0.01 sys=0.00, real=0.00 secs] 
769.874: [GC (Allocation Failure) [PSYoungGen: 52608K->1408K(53760K)] 320199K->268999K(744960K), 0.0024830 secs] [Times: user=0.01 sys=0.00, real=0.00 secs] 
770.257: [GC (Allocation Failure) [PSYoungGen: 52608K->1344K(53760K)] 320199K->268935K(744960K), 0.0019945 secs] [Times: user=0.00 sys=0.00, real=0.00 secs] 
770.644: [GC (Allocation Failure) [PSYoungGen: 52544K->1376K(53760K)] 320135K->268967K(744960K), 0.0019498 secs] [Times: user=0.01 sys=0.00, real=0.00 secs] 
771.126: [GC (Allocation Failure) [PSYoungGen: 52576K->1376K(53760K)] 320167K->268967K(744960K), 0.0018608 secs] [Times: user=0.01 sys=0.00, real=0.00 secs] 
772.292: [GC (Allocation Failure) [PSYoungGen: 52576K->1440K(53760K)] 320167K->269047K(744960K), 0.0023816 secs] [Times: user=0.01 sys=0.00, real=0.01 secs] 
772.984: [GC (Allocation Failure) [PSYoungGen: 52640K->1440K(53760K)] 320247K->269047K(744960K), 0.0044117 secs] [Times: user=0.02 sys=0.00, real=0.00 secs] 
773.633: [GC (Allocation Failure) [PSYoungGen: 52640K->1408K(52736K)] 320247K->269015K(743936K), 0.0032406 secs] [Times: user=0.01 sys=0.00, real=0.00 secs] 
774.202: [GC (Allocation Failure) [PSYoungGen: 52608K->1440K(53248K)] 320215K->269047K(744448K), 0.0030037 secs] [Times: user=0.01 sys=0.00, real=0.01 secs] 
774.772: [GC (Allocation Failure) [PSYoungGen: 52640K->1344K(53248K)] 320247K->268951K(744448K), 0.0040995 secs] [Times: user=0.02 sys=0.00, real=0.01 secs] 
775.344: [GC (Allocation Failure) [PSYoungGen: 52544K->1376K(53248K)] 320151K->268983K(744448K), 0.0040536 secs] [Times: user=0.02 sys=0.00, real=0.00 secs] 
776.247: [GC (Allocation Failure) [PSYoungGen: 52576K->1408K(53248K)] 320183K->269015K(744448K), 0.0018743 secs] [Times: user=0.01 sys=0.00, real=0.00 secs] 
776.459: [GC (Allocation Failure) [PSYoungGen: 52608K->1408K(53248K)] 320215K->269015K(744448K), 0.0019594 secs] [Times: user=0.00 sys=0.00, real=0.00 secs] 
776.689: [GC (Allocation Failure) [PSYoungGen: 52608K->1328K(53248K)] 320215K->268935K(744448K), 0.0018805 secs] [Times: user=0.00 sys=0.00, real=0.00 secs] 
776.902: [GC (Allocation Failure) [PSYoungGen: 52528K->1440K(53248K)] 320135K->269063K(744448K), 0.0025910 secs] [Times: user=0.01 sys=0.00, real=0.01 secs] 
777.115: [GC (Allocation Failure) [PSYoungGen: 52640K->1392K(53248K)] 320263K->269015K(744448K), 0.0018672 secs] [Times: user=0.00 sys=0.01, real=0.00 secs] 
777.423: [GC (Allocation Failure) [PSYoungGen: 52592K->1389K(53248K)] 320215K->269012K(744448K), 0.0014224 secs] [Times: user=0.00 sys=0.00, real=0.01 secs] 
778.034: [GC (Allocation Failure) [PSYoungGen: 52589K->1440K(53248K)] 320212K->269063K(744448K), 0.0019124 secs] [Times: user=0.00 sys=0.00, real=0.00 secs] 
778.246: [GC (Allocation Failure) [PSYoungGen: 52640K->1376K(53248K)] 320263K->268999K(744448K), 0.0019592 secs] [Times: user=0.01 sys=0.00, real=0.00 secs] 
778.575: [GC (Allocation Failure) [PSYoungGen: 52576K->1344K(53248K)] 320199K->268967K(744448K), 0.0019983 secs] [Times: user=0.01 sys=0.00, real=0.00 secs] 
778.937: [GC (Allocation Failure) [PSYoungGen: 52544K->1408K(53248K)] 320167K->269055K(744448K), 0.0030354 secs] [Times: user=0.01 sys=0.00, real=0.00 secs] 
779.383: [GC (Allocation Failure) [PSYoungGen: 52608K->1408K(53248K)] 320255K->269055K(744448K), 0.0029853 secs] [Times: user=0.01 sys=0.00, real=0.01 secs] 
780.184: [GC (Allocation Failure) [PSYoungGen: 52608K->1437K(53248K)] 320255K->269084K(744448K), 0.0013925 secs] [Times: user=0.01 sys=0.00, real=0.00 secs] 
780.595: [GC (Allocation Failure) [PSYoungGen: 52637K->1472K(53248K)] 320284K->269119K(744448K), 0.0018726 secs] [Times: user=0.00 sys=0.00, real=0.00 secs] 
780.808: [GC (Allocation Failure) [PSYoungGen: 52672K->1376K(53248K)] 320319K->269023K(744448K), 0.0018454 secs] [Times: user=0.01 sys=0.00, real=0.00 secs] 
781.064: [GC (Allocation Failure) [PSYoungGen: 52576K->1344K(53248K)] 320223K->268991K(744448K), 0.0019215 secs] [Times: user=0.01 sys=0.00, real=0.00 secs] 
781.277: [GC (Allocation Failure) [PSYoungGen: 52544K->1440K(53248K)] 320191K->269095K(744448K), 0.0019216 secs] [Times: user=0.01 sys=0.00, real=0.00 secs] 
781.575: [GC (Allocation Failure) [PSYoungGen: 52640K->1424K(53248K)] 320295K->269079K(744448K), 0.0019859 secs] [Times: user=0.01 sys=0.00, real=0.00 secs] 
782.513: [GC (Allocation Failure) [PSYoungGen: 52624K->1696K(53248K)] 320279K->269351K(744448K), 0.0019587 secs] [Times: user=0.00 sys=0.00, real=0.01 secs] 
782.995: [GC (Allocation Failure) [PSYoungGen: 52896K->1424K(53248K)] 320551K->269079K(744448K), 0.0020275 secs] [Times: user=0.00 sys=0.00, real=0.00 secs] 
783.298: [GC (Allocation Failure) [PSYoungGen: 52624K->1376K(53248K)] 320279K->269031K(744448K), 0.0018616 secs] [Times: user=0.01 sys=0.00, real=0.00 secs] 
783.598: [GC (Allocation Failure) [PSYoungGen: 52576K->1376K(53248K)] 320231K->269031K(744448K), 0.0019389 secs] [Times: user=0.01 sys=0.00, real=0.00 secs] 
783.986: [GC (Allocation Failure) [PSYoungGen: 52576K->1408K(53248K)] 320231K->269079K(744448K), 0.0029082 secs] [Times: user=0.01 sys=0.00, real=0.00 secs] 
784.377: [GC (Allocation Failure) [PSYoungGen: 52608K->1392K(53248K)] 320279K->269063K(744448K), 0.0068349 secs] [Times: user=0.03 sys=0.00, real=0.01 secs] 
785.198: [GC (Allocation Failure) [PSYoungGen: 52592K->1408K(53248K)] 320263K->269079K(744448K), 0.0017687 secs] [Times: user=0.00 sys=0.00, real=0.00 secs] 
785.705: [GC (Allocation Failure) [PSYoungGen: 52608K->1408K(53248K)] 320279K->269079K(744448K), 0.0017286 secs] [Times: user=0.00 sys=0.00, real=0.00 secs] 
786.388: [GC (Allocation Failure) [PSYoungGen: 52608K->1408K(53248K)] 320279K->269079K(744448K), 0.0025529 secs] [Times: user=0.01 sys=0.00, real=0.00 secs] 
786.914: [GC (Allocation Failure) [PSYoungGen: 52608K->1344K(53248K)] 320279K->269015K(744448K), 0.0021223 secs] [Times: user=0.01 sys=0.00, real=0.00 secs] 
787.504: [GC (Allocation Failure) [PSYoungGen: 52544K->1408K(52736K)] 320215K->269079K(743936K), 0.0020688 secs] [Times: user=0.01 sys=0.00, real=0.00 secs] 
788.142: [GC (Allocation Failure) [PSYoungGen: 52608K->1408K(52736K)] 320279K->269079K(743936K), 0.0041169 secs] [Times: user=0.02 sys=0.00, real=0.01 secs] 
789.020: [GC (Allocation Failure) [PSYoungGen: 52608K->1408K(52736K)] 320279K->269087K(743936K), 0.0023253 secs] [Times: user=0.01 sys=0.00, real=0.00 secs] 
789.234: [GC (Allocation Failure) [PSYoungGen: 52608K->1408K(52736K)] 320287K->269087K(743936K), 0.0020463 secs] [Times: user=0.01 sys=0.00, real=0.00 secs] 
789.448: [GC (Allocation Failure) [PSYoungGen: 52608K->1408K(52736K)] 320287K->269087K(743936K), 0.0020246 secs] [Times: user=0.01 sys=0.00, real=0.00 secs] 
789.676: [GC (Allocation Failure) [PSYoungGen: 52608K->1376K(52736K)] 320287K->269087K(743936K), 0.0019591 secs] [Times: user=0.01 sys=0.00, real=0.00 secs] 
789.997: [GC (Allocation Failure) [PSYoungGen: 52576K->1376K(52736K)] 320287K->269087K(743936K), 0.0019402 secs] [Times: user=0.01 sys=0.00, real=0.00 secs] 
790.371: [GC (Allocation Failure) [PSYoungGen: 52576K->1440K(52736K)] 320287K->269151K(743936K), 0.0019852 secs] [Times: user=0.01 sys=0.01, real=0.00 secs] 
791.180: [GC (Allocation Failure) [PSYoungGen: 52640K->1408K(52736K)] 320351K->269119K(743936K), 0.0018041 secs] [Times: user=0.01 sys=0.00, real=0.00 secs] 
791.415: [GC (Allocation Failure) [PSYoungGen: 52608K->1376K(52736K)] 320319K->269087K(743936K), 0.0020100 secs] [Times: user=0.01 sys=0.00, real=0.00 secs] 
791.628: [GC (Allocation Failure) [PSYoungGen: 52576K->1408K(52736K)] 320287K->269119K(743936K), 0.0018355 secs] [Times: user=0.00 sys=0.00, real=0.00 secs] 
791.905: [GC (Allocation Failure) [PSYoungGen: 52608K->1440K(52736K)] 320319K->269151K(743936K), 0.0025914 secs] [Times: user=0.02 sys=0.00, real=0.00 secs] 
792.137: [GC (Allocation Failure) [PSYoungGen: 52640K->1344K(52736K)] 320351K->269055K(743936K), 0.0021840 secs] [Times: user=0.01 sys=0.00, real=0.00 secs] 
792.601: [GC (Allocation Failure) [PSYoungGen: 52544K->1437K(52736K)] 320255K->269148K(743936K), 0.0014301 secs] [Times: user=0.00 sys=0.00, real=0.00 secs] 
793.266: [GC (Allocation Failure) [PSYoungGen: 52637K->1472K(52736K)] 320348K->269183K(743936K), 0.0021763 secs] [Times: user=0.00 sys=0.00, real=0.00 secs] 
793.771: [GC (Allocation Failure) [PSYoungGen: 52672K->1408K(52736K)] 320383K->269119K(743936K), 0.0022938 secs] [Times: user=0.01 sys=0.00, real=0.01 secs] 
794.253: [GC (Allocation Failure) [PSYoungGen: 52608K->1392K(52736K)] 320319K->269103K(743936K), 0.0022052 secs] [Times: user=0.00 sys=0.00, real=0.01 secs] 
794.633: [GC (Allocation Failure) [PSYoungGen: 52592K->1392K(52736K)] 320303K->269111K(743936K), 0.0020328 secs] [Times: user=0.01 sys=0.00, real=0.00 secs] 
794.846: [GC (Allocation Failure) [PSYoungGen: 52592K->1376K(52736K)] 320311K->269095K(743936K), 0.0019587 secs] [Times: user=0.01 sys=0.00, real=0.00 secs] 
795.581: [GC (Allocation Failure) [PSYoungGen: 52576K->1424K(52736K)] 320295K->269151K(743936K), 0.0015446 secs] [Times: user=0.00 sys=0.00, real=0.00 secs] 
796.719: [GC (Allocation Failure) [PSYoungGen: 52624K->1344K(52736K)] 320351K->269071K(743936K), 0.0024820 secs] [Times: user=0.01 sys=0.00, real=0.00 secs] 
797.561: [GC (Allocation Failure) [PSYoungGen: 52544K->1376K(52736K)] 320271K->269103K(743936K), 0.0042549 secs] [Times: user=0.02 sys=0.00, real=0.01 secs] 
798.124: [GC (Allocation Failure) [PSYoungGen: 52576K->1376K(52736K)] 320303K->269103K(743936K), 0.0038657 secs] [Times: user=0.01 sys=0.00, real=0.00 secs] 
798.617: [GC (Allocation Failure) [PSYoungGen: 52576K->1392K(52736K)] 320303K->269119K(743936K), 0.0030616 secs] [Times: user=0.01 sys=0.00, real=0.00 secs] 
799.127: [GC (Allocation Failure) [PSYoungGen: 52592K->1376K(52736K)] 320319K->269103K(743936K), 0.0030486 secs] [Times: user=0.01 sys=0.00, real=0.00 secs] 
800.443: [GC (Allocation Failure) [PSYoungGen: 52576K->1376K(52736K)] 320303K->269127K(743936K), 0.0031095 secs] [Times: user=0.01 sys=0.00, real=0.01 secs] 
801.188: [GC (Allocation Failure) [PSYoungGen: 52576K->1344K(52736K)] 320327K->269095K(743936K), 0.0028871 secs] [Times: user=0.02 sys=0.00, real=0.00 secs] 
801.629: [GC (Allocation Failure) [PSYoungGen: 52544K->1424K(52736K)] 320295K->269175K(743936K), 0.0027624 secs] [Times: user=0.01 sys=0.00, real=0.00 secs] 
802.161: [GC (Allocation Failure) [PSYoungGen: 52624K->1344K(52736K)] 320375K->269095K(743936K), 0.0026922 secs] [Times: user=0.01 sys=0.00, real=0.01 secs] 
802.887: [GC (Allocation Failure) [PSYoungGen: 52544K->1408K(52736K)] 320295K->269159K(743936K), 0.0029958 secs] [Times: user=0.01 sys=0.00, real=0.00 secs] 
803.359: [GC (Allocation Failure) [PSYoungGen: 52608K->1408K(52736K)] 320359K->269159K(743936K), 0.0030113 secs] [Times: user=0.01 sys=0.00, real=0.00 secs] 
804.390: [GC (Allocation Failure) [PSYoungGen: 52608K->1440K(52736K)] 320359K->269199K(743936K), 0.0025892 secs] [Times: user=0.01 sys=0.00, real=0.00 secs] 
805.098: [GC (Allocation Failure) [PSYoungGen: 52640K->1376K(52736K)] 320399K->269135K(743936K), 0.0043224 secs] [Times: user=0.01 sys=0.00, real=0.00 secs] 
805.567: [GC (Allocation Failure) [PSYoungGen: 52576K->1440K(52736K)] 320335K->269199K(743936K), 0.0025546 secs] [Times: user=0.01 sys=0.00, real=0.00 secs] 
806.016: [GC (Allocation Failure) [PSYoungGen: 52640K->1408K(52736K)] 320399K->269175K(743936K), 0.0030650 secs] [Times: user=0.01 sys=0.00, real=0.00 secs] 
806.439: [GC (Allocation Failure) [PSYoungGen: 52608K->1408K(52736K)] 320375K->269175K(743936K), 0.0021697 secs] [Times: user=0.01 sys=0.00, real=0.00 secs] 
806.862: [GC (Allocation Failure) [PSYoungGen: 52608K->1408K(52736K)] 320375K->269175K(743936K), 0.0022839 secs] [Times: user=0.01 sys=0.00, real=0.01 secs] 
807.738: [GC (Allocation Failure) [PSYoungGen: 52608K->1408K(52736K)] 320375K->269175K(743936K), 0.0020226 secs] [Times: user=0.00 sys=0.00, real=0.00 secs] 
808.072: [GC (Allocation Failure) [PSYoungGen: 52608K->1440K(52736K)] 320375K->269207K(743936K), 0.0030565 secs] [Times: user=0.02 sys=0.00, real=0.01 secs] 
808.341: [GC (Allocation Failure) [PSYoungGen: 52640K->1440K(52736K)] 320407K->269207K(743936K), 0.0019488 secs] [Times: user=0.01 sys=0.00, real=0.01 secs] 
808.610: [GC (Allocation Failure) [PSYoungGen: 52640K->1392K(52736K)] 320407K->269159K(743936K), 0.0027487 secs] [Times: user=0.01 sys=0.00, real=0.00 secs] 
808.843: [GC (Allocation Failure) [PSYoungGen: 52592K->1376K(52736K)] 320359K->269143K(743936K), 0.0020669 secs] [Times: user=0.00 sys=0.00, real=0.01 secs] 
809.228: [GC (Allocation Failure) [PSYoungGen: 52576K->1405K(52736K)] 320343K->269196K(743936K), 0.0013913 secs] [Times: user=0.01 sys=0.00, real=0.00 secs] 
810.796: [GC (Allocation Failure) [PSYoungGen: 52605K->1408K(52736K)] 320396K->269207K(743936K), 0.0024100 secs] [Times: user=0.01 sys=0.00, real=0.00 secs] 
811.721: [GC (Allocation Failure) [PSYoungGen: 52608K->1440K(52736K)] 320407K->269239K(743936K), 0.0021241 secs] [Times: user=0.00 sys=0.00, real=0.00 secs] 
812.223: [GC (Allocation Failure) [PSYoungGen: 52640K->1376K(52736K)] 320439K->269175K(743936K), 0.0022279 secs] [Times: user=0.01 sys=0.00, real=0.01 secs] 
812.710: [GC (Allocation Failure) [PSYoungGen: 52576K->1344K(52736K)] 320375K->269151K(743936K), 0.0030492 secs] [Times: user=0.02 sys=0.00, real=0.01 secs] 
812.941: [GC (Allocation Failure) [PSYoungGen: 52544K->1344K(52736K)] 320351K->269151K(743936K), 0.0019319 secs] [Times: user=0.01 sys=0.00, real=0.00 secs] 
813.592: [GC (Allocation Failure) [PSYoungGen: 52544K->1376K(52736K)] 320351K->269183K(743936K), 0.0014361 secs] [Times: user=0.01 sys=0.00, real=0.01 secs] 
813.940: [GC (Allocation Failure) [PSYoungGen: 52576K->1472K(52736K)] 320383K->269279K(743936K), 0.0020868 secs] [Times: user=0.01 sys=0.01, real=0.00 secs] 
814.207: [GC (Allocation Failure) [PSYoungGen: 52672K->1408K(52736K)] 320479K->269215K(743936K), 0.0020145 secs] [Times: user=0.01 sys=0.00, real=0.00 secs] 
814.711: [GC (Allocation Failure) [PSYoungGen: 52608K->1376K(52736K)] 320415K->269183K(743936K), 0.0023229 secs] [Times: user=0.00 sys=0.00, real=0.00 secs] 
815.109: [GC (Allocation Failure) [PSYoungGen: 52576K->1376K(52736K)] 320383K->269183K(743936K), 0.0022871 secs] [Times: user=0.01 sys=0.00, real=0.00 secs] 
815.541: [GC (Allocation Failure) [PSYoungGen: 52576K->1344K(52736K)] 320383K->269151K(743936K), 0.0029901 secs] [Times: user=0.01 sys=0.00, real=0.01 secs] 
816.529: [GC (Allocation Failure) [PSYoungGen: 52544K->1440K(52736K)] 320351K->270271K(743936K), 0.0019321 secs] [Times: user=0.00 sys=0.00, real=0.00 secs] 
817.111: [GC (Allocation Failure) [PSYoungGen: 52640K->1376K(52736K)] 321471K->270207K(743936K), 0.0021382 secs] [Times: user=0.01 sys=0.00, real=0.00 secs] 
817.812: [GC (Allocation Failure) [PSYoungGen: 52576K->1424K(52736K)] 321407K->270255K(743936K), 0.0025493 secs] [Times: user=0.01 sys=0.00, real=0.01 secs] 
818.718: [GC (Allocation Failure) [PSYoungGen: 52624K->1376K(52736K)] 321455K->270207K(743936K), 0.0041676 secs] [Times: user=0.01 sys=0.00, real=0.00 secs] 
819.665: [GC (Allocation Failure) [PSYoungGen: 52576K->1408K(52736K)] 321407K->270247K(743936K), 0.0026418 secs] [Times: user=0.01 sys=0.00, real=0.00 secs] 
820.501: [GC (Allocation Failure) [PSYoungGen: 52608K->1376K(52736K)] 321447K->270239K(743936K), 0.0021591 secs] [Times: user=0.00 sys=0.00, real=0.01 secs] 
821.407: [GC (Allocation Failure) [PSYoungGen: 52576K->1376K(52736K)] 321439K->270247K(743936K), 0.0016990 secs] [Times: user=0.00 sys=0.00, real=0.00 secs] 
821.896: [GC (Allocation Failure) [PSYoungGen: 52576K->1424K(52736K)] 321447K->270295K(743936K), 0.0020920 secs] [Times: user=0.01 sys=0.00, real=0.00 secs] 
822.566: [GC (Allocation Failure) [PSYoungGen: 52624K->1376K(52736K)] 321495K->270247K(743936K), 0.0022870 secs] [Times: user=0.01 sys=0.00, real=0.00 secs] 
823.158: [GC (Allocation Failure) [PSYoungGen: 52576K->1344K(52736K)] 321447K->270215K(743936K), 0.0022559 secs] [Times: user=0.01 sys=0.00, real=0.00 secs] 
823.765: [GC (Allocation Failure) [PSYoungGen: 52544K->1376K(52736K)] 321415K->270247K(743936K), 0.0030525 secs] [Times: user=0.01 sys=0.00, real=0.00 secs] 
824.392: [GC (Allocation Failure) [PSYoungGen: 52576K->1344K(52736K)] 321447K->270215K(743936K), 0.0019544 secs] [Times: user=0.01 sys=0.00, real=0.01 secs] 
825.169: [GC (Allocation Failure) [PSYoungGen: 52544K->1408K(52736K)] 321415K->270287K(743936K), 0.0019319 secs] [Times: user=0.01 sys=0.00, real=0.00 secs] 
825.385: [GC (Allocation Failure) [PSYoungGen: 52608K->1440K(52736K)] 321487K->270319K(743936K), 0.0019770 secs] [Times: user=0.01 sys=0.00, real=0.00 secs] 
825.690: [GC (Allocation Failure) [PSYoungGen: 52640K->1376K(52736K)] 321519K->270255K(743936K), 0.0019775 secs] [Times: user=0.01 sys=0.00, real=0.00 secs] 
826.224: [GC (Allocation Failure) [PSYoungGen: 52576K->1376K(52736K)] 321455K->270255K(743936K), 0.0021159 secs] [Times: user=0.01 sys=0.00, real=0.00 secs] 
826.759: [GC (Allocation Failure) [PSYoungGen: 52576K->1376K(52736K)] 321455K->270255K(743936K), 0.0029220 secs] [Times: user=0.01 sys=0.00, real=0.00 secs] 
827.361: [GC (Allocation Failure) [PSYoungGen: 52573K->256K(52224K)] 321453K->269143K(743424K), 0.0035640 secs] [Times: user=0.01 sys=0.00, real=0.01 secs] 
828.315: [GC (Allocation Failure) [PSYoungGen: 50944K->1472K(52736K)] 319831K->270367K(743936K), 0.0018368 secs] [Times: user=0.00 sys=0.00, real=0.00 secs] 
828.525: [GC (Allocation Failure) [PSYoungGen: 52160K->1376K(52736K)] 321055K->270271K(743936K), 0.0017973 secs] [Times: user=0.00 sys=0.00, real=0.00 secs] 
828.736: [GC (Allocation Failure) [PSYoungGen: 52064K->1408K(52736K)] 320959K->270303K(743936K), 0.0020211 secs] [Times: user=0.01 sys=0.00, real=0.00 secs] 
828.978: [GC (Allocation Failure) [PSYoungGen: 52096K->1424K(52736K)] 320991K->270335K(743936K), 0.0024126 secs] [Times: user=0.01 sys=0.00, real=0.00 secs] 
829.346: [GC (Allocation Failure) [PSYoungGen: 52112K->1440K(52736K)] 321023K->270375K(743936K), 0.0028876 secs] [Times: user=0.01 sys=0.00, real=0.00 secs] 
829.902: [GC (Allocation Failure) [PSYoungGen: 52128K->1373K(52736K)] 321063K->270308K(743936K), 0.0014031 secs] [Times: user=0.00 sys=0.00, real=0.01 secs] 
830.709: [GC (Allocation Failure) [PSYoungGen: 52061K->1440K(52736K)] 320996K->270375K(743936K), 0.0019031 secs] [Times: user=0.01 sys=0.00, real=0.00 secs] 
831.398: [GC (Allocation Failure) [PSYoungGen: 52128K->1376K(52736K)] 321063K->270311K(743936K), 0.0041188 secs] [Times: user=0.01 sys=0.00, real=0.00 secs] 
832.005: [GC (Allocation Failure) [PSYoungGen: 52064K->1376K(52736K)] 320999K->270311K(743936K), 0.0030451 secs] [Times: user=0.01 sys=0.00, real=0.00 secs] 
832.479: [GC (Allocation Failure) [PSYoungGen: 52064K->1440K(52736K)] 320999K->270383K(743936K), 0.0030428 secs] [Times: user=0.01 sys=0.00, real=0.00 secs] 
832.912: [GC (Allocation Failure) [PSYoungGen: 52128K->1424K(52736K)] 321071K->270367K(743936K), 0.0023490 secs] [Times: user=0.01 sys=0.00, real=0.01 secs] 
833.710: [GC (Allocation Failure) [PSYoungGen: 52112K->1373K(52736K)] 321055K->270316K(743936K), 0.0013912 secs] [Times: user=0.00 sys=0.00, real=0.00 secs] 
834.842: [GC (Allocation Failure) [PSYoungGen: 52061K->1440K(52736K)] 321004K->270383K(743936K), 0.0040870 secs] [Times: user=0.01 sys=0.00, real=0.01 secs] 
835.311: [GC (Allocation Failure) [PSYoungGen: 52128K->1376K(52736K)] 321071K->270319K(743936K), 0.0039258 secs] [Times: user=0.02 sys=0.00, real=0.01 secs] 
835.706: [GC (Allocation Failure) [PSYoungGen: 52064K->1408K(52736K)] 321007K->270375K(743936K), 0.0026908 secs] [Times: user=0.01 sys=0.00, real=0.00 secs] 
836.021: [GC (Allocation Failure) [PSYoungGen: 52096K->1408K(52736K)] 321063K->270391K(743936K), 0.0020365 secs] [Times: user=0.01 sys=0.00, real=0.01 secs] 
836.267: [GC (Allocation Failure) [PSYoungGen: 52096K->1408K(52736K)] 321079K->270391K(743936K), 0.0021174 secs] [Times: user=0.01 sys=0.00, real=0.00 secs] 
836.909: [GC (Allocation Failure) [PSYoungGen: 51124K->256K(52736K)] 320107K->269239K(743936K), 0.0014931 secs] [Times: user=0.00 sys=0.00, real=0.00 secs] 
837.329: [GC (Allocation Failure) [PSYoungGen: 50944K->1456K(52736K)] 319927K->270439K(743936K), 0.0018314 secs] [Times: user=0.01 sys=0.00, real=0.00 secs] 
837.762: [GC (Allocation Failure) [PSYoungGen: 52144K->1376K(52736K)] 321127K->270359K(743936K), 0.0020224 secs] [Times: user=0.01 sys=0.00, real=0.01 secs] 
838.226: [GC (Allocation Failure) [PSYoungGen: 52064K->1408K(52736K)] 321047K->270391K(743936K), 0.0027433 secs] [Times: user=0.02 sys=0.01, real=0.00 secs] 
838.652: [GC (Allocation Failure) [PSYoungGen: 52096K->1376K(52736K)] 321079K->270359K(743936K), 0.0032046 secs] [Times: user=0.01 sys=0.00, real=0.01 secs] 
839.046: [GC (Allocation Failure) [PSYoungGen: 52064K->1408K(52736K)] 321047K->270391K(743936K), 0.0031433 secs] [Times: user=0.01 sys=0.00, real=0.00 secs] 
839.868: [GC (Allocation Failure) [PSYoungGen: 52096K->1984K(52736K)] 321079K->270999K(743936K), 0.0017365 secs] [Times: user=0.01 sys=0.00, real=0.00 secs] 
840.215: [GC (Allocation Failure) [PSYoungGen: 52672K->1408K(52736K)] 321687K->270423K(743936K), 0.0018636 secs] [Times: user=0.01 sys=0.00, real=0.00 secs] 
840.716: [GC (Allocation Failure) [PSYoungGen: 52096K->1440K(52736K)] 321111K->270455K(743936K), 0.0023677 secs] [Times: user=0.01 sys=0.00, real=0.00 secs] 
841.107: [GC (Allocation Failure) [PSYoungGen: 52128K->1440K(52736K)] 321143K->270455K(743936K), 0.0021072 secs] [Times: user=0.01 sys=0.00, real=0.00 secs] 
841.547: [GC (Allocation Failure) [PSYoungGen: 52128K->1376K(52736K)] 321143K->270423K(743936K), 0.0023106 secs] [Times: user=0.01 sys=0.00, real=0.00 secs] 
841.996: [GC (Allocation Failure) [PSYoungGen: 52064K->1344K(52736K)] 321111K->270391K(743936K), 0.0022805 secs] [Times: user=0.01 sys=0.00, real=0.00 secs] 
842.878: [GC (Allocation Failure) [PSYoungGen: 52032K->1408K(52736K)] 321079K->270455K(743936K), 0.0018351 secs] [Times: user=0.01 sys=0.00, real=0.00 secs] 
843.088: [GC (Allocation Failure) [PSYoungGen: 52096K->1408K(52736K)] 321143K->270455K(743936K), 0.0018372 secs] [Times: user=0.00 sys=0.01, real=0.00 secs] 
843.386: [GC (Allocation Failure) [PSYoungGen: 52096K->1392K(52736K)] 321143K->270439K(743936K), 0.0020653 secs] [Times: user=0.01 sys=0.00, real=0.00 secs] 
843.800: [GC (Allocation Failure) [PSYoungGen: 52080K->1440K(52736K)] 321127K->270487K(743936K), 0.0021168 secs] [Times: user=0.01 sys=0.00, real=0.00 secs] 
844.197: [GC (Allocation Failure) [PSYoungGen: 52128K->1344K(52736K)] 321175K->270391K(743936K), 0.0022063 secs] [Times: user=0.01 sys=0.00, real=0.00 secs] 
844.633: [GC (Allocation Failure) [PSYoungGen: 52032K->1376K(52736K)] 321079K->270423K(743936K), 0.0022162 secs] [Times: user=0.01 sys=0.00, real=0.01 secs] 
845.388: [GC (Allocation Failure) [PSYoungGen: 52064K->1408K(52736K)] 321111K->270455K(743936K), 0.0019312 secs] [Times: user=0.01 sys=0.00, real=0.00 secs] 
845.857: [GC (Allocation Failure) [PSYoungGen: 52096K->1376K(52736K)] 321143K->270423K(743936K), 0.0020310 secs] [Times: user=0.01 sys=0.00, real=0.00 secs] 
846.593: [GC (Allocation Failure) [PSYoungGen: 52064K->1360K(52736K)] 321111K->270407K(743936K), 0.0043942 secs] [Times: user=0.02 sys=0.00, real=0.01 secs] 
847.305: [GC (Allocation Failure) [PSYoungGen: 52048K->1408K(52736K)] 321095K->270455K(743936K), 0.0041439 secs] [Times: user=0.02 sys=0.00, real=0.00 secs] 
848.091: [GC (Allocation Failure) [PSYoungGen: 52096K->1424K(52736K)] 321143K->270471K(743936K), 0.0039814 secs] [Times: user=0.01 sys=0.00, real=0.01 secs] 
848.849: [GC (Allocation Failure) [PSYoungGen: 52112K->1408K(52736K)] 321159K->270455K(743936K), 0.0043538 secs] [Times: user=0.02 sys=0.00, real=0.01 secs] 
850.003: [GC (Allocation Failure) [PSYoungGen: 52096K->1408K(52224K)] 321143K->270455K(743424K), 0.0020803 secs] [Times: user=0.01 sys=0.00, real=0.01 secs] 
850.784: [GC (Allocation Failure) [PSYoungGen: 52096K->1344K(52224K)] 321143K->270391K(743424K), 0.0024019 secs] [Times: user=0.01 sys=0.00, real=0.00 secs] 
851.412: [GC (Allocation Failure) [PSYoungGen: 52032K->416K(51712K)] 321079K->270511K(742912K), 0.0023474 secs] [Times: user=0.01 sys=0.00, real=0.01 secs] 
852.082: [GC (Allocation Failure) [PSYoungGen: 51104K->384K(52736K)] 321199K->270487K(743936K), 0.0041226 secs] [Times: user=0.02 sys=0.00, real=0.01 secs] 
852.798: [GC (Allocation Failure) [PSYoungGen: 51072K->288K(52736K)] 321175K->270391K(743936K), 0.0036917 secs] [Times: user=0.01 sys=0.00, real=0.00 secs] 
853.563: [GC (Allocation Failure) [PSYoungGen: 50976K->352K(52736K)] 321079K->270455K(743936K), 0.0031186 secs] [Times: user=0.01 sys=0.00, real=0.00 secs] 
854.341: [GC (Allocation Failure) [PSYoungGen: 51040K->1408K(52736K)] 321143K->271511K(743936K), 0.0017171 secs] [Times: user=0.01 sys=0.00, real=0.00 secs] 
854.551: [GC (Allocation Failure) [PSYoungGen: 52096K->1424K(52736K)] 322199K->271527K(743936K), 0.0017245 secs] [Times: user=0.01 sys=0.00, real=0.00 secs] 
854.761: [GC (Allocation Failure) [PSYoungGen: 52112K->1376K(52736K)] 322215K->271479K(743936K), 0.0018169 secs] [Times: user=0.00 sys=0.00, real=0.01 secs] 
854.972: [GC (Allocation Failure) [PSYoungGen: 52064K->1408K(52736K)] 322167K->271511K(743936K), 0.0017805 secs] [Times: user=0.01 sys=0.00, real=0.01 secs] 
855.195: [GC (Allocation Failure) [PSYoungGen: 52096K->1344K(52736K)] 322199K->271447K(743936K), 0.0018208 secs] [Times: user=0.01 sys=0.00, real=0.00 secs] 
855.545: [GC (Allocation Failure) [PSYoungGen: 52032K->1373K(52736K)] 322135K->271476K(743936K), 0.0015289 secs] [Times: user=0.00 sys=0.00, real=0.00 secs] 
856.126: [GC (Allocation Failure) [PSYoungGen: 52061K->1408K(52736K)] 322164K->271519K(743936K), 0.0020257 secs] [Times: user=0.00 sys=0.00, real=0.00 secs] 
856.337: [GC (Allocation Failure) [PSYoungGen: 52096K->1408K(52736K)] 322207K->271527K(743936K), 0.0017630 secs] [Times: user=0.01 sys=0.00, real=0.00 secs] 
856.547: [GC (Allocation Failure) [PSYoungGen: 52096K->1376K(52736K)] 322215K->271503K(743936K), 0.0018209 secs] [Times: user=0.00 sys=0.00, real=0.00 secs] 
856.758: [GC (Allocation Failure) [PSYoungGen: 52064K->1376K(52736K)] 322191K->271503K(743936K), 0.0017666 secs] [Times: user=0.01 sys=0.00, real=0.00 secs] 
856.968: [GC (Allocation Failure) [PSYoungGen: 52064K->1376K(52736K)] 322191K->271503K(743936K), 0.0020179 secs] [Times: user=0.01 sys=0.00, real=0.00 secs] 
857.448: [GC (Allocation Failure) [PSYoungGen: 52064K->1373K(52736K)] 322191K->271500K(743936K), 0.0015443 secs] [Times: user=0.01 sys=0.00, real=0.00 secs] 
857.986: [GC (Allocation Failure) [PSYoungGen: 52061K->1456K(52736K)] 322188K->271615K(743936K), 0.0017488 secs] [Times: user=0.01 sys=0.00, real=0.00 secs] 
858.392: [GC (Allocation Failure) [PSYoungGen: 52144K->1408K(52736K)] 322303K->271567K(743936K), 0.0016836 secs] [Times: user=0.01 sys=0.01, real=0.01 secs] 
858.811: [GC (Allocation Failure) [PSYoungGen: 52096K->1392K(52736K)] 322255K->271551K(743936K), 0.0018697 secs] [Times: user=0.01 sys=0.00, real=0.01 secs] 
859.247: [GC (Allocation Failure) [PSYoungGen: 52080K->1408K(52736K)] 322239K->271567K(743936K), 0.0019950 secs] [Times: user=0.01 sys=0.00, real=0.00 secs] 
859.702: [GC (Allocation Failure) [PSYoungGen: 52096K->1344K(52736K)] 322255K->271503K(743936K), 0.0020230 secs] [Times: user=0.01 sys=0.00, real=0.01 secs] 
860.556: [GC (Allocation Failure) [PSYoungGen: 52032K->1373K(52736K)] 322191K->271532K(743936K), 0.0014047 secs] [Times: user=0.00 sys=0.00, real=0.00 secs] 
860.911: [GC (Allocation Failure) [PSYoungGen: 52061K->1440K(52736K)] 322220K->271599K(743936K), 0.0019912 secs] [Times: user=0.00 sys=0.00, real=0.00 secs] 
861.321: [GC (Allocation Failure) [PSYoungGen: 52128K->1408K(52736K)] 322287K->271567K(743936K), 0.0020304 secs] [Times: user=0.01 sys=0.00, real=0.00 secs] 
861.780: [GC (Allocation Failure) [PSYoungGen: 52096K->1376K(52736K)] 322255K->271535K(743936K), 0.0019600 secs] [Times: user=0.00 sys=0.00, real=0.00 secs] 
862.354: [GC (Allocation Failure) [PSYoungGen: 52064K->1376K(52736K)] 322223K->271559K(743936K), 0.0022872 secs] [Times: user=0.01 sys=0.00, real=0.00 secs] 
863.058: [GC (Allocation Failure) [PSYoungGen: 52064K->1376K(52736K)] 322247K->271559K(743936K), 0.0025126 secs] [Times: user=0.01 sys=0.00, real=0.00 secs] 
864.218: [GC (Allocation Failure) [PSYoungGen: 52064K->1968K(52736K)] 322247K->272151K(743936K), 0.0018603 secs] [Times: user=0.01 sys=0.00, real=0.00 secs] 
865.241: [GC (Allocation Failure) [PSYoungGen: 52656K->1408K(52736K)] 322839K->271591K(743936K), 0.0037958 secs] [Times: user=0.02 sys=0.00, real=0.01 secs] 
865.932: [GC (Allocation Failure) [PSYoungGen: 52096K->1376K(52736K)] 322279K->271559K(743936K), 0.0038593 secs] [Times: user=0.02 sys=0.00, real=0.01 secs] 
866.376: [GC (Allocation Failure) [PSYoungGen: 52064K->1376K(52736K)] 322247K->271559K(743936K), 0.0022263 secs] [Times: user=0.01 sys=0.00, real=0.00 secs] 
867.059: [GC (Allocation Failure) [PSYoungGen: 52064K->1408K(52736K)] 322247K->271599K(743936K), 0.0031644 secs] [Times: user=0.01 sys=0.00, real=0.00 secs] 
867.706: [GC (Allocation Failure) [PSYoungGen: 52096K->1408K(52736K)] 322287K->271599K(743936K), 0.0044216 secs] [Times: user=0.02 sys=0.00, real=0.00 secs] 
868.682: [GC (Allocation Failure) [PSYoungGen: 52096K->1408K(52736K)] 322287K->271599K(743936K), 0.0017879 secs] [Times: user=0.01 sys=0.00, real=0.01 secs] 
868.914: [GC (Allocation Failure) [PSYoungGen: 52096K->1376K(52736K)] 322287K->271567K(743936K), 0.0019299 secs] [Times: user=0.01 sys=0.00, real=0.00 secs] 
869.125: [GC (Allocation Failure) [PSYoungGen: 52064K->1408K(52736K)] 322255K->271599K(743936K), 0.0018639 secs] [Times: user=0.01 sys=0.00, real=0.00 secs] 
869.336: [GC (Allocation Failure) [PSYoungGen: 52096K->1376K(52736K)] 322287K->271567K(743936K), 0.0017873 secs] [Times: user=0.01 sys=0.00, real=0.00 secs] 
869.546: [GC (Allocation Failure) [PSYoungGen: 52064K->1376K(52736K)] 322255K->271567K(743936K), 0.0018908 secs] [Times: user=0.01 sys=0.00, real=0.00 secs] 
869.757: [GC (Allocation Failure) [PSYoungGen: 52064K->1376K(52736K)] 322255K->271567K(743936K), 0.0017394 secs] [Times: user=0.01 sys=0.00, real=0.00 secs] 
870.605: [GC (Allocation Failure) [PSYoungGen: 52064K->1408K(52736K)] 322255K->271623K(743936K), 0.0019886 secs] [Times: user=0.01 sys=0.00, real=0.00 secs] 
871.131: [GC (Allocation Failure) [PSYoungGen: 52096K->1376K(52736K)] 322311K->271591K(743936K), 0.0020297 secs] [Times: user=0.00 sys=0.00, real=0.01 secs] 
871.659: [GC (Allocation Failure) [PSYoungGen: 52064K->1376K(52224K)] 322279K->271591K(743424K), 0.0020954 secs] [Times: user=0.01 sys=0.00, real=0.00 secs] 
872.082: [GC (Allocation Failure) [PSYoungGen: 52064K->1376K(52224K)] 322279K->271591K(743424K), 0.0018649 secs] [Times: user=0.01 sys=0.00, real=0.01 secs] 
872.299: [GC (Allocation Failure) [PSYoungGen: 52064K->1376K(52224K)] 322279K->271591K(743424K), 0.0020077 secs] [Times: user=0.01 sys=0.00, real=0.00 secs] 
872.513: [GC (Allocation Failure) [PSYoungGen: 52064K->1408K(52224K)] 322279K->271623K(743424K), 0.0020981 secs] [Times: user=0.00 sys=0.00, real=0.01 secs] 
873.191: [GC (Allocation Failure) [PSYoungGen: 52096K->1408K(52224K)] 322311K->271623K(743424K), 0.0018833 secs] [Times: user=0.00 sys=0.00, real=0.00 secs] 
873.401: [GC (Allocation Failure) [PSYoungGen: 52096K->1376K(52224K)] 322311K->271591K(743424K), 0.0017187 secs] [Times: user=0.01 sys=0.00, real=0.00 secs] 
873.616: [GC (Allocation Failure) [PSYoungGen: 52064K->1392K(52224K)] 322279K->271607K(743424K), 0.0017970 secs] [Times: user=0.01 sys=0.00, real=0.00 secs] 
873.833: [GC (Allocation Failure) [PSYoungGen: 52080K->1376K(52224K)] 322295K->271599K(743424K), 0.0017997 secs] [Times: user=0.01 sys=0.00, real=0.00 secs] 
874.044: [GC (Allocation Failure) [PSYoungGen: 52064K->1344K(52224K)] 322287K->271567K(743424K), 0.0017823 secs] [Times: user=0.00 sys=0.00, real=0.00 secs] 
874.294: [GC (Allocation Failure) [PSYoungGen: 52032K->1376K(52224K)] 322255K->271599K(743424K), 0.0019120 secs] [Times: user=0.01 sys=0.00, real=0.00 secs] 
875.061: [GC (Allocation Failure) [PSYoungGen: 52064K->1440K(52224K)] 322287K->271663K(743424K), 0.0017325 secs] [Times: user=0.01 sys=0.00, real=0.00 secs] 
875.471: [GC (Allocation Failure) [PSYoungGen: 52128K->1392K(52224K)] 322351K->271615K(743424K), 0.0018486 secs] [Times: user=0.01 sys=0.00, real=0.00 secs] 
875.889: [GC (Allocation Failure) [PSYoungGen: 52080K->1376K(52224K)] 322303K->271599K(743424K), 0.0016566 secs] [Times: user=0.00 sys=0.00, real=0.00 secs] 
876.287: [GC (Allocation Failure) [PSYoungGen: 52064K->1376K(52224K)] 322287K->271599K(743424K), 0.0018884 secs] [Times: user=0.01 sys=0.00, real=0.00 secs] 
876.500: [GC (Allocation Failure) [PSYoungGen: 52064K->1344K(52224K)] 322287K->271567K(743424K), 0.0018837 secs] [Times: user=0.01 sys=0.00, real=0.00 secs] 
876.799: [GC (Allocation Failure) [PSYoungGen: 52032K->1341K(52224K)] 322255K->271588K(743424K), 0.0014598 secs] [Times: user=0.00 sys=0.00, real=0.00 secs] 
877.383: [GC (Allocation Failure) [PSYoungGen: 52029K->1408K(52224K)] 322276K->271663K(743424K), 0.0017350 secs] [Times: user=0.01 sys=0.00, real=0.01 secs] 
877.628: [GC (Allocation Failure) [PSYoungGen: 52096K->1376K(52224K)] 322351K->271639K(743424K), 0.0018756 secs] [Times: user=0.01 sys=0.00, real=0.00 secs] 
877.845: [GC (Allocation Failure) [PSYoungGen: 52064K->1376K(52224K)] 322327K->271639K(743424K), 0.0016795 secs] [Times: user=0.00 sys=0.00, real=0.00 secs] 
878.055: [GC (Allocation Failure) [PSYoungGen: 52064K->1408K(52224K)] 322327K->271671K(743424K), 0.0017578 secs] [Times: user=0.01 sys=0.00, real=0.00 secs] 
878.266: [GC (Allocation Failure) [PSYoungGen: 52096K->1376K(52224K)] 322359K->271639K(743424K), 0.0021932 secs] [Times: user=0.00 sys=0.00, real=0.00 secs] 
878.804: [GC (Allocation Failure) [PSYoungGen: 52064K->1376K(52224K)] 322327K->271639K(743424K), 0.0014696 secs] [Times: user=0.01 sys=0.00, real=0.00 secs] 
879.253: [GC (Allocation Failure) [PSYoungGen: 52064K->1440K(52224K)] 322327K->271703K(743424K), 0.0018236 secs] [Times: user=0.00 sys=0.00, real=0.01 secs] 
879.464: [GC (Allocation Failure) [PSYoungGen: 52128K->1440K(52224K)] 322391K->271703K(743424K), 0.0017790 secs] [Times: user=0.01 sys=0.00, real=0.00 secs] 
879.826: [GC (Allocation Failure) [PSYoungGen: 52128K->1440K(52224K)] 322391K->271703K(743424K), 0.0018183 secs] [Times: user=0.01 sys=0.00, real=0.00 secs] 
880.215: [GC (Allocation Failure) [PSYoungGen: 52128K->1360K(52224K)] 322391K->271623K(743424K), 0.0018948 secs] [Times: user=0.01 sys=0.00, real=0.00 secs] 
880.625: [GC (Allocation Failure) [PSYoungGen: 52048K->1408K(52224K)] 322311K->271671K(743424K), 0.0021193 secs] [Times: user=0.01 sys=0.00, real=0.00 secs] 
881.612: [GC (Allocation Failure) [PSYoungGen: 52096K->1437K(52224K)] 322359K->271700K(743424K), 0.0014638 secs] [Times: user=0.01 sys=0.00, real=0.01 secs] 
882.331: [GC (Allocation Failure) [PSYoungGen: 52125K->1472K(52224K)] 322388K->271735K(743424K), 0.0020276 secs] [Times: user=0.01 sys=0.00, real=0.00 secs] 
883.270: [GC (Allocation Failure) [PSYoungGen: 52160K->1376K(52224K)] 322423K->271639K(743424K), 0.0037190 secs] [Times: user=0.02 sys=0.00, real=0.01 secs] 
883.881: [GC (Allocation Failure) [PSYoungGen: 52064K->1376K(52224K)] 322327K->271639K(743424K), 0.0031813 secs] [Times: user=0.02 sys=0.00, real=0.01 secs] 
884.704: [GC (Allocation Failure) [PSYoungGen: 52064K->1376K(52224K)] 322327K->271655K(743424K), 0.0042552 secs] [Times: user=0.02 sys=0.00, real=0.00 secs] 
885.622: [GC (Allocation Failure) [PSYoungGen: 52064K->1408K(52224K)] 322343K->271687K(743424K), 0.0043208 secs] [Times: user=0.02 sys=0.00, real=0.01 secs] 
887.345: [GC (Allocation Failure) [PSYoungGen: 52096K->1504K(51712K)] 322375K->271909K(742912K), 0.0017407 secs] [Times: user=0.00 sys=0.00, real=0.00 secs] 
887.872: [GC (Allocation Failure) [PSYoungGen: 51680K->1296K(52224K)] 322085K->271701K(743424K), 0.0029352 secs] [Times: user=0.01 sys=0.00, real=0.01 secs] 
888.474: [GC (Allocation Failure) [PSYoungGen: 51472K->1280K(52224K)] 321877K->271685K(743424K), 0.0041817 secs] [Times: user=0.02 sys=0.00, real=0.00 secs] 
889.055: [GC (Allocation Failure) [PSYoungGen: 51456K->1296K(52224K)] 321861K->271701K(743424K), 0.0038055 secs] [Times: user=0.01 sys=0.00, real=0.00 secs] 
889.623: [GC (Allocation Failure) [PSYoungGen: 51472K->1280K(52224K)] 321877K->271685K(743424K), 0.0038906 secs] [Times: user=0.01 sys=0.00, real=0.01 secs] 
890.142: [GC (Allocation Failure) [PSYoungGen: 51456K->1248K(52224K)] 321861K->271653K(743424K), 0.0052980 secs] [Times: user=0.02 sys=0.00, real=0.01 secs] 
891.020: [GC (Allocation Failure) [PSYoungGen: 51424K->1984K(52224K)] 321829K->272901K(743424K), 0.0015951 secs] [Times: user=0.01 sys=0.00, real=0.00 secs] 
891.247: [GC (Allocation Failure) [PSYoungGen: 52160K->1408K(52224K)] 323077K->272325K(743424K), 0.0016464 secs] [Times: user=0.01 sys=0.00, real=0.00 secs] 
891.510: [GC (Allocation Failure) [PSYoungGen: 51584K->1392K(52224K)] 322501K->272309K(743424K), 0.0018894 secs] [Times: user=0.01 sys=0.00, real=0.00 secs] 
891.896: [GC (Allocation Failure) [PSYoungGen: 51568K->1440K(52224K)] 322485K->272357K(743424K), 0.0020547 secs] [Times: user=0.00 sys=0.00, real=0.00 secs] 
892.301: [GC (Allocation Failure) [PSYoungGen: 51616K->1376K(52224K)] 322533K->272301K(743424K), 0.0019711 secs] [Times: user=0.00 sys=0.00, real=0.00 secs] 
892.683: [GC (Allocation Failure) [PSYoungGen: 51552K->1408K(52224K)] 322477K->272333K(743424K), 0.0021273 secs] [Times: user=0.01 sys=0.00, real=0.01 secs] 
893.542: [GC (Allocation Failure) [PSYoungGen: 51584K->1440K(52224K)] 322509K->272365K(743424K), 0.0017885 secs] [Times: user=0.01 sys=0.00, real=0.01 secs] 
893.762: [GC (Allocation Failure) [PSYoungGen: 51616K->1456K(52224K)] 322541K->272381K(743424K), 0.0025939 secs] [Times: user=0.01 sys=0.00, real=0.01 secs] 
893.966: [GC (Allocation Failure) [PSYoungGen: 51632K->1376K(52224K)] 322557K->272301K(743424K), 0.0020706 secs] [Times: user=0.01 sys=0.00, real=0.00 secs] 
894.182: [GC (Allocation Failure) [PSYoungGen: 51552K->1344K(52224K)] 322477K->272285K(743424K), 0.0020131 secs] [Times: user=0.01 sys=0.00, real=0.01 secs] 
894.634: [GC (Allocation Failure) [PSYoungGen: 51520K->1408K(52224K)] 322461K->272349K(743424K), 0.0020711 secs] [Times: user=0.01 sys=0.00, real=0.00 secs] 
895.117: [GC (Allocation Failure) [PSYoungGen: 51584K->1344K(52224K)] 322525K->272285K(743424K), 0.0021865 secs] [Times: user=0.01 sys=0.00, real=0.00 secs] 
896.060: [GC (Allocation Failure) [PSYoungGen: 51520K->1408K(52224K)] 322461K->272349K(743424K), 0.0020581 secs] [Times: user=0.01 sys=0.00, real=0.00 secs] 
897.000: [GC (Allocation Failure) [PSYoungGen: 51584K->1440K(52224K)] 322525K->272381K(743424K), 0.0030621 secs] [Times: user=0.01 sys=0.00, real=0.01 secs] 
897.962: [GC (Allocation Failure) [PSYoungGen: 51616K->1408K(52224K)] 322557K->272349K(743424K), 0.0041805 secs] [Times: user=0.01 sys=0.00, real=0.01 secs] 
898.418: [GC (Allocation Failure) [PSYoungGen: 51584K->1376K(52224K)] 322525K->272333K(743424K), 0.0029495 secs] [Times: user=0.01 sys=0.00, real=0.00 secs] 
898.929: [GC (Allocation Failure) [PSYoungGen: 51552K->1408K(51712K)] 322509K->272365K(742912K), 0.0032441 secs] [Times: user=0.01 sys=0.00, real=0.00 secs] 
899.465: [GC (Allocation Failure) [PSYoungGen: 51584K->1408K(51712K)] 322541K->272365K(742912K), 0.0027195 secs] [Times: user=0.01 sys=0.00, real=0.00 secs] 
900.536: [GC (Allocation Failure) [PSYoungGen: 51584K->416K(51200K)] 322541K->272421K(742400K), 0.0022165 secs] [Times: user=0.01 sys=0.00, real=0.00 secs] 
900.997: [GC (Allocation Failure) [PSYoungGen: 50592K->352K(52224K)] 322597K->272357K(743424K), 0.0041227 secs] [Times: user=0.02 sys=0.00, real=0.00 secs] 
901.383: [GC (Allocation Failure) [PSYoungGen: 50528K->320K(52224K)] 322533K->272325K(743424K), 0.0029033 secs] [Times: user=0.01 sys=0.00, real=0.01 secs] 
901.785: [GC (Allocation Failure) [PSYoungGen: 50496K->320K(52224K)] 322501K->272325K(743424K), 0.0030115 secs] [Times: user=0.01 sys=0.00, real=0.00 secs] 
902.170: [GC (Allocation Failure) [PSYoungGen: 50496K->320K(52224K)] 322501K->272325K(743424K), 0.0029422 secs] [Times: user=0.02 sys=0.00, real=0.01 secs] 
902.667: [GC (Allocation Failure) [PSYoungGen: 50496K->320K(52224K)] 322501K->272325K(743424K), 0.0025031 secs] [Times: user=0.01 sys=0.00, real=0.00 secs] 
903.635: [GC (Allocation Failure) [PSYoungGen: 50496K->1408K(51712K)] 322501K->273413K(742912K), 0.0026005 secs] [Times: user=0.01 sys=0.00, real=0.00 secs] 
904.297: [GC (Allocation Failure) [PSYoungGen: 51072K->1408K(52224K)] 323077K->273413K(743424K), 0.0033110 secs] [Times: user=0.01 sys=0.00, real=0.00 secs] 
904.888: [GC (Allocation Failure) [PSYoungGen: 51072K->1408K(52224K)] 323077K->273413K(743424K), 0.0044448 secs] [Times: user=0.02 sys=0.00, real=0.00 secs] 
905.317: [GC (Allocation Failure) [PSYoungGen: 51072K->1376K(52224K)] 323077K->273389K(743424K), 0.0025301 secs] [Times: user=0.01 sys=0.00, real=0.00 secs] 
905.757: [GC (Allocation Failure) [PSYoungGen: 51040K->1408K(52224K)] 323053K->273421K(743424K), 0.0022894 secs] [Times: user=0.01 sys=0.00, real=0.00 secs] 
906.156: [GC (Allocation Failure) [PSYoungGen: 51072K->1376K(52224K)] 323085K->273389K(743424K), 0.0023315 secs] [Times: user=0.01 sys=0.00, real=0.00 secs] 
907.284: [GC (Allocation Failure) [PSYoungGen: 51040K->1440K(52224K)] 323053K->273453K(743424K), 0.0019686 secs] [Times: user=0.01 sys=0.00, real=0.00 secs] 
908.059: [GC (Allocation Failure) [PSYoungGen: 51104K->1408K(52224K)] 323117K->273421K(743424K), 0.0032177 secs] [Times: user=0.01 sys=0.00, real=0.00 secs] 
908.695: [GC (Allocation Failure) [PSYoungGen: 51072K->1408K(52224K)] 323085K->273421K(743424K), 0.0025455 secs] [Times: user=0.01 sys=0.00, real=0.00 secs] 
909.301: [GC (Allocation Failure) [PSYoungGen: 51072K->1424K(52224K)] 323085K->273437K(743424K), 0.0029832 secs] [Times: user=0.02 sys=0.00, real=0.01 secs] 
909.962: [GC (Allocation Failure) [PSYoungGen: 51088K->1376K(52224K)] 323101K->273389K(743424K), 0.0039168 secs] [Times: user=0.02 sys=0.00, real=0.01 secs] 
910.628: [GC (Allocation Failure) [PSYoungGen: 51040K->1408K(52224K)] 323053K->273421K(743424K), 0.0041652 secs] [Times: user=0.02 sys=0.00, real=0.00 secs] 
912.271: [GC (Allocation Failure) [PSYoungGen: 51072K->1408K(52224K)] 323085K->273429K(743424K), 0.0020419 secs] [Times: user=0.01 sys=0.00, real=0.01 secs] 
912.564: [GC (Allocation Failure) [PSYoungGen: 51072K->1376K(51200K)] 323093K->273397K(742400K), 0.0041163 secs] [Times: user=0.01 sys=0.00, real=0.00 secs] 
912.773: [GC (Allocation Failure) [PSYoungGen: 51040K->1344K(51712K)] 323061K->273365K(742912K), 0.0020824 secs] [Times: user=0.01 sys=0.00, real=0.01 secs] 
913.187: [GC (Allocation Failure) [PSYoungGen: 51008K->1408K(51712K)] 323029K->273429K(742912K), 0.0023203 secs] [Times: user=0.01 sys=0.00, real=0.00 secs] 
913.679: [GC (Allocation Failure) [PSYoungGen: 51072K->1392K(51712K)] 323093K->273413K(742912K), 0.0025790 secs] [Times: user=0.01 sys=0.00, real=0.00 secs] 
914.087: [GC (Allocation Failure) [PSYoungGen: 51056K->1408K(51712K)] 323077K->273429K(742912K), 0.0025350 secs] [Times: user=0.01 sys=0.00, real=0.00 secs] 
915.148: [GC (Allocation Failure) [PSYoungGen: 51072K->1440K(51712K)] 323093K->273461K(742912K), 0.0025978 secs] [Times: user=0.01 sys=0.00, real=0.00 secs] 
915.768: [GC (Allocation Failure) [PSYoungGen: 51104K->1408K(51712K)] 323125K->273429K(742912K), 0.0032580 secs] [Times: user=0.01 sys=0.00, real=0.00 secs] 
916.528: [GC (Allocation Failure) [PSYoungGen: 51072K->1408K(51712K)] 323093K->273429K(742912K), 0.0032834 secs] [Times: user=0.02 sys=0.00, real=0.00 secs] 
917.139: [GC (Allocation Failure) [PSYoungGen: 51072K->1408K(51712K)] 323093K->273437K(742912K), 0.0030233 secs] [Times: user=0.01 sys=0.00, real=0.00 secs] 
917.561: [GC (Allocation Failure) [PSYoungGen: 51072K->1408K(51712K)] 323101K->273437K(742912K), 0.0025145 secs] [Times: user=0.01 sys=0.00, real=0.01 secs] 
917.941: [GC (Allocation Failure) [PSYoungGen: 51072K->1408K(51712K)] 323101K->273437K(742912K), 0.0026082 secs] [Times: user=0.01 sys=0.00, real=0.01 secs] 
918.764: [GC (Allocation Failure) [PSYoungGen: 51072K->1408K(51712K)] 323101K->273437K(742912K), 0.0017293 secs] [Times: user=0.01 sys=0.00, real=0.00 secs] 
919.341: [GC (Allocation Failure) [PSYoungGen: 51072K->1376K(51712K)] 323101K->273405K(742912K), 0.0023515 secs] [Times: user=0.01 sys=0.00, real=0.01 secs] 
920.004: [GC (Allocation Failure) [PSYoungGen: 51040K->1376K(51712K)] 323069K->273405K(742912K), 0.0031168 secs] [Times: user=0.01 sys=0.00, real=0.00 secs] 
920.558: [GC (Allocation Failure) [PSYoungGen: 51040K->1376K(51712K)] 323069K->273437K(742912K), 0.0031155 secs] [Times: user=0.01 sys=0.00, real=0.00 secs] 
921.102: [GC (Allocation Failure) [PSYoungGen: 51040K->1376K(51712K)] 323101K->273437K(742912K), 0.0029912 secs] [Times: user=0.01 sys=0.00, real=0.01 secs] 
921.576: [GC (Allocation Failure) [PSYoungGen: 51040K->1344K(51712K)] 323101K->273405K(742912K), 0.0028602 secs] [Times: user=0.01 sys=0.00, real=0.00 secs] 
923.026: [GC (Allocation Failure) [PSYoungGen: 51008K->1472K(51712K)] 323069K->273533K(742912K), 0.0036817 secs] [Times: user=0.02 sys=0.00, real=0.00 secs] 
923.568: [GC (Allocation Failure) [PSYoungGen: 51136K->1376K(51712K)] 323197K->273437K(742912K), 0.0037326 secs] [Times: user=0.02 sys=0.00, real=0.00 secs] 
923.951: [GC (Allocation Failure) [PSYoungGen: 51040K->1408K(51712K)] 323101K->273469K(742912K), 0.0030250 secs] [Times: user=0.01 sys=0.00, real=0.01 secs] 
924.333: [GC (Allocation Failure) [PSYoungGen: 51072K->1408K(51712K)] 323133K->273469K(742912K), 0.0025705 secs] [Times: user=0.01 sys=0.00, real=0.01 secs] 
924.709: [GC (Allocation Failure) [PSYoungGen: 51072K->1408K(51712K)] 323133K->273469K(742912K), 0.0025340 secs] [Times: user=0.01 sys=0.00, real=0.00 secs] 
925.092: [GC (Allocation Failure) [PSYoungGen: 51072K->1408K(51712K)] 323133K->273469K(742912K), 0.0019549 secs] [Times: user=0.00 sys=0.00, real=0.01 secs] 
925.774: [GC (Allocation Failure) [PSYoungGen: 51072K->1440K(51712K)] 323133K->273501K(742912K), 0.0014727 secs] [Times: user=0.01 sys=0.00, real=0.00 secs] 
926.046: [GC (Allocation Failure) [PSYoungGen: 51104K->1408K(51712K)] 323165K->273469K(742912K), 0.0018588 secs] [Times: user=0.01 sys=0.00, real=0.00 secs] 
926.253: [GC (Allocation Failure) [PSYoungGen: 51072K->1344K(51200K)] 323133K->273405K(742400K), 0.0018320 secs] [Times: user=0.01 sys=0.00, real=0.01 secs] 
926.459: [GC (Allocation Failure) [PSYoungGen: 51008K->1424K(51200K)] 323069K->273485K(742400K), 0.0027521 secs] [Times: user=0.01 sys=0.00, real=0.00 secs] 
926.666: [GC (Allocation Failure) [PSYoungGen: 51088K->352K(50688K)] 323149K->273437K(741888K), 0.0020887 secs] [Times: user=0.01 sys=0.00, real=0.00 secs] 
926.882: [GC (Allocation Failure) [PSYoungGen: 50016K->352K(51712K)] 323101K->273437K(742912K), 0.0020511 secs] [Times: user=0.01 sys=0.00, real=0.01 secs] 
927.647: [GC (Allocation Failure) [PSYoungGen: 50016K->1408K(51712K)] 323101K->274493K(742912K), 0.0020100 secs] [Times: user=0.01 sys=0.00, real=0.00 secs] 
927.894: [GC (Allocation Failure) [PSYoungGen: 51072K->1376K(51712K)] 324157K->274461K(742912K), 0.0020268 secs] [Times: user=0.01 sys=0.00, real=0.00 secs] 
928.215: [GC (Allocation Failure) [PSYoungGen: 51040K->1392K(51712K)] 324125K->274477K(742912K), 0.0022655 secs] [Times: user=0.01 sys=0.00, real=0.00 secs] 
928.610: [GC (Allocation Failure) [PSYoungGen: 51056K->1344K(51712K)] 324141K->274453K(742912K), 0.0041244 secs] [Times: user=0.02 sys=0.01, real=0.01 secs] 
929.029: [GC (Allocation Failure) [PSYoungGen: 51008K->1376K(51712K)] 324117K->274485K(742912K), 0.0025080 secs] [Times: user=0.01 sys=0.00, real=0.00 secs] 
929.416: [GC (Allocation Failure) [PSYoungGen: 51040K->1392K(51712K)] 324149K->274501K(742912K), 0.0023727 secs] [Times: user=0.01 sys=0.00, real=0.00 secs] 
930.157: [GC (Allocation Failure) [PSYoungGen: 51056K->1376K(51712K)] 324165K->274485K(742912K), 0.0018027 secs] [Times: user=0.01 sys=0.00, real=0.00 secs] 
930.382: [GC (Allocation Failure) [PSYoungGen: 51040K->1376K(51712K)] 324149K->274485K(742912K), 0.0017588 secs] [Times: user=0.01 sys=0.00, real=0.01 secs] 
930.602: [GC (Allocation Failure) [PSYoungGen: 51040K->1408K(51712K)] 324149K->274517K(742912K), 0.0018311 secs] [Times: user=0.01 sys=0.00, real=0.01 secs] 
930.809: [GC (Allocation Failure) [PSYoungGen: 51072K->1344K(51712K)] 324181K->274453K(742912K), 0.0017094 secs] [Times: user=0.01 sys=0.00, real=0.00 secs] 
931.015: [GC (Allocation Failure) [PSYoungGen: 51008K->1376K(51712K)] 324117K->274485K(742912K), 0.0017832 secs] [Times: user=0.01 sys=0.00, real=0.00 secs] 
931.220: [GC (Allocation Failure) [PSYoungGen: 51040K->1344K(51712K)] 324149K->274453K(742912K), 0.0016847 secs] [Times: user=0.00 sys=0.00, real=0.00 secs] 
932.471: [GC (Allocation Failure) [PSYoungGen: 51008K->1440K(51712K)] 324117K->274557K(742912K), 0.0032454 secs] [Times: user=0.01 sys=0.00, real=0.01 secs] 
933.288: [GC (Allocation Failure) [PSYoungGen: 51104K->1376K(51712K)] 324221K->274493K(742912K), 0.0038713 secs] [Times: user=0.01 sys=0.00, real=0.00 secs] 
933.873: [GC (Allocation Failure) [PSYoungGen: 51040K->1408K(51712K)] 324157K->274525K(742912K), 0.0030253 secs] [Times: user=0.02 sys=0.00, real=0.01 secs] 
934.335: [GC (Allocation Failure) [PSYoungGen: 51072K->1376K(51712K)] 324189K->274501K(742912K), 0.0021365 secs] [Times: user=0.01 sys=0.00, real=0.00 secs] 
934.616: [GC (Allocation Failure) [PSYoungGen: 51040K->1408K(51712K)] 324165K->274533K(742912K), 0.0020614 secs] [Times: user=0.01 sys=0.00, real=0.00 secs] 
934.828: [GC (Allocation Failure) [PSYoungGen: 51072K->1344K(51712K)] 324197K->274469K(742912K), 0.0019859 secs] [Times: user=0.01 sys=0.00, real=0.00 secs] 
935.684: [GC (Allocation Failure) [PSYoungGen: 51008K->1408K(51712K)] 324133K->274533K(742912K), 0.0020278 secs] [Times: user=0.01 sys=0.00, real=0.00 secs] 
936.139: [GC (Allocation Failure) [PSYoungGen: 51072K->1376K(51712K)] 324197K->274501K(742912K), 0.0022025 secs] [Times: user=0.01 sys=0.00, real=0.00 secs] 
936.874: [GC (Allocation Failure) [PSYoungGen: 51040K->1408K(51712K)] 324165K->274533K(742912K), 0.0025451 secs] [Times: user=0.01 sys=0.00, real=0.00 secs] 
937.509: [GC (Allocation Failure) [PSYoungGen: 51072K->1408K(51712K)] 324197K->274533K(742912K), 0.0030113 secs] [Times: user=0.02 sys=0.00, real=0.00 secs] 
937.948: [GC (Allocation Failure) [PSYoungGen: 51072K->1440K(51712K)] 324197K->274565K(742912K), 0.0029636 secs] [Times: user=0.01 sys=0.00, real=0.00 secs] 
938.335: [GC (Allocation Failure) [PSYoungGen: 51104K->1408K(51712K)] 324229K->274533K(742912K), 0.0027714 secs] [Times: user=0.01 sys=0.00, real=0.00 secs] 
939.202: [GC (Allocation Failure) [PSYoungGen: 51072K->1408K(51712K)] 324197K->274533K(742912K), 0.0020198 secs] [Times: user=0.01 sys=0.00, real=0.01 secs] 
939.409: [GC (Allocation Failure) [PSYoungGen: 51072K->1376K(51712K)] 324197K->274501K(742912K), 0.0021332 secs] [Times: user=0.01 sys=0.00, real=0.00 secs] 
939.687: [GC (Allocation Failure) [PSYoungGen: 51040K->1376K(51200K)] 324165K->274501K(742400K), 0.0020607 secs] [Times: user=0.01 sys=0.00, real=0.00 secs] 
940.013: [GC (Allocation Failure) [PSYoungGen: 51040K->1376K(51200K)] 324165K->274525K(742400K), 0.0022020 secs] [Times: user=0.01 sys=0.00, real=0.01 secs] 
940.354: [GC (Allocation Failure) [PSYoungGen: 51040K->352K(50688K)] 324189K->274525K(741888K), 0.0020853 secs] [Times: user=0.01 sys=0.00, real=0.00 secs] 
940.699: [GC (Allocation Failure) [PSYoungGen: 50016K->352K(51712K)] 324189K->274525K(742912K), 0.0022922 secs] [Times: user=0.00 sys=0.00, real=0.00 secs] 
941.533: [GC (Allocation Failure) [PSYoungGen: 50016K->1424K(51712K)] 324189K->275597K(742912K), 0.0019651 secs] [Times: user=0.01 sys=0.00, real=0.01 secs] 
942.206: [GC (Allocation Failure) [PSYoungGen: 51088K->1376K(51712K)] 325261K->275549K(742912K), 0.0025213 secs] [Times: user=0.01 sys=0.00, real=0.00 secs] 
942.894: [GC (Allocation Failure) [PSYoungGen: 51040K->1408K(51712K)] 325213K->275581K(742912K), 0.0021672 secs] [Times: user=0.01 sys=0.00, real=0.00 secs] 
943.576: [GC (Allocation Failure) [PSYoungGen: 51072K->1408K(51712K)] 325245K->275605K(742912K), 0.0021783 secs] [Times: user=0.01 sys=0.00, real=0.00 secs] 
944.264: [GC (Allocation Failure) [PSYoungGen: 51072K->1408K(51712K)] 325269K->275605K(742912K), 0.0025045 secs] [Times: user=0.01 sys=0.00, real=0.00 secs] 
944.977: [GC (Allocation Failure) [PSYoungGen: 51072K->1440K(51712K)] 325269K->275637K(742912K), 0.0032937 secs] [Times: user=0.02 sys=0.00, real=0.00 secs] 
946.927: [GC (Allocation Failure) [PSYoungGen: 51104K->1440K(51712K)] 325301K->275637K(742912K), 0.0026116 secs] [Times: user=0.01 sys=0.00, real=0.00 secs] 
947.330: [GC (Allocation Failure) [PSYoungGen: 51104K->1360K(51712K)] 325301K->275557K(742912K), 0.0025649 secs] [Times: user=0.01 sys=0.00, real=0.00 secs] 
947.846: [GC (Allocation Failure) [PSYoungGen: 51024K->1376K(51712K)] 325221K->275573K(742912K), 0.0023945 secs] [Times: user=0.01 sys=0.00, real=0.00 secs] 
948.415: [GC (Allocation Failure) [PSYoungGen: 51040K->1376K(51712K)] 325237K->275573K(742912K), 0.0031947 secs] [Times: user=0.02 sys=0.00, real=0.00 secs] 
949.001: [GC (Allocation Failure) [PSYoungGen: 51040K->1408K(51712K)] 325237K->275605K(742912K), 0.0037782 secs] [Times: user=0.01 sys=0.00, real=0.01 secs] 
949.586: [GC (Allocation Failure) [PSYoungGen: 51072K->1440K(51712K)] 325269K->275637K(742912K), 0.0032399 secs] [Times: user=0.01 sys=0.00, real=0.00 secs] 
950.510: [GC (Allocation Failure) [PSYoungGen: 51104K->1440K(51712K)] 325301K->275637K(742912K), 0.0018066 secs] [Times: user=0.01 sys=0.00, real=0.00 secs] 
950.791: [GC (Allocation Failure) [PSYoungGen: 51104K->1440K(51712K)] 325301K->275637K(742912K), 0.0019104 secs] [Times: user=0.01 sys=0.00, real=0.00 secs] 
951.296: [GC (Allocation Failure) [PSYoungGen: 51104K->1408K(51712K)] 325301K->275605K(742912K), 0.0020811 secs] [Times: user=0.01 sys=0.00, real=0.00 secs] 
951.770: [GC (Allocation Failure) [PSYoungGen: 51072K->1408K(51712K)] 325269K->275605K(742912K), 0.0023521 secs] [Times: user=0.01 sys=0.01, real=0.00 secs] 
952.185: [GC (Allocation Failure) [PSYoungGen: 51072K->1376K(51712K)] 325269K->275581K(742912K), 0.0023236 secs] [Times: user=0.01 sys=0.00, real=0.00 secs] 
952.595: [GC (Allocation Failure) [PSYoungGen: 51040K->1456K(51712K)] 325245K->275661K(742912K), 0.0020711 secs] [Times: user=0.01 sys=0.00, real=0.00 secs] 
954.140: [GC (Allocation Failure) [PSYoungGen: 51120K->1440K(51712K)] 325325K->275645K(742912K), 0.0022971 secs] [Times: user=0.01 sys=0.00, real=0.00 secs] 
954.557: [GC (Allocation Failure) [PSYoungGen: 51104K->1376K(51712K)] 325309K->275581K(742912K), 0.0020700 secs] [Times: user=0.00 sys=0.00, real=0.00 secs] 
954.764: [GC (Allocation Failure) [PSYoungGen: 51040K->1360K(51712K)] 325245K->275565K(742912K), 0.0020189 secs] [Times: user=0.01 sys=0.00, real=0.00 secs] 
954.970: [GC (Allocation Failure) [PSYoungGen: 51024K->1376K(51712K)] 325229K->275581K(742912K), 0.0019220 secs] [Times: user=0.01 sys=0.00, real=0.00 secs] 
955.308: [GC (Allocation Failure) [PSYoungGen: 51040K->1408K(51712K)] 325245K->275613K(742912K), 0.0020136 secs] [Times: user=0.01 sys=0.00, real=0.00 secs] 
955.649: [GC (Allocation Failure) [PSYoungGen: 51072K->1376K(51712K)] 325277K->275581K(742912K), 0.0022091 secs] [Times: user=0.01 sys=0.00, real=0.00 secs] 
956.496: [GC (Allocation Failure) [PSYoungGen: 51040K->1472K(51712K)] 325245K->275677K(742912K), 0.0018123 secs] [Times: user=0.01 sys=0.00, real=0.00 secs] 
957.105: [GC (Allocation Failure) [PSYoungGen: 51136K->1376K(51712K)] 325341K->275581K(742912K), 0.0031400 secs] [Times: user=0.01 sys=0.00, real=0.00 secs] 
957.744: [GC (Allocation Failure) [PSYoungGen: 51040K->1376K(51712K)] 325245K->275581K(742912K), 0.0043700 secs] [Times: user=0.01 sys=0.00, real=0.00 secs] 
958.266: [GC (Allocation Failure) [PSYoungGen: 51040K->1440K(51712K)] 325245K->275645K(742912K), 0.0031275 secs] [Times: user=0.01 sys=0.00, real=0.00 secs] 
958.712: [GC (Allocation Failure) [PSYoungGen: 51104K->1408K(51712K)] 325309K->275613K(742912K), 0.0024335 secs] [Times: user=0.01 sys=0.00, real=0.01 secs] 
959.296: [GC (Allocation Failure) [PSYoungGen: 51072K->1408K(51200K)] 325277K->275613K(742400K), 0.0024349 secs] [Times: user=0.01 sys=0.00, real=0.00 secs] 
960.182: [GC (Allocation Failure) [PSYoungGen: 51072K->1440K(51200K)] 325277K->275669K(742400K), 0.0018118 secs] [Times: user=0.01 sys=0.00, real=0.01 secs] 
960.610: [GC (Allocation Failure) [PSYoungGen: 51104K->1344K(51200K)] 325333K->275573K(742400K), 0.0020845 secs] [Times: user=0.01 sys=0.00, real=0.00 secs] 
961.085: [GC (Allocation Failure) [PSYoungGen: 51008K->1344K(51200K)] 325237K->275573K(742400K), 0.0021375 secs] [Times: user=0.01 sys=0.00, real=0.00 secs] 
961.530: [GC (Allocation Failure) [PSYoungGen: 51008K->1376K(51200K)] 325237K->275613K(742400K), 0.0023331 secs] [Times: user=0.01 sys=0.00, real=0.00 secs] 
962.016: [GC (Allocation Failure) [PSYoungGen: 51040K->1424K(51200K)] 325277K->275661K(742400K), 0.0025569 secs] [Times: user=0.01 sys=0.00, real=0.00 secs] 
962.412: [GC (Allocation Failure) [PSYoungGen: 51088K->1376K(51200K)] 325325K->275613K(742400K), 0.0026817 secs] [Times: user=0.01 sys=0.00, real=0.01 secs] 
963.275: [GC (Allocation Failure) [PSYoungGen: 51040K->1472K(51200K)] 325277K->275709K(742400K), 0.0017682 secs] [Times: user=0.00 sys=0.00, real=0.00 secs] 
964.021: [GC (Allocation Failure) [PSYoungGen: 51136K->1376K(51200K)] 325373K->275613K(742400K), 0.0019802 secs] [Times: user=0.01 sys=0.00, real=0.00 secs] 
964.723: [GC (Allocation Failure) [PSYoungGen: 51040K->1376K(51200K)] 325277K->275613K(742400K), 0.0020775 secs] [Times: user=0.01 sys=0.00, real=0.00 secs] 
965.319: [GC (Allocation Failure) [PSYoungGen: 51040K->1376K(51200K)] 325277K->275621K(742400K), 0.0031301 secs] [Times: user=0.02 sys=0.00, real=0.00 secs] 
965.865: [GC (Allocation Failure) [PSYoungGen: 51040K->1408K(51200K)] 325285K->275653K(742400K), 0.0024550 secs] [Times: user=0.01 sys=0.00, real=0.00 secs] 
966.399: [GC (Allocation Failure) [PSYoungGen: 51072K->1376K(51200K)] 325317K->275621K(742400K), 0.0027182 secs] [Times: user=0.01 sys=0.00, real=0.00 secs] 
967.341: [GC (Allocation Failure) [PSYoungGen: 51040K->1408K(51200K)] 325285K->275653K(742400K), 0.0021713 secs] [Times: user=0.01 sys=0.00, real=0.00 secs] 
967.548: [GC (Allocation Failure) [PSYoungGen: 51072K->1376K(51200K)] 325317K->275621K(742400K), 0.0020396 secs] [Times: user=0.01 sys=0.00, real=0.00 secs] 
967.787: [GC (Allocation Failure) [PSYoungGen: 51040K->1408K(51200K)] 325285K->275653K(742400K), 0.0020527 secs] [Times: user=0.01 sys=0.00, real=0.00 secs] 
968.189: [GC (Allocation Failure) [PSYoungGen: 51072K->1376K(51200K)] 325317K->275621K(742400K), 0.0019400 secs] [Times: user=0.00 sys=0.00, real=0.00 secs] 
968.671: [GC (Allocation Failure) [PSYoungGen: 51040K->1408K(51200K)] 325285K->275653K(742400K), 0.0021594 secs] [Times: user=0.01 sys=0.00, real=0.01 secs] 
969.163: [GC (Allocation Failure) [PSYoungGen: 51072K->1392K(51200K)] 325317K->275637K(742400K), 0.0021430 secs] [Times: user=0.01 sys=0.00, real=0.01 secs] 
970.128: [GC (Allocation Failure) [PSYoungGen: 51056K->1440K(51200K)] 325301K->275685K(742400K), 0.0017236 secs] [Times: user=0.01 sys=0.00, real=0.00 secs] 
970.451: [GC (Allocation Failure) [PSYoungGen: 51104K->1392K(51200K)] 325349K->275653K(742400K), 0.0019873 secs] [Times: user=0.01 sys=0.00, real=0.01 secs] 
970.658: [GC (Allocation Failure) [PSYoungGen: 51056K->1344K(51200K)] 325317K->275605K(742400K), 0.0019057 secs] [Times: user=0.01 sys=0.00, real=0.00 secs] 
970.864: [GC (Allocation Failure) [PSYoungGen: 51008K->1376K(51200K)] 325269K->275637K(742400K), 0.0019838 secs] [Times: user=0.01 sys=0.00, real=0.00 secs] 
971.073: [GC (Allocation Failure) [PSYoungGen: 51040K->1376K(51200K)] 325301K->275637K(742400K), 0.0019348 secs] [Times: user=0.01 sys=0.00, real=0.01 secs] 
971.402: [GC (Allocation Failure) [PSYoungGen: 51040K->1376K(51200K)] 325301K->275637K(742400K), 0.0019838 secs] [Times: user=0.01 sys=0.00, real=0.01 secs] 
972.617: [GC (Allocation Failure) [PSYoungGen: 51040K->1408K(51200K)] 325301K->275669K(742400K), 0.0029513 secs] [Times: user=0.01 sys=0.00, real=0.00 secs] 
973.223: [GC (Allocation Failure) [PSYoungGen: 51072K->1408K(51200K)] 325333K->275669K(742400K), 0.0027524 secs] [Times: user=0.01 sys=0.00, real=0.01 secs] 
973.749: [GC (Allocation Failure) [PSYoungGen: 51072K->1344K(51200K)] 325333K->275605K(742400K), 0.0025294 secs] [Times: user=0.01 sys=0.00, real=0.00 secs] 
974.306: [GC (Allocation Failure) [PSYoungGen: 51008K->1408K(51200K)] 325269K->275677K(742400K), 0.0025543 secs] [Times: user=0.01 sys=0.00, real=0.00 secs] 
974.757: [GC (Allocation Failure) [PSYoungGen: 51072K->1408K(51200K)] 325341K->275677K(742400K), 0.0026502 secs] [Times: user=0.01 sys=0.00, real=0.00 secs] 
975.249: [GC (Allocation Failure) [PSYoungGen: 51072K->1408K(51200K)] 325341K->275677K(742400K), 0.0027968 secs] [Times: user=0.01 sys=0.00, real=0.00 secs] 
976.248: [GC (Allocation Failure) [PSYoungGen: 51072K->1440K(51200K)] 325341K->275717K(742400K), 0.0021855 secs] [Times: user=0.01 sys=0.00, real=0.00 secs] 
976.475: [GC (Allocation Failure) [PSYoungGen: 51104K->1392K(51200K)] 325381K->275677K(742400K), 0.0021830 secs] [Times: user=0.01 sys=0.00, real=0.00 secs] 
976.682: [GC (Allocation Failure) [PSYoungGen: 51056K->1408K(51200K)] 325341K->275693K(742400K), 0.0019218 secs] [Times: user=0.01 sys=0.00, real=0.01 secs] 
976.930: [GC (Allocation Failure) [PSYoungGen: 51072K->1424K(51200K)] 325357K->275709K(742400K), 0.0021087 secs] [Times: user=0.00 sys=0.00, real=0.00 secs] 
977.313: [GC (Allocation Failure) [PSYoungGen: 51088K->1408K(51200K)] 325373K->275693K(742400K), 0.0020644 secs] [Times: user=0.00 sys=0.01, real=0.01 secs] 
977.710: [GC (Allocation Failure) [PSYoungGen: 51072K->1376K(51200K)] 325357K->275661K(742400K), 0.0020476 secs] [Times: user=0.00 sys=0.01, real=0.00 secs] 
978.536: [GC (Allocation Failure) [PSYoungGen: 51040K->1440K(51200K)] 325325K->275725K(742400K), 0.0018197 secs] [Times: user=0.01 sys=0.00, real=0.00 secs] 
978.842: [GC (Allocation Failure) [PSYoungGen: 51104K->1408K(51200K)] 325389K->275693K(742400K), 0.0017927 secs] [Times: user=0.01 sys=0.00, real=0.01 secs] 
979.048: [GC (Allocation Failure) [PSYoungGen: 51072K->1344K(51200K)] 325357K->275629K(742400K), 0.0018080 secs] [Times: user=0.01 sys=0.00, real=0.00 secs] 
979.255: [GC (Allocation Failure) [PSYoungGen: 51008K->1376K(51200K)] 325293K->275693K(742400K), 0.0018039 secs] [Times: user=0.00 sys=0.00, real=0.00 secs] 
979.461: [GC (Allocation Failure) [PSYoungGen: 51040K->1376K(51200K)] 325357K->275693K(742400K), 0.0016577 secs] [Times: user=0.01 sys=0.00, real=0.00 secs] 
979.667: [GC (Allocation Failure) [PSYoungGen: 51040K->1376K(51200K)] 325357K->275693K(742400K), 0.0018092 secs] [Times: user=0.01 sys=0.00, real=0.00 secs] 
980.782: [GC (Allocation Failure) [PSYoungGen: 51040K->1440K(51200K)] 325357K->275757K(742400K), 0.0019675 secs] [Times: user=0.01 sys=0.00, real=0.01 secs] 
982.192: [GC (Allocation Failure) [PSYoungGen: 51104K->1344K(51200K)] 325421K->275661K(742400K), 0.0031516 secs] [Times: user=0.02 sys=0.00, real=0.01 secs] 
983.156: [GC (Allocation Failure) [PSYoungGen: 51008K->1408K(51200K)] 325325K->275725K(742400K), 0.0040499 secs] [Times: user=0.02 sys=0.00, real=0.00 secs] 
983.690: [GC (Allocation Failure) [PSYoungGen: 51072K->1376K(51200K)] 325389K->275693K(742400K), 0.0025033 secs] [Times: user=0.01 sys=0.00, real=0.00 secs] 
984.249: [GC (Allocation Failure) [PSYoungGen: 51040K->1408K(51200K)] 325357K->275725K(742400K), 0.0025093 secs] [Times: user=0.01 sys=0.01, real=0.00 secs] 
985.032: [GC (Allocation Failure) [PSYoungGen: 51072K->1424K(51200K)] 325389K->275741K(742400K), 0.0041126 secs] [Times: user=0.02 sys=0.00, real=0.01 secs] 
986.966: [GC (Allocation Failure) [PSYoungGen: 51088K->1440K(51200K)] 325405K->275757K(742400K), 0.0020780 secs] [Times: user=0.01 sys=0.00, real=0.00 secs] 
987.193: [GC (Allocation Failure) [PSYoungGen: 51104K->1408K(51200K)] 325421K->275725K(742400K), 0.0020874 secs] [Times: user=0.01 sys=0.00, real=0.01 secs] 
987.420: [GC (Allocation Failure) [PSYoungGen: 51072K->1344K(51200K)] 325389K->275661K(742400K), 0.0020075 secs] [Times: user=0.01 sys=0.00, real=0.00 secs] 
987.643: [GC (Allocation Failure) [PSYoungGen: 51008K->1376K(51200K)] 325325K->275693K(742400K), 0.0019615 secs] [Times: user=0.01 sys=0.00, real=0.01 secs] 
987.869: [GC (Allocation Failure) [PSYoungGen: 51040K->1376K(51200K)] 325357K->275693K(742400K), 0.0019228 secs] [Times: user=0.01 sys=0.00, real=0.00 secs] 
988.086: [GC (Allocation Failure) [PSYoungGen: 51040K->1376K(51200K)] 325357K->275693K(742400K), 0.0019618 secs] [Times: user=0.01 sys=0.00, real=0.00 secs] 
988.750: [GC (Allocation Failure) [PSYoungGen: 51040K->1408K(51200K)] 325357K->275725K(742400K), 0.0019216 secs] [Times: user=0.01 sys=0.00, real=0.00 secs] 
988.963: [GC (Allocation Failure) [PSYoungGen: 51072K->1376K(51200K)] 325389K->275693K(742400K), 0.0019344 secs] [Times: user=0.01 sys=0.00, real=0.01 secs] 
989.169: [GC (Allocation Failure) [PSYoungGen: 51040K->1392K(51200K)] 325357K->275709K(742400K), 0.0018617 secs] [Times: user=0.01 sys=0.00, real=0.00 secs] 
989.375: [GC (Allocation Failure) [PSYoungGen: 51056K->1376K(51200K)] 325373K->275701K(742400K), 0.0019350 secs] [Times: user=0.01 sys=0.00, real=0.00 secs] 
989.581: [GC (Allocation Failure) [PSYoungGen: 51040K->1376K(51200K)] 325365K->275733K(742400K), 0.0018817 secs] [Times: user=0.01 sys=0.00, real=0.01 secs] 
989.788: [GC (Allocation Failure) [PSYoungGen: 51040K->1408K(51200K)] 325397K->275765K(742400K), 0.0020687 secs] [Times: user=0.01 sys=0.00, real=0.00 secs] 
990.537: [GC (Allocation Failure) [PSYoungGen: 51072K->1440K(51200K)] 325429K->275797K(742400K), 0.0018492 secs] [Times: user=0.01 sys=0.00, real=0.00 secs] 
990.773: [GC (Allocation Failure) [PSYoungGen: 51104K->1344K(51200K)] 325461K->275701K(742400K), 0.0018167 secs] [Times: user=0.01 sys=0.00, real=0.00 secs] 
991.132: [GC (Allocation Failure) [PSYoungGen: 51008K->1408K(51200K)] 325365K->275765K(742400K), 0.0016132 secs] [Times: user=0.00 sys=0.00, real=0.01 secs] 
991.505: [GC (Allocation Failure) [PSYoungGen: 51072K->1376K(51200K)] 325429K->275741K(742400K), 0.0018643 secs] [Times: user=0.01 sys=0.00, real=0.00 secs] 
991.905: [GC (Allocation Failure) [PSYoungGen: 51040K->1376K(51200K)] 325405K->275741K(742400K), 0.0022090 secs] [Times: user=0.01 sys=0.00, real=0.00 secs] 
992.319: [GC (Allocation Failure) [PSYoungGen: 51040K->1376K(51200K)] 325405K->275741K(742400K), 0.0022830 secs] [Times: user=0.01 sys=0.00, real=0.00 secs] 
993.065: [GC (Allocation Failure) [PSYoungGen: 51040K->1408K(51200K)] 325405K->275773K(742400K), 0.0018190 secs] [Times: user=0.00 sys=0.00, real=0.00 secs] 
993.288: [GC (Allocation Failure) [PSYoungGen: 51072K->1376K(51200K)] 325437K->275741K(742400K), 0.0019983 secs] [Times: user=0.01 sys=0.00, real=0.00 secs] 
993.495: [GC (Allocation Failure) [PSYoungGen: 51040K->1376K(51200K)] 325405K->275741K(742400K), 0.0019811 secs] [Times: user=0.01 sys=0.00, real=0.00 secs] 
993.701: [GC (Allocation Failure) [PSYoungGen: 51040K->1376K(51200K)] 325405K->275741K(742400K), 0.0025732 secs] [Times: user=0.01 sys=0.00, real=0.01 secs] 
993.934: [GC (Allocation Failure) [PSYoungGen: 51040K->1408K(51200K)] 325405K->275773K(742400K), 0.0020897 secs] [Times: user=0.01 sys=0.00, real=0.00 secs] 
994.282: [GC (Allocation Failure) [PSYoungGen: 51072K->1408K(51200K)] 325437K->275773K(742400K), 0.0022716 secs] [Times: user=0.01 sys=0.01, real=0.01 secs] 
995.733: [GC (Allocation Failure) [PSYoungGen: 51072K->1440K(51200K)] 325437K->275805K(742400K), 0.0038874 secs] [Times: user=0.01 sys=0.00, real=0.01 secs] 
996.150: [GC (Allocation Failure) [PSYoungGen: 51104K->1408K(51200K)] 325469K->275773K(742400K), 0.0029011 secs] [Times: user=0.01 sys=0.00, real=0.00 secs] 
996.548: [GC (Allocation Failure) [PSYoungGen: 51072K->1392K(51200K)] 325437K->275757K(742400K), 0.0025521 secs] [Times: user=0.01 sys=0.00, real=0.00 secs] 
996.938: [GC (Allocation Failure) [PSYoungGen: 51056K->1408K(51200K)] 325421K->275773K(742400K), 0.0038304 secs] [Times: user=0.01 sys=0.00, real=0.00 secs] 
997.280: [GC (Allocation Failure) [PSYoungGen: 51072K->1376K(51200K)] 325437K->275741K(742400K), 0.0023776 secs] [Times: user=0.01 sys=0.00, real=0.00 secs] 
997.495: [GC (Allocation Failure) [PSYoungGen: 51040K->1376K(51200K)] 325405K->275741K(742400K), 0.0019344 secs] [Times: user=0.01 sys=0.00, real=0.00 secs] 
998.596: [GC (Allocation Failure) [PSYoungGen: 51040K->1440K(51200K)] 325405K->275805K(742400K), 0.0025083 secs] [Times: user=0.00 sys=0.00, real=0.00 secs] 
999.303: [GC (Allocation Failure) [PSYoungGen: 51104K->1392K(51200K)] 325469K->275773K(742400K), 0.0038481 secs] [Times: user=0.02 sys=0.00, real=0.01 secs] 
1000.013: [GC (Allocation Failure) [PSYoungGen: 51056K->1376K(51200K)] 325437K->275757K(742400K), 0.0044009 secs] [Times: user=0.01 sys=0.00, real=0.01 secs] 
1000.691: [GC (Allocation Failure) [PSYoungGen: 51040K->1376K(51200K)] 325421K->275757K(742400K), 0.0041371 secs] [Times: user=0.02 sys=0.00, real=0.01 secs] 
1001.364: [GC (Allocation Failure) [PSYoungGen: 51040K->1408K(51200K)] 325421K->275789K(742400K), 0.0053505 secs] [Times: user=0.03 sys=0.00, real=0.00 secs] 
1001.995: [GC (Allocation Failure) [PSYoungGen: 51072K->1376K(51200K)] 325453K->275757K(742400K), 0.0038316 secs] [Times: user=0.01 sys=0.00, real=0.00 secs] 
1002.992: [GC (Allocation Failure) [PSYoungGen: 51040K->1440K(51200K)] 325421K->275821K(742400K), 0.0019717 secs] [Times: user=0.01 sys=0.00, real=0.01 secs] 
1003.525: [GC (Allocation Failure) [PSYoungGen: 51104K->1376K(51200K)] 325485K->275757K(742400K), 0.0019901 secs] [Times: user=0.01 sys=0.00, real=0.00 secs] 
1003.960: [GC (Allocation Failure) [PSYoungGen: 51040K->1408K(51200K)] 325421K->275789K(742400K), 0.0030240 secs] [Times: user=0.01 sys=0.00, real=0.00 secs] 
1004.300: [GC (Allocation Failure) [PSYoungGen: 51072K->1408K(51200K)] 325453K->275789K(742400K), 0.0026030 secs] [Times: user=0.01 sys=0.00, real=0.00 secs] 
1004.911: [GC (Allocation Failure) [PSYoungGen: 51072K->1408K(51200K)] 325453K->275789K(742400K), 0.0032737 secs] [Times: user=0.01 sys=0.00, real=0.01 secs] 
1005.551: [GC (Allocation Failure) [PSYoungGen: 51072K->1408K(51200K)] 325453K->275789K(742400K), 0.0025319 secs] [Times: user=0.01 sys=0.00, real=0.01 secs] 
1006.453: [GC (Allocation Failure) [PSYoungGen: 51072K->1408K(51200K)] 325453K->275789K(742400K), 0.0018102 secs] [Times: user=0.01 sys=0.00, real=0.01 secs] 
1006.660: [GC (Allocation Failure) [PSYoungGen: 51072K->1408K(51200K)] 325453K->275789K(742400K), 0.0019151 secs] [Times: user=0.01 sys=0.00, real=0.00 secs] 
1006.866: [GC (Allocation Failure) [PSYoungGen: 51072K->1408K(51200K)] 325453K->275789K(742400K), 0.0019286 secs] [Times: user=0.01 sys=0.00, real=0.00 secs] 
1007.075: [GC (Allocation Failure) [PSYoungGen: 51072K->1408K(51200K)] 325453K->275797K(742400K), 0.0019595 secs] [Times: user=0.01 sys=0.00, real=0.00 secs] 
1007.282: [GC (Allocation Failure) [PSYoungGen: 51072K->1344K(51200K)] 325461K->275733K(742400K), 0.0018220 secs] [Times: user=0.01 sys=0.00, real=0.01 secs] 
1007.488: [GC (Allocation Failure) [PSYoungGen: 51008K->1408K(51200K)] 325397K->275797K(742400K), 0.0017860 secs] [Times: user=0.01 sys=0.00, real=0.00 secs] 
1008.263: [GC (Allocation Failure) [PSYoungGen: 51072K->1440K(51200K)] 325461K->275829K(742400K), 0.0020444 secs] [Times: user=0.01 sys=0.00, real=0.01 secs] 
1008.751: [GC (Allocation Failure) [PSYoungGen: 51104K->1408K(51200K)] 325493K->275797K(742400K), 0.0021250 secs] [Times: user=0.01 sys=0.00, real=0.01 secs] 
1009.371: [GC (Allocation Failure) [PSYoungGen: 51072K->1344K(51200K)] 325461K->275741K(742400K), 0.0057378 secs] [Times: user=0.02 sys=0.01, real=0.01 secs] 
1009.992: [GC (Allocation Failure) [PSYoungGen: 51008K->1376K(51200K)] 325405K->275773K(742400K), 0.0040370 secs] [Times: user=0.01 sys=0.00, real=0.01 secs] 
1010.596: [GC (Allocation Failure) [PSYoungGen: 51040K->1408K(51200K)] 325437K->275805K(742400K), 0.0035912 secs] [Times: user=0.02 sys=0.00, real=0.00 secs] 
1011.171: [GC (Allocation Failure) [PSYoungGen: 51072K->1424K(51200K)] 325469K->275821K(742400K), 0.0036271 secs] [Times: user=0.01 sys=0.00, real=0.01 secs] 
1012.214: [GC (Allocation Failure) [PSYoungGen: 51088K->1408K(51200K)] 325485K->275813K(742400K), 0.0017114 secs] [Times: user=0.01 sys=0.00, real=0.00 secs] 
1012.888: [GC (Allocation Failure) [PSYoungGen: 51072K->1408K(51200K)] 325477K->275813K(742400K), 0.0019743 secs] [Times: user=0.00 sys=0.00, real=0.00 secs] 
1013.239: [GC (Allocation Failure) [PSYoungGen: 51072K->1376K(51200K)] 325477K->275781K(742400K), 0.0026767 secs] [Times: user=0.01 sys=0.00, real=0.00 secs] 
1013.497: [GC (Allocation Failure) [PSYoungGen: 51040K->1440K(51200K)] 325445K->275845K(742400K), 0.0025724 secs] [Times: user=0.01 sys=0.00, real=0.00 secs] 
1013.876: [GC (Allocation Failure) [PSYoungGen: 51104K->1408K(51200K)] 325509K->275813K(742400K), 0.0023147 secs] [Times: user=0.01 sys=0.00, real=0.00 secs] 
1014.357: [GC (Allocation Failure) [PSYoungGen: 51072K->1440K(51200K)] 325477K->275845K(742400K), 0.0021715 secs] [Times: user=0.01 sys=0.00, real=0.00 secs] 
1015.154: [GC (Allocation Failure) [PSYoungGen: 51104K->1440K(51200K)] 325509K->275853K(742400K), 0.0019448 secs] [Times: user=0.00 sys=0.00, real=0.00 secs] 
1015.361: [GC (Allocation Failure) [PSYoungGen: 51104K->1376K(51200K)] 325517K->275789K(742400K), 0.0019489 secs] [Times: user=0.01 sys=0.00, real=0.00 secs] 
1015.581: [GC (Allocation Failure) [PSYoungGen: 51040K->1376K(51200K)] 325453K->275789K(742400K), 0.0019342 secs] [Times: user=0.01 sys=0.00, real=0.00 secs] 
1015.829: [GC (Allocation Failure) [PSYoungGen: 51040K->1408K(51200K)] 325453K->275829K(742400K), 0.0019107 secs] [Times: user=0.00 sys=0.00, real=0.00 secs] 
1016.036: [GC (Allocation Failure) [PSYoungGen: 51072K->1440K(51200K)] 325493K->275861K(742400K), 0.0019122 secs] [Times: user=0.01 sys=0.00, real=0.00 secs] 
1016.271: [GC (Allocation Failure) [PSYoungGen: 51104K->1376K(51200K)] 325525K->275797K(742400K), 0.0018851 secs] [Times: user=0.01 sys=0.00, real=0.00 secs] 
1017.121: [GC (Allocation Failure) [PSYoungGen: 51040K->1408K(51200K)] 325461K->275829K(742400K), 0.0018236 secs] [Times: user=0.01 sys=0.00, real=0.00 secs] 
1017.490: [GC (Allocation Failure) [PSYoungGen: 51072K->1376K(51200K)] 325493K->275797K(742400K), 0.0019587 secs] [Times: user=0.01 sys=0.00, real=0.00 secs] 
1017.888: [GC (Allocation Failure) [PSYoungGen: 51040K->1376K(51200K)] 325461K->275797K(742400K), 0.0021806 secs] [Times: user=0.01 sys=0.00, real=0.00 secs] 
1018.289: [GC (Allocation Failure) [PSYoungGen: 51040K->1408K(51200K)] 325461K->275853K(742400K), 0.0026596 secs] [Times: user=0.01 sys=0.00, real=0.00 secs] 
1018.790: [GC (Allocation Failure) [PSYoungGen: 51072K->1344K(51200K)] 325517K->275789K(742400K), 0.0030060 secs] [Times: user=0.01 sys=0.00, real=0.00 secs] 
1019.344: [GC (Allocation Failure) [PSYoungGen: 51008K->1408K(51200K)] 325453K->275853K(742400K), 0.0030960 secs] [Times: user=0.02 sys=0.00, real=0.00 secs] 
1020.158: [GC (Allocation Failure) [PSYoungGen: 51072K->1408K(51200K)] 325517K->275861K(742400K), 0.0020022 secs] [Times: user=0.01 sys=0.00, real=0.00 secs] 
1020.415: [GC (Allocation Failure) [PSYoungGen: 51072K->1440K(51200K)] 325525K->275901K(742400K), 0.0018021 secs] [Times: user=0.00 sys=0.00, real=0.00 secs] 
1020.626: [GC (Allocation Failure) [PSYoungGen: 51104K->1408K(51200K)] 325565K->275877K(742400K), 0.0020608 secs] [Times: user=0.00 sys=0.00, real=0.00 secs] 
1020.844: [GC (Allocation Failure) [PSYoungGen: 51072K->1408K(51200K)] 325541K->275885K(742400K), 0.0020249 secs] [Times: user=0.01 sys=0.00, real=0.00 secs] 
1021.071: [GC (Allocation Failure) [PSYoungGen: 51072K->1408K(51200K)] 325549K->275885K(742400K), 0.0027286 secs] [Times: user=0.01 sys=0.00, real=0.01 secs] 
1021.279: [GC (Allocation Failure) [PSYoungGen: 51072K->1408K(51200K)] 325549K->275885K(742400K), 0.0023656 secs] [Times: user=0.01 sys=0.00, real=0.00 secs] 
1022.250: [GC (Allocation Failure) [PSYoungGen: 51072K->1408K(51200K)] 325549K->275893K(742400K), 0.0019934 secs] [Times: user=0.01 sys=0.00, real=0.00 secs] 
1022.639: [GC (Allocation Failure) [PSYoungGen: 51072K->1440K(51200K)] 325557K->275925K(742400K), 0.0020227 secs] [Times: user=0.01 sys=0.00, real=0.00 secs] 
1023.039: [GC (Allocation Failure) [PSYoungGen: 51104K->1408K(51200K)] 325589K->275893K(742400K), 0.0024940 secs] [Times: user=0.01 sys=0.00, real=0.00 secs] 
1023.472: [GC (Allocation Failure) [PSYoungGen: 51072K->1408K(51200K)] 325557K->275893K(742400K), 0.0033099 secs] [Times: user=0.02 sys=0.00, real=0.01 secs] 
1023.910: [GC (Allocation Failure) [PSYoungGen: 51072K->1440K(51200K)] 325557K->275925K(742400K), 0.0027351 secs] [Times: user=0.01 sys=0.00, real=0.00 secs] 
1024.322: [GC (Allocation Failure) [PSYoungGen: 51104K->1408K(51200K)] 325589K->275893K(742400K), 0.0026060 secs] [Times: user=0.01 sys=0.00, real=0.01 secs] 
1025.092: [GC (Allocation Failure) [PSYoungGen: 51072K->1440K(51200K)] 325557K->275925K(742400K), 0.0015041 secs] [Times: user=0.01 sys=0.00, real=0.01 secs] 
1025.298: [GC (Allocation Failure) [PSYoungGen: 51104K->1440K(51200K)] 325589K->275925K(742400K), 0.0015585 secs] [Times: user=0.01 sys=0.00, real=0.00 secs] 
1025.548: [GC (Allocation Failure) [PSYoungGen: 51104K->1440K(51200K)] 325589K->275925K(742400K), 0.0015920 secs] [Times: user=0.00 sys=0.00, real=0.00 secs] 
1025.815: [GC (Allocation Failure) [PSYoungGen: 51104K->1408K(51200K)] 325589K->275933K(742400K), 0.0014912 secs] [Times: user=0.01 sys=0.00, real=0.00 secs] 
1026.098: [GC (Allocation Failure) [PSYoungGen: 51072K->1376K(51200K)] 325597K->275901K(742400K), 0.0019962 secs] [Times: user=0.01 sys=0.00, real=0.00 secs] 
1026.466: [GC (Allocation Failure) [PSYoungGen: 51040K->1408K(51200K)] 325565K->275933K(742400K), 0.0025725 secs] [Times: user=0.01 sys=0.00, real=0.00 secs] 
1027.394: [GC (Allocation Failure) [PSYoungGen: 51072K->1392K(51200K)] 325597K->275925K(742400K), 0.0018790 secs] [Times: user=0.01 sys=0.00, real=0.00 secs] 
1027.654: [GC (Allocation Failure) [PSYoungGen: 51056K->1408K(51200K)] 325589K->275941K(742400K), 0.0019879 secs] [Times: user=0.00 sys=0.00, real=0.00 secs] 
1027.861: [GC (Allocation Failure) [PSYoungGen: 51072K->1424K(51200K)] 325605K->275957K(742400K), 0.0020715 secs] [Times: user=0.00 sys=0.00, real=0.00 secs] 
1028.098: [GC (Allocation Failure) [PSYoungGen: 51088K->1360K(51200K)] 325621K->275925K(742400K), 0.0026064 secs] [Times: user=0.01 sys=0.00, real=0.00 secs] 
1028.569: [GC (Allocation Failure) [PSYoungGen: 51024K->1392K(51200K)] 325589K->275957K(742400K), 0.0026100 secs] [Times: user=0.01 sys=0.00, real=0.00 secs] 
1028.988: [GC (Allocation Failure) [PSYoungGen: 51056K->1344K(51200K)] 325621K->275909K(742400K), 0.0020830 secs] [Times: user=0.01 sys=0.00, real=0.00 secs] 
1029.920: [GC (Allocation Failure) [PSYoungGen: 51008K->1408K(51200K)] 325573K->275973K(742400K), 0.0019926 secs] [Times: user=0.01 sys=0.00, real=0.00 secs] 
1030.479: [GC (Allocation Failure) [PSYoungGen: 51072K->1408K(51200K)] 325637K->275973K(742400K), 0.0024218 secs] [Times: user=0.01 sys=0.00, real=0.00 secs] 
1030.897: [GC (Allocation Failure) [PSYoungGen: 51072K->1408K(51200K)] 325637K->275973K(742400K), 0.0022769 secs] [Times: user=0.01 sys=0.00, real=0.00 secs] 
1031.358: [GC (Allocation Failure) [PSYoungGen: 51072K->1376K(51200K)] 325637K->275941K(742400K), 0.0023610 secs] [Times: user=0.01 sys=0.00, real=0.00 secs] 
1032.031: [GC (Allocation Failure) [PSYoungGen: 51040K->1408K(51200K)] 325605K->275973K(742400K), 0.0038227 secs] [Times: user=0.01 sys=0.00, real=0.01 secs] 
1032.675: [GC (Allocation Failure) [PSYoungGen: 51072K->1408K(51200K)] 325637K->275973K(742400K), 0.0045453 secs] [Times: user=0.02 sys=0.00, real=0.00 secs] 
1033.867: [GC (Allocation Failure) [PSYoungGen: 51072K->1408K(51200K)] 325637K->275973K(742400K), 0.0022821 secs] [Times: user=0.01 sys=0.00, real=0.00 secs] 
1034.725: [GC (Allocation Failure) [PSYoungGen: 51072K->1376K(51200K)] 325637K->275941K(742400K), 0.0039203 secs] [Times: user=0.02 sys=0.00, real=0.00 secs] 
1035.225: [GC (Allocation Failure) [PSYoungGen: 51040K->1376K(51200K)] 325605K->275941K(742400K), 0.0025190 secs] [Times: user=0.01 sys=0.00, real=0.00 secs] 
1035.936: [GC (Allocation Failure) [PSYoungGen: 51040K->1408K(51200K)] 325605K->275981K(742400K), 0.0031662 secs] [Times: user=0.01 sys=0.00, real=0.00 secs] 
1036.629: [GC (Allocation Failure) [PSYoungGen: 51072K->1440K(51200K)] 325645K->276013K(742400K), 0.0032695 secs] [Times: user=0.01 sys=0.00, real=0.00 secs] 
1037.167: [GC (Allocation Failure) [PSYoungGen: 51104K->1408K(51200K)] 325677K->275981K(742400K), 0.0042815 secs] [Times: user=0.02 sys=0.00, real=0.00 secs] 
1038.552: [GC (Allocation Failure) [PSYoungGen: 51072K->1408K(51200K)] 325645K->275981K(742400K), 0.0027242 secs] [Times: user=0.01 sys=0.00, real=0.01 secs] 
1039.636: [GC (Allocation Failure) [PSYoungGen: 51072K->1376K(51200K)] 325645K->275949K(742400K), 0.0042557 secs] [Times: user=0.01 sys=0.01, real=0.00 secs] 
1040.167: [GC (Allocation Failure) [PSYoungGen: 51040K->1376K(51200K)] 325613K->275949K(742400K), 0.0033041 secs] [Times: user=0.01 sys=0.00, real=0.00 secs] 
1040.423: [GC (Allocation Failure) [PSYoungGen: 51040K->1408K(51200K)] 325613K->275981K(742400K), 0.0020320 secs] [Times: user=0.01 sys=0.00, real=0.01 secs] 
1040.804: [GC (Allocation Failure) [PSYoungGen: 51072K->1408K(51200K)] 325645K->275981K(742400K), 0.0020883 secs] [Times: user=0.01 sys=0.00, real=0.00 secs] 
1041.368: [GC (Allocation Failure) [PSYoungGen: 51072K->1376K(51200K)] 325645K->275949K(742400K), 0.0020370 secs] [Times: user=0.01 sys=0.00, real=0.00 secs] 
1042.204: [GC (Allocation Failure) [PSYoungGen: 51040K->1440K(51200K)] 325613K->276013K(742400K), 0.0018833 secs] [Times: user=0.01 sys=0.00, real=0.00 secs] 
1042.613: [GC (Allocation Failure) [PSYoungGen: 51104K->1376K(51200K)] 325677K->275957K(742400K), 0.0020199 secs] [Times: user=0.01 sys=0.00, real=0.01 secs] 
1043.035: [GC (Allocation Failure) [PSYoungGen: 51040K->1440K(51200K)] 325621K->276021K(742400K), 0.0019237 secs] [Times: user=0.01 sys=0.00, real=0.00 secs] 
1043.515: [GC (Allocation Failure) [PSYoungGen: 51104K->1376K(51200K)] 325685K->275957K(742400K), 0.0020830 secs] [Times: user=0.01 sys=0.00, real=0.00 secs] 
1043.890: [GC (Allocation Failure) [PSYoungGen: 51040K->1376K(51200K)] 325621K->275957K(742400K), 0.0022436 secs] [Times: user=0.00 sys=0.00, real=0.00 secs] 
1044.303: [GC (Allocation Failure) [PSYoungGen: 51040K->1408K(51200K)] 325621K->275989K(742400K), 0.0020921 secs] [Times: user=0.01 sys=0.00, real=0.01 secs] 
1045.292: [GC (Allocation Failure) [PSYoungGen: 51072K->1440K(51200K)] 325653K->276021K(742400K), 0.0022685 secs] [Times: user=0.01 sys=0.00, real=0.01 secs] 
1045.767: [GC (Allocation Failure) [PSYoungGen: 51104K->1408K(51200K)] 325685K->275989K(742400K), 0.0027152 secs] [Times: user=0.01 sys=0.00, real=0.00 secs] 
1046.154: [GC (Allocation Failure) [PSYoungGen: 51072K->1440K(51200K)] 325653K->276021K(742400K), 0.0024830 secs] [Times: user=0.01 sys=0.00, real=0.00 secs] 
1046.457: [GC (Allocation Failure) [PSYoungGen: 51104K->1408K(51200K)] 325685K->275989K(742400K), 0.0021065 secs] [Times: user=0.00 sys=0.00, real=0.00 secs] 
1046.664: [GC (Allocation Failure) [PSYoungGen: 51072K->1344K(51200K)] 325653K->275925K(742400K), 0.0020330 secs] [Times: user=0.00 sys=0.00, real=0.00 secs] 
1046.913: [GC (Allocation Failure) [PSYoungGen: 51008K->1440K(51200K)] 325589K->276021K(742400K), 0.0020140 secs] [Times: user=0.01 sys=0.00, real=0.00 secs] 
1047.757: [GC (Allocation Failure) [PSYoungGen: 51104K->1408K(51200K)] 325685K->275989K(742400K), 0.0019995 secs] [Times: user=0.01 sys=0.00, real=0.00 secs] 
1048.312: [GC (Allocation Failure) [PSYoungGen: 51072K->1424K(51200K)] 325653K->276005K(742400K), 0.0026980 secs] [Times: user=0.01 sys=0.00, real=0.01 secs] 
1048.916: [GC (Allocation Failure) [PSYoungGen: 51088K->1376K(51200K)] 325669K->275957K(742400K), 0.0042033 secs] [Times: user=0.02 sys=0.01, real=0.00 secs] 
1049.515: [GC (Allocation Failure) [PSYoungGen: 51040K->1344K(51200K)] 325621K->275949K(742400K), 0.0041578 secs] [Times: user=0.02 sys=0.01, real=0.00 secs] 
1050.089: [GC (Allocation Failure) [PSYoungGen: 51008K->1408K(51200K)] 325613K->276013K(742400K), 0.0042517 secs] [Times: user=0.02 sys=0.00, real=0.01 secs] 
1050.478: [GC (Allocation Failure) [PSYoungGen: 51072K->1344K(51200K)] 325677K->275949K(742400K), 0.0025501 secs] [Times: user=0.00 sys=0.00, real=0.00 secs] 
1051.496: [GC (Allocation Failure) [PSYoungGen: 51008K->1408K(51200K)] 325613K->276013K(742400K), 0.0020544 secs] [Times: user=0.01 sys=0.00, real=0.00 secs] 
1052.143: [GC (Allocation Failure) [PSYoungGen: 51072K->1408K(51200K)] 325677K->276013K(742400K), 0.0019515 secs] [Times: user=0.01 sys=0.00, real=0.01 secs] 
1052.764: [GC (Allocation Failure) [PSYoungGen: 51072K->1376K(51200K)] 325677K->275981K(742400K), 0.0029711 secs] [Times: user=0.01 sys=0.00, real=0.00 secs] 
1053.368: [GC (Allocation Failure) [PSYoungGen: 51040K->1408K(51200K)] 325645K->276021K(742400K), 0.0041838 secs] [Times: user=0.02 sys=0.00, real=0.00 secs] 
1053.903: [GC (Allocation Failure) [PSYoungGen: 51072K->1376K(51200K)] 325685K->275989K(742400K), 0.0037322 secs] [Times: user=0.01 sys=0.00, real=0.01 secs] 
1054.289: [GC (Allocation Failure) [PSYoungGen: 51040K->1408K(51200K)] 325653K->276021K(742400K), 0.0030814 secs] [Times: user=0.01 sys=0.00, real=0.00 secs] 
1055.215: [GC (Allocation Failure) [PSYoungGen: 51072K->1408K(51200K)] 325685K->276021K(742400K), 0.0025585 secs] [Times: user=0.01 sys=0.00, real=0.00 secs] 
1055.704: [GC (Allocation Failure) [PSYoungGen: 51072K->1408K(51200K)] 325685K->276021K(742400K), 0.0037911 secs] [Times: user=0.02 sys=0.00, real=0.00 secs] 
1056.190: [GC (Allocation Failure) [PSYoungGen: 51072K->1424K(51200K)] 325685K->276037K(742400K), 0.0038803 secs] [Times: user=0.01 sys=0.00, real=0.01 secs] 
1056.761: [GC (Allocation Failure) [PSYoungGen: 51088K->1376K(51200K)] 325701K->275989K(742400K), 0.0024620 secs] [Times: user=0.01 sys=0.00, real=0.01 secs] 
1057.112: [GC (Allocation Failure) [PSYoungGen: 51040K->1344K(51200K)] 325653K->275957K(742400K), 0.0022994 secs] [Times: user=0.01 sys=0.00, real=0.01 secs] 
1057.468: [GC (Allocation Failure) [PSYoungGen: 51008K->1408K(51200K)] 325621K->276021K(742400K), 0.0030470 secs] [Times: user=0.02 sys=0.00, real=0.00 secs] 
1058.328: [GC (Allocation Failure) [PSYoungGen: 51072K->1440K(51200K)] 325685K->276053K(742400K), 0.0020473 secs] [Times: user=0.01 sys=0.00, real=0.00 secs] 
1058.734: [GC (Allocation Failure) [PSYoungGen: 51104K->1376K(51200K)] 325717K->275989K(742400K), 0.0023900 secs] [Times: user=0.01 sys=0.00, real=0.00 secs] 
1059.113: [GC (Allocation Failure) [PSYoungGen: 51040K->1408K(51200K)] 325653K->276021K(742400K), 0.0023025 secs] [Times: user=0.01 sys=0.00, real=0.00 secs] 
1059.374: [GC (Allocation Failure) [PSYoungGen: 51072K->1408K(51200K)] 325685K->276021K(742400K), 0.0020736 secs] [Times: user=0.01 sys=0.00, real=0.00 secs] 
1059.580: [GC (Allocation Failure) [PSYoungGen: 51072K->1376K(51200K)] 325685K->276013K(742400K), 0.0019745 secs] [Times: user=0.01 sys=0.00, real=0.00 secs] 
1059.787: [GC (Allocation Failure) [PSYoungGen: 51040K->1376K(51200K)] 325677K->276013K(742400K), 0.0018536 secs] [Times: user=0.00 sys=0.00, real=0.00 secs] 
1060.710: [GC (Allocation Failure) [PSYoungGen: 51040K->1408K(51200K)] 325677K->276045K(742400K), 0.0019952 secs] [Times: user=0.00 sys=0.00, real=0.00 secs] 
1061.177: [GC (Allocation Failure) [PSYoungGen: 51072K->1376K(51200K)] 325709K->276013K(742400K), 0.0019885 secs] [Times: user=0.00 sys=0.00, real=0.00 secs] 
1061.612: [GC (Allocation Failure) [PSYoungGen: 51040K->1344K(51200K)] 325677K->275981K(742400K), 0.0020896 secs] [Times: user=0.00 sys=0.00, real=0.01 secs] 
1062.011: [GC (Allocation Failure) [PSYoungGen: 51008K->1376K(51200K)] 325645K->276013K(742400K), 0.0020982 secs] [Times: user=0.01 sys=0.00, real=0.00 secs] 
1062.432: [GC (Allocation Failure) [PSYoungGen: 51040K->1408K(51200K)] 325677K->276045K(742400K), 0.0023734 secs] [Times: user=0.01 sys=0.00, real=0.01 secs] 
1062.845: [GC (Allocation Failure) [PSYoungGen: 51072K->1376K(51200K)] 325709K->276013K(742400K), 0.0024327 secs] [Times: user=0.01 sys=0.00, real=0.00 secs] 
1064.065: [GC (Allocation Failure) [PSYoungGen: 51040K->1440K(51200K)] 325677K->276085K(742400K), 0.0027084 secs] [Times: user=0.01 sys=0.00, real=0.00 secs] 
1064.798: [GC (Allocation Failure) [PSYoungGen: 51104K->1408K(51200K)] 325749K->276053K(742400K), 0.0037678 secs] [Times: user=0.01 sys=0.00, real=0.00 secs] 
1065.482: [GC (Allocation Failure) [PSYoungGen: 51072K->1376K(51200K)] 325717K->276021K(742400K), 0.0030938 secs] [Times: user=0.02 sys=0.00, real=0.01 secs] 
1065.868: [GC (Allocation Failure) [PSYoungGen: 51040K->1408K(51200K)] 325685K->276053K(742400K), 0.0026101 secs] [Times: user=0.01 sys=0.00, real=0.00 secs] 
1066.276: [GC (Allocation Failure) [PSYoungGen: 51072K->1376K(51200K)] 325717K->276021K(742400K), 0.0026294 secs] [Times: user=0.01 sys=0.00, real=0.00 secs] 
1066.480: [GC (Allocation Failure) [PSYoungGen: 51040K->1376K(51200K)] 325685K->276021K(742400K), 0.0020518 secs] [Times: user=0.01 sys=0.00, real=0.00 secs] 
1068.125: [GC (Allocation Failure) [PSYoungGen: 51040K->1440K(51200K)] 325685K->276085K(742400K), 0.0038907 secs] [Times: user=0.02 sys=0.00, real=0.00 secs] 
1068.580: [GC (Allocation Failure) [PSYoungGen: 51104K->1408K(51200K)] 325749K->276053K(742400K), 0.0030313 secs] [Times: user=0.01 sys=0.00, real=0.00 secs] 
1068.838: [GC (Allocation Failure) [PSYoungGen: 51072K->1408K(51200K)] 325717K->276053K(742400K), 0.0021214 secs] [Times: user=0.00 sys=0.00, real=0.00 secs] 
1069.044: [GC (Allocation Failure) [PSYoungGen: 51072K->1408K(51200K)] 325717K->276053K(742400K), 0.0020052 secs] [Times: user=0.01 sys=0.00, real=0.00 secs] 
1069.351: [GC (Allocation Failure) [PSYoungGen: 51072K->1376K(51200K)] 325717K->276021K(742400K), 0.0020060 secs] [Times: user=0.00 sys=0.01, real=0.00 secs] 
1069.748: [GC (Allocation Failure) [PSYoungGen: 51040K->1344K(51200K)] 325685K->275997K(742400K), 0.0021311 secs] [Times: user=0.01 sys=0.00, real=0.00 secs] 
1070.561: [GC (Allocation Failure) [PSYoungGen: 51008K->1408K(51200K)] 325661K->276093K(742400K), 0.0017889 secs] [Times: user=0.00 sys=0.00, real=0.00 secs] 
1071.181: [GC (Allocation Failure) [PSYoungGen: 51072K->1408K(51200K)] 325757K->276093K(742400K), 0.0016776 secs] [Times: user=0.00 sys=0.00, real=0.00 secs] 
1071.792: [GC (Allocation Failure) [PSYoungGen: 51072K->1424K(51200K)] 325757K->276109K(742400K), 0.0016041 secs] [Times: user=0.00 sys=0.00, real=0.01 secs] 
1072.429: [GC (Allocation Failure) [PSYoungGen: 51088K->1376K(51200K)] 325773K->276069K(742400K), 0.0019227 secs] [Times: user=0.01 sys=0.00, real=0.00 secs] 
1072.901: [GC (Allocation Failure) [PSYoungGen: 51040K->1408K(51200K)] 325733K->276101K(742400K), 0.0020360 secs] [Times: user=0.01 sys=0.00, real=0.00 secs] 
1073.234: [GC (Allocation Failure) [PSYoungGen: 51072K->1408K(51200K)] 325765K->276101K(742400K), 0.0021723 secs] [Times: user=0.01 sys=0.00, real=0.00 secs] 
1074.121: [GC (Allocation Failure) [PSYoungGen: 51072K->1472K(51200K)] 325765K->276165K(742400K), 0.0017853 secs] [Times: user=0.00 sys=0.00, real=0.00 secs] 
1074.686: [GC (Allocation Failure) [PSYoungGen: 51136K->1408K(51200K)] 325829K->276101K(742400K), 0.0042427 secs] [Times: user=0.02 sys=0.00, real=0.00 secs] 
1075.300: [GC (Allocation Failure) [PSYoungGen: 51072K->1376K(51200K)] 325765K->276069K(742400K), 0.0038606 secs] [Times: user=0.02 sys=0.00, real=0.01 secs] 
1075.787: [GC (Allocation Failure) [PSYoungGen: 51040K->1408K(51200K)] 325733K->276109K(742400K), 0.0027563 secs] [Times: user=0.01 sys=0.00, real=0.00 secs] 
1076.198: [GC (Allocation Failure) [PSYoungGen: 51072K->1376K(51200K)] 325773K->276077K(742400K), 0.0022335 secs] [Times: user=0.00 sys=0.00, real=0.00 secs] 
1076.422: [GC (Allocation Failure) [PSYoungGen: 51040K->1408K(51200K)] 325741K->276109K(742400K), 0.0020236 secs] [Times: user=0.01 sys=0.00, real=0.01 secs] 
1077.267: [GC (Allocation Failure) [PSYoungGen: 51072K->1440K(51200K)] 325773K->276141K(742400K), 0.0020046 secs] [Times: user=0.01 sys=0.00, real=0.00 secs] 
1077.713: [GC (Allocation Failure) [PSYoungGen: 51104K->1456K(51200K)] 325805K->276157K(742400K), 0.0038183 secs] [Times: user=0.02 sys=0.00, real=0.01 secs] 
1078.301: [GC (Allocation Failure) [PSYoungGen: 51120K->1408K(51200K)] 325821K->276109K(742400K), 0.0025532 secs] [Times: user=0.02 sys=0.00, real=0.01 secs] 
1078.954: [GC (Allocation Failure) [PSYoungGen: 51072K->1376K(51200K)] 325773K->276077K(742400K), 0.0030916 secs] [Times: user=0.01 sys=0.00, real=0.00 secs] 
1079.507: [GC (Allocation Failure) [PSYoungGen: 51040K->1408K(51200K)] 325741K->276109K(742400K), 0.0030346 secs] [Times: user=0.01 sys=0.00, real=0.00 secs] 
1079.948: [GC (Allocation Failure) [PSYoungGen: 51072K->1376K(51200K)] 325773K->276101K(742400K), 0.0031008 secs] [Times: user=0.01 sys=0.00, real=0.00 secs] 
1080.918: [GC (Allocation Failure) [PSYoungGen: 51040K->1408K(51200K)] 325765K->276133K(742400K), 0.0026280 secs] [Times: user=0.01 sys=0.00, real=0.00 secs] 
1081.333: [GC (Allocation Failure) [PSYoungGen: 51072K->1408K(51200K)] 325797K->276133K(742400K), 0.0020708 secs] [Times: user=0.00 sys=0.01, real=0.00 secs] 
1081.626: [GC (Allocation Failure) [PSYoungGen: 51072K->1424K(51200K)] 325797K->276149K(742400K), 0.0018565 secs] [Times: user=0.01 sys=0.00, real=0.00 secs] 
1081.832: [GC (Allocation Failure) [PSYoungGen: 51088K->1376K(51200K)] 325813K->276109K(742400K), 0.0020491 secs] [Times: user=0.01 sys=0.00, real=0.01 secs] 
1082.083: [GC (Allocation Failure) [PSYoungGen: 51040K->1408K(51200K)] 325773K->276141K(742400K), 0.0019556 secs] [Times: user=0.01 sys=0.00, real=0.00 secs] 
1082.498: [GC (Allocation Failure) [PSYoungGen: 51072K->1408K(51200K)] 325805K->276141K(742400K), 0.0023148 secs] [Times: user=0.01 sys=0.00, real=0.00 secs] 
1083.303: [GC (Allocation Failure) [PSYoungGen: 51072K->1440K(51200K)] 325805K->276173K(742400K), 0.0019342 secs] [Times: user=0.00 sys=0.00, real=0.01 secs] 
1083.715: [GC (Allocation Failure) [PSYoungGen: 51104K->1376K(51200K)] 325837K->276109K(742400K), 0.0020613 secs] [Times: user=0.01 sys=0.00, real=0.00 secs] 
1084.025: [GC (Allocation Failure) [PSYoungGen: 51040K->1392K(51200K)] 325773K->276125K(742400K), 0.0019838 secs] [Times: user=0.01 sys=0.00, real=0.00 secs] 
1084.232: [GC (Allocation Failure) [PSYoungGen: 51056K->1408K(51200K)] 325789K->276141K(742400K), 0.0020265 secs] [Times: user=0.01 sys=0.00, real=0.01 secs] 
1084.438: [GC (Allocation Failure) [PSYoungGen: 51072K->1344K(51200K)] 325805K->276077K(742400K), 0.0019230 secs] [Times: user=0.01 sys=0.00, real=0.00 secs] 
1084.846: [GC (Allocation Failure) [PSYoungGen: 51008K->1408K(51200K)] 325741K->276141K(742400K), 0.0020879 secs] [Times: user=0.01 sys=0.00, real=0.00 secs] 
1085.726: [GC (Allocation Failure) [PSYoungGen: 51072K->1440K(51200K)] 325805K->276173K(742400K), 0.0019536 secs] [Times: user=0.01 sys=0.00, real=0.00 secs] 
1086.163: [GC (Allocation Failure) [PSYoungGen: 51104K->1408K(51200K)] 325837K->276141K(742400K), 0.0019998 secs] [Times: user=0.00 sys=0.00, real=0.01 secs] 
1086.574: [GC (Allocation Failure) [PSYoungGen: 51072K->1376K(51200K)] 325805K->276109K(742400K), 0.0019260 secs] [Times: user=0.01 sys=0.00, real=0.00 secs] 
1087.033: [GC (Allocation Failure) [PSYoungGen: 51040K->1376K(51200K)] 325773K->276117K(742400K), 0.0021867 secs] [Times: user=0.01 sys=0.00, real=0.01 secs] 
1087.444: [GC (Allocation Failure) [PSYoungGen: 51040K->1376K(51200K)] 325781K->276117K(742400K), 0.0020255 secs] [Times: user=0.00 sys=0.00, real=0.00 secs] 
1087.939: [GC (Allocation Failure) [PSYoungGen: 51040K->1376K(51200K)] 325781K->276149K(742400K), 0.0019231 secs] [Times: user=0.01 sys=0.00, real=0.00 secs] 
1088.739: [GC (Allocation Failure) [PSYoungGen: 51040K->1408K(51200K)] 325813K->276181K(742400K), 0.0018304 secs] [Times: user=0.00 sys=0.00, real=0.00 secs] 
1089.030: [GC (Allocation Failure) [PSYoungGen: 51072K->1376K(51200K)] 325845K->276149K(742400K), 0.0021257 secs] [Times: user=0.01 sys=0.00, real=0.00 secs] 
1089.245: [GC (Allocation Failure) [PSYoungGen: 51040K->1376K(51200K)] 325813K->276149K(742400K), 0.0021335 secs] [Times: user=0.01 sys=0.00, real=0.00 secs] 
1089.451: [GC (Allocation Failure) [PSYoungGen: 51040K->1408K(51200K)] 325813K->276189K(742400K), 0.0019832 secs] [Times: user=0.01 sys=0.00, real=0.00 secs] 
1089.756: [GC (Allocation Failure) [PSYoungGen: 51072K->1376K(51200K)] 325853K->276157K(742400K), 0.0020527 secs] [Times: user=0.01 sys=0.00, real=0.00 secs] 
1090.108: [GC (Allocation Failure) [PSYoungGen: 51040K->1376K(51200K)] 325821K->276157K(742400K), 0.0022026 secs] [Times: user=0.00 sys=0.00, real=0.00 secs] 
1090.785: [GC (Allocation Failure) [PSYoungGen: 51040K->1392K(51200K)] 325821K->276173K(742400K), 0.0014693 secs] [Times: user=0.00 sys=0.00, real=0.00 secs] 
1090.990: [GC (Allocation Failure) [PSYoungGen: 51056K->1440K(51200K)] 325837K->276221K(742400K), 0.0015503 secs] [Times: user=0.00 sys=0.00, real=0.00 secs] 
1091.338: [GC (Allocation Failure) [PSYoungGen: 51104K->1392K(51200K)] 325885K->276173K(742400K), 0.0018629 secs] [Times: user=0.00 sys=0.00, real=0.00 secs] 
1091.736: [GC (Allocation Failure) [PSYoungGen: 51056K->1344K(51200K)] 325837K->276125K(742400K), 0.0022258 secs] [Times: user=0.01 sys=0.00, real=0.00 secs] 
1092.126: [GC (Allocation Failure) [PSYoungGen: 51008K->1408K(51200K)] 325789K->276189K(742400K), 0.0023091 secs] [Times: user=0.01 sys=0.00, real=0.00 secs] 
1092.533: [GC (Allocation Failure) [PSYoungGen: 51072K->1376K(51200K)] 325853K->276157K(742400K), 0.0021777 secs] [Times: user=0.00 sys=0.00, real=0.01 secs] 
1093.397: [GC (Allocation Failure) [PSYoungGen: 51040K->1408K(51200K)] 325821K->276197K(742400K), 0.0018843 secs] [Times: user=0.01 sys=0.00, real=0.00 secs] 
1093.821: [GC (Allocation Failure) [PSYoungGen: 51072K->1424K(51200K)] 325861K->276213K(742400K), 0.0021437 secs] [Times: user=0.01 sys=0.00, real=0.01 secs] 
1094.263: [GC (Allocation Failure) [PSYoungGen: 51088K->1408K(51200K)] 325877K->276197K(742400K), 0.0019422 secs] [Times: user=0.01 sys=0.00, real=0.00 secs] 
1094.601: [GC (Allocation Failure) [PSYoungGen: 51072K->1344K(51200K)] 325861K->276141K(742400K), 0.0025925 secs] [Times: user=0.01 sys=0.00, real=0.01 secs] 
1094.898: [GC (Allocation Failure) [PSYoungGen: 51008K->1408K(51200K)] 325805K->276205K(742400K), 0.0019661 secs] [Times: user=0.01 sys=0.00, real=0.00 secs] 
1095.166: [GC (Allocation Failure) [PSYoungGen: 51072K->1408K(51200K)] 325869K->276205K(742400K), 0.0021004 secs] [Times: user=0.01 sys=0.00, real=0.00 secs] 
1096.109: [GC (Allocation Failure) [PSYoungGen: 51072K->1408K(51200K)] 325869K->276205K(742400K), 0.0018760 secs] [Times: user=0.01 sys=0.00, real=0.00 secs] 
1096.545: [GC (Allocation Failure) [PSYoungGen: 51072K->1376K(51200K)] 325869K->276173K(742400K), 0.0020068 secs] [Times: user=0.00 sys=0.00, real=0.00 secs] 
1097.027: [GC (Allocation Failure) [PSYoungGen: 51040K->1408K(51200K)] 325837K->276205K(742400K), 0.0042308 secs] [Times: user=0.02 sys=0.00, real=0.00 secs] 
1097.322: [GC (Allocation Failure) [PSYoungGen: 51072K->1376K(51200K)] 325869K->276173K(742400K), 0.0022955 secs] [Times: user=0.01 sys=0.00, real=0.01 secs] 
1097.554: [GC (Allocation Failure) [PSYoungGen: 51040K->1408K(51200K)] 325837K->276205K(742400K), 0.0020611 secs] [Times: user=0.01 sys=0.00, real=0.00 secs] 
1097.859: [GC (Allocation Failure) [PSYoungGen: 51072K->1408K(51200K)] 325869K->276205K(742400K), 0.0020038 secs] [Times: user=0.00 sys=0.00, real=0.00 secs] 
1098.854: [GC (Allocation Failure) [PSYoungGen: 51072K->1440K(51200K)] 325869K->276269K(742400K), 0.0032352 secs] [Times: user=0.02 sys=0.00, real=0.00 secs] 
1099.367: [GC (Allocation Failure) [PSYoungGen: 51104K->1424K(51200K)] 325933K->276253K(742400K), 0.0032992 secs] [Times: user=0.01 sys=0.00, real=0.00 secs] 
1099.922: [GC (Allocation Failure) [PSYoungGen: 51088K->1424K(51200K)] 325917K->276253K(742400K), 0.0029538 secs] [Times: user=0.01 sys=0.00, real=0.01 secs] 
1100.339: [GC (Allocation Failure) [PSYoungGen: 51088K->1392K(51200K)] 325917K->276221K(742400K), 0.0030487 secs] [Times: user=0.01 sys=0.00, real=0.00 secs] 
1100.724: [GC (Allocation Failure) [PSYoungGen: 51056K->1376K(51200K)] 325885K->276205K(742400K), 0.0023566 secs] [Times: user=0.02 sys=0.00, real=0.00 secs] 
1101.333: [GC (Allocation Failure) [PSYoungGen: 51040K->1376K(51200K)] 325869K->276205K(742400K), 0.0024607 secs] [Times: user=0.01 sys=0.00, real=0.00 secs] 
1102.429: [GC (Allocation Failure) [PSYoungGen: 51040K->1408K(51200K)] 325869K->276237K(742400K), 0.0018496 secs] [Times: user=0.01 sys=0.00, real=0.00 secs] 
1103.178: [GC (Allocation Failure) [PSYoungGen: 51072K->1376K(51200K)] 325901K->276205K(742400K), 0.0036000 secs] [Times: user=0.02 sys=0.00, real=0.00 secs] 
1103.988: [GC (Allocation Failure) [PSYoungGen: 51040K->1408K(51200K)] 325869K->276237K(742400K), 0.0059604 secs] [Times: user=0.02 sys=0.00, real=0.01 secs] 
1104.403: [GC (Allocation Failure) [PSYoungGen: 51072K->1376K(51200K)] 325901K->276213K(742400K), 0.0031390 secs] [Times: user=0.01 sys=0.00, real=0.01 secs] 
1104.772: [GC (Allocation Failure) [PSYoungGen: 51040K->1376K(51200K)] 325877K->276213K(742400K), 0.0024440 secs] [Times: user=0.01 sys=0.00, real=0.01 secs] 
1104.978: [GC (Allocation Failure) [PSYoungGen: 51040K->1376K(51200K)] 325877K->276213K(742400K), 0.0021093 secs] [Times: user=0.01 sys=0.00, real=0.00 secs] 
1105.863: [GC (Allocation Failure) [PSYoungGen: 51040K->1440K(51200K)] 325877K->276277K(742400K), 0.0019355 secs] [Times: user=0.00 sys=0.00, real=0.00 secs] 
1107.253: [GC (Allocation Failure) [PSYoungGen: 51104K->1376K(51200K)] 325941K->276213K(742400K), 0.0021679 secs] [Times: user=0.01 sys=0.00, real=0.01 secs] 
1107.492: [GC (Allocation Failure) [PSYoungGen: 51040K->1408K(51200K)] 325877K->276245K(742400K), 0.0020542 secs] [Times: user=0.01 sys=0.00, real=0.01 secs] 
1107.698: [GC (Allocation Failure) [PSYoungGen: 51072K->1408K(51200K)] 325909K->276245K(742400K), 0.0018851 secs] [Times: user=0.01 sys=0.00, real=0.00 secs] 
1107.958: [GC (Allocation Failure) [PSYoungGen: 51072K->1408K(51200K)] 325909K->276245K(742400K), 0.0019728 secs] [Times: user=0.01 sys=0.00, real=0.00 secs] 
1108.369: [GC (Allocation Failure) [PSYoungGen: 51072K->1376K(51200K)] 325909K->276213K(742400K), 0.0018420 secs] [Times: user=0.01 sys=0.00, real=0.00 secs] 
1109.362: [GC (Allocation Failure) [PSYoungGen: 51040K->1440K(51200K)] 325877K->276277K(742400K), 0.0021053 secs] [Times: user=0.01 sys=0.00, real=0.01 secs] 
1109.797: [GC (Allocation Failure) [PSYoungGen: 51104K->1376K(51200K)] 325941K->276213K(742400K), 0.0019780 secs] [Times: user=0.01 sys=0.00, real=0.00 secs] 
1110.306: [GC (Allocation Failure) [PSYoungGen: 51040K->1440K(51200K)] 325877K->276277K(742400K), 0.0033192 secs] [Times: user=0.01 sys=0.00, real=0.00 secs] 
1110.692: [GC (Allocation Failure) [PSYoungGen: 51104K->1344K(51200K)] 325941K->276197K(742400K), 0.0025134 secs] [Times: user=0.01 sys=0.00, real=0.01 secs] 
1111.082: [GC (Allocation Failure) [PSYoungGen: 51008K->1408K(51200K)] 325861K->276261K(742400K), 0.0036971 secs] [Times: user=0.01 sys=0.00, real=0.01 secs] 
1111.557: [GC (Allocation Failure) [PSYoungGen: 51072K->1376K(51200K)] 325925K->276229K(742400K), 0.0020172 secs] [Times: user=0.01 sys=0.00, real=0.00 secs] 
1112.993: [GC (Allocation Failure) [PSYoungGen: 51040K->1408K(51200K)] 325893K->276261K(742400K), 0.0020012 secs] [Times: user=0.00 sys=0.00, real=0.01 secs] 
1113.417: [GC (Allocation Failure) [PSYoungGen: 51072K->1344K(51200K)] 325925K->276197K(742400K), 0.0021765 secs] [Times: user=0.01 sys=0.00, real=0.00 secs] 
1113.826: [GC (Allocation Failure) [PSYoungGen: 51008K->1408K(51200K)] 325861K->276261K(742400K), 0.0020214 secs] [Times: user=0.01 sys=0.00, real=0.00 secs] 
1114.254: [GC (Allocation Failure) [PSYoungGen: 51072K->1376K(51200K)] 325925K->276229K(742400K), 0.0020175 secs] [Times: user=0.01 sys=0.00, real=0.00 secs] 
1114.501: [GC (Allocation Failure) [PSYoungGen: 51040K->1408K(51200K)] 325893K->276261K(742400K), 0.0019886 secs] [Times: user=0.01 sys=0.00, real=0.00 secs] 
1114.707: [GC (Allocation Failure) [PSYoungGen: 51072K->1392K(51200K)] 325925K->276245K(742400K), 0.0021367 secs] [Times: user=0.00 sys=0.00, real=0.00 secs] 
1115.482: [GC (Allocation Failure) [PSYoungGen: 51056K->1440K(51200K)] 325909K->276293K(742400K), 0.0017777 secs] [Times: user=0.00 sys=0.00, real=0.01 secs] 
1115.927: [GC (Allocation Failure) [PSYoungGen: 51104K->1392K(51200K)] 325957K->276245K(742400K), 0.0020822 secs] [Times: user=0.01 sys=0.00, real=0.00 secs] 
1116.365: [GC (Allocation Failure) [PSYoungGen: 51056K->1408K(51200K)] 325909K->276261K(742400K), 0.0038880 secs] [Times: user=0.01 sys=0.00, real=0.00 secs] 
1116.892: [GC (Allocation Failure) [PSYoungGen: 51072K->1392K(51200K)] 325925K->276245K(742400K), 0.0025688 secs] [Times: user=0.01 sys=0.00, real=0.01 secs] 
1117.418: [GC (Allocation Failure) [PSYoungGen: 51056K->1392K(51200K)] 325909K->276245K(742400K), 0.0027511 secs] [Times: user=0.01 sys=0.00, real=0.00 secs] 
1117.828: [GC (Allocation Failure) [PSYoungGen: 51056K->1376K(51200K)] 325909K->276229K(742400K), 0.0025661 secs] [Times: user=0.01 sys=0.00, real=0.00 secs] 
1118.990: [GC (Allocation Failure) [PSYoungGen: 51040K->1408K(51200K)] 325893K->276261K(742400K), 0.0030986 secs] [Times: user=0.01 sys=0.00, real=0.00 secs] 
1119.456: [GC (Allocation Failure) [PSYoungGen: 51072K->1344K(51200K)] 325925K->276197K(742400K), 0.0023182 secs] [Times: user=0.01 sys=0.00, real=0.00 secs] 
1119.846: [GC (Allocation Failure) [PSYoungGen: 51008K->1392K(51200K)] 325861K->276245K(742400K), 0.0021794 secs] [Times: user=0.01 sys=0.00, real=0.00 secs] 
1120.313: [GC (Allocation Failure) [PSYoungGen: 51056K->1344K(51200K)] 325909K->276213K(742400K), 0.0022405 secs] [Times: user=0.00 sys=0.00, real=0.01 secs] 
1120.538: [GC (Allocation Failure) [PSYoungGen: 51008K->1392K(51200K)] 325877K->276261K(742400K), 0.0019145 secs] [Times: user=0.00 sys=0.00, real=0.00 secs] 
1120.744: [GC (Allocation Failure) [PSYoungGen: 51056K->1312K(51200K)] 325925K->276181K(742400K), 0.0020156 secs] [Times: user=0.00 sys=0.00, real=0.00 secs] 
1121.389: [GC (Allocation Failure) [PSYoungGen: 50976K->1344K(51200K)] 325845K->276213K(742400K), 0.0018466 secs] [Times: user=0.01 sys=0.00, real=0.00 secs] 
1121.595: [GC (Allocation Failure) [PSYoungGen: 51008K->1376K(51200K)] 325877K->276245K(742400K), 0.0017266 secs] [Times: user=0.01 sys=0.00, real=0.00 secs] 
1121.801: [GC (Allocation Failure) [PSYoungGen: 51040K->1344K(51200K)] 325909K->276213K(742400K), 0.0018338 secs] [Times: user=0.01 sys=0.00, real=0.00 secs] 
1122.007: [GC (Allocation Failure) [PSYoungGen: 51008K->1376K(51200K)] 325877K->276245K(742400K), 0.0017886 secs] [Times: user=0.01 sys=0.00, real=0.00 secs] 
1122.468: [GC (Allocation Failure) [PSYoungGen: 51040K->1376K(51200K)] 325909K->276245K(742400K), 0.0014952 secs] [Times: user=0.00 sys=0.00, real=0.00 secs] 
1122.674: [GC (Allocation Failure) [PSYoungGen: 51040K->1392K(51200K)] 325909K->276261K(742400K), 0.0014742 secs] [Times: user=0.00 sys=0.00, real=0.00 secs] 
1122.880: [GC (Allocation Failure) [PSYoungGen: 51056K->1312K(51200K)] 325925K->276181K(742400K), 0.0013839 secs] [Times: user=0.00 sys=0.00, real=0.00 secs] 
1123.085: [GC (Allocation Failure) [PSYoungGen: 50976K->1344K(51200K)] 325845K->276213K(742400K), 0.0015324 secs] [Times: user=0.01 sys=0.00, real=0.00 secs] 
1123.296: [GC (Allocation Failure) [PSYoungGen: 51008K->1376K(51200K)] 325877K->276245K(742400K), 0.0029704 secs] [Times: user=0.01 sys=0.00, real=0.00 secs] 
1123.499: [GC (Allocation Failure) [PSYoungGen: 51040K->1344K(51200K)] 325909K->276221K(742400K), 0.0023931 secs] [Times: user=0.00 sys=0.00, real=0.00 secs] 
1125.421: [GC (Allocation Failure) [PSYoungGen: 51008K->1376K(51200K)] 325885K->276253K(742400K), 0.0017000 secs] [Times: user=0.00 sys=0.00, real=0.00 secs] 
1125.627: [GC (Allocation Failure) [PSYoungGen: 51040K->1344K(51200K)] 325917K->276221K(742400K), 0.0018249 secs] [Times: user=0.01 sys=0.00, real=0.00 secs] 
1125.833: [GC (Allocation Failure) [PSYoungGen: 51008K->1344K(51200K)] 325885K->276221K(742400K), 0.0018153 secs] [Times: user=0.01 sys=0.00, real=0.01 secs] 
1126.039: [GC (Allocation Failure) [PSYoungGen: 51008K->1344K(51200K)] 325885K->276221K(742400K), 0.0018048 secs] [Times: user=0.00 sys=0.00, real=0.00 secs] 
1126.244: [GC (Allocation Failure) [PSYoungGen: 51008K->1376K(51200K)] 325885K->276253K(742400K), 0.0016400 secs] [Times: user=0.00 sys=0.00, real=0.00 secs] 
1126.480: [GC (Allocation Failure) [PSYoungGen: 51040K->1344K(51200K)] 325917K->276221K(742400K), 0.0019645 secs] [Times: user=0.01 sys=0.00, real=0.00 secs] 
1127.125: [GC (Allocation Failure) [PSYoungGen: 51008K->1376K(51200K)] 325885K->276277K(742400K), 0.0018181 secs] [Times: user=0.00 sys=0.00, real=0.00 secs] 
1127.475: [GC (Allocation Failure) [PSYoungGen: 51040K->1376K(51200K)] 325941K->276277K(742400K), 0.0020199 secs] [Times: user=0.01 sys=0.00, real=0.00 secs] 
1127.859: [GC (Allocation Failure) [PSYoungGen: 51040K->1344K(51200K)] 325941K->276245K(742400K), 0.0018079 secs] [Times: user=0.01 sys=0.00, real=0.00 secs] 
1128.264: [GC (Allocation Failure) [PSYoungGen: 51008K->1344K(51200K)] 325909K->276245K(742400K), 0.0018493 secs] [Times: user=0.01 sys=0.00, real=0.00 secs] 
1128.695: [GC (Allocation Failure) [PSYoungGen: 51008K->1408K(51200K)] 325909K->276309K(742400K), 0.0019759 secs] [Times: user=0.01 sys=0.00, real=0.00 secs] 
1129.110: [GC (Allocation Failure) [PSYoungGen: 51072K->1376K(51200K)] 325973K->276277K(742400K), 0.0037673 secs] [Times: user=0.02 sys=0.00, real=0.01 secs] 
1130.669: [GC (Allocation Failure) [PSYoungGen: 51040K->1376K(51200K)] 325941K->276277K(742400K), 0.0031136 secs] [Times: user=0.02 sys=0.00, real=0.00 secs] 
1131.978: [GC (Allocation Failure) [PSYoungGen: 51040K->1376K(51200K)] 325941K->276277K(742400K), 0.0026795 secs] [Times: user=0.01 sys=0.00, real=0.00 secs] 
1132.181: [GC (Allocation Failure) [PSYoungGen: 51040K->1376K(51200K)] 325941K->276277K(742400K), 0.0019947 secs] [Times: user=0.01 sys=0.00, real=0.00 secs] 
1132.387: [GC (Allocation Failure) [PSYoungGen: 51040K->1376K(51200K)] 325941K->276277K(742400K), 0.0020154 secs] [Times: user=0.01 sys=0.00, real=0.00 secs] 
1132.721: [GC (Allocation Failure) [PSYoungGen: 51040K->1376K(51200K)] 325941K->276277K(742400K), 0.0020656 secs] [Times: user=0.01 sys=0.00, real=0.01 secs] 
1133.249: [GC (Allocation Failure) [PSYoungGen: 51040K->1344K(51200K)] 325941K->276245K(742400K), 0.0017784 secs] [Times: user=0.01 sys=0.00, real=0.00 secs] 
1134.003: [GC (Allocation Failure) [PSYoungGen: 51008K->1408K(51200K)] 325909K->276309K(742400K), 0.0017011 secs] [Times: user=0.01 sys=0.00, real=0.00 secs] 
1134.219: [GC (Allocation Failure) [PSYoungGen: 51072K->1440K(51200K)] 325973K->276341K(742400K), 0.0018802 secs] [Times: user=0.01 sys=0.00, real=0.00 secs] 
1134.429: [GC (Allocation Failure) [PSYoungGen: 51104K->1360K(51200K)] 326005K->276261K(742400K), 0.0016609 secs] [Times: user=0.01 sys=0.00, real=0.00 secs] 
1134.638: [GC (Allocation Failure) [PSYoungGen: 51024K->1408K(51200K)] 325925K->276325K(742400K), 0.0016629 secs] [Times: user=0.00 sys=0.00, real=0.00 secs] 
1134.962: [GC (Allocation Failure) [PSYoungGen: 51072K->1408K(51200K)] 325989K->276325K(742400K), 0.0020106 secs] [Times: user=0.01 sys=0.00, real=0.01 secs] 
1135.172: [GC (Allocation Failure) [PSYoungGen: 51072K->1344K(51200K)] 325989K->276261K(742400K), 0.0019835 secs] [Times: user=0.01 sys=0.00, real=0.01 secs] 
1135.884: [GC (Allocation Failure) [PSYoungGen: 51008K->1376K(51200K)] 325925K->276293K(742400K), 0.0018722 secs] [Times: user=0.00 sys=0.00, real=0.00 secs] 
1136.114: [GC (Allocation Failure) [PSYoungGen: 51040K->1376K(51200K)] 325957K->276293K(742400K), 0.0017484 secs] [Times: user=0.01 sys=0.00, real=0.00 secs] 
1136.548: [GC (Allocation Failure) [PSYoungGen: 51040K->1392K(51200K)] 325957K->276309K(742400K), 0.0019500 secs] [Times: user=0.01 sys=0.00, real=0.00 secs] 
1137.101: [GC (Allocation Failure) [PSYoungGen: 51056K->1376K(51200K)] 325973K->276293K(742400K), 0.0021141 secs] [Times: user=0.01 sys=0.00, real=0.01 secs] 
1137.611: [GC (Allocation Failure) [PSYoungGen: 51040K->1440K(51200K)] 325957K->276389K(742400K), 0.0021175 secs] [Times: user=0.01 sys=0.00, real=0.00 secs] 
1138.123: [GC (Allocation Failure) [PSYoungGen: 51104K->1344K(51200K)] 326053K->276293K(742400K), 0.0021535 secs] [Times: user=0.00 sys=0.00, real=0.00 secs] 
1139.052: [GC (Allocation Failure) [PSYoungGen: 51008K->1440K(51200K)] 325957K->276389K(742400K), 0.0016903 secs] [Times: user=0.00 sys=0.00, real=0.01 secs] 
1139.642: [GC (Allocation Failure) [PSYoungGen: 51104K->1376K(51200K)] 326053K->276325K(742400K), 0.0019358 secs] [Times: user=0.00 sys=0.00, real=0.01 secs] 
1140.080: [GC (Allocation Failure) [PSYoungGen: 51040K->1376K(51200K)] 325989K->276325K(742400K), 0.0020628 secs] [Times: user=0.01 sys=0.00, real=0.00 secs] 
1140.486: [GC (Allocation Failure) [PSYoungGen: 51040K->1392K(51200K)] 325989K->276349K(742400K), 0.0020699 secs] [Times: user=0.00 sys=0.00, real=0.00 secs] 
1140.695: [GC (Allocation Failure) [PSYoungGen: 51056K->1376K(51200K)] 326013K->276333K(742400K), 0.0021021 secs] [Times: user=0.01 sys=0.00, real=0.00 secs] 
1140.902: [GC (Allocation Failure) [PSYoungGen: 51040K->1344K(51200K)] 325997K->276301K(742400K), 0.0020773 secs] [Times: user=0.01 sys=0.00, real=0.01 secs] 
1142.587: [GC (Allocation Failure) [PSYoungGen: 51008K->1408K(51200K)] 325965K->276365K(742400K), 0.0030745 secs] [Times: user=0.02 sys=0.00, real=0.00 secs] 
1143.626: [GC (Allocation Failure) [PSYoungGen: 51072K->1376K(51200K)] 326029K->276333K(742400K), 0.0030604 secs] [Times: user=0.01 sys=0.00, real=0.00 secs] 
1144.032: [GC (Allocation Failure) [PSYoungGen: 51040K->1408K(51200K)] 325997K->276365K(742400K), 0.0031247 secs] [Times: user=0.01 sys=0.00, real=0.01 secs] 
1144.521: [GC (Allocation Failure) [PSYoungGen: 51072K->1408K(51200K)] 326029K->276365K(742400K), 0.0030055 secs] [Times: user=0.01 sys=0.00, real=0.01 secs] 
1145.052: [GC (Allocation Failure) [PSYoungGen: 51072K->1376K(51200K)] 326029K->276333K(742400K), 0.0027487 secs] [Times: user=0.02 sys=0.00, real=0.01 secs] 
1145.510: [GC (Allocation Failure) [PSYoungGen: 51040K->1376K(51200K)] 325997K->276333K(742400K), 0.0023173 secs] [Times: user=0.01 sys=0.00, real=0.00 secs] 
1146.476: [GC (Allocation Failure) [PSYoungGen: 51040K->1440K(51200K)] 325997K->276397K(742400K), 0.0018451 secs] [Times: user=0.01 sys=0.00, real=0.00 secs] 
1147.142: [GC (Allocation Failure) [PSYoungGen: 51104K->1376K(51200K)] 326061K->276333K(742400K), 0.0020156 secs] [Times: user=0.00 sys=0.00, real=0.01 secs] 
1147.683: [GC (Allocation Failure) [PSYoungGen: 51040K->1376K(51200K)] 325997K->276333K(742400K), 0.0020068 secs] [Times: user=0.01 sys=0.00, real=0.01 secs] 
1148.170: [GC (Allocation Failure) [PSYoungGen: 51040K->1376K(51200K)] 325997K->276333K(742400K), 0.0022380 secs] [Times: user=0.01 sys=0.00, real=0.00 secs] 
1148.664: [GC (Allocation Failure) [PSYoungGen: 51040K->1344K(51200K)] 325997K->276301K(742400K), 0.0022681 secs] [Times: user=0.01 sys=0.00, real=0.00 secs] 
1149.079: [GC (Allocation Failure) [PSYoungGen: 51008K->1344K(51200K)] 325965K->276301K(742400K), 0.0022402 secs] [Times: user=0.01 sys=0.00, real=0.00 secs] 
1150.097: [GC (Allocation Failure) [PSYoungGen: 51008K->1408K(51200K)] 325965K->276365K(742400K), 0.0030878 secs] [Times: user=0.02 sys=0.00, real=0.00 secs] 
1150.545: [GC (Allocation Failure) [PSYoungGen: 51072K->1408K(51200K)] 326029K->276365K(742400K), 0.0025321 secs] [Times: user=0.01 sys=0.00, real=0.00 secs] 
1151.014: [GC (Allocation Failure) [PSYoungGen: 51072K->1408K(51200K)] 326029K->276365K(742400K), 0.0025501 secs] [Times: user=0.01 sys=0.00, real=0.00 secs] 
1151.472: [GC (Allocation Failure) [PSYoungGen: 51072K->1376K(51200K)] 326029K->276365K(742400K), 0.0030915 secs] [Times: user=0.01 sys=0.00, real=0.01 secs] 
1151.882: [GC (Allocation Failure) [PSYoungGen: 51040K->1408K(51200K)] 326029K->276397K(742400K), 0.0025358 secs] [Times: user=0.01 sys=0.00, real=0.01 secs] 
1152.321: [GC (Allocation Failure) [PSYoungGen: 51072K->1376K(51200K)] 326061K->276365K(742400K), 0.0023853 secs] [Times: user=0.01 sys=0.00, real=0.01 secs] 
1153.150: [GC (Allocation Failure) [PSYoungGen: 51040K->1440K(51200K)] 326029K->276429K(742400K), 0.0019396 secs] [Times: user=0.01 sys=0.00, real=0.00 secs] 
1153.398: [GC (Allocation Failure) [PSYoungGen: 51104K->1408K(51200K)] 326093K->276397K(742400K), 0.0019021 secs] [Times: user=0.00 sys=0.00, real=0.00 secs] 
1153.609: [GC (Allocation Failure) [PSYoungGen: 51072K->1424K(51200K)] 326061K->276413K(742400K), 0.0018404 secs] [Times: user=0.01 sys=0.00, real=0.00 secs] 
1153.827: [GC (Allocation Failure) [PSYoungGen: 51088K->1376K(51200K)] 326077K->276365K(742400K), 0.0020122 secs] [Times: user=0.01 sys=0.00, real=0.00 secs] 
1154.132: [GC (Allocation Failure) [PSYoungGen: 51040K->1408K(51200K)] 326029K->276397K(742400K), 0.0020023 secs] [Times: user=0.01 sys=0.00, real=0.01 secs] 
1154.358: [GC (Allocation Failure) [PSYoungGen: 51072K->1344K(51200K)] 326061K->276333K(742400K), 0.0020010 secs] [Times: user=0.01 sys=0.00, real=0.00 secs] 
1155.151: [GC (Allocation Failure) [PSYoungGen: 51008K->1344K(51200K)] 325997K->276333K(742400K), 0.0027404 secs] [Times: user=0.01 sys=0.00, real=0.01 secs] 
1155.660: [GC (Allocation Failure) [PSYoungGen: 51008K->1376K(51200K)] 325997K->276365K(742400K), 0.0021027 secs] [Times: user=0.01 sys=0.00, real=0.00 secs] 
1156.125: [GC (Allocation Failure) [PSYoungGen: 51040K->1408K(51200K)] 326029K->276397K(742400K), 0.0020457 secs] [Times: user=0.01 sys=0.00, real=0.00 secs] 
1156.585: [GC (Allocation Failure) [PSYoungGen: 51072K->1376K(51200K)] 326061K->276365K(742400K), 0.0017484 secs] [Times: user=0.01 sys=0.00, real=0.00 secs] 
1156.920: [GC (Allocation Failure) [PSYoungGen: 51040K->1376K(51200K)] 326029K->276365K(742400K), 0.0020708 secs] [Times: user=0.01 sys=0.00, real=0.00 secs] 
1157.154: [GC (Allocation Failure) [PSYoungGen: 51040K->1376K(51200K)] 326029K->276365K(742400K), 0.0020919 secs] [Times: user=0.01 sys=0.00, real=0.00 secs] 
1157.943: [GC (Allocation Failure) [PSYoungGen: 51040K->1408K(51200K)] 326029K->276397K(742400K), 0.0017217 secs] [Times: user=0.01 sys=0.00, real=0.01 secs] 
1158.273: [GC (Allocation Failure) [PSYoungGen: 51072K->1408K(51200K)] 326061K->276421K(742400K), 0.0017026 secs] [Times: user=0.01 sys=0.00, real=0.00 secs] 
1158.479: [GC (Allocation Failure) [PSYoungGen: 51072K->1376K(51200K)] 326085K->276389K(742400K), 0.0016611 secs] [Times: user=0.00 sys=0.00, real=0.00 secs] 
1158.685: [GC (Allocation Failure) [PSYoungGen: 51040K->1376K(51200K)] 326053K->276389K(742400K), 0.0016990 secs] [Times: user=0.01 sys=0.00, real=0.00 secs] 
1159.075: [GC (Allocation Failure) [PSYoungGen: 51040K->1392K(51200K)] 326053K->276405K(742400K), 0.0019322 secs] [Times: user=0.01 sys=0.00, real=0.00 secs] 
1159.447: [GC (Allocation Failure) [PSYoungGen: 51056K->1408K(51200K)] 326069K->276421K(742400K), 0.0018136 secs] [Times: user=0.01 sys=0.00, real=0.00 secs] 
1160.421: [GC (Allocation Failure) [PSYoungGen: 51072K->1424K(51200K)] 326085K->276437K(742400K), 0.0019899 secs] [Times: user=0.01 sys=0.00, real=0.00 secs] 
1160.914: [GC (Allocation Failure) [PSYoungGen: 51088K->1408K(51200K)] 326101K->276421K(742400K), 0.0020248 secs] [Times: user=0.01 sys=0.00, real=0.00 secs] 
1161.405: [GC (Allocation Failure) [PSYoungGen: 51072K->1360K(51200K)] 326085K->276373K(742400K), 0.0025571 secs] [Times: user=0.01 sys=0.00, real=0.00 secs] 
1161.963: [GC (Allocation Failure) [PSYoungGen: 51024K->1408K(51200K)] 326037K->276429K(742400K), 0.0023936 secs] [Times: user=0.01 sys=0.00, real=0.01 secs] 
1162.381: [GC (Allocation Failure) [PSYoungGen: 51072K->1408K(51200K)] 326093K->276429K(742400K), 0.0026610 secs] [Times: user=0.01 sys=0.00, real=0.01 secs] 
1162.795: [GC (Allocation Failure) [PSYoungGen: 51072K->1344K(51200K)] 326093K->276365K(742400K), 0.0024812 secs] [Times: user=0.01 sys=0.00, real=0.00 secs] 
1164.281: [GC (Allocation Failure) [PSYoungGen: 51008K->1440K(51200K)] 326029K->276461K(742400K), 0.0036724 secs] [Times: user=0.02 sys=0.00, real=0.01 secs] 
1164.813: [GC (Allocation Failure) [PSYoungGen: 51104K->1376K(51200K)] 326125K->276397K(742400K), 0.0029221 secs] [Times: user=0.01 sys=0.00, real=0.01 secs] 
1165.206: [GC (Allocation Failure) [PSYoungGen: 51040K->1376K(51200K)] 326061K->276397K(742400K), 0.0025053 secs] [Times: user=0.01 sys=0.00, real=0.00 secs] 
1165.507: [GC (Allocation Failure) [PSYoungGen: 51040K->1376K(51200K)] 326061K->276397K(742400K), 0.0020425 secs] [Times: user=0.00 sys=0.00, real=0.00 secs] 
1165.774: [GC (Allocation Failure) [PSYoungGen: 51040K->1376K(51200K)] 326061K->276397K(742400K), 0.0021863 secs] [Times: user=0.01 sys=0.00, real=0.00 secs] 
1166.065: [GC (Allocation Failure) [PSYoungGen: 51040K->1376K(51200K)] 326061K->276397K(742400K), 0.0019876 secs] [Times: user=0.00 sys=0.01, real=0.00 secs] 
1166.883: [GC (Allocation Failure) [PSYoungGen: 51040K->1408K(51200K)] 326061K->276429K(742400K), 0.0017011 secs] [Times: user=0.01 sys=0.00, real=0.00 secs] 
1167.240: [GC (Allocation Failure) [PSYoungGen: 51072K->1376K(51200K)] 326093K->276397K(742400K), 0.0018416 secs] [Times: user=0.00 sys=0.00, real=0.00 secs] 
1167.446: [GC (Allocation Failure) [PSYoungGen: 51040K->1440K(51200K)] 326061K->276461K(742400K), 0.0025272 secs] [Times: user=0.01 sys=0.01, real=0.00 secs] 
1167.654: [GC (Allocation Failure) [PSYoungGen: 51104K->1376K(51200K)] 326125K->276397K(742400K), 0.0024634 secs] [Times: user=0.01 sys=0.00, real=0.00 secs] 
1167.861: [GC (Allocation Failure) [PSYoungGen: 51040K->1376K(51200K)] 326061K->276397K(742400K), 0.0019360 secs] [Times: user=0.01 sys=0.00, real=0.00 secs] 
1168.067: [GC (Allocation Failure) [PSYoungGen: 51040K->1408K(51200K)] 326061K->276429K(742400K), 0.0019713 secs] [Times: user=0.01 sys=0.00, real=0.00 secs] 
1168.806: [GC (Allocation Failure) [PSYoungGen: 51072K->1408K(51200K)] 326093K->276461K(742400K), 0.0019790 secs] [Times: user=0.01 sys=0.00, real=0.00 secs] 
1169.188: [GC (Allocation Failure) [PSYoungGen: 51072K->1408K(51200K)] 326125K->276461K(742400K), 0.0017659 secs] [Times: user=0.01 sys=0.00, real=0.00 secs] 
1169.569: [GC (Allocation Failure) [PSYoungGen: 51072K->1344K(51200K)] 326125K->276397K(742400K), 0.0039051 secs] [Times: user=0.01 sys=0.01, real=0.01 secs] 
1169.971: [GC (Allocation Failure) [PSYoungGen: 51008K->1376K(51200K)] 326061K->276429K(742400K), 0.0029315 secs] [Times: user=0.01 sys=0.00, real=0.01 secs] 
1170.363: [GC (Allocation Failure) [PSYoungGen: 51040K->1376K(51200K)] 326093K->276429K(742400K), 0.0029791 secs] [Times: user=0.01 sys=0.00, real=0.01 secs] 
1170.695: [GC (Allocation Failure) [PSYoungGen: 51040K->1376K(51200K)] 326093K->276429K(742400K), 0.0020461 secs] [Times: user=0.01 sys=0.00, real=0.00 secs] 
1172.028: [GC (Allocation Failure) [PSYoungGen: 51040K->1376K(51200K)] 326093K->276429K(742400K), 0.0032648 secs] [Times: user=0.01 sys=0.00, real=0.00 secs] 
1172.608: [GC (Allocation Failure) [PSYoungGen: 51040K->1376K(51200K)] 326093K->276429K(742400K), 0.0037529 secs] [Times: user=0.01 sys=0.00, real=0.00 secs] 
1173.058: [GC (Allocation Failure) [PSYoungGen: 51040K->1376K(51200K)] 326093K->276429K(742400K), 0.0030461 secs] [Times: user=0.01 sys=0.00, real=0.00 secs] 
1173.428: [GC (Allocation Failure) [PSYoungGen: 51040K->1424K(51200K)] 326093K->276485K(742400K), 0.0025070 secs] [Times: user=0.02 sys=0.00, real=0.00 secs] 
1173.993: [GC (Allocation Failure) [PSYoungGen: 51088K->1376K(51200K)] 326149K->276437K(742400K), 0.0024076 secs] [Times: user=0.01 sys=0.00, real=0.01 secs] 
1174.557: [GC (Allocation Failure) [PSYoungGen: 51040K->1360K(51200K)] 326101K->276421K(742400K), 0.0065062 secs] [Times: user=0.03 sys=0.00, real=0.01 secs] 
1175.768: [GC (Allocation Failure) [PSYoungGen: 51024K->1376K(51200K)] 326085K->276437K(742400K), 0.0021275 secs] [Times: user=0.00 sys=0.00, real=0.00 secs] 
1176.312: [GC (Allocation Failure) [PSYoungGen: 51040K->1424K(51200K)] 326101K->276485K(742400K), 0.0024054 secs] [Times: user=0.01 sys=0.00, real=0.01 secs] 
1176.769: [GC (Allocation Failure) [PSYoungGen: 51088K->1408K(51200K)] 326149K->276469K(742400K), 0.0030983 secs] [Times: user=0.01 sys=0.00, real=0.00 secs] 
1177.124: [GC (Allocation Failure) [PSYoungGen: 51072K->1376K(51200K)] 326133K->276437K(742400K), 0.0023303 secs] [Times: user=0.01 sys=0.00, real=0.00 secs] 
1177.692: [GC (Allocation Failure) [PSYoungGen: 51040K->1440K(51200K)] 326101K->276501K(742400K), 0.0042531 secs] [Times: user=0.02 sys=0.00, real=0.01 secs] 
1178.301: [GC (Allocation Failure) [PSYoungGen: 51104K->1376K(51200K)] 326165K->276437K(742400K), 0.0040219 secs] [Times: user=0.02 sys=0.00, real=0.01 secs] 
1179.123: [GC (Allocation Failure) [PSYoungGen: 51040K->1488K(51200K)] 326101K->276549K(742400K), 0.0017709 secs] [Times: user=0.00 sys=0.00, real=0.00 secs] 
1179.330: [GC (Allocation Failure) [PSYoungGen: 51152K->1408K(51200K)] 326213K->276469K(742400K), 0.0019245 secs] [Times: user=0.01 sys=0.00, real=0.00 secs] 
1179.537: [GC (Allocation Failure) [PSYoungGen: 51072K->1408K(51200K)] 326133K->276469K(742400K), 0.0019040 secs] [Times: user=0.01 sys=0.00, real=0.00 secs] 
1179.744: [GC (Allocation Failure) [PSYoungGen: 51072K->1376K(51200K)] 326133K->276461K(742400K), 0.0023767 secs] [Times: user=0.01 sys=0.00, real=0.00 secs] 
1179.950: [GC (Allocation Failure) [PSYoungGen: 51040K->1408K(51200K)] 326125K->276493K(742400K), 0.0017698 secs] [Times: user=0.01 sys=0.00, real=0.00 secs] 
1180.156: [GC (Allocation Failure) [PSYoungGen: 51072K->1376K(51200K)] 326157K->276461K(742400K), 0.0019011 secs] [Times: user=0.01 sys=0.00, real=0.00 secs] 
1180.931: [GC (Allocation Failure) [PSYoungGen: 51040K->1440K(51200K)] 326125K->276525K(742400K), 0.0020086 secs] [Times: user=0.00 sys=0.00, real=0.00 secs] 
1181.587: [GC (Allocation Failure) [PSYoungGen: 51104K->1408K(51200K)] 326189K->276493K(742400K), 0.0040883 secs] [Times: user=0.01 sys=0.01, real=0.00 secs] 
1182.028: [GC (Allocation Failure) [PSYoungGen: 51072K->1376K(51200K)] 326157K->276461K(742400K), 0.0025583 secs] [Times: user=0.01 sys=0.00, real=0.00 secs] 
1182.642: [GC (Allocation Failure) [PSYoungGen: 51040K->1376K(51200K)] 326125K->276461K(742400K), 0.0024139 secs] [Times: user=0.01 sys=0.00, real=0.01 secs] 
1183.189: [GC (Allocation Failure) [PSYoungGen: 51040K->1376K(51200K)] 326125K->276461K(742400K), 0.0026948 secs] [Times: user=0.01 sys=0.00, real=0.00 secs] 
1183.848: [GC (Allocation Failure) [PSYoungGen: 51040K->1344K(51200K)] 326125K->276429K(742400K), 0.0033049 secs] [Times: user=0.01 sys=0.00, real=0.00 secs] 
1184.876: [GC (Allocation Failure) [PSYoungGen: 51008K->1472K(51200K)] 326093K->276557K(742400K), 0.0019009 secs] [Times: user=0.01 sys=0.00, real=0.00 secs] 
1185.403: [GC (Allocation Failure) [PSYoungGen: 51136K->1408K(51200K)] 326221K->276493K(742400K), 0.0024010 secs] [Times: user=0.01 sys=0.00, real=0.01 secs] 
1186.024: [GC (Allocation Failure) [PSYoungGen: 51072K->1376K(51200K)] 326157K->276461K(742400K), 0.0037783 secs] [Times: user=0.02 sys=0.00, real=0.00 secs] 
1186.951: [GC (Allocation Failure) [PSYoungGen: 51040K->1408K(51200K)] 326125K->276493K(742400K), 0.0039082 secs] [Times: user=0.01 sys=0.00, real=0.01 secs] 
1187.928: [GC (Allocation Failure) [PSYoungGen: 51072K->1408K(51200K)] 326157K->276493K(742400K), 0.0030904 secs] [Times: user=0.01 sys=0.00, real=0.00 secs] 
1188.596: [GC (Allocation Failure) [PSYoungGen: 51072K->1376K(51200K)] 326157K->276461K(742400K), 0.0030657 secs] [Times: user=0.01 sys=0.00, real=0.00 secs] 
1189.381: [GC (Allocation Failure) [PSYoungGen: 51040K->1440K(51200K)] 326125K->276525K(742400K), 0.0015607 secs] [Times: user=0.01 sys=0.00, real=0.00 secs] 
1189.747: [GC (Allocation Failure) [PSYoungGen: 51104K->1376K(51200K)] 326189K->276461K(742400K), 0.0021143 secs] [Times: user=0.01 sys=0.00, real=0.00 secs] 
1190.270: [GC (Allocation Failure) [PSYoungGen: 51040K->1408K(51200K)] 326125K->276493K(742400K), 0.0020325 secs] [Times: user=0.01 sys=0.00, real=0.00 secs] 
1190.909: [GC (Allocation Failure) [PSYoungGen: 51072K->1408K(51200K)] 326157K->276493K(742400K), 0.0038249 secs] [Times: user=0.02 sys=0.00, real=0.00 secs] 
1191.686: [GC (Allocation Failure) [PSYoungGen: 51072K->1408K(51200K)] 326157K->276493K(742400K), 0.0042131 secs] [Times: user=0.01 sys=0.01, real=0.00 secs] 
1192.376: [GC (Allocation Failure) [PSYoungGen: 51072K->1344K(51200K)] 326157K->276437K(742400K), 0.0042807 secs] [Times: user=0.02 sys=0.00, real=0.00 secs] 
1193.551: [GC (Allocation Failure) [PSYoungGen: 51008K->1376K(51200K)] 326101K->276469K(742400K), 0.0021864 secs] [Times: user=0.01 sys=0.00, real=0.00 secs] 
1194.144: [GC (Allocation Failure) [PSYoungGen: 51040K->1408K(51200K)] 326133K->276501K(742400K), 0.0021899 secs] [Times: user=0.01 sys=0.00, real=0.00 secs] 
1194.630: [GC (Allocation Failure) [PSYoungGen: 51072K->1408K(51200K)] 326165K->276501K(742400K), 0.0020482 secs] [Times: user=0.00 sys=0.00, real=0.00 secs] 
1195.091: [GC (Allocation Failure) [PSYoungGen: 51072K->1408K(51200K)] 326165K->276517K(742400K), 0.0019890 secs] [Times: user=0.01 sys=0.00, real=0.00 secs] 
1195.316: [GC (Allocation Failure) [PSYoungGen: 51072K->1408K(51200K)] 326181K->276517K(742400K), 0.0019845 secs] [Times: user=0.01 sys=0.00, real=0.00 secs] 
1195.523: [GC (Allocation Failure) [PSYoungGen: 51072K->1376K(51200K)] 326181K->276485K(742400K), 0.0018889 secs] [Times: user=0.01 sys=0.00, real=0.01 secs] 
1196.591: [GC (Allocation Failure) [PSYoungGen: 51040K->1440K(51200K)] 326149K->276557K(742400K), 0.0025694 secs] [Times: user=0.01 sys=0.00, real=0.01 secs] 
1197.090: [GC (Allocation Failure) [PSYoungGen: 51104K->1376K(51200K)] 326221K->276493K(742400K), 0.0040486 secs] [Times: user=0.02 sys=0.00, real=0.01 secs] 
1197.632: [GC (Allocation Failure) [PSYoungGen: 51040K->1408K(51200K)] 326157K->276525K(742400K), 0.0030224 secs] [Times: user=0.01 sys=0.00, real=0.01 secs] 
1198.302: [GC (Allocation Failure) [PSYoungGen: 51072K->1408K(51200K)] 326189K->276525K(742400K), 0.0030857 secs] [Times: user=0.02 sys=0.00, real=0.01 secs] 
1198.971: [GC (Allocation Failure) [PSYoungGen: 51072K->1408K(51200K)] 326189K->276525K(742400K), 0.0032985 secs] [Times: user=0.02 sys=0.00, real=0.01 secs] 
1199.643: [GC (Allocation Failure) [PSYoungGen: 51072K->1344K(51200K)] 326189K->276461K(742400K), 0.0031565 secs] [Times: user=0.01 sys=0.00, real=0.01 secs] 
1200.639: [GC (Allocation Failure) [PSYoungGen: 51008K->1408K(51200K)] 326125K->276525K(742400K), 0.0018699 secs] [Times: user=0.00 sys=0.00, real=0.00 secs] 
1200.903: [GC (Allocation Failure) [PSYoungGen: 51072K->1344K(51200K)] 326189K->276485K(742400K), 0.0019770 secs] [Times: user=0.01 sys=0.00, real=0.00 secs] 
1201.163: [GC (Allocation Failure) [PSYoungGen: 51008K->1408K(51200K)] 326149K->276549K(742400K), 0.0019707 secs] [Times: user=0.01 sys=0.00, real=0.00 secs] 
1201.382: [GC (Allocation Failure) [PSYoungGen: 51072K->1408K(51200K)] 326213K->276549K(742400K), 0.0018819 secs] [Times: user=0.00 sys=0.00, real=0.01 secs] 
1201.853: [GC (Allocation Failure) [PSYoungGen: 51072K->1408K(51200K)] 326213K->276549K(742400K), 0.0024811 secs] [Times: user=0.01 sys=0.00, real=0.01 secs] 
1202.462: [GC (Allocation Failure) [PSYoungGen: 51072K->1376K(51200K)] 326213K->276517K(742400K), 0.0022028 secs] [Times: user=0.01 sys=0.00, real=0.01 secs] 
1203.482: [GC (Allocation Failure) [PSYoungGen: 51040K->1440K(51200K)] 326181K->276589K(742400K), 0.0017359 secs] [Times: user=0.01 sys=0.00, real=0.01 secs] 
1204.171: [GC (Allocation Failure) [PSYoungGen: 51104K->1408K(51200K)] 326253K->276557K(742400K), 0.0019649 secs] [Times: user=0.01 sys=0.00, real=0.00 secs] 
1204.820: [GC (Allocation Failure) [PSYoungGen: 51072K->1408K(51200K)] 326221K->276557K(742400K), 0.0025105 secs] [Times: user=0.01 sys=0.00, real=0.00 secs] 
1205.149: [GC (Allocation Failure) [PSYoungGen: 51072K->1408K(51200K)] 326221K->276565K(742400K), 0.0022394 secs] [Times: user=0.01 sys=0.00, real=0.00 secs] 
1205.438: [GC (Allocation Failure) [PSYoungGen: 51072K->1392K(51200K)] 326229K->276549K(742400K), 0.0022144 secs] [Times: user=0.01 sys=0.00, real=0.00 secs] 
1205.874: [GC (Allocation Failure) [PSYoungGen: 51056K->1408K(51200K)] 326213K->276565K(742400K), 0.0020637 secs] [Times: user=0.01 sys=0.00, real=0.00 secs] 
1206.902: [GC (Allocation Failure) [PSYoungGen: 51072K->1472K(51200K)] 326229K->276637K(742400K), 0.0020959 secs] [Times: user=0.01 sys=0.00, real=0.01 secs] 
1207.542: [GC (Allocation Failure) [PSYoungGen: 51136K->1376K(51200K)] 326301K->276549K(742400K), 0.0021391 secs] [Times: user=0.01 sys=0.00, real=0.01 secs] 
1208.331: [GC (Allocation Failure) [PSYoungGen: 51040K->1376K(51200K)] 326213K->276549K(742400K), 0.0024059 secs] [Times: user=0.01 sys=0.00, real=0.01 secs] 
1208.845: [GC (Allocation Failure) [PSYoungGen: 51040K->1408K(51200K)] 326213K->276589K(742400K), 0.0025742 secs] [Times: user=0.01 sys=0.00, real=0.00 secs] 
1209.198: [GC (Allocation Failure) [PSYoungGen: 51072K->1408K(51200K)] 326253K->276589K(742400K), 0.0017857 secs] [Times: user=0.01 sys=0.00, real=0.00 secs] 
1209.494: [GC (Allocation Failure) [PSYoungGen: 51072K->1408K(51200K)] 326253K->276589K(742400K), 0.0021169 secs] [Times: user=0.01 sys=0.00, real=0.00 secs] 
1210.417: [GC (Allocation Failure) [PSYoungGen: 51072K->1440K(51200K)] 326253K->276629K(742400K), 0.0018737 secs] [Times: user=0.01 sys=0.00, real=0.00 secs] 
1210.928: [GC (Allocation Failure) [PSYoungGen: 51104K->1376K(51200K)] 326293K->276589K(742400K), 0.0021781 secs] [Times: user=0.01 sys=0.00, real=0.00 secs] 
1211.411: [GC (Allocation Failure) [PSYoungGen: 51040K->1344K(51200K)] 326253K->276557K(742400K), 0.0020735 secs] [Times: user=0.01 sys=0.00, real=0.00 secs] 
1212.022: [GC (Allocation Failure) [PSYoungGen: 51008K->1376K(51200K)] 326221K->276597K(742400K), 0.0032656 secs] [Times: user=0.02 sys=0.00, real=0.01 secs] 
1212.516: [GC (Allocation Failure) [PSYoungGen: 51040K->1408K(51200K)] 326261K->276629K(742400K), 0.0027241 secs] [Times: user=0.01 sys=0.00, real=0.00 secs] 
1212.950: [GC (Allocation Failure) [PSYoungGen: 51072K->1376K(51200K)] 326293K->276597K(742400K), 0.0026049 secs] [Times: user=0.01 sys=0.00, real=0.00 secs] 
1214.350: [GC (Allocation Failure) [PSYoungGen: 51040K->1440K(51200K)] 326261K->276661K(742400K), 0.0028362 secs] [Times: user=0.01 sys=0.00, real=0.00 secs] 
1214.855: [GC (Allocation Failure) [PSYoungGen: 51104K->1440K(51200K)] 326325K->276661K(742400K), 0.0022306 secs] [Times: user=0.01 sys=0.00, real=0.00 secs] 
1215.300: [GC (Allocation Failure) [PSYoungGen: 51104K->1376K(51200K)] 326325K->276597K(742400K), 0.0022092 secs] [Times: user=0.01 sys=0.00, real=0.00 secs] 
1215.724: [GC (Allocation Failure) [PSYoungGen: 51040K->1408K(51200K)] 326261K->276637K(742400K), 0.0023730 secs] [Times: user=0.01 sys=0.00, real=0.00 secs] 
1216.153: [GC (Allocation Failure) [PSYoungGen: 51072K->1408K(51200K)] 326301K->276645K(742400K), 0.0023708 secs] [Times: user=0.01 sys=0.00, real=0.01 secs] 
1216.535: [GC (Allocation Failure) [PSYoungGen: 51072K->1408K(51200K)] 326309K->276653K(742400K), 0.0021335 secs] [Times: user=0.01 sys=0.00, real=0.00 secs] 
1217.831: [GC (Allocation Failure) [PSYoungGen: 51072K->1408K(51200K)] 326317K->276661K(742400K), 0.0031147 secs] [Times: user=0.01 sys=0.00, real=0.01 secs] 
1218.802: [GC (Allocation Failure) [PSYoungGen: 51072K->1408K(51200K)] 326325K->276661K(742400K), 0.0043182 secs] [Times: user=0.02 sys=0.00, real=0.01 secs] 
1219.625: [GC (Allocation Failure) [PSYoungGen: 51072K->1456K(51200K)] 326325K->276709K(742400K), 0.0039414 secs] [Times: user=0.02 sys=0.00, real=0.00 secs] 
1220.118: [GC (Allocation Failure) [PSYoungGen: 51120K->1408K(51200K)] 326373K->276685K(742400K), 0.0030161 secs] [Times: user=0.01 sys=0.01, real=0.00 secs] 
1220.550: [GC (Allocation Failure) [PSYoungGen: 51072K->1408K(51200K)] 326349K->276685K(742400K), 0.0026108 secs] [Times: user=0.01 sys=0.00, real=0.00 secs] 
1221.052: [GC (Allocation Failure) [PSYoungGen: 51072K->1408K(51200K)] 326349K->276685K(742400K), 0.0026589 secs] [Times: user=0.01 sys=0.00, real=0.01 secs] 
1221.929: [GC (Allocation Failure) [PSYoungGen: 51072K->1408K(51200K)] 326349K->276693K(742400K), 0.0017052 secs] [Times: user=0.01 sys=0.00, real=0.00 secs] 
1222.290: [GC (Allocation Failure) [PSYoungGen: 51072K->1376K(51200K)] 326357K->276661K(742400K), 0.0017496 secs] [Times: user=0.01 sys=0.00, real=0.00 secs] 
1222.496: [GC (Allocation Failure) [PSYoungGen: 51040K->1408K(51200K)] 326325K->276693K(742400K), 0.0018132 secs] [Times: user=0.01 sys=0.00, real=0.00 secs] 
1222.713: [GC (Allocation Failure) [PSYoungGen: 51072K->1376K(51200K)] 326357K->276661K(742400K), 0.0016831 secs] [Times: user=0.01 sys=0.00, real=0.01 secs] 
1222.921: [GC (Allocation Failure) [PSYoungGen: 51040K->1408K(51200K)] 326325K->276693K(742400K), 0.0019151 secs] [Times: user=0.01 sys=0.00, real=0.01 secs] 
1223.127: [GC (Allocation Failure) [PSYoungGen: 51072K->1376K(51200K)] 326357K->276661K(742400K), 0.0019747 secs] [Times: user=0.01 sys=0.00, real=0.00 secs] 
1224.591: [GC (Allocation Failure) [PSYoungGen: 51040K->1408K(51200K)] 326325K->276701K(742400K), 0.0030636 secs] [Times: user=0.01 sys=0.00, real=0.01 secs] 
1225.582: [GC (Allocation Failure) [PSYoungGen: 51072K->1376K(51200K)] 326365K->276677K(742400K), 0.0032781 secs] [Times: user=0.01 sys=0.00, real=0.01 secs] 
1226.378: [GC (Allocation Failure) [PSYoungGen: 51040K->1392K(51200K)] 326341K->276693K(742400K), 0.0038150 secs] [Times: user=0.01 sys=0.00, real=0.00 secs] 
1226.946: [GC (Allocation Failure) [PSYoungGen: 51056K->1376K(51200K)] 326357K->276677K(742400K), 0.0036449 secs] [Times: user=0.01 sys=0.00, real=0.00 secs] 
1227.373: [GC (Allocation Failure) [PSYoungGen: 51040K->1456K(51200K)] 326341K->276757K(742400K), 0.0030285 secs] [Times: user=0.02 sys=0.00, real=0.00 secs] 
1227.777: [GC (Allocation Failure) [PSYoungGen: 51120K->1376K(51200K)] 326421K->276677K(742400K), 0.0026201 secs] [Times: user=0.01 sys=0.00, real=0.00 secs] 
1228.520: [GC (Allocation Failure) [PSYoungGen: 51040K->1408K(51200K)] 326341K->276709K(742400K), 0.0019695 secs] [Times: user=0.01 sys=0.00, real=0.00 secs] 
1228.727: [GC (Allocation Failure) [PSYoungGen: 51072K->1408K(51200K)] 326373K->276709K(742400K), 0.0019193 secs] [Times: user=0.01 sys=0.00, real=0.00 secs] 
1228.949: [GC (Allocation Failure) [PSYoungGen: 51072K->1408K(51200K)] 326373K->276709K(742400K), 0.0017988 secs] [Times: user=0.01 sys=0.00, real=0.00 secs] 
1229.157: [GC (Allocation Failure) [PSYoungGen: 51072K->1376K(51200K)] 326373K->276693K(742400K), 0.0021036 secs] [Times: user=0.01 sys=0.00, real=0.00 secs] 
1229.419: [GC (Allocation Failure) [PSYoungGen: 51040K->1408K(51200K)] 326357K->276725K(742400K), 0.0024652 secs] [Times: user=0.01 sys=0.00, real=0.00 secs] 
1229.623: [GC (Allocation Failure) [PSYoungGen: 51072K->1344K(51200K)] 326389K->276661K(742400K), 0.0019979 secs] [Times: user=0.01 sys=0.00, real=0.01 secs] 
1230.388: [GC (Allocation Failure) [PSYoungGen: 51008K->1440K(51200K)] 326325K->276757K(742400K), 0.0017880 secs] [Times: user=0.01 sys=0.00, real=0.00 secs] 
1230.777: [GC (Allocation Failure) [PSYoungGen: 51104K->1376K(51200K)] 326421K->276693K(742400K), 0.0018572 secs] [Times: user=0.01 sys=0.00, real=0.00 secs] 
1231.169: [GC (Allocation Failure) [PSYoungGen: 51040K->1376K(51200K)] 326357K->276693K(742400K), 0.0020327 secs] [Times: user=0.01 sys=0.00, real=0.00 secs] 
1231.615: [GC (Allocation Failure) [PSYoungGen: 51040K->1312K(51200K)] 326357K->276645K(742400K), 0.0031594 secs] [Times: user=0.01 sys=0.00, real=0.00 secs] 
1232.183: [GC (Allocation Failure) [PSYoungGen: 50976K->1408K(51200K)] 326309K->276741K(742400K), 0.0026996 secs] [Times: user=0.01 sys=0.00, real=0.01 secs] 
1232.599: [GC (Allocation Failure) [PSYoungGen: 51072K->1376K(51200K)] 326405K->276709K(742400K), 0.0024480 secs] [Times: user=0.01 sys=0.00, real=0.00 secs] 
1233.828: [GC (Allocation Failure) [PSYoungGen: 51040K->1408K(51200K)] 326373K->276741K(742400K), 0.0024901 secs] [Times: user=0.01 sys=0.00, real=0.00 secs] 
1234.604: [GC (Allocation Failure) [PSYoungGen: 51072K->1376K(51200K)] 326405K->276709K(742400K), 0.0043266 secs] [Times: user=0.01 sys=0.00, real=0.00 secs] 
1235.128: [GC (Allocation Failure) [PSYoungGen: 51040K->1456K(51200K)] 326373K->276789K(742400K), 0.0031093 secs] [Times: user=0.02 sys=0.00, real=0.00 secs] 
1235.402: [GC (Allocation Failure) [PSYoungGen: 51120K->1376K(51200K)] 326453K->276709K(742400K), 0.0020971 secs] [Times: user=0.01 sys=0.00, real=0.01 secs] 
1235.610: [GC (Allocation Failure) [PSYoungGen: 51040K->1408K(51200K)] 326373K->276741K(742400K), 0.0019879 secs] [Times: user=0.01 sys=0.00, real=0.00 secs] 
1235.925: [GC (Allocation Failure) [PSYoungGen: 51072K->1408K(51200K)] 326405K->276741K(742400K), 0.0020280 secs] [Times: user=0.01 sys=0.00, real=0.00 secs] 
1238.320: [GC (Allocation Failure) [PSYoungGen: 51072K->1440K(51200K)] 326405K->276773K(742400K), 0.0043135 secs] [Times: user=0.02 sys=0.00, real=0.01 secs] 
1239.030: [GC (Allocation Failure) [PSYoungGen: 51104K->1392K(51200K)] 326437K->276725K(742400K), 0.0041160 secs] [Times: user=0.02 sys=0.01, real=0.01 secs] 
1239.495: [GC (Allocation Failure) [PSYoungGen: 51056K->1408K(51200K)] 326389K->276741K(742400K), 0.0031009 secs] [Times: user=0.01 sys=0.00, real=0.00 secs] 
1239.812: [GC (Allocation Failure) [PSYoungGen: 51072K->1376K(51200K)] 326405K->276709K(742400K), 0.0020760 secs] [Times: user=0.01 sys=0.00, real=0.01 secs] 
1240.209: [GC (Allocation Failure) [PSYoungGen: 51040K->1376K(51200K)] 326373K->276709K(742400K), 0.0020458 secs] [Times: user=0.00 sys=0.00, real=0.00 secs] 
1240.865: [GC (Allocation Failure) [PSYoungGen: 51040K->1408K(51200K)] 326373K->276741K(742400K), 0.0019405 secs] [Times: user=0.00 sys=0.00, real=0.00 secs] 
1241.847: [GC (Allocation Failure) [PSYoungGen: 51072K->1408K(51200K)] 326405K->276741K(742400K), 0.0018090 secs] [Times: user=0.01 sys=0.00, real=0.00 secs] 
1242.589: [GC (Allocation Failure) [PSYoungGen: 51072K->1376K(51200K)] 326405K->276717K(742400K), 0.0037447 secs] [Times: user=0.01 sys=0.00, real=0.00 secs] 
1243.333: [GC (Allocation Failure) [PSYoungGen: 51040K->1376K(51200K)] 326381K->276717K(742400K), 0.0043509 secs] [Times: user=0.01 sys=0.00, real=0.01 secs] 
1243.937: [GC (Allocation Failure) [PSYoungGen: 51040K->1344K(51200K)] 326381K->276685K(742400K), 0.0039778 secs] [Times: user=0.01 sys=0.00, real=0.00 secs] 
1244.401: [GC (Allocation Failure) [PSYoungGen: 51008K->1376K(51200K)] 326349K->276717K(742400K), 0.0030201 secs] [Times: user=0.01 sys=0.01, real=0.01 secs] 
1244.797: [GC (Allocation Failure) [PSYoungGen: 51040K->1408K(51200K)] 326381K->276749K(742400K), 0.0026383 secs] [Times: user=0.01 sys=0.00, real=0.00 secs] 
1245.474: [GC (Allocation Failure) [PSYoungGen: 51072K->1408K(51200K)] 326413K->276749K(742400K), 0.0018817 secs] [Times: user=0.01 sys=0.00, real=0.00 secs] 
1245.701: [GC (Allocation Failure) [PSYoungGen: 51072K->1312K(51200K)] 326413K->276653K(742400K), 0.0016847 secs] [Times: user=0.01 sys=0.00, real=0.00 secs] 
1245.907: [GC (Allocation Failure) [PSYoungGen: 50976K->1408K(51200K)] 326317K->276749K(742400K), 0.0017658 secs] [Times: user=0.00 sys=0.00, real=0.00 secs] 
1246.123: [GC (Allocation Failure) [PSYoungGen: 51072K->1408K(51200K)] 326413K->276757K(742400K), 0.0018456 secs] [Times: user=0.00 sys=0.00, real=0.01 secs] 
1246.329: [GC (Allocation Failure) [PSYoungGen: 51072K->1440K(51200K)] 326421K->276789K(742400K), 0.0019544 secs] [Times: user=0.01 sys=0.00, real=0.00 secs] 
1246.535: [GC (Allocation Failure) [PSYoungGen: 51104K->1408K(51200K)] 326453K->276757K(742400K), 0.0020238 secs] [Times: user=0.01 sys=0.00, real=0.00 secs] 
1247.216: [GC (Allocation Failure) [PSYoungGen: 51072K->1376K(51200K)] 326421K->276725K(742400K), 0.0018247 secs] [Times: user=0.01 sys=0.00, real=0.00 secs] 
1247.422: [GC (Allocation Failure) [PSYoungGen: 51040K->1376K(51200K)] 326389K->276725K(742400K), 0.0018708 secs] [Times: user=0.01 sys=0.00, real=0.01 secs] 
1247.629: [GC (Allocation Failure) [PSYoungGen: 51040K->1408K(51200K)] 326389K->276757K(742400K), 0.0019417 secs] [Times: user=0.00 sys=0.00, real=0.00 secs] 
1247.835: [GC (Allocation Failure) [PSYoungGen: 51072K->1376K(51200K)] 326421K->276757K(742400K), 0.0019698 secs] [Times: user=0.01 sys=0.00, real=0.00 secs] 
1248.042: [GC (Allocation Failure) [PSYoungGen: 51040K->1376K(51200K)] 326421K->276757K(742400K), 0.0017967 secs] [Times: user=0.01 sys=0.00, real=0.01 secs] 
1248.250: [GC (Allocation Failure) [PSYoungGen: 51040K->1376K(51200K)] 326421K->276757K(742400K), 0.0019135 secs] [Times: user=0.00 sys=0.00, real=0.00 secs] 
1249.055: [GC (Allocation Failure) [PSYoungGen: 51040K->1408K(51200K)] 326421K->276789K(742400K), 0.0025785 secs] [Times: user=0.01 sys=0.00, real=0.00 secs] 
1249.443: [GC (Allocation Failure) [PSYoungGen: 51072K->1376K(51200K)] 326453K->276757K(742400K), 0.0026834 secs] [Times: user=0.01 sys=0.00, real=0.01 secs] 
1249.865: [GC (Allocation Failure) [PSYoungGen: 51040K->1344K(51200K)] 326421K->276725K(742400K), 0.0027330 secs] [Times: user=0.01 sys=0.00, real=0.00 secs] 
1250.343: [GC (Allocation Failure) [PSYoungGen: 51008K->1408K(51200K)] 326389K->276789K(742400K), 0.0025412 secs] [Times: user=0.01 sys=0.00, real=0.01 secs] 
1250.798: [GC (Allocation Failure) [PSYoungGen: 51072K->1408K(51200K)] 326453K->276789K(742400K), 0.0025484 secs] [Times: user=0.01 sys=0.00, real=0.00 secs] 
1251.103: [GC (Allocation Failure) [PSYoungGen: 51072K->1392K(51200K)] 326453K->276773K(742400K), 0.0021581 secs] [Times: user=0.00 sys=0.00, real=0.00 secs] 
1252.070: [GC (Allocation Failure) [PSYoungGen: 51056K->1408K(51200K)] 326437K->276789K(742400K), 0.0033598 secs] [Times: user=0.01 sys=0.01, real=0.01 secs] 
1252.474: [GC (Allocation Failure) [PSYoungGen: 51072K->1376K(51200K)] 326453K->276757K(742400K), 0.0029591 secs] [Times: user=0.01 sys=0.00, real=0.00 secs] 
1252.676: [GC (Allocation Failure) [PSYoungGen: 51040K->1440K(51200K)] 326421K->276821K(742400K), 0.0021747 secs] [Times: user=0.01 sys=0.00, real=0.00 secs] 
1252.884: [GC (Allocation Failure) [PSYoungGen: 51104K->1408K(51200K)] 326485K->276789K(742400K), 0.0027303 secs] [Times: user=0.01 sys=0.00, real=0.00 secs] 
1253.103: [GC (Allocation Failure) [PSYoungGen: 51072K->1408K(51200K)] 326453K->276789K(742400K), 0.0019981 secs] [Times: user=0.00 sys=0.00, real=0.01 secs] 
1253.309: [GC (Allocation Failure) [PSYoungGen: 51072K->1424K(51200K)] 326453K->276805K(742400K), 0.0018449 secs] [Times: user=0.00 sys=0.00, real=0.00 secs] 
1254.996: [GC (Allocation Failure) [PSYoungGen: 51088K->1408K(51200K)] 326469K->276789K(742400K), 0.0025941 secs] [Times: user=0.01 sys=0.00, real=0.00 secs] 
1256.039: [GC (Allocation Failure) [PSYoungGen: 51072K->1376K(51200K)] 326453K->276757K(742400K), 0.0043919 secs] [Times: user=0.02 sys=0.00, real=0.01 secs] 
1256.510: [GC (Allocation Failure) [PSYoungGen: 51040K->1408K(51200K)] 326421K->276789K(742400K), 0.0023592 secs] [Times: user=0.01 sys=0.00, real=0.00 secs] 
1256.903: [GC (Allocation Failure) [PSYoungGen: 51072K->1408K(51200K)] 326453K->276789K(742400K), 0.0021919 secs] [Times: user=0.01 sys=0.00, real=0.01 secs] 
1257.476: [GC (Allocation Failure) [PSYoungGen: 51072K->1408K(51200K)] 326453K->276789K(742400K), 0.0026649 secs] [Times: user=0.01 sys=0.00, real=0.00 secs] 
1258.071: [GC (Allocation Failure) [PSYoungGen: 51072K->1376K(51200K)] 326453K->276757K(742400K), 0.0040847 secs] [Times: user=0.02 sys=0.00, real=0.01 secs] 
1259.703: [GC (Allocation Failure) [PSYoungGen: 51040K->1408K(51200K)] 326421K->276789K(742400K), 0.0044391 secs] [Times: user=0.01 sys=0.00, real=0.01 secs] 
1260.582: [GC (Allocation Failure) [PSYoungGen: 51072K->1376K(51200K)] 326453K->276757K(742400K), 0.0041346 secs] [Times: user=0.02 sys=0.00, real=0.01 secs] 
1261.040: [GC (Allocation Failure) [PSYoungGen: 51040K->1408K(51200K)] 326421K->276789K(742400K), 0.0036267 secs] [Times: user=0.01 sys=0.00, real=0.01 secs] 
1261.580: [GC (Allocation Failure) [PSYoungGen: 51072K->1408K(51200K)] 326453K->276813K(742400K), 0.0030742 secs] [Times: user=0.01 sys=0.00, real=0.01 secs] 
1262.043: [GC (Allocation Failure) [PSYoungGen: 51072K->1408K(51200K)] 326477K->276821K(742400K), 0.0024765 secs] [Times: user=0.02 sys=0.00, real=0.01 secs] 
1262.499: [GC (Allocation Failure) [PSYoungGen: 51072K->1376K(51200K)] 326485K->276789K(742400K), 0.0019570 secs] [Times: user=0.00 sys=0.00, real=0.00 secs] 
1263.835: [GC (Allocation Failure) [PSYoungGen: 51040K->1440K(51200K)] 326453K->276853K(742400K), 0.0037206 secs] [Times: user=0.01 sys=0.00, real=0.00 secs] 
1264.320: [GC (Allocation Failure) [PSYoungGen: 51104K->1408K(51200K)] 326517K->276821K(742400K), 0.0028884 secs] [Times: user=0.01 sys=0.00, real=0.00 secs] 
1264.791: [GC (Allocation Failure) [PSYoungGen: 51072K->1376K(51200K)] 326485K->276789K(742400K), 0.0026552 secs] [Times: user=0.02 sys=0.00, real=0.01 secs] 
1265.323: [GC (Allocation Failure) [PSYoungGen: 51040K->1408K(51200K)] 326453K->276821K(742400K), 0.0022601 secs] [Times: user=0.01 sys=0.00, real=0.01 secs] 
1265.801: [GC (Allocation Failure) [PSYoungGen: 51072K->1376K(51200K)] 326485K->276789K(742400K), 0.0028734 secs] [Times: user=0.01 sys=0.00, real=0.01 secs] 
1266.369: [GC (Allocation Failure) [PSYoungGen: 51040K->1376K(51200K)] 326453K->276789K(742400K), 0.0031178 secs] [Times: user=0.01 sys=0.00, real=0.00 secs] 
1267.733: [GC (Allocation Failure) [PSYoungGen: 51040K->1440K(51200K)] 326453K->276853K(742400K), 0.0028365 secs] [Times: user=0.01 sys=0.00, real=0.01 secs] 
1268.403: [GC (Allocation Failure) [PSYoungGen: 51104K->1376K(51200K)] 326517K->276789K(742400K), 0.0026061 secs] [Times: user=0.01 sys=0.00, real=0.01 secs] 
1269.031: [GC (Allocation Failure) [PSYoungGen: 51040K->1376K(51200K)] 326453K->276789K(742400K), 0.0043260 secs] [Times: user=0.02 sys=0.00, real=0.01 secs] 
1269.440: [GC (Allocation Failure) [PSYoungGen: 51040K->1344K(51200K)] 326453K->276757K(742400K), 0.0026103 secs] [Times: user=0.02 sys=0.00, real=0.00 secs] 
1269.958: [GC (Allocation Failure) [PSYoungGen: 51008K->1408K(51200K)] 326421K->276821K(742400K), 0.0024061 secs] [Times: user=0.01 sys=0.00, real=0.00 secs] 
1270.817: [GC (Allocation Failure) [PSYoungGen: 51072K->1376K(51200K)] 326485K->276789K(742400K), 0.0026046 secs] [Times: user=0.01 sys=0.00, real=0.00 secs] 
1271.574: [GC (Allocation Failure) [PSYoungGen: 51040K->1424K(51200K)] 326453K->276837K(742400K), 0.0018733 secs] [Times: user=0.00 sys=0.00, real=0.00 secs] 
1271.780: [GC (Allocation Failure) [PSYoungGen: 51088K->1376K(51200K)] 326501K->276805K(742400K), 0.0018342 secs] [Times: user=0.00 sys=0.00, real=0.00 secs] 
1271.986: [GC (Allocation Failure) [PSYoungGen: 51040K->1376K(51200K)] 326469K->276805K(742400K), 0.0017890 secs] [Times: user=0.00 sys=0.00, real=0.00 secs] 
1272.365: [GC (Allocation Failure) [PSYoungGen: 51040K->1408K(51200K)] 326469K->276837K(742400K), 0.0019417 secs] [Times: user=0.01 sys=0.00, real=0.00 secs] 
1272.783: [GC (Allocation Failure) [PSYoungGen: 51072K->1408K(51200K)] 326501K->276837K(742400K), 0.0019670 secs] [Times: user=0.01 sys=0.00, real=0.01 secs] 
1273.210: [GC (Allocation Failure) [PSYoungGen: 51072K->1408K(51200K)] 326501K->276837K(742400K), 0.0019086 secs] [Times: user=0.01 sys=0.00, real=0.00 secs] 
1274.432: [GC (Allocation Failure) [PSYoungGen: 51072K->1472K(51200K)] 326501K->276901K(742400K), 0.0031704 secs] [Times: user=0.01 sys=0.00, real=0.01 secs] 
1274.816: [GC (Allocation Failure) [PSYoungGen: 51136K->1376K(51200K)] 326565K->276805K(742400K), 0.0025149 secs] [Times: user=0.01 sys=0.00, real=0.00 secs] 
1275.048: [GC (Allocation Failure) [PSYoungGen: 51040K->1376K(51200K)] 326469K->276805K(742400K), 0.0022250 secs] [Times: user=0.01 sys=0.00, real=0.00 secs] 
1275.371: [GC (Allocation Failure) [PSYoungGen: 51040K->1376K(51200K)] 326469K->276805K(742400K), 0.0020435 secs] [Times: user=0.01 sys=0.00, real=0.00 secs] 
1275.804: [GC (Allocation Failure) [PSYoungGen: 51040K->1392K(51200K)] 326469K->276821K(742400K), 0.0025800 secs] [Times: user=0.01 sys=0.00, real=0.00 secs] 
1276.286: [GC (Allocation Failure) [PSYoungGen: 51056K->1456K(51200K)] 326485K->276885K(742400K), 0.0026050 secs] [Times: user=0.01 sys=0.00, real=0.00 secs] 
1277.072: [GC (Allocation Failure) [PSYoungGen: 51120K->1440K(51200K)] 326549K->276869K(742400K), 0.0018190 secs] [Times: user=0.01 sys=0.00, real=0.01 secs] 
1277.404: [GC (Allocation Failure) [PSYoungGen: 51104K->1408K(51200K)] 326533K->276837K(742400K), 0.0016292 secs] [Times: user=0.01 sys=0.00, real=0.00 secs] 
1277.819: [GC (Allocation Failure) [PSYoungGen: 51072K->1424K(51200K)] 326501K->276853K(742400K), 0.0026295 secs] [Times: user=0.01 sys=0.00, real=0.00 secs] 
1278.260: [GC (Allocation Failure) [PSYoungGen: 51088K->1376K(51200K)] 326517K->276805K(742400K), 0.0029440 secs] [Times: user=0.01 sys=0.00, real=0.00 secs] 
1278.668: [GC (Allocation Failure) [PSYoungGen: 51040K->1344K(51200K)] 326469K->276789K(742400K), 0.0024523 secs] [Times: user=0.01 sys=0.00, real=0.00 secs] 
1279.075: [GC (Allocation Failure) [PSYoungGen: 51008K->1376K(51200K)] 326453K->276821K(742400K), 0.0025699 secs] [Times: user=0.01 sys=0.00, real=0.00 secs] 
1279.901: [GC (Allocation Failure) [PSYoungGen: 51040K->1472K(51200K)] 326485K->276917K(742400K), 0.0018235 secs] [Times: user=0.01 sys=0.00, real=0.01 secs] 
1280.292: [GC (Allocation Failure) [PSYoungGen: 51136K->1408K(51200K)] 326581K->276853K(742400K), 0.0018966 secs] [Times: user=0.01 sys=0.00, real=0.01 secs] 
1280.710: [GC (Allocation Failure) [PSYoungGen: 51072K->1376K(51200K)] 326517K->276821K(742400K), 0.0019077 secs] [Times: user=0.01 sys=0.00, real=0.00 secs] 
1281.135: [GC (Allocation Failure) [PSYoungGen: 51040K->1376K(51200K)] 326485K->276837K(742400K), 0.0030172 secs] [Times: user=0.01 sys=0.00, real=0.00 secs] 
1281.554: [GC (Allocation Failure) [PSYoungGen: 51040K->1440K(51200K)] 326501K->276901K(742400K), 0.0031505 secs] [Times: user=0.01 sys=0.00, real=0.00 secs] 
1281.968: [GC (Allocation Failure) [PSYoungGen: 51104K->1408K(51200K)] 326565K->276869K(742400K), 0.0041155 secs] [Times: user=0.02 sys=0.00, real=0.00 secs] 
1282.741: [GC (Allocation Failure) [PSYoungGen: 51072K->1408K(51200K)] 326533K->276869K(742400K), 0.0017410 secs] [Times: user=0.01 sys=0.00, real=0.01 secs] 
1282.948: [GC (Allocation Failure) [PSYoungGen: 51072K->1408K(51200K)] 326533K->276869K(742400K), 0.0016793 secs] [Times: user=0.01 sys=0.00, real=0.00 secs] 
1283.178: [GC (Allocation Failure) [PSYoungGen: 51072K->1376K(51200K)] 326533K->276837K(742400K), 0.0018188 secs] [Times: user=0.01 sys=0.00, real=0.00 secs] 
1283.520: [GC (Allocation Failure) [PSYoungGen: 51040K->1360K(51200K)] 326501K->276821K(742400K), 0.0018076 secs] [Times: user=0.01 sys=0.00, real=0.00 secs] 
1283.912: [GC (Allocation Failure) [PSYoungGen: 51024K->1408K(51200K)] 326485K->276869K(742400K), 0.0022056 secs] [Times: user=0.00 sys=0.00, real=0.01 secs] 
1284.289: [GC (Allocation Failure) [PSYoungGen: 51072K->1408K(51200K)] 326533K->276869K(742400K), 0.0023532 secs] [Times: user=0.01 sys=0.00, real=0.00 secs] 
1285.094: [GC (Allocation Failure) [PSYoungGen: 51072K->1440K(51200K)] 326533K->276901K(742400K), 0.0018314 secs] [Times: user=0.01 sys=0.00, real=0.00 secs] 
1285.301: [GC (Allocation Failure) [PSYoungGen: 51104K->1376K(51200K)] 326565K->276837K(742400K), 0.0017302 secs] [Times: user=0.01 sys=0.00, real=0.00 secs] 
1285.601: [GC (Allocation Failure) [PSYoungGen: 51040K->1408K(51200K)] 326501K->276869K(742400K), 0.0018828 secs] [Times: user=0.01 sys=0.00, real=0.00 secs] 
1285.936: [GC (Allocation Failure) [PSYoungGen: 51072K->1408K(51200K)] 326533K->276869K(742400K), 0.0031860 secs] [Times: user=0.01 sys=0.00, real=0.00 secs] 
1286.287: [GC (Allocation Failure) [PSYoungGen: 51072K->1408K(51200K)] 326533K->276869K(742400K), 0.0026378 secs] [Times: user=0.01 sys=0.00, real=0.00 secs] 
1286.751: [GC (Allocation Failure) [PSYoungGen: 51072K->1408K(51200K)] 326533K->276869K(742400K), 0.0027175 secs] [Times: user=0.01 sys=0.00, real=0.01 secs] 
1287.519: [GC (Allocation Failure) [PSYoungGen: 51072K->1408K(51200K)] 326533K->276869K(742400K), 0.0016910 secs] [Times: user=0.00 sys=0.00, real=0.00 secs] 
1287.725: [GC (Allocation Failure) [PSYoungGen: 51072K->1408K(51200K)] 326533K->276869K(742400K), 0.0016916 secs] [Times: user=0.01 sys=0.00, real=0.00 secs] 
1287.931: [GC (Allocation Failure) [PSYoungGen: 51072K->1376K(51200K)] 326533K->276877K(742400K), 0.0016129 secs] [Times: user=0.01 sys=0.00, real=0.00 secs] 
1288.138: [GC (Allocation Failure) [PSYoungGen: 51040K->1376K(51200K)] 326541K->276885K(742400K), 0.0016860 secs] [Times: user=0.00 sys=0.00, real=0.00 secs] 
1288.344: [GC (Allocation Failure) [PSYoungGen: 51040K->1408K(51200K)] 326549K->276917K(742400K), 0.0017875 secs] [Times: user=0.01 sys=0.00, real=0.00 secs] 
1288.629: [GC (Allocation Failure) [PSYoungGen: 51072K->1376K(51200K)] 326581K->276885K(742400K), 0.0017233 secs] [Times: user=0.00 sys=0.00, real=0.00 secs] 
1289.492: [GC (Allocation Failure) [PSYoungGen: 51040K->1408K(51200K)] 326549K->276917K(742400K), 0.0018405 secs] [Times: user=0.01 sys=0.00, real=0.01 secs] 
1290.085: [GC (Allocation Failure) [PSYoungGen: 51072K->1344K(51200K)] 326581K->276853K(742400K), 0.0042404 secs] [Times: user=0.02 sys=0.00, real=0.00 secs] 
1290.735: [GC (Allocation Failure) [PSYoungGen: 51008K->1376K(51200K)] 326517K->276885K(742400K), 0.0038760 secs] [Times: user=0.01 sys=0.00, real=0.00 secs] 
1291.314: [GC (Allocation Failure) [PSYoungGen: 51040K->1456K(51200K)] 326549K->276965K(742400K), 0.0032379 secs] [Times: user=0.01 sys=0.00, real=0.00 secs] 
1291.912: [GC (Allocation Failure) [PSYoungGen: 51120K->1424K(51200K)] 326629K->276933K(742400K), 0.0033716 secs] [Times: user=0.01 sys=0.00, real=0.01 secs] 
1292.288: [GC (Allocation Failure) [PSYoungGen: 51088K->1456K(51200K)] 326597K->276965K(742400K), 0.0022375 secs] [Times: user=0.01 sys=0.00, real=0.00 secs] 
1293.109: [GC (Allocation Failure) [PSYoungGen: 51120K->1440K(51200K)] 326629K->276949K(742400K), 0.0016810 secs] [Times: user=0.01 sys=0.00, real=0.00 secs] 
1293.484: [GC (Allocation Failure) [PSYoungGen: 51104K->1376K(51200K)] 326613K->276885K(742400K), 0.0016452 secs] [Times: user=0.01 sys=0.00, real=0.00 secs] 
1293.834: [GC (Allocation Failure) [PSYoungGen: 51040K->1408K(51200K)] 326549K->276917K(742400K), 0.0017769 secs] [Times: user=0.01 sys=0.00, real=0.00 secs] 
1294.123: [GC (Allocation Failure) [PSYoungGen: 51072K->1440K(51200K)] 326581K->276949K(742400K), 0.0018934 secs] [Times: user=0.00 sys=0.00, real=0.01 secs] 
1294.329: [GC (Allocation Failure) [PSYoungGen: 51104K->1408K(51200K)] 326613K->276917K(742400K), 0.0019214 secs] [Times: user=0.01 sys=0.00, real=0.00 secs] 
1294.535: [GC (Allocation Failure) [PSYoungGen: 51072K->1376K(51200K)] 326581K->276885K(742400K), 0.0020798 secs] [Times: user=0.01 sys=0.00, real=0.00 secs] 
1295.438: [GC (Allocation Failure) [PSYoungGen: 51040K->1472K(51200K)] 326549K->276981K(742400K), 0.0024912 secs] [Times: user=0.01 sys=0.00, real=0.00 secs] 
1295.884: [GC (Allocation Failure) [PSYoungGen: 51136K->1376K(51200K)] 326645K->276885K(742400K), 0.0026680 secs] [Times: user=0.01 sys=0.00, real=0.00 secs] 
1296.354: [GC (Allocation Failure) [PSYoungGen: 51040K->1376K(51200K)] 326549K->276885K(742400K), 0.0026272 secs] [Times: user=0.01 sys=0.00, real=0.00 secs] 
1296.857: [GC (Allocation Failure) [PSYoungGen: 51040K->1376K(51200K)] 326549K->276885K(742400K), 0.0025906 secs] [Times: user=0.01 sys=0.01, real=0.00 secs] 
1297.231: [GC (Allocation Failure) [PSYoungGen: 51040K->1408K(51200K)] 326549K->276917K(742400K), 0.0037783 secs] [Times: user=0.01 sys=0.01, real=0.01 secs] 
1297.626: [GC (Allocation Failure) [PSYoungGen: 51072K->1408K(51200K)] 326581K->276917K(742400K), 0.0026437 secs] [Times: user=0.01 sys=0.00, real=0.00 secs] 
1298.406: [GC (Allocation Failure) [PSYoungGen: 51072K->1424K(51200K)] 326581K->276933K(742400K), 0.0018393 secs] [Times: user=0.00 sys=0.00, real=0.00 secs] 
1298.676: [GC (Allocation Failure) [PSYoungGen: 51088K->1408K(51200K)] 326597K->276957K(742400K), 0.0017214 secs] [Times: user=0.01 sys=0.00, real=0.00 secs] 
1298.890: [GC (Allocation Failure) [PSYoungGen: 51072K->1376K(51200K)] 326621K->276925K(742400K), 0.0017015 secs] [Times: user=0.01 sys=0.00, real=0.00 secs] 
1299.109: [GC (Allocation Failure) [PSYoungGen: 51040K->1376K(51200K)] 326589K->276925K(742400K), 0.0025068 secs] [Times: user=0.01 sys=0.00, real=0.00 secs] 
1299.331: [GC (Allocation Failure) [PSYoungGen: 51040K->1408K(51200K)] 326589K->276957K(742400K), 0.0023929 secs] [Times: user=0.01 sys=0.00, real=0.00 secs] 
1299.544: [GC (Allocation Failure) [PSYoungGen: 51072K->1376K(51200K)] 326621K->276925K(742400K), 0.0020567 secs] [Times: user=0.00 sys=0.00, real=0.00 secs] 
1300.288: [GC (Allocation Failure) [PSYoungGen: 51040K->1440K(51200K)] 326589K->276989K(742400K), 0.0017306 secs] [Times: user=0.00 sys=0.00, real=0.00 secs] 
1300.691: [GC (Allocation Failure) [PSYoungGen: 51104K->1408K(51200K)] 326653K->276957K(742400K), 0.0016938 secs] [Times: user=0.01 sys=0.00, real=0.00 secs] 
1301.105: [GC (Allocation Failure) [PSYoungGen: 51072K->1408K(51200K)] 326621K->276957K(742400K), 0.0026435 secs] [Times: user=0.01 sys=0.00, real=0.00 secs] 
1301.466: [GC (Allocation Failure) [PSYoungGen: 51072K->1376K(51200K)] 326621K->276925K(742400K), 0.0030721 secs] [Times: user=0.01 sys=0.00, real=0.00 secs] 
1301.813: [GC (Allocation Failure) [PSYoungGen: 51040K->1408K(51200K)] 326589K->276957K(742400K), 0.0024847 secs] [Times: user=0.01 sys=0.00, real=0.01 secs] 
1302.179: [GC (Allocation Failure) [PSYoungGen: 51072K->1408K(51200K)] 326621K->276957K(742400K), 0.0031022 secs] [Times: user=0.01 sys=0.01, real=0.00 secs] 
1303.116: [GC (Allocation Failure) [PSYoungGen: 51072K->1408K(51200K)] 326621K->276957K(742400K), 0.0018118 secs] [Times: user=0.01 sys=0.00, real=0.00 secs] 
1303.559: [GC (Allocation Failure) [PSYoungGen: 51072K->1376K(51200K)] 326621K->276925K(742400K), 0.0018210 secs] [Times: user=0.01 sys=0.01, real=0.00 secs] 
1303.975: [GC (Allocation Failure) [PSYoungGen: 51040K->1424K(51200K)] 326589K->276973K(742400K), 0.0018899 secs] [Times: user=0.01 sys=0.00, real=0.00 secs] 
1304.297: [GC (Allocation Failure) [PSYoungGen: 51088K->1408K(51200K)] 326637K->276957K(742400K), 0.0018643 secs] [Times: user=0.01 sys=0.00, real=0.00 secs] 
1304.563: [GC (Allocation Failure) [PSYoungGen: 51072K->1408K(51200K)] 326621K->276957K(742400K), 0.0017365 secs] [Times: user=0.01 sys=0.00, real=0.00 secs] 
1305.010: [GC (Allocation Failure) [PSYoungGen: 51072K->1376K(51200K)] 326621K->276925K(742400K), 0.0019157 secs] [Times: user=0.01 sys=0.00, real=0.00 secs] 
1305.832: [GC (Allocation Failure) [PSYoungGen: 51040K->1440K(51200K)] 326589K->276989K(742400K), 0.0017950 secs] [Times: user=0.01 sys=0.00, real=0.01 secs] 
1306.258: [GC (Allocation Failure) [PSYoungGen: 51104K->1392K(51200K)] 326653K->276941K(742400K), 0.0019900 secs] [Times: user=0.01 sys=0.00, real=0.00 secs] 
1306.644: [GC (Allocation Failure) [PSYoungGen: 51056K->1408K(51200K)] 326605K->276957K(742400K), 0.0019073 secs] [Times: user=0.00 sys=0.00, real=0.00 secs] 
1307.152: [GC (Allocation Failure) [PSYoungGen: 51072K->1376K(51200K)] 326621K->276925K(742400K), 0.0023997 secs] [Times: user=0.01 sys=0.00, real=0.01 secs] 
1307.580: [GC (Allocation Failure) [PSYoungGen: 51040K->1376K(51200K)] 326589K->276925K(742400K), 0.0023159 secs] [Times: user=0.01 sys=0.00, real=0.00 secs] 
1308.024: [GC (Allocation Failure) [PSYoungGen: 51040K->1408K(51200K)] 326589K->276957K(742400K), 0.0022299 secs] [Times: user=0.01 sys=0.00, real=0.00 secs] 
1308.708: [GC (Allocation Failure) [PSYoungGen: 51072K->1408K(51200K)] 326621K->276957K(742400K), 0.0014998 secs] [Times: user=0.01 sys=0.00, real=0.00 secs] 
1308.913: [GC (Allocation Failure) [PSYoungGen: 51072K->1344K(51200K)] 326621K->276917K(742400K), 0.0014054 secs] [Times: user=0.00 sys=0.00, real=0.00 secs] 
1309.119: [GC (Allocation Failure) [PSYoungGen: 51008K->1440K(51200K)] 326581K->277013K(742400K), 0.0014935 secs] [Times: user=0.00 sys=0.00, real=0.00 secs] 
1309.325: [GC (Allocation Failure) [PSYoungGen: 51104K->1376K(51200K)] 326677K->276949K(742400K), 0.0014879 secs] [Times: user=0.00 sys=0.00, real=0.00 secs] 
1309.530: [GC (Allocation Failure) [PSYoungGen: 51040K->1376K(51200K)] 326613K->276949K(742400K), 0.0014679 secs] [Times: user=0.00 sys=0.00, real=0.00 secs] 
1309.737: [GC (Allocation Failure) [PSYoungGen: 51040K->1392K(51200K)] 326613K->276965K(742400K), 0.0015412 secs] [Times: user=0.00 sys=0.00, real=0.00 secs] 
1310.722: [GC (Allocation Failure) [PSYoungGen: 51056K->1376K(51200K)] 326629K->276949K(742400K), 0.0025886 secs] [Times: user=0.01 sys=0.00, real=0.01 secs] 
1311.165: [GC (Allocation Failure) [PSYoungGen: 51040K->1376K(51200K)] 326613K->276949K(742400K), 0.0041092 secs] [Times: user=0.02 sys=0.00, real=0.00 secs] 
1311.630: [GC (Allocation Failure) [PSYoungGen: 51040K->1440K(51200K)] 326613K->277013K(742400K), 0.0025567 secs] [Times: user=0.01 sys=0.00, real=0.00 secs] 
1311.994: [GC (Allocation Failure) [PSYoungGen: 51104K->1376K(51200K)] 326677K->276949K(742400K), 0.0023154 secs] [Times: user=0.01 sys=0.00, real=0.00 secs] 
1312.243: [GC (Allocation Failure) [PSYoungGen: 51040K->1376K(51200K)] 326613K->276949K(742400K), 0.0019862 secs] [Times: user=0.01 sys=0.00, real=0.01 secs] 
1312.459: [GC (Allocation Failure) [PSYoungGen: 51040K->1376K(51200K)] 326613K->276949K(742400K), 0.0017402 secs] [Times: user=0.01 sys=0.00, real=0.00 secs] 
1313.307: [GC (Allocation Failure) [PSYoungGen: 51040K->1440K(51200K)] 326613K->277013K(742400K), 0.0018385 secs] [Times: user=0.01 sys=0.00, real=0.00 secs] 
1313.764: [GC (Allocation Failure) [PSYoungGen: 51104K->1408K(51200K)] 326677K->276981K(742400K), 0.0019487 secs] [Times: user=0.01 sys=0.00, real=0.00 secs] 
1314.214: [GC (Allocation Failure) [PSYoungGen: 51072K->1408K(51200K)] 326645K->276981K(742400K), 0.0041614 secs] [Times: user=0.02 sys=0.00, real=0.00 secs] 
1314.775: [GC (Allocation Failure) [PSYoungGen: 51072K->1408K(51200K)] 326645K->277005K(742400K), 0.0040226 secs] [Times: user=0.01 sys=0.00, real=0.00 secs] 
1315.384: [GC (Allocation Failure) [PSYoungGen: 51072K->1376K(51200K)] 326669K->276973K(742400K), 0.0032367 secs] [Times: user=0.01 sys=0.00, real=0.00 secs] 
1315.896: [GC (Allocation Failure) [PSYoungGen: 51040K->1408K(51200K)] 326637K->277005K(742400K), 0.0033013 secs] [Times: user=0.01 sys=0.00, real=0.00 secs] 
1316.774: [GC (Allocation Failure) [PSYoungGen: 51072K->1408K(51200K)] 326669K->277005K(742400K), 0.0020235 secs] [Times: user=0.01 sys=0.00, real=0.00 secs] 
1317.238: [GC (Allocation Failure) [PSYoungGen: 51072K->1440K(51200K)] 326669K->277037K(742400K), 0.0039000 secs] [Times: user=0.01 sys=0.00, real=0.00 secs] 
1317.652: [GC (Allocation Failure) [PSYoungGen: 51104K->1408K(51200K)] 326701K->277005K(742400K), 0.0029576 secs] [Times: user=0.01 sys=0.00, real=0.01 secs] 
1318.068: [GC (Allocation Failure) [PSYoungGen: 51072K->1424K(51200K)] 326669K->277021K(742400K), 0.0023133 secs] [Times: user=0.01 sys=0.00, real=0.00 secs] 
1318.471: [GC (Allocation Failure) [PSYoungGen: 51088K->1408K(51200K)] 326685K->277005K(742400K), 0.0023366 secs] [Times: user=0.01 sys=0.00, real=0.01 secs] 
1318.884: [GC (Allocation Failure) [PSYoungGen: 51072K->1408K(51200K)] 326669K->277029K(742400K), 0.0046050 secs] [Times: user=0.02 sys=0.00, real=0.00 secs] 
1319.619: [GC (Allocation Failure) [PSYoungGen: 51072K->1456K(51200K)] 326693K->277077K(742400K), 0.0016690 secs] [Times: user=0.00 sys=0.00, real=0.00 secs] 
1319.836: [GC (Allocation Failure) [PSYoungGen: 51120K->1408K(51200K)] 326741K->277029K(742400K), 0.0017015 secs] [Times: user=0.01 sys=0.00, real=0.00 secs] 
1320.042: [GC (Allocation Failure) [PSYoungGen: 51072K->1376K(51200K)] 326693K->276997K(742400K), 0.0017166 secs] [Times: user=0.01 sys=0.00, real=0.01 secs] 
1320.248: [GC (Allocation Failure) [PSYoungGen: 51040K->1440K(51200K)] 326661K->277069K(742400K), 0.0017918 secs] [Times: user=0.01 sys=0.00, real=0.00 secs] 
1320.454: [GC (Allocation Failure) [PSYoungGen: 51104K->1376K(51200K)] 326733K->277005K(742400K), 0.0017000 secs] [Times: user=0.00 sys=0.00, real=0.00 secs] 
1320.659: [GC (Allocation Failure) [PSYoungGen: 51040K->1376K(51200K)] 326669K->277005K(742400K), 0.0016350 secs] [Times: user=0.00 sys=0.00, real=0.00 secs] 
1321.502: [GC (Allocation Failure) [PSYoungGen: 51040K->1408K(51200K)] 326669K->277037K(742400K), 0.0019552 secs] [Times: user=0.01 sys=0.00, real=0.01 secs] 
1322.097: [GC (Allocation Failure) [PSYoungGen: 51072K->1408K(51200K)] 326701K->277037K(742400K), 0.0023865 secs] [Times: user=0.01 sys=0.00, real=0.00 secs] 
1322.768: [GC (Allocation Failure) [PSYoungGen: 51072K->1408K(51200K)] 326701K->277037K(742400K), 0.0040929 secs] [Times: user=0.01 sys=0.00, real=0.00 secs] 
1323.396: [GC (Allocation Failure) [PSYoungGen: 51072K->1408K(51200K)] 326701K->277045K(742400K), 0.0037358 secs] [Times: user=0.01 sys=0.00, real=0.00 secs] 
1323.897: [GC (Allocation Failure) [PSYoungGen: 51072K->1408K(51200K)] 326709K->277045K(742400K), 0.0031052 secs] [Times: user=0.01 sys=0.00, real=0.00 secs] 
1324.309: [GC (Allocation Failure) [PSYoungGen: 51072K->1376K(51200K)] 326709K->277013K(742400K), 0.0038133 secs] [Times: user=0.01 sys=0.00, real=0.00 secs] 
1325.098: [GC (Allocation Failure) [PSYoungGen: 51040K->1440K(51200K)] 326677K->277077K(742400K), 0.0023131 secs] [Times: user=0.01 sys=0.00, real=0.00 secs] 
1325.381: [GC (Allocation Failure) [PSYoungGen: 51104K->1344K(51200K)] 326741K->276981K(742400K), 0.0023008 secs] [Times: user=0.01 sys=0.00, real=0.00 secs] 
1325.783: [GC (Allocation Failure) [PSYoungGen: 51008K->1408K(51200K)] 326645K->277045K(742400K), 0.0020404 secs] [Times: user=0.01 sys=0.00, real=0.01 secs] 
1326.140: [GC (Allocation Failure) [PSYoungGen: 51072K->1344K(51200K)] 326709K->276981K(742400K), 0.0022558 secs] [Times: user=0.01 sys=0.00, real=0.00 secs] 
1326.512: [GC (Allocation Failure) [PSYoungGen: 51008K->1408K(51200K)] 326645K->277045K(742400K), 0.0022767 secs] [Times: user=0.01 sys=0.00, real=0.01 secs] 
1326.884: [GC (Allocation Failure) [PSYoungGen: 51072K->1440K(51200K)] 326709K->277077K(742400K), 0.0022753 secs] [Times: user=0.01 sys=0.01, real=0.00 secs] 
1327.906: [GC (Allocation Failure) [PSYoungGen: 51104K->1440K(51200K)] 326741K->277077K(742400K), 0.0036569 secs] [Times: user=0.02 sys=0.00, real=0.00 secs] 
1328.447: [GC (Allocation Failure) [PSYoungGen: 51104K->1408K(51200K)] 326741K->277045K(742400K), 0.0030532 secs] [Times: user=0.01 sys=0.00, real=0.00 secs] 
1328.948: [GC (Allocation Failure) [PSYoungGen: 51072K->1392K(51200K)] 326709K->277029K(742400K), 0.0024304 secs] [Times: user=0.01 sys=0.00, real=0.00 secs] 
1329.420: [GC (Allocation Failure) [PSYoungGen: 51056K->1408K(51200K)] 326693K->277045K(742400K), 0.0030259 secs] [Times: user=0.01 sys=0.00, real=0.00 secs] 
1330.037: [GC (Allocation Failure) [PSYoungGen: 51072K->1344K(51200K)] 326709K->277005K(742400K), 0.0027180 secs] [Times: user=0.01 sys=0.00, real=0.00 secs] 
1330.611: [GC (Allocation Failure) [PSYoungGen: 51008K->1408K(51200K)] 326669K->277069K(742400K), 0.0042516 secs] [Times: user=0.01 sys=0.00, real=0.01 secs] 
1331.751: [GC (Allocation Failure) [PSYoungGen: 51072K->1392K(51200K)] 326733K->277053K(742400K), 0.0043151 secs] [Times: user=0.02 sys=0.01, real=0.01 secs] 
1332.333: [GC (Allocation Failure) [PSYoungGen: 51056K->1376K(51200K)] 326717K->277037K(742400K), 0.0042166 secs] [Times: user=0.01 sys=0.00, real=0.01 secs] 
1332.720: [GC (Allocation Failure) [PSYoungGen: 51040K->1376K(51200K)] 326701K->277037K(742400K), 0.0029004 secs] [Times: user=0.01 sys=0.00, real=0.01 secs] 
1333.176: [GC (Allocation Failure) [PSYoungGen: 51040K->1376K(51200K)] 326701K->277037K(742400K), 0.0022247 secs] [Times: user=0.01 sys=0.00, real=0.00 secs] 
1333.687: [GC (Allocation Failure) [PSYoungGen: 51040K->1344K(51200K)] 326701K->277005K(742400K), 0.0023759 secs] [Times: user=0.01 sys=0.00, real=0.00 secs] 
1334.137: [GC (Allocation Failure) [PSYoungGen: 51008K->1376K(51200K)] 326669K->277037K(742400K), 0.0023130 secs] [Times: user=0.01 sys=0.00, real=0.00 secs] 
1334.960: [GC (Allocation Failure) [PSYoungGen: 51040K->1408K(51200K)] 326701K->277069K(742400K), 0.0016837 secs] [Times: user=0.01 sys=0.00, real=0.00 secs] 
1335.367: [GC (Allocation Failure) [PSYoungGen: 51072K->1408K(51200K)] 326733K->277069K(742400K), 0.0024880 secs] [Times: user=0.01 sys=0.00, real=0.00 secs] 
1335.672: [GC (Allocation Failure) [PSYoungGen: 51072K->1408K(51200K)] 326733K->277069K(742400K), 0.0020057 secs] [Times: user=0.01 sys=0.00, real=0.01 secs] 
1335.880: [GC (Allocation Failure) [PSYoungGen: 51072K->1408K(51200K)] 326733K->277085K(742400K), 0.0019176 secs] [Times: user=0.01 sys=0.00, real=0.00 secs] 
1336.186: [GC (Allocation Failure) [PSYoungGen: 51072K->1408K(51200K)] 326749K->277093K(742400K), 0.0020166 secs] [Times: user=0.00 sys=0.00, real=0.00 secs] 
1336.392: [GC (Allocation Failure) [PSYoungGen: 51072K->1376K(51200K)] 326757K->277069K(742400K), 0.0018774 secs] [Times: user=0.01 sys=0.00, real=0.01 secs] 
1337.112: [GC (Allocation Failure) [PSYoungGen: 51040K->1440K(51200K)] 326733K->277133K(742400K), 0.0018296 secs] [Times: user=0.01 sys=0.00, real=0.01 secs] 
1337.318: [GC (Allocation Failure) [PSYoungGen: 51104K->1408K(51200K)] 326797K->277101K(742400K), 0.0017669 secs] [Times: user=0.01 sys=0.00, real=0.00 secs] 
1337.524: [GC (Allocation Failure) [PSYoungGen: 51072K->1344K(51200K)] 326765K->277037K(742400K), 0.0017760 secs] [Times: user=0.01 sys=0.00, real=0.00 secs] 
1337.731: [GC (Allocation Failure) [PSYoungGen: 51008K->1408K(51200K)] 326701K->277133K(742400K), 0.0017717 secs] [Times: user=0.00 sys=0.00, real=0.00 secs] 
1337.947: [GC (Allocation Failure) [PSYoungGen: 51072K->1376K(51200K)] 326797K->277101K(742400K), 0.0019558 secs] [Times: user=0.00 sys=0.00, real=0.00 secs] 
1338.153: [GC (Allocation Failure) [PSYoungGen: 51040K->1376K(51200K)] 326765K->277101K(742400K), 0.0019566 secs] [Times: user=0.01 sys=0.00, real=0.01 secs] 
1339.381: [GC (Allocation Failure) [PSYoungGen: 51040K->1408K(51200K)] 326765K->277133K(742400K), 0.0037784 secs] [Times: user=0.01 sys=0.00, real=0.01 secs] 
1340.105: [GC (Allocation Failure) [PSYoungGen: 51072K->1408K(51200K)] 326797K->277133K(742400K), 0.0027709 secs] [Times: user=0.01 sys=0.00, real=0.00 secs] 
1340.532: [GC (Allocation Failure) [PSYoungGen: 51072K->1424K(51200K)] 326797K->277149K(742400K), 0.0027478 secs] [Times: user=0.01 sys=0.00, real=0.01 secs] 
1341.071: [GC (Allocation Failure) [PSYoungGen: 51088K->1408K(51200K)] 326813K->277141K(742400K), 0.0026608 secs] [Times: user=0.01 sys=0.00, real=0.01 secs] 
1341.614: [GC (Allocation Failure) [PSYoungGen: 51072K->1360K(51200K)] 326805K->277093K(742400K), 0.0028278 secs] [Times: user=0.01 sys=0.00, real=0.00 secs] 
1342.071: [GC (Allocation Failure) [PSYoungGen: 51024K->1376K(51200K)] 326757K->277109K(742400K), 0.0027188 secs] [Times: user=0.01 sys=0.00, real=0.01 secs] 
1343.082: [GC (Allocation Failure) [PSYoungGen: 51040K->1408K(51200K)] 326773K->277141K(742400K), 0.0018984 secs] [Times: user=0.01 sys=0.00, real=0.01 secs] 
1343.576: [GC (Allocation Failure) [PSYoungGen: 51072K->1376K(51200K)] 326805K->277109K(742400K), 0.0029229 secs] [Times: user=0.01 sys=0.00, real=0.00 secs] 
1344.011: [GC (Allocation Failure) [PSYoungGen: 51040K->1408K(51200K)] 326773K->277141K(742400K), 0.0030968 secs] [Times: user=0.01 sys=0.00, real=0.01 secs] 
1344.420: [GC (Allocation Failure) [PSYoungGen: 51072K->1344K(51200K)] 326805K->277077K(742400K), 0.0024981 secs] [Times: user=0.01 sys=0.00, real=0.00 secs] 
1345.003: [GC (Allocation Failure) [PSYoungGen: 51008K->1408K(51200K)] 326741K->277141K(742400K), 0.0026272 secs] [Times: user=0.01 sys=0.00, real=0.00 secs] 
1345.595: [GC (Allocation Failure) [PSYoungGen: 51072K->1376K(51200K)] 326805K->277109K(742400K), 0.0029118 secs] [Times: user=0.01 sys=0.00, real=0.00 secs] 
1346.866: [GC (Allocation Failure) [PSYoungGen: 51040K->1408K(51200K)] 326773K->277141K(742400K), 0.0024531 secs] [Times: user=0.01 sys=0.00, real=0.00 secs] 
1347.406: [GC (Allocation Failure) [PSYoungGen: 51072K->1376K(51200K)] 326805K->277109K(742400K), 0.0023065 secs] [Times: user=0.01 sys=0.00, real=0.00 secs] 
1347.818: [GC (Allocation Failure) [PSYoungGen: 51040K->1392K(51200K)] 326773K->277125K(742400K), 0.0022440 secs] [Times: user=0.01 sys=0.00, real=0.00 secs] 
1348.217: [GC (Allocation Failure) [PSYoungGen: 51056K->1376K(51200K)] 326789K->277109K(742400K), 0.0023521 secs] [Times: user=0.00 sys=0.00, real=0.00 secs] 
1348.594: [GC (Allocation Failure) [PSYoungGen: 51040K->1376K(51200K)] 326773K->277109K(742400K), 0.0022002 secs] [Times: user=0.00 sys=0.00, real=0.00 secs] 
1348.981: [GC (Allocation Failure) [PSYoungGen: 51040K->1376K(51200K)] 326773K->277109K(742400K), 0.0020853 secs] [Times: user=0.00 sys=0.00, real=0.01 secs] 
1349.696: [GC (Allocation Failure) [PSYoungGen: 51040K->1472K(51200K)] 326773K->277205K(742400K), 0.0017945 secs] [Times: user=0.01 sys=0.00, real=0.00 secs] 
1349.988: [GC (Allocation Failure) [PSYoungGen: 51136K->1376K(51200K)] 326869K->277125K(742400K), 0.0018616 secs] [Times: user=0.01 sys=0.00, real=0.00 secs] 
1350.362: [GC (Allocation Failure) [PSYoungGen: 51040K->1440K(51200K)] 326789K->277205K(742400K), 0.0018424 secs] [Times: user=0.00 sys=0.00, real=0.01 secs] 
1350.774: [GC (Allocation Failure) [PSYoungGen: 51104K->1376K(51200K)] 326869K->277141K(742400K), 0.0030572 secs] [Times: user=0.01 sys=0.00, real=0.00 secs] 
1351.262: [GC (Allocation Failure) [PSYoungGen: 51040K->1376K(51200K)] 326805K->277141K(742400K), 0.0026102 secs] [Times: user=0.01 sys=0.00, real=0.01 secs] 
1351.651: [GC (Allocation Failure) [PSYoungGen: 51040K->1376K(51200K)] 326805K->277141K(742400K), 0.0030585 secs] [Times: user=0.01 sys=0.00, real=0.01 secs] 
1352.647: [GC (Allocation Failure) [PSYoungGen: 51040K->1440K(51200K)] 326805K->277205K(742400K), 0.0020374 secs] [Times: user=0.01 sys=0.00, real=0.00 secs] 
1353.171: [GC (Allocation Failure) [PSYoungGen: 51104K->1376K(51200K)] 326869K->277141K(742400K), 0.0018431 secs] [Times: user=0.01 sys=0.00, real=0.00 secs] 
1353.687: [GC (Allocation Failure) [PSYoungGen: 51040K->1376K(51200K)] 326805K->277141K(742400K), 0.0038778 secs] [Times: user=0.02 sys=0.00, real=0.00 secs] 
1354.216: [GC (Allocation Failure) [PSYoungGen: 51040K->1408K(51200K)] 326805K->277173K(742400K), 0.0039691 secs] [Times: user=0.01 sys=0.00, real=0.00 secs] 
1354.842: [GC (Allocation Failure) [PSYoungGen: 51072K->1376K(51200K)] 326837K->277141K(742400K), 0.0031554 secs] [Times: user=0.01 sys=0.00, real=0.01 secs] 
1355.256: [GC (Allocation Failure) [PSYoungGen: 51040K->1376K(51200K)] 326805K->277141K(742400K), 0.0023352 secs] [Times: user=0.01 sys=0.00, real=0.00 secs] 
1356.008: [GC (Allocation Failure) [PSYoungGen: 51040K->1408K(51200K)] 326805K->277173K(742400K), 0.0018054 secs] [Times: user=0.01 sys=0.00, real=0.00 secs] 
1356.407: [GC (Allocation Failure) [PSYoungGen: 51072K->1376K(51200K)] 326837K->277141K(742400K), 0.0019463 secs] [Times: user=0.01 sys=0.00, real=0.00 secs] 
1356.826: [GC (Allocation Failure) [PSYoungGen: 51040K->1408K(51200K)] 326805K->277173K(742400K), 0.0036701 secs] [Times: user=0.02 sys=0.00, real=0.00 secs] 
1357.226: [GC (Allocation Failure) [PSYoungGen: 51072K->1392K(51200K)] 326837K->277165K(742400K), 0.0030856 secs] [Times: user=0.02 sys=0.00, real=0.00 secs] 
1357.612: [GC (Allocation Failure) [PSYoungGen: 51056K->1424K(51200K)] 326829K->277197K(742400K), 0.0030882 secs] [Times: user=0.01 sys=0.00, real=0.01 secs] 
1358.030: [GC (Allocation Failure) [PSYoungGen: 51088K->1408K(51200K)] 326861K->277181K(742400K), 0.0021362 secs] [Times: user=0.01 sys=0.00, real=0.00 secs] 
1358.851: [GC (Allocation Failure) [PSYoungGen: 51072K->1456K(51200K)] 326845K->277229K(742400K), 0.0020606 secs] [Times: user=0.01 sys=0.00, real=0.01 secs] 
1359.329: [GC (Allocation Failure) [PSYoungGen: 51120K->1408K(51200K)] 326893K->277181K(742400K), 0.0023385 secs] [Times: user=0.01 sys=0.00, real=0.00 secs] 
1359.761: [GC (Allocation Failure) [PSYoungGen: 51072K->1408K(51200K)] 326845K->277205K(742400K), 0.0037224 secs] [Times: user=0.01 sys=0.00, real=0.01 secs] 
1360.185: [GC (Allocation Failure) [PSYoungGen: 51072K->1408K(51200K)] 326869K->277205K(742400K), 0.0082835 secs] [Times: user=0.03 sys=0.00, real=0.01 secs] 
1360.477: [GC (Allocation Failure) [PSYoungGen: 51072K->1344K(51200K)] 326869K->277141K(742400K), 0.0019786 secs] [Times: user=0.01 sys=0.00, real=0.00 secs] 
1360.683: [GC (Allocation Failure) [PSYoungGen: 51008K->1376K(51200K)] 326805K->277173K(742400K), 0.0019691 secs] [Times: user=0.00 sys=0.00, real=0.01 secs] 
1361.481: [GC (Allocation Failure) [PSYoungGen: 51040K->1408K(51200K)] 326837K->277205K(742400K), 0.0017482 secs] [Times: user=0.01 sys=0.00, real=0.00 secs] 
1362.074: [GC (Allocation Failure) [PSYoungGen: 51072K->1408K(51200K)] 326869K->277205K(742400K), 0.0019260 secs] [Times: user=0.00 sys=0.00, real=0.00 secs] 
1362.770: [GC (Allocation Failure) [PSYoungGen: 51072K->1408K(51200K)] 326869K->277205K(742400K), 0.0021882 secs] [Times: user=0.01 sys=0.00, real=0.00 secs] 
1363.424: [GC (Allocation Failure) [PSYoungGen: 51072K->1408K(51200K)] 326869K->277205K(742400K), 0.0021943 secs] [Times: user=0.00 sys=0.00, real=0.00 secs] 
1364.052: [GC (Allocation Failure) [PSYoungGen: 51072K->1408K(51200K)] 326869K->277205K(742400K), 0.0025607 secs] [Times: user=0.01 sys=0.00, real=0.01 secs] 
1364.661: [GC (Allocation Failure) [PSYoungGen: 51072K->1376K(51200K)] 326869K->277173K(742400K), 0.0027438 secs] [Times: user=0.01 sys=0.00, real=0.01 secs] 
1365.627: [GC (Allocation Failure) [PSYoungGen: 51040K->1440K(51200K)] 326837K->277237K(742400K), 0.0018542 secs] [Times: user=0.00 sys=0.00, real=0.00 secs] 
1366.047: [GC (Allocation Failure) [PSYoungGen: 51104K->1408K(51200K)] 326901K->277205K(742400K), 0.0020984 secs] [Times: user=0.01 sys=0.00, real=0.00 secs] 
1366.307: [GC (Allocation Failure) [PSYoungGen: 51072K->1408K(51200K)] 326869K->277205K(742400K), 0.0019683 secs] [Times: user=0.01 sys=0.00, real=0.00 secs] 
1366.514: [GC (Allocation Failure) [PSYoungGen: 51072K->1408K(51200K)] 326869K->277213K(742400K), 0.0018063 secs] [Times: user=0.01 sys=0.00, real=0.00 secs] 
1366.720: [GC (Allocation Failure) [PSYoungGen: 51072K->1376K(51200K)] 326877K->277181K(742400K), 0.0018557 secs] [Times: user=0.01 sys=0.00, real=0.00 secs] 
1366.926: [GC (Allocation Failure) [PSYoungGen: 51040K->1408K(51200K)] 326845K->277213K(742400K), 0.0018506 secs] [Times: user=0.01 sys=0.00, real=0.00 secs] 
1367.668: [GC (Allocation Failure) [PSYoungGen: 51072K->1376K(51200K)] 326877K->277181K(742400K), 0.0021184 secs] [Times: user=0.01 sys=0.00, real=0.00 secs] 
1367.875: [GC (Allocation Failure) [PSYoungGen: 51040K->1408K(51200K)] 326845K->277213K(742400K), 0.0019265 secs] [Times: user=0.01 sys=0.00, real=0.00 secs] 
1368.081: [GC (Allocation Failure) [PSYoungGen: 51072K->1344K(51200K)] 326877K->277149K(742400K), 0.0018356 secs] [Times: user=0.01 sys=0.00, real=0.01 secs] 
1368.288: [GC (Allocation Failure) [PSYoungGen: 51008K->1408K(51200K)] 326813K->277213K(742400K), 0.0020082 secs] [Times: user=0.01 sys=0.00, real=0.00 secs] 
1368.494: [GC (Allocation Failure) [PSYoungGen: 51072K->1376K(51200K)] 326877K->277205K(742400K), 0.0019621 secs] [Times: user=0.01 sys=0.00, real=0.00 secs] 
1368.700: [GC (Allocation Failure) [PSYoungGen: 51040K->1376K(51200K)] 326869K->277205K(742400K), 0.0018148 secs] [Times: user=0.01 sys=0.00, real=0.00 secs] 
1369.394: [GC (Allocation Failure) [PSYoungGen: 51040K->1376K(51200K)] 326869K->277205K(742400K), 0.0017327 secs] [Times: user=0.01 sys=0.00, real=0.00 secs] 
1369.600: [GC (Allocation Failure) [PSYoungGen: 51040K->1408K(51200K)] 326869K->277237K(742400K), 0.0016680 secs] [Times: user=0.01 sys=0.00, real=0.00 secs] 
1369.806: [GC (Allocation Failure) [PSYoungGen: 51072K->1376K(51200K)] 326901K->277205K(742400K), 0.0018874 secs] [Times: user=0.01 sys=0.00, real=0.00 secs] 
1370.012: [GC (Allocation Failure) [PSYoungGen: 51040K->1440K(51200K)] 326869K->277269K(742400K), 0.0017235 secs] [Times: user=0.01 sys=0.00, real=0.01 secs] 
1370.218: [GC (Allocation Failure) [PSYoungGen: 51104K->1376K(51200K)] 326933K->277205K(742400K), 0.0017639 secs] [Times: user=0.01 sys=0.00, real=0.00 secs] 
1370.424: [GC (Allocation Failure) [PSYoungGen: 51040K->1392K(51200K)] 326869K->277221K(742400K), 0.0016887 secs] [Times: user=0.01 sys=0.00, real=0.00 secs] 
1371.490: [GC (Allocation Failure) [PSYoungGen: 51056K->1440K(51200K)] 326885K->277269K(742400K), 0.0026222 secs] [Times: user=0.01 sys=0.00, real=0.00 secs] 
1372.124: [GC (Allocation Failure) [PSYoungGen: 51104K->1408K(51200K)] 326933K->277237K(742400K), 0.0027009 secs] [Times: user=0.01 sys=0.00, real=0.00 secs] 
1372.747: [GC (Allocation Failure) [PSYoungGen: 51072K->1408K(51200K)] 326901K->277237K(742400K), 0.0027037 secs] [Times: user=0.01 sys=0.00, real=0.00 secs] 
1373.225: [GC (Allocation Failure) [PSYoungGen: 51072K->1456K(51200K)] 326901K->277309K(742400K), 0.0025238 secs] [Times: user=0.02 sys=0.00, real=0.00 secs] 
1373.564: [GC (Allocation Failure) [PSYoungGen: 51120K->1424K(51200K)] 326973K->277277K(742400K), 0.0019411 secs] [Times: user=0.01 sys=0.00, real=0.00 secs] 
1374.040: [GC (Allocation Failure) [PSYoungGen: 51088K->1408K(51200K)] 326941K->277261K(742400K), 0.0020470 secs] [Times: user=0.00 sys=0.00, real=0.00 secs] 
1375.365: [GC (Allocation Failure) [PSYoungGen: 51072K->1408K(51200K)] 326925K->277261K(742400K), 0.0027584 secs] [Times: user=0.01 sys=0.00, real=0.00 secs] 
1376.246: [GC (Allocation Failure) [PSYoungGen: 51072K->1344K(51200K)] 326925K->277197K(742400K), 0.0041480 secs] [Times: user=0.01 sys=0.00, real=0.00 secs] 
1376.743: [GC (Allocation Failure) [PSYoungGen: 51008K->1344K(51200K)] 326861K->277197K(742400K), 0.0025214 secs] [Times: user=0.01 sys=0.00, real=0.00 secs] 
1377.062: [GC (Allocation Failure) [PSYoungGen: 51008K->1408K(51200K)] 326861K->277261K(742400K), 0.0021544 secs] [Times: user=0.00 sys=0.00, real=0.01 secs] 
1377.510: [GC (Allocation Failure) [PSYoungGen: 51072K->1408K(51200K)] 326925K->277261K(742400K), 0.0023635 secs] [Times: user=0.01 sys=0.00, real=0.00 secs] 
1377.869: [GC (Allocation Failure) [PSYoungGen: 51072K->1376K(51200K)] 326925K->277229K(742400K), 0.0027169 secs] [Times: user=0.01 sys=0.00, real=0.00 secs] 
1379.407: [GC (Allocation Failure) [PSYoungGen: 51040K->1408K(51200K)] 326893K->277261K(742400K), 0.0030239 secs] [Times: user=0.01 sys=0.00, real=0.00 secs] 
1380.089: [GC (Allocation Failure) [PSYoungGen: 51072K->1408K(51200K)] 326925K->277261K(742400K), 0.0031009 secs] [Times: user=0.01 sys=0.00, real=0.00 secs] 
1380.506: [GC (Allocation Failure) [PSYoungGen: 51072K->1344K(51200K)] 326925K->277197K(742400K), 0.0023163 secs] [Times: user=0.01 sys=0.00, real=0.00 secs] 
1380.886: [GC (Allocation Failure) [PSYoungGen: 51008K->1376K(51200K)] 326861K->277229K(742400K), 0.0019756 secs] [Times: user=0.00 sys=0.00, real=0.00 secs] 
1381.257: [GC (Allocation Failure) [PSYoungGen: 51040K->1376K(51200K)] 326893K->277245K(742400K), 0.0020432 secs] [Times: user=0.00 sys=0.00, real=0.00 secs] 
1381.666: [GC (Allocation Failure) [PSYoungGen: 51040K->1376K(51200K)] 326909K->277245K(742400K), 0.0020254 secs] [Times: user=0.01 sys=0.00, real=0.00 secs] 
1382.451: [GC (Allocation Failure) [PSYoungGen: 51040K->1472K(51200K)] 326909K->277341K(742400K), 0.0018656 secs] [Times: user=0.00 sys=0.00, real=0.00 secs] 
1382.658: [GC (Allocation Failure) [PSYoungGen: 51136K->1376K(51200K)] 327005K->277245K(742400K), 0.0017711 secs] [Times: user=0.01 sys=0.00, real=0.00 secs] 
1382.878: [GC (Allocation Failure) [PSYoungGen: 51040K->1376K(51200K)] 326909K->277245K(742400K), 0.0018050 secs] [Times: user=0.00 sys=0.00, real=0.00 secs] 
1383.357: [GC (Allocation Failure) [PSYoungGen: 51040K->1376K(51200K)] 326909K->277245K(742400K), 0.0021245 secs] [Times: user=0.01 sys=0.01, real=0.00 secs] 
1383.782: [GC (Allocation Failure) [PSYoungGen: 51040K->1440K(51200K)] 326909K->277309K(742400K), 0.0020411 secs] [Times: user=0.01 sys=0.00, real=0.01 secs] 
1384.223: [GC (Allocation Failure) [PSYoungGen: 51104K->1376K(51200K)] 326973K->277245K(742400K), 0.0022373 secs] [Times: user=0.01 sys=0.01, real=0.00 secs] 
1385.027: [GC (Allocation Failure) [PSYoungGen: 51040K->1472K(51200K)] 326909K->277341K(742400K), 0.0018539 secs] [Times: user=0.00 sys=0.00, real=0.00 secs] 
1385.371: [GC (Allocation Failure) [PSYoungGen: 51136K->1376K(51200K)] 327005K->277245K(742400K), 0.0018702 secs] [Times: user=0.00 sys=0.00, real=0.00 secs] 
1385.821: [GC (Allocation Failure) [PSYoungGen: 51040K->1376K(51200K)] 326909K->277245K(742400K), 0.0023913 secs] [Times: user=0.01 sys=0.00, real=0.01 secs] 
1386.362: [GC (Allocation Failure) [PSYoungGen: 51040K->1344K(51200K)] 326909K->277213K(742400K), 0.0025047 secs] [Times: user=0.01 sys=0.00, real=0.01 secs] 
1386.982: [GC (Allocation Failure) [PSYoungGen: 51008K->1424K(51200K)] 326877K->277293K(742400K), 0.0064476 secs] [Times: user=0.03 sys=0.00, real=0.01 secs] 
1387.660: [GC (Allocation Failure) [PSYoungGen: 51088K->1408K(51200K)] 326957K->277277K(742400K), 0.0030451 secs] [Times: user=0.02 sys=0.00, real=0.00 secs] 
1389.037: [GC (Allocation Failure) [PSYoungGen: 51072K->1408K(51200K)] 326941K->277277K(742400K), 0.0042908 secs] [Times: user=0.02 sys=0.00, real=0.00 secs] 
1389.535: [GC (Allocation Failure) [PSYoungGen: 51072K->1360K(51200K)] 326941K->277229K(742400K), 0.0030583 secs] [Times: user=0.01 sys=0.00, real=0.00 secs] 
1390.147: [GC (Allocation Failure) [PSYoungGen: 51024K->1376K(51200K)] 326893K->277277K(742400K), 0.0025849 secs] [Times: user=0.01 sys=0.00, real=0.00 secs] 
1390.810: [GC (Allocation Failure) [PSYoungGen: 51040K->1424K(51200K)] 326941K->277325K(742400K), 0.0023660 secs] [Times: user=0.01 sys=0.00, real=0.00 secs] 
1391.420: [GC (Allocation Failure) [PSYoungGen: 51088K->1408K(51200K)] 326989K->277309K(742400K), 0.0037560 secs] [Times: user=0.01 sys=0.00, real=0.01 secs] 
1391.916: [GC (Allocation Failure) [PSYoungGen: 51072K->1424K(51200K)] 326973K->277325K(742400K), 0.0037650 secs] [Times: user=0.01 sys=0.00, real=0.00 secs] 
1393.106: [GC (Allocation Failure) [PSYoungGen: 51088K->1408K(51200K)] 326989K->277309K(742400K), 0.0031124 secs] [Times: user=0.01 sys=0.00, real=0.00 secs] 
1394.035: [GC (Allocation Failure) [PSYoungGen: 51072K->1376K(51200K)] 326973K->277277K(742400K), 0.0040960 secs] [Times: user=0.02 sys=0.00, real=0.00 secs] 
1394.456: [GC (Allocation Failure) [PSYoungGen: 51040K->1408K(51200K)] 326941K->277309K(742400K), 0.0031117 secs] [Times: user=0.02 sys=0.00, real=0.00 secs] 
1395.015: [GC (Allocation Failure) [PSYoungGen: 51072K->1408K(51200K)] 326973K->277333K(742400K), 0.0030392 secs] [Times: user=0.01 sys=0.00, real=0.00 secs] 
1395.697: [GC (Allocation Failure) [PSYoungGen: 51072K->1408K(51200K)] 326997K->277333K(742400K), 0.0030601 secs] [Times: user=0.01 sys=0.00, real=0.00 secs] 
1396.118: [GC (Allocation Failure) [PSYoungGen: 51072K->1376K(51200K)] 326997K->277301K(742400K), 0.0026285 secs] [Times: user=0.01 sys=0.00, real=0.00 secs] 
1396.887: [GC (Allocation Failure) [PSYoungGen: 51040K->1440K(51200K)] 326965K->277365K(742400K), 0.0017918 secs] [Times: user=0.01 sys=0.00, real=0.00 secs] 
1397.093: [GC (Allocation Failure) [PSYoungGen: 51104K->1376K(51200K)] 327029K->277301K(742400K), 0.0018781 secs] [Times: user=0.00 sys=0.00, real=0.00 secs] 
1397.324: [GC (Allocation Failure) [PSYoungGen: 51040K->1408K(51200K)] 326965K->277333K(742400K), 0.0019471 secs] [Times: user=0.01 sys=0.00, real=0.00 secs] 
1397.697: [GC (Allocation Failure) [PSYoungGen: 51072K->1440K(51200K)] 326997K->277373K(742400K), 0.0025036 secs] [Times: user=0.01 sys=0.00, real=0.00 secs] 
1398.032: [GC (Allocation Failure) [PSYoungGen: 51104K->1408K(51200K)] 327037K->277341K(742400K), 0.0018401 secs] [Times: user=0.00 sys=0.00, real=0.01 secs] 
1398.400: [GC (Allocation Failure) [PSYoungGen: 51072K->1376K(51200K)] 327005K->277309K(742400K), 0.0020374 secs] [Times: user=0.01 sys=0.01, real=0.00 secs] 
1399.488: [GC (Allocation Failure) [PSYoungGen: 51040K->1440K(51200K)] 326973K->277373K(742400K), 0.0023676 secs] [Times: user=0.01 sys=0.00, real=0.00 secs] 
1400.121: [GC (Allocation Failure) [PSYoungGen: 51104K->1408K(51200K)] 327037K->277341K(742400K), 0.0021884 secs] [Times: user=0.01 sys=0.00, real=0.01 secs] 
1400.701: [GC (Allocation Failure) [PSYoungGen: 51072K->1408K(51200K)] 327005K->277373K(742400K), 0.0030484 secs] [Times: user=0.01 sys=0.00, real=0.01 secs] 
1401.412: [GC (Allocation Failure) [PSYoungGen: 51072K->1408K(51200K)] 327037K->277373K(742400K), 0.0036654 secs] [Times: user=0.01 sys=0.00, real=0.01 secs] 
1402.131: [GC (Allocation Failure) [PSYoungGen: 51072K->1376K(51200K)] 327037K->277341K(742400K), 0.0037222 secs] [Times: user=0.01 sys=0.00, real=0.01 secs] 
1402.810: [GC (Allocation Failure) [PSYoungGen: 51040K->1376K(51200K)] 327005K->277341K(742400K), 0.0036619 secs] [Times: user=0.02 sys=0.00, real=0.01 secs] 
1403.747: [GC (Allocation Failure) [PSYoungGen: 51040K->1424K(51200K)] 327005K->277397K(742400K), 0.0019505 secs] [Times: user=0.00 sys=0.00, real=0.00 secs] 
1404.152: [GC (Allocation Failure) [PSYoungGen: 51088K->1408K(51200K)] 327061K->277381K(742400K), 0.0021178 secs] [Times: user=0.01 sys=0.00, real=0.01 secs] 
1404.577: [GC (Allocation Failure) [PSYoungGen: 51072K->1408K(51200K)] 327045K->277381K(742400K), 0.0021165 secs] [Times: user=0.01 sys=0.00, real=0.00 secs] 
1404.984: [GC (Allocation Failure) [PSYoungGen: 51072K->1376K(51200K)] 327045K->277357K(742400K), 0.0020244 secs] [Times: user=0.01 sys=0.00, real=0.00 secs] 
1405.401: [GC (Allocation Failure) [PSYoungGen: 51040K->1408K(51200K)] 327021K->277389K(742400K), 0.0029097 secs] [Times: user=0.01 sys=0.00, real=0.01 secs] 
1405.807: [GC (Allocation Failure) [PSYoungGen: 51072K->1376K(51200K)] 327053K->277357K(742400K), 0.0031801 secs] [Times: user=0.01 sys=0.00, real=0.00 secs] 
1406.634: [GC (Allocation Failure) [PSYoungGen: 51040K->1408K(51200K)] 327021K->277389K(742400K), 0.0018762 secs] [Times: user=0.01 sys=0.00, real=0.00 secs] 
1406.840: [GC (Allocation Failure) [PSYoungGen: 51072K->1376K(51200K)] 327053K->277357K(742400K), 0.0019129 secs] [Times: user=0.01 sys=0.00, real=0.00 secs] 
1407.046: [GC (Allocation Failure) [PSYoungGen: 51040K->1408K(51200K)] 327021K->277389K(742400K), 0.0019768 secs] [Times: user=0.00 sys=0.00, real=0.00 secs] 
1407.253: [GC (Allocation Failure) [PSYoungGen: 51072K->1408K(51200K)] 327053K->277389K(742400K), 0.0018456 secs] [Times: user=0.00 sys=0.00, real=0.01 secs] 
1407.459: [GC (Allocation Failure) [PSYoungGen: 51072K->1408K(51200K)] 327053K->277389K(742400K), 0.0018502 secs] [Times: user=0.01 sys=0.00, real=0.00 secs] 
1407.665: [GC (Allocation Failure) [PSYoungGen: 51072K->1408K(51200K)] 327053K->277389K(742400K), 0.0018622 secs] [Times: user=0.01 sys=0.00, real=0.00 secs] 
1408.324: [GC (Allocation Failure) [PSYoungGen: 51072K->1408K(51200K)] 327053K->277389K(742400K), 0.0016996 secs] [Times: user=0.01 sys=0.00, real=0.00 secs] 
1408.554: [GC (Allocation Failure) [PSYoungGen: 51072K->1376K(51200K)] 327053K->277389K(742400K), 0.0018086 secs] [Times: user=0.00 sys=0.00, real=0.00 secs] 
1408.930: [GC (Allocation Failure) [PSYoungGen: 51040K->1392K(51200K)] 327053K->277405K(742400K), 0.0018831 secs] [Times: user=0.00 sys=0.00, real=0.00 secs] 
1409.354: [GC (Allocation Failure) [PSYoungGen: 51056K->1376K(51200K)] 327069K->277405K(742400K), 0.0030033 secs] [Times: user=0.01 sys=0.00, real=0.00 secs] 
1409.757: [GC (Allocation Failure) [PSYoungGen: 51040K->1408K(51200K)] 327069K->277437K(742400K), 0.0025739 secs] [Times: user=0.01 sys=0.00, real=0.00 secs] 
1410.190: [GC (Allocation Failure) [PSYoungGen: 51072K->1408K(51200K)] 327101K->277437K(742400K), 0.0020480 secs] [Times: user=0.01 sys=0.00, real=0.00 secs] 
1410.912: [GC (Allocation Failure) [PSYoungGen: 51072K->1408K(51200K)] 327101K->277437K(742400K), 0.0018346 secs] [Times: user=0.00 sys=0.00, real=0.01 secs] 
1411.133: [GC (Allocation Failure) [PSYoungGen: 51072K->1376K(51200K)] 327101K->277405K(742400K), 0.0018731 secs] [Times: user=0.01 sys=0.00, real=0.01 secs] 
1411.391: [GC (Allocation Failure) [PSYoungGen: 51040K->1408K(51200K)] 327069K->277437K(742400K), 0.0022360 secs] [Times: user=0.00 sys=0.00, real=0.00 secs] 
1411.610: [GC (Allocation Failure) [PSYoungGen: 51072K->1360K(51200K)] 327101K->277389K(742400K), 0.0018603 secs] [Times: user=0.01 sys=0.00, real=0.00 secs] 
1411.823: [GC (Allocation Failure) [PSYoungGen: 51024K->1408K(51200K)] 327053K->277437K(742400K), 0.0018216 secs] [Times: user=0.00 sys=0.00, real=0.01 secs] 
1412.064: [GC (Allocation Failure) [PSYoungGen: 51055K->288K(51200K)] 327085K->276317K(742400K), 0.0015992 secs] [Times: user=0.01 sys=0.00, real=0.00 secs] 
1413.410: [GC (Allocation Failure) [PSYoungGen: 49952K->1472K(51712K)] 325981K->277501K(742912K), 0.0030247 secs] [Times: user=0.01 sys=0.00, real=0.01 secs] 
1413.783: [GC (Allocation Failure) [PSYoungGen: 51136K->1408K(51712K)] 327165K->277437K(742912K), 0.0025686 secs] [Times: user=0.01 sys=0.01, real=0.01 secs] 
1414.217: [GC (Allocation Failure) [PSYoungGen: 51072K->1408K(51712K)] 327101K->277437K(742912K), 0.0021004 secs] [Times: user=0.01 sys=0.00, real=0.00 secs] 
1414.618: [GC (Allocation Failure) [PSYoungGen: 51072K->1376K(51712K)] 327101K->277405K(742912K), 0.0020142 secs] [Times: user=0.00 sys=0.00, real=0.00 secs] 
1415.010: [GC (Allocation Failure) [PSYoungGen: 51040K->1376K(51712K)] 327069K->277405K(742912K), 0.0018469 secs] [Times: user=0.01 sys=0.00, real=0.00 secs] 
1415.387: [GC (Allocation Failure) [PSYoungGen: 50998K->240K(51712K)] 327027K->276269K(742912K), 0.0030044 secs] [Times: user=0.01 sys=0.00, real=0.00 secs] 
1416.206: [GC (Allocation Failure) [PSYoungGen: 49904K->1440K(51712K)] 325933K->277469K(742912K), 0.0025702 secs] [Times: user=0.01 sys=0.00, real=0.00 secs] 
1416.637: [GC (Allocation Failure) [PSYoungGen: 51104K->1344K(51712K)] 327133K->277373K(742912K), 0.0022100 secs] [Times: user=0.01 sys=0.00, real=0.00 secs] 
1417.010: [GC (Allocation Failure) [PSYoungGen: 51008K->1376K(51712K)] 327037K->277405K(742912K), 0.0021027 secs] [Times: user=0.00 sys=0.01, real=0.00 secs] 
1417.217: [GC (Allocation Failure) [PSYoungGen: 51040K->1408K(51712K)] 327069K->277445K(742912K), 0.0018989 secs] [Times: user=0.01 sys=0.00, real=0.00 secs] 
1417.423: [GC (Allocation Failure) [PSYoungGen: 51072K->1408K(51712K)] 327109K->277445K(742912K), 0.0019365 secs] [Times: user=0.01 sys=0.00, real=0.01 secs] 
1417.657: [GC (Allocation Failure) [PSYoungGen: 51008K->288K(51712K)] 327046K->276325K(742912K), 0.0017909 secs] [Times: user=0.01 sys=0.00, real=0.00 secs] 
1418.287: [GC (Allocation Failure) [PSYoungGen: 49952K->1472K(51712K)] 325989K->277509K(742912K), 0.0015387 secs] [Times: user=0.00 sys=0.00, real=0.00 secs] 
1418.493: [GC (Allocation Failure) [PSYoungGen: 51136K->1408K(51712K)] 327173K->277477K(742912K), 0.0016505 secs] [Times: user=0.01 sys=0.00, real=0.01 secs] 
1418.698: [GC (Allocation Failure) [PSYoungGen: 51072K->1392K(51712K)] 327141K->277461K(742912K), 0.0014456 secs] [Times: user=0.01 sys=0.00, real=0.00 secs] 
1418.904: [GC (Allocation Failure) [PSYoungGen: 51056K->1344K(51712K)] 327125K->277413K(742912K), 0.0012585 secs] [Times: user=0.01 sys=0.00, real=0.00 secs] 
1419.110: [GC (Allocation Failure) [PSYoungGen: 51008K->1376K(51712K)] 327077K->277445K(742912K), 0.0014144 secs] [Times: user=0.01 sys=0.00, real=0.00 secs] 
1419.348: [GC (Allocation Failure) [PSYoungGen: 50995K->288K(51712K)] 327065K->276357K(742912K), 0.0016470 secs] [Times: user=0.00 sys=0.00, real=0.00 secs] 
1420.719: [GC (Allocation Failure) [PSYoungGen: 49952K->1408K(51712K)] 326021K->277477K(742912K), 0.0027628 secs] [Times: user=0.01 sys=0.00, real=0.00 secs] 
1421.672: [GC (Allocation Failure) [PSYoungGen: 51072K->1376K(51712K)] 327141K->277445K(742912K), 0.0063762 secs] [Times: user=0.02 sys=0.00, real=0.01 secs] 
1422.525: [GC (Allocation Failure) [PSYoungGen: 51040K->1408K(51712K)] 327109K->277477K(742912K), 0.0036422 secs] [Times: user=0.01 sys=0.00, real=0.00 secs] 
1423.180: [GC (Allocation Failure) [PSYoungGen: 51072K->1344K(51712K)] 327141K->277413K(742912K), 0.0037596 secs] [Times: user=0.02 sys=0.00, real=0.01 secs] 
1423.811: [GC (Allocation Failure) [PSYoungGen: 51008K->1408K(51712K)] 327077K->277477K(742912K), 0.0030278 secs] [Times: user=0.02 sys=0.00, real=0.01 secs] 
1424.463: [GC (Allocation Failure) [PSYoungGen: 51072K->1408K(51712K)] 327141K->277477K(742912K), 0.0029977 secs] [Times: user=0.01 sys=0.00, real=0.01 secs] 
1425.223: [GC (Allocation Failure) [PSYoungGen: 51072K->1440K(51712K)] 327141K->277509K(742912K), 0.0018464 secs] [Times: user=0.01 sys=0.01, real=0.01 secs] 
1425.429: [GC (Allocation Failure) [PSYoungGen: 51104K->1440K(51712K)] 327173K->277509K(742912K), 0.0019018 secs] [Times: user=0.01 sys=0.00, real=0.00 secs] 
1425.636: [GC (Allocation Failure) [PSYoungGen: 51104K->1376K(51712K)] 327173K->277445K(742912K), 0.0017767 secs] [Times: user=0.01 sys=0.00, real=0.00 secs] 
1425.872: [GC (Allocation Failure) [PSYoungGen: 51040K->1424K(51712K)] 327109K->277501K(742912K), 0.0017688 secs] [Times: user=0.01 sys=0.00, real=0.01 secs] 
1426.258: [GC (Allocation Failure) [PSYoungGen: 51088K->1376K(51712K)] 327165K->277453K(742912K), 0.0018406 secs] [Times: user=0.01 sys=0.01, real=0.00 secs] 
1426.703: [GC (Allocation Failure) [PSYoungGen: 51040K->1376K(51712K)] 327117K->277453K(742912K), 0.0020491 secs] [Times: user=0.01 sys=0.00, real=0.00 secs] 
1427.931: [GC (Allocation Failure) [PSYoungGen: 51040K->1440K(51712K)] 327117K->277517K(742912K), 0.0021655 secs] [Times: user=0.01 sys=0.00, real=0.01 secs] 
1429.077: [GC (Allocation Failure) [PSYoungGen: 51104K->1392K(51712K)] 327181K->277469K(742912K), 0.0028795 secs] [Times: user=0.01 sys=0.00, real=0.00 secs] 
1429.355: [GC (Allocation Failure) [PSYoungGen: 51056K->1376K(51712K)] 327133K->277453K(742912K), 0.0020689 secs] [Times: user=0.01 sys=0.00, real=0.00 secs] 
1429.793: [GC (Allocation Failure) [PSYoungGen: 51040K->1392K(51712K)] 327117K->277469K(742912K), 0.0022784 secs] [Times: user=0.01 sys=0.00, real=0.01 secs] 
1430.239: [GC (Allocation Failure) [PSYoungGen: 51056K->1344K(51712K)] 327133K->277445K(742912K), 0.0027395 secs] [Times: user=0.01 sys=0.00, real=0.00 secs] 
1430.761: [GC (Allocation Failure) [PSYoungGen: 51008K->1344K(51712K)] 327109K->277445K(742912K), 0.0026514 secs] [Times: user=0.01 sys=0.00, real=0.01 secs] 
1432.468: [GC (Allocation Failure) [PSYoungGen: 51008K->1376K(51712K)] 327109K->277477K(742912K), 0.0037978 secs] [Times: user=0.02 sys=0.00, real=0.00 secs] 
1433.387: [GC (Allocation Failure) [PSYoungGen: 51040K->1376K(51712K)] 327141K->277477K(742912K), 0.0029643 secs] [Times: user=0.01 sys=0.00, real=0.00 secs] 
1433.867: [GC (Allocation Failure) [PSYoungGen: 51040K->1392K(51712K)] 327141K->277493K(742912K), 0.0026887 secs] [Times: user=0.01 sys=0.00, real=0.00 secs] 
1434.260: [GC (Allocation Failure) [PSYoungGen: 51056K->1408K(51712K)] 327157K->277509K(742912K), 0.0021933 secs] [Times: user=0.01 sys=0.00, real=0.00 secs] 
1434.620: [GC (Allocation Failure) [PSYoungGen: 51072K->1376K(51712K)] 327173K->277477K(742912K), 0.0023898 secs] [Times: user=0.01 sys=0.00, real=0.00 secs] 
1435.070: [GC (Allocation Failure) [PSYoungGen: 51040K->1376K(51712K)] 327141K->277477K(742912K), 0.0025957 secs] [Times: user=0.01 sys=0.00, real=0.00 secs] 
1435.879: [GC (Allocation Failure) [PSYoungGen: 51040K->1440K(51712K)] 327141K->277541K(742912K), 0.0018860 secs] [Times: user=0.01 sys=0.00, real=0.00 secs] 
1436.085: [GC (Allocation Failure) [PSYoungGen: 51104K->1408K(51712K)] 327205K->277509K(742912K), 0.0019061 secs] [Times: user=0.01 sys=0.00, real=0.00 secs] 
1436.307: [GC (Allocation Failure) [PSYoungGen: 51072K->1344K(51712K)] 327173K->277445K(742912K), 0.0017792 secs] [Times: user=0.01 sys=0.00, real=0.00 secs] 
1436.548: [GC (Allocation Failure) [PSYoungGen: 51008K->1376K(51200K)] 327109K->277477K(742400K), 0.0019270 secs] [Times: user=0.00 sys=0.00, real=0.00 secs] 
1436.754: [GC (Allocation Failure) [PSYoungGen: 51040K->1408K(51200K)] 327141K->277509K(742400K), 0.0020185 secs] [Times: user=0.01 sys=0.00, real=0.00 secs] 
1436.998: [GC (Allocation Failure) [PSYoungGen: 51072K->1376K(51200K)] 327173K->277477K(742400K), 0.0018324 secs] [Times: user=0.01 sys=0.00, real=0.00 secs] 
1437.830: [GC (Allocation Failure) [PSYoungGen: 51040K->1408K(51200K)] 327141K->277509K(742400K), 0.0017357 secs] [Times: user=0.00 sys=0.00, real=0.00 secs] 
1438.218: [GC (Allocation Failure) [PSYoungGen: 51072K->1408K(51200K)] 327173K->277509K(742400K), 0.0019308 secs] [Times: user=0.01 sys=0.00, real=0.00 secs] 
1438.615: [GC (Allocation Failure) [PSYoungGen: 51072K->1408K(51200K)] 327173K->277509K(742400K), 0.0030450 secs] [Times: user=0.02 sys=0.00, real=0.00 secs] 
1439.139: [GC (Allocation Failure) [PSYoungGen: 51072K->1376K(51200K)] 327173K->277501K(742400K), 0.0025773 secs] [Times: user=0.01 sys=0.00, real=0.00 secs] 
1439.648: [GC (Allocation Failure) [PSYoungGen: 51040K->1408K(51200K)] 327165K->277533K(742400K), 0.0026039 secs] [Times: user=0.01 sys=0.00, real=0.00 secs] 
1440.132: [GC (Allocation Failure) [PSYoungGen: 51072K->1376K(51200K)] 327197K->277501K(742400K), 0.0022450 secs] [Times: user=0.01 sys=0.00, real=0.01 secs] 
1441.616: [GC (Allocation Failure) [PSYoungGen: 51040K->1440K(51200K)] 327165K->277565K(742400K), 0.0028082 secs] [Times: user=0.01 sys=0.00, real=0.00 secs] 
1442.213: [GC (Allocation Failure) [PSYoungGen: 51104K->1408K(51200K)] 327229K->277533K(742400K), 0.0064293 secs] [Times: user=0.03 sys=0.00, real=0.01 secs] 
1442.820: [GC (Allocation Failure) [PSYoungGen: 51072K->1408K(51200K)] 327197K->277533K(742400K), 0.0031826 secs] [Times: user=0.01 sys=0.00, real=0.00 secs] 
1443.532: [GC (Allocation Failure) [PSYoungGen: 51072K->1376K(51200K)] 327197K->277517K(742400K), 0.0031474 secs] [Times: user=0.01 sys=0.00, real=0.01 secs] 
1444.163: [GC (Allocation Failure) [PSYoungGen: 51040K->1376K(51200K)] 327181K->277517K(742400K), 0.0032955 secs] [Times: user=0.02 sys=0.00, real=0.00 secs] 
1444.744: [GC (Allocation Failure) [PSYoungGen: 51040K->1376K(51200K)] 327181K->277517K(742400K), 0.0032415 secs] [Times: user=0.01 sys=0.00, real=0.00 secs] 
1445.828: [GC (Allocation Failure) [PSYoungGen: 51040K->1440K(51200K)] 327181K->277581K(742400K), 0.0019334 secs] [Times: user=0.00 sys=0.00, real=0.00 secs] 
1446.149: [GC (Allocation Failure) [PSYoungGen: 51104K->1408K(51200K)] 327245K->277549K(742400K), 0.0020524 secs] [Times: user=0.01 sys=0.00, real=0.00 secs] 
1446.362: [GC (Allocation Failure) [PSYoungGen: 51072K->1376K(51200K)] 327213K->277517K(742400K), 0.0020045 secs] [Times: user=0.01 sys=0.00, real=0.01 secs] 
1446.656: [GC (Allocation Failure) [PSYoungGen: 51040K->1408K(51200K)] 327181K->277549K(742400K), 0.0023579 secs] [Times: user=0.01 sys=0.00, real=0.00 secs] 
1447.072: [GC (Allocation Failure) [PSYoungGen: 51072K->1376K(51200K)] 327213K->277517K(742400K), 0.0026163 secs] [Times: user=0.01 sys=0.00, real=0.01 secs] 
1447.494: [GC (Allocation Failure) [PSYoungGen: 51040K->1408K(51200K)] 327181K->277549K(742400K), 0.0025982 secs] [Times: user=0.01 sys=0.00, real=0.00 secs] 
1449.085: [GC (Allocation Failure) [PSYoungGen: 51072K->1408K(51200K)] 327213K->277549K(742400K), 0.0018884 secs] [Times: user=0.01 sys=0.00, real=0.00 secs] 
1449.443: [GC (Allocation Failure) [PSYoungGen: 51072K->1376K(51200K)] 327213K->277517K(742400K), 0.0022726 secs] [Times: user=0.01 sys=0.00, real=0.01 secs] 
1449.940: [GC (Allocation Failure) [PSYoungGen: 51040K->1344K(51200K)] 327181K->277485K(742400K), 0.0039198 secs] [Times: user=0.01 sys=0.00, real=0.01 secs] 
1450.461: [GC (Allocation Failure) [PSYoungGen: 51008K->1408K(51200K)] 327149K->277573K(742400K), 0.0030964 secs] [Times: user=0.01 sys=0.00, real=0.01 secs] 
1451.140: [GC (Allocation Failure) [PSYoungGen: 51072K->1344K(51200K)] 327237K->277517K(742400K), 0.0030232 secs] [Times: user=0.01 sys=0.00, real=0.00 secs] 
1451.710: [GC (Allocation Failure) [PSYoungGen: 51008K->1408K(51200K)] 327181K->277581K(742400K), 0.0026090 secs] [Times: user=0.01 sys=0.00, real=0.00 secs] 
1452.716: [GC (Allocation Failure) [PSYoungGen: 51072K->1408K(51200K)] 327245K->277581K(742400K), 0.0018590 secs] [Times: user=0.01 sys=0.00, real=0.00 secs] 
1453.348: [GC (Allocation Failure) [PSYoungGen: 51072K->1344K(51200K)] 327245K->277517K(742400K), 0.0018715 secs] [Times: user=0.00 sys=0.00, real=0.00 secs] 
1453.851: [GC (Allocation Failure) [PSYoungGen: 51008K->1344K(51200K)] 327181K->277517K(742400K), 0.0019810 secs] [Times: user=0.01 sys=0.00, real=0.00 secs] 
1454.479: [GC (Allocation Failure) [PSYoungGen: 51008K->1408K(51200K)] 327181K->277581K(742400K), 0.0025388 secs] [Times: user=0.01 sys=0.00, real=0.00 secs] 
1455.066: [GC (Allocation Failure) [PSYoungGen: 51072K->1440K(51200K)] 327245K->277613K(742400K), 0.0025966 secs] [Times: user=0.01 sys=0.00, real=0.00 secs] 
1455.426: [GC (Allocation Failure) [PSYoungGen: 51104K->1360K(51200K)] 327277K->277533K(742400K), 0.0025716 secs] [Times: user=0.01 sys=0.00, real=0.00 secs] 
1456.284: [GC (Allocation Failure) [PSYoungGen: 51024K->1440K(51200K)] 327197K->277613K(742400K), 0.0019815 secs] [Times: user=0.01 sys=0.00, real=0.00 secs] 
1456.728: [GC (Allocation Failure) [PSYoungGen: 51104K->1344K(51200K)] 327277K->277525K(742400K), 0.0019295 secs] [Times: user=0.01 sys=0.00, real=0.00 secs] 
1457.118: [GC (Allocation Failure) [PSYoungGen: 51008K->1376K(51200K)] 327189K->277557K(742400K), 0.0018692 secs] [Times: user=0.01 sys=0.00, real=0.00 secs] 
1457.528: [GC (Allocation Failure) [PSYoungGen: 51040K->1376K(51200K)] 327221K->277573K(742400K), 0.0019603 secs] [Times: user=0.01 sys=0.00, real=0.00 secs] 
1457.984: [GC (Allocation Failure) [PSYoungGen: 51040K->1376K(51200K)] 327237K->277573K(742400K), 0.0025220 secs] [Times: user=0.01 sys=0.00, real=0.00 secs] 
1458.435: [GC (Allocation Failure) [PSYoungGen: 51040K->1392K(51200K)] 327237K->277589K(742400K), 0.0025326 secs] [Times: user=0.01 sys=0.00, real=0.00 secs] 
1459.580: [GC (Allocation Failure) [PSYoungGen: 51056K->1440K(51200K)] 327253K->277637K(742400K), 0.0020460 secs] [Times: user=0.01 sys=0.00, real=0.00 secs] 
1460.431: [GC (Allocation Failure) [PSYoungGen: 51104K->1376K(51200K)] 327301K->277573K(742400K), 0.0021733 secs] [Times: user=0.01 sys=0.01, real=0.01 secs] 
1461.231: [GC (Allocation Failure) [PSYoungGen: 51040K->1408K(51200K)] 327237K->277629K(742400K), 0.0023981 secs] [Times: user=0.01 sys=0.00, real=0.01 secs] 
1461.759: [GC (Allocation Failure) [PSYoungGen: 51072K->1376K(51200K)] 327293K->277597K(742400K), 0.0026732 secs] [Times: user=0.01 sys=0.00, real=0.00 secs] 
1462.353: [GC (Allocation Failure) [PSYoungGen: 51040K->1360K(51200K)] 327261K->277581K(742400K), 0.0025538 secs] [Times: user=0.01 sys=0.01, real=0.01 secs] 
1462.806: [GC (Allocation Failure) [PSYoungGen: 51024K->1376K(51200K)] 327245K->277597K(742400K), 0.0020208 secs] [Times: user=0.01 sys=0.00, real=0.00 secs] 
1463.771: [GC (Allocation Failure) [PSYoungGen: 51040K->1440K(51200K)] 327261K->277661K(742400K), 0.0015644 secs] [Times: user=0.01 sys=0.00, real=0.00 secs] 
1464.211: [GC (Allocation Failure) [PSYoungGen: 51104K->1408K(51200K)] 327325K->277629K(742400K), 0.0018394 secs] [Times: user=0.01 sys=0.00, real=0.01 secs] 
1464.677: [GC (Allocation Failure) [PSYoungGen: 51072K->1376K(51200K)] 327293K->277597K(742400K), 0.0020866 secs] [Times: user=0.01 sys=0.00, real=0.00 secs] 
1465.217: [GC (Allocation Failure) [PSYoungGen: 51040K->1408K(51200K)] 327261K->277629K(742400K), 0.0021324 secs] [Times: user=0.01 sys=0.00, real=0.00 secs] 
1465.856: [GC (Allocation Failure) [PSYoungGen: 51072K->1424K(51200K)] 327293K->277645K(742400K), 0.0024471 secs] [Times: user=0.01 sys=0.00, real=0.00 secs] 
1466.694: [GC (Allocation Failure) [PSYoungGen: 51088K->1408K(51200K)] 327309K->277629K(742400K), 0.0030661 secs] [Times: user=0.01 sys=0.00, real=0.00 secs] 
1467.836: [GC (Allocation Failure) [PSYoungGen: 51072K->1408K(51200K)] 327293K->277629K(742400K), 0.0016651 secs] [Times: user=0.00 sys=0.00, real=0.00 secs] 
1468.326: [GC (Allocation Failure) [PSYoungGen: 51072K->1376K(51200K)] 327293K->277597K(742400K), 0.0018404 secs] [Times: user=0.00 sys=0.00, real=0.00 secs] 
1468.569: [GC (Allocation Failure) [PSYoungGen: 51040K->1376K(51200K)] 327261K->277597K(742400K), 0.0018742 secs] [Times: user=0.01 sys=0.00, real=0.00 secs] 
1468.863: [GC (Allocation Failure) [PSYoungGen: 51040K->1376K(51200K)] 327261K->277613K(742400K), 0.0019473 secs] [Times: user=0.01 sys=0.00, real=0.01 secs] 
1469.226: [GC (Allocation Failure) [PSYoungGen: 51040K->1408K(51200K)] 327277K->277653K(742400K), 0.0018294 secs] [Times: user=0.01 sys=0.00, real=0.00 secs] 
1469.583: [GC (Allocation Failure) [PSYoungGen: 51072K->1344K(51200K)] 327317K->277589K(742400K), 0.0018207 secs] [Times: user=0.01 sys=0.00, real=0.00 secs] 
1470.493: [GC (Allocation Failure) [PSYoungGen: 51008K->1408K(51200K)] 327253K->277677K(742400K), 0.0019501 secs] [Times: user=0.01 sys=0.00, real=0.01 secs] 
1470.714: [GC (Allocation Failure) [PSYoungGen: 51072K->1376K(51200K)] 327341K->277645K(742400K), 0.0019409 secs] [Times: user=0.01 sys=0.00, real=0.00 secs] 
1470.921: [GC (Allocation Failure) [PSYoungGen: 51040K->1376K(51200K)] 327309K->277645K(742400K), 0.0019063 secs] [Times: user=0.00 sys=0.00, real=0.00 secs] 
1471.164: [GC (Allocation Failure) [PSYoungGen: 51040K->1408K(51200K)] 327309K->277677K(742400K), 0.0019361 secs] [Times: user=0.01 sys=0.00, real=0.00 secs] 
1471.491: [GC (Allocation Failure) [PSYoungGen: 51072K->1376K(51200K)] 327341K->277645K(742400K), 0.0019405 secs] [Times: user=0.01 sys=0.00, real=0.00 secs] 
1471.990: [GC (Allocation Failure) [PSYoungGen: 51040K->1376K(51200K)] 327309K->277645K(742400K), 0.0021604 secs] [Times: user=0.00 sys=0.00, real=0.00 secs] 
1472.694: [GC (Allocation Failure) [PSYoungGen: 51040K->1408K(51200K)] 327309K->277677K(742400K), 0.0018062 secs] [Times: user=0.01 sys=0.00, real=0.00 secs] 
1472.900: [GC (Allocation Failure) [PSYoungGen: 51072K->1376K(51200K)] 327341K->277645K(742400K), 0.0019929 secs] [Times: user=0.00 sys=0.00, real=0.00 secs] 
1473.107: [GC (Allocation Failure) [PSYoungGen: 51040K->1344K(51200K)] 327309K->277613K(742400K), 0.0018293 secs] [Times: user=0.01 sys=0.00, real=0.00 secs] 
1473.313: [GC (Allocation Failure) [PSYoungGen: 51008K->1344K(51200K)] 327277K->277613K(742400K), 0.0018266 secs] [Times: user=0.01 sys=0.00, real=0.00 secs] 
1473.549: [GC (Allocation Failure) [PSYoungGen: 51008K->1392K(51200K)] 327277K->277661K(742400K), 0.0019216 secs] [Times: user=0.01 sys=0.00, real=0.00 secs] 
1473.781: [GC (Allocation Failure) [PSYoungGen: 51056K->1408K(51200K)] 327325K->277677K(742400K), 0.0018881 secs] [Times: user=0.01 sys=0.00, real=0.00 secs] 
1474.803: [GC (Allocation Failure) [PSYoungGen: 51072K->1408K(51200K)] 327341K->277677K(742400K), 0.0018684 secs] [Times: user=0.01 sys=0.00, real=0.01 secs] 
1475.384: [GC (Allocation Failure) [PSYoungGen: 51072K->1376K(51200K)] 327341K->277645K(742400K), 0.0020331 secs] [Times: user=0.01 sys=0.00, real=0.00 secs] 
1476.013: [GC (Allocation Failure) [PSYoungGen: 51040K->1344K(51200K)] 327309K->277613K(742400K), 0.0020715 secs] [Times: user=0.01 sys=0.00, real=0.00 secs] 
1476.469: [GC (Allocation Failure) [PSYoungGen: 51008K->1408K(51200K)] 327277K->277677K(742400K), 0.0019193 secs] [Times: user=0.00 sys=0.00, real=0.00 secs] 
1476.930: [GC (Allocation Failure) [PSYoungGen: 51072K->1376K(51200K)] 327341K->277645K(742400K), 0.0022729 secs] [Times: user=0.00 sys=0.00, real=0.00 secs] 
1477.622: [GC (Allocation Failure) [PSYoungGen: 51040K->1408K(51200K)] 327309K->277677K(742400K), 0.0024699 secs] [Times: user=0.01 sys=0.00, real=0.01 secs] 
1478.424: [GC (Allocation Failure) [PSYoungGen: 51072K->1440K(51200K)] 327341K->277709K(742400K), 0.0018597 secs] [Times: user=0.00 sys=0.00, real=0.00 secs] 
1478.699: [GC (Allocation Failure) [PSYoungGen: 51104K->1376K(51200K)] 327373K->277645K(742400K), 0.0018678 secs] [Times: user=0.00 sys=0.00, real=0.00 secs] 
1478.907: [GC (Allocation Failure) [PSYoungGen: 51040K->1376K(51200K)] 327309K->277677K(742400K), 0.0018041 secs] [Times: user=0.01 sys=0.00, real=0.00 secs] 
1479.122: [GC (Allocation Failure) [PSYoungGen: 51040K->1344K(51200K)] 327341K->277645K(742400K), 0.0018414 secs] [Times: user=0.01 sys=0.00, real=0.01 secs] 
1479.346: [GC (Allocation Failure) [PSYoungGen: 51008K->1344K(51200K)] 327309K->277645K(742400K), 0.0017820 secs] [Times: user=0.00 sys=0.00, real=0.00 secs] 
1479.553: [GC (Allocation Failure) [PSYoungGen: 51008K->1408K(51200K)] 327309K->277709K(742400K), 0.0017196 secs] [Times: user=0.00 sys=0.00, real=0.00 secs] 
1480.465: [GC (Allocation Failure) [PSYoungGen: 51072K->1424K(51200K)] 327373K->277725K(742400K), 0.0037170 secs] [Times: user=0.02 sys=0.00, real=0.00 secs] 
1480.901: [GC (Allocation Failure) [PSYoungGen: 51088K->1376K(51200K)] 327389K->277677K(742400K), 0.0026995 secs] [Times: user=0.01 sys=0.00, real=0.01 secs] 
1481.308: [GC (Allocation Failure) [PSYoungGen: 51040K->1376K(51200K)] 327341K->277677K(742400K), 0.0026713 secs] [Times: user=0.01 sys=0.00, real=0.00 secs] 
1481.786: [GC (Allocation Failure) [PSYoungGen: 51040K->1408K(51200K)] 327341K->277709K(742400K), 0.0027409 secs] [Times: user=0.01 sys=0.00, real=0.00 secs] 
1482.160: [GC (Allocation Failure) [PSYoungGen: 51072K->1376K(51200K)] 327373K->277677K(742400K), 0.0022273 secs] [Times: user=0.01 sys=0.00, real=0.00 secs] 
1482.634: [GC (Allocation Failure) [PSYoungGen: 51040K->1408K(51200K)] 327341K->277709K(742400K), 0.0020399 secs] [Times: user=0.01 sys=0.00, real=0.00 secs] 
1483.928: [GC (Allocation Failure) [PSYoungGen: 51072K->1408K(51200K)] 327373K->277709K(742400K), 0.0029327 secs] [Times: user=0.01 sys=0.00, real=0.00 secs] 
1484.971: [GC (Allocation Failure) [PSYoungGen: 51072K->1408K(51200K)] 327373K->277709K(742400K), 0.0025335 secs] [Times: user=0.01 sys=0.01, real=0.01 secs] 
1485.812: [GC (Allocation Failure) [PSYoungGen: 51072K->1344K(51200K)] 327373K->277645K(742400K), 0.0030659 secs] [Times: user=0.01 sys=0.00, real=0.01 secs] 
1486.443: [GC (Allocation Failure) [PSYoungGen: 51008K->1376K(51200K)] 327309K->277677K(742400K), 0.0028889 secs] [Times: user=0.01 sys=0.00, real=0.01 secs] 
1487.060: [GC (Allocation Failure) [PSYoungGen: 51040K->1376K(51200K)] 327341K->277677K(742400K), 0.0029249 secs] [Times: user=0.01 sys=0.00, real=0.01 secs] 
1487.600: [GC (Allocation Failure) [PSYoungGen: 51040K->1344K(51200K)] 327341K->277645K(742400K), 0.0033414 secs] [Times: user=0.01 sys=0.00, real=0.01 secs] 
1488.303: [GC (Allocation Failure) [PSYoungGen: 51008K->1376K(51200K)] 327309K->277677K(742400K), 0.0016094 secs] [Times: user=0.01 sys=0.00, real=0.01 secs] 
1488.509: [GC (Allocation Failure) [PSYoungGen: 51040K->1376K(51200K)] 327341K->277677K(742400K), 0.0016867 secs] [Times: user=0.01 sys=0.00, real=0.00 secs] 
1489.099: [GC (Allocation Failure) [PSYoungGen: 51040K->1408K(51200K)] 327341K->277709K(742400K), 0.0019552 secs] [Times: user=0.00 sys=0.00, real=0.00 secs] 
1489.608: [GC (Allocation Failure) [PSYoungGen: 51072K->1360K(51200K)] 327373K->277661K(742400K), 0.0019916 secs] [Times: user=0.01 sys=0.00, real=0.00 secs] 
1490.132: [GC (Allocation Failure) [PSYoungGen: 51024K->1344K(51200K)] 327325K->277645K(742400K), 0.0019984 secs] [Times: user=0.01 sys=0.00, real=0.01 secs] 
1490.602: [GC (Allocation Failure) [PSYoungGen: 51008K->1376K(51200K)] 327309K->277677K(742400K), 0.0020690 secs] [Times: user=0.01 sys=0.00, real=0.01 secs] 
1493.124: [GC (Allocation Failure) [PSYoungGen: 51040K->1408K(51200K)] 327341K->277717K(742400K), 0.0044223 secs] [Times: user=0.02 sys=0.00, real=0.00 secs] 
1493.870: [GC (Allocation Failure) [PSYoungGen: 51072K->1360K(51200K)] 327381K->277669K(742400K), 0.0030935 secs] [Times: user=0.01 sys=0.00, real=0.01 secs] 
1494.526: [GC (Allocation Failure) [PSYoungGen: 51024K->1376K(51200K)] 327333K->277685K(742400K), 0.0029928 secs] [Times: user=0.02 sys=0.00, real=0.00 secs] 
1495.370: [GC (Allocation Failure) [PSYoungGen: 51040K->1344K(51200K)] 327349K->277653K(742400K), 0.0026167 secs] [Times: user=0.01 sys=0.01, real=0.00 secs] 
1496.107: [GC (Allocation Failure) [PSYoungGen: 51008K->1312K(51200K)] 327317K->277621K(742400K), 0.0041681 secs] [Times: user=0.01 sys=0.00, real=0.00 secs] 
1496.779: [GC (Allocation Failure) [PSYoungGen: 50976K->1312K(51200K)] 327285K->277621K(742400K), 0.0041545 secs] [Times: user=0.02 sys=0.00, real=0.01 secs] 
1497.818: [GC (Allocation Failure) [PSYoungGen: 50976K->1376K(51200K)] 327285K->277685K(742400K), 0.0017071 secs] [Times: user=0.00 sys=0.00, real=0.00 secs] 
1498.377: [GC (Allocation Failure) [PSYoungGen: 51040K->1408K(51200K)] 327349K->277717K(742400K), 0.0038300 secs] [Times: user=0.02 sys=0.01, real=0.00 secs] 
1499.231: [GC (Allocation Failure) [PSYoungGen: 51072K->1376K(51200K)] 327381K->277685K(742400K), 0.0032409 secs] [Times: user=0.01 sys=0.00, real=0.01 secs] 
1499.909: [GC (Allocation Failure) [PSYoungGen: 51040K->1376K(51200K)] 327349K->277685K(742400K), 0.0031501 secs] [Times: user=0.01 sys=0.00, real=0.00 secs] 
1500.445: [GC (Allocation Failure) [PSYoungGen: 51040K->1344K(51200K)] 327349K->277653K(742400K), 0.0031813 secs] [Times: user=0.01 sys=0.00, real=0.00 secs] 
1500.866: [GC (Allocation Failure) [PSYoungGen: 51008K->1376K(51200K)] 327317K->277685K(742400K), 0.0031846 secs] [Times: user=0.02 sys=0.00, real=0.00 secs] 
1502.242: [GC (Allocation Failure) [PSYoungGen: 51040K->1440K(51200K)] 327349K->277749K(742400K), 0.0041383 secs] [Times: user=0.02 sys=0.00, real=0.01 secs] 
1502.902: [GC (Allocation Failure) [PSYoungGen: 51104K->1408K(51200K)] 327413K->277717K(742400K), 0.0041466 secs] [Times: user=0.01 sys=0.00, real=0.01 secs] 
1503.414: [GC (Allocation Failure) [PSYoungGen: 51072K->1376K(51200K)] 327381K->277685K(742400K), 0.0030151 secs] [Times: user=0.02 sys=0.00, real=0.00 secs] 
1503.788: [GC (Allocation Failure) [PSYoungGen: 51040K->1408K(51200K)] 327349K->277725K(742400K), 0.0026029 secs] [Times: user=0.01 sys=0.00, real=0.00 secs] 
1504.387: [GC (Allocation Failure) [PSYoungGen: 51072K->1456K(51200K)] 327389K->277773K(742400K), 0.0024648 secs] [Times: user=0.01 sys=0.00, real=0.00 secs] 
1505.121: [GC (Allocation Failure) [PSYoungGen: 51120K->1408K(51200K)] 327437K->277725K(742400K), 0.0022631 secs] [Times: user=0.01 sys=0.00, real=0.01 secs] 
1505.968: [GC (Allocation Failure) [PSYoungGen: 51072K->1408K(51200K)] 327389K->277725K(742400K), 0.0019689 secs] [Times: user=0.01 sys=0.00, real=0.00 secs] 
1506.184: [GC (Allocation Failure) [PSYoungGen: 51072K->1424K(51200K)] 327389K->277741K(742400K), 0.0021207 secs] [Times: user=0.01 sys=0.00, real=0.00 secs] 
1506.404: [GC (Allocation Failure) [PSYoungGen: 51088K->1344K(51200K)] 327405K->277661K(742400K), 0.0020186 secs] [Times: user=0.01 sys=0.00, real=0.00 secs] 
1506.613: [GC (Allocation Failure) [PSYoungGen: 51008K->1376K(51200K)] 327325K->277701K(742400K), 0.0021048 secs] [Times: user=0.01 sys=0.00, real=0.01 secs] 
1506.919: [GC (Allocation Failure) [PSYoungGen: 51040K->1456K(51200K)] 327365K->277781K(742400K), 0.0018476 secs] [Times: user=0.01 sys=0.00, real=0.00 secs] 
1507.125: [GC (Allocation Failure) [PSYoungGen: 51120K->1344K(51200K)] 327445K->277669K(742400K), 0.0019197 secs] [Times: user=0.01 sys=0.00, real=0.00 secs] 
1509.144: [GC (Allocation Failure) [PSYoungGen: 51008K->1408K(51200K)] 327333K->277733K(742400K), 0.0042633 secs] [Times: user=0.02 sys=0.00, real=0.00 secs] 
1509.491: [GC (Allocation Failure) [PSYoungGen: 51072K->1376K(51200K)] 327397K->277701K(742400K), 0.0020660 secs] [Times: user=0.01 sys=0.00, real=0.01 secs] 
1509.698: [GC (Allocation Failure) [PSYoungGen: 51040K->1376K(51200K)] 327365K->277701K(742400K), 0.0019348 secs] [Times: user=0.00 sys=0.00, real=0.00 secs] 
1509.904: [GC (Allocation Failure) [PSYoungGen: 51040K->1376K(51200K)] 327365K->277725K(742400K), 0.0019379 secs] [Times: user=0.01 sys=0.00, real=0.00 secs] 
1510.111: [GC (Allocation Failure) [PSYoungGen: 51040K->1360K(51200K)] 327389K->277709K(742400K), 0.0016776 secs] [Times: user=0.00 sys=0.00, real=0.00 secs] 
1510.335: [GC (Allocation Failure) [PSYoungGen: 51024K->1344K(51200K)] 327373K->277693K(742400K), 0.0020011 secs] [Times: user=0.00 sys=0.00, real=0.00 secs] 
1511.199: [GC (Allocation Failure) [PSYoungGen: 51008K->1440K(51200K)] 327357K->277789K(742400K), 0.0017677 secs] [Times: user=0.01 sys=0.00, real=0.00 secs] 
1511.635: [GC (Allocation Failure) [PSYoungGen: 51104K->1376K(51200K)] 327453K->277725K(742400K), 0.0019017 secs] [Times: user=0.01 sys=0.00, real=0.00 secs] 
1512.048: [GC (Allocation Failure) [PSYoungGen: 51040K->1344K(51200K)] 327389K->277693K(742400K), 0.0020279 secs] [Times: user=0.01 sys=0.00, real=0.00 secs] 
1512.454: [GC (Allocation Failure) [PSYoungGen: 51008K->1408K(51200K)] 327357K->277757K(742400K), 0.0018755 secs] [Times: user=0.01 sys=0.00, real=0.00 secs] 
1512.862: [GC (Allocation Failure) [PSYoungGen: 51072K->1376K(51200K)] 327421K->277725K(742400K), 0.0018532 secs] [Times: user=0.00 sys=0.00, real=0.01 secs] 
1513.216: [GC (Allocation Failure) [PSYoungGen: 51040K->1376K(51200K)] 327389K->277725K(742400K), 0.0020792 secs] [Times: user=0.01 sys=0.00, real=0.00 secs] 
1514.472: [GC (Allocation Failure) [PSYoungGen: 51040K->1440K(51200K)] 327389K->277789K(742400K), 0.0030492 secs] [Times: user=0.02 sys=0.00, real=0.01 secs] 
1515.223: [GC (Allocation Failure) [PSYoungGen: 51104K->1424K(51200K)] 327453K->277773K(742400K), 0.0030784 secs] [Times: user=0.01 sys=0.00, real=0.01 secs] 
1515.840: [GC (Allocation Failure) [PSYoungGen: 51088K->1408K(51200K)] 327437K->277757K(742400K), 0.0032046 secs] [Times: user=0.02 sys=0.00, real=0.00 secs] 
1516.504: [GC (Allocation Failure) [PSYoungGen: 51072K->1376K(51200K)] 327421K->277725K(742400K), 0.0026174 secs] [Times: user=0.01 sys=0.00, real=0.00 secs] 
1517.145: [GC (Allocation Failure) [PSYoungGen: 51040K->1408K(51200K)] 327389K->277757K(742400K), 0.0029760 secs] [Times: user=0.01 sys=0.00, real=0.00 secs] 
1517.664: [GC (Allocation Failure) [PSYoungGen: 51072K->1408K(51200K)] 327421K->277757K(742400K), 0.0031188 secs] [Times: user=0.02 sys=0.00, real=0.00 secs] 
1518.636: [GC (Allocation Failure) [PSYoungGen: 51072K->1488K(51200K)] 327421K->277837K(742400K), 0.0019847 secs] [Times: user=0.00 sys=0.00, real=0.00 secs] 
1519.030: [GC (Allocation Failure) [PSYoungGen: 51152K->1376K(51200K)] 327501K->277725K(742400K), 0.0022391 secs] [Times: user=0.01 sys=0.00, real=0.00 secs] 
1519.422: [GC (Allocation Failure) [PSYoungGen: 51040K->1408K(51200K)] 327389K->277757K(742400K), 0.0031100 secs] [Times: user=0.02 sys=0.00, real=0.01 secs] 
1519.871: [GC (Allocation Failure) [PSYoungGen: 51072K->1424K(51200K)] 327421K->277773K(742400K), 0.0026593 secs] [Times: user=0.01 sys=0.00, real=0.01 secs] 
1520.314: [GC (Allocation Failure) [PSYoungGen: 51088K->1376K(51200K)] 327437K->277749K(742400K), 0.0025430 secs] [Times: user=0.01 sys=0.00, real=0.00 secs] 
1520.589: [GC (Allocation Failure) [PSYoungGen: 51040K->1424K(51200K)] 327413K->277797K(742400K), 0.0018038 secs] [Times: user=0.00 sys=0.00, real=0.00 secs] 
1521.821: [GC (Allocation Failure) [PSYoungGen: 51088K->1376K(51200K)] 327461K->277749K(742400K), 0.0030297 secs] [Times: user=0.01 sys=0.00, real=0.01 secs] 
1522.277: [GC (Allocation Failure) [PSYoungGen: 51040K->1376K(51200K)] 327413K->277749K(742400K), 0.0041393 secs] [Times: user=0.02 sys=0.00, real=0.00 secs] 
1522.828: [GC (Allocation Failure) [PSYoungGen: 51040K->1408K(51200K)] 327413K->277781K(742400K), 0.0035744 secs] [Times: user=0.01 sys=0.00, real=0.00 secs] 
1523.390: [GC (Allocation Failure) [PSYoungGen: 51072K->1408K(51200K)] 327445K->277797K(742400K), 0.0042010 secs] [Times: user=0.01 sys=0.00, real=0.01 secs] 
1523.801: [GC (Allocation Failure) [PSYoungGen: 51072K->1376K(51200K)] 327461K->277765K(742400K), 0.0032167 secs] [Times: user=0.01 sys=0.00, real=0.01 secs] 
1524.183: [GC (Allocation Failure) [PSYoungGen: 51040K->1408K(51200K)] 327429K->277797K(742400K), 0.0052969 secs] [Times: user=0.02 sys=0.00, real=0.01 secs] 
1524.922: [GC (Allocation Failure) [PSYoungGen: 51072K->1440K(51200K)] 327461K->277829K(742400K), 0.0018026 secs] [Times: user=0.01 sys=0.00, real=0.01 secs] 
1525.238: [GC (Allocation Failure) [PSYoungGen: 51104K->1376K(51200K)] 327493K->277765K(742400K), 0.0019931 secs] [Times: user=0.00 sys=0.00, real=0.00 secs] 
1525.448: [GC (Allocation Failure) [PSYoungGen: 51040K->1376K(51200K)] 327429K->277765K(742400K), 0.0020845 secs] [Times: user=0.01 sys=0.00, real=0.00 secs] 
1525.670: [GC (Allocation Failure) [PSYoungGen: 51040K->1376K(51200K)] 327429K->277765K(742400K), 0.0018150 secs] [Times: user=0.01 sys=0.01, real=0.00 secs] 
1525.888: [GC (Allocation Failure) [PSYoungGen: 51040K->1376K(51200K)] 327429K->277765K(742400K), 0.0018245 secs] [Times: user=0.01 sys=0.00, real=0.00 secs] 
1526.099: [GC (Allocation Failure) [PSYoungGen: 51040K->1376K(51200K)] 327429K->277765K(742400K), 0.0019797 secs] [Times: user=0.01 sys=0.00, real=0.00 secs] 
1527.523: [GC (Allocation Failure) [PSYoungGen: 51040K->1456K(51200K)] 327429K->277845K(742400K), 0.0039311 secs] [Times: user=0.02 sys=0.00, real=0.01 secs] 
1527.960: [GC (Allocation Failure) [PSYoungGen: 51120K->1376K(51200K)] 327509K->277765K(742400K), 0.0029918 secs] [Times: user=0.01 sys=0.01, real=0.00 secs] 
1528.466: [GC (Allocation Failure) [PSYoungGen: 51040K->1424K(51200K)] 327429K->277813K(742400K), 0.0029951 secs] [Times: user=0.02 sys=0.00, real=0.00 secs] 
1528.999: [GC (Allocation Failure) [PSYoungGen: 51088K->1376K(51200K)] 327477K->277805K(742400K), 0.0031123 secs] [Times: user=0.01 sys=0.00, real=0.00 secs] 
1529.371: [GC (Allocation Failure) [PSYoungGen: 51040K->1376K(51200K)] 327469K->277805K(742400K), 0.0025760 secs] [Times: user=0.01 sys=0.00, real=0.01 secs] 
1529.807: [GC (Allocation Failure) [PSYoungGen: 51040K->1360K(51200K)] 327469K->277789K(742400K), 0.0023260 secs] [Times: user=0.01 sys=0.00, real=0.00 secs] 
1531.216: [GC (Allocation Failure) [PSYoungGen: 51024K->1456K(51200K)] 327453K->277885K(742400K), 0.0036730 secs] [Times: user=0.01 sys=0.00, real=0.00 secs] 
1532.409: [GC (Allocation Failure) [PSYoungGen: 51120K->1408K(51200K)] 327549K->277837K(742400K), 0.0036808 secs] [Times: user=0.02 sys=0.00, real=0.00 secs] 
1533.679: [GC (Allocation Failure) [PSYoungGen: 51072K->1408K(51200K)] 327501K->277837K(742400K), 0.0044145 secs] [Times: user=0.02 sys=0.00, real=0.01 secs] 
1534.372: [GC (Allocation Failure) [PSYoungGen: 51072K->1408K(51200K)] 327501K->277837K(742400K), 0.0048070 secs] [Times: user=0.02 sys=0.00, real=0.01 secs] 
1534.731: [GC (Allocation Failure) [PSYoungGen: 51072K->1424K(51200K)] 327501K->277853K(742400K), 0.0021985 secs] [Times: user=0.01 sys=0.00, real=0.01 secs] 
1534.938: [GC (Allocation Failure) [PSYoungGen: 51088K->1408K(51200K)] 327517K->277837K(742400K), 0.0020642 secs] [Times: user=0.01 sys=0.00, real=0.00 secs] 
1535.587: [GC (Allocation Failure) [PSYoungGen: 51072K->1440K(51200K)] 327501K->277869K(742400K), 0.0017147 secs] [Times: user=0.00 sys=0.00, real=0.00 secs] 
1535.794: [GC (Allocation Failure) [PSYoungGen: 51104K->1408K(51200K)] 327533K->277837K(742400K), 0.0016775 secs] [Times: user=0.01 sys=0.00, real=0.00 secs] 
1536.000: [GC (Allocation Failure) [PSYoungGen: 51072K->1376K(51200K)] 327501K->277805K(742400K), 0.0016495 secs] [Times: user=0.01 sys=0.00, real=0.00 secs] 
1536.206: [GC (Allocation Failure) [PSYoungGen: 51040K->1408K(51200K)] 327469K->277837K(742400K), 0.0016396 secs] [Times: user=0.01 sys=0.00, real=0.00 secs] 
1536.412: [GC (Allocation Failure) [PSYoungGen: 51072K->1376K(51200K)] 327501K->277805K(742400K), 0.0017941 secs] [Times: user=0.01 sys=0.01, real=0.01 secs] 
1536.618: [GC (Allocation Failure) [PSYoungGen: 51040K->1344K(51200K)] 327469K->277773K(742400K), 0.0016752 secs] [Times: user=0.00 sys=0.00, real=0.00 secs] 
1538.038: [GC (Allocation Failure) [PSYoungGen: 51008K->1408K(51200K)] 327437K->277837K(742400K), 0.0030219 secs] [Times: user=0.02 sys=0.00, real=0.00 secs] 
1538.499: [GC (Allocation Failure) [PSYoungGen: 51072K->1376K(51200K)] 327501K->277805K(742400K), 0.0023942 secs] [Times: user=0.01 sys=0.00, real=0.00 secs] 
1538.827: [GC (Allocation Failure) [PSYoungGen: 51040K->1360K(51200K)] 327469K->277789K(742400K), 0.0019891 secs] [Times: user=0.01 sys=0.00, real=0.00 secs] 
1539.072: [GC (Allocation Failure) [PSYoungGen: 51024K->1376K(51200K)] 327453K->277805K(742400K), 0.0018135 secs] [Times: user=0.01 sys=0.00, real=0.01 secs] 
1539.308: [GC (Allocation Failure) [PSYoungGen: 51040K->1344K(51200K)] 327469K->277797K(742400K), 0.0018500 secs] [Times: user=0.01 sys=0.00, real=0.00 secs] 
1539.518: [GC (Allocation Failure) [PSYoungGen: 51008K->1408K(51200K)] 327461K->277861K(742400K), 0.0017098 secs] [Times: user=0.00 sys=0.00, real=0.00 secs] 
1540.268: [GC (Allocation Failure) [PSYoungGen: 51072K->1440K(51200K)] 327525K->277893K(742400K), 0.0020759 secs] [Times: user=0.01 sys=0.00, real=0.00 secs] 
1540.499: [GC (Allocation Failure) [PSYoungGen: 51104K->1344K(51200K)] 327557K->277797K(742400K), 0.0018645 secs] [Times: user=0.01 sys=0.00, real=0.00 secs] 
1540.816: [GC (Allocation Failure) [PSYoungGen: 51008K->1376K(51200K)] 327461K->277829K(742400K), 0.0020270 secs] [Times: user=0.01 sys=0.00, real=0.00 secs] 
1541.097: [GC (Allocation Failure) [PSYoungGen: 51040K->1408K(51200K)] 327493K->277861K(742400K), 0.0020737 secs] [Times: user=0.00 sys=0.00, real=0.00 secs] 
1541.315: [GC (Allocation Failure) [PSYoungGen: 51072K->1360K(51200K)] 327525K->277813K(742400K), 0.0018576 secs] [Times: user=0.01 sys=0.00, real=0.00 secs] 
1541.526: [GC (Allocation Failure) [PSYoungGen: 51024K->1376K(51200K)] 327477K->277829K(742400K), 0.0019627 secs] [Times: user=0.01 sys=0.00, real=0.00 secs] 
1542.519: [GC (Allocation Failure) [PSYoungGen: 51040K->1440K(51200K)] 327493K->277893K(742400K), 0.0017895 secs] [Times: user=0.01 sys=0.00, real=0.00 secs] 
1543.054: [GC (Allocation Failure) [PSYoungGen: 51104K->1376K(51200K)] 327557K->277829K(742400K), 0.0019369 secs] [Times: user=0.01 sys=0.00, real=0.00 secs] 
1543.668: [GC (Allocation Failure) [PSYoungGen: 51040K->1376K(51200K)] 327493K->277829K(742400K), 0.0033415 secs] [Times: user=0.01 sys=0.00, real=0.00 secs] 
1544.302: [GC (Allocation Failure) [PSYoungGen: 51040K->1376K(51200K)] 327493K->277829K(742400K), 0.0042519 secs] [Times: user=0.02 sys=0.00, real=0.01 secs] 
1544.779: [GC (Allocation Failure) [PSYoungGen: 51040K->1408K(51200K)] 327493K->277861K(742400K), 0.0030794 secs] [Times: user=0.01 sys=0.00, real=0.00 secs] 
1545.174: [GC (Allocation Failure) [PSYoungGen: 51072K->1376K(51200K)] 327525K->277829K(742400K), 0.0025036 secs] [Times: user=0.01 sys=0.00, real=0.00 secs] 
1545.947: [GC (Allocation Failure) [PSYoungGen: 51040K->1408K(51200K)] 327493K->277861K(742400K), 0.0025591 secs] [Times: user=0.00 sys=0.00, real=0.00 secs] 
1546.357: [GC (Allocation Failure) [PSYoungGen: 51072K->1376K(51200K)] 327525K->277829K(742400K), 0.0018521 secs] [Times: user=0.01 sys=0.00, real=0.00 secs] 
1546.866: [GC (Allocation Failure) [PSYoungGen: 51040K->1376K(51200K)] 327493K->277829K(742400K), 0.0023821 secs] [Times: user=0.01 sys=0.00, real=0.00 secs] 
1547.283: [GC (Allocation Failure) [PSYoungGen: 51040K->1376K(51200K)] 327493K->277837K(742400K), 0.0021372 secs] [Times: user=0.01 sys=0.00, real=0.01 secs] 
1547.832: [GC (Allocation Failure) [PSYoungGen: 51040K->1408K(51200K)] 327501K->277869K(742400K), 0.0026397 secs] [Times: user=0.01 sys=0.00, real=0.01 secs] 
1548.290: [GC (Allocation Failure) [PSYoungGen: 51072K->1408K(51200K)] 327533K->277869K(742400K), 0.0020929 secs] [Times: user=0.01 sys=0.00, real=0.00 secs] 
1549.148: [GC (Allocation Failure) [PSYoungGen: 51072K->1408K(51200K)] 327533K->277869K(742400K), 0.0016324 secs] [Times: user=0.01 sys=0.00, real=0.00 secs] 
1549.812: [GC (Allocation Failure) [PSYoungGen: 51072K->1408K(51200K)] 327533K->277869K(742400K), 0.0043126 secs] [Times: user=0.01 sys=0.00, real=0.01 secs] 
1550.423: [GC (Allocation Failure) [PSYoungGen: 51072K->1408K(51200K)] 327533K->277869K(742400K), 0.0041319 secs] [Times: user=0.02 sys=0.00, real=0.00 secs] 
1550.992: [GC (Allocation Failure) [PSYoungGen: 51072K->1376K(51200K)] 327533K->277861K(742400K), 0.0030142 secs] [Times: user=0.01 sys=0.00, real=0.01 secs] 
1551.408: [GC (Allocation Failure) [PSYoungGen: 51040K->1344K(51200K)] 327525K->277829K(742400K), 0.0025031 secs] [Times: user=0.00 sys=0.00, real=0.00 secs] 
1551.803: [GC (Allocation Failure) [PSYoungGen: 51008K->1376K(51200K)] 327493K->277861K(742400K), 0.0025570 secs] [Times: user=0.01 sys=0.01, real=0.00 secs] 
1552.686: [GC (Allocation Failure) [PSYoungGen: 51040K->1440K(51200K)] 327525K->277925K(742400K), 0.0018735 secs] [Times: user=0.01 sys=0.00, real=0.00 secs] 
1553.211: [GC (Allocation Failure) [PSYoungGen: 51104K->1376K(51200K)] 327589K->277861K(742400K), 0.0018108 secs] [Times: user=0.00 sys=0.00, real=0.00 secs] 
1553.789: [GC (Allocation Failure) [PSYoungGen: 51040K->1344K(51200K)] 327525K->277829K(742400K), 0.0030172 secs] [Times: user=0.01 sys=0.00, real=0.00 secs] 
1554.367: [GC (Allocation Failure) [PSYoungGen: 51008K->1376K(51200K)] 327493K->277861K(742400K), 0.0043483 secs] [Times: user=0.01 sys=0.00, real=0.00 secs] 
1554.835: [GC (Allocation Failure) [PSYoungGen: 51040K->1408K(51200K)] 327525K->277893K(742400K), 0.0038309 secs] [Times: user=0.02 sys=0.00, real=0.00 secs] 
1555.245: [GC (Allocation Failure) [PSYoungGen: 51072K->1344K(51200K)] 327557K->277829K(742400K), 0.0025180 secs] [Times: user=0.00 sys=0.00, real=0.00 secs] 
1556.117: [GC (Allocation Failure) [PSYoungGen: 51008K->1376K(51200K)] 327493K->277861K(742400K), 0.0018219 secs] [Times: user=0.00 sys=0.00, real=0.00 secs] 
1556.648: [GC (Allocation Failure) [PSYoungGen: 51040K->1360K(51200K)] 327525K->277845K(742400K), 0.0039181 secs] [Times: user=0.01 sys=0.00, real=0.00 secs] 
1557.195: [GC (Allocation Failure) [PSYoungGen: 51024K->1376K(51200K)] 327509K->277861K(742400K), 0.0039391 secs] [Times: user=0.02 sys=0.00, real=0.00 secs] 
1557.688: [GC (Allocation Failure) [PSYoungGen: 51040K->1344K(51200K)] 327525K->277829K(742400K), 0.0029752 secs] [Times: user=0.01 sys=0.00, real=0.00 secs] 
1558.096: [GC (Allocation Failure) [PSYoungGen: 51008K->1376K(51200K)] 327493K->277861K(742400K), 0.0031754 secs] [Times: user=0.01 sys=0.00, real=0.00 secs] 
1558.483: [GC (Allocation Failure) [PSYoungGen: 51040K->1376K(51200K)] 327525K->277861K(742400K), 0.0025359 secs] [Times: user=0.01 sys=0.00, real=0.00 secs] 
1559.432: [GC (Allocation Failure) [PSYoungGen: 51040K->1440K(51200K)] 327525K->277925K(742400K), 0.0017471 secs] [Times: user=0.01 sys=0.00, real=0.01 secs] 
1559.870: [GC (Allocation Failure) [PSYoungGen: 51104K->1376K(51200K)] 327589K->277861K(742400K), 0.0018978 secs] [Times: user=0.00 sys=0.00, real=0.00 secs] 
1560.273: [GC (Allocation Failure) [PSYoungGen: 51040K->1408K(51200K)] 327525K->277925K(742400K), 0.0017835 secs] [Times: user=0.01 sys=0.01, real=0.01 secs] 
1560.780: [GC (Allocation Failure) [PSYoungGen: 51072K->1376K(51200K)] 327589K->277893K(742400K), 0.0030152 secs] [Times: user=0.01 sys=0.00, real=0.00 secs] 
1561.250: [GC (Allocation Failure) [PSYoungGen: 51040K->1376K(51200K)] 327557K->277893K(742400K), 0.0022947 secs] [Times: user=0.01 sys=0.00, real=0.00 secs] 
1561.524: [GC (Allocation Failure) [PSYoungGen: 51040K->1408K(51200K)] 327557K->277925K(742400K), 0.0021687 secs] [Times: user=0.01 sys=0.00, real=0.00 secs] 
1562.554: [GC (Allocation Failure) [PSYoungGen: 51072K->1440K(51200K)] 327589K->277957K(742400K), 0.0021295 secs] [Times: user=0.01 sys=0.00, real=0.00 secs] 
1562.761: [GC (Allocation Failure) [PSYoungGen: 51104K->1440K(51200K)] 327621K->277957K(742400K), 0.0019229 secs] [Times: user=0.00 sys=0.00, real=0.00 secs] 
1562.967: [GC (Allocation Failure) [PSYoungGen: 51104K->1376K(51200K)] 327621K->277893K(742400K), 0.0018011 secs] [Times: user=0.00 sys=0.00, real=0.00 secs] 
1563.210: [GC (Allocation Failure) [PSYoungGen: 51040K->1408K(51200K)] 327557K->277925K(742400K), 0.0018598 secs] [Times: user=0.01 sys=0.00, real=0.00 secs] 
1563.574: [GC (Allocation Failure) [PSYoungGen: 51072K->1408K(51200K)] 327589K->277925K(742400K), 0.0018604 secs] [Times: user=0.01 sys=0.00, real=0.00 secs] 
1563.925: [GC (Allocation Failure) [PSYoungGen: 51072K->1376K(51200K)] 327589K->277893K(742400K), 0.0018482 secs] [Times: user=0.00 sys=0.00, real=0.00 secs] 
1564.874: [GC (Allocation Failure) [PSYoungGen: 51040K->1472K(51200K)] 327557K->277989K(742400K), 0.0017501 secs] [Times: user=0.01 sys=0.00, real=0.00 secs] 
1565.329: [GC (Allocation Failure) [PSYoungGen: 51136K->1376K(51200K)] 327653K->277893K(742400K), 0.0019139 secs] [Times: user=0.00 sys=0.00, real=0.00 secs] 
1565.796: [GC (Allocation Failure) [PSYoungGen: 51040K->1440K(51200K)] 327557K->277957K(742400K), 0.0033548 secs] [Times: user=0.01 sys=0.00, real=0.00 secs] 
1566.206: [GC (Allocation Failure) [PSYoungGen: 51104K->1424K(51200K)] 327621K->277941K(742400K), 0.0024919 secs] [Times: user=0.01 sys=0.00, real=0.00 secs] 
1566.484: [GC (Allocation Failure) [PSYoungGen: 51088K->1408K(51200K)] 327605K->277925K(742400K), 0.0019233 secs] [Times: user=0.01 sys=0.00, real=0.00 secs] 
1566.690: [GC (Allocation Failure) [PSYoungGen: 51072K->1408K(51200K)] 327589K->277925K(742400K), 0.0021811 secs] [Times: user=0.01 sys=0.00, real=0.00 secs] 
1567.570: [GC (Allocation Failure) [PSYoungGen: 51072K->1376K(51200K)] 327589K->277893K(742400K), 0.0018638 secs] [Times: user=0.00 sys=0.00, real=0.00 secs] 
1567.999: [GC (Allocation Failure) [PSYoungGen: 51040K->1408K(51200K)] 327557K->277925K(742400K), 0.0021334 secs] [Times: user=0.01 sys=0.00, real=0.00 secs] 
1568.532: [GC (Allocation Failure) [PSYoungGen: 51072K->1408K(51200K)] 327589K->277925K(742400K), 0.0030729 secs] [Times: user=0.01 sys=0.00, real=0.01 secs] 
1569.263: [GC (Allocation Failure) [PSYoungGen: 51072K->1376K(51200K)] 327589K->277917K(742400K), 0.0025009 secs] [Times: user=0.01 sys=0.00, real=0.01 secs] 
1569.674: [GC (Allocation Failure) [PSYoungGen: 51040K->1408K(51200K)] 327581K->277949K(742400K), 0.0020535 secs] [Times: user=0.00 sys=0.00, real=0.00 secs] 
1570.288: [GC (Allocation Failure) [PSYoungGen: 51072K->1344K(51200K)] 327613K->277885K(742400K), 0.0024227 secs] [Times: user=0.00 sys=0.00, real=0.00 secs] 
1571.314: [GC (Allocation Failure) [PSYoungGen: 51008K->1440K(51200K)] 327549K->277981K(742400K), 0.0019910 secs] [Times: user=0.01 sys=0.00, real=0.00 secs] 
1571.726: [GC (Allocation Failure) [PSYoungGen: 51104K->1408K(51200K)] 327645K->277949K(742400K), 0.0019031 secs] [Times: user=0.01 sys=0.00, real=0.00 secs] 
1572.134: [GC (Allocation Failure) [PSYoungGen: 51072K->1376K(51200K)] 327613K->277917K(742400K), 0.0019239 secs] [Times: user=0.00 sys=0.00, real=0.00 secs] 
1572.542: [GC (Allocation Failure) [PSYoungGen: 51040K->1408K(51200K)] 327581K->277965K(742400K), 0.0022353 secs] [Times: user=0.01 sys=0.00, real=0.01 secs] 
1572.958: [GC (Allocation Failure) [PSYoungGen: 51072K->1440K(51200K)] 327629K->277997K(742400K), 0.0020525 secs] [Times: user=0.01 sys=0.00, real=0.00 secs] 
1573.331: [GC (Allocation Failure) [PSYoungGen: 51104K->1376K(51200K)] 327661K->277933K(742400K), 0.0022013 secs] [Times: user=0.00 sys=0.00, real=0.01 secs] 
1574.324: [GC (Allocation Failure) [PSYoungGen: 51040K->1440K(51200K)] 327597K->277997K(742400K), 0.0040384 secs] [Times: user=0.02 sys=0.01, real=0.00 secs] 
1574.792: [GC (Allocation Failure) [PSYoungGen: 51104K->1408K(51200K)] 327661K->277965K(742400K), 0.0027302 secs] [Times: user=0.01 sys=0.00, real=0.01 secs] 
1575.139: [GC (Allocation Failure) [PSYoungGen: 51072K->1376K(51200K)] 327629K->277933K(742400K), 0.0021307 secs] [Times: user=0.01 sys=0.00, real=0.00 secs] 
1575.348: [GC (Allocation Failure) [PSYoungGen: 51040K->1376K(51200K)] 327597K->277941K(742400K), 0.0018633 secs] [Times: user=0.01 sys=0.00, real=0.00 secs] 
1575.584: [GC (Allocation Failure) [PSYoungGen: 51040K->1408K(51200K)] 327605K->277973K(742400K), 0.0026230 secs] [Times: user=0.01 sys=0.00, real=0.00 secs] 
1575.900: [GC (Allocation Failure) [PSYoungGen: 51072K->1440K(51200K)] 327637K->278013K(742400K), 0.0022369 secs] [Times: user=0.01 sys=0.00, real=0.00 secs] 
1576.828: [GC (Allocation Failure) [PSYoungGen: 51104K->1440K(51200K)] 327677K->278021K(742400K), 0.0018807 secs] [Times: user=0.01 sys=0.01, real=0.00 secs] 
1577.306: [GC (Allocation Failure) [PSYoungGen: 51104K->1392K(51200K)] 327685K->277973K(742400K), 0.0019418 secs] [Times: user=0.01 sys=0.00, real=0.00 secs] 
1577.743: [GC (Allocation Failure) [PSYoungGen: 51056K->1408K(51200K)] 327637K->277989K(742400K), 0.0029360 secs] [Times: user=0.01 sys=0.01, real=0.01 secs] 
1578.198: [GC (Allocation Failure) [PSYoungGen: 51072K->1376K(51200K)] 327653K->277957K(742400K), 0.0026071 secs] [Times: user=0.01 sys=0.00, real=0.00 secs] 
1578.777: [GC (Allocation Failure) [PSYoungGen: 51040K->1408K(51200K)] 327621K->278021K(742400K), 0.0023259 secs] [Times: user=0.01 sys=0.00, real=0.00 secs] 
1579.395: [GC (Allocation Failure) [PSYoungGen: 51072K->1344K(51200K)] 327685K->277957K(742400K), 0.0024737 secs] [Times: user=0.01 sys=0.00, real=0.00 secs] 
1580.735: [GC (Allocation Failure) [PSYoungGen: 51008K->1440K(51200K)] 327621K->278053K(742400K), 0.0039473 secs] [Times: user=0.02 sys=0.00, real=0.00 secs] 
1581.248: [GC (Allocation Failure) [PSYoungGen: 51104K->1376K(51200K)] 327717K->277989K(742400K), 0.0023531 secs] [Times: user=0.00 sys=0.00, real=0.00 secs] 
1581.832: [GC (Allocation Failure) [PSYoungGen: 51040K->1392K(51200K)] 327653K->278005K(742400K), 0.0028157 secs] [Times: user=0.01 sys=0.00, real=0.01 secs] 
1582.290: [GC (Allocation Failure) [PSYoungGen: 51056K->1376K(51200K)] 327669K->277989K(742400K), 0.0021058 secs] [Times: user=0.01 sys=0.00, real=0.00 secs] 
1582.913: [GC (Allocation Failure) [PSYoungGen: 51040K->1408K(51200K)] 327653K->278021K(742400K), 0.0020466 secs] [Times: user=0.00 sys=0.00, real=0.01 secs] 
1583.499: [GC (Allocation Failure) [PSYoungGen: 51072K->1408K(51200K)] 327685K->278021K(742400K), 0.0021353 secs] [Times: user=0.01 sys=0.01, real=0.00 secs] 
1584.700: [GC (Allocation Failure) [PSYoungGen: 51072K->1440K(51200K)] 327685K->278053K(742400K), 0.0042571 secs] [Times: user=0.01 sys=0.00, real=0.01 secs] 
1585.327: [GC (Allocation Failure) [PSYoungGen: 51104K->1376K(51200K)] 327717K->277989K(742400K), 0.0027002 secs] [Times: user=0.01 sys=0.00, real=0.00 secs] 
1585.949: [GC (Allocation Failure) [PSYoungGen: 51040K->1376K(51200K)] 327653K->277989K(742400K), 0.0038779 secs] [Times: user=0.02 sys=0.00, real=0.00 secs] 
1586.457: [GC (Allocation Failure) [PSYoungGen: 51040K->1376K(51200K)] 327653K->277997K(742400K), 0.0025043 secs] [Times: user=0.01 sys=0.00, real=0.00 secs] 
1586.877: [GC (Allocation Failure) [PSYoungGen: 51040K->1408K(51200K)] 327661K->278029K(742400K), 0.0019757 secs] [Times: user=0.00 sys=0.00, real=0.00 secs] 
1587.192: [GC (Allocation Failure) [PSYoungGen: 51072K->1408K(51200K)] 327693K->278029K(742400K), 0.0019034 secs] [Times: user=0.00 sys=0.00, real=0.01 secs] 
1588.121: [GC (Allocation Failure) [PSYoungGen: 51072K->1440K(51200K)] 327693K->278061K(742400K), 0.0020762 secs] [Times: user=0.01 sys=0.00, real=0.00 secs] 
1588.583: [GC (Allocation Failure) [PSYoungGen: 51104K->1408K(51200K)] 327725K->278029K(742400K), 0.0019250 secs] [Times: user=0.01 sys=0.00, real=0.01 secs] 
1589.002: [GC (Allocation Failure) [PSYoungGen: 51072K->1376K(51200K)] 327693K->277997K(742400K), 0.0035752 secs] [Times: user=0.01 sys=0.00, real=0.01 secs] 
1589.348: [GC (Allocation Failure) [PSYoungGen: 51040K->1392K(51200K)] 327661K->278021K(742400K), 0.0023380 secs] [Times: user=0.01 sys=0.00, real=0.00 secs] 
1589.548: [GC (Allocation Failure) [PSYoungGen: 51056K->1376K(51200K)] 327685K->278005K(742400K), 0.0020703 secs] [Times: user=0.00 sys=0.00, real=0.00 secs] 
1589.754: [GC (Allocation Failure) [PSYoungGen: 51040K->1376K(51200K)] 327669K->278037K(742400K), 0.0019067 secs] [Times: user=0.01 sys=0.00, real=0.00 secs] 
1590.646: [GC (Allocation Failure) [PSYoungGen: 51040K->1408K(51200K)] 327701K->278069K(742400K), 0.0018060 secs] [Times: user=0.01 sys=0.00, real=0.00 secs] 
1591.150: [GC (Allocation Failure) [PSYoungGen: 51072K->1408K(51200K)] 327733K->278069K(742400K), 0.0025357 secs] [Times: user=0.01 sys=0.01, real=0.00 secs] 
1591.600: [GC (Allocation Failure) [PSYoungGen: 51072K->1344K(51200K)] 327733K->278005K(742400K), 0.0025268 secs] [Times: user=0.01 sys=0.00, real=0.00 secs] 
1592.011: [GC (Allocation Failure) [PSYoungGen: 51008K->1376K(51200K)] 327669K->278037K(742400K), 0.0020918 secs] [Times: user=0.01 sys=0.00, real=0.01 secs] 
1592.498: [GC (Allocation Failure) [PSYoungGen: 51040K->1376K(51200K)] 327701K->278037K(742400K), 0.0023245 secs] [Times: user=0.01 sys=0.00, real=0.00 secs] 
1592.927: [GC (Allocation Failure) [PSYoungGen: 51040K->1408K(51200K)] 327701K->278069K(742400K), 0.0021797 secs] [Times: user=0.01 sys=0.00, real=0.00 secs] 
1594.231: [GC (Allocation Failure) [PSYoungGen: 51072K->1472K(51200K)] 327733K->278133K(742400K), 0.0025468 secs] [Times: user=0.01 sys=0.00, real=0.00 secs] 
1594.935: [GC (Allocation Failure) [PSYoungGen: 51136K->1376K(51200K)] 327797K->278037K(742400K), 0.0030398 secs] [Times: user=0.01 sys=0.00, real=0.00 secs] 
1595.573: [GC (Allocation Failure) [PSYoungGen: 51040K->1344K(51200K)] 327701K->278005K(742400K), 0.0030230 secs] [Times: user=0.01 sys=0.00, real=0.01 secs] 
1596.043: [GC (Allocation Failure) [PSYoungGen: 51008K->1344K(51200K)] 327669K->278005K(742400K), 0.0029623 secs] [Times: user=0.02 sys=0.00, real=0.01 secs] 
1596.513: [GC (Allocation Failure) [PSYoungGen: 51008K->1360K(51200K)] 327669K->278021K(742400K), 0.0025765 secs] [Times: user=0.01 sys=0.00, real=0.00 secs] 
1597.022: [GC (Allocation Failure) [PSYoungGen: 51024K->1408K(51200K)] 327685K->278069K(742400K), 0.0023534 secs] [Times: user=0.01 sys=0.00, real=0.01 secs] 
1597.810: [GC (Allocation Failure) [PSYoungGen: 51072K->1456K(51200K)] 327733K->278117K(742400K), 0.0018632 secs] [Times: user=0.01 sys=0.00, real=0.00 secs] 
1598.069: [GC (Allocation Failure) [PSYoungGen: 51120K->1408K(51200K)] 327781K->278069K(742400K), 0.0018078 secs] [Times: user=0.01 sys=0.01, real=0.00 secs] 
1598.344: [GC (Allocation Failure) [PSYoungGen: 51072K->1376K(51200K)] 327733K->278037K(742400K), 0.0017988 secs] [Times: user=0.01 sys=0.00, real=0.00 secs] 
1598.631: [GC (Allocation Failure) [PSYoungGen: 51040K->1408K(51200K)] 327701K->278069K(742400K), 0.0018527 secs] [Times: user=0.01 sys=0.00, real=0.00 secs] 
1599.013: [GC (Allocation Failure) [PSYoungGen: 51072K->1344K(51200K)] 327733K->278005K(742400K), 0.0018654 secs] [Times: user=0.00 sys=0.00, real=0.01 secs] 
1599.394: [GC (Allocation Failure) [PSYoungGen: 51008K->1376K(51200K)] 327669K->278037K(742400K), 0.0018247 secs] [Times: user=0.00 sys=0.00, real=0.00 secs] 
1600.266: [GC (Allocation Failure) [PSYoungGen: 51040K->1440K(51200K)] 327701K->278117K(742400K), 0.0019490 secs] [Times: user=0.01 sys=0.00, real=0.00 secs] 
1600.738: [GC (Allocation Failure) [PSYoungGen: 51104K->1376K(51200K)] 327781K->278053K(742400K), 0.0020882 secs] [Times: user=0.01 sys=0.00, real=0.00 secs] 
1601.091: [GC (Allocation Failure) [PSYoungGen: 51040K->1376K(51200K)] 327717K->278053K(742400K), 0.0023490 secs] [Times: user=0.01 sys=0.00, real=0.00 secs] 
1601.350: [GC (Allocation Failure) [PSYoungGen: 51040K->1376K(51200K)] 327717K->278053K(742400K), 0.0020689 secs] [Times: user=0.01 sys=0.00, real=0.00 secs] 
1601.568: [GC (Allocation Failure) [PSYoungGen: 51040K->1376K(51200K)] 327717K->278053K(742400K), 0.0018901 secs] [Times: user=0.01 sys=0.00, real=0.00 secs] 
1601.975: [GC (Allocation Failure) [PSYoungGen: 51040K->1408K(51200K)] 327717K->278085K(742400K), 0.0020589 secs] [Times: user=0.01 sys=0.00, real=0.00 secs] 
1602.960: [GC (Allocation Failure) [PSYoungGen: 51072K->1472K(51200K)] 327749K->278149K(742400K), 0.0021838 secs] [Times: user=0.01 sys=0.01, real=0.00 secs] 
1603.380: [GC (Allocation Failure) [PSYoungGen: 51136K->1344K(51200K)] 327813K->278021K(742400K), 0.0022642 secs] [Times: user=0.01 sys=0.00, real=0.00 secs] 
1603.850: [GC (Allocation Failure) [PSYoungGen: 51008K->1344K(51200K)] 327685K->278021K(742400K), 0.0023528 secs] [Times: user=0.00 sys=0.00, real=0.00 secs] 
1604.382: [GC (Allocation Failure) [PSYoungGen: 51008K->1376K(51200K)] 327685K->278053K(742400K), 0.0031081 secs] [Times: user=0.01 sys=0.00, real=0.01 secs] 
1604.794: [GC (Allocation Failure) [PSYoungGen: 51040K->1376K(51200K)] 327717K->278053K(742400K), 0.0026643 secs] [Times: user=0.01 sys=0.00, real=0.00 secs] 
1605.337: [GC (Allocation Failure) [PSYoungGen: 51040K->1344K(51200K)] 327717K->278021K(742400K), 0.0026804 secs] [Times: user=0.01 sys=0.00, real=0.00 secs] 
1606.329: [GC (Allocation Failure) [PSYoungGen: 51008K->1440K(51200K)] 327685K->278117K(742400K), 0.0019797 secs] [Times: user=0.00 sys=0.01, real=0.00 secs] 
1606.730: [GC (Allocation Failure) [PSYoungGen: 51104K->1376K(51200K)] 327781K->278053K(742400K), 0.0020325 secs] [Times: user=0.01 sys=0.00, real=0.00 secs] 
1607.220: [GC (Allocation Failure) [PSYoungGen: 51040K->1408K(51200K)] 327717K->278085K(742400K), 0.0025904 secs] [Times: user=0.01 sys=0.01, real=0.00 secs] 
1607.695: [GC (Allocation Failure) [PSYoungGen: 51072K->1408K(51200K)] 327749K->278093K(742400K), 0.0019612 secs] [Times: user=0.01 sys=0.01, real=0.00 secs] 
1608.178: [GC (Allocation Failure) [PSYoungGen: 51072K->1376K(51200K)] 327757K->278061K(742400K), 0.0021275 secs] [Times: user=0.01 sys=0.00, real=0.00 secs] 
1608.853: [GC (Allocation Failure) [PSYoungGen: 51040K->1392K(51200K)] 327725K->278077K(742400K), 0.0023567 secs] [Times: user=0.01 sys=0.00, real=0.00 secs] 
1609.947: [GC (Allocation Failure) [PSYoungGen: 51056K->1440K(51200K)] 327741K->278133K(742400K), 0.0039452 secs] [Times: user=0.01 sys=0.00, real=0.00 secs] 
1610.322: [GC (Allocation Failure) [PSYoungGen: 51104K->1408K(51200K)] 327797K->278101K(742400K), 0.0023484 secs] [Times: user=0.01 sys=0.00, real=0.01 secs] 
1610.682: [GC (Allocation Failure) [PSYoungGen: 51072K->1376K(51200K)] 327765K->278085K(742400K), 0.0022827 secs] [Times: user=0.01 sys=0.00, real=0.01 secs] 
1611.069: [GC (Allocation Failure) [PSYoungGen: 51040K->1344K(51200K)] 327749K->278053K(742400K), 0.0023098 secs] [Times: user=0.01 sys=0.00, real=0.00 secs] 
1611.294: [GC (Allocation Failure) [PSYoungGen: 51008K->1376K(51200K)] 327717K->278085K(742400K), 0.0019600 secs] [Times: user=0.01 sys=0.00, real=0.00 secs] 
1611.500: [GC (Allocation Failure) [PSYoungGen: 51040K->1376K(51200K)] 327749K->278085K(742400K), 0.0017674 secs] [Times: user=0.01 sys=0.00, real=0.00 secs] 
1612.365: [GC (Allocation Failure) [PSYoungGen: 51040K->1440K(51200K)] 327749K->278149K(742400K), 0.0030430 secs] [Times: user=0.01 sys=0.00, real=0.00 secs] 
1612.765: [GC (Allocation Failure) [PSYoungGen: 51104K->1408K(51200K)] 327813K->278117K(742400K), 0.0030016 secs] [Times: user=0.02 sys=0.00, real=0.00 secs] 
1613.171: [GC (Allocation Failure) [PSYoungGen: 51072K->1408K(51200K)] 327781K->278117K(742400K), 0.0040151 secs] [Times: user=0.02 sys=0.00, real=0.01 secs] 
1613.569: [GC (Allocation Failure) [PSYoungGen: 51072K->1344K(51200K)] 327781K->278053K(742400K), 0.0030003 secs] [Times: user=0.02 sys=0.00, real=0.00 secs] 
1613.833: [GC (Allocation Failure) [PSYoungGen: 51008K->1376K(51200K)] 327717K->278085K(742400K), 0.0020511 secs] [Times: user=0.00 sys=0.00, real=0.01 secs] 
1614.067: [GC (Allocation Failure) [PSYoungGen: 51034K->224K(51200K)] 327743K->276933K(742400K), 0.0017437 secs] [Times: user=0.01 sys=0.00, real=0.00 secs] 
1615.569: [GC (Allocation Failure) [PSYoungGen: 49888K->1440K(51712K)] 326597K->278149K(742912K), 0.0044399 secs] [Times: user=0.01 sys=0.00, real=0.01 secs] 
1616.210: [GC (Allocation Failure) [PSYoungGen: 51104K->1376K(51712K)] 327813K->278085K(742912K), 0.0026263 secs] [Times: user=0.00 sys=0.00, real=0.00 secs] 
1616.542: [GC (Allocation Failure) [PSYoungGen: 51040K->1376K(51712K)] 327749K->278085K(742912K), 0.0025250 secs] [Times: user=0.01 sys=0.00, real=0.01 secs] 
1617.069: [GC (Allocation Failure) [PSYoungGen: 51040K->1408K(51712K)] 327749K->278133K(742912K), 0.0026693 secs] [Times: user=0.01 sys=0.00, real=0.00 secs] 
1617.610: [GC (Allocation Failure) [PSYoungGen: 51072K->1408K(51712K)] 327797K->278133K(742912K), 0.0025344 secs] [Times: user=0.00 sys=0.00, real=0.00 secs] 
1618.172: [GC (Allocation Failure) [PSYoungGen: 51072K->1408K(51712K)] 327797K->278133K(742912K), 0.0041967 secs] [Times: user=0.02 sys=0.00, real=0.01 secs] 
1619.507: [GC (Allocation Failure) [PSYoungGen: 51072K->1472K(51712K)] 327797K->278197K(742912K), 0.0038366 secs] [Times: user=0.01 sys=0.00, real=0.00 secs] 
1620.169: [GC (Allocation Failure) [PSYoungGen: 51136K->1408K(51712K)] 327861K->278133K(742912K), 0.0032372 secs] [Times: user=0.02 sys=0.00, real=0.00 secs] 
1620.719: [GC (Allocation Failure) [PSYoungGen: 51072K->1408K(51712K)] 327797K->278133K(742912K), 0.0032531 secs] [Times: user=0.01 sys=0.00, real=0.00 secs] 
1621.175: [GC (Allocation Failure) [PSYoungGen: 51072K->1376K(51712K)] 327797K->278117K(742912K), 0.0032731 secs] [Times: user=0.02 sys=0.00, real=0.00 secs] 
1621.838: [GC (Allocation Failure) [PSYoungGen: 51040K->1408K(51712K)] 327781K->278149K(742912K), 0.0031762 secs] [Times: user=0.01 sys=0.00, real=0.00 secs] 
1622.480: [GC (Allocation Failure) [PSYoungGen: 51072K->1408K(51712K)] 327813K->278149K(742912K), 0.0032015 secs] [Times: user=0.01 sys=0.00, real=0.00 secs] 
1623.338: [GC (Allocation Failure) [PSYoungGen: 51072K->1408K(51712K)] 327813K->278149K(742912K), 0.0016974 secs] [Times: user=0.01 sys=0.00, real=0.00 secs] 
1623.804: [GC (Allocation Failure) [PSYoungGen: 51072K->1408K(51712K)] 327813K->278149K(742912K), 0.0018959 secs] [Times: user=0.01 sys=0.00, real=0.00 secs] 
1624.208: [GC (Allocation Failure) [PSYoungGen: 51072K->1376K(51712K)] 327813K->278117K(742912K), 0.0022134 secs] [Times: user=0.01 sys=0.00, real=0.00 secs] 
1624.671: [GC (Allocation Failure) [PSYoungGen: 51040K->1408K(51712K)] 327781K->278149K(742912K), 0.0027300 secs] [Times: user=0.01 sys=0.00, real=0.01 secs] 
1625.090: [GC (Allocation Failure) [PSYoungGen: 51072K->1408K(51712K)] 327813K->278149K(742912K), 0.0020743 secs] [Times: user=0.01 sys=0.00, real=0.00 secs] 
1625.472: [GC (Allocation Failure) [PSYoungGen: 51072K->1376K(51712K)] 327813K->278117K(742912K), 0.0019041 secs] [Times: user=0.01 sys=0.00, real=0.01 secs] 
1626.315: [GC (Allocation Failure) [PSYoungGen: 51040K->1440K(51712K)] 327781K->278181K(742912K), 0.0016017 secs] [Times: user=0.01 sys=0.00, real=0.00 secs] 
1626.847: [GC (Allocation Failure) [PSYoungGen: 51104K->1424K(51712K)] 327845K->278165K(742912K), 0.0018964 secs] [Times: user=0.00 sys=0.01, real=0.00 secs] 
1627.277: [GC (Allocation Failure) [PSYoungGen: 51088K->1408K(51200K)] 327829K->278149K(742400K), 0.0026034 secs] [Times: user=0.01 sys=0.00, real=0.00 secs] 
1627.484: [GC (Allocation Failure) [PSYoungGen: 51072K->1376K(51200K)] 327813K->278125K(742400K), 0.0020754 secs] [Times: user=0.01 sys=0.00, real=0.00 secs] 
1627.690: [GC (Allocation Failure) [PSYoungGen: 51040K->352K(50688K)] 327789K->278125K(741888K), 0.0018912 secs] [Times: user=0.01 sys=0.00, real=0.00 secs] 
1627.990: [GC (Allocation Failure) [PSYoungGen: 50016K->320K(51712K)] 327789K->278093K(742912K), 0.0016988 secs] [Times: user=0.01 sys=0.01, real=0.00 secs] 
1628.747: [GC (Allocation Failure) [PSYoungGen: 49984K->1408K(51712K)] 327757K->279181K(742912K), 0.0017275 secs] [Times: user=0.00 sys=0.00, real=0.00 secs] 
1629.181: [GC (Allocation Failure) [PSYoungGen: 51072K->1440K(51712K)] 328845K->279245K(742912K), 0.0025263 secs] [Times: user=0.01 sys=0.00, real=0.01 secs] 
1629.602: [GC (Allocation Failure) [PSYoungGen: 51104K->1344K(51712K)] 328909K->279149K(742912K), 0.0023397 secs] [Times: user=0.00 sys=0.00, real=0.01 secs] 
1630.069: [GC (Allocation Failure) [PSYoungGen: 51008K->1392K(51712K)] 328813K->279197K(742912K), 0.0025405 secs] [Times: user=0.01 sys=0.00, real=0.00 secs] 
1630.512: [GC (Allocation Failure) [PSYoungGen: 51056K->1376K(51712K)] 328861K->279181K(742912K), 0.0020572 secs] [Times: user=0.01 sys=0.00, real=0.01 secs] 
1630.914: [GC (Allocation Failure) [PSYoungGen: 51040K->1408K(51712K)] 328845K->279213K(742912K), 0.0020444 secs] [Times: user=0.01 sys=0.00, real=0.00 secs] 
1631.637: [GC (Allocation Failure) [PSYoungGen: 51072K->1440K(51712K)] 328877K->279245K(742912K), 0.0017358 secs] [Times: user=0.01 sys=0.00, real=0.00 secs] 
1631.844: [GC (Allocation Failure) [PSYoungGen: 51104K->1408K(51712K)] 328909K->279213K(742912K), 0.0016496 secs] [Times: user=0.01 sys=0.00, real=0.00 secs] 
1632.050: [GC (Allocation Failure) [PSYoungGen: 51072K->1376K(51712K)] 328877K->279181K(742912K), 0.0017071 secs] [Times: user=0.01 sys=0.00, real=0.00 secs] 
1632.399: [GC (Allocation Failure) [PSYoungGen: 51040K->1408K(51712K)] 328845K->279221K(742912K), 0.0033234 secs] [Times: user=0.01 sys=0.00, real=0.00 secs] 
1632.805: [GC (Allocation Failure) [PSYoungGen: 51072K->1376K(51712K)] 328885K->279189K(742912K), 0.0030097 secs] [Times: user=0.02 sys=0.00, real=0.00 secs] 
1633.234: [GC (Allocation Failure) [PSYoungGen: 51033K->288K(51712K)] 328847K->278101K(742912K), 0.0024095 secs] [Times: user=0.00 sys=0.01, real=0.00 secs] 
1634.240: [GC (Allocation Failure) [PSYoungGen: 49952K->1440K(51712K)] 327765K->279253K(742912K), 0.0021631 secs] [Times: user=0.01 sys=0.00, real=0.00 secs] 
1634.930: [GC (Allocation Failure) [PSYoungGen: 51104K->1408K(51712K)] 328917K->279221K(742912K), 0.0026299 secs] [Times: user=0.01 sys=0.00, real=0.00 secs] 
1635.479: [GC (Allocation Failure) [PSYoungGen: 51072K->1376K(51712K)] 328885K->279189K(742912K), 0.0023733 secs] [Times: user=0.01 sys=0.00, real=0.00 secs] 
1636.110: [GC (Allocation Failure) [PSYoungGen: 51040K->1376K(51712K)] 328853K->279189K(742912K), 0.0026816 secs] [Times: user=0.01 sys=0.00, real=0.00 secs] 
1636.869: [GC (Allocation Failure) [PSYoungGen: 51040K->1376K(51712K)] 328853K->279189K(742912K), 0.0063217 secs] [Times: user=0.03 sys=0.00, real=0.01 secs] 
1637.568: [GC (Allocation Failure) [PSYoungGen: 51040K->1376K(51712K)] 328853K->279189K(742912K), 0.0020133 secs] [Times: user=0.01 sys=0.00, real=0.00 secs] 
1638.291: [GC (Allocation Failure) [PSYoungGen: 51040K->1408K(51712K)] 328853K->279221K(742912K), 0.0018604 secs] [Times: user=0.01 sys=0.00, real=0.00 secs] 
1638.498: [GC (Allocation Failure) [PSYoungGen: 51072K->1408K(51712K)] 328885K->279221K(742912K), 0.0018764 secs] [Times: user=0.01 sys=0.00, real=0.00 secs] 
1638.704: [GC (Allocation Failure) [PSYoungGen: 51072K->1408K(51712K)] 328885K->279221K(742912K), 0.0018423 secs] [Times: user=0.01 sys=0.00, real=0.00 secs] 
1638.911: [GC (Allocation Failure) [PSYoungGen: 51072K->1376K(51712K)] 328885K->279205K(742912K), 0.0018786 secs] [Times: user=0.01 sys=0.00, real=0.00 secs] 
1639.117: [GC (Allocation Failure) [PSYoungGen: 51040K->1408K(51712K)] 328869K->279237K(742912K), 0.0018694 secs] [Times: user=0.01 sys=0.00, real=0.00 secs] 
1639.353: [GC (Allocation Failure) [PSYoungGen: 51065K->288K(51712K)] 328895K->278117K(742912K), 0.0018079 secs] [Times: user=0.00 sys=0.00, real=0.01 secs] 
1640.556: [GC (Allocation Failure) [PSYoungGen: 49952K->1440K(51712K)] 327781K->279269K(742912K), 0.0032132 secs] [Times: user=0.02 sys=0.00, real=0.00 secs] 
1641.407: [GC (Allocation Failure) [PSYoungGen: 51104K->1344K(51712K)] 328933K->279173K(742912K), 0.0029785 secs] [Times: user=0.01 sys=0.00, real=0.00 secs] 
1641.810: [GC (Allocation Failure) [PSYoungGen: 51008K->1344K(51712K)] 328837K->279173K(742912K), 0.0024814 secs] [Times: user=0.01 sys=0.00, real=0.00 secs] 
1642.303: [GC (Allocation Failure) [PSYoungGen: 51008K->1408K(51712K)] 328837K->279237K(742912K), 0.0025325 secs] [Times: user=0.01 sys=0.00, real=0.00 secs] 
1642.762: [GC (Allocation Failure) [PSYoungGen: 51072K->1376K(51712K)] 328901K->279205K(742912K), 0.0025501 secs] [Times: user=0.01 sys=0.00, real=0.01 secs] 
1643.221: [GC (Allocation Failure) [PSYoungGen: 51040K->1408K(51712K)] 328869K->279237K(742912K), 0.0019888 secs] [Times: user=0.01 sys=0.00, real=0.01 secs] 
1644.062: [GC (Allocation Failure) [PSYoungGen: 51072K->1440K(51712K)] 328901K->279277K(742912K), 0.0018447 secs] [Times: user=0.00 sys=0.00, real=0.01 secs] 
1644.534: [GC (Allocation Failure) [PSYoungGen: 51104K->1408K(51712K)] 328941K->279245K(742912K), 0.0021141 secs] [Times: user=0.01 sys=0.00, real=0.00 secs] 
1644.787: [GC (Allocation Failure) [PSYoungGen: 51072K->1408K(51712K)] 328909K->279245K(742912K), 0.0019172 secs] [Times: user=0.01 sys=0.00, real=0.00 secs] 
1645.003: [GC (Allocation Failure) [PSYoungGen: 51072K->1408K(51712K)] 328909K->279245K(742912K), 0.0019709 secs] [Times: user=0.01 sys=0.00, real=0.01 secs] 
1645.318: [GC (Allocation Failure) [PSYoungGen: 51072K->1376K(51712K)] 328909K->279213K(742912K), 0.0019338 secs] [Times: user=0.00 sys=0.00, real=0.00 secs] 
1645.711: [GC (Allocation Failure) [PSYoungGen: 51040K->1376K(51712K)] 328877K->279213K(742912K), 0.0018916 secs] [Times: user=0.00 sys=0.00, real=0.00 secs] 
1646.620: [GC (Allocation Failure) [PSYoungGen: 51040K->1456K(51712K)] 328877K->279293K(742912K), 0.0019927 secs] [Times: user=0.01 sys=0.01, real=0.00 secs] 
1647.273: [GC (Allocation Failure) [PSYoungGen: 51120K->1376K(51712K)] 328957K->279213K(742912K), 0.0021790 secs] [Times: user=0.01 sys=0.00, real=0.01 secs] 
1647.824: [GC (Allocation Failure) [PSYoungGen: 51040K->1344K(51712K)] 328877K->279181K(742912K), 0.0020886 secs] [Times: user=0.01 sys=0.00, real=0.00 secs] 
1648.457: [GC (Allocation Failure) [PSYoungGen: 51008K->1456K(51712K)] 328845K->279293K(742912K), 0.0025431 secs] [Times: user=0.01 sys=0.00, real=0.00 secs] 
1649.127: [GC (Allocation Failure) [PSYoungGen: 51120K->1344K(51712K)] 328957K->279181K(742912K), 0.0030307 secs] [Times: user=0.01 sys=0.00, real=0.00 secs] 
1649.825: [GC (Allocation Failure) [PSYoungGen: 51008K->1376K(51712K)] 328845K->279237K(742912K), 0.0030392 secs] [Times: user=0.02 sys=0.00, real=0.00 secs] 
1651.999: [GC (Allocation Failure) [PSYoungGen: 51040K->1440K(51712K)] 328901K->279301K(742912K), 0.0026374 secs] [Times: user=0.02 sys=0.00, real=0.00 secs] 
1652.393: [GC (Allocation Failure) [PSYoungGen: 51104K->1344K(51712K)] 328965K->279205K(742912K), 0.0021335 secs] [Times: user=0.01 sys=0.00, real=0.01 secs] 
1652.687: [GC (Allocation Failure) [PSYoungGen: 51008K->1376K(51712K)] 328869K->279237K(742912K), 0.0019436 secs] [Times: user=0.01 sys=0.00, real=0.00 secs] 
1653.090: [GC (Allocation Failure) [PSYoungGen: 51040K->1408K(51712K)] 328901K->279277K(742912K), 0.0020949 secs] [Times: user=0.00 sys=0.00, real=0.00 secs] 
1653.585: [GC (Allocation Failure) [PSYoungGen: 51072K->1376K(51712K)] 328941K->279245K(742912K), 0.0021907 secs] [Times: user=0.01 sys=0.00, real=0.00 secs] 
1654.084: [GC (Allocation Failure) [PSYoungGen: 51040K->1376K(51200K)] 328909K->279245K(742400K), 0.0021818 secs] [Times: user=0.01 sys=0.00, real=0.00 secs] 
1655.003: [GC (Allocation Failure) [PSYoungGen: 51040K->1456K(50688K)] 328909K->279325K(741888K), 0.0018844 secs] [Times: user=0.00 sys=0.00, real=0.01 secs] 
1655.620: [GC (Allocation Failure) [PSYoungGen: 50608K->1392K(50688K)] 328477K->279261K(741888K), 0.0019893 secs] [Times: user=0.00 sys=0.00, real=0.00 secs] 
1656.215: [GC (Allocation Failure) [PSYoungGen: 50544K->1344K(50688K)] 328413K->279213K(741888K), 0.0020863 secs] [Times: user=0.01 sys=0.00, real=0.00 secs] 
1656.561: [GC (Allocation Failure) [PSYoungGen: 50496K->1408K(50688K)] 328365K->279277K(741888K), 0.0021320 secs] [Times: user=0.01 sys=0.00, real=0.01 secs] 
1656.922: [GC (Allocation Failure) [PSYoungGen: 50560K->1408K(50688K)] 328429K->279277K(741888K), 0.0019661 secs] [Times: user=0.01 sys=0.00, real=0.01 secs] 
1657.363: [GC (Allocation Failure) [PSYoungGen: 50560K->1376K(50688K)] 328429K->279245K(741888K), 0.0023216 secs] [Times: user=0.01 sys=0.00, real=0.01 secs] 
1658.535: [GC (Allocation Failure) [PSYoungGen: 50528K->1440K(50688K)] 328397K->279309K(741888K), 0.0020216 secs] [Times: user=0.01 sys=0.00, real=0.00 secs] 
1659.271: [GC (Allocation Failure) [PSYoungGen: 50592K->1344K(50688K)] 328461K->279213K(741888K), 0.0037463 secs] [Times: user=0.01 sys=0.00, real=0.01 secs] 
1659.563: [GC (Allocation Failure) [PSYoungGen: 50496K->1408K(50688K)] 328365K->279277K(741888K), 0.0018502 secs] [Times: user=0.01 sys=0.00, real=0.00 secs] 
1659.767: [GC (Allocation Failure) [PSYoungGen: 50560K->1408K(50688K)] 328429K->279301K(741888K), 0.0019473 secs] [Times: user=0.00 sys=0.00, real=0.00 secs] 
1659.973: [GC (Allocation Failure) [PSYoungGen: 50560K->1376K(50688K)] 328453K->279269K(741888K), 0.0023723 secs] [Times: user=0.01 sys=0.00, real=0.01 secs] 
1660.276: [GC (Allocation Failure) [PSYoungGen: 50528K->1376K(50688K)] 328421K->279269K(741888K), 0.0025064 secs] [Times: user=0.01 sys=0.00, real=0.00 secs] 
1661.069: [GC (Allocation Failure) [PSYoungGen: 50528K->1456K(50688K)] 328421K->279349K(741888K), 0.0016288 secs] [Times: user=0.01 sys=0.00, real=0.00 secs] 
1661.474: [GC (Allocation Failure) [PSYoungGen: 50608K->1392K(50688K)] 328501K->279285K(741888K), 0.0017635 secs] [Times: user=0.01 sys=0.00, real=0.00 secs] 
1661.865: [GC (Allocation Failure) [PSYoungGen: 50544K->1376K(50688K)] 328437K->279269K(741888K), 0.0025539 secs] [Times: user=0.01 sys=0.00, real=0.00 secs] 
1662.071: [GC (Allocation Failure) [PSYoungGen: 50528K->1408K(50688K)] 328421K->279301K(741888K), 0.0023987 secs] [Times: user=0.01 sys=0.00, real=0.00 secs] 
1662.276: [GC (Allocation Failure) [PSYoungGen: 50560K->1424K(50688K)] 328453K->279317K(741888K), 0.0019409 secs] [Times: user=0.01 sys=0.00, real=0.00 secs] 
1662.571: [GC (Allocation Failure) [PSYoungGen: 50576K->1344K(50688K)] 328469K->279237K(741888K), 0.0018062 secs] [Times: user=0.01 sys=0.00, real=0.00 secs] 
1663.337: [GC (Allocation Failure) [PSYoungGen: 50496K->1408K(50688K)] 328389K->279301K(741888K), 0.0016961 secs] [Times: user=0.00 sys=0.00, real=0.00 secs] 
1663.744: [GC (Allocation Failure) [PSYoungGen: 50560K->1408K(50688K)] 328453K->279301K(741888K), 0.0016335 secs] [Times: user=0.01 sys=0.00, real=0.00 secs] 
1664.152: [GC (Allocation Failure) [PSYoungGen: 50560K->1408K(50688K)] 328453K->279301K(741888K), 0.0038655 secs] [Times: user=0.02 sys=0.00, real=0.01 secs] 
1664.394: [GC (Allocation Failure) [PSYoungGen: 50560K->1408K(50688K)] 328453K->279309K(741888K), 0.0019464 secs] [Times: user=0.01 sys=0.00, real=0.00 secs] 
1664.599: [GC (Allocation Failure) [PSYoungGen: 50560K->1408K(50688K)] 328461K->279309K(741888K), 0.0018592 secs] [Times: user=0.01 sys=0.00, real=0.00 secs] 
1664.918: [GC (Allocation Failure) [PSYoungGen: 50560K->1376K(50688K)] 328461K->279277K(741888K), 0.0019385 secs] [Times: user=0.01 sys=0.01, real=0.00 secs] 
1665.892: [GC (Allocation Failure) [PSYoungGen: 50528K->1456K(50688K)] 328429K->279357K(741888K), 0.0019905 secs] [Times: user=0.01 sys=0.00, real=0.01 secs] 
1666.385: [GC (Allocation Failure) [PSYoungGen: 50608K->1376K(50688K)] 328509K->279277K(741888K), 0.0021535 secs] [Times: user=0.01 sys=0.00, real=0.00 secs] 
1666.785: [GC (Allocation Failure) [PSYoungGen: 50528K->1376K(50688K)] 328429K->279277K(741888K), 0.0022483 secs] [Times: user=0.01 sys=0.00, real=0.00 secs] 
1667.178: [GC (Allocation Failure) [PSYoungGen: 50528K->1392K(50688K)] 328429K->279293K(741888K), 0.0021651 secs] [Times: user=0.01 sys=0.00, real=0.00 secs] 
1667.555: [GC (Allocation Failure) [PSYoungGen: 50544K->1408K(50688K)] 328445K->279309K(741888K), 0.0022834 secs] [Times: user=0.01 sys=0.00, real=0.00 secs] 
1667.999: [GC (Allocation Failure) [PSYoungGen: 50560K->1408K(50688K)] 328461K->279325K(741888K), 0.0023159 secs] [Times: user=0.01 sys=0.00, real=0.00 secs] 
1668.675: [GC (Allocation Failure) [PSYoungGen: 50560K->1408K(50688K)] 328477K->279325K(741888K), 0.0016790 secs] [Times: user=0.00 sys=0.00, real=0.00 secs] 
1668.903: [GC (Allocation Failure) [PSYoungGen: 50560K->1376K(50688K)] 328477K->279293K(741888K), 0.0017108 secs] [Times: user=0.01 sys=0.00, real=0.01 secs] 
1669.204: [GC (Allocation Failure) [PSYoungGen: 50528K->1344K(50688K)] 328445K->279261K(741888K), 0.0017716 secs] [Times: user=0.00 sys=0.00, real=0.00 secs] 
1669.408: [GC (Allocation Failure) [PSYoungGen: 50496K->1392K(50688K)] 328413K->279317K(741888K), 0.0018095 secs] [Times: user=0.01 sys=0.00, real=0.00 secs] 
1669.612: [GC (Allocation Failure) [PSYoungGen: 50544K->1408K(50688K)] 328469K->279333K(741888K), 0.0018041 secs] [Times: user=0.01 sys=0.00, real=0.01 secs] 
1669.851: [GC (Allocation Failure) [PSYoungGen: 50560K->1408K(50688K)] 328485K->279333K(741888K), 0.0018550 secs] [Times: user=0.01 sys=0.00, real=0.00 secs] 
1671.265: [GC (Allocation Failure) [PSYoungGen: 50560K->1408K(50688K)] 328485K->279333K(741888K), 0.0017131 secs] [Times: user=0.01 sys=0.00, real=0.00 secs] 
1671.548: [GC (Allocation Failure) [PSYoungGen: 50560K->1344K(50688K)] 328485K->279269K(741888K), 0.0016692 secs] [Times: user=0.01 sys=0.00, real=0.00 secs] 
1671.946: [GC (Allocation Failure) [PSYoungGen: 50496K->1408K(50688K)] 328421K->279333K(741888K), 0.0019233 secs] [Times: user=0.01 sys=0.00, real=0.00 secs] 
1672.325: [GC (Allocation Failure) [PSYoungGen: 50560K->1376K(50688K)] 328485K->279309K(741888K), 0.0017037 secs] [Times: user=0.01 sys=0.00, real=0.00 secs] 
1672.692: [GC (Allocation Failure) [PSYoungGen: 50528K->1376K(50688K)] 328461K->279309K(741888K), 0.0019230 secs] [Times: user=0.01 sys=0.01, real=0.01 secs] 
1673.101: [GC (Allocation Failure) [PSYoungGen: 50528K->1408K(50688K)] 328461K->279341K(741888K), 0.0016818 secs] [Times: user=0.00 sys=0.00, real=0.00 secs] 
1673.862: [GC (Allocation Failure) [PSYoungGen: 50560K->1408K(50688K)] 328493K->279341K(741888K), 0.0017534 secs] [Times: user=0.01 sys=0.00, real=0.01 secs] 
1674.066: [GC (Allocation Failure) [PSYoungGen: 50560K->1408K(50688K)] 328493K->279341K(741888K), 0.0016840 secs] [Times: user=0.01 sys=0.00, real=0.00 secs] 
1674.270: [GC (Allocation Failure) [PSYoungGen: 50560K->1376K(50688K)] 328493K->279309K(741888K), 0.0016848 secs] [Times: user=0.01 sys=0.00, real=0.00 secs] 
1674.586: [GC (Allocation Failure) [PSYoungGen: 50528K->1424K(50688K)] 328461K->279357K(741888K), 0.0016484 secs] [Times: user=0.00 sys=0.00, real=0.00 secs] 
1674.941: [GC (Allocation Failure) [PSYoungGen: 50576K->1408K(50688K)] 328509K->279341K(741888K), 0.0016384 secs] [Times: user=0.00 sys=0.00, real=0.00 secs] 
1675.334: [GC (Allocation Failure) [PSYoungGen: 50560K->1408K(50688K)] 328493K->279341K(741888K), 0.0018655 secs] [Times: user=0.01 sys=0.00, real=0.00 secs] 
1676.149: [GC (Allocation Failure) [PSYoungGen: 50560K->1472K(50688K)] 328493K->280429K(741888K), 0.0019646 secs] [Times: user=0.01 sys=0.00, real=0.00 secs] 
1676.708: [GC (Allocation Failure) [PSYoungGen: 50624K->1376K(50688K)] 329581K->280333K(741888K), 0.0018907 secs] [Times: user=0.00 sys=0.00, real=0.00 secs] 
1677.468: [GC (Allocation Failure) [PSYoungGen: 50528K->1408K(50688K)] 329485K->280365K(741888K), 0.0038093 secs] [Times: user=0.01 sys=0.00, real=0.00 secs] 
1678.109: [GC (Allocation Failure) [PSYoungGen: 50560K->1456K(50688K)] 329517K->280421K(741888K), 0.0031049 secs] [Times: user=0.02 sys=0.00, real=0.00 secs] 
1678.550: [GC (Allocation Failure) [PSYoungGen: 50608K->1376K(50688K)] 329573K->280341K(741888K), 0.0030661 secs] [Times: user=0.01 sys=0.00, real=0.01 secs] 
1678.990: [GC (Allocation Failure) [PSYoungGen: 50528K->1376K(50688K)] 329493K->280357K(741888K), 0.0038918 secs] [Times: user=0.02 sys=0.00, real=0.01 secs] 
1679.951: [GC (Allocation Failure) [PSYoungGen: 50528K->1504K(50688K)] 329509K->280501K(741888K), 0.0017477 secs] [Times: user=0.00 sys=0.00, real=0.00 secs] 
1681.019: [GC (Allocation Failure) [PSYoungGen: 50656K->1344K(50688K)] 329653K->280341K(741888K), 0.0024681 secs] [Times: user=0.01 sys=0.01, real=0.00 secs] 
1682.017: [GC (Allocation Failure) [PSYoungGen: 50496K->1392K(50688K)] 329493K->280389K(741888K), 0.0030906 secs] [Times: user=0.01 sys=0.00, real=0.00 secs] 
1682.830: [GC (Allocation Failure) [PSYoungGen: 50544K->1408K(50688K)] 329541K->280405K(741888K), 0.0038314 secs] [Times: user=0.02 sys=0.00, real=0.01 secs] 
1683.582: [GC (Allocation Failure) [PSYoungGen: 50560K->1408K(50688K)] 329557K->280405K(741888K), 0.0043089 secs] [Times: user=0.02 sys=0.00, real=0.01 secs] 
1684.128: [GC (Allocation Failure) [PSYoungGen: 50560K->1408K(50688K)] 329557K->280405K(741888K), 0.0032330 secs] [Times: user=0.01 sys=0.01, real=0.00 secs] 
1685.001: [GC (Allocation Failure) [PSYoungGen: 50560K->256K(50176K)] 329557K->279253K(741376K), 0.0013764 secs] [Times: user=0.01 sys=0.00, real=0.00 secs] 
1685.485: [GC (Allocation Failure) [PSYoungGen: 48896K->1376K(50688K)] 327893K->280373K(741888K), 0.0018665 secs] [Times: user=0.01 sys=0.00, real=0.00 secs] 
1686.147: [GC (Allocation Failure) [PSYoungGen: 50016K->1424K(50688K)] 329013K->280421K(741888K), 0.0021666 secs] [Times: user=0.01 sys=0.00, real=0.00 secs] 
1686.795: [GC (Allocation Failure) [PSYoungGen: 50064K->1440K(50688K)] 329061K->280437K(741888K), 0.0023836 secs] [Times: user=0.01 sys=0.00, real=0.00 secs] 
1687.220: [GC (Allocation Failure) [PSYoungGen: 50080K->1440K(50688K)] 329077K->280437K(741888K), 0.0022322 secs] [Times: user=0.01 sys=0.00, real=0.00 secs] 
1687.657: [GC (Allocation Failure) [PSYoungGen: 50080K->1472K(50688K)] 329077K->280469K(741888K), 0.0024830 secs] [Times: user=0.01 sys=0.01, real=0.00 secs] 
1688.367: [GC (Allocation Failure) [PSYoungGen: 50112K->1469K(50688K)] 329109K->280466K(741888K), 0.0014088 secs] [Times: user=0.00 sys=0.00, real=0.00 secs] 
1689.544: [GC (Allocation Failure) [PSYoungGen: 50109K->1504K(50688K)] 329106K->280501K(741888K), 0.0027069 secs] [Times: user=0.01 sys=0.00, real=0.00 secs] 
1690.095: [GC (Allocation Failure) [PSYoungGen: 50144K->1440K(50688K)] 329141K->280437K(741888K), 0.0031592 secs] [Times: user=0.01 sys=0.00, real=0.00 secs] 
1690.776: [GC (Allocation Failure) [PSYoungGen: 50080K->1344K(50688K)] 329077K->280413K(741888K), 0.0037471 secs] [Times: user=0.01 sys=0.00, real=0.00 secs] 
1691.366: [GC (Allocation Failure) [PSYoungGen: 49984K->1440K(50688K)] 329053K->280509K(741888K), 0.0041726 secs] [Times: user=0.02 sys=0.00, real=0.00 secs] 
1691.893: [GC (Allocation Failure) [PSYoungGen: 50080K->1376K(50688K)] 329149K->280453K(741888K), 0.0030786 secs] [Times: user=0.01 sys=0.00, real=0.00 secs] 
1692.624: [GC (Allocation Failure) [PSYoungGen: 50016K->1357K(50688K)] 329093K->280434K(741888K), 0.0018080 secs] [Times: user=0.01 sys=0.00, real=0.00 secs] 
1693.324: [GC (Allocation Failure) [PSYoungGen: 49997K->1440K(50688K)] 329074K->280517K(741888K), 0.0021593 secs] [Times: user=0.01 sys=0.00, real=0.00 secs] 
1693.552: [GC (Allocation Failure) [PSYoungGen: 50080K->1376K(50688K)] 329157K->280453K(741888K), 0.0024467 secs] [Times: user=0.01 sys=0.00, real=0.01 secs] 
1693.907: [GC (Allocation Failure) [PSYoungGen: 50016K->1376K(50688K)] 329093K->280453K(741888K), 0.0021826 secs] [Times: user=0.01 sys=0.00, real=0.00 secs] 
1694.315: [GC (Allocation Failure) [PSYoungGen: 50016K->1408K(50688K)] 329093K->280485K(741888K), 0.0030332 secs] [Times: user=0.01 sys=0.00, real=0.00 secs] 
1694.705: [GC (Allocation Failure) [PSYoungGen: 50048K->1344K(50688K)] 329125K->280421K(741888K), 0.0025192 secs] [Times: user=0.01 sys=0.00, real=0.00 secs] 
1695.058: [GC (Allocation Failure) [PSYoungGen: 49984K->1376K(50688K)] 329061K->280453K(741888K), 0.0025252 secs] [Times: user=0.01 sys=0.00, real=0.00 secs] 
1696.161: [GC (Allocation Failure) [PSYoungGen: 50016K->1408K(50688K)] 329093K->280493K(741888K), 0.0018297 secs] [Times: user=0.01 sys=0.00, real=0.01 secs] 
1696.724: [GC (Allocation Failure) [PSYoungGen: 50048K->1376K(50176K)] 329133K->280461K(741376K), 0.0023204 secs] [Times: user=0.01 sys=0.00, real=0.00 secs] 
1697.301: [GC (Allocation Failure) [PSYoungGen: 50016K->1376K(50176K)] 329101K->280469K(741376K), 0.0023896 secs] [Times: user=0.01 sys=0.00, real=0.01 secs] 
1697.966: [GC (Allocation Failure) [PSYoungGen: 50016K->384K(49664K)] 329109K->280509K(740864K), 0.0027574 secs] [Times: user=0.01 sys=0.00, real=0.00 secs] 
1698.567: [GC (Allocation Failure) [PSYoungGen: 49024K->384K(50688K)] 329149K->280509K(741888K), 0.0029830 secs] [Times: user=0.01 sys=0.00, real=0.00 secs] 
1699.027: [GC (Allocation Failure) [PSYoungGen: 49024K->320K(50688K)] 329149K->280445K(741888K), 0.0030003 secs] [Times: user=0.01 sys=0.00, real=0.00 secs] 
1700.100: [GC (Allocation Failure) [PSYoungGen: 48960K->1408K(50688K)] 329085K->281533K(741888K), 0.0026848 secs] [Times: user=0.02 sys=0.00, real=0.00 secs] 
1700.612: [GC (Allocation Failure) [PSYoungGen: 50048K->1408K(50688K)] 330173K->281565K(741888K), 0.0028992 secs] [Times: user=0.02 sys=0.00, real=0.01 secs] 
1701.116: [GC (Allocation Failure) [PSYoungGen: 50048K->1408K(50688K)] 330205K->281565K(741888K), 0.0030147 secs] [Times: user=0.01 sys=0.00, real=0.00 secs] 
1701.663: [GC (Allocation Failure) [PSYoungGen: 50048K->1424K(50688K)] 330205K->281581K(741888K), 0.0034312 secs] [Times: user=0.01 sys=0.00, real=0.01 secs] 
1702.160: [GC (Allocation Failure) [PSYoungGen: 50064K->1376K(50688K)] 330221K->281533K(741888K), 0.0023650 secs] [Times: user=0.01 sys=0.00, real=0.00 secs] 
1702.524: [GC (Allocation Failure) [PSYoungGen: 50016K->1376K(50688K)] 330173K->281533K(741888K), 0.0024278 secs] [Times: user=0.01 sys=0.00, real=0.00 secs] 
1703.320: [GC (Allocation Failure) [PSYoungGen: 50016K->1408K(50688K)] 330173K->281565K(741888K), 0.0017373 secs] [Times: user=0.01 sys=0.00, real=0.00 secs] 
1703.522: [GC (Allocation Failure) [PSYoungGen: 50048K->1376K(50688K)] 330205K->281533K(741888K), 0.0017635 secs] [Times: user=0.01 sys=0.00, real=0.01 secs] 
1703.724: [GC (Allocation Failure) [PSYoungGen: 50016K->1376K(50688K)] 330173K->281533K(741888K), 0.0016921 secs] [Times: user=0.01 sys=0.00, real=0.00 secs] 
1703.926: [GC (Allocation Failure) [PSYoungGen: 50016K->1376K(50688K)] 330173K->281533K(741888K), 0.0016691 secs] [Times: user=0.00 sys=0.00, real=0.00 secs] 
1704.128: [GC (Allocation Failure) [PSYoungGen: 50016K->1376K(50688K)] 330173K->281533K(741888K), 0.0016865 secs] [Times: user=0.01 sys=0.00, real=0.00 secs] 
1704.329: [GC (Allocation Failure) [PSYoungGen: 50016K->1376K(50688K)] 330173K->281533K(741888K), 0.0017095 secs] [Times: user=0.00 sys=0.00, real=0.00 secs] 
1705.105: [GC (Allocation Failure) [PSYoungGen: 50016K->1440K(50688K)] 330173K->281597K(741888K), 0.0016063 secs] [Times: user=0.01 sys=0.00, real=0.00 secs] 
1705.601: [GC (Allocation Failure) [PSYoungGen: 50080K->1408K(50688K)] 330237K->281565K(741888K), 0.0018844 secs] [Times: user=0.01 sys=0.00, real=0.00 secs] 
1706.088: [GC (Allocation Failure) [PSYoungGen: 50048K->1344K(50688K)] 330205K->281501K(741888K), 0.0018459 secs] [Times: user=0.01 sys=0.00, real=0.00 secs] 
1706.596: [GC (Allocation Failure) [PSYoungGen: 49984K->1376K(50688K)] 330141K->281533K(741888K), 0.0021088 secs] [Times: user=0.01 sys=0.00, real=0.00 secs] 
1707.221: [GC (Allocation Failure) [PSYoungGen: 50016K->1408K(50688K)] 330173K->281565K(741888K), 0.0026016 secs] [Times: user=0.01 sys=0.00, real=0.01 secs] 
1707.829: [GC (Allocation Failure) [PSYoungGen: 50048K->1376K(50688K)] 330205K->281533K(741888K), 0.0025184 secs] [Times: user=0.01 sys=0.00, real=0.00 secs] 
1708.786: [GC (Allocation Failure) [PSYoungGen: 50016K->1920K(50688K)] 330173K->282109K(741888K), 0.0018557 secs] [Times: user=0.01 sys=0.00, real=0.00 secs] 
1709.320: [GC (Allocation Failure) [PSYoungGen: 50560K->1376K(50688K)] 330749K->281565K(741888K), 0.0018626 secs] [Times: user=0.01 sys=0.00, real=0.00 secs] 
1709.776: [GC (Allocation Failure) [PSYoungGen: 50016K->1344K(50688K)] 330205K->281533K(741888K), 0.0042905 secs] [Times: user=0.01 sys=0.00, real=0.00 secs] 
1710.276: [GC (Allocation Failure) [PSYoungGen: 49984K->1408K(50688K)] 330173K->281597K(741888K), 0.0031782 secs] [Times: user=0.01 sys=0.00, real=0.00 secs] 
1710.889: [GC (Allocation Failure) [PSYoungGen: 50048K->1408K(50688K)] 330237K->281597K(741888K), 0.0032575 secs] [Times: user=0.01 sys=0.00, real=0.00 secs] 
1711.467: [GC (Allocation Failure) [PSYoungGen: 50048K->1344K(50688K)] 330237K->281533K(741888K), 0.0041431 secs] [Times: user=0.02 sys=0.00, real=0.00 secs] 
1712.427: [GC (Allocation Failure) [PSYoungGen: 49984K->1373K(50688K)] 330173K->281562K(741888K), 0.0014394 secs] [Times: user=0.01 sys=0.00, real=0.00 secs] 
1712.695: [GC (Allocation Failure) [PSYoungGen: 50013K->1440K(50688K)] 330202K->281629K(741888K), 0.0015281 secs] [Times: user=0.01 sys=0.00, real=0.00 secs] 
1712.937: [GC (Allocation Failure) [PSYoungGen: 50080K->1360K(50688K)] 330269K->281549K(741888K), 0.0016597 secs] [Times: user=0.01 sys=0.00, real=0.00 secs] 
1713.204: [GC (Allocation Failure) [PSYoungGen: 50000K->1408K(50688K)] 330189K->281597K(741888K), 0.0017995 secs] [Times: user=0.01 sys=0.00, real=0.00 secs] 
1713.420: [GC (Allocation Failure) [PSYoungGen: 50048K->1376K(50688K)] 330237K->281565K(741888K), 0.0019365 secs] [Times: user=0.00 sys=0.00, real=0.00 secs] 
1713.639: [GC (Allocation Failure) [PSYoungGen: 50016K->1408K(50688K)] 330205K->281597K(741888K), 0.0023288 secs] [Times: user=0.01 sys=0.00, real=0.00 secs] 
1714.214: [GC (Allocation Failure) [PSYoungGen: 50048K->1437K(50688K)] 330237K->281626K(741888K), 0.0014344 secs] [Times: user=0.01 sys=0.00, real=0.00 secs] 
1715.260: [GC (Allocation Failure) [PSYoungGen: 50077K->1408K(50688K)] 330266K->281597K(741888K), 0.0025403 secs] [Times: user=0.01 sys=0.00, real=0.00 secs] 
1716.045: [GC (Allocation Failure) [PSYoungGen: 50048K->1408K(50688K)] 330237K->281597K(741888K), 0.0037409 secs] [Times: user=0.02 sys=0.01, real=0.00 secs] 
1717.320: [GC (Allocation Failure) [PSYoungGen: 50048K->1408K(50688K)] 330237K->281597K(741888K), 0.0041335 secs] [Times: user=0.02 sys=0.00, real=0.01 secs] 
1717.786: [GC (Allocation Failure) [PSYoungGen: 50048K->1360K(50688K)] 330237K->281549K(741888K), 0.0025859 secs] [Times: user=0.01 sys=0.00, real=0.00 secs] 
1718.245: [GC (Allocation Failure) [PSYoungGen: 50000K->1376K(50176K)] 330189K->281565K(741376K), 0.0023101 secs] [Times: user=0.01 sys=0.00, real=0.00 secs] 
1718.854: [GC (Allocation Failure) [PSYoungGen: 50016K->1373K(50176K)] 330205K->281562K(741376K), 0.0023876 secs] [Times: user=0.01 sys=0.00, real=0.00 secs] 
1720.525: [GC (Allocation Failure) [PSYoungGen: 50013K->416K(49664K)] 330202K->281629K(740864K), 0.0039804 secs] [Times: user=0.01 sys=0.00, real=0.00 secs] 
1721.099: [GC (Allocation Failure) [PSYoungGen: 49056K->352K(50688K)] 330269K->281565K(741888K), 0.0037407 secs] [Times: user=0.02 sys=0.00, real=0.00 secs] 
1721.667: [GC (Allocation Failure) [PSYoungGen: 48992K->352K(50688K)] 330205K->281581K(741888K), 0.0029970 secs] [Times: user=0.01 sys=0.00, real=0.00 secs] 
1722.394: [GC (Allocation Failure) [PSYoungGen: 48992K->320K(50688K)] 330221K->281549K(741888K), 0.0029411 secs] [Times: user=0.01 sys=0.00, real=0.00 secs] 
1722.983: [GC (Allocation Failure) [PSYoungGen: 48960K->352K(50688K)] 330189K->281581K(741888K), 0.0030233 secs] [Times: user=0.02 sys=0.00, real=0.00 secs] 
1723.465: [GC (Allocation Failure) [PSYoungGen: 48992K->336K(50688K)] 330221K->281565K(741888K), 0.0024860 secs] [Times: user=0.01 sys=0.00, real=0.00 secs] 
1724.319: [GC (Allocation Failure) [PSYoungGen: 48976K->1440K(50176K)] 330205K->282669K(741376K), 0.0016941 secs] [Times: user=0.01 sys=0.00, real=0.00 secs] 
1724.778: [GC (Allocation Failure) [PSYoungGen: 49568K->1376K(50688K)] 330797K->282605K(741888K), 0.0018949 secs] [Times: user=0.01 sys=0.00, real=0.00 secs] 
1725.066: [GC (Allocation Failure) [PSYoungGen: 49504K->1376K(50688K)] 330733K->282605K(741888K), 0.0022937 secs] [Times: user=0.01 sys=0.00, real=0.00 secs] 
1725.267: [GC (Allocation Failure) [PSYoungGen: 49504K->1376K(50688K)] 330733K->282605K(741888K), 0.0020848 secs] [Times: user=0.01 sys=0.00, real=0.00 secs] 
1725.468: [GC (Allocation Failure) [PSYoungGen: 49504K->1344K(50688K)] 330733K->282573K(741888K), 0.0019034 secs] [Times: user=0.00 sys=0.00, real=0.00 secs] 
1725.864: [GC (Allocation Failure) [PSYoungGen: 49472K->1440K(50688K)] 330701K->282669K(741888K), 0.0016771 secs] [Times: user=0.00 sys=0.00, real=0.00 secs] 
1727.065: [GC (Allocation Failure) [PSYoungGen: 49568K->1472K(50688K)] 330797K->282701K(741888K), 0.0030663 secs] [Times: user=0.02 sys=0.00, real=0.00 secs] 
1727.741: [GC (Allocation Failure) [PSYoungGen: 49600K->1344K(50688K)] 330829K->282573K(741888K), 0.0025631 secs] [Times: user=0.01 sys=0.00, real=0.01 secs] 
1728.244: [GC (Allocation Failure) [PSYoungGen: 49472K->1456K(50688K)] 330701K->282685K(741888K), 0.0025265 secs] [Times: user=0.01 sys=0.00, real=0.00 secs] 
1728.785: [GC (Allocation Failure) [PSYoungGen: 49584K->1376K(50688K)] 330813K->282605K(741888K), 0.0030496 secs] [Times: user=0.01 sys=0.00, real=0.00 secs] 
1729.328: [GC (Allocation Failure) [PSYoungGen: 49504K->1392K(50688K)] 330733K->282621K(741888K), 0.0029887 secs] [Times: user=0.02 sys=0.00, real=0.00 secs] 
1729.847: [GC (Allocation Failure) [PSYoungGen: 49520K->1376K(50688K)] 330749K->282629K(741888K), 0.0034150 secs] [Times: user=0.02 sys=0.01, real=0.00 secs] 
1730.986: [GC (Allocation Failure) [PSYoungGen: 49504K->1440K(49664K)] 330757K->282693K(740864K), 0.0021252 secs] [Times: user=0.01 sys=0.00, real=0.00 secs] 
1731.188: [GC (Allocation Failure) [PSYoungGen: 49568K->1360K(50176K)] 330821K->282613K(741376K), 0.0019170 secs] [Times: user=0.00 sys=0.00, real=0.00 secs] 
1731.389: [GC (Allocation Failure) [PSYoungGen: 49488K->1344K(50176K)] 330741K->282597K(741376K), 0.0019768 secs] [Times: user=0.01 sys=0.00, real=0.00 secs] 
1731.788: [GC (Allocation Failure) [PSYoungGen: 49472K->1408K(50176K)] 330725K->282661K(741376K), 0.0018504 secs] [Times: user=0.01 sys=0.00, real=0.00 secs] 
1732.208: [GC (Allocation Failure) [PSYoungGen: 49536K->1408K(50176K)] 330789K->282661K(741376K), 0.0021225 secs] [Times: user=0.01 sys=0.00, real=0.00 secs] 
1732.595: [GC (Allocation Failure) [PSYoungGen: 49536K->1408K(50176K)] 330789K->282661K(741376K), 0.0019319 secs] [Times: user=0.00 sys=0.00, real=0.00 secs] 
1733.407: [GC (Allocation Failure) [PSYoungGen: 48673K->224K(50176K)] 329927K->281477K(741376K), 0.0014115 secs] [Times: user=0.00 sys=0.00, real=0.00 secs] 
1733.673: [GC (Allocation Failure) [PSYoungGen: 48352K->1440K(50176K)] 329605K->282693K(741376K), 0.0016713 secs] [Times: user=0.01 sys=0.00, real=0.01 secs] 
1733.922: [GC (Allocation Failure) [PSYoungGen: 49568K->1376K(50176K)] 330821K->282629K(741376K), 0.0018894 secs] [Times: user=0.01 sys=0.00, real=0.01 secs] 
1734.145: [GC (Allocation Failure) [PSYoungGen: 49504K->1344K(50176K)] 330757K->282597K(741376K), 0.0018849 secs] [Times: user=0.01 sys=0.00, real=0.00 secs] 
1734.451: [GC (Allocation Failure) [PSYoungGen: 49472K->1408K(50176K)] 330725K->282661K(741376K), 0.0018442 secs] [Times: user=0.01 sys=0.00, real=0.01 secs] 
1734.812: [GC (Allocation Failure) [PSYoungGen: 49536K->1376K(50176K)] 330789K->282629K(741376K), 0.0018582 secs] [Times: user=0.01 sys=0.00, real=0.01 secs] 
1735.474: [GC (Allocation Failure) [PSYoungGen: 49504K->1373K(50176K)] 330757K->282626K(741376K), 0.0014815 secs] [Times: user=0.01 sys=0.00, real=0.00 secs] 
1735.901: [GC (Allocation Failure) [PSYoungGen: 49501K->1408K(50176K)] 330754K->282661K(741376K), 0.0023011 secs] [Times: user=0.01 sys=0.01, real=0.01 secs] 
1736.103: [GC (Allocation Failure) [PSYoungGen: 49536K->1376K(50176K)] 330789K->282629K(741376K), 0.0018474 secs] [Times: user=0.01 sys=0.00, real=0.01 secs] 
1736.303: [GC (Allocation Failure) [PSYoungGen: 49504K->1376K(50176K)] 330757K->282629K(741376K), 0.0018917 secs] [Times: user=0.01 sys=0.00, real=0.01 secs] 
1736.503: [GC (Allocation Failure) [PSYoungGen: 49504K->1408K(50176K)] 330757K->282661K(741376K), 0.0020399 secs] [Times: user=0.01 sys=0.00, real=0.01 secs] 
1736.703: [GC (Allocation Failure) [PSYoungGen: 49536K->1376K(50176K)] 330789K->282629K(741376K), 0.0020069 secs] [Times: user=0.01 sys=0.00, real=0.01 secs] 
1736.925: [GC (Allocation Failure) [PSYoungGen: 49495K->256K(50176K)] 330749K->281525K(741376K), 0.0021275 secs] [Times: user=0.01 sys=0.00, real=0.00 secs] 
1738.650: [GC (Allocation Failure) [PSYoungGen: 48384K->1376K(50176K)] 329653K->282645K(741376K), 0.0041776 secs] [Times: user=0.02 sys=0.00, real=0.01 secs] 
1739.798: [GC (Allocation Failure) [PSYoungGen: 49504K->1392K(50176K)] 330773K->282661K(741376K), 0.0036138 secs] [Times: user=0.02 sys=0.00, real=0.00 secs] 
1740.299: [GC (Allocation Failure) [PSYoungGen: 49520K->1376K(50176K)] 330789K->282645K(741376K), 0.0028273 secs] [Times: user=0.02 sys=0.00, real=0.00 secs] 
1740.760: [GC (Allocation Failure) [PSYoungGen: 49504K->1344K(50176K)] 330773K->282613K(741376K), 0.0025577 secs] [Times: user=0.01 sys=0.00, real=0.00 secs] 
1741.079: [GC (Allocation Failure) [PSYoungGen: 49472K->1392K(50176K)] 330741K->282661K(741376K), 0.0025527 secs] [Times: user=0.01 sys=0.00, real=0.00 secs] 
1741.454: [GC (Allocation Failure) [PSYoungGen: 49520K->1376K(50176K)] 330789K->282645K(741376K), 0.0025392 secs] [Times: user=0.01 sys=0.00, real=0.00 secs] 
1742.957: [GC (Allocation Failure) [PSYoungGen: 49504K->1408K(50176K)] 330773K->282677K(741376K), 0.0018750 secs] [Times: user=0.01 sys=0.00, real=0.00 secs] 
1743.547: [GC (Allocation Failure) [PSYoungGen: 49536K->1408K(50176K)] 330805K->282677K(741376K), 0.0022741 secs] [Times: user=0.01 sys=0.00, real=0.00 secs] 
1743.947: [GC (Allocation Failure) [PSYoungGen: 49536K->1408K(50176K)] 330805K->282677K(741376K), 0.0022581 secs] [Times: user=0.01 sys=0.00, real=0.00 secs] 
1744.447: [GC (Allocation Failure) [PSYoungGen: 49536K->1344K(50176K)] 330805K->282613K(741376K), 0.0041619 secs] [Times: user=0.01 sys=0.00, real=0.00 secs] 
1745.012: [GC (Allocation Failure) [PSYoungGen: 49472K->1344K(50176K)] 330741K->282613K(741376K), 0.0039798 secs] [Times: user=0.02 sys=0.00, real=0.01 secs] 
1745.579: [GC (Allocation Failure) [PSYoungGen: 49472K->1408K(50176K)] 330741K->282677K(741376K), 0.0039281 secs] [Times: user=0.01 sys=0.00, real=0.00 secs] 
1746.531: [GC (Allocation Failure) [PSYoungGen: 49536K->1408K(50176K)] 330805K->282677K(741376K), 0.0017084 secs] [Times: user=0.01 sys=0.00, real=0.00 secs] 
1746.745: [GC (Allocation Failure) [PSYoungGen: 49536K->1376K(50176K)] 330805K->282645K(741376K), 0.0016609 secs] [Times: user=0.01 sys=0.00, real=0.00 secs] 
1746.953: [GC (Allocation Failure) [PSYoungGen: 49504K->1408K(50176K)] 330773K->282677K(741376K), 0.0017057 secs] [Times: user=0.00 sys=0.00, real=0.01 secs] 
1747.215: [GC (Allocation Failure) [PSYoungGen: 49536K->1408K(50176K)] 330805K->282677K(741376K), 0.0017999 secs] [Times: user=0.01 sys=0.00, real=0.00 secs] 
1747.420: [GC (Allocation Failure) [PSYoungGen: 49536K->1376K(50176K)] 330805K->282645K(741376K), 0.0025966 secs] [Times: user=0.01 sys=0.00, real=0.00 secs] 
1747.779: [GC (Allocation Failure) [PSYoungGen: 49504K->1408K(50176K)] 330773K->282677K(741376K), 0.0023759 secs] [Times: user=0.01 sys=0.00, real=0.00 secs] 
1748.639: [GC (Allocation Failure) [PSYoungGen: 49536K->1664K(50176K)] 330805K->282933K(741376K), 0.0018689 secs] [Times: user=0.01 sys=0.00, real=0.00 secs] 
1749.031: [GC (Allocation Failure) [PSYoungGen: 49792K->1408K(50176K)] 331061K->282677K(741376K), 0.0018597 secs] [Times: user=0.01 sys=0.00, real=0.00 secs] 
1749.532: [GC (Allocation Failure) [PSYoungGen: 49536K->1376K(50176K)] 330805K->282645K(741376K), 0.0036081 secs] [Times: user=0.01 sys=0.00, real=0.01 secs] 
1750.038: [GC (Allocation Failure) [PSYoungGen: 49504K->1408K(50176K)] 330773K->282701K(741376K), 0.0030728 secs] [Times: user=0.01 sys=0.00, real=0.00 secs] 
1750.525: [GC (Allocation Failure) [PSYoungGen: 49536K->1376K(50176K)] 330829K->282669K(741376K), 0.0030297 secs] [Times: user=0.01 sys=0.00, real=0.00 secs] 
1751.156: [GC (Allocation Failure) [PSYoungGen: 49504K->1376K(50176K)] 330797K->282669K(741376K), 0.0030825 secs] [Times: user=0.01 sys=0.00, real=0.00 secs] 
1752.227: [GC (Allocation Failure) [PSYoungGen: 49504K->1421K(50176K)] 330797K->282714K(741376K), 0.0014533 secs] [Times: user=0.00 sys=0.00, real=0.00 secs] 
1753.186: [GC (Allocation Failure) [PSYoungGen: 49549K->1440K(50176K)] 330842K->282733K(741376K), 0.0020305 secs] [Times: user=0.01 sys=0.00, real=0.00 secs] 
1753.922: [GC (Allocation Failure) [PSYoungGen: 49568K->1376K(50176K)] 330861K->282669K(741376K), 0.0044959 secs] [Times: user=0.02 sys=0.00, real=0.01 secs] 
1754.371: [GC (Allocation Failure) [PSYoungGen: 49504K->1408K(50176K)] 330797K->282709K(741376K), 0.0031133 secs] [Times: user=0.02 sys=0.00, real=0.01 secs] 
1754.618: [GC (Allocation Failure) [PSYoungGen: 49536K->1408K(50176K)] 330837K->282709K(741376K), 0.0018999 secs] [Times: user=0.01 sys=0.00, real=0.00 secs] 
1754.934: [GC (Allocation Failure) [PSYoungGen: 49536K->1376K(49664K)] 330837K->282677K(740864K), 0.0019399 secs] [Times: user=0.01 sys=0.00, real=0.00 secs] 
1755.313: [GC (Allocation Failure) [PSYoungGen: 48535K->256K(49664K)] 329837K->281557K(740864K), 0.0019327 secs] [Times: user=0.00 sys=0.00, real=0.00 secs] 
1756.078: [GC (Allocation Failure) [PSYoungGen: 48384K->1408K(50176K)] 329685K->282709K(741376K), 0.0018873 secs] [Times: user=0.01 sys=0.00, real=0.00 secs] 
1756.480: [GC (Allocation Failure) [PSYoungGen: 49536K->1344K(50176K)] 330837K->282645K(741376K), 0.0021361 secs] [Times: user=0.00 sys=0.00, real=0.00 secs] 
1756.841: [GC (Allocation Failure) [PSYoungGen: 49472K->1376K(50176K)] 330773K->282677K(741376K), 0.0020776 secs] [Times: user=0.00 sys=0.00, real=0.00 secs] 
1757.041: [GC (Allocation Failure) [PSYoungGen: 49504K->1392K(50176K)] 330805K->282693K(741376K), 0.0019636 secs] [Times: user=0.01 sys=0.00, real=0.00 secs] 
1757.240: [GC (Allocation Failure) [PSYoungGen: 49520K->1344K(50176K)] 330821K->282645K(741376K), 0.0018759 secs] [Times: user=0.01 sys=0.00, real=0.00 secs] 
1757.541: [GC (Allocation Failure) [PSYoungGen: 49472K->1408K(50176K)] 330773K->282709K(741376K), 0.0018023 secs] [Times: user=0.00 sys=0.00, real=0.00 secs] 
1758.454: [GC (Allocation Failure) [PSYoungGen: 49536K->1472K(50176K)] 330837K->282773K(741376K), 0.0022018 secs] [Times: user=0.01 sys=0.00, real=0.00 secs] 
1758.842: [GC (Allocation Failure) [PSYoungGen: 49600K->1312K(50176K)] 330901K->282613K(741376K), 0.0025582 secs] [Times: user=0.01 sys=0.01, real=0.01 secs] 
1759.036: [GC (Allocation Failure) [PSYoungGen: 49440K->1376K(50176K)] 330741K->282709K(741376K), 0.0016863 secs] [Times: user=0.01 sys=0.00, real=0.00 secs] 
1759.236: [GC (Allocation Failure) [PSYoungGen: 49504K->1408K(50176K)] 330837K->282741K(741376K), 0.0019601 secs] [Times: user=0.01 sys=0.00, real=0.00 secs] 
1759.453: [GC (Allocation Failure) [PSYoungGen: 49536K->1376K(50176K)] 330869K->282709K(741376K), 0.0019053 secs] [Times: user=0.00 sys=0.00, real=0.01 secs] 
1759.897: [GC (Allocation Failure) [PSYoungGen: 49504K->1376K(50176K)] 330837K->282709K(741376K), 0.0019816 secs] [Times: user=0.01 sys=0.00, real=0.00 secs] 
1760.751: [GC (Allocation Failure) [PSYoungGen: 49504K->1424K(50176K)] 330837K->282757K(741376K), 0.0017169 secs] [Times: user=0.00 sys=0.00, real=0.00 secs] 
1761.339: [GC (Allocation Failure) [PSYoungGen: 49552K->1408K(50176K)] 330885K->282741K(741376K), 0.0019463 secs] [Times: user=0.01 sys=0.00, real=0.00 secs] 
1761.792: [GC (Allocation Failure) [PSYoungGen: 49536K->1408K(50176K)] 330869K->282741K(741376K), 0.0031195 secs] [Times: user=0.01 sys=0.00, real=0.01 secs] 
1762.209: [GC (Allocation Failure) [PSYoungGen: 49536K->1408K(50176K)] 330869K->282741K(741376K), 0.0021504 secs] [Times: user=0.01 sys=0.00, real=0.00 secs] 
1762.695: [GC (Allocation Failure) [PSYoungGen: 49536K->1408K(50176K)] 330869K->282741K(741376K), 0.0042980 secs] [Times: user=0.02 sys=0.00, real=0.00 secs] 
1763.244: [GC (Allocation Failure) [PSYoungGen: 49536K->1424K(50176K)] 330869K->282757K(741376K), 0.0038994 secs] [Times: user=0.02 sys=0.00, real=0.00 secs] 
1764.227: [GC (Allocation Failure) [PSYoungGen: 49552K->1568K(50176K)] 330885K->282901K(741376K), 0.0016113 secs] [Times: user=0.00 sys=0.00, real=0.00 secs] 
1764.756: [GC (Allocation Failure) [PSYoungGen: 49696K->1376K(50176K)] 331029K->282709K(741376K), 0.0019633 secs] [Times: user=0.01 sys=0.00, real=0.00 secs] 
1765.168: [GC (Allocation Failure) [PSYoungGen: 49504K->1424K(50176K)] 330837K->282757K(741376K), 0.0020589 secs] [Times: user=0.01 sys=0.00, real=0.00 secs] 
1765.589: [GC (Allocation Failure) [PSYoungGen: 49552K->1376K(50176K)] 330885K->282741K(741376K), 0.0038036 secs] [Times: user=0.02 sys=0.00, real=0.00 secs] 
1766.089: [GC (Allocation Failure) [PSYoungGen: 49504K->1392K(50176K)] 330869K->282757K(741376K), 0.0030799 secs] [Times: user=0.01 sys=0.00, real=0.00 secs] 
1766.533: [GC (Allocation Failure) [PSYoungGen: 49520K->1344K(50176K)] 330885K->282709K(741376K), 0.0042879 secs] [Times: user=0.01 sys=0.01, real=0.00 secs] 
1767.302: [GC (Allocation Failure) [PSYoungGen: 49472K->1373K(50176K)] 330837K->282738K(741376K), 0.0014788 secs] [Times: user=0.01 sys=0.00, real=0.01 secs] 
1767.678: [GC (Allocation Failure) [PSYoungGen: 49501K->1408K(49664K)] 330866K->282773K(740864K), 0.0017750 secs] [Times: user=0.01 sys=0.00, real=0.00 secs] 
1767.900: [GC (Allocation Failure) [PSYoungGen: 49536K->1376K(49664K)] 330901K->282741K(740864K), 0.0018760 secs] [Times: user=0.01 sys=0.00, real=0.00 secs] 
1768.132: [GC (Allocation Failure) [PSYoungGen: 49504K->1376K(49664K)] 330869K->282741K(740864K), 0.0018235 secs] [Times: user=0.01 sys=0.00, real=0.01 secs] 
1768.356: [GC (Allocation Failure) [PSYoungGen: 49504K->1376K(49664K)] 330869K->282741K(740864K), 0.0018906 secs] [Times: user=0.01 sys=0.00, real=0.00 secs] 
1768.564: [GC (Allocation Failure) [PSYoungGen: 49504K->1408K(49664K)] 330869K->282789K(740864K), 0.0028759 secs] [Times: user=0.02 sys=0.00, real=0.00 secs] 
1768.931: [GC (Allocation Failure) [PSYoungGen: 49536K->1405K(49664K)] 330917K->282786K(740864K), 0.0015438 secs] [Times: user=0.01 sys=0.00, real=0.00 secs] 
1769.513: [GC (Allocation Failure) [PSYoungGen: 49533K->1408K(49664K)] 330914K->282789K(740864K), 0.0015553 secs] [Times: user=0.01 sys=0.00, real=0.01 secs] 
1769.713: [GC (Allocation Failure) [PSYoungGen: 49536K->1376K(49664K)] 330917K->282757K(740864K), 0.0015600 secs] [Times: user=0.01 sys=0.00, real=0.01 secs] 
1769.913: [GC (Allocation Failure) [PSYoungGen: 49504K->1376K(49664K)] 330885K->282757K(740864K), 0.0015281 secs] [Times: user=0.00 sys=0.00, real=0.01 secs] 
1770.134: [GC (Allocation Failure) [PSYoungGen: 49504K->1376K(49664K)] 330885K->282757K(740864K), 0.0063313 secs] [Times: user=0.03 sys=0.00, real=0.00 secs] 
1770.411: [GC (Allocation Failure) [PSYoungGen: 49504K->1376K(49664K)] 330885K->282757K(740864K), 0.0017605 secs] [Times: user=0.00 sys=0.00, real=0.00 secs] 
1770.801: [GC (Allocation Failure) [PSYoungGen: 49504K->1392K(55296K)] 330885K->282773K(746496K), 0.0028601 secs] [Times: user=0.01 sys=0.00, real=0.01 secs] 
1772.265: [GC (Allocation Failure) [PSYoungGen: 55152K->1408K(55296K)] 336533K->282797K(746496K), 0.0026710 secs] [Times: user=0.01 sys=0.00, real=0.00 secs] 
1773.175: [GC (Allocation Failure) [PSYoungGen: 55168K->1408K(55296K)] 336557K->282797K(746496K), 0.0037571 secs] [Times: user=0.01 sys=0.00, real=0.00 secs] 
1773.807: [GC (Allocation Failure) [PSYoungGen: 55168K->1440K(55296K)] 336557K->282829K(746496K), 0.0038925 secs] [Times: user=0.01 sys=0.00, real=0.00 secs] 
1774.438: [GC (Allocation Failure) [PSYoungGen: 55200K->1440K(55296K)] 336589K->282829K(746496K), 0.0033031 secs] [Times: user=0.01 sys=0.00, real=0.00 secs] 
1775.248: [GC (Allocation Failure) [PSYoungGen: 55200K->1408K(55296K)] 336589K->282797K(746496K), 0.0038559 secs] [Times: user=0.01 sys=0.00, real=0.00 secs] 
1776.376: [GC (Allocation Failure) [PSYoungGen: 55153K->320K(54784K)] 336543K->281709K(745984K), 0.0014490 secs] [Times: user=0.00 sys=0.00, real=0.00 secs] 
1776.702: [GC (Allocation Failure) [PSYoungGen: 53568K->1440K(55296K)] 334957K->282829K(746496K), 0.0019397 secs] [Times: user=0.01 sys=0.00, real=0.01 secs] 
1777.076: [GC (Allocation Failure) [PSYoungGen: 54688K->1408K(55296K)] 336077K->282797K(746496K), 0.0019311 secs] [Times: user=0.01 sys=0.00, real=0.00 secs] 
1777.328: [GC (Allocation Failure) [PSYoungGen: 54656K->1376K(55296K)] 336045K->282765K(746496K), 0.0020427 secs] [Times: user=0.01 sys=0.01, real=0.00 secs] 
1777.549: [GC (Allocation Failure) [PSYoungGen: 54624K->1376K(55296K)] 336013K->282765K(746496K), 0.0020065 secs] [Times: user=0.01 sys=0.00, real=0.00 secs] 
1777.772: [GC (Allocation Failure) [PSYoungGen: 54624K->1424K(55296K)] 336013K->282813K(746496K), 0.0018630 secs] [Times: user=0.01 sys=0.00, real=0.01 secs] 
1778.477: [GC (Allocation Failure) [PSYoungGen: 54672K->1408K(55296K)] 336061K->282797K(746496K), 0.0018522 secs] [Times: user=0.01 sys=0.00, real=0.00 secs] 
1778.717: [GC (Allocation Failure) [PSYoungGen: 54656K->1424K(55296K)] 336045K->282813K(746496K), 0.0016699 secs] [Times: user=0.01 sys=0.00, real=0.00 secs] 
1778.982: [GC (Allocation Failure) [PSYoungGen: 54672K->1440K(55296K)] 336061K->282829K(746496K), 0.0016660 secs] [Times: user=0.01 sys=0.00, real=0.01 secs] 
1779.238: [GC (Allocation Failure) [PSYoungGen: 54688K->1440K(55296K)] 336077K->282829K(746496K), 0.0016450 secs] [Times: user=0.01 sys=0.00, real=0.00 secs] 
1779.459: [GC (Allocation Failure) [PSYoungGen: 54688K->1456K(55296K)] 336077K->282885K(746496K), 0.0018395 secs] [Times: user=0.01 sys=0.00, real=0.00 secs] 
1780.756: [GC (Allocation Failure) [PSYoungGen: 54704K->1376K(55296K)] 336133K->282805K(746496K), 0.0014956 secs] [Times: user=0.01 sys=0.00, real=0.00 secs] 
1782.960: [GC (Allocation Failure) [PSYoungGen: 54624K->1392K(55296K)] 336053K->282821K(746496K), 0.0043414 secs] [Times: user=0.02 sys=0.00, real=0.01 secs] 
1783.623: [GC (Allocation Failure) [PSYoungGen: 54640K->1408K(55296K)] 336069K->282837K(746496K), 0.0025949 secs] [Times: user=0.01 sys=0.00, real=0.01 secs] 
1784.111: [GC (Allocation Failure) [PSYoungGen: 54656K->1408K(55296K)] 336085K->282837K(746496K), 0.0030614 secs] [Times: user=0.01 sys=0.00, real=0.01 secs] 
1784.527: [GC (Allocation Failure) [PSYoungGen: 54656K->1344K(55296K)] 336085K->282773K(746496K), 0.0025507 secs] [Times: user=0.01 sys=0.00, real=0.00 secs] 
1784.925: [GC (Allocation Failure) [PSYoungGen: 54592K->1408K(55296K)] 336021K->282837K(746496K), 0.0025705 secs] [Times: user=0.01 sys=0.00, real=0.00 secs] 
1786.037: [GC (Allocation Failure) [PSYoungGen: 54656K->1440K(55296K)] 336085K->282869K(746496K), 0.0022783 secs] [Times: user=0.01 sys=0.00, real=0.00 secs] 
1786.829: [GC (Allocation Failure) [PSYoungGen: 54688K->1376K(55296K)] 336117K->282805K(746496K), 0.0042596 secs] [Times: user=0.01 sys=0.00, real=0.01 secs] 
1787.362: [GC (Allocation Failure) [PSYoungGen: 54624K->1344K(55296K)] 336053K->282773K(746496K), 0.0031051 secs] [Times: user=0.01 sys=0.00, real=0.01 secs] 
1787.923: [GC (Allocation Failure) [PSYoungGen: 54592K->1376K(54784K)] 336021K->282805K(745984K), 0.0031099 secs] [Times: user=0.02 sys=0.00, real=0.00 secs] 
1788.522: [GC (Allocation Failure) [PSYoungGen: 54624K->1312K(54784K)] 336053K->282765K(745984K), 0.0032088 secs] [Times: user=0.02 sys=0.00, real=0.01 secs] 
1789.061: [GC (Allocation Failure) [PSYoungGen: 54560K->320K(54272K)] 336013K->282797K(745472K), 0.0028603 secs] [Times: user=0.01 sys=0.00, real=0.01 secs] 
1789.976: [GC (Allocation Failure) [PSYoungGen: 53568K->1408K(55296K)] 336045K->283885K(746496K), 0.0018520 secs] [Times: user=0.01 sys=0.00, real=0.00 secs] 
1790.525: [GC (Allocation Failure) [PSYoungGen: 54656K->1408K(55296K)] 337133K->283885K(746496K), 0.0038701 secs] [Times: user=0.02 sys=0.00, real=0.00 secs] 
1791.240: [GC (Allocation Failure) [PSYoungGen: 54656K->1376K(55296K)] 337133K->283853K(746496K), 0.0035340 secs] [Times: user=0.01 sys=0.00, real=0.01 secs] 
1791.848: [GC (Allocation Failure) [PSYoungGen: 54624K->1408K(55296K)] 337101K->283885K(746496K), 0.0039673 secs] [Times: user=0.02 sys=0.00, real=0.00 secs] 
1792.453: [GC (Allocation Failure) [PSYoungGen: 54656K->1376K(55296K)] 337133K->283869K(746496K), 0.0038894 secs] [Times: user=0.01 sys=0.00, real=0.00 secs] 
1793.430: [GC (Allocation Failure) [PSYoungGen: 54624K->1472K(55296K)] 337117K->283965K(746496K), 0.0016496 secs] [Times: user=0.01 sys=0.00, real=0.00 secs] 
1793.649: [GC (Allocation Failure) [PSYoungGen: 54720K->1408K(55296K)] 337213K->283901K(746496K), 0.0015106 secs] [Times: user=0.01 sys=0.00, real=0.00 secs] 
1793.870: [GC (Allocation Failure) [PSYoungGen: 54656K->1408K(55296K)] 337149K->283901K(746496K), 0.0014909 secs] [Times: user=0.00 sys=0.00, real=0.00 secs] 
1794.116: [GC (Allocation Failure) [PSYoungGen: 54656K->1376K(55296K)] 337149K->283869K(746496K), 0.0017869 secs] [Times: user=0.00 sys=0.00, real=0.00 secs] 
1794.537: [GC (Allocation Failure) [PSYoungGen: 54624K->1376K(55296K)] 337117K->283885K(746496K), 0.0018329 secs] [Times: user=0.00 sys=0.00, real=0.00 secs] 
1794.973: [GC (Allocation Failure) [PSYoungGen: 54624K->1424K(55296K)] 337133K->283933K(746496K), 0.0020473 secs] [Times: user=0.01 sys=0.00, real=0.00 secs] 
1796.025: [GC (Allocation Failure) [PSYoungGen: 54672K->1408K(55296K)] 337181K->283917K(746496K), 0.0021656 secs] [Times: user=0.01 sys=0.00, real=0.00 secs] 
1796.552: [GC (Allocation Failure) [PSYoungGen: 54656K->1408K(55296K)] 337165K->283917K(746496K), 0.0042973 secs] [Times: user=0.01 sys=0.00, real=0.01 secs] 
1797.275: [GC (Allocation Failure) [PSYoungGen: 54656K->1376K(55296K)] 337165K->283885K(746496K), 0.0036563 secs] [Times: user=0.02 sys=0.00, real=0.00 secs] 
1797.856: [GC (Allocation Failure) [PSYoungGen: 54624K->1408K(55296K)] 337133K->283917K(746496K), 0.0035281 secs] [Times: user=0.02 sys=0.00, real=0.00 secs] 
1798.510: [GC (Allocation Failure) [PSYoungGen: 54656K->1408K(55296K)] 337165K->283917K(746496K), 0.0037194 secs] [Times: user=0.02 sys=0.00, real=0.01 secs] 
1799.424: [GC (Allocation Failure) [PSYoungGen: 54656K->1405K(55296K)] 337165K->283914K(746496K), 0.0014657 secs] [Times: user=0.01 sys=0.00, real=0.00 secs] 
1800.043: [GC (Allocation Failure) [PSYoungGen: 54653K->1472K(55296K)] 337162K->283981K(746496K), 0.0020038 secs] [Times: user=0.01 sys=0.00, real=0.00 secs] 
1800.298: [GC (Allocation Failure) [PSYoungGen: 54720K->1376K(55296K)] 337229K->283917K(746496K), 0.0019907 secs] [Times: user=0.01 sys=0.00, real=0.00 secs] 
1800.595: [GC (Allocation Failure) [PSYoungGen: 54624K->1344K(55296K)] 337165K->283885K(746496K), 0.0025972 secs] [Times: user=0.01 sys=0.00, real=0.00 secs] 
1801.000: [GC (Allocation Failure) [PSYoungGen: 54592K->1408K(55296K)] 337133K->283949K(746496K), 0.0050696 secs] [Times: user=0.02 sys=0.01, real=0.01 secs] 
1801.440: [GC (Allocation Failure) [PSYoungGen: 54656K->1376K(54784K)] 337197K->283917K(745984K), 0.0038358 secs] [Times: user=0.02 sys=0.00, real=0.01 secs] 
1802.418: [GC (Allocation Failure) [PSYoungGen: 54624K->1440K(54784K)] 337165K->283981K(745984K), 0.0024088 secs] [Times: user=0.01 sys=0.00, real=0.00 secs] 
1802.690: [GC (Allocation Failure) [PSYoungGen: 54688K->352K(54272K)] 337229K->283917K(745472K), 0.0022344 secs] [Times: user=0.01 sys=0.00, real=0.00 secs] 
1803.058: [GC (Allocation Failure) [PSYoungGen: 53600K->320K(55296K)] 337165K->283885K(746496K), 0.0019489 secs] [Times: user=0.01 sys=0.00, real=0.00 secs] 
1803.424: [GC (Allocation Failure) [PSYoungGen: 53568K->352K(55296K)] 337133K->283917K(746496K), 0.0031372 secs] [Times: user=0.01 sys=0.00, real=0.00 secs] 
1803.941: [GC (Allocation Failure) [PSYoungGen: 53600K->352K(55296K)] 337165K->283917K(746496K), 0.0029936 secs] [Times: user=0.01 sys=0.00, real=0.01 secs] 
1804.338: [GC (Allocation Failure) [PSYoungGen: 53600K->320K(55296K)] 337165K->283885K(746496K), 0.0024599 secs] [Times: user=0.01 sys=0.00, real=0.00 secs] 
1805.281: [GC (Allocation Failure) [PSYoungGen: 53568K->1440K(55296K)] 337133K->285005K(746496K), 0.0017988 secs] [Times: user=0.01 sys=0.00, real=0.00 secs] 
1805.784: [GC (Allocation Failure) [PSYoungGen: 54688K->1424K(55808K)] 338253K->284989K(747008K), 0.0021079 secs] [Times: user=0.00 sys=0.00, real=0.00 secs] 
1806.183: [GC (Allocation Failure) [PSYoungGen: 54672K->1344K(55808K)] 338237K->284909K(747008K), 0.0018805 secs] [Times: user=0.01 sys=0.00, real=0.01 secs] 
1806.766: [GC (Allocation Failure) [PSYoungGen: 54592K->1408K(55808K)] 338157K->284973K(747008K), 0.0037402 secs] [Times: user=0.01 sys=0.00, real=0.00 secs] 
1807.317: [GC (Allocation Failure) [PSYoungGen: 54656K->1376K(55808K)] 338221K->284941K(747008K), 0.0038735 secs] [Times: user=0.02 sys=0.00, real=0.00 secs] 
1808.327: [GC (Allocation Failure) [PSYoungGen: 54624K->1696K(55808K)] 338189K->285261K(747008K), 0.0017530 secs] [Times: user=0.00 sys=0.00, real=0.00 secs] 
1808.555: [GC (Allocation Failure) [PSYoungGen: 54944K->1376K(55808K)] 338509K->284941K(747008K), 0.0018246 secs] [Times: user=0.01 sys=0.00, real=0.00 secs] 
1808.850: [GC (Allocation Failure) [PSYoungGen: 54624K->1376K(55808K)] 338189K->284941K(747008K), 0.0018320 secs] [Times: user=0.01 sys=0.00, real=0.00 secs] 
1809.086: [GC (Allocation Failure) [PSYoungGen: 54624K->1344K(55808K)] 338189K->284909K(747008K), 0.0017419 secs] [Times: user=0.01 sys=0.00, real=0.00 secs] 
1809.307: [GC (Allocation Failure) [PSYoungGen: 54592K->1376K(55808K)] 338157K->284957K(747008K), 0.0019205 secs] [Times: user=0.01 sys=0.00, real=0.00 secs] 
1809.528: [GC (Allocation Failure) [PSYoungGen: 54624K->1408K(54784K)] 338205K->284989K(745984K), 0.0019280 secs] [Times: user=0.01 sys=0.00, real=0.00 secs] 
1810.232: [GC (Allocation Failure) [PSYoungGen: 54656K->1440K(55296K)] 338237K->285021K(746496K), 0.0018492 secs] [Times: user=0.01 sys=0.00, real=0.01 secs] 
1810.470: [GC (Allocation Failure) [PSYoungGen: 54688K->1376K(55296K)] 338269K->284957K(746496K), 0.0020854 secs] [Times: user=0.01 sys=0.00, real=0.00 secs] 
1810.691: [GC (Allocation Failure) [PSYoungGen: 54624K->1344K(55296K)] 338205K->284925K(746496K), 0.0019589 secs] [Times: user=0.01 sys=0.00, real=0.01 secs] 
1810.941: [GC (Allocation Failure) [PSYoungGen: 54592K->1376K(55296K)] 338173K->284957K(746496K), 0.0020132 secs] [Times: user=0.01 sys=0.00, real=0.01 secs] 
1811.163: [GC (Allocation Failure) [PSYoungGen: 54624K->1376K(55296K)] 338205K->284957K(746496K), 0.0021788 secs] [Times: user=0.01 sys=0.00, real=0.01 secs] 
1811.722: [GC (Allocation Failure) [PSYoungGen: 54624K->1405K(55296K)] 338205K->284986K(746496K), 0.0015126 secs] [Times: user=0.00 sys=0.00, real=0.01 secs] 
1812.131: [GC (Allocation Failure) [PSYoungGen: 54653K->1440K(55296K)] 338234K->285021K(746496K), 0.0017120 secs] [Times: user=0.01 sys=0.00, real=0.00 secs] 
1812.352: [GC (Allocation Failure) [PSYoungGen: 54688K->1344K(55296K)] 338269K->284925K(746496K), 0.0016815 secs] [Times: user=0.01 sys=0.00, real=0.01 secs] 
1812.573: [GC (Allocation Failure) [PSYoungGen: 54592K->1408K(55296K)] 338173K->284997K(746496K), 0.0017451 secs] [Times: user=0.01 sys=0.01, real=0.01 secs] 
1812.838: [GC (Allocation Failure) [PSYoungGen: 54656K->1376K(55296K)] 338245K->284973K(746496K), 0.0017316 secs] [Times: user=0.01 sys=0.00, real=0.00 secs] 
1813.059: [GC (Allocation Failure) [PSYoungGen: 54624K->1376K(55296K)] 338221K->284973K(746496K), 0.0018236 secs] [Times: user=0.00 sys=0.00, real=0.00 secs] 
1814.139: [GC (Allocation Failure) [PSYoungGen: 54624K->1376K(55296K)] 338221K->284981K(746496K), 0.0026109 secs] [Times: user=0.01 sys=0.00, real=0.00 secs] 
1814.816: [GC (Allocation Failure) [PSYoungGen: 54624K->1408K(55296K)] 338229K->285013K(746496K), 0.0036393 secs] [Times: user=0.02 sys=0.00, real=0.00 secs] 
1815.460: [GC (Allocation Failure) [PSYoungGen: 54656K->1344K(55296K)] 338261K->284949K(746496K), 0.0024066 secs] [Times: user=0.01 sys=0.00, real=0.00 secs] 
1816.141: [GC (Allocation Failure) [PSYoungGen: 54592K->1376K(55296K)] 338197K->284981K(746496K), 0.0030017 secs] [Times: user=0.01 sys=0.00, real=0.01 secs] 
1816.620: [GC (Allocation Failure) [PSYoungGen: 54624K->1392K(55296K)] 338229K->285013K(746496K), 0.0026241 secs] [Times: user=0.01 sys=0.00, real=0.00 secs] 
1817.173: [GC (Allocation Failure) [PSYoungGen: 54640K->1421K(55296K)] 338261K->285042K(746496K), 0.0017940 secs] [Times: user=0.00 sys=0.00, real=0.00 secs] 
1818.032: [GC (Allocation Failure) [PSYoungGen: 54669K->1408K(55296K)] 338290K->285029K(746496K), 0.0016883 secs] [Times: user=0.01 sys=0.00, real=0.01 secs] 
1818.536: [GC (Allocation Failure) [PSYoungGen: 54656K->1408K(55296K)] 338277K->285029K(746496K), 0.0019656 secs] [Times: user=0.01 sys=0.00, real=0.00 secs] 
1818.989: [GC (Allocation Failure) [PSYoungGen: 54656K->1424K(55296K)] 338277K->285045K(746496K), 0.0026007 secs] [Times: user=0.01 sys=0.00, real=0.00 secs] 
1819.420: [GC (Allocation Failure) [PSYoungGen: 54672K->1376K(55296K)] 338293K->285021K(746496K), 0.0019687 secs] [Times: user=0.01 sys=0.00, real=0.00 secs] 
1819.733: [GC (Allocation Failure) [PSYoungGen: 54624K->1376K(55296K)] 338269K->285021K(746496K), 0.0018608 secs] [Times: user=0.01 sys=0.00, real=0.00 secs] 
1820.427: [GC (Allocation Failure) [PSYoungGen: 54624K->1920K(55296K)] 338269K->285565K(746496K), 0.0017580 secs] [Times: user=0.01 sys=0.00, real=0.00 secs] 
1820.847: [GC (Allocation Failure) [PSYoungGen: 55168K->1408K(55296K)] 338813K->285053K(746496K), 0.0017506 secs] [Times: user=0.00 sys=0.00, real=0.00 secs] 
1821.266: [GC (Allocation Failure) [PSYoungGen: 54656K->1408K(55296K)] 338301K->285053K(746496K), 0.0018280 secs] [Times: user=0.01 sys=0.00, real=0.00 secs] 
1821.686: [GC (Allocation Failure) [PSYoungGen: 54656K->1408K(55296K)] 338301K->285053K(746496K), 0.0026838 secs] [Times: user=0.01 sys=0.00, real=0.00 secs] 
1822.114: [GC (Allocation Failure) [PSYoungGen: 54656K->1376K(55296K)] 338301K->285021K(746496K), 0.0023102 secs] [Times: user=0.01 sys=0.01, real=0.00 secs] 
1822.378: [GC (Allocation Failure) [PSYoungGen: 54624K->1376K(55296K)] 338269K->285021K(746496K), 0.0019481 secs] [Times: user=0.01 sys=0.00, real=0.00 secs] 
1823.145: [GC (Allocation Failure) [PSYoungGen: 54624K->1376K(55296K)] 338269K->285021K(746496K), 0.0015424 secs] [Times: user=0.01 sys=0.00, real=0.00 secs] 
1823.500: [GC (Allocation Failure) [PSYoungGen: 54624K->1408K(55296K)] 338269K->285053K(746496K), 0.0020312 secs] [Times: user=0.01 sys=0.00, real=0.00 secs] 
1823.723: [GC (Allocation Failure) [PSYoungGen: 54656K->1408K(55296K)] 338301K->285053K(746496K), 0.0020976 secs] [Times: user=0.01 sys=0.00, real=0.01 secs] 
1823.944: [GC (Allocation Failure) [PSYoungGen: 54656K->1408K(55296K)] 338301K->285053K(746496K), 0.0020048 secs] [Times: user=0.00 sys=0.00, real=0.00 secs] 
1824.166: [GC (Allocation Failure) [PSYoungGen: 54656K->1376K(55296K)] 338301K->285029K(746496K), 0.0019784 secs] [Times: user=0.01 sys=0.00, real=0.00 secs] 
1824.723: [GC (Allocation Failure) [PSYoungGen: 54624K->1389K(55296K)] 338277K->285042K(746496K), 0.0014745 secs] [Times: user=0.01 sys=0.00, real=0.01 secs] 
1825.704: [GC (Allocation Failure) [PSYoungGen: 54637K->1440K(55296K)] 338290K->285093K(746496K), 0.0031174 secs] [Times: user=0.01 sys=0.00, real=0.00 secs] 
1826.122: [GC (Allocation Failure) [PSYoungGen: 54688K->1408K(54784K)] 338341K->285061K(745984K), 0.0029271 secs] [Times: user=0.01 sys=0.00, real=0.01 secs] 
1826.684: [GC (Allocation Failure) [PSYoungGen: 54656K->1376K(54784K)] 338309K->285029K(745984K), 0.0022903 secs] [Times: user=0.01 sys=0.00, real=0.00 secs] 
1827.106: [GC (Allocation Failure) [PSYoungGen: 54624K->1376K(54784K)] 338277K->285029K(745984K), 0.0026549 secs] [Times: user=0.01 sys=0.00, real=0.00 secs] 
1827.534: [GC (Allocation Failure) [PSYoungGen: 54624K->1376K(54784K)] 338277K->285029K(745984K), 0.0021450 secs] [Times: user=0.01 sys=0.00, real=0.00 secs] 
1828.583: [GC (Allocation Failure) [PSYoungGen: 54624K->1440K(54784K)] 338277K->285093K(745984K), 0.0033519 secs] [Times: user=0.02 sys=0.00, real=0.00 secs] 
1829.054: [GC (Allocation Failure) [PSYoungGen: 54688K->1376K(54784K)] 338341K->285045K(745984K), 0.0030058 secs] [Times: user=0.01 sys=0.00, real=0.00 secs] 
1829.446: [GC (Allocation Failure) [PSYoungGen: 54624K->1408K(54784K)] 338293K->285077K(745984K), 0.0025689 secs] [Times: user=0.01 sys=0.00, real=0.00 secs] 
1829.846: [GC (Allocation Failure) [PSYoungGen: 54656K->1376K(54784K)] 338325K->285045K(745984K), 0.0024095 secs] [Times: user=0.01 sys=0.00, real=0.00 secs] 
1830.261: [GC (Allocation Failure) [PSYoungGen: 54624K->1376K(54784K)] 338293K->285045K(745984K), 0.0021916 secs] [Times: user=0.01 sys=0.00, real=0.00 secs] 
1830.824: [GC (Allocation Failure) [PSYoungGen: 54624K->1373K(54784K)] 338293K->285042K(745984K), 0.0020990 secs] [Times: user=0.01 sys=0.00, real=0.00 secs] 
1831.696: [GC (Allocation Failure) [PSYoungGen: 54621K->1408K(54784K)] 338290K->285077K(745984K), 0.0062205 secs] [Times: user=0.02 sys=0.00, real=0.00 secs] 
1831.941: [GC (Allocation Failure) [PSYoungGen: 54656K->1408K(54784K)] 338325K->285077K(745984K), 0.0019346 secs] [Times: user=0.01 sys=0.00, real=0.00 secs] 
1832.245: [GC (Allocation Failure) [PSYoungGen: 54656K->1408K(54784K)] 338325K->285077K(745984K), 0.0020430 secs] [Times: user=0.00 sys=0.00, real=0.00 secs] 
1832.758: [GC (Allocation Failure) [PSYoungGen: 54656K->1408K(54784K)] 338325K->285077K(745984K), 0.0023473 secs] [Times: user=0.01 sys=0.00, real=0.00 secs] 
1833.152: [GC (Allocation Failure) [PSYoungGen: 54656K->1376K(54784K)] 338325K->285045K(745984K), 0.0021715 secs] [Times: user=0.01 sys=0.00, real=0.01 secs] 
1834.082: [GC (Allocation Failure) [PSYoungGen: 54624K->848K(54272K)] 338293K->285541K(745472K), 0.0017517 secs] [Times: user=0.01 sys=0.00, real=0.01 secs] 
1834.631: [GC (Allocation Failure) [PSYoungGen: 53584K->352K(54784K)] 338277K->285045K(745984K), 0.0016871 secs] [Times: user=0.01 sys=0.00, real=0.00 secs] 
1835.095: [GC (Allocation Failure) [PSYoungGen: 53088K->320K(54784K)] 337781K->285013K(745984K), 0.0018844 secs] [Times: user=0.01 sys=0.00, real=0.00 secs] 
1835.500: [GC (Allocation Failure) [PSYoungGen: 53056K->320K(54784K)] 337749K->285013K(745984K), 0.0017738 secs] [Times: user=0.01 sys=0.00, real=0.00 secs] 
1835.899: [GC (Allocation Failure) [PSYoungGen: 53056K->320K(54784K)] 337749K->285013K(745984K), 0.0019043 secs] [Times: user=0.00 sys=0.00, real=0.00 secs] 
1836.118: [GC (Allocation Failure) [PSYoungGen: 53056K->320K(54784K)] 337749K->285013K(745984K), 0.0019993 secs] [Times: user=0.01 sys=0.00, real=0.00 secs] 
1836.900: [GC (Allocation Failure) [PSYoungGen: 53056K->1440K(54784K)] 337749K->286133K(745984K), 0.0016794 secs] [Times: user=0.01 sys=0.00, real=0.00 secs] 
1837.339: [GC (Allocation Failure) [PSYoungGen: 54176K->1376K(54784K)] 338869K->286069K(745984K), 0.0017175 secs] [Times: user=0.01 sys=0.00, real=0.00 secs] 
1837.830: [GC (Allocation Failure) [PSYoungGen: 54112K->1424K(55296K)] 338805K->286117K(746496K), 0.0027171 secs] [Times: user=0.01 sys=0.00, real=0.00 secs] 
1838.445: [GC (Allocation Failure) [PSYoungGen: 54160K->1408K(55296K)] 338853K->286101K(746496K), 0.0030963 secs] [Times: user=0.02 sys=0.00, real=0.00 secs] 
1838.994: [GC (Allocation Failure) [PSYoungGen: 54144K->1344K(55296K)] 338837K->286061K(746496K), 0.0031059 secs] [Times: user=0.01 sys=0.00, real=0.00 secs] 
1839.762: [GC (Allocation Failure) [PSYoungGen: 54080K->1392K(55296K)] 338797K->286109K(746496K), 0.0015405 secs] [Times: user=0.00 sys=0.00, real=0.00 secs] 
1840.436: [GC (Allocation Failure) [PSYoungGen: 54128K->1408K(55296K)] 338845K->286125K(746496K), 0.0018367 secs] [Times: user=0.01 sys=0.00, real=0.00 secs] 
1840.790: [GC (Allocation Failure) [PSYoungGen: 54144K->1376K(55296K)] 338861K->286093K(746496K), 0.0031037 secs] [Times: user=0.01 sys=0.00, real=0.01 secs] 
1841.020: [GC (Allocation Failure) [PSYoungGen: 54112K->1376K(55296K)] 338829K->286093K(746496K), 0.0021389 secs] [Times: user=0.01 sys=0.00, real=0.00 secs] 
1841.354: [GC (Allocation Failure) [PSYoungGen: 54112K->1408K(55296K)] 338829K->286125K(746496K), 0.0021687 secs] [Times: user=0.00 sys=0.00, real=0.00 secs] 
1841.798: [GC (Allocation Failure) [PSYoungGen: 54144K->1408K(55296K)] 338861K->286125K(746496K), 0.0023315 secs] [Times: user=0.01 sys=0.01, real=0.00 secs] 
1842.628: [GC (Allocation Failure) [PSYoungGen: 54144K->1408K(54272K)] 338861K->286125K(745472K), 0.0017763 secs] [Times: user=0.01 sys=0.00, real=0.00 secs] 
1842.872: [GC (Allocation Failure) [PSYoungGen: 54144K->1408K(54784K)] 338861K->286125K(745984K), 0.0018680 secs] [Times: user=0.01 sys=0.00, real=0.01 secs] 
1843.091: [GC (Allocation Failure) [PSYoungGen: 54144K->1376K(54784K)] 338861K->286093K(745984K), 0.0018091 secs] [Times: user=0.01 sys=0.00, real=0.00 secs] 
1843.310: [GC (Allocation Failure) [PSYoungGen: 54112K->1392K(54784K)] 338829K->286109K(745984K), 0.0018040 secs] [Times: user=0.01 sys=0.00, real=0.00 secs] 
1843.529: [GC (Allocation Failure) [PSYoungGen: 54128K->1392K(54784K)] 338845K->286109K(745984K), 0.0017849 secs] [Times: user=0.01 sys=0.00, real=0.00 secs] 
1843.747: [GC (Allocation Failure) [PSYoungGen: 54128K->1376K(54784K)] 338845K->286093K(745984K), 0.0023531 secs] [Times: user=0.00 sys=0.00, real=0.00 secs] 
1844.919: [GC (Allocation Failure) [PSYoungGen: 54112K->1456K(54784K)] 338829K->286173K(745984K), 0.0024931 secs] [Times: user=0.01 sys=0.00, real=0.00 secs] 
1845.387: [GC (Allocation Failure) [PSYoungGen: 54192K->1408K(54784K)] 338909K->286125K(745984K), 0.0031105 secs] [Times: user=0.01 sys=0.00, real=0.00 secs] 
1845.805: [GC (Allocation Failure) [PSYoungGen: 54144K->1392K(54784K)] 338861K->286109K(745984K), 0.0024684 secs] [Times: user=0.01 sys=0.00, real=0.00 secs] 
1846.184: [GC (Allocation Failure) [PSYoungGen: 54128K->1376K(54784K)] 338845K->286093K(745984K), 0.0020816 secs] [Times: user=0.01 sys=0.00, real=0.00 secs] 
1846.406: [GC (Allocation Failure) [PSYoungGen: 54112K->1408K(54784K)] 338829K->286125K(745984K), 0.0019799 secs] [Times: user=0.01 sys=0.00, real=0.00 secs] 
1846.965: [GC (Allocation Failure) [PSYoungGen: 54144K->1373K(54784K)] 338861K->286090K(745984K), 0.0015186 secs] [Times: user=0.01 sys=0.00, real=0.00 secs] 
1847.621: [GC (Allocation Failure) [PSYoungGen: 54109K->1408K(54784K)] 338826K->286125K(745984K), 0.0020596 secs] [Times: user=0.01 sys=0.00, real=0.01 secs] 
1848.303: [GC (Allocation Failure) [PSYoungGen: 54144K->1392K(54784K)] 338861K->286109K(745984K), 0.0032485 secs] [Times: user=0.02 sys=0.00, real=0.00 secs] 
1848.953: [GC (Allocation Failure) [PSYoungGen: 54128K->1376K(54784K)] 338845K->286109K(745984K), 0.0039841 secs] [Times: user=0.02 sys=0.00, real=0.01 secs] 
1849.596: [GC (Allocation Failure) [PSYoungGen: 54112K->1408K(54784K)] 338845K->286141K(745984K), 0.0030809 secs] [Times: user=0.01 sys=0.00, real=0.00 secs] 
1850.052: [GC (Allocation Failure) [PSYoungGen: 54144K->1376K(54784K)] 338877K->286109K(745984K), 0.0022439 secs] [Times: user=0.01 sys=0.00, real=0.01 secs] 
1851.111: [GC (Allocation Failure) [PSYoungGen: 54112K->1440K(54784K)] 338845K->286173K(745984K), 0.0019295 secs] [Times: user=0.01 sys=0.00, real=0.00 secs] 
1851.692: [GC (Allocation Failure) [PSYoungGen: 54176K->1376K(54784K)] 338909K->286109K(745984K), 0.0020605 secs] [Times: user=0.01 sys=0.00, real=0.01 secs] 
1852.208: [GC (Allocation Failure) [PSYoungGen: 54112K->1376K(54784K)] 338845K->286109K(745984K), 0.0050753 secs] [Times: user=0.03 sys=0.00, real=0.01 secs] 
1852.425: [GC (Allocation Failure) [PSYoungGen: 54112K->1344K(54784K)] 338845K->286077K(745984K), 0.0020696 secs] [Times: user=0.01 sys=0.00, real=0.00 secs] 
1852.644: [GC (Allocation Failure) [PSYoungGen: 54080K->1376K(54784K)] 338813K->286109K(745984K), 0.0020485 secs] [Times: user=0.01 sys=0.00, real=0.00 secs] 
1853.017: [GC (Allocation Failure) [PSYoungGen: 54112K->1376K(54272K)] 338845K->286109K(745472K), 0.0019254 secs] [Times: user=0.01 sys=0.00, real=0.00 secs] 
1854.132: [GC (Allocation Failure) [PSYoungGen: 54112K->1440K(53760K)] 338845K->286173K(744960K), 0.0022332 secs] [Times: user=0.01 sys=0.00, real=0.01 secs] 
1854.748: [GC (Allocation Failure) [PSYoungGen: 53664K->1376K(53760K)] 338397K->286109K(744960K), 0.0021572 secs] [Times: user=0.01 sys=0.00, real=0.00 secs] 
1855.532: [GC (Allocation Failure) [PSYoungGen: 53600K->1344K(53760K)] 338333K->286077K(744960K), 0.0020639 secs] [Times: user=0.00 sys=0.00, real=0.01 secs] 
1856.086: [GC (Allocation Failure) [PSYoungGen: 53568K->1376K(53760K)] 338301K->286109K(744960K), 0.0021058 secs] [Times: user=0.01 sys=0.00, real=0.00 secs] 
1856.530: [GC (Allocation Failure) [PSYoungGen: 53600K->1376K(53760K)] 338333K->286109K(744960K), 0.0021201 secs] [Times: user=0.01 sys=0.00, real=0.00 secs] 
1857.339: [GC (Allocation Failure) [PSYoungGen: 53600K->1405K(53760K)] 338333K->286138K(744960K), 0.0014555 secs] [Times: user=0.00 sys=0.00, real=0.00 secs] 
1857.916: [GC (Allocation Failure) [PSYoungGen: 53629K->1376K(53760K)] 338362K->286109K(744960K), 0.0018278 secs] [Times: user=0.01 sys=0.00, real=0.00 secs] 
1858.258: [GC (Allocation Failure) [PSYoungGen: 53600K->1408K(53760K)] 338333K->286141K(744960K), 0.0018274 secs] [Times: user=0.00 sys=0.00, real=0.00 secs] 
1858.475: [GC (Allocation Failure) [PSYoungGen: 53632K->1344K(53760K)] 338365K->286077K(744960K), 0.0018059 secs] [Times: user=0.00 sys=0.00, real=0.00 secs] 
1858.692: [GC (Allocation Failure) [PSYoungGen: 53568K->1376K(53760K)] 338301K->286109K(744960K), 0.0016891 secs] [Times: user=0.00 sys=0.00, real=0.01 secs] 
1859.001: [GC (Allocation Failure) [PSYoungGen: 53600K->1344K(53760K)] 338333K->286101K(744960K), 0.0017755 secs] [Times: user=0.01 sys=0.00, real=0.00 secs] 
1859.771: [GC (Allocation Failure) [PSYoungGen: 53568K->1376K(53760K)] 338325K->286133K(744960K), 0.0017049 secs] [Times: user=0.00 sys=0.00, real=0.00 secs] 
1860.267: [GC (Allocation Failure) [PSYoungGen: 53600K->1376K(53760K)] 338357K->286133K(744960K), 0.0015803 secs] [Times: user=0.01 sys=0.00, real=0.00 secs] 
1860.680: [GC (Allocation Failure) [PSYoungGen: 53600K->1344K(53760K)] 338357K->286101K(744960K), 0.0018736 secs] [Times: user=0.00 sys=0.00, real=0.00 secs] 
1860.900: [GC (Allocation Failure) [PSYoungGen: 53568K->1312K(53760K)] 338325K->286069K(744960K), 0.0018766 secs] [Times: user=0.01 sys=0.00, real=0.00 secs] 
1861.117: [GC (Allocation Failure) [PSYoungGen: 53536K->1376K(53760K)] 338293K->286141K(744960K), 0.0018303 secs] [Times: user=0.01 sys=0.00, real=0.00 secs] 
1861.334: [GC (Allocation Failure) [PSYoungGen: 53600K->1312K(53760K)] 338365K->286077K(744960K), 0.0018543 secs] [Times: user=0.01 sys=0.00, real=0.00 secs] 
1862.416: [GC (Allocation Failure) [PSYoungGen: 53536K->1408K(53760K)] 338301K->286173K(744960K), 0.0033392 secs] [Times: user=0.01 sys=0.00, real=0.00 secs] 
1863.080: [GC (Allocation Failure) [PSYoungGen: 53632K->1376K(53760K)] 338397K->286141K(744960K), 0.0044706 secs] [Times: user=0.01 sys=0.00, real=0.01 secs] 
1863.618: [GC (Allocation Failure) [PSYoungGen: 53600K->1408K(53760K)] 338365K->286173K(744960K), 0.0038938 secs] [Times: user=0.01 sys=0.00, real=0.00 secs] 
1864.285: [GC (Allocation Failure) [PSYoungGen: 53632K->1408K(53760K)] 338397K->286173K(744960K), 0.0032479 secs] [Times: user=0.01 sys=0.00, real=0.00 secs] 
1864.933: [GC (Allocation Failure) [PSYoungGen: 53632K->1376K(53760K)] 338397K->286141K(744960K), 0.0031660 secs] [Times: user=0.01 sys=0.00, real=0.00 secs] 
1865.681: [GC (Allocation Failure) [PSYoungGen: 53600K->1373K(53760K)] 338365K->286138K(744960K), 0.0014959 secs] [Times: user=0.00 sys=0.00, real=0.00 secs] 
1867.059: [GC (Allocation Failure) [PSYoungGen: 53597K->1408K(53760K)] 338362K->286173K(744960K), 0.0029967 secs] [Times: user=0.01 sys=0.01, real=0.00 secs] 
1867.274: [GC (Allocation Failure) [PSYoungGen: 53632K->1376K(53760K)] 338397K->286141K(744960K), 0.0019651 secs] [Times: user=0.01 sys=0.00, real=0.00 secs] 
1867.491: [GC (Allocation Failure) [PSYoungGen: 53600K->1376K(53760K)] 338365K->286141K(744960K), 0.0018165 secs] [Times: user=0.01 sys=0.00, real=0.00 secs] 
1867.708: [GC (Allocation Failure) [PSYoungGen: 53600K->1376K(53760K)] 338365K->286141K(744960K), 0.0019598 secs] [Times: user=0.00 sys=0.00, real=0.00 secs] 
1867.924: [GC (Allocation Failure) [PSYoungGen: 53600K->1440K(53760K)] 338365K->286205K(744960K), 0.0018653 secs] [Times: user=0.01 sys=0.00, real=0.00 secs] 
1868.584: [GC (Allocation Failure) [PSYoungGen: 53664K->928K(53760K)] 338429K->286717K(744960K), 0.0015454 secs] [Times: user=0.00 sys=0.00, real=0.00 secs] 
1868.806: [GC (Allocation Failure) [PSYoungGen: 53152K->320K(53760K)] 338941K->286109K(744960K), 0.0015101 secs] [Times: user=0.01 sys=0.00, real=0.00 secs] 
1869.022: [GC (Allocation Failure) [PSYoungGen: 52544K->320K(54272K)] 338333K->286109K(745472K), 0.0013749 secs] [Times: user=0.00 sys=0.00, real=0.01 secs] 
1869.248: [GC (Allocation Failure) [PSYoungGen: 52544K->352K(54272K)] 338333K->286141K(745472K), 0.0015158 secs] [Times: user=0.00 sys=0.00, real=0.00 secs] 
1869.464: [GC (Allocation Failure) [PSYoungGen: 52576K->384K(54272K)] 338365K->286205K(745472K), 0.0014006 secs] [Times: user=0.00 sys=0.01, real=0.00 secs] 
1869.682: [GC (Allocation Failure) [PSYoungGen: 52608K->320K(54272K)] 338429K->286141K(745472K), 0.0014797 secs] [Times: user=0.01 sys=0.00, real=0.01 secs] 
1870.696: [GC (Allocation Failure) [PSYoungGen: 52544K->1408K(54272K)] 338365K->287229K(745472K), 0.0025085 secs] [Times: user=0.01 sys=0.00, real=0.00 secs] 
1871.647: [GC (Allocation Failure) [PSYoungGen: 53632K->1344K(54272K)] 339453K->287165K(745472K), 0.0021061 secs] [Times: user=0.01 sys=0.00, real=0.00 secs] 
1872.407: [GC (Allocation Failure) [PSYoungGen: 53568K->1376K(53760K)] 339389K->287197K(744960K), 0.0021174 secs] [Times: user=0.00 sys=0.00, real=0.00 secs] 
1873.079: [GC (Allocation Failure) [PSYoungGen: 53088K->1408K(54272K)] 338909K->287229K(745472K), 0.0021898 secs] [Times: user=0.01 sys=0.00, real=0.00 secs] 
1873.324: [GC (Allocation Failure) [PSYoungGen: 53120K->1360K(54272K)] 338941K->287189K(745472K), 0.0019689 secs] [Times: user=0.01 sys=0.00, real=0.00 secs] 
1873.590: [GC (Allocation Failure) [PSYoungGen: 53072K->1389K(54272K)] 338901K->287218K(745472K), 0.0016928 secs] [Times: user=0.00 sys=0.00, real=0.00 secs] 
1874.319: [GC (Allocation Failure) [PSYoungGen: 53101K->1376K(54272K)] 338930K->287205K(745472K), 0.0018786 secs] [Times: user=0.01 sys=0.00, real=0.00 secs] 
1874.556: [GC (Allocation Failure) [PSYoungGen: 53088K->1376K(54272K)] 338917K->287205K(745472K), 0.0019592 secs] [Times: user=0.00 sys=0.00, real=0.00 secs] 
1874.778: [GC (Allocation Failure) [PSYoungGen: 53088K->1376K(54272K)] 338917K->287205K(745472K), 0.0020363 secs] [Times: user=0.01 sys=0.00, real=0.00 secs] 
1874.993: [GC (Allocation Failure) [PSYoungGen: 53088K->1376K(53248K)] 338917K->287205K(744448K), 0.0019469 secs] [Times: user=0.01 sys=0.00, real=0.01 secs] 
1875.307: [GC (Allocation Failure) [PSYoungGen: 53088K->1408K(53760K)] 338917K->287237K(744960K), 0.0020896 secs] [Times: user=0.01 sys=0.00, real=0.00 secs] 
1875.904: [GC (Allocation Failure) [PSYoungGen: 53120K->1424K(53760K)] 338949K->287253K(744960K), 0.0015095 secs] [Times: user=0.01 sys=0.00, real=0.00 secs] 
1876.228: [GC (Allocation Failure) [PSYoungGen: 53136K->1440K(53760K)] 338965K->287269K(744960K), 0.0018576 secs] [Times: user=0.00 sys=0.00, real=0.00 secs] 
1876.443: [GC (Allocation Failure) [PSYoungGen: 53152K->1408K(53760K)] 338981K->287237K(744960K), 0.0018041 secs] [Times: user=0.01 sys=0.00, real=0.01 secs] 
1876.730: [GC (Allocation Failure) [PSYoungGen: 53120K->1424K(53760K)] 338949K->287253K(744960K), 0.0019975 secs] [Times: user=0.01 sys=0.00, real=0.00 secs] 
1876.991: [GC (Allocation Failure) [PSYoungGen: 53136K->1408K(53760K)] 338965K->287237K(744960K), 0.0021276 secs] [Times: user=0.01 sys=0.00, real=0.01 secs] 
1877.283: [GC (Allocation Failure) [PSYoungGen: 53120K->1392K(53760K)] 338949K->287245K(744960K), 0.0021214 secs] [Times: user=0.01 sys=0.00, real=0.01 secs] 
1878.164: [GC (Allocation Failure) [PSYoungGen: 53104K->1376K(53760K)] 338957K->287229K(744960K), 0.0017402 secs] [Times: user=0.01 sys=0.00, real=0.00 secs] 
1878.712: [GC (Allocation Failure) [PSYoungGen: 53088K->1344K(53760K)] 338941K->287197K(744960K), 0.0020796 secs] [Times: user=0.01 sys=0.00, real=0.01 secs] 
1879.160: [GC (Allocation Failure) [PSYoungGen: 53056K->1408K(53760K)] 338909K->287261K(744960K), 0.0040978 secs] [Times: user=0.02 sys=0.00, real=0.01 secs] 
1879.585: [GC (Allocation Failure) [PSYoungGen: 53120K->1392K(53760K)] 338973K->287245K(744960K), 0.0030454 secs] [Times: user=0.01 sys=0.00, real=0.00 secs] 
1880.045: [GC (Allocation Failure) [PSYoungGen: 53104K->1344K(53760K)] 338957K->287221K(744960K), 0.0025911 secs] [Times: user=0.01 sys=0.00, real=0.00 secs] 
1880.268: [GC (Allocation Failure) [PSYoungGen: 53056K->1344K(53760K)] 338933K->287221K(744960K), 0.0020673 secs] [Times: user=0.01 sys=0.00, real=0.00 secs] 
1881.088: [GC (Allocation Failure) [PSYoungGen: 53056K->1440K(53760K)] 338933K->287317K(744960K), 0.0020937 secs] [Times: user=0.01 sys=0.00, real=0.00 secs] 
1881.614: [GC (Allocation Failure) [PSYoungGen: 53152K->1328K(53760K)] 339029K->287205K(744960K), 0.0021944 secs] [Times: user=0.00 sys=0.00, real=0.00 secs] 
1882.017: [GC (Allocation Failure) [PSYoungGen: 53040K->1376K(53760K)] 338917K->287253K(744960K), 0.0025239 secs] [Times: user=0.01 sys=0.00, real=0.00 secs] 
1882.242: [GC (Allocation Failure) [PSYoungGen: 53088K->1408K(53760K)] 338965K->287285K(744960K), 0.0021199 secs] [Times: user=0.01 sys=0.00, real=0.01 secs] 
1882.462: [GC (Allocation Failure) [PSYoungGen: 53120K->1344K(53760K)] 338997K->287229K(744960K), 0.0026079 secs] [Times: user=0.01 sys=0.00, real=0.01 secs] 
1882.820: [GC (Allocation Failure) [PSYoungGen: 52955K->320K(53760K)] 338841K->286205K(744960K), 0.0019501 secs] [Times: user=0.01 sys=0.00, real=0.00 secs] 
1883.943: [GC (Allocation Failure) [PSYoungGen: 52032K->1408K(53760K)] 337917K->287293K(744960K), 0.0017724 secs] [Times: user=0.00 sys=0.00, real=0.01 secs] 
1884.890: [GC (Allocation Failure) [PSYoungGen: 53120K->1408K(53760K)] 339005K->287293K(744960K), 0.0043179 secs] [Times: user=0.01 sys=0.00, real=0.01 secs] 
1885.791: [GC (Allocation Failure) [PSYoungGen: 53120K->1408K(53760K)] 339005K->287293K(744960K), 0.0043087 secs] [Times: user=0.02 sys=0.00, real=0.01 secs] 
1886.551: [GC (Allocation Failure) [PSYoungGen: 53120K->1376K(53760K)] 339005K->287261K(744960K), 0.0026455 secs] [Times: user=0.01 sys=0.00, real=0.01 secs] 
1886.965: [GC (Allocation Failure) [PSYoungGen: 53088K->1376K(53760K)] 338973K->287261K(744960K), 0.0022004 secs] [Times: user=0.01 sys=0.00, real=0.00 secs] 
1887.481: [GC (Allocation Failure) [PSYoungGen: 53088K->1405K(53760K)] 338973K->287290K(744960K), 0.0014160 secs] [Times: user=0.01 sys=0.00, real=0.00 secs] 
1888.217: [GC (Allocation Failure) [PSYoungGen: 53117K->1456K(53760K)] 339002K->287341K(744960K), 0.0037962 secs] [Times: user=0.01 sys=0.00, real=0.00 secs] 
1888.678: [GC (Allocation Failure) [PSYoungGen: 53168K->1408K(53760K)] 339053K->287293K(744960K), 0.0038574 secs] [Times: user=0.01 sys=0.00, real=0.00 secs] 
1889.133: [GC (Allocation Failure) [PSYoungGen: 53120K->1408K(53760K)] 339005K->287293K(744960K), 0.0026922 secs] [Times: user=0.01 sys=0.00, real=0.01 secs] 
1889.611: [GC (Allocation Failure) [PSYoungGen: 53120K->1440K(53760K)] 339005K->287325K(744960K), 0.0023252 secs] [Times: user=0.01 sys=0.00, real=0.00 secs] 
1890.053: [GC (Allocation Failure) [PSYoungGen: 53152K->1408K(53760K)] 339037K->287309K(744960K), 0.0020436 secs] [Times: user=0.01 sys=0.00, real=0.01 secs] 
1890.883: [GC (Allocation Failure) [PSYoungGen: 53120K->1920K(53760K)] 339021K->288349K(744960K), 0.0016334 secs] [Times: user=0.00 sys=0.00, real=0.00 secs] 
1891.370: [GC (Allocation Failure) [PSYoungGen: 53632K->1440K(53760K)] 340061K->287869K(744960K), 0.0042507 secs] [Times: user=0.02 sys=0.00, real=0.01 secs] 
1891.847: [GC (Allocation Failure) [PSYoungGen: 53152K->1408K(53760K)] 339581K->287837K(744960K), 0.0041025 secs] [Times: user=0.02 sys=0.00, real=0.00 secs] 
1892.110: [GC (Allocation Failure) [PSYoungGen: 53120K->1408K(53760K)] 339549K->287837K(744960K), 0.0020424 secs] [Times: user=0.00 sys=0.00, real=0.00 secs] 
1892.351: [GC (Allocation Failure) [PSYoungGen: 53120K->1408K(53760K)] 339549K->287837K(744960K), 0.0020705 secs] [Times: user=0.01 sys=0.00, real=0.00 secs] 
1892.566: [GC (Allocation Failure) [PSYoungGen: 53120K->1344K(53760K)] 339549K->287773K(744960K), 0.0019779 secs] [Times: user=0.01 sys=0.00, real=0.00 secs] 
1893.507: [GC (Allocation Failure) [PSYoungGen: 53056K->1440K(53760K)] 339485K->287869K(744960K), 0.0021893 secs] [Times: user=0.01 sys=0.00, real=0.00 secs] 
1894.052: [GC (Allocation Failure) [PSYoungGen: 53152K->1376K(53760K)] 339581K->287805K(744960K), 0.0023158 secs] [Times: user=0.01 sys=0.00, real=0.01 secs] 
1894.307: [GC (Allocation Failure) [PSYoungGen: 53088K->1376K(53760K)] 339517K->287805K(744960K), 0.0019327 secs] [Times: user=0.01 sys=0.00, real=0.00 secs] 
1894.577: [GC (Allocation Failure) [PSYoungGen: 53088K->1360K(53760K)] 339517K->287789K(744960K), 0.0017205 secs] [Times: user=0.01 sys=0.00, real=0.00 secs] 
1894.889: [GC (Allocation Failure) [PSYoungGen: 53072K->1344K(53760K)] 339501K->287773K(744960K), 0.0019124 secs] [Times: user=0.01 sys=0.00, real=0.00 secs] 
1895.286: [GC (Allocation Failure) [PSYoungGen: 53056K->1408K(53760K)] 339485K->287837K(744960K), 0.0020960 secs] [Times: user=0.01 sys=0.00, real=0.00 secs] 
1896.176: [GC (Allocation Failure) [PSYoungGen: 53120K->1408K(53760K)] 339549K->287837K(744960K), 0.0018542 secs] [Times: user=0.01 sys=0.00, real=0.00 secs] 
1896.574: [GC (Allocation Failure) [PSYoungGen: 53120K->1376K(53760K)] 339549K->287805K(744960K), 0.0019877 secs] [Times: user=0.01 sys=0.00, real=0.00 secs] 
1896.798: [GC (Allocation Failure) [PSYoungGen: 53088K->1376K(53760K)] 339517K->287805K(744960K), 0.0018381 secs] [Times: user=0.00 sys=0.00, real=0.00 secs] 
1897.033: [GC (Allocation Failure) [PSYoungGen: 53088K->1408K(53760K)] 339517K->287837K(744960K), 0.0020001 secs] [Times: user=0.00 sys=0.00, real=0.00 secs] 
1897.248: [GC (Allocation Failure) [PSYoungGen: 53120K->1408K(53248K)] 339549K->287837K(744448K), 0.0018598 secs] [Times: user=0.00 sys=0.00, real=0.00 secs] 
1897.729: [GC (Allocation Failure) [PSYoungGen: 53120K->1405K(53248K)] 339549K->287858K(744448K), 0.0015217 secs] [Times: user=0.01 sys=0.00, real=0.00 secs] 
1898.131: [GC (Allocation Failure) [PSYoungGen: 53117K->416K(52736K)] 339570K->287893K(743936K), 0.0018142 secs] [Times: user=0.01 sys=0.00, real=0.00 secs] 
1898.346: [GC (Allocation Failure) [PSYoungGen: 52128K->320K(53760K)] 339605K->287797K(744960K), 0.0018258 secs] [Times: user=0.01 sys=0.00, real=0.00 secs] 
1898.561: [GC (Allocation Failure) [PSYoungGen: 52032K->352K(53760K)] 339509K->287829K(744960K), 0.0017720 secs] [Times: user=0.01 sys=0.00, real=0.00 secs] 
1898.776: [GC (Allocation Failure) [PSYoungGen: 52064K->320K(53760K)] 339541K->287797K(744960K), 0.0018232 secs] [Times: user=0.01 sys=0.00, real=0.00 secs] 
1899.002: [GC (Allocation Failure) [PSYoungGen: 52032K->320K(53760K)] 339509K->287797K(744960K), 0.0016568 secs] [Times: user=0.01 sys=0.00, real=0.01 secs] 
1899.751: [GC (Allocation Failure) [PSYoungGen: 52032K->1664K(53760K)] 339509K->289141K(744960K), 0.0015978 secs] [Times: user=0.00 sys=0.00, real=0.00 secs] 
1900.537: [GC (Allocation Failure) [PSYoungGen: 53376K->1440K(54272K)] 340853K->288917K(745472K), 0.0024225 secs] [Times: user=0.01 sys=0.00, real=0.00 secs] 
1900.963: [GC (Allocation Failure) [PSYoungGen: 53152K->1376K(54272K)] 340629K->288853K(745472K), 0.0025283 secs] [Times: user=0.01 sys=0.00, real=0.01 secs] 
1901.502: [GC (Allocation Failure) [PSYoungGen: 53088K->1376K(54272K)] 340565K->288853K(745472K), 0.0025903 secs] [Times: user=0.01 sys=0.00, real=0.01 secs] 
1902.049: [GC (Allocation Failure) [PSYoungGen: 53088K->1376K(54272K)] 340565K->288869K(745472K), 0.0028153 secs] [Times: user=0.01 sys=0.00, real=0.00 secs] 
1902.542: [GC (Allocation Failure) [PSYoungGen: 53088K->1344K(54272K)] 340581K->288837K(745472K), 0.0030724 secs] [Times: user=0.01 sys=0.00, real=0.01 secs] 
1903.596: [GC (Allocation Failure) [PSYoungGen: 53056K->1408K(54272K)] 340549K->288901K(745472K), 0.0018385 secs] [Times: user=0.01 sys=0.00, real=0.00 secs] 
1904.232: [GC (Allocation Failure) [PSYoungGen: 53120K->1424K(54272K)] 340613K->288917K(745472K), 0.0023654 secs] [Times: user=0.01 sys=0.00, real=0.01 secs] 
1904.662: [GC (Allocation Failure) [PSYoungGen: 53136K->1408K(54272K)] 340629K->288901K(745472K), 0.0029667 secs] [Times: user=0.01 sys=0.00, real=0.01 secs] 
1905.091: [GC (Allocation Failure) [PSYoungGen: 53120K->1360K(53248K)] 340613K->288853K(744448K), 0.0027663 secs] [Times: user=0.01 sys=0.00, real=0.01 secs] 
1905.617: [GC (Allocation Failure) [PSYoungGen: 53072K->1408K(53760K)] 340565K->288901K(744960K), 0.0031302 secs] [Times: user=0.01 sys=0.00, real=0.00 secs] 
1905.970: [GC (Allocation Failure) [PSYoungGen: 53120K->1376K(53760K)] 340613K->288869K(744960K), 0.0024023 secs] [Times: user=0.01 sys=0.00, real=0.00 secs] 
1906.641: [GC (Allocation Failure) [PSYoungGen: 53088K->1472K(53760K)] 340581K->288965K(744960K), 0.0017566 secs] [Times: user=0.00 sys=0.01, real=0.00 secs] 
1906.982: [GC (Allocation Failure) [PSYoungGen: 53184K->1392K(53760K)] 340677K->288885K(744960K), 0.0016336 secs] [Times: user=0.01 sys=0.00, real=0.01 secs] 
1907.428: [GC (Allocation Failure) [PSYoungGen: 53104K->1408K(53760K)] 340597K->288901K(744960K), 0.0037483 secs] [Times: user=0.01 sys=0.00, real=0.00 secs] 
1907.900: [GC (Allocation Failure) [PSYoungGen: 53120K->1408K(53760K)] 340613K->288901K(744960K), 0.0031247 secs] [Times: user=0.01 sys=0.00, real=0.01 secs] 
1908.380: [GC (Allocation Failure) [PSYoungGen: 53120K->1408K(53760K)] 340613K->288901K(744960K), 0.0027739 secs] [Times: user=0.01 sys=0.00, real=0.00 secs] 
1909.245: [GC (Allocation Failure) [PSYoungGen: 53120K->1405K(53760K)] 340613K->288898K(744960K), 0.0015981 secs] [Times: user=0.00 sys=0.00, real=0.00 secs] 
1910.040: [GC (Allocation Failure) [PSYoungGen: 53117K->1376K(53760K)] 340610K->288869K(744960K), 0.0021043 secs] [Times: user=0.00 sys=0.00, real=0.00 secs] 
1910.499: [GC (Allocation Failure) [PSYoungGen: 53088K->1376K(53760K)] 340581K->288901K(744960K), 0.0037161 secs] [Times: user=0.02 sys=0.00, real=0.00 secs] 
1910.907: [GC (Allocation Failure) [PSYoungGen: 53088K->1344K(53760K)] 340613K->288869K(744960K), 0.0030983 secs] [Times: user=0.01 sys=0.00, real=0.00 secs] 
1911.292: [GC (Allocation Failure) [PSYoungGen: 53056K->1376K(53760K)] 340581K->288901K(744960K), 0.0030887 secs] [Times: user=0.01 sys=0.00, real=0.01 secs] 
1911.733: [GC (Allocation Failure) [PSYoungGen: 53088K->1392K(53760K)] 340613K->288917K(744960K), 0.0024319 secs] [Times: user=0.01 sys=0.00, real=0.00 secs] 
1912.564: [GC (Allocation Failure) [PSYoungGen: 53104K->1568K(53760K)] 340629K->289093K(744960K), 0.0015919 secs] [Times: user=0.00 sys=0.00, real=0.00 secs] 
1912.806: [GC (Allocation Failure) [PSYoungGen: 53280K->1376K(53760K)] 340805K->288901K(744960K), 0.0016986 secs] [Times: user=0.00 sys=0.00, real=0.00 secs] 
1913.026: [GC (Allocation Failure) [PSYoungGen: 53088K->1392K(53760K)] 340613K->288917K(744960K), 0.0017086 secs] [Times: user=0.01 sys=0.00, real=0.00 secs] 
1913.241: [GC (Allocation Failure) [PSYoungGen: 53104K->1408K(53760K)] 340629K->288933K(744960K), 0.0019427 secs] [Times: user=0.01 sys=0.00, real=0.00 secs] 
1913.459: [GC (Allocation Failure) [PSYoungGen: 53120K->1408K(53760K)] 340645K->288933K(744960K), 0.0026584 secs] [Times: user=0.01 sys=0.00, real=0.00 secs] 
1913.673: [GC (Allocation Failure) [PSYoungGen: 53120K->1392K(53760K)] 340645K->288917K(744960K), 0.0036076 secs] [Times: user=0.01 sys=0.00, real=0.01 secs] 
1914.409: [GC (Allocation Failure) [PSYoungGen: 53104K->1472K(53248K)] 340629K->288997K(744448K), 0.0025947 secs] [Times: user=0.01 sys=0.00, real=0.00 secs] 
1914.662: [GC (Allocation Failure) [PSYoungGen: 53184K->1376K(53248K)] 340709K->288901K(744448K), 0.0024227 secs] [Times: user=0.01 sys=0.00, real=0.01 secs] 
1914.877: [GC (Allocation Failure) [PSYoungGen: 53088K->1344K(53248K)] 340613K->288869K(744448K), 0.0018764 secs] [Times: user=0.01 sys=0.00, real=0.00 secs] 
1915.092: [GC (Allocation Failure) [PSYoungGen: 53056K->1408K(53248K)] 340581K->288941K(744448K), 0.0020350 secs] [Times: user=0.01 sys=0.00, real=0.01 secs] 
1915.358: [GC (Allocation Failure) [PSYoungGen: 53120K->1376K(53248K)] 340653K->288909K(744448K), 0.0018226 secs] [Times: user=0.01 sys=0.00, real=0.00 secs] 
1915.575: [GC (Allocation Failure) [PSYoungGen: 53088K->1376K(53248K)] 340621K->288909K(744448K), 0.0019846 secs] [Times: user=0.00 sys=0.00, real=0.00 secs] 
1916.641: [GC (Allocation Failure) [PSYoungGen: 53088K->1440K(53248K)] 340621K->288973K(744448K), 0.0019548 secs] [Times: user=0.01 sys=0.00, real=0.00 secs] 
1917.218: [GC (Allocation Failure) [PSYoungGen: 53152K->1376K(53248K)] 340685K->288909K(744448K), 0.0025054 secs] [Times: user=0.01 sys=0.00, real=0.00 secs] 
1917.763: [GC (Allocation Failure) [PSYoungGen: 53088K->1408K(53248K)] 340621K->288965K(744448K), 0.0030573 secs] [Times: user=0.01 sys=0.00, real=0.00 secs] 
1918.163: [GC (Allocation Failure) [PSYoungGen: 53120K->1408K(53248K)] 340677K->288965K(744448K), 0.0034212 secs] [Times: user=0.01 sys=0.00, real=0.01 secs] 
1918.544: [GC (Allocation Failure) [PSYoungGen: 53120K->352K(52224K)] 340677K->288933K(743424K), 0.0021302 secs] [Times: user=0.01 sys=0.00, real=0.00 secs] 
1919.202: [GC (Allocation Failure) [PSYoungGen: 52064K->1373K(53760K)] 340645K->289955K(744960K), 0.0014556 secs] [Times: user=0.00 sys=0.00, real=0.01 secs] 
1919.817: [GC (Allocation Failure) [PSYoungGen: 53085K->1440K(53248K)] 341667K->290021K(744448K), 0.0017047 secs] [Times: user=0.00 sys=0.00, real=0.00 secs] 
1920.155: [GC (Allocation Failure) [PSYoungGen: 53152K->1408K(53760K)] 341733K->289989K(744960K), 0.0017423 secs] [Times: user=0.01 sys=0.00, real=0.00 secs] 
1920.370: [GC (Allocation Failure) [PSYoungGen: 53120K->1408K(53760K)] 341701K->289989K(744960K), 0.0017570 secs] [Times: user=0.01 sys=0.00, real=0.00 secs] 
1920.589: [GC (Allocation Failure) [PSYoungGen: 53120K->1424K(53760K)] 341701K->290005K(744960K), 0.0031334 secs] [Times: user=0.01 sys=0.00, real=0.00 secs] 
1920.926: [GC (Allocation Failure) [PSYoungGen: 53136K->1344K(53760K)] 341717K->289925K(744960K), 0.0023552 secs] [Times: user=0.01 sys=0.00, real=0.00 secs] 
1921.796: [GC (Allocation Failure) [PSYoungGen: 53056K->1472K(53760K)] 341637K->290053K(744960K), 0.0017667 secs] [Times: user=0.01 sys=0.00, real=0.00 secs] 
1922.172: [GC (Allocation Failure) [PSYoungGen: 53184K->1408K(53760K)] 341765K->289989K(744960K), 0.0017292 secs] [Times: user=0.01 sys=0.00, real=0.01 secs] 
1922.642: [GC (Allocation Failure) [PSYoungGen: 53120K->1344K(53760K)] 341701K->289925K(744960K), 0.0039536 secs] [Times: user=0.02 sys=0.00, real=0.01 secs] 
1923.109: [GC (Allocation Failure) [PSYoungGen: 53056K->1408K(53760K)] 341637K->289989K(744960K), 0.0030742 secs] [Times: user=0.01 sys=0.00, real=0.00 secs] 
1923.496: [GC (Allocation Failure) [PSYoungGen: 53120K->1440K(53760K)] 341701K->290029K(744960K), 0.0039496 secs] [Times: user=0.02 sys=0.00, real=0.00 secs] 
1923.920: [GC (Allocation Failure) [PSYoungGen: 53152K->1376K(53760K)] 341741K->289965K(744960K), 0.0035724 secs] [Times: user=0.01 sys=0.00, real=0.01 secs] 
1925.493: [GC (Allocation Failure) [PSYoungGen: 53088K->1440K(53760K)] 341677K->290029K(744960K), 0.0036117 secs] [Times: user=0.01 sys=0.00, real=0.00 secs] 
1925.978: [GC (Allocation Failure) [PSYoungGen: 53152K->1408K(53760K)] 341741K->289997K(744960K), 0.0025082 secs] [Times: user=0.01 sys=0.00, real=0.00 secs] 
1926.351: [GC (Allocation Failure) [PSYoungGen: 53120K->1376K(53760K)] 341709K->289965K(744960K), 0.0022965 secs] [Times: user=0.01 sys=0.00, real=0.01 secs] 
1926.806: [GC (Allocation Failure) [PSYoungGen: 53088K->1376K(53760K)] 341677K->289965K(744960K), 0.0020077 secs] [Times: user=0.01 sys=0.00, real=0.00 secs] 
1927.404: [GC (Allocation Failure) [PSYoungGen: 53088K->1408K(53760K)] 341677K->289997K(744960K), 0.0020529 secs] [Times: user=0.01 sys=0.00, real=0.00 secs] 
1928.009: [GC (Allocation Failure) [PSYoungGen: 53120K->1408K(53760K)] 341709K->289997K(744960K), 0.0038907 secs] [Times: user=0.02 sys=0.00, real=0.01 secs] 
1930.181: [GC (Allocation Failure) [PSYoungGen: 53120K->1440K(53760K)] 341709K->290029K(744960K), 0.0038460 secs] [Times: user=0.01 sys=0.00, real=0.01 secs] 
1930.662: [GC (Allocation Failure) [PSYoungGen: 53152K->1408K(53248K)] 341741K->289997K(744448K), 0.0040160 secs] [Times: user=0.02 sys=0.00, real=0.01 secs] 
1931.195: [GC (Allocation Failure) [PSYoungGen: 53120K->1392K(53248K)] 341709K->289981K(744448K), 0.0024352 secs] [Times: user=0.01 sys=0.00, real=0.00 secs] 
1931.420: [GC (Allocation Failure) [PSYoungGen: 53104K->352K(52736K)] 341693K->289989K(743936K), 0.0019915 secs] [Times: user=0.01 sys=0.00, real=0.00 secs] 
1931.634: [GC (Allocation Failure) [PSYoungGen: 52064K->352K(53760K)] 341701K->289997K(744960K), 0.0017665 secs] [Times: user=0.01 sys=0.00, real=0.00 secs] 
1931.977: [GC (Allocation Failure) [PSYoungGen: 52064K->1421K(53760K)] 341709K->291067K(744960K), 0.0013616 secs] [Times: user=0.00 sys=0.00, real=0.00 secs] 
1932.504: [GC (Allocation Failure) [PSYoungGen: 53133K->1376K(53760K)] 342779K->291021K(744960K), 0.0018537 secs] [Times: user=0.01 sys=0.00, real=0.00 secs] 
1932.718: [GC (Allocation Failure) [PSYoungGen: 53088K->1376K(53760K)] 342733K->291021K(744960K), 0.0016918 secs] [Times: user=0.01 sys=0.00, real=0.00 secs] 
1932.932: [GC (Allocation Failure) [PSYoungGen: 53088K->1408K(53760K)] 342733K->291053K(744960K), 0.0016533 secs] [Times: user=0.01 sys=0.00, real=0.01 secs] 
1933.147: [GC (Allocation Failure) [PSYoungGen: 53120K->1408K(53760K)] 342765K->291053K(744960K), 0.0016636 secs] [Times: user=0.00 sys=0.00, real=0.00 secs] 
1933.362: [GC (Allocation Failure) [PSYoungGen: 53120K->1376K(53760K)] 342765K->291021K(744960K), 0.0017664 secs] [Times: user=0.00 sys=0.00, real=0.01 secs] 
1934.102: [GC (Allocation Failure) [PSYoungGen: 53080K->160K(53760K)] 342726K->289805K(744960K), 0.0022342 secs] [Times: user=0.00 sys=0.00, real=0.01 secs] 
1934.904: [GC (Allocation Failure) [PSYoungGen: 51872K->1376K(53760K)] 341517K->291021K(744960K), 0.0040023 secs] [Times: user=0.02 sys=0.00, real=0.00 secs] 
1935.449: [GC (Allocation Failure) [PSYoungGen: 53088K->1376K(53760K)] 342733K->291037K(744960K), 0.0041184 secs] [Times: user=0.02 sys=0.00, real=0.00 secs] 
1935.905: [GC (Allocation Failure) [PSYoungGen: 53088K->1408K(53760K)] 342749K->291069K(744960K), 0.0025504 secs] [Times: user=0.01 sys=0.00, real=0.00 secs] 
1936.343: [GC (Allocation Failure) [PSYoungGen: 53120K->1376K(53760K)] 342781K->291053K(744960K), 0.0025517 secs] [Times: user=0.01 sys=0.00, real=0.00 secs] 
1936.756: [GC (Allocation Failure) [PSYoungGen: 53088K->1376K(53760K)] 342765K->291053K(744960K), 0.0022236 secs] [Times: user=0.01 sys=0.00, real=0.00 secs] 
1937.748: [GC (Allocation Failure) [PSYoungGen: 53088K->1440K(53760K)] 342765K->291117K(744960K), 0.0022645 secs] [Times: user=0.01 sys=0.00, real=0.00 secs] 
1938.197: [GC (Allocation Failure) [PSYoungGen: 53152K->1408K(53760K)] 342829K->291085K(744960K), 0.0020114 secs] [Times: user=0.01 sys=0.00, real=0.00 secs] 
1938.560: [GC (Allocation Failure) [PSYoungGen: 53120K->1408K(53760K)] 342797K->291109K(744960K), 0.0020464 secs] [Times: user=0.01 sys=0.00, real=0.00 secs] 
1939.141: [GC (Allocation Failure) [PSYoungGen: 53120K->1408K(53760K)] 342821K->291109K(744960K), 0.0020120 secs] [Times: user=0.01 sys=0.00, real=0.00 secs] 
1939.711: [GC (Allocation Failure) [PSYoungGen: 53120K->1376K(53760K)] 342821K->291077K(744960K), 0.0030326 secs] [Times: user=0.01 sys=0.00, real=0.01 secs] 
1940.339: [GC (Allocation Failure) [PSYoungGen: 53088K->1376K(53760K)] 342789K->291077K(744960K), 0.0043118 secs] [Times: user=0.02 sys=0.00, real=0.01 secs] 
1941.200: [GC (Allocation Failure) [PSYoungGen: 53088K->1408K(53760K)] 342789K->291109K(744960K), 0.0017907 secs] [Times: user=0.01 sys=0.00, real=0.00 secs] 
1941.445: [GC (Allocation Failure) [PSYoungGen: 53120K->1344K(53760K)] 342821K->291045K(744960K), 0.0018394 secs] [Times: user=0.00 sys=0.00, real=0.00 secs] 
1941.771: [GC (Allocation Failure) [PSYoungGen: 53056K->1408K(53760K)] 342757K->291109K(744960K), 0.0026952 secs] [Times: user=0.01 sys=0.00, real=0.01 secs] 
1942.173: [GC (Allocation Failure) [PSYoungGen: 53120K->1408K(53760K)] 342821K->291109K(744960K), 0.0031168 secs] [Times: user=0.01 sys=0.00, real=0.01 secs] 
1942.653: [GC (Allocation Failure) [PSYoungGen: 53120K->1376K(53760K)] 342821K->291077K(744960K), 0.0026938 secs] [Times: user=0.01 sys=0.00, real=0.00 secs] 
1943.285: [GC (Allocation Failure) [PSYoungGen: 53088K->1373K(53760K)] 342789K->291075K(744960K), 0.0026225 secs] [Times: user=0.01 sys=0.00, real=0.00 secs] 
1944.368: [GC (Allocation Failure) [PSYoungGen: 53085K->1424K(53760K)] 342787K->291125K(744960K), 0.0076206 secs] [Times: user=0.03 sys=0.00, real=0.01 secs] 
1945.073: [GC (Allocation Failure) [PSYoungGen: 53136K->1344K(53760K)] 342837K->291045K(744960K), 0.0039832 secs] [Times: user=0.02 sys=0.00, real=0.00 secs] 
1945.701: [GC (Allocation Failure) [PSYoungGen: 53056K->1408K(53760K)] 342757K->291109K(744960K), 0.0042485 secs] [Times: user=0.01 sys=0.00, real=0.01 secs] 
1946.222: [GC (Allocation Failure) [PSYoungGen: 53120K->1408K(53760K)] 342821K->291109K(744960K), 0.0031683 secs] [Times: user=0.01 sys=0.00, real=0.01 secs] 
1946.665: [GC (Allocation Failure) [PSYoungGen: 53120K->1376K(53760K)] 342821K->291077K(744960K), 0.0020794 secs] [Times: user=0.01 sys=0.00, real=0.00 secs] 
1947.489: [GC (Allocation Failure) [PSYoungGen: 53088K->1421K(53760K)] 342789K->291123K(744960K), 0.0014502 secs] [Times: user=0.00 sys=0.00, real=0.00 secs] 
1947.814: [GC (Allocation Failure) [PSYoungGen: 53133K->1472K(53760K)] 342835K->291173K(744960K), 0.0017804 secs] [Times: user=0.01 sys=0.00, real=0.00 secs] 
1948.029: [GC (Allocation Failure) [PSYoungGen: 53184K->1408K(53760K)] 342885K->291109K(744960K), 0.0017740 secs] [Times: user=0.01 sys=0.00, real=0.00 secs] 
1948.272: [GC (Allocation Failure) [PSYoungGen: 53120K->1376K(53760K)] 342821K->291077K(744960K), 0.0018424 secs] [Times: user=0.01 sys=0.00, real=0.01 secs] 
1948.492: [GC (Allocation Failure) [PSYoungGen: 53088K->1344K(53760K)] 342789K->291045K(744960K), 0.0018079 secs] [Times: user=0.01 sys=0.00, real=0.01 secs] 
1948.778: [GC (Allocation Failure) [PSYoungGen: 53056K->1376K(53760K)] 342757K->291077K(744960K), 0.0019618 secs] [Times: user=0.01 sys=0.00, real=0.00 secs] 
1950.051: [GC (Allocation Failure) [PSYoungGen: 53088K->1440K(53760K)] 342789K->291157K(744960K), 0.0042248 secs] [Times: user=0.02 sys=0.00, real=0.01 secs] 
1950.898: [GC (Allocation Failure) [PSYoungGen: 53152K->1376K(53248K)] 342869K->291093K(744448K), 0.0026478 secs] [Times: user=0.01 sys=0.00, real=0.00 secs] 
1951.349: [GC (Allocation Failure) [PSYoungGen: 53088K->1376K(53248K)] 342805K->291093K(744448K), 0.0021962 secs] [Times: user=0.01 sys=0.00, real=0.00 secs] 
1952.127: [GC (Allocation Failure) [PSYoungGen: 53088K->352K(52736K)] 342805K->291093K(743936K), 0.0019891 secs] [Times: user=0.01 sys=0.00, real=0.00 secs] 
1952.899: [GC (Allocation Failure) [PSYoungGen: 52064K->320K(53760K)] 342805K->291061K(744960K), 0.0020282 secs] [Times: user=0.01 sys=0.00, real=0.00 secs] 
1953.672: [GC (Allocation Failure) [PSYoungGen: 52032K->320K(53760K)] 342773K->291061K(744960K), 0.0020602 secs] [Times: user=0.01 sys=0.00, real=0.01 secs] 
1954.608: [GC (Allocation Failure) [PSYoungGen: 52032K->1408K(53760K)] 342773K->292149K(744960K), 0.0019643 secs] [Times: user=0.01 sys=0.00, real=0.00 secs] 
1954.885: [GC (Allocation Failure) [PSYoungGen: 53120K->1376K(53760K)] 343861K->292117K(744960K), 0.0017173 secs] [Times: user=0.00 sys=0.00, real=0.00 secs] 
1955.120: [GC (Allocation Failure) [PSYoungGen: 53088K->1376K(53760K)] 343829K->292117K(744960K), 0.0017431 secs] [Times: user=0.01 sys=0.00, real=0.00 secs] 
1955.349: [GC (Allocation Failure) [PSYoungGen: 53088K->1376K(53760K)] 343829K->292117K(744960K), 0.0017426 secs] [Times: user=0.00 sys=0.00, real=0.00 secs] 
1955.600: [GC (Allocation Failure) [PSYoungGen: 53088K->1376K(53760K)] 343829K->292117K(744960K), 0.0018300 secs] [Times: user=0.01 sys=0.00, real=0.00 secs] 
1955.925: [GC (Allocation Failure) [PSYoungGen: 53088K->1408K(53760K)] 343829K->292149K(744960K), 0.0017270 secs] [Times: user=0.01 sys=0.00, real=0.00 secs] 
1956.864: [GC (Allocation Failure) [PSYoungGen: 53120K->1440K(53760K)] 343861K->292181K(744960K), 0.0020258 secs] [Times: user=0.01 sys=0.00, real=0.00 secs] 
1957.305: [GC (Allocation Failure) [PSYoungGen: 53152K->1408K(53760K)] 343893K->292149K(744960K), 0.0020203 secs] [Times: user=0.01 sys=0.00, real=0.00 secs] 
1957.959: [GC (Allocation Failure) [PSYoungGen: 53120K->1392K(53760K)] 343861K->292133K(744960K), 0.0024428 secs] [Times: user=0.01 sys=0.00, real=0.00 secs] 
1958.492: [GC (Allocation Failure) [PSYoungGen: 53104K->1408K(53760K)] 343845K->292149K(744960K), 0.0027610 secs] [Times: user=0.01 sys=0.00, real=0.01 secs] 
1958.933: [GC (Allocation Failure) [PSYoungGen: 53120K->1344K(53760K)] 343861K->292085K(744960K), 0.0025953 secs] [Times: user=0.01 sys=0.00, real=0.01 secs] 
1959.636: [GC (Allocation Failure) [PSYoungGen: 53056K->1405K(53760K)] 343797K->292147K(744960K), 0.0014797 secs] [Times: user=0.01 sys=0.00, real=0.00 secs] 
1960.318: [GC (Allocation Failure) [PSYoungGen: 53117K->1408K(53760K)] 343859K->292173K(744960K), 0.0020922 secs] [Times: user=0.00 sys=0.00, real=0.00 secs] 
1960.700: [GC (Allocation Failure) [PSYoungGen: 53120K->1408K(53760K)] 343885K->292173K(744960K), 0.0019076 secs] [Times: user=0.01 sys=0.00, real=0.00 secs] 
1960.915: [GC (Allocation Failure) [PSYoungGen: 53120K->1344K(53760K)] 343885K->292109K(744960K), 0.0019710 secs] [Times: user=0.01 sys=0.00, real=0.00 secs] 
1961.130: [GC (Allocation Failure) [PSYoungGen: 53056K->1408K(53760K)] 343821K->292173K(744960K), 0.0018465 secs] [Times: user=0.01 sys=0.00, real=0.00 secs] 
1961.344: [GC (Allocation Failure) [PSYoungGen: 53120K->1376K(53760K)] 343885K->292141K(744960K), 0.0018446 secs] [Times: user=0.01 sys=0.00, real=0.00 secs] 
1961.999: [GC (Allocation Failure) [PSYoungGen: 53088K->1984K(53760K)] 343853K->293261K(744960K), 0.0018254 secs] [Times: user=0.01 sys=0.00, real=0.00 secs] 
1962.293: [GC (Allocation Failure) [PSYoungGen: 53696K->1408K(53760K)] 344973K->292685K(744960K), 0.0017306 secs] [Times: user=0.00 sys=0.00, real=0.00 secs] 
1962.508: [GC (Allocation Failure) [PSYoungGen: 53120K->1376K(53760K)] 344397K->292653K(744960K), 0.0017991 secs] [Times: user=0.01 sys=0.00, real=0.00 secs] 
1962.723: [GC (Allocation Failure) [PSYoungGen: 53088K->1344K(53760K)] 344365K->292621K(744960K), 0.0017947 secs] [Times: user=0.01 sys=0.00, real=0.01 secs] 
1963.152: [GC (Allocation Failure) [PSYoungGen: 53056K->1344K(53760K)] 344333K->292621K(744960K), 0.0025978 secs] [Times: user=0.01 sys=0.00, real=0.01 secs] 
1963.547: [GC (Allocation Failure) [PSYoungGen: 53056K->1376K(53760K)] 344333K->292653K(744960K), 0.0020846 secs] [Times: user=0.01 sys=0.01, real=0.00 secs] 
1964.458: [GC (Allocation Failure) [PSYoungGen: 53088K->1456K(53760K)] 344365K->292733K(744960K), 0.0017550 secs] [Times: user=0.01 sys=0.00, real=0.00 secs] 
1965.126: [GC (Allocation Failure) [PSYoungGen: 53168K->1344K(53760K)] 344445K->292621K(744960K), 0.0022348 secs] [Times: user=0.01 sys=0.00, real=0.00 secs] 
1965.755: [GC (Allocation Failure) [PSYoungGen: 53056K->1376K(53760K)] 344333K->292653K(744960K), 0.0039497 secs] [Times: user=0.02 sys=0.00, real=0.00 secs] 
1966.219: [GC (Allocation Failure) [PSYoungGen: 53088K->1376K(53760K)] 344365K->292653K(744960K), 0.0043022 secs] [Times: user=0.02 sys=0.00, real=0.01 secs] 
1966.817: [GC (Allocation Failure) [PSYoungGen: 53088K->1408K(53760K)] 344365K->292693K(744960K), 0.0039128 secs] [Times: user=0.02 sys=0.00, real=0.00 secs] 
1967.413: [GC (Allocation Failure) [PSYoungGen: 53120K->1392K(53760K)] 344405K->292677K(744960K), 0.0031163 secs] [Times: user=0.01 sys=0.00, real=0.01 secs] 
1968.475: [GC (Allocation Failure) [PSYoungGen: 53104K->1440K(53760K)] 344389K->292725K(744960K), 0.0016826 secs] [Times: user=0.00 sys=0.00, real=0.00 secs] 
1969.122: [GC (Allocation Failure) [PSYoungGen: 53152K->1456K(53760K)] 344437K->292741K(744960K), 0.0039865 secs] [Times: user=0.02 sys=0.00, real=0.01 secs] 
1969.574: [GC (Allocation Failure) [PSYoungGen: 53168K->1376K(53760K)] 344453K->292661K(744960K), 0.0024598 secs] [Times: user=0.01 sys=0.00, real=0.00 secs] 
1969.838: [GC (Allocation Failure) [PSYoungGen: 53088K->1376K(53760K)] 344373K->292693K(744960K), 0.0019535 secs] [Times: user=0.01 sys=0.00, real=0.00 secs] 
1970.287: [GC (Allocation Failure) [PSYoungGen: 53088K->1408K(53760K)] 344405K->292725K(744960K), 0.0021752 secs] [Times: user=0.01 sys=0.00, real=0.00 secs] 
1971.027: [GC (Allocation Failure) [PSYoungGen: 53120K->1389K(53760K)] 344437K->292707K(744960K), 0.0014500 secs] [Times: user=0.01 sys=0.00, real=0.00 secs] 
1972.945: [GC (Allocation Failure) [PSYoungGen: 53101K->1392K(53248K)] 344419K->292709K(744448K), 0.0032114 secs] [Times: user=0.01 sys=0.00, real=0.00 secs] 
1973.586: [GC (Allocation Failure) [PSYoungGen: 53104K->1408K(53248K)] 344421K->292725K(744448K), 0.0029654 secs] [Times: user=0.01 sys=0.00, real=0.00 secs] 
1973.865: [GC (Allocation Failure) [PSYoungGen: 53120K->288K(52736K)] 344437K->292629K(743936K), 0.0019654 secs] [Times: user=0.00 sys=0.00, real=0.00 secs] 
1974.079: [GC (Allocation Failure) [PSYoungGen: 52000K->320K(53760K)] 344341K->292661K(744960K), 0.0019012 secs] [Times: user=0.00 sys=0.00, real=0.00 secs] 
1974.294: [GC (Allocation Failure) [PSYoungGen: 52032K->320K(53760K)] 344373K->292661K(744960K), 0.0018522 secs] [Times: user=0.01 sys=0.00, real=0.00 secs] 
1975.088: [GC (Allocation Failure) [PSYoungGen: 52032K->1952K(53760K)] 344373K->294293K(744960K), 0.0017067 secs] [Times: user=0.01 sys=0.00, real=0.00 secs] 
1976.212: [GC (Allocation Failure) [PSYoungGen: 53664K->1424K(54272K)] 346005K->293765K(745472K), 0.0025864 secs] [Times: user=0.01 sys=0.00, real=0.01 secs] 
1976.653: [GC (Allocation Failure) [PSYoungGen: 53136K->1408K(54272K)] 345477K->293749K(745472K), 0.0026353 secs] [Times: user=0.01 sys=0.00, real=0.01 secs] 
1976.960: [GC (Allocation Failure) [PSYoungGen: 53120K->1440K(54272K)] 345461K->293781K(745472K), 0.0019567 secs] [Times: user=0.01 sys=0.00, real=0.00 secs] 
1977.175: [GC (Allocation Failure) [PSYoungGen: 53152K->1408K(54272K)] 345493K->293749K(745472K), 0.0019786 secs] [Times: user=0.01 sys=0.00, real=0.00 secs] 
1977.438: [GC (Allocation Failure) [PSYoungGen: 53120K->1376K(53248K)] 345461K->293717K(744448K), 0.0020470 secs] [Times: user=0.01 sys=0.00, real=0.00 secs] 
1978.146: [GC (Allocation Failure) [PSYoungGen: 53088K->1376K(53760K)] 345429K->293717K(744960K), 0.0017504 secs] [Times: user=0.01 sys=0.00, real=0.00 secs] 
1978.675: [GC (Allocation Failure) [PSYoungGen: 53088K->1360K(53760K)] 345429K->293701K(744960K), 0.0017582 secs] [Times: user=0.00 sys=0.00, real=0.00 secs] 
1979.060: [GC (Allocation Failure) [PSYoungGen: 53072K->1376K(53760K)] 345413K->293717K(744960K), 0.0017797 secs] [Times: user=0.01 sys=0.00, real=0.00 secs] 
1979.431: [GC (Allocation Failure) [PSYoungGen: 53088K->1408K(53760K)] 345429K->293749K(744960K), 0.0018553 secs] [Times: user=0.00 sys=0.00, real=0.00 secs] 
1979.853: [GC (Allocation Failure) [PSYoungGen: 53120K->1376K(53760K)] 345461K->293749K(744960K), 0.0020895 secs] [Times: user=0.01 sys=0.00, real=0.01 secs] 
1980.270: [GC (Allocation Failure) [PSYoungGen: 53088K->1376K(53760K)] 345461K->293749K(744960K), 0.0021034 secs] [Times: user=0.01 sys=0.01, real=0.00 secs] 
1981.275: [GC (Allocation Failure) [PSYoungGen: 53088K->1408K(53760K)] 345461K->293781K(744960K), 0.0036910 secs] [Times: user=0.02 sys=0.00, real=0.00 secs] 
1981.571: [GC (Allocation Failure) [PSYoungGen: 53120K->1312K(53760K)] 345493K->293685K(744960K), 0.0020845 secs] [Times: user=0.01 sys=0.00, real=0.00 secs] 
1981.785: [GC (Allocation Failure) [PSYoungGen: 53024K->1344K(53760K)] 345397K->293725K(744960K), 0.0018385 secs] [Times: user=0.00 sys=0.00, real=0.00 secs] 
1982.038: [GC (Allocation Failure) [PSYoungGen: 53056K->1376K(53760K)] 345437K->293765K(744960K), 0.0020264 secs] [Times: user=0.01 sys=0.00, real=0.00 secs] 
1982.359: [GC (Allocation Failure) [PSYoungGen: 53088K->1376K(53760K)] 345477K->293765K(744960K), 0.0018064 secs] [Times: user=0.01 sys=0.00, real=0.00 secs] 
1982.915: [GC (Allocation Failure) [PSYoungGen: 53088K->1389K(53760K)] 345477K->293779K(744960K), 0.0014539 secs] [Times: user=0.00 sys=0.00, real=0.00 secs] 
1983.619: [GC (Allocation Failure) [PSYoungGen: 53101K->1456K(53760K)] 345491K->293845K(744960K), 0.0018191 secs] [Times: user=0.01 sys=0.00, real=0.00 secs] 
1983.961: [GC (Allocation Failure) [PSYoungGen: 53168K->1424K(53760K)] 345557K->293813K(744960K), 0.0018095 secs] [Times: user=0.01 sys=0.00, real=0.00 secs] 
1984.176: [GC (Allocation Failure) [PSYoungGen: 53136K->1408K(53760K)] 345525K->293797K(744960K), 0.0020564 secs] [Times: user=0.00 sys=0.00, real=0.00 secs] 
1984.393: [GC (Allocation Failure) [PSYoungGen: 53120K->1344K(53760K)] 345509K->293741K(744960K), 0.0017871 secs] [Times: user=0.01 sys=0.00, real=0.01 secs] 
1984.811: [GC (Allocation Failure) [PSYoungGen: 53056K->1408K(53760K)] 345453K->293805K(744960K), 0.0018920 secs] [Times: user=0.00 sys=0.00, real=0.00 secs] 
1985.637: [GC (Allocation Failure) [PSYoungGen: 53120K->1472K(53760K)] 345517K->293869K(744960K), 0.0013844 secs] [Times: user=0.00 sys=0.00, real=0.00 secs] 
1985.932: [GC (Allocation Failure) [PSYoungGen: 53184K->1408K(53760K)] 345581K->293805K(744960K), 0.0018341 secs] [Times: user=0.01 sys=0.00, real=0.01 secs] 
1986.273: [GC (Allocation Failure) [PSYoungGen: 53120K->1312K(53760K)] 345517K->293709K(744960K), 0.0018853 secs] [Times: user=0.01 sys=0.00, real=0.01 secs] 
1986.506: [GC (Allocation Failure) [PSYoungGen: 53024K->1408K(53760K)] 345421K->293805K(744960K), 0.0017865 secs] [Times: user=0.01 sys=0.00, real=0.00 secs] 
1986.733: [GC (Allocation Failure) [PSYoungGen: 53120K->1376K(53760K)] 345517K->293773K(744960K), 0.0020139 secs] [Times: user=0.01 sys=0.00, real=0.01 secs] 
1986.971: [GC (Allocation Failure) [PSYoungGen: 53088K->1376K(53760K)] 345485K->293773K(744960K), 0.0018376 secs] [Times: user=0.01 sys=0.00, real=0.01 secs] 
1987.781: [GC (Allocation Failure) [PSYoungGen: 53088K->1376K(53760K)] 345485K->293797K(744960K), 0.0018452 secs] [Times: user=0.01 sys=0.00, real=0.00 secs] 
1988.184: [GC (Allocation Failure) [PSYoungGen: 53088K->1376K(53248K)] 345509K->293797K(744448K), 0.0020083 secs] [Times: user=0.00 sys=0.00, real=0.00 secs] 
1988.616: [GC (Allocation Failure) [PSYoungGen: 53088K->1376K(53248K)] 345509K->293797K(744448K), 0.0022784 secs] [Times: user=0.01 sys=0.00, real=0.00 secs] 
1989.033: [GC (Allocation Failure) [PSYoungGen: 53088K->1408K(53248K)] 345509K->293829K(744448K), 0.0021425 secs] [Times: user=0.00 sys=0.00, real=0.01 secs] 
1989.497: [GC (Allocation Failure) [PSYoungGen: 53120K->1376K(53248K)] 345541K->293797K(744448K), 0.0023987 secs] [Times: user=0.01 sys=0.00, real=0.00 secs] 
1990.005: [GC (Allocation Failure) [PSYoungGen: 53088K->1408K(53248K)] 345509K->293829K(744448K), 0.0030371 secs] [Times: user=0.01 sys=0.00, real=0.00 secs] 
1991.327: [GC (Allocation Failure) [PSYoungGen: 53120K->1408K(53248K)] 345541K->293829K(744448K), 0.0039201 secs] [Times: user=0.02 sys=0.00, real=0.00 secs] 
1992.001: [GC (Allocation Failure) [PSYoungGen: 53120K->1376K(53248K)] 345541K->293797K(744448K), 0.0042177 secs] [Times: user=0.02 sys=0.00, real=0.01 secs] 
1992.631: [GC (Allocation Failure) [PSYoungGen: 53088K->1376K(53248K)] 345509K->293797K(744448K), 0.0039538 secs] [Times: user=0.02 sys=0.00, real=0.01 secs] 
1993.216: [GC (Allocation Failure) [PSYoungGen: 53088K->1408K(53248K)] 345509K->293829K(744448K), 0.0030605 secs] [Times: user=0.01 sys=0.00, real=0.00 secs] 
1993.708: [GC (Allocation Failure) [PSYoungGen: 53120K->1440K(53248K)] 345541K->293869K(744448K), 0.0032217 secs] [Times: user=0.01 sys=0.00, real=0.00 secs] 
1994.460: [GC (Allocation Failure) [PSYoungGen: 53152K->1376K(53248K)] 345581K->293805K(744448K), 0.0020079 secs] [Times: user=0.01 sys=0.00, real=0.00 secs] 
1995.047: [GC (Allocation Failure) [PSYoungGen: 53088K->1376K(53248K)] 345517K->293805K(744448K), 0.0018189 secs] [Times: user=0.01 sys=0.00, real=0.00 secs] 
1995.268: [GC (Allocation Failure) [PSYoungGen: 53088K->1408K(53248K)] 345517K->293837K(744448K), 0.0018450 secs] [Times: user=0.00 sys=0.00, real=0.00 secs] 
1995.530: [GC (Allocation Failure) [PSYoungGen: 53120K->1376K(53248K)] 345549K->293805K(744448K), 0.0017394 secs] [Times: user=0.01 sys=0.00, real=0.00 secs] 
1995.985: [GC (Allocation Failure) [PSYoungGen: 53088K->1408K(53248K)] 345517K->293837K(744448K), 0.0027298 secs] [Times: user=0.01 sys=0.00, real=0.00 secs] 
1996.412: [GC (Allocation Failure) [PSYoungGen: 53120K->1424K(53248K)] 345549K->293853K(744448K), 0.0023625 secs] [Times: user=0.01 sys=0.00, real=0.01 secs] 
1997.284: [GC (Allocation Failure) [PSYoungGen: 53136K->128K(53248K)] 345565K->292557K(744448K), 0.0015697 secs] [Times: user=0.00 sys=0.00, real=0.00 secs] 
1998.381: [GC (Allocation Failure) [PSYoungGen: 51840K->1408K(53760K)] 344269K->293845K(744960K), 0.0037913 secs] [Times: user=0.02 sys=0.00, real=0.01 secs] 
1998.860: [GC (Allocation Failure) [PSYoungGen: 53120K->1344K(53760K)] 345557K->293781K(744960K), 0.0038400 secs] [Times: user=0.01 sys=0.01, real=0.01 secs] 
1999.438: [GC (Allocation Failure) [PSYoungGen: 53056K->1440K(53760K)] 345493K->293877K(744960K), 0.0024775 secs] [Times: user=0.01 sys=0.01, real=0.00 secs] 
1999.833: [GC (Allocation Failure) [PSYoungGen: 53152K->1376K(53760K)] 345589K->293813K(744960K), 0.0030779 secs] [Times: user=0.01 sys=0.00, real=0.00 secs] 
2000.229: [GC (Allocation Failure) [PSYoungGen: 53088K->1408K(53760K)] 345525K->293869K(744960K), 0.0030544 secs] [Times: user=0.01 sys=0.00, real=0.00 secs] 
2001.125: [GC (Allocation Failure) [PSYoungGen: 53120K->1408K(53760K)] 345581K->293869K(744960K), 0.0018176 secs] [Times: user=0.00 sys=0.00, real=0.00 secs] 
2001.340: [GC (Allocation Failure) [PSYoungGen: 53120K->1456K(53760K)] 345581K->293917K(744960K), 0.0019706 secs] [Times: user=0.01 sys=0.00, real=0.00 secs] 
2001.599: [GC (Allocation Failure) [PSYoungGen: 53168K->1392K(53760K)] 345629K->293853K(744960K), 0.0019395 secs] [Times: user=0.01 sys=0.00, real=0.00 secs] 
2002.064: [GC (Allocation Failure) [PSYoungGen: 53104K->1408K(53760K)] 345565K->293869K(744960K), 0.0020702 secs] [Times: user=0.01 sys=0.00, real=0.00 secs] 
2002.448: [GC (Allocation Failure) [PSYoungGen: 53120K->1424K(53760K)] 345581K->293885K(744960K), 0.0017979 secs] [Times: user=0.01 sys=0.00, real=0.00 secs] 
2002.977: [GC (Allocation Failure) [PSYoungGen: 53136K->1440K(53760K)] 345597K->293901K(744960K), 0.0041048 secs] [Times: user=0.02 sys=0.00, real=0.00 secs] 
2003.853: [GC (Allocation Failure) [PSYoungGen: 53152K->1472K(53760K)] 345613K->293933K(744960K), 0.0017915 secs] [Times: user=0.00 sys=0.00, real=0.01 secs] 
2004.068: [GC (Allocation Failure) [PSYoungGen: 53184K->1408K(53760K)] 345645K->293869K(744960K), 0.0017329 secs] [Times: user=0.00 sys=0.00, real=0.00 secs] 
2004.282: [GC (Allocation Failure) [PSYoungGen: 53120K->1408K(53760K)] 345581K->293869K(744960K), 0.0017663 secs] [Times: user=0.00 sys=0.00, real=0.01 secs] 
2004.497: [GC (Allocation Failure) [PSYoungGen: 53120K->1408K(53760K)] 345581K->293877K(744960K), 0.0017419 secs] [Times: user=0.01 sys=0.00, real=0.00 secs] 
2004.720: [GC (Allocation Failure) [PSYoungGen: 53120K->1376K(53760K)] 345589K->293845K(744960K), 0.0019021 secs] [Times: user=0.00 sys=0.00, real=0.00 secs] 
2005.070: [GC (Allocation Failure) [PSYoungGen: 53088K->1405K(53760K)] 345557K->293875K(744960K), 0.0020589 secs] [Times: user=0.01 sys=0.00, real=0.00 secs] 
2005.885: [GC (Allocation Failure) [PSYoungGen: 53117K->1408K(53760K)] 345587K->293877K(744960K), 0.0041847 secs] [Times: user=0.01 sys=0.00, real=0.00 secs] 
2006.336: [GC (Allocation Failure) [PSYoungGen: 53120K->1408K(53760K)] 345589K->293877K(744960K), 0.0021023 secs] [Times: user=0.01 sys=0.00, real=0.00 secs] 
2006.714: [GC (Allocation Failure) [PSYoungGen: 53120K->1376K(53760K)] 345589K->293845K(744960K), 0.0019696 secs] [Times: user=0.01 sys=0.00, real=0.00 secs] 
2006.929: [GC (Allocation Failure) [PSYoungGen: 53088K->1408K(53248K)] 345557K->293901K(744448K), 0.0019627 secs] [Times: user=0.01 sys=0.00, real=0.00 secs] 
2007.144: [GC (Allocation Failure) [PSYoungGen: 53120K->1408K(53248K)] 345613K->293901K(744448K), 0.0019845 secs] [Times: user=0.00 sys=0.00, real=0.00 secs] 
2007.825: [GC (Allocation Failure) [PSYoungGen: 53120K->413K(52736K)] 345613K->293931K(743936K), 0.0015316 secs] [Times: user=0.01 sys=0.00, real=0.00 secs] 
2008.948: [GC (Allocation Failure) [PSYoungGen: 52125K->1472K(53760K)] 345643K->295013K(744960K), 0.0039254 secs] [Times: user=0.01 sys=0.00, real=0.00 secs] 
2009.642: [GC (Allocation Failure) [PSYoungGen: 53184K->1376K(53760K)] 346725K->294917K(744960K), 0.0034183 secs] [Times: user=0.01 sys=0.00, real=0.01 secs] 
2010.161: [GC (Allocation Failure) [PSYoungGen: 53088K->1376K(53760K)] 346629K->294917K(744960K), 0.0030800 secs] [Times: user=0.01 sys=0.00, real=0.01 secs] 
2010.701: [GC (Allocation Failure) [PSYoungGen: 53088K->1424K(53760K)] 346629K->294973K(744960K), 0.0031254 secs] [Times: user=0.01 sys=0.00, real=0.01 secs] 
2011.335: [GC (Allocation Failure) [PSYoungGen: 53136K->1408K(53760K)] 346685K->294957K(744960K), 0.0039730 secs] [Times: user=0.01 sys=0.00, real=0.00 secs] 
2012.233: [GC (Allocation Failure) [PSYoungGen: 53120K->1472K(53760K)] 346669K->295021K(744960K), 0.0018649 secs] [Times: user=0.01 sys=0.00, real=0.01 secs] 
2012.751: [GC (Allocation Failure) [PSYoungGen: 53184K->1376K(53760K)] 346733K->294925K(744960K), 0.0021475 secs] [Times: user=0.01 sys=0.00, real=0.01 secs] 
2013.259: [GC (Allocation Failure) [PSYoungGen: 53088K->1408K(53760K)] 346637K->294957K(744960K), 0.0039975 secs] [Times: user=0.02 sys=0.00, real=0.00 secs] 
2013.684: [GC (Allocation Failure) [PSYoungGen: 53120K->1344K(53760K)] 346669K->294893K(744960K), 0.0026358 secs] [Times: user=0.01 sys=0.00, real=0.00 secs] 
2014.078: [GC (Allocation Failure) [PSYoungGen: 53056K->1376K(53760K)] 346605K->294925K(744960K), 0.0024757 secs] [Times: user=0.01 sys=0.00, real=0.00 secs] 
2014.293: [GC (Allocation Failure) [PSYoungGen: 53088K->1344K(53760K)] 346637K->294893K(744960K), 0.0019635 secs] [Times: user=0.01 sys=0.00, real=0.01 secs] 
2014.984: [GC (Allocation Failure) [PSYoungGen: 53056K->1440K(53760K)] 346605K->294989K(744960K), 0.0017568 secs] [Times: user=0.01 sys=0.00, real=0.00 secs] 
2015.208: [GC (Allocation Failure) [PSYoungGen: 53152K->1376K(53760K)] 346701K->294925K(744960K), 0.0017496 secs] [Times: user=0.01 sys=0.00, real=0.00 secs] 
2015.431: [GC (Allocation Failure) [PSYoungGen: 53088K->1392K(53760K)] 346637K->294941K(744960K), 0.0016875 secs] [Times: user=0.00 sys=0.00, real=0.00 secs] 
2015.646: [GC (Allocation Failure) [PSYoungGen: 53104K->1376K(53760K)] 346653K->294925K(744960K), 0.0018734 secs] [Times: user=0.00 sys=0.00, real=0.00 secs] 
2015.860: [GC (Allocation Failure) [PSYoungGen: 53088K->1456K(53760K)] 346637K->295005K(744960K), 0.0017399 secs] [Times: user=0.01 sys=0.00, real=0.00 secs] 
2016.099: [GC (Allocation Failure) [PSYoungGen: 53168K->1389K(53760K)] 346717K->294939K(744960K), 0.0018268 secs] [Times: user=0.01 sys=0.00, real=0.00 secs] 
2017.625: [GC (Allocation Failure) [PSYoungGen: 53101K->1440K(53760K)] 346651K->294989K(744960K), 0.0040860 secs] [Times: user=0.02 sys=0.00, real=0.00 secs] 
2018.394: [GC (Allocation Failure) [PSYoungGen: 53152K->1424K(53760K)] 346701K->294973K(744960K), 0.0026876 secs] [Times: user=0.01 sys=0.00, real=0.00 secs] 
2018.872: [GC (Allocation Failure) [PSYoungGen: 53136K->1376K(53248K)] 346685K->294925K(744448K), 0.0028043 secs] [Times: user=0.01 sys=0.00, real=0.01 secs] 
2019.284: [GC (Allocation Failure) [PSYoungGen: 53088K->1376K(53248K)] 346637K->294957K(744448K), 0.0023213 secs] [Times: user=0.01 sys=0.00, real=0.00 secs] 
2019.903: [GC (Allocation Failure) [PSYoungGen: 53088K->352K(52736K)] 346669K->294957K(743936K), 0.0023121 secs] [Times: user=0.01 sys=0.00, real=0.00 secs] 
2020.874: [GC (Allocation Failure) [PSYoungGen: 52064K->1357K(53760K)] 346669K->295963K(744960K), 0.0015244 secs] [Times: user=0.01 sys=0.00, real=0.00 secs] 
2021.256: [GC (Allocation Failure) [PSYoungGen: 53069K->1408K(53760K)] 347675K->296013K(744960K), 0.0019498 secs] [Times: user=0.01 sys=0.00, real=0.00 secs] 
2021.471: [GC (Allocation Failure) [PSYoungGen: 53120K->1376K(53760K)] 347725K->295981K(744960K), 0.0019602 secs] [Times: user=0.01 sys=0.00, real=0.01 secs] 
2021.686: [GC (Allocation Failure) [PSYoungGen: 53088K->1376K(53760K)] 347693K->295981K(744960K), 0.0019026 secs] [Times: user=0.00 sys=0.00, real=0.00 secs] 
2021.901: [GC (Allocation Failure) [PSYoungGen: 53088K->1440K(53760K)] 347693K->296053K(744960K), 0.0017400 secs] [Times: user=0.01 sys=0.00, real=0.00 secs] 
2022.116: [GC (Allocation Failure) [PSYoungGen: 53152K->1376K(53760K)] 347765K->295989K(744960K), 0.0019128 secs] [Times: user=0.01 sys=0.00, real=0.00 secs] 
2022.762: [GC (Allocation Failure) [PSYoungGen: 53088K->1952K(53760K)] 347701K->297077K(744960K), 0.0018214 secs] [Times: user=0.01 sys=0.00, real=0.01 secs] 
2022.996: [GC (Allocation Failure) [PSYoungGen: 53664K->1408K(53760K)] 348789K->296533K(744960K), 0.0017813 secs] [Times: user=0.01 sys=0.00, real=0.00 secs] 
2023.217: [GC (Allocation Failure) [PSYoungGen: 53120K->1408K(53760K)] 348245K->296533K(744960K), 0.0025774 secs] [Times: user=0.01 sys=0.00, real=0.00 secs] 
2023.430: [GC (Allocation Failure) [PSYoungGen: 53120K->1376K(53760K)] 348245K->296501K(744960K), 0.0022263 secs] [Times: user=0.01 sys=0.00, real=0.00 secs] 
2023.644: [GC (Allocation Failure) [PSYoungGen: 53088K->1392K(53760K)] 348213K->296533K(744960K), 0.0020864 secs] [Times: user=0.01 sys=0.00, real=0.00 secs] 
2023.859: [GC (Allocation Failure) [PSYoungGen: 53104K->1424K(53760K)] 348245K->296565K(744960K), 0.0019773 secs] [Times: user=0.01 sys=0.00, real=0.00 secs] 
2024.534: [GC (Allocation Failure) [PSYoungGen: 53136K->1376K(53760K)] 348277K->296517K(744960K), 0.0016604 secs] [Times: user=0.01 sys=0.00, real=0.00 secs] 
2024.750: [GC (Allocation Failure) [PSYoungGen: 53088K->1392K(53760K)] 348229K->296533K(744960K), 0.0018357 secs] [Times: user=0.01 sys=0.00, real=0.00 secs] 
2024.965: [GC (Allocation Failure) [PSYoungGen: 53104K->1376K(53760K)] 348245K->296517K(744960K), 0.0018469 secs] [Times: user=0.01 sys=0.00, real=0.00 secs] 
2025.180: [GC (Allocation Failure) [PSYoungGen: 53088K->1376K(53760K)] 348229K->296517K(744960K), 0.0017965 secs] [Times: user=0.01 sys=0.00, real=0.00 secs] 
2025.395: [GC (Allocation Failure) [PSYoungGen: 53088K->1376K(53760K)] 348229K->296541K(744960K), 0.0018455 secs] [Times: user=0.01 sys=0.00, real=0.00 secs] 
2025.640: [GC (Allocation Failure) [PSYoungGen: 53084K->256K(53760K)] 348250K->295421K(744960K), 0.0019495 secs] [Times: user=0.01 sys=0.00, real=0.00 secs] 
2027.741: [GC (Allocation Failure) [PSYoungGen: 51968K->1408K(53760K)] 347133K->296573K(744960K), 0.0039893 secs] [Times: user=0.02 sys=0.00, real=0.01 secs] 
2028.790: [GC (Allocation Failure) [PSYoungGen: 53120K->1456K(53760K)] 348285K->296621K(744960K), 0.0038155 secs] [Times: user=0.01 sys=0.00, real=0.01 secs] 
2029.671: [GC (Allocation Failure) [PSYoungGen: 53168K->1376K(53760K)] 348333K->296541K(744960K), 0.0037742 secs] [Times: user=0.01 sys=0.00, real=0.01 secs] 
2030.520: [GC (Allocation Failure) [PSYoungGen: 53088K->1408K(53760K)] 348253K->296573K(744960K), 0.0032278 secs] [Times: user=0.01 sys=0.00, real=0.00 secs] 
2031.041: [GC (Allocation Failure) [PSYoungGen: 53120K->1376K(53760K)] 348285K->296541K(744960K), 0.0026194 secs] [Times: user=0.01 sys=0.00, real=0.01 secs] 
2031.570: [GC (Allocation Failure) [PSYoungGen: 53088K->1421K(53760K)] 348253K->296587K(744960K), 0.0025444 secs] [Times: user=0.01 sys=0.00, real=0.00 secs] 
2031.941: [GC (Allocation Failure) [PSYoungGen: 53133K->1408K(53760K)] 348299K->296573K(744960K), 0.0017152 secs] [Times: user=0.01 sys=0.00, real=0.00 secs] 
2032.156: [GC (Allocation Failure) [PSYoungGen: 53120K->1376K(53760K)] 348285K->296541K(744960K), 0.0018298 secs] [Times: user=0.01 sys=0.00, real=0.00 secs] 
2032.371: [GC (Allocation Failure) [PSYoungGen: 53088K->1440K(53760K)] 348253K->296605K(744960K), 0.0018836 secs] [Times: user=0.00 sys=0.00, real=0.00 secs] 
2032.586: [GC (Allocation Failure) [PSYoungGen: 53152K->1376K(53760K)] 348317K->296541K(744960K), 0.0018180 secs] [Times: user=0.01 sys=0.00, real=0.00 secs] 
2032.801: [GC (Allocation Failure) [PSYoungGen: 53088K->1408K(53760K)] 348253K->296573K(744960K), 0.0020517 secs] [Times: user=0.01 sys=0.00, real=0.00 secs] 
2034.373: [GC (Allocation Failure) [PSYoungGen: 53120K->1920K(53760K)] 348285K->297597K(744960K), 0.0040266 secs] [Times: user=0.01 sys=0.00, real=0.01 secs] 
2035.220: [GC (Allocation Failure) [PSYoungGen: 53632K->1376K(53760K)] 349309K->297053K(744960K), 0.0025655 secs] [Times: user=0.01 sys=0.00, real=0.00 secs] 
2035.769: [GC (Allocation Failure) [PSYoungGen: 53088K->1376K(53760K)] 348765K->297053K(744960K), 0.0027106 secs] [Times: user=0.01 sys=0.00, real=0.00 secs] 
2036.315: [GC (Allocation Failure) [PSYoungGen: 53088K->1408K(53760K)] 348765K->297085K(744960K), 0.0026186 secs] [Times: user=0.01 sys=0.00, real=0.00 secs] 
2036.903: [GC (Allocation Failure) [PSYoungGen: 53120K->1376K(53760K)] 348797K->297053K(744960K), 0.0045971 secs] [Times: user=0.02 sys=0.00, real=0.00 secs] 
2037.583: [GC (Allocation Failure) [PSYoungGen: 53088K->1376K(53760K)] 348765K->297053K(744960K), 0.0033032 secs] [Times: user=0.01 sys=0.00, real=0.00 secs] 
2038.676: [GC (Allocation Failure) [PSYoungGen: 53088K->1408K(53760K)] 348765K->297085K(744960K), 0.0018855 secs] [Times: user=0.01 sys=0.00, real=0.00 secs] 
2039.105: [GC (Allocation Failure) [PSYoungGen: 53120K->1344K(53760K)] 348797K->297021K(744960K), 0.0018866 secs] [Times: user=0.00 sys=0.00, real=0.00 secs] 
2039.546: [GC (Allocation Failure) [PSYoungGen: 53056K->1376K(53760K)] 348733K->297053K(744960K), 0.0018936 secs] [Times: user=0.00 sys=0.00, real=0.00 secs] 
2039.999: [GC (Allocation Failure) [PSYoungGen: 53088K->1376K(53760K)] 348765K->297053K(744960K), 0.0027602 secs] [Times: user=0.02 sys=0.00, real=0.00 secs] 
2040.226: [GC (Allocation Failure) [PSYoungGen: 53088K->1408K(53760K)] 348765K->297109K(744960K), 0.0018891 secs] [Times: user=0.01 sys=0.00, real=0.00 secs] 
2040.451: [GC (Allocation Failure) [PSYoungGen: 53120K->1392K(53760K)] 348821K->297093K(744960K), 0.0020654 secs] [Times: user=0.01 sys=0.00, real=0.01 secs] 
2042.189: [GC (Allocation Failure) [PSYoungGen: 53104K->1408K(53760K)] 348805K->297109K(744960K), 0.0045882 secs] [Times: user=0.02 sys=0.00, real=0.01 secs] 
2043.297: [GC (Allocation Failure) [PSYoungGen: 53120K->1344K(53760K)] 348821K->297045K(744960K), 0.0042344 secs] [Times: user=0.02 sys=0.00, real=0.00 secs] 
2044.431: [GC (Allocation Failure) [PSYoungGen: 53056K->1408K(53248K)] 348757K->297109K(744448K), 0.0045739 secs] [Times: user=0.01 sys=0.00, real=0.01 secs] 
2044.969: [GC (Allocation Failure) [PSYoungGen: 53120K->1376K(53248K)] 348821K->297077K(744448K), 0.0032428 secs] [Times: user=0.01 sys=0.00, real=0.00 secs] 
2045.462: [GC (Allocation Failure) [PSYoungGen: 53088K->352K(52736K)] 348789K->297077K(743936K), 0.0033983 secs] [Times: user=0.01 sys=0.00, real=0.01 secs] 
2046.239: [GC (Allocation Failure) [PSYoungGen: 52064K->1373K(53760K)] 348789K->298099K(744960K), 0.0014672 secs] [Times: user=0.01 sys=0.00, real=0.00 secs] 
2047.338: [GC (Allocation Failure) [PSYoungGen: 53085K->1408K(53760K)] 349811K->298133K(744960K), 0.0032248 secs] [Times: user=0.02 sys=0.00, real=0.00 secs] 
2048.536: [GC (Allocation Failure) [PSYoungGen: 53120K->1408K(53760K)] 349845K->298133K(744960K), 0.0042368 secs] [Times: user=0.02 sys=0.00, real=0.00 secs] 
2049.619: [GC (Allocation Failure) [PSYoungGen: 53120K->1408K(53760K)] 349845K->298133K(744960K), 0.0042228 secs] [Times: user=0.02 sys=0.00, real=0.01 secs] 
2050.106: [GC (Allocation Failure) [PSYoungGen: 53120K->1376K(53760K)] 349845K->298101K(744960K), 0.0026312 secs] [Times: user=0.01 sys=0.00, real=0.00 secs] 
2050.563: [GC (Allocation Failure) [PSYoungGen: 53088K->1376K(53760K)] 349813K->298101K(744960K), 0.0024280 secs] [Times: user=0.01 sys=0.00, real=0.00 secs] 
2051.493: [GC (Allocation Failure) [PSYoungGen: 53088K->1568K(53760K)] 349813K->298294K(744960K), 0.0017179 secs] [Times: user=0.01 sys=0.00, real=0.01 secs] 
2052.062: [GC (Allocation Failure) [PSYoungGen: 53280K->1408K(53760K)] 350006K->298133K(744960K), 0.0017371 secs] [Times: user=0.01 sys=0.00, real=0.01 secs] 
2052.724: [GC (Allocation Failure) [PSYoungGen: 53120K->1408K(53760K)] 349845K->298133K(744960K), 0.0018113 secs] [Times: user=0.01 sys=0.00, real=0.00 secs] 
2053.185: [GC (Allocation Failure) [PSYoungGen: 53120K->1376K(53760K)] 349845K->298101K(744960K), 0.0018968 secs] [Times: user=0.01 sys=0.00, real=0.00 secs] 
2053.900: [GC (Allocation Failure) [PSYoungGen: 53088K->1376K(53760K)] 349813K->298117K(744960K), 0.0039416 secs] [Times: user=0.02 sys=0.00, real=0.01 secs] 
2054.736: [GC (Allocation Failure) [PSYoungGen: 53088K->1408K(53760K)] 349829K->298149K(744960K), 0.0039444 secs] [Times: user=0.02 sys=0.00, real=0.00 secs] 
2055.916: [GC (Allocation Failure) [PSYoungGen: 53120K->1440K(53760K)] 349861K->298181K(744960K), 0.0017294 secs] [Times: user=0.01 sys=0.00, real=0.00 secs] 
2056.389: [GC (Allocation Failure) [PSYoungGen: 53152K->1344K(53760K)] 349893K->298085K(744960K), 0.0018767 secs] [Times: user=0.01 sys=0.00, real=0.00 secs] 
2056.912: [GC (Allocation Failure) [PSYoungGen: 53056K->1376K(53760K)] 349797K->298117K(744960K), 0.0022131 secs] [Times: user=0.00 sys=0.00, real=0.01 secs] 
2057.815: [GC (Allocation Failure) [PSYoungGen: 53088K->1408K(53760K)] 349829K->298149K(744960K), 0.0069564 secs] [Times: user=0.03 sys=0.00, real=0.00 secs] 
2058.478: [GC (Allocation Failure) [PSYoungGen: 53120K->1376K(53760K)] 349861K->298133K(744960K), 0.0039335 secs] [Times: user=0.02 sys=0.00, real=0.00 secs] 
2059.119: [GC (Allocation Failure) [PSYoungGen: 53088K->1344K(53248K)] 349845K->298109K(744448K), 0.0039799 secs] [Times: user=0.02 sys=0.00, real=0.00 secs] 
2059.943: [GC (Allocation Failure) [PSYoungGen: 53056K->1440K(53248K)] 349821K->298213K(744448K), 0.0017724 secs] [Times: user=0.01 sys=0.00, real=0.01 secs] 
2060.157: [GC (Allocation Failure) [PSYoungGen: 53152K->1408K(53248K)] 349925K->298181K(744448K), 0.0018506 secs] [Times: user=0.01 sys=0.00, real=0.00 secs] 
2060.373: [GC (Allocation Failure) [PSYoungGen: 53120K->1376K(53248K)] 349893K->298149K(744448K), 0.0018416 secs] [Times: user=0.00 sys=0.00, real=0.01 secs] 
2060.588: [GC (Allocation Failure) [PSYoungGen: 53088K->352K(52736K)] 349861K->298149K(743936K), 0.0018752 secs] [Times: user=0.00 sys=0.00, real=0.00 secs] 
2060.802: [GC (Allocation Failure) [PSYoungGen: 52064K->320K(53760K)] 349861K->298133K(744960K), 0.0017786 secs] [Times: user=0.00 sys=0.00, real=0.01 secs] 
2061.165: [GC (Allocation Failure) [PSYoungGen: 52032K->1360K(53760K)] 349845K->299174K(744960K), 0.0015414 secs] [Times: user=0.01 sys=0.00, real=0.00 secs] 
2061.710: [GC (Allocation Failure) [PSYoungGen: 53072K->1376K(53760K)] 350886K->299190K(744960K), 0.0018258 secs] [Times: user=0.01 sys=0.00, real=0.00 secs] 
2061.925: [GC (Allocation Failure) [PSYoungGen: 53088K->1376K(53760K)] 350902K->299190K(744960K), 0.0017986 secs] [Times: user=0.01 sys=0.00, real=0.00 secs] 
2062.140: [GC (Allocation Failure) [PSYoungGen: 53088K->1344K(53760K)] 350902K->299158K(744960K), 0.0017755 secs] [Times: user=0.01 sys=0.00, real=0.00 secs] 
2062.371: [GC (Allocation Failure) [PSYoungGen: 53056K->1344K(53760K)] 350870K->299158K(744960K), 0.0018635 secs] [Times: user=0.01 sys=0.00, real=0.01 secs] 
2062.586: [GC (Allocation Failure) [PSYoungGen: 53056K->1408K(53760K)] 350870K->299222K(744960K), 0.0017892 secs] [Times: user=0.00 sys=0.00, real=0.00 secs] 
2063.276: [GC (Allocation Failure) [PSYoungGen: 53120K->160K(53760K)] 350934K->297973K(744960K), 0.0014306 secs] [Times: user=0.00 sys=0.00, real=0.00 secs] 
2063.698: [GC (Allocation Failure) [PSYoungGen: 51872K->1408K(53760K)] 349685K->299222K(744960K), 0.0017037 secs] [Times: user=0.01 sys=0.00, real=0.00 secs] 
2064.115: [GC (Allocation Failure) [PSYoungGen: 53120K->1376K(53760K)] 350934K->299190K(744960K), 0.0036871 secs] [Times: user=0.02 sys=0.00, real=0.00 secs] 
2064.530: [GC (Allocation Failure) [PSYoungGen: 53088K->1424K(53760K)] 350902K->299238K(744960K), 0.0032784 secs] [Times: user=0.01 sys=0.00, real=0.01 secs] 
2064.916: [GC (Allocation Failure) [PSYoungGen: 53136K->1408K(53760K)] 350950K->299230K(744960K), 0.0021838 secs] [Times: user=0.01 sys=0.00, real=0.00 secs] 
2065.239: [GC (Allocation Failure) [PSYoungGen: 53120K->1376K(53760K)] 350942K->299198K(744960K), 0.0021134 secs] [Times: user=0.00 sys=0.00, real=0.00 secs] 
2066.100: [GC (Allocation Failure) [PSYoungGen: 53088K->1456K(53760K)] 350910K->299278K(744960K), 0.0017305 secs] [Times: user=0.01 sys=0.00, real=0.00 secs] 
2066.629: [GC (Allocation Failure) [PSYoungGen: 53168K->1408K(53760K)] 350990K->299230K(744960K), 0.0020037 secs] [Times: user=0.01 sys=0.00, real=0.00 secs] 
2067.102: [GC (Allocation Failure) [PSYoungGen: 53120K->1376K(53760K)] 350942K->299198K(744960K), 0.0037767 secs] [Times: user=0.02 sys=0.01, real=0.01 secs] 
2067.480: [GC (Allocation Failure) [PSYoungGen: 53088K->1424K(53760K)] 350910K->299246K(744960K), 0.0022383 secs] [Times: user=0.01 sys=0.00, real=0.00 secs] 
2067.737: [GC (Allocation Failure) [PSYoungGen: 53136K->1408K(53760K)] 350958K->299254K(744960K), 0.0017880 secs] [Times: user=0.00 sys=0.01, real=0.00 secs] 
2067.951: [GC (Allocation Failure) [PSYoungGen: 53120K->1376K(53760K)] 350966K->299222K(744960K), 0.0019098 secs] [Times: user=0.01 sys=0.00, real=0.01 secs] 
2068.770: [GC (Allocation Failure) [PSYoungGen: 53088K->1408K(53760K)] 350934K->299254K(744960K), 0.0019373 secs] [Times: user=0.01 sys=0.00, real=0.00 secs] 
2069.200: [GC (Allocation Failure) [PSYoungGen: 53120K->1376K(53760K)] 350966K->299222K(744960K), 0.0038499 secs] [Times: user=0.01 sys=0.00, real=0.01 secs] 
2069.669: [GC (Allocation Failure) [PSYoungGen: 53088K->1344K(53760K)] 350934K->299190K(744960K), 0.0024429 secs] [Times: user=0.01 sys=0.00, real=0.00 secs] 
2070.099: [GC (Allocation Failure) [PSYoungGen: 53056K->1376K(53760K)] 350902K->299222K(744960K), 0.0025827 secs] [Times: user=0.01 sys=0.01, real=0.00 secs] 
2070.500: [GC (Allocation Failure) [PSYoungGen: 53088K->1376K(53760K)] 350934K->299222K(744960K), 0.0026787 secs] [Times: user=0.01 sys=0.00, real=0.00 secs] 
2070.893: [GC (Allocation Failure) [PSYoungGen: 53088K->1341K(53760K)] 350934K->299187K(744960K), 0.0019157 secs] [Times: user=0.00 sys=0.00, real=0.01 secs] 
2071.890: [GC (Allocation Failure) [PSYoungGen: 53053K->1488K(53760K)] 350899K->299334K(744960K), 0.0023455 secs] [Times: user=0.01 sys=0.00, real=0.00 secs] 
2072.437: [GC (Allocation Failure) [PSYoungGen: 53200K->1408K(53760K)] 351046K->299254K(744960K), 0.0023590 secs] [Times: user=0.01 sys=0.00, real=0.00 secs] 
2073.105: [GC (Allocation Failure) [PSYoungGen: 53120K->1408K(53760K)] 350966K->299254K(744960K), 0.0037202 secs] [Times: user=0.01 sys=0.00, real=0.00 secs] 
2073.664: [GC (Allocation Failure) [PSYoungGen: 53120K->1408K(53760K)] 350966K->299254K(744960K), 0.0031265 secs] [Times: user=0.01 sys=0.00, real=0.00 secs] 
2074.185: [GC (Allocation Failure) [PSYoungGen: 53120K->1440K(53760K)] 350966K->299286K(744960K), 0.0031219 secs] [Times: user=0.02 sys=0.00, real=0.00 secs] 
2075.045: [GC (Allocation Failure) [PSYoungGen: 53152K->1341K(53760K)] 350998K->299187K(744960K), 0.0014513 secs] [Times: user=0.00 sys=0.00, real=0.00 secs] 
2075.766: [GC (Allocation Failure) [PSYoungGen: 53053K->1408K(53760K)] 350899K->299254K(744960K), 0.0020642 secs] [Times: user=0.01 sys=0.00, real=0.00 secs] 
2076.261: [GC (Allocation Failure) [PSYoungGen: 53120K->1440K(53760K)] 350966K->299286K(744960K), 0.0028909 secs] [Times: user=0.01 sys=0.00, real=0.01 secs] 
2076.653: [GC (Allocation Failure) [PSYoungGen: 53152K->1344K(53760K)] 350998K->299190K(744960K), 0.0022049 secs] [Times: user=0.01 sys=0.00, real=0.01 secs] 
2077.044: [GC (Allocation Failure) [PSYoungGen: 53056K->1408K(53760K)] 350902K->299254K(744960K), 0.0030838 secs] [Times: user=0.01 sys=0.00, real=0.00 secs] 
2077.412: [GC (Allocation Failure) [PSYoungGen: 53120K->1424K(53760K)] 350966K->299270K(744960K), 0.0026260 secs] [Times: user=0.01 sys=0.00, real=0.01 secs] 
2078.241: [GC (Allocation Failure) [PSYoungGen: 53136K->1440K(53760K)] 350982K->299286K(744960K), 0.0018657 secs] [Times: user=0.01 sys=0.00, real=0.01 secs] 
2078.727: [GC (Allocation Failure) [PSYoungGen: 53152K->1344K(53760K)] 350998K->299190K(744960K), 0.0018472 secs] [Times: user=0.01 sys=0.00, real=0.00 secs] 
2079.132: [GC (Allocation Failure) [PSYoungGen: 53056K->1456K(53760K)] 350902K->299302K(744960K), 0.0025611 secs] [Times: user=0.02 sys=0.00, real=0.01 secs] 
2079.508: [GC (Allocation Failure) [PSYoungGen: 53168K->1376K(53760K)] 351014K->299222K(744960K), 0.0024102 secs] [Times: user=0.01 sys=0.00, real=0.00 secs] 
2080.006: [GC (Allocation Failure) [PSYoungGen: 53088K->1344K(53760K)] 350934K->299206K(744960K), 0.0020626 secs] [Times: user=0.01 sys=0.00, real=0.00 secs] 
2080.528: [GC (Allocation Failure) [PSYoungGen: 53056K->1344K(53760K)] 350918K->299206K(744960K), 0.0037643 secs] [Times: user=0.02 sys=0.00, real=0.00 secs] 
2081.844: [GC (Allocation Failure) [PSYoungGen: 53056K->1472K(53760K)] 350918K->299334K(744960K), 0.0023572 secs] [Times: user=0.01 sys=0.00, real=0.00 secs] 
2082.599: [GC (Allocation Failure) [PSYoungGen: 53184K->1408K(53760K)] 351046K->299270K(744960K), 0.0031889 secs] [Times: user=0.01 sys=0.00, real=0.00 secs] 
2083.051: [GC (Allocation Failure) [PSYoungGen: 53120K->1392K(53248K)] 350982K->299254K(744448K), 0.0025410 secs] [Times: user=0.01 sys=0.00, real=0.01 secs] 
2083.481: [GC (Allocation Failure) [PSYoungGen: 53104K->1376K(53248K)] 350966K->299238K(744448K), 0.0022034 secs] [Times: user=0.01 sys=0.00, real=0.01 secs] 
2083.937: [GC (Allocation Failure) [PSYoungGen: 53088K->1408K(53248K)] 350950K->299270K(744448K), 0.0024565 secs] [Times: user=0.01 sys=0.00, real=0.00 secs] 
2084.213: [GC (Allocation Failure) [PSYoungGen: 53120K->1456K(53248K)] 350982K->299318K(744448K), 0.0019703 secs] [Times: user=0.01 sys=0.00, real=0.00 secs] 
2084.915: [GC (Allocation Failure) [PSYoungGen: 53168K->1424K(53248K)] 351030K->299286K(744448K), 0.0017528 secs] [Times: user=0.01 sys=0.00, real=0.00 secs] 
2085.145: [GC (Allocation Failure) [PSYoungGen: 53136K->1376K(53248K)] 350998K->299238K(744448K), 0.0018167 secs] [Times: user=0.01 sys=0.00, real=0.00 secs] 
2085.399: [GC (Allocation Failure) [PSYoungGen: 53088K->1408K(53248K)] 350950K->299270K(744448K), 0.0018178 secs] [Times: user=0.01 sys=0.00, real=0.00 secs] 
2085.646: [GC (Allocation Failure) [PSYoungGen: 53120K->1392K(53248K)] 350982K->299254K(744448K), 0.0018735 secs] [Times: user=0.01 sys=0.00, real=0.00 secs] 
2085.861: [GC (Allocation Failure) [PSYoungGen: 53104K->1344K(53248K)] 350966K->299206K(744448K), 0.0018323 secs] [Times: user=0.01 sys=0.00, real=0.01 secs] 
2086.365: [GC (Allocation Failure) [PSYoungGen: 53056K->1373K(53248K)] 350918K->299235K(744448K), 0.0015008 secs] [Times: user=0.01 sys=0.00, real=0.00 secs] 
2087.090: [GC (Allocation Failure) [PSYoungGen: 53085K->1408K(53248K)] 350947K->299270K(744448K), 0.0020000 secs] [Times: user=0.01 sys=0.00, real=0.00 secs] 
2087.512: [GC (Allocation Failure) [PSYoungGen: 53120K->1376K(53248K)] 350982K->299238K(744448K), 0.0021119 secs] [Times: user=0.00 sys=0.00, real=0.01 secs] 
2087.983: [GC (Allocation Failure) [PSYoungGen: 53088K->1408K(53248K)] 350950K->299270K(744448K), 0.0024200 secs] [Times: user=0.00 sys=0.00, real=0.00 secs] 
2088.468: [GC (Allocation Failure) [PSYoungGen: 53120K->1344K(53248K)] 350982K->299238K(744448K), 0.0023607 secs] [Times: user=0.01 sys=0.00, real=0.00 secs] 
2089.064: [GC (Allocation Failure) [PSYoungGen: 53056K->1360K(53248K)] 350950K->299254K(744448K), 0.0027785 secs] [Times: user=0.01 sys=0.00, real=0.00 secs] 
2090.556: [GC (Allocation Failure) [PSYoungGen: 53072K->1376K(53248K)] 350966K->300294K(744448K), 0.0038777 secs] [Times: user=0.01 sys=0.00, real=0.00 secs] 
2092.672: [GC (Allocation Failure) [PSYoungGen: 53088K->384K(53248K)] 352006K->299302K(744448K), 0.0034431 secs] [Times: user=0.01 sys=0.00, real=0.01 secs] 
2093.046: [GC (Allocation Failure) [PSYoungGen: 52096K->352K(53760K)] 351014K->299270K(744960K), 0.0026120 secs] [Times: user=0.01 sys=0.00, real=0.00 secs] 
2093.468: [GC (Allocation Failure) [PSYoungGen: 52064K->320K(53760K)] 350982K->299238K(744960K), 0.0021742 secs] [Times: user=0.00 sys=0.00, real=0.00 secs] 
2093.855: [GC (Allocation Failure) [PSYoungGen: 52032K->288K(53760K)] 350950K->299214K(744960K), 0.0018509 secs] [Times: user=0.00 sys=0.00, real=0.00 secs] 
2094.258: [GC (Allocation Failure) [PSYoungGen: 52000K->320K(53760K)] 350926K->299246K(744960K), 0.0021899 secs] [Times: user=0.01 sys=0.00, real=0.00 secs] 
2095.415: [GC (Allocation Failure) [PSYoungGen: 52032K->1408K(53760K)] 350958K->300334K(744960K), 0.0020298 secs] [Times: user=0.01 sys=0.00, real=0.00 secs] 
2096.037: [GC (Allocation Failure) [PSYoungGen: 53120K->1408K(53760K)] 352046K->300334K(744960K), 0.0021874 secs] [Times: user=0.01 sys=0.00, real=0.00 secs] 
2096.544: [GC (Allocation Failure) [PSYoungGen: 53120K->1376K(54272K)] 352046K->300302K(745472K), 0.0022642 secs] [Times: user=0.01 sys=0.00, real=0.00 secs] 
2097.197: [GC (Allocation Failure) [PSYoungGen: 53088K->1408K(54272K)] 352014K->300334K(745472K), 0.0021808 secs] [Times: user=0.01 sys=0.00, real=0.00 secs] 
2097.797: [GC (Allocation Failure) [PSYoungGen: 53120K->1408K(54272K)] 352046K->300334K(745472K), 0.0026805 secs] [Times: user=0.01 sys=0.00, real=0.00 secs] 
2098.368: [GC (Allocation Failure) [PSYoungGen: 53120K->1376K(54272K)] 352046K->300302K(745472K), 0.0033565 secs] [Times: user=0.01 sys=0.00, real=0.00 secs] 
2099.306: [GC (Allocation Failure) [PSYoungGen: 53088K->1440K(54272K)] 352014K->300366K(745472K), 0.0019074 secs] [Times: user=0.01 sys=0.00, real=0.00 secs] 
2099.522: [GC (Allocation Failure) [PSYoungGen: 53152K->1376K(54272K)] 352078K->300302K(745472K), 0.0018912 secs] [Times: user=0.01 sys=0.00, real=0.01 secs] 
2099.737: [GC (Allocation Failure) [PSYoungGen: 53088K->1376K(54272K)] 352014K->300302K(745472K), 0.0018874 secs] [Times: user=0.01 sys=0.00, real=0.00 secs] 
2100.141: [GC (Allocation Failure) [PSYoungGen: 53088K->1344K(53248K)] 352014K->300270K(744448K), 0.0020600 secs] [Times: user=0.01 sys=0.00, real=0.01 secs] 
2100.607: [GC (Allocation Failure) [PSYoungGen: 53056K->1344K(53760K)] 351982K->300310K(744960K), 0.0018945 secs] [Times: user=0.00 sys=0.00, real=0.00 secs] 
2101.293: [GC (Allocation Failure) [PSYoungGen: 53056K->1405K(53760K)] 352022K->300371K(744960K), 0.0015040 secs] [Times: user=0.00 sys=0.00, real=0.00 secs] 
2101.868: [GC (Allocation Failure) [PSYoungGen: 53117K->1440K(53760K)] 352083K->300406K(744960K), 0.0018731 secs] [Times: user=0.01 sys=0.00, real=0.00 secs] 
2102.086: [GC (Allocation Failure) [PSYoungGen: 53152K->1376K(53760K)] 352118K->300342K(744960K), 0.0018118 secs] [Times: user=0.00 sys=0.01, real=0.00 secs] 
2102.344: [GC (Allocation Failure) [PSYoungGen: 53088K->1408K(53760K)] 352054K->300374K(744960K), 0.0020118 secs] [Times: user=0.01 sys=0.00, real=0.00 secs] 
2102.708: [GC (Allocation Failure) [PSYoungGen: 53120K->1344K(53760K)] 352086K->300310K(744960K), 0.0022120 secs] [Times: user=0.01 sys=0.00, real=0.00 secs] 
2103.102: [GC (Allocation Failure) [PSYoungGen: 53056K->1376K(53760K)] 352022K->300342K(744960K), 0.0021867 secs] [Times: user=0.01 sys=0.00, real=0.01 secs] 
2104.177: [GC (Allocation Failure) [PSYoungGen: 53088K->1568K(53760K)] 352054K->300534K(744960K), 0.0017907 secs] [Times: user=0.00 sys=0.00, real=0.00 secs] 
2104.823: [GC (Allocation Failure) [PSYoungGen: 53280K->1392K(53760K)] 352246K->300358K(744960K), 0.0031188 secs] [Times: user=0.01 sys=0.00, real=0.01 secs] 
2105.321: [GC (Allocation Failure) [PSYoungGen: 53104K->1360K(53760K)] 352070K->300326K(744960K), 0.0026511 secs] [Times: user=0.01 sys=0.00, real=0.01 secs] 
2105.850: [GC (Allocation Failure) [PSYoungGen: 53072K->1376K(53760K)] 352038K->300342K(744960K), 0.0026142 secs] [Times: user=0.01 sys=0.00, real=0.00 secs] 
2106.413: [GC (Allocation Failure) [PSYoungGen: 53088K->1344K(53760K)] 352054K->300310K(744960K), 0.0036894 secs] [Times: user=0.02 sys=0.00, real=0.01 secs] 
2106.972: [GC (Allocation Failure) [PSYoungGen: 53056K->1376K(53760K)] 352022K->300342K(744960K), 0.0038940 secs] [Times: user=0.02 sys=0.00, real=0.01 secs] 
2107.956: [GC (Allocation Failure) [PSYoungGen: 53088K->1440K(53760K)] 352054K->300406K(744960K), 0.0019743 secs] [Times: user=0.01 sys=0.00, real=0.00 secs] 
2108.209: [GC (Allocation Failure) [PSYoungGen: 53152K->1408K(53760K)] 352118K->300374K(744960K), 0.0018981 secs] [Times: user=0.01 sys=0.00, real=0.00 secs] 
2108.462: [GC (Allocation Failure) [PSYoungGen: 53120K->1344K(53760K)] 352086K->300310K(744960K), 0.0020772 secs] [Times: user=0.01 sys=0.00, real=0.01 secs] 
2108.820: [GC (Allocation Failure) [PSYoungGen: 53056K->1376K(53760K)] 352022K->300342K(744960K), 0.0020386 secs] [Times: user=0.01 sys=0.00, real=0.00 secs] 
2109.258: [GC (Allocation Failure) [PSYoungGen: 53088K->1392K(53760K)] 352054K->300382K(744960K), 0.0022176 secs] [Times: user=0.01 sys=0.00, real=0.00 secs] 
2109.621: [GC (Allocation Failure) [PSYoungGen: 53104K->1344K(53760K)] 352094K->300334K(744960K), 0.0021593 secs] [Times: user=0.01 sys=0.00, real=0.01 secs] 
2110.619: [GC (Allocation Failure) [PSYoungGen: 53056K->1408K(53760K)] 352046K->300398K(744960K), 0.0019558 secs] [Times: user=0.00 sys=0.00, real=0.00 secs] 
2111.278: [GC (Allocation Failure) [PSYoungGen: 53120K->1376K(53760K)] 352110K->300366K(744960K), 0.0021460 secs] [Times: user=0.01 sys=0.00, real=0.00 secs] 
2111.837: [GC (Allocation Failure) [PSYoungGen: 53088K->1456K(53760K)] 352078K->300446K(744960K), 0.0020564 secs] [Times: user=0.00 sys=0.00, real=0.00 secs] 
2112.355: [GC (Allocation Failure) [PSYoungGen: 53168K->1440K(53760K)] 352158K->300438K(744960K), 0.0022391 secs] [Times: user=0.01 sys=0.00, real=0.00 secs] 
2112.890: [GC (Allocation Failure) [PSYoungGen: 53152K->1344K(53760K)] 352150K->300342K(744960K), 0.0027723 secs] [Times: user=0.01 sys=0.00, real=0.00 secs] 
2113.548: [GC (Allocation Failure) [PSYoungGen: 53056K->1405K(53760K)] 352054K->300403K(744960K), 0.0015789 secs] [Times: user=0.01 sys=0.00, real=0.00 secs] 
2114.340: [GC (Allocation Failure) [PSYoungGen: 53117K->1408K(53760K)] 352115K->300406K(744960K), 0.0020518 secs] [Times: user=0.01 sys=0.00, real=0.00 secs] 
2114.868: [GC (Allocation Failure) [PSYoungGen: 53120K->1344K(53760K)] 352118K->300342K(744960K), 0.0021060 secs] [Times: user=0.01 sys=0.00, real=0.00 secs] 
2115.345: [GC (Allocation Failure) [PSYoungGen: 53056K->1376K(53248K)] 352054K->300374K(744448K), 0.0021903 secs] [Times: user=0.01 sys=0.00, real=0.00 secs] 
2115.799: [GC (Allocation Failure) [PSYoungGen: 53088K->1424K(53248K)] 352086K->300422K(744448K), 0.0020251 secs] [Times: user=0.01 sys=0.00, real=0.00 secs] 
2116.303: [GC (Allocation Failure) [PSYoungGen: 53136K->1344K(53248K)] 352134K->300342K(744448K), 0.0021255 secs] [Times: user=0.01 sys=0.00, real=0.00 secs] 
2117.131: [GC (Allocation Failure) [PSYoungGen: 53056K->1405K(53248K)] 352054K->300403K(744448K), 0.0015751 secs] [Times: user=0.01 sys=0.00, real=0.00 secs] 
2117.702: [GC (Allocation Failure) [PSYoungGen: 53117K->1424K(53248K)] 352115K->300422K(744448K), 0.0019694 secs] [Times: user=0.01 sys=0.00, real=0.01 secs] 
2118.136: [GC (Allocation Failure) [PSYoungGen: 53136K->1408K(53248K)] 352134K->300406K(744448K), 0.0018829 secs] [Times: user=0.01 sys=0.00, real=0.00 secs] 
2118.600: [GC (Allocation Failure) [PSYoungGen: 53120K->1376K(53248K)] 352118K->300374K(744448K), 0.0020780 secs] [Times: user=0.00 sys=0.00, real=0.00 secs] 
2119.147: [GC (Allocation Failure) [PSYoungGen: 53088K->1376K(53248K)] 352086K->300374K(744448K), 0.0022847 secs] [Times: user=0.01 sys=0.00, real=0.00 secs] 
2119.646: [GC (Allocation Failure) [PSYoungGen: 53088K->1440K(53248K)] 352086K->300438K(744448K), 0.0022383 secs] [Times: user=0.01 sys=0.01, real=0.00 secs] 
2120.601: [GC (Allocation Failure) [PSYoungGen: 53152K->1408K(53248K)] 352150K->300430K(744448K), 0.0018215 secs] [Times: user=0.00 sys=0.00, real=0.00 secs] 
2121.645: [GC (Allocation Failure) [PSYoungGen: 53120K->1376K(53248K)] 352142K->300398K(744448K), 0.0022539 secs] [Times: user=0.01 sys=0.00, real=0.00 secs] 
2122.703: [GC (Allocation Failure) [PSYoungGen: 53088K->1440K(53248K)] 352110K->300462K(744448K), 0.0039110 secs] [Times: user=0.02 sys=0.01, real=0.01 secs] 
2123.512: [GC (Allocation Failure) [PSYoungGen: 53152K->1408K(53248K)] 352174K->300430K(744448K), 0.0038809 secs] [Times: user=0.02 sys=0.00, real=0.01 secs] 
2124.039: [GC (Allocation Failure) [PSYoungGen: 53120K->1376K(53248K)] 352142K->300398K(744448K), 0.0026302 secs] [Times: user=0.02 sys=0.00, real=0.00 secs] 
2124.455: [GC (Allocation Failure) [PSYoungGen: 53088K->1408K(53248K)] 352110K->300430K(744448K), 0.0027683 secs] [Times: user=0.01 sys=0.00, real=0.00 secs] 
2125.296: [GC (Allocation Failure) [PSYoungGen: 53120K->1408K(53248K)] 352142K->300430K(744448K), 0.0021986 secs] [Times: user=0.00 sys=0.00, real=0.00 secs] 
2125.676: [GC (Allocation Failure) [PSYoungGen: 53120K->1408K(53248K)] 352142K->300430K(744448K), 0.0019304 secs] [Times: user=0.01 sys=0.00, real=0.00 secs] 
2125.891: [GC (Allocation Failure) [PSYoungGen: 53120K->1408K(53248K)] 352142K->300430K(744448K), 0.0018630 secs] [Times: user=0.00 sys=0.00, real=0.01 secs] 
2126.106: [GC (Allocation Failure) [PSYoungGen: 53120K->1376K(53248K)] 352142K->300398K(744448K), 0.0019615 secs] [Times: user=0.01 sys=0.00, real=0.00 secs] 
2126.496: [GC (Allocation Failure) [PSYoungGen: 53088K->1376K(53248K)] 352110K->300398K(744448K), 0.0021583 secs] [Times: user=0.01 sys=0.00, real=0.00 secs] 
2126.908: [GC (Allocation Failure) [PSYoungGen: 53088K->1341K(53248K)] 352110K->300363K(744448K), 0.0021282 secs] [Times: user=0.01 sys=0.00, real=0.00 secs] 
2127.696: [GC (Allocation Failure) [PSYoungGen: 53053K->1408K(53248K)] 352075K->300430K(744448K), 0.0016862 secs] [Times: user=0.00 sys=0.00, real=0.00 secs] 
2128.090: [GC (Allocation Failure) [PSYoungGen: 53120K->1376K(53248K)] 352142K->300398K(744448K), 0.0019070 secs] [Times: user=0.01 sys=0.00, real=0.00 secs] 
2128.444: [GC (Allocation Failure) [PSYoungGen: 53088K->1376K(53248K)] 352110K->300398K(744448K), 0.0018940 secs] [Times: user=0.01 sys=0.00, real=0.00 secs] 
2129.082: [GC (Allocation Failure) [PSYoungGen: 53088K->1376K(53248K)] 352110K->300398K(744448K), 0.0021307 secs] [Times: user=0.00 sys=0.00, real=0.01 secs] 
2129.838: [GC (Allocation Failure) [PSYoungGen: 53088K->1376K(53248K)] 352110K->300430K(744448K), 0.0021431 secs] [Times: user=0.00 sys=0.00, real=0.00 secs] 
2130.821: [GC (Allocation Failure) [PSYoungGen: 53088K->1405K(53248K)] 352142K->300459K(744448K), 0.0014865 secs] [Times: user=0.01 sys=0.00, real=0.00 secs] 
2131.174: [GC (Allocation Failure) [PSYoungGen: 53117K->1408K(53248K)] 352171K->300462K(744448K), 0.0017853 secs] [Times: user=0.01 sys=0.00, real=0.00 secs] 
2131.429: [GC (Allocation Failure) [PSYoungGen: 53120K->1376K(53248K)] 352174K->300430K(744448K), 0.0017643 secs] [Times: user=0.01 sys=0.00, real=0.00 secs] 
2131.658: [GC (Allocation Failure) [PSYoungGen: 53088K->1376K(53248K)] 352142K->300430K(744448K), 0.0017631 secs] [Times: user=0.01 sys=0.00, real=0.00 secs] 
2132.037: [GC (Allocation Failure) [PSYoungGen: 53088K->1408K(53248K)] 352142K->300486K(744448K), 0.0019158 secs] [Times: user=0.01 sys=0.00, real=0.00 secs] 
2132.455: [GC (Allocation Failure) [PSYoungGen: 53120K->1408K(53248K)] 352198K->300486K(744448K), 0.0021435 secs] [Times: user=0.00 sys=0.00, real=0.00 secs] 
2134.330: [GC (Allocation Failure) [PSYoungGen: 53120K->896K(53248K)] 352198K->300998K(744448K), 0.0038354 secs] [Times: user=0.01 sys=0.00, real=0.01 secs] 
2134.801: [GC (Allocation Failure) [PSYoungGen: 52608K->352K(52736K)] 352710K->300454K(743936K), 0.0024975 secs] [Times: user=0.01 sys=0.00, real=0.01 secs] 
2135.221: [GC (Allocation Failure) [PSYoungGen: 51552K->352K(53248K)] 351654K->300454K(744448K), 0.0024739 secs] [Times: user=0.01 sys=0.00, real=0.01 secs] 
2135.528: [GC (Allocation Failure) [PSYoungGen: 51552K->352K(53248K)] 351654K->300454K(744448K), 0.0019654 secs] [Times: user=0.01 sys=0.00, real=0.00 secs] 
2135.774: [GC (Allocation Failure) [PSYoungGen: 51552K->352K(53248K)] 351654K->300454K(744448K), 0.0019484 secs] [Times: user=0.01 sys=0.00, real=0.00 secs] 
2135.987: [GC (Allocation Failure) [PSYoungGen: 51552K->352K(53248K)] 351654K->300454K(744448K), 0.0018014 secs] [Times: user=0.01 sys=0.00, real=0.00 secs] 
2137.498: [GC (Allocation Failure) [PSYoungGen: 51552K->1408K(53248K)] 351654K->301510K(744448K), 0.0044242 secs] [Times: user=0.01 sys=0.00, real=0.00 secs] 
2138.726: [GC (Allocation Failure) [PSYoungGen: 52608K->1408K(52736K)] 352710K->301510K(743936K), 0.0045082 secs] [Times: user=0.01 sys=0.01, real=0.00 secs] 
2139.674: [GC (Allocation Failure) [PSYoungGen: 52096K->1376K(53248K)] 352198K->301478K(744448K), 0.0052859 secs] [Times: user=0.02 sys=0.00, real=0.00 secs] 
2140.134: [GC (Allocation Failure) [PSYoungGen: 52064K->1408K(53248K)] 352166K->301510K(744448K), 0.0031760 secs] [Times: user=0.01 sys=0.00, real=0.00 secs] 
2140.825: [GC (Allocation Failure) [PSYoungGen: 52096K->1408K(53248K)] 352198K->301510K(744448K), 0.0033611 secs] [Times: user=0.01 sys=0.00, real=0.00 secs] 
2141.475: [GC (Allocation Failure) [PSYoungGen: 52096K->1376K(53248K)] 352198K->301478K(744448K), 0.0052395 secs] [Times: user=0.02 sys=0.01, real=0.00 secs] 
2142.505: [GC (Allocation Failure) [PSYoungGen: 52064K->1408K(53248K)] 352166K->301518K(744448K), 0.0018756 secs] [Times: user=0.01 sys=0.00, real=0.00 secs] 
2143.194: [GC (Allocation Failure) [PSYoungGen: 52096K->1376K(53248K)] 352206K->301486K(744448K), 0.0024995 secs] [Times: user=0.01 sys=0.00, real=0.00 secs] 
2143.926: [GC (Allocation Failure) [PSYoungGen: 52064K->1392K(53248K)] 352174K->301502K(744448K), 0.0040914 secs] [Times: user=0.02 sys=0.00, real=0.00 secs] 
2144.751: [GC (Allocation Failure) [PSYoungGen: 52080K->1376K(52224K)] 352190K->301486K(743424K), 0.0041244 secs] [Times: user=0.02 sys=0.00, real=0.01 secs] 
2145.582: [GC (Allocation Failure) [PSYoungGen: 52064K->1456K(52736K)] 352174K->301566K(743936K), 0.0043099 secs] [Times: user=0.02 sys=0.00, real=0.01 secs] 
2146.327: [GC (Allocation Failure) [PSYoungGen: 52144K->1408K(52224K)] 352254K->301518K(743424K), 0.0043417 secs] [Times: user=0.01 sys=0.00, real=0.00 secs] 
2147.194: [GC (Allocation Failure) [PSYoungGen: 52096K->1424K(52736K)] 352206K->301534K(743936K), 0.0017668 secs] [Times: user=0.00 sys=0.00, real=0.00 secs] 
2147.405: [GC (Allocation Failure) [PSYoungGen: 52112K->1392K(52736K)] 352222K->301502K(743936K), 0.0017359 secs] [Times: user=0.01 sys=0.00, real=0.00 secs] 
2147.615: [GC (Allocation Failure) [PSYoungGen: 52080K->1376K(52736K)] 352190K->301486K(743936K), 0.0017466 secs] [Times: user=0.00 sys=0.00, real=0.00 secs] 
2147.825: [GC (Allocation Failure) [PSYoungGen: 52064K->1376K(52736K)] 352174K->301494K(743936K), 0.0017043 secs] [Times: user=0.01 sys=0.00, real=0.00 secs] 
2148.044: [GC (Allocation Failure) [PSYoungGen: 52064K->1376K(52736K)] 352182K->301494K(743936K), 0.0018652 secs] [Times: user=0.01 sys=0.00, real=0.00 secs] 
2148.492: [GC (Allocation Failure) [PSYoungGen: 52064K->1405K(52736K)] 352182K->301523K(743936K), 0.0015998 secs] [Times: user=0.00 sys=0.00, real=0.01 secs] 
2149.681: [GC (Allocation Failure) [PSYoungGen: 52093K->1472K(52736K)] 352211K->301590K(743936K), 0.0038033 secs] [Times: user=0.01 sys=0.00, real=0.01 secs] 
2150.117: [GC (Allocation Failure) [PSYoungGen: 52160K->1376K(52736K)] 352278K->301494K(743936K), 0.0021393 secs] [Times: user=0.01 sys=0.00, real=0.00 secs] 
2150.485: [GC (Allocation Failure) [PSYoungGen: 52064K->1408K(52736K)] 352182K->301526K(743936K), 0.0022095 secs] [Times: user=0.00 sys=0.00, real=0.00 secs] 
2150.936: [GC (Allocation Failure) [PSYoungGen: 52096K->1408K(52736K)] 352214K->301550K(743936K), 0.0021588 secs] [Times: user=0.01 sys=0.00, real=0.00 secs] 
2151.301: [GC (Allocation Failure) [PSYoungGen: 52096K->1376K(52736K)] 352238K->301518K(743936K), 0.0021135 secs] [Times: user=0.01 sys=0.00, real=0.01 secs] 
2151.909: [GC (Allocation Failure) [PSYoungGen: 52064K->1405K(52736K)] 352206K->301547K(743936K), 0.0015370 secs] [Times: user=0.00 sys=0.00, real=0.00 secs] 
2152.853: [GC (Allocation Failure) [PSYoungGen: 52093K->1440K(52736K)] 352235K->301582K(743936K), 0.0023902 secs] [Times: user=0.01 sys=0.00, real=0.00 secs] 
2153.443: [GC (Allocation Failure) [PSYoungGen: 52128K->1376K(52736K)] 352270K->301518K(743936K), 0.0023916 secs] [Times: user=0.01 sys=0.00, real=0.00 secs] 
2154.074: [GC (Allocation Failure) [PSYoungGen: 52064K->1392K(52736K)] 352206K->301534K(743936K), 0.0026282 secs] [Times: user=0.01 sys=0.00, real=0.00 secs] 
2154.700: [GC (Allocation Failure) [PSYoungGen: 52080K->1344K(52736K)] 352222K->301486K(743936K), 0.0027079 secs] [Times: user=0.01 sys=0.00, real=0.00 secs] 
2155.329: [GC (Allocation Failure) [PSYoungGen: 52032K->1424K(52736K)] 352174K->301566K(743936K), 0.0026663 secs] [Times: user=0.01 sys=0.00, real=0.00 secs] 
2156.185: [GC (Allocation Failure) [PSYoungGen: 52112K->1437K(52736K)] 352254K->301579K(743936K), 0.0016126 secs] [Times: user=0.01 sys=0.00, real=0.00 secs] 
2156.815: [GC (Allocation Failure) [PSYoungGen: 52125K->1376K(52736K)] 352267K->301518K(743936K), 0.0017863 secs] [Times: user=0.00 sys=0.00, real=0.00 secs] 
2157.237: [GC (Allocation Failure) [PSYoungGen: 52064K->1376K(52736K)] 352206K->301518K(743936K), 0.0018386 secs] [Times: user=0.01 sys=0.00, real=0.00 secs] 
2157.662: [GC (Allocation Failure) [PSYoungGen: 52064K->1376K(52736K)] 352206K->301518K(743936K), 0.0020837 secs] [Times: user=0.01 sys=0.00, real=0.01 secs] 
2157.922: [GC (Allocation Failure) [PSYoungGen: 52064K->1376K(52736K)] 352206K->301526K(743936K), 0.0020733 secs] [Times: user=0.01 sys=0.00, real=0.01 secs] 
2158.132: [GC (Allocation Failure) [PSYoungGen: 52064K->1376K(52224K)] 352214K->301526K(743424K), 0.0021186 secs] [Times: user=0.01 sys=0.00, real=0.01 secs] 
2159.061: [GC (Allocation Failure) [PSYoungGen: 52064K->1504K(51712K)] 352214K->302182K(742912K), 0.0018685 secs] [Times: user=0.01 sys=0.00, real=0.01 secs] 
2159.557: [GC (Allocation Failure) [PSYoungGen: 51680K->1392K(52224K)] 352358K->302070K(743424K), 0.0019571 secs] [Times: user=0.01 sys=0.00, real=0.00 secs] 
2160.103: [GC (Allocation Failure) [PSYoungGen: 51568K->1360K(52224K)] 352246K->302038K(743424K), 0.0062477 secs] [Times: user=0.03 sys=0.00, real=0.01 secs] 
2161.245: [GC (Allocation Failure) [PSYoungGen: 51536K->1376K(52224K)] 352214K->302070K(743424K), 0.0038968 secs] [Times: user=0.01 sys=0.00, real=0.00 secs] 
2162.000: [GC (Allocation Failure) [PSYoungGen: 51552K->1376K(52224K)] 352246K->302070K(743424K), 0.0040095 secs] [Times: user=0.01 sys=0.00, real=0.01 secs] 
2163.047: [GC (Allocation Failure) [PSYoungGen: 51552K->1376K(52224K)] 352246K->302070K(743424K), 0.0038406 secs] [Times: user=0.02 sys=0.00, real=0.00 secs] 
2164.066: [GC (Allocation Failure) [PSYoungGen: 51552K->1984K(52224K)] 352246K->302678K(743424K), 0.0016502 secs] [Times: user=0.01 sys=0.00, real=0.00 secs] 
2164.509: [GC (Allocation Failure) [PSYoungGen: 52160K->1472K(52224K)] 352854K->302166K(743424K), 0.0020799 secs] [Times: user=0.00 sys=0.00, real=0.00 secs] 
2164.934: [GC (Allocation Failure) [PSYoungGen: 51648K->1456K(52224K)] 352342K->302150K(743424K), 0.0018746 secs] [Times: user=0.01 sys=0.00, real=0.00 secs] 
2165.458: [GC (Allocation Failure) [PSYoungGen: 51632K->1472K(52224K)] 352326K->302166K(743424K), 0.0019478 secs] [Times: user=0.01 sys=0.00, real=0.00 secs] 
2166.059: [GC (Allocation Failure) [PSYoungGen: 51648K->1520K(52224K)] 352342K->302214K(743424K), 0.0020744 secs] [Times: user=0.01 sys=0.00, real=0.00 secs] 
2166.703: [GC (Allocation Failure) [PSYoungGen: 51696K->1440K(52224K)] 352390K->302134K(743424K), 0.0022846 secs] [Times: user=0.01 sys=0.01, real=0.00 secs] 
2167.608: [GC (Allocation Failure) [PSYoungGen: 51616K->1536K(52224K)] 352310K->302230K(743424K), 0.0015804 secs] [Times: user=0.00 sys=0.00, real=0.00 secs] 
2167.922: [GC (Allocation Failure) [PSYoungGen: 51712K->1408K(52224K)] 352406K->302102K(743424K), 0.0019625 secs] [Times: user=0.01 sys=0.00, real=0.01 secs] 
2168.138: [GC (Allocation Failure) [PSYoungGen: 51584K->1440K(52224K)] 352278K->302134K(743424K), 0.0020093 secs] [Times: user=0.00 sys=0.00, real=0.00 secs] 
2168.347: [GC (Allocation Failure) [PSYoungGen: 51616K->1344K(52224K)] 352310K->302110K(743424K), 0.0020124 secs] [Times: user=0.01 sys=0.00, real=0.00 secs] 
2168.739: [GC (Allocation Failure) [PSYoungGen: 51520K->1408K(52224K)] 352286K->302174K(743424K), 0.0021093 secs] [Times: user=0.01 sys=0.00, real=0.00 secs] 
2169.176: [GC (Allocation Failure) [PSYoungGen: 51584K->1392K(52224K)] 352350K->302158K(743424K), 0.0019641 secs] [Times: user=0.00 sys=0.00, real=0.00 secs] 
2170.258: [GC (Allocation Failure) [PSYoungGen: 51568K->1424K(52224K)] 352334K->302190K(743424K), 0.0018519 secs] [Times: user=0.01 sys=0.00, real=0.00 secs] 
2170.932: [GC (Allocation Failure) [PSYoungGen: 51600K->1376K(52224K)] 352366K->302174K(743424K), 0.0043057 secs] [Times: user=0.01 sys=0.00, real=0.01 secs] 
2171.354: [GC (Allocation Failure) [PSYoungGen: 51552K->1376K(52224K)] 352350K->302174K(743424K), 0.0023879 secs] [Times: user=0.01 sys=0.00, real=0.00 secs] 
2171.828: [GC (Allocation Failure) [PSYoungGen: 51552K->1376K(52224K)] 352350K->302174K(743424K), 0.0027633 secs] [Times: user=0.01 sys=0.00, real=0.00 secs] 
2172.285: [GC (Allocation Failure) [PSYoungGen: 51552K->1408K(52224K)] 352350K->302206K(743424K), 0.0032364 secs] [Times: user=0.01 sys=0.00, real=0.00 secs] 
2172.895: [GC (Allocation Failure) [PSYoungGen: 51584K->1392K(52224K)] 352382K->302190K(743424K), 0.0027827 secs] [Times: user=0.01 sys=0.00, real=0.00 secs] 
2173.917: [GC (Allocation Failure) [PSYoungGen: 51568K->1424K(52224K)] 352366K->302222K(743424K), 0.0020972 secs] [Times: user=0.01 sys=0.00, real=0.00 secs] 
2174.236: [GC (Allocation Failure) [PSYoungGen: 51600K->1408K(52224K)] 352398K->302206K(743424K), 0.0021527 secs] [Times: user=0.01 sys=0.00, real=0.00 secs] 
2174.669: [GC (Allocation Failure) [PSYoungGen: 51584K->1424K(52224K)] 352382K->302222K(743424K), 0.0024636 secs] [Times: user=0.01 sys=0.00, real=0.00 secs] 
2175.089: [GC (Allocation Failure) [PSYoungGen: 51600K->1408K(51712K)] 352398K->302214K(742912K), 0.0022743 secs] [Times: user=0.01 sys=0.00, real=0.00 secs] 
2175.553: [GC (Allocation Failure) [PSYoungGen: 51584K->1376K(51712K)] 352390K->302182K(742912K), 0.0021289 secs] [Times: user=0.00 sys=0.00, real=0.01 secs] 
2175.980: [GC (Allocation Failure) [PSYoungGen: 51552K->1376K(51712K)] 352358K->302182K(742912K), 0.0021985 secs] [Times: user=0.01 sys=0.00, real=0.00 secs] 
2176.927: [GC (Allocation Failure) [PSYoungGen: 51552K->1440K(51712K)] 352358K->302246K(742912K), 0.0016985 secs] [Times: user=0.01 sys=0.00, real=0.00 secs] 
2177.323: [GC (Allocation Failure) [PSYoungGen: 51616K->1376K(51712K)] 352422K->302198K(742912K), 0.0020634 secs] [Times: user=0.01 sys=0.00, real=0.01 secs] 
2177.547: [GC (Allocation Failure) [PSYoungGen: 51552K->1344K(51712K)] 352374K->302166K(742912K), 0.0018914 secs] [Times: user=0.01 sys=0.00, real=0.00 secs] 
2177.851: [GC (Allocation Failure) [PSYoungGen: 51520K->1408K(51712K)] 352342K->302230K(742912K), 0.0026101 secs] [Times: user=0.01 sys=0.00, real=0.01 secs] 
2178.065: [GC (Allocation Failure) [PSYoungGen: 51584K->1408K(51712K)] 352406K->302230K(742912K), 0.0027319 secs] [Times: user=0.01 sys=0.00, real=0.00 secs] 
2178.347: [GC (Allocation Failure) [PSYoungGen: 51584K->1408K(51712K)] 352406K->302230K(742912K), 0.0020113 secs] [Times: user=0.01 sys=0.00, real=0.00 secs] 
2179.098: [GC (Allocation Failure) [PSYoungGen: 51584K->1408K(51712K)] 352406K->302254K(742912K), 0.0018500 secs] [Times: user=0.00 sys=0.00, real=0.00 secs] 
2180.480: [GC (Allocation Failure) [PSYoungGen: 51584K->1344K(51712K)] 352430K->302190K(742912K), 0.0026968 secs] [Times: user=0.01 sys=0.00, real=0.00 secs] 
2181.162: [GC (Allocation Failure) [PSYoungGen: 51520K->1376K(51712K)] 352366K->302222K(742912K), 0.0031539 secs] [Times: user=0.02 sys=0.00, real=0.01 secs] 
2181.583: [GC (Allocation Failure) [PSYoungGen: 51552K->1408K(51712K)] 352398K->302254K(742912K), 0.0022174 secs] [Times: user=0.01 sys=0.00, real=0.01 secs] 
2182.001: [GC (Allocation Failure) [PSYoungGen: 51584K->1376K(51712K)] 352430K->302222K(742912K), 0.0023667 secs] [Times: user=0.01 sys=0.00, real=0.01 secs] 
2182.246: [GC (Allocation Failure) [PSYoungGen: 51552K->1392K(51712K)] 352398K->302238K(742912K), 0.0020266 secs] [Times: user=0.01 sys=0.00, real=0.00 secs] 
2183.302: [GC (Allocation Failure) [PSYoungGen: 51568K->1440K(51712K)] 352414K->302286K(742912K), 0.0022419 secs] [Times: user=0.01 sys=0.00, real=0.01 secs] 
2183.756: [GC (Allocation Failure) [PSYoungGen: 51616K->1376K(51712K)] 352462K->302222K(742912K), 0.0020636 secs] [Times: user=0.01 sys=0.00, real=0.00 secs] 
2184.227: [GC (Allocation Failure) [PSYoungGen: 51552K->1376K(51712K)] 352398K->302222K(742912K), 0.0022175 secs] [Times: user=0.01 sys=0.00, real=0.00 secs] 
2184.818: [GC (Allocation Failure) [PSYoungGen: 51552K->1376K(51712K)] 352398K->302222K(742912K), 0.0026022 secs] [Times: user=0.01 sys=0.00, real=0.00 secs] 
2185.393: [GC (Allocation Failure) [PSYoungGen: 51552K->1408K(51712K)] 352398K->302254K(742912K), 0.0026334 secs] [Times: user=0.01 sys=0.00, real=0.01 secs] 
2185.876: [GC (Allocation Failure) [PSYoungGen: 51584K->1408K(51712K)] 352430K->302254K(742912K), 0.0022866 secs] [Times: user=0.00 sys=0.00, real=0.00 secs] 
2186.589: [GC (Allocation Failure) [PSYoungGen: 51584K->1408K(51712K)] 352430K->302254K(742912K), 0.0016873 secs] [Times: user=0.00 sys=0.00, real=0.00 secs] 
2186.797: [GC (Allocation Failure) [PSYoungGen: 51584K->1392K(51712K)] 352430K->302238K(742912K), 0.0018456 secs] [Times: user=0.01 sys=0.00, real=0.00 secs] 
2187.005: [GC (Allocation Failure) [PSYoungGen: 51568K->1344K(51712K)] 352414K->302190K(742912K), 0.0016926 secs] [Times: user=0.01 sys=0.00, real=0.00 secs] 
2187.214: [GC (Allocation Failure) [PSYoungGen: 51520K->1344K(51712K)] 352366K->302190K(742912K), 0.0019253 secs] [Times: user=0.00 sys=0.00, real=0.00 secs] 
2187.422: [GC (Allocation Failure) [PSYoungGen: 51520K->1376K(51712K)] 352366K->302222K(742912K), 0.0021286 secs] [Times: user=0.01 sys=0.00, real=0.01 secs] 
2187.631: [GC (Allocation Failure) [PSYoungGen: 51552K->1408K(51712K)] 352398K->302254K(742912K), 0.0021455 secs] [Times: user=0.01 sys=0.00, real=0.01 secs] 
2188.483: [GC (Allocation Failure) [PSYoungGen: 51584K->1408K(51712K)] 352430K->302254K(742912K), 0.0018842 secs] [Times: user=0.01 sys=0.00, real=0.01 secs] 
2188.906: [GC (Allocation Failure) [PSYoungGen: 51584K->1376K(51712K)] 352430K->302238K(742912K), 0.0020560 secs] [Times: user=0.01 sys=0.00, real=0.00 secs] 
2189.403: [GC (Allocation Failure) [PSYoungGen: 51552K->1408K(51712K)] 352414K->302270K(742912K), 0.0036952 secs] [Times: user=0.01 sys=0.00, real=0.00 secs] 
2189.786: [GC (Allocation Failure) [PSYoungGen: 51584K->1408K(51712K)] 352446K->302270K(742912K), 0.0027226 secs] [Times: user=0.01 sys=0.00, real=0.00 secs] 
2190.119: [GC (Allocation Failure) [PSYoungGen: 51584K->1424K(51712K)] 352446K->302286K(742912K), 0.0021120 secs] [Times: user=0.00 sys=0.00, real=0.00 secs] 
2190.619: [GC (Allocation Failure) [PSYoungGen: 51600K->1405K(51712K)] 352462K->302267K(742912K), 0.0018273 secs] [Times: user=0.01 sys=0.00, real=0.00 secs] 
2191.591: [GC (Allocation Failure) [PSYoungGen: 51581K->1440K(51712K)] 352443K->302302K(742912K), 0.0032610 secs] [Times: user=0.02 sys=0.00, real=0.01 secs] 
2191.987: [GC (Allocation Failure) [PSYoungGen: 51616K->1392K(51712K)] 352478K->302254K(742912K), 0.0026819 secs] [Times: user=0.01 sys=0.00, real=0.00 secs] 
2192.495: [GC (Allocation Failure) [PSYoungGen: 51568K->1408K(51712K)] 352430K->302270K(742912K), 0.0024704 secs] [Times: user=0.01 sys=0.00, real=0.00 secs] 
2193.047: [GC (Allocation Failure) [PSYoungGen: 51584K->1408K(51712K)] 352446K->302270K(742912K), 0.0026061 secs] [Times: user=0.01 sys=0.00, real=0.00 secs] 
2193.621: [GC (Allocation Failure) [PSYoungGen: 51584K->1408K(51712K)] 352446K->302270K(742912K), 0.0031577 secs] [Times: user=0.01 sys=0.00, real=0.01 secs] 
2194.324: [GC (Allocation Failure) [PSYoungGen: 51584K->1421K(51712K)] 352446K->302283K(742912K), 0.0015907 secs] [Times: user=0.00 sys=0.00, real=0.00 secs] 
2194.867: [GC (Allocation Failure) [PSYoungGen: 51597K->1408K(51712K)] 352459K->302270K(742912K), 0.0018557 secs] [Times: user=0.01 sys=0.00, real=0.00 secs] 
2195.076: [GC (Allocation Failure) [PSYoungGen: 51584K->1344K(51712K)] 352446K->302206K(742912K), 0.0018043 secs] [Times: user=0.01 sys=0.00, real=0.00 secs] 
2195.284: [GC (Allocation Failure) [PSYoungGen: 51520K->1408K(51712K)] 352382K->302270K(742912K), 0.0024371 secs] [Times: user=0.01 sys=0.00, real=0.00 secs] 
2195.494: [GC (Allocation Failure) [PSYoungGen: 51584K->1408K(51712K)] 352446K->302270K(742912K), 0.0021441 secs] [Times: user=0.01 sys=0.00, real=0.00 secs] 
2195.703: [GC (Allocation Failure) [PSYoungGen: 51584K->1376K(51712K)] 352446K->302238K(742912K), 0.0023139 secs] [Times: user=0.01 sys=0.00, real=0.01 secs] 
2196.401: [GC (Allocation Failure) [PSYoungGen: 51552K->1389K(51712K)] 352414K->302251K(742912K), 0.0014636 secs] [Times: user=0.00 sys=0.00, real=0.00 secs] 
2197.161: [GC (Allocation Failure) [PSYoungGen: 51565K->1408K(51712K)] 352427K->302270K(742912K), 0.0026344 secs] [Times: user=0.01 sys=0.00, real=0.01 secs] 
2197.378: [GC (Allocation Failure) [PSYoungGen: 51584K->1408K(51712K)] 352446K->302270K(742912K), 0.0020312 secs] [Times: user=0.00 sys=0.00, real=0.00 secs] 
2197.624: [GC (Allocation Failure) [PSYoungGen: 51584K->1344K(51712K)] 352446K->302206K(742912K), 0.0018147 secs] [Times: user=0.01 sys=0.00, real=0.00 secs] 
2197.988: [GC (Allocation Failure) [PSYoungGen: 51520K->1376K(51712K)] 352382K->302238K(742912K), 0.0021554 secs] [Times: user=0.01 sys=0.00, real=0.00 secs] 
2198.437: [GC (Allocation Failure) [PSYoungGen: 51552K->1408K(51712K)] 352414K->302302K(742912K), 0.0033167 secs] [Times: user=0.02 sys=0.00, real=0.00 secs] 
2199.203: [GC (Allocation Failure) [PSYoungGen: 51584K->1405K(51712K)] 352478K->302299K(742912K), 0.0014873 secs] [Times: user=0.01 sys=0.00, real=0.01 secs] 
2199.764: [GC (Allocation Failure) [PSYoungGen: 51581K->1376K(51712K)] 352475K->302270K(742912K), 0.0021760 secs] [Times: user=0.00 sys=0.01, real=0.00 secs] 
2199.979: [GC (Allocation Failure) [PSYoungGen: 51552K->1344K(51712K)] 352446K->302238K(742912K), 0.0020576 secs] [Times: user=0.01 sys=0.00, real=0.00 secs] 
2200.308: [GC (Allocation Failure) [PSYoungGen: 51520K->1344K(51712K)] 352414K->302238K(742912K), 0.0019516 secs] [Times: user=0.00 sys=0.01, real=0.00 secs] 
2200.868: [GC (Allocation Failure) [PSYoungGen: 51520K->1376K(51712K)] 352414K->302270K(742912K), 0.0038796 secs] [Times: user=0.01 sys=0.00, real=0.00 secs] 
2201.343: [GC (Allocation Failure) [PSYoungGen: 51552K->1344K(51712K)] 352446K->302238K(742912K), 0.0032201 secs] [Times: user=0.01 sys=0.00, real=0.01 secs] 
2202.360: [GC (Allocation Failure) [PSYoungGen: 51520K->1437K(51712K)] 352414K->302331K(742912K), 0.0014921 secs] [Times: user=0.00 sys=0.00, real=0.00 secs] 
2202.627: [GC (Allocation Failure) [PSYoungGen: 51613K->1408K(51712K)] 352507K->302302K(742912K), 0.0018081 secs] [Times: user=0.01 sys=0.00, real=0.00 secs] 
2202.836: [GC (Allocation Failure) [PSYoungGen: 51584K->1424K(51712K)] 352478K->302318K(742912K), 0.0018357 secs] [Times: user=0.00 sys=0.00, real=0.00 secs] 
2203.044: [GC (Allocation Failure) [PSYoungGen: 51600K->1376K(51712K)] 352494K->302270K(742912K), 0.0018122 secs] [Times: user=0.01 sys=0.00, real=0.00 secs] 
2203.253: [GC (Allocation Failure) [PSYoungGen: 51552K->1440K(51712K)] 352446K->302334K(742912K), 0.0018038 secs] [Times: user=0.01 sys=0.00, real=0.01 secs] 
2203.496: [GC (Allocation Failure) [PSYoungGen: 51616K->1376K(51712K)] 352510K->302270K(742912K), 0.0018026 secs] [Times: user=0.01 sys=0.00, real=0.00 secs] 
2204.152: [GC (Allocation Failure) [PSYoungGen: 51552K->1504K(51712K)] 352446K->302398K(742912K), 0.0017872 secs] [Times: user=0.01 sys=0.00, real=0.01 secs] 
2204.554: [GC (Allocation Failure) [PSYoungGen: 51680K->1408K(51712K)] 352574K->302302K(742912K), 0.0018629 secs] [Times: user=0.00 sys=0.00, real=0.00 secs] 
2204.976: [GC (Allocation Failure) [PSYoungGen: 51584K->1344K(51712K)] 352478K->302238K(742912K), 0.0020739 secs] [Times: user=0.00 sys=0.00, real=0.00 secs] 
2205.376: [GC (Allocation Failure) [PSYoungGen: 51520K->1344K(51712K)] 352414K->302238K(742912K), 0.0020313 secs] [Times: user=0.01 sys=0.00, real=0.00 secs] 
2205.809: [GC (Allocation Failure) [PSYoungGen: 51520K->1408K(51712K)] 352414K->302302K(742912K), 0.0021467 secs] [Times: user=0.00 sys=0.00, real=0.00 secs] 
2206.284: [GC (Allocation Failure) [PSYoungGen: 51584K->1408K(51712K)] 352478K->302302K(742912K), 0.0020953 secs] [Times: user=0.01 sys=0.00, real=0.00 secs] 
2207.108: [GC (Allocation Failure) [PSYoungGen: 51584K->1504K(51712K)] 352478K->302742K(742912K), 0.0019381 secs] [Times: user=0.00 sys=0.00, real=0.00 secs] 
2207.554: [GC (Allocation Failure) [PSYoungGen: 51680K->1296K(52224K)] 352918K->302534K(743424K), 0.0021753 secs] [Times: user=0.01 sys=0.00, real=0.00 secs] 
2207.982: [GC (Allocation Failure) [PSYoungGen: 51472K->1312K(52224K)] 352710K->302550K(743424K), 0.0020233 secs] [Times: user=0.01 sys=0.00, real=0.01 secs] 
2208.423: [GC (Allocation Failure) [PSYoungGen: 51488K->1280K(52224K)] 352726K->302534K(743424K), 0.0020448 secs] [Times: user=0.01 sys=0.00, real=0.01 secs] 
2209.099: [GC (Allocation Failure) [PSYoungGen: 51456K->1280K(52224K)] 352710K->302542K(743424K), 0.0023288 secs] [Times: user=0.01 sys=0.00, real=0.00 secs] 
2210.035: [GC (Allocation Failure) [PSYoungGen: 51456K->1280K(52224K)] 352718K->302542K(743424K), 0.0043299 secs] [Times: user=0.02 sys=0.00, real=0.00 secs] 
2211.180: [GC (Allocation Failure) [PSYoungGen: 51456K->1904K(52224K)] 352718K->303678K(743424K), 0.0019512 secs] [Times: user=0.01 sys=0.00, real=0.00 secs] 
2211.406: [GC (Allocation Failure) [PSYoungGen: 52080K->1376K(52224K)] 353854K->303150K(743424K), 0.0072862 secs] [Times: user=0.03 sys=0.00, real=0.01 secs] 
2211.657: [GC (Allocation Failure) [PSYoungGen: 51552K->1440K(52224K)] 353326K->303214K(743424K), 0.0018813 secs] [Times: user=0.01 sys=0.00, real=0.00 secs] 
2211.867: [GC (Allocation Failure) [PSYoungGen: 51616K->1392K(51712K)] 353390K->303166K(742912K), 0.0019888 secs] [Times: user=0.01 sys=0.00, real=0.00 secs] 
2212.091: [GC (Allocation Failure) [PSYoungGen: 51568K->1424K(51712K)] 353342K->303198K(742912K), 0.0019679 secs] [Times: user=0.01 sys=0.00, real=0.01 secs] 
2212.666: [GC (Allocation Failure) [PSYoungGen: 51600K->1408K(51712K)] 353374K->303230K(742912K), 0.0019512 secs] [Times: user=0.00 sys=0.00, real=0.00 secs] 
2213.431: [GC (Allocation Failure) [PSYoungGen: 51584K->1408K(51712K)] 353406K->303230K(742912K), 0.0016486 secs] [Times: user=0.01 sys=0.00, real=0.00 secs] 
2213.862: [GC (Allocation Failure) [PSYoungGen: 51584K->1344K(51712K)] 353406K->303166K(742912K), 0.0019693 secs] [Times: user=0.01 sys=0.00, real=0.01 secs] 
2214.290: [GC (Allocation Failure) [PSYoungGen: 51520K->1408K(51712K)] 353342K->303230K(742912K), 0.0022167 secs] [Times: user=0.01 sys=0.00, real=0.00 secs] 
2214.701: [GC (Allocation Failure) [PSYoungGen: 51584K->1344K(51712K)] 353406K->303166K(742912K), 0.0022836 secs] [Times: user=0.01 sys=0.00, real=0.01 secs] 
2215.125: [GC (Allocation Failure) [PSYoungGen: 51520K->1344K(51712K)] 353342K->303166K(742912K), 0.0021598 secs] [Times: user=0.01 sys=0.00, real=0.00 secs] 
2215.550: [GC (Allocation Failure) [PSYoungGen: 51520K->1344K(51712K)] 353342K->303166K(742912K), 0.0033419 secs] [Times: user=0.01 sys=0.00, real=0.01 secs] 
2216.272: [GC (Allocation Failure) [PSYoungGen: 51520K->1424K(51712K)] 353342K->303246K(742912K), 0.0019954 secs] [Times: user=0.01 sys=0.00, real=0.01 secs] 
2216.481: [GC (Allocation Failure) [PSYoungGen: 51600K->1376K(51712K)] 353422K->303198K(742912K), 0.0018094 secs] [Times: user=0.01 sys=0.00, real=0.00 secs] 
2216.689: [GC (Allocation Failure) [PSYoungGen: 51552K->1376K(51712K)] 353374K->303198K(742912K), 0.0020073 secs] [Times: user=0.01 sys=0.00, real=0.00 secs] 
2217.243: [GC (Allocation Failure) [PSYoungGen: 51552K->1360K(52224K)] 353374K->303190K(743424K), 0.0020140 secs] [Times: user=0.00 sys=0.00, real=0.00 secs] 
2217.880: [GC (Allocation Failure) [PSYoungGen: 51536K->1376K(51712K)] 353366K->303206K(742912K), 0.0026494 secs] [Times: user=0.01 sys=0.00, real=0.00 secs] 
2218.441: [GC (Allocation Failure) [PSYoungGen: 51552K->1376K(51712K)] 353382K->303230K(742912K), 0.0021093 secs] [Times: user=0.01 sys=0.00, real=0.01 secs] 
2219.527: [GC (Allocation Failure) [PSYoungGen: 51552K->1344K(51712K)] 353406K->303198K(742912K), 0.0022121 secs] [Times: user=0.01 sys=0.00, real=0.00 secs] 
2220.060: [GC (Allocation Failure) [PSYoungGen: 51520K->1344K(51712K)] 353374K->303198K(742912K), 0.0021731 secs] [Times: user=0.01 sys=0.00, real=0.00 secs] 
2220.629: [GC (Allocation Failure) [PSYoungGen: 51520K->1344K(51712K)] 353374K->303198K(742912K), 0.0023874 secs] [Times: user=0.01 sys=0.00, real=0.00 secs] 
2221.240: [GC (Allocation Failure) [PSYoungGen: 51520K->1376K(51712K)] 353374K->303230K(742912K), 0.0026507 secs] [Times: user=0.01 sys=0.00, real=0.00 secs] 
2221.684: [GC (Allocation Failure) [PSYoungGen: 51552K->1328K(51712K)] 353406K->303182K(742912K), 0.0030621 secs] [Times: user=0.01 sys=0.00, real=0.00 secs] 
2222.192: [GC (Allocation Failure) [PSYoungGen: 51504K->1376K(51712K)] 353358K->303230K(742912K), 0.0026072 secs] [Times: user=0.02 sys=0.00, real=0.01 secs] 
2223.388: [GC (Allocation Failure) [PSYoungGen: 51552K->1440K(51712K)] 353406K->303294K(742912K), 0.0026252 secs] [Times: user=0.01 sys=0.00, real=0.00 secs] 
2223.871: [GC (Allocation Failure) [PSYoungGen: 51616K->1376K(51712K)] 353470K->303230K(742912K), 0.0039887 secs] [Times: user=0.01 sys=0.00, real=0.01 secs] 
2224.270: [GC (Allocation Failure) [PSYoungGen: 51552K->1424K(51712K)] 353406K->303278K(742912K), 0.0026604 secs] [Times: user=0.01 sys=0.00, real=0.00 secs] 
2224.635: [GC (Allocation Failure) [PSYoungGen: 51600K->1344K(51712K)] 353454K->303198K(742912K), 0.0021099 secs] [Times: user=0.00 sys=0.00, real=0.00 secs] 
2225.032: [GC (Allocation Failure) [PSYoungGen: 51520K->1376K(51712K)] 353374K->303230K(742912K), 0.0021503 secs] [Times: user=0.01 sys=0.00, real=0.01 secs] 
2225.427: [GC (Allocation Failure) [PSYoungGen: 51552K->1344K(51712K)] 353406K->303198K(742912K), 0.0021775 secs] [Times: user=0.01 sys=0.00, real=0.00 secs] 
2226.158: [GC (Allocation Failure) [PSYoungGen: 51520K->1440K(51712K)] 353374K->303294K(742912K), 0.0015535 secs] [Times: user=0.00 sys=0.00, real=0.00 secs] 
2226.366: [GC (Allocation Failure) [PSYoungGen: 51616K->1376K(51712K)] 353470K->303230K(742912K), 0.0014990 secs] [Times: user=0.00 sys=0.00, real=0.00 secs] 
2226.574: [GC (Allocation Failure) [PSYoungGen: 51552K->1408K(51712K)] 353406K->303262K(742912K), 0.0014717 secs] [Times: user=0.00 sys=0.00, real=0.00 secs] 
2226.860: [GC (Allocation Failure) [PSYoungGen: 51584K->1408K(51712K)] 353438K->303286K(742912K), 0.0036082 secs] [Times: user=0.01 sys=0.00, real=0.01 secs] 
2227.211: [GC (Allocation Failure) [PSYoungGen: 51584K->1408K(51712K)] 353462K->303286K(742912K), 0.0026193 secs] [Times: user=0.01 sys=0.00, real=0.01 secs] 
2227.549: [GC (Allocation Failure) [PSYoungGen: 51584K->1376K(51712K)] 353462K->303254K(742912K), 0.0026086 secs] [Times: user=0.02 sys=0.00, real=0.00 secs] 
2228.523: [GC (Allocation Failure) [PSYoungGen: 51552K->1408K(51712K)] 353430K->303286K(742912K), 0.0018928 secs] [Times: user=0.01 sys=0.00, real=0.00 secs] 
2229.225: [GC (Allocation Failure) [PSYoungGen: 51584K->1424K(51712K)] 353462K->303318K(742912K), 0.0032044 secs] [Times: user=0.02 sys=0.00, real=0.00 secs] 
2229.943: [GC (Allocation Failure) [PSYoungGen: 51600K->1424K(51712K)] 353494K->303318K(742912K), 0.0034088 secs] [Times: user=0.01 sys=0.00, real=0.01 secs] 
2230.516: [GC (Allocation Failure) [PSYoungGen: 51600K->1456K(51712K)] 353494K->303350K(742912K), 0.0039602 secs] [Times: user=0.01 sys=0.00, real=0.00 secs] 
2231.064: [GC (Allocation Failure) [PSYoungGen: 51632K->1376K(51712K)] 353526K->303270K(742912K), 0.0026049 secs] [Times: user=0.01 sys=0.00, real=0.00 secs] 
2231.779: [GC (Allocation Failure) [PSYoungGen: 51552K->1376K(51712K)] 353446K->303270K(742912K), 0.0043314 secs] [Times: user=0.02 sys=0.00, real=0.01 secs] 
2233.050: [GC (Allocation Failure) [PSYoungGen: 51552K->1472K(51712K)] 353446K->303366K(742912K), 0.0022797 secs] [Times: user=0.01 sys=0.00, real=0.00 secs] 
2234.088: [GC (Allocation Failure) [PSYoungGen: 51648K->1376K(51712K)] 353542K->303270K(742912K), 0.0032445 secs] [Times: user=0.02 sys=0.00, real=0.00 secs] 
2234.737: [GC (Allocation Failure) [PSYoungGen: 51552K->1376K(51712K)] 353446K->303270K(742912K), 0.0033629 secs] [Times: user=0.01 sys=0.00, real=0.00 secs] 
2235.482: [GC (Allocation Failure) [PSYoungGen: 51552K->1408K(51712K)] 353446K->303302K(742912K), 0.0026774 secs] [Times: user=0.01 sys=0.00, real=0.01 secs] 
2236.268: [GC (Allocation Failure) [PSYoungGen: 51584K->1376K(51712K)] 353478K->303270K(742912K), 0.0031555 secs] [Times: user=0.01 sys=0.00, real=0.00 secs] 
2237.123: [GC (Allocation Failure) [PSYoungGen: 51552K->1376K(51712K)] 353446K->303270K(742912K), 0.0041988 secs] [Times: user=0.02 sys=0.01, real=0.01 secs] 
2238.042: [GC (Allocation Failure) [PSYoungGen: 51552K->1472K(51712K)] 353446K->303366K(742912K), 0.0017541 secs] [Times: user=0.01 sys=0.00, real=0.01 secs] 
2238.345: [GC (Allocation Failure) [PSYoungGen: 51648K->1408K(51712K)] 353542K->303302K(742912K), 0.0017262 secs] [Times: user=0.00 sys=0.00, real=0.00 secs] 
2238.728: [GC (Allocation Failure) [PSYoungGen: 51584K->1376K(51712K)] 353478K->303270K(742912K), 0.0020329 secs] [Times: user=0.01 sys=0.00, real=0.00 secs] 
2239.146: [GC (Allocation Failure) [PSYoungGen: 51552K->1408K(51712K)] 353446K->303302K(742912K), 0.0026444 secs] [Times: user=0.01 sys=0.00, real=0.00 secs] 
2239.812: [GC (Allocation Failure) [PSYoungGen: 51584K->1408K(51712K)] 353478K->303302K(742912K), 0.0028184 secs] [Times: user=0.01 sys=0.00, real=0.01 secs] 
2240.487: [GC (Allocation Failure) [PSYoungGen: 51584K->1341K(51712K)] 353478K->303235K(742912K), 0.0022236 secs] [Times: user=0.00 sys=0.00, real=0.00 secs] 
2241.615: [GC (Allocation Failure) [PSYoungGen: 51517K->1440K(51712K)] 353411K->303334K(742912K), 0.0040419 secs] [Times: user=0.02 sys=0.00, real=0.00 secs] 
2242.580: [GC (Allocation Failure) [PSYoungGen: 51616K->1360K(51712K)] 353510K->303254K(742912K), 0.0038390 secs] [Times: user=0.02 sys=0.00, real=0.01 secs] 
2243.017: [GC (Allocation Failure) [PSYoungGen: 51536K->1424K(51712K)] 353430K->303334K(742912K), 0.0041901 secs] [Times: user=0.02 sys=0.00, real=0.00 secs] 
2243.635: [GC (Allocation Failure) [PSYoungGen: 51600K->1376K(51712K)] 353510K->303286K(742912K), 0.0033293 secs] [Times: user=0.01 sys=0.00, real=0.00 secs] 
2244.517: [GC (Allocation Failure) [PSYoungGen: 51552K->1376K(51712K)] 353462K->303286K(742912K), 0.0039709 secs] [Times: user=0.01 sys=0.00, real=0.00 secs] 
2245.495: [GC (Allocation Failure) [PSYoungGen: 51552K->1421K(51712K)] 353462K->303331K(742912K), 0.0019114 secs] [Times: user=0.00 sys=0.00, real=0.00 secs] 
2246.179: [GC (Allocation Failure) [PSYoungGen: 51597K->1488K(51712K)] 353507K->303398K(742912K), 0.0016617 secs] [Times: user=0.00 sys=0.00, real=0.00 secs] 
2246.622: [GC (Allocation Failure) [PSYoungGen: 51664K->1392K(51712K)] 353574K->303302K(742912K), 0.0019945 secs] [Times: user=0.01 sys=0.00, real=0.01 secs] 
2247.079: [GC (Allocation Failure) [PSYoungGen: 51568K->1360K(51712K)] 353478K->303270K(742912K), 0.0032954 secs] [Times: user=0.02 sys=0.00, real=0.00 secs] 
2247.533: [GC (Allocation Failure) [PSYoungGen: 51536K->1376K(51712K)] 353446K->303286K(742912K), 0.0031052 secs] [Times: user=0.01 sys=0.00, real=0.01 secs] 
2247.802: [GC (Allocation Failure) [PSYoungGen: 51552K->1408K(51712K)] 353462K->303318K(742912K), 0.0020901 secs] [Times: user=0.01 sys=0.00, real=0.01 secs] 
2248.295: [GC (Allocation Failure) [PSYoungGen: 51584K->1421K(51712K)] 353494K->303331K(742912K), 0.0016068 secs] [Times: user=0.00 sys=0.00, real=0.00 secs] 
2249.094: [GC (Allocation Failure) [PSYoungGen: 51597K->1408K(51712K)] 353507K->303318K(742912K), 0.0028096 secs] [Times: user=0.02 sys=0.00, real=0.00 secs] 
2249.692: [GC (Allocation Failure) [PSYoungGen: 51584K->1408K(51712K)] 353494K->303318K(742912K), 0.0029770 secs] [Times: user=0.01 sys=0.00, real=0.01 secs] 
2250.331: [GC (Allocation Failure) [PSYoungGen: 51584K->1376K(51712K)] 353494K->303286K(742912K), 0.0045708 secs] [Times: user=0.02 sys=0.00, real=0.01 secs] 
2250.951: [GC (Allocation Failure) [PSYoungGen: 51552K->1408K(51712K)] 353462K->303358K(742912K), 0.0043586 secs] [Times: user=0.01 sys=0.00, real=0.01 secs] 
2251.591: [GC (Allocation Failure) [PSYoungGen: 51584K->1408K(51712K)] 353534K->303374K(742912K), 0.0043604 secs] [Times: user=0.02 sys=0.01, real=0.01 secs] 
2252.529: [GC (Allocation Failure) [PSYoungGen: 51584K->1405K(51712K)] 353550K->303371K(742912K), 0.0015267 secs] [Times: user=0.00 sys=0.00, real=0.00 secs] 
2253.693: [GC (Allocation Failure) [PSYoungGen: 51581K->1440K(51712K)] 353547K->303406K(742912K), 0.0025694 secs] [Times: user=0.01 sys=0.00, real=0.01 secs] 
2255.027: [GC (Allocation Failure) [PSYoungGen: 51616K->1408K(51712K)] 353582K->303374K(742912K), 0.0044698 secs] [Times: user=0.02 sys=0.00, real=0.00 secs] 
2256.255: [GC (Allocation Failure) [PSYoungGen: 51584K->1424K(51712K)] 353550K->303390K(742912K), 0.0043297 secs] [Times: user=0.02 sys=0.00, real=0.00 secs] 
2256.670: [GC (Allocation Failure) [PSYoungGen: 51600K->1408K(51712K)] 353566K->303374K(742912K), 0.0024692 secs] [Times: user=0.01 sys=0.00, real=0.00 secs] 
2257.115: [GC (Allocation Failure) [PSYoungGen: 51584K->1376K(51712K)] 353550K->303342K(742912K), 0.0021503 secs] [Times: user=0.01 sys=0.00, real=0.00 secs] 
2257.916: [GC (Allocation Failure) [PSYoungGen: 51552K->1389K(51712K)] 353518K->303355K(742912K), 0.0015894 secs] [Times: user=0.01 sys=0.00, real=0.00 secs] 
2258.655: [GC (Allocation Failure) [PSYoungGen: 51565K->1408K(51712K)] 353531K->303374K(742912K), 0.0019450 secs] [Times: user=0.01 sys=0.00, real=0.00 secs] 
2259.077: [GC (Allocation Failure) [PSYoungGen: 51584K->1408K(51712K)] 353550K->303374K(742912K), 0.0016675 secs] [Times: user=0.00 sys=0.00, real=0.00 secs] 
2259.552: [GC (Allocation Failure) [PSYoungGen: 51584K->1376K(51712K)] 353550K->303342K(742912K), 0.0020898 secs] [Times: user=0.00 sys=0.00, real=0.01 secs] 
2259.977: [GC (Allocation Failure) [PSYoungGen: 51552K->1376K(51712K)] 353518K->303358K(742912K), 0.0020159 secs] [Times: user=0.00 sys=0.00, real=0.00 secs] 
2260.265: [GC (Allocation Failure) [PSYoungGen: 51552K->1408K(51712K)] 353534K->303390K(742912K), 0.0022303 secs] [Times: user=0.00 sys=0.00, real=0.00 secs] 
2260.888: [GC (Allocation Failure) [PSYoungGen: 51584K->1405K(51712K)] 353566K->303387K(742912K), 0.0015703 secs] [Times: user=0.00 sys=0.00, real=0.00 secs] 
2261.512: [GC (Allocation Failure) [PSYoungGen: 51581K->1440K(51712K)] 353563K->303422K(742912K), 0.0019424 secs] [Times: user=0.01 sys=0.00, real=0.01 secs] 
2262.179: [GC (Allocation Failure) [PSYoungGen: 51616K->1408K(51712K)] 353598K->303390K(742912K), 0.0019834 secs] [Times: user=0.00 sys=0.00, real=0.00 secs] 
2262.887: [GC (Allocation Failure) [PSYoungGen: 51584K->1376K(51712K)] 353566K->303374K(742912K), 0.0018960 secs] [Times: user=0.01 sys=0.00, real=0.00 secs] 
2263.511: [GC (Allocation Failure) [PSYoungGen: 51552K->1392K(51712K)] 353550K->303390K(742912K), 0.0019765 secs] [Times: user=0.01 sys=0.00, real=0.00 secs] 
2264.026: [GC (Allocation Failure) [PSYoungGen: 51568K->1344K(51712K)] 353566K->303342K(742912K), 0.0022247 secs] [Times: user=0.01 sys=0.00, real=0.00 secs] 
2265.010: [GC (Allocation Failure) [PSYoungGen: 51520K->288K(51200K)] 353518K->302286K(742400K), 0.0014485 secs] [Times: user=0.01 sys=0.00, real=0.00 secs] 
2265.481: [GC (Allocation Failure) [PSYoungGen: 49952K->1408K(51712K)] 351950K->303406K(742912K), 0.0020295 secs] [Times: user=0.00 sys=0.00, real=0.00 secs] 
2265.985: [GC (Allocation Failure) [PSYoungGen: 51072K->1376K(51712K)] 353070K->303374K(742912K), 0.0029766 secs] [Times: user=0.01 sys=0.00, real=0.00 secs] 
2266.417: [GC (Allocation Failure) [PSYoungGen: 51040K->1408K(51712K)] 353038K->303406K(742912K), 0.0021715 secs] [Times: user=0.01 sys=0.00, real=0.00 secs] 
2266.924: [GC (Allocation Failure) [PSYoungGen: 51072K->1392K(51712K)] 353070K->303390K(742912K), 0.0019498 secs] [Times: user=0.00 sys=0.00, real=0.00 secs] 
2267.470: [GC (Allocation Failure) [PSYoungGen: 51056K->1408K(51712K)] 353054K->303406K(742912K), 0.0020672 secs] [Times: user=0.01 sys=0.00, real=0.00 secs] 
2268.357: [GC (Allocation Failure) [PSYoungGen: 51072K->256K(51712K)] 353070K->302254K(742912K), 0.0014434 secs] [Times: user=0.00 sys=0.00, real=0.00 secs] 
2268.617: [GC (Allocation Failure) [PSYoungGen: 49920K->1440K(51712K)] 351918K->303438K(742912K), 0.0017689 secs] [Times: user=0.00 sys=0.00, real=0.00 secs] 
2268.867: [GC (Allocation Failure) [PSYoungGen: 51104K->1344K(51712K)] 353102K->303342K(742912K), 0.0017605 secs] [Times: user=0.00 sys=0.00, real=0.00 secs] 
2269.123: [GC (Allocation Failure) [PSYoungGen: 51008K->1376K(51712K)] 353006K->303374K(742912K), 0.0017993 secs] [Times: user=0.00 sys=0.00, real=0.01 secs] 
2269.333: [GC (Allocation Failure) [PSYoungGen: 51040K->1312K(51712K)] 353038K->303310K(742912K), 0.0030013 secs] [Times: user=0.02 sys=0.00, real=0.01 secs] 
2269.538: [GC (Allocation Failure) [PSYoungGen: 50976K->1408K(51712K)] 352974K->303430K(742912K), 0.0022460 secs] [Times: user=0.01 sys=0.00, real=0.00 secs] 
2270.168: [GC (Allocation Failure) [PSYoungGen: 51072K->192K(51712K)] 353094K->302214K(742912K), 0.0015461 secs] [Times: user=0.00 sys=0.00, real=0.00 secs] 
2270.442: [GC (Allocation Failure) [PSYoungGen: 49856K->1408K(51712K)] 351878K->303430K(742912K), 0.0018657 secs] [Times: user=0.01 sys=0.00, real=0.01 secs] 
2270.649: [GC (Allocation Failure) [PSYoungGen: 51072K->1376K(51712K)] 353094K->303398K(742912K), 0.0020326 secs] [Times: user=0.01 sys=0.00, real=0.00 secs] 
2270.906: [GC (Allocation Failure) [PSYoungGen: 51040K->1376K(51712K)] 353062K->303398K(742912K), 0.0019609 secs] [Times: user=0.00 sys=0.00, real=0.00 secs] 
2271.112: [GC (Allocation Failure) [PSYoungGen: 51040K->1376K(51712K)] 353062K->303398K(742912K), 0.0019271 secs] [Times: user=0.01 sys=0.00, real=0.01 secs] 
2271.439: [GC (Allocation Failure) [PSYoungGen: 51040K->1344K(51712K)] 353062K->303366K(742912K), 0.0034695 secs] [Times: user=0.01 sys=0.00, real=0.00 secs] 
2272.212: [GC (Allocation Failure) [PSYoungGen: 51008K->160K(51712K)] 353030K->302182K(742912K), 0.0013896 secs] [Times: user=0.01 sys=0.00, real=0.00 secs] 
2272.864: [GC (Allocation Failure) [PSYoungGen: 49824K->1408K(51712K)] 351846K->303430K(742912K), 0.0018677 secs] [Times: user=0.00 sys=0.00, real=0.00 secs] 
2273.541: [GC (Allocation Failure) [PSYoungGen: 51072K->1408K(51712K)] 353094K->303430K(742912K), 0.0044996 secs] [Times: user=0.02 sys=0.00, real=0.01 secs] 
2274.118: [GC (Allocation Failure) [PSYoungGen: 51072K->1408K(51712K)] 353094K->303430K(742912K), 0.0031013 secs] [Times: user=0.02 sys=0.00, real=0.00 secs] 
2274.574: [GC (Allocation Failure) [PSYoungGen: 51072K->1344K(51712K)] 353094K->303374K(742912K), 0.0031266 secs] [Times: user=0.01 sys=0.00, real=0.00 secs] 
2275.065: [GC (Allocation Failure) [PSYoungGen: 51008K->1376K(51712K)] 353038K->303406K(742912K), 0.0030908 secs] [Times: user=0.01 sys=0.00, real=0.00 secs] 
2275.982: [GC (Allocation Failure) [PSYoungGen: 51040K->1405K(51712K)] 353070K->303435K(742912K), 0.0014246 secs] [Times: user=0.01 sys=0.00, real=0.01 secs] 
2276.190: [GC (Allocation Failure) [PSYoungGen: 51069K->1472K(51712K)] 353099K->303502K(742912K), 0.0015809 secs] [Times: user=0.00 sys=0.00, real=0.00 secs] 
2276.444: [GC (Allocation Failure) [PSYoungGen: 51136K->1344K(51712K)] 353166K->303374K(742912K), 0.0017832 secs] [Times: user=0.00 sys=0.00, real=0.00 secs] 
2276.829: [GC (Allocation Failure) [PSYoungGen: 51008K->1376K(51712K)] 353038K->303406K(742912K), 0.0017446 secs] [Times: user=0.01 sys=0.00, real=0.00 secs] 
2277.366: [GC (Allocation Failure) [PSYoungGen: 51040K->1376K(51712K)] 353070K->303406K(742912K), 0.0027968 secs] [Times: user=0.01 sys=0.00, real=0.00 secs] 
2277.881: [GC (Allocation Failure) [PSYoungGen: 51040K->1344K(51712K)] 353070K->303374K(742912K), 0.0028117 secs] [Times: user=0.01 sys=0.00, real=0.01 secs] 
2278.868: [GC (Allocation Failure) [PSYoungGen: 51008K->1373K(51712K)] 353038K->303403K(742912K), 0.0015763 secs] [Times: user=0.01 sys=0.00, real=0.00 secs] 
2279.188: [GC (Allocation Failure) [PSYoungGen: 51037K->1440K(51712K)] 353067K->303470K(742912K), 0.0027266 secs] [Times: user=0.01 sys=0.00, real=0.00 secs] 
2279.392: [GC (Allocation Failure) [PSYoungGen: 51104K->1424K(51712K)] 353134K->303454K(742912K), 0.0022152 secs] [Times: user=0.01 sys=0.00, real=0.01 secs] 
2279.617: [GC (Allocation Failure) [PSYoungGen: 51088K->1376K(51712K)] 353118K->303430K(742912K), 0.0020069 secs] [Times: user=0.01 sys=0.00, real=0.00 secs] 
2279.824: [GC (Allocation Failure) [PSYoungGen: 51040K->1376K(51712K)] 353094K->303430K(742912K), 0.0019987 secs] [Times: user=0.00 sys=0.00, real=0.00 secs] 
2280.044: [GC (Allocation Failure) [PSYoungGen: 51040K->1344K(51712K)] 353094K->303398K(742912K), 0.0019213 secs] [Times: user=0.01 sys=0.00, real=0.00 secs] 
2280.678: [GC (Allocation Failure) [PSYoungGen: 51008K->1392K(51712K)] 353062K->303446K(742912K), 0.0014825 secs] [Times: user=0.01 sys=0.00, real=0.00 secs] 
2281.265: [GC (Allocation Failure) [PSYoungGen: 51056K->1408K(51712K)] 353110K->303462K(742912K), 0.0021873 secs] [Times: user=0.01 sys=0.00, real=0.00 secs] 
2281.739: [GC (Allocation Failure) [PSYoungGen: 51072K->1440K(51712K)] 353126K->303494K(742912K), 0.0039439 secs] [Times: user=0.02 sys=0.00, real=0.00 secs] 
2282.148: [GC (Allocation Failure) [PSYoungGen: 51104K->1376K(51712K)] 353158K->303430K(742912K), 0.0025555 secs] [Times: user=0.01 sys=0.00, real=0.00 secs] 
2282.346: [GC (Allocation Failure) [PSYoungGen: 51040K->1376K(51712K)] 353094K->303430K(742912K), 0.0017815 secs] [Times: user=0.01 sys=0.00, real=0.00 secs] 
2282.621: [GC (Allocation Failure) [PSYoungGen: 51040K->1424K(51712K)] 353094K->303478K(742912K), 0.0018578 secs] [Times: user=0.01 sys=0.00, real=0.00 secs] 
2283.321: [GC (Allocation Failure) [PSYoungGen: 51088K->192K(51712K)] 353142K->302246K(742912K), 0.0014612 secs] [Times: user=0.01 sys=0.00, real=0.00 secs] 
2283.857: [GC (Allocation Failure) [PSYoungGen: 49856K->1408K(51712K)] 351910K->303462K(742912K), 0.0020770 secs] [Times: user=0.01 sys=0.00, real=0.00 secs] 
2284.404: [GC (Allocation Failure) [PSYoungGen: 51072K->1376K(51712K)] 353126K->303430K(742912K), 0.0032125 secs] [Times: user=0.02 sys=0.00, real=0.00 secs] 
2284.904: [GC (Allocation Failure) [PSYoungGen: 51040K->1344K(51712K)] 353094K->303398K(742912K), 0.0031244 secs] [Times: user=0.01 sys=0.00, real=0.00 secs] 
2285.349: [GC (Allocation Failure) [PSYoungGen: 51008K->1376K(51712K)] 353062K->303430K(742912K), 0.0025290 secs] [Times: user=0.01 sys=0.00, real=0.00 secs] 
2285.912: [GC (Allocation Failure) [PSYoungGen: 51040K->1440K(51712K)] 353094K->303494K(742912K), 0.0025888 secs] [Times: user=0.01 sys=0.00, real=0.01 secs] 
2286.869: [GC (Allocation Failure) [PSYoungGen: 51104K->1405K(51712K)] 353158K->303459K(742912K), 0.0014876 secs] [Times: user=0.00 sys=0.00, real=0.00 secs] 
2287.398: [GC (Allocation Failure) [PSYoungGen: 51069K->1408K(51712K)] 353123K->303462K(742912K), 0.0024531 secs] [Times: user=0.01 sys=0.00, real=0.00 secs] 
2287.592: [GC (Allocation Failure) [PSYoungGen: 51072K->1440K(51712K)] 353126K->303494K(742912K), 0.0019974 secs] [Times: user=0.01 sys=0.00, real=0.01 secs] 
2287.799: [GC (Allocation Failure) [PSYoungGen: 51104K->1408K(51712K)] 353158K->303462K(742912K), 0.0019699 secs] [Times: user=0.01 sys=0.00, real=0.00 secs] 
2288.041: [GC (Allocation Failure) [PSYoungGen: 51072K->1392K(51712K)] 353126K->303446K(742912K), 0.0020364 secs] [Times: user=0.01 sys=0.00, real=0.00 secs] 
2288.247: [GC (Allocation Failure) [PSYoungGen: 51056K->1376K(51712K)] 353110K->303462K(742912K), 0.0018114 secs] [Times: user=0.01 sys=0.00, real=0.00 secs] 
2288.886: [GC (Allocation Failure) [PSYoungGen: 51040K->192K(51712K)] 353126K->302278K(742912K), 0.0013533 secs] [Times: user=0.00 sys=0.00, real=0.00 secs] 
2289.585: [GC (Allocation Failure) [PSYoungGen: 49856K->1376K(51712K)] 351942K->303462K(742912K), 0.0027530 secs] [Times: user=0.01 sys=0.00, real=0.00 secs] 
2290.263: [GC (Allocation Failure) [PSYoungGen: 51040K->1424K(51712K)] 353126K->303510K(742912K), 0.0030186 secs] [Times: user=0.01 sys=0.00, real=0.01 secs] 
2290.894: [GC (Allocation Failure) [PSYoungGen: 51088K->1344K(51712K)] 353174K->303430K(742912K), 0.0031765 secs] [Times: user=0.01 sys=0.00, real=0.00 secs] 
2291.490: [GC (Allocation Failure) [PSYoungGen: 51008K->1360K(51712K)] 353094K->303446K(742912K), 0.0030814 secs] [Times: user=0.01 sys=0.00, real=0.00 secs] 
2292.109: [GC (Allocation Failure) [PSYoungGen: 51024K->1376K(51712K)] 353110K->303462K(742912K), 0.0033170 secs] [Times: user=0.01 sys=0.00, real=0.00 secs] 
2292.916: [GC (Allocation Failure) [PSYoungGen: 51040K->336K(51712K)] 353126K->302422K(742912K), 0.0014980 secs] [Times: user=0.00 sys=0.00, real=0.00 secs] 
2293.642: [GC (Allocation Failure) [PSYoungGen: 50000K->1408K(51712K)] 352086K->303494K(742912K), 0.0018789 secs] [Times: user=0.01 sys=0.00, real=0.01 secs] 
2294.302: [GC (Allocation Failure) [PSYoungGen: 51072K->1408K(51712K)] 353158K->303494K(742912K), 0.0017516 secs] [Times: user=0.00 sys=0.00, real=0.01 secs] 
2294.978: [GC (Allocation Failure) [PSYoungGen: 51072K->1376K(51712K)] 353158K->303462K(742912K), 0.0043196 secs] [Times: user=0.01 sys=0.01, real=0.00 secs] 
2295.637: [GC (Allocation Failure) [PSYoungGen: 51040K->1344K(51712K)] 353126K->303438K(742912K), 0.0043665 secs] [Times: user=0.01 sys=0.00, real=0.00 secs] 
2296.107: [GC (Allocation Failure) [PSYoungGen: 51008K->1376K(51712K)] 353102K->303470K(742912K), 0.0032142 secs] [Times: user=0.01 sys=0.01, real=0.00 secs] 
2296.941: [GC (Allocation Failure) [PSYoungGen: 51040K->1373K(51712K)] 353134K->303467K(742912K), 0.0014294 secs] [Times: user=0.01 sys=0.00, real=0.00 secs] 
2297.189: [GC (Allocation Failure) [PSYoungGen: 51037K->1472K(51712K)] 353131K->303566K(742912K), 0.0015644 secs] [Times: user=0.00 sys=0.00, real=0.00 secs] 
2297.395: [GC (Allocation Failure) [PSYoungGen: 51136K->1344K(51712K)] 353230K->303438K(742912K), 0.0014750 secs] [Times: user=0.00 sys=0.00, real=0.00 secs] 
2297.601: [GC (Allocation Failure) [PSYoungGen: 51008K->1376K(51712K)] 353102K->303478K(742912K), 0.0014435 secs] [Times: user=0.01 sys=0.00, real=0.00 secs] 
2297.816: [GC (Allocation Failure) [PSYoungGen: 51040K->1376K(51712K)] 353142K->303478K(742912K), 0.0014863 secs] [Times: user=0.01 sys=0.00, real=0.00 secs] 
2298.022: [GC (Allocation Failure) [PSYoungGen: 51040K->1424K(51712K)] 353142K->303526K(742912K), 0.0015060 secs] [Times: user=0.01 sys=0.00, real=0.01 secs] 
2298.622: [GC (Allocation Failure) [PSYoungGen: 51088K->1373K(51712K)] 353190K->303475K(742912K), 0.0014781 secs] [Times: user=0.01 sys=0.00, real=0.01 secs] 
2298.896: [GC (Allocation Failure) [PSYoungGen: 51037K->1424K(51712K)] 353139K->303526K(742912K), 0.0018305 secs] [Times: user=0.00 sys=0.00, real=0.00 secs] 
2299.103: [GC (Allocation Failure) [PSYoungGen: 51088K->1408K(51712K)] 353190K->303534K(742912K), 0.0018862 secs] [Times: user=0.01 sys=0.00, real=0.01 secs] 
2299.309: [GC (Allocation Failure) [PSYoungGen: 51072K->1376K(51712K)] 353198K->303502K(742912K), 0.0018216 secs] [Times: user=0.01 sys=0.01, real=0.00 secs] 
2299.548: [GC (Allocation Failure) [PSYoungGen: 51040K->1376K(51712K)] 353166K->303502K(742912K), 0.0018364 secs] [Times: user=0.00 sys=0.00, real=0.00 secs] 
2299.917: [GC (Allocation Failure) [PSYoungGen: 51040K->1344K(51712K)] 353166K->303470K(742912K), 0.0019078 secs] [Times: user=0.01 sys=0.00, real=0.00 secs] 
2300.692: [GC (Allocation Failure) [PSYoungGen: 51008K->1405K(51712K)] 353134K->303531K(742912K), 0.0015813 secs] [Times: user=0.01 sys=0.01, real=0.01 secs] 
2301.834: [GC (Allocation Failure) [PSYoungGen: 51069K->1408K(51712K)] 353195K->303534K(742912K), 0.0045551 secs] [Times: user=0.02 sys=0.00, real=0.00 secs] 
2302.600: [GC (Allocation Failure) [PSYoungGen: 51072K->1408K(51712K)] 353198K->303534K(742912K), 0.0031204 secs] [Times: user=0.01 sys=0.00, real=0.00 secs] 
2303.131: [GC (Allocation Failure) [PSYoungGen: 51072K->1392K(51712K)] 353198K->303518K(742912K), 0.0032182 secs] [Times: user=0.01 sys=0.00, real=0.01 secs] 
2303.452: [GC (Allocation Failure) [PSYoungGen: 51056K->1424K(51712K)] 353182K->303550K(742912K), 0.0019881 secs] [Times: user=0.00 sys=0.00, real=0.01 secs] 
2304.074: [GC (Allocation Failure) [PSYoungGen: 51088K->1376K(51712K)] 353214K->303502K(742912K), 0.0022802 secs] [Times: user=0.01 sys=0.00, real=0.00 secs] 
2305.222: [GC (Allocation Failure) [PSYoungGen: 51040K->1405K(51712K)] 353166K->303531K(742912K), 0.0015465 secs] [Times: user=0.01 sys=0.00, real=0.01 secs] 
2306.408: [GC (Allocation Failure) [PSYoungGen: 51069K->1408K(51712K)] 353195K->303534K(742912K), 0.0030537 secs] [Times: user=0.02 sys=0.00, real=0.00 secs] 
2306.754: [GC (Allocation Failure) [PSYoungGen: 51072K->1440K(51712K)] 353198K->303566K(742912K), 0.0021551 secs] [Times: user=0.01 sys=0.00, real=0.00 secs] 
2306.951: [GC (Allocation Failure) [PSYoungGen: 51104K->1376K(51712K)] 353230K->303502K(742912K), 0.0018779 secs] [Times: user=0.00 sys=0.00, real=0.00 secs] 
2307.157: [GC (Allocation Failure) [PSYoungGen: 51040K->1376K(51200K)] 353166K->303502K(742400K), 0.0020048 secs] [Times: user=0.00 sys=0.00, real=0.00 secs] 
2307.363: [GC (Allocation Failure) [PSYoungGen: 51040K->1376K(51200K)] 353166K->303502K(742400K), 0.0019073 secs] [Times: user=0.01 sys=0.00, real=0.01 secs] 
2308.076: [GC (Allocation Failure) [PSYoungGen: 51040K->160K(50688K)] 353166K->302286K(741888K), 0.0014430 secs] [Times: user=0.01 sys=0.00, real=0.00 secs] 
2308.563: [GC (Allocation Failure) [PSYoungGen: 49824K->1376K(51712K)] 351950K->303502K(742912K), 0.0019309 secs] [Times: user=0.01 sys=0.00, real=0.00 secs] 
2309.046: [GC (Allocation Failure) [PSYoungGen: 51040K->1408K(51712K)] 353166K->303534K(742912K), 0.0020074 secs] [Times: user=0.00 sys=0.00, real=0.00 secs] 
2309.522: [GC (Allocation Failure) [PSYoungGen: 51072K->1392K(51712K)] 353198K->303518K(742912K), 0.0018557 secs] [Times: user=0.00 sys=0.00, real=0.01 secs] 
2309.915: [GC (Allocation Failure) [PSYoungGen: 51056K->1440K(51712K)] 353182K->303598K(742912K), 0.0018819 secs] [Times: user=0.01 sys=0.00, real=0.00 secs] 
2310.248: [GC (Allocation Failure) [PSYoungGen: 51104K->1344K(51712K)] 353262K->303502K(742912K), 0.0019433 secs] [Times: user=0.01 sys=0.00, real=0.00 secs] 
2310.986: [GC (Allocation Failure) [PSYoungGen: 51008K->1405K(51712K)] 353166K->303563K(742912K), 0.0016707 secs] [Times: user=0.00 sys=0.00, real=0.00 secs] 
2311.716: [GC (Allocation Failure) [PSYoungGen: 51069K->1376K(51712K)] 353227K->303534K(742912K), 0.0029042 secs] [Times: user=0.01 sys=0.00, real=0.00 secs] 
2312.235: [GC (Allocation Failure) [PSYoungGen: 51040K->1424K(51712K)] 353198K->303582K(742912K), 0.0028118 secs] [Times: user=0.01 sys=0.00, real=0.00 secs] 
2312.839: [GC (Allocation Failure) [PSYoungGen: 51088K->1376K(51712K)] 353246K->303534K(742912K), 0.0027893 secs] [Times: user=0.01 sys=0.00, real=0.00 secs] 
2313.398: [GC (Allocation Failure) [PSYoungGen: 51040K->1376K(51712K)] 353198K->303534K(742912K), 0.0028341 secs] [Times: user=0.01 sys=0.00, real=0.00 secs] 
2313.829: [GC (Allocation Failure) [PSYoungGen: 51040K->1376K(51712K)] 353198K->303534K(742912K), 0.0026347 secs] [Times: user=0.01 sys=0.00, real=0.00 secs] 
2314.711: [GC (Allocation Failure) [PSYoungGen: 51040K->1405K(51712K)] 353198K->303563K(742912K), 0.0014976 secs] [Times: user=0.00 sys=0.00, real=0.00 secs] 
2315.089: [GC (Allocation Failure) [PSYoungGen: 51069K->1488K(51712K)] 353227K->303646K(742912K), 0.0019928 secs] [Times: user=0.01 sys=0.00, real=0.00 secs] 
2315.296: [GC (Allocation Failure) [PSYoungGen: 51152K->1376K(51712K)] 353310K->303534K(742912K), 0.0018740 secs] [Times: user=0.01 sys=0.00, real=0.00 secs] 
2315.502: [GC (Allocation Failure) [PSYoungGen: 51040K->1376K(51712K)] 353198K->303534K(742912K), 0.0018437 secs] [Times: user=0.00 sys=0.00, real=0.01 secs] 
2315.731: [GC (Allocation Failure) [PSYoungGen: 51040K->1344K(51712K)] 353198K->303502K(742912K), 0.0031198 secs] [Times: user=0.01 sys=0.00, real=0.01 secs] 
2316.095: [GC (Allocation Failure) [PSYoungGen: 51008K->1344K(51712K)] 353166K->303502K(742912K), 0.0021678 secs] [Times: user=0.01 sys=0.00, real=0.00 secs] 
2316.878: [GC (Allocation Failure) [PSYoungGen: 51008K->1341K(51712K)] 353166K->303499K(742912K), 0.0015711 secs] [Times: user=0.01 sys=0.00, real=0.00 secs] 
2318.011: [GC (Allocation Failure) [PSYoungGen: 51005K->1472K(51712K)] 353163K->303630K(742912K), 0.0045328 secs] [Times: user=0.02 sys=0.00, real=0.01 secs] 
2318.538: [GC (Allocation Failure) [PSYoungGen: 51136K->1376K(51712K)] 353294K->303534K(742912K), 0.0042215 secs] [Times: user=0.02 sys=0.00, real=0.00 secs] 
2319.073: [GC (Allocation Failure) [PSYoungGen: 51040K->1376K(51200K)] 353198K->303534K(742400K), 0.0032550 secs] [Times: user=0.01 sys=0.00, real=0.00 secs] 
2319.613: [GC (Allocation Failure) [PSYoungGen: 51040K->1376K(51200K)] 353198K->303558K(742400K), 0.0033960 secs] [Times: user=0.01 sys=0.00, real=0.01 secs] 
2319.957: [GC (Allocation Failure) [PSYoungGen: 51040K->1376K(51200K)] 353222K->303558K(742400K), 0.0039636 secs] [Times: user=0.02 sys=0.00, real=0.00 secs] 
2320.717: [GC (Allocation Failure) [PSYoungGen: 51040K->1373K(51200K)] 353222K->303555K(742400K), 0.0015203 secs] [Times: user=0.00 sys=0.00, real=0.00 secs] 
2320.969: [GC (Allocation Failure) [PSYoungGen: 51037K->1440K(51200K)] 353219K->303622K(742400K), 0.0018653 secs] [Times: user=0.01 sys=0.00, real=0.00 secs] 
2321.176: [GC (Allocation Failure) [PSYoungGen: 51104K->1392K(51200K)] 353286K->303574K(742400K), 0.0018069 secs] [Times: user=0.01 sys=0.00, real=0.00 secs] 
2321.444: [GC (Allocation Failure) [PSYoungGen: 51056K->1376K(51200K)] 353238K->303558K(742400K), 0.0018414 secs] [Times: user=0.01 sys=0.00, real=0.00 secs] 
2321.802: [GC (Allocation Failure) [PSYoungGen: 51040K->1440K(51200K)] 353222K->303622K(742400K), 0.0040827 secs] [Times: user=0.02 sys=0.00, real=0.01 secs] 
2322.149: [GC (Allocation Failure) [PSYoungGen: 51104K->1376K(51200K)] 353286K->303558K(742400K), 0.0031598 secs] [Times: user=0.01 sys=0.00, real=0.00 secs] 
2322.954: [GC (Allocation Failure) [PSYoungGen: 51040K->192K(50688K)] 353222K->302374K(741888K), 0.0014943 secs] [Times: user=0.01 sys=0.00, real=0.00 secs] 
2323.310: [GC (Allocation Failure) [PSYoungGen: 49344K->1376K(51200K)] 351526K->303558K(742400K), 0.0015889 secs] [Times: user=0.00 sys=0.00, real=0.00 secs] 
2323.607: [GC (Allocation Failure) [PSYoungGen: 50528K->1376K(51200K)] 352710K->303558K(742400K), 0.0018814 secs] [Times: user=0.00 sys=0.00, real=0.00 secs] 
2323.997: [GC (Allocation Failure) [PSYoungGen: 50528K->1376K(51200K)] 352710K->303558K(742400K), 0.0021092 secs] [Times: user=0.00 sys=0.00, real=0.00 secs] 
2324.352: [GC (Allocation Failure) [PSYoungGen: 50528K->1312K(51200K)] 352710K->303502K(742400K), 0.0022237 secs] [Times: user=0.01 sys=0.00, real=0.01 secs] 
2324.722: [GC (Allocation Failure) [PSYoungGen: 50464K->1456K(51200K)] 352654K->303646K(742400K), 0.0022908 secs] [Times: user=0.01 sys=0.00, real=0.01 secs] 
2325.549: [GC (Allocation Failure) [PSYoungGen: 50608K->1405K(51200K)] 352798K->303595K(742400K), 0.0015136 secs] [Times: user=0.01 sys=0.00, real=0.00 secs] 
2326.124: [GC (Allocation Failure) [PSYoungGen: 50557K->1408K(51200K)] 352747K->303598K(742400K), 0.0020473 secs] [Times: user=0.01 sys=0.00, real=0.00 secs] 
2326.523: [GC (Allocation Failure) [PSYoungGen: 50560K->1376K(51200K)] 352750K->303566K(742400K), 0.0019215 secs] [Times: user=0.01 sys=0.00, real=0.01 secs] 
2326.935: [GC (Allocation Failure) [PSYoungGen: 50528K->1344K(51200K)] 352718K->303534K(742400K), 0.0031542 secs] [Times: user=0.02 sys=0.00, real=0.00 secs] 
2327.370: [GC (Allocation Failure) [PSYoungGen: 50496K->1376K(51200K)] 352686K->303566K(742400K), 0.0031371 secs] [Times: user=0.01 sys=0.00, real=0.00 secs] 
2327.812: [GC (Allocation Failure) [PSYoungGen: 50528K->1408K(51200K)] 352718K->303598K(742400K), 0.0041287 secs] [Times: user=0.02 sys=0.00, real=0.01 secs] 
2328.605: [GC (Allocation Failure) [PSYoungGen: 50560K->1373K(51200K)] 352750K->303563K(742400K), 0.0014459 secs] [Times: user=0.01 sys=0.00, real=0.00 secs] 
2329.009: [GC (Allocation Failure) [PSYoungGen: 50525K->1440K(51200K)] 352715K->303654K(742400K), 0.0017786 secs] [Times: user=0.01 sys=0.00, real=0.00 secs] 
2329.337: [GC (Allocation Failure) [PSYoungGen: 50592K->1376K(51200K)] 352806K->303590K(742400K), 0.0016846 secs] [Times: user=0.00 sys=0.00, real=0.00 secs] 
2329.770: [GC (Allocation Failure) [PSYoungGen: 50528K->1344K(51200K)] 352742K->303558K(742400K), 0.0027621 secs] [Times: user=0.01 sys=0.00, real=0.00 secs] 
2330.161: [GC (Allocation Failure) [PSYoungGen: 50496K->1344K(51200K)] 352710K->303558K(742400K), 0.0030911 secs] [Times: user=0.02 sys=0.00, real=0.01 secs] 
2330.539: [GC (Allocation Failure) [PSYoungGen: 50496K->1440K(51200K)] 352710K->303654K(742400K), 0.0025369 secs] [Times: user=0.01 sys=0.00, real=0.00 secs] 
2331.185: [GC (Allocation Failure) [PSYoungGen: 50592K->1341K(51200K)] 352806K->303555K(742400K), 0.0016040 secs] [Times: user=0.01 sys=0.00, real=0.00 secs] 
2331.945: [GC (Allocation Failure) [PSYoungGen: 50493K->1440K(51200K)] 352707K->303654K(742400K), 0.0018863 secs] [Times: user=0.00 sys=0.00, real=0.00 secs] 
2332.573: [GC (Allocation Failure) [PSYoungGen: 50592K->1344K(51200K)] 352806K->303558K(742400K), 0.0018633 secs] [Times: user=0.01 sys=0.00, real=0.00 secs] 
2333.100: [GC (Allocation Failure) [PSYoungGen: 50496K->1376K(50688K)] 352710K->303590K(741888K), 0.0022507 secs] [Times: user=0.01 sys=0.00, real=0.00 secs] 
2333.492: [GC (Allocation Failure) [PSYoungGen: 50528K->1344K(50688K)] 352742K->303558K(741888K), 0.0019588 secs] [Times: user=0.01 sys=0.00, real=0.01 secs] 
2333.919: [GC (Allocation Failure) [PSYoungGen: 50496K->1376K(50688K)] 352710K->303590K(741888K), 0.0019382 secs] [Times: user=0.01 sys=0.00, real=0.00 secs] 
2334.436: [GC (Allocation Failure) [PSYoungGen: 50528K->1405K(50688K)] 352742K->303619K(741888K), 0.0014286 secs] [Times: user=0.00 sys=0.00, real=0.00 secs] 
2334.993: [GC (Allocation Failure) [PSYoungGen: 50557K->1392K(50688K)] 352771K->303606K(741888K), 0.0018704 secs] [Times: user=0.01 sys=0.00, real=0.01 secs] 
2335.341: [GC (Allocation Failure) [PSYoungGen: 50544K->1344K(50688K)] 352758K->303558K(741888K), 0.0019016 secs] [Times: user=0.00 sys=0.00, real=0.01 secs] 
2335.717: [GC (Allocation Failure) [PSYoungGen: 50496K->1424K(50688K)] 352710K->303638K(741888K), 0.0017747 secs] [Times: user=0.00 sys=0.00, real=0.00 secs] 
2336.098: [GC (Allocation Failure) [PSYoungGen: 50576K->1408K(50688K)] 352790K->303622K(741888K), 0.0024420 secs] [Times: user=0.01 sys=0.00, real=0.00 secs] 
2336.519: [GC (Allocation Failure) [PSYoungGen: 50560K->1376K(50688K)] 352774K->303590K(741888K), 0.0024471 secs] [Times: user=0.01 sys=0.00, real=0.00 secs] 
2337.046: [GC (Allocation Failure) [PSYoungGen: 50525K->224K(50176K)] 352739K->302438K(741376K), 0.0038386 secs] [Times: user=0.01 sys=0.00, real=0.00 secs] 
2337.916: [GC (Allocation Failure) [PSYoungGen: 48864K->1440K(50688K)] 351078K->303654K(741888K), 0.0016872 secs] [Times: user=0.00 sys=0.00, real=0.00 secs] 
2338.330: [GC (Allocation Failure) [PSYoungGen: 50080K->1376K(50688K)] 352294K->303590K(741888K), 0.0019084 secs] [Times: user=0.01 sys=0.00, real=0.00 secs] 
2338.533: [GC (Allocation Failure) [PSYoungGen: 50016K->1408K(50688K)] 352230K->303622K(741888K), 0.0018958 secs] [Times: user=0.01 sys=0.01, real=0.01 secs] 
2338.781: [GC (Allocation Failure) [PSYoungGen: 50048K->1424K(50688K)] 352262K->303662K(741888K), 0.0025222 secs] [Times: user=0.01 sys=0.00, real=0.01 secs] 
2339.060: [GC (Allocation Failure) [PSYoungGen: 50064K->1376K(50688K)] 352302K->303614K(741888K), 0.0021167 secs] [Times: user=0.00 sys=0.00, real=0.00 secs] 
2339.493: [GC (Allocation Failure) [PSYoungGen: 50016K->1376K(50688K)] 352254K->303614K(741888K), 0.0022720 secs] [Times: user=0.01 sys=0.00, real=0.01 secs] 
2340.564: [GC (Allocation Failure) [PSYoungGen: 50016K->1376K(50688K)] 352254K->303614K(741888K), 0.0020429 secs] [Times: user=0.01 sys=0.00, real=0.00 secs] 
2341.000: [GC (Allocation Failure) [PSYoungGen: 50016K->1376K(50688K)] 352254K->303614K(741888K), 0.0037732 secs] [Times: user=0.02 sys=0.00, real=0.01 secs] 
2341.384: [GC (Allocation Failure) [PSYoungGen: 50016K->1344K(50688K)] 352254K->303582K(741888K), 0.0029604 secs] [Times: user=0.01 sys=0.00, real=0.00 secs] 
2341.787: [GC (Allocation Failure) [PSYoungGen: 49984K->1408K(50688K)] 352222K->303646K(741888K), 0.0028504 secs] [Times: user=0.01 sys=0.00, real=0.00 secs] 
2342.127: [GC (Allocation Failure) [PSYoungGen: 50048K->1376K(50688K)] 352286K->303614K(741888K), 0.0020238 secs] [Times: user=0.01 sys=0.00, real=0.00 secs] 
2342.328: [GC (Allocation Failure) [PSYoungGen: 50016K->1440K(50688K)] 352254K->303678K(741888K), 0.0019160 secs] [Times: user=0.01 sys=0.00, real=0.00 secs] 
2343.558: [GC (Allocation Failure) [PSYoungGen: 50080K->1488K(50688K)] 352318K->303726K(741888K), 0.0026249 secs] [Times: user=0.01 sys=0.00, real=0.00 secs] 
2344.264: [GC (Allocation Failure) [PSYoungGen: 50128K->1376K(50688K)] 352366K->303614K(741888K), 0.0027782 secs] [Times: user=0.01 sys=0.00, real=0.00 secs] 
2344.937: [GC (Allocation Failure) [PSYoungGen: 50016K->1408K(50688K)] 352254K->303646K(741888K), 0.0042644 secs] [Times: user=0.02 sys=0.00, real=0.00 secs] 
2345.383: [GC (Allocation Failure) [PSYoungGen: 50048K->1408K(50688K)] 352286K->303646K(741888K), 0.0026964 secs] [Times: user=0.01 sys=0.00, real=0.01 secs] 
2345.695: [GC (Allocation Failure) [PSYoungGen: 50048K->1408K(50688K)] 352286K->303646K(741888K), 0.0021216 secs] [Times: user=0.00 sys=0.00, real=0.00 secs] 
2346.127: [GC (Allocation Failure) [PSYoungGen: 50048K->1408K(50688K)] 352286K->303646K(741888K), 0.0022079 secs] [Times: user=0.01 sys=0.00, real=0.00 secs] 
2347.158: [GC (Allocation Failure) [PSYoungGen: 50048K->1408K(50688K)] 352286K->303646K(741888K), 0.0026447 secs] [Times: user=0.01 sys=0.00, real=0.00 secs] 
2348.221: [GC (Allocation Failure) [PSYoungGen: 50048K->1440K(50688K)] 352286K->303678K(741888K), 0.0030999 secs] [Times: user=0.01 sys=0.00, real=0.01 secs] 
2348.730: [GC (Allocation Failure) [PSYoungGen: 50080K->1344K(50688K)] 352318K->303582K(741888K), 0.0023913 secs] [Times: user=0.01 sys=0.00, real=0.00 secs] 
2349.122: [GC (Allocation Failure) [PSYoungGen: 49984K->1360K(50688K)] 352222K->303598K(741888K), 0.0023593 secs] [Times: user=0.01 sys=0.00, real=0.01 secs] 
2349.598: [GC (Allocation Failure) [PSYoungGen: 50000K->1376K(50176K)] 352238K->303614K(741376K), 0.0024376 secs] [Times: user=0.00 sys=0.00, real=0.00 secs] 
2350.057: [GC (Allocation Failure) [PSYoungGen: 50016K->1408K(50176K)] 352254K->303646K(741376K), 0.0023707 secs] [Times: user=0.01 sys=0.00, real=0.00 secs] 
2350.953: [GC (Allocation Failure) [PSYoungGen: 50048K->864K(50176K)] 352286K->304150K(741376K), 0.0029583 secs] [Times: user=0.01 sys=0.00, real=0.01 secs] 
2351.524: [GC (Allocation Failure) [PSYoungGen: 49504K->320K(50688K)] 352790K->303606K(741888K), 0.0025812 secs] [Times: user=0.01 sys=0.01, real=0.00 secs] 
2352.038: [GC (Allocation Failure) [PSYoungGen: 48960K->384K(50688K)] 352246K->303670K(741888K), 0.0030840 secs] [Times: user=0.01 sys=0.00, real=0.00 secs] 
2352.633: [GC (Allocation Failure) [PSYoungGen: 49024K->288K(50688K)] 352310K->303574K(741888K), 0.0019903 secs] [Times: user=0.00 sys=0.00, real=0.00 secs] 
2353.251: [GC (Allocation Failure) [PSYoungGen: 48928K->416K(50688K)] 352214K->303702K(741888K), 0.0044370 secs] [Times: user=0.02 sys=0.00, real=0.01 secs] 
2353.685: [GC (Allocation Failure) [PSYoungGen: 49056K->352K(50688K)] 352342K->303638K(741888K), 0.0030392 secs] [Times: user=0.01 sys=0.00, real=0.00 secs] 
2354.500: [GC (Allocation Failure) [PSYoungGen: 48992K->160K(50688K)] 352278K->303446K(741888K), 0.0014178 secs] [Times: user=0.01 sys=0.01, real=0.00 secs] 
2355.134: [GC (Allocation Failure) [PSYoungGen: 48800K->1376K(50176K)] 352086K->304662K(741376K), 0.0026660 secs] [Times: user=0.01 sys=0.00, real=0.00 secs] 
2355.701: [GC (Allocation Failure) [PSYoungGen: 49504K->1408K(50688K)] 352790K->304694K(741888K), 0.0043153 secs] [Times: user=0.01 sys=0.00, real=0.01 secs] 
2356.264: [GC (Allocation Failure) [PSYoungGen: 49536K->1408K(50688K)] 352822K->304694K(741888K), 0.0029636 secs] [Times: user=0.01 sys=0.00, real=0.00 secs] 
2356.803: [GC (Allocation Failure) [PSYoungGen: 49536K->1376K(50688K)] 352822K->304662K(741888K), 0.0029419 secs] [Times: user=0.01 sys=0.01, real=0.00 secs] 
2357.210: [GC (Allocation Failure) [PSYoungGen: 49504K->1376K(50688K)] 352790K->304662K(741888K), 0.0027005 secs] [Times: user=0.01 sys=0.00, real=0.00 secs] 
2357.800: [GC (Allocation Failure) [PSYoungGen: 49504K->1405K(50688K)] 352790K->304691K(741888K), 0.0015380 secs] [Times: user=0.00 sys=0.00, real=0.00 secs] 
2358.417: [GC (Allocation Failure) [PSYoungGen: 49533K->1408K(50688K)] 352819K->304694K(741888K), 0.0017185 secs] [Times: user=0.00 sys=0.00, real=0.00 secs] 
2358.888: [GC (Allocation Failure) [PSYoungGen: 49536K->1376K(50688K)] 352822K->304662K(741888K), 0.0018891 secs] [Times: user=0.01 sys=0.00, real=0.00 secs] 
2359.343: [GC (Allocation Failure) [PSYoungGen: 49504K->1408K(50688K)] 352790K->304694K(741888K), 0.0042606 secs] [Times: user=0.01 sys=0.00, real=0.01 secs] 
2359.873: [GC (Allocation Failure) [PSYoungGen: 49536K->1408K(50688K)] 352822K->304694K(741888K), 0.0032670 secs] [Times: user=0.01 sys=0.00, real=0.01 secs] 
2360.232: [GC (Allocation Failure) [PSYoungGen: 49536K->1424K(50688K)] 352822K->304726K(741888K), 0.0023511 secs] [Times: user=0.01 sys=0.00, real=0.01 secs] 
2360.432: [GC (Allocation Failure) [PSYoungGen: 49552K->1344K(50688K)] 352854K->304646K(741888K), 0.0019178 secs] [Times: user=0.00 sys=0.00, real=0.01 secs] 
2361.438: [GC (Allocation Failure) [PSYoungGen: 49472K->1424K(50688K)] 352774K->304726K(741888K), 0.0021349 secs] [Times: user=0.01 sys=0.00, real=0.00 secs] 
2362.203: [GC (Allocation Failure) [PSYoungGen: 49552K->1376K(49664K)] 352854K->304678K(740864K), 0.0034443 secs] [Times: user=0.01 sys=0.00, real=0.01 secs] 
2362.849: [GC (Allocation Failure) [PSYoungGen: 49504K->1344K(50176K)] 352806K->304646K(741376K), 0.0032451 secs] [Times: user=0.01 sys=0.00, real=0.00 secs] 
2363.382: [GC (Allocation Failure) [PSYoungGen: 49472K->1344K(50176K)] 352774K->304646K(741376K), 0.0033259 secs] [Times: user=0.01 sys=0.00, real=0.01 secs] 
2363.872: [GC (Allocation Failure) [PSYoungGen: 49472K->1376K(50176K)] 352774K->304678K(741376K), 0.0032410 secs] [Times: user=0.01 sys=0.01, real=0.01 secs] 
2364.262: [GC (Allocation Failure) [PSYoungGen: 49504K->1344K(50176K)] 352806K->304646K(741376K), 0.0026922 secs] [Times: user=0.01 sys=0.00, real=0.01 secs] 
2365.442: [GC (Allocation Failure) [PSYoungGen: 49472K->1424K(50176K)] 352774K->304726K(741376K), 0.0022544 secs] [Times: user=0.01 sys=0.00, real=0.01 secs] 
2365.965: [GC (Allocation Failure) [PSYoungGen: 49552K->1408K(50176K)] 352854K->304710K(741376K), 0.0026062 secs] [Times: user=0.01 sys=0.00, real=0.00 secs] 
2366.464: [GC (Allocation Failure) [PSYoungGen: 49536K->1408K(50176K)] 352838K->304710K(741376K), 0.0026029 secs] [Times: user=0.01 sys=0.00, real=0.00 secs] 
2367.012: [GC (Allocation Failure) [PSYoungGen: 49536K->1376K(50176K)] 352838K->304678K(741376K), 0.0028232 secs] [Times: user=0.01 sys=0.00, real=0.01 secs] 
2367.574: [GC (Allocation Failure) [PSYoungGen: 49504K->1376K(50176K)] 352806K->304678K(741376K), 0.0028049 secs] [Times: user=0.01 sys=0.00, real=0.00 secs] 
2367.987: [GC (Allocation Failure) [PSYoungGen: 49504K->1376K(50176K)] 352806K->304678K(741376K), 0.0027798 secs] [Times: user=0.01 sys=0.00, real=0.00 secs] 
2369.390: [GC (Allocation Failure) [PSYoungGen: 49504K->1408K(50176K)] 352806K->304710K(741376K), 0.0037652 secs] [Times: user=0.02 sys=0.00, real=0.01 secs] 
2370.426: [GC (Allocation Failure) [PSYoungGen: 49536K->1376K(50176K)] 352838K->304678K(741376K), 0.0040499 secs] [Times: user=0.02 sys=0.00, real=0.00 secs] 
2371.381: [GC (Allocation Failure) [PSYoungGen: 49504K->1408K(50176K)] 352806K->304710K(741376K), 0.0043191 secs] [Times: user=0.02 sys=0.00, real=0.01 secs] 
2371.864: [GC (Allocation Failure) [PSYoungGen: 49536K->1440K(50176K)] 352838K->304750K(741376K), 0.0032244 secs] [Times: user=0.02 sys=0.01, real=0.00 secs] 
2372.265: [GC (Allocation Failure) [PSYoungGen: 49568K->1376K(50176K)] 352878K->304694K(741376K), 0.0026421 secs] [Times: user=0.01 sys=0.00, real=0.00 secs] 
2372.651: [GC (Allocation Failure) [PSYoungGen: 49504K->1408K(50176K)] 352822K->304726K(741376K), 0.0026630 secs] [Times: user=0.01 sys=0.00, real=0.01 secs] 
2373.469: [GC (Allocation Failure) [PSYoungGen: 48674K->288K(50176K)] 351992K->303606K(741376K), 0.0014874 secs] [Times: user=0.01 sys=0.00, real=0.00 secs] 
2374.835: [GC (Allocation Failure) [PSYoungGen: 48416K->1376K(50176K)] 351734K->304694K(741376K), 0.0045863 secs] [Times: user=0.01 sys=0.00, real=0.00 secs] 
2375.598: [GC (Allocation Failure) [PSYoungGen: 49504K->1376K(50176K)] 352822K->304694K(741376K), 0.0030655 secs] [Times: user=0.02 sys=0.00, real=0.00 secs] 
2376.083: [GC (Allocation Failure) [PSYoungGen: 49504K->1376K(50176K)] 352822K->304694K(741376K), 0.0026290 secs] [Times: user=0.01 sys=0.00, real=0.01 secs] 
2376.517: [GC (Allocation Failure) [PSYoungGen: 49504K->1408K(50176K)] 352822K->304726K(741376K), 0.0027475 secs] [Times: user=0.01 sys=0.00, real=0.00 secs] 
2376.896: [GC (Allocation Failure) [PSYoungGen: 49536K->1408K(50176K)] 352854K->304726K(741376K), 0.0025763 secs] [Times: user=0.01 sys=0.00, real=0.00 secs] 
2377.358: [GC (Allocation Failure) [PSYoungGen: 49536K->1405K(50176K)] 352854K->304723K(741376K), 0.0015306 secs] [Times: user=0.01 sys=0.00, real=0.00 secs] 
2378.774: [GC (Allocation Failure) [PSYoungGen: 49533K->1456K(50176K)] 352851K->304774K(741376K), 0.0032066 secs] [Times: user=0.01 sys=0.00, real=0.00 secs] 
2379.423: [GC (Allocation Failure) [PSYoungGen: 49584K->1344K(50176K)] 352902K->304662K(741376K), 0.0026853 secs] [Times: user=0.01 sys=0.00, real=0.01 secs] 
2380.016: [GC (Allocation Failure) [PSYoungGen: 49472K->1408K(50176K)] 352790K->304726K(741376K), 0.0027858 secs] [Times: user=0.01 sys=0.00, real=0.00 secs] 
2380.596: [GC (Allocation Failure) [PSYoungGen: 49536K->1376K(50176K)] 352854K->304694K(741376K), 0.0043588 secs] [Times: user=0.02 sys=0.00, real=0.00 secs] 
2381.181: [GC (Allocation Failure) [PSYoungGen: 49504K->1344K(50176K)] 352822K->304662K(741376K), 0.0040709 secs] [Times: user=0.01 sys=0.00, real=0.01 secs] 
2381.650: [GC (Allocation Failure) [PSYoungGen: 49472K->1408K(50176K)] 352790K->304750K(741376K), 0.0031180 secs] [Times: user=0.01 sys=0.00, real=0.00 secs] 
2382.562: [GC (Allocation Failure) [PSYoungGen: 49536K->1440K(50176K)] 352878K->304782K(741376K), 0.0018319 secs] [Times: user=0.01 sys=0.00, real=0.01 secs] 
2383.152: [GC (Allocation Failure) [PSYoungGen: 49568K->1312K(50176K)] 352910K->304654K(741376K), 0.0018403 secs] [Times: user=0.00 sys=0.01, real=0.01 secs] 
2383.847: [GC (Allocation Failure) [PSYoungGen: 49440K->1344K(50176K)] 352782K->304686K(741376K), 0.0043493 secs] [Times: user=0.02 sys=0.00, real=0.00 secs] 
2384.522: [GC (Allocation Failure) [PSYoungGen: 49472K->1440K(50176K)] 352814K->304782K(741376K), 0.0036908 secs] [Times: user=0.01 sys=0.01, real=0.01 secs] 
2385.005: [GC (Allocation Failure) [PSYoungGen: 49568K->1440K(50176K)] 352910K->304782K(741376K), 0.0031816 secs] [Times: user=0.01 sys=0.00, real=0.00 secs] 
2385.431: [GC (Allocation Failure) [PSYoungGen: 49568K->1408K(50176K)] 352910K->304750K(741376K), 0.0032617 secs] [Times: user=0.01 sys=0.00, real=0.01 secs] 
2386.303: [GC (Allocation Failure) [PSYoungGen: 49536K->1424K(50176K)] 352878K->304766K(741376K), 0.0017209 secs] [Times: user=0.00 sys=0.00, real=0.01 secs] 
2386.634: [GC (Allocation Failure) [PSYoungGen: 49552K->1376K(50176K)] 352894K->304718K(741376K), 0.0019198 secs] [Times: user=0.01 sys=0.00, real=0.00 secs] 
2387.043: [GC (Allocation Failure) [PSYoungGen: 49504K->1376K(50176K)] 352846K->304718K(741376K), 0.0021206 secs] [Times: user=0.01 sys=0.00, real=0.00 secs] 
2387.261: [GC (Allocation Failure) [PSYoungGen: 49504K->1344K(50176K)] 352846K->304694K(741376K), 0.0021181 secs] [Times: user=0.01 sys=0.00, real=0.00 secs] 
2387.595: [GC (Allocation Failure) [PSYoungGen: 49472K->1376K(49664K)] 352822K->304726K(740864K), 0.0021346 secs] [Times: user=0.01 sys=0.00, real=0.00 secs] 
2387.951: [GC (Allocation Failure) [PSYoungGen: 49504K->1408K(49664K)] 352854K->304758K(740864K), 0.0021250 secs] [Times: user=0.01 sys=0.00, real=0.00 secs] 
2388.678: [GC (Allocation Failure) [PSYoungGen: 49536K->1408K(49664K)] 352886K->304758K(740864K), 0.0017608 secs] [Times: user=0.00 sys=0.00, real=0.00 secs] 
2389.025: [GC (Allocation Failure) [PSYoungGen: 49536K->1408K(49664K)] 352886K->304758K(740864K), 0.0017244 secs] [Times: user=0.01 sys=0.00, real=0.00 secs] 
2389.305: [GC (Allocation Failure) [PSYoungGen: 49536K->1424K(49664K)] 352886K->304798K(740864K), 0.0017738 secs] [Times: user=0.01 sys=0.00, real=0.00 secs] 
2389.505: [GC (Allocation Failure) [PSYoungGen: 49552K->1344K(49664K)] 352926K->304718K(740864K), 0.0029303 secs] [Times: user=0.01 sys=0.00, real=0.00 secs] 
2389.705: [GC (Allocation Failure) [PSYoungGen: 49472K->1392K(49664K)] 352846K->304766K(740864K), 0.0024135 secs] [Times: user=0.01 sys=0.00, real=0.00 secs] 
2389.967: [GC (Allocation Failure) [PSYoungGen: 49520K->1344K(49664K)] 352894K->304718K(740864K), 0.0020848 secs] [Times: user=0.00 sys=0.00, real=0.00 secs] 
2390.598: [GC (Allocation Failure) [PSYoungGen: 48611K->288K(49664K)] 351985K->303662K(740864K), 0.0018382 secs] [Times: user=0.00 sys=0.00, real=0.00 secs] 
2391.329: [GC (Allocation Failure) [PSYoungGen: 48416K->1376K(50176K)] 351790K->304750K(741376K), 0.0028008 secs] [Times: user=0.01 sys=0.00, real=0.00 secs] 
2391.979: [GC (Allocation Failure) [PSYoungGen: 49504K->1344K(50176K)] 352878K->304718K(741376K), 0.0040102 secs] [Times: user=0.02 sys=0.00, real=0.01 secs] 
2392.534: [GC (Allocation Failure) [PSYoungGen: 49472K->1376K(50176K)] 352846K->304750K(741376K), 0.0026446 secs] [Times: user=0.02 sys=0.00, real=0.00 secs] 
2393.093: [GC (Allocation Failure) [PSYoungGen: 49504K->1344K(50176K)] 352878K->304718K(741376K), 0.0029974 secs] [Times: user=0.01 sys=0.00, real=0.01 secs] 
2393.562: [GC (Allocation Failure) [PSYoungGen: 49472K->1424K(50176K)] 352846K->304798K(741376K), 0.0020518 secs] [Times: user=0.00 sys=0.00, real=0.01 secs] 
2394.454: [GC (Allocation Failure) [PSYoungGen: 49552K->1376K(50176K)] 352926K->304750K(741376K), 0.0016338 secs] [Times: user=0.01 sys=0.00, real=0.00 secs] 
2395.206: [GC (Allocation Failure) [PSYoungGen: 49504K->1376K(50176K)] 352878K->304750K(741376K), 0.0019345 secs] [Times: user=0.01 sys=0.00, real=0.00 secs] 
2395.638: [GC (Allocation Failure) [PSYoungGen: 49504K->1376K(50176K)] 352878K->304750K(741376K), 0.0019184 secs] [Times: user=0.01 sys=0.00, real=0.00 secs] 
2396.205: [GC (Allocation Failure) [PSYoungGen: 49504K->1408K(50176K)] 352878K->304782K(741376K), 0.0019570 secs] [Times: user=0.00 sys=0.00, real=0.00 secs] 
2396.780: [GC (Allocation Failure) [PSYoungGen: 49536K->1376K(50176K)] 352910K->304750K(741376K), 0.0030418 secs] [Times: user=0.01 sys=0.00, real=0.00 secs] 
2397.158: [GC (Allocation Failure) [PSYoungGen: 49504K->1408K(50176K)] 352878K->304782K(741376K), 0.0052785 secs] [Times: user=0.02 sys=0.00, real=0.01 secs] 
2397.681: [GC (Allocation Failure) [PSYoungGen: 49536K->1408K(50176K)] 352910K->304782K(741376K), 0.0024187 secs] [Times: user=0.01 sys=0.00, real=0.01 secs] 
2398.772: [GC (Allocation Failure) [PSYoungGen: 49536K->1440K(50176K)] 352910K->304814K(741376K), 0.0018762 secs] [Times: user=0.00 sys=0.00, real=0.01 secs] 
2399.440: [GC (Allocation Failure) [PSYoungGen: 49568K->1408K(50176K)] 352942K->304782K(741376K), 0.0019845 secs] [Times: user=0.00 sys=0.00, real=0.00 secs] 
2400.097: [GC (Allocation Failure) [PSYoungGen: 49536K->1376K(50176K)] 352910K->304750K(741376K), 0.0031577 secs] [Times: user=0.02 sys=0.00, real=0.00 secs] 
2400.680: [GC (Allocation Failure) [PSYoungGen: 49504K->1376K(50176K)] 352878K->304758K(741376K), 0.0030027 secs] [Times: user=0.01 sys=0.00, real=0.01 secs] 
2401.125: [GC (Allocation Failure) [PSYoungGen: 49504K->1376K(50176K)] 352886K->304782K(741376K), 0.0031041 secs] [Times: user=0.01 sys=0.00, real=0.00 secs] 
2401.599: [GC (Allocation Failure) [PSYoungGen: 49504K->1376K(49664K)] 352910K->304782K(740864K), 0.0044338 secs] [Times: user=0.01 sys=0.00, real=0.01 secs] 
2402.595: [GC (Allocation Failure) [PSYoungGen: 49504K->1408K(49664K)] 352910K->304814K(740864K), 0.0019451 secs] [Times: user=0.01 sys=0.00, real=0.00 secs] 
2403.017: [GC (Allocation Failure) [PSYoungGen: 49536K->1392K(49664K)] 352942K->304798K(740864K), 0.0019658 secs] [Times: user=0.01 sys=0.00, real=0.00 secs] 
2403.532: [GC (Allocation Failure) [PSYoungGen: 49520K->1344K(49664K)] 352926K->304750K(740864K), 0.0029810 secs] [Times: user=0.01 sys=0.00, real=0.01 secs] 
2403.924: [GC (Allocation Failure) [PSYoungGen: 49472K->1408K(49664K)] 352878K->304814K(740864K), 0.0032358 secs] [Times: user=0.01 sys=0.00, real=0.00 secs] 
2404.276: [GC (Allocation Failure) [PSYoungGen: 49536K->1376K(49664K)] 352942K->304782K(740864K), 0.0027094 secs] [Times: user=0.01 sys=0.00, real=0.00 secs] 
2404.641: [GC (Allocation Failure) [PSYoungGen: 49504K->1456K(49664K)] 352910K->304862K(740864K), 0.0027154 secs] [Times: user=0.01 sys=0.00, real=0.01 secs] 
2405.471: [GC (Allocation Failure) [PSYoungGen: 49584K->1456K(49664K)] 352990K->304870K(740864K), 0.0017499 secs] [Times: user=0.01 sys=0.00, real=0.00 secs] 
2405.671: [GC (Allocation Failure) [PSYoungGen: 49584K->1376K(49664K)] 352998K->304790K(740864K), 0.0018007 secs] [Times: user=0.01 sys=0.00, real=0.00 secs] 
2406.015: [GC (Allocation Failure) [PSYoungGen: 49504K->1408K(49664K)] 352918K->304822K(740864K), 0.0018694 secs] [Times: user=0.01 sys=0.00, real=0.00 secs] 
2406.416: [GC (Allocation Failure) [PSYoungGen: 49536K->1392K(49664K)] 352950K->304806K(740864K), 0.0017312 secs] [Times: user=0.01 sys=0.00, real=0.00 secs] 
2406.784: [GC (Allocation Failure) [PSYoungGen: 49520K->1408K(49664K)] 352934K->304822K(740864K), 0.0028859 secs] [Times: user=0.01 sys=0.00, real=0.00 secs] 
2407.263: [GC (Allocation Failure) [PSYoungGen: 49536K->1376K(49664K)] 352950K->304790K(740864K), 0.0028303 secs] [Times: user=0.01 sys=0.00, real=0.01 secs] 
2408.231: [GC (Allocation Failure) [PSYoungGen: 49504K->224K(49152K)] 352918K->303638K(740352K), 0.0016510 secs] [Times: user=0.01 sys=0.00, real=0.00 secs] 
2409.801: [GC (Allocation Failure) [PSYoungGen: 47840K->1376K(49664K)] 351254K->304798K(740864K), 0.0040643 secs] [Times: user=0.01 sys=0.00, real=0.01 secs] 
2410.308: [GC (Allocation Failure) [PSYoungGen: 48992K->1376K(49664K)] 352414K->304798K(740864K), 0.0040385 secs] [Times: user=0.02 sys=0.00, real=0.00 secs] 
2410.711: [GC (Allocation Failure) [PSYoungGen: 48992K->1376K(49664K)] 352414K->304822K(740864K), 0.0023976 secs] [Times: user=0.01 sys=0.00, real=0.00 secs] 
2411.012: [GC (Allocation Failure) [PSYoungGen: 48992K->1376K(49664K)] 352438K->304822K(740864K), 0.0021994 secs] [Times: user=0.01 sys=0.00, real=0.01 secs] 
2411.357: [GC (Allocation Failure) [PSYoungGen: 48992K->1344K(49664K)] 352438K->304790K(740864K), 0.0022334 secs] [Times: user=0.01 sys=0.00, real=0.00 secs] 
2411.977: [GC (Allocation Failure) [PSYoungGen: 48960K->1405K(49664K)] 352406K->304851K(740864K), 0.0019047 secs] [Times: user=0.01 sys=0.00, real=0.00 secs] 
2412.666: [GC (Allocation Failure) [PSYoungGen: 49021K->1424K(49664K)] 352467K->304870K(740864K), 0.0028858 secs] [Times: user=0.01 sys=0.00, real=0.00 secs] 
2412.872: [GC (Allocation Failure) [PSYoungGen: 49040K->1376K(49664K)] 352486K->304822K(740864K), 0.0020367 secs] [Times: user=0.00 sys=0.00, real=0.01 secs] 
2413.070: [GC (Allocation Failure) [PSYoungGen: 48992K->1376K(49664K)] 352438K->304838K(740864K), 0.0020054 secs] [Times: user=0.01 sys=0.00, real=0.00 secs] 
2413.268: [GC (Allocation Failure) [PSYoungGen: 48992K->1408K(49664K)] 352454K->304870K(740864K), 0.0020021 secs] [Times: user=0.00 sys=0.00, real=0.00 secs] 
2413.466: [GC (Allocation Failure) [PSYoungGen: 49024K->1344K(49664K)] 352486K->304806K(740864K), 0.0019293 secs] [Times: user=0.01 sys=0.00, real=0.00 secs] 
2413.664: [GC (Allocation Failure) [PSYoungGen: 48960K->1408K(49664K)] 352422K->304870K(740864K), 0.0023272 secs] [Times: user=0.01 sys=0.00, real=0.00 secs] 
2414.569: [GC (Allocation Failure) [PSYoungGen: 49024K->1440K(49664K)] 352486K->304910K(740864K), 0.0026098 secs] [Times: user=0.01 sys=0.00, real=0.00 secs] 
2414.986: [GC (Allocation Failure) [PSYoungGen: 49056K->1424K(49664K)] 352526K->304894K(740864K), 0.0030029 secs] [Times: user=0.01 sys=0.00, real=0.00 secs] 
2415.433: [GC (Allocation Failure) [PSYoungGen: 49040K->1344K(49664K)] 352510K->304830K(740864K), 0.0026333 secs] [Times: user=0.02 sys=0.00, real=0.01 secs] 
2415.828: [GC (Allocation Failure) [PSYoungGen: 48960K->1408K(49664K)] 352446K->304894K(740864K), 0.0024018 secs] [Times: user=0.01 sys=0.00, real=0.00 secs] 
2416.032: [GC (Allocation Failure) [PSYoungGen: 49024K->1392K(49664K)] 352510K->304878K(740864K), 0.0019668 secs] [Times: user=0.01 sys=0.00, real=0.01 secs] 
2416.275: [GC (Allocation Failure) [PSYoungGen: 49008K->1440K(49664K)] 352494K->304926K(740864K), 0.0019191 secs] [Times: user=0.00 sys=0.01, real=0.00 secs] 
2417.106: [GC (Allocation Failure) [PSYoungGen: 49056K->1440K(49664K)] 352542K->304926K(740864K), 0.0019562 secs] [Times: user=0.01 sys=0.00, real=0.00 secs] 
2417.304: [GC (Allocation Failure) [PSYoungGen: 49056K->1344K(49664K)] 352542K->304830K(740864K), 0.0017299 secs] [Times: user=0.01 sys=0.00, real=0.00 secs] 
2417.502: [GC (Allocation Failure) [PSYoungGen: 48960K->1344K(49664K)] 352446K->304854K(740864K), 0.0017216 secs] [Times: user=0.01 sys=0.00, real=0.01 secs] 
2417.700: [GC (Allocation Failure) [PSYoungGen: 48960K->1376K(49152K)] 352470K->304886K(740352K), 0.0021206 secs] [Times: user=0.01 sys=0.00, real=0.00 secs] 
2417.900: [GC (Allocation Failure) [PSYoungGen: 48992K->1344K(49152K)] 352502K->304854K(740352K), 0.0023754 secs] [Times: user=0.01 sys=0.00, real=0.00 secs] 
2418.103: [GC (Allocation Failure) [PSYoungGen: 48960K->384K(48640K)] 352470K->304918K(739840K), 0.0026966 secs] [Times: user=0.01 sys=0.00, real=0.01 secs] 
2418.758: [GC (Allocation Failure) [PSYoungGen: 48000K->160K(49664K)] 352534K->304694K(740864K), 0.0016260 secs] [Times: user=0.00 sys=0.00, real=0.00 secs] 
2418.968: [GC (Allocation Failure) [PSYoungGen: 47776K->1376K(49664K)] 352310K->305910K(740864K), 0.0015230 secs] [Times: user=0.01 sys=0.00, real=0.00 secs] 
2419.165: [GC (Allocation Failure) [PSYoungGen: 48992K->1376K(49664K)] 353526K->305910K(740864K), 0.0015401 secs] [Times: user=0.01 sys=0.00, real=0.00 secs] 
2419.372: [GC (Allocation Failure) [PSYoungGen: 48992K->1376K(49664K)] 353526K->305910K(740864K), 0.0015264 secs] [Times: user=0.01 sys=0.00, real=0.01 secs] 
2419.569: [GC (Allocation Failure) [PSYoungGen: 48992K->1376K(49664K)] 353526K->305910K(740864K), 0.0015424 secs] [Times: user=0.01 sys=0.00, real=0.00 secs] 
2419.767: [GC (Allocation Failure) [PSYoungGen: 48992K->1376K(49664K)] 353526K->305910K(740864K), 0.0022135 secs] [Times: user=0.00 sys=0.00, real=0.00 secs] 
2420.381: [GC (Allocation Failure) [PSYoungGen: 48992K->1408K(49664K)] 353526K->305942K(740864K), 0.0017772 secs] [Times: user=0.01 sys=0.00, real=0.00 secs] 
2421.035: [GC (Allocation Failure) [PSYoungGen: 49024K->1376K(49664K)] 353558K->305910K(740864K), 0.0020090 secs] [Times: user=0.01 sys=0.00, real=0.00 secs] 
2421.244: [GC (Allocation Failure) [PSYoungGen: 48992K->1360K(49664K)] 353526K->305894K(740864K), 0.0019726 secs] [Times: user=0.01 sys=0.00, real=0.00 secs] 
2421.442: [GC (Allocation Failure) [PSYoungGen: 48976K->1376K(49664K)] 353510K->305910K(740864K), 0.0019528 secs] [Times: user=0.00 sys=0.00, real=0.01 secs] 
2421.656: [GC (Allocation Failure) [PSYoungGen: 48992K->1376K(49664K)] 353526K->305910K(740864K), 0.0020682 secs] [Times: user=0.01 sys=0.00, real=0.00 secs] 
2421.856: [GC (Allocation Failure) [PSYoungGen: 48992K->1408K(49664K)] 353526K->305942K(740864K), 0.0026473 secs] [Times: user=0.01 sys=0.00, real=0.00 secs] 
2422.052: [GC (Allocation Failure) [PSYoungGen: 49024K->1376K(49664K)] 353558K->305910K(740864K), 0.0022032 secs] [Times: user=0.01 sys=0.00, real=0.01 secs] 
2422.837: [GC (Allocation Failure) [PSYoungGen: 48992K->1440K(49664K)] 353526K->305974K(740864K), 0.0016353 secs] [Times: user=0.00 sys=0.00, real=0.00 secs] 
2423.042: [GC (Allocation Failure) [PSYoungGen: 49056K->1344K(49664K)] 353590K->305886K(740864K), 0.0017614 secs] [Times: user=0.01 sys=0.00, real=0.01 secs] 
2423.253: [GC (Allocation Failure) [PSYoungGen: 48960K->1408K(49664K)] 353502K->305950K(740864K), 0.0016040 secs] [Times: user=0.00 sys=0.00, real=0.01 secs] 
2423.529: [GC (Allocation Failure) [PSYoungGen: 49024K->1376K(49664K)] 353566K->305918K(740864K), 0.0015291 secs] [Times: user=0.01 sys=0.00, real=0.00 secs] 
2423.871: [GC (Allocation Failure) [PSYoungGen: 48992K->1344K(49664K)] 353534K->305886K(740864K), 0.0027741 secs] [Times: user=0.01 sys=0.00, real=0.01 secs] 
2424.236: [GC (Allocation Failure) [PSYoungGen: 48960K->1408K(49664K)] 353502K->305950K(740864K), 0.0031540 secs] [Times: user=0.01 sys=0.00, real=0.00 secs] 
2425.181: [GC (Allocation Failure) [PSYoungGen: 49024K->1440K(49664K)] 353566K->305982K(740864K), 0.0016771 secs] [Times: user=0.00 sys=0.00, real=0.00 secs] 
2425.648: [GC (Allocation Failure) [PSYoungGen: 49056K->1392K(49664K)] 353598K->305934K(740864K), 0.0019371 secs] [Times: user=0.01 sys=0.00, real=0.00 secs] 
2426.169: [GC (Allocation Failure) [PSYoungGen: 49008K->1392K(49664K)] 353550K->305934K(740864K), 0.0041504 secs] [Times: user=0.02 sys=0.00, real=0.00 secs] 
2426.697: [GC (Allocation Failure) [PSYoungGen: 49008K->1344K(49664K)] 353550K->305886K(740864K), 0.0053920 secs] [Times: user=0.02 sys=0.00, real=0.00 secs] 
2427.047: [GC (Allocation Failure) [PSYoungGen: 48960K->1408K(49664K)] 353502K->305950K(740864K), 0.0026463 secs] [Times: user=0.01 sys=0.00, real=0.00 secs] 
2427.371: [GC (Allocation Failure) [PSYoungGen: 49024K->1376K(49664K)] 353566K->305918K(740864K), 0.0024226 secs] [Times: user=0.01 sys=0.00, real=0.01 secs] 
2428.159: [GC (Allocation Failure) [PSYoungGen: 48992K->1405K(49664K)] 353534K->305971K(740864K), 0.0015665 secs] [Times: user=0.01 sys=0.00, real=0.00 secs] 
2428.750: [GC (Allocation Failure) [PSYoungGen: 49021K->1376K(49664K)] 353587K->305942K(740864K), 0.0018059 secs] [Times: user=0.01 sys=0.00, real=0.00 secs] 
2429.132: [GC (Allocation Failure) [PSYoungGen: 48992K->1344K(49152K)] 353558K->305910K(740352K), 0.0029698 secs] [Times: user=0.01 sys=0.00, real=0.01 secs] 
2429.512: [GC (Allocation Failure) [PSYoungGen: 48960K->1376K(49152K)] 353526K->305942K(740352K), 0.0033086 secs] [Times: user=0.01 sys=0.00, real=0.01 secs] 
2429.857: [GC (Allocation Failure) [PSYoungGen: 48992K->384K(48640K)] 353558K->305974K(739840K), 0.0025061 secs] [Times: user=0.01 sys=0.00, real=0.00 secs] 
2430.215: [GC (Allocation Failure) [PSYoungGen: 48000K->320K(49664K)] 353590K->305910K(740864K), 0.0026496 secs] [Times: user=0.01 sys=0.00, real=0.00 secs] 
2430.726: [GC (Allocation Failure) [PSYoungGen: 47936K->1373K(49664K)] 353526K->306963K(740864K), 0.0014985 secs] [Times: user=0.01 sys=0.00, real=0.00 secs] 
2431.311: [GC (Allocation Failure) [PSYoungGen: 48989K->1408K(49664K)] 354579K->306998K(740864K), 0.0017464 secs] [Times: user=0.01 sys=0.00, real=0.00 secs] 
2431.615: [GC (Allocation Failure) [PSYoungGen: 49024K->1408K(49664K)] 354614K->306998K(740864K), 0.0017937 secs] [Times: user=0.01 sys=0.00, real=0.00 secs] 
2431.983: [GC (Allocation Failure) [PSYoungGen: 49024K->1392K(49664K)] 354614K->306998K(740864K), 0.0034004 secs] [Times: user=0.02 sys=0.00, real=0.01 secs] 
2432.350: [GC (Allocation Failure) [PSYoungGen: 49008K->1344K(49664K)] 354614K->306950K(740864K), 0.0031395 secs] [Times: user=0.01 sys=0.00, real=0.01 secs] 
2432.731: [GC (Allocation Failure) [PSYoungGen: 48960K->1376K(49664K)] 354566K->306982K(740864K), 0.0030341 secs] [Times: user=0.01 sys=0.00, real=0.01 secs] 
2433.139: [GC (Allocation Failure) [PSYoungGen: 48992K->1376K(49664K)] 354598K->306982K(740864K), 0.0029994 secs] [Times: user=0.01 sys=0.00, real=0.00 secs] 
2433.903: [GC (Allocation Failure) [PSYoungGen: 48992K->1440K(49664K)] 354598K->307046K(740864K), 0.0015529 secs] [Times: user=0.01 sys=0.00, real=0.01 secs] 
2434.100: [GC (Allocation Failure) [PSYoungGen: 49056K->1408K(49664K)] 354662K->307014K(740864K), 0.0016348 secs] [Times: user=0.01 sys=0.00, real=0.00 secs] 
2434.330: [GC (Allocation Failure) [PSYoungGen: 49024K->1440K(49664K)] 354630K->307046K(740864K), 0.0018580 secs] [Times: user=0.00 sys=0.00, real=0.00 secs] 
2434.557: [GC (Allocation Failure) [PSYoungGen: 49056K->1376K(49664K)] 354662K->306982K(740864K), 0.0017548 secs] [Times: user=0.01 sys=0.00, real=0.00 secs] 
2434.755: [GC (Allocation Failure) [PSYoungGen: 48992K->1408K(49664K)] 354598K->307014K(740864K), 0.0017131 secs] [Times: user=0.00 sys=0.00, real=0.00 secs] 
2434.977: [GC (Allocation Failure) [PSYoungGen: 49024K->1408K(49664K)] 354630K->307014K(740864K), 0.0028916 secs] [Times: user=0.01 sys=0.01, real=0.00 secs] 
2435.788: [GC (Allocation Failure) [PSYoungGen: 49024K->1440K(49664K)] 354630K->307046K(740864K), 0.0020054 secs] [Times: user=0.01 sys=0.00, real=0.00 secs] 
2436.283: [GC (Allocation Failure) [PSYoungGen: 49056K->1376K(49664K)] 354662K->306982K(740864K), 0.0032128 secs] [Times: user=0.02 sys=0.00, real=0.00 secs] 
2436.641: [GC (Allocation Failure) [PSYoungGen: 48992K->1376K(49664K)] 354598K->306982K(740864K), 0.0026707 secs] [Times: user=0.01 sys=0.00, real=0.01 secs] 
2437.057: [GC (Allocation Failure) [PSYoungGen: 48992K->1408K(49664K)] 354598K->307022K(740864K), 0.0027350 secs] [Times: user=0.01 sys=0.00, real=0.00 secs] 
2437.431: [GC (Allocation Failure) [PSYoungGen: 49024K->1408K(49664K)] 354638K->307046K(740864K), 0.0026475 secs] [Times: user=0.01 sys=0.00, real=0.01 secs] 
2437.820: [GC (Allocation Failure) [PSYoungGen: 49024K->1408K(49664K)] 354662K->307062K(740864K), 0.0023325 secs] [Times: user=0.01 sys=0.00, real=0.00 secs] 
2438.542: [GC (Allocation Failure) [PSYoungGen: 49024K->1405K(49664K)] 354678K->307059K(740864K), 0.0015503 secs] [Times: user=0.01 sys=0.00, real=0.01 secs] 
2439.106: [GC (Allocation Failure) [PSYoungGen: 49021K->1376K(49664K)] 354675K->307030K(740864K), 0.0019249 secs] [Times: user=0.00 sys=0.00, real=0.00 secs] 
2439.545: [GC (Allocation Failure) [PSYoungGen: 48992K->1360K(49664K)] 354646K->307014K(740864K), 0.0021091 secs] [Times: user=0.01 sys=0.00, real=0.00 secs] 
2439.966: [GC (Allocation Failure) [PSYoungGen: 48976K->1392K(49664K)] 354630K->307046K(740864K), 0.0021841 secs] [Times: user=0.01 sys=0.00, real=0.00 secs] 
2440.231: [GC (Allocation Failure) [PSYoungGen: 49008K->1376K(49664K)] 354662K->307030K(740864K), 0.0020846 secs] [Times: user=0.01 sys=0.00, real=0.01 secs] 
2440.429: [GC (Allocation Failure) [PSYoungGen: 48992K->1376K(49152K)] 354646K->307030K(740352K), 0.0020244 secs] [Times: user=0.01 sys=0.00, real=0.00 secs] 
2440.720: [GC (Allocation Failure) [PSYoungGen: 48992K->1405K(49152K)] 354646K->307059K(740352K), 0.0015736 secs] [Times: user=0.01 sys=0.00, real=0.00 secs] 
2441.270: [GC (Allocation Failure) [PSYoungGen: 49021K->448K(48640K)] 354675K->307126K(739840K), 0.0017418 secs] [Times: user=0.01 sys=0.00, real=0.00 secs] 
2441.468: [GC (Allocation Failure) [PSYoungGen: 48064K->320K(49664K)] 354742K->306998K(740864K), 0.0016941 secs] [Times: user=0.01 sys=0.00, real=0.00 secs] 
2441.665: [GC (Allocation Failure) [PSYoungGen: 47936K->288K(49664K)] 354614K->306966K(740864K), 0.0017124 secs] [Times: user=0.00 sys=0.00, real=0.00 secs] 
2441.862: [GC (Allocation Failure) [PSYoungGen: 47904K->320K(49664K)] 354582K->306998K(740864K), 0.0017000 secs] [Times: user=0.01 sys=0.00, real=0.01 secs] 
2442.060: [GC (Allocation Failure) [PSYoungGen: 47936K->336K(49664K)] 354614K->307014K(740864K), 0.0018309 secs] [Times: user=0.01 sys=0.00, real=0.00 secs] 
2442.257: [GC (Allocation Failure) [PSYoungGen: 47952K->336K(49664K)] 354630K->307014K(740864K), 0.0017143 secs] [Times: user=0.00 sys=0.00, real=0.00 secs] 
2442.866: [GC (Allocation Failure) [PSYoungGen: 47952K->1440K(49152K)] 354630K->308118K(740352K), 0.0016059 secs] [Times: user=0.01 sys=0.00, real=0.00 secs] 
2443.061: [GC (Allocation Failure) [PSYoungGen: 48544K->1408K(49664K)] 355222K->308086K(740864K), 0.0015840 secs] [Times: user=0.01 sys=0.00, real=0.00 secs] 
2443.257: [GC (Allocation Failure) [PSYoungGen: 48512K->1440K(49664K)] 355190K->308118K(740864K), 0.0015570 secs] [Times: user=0.01 sys=0.00, real=0.00 secs] 
2443.452: [GC (Allocation Failure) [PSYoungGen: 48544K->1344K(49664K)] 355222K->308022K(740864K), 0.0015919 secs] [Times: user=0.00 sys=0.00, real=0.01 secs] 
2443.647: [GC (Allocation Failure) [PSYoungGen: 48448K->1344K(49664K)] 355126K->308022K(740864K), 0.0015889 secs] [Times: user=0.01 sys=0.00, real=0.00 secs] 
2443.868: [GC (Allocation Failure) [PSYoungGen: 48448K->1360K(49664K)] 355126K->308038K(740864K), 0.0015499 secs] [Times: user=0.00 sys=0.00, real=0.00 secs] 
2444.491: [GC (Allocation Failure) [PSYoungGen: 47998K->1952K(49664K)] 354676K->308630K(740864K), 0.0015444 secs] [Times: user=0.00 sys=0.00, real=0.00 secs] 
2444.883: [GC (Allocation Failure) [PSYoungGen: 49056K->1360K(49664K)] 355734K->308038K(740864K), 0.0016997 secs] [Times: user=0.00 sys=0.00, real=0.00 secs] 
2445.272: [GC (Allocation Failure) [PSYoungGen: 48464K->1376K(49664K)] 355142K->308054K(740864K), 0.0018110 secs] [Times: user=0.01 sys=0.00, real=0.01 secs] 
2445.649: [GC (Allocation Failure) [PSYoungGen: 48480K->1408K(49664K)] 355158K->308086K(740864K), 0.0018143 secs] [Times: user=0.01 sys=0.00, real=0.00 secs] 
2446.163: [GC (Allocation Failure) [PSYoungGen: 48512K->1344K(49664K)] 355190K->308022K(740864K), 0.0019906 secs] [Times: user=0.01 sys=0.00, real=0.01 secs] 
2446.717: [GC (Allocation Failure) [PSYoungGen: 48448K->1344K(49664K)] 355126K->308046K(740864K), 0.0026289 secs] [Times: user=0.01 sys=0.00, real=0.00 secs] 
2447.336: [GC (Allocation Failure) [PSYoungGen: 48448K->1376K(49664K)] 355150K->308078K(740864K), 0.0015070 secs] [Times: user=0.00 sys=0.00, real=0.00 secs] 
2448.125: [GC (Allocation Failure) [PSYoungGen: 48480K->1408K(48640K)] 355182K->308110K(739840K), 0.0019871 secs] [Times: user=0.01 sys=0.00, real=0.00 secs] 
2448.723: [GC (Allocation Failure) [PSYoungGen: 48512K->1408K(49152K)] 355214K->308110K(740352K), 0.0020853 secs] [Times: user=0.01 sys=0.00, real=0.00 secs] 
2449.233: [GC (Allocation Failure) [PSYoungGen: 48512K->1344K(49152K)] 355214K->308046K(740352K), 0.0020932 secs] [Times: user=0.01 sys=0.00, real=0.01 secs] 
2449.783: [GC (Allocation Failure) [PSYoungGen: 48448K->1408K(49152K)] 355150K->308110K(740352K), 0.0021153 secs] [Times: user=0.01 sys=0.00, real=0.00 secs] 
2450.328: [GC (Allocation Failure) [PSYoungGen: 48512K->1376K(49152K)] 355214K->308078K(740352K), 0.0019063 secs] [Times: user=0.01 sys=0.00, real=0.00 secs] 
2450.708: [GC (Allocation Failure) [PSYoungGen: 48480K->1376K(49152K)] 355182K->308078K(740352K), 0.0019085 secs] [Times: user=0.01 sys=0.01, real=0.00 secs] 
2451.852: [GC (Allocation Failure) [PSYoungGen: 48480K->1440K(49152K)] 355182K->308142K(740352K), 0.0032255 secs] [Times: user=0.01 sys=0.01, real=0.01 secs] 
2452.378: [GC (Allocation Failure) [PSYoungGen: 48544K->1376K(49152K)] 355246K->308078K(740352K), 0.0032357 secs] [Times: user=0.01 sys=0.00, real=0.00 secs] 
2452.792: [GC (Allocation Failure) [PSYoungGen: 48480K->1408K(49152K)] 355182K->308110K(740352K), 0.0027479 secs] [Times: user=0.02 sys=0.00, real=0.01 secs] 
2453.100: [GC (Allocation Failure) [PSYoungGen: 48512K->1376K(49152K)] 355214K->308078K(740352K), 0.0021610 secs] [Times: user=0.01 sys=0.00, real=0.00 secs] 
2453.296: [GC (Allocation Failure) [PSYoungGen: 48480K->1408K(49152K)] 355182K->308110K(740352K), 0.0020046 secs] [Times: user=0.01 sys=0.00, real=0.00 secs] 
2453.492: [GC (Allocation Failure) [PSYoungGen: 48512K->1376K(49152K)] 355214K->308078K(740352K), 0.0019643 secs] [Times: user=0.01 sys=0.00, real=0.01 secs] 
2454.156: [GC (Allocation Failure) [PSYoungGen: 48480K->1920K(49152K)] 355182K->308622K(740352K), 0.0015380 secs] [Times: user=0.00 sys=0.00, real=0.00 secs] 
2454.356: [GC (Allocation Failure) [PSYoungGen: 49024K->1440K(49152K)] 355726K->308142K(740352K), 0.0018569 secs] [Times: user=0.01 sys=0.00, real=0.00 secs] 
2454.552: [GC (Allocation Failure) [PSYoungGen: 48544K->1408K(49152K)] 355246K->308110K(740352K), 0.0017312 secs] [Times: user=0.00 sys=0.00, real=0.01 secs] 
2454.748: [GC (Allocation Failure) [PSYoungGen: 48512K->1376K(49152K)] 355214K->308078K(740352K), 0.0017392 secs] [Times: user=0.00 sys=0.00, real=0.00 secs] 
2454.944: [GC (Allocation Failure) [PSYoungGen: 48480K->1376K(49152K)] 355182K->308078K(740352K), 0.0018125 secs] [Times: user=0.01 sys=0.00, real=0.00 secs] 
2455.180: [GC (Allocation Failure) [PSYoungGen: 48480K->1408K(49152K)] 355182K->308110K(740352K), 0.0022315 secs] [Times: user=0.01 sys=0.00, real=0.00 secs] 
2455.732: [GC (Allocation Failure) [PSYoungGen: 48512K->1437K(49152K)] 355214K->308139K(740352K), 0.0015569 secs] [Times: user=0.01 sys=0.00, real=0.01 secs] 
2456.567: [GC (Allocation Failure) [PSYoungGen: 48541K->1408K(49152K)] 355243K->308110K(740352K), 0.0021601 secs] [Times: user=0.01 sys=0.00, real=0.00 secs] 
2457.185: [GC (Allocation Failure) [PSYoungGen: 48512K->1376K(49152K)] 355214K->308078K(740352K), 0.0043689 secs] [Times: user=0.01 sys=0.00, real=0.00 secs] 
2457.795: [GC (Allocation Failure) [PSYoungGen: 48480K->1376K(49152K)] 355182K->308102K(740352K), 0.0032351 secs] [Times: user=0.01 sys=0.00, real=0.00 secs] 
2458.171: [GC (Allocation Failure) [PSYoungGen: 48480K->1344K(49152K)] 355206K->308070K(740352K), 0.0039750 secs] [Times: user=0.02 sys=0.00, real=0.01 secs] 
2458.570: [GC (Allocation Failure) [PSYoungGen: 48448K->1376K(49152K)] 355174K->308102K(740352K), 0.0031311 secs] [Times: user=0.01 sys=0.00, real=0.00 secs] 
2458.785: [GC (Allocation Failure) [PSYoungGen: 48480K->1344K(49152K)] 355206K->308070K(740352K), 0.0022758 secs] [Times: user=0.01 sys=0.00, real=0.00 secs] 
2459.916: [GC (Allocation Failure) [PSYoungGen: 48448K->1408K(49152K)] 355174K->308134K(740352K), 0.0022258 secs] [Times: user=0.01 sys=0.00, real=0.00 secs] 
2460.906: [GC (Allocation Failure) [PSYoungGen: 48512K->1408K(49152K)] 355238K->308134K(740352K), 0.0039297 secs] [Times: user=0.02 sys=0.00, real=0.00 secs] 
2461.240: [GC (Allocation Failure) [PSYoungGen: 48512K->1344K(49152K)] 355238K->308078K(740352K), 0.0021963 secs] [Times: user=0.01 sys=0.00, real=0.00 secs] 
2461.436: [GC (Allocation Failure) [PSYoungGen: 48448K->1344K(49152K)] 355182K->308078K(740352K), 0.0024320 secs] [Times: user=0.01 sys=0.00, real=0.00 secs] 
2461.813: [GC (Allocation Failure) [PSYoungGen: 48448K->1392K(48640K)] 355182K->308126K(739840K), 0.0033389 secs] [Times: user=0.01 sys=0.00, real=0.01 secs] 
2462.228: [GC (Allocation Failure) [PSYoungGen: 48496K->1408K(48640K)] 355230K->308142K(739840K), 0.0044192 secs] [Times: user=0.01 sys=0.00, real=0.00 secs] 
2463.429: [GC (Allocation Failure) [PSYoungGen: 48512K->928K(48128K)] 355246K->309198K(739328K), 0.0090235 secs] [Times: user=0.03 sys=0.02, real=0.01 secs] 
2465.067: [GC (Allocation Failure) [PSYoungGen: 48032K->384K(49152K)] 356302K->308654K(740352K), 0.0042345 secs] [Times: user=0.02 sys=0.00, real=0.00 secs] 
2465.628: [GC (Allocation Failure) [PSYoungGen: 47488K->320K(49152K)] 355758K->308590K(740352K), 0.0030405 secs] [Times: user=0.02 sys=0.00, real=0.00 secs] 
2466.031: [GC (Allocation Failure) [PSYoungGen: 47424K->352K(49152K)] 355694K->308622K(740352K), 0.0026659 secs] [Times: user=0.01 sys=0.00, real=0.01 secs] 
2466.296: [GC (Allocation Failure) [PSYoungGen: 47456K->384K(49152K)] 355726K->308654K(740352K), 0.0019330 secs] [Times: user=0.01 sys=0.00, real=0.00 secs] 
2466.492: [GC (Allocation Failure) [PSYoungGen: 47488K->352K(49152K)] 355758K->308622K(740352K), 0.0019316 secs] [Times: user=0.01 sys=0.00, real=0.01 secs] 
2466.932: [GC (Allocation Failure) [PSYoungGen: 47456K->1373K(49152K)] 355726K->309643K(740352K), 0.0014746 secs] [Times: user=0.00 sys=0.00, real=0.01 secs] 
2468.131: [GC (Allocation Failure) [PSYoungGen: 48477K->1376K(49152K)] 356747K->309646K(740352K), 0.0037694 secs] [Times: user=0.01 sys=0.00, real=0.01 secs] 
2468.608: [GC (Allocation Failure) [PSYoungGen: 48480K->1408K(49664K)] 356750K->309678K(740864K), 0.0025388 secs] [Times: user=0.01 sys=0.00, real=0.00 secs] 
2469.050: [GC (Allocation Failure) [PSYoungGen: 48512K->1408K(49664K)] 356782K->309678K(740864K), 0.0023741 secs] [Times: user=0.01 sys=0.00, real=0.00 secs] 
2469.427: [GC (Allocation Failure) [PSYoungGen: 48512K->1408K(49664K)] 356782K->309678K(740864K), 0.0023367 secs] [Times: user=0.01 sys=0.00, real=0.00 secs] 
2469.784: [GC (Allocation Failure) [PSYoungGen: 48512K->1408K(49664K)] 356782K->309678K(740864K), 0.0022268 secs] [Times: user=0.00 sys=0.00, real=0.00 secs] 
2469.980: [GC (Allocation Failure) [PSYoungGen: 48512K->1376K(49664K)] 356782K->309646K(740864K), 0.0020076 secs] [Times: user=0.01 sys=0.00, real=0.00 secs] 
2470.693: [GC (Allocation Failure) [PSYoungGen: 48480K->1440K(49664K)] 356750K->309742K(740864K), 0.0017807 secs] [Times: user=0.00 sys=0.00, real=0.01 secs] 
2471.046: [GC (Allocation Failure) [PSYoungGen: 48544K->1376K(49664K)] 356846K->309678K(740864K), 0.0018781 secs] [Times: user=0.01 sys=0.00, real=0.00 secs] 
2471.424: [GC (Allocation Failure) [PSYoungGen: 48480K->1408K(49664K)] 356782K->309710K(740864K), 0.0040691 secs] [Times: user=0.02 sys=0.00, real=0.00 secs] 
2471.794: [GC (Allocation Failure) [PSYoungGen: 48512K->1376K(48640K)] 356814K->309678K(739840K), 0.0029076 secs] [Times: user=0.01 sys=0.00, real=0.00 secs] 
2472.202: [GC (Allocation Failure) [PSYoungGen: 48480K->1408K(49152K)] 356782K->309710K(740352K), 0.0025940 secs] [Times: user=0.01 sys=0.00, real=0.01 secs] 
2472.663: [GC (Allocation Failure) [PSYoungGen: 48512K->1376K(49152K)] 356814K->309678K(740352K), 0.0027353 secs] [Times: user=0.01 sys=0.00, real=0.01 secs] 
2473.460: [GC (Allocation Failure) [PSYoungGen: 48480K->1888K(49152K)] 356782K->310702K(740352K), 0.0018775 secs] [Times: user=0.01 sys=0.00, real=0.00 secs] 
2473.736: [GC (Allocation Failure) [PSYoungGen: 48992K->1408K(49664K)] 357806K->310222K(740864K), 0.0020598 secs] [Times: user=0.01 sys=0.00, real=0.00 secs] 
2473.932: [GC (Allocation Failure) [PSYoungGen: 48512K->1376K(48640K)] 357326K->310190K(739840K), 0.0020818 secs] [Times: user=0.00 sys=0.00, real=0.01 secs] 
2474.129: [GC (Allocation Failure) [PSYoungGen: 48480K->1344K(49152K)] 357294K->310158K(740352K), 0.0017670 secs] [Times: user=0.00 sys=0.00, real=0.00 secs] 
2474.325: [GC (Allocation Failure) [PSYoungGen: 48448K->1344K(49152K)] 357262K->310158K(740352K), 0.0020134 secs] [Times: user=0.01 sys=0.00, real=0.00 secs] 
2474.564: [GC (Allocation Failure) [PSYoungGen: 48448K->1408K(49152K)] 357262K->310222K(740352K), 0.0019843 secs] [Times: user=0.01 sys=0.01, real=0.00 secs] 
2475.184: [GC (Allocation Failure) [PSYoungGen: 48512K->1373K(49152K)] 357326K->310187K(740352K), 0.0015213 secs] [Times: user=0.01 sys=0.00, real=0.00 secs] 
2476.334: [GC (Allocation Failure) [PSYoungGen: 48477K->1472K(49152K)] 357291K->310286K(740352K), 0.0028443 secs] [Times: user=0.01 sys=0.00, real=0.00 secs] 
2476.813: [GC (Allocation Failure) [PSYoungGen: 48576K->1376K(49152K)] 357390K->310190K(740352K), 0.0025289 secs] [Times: user=0.01 sys=0.00, real=0.01 secs] 
2477.314: [GC (Allocation Failure) [PSYoungGen: 48480K->1408K(49152K)] 357294K->310230K(740352K), 0.0026404 secs] [Times: user=0.01 sys=0.00, real=0.00 secs] 
2477.842: [GC (Allocation Failure) [PSYoungGen: 48512K->1408K(49152K)] 357334K->310230K(740352K), 0.0026495 secs] [Times: user=0.01 sys=0.00, real=0.01 secs] 
2478.316: [GC (Allocation Failure) [PSYoungGen: 48512K->1376K(49152K)] 357334K->310198K(740352K), 0.0038507 secs] [Times: user=0.02 sys=0.00, real=0.00 secs] 
2478.642: [GC (Allocation Failure) [PSYoungGen: 48480K->1376K(49152K)] 357302K->310222K(740352K), 0.0026614 secs] [Times: user=0.01 sys=0.00, real=0.01 secs] 
2480.504: [GC (Allocation Failure) [PSYoungGen: 48480K->1408K(49152K)] 357326K->310254K(740352K), 0.0031512 secs] [Times: user=0.01 sys=0.00, real=0.00 secs] 
2481.328: [GC (Allocation Failure) [PSYoungGen: 48512K->1376K(49152K)] 357358K->310222K(740352K), 0.0043786 secs] [Times: user=0.02 sys=0.00, real=0.00 secs] 
2482.190: [GC (Allocation Failure) [PSYoungGen: 48480K->1376K(49152K)] 357326K->310222K(740352K), 0.0038377 secs] [Times: user=0.02 sys=0.00, real=0.01 secs] 
2482.680: [GC (Allocation Failure) [PSYoungGen: 48480K->1344K(49152K)] 357326K->310190K(740352K), 0.0031455 secs] [Times: user=0.02 sys=0.00, real=0.01 secs] 
2483.062: [GC (Allocation Failure) [PSYoungGen: 48448K->1360K(49152K)] 357294K->310206K(740352K), 0.0024055 secs] [Times: user=0.01 sys=0.00, real=0.01 secs] 
2483.321: [GC (Allocation Failure) [PSYoungGen: 48464K->1344K(49152K)] 357310K->310190K(740352K), 0.0022011 secs] [Times: user=0.01 sys=0.00, real=0.00 secs] 
2484.187: [GC (Allocation Failure) [PSYoungGen: 48448K->1952K(49152K)] 357294K->310798K(740352K), 0.0020513 secs] [Times: user=0.00 sys=0.00, real=0.00 secs] 
2485.067: [GC (Allocation Failure) [PSYoungGen: 49056K->1408K(49152K)] 357902K->310254K(740352K), 0.0021430 secs] [Times: user=0.01 sys=0.00, real=0.00 secs] 
2485.514: [GC (Allocation Failure) [PSYoungGen: 48512K->1408K(49152K)] 357358K->310254K(740352K), 0.0019756 secs] [Times: user=0.00 sys=0.00, real=0.00 secs] 
2485.978: [GC (Allocation Failure) [PSYoungGen: 48512K->1376K(49152K)] 357358K->310222K(740352K), 0.0020920 secs] [Times: user=0.01 sys=0.00, real=0.00 secs] 
2486.482: [GC (Allocation Failure) [PSYoungGen: 48480K->1376K(49152K)] 357326K->310222K(740352K), 0.0020160 secs] [Times: user=0.00 sys=0.00, real=0.01 secs] 
2486.945: [GC (Allocation Failure) [PSYoungGen: 48480K->1440K(49152K)] 357326K->310286K(740352K), 0.0023374 secs] [Times: user=0.01 sys=0.00, real=0.00 secs] 
2487.567: [GC (Allocation Failure) [PSYoungGen: 48544K->1421K(49152K)] 357390K->310267K(740352K), 0.0015496 secs] [Times: user=0.01 sys=0.00, real=0.00 secs] 
2488.768: [GC (Allocation Failure) [PSYoungGen: 48525K->1440K(49152K)] 357371K->310286K(740352K), 0.0033542 secs] [Times: user=0.02 sys=0.00, real=0.00 secs] 
2489.562: [GC (Allocation Failure) [PSYoungGen: 48544K->1376K(49152K)] 357390K->310222K(740352K), 0.0039584 secs] [Times: user=0.02 sys=0.00, real=0.01 secs] 
2490.170: [GC (Allocation Failure) [PSYoungGen: 48480K->1360K(49152K)] 357326K->310206K(740352K), 0.0029573 secs] [Times: user=0.01 sys=0.00, real=0.00 secs] 
2490.399: [GC (Allocation Failure) [PSYoungGen: 48464K->1344K(49152K)] 357310K->310190K(740352K), 0.0020627 secs] [Times: user=0.01 sys=0.00, real=0.00 secs] 
2490.649: [GC (Allocation Failure) [PSYoungGen: 48448K->1376K(49152K)] 357294K->310246K(740352K), 0.0019475 secs] [Times: user=0.01 sys=0.00, real=0.00 secs] 
2491.128: [GC (Allocation Failure) [PSYoungGen: 48480K->1376K(49152K)] 357350K->310246K(740352K), 0.0019689 secs] [Times: user=0.01 sys=0.00, real=0.00 secs] 
2491.908: [GC (Allocation Failure) [PSYoungGen: 48480K->1408K(49152K)] 357350K->310278K(740352K), 0.0019426 secs] [Times: user=0.00 sys=0.00, real=0.00 secs] 
2492.142: [GC (Allocation Failure) [PSYoungGen: 48512K->1440K(49152K)] 357382K->310310K(740352K), 0.0021699 secs] [Times: user=0.00 sys=0.00, real=0.01 secs] 
2492.342: [GC (Allocation Failure) [PSYoungGen: 48544K->1408K(48640K)] 357414K->310294K(739840K), 0.0022206 secs] [Times: user=0.01 sys=0.00, real=0.01 secs] 
2492.539: [GC (Allocation Failure) [PSYoungGen: 48512K->1376K(48640K)] 357398K->310262K(739840K), 0.0020072 secs] [Times: user=0.01 sys=0.00, real=0.00 secs] 
2492.784: [GC (Allocation Failure) [PSYoungGen: 48480K->1376K(48640K)] 357366K->310262K(739840K), 0.0020948 secs] [Times: user=0.00 sys=0.00, real=0.00 secs] 
2492.980: [GC (Allocation Failure) [PSYoungGen: 48480K->1376K(48640K)] 357366K->310262K(739840K), 0.0018505 secs] [Times: user=0.01 sys=0.00, real=0.00 secs] 
2493.827: [GC (Allocation Failure) [PSYoungGen: 48480K->1472K(48640K)] 357366K->311382K(739840K), 0.0022059 secs] [Times: user=0.00 sys=0.00, real=0.00 secs] 
2494.616: [GC (Allocation Failure) [PSYoungGen: 48576K->320K(48128K)] 358486K->310230K(739328K), 0.0029565 secs] [Times: user=0.02 sys=0.00, real=0.00 secs] 
2494.802: [GC (Allocation Failure) [PSYoungGen: 46912K->384K(48640K)] 356822K->310294K(739840K), 0.0023321 secs] [Times: user=0.01 sys=0.00, real=0.01 secs] 
2494.997: [GC (Allocation Failure) [PSYoungGen: 46976K->320K(48640K)] 356886K->310238K(739840K), 0.0019469 secs] [Times: user=0.00 sys=0.00, real=0.00 secs] 
2495.268: [GC (Allocation Failure) [PSYoungGen: 46912K->352K(48640K)] 356830K->310270K(739840K), 0.0017929 secs] [Times: user=0.01 sys=0.00, real=0.00 secs] 
2495.682: [GC (Allocation Failure) [PSYoungGen: 46944K->384K(48640K)] 356862K->310302K(739840K), 0.0018466 secs] [Times: user=0.00 sys=0.00, real=0.01 secs] 
2496.275: [GC (Allocation Failure) [PSYoungGen: 46976K->1405K(48640K)] 356894K->311323K(739840K), 0.0015649 secs] [Times: user=0.01 sys=0.00, real=0.00 secs] 
2496.814: [GC (Allocation Failure) [PSYoungGen: 47997K->1376K(48128K)] 357915K->311294K(739328K), 0.0018948 secs] [Times: user=0.00 sys=0.00, real=0.00 secs] 
2497.027: [GC (Allocation Failure) [PSYoungGen: 47456K->1456K(48640K)] 357374K->311374K(739840K), 0.0020400 secs] [Times: user=0.01 sys=0.00, real=0.00 secs] 
2497.230: [GC (Allocation Failure) [PSYoungGen: 47536K->1376K(48640K)] 357454K->311310K(739840K), 0.0019958 secs] [Times: user=0.01 sys=0.00, real=0.00 secs] 
2497.433: [GC (Allocation Failure) [PSYoungGen: 47456K->1376K(48640K)] 357390K->311310K(739840K), 0.0026955 secs] [Times: user=0.01 sys=0.00, real=0.01 secs] 
2497.668: [GC (Allocation Failure) [PSYoungGen: 47456K->1408K(48640K)] 357390K->311342K(739840K), 0.0024045 secs] [Times: user=0.01 sys=0.00, real=0.00 secs] 
2497.863: [GC (Allocation Failure) [PSYoungGen: 47488K->1376K(48640K)] 357422K->311310K(739840K), 0.0019754 secs] [Times: user=0.00 sys=0.00, real=0.01 secs] 
2498.551: [GC (Allocation Failure) [PSYoungGen: 47456K->1408K(48640K)] 357390K->311342K(739840K), 0.0019391 secs] [Times: user=0.00 sys=0.00, real=0.00 secs] 
2498.946: [GC (Allocation Failure) [PSYoungGen: 47488K->1376K(48640K)] 357422K->311310K(739840K), 0.0019950 secs] [Times: user=0.01 sys=0.00, real=0.00 secs] 
2499.361: [GC (Allocation Failure) [PSYoungGen: 47456K->1440K(48640K)] 357390K->311374K(739840K), 0.0021497 secs] [Times: user=0.01 sys=0.01, real=0.01 secs] 
2499.884: [GC (Allocation Failure) [PSYoungGen: 47520K->1392K(47616K)] 357454K->311326K(738816K), 0.0041002 secs] [Times: user=0.02 sys=0.00, real=0.00 secs] 
2500.499: [GC (Allocation Failure) [PSYoungGen: 47472K->1376K(48128K)] 357406K->311310K(739328K), 0.0044254 secs] [Times: user=0.01 sys=0.00, real=0.01 secs] 
2501.117: [GC (Allocation Failure) [PSYoungGen: 47456K->1376K(48128K)] 357390K->311310K(739328K), 0.0039100 secs] [Times: user=0.02 sys=0.00, real=0.00 secs] 
2502.019: [GC (Allocation Failure) [PSYoungGen: 47456K->1341K(48128K)] 357390K->311275K(739328K), 0.0015935 secs] [Times: user=0.01 sys=0.00, real=0.00 secs] 
2503.143: [GC (Allocation Failure) [PSYoungGen: 47421K->1376K(48128K)] 357355K->311310K(739328K), 0.0026957 secs] [Times: user=0.01 sys=0.00, real=0.01 secs] 
2503.791: [GC (Allocation Failure) [PSYoungGen: 47456K->1376K(48128K)] 357390K->311310K(739328K), 0.0030668 secs] [Times: user=0.01 sys=0.00, real=0.01 secs] 
2504.456: [GC (Allocation Failure) [PSYoungGen: 47456K->1344K(48128K)] 357390K->311278K(739328K), 0.0033013 secs] [Times: user=0.01 sys=0.00, real=0.00 secs] 
2505.020: [GC (Allocation Failure) [PSYoungGen: 47424K->1344K(48128K)] 357358K->311278K(739328K), 0.0034050 secs] [Times: user=0.01 sys=0.00, real=0.01 secs] 
2505.622: [GC (Allocation Failure) [PSYoungGen: 47424K->1424K(48128K)] 357358K->311358K(739328K), 0.0034453 secs] [Times: user=0.02 sys=0.00, real=0.01 secs] 
2506.167: [GC (Allocation Failure) [PSYoungGen: 47504K->1376K(48128K)] 357438K->311310K(739328K), 0.0033472 secs] [Times: user=0.02 sys=0.00, real=0.00 secs] 
2506.927: [GC (Allocation Failure) [PSYoungGen: 47456K->1440K(48128K)] 357390K->311374K(739328K), 0.0018035 secs] [Times: user=0.01 sys=0.00, real=0.00 secs] 
2507.223: [GC (Allocation Failure) [PSYoungGen: 47520K->1344K(48128K)] 357454K->311278K(739328K), 0.0020171 secs] [Times: user=0.01 sys=0.00, real=0.01 secs] 
2507.421: [GC (Allocation Failure) [PSYoungGen: 47424K->1376K(48128K)] 357358K->311310K(739328K), 0.0019635 secs] [Times: user=0.01 sys=0.00, real=0.00 secs] 
2507.617: [GC (Allocation Failure) [PSYoungGen: 47456K->1344K(48128K)] 357390K->311278K(739328K), 0.0019131 secs] [Times: user=0.01 sys=0.00, real=0.00 secs] 
2507.814: [GC (Allocation Failure) [PSYoungGen: 47424K->1408K(48128K)] 357358K->311342K(739328K), 0.0019547 secs] [Times: user=0.01 sys=0.00, real=0.00 secs] 
2508.052: [GC (Allocation Failure) [PSYoungGen: 47488K->1344K(48128K)] 357422K->311278K(739328K), 0.0019359 secs] [Times: user=0.01 sys=0.00, real=0.01 secs] 
2508.663: [GC (Allocation Failure) [PSYoungGen: 47424K->1408K(48128K)] 357358K->311342K(739328K), 0.0014486 secs] [Times: user=0.01 sys=0.00, real=0.01 secs] 
2509.360: [GC (Allocation Failure) [PSYoungGen: 47488K->1408K(48128K)] 357422K->311342K(739328K), 0.0020399 secs] [Times: user=0.01 sys=0.00, real=0.00 secs] 
2509.932: [GC (Allocation Failure) [PSYoungGen: 47488K->1408K(48128K)] 357422K->311366K(739328K), 0.0037959 secs] [Times: user=0.01 sys=0.00, real=0.01 secs] 
2510.522: [GC (Allocation Failure) [PSYoungGen: 47488K->1344K(48128K)] 357446K->311302K(739328K), 0.0031824 secs] [Times: user=0.01 sys=0.00, real=0.01 secs] 
2510.949: [GC (Allocation Failure) [PSYoungGen: 47424K->1376K(48128K)] 357382K->311334K(739328K), 0.0024797 secs] [Times: user=0.01 sys=0.00, real=0.00 secs] 
2511.226: [GC (Allocation Failure) [PSYoungGen: 47456K->1344K(48128K)] 357414K->311302K(739328K), 0.0021533 secs] [Times: user=0.01 sys=0.00, real=0.00 secs] 
2511.526: [GC (Allocation Failure) [PSYoungGen: 47424K->1344K(47616K)] 357382K->311302K(738816K), 0.0023770 secs] [Times: user=0.01 sys=0.00, real=0.00 secs] 
2512.555: [GC (Allocation Failure) [PSYoungGen: 47424K->1408K(47616K)] 357382K->311366K(738816K), 0.0018119 secs] [Times: user=0.01 sys=0.00, real=0.00 secs] 
2513.245: [GC (Allocation Failure) [PSYoungGen: 47488K->1376K(47616K)] 357446K->311334K(738816K), 0.0021672 secs] [Times: user=0.01 sys=0.00, real=0.00 secs] 
2513.715: [GC (Allocation Failure) [PSYoungGen: 47456K->1376K(47616K)] 357414K->311334K(738816K), 0.0022107 secs] [Times: user=0.01 sys=0.00, real=0.00 secs] 
2514.249: [GC (Allocation Failure) [PSYoungGen: 47456K->1424K(47616K)] 357414K->311382K(738816K), 0.0028717 secs] [Times: user=0.01 sys=0.00, real=0.00 secs] 
2514.864: [GC (Allocation Failure) [PSYoungGen: 47504K->1424K(47616K)] 357462K->311382K(738816K), 0.0026805 secs] [Times: user=0.01 sys=0.01, real=0.00 secs] 
2515.290: [GC (Allocation Failure) [PSYoungGen: 47504K->1376K(47616K)] 357462K->311334K(738816K), 0.0027639 secs] [Times: user=0.01 sys=0.00, real=0.00 secs] 
2516.079: [GC (Allocation Failure) [PSYoungGen: 46672K->288K(47104K)] 356630K->310246K(738304K), 0.0014627 secs] [Times: user=0.00 sys=0.00, real=0.00 secs] 
2516.571: [GC (Allocation Failure) [PSYoungGen: 45856K->1408K(47616K)] 355814K->311366K(738816K), 0.0018088 secs] [Times: user=0.01 sys=0.00, real=0.00 secs] 
2516.970: [GC (Allocation Failure) [PSYoungGen: 46976K->1440K(47616K)] 356934K->311398K(738816K), 0.0020306 secs] [Times: user=0.00 sys=0.01, real=0.00 secs] 
2517.219: [GC (Allocation Failure) [PSYoungGen: 47008K->1376K(47616K)] 356966K->311334K(738816K), 0.0020959 secs] [Times: user=0.01 sys=0.00, real=0.00 secs] 
2517.409: [GC (Allocation Failure) [PSYoungGen: 46944K->1408K(47616K)] 356902K->311366K(738816K), 0.0020431 secs] [Times: user=0.01 sys=0.00, real=0.00 secs] 
2517.598: [GC (Allocation Failure) [PSYoungGen: 46976K->1376K(47616K)] 356934K->311334K(738816K), 0.0018491 secs] [Times: user=0.01 sys=0.00, real=0.00 secs] 
2517.816: [GC (Allocation Failure) [PSYoungGen: 46944K->1408K(47616K)] 356902K->311366K(738816K), 0.0019443 secs] [Times: user=0.01 sys=0.00, real=0.00 secs] 
2518.596: [GC (Allocation Failure) [PSYoungGen: 46976K->1440K(47616K)] 356934K->311398K(738816K), 0.0019551 secs] [Times: user=0.01 sys=0.00, real=0.00 secs] 
2519.059: [GC (Allocation Failure) [PSYoungGen: 47008K->1344K(47616K)] 356966K->311302K(738816K), 0.0019909 secs] [Times: user=0.01 sys=0.00, real=0.00 secs] 
2519.675: [GC (Allocation Failure) [PSYoungGen: 46912K->1360K(47616K)] 356870K->311342K(738816K), 0.0019512 secs] [Times: user=0.01 sys=0.00, real=0.00 secs] 
2520.188: [GC (Allocation Failure) [PSYoungGen: 46928K->1344K(47616K)] 356910K->311326K(738816K), 0.0019979 secs] [Times: user=0.01 sys=0.00, real=0.00 secs] 
2520.718: [GC (Allocation Failure) [PSYoungGen: 46912K->1424K(47616K)] 356894K->311406K(738816K), 0.0018317 secs] [Times: user=0.01 sys=0.00, real=0.00 secs] 
2521.268: [GC (Allocation Failure) [PSYoungGen: 46992K->1408K(47616K)] 356974K->311390K(738816K), 0.0021247 secs] [Times: user=0.01 sys=0.00, real=0.00 secs] 
2522.161: [GC (Allocation Failure) [PSYoungGen: 46976K->1389K(47616K)] 356958K->311371K(738816K), 0.0014629 secs] [Times: user=0.01 sys=0.00, real=0.00 secs] 
2522.483: [GC (Allocation Failure) [PSYoungGen: 46957K->1472K(47616K)] 356939K->311454K(738816K), 0.0018677 secs] [Times: user=0.01 sys=0.00, real=0.01 secs] 
2522.672: [GC (Allocation Failure) [PSYoungGen: 47040K->1440K(47616K)] 357022K->311422K(738816K), 0.0018057 secs] [Times: user=0.00 sys=0.00, real=0.01 secs] 
2522.862: [GC (Allocation Failure) [PSYoungGen: 47008K->1376K(47616K)] 356990K->311358K(738816K), 0.0018974 secs] [Times: user=0.01 sys=0.00, real=0.01 secs] 
2523.051: [GC (Allocation Failure) [PSYoungGen: 46944K->1376K(47616K)] 356926K->311358K(738816K), 0.0018784 secs] [Times: user=0.00 sys=0.00, real=0.01 secs] 
2523.241: [GC (Allocation Failure) [PSYoungGen: 46944K->1376K(47616K)] 356926K->311358K(738816K), 0.0018501 secs] [Times: user=0.01 sys=0.00, real=0.00 secs] 
2523.430: [GC (Allocation Failure) [PSYoungGen: 46944K->1408K(47616K)] 356926K->311390K(738816K), 0.0018402 secs] [Times: user=0.01 sys=0.00, real=0.00 secs] 
2524.371: [GC (Allocation Failure) [PSYoungGen: 46976K->1408K(47104K)] 356958K->311390K(738304K), 0.0020973 secs] [Times: user=0.00 sys=0.00, real=0.01 secs] 
2525.626: [GC (Allocation Failure) [PSYoungGen: 46976K->1424K(47104K)] 356958K->311406K(738304K), 0.0027903 secs] [Times: user=0.01 sys=0.00, real=0.00 secs] 
2526.326: [GC (Allocation Failure) [PSYoungGen: 46992K->400K(46592K)] 356974K->311406K(737792K), 0.0026223 secs] [Times: user=0.01 sys=0.00, real=0.00 secs] 
2527.100: [GC (Allocation Failure) [PSYoungGen: 45968K->352K(47616K)] 356974K->311358K(738816K), 0.0031533 secs] [Times: user=0.01 sys=0.00, real=0.01 secs] 
2527.916: [GC (Allocation Failure) [PSYoungGen: 45920K->352K(47616K)] 356926K->311358K(738816K), 0.0038345 secs] [Times: user=0.01 sys=0.00, real=0.00 secs] 
2528.824: [GC (Allocation Failure) [PSYoungGen: 45920K->288K(47616K)] 356926K->311294K(738816K), 0.0039693 secs] [Times: user=0.01 sys=0.00, real=0.00 secs] 
2529.995: [GC (Allocation Failure) [PSYoungGen: 45856K->1373K(47616K)] 356862K->312379K(738816K), 0.0015083 secs] [Times: user=0.01 sys=0.00, real=0.00 secs] 
2530.509: [GC (Allocation Failure) [PSYoungGen: 46941K->1440K(47616K)] 357947K->312446K(738816K), 0.0019240 secs] [Times: user=0.01 sys=0.00, real=0.00 secs] 
2530.699: [GC (Allocation Failure) [PSYoungGen: 47008K->1376K(47616K)] 358014K->312406K(738816K), 0.0019480 secs] [Times: user=0.01 sys=0.00, real=0.00 secs] 
2530.930: [GC (Allocation Failure) [PSYoungGen: 46944K->1424K(47616K)] 357974K->312454K(738816K), 0.0020855 secs] [Times: user=0.01 sys=0.00, real=0.00 secs] 
2531.120: [GC (Allocation Failure) [PSYoungGen: 46992K->1376K(48128K)] 358022K->312406K(739328K), 0.0019418 secs] [Times: user=0.00 sys=0.00, real=0.00 secs] 
2531.346: [GC (Allocation Failure) [PSYoungGen: 46944K->1408K(47104K)] 357974K->312438K(738304K), 0.0020668 secs] [Times: user=0.01 sys=0.00, real=0.00 secs] 
2531.536: [GC (Allocation Failure) [PSYoungGen: 46976K->1392K(47616K)] 358006K->312422K(738816K), 0.0020809 secs] [Times: user=0.01 sys=0.00, real=0.00 secs] 
2532.201: [GC (Allocation Failure) [PSYoungGen: 46960K->1408K(47616K)] 357990K->312438K(738816K), 0.0018378 secs] [Times: user=0.01 sys=0.00, real=0.00 secs] 
2532.396: [GC (Allocation Failure) [PSYoungGen: 46976K->1376K(47616K)] 358006K->312406K(738816K), 0.0018616 secs] [Times: user=0.01 sys=0.00, real=0.00 secs] 
2532.586: [GC (Allocation Failure) [PSYoungGen: 46944K->1408K(47616K)] 357974K->312438K(738816K), 0.0018375 secs] [Times: user=0.01 sys=0.00, real=0.00 secs] 
2532.839: [GC (Allocation Failure) [PSYoungGen: 46976K->1376K(47616K)] 358006K->312406K(738816K), 0.0019368 secs] [Times: user=0.00 sys=0.00, real=0.00 secs] 
2533.028: [GC (Allocation Failure) [PSYoungGen: 46944K->1408K(47616K)] 357974K->312438K(738816K), 0.0019310 secs] [Times: user=0.01 sys=0.00, real=0.00 secs] 
2533.244: [GC (Allocation Failure) [PSYoungGen: 46976K->1376K(47616K)] 358006K->312414K(738816K), 0.0019760 secs] [Times: user=0.01 sys=0.00, real=0.00 secs] 
2533.692: [GC (Allocation Failure) [PSYoungGen: 46944K->1373K(47616K)] 357982K->312411K(738816K), 0.0020299 secs] [Times: user=0.01 sys=0.00, real=0.01 secs] 
2534.315: [GC (Allocation Failure) [PSYoungGen: 46941K->1424K(47616K)] 357979K->312470K(738816K), 0.0041450 secs] [Times: user=0.02 sys=0.00, real=0.00 secs] 
2534.688: [GC (Allocation Failure) [PSYoungGen: 46992K->1408K(47616K)] 358038K->312454K(738816K), 0.0032114 secs] [Times: user=0.01 sys=0.01, real=0.00 secs] 
2535.042: [GC (Allocation Failure) [PSYoungGen: 46976K->1392K(47616K)] 358022K->312438K(738816K), 0.0028593 secs] [Times: user=0.01 sys=0.00, real=0.01 secs] 
2535.420: [GC (Allocation Failure) [PSYoungGen: 46960K->1376K(47616K)] 358006K->312422K(738816K), 0.0026252 secs] [Times: user=0.02 sys=0.00, real=0.00 secs] 
2535.790: [GC (Allocation Failure) [PSYoungGen: 46944K->1408K(47616K)] 357990K->312454K(738816K), 0.0024145 secs] [Times: user=0.01 sys=0.00, real=0.00 secs] 
2536.181: [GC (Allocation Failure) [PSYoungGen: 46976K->1408K(47616K)] 358022K->312454K(738816K), 0.0022675 secs] [Times: user=0.01 sys=0.00, real=0.01 secs] 
2536.969: [GC (Allocation Failure) [PSYoungGen: 46976K->1376K(47616K)] 358022K->312422K(738816K), 0.0018720 secs] [Times: user=0.01 sys=0.00, real=0.00 secs] 
2537.371: [GC (Allocation Failure) [PSYoungGen: 46944K->1376K(47616K)] 357990K->312422K(738816K), 0.0020507 secs] [Times: user=0.00 sys=0.00, real=0.00 secs] 
2537.757: [GC (Allocation Failure) [PSYoungGen: 46944K->1344K(47616K)] 357990K->312406K(738816K), 0.0041792 secs] [Times: user=0.01 sys=0.00, real=0.00 secs] 
2538.178: [GC (Allocation Failure) [PSYoungGen: 46912K->1376K(47616K)] 357974K->312438K(738816K), 0.0031807 secs] [Times: user=0.01 sys=0.00, real=0.00 secs] 
2538.367: [GC (Allocation Failure) [PSYoungGen: 46944K->1344K(47616K)] 358006K->312406K(738816K), 0.0018775 secs] [Times: user=0.01 sys=0.00, real=0.00 secs] 
2538.556: [GC (Allocation Failure) [PSYoungGen: 46912K->1376K(47616K)] 357974K->312438K(738816K), 0.0019818 secs] [Times: user=0.01 sys=0.00, real=0.00 secs] 
2538.821: [GC (Allocation Failure) [PSYoungGen: 46944K->1405K(47616K)] 358006K->312467K(738816K), 0.0014759 secs] [Times: user=0.00 sys=0.00, real=0.00 secs] 
2539.828: [GC (Allocation Failure) [PSYoungGen: 46973K->1376K(47616K)] 358035K->312438K(738816K), 0.0023738 secs] [Times: user=0.01 sys=0.00, real=0.00 secs] 
2540.235: [GC (Allocation Failure) [PSYoungGen: 46944K->1344K(47616K)] 358006K->312406K(738816K), 0.0024392 secs] [Times: user=0.01 sys=0.00, real=0.00 secs] 
2540.628: [GC (Allocation Failure) [PSYoungGen: 46912K->1344K(47104K)] 357974K->312406K(738304K), 0.0028633 secs] [Times: user=0.01 sys=0.00, real=0.00 secs] 
2541.031: [GC (Allocation Failure) [PSYoungGen: 46912K->1408K(47104K)] 357974K->312470K(738304K), 0.0028763 secs] [Times: user=0.01 sys=0.00, real=0.01 secs] 
2541.396: [GC (Allocation Failure) [PSYoungGen: 46976K->1344K(47104K)] 358038K->312406K(738304K), 0.0026582 secs] [Times: user=0.01 sys=0.00, real=0.00 secs] 
2541.616: [GC (Allocation Failure) [PSYoungGen: 46912K->1360K(47104K)] 357974K->312422K(738304K), 0.0019043 secs] [Times: user=0.00 sys=0.00, real=0.00 secs] 
2542.274: [GC (Allocation Failure) [PSYoungGen: 46928K->1408K(47104K)] 357990K->313494K(738304K), 0.0019158 secs] [Times: user=0.01 sys=0.00, real=0.00 secs] 
2542.464: [GC (Allocation Failure) [PSYoungGen: 46976K->352K(46592K)] 359062K->312438K(737792K), 0.0019753 secs] [Times: user=0.00 sys=0.00, real=0.00 secs] 
2542.705: [GC (Allocation Failure) [PSYoungGen: 45408K->288K(47104K)] 357494K->312374K(738304K), 0.0018132 secs] [Times: user=0.01 sys=0.00, real=0.00 secs] 
2542.977: [GC (Allocation Failure) [PSYoungGen: 45344K->320K(47104K)] 357430K->312406K(738304K), 0.0018951 secs] [Times: user=0.01 sys=0.00, real=0.00 secs] 
2543.168: [GC (Allocation Failure) [PSYoungGen: 45376K->352K(47104K)] 357462K->312438K(738304K), 0.0020034 secs] [Times: user=0.00 sys=0.00, real=0.00 secs] 
2543.404: [GC (Allocation Failure) [PSYoungGen: 45408K->352K(47104K)] 357494K->312438K(738304K), 0.0018756 secs] [Times: user=0.00 sys=0.00, real=0.00 secs] 
2543.599: [GC (Allocation Failure) [PSYoungGen: 45408K->288K(47104K)] 357494K->312374K(738304K), 0.0018979 secs] [Times: user=0.01 sys=0.00, real=0.00 secs] 
2544.247: [GC (Allocation Failure) [PSYoungGen: 45344K->1376K(47104K)] 357430K->313462K(738304K), 0.0017728 secs] [Times: user=0.01 sys=0.00, real=0.00 secs] 
2544.433: [GC (Allocation Failure) [PSYoungGen: 46432K->1376K(47104K)] 358518K->313462K(738304K), 0.0017355 secs] [Times: user=0.01 sys=0.00, real=0.01 secs] 
2544.623: [GC (Allocation Failure) [PSYoungGen: 46432K->1408K(47616K)] 358518K->313502K(738816K), 0.0017618 secs] [Times: user=0.01 sys=0.00, real=0.01 secs] 
2544.839: [GC (Allocation Failure) [PSYoungGen: 46464K->1376K(47616K)] 358558K->313470K(738816K), 0.0019347 secs] [Times: user=0.01 sys=0.00, real=0.00 secs] 
2545.025: [GC (Allocation Failure) [PSYoungGen: 46432K->1344K(47616K)] 358526K->313438K(738816K), 0.0019275 secs] [Times: user=0.01 sys=0.00, real=0.00 secs] 
2545.244: [GC (Allocation Failure) [PSYoungGen: 46400K->1344K(47616K)] 358494K->313438K(738816K), 0.0019081 secs] [Times: user=0.01 sys=0.00, real=0.00 secs] 
2545.850: [GC (Allocation Failure) [PSYoungGen: 46400K->1437K(47616K)] 358494K->313555K(738816K), 0.0016569 secs] [Times: user=0.01 sys=0.01, real=0.00 secs] 
2546.109: [GC (Allocation Failure) [PSYoungGen: 46493K->1440K(47616K)] 358611K->313558K(738816K), 0.0018014 secs] [Times: user=0.01 sys=0.00, real=0.00 secs] 
2546.297: [GC (Allocation Failure) [PSYoungGen: 46496K->1376K(47616K)] 358614K->313494K(738816K), 0.0017314 secs] [Times: user=0.01 sys=0.00, real=0.00 secs] 
2546.507: [GC (Allocation Failure) [PSYoungGen: 46432K->1344K(47616K)] 358550K->313462K(738816K), 0.0018070 secs] [Times: user=0.01 sys=0.00, real=0.00 secs] 
2546.776: [GC (Allocation Failure) [PSYoungGen: 46400K->1392K(47616K)] 358518K->313510K(738816K), 0.0017436 secs] [Times: user=0.01 sys=0.00, real=0.00 secs] 
2547.118: [GC (Allocation Failure) [PSYoungGen: 46448K->1344K(46592K)] 358566K->313462K(737792K), 0.0049721 secs] [Times: user=0.02 sys=0.00, real=0.00 secs] 
2547.463: [GC (Allocation Failure) [PSYoungGen: 46400K->1344K(47104K)] 358518K->313462K(738304K), 0.0018865 secs] [Times: user=0.01 sys=0.00, real=0.00 secs] 
2548.172: [GC (Allocation Failure) [PSYoungGen: 46400K->1424K(47104K)] 358518K->313542K(738304K), 0.0018254 secs] [Times: user=0.00 sys=0.01, real=0.01 secs] 
2548.384: [GC (Allocation Failure) [PSYoungGen: 46480K->1344K(47104K)] 358598K->313462K(738304K), 0.0019281 secs] [Times: user=0.01 sys=0.00, real=0.00 secs] 
2548.571: [GC (Allocation Failure) [PSYoungGen: 46400K->1376K(47104K)] 358518K->313494K(738304K), 0.0019092 secs] [Times: user=0.00 sys=0.00, real=0.01 secs] 
2548.824: [GC (Allocation Failure) [PSYoungGen: 46432K->1392K(47104K)] 358550K->313510K(738304K), 0.0020612 secs] [Times: user=0.01 sys=0.00, real=0.00 secs] 
2549.034: [GC (Allocation Failure) [PSYoungGen: 46448K->1376K(47104K)] 358566K->313494K(738304K), 0.0020324 secs] [Times: user=0.01 sys=0.00, real=0.00 secs] 
2549.292: [GC (Allocation Failure) [PSYoungGen: 46432K->1376K(47104K)] 358550K->313494K(738304K), 0.0019293 secs] [Times: user=0.01 sys=0.00, real=0.01 secs] 
2549.661: [GC (Allocation Failure) [PSYoungGen: 46432K->1344K(47104K)] 358550K->313462K(738304K), 0.0013175 secs] [Times: user=0.01 sys=0.00, real=0.00 secs] 
2550.177: [GC (Allocation Failure) [PSYoungGen: 46400K->1408K(47104K)] 358518K->313526K(738304K), 0.0019312 secs] [Times: user=0.01 sys=0.00, real=0.00 secs] 
2550.364: [GC (Allocation Failure) [PSYoungGen: 46464K->1344K(47104K)] 358582K->313462K(738304K), 0.0018482 secs] [Times: user=0.01 sys=0.00, real=0.00 secs] 
2550.578: [GC (Allocation Failure) [PSYoungGen: 46400K->1360K(47104K)] 358518K->313478K(738304K), 0.0019618 secs] [Times: user=0.01 sys=0.00, real=0.00 secs] 
2550.766: [GC (Allocation Failure) [PSYoungGen: 46416K->1376K(47104K)] 358534K->313494K(738304K), 0.0019571 secs] [Times: user=0.00 sys=0.00, real=0.00 secs] 
2550.952: [GC (Allocation Failure) [PSYoungGen: 46432K->1344K(47104K)] 358550K->313462K(738304K), 0.0019387 secs] [Times: user=0.00 sys=0.00, real=0.01 secs] 
2551.139: [GC (Allocation Failure) [PSYoungGen: 46400K->1376K(47104K)] 358518K->313494K(738304K), 0.0019134 secs] [Times: user=0.01 sys=0.00, real=0.00 secs] 
2551.822: [GC (Allocation Failure) [PSYoungGen: 46255K->1952K(47104K)] 358374K->314070K(738304K), 0.0017400 secs] [Times: user=0.01 sys=0.00, real=0.01 secs] 
2552.029: [GC (Allocation Failure) [PSYoungGen: 47008K->1376K(47104K)] 359126K->313494K(738304K), 0.0018100 secs] [Times: user=0.01 sys=0.00, real=0.00 secs] 
2552.216: [GC (Allocation Failure) [PSYoungGen: 46432K->1344K(47104K)] 358550K->313462K(738304K), 0.0017015 secs] [Times: user=0.01 sys=0.01, real=0.00 secs] 
2552.403: [GC (Allocation Failure) [PSYoungGen: 46400K->1376K(47104K)] 358518K->313494K(738304K), 0.0017799 secs] [Times: user=0.00 sys=0.00, real=0.01 secs] 
2552.590: [GC (Allocation Failure) [PSYoungGen: 46432K->1392K(47104K)] 358550K->313510K(738304K), 0.0016878 secs] [Times: user=0.01 sys=0.00, real=0.00 secs] 
2552.777: [GC (Allocation Failure) [PSYoungGen: 46448K->1376K(47104K)] 358566K->313494K(738304K), 0.0019153 secs] [Times: user=0.01 sys=0.00, real=0.00 secs] 
2552.964: [GC (Allocation Failure) [PSYoungGen: 46432K->1376K(47104K)] 358550K->313502K(738304K), 0.0020364 secs] [Times: user=0.01 sys=0.00, real=0.00 secs] 
2553.654: [GC (Allocation Failure) [PSYoungGen: 46432K->1440K(47104K)] 358558K->313566K(738304K), 0.0016115 secs] [Times: user=0.01 sys=0.00, real=0.00 secs] 
2553.841: [GC (Allocation Failure) [PSYoungGen: 46496K->1440K(47104K)] 358622K->313566K(738304K), 0.0015386 secs] [Times: user=0.01 sys=0.00, real=0.00 secs] 
2554.028: [GC (Allocation Failure) [PSYoungGen: 46496K->1344K(47104K)] 358622K->313470K(738304K), 0.0015379 secs] [Times: user=0.01 sys=0.00, real=0.00 secs] 
2554.356: [GC (Allocation Failure) [PSYoungGen: 46400K->1440K(47104K)] 358526K->313566K(738304K), 0.0019155 secs] [Times: user=0.01 sys=0.00, real=0.00 secs] 
2554.755: [GC (Allocation Failure) [PSYoungGen: 46496K->1376K(47104K)] 358622K->313526K(738304K), 0.0019032 secs] [Times: user=0.01 sys=0.00, real=0.00 secs] 
2555.110: [GC (Allocation Failure) [PSYoungGen: 46432K->1392K(47104K)] 358582K->313542K(738304K), 0.0020360 secs] [Times: user=0.01 sys=0.00, real=0.00 secs] 
2555.886: [GC (Allocation Failure) [PSYoungGen: 46448K->1376K(47104K)] 358598K->313526K(738304K), 0.0016944 secs] [Times: user=0.01 sys=0.00, real=0.00 secs] 
2556.202: [GC (Allocation Failure) [PSYoungGen: 46432K->1440K(47104K)] 358582K->313590K(738304K), 0.0018043 secs] [Times: user=0.01 sys=0.00, real=0.01 secs] 
2556.390: [GC (Allocation Failure) [PSYoungGen: 46496K->1376K(47104K)] 358646K->313526K(738304K), 0.0017376 secs] [Times: user=0.01 sys=0.00, real=0.00 secs] 
2556.576: [GC (Allocation Failure) [PSYoungGen: 46432K->1392K(46592K)] 358582K->313542K(737792K), 0.0018594 secs] [Times: user=0.01 sys=0.01, real=0.00 secs] 
2556.779: [GC (Allocation Failure) [PSYoungGen: 46448K->1360K(46592K)] 358598K->313510K(737792K), 0.0018632 secs] [Times: user=0.01 sys=0.00, real=0.00 secs] 
2556.966: [GC (Allocation Failure) [PSYoungGen: 46416K->352K(46080K)] 358566K->313526K(737280K), 0.0017390 secs] [Times: user=0.01 sys=0.00, real=0.00 secs] 
2557.152: [GC (Allocation Failure) [PSYoungGen: 45408K->320K(47104K)] 358582K->313494K(738304K), 0.0016888 secs] [Times: user=0.00 sys=0.00, real=0.01 secs] 
2558.193: [GC (Allocation Failure) [PSYoungGen: 45376K->1440K(47104K)] 358550K->314614K(738304K), 0.0030434 secs] [Times: user=0.01 sys=0.00, real=0.00 secs] 
2558.658: [GC (Allocation Failure) [PSYoungGen: 46496K->1344K(47104K)] 359670K->314518K(738304K), 0.0026916 secs] [Times: user=0.01 sys=0.00, real=0.00 secs] 
2558.967: [GC (Allocation Failure) [PSYoungGen: 46400K->1408K(47104K)] 359574K->314582K(738304K), 0.0026349 secs] [Times: user=0.01 sys=0.00, real=0.00 secs] 
2559.143: [GC (Allocation Failure) [PSYoungGen: 46464K->1408K(47104K)] 359638K->314582K(738304K), 0.0024273 secs] [Times: user=0.01 sys=0.00, real=0.01 secs] 
2559.391: [GC (Allocation Failure) [PSYoungGen: 46464K->1408K(47104K)] 359638K->314582K(738304K), 0.0021654 secs] [Times: user=0.01 sys=0.00, real=0.01 secs] 
2559.721: [GC (Allocation Failure) [PSYoungGen: 46464K->1408K(47104K)] 359638K->314582K(738304K), 0.0021117 secs] [Times: user=0.00 sys=0.00, real=0.01 secs] 
2560.206: [GC (Allocation Failure) [PSYoungGen: 46464K->1341K(47104K)] 359638K->314515K(738304K), 0.0022342 secs] [Times: user=0.01 sys=0.00, real=0.00 secs] 
2560.905: [GC (Allocation Failure) [PSYoungGen: 46397K->1424K(47104K)] 359571K->314598K(738304K), 0.0019180 secs] [Times: user=0.01 sys=0.00, real=0.00 secs] 
2561.317: [GC (Allocation Failure) [PSYoungGen: 46480K->1376K(47104K)] 359654K->314550K(738304K), 0.0019884 secs] [Times: user=0.00 sys=0.01, real=0.00 secs] 
2561.504: [GC (Allocation Failure) [PSYoungGen: 46432K->1376K(47104K)] 359606K->314550K(738304K), 0.0019252 secs] [Times: user=0.01 sys=0.00, real=0.00 secs] 
2561.691: [GC (Allocation Failure) [PSYoungGen: 46432K->1408K(47104K)] 359606K->314590K(738304K), 0.0018869 secs] [Times: user=0.01 sys=0.00, real=0.01 secs] 
2561.903: [GC (Allocation Failure) [PSYoungGen: 46464K->1408K(47104K)] 359646K->314590K(738304K), 0.0029644 secs] [Times: user=0.01 sys=0.00, real=0.01 secs] 
2562.088: [GC (Allocation Failure) [PSYoungGen: 46464K->1408K(47104K)] 359646K->314590K(738304K), 0.0023949 secs] [Times: user=0.00 sys=0.00, real=0.00 secs] 
2562.779: [GC (Allocation Failure) [PSYoungGen: 46464K->1664K(47104K)] 359646K->314854K(738304K), 0.0018403 secs] [Times: user=0.01 sys=0.00, real=0.00 secs] 
2562.997: [GC (Allocation Failure) [PSYoungGen: 46720K->1376K(47104K)] 359910K->314566K(738304K), 0.0018892 secs] [Times: user=0.01 sys=0.00, real=0.00 secs] 
2563.184: [GC (Allocation Failure) [PSYoungGen: 46432K->1392K(47104K)] 359622K->314582K(738304K), 0.0019640 secs] [Times: user=0.00 sys=0.00, real=0.00 secs] 
2563.396: [GC (Allocation Failure) [PSYoungGen: 46448K->1376K(47104K)] 359638K->314566K(738304K), 0.0019534 secs] [Times: user=0.00 sys=0.00, real=0.00 secs] 
2563.623: [GC (Allocation Failure) [PSYoungGen: 46432K->1376K(47104K)] 359622K->314566K(738304K), 0.0019303 secs] [Times: user=0.01 sys=0.00, real=0.01 secs] 
2563.817: [GC (Allocation Failure) [PSYoungGen: 46432K->1376K(47104K)] 359622K->314574K(738304K), 0.0019546 secs] [Times: user=0.01 sys=0.00, real=0.00 secs] 
2564.004: [GC (Allocation Failure) [PSYoungGen: 46432K->1376K(47104K)] 359630K->314606K(738304K), 0.0019024 secs] [Times: user=0.00 sys=0.00, real=0.00 secs] 
2564.651: [GC (Allocation Failure) [PSYoungGen: 46432K->1440K(47104K)] 359662K->314670K(738304K), 0.0016042 secs] [Times: user=0.01 sys=0.00, real=0.00 secs] 
2564.837: [GC (Allocation Failure) [PSYoungGen: 46496K->1376K(47104K)] 359726K->314614K(738304K), 0.0015311 secs] [Times: user=0.01 sys=0.00, real=0.00 secs] 
2565.070: [GC (Allocation Failure) [PSYoungGen: 46432K->1456K(47104K)] 359670K->314694K(738304K), 0.0015288 secs] [Times: user=0.00 sys=0.00, real=0.00 secs] 
2565.289: [GC (Allocation Failure) [PSYoungGen: 46512K->1440K(47104K)] 359750K->314678K(738304K), 0.0015478 secs] [Times: user=0.00 sys=0.00, real=0.00 secs] 
2565.476: [GC (Allocation Failure) [PSYoungGen: 46496K->1376K(47104K)] 359734K->314614K(738304K), 0.0015293 secs] [Times: user=0.00 sys=0.00, real=0.00 secs] 
2565.696: [GC (Allocation Failure) [PSYoungGen: 46432K->1344K(47104K)] 359670K->314582K(738304K), 0.0016052 secs] [Times: user=0.01 sys=0.00, real=0.00 secs] 
2566.321: [GC (Allocation Failure) [PSYoungGen: 46400K->1373K(47104K)] 359638K->314611K(738304K), 0.0016433 secs] [Times: user=0.01 sys=0.00, real=0.00 secs] 
2566.705: [GC (Allocation Failure) [PSYoungGen: 46429K->1408K(47104K)] 359667K->314646K(738304K), 0.0031847 secs] [Times: user=0.01 sys=0.00, real=0.00 secs] 
2566.895: [GC (Allocation Failure) [PSYoungGen: 46464K->1376K(46592K)] 359702K->314614K(737792K), 0.0020250 secs] [Times: user=0.00 sys=0.00, real=0.00 secs] 
2567.082: [GC (Allocation Failure) [PSYoungGen: 46432K->1392K(46592K)] 359670K->314630K(737792K), 0.0020000 secs] [Times: user=0.01 sys=0.00, real=0.01 secs] 
2567.379: [GC (Allocation Failure) [PSYoungGen: 46448K->352K(46080K)] 359686K->314622K(737280K), 0.0020830 secs] [Times: user=0.01 sys=0.00, real=0.00 secs] 
2567.584: [GC (Allocation Failure) [PSYoungGen: 45408K->320K(47104K)] 359678K->314590K(738304K), 0.0019180 secs] [Times: user=0.01 sys=0.00, real=0.00 secs] 
2567.841: [GC (Allocation Failure) [PSYoungGen: 45376K->352K(47104K)] 359646K->314622K(738304K), 0.0020962 secs] [Times: user=0.01 sys=0.00, real=0.01 secs] 
2568.736: [GC (Allocation Failure) [PSYoungGen: 45408K->1440K(47104K)] 359678K->315710K(738304K), 0.0021204 secs] [Times: user=0.01 sys=0.00, real=0.00 secs] 
2569.223: [GC (Allocation Failure) [PSYoungGen: 46496K->1408K(47104K)] 360766K->315678K(738304K), 0.0032745 secs] [Times: user=0.02 sys=0.00, real=0.00 secs] 
2569.740: [GC (Allocation Failure) [PSYoungGen: 46464K->1376K(47104K)] 360734K->315646K(738304K), 0.0033306 secs] [Times: user=0.01 sys=0.00, real=0.00 secs] 
2570.284: [GC (Allocation Failure) [PSYoungGen: 46432K->1344K(47104K)] 360702K->315614K(738304K), 0.0055301 secs] [Times: user=0.02 sys=0.00, real=0.00 secs] 
2571.031: [GC (Allocation Failure) [PSYoungGen: 46400K->1408K(47104K)] 360670K->315678K(738304K), 0.0030597 secs] [Times: user=0.01 sys=0.00, real=0.01 secs] 
2571.737: [GC (Allocation Failure) [PSYoungGen: 46464K->1376K(47104K)] 360734K->315654K(738304K), 0.0032316 secs] [Times: user=0.02 sys=0.00, real=0.00 secs] 
2572.402: [GC (Allocation Failure) [PSYoungGen: 46432K->1405K(47104K)] 360710K->315683K(738304K), 0.0032110 secs] [Times: user=0.01 sys=0.00, real=0.01 secs] 
2573.373: [GC (Allocation Failure) [PSYoungGen: 46461K->1440K(47104K)] 360739K->315718K(738304K), 0.0063225 secs] [Times: user=0.03 sys=0.00, real=0.01 secs] 
2574.133: [GC (Allocation Failure) [PSYoungGen: 46496K->1344K(47104K)] 360774K->315622K(738304K), 0.0041772 secs] [Times: user=0.02 sys=0.00, real=0.00 secs] 
2574.720: [GC (Allocation Failure) [PSYoungGen: 46400K->1376K(47104K)] 360678K->315654K(738304K), 0.0042729 secs] [Times: user=0.01 sys=0.00, real=0.01 secs] 
2575.263: [GC (Allocation Failure) [PSYoungGen: 46432K->1408K(47104K)] 360710K->315686K(738304K), 0.0040368 secs] [Times: user=0.02 sys=0.00, real=0.01 secs] 
2575.835: [GC (Allocation Failure) [PSYoungGen: 46464K->1376K(47104K)] 360742K->315654K(738304K), 0.0043186 secs] [Times: user=0.01 sys=0.00, real=0.00 secs] 
2576.419: [GC (Allocation Failure) [PSYoungGen: 46432K->1408K(47104K)] 360710K->315686K(738304K), 0.0040247 secs] [Times: user=0.02 sys=0.00, real=0.00 secs] 
2577.274: [GC (Allocation Failure) [PSYoungGen: 45732K->288K(47104K)] 360010K->314566K(738304K), 0.0014455 secs] [Times: user=0.00 sys=0.00, real=0.00 secs] 
2577.852: [GC (Allocation Failure) [PSYoungGen: 45344K->1376K(47104K)] 359622K->315654K(738304K), 0.0020550 secs] [Times: user=0.00 sys=0.00, real=0.01 secs] 
2578.260: [GC (Allocation Failure) [PSYoungGen: 46432K->1376K(47104K)] 360710K->315654K(738304K), 0.0020539 secs] [Times: user=0.01 sys=0.00, real=0.00 secs] 
2578.517: [GC (Allocation Failure) [PSYoungGen: 46432K->1376K(47104K)] 360710K->315654K(738304K), 0.0019816 secs] [Times: user=0.01 sys=0.00, real=0.00 secs] 
2578.705: [GC (Allocation Failure) [PSYoungGen: 46432K->1344K(47104K)] 360710K->315622K(738304K), 0.0021049 secs] [Times: user=0.01 sys=0.00, real=0.00 secs] 
2578.892: [GC (Allocation Failure) [PSYoungGen: 46400K->1344K(47104K)] 360678K->315622K(738304K), 0.0018718 secs] [Times: user=0.01 sys=0.00, real=0.01 secs] 
2579.210: [GC (Allocation Failure) [PSYoungGen: 46400K->1424K(47104K)] 360678K->315702K(738304K), 0.0020984 secs] [Times: user=0.01 sys=0.00, real=0.00 secs] 
2580.001: [GC (Allocation Failure) [PSYoungGen: 46480K->1408K(47104K)] 360758K->315718K(738304K), 0.0016392 secs] [Times: user=0.01 sys=0.00, real=0.00 secs] 
2580.442: [GC (Allocation Failure) [PSYoungGen: 46464K->1376K(47104K)] 360774K->315686K(738304K), 0.0017995 secs] [Times: user=0.01 sys=0.00, real=0.01 secs] 
2580.819: [GC (Allocation Failure) [PSYoungGen: 46432K->1344K(47104K)] 360742K->315654K(738304K), 0.0019283 secs] [Times: user=0.01 sys=0.00, real=0.00 secs] 
2581.132: [GC (Allocation Failure) [PSYoungGen: 46400K->1344K(47104K)] 360710K->315654K(738304K), 0.0037615 secs] [Times: user=0.01 sys=0.00, real=0.01 secs] 
2581.525: [GC (Allocation Failure) [PSYoungGen: 46400K->1376K(47104K)] 360710K->315686K(738304K), 0.0026441 secs] [Times: user=0.01 sys=0.00, real=0.00 secs] 
2581.978: [GC (Allocation Failure) [PSYoungGen: 46432K->1376K(47104K)] 360742K->315686K(738304K), 0.0026980 secs] [Times: user=0.01 sys=0.00, real=0.00 secs] 
2582.733: [GC (Allocation Failure) [PSYoungGen: 46432K->1373K(47104K)] 360742K->315683K(738304K), 0.0014764 secs] [Times: user=0.01 sys=0.00, real=0.00 secs] 
2583.218: [GC (Allocation Failure) [PSYoungGen: 46429K->1408K(47104K)] 360739K->315718K(738304K), 0.0018958 secs] [Times: user=0.01 sys=0.00, real=0.00 secs] 
2583.411: [GC (Allocation Failure) [PSYoungGen: 46464K->1408K(47104K)] 360774K->315718K(738304K), 0.0020440 secs] [Times: user=0.00 sys=0.00, real=0.00 secs] 
2583.623: [GC (Allocation Failure) [PSYoungGen: 46464K->1440K(47104K)] 360774K->315750K(738304K), 0.0018679 secs] [Times: user=0.01 sys=0.00, real=0.01 secs] 
2583.908: [GC (Allocation Failure) [PSYoungGen: 46496K->1408K(47104K)] 360806K->315718K(738304K), 0.0018563 secs] [Times: user=0.01 sys=0.00, real=0.00 secs] 
2584.099: [GC (Allocation Failure) [PSYoungGen: 46464K->1344K(47104K)] 360774K->315654K(738304K), 0.0032240 secs] [Times: user=0.01 sys=0.00, real=0.00 secs] 
2584.284: [GC (Allocation Failure) [PSYoungGen: 46400K->1312K(47104K)] 360710K->315622K(738304K), 0.0021019 secs] [Times: user=0.01 sys=0.00, real=0.00 secs] 
2585.411: [GC (Allocation Failure) [PSYoungGen: 46368K->1920K(47104K)] 360678K->316742K(738304K), 0.0026996 secs] [Times: user=0.01 sys=0.00, real=0.01 secs] 
2586.138: [GC (Allocation Failure) [PSYoungGen: 46976K->1344K(47104K)] 361798K->316166K(738304K), 0.0044195 secs] [Times: user=0.01 sys=0.00, real=0.00 secs] 
2586.530: [GC (Allocation Failure) [PSYoungGen: 46400K->1392K(47104K)] 361222K->316214K(738304K), 0.0032289 secs] [Times: user=0.01 sys=0.00, real=0.00 secs] 
2586.779: [GC (Allocation Failure) [PSYoungGen: 46448K->1376K(47104K)] 361270K->316198K(738304K), 0.0019893 secs] [Times: user=0.01 sys=0.00, real=0.00 secs] 
2586.966: [GC (Allocation Failure) [PSYoungGen: 46432K->1344K(47104K)] 361254K->316166K(738304K), 0.0019938 secs] [Times: user=0.01 sys=0.00, real=0.00 secs] 
2587.154: [GC (Allocation Failure) [PSYoungGen: 46400K->1408K(47104K)] 361222K->316262K(738304K), 0.0026375 secs] [Times: user=0.01 sys=0.00, real=0.00 secs] 
2587.552: [GC (Allocation Failure) [PSYoungGen: 46464K->1360K(47104K)] 361318K->316230K(738304K), 0.0033115 secs] [Times: user=0.02 sys=0.00, real=0.01 secs] 
2588.725: [GC (Allocation Failure) [PSYoungGen: 46416K->1344K(47104K)] 361286K->316214K(738304K), 0.0027130 secs] [Times: user=0.01 sys=0.00, real=0.00 secs] 
2589.369: [GC (Allocation Failure) [PSYoungGen: 46400K->1376K(47104K)] 361270K->316246K(738304K), 0.0023331 secs] [Times: user=0.01 sys=0.00, real=0.00 secs] 
2590.048: [GC (Allocation Failure) [PSYoungGen: 46432K->1344K(47104K)] 361302K->316214K(738304K), 0.0035403 secs] [Times: user=0.02 sys=0.00, real=0.00 secs] 
2590.607: [GC (Allocation Failure) [PSYoungGen: 46400K->1376K(47104K)] 361270K->316246K(738304K), 0.0038963 secs] [Times: user=0.02 sys=0.00, real=0.00 secs] 
2590.981: [GC (Allocation Failure) [PSYoungGen: 46432K->1344K(47104K)] 361302K->316214K(738304K), 0.0021014 secs] [Times: user=0.00 sys=0.01, real=0.00 secs] 
2591.323: [GC (Allocation Failure) [PSYoungGen: 46400K->1312K(47104K)] 361270K->316182K(738304K), 0.0031130 secs] [Times: user=0.01 sys=0.00, real=0.01 secs] 
2592.123: [GC (Allocation Failure) [PSYoungGen: 46368K->1408K(47104K)] 361238K->316278K(738304K), 0.0015223 secs] [Times: user=0.00 sys=0.00, real=0.01 secs] 
2592.591: [GC (Allocation Failure) [PSYoungGen: 46464K->1392K(46592K)] 361334K->316262K(737792K), 0.0020369 secs] [Times: user=0.01 sys=0.00, real=0.00 secs] 
2592.992: [GC (Allocation Failure) [PSYoungGen: 46448K->1376K(46592K)] 361318K->316246K(737792K), 0.0019780 secs] [Times: user=0.01 sys=0.00, real=0.01 secs] 
2593.406: [GC (Allocation Failure) [PSYoungGen: 46432K->352K(46080K)] 361302K->316246K(737280K), 0.0042021 secs] [Times: user=0.02 sys=0.00, real=0.00 secs] 
2593.801: [GC (Allocation Failure) [PSYoungGen: 45408K->352K(47104K)] 361302K->316246K(738304K), 0.0027113 secs] [Times: user=0.01 sys=0.00, real=0.01 secs] 
2594.179: [GC (Allocation Failure) [PSYoungGen: 45408K->320K(47104K)] 361302K->316214K(738304K), 0.0041942 secs] [Times: user=0.02 sys=0.00, real=0.01 secs] 
2594.507: [GC (Allocation Failure) [PSYoungGen: 45376K->288K(47104K)] 361270K->316182K(738304K), 0.0021106 secs] [Times: user=0.01 sys=0.00, real=0.00 secs] 
2595.209: [GC (Allocation Failure) [PSYoungGen: 45344K->1440K(47104K)] 361238K->317334K(738304K), 0.0018581 secs] [Times: user=0.01 sys=0.00, real=0.00 secs] 
2595.594: [GC (Allocation Failure) [PSYoungGen: 46496K->1344K(47104K)] 362390K->317238K(738304K), 0.0018505 secs] [Times: user=0.01 sys=0.00, real=0.00 secs] 
2595.976: [GC (Allocation Failure) [PSYoungGen: 46400K->1344K(47104K)] 362294K->317238K(738304K), 0.0018782 secs] [Times: user=0.01 sys=0.00, real=0.00 secs] 
2596.369: [GC (Allocation Failure) [PSYoungGen: 46400K->1408K(47104K)] 362294K->317302K(738304K), 0.0040427 secs] [Times: user=0.01 sys=0.00, real=0.00 secs] 
2596.797: [GC (Allocation Failure) [PSYoungGen: 46464K->1440K(46592K)] 362358K->317334K(737792K), 0.0034468 secs] [Times: user=0.01 sys=0.00, real=0.00 secs] 
2597.095: [GC (Allocation Failure) [PSYoungGen: 45984K->1344K(46080K)] 361878K->317238K(737280K), 0.0022277 secs] [Times: user=0.01 sys=0.00, real=0.00 secs] 
2597.607: [GC (Allocation Failure) [PSYoungGen: 45888K->1373K(46592K)] 361782K->317267K(737792K), 0.0016080 secs] [Times: user=0.00 sys=0.00, real=0.00 secs] 
2598.305: [GC (Allocation Failure) [PSYoungGen: 45917K->1408K(46592K)] 361811K->317302K(737792K), 0.0019184 secs] [Times: user=0.01 sys=0.00, real=0.00 secs] 
2598.716: [GC (Allocation Failure) [PSYoungGen: 45952K->1376K(46592K)] 361846K->317286K(737792K), 0.0018610 secs] [Times: user=0.01 sys=0.00, real=0.00 secs] 
2599.196: [GC (Allocation Failure) [PSYoungGen: 45920K->1344K(46592K)] 361830K->317254K(737792K), 0.0019773 secs] [Times: user=0.01 sys=0.00, real=0.00 secs] 
2599.613: [GC (Allocation Failure) [PSYoungGen: 45888K->1344K(46592K)] 361798K->317254K(737792K), 0.0033480 secs] [Times: user=0.02 sys=0.00, real=0.01 secs] 
2600.106: [GC (Allocation Failure) [PSYoungGen: 45888K->1376K(46592K)] 361798K->317286K(737792K), 0.0033616 secs] [Times: user=0.01 sys=0.00, real=0.00 secs] 
2600.400: [GC (Allocation Failure) [PSYoungGen: 45920K->1376K(46592K)] 361830K->317286K(737792K), 0.0024913 secs] [Times: user=0.01 sys=0.00, real=0.00 secs] 
2601.101: [GC (Allocation Failure) [PSYoungGen: 45205K->256K(46592K)] 361115K->316166K(737792K), 0.0015374 secs] [Times: user=0.01 sys=0.00, real=0.00 secs] 
2601.609: [GC (Allocation Failure) [PSYoungGen: 44800K->1392K(46592K)] 360710K->317302K(737792K), 0.0018906 secs] [Times: user=0.01 sys=0.00, real=0.00 secs] 
2602.069: [GC (Allocation Failure) [PSYoungGen: 45936K->1376K(46592K)] 361846K->317302K(737792K), 0.0018918 secs] [Times: user=0.01 sys=0.00, real=0.00 secs] 
2602.255: [GC (Allocation Failure) [PSYoungGen: 45920K->1344K(46592K)] 361846K->317270K(737792K), 0.0020486 secs] [Times: user=0.01 sys=0.00, real=0.00 secs] 
2602.488: [GC (Allocation Failure) [PSYoungGen: 45888K->1376K(46592K)] 361814K->317302K(737792K), 0.0020768 secs] [Times: user=0.01 sys=0.00, real=0.00 secs] 
2602.905: [GC (Allocation Failure) [PSYoungGen: 45920K->1376K(46592K)] 361846K->317302K(737792K), 0.0021535 secs] [Times: user=0.00 sys=0.00, real=0.00 secs] 
2603.440: [GC (Allocation Failure) [PSYoungGen: 45920K->1408K(46592K)] 361846K->317334K(737792K), 0.0045062 secs] [Times: user=0.02 sys=0.00, real=0.01 secs] 
2604.699: [GC (Allocation Failure) [PSYoungGen: 45952K->1408K(46592K)] 361878K->317334K(737792K), 0.0032400 secs] [Times: user=0.02 sys=0.00, real=0.00 secs] 
2605.373: [GC (Allocation Failure) [PSYoungGen: 45952K->1408K(46592K)] 361878K->317334K(737792K), 0.0046467 secs] [Times: user=0.01 sys=0.00, real=0.01 secs] 
2606.038: [GC (Allocation Failure) [PSYoungGen: 45952K->1408K(46592K)] 361878K->317334K(737792K), 0.0031746 secs] [Times: user=0.01 sys=0.01, real=0.00 secs] 
2606.431: [GC (Allocation Failure) [PSYoungGen: 45952K->1344K(46592K)] 361878K->317270K(737792K), 0.0026406 secs] [Times: user=0.01 sys=0.00, real=0.01 secs] 
2606.819: [GC (Allocation Failure) [PSYoungGen: 45888K->1344K(46592K)] 361814K->317270K(737792K), 0.0023500 secs] [Times: user=0.01 sys=0.00, real=0.00 secs] 
2607.188: [GC (Allocation Failure) [PSYoungGen: 45888K->1424K(46592K)] 361814K->317350K(737792K), 0.0024485 secs] [Times: user=0.01 sys=0.00, real=0.00 secs] 
2607.631: [GC (Allocation Failure) [PSYoungGen: 45962K->288K(46592K)] 361889K->316214K(737792K), 0.0026035 secs] [Times: user=0.00 sys=0.01, real=0.01 secs] 
2608.735: [GC (Allocation Failure) [PSYoungGen: 44832K->1392K(46592K)] 360758K->317318K(737792K), 0.0028331 secs] [Times: user=0.01 sys=0.00, real=0.00 secs] 
2609.083: [GC (Allocation Failure) [PSYoungGen: 45936K->1408K(46592K)] 361862K->317334K(737792K), 0.0022921 secs] [Times: user=0.01 sys=0.00, real=0.01 secs] 
2609.272: [GC (Allocation Failure) [PSYoungGen: 45952K->1408K(46592K)] 361878K->317334K(737792K), 0.0021922 secs] [Times: user=0.01 sys=0.00, real=0.01 secs] 
2609.460: [GC (Allocation Failure) [PSYoungGen: 45952K->1376K(46592K)] 361878K->317326K(737792K), 0.0023229 secs] [Times: user=0.01 sys=0.00, real=0.00 secs] 
2609.644: [GC (Allocation Failure) [PSYoungGen: 45920K->1376K(46592K)] 361870K->317326K(737792K), 0.0021440 secs] [Times: user=0.01 sys=0.00, real=0.00 secs] 
2609.978: [GC (Allocation Failure) [PSYoungGen: 45920K->1408K(46592K)] 361870K->317358K(737792K), 0.0018926 secs] [Times: user=0.01 sys=0.00, real=0.00 secs] 
2610.722: [GC (Allocation Failure) [PSYoungGen: 45952K->1341K(46592K)] 361902K->317291K(737792K), 0.0014675 secs] [Times: user=0.01 sys=0.00, real=0.00 secs] 
2611.268: [GC (Allocation Failure) [PSYoungGen: 45885K->1408K(46592K)] 361835K->317358K(737792K), 0.0032341 secs] [Times: user=0.02 sys=0.00, real=0.00 secs] 
2611.514: [GC (Allocation Failure) [PSYoungGen: 45952K->1408K(46592K)] 361902K->317358K(737792K), 0.0020464 secs] [Times: user=0.01 sys=0.00, real=0.00 secs] 
2611.699: [GC (Allocation Failure) [PSYoungGen: 45952K->1344K(46592K)] 361902K->317294K(737792K), 0.0020676 secs] [Times: user=0.00 sys=0.00, real=0.00 secs] 
2611.885: [GC (Allocation Failure) [PSYoungGen: 45888K->1344K(46592K)] 361838K->317294K(737792K), 0.0019915 secs] [Times: user=0.01 sys=0.00, real=0.00 secs] 
2612.071: [GC (Allocation Failure) [PSYoungGen: 45888K->1376K(46592K)] 361838K->317326K(737792K), 0.0020288 secs] [Times: user=0.01 sys=0.00, real=0.00 secs] 
2612.254: [GC (Allocation Failure) [PSYoungGen: 45920K->1408K(46592K)] 361870K->317358K(737792K), 0.0019617 secs] [Times: user=0.01 sys=0.00, real=0.00 secs] 
2613.001: [GC (Allocation Failure) [PSYoungGen: 45952K->1408K(46592K)] 361902K->317358K(737792K), 0.0019427 secs] [Times: user=0.00 sys=0.00, real=0.00 secs] 
2613.193: [GC (Allocation Failure) [PSYoungGen: 45952K->1376K(46592K)] 361902K->317326K(737792K), 0.0026337 secs] [Times: user=0.01 sys=0.00, real=0.00 secs] 
2613.373: [GC (Allocation Failure) [PSYoungGen: 45920K->1376K(46592K)] 361870K->317326K(737792K), 0.0020297 secs] [Times: user=0.01 sys=0.00, real=0.01 secs] 
2613.603: [GC (Allocation Failure) [PSYoungGen: 45920K->1376K(46592K)] 361870K->317326K(737792K), 0.0020482 secs] [Times: user=0.01 sys=0.00, real=0.00 secs] 
2613.876: [GC (Allocation Failure) [PSYoungGen: 45920K->1424K(46592K)] 361870K->317382K(737792K), 0.0020861 secs] [Times: user=0.01 sys=0.00, real=0.00 secs] 
2614.156: [GC (Allocation Failure) [PSYoungGen: 45968K->1376K(46592K)] 361926K->317358K(737792K), 0.0020736 secs] [Times: user=0.00 sys=0.00, real=0.00 secs] 
2614.453: [GC (Allocation Failure) [PSYoungGen: 45920K->1392K(46592K)] 361902K->317374K(737792K), 0.0040475 secs] [Times: user=0.01 sys=0.00, real=0.00 secs] 
2615.422: [GC (Allocation Failure) [PSYoungGen: 45936K->1408K(46592K)] 361918K->317390K(737792K), 0.0027826 secs] [Times: user=0.01 sys=0.00, real=0.01 secs] 
2615.856: [GC (Allocation Failure) [PSYoungGen: 45952K->1392K(46592K)] 361934K->317382K(737792K), 0.0029011 secs] [Times: user=0.01 sys=0.00, real=0.00 secs] 
2616.423: [GC (Allocation Failure) [PSYoungGen: 45936K->1376K(46592K)] 361926K->317366K(737792K), 0.0033708 secs] [Times: user=0.02 sys=0.00, real=0.01 secs] 
2617.003: [GC (Allocation Failure) [PSYoungGen: 45920K->1376K(46080K)] 361910K->317366K(737280K), 0.0034418 secs] [Times: user=0.01 sys=0.00, real=0.00 secs] 
2617.573: [GC (Allocation Failure) [PSYoungGen: 45920K->1376K(46080K)] 361910K->317366K(737280K), 0.0046280 secs] [Times: user=0.02 sys=0.00, real=0.00 secs] 
2618.121: [GC (Allocation Failure) [PSYoungGen: 45920K->320K(45568K)] 361910K->317334K(736768K), 0.0044718 secs] [Times: user=0.02 sys=0.00, real=0.01 secs] 
2619.078: [GC (Allocation Failure) [PSYoungGen: 44864K->1373K(46592K)] 361878K->318387K(737792K), 0.0017067 secs] [Times: user=0.00 sys=0.00, real=0.00 secs] 
2619.668: [GC (Allocation Failure) [PSYoungGen: 45917K->1408K(46592K)] 362931K->318422K(737792K), 0.0018912 secs] [Times: user=0.01 sys=0.00, real=0.00 secs] 
2620.051: [GC (Allocation Failure) [PSYoungGen: 45952K->1344K(46592K)] 362966K->318358K(737792K), 0.0020042 secs] [Times: user=0.00 sys=0.00, real=0.00 secs] 
2620.672: [GC (Allocation Failure) [PSYoungGen: 45888K->1376K(46592K)] 362902K->318390K(737792K), 0.0028699 secs] [Times: user=0.01 sys=0.00, real=0.01 secs] 
2621.197: [GC (Allocation Failure) [PSYoungGen: 45920K->1376K(46592K)] 362934K->318390K(737792K), 0.0028293 secs] [Times: user=0.01 sys=0.00, real=0.00 secs] 
2621.575: [GC (Allocation Failure) [PSYoungGen: 45920K->1408K(46592K)] 362934K->318422K(737792K), 0.0028563 secs] [Times: user=0.01 sys=0.00, real=0.00 secs] 
2622.176: [GC (Allocation Failure) [PSYoungGen: 45952K->1440K(46592K)] 362966K->318454K(737792K), 0.0032430 secs] [Times: user=0.01 sys=0.00, real=0.00 secs] 
2623.126: [GC (Allocation Failure) [PSYoungGen: 45984K->1952K(46592K)] 362998K->318966K(737792K), 0.0020354 secs] [Times: user=0.01 sys=0.00, real=0.00 secs] 
2623.702: [GC (Allocation Failure) [PSYoungGen: 46496K->1344K(46592K)] 363510K->318358K(737792K), 0.0022018 secs] [Times: user=0.01 sys=0.00, real=0.01 secs] 
2624.386: [GC (Allocation Failure) [PSYoungGen: 45888K->1408K(46592K)] 362902K->318422K(737792K), 0.0024881 secs] [Times: user=0.01 sys=0.00, real=0.00 secs] 
2624.920: [GC (Allocation Failure) [PSYoungGen: 45952K->1408K(46592K)] 362966K->318422K(737792K), 0.0027100 secs] [Times: user=0.01 sys=0.00, real=0.00 secs] 
2625.879: [GC (Allocation Failure) [PSYoungGen: 45952K->1392K(46592K)] 362966K->318406K(737792K), 0.0038430 secs] [Times: user=0.02 sys=0.00, real=0.00 secs] 
2626.767: [GC (Allocation Failure) [PSYoungGen: 45936K->1440K(46592K)] 362950K->318454K(737792K), 0.0030089 secs] [Times: user=0.02 sys=0.00, real=0.00 secs] 
2627.333: [GC (Allocation Failure) [PSYoungGen: 45984K->1376K(46592K)] 362998K->318390K(737792K), 0.0034646 secs] [Times: user=0.01 sys=0.00, real=0.00 secs] 
2628.226: [GC (Allocation Failure) [PSYoungGen: 45920K->1408K(46592K)] 362934K->318422K(737792K), 0.0018699 secs] [Times: user=0.01 sys=0.00, real=0.00 secs] 
2628.628: [GC (Allocation Failure) [PSYoungGen: 45952K->1392K(46592K)] 362966K->318406K(737792K), 0.0021192 secs] [Times: user=0.00 sys=0.00, real=0.00 secs] 
2628.975: [GC (Allocation Failure) [PSYoungGen: 45936K->1408K(46592K)] 362950K->318422K(737792K), 0.0019429 secs] [Times: user=0.01 sys=0.00, real=0.00 secs] 
2629.160: [GC (Allocation Failure) [PSYoungGen: 45952K->1408K(46592K)] 362966K->318422K(737792K), 0.0018998 secs] [Times: user=0.01 sys=0.00, real=0.00 secs] 
2629.345: [GC (Allocation Failure) [PSYoungGen: 45952K->1376K(46592K)] 362966K->318390K(737792K), 0.0020695 secs] [Times: user=0.01 sys=0.00, real=0.00 secs] 
2629.601: [GC (Allocation Failure) [PSYoungGen: 45920K->1344K(46592K)] 362934K->318358K(737792K), 0.0019624 secs] [Times: user=0.01 sys=0.00, real=0.00 secs] 
2630.120: [GC (Allocation Failure) [PSYoungGen: 45888K->1405K(46592K)] 362902K->318419K(737792K), 0.0016216 secs] [Times: user=0.01 sys=0.00, real=0.00 secs] 
2631.013: [GC (Allocation Failure) [PSYoungGen: 45949K->1472K(46592K)] 362963K->318510K(737792K), 0.0019208 secs] [Times: user=0.00 sys=0.00, real=0.01 secs] 
2631.350: [GC (Allocation Failure) [PSYoungGen: 46016K->1408K(46592K)] 363054K->318454K(737792K), 0.0021886 secs] [Times: user=0.01 sys=0.00, real=0.00 secs] 
2631.537: [GC (Allocation Failure) [PSYoungGen: 45952K->1376K(46592K)] 362998K->318422K(737792K), 0.0020040 secs] [Times: user=0.01 sys=0.00, real=0.00 secs] 
2631.722: [GC (Allocation Failure) [PSYoungGen: 45920K->1408K(46080K)] 362966K->318454K(737280K), 0.0019579 secs] [Times: user=0.01 sys=0.00, real=0.01 secs] 
2631.938: [GC (Allocation Failure) [PSYoungGen: 45952K->1408K(46080K)] 362998K->318454K(737280K), 0.0018822 secs] [Times: user=0.01 sys=0.00, real=0.00 secs] 
2632.158: [GC (Allocation Failure) [PSYoungGen: 45952K->1392K(46080K)] 362998K->318438K(737280K), 0.0019709 secs] [Times: user=0.00 sys=0.00, real=0.00 secs] 
2632.892: [GC (Allocation Failure) [PSYoungGen: 45936K->1504K(45568K)] 362982K->318921K(736768K), 0.0017757 secs] [Times: user=0.00 sys=0.00, real=0.01 secs] 
2633.072: [GC (Allocation Failure) [PSYoungGen: 45536K->1280K(46080K)] 362953K->318697K(737280K), 0.0015368 secs] [Times: user=0.00 sys=0.00, real=0.01 secs] 
2633.254: [GC (Allocation Failure) [PSYoungGen: 45312K->1280K(46080K)] 362729K->318697K(737280K), 0.0014804 secs] [Times: user=0.00 sys=0.00, real=0.00 secs] 
2633.437: [GC (Allocation Failure) [PSYoungGen: 45312K->1264K(46080K)] 362729K->318681K(737280K), 0.0019780 secs] [Times: user=0.00 sys=0.00, real=0.00 secs] 
2633.664: [GC (Allocation Failure) [PSYoungGen: 45296K->1280K(46080K)] 362713K->318697K(737280K), 0.0031297 secs] [Times: user=0.01 sys=0.00, real=0.00 secs] 
2633.843: [GC (Allocation Failure) [PSYoungGen: 45312K->1248K(46080K)] 362729K->318665K(737280K), 0.0027682 secs] [Times: user=0.01 sys=0.00, real=0.00 secs] 
2634.039: [GC (Allocation Failure) [PSYoungGen: 45280K->1312K(51712K)] 362697K->318729K(742912K), 0.0024455 secs] [Times: user=0.00 sys=0.00, real=0.00 secs] 
2634.782: [GC (Allocation Failure) [PSYoungGen: 50976K->1552K(51712K)] 368393K->318969K(742912K), 0.0020821 secs] [Times: user=0.01 sys=0.00, real=0.01 secs] 
2635.224: [GC (Allocation Failure) [PSYoungGen: 51216K->1440K(51712K)] 368633K->318881K(742912K), 0.0018667 secs] [Times: user=0.01 sys=0.00, real=0.00 secs] 
2635.452: [GC (Allocation Failure) [PSYoungGen: 51104K->1504K(51712K)] 368545K->318945K(742912K), 0.0018496 secs] [Times: user=0.00 sys=0.00, real=0.01 secs] 
2635.721: [GC (Allocation Failure) [PSYoungGen: 51168K->1504K(51712K)] 368609K->318945K(742912K), 0.0026543 secs] [Times: user=0.02 sys=0.00, real=0.01 secs] 
2635.924: [GC (Allocation Failure) [PSYoungGen: 51168K->1408K(51712K)] 368609K->318961K(742912K), 0.0026416 secs] [Times: user=0.01 sys=0.00, real=0.00 secs] 
2636.132: [GC (Allocation Failure) [PSYoungGen: 51072K->1408K(51712K)] 368625K->318961K(742912K), 0.0019756 secs] [Times: user=0.01 sys=0.00, real=0.01 secs] 
2637.414: [GC (Allocation Failure) [PSYoungGen: 51072K->1376K(51712K)] 368625K->318929K(742912K), 0.0034310 secs] [Times: user=0.02 sys=0.00, real=0.00 secs] 
2638.356: [GC (Allocation Failure) [PSYoungGen: 51040K->1376K(51712K)] 368593K->318929K(742912K), 0.0040950 secs] [Times: user=0.01 sys=0.00, real=0.00 secs] 
2638.817: [GC (Allocation Failure) [PSYoungGen: 51040K->1344K(51712K)] 368593K->318897K(742912K), 0.0031728 secs] [Times: user=0.02 sys=0.00, real=0.00 secs] 
2639.272: [GC (Allocation Failure) [PSYoungGen: 51008K->1376K(51712K)] 368561K->318929K(742912K), 0.0026675 secs] [Times: user=0.01 sys=0.00, real=0.01 secs] 
2639.608: [GC (Allocation Failure) [PSYoungGen: 51040K->1376K(51712K)] 368593K->318929K(742912K), 0.0025430 secs] [Times: user=0.01 sys=0.00, real=0.00 secs] 
2640.070: [GC (Allocation Failure) [PSYoungGen: 51040K->1344K(51712K)] 368593K->318897K(742912K), 0.0024017 secs] [Times: user=0.01 sys=0.01, real=0.00 secs] 
2641.025: [GC (Allocation Failure) [PSYoungGen: 51008K->1408K(51712K)] 368561K->318961K(742912K), 0.0018680 secs] [Times: user=0.01 sys=0.00, real=0.00 secs] 
2641.699: [GC (Allocation Failure) [PSYoungGen: 51072K->1376K(51712K)] 368625K->318929K(742912K), 0.0041051 secs] [Times: user=0.01 sys=0.00, real=0.00 secs] 
2642.180: [GC (Allocation Failure) [PSYoungGen: 51040K->1344K(51200K)] 368593K->318897K(742400K), 0.0033438 secs] [Times: user=0.01 sys=0.01, real=0.01 secs] 
2642.618: [GC (Allocation Failure) [PSYoungGen: 51008K->1408K(51200K)] 368561K->318969K(742400K), 0.0043545 secs] [Times: user=0.02 sys=0.00, real=0.00 secs] 
2643.030: [GC (Allocation Failure) [PSYoungGen: 51072K->1408K(51200K)] 368633K->318969K(742400K), 0.0032166 secs] [Times: user=0.01 sys=0.00, real=0.00 secs] 
2643.363: [GC (Allocation Failure) [PSYoungGen: 51072K->1408K(51200K)] 368633K->318969K(742400K), 0.0024214 secs] [Times: user=0.00 sys=0.00, real=0.00 secs] 
2644.080: [GC (Allocation Failure) [PSYoungGen: 51072K->1440K(51200K)] 368633K->319001K(742400K), 0.0019413 secs] [Times: user=0.01 sys=0.00, real=0.00 secs] 
2644.287: [GC (Allocation Failure) [PSYoungGen: 51104K->1344K(51200K)] 368665K->318905K(742400K), 0.0017988 secs] [Times: user=0.01 sys=0.00, real=0.00 secs] 
2644.566: [GC (Allocation Failure) [PSYoungGen: 51008K->1408K(51200K)] 368569K->318969K(742400K), 0.0018212 secs] [Times: user=0.01 sys=0.00, real=0.00 secs] 
2644.956: [GC (Allocation Failure) [PSYoungGen: 51072K->1376K(51200K)] 368633K->318953K(742400K), 0.0040062 secs] [Times: user=0.02 sys=0.00, real=0.00 secs] 
2645.323: [GC (Allocation Failure) [PSYoungGen: 51040K->1408K(51200K)] 368617K->318985K(742400K), 0.0024119 secs] [Times: user=0.01 sys=0.00, real=0.01 secs] 
2645.788: [GC (Allocation Failure) [PSYoungGen: 51072K->1408K(51200K)] 368649K->318985K(742400K), 0.0024822 secs] [Times: user=0.00 sys=0.00, real=0.00 secs] 
2646.571: [GC (Allocation Failure) [PSYoungGen: 51072K->1440K(51200K)] 368649K->319017K(742400K), 0.0019474 secs] [Times: user=0.01 sys=0.01, real=0.01 secs] 
2646.778: [GC (Allocation Failure) [PSYoungGen: 51104K->1408K(51200K)] 368681K->318985K(742400K), 0.0018817 secs] [Times: user=0.00 sys=0.00, real=0.00 secs] 
2646.985: [GC (Allocation Failure) [PSYoungGen: 51072K->1376K(51200K)] 368649K->318953K(742400K), 0.0019395 secs] [Times: user=0.01 sys=0.00, real=0.00 secs] 
2647.191: [GC (Allocation Failure) [PSYoungGen: 51040K->1376K(51200K)] 368617K->318961K(742400K), 0.0019229 secs] [Times: user=0.00 sys=0.00, real=0.00 secs] 
2647.398: [GC (Allocation Failure) [PSYoungGen: 51040K->1424K(51200K)] 368625K->319025K(742400K), 0.0020078 secs] [Times: user=0.00 sys=0.00, real=0.00 secs] 
2647.604: [GC (Allocation Failure) [PSYoungGen: 51088K->1376K(51200K)] 368689K->318977K(742400K), 0.0019739 secs] [Times: user=0.01 sys=0.00, real=0.00 secs] 
2648.711: [GC (Allocation Failure) [PSYoungGen: 51040K->1408K(51200K)] 368641K->319009K(742400K), 0.0031204 secs] [Times: user=0.01 sys=0.00, real=0.01 secs] 
2649.569: [GC (Allocation Failure) [PSYoungGen: 51072K->1376K(51200K)] 368673K->318977K(742400K), 0.0034043 secs] [Times: user=0.01 sys=0.01, real=0.00 secs] 
2650.233: [GC (Allocation Failure) [PSYoungGen: 51040K->1376K(51200K)] 368641K->318977K(742400K), 0.0034487 secs] [Times: user=0.01 sys=0.00, real=0.01 secs] 
2650.862: [GC (Allocation Failure) [PSYoungGen: 51040K->1408K(51200K)] 368641K->319009K(742400K), 0.0026631 secs] [Times: user=0.01 sys=0.00, real=0.01 secs] 
2651.323: [GC (Allocation Failure) [PSYoungGen: 51072K->1408K(51200K)] 368673K->319009K(742400K), 0.0026115 secs] [Times: user=0.02 sys=0.00, real=0.01 secs] 
2651.843: [GC (Allocation Failure) [PSYoungGen: 51072K->1344K(51200K)] 368673K->318945K(742400K), 0.0026823 secs] [Times: user=0.01 sys=0.00, real=0.01 secs] 
2652.679: [GC (Allocation Failure) [PSYoungGen: 51008K->1408K(51200K)] 368609K->319009K(742400K), 0.0018191 secs] [Times: user=0.01 sys=0.00, real=0.00 secs] 
2652.885: [GC (Allocation Failure) [PSYoungGen: 51072K->1376K(51200K)] 368673K->318977K(742400K), 0.0017767 secs] [Times: user=0.01 sys=0.00, real=0.00 secs] 
2653.091: [GC (Allocation Failure) [PSYoungGen: 51040K->1408K(51200K)] 368641K->319009K(742400K), 0.0017528 secs] [Times: user=0.01 sys=0.00, real=0.01 secs] 
2653.297: [GC (Allocation Failure) [PSYoungGen: 51072K->1376K(51200K)] 368673K->318977K(742400K), 0.0017416 secs] [Times: user=0.01 sys=0.00, real=0.00 secs] 
2653.504: [GC (Allocation Failure) [PSYoungGen: 51040K->1344K(51200K)] 368641K->318945K(742400K), 0.0017123 secs] [Times: user=0.01 sys=0.00, real=0.00 secs] 
2653.709: [GC (Allocation Failure) [PSYoungGen: 51008K->1408K(51200K)] 368609K->319017K(742400K), 0.0017484 secs] [Times: user=0.01 sys=0.00, real=0.00 secs] 
2654.942: [GC (Allocation Failure) [PSYoungGen: 51072K->1408K(51200K)] 368681K->319017K(742400K), 0.0041348 secs] [Times: user=0.02 sys=0.00, real=0.01 secs] 
2655.492: [GC (Allocation Failure) [PSYoungGen: 51072K->1440K(51200K)] 368681K->319049K(742400K), 0.0034317 secs] [Times: user=0.02 sys=0.00, real=0.01 secs] 
2655.861: [GC (Allocation Failure) [PSYoungGen: 51104K->1376K(51200K)] 368713K->318985K(742400K), 0.0022382 secs] [Times: user=0.01 sys=0.00, real=0.00 secs] 
2656.273: [GC (Allocation Failure) [PSYoungGen: 51040K->1408K(51200K)] 368649K->319025K(742400K), 0.0022031 secs] [Times: user=0.00 sys=0.00, real=0.01 secs] 
2656.698: [GC (Allocation Failure) [PSYoungGen: 51072K->1408K(51200K)] 368689K->319025K(742400K), 0.0021478 secs] [Times: user=0.01 sys=0.00, real=0.00 secs] 
2657.163: [GC (Allocation Failure) [PSYoungGen: 51072K->1408K(51200K)] 368689K->319025K(742400K), 0.0021867 secs] [Times: user=0.01 sys=0.00, real=0.01 secs] 
2657.945: [GC (Allocation Failure) [PSYoungGen: 51072K->1376K(51200K)] 368689K->318993K(742400K), 0.0019350 secs] [Times: user=0.01 sys=0.00, real=0.00 secs] 
2658.151: [GC (Allocation Failure) [PSYoungGen: 51040K->1376K(51200K)] 368657K->318993K(742400K), 0.0018289 secs] [Times: user=0.01 sys=0.00, real=0.00 secs] 
2658.358: [GC (Allocation Failure) [PSYoungGen: 51040K->1376K(51200K)] 368657K->319017K(742400K), 0.0018476 secs] [Times: user=0.01 sys=0.00, real=0.00 secs] 
2658.564: [GC (Allocation Failure) [PSYoungGen: 51040K->1392K(51200K)] 368681K->319033K(742400K), 0.0022402 secs] [Times: user=0.01 sys=0.00, real=0.00 secs] 
2658.771: [GC (Allocation Failure) [PSYoungGen: 51056K->1376K(51200K)] 368697K->319017K(742400K), 0.0021463 secs] [Times: user=0.01 sys=0.00, real=0.01 secs] 
2658.977: [GC (Allocation Failure) [PSYoungGen: 51040K->1344K(51200K)] 368681K->318985K(742400K), 0.0021575 secs] [Times: user=0.01 sys=0.00, real=0.00 secs] 
2659.640: [GC (Allocation Failure) [PSYoungGen: 51008K->1408K(51200K)] 368649K->319049K(742400K), 0.0017749 secs] [Times: user=0.01 sys=0.00, real=0.00 secs] 
2659.846: [GC (Allocation Failure) [PSYoungGen: 51072K->1376K(51200K)] 368713K->319017K(742400K), 0.0017509 secs] [Times: user=0.00 sys=0.00, real=0.00 secs] 
2660.052: [GC (Allocation Failure) [PSYoungGen: 51040K->1408K(51200K)] 368681K->319049K(742400K), 0.0017339 secs] [Times: user=0.00 sys=0.00, real=0.01 secs] 
2660.258: [GC (Allocation Failure) [PSYoungGen: 51072K->1344K(51200K)] 368713K->318985K(742400K), 0.0017784 secs] [Times: user=0.01 sys=0.00, real=0.00 secs] 
2660.463: [GC (Allocation Failure) [PSYoungGen: 51008K->1376K(51200K)] 368649K->319017K(742400K), 0.0017717 secs] [Times: user=0.01 sys=0.00, real=0.00 secs] 
2660.731: [GC (Allocation Failure) [PSYoungGen: 51040K->1376K(51200K)] 368681K->319017K(742400K), 0.0023494 secs] [Times: user=0.02 sys=0.00, real=0.01 secs] 
2661.612: [GC (Allocation Failure) [PSYoungGen: 51040K->1408K(51200K)] 368681K->319049K(742400K), 0.0032822 secs] [Times: user=0.01 sys=0.00, real=0.01 secs] 
2662.102: [GC (Allocation Failure) [PSYoungGen: 51072K->1376K(51200K)] 368713K->319017K(742400K), 0.0031702 secs] [Times: user=0.02 sys=0.00, real=0.01 secs] 
2662.594: [GC (Allocation Failure) [PSYoungGen: 51040K->1344K(51200K)] 368681K->318985K(742400K), 0.0025872 secs] [Times: user=0.01 sys=0.00, real=0.00 secs] 
2663.134: [GC (Allocation Failure) [PSYoungGen: 51008K->1424K(51200K)] 368649K->319065K(742400K), 0.0042399 secs] [Times: user=0.02 sys=0.00, real=0.00 secs] 
2663.677: [GC (Allocation Failure) [PSYoungGen: 51088K->1376K(51200K)] 368729K->319017K(742400K), 0.0040405 secs] [Times: user=0.02 sys=0.00, real=0.00 secs] 
2664.178: [GC (Allocation Failure) [PSYoungGen: 51040K->1376K(51200K)] 368681K->319017K(742400K), 0.0032762 secs] [Times: user=0.01 sys=0.00, real=0.00 secs] 
2665.716: [GC (Allocation Failure) [PSYoungGen: 51040K->1440K(51200K)] 368681K->319081K(742400K), 0.0028474 secs] [Times: user=0.01 sys=0.00, real=0.00 secs] 
2666.771: [GC (Allocation Failure) [PSYoungGen: 51104K->1408K(51200K)] 368745K->319049K(742400K), 0.0055262 secs] [Times: user=0.03 sys=0.00, real=0.01 secs] 
2667.226: [GC (Allocation Failure) [PSYoungGen: 51072K->1376K(51200K)] 368713K->319017K(742400K), 0.0031134 secs] [Times: user=0.01 sys=0.00, real=0.00 secs] 
2667.726: [GC (Allocation Failure) [PSYoungGen: 51040K->1344K(51200K)] 368681K->318985K(742400K), 0.0028371 secs] [Times: user=0.01 sys=0.00, real=0.00 secs] 
2668.124: [GC (Allocation Failure) [PSYoungGen: 51008K->1344K(51200K)] 368649K->318985K(742400K), 0.0023166 secs] [Times: user=0.01 sys=0.00, real=0.00 secs] 
2668.409: [GC (Allocation Failure) [PSYoungGen: 51008K->1376K(51200K)] 368649K->319017K(742400K), 0.0023112 secs] [Times: user=0.01 sys=0.00, real=0.00 secs] 
2669.349: [GC (Allocation Failure) [PSYoungGen: 51040K->1456K(51200K)] 368681K->319097K(742400K), 0.0017822 secs] [Times: user=0.01 sys=0.00, real=0.00 secs] 
2670.092: [GC (Allocation Failure) [PSYoungGen: 51120K->1408K(51200K)] 368761K->319049K(742400K), 0.0032429 secs] [Times: user=0.01 sys=0.00, real=0.01 secs] 
2670.699: [GC (Allocation Failure) [PSYoungGen: 51072K->1376K(51200K)] 368713K->319017K(742400K), 0.0032801 secs] [Times: user=0.02 sys=0.00, real=0.00 secs] 
2671.276: [GC (Allocation Failure) [PSYoungGen: 51040K->1376K(51200K)] 368681K->319017K(742400K), 0.0043650 secs] [Times: user=0.02 sys=0.00, real=0.00 secs] 
2671.742: [GC (Allocation Failure) [PSYoungGen: 51040K->1376K(51200K)] 368681K->319025K(742400K), 0.0031874 secs] [Times: user=0.02 sys=0.00, real=0.01 secs] 
2672.108: [GC (Allocation Failure) [PSYoungGen: 51040K->1440K(51200K)] 368689K->319089K(742400K), 0.0032578 secs] [Times: user=0.01 sys=0.00, real=0.00 secs] 
2672.974: [GC (Allocation Failure) [PSYoungGen: 51104K->1408K(51200K)] 368753K->319057K(742400K), 0.0018840 secs] [Times: user=0.01 sys=0.00, real=0.00 secs] 
2673.385: [GC (Allocation Failure) [PSYoungGen: 51072K->1376K(51200K)] 368721K->319025K(742400K), 0.0018388 secs] [Times: user=0.01 sys=0.00, real=0.00 secs] 
2673.794: [GC (Allocation Failure) [PSYoungGen: 51040K->1408K(51200K)] 368689K->319057K(742400K), 0.0019083 secs] [Times: user=0.00 sys=0.00, real=0.00 secs] 
2674.213: [GC (Allocation Failure) [PSYoungGen: 51072K->1344K(51200K)] 368721K->318993K(742400K), 0.0034205 secs] [Times: user=0.02 sys=0.00, real=0.00 secs] 
2674.627: [GC (Allocation Failure) [PSYoungGen: 51008K->1344K(51200K)] 368657K->318993K(742400K), 0.0026410 secs] [Times: user=0.01 sys=0.00, real=0.00 secs] 
2674.831: [GC (Allocation Failure) [PSYoungGen: 51008K->1376K(51200K)] 368657K->319025K(742400K), 0.0021015 secs] [Times: user=0.01 sys=0.00, real=0.01 secs] 
2675.750: [GC (Allocation Failure) [PSYoungGen: 51040K->1440K(51200K)] 368689K->319089K(742400K), 0.0021945 secs] [Times: user=0.01 sys=0.00, real=0.00 secs] 
2675.970: [GC (Allocation Failure) [PSYoungGen: 51104K->1376K(51200K)] 368753K->319025K(742400K), 0.0022882 secs] [Times: user=0.01 sys=0.00, real=0.00 secs] 
2676.315: [GC (Allocation Failure) [PSYoungGen: 51040K->1424K(51200K)] 368689K->319073K(742400K), 0.0019338 secs] [Times: user=0.01 sys=0.00, real=0.00 secs] 
2676.811: [GC (Allocation Failure) [PSYoungGen: 51088K->1376K(51200K)] 368737K->319025K(742400K), 0.0021484 secs] [Times: user=0.01 sys=0.00, real=0.01 secs] 
2677.214: [GC (Allocation Failure) [PSYoungGen: 51040K->1408K(51200K)] 368689K->319057K(742400K), 0.0031119 secs] [Times: user=0.01 sys=0.00, real=0.00 secs] 
2677.589: [GC (Allocation Failure) [PSYoungGen: 51072K->1376K(51200K)] 368721K->319025K(742400K), 0.0032480 secs] [Times: user=0.01 sys=0.00, real=0.00 secs] 
2678.401: [GC (Allocation Failure) [PSYoungGen: 51040K->1440K(51200K)] 368689K->319089K(742400K), 0.0018867 secs] [Times: user=0.00 sys=0.00, real=0.01 secs] 
2678.613: [GC (Allocation Failure) [PSYoungGen: 51104K->1344K(51200K)] 368753K->319017K(742400K), 0.0017456 secs] [Times: user=0.00 sys=0.00, real=0.01 secs] 
2678.820: [GC (Allocation Failure) [PSYoungGen: 51008K->1376K(51200K)] 368681K->319049K(742400K), 0.0017570 secs] [Times: user=0.00 sys=0.00, real=0.00 secs] 
2679.026: [GC (Allocation Failure) [PSYoungGen: 51040K->1376K(51200K)] 368713K->319049K(742400K), 0.0017279 secs] [Times: user=0.01 sys=0.00, real=0.00 secs] 
2679.232: [GC (Allocation Failure) [PSYoungGen: 51040K->1344K(51200K)] 368713K->319017K(742400K), 0.0017523 secs] [Times: user=0.01 sys=0.00, real=0.01 secs] 
2679.438: [GC (Allocation Failure) [PSYoungGen: 51008K->1344K(51200K)] 368681K->319017K(742400K), 0.0018691 secs] [Times: user=0.01 sys=0.00, real=0.00 secs] 
2680.652: [GC (Allocation Failure) [PSYoungGen: 51008K->1408K(51200K)] 368681K->319081K(742400K), 0.0038575 secs] [Times: user=0.01 sys=0.00, real=0.01 secs] 
2681.574: [GC (Allocation Failure) [PSYoungGen: 51072K->1344K(51200K)] 368745K->319017K(742400K), 0.0044972 secs] [Times: user=0.02 sys=0.00, real=0.00 secs] 
2682.117: [GC (Allocation Failure) [PSYoungGen: 51008K->1376K(51200K)] 368681K->319049K(742400K), 0.0031688 secs] [Times: user=0.01 sys=0.00, real=0.00 secs] 
2682.581: [GC (Allocation Failure) [PSYoungGen: 51040K->1408K(51200K)] 368713K->319081K(742400K), 0.0027277 secs] [Times: user=0.01 sys=0.00, real=0.01 secs] 
2682.924: [GC (Allocation Failure) [PSYoungGen: 51072K->1344K(51200K)] 368745K->319017K(742400K), 0.0041604 secs] [Times: user=0.01 sys=0.00, real=0.00 secs] 
2683.499: [GC (Allocation Failure) [PSYoungGen: 51008K->1408K(51200K)] 368681K->319081K(742400K), 0.0023681 secs] [Times: user=0.01 sys=0.00, real=0.00 secs] 
2684.263: [GC (Allocation Failure) [PSYoungGen: 51072K->1472K(51200K)] 368745K->319145K(742400K), 0.0016848 secs] [Times: user=0.00 sys=0.00, real=0.00 secs] 
2684.469: [GC (Allocation Failure) [PSYoungGen: 51136K->1376K(51200K)] 368809K->319049K(742400K), 0.0015858 secs] [Times: user=0.01 sys=0.00, real=0.00 secs] 
2684.717: [GC (Allocation Failure) [PSYoungGen: 51040K->1344K(51200K)] 368713K->319017K(742400K), 0.0018642 secs] [Times: user=0.01 sys=0.00, real=0.00 secs] 
2685.105: [GC (Allocation Failure) [PSYoungGen: 51008K->1376K(51200K)] 368681K->319057K(742400K), 0.0034206 secs] [Times: user=0.02 sys=0.00, real=0.00 secs] 
2685.484: [GC (Allocation Failure) [PSYoungGen: 51040K->1376K(51200K)] 368721K->319057K(742400K), 0.0030688 secs] [Times: user=0.01 sys=0.00, real=0.00 secs] 
2685.848: [GC (Allocation Failure) [PSYoungGen: 51040K->1408K(51200K)] 368721K->319089K(742400K), 0.0027098 secs] [Times: user=0.01 sys=0.00, real=0.00 secs] 
2686.702: [GC (Allocation Failure) [PSYoungGen: 51072K->1472K(51200K)] 368753K->319153K(742400K), 0.0018217 secs] [Times: user=0.01 sys=0.00, real=0.01 secs] 
2686.908: [GC (Allocation Failure) [PSYoungGen: 51136K->1344K(51200K)] 368817K->319025K(742400K), 0.0018318 secs] [Times: user=0.01 sys=0.00, real=0.00 secs] 
2687.114: [GC (Allocation Failure) [PSYoungGen: 51008K->1408K(51200K)] 368689K->319089K(742400K), 0.0018041 secs] [Times: user=0.01 sys=0.00, real=0.00 secs] 
2687.320: [GC (Allocation Failure) [PSYoungGen: 51072K->1392K(51200K)] 368753K->319073K(742400K), 0.0017346 secs] [Times: user=0.01 sys=0.00, real=0.00 secs] 
2687.526: [GC (Allocation Failure) [PSYoungGen: 51056K->1376K(51200K)] 368737K->319057K(742400K), 0.0018800 secs] [Times: user=0.01 sys=0.00, real=0.00 secs] 
2687.732: [GC (Allocation Failure) [PSYoungGen: 51040K->1344K(51200K)] 368721K->319041K(742400K), 0.0017179 secs] [Times: user=0.01 sys=0.00, real=0.01 secs] 
2688.866: [GC (Allocation Failure) [PSYoungGen: 51008K->1440K(51200K)] 368705K->319137K(742400K), 0.0028339 secs] [Times: user=0.01 sys=0.00, real=0.00 secs] 
2689.544: [GC (Allocation Failure) [PSYoungGen: 51104K->1376K(51200K)] 368801K->319073K(742400K), 0.0034386 secs] [Times: user=0.01 sys=0.00, real=0.00 secs] 
2690.044: [GC (Allocation Failure) [PSYoungGen: 51040K->1456K(51200K)] 368737K->319153K(742400K), 0.0034989 secs] [Times: user=0.01 sys=0.00, real=0.00 secs] 
2690.550: [GC (Allocation Failure) [PSYoungGen: 51120K->1376K(51200K)] 368817K->319089K(742400K), 0.0033295 secs] [Times: user=0.02 sys=0.00, real=0.00 secs] 
2690.940: [GC (Allocation Failure) [PSYoungGen: 51040K->1344K(51200K)] 368753K->319057K(742400K), 0.0028261 secs] [Times: user=0.01 sys=0.00, real=0.00 secs] 
2691.477: [GC (Allocation Failure) [PSYoungGen: 51008K->1424K(51200K)] 368721K->319137K(742400K), 0.0040488 secs] [Times: user=0.02 sys=0.00, real=0.00 secs] 
2692.470: [GC (Allocation Failure) [PSYoungGen: 51088K->1408K(51200K)] 368801K->319121K(742400K), 0.0019841 secs] [Times: user=0.00 sys=0.00, real=0.00 secs] 
2692.754: [GC (Allocation Failure) [PSYoungGen: 51072K->1376K(51200K)] 368785K->319089K(742400K), 0.0020134 secs] [Times: user=0.01 sys=0.00, real=0.00 secs] 
2692.961: [GC (Allocation Failure) [PSYoungGen: 51040K->1424K(51200K)] 368753K->319137K(742400K), 0.0020194 secs] [Times: user=0.00 sys=0.00, real=0.00 secs] 
2693.304: [GC (Allocation Failure) [PSYoungGen: 51088K->1424K(51200K)] 368801K->319137K(742400K), 0.0027629 secs] [Times: user=0.01 sys=0.00, real=0.00 secs] 
2693.682: [GC (Allocation Failure) [PSYoungGen: 51088K->1376K(51200K)] 368801K->319089K(742400K), 0.0025972 secs] [Times: user=0.01 sys=0.00, real=0.01 secs] 
2694.123: [GC (Allocation Failure) [PSYoungGen: 51040K->1408K(51200K)] 368753K->319121K(742400K), 0.0043128 secs] [Times: user=0.02 sys=0.00, real=0.01 secs] 
2695.574: [GC (Allocation Failure) [PSYoungGen: 51072K->1472K(51200K)] 368785K->319185K(742400K), 0.0035034 secs] [Times: user=0.01 sys=0.00, real=0.00 secs] 
2696.045: [GC (Allocation Failure) [PSYoungGen: 51136K->1344K(51200K)] 368849K->319057K(742400K), 0.0042740 secs] [Times: user=0.02 sys=0.00, real=0.00 secs] 
2696.440: [GC (Allocation Failure) [PSYoungGen: 51008K->1408K(51200K)] 368721K->319121K(742400K), 0.0031956 secs] [Times: user=0.01 sys=0.00, real=0.00 secs] 
2696.673: [GC (Allocation Failure) [PSYoungGen: 51072K->1376K(51200K)] 368785K->319089K(742400K), 0.0019506 secs] [Times: user=0.01 sys=0.00, real=0.01 secs] 
2696.880: [GC (Allocation Failure) [PSYoungGen: 51040K->1376K(51200K)] 368753K->319089K(742400K), 0.0019358 secs] [Times: user=0.01 sys=0.00, real=0.00 secs] 
2697.086: [GC (Allocation Failure) [PSYoungGen: 51040K->1376K(51200K)] 368753K->319089K(742400K), 0.0024379 secs] [Times: user=0.01 sys=0.00, real=0.00 secs] 
2697.823: [GC (Allocation Failure) [PSYoungGen: 51040K->1440K(51200K)] 368753K->319153K(742400K), 0.0021217 secs] [Times: user=0.01 sys=0.00, real=0.01 secs] 
2698.036: [GC (Allocation Failure) [PSYoungGen: 51104K->1344K(51200K)] 368817K->319057K(742400K), 0.0024727 secs] [Times: user=0.01 sys=0.00, real=0.00 secs] 
2698.256: [GC (Allocation Failure) [PSYoungGen: 51008K->1376K(51200K)] 368721K->319113K(742400K), 0.0021665 secs] [Times: user=0.01 sys=0.00, real=0.00 secs] 
2698.535: [GC (Allocation Failure) [PSYoungGen: 51040K->1392K(51200K)] 368777K->319129K(742400K), 0.0020231 secs] [Times: user=0.01 sys=0.00, real=0.00 secs] 
2698.861: [GC (Allocation Failure) [PSYoungGen: 51056K->1408K(51200K)] 368793K->319145K(742400K), 0.0020945 secs] [Times: user=0.01 sys=0.00, real=0.01 secs] 
2699.237: [GC (Allocation Failure) [PSYoungGen: 51072K->1376K(51200K)] 368809K->319113K(742400K), 0.0040445 secs] [Times: user=0.02 sys=0.01, real=0.00 secs] 
2700.172: [GC (Allocation Failure) [PSYoungGen: 51040K->1408K(51200K)] 368777K->319145K(742400K), 0.0022446 secs] [Times: user=0.01 sys=0.00, real=0.01 secs] 
2700.769: [GC (Allocation Failure) [PSYoungGen: 51072K->1408K(51200K)] 368809K->319145K(742400K), 0.0024192 secs] [Times: user=0.01 sys=0.00, real=0.00 secs] 
2701.412: [GC (Allocation Failure) [PSYoungGen: 51072K->1344K(51200K)] 368809K->319081K(742400K), 0.0044838 secs] [Times: user=0.01 sys=0.00, real=0.01 secs] 
2701.964: [GC (Allocation Failure) [PSYoungGen: 51008K->1376K(51200K)] 368745K->319113K(742400K), 0.0030061 secs] [Times: user=0.01 sys=0.00, real=0.00 secs] 
2702.389: [GC (Allocation Failure) [PSYoungGen: 51040K->1408K(51200K)] 368777K->319145K(742400K), 0.0031941 secs] [Times: user=0.01 sys=0.00, real=0.00 secs] 
2702.978: [GC (Allocation Failure) [PSYoungGen: 51072K->1376K(51200K)] 368809K->319113K(742400K), 0.0030937 secs] [Times: user=0.02 sys=0.00, real=0.00 secs] 
2704.036: [GC (Allocation Failure) [PSYoungGen: 51040K->1408K(51200K)] 368777K->319145K(742400K), 0.0019301 secs] [Times: user=0.00 sys=0.00, real=0.00 secs] 
2704.742: [GC (Allocation Failure) [PSYoungGen: 51072K->1392K(51200K)] 368809K->319129K(742400K), 0.0019132 secs] [Times: user=0.01 sys=0.00, real=0.01 secs] 
2705.617: [GC (Allocation Failure) [PSYoungGen: 51056K->1408K(51200K)] 368793K->319145K(742400K), 0.0026869 secs] [Times: user=0.01 sys=0.00, real=0.00 secs] 
2706.428: [GC (Allocation Failure) [PSYoungGen: 51072K->1424K(51200K)] 368809K->319161K(742400K), 0.0046123 secs] [Times: user=0.01 sys=0.00, real=0.00 secs] 
2706.930: [GC (Allocation Failure) [PSYoungGen: 51088K->1344K(51200K)] 368825K->319081K(742400K), 0.0024896 secs] [Times: user=0.01 sys=0.00, real=0.00 secs] 
2707.449: [GC (Allocation Failure) [PSYoungGen: 51008K->1408K(51200K)] 368745K->319145K(742400K), 0.0028101 secs] [Times: user=0.01 sys=0.00, real=0.00 secs] 
2708.521: [GC (Allocation Failure) [PSYoungGen: 51072K->1408K(51200K)] 368809K->319145K(742400K), 0.0021683 secs] [Times: user=0.01 sys=0.00, real=0.00 secs] 
2709.035: [GC (Allocation Failure) [PSYoungGen: 51072K->1408K(51200K)] 368809K->319145K(742400K), 0.0023696 secs] [Times: user=0.01 sys=0.00, real=0.00 secs] 
2709.453: [GC (Allocation Failure) [PSYoungGen: 51072K->1440K(51200K)] 368809K->319177K(742400K), 0.0026825 secs] [Times: user=0.01 sys=0.00, real=0.01 secs] 
2709.871: [GC (Allocation Failure) [PSYoungGen: 51104K->1408K(51200K)] 368841K->319153K(742400K), 0.0026286 secs] [Times: user=0.02 sys=0.00, real=0.01 secs] 
2710.261: [GC (Allocation Failure) [PSYoungGen: 51072K->1376K(51200K)] 368817K->319121K(742400K), 0.0024771 secs] [Times: user=0.01 sys=0.00, real=0.00 secs] 
2710.585: [GC (Allocation Failure) [PSYoungGen: 51040K->1344K(51200K)] 368785K->319089K(742400K), 0.0020927 secs] [Times: user=0.01 sys=0.00, real=0.00 secs] 
2711.528: [GC (Allocation Failure) [PSYoungGen: 51008K->1440K(51200K)] 368753K->319209K(742400K), 0.0019708 secs] [Times: user=0.01 sys=0.00, real=0.00 secs] 
2712.016: [GC (Allocation Failure) [PSYoungGen: 51104K->1408K(51200K)] 368873K->319177K(742400K), 0.0019375 secs] [Times: user=0.01 sys=0.00, real=0.00 secs] 
2712.466: [GC (Allocation Failure) [PSYoungGen: 51072K->1408K(51200K)] 368841K->319177K(742400K), 0.0028831 secs] [Times: user=0.02 sys=0.00, real=0.00 secs] 
2712.873: [GC (Allocation Failure) [PSYoungGen: 51072K->1376K(51200K)] 368841K->319145K(742400K), 0.0028573 secs] [Times: user=0.01 sys=0.00, real=0.01 secs] 
2713.252: [GC (Allocation Failure) [PSYoungGen: 51040K->1408K(51200K)] 368809K->319177K(742400K), 0.0031629 secs] [Times: user=0.01 sys=0.00, real=0.01 secs] 
2713.796: [GC (Allocation Failure) [PSYoungGen: 51072K->1376K(51200K)] 368841K->319145K(742400K), 0.0097082 secs] [Times: user=0.04 sys=0.00, real=0.01 secs] 
2714.690: [GC (Allocation Failure) [PSYoungGen: 51040K->1408K(51200K)] 368809K->319177K(742400K), 0.0019186 secs] [Times: user=0.00 sys=0.00, real=0.00 secs] 
2714.904: [GC (Allocation Failure) [PSYoungGen: 51072K->1408K(51200K)] 368841K->319177K(742400K), 0.0020106 secs] [Times: user=0.00 sys=0.00, real=0.00 secs] 
2715.111: [GC (Allocation Failure) [PSYoungGen: 51072K->1440K(51200K)] 368841K->319209K(742400K), 0.0018480 secs] [Times: user=0.01 sys=0.00, real=0.00 secs] 
2715.322: [GC (Allocation Failure) [PSYoungGen: 51104K->1408K(51200K)] 368873K->319177K(742400K), 0.0031244 secs] [Times: user=0.02 sys=0.00, real=0.01 secs] 
2715.526: [GC (Allocation Failure) [PSYoungGen: 51072K->1344K(51200K)] 368841K->319113K(742400K), 0.0021930 secs] [Times: user=0.01 sys=0.00, real=0.00 secs] 
2715.739: [GC (Allocation Failure) [PSYoungGen: 51008K->1376K(57344K)] 368777K->319145K(748544K), 0.0025386 secs] [Times: user=0.00 sys=0.01, real=0.00 secs] 
2716.514: [GC (Allocation Failure) [PSYoungGen: 57184K->1408K(57344K)] 374953K->319201K(748544K), 0.0017779 secs] [Times: user=0.01 sys=0.00, real=0.00 secs] 
2716.769: [GC (Allocation Failure) [PSYoungGen: 57216K->1376K(57344K)] 375009K->319169K(748544K), 0.0017883 secs] [Times: user=0.01 sys=0.00, real=0.00 secs] 
2717.014: [GC (Allocation Failure) [PSYoungGen: 57184K->1376K(57344K)] 374977K->319169K(748544K), 0.0017070 secs] [Times: user=0.01 sys=0.00, real=0.00 secs] 
2717.262: [GC (Allocation Failure) [PSYoungGen: 57184K->1392K(57344K)] 374977K->319185K(748544K), 0.0026801 secs] [Times: user=0.01 sys=0.00, real=0.01 secs] 
2717.557: [GC (Allocation Failure) [PSYoungGen: 57200K->1344K(57344K)] 374993K->319137K(748544K), 0.0021131 secs] [Times: user=0.01 sys=0.00, real=0.00 secs] 
2718.464: [GC (Allocation Failure) [PSYoungGen: 57152K->1440K(57344K)] 374945K->319233K(748544K), 0.0019098 secs] [Times: user=0.01 sys=0.00, real=0.00 secs] 
2719.009: [GC (Allocation Failure) [PSYoungGen: 57248K->1344K(57344K)] 375041K->319137K(748544K), 0.0021369 secs] [Times: user=0.01 sys=0.00, real=0.00 secs] 
2719.348: [GC (Allocation Failure) [PSYoungGen: 57152K->1376K(57344K)] 374945K->319169K(748544K), 0.0026372 secs] [Times: user=0.01 sys=0.00, real=0.00 secs] 
2719.573: [GC (Allocation Failure) [PSYoungGen: 57184K->1408K(57344K)] 374977K->319201K(748544K), 0.0022004 secs] [Times: user=0.01 sys=0.00, real=0.01 secs] 
2719.923: [GC (Allocation Failure) [PSYoungGen: 57216K->1376K(57344K)] 375009K->319169K(748544K), 0.0024488 secs] [Times: user=0.01 sys=0.00, real=0.00 secs] 
2720.734: [GC (Allocation Failure) [PSYoungGen: 57184K->1405K(57344K)] 374977K->319198K(748544K), 0.0017077 secs] [Times: user=0.00 sys=0.00, real=0.00 secs] 
2721.244: [GC (Allocation Failure) [PSYoungGen: 57213K->1408K(57344K)] 375006K->319201K(748544K), 0.0020265 secs] [Times: user=0.00 sys=0.00, real=0.00 secs] 
2721.477: [GC (Allocation Failure) [PSYoungGen: 57216K->1408K(57344K)] 375009K->319201K(748544K), 0.0020573 secs] [Times: user=0.01 sys=0.00, real=0.00 secs] 
2721.731: [GC (Allocation Failure) [PSYoungGen: 57216K->1376K(57344K)] 375009K->319169K(748544K), 0.0020608 secs] [Times: user=0.01 sys=0.00, real=0.00 secs] 
2722.008: [GC (Allocation Failure) [PSYoungGen: 57184K->1376K(57344K)] 374977K->319169K(748544K), 0.0017151 secs] [Times: user=0.01 sys=0.00, real=0.00 secs] 
2722.240: [GC (Allocation Failure) [PSYoungGen: 57184K->1408K(57344K)] 374977K->319201K(748544K), 0.0019506 secs] [Times: user=0.00 sys=0.00, real=0.00 secs] 
2722.944: [GC (Allocation Failure) [PSYoungGen: 57216K->1408K(57344K)] 375009K->319201K(748544K), 0.0017790 secs] [Times: user=0.01 sys=0.00, real=0.00 secs] 
2723.328: [GC (Allocation Failure) [PSYoungGen: 57216K->1408K(57344K)] 375009K->319201K(748544K), 0.0020206 secs] [Times: user=0.00 sys=0.00, real=0.00 secs] 
2723.893: [GC (Allocation Failure) [PSYoungGen: 57216K->1392K(57344K)] 375009K->319185K(748544K), 0.0036488 secs] [Times: user=0.02 sys=0.00, real=0.01 secs] 
2724.491: [GC (Allocation Failure) [PSYoungGen: 57200K->1376K(57344K)] 374993K->319169K(748544K), 0.0033413 secs] [Times: user=0.01 sys=0.00, real=0.01 secs] 
2725.090: [GC (Allocation Failure) [PSYoungGen: 57184K->1376K(57344K)] 374977K->319169K(748544K), 0.0033383 secs] [Times: user=0.01 sys=0.00, real=0.01 secs] 
2726.181: [GC (Allocation Failure) [PSYoungGen: 57184K->1440K(57344K)] 374977K->319233K(748544K), 0.0021156 secs] [Times: user=0.01 sys=0.00, real=0.00 secs] 
2726.649: [GC (Allocation Failure) [PSYoungGen: 57248K->1408K(57344K)] 375041K->319201K(748544K), 0.0020599 secs] [Times: user=0.01 sys=0.00, real=0.00 secs] 
2727.020: [GC (Allocation Failure) [PSYoungGen: 57216K->1344K(57344K)] 375009K->319137K(748544K), 0.0019913 secs] [Times: user=0.01 sys=0.00, real=0.00 secs] 
2727.253: [GC (Allocation Failure) [PSYoungGen: 57152K->1408K(57344K)] 374945K->319201K(748544K), 0.0019440 secs] [Times: user=0.01 sys=0.00, real=0.01 secs] 
2727.580: [GC (Allocation Failure) [PSYoungGen: 57216K->1344K(57344K)] 375009K->319137K(748544K), 0.0019503 secs] [Times: user=0.01 sys=0.00, real=0.00 secs] 
2728.342: [GC (Allocation Failure) [PSYoungGen: 57152K->1405K(57344K)] 374945K->319198K(748544K), 0.0017251 secs] [Times: user=0.01 sys=0.00, real=0.01 secs] 
2729.162: [GC (Allocation Failure) [PSYoungGen: 57213K->1408K(57344K)] 375006K->319201K(748544K), 0.0019872 secs] [Times: user=0.01 sys=0.00, real=0.01 secs] 
2729.533: [GC (Allocation Failure) [PSYoungGen: 57216K->1408K(57344K)] 375009K->319225K(748544K), 0.0019918 secs] [Times: user=0.01 sys=0.00, real=0.00 secs] 
2729.774: [GC (Allocation Failure) [PSYoungGen: 57216K->1376K(57344K)] 375033K->319193K(748544K), 0.0020496 secs] [Times: user=0.01 sys=0.00, real=0.00 secs] 
2730.053: [GC (Allocation Failure) [PSYoungGen: 57184K->1376K(57344K)] 375001K->319193K(748544K), 0.0019192 secs] [Times: user=0.00 sys=0.00, real=0.00 secs] 
2730.305: [GC (Allocation Failure) [PSYoungGen: 57184K->1376K(57344K)] 375001K->319193K(748544K), 0.0019324 secs] [Times: user=0.01 sys=0.00, real=0.00 secs] 
2731.280: [GC (Allocation Failure) [PSYoungGen: 57184K->1440K(57344K)] 375001K->319257K(748544K), 0.0019695 secs] [Times: user=0.01 sys=0.00, real=0.00 secs] 
2731.861: [GC (Allocation Failure) [PSYoungGen: 57248K->1408K(57344K)] 375065K->319225K(748544K), 0.0021355 secs] [Times: user=0.01 sys=0.00, real=0.00 secs] 
2732.380: [GC (Allocation Failure) [PSYoungGen: 57216K->1376K(57344K)] 375033K->319193K(748544K), 0.0020769 secs] [Times: user=0.01 sys=0.00, real=0.00 secs] 
2732.999: [GC (Allocation Failure) [PSYoungGen: 57184K->1408K(57344K)] 375001K->319225K(748544K), 0.0024975 secs] [Times: user=0.01 sys=0.00, real=0.00 secs] 
2733.374: [GC (Allocation Failure) [PSYoungGen: 57216K->1376K(57344K)] 375033K->319193K(748544K), 0.0025012 secs] [Times: user=0.01 sys=0.00, real=0.00 secs] 
2734.242: [GC (Allocation Failure) [PSYoungGen: 57184K->1424K(57344K)] 375001K->319241K(748544K), 0.0019032 secs] [Times: user=0.01 sys=0.00, real=0.01 secs] 
2734.706: [GC (Allocation Failure) [PSYoungGen: 57232K->1408K(57344K)] 375049K->319225K(748544K), 0.0017687 secs] [Times: user=0.01 sys=0.00, real=0.00 secs] 
2735.204: [GC (Allocation Failure) [PSYoungGen: 57216K->1376K(57344K)] 375033K->319193K(748544K), 0.0019605 secs] [Times: user=0.01 sys=0.00, real=0.00 secs] 
2735.726: [GC (Allocation Failure) [PSYoungGen: 57184K->1408K(57344K)] 375001K->319225K(748544K), 0.0021598 secs] [Times: user=0.01 sys=0.00, real=0.00 secs] 
2736.021: [GC (Allocation Failure) [PSYoungGen: 57216K->1344K(57344K)] 375033K->319161K(748544K), 0.0018879 secs] [Times: user=0.01 sys=0.00, real=0.00 secs] 
2736.469: [GC (Allocation Failure) [PSYoungGen: 57152K->1357K(57344K)] 374969K->319175K(748544K), 0.0015175 secs] [Times: user=0.01 sys=0.00, real=0.00 secs] 
2737.217: [GC (Allocation Failure) [PSYoungGen: 57165K->1408K(57344K)] 374983K->319225K(748544K), 0.0017332 secs] [Times: user=0.01 sys=0.00, real=0.00 secs] 
2737.749: [GC (Allocation Failure) [PSYoungGen: 57216K->1376K(57344K)] 375033K->319193K(748544K), 0.0021710 secs] [Times: user=0.01 sys=0.00, real=0.00 secs] 
2738.163: [GC (Allocation Failure) [PSYoungGen: 57184K->1408K(57344K)] 375001K->319225K(748544K), 0.0021093 secs] [Times: user=0.00 sys=0.00, real=0.01 secs] 
2738.395: [GC (Allocation Failure) [PSYoungGen: 57216K->1408K(57344K)] 375033K->319225K(748544K), 0.0020923 secs] [Times: user=0.01 sys=0.00, real=0.00 secs] 
2738.628: [GC (Allocation Failure) [PSYoungGen: 57216K->1376K(57344K)] 375033K->319193K(748544K), 0.0020665 secs] [Times: user=0.01 sys=0.00, real=0.00 secs] 
2739.451: [GC (Allocation Failure) [PSYoungGen: 57184K->1408K(57344K)] 375001K->319249K(748544K), 0.0018967 secs] [Times: user=0.01 sys=0.00, real=0.00 secs] 
2740.007: [GC (Allocation Failure) [PSYoungGen: 57216K->1376K(57344K)] 375057K->319217K(748544K), 0.0018975 secs] [Times: user=0.01 sys=0.00, real=0.00 secs] 
2740.584: [GC (Allocation Failure) [PSYoungGen: 57184K->1344K(57344K)] 375025K->319185K(748544K), 0.0019223 secs] [Times: user=0.01 sys=0.00, real=0.00 secs] 
2741.023: [GC (Allocation Failure) [PSYoungGen: 57152K->1456K(57344K)] 374993K->319297K(748544K), 0.0019112 secs] [Times: user=0.01 sys=0.00, real=0.01 secs] 
2741.476: [GC (Allocation Failure) [PSYoungGen: 57264K->1408K(57344K)] 375105K->319249K(748544K), 0.0018808 secs] [Times: user=0.01 sys=0.00, real=0.00 secs] 
2742.256: [GC (Allocation Failure) [PSYoungGen: 57216K->960K(57344K)] 375057K->319825K(748544K), 0.0017764 secs] [Times: user=0.01 sys=0.00, real=0.00 secs] 
2742.488: [GC (Allocation Failure) [PSYoungGen: 56768K->352K(57344K)] 375633K->319217K(748544K), 0.0018373 secs] [Times: user=0.00 sys=0.00, real=0.00 secs] 
2742.729: [GC (Allocation Failure) [PSYoungGen: 56160K->304K(57856K)] 375025K->319169K(749056K), 0.0019137 secs] [Times: user=0.01 sys=0.00, real=0.00 secs] 
2743.129: [GC (Allocation Failure) [PSYoungGen: 56112K->288K(57856K)] 374977K->319153K(749056K), 0.0017836 secs] [Times: user=0.01 sys=0.00, real=0.00 secs] 
2743.705: [GC (Allocation Failure) [PSYoungGen: 56096K->320K(57856K)] 374961K->319185K(749056K), 0.0023000 secs] [Times: user=0.01 sys=0.00, real=0.00 secs] 
2744.447: [GC (Allocation Failure) [PSYoungGen: 56128K->1405K(57856K)] 374993K->320279K(749056K), 0.0015014 secs] [Times: user=0.01 sys=0.00, real=0.00 secs] 
2745.355: [GC (Allocation Failure) [PSYoungGen: 57213K->1408K(57856K)] 376087K->320281K(749056K), 0.0018354 secs] [Times: user=0.01 sys=0.00, real=0.00 secs] 
2745.955: [GC (Allocation Failure) [PSYoungGen: 57216K->1344K(57856K)] 376089K->320217K(749056K), 0.0020920 secs] [Times: user=0.01 sys=0.00, real=0.00 secs] 
2746.501: [GC (Allocation Failure) [PSYoungGen: 57152K->1408K(57344K)] 376025K->320281K(748544K), 0.0028593 secs] [Times: user=0.01 sys=0.00, real=0.01 secs] 
2746.879: [GC (Allocation Failure) [PSYoungGen: 56704K->1376K(57856K)] 375577K->320249K(749056K), 0.0022213 secs] [Times: user=0.01 sys=0.00, real=0.00 secs] 
2747.327: [GC (Allocation Failure) [PSYoungGen: 56672K->1376K(56832K)] 375545K->320249K(748032K), 0.0024942 secs] [Times: user=0.01 sys=0.00, real=0.00 secs] 
2748.435: [GC (Allocation Failure) [PSYoungGen: 56672K->1376K(57344K)] 375545K->320249K(748544K), 0.0017635 secs] [Times: user=0.01 sys=0.00, real=0.00 secs] 
2748.975: [GC (Allocation Failure) [PSYoungGen: 56672K->1392K(57344K)] 375545K->320265K(748544K), 0.0018814 secs] [Times: user=0.01 sys=0.00, real=0.00 secs] 
2749.404: [GC (Allocation Failure) [PSYoungGen: 56688K->1344K(57344K)] 375561K->320217K(748544K), 0.0020105 secs] [Times: user=0.01 sys=0.00, real=0.00 secs] 
2749.843: [GC (Allocation Failure) [PSYoungGen: 56640K->1376K(57344K)] 375513K->320249K(748544K), 0.0019935 secs] [Times: user=0.01 sys=0.00, real=0.00 secs] 
2750.287: [GC (Allocation Failure) [PSYoungGen: 56672K->1376K(57344K)] 375545K->320265K(748544K), 0.0023081 secs] [Times: user=0.01 sys=0.00, real=0.00 secs] 
2751.152: [GC (Allocation Failure) [PSYoungGen: 56672K->1344K(57344K)] 375561K->320233K(748544K), 0.0015309 secs] [Times: user=0.01 sys=0.00, real=0.01 secs] 
2751.562: [GC (Allocation Failure) [PSYoungGen: 56640K->1408K(57344K)] 375529K->320297K(748544K), 0.0017887 secs] [Times: user=0.01 sys=0.00, real=0.01 secs] 
2751.957: [GC (Allocation Failure) [PSYoungGen: 56704K->1440K(57344K)] 375593K->320329K(748544K), 0.0019153 secs] [Times: user=0.01 sys=0.00, real=0.00 secs] 
2752.348: [GC (Allocation Failure) [PSYoungGen: 56736K->1376K(57344K)] 375625K->320265K(748544K), 0.0017495 secs] [Times: user=0.00 sys=0.00, real=0.00 secs] 
2752.741: [GC (Allocation Failure) [PSYoungGen: 56672K->1344K(57344K)] 375561K->320233K(748544K), 0.0017680 secs] [Times: user=0.00 sys=0.00, real=0.01 secs] 
2753.139: [GC (Allocation Failure) [PSYoungGen: 56640K->1440K(57344K)] 375529K->320329K(748544K), 0.0018656 secs] [Times: user=0.01 sys=0.00, real=0.00 secs] 
2753.991: [GC (Allocation Failure) [PSYoungGen: 56736K->1408K(57344K)] 375625K->320297K(748544K), 0.0017842 secs] [Times: user=0.01 sys=0.00, real=0.00 secs] 
2754.456: [GC (Allocation Failure) [PSYoungGen: 56704K->1344K(57344K)] 375593K->320233K(748544K), 0.0019012 secs] [Times: user=0.01 sys=0.00, real=0.00 secs] 
2754.908: [GC (Allocation Failure) [PSYoungGen: 56640K->1344K(57344K)] 375529K->320233K(748544K), 0.0020692 secs] [Times: user=0.00 sys=0.00, real=0.00 secs] 
2755.428: [GC (Allocation Failure) [PSYoungGen: 56640K->1392K(57344K)] 375529K->320281K(748544K), 0.0018466 secs] [Times: user=0.01 sys=0.00, real=0.00 secs] 
2755.974: [GC (Allocation Failure) [PSYoungGen: 56688K->1376K(57344K)] 375577K->320265K(748544K), 0.0018930 secs] [Times: user=0.00 sys=0.00, real=0.00 secs] 
2757.055: [GC (Allocation Failure) [PSYoungGen: 56672K->1408K(57344K)] 375561K->320297K(748544K), 0.0019583 secs] [Times: user=0.01 sys=0.00, real=0.00 secs] 
2757.845: [GC (Allocation Failure) [PSYoungGen: 56704K->1440K(57344K)] 375593K->320329K(748544K), 0.0025135 secs] [Times: user=0.02 sys=0.00, real=0.00 secs] 
2758.596: [GC (Allocation Failure) [PSYoungGen: 56736K->1408K(57344K)] 375625K->320297K(748544K), 0.0027155 secs] [Times: user=0.01 sys=0.00, real=0.00 secs] 
2759.811: [GC (Allocation Failure) [PSYoungGen: 56704K->1376K(57344K)] 375593K->320265K(748544K), 0.0034112 secs] [Times: user=0.02 sys=0.00, real=0.01 secs] 
2760.798: [GC (Allocation Failure) [PSYoungGen: 56672K->1408K(57344K)] 375561K->320297K(748544K), 0.0030617 secs] [Times: user=0.01 sys=0.00, real=0.00 secs] 
2761.664: [GC (Allocation Failure) [PSYoungGen: 56704K->1405K(57344K)] 375593K->320303K(748544K), 0.0016133 secs] [Times: user=0.01 sys=0.00, real=0.00 secs] 
2762.679: [GC (Allocation Failure) [PSYoungGen: 56701K->1440K(57344K)] 375599K->320345K(748544K), 0.0019270 secs] [Times: user=0.00 sys=0.00, real=0.00 secs] 
2763.669: [GC (Allocation Failure) [PSYoungGen: 56736K->1344K(57344K)] 375641K->320249K(748544K), 0.0026843 secs] [Times: user=0.01 sys=0.00, real=0.00 secs] 
2764.702: [GC (Allocation Failure) [PSYoungGen: 56640K->1376K(57344K)] 375545K->320281K(748544K), 0.0031443 secs] [Times: user=0.01 sys=0.00, real=0.01 secs] 
2765.356: [GC (Allocation Failure) [PSYoungGen: 56672K->1344K(57344K)] 375577K->320249K(748544K), 0.0031989 secs] [Times: user=0.02 sys=0.00, real=0.00 secs] 
2765.951: [GC (Allocation Failure) [PSYoungGen: 56640K->1408K(57344K)] 375545K->320313K(748544K), 0.0031845 secs] [Times: user=0.01 sys=0.00, real=0.01 secs] 
2767.029: [GC (Allocation Failure) [PSYoungGen: 56704K->1408K(57344K)] 375609K->320313K(748544K), 0.0020208 secs] [Times: user=0.01 sys=0.01, real=0.00 secs] 
2767.868: [GC (Allocation Failure) [PSYoungGen: 56704K->1344K(57344K)] 375609K->320249K(748544K), 0.0032427 secs] [Times: user=0.01 sys=0.00, real=0.00 secs] 
2768.822: [GC (Allocation Failure) [PSYoungGen: 56640K->1376K(56832K)] 375545K->320281K(748032K), 0.0045054 secs] [Times: user=0.02 sys=0.00, real=0.01 secs] 
2769.598: [GC (Allocation Failure) [PSYoungGen: 56672K->1392K(56832K)] 375577K->320297K(748032K), 0.0039439 secs] [Times: user=0.01 sys=0.00, real=0.00 secs] 
2770.315: [GC (Allocation Failure) [PSYoungGen: 56688K->352K(56320K)] 375593K->320281K(747520K), 0.0038166 secs] [Times: user=0.01 sys=0.01, real=0.00 secs] 
2771.314: [GC (Allocation Failure) [PSYoungGen: 55648K->1280K(57344K)] 375577K->321209K(748544K), 0.0016303 secs] [Times: user=0.01 sys=0.00, real=0.00 secs] 
2771.990: [GC (Allocation Failure) [PSYoungGen: 56576K->1408K(57344K)] 376505K->321337K(748544K), 0.0021979 secs] [Times: user=0.00 sys=0.00, real=0.00 secs] 
2772.797: [GC (Allocation Failure) [PSYoungGen: 56704K->1376K(57344K)] 376633K->321305K(748544K), 0.0032226 secs] [Times: user=0.01 sys=0.00, real=0.00 secs] 
2773.600: [GC (Allocation Failure) [PSYoungGen: 56672K->1440K(57344K)] 376601K->321369K(748544K), 0.0032774 secs] [Times: user=0.01 sys=0.00, real=0.00 secs] 
2774.460: [GC (Allocation Failure) [PSYoungGen: 56736K->1392K(57344K)] 376665K->321353K(748544K), 0.0041388 secs] [Times: user=0.02 sys=0.00, real=0.01 secs] 
2774.977: [GC (Allocation Failure) [PSYoungGen: 56688K->1376K(57344K)] 376649K->321337K(748544K), 0.0032535 secs] [Times: user=0.01 sys=0.00, real=0.00 secs] 
2776.064: [GC (Allocation Failure) [PSYoungGen: 56672K->1488K(57344K)] 376633K->321449K(748544K), 0.0018471 secs] [Times: user=0.01 sys=0.00, real=0.00 secs] 
2776.726: [GC (Allocation Failure) [PSYoungGen: 56784K->1376K(57344K)] 376745K->321337K(748544K), 0.0021486 secs] [Times: user=0.01 sys=0.00, real=0.00 secs] 
2777.152: [GC (Allocation Failure) [PSYoungGen: 56672K->1344K(57344K)] 376633K->321305K(748544K), 0.0021160 secs] [Times: user=0.01 sys=0.00, real=0.01 secs] 
2777.672: [GC (Allocation Failure) [PSYoungGen: 56640K->1408K(57344K)] 376601K->321369K(748544K), 0.0026924 secs] [Times: user=0.01 sys=0.00, real=0.01 secs] 
2778.349: [GC (Allocation Failure) [PSYoungGen: 56704K->1376K(57344K)] 376665K->321345K(748544K), 0.0027164 secs] [Times: user=0.01 sys=0.00, real=0.00 secs] 
2779.495: [GC (Allocation Failure) [PSYoungGen: 56672K->1440K(57344K)] 376641K->321409K(748544K), 0.0017773 secs] [Times: user=0.00 sys=0.00, real=0.00 secs] 
2779.755: [GC (Allocation Failure) [PSYoungGen: 56736K->1376K(57344K)] 376705K->321353K(748544K), 0.0018114 secs] [Times: user=0.00 sys=0.00, real=0.00 secs] 
2779.988: [GC (Allocation Failure) [PSYoungGen: 56672K->1376K(57344K)] 376649K->321353K(748544K), 0.0018480 secs] [Times: user=0.01 sys=0.00, real=0.00 secs] 
2780.217: [GC (Allocation Failure) [PSYoungGen: 56672K->1408K(57344K)] 376649K->321385K(748544K), 0.0017077 secs] [Times: user=0.00 sys=0.00, real=0.00 secs] 
2780.447: [GC (Allocation Failure) [PSYoungGen: 56704K->1408K(57344K)] 376681K->321385K(748544K), 0.0017608 secs] [Times: user=0.01 sys=0.01, real=0.00 secs] 
2780.886: [GC (Allocation Failure) [PSYoungGen: 56704K->1373K(57344K)] 376681K->321375K(748544K), 0.0016236 secs] [Times: user=0.01 sys=0.00, real=0.00 secs] 
2782.322: [GC (Allocation Failure) [PSYoungGen: 56669K->1440K(57344K)] 376671K->321441K(748544K), 0.0034425 secs] [Times: user=0.02 sys=0.00, real=0.01 secs] 
2783.100: [GC (Allocation Failure) [PSYoungGen: 56736K->1376K(56832K)] 376737K->321377K(748032K), 0.0038953 secs] [Times: user=0.01 sys=0.00, real=0.01 secs] 
2783.923: [GC (Allocation Failure) [PSYoungGen: 56672K->1392K(56832K)] 376673K->321393K(748032K), 0.0024522 secs] [Times: user=0.01 sys=0.00, real=0.01 secs] 
2784.370: [GC (Allocation Failure) [PSYoungGen: 56688K->1376K(56832K)] 376689K->321377K(748032K), 0.0019562 secs] [Times: user=0.01 sys=0.00, real=0.00 secs] 
2784.854: [GC (Allocation Failure) [PSYoungGen: 56672K->1344K(56832K)] 376673K->321345K(748032K), 0.0021828 secs] [Times: user=0.01 sys=0.00, real=0.00 secs] 
2785.830: [GC (Allocation Failure) [PSYoungGen: 56640K->1408K(56832K)] 376641K->321409K(748032K), 0.0021813 secs] [Times: user=0.01 sys=0.00, real=0.00 secs] 
2786.306: [GC (Allocation Failure) [PSYoungGen: 56704K->1344K(56832K)] 376705K->321345K(748032K), 0.0024534 secs] [Times: user=0.01 sys=0.00, real=0.00 secs] 
2786.808: [GC (Allocation Failure) [PSYoungGen: 56640K->1440K(56832K)] 376641K->321441K(748032K), 0.0026010 secs] [Times: user=0.01 sys=0.00, real=0.00 secs] 
2787.255: [GC (Allocation Failure) [PSYoungGen: 56736K->1344K(56832K)] 376737K->321345K(748032K), 0.0024926 secs] [Times: user=0.01 sys=0.00, real=0.00 secs] 
2787.705: [GC (Allocation Failure) [PSYoungGen: 56640K->1408K(56832K)] 376641K->321409K(748032K), 0.0022893 secs] [Times: user=0.01 sys=0.00, real=0.00 secs] 
2788.559: [GC (Allocation Failure) [PSYoungGen: 56704K->640K(56320K)] 376705K->321665K(747520K), 0.0017876 secs] [Times: user=0.01 sys=0.00, real=0.00 secs] 
2788.835: [GC (Allocation Failure) [PSYoungGen: 55424K->288K(56832K)] 376449K->321313K(748032K), 0.0018331 secs] [Times: user=0.01 sys=0.00, real=0.00 secs] 
2789.066: [GC (Allocation Failure) [PSYoungGen: 55072K->320K(56832K)] 376097K->321345K(748032K), 0.0019329 secs] [Times: user=0.01 sys=0.00, real=0.00 secs] 
2789.294: [GC (Allocation Failure) [PSYoungGen: 55104K->320K(56832K)] 376129K->321345K(748032K), 0.0018874 secs] [Times: user=0.01 sys=0.00, real=0.00 secs] 
2789.521: [GC (Allocation Failure) [PSYoungGen: 55104K->352K(56832K)] 376129K->321377K(748032K), 0.0018766 secs] [Times: user=0.00 sys=0.00, real=0.00 secs] 
2789.748: [GC (Allocation Failure) [PSYoungGen: 55136K->352K(56832K)] 376161K->321393K(748032K), 0.0018509 secs] [Times: user=0.01 sys=0.00, real=0.00 secs] 
2790.442: [GC (Allocation Failure) [PSYoungGen: 55136K->1408K(56832K)] 376177K->322449K(748032K), 0.0017143 secs] [Times: user=0.01 sys=0.00, real=0.01 secs] 
2790.691: [GC (Allocation Failure) [PSYoungGen: 56192K->1344K(56832K)] 377233K->322385K(748032K), 0.0017886 secs] [Times: user=0.01 sys=0.00, real=0.01 secs] 
2790.919: [GC (Allocation Failure) [PSYoungGen: 56128K->1408K(57344K)] 377169K->322449K(748544K), 0.0017790 secs] [Times: user=0.01 sys=0.00, real=0.00 secs] 
2791.146: [GC (Allocation Failure) [PSYoungGen: 56192K->1408K(57344K)] 377233K->322449K(748544K), 0.0017833 secs] [Times: user=0.01 sys=0.00, real=0.00 secs] 
2791.373: [GC (Allocation Failure) [PSYoungGen: 56192K->1376K(57344K)] 377233K->322425K(748544K), 0.0017467 secs] [Times: user=0.00 sys=0.00, real=0.00 secs] 
2792.331: [GC (Allocation Failure) [PSYoungGen: 56160K->1392K(57344K)] 377209K->322441K(748544K), 0.0025122 secs] [Times: user=0.01 sys=0.01, real=0.01 secs] 
2793.217: [GC (Allocation Failure) [PSYoungGen: 56176K->1344K(57344K)] 377225K->322393K(748544K), 0.0032812 secs] [Times: user=0.01 sys=0.00, real=0.00 secs] 
2794.044: [GC (Allocation Failure) [PSYoungGen: 56128K->1408K(57344K)] 377177K->322457K(748544K), 0.0040132 secs] [Times: user=0.01 sys=0.00, real=0.00 secs] 
2794.486: [GC (Allocation Failure) [PSYoungGen: 56192K->1376K(57344K)] 377241K->322425K(748544K), 0.0023468 secs] [Times: user=0.01 sys=0.01, real=0.00 secs] 
2794.728: [GC (Allocation Failure) [PSYoungGen: 56160K->1376K(57344K)] 377209K->322425K(748544K), 0.0019039 secs] [Times: user=0.01 sys=0.00, real=0.00 secs] 
2795.357: [GC (Allocation Failure) [PSYoungGen: 56160K->1373K(56320K)] 377209K->322423K(747520K), 0.0016952 secs] [Times: user=0.01 sys=0.00, real=0.00 secs] 
2796.157: [GC (Allocation Failure) [PSYoungGen: 56157K->1408K(56832K)] 377207K->322457K(748032K), 0.0018445 secs] [Times: user=0.01 sys=0.00, real=0.00 secs] 
2796.641: [GC (Allocation Failure) [PSYoungGen: 56192K->1376K(56832K)] 377241K->322425K(748032K), 0.0019166 secs] [Times: user=0.01 sys=0.00, real=0.01 secs] 
2796.869: [GC (Allocation Failure) [PSYoungGen: 56160K->1440K(56832K)] 377209K->322489K(748032K), 0.0019939 secs] [Times: user=0.01 sys=0.00, real=0.00 secs] 
2797.129: [GC (Allocation Failure) [PSYoungGen: 56224K->1408K(56832K)] 377273K->322457K(748032K), 0.0019652 secs] [Times: user=0.00 sys=0.00, real=0.00 secs] 
2797.388: [GC (Allocation Failure) [PSYoungGen: 56192K->1376K(56832K)] 377241K->322425K(748032K), 0.0020787 secs] [Times: user=0.01 sys=0.00, real=0.00 secs] 
2798.409: [GC (Allocation Failure) [PSYoungGen: 56160K->1408K(56832K)] 377209K->322457K(748032K), 0.0026576 secs] [Times: user=0.01 sys=0.00, real=0.00 secs] 
2799.362: [GC (Allocation Failure) [PSYoungGen: 56192K->1440K(56832K)] 377241K->322489K(748032K), 0.0025347 secs] [Times: user=0.01 sys=0.00, real=0.01 secs] 
2799.870: [GC (Allocation Failure) [PSYoungGen: 56224K->1376K(56832K)] 377273K->322425K(748032K), 0.0024668 secs] [Times: user=0.01 sys=0.00, real=0.00 secs] 
2800.267: [GC (Allocation Failure) [PSYoungGen: 56160K->1376K(56832K)] 377209K->322425K(748032K), 0.0022273 secs] [Times: user=0.01 sys=0.00, real=0.00 secs] 
2800.589: [GC (Allocation Failure) [PSYoungGen: 56160K->1376K(56832K)] 377209K->322449K(748032K), 0.0019506 secs] [Times: user=0.01 sys=0.00, real=0.00 secs] 
2801.110: [GC (Allocation Failure) [PSYoungGen: 56160K->1373K(56832K)] 377233K->322447K(748032K), 0.0015219 secs] [Times: user=0.01 sys=0.00, real=0.00 secs] 
2802.565: [GC (Allocation Failure) [PSYoungGen: 56157K->1488K(56832K)] 377231K->322561K(748032K), 0.0030325 secs] [Times: user=0.02 sys=0.00, real=0.00 secs] 
2803.169: [GC (Allocation Failure) [PSYoungGen: 56272K->1408K(56832K)] 377345K->322481K(748032K), 0.0032796 secs] [Times: user=0.01 sys=0.00, real=0.00 secs] 
2803.924: [GC (Allocation Failure) [PSYoungGen: 56192K->1424K(56832K)] 377265K->322497K(748032K), 0.0034723 secs] [Times: user=0.01 sys=0.00, real=0.00 secs] 
2804.604: [GC (Allocation Failure) [PSYoungGen: 56208K->1376K(56832K)] 377281K->322449K(748032K), 0.0044248 secs] [Times: user=0.02 sys=0.00, real=0.00 secs] 
2805.270: [GC (Allocation Failure) [PSYoungGen: 56160K->1408K(56832K)] 377233K->322481K(748032K), 0.0035140 secs] [Times: user=0.01 sys=0.00, real=0.01 secs] 
2806.846: [GC (Allocation Failure) [PSYoungGen: 56192K->1408K(56832K)] 377265K->322481K(748032K), 0.0042092 secs] [Times: user=0.01 sys=0.00, real=0.00 secs] 
2807.092: [GC (Allocation Failure) [PSYoungGen: 56192K->1424K(56832K)] 377265K->322497K(748032K), 0.0023944 secs] [Times: user=0.01 sys=0.00, real=0.01 secs] 
2807.329: [GC (Allocation Failure) [PSYoungGen: 56208K->1408K(56832K)] 377281K->322481K(748032K), 0.0020211 secs] [Times: user=0.01 sys=0.00, real=0.00 secs] 
2807.584: [GC (Allocation Failure) [PSYoungGen: 56192K->1408K(56832K)] 377265K->322481K(748032K), 0.0019145 secs] [Times: user=0.01 sys=0.00, real=0.00 secs] 
2807.823: [GC (Allocation Failure) [PSYoungGen: 56192K->1440K(56832K)] 377265K->322513K(748032K), 0.0018201 secs] [Times: user=0.01 sys=0.00, real=0.01 secs] 
2808.481: [GC (Allocation Failure) [PSYoungGen: 56224K->1280K(56832K)] 377297K->322353K(748032K), 0.0014490 secs] [Times: user=0.01 sys=0.00, real=0.00 secs] 
2809.331: [GC (Allocation Failure) [PSYoungGen: 56064K->1456K(56832K)] 377137K->322529K(748032K), 0.0038833 secs] [Times: user=0.01 sys=0.00, real=0.01 secs] 
2809.939: [GC (Allocation Failure) [PSYoungGen: 56240K->1392K(56832K)] 377313K->322465K(748032K), 0.0032390 secs] [Times: user=0.01 sys=0.00, real=0.00 secs] 
2810.411: [GC (Allocation Failure) [PSYoungGen: 56176K->1344K(56832K)] 377249K->322417K(748032K), 0.0030588 secs] [Times: user=0.01 sys=0.00, real=0.01 secs] 
2810.842: [GC (Allocation Failure) [PSYoungGen: 56128K->1376K(56832K)] 377201K->322449K(748032K), 0.0024864 secs] [Times: user=0.01 sys=0.00, real=0.01 secs] 
2811.262: [GC (Allocation Failure) [PSYoungGen: 56160K->1408K(56832K)] 377233K->322497K(748032K), 0.0043640 secs] [Times: user=0.02 sys=0.00, real=0.01 secs] 
2812.472: [GC (Allocation Failure) [PSYoungGen: 56192K->1440K(56832K)] 377281K->322529K(748032K), 0.0032072 secs] [Times: user=0.01 sys=0.00, real=0.01 secs] 
2813.073: [GC (Allocation Failure) [PSYoungGen: 56224K->1440K(56832K)] 377313K->322529K(748032K), 0.0020270 secs] [Times: user=0.01 sys=0.00, real=0.01 secs] 
2813.653: [GC (Allocation Failure) [PSYoungGen: 56224K->1344K(56832K)] 377313K->322433K(748032K), 0.0020971 secs] [Times: user=0.01 sys=0.00, real=0.01 secs] 
2814.363: [GC (Allocation Failure) [PSYoungGen: 56128K->1344K(56832K)] 377217K->322433K(748032K), 0.0044375 secs] [Times: user=0.01 sys=0.00, real=0.01 secs] 
2814.796: [GC (Allocation Failure) [PSYoungGen: 56128K->1408K(56320K)] 377217K->322497K(747520K), 0.0033695 secs] [Times: user=0.01 sys=0.00, real=0.00 secs] 
2815.655: [GC (Allocation Failure) [PSYoungGen: 56192K->1408K(56320K)] 377281K->323521K(747520K), 0.0019648 secs] [Times: user=0.01 sys=0.00, real=0.00 secs] 
2815.956: [GC (Allocation Failure) [PSYoungGen: 56192K->288K(55808K)] 378305K->322401K(747008K), 0.0019268 secs] [Times: user=0.01 sys=0.00, real=0.00 secs] 
2816.247: [GC (Allocation Failure) [PSYoungGen: 55072K->352K(56832K)] 377185K->322465K(748032K), 0.0023906 secs] [Times: user=0.01 sys=0.01, real=0.00 secs] 
2816.738: [GC (Allocation Failure) [PSYoungGen: 55136K->352K(56832K)] 377249K->322465K(748032K), 0.0033407 secs] [Times: user=0.01 sys=0.00, real=0.00 secs] 
2817.216: [GC (Allocation Failure) [PSYoungGen: 55136K->384K(56832K)] 377249K->322497K(748032K), 0.0030483 secs] [Times: user=0.01 sys=0.00, real=0.00 secs] 
2817.745: [GC (Allocation Failure) [PSYoungGen: 55168K->1405K(56832K)] 377281K->323519K(748032K), 0.0026379 secs] [Times: user=0.01 sys=0.00, real=0.00 secs] 
2818.630: [GC (Allocation Failure) [PSYoungGen: 56189K->1424K(56832K)] 378303K->323537K(748032K), 0.0020050 secs] [Times: user=0.01 sys=0.00, real=0.00 secs] 
2818.858: [GC (Allocation Failure) [PSYoungGen: 56208K->1344K(56832K)] 378321K->323457K(748032K), 0.0019143 secs] [Times: user=0.01 sys=0.00, real=0.00 secs] 
2819.086: [GC (Allocation Failure) [PSYoungGen: 56128K->1344K(56832K)] 378241K->323457K(748032K), 0.0018227 secs] [Times: user=0.01 sys=0.00, real=0.00 secs] 
2819.448: [GC (Allocation Failure) [PSYoungGen: 56128K->1408K(56832K)] 378241K->323521K(748032K), 0.0018970 secs] [Times: user=0.00 sys=0.00, real=0.00 secs] 
2819.861: [GC (Allocation Failure) [PSYoungGen: 56192K->1376K(56832K)] 378305K->323521K(748032K), 0.0019342 secs] [Times: user=0.01 sys=0.00, real=0.00 secs] 
2820.738: [GC (Allocation Failure) [PSYoungGen: 56160K->1408K(56832K)] 378305K->323553K(748032K), 0.0018586 secs] [Times: user=0.01 sys=0.00, real=0.00 secs] 
2821.440: [GC (Allocation Failure) [PSYoungGen: 56192K->1408K(56832K)] 378337K->323553K(748032K), 0.0043808 secs] [Times: user=0.01 sys=0.00, real=0.01 secs] 
2822.068: [GC (Allocation Failure) [PSYoungGen: 56192K->1392K(56832K)] 378337K->323537K(748032K), 0.0032742 secs] [Times: user=0.01 sys=0.00, real=0.00 secs] 
2822.599: [GC (Allocation Failure) [PSYoungGen: 56176K->1408K(56832K)] 378321K->323553K(748032K), 0.0044994 secs] [Times: user=0.02 sys=0.00, real=0.01 secs] 
2823.144: [GC (Allocation Failure) [PSYoungGen: 56192K->1376K(56832K)] 378337K->323521K(748032K), 0.0040396 secs] [Times: user=0.02 sys=0.00, real=0.00 secs] 
2823.849: [GC (Allocation Failure) [PSYoungGen: 56160K->1389K(56832K)] 378305K->323535K(748032K), 0.0015588 secs] [Times: user=0.00 sys=0.00, real=0.00 secs] 
2824.355: [GC (Allocation Failure) [PSYoungGen: 56173K->1408K(56832K)] 378319K->323553K(748032K), 0.0018712 secs] [Times: user=0.01 sys=0.00, real=0.00 secs] 
2824.585: [GC (Allocation Failure) [PSYoungGen: 56192K->1376K(56832K)] 378337K->323521K(748032K), 0.0019252 secs] [Times: user=0.01 sys=0.00, real=0.00 secs] 
2824.814: [GC (Allocation Failure) [PSYoungGen: 56160K->1376K(56832K)] 378305K->323521K(748032K), 0.0019143 secs] [Times: user=0.01 sys=0.00, real=0.00 secs] 
2825.088: [GC (Allocation Failure) [PSYoungGen: 56160K->1376K(56832K)] 378305K->323521K(748032K), 0.0020841 secs] [Times: user=0.01 sys=0.00, real=0.00 secs] 
2825.477: [GC (Allocation Failure) [PSYoungGen: 56160K->1344K(56832K)] 378305K->323513K(748032K), 0.0017862 secs] [Times: user=0.01 sys=0.00, real=0.00 secs] 
2826.381: [GC (Allocation Failure) [PSYoungGen: 56128K->1408K(56832K)] 378297K->323577K(748032K), 0.0017078 secs] [Times: user=0.00 sys=0.00, real=0.00 secs] 
2826.824: [GC (Allocation Failure) [PSYoungGen: 56192K->1408K(56832K)] 378361K->323577K(748032K), 0.0019330 secs] [Times: user=0.01 sys=0.00, real=0.00 secs] 
2827.244: [GC (Allocation Failure) [PSYoungGen: 56192K->1376K(56832K)] 378361K->323545K(748032K), 0.0020351 secs] [Times: user=0.00 sys=0.00, real=0.00 secs] 
2827.510: [GC (Allocation Failure) [PSYoungGen: 56160K->1408K(56832K)] 378329K->323577K(748032K), 0.0020223 secs] [Times: user=0.01 sys=0.00, real=0.00 secs] 
2827.812: [GC (Allocation Failure) [PSYoungGen: 56192K->1408K(56832K)] 378361K->323585K(748032K), 0.0016587 secs] [Times: user=0.01 sys=0.00, real=0.01 secs] 
2828.449: [GC (Allocation Failure) [PSYoungGen: 56192K->1373K(56832K)] 378369K->323551K(748032K), 0.0015780 secs] [Times: user=0.00 sys=0.00, real=0.00 secs] 
2830.160: [GC (Allocation Failure) [PSYoungGen: 56157K->1472K(56832K)] 378335K->323681K(748032K), 0.0031475 secs] [Times: user=0.02 sys=0.00, real=0.01 secs] 
2830.657: [GC (Allocation Failure) [PSYoungGen: 56256K->1344K(56832K)] 378465K->323553K(748032K), 0.0027575 secs] [Times: user=0.01 sys=0.01, real=0.00 secs] 
2831.115: [GC (Allocation Failure) [PSYoungGen: 56128K->1376K(56832K)] 378337K->323585K(748032K), 0.0026690 secs] [Times: user=0.01 sys=0.00, real=0.00 secs] 
2831.506: [GC (Allocation Failure) [PSYoungGen: 56160K->1408K(56832K)] 378369K->323617K(748032K), 0.0026519 secs] [Times: user=0.01 sys=0.00, real=0.00 secs] 
2831.729: [GC (Allocation Failure) [PSYoungGen: 56192K->1344K(56832K)] 378401K->323553K(748032K), 0.0025159 secs] [Times: user=0.01 sys=0.00, real=0.00 secs] 
2832.423: [GC (Allocation Failure) [PSYoungGen: 56128K->1408K(56832K)] 378337K->323617K(748032K), 0.0017986 secs] [Times: user=0.01 sys=0.00, real=0.01 secs] 
2832.710: [GC (Allocation Failure) [PSYoungGen: 56192K->1408K(56832K)] 378401K->323617K(748032K), 0.0019402 secs] [Times: user=0.01 sys=0.00, real=0.00 secs] 
2833.103: [GC (Allocation Failure) [PSYoungGen: 56192K->1344K(56832K)] 378401K->323553K(748032K), 0.0018686 secs] [Times: user=0.00 sys=0.00, real=0.01 secs] 
2833.577: [GC (Allocation Failure) [PSYoungGen: 56128K->1408K(56832K)] 378337K->323617K(748032K), 0.0040702 secs] [Times: user=0.01 sys=0.00, real=0.00 secs] 
2834.050: [GC (Allocation Failure) [PSYoungGen: 56192K->1408K(56832K)] 378401K->323617K(748032K), 0.0029341 secs] [Times: user=0.01 sys=0.00, real=0.00 secs] 
2835.128: [GC (Allocation Failure) [PSYoungGen: 56192K->1920K(56832K)] 378401K->324129K(748032K), 0.0021588 secs] [Times: user=0.01 sys=0.00, real=0.00 secs] 
2836.286: [GC (Allocation Failure) [PSYoungGen: 56704K->1456K(56832K)] 378913K->323665K(748032K), 0.0046233 secs] [Times: user=0.02 sys=0.01, real=0.00 secs] 
2837.013: [GC (Allocation Failure) [PSYoungGen: 56240K->1344K(56832K)] 378449K->323553K(748032K), 0.0037829 secs] [Times: user=0.02 sys=0.00, real=0.01 secs] 
2837.769: [GC (Allocation Failure) [PSYoungGen: 56128K->1376K(56832K)] 378337K->323585K(748032K), 0.0037307 secs] [Times: user=0.01 sys=0.00, real=0.00 secs] 
2838.296: [GC (Allocation Failure) [PSYoungGen: 56160K->1376K(56832K)] 378369K->323585K(748032K), 0.0021242 secs] [Times: user=0.01 sys=0.00, real=0.00 secs] 
2838.851: [GC (Allocation Failure) [PSYoungGen: 56160K->1376K(56832K)] 378369K->323585K(748032K), 0.0024380 secs] [Times: user=0.01 sys=0.00, real=0.01 secs] 
2839.779: [GC (Allocation Failure) [PSYoungGen: 56160K->1440K(56832K)] 378369K->323649K(748032K), 0.0019146 secs] [Times: user=0.00 sys=0.00, real=0.00 secs] 
2840.274: [GC (Allocation Failure) [PSYoungGen: 56224K->1424K(56832K)] 378433K->323633K(748032K), 0.0019157 secs] [Times: user=0.00 sys=0.00, real=0.00 secs] 
2840.723: [GC (Allocation Failure) [PSYoungGen: 56208K->1376K(56832K)] 378417K->323585K(748032K), 0.0018239 secs] [Times: user=0.01 sys=0.00, real=0.00 secs] 
2841.313: [GC (Allocation Failure) [PSYoungGen: 56160K->1392K(56832K)] 378369K->323625K(748032K), 0.0023232 secs] [Times: user=0.01 sys=0.00, real=0.01 secs] 
2841.826: [GC (Allocation Failure) [PSYoungGen: 56176K->1408K(56832K)] 378409K->323641K(748032K), 0.0024825 secs] [Times: user=0.01 sys=0.00, real=0.00 secs] 
2842.692: [GC (Allocation Failure) [PSYoungGen: 56192K->1440K(56832K)] 378425K->323673K(748032K), 0.0024004 secs] [Times: user=0.01 sys=0.00, real=0.01 secs] 
2842.998: [GC (Allocation Failure) [PSYoungGen: 56224K->1376K(56832K)] 378457K->323609K(748032K), 0.0018563 secs] [Times: user=0.00 sys=0.00, real=0.00 secs] 
2843.257: [GC (Allocation Failure) [PSYoungGen: 56160K->1408K(56832K)] 378393K->323641K(748032K), 0.0019418 secs] [Times: user=0.01 sys=0.00, real=0.00 secs] 
2843.485: [GC (Allocation Failure) [PSYoungGen: 56192K->1408K(56320K)] 378425K->323641K(747520K), 0.0023251 secs] [Times: user=0.01 sys=0.00, real=0.00 secs] 
2843.815: [GC (Allocation Failure) [PSYoungGen: 56192K->1392K(56320K)] 378425K->323625K(747520K), 0.0020678 secs] [Times: user=0.01 sys=0.00, real=0.00 secs] 
2844.216: [GC (Allocation Failure) [PSYoungGen: 56176K->1373K(56320K)] 378409K->323607K(747520K), 0.0015208 secs] [Times: user=0.00 sys=0.00, real=0.00 secs] 
2844.810: [GC (Allocation Failure) [PSYoungGen: 56157K->1408K(56320K)] 378391K->323641K(747520K), 0.0018719 secs] [Times: user=0.00 sys=0.00, real=0.00 secs] 
2845.256: [GC (Allocation Failure) [PSYoungGen: 56192K->1408K(56320K)] 378425K->323641K(747520K), 0.0021946 secs] [Times: user=0.00 sys=0.00, real=0.00 secs] 
2845.844: [GC (Allocation Failure) [PSYoungGen: 56192K->1440K(56320K)] 378425K->323673K(747520K), 0.0028287 secs] [Times: user=0.01 sys=0.00, real=0.00 secs] 
2846.553: [GC (Allocation Failure) [PSYoungGen: 56224K->1344K(56320K)] 378457K->323577K(747520K), 0.0042271 secs] [Times: user=0.01 sys=0.00, real=0.01 secs] 
2847.243: [GC (Allocation Failure) [PSYoungGen: 56128K->1408K(56320K)] 378361K->323641K(747520K), 0.0045689 secs] [Times: user=0.02 sys=0.00, real=0.01 secs] 
2848.197: [GC (Allocation Failure) [PSYoungGen: 56192K->1456K(56320K)] 378425K->323689K(747520K), 0.0017587 secs] [Times: user=0.00 sys=0.00, real=0.00 secs] 
2848.425: [GC (Allocation Failure) [PSYoungGen: 56240K->1408K(56320K)] 378473K->323641K(747520K), 0.0018691 secs] [Times: user=0.00 sys=0.00, real=0.00 secs] 
2848.653: [GC (Allocation Failure) [PSYoungGen: 56192K->1408K(56320K)] 378425K->323641K(747520K), 0.0018779 secs] [Times: user=0.01 sys=0.00, real=0.01 secs] 
2848.881: [GC (Allocation Failure) [PSYoungGen: 56192K->1344K(56320K)] 378425K->323593K(747520K), 0.0018840 secs] [Times: user=0.01 sys=0.00, real=0.00 secs] 
2849.108: [GC (Allocation Failure) [PSYoungGen: 56128K->1376K(56320K)] 378377K->323625K(747520K), 0.0019309 secs] [Times: user=0.00 sys=0.00, real=0.00 secs] 
2849.624: [GC (Allocation Failure) [PSYoungGen: 56160K->1405K(56320K)] 378409K->323655K(747520K), 0.0015175 secs] [Times: user=0.01 sys=0.00, real=0.00 secs] 
2850.012: [GC (Allocation Failure) [PSYoungGen: 56189K->1408K(56320K)] 378439K->323657K(747520K), 0.0018210 secs] [Times: user=0.01 sys=0.00, real=0.01 secs] 
2850.239: [GC (Allocation Failure) [PSYoungGen: 56192K->1408K(56320K)] 378441K->323657K(747520K), 0.0018527 secs] [Times: user=0.01 sys=0.00, real=0.00 secs] 
2850.467: [GC (Allocation Failure) [PSYoungGen: 56192K->1344K(56320K)] 378441K->323593K(747520K), 0.0017777 secs] [Times: user=0.00 sys=0.00, real=0.00 secs] 
2850.694: [GC (Allocation Failure) [PSYoungGen: 56128K->1408K(56320K)] 378377K->323657K(747520K), 0.0017635 secs] [Times: user=0.01 sys=0.00, real=0.00 secs] 
2850.921: [GC (Allocation Failure) [PSYoungGen: 56192K->1344K(56320K)] 378441K->323601K(747520K), 0.0017959 secs] [Times: user=0.00 sys=0.00, real=0.00 secs] 
2852.014: [GC (Allocation Failure) [PSYoungGen: 56128K->1376K(56320K)] 378385K->323633K(747520K), 0.0032339 secs] [Times: user=0.02 sys=0.00, real=0.00 secs] 
2853.108: [GC (Allocation Failure) [PSYoungGen: 56160K->1376K(56320K)] 378417K->323633K(747520K), 0.0033646 secs] [Times: user=0.01 sys=0.00, real=0.00 secs] 
2853.977: [GC (Allocation Failure) [PSYoungGen: 56160K->1376K(56320K)] 378417K->323633K(747520K), 0.0040303 secs] [Times: user=0.02 sys=0.00, real=0.00 secs] 
2854.795: [GC (Allocation Failure) [PSYoungGen: 56160K->1344K(56320K)] 378417K->323601K(747520K), 0.0032689 secs] [Times: user=0.01 sys=0.00, real=0.00 secs] 
2855.335: [GC (Allocation Failure) [PSYoungGen: 56128K->1408K(56320K)] 378385K->323665K(747520K), 0.0031963 secs] [Times: user=0.01 sys=0.00, real=0.00 secs] 
2856.286: [GC (Allocation Failure) [PSYoungGen: 56157K->256K(56320K)] 378415K->322513K(747520K), 0.0014794 secs] [Times: user=0.01 sys=0.00, real=0.00 secs] 
2857.376: [GC (Allocation Failure) [PSYoungGen: 55040K->1376K(56832K)] 377297K->323633K(748032K), 0.0026298 secs] [Times: user=0.01 sys=0.00, real=0.00 secs] 
2858.125: [GC (Allocation Failure) [PSYoungGen: 56160K->1376K(56832K)] 378417K->323633K(748032K), 0.0021717 secs] [Times: user=0.01 sys=0.00, real=0.00 secs] 
2858.640: [GC (Allocation Failure) [PSYoungGen: 56160K->1408K(56832K)] 378417K->323665K(748032K), 0.0023184 secs] [Times: user=0.01 sys=0.00, real=0.00 secs] 
2859.016: [GC (Allocation Failure) [PSYoungGen: 56192K->1376K(56832K)] 378449K->323633K(748032K), 0.0022450 secs] [Times: user=0.01 sys=0.00, real=0.00 secs] 
2859.464: [GC (Allocation Failure) [PSYoungGen: 56160K->1440K(56832K)] 378417K->323697K(748032K), 0.0022243 secs] [Times: user=0.01 sys=0.00, real=0.00 secs] 
2860.497: [GC (Allocation Failure) [PSYoungGen: 56224K->1408K(56832K)] 378481K->323665K(748032K), 0.0018686 secs] [Times: user=0.01 sys=0.00, real=0.00 secs] 
2860.896: [GC (Allocation Failure) [PSYoungGen: 56192K->1344K(56832K)] 378449K->323601K(748032K), 0.0019938 secs] [Times: user=0.00 sys=0.00, real=0.00 secs] 
2861.309: [GC (Allocation Failure) [PSYoungGen: 56128K->1344K(56832K)] 378385K->323601K(748032K), 0.0020360 secs] [Times: user=0.01 sys=0.00, real=0.00 secs] 
2861.995: [GC (Allocation Failure) [PSYoungGen: 56128K->1376K(56832K)] 378385K->323633K(748032K), 0.0024662 secs] [Times: user=0.01 sys=0.00, real=0.00 secs] 
2862.703: [GC (Allocation Failure) [PSYoungGen: 56160K->1408K(56832K)] 378417K->323673K(748032K), 0.0024527 secs] [Times: user=0.01 sys=0.00, real=0.01 secs] 
2863.774: [GC (Allocation Failure) [PSYoungGen: 56192K->1664K(56832K)] 378457K->323929K(748032K), 0.0018227 secs] [Times: user=0.01 sys=0.00, real=0.00 secs] 
2864.618: [GC (Allocation Failure) [PSYoungGen: 56448K->1376K(56832K)] 378713K->323641K(748032K), 0.0023272 secs] [Times: user=0.01 sys=0.00, real=0.00 secs] 
2865.353: [GC (Allocation Failure) [PSYoungGen: 56160K->1376K(56832K)] 378425K->323641K(748032K), 0.0040552 secs] [Times: user=0.02 sys=0.00, real=0.01 secs] 
2866.080: [GC (Allocation Failure) [PSYoungGen: 56160K->1344K(56832K)] 378425K->323609K(748032K), 0.0031257 secs] [Times: user=0.01 sys=0.00, real=0.01 secs] 
2866.979: [GC (Allocation Failure) [PSYoungGen: 56128K->1344K(56832K)] 378393K->323609K(748032K), 0.0045248 secs] [Times: user=0.01 sys=0.00, real=0.01 secs] 
2867.670: [GC (Allocation Failure) [PSYoungGen: 56128K->1344K(56832K)] 378393K->323609K(748032K), 0.0053509 secs] [Times: user=0.02 sys=0.00, real=0.01 secs] 
2868.942: [GC (Allocation Failure) [PSYoungGen: 56128K->1440K(56832K)] 378393K->323705K(748032K), 0.0020976 secs] [Times: user=0.01 sys=0.00, real=0.01 secs] 
2869.729: [GC (Allocation Failure) [PSYoungGen: 56224K->1408K(56832K)] 378489K->323673K(748032K), 0.0034866 secs] [Times: user=0.02 sys=0.00, real=0.00 secs] 
2870.344: [GC (Allocation Failure) [PSYoungGen: 56192K->1408K(56832K)] 378457K->323673K(748032K), 0.0041710 secs] [Times: user=0.02 sys=0.00, real=0.00 secs] 
2870.970: [GC (Allocation Failure) [PSYoungGen: 56192K->1408K(56832K)] 378457K->323673K(748032K), 0.0034378 secs] [Times: user=0.02 sys=0.00, real=0.01 secs] 
2871.514: [GC (Allocation Failure) [PSYoungGen: 56192K->1408K(56832K)] 378457K->323681K(748032K), 0.0034060 secs] [Times: user=0.02 sys=0.00, real=0.00 secs] 
2872.822: [GC (Allocation Failure) [PSYoungGen: 56192K->1440K(56832K)] 378465K->323713K(748032K), 0.0040821 secs] [Times: user=0.01 sys=0.00, real=0.01 secs] 
2873.473: [GC (Allocation Failure) [PSYoungGen: 56224K->1408K(56832K)] 378497K->323681K(748032K), 0.0032203 secs] [Times: user=0.02 sys=0.00, real=0.01 secs] 
2874.060: [GC (Allocation Failure) [PSYoungGen: 56192K->1376K(56320K)] 378465K->323657K(747520K), 0.0033350 secs] [Times: user=0.01 sys=0.00, real=0.00 secs] 
2874.666: [GC (Allocation Failure) [PSYoungGen: 56160K->1376K(56320K)] 378441K->323657K(747520K), 0.0031327 secs] [Times: user=0.01 sys=0.00, real=0.00 secs] 
2875.102: [GC (Allocation Failure) [PSYoungGen: 56160K->1408K(56320K)] 378441K->323689K(747520K), 0.0032495 secs] [Times: user=0.01 sys=0.00, real=0.01 secs] 
2875.841: [GC (Allocation Failure) [PSYoungGen: 56192K->1405K(56320K)] 378473K->323687K(747520K), 0.0016415 secs] [Times: user=0.01 sys=0.00, real=0.00 secs] 
2876.417: [GC (Allocation Failure) [PSYoungGen: 56189K->1472K(56320K)] 378471K->323753K(747520K), 0.0018923 secs] [Times: user=0.01 sys=0.00, real=0.00 secs] 
2876.645: [GC (Allocation Failure) [PSYoungGen: 56256K->1376K(56320K)] 378537K->323657K(747520K), 0.0018568 secs] [Times: user=0.01 sys=0.00, real=0.00 secs] 
2876.873: [GC (Allocation Failure) [PSYoungGen: 56160K->1408K(56320K)] 378441K->323689K(747520K), 0.0028117 secs] [Times: user=0.01 sys=0.00, real=0.01 secs] 
2877.101: [GC (Allocation Failure) [PSYoungGen: 56192K->1408K(56320K)] 378473K->323689K(747520K), 0.0022311 secs] [Times: user=0.01 sys=0.00, real=0.01 secs] 
2877.330: [GC (Allocation Failure) [PSYoungGen: 56192K->1376K(56320K)] 378473K->323657K(747520K), 0.0027688 secs] [Times: user=0.01 sys=0.00, real=0.00 secs] 
2878.018: [GC (Allocation Failure) [PSYoungGen: 56160K->1440K(56320K)] 378441K->323721K(747520K), 0.0015319 secs] [Times: user=0.00 sys=0.00, real=0.00 secs] 
2878.245: [GC (Allocation Failure) [PSYoungGen: 56224K->1408K(56320K)] 378505K->323689K(747520K), 0.0014878 secs] [Times: user=0.01 sys=0.00, real=0.00 secs] 
2878.586: [GC (Allocation Failure) [PSYoungGen: 56192K->1424K(56320K)] 378473K->323705K(747520K), 0.0019588 secs] [Times: user=0.01 sys=0.00, real=0.00 secs] 
2879.061: [GC (Allocation Failure) [PSYoungGen: 56208K->1408K(56320K)] 378489K->323689K(747520K), 0.0045954 secs] [Times: user=0.02 sys=0.00, real=0.01 secs] 
2879.548: [GC (Allocation Failure) [PSYoungGen: 56192K->1392K(56320K)] 378473K->323697K(747520K), 0.0032492 secs] [Times: user=0.01 sys=0.00, real=0.00 secs] 
2880.402: [GC (Allocation Failure) [PSYoungGen: 56176K->1373K(56320K)] 378481K->323679K(747520K), 0.0016349 secs] [Times: user=0.01 sys=0.00, real=0.01 secs] 
2880.778: [GC (Allocation Failure) [PSYoungGen: 56157K->1408K(56320K)] 378463K->323713K(747520K), 0.0015744 secs] [Times: user=0.00 sys=0.00, real=0.00 secs] 
2881.005: [GC (Allocation Failure) [PSYoungGen: 56192K->1344K(56320K)] 378497K->323649K(747520K), 0.0015461 secs] [Times: user=0.01 sys=0.00, real=0.00 secs] 
2881.232: [GC (Allocation Failure) [PSYoungGen: 56128K->1408K(56320K)] 378433K->323713K(747520K), 0.0015473 secs] [Times: user=0.01 sys=0.00, real=0.01 secs] 
2881.459: [GC (Allocation Failure) [PSYoungGen: 56192K->1392K(56320K)] 378497K->323697K(747520K), 0.0015400 secs] [Times: user=0.01 sys=0.00, real=0.00 secs] 
2881.776: [GC (Allocation Failure) [PSYoungGen: 56176K->1376K(56320K)] 378481K->323681K(747520K), 0.0018993 secs] [Times: user=0.01 sys=0.00, real=0.00 secs] 
2882.454: [GC (Allocation Failure) [PSYoungGen: 56160K->1440K(56320K)] 378465K->323745K(747520K), 0.0015686 secs] [Times: user=0.01 sys=0.00, real=0.00 secs] 
2882.698: [GC (Allocation Failure) [PSYoungGen: 56224K->1408K(56320K)] 378529K->323713K(747520K), 0.0015521 secs] [Times: user=0.01 sys=0.00, real=0.00 secs] 
2882.925: [GC (Allocation Failure) [PSYoungGen: 56192K->1376K(56320K)] 378497K->323681K(747520K), 0.0015315 secs] [Times: user=0.01 sys=0.00, real=0.00 secs] 
2883.152: [GC (Allocation Failure) [PSYoungGen: 56160K->1376K(56320K)] 378465K->323681K(747520K), 0.0015502 secs] [Times: user=0.01 sys=0.00, real=0.01 secs] 
2883.379: [GC (Allocation Failure) [PSYoungGen: 56160K->1376K(56320K)] 378465K->323681K(747520K), 0.0015864 secs] [Times: user=0.00 sys=0.00, real=0.00 secs] 
2883.998: [GC (Allocation Failure) [PSYoungGen: 56160K->1248K(56320K)] 378465K->323553K(747520K), 0.0015149 secs] [Times: user=0.01 sys=0.00, real=0.00 secs] 
2885.415: [GC (Allocation Failure) [PSYoungGen: 56032K->1376K(56320K)] 378337K->323681K(747520K), 0.0045310 secs] [Times: user=0.02 sys=0.00, real=0.00 secs] 
2886.069: [GC (Allocation Failure) [PSYoungGen: 56160K->1408K(56320K)] 378465K->323713K(747520K), 0.0030899 secs] [Times: user=0.01 sys=0.00, real=0.00 secs] 
2886.617: [GC (Allocation Failure) [PSYoungGen: 56192K->1376K(56320K)] 378497K->323681K(747520K), 0.0028159 secs] [Times: user=0.01 sys=0.00, real=0.00 secs] 
2887.277: [GC (Allocation Failure) [PSYoungGen: 56160K->1440K(56320K)] 378465K->323745K(747520K), 0.0045100 secs] [Times: user=0.02 sys=0.00, real=0.00 secs] 
2887.843: [GC (Allocation Failure) [PSYoungGen: 56224K->1376K(56320K)] 378529K->323681K(747520K), 0.0043027 secs] [Times: user=0.01 sys=0.00, real=0.01 secs] 
2888.908: [GC (Allocation Failure) [PSYoungGen: 56160K->1408K(56320K)] 378465K->323713K(747520K), 0.0023188 secs] [Times: user=0.01 sys=0.00, real=0.00 secs] 
2889.364: [GC (Allocation Failure) [PSYoungGen: 56192K->1376K(56320K)] 378497K->323681K(747520K), 0.0025610 secs] [Times: user=0.01 sys=0.00, real=0.00 secs] 
2889.826: [GC (Allocation Failure) [PSYoungGen: 56160K->1376K(56320K)] 378465K->323681K(747520K), 0.0022694 secs] [Times: user=0.01 sys=0.00, real=0.00 secs] 
2890.303: [GC (Allocation Failure) [PSYoungGen: 56160K->1312K(56320K)] 378465K->323641K(747520K), 0.0023200 secs] [Times: user=0.01 sys=0.00, real=0.01 secs] 
2890.695: [GC (Allocation Failure) [PSYoungGen: 56096K->1408K(56320K)] 378425K->323737K(747520K), 0.0021647 secs] [Times: user=0.01 sys=0.00, real=0.00 secs] 
2891.397: [GC (Allocation Failure) [PSYoungGen: 56192K->1424K(56320K)] 378521K->324777K(747520K), 0.0016910 secs] [Times: user=0.01 sys=0.00, real=0.00 secs] 
2891.843: [GC (Allocation Failure) [PSYoungGen: 56208K->1376K(56320K)] 379561K->324729K(747520K), 0.0017511 secs] [Times: user=0.01 sys=0.00, real=0.01 secs] 
2892.277: [GC (Allocation Failure) [PSYoungGen: 56160K->1376K(56320K)] 379513K->324729K(747520K), 0.0019756 secs] [Times: user=0.01 sys=0.00, real=0.00 secs] 
2892.759: [GC (Allocation Failure) [PSYoungGen: 56160K->1376K(56320K)] 379513K->324729K(747520K), 0.0021789 secs] [Times: user=0.01 sys=0.00, real=0.00 secs] 
2893.205: [GC (Allocation Failure) [PSYoungGen: 56160K->1376K(56320K)] 379513K->324729K(747520K), 0.0022022 secs] [Times: user=0.01 sys=0.00, real=0.00 secs] 
2893.731: [GC (Allocation Failure) [PSYoungGen: 56152K->256K(55808K)] 379506K->323609K(747008K), 0.0026883 secs] [Times: user=0.01 sys=0.00, real=0.01 secs] 
2894.561: [GC (Allocation Failure) [PSYoungGen: 54528K->1408K(56320K)] 377881K->324761K(747520K), 0.0019100 secs] [Times: user=0.01 sys=0.01, real=0.01 secs] 
2894.790: [GC (Allocation Failure) [PSYoungGen: 55680K->1376K(56320K)] 379033K->324729K(747520K), 0.0020807 secs] [Times: user=0.01 sys=0.00, real=0.00 secs] 
2895.032: [GC (Allocation Failure) [PSYoungGen: 55648K->1376K(56320K)] 379001K->324737K(747520K), 0.0019991 secs] [Times: user=0.00 sys=0.00, real=0.01 secs] 
2895.295: [GC (Allocation Failure) [PSYoungGen: 55648K->1344K(56320K)] 379009K->324705K(747520K), 0.0020648 secs] [Times: user=0.01 sys=0.00, real=0.00 secs] 
2895.524: [GC (Allocation Failure) [PSYoungGen: 55616K->1392K(56320K)] 378977K->324761K(747520K), 0.0018940 secs] [Times: user=0.01 sys=0.00, real=0.00 secs] 
2897.443: [GC (Allocation Failure) [PSYoungGen: 55664K->1440K(56320K)] 379033K->324809K(747520K), 0.0042679 secs] [Times: user=0.01 sys=0.00, real=0.00 secs] 
2899.070: [GC (Allocation Failure) [PSYoungGen: 55712K->1376K(56320K)] 379081K->324745K(747520K), 0.0031497 secs] [Times: user=0.01 sys=0.00, real=0.01 secs] 
2899.564: [GC (Allocation Failure) [PSYoungGen: 55648K->1376K(56320K)] 379017K->324745K(747520K), 0.0033085 secs] [Times: user=0.02 sys=0.00, real=0.00 secs] 
2900.240: [GC (Allocation Failure) [PSYoungGen: 55648K->1376K(56320K)] 379017K->324745K(747520K), 0.0028664 secs] [Times: user=0.01 sys=0.00, real=0.01 secs] 
2900.700: [GC (Allocation Failure) [PSYoungGen: 55648K->1344K(56320K)] 379017K->324713K(747520K), 0.0029012 secs] [Times: user=0.01 sys=0.00, real=0.00 secs] 
2901.140: [GC (Allocation Failure) [PSYoungGen: 55609K->288K(56320K)] 378979K->323681K(747520K), 0.0032104 secs] [Times: user=0.02 sys=0.00, real=0.01 secs] 
2901.975: [GC (Allocation Failure) [PSYoungGen: 54560K->1472K(56320K)] 377953K->324865K(747520K), 0.0019583 secs] [Times: user=0.01 sys=0.00, real=0.00 secs] 
2902.216: [GC (Allocation Failure) [PSYoungGen: 55744K->1376K(56320K)] 379137K->324769K(747520K), 0.0019802 secs] [Times: user=0.00 sys=0.00, real=0.00 secs] 
2902.442: [GC (Allocation Failure) [PSYoungGen: 55648K->1440K(56320K)] 379041K->324833K(747520K), 0.0018419 secs] [Times: user=0.01 sys=0.00, real=0.01 secs] 
2902.737: [GC (Allocation Failure) [PSYoungGen: 55712K->1392K(56320K)] 379105K->324785K(747520K), 0.0019433 secs] [Times: user=0.01 sys=0.00, real=0.00 secs] 
2903.135: [GC (Allocation Failure) [PSYoungGen: 55664K->1344K(56320K)] 379057K->324737K(747520K), 0.0024131 secs] [Times: user=0.01 sys=0.00, real=0.00 secs] 
2904.062: [GC (Allocation Failure) [PSYoungGen: 55616K->1376K(56320K)] 379009K->324769K(747520K), 0.0022344 secs] [Times: user=0.01 sys=0.00, real=0.01 secs] 
2904.421: [GC (Allocation Failure) [PSYoungGen: 55648K->1376K(56320K)] 379041K->324769K(747520K), 0.0021700 secs] [Times: user=0.01 sys=0.00, real=0.01 secs] 
2904.723: [GC (Allocation Failure) [PSYoungGen: 55648K->1392K(56320K)] 379041K->324785K(747520K), 0.0020870 secs] [Times: user=0.01 sys=0.00, real=0.01 secs] 
2905.155: [GC (Allocation Failure) [PSYoungGen: 55664K->1408K(56320K)] 379057K->324801K(747520K), 0.0023878 secs] [Times: user=0.01 sys=0.00, real=0.00 secs] 
2905.668: [GC (Allocation Failure) [PSYoungGen: 55680K->1376K(56320K)] 379073K->324777K(747520K), 0.0042502 secs] [Times: user=0.02 sys=0.01, real=0.00 secs] 
2906.351: [GC (Allocation Failure) [PSYoungGen: 55648K->1405K(56320K)] 379049K->324807K(747520K), 0.0030998 secs] [Times: user=0.01 sys=0.00, real=0.01 secs] 
2907.062: [GC (Allocation Failure) [PSYoungGen: 55677K->1408K(56320K)] 379079K->324809K(747520K), 0.0018133 secs] [Times: user=0.00 sys=0.00, real=0.01 secs] 
2907.287: [GC (Allocation Failure) [PSYoungGen: 55680K->1408K(56320K)] 379081K->324809K(747520K), 0.0017388 secs] [Times: user=0.01 sys=0.00, real=0.00 secs] 
2907.512: [GC (Allocation Failure) [PSYoungGen: 55680K->1376K(56320K)] 379081K->324777K(747520K), 0.0017945 secs] [Times: user=0.00 sys=0.00, real=0.01 secs] 
2907.745: [GC (Allocation Failure) [PSYoungGen: 55648K->1408K(56320K)] 379049K->324809K(747520K), 0.0017693 secs] [Times: user=0.01 sys=0.00, real=0.00 secs] 
2907.970: [GC (Allocation Failure) [PSYoungGen: 55680K->1376K(56320K)] 379081K->324801K(747520K), 0.0017714 secs] [Times: user=0.00 sys=0.00, real=0.00 secs] 
2908.864: [GC (Allocation Failure) [PSYoungGen: 55648K->1408K(56320K)] 379073K->324833K(747520K), 0.0015638 secs] [Times: user=0.01 sys=0.00, real=0.00 secs] 
2909.091: [GC (Allocation Failure) [PSYoungGen: 55680K->1408K(56320K)] 379105K->324833K(747520K), 0.0016084 secs] [Times: user=0.01 sys=0.00, real=0.00 secs] 
2909.315: [GC (Allocation Failure) [PSYoungGen: 55680K->1344K(56320K)] 379105K->324769K(747520K), 0.0016090 secs] [Times: user=0.00 sys=0.00, real=0.00 secs] 
2909.541: [GC (Allocation Failure) [PSYoungGen: 55616K->1376K(56320K)] 379041K->324801K(747520K), 0.0016269 secs] [Times: user=0.00 sys=0.00, real=0.00 secs] 
2909.766: [GC (Allocation Failure) [PSYoungGen: 55648K->1376K(55808K)] 379073K->324801K(747008K), 0.0016233 secs] [Times: user=0.01 sys=0.00, real=0.00 secs] 
2910.065: [GC (Allocation Failure) [PSYoungGen: 55648K->1405K(55808K)] 379073K->324831K(747008K), 0.0016422 secs] [Times: user=0.01 sys=0.00, real=0.00 secs] 
2910.651: [GC (Allocation Failure) [PSYoungGen: 55677K->416K(55296K)] 379103K->324865K(746496K), 0.0018206 secs] [Times: user=0.01 sys=0.00, real=0.00 secs] 
2910.876: [GC (Allocation Failure) [PSYoungGen: 54688K->352K(56320K)] 379137K->324801K(747520K), 0.0017207 secs] [Times: user=0.01 sys=0.00, real=0.00 secs] 
2911.102: [GC (Allocation Failure) [PSYoungGen: 54624K->384K(56320K)] 379073K->324833K(747520K), 0.0016488 secs] [Times: user=0.01 sys=0.00, real=0.01 secs] 
2911.327: [GC (Allocation Failure) [PSYoungGen: 54656K->320K(56320K)] 379105K->324769K(747520K), 0.0017192 secs] [Times: user=0.01 sys=0.00, real=0.00 secs] 
2911.552: [GC (Allocation Failure) [PSYoungGen: 54592K->320K(56320K)] 379041K->324777K(747520K), 0.0018194 secs] [Times: user=0.01 sys=0.00, real=0.01 secs] 
2912.558: [GC (Allocation Failure) [PSYoungGen: 54592K->1440K(56320K)] 379049K->325897K(747520K), 0.0032635 secs] [Times: user=0.01 sys=0.00, real=0.00 secs] 
2912.914: [GC (Allocation Failure) [PSYoungGen: 55712K->1376K(55808K)] 380169K->325833K(747008K), 0.0020846 secs] [Times: user=0.01 sys=0.00, real=0.00 secs] 
2913.174: [GC (Allocation Failure) [PSYoungGen: 55136K->1408K(56320K)] 379593K->325865K(747520K), 0.0019378 secs] [Times: user=0.00 sys=0.00, real=0.00 secs] 
2913.459: [GC (Allocation Failure) [PSYoungGen: 55168K->1408K(56320K)] 379625K->325865K(747520K), 0.0023113 secs] [Times: user=0.01 sys=0.00, real=0.00 secs] 
2913.956: [GC (Allocation Failure) [PSYoungGen: 55168K->1344K(56320K)] 379625K->325801K(747520K), 0.0020358 secs] [Times: user=0.01 sys=0.00, real=0.00 secs] 
2914.505: [GC (Allocation Failure) [PSYoungGen: 55104K->1405K(56320K)] 379561K->325863K(747520K), 0.0020802 secs] [Times: user=0.01 sys=0.00, real=0.00 secs] 
2915.388: [GC (Allocation Failure) [PSYoungGen: 55165K->1424K(56320K)] 379623K->325881K(747520K), 0.0015423 secs] [Times: user=0.01 sys=0.00, real=0.00 secs] 
2916.003: [GC (Allocation Failure) [PSYoungGen: 55184K->1376K(56320K)] 379641K->325833K(747520K), 0.0019751 secs] [Times: user=0.01 sys=0.00, real=0.00 secs] 
2916.463: [GC (Allocation Failure) [PSYoungGen: 55136K->1392K(56320K)] 379593K->325849K(747520K), 0.0020387 secs] [Times: user=0.01 sys=0.00, real=0.00 secs] 
2916.947: [GC (Allocation Failure) [PSYoungGen: 55152K->1424K(56320K)] 379609K->325881K(747520K), 0.0022450 secs] [Times: user=0.01 sys=0.00, real=0.00 secs] 
2917.426: [GC (Allocation Failure) [PSYoungGen: 55184K->1376K(55296K)] 379641K->325833K(746496K), 0.0020767 secs] [Times: user=0.01 sys=0.00, real=0.00 secs] 
2918.260: [GC (Allocation Failure) [PSYoungGen: 55136K->1920K(55296K)] 379593K->326889K(746496K), 0.0020211 secs] [Times: user=0.01 sys=0.00, real=0.00 secs] 
2918.737: [GC (Allocation Failure) [PSYoungGen: 55168K->1408K(55808K)] 380137K->326377K(747008K), 0.0020767 secs] [Times: user=0.01 sys=0.00, real=0.00 secs] 
2919.357: [GC (Allocation Failure) [PSYoungGen: 54656K->1344K(55808K)] 379625K->326313K(747008K), 0.0021391 secs] [Times: user=0.00 sys=0.00, real=0.00 secs] 
2920.077: [GC (Allocation Failure) [PSYoungGen: 54592K->1376K(54784K)] 379561K->326345K(745984K), 0.0022166 secs] [Times: user=0.01 sys=0.00, real=0.00 secs] 
2920.807: [GC (Allocation Failure) [PSYoungGen: 54624K->1344K(55296K)] 379593K->326337K(746496K), 0.0028409 secs] [Times: user=0.01 sys=0.00, real=0.00 secs] 
2921.556: [GC (Allocation Failure) [PSYoungGen: 54592K->1456K(55296K)] 379585K->326449K(746496K), 0.0034817 secs] [Times: user=0.02 sys=0.00, real=0.00 secs] 
2922.502: [GC (Allocation Failure) [PSYoungGen: 54704K->1376K(55296K)] 379697K->326369K(746496K), 0.0019725 secs] [Times: user=0.01 sys=0.00, real=0.01 secs] 
2922.901: [GC (Allocation Failure) [PSYoungGen: 54624K->1408K(55296K)] 379617K->326401K(746496K), 0.0022323 secs] [Times: user=0.01 sys=0.00, real=0.01 secs] 
2923.365: [GC (Allocation Failure) [PSYoungGen: 54656K->1408K(55296K)] 379649K->326401K(746496K), 0.0022018 secs] [Times: user=0.01 sys=0.00, real=0.00 secs] 
2923.874: [GC (Allocation Failure) [PSYoungGen: 54656K->1408K(55296K)] 379649K->326401K(746496K), 0.0021719 secs] [Times: user=0.01 sys=0.00, real=0.00 secs] 
2924.395: [GC (Allocation Failure) [PSYoungGen: 54656K->1376K(55296K)] 379649K->326369K(746496K), 0.0021458 secs] [Times: user=0.01 sys=0.00, real=0.00 secs] 
2925.302: [GC (Allocation Failure) [PSYoungGen: 54624K->1405K(55296K)] 379617K->326399K(746496K), 0.0016076 secs] [Times: user=0.01 sys=0.00, real=0.01 secs] 
2925.933: [GC (Allocation Failure) [PSYoungGen: 54653K->1376K(55296K)] 379647K->326369K(746496K), 0.0019322 secs] [Times: user=0.01 sys=0.00, real=0.01 secs] 
2926.525: [GC (Allocation Failure) [PSYoungGen: 54624K->1344K(55296K)] 379617K->326337K(746496K), 0.0020265 secs] [Times: user=0.01 sys=0.00, real=0.00 secs] 
2926.958: [GC (Allocation Failure) [PSYoungGen: 54592K->1392K(55296K)] 379585K->326385K(746496K), 0.0019536 secs] [Times: user=0.00 sys=0.00, real=0.00 secs] 
2927.408: [GC (Allocation Failure) [PSYoungGen: 54640K->1440K(55296K)] 379633K->326433K(746496K), 0.0027401 secs] [Times: user=0.01 sys=0.00, real=0.00 secs] 
2927.850: [GC (Allocation Failure) [PSYoungGen: 54688K->1376K(55296K)] 379681K->326369K(746496K), 0.0022453 secs] [Times: user=0.01 sys=0.00, real=0.00 secs] 
2928.614: [GC (Allocation Failure) [PSYoungGen: 54624K->1440K(55296K)] 379617K->326433K(746496K), 0.0017954 secs] [Times: user=0.01 sys=0.00, real=0.00 secs] 
2928.835: [GC (Allocation Failure) [PSYoungGen: 54688K->1344K(55296K)] 379681K->326337K(746496K), 0.0019484 secs] [Times: user=0.00 sys=0.00, real=0.00 secs] 
2929.056: [GC (Allocation Failure) [PSYoungGen: 54592K->1376K(55296K)] 379585K->326369K(746496K), 0.0017870 secs] [Times: user=0.01 sys=0.00, real=0.00 secs] 
2929.458: [GC (Allocation Failure) [PSYoungGen: 54624K->1376K(55296K)] 379617K->326369K(746496K), 0.0033482 secs] [Times: user=0.01 sys=0.00, real=0.00 secs] 
2929.897: [GC (Allocation Failure) [PSYoungGen: 54624K->1408K(55296K)] 379617K->326425K(746496K), 0.0034513 secs] [Times: user=0.01 sys=0.00, real=0.00 secs] 
2930.481: [GC (Allocation Failure) [PSYoungGen: 54656K->1344K(55296K)] 379673K->326361K(746496K), 0.0018403 secs] [Times: user=0.01 sys=0.00, real=0.00 secs] 
2931.376: [GC (Allocation Failure) [PSYoungGen: 54592K->1408K(54784K)] 379609K->326425K(745984K), 0.0025129 secs] [Times: user=0.01 sys=0.00, real=0.00 secs] 
2931.889: [GC (Allocation Failure) [PSYoungGen: 54656K->1408K(54784K)] 379673K->326425K(745984K), 0.0043048 secs] [Times: user=0.02 sys=0.00, real=0.00 secs] 
2932.370: [GC (Allocation Failure) [PSYoungGen: 54656K->1408K(54784K)] 379673K->326425K(745984K), 0.0032882 secs] [Times: user=0.02 sys=0.00, real=0.01 secs] 
2932.765: [GC (Allocation Failure) [PSYoungGen: 54656K->1440K(54784K)] 379673K->326457K(745984K), 0.0022153 secs] [Times: user=0.01 sys=0.00, real=0.00 secs] 
2933.064: [GC (Allocation Failure) [PSYoungGen: 54688K->1424K(54784K)] 379705K->326441K(745984K), 0.0019863 secs] [Times: user=0.01 sys=0.00, real=0.00 secs] 
2933.811: [GC (Allocation Failure) [PSYoungGen: 54672K->1408K(54784K)] 379689K->327449K(745984K), 0.0017150 secs] [Times: user=0.00 sys=0.00, real=0.00 secs] 
2934.705: [GC (Allocation Failure) [PSYoungGen: 54656K->1408K(54784K)] 380697K->327449K(745984K), 0.0039380 secs] [Times: user=0.01 sys=0.00, real=0.00 secs] 
2935.596: [GC (Allocation Failure) [PSYoungGen: 54656K->1408K(54784K)] 380697K->327449K(745984K), 0.0038560 secs] [Times: user=0.02 sys=0.00, real=0.00 secs] 
2936.506: [GC (Allocation Failure) [PSYoungGen: 54656K->1376K(54784K)] 380697K->327417K(745984K), 0.0038879 secs] [Times: user=0.01 sys=0.00, real=0.00 secs] 
2937.168: [GC (Allocation Failure) [PSYoungGen: 54624K->1376K(54784K)] 380665K->327417K(745984K), 0.0039973 secs] [Times: user=0.01 sys=0.00, real=0.00 secs] 
2937.998: [GC (Allocation Failure) [PSYoungGen: 54624K->1376K(54784K)] 380665K->327417K(745984K), 0.0044979 secs] [Times: user=0.01 sys=0.00, real=0.00 secs] 
2939.207: [GC (Allocation Failure) [PSYoungGen: 54624K->1376K(54784K)] 380665K->327417K(745984K), 0.0019408 secs] [Times: user=0.01 sys=0.00, real=0.00 secs] 
2939.684: [GC (Allocation Failure) [PSYoungGen: 54624K->1376K(54784K)] 380665K->327417K(745984K), 0.0040390 secs] [Times: user=0.01 sys=0.00, real=0.00 secs] 
2940.098: [GC (Allocation Failure) [PSYoungGen: 54624K->1408K(54784K)] 380665K->327449K(745984K), 0.0028242 secs] [Times: user=0.01 sys=0.00, real=0.00 secs] 
2940.313: [GC (Allocation Failure) [PSYoungGen: 54656K->1376K(54784K)] 380697K->327417K(745984K), 0.0020954 secs] [Times: user=0.01 sys=0.00, real=0.00 secs] 
2940.535: [GC (Allocation Failure) [PSYoungGen: 54624K->1376K(54784K)] 380665K->327417K(745984K), 0.0021089 secs] [Times: user=0.01 sys=0.00, real=0.00 secs] 
2941.174: [GC (Allocation Failure) [PSYoungGen: 54624K->1389K(54784K)] 380665K->327455K(745984K), 0.0015767 secs] [Times: user=0.00 sys=0.00, real=0.00 secs] 
2941.654: [GC (Allocation Failure) [PSYoungGen: 54637K->1408K(54784K)] 380703K->327473K(745984K), 0.0018395 secs] [Times: user=0.00 sys=0.00, real=0.00 secs] 
2942.199: [GC (Allocation Failure) [PSYoungGen: 54656K->1376K(54784K)] 380721K->327441K(745984K), 0.0019926 secs] [Times: user=0.00 sys=0.00, real=0.00 secs] 
2942.786: [GC (Allocation Failure) [PSYoungGen: 54624K->1344K(54784K)] 380689K->327409K(745984K), 0.0022713 secs] [Times: user=0.01 sys=0.00, real=0.00 secs] 
2943.277: [GC (Allocation Failure) [PSYoungGen: 54592K->1408K(54784K)] 380657K->327473K(745984K), 0.0023282 secs] [Times: user=0.01 sys=0.00, real=0.00 secs] 
2944.137: [GC (Allocation Failure) [PSYoungGen: 54656K->1408K(54784K)] 380721K->327473K(745984K), 0.0024771 secs] [Times: user=0.01 sys=0.00, real=0.00 secs] 
2945.151: [GC (Allocation Failure) [PSYoungGen: 54656K->1408K(54784K)] 380721K->327473K(745984K), 0.0017991 secs] [Times: user=0.01 sys=0.00, real=0.00 secs] 
2945.695: [GC (Allocation Failure) [PSYoungGen: 54656K->1344K(54784K)] 380721K->327409K(745984K), 0.0020509 secs] [Times: user=0.01 sys=0.00, real=0.00 secs] 
2946.301: [GC (Allocation Failure) [PSYoungGen: 54592K->1344K(54784K)] 380657K->327409K(745984K), 0.0019177 secs] [Times: user=0.00 sys=0.00, real=0.01 secs] 
2946.703: [GC (Allocation Failure) [PSYoungGen: 54592K->1344K(54784K)] 380657K->327409K(745984K), 0.0020559 secs] [Times: user=0.01 sys=0.00, real=0.01 secs] 
2947.147: [GC (Allocation Failure) [PSYoungGen: 54592K->1408K(54784K)] 380657K->327497K(745984K), 0.0020438 secs] [Times: user=0.01 sys=0.00, real=0.00 secs] 
2947.687: [GC (Allocation Failure) [PSYoungGen: 54656K->1405K(54784K)] 380745K->327495K(745984K), 0.0015530 secs] [Times: user=0.01 sys=0.00, real=0.00 secs] 
2948.337: [GC (Allocation Failure) [PSYoungGen: 54653K->1408K(54784K)] 380743K->327497K(745984K), 0.0018154 secs] [Times: user=0.01 sys=0.00, real=0.00 secs] 
2948.769: [GC (Allocation Failure) [PSYoungGen: 54656K->1408K(54784K)] 380745K->327497K(745984K), 0.0017687 secs] [Times: user=0.00 sys=0.00, real=0.00 secs] 
2949.219: [GC (Allocation Failure) [PSYoungGen: 54656K->1424K(54784K)] 380745K->327514K(745984K), 0.0017887 secs] [Times: user=0.01 sys=0.00, real=0.00 secs] 
2949.684: [GC (Allocation Failure) [PSYoungGen: 54672K->1344K(54784K)] 380762K->327433K(745984K), 0.0024054 secs] [Times: user=0.00 sys=0.00, real=0.00 secs] 
2950.193: [GC (Allocation Failure) [PSYoungGen: 54592K->1312K(54784K)] 380681K->327425K(745984K), 0.0018028 secs] [Times: user=0.01 sys=0.00, real=0.01 secs] 
2951.142: [GC (Allocation Failure) [PSYoungGen: 54560K->1376K(54784K)] 380673K->328514K(745984K), 0.0017395 secs] [Times: user=0.01 sys=0.00, real=0.01 secs] 
2951.765: [GC (Allocation Failure) [PSYoungGen: 54624K->288K(54784K)] 381762K->327425K(745984K), 0.0017209 secs] [Times: user=0.00 sys=0.00, real=0.00 secs] 
2952.066: [GC (Allocation Failure) [PSYoungGen: 53536K->320K(55296K)] 380673K->327457K(746496K), 0.0015206 secs] [Times: user=0.01 sys=0.00, real=0.00 secs] 
2952.373: [GC (Allocation Failure) [PSYoungGen: 53568K->288K(55296K)] 380705K->327425K(746496K), 0.0018920 secs] [Times: user=0.01 sys=0.00, real=0.01 secs] 
2954.217: [GC (Allocation Failure) [PSYoungGen: 53536K->1408K(55296K)] 380673K->328553K(746496K), 0.0059474 secs] [Times: user=0.03 sys=0.00, real=0.00 secs] 
2954.439: [GC (Allocation Failure) [PSYoungGen: 54656K->2016K(55296K)] 381801K->330358K(746496K), 0.0025757 secs] [Times: user=0.02 sys=0.00, real=0.00 secs] 
2958.317: [GC (Allocation Failure) [PSYoungGen: 55264K->3040K(53248K)] 383606K->338696K(744448K), 0.0160237 secs] [Times: user=0.06 sys=0.02, real=0.01 secs] 
2965.144: [GC (Allocation Failure) [PSYoungGen: 52402K->6112K(56320K)] 388058K->359312K(747520K), 0.0322416 secs] [Times: user=0.12 sys=0.07, real=0.03 secs] 
2970.604: [GC (Allocation Failure) [PSYoungGen: 56288K->13792K(56320K)] 409488K->380784K(747520K), 0.0315086 secs] [Times: user=0.16 sys=0.02, real=0.03 secs] 
2970.745: [GC (Allocation Failure) [PSYoungGen: 56288K->21472K(64000K)] 423280K->398272K(755200K), 0.0247281 secs] [Times: user=0.11 sys=0.03, real=0.02 secs] 
2970.858: [GC (Allocation Failure) [PSYoungGen: 63968K->29152K(69120K)] 440768K->419280K(760320K), 0.0303174 secs] [Times: user=0.15 sys=0.01, real=0.03 secs] 
2970.952: [GC (Allocation Failure) [PSYoungGen: 69088K->39392K(79360K)] 459216K->437720K(770560K), 0.0287336 secs] [Times: user=0.16 sys=0.00, real=0.03 secs] 
2971.059: [GC (Allocation Failure) [PSYoungGen: 79328K->49632K(84992K)] 477656K->457229K(776192K), 0.0354595 secs] [Times: user=0.12 sys=0.08, real=0.04 secs] 
2971.144: [GC (Allocation Failure) [PSYoungGen: 84960K->62432K(97792K)] 492557K->474849K(788992K), 0.0214037 secs] [Times: user=0.11 sys=0.01, real=0.02 secs] 
2971.209: [GC (Allocation Failure) [PSYoungGen: 97760K->75232K(99328K)] 510177K->500533K(790528K), 0.0394669 secs] [Times: user=0.12 sys=0.08, real=0.04 secs] 
2971.277: [GC (Allocation Failure) [PSYoungGen: 99296K->79040K(117760K)] 524597K->504373K(808960K), 0.0200121 secs] [Times: user=0.12 sys=0.00, real=0.02 secs] 
2971.318: [GC (Allocation Failure) [PSYoungGen: 103104K->59232K(132096K)] 528437K->516517K(823296K), 0.0384813 secs] [Times: user=0.19 sys=0.04, real=0.04 secs] 
2971.367: [GC (Allocation Failure) [PSYoungGen: 86368K->44832K(134144K)] 543653K->537301K(825344K), 0.0313434 secs] [Times: user=0.15 sys=0.04, real=0.03 secs] 
2971.423: [GC (Allocation Failure) [PSYoungGen: 71968K->34144K(123904K)] 564437K->550677K(815104K), 0.0217369 secs] [Times: user=0.12 sys=0.01, real=0.03 secs] 
2974.433: [GC (Allocation Failure) [PSYoungGen: 66912K->15680K(129536K)] 583445K->566269K(820736K), 0.0435527 secs] [Times: user=0.24 sys=0.02, real=0.05 secs] 
2976.179: [GC (Allocation Failure) [PSYoungGen: 48448K->16096K(129536K)] 599037K->582285K(820736K), 0.1051241 secs] [Times: user=0.62 sys=0.01, real=0.11 secs] 
2977.323: [GC (Allocation Failure) [PSYoungGen: 55520K->2365K(132096K)] 621709K->584595K(823296K), 0.0410396 secs] [Times: user=0.19 sys=0.04, real=0.05 secs] 
2977.479: [GC (Allocation Failure) [PSYoungGen: 41789K->64K(138752K)] 624019K->584501K(829952K), 0.0073119 secs] [Times: user=0.04 sys=0.01, real=0.01 secs] 
2977.686: [GC (Allocation Failure) [PSYoungGen: 47680K->10208K(139264K)] 632117K->594645K(830464K), 0.0053373 secs] [Times: user=0.03 sys=0.00, real=0.00 secs] 
2977.755: [GC (Allocation Failure) [PSYoungGen: 57824K->21248K(135168K)] 642261K->615047K(826368K), 0.0131214 secs] [Times: user=0.05 sys=0.03, real=0.01 secs] 
2977.847: [GC (Allocation Failure) [PSYoungGen: 78592K->28928K(140288K)] 672391K->641819K(831488K), 0.0255987 secs] [Times: user=0.14 sys=0.01, real=0.02 secs] 
2977.953: [GC (Allocation Failure) [PSYoungGen: 86272K->28160K(138240K)] 699163K->669919K(829440K), 0.0311700 secs] [Times: user=0.16 sys=0.01, real=0.04 secs] 
2978.055: [GC (Allocation Failure) [PSYoungGen: 97280K->36768K(142848K)] 739039K->706603K(834048K), 0.0328185 secs] [Times: user=0.15 sys=0.05, real=0.03 secs] 
2978.088: [Full GC (Ergonomics) [PSYoungGen: 36768K->0K(142848K)] [ParOldGen: 669835K->133171K(586240K)] 706603K->133171K(729088K), [Metaspace: 60019K->59935K(1105920K)], 0.3138134 secs] [Times: user=1.36 sys=0.04, real=0.31 secs] 
2978.456: [GC (Allocation Failure) [PSYoungGen: 69120K->34336K(152064K)] 202291K->167507K(738304K), 0.0387134 secs] [Times: user=0.23 sys=0.00, real=0.04 secs] 
2978.546: [GC (Allocation Failure) [PSYoungGen: 117280K->65408K(154112K)] 250451K->232923K(740352K), 0.0312893 secs] [Times: user=0.19 sys=0.00, real=0.03 secs] 
2978.859: [GC (Allocation Failure) [PSYoungGen: 148352K->39680K(176640K)] 315867K->256251K(762880K), 0.0391070 secs] [Times: user=0.21 sys=0.02, real=0.04 secs] 
2980.001: [GC (Allocation Failure) [PSYoungGen: 139520K->10272K(178688K)] 356091K->266651K(764928K), 0.0667686 secs] [Times: user=0.40 sys=0.00, real=0.07 secs] 
2980.300: [GC (Allocation Failure) [PSYoungGen: 110112K->36032K(192000K)] 366491K->302204K(778240K), 0.0208332 secs] [Times: user=0.10 sys=0.02, real=0.02 secs] 
2980.800: [GC (Allocation Failure) [PSYoungGen: 153758K->57984K(194560K)] 419930K->357496K(780800K), 0.0355299 secs] [Times: user=0.21 sys=0.00, real=0.04 secs] 
2981.358: [GC (Allocation Failure) [PSYoungGen: 177280K->60896K(217600K)] 476792K->414128K(803840K), 0.1102319 secs] [Times: user=0.50 sys=0.15, real=0.11 secs] 
2982.514: [GC (Allocation Failure) [PSYoungGen: 197600K->70112K(223232K)] 550832K->476048K(809472K), 0.0735758 secs] [Times: user=0.44 sys=0.00, real=0.07 secs] 
2984.921: [GC (Allocation Failure) [PSYoungGen: 206816K->29536K(248832K)] 612752K->505272K(835072K), 0.0367690 secs] [Times: user=0.21 sys=0.01, real=0.04 secs] 
2985.283: [GC (Allocation Failure) [PSYoungGen: 192352K->61824K(252928K)] 668088K->566904K(839168K), 0.0606902 secs] [Times: user=0.35 sys=0.01, real=0.07 secs] 
2985.499: [GC (Allocation Failure) [PSYoungGen: 224640K->82944K(277504K)] 729720K->644142K(863744K), 0.0472177 secs] [Times: user=0.19 sys=0.08, real=0.05 secs] 
2985.546: [Full GC (Ergonomics) [PSYoungGen: 82944K->0K(277504K)] [ParOldGen: 561198K->154881K(666624K)] 644142K->154881K(944128K), [Metaspace: 59944K->59944K(1105920K)], 0.3407958 secs] [Times: user=1.55 sys=0.00, real=0.34 secs] 
2986.041: [GC (Allocation Failure) [PSYoungGen: 183808K->97728K(287744K)] 338689K->252609K(954368K), 0.0294157 secs] [Times: user=0.18 sys=0.00, real=0.03 secs] 
2987.323: [GC (Allocation Failure) [PSYoungGen: 281536K->35232K(324608K)] 436417K->287961K(991232K), 0.0510217 secs] [Times: user=0.30 sys=0.00, real=0.05 secs] 
2988.135: [GC (GCLocker Initiated GC) [PSYoungGen: 251296K->102560K(329216K)] 504025K->388838K(995840K), 0.0786192 secs] [Times: user=0.46 sys=0.01, real=0.08 secs] 
2989.324: [GC (Allocation Failure) [PSYoungGen: 318624K->108000K(368640K)] 604904K->488512K(1035264K), 0.1793618 secs] [Times: user=0.79 sys=0.23, real=0.18 secs] 
2991.220: [GC (Allocation Failure) [PSYoungGen: 349664K->61760K(380928K)] 730176K->550340K(1047552K), 0.0719973 secs] [Times: user=0.42 sys=0.00, real=0.07 secs] 
2991.519: [GC (Allocation Failure) [PSYoungGen: 303424K->118720K(400896K)] 792004K->665470K(1067520K), 0.0478113 secs] [Times: user=0.25 sys=0.04, real=0.05 secs] 
2991.566: [Full GC (Ergonomics) [PSYoungGen: 118720K->0K(400896K)] [ParOldGen: 546750K->179309K(768000K)] 665470K->179309K(1168896K), [Metaspace: 59948K->59948K(1105920K)], 0.4188592 secs] [Times: user=1.93 sys=0.00, real=0.42 secs] 
2993.831: [GC (Allocation Failure) [PSYoungGen: 268800K->87776K(415744K)] 448109K->267093K(1183744K), 0.0337632 secs] [Times: user=0.20 sys=0.00, real=0.04 secs] 
2995.346: [GC (Allocation Failure) [PSYoungGen: 356576K->119392K(444928K)] 535893K->385714K(1212928K), 0.0488680 secs] [Times: user=0.28 sys=0.01, real=0.05 secs] 
2999.071: [GC (Allocation Failure) [PSYoungGen: 417376K->126400K(456192K)] 683698K->502586K(1224192K), 0.0627112 secs] [Times: user=0.37 sys=0.01, real=0.07 secs] 
3000.161: [GC (Allocation Failure) [PSYoungGen: 424384K->108448K(505856K)] 800570K->611226K(1273856K), 0.0636389 secs] [Times: user=0.32 sys=0.05, real=0.07 secs] 
3002.024: [GC (Allocation Failure) [PSYoungGen: 444832K->140064K(507904K)] 947610K->740081K(1275904K), 0.0633958 secs] [Times: user=0.37 sys=0.02, real=0.06 secs] 
3003.154: [GC (Allocation Failure) [PSYoungGen: 476448K->136352K(498176K)] 1076465K->876665K(1266176K), 0.1195094 secs] [Times: user=0.45 sys=0.26, real=0.12 secs] 
3003.274: [Full GC (Ergonomics) [PSYoungGen: 136352K->0K(498176K)] [ParOldGen: 740313K->152868K(844288K)] 876665K->152868K(1342464K), [Metaspace: 59960K->59960K(1105920K)], 0.3581907 secs] [Times: user=1.67 sys=0.00, real=0.35 secs] 
3007.519: [GC (Allocation Failure) [PSYoungGen: 313856K->114240K(506368K)] 466724K->267108K(1350656K), 0.0434676 secs] [Times: user=0.26 sys=0.00, real=0.04 secs] 
3007.931: [GC (Allocation Failure) [PSYoungGen: 428096K->138912K(494592K)] 580964K->405489K(1338880K), 0.0583200 secs] [Times: user=0.33 sys=0.01, real=0.06 secs] 
3011.967: [GC (Allocation Failure) [PSYoungGen: 442528K->110144K(501248K)] 709105K->505705K(1345536K), 0.0639987 secs] [Times: user=0.38 sys=0.00, real=0.06 secs] 
3013.478: [GC (GCLocker Initiated GC) [PSYoungGen: 413760K->131424K(499712K)] 809321K->636655K(1344000K), 0.1431501 secs] [Times: user=0.85 sys=0.01, real=0.14 secs] 
3017.548: [GC (Allocation Failure) [PSYoungGen: 439136K->114592K(422400K)] 944369K->742713K(1266688K), 0.0633681 secs] [Times: user=0.38 sys=0.00, real=0.06 secs] 
3018.949: [GC (Allocation Failure) [PSYoungGen: 422304K->132192K(499712K)] 1050425K->874841K(1344000K), 0.0542499 secs] [Times: user=0.32 sys=0.00, real=0.05 secs] 
3019.003: [Full GC (Ergonomics) [PSYoungGen: 132192K->0K(499712K)] [ParOldGen: 742649K->149275K(913920K)] 874841K->149275K(1413632K), [Metaspace: 59969K->59969K(1105920K)], 0.3320868 secs] [Times: user=1.53 sys=0.00, real=0.34 secs] 
3020.430: [GC (Allocation Failure) [PSYoungGen: 310272K->118016K(501760K)] 459547K->267291K(1415680K), 0.0415316 secs] [Times: user=0.24 sys=0.00, real=0.04 secs] 
3022.313: [GC (Allocation Failure) [PSYoungGen: 428288K->133696K(503296K)] 577563K->400470K(1417216K), 0.0575781 secs] [Times: user=0.34 sys=0.01, real=0.06 secs] 
3025.634: [GC (Allocation Failure) [PSYoungGen: 450112K->114752K(504832K)] 716886K->506718K(1418752K), 0.0653059 secs] [Times: user=0.39 sys=0.01, real=0.06 secs] 
3026.194: [GC (Allocation Failure) [PSYoungGen: 431168K->143456K(500736K)] 823134K->649383K(1414656K), 0.0553161 secs] [Times: user=0.33 sys=0.00, real=0.05 secs] 
3028.098: [GC (Allocation Failure) [PSYoungGen: 461920K->110400K(505856K)] 967847K->751183K(1419776K), 0.0662350 secs] [Times: user=0.40 sys=0.00, real=0.07 secs] 
3029.011: [GC (Allocation Failure) [PSYoungGen: 428864K->149536K(503808K)] 1069647K->899732K(1417728K), 0.0608971 secs] [Times: user=0.32 sys=0.05, real=0.06 secs] 
3029.072: [Full GC (Ergonomics) [PSYoungGen: 149536K->0K(503808K)] [ParOldGen: 750196K->174158K(994816K)] 899732K->174158K(1498624K), [Metaspace: 59980K->59980K(1105920K)], 0.4013790 secs] [Times: user=1.86 sys=0.00, real=0.41 secs] 
3032.810: [GC (Allocation Failure) [PSYoungGen: 323072K->108672K(509952K)] 497230K->282830K(1504768K), 0.1067056 secs] [Times: user=0.63 sys=0.00, real=0.11 secs] 
3033.795: [GC (Allocation Failure) [PSYoungGen: 431744K->153856K(502784K)] 605902K->433703K(1497600K), 0.0565625 secs] [Times: user=0.31 sys=0.03, real=0.05 secs] 
3035.913: [GC (GCLocker Initiated GC) [PSYoungGen: 474880K->108640K(509952K)] 754727K->534167K(1504768K), 0.1680452 secs] [Times: user=1.01 sys=0.00, real=0.16 secs] 
3037.412: [GC (Allocation Failure) [PSYoungGen: 429664K->163648K(495104K)] 855194K->694167K(1489920K), 0.0539862 secs] [Times: user=0.31 sys=0.01, real=0.06 secs] 
3039.721: [GC (Allocation Failure) [PSYoungGen: 474432K->102240K(504832K)] 1004951K->779759K(1499648K), 0.1348012 secs] [Times: user=0.81 sys=0.00, real=0.14 secs] 
3040.099: [GC (Allocation Failure) [PSYoungGen: 411375K->149920K(500736K)] 1088895K->926120K(1495552K), 0.0539168 secs] [Times: user=0.28 sys=0.03, real=0.05 secs] 
3044.198: [GC (Allocation Failure) [PSYoungGen: 459680K->98496K(504320K)] 1235880K->1016340K(1499136K), 0.1760822 secs] [Times: user=0.92 sys=0.13, real=0.18 secs] 
3044.374: [Full GC (Ergonomics) [PSYoungGen: 98496K->0K(504320K)] [ParOldGen: 917844K->52083K(913920K)] 1016340K->52083K(1418240K), [Metaspace: 60002K->60002K(1105920K)], 0.1377223 secs] [Times: user=0.59 sys=0.00, real=0.13 secs] 
3045.138: [GC (Allocation Failure) [PSYoungGen: 309760K->149792K(500736K)] 361843K->201875K(1414656K), 0.0295523 secs] [Times: user=0.18 sys=0.00, real=0.03 secs] 
3048.802: [GC (GCLocker Initiated GC) [PSYoungGen: 458528K->101088K(503808K)] 510613K->294093K(1417728K), 0.1422309 secs] [Times: user=0.84 sys=0.01, real=0.15 secs] 
3050.057: [GC (Allocation Failure) [PSYoungGen: 409824K->158432K(493568K)] 602832K->447768K(1407488K), 0.0492380 secs] [Times: user=0.29 sys=0.01, real=0.05 secs] 
3051.740: [GC (Allocation Failure) [PSYoungGen: 460000K->101632K(500224K)] 749336K->532312K(1414144K), 0.1619025 secs] [Times: user=0.97 sys=0.01, real=0.16 secs] 
3052.235: [GC (Allocation Failure) [PSYoungGen: 403200K->146112K(499200K)] 833880K->674533K(1413120K), 0.0499296 secs] [Times: user=0.29 sys=0.00, real=0.05 secs] 
3055.147: [GC (Allocation Failure) [PSYoungGen: 450752K->100512K(501248K)] 979173K->766649K(1415168K), 0.1371462 secs] [Times: user=0.81 sys=0.00, real=0.14 secs] 
3056.316: [GC (Allocation Failure) [PSYoungGen: 405152K->146496K(500224K)] 1071289K->910270K(1414144K), 0.0714287 secs] [Times: user=0.43 sys=0.00, real=0.07 secs] 
3056.388: [Full GC (Ergonomics) [PSYoungGen: 146496K->0K(500224K)] [ParOldGen: 763774K->189076K(1080320K)] 910270K->189076K(1580544K), [Metaspace: 60021K->60021K(1105920K)], 0.4395999 secs] [Times: user=2.03 sys=0.01, real=0.44 secs] 
3058.594: [GC (Allocation Failure) [PSYoungGen: 306176K->103744K(410112K)] 495252K->292820K(1490432K), 0.0920681 secs] [Times: user=0.54 sys=0.00, real=0.09 secs] 
3060.106: [GC (Allocation Failure) [PSYoungGen: 409920K->154496K(496640K)] 598996K->441113K(1576960K), 0.0503995 secs] [Times: user=0.30 sys=0.00, real=0.05 secs] 
3062.298: [GC (Allocation Failure) [PSYoungGen: 459136K->103744K(501248K)] 745753K->526905K(1581568K), 0.1519931 secs] [Times: user=0.90 sys=0.00, real=0.15 secs] 
3062.967: [GC (Allocation Failure) [PSYoungGen: 408384K->147584K(501248K)] 831545K->671522K(1581568K), 0.0512360 secs] [Times: user=0.31 sys=0.00, real=0.05 secs] 
3064.761: [GC (Allocation Failure) [PSYoungGen: 455296K->100128K(408064K)] 979234K->763034K(1488384K), 0.1760485 secs] [Times: user=1.05 sys=0.00, real=0.18 secs] 
3067.396: [GC (Allocation Failure) [PSYoungGen: 407840K->144384K(502272K)] 1070746K->904263K(1582592K), 0.0521800 secs] [Times: user=0.31 sys=0.00, real=0.05 secs] 
3070.109: [GC (Allocation Failure) [PSYoungGen: 453632K->104000K(502784K)] 1213511K->998999K(1583104K), 0.1557547 secs] [Times: user=0.93 sys=0.01, real=0.16 secs] 
3070.265: [Full GC (Ergonomics) [PSYoungGen: 104000K->0K(502784K)] [ParOldGen: 894999K->37532K(966144K)] 998999K->37532K(1468928K), [Metaspace: 60026K->60026K(1105920K)], 0.1021155 secs] [Times: user=0.41 sys=0.00, real=0.10 secs] 
3071.401: [GC (Allocation Failure) [PSYoungGen: 309248K->155744K(497152K)] 346780K->193276K(1463296K), 0.0294584 secs] [Times: user=0.17 sys=0.00, real=0.03 secs] 
3072.740: [GC (Allocation Failure) [PSYoungGen: 462432K->107232K(502784K)] 499964K->283864K(1468928K), 0.0667079 secs] [Times: user=0.40 sys=0.01, real=0.07 secs] 
3073.923: [GC (Allocation Failure) [PSYoungGen: 413920K->146496K(502784K)] 590552K->427372K(1468928K), 0.0520547 secs] [Times: user=0.31 sys=0.00, real=0.06 secs] 
3076.356: [GC (GCLocker Initiated GC) [PSYoungGen: 456768K->100768K(503808K)] 737645K->519117K(1469952K), 0.1762713 secs] [Times: user=1.05 sys=0.00, real=0.17 secs] 
3077.385: [GC (Allocation Failure) [PSYoungGen: 411040K->150144K(501760K)] 829392K->666451K(1467904K), 0.0511978 secs] [Times: user=0.30 sys=0.00, real=0.05 secs] 
3079.792: [GC (Allocation Failure) [PSYoungGen: 460416K->99808K(504320K)] 976723K->758139K(1470464K), 0.1708859 secs] [Times: user=1.02 sys=0.00, real=0.17 secs] 
3082.394: [GC (Allocation Failure) [PSYoungGen: 410080K->140480K(503296K)] 1068411K->896000K(1469440K), 0.0498660 secs] [Times: user=0.29 sys=0.00, real=0.05 secs] 
3083.987: [GC (Allocation Failure) [PSYoungGen: 453312K->108352K(504320K)] 1208832K->995056K(1470464K), 0.1179029 secs] [Times: user=0.70 sys=0.00, real=0.12 secs] 
3084.105: [Full GC (Ergonomics) [PSYoungGen: 108352K->0K(504320K)] [ParOldGen: 886704K->38596K(1006592K)] 995056K->38596K(1510912K), [Metaspace: 60031K->60031K(1105920K)], 0.0950488 secs] [Times: user=0.37 sys=0.00, real=0.09 secs] 
3085.373: [GC (Allocation Failure) [PSYoungGen: 312832K->150880K(501248K)] 351428K->189476K(1507840K), 0.0296205 secs] [Times: user=0.17 sys=0.00, real=0.03 secs] 
3087.282: [GC (Allocation Failure) [PSYoungGen: 463211K->103296K(504832K)] 501808K->284076K(1511424K), 0.1524775 secs] [Times: user=0.91 sys=0.00, real=0.16 secs] 
3088.465: [GC (Allocation Failure) [PSYoungGen: 416640K->149664K(503808K)] 597420K->430833K(1510400K), 0.0508626 secs] [Times: user=0.30 sys=0.00, real=0.05 secs] 
3090.852: [GC (Allocation Failure) [PSYoungGen: 464544K->103776K(506880K)] 745713K->526053K(1513472K), 0.1201944 secs] [Times: user=0.72 sys=0.00, real=0.12 secs] 
3091.385: [GC (Allocation Failure) [PSYoungGen: 418656K->154688K(500224K)] 840933K->677386K(1506816K), 0.0513917 secs] [Times: user=0.30 sys=0.01, real=0.05 secs] 
3093.847: [GC (Allocation Failure) [PSYoungGen: 465472K->100032K(504832K)] 988170K->769074K(1511424K), 0.1622771 secs] [Times: user=0.96 sys=0.00, real=0.16 secs] 
3094.563: [GC (Allocation Failure) [PSYoungGen: 410816K->151584K(500736K)] 1079858K->916987K(1507328K), 0.0494522 secs] [Times: user=0.29 sys=0.00, real=0.05 secs] 
3096.432: [GC (Allocation Failure) [PSYoungGen: 460320K->100064K(503808K)] 1225723K->1008523K(1510400K), 0.1383081 secs] [Times: user=0.83 sys=0.00, real=0.14 secs] 
3096.570: [Full GC (Ergonomics) [PSYoungGen: 100064K->0K(503808K)] [ParOldGen: 908459K->50601K(1055744K)] 1008523K->50601K(1559552K), [Metaspace: 60043K->60043K(1105920K)], 0.1368182 secs] [Times: user=0.58 sys=0.00, real=0.14 secs] 
3097.239: [GC (Allocation Failure) [PSYoungGen: 308736K->159808K(493568K)] 359337K->210409K(1549312K), 0.0304811 secs] [Times: user=0.18 sys=0.00, real=0.03 secs] 
3099.489: [GC (Allocation Failure) [PSYoungGen: 460352K->98368K(499712K)] 510953K->292201K(1555456K), 0.1582201 secs] [Times: user=0.94 sys=0.01, real=0.16 secs] 
3100.303: [GC (Allocation Failure) [PSYoungGen: 398912K->144896K(498176K)] 592745K->432922K(1553920K), 0.0481176 secs] [Times: user=0.29 sys=0.00, real=0.05 secs] 
3102.960: [GC (Allocation Failure) [PSYoungGen: 446976K->98816K(499712K)] 735002K->522914K(1555456K), 0.1728637 secs] [Times: user=1.03 sys=0.00, real=0.17 secs] 
3104.081: [GC (Allocation Failure) [PSYoungGen: 400896K->144224K(499712K)] 824994K->664027K(1555456K), 0.0493065 secs] [Times: user=0.29 sys=0.00, real=0.05 secs] 
3105.899: [GC (GCLocker Initiated GC) [PSYoungGen: 448864K->100192K(500224K)] 968667K->755467K(1555968K), 0.1426313 secs] [Times: user=0.84 sys=0.00, real=0.14 secs] 
3107.611: [GC (Allocation Failure) [PSYoungGen: 404832K->143840K(500736K)] 1060110K->896471K(1556480K), 0.0500896 secs] [Times: user=0.29 sys=0.00, real=0.05 secs] 
3109.563: [GC (GCLocker Initiated GC) [PSYoungGen: 451552K->104000K(501248K)] 1204183K->990779K(1556992K), 0.1610871 secs] [Times: user=0.96 sys=0.00, real=0.17 secs] 
3109.724: [Full GC (Ergonomics) [PSYoungGen: 104000K->0K(501248K)] [ParOldGen: 886779K->33550K(1065472K)] 990779K->33550K(1566720K), [Metaspace: 60060K->60060K(1105920K)], 0.0878516 secs] [Times: user=0.33 sys=0.00, real=0.08 secs] 
3110.229: [GC (Allocation Failure) [PSYoungGen: 307712K->149312K(499712K)] 341265K->182865K(1565184K), 0.0293969 secs] [Times: user=0.17 sys=0.00, real=0.03 secs] 
3112.439: [GC (Allocation Failure) [PSYoungGen: 458560K->102432K(502784K)] 492113K->276745K(1568256K), 0.1622091 secs] [Times: user=0.96 sys=0.00, real=0.16 secs] 
3114.396: [GC (Allocation Failure) [PSYoungGen: 411680K->146528K(504320K)] 585993K->419973K(1569792K), 0.0509043 secs] [Times: user=0.30 sys=0.00, real=0.05 secs] 
3116.401: [GC (Allocation Failure) [PSYoungGen: 459872K->108032K(421888K)] 733317K->519066K(1487360K), 0.1626425 secs] [Times: user=0.97 sys=0.01, real=0.17 secs] 
3118.165: [GC (Allocation Failure) [PSYoungGen: 421376K->147904K(501760K)] 832410K->664505K(1567232K), 0.0526222 secs] [Times: user=0.32 sys=0.00, real=0.05 secs] 
3120.184: [GC (Allocation Failure) [PSYoungGen: 460736K->104928K(504320K)] 977337K->760545K(1569792K), 0.1602668 secs] [Times: user=0.95 sys=0.00, real=0.16 secs] 
3121.493: [GC (Allocation Failure) [PSYoungGen: 417760K->148160K(504320K)] 1073377K->905860K(1569792K), 0.0523456 secs] [Times: user=0.31 sys=0.00, real=0.05 secs] 
3123.599: [GC (Allocation Failure) [PSYoungGen: 464064K->107456K(506880K)] 1221764K->1004224K(1572352K), 0.1737823 secs] [Times: user=1.04 sys=0.00, real=0.18 secs] 
3123.773: [Full GC (Ergonomics) [PSYoungGen: 107456K->0K(506880K)] [ParOldGen: 896768K->46375K(1106944K)] 1004224K->46375K(1613824K), [Metaspace: 60070K->60070K(1105920K)], 0.1328714 secs] [Times: user=0.58 sys=0.00, real=0.13 secs] 
3124.491: [GC (Allocation Failure) [PSYoungGen: 315904K->155616K(500736K)] 362279K->201991K(1607680K), 0.0308499 secs] [Times: user=0.18 sys=0.00, real=0.03 secs] 
3127.269: [GC (Allocation Failure) [PSYoungGen: 468448K->100448K(505856K)] 514823K->294415K(1612800K), 0.1592093 secs] [Times: user=0.95 sys=0.00, real=0.16 secs] 
3128.103: [GC (Allocation Failure) [PSYoungGen: 413280K->150656K(501760K)] 607247K->441752K(1608704K), 0.0487064 secs] [Times: user=0.29 sys=0.00, real=0.04 secs] 
3130.276: [GC (Allocation Failure) [PSYoungGen: 461440K->105312K(504832K)] 752536K->538160K(1611776K), 0.1636977 secs] [Times: user=0.98 sys=0.00, real=0.16 secs] 
3131.351: [GC (Allocation Failure) [PSYoungGen: 416096K->146976K(503296K)] 848944K->681329K(1610240K), 0.0505535 secs] [Times: user=0.29 sys=0.00, real=0.05 secs] 
3133.977: [GC (Allocation Failure) [PSYoungGen: 459296K->103648K(504832K)] 993649K->776121K(1611776K), 0.1635354 secs] [Times: user=0.97 sys=0.00, real=0.16 secs] 
3134.577: [GC (Allocation Failure) [PSYoungGen: 415653K->148352K(502784K)] 1088126K->920477K(1609728K), 0.0505026 secs] [Times: user=0.30 sys=0.00, real=0.05 secs] 
3136.777: [GC (Allocation Failure) [PSYoungGen: 461184K->105280K(505344K)] 1233309K->1016393K(1612288K), 0.1346202 secs] [Times: user=0.80 sys=0.00, real=0.13 secs] 
3137.185: [GC (Allocation Failure) [PSYoungGen: 418112K->189408K(422400K)] 1329225K->1215750K(1529344K), 0.0638225 secs] [Times: user=0.33 sys=0.04, real=0.06 secs] 
3137.248: [Full GC (Ergonomics) [PSYoungGen: 189408K->0K(422400K)] [ParOldGen: 1026342K->207196K(1290752K)] 1215750K->207196K(1713152K), [Metaspace: 60087K->60087K(1105920K)], 0.4643425 secs] [Times: user=2.14 sys=0.01, real=0.46 secs] 
3140.120: [GC (GCLocker Initiated GC) [PSYoungGen: 232960K->57888K(465920K)] 440156K->265084K(1756672K), 0.1763550 secs] [Times: user=1.05 sys=0.00, real=0.18 secs] 
3141.652: [GC (Allocation Failure) [PSYoungGen: 290848K->116000K(465920K)] 498047K->378682K(1756672K), 0.0519033 secs] [Times: user=0.31 sys=0.00, real=0.06 secs] 
3141.862: [GC (Allocation Failure) [PSYoungGen: 348960K->122720K(465920K)] 611642K->484558K(1756672K), 0.0554745 secs] [Times: user=0.33 sys=0.00, real=0.06 secs] 
3144.552: [GC (Allocation Failure) [PSYoungGen: 355680K->57920K(465920K)] 717518K->542654K(1756672K), 0.1567478 secs] [Times: user=0.86 sys=0.00, real=0.16 secs] 
3144.957: [GC (Allocation Failure) [PSYoungGen: 290880K->114624K(347648K)] 775614K->651539K(1638400K), 0.0383122 secs] [Times: user=0.22 sys=0.00, real=0.04 secs] 
3146.290: [GC (Allocation Failure) [PSYoungGen: 347584K->91264K(465408K)] 884499K->734563K(1756160K), 0.0563774 secs] [Times: user=0.33 sys=0.00, real=0.06 secs] 
3147.649: [GC (Allocation Failure) [PSYoungGen: 328832K->88096K(460800K)] 972131K->822531K(1751552K), 0.0705904 secs] [Times: user=0.42 sys=0.00, real=0.07 secs] 
3147.889: [GC (Allocation Failure) [PSYoungGen: 325664K->135968K(468992K)] 1060099K->952706K(1759744K), 0.0507232 secs] [Times: user=0.30 sys=0.00, real=0.05 secs] 
3149.786: [GC (Allocation Failure) [PSYoungGen: 386848K->65760K(465920K)] 1203586K->1002206K(1756672K), 0.1525359 secs] [Times: user=0.91 sys=0.01, real=0.15 secs] 
3151.047: [GC (Allocation Failure) [PSYoungGen: 316640K->118560K(471040K)] 1253086K->1116635K(1761792K), 0.0407757 secs] [Times: user=0.24 sys=0.00, real=0.04 secs] 
3152.171: [GC (Allocation Failure) [PSYoungGen: 387872K->104480K(475648K)] 1385947K->1211643K(1766400K), 0.0661039 secs] [Times: user=0.36 sys=0.03, real=0.07 secs] 
3154.721: [GC (Allocation Failure) [PSYoungGen: 373792K->106080K(481280K)] 1480955K->1317867K(1772032K), 0.0713704 secs] [Times: user=0.39 sys=0.02, real=0.07 secs] 
3154.793: [Full GC (Ergonomics) [PSYoungGen: 106080K->0K(481280K)] [ParOldGen: 1211787K->123158K(1220096K)] 1317867K->123158K(1701376K), [Metaspace: 60091K->60091K(1105920K)], 0.2822738 secs] [Times: user=1.20 sys=0.00, real=0.29 secs] 
3156.107: [GC (Allocation Failure) [PSYoungGen: 293888K->143488K(485376K)] 417046K->266646K(1705472K), 0.0528680 secs] [Times: user=0.31 sys=0.00, real=0.05 secs] 
3158.814: [GC (Allocation Failure) [PSYoungGen: 437376K->96704K(501760K)] 560534K->363202K(1721856K), 0.1024653 secs] [Times: user=0.61 sys=0.00, real=0.10 secs] 
3159.427: [GC (Allocation Failure) [PSYoungGen: 408272K->186848K(499200K)] 674770K->539961K(1719296K), 0.0601459 secs] [Times: user=0.36 sys=0.00, real=0.06 secs] 
3161.383: [GC (Allocation Failure) [PSYoungGen: 491470K->93280K(486912K)] 844584K->598009K(1707008K), 0.0915152 secs] [Times: user=0.54 sys=0.00, real=0.10 secs] 
3161.663: [GC (Allocation Failure) [PSYoungGen: 380512K->141152K(493056K)] 885241K->733150K(1713152K), 0.0555194 secs] [Times: user=0.32 sys=0.01, real=0.06 secs] 
3164.192: [GC (Allocation Failure) [PSYoungGen: 428384K->83936K(488448K)] 1020382K->816262K(1708544K), 0.1004386 secs] [Times: user=0.60 sys=0.00, real=0.10 secs] 
3164.551: [GC (Allocation Failure) [PSYoungGen: 371680K->144416K(491008K)] 1104006K->954607K(1711104K), 0.0533089 secs] [Times: user=0.32 sys=0.00, real=0.06 secs] 
3169.011: [GC (Allocation Failure) [PSYoungGen: 432160K->78240K(494080K)] 1242351K->1032871K(1714176K), 0.1619960 secs] [Times: user=0.96 sys=0.00, real=0.17 secs] 
3169.417: [GC (Allocation Failure) [PSYoungGen: 353626K->136928K(494080K)] 1308257K->1164396K(1714176K), 0.0462079 secs] [Times: user=0.28 sys=0.00, real=0.05 secs] 
3170.911: [GC (Allocation Failure) [PSYoungGen: 427744K->91840K(488448K)] 1455212K->1248196K(1708544K), 0.1073259 secs] [Times: user=0.63 sys=0.01, real=0.11 secs] 
3171.018: [Full GC (Ergonomics) [PSYoungGen: 91840K->0K(488448K)] [ParOldGen: 1156356K->44133K(1193472K)] 1248196K->44133K(1681920K), [Metaspace: 60092K->60092K(1105920K)], 0.1029121 secs] [Times: user=0.43 sys=0.00, real=0.10 secs] 
3172.631: [GC (Allocation Failure) [PSYoungGen: 293376K->141472K(491520K)] 337509K->185605K(1684992K), 0.0287685 secs] [Times: user=0.17 sys=0.00, real=0.03 secs] 
3173.805: [GC (Allocation Failure) [PSYoungGen: 434848K->99040K(493056K)] 478981K->275477K(1686528K), 0.0709396 secs] [Times: user=0.42 sys=0.00, real=0.07 secs] 
3174.521: [GC (Allocation Failure) [PSYoungGen: 400096K->142080K(496128K)] 576533K->414326K(1689600K), 0.0493793 secs] [Times: user=0.30 sys=0.00, real=0.05 secs] 
3177.186: [GC (Allocation Failure) [PSYoungGen: 443136K->102944K(495104K)] 715382K->507846K(1688576K), 0.1194569 secs] [Times: user=0.71 sys=0.00, real=0.12 secs] 
3178.446: [GC (Allocation Failure) [PSYoungGen: 410144K->143200K(498688K)] 815046K->648675K(1692160K), 0.0513484 secs] [Times: user=0.30 sys=0.00, real=0.05 secs] 
3179.795: [GC (Allocation Failure) [PSYoungGen: 450400K->106432K(498688K)] 955875K->745703K(1692160K), 0.0925325 secs] [Times: user=0.55 sys=0.01, real=0.09 secs] 
3181.600: [GC (Allocation Failure) [PSYoungGen: 419776K->152480K(501760K)] 1059047K->896092K(1695232K), 0.0530292 secs] [Times: user=0.32 sys=0.00, real=0.06 secs] 
3183.144: [GC (Allocation Failure) [PSYoungGen: 465824K->108000K(505856K)] 1209436K->986932K(1699328K), 0.1234821 secs] [Times: user=0.74 sys=0.00, real=0.12 secs] 
3184.444: [GC (Allocation Failure) [PSYoungGen: 423392K->148192K(504832K)] 1302324K->1133093K(1698304K), 0.0544332 secs] [Times: user=0.32 sys=0.00, real=0.05 secs] 
3186.431: [GC (Allocation Failure) [PSYoungGen: 463584K->106272K(504832K)] 1448485K->1230129K(1698304K), 0.1577748 secs] [Times: user=0.93 sys=0.01, real=0.16 secs] 
3186.589: [Full GC (Ergonomics) [PSYoungGen: 106272K->0K(504832K)] [ParOldGen: 1123857K->32940K(1206784K)] 1230129K->32940K(1711616K), [Metaspace: 60092K->60092K(1105920K)], 0.0826767 secs] [Times: user=0.30 sys=0.00, real=0.08 secs] 
3188.682: [GC (Allocation Failure) [PSYoungGen: 316416K->148352K(505344K)] 349356K->181292K(1712128K), 0.0292632 secs] [Times: user=0.17 sys=0.00, real=0.03 secs] 
3190.405: [GC (Allocation Failure) [PSYoungGen: 464768K->109152K(504832K)] 497708K->280704K(1711616K), 0.1306968 secs] [Times: user=0.76 sys=0.01, real=0.13 secs] 
3191.629: [GC (Allocation Failure) [PSYoungGen: 427104K->150464K(505856K)] 598656K->427949K(1712640K), 0.0530631 secs] [Times: user=0.32 sys=0.00, real=0.05 secs] 
3194.497: [GC (Allocation Failure) [PSYoungGen: 468416K->108256K(507392K)] 745901K->526689K(1714176K), 0.1442706 secs] [Times: user=0.86 sys=0.00, real=0.14 secs] 
3195.543: [GC (Allocation Failure) [PSYoungGen: 427744K->152736K(472576K)] 846177K->675734K(1679360K), 0.0529406 secs] [Times: user=0.31 sys=0.00, real=0.06 secs] 
3197.578: [GC (Allocation Failure) [PSYoungGen: 472224K->107616K(509952K)] 995222K->774730K(1716736K), 0.1476137 secs] [Times: user=0.87 sys=0.01, real=0.15 secs] 
3198.452: [GC (Allocation Failure) [PSYoungGen: 418989K->148128K(506368K)] 1086103K->918855K(1713152K), 0.0526079 secs] [Times: user=0.31 sys=0.00, real=0.06 secs] 
3201.709: [GC (Allocation Failure) [PSYoungGen: 465568K->104864K(506880K)] 1236295K->1014811K(1713664K), 0.1491316 secs] [Times: user=0.88 sys=0.01, real=0.15 secs] 
3202.131: [GC (Allocation Failure) [PSYoungGen: 413008K->146368K(507392K)] 1322955K->1157852K(1714176K), 0.0512575 secs] [Times: user=0.31 sys=0.00, real=0.05 secs] 
3204.976: [GC (Allocation Failure) [PSYoungGen: 465344K->108000K(506368K)] 1476828K->1256848K(1713152K), 0.1632201 secs] [Times: user=0.97 sys=0.00, real=0.16 secs] 
3205.140: [Full GC (Ergonomics) [PSYoungGen: 108000K->0K(506368K)] [ParOldGen: 1148848K->60297K(1264128K)] 1256848K->60297K(1770496K), [Metaspace: 60119K->60119K(1105920K)], 0.1689552 secs] [Times: user=0.77 sys=0.00, real=0.17 secs] 
3205.538: [GC (Allocation Failure) [PSYoungGen: 320000K->153888K(507392K)] 380297K->214185K(1771520K), 0.0320638 secs] [Times: user=0.19 sys=0.00, real=0.03 secs] 
3208.626: [GC (Allocation Failure) [PSYoungGen: 473888K->99616K(508928K)] 534185K->312905K(1773056K), 0.1494497 secs] [Times: user=0.89 sys=0.00, real=0.15 secs] 
3209.050: [GC (Allocation Failure) [PSYoungGen: 417056K->159104K(476672K)] 630345K->466486K(1740800K), 0.0567766 secs] [Times: user=0.34 sys=0.00, real=0.06 secs] 
3212.122: [GC (Allocation Failure) [PSYoungGen: 476544K->95808K(503808K)] 783926K->562462K(1767936K), 0.1187121 secs] [Times: user=0.70 sys=0.00, real=0.12 secs] 
3212.472: [GC (Allocation Failure) [PSYoungGen: 403520K->153248K(461312K)] 870174K->709431K(1725440K), 0.0557445 secs] [Times: user=0.33 sys=0.01, real=0.06 secs] 
3214.762: [GC (Allocation Failure) [PSYoungGen: 460960K->92416K(501248K)] 1017143K->802047K(1765376K), 0.1230964 secs] [Times: user=0.73 sys=0.00, real=0.13 secs] 
3215.161: [GC (Allocation Failure) [PSYoungGen: 395008K->151648K(454656K)] 1104639K->948120K(1718784K), 0.0541966 secs] [Times: user=0.32 sys=0.00, real=0.06 secs] 
3217.815: [GC (Allocation Failure) [PSYoungGen: 454240K->92960K(500224K)] 1250712K->1041168K(1764352K), 0.1106077 secs] [Times: user=0.66 sys=0.00, real=0.11 secs] 
3218.190: [GC (Allocation Failure) [PSYoungGen: 392992K->149024K(449536K)] 1341200K->1184413K(1713664K), 0.0554659 secs] [Times: user=0.33 sys=0.01, real=0.06 secs] 
3221.470: [GC (Allocation Failure) [PSYoungGen: 449056K->86048K(498688K)] 1484445K->1270225K(1762816K), 0.1262785 secs] [Times: user=0.75 sys=0.00, real=0.13 secs] 
3221.597: [Full GC (Ergonomics) [PSYoungGen: 86048K->0K(498688K)] [ParOldGen: 1184177K->72981K(1323008K)] 1270225K->72981K(1821696K), [Metaspace: 60128K->60128K(1105920K)], 0.1763128 secs] [Times: user=0.81 sys=0.00, real=0.17 secs] 
3221.973: [GC (Allocation Failure) [PSYoungGen: 297984K->149280K(447488K)] 370965K->222261K(1770496K), 0.0329296 secs] [Times: user=0.20 sys=0.00, real=0.04 secs] 
3223.939: [GC (Allocation Failure) [PSYoungGen: 447264K->88544K(498176K)] 520245K->310833K(1821184K), 0.1222056 secs] [Times: user=0.73 sys=0.00, real=0.12 secs] 
3224.322: [GC (Allocation Failure) [PSYoungGen: 368955K->137920K(434176K)] 591244K->445013K(1757184K), 0.0482832 secs] [Times: user=0.29 sys=0.00, real=0.05 secs] 
3227.041: [GC (Allocation Failure) [PSYoungGen: 433856K->97504K(498688K)] 740949K->534234K(1821696K), 0.1681708 secs] [Times: user=0.99 sys=0.02, real=0.17 secs] 
3227.918: [GC (Allocation Failure) [PSYoungGen: 397024K->143168K(495104K)] 833754K->673818K(1818112K), 0.0483071 secs] [Times: user=0.28 sys=0.00, real=0.05 secs] 
3230.846: [GC (Allocation Failure) [PSYoungGen: 442688K->95968K(500736K)] 973338K->760794K(1823744K), 0.1469426 secs] [Times: user=0.88 sys=0.00, real=0.14 secs] 
3231.715: [GC (Allocation Failure) [PSYoungGen: 402656K->146720K(500736K)] 1067482K->904503K(1823744K), 0.0489923 secs] [Times: user=0.29 sys=0.00, real=0.05 secs] 
3233.589: [GC (Allocation Failure) [PSYoungGen: 453408K->104992K(498176K)] 1211191K->1000559K(1821184K), 0.1575622 secs] [Times: user=0.94 sys=0.00, real=0.16 secs] 
3234.512: [GC (Allocation Failure) [PSYoungGen: 413216K->144768K(500224K)] 1308783K->1142832K(1823232K), 0.0521248 secs] [Times: user=0.31 sys=0.00, real=0.06 secs] 
3237.469: [GC (Allocation Failure) [PSYoungGen: 452992K->103456K(501248K)] 1451056K->1237392K(1824256K), 0.0687911 secs] [Times: user=0.41 sys=0.00, real=0.07 secs] 
3237.538: [Full GC (Ergonomics) [PSYoungGen: 103456K->0K(501248K)] [ParOldGen: 1133936K->37889K(1302528K)] 1237392K->37889K(1803776K), [Metaspace: 60131K->60131K(1105920K)], 0.0668905 secs] [Times: user=0.25 sys=0.00, real=0.07 secs] 
3238.355: [GC (GCLocker Initiated GC) [PSYoungGen: 313344K->150976K(503296K)] 351234K->188866K(1805824K), 0.0510255 secs] [Times: user=0.30 sys=0.00, real=0.05 secs] 
3240.708: [GC (Allocation Failure) [PSYoungGen: 464320K->101376K(505856K)] 504261K->284141K(1808384K), 0.1396441 secs] [Times: user=0.83 sys=0.00, real=0.14 secs] 
3241.573: [GC (Allocation Failure) [PSYoungGen: 415232K->153408K(467456K)] 597997K->436274K(1769984K), 0.0501127 secs] [Times: user=0.30 sys=0.00, real=0.05 secs] 
3244.335: [GC (Allocation Failure) [PSYoungGen: 467264K->100992K(505856K)] 750130K->529034K(1808384K), 0.1728781 secs] [Times: user=1.02 sys=0.01, real=0.17 secs] 
3246.093: [GC (Allocation Failure) [PSYoungGen: 410752K->149408K(502784K)] 838794K->674959K(1805312K), 0.0497265 secs] [Times: user=0.29 sys=0.00, real=0.05 secs] 
3247.799: [GC (Allocation Failure) [PSYoungGen: 459168K->101696K(503296K)] 984719K->768231K(1805824K), 0.1731215 secs] [Times: user=1.04 sys=0.00, real=0.17 secs] 
3248.758: [GC (Allocation Failure) [PSYoungGen: 411968K->158720K(469504K)] 1078503K->922980K(1772032K), 0.0512789 secs] [Times: user=0.30 sys=0.00, real=0.05 secs] 
3250.704: [GC (Allocation Failure) [PSYoungGen: 468992K->105344K(503296K)] 1233252K->1011492K(1805824K), 0.1429043 secs] [Times: user=0.85 sys=0.00, real=0.14 secs] 
3251.344: [GC (Allocation Failure) [PSYoungGen: 409472K->149696K(499712K)] 1315620K->1157581K(1802240K), 0.0526181 secs] [Times: user=0.31 sys=0.00, real=0.05 secs] 
3254.592: [GC (Allocation Failure) [PSYoungGen: 453824K->93376K(502272K)] 1461709K->1242689K(1804800K), 0.1562857 secs] [Times: user=0.93 sys=0.00, real=0.16 secs] 
3254.748: [Full GC (Ergonomics) [PSYoungGen: 93376K->0K(502272K)] [ParOldGen: 1149313K->43353K(1334784K)] 1242689K->43353K(1837056K), [Metaspace: 60131K->60131K(1105920K)], 0.1659068 secs] [Times: user=0.74 sys=0.00, real=0.17 secs] 
3255.930: [GC (Allocation Failure) [PSYoungGen: 304640K->166016K(471040K)] 347993K->209369K(1805824K), 0.0304018 secs] [Times: user=0.18 sys=0.00, real=0.03 secs] 
3258.546: [GC (Allocation Failure) [PSYoungGen: 470656K->99872K(497152K)] 514009K->284745K(1831936K), 0.1583796 secs] [Times: user=0.94 sys=0.01, real=0.16 secs] 
3260.328: [GC (Allocation Failure) [PSYoungGen: 392224K->138304K(431104K)] 577097K->418560K(1765888K), 0.0484467 secs] [Times: user=0.29 sys=0.00, real=0.05 secs] 
3262.035: [GC (Allocation Failure) [PSYoungGen: 430656K->101280K(494592K)] 710912K->510160K(1829376K), 0.1046648 secs] [Times: user=0.62 sys=0.00, real=0.10 secs] 
3263.766: [GC (Allocation Failure) [PSYoungGen: 396704K->134848K(491520K)] 805584K->642761K(1826304K), 0.0500233 secs] [Times: user=0.29 sys=0.00, real=0.05 secs] 
3265.074: [GC (Allocation Failure) [PSYoungGen: 430272K->105760K(499200K)] 938185K->738933K(1833984K), 0.0738012 secs] [Times: user=0.44 sys=0.00, real=0.07 secs] 
3266.818: [GC (Allocation Failure) [PSYoungGen: 412960K->137600K(496640K)] 1046133K->874806K(1831424K), 0.0522270 secs] [Times: user=0.31 sys=0.00, real=0.05 secs] 
3267.996: [GC (Allocation Failure) [PSYoungGen: 444800K->112576K(503808K)] 1182006K->978190K(1838592K), 0.0648955 secs] [Times: user=0.39 sys=0.00, real=0.06 secs] 
3269.948: [GC (GCLocker Initiated GC) [PSYoungGen: 433600K->141440K(504832K)] 1299214K->1118395K(1839616K), 0.0549003 secs] [Times: user=0.32 sys=0.01, real=0.06 secs] 
3271.253: [GC (Allocation Failure) [PSYoungGen: 462464K->115008K(506880K)] 1439421K->1223509K(1841664K), 0.0762227 secs] [Times: user=0.45 sys=0.00, real=0.07 secs] 
3272.910: [GC (Allocation Failure) [PSYoungGen: 445248K->153248K(510464K)] 1553749K->1374914K(1845248K), 0.0577290 secs] [Times: user=0.34 sys=0.00, real=0.06 secs] 
3272.968: [Full GC (Ergonomics) [PSYoungGen: 153248K->0K(510464K)] [ParOldGen: 1221666K->176808K(1398272K)] 1374914K->176808K(1908736K), [Metaspace: 60147K->60147K(1105920K)], 0.4187629 secs] [Times: user=1.95 sys=0.00, real=0.42 secs] 
3275.778: [GC (Allocation Failure) [PSYoungGen: 330240K->112480K(515584K)] 507048K->289288K(1913856K), 0.1019982 secs] [Times: user=0.60 sys=0.00, real=0.10 secs] 
3276.863: [GC (Allocation Failure) [PSYoungGen: 443744K->158944K(490496K)] 620552K->444457K(1888768K), 0.0554131 secs] [Times: user=0.33 sys=0.00, real=0.05 secs] 
3280.349: [GC (Allocation Failure) [PSYoungGen: 490208K->109984K(512512K)] 775721K->545553K(1910784K), 0.1646647 secs] [Times: user=0.98 sys=0.00, real=0.17 secs] 
3281.071: [GC (Allocation Failure) [PSYoungGen: 433568K->175104K(499200K)] 869137K->717289K(1897472K), 0.0539151 secs] [Times: user=0.32 sys=0.00, real=0.06 secs] 
3283.483: [GC (Allocation Failure) [PSYoungGen: 498688K->99488K(501760K)] 1040873K->800533K(1900032K), 0.1272356 secs] [Times: user=0.75 sys=0.00, real=0.12 secs] 
3283.835: [GC (Allocation Failure) [PSYoungGen: 403104K->150688K(500736K)] 1104149K->945522K(1899008K), 0.0570564 secs] [Times: user=0.33 sys=0.00, real=0.05 secs] 
3286.626: [GC (Allocation Failure) [PSYoungGen: 454304K->88704K(499712K)] 1249138K->1033946K(1897984K), 0.1299115 secs] [Times: user=0.78 sys=0.00, real=0.13 secs] 
3286.988: [GC (Allocation Failure) [PSYoungGen: 390272K->167360K(468992K)] 1335514K->1195687K(1867264K), 0.0536571 secs] [Times: user=0.32 sys=0.00, real=0.05 secs] 
3289.919: [GC (Allocation Failure) [PSYoungGen: 468928K->89504K(492544K)] 1497255K->1268903K(1890816K), 0.1635034 secs] [Times: user=0.97 sys=0.01, real=0.16 secs] 
3290.325: [GC (Allocation Failure) [PSYoungGen: 362808K->137312K(423424K)] 1542206K->1400143K(1821696K), 0.0610098 secs] [Times: user=0.27 sys=0.09, real=0.06 secs] 
3290.386: [Full GC (Ergonomics) [PSYoungGen: 137312K->0K(423424K)] [ParOldGen: 1262831K->196548K(1398272K)] 1400143K->196548K(1821696K), [Metaspace: 60154K->60154K(1105920K)], 0.4613008 secs] [Times: user=2.15 sys=0.00, real=0.46 secs] 
3293.058: [GC (Allocation Failure) [PSYoungGen: 285696K->93088K(489472K)] 482244K->289636K(1887744K), 0.0904910 secs] [Times: user=0.53 sys=0.01, real=0.09 secs] 
3294.961: [GC (Allocation Failure) [PSYoungGen: 380320K->136352K(487936K)] 576868K->420633K(1886208K), 0.0449548 secs] [Times: user=0.27 sys=0.00, real=0.05 secs] 
3296.191: [GC (Allocation Failure) [PSYoungGen: 423584K->97120K(495616K)] 707865K->509225K(1893888K), 0.0654241 secs] [Times: user=0.38 sys=0.01, real=0.07 secs] 
3297.628: [GC (Allocation Failure) [PSYoungGen: 395616K->139328K(493568K)] 807721K->646394K(1891840K), 0.0492488 secs] [Times: user=0.29 sys=0.00, real=0.05 secs] 
3298.848: [GC (Allocation Failure) [PSYoungGen: 437824K->105504K(499712K)] 944890K->742370K(1897984K), 0.0676655 secs] [Times: user=0.41 sys=0.00, real=0.07 secs] 
3300.863: [GC (Allocation Failure) [PSYoungGen: 415264K->139968K(500224K)] 1052130K->880899K(1898496K), 0.0523260 secs] [Times: user=0.31 sys=0.00, real=0.05 secs] 
3302.439: [GC (Allocation Failure) [PSYoungGen: 449728K->109056K(500224K)] 1190659K->981319K(1898496K), 0.0644116 secs] [Times: user=0.38 sys=0.00, real=0.06 secs] 
3304.931: [GC (Allocation Failure) [PSYoungGen: 427520K->146048K(504320K)] 1299783K->1125412K(1902592K), 0.0536183 secs] [Times: user=0.32 sys=0.00, real=0.06 secs] 
3306.222: [GC (Allocation Failure) [PSYoungGen: 464512K->109632K(508416K)] 1443876K->1226160K(1906688K), 0.0687986 secs] [Times: user=0.41 sys=0.00, real=0.07 secs] 
3308.448: [GC (Allocation Failure) [PSYoungGen: 434240K->149952K(509440K)] 1550768K->1374101K(1907712K), 0.0555281 secs] [Times: user=0.33 sys=0.00, real=0.06 secs] 
3308.504: [Full GC (Ergonomics) [PSYoungGen: 149952K->0K(509440K)] [ParOldGen: 1224149K->172910K(1398272K)] 1374101K->172910K(1907712K), [Metaspace: 60156K->60156K(1105920K)], 0.3780206 secs] [Times: user=1.63 sys=0.00, real=0.37 secs] 
3311.449: [GC (Allocation Failure) [PSYoungGen: 324608K->109632K(510464K)] 497518K->282542K(1908736K), 0.1076944 secs] [Times: user=0.64 sys=0.00, real=0.11 secs] 
3312.854: [GC (Allocation Failure) [PSYoungGen: 435264K->154560K(480256K)] 608174K->434155K(1878528K), 0.0547959 secs] [Times: user=0.32 sys=0.00, real=0.05 secs] 
3315.598: [GC (Allocation Failure) [PSYoungGen: 480192K->109184K(512000K)] 759787K->534091K(1910272K), 0.1459932 secs] [Times: user=0.87 sys=0.00, real=0.15 secs] 
3316.817: [GC (Allocation Failure) [PSYoungGen: 431232K->154432K(476672K)] 856139K->684736K(1874944K), 0.0526210 secs] [Times: user=0.32 sys=0.00, real=0.05 secs] 
3319.727: [GC (Allocation Failure) [PSYoungGen: 476480K->108544K(510464K)] 1006784K->784160K(1908736K), 0.1503462 secs] [Times: user=0.89 sys=0.00, real=0.15 secs] 
3320.151: [GC (Allocation Failure) [PSYoungGen: 427520K->156320K(475648K)] 1103136K->936989K(1873920K), 0.0534618 secs] [Times: user=0.32 sys=0.01, real=0.06 secs] 
3322.625: [GC (Allocation Failure) [PSYoungGen: 475296K->96832K(506368K)] 1255965K->1034053K(1904640K), 0.1119457 secs] [Times: user=0.66 sys=0.00, real=0.11 secs] 
3322.962: [GC (Allocation Failure) [PSYoungGen: 409664K->156512K(469504K)] 1346885K->1184745K(1867776K), 0.0570169 secs] [Times: user=0.34 sys=0.00, real=0.06 secs] 
3326.238: [GC (Allocation Failure) [PSYoungGen: 469344K->96192K(502784K)] 1497577K->1280897K(1901056K), 0.1365486 secs] [Times: user=0.81 sys=0.00, real=0.14 secs] 
3326.604: [GC (Allocation Failure) [PSYoungGen: 401856K->151520K(457216K)] 1586561K->1426618K(1855488K), 0.0609030 secs] [Times: user=0.34 sys=0.02, real=0.06 secs] 
3326.665: [Full GC (Ergonomics) [PSYoungGen: 151520K->0K(457216K)] [ParOldGen: 1275098K->222172K(1398272K)] 1426618K->222172K(1855488K), [Metaspace: 60159K->60159K(1105920K)], 0.5100169 secs] [Times: user=2.38 sys=0.00, real=0.51 secs] 
3330.217: [GC (Allocation Failure) [PSYoungGen: 305664K->89376K(500736K)] 527836K->311548K(1899008K), 0.0981001 secs] [Times: user=0.57 sys=0.01, real=0.10 secs] 
3330.603: [GC (Allocation Failure) [PSYoungGen: 391456K->150976K(453120K)] 613628K->456229K(1851392K), 0.0534191 secs] [Times: user=0.31 sys=0.00, real=0.06 secs] 
3335.126: [GC (Allocation Failure) [PSYoungGen: 453056K->85600K(498688K)] 758309K->541741K(1896960K), 0.1708957 secs] [Times: user=1.02 sys=0.00, real=0.17 secs] 
3335.541: [GC (Allocation Failure) [PSYoungGen: 383584K->147200K(445440K)] 839725K->683370K(1843712K), 0.0517583 secs] [Times: user=0.31 sys=0.00, real=0.05 secs] 
3338.603: [GC (Allocation Failure) [PSYoungGen: 445184K->84512K(497664K)] 981354K->767658K(1895936K), 0.1701641 secs] [Times: user=1.00 sys=0.01, real=0.18 secs] 
3339.567: [GC (Allocation Failure) [PSYoungGen: 380448K->144256K(497152K)] 1063594K->908061K(1895424K), 0.0482097 secs] [Times: user=0.29 sys=0.00, real=0.05 secs] 
3341.901: [GC (Allocation Failure) [PSYoungGen: 440192K->97952K(491008K)] 1203997K->997101K(1889280K), 0.1611768 secs] [Times: user=0.96 sys=0.01, real=0.16 secs] 
3343.222: [GC (Allocation Failure) [PSYoungGen: 393888K->141440K(494080K)] 1293037K->1134754K(1892352K), 0.0490942 secs] [Times: user=0.29 sys=0.00, real=0.05 secs] 
3344.629: [GC (Allocation Failure) [PSYoungGen: 437376K->101088K(492544K)] 1430690K->1227234K(1890816K), 0.1170589 secs] [Times: user=0.70 sys=0.00, real=0.12 secs] 
3345.611: [GC (Allocation Failure) [PSYoungGen: 403680K->143200K(496640K)] 1529826K->1368368K(1894912K), 0.0583320 secs] [Times: user=0.35 sys=0.00, real=0.06 secs] 
3345.670: [Full GC (Ergonomics) [PSYoungGen: 143200K->0K(496640K)] [ParOldGen: 1225168K->174523K(1398272K)] 1368368K->174523K(1894912K), [Metaspace: 60163K->60163K(1105920K)], 0.4132109 secs] [Times: user=1.90 sys=0.00, real=0.41 secs] 
3348.220: [GC (Allocation Failure) [PSYoungGen: 302592K->99008K(499712K)] 477115K->273531K(1897984K), 0.1015003 secs] [Times: user=0.60 sys=0.00, real=0.10 secs] 
3350.286: [GC (Allocation Failure) [PSYoungGen: 408768K->143072K(501760K)] 583291K->413828K(1900032K), 0.0509656 secs] [Times: user=0.30 sys=0.00, real=0.05 secs] 
3351.560: [GC (Allocation Failure) [PSYoungGen: 452832K->108704K(499200K)] 723588K->513168K(1897472K), 0.0778762 secs] [Times: user=0.46 sys=0.00, real=0.08 secs] 
3353.376: [GC (Allocation Failure) [PSYoungGen: 422048K->144768K(502272K)] 826512K->655569K(1900544K), 0.0530496 secs] [Times: user=0.31 sys=0.00, real=0.05 secs] 
3355.309: [GC (Allocation Failure) [PSYoungGen: 458112K->107840K(504320K)] 968913K->753921K(1902592K), 0.1569062 secs] [Times: user=0.93 sys=0.00, real=0.16 secs] 
3357.120: [GC (Allocation Failure) [PSYoungGen: 427328K->149664K(506368K)] 1073409K->900734K(1904640K), 0.0530896 secs] [Times: user=0.31 sys=0.00, real=0.06 secs] 
3358.540: [GC (Allocation Failure) [PSYoungGen: 469152K->108640K(508416K)] 1220222K->1000426K(1906688K), 0.1051660 secs] [Times: user=0.63 sys=0.00, real=0.11 secs] 
3360.305: [GC (Allocation Failure) [PSYoungGen: 430176K->152576K(474624K)] 1321962K->1150305K(1872896K), 0.0546842 secs] [Times: user=0.33 sys=0.00, real=0.05 secs] 
3362.903: [GC (Allocation Failure) [PSYoungGen: 474112K->107808K(510976K)] 1471841K->1249473K(1909248K), 0.1545352 secs] [Times: user=0.92 sys=0.00, real=0.16 secs] 
3363.454: [GC (Allocation Failure) [PSYoungGen: 427111K->153952K(474112K)] 1568776K->1399782K(1872384K), 0.0538262 secs] [Times: user=0.32 sys=0.00, real=0.05 secs] 
3363.508: [Full GC (Ergonomics) [PSYoungGen: 153952K->0K(474112K)] [ParOldGen: 1245830K->197635K(1398272K)] 1399782K->197635K(1872384K), [Metaspace: 60166K->60166K(1105920K)], 0.4771271 secs] [Times: user=2.22 sys=0.00, real=0.48 secs] 
3366.245: [GC (Allocation Failure) [PSYoungGen: 320000K->109184K(509952K)] 517635K->306819K(1908224K), 0.0926516 secs] [Times: user=0.55 sys=0.00, real=0.09 secs] 
3366.640: [GC (Allocation Failure) [PSYoungGen: 426624K->153312K(471040K)] 624259K->456300K(1869312K), 0.0521692 secs] [Times: user=0.31 sys=0.00, real=0.05 secs] 
3370.873: [GC (Allocation Failure) [PSYoungGen: 470752K->92480K(506368K)] 773740K->548524K(1904640K), 0.1684605 secs] [Times: user=1.00 sys=0.00, real=0.16 secs] 
3371.537: [GC (Allocation Failure) [PSYoungGen: 405824K->169536K(483328K)] 861868K->714121K(1881600K), 0.0547488 secs] [Times: user=0.33 sys=0.00, real=0.05 secs] 
3374.367: [GC (Allocation Failure) [PSYoungGen: 482880K->93280K(497664K)] 1027465K->791013K(1895936K), 0.1740219 secs] [Times: user=1.04 sys=0.00, real=0.17 secs] 
3374.838: [GC (Allocation Failure) [PSYoungGen: 376241K->138304K(434176K)] 1073974K->923485K(1832448K), 0.0503623 secs] [Times: user=0.30 sys=0.00, real=0.05 secs] 
3377.402: [GC (Allocation Failure) [PSYoungGen: 433728K->97408K(496640K)] 1218909K->1011714K(1894912K), 0.1365607 secs] [Times: user=0.81 sys=0.01, real=0.14 secs] 
3378.313: [GC (Allocation Failure) [PSYoungGen: 395392K->144128K(494080K)] 1309698K->1151710K(1892352K), 0.0492116 secs] [Times: user=0.29 sys=0.00, real=0.05 secs] 
3380.588: [GC (Allocation Failure) [PSYoungGen: 442112K->98432K(499712K)] 1449694K->1242035K(1897984K), 0.1656582 secs] [Times: user=0.87 sys=0.00, real=0.17 secs] 
3381.826: [GC (Allocation Failure) [PSYoungGen: 404608K->146368K(500224K)] 1548211K->1385516K(1898496K), 0.0514985 secs] [Times: user=0.31 sys=0.00, real=0.05 secs] 
3381.877: [Full GC (Ergonomics) [PSYoungGen: 146368K->0K(500224K)] [ParOldGen: 1239147K->182064K(1398272K)] 1385516K->182064K(1898496K), [Metaspace: 60175K->60175K(1105920K)], 0.4362062 secs] [Times: user=2.03 sys=0.00, real=0.44 secs] 
3384.233: [GC (Allocation Failure) [PSYoungGen: 306176K->102880K(500224K)] 488240K->284944K(1898496K), 0.1008772 secs] [Times: user=0.59 sys=0.00, real=0.10 secs] 
3386.074: [GC (Allocation Failure) [PSYoungGen: 412128K->147616K(501760K)] 594192K->429804K(1900032K), 0.0524724 secs] [Times: user=0.31 sys=0.00, real=0.05 secs] 
3387.955: [GC (Allocation Failure) [PSYoungGen: 456864K->103808K(502272K)] 739052K->525136K(1900544K), 0.1632647 secs] [Times: user=0.97 sys=0.00, real=0.16 secs] 
3389.799: [GC (Allocation Failure) [PSYoungGen: 415616K->155232K(467456K)] 836944K->677097K(1865728K), 0.0519549 secs] [Times: user=0.30 sys=0.01, real=0.05 secs] 
3391.247: [GC (GCLocker Initiated GC) [PSYoungGen: 467040K->107840K(506368K)] 988905K->768069K(1904640K), 0.1411739 secs] [Times: user=0.83 sys=0.01, real=0.14 secs] 
3392.597: [GC (Allocation Failure) [PSYoungGen: 417600K->149248K(502272K)] 1077832K->914025K(1900544K), 0.0528868 secs] [Times: user=0.32 sys=0.00, real=0.05 secs] 
3395.266: [GC (Allocation Failure) [PSYoungGen: 459008K->100000K(504320K)] 1223785K->1005693K(1902592K), 0.1510481 secs] [Times: user=0.91 sys=0.00, real=0.15 secs] 
3395.951: [GC (GCLocker Initiated GC) [PSYoungGen: 410784K->149792K(460800K)] 1316477K->1152153K(1859072K), 0.0508502 secs] [Times: user=0.30 sys=0.00, real=0.05 secs] 
3398.689: [GC (Allocation Failure) [PSYoungGen: 460576K->100576K(505856K)] 1462940K->1243996K(1904128K), 0.1719230 secs] [Times: user=1.02 sys=0.01, real=0.17 secs] 
3399.467: [GC (Allocation Failure) [PSYoungGen: 410848K->152096K(462848K)] 1554268K->1392616K(1861120K), 0.0511309 secs] [Times: user=0.30 sys=0.00, real=0.05 secs] 
3399.519: [Full GC (Ergonomics) [PSYoungGen: 152096K->0K(462848K)] [ParOldGen: 1240520K->190073K(1398272K)] 1392616K->190073K(1861120K), [Metaspace: 60176K->60176K(1105920K)], 0.4573461 secs] [Times: user=2.13 sys=0.00, real=0.46 secs] 
3402.033: [GC (Allocation Failure) [PSYoungGen: 310272K->100544K(504832K)] 500345K->290617K(1903104K), 0.0879540 secs] [Times: user=0.52 sys=0.00, real=0.08 secs] 
3403.818: [GC (Allocation Failure) [PSYoungGen: 408768K->147360K(502272K)] 598841K->434226K(1900544K), 0.0492956 secs] [Times: user=0.29 sys=0.00, real=0.05 secs] 
3405.913: [GC (Allocation Failure) [PSYoungGen: 455584K->106464K(499200K)] 742450K->532170K(1897472K), 0.1467597 secs] [Times: user=0.88 sys=0.01, real=0.14 secs] 
3407.203: [GC (Allocation Failure) [PSYoungGen: 415712K->156704K(501248K)] 841418K->682999K(1899520K), 0.0517170 secs] [Times: user=0.30 sys=0.01, real=0.05 secs] 
3409.563: [GC (Allocation Failure) [PSYoungGen: 465952K->102944K(504320K)] 992247K->768635K(1902592K), 0.1418819 secs] [Times: user=0.85 sys=0.00, real=0.14 secs] 
3410.477: [GC (Allocation Failure) [PSYoungGen: 410144K->150112K(501760K)] 1075835K->914848K(1900032K), 0.0519199 secs] [Times: user=0.31 sys=0.00, real=0.05 secs] 
3412.137: [GC (Allocation Failure) [PSYoungGen: 457312K->103552K(500736K)] 1222048K->1009760K(1899008K), 0.1258950 secs] [Times: user=0.75 sys=0.00, real=0.13 secs] 
3413.408: [GC (Allocation Failure) [PSYoungGen: 410752K->147328K(501248K)] 1316960K->1153481K(1899520K), 0.0516292 secs] [Times: user=0.30 sys=0.00, real=0.05 secs] 
3415.824: [GC (Allocation Failure) [PSYoungGen: 454528K->100768K(501248K)] 1460681K->1245545K(1899520K), 0.1399916 secs] [Times: user=0.82 sys=0.01, real=0.14 secs] 
3416.860: [GC (Allocation Failure) [PSYoungGen: 410016K->150368K(502272K)] 1554793K->1392334K(1900544K), 0.0513619 secs] [Times: user=0.30 sys=0.00, real=0.05 secs] 
3416.911: [Full GC (Ergonomics) [PSYoungGen: 150368K->0K(502272K)] [ParOldGen: 1241966K->189461K(1398272K)] 1392334K->189461K(1900544K), [Metaspace: 60177K->60177K(1105920K)], 0.4496126 secs] [Times: user=2.09 sys=0.00, real=0.45 secs] 
3419.905: [GC (Allocation Failure) [PSYoungGen: 309248K->98944K(504320K)] 498709K->288405K(1902592K), 0.0915968 secs] [Times: user=0.55 sys=0.00, real=0.09 secs] 
3421.005: [GC (Allocation Failure) [PSYoungGen: 408192K->150432K(459776K)] 597653K->435426K(1858048K), 0.0495618 secs] [Times: user=0.30 sys=0.00, real=0.05 secs] 
3423.725: [GC (Allocation Failure) [PSYoungGen: 459680K->101344K(504832K)] 744674K->528122K(1903104K), 0.1619035 secs] [Times: user=0.97 sys=0.00, real=0.16 secs] 
3425.241: [GC (Allocation Failure) [PSYoungGen: 409568K->148480K(502272K)] 836346K->672826K(1900544K), 0.0502697 secs] [Times: user=0.30 sys=0.00, real=0.05 secs] 
3427.813: [GC (Allocation Failure) [PSYoungGen: 456704K->102272K(500736K)] 981050K->766354K(1899008K), 0.1682358 secs] [Times: user=1.00 sys=0.00, real=0.17 secs] 
3429.239: [GC (Allocation Failure) [PSYoungGen: 411008K->148512K(501760K)] 1075090K->911423K(1900032K), 0.0715930 secs] [Times: user=0.43 sys=0.00, real=0.07 secs] 
3432.714: [GC (Allocation Failure) [PSYoungGen: 457248K->101856K(502784K)] 1220159K->1005199K(1901056K), 0.1672138 secs] [Times: user=0.99 sys=0.00, real=0.16 secs] 
3434.159: [GC (Allocation Failure) [PSYoungGen: 412640K->149184K(503296K)] 1315983K->1150216K(1901568K), 0.0511195 secs] [Times: user=0.30 sys=0.00, real=0.05 secs] 
3436.646: [GC (Allocation Failure) [PSYoungGen: 459968K->103424K(503808K)] 1461000K->1244504K(1902080K), 0.1704764 secs] [Times: user=1.01 sys=0.01, real=0.17 secs] 
3437.961: [GC (Allocation Failure) [PSYoungGen: 414720K->150400K(503808K)] 1555800K->1390961K(1902080K), 0.0517209 secs] [Times: user=0.31 sys=0.00, real=0.05 secs] 
3438.012: [Full GC (Ergonomics) [PSYoungGen: 150400K->0K(503808K)] [ParOldGen: 1240561K->188964K(1398272K)] 1390961K->188964K(1902080K), [Metaspace: 60191K->60191K(1105920K)], 0.4543909 secs] [Times: user=2.12 sys=0.00, real=0.46 secs] 
3440.759: [GC (Allocation Failure) [PSYoungGen: 311296K->103296K(503808K)] 500260K->292261K(1902080K), 0.0959428 secs] [Times: user=0.57 sys=0.00, real=0.10 secs] 
3441.922: [GC (Allocation Failure) [PSYoungGen: 414592K->149792K(503808K)] 603557K->438293K(1902080K), 0.0509387 secs] [Times: user=0.29 sys=0.00, real=0.06 secs] 
3444.282: [GC (Allocation Failure) [PSYoungGen: 461088K->104672K(502784K)] 749589K->534190K(1901056K), 0.1537160 secs] [Times: user=0.92 sys=0.00, real=0.16 secs] 
3445.716: [GC (Allocation Failure) [PSYoungGen: 415968K->149696K(503296K)] 845486K->680234K(1901568K), 0.0515466 secs] [Times: user=0.30 sys=0.00, real=0.05 secs] 
3447.869: [GC (Allocation Failure) [PSYoungGen: 460992K->104416K(503296K)] 991530K->776047K(1901568K), 0.1593498 secs] [Times: user=0.95 sys=0.00, real=0.16 secs] 
3448.949: [GC (Allocation Failure) [PSYoungGen: 413691K->150432K(503808K)] 1085321K->922743K(1902080K), 0.0508872 secs] [Times: user=0.30 sys=0.00, real=0.05 secs] 
3451.043: [GC (GCLocker Initiated GC) [PSYoungGen: 462752K->103488K(504832K)] 1235063K->1017472K(1903104K), 0.1415611 secs] [Times: user=0.84 sys=0.01, real=0.14 secs] 
3451.962: [GC (Allocation Failure) [PSYoungGen: 415808K->142432K(504320K)] 1346178K->1172267K(1902592K), 0.2166427 secs] [Times: user=1.29 sys=0.00, real=0.22 secs] 
3455.230: [GC (Allocation Failure) [PSYoungGen: 454332K->94016K(506368K)] 1484168K->1265959K(1904640K), 0.3418948 secs] [Times: user=2.05 sys=0.00, real=0.34 secs] 
3455.794: [GC (Allocation Failure) [PSYoungGen: 408896K->152896K(467968K)] 1580839K->1414812K(1866240K), 0.0559993 secs] [Times: user=0.34 sys=0.00, real=0.05 secs] 
3455.850: [Full GC (Ergonomics) [PSYoungGen: 152896K->0K(467968K)] [ParOldGen: 1261916K->211439K(1398272K)] 1414812K->211439K(1866240K), [Metaspace: 60193K->60193K(1105920K)], 0.4884847 secs] [Times: user=2.26 sys=0.00, real=0.49 secs] 
3460.624: [GC (Allocation Failure) [PSYoungGen: 313502K->89920K(504320K)] 524941K->301359K(1902592K), 0.1606896 secs] [Times: user=0.96 sys=0.00, real=0.16 secs] 
3461.467: [GC (Allocation Failure) [PSYoungGen: 399168K->168032K(477696K)] 610607K->465651K(1875968K), 0.0529693 secs] [Times: user=0.31 sys=0.00, real=0.05 secs] 
3463.147: [GC (GCLocker Initiated GC) [PSYoungGen: 477280K->95584K(497152K)] 774899K->544959K(1895424K), 0.1580223 secs] [Times: user=0.94 sys=0.00, real=0.16 secs] 
3463.551: [GC (Allocation Failure) [PSYoungGen: 388960K->135680K(429568K)] 854722K->690915K(1827840K), 0.2447420 secs] [Times: user=1.46 sys=0.01, real=0.25 secs] 
3466.663: [GC (Allocation Failure) [PSYoungGen: 429056K->87584K(492032K)] 984291K->777587K(1890304K), 0.3905670 secs] [Times: user=2.33 sys=0.01, real=0.40 secs] 
3467.263: [GC (Allocation Failure) [PSYoungGen: 379400K->139296K(491520K)] 1069404K->913116K(1889792K), 0.0482758 secs] [Times: user=0.29 sys=0.00, real=0.05 secs] 
3470.132: [GC (Allocation Failure) [PSYoungGen: 433184K->95008K(497664K)] 1207004K->999456K(1895936K), 0.1611783 secs] [Times: user=0.94 sys=0.01, real=0.17 secs] 
3471.170: [GC (Allocation Failure) [PSYoungGen: 399648K->146144K(498688K)] 1304096K->1141321K(1896960K), 0.0481193 secs] [Times: user=0.28 sys=0.00, real=0.05 secs] 
3473.528: [GC (Allocation Failure) [PSYoungGen: 450784K->100160K(499712K)] 1445961K->1232353K(1897984K), 0.1359927 secs] [Times: user=0.81 sys=0.00, real=0.14 secs] 
3474.411: [GC (Allocation Failure) [PSYoungGen: 408896K->146912K(501248K)] 1541089K->1376682K(1899520K), 0.0508989 secs] [Times: user=0.30 sys=0.00, real=0.05 secs] 
3474.462: [Full GC (Ergonomics) [PSYoungGen: 146912K->0K(501248K)] [ParOldGen: 1229770K->183223K(1398272K)] 1376682K->183223K(1899520K), [Metaspace: 60193K->60193K(1105920K)], 0.4268068 secs] [Times: user=1.97 sys=0.00, real=0.43 secs] 
3476.769: [GC (Allocation Failure) [PSYoungGen: 308736K->104800K(500736K)] 491959K->288023K(1899008K), 0.1013355 secs] [Times: user=0.60 sys=0.00, real=0.10 secs] 
3478.045: [GC (Allocation Failure) [PSYoungGen: 416096K->150656K(502272K)] 599319K->435276K(1900544K), 0.0521466 secs] [Times: user=0.31 sys=0.00, real=0.05 secs] 
3480.541: [GC (Allocation Failure) [PSYoungGen: 461952K->101408K(504832K)] 746572K->528132K(1903104K), 0.1757670 secs] [Times: user=1.06 sys=0.00, real=0.18 secs] 
3482.777: [GC (Allocation Failure) [PSYoungGen: 413216K->148672K(503808K)] 839940K->673095K(1902080K), 0.0502429 secs] [Times: user=0.29 sys=0.00, real=0.05 secs] 
3485.056: [GC (Allocation Failure) [PSYoungGen: 460480K->105888K(502272K)] 984903K->770423K(1900544K), 0.1641207 secs] [Times: user=0.98 sys=0.00, real=0.16 secs] 
3486.613: [GC (Allocation Failure) [PSYoungGen: 418208K->150496K(503296K)] 1082743K->917172K(1901568K), 0.0522748 secs] [Times: user=0.31 sys=0.00, real=0.06 secs] 
3488.356: [GC (Allocation Failure) [PSYoungGen: 462816K->105024K(504320K)] 1229492K->1013324K(1902592K), 0.1685434 secs] [Times: user=1.00 sys=0.00, real=0.17 secs] 
3489.361: [GC (Allocation Failure) [PSYoungGen: 418368K->152128K(465920K)] 1326668K->1161353K(1864192K), 0.0518823 secs] [Times: user=0.31 sys=0.00, real=0.05 secs] 
3493.113: [GC (Allocation Failure) [PSYoungGen: 465472K->102720K(506880K)] 1474697K->1255285K(1905152K), 0.1712667 secs] [Times: user=1.02 sys=0.01, real=0.18 secs] 
3493.867: [GC (Allocation Failure) [PSYoungGen: 411529K->148288K(503808K)] 1564094K->1400030K(1902080K), 0.0508881 secs] [Times: user=0.31 sys=0.00, real=0.05 secs] 
3493.918: [Full GC (Ergonomics) [PSYoungGen: 148288K->0K(503808K)] [ParOldGen: 1251742K->197395K(1398272K)] 1400030K->197395K(1902080K), [Metaspace: 60193K->60193K(1105920K)], 0.4638607 secs] [Times: user=2.15 sys=0.00, real=0.46 secs] 
3496.883: [GC (Allocation Failure) [PSYoungGen: 311808K->102976K(503296K)] 509203K->300371K(1901568K), 0.0915962 secs] [Times: user=0.54 sys=0.00, real=0.09 secs] 
3498.014: [GC (Allocation Failure) [PSYoungGen: 415296K->148832K(503808K)] 612691K->445392K(1902080K), 0.0487219 secs] [Times: user=0.29 sys=0.00, real=0.04 secs] 
3499.839: [GC (Allocation Failure) [PSYoungGen: 461152K->106144K(503808K)] 757712K->542564K(1902080K), 0.1656146 secs] [Times: user=0.98 sys=0.01, real=0.17 secs] 
3500.372: [GC (Allocation Failure) [PSYoungGen: 419488K->154016K(467456K)] 855908K->692536K(1865728K), 0.0518446 secs] [Times: user=0.30 sys=0.00, real=0.06 secs] 
3503.287: [GC (GCLocker Initiated GC) [PSYoungGen: 467360K->95136K(504832K)] 1005880K->787529K(1903104K), 0.1712941 secs] [Times: user=1.02 sys=0.00, real=0.17 secs] 
3503.720: [GC (Allocation Failure) [PSYoungGen: 404896K->150496K(460288K)] 1097291K->934385K(1858560K), 0.0536527 secs] [Times: user=0.32 sys=0.00, real=0.06 secs] 
3506.852: [GC (Allocation Failure) [PSYoungGen: 460256K->90048K(502784K)] 1244145K->1023937K(1901056K), 0.1478131 secs] [Times: user=0.88 sys=0.00, real=0.15 secs] 
3507.442: [GC (Allocation Failure) [PSYoungGen: 396224K->150016K(456704K)] 1330113K->1170374K(1854976K), 0.0544852 secs] [Times: user=0.32 sys=0.00, real=0.06 secs] 
3509.937: [GC (Allocation Failure) [PSYoungGen: 456192K->93376K(501760K)] 1476550K->1263774K(1900032K), 0.1543701 secs] [Times: user=0.92 sys=0.00, real=0.15 secs] 
3510.714: [GC (Allocation Failure) [PSYoungGen: 385438K->140064K(443392K)] 1555836K->1399959K(1841664K), 0.0514121 secs] [Times: user=0.31 sys=0.00, real=0.05 secs] 
3510.766: [Full GC (Ergonomics) [PSYoungGen: 140064K->0K(443392K)] [ParOldGen: 1259895K->196911K(1398272K)] 1399959K->196911K(1841664K), [Metaspace: 60197K->60197K(1105920K)], 0.4805573 secs] [Times: user=2.24 sys=0.00, real=0.48 secs] 
3513.908: [GC (Allocation Failure) [PSYoungGen: 303104K->98560K(502272K)] 500015K->295471K(1900544K), 0.0837642 secs] [Times: user=0.41 sys=0.00, real=0.08 secs] 
3514.840: [GC (Allocation Failure) [PSYoungGen: 404736K->150400K(499200K)] 601647K->442416K(1897472K), 0.0477680 secs] [Times: user=0.28 sys=0.00, real=0.05 secs] 
3517.700: [GC (Allocation Failure) [PSYoungGen: 456576K->98240K(503296K)] 748592K->532584K(1901568K), 0.1507877 secs] [Times: user=0.90 sys=0.01, real=0.15 secs] 
3518.749: [GC (Allocation Failure) [PSYoungGen: 406464K->149344K(457728K)] 840808K->678169K(1856000K), 0.0486330 secs] [Times: user=0.29 sys=0.00, real=0.05 secs] 
3520.867: [GC (GCLocker Initiated GC) [PSYoungGen: 457568K->101056K(505344K)] 986393K->770713K(1903616K), 0.1491238 secs] [Times: user=0.88 sys=0.01, real=0.15 secs] 
3521.871: [GC (Allocation Failure) [PSYoungGen: 409280K->147808K(501760K)] 1078940K->914973K(1900032K), 0.0505209 secs] [Times: user=0.30 sys=0.00, real=0.05 secs] 
3524.069: [GC (Allocation Failure) [PSYoungGen: 456032K->102976K(500736K)] 1223197K->1009537K(1899008K), 0.1638940 secs] [Times: user=0.91 sys=0.00, real=0.16 secs] 
3525.308: [GC (Allocation Failure) [PSYoungGen: 412224K->150464K(501760K)] 1318785K->1155742K(1900032K), 0.0514585 secs] [Times: user=0.31 sys=0.00, real=0.05 secs] 
3528.041: [GC (Allocation Failure) [PSYoungGen: 459712K->100448K(503296K)] 1464990K->1247270K(1901568K), 0.1759683 secs] [Times: user=1.05 sys=0.00, real=0.18 secs] 
3530.003: [GC (Allocation Failure) [PSYoungGen: 410208K->150464K(460288K)] 1557030K->1393303K(1858560K), 0.0506424 secs] [Times: user=0.30 sys=0.00, real=0.05 secs] 
3530.054: [Full GC (Ergonomics) [PSYoungGen: 150464K->0K(460288K)] [ParOldGen: 1242839K->190482K(1398272K)] 1393303K->190482K(1858560K), [Metaspace: 60198K->60198K(1105920K)], 0.4433357 secs] [Times: user=2.05 sys=0.00, real=0.44 secs] 
3533.183: [GC (Allocation Failure) [PSYoungGen: 309760K->101824K(505344K)] 500242K->292306K(1903616K), 0.0927877 secs] [Times: user=0.55 sys=0.00, real=0.09 secs] 
3533.999: [GC (Allocation Failure) [PSYoungGen: 410560K->158816K(467968K)] 601042K->447517K(1866240K), 0.0506708 secs] [Times: user=0.30 sys=0.00, real=0.05 secs] 
3536.450: [GC (Allocation Failure) [PSYoungGen: 467552K->102912K(502272K)] 756253K->533597K(1900544K), 0.1601708 secs] [Times: user=0.95 sys=0.00, real=0.16 secs] 
3537.746: [GC (Allocation Failure) [PSYoungGen: 405504K->145728K(499200K)] 836189K->675558K(1897472K), 0.0504986 secs] [Times: user=0.30 sys=0.00, real=0.05 secs] 
3539.792: [GC (Allocation Failure) [PSYoungGen: 448320K->99808K(499712K)] 978150K->766366K(1897984K), 0.1797276 secs] [Times: user=1.05 sys=0.00, real=0.18 secs] 
3541.318: [GC (Allocation Failure) [PSYoungGen: 404960K->148864K(499712K)] 1071518K->911263K(1897984K), 0.0511362 secs] [Times: user=0.31 sys=0.00, real=0.05 secs] 
3544.248: [GC (Allocation Failure) [PSYoungGen: 454016K->96896K(502272K)] 1216415K->999935K(1900544K), 0.1587824 secs] [Times: user=0.94 sys=0.01, real=0.16 secs] 
3545.550: [GC (Allocation Failure) [PSYoungGen: 404608K->156832K(464896K)] 1307647K->1153556K(1863168K), 0.0507632 secs] [Times: user=0.31 sys=0.00, real=0.05 secs] 
3547.261: [GC (Allocation Failure) [PSYoungGen: 464544K->102464K(501760K)] 1461268K->1239152K(1900032K), 0.1163254 secs] [Times: user=0.69 sys=0.00, real=0.12 secs] 
3550.123: [GC (Allocation Failure) [PSYoungGen: 404032K->140640K(442368K)] 1540720K->1376868K(1840640K), 0.0525900 secs] [Times: user=0.31 sys=0.00, real=0.06 secs] 
3550.176: [Full GC (Ergonomics) [PSYoungGen: 140640K->0K(442368K)] [ParOldGen: 1236228K->175669K(1398272K)] 1376868K->175669K(1840640K), [Metaspace: 60201K->60201K(1105920K)], 0.4159645 secs] [Times: user=1.93 sys=0.00, real=0.41 secs] 
3552.325: [GC (Allocation Failure) [PSYoungGen: 301568K->101760K(499712K)] 477237K->277429K(1897984K), 0.0971493 secs] [Times: user=0.58 sys=0.00, real=0.09 secs] 
3553.741: [GC (Allocation Failure) [PSYoungGen: 405888K->152224K(497152K)] 581557K->426955K(1895424K), 0.0521838 secs] [Times: user=0.31 sys=0.00, real=0.05 secs] 
3555.252: [GC (Allocation Failure) [PSYoungGen: 456352K->104000K(502784K)] 731083K->513395K(1901056K), 0.0938965 secs] [Times: user=0.56 sys=0.00, real=0.10 secs] 
3556.931: [GC (Allocation Failure) [PSYoungGen: 412736K->146080K(502272K)] 822131K->657138K(1900544K), 0.0517521 secs] [Times: user=0.31 sys=0.00, real=0.05 secs] 
3558.534: [GC (Allocation Failure) [PSYoungGen: 454816K->104000K(500224K)] 965874K->752178K(1898496K), 0.1010853 secs] [Times: user=0.60 sys=0.01, real=0.10 secs] 
3561.512: [GC (Allocation Failure) [PSYoungGen: 414784K->142688K(502272K)] 1062962K->892215K(1900544K), 0.0518324 secs] [Times: user=0.31 sys=0.00, real=0.06 secs] 
3562.861: [GC (Allocation Failure) [PSYoungGen: 453472K->109504K(500224K)] 1202999K->992527K(1898496K), 0.0850419 secs] [Times: user=0.50 sys=0.00, real=0.09 secs] 
3564.592: [GC (Allocation Failure) [PSYoungGen: 425408K->148032K(503808K)] 1308431K->1137748K(1902080K), 0.0550347 secs] [Times: user=0.33 sys=0.00, real=0.06 secs] 
3566.547: [GC (Allocation Failure) [PSYoungGen: 463936K->108288K(507392K)] 1453652K->1236396K(1905664K), 0.1647726 secs] [Times: user=0.97 sys=0.01, real=0.16 secs] 
3568.283: [GC (Allocation Failure) [PSYoungGen: 428800K->149632K(507904K)] 1556908K->1383389K(1906176K), 0.0566311 secs] [Times: user=0.34 sys=0.00, real=0.06 secs] 
3568.340: [Full GC (Ergonomics) [PSYoungGen: 149632K->0K(507904K)] [ParOldGen: 1233757K->181119K(1398272K)] 1383389K->181119K(1906176K), [Metaspace: 60205K->60205K(1105920K)], 0.4316800 secs] [Times: user=2.01 sys=0.00, real=0.43 secs] 
3571.077: [GC (Allocation Failure) [PSYoungGen: 320512K->108800K(507904K)] 501631K->289919K(1906176K), 0.0991395 secs] [Times: user=0.59 sys=0.00, real=0.10 secs] 
3573.047: [GC (Allocation Failure) [PSYoungGen: 430336K->153824K(475648K)] 611455K->439804K(1873920K), 0.0536400 secs] [Times: user=0.32 sys=0.00, real=0.05 secs] 
3576.224: [GC (Allocation Failure) [PSYoungGen: 475360K->105824K(509952K)] 761340K->537044K(1908224K), 0.1657103 secs] [Times: user=0.98 sys=0.01, real=0.16 secs] 
3577.233: [GC (Allocation Failure) [PSYoungGen: 413995K->150656K(469504K)] 845215K->683613K(1867776K), 0.0516569 secs] [Times: user=0.31 sys=0.01, real=0.06 secs] 
3580.812: [GC (Allocation Failure) [PSYoungGen: 469120K->103968K(509440K)] 1002077K->779205K(1907712K), 0.1598202 secs] [Times: user=0.95 sys=0.00, real=0.16 secs] 
3581.579: [GC (Allocation Failure) [PSYoungGen: 408858K->146656K(506880K)] 1084095K->922194K(1905152K), 0.0505968 secs] [Times: user=0.30 sys=0.00, real=0.05 secs] 
3585.035: [GC (Allocation Failure) [PSYoungGen: 464096K->102688K(506880K)] 1239634K->1016226K(1905152K), 0.1663176 secs] [Times: user=0.99 sys=0.00, real=0.16 secs] 
3585.601: [GC (Allocation Failure) [PSYoungGen: 421152K->156416K(475136K)] 1334690K->1169007K(1873408K), 0.0517614 secs] [Times: user=0.31 sys=0.00, real=0.05 secs] 
3588.540: [GC (Allocation Failure) [PSYoungGen: 474880K->96032K(505856K)] 1487471K->1265175K(1904128K), 0.1555525 secs] [Times: user=0.92 sys=0.01, real=0.16 secs] 
3589.462: [GC (Allocation Failure) [PSYoungGen: 407840K->151200K(463360K)] 1576983K->1412515K(1861632K), 0.0558333 secs] [Times: user=0.34 sys=0.00, real=0.06 secs] 
3589.517: [Full GC (Ergonomics) [PSYoungGen: 151200K->0K(463360K)] [ParOldGen: 1261315K->210340K(1398272K)] 1412515K->210340K(1861632K), [Metaspace: 60206K->60206K(1105920K)], 0.4888656 secs] [Times: user=2.28 sys=0.00, real=0.49 secs] 
3593.348: [GC (Allocation Failure) [PSYoungGen: 311682K->91840K(503808K)] 522023K->302180K(1902080K), 0.1639657 secs] [Times: user=0.98 sys=0.00, real=0.16 secs] 
3594.171: [GC (Allocation Failure) [PSYoungGen: 399552K->150688K(458752K)] 609892K->449293K(1857024K), 0.0541041 secs] [Times: user=0.32 sys=0.00, real=0.06 secs] 
3597.233: [GC (Allocation Failure) [PSYoungGen: 458400K->90496K(501760K)] 757005K->539997K(1900032K), 0.1457534 secs] [Times: user=0.87 sys=0.00, real=0.15 secs] 
3597.925: [GC (Allocation Failure) [PSYoungGen: 379286K->139168K(442880K)] 828787K->675426K(1841152K), 0.0489351 secs] [Times: user=0.29 sys=0.00, real=0.05 secs] 
3600.432: [GC (Allocation Failure) [PSYoungGen: 442784K->98816K(501760K)] 979042K->765786K(1900032K), 0.1520712 secs] [Times: user=0.91 sys=0.00, real=0.16 secs] 
3601.950: [GC (Allocation Failure) [PSYoungGen: 404992K->145472K(499200K)] 1071962K->907747K(1897472K), 0.0486442 secs] [Times: user=0.28 sys=0.00, real=0.05 secs] 
3604.977: [GC (Allocation Failure) [PSYoungGen: 451648K->99008K(502272K)] 1213923K->997739K(1900544K), 0.1644244 secs] [Times: user=0.97 sys=0.01, real=0.16 secs] 
3606.452: [GC (Allocation Failure) [PSYoungGen: 410304K->150720K(503296K)] 1309035K->1144287K(1901568K), 0.0493219 secs] [Times: user=0.29 sys=0.00, real=0.05 secs] 
3608.030: [GC (Allocation Failure) [PSYoungGen: 462016K->104320K(503296K)] 1455583K->1239635K(1901568K), 0.1073097 secs] [Times: user=0.63 sys=0.00, real=0.11 secs] 
3608.700: [GC (Allocation Failure) [PSYoungGen: 415616K->153312K(464896K)] 1550931K->1389076K(1863168K), 0.0528916 secs] [Times: user=0.31 sys=0.00, real=0.06 secs] 
3608.753: [Full GC (Ergonomics) [PSYoungGen: 153312K->0K(464896K)] [ParOldGen: 1235764K->195220K(1398272K)] 1389076K->195220K(1863168K), [Metaspace: 60328K->60328K(1105920K)], 0.4726855 secs] [Times: user=2.22 sys=0.00, real=0.47 secs] 
3611.764: [GC (Allocation Failure) [PSYoungGen: 311296K->101824K(505344K)] 506516K->297045K(1903616K), 0.0985118 secs] [Times: user=0.58 sys=0.01, real=0.09 secs] 
3613.036: [GC (Allocation Failure) [PSYoungGen: 410560K->149792K(502272K)] 605781K->442293K(1900544K), 0.0495568 secs] [Times: user=0.29 sys=0.00, real=0.05 secs] 
3616.258: [GC (Allocation Failure) [PSYoungGen: 458528K->99776K(502784K)] 751029K->533237K(1901056K), 0.1551617 secs] [Times: user=0.92 sys=0.01, real=0.15 secs] 
3617.628: [GC (Allocation Failure) [PSYoungGen: 409024K->157568K(466944K)] 842485K->686714K(1865216K), 0.0503398 secs] [Times: user=0.30 sys=0.00, real=0.05 secs] 
3619.840: [GC (Allocation Failure) [PSYoungGen: 466816K->99968K(502272K)] 995962K->769250K(1900544K), 0.1423680 secs] [Times: user=0.85 sys=0.00, real=0.14 secs] 
3621.025: [GC (Allocation Failure) [PSYoungGen: 403072K->147296K(499712K)] 1072354K->912751K(1897984K), 0.0500185 secs] [Times: user=0.30 sys=0.01, real=0.05 secs] 
3623.305: [GC (Allocation Failure) [PSYoungGen: 450400K->99648K(498688K)] 1215855K->1003931K(1896960K), 0.1738692 secs] [Times: user=1.04 sys=0.00, real=0.17 secs] 
3624.437: [GC (Allocation Failure) [PSYoungGen: 403776K->145856K(499712K)] 1308059K->1145880K(1897984K), 0.0502818 secs] [Times: user=0.30 sys=0.00, real=0.05 secs] 
3627.022: [GC (Allocation Failure) [PSYoungGen: 449984K->104160K(497152K)] 1450008K->1241148K(1895424K), 0.1676781 secs] [Times: user=0.92 sys=0.00, real=0.17 secs] 
3629.231: [GC (Allocation Failure) [PSYoungGen: 410848K->143008K(499712K)] 1547836K->1381809K(1897984K), 0.0528410 secs] [Times: user=0.31 sys=0.00, real=0.06 secs] 
3629.284: [Full GC (Ergonomics) [PSYoungGen: 143008K->0K(499712K)] [ParOldGen: 1238801K->180916K(1398272K)] 1381809K->180916K(1897984K), [Metaspace: 60328K->60328K(1105920K)], 0.4217781 secs] [Times: user=1.95 sys=0.00, real=0.42 secs] 
3631.715: [GC (Allocation Failure) [PSYoungGen: 306688K->102528K(500224K)] 487604K->283444K(1898496K), 0.0997627 secs] [Times: user=0.59 sys=0.00, real=0.10 secs] 
3633.844: [GC (Allocation Failure) [PSYoungGen: 414848K->148704K(502784K)] 595764K->429077K(1901056K), 0.0519371 secs] [Times: user=0.31 sys=0.00, real=0.05 secs] 
3635.361: [GC (Allocation Failure) [PSYoungGen: 459233K->106816K(504832K)] 739606K->527313K(1903104K), 0.0980015 secs] [Times: user=0.58 sys=0.00, real=0.10 secs] 
3636.079: [GC (Allocation Failure) [PSYoungGen: 422208K->148640K(505344K)] 842705K->673942K(1903616K), 0.0530971 secs] [Times: user=0.31 sys=0.00, real=0.05 secs] 
3638.831: [GC (GCLocker Initiated GC) [PSYoungGen: 464032K->106816K(504320K)] 989334K->771642K(1902592K), 0.1584671 secs] [Times: user=0.93 sys=0.02, real=0.16 secs] 
3639.423: [GC (Allocation Failure) [PSYoungGen: 423232K->162240K(478720K)] 1088093K->929936K(1876992K), 0.0529024 secs] [Times: user=0.31 sys=0.00, real=0.06 secs] 
3642.152: [GC (GCLocker Initiated GC) [PSYoungGen: 478656K->104960K(504832K)] 1246352K->1017892K(1903104K), 0.1507534 secs] [Times: user=0.89 sys=0.00, real=0.15 secs] 
3642.903: [GC (Allocation Failure) [PSYoungGen: 413184K->142336K(451072K)] 1342503K->1172914K(1849344K), 0.2092034 secs] [Times: user=1.26 sys=0.00, real=0.21 secs] 
3646.765: [GC (Allocation Failure) [PSYoungGen: 450560K->90976K(501248K)] 1481138K->1264174K(1899520K), 0.4159741 secs] [Times: user=2.49 sys=0.01, real=0.41 secs] 
3647.573: [GC (Allocation Failure) [PSYoungGen: 385074K->140416K(501248K)] 1558272K->1401007K(1899520K), 0.0501106 secs] [Times: user=0.30 sys=0.00, real=0.05 secs] 
3647.623: [Full GC (Ergonomics) [PSYoungGen: 140416K->0K(501248K)] [ParOldGen: 1260591K->197407K(1398272K)] 1401007K->197407K(1899520K), [Metaspace: 60330K->60330K(1105920K)], 0.4614706 secs] [Times: user=2.07 sys=0.00, real=0.46 secs] 
3651.222: [GC (Allocation Failure) [PSYoungGen: 308224K->99552K(502784K)] 505631K->296959K(1901056K), 0.0989048 secs] [Times: user=0.58 sys=0.00, real=0.10 secs] 
3651.992: [GC (Allocation Failure) [PSYoungGen: 410754K->151680K(503808K)] 608162K->445320K(1902080K), 0.0483979 secs] [Times: user=0.29 sys=0.00, real=0.05 secs] 
3654.378: [GC (Allocation Failure) [PSYoungGen: 465536K->106144K(505344K)] 759176K->543384K(1903616K), 0.1640541 secs] [Times: user=0.97 sys=0.00, real=0.16 secs] 
3654.973: [GC (Allocation Failure) [PSYoungGen: 408474K->145216K(504832K)] 845714K->684657K(1903104K), 0.0501307 secs] [Times: user=0.29 sys=0.00, real=0.05 secs] 
3658.204: [GC (Allocation Failure) [PSYoungGen: 459584K->102496K(504320K)] 999025K->778593K(1902592K), 0.1636962 secs] [Times: user=0.92 sys=0.00, real=0.16 secs] 
3659.274: [GC (Allocation Failure) [PSYoungGen: 408794K->148896K(505856K)] 1084891K->923006K(1904128K), 0.0500530 secs] [Times: user=0.30 sys=0.01, real=0.05 secs] 
3662.124: [GC (Allocation Failure) [PSYoungGen: 465824K->102496K(507392K)] 1239934K->1016970K(1905664K), 0.1736041 secs] [Times: user=1.03 sys=0.00, real=0.17 secs] 
3663.145: [GC (Allocation Failure) [PSYoungGen: 415229K->148256K(506880K)] 1329703K->1161595K(1905152K), 0.0506799 secs] [Times: user=0.30 sys=0.00, real=0.05 secs] 
3665.890: [GC (Allocation Failure) [PSYoungGen: 465696K->103840K(506880K)] 1479035K->1256919K(1905152K), 0.1582523 secs] [Times: user=0.94 sys=0.00, real=0.16 secs] 
3666.797: [GC (Allocation Failure) [PSYoungGen: 409810K->147776K(506880K)] 1562889K->1400896K(1905152K), 0.0498541 secs] [Times: user=0.30 sys=0.00, real=0.05 secs] 
3666.847: [Full GC (Ergonomics) [PSYoungGen: 147776K->0K(506880K)] [ParOldGen: 1253120K->197152K(1398272K)] 1400896K->197152K(1905152K), [Metaspace: 60346K->60346K(1105920K)], 0.4640806 secs] [Times: user=2.15 sys=0.00, real=0.46 secs] 
3670.297: [GC (GCLocker Initiated GC) [PSYoungGen: 317440K->104480K(506368K)] 514593K->301633K(1904640K), 0.0946776 secs] [Times: user=0.56 sys=0.00, real=0.09 secs] 
3670.920: [GC (Allocation Failure) [PSYoungGen: 422432K->154848K(473088K)] 619588K->452924K(1871360K), 0.0509914 secs] [Times: user=0.30 sys=0.00, real=0.05 secs] 
3674.090: [GC (Allocation Failure) [PSYoungGen: 472800K->110368K(508928K)] 770876K->562985K(1907200K), 0.1486204 secs] [Times: user=0.89 sys=0.01, real=0.15 secs] 
3674.550: [GC (Allocation Failure) [PSYoungGen: 425760K->155424K(471040K)] 878377K->699889K(1869312K), 0.0555196 secs] [Times: user=0.33 sys=0.01, real=0.06 secs] 
3678.499: [GC (Allocation Failure) [PSYoungGen: 470816K->91328K(504832K)] 1015281K->790649K(1903104K), 0.1650144 secs] [Times: user=0.98 sys=0.00, real=0.17 secs] 
3679.053: [GC (Allocation Failure) [PSYoungGen: 401600K->153280K(463872K)] 1100921K->938126K(1862144K), 0.0538520 secs] [Times: user=0.32 sys=0.00, real=0.06 secs] 
3682.236: [GC (Allocation Failure) [PSYoungGen: 463552K->92000K(501760K)] 1248398K->1029998K(1900032K), 0.1445848 secs] [Times: user=0.86 sys=0.01, real=0.14 secs] 
3683.160: [GC (Allocation Failure) [PSYoungGen: 395616K->150976K(454656K)] 1333614K->1175227K(1852928K), 0.0544640 secs] [Times: user=0.32 sys=0.00, real=0.06 secs] 
3685.171: [GC (Allocation Failure) [PSYoungGen: 454592K->92192K(500736K)] 1478843K->1267095K(1899008K), 0.1664486 secs] [Times: user=1.00 sys=0.00, real=0.17 secs] 
3685.664: [GC (Allocation Failure) [PSYoungGen: 393248K->148640K(450048K)] 1568151K->1409544K(1848320K), 0.0524028 secs] [Times: user=0.31 sys=0.00, real=0.05 secs] 
3685.716: [Full GC (Ergonomics) [PSYoungGen: 148640K->0K(450048K)] [ParOldGen: 1260904K->207596K(1398272K)] 1409544K->207596K(1848320K), [Metaspace: 60358K->60358K(1105920K)], 0.4870058 secs] [Times: user=2.26 sys=0.00, real=0.49 secs] 
3689.462: [GC (Allocation Failure) [PSYoungGen: 301056K->86592K(499200K)] 508652K->294188K(1897472K), 0.1406690 secs] [Times: user=0.84 sys=0.00, real=0.14 secs] 
3690.337: [GC (Allocation Failure) [PSYoungGen: 385600K->146336K(445440K)] 593196K->436753K(1843712K), 0.0478240 secs] [Times: user=0.29 sys=0.00, real=0.05 secs] 
3692.840: [GC (Allocation Failure) [PSYoungGen: 445344K->99008K(501248K)] 735761K->527417K(1899520K), 0.1728011 secs] [Times: user=1.03 sys=0.01, real=0.17 secs] 
3693.674: [GC (Allocation Failure) [PSYoungGen: 399552K->146560K(498176K)] 827961K->670190K(1896448K), 0.0484608 secs] [Times: user=0.28 sys=0.00, real=0.04 secs] 
3695.894: [GC (Allocation Failure) [PSYoungGen: 447104K->97728K(496640K)] 970734K->759358K(1894912K), 0.1437850 secs] [Times: user=0.85 sys=0.01, real=0.14 secs] 
3697.296: [GC (Allocation Failure) [PSYoungGen: 399808K->148512K(498176K)] 1061438K->903883K(1896448K), 0.0492648 secs] [Times: user=0.29 sys=0.00, real=0.05 secs] 
3699.645: [GC (Allocation Failure) [PSYoungGen: 450592K->97472K(499200K)] 1205963K->992639K(1897472K), 0.1371511 secs] [Times: user=0.82 sys=0.00, real=0.13 secs] 
3701.928: [GC (Allocation Failure) [PSYoungGen: 401600K->142688K(499712K)] 1296767K->1131932K(1897984K), 0.0498161 secs] [Times: user=0.30 sys=0.00, real=0.05 secs] 
3703.686: [GC (Allocation Failure) [PSYoungGen: 446816K->102144K(496640K)] 1436060K->1224972K(1894912K), 0.1596019 secs] [Times: user=0.95 sys=0.00, real=0.16 secs] 
3705.467: [GC (Allocation Failure) [PSYoungGen: 409344K->144480K(499712K)] 1532172K->1366601K(1897984K), 0.0517709 secs] [Times: user=0.31 sys=0.00, real=0.05 secs] 
3705.519: [Full GC (Ergonomics) [PSYoungGen: 144480K->0K(499712K)] [ParOldGen: 1222121K->171762K(1398272K)] 1366601K->171762K(1897984K), [Metaspace: 60366K->60366K(1105920K)], 0.3917677 secs] [Times: user=1.79 sys=0.00, real=0.39 secs] 
3707.819: [GC (Allocation Failure) [PSYoungGen: 307200K->104992K(500736K)] 478962K->276754K(1899008K), 0.1109892 secs] [Times: user=0.66 sys=0.00, real=0.11 secs] 
3709.663: [GC (Allocation Failure) [PSYoungGen: 417312K->145664K(502784K)] 589074K->419615K(1901056K), 0.0525874 secs] [Times: user=0.30 sys=0.00, real=0.05 secs] 
3711.429: [GC (Allocation Failure) [PSYoungGen: 457984K->108448K(502784K)] 731935K->518532K(1901056K), 0.1516405 secs] [Times: user=0.90 sys=0.01, real=0.15 secs] 
3713.101: [GC (Allocation Failure) [PSYoungGen: 424864K->149504K(504832K)] 834948K->665200K(1903104K), 0.0533760 secs] [Times: user=0.32 sys=0.00, real=0.06 secs] 
3715.329: [GC (Allocation Failure) [PSYoungGen: 465920K->108896K(506368K)] 981616K->764472K(1904640K), 0.1691007 secs] [Times: user=1.01 sys=0.00, real=0.17 secs] 
3716.874: [GC (Allocation Failure) [PSYoungGen: 427872K->152096K(506880K)] 1083448K->913573K(1905152K), 0.0543653 secs] [Times: user=0.33 sys=0.00, real=0.05 secs] 
3719.309: [GC (Allocation Failure) [PSYoungGen: 471072K->106272K(507904K)] 1232549K->1011505K(1906176K), 0.1721930 secs] [Times: user=1.03 sys=0.00, real=0.17 secs] 
3720.823: [GC (Allocation Failure) [PSYoungGen: 424224K->153280K(471552K)] 1329457K->1160878K(1869824K), 0.0534158 secs] [Times: user=0.32 sys=0.01, real=0.06 secs] 
3723.878: [GC (Allocation Failure) [PSYoungGen: 471232K->104352K(508416K)] 1478830K->1256142K(1906688K), 0.1790732 secs] [Times: user=1.06 sys=0.00, real=0.18 secs] 
3724.751: [GC (Allocation Failure) [PSYoungGen: 419744K->190432K(505856K)] 1571534K->1456263K(1904128K), 0.0565707 secs] [Times: user=0.34 sys=0.00, real=0.06 secs] 
3724.807: [Full GC (Ergonomics) [PSYoungGen: 190432K->0K(505856K)] [ParOldGen: 1265831K->205108K(1398272K)] 1456263K->205108K(1904128K), [Metaspace: 60367K->60367K(1105920K)], 0.4684212 secs] [Times: user=2.16 sys=0.00, real=0.47 secs] 
3729.223: [GC (Allocation Failure) [PSYoungGen: 315392K->93664K(425984K)] 520500K->298772K(1824256K), 0.1695251 secs] [Times: user=1.01 sys=0.00, real=0.17 secs] 
3729.800: [GC (Allocation Failure) [PSYoungGen: 326624K->114720K(465920K)] 531732K->409981K(1864192K), 0.0526182 secs] [Times: user=0.31 sys=0.00, real=0.05 secs] 
3730.936: [GC (Allocation Failure) [PSYoungGen: 347680K->91232K(465920K)] 642941K->493065K(1864192K), 0.0560367 secs] [Times: user=0.33 sys=0.00, real=0.05 secs] 
3733.296: [GC (Allocation Failure) [PSYoungGen: 324192K->84672K(465920K)] 726025K->577617K(1864192K), 0.0819362 secs] [Times: user=0.49 sys=0.01, real=0.08 secs] 
3733.559: [GC (Allocation Failure) [PSYoungGen: 317632K->117280K(452608K)] 810577K->689531K(1850880K), 0.0489512 secs] [Times: user=0.29 sys=0.00, real=0.05 secs] 
3735.624: [GC (Allocation Failure) [PSYoungGen: 350240K->60128K(459264K)] 922491K->749707K(1857536K), 0.1058867 secs] [Times: user=0.63 sys=0.00, real=0.10 secs] 
3737.224: [GC (Allocation Failure) [PSYoungGen: 293088K->107200K(456192K)] 982667K->854160K(1854464K), 0.0550558 secs] [Times: user=0.32 sys=0.00, real=0.05 secs] 
3737.964: [GC (Allocation Failure) [PSYoungGen: 350600K->159808K(463872K)] 1097560K->1004816K(1862144K), 0.0558940 secs] [Times: user=0.34 sys=0.01, real=0.05 secs] 
3740.559: [GC (Allocation Failure) [PSYoungGen: 405056K->60608K(474112K)] 1250064K->1031776K(1872384K), 0.1242194 secs] [Times: user=0.72 sys=0.00, real=0.12 secs] 
3740.909: [GC (Allocation Failure) [PSYoungGen: 310976K->126880K(377344K)] 1282144K->1152533K(1775616K), 0.0422835 secs] [Times: user=0.25 sys=0.00, real=0.04 secs] 
3742.349: [GC (Allocation Failure) [PSYoungGen: 377248K->79424K(472064K)] 1402901K->1223881K(1870336K), 0.0809966 secs] [Times: user=0.48 sys=0.00, real=0.08 secs] 
3744.621: [GC (Allocation Failure) [PSYoungGen: 333888K->116128K(468480K)] 1478345K->1337794K(1866752K), 0.0575347 secs] [Times: user=0.34 sys=0.00, real=0.06 secs] 
3745.764: [GC (Allocation Failure) [PSYoungGen: 370592K->120512K(478208K)] 1592258K->1448842K(1876480K), 0.0701452 secs] [Times: user=0.36 sys=0.06, real=0.07 secs] 
3745.834: [Full GC (Ergonomics) [PSYoungGen: 120512K->0K(478208K)] [ParOldGen: 1328330K->251831K(1398272K)] 1448842K->251831K(1876480K), [Metaspace: 60367K->60367K(1105920K)], 0.5325595 secs] [Times: user=2.33 sys=0.00, real=0.53 secs] 
3748.959: [GC (Allocation Failure) [PSYoungGen: 273920K->83840K(472064K)] 525751K->335671K(1870336K), 0.0303437 secs] [Times: user=0.17 sys=0.01, real=0.03 secs] 
3749.211: [GC (Allocation Failure) [PSYoungGen: 357760K->136640K(490496K)] 609591K->466464K(1888768K), 0.0510920 secs] [Times: user=0.31 sys=0.00, real=0.05 secs] 
3752.149: [GC (Allocation Failure) [PSYoungGen: 432064K->85536K(491520K)] 761888K->551900K(1889792K), 0.1403349 secs] [Times: user=0.84 sys=0.00, real=0.14 secs] 
3752.527: [GC (Allocation Failure) [PSYoungGen: 380960K->147904K(494592K)] 847324K->694113K(1892864K), 0.0522808 secs] [Times: user=0.31 sys=0.00, real=0.05 secs] 
3755.936: [GC (Allocation Failure) [PSYoungGen: 449984K->87776K(500224K)] 996193K->781945K(1898496K), 0.1622983 secs] [Times: user=0.97 sys=0.00, real=0.16 secs] 
3756.383: [GC (Allocation Failure) [PSYoungGen: 389856K->151072K(492032K)] 1084025K->927482K(1890304K), 0.0529772 secs] [Times: user=0.32 sys=0.00, real=0.06 secs] 
3759.801: [GC (Allocation Failure) [PSYoungGen: 448544K->86624K(498176K)] 1224954K->1014194K(1896448K), 0.1617824 secs] [Times: user=0.97 sys=0.00, real=0.16 secs] 
3760.532: [GC (Allocation Failure) [PSYoungGen: 374682K->141248K(497664K)] 1302252K->1152115K(1895936K), 0.0489504 secs] [Times: user=0.29 sys=0.00, real=0.05 secs] 
3763.105: [GC (Allocation Failure) [PSYoungGen: 441792K->96224K(396800K)] 1452659K->1240223K(1795072K), 0.1669499 secs] [Times: user=1.00 sys=0.00, real=0.16 secs] 
3764.563: [GC (Allocation Failure) [PSYoungGen: 396768K->155776K(489984K)] 1540767K->1392352K(1888256K), 0.0482691 secs] [Times: user=0.29 sys=0.00, real=0.05 secs] 
3764.611: [Full GC (Ergonomics) [PSYoungGen: 155776K->0K(489984K)] [ParOldGen: 1236576K->189680K(1398272K)] 1392352K->189680K(1888256K), [Metaspace: 60367K->60367K(1105920K)], 0.4468061 secs] [Times: user=2.06 sys=0.00, real=0.45 secs] 
3767.033: [GC (Allocation Failure) [PSYoungGen: 295424K->99072K(497152K)] 485104K->288752K(1895424K), 0.0971468 secs] [Times: user=0.57 sys=0.00, real=0.10 secs] 
3768.729: [GC (Allocation Failure) [PSYoungGen: 394496K->139104K(496128K)] 584176K->423925K(1894400K), 0.0487872 secs] [Times: user=0.29 sys=0.00, real=0.05 secs] 
3770.480: [GC (Allocation Failure) [PSYoungGen: 439648K->101792K(497664K)] 724469K->516313K(1895936K), 0.1584049 secs] [Times: user=0.93 sys=0.01, real=0.16 secs] 
3772.979: [GC (Allocation Failure) [PSYoungGen: 402336K->141152K(496640K)] 816857K->654614K(1894912K), 0.0506622 secs] [Times: user=0.30 sys=0.00, real=0.05 secs] 
3774.572: [GC (GCLocker Initiated GC) [PSYoungGen: 445792K->105088K(498176K)] 959254K->750558K(1896448K), 0.0940293 secs] [Times: user=0.56 sys=0.00, real=0.10 secs] 
3776.257: [GC (Allocation Failure) [PSYoungGen: 409728K->141152K(499712K)] 1055246K->889279K(1897984K), 0.0517523 secs] [Times: user=0.31 sys=0.00, real=0.05 secs] 
3777.759: [GC (Allocation Failure) [PSYoungGen: 452448K->107712K(501760K)] 1200575K->987859K(1900032K), 0.1094887 secs] [Times: user=0.65 sys=0.01, real=0.11 secs] 
3780.052: [GC (Allocation Failure) [PSYoungGen: 419008K->143168K(502784K)] 1299155K->1128704K(1901056K), 0.0529100 secs] [Times: user=0.32 sys=0.00, real=0.06 secs] 
3781.822: [GC (Allocation Failure) [PSYoungGen: 460608K->112448K(505344K)] 1446144K->1231696K(1903616K), 0.1618321 secs] [Times: user=0.96 sys=0.00, real=0.17 secs] 
3783.939: [GC (Allocation Failure) [PSYoungGen: 429888K->147488K(504832K)] 1549136K->1376253K(1903104K), 0.0553860 secs] [Times: user=0.33 sys=0.00, real=0.06 secs] 
3783.995: [Full GC (Ergonomics) [PSYoungGen: 147488K->0K(504832K)] [ParOldGen: 1228765K->173702K(1398272K)] 1376253K->173702K(1903104K), [Metaspace: 60367K->60367K(1105920K)], 0.4056859 secs] [Times: user=1.87 sys=0.00, real=0.40 secs] 
3786.560: [GC (Allocation Failure) [PSYoungGen: 322048K->109536K(508416K)] 495750K->283238K(1906688K), 0.1000189 secs] [Times: user=0.60 sys=0.00, real=0.10 secs] 
3788.695: [GC (Allocation Failure) [PSYoungGen: 431584K->152416K(505344K)] 605286K->432987K(1903616K), 0.0543934 secs] [Times: user=0.33 sys=0.00, real=0.05 secs] 
3790.394: [GC (Allocation Failure) [PSYoungGen: 475488K->109792K(510976K)] 756059K->534023K(1909248K), 0.1062753 secs] [Times: user=0.62 sys=0.00, real=0.10 secs] 
3791.384: [GC (Allocation Failure) [PSYoungGen: 423974K->153504K(504832K)] 848205K->683612K(1903104K), 0.0532574 secs] [Times: user=0.32 sys=0.00, real=0.05 secs] 
3794.935: [GC (Allocation Failure) [PSYoungGen: 474528K->105408K(509952K)] 1004636K->780312K(1908224K), 0.1672186 secs] [Times: user=0.99 sys=0.00, real=0.16 secs] 
3796.314: [GC (Allocation Failure) [PSYoungGen: 426432K->155200K(502272K)] 1101336K->931681K(1900544K), 0.0516315 secs] [Times: user=0.31 sys=0.00, real=0.05 secs] 
3798.996: [GC (Allocation Failure) [PSYoungGen: 469261K->95072K(507392K)] 1245743K->1026641K(1905664K), 0.1565458 secs] [Times: user=0.94 sys=0.01, real=0.15 secs] 
3799.797: [GC (Allocation Failure) [PSYoungGen: 410976K->153120K(499712K)] 1342545K->1175666K(1897984K), 0.0560184 secs] [Times: user=0.33 sys=0.00, real=0.05 secs] 
3802.896: [GC (Allocation Failure) [PSYoungGen: 459624K->90016K(503808K)] 1482171K->1265310K(1902080K), 0.1556532 secs] [Times: user=0.92 sys=0.00, real=0.15 secs] 
3803.311: [GC (Allocation Failure) [PSYoungGen: 398752K->151424K(498176K)] 1574046K->1413059K(1896448K), 0.0550212 secs] [Times: user=0.32 sys=0.00, real=0.06 secs] 
3803.366: [Full GC (Ergonomics) [PSYoungGen: 151424K->0K(498176K)] [ParOldGen: 1261635K->210363K(1398272K)] 1413059K->210363K(1896448K), [Metaspace: 60368K->60368K(1105920K)], 0.4815113 secs] [Times: user=2.25 sys=0.00, real=0.48 secs] 
3806.913: [GC (Allocation Failure) [PSYoungGen: 303616K->91360K(501248K)] 513979K->301723K(1899520K), 0.1408374 secs] [Times: user=0.84 sys=0.00, real=0.15 secs] 
3807.656: [GC (Allocation Failure) [PSYoungGen: 394976K->147232K(499200K)] 605339K->445040K(1897472K), 0.0514848 secs] [Times: user=0.31 sys=0.01, real=0.05 secs] 
3811.159: [GC (Allocation Failure) [PSYoungGen: 449824K->89120K(500736K)] 747632K->533888K(1899008K), 0.1717854 secs] [Times: user=1.02 sys=0.00, real=0.17 secs] 
3811.830: [GC (Allocation Failure) [PSYoungGen: 390575K->144704K(499712K)] 835344K->674933K(1897984K), 0.0492615 secs] [Times: user=0.29 sys=0.00, real=0.05 secs] 
3814.656: [GC (GCLocker Initiated GC) [PSYoungGen: 447296K->96320K(399360K)] 977525K->762789K(1797632K), 0.1535309 secs] [Times: user=0.92 sys=0.00, real=0.15 secs] 
3815.702: [GC (Allocation Failure) [PSYoungGen: 398912K->147296K(497152K)] 1065384K->906309K(1895424K), 0.0490220 secs] [Times: user=0.29 sys=0.00, real=0.05 secs] 
3817.532: [GC (Allocation Failure) [PSYoungGen: 448864K->99872K(499200K)] 1207877K->997613K(1897472K), 0.1688486 secs] [Times: user=0.99 sys=0.01, real=0.17 secs] 
3819.222: [GC (Allocation Failure) [PSYoungGen: 401440K->144512K(499200K)] 1299181K->1137894K(1897472K), 0.0504969 secs] [Times: user=0.30 sys=0.00, real=0.05 secs] 
3821.697: [GC (Allocation Failure) [PSYoungGen: 449152K->102592K(500224K)] 1442534K->1231122K(1898496K), 0.1631611 secs] [Times: user=0.97 sys=0.00, real=0.16 secs] 
3823.678: [GC (Allocation Failure) [PSYoungGen: 407232K->144160K(499200K)] 1535762K->1372434K(1897472K), 0.0521516 secs] [Times: user=0.31 sys=0.00, real=0.05 secs] 
3823.730: [Full GC (Ergonomics) [PSYoungGen: 144160K->0K(499200K)] [ParOldGen: 1228274K->177962K(1398272K)] 1372434K->177962K(1897472K), [Metaspace: 60370K->60370K(1105920K)], 0.4203162 secs] [Times: user=1.96 sys=0.00, real=0.42 secs] 
3826.185: [GC (Allocation Failure) [PSYoungGen: 307200K->104992K(500736K)] 485162K->282954K(1899008K), 0.1106731 secs] [Times: user=0.66 sys=0.00, real=0.11 secs] 
3827.641: [GC (Allocation Failure) [PSYoungGen: 412192K->144576K(500736K)] 590154K->424771K(1899008K), 0.0521666 secs] [Times: user=0.31 sys=0.00, real=0.06 secs] 
3829.945: [GC (Allocation Failure) [PSYoungGen: 455872K->106752K(502784K)] 736067K->522895K(1901056K), 0.1701828 secs] [Times: user=1.02 sys=0.00, real=0.17 secs] 
3831.553: [GC (Allocation Failure) [PSYoungGen: 418048K->147616K(502272K)] 834191K->667291K(1900544K), 0.0526753 secs] [Times: user=0.31 sys=0.00, real=0.05 secs] 
3834.028: [GC (Allocation Failure) [PSYoungGen: 462496K->106496K(505344K)] 982171K->764512K(1903616K), 0.1678190 secs] [Times: user=1.00 sys=0.00, real=0.17 secs] 
3836.427: [GC (Allocation Failure) [PSYoungGen: 421376K->148480K(504832K)] 1079392K->910440K(1903104K), 0.0528489 secs] [Times: user=0.31 sys=0.00, real=0.05 secs] 
3838.956: [GC (Allocation Failure) [PSYoungGen: 466432K->105824K(507904K)] 1228392K->1007448K(1906176K), 0.1447180 secs] [Times: user=0.86 sys=0.01, real=0.14 secs] 
3840.738: [GC (Allocation Failure) [PSYoungGen: 423776K->153984K(501760K)] 1325400K->1156865K(1900032K), 0.0528898 secs] [Times: user=0.32 sys=0.01, real=0.05 secs] 
3842.802: [GC (Allocation Failure) [PSYoungGen: 468864K->107840K(506880K)] 1471745K->1255597K(1905152K), 0.1834113 secs] [Times: user=1.02 sys=0.01, real=0.19 secs] 
3843.626: [GC (Allocation Failure) [PSYoungGen: 419626K->148032K(505344K)] 1567384K->1399950K(1903616K), 0.0522766 secs] [Times: user=0.31 sys=0.00, real=0.05 secs] 
3843.678: [Full GC (Ergonomics) [PSYoungGen: 148032K->0K(505344K)] [ParOldGen: 1251918K->197488K(1398272K)] 1399950K->197488K(1903616K), [Metaspace: 60370K->60370K(1105920K)], 0.4783042 secs] [Times: user=2.23 sys=0.00, real=0.48 secs] 
3847.131: [GC (Allocation Failure) [PSYoungGen: 316928K->105216K(507904K)] 514416K->302704K(1906176K), 0.0979348 secs] [Times: user=0.58 sys=0.00, real=0.10 secs] 
3847.959: [GC (Allocation Failure) [PSYoungGen: 406456K->145920K(506880K)] 603945K->444865K(1905152K), 0.0495068 secs] [Times: user=0.29 sys=0.00, real=0.05 secs] 
3850.591: [GC (Allocation Failure) [PSYoungGen: 464384K->108384K(507904K)] 763329K->544381K(1906176K), 0.1581694 secs] [Times: user=0.94 sys=0.00, real=0.16 secs] 
3851.296: [GC (Allocation Failure) [PSYoungGen: 426848K->156160K(501760K)] 862845K->696590K(1900032K), 0.0527606 secs] [Times: user=0.32 sys=0.00, real=0.05 secs] 
3855.535: [GC (Allocation Failure) [PSYoungGen: 471040K->93504K(506880K)] 1011470K->790070K(1905152K), 0.1578234 secs] [Times: user=0.94 sys=0.00, real=0.16 secs] 
3856.315: [GC (Allocation Failure) [PSYoungGen: 408384K->155584K(498176K)] 1104950K->940043K(1896448K), 0.0554790 secs] [Times: user=0.33 sys=0.00, real=0.05 secs] 
3860.649: [GC (Allocation Failure) [PSYoungGen: 461156K->86816K(393728K)] 1245616K->1026755K(1792000K), 0.1494450 secs] [Times: user=0.89 sys=0.00, real=0.15 secs] 
3861.203: [GC (Allocation Failure) [PSYoungGen: 393504K->150176K(497152K)] 1333443K->1173108K(1895424K), 0.0535275 secs] [Times: user=0.32 sys=0.00, real=0.05 secs] 
3864.936: [GC (Allocation Failure) [PSYoungGen: 450720K->85856K(499712K)] 1473652K->1259148K(1897984K), 0.1346674 secs] [Times: user=0.80 sys=0.00, real=0.13 secs] 
3866.363: [GC (Allocation Failure) [PSYoungGen: 382411K->144512K(499200K)] 1555704K->1400070K(1897472K), 0.0496552 secs] [Times: user=0.29 sys=0.00, real=0.05 secs] 
3866.412: [Full GC (Ergonomics) [PSYoungGen: 144512K->0K(499200K)] [ParOldGen: 1255558K->197246K(1398272K)] 1400070K->197246K(1897472K), [Metaspace: 60380K->60380K(1105920K)], 0.4637433 secs] [Times: user=2.14 sys=0.00, real=0.47 secs] 
3868.551: [GC (Allocation Failure) [PSYoungGen: 300544K->95168K(395776K)] 497790K->292414K(1794048K), 0.0818120 secs] [Times: user=0.48 sys=0.00, real=0.08 secs] 
3869.435: [GC (Allocation Failure) [PSYoungGen: 395712K->147616K(495104K)] 592958K->435799K(1893376K), 0.0469415 secs] [Times: user=0.28 sys=0.00, real=0.04 secs] 
3872.125: [GC (Allocation Failure) [PSYoungGen: 444706K->99200K(497664K)] 732889K->526475K(1895936K), 0.1609163 secs] [Times: user=0.95 sys=0.00, real=0.16 secs] 
3873.156: [GC (Allocation Failure) [PSYoungGen: 397696K->143168K(498176K)] 824971K->666640K(1896448K), 0.0491470 secs] [Times: user=0.30 sys=0.00, real=0.05 secs] 
3875.421: [GC (Allocation Failure) [PSYoungGen: 445760K->100608K(498688K)] 969232K->758336K(1896960K), 0.1682289 secs] [Times: user=1.01 sys=0.01, real=0.17 secs] 
3877.788: [GC (Allocation Failure) [PSYoungGen: 403200K->142976K(499200K)] 1060928K->898469K(1897472K), 0.0506905 secs] [Times: user=0.30 sys=0.00, real=0.05 secs] 
3879.469: [GC (Allocation Failure) [PSYoungGen: 449152K->103072K(500224K)] 1204645K->992573K(1898496K), 0.0762758 secs] [Times: user=0.46 sys=0.00, real=0.08 secs] 
3881.951: [GC (Allocation Failure) [PSYoungGen: 409248K->143392K(501248K)] 1298749K->1133058K(1899520K), 0.0515939 secs] [Times: user=0.31 sys=0.00, real=0.05 secs] 
3884.067: [GC (Allocation Failure) [PSYoungGen: 454176K->105920K(502272K)] 1443842K->1229618K(1900544K), 0.1631349 secs] [Times: user=0.90 sys=0.00, real=0.16 secs] 
3885.509: [GC (Allocation Failure) [PSYoungGen: 416704K->142368K(503808K)] 1540402K->1369475K(1902080K), 0.0528504 secs] [Times: user=0.31 sys=0.01, real=0.05 secs] 
3885.562: [Full GC (Ergonomics) [PSYoungGen: 142368K->0K(503808K)] [ParOldGen: 1227107K->167877K(1398272K)] 1369475K->167877K(1902080K), [Metaspace: 60384K->60384K(1105920K)], 0.3972761 secs] [Times: user=1.84 sys=0.00, real=0.40 secs] 
3887.383: [GC (Allocation Failure) [PSYoungGen: 315904K->110656K(504832K)] 483781K->278533K(1903104K), 0.0700426 secs] [Times: user=0.41 sys=0.01, real=0.07 secs] 
3890.189: [GC (Allocation Failure) [PSYoungGen: 426560K->148512K(503808K)] 594437K->424021K(1902080K), 0.0548451 secs] [Times: user=0.32 sys=0.00, real=0.06 secs] 
3891.980: [GC (Allocation Failure) [PSYoungGen: 467488K->110432K(506880K)] 742997K->525037K(1905152K), 0.1648299 secs] [Times: user=0.98 sys=0.00, real=0.17 secs] 
3893.871: [GC (Allocation Failure) [PSYoungGen: 429408K->151072K(506368K)] 844013K->672882K(1904640K), 0.0539331 secs] [Times: user=0.32 sys=0.01, real=0.06 secs] 
3895.703: [GC (Allocation Failure) [PSYoungGen: 473120K->112736K(510464K)] 994930K->776454K(1908736K), 0.1249661 secs] [Times: user=0.75 sys=0.01, real=0.13 secs] 
3897.740: [GC (Allocation Failure) [PSYoungGen: 434784K->150208K(506880K)] 1098502K->923023K(1905152K), 0.0536977 secs] [Times: user=0.31 sys=0.00, real=0.06 secs] 
3901.614: [GC (Allocation Failure) [PSYoungGen: 472768K->107616K(510464K)] 1245583K->1021275K(1908736K), 0.1694053 secs] [Times: user=1.00 sys=0.00, real=0.17 secs] 
3903.115: [GC (Allocation Failure) [PSYoungGen: 430176K->154528K(504320K)] 1343835K->1171932K(1902592K), 0.0536022 secs] [Times: user=0.32 sys=0.00, real=0.05 secs] 
3907.067: [GC (Allocation Failure) [PSYoungGen: 473504K->102240K(508928K)] 1490908K->1273464K(1907200K), 0.1501048 secs] [Times: user=0.90 sys=0.00, real=0.15 secs] 
3908.066: [GC (Allocation Failure) [PSYoungGen: 421216K->158048K(499200K)] 1592440K->1421407K(1897472K), 0.0568854 secs] [Times: user=0.34 sys=0.00, real=0.05 secs] 
3908.123: [Full GC (Ergonomics) [PSYoungGen: 158048K->0K(499200K)] [ParOldGen: 1263359K->218525K(1398272K)] 1421407K->218525K(1897472K), [Metaspace: 60393K->60393K(1105920K)], 0.5017364 secs] [Times: user=2.33 sys=0.00, real=0.51 secs] 
3912.191: [GC (Allocation Failure) [PSYoungGen: 310784K->91840K(504832K)] 529309K->310365K(1903104K), 0.1200346 secs] [Times: user=0.71 sys=0.01, real=0.12 secs] 
3912.600: [GC (Allocation Failure) [PSYoungGen: 402624K->155552K(496640K)] 621149K->460154K(1894912K), 0.0538542 secs] [Times: user=0.32 sys=0.00, real=0.06 secs] 
3916.279: [GC (Allocation Failure) [PSYoungGen: 458144K->88576K(500736K)] 762746K->548842K(1899008K), 0.1646025 secs] [Times: user=0.99 sys=0.00, real=0.17 secs] 
3916.881: [GC (Allocation Failure) [PSYoungGen: 391168K->151488K(495616K)] 851434K->694803K(1893888K), 0.0543212 secs] [Times: user=0.32 sys=0.00, real=0.06 secs] 
3919.624: [GC (Allocation Failure) [PSYoungGen: 448960K->88032K(498176K)] 992275K->782967K(1896448K), 0.1584091 secs] [Times: user=0.94 sys=0.00, real=0.15 secs] 
3920.471: [GC (Allocation Failure) [PSYoungGen: 385504K->147744K(495616K)] 1080439K->924544K(1893888K), 0.0524813 secs] [Times: user=0.31 sys=0.00, real=0.06 secs] 
3924.265: [GC (Allocation Failure) [PSYoungGen: 443168K->86848K(497152K)] 1219968K->1011052K(1895424K), 0.1589364 secs] [Times: user=0.95 sys=0.00, real=0.16 secs] 
3925.409: [GC (Allocation Failure) [PSYoungGen: 382272K->143936K(496640K)] 1306476K->1149145K(1894912K), 0.0479492 secs] [Times: user=0.29 sys=0.00, real=0.05 secs] 
3928.076: [GC (Allocation Failure) [PSYoungGen: 440384K->96416K(393216K)] 1445593K->1237161K(1791488K), 0.1625474 secs] [Times: user=0.97 sys=0.01, real=0.16 secs] 
3930.493: [GC (Allocation Failure) [PSYoungGen: 392864K->142880K(496128K)] 1533609K->1375602K(1894400K), 0.0488578 secs] [Times: user=0.29 sys=0.00, real=0.05 secs] 
3930.542: [Full GC (Ergonomics) [PSYoungGen: 142880K->0K(496128K)] [ParOldGen: 1232722K->180363K(1398272K)] 1375602K->180363K(1894400K), [Metaspace: 60408K->60408K(1105920K)], 0.4295330 secs] [Times: user=2.00 sys=0.00, real=0.43 secs] 
3932.735: [GC (Allocation Failure) [PSYoungGen: 297984K->98048K(496128K)] 478347K->278411K(1894400K), 0.0995276 secs] [Times: user=0.58 sys=0.01, real=0.10 secs] 
3934.421: [GC (Allocation Failure) [PSYoungGen: 396032K->140480K(497664K)] 576395K->416296K(1895936K), 0.0493389 secs] [Times: user=0.29 sys=0.00, real=0.05 secs] 
3935.887: [GC (Allocation Failure) [PSYoungGen: 443072K->104608K(497664K)] 718888K->511912K(1895936K), 0.1011380 secs] [Times: user=0.60 sys=0.00, real=0.10 secs] 
3937.314: [GC (Allocation Failure) [PSYoungGen: 407200K->141280K(499200K)] 814504K->651917K(1897472K), 0.1078442 secs] [Times: user=0.64 sys=0.00, real=0.10 secs] 
3939.328: [GC (Allocation Failure) [PSYoungGen: 449504K->105856K(499712K)] 960141K->749525K(1897984K), 0.0910276 secs] [Times: user=0.54 sys=0.00, real=0.09 secs] 
3941.817: [GC (Allocation Failure) [PSYoungGen: 414080K->140544K(503296K)] 1057749K->887553K(1901568K), 0.0522126 secs] [Times: user=0.31 sys=0.00, real=0.05 secs] 
3943.503: [GC (Allocation Failure) [PSYoungGen: 456448K->110944K(503808K)] 1203457K->989109K(1902080K), 0.1314470 secs] [Times: user=0.78 sys=0.00, real=0.14 secs] 
3945.943: [GC (Allocation Failure) [PSYoungGen: 426848K->147168K(504320K)] 1305013K->1134050K(1902592K), 0.0548746 secs] [Times: user=0.32 sys=0.00, real=0.05 secs] 
3948.480: [GC (Allocation Failure) [PSYoungGen: 467680K->109600K(507392K)] 1454562K->1234398K(1905664K), 0.1524170 secs] [Times: user=0.91 sys=0.01, real=0.15 secs] 
3949.807: [GC (Allocation Failure) [PSYoungGen: 430112K->151616K(506368K)] 1554910K->1383071K(1904640K), 0.0540098 secs] [Times: user=0.32 sys=0.00, real=0.05 secs] 
3949.861: [Full GC (Ergonomics) [PSYoungGen: 151616K->0K(506368K)] [ParOldGen: 1231455K->180039K(1398272K)] 1383071K->180039K(1904640K), [Metaspace: 60412K->60412K(1105920K)], 0.4180189 secs] [Times: user=1.93 sys=0.00, real=0.42 secs] 
3953.074: [GC (Allocation Failure) [PSYoungGen: 323072K->113728K(510976K)] 503111K->293767K(1909248K), 0.0931327 secs] [Times: user=0.55 sys=0.00, real=0.09 secs] 
3954.926: [GC (GCLocker Initiated GC) [PSYoungGen: 436800K->156160K(503808K)] 616840K->443849K(1902080K), 0.0540365 secs] [Times: user=0.32 sys=0.00, real=0.05 secs] 
3957.971: [GC (Allocation Failure) [PSYoungGen: 476160K->108896K(509440K)] 763883K->544280K(1907712K), 0.1495759 secs] [Times: user=0.89 sys=0.00, real=0.15 secs] 
3958.924: [GC (Allocation Failure) [PSYoungGen: 415329K->146752K(508416K)] 850713K->685248K(1906688K), 0.0507762 secs] [Times: user=0.30 sys=0.01, real=0.05 secs] 
3962.038: [GC (Allocation Failure) [PSYoungGen: 468800K->108544K(431104K)] 1007296K->784985K(1829376K), 0.1630855 secs] [Times: user=0.97 sys=0.00, real=0.16 secs] 
3962.862: [GC (Allocation Failure) [PSYoungGen: 430592K->154720K(504320K)] 1107033K->936269K(1902592K), 0.0530530 secs] [Times: user=0.32 sys=0.01, real=0.06 secs] 
3966.270: [GC (Allocation Failure) [PSYoungGen: 473696K->95968K(508928K)] 1255245K->1031673K(1907200K), 0.1465257 secs] [Times: user=0.88 sys=0.00, real=0.15 secs] 
3967.148: [GC (Allocation Failure) [PSYoungGen: 414944K->159456K(497664K)] 1350649K->1185499K(1895936K), 0.0571981 secs] [Times: user=0.34 sys=0.00, real=0.06 secs] 
3971.040: [GC (Allocation Failure) [PSYoungGen: 467168K->90688K(503296K)] 1493211K->1276243K(1901568K), 0.1578067 secs] [Times: user=0.94 sys=0.00, real=0.16 secs] 
3971.589: [GC (GCLocker Initiated GC) [PSYoungGen: 398400K->152832K(497152K)] 1583955K->1422972K(1895424K), 0.0551616 secs] [Times: user=0.32 sys=0.00, real=0.06 secs] 
3971.644: [Full GC (Ergonomics) [PSYoungGen: 152832K->0K(497152K)] [ParOldGen: 1270140K->217513K(1398272K)] 1422972K->217513K(1895424K), [Metaspace: 60412K->60412K(1105920K)], 0.5027738 secs] [Times: user=2.35 sys=0.00, real=0.50 secs] 
3976.403: [GC (Allocation Failure) [PSYoungGen: 301568K->87136K(500224K)] 519088K->304656K(1898496K), 0.1156484 secs] [Times: user=0.56 sys=0.01, real=0.11 secs] 
3977.312: [GC (Allocation Failure) [PSYoungGen: 388704K->149248K(496128K)] 606224K->451917K(1894400K), 0.0464802 secs] [Times: user=0.27 sys=0.00, real=0.05 secs] 
3980.111: [GC (Allocation Failure) [PSYoungGen: 446720K->89568K(498176K)] 749389K->541277K(1896448K), 0.1481498 secs] [Times: user=0.88 sys=0.01, real=0.15 secs] 
3981.143: [GC (Allocation Failure) [PSYoungGen: 385290K->141184K(495104K)] 836999K->678778K(1893376K), 0.0482656 secs] [Times: user=0.29 sys=0.00, real=0.05 secs] 
3984.791: [GC (Allocation Failure) [PSYoungGen: 439680K->95552K(497152K)] 977274K->765714K(1895424K), 0.1529090 secs] [Times: user=0.91 sys=0.01, real=0.16 secs] 
3986.458: [GC (Allocation Failure) [PSYoungGen: 394048K->145760K(498176K)] 1064210K->907118K(1896448K), 0.0478068 secs] [Times: user=0.28 sys=0.00, real=0.05 secs] 
3988.710: [GC (Allocation Failure) [PSYoungGen: 447840K->100697K(499712K)] 1209198K->999016K(1897984K), 0.1682156 secs] [Times: user=1.00 sys=0.00, real=0.17 secs] 
3990.599: [GC (Allocation Failure) [PSYoungGen: 402777K->144160K(498688K)] 1301096K->1139935K(1896960K), 0.0501306 secs] [Times: user=0.30 sys=0.00, real=0.05 secs] 
3993.286: [GC (Allocation Failure) [PSYoungGen: 448288K->101184K(499712K)] 1444063K->1232363K(1897984K), 0.1074936 secs] [Times: user=0.64 sys=0.00, real=0.11 secs] 
3994.854: [GC (Allocation Failure) [PSYoungGen: 405312K->144608K(499200K)] 1536491K->1373968K(1897472K), 0.0510631 secs] [Times: user=0.31 sys=0.00, real=0.05 secs] 
3994.905: [Full GC (Ergonomics) [PSYoungGen: 144608K->0K(499200K)] [ParOldGen: 1229360K->176521K(1398272K)] 1373968K->176521K(1897472K), [Metaspace: 60413K->60413K(1105920K)], 0.4251625 secs] [Times: user=1.98 sys=0.00, real=0.42 secs] 
3996.833: [GC (Allocation Failure) [PSYoungGen: 307200K->103520K(500736K)] 483721K->280041K(1899008K), 0.0934041 secs] [Times: user=0.52 sys=0.00, real=0.10 secs] 
3998.406: [GC (Allocation Failure) [PSYoungGen: 410720K->145792K(501248K)] 587241K->422786K(1899520K), 0.0520328 secs] [Times: user=0.31 sys=0.00, real=0.05 secs] 
4000.621: [GC (Allocation Failure) [PSYoungGen: 457088K->106720K(503296K)] 734082K->520282K(1901568K), 0.1613662 secs] [Times: user=0.96 sys=0.00, real=0.16 secs] 
4002.584: [GC (Allocation Failure) [PSYoungGen: 418016K->147168K(502784K)] 831578K->664987K(1901056K), 0.0525792 secs] [Times: user=0.31 sys=0.00, real=0.05 secs] 
4004.330: [GC (Allocation Failure) [PSYoungGen: 461536K->109184K(505344K)] 979355K->765299K(1903616K), 0.1490230 secs] [Times: user=0.87 sys=0.01, real=0.15 secs] 
4006.063: [GC (Allocation Failure) [PSYoungGen: 423552K->149984K(502784K)] 1079667K->911847K(1901056K), 0.0530908 secs] [Times: user=0.32 sys=0.00, real=0.05 secs] 
4009.030: [GC (Allocation Failure) [PSYoungGen: 465888K->103168K(506368K)] 1227751K->1006432K(1904640K), 0.1682534 secs] [Times: user=1.00 sys=0.00, real=0.17 secs] 
4011.076: [GC (Allocation Failure) [PSYoungGen: 419072K->154208K(500736K)] 1322336K->1156540K(1899008K), 0.0523476 secs] [Times: user=0.31 sys=0.00, real=0.05 secs] 
4013.756: [GC (Allocation Failure) [PSYoungGen: 467040K->104000K(505856K)] 1469372K->1251812K(1904128K), 0.1701172 secs] [Times: user=1.02 sys=0.00, real=0.17 secs] 
4015.301: [GC (Allocation Failure) [PSYoungGen: 416832K->150752K(502272K)] 1564644K->1398933K(1900544K), 0.0515692 secs] [Times: user=0.30 sys=0.00, real=0.05 secs] 
4015.352: [Full GC (Ergonomics) [PSYoungGen: 150752K->0K(502272K)] [ParOldGen: 1248181K->195188K(1398272K)] 1398933K->195188K(1900544K), [Metaspace: 60414K->60414K(1105920K)], 0.4553909 secs] [Times: user=2.12 sys=0.00, real=0.46 secs] 
4018.695: [GC (Allocation Failure) [PSYoungGen: 311808K->100864K(505344K)] 506996K->296052K(1903616K), 0.0339486 secs] [Times: user=0.20 sys=0.00, real=0.03 secs] 
4019.986: [GC (Allocation Failure) [PSYoungGen: 412672K->152576K(500224K)] 607860K->445077K(1898496K), 0.0498358 secs] [Times: user=0.30 sys=0.00, real=0.05 secs] 
4022.800: [GC (Allocation Failure) [PSYoungGen: 461312K->101696K(503808K)] 753813K->538693K(1902080K), 0.1665877 secs] [Times: user=0.99 sys=0.00, real=0.17 secs] 
4024.621: [GC (Allocation Failure) [PSYoungGen: 410432K->150272K(501248K)] 847429K->682890K(1899520K), 0.0494984 secs] [Times: user=0.29 sys=0.00, real=0.05 secs] 
4027.232: [GC (Allocation Failure) [PSYoungGen: 459008K->100288K(503808K)] 991626K->774706K(1902080K), 0.1691575 secs] [Times: user=1.01 sys=0.01, real=0.17 secs] 
4028.816: [GC (Allocation Failure) [PSYoungGen: 409024K->151904K(498688K)] 1083442K->923151K(1896960K), 0.0499332 secs] [Times: user=0.29 sys=0.00, real=0.05 secs] 
4031.515: [GC (Allocation Failure) [PSYoungGen: 457568K->98528K(502272K)] 1228815K->1013607K(1900544K), 0.1780899 secs] [Times: user=1.07 sys=0.00, real=0.18 secs] 
4032.874: [GC (Allocation Failure) [PSYoungGen: 404192K->150144K(499200K)] 1319271K->1160032K(1897472K), 0.0490670 secs] [Times: user=0.30 sys=0.00, real=0.05 secs] 
4035.613: [GC (Allocation Failure) [PSYoungGen: 454784K->99552K(501760K)] 1464672K->1251472K(1900032K), 0.1663166 secs] [Times: user=0.99 sys=0.00, real=0.17 secs] 
4037.172: [GC (Allocation Failure) [PSYoungGen: 404192K->147584K(500224K)] 1556112K->1395317K(1898496K), 0.0500683 secs] [Times: user=0.30 sys=0.00, real=0.05 secs] 
4037.222: [Full GC (Ergonomics) [PSYoungGen: 147584K->0K(500224K)] [ParOldGen: 1247733K->190340K(1398272K)] 1395317K->190340K(1898496K), [Metaspace: 60421K->60421K(1105920K)], 0.4601468 secs] [Times: user=2.15 sys=0.00, real=0.46 secs] 
4039.688: [GC (Allocation Failure) [PSYoungGen: 305664K->100192K(501760K)] 496004K->290532K(1900032K), 0.0981447 secs] [Times: user=0.58 sys=0.00, real=0.10 secs] 
4041.536: [GC (Allocation Failure) [PSYoungGen: 405856K->146400K(501248K)] 596196K->432721K(1899520K), 0.0491322 secs] [Times: user=0.29 sys=0.00, real=0.05 secs] 
4044.123: [GC (Allocation Failure) [PSYoungGen: 453600K->102944K(410624K)] 739921K->526517K(1808896K), 0.1619085 secs] [Times: user=0.96 sys=0.01, real=0.17 secs] 
4046.111: [GC (Allocation Failure) [PSYoungGen: 410144K->148512K(499200K)] 833717K->672146K(1897472K), 0.0509981 secs] [Times: user=0.31 sys=0.00, real=0.05 secs] 
4048.162: [GC (Allocation Failure) [PSYoungGen: 455712K->100832K(501760K)] 979346K->764746K(1900032K), 0.1606405 secs] [Times: user=0.84 sys=0.00, real=0.16 secs] 
4050.477: [GC (Allocation Failure) [PSYoungGen: 408032K->146528K(502784K)] 1071946K->908175K(1901056K), 0.0506354 secs] [Times: user=0.30 sys=0.00, real=0.05 secs] 
4052.565: [GC (Allocation Failure) [PSYoungGen: 455535K->105280K(416256K)] 1217182K->1004747K(1814528K), 0.1720095 secs] [Times: user=1.02 sys=0.00, real=0.17 secs] 
4054.932: [GC (Allocation Failure) [PSYoungGen: 416064K->146880K(501760K)] 1315531K->1148748K(1900032K), 0.0524012 secs] [Times: user=0.31 sys=0.01, real=0.06 secs] 
4056.850: [GC (Allocation Failure) [PSYoungGen: 458176K->105504K(503808K)] 1460044K->1245268K(1902080K), 0.1492151 secs] [Times: user=0.88 sys=0.00, real=0.15 secs] 
4058.736: [GC (Allocation Failure) [PSYoungGen: 416800K->148416K(502784K)] 1556564K->1389693K(1901056K), 0.0533814 secs] [Times: user=0.32 sys=0.00, real=0.05 secs] 
4058.789: [Full GC (Ergonomics) [PSYoungGen: 148416K->0K(502784K)] [ParOldGen: 1241277K->186316K(1398272K)] 1389693K->186316K(1901056K), [Metaspace: 60424K->60424K(1105920K)], 0.4446383 secs] [Times: user=2.06 sys=0.00, real=0.45 secs] 
4062.474: [GC (Allocation Failure) [PSYoungGen: 313344K->105856K(505344K)] 499660K->292172K(1903616K), 0.0971795 secs] [Times: user=0.57 sys=0.00, real=0.09 secs] 
4064.238: [GC (Allocation Failure) [PSYoungGen: 419200K->150432K(503296K)] 605516K->436877K(1901568K), 0.0518203 secs] [Times: user=0.31 sys=0.00, real=0.05 secs] 
4066.138: [GC (Allocation Failure) [PSYoungGen: 464800K->107264K(506368K)] 751245K->535273K(1904640K), 0.1750072 secs] [Times: user=1.04 sys=0.01, real=0.17 secs] 
4067.229: [GC (Allocation Failure) [PSYoungGen: 421632K->151648K(502784K)] 849641K->682601K(1901056K), 0.0519006 secs] [Times: user=0.31 sys=0.00, real=0.05 secs] 
4070.022: [GC (Allocation Failure) [PSYoungGen: 465504K->108448K(506368K)] 996457K->781785K(1904640K), 0.1644583 secs] [Times: user=0.98 sys=0.01, real=0.17 secs] 
4071.142: [GC (Allocation Failure) [PSYoungGen: 407674K->142720K(504832K)] 1081012K->920994K(1903104K), 0.0513372 secs] [Times: user=0.31 sys=0.01, real=0.05 secs] 
4074.474: [GC (Allocation Failure) [PSYoungGen: 459648K->102336K(505856K)] 1237922K->1015026K(1904128K), 0.1548075 secs] [Times: user=0.92 sys=0.00, real=0.15 secs] 
4075.841: [GC (Allocation Failure) [PSYoungGen: 415584K->149120K(506368K)] 1328275K->1160179K(1904640K), 0.0509118 secs] [Times: user=0.30 sys=0.00, real=0.05 secs] 
4078.590: [GC (Allocation Failure) [PSYoungGen: 468096K->105952K(508928K)] 1479155K->1257023K(1907200K), 0.1688023 secs] [Times: user=1.00 sys=0.00, real=0.17 secs] 
4079.429: [GC (Allocation Failure) [PSYoungGen: 409245K->145248K(507904K)] 1560316K->1398540K(1906176K), 0.0515241 secs] [Times: user=0.31 sys=0.00, real=0.05 secs] 
4079.480: [Full GC (Ergonomics) [PSYoungGen: 145248K->0K(507904K)] [ParOldGen: 1253292K->197243K(1398272K)] 1398540K->197243K(1906176K), [Metaspace: 60424K->60424K(1105920K)], 0.4610877 secs] [Times: user=2.13 sys=0.00, real=0.46 secs] 
4083.238: [GC (Allocation Failure) [PSYoungGen: 320512K->107680K(508928K)] 517755K->304923K(1907200K), 0.0949340 secs] [Times: user=0.56 sys=0.00, real=0.09 secs] 
4084.524: [GC (Allocation Failure) [PSYoungGen: 428192K->156736K(501760K)] 625435K->457517K(1900032K), 0.0517093 secs] [Times: user=0.31 sys=0.00, real=0.05 secs] 
4089.049: [GC (Allocation Failure) [PSYoungGen: 472640K->94336K(507392K)] 773421K->551793K(1905664K), 0.1644252 secs] [Times: user=0.92 sys=0.01, real=0.17 secs] 
4090.080: [GC (Allocation Failure) [PSYoungGen: 410240K->156096K(497664K)] 867697K->702006K(1895936K), 0.0545006 secs] [Times: user=0.32 sys=0.00, real=0.06 secs] 
4093.396: [GC (Allocation Failure) [PSYoungGen: 462784K->89984K(502784K)] 1008694K->791774K(1901056K), 0.1664075 secs] [Times: user=0.99 sys=0.00, real=0.16 secs] 
4094.028: [GC (Allocation Failure) [PSYoungGen: 396672K->153344K(496128K)] 1098462K->939107K(1894400K), 0.0537504 secs] [Times: user=0.32 sys=0.01, real=0.05 secs] 
4097.142: [GC (Allocation Failure) [PSYoungGen: 452220K->87136K(499712K)] 1237983K->1026307K(1897984K), 0.1631280 secs] [Times: user=0.97 sys=0.00, real=0.17 secs] 
4097.714: [GC (Allocation Failure) [PSYoungGen: 387680K->147456K(497152K)] 1326851K->1170072K(1895424K), 0.0517777 secs] [Times: user=0.31 sys=0.00, real=0.05 secs] 
4100.475: [GC (Allocation Failure) [PSYoungGen: 445952K->87168K(498688K)] 1468568K->1257304K(1896960K), 0.1505208 secs] [Times: user=0.90 sys=0.01, real=0.15 secs] 
4101.282: [GC (Allocation Failure) [PSYoungGen: 385664K->146592K(497152K)] 1555800K->1399953K(1895424K), 0.0491183 secs] [Times: user=0.29 sys=0.00, real=0.05 secs] 
4101.332: [Full GC (Ergonomics) [PSYoungGen: 146592K->0K(497152K)] [ParOldGen: 1253361K->197286K(1398272K)] 1399953K->197286K(1895424K), [Metaspace: 60424K->60424K(1105920K)], 0.4764207 secs] [Times: user=2.23 sys=0.00, real=0.48 secs] 
4104.966: [GC (Allocation Failure) [PSYoungGen: 297472K->96768K(394752K)] 494758K->294054K(1793024K), 0.0891506 secs] [Times: user=0.53 sys=0.01, real=0.09 secs] 
4106.501: [GC (Allocation Failure) [PSYoungGen: 394240K->143168K(496640K)] 591526K->433651K(1894912K), 0.0472338 secs] [Times: user=0.28 sys=0.00, real=0.05 secs] 
4109.317: [GC (Allocation Failure) [PSYoungGen: 441664K->99744K(496640K)] 732147K->524427K(1894912K), 0.1729622 secs] [Times: user=1.03 sys=0.00, real=0.17 secs] 
4111.485: [GC (Allocation Failure) [PSYoungGen: 398240K->140864K(497664K)] 822923K->662948K(1895936K), 0.0495107 secs] [Times: user=0.29 sys=0.00, real=0.05 secs] 
4113.397: [GC (Allocation Failure) [PSYoungGen: 443456K->101792K(497664K)] 965540K->755864K(1895936K), 0.1592370 secs] [Times: user=0.95 sys=0.00, real=0.16 secs] 
4115.796: [GC (Allocation Failure) [PSYoungGen: 404384K->141760K(499712K)] 1058456K->894405K(1897984K), 0.0512107 secs] [Times: user=0.30 sys=0.00, real=0.05 secs] 
4117.318: [GC (Allocation Failure) [PSYoungGen: 449984K->108544K(500224K)] 1202629K->993917K(1898496K), 0.0982036 secs] [Times: user=0.58 sys=0.00, real=0.10 secs] 
4119.760: [GC (Allocation Failure) [PSYoungGen: 416768K->142688K(501248K)] 1302141K->1133797K(1899520K), 0.0529917 secs] [Times: user=0.32 sys=0.00, real=0.06 secs] 
4121.835: [GC (Allocation Failure) [PSYoungGen: 456544K->109280K(502784K)] 1447653K->1233733K(1901056K), 0.1662309 secs] [Times: user=0.99 sys=0.01, real=0.16 secs] 
4124.743: [GC (Allocation Failure) [PSYoungGen: 423136K->155776K(501248K)] 1547589K->1387078K(1899520K), 0.0538599 secs] [Times: user=0.31 sys=0.00, real=0.05 secs] 
4124.797: [Full GC (Ergonomics) [PSYoungGen: 155776K->0K(501248K)] [ParOldGen: 1231302K->175403K(1398272K)] 1387078K->175403K(1899520K), [Metaspace: 60424K->60424K(1105920K)], 0.4115975 secs] [Times: user=1.91 sys=0.00, real=0.41 secs] 
4126.912: [GC (Allocation Failure) [PSYoungGen: 316416K->109248K(507392K)] 491819K->284651K(1905664K), 0.0961841 secs] [Times: user=0.57 sys=0.00, real=0.10 secs] 
4129.453: [GC (Allocation Failure) [PSYoungGen: 425664K->149120K(505344K)] 601067K->430624K(1903616K), 0.0536268 secs] [Times: user=0.32 sys=0.00, real=0.06 secs] 
4132.045: [GC (Allocation Failure) [PSYoungGen: 467072K->106400K(508416K)] 748576K->527888K(1906688K), 0.1592977 secs] [Times: user=0.95 sys=0.00, real=0.16 secs] 
4134.890: [GC (Allocation Failure) [PSYoungGen: 424352K->151776K(504320K)] 845840K->676053K(1902592K), 0.0525438 secs] [Times: user=0.31 sys=0.00, real=0.05 secs] 
4137.155: [GC (Allocation Failure) [PSYoungGen: 468704K->107008K(507904K)] 992981K->774509K(1906176K), 0.1805854 secs] [Times: user=1.08 sys=0.00, real=0.18 secs] 
4138.593: [GC (Allocation Failure) [PSYoungGen: 423849K->151392K(504320K)] 1091350K->922130K(1902592K), 0.0522526 secs] [Times: user=0.31 sys=0.00, real=0.06 secs] 
4141.454: [GC (Allocation Failure) [PSYoungGen: 467296K->104448K(507392K)] 1238034K->1017834K(1905664K), 0.1280419 secs] [Times: user=0.75 sys=0.00, real=0.12 secs] 
4142.650: [GC (Allocation Failure) [PSYoungGen: 408894K->145888K(507392K)] 1322280K->1160363K(1905664K), 0.0510621 secs] [Times: user=0.30 sys=0.00, real=0.05 secs] 
4145.527: [GC (Allocation Failure) [PSYoungGen: 463840K->105888K(423936K)] 1478315K->1257487K(1822208K), 0.1686905 secs] [Times: user=1.00 sys=0.00, real=0.17 secs] 
4146.194: [GC (Allocation Failure) [PSYoungGen: 423840K->153760K(502784K)] 1575439K->1407700K(1901056K), 0.0526527 secs] [Times: user=0.31 sys=0.00, real=0.05 secs] 
4146.247: [Full GC (Ergonomics) [PSYoungGen: 153760K->0K(502784K)] [ParOldGen: 1253940K->205738K(1398272K)] 1407700K->205738K(1901056K), [Metaspace: 60424K->60424K(1105920K)], 0.4694079 secs] [Times: user=2.16 sys=0.00, real=0.47 secs] 
4150.010: [GC (Allocation Failure) [PSYoungGen: 314880K->95232K(506880K)] 520618K->300970K(1905152K), 0.1846949 secs] [Times: user=1.09 sys=0.01, real=0.19 secs] 
4150.812: [GC (Allocation Failure) [PSYoungGen: 410112K->154272K(499200K)] 615850K->451355K(1897472K), 0.0559200 secs] [Times: user=0.32 sys=0.01, real=0.06 secs] 
4154.030: [GC (Allocation Failure) [PSYoungGen: 461984K->92800K(503296K)] 759067K->544123K(1901568K), 0.1593463 secs] [Times: user=0.95 sys=0.00, real=0.16 secs] 
4154.954: [GC (Allocation Failure) [PSYoungGen: 400512K->152352K(497664K)] 851835K->690596K(1895936K), 0.0539263 secs] [Times: user=0.32 sys=0.00, real=0.05 secs] 
4158.803: [GC (Allocation Failure) [PSYoungGen: 454944K->86688K(500736K)] 993188K->777004K(1899008K), 0.1628148 secs] [Times: user=0.97 sys=0.00, real=0.17 secs] 
4159.737: [GC (Allocation Failure) [PSYoungGen: 376605K->140288K(498688K)] 1066922K->913173K(1896960K), 0.0498349 secs] [Times: user=0.29 sys=0.00, real=0.05 secs] 
4162.094: [GC (Allocation Failure) [PSYoungGen: 442880K->100192K(499712K)] 1215765K->1004345K(1897984K), 0.1505383 secs] [Times: user=0.90 sys=0.00, real=0.15 secs] 
4164.236: [GC (Allocation Failure) [PSYoungGen: 402784K->144352K(498688K)] 1306937K->1144538K(1896960K), 0.0505095 secs] [Times: user=0.30 sys=0.00, real=0.05 secs] 
4166.809: [GC (Allocation Failure) [PSYoungGen: 448992K->101856K(499712K)] 1449178K->1237394K(1897984K), 0.1697864 secs] [Times: user=1.01 sys=0.01, real=0.17 secs] 
4168.301: [GC (Allocation Failure) [PSYoungGen: 406496K->146336K(499200K)] 1542034K->1379606K(1897472K), 0.0520631 secs] [Times: user=0.31 sys=0.00, real=0.06 secs] 
4168.353: [Full GC (Ergonomics) [PSYoungGen: 146336K->0K(499200K)] [ParOldGen: 1233270K->187357K(1398272K)] 1379606K->187357K(1897472K), [Metaspace: 60424K->60424K(1105920K)], 0.4356669 secs] [Times: user=2.02 sys=0.00, real=0.43 secs] 
4171.644: [GC (Allocation Failure) [PSYoungGen: 307712K->103072K(501248K)] 495069K->290429K(1899520K), 0.0928562 secs] [Times: user=0.55 sys=0.01, real=0.09 secs] 
4173.920: [GC (Allocation Failure) [PSYoungGen: 410784K->147648K(501760K)] 598141K->434754K(1900032K), 0.0507013 secs] [Times: user=0.30 sys=0.00, real=0.05 secs] 
4176.373: [GC (Allocation Failure) [PSYoungGen: 458944K->103968K(504320K)] 746050K->529914K(1902592K), 0.1667932 secs] [Times: user=1.00 sys=0.00, real=0.17 secs] 
4178.357: [GC (Allocation Failure) [PSYoungGen: 415264K->148256K(502784K)] 841210K->674221K(1901056K), 0.0512655 secs] [Times: user=0.30 sys=0.00, real=0.05 secs] 
4181.035: [GC (Allocation Failure) [PSYoungGen: 461088K->106656K(505344K)] 987053K->771853K(1903616K), 0.1679722 secs] [Times: user=1.00 sys=0.00, real=0.16 secs] 
4182.401: [GC (Allocation Failure) [PSYoungGen: 419488K->150528K(501760K)] 1084685K->918264K(1900032K), 0.0524265 secs] [Times: user=0.31 sys=0.00, real=0.06 secs] 
4185.990: [GC (Allocation Failure) [PSYoungGen: 463360K->105408K(505344K)] 1231096K->1014368K(1903616K), 0.1693500 secs] [Times: user=1.01 sys=0.00, real=0.17 secs] 
4187.813: [GC (Allocation Failure) [PSYoungGen: 418240K->150304K(503296K)] 1327200K->1160993K(1901568K), 0.0521406 secs] [Times: user=0.31 sys=0.00, real=0.06 secs] 
4189.916: [GC (Allocation Failure) [PSYoungGen: 464160K->105600K(506368K)] 1474849K->1258025K(1904640K), 0.1545627 secs] [Times: user=0.92 sys=0.00, real=0.15 secs] 
4191.316: [GC (Allocation Failure) [PSYoungGen: 413940K->146560K(504320K)] 1566365K->1400414K(1902592K), 0.0510521 secs] [Times: user=0.31 sys=0.00, real=0.05 secs] 
4191.367: [Full GC (Ergonomics) [PSYoungGen: 146560K->0K(504320K)] [ParOldGen: 1253854K->196563K(1398272K)] 1400414K->196563K(1902592K), [Metaspace: 60424K->60424K(1105920K)], 0.4639568 secs] [Times: user=2.15 sys=0.00, real=0.46 secs] 
4194.854: [GC (Allocation Failure) [PSYoungGen: 314880K->105376K(506368K)] 511443K->301939K(1904640K), 0.0880301 secs] [Times: user=0.51 sys=0.01, real=0.08 secs] 
4196.332: [GC (Allocation Failure) [PSYoungGen: 409937K->145600K(504832K)] 606501K->443424K(1903104K), 0.0488977 secs] [Times: user=0.29 sys=0.00, real=0.05 secs] 
4199.409: [GC (Allocation Failure) [PSYoungGen: 462016K->101536K(506368K)] 759840K->536364K(1904640K), 0.1792923 secs] [Times: user=1.06 sys=0.01, real=0.18 secs] 
4201.492: [GC (Allocation Failure) [PSYoungGen: 414426K->150368K(504832K)] 849254K->682443K(1903104K), 0.0495234 secs] [Times: user=0.29 sys=0.00, real=0.05 secs] 
4204.014: [GC (Allocation Failure) [PSYoungGen: 467296K->109760K(507904K)] 999371K->783287K(1906176K), 0.1557742 secs] [Times: user=0.92 sys=0.00, real=0.15 secs] 
4204.745: [GC (Allocation Failure) [PSYoungGen: 426688K->153632K(502784K)] 1100215K->933176K(1901056K), 0.0519979 secs] [Times: user=0.31 sys=0.00, real=0.05 secs] 
4208.909: [GC (Allocation Failure) [PSYoungGen: 468512K->92192K(506880K)] 1248056K->1024924K(1905152K), 0.1606842 secs] [Times: user=0.96 sys=0.00, real=0.16 secs] 
4210.396: [GC (Allocation Failure) [PSYoungGen: 407072K->154048K(498688K)] 1339804K->1175305K(1896960K), 0.0542944 secs] [Times: user=0.33 sys=0.00, real=0.05 secs] 
4213.827: [GC (Allocation Failure) [PSYoungGen: 460736K->94944K(502784K)] 1481993K->1270437K(1901056K), 0.1622636 secs] [Times: user=0.97 sys=0.00, real=0.16 secs] 
4214.652: [GC (Allocation Failure) [PSYoungGen: 401632K->152864K(497152K)] 1577125K->1413486K(1895424K), 0.0544510 secs] [Times: user=0.32 sys=0.00, real=0.06 secs] 
4214.706: [Full GC (Ergonomics) [PSYoungGen: 152864K->0K(497152K)] [ParOldGen: 1260622K->212228K(1398272K)] 1413486K->212228K(1895424K), [Metaspace: 60430K->60430K(1105920K)], 0.4871966 secs] [Times: user=2.27 sys=0.00, real=0.49 secs] 
4217.998: [GC (Allocation Failure) [PSYoungGen: 301140K->89824K(500736K)] 513368K->302052K(1899008K), 0.1399294 secs] [Times: user=0.83 sys=0.00, real=0.14 secs] 
4218.929: [GC (Allocation Failure) [PSYoungGen: 392416K->146752K(499200K)] 604644K->444940K(1897472K), 0.0519215 secs] [Times: user=0.31 sys=0.01, real=0.05 secs] 
4222.304: [GC (Allocation Failure) [PSYoungGen: 448320K->88992K(500224K)] 746508K->533644K(1898496K), 0.1591936 secs] [Times: user=0.95 sys=0.00, real=0.16 secs] 
4223.703: [GC (Allocation Failure) [PSYoungGen: 385460K->144672K(499200K)] 830113K->674453K(1897472K), 0.0491779 secs] [Times: user=0.30 sys=0.00, real=0.04 secs] 
4226.485: [GC (Allocation Failure) [PSYoungGen: 446240K->96992K(398848K)] 976021K->763290K(1797120K), 0.1472445 secs] [Times: user=0.87 sys=0.00, real=0.14 secs] 
4227.592: [GC (Allocation Failure) [PSYoungGen: 398560K->146784K(496128K)] 1064858K->905430K(1894400K), 0.0480337 secs] [Times: user=0.28 sys=0.00, real=0.05 secs] 
4229.699: [GC (Allocation Failure) [PSYoungGen: 447328K->99232K(498176K)] 1205974K->995694K(1896448K), 0.1626958 secs] [Times: user=0.97 sys=0.00, real=0.16 secs] 
4232.446: [GC (GCLocker Initiated GC) [PSYoungGen: 399776K->141760K(500224K)] 1296239K->1133627K(1898496K), 0.0493853 secs] [Times: user=0.29 sys=0.00, real=0.05 secs] 
4234.531: [GC (Allocation Failure) [PSYoungGen: 447424K->103808K(500224K)] 1439293K->1228085K(1898496K), 0.1544377 secs] [Times: user=0.92 sys=0.01, real=0.16 secs] 
4237.280: [GC (Allocation Failure) [PSYoungGen: 409472K->141760K(500224K)] 1533749K->1367226K(1898496K), 0.0512958 secs] [Times: user=0.30 sys=0.00, real=0.05 secs] 
4237.331: [Full GC (Ergonomics) [PSYoungGen: 141760K->0K(500224K)] [ParOldGen: 1225466K->173742K(1398272K)] 1367226K->173742K(1898496K), [Metaspace: 60430K->60430K(1105920K)], 0.4070531 secs] [Times: user=1.89 sys=0.00, real=0.41 secs] 
4239.199: [GC (Allocation Failure) [PSYoungGen: 309248K->104768K(500736K)] 482990K->278518K(1899008K), 0.0946991 secs] [Times: user=0.55 sys=0.00, real=0.10 secs] 
4242.880: [GC (Allocation Failure) [PSYoungGen: 414016K->144896K(502272K)] 587766K->420363K(1900544K), 0.0528594 secs] [Times: user=0.31 sys=0.00, real=0.05 secs] 
4244.808: [GC (Allocation Failure) [PSYoungGen: 459264K->107552K(504320K)] 734731K->518515K(1902592K), 0.1696886 secs] [Times: user=1.00 sys=0.01, real=0.17 secs] 
4246.788: [GC (Allocation Failure) [PSYoungGen: 421920K->148800K(504320K)] 832883K->664236K(1902592K), 0.0530495 secs] [Times: user=0.32 sys=0.00, real=0.05 secs] 
4249.124: [GC (Allocation Failure) [PSYoungGen: 466752K->107712K(507392K)] 982188K->763024K(1905664K), 0.1711912 secs] [Times: user=1.03 sys=0.00, real=0.17 secs] 
4251.379: [GC (Allocation Failure) [PSYoungGen: 425664K->151808K(504320K)] 1080976K->912057K(1902592K), 0.0529844 secs] [Times: user=0.31 sys=0.01, real=0.05 secs] 
4254.032: [GC (GCLocker Initiated GC) [PSYoungGen: 469760K->105696K(508416K)] 1230009K->1009321K(1906688K), 0.1389414 secs] [Times: user=0.82 sys=0.00, real=0.14 secs] 
4256.166: [GC (Allocation Failure) [PSYoungGen: 423648K->161280K(496128K)] 1327326K->1166774K(1894400K), 0.0530902 secs] [Times: user=0.31 sys=0.00, real=0.05 secs] 
4258.780: [GC (Allocation Failure) [PSYoungGen: 470016K->102080K(503808K)] 1475510K->1251822K(1902080K), 0.1549084 secs] [Times: user=0.92 sys=0.01, real=0.16 secs] 
4260.472: [GC (Allocation Failure) [PSYoungGen: 410816K->149728K(501248K)] 1560558K->1397347K(1899520K), 0.0513163 secs] [Times: user=0.30 sys=0.00, real=0.05 secs] 
4260.523: [Full GC (Ergonomics) [PSYoungGen: 149728K->0K(501248K)] [ParOldGen: 1247619K->194383K(1398272K)] 1397347K->194383K(1899520K), [Metaspace: 60430K->60430K(1105920K)], 0.4695411 secs] [Times: user=2.19 sys=0.00, real=0.47 secs] 
4262.557: [GC (Allocation Failure) [PSYoungGen: 308736K->101472K(503808K)] 503119K->295855K(1902080K), 0.0498886 secs] [Times: user=0.30 sys=0.01, real=0.05 secs] 
4264.370: [GC (Allocation Failure) [PSYoungGen: 410208K->150016K(501248K)] 604591K->441211K(1899520K), 0.0494288 secs] [Times: user=0.29 sys=0.00, real=0.05 secs] 
4267.285: [GC (Allocation Failure) [PSYoungGen: 458752K->103648K(503808K)] 749947K->535872K(1902080K), 0.1691351 secs] [Times: user=1.01 sys=0.00, real=0.17 secs] 
4268.635: [GC (Allocation Failure) [PSYoungGen: 412384K->148448K(501760K)] 844608K->680687K(1900032K), 0.0502077 secs] [Times: user=0.30 sys=0.00, real=0.05 secs] 
4271.674: [GC (Allocation Failure) [PSYoungGen: 457696K->101920K(503808K)] 989935K->773791K(1902080K), 0.1685146 secs] [Times: user=0.97 sys=0.00, real=0.16 secs] 
4273.470: [GC (Allocation Failure) [PSYoungGen: 411168K->150272K(501248K)] 1083039K->920492K(1899520K), 0.0503257 secs] [Times: user=0.30 sys=0.00, real=0.05 secs] 
4276.659: [GC (Allocation Failure) [PSYoungGen: 459520K->101312K(503808K)] 1229740K->1013148K(1902080K), 0.1663435 secs] [Times: user=0.99 sys=0.00, real=0.17 secs] 
4278.176: [GC (Allocation Failure) [PSYoungGen: 410560K->150560K(501248K)] 1322396K->1159905K(1899520K), 0.0501401 secs] [Times: user=0.30 sys=0.00, real=0.05 secs] 
4280.854: [GC (Allocation Failure) [PSYoungGen: 459296K->99904K(503808K)] 1468641K->1251453K(1902080K), 0.1700032 secs] [Times: user=1.01 sys=0.00, real=0.17 secs] 
4282.251: [GC (Allocation Failure) [PSYoungGen: 408640K->148640K(501760K)] 1560189K->1396264K(1900032K), 0.0493332 secs] [Times: user=0.29 sys=0.00, real=0.05 secs] 
4282.300: [Full GC (Ergonomics) [PSYoungGen: 148640K->0K(501760K)] [ParOldGen: 1247624K->193933K(1398272K)] 1396264K->193933K(1900032K), [Metaspace: 60430K->60430K(1105920K)], 0.4557568 secs] [Times: user=2.12 sys=0.00, real=0.46 secs] 
4285.166: [GC (Allocation Failure) [PSYoungGen: 308736K->105536K(414720K)] 502669K->299469K(1812992K), 0.0918974 secs] [Times: user=0.54 sys=0.00, real=0.09 secs] 
4286.770: [GC (Allocation Failure) [PSYoungGen: 414272K->146720K(501248K)] 608205K->442746K(1899520K), 0.0502897 secs] [Times: user=0.29 sys=0.00, real=0.05 secs] 
4289.605: [GC (Allocation Failure) [PSYoungGen: 455968K->103648K(502784K)] 751994K->537498K(1901056K), 0.1602215 secs] [Times: user=0.95 sys=0.01, real=0.16 secs] 
4291.330: [GC (Allocation Failure) [PSYoungGen: 412896K->148992K(502272K)] 846746K->682315K(1900544K), 0.0503283 secs] [Times: user=0.30 sys=0.00, real=0.05 secs] 
4294.442: [GC (Allocation Failure) [PSYoungGen: 460288K->102080K(504320K)] 993611K->775511K(1902592K), 0.1621200 secs] [Times: user=0.96 sys=0.00, real=0.17 secs] 
4295.315: [GC (Allocation Failure) [PSYoungGen: 411597K->150496K(501760K)] 1085028K->922791K(1900032K), 0.0498938 secs] [Times: user=0.29 sys=0.00, real=0.05 secs] 
4298.568: [GC (Allocation Failure) [PSYoungGen: 461280K->102240K(504832K)] 1233575K->1016676K(1903104K), 0.1731599 secs] [Times: user=1.03 sys=0.00, real=0.17 secs] 
4299.960: [GC (Allocation Failure) [PSYoungGen: 413024K->149088K(502272K)] 1327460K->1161756K(1900544K), 0.0510543 secs] [Times: user=0.30 sys=0.00, real=0.05 secs] 
4303.172: [GC (Allocation Failure) [PSYoungGen: 459872K->102976K(504832K)] 1472540K->1255725K(1903104K), 0.1719918 secs] [Times: user=1.02 sys=0.01, real=0.18 secs] 
4304.180: [GC (Allocation Failure) [PSYoungGen: 412266K->148192K(502784K)] 1565015K->1400289K(1901056K), 0.0513290 secs] [Times: user=0.30 sys=0.00, real=0.05 secs] 
4304.231: [Full GC (Ergonomics) [PSYoungGen: 148192K->0K(502784K)] [ParOldGen: 1252097K->197350K(1398272K)] 1400289K->197350K(1901056K), [Metaspace: 60430K->60430K(1105920K)], 0.4628847 secs] [Times: user=2.14 sys=0.00, real=0.47 secs] 
4307.327: [GC (Allocation Failure) [PSYoungGen: 311296K->105280K(416768K)] 508646K->302630K(1815040K), 0.0979086 secs] [Times: user=0.58 sys=0.01, real=0.10 secs] 
4308.737: [GC (Allocation Failure) [PSYoungGen: 406366K->145632K(503296K)] 603716K->444467K(1901568K), 0.0495314 secs] [Times: user=0.30 sys=0.00, real=0.05 secs] 
4311.893: [GC (Allocation Failure) [PSYoungGen: 458464K->103488K(504320K)] 757299K->539883K(1902592K), 0.1557100 secs] [Times: user=0.93 sys=0.00, real=0.16 secs] 
4313.081: [GC (Allocation Failure) [PSYoungGen: 414133K->147232K(503808K)] 850528K->683632K(1902080K), 0.0493490 secs] [Times: user=0.29 sys=0.00, real=0.05 secs] 
4316.370: [GC (Allocation Failure) [PSYoungGen: 462112K->106176K(505856K)] 998512K->781084K(1904128K), 0.1704272 secs] [Times: user=1.02 sys=0.00, real=0.17 secs] 
4317.858: [GC (Allocation Failure) [PSYoungGen: 412794K->145120K(506368K)] 1087702K->922617K(1904640K), 0.0501019 secs] [Times: user=0.30 sys=0.00, real=0.05 secs] 
4319.981: [GC (Allocation Failure) [PSYoungGen: 463072K->105824K(507392K)] 1240569K->1019949K(1905664K), 0.1754696 secs] [Times: user=1.01 sys=0.01, real=0.18 secs] 
4322.927: [GC (Allocation Failure) [PSYoungGen: 416683K->145728K(506368K)] 1330808K->1161378K(1904640K), 0.0502836 secs] [Times: user=0.30 sys=0.00, real=0.05 secs] 
4326.566: [GC (Allocation Failure) [PSYoungGen: 465216K->104352K(507904K)] 1480866K->1256782K(1906176K), 0.1596240 secs] [Times: user=0.95 sys=0.00, real=0.16 secs] 
4327.671: [GC (Allocation Failure) [PSYoungGen: 423840K->171488K(490496K)] 1576270K->1424647K(1888768K), 0.0526514 secs] [Times: user=0.31 sys=0.00, real=0.06 secs] 
4327.724: [Full GC (Ergonomics) [PSYoungGen: 171488K->0K(490496K)] [ParOldGen: 1253159K->205471K(1398272K)] 1424647K->205471K(1888768K), [Metaspace: 60433K->60433K(1105920K)], 0.4648680 secs] [Times: user=2.14 sys=0.00, real=0.46 secs] 
4331.486: [GC (Allocation Failure) [PSYoungGen: 304640K->89664K(501760K)] 510111K->295135K(1900032K), 0.1635608 secs] [Times: user=0.98 sys=0.00, real=0.16 secs] 
4333.159: [GC (Allocation Failure) [PSYoungGen: 391753K->145728K(500736K)] 597225K->436960K(1899008K), 0.0479792 secs] [Times: user=0.28 sys=0.00, real=0.05 secs] 
4336.217: [GC (Allocation Failure) [PSYoungGen: 449344K->97344K(401408K)] 740576K->525824K(1799680K), 0.1401467 secs] [Times: user=0.83 sys=0.01, real=0.14 secs] 
4337.911: [GC (Allocation Failure) [PSYoungGen: 400960K->147360K(498176K)] 829440K->669033K(1896448K), 0.0486575 secs] [Times: user=0.29 sys=0.00, real=0.05 secs] 
4339.439: [GC (GCLocker Initiated GC) [PSYoungGen: 449952K->101632K(499712K)] 971625K->761857K(1897984K), 0.0858551 secs] [Times: user=0.52 sys=0.00, real=0.09 secs] 
4340.514: [GC (Allocation Failure) [PSYoungGen: 404224K->144576K(500224K)] 1064452K->902889K(1898496K), 0.0501787 secs] [Times: user=0.30 sys=0.00, real=0.05 secs] 
4343.353: [GC (Allocation Failure) [PSYoungGen: 450240K->103264K(500736K)] 1208553K->997037K(1899008K), 0.1764747 secs] [Times: user=1.05 sys=0.01, real=0.17 secs] 
4344.016: [GC (Allocation Failure) [PSYoungGen: 408928K->148096K(499200K)] 1302701K->1141378K(1897472K), 0.0515164 secs] [Times: user=0.31 sys=0.00, real=0.05 secs] 
4347.089: [GC (Allocation Failure) [PSYoungGen: 455296K->102592K(501248K)] 1448578K->1235330K(1899520K), 0.1714911 secs] [Times: user=1.02 sys=0.00, real=0.17 secs] 
4348.301: [GC (Allocation Failure) [PSYoungGen: 409792K->149632K(501760K)] 1542530K->1381227K(1900032K), 0.0517844 secs] [Times: user=0.31 sys=0.00, real=0.05 secs] 
4348.352: [Full GC (Ergonomics) [PSYoungGen: 149632K->0K(501760K)] [ParOldGen: 1231595K->187273K(1398272K)] 1381227K->187273K(1900032K), [Metaspace: 60433K->60433K(1105920K)], 0.4473975 secs] [Times: user=2.08 sys=0.00, real=0.45 secs] 
4351.018: [GC (Allocation Failure) [PSYoungGen: 310272K->104512K(504320K)] 497545K->291785K(1902592K), 0.0879229 secs] [Times: user=0.52 sys=0.00, real=0.09 secs] 
4352.526: [GC (Allocation Failure) [PSYoungGen: 414784K->150880K(500736K)] 602057K->437394K(1899008K), 0.0510683 secs] [Times: user=0.30 sys=0.01, real=0.05 secs] 
4355.398: [GC (Allocation Failure) [PSYoungGen: 460640K->102656K(504320K)] 747154K->531542K(1902592K), 0.1646683 secs] [Times: user=0.99 sys=0.00, real=0.16 secs] 
4357.319: [GC (Allocation Failure) [PSYoungGen: 412416K->148352K(502784K)] 841302K->676187K(1901056K), 0.0504798 secs] [Times: user=0.30 sys=0.00, real=0.05 secs] 
4359.380: [GC (Allocation Failure) [PSYoungGen: 459136K->105568K(416768K)] 986971K->773015K(1815040K), 0.1620418 secs] [Times: user=0.96 sys=0.00, real=0.16 secs] 
4361.127: [GC (Allocation Failure) [PSYoungGen: 416352K->149760K(501248K)] 1083799K->918612K(1899520K), 0.0522601 secs] [Times: user=0.31 sys=0.00, real=0.05 secs] 
4363.619: [GC (Allocation Failure) [PSYoungGen: 460032K->104224K(503808K)] 1228884K->1013732K(1902080K), 0.1666319 secs] [Times: user=1.00 sys=0.00, real=0.17 secs] 
4364.947: [GC (Allocation Failure) [PSYoungGen: 414496K->151552K(501760K)] 1324004K->1161401K(1900032K), 0.0521966 secs] [Times: user=0.31 sys=0.00, real=0.05 secs] 
4368.009: [GC (Allocation Failure) [PSYoungGen: 462336K->100320K(504832K)] 1472185K->1253169K(1903104K), 0.1628744 secs] [Times: user=0.97 sys=0.00, real=0.16 secs] 
4370.907: [GC (Allocation Failure) [PSYoungGen: 411104K->147456K(503808K)] 1563953K->1396830K(1902080K), 0.0522597 secs] [Times: user=0.31 sys=0.00, real=0.05 secs] 
4370.959: [Full GC (Ergonomics) [PSYoungGen: 147456K->0K(503808K)] [ParOldGen: 1249374K->193219K(1398272K)] 1396830K->193219K(1902080K), [Metaspace: 60433K->60433K(1105920K)], 0.4541781 secs] [Times: user=2.11 sys=0.00, real=0.46 secs] 
4374.360: [GC (Allocation Failure) [PSYoungGen: 311808K->104768K(416768K)] 505027K->297987K(1815040K), 0.0938332 secs] [Times: user=0.55 sys=0.00, real=0.10 secs] 
4375.695: [GC (Allocation Failure) [PSYoungGen: 416576K->150112K(501760K)] 609795K->444228K(1900032K), 0.0506184 secs] [Times: user=0.30 sys=0.00, real=0.05 secs] 
4378.693: [GC (Allocation Failure) [PSYoungGen: 460896K->102368K(504320K)] 755012K->537836K(1902592K), 0.1369194 secs] [Times: user=0.81 sys=0.00, real=0.14 secs] 
4380.481: [GC (Allocation Failure) [PSYoungGen: 412383K->149088K(503296K)] 847852K->682961K(1901568K), 0.0495460 secs] [Times: user=0.29 sys=0.00, real=0.05 secs] 
4383.983: [GC (Allocation Failure) [PSYoungGen: 460896K->101632K(505344K)] 994769K->776089K(1903616K), 0.1728177 secs] [Times: user=1.03 sys=0.00, real=0.18 secs] 
4385.516: [GC (Allocation Failure) [PSYoungGen: 408640K->149856K(502272K)] 1083098K->921398K(1900544K), 0.0498451 secs] [Times: user=0.29 sys=0.00, real=0.05 secs] 
4388.691: [GC (Allocation Failure) [PSYoungGen: 460640K->98816K(504832K)] 1232182K->1011614K(1903104K), 0.1701592 secs] [Times: user=1.01 sys=0.00, real=0.17 secs] 
4390.952: [GC (Allocation Failure) [PSYoungGen: 409600K->150208K(501248K)] 1322398K->1157651K(1899520K), 0.0498114 secs] [Times: user=0.30 sys=0.00, real=0.05 secs] 
4393.508: [GC (Allocation Failure) [PSYoungGen: 458944K->102592K(503808K)] 1466387K->1251443K(1902080K), 0.1729253 secs] [Times: user=1.03 sys=0.00, real=0.17 secs] 
4394.333: [GC (Allocation Failure) [PSYoungGen: 411328K->150144K(501248K)] 1560179K->1398156K(1899520K), 0.0521711 secs] [Times: user=0.31 sys=0.00, real=0.06 secs] 
4394.385: [Full GC (Ergonomics) [PSYoungGen: 150144K->0K(501248K)] [ParOldGen: 1248012K->196884K(1398272K)] 1398156K->196884K(1899520K), [Metaspace: 60433K->60433K(1105920K)], 0.4753483 secs] [Times: user=2.21 sys=0.00, real=0.47 secs] 
4397.388: [GC (Allocation Failure) [PSYoungGen: 308736K->98496K(503808K)] 505620K->295380K(1902080K), 0.0983996 secs] [Times: user=0.49 sys=0.00, real=0.10 secs] 
4398.642: [GC (Allocation Failure) [PSYoungGen: 407232K->151424K(498688K)] 604116K->443064K(1896960K), 0.0482144 secs] [Times: user=0.28 sys=0.00, real=0.05 secs] 
4400.714: [GC (Allocation Failure) [PSYoungGen: 457088K->101504K(502272K)] 748728K->536077K(1900544K), 0.1377081 secs] [Times: user=0.81 sys=0.01, real=0.13 secs] 
4401.834: [GC (Allocation Failure) [PSYoungGen: 407168K->150528K(499712K)] 841741K->682617K(1897984K), 0.0501344 secs] [Times: user=0.30 sys=0.00, real=0.05 secs] 
4404.785: [GC (Allocation Failure) [PSYoungGen: 456192K->98048K(502272K)] 988281K->772229K(1900544K), 0.1509293 secs] [Times: user=0.89 sys=0.01, real=0.15 secs] 
4406.382: [GC (Allocation Failure) [PSYoungGen: 403712K->148480K(500224K)] 1077893K->916814K(1898496K), 0.0492652 secs] [Times: user=0.29 sys=0.00, real=0.05 secs] 
4409.245: [GC (Allocation Failure) [PSYoungGen: 454144K->100544K(406528K)] 1222478K->1008670K(1804800K), 0.1499015 secs] [Times: user=0.88 sys=0.01, real=0.15 secs] 
4411.482: [GC (Allocation Failure) [PSYoungGen: 406208K->144864K(501248K)] 1314334K->1149303K(1899520K), 0.0499811 secs] [Times: user=0.30 sys=0.00, real=0.05 secs] 
4414.068: [GC (Allocation Failure) [PSYoungGen: 452064K->103136K(501760K)] 1456503K->1242895K(1900032K), 0.1576710 secs] [Times: user=0.93 sys=0.01, real=0.16 secs] 
4416.794: [GC (Allocation Failure) [PSYoungGen: 410336K->145920K(501248K)] 1550095K->1384600K(1899520K), 0.0523379 secs] [Times: user=0.31 sys=0.00, real=0.05 secs] 
4416.846: [Full GC (Ergonomics) [PSYoungGen: 145920K->0K(501248K)] [ParOldGen: 1238680K->182902K(1398272K)] 1384600K->182902K(1899520K), [Metaspace: 60433K->60433K(1105920K)], 0.4362746 secs] [Times: user=2.03 sys=0.00, real=0.43 secs] 
4419.180: [GC (Allocation Failure) [PSYoungGen: 309092K->104928K(502272K)] 491994K->287830K(1900544K), 0.0973599 secs] [Times: user=0.57 sys=0.00, real=0.10 secs] 
4421.102: [GC (Allocation Failure) [PSYoungGen: 414176K->149152K(500736K)] 597078K->433827K(1899008K), 0.0522518 secs] [Times: user=0.31 sys=0.00, real=0.06 secs] 
4422.802: [GC (Allocation Failure) [PSYoungGen: 459936K->104544K(503808K)] 744611K->529763K(1902080K), 0.1348516 secs] [Times: user=0.81 sys=0.00, real=0.14 secs] 
4424.206: [GC (Allocation Failure) [PSYoungGen: 415328K->150976K(501760K)] 840547K->676652K(1900032K), 0.0715314 secs] [Times: user=0.42 sys=0.01, real=0.07 secs] 
4427.577: [GC (Allocation Failure) [PSYoungGen: 462784K->97888K(505344K)] 988460K->766204K(1903616K), 0.1672190 secs] [Times: user=1.00 sys=0.00, real=0.17 secs] 
4429.319: [GC (Allocation Failure) [PSYoungGen: 409696K->151008K(500224K)] 1078012K->912781K(1898496K), 0.0498256 secs] [Times: user=0.30 sys=0.00, real=0.05 secs] 
4431.263: [GC (Allocation Failure) [PSYoungGen: 459744K->104032K(503808K)] 1221517K->1007705K(1902080K), 0.1626737 secs] [Times: user=0.96 sys=0.01, real=0.17 secs] 
4432.866: [GC (Allocation Failure) [PSYoungGen: 412768K->148768K(502272K)] 1316441K->1152570K(1900544K), 0.0514842 secs] [Times: user=0.30 sys=0.00, real=0.05 secs] 
4435.654: [GC (Allocation Failure) [PSYoungGen: 459040K->105088K(415744K)] 1462842K->1248538K(1814016K), 0.1688268 secs] [Times: user=1.01 sys=0.00, real=0.16 secs] 
4437.777: [GC (Allocation Failure) [PSYoungGen: 415360K->150144K(500736K)] 1558810K->1394426K(1899008K), 0.0520005 secs] [Times: user=0.31 sys=0.00, real=0.05 secs] 
4437.829: [Full GC (Ergonomics) [PSYoungGen: 150144K->0K(500736K)] [ParOldGen: 1244282K->192552K(1398272K)] 1394426K->192552K(1899008K), [Metaspace: 60433K->60433K(1105920K)], 0.4640546 secs] [Times: user=2.17 sys=0.00, real=0.46 secs] 
4441.009: [GC (Allocation Failure) [PSYoungGen: 309760K->98976K(503808K)] 502312K->291528K(1902080K), 0.0816760 secs] [Times: user=0.48 sys=0.00, real=0.08 secs] 
4443.159: [GC (Allocation Failure) [PSYoungGen: 408736K->150048K(500736K)] 601288K->437823K(1899008K), 0.0485380 secs] [Times: user=0.29 sys=0.00, real=0.05 secs] 
4444.960: [GC (Allocation Failure) [PSYoungGen: 458784K->102560K(503808K)] 746559K->531903K(1902080K), 0.1612159 secs] [Times: user=0.95 sys=0.01, real=0.16 secs] 
4446.378: [GC (Allocation Failure) [PSYoungGen: 411296K->151552K(500224K)] 840639K->679424K(1898496K), 0.0505453 secs] [Times: user=0.30 sys=0.00, real=0.05 secs] 
4448.661: [GC (Allocation Failure) [PSYoungGen: 459264K->100032K(503296K)] 987136K->770816K(1901568K), 0.1665631 secs] [Times: user=0.81 sys=0.00, real=0.17 secs] 
4450.229: [GC (Allocation Failure) [PSYoungGen: 407744K->148992K(501248K)] 1078528K->915421K(1899520K), 0.0502690 secs] [Times: user=0.30 sys=0.00, real=0.05 secs] 
4453.136: [GC (Allocation Failure) [PSYoungGen: 456704K->103360K(411136K)] 1223133K->1009801K(1809408K), 0.1659328 secs] [Times: user=0.99 sys=0.00, real=0.16 secs] 
4454.730: [GC (Allocation Failure) [PSYoungGen: 411072K->149792K(499712K)] 1317513K->1155874K(1897984K), 0.0517192 secs] [Times: user=0.31 sys=0.00, real=0.05 secs] 
4457.738: [GC (Allocation Failure) [PSYoungGen: 456992K->100096K(502272K)] 1463074K->1247306K(1900544K), 0.1663973 secs] [Times: user=0.99 sys=0.00, real=0.17 secs] 
4459.745: [GC (Allocation Failure) [PSYoungGen: 407296K->148832K(501760K)] 1554506K->1391675K(1900032K), 0.0506404 secs] [Times: user=0.30 sys=0.00, real=0.05 secs] 
4459.795: [Full GC (Ergonomics) [PSYoungGen: 148832K->0K(501760K)] [ParOldGen: 1242843K->190423K(1398272K)] 1391675K->190423K(1900032K), [Metaspace: 60433K->60433K(1105920K)], 0.4553699 secs] [Times: user=2.11 sys=0.00, real=0.45 secs] 
4462.460: [GC (GCLocker Initiated GC) [PSYoungGen: 308736K->101792K(410624K)] 499159K->292215K(1808896K), 0.1007744 secs] [Times: user=0.60 sys=0.00, real=0.10 secs] 
4464.178: [GC (Allocation Failure) [PSYoungGen: 410528K->149728K(500736K)] 600986K->437843K(1899008K), 0.0500853 secs] [Times: user=0.29 sys=0.00, real=0.05 secs] 
4466.525: [GC (Allocation Failure) [PSYoungGen: 457952K->100960K(503296K)] 746067K->529759K(1901568K), 0.1585594 secs] [Times: user=0.95 sys=0.00, real=0.16 secs] 
4468.408: [GC (Allocation Failure) [PSYoungGen: 409184K->148480K(501760K)] 837983K->674788K(1900032K), 0.0501779 secs] [Times: user=0.30 sys=0.00, real=0.05 secs] 
4470.785: [GC (Allocation Failure) [PSYoungGen: 457216K->102016K(411136K)] 983524K->768012K(1809408K), 0.1417250 secs] [Times: user=0.84 sys=0.00, real=0.14 secs] 
4472.837: [GC (Allocation Failure) [PSYoungGen: 410752K->149824K(500736K)] 1076748K->914301K(1899008K), 0.0521082 secs] [Times: user=0.31 sys=0.00, real=0.05 secs] 
4475.414: [GC (Allocation Failure) [PSYoungGen: 458048K->105472K(503296K)] 1222525K->1011189K(1901568K), 0.1487523 secs] [Times: user=0.88 sys=0.00, real=0.15 secs] 
4477.521: [GC (Allocation Failure) [PSYoungGen: 413696K->154752K(498688K)] 1319413K->1162318K(1896960K), 0.0533424 secs] [Times: user=0.32 sys=0.00, real=0.06 secs] 
4480.972: [GC (Allocation Failure) [PSYoungGen: 461440K->99968K(502784K)] 1469006K->1244886K(1901056K), 0.1576213 secs] [Times: user=0.93 sys=0.01, real=0.16 secs] 
4482.672: [GC (Allocation Failure) [PSYoungGen: 406656K->154560K(496640K)] 1551574K->1395202K(1894912K), 0.0519427 secs] [Times: user=0.30 sys=0.00, real=0.06 secs] 
4482.724: [Full GC (Ergonomics) [PSYoungGen: 154560K->0K(496640K)] [ParOldGen: 1240642K->184581K(1398272K)] 1395202K->184581K(1894912K), [Metaspace: 60434K->60434K(1105920K)], 0.4374823 secs] [Times: user=2.04 sys=0.00, real=0.43 secs] 
4484.773: [GC (Allocation Failure) [PSYoungGen: 302592K->104672K(500736K)] 487173K->289253K(1899008K), 0.0660221 secs] [Times: user=0.39 sys=0.00, real=0.07 secs] 
4486.722: [GC (Allocation Failure) [PSYoungGen: 407264K->143392K(499712K)] 591845K->429098K(1897984K), 0.0514088 secs] [Times: user=0.30 sys=0.00, real=0.06 secs] 
4489.441: [GC (Allocation Failure) [PSYoungGen: 449056K->104192K(500736K)] 734762K->523946K(1899008K), 0.1611777 secs] [Times: user=0.96 sys=0.01, real=0.16 secs] 
4491.654: [GC (Allocation Failure) [PSYoungGen: 409856K->142144K(502272K)] 829610K->663451K(1900544K), 0.0521376 secs] [Times: user=0.31 sys=0.00, real=0.05 secs] 
4493.412: [GC (Allocation Failure) [PSYoungGen: 452416K->108096K(501760K)] 973723K->762579K(1900032K), 0.1786015 secs] [Times: user=1.07 sys=0.00, real=0.18 secs] 
4495.773: [GC (Allocation Failure) [PSYoungGen: 418368K->143936K(503296K)] 1072851K->903911K(1901568K), 0.0530666 secs] [Times: user=0.32 sys=0.00, real=0.06 secs] 
4498.101: [GC (Allocation Failure) [PSYoungGen: 458816K->107520K(503808K)] 1218791K->1001735K(1902080K), 0.1479637 secs] [Times: user=0.88 sys=0.00, real=0.15 secs] 
4500.127: [GC (Allocation Failure) [PSYoungGen: 422400K->148448K(505344K)] 1316615K->1147024K(1903616K), 0.0533854 secs] [Times: user=0.32 sys=0.00, real=0.05 secs] 
4502.470: [GC (Allocation Failure) [PSYoungGen: 467424K->108032K(507904K)] 1466000K->1245692K(1906176K), 0.1511487 secs] [Times: user=0.90 sys=0.00, real=0.15 secs] 
4504.592: [GC (Allocation Failure) [PSYoungGen: 427008K->153120K(504832K)] 1564668K->1394569K(1903104K), 0.0541002 secs] [Times: user=0.32 sys=0.00, real=0.06 secs] 
4504.646: [Full GC (Ergonomics) [PSYoungGen: 153120K->0K(504832K)] [ParOldGen: 1241449K->192933K(1398272K)] 1394569K->192933K(1903104K), [Metaspace: 60461K->60461K(1105920K)], 0.4602146 secs] [Times: user=2.15 sys=0.00, real=0.46 secs] 
4508.088: [GC (Allocation Failure) [PSYoungGen: 318976K->108128K(508928K)] 511909K->301061K(1907200K), 0.0917478 secs] [Times: user=0.54 sys=0.00, real=0.09 secs] 
4509.671: [GC (Allocation Failure) [PSYoungGen: 419320K->146784K(508416K)] 612254K->444318K(1906688K), 0.0509999 secs] [Times: user=0.30 sys=0.00, real=0.05 secs] 
4512.745: [GC (Allocation Failure) [PSYoungGen: 467808K->106272K(427520K)] 765342K->542118K(1825792K), 0.1597998 secs] [Times: user=0.95 sys=0.00, real=0.16 secs] 
4513.716: [GC (Allocation Failure) [PSYoungGen: 427296K->156896K(501760K)] 863142K->695389K(1900032K), 0.0523115 secs] [Times: user=0.31 sys=0.00, real=0.05 secs] 
4517.332: [GC (Allocation Failure) [PSYoungGen: 471776K->95552K(506880K)] 1010269K->791049K(1905152K), 0.1710943 secs] [Times: user=1.02 sys=0.00, real=0.18 secs] 
4517.917: [GC (Allocation Failure) [PSYoungGen: 410432K->155616K(498176K)] 1105929K->941034K(1896448K), 0.0566037 secs] [Times: user=0.34 sys=0.00, real=0.06 secs] 
4521.233: [GC (Allocation Failure) [PSYoungGen: 462304K->93984K(502784K)] 1247722K->1034618K(1901056K), 0.1702089 secs] [Times: user=1.01 sys=0.01, real=0.18 secs] 
4522.267: [GC (Allocation Failure) [PSYoungGen: 400672K->150112K(498688K)] 1341306K->1178551K(1896960K), 0.0546809 secs] [Times: user=0.33 sys=0.00, real=0.05 secs] 
4525.521: [GC (Allocation Failure) [PSYoungGen: 451523K->88224K(501248K)] 1479962K->1266031K(1899520K), 0.1728974 secs] [Times: user=1.04 sys=0.00, real=0.18 secs] 
4526.423: [GC (Allocation Failure) [PSYoungGen: 391840K->164992K(485376K)] 1569647K->1427504K(1883648K), 0.0536187 secs] [Times: user=0.32 sys=0.00, real=0.06 secs] 
4526.477: [Full GC (Ergonomics) [PSYoungGen: 164992K->0K(485376K)] [ParOldGen: 1262512K->208042K(1398272K)] 1427504K->208042K(1883648K), [Metaspace: 60461K->60461K(1105920K)], 0.4712244 secs] [Times: user=2.18 sys=0.00, real=0.47 secs] 
4530.026: [GC (Allocation Failure) [PSYoungGen: 288256K->86080K(493568K)] 496298K->294122K(1891840K), 0.1835793 secs] [Times: user=1.10 sys=0.00, real=0.18 secs] 
4531.321: [GC (Allocation Failure) [PSYoungGen: 374336K->162624K(481280K)] 582378K->453123K(1879552K), 0.0479752 secs] [Times: user=0.28 sys=0.00, real=0.05 secs] 
4532.914: [GC (Allocation Failure) [PSYoungGen: 439616K->89312K(487936K)] 730115K->509527K(1886208K), 0.1380202 secs] [Times: user=0.82 sys=0.01, real=0.13 secs] 
4535.560: [GC (GCLocker Initiated GC) [PSYoungGen: 366304K->129664K(473600K)] 786519K->636048K(1871872K), 0.0490683 secs] [Times: user=0.29 sys=0.00, real=0.05 secs] 
4536.788: [GC (Allocation Failure) [PSYoungGen: 408704K->105024K(481792K)] 915090K->732058K(1880064K), 0.0615096 secs] [Times: user=0.37 sys=0.00, real=0.06 secs] 
4540.149: [GC (Allocation Failure) [PSYoungGen: 384064K->113440K(480256K)] 1011098K->845150K(1878528K), 0.0746900 secs] [Times: user=0.45 sys=0.00, real=0.08 secs] 
4541.382: [GC (Allocation Failure) [PSYoungGen: 411424K->135520K(489984K)] 1143134K->969747K(1888256K), 0.0617135 secs] [Times: user=0.37 sys=0.00, real=0.07 secs] 
4544.123: [GC (Allocation Failure) [PSYoungGen: 433504K->105472K(497152K)] 1267731K->1074923K(1895424K), 0.0852158 secs] [Times: user=0.50 sys=0.00, real=0.09 secs] 
4545.431: [GC (Allocation Failure) [PSYoungGen: 421888K->143200K(502784K)] 1391339K->1207792K(1901056K), 0.0612190 secs] [Times: user=0.36 sys=0.00, real=0.06 secs] 
4550.162: [GC (Allocation Failure) [PSYoungGen: 459616K->109344K(506368K)] 1524208K->1316932K(1904640K), 0.0945103 secs] [Times: user=0.57 sys=0.00, real=0.10 secs] 
4551.478: [GC (Allocation Failure) [PSYoungGen: 433440K->139520K(508416K)] 1641028K->1445349K(1906688K), 0.0621600 secs] [Times: user=0.37 sys=0.00, real=0.06 secs] 
4551.540: [Full GC (Ergonomics) [PSYoungGen: 139520K->0K(508416K)] [ParOldGen: 1305829K->251786K(1398272K)] 1445349K->251786K(1906688K), [Metaspace: 60461K->60461K(1105920K)], 0.5288050 secs] [Times: user=2.32 sys=0.00, real=0.53 secs] 
4554.346: [GC (Allocation Failure) [PSYoungGen: 324096K->125152K(503296K)] 575882K->376938K(1901568K), 0.0359206 secs] [Times: user=0.21 sys=0.00, real=0.03 secs] 
4555.654: [GC (Allocation Failure) [PSYoungGen: 455392K->3040K(333312K)] 707178K->254934K(1731584K), 0.0028696 secs] [Times: user=0.01 sys=0.00, real=0.00 secs] 
4558.079: [GC (Allocation Failure) [PSYoungGen: 333280K->147456K(494592K)] 585174K->400531K(1892864K), 0.0329878 secs] [Times: user=0.20 sys=0.00, real=0.03 secs] 
4559.333: [GC (Allocation Failure) [PSYoungGen: 448000K->104576K(405504K)] 701075K->496147K(1803776K), 0.0662328 secs] [Times: user=0.39 sys=0.00, real=0.07 secs] 
4561.351: [GC (Allocation Failure) [PSYoungGen: 405120K->138176K(497152K)] 796691K->632832K(1895424K), 0.0566711 secs] [Times: user=0.34 sys=0.00, real=0.06 secs] 
4562.837: [GC (Allocation Failure) [PSYoungGen: 442816K->109632K(498176K)] 937472K->733384K(1896448K), 0.0674043 secs] [Times: user=0.40 sys=0.00, real=0.07 secs] 
4565.697: [GC (Allocation Failure) [PSYoungGen: 414272K->135200K(499712K)] 1038024K->866901K(1897984K), 0.0569033 secs] [Times: user=0.33 sys=0.00, real=0.06 secs] 
4566.991: [GC (Allocation Failure) [PSYoungGen: 448032K->114976K(499712K)] 1179733K->972165K(1897984K), 0.0686302 secs] [Times: user=0.41 sys=0.00, real=0.07 secs] 
4569.434: [GC (Allocation Failure) [PSYoungGen: 427808K->142016K(503296K)] 1284997K->1112274K(1901568K), 0.0597940 secs] [Times: user=0.35 sys=0.00, real=0.06 secs] 
4570.954: [GC (Allocation Failure) [PSYoungGen: 464576K->115072K(505856K)] 1434834K->1217850K(1904128K), 0.0822147 secs] [Times: user=0.49 sys=0.00, real=0.08 secs] 
4573.737: [GC (Allocation Failure) [PSYoungGen: 437632K->157472K(504320K)] 1540410K->1373271K(1902592K), 0.0563207 secs] [Times: user=0.34 sys=0.00, real=0.06 secs] 
4573.794: [Full GC (Ergonomics) [PSYoungGen: 157472K->0K(504320K)] [ParOldGen: 1215799K->173216K(1398272K)] 1373271K->173216K(1902592K), [Metaspace: 60462K->60462K(1105920K)], 0.4023830 secs] [Times: user=1.84 sys=0.00, real=0.40 secs] 
4576.516: [GC (Allocation Failure) [PSYoungGen: 326144K->112576K(512512K)] 499360K->285792K(1910784K), 0.1117209 secs] [Times: user=0.66 sys=0.00, real=0.11 secs] 
4578.865: [GC (Allocation Failure) [PSYoungGen: 438720K->153184K(505856K)] 611936K->436181K(1904128K), 0.0554651 secs] [Times: user=0.33 sys=0.00, real=0.05 secs] 
4582.079: [GC (Allocation Failure) [PSYoungGen: 477280K->108000K(511488K)] 760277K->534925K(1909760K), 0.1883946 secs] [Times: user=0.98 sys=0.00, real=0.19 secs] 
4582.949: [GC (Allocation Failure) [PSYoungGen: 418821K->152352K(504832K)] 845747K->683834K(1903104K), 0.0523071 secs] [Times: user=0.31 sys=0.00, real=0.05 secs] 
4586.503: [GC (Allocation Failure) [PSYoungGen: 473376K->109088K(509952K)] 1004858K->784818K(1908224K), 0.1761110 secs] [Times: user=1.05 sys=0.00, real=0.18 secs] 
4587.951: [GC (Allocation Failure) [PSYoungGen: 430112K->153696K(504320K)] 1105842K->934891K(1902592K), 0.0528163 secs] [Times: user=0.32 sys=0.00, real=0.06 secs] 
4591.207: [GC (Allocation Failure) [PSYoungGen: 472672K->98048K(508928K)] 1253867K->1032543K(1907200K), 0.1497592 secs] [Times: user=0.90 sys=0.00, real=0.15 secs] 
4592.059: [GC (Allocation Failure) [PSYoungGen: 417024K->158016K(497664K)] 1351519K->1184856K(1895936K), 0.0558864 secs] [Times: user=0.34 sys=0.00, real=0.06 secs] 
4595.038: [GC (Allocation Failure) [PSYoungGen: 466752K->90912K(503808K)] 1493592K->1275304K(1902080K), 0.1655712 secs] [Times: user=0.99 sys=0.00, real=0.17 secs] 
4595.736: [GC (Allocation Failure) [PSYoungGen: 399648K->153728K(497152K)] 1584040K->1423164K(1895424K), 0.0544358 secs] [Times: user=0.32 sys=0.00, real=0.05 secs] 
4595.790: [Full GC (Ergonomics) [PSYoungGen: 153728K->0K(497152K)] [ParOldGen: 1269436K->219227K(1398272K)] 1423164K->219227K(1895424K), [Metaspace: 60462K->60462K(1105920K)], 0.5047840 secs] [Times: user=2.35 sys=0.00, real=0.51 secs] 
4599.737: [GC (Allocation Failure) [PSYoungGen: 302592K->90016K(500736K)] 521819K->309243K(1899008K), 0.1135976 secs] [Times: user=0.67 sys=0.00, real=0.11 secs] 
4600.364: [GC (Allocation Failure) [PSYoungGen: 392608K->151136K(495104K)] 611835K->454304K(1893376K), 0.0522404 secs] [Times: user=0.31 sys=0.00, real=0.05 secs] 
4603.910: [GC (Allocation Failure) [PSYoungGen: 446666K->86112K(498176K)] 749834K->540136K(1896448K), 0.1538839 secs] [Times: user=0.91 sys=0.00, real=0.16 secs] 
4604.875: [GC (Allocation Failure) [PSYoungGen: 373212K->138752K(494080K)] 827236K->674645K(1892352K), 0.0481713 secs] [Times: user=0.28 sys=0.00, real=0.05 secs] 
4607.708: [GC (Allocation Failure) [PSYoungGen: 437248K->97664K(496640K)] 973141K->763201K(1894912K), 0.1644881 secs] [Times: user=0.98 sys=0.01, real=0.16 secs] 
4609.883: [GC (Allocation Failure) [PSYoungGen: 396160K->151552K(495616K)] 1061697K->911162K(1893888K), 0.0492666 secs] [Times: user=0.30 sys=0.00, real=0.04 secs] 
4611.688: [GC (Allocation Failure) [PSYoungGen: 452096K->101984K(499712K)] 1211706K->996290K(1897984K), 0.1461052 secs] [Times: user=0.86 sys=0.01, real=0.15 secs] 
4613.105: [GC (Allocation Failure) [PSYoungGen: 402528K->142304K(499200K)] 1296834K->1134154K(1897472K), 0.0510058 secs] [Times: user=0.30 sys=0.00, real=0.05 secs] 
4615.110: [GC (GCLocker Initiated GC) [PSYoungGen: 446432K->102624K(499712K)] 1438282K->1227706K(1897984K), 0.1666851 secs] [Times: user=1.00 sys=0.01, real=0.17 secs] 
4618.000: [GC (Allocation Failure) [PSYoungGen: 406752K->143072K(499200K)] 1531837K->1367586K(1897472K), 0.0517663 secs] [Times: user=0.31 sys=0.00, real=0.05 secs] 
4618.052: [Full GC (Ergonomics) [PSYoungGen: 143072K->0K(499200K)] [ParOldGen: 1224514K->174569K(1398272K)] 1367586K->174569K(1897472K), [Metaspace: 60462K->60462K(1105920K)], 0.4136358 secs] [Times: user=1.92 sys=0.00, real=0.42 secs] 
4619.886: [GC (Allocation Failure) [PSYoungGen: 307200K->105760K(500224K)] 481769K->280329K(1898496K), 0.0606196 secs] [Times: user=0.36 sys=0.00, real=0.06 secs] 
4623.123: [GC (Allocation Failure) [PSYoungGen: 412960K->141504K(503296K)] 587529K->418882K(1901568K), 0.0540324 secs] [Times: user=0.31 sys=0.00, real=0.06 secs] 
4624.584: [GC (Allocation Failure) [PSYoungGen: 455360K->107872K(503296K)] 732738K->517450K(1901568K), 0.0829546 secs] [Times: user=0.49 sys=0.00, real=0.08 secs] 
4626.449: [GC (Allocation Failure) [PSYoungGen: 421728K->147232K(502784K)] 831306K->662295K(1901056K), 0.0540790 secs] [Times: user=0.32 sys=0.00, real=0.06 secs] 
4628.544: [GC (Allocation Failure) [PSYoungGen: 464160K->111008K(505856K)] 979223K->763727K(1904128K), 0.1615417 secs] [Times: user=0.96 sys=0.00, real=0.16 secs] 
4629.908: [GC (Allocation Failure) [PSYoungGen: 427936K->150496K(505344K)] 1080655K->911616K(1903616K), 0.0548682 secs] [Times: user=0.33 sys=0.01, real=0.05 secs] 
4633.122: [GC (Allocation Failure) [PSYoungGen: 471008K->107520K(508928K)] 1232128K->1010024K(1907200K), 0.1627482 secs] [Times: user=0.97 sys=0.00, real=0.17 secs] 
4634.627: [GC (Allocation Failure) [PSYoungGen: 428032K->152288K(504832K)] 1330536K->1158293K(1903104K), 0.0535755 secs] [Times: user=0.32 sys=0.00, real=0.05 secs] 
4636.835: [GC (Allocation Failure) [PSYoungGen: 471264K->108512K(508928K)] 1477269K->1258085K(1907200K), 0.1824687 secs] [Times: user=1.09 sys=0.00, real=0.18 secs] 
4637.419: [GC (GCLocker Initiated GC) [PSYoungGen: 427488K->155360K(501760K)] 1577061K->1410358K(1900032K), 0.0569864 secs] [Times: user=0.34 sys=0.00, real=0.06 secs] 
4637.476: [Full GC (Ergonomics) [PSYoungGen: 155360K->0K(501760K)] [ParOldGen: 1254998K->208098K(1398272K)] 1410358K->208098K(1900032K), [Metaspace: 60464K->60464K(1105920K)], 0.4849537 secs] [Times: user=2.26 sys=0.00, real=0.48 secs] 
4641.941: [GC (Allocation Failure) [PSYoungGen: 314880K->91520K(506880K)] 527078K->303718K(1905152K), 0.1661718 secs] [Times: user=0.99 sys=0.00, real=0.17 secs] 
4642.822: [GC (Allocation Failure) [PSYoungGen: 406400K->154944K(498176K)] 618598K->457211K(1896448K), 0.0654195 secs] [Times: user=0.39 sys=0.00, real=0.07 secs] 
4645.867: [GC (Allocation Failure) [PSYoungGen: 461632K->91488K(502784K)] 763899K->548647K(1901056K), 0.1600757 secs] [Times: user=0.95 sys=0.01, real=0.16 secs] 
4646.753: [GC (Allocation Failure) [PSYoungGen: 398176K->151168K(497152K)] 855335K->693632K(1895424K), 0.0538484 secs] [Times: user=0.31 sys=0.01, real=0.05 secs] 
4649.949: [GC (Allocation Failure) [PSYoungGen: 452736K->88864K(500224K)] 995200K->782304K(1898496K), 0.1561956 secs] [Times: user=0.93 sys=0.01, real=0.16 secs] 
4650.847: [GC (Allocation Failure) [PSYoungGen: 374314K->139232K(496128K)] 1067755K->917793K(1894400K), 0.0487817 secs] [Times: user=0.29 sys=0.00, real=0.05 secs] 
4653.520: [GC (Allocation Failure) [PSYoungGen: 441824K->99200K(498688K)] 1220385K->1008861K(1896960K), 0.1485047 secs] [Times: user=0.88 sys=0.01, real=0.15 secs] 
4655.230: [GC (Allocation Failure) [PSYoungGen: 401792K->146688K(500736K)] 1311453K->1151514K(1899008K), 0.0493510 secs] [Times: user=0.29 sys=0.00, real=0.05 secs] 
4657.554: [GC (Allocation Failure) [PSYoungGen: 453888K->102560K(410112K)] 1458714K->1245518K(1808384K), 0.1554583 secs] [Times: user=0.93 sys=0.00, real=0.15 secs] 
4659.363: [GC (Allocation Failure) [PSYoungGen: 409760K->147808K(499200K)] 1552718K->1390056K(1897472K), 0.0511791 secs] [Times: user=0.30 sys=0.00, real=0.05 secs] 
4659.414: [Full GC (Ergonomics) [PSYoungGen: 147808K->0K(499200K)] [ParOldGen: 1242248K->191484K(1398272K)] 1390056K->191484K(1897472K), [Metaspace: 60464K->60464K(1105920K)], 0.4609622 secs] [Times: user=2.14 sys=0.00, real=0.46 secs] 
4661.895: [GC (Allocation Failure) [PSYoungGen: 307200K->99840K(501760K)] 498684K->291324K(1900032K), 0.1014965 secs] [Times: user=0.60 sys=0.00, real=0.10 secs] 
4663.448: [GC (Allocation Failure) [PSYoungGen: 407040K->150752K(499712K)] 598524K->437845K(1897984K), 0.0496793 secs] [Times: user=0.29 sys=0.00, real=0.05 secs] 
4666.069: [GC (Allocation Failure) [PSYoungGen: 458464K->99264K(503296K)] 745557K->528461K(1901568K), 0.1602470 secs] [Times: user=0.95 sys=0.00, real=0.16 secs] 
4667.570: [GC (Allocation Failure) [PSYoungGen: 406976K->150944K(498688K)] 836173K->675249K(1896960K), 0.0496085 secs] [Times: user=0.30 sys=0.00, real=0.05 secs] 
4670.104: [GC (Allocation Failure) [PSYoungGen: 456608K->100608K(502272K)] 980913K->767522K(1900544K), 0.1731102 secs] [Times: user=1.04 sys=0.00, real=0.17 secs] 
4672.526: [GC (Allocation Failure) [PSYoungGen: 406272K->146656K(501248K)] 1073186K->910630K(1899520K), 0.0500477 secs] [Times: user=0.30 sys=0.00, real=0.05 secs] 
4674.769: [GC (Allocation Failure) [PSYoungGen: 454368K->103840K(411648K)] 1218342K->1005439K(1809920K), 0.1699500 secs] [Times: user=1.02 sys=0.00, real=0.17 secs] 
4677.418: [GC (Allocation Failure) [PSYoungGen: 411552K->154656K(497664K)] 1313151K->1156447K(1895936K), 0.0525914 secs] [Times: user=0.32 sys=0.00, real=0.05 secs] 
4678.940: [GC (Allocation Failure) [PSYoungGen: 460320K->103200K(502272K)] 1462111K->1242991K(1900544K), 0.0980122 secs] [Times: user=0.58 sys=0.01, real=0.10 secs] 
4680.206: [GC (Allocation Failure) [PSYoungGen: 408864K->153728K(497152K)] 1548655K->1394032K(1895424K), 0.0526850 secs] [Times: user=0.31 sys=0.01, real=0.05 secs] 
4680.259: [Full GC (Ergonomics) [PSYoungGen: 153728K->0K(497152K)] [ParOldGen: 1240304K->182916K(1398272K)] 1394032K->182916K(1895424K), [Metaspace: 60464K->60464K(1105920K)], 0.4184918 secs] [Times: user=1.92 sys=0.00, real=0.42 secs] 
4683.382: [GC (Allocation Failure) [PSYoungGen: 303616K->103104K(501248K)] 486532K->286020K(1899520K), 0.1052543 secs] [Times: user=0.62 sys=0.00, real=0.11 secs] 
4685.293: [GC (Allocation Failure) [PSYoungGen: 406720K->142080K(499200K)] 589636K->425901K(1897472K), 0.0517098 secs] [Times: user=0.31 sys=0.00, real=0.05 secs] 
4688.067: [GC (Allocation Failure) [PSYoungGen: 448768K->104256K(500736K)] 732589K->521237K(1899008K), 0.1678728 secs] [Times: user=1.00 sys=0.01, real=0.17 secs] 
4691.410: [GC (Allocation Failure) [PSYoungGen: 410944K->143744K(502272K)] 827925K->662145K(1900544K), 0.0513357 secs] [Times: user=0.30 sys=0.00, real=0.05 secs] 
4693.285: [GC (Allocation Failure) [PSYoungGen: 455040K->104832K(503296K)] 973441K->758358K(1901568K), 0.1501916 secs] [Times: user=0.89 sys=0.00, real=0.15 secs] 
4696.154: [GC (Allocation Failure) [PSYoungGen: 416128K->146368K(503296K)] 1069654K->901506K(1901568K), 0.0526849 secs] [Times: user=0.31 sys=0.00, real=0.05 secs] 
4697.817: [GC (Allocation Failure) [PSYoungGen: 460736K->107200K(504832K)] 1215874K->999502K(1903104K), 0.1185580 secs] [Times: user=0.71 sys=0.00, real=0.12 secs] 
4700.457: [GC (Allocation Failure) [PSYoungGen: 421568K->149600K(503808K)] 1313870K->1146179K(1902080K), 0.0540352 secs] [Times: user=0.32 sys=0.00, real=0.05 secs] 
4702.210: [GC (Allocation Failure) [PSYoungGen: 466016K->107360K(506880K)] 1462595K->1244647K(1905152K), 0.1400291 secs] [Times: user=0.83 sys=0.00, real=0.14 secs] 
4703.809: [GC (Allocation Failure) [PSYoungGen: 423776K->153184K(502272K)] 1561063K->1394113K(1900544K), 0.0546407 secs] [Times: user=0.32 sys=0.00, real=0.06 secs] 
4703.864: [Full GC (Ergonomics) [PSYoungGen: 153184K->0K(502272K)] [ParOldGen: 1240929K->191723K(1398272K)] 1394113K->191723K(1900544K), [Metaspace: 60465K->60465K(1105920K)], 0.4502577 secs] [Times: user=2.08 sys=0.00, real=0.45 secs] 
4706.572: [GC (Allocation Failure) [PSYoungGen: 314880K->104256K(506880K)] 506603K->295979K(1905152K), 0.0894621 secs] [Times: user=0.53 sys=0.00, real=0.09 secs] 
4708.225: [GC (Allocation Failure) [PSYoungGen: 419136K->152672K(502272K)] 610859K->444736K(1900544K), 0.0503463 secs] [Times: user=0.30 sys=0.00, real=0.05 secs] 
4711.440: [GC (Allocation Failure) [PSYoungGen: 465504K->102080K(505856K)] 757568K->538088K(1904128K), 0.1586140 secs] [Times: user=0.94 sys=0.01, real=0.16 secs] 
4712.781: [GC (Allocation Failure) [PSYoungGen: 411594K->150656K(501760K)] 847602K->684365K(1900032K), 0.0501026 secs] [Times: user=0.29 sys=0.00, real=0.05 secs] 
4715.879: [GC (Allocation Failure) [PSYoungGen: 461440K->100352K(504832K)] 995149K->776281K(1903104K), 0.1648211 secs] [Times: user=0.98 sys=0.00, real=0.17 secs] 
4716.862: [GC (Allocation Failure) [PSYoungGen: 410619K->150912K(500736K)] 1086548K->923226K(1899008K), 0.0495993 secs] [Times: user=0.29 sys=0.00, real=0.05 secs] 
4719.289: [GC (Allocation Failure) [PSYoungGen: 459620K->103712K(503808K)] 1231934K->1018826K(1902080K), 0.1599285 secs] [Times: user=0.95 sys=0.00, real=0.16 secs] 
4720.476: [GC (Allocation Failure) [PSYoungGen: 412448K->148128K(501760K)] 1327562K->1163167K(1900032K), 0.0504103 secs] [Times: user=0.30 sys=0.00, real=0.05 secs] 
4723.285: [GC (Allocation Failure) [PSYoungGen: 457888K->103712K(503808K)] 1472927K->1257935K(1902080K), 0.1714141 secs] [Times: user=1.03 sys=0.00, real=0.17 secs] 
4724.199: [GC (Allocation Failure) [PSYoungGen: 411295K->147040K(502784K)] 1565518K->1401424K(1901056K), 0.0501611 secs] [Times: user=0.29 sys=0.00, real=0.05 secs] 
4724.249: [Full GC (Ergonomics) [PSYoungGen: 147040K->0K(502784K)] [ParOldGen: 1254384K->196731K(1398272K)] 1401424K->196731K(1901056K), [Metaspace: 60465K->60465K(1105920K)], 0.4672359 secs] [Times: user=2.17 sys=0.00, real=0.47 secs] 
4727.519: [GC (Allocation Failure) [PSYoungGen: 311296K->99808K(504320K)] 508027K->296539K(1902592K), 0.0560020 secs] [Times: user=0.32 sys=0.00, real=0.06 secs] 
4729.438: [GC (Allocation Failure) [PSYoungGen: 411104K->149248K(502784K)] 607835K->441124K(1901056K), 0.0485123 secs] [Times: user=0.29 sys=0.00, real=0.05 secs] 
4731.706: [GC (Allocation Failure) [PSYoungGen: 461056K->106976K(418816K)] 752932K->538732K(1817088K), 0.1730207 secs] [Times: user=1.03 sys=0.01, real=0.17 secs] 
4733.216: [GC (Allocation Failure) [PSYoungGen: 418784K->147552K(503296K)] 850540K->682529K(1901568K), 0.0507647 secs] [Times: user=0.30 sys=0.00, real=0.05 secs] 
4736.002: [GC (Allocation Failure) [PSYoungGen: 460384K->104224K(504832K)] 995361K->777753K(1903104K), 0.1547003 secs] [Times: user=0.85 sys=0.00, real=0.16 secs] 
4737.216: [GC (Allocation Failure) [PSYoungGen: 411251K->146976K(503808K)] 1084780K->920830K(1902080K), 0.0501729 secs] [Times: user=0.30 sys=0.00, real=0.05 secs] 
4739.910: [GC (Allocation Failure) [PSYoungGen: 461344K->104480K(505856K)] 1235198K->1016830K(1904128K), 0.1688131 secs] [Times: user=1.01 sys=0.00, real=0.17 secs] 
4741.898: [GC (Allocation Failure) [PSYoungGen: 411066K->146112K(505344K)] 1323417K->1158959K(1903616K), 0.0498672 secs] [Times: user=0.29 sys=0.00, real=0.05 secs] 
4744.407: [GC (Allocation Failure) [PSYoungGen: 462528K->106016K(506880K)] 1475375K->1256499K(1905152K), 0.1390652 secs] [Times: user=0.82 sys=0.01, real=0.14 secs] 
4745.458: [GC (Allocation Failure) [PSYoungGen: 407057K->145568K(505344K)] 1557541K->1397968K(1903616K), 0.0502304 secs] [Times: user=0.30 sys=0.00, real=0.05 secs] 
4745.509: [Full GC (Ergonomics) [PSYoungGen: 145568K->0K(505344K)] [ParOldGen: 1252400K->197113K(1398272K)] 1397968K->197113K(1903616K), [Metaspace: 60465K->60465K(1105920K)], 0.4723808 secs] [Times: user=2.20 sys=0.00, real=0.47 secs] 
4748.517: [GC (Allocation Failure) [PSYoungGen: 317952K->106304K(506880K)] 515065K->303417K(1905152K), 0.1020048 secs] [Times: user=0.60 sys=0.01, real=0.10 secs] 
4749.527: [GC (Allocation Failure) [PSYoungGen: 424256K->154016K(503296K)] 621369K->453230K(1901568K), 0.0512626 secs] [Times: user=0.30 sys=0.00, real=0.05 secs] 
4752.443: [GC (Allocation Failure) [PSYoungGen: 470944K->95520K(507904K)] 770158K->548254K(1906176K), 0.1525401 secs] [Times: user=0.91 sys=0.00, real=0.15 secs] 
4753.442: [GC (Allocation Failure) [PSYoungGen: 412448K->153632K(499712K)] 865182K->697831K(1897984K), 0.0547278 secs] [Times: user=0.33 sys=0.00, real=0.06 secs] 
4756.378: [GC (Allocation Failure) [PSYoungGen: 463392K->94496K(504320K)] 1007591K->791867K(1902592K), 0.1543726 secs] [Times: user=0.79 sys=0.00, real=0.15 secs] 
4757.314: [GC (Allocation Failure) [PSYoungGen: 404256K->154496K(497152K)] 1101627K->940577K(1895424K), 0.0541504 secs] [Times: user=0.32 sys=0.00, real=0.05 secs] 
4760.583: [GC (Allocation Failure) [PSYoungGen: 458112K->89408K(501248K)] 1244193K->1029865K(1899520K), 0.1736632 secs] [Times: user=1.04 sys=0.00, real=0.18 secs] 
4761.488: [GC (Allocation Failure) [PSYoungGen: 393024K->151648K(495616K)] 1333481K->1175870K(1893888K), 0.0534038 secs] [Times: user=0.31 sys=0.00, real=0.05 secs] 
4764.582: [GC (Allocation Failure) [PSYoungGen: 450144K->89248K(498688K)] 1474366K->1265014K(1896960K), 0.1515411 secs] [Times: user=0.91 sys=0.00, real=0.16 secs] 
4765.545: [GC (Allocation Failure) [PSYoungGen: 373653K->138560K(494592K)] 1549420K->1400083K(1892864K), 0.0496576 secs] [Times: user=0.29 sys=0.00, real=0.05 secs] 
4765.594: [Full GC (Ergonomics) [PSYoungGen: 138560K->0K(494592K)] [ParOldGen: 1261523K->196738K(1398272K)] 1400083K->196738K(1892864K), [Metaspace: 60467K->60467K(1105920K)], 0.4718630 secs] [Times: user=2.20 sys=0.00, real=0.47 secs] 
4768.309: [GC (Allocation Failure) [PSYoungGen: 299520K->95136K(497152K)] 496258K->291874K(1895424K), 0.0941862 secs] [Times: user=0.56 sys=0.00, real=0.10 secs] 
4770.650: [GC (Allocation Failure) [PSYoungGen: 394656K->142944K(500736K)] 591394K->430603K(1899008K), 0.0469780 secs] [Times: user=0.27 sys=0.00, real=0.05 secs] 
4772.673: [GC (Allocation Failure) [PSYoungGen: 448608K->101472K(407552K)] 736267K->522683K(1805824K), 0.1659978 secs] [Times: user=0.97 sys=0.02, real=0.17 secs] 
4775.904: [GC (Allocation Failure) [PSYoungGen: 407136K->145376K(498176K)] 828347K->664256K(1896448K), 0.0505900 secs] [Times: user=0.29 sys=0.01, real=0.05 secs] 
4777.910: [GC (Allocation Failure) [PSYoungGen: 451552K->103392K(500224K)] 970432K->758236K(1898496K), 0.1190956 secs] [Times: user=0.70 sys=0.01, real=0.12 secs] 
4780.580: [GC (Allocation Failure) [PSYoungGen: 409568K->142432K(502272K)] 1064412K->897665K(1900544K), 0.0513017 secs] [Times: user=0.30 sys=0.00, real=0.05 secs] 
4782.374: [GC (Allocation Failure) [PSYoungGen: 454240K->106016K(503296K)] 1209473K->994333K(1901568K), 0.1653782 secs] [Times: user=0.99 sys=0.01, real=0.16 secs] 
4783.964: [GC (Allocation Failure) [PSYoungGen: 417824K->150400K(500224K)] 1306141K->1141870K(1898496K), 0.0531256 secs] [Times: user=0.31 sys=0.00, real=0.05 secs] 
4785.483: [GC (Allocation Failure) [PSYoungGen: 463232K->105664K(504320K)] 1454702K->1238770K(1902592K), 0.0740394 secs] [Times: user=0.44 sys=0.00, real=0.07 secs] 
4787.372: [GC (Allocation Failure) [PSYoungGen: 418496K->147968K(505344K)] 1551602K->1383726K(1903616K), 0.0529536 secs] [Times: user=0.31 sys=0.00, real=0.06 secs] 
4787.425: [Full GC (Ergonomics) [PSYoungGen: 147968K->0K(505344K)] [ParOldGen: 1235758K->183531K(1398272K)] 1383726K->183531K(1903616K), [Metaspace: 60467K->60467K(1105920K)], 0.4372549 secs] [Times: user=2.04 sys=0.00, real=0.43 secs] 
4790.139: [GC (Allocation Failure) [PSYoungGen: 316928K->107392K(424448K)] 500459K->290923K(1822720K), 0.1055948 secs] [Times: user=0.62 sys=0.01, real=0.11 secs] 
4791.156: [GC (Allocation Failure) [PSYoungGen: 424320K->151808K(502784K)] 607851K->438984K(1901056K), 0.0525714 secs] [Times: user=0.31 sys=0.00, real=0.05 secs] 
4793.841: [GC (GCLocker Initiated GC) [PSYoungGen: 467200K->105664K(506880K)] 754376K->535716K(1905152K), 0.1437392 secs] [Times: user=0.85 sys=0.00, real=0.15 secs] 
4795.168: [GC (Allocation Failure) [PSYoungGen: 421056K->143584K(507392K)] 867527K->691898K(1905664K), 0.2676759 secs] [Times: user=1.60 sys=0.00, real=0.27 secs] 
4799.491: [GC (Allocation Failure) [PSYoungGen: 462560K->95264K(508416K)] 1010874K->787226K(1906688K), 0.4347099 secs] [Times: user=2.59 sys=0.01, real=0.44 secs] 
4800.254: [GC (Allocation Failure) [PSYoungGen: 414240K->154272K(500224K)] 1106202K->938291K(1898496K), 0.0555589 secs] [Times: user=0.33 sys=0.00, real=0.05 secs] 
4802.935: [GC (Allocation Failure) [PSYoungGen: 466080K->94944K(505344K)] 1250099K->1032931K(1903616K), 0.1370138 secs] [Times: user=0.81 sys=0.00, real=0.13 secs] 
4803.511: [GC (Allocation Failure) [PSYoungGen: 406752K->156000K(496640K)] 1344739K->1182700K(1894912K), 0.0547194 secs] [Times: user=0.32 sys=0.00, real=0.06 secs] 
4807.959: [GC (Allocation Failure) [PSYoungGen: 460640K->87392K(501760K)] 1487340K->1269996K(1900032K), 0.1563505 secs] [Times: user=0.93 sys=0.00, real=0.16 secs] 
4809.815: [GC (Allocation Failure) [PSYoungGen: 392032K->151872K(495104K)] 1574636K->1415589K(1893376K), 0.0539426 secs] [Times: user=0.32 sys=0.00, real=0.05 secs] 
4809.869: [Full GC (Ergonomics) [PSYoungGen: 151872K->0K(495104K)] [ParOldGen: 1263717K->212673K(1398272K)] 1415589K->212673K(1893376K), [Metaspace: 60470K->60470K(1105920K)], 0.5038286 secs] [Times: user=2.36 sys=0.00, real=0.50 secs] 
4812.741: [GC (Allocation Failure) [PSYoungGen: 298496K->87392K(498688K)] 511169K->300066K(1896960K), 0.1401577 secs] [Times: user=0.84 sys=0.00, real=0.14 secs] 
4813.812: [GC (Allocation Failure) [PSYoungGen: 378787K->139360K(495616K)] 591461K->435874K(1893888K), 0.0480449 secs] [Times: user=0.28 sys=0.00, real=0.05 secs] 
4815.747: [GC (Allocation Failure) [PSYoungGen: 438880K->98400K(497664K)] 735394K->525951K(1895936K), 0.1647796 secs] [Times: user=0.98 sys=0.00, real=0.16 secs] 
4816.614: [GC (Allocation Failure) [PSYoungGen: 397920K->145440K(498176K)] 825471K->667427K(1896448K), 0.0488232 secs] [Times: user=0.29 sys=0.00, real=0.04 secs] 
4818.658: [GC (Allocation Failure) [PSYoungGen: 448544K->99456K(499712K)] 970531K->757995K(1897984K), 0.1526515 secs] [Times: user=0.91 sys=0.00, real=0.15 secs] 
4820.165: [GC (Allocation Failure) [PSYoungGen: 402560K->148096K(498176K)] 1061099K->901848K(1896448K), 0.0499063 secs] [Times: user=0.29 sys=0.00, real=0.05 secs] 
4822.397: [GC (Allocation Failure) [PSYoungGen: 452736K->100320K(500736K)] 1206488K->993372K(1899008K), 0.1775188 secs] [Times: user=1.06 sys=0.00, real=0.18 secs] 
4824.253: [GC (Allocation Failure) [PSYoungGen: 404960K->144640K(500736K)] 1298012K->1135993K(1899008K), 0.0509322 secs] [Times: user=0.31 sys=0.00, real=0.06 secs] 
4826.811: [GC (Allocation Failure) [PSYoungGen: 452352K->101408K(502272K)] 1443705K->1228885K(1900544K), 0.1687181 secs] [Times: user=1.01 sys=0.00, real=0.17 secs] 
4829.429: [GC (Allocation Failure) [PSYoungGen: 409120K->143584K(500736K)] 1536597K->1369938K(1899008K), 0.0514880 secs] [Times: user=0.31 sys=0.00, real=0.05 secs] 
4829.481: [Full GC (Ergonomics) [PSYoungGen: 143584K->0K(500736K)] [ParOldGen: 1226354K->177567K(1398272K)] 1369938K->177567K(1899008K), [Metaspace: 60470K->59563K(1105920K)], 0.4239184 secs] [Times: user=1.94 sys=0.00, real=0.43 secs] 
4831.722: [GC (Allocation Failure) [PSYoungGen: 309760K->104224K(502272K)] 487327K->281791K(1900544K), 0.1063535 secs] [Times: user=0.63 sys=0.00, real=0.11 secs] 
4834.406: [GC (Allocation Failure) [PSYoungGen: 413984K->144800K(502272K)] 591551K->424212K(1900544K), 0.0523671 secs] [Times: user=0.31 sys=0.00, real=0.05 secs] 
4836.935: [GC (Allocation Failure) [PSYoungGen: 458144K->105312K(504320K)] 737556K->520500K(1902592K), 0.1569115 secs] [Times: user=0.94 sys=0.00, real=0.15 secs] 
4839.707: [GC (Allocation Failure) [PSYoungGen: 418656K->144192K(504832K)] 833844K->662073K(1903104K), 0.0517175 secs] [Times: user=0.31 sys=0.00, real=0.05 secs] 
4841.835: [GC (Allocation Failure) [PSYoungGen: 461632K->110144K(506368K)] 979513K->762549K(1904640K), 0.1259093 secs] [Times: user=0.75 sys=0.01, real=0.12 secs] 
4844.162: [GC (Allocation Failure) [PSYoungGen: 427584K->157568K(500736K)] 1079989K->917012K(1899008K), 0.0545372 secs] [Times: user=0.33 sys=0.00, real=0.06 secs] 
4845.958: [GC (Allocation Failure) [PSYoungGen: 473472K->110560K(507392K)] 1232916K->1010280K(1905664K), 0.0995184 secs] [Times: user=0.59 sys=0.01, real=0.10 secs] 
4847.298: [GC (Allocation Failure) [PSYoungGen: 426464K->151392K(503808K)] 1326184K->1157829K(1902080K), 0.0547249 secs] [Times: user=0.32 sys=0.00, real=0.05 secs] 
4849.854: [GC (Allocation Failure) [PSYoungGen: 467296K->107552K(507392K)] 1473733K->1256157K(1905664K), 0.1700738 secs] [Times: user=1.01 sys=0.00, real=0.17 secs] 
4850.462: [GC (Allocation Failure) [PSYoungGen: 412001K->146848K(506368K)] 1560607K->1399062K(1904640K), 0.0537506 secs] [Times: user=0.31 sys=0.00, real=0.06 secs] 
4850.516: [Full GC (Ergonomics) [PSYoungGen: 146848K->0K(506368K)] [ParOldGen: 1252214K->196846K(1398272K)] 1399062K->196846K(1904640K), [Metaspace: 59563K->59563K(1105920K)], 0.4621125 secs] [Times: user=2.14 sys=0.00, real=0.46 secs] 
4853.416: [GC (Allocation Failure) [PSYoungGen: 317952K->106304K(507904K)] 514798K->303150K(1906176K), 0.0953944 secs] [Times: user=0.56 sys=0.00, real=0.09 secs] 
4854.600: [GC (Allocation Failure) [PSYoungGen: 424256K->186560K(478720K)] 621102K->485213K(1876992K), 0.0560293 secs] [Times: user=0.29 sys=0.04, real=0.06 secs] 
4856.916: [GC (Allocation Failure) [PSYoungGen: 477888K->83392K(374784K)] 776541K->535081K(1773056K), 0.1754043 secs] [Times: user=1.04 sys=0.01, real=0.17 secs] 
4858.375: [GC (Allocation Failure) [PSYoungGen: 374720K->142784K(496128K)] 826409K->674054K(1894400K), 0.0488885 secs] [Times: user=0.30 sys=0.00, real=0.05 secs] 
4860.074: [GC (Allocation Failure) [PSYoungGen: 434112K->97504K(389120K)] 965382K->762614K(1787392K), 0.1352392 secs] [Times: user=0.78 sys=0.00, real=0.13 secs] 
4862.715: [GC (Allocation Failure) [PSYoungGen: 388832K->136640K(495104K)] 1053942K->896203K(1893376K), 0.0493202 secs] [Times: user=0.29 sys=0.00, real=0.05 secs] 
4863.951: [GC (Allocation Failure) [PSYoungGen: 431040K->101376K(492032K)] 1190603K->988511K(1890304K), 0.0635532 secs] [Times: user=0.37 sys=0.00, real=0.07 secs] 
4867.866: [GC (Allocation Failure) [PSYoungGen: 395776K->133120K(497664K)] 1282911K->1119523K(1895936K), 0.0578639 secs] [Times: user=0.35 sys=0.00, real=0.06 secs] 
4869.166: [GC (Allocation Failure) [PSYoungGen: 437248K->110976K(495104K)] 1423651K->1220664K(1893376K), 0.0636405 secs] [Times: user=0.37 sys=0.00, real=0.06 secs] 
4870.887: [GC (Allocation Failure) [PSYoungGen: 415104K->139424K(501760K)] 1524792K->1358628K(1900032K), 0.0555671 secs] [Times: user=0.34 sys=0.00, real=0.05 secs] 
4872.163: [GC (Allocation Failure) [PSYoungGen: 454304K->111392K(501248K)] 1673508K->1460648K(1899520K), 0.0711223 secs] [Times: user=0.37 sys=0.05, real=0.08 secs] 
4872.234: [Full GC (Ergonomics) [PSYoungGen: 111392K->0K(501248K)] [ParOldGen: 1349256K->21327K(1398272K)] 1460648K->21327K(1899520K), [Metaspace: 59563K->59563K(1105920K)], 0.0305998 secs] [Times: user=0.08 sys=0.00, real=0.03 secs] 
4874.453: [GC (Allocation Failure) [PSYoungGen: 314880K->145472K(506368K)] 336207K->166799K(1904640K), 0.0285333 secs] [Times: user=0.16 sys=0.00, real=0.02 secs] 
4875.693: [GC (Allocation Failure) [PSYoungGen: 469056K->113632K(508416K)] 490383K->271047K(1906688K), 0.0647792 secs] [Times: user=0.39 sys=0.00, real=0.06 secs] 
4878.130: [GC (Allocation Failure) [PSYoungGen: 437216K->161088K(502272K)] 594631K->429028K(1900544K), 0.0549465 secs] [Times: user=0.33 sys=0.00, real=0.06 secs] 
4879.936: [GC (GCLocker Initiated GC) [PSYoungGen: 482112K->109920K(509952K)] 750052K->521484K(1908224K), 0.1580167 secs] [Times: user=0.94 sys=0.00, real=0.16 secs] 
4881.707: [GC (Allocation Failure) [PSYoungGen: 430944K->153568K(504832K)] 842556K->671089K(1903104K), 0.0531241 secs] [Times: user=0.32 sys=0.00, real=0.05 secs] 
4884.446: [GC (Allocation Failure) [PSYoungGen: 472544K->107424K(508928K)] 990065K->769349K(1907200K), 0.1538503 secs] [Times: user=0.92 sys=0.00, real=0.15 secs] 
4885.856: [GC (Allocation Failure) [PSYoungGen: 422206K->150336K(505856K)] 1084131K->915578K(1904128K), 0.0516567 secs] [Times: user=0.31 sys=0.00, real=0.05 secs] 
4888.466: [GC (GCLocker Initiated GC) [PSYoungGen: 468288K->106560K(508416K)] 1233531K->1013075K(1906688K), 0.1737585 secs] [Times: user=1.03 sys=0.01, real=0.17 secs] 
4889.257: [GC (Allocation Failure) [PSYoungGen: 424512K->144288K(507904K)] 1347445K->1170086K(1906176K), 0.2173988 secs] [Times: user=1.31 sys=0.00, real=0.22 secs] 
4892.703: [GC (Allocation Failure) [PSYoungGen: 464288K->98176K(508416K)] 1490086K->1267886K(1906688K), 0.4456620 secs] [Times: user=2.67 sys=0.00, real=0.44 secs] 
4893.439: [GC (Allocation Failure) [PSYoungGen: 418176K->158688K(499712K)] 1587886K->1420834K(1897984K), 0.0568192 secs] [Times: user=0.34 sys=0.00, real=0.06 secs] 
4893.496: [Full GC (Ergonomics) [PSYoungGen: 158688K->0K(499712K)] [ParOldGen: 1262146K->225167K(1398272K)] 1420834K->225167K(1897984K), [Metaspace: 59563K->59563K(1105920K)], 0.5322792 secs] [Times: user=2.50 sys=0.00, real=0.53 secs] 
4897.177: [GC (Allocation Failure) [PSYoungGen: 311808K->92640K(505344K)] 536975K->317807K(1903616K), 0.0984359 secs] [Times: user=0.58 sys=0.01, real=0.10 secs] 
4897.541: [GC (Allocation Failure) [PSYoungGen: 404448K->156064K(496128K)] 629615K->467786K(1894400K), 0.0555720 secs] [Times: user=0.33 sys=0.00, real=0.06 secs] 
4901.234: [GC (Allocation Failure) [PSYoungGen: 458656K->86976K(500736K)] 770378K->554546K(1899008K), 0.1670558 secs] [Times: user=1.00 sys=0.00, real=0.16 secs] 
4901.661: [GC (Allocation Failure) [PSYoungGen: 389568K->198112K(431104K)] 857138K->748403K(1829376K), 0.0554738 secs] [Times: user=0.33 sys=0.00, real=0.06 secs] 
4903.885: [GC (Allocation Failure) [PSYoungGen: 431072K->59360K(465920K)] 981363K->758371K(1864192K), 0.1562219 secs] [Times: user=0.93 sys=0.00, real=0.15 secs] 
4906.235: [GC (Allocation Failure) [PSYoungGen: 292320K->109344K(465920K)] 991331K->863928K(1864192K), 0.0385053 secs] [Times: user=0.23 sys=0.00, real=0.03 secs] 
4907.210: [GC (Allocation Failure) [PSYoungGen: 337836K->136512K(465920K)] 1092420K->991304K(1864192K), 0.0646889 secs] [Times: user=0.39 sys=0.00, real=0.07 secs] 
4910.101: [GC (Allocation Failure) [PSYoungGen: 369472K->57536K(465920K)] 1224264K->1028512K(1864192K), 0.1425166 secs] [Times: user=0.77 sys=0.00, real=0.15 secs] 
4910.594: [GC (Allocation Failure) [PSYoungGen: 290496K->116608K(349696K)] 1261472K->1139357K(1747968K), 0.0403100 secs] [Times: user=0.24 sys=0.00, real=0.04 secs] 
4911.748: [GC (Allocation Failure) [PSYoungGen: 349568K->81664K(462848K)] 1372317K->1212573K(1861120K), 0.0560286 secs] [Times: user=0.33 sys=0.00, real=0.06 secs] 
4913.744: [GC (Allocation Failure) [PSYoungGen: 318208K->106400K(459264K)] 1449117K->1317602K(1857536K), 0.0776408 secs] [Times: user=0.46 sys=0.00, real=0.07 secs] 
4914.008: [GC (Allocation Failure) [PSYoungGen: 342944K->140512K(465408K)] 1554146K->1440598K(1863680K), 0.0536408 secs] [Times: user=0.31 sys=0.00, real=0.05 secs] 
4914.061: [Full GC (Ergonomics) [PSYoungGen: 140512K->0K(465408K)] [ParOldGen: 1300086K->227689K(1398272K)] 1440598K->227689K(1863680K), [Metaspace: 59564K->59564K(1105920K)], 0.5335903 secs] [Times: user=2.49 sys=0.00, real=0.54 secs] 
4917.079: [GC (Allocation Failure) [PSYoungGen: 250880K->64352K(464384K)] 478569K->292041K(1862656K), 0.1148181 secs] [Times: user=0.68 sys=0.01, real=0.12 secs] 
4918.007: [GC (Allocation Failure) [PSYoungGen: 315232K->123328K(473088K)] 542921K->411806K(1871360K), 0.0394568 secs] [Times: user=0.23 sys=0.00, real=0.04 secs] 
4919.230: [GC (Allocation Failure) [PSYoungGen: 395200K->93472K(478720K)] 683678K->497194K(1876992K), 0.0587500 secs] [Times: user=0.35 sys=0.00, real=0.06 secs] 
4921.561: [GC (Allocation Failure) [PSYoungGen: 365344K->120960K(480768K)] 769066K->616794K(1879040K), 0.0677322 secs] [Times: user=0.40 sys=0.00, real=0.07 secs] 
4923.550: [GC (Allocation Failure) [PSYoungGen: 411776K->124960K(486400K)] 907610K->731778K(1884672K), 0.0626572 secs] [Times: user=0.38 sys=0.00, real=0.06 secs] 
4926.320: [GC (Allocation Failure) [PSYoungGen: 415776K->104064K(490496K)] 1022594K->836010K(1888768K), 0.0871417 secs] [Times: user=0.51 sys=0.00, real=0.09 secs] 
4927.552: [GC (Allocation Failure) [PSYoungGen: 415872K->144288K(497664K)] 1147818K->969363K(1895936K), 0.0615348 secs] [Times: user=0.37 sys=0.00, real=0.06 secs] 
4929.610: [GC (Allocation Failure) [PSYoungGen: 456096K->108544K(504832K)] 1281171K->1077683K(1903104K), 0.0794568 secs] [Times: user=0.47 sys=0.00, real=0.08 secs] 
4931.176: [GC (Allocation Failure) [PSYoungGen: 431616K->139936K(506880K)] 1400755K->1207168K(1905152K), 0.0616345 secs] [Times: user=0.37 sys=0.00, real=0.06 secs] 
4933.062: [GC (Allocation Failure) [PSYoungGen: 463008K->123680K(507392K)] 1530240K->1330656K(1905664K), 0.0745266 secs] [Times: user=0.44 sys=0.00, real=0.08 secs] 
4935.063: [GC (Allocation Failure) [PSYoungGen: 452384K->2304K(331264K)] 1659360K->1209324K(1729536K), 0.0041231 secs] [Times: user=0.02 sys=0.00, real=0.00 secs] 
4937.447: [GC (Allocation Failure) [PSYoungGen: 331008K->142144K(495616K)] 1538028K->1349753K(1893888K), 0.0364590 secs] [Times: user=0.22 sys=0.01, real=0.03 secs] 
4937.483: [Full GC (Ergonomics) [PSYoungGen: 142144K->0K(495616K)] [ParOldGen: 1207609K->157715K(1398272K)] 1349753K->157715K(1893888K), [Metaspace: 59567K->59567K(1105920K)], 0.3615333 secs] [Times: user=1.65 sys=0.00, real=0.37 secs] 
4939.019: [GC (Allocation Failure) [PSYoungGen: 300544K->109632K(410624K)] 458259K->267347K(1808896K), 0.0414388 secs] [Times: user=0.24 sys=0.00, real=0.04 secs] 
4941.739: [GC (Allocation Failure) [PSYoungGen: 410176K->134688K(494080K)] 567891K->400296K(1892352K), 0.0580882 secs] [Times: user=0.34 sys=0.00, real=0.06 secs] 
4942.994: [GC (Allocation Failure) [PSYoungGen: 438304K->114144K(495104K)] 703912K->504952K(1893376K), 0.0631284 secs] [Times: user=0.37 sys=0.00, real=0.06 secs] 
4945.396: [GC (Allocation Failure) [PSYoungGen: 417760K->130144K(502272K)] 808568K->634165K(1900544K), 0.0703773 secs] [Times: user=0.42 sys=0.00, real=0.07 secs] 
4947.116: [GC (Allocation Failure) [PSYoungGen: 448096K->118400K(501248K)] 952117K->743405K(1899520K), 0.0642346 secs] [Times: user=0.39 sys=0.00, real=0.06 secs] 
4949.038: [GC (Allocation Failure) [PSYoungGen: 436352K->141216K(505344K)] 1061357K->883146K(1903616K), 0.0600575 secs] [Times: user=0.36 sys=0.00, real=0.06 secs] 
4950.315: [GC (Allocation Failure) [PSYoungGen: 468896K->9632K(337408K)] 1210826K->751682K(1735680K), 0.0037111 secs] [Times: user=0.02 sys=0.00, real=0.00 secs] 
4952.784: [GC (Allocation Failure) [PSYoungGen: 337312K->154624K(487424K)] 1079362K->903711K(1885696K), 0.0329423 secs] [Times: user=0.20 sys=0.00, real=0.03 secs] 
4953.977: [GC (Allocation Failure) [PSYoungGen: 449024K->100032K(496640K)] 1198111K->995003K(1894912K), 0.0682209 secs] [Times: user=0.41 sys=0.00, real=0.07 secs] 
4957.508: [GC (Allocation Failure) [PSYoungGen: 394432K->136096K(496640K)] 1289403K->1128727K(1894912K), 0.0519714 secs] [Times: user=0.30 sys=0.00, real=0.05 secs] 
4958.757: [GC (Allocation Failure) [PSYoungGen: 437664K->104640K(406528K)] 1430300K->1224336K(1804800K), 0.0637468 secs] [Times: user=0.37 sys=0.00, real=0.06 secs] 
4962.086: [GC (Allocation Failure) [PSYoungGen: 406208K->135328K(496128K)] 1525904K->1358104K(1894400K), 0.0596056 secs] [Times: user=0.35 sys=0.01, real=0.06 secs] 
4962.146: [Full GC (Ergonomics) [PSYoungGen: 135328K->0K(496128K)] [ParOldGen: 1222776K->153196K(1398272K)] 1358104K->153196K(1894400K), [Metaspace: 59579K->59579K(1105920K)], 0.3607851 secs] [Times: user=1.67 sys=0.00, real=0.36 secs] 
4963.664: [GC (Allocation Failure) [PSYoungGen: 306688K->112192K(497152K)] 459884K->265388K(1895424K), 0.0396521 secs] [Times: user=0.23 sys=0.00, real=0.04 secs] 
4966.785: [GC (Allocation Failure) [PSYoungGen: 418880K->133952K(502272K)] 572076K->398365K(1900544K), 0.0690105 secs] [Times: user=0.41 sys=0.00, real=0.07 secs] 
4968.132: [GC (Allocation Failure) [PSYoungGen: 452928K->116672K(502272K)] 717341K->505381K(1900544K), 0.0638966 secs] [Times: user=0.38 sys=0.00, real=0.07 secs] 
4970.885: [GC (Allocation Failure) [PSYoungGen: 435648K->144224K(505344K)] 824357K->647810K(1903616K), 0.0578219 secs] [Times: user=0.34 sys=0.00, real=0.05 secs] 
4972.210: [GC (Allocation Failure) [PSYoungGen: 472416K->116960K(509440K)] 976002K->754994K(1907712K), 0.0664682 secs] [Times: user=0.39 sys=0.00, real=0.07 secs] 
4974.863: [GC (Allocation Failure) [PSYoungGen: 445152K->153056K(509440K)] 1083186K->905555K(1907712K), 0.0570764 secs] [Times: user=0.33 sys=0.00, real=0.06 secs] 
4977.938: [GC (GCLocker Initiated GC) [PSYoungGen: 486880K->112992K(516096K)] 1239380K->1009464K(1914368K), 0.1544574 secs] [Times: user=0.92 sys=0.01, real=0.15 secs] 
4979.530: [GC (Allocation Failure) [PSYoungGen: 446816K->150528K(510464K)] 1359706K->1173045K(1908736K), 0.2768282 secs] [Times: user=1.66 sys=0.00, real=0.28 secs] 
4983.962: [GC (Allocation Failure) [PSYoungGen: 482816K->101728K(515584K)] 1505333K->1274577K(1913856K), 0.4338816 secs] [Times: user=2.55 sys=0.01, real=0.44 secs] 
4984.734: [GC (Allocation Failure) [PSYoungGen: 434016K->164736K(498176K)] 1606865K->1433597K(1896448K), 0.0595687 secs] [Times: user=0.34 sys=0.01, real=0.06 secs] 
4984.794: [Full GC (Ergonomics) [PSYoungGen: 164736K->0K(498176K)] [ParOldGen: 1268861K->229461K(1398272K)] 1433597K->229461K(1896448K), [Metaspace: 59582K->59582K(1105920K)], 0.5352652 secs] [Times: user=2.50 sys=0.00, real=0.53 secs] 
4988.774: [GC (Allocation Failure) [PSYoungGen: 316928K->95936K(507904K)] 546389K->325397K(1906176K), 0.0733523 secs] [Times: user=0.43 sys=0.01, real=0.07 secs] 
4989.160: [GC (Allocation Failure) [PSYoungGen: 412864K->159040K(495616K)] 642325K->478726K(1893888K), 0.0575555 secs] [Times: user=0.34 sys=0.00, real=0.06 secs] 
4992.024: [GC (Allocation Failure) [PSYoungGen: 464704K->89344K(502272K)] 784390K->568254K(1900544K), 0.1273163 secs] [Times: user=0.72 sys=0.00, real=0.12 secs] 
4992.383: [GC (Allocation Failure) [PSYoungGen: 395008K->153344K(495104K)] 873918K->715427K(1893376K), 0.0562075 secs] [Times: user=0.34 sys=0.00, real=0.06 secs] 
4995.887: [GC (Allocation Failure) [PSYoungGen: 452864K->86368K(499200K)] 1014947K->801967K(1897472K), 0.1374585 secs] [Times: user=0.82 sys=0.01, real=0.14 secs] 
4996.289: [GC (Allocation Failure) [PSYoungGen: 385888K->150176K(494592K)] 1101487K->945995K(1892864K), 0.0550557 secs] [Times: user=0.33 sys=0.00, real=0.06 secs] 
4999.897: [GC (Allocation Failure) [PSYoungGen: 445600K->82400K(497152K)] 1241419K->1028363K(1895424K), 0.1636665 secs] [Times: user=0.97 sys=0.00, real=0.16 secs] 
5000.437: [GC (Allocation Failure) [PSYoungGen: 377824K->146240K(494592K)] 1323787K->1168856K(1892864K), 0.0529482 secs] [Times: user=0.32 sys=0.00, real=0.05 secs] 
5003.381: [GC (Allocation Failure) [PSYoungGen: 438844K->88160K(381952K)] 1461461K->1256520K(1780224K), 0.1601827 secs] [Times: user=0.95 sys=0.01, real=0.16 secs] 
5003.974: [GC (Allocation Failure) [PSYoungGen: 378866K->138464K(496640K)] 1547227K->1391425K(1894912K), 0.0495528 secs] [Times: user=0.29 sys=0.01, real=0.05 secs] 
5004.023: [Full GC (Ergonomics) [PSYoungGen: 138464K->0K(496640K)] [ParOldGen: 1252961K->196135K(1398272K)] 1391425K->196135K(1894912K), [Metaspace: 59583K->59583K(1105920K)], 0.4924103 secs] [Times: user=2.29 sys=0.00, real=0.49 secs] 
5006.793: [GC (Allocation Failure) [PSYoungGen: 295936K->100448K(396800K)] 492071K->296583K(1795072K), 0.0954767 secs] [Times: user=0.56 sys=0.00, real=0.10 secs] 
5007.966: [GC (Allocation Failure) [PSYoungGen: 396384K->145120K(492032K)] 592519K->438432K(1890304K), 0.0478047 secs] [Times: user=0.28 sys=0.00, real=0.05 secs] 
5011.601: [GC (Allocation Failure) [PSYoungGen: 441568K->93312K(494080K)] 734880K->523528K(1892352K), 0.0983169 secs] [Times: user=0.59 sys=0.00, real=0.10 secs] 
5013.360: [GC (Allocation Failure) [PSYoungGen: 389760K->140128K(499712K)] 819976K->660613K(1897984K), 0.0473637 secs] [Times: user=0.28 sys=0.00, real=0.05 secs] 
5014.630: [GC (Allocation Failure) [PSYoungGen: 445280K->104000K(409600K)] 965765K->755677K(1807872K), 0.0675948 secs] [Times: user=0.40 sys=0.00, real=0.07 secs] 
5017.235: [GC (Allocation Failure) [PSYoungGen: 409152K->151904K(494592K)] 1060829K->904577K(1892864K), 0.0516840 secs] [Times: user=0.31 sys=0.00, real=0.05 secs] 
5018.661: [GC (Allocation Failure) [PSYoungGen: 456032K->103456K(499712K)] 1208705K->990705K(1897984K), 0.0918544 secs] [Times: user=0.54 sys=0.01, real=0.09 secs] 
5021.234: [GC (Allocation Failure) [PSYoungGen: 407584K->142048K(503296K)] 1294833K->1129542K(1901568K), 0.0514785 secs] [Times: user=0.30 sys=0.00, real=0.05 secs] 
5022.651: [GC (GCLocker Initiated GC) [PSYoungGen: 453856K->107936K(419840K)] 1441350K->1227939K(1818112K), 0.0945414 secs] [Times: user=0.55 sys=0.00, real=0.10 secs] 
5025.182: [GC (Allocation Failure) [PSYoungGen: 419744K->152960K(497664K)] 1539749K->1378354K(1895936K), 0.0540666 secs] [Times: user=0.32 sys=0.00, real=0.06 secs] 
5025.236: [Full GC (Ergonomics) [PSYoungGen: 152960K->0K(497664K)] [ParOldGen: 1225394K->169141K(1398272K)] 1378354K->169141K(1895936K), [Metaspace: 59583K->59583K(1105920K)], 0.4028452 secs] [Times: user=1.88 sys=0.00, real=0.40 secs] 
5026.795: [GC (Allocation Failure) [PSYoungGen: 309760K->108032K(502784K)] 478901K->277173K(1901056K), 0.0368856 secs] [Times: user=0.21 sys=0.00, real=0.03 secs] 
5029.502: [GC (Allocation Failure) [PSYoungGen: 417792K->144288K(505344K)] 586933K->418925K(1903616K), 0.0540058 secs] [Times: user=0.32 sys=0.00, real=0.06 secs] 
5031.347: [GC (Allocation Failure) [PSYoungGen: 460704K->110496K(427008K)] 735341K->520209K(1825280K), 0.0993441 secs] [Times: user=0.59 sys=0.00, real=0.10 secs] 
5033.505: [GC (Allocation Failure) [PSYoungGen: 426912K->148288K(502784K)] 836625K->665728K(1901056K), 0.0537875 secs] [Times: user=0.31 sys=0.00, real=0.05 secs] 
5035.289: [GC (Allocation Failure) [PSYoungGen: 464704K->108832K(505856K)] 982144K->765304K(1904128K), 0.1673478 secs] [Times: user=1.00 sys=0.01, real=0.17 secs] 
5037.492: [GC (Allocation Failure) [PSYoungGen: 425248K->149184K(505856K)] 1081720K->910585K(1904128K), 0.0534406 secs] [Times: user=0.31 sys=0.00, real=0.06 secs] 
5039.946: [GC (Allocation Failure) [PSYoungGen: 469184K->109984K(508928K)] 1230585K->1011281K(1907200K), 0.1719248 secs] [Times: user=1.02 sys=0.00, real=0.17 secs] 
5041.210: [GC (Allocation Failure) [PSYoungGen: 423888K->152960K(504320K)] 1325185K->1160044K(1902592K), 0.0544173 secs] [Times: user=0.33 sys=0.00, real=0.06 secs] 
5043.673: [GC (Allocation Failure) [PSYoungGen: 471936K->107168K(508928K)] 1479020K->1258412K(1907200K), 0.1726482 secs] [Times: user=1.02 sys=0.00, real=0.18 secs] 
5044.683: [GC (Allocation Failure) [PSYoungGen: 413617K->144032K(507904K)] 1564861K->1398845K(1906176K), 0.0528748 secs] [Times: user=0.32 sys=0.00, real=0.05 secs] 
5044.736: [Full GC (Ergonomics) [PSYoungGen: 144032K->0K(507904K)] [ParOldGen: 1254813K->196050K(1398272K)] 1398845K->196050K(1906176K), [Metaspace: 59647K->59647K(1105920K)], 0.4669650 secs] [Times: user=2.16 sys=0.00, real=0.47 secs] 
5048.792: [GC (Allocation Failure) [PSYoungGen: 321536K->108224K(509440K)] 517586K->304274K(1907712K), 0.0985901 secs] [Times: user=0.58 sys=0.00, real=0.10 secs] 
5050.305: [GC (Allocation Failure) [PSYoungGen: 429760K->155136K(504320K)] 625810K->454999K(1902592K), 0.0512637 secs] [Times: user=0.30 sys=0.00, real=0.05 secs] 
5053.487: [GC (Allocation Failure) [PSYoungGen: 474112K->97312K(508928K)] 773975K->551499K(1907200K), 0.1705317 secs] [Times: user=0.99 sys=0.00, real=0.17 secs] 
5054.466: [GC (Allocation Failure) [PSYoungGen: 416288K->156288K(499200K)] 870475K->701952K(1897472K), 0.0550040 secs] [Times: user=0.33 sys=0.00, real=0.05 secs] 
5058.334: [GC (Allocation Failure) [PSYoungGen: 466048K->91392K(504320K)] 1011712K->792936K(1902592K), 0.1775413 secs] [Times: user=1.06 sys=0.00, real=0.17 secs] 
5059.359: [GC (Allocation Failure) [PSYoungGen: 401152K->154624K(496640K)] 1102696K->941140K(1894912K), 0.0547150 secs] [Times: user=0.32 sys=0.00, real=0.06 secs] 
5061.933: [GC (Allocation Failure) [PSYoungGen: 457216K->88992K(500736K)] 1243732K->1030180K(1899008K), 0.1484202 secs] [Times: user=0.88 sys=0.01, real=0.15 secs] 
5062.970: [GC (Allocation Failure) [PSYoungGen: 391584K->150592K(496128K)] 1332772K->1174933K(1894400K), 0.1453698 secs] [Times: user=0.86 sys=0.00, real=0.15 secs] 
5065.832: [GC (Allocation Failure) [PSYoungGen: 446831K->88544K(498688K)] 1471172K->1263617K(1896960K), 0.1663094 secs] [Times: user=0.99 sys=0.00, real=0.17 secs] 
5066.630: [GC (Allocation Failure) [PSYoungGen: 383234K->138912K(494080K)] 1558307K->1399366K(1892352K), 0.0497258 secs] [Times: user=0.30 sys=0.01, real=0.05 secs] 
5066.680: [Full GC (Ergonomics) [PSYoungGen: 138912K->0K(494080K)] [ParOldGen: 1260454K->196892K(1398272K)] 1399366K->196892K(1892352K), [Metaspace: 59647K->59647K(1105920K)], 0.4622549 secs] [Times: user=2.13 sys=0.00, real=0.46 secs] 
5070.392: [GC (Allocation Failure) [PSYoungGen: 299008K->98272K(496640K)] 495900K->295164K(1894912K), 0.0501186 secs] [Times: user=0.30 sys=0.00, real=0.05 secs] 
5071.995: [GC (Allocation Failure) [PSYoungGen: 397280K->144960K(500224K)] 594172K->434992K(1898496K), 0.0470086 secs] [Times: user=0.28 sys=0.00, real=0.04 secs] 
5073.618: [GC (Allocation Failure) [PSYoungGen: 450112K->105472K(411136K)] 740144K->531336K(1809408K), 0.1137643 secs] [Times: user=0.68 sys=0.00, real=0.11 secs] 
5074.922: [GC (Allocation Failure) [PSYoungGen: 410624K->147424K(497152K)] 836488K->675028K(1895424K), 0.0520810 secs] [Times: user=0.31 sys=0.00, real=0.06 secs] 
5077.063: [GC (Allocation Failure) [PSYoungGen: 452576K->100032K(499712K)] 980180K->766124K(1897984K), 0.1752410 secs] [Times: user=1.04 sys=0.01, real=0.18 secs] 
5078.385: [GC (Allocation Failure) [PSYoungGen: 405184K->145632K(502784K)] 1071276K->908205K(1901056K), 0.0510955 secs] [Times: user=0.31 sys=0.00, real=0.05 secs] 
5080.498: [GC (Allocation Failure) [PSYoungGen: 456416K->106560K(417792K)] 1218989K->1005301K(1816064K), 0.1755261 secs] [Times: user=1.05 sys=0.00, real=0.18 secs] 
5083.249: [GC (Allocation Failure) [PSYoungGen: 417344K->147904K(500736K)] 1316085K->1149226K(1899008K), 0.0528577 secs] [Times: user=0.31 sys=0.00, real=0.05 secs] 
5085.376: [GC (Allocation Failure) [PSYoungGen: 458688K->104192K(503296K)] 1460010K->1243842K(1901568K), 0.1657501 secs] [Times: user=0.99 sys=0.00, real=0.16 secs] 
5087.022: [GC (Allocation Failure) [PSYoungGen: 414976K->148672K(503296K)] 1554626K->1389015K(1901568K), 0.0523425 secs] [Times: user=0.31 sys=0.00, real=0.06 secs] 
5087.074: [Full GC (Ergonomics) [PSYoungGen: 148672K->0K(503296K)] [ParOldGen: 1240343K->186118K(1398272K)] 1389015K->186118K(1901568K), [Metaspace: 59647K->59647K(1105920K)], 0.4470934 secs] [Times: user=2.09 sys=0.00, real=0.44 secs] 
5089.844: [GC (Allocation Failure) [PSYoungGen: 313856K->105888K(505856K)] 499974K->292006K(1904128K), 0.0942299 secs] [Times: user=0.55 sys=0.00, real=0.09 secs] 
5091.706: [GC (Allocation Failure) [PSYoungGen: 419744K->149952K(503296K)] 605862K->437534K(1901568K), 0.0515642 secs] [Times: user=0.30 sys=0.00, real=0.05 secs] 
5093.797: [GC (Allocation Failure) [PSYoungGen: 464320K->105664K(506368K)] 751902K->533706K(1904640K), 0.1529262 secs] [Times: user=0.91 sys=0.00, real=0.15 secs] 
5095.299: [GC (Allocation Failure) [PSYoungGen: 420032K->152448K(501760K)] 848074K->681827K(1900032K), 0.0512992 secs] [Times: user=0.30 sys=0.00, real=0.05 secs] 
5098.190: [GC (Allocation Failure) [PSYoungGen: 465280K->105216K(505856K)] 994659K->777963K(1904128K), 0.1498130 secs] [Times: user=0.89 sys=0.00, real=0.15 secs] 
5098.873: [GC (Allocation Failure) [PSYoungGen: 410349K->146400K(505344K)] 1083096K->920743K(1903616K), 0.0505088 secs] [Times: user=0.30 sys=0.00, real=0.06 secs] 
5101.273: [GC (Allocation Failure) [PSYoungGen: 461792K->106880K(422400K)] 1236135K->1018792K(1820672K), 0.1648563 secs] [Times: user=0.98 sys=0.00, real=0.17 secs] 
5102.260: [GC (Allocation Failure) [PSYoungGen: 422272K->153088K(501760K)] 1334184K->1168213K(1900032K), 0.0535908 secs] [Times: user=0.32 sys=0.00, real=0.06 secs] 
5105.397: [GC (Allocation Failure) [PSYoungGen: 466432K->93312K(505856K)] 1481557K->1261093K(1904128K), 0.1668898 secs] [Times: user=0.99 sys=0.00, real=0.17 secs] 
5106.709: [GC (Allocation Failure) [PSYoungGen: 406656K->151968K(499712K)] 1574437K->1409222K(1897984K), 0.0559308 secs] [Times: user=0.33 sys=0.00, real=0.06 secs] 
5106.765: [Full GC (Ergonomics) [PSYoungGen: 151968K->0K(499712K)] [ParOldGen: 1257254K->207144K(1398272K)] 1409222K->207144K(1897984K), [Metaspace: 59647K->59647K(1105920K)], 0.4808113 secs] [Times: user=2.25 sys=0.00, real=0.48 secs] 
5110.174: [GC (Allocation Failure) [PSYoungGen: 307712K->93664K(503296K)] 514856K->300808K(1901568K), 0.1560725 secs] [Times: user=0.93 sys=0.00, real=0.15 secs] 
5111.152: [GC (Allocation Failure) [PSYoungGen: 401376K->150784K(499200K)] 608520K->448181K(1897472K), 0.0530419 secs] [Times: user=0.31 sys=0.00, real=0.06 secs] 
5114.010: [GC (Allocation Failure) [PSYoungGen: 455424K->90048K(501760K)] 752821K->538437K(1900032K), 0.1683801 secs] [Times: user=1.00 sys=0.00, real=0.17 secs] 
5115.444: [GC (Allocation Failure) [PSYoungGen: 381452K->140128K(499200K)] 829842K->674762K(1897472K), 0.0489615 secs] [Times: user=0.29 sys=0.00, real=0.05 secs] 
5117.863: [GC (Allocation Failure) [PSYoungGen: 445280K->102176K(500736K)] 979914K->767978K(1899008K), 0.1579238 secs] [Times: user=0.93 sys=0.01, real=0.16 secs] 
5119.331: [GC (Allocation Failure) [PSYoungGen: 407328K->146528K(500224K)] 1073130K->910427K(1898496K), 0.0494293 secs] [Times: user=0.30 sys=0.00, real=0.05 secs] 
5121.571: [GC (Allocation Failure) [PSYoungGen: 454240K->102496K(501760K)] 1218139K->1003867K(1900032K), 0.1688176 secs] [Times: user=1.01 sys=0.00, real=0.17 secs] 
5123.333: [GC (Allocation Failure) [PSYoungGen: 410208K->147808K(500736K)] 1311579K->1147440K(1899008K), 0.0495994 secs] [Times: user=0.30 sys=0.00, real=0.05 secs] 
5125.709: [GC (Allocation Failure) [PSYoungGen: 457568K->103968K(503296K)] 1457200K->1242428K(1901568K), 0.1705237 secs] [Times: user=1.02 sys=0.00, real=0.17 secs] 
5127.711: [GC (Allocation Failure) [PSYoungGen: 413728K->148928K(501760K)] 1552188K->1387853K(1900032K), 0.0513081 secs] [Times: user=0.30 sys=0.00, real=0.05 secs] 
5127.763: [Full GC (Ergonomics) [PSYoungGen: 148928K->0K(501760K)] [ParOldGen: 1238925K->193568K(1398272K)] 1387853K->193568K(1900032K), [Metaspace: 59647K->59647K(1105920K)], 0.4681834 secs] [Times: user=2.19 sys=0.00, real=0.47 secs] 
5129.967: [GC (Allocation Failure) [PSYoungGen: 311296K->103264K(504832K)] 504864K->296832K(1903104K), 0.0603245 secs] [Times: user=0.35 sys=0.01, real=0.06 secs] 
5131.173: [GC (Allocation Failure) [PSYoungGen: 414560K->150656K(502272K)] 608128K->443177K(1900544K), 0.0496120 secs] [Times: user=0.29 sys=0.00, real=0.05 secs] 
5133.843: [GC (Allocation Failure) [PSYoungGen: 462464K->103616K(505344K)] 754985K->538321K(1903616K), 0.1518948 secs] [Times: user=0.90 sys=0.01, real=0.15 secs] 
5134.793: [GC (Allocation Failure) [PSYoungGen: 411883K->148096K(503808K)] 846588K->682366K(1902080K), 0.0500604 secs] [Times: user=0.30 sys=0.00, real=0.05 secs] 
5137.640: [GC (Allocation Failure) [PSYoungGen: 460928K->104896K(417792K)] 995198K->777862K(1816064K), 0.1638102 secs] [Times: user=0.98 sys=0.00, real=0.17 secs] 
5138.801: [GC (Allocation Failure) [PSYoungGen: 406184K->146304K(502784K)] 1079150K->920159K(1901056K), 0.0501769 secs] [Times: user=0.30 sys=0.00, real=0.05 secs] 
5141.649: [GC (Allocation Failure) [PSYoungGen: 459136K->101024K(504832K)] 1232991K->1012663K(1903104K), 0.1691224 secs] [Times: user=0.99 sys=0.01, real=0.17 secs] 
5143.193: [GC (Allocation Failure) [PSYoungGen: 413856K->150592K(502272K)] 1325495K->1159131K(1900544K), 0.0500837 secs] [Times: user=0.29 sys=0.00, real=0.05 secs] 
5145.920: [GC (Allocation Failure) [PSYoungGen: 463424K->103968K(505856K)] 1471963K->1254416K(1904128K), 0.1720574 secs] [Times: user=0.89 sys=0.00, real=0.17 secs] 
5147.341: [GC (Allocation Failure) [PSYoungGen: 411735K->147136K(504320K)] 1562183K->1397464K(1902592K), 0.0502677 secs] [Times: user=0.30 sys=0.00, real=0.05 secs] 
5147.392: [Full GC (Ergonomics) [PSYoungGen: 147136K->0K(504320K)] [ParOldGen: 1250328K->195941K(1398272K)] 1397464K->195941K(1902592K), [Metaspace: 59686K->59686K(1105920K)], 0.4711558 secs] [Times: user=2.19 sys=0.00, real=0.47 secs] 
5150.515: [GC (Allocation Failure) [PSYoungGen: 314368K->104544K(506368K)] 510309K->300485K(1904640K), 0.0951659 secs] [Times: user=0.56 sys=0.00, real=0.09 secs] 
5151.184: [GC (Allocation Failure) [PSYoungGen: 418912K->170848K(487936K)] 614853K->467774K(1886208K), 0.0514732 secs] [Times: user=0.30 sys=0.00, real=0.05 secs] 
5153.833: [GC (Allocation Failure) [PSYoungGen: 469344K->85440K(498688K)] 766270K->536878K(1896960K), 0.1274040 secs] [Times: user=0.76 sys=0.00, real=0.13 secs] 
5155.554: [GC (Allocation Failure) [PSYoungGen: 383936K->153056K(492544K)] 835374K->685605K(1890816K), 0.0496826 secs] [Times: user=0.30 sys=0.00, real=0.05 secs] 
5157.390: [GC (Allocation Failure) [PSYoungGen: 445408K->97664K(495616K)] 977957K->766201K(1893888K), 0.1659157 secs] [Times: user=0.99 sys=0.00, real=0.17 secs] 
5158.780: [GC (Allocation Failure) [PSYoungGen: 390016K->143520K(494080K)] 1058553K->905538K(1892352K), 0.0484391 secs] [Times: user=0.29 sys=0.00, real=0.05 secs] 
5160.041: [GC (Allocation Failure) [PSYoungGen: 438432K->94880K(495104K)] 1200450K->991898K(1893376K), 0.0688777 secs] [Times: user=0.41 sys=0.00, real=0.07 secs] 
5162.861: [GC (Allocation Failure) [PSYoungGen: 389792K->138016K(495616K)] 1286810K->1127263K(1893888K), 0.0516129 secs] [Times: user=0.30 sys=0.00, real=0.05 secs] 
5164.120: [GC (Allocation Failure) [PSYoungGen: 438560K->106240K(496640K)] 1427807K->1224483K(1894912K), 0.0651255 secs] [Times: user=0.38 sys=0.00, real=0.07 secs] 
5166.856: [GC (Allocation Failure) [PSYoungGen: 406784K->136512K(501248K)] 1525027K->1358620K(1899520K), 0.0533756 secs] [Times: user=0.32 sys=0.00, real=0.05 secs] 
5166.909: [Full GC (Ergonomics) [PSYoungGen: 136512K->0K(501248K)] [ParOldGen: 1222108K->156273K(1398272K)] 1358620K->156273K(1899520K), [Metaspace: 59686K->59686K(1105920K)], 0.3704297 secs] [Times: user=1.70 sys=0.00, real=0.37 secs] 
5168.435: [GC (Allocation Failure) [PSYoungGen: 309248K->109792K(499712K)] 465521K->266065K(1897984K), 0.0386269 secs] [Times: user=0.23 sys=0.00, real=0.04 secs] 
5171.251: [GC (Allocation Failure) [PSYoungGen: 419040K->141376K(502272K)] 575313K->405558K(1900544K), 0.0604996 secs] [Times: user=0.36 sys=0.00, real=0.06 secs] 
5172.520: [GC (Allocation Failure) [PSYoungGen: 457280K->111008K(502784K)] 721462K->507274K(1901056K), 0.0674995 secs] [Times: user=0.40 sys=0.00, real=0.07 secs] 
5175.409: [GC (Allocation Failure) [PSYoungGen: 426912K->145696K(505856K)] 823178K->650623K(1904128K), 0.0547570 secs] [Times: user=0.33 sys=0.00, real=0.06 secs] 
5176.655: [GC (Allocation Failure) [PSYoungGen: 468768K->111360K(508416K)] 973695K->752787K(1906688K), 0.0662358 secs] [Times: user=0.39 sys=0.00, real=0.06 secs] 
5179.175: [GC (Allocation Failure) [PSYoungGen: 434432K->151712K(507904K)] 1075859K->901522K(1906176K), 0.0544355 secs] [Times: user=0.33 sys=0.00, real=0.05 secs] 
5180.876: [GC (Allocation Failure) [PSYoungGen: 477856K->113472K(512512K)] 1227666K->1005606K(1910784K), 0.1693839 secs] [Times: user=1.00 sys=0.01, real=0.17 secs] 
5183.133: [GC (Allocation Failure) [PSYoungGen: 439616K->156544K(504832K)] 1331750K->1157663K(1903104K), 0.0551411 secs] [Times: user=0.33 sys=0.00, real=0.06 secs] 
5185.678: [GC (Allocation Failure) [PSYoungGen: 478592K->106304K(510464K)] 1479711K->1254571K(1908736K), 0.1489776 secs] [Times: user=0.88 sys=0.01, real=0.15 secs] 
5186.798: [GC (Allocation Failure) [PSYoungGen: 412508K->147136K(509440K)] 1560776K->1397624K(1907712K), 0.0509630 secs] [Times: user=0.30 sys=0.01, real=0.05 secs] 
5186.849: [Full GC (Ergonomics) [PSYoungGen: 147136K->0K(509440K)] [ParOldGen: 1250488K->195758K(1398272K)] 1397624K->195758K(1907712K), [Metaspace: 59686K->59686K(1105920K)], 0.4732159 secs] [Times: user=2.12 sys=0.00, real=0.47 secs] 
5190.517: [GC (Allocation Failure) [PSYoungGen: 323072K->106688K(430080K)] 518830K->302446K(1828352K), 0.1017321 secs] [Times: user=0.60 sys=0.00, real=0.10 secs] 
5192.390: [GC (Allocation Failure) [PSYoungGen: 414681K->144736K(509440K)] 610440K->443415K(1907712K), 0.0494897 secs] [Times: user=0.30 sys=0.00, real=0.05 secs] 
5195.269: [GC (Allocation Failure) [PSYoungGen: 468320K->108704K(510464K)] 766999K->543435K(1908736K), 0.1573762 secs] [Times: user=0.94 sys=0.00, real=0.16 secs] 
5195.994: [GC (Allocation Failure) [PSYoungGen: 432288K->157216K(503296K)] 867019K->696892K(1901568K), 0.0522442 secs] [Times: user=0.31 sys=0.00, real=0.05 secs] 
5199.307: [GC (Allocation Failure) [PSYoungGen: 476192K->95232K(508928K)] 1015868K->791852K(1907200K), 0.1518985 secs] [Times: user=0.90 sys=0.00, real=0.15 secs] 
5200.181: [GC (Allocation Failure) [PSYoungGen: 414208K->159328K(497152K)] 1110828K->945004K(1895424K), 0.0556265 secs] [Times: user=0.33 sys=0.00, real=0.06 secs] 
5203.173: [GC (Allocation Failure) [PSYoungGen: 467040K->92096K(503296K)] 1252716K->1036940K(1901568K), 0.1299858 secs] [Times: user=0.78 sys=0.00, real=0.13 secs] 
5203.910: [GC (Allocation Failure) [PSYoungGen: 399808K->153120K(496640K)] 1344652K->1184417K(1894912K), 0.0546097 secs] [Times: user=0.32 sys=0.00, real=0.06 secs] 
5206.253: [GC (Allocation Failure) [PSYoungGen: 454688K->91392K(500224K)] 1485985K->1275825K(1898496K), 0.0817095 secs] [Times: user=0.49 sys=0.00, real=0.09 secs] 
5207.337: [GC (GCLocker Initiated GC) [PSYoungGen: 392960K->147200K(499200K)] 1577393K->1417130K(1897472K), 0.1458750 secs] [Times: user=0.87 sys=0.00, real=0.14 secs] 
5207.483: [Full GC (Ergonomics) [PSYoungGen: 147200K->0K(499200K)] [ParOldGen: 1269929K->214251K(1398272K)] 1417130K->214251K(1897472K), [Metaspace: 59686K->59686K(1105920K)], 0.5298944 secs] [Times: user=2.44 sys=0.00, real=0.53 secs] 
5212.794: [GC (GCLocker Initiated GC) [PSYoungGen: 301568K->84576K(386560K)] 515821K->298829K(1784832K), 0.1458324 secs] [Times: user=0.86 sys=0.00, real=0.14 secs] 
5214.310: [GC (Allocation Failure) [PSYoungGen: 386144K->137920K(501760K)] 616784K->449353K(1900032K), 0.2555107 secs] [Times: user=1.53 sys=0.00, real=0.26 secs] 
5217.300: [GC (Allocation Failure) [PSYoungGen: 440512K->92768K(395776K)] 751945K->542321K(1794048K), 0.4266439 secs] [Times: user=2.56 sys=0.00, real=0.43 secs] 
5218.729: [GC (Allocation Failure) [PSYoungGen: 395360K->147840K(495104K)] 844913K->684094K(1893376K), 0.0530498 secs] [Times: user=0.31 sys=0.00, real=0.05 secs] 
5220.887: [GC (Allocation Failure) [PSYoungGen: 447872K->89728K(497664K)] 984126K->773034K(1895936K), 0.1206671 secs] [Times: user=0.72 sys=0.00, real=0.12 secs] 
5222.250: [GC (Allocation Failure) [PSYoungGen: 387206K->143520K(500736K)] 1070513K->912357K(1899008K), 0.0500011 secs] [Times: user=0.29 sys=0.00, real=0.05 secs] 
5225.064: [GC (Allocation Failure) [PSYoungGen: 448160K->101792K(406528K)] 1216997K->1005085K(1804800K), 0.1593866 secs] [Times: user=0.94 sys=0.00, real=0.16 secs] 
5226.437: [GC (Allocation Failure) [PSYoungGen: 406432K->148128K(495616K)] 1309725K->1149493K(1893888K), 0.0505670 secs] [Times: user=0.30 sys=0.00, real=0.05 secs] 
5228.525: [GC (Allocation Failure) [PSYoungGen: 450720K->98880K(498688K)] 1452085K->1239805K(1896960K), 0.1626086 secs] [Times: user=0.97 sys=0.01, real=0.16 secs] 
5229.453: [GC (Allocation Failure) [PSYoungGen: 401472K->145760K(500736K)] 1542397K->1381833K(1899008K), 0.0495493 secs] [Times: user=0.29 sys=0.01, real=0.05 secs] 
5229.502: [Full GC (Ergonomics) [PSYoungGen: 145760K->0K(500736K)] [ParOldGen: 1236073K->188180K(1398272K)] 1381833K->188180K(1899008K), [Metaspace: 59686K->59686K(1105920K)], 0.4530890 secs] [Times: user=2.12 sys=0.00, real=0.46 secs] 
5231.642: [GC (Allocation Failure) [PSYoungGen: 307712K->103808K(411648K)] 495892K->291988K(1809920K), 0.0748202 secs] [Times: user=0.44 sys=0.00, real=0.08 secs] 
5233.376: [GC (Allocation Failure) [PSYoungGen: 411520K->148480K(499712K)] 599700K->436409K(1897984K), 0.0505079 secs] [Times: user=0.30 sys=0.00, real=0.05 secs] 
5235.771: [GC (Allocation Failure) [PSYoungGen: 456704K->101312K(502272K)] 744633K->529065K(1900544K), 0.1673651 secs] [Times: user=0.99 sys=0.00, real=0.17 secs] 
5238.265: [GC (Allocation Failure) [PSYoungGen: 409536K->149408K(500736K)] 837289K->673842K(1899008K), 0.0498934 secs] [Times: user=0.29 sys=0.00, real=0.05 secs] 
5240.193: [GC (Allocation Failure) [PSYoungGen: 459168K->101216K(504320K)] 983602K->765874K(1902592K), 0.1699222 secs] [Times: user=1.01 sys=0.00, real=0.17 secs] 
5242.526: [GC (Allocation Failure) [PSYoungGen: 410976K->148800K(501248K)] 1075634K->910166K(1899520K), 0.0510457 secs] [Times: user=0.30 sys=0.00, real=0.05 secs] 
5244.585: [GC (Allocation Failure) [PSYoungGen: 458560K->105568K(415744K)] 1219926K->1006950K(1814016K), 0.1726962 secs] [Times: user=1.03 sys=0.00, real=0.17 secs] 
5247.328: [GC (Allocation Failure) [PSYoungGen: 415328K->145440K(502272K)] 1316710K->1148459K(1900544K), 0.0521510 secs] [Times: user=0.31 sys=0.00, real=0.05 secs] 
5249.196: [GC (Allocation Failure) [PSYoungGen: 456736K->103968K(503808K)] 1459755K->1243171K(1902080K), 0.1783931 secs] [Times: user=1.06 sys=0.01, real=0.18 secs] 
5250.223: [GC (Allocation Failure) [PSYoungGen: 415264K->149536K(501760K)] 1554467K->1388592K(1900032K), 0.0523227 secs] [Times: user=0.30 sys=0.00, real=0.06 secs] 
5250.275: [Full GC (Ergonomics) [PSYoungGen: 149536K->0K(501760K)] [ParOldGen: 1239056K->187930K(1398272K)] 1388592K->187930K(1900032K), [Metaspace: 59686K->59686K(1105920K)], 0.4584136 secs] [Times: user=2.14 sys=0.00, real=0.46 secs] 
5252.680: [GC (Allocation Failure) [PSYoungGen: 312320K->105184K(504832K)] 500250K->293114K(1903104K), 0.1031187 secs] [Times: user=0.60 sys=0.01, real=0.10 secs] 
5254.037: [GC (Allocation Failure) [PSYoungGen: 417504K->152000K(502272K)] 605434K->441413K(1900544K), 0.0514754 secs] [Times: user=0.30 sys=0.00, real=0.05 secs] 
5256.139: [GC (Allocation Failure) [PSYoungGen: 464832K->105632K(505856K)] 754245K->538241K(1904128K), 0.1453234 secs] [Times: user=0.86 sys=0.00, real=0.15 secs] 
5257.868: [GC (Allocation Failure) [PSYoungGen: 418464K->148736K(503808K)] 851073K->682658K(1902080K), 0.0505688 secs] [Times: user=0.30 sys=0.00, real=0.05 secs] 
5260.321: [GC (Allocation Failure) [PSYoungGen: 462592K->103616K(506368K)] 996514K->777342K(1904640K), 0.1430421 secs] [Times: user=0.84 sys=0.01, real=0.15 secs] 
5262.771: [GC (Allocation Failure) [PSYoungGen: 411588K->148960K(503808K)] 1085314K->921415K(1902080K), 0.0497338 secs] [Times: user=0.30 sys=0.00, real=0.05 secs] 
5265.354: [GC (Allocation Failure) [PSYoungGen: 462816K->104416K(506368K)] 1235271K->1016711K(1904640K), 0.1665448 secs] [Times: user=0.99 sys=0.00, real=0.16 secs] 
5266.418: [GC (Allocation Failure) [PSYoungGen: 412532K->147264K(504832K)] 1324827K->1159805K(1903104K), 0.0506697 secs] [Times: user=0.30 sys=0.00, real=0.05 secs] 
5269.233: [GC (Allocation Failure) [PSYoungGen: 462144K->104640K(506368K)] 1474685K->1255561K(1904640K), 0.1458405 secs] [Times: user=0.81 sys=0.01, real=0.14 secs] 
5271.257: [GC (Allocation Failure) [PSYoungGen: 411851K->146656K(504320K)] 1562772K->1398130K(1902592K), 0.0504107 secs] [Times: user=0.30 sys=0.00, real=0.05 secs] 
5271.308: [Full GC (Ergonomics) [PSYoungGen: 146656K->0K(504320K)] [ParOldGen: 1251474K->195863K(1398272K)] 1398130K->195863K(1902592K), [Metaspace: 59686K->59686K(1105920K)], 0.4638214 secs] [Times: user=2.15 sys=0.00, real=0.46 secs] 
5274.095: [GC (Allocation Failure) [PSYoungGen: 315392K->103360K(506368K)] 511255K->299223K(1904640K), 0.0955562 secs] [Times: user=0.57 sys=0.00, real=0.09 secs] 
5274.852: [GC (Allocation Failure) [PSYoungGen: 409011K->147328K(505344K)] 604875K->442794K(1903616K), 0.0495060 secs] [Times: user=0.30 sys=0.00, real=0.05 secs] 
5277.419: [GC (Allocation Failure) [PSYoungGen: 464256K->103360K(507392K)] 759722K->537658K(1905664K), 0.1643143 secs] [Times: user=0.98 sys=0.00, real=0.16 secs] 
5278.827: [GC (Allocation Failure) [PSYoungGen: 412260K->148576K(505344K)] 846559K->681707K(1903616K), 0.0498044 secs] [Times: user=0.29 sys=0.01, real=0.05 secs] 
5280.882: [GC (Allocation Failure) [PSYoungGen: 466016K->108992K(507904K)] 999147K->781923K(1906176K), 0.1650455 secs] [Times: user=0.99 sys=0.00, real=0.17 secs] 
5281.596: [GC (Allocation Failure) [PSYoungGen: 426432K->155008K(502272K)] 1099363K->932567K(1900544K), 0.0527470 secs] [Times: user=0.31 sys=0.00, real=0.05 secs] 
5284.868: [GC (Allocation Failure) [PSYoungGen: 469888K->94784K(506880K)] 1247447K->1027011K(1905152K), 0.1631713 secs] [Times: user=0.97 sys=0.00, real=0.16 secs] 
5285.913: [GC (Allocation Failure) [PSYoungGen: 409664K->155744K(498176K)] 1341891K->1176874K(1896448K), 0.0563868 secs] [Times: user=0.33 sys=0.00, real=0.06 secs] 
5289.126: [GC (Allocation Failure) [PSYoungGen: 462432K->96064K(502784K)] 1483562K->1272298K(1901056K), 0.1519659 secs] [Times: user=0.91 sys=0.00, real=0.15 secs] 
5289.785: [GC (Allocation Failure) [PSYoungGen: 402752K->151840K(497664K)] 1578986K->1414179K(1895936K), 0.0548789 secs] [Times: user=0.33 sys=0.00, real=0.05 secs] 
5289.840: [Full GC (Ergonomics) [PSYoungGen: 151840K->0K(497664K)] [ParOldGen: 1262339K->212341K(1398272K)] 1414179K->212341K(1895936K), [Metaspace: 59686K->59686K(1105920K)], 0.4942306 secs] [Times: user=2.31 sys=0.00, real=0.50 secs] 
5293.277: [GC (Allocation Failure) [PSYoungGen: 302524K->88928K(500736K)] 514866K->301269K(1899008K), 0.1591633 secs] [Times: user=0.95 sys=0.00, real=0.16 secs] 
5294.417: [GC (Allocation Failure) [PSYoungGen: 376909K->138240K(496128K)] 589251K->435601K(1894400K), 0.0474791 secs] [Times: user=0.28 sys=0.00, real=0.05 secs] 
5296.296: [GC (Allocation Failure) [PSYoungGen: 441344K->101632K(498688K)] 738705K->528665K(1896960K), 0.1616711 secs] [Times: user=0.96 sys=0.00, real=0.16 secs] 
5297.834: [GC (Allocation Failure) [PSYoungGen: 404736K->145440K(501248K)] 831769K->670186K(1899520K), 0.0488059 secs] [Times: user=0.29 sys=0.00, real=0.04 secs] 
5299.716: [GC (Allocation Failure) [PSYoungGen: 454176K->104480K(502784K)] 978922K->765618K(1901056K), 0.1458021 secs] [Times: user=0.85 sys=0.01, real=0.14 secs] 
5300.958: [GC (Allocation Failure) [PSYoungGen: 413216K->148896K(499712K)] 1074354K->910302K(1897984K), 0.0505265 secs] [Times: user=0.30 sys=0.00, real=0.05 secs] 
5303.402: [GC (Allocation Failure) [PSYoungGen: 458144K->103904K(502784K)] 1219550K->1004922K(1901056K), 0.1631530 secs] [Times: user=0.97 sys=0.01, real=0.17 secs] 
5304.992: [GC (Allocation Failure) [PSYoungGen: 413152K->148800K(502784K)] 1314170K->1149779K(1901056K), 0.0512256 secs] [Times: user=0.30 sys=0.00, real=0.05 secs] 
5306.991: [GC (Allocation Failure) [PSYoungGen: 461120K->105312K(505344K)] 1462099K->1246215K(1903616K), 0.1282221 secs] [Times: user=0.76 sys=0.00, real=0.13 secs] 
5308.450: [GC (Allocation Failure) [PSYoungGen: 417632K->148064K(502784K)] 1558535K->1390520K(1901056K), 0.0510309 secs] [Times: user=0.30 sys=0.00, real=0.05 secs] 
5308.501: [Full GC (Ergonomics) [PSYoungGen: 148064K->0K(502784K)] [ParOldGen: 1242456K->196410K(1398272K)] 1390520K->196410K(1901056K), [Metaspace: 59686K->59686K(1105920K)], 0.4717682 secs] [Times: user=2.20 sys=0.00, real=0.48 secs] 
5311.578: [GC (Allocation Failure) [PSYoungGen: 312832K->103104K(505344K)] 509242K->299514K(1903616K), 0.0787748 secs] [Times: user=0.46 sys=0.01, real=0.08 secs] 
5312.810: [GC (Allocation Failure) [PSYoungGen: 414112K->147904K(503296K)] 610522K->443759K(1901568K), 0.0489774 secs] [Times: user=0.29 sys=0.00, real=0.05 secs] 
5315.060: [GC (Allocation Failure) [PSYoungGen: 461760K->104128K(505856K)] 757615K->539011K(1904128K), 0.1638864 secs] [Times: user=0.97 sys=0.01, real=0.17 secs] 
5317.004: [GC (Allocation Failure) [PSYoungGen: 416404K->147744K(504832K)] 851288K->682756K(1903104K), 0.0504757 secs] [Times: user=0.30 sys=0.00, real=0.05 secs] 
5319.091: [GC (Allocation Failure) [PSYoungGen: 463136K->108896K(424448K)] 998148K->782672K(1822720K), 0.1555837 secs] [Times: user=0.92 sys=0.01, real=0.16 secs] 
5320.596: [GC (Allocation Failure) [PSYoungGen: 411299K->142080K(505856K)] 1085075K->921253K(1904128K), 0.0513664 secs] [Times: user=0.31 sys=0.00, real=0.05 secs] 
5322.779: [GC (Allocation Failure) [PSYoungGen: 460032K->108032K(505856K)] 1239205K->1020369K(1904128K), 0.1501798 secs] [Times: user=0.89 sys=0.01, real=0.15 secs] 
5324.058: [GC (Allocation Failure) [PSYoungGen: 425984K->154880K(503296K)] 1338321K->1170926K(1901568K), 0.0531770 secs] [Times: user=0.31 sys=0.00, real=0.05 secs] 
5327.727: [GC (Allocation Failure) [PSYoungGen: 472832K->93760K(508416K)] 1488878K->1264178K(1906688K), 0.1612256 secs] [Times: user=0.96 sys=0.01, real=0.16 secs] 
5328.875: [GC (Allocation Failure) [PSYoungGen: 411712K->154368K(499712K)] 1582130K->1414603K(1897984K), 0.0564363 secs] [Times: user=0.33 sys=0.00, real=0.05 secs] 
5328.931: [Full GC (Ergonomics) [PSYoungGen: 154368K->0K(499712K)] [ParOldGen: 1260235K->212115K(1398272K)] 1414603K->212115K(1897984K), [Metaspace: 59686K->59686K(1105920K)], 0.5039079 secs] [Times: user=2.36 sys=0.00, real=0.51 secs] 
5332.442: [GC (Allocation Failure) [PSYoungGen: 309732K->92896K(504320K)] 521848K->305011K(1902592K), 0.1600445 secs] [Times: user=0.96 sys=0.00, real=0.16 secs] 
5333.420: [GC (Allocation Failure) [PSYoungGen: 402656K->153440K(497152K)] 614771K->452864K(1895424K), 0.0534676 secs] [Times: user=0.32 sys=0.00, real=0.06 secs] 
5336.219: [GC (Allocation Failure) [PSYoungGen: 457056K->88832K(501248K)] 756480K->541460K(1899520K), 0.1433088 secs] [Times: user=0.85 sys=0.00, real=0.14 secs] 
5336.946: [GC (Allocation Failure) [PSYoungGen: 392448K->148416K(497664K)] 845076K->684209K(1895936K), 0.0525082 secs] [Times: user=0.31 sys=0.01, real=0.05 secs] 
5339.786: [GC (Allocation Failure) [PSYoungGen: 448960K->92704K(499712K)] 984753K->776049K(1897984K), 0.1704360 secs] [Times: user=1.00 sys=0.01, real=0.17 secs] 
5340.757: [GC (Allocation Failure) [PSYoungGen: 383662K->140736K(498688K)] 1067007K->912642K(1896960K), 0.0493562 secs] [Times: user=0.29 sys=0.01, real=0.05 secs] 
5342.580: [GC (Allocation Failure) [PSYoungGen: 443328K->100384K(499200K)] 1215234K->1004158K(1897472K), 0.0770485 secs] [Times: user=0.46 sys=0.00, real=0.08 secs] 
5343.756: [GC (Allocation Failure) [PSYoungGen: 402976K->145824K(498176K)] 1306750K->1146532K(1896448K), 0.1174840 secs] [Times: user=0.70 sys=0.00, real=0.12 secs] 
5346.537: [GC (Allocation Failure) [PSYoungGen: 450464K->102240K(499712K)] 1451172K->1240132K(1897984K), 0.0802300 secs] [Times: user=0.47 sys=0.00, real=0.08 secs] 
5347.153: [GC (Allocation Failure) [PSYoungGen: 406880K->149504K(499200K)] 1544772K->1386349K(1897472K), 0.0521287 secs] [Times: user=0.31 sys=0.00, real=0.06 secs] 
5347.205: [Full GC (Ergonomics) [PSYoungGen: 149504K->0K(499200K)] [ParOldGen: 1236845K->192291K(1398272K)] 1386349K->192291K(1897472K), [Metaspace: 59686K->59686K(1105920K)], 0.4610630 secs] [Times: user=2.13 sys=0.00, real=0.46 secs] 
5350.253: [GC (Allocation Failure) [PSYoungGen: 307200K->99616K(502272K)] 499491K->291907K(1900544K), 0.0900261 secs] [Times: user=0.53 sys=0.00, real=0.09 secs] 
5352.072: [GC (Allocation Failure) [PSYoungGen: 406816K->146048K(502784K)] 599107K->433752K(1901056K), 0.0483744 secs] [Times: user=0.28 sys=0.01, real=0.05 secs] 
5354.155: [GC (Allocation Failure) [PSYoungGen: 456320K->105568K(416256K)] 744024K->530084K(1814528K), 0.1459010 secs] [Times: user=0.87 sys=0.01, real=0.14 secs] 
5356.153: [GC (Allocation Failure) [PSYoungGen: 415840K->147424K(500224K)] 840356K->673217K(1898496K), 0.0513059 secs] [Times: user=0.30 sys=0.00, real=0.05 secs] 
5358.065: [GC (Allocation Failure) [PSYoungGen: 457184K->104768K(502784K)] 982977K->768637K(1901056K), 0.1421174 secs] [Times: user=0.85 sys=0.00, real=0.14 secs] 
5359.844: [GC (Allocation Failure) [PSYoungGen: 414528K->149184K(501760K)] 1078397K->913722K(1900032K), 0.0515136 secs] [Times: user=0.30 sys=0.00, real=0.05 secs] 
5361.713: [GC (Allocation Failure) [PSYoungGen: 461504K->105696K(504832K)] 1226042K->1010370K(1903104K), 0.1576742 secs] [Times: user=0.93 sys=0.00, real=0.16 secs] 
5363.157: [GC (Allocation Failure) [PSYoungGen: 418016K->150656K(502272K)] 1322690K->1157043K(1900544K), 0.0519194 secs] [Times: user=0.31 sys=0.00, real=0.05 secs] 
5365.297: [GC (Allocation Failure) [PSYoungGen: 463488K->105696K(505856K)] 1469875K->1253835K(1904128K), 0.1678843 secs] [Times: user=0.99 sys=0.01, real=0.17 secs] 
5366.738: [GC (Allocation Failure) [PSYoungGen: 410729K->148128K(503296K)] 1558869K->1397716K(1901568K), 0.0513870 secs] [Times: user=0.31 sys=0.00, real=0.05 secs] 
5366.789: [Full GC (Ergonomics) [PSYoungGen: 148128K->0K(503296K)] [ParOldGen: 1249588K->195868K(1398272K)] 1397716K->195868K(1901568K), [Metaspace: 59686K->59686K(1105920K)], 0.4577322 secs] [Times: user=2.11 sys=0.00, real=0.46 secs] 
5369.490: [GC (Allocation Failure) [PSYoungGen: 313856K->101248K(505856K)] 509724K->297116K(1904128K), 0.0971161 secs] [Times: user=0.57 sys=0.00, real=0.10 secs] 
5371.312: [GC (Allocation Failure) [PSYoungGen: 415104K->150624K(502784K)] 610972K->443245K(1901056K), 0.0488239 secs] [Times: user=0.29 sys=0.00, real=0.05 secs] 
5373.859: [GC (Allocation Failure) [PSYoungGen: 463456K->99936K(505856K)] 756077K->534477K(1904128K), 0.1654564 secs] [Times: user=0.99 sys=0.00, real=0.17 secs] 
5375.436: [GC (Allocation Failure) [PSYoungGen: 412768K->152000K(500736K)] 847309K->681798K(1899008K), 0.0494557 secs] [Times: user=0.30 sys=0.00, real=0.05 secs] 
5377.255: [GC (Allocation Failure) [PSYoungGen: 461760K->104128K(504320K)] 991558K->777142K(1902592K), 0.1679241 secs] [Times: user=1.00 sys=0.01, real=0.17 secs] 
5379.060: [GC (Allocation Failure) [PSYoungGen: 413888K->147616K(503808K)] 1086902K->920403K(1902080K), 0.0503352 secs] [Times: user=0.30 sys=0.00, real=0.05 secs] 
5381.460: [GC (Allocation Failure) [PSYoungGen: 459424K->105376K(417280K)] 1232211K->1016603K(1815552K), 0.1535806 secs] [Times: user=0.91 sys=0.00, real=0.16 secs] 
5382.414: [GC (Allocation Failure) [PSYoungGen: 409431K->146080K(502272K)] 1320658K->1158704K(1900544K), 0.0507645 secs] [Times: user=0.30 sys=0.00, real=0.05 secs] 
5384.636: [GC (Allocation Failure) [PSYoungGen: 457888K->105344K(503808K)] 1470512K->1255068K(1902080K), 0.1559613 secs] [Times: user=0.92 sys=0.00, real=0.15 secs] 
5386.011: [GC (Allocation Failure) [PSYoungGen: 406435K->146112K(503808K)] 1556159K->1397201K(1902080K), 0.0512857 secs] [Times: user=0.30 sys=0.00, real=0.05 secs] 
5386.062: [Full GC (Ergonomics) [PSYoungGen: 146112K->0K(503808K)] [ParOldGen: 1251089K->195963K(1398272K)] 1397201K->195963K(1902080K), [Metaspace: 59686K->59686K(1105920K)], 0.4698884 secs] [Times: user=2.19 sys=0.00, real=0.47 secs] 
5388.969: [GC (Allocation Failure) [PSYoungGen: 314880K->103424K(505344K)] 510843K->299387K(1903616K), 0.0970408 secs] [Times: user=0.57 sys=0.00, real=0.10 secs] 
5390.344: [GC (Allocation Failure) [PSYoungGen: 412832K->147584K(505856K)] 608795K->443098K(1904128K), 0.0489164 secs] [Times: user=0.29 sys=0.01, real=0.04 secs] 
5392.519: [GC (Allocation Failure) [PSYoungGen: 465024K->103424K(507904K)] 760538K->537982K(1906176K), 0.1634326 secs] [Times: user=0.97 sys=0.00, real=0.16 secs] 
5394.515: [GC (Allocation Failure) [PSYoungGen: 416217K->148378K(505344K)] 850776K->682413K(1903616K), 0.0506123 secs] [Times: user=0.29 sys=0.01, real=0.05 secs] 
5396.770: [GC (Allocation Failure) [PSYoungGen: 465818K->107072K(507904K)] 999853K->780647K(1906176K), 0.1689431 secs] [Times: user=1.00 sys=0.01, real=0.17 secs] 
5398.233: [GC (Allocation Failure) [PSYoungGen: 408795K->144512K(506880K)] 1082371K->921064K(1905152K), 0.0510422 secs] [Times: user=0.30 sys=0.01, real=0.05 secs] 
5400.464: [GC (Allocation Failure) [PSYoungGen: 464000K->108992K(507904K)] 1240552K->1021056K(1906176K), 0.1590995 secs] [Times: user=0.95 sys=0.00, real=0.15 secs] 
5401.492: [GC (Allocation Failure) [PSYoungGen: 428480K->153472K(503808K)] 1340544K->1170609K(1902080K), 0.0534934 secs] [Times: user=0.31 sys=0.00, real=0.06 secs] 
5404.882: [GC (Allocation Failure) [PSYoungGen: 471936K->98848K(508416K)] 1489073K->1268677K(1906688K), 0.1651152 secs] [Times: user=0.98 sys=0.00, real=0.17 secs] 
5405.787: [GC (Allocation Failure) [PSYoungGen: 417312K->155904K(499712K)] 1587141K->1419054K(1897984K), 0.0581772 secs] [Times: user=0.35 sys=0.00, real=0.06 secs] 
5405.845: [Full GC (Ergonomics) [PSYoungGen: 155904K->0K(499712K)] [ParOldGen: 1263150K->217117K(1398272K)] 1419054K->217117K(1897984K), [Metaspace: 59686K->59686K(1105920K)], 0.5037760 secs] [Times: user=2.35 sys=0.00, real=0.50 secs] 
5409.339: [GC (Allocation Failure) [PSYoungGen: 310784K->94272K(504832K)] 527901K->311389K(1903104K), 0.1242192 secs] [Times: user=0.74 sys=0.00, real=0.12 secs] 
5409.830: [GC (Allocation Failure) [PSYoungGen: 405056K->153568K(497664K)] 622173K->459018K(1895936K), 0.0549858 secs] [Times: user=0.32 sys=0.01, real=0.06 secs] 
5413.041: [GC (Allocation Failure) [PSYoungGen: 458208K->88896K(501760K)] 763658K->548026K(1900032K), 0.1620047 secs] [Times: user=0.97 sys=0.00, real=0.17 secs] 
5413.701: [GC (Allocation Failure) [PSYoungGen: 393536K->152448K(495104K)] 852666K->694618K(1893376K), 0.0536159 secs] [Times: user=0.32 sys=0.00, real=0.06 secs] 
5416.101: [GC (Allocation Failure) [PSYoungGen: 450944K->94784K(498688K)] 993114K->789515K(1896960K), 0.1335483 secs] [Times: user=0.79 sys=0.00, real=0.14 secs] 
5416.562: [GC (Allocation Failure) [PSYoungGen: 393280K->165728K(484352K)] 1088011K->941139K(1882624K), 0.0529840 secs] [Times: user=0.31 sys=0.00, real=0.06 secs] 
5418.766: [GC (Allocation Failure) [PSYoungGen: 451936K->81920K(492544K)] 1227347K->1006699K(1890816K), 0.1589120 secs] [Times: user=0.95 sys=0.00, real=0.16 secs] 
5420.530: [GC (Allocation Failure) [PSYoungGen: 368128K->136800K(485376K)] 1292907K->1139452K(1883648K), 0.0464585 secs] [Times: user=0.27 sys=0.00, real=0.05 secs] 
5421.738: [GC (Allocation Failure) [PSYoungGen: 423008K->96192K(488960K)] 1425660K->1226276K(1887232K), 0.0616701 secs] [Times: user=0.37 sys=0.00, real=0.06 secs] 
5423.840: [GC (Allocation Failure) [PSYoungGen: 382400K->135040K(488960K)] 1512484K->1358556K(1887232K), 0.0485248 secs] [Times: user=0.29 sys=0.00, real=0.05 secs] 
5423.888: [Full GC (Ergonomics) [PSYoungGen: 135040K->0K(488960K)] [ParOldGen: 1223516K->163734K(1398272K)] 1358556K->163734K(1887232K), [Metaspace: 59686K->59686K(1105920K)], 0.3911357 secs] [Times: user=1.81 sys=0.00, real=0.39 secs] 
5425.415: [GC (Allocation Failure) [PSYoungGen: 295936K->103584K(493056K)] 459670K->267318K(1891328K), 0.0367503 secs] [Times: user=0.22 sys=0.00, real=0.03 secs] 
5427.907: [GC (Allocation Failure) [PSYoungGen: 399520K->133920K(496640K)] 563254K->399895K(1894912K), 0.0585139 secs] [Times: user=0.35 sys=0.00, real=0.06 secs] 
5429.341: [GC (Allocation Failure) [PSYoungGen: 442656K->112800K(499200K)] 708631K->503163K(1897472K), 0.0634409 secs] [Times: user=0.38 sys=0.00, real=0.07 secs] 
5431.777: [GC (Allocation Failure) [PSYoungGen: 421536K->137152K(506368K)] 811899K->638936K(1904640K), 0.0577864 secs] [Times: user=0.34 sys=0.00, real=0.06 secs] 
5433.026: [GC (Allocation Failure) [PSYoungGen: 458176K->115168K(505856K)] 959960K->744764K(1904128K), 0.0649290 secs] [Times: user=0.39 sys=0.00, real=0.06 secs] 
5435.046: [GC (Allocation Failure) [PSYoungGen: 436192K->147168K(505856K)] 1065788K->889945K(1904128K), 0.0570471 secs] [Times: user=0.34 sys=0.00, real=0.06 secs] 
5436.321: [GC (Allocation Failure) [PSYoungGen: 472800K->114400K(508928K)] 1215577K->995289K(1907200K), 0.0656098 secs] [Times: user=0.39 sys=0.00, real=0.07 secs] 
5439.060: [GC (Allocation Failure) [PSYoungGen: 440032K->153408K(508416K)] 1320921K->1145669K(1906688K), 0.0559106 secs] [Times: user=0.33 sys=0.00, real=0.06 secs] 
5441.170: [GC (Allocation Failure) [PSYoungGen: 482624K->111424K(514048K)] 1474885K->1248269K(1912320K), 0.1733798 secs] [Times: user=1.04 sys=0.00, real=0.17 secs] 
5442.974: [GC (Allocation Failure) [PSYoungGen: 436234K->153440K(507904K)] 1573080K->1398074K(1906176K), 0.0545132 secs] [Times: user=0.32 sys=0.00, real=0.05 secs] 
5443.029: [Full GC (Ergonomics) [PSYoungGen: 153440K->0K(507904K)] [ParOldGen: 1244634K->195619K(1398272K)] 1398074K->195619K(1906176K), [Metaspace: 59686K->59686K(1105920K)], 0.4787180 secs] [Times: user=2.18 sys=0.00, real=0.48 secs] 
5445.789: [GC (Allocation Failure) [PSYoungGen: 326144K->111008K(512512K)] 521763K->306628K(1910784K), 0.0905213 secs] [Times: user=0.54 sys=0.00, real=0.09 secs] 
5446.990: [GC (Allocation Failure) [PSYoungGen: 437152K->157568K(503808K)] 632772K->459708K(1902080K), 0.0526984 secs] [Times: user=0.31 sys=0.00, real=0.05 secs] 
5450.089: [GC (Allocation Failure) [PSYoungGen: 477568K->96192K(509440K)] 779708K->555404K(1907712K), 0.1728051 secs] [Times: user=1.03 sys=0.01, real=0.17 secs] 
5450.729: [GC (Allocation Failure) [PSYoungGen: 416192K->160000K(496640K)] 875404K->709325K(1894912K), 0.0557908 secs] [Times: user=0.33 sys=0.01, real=0.06 secs] 
5454.528: [GC (Allocation Failure) [PSYoungGen: 467712K->87296K(395264K)] 1017037K->796445K(1793536K), 0.1595863 secs] [Times: user=0.95 sys=0.00, real=0.16 secs] 
5455.540: [GC (Allocation Failure) [PSYoungGen: 395008K->153344K(496640K)] 1104157K->943200K(1894912K), 0.0536140 secs] [Times: user=0.32 sys=0.00, real=0.06 secs] 
5457.667: [GC (Allocation Failure) [PSYoungGen: 453888K->91808K(499712K)] 1243744K->1034445K(1897984K), 0.1506735 secs] [Times: user=0.90 sys=0.00, real=0.15 secs] 
5458.237: [GC (Allocation Failure) [PSYoungGen: 392352K->163712K(486400K)] 1334989K->1192093K(1884672K), 0.0540847 secs] [Times: user=0.32 sys=0.00, real=0.05 secs] 
5460.944: [GC (Allocation Failure) [PSYoungGen: 451968K->88224K(493568K)] 1480349K->1262717K(1891840K), 0.1594600 secs] [Times: user=0.94 sys=0.01, real=0.15 secs] 
5461.658: [GC (Allocation Failure) [PSYoungGen: 375997K->138560K(486912K)] 1550490K->1397477K(1885184K), 0.0490685 secs] [Times: user=0.29 sys=0.00, real=0.05 secs] 
5461.708: [Full GC (Ergonomics) [PSYoungGen: 138560K->0K(486912K)] [ParOldGen: 1258917K->195703K(1398272K)] 1397477K->195703K(1885184K), [Metaspace: 59686K->59666K(1105920K)], 0.4873017 secs] [Times: user=2.27 sys=0.00, real=0.49 secs] 
5463.967: [GC (Allocation Failure) [PSYoungGen: 288768K->93280K(490496K)] 484471K->288983K(1888768K), 0.0699684 secs] [Times: user=0.40 sys=0.01, real=0.07 secs] 
5466.370: [GC (Allocation Failure) [PSYoungGen: 382048K->138432K(492544K)] 577751K->423252K(1890816K), 0.0459775 secs] [Times: user=0.27 sys=0.00, real=0.05 secs] 
5467.657: [GC (Allocation Failure) [PSYoungGen: 435904K->99744K(495616K)] 720724K->514044K(1893888K), 0.0717797 secs] [Times: user=0.43 sys=0.00, real=0.07 secs] 
5470.036: [GC (Allocation Failure) [PSYoungGen: 397216K->138592K(498688K)] 811516K->649584K(1896960K), 0.0496707 secs] [Times: user=0.29 sys=0.00, real=0.05 secs] 
5471.321: [GC (Allocation Failure) [PSYoungGen: 444256K->106432K(499712K)] 955248K->746461K(1897984K), 0.0644593 secs] [Times: user=0.38 sys=0.00, real=0.07 secs] 
5474.057: [GC (Allocation Failure) [PSYoungGen: 412096K->138656K(501760K)] 1052125K->882721K(1900032K), 0.0597814 secs] [Times: user=0.34 sys=0.00, real=0.06 secs] 
5475.383: [GC (Allocation Failure) [PSYoungGen: 450976K->112288K(501248K)] 1195041K->985281K(1899520K), 0.0650150 secs] [Times: user=0.39 sys=0.00, real=0.06 secs] 
5477.929: [GC (Allocation Failure) [PSYoungGen: 424608K->141664K(503808K)] 1297601K->1124954K(1902080K), 0.0560989 secs] [Times: user=0.33 sys=0.00, real=0.06 secs] 
5479.189: [GC (Allocation Failure) [PSYoungGen: 461152K->112448K(504832K)] 1444442K->1227650K(1903104K), 0.0671235 secs] [Times: user=0.39 sys=0.00, real=0.07 secs] 
5482.076: [GC (Allocation Failure) [PSYoungGen: 431936K->145824K(507904K)] 1547138K->1371127K(1906176K), 0.0560718 secs] [Times: user=0.33 sys=0.00, real=0.05 secs] 
5482.132: [Full GC (Ergonomics) [PSYoungGen: 145824K->0K(507904K)] [ParOldGen: 1225303K->170683K(1398272K)] 1371127K->170683K(1906176K), [Metaspace: 59666K->59666K(1105920K)], 0.3939923 secs] [Times: user=1.82 sys=0.00, real=0.40 secs] 
5483.700: [GC (Allocation Failure) [PSYoungGen: 326656K->119296K(510464K)] 497339K->289979K(1908736K), 0.0360165 secs] [Times: user=0.21 sys=0.00, real=0.04 secs] 
5486.441: [GC (Allocation Failure) [PSYoungGen: 445952K->152320K(508416K)] 616635K->436528K(1906688K), 0.0552366 secs] [Times: user=0.33 sys=0.01, real=0.06 secs] 
5488.753: [GC (Allocation Failure) [PSYoungGen: 481536K->113728K(513024K)] 765744K->541016K(1911296K), 0.1565999 secs] [Times: user=0.93 sys=0.01, real=0.16 secs] 
5490.856: [GC (Allocation Failure) [PSYoungGen: 442944K->155744K(506880K)] 870232K->692848K(1905152K), 0.0544411 secs] [Times: user=0.33 sys=0.00, real=0.05 secs] 
5493.526: [GC (Allocation Failure) [PSYoungGen: 481888K->100256K(512512K)] 1018992K->792088K(1910784K), 0.1515226 secs] [Times: user=0.90 sys=0.01, real=0.15 secs] 
5494.671: [GC (Allocation Failure) [PSYoungGen: 426400K->162464K(498176K)] 1118232K->948320K(1896448K), 0.0571149 secs] [Times: user=0.33 sys=0.00, real=0.06 secs] 
5498.412: [GC (Allocation Failure) [PSYoungGen: 475296K->90912K(505856K)] 1261152K->1039016K(1904128K), 0.1696817 secs] [Times: user=1.01 sys=0.00, real=0.17 secs] 
5499.062: [GC (Allocation Failure) [PSYoungGen: 403744K->156832K(495616K)] 1351848K->1189847K(1893888K), 0.0549322 secs] [Times: user=0.33 sys=0.00, real=0.06 secs] 
5502.233: [GC (Allocation Failure) [PSYoungGen: 459424K->88320K(500736K)] 1492439K->1278347K(1899008K), 0.1487582 secs] [Times: user=0.88 sys=0.00, real=0.15 secs] 
5502.765: [GC (Allocation Failure) [PSYoungGen: 390912K->150272K(496640K)] 1580939K->1422916K(1894912K), 0.0549076 secs] [Times: user=0.33 sys=0.00, real=0.05 secs] 
5502.820: [Full GC (Ergonomics) [PSYoungGen: 150272K->0K(496640K)] [ParOldGen: 1272644K->219164K(1398272K)] 1422916K->219164K(1894912K), [Metaspace: 59666K->59666K(1105920K)], 0.5107532 secs] [Times: user=2.37 sys=0.00, real=0.51 secs] 
5506.522: [GC (Allocation Failure) [PSYoungGen: 298496K->85600K(498688K)] 517660K->304764K(1896960K), 0.1089023 secs] [Times: user=0.64 sys=0.01, real=0.11 secs] 
5507.306: [GC (Allocation Failure) [PSYoungGen: 384096K->147648K(496640K)] 603260K->446504K(1894912K), 0.0512855 secs] [Times: user=0.31 sys=0.00, real=0.05 secs] 
5509.746: [GC (Allocation Failure) [PSYoungGen: 444096K->88480K(497664K)] 742952K->534548K(1895936K), 0.1701990 secs] [Times: user=1.01 sys=0.00, real=0.17 secs] 
5510.377: [GC (Allocation Failure) [PSYoungGen: 384437K->142112K(496640K)] 830506K->673049K(1894912K), 0.0483509 secs] [Times: user=0.28 sys=0.00, real=0.05 secs] 
5513.016: [GC (Allocation Failure) [PSYoungGen: 439584K->96256K(497152K)] 970521K->760761K(1895424K), 0.1410648 secs] [Times: user=0.84 sys=0.00, real=0.14 secs] 
5515.214: [GC (Allocation Failure) [PSYoungGen: 393728K->142304K(497152K)] 1058233K->899006K(1895424K), 0.0487537 secs] [Times: user=0.29 sys=0.00, real=0.04 secs] 
5516.465: [GC (Allocation Failure) [PSYoungGen: 442336K->102272K(497152K)] 1199038K->992366K(1895424K), 0.0692653 secs] [Times: user=0.41 sys=0.00, real=0.07 secs] 
5518.102: [GC (Allocation Failure) [PSYoungGen: 402304K->139776K(498688K)] 1292398K->1130039K(1896960K), 0.0513583 secs] [Times: user=0.30 sys=0.00, real=0.06 secs] 
5520.009: [GC (Allocation Failure) [PSYoungGen: 444928K->102688K(498176K)] 1435191K->1224027K(1896448K), 0.0648361 secs] [Times: user=0.39 sys=0.00, real=0.07 secs] 
5521.659: [GC (Allocation Failure) [PSYoungGen: 407840K->144096K(499712K)] 1529179K->1365847K(1897984K), 0.0518434 secs] [Times: user=0.31 sys=0.00, real=0.05 secs] 
5521.711: [Full GC (Ergonomics) [PSYoungGen: 144096K->0K(499712K)] [ParOldGen: 1221751K->172466K(1398272K)] 1365847K->172466K(1897984K), [Metaspace: 59666K->59666K(1105920K)], 0.4089500 secs] [Times: user=1.88 sys=0.00, real=0.41 secs] 
5523.298: [GC (Allocation Failure) [PSYoungGen: 310272K->105888K(501760K)] 482738K->278354K(1900032K), 0.0341653 secs] [Times: user=0.20 sys=0.00, real=0.03 secs] 
5525.179: [GC (Allocation Failure) [PSYoungGen: 416160K->147104K(502272K)] 588626K->422591K(1900544K), 0.0525539 secs] [Times: user=0.31 sys=0.00, real=0.05 secs] 
5526.417: [GC (Allocation Failure) [PSYoungGen: 461984K->109978K(505344K)] 737471K->523410K(1903616K), 0.0641545 secs] [Times: user=0.38 sys=0.00, real=0.06 secs] 
5529.037: [GC (Allocation Failure) [PSYoungGen: 424858K->147040K(504832K)] 838290K->667988K(1903104K), 0.0533312 secs] [Times: user=0.32 sys=0.00, real=0.05 secs] 
5530.694: [GC (Allocation Failure) [PSYoungGen: 465504K->109472K(507392K)] 986452K->768056K(1905664K), 0.0977827 secs] [Times: user=0.58 sys=0.01, real=0.09 secs] 
5533.729: [GC (Allocation Failure) [PSYoungGen: 427936K->149984K(505344K)] 1086520K->913693K(1903616K), 0.0533989 secs] [Times: user=0.32 sys=0.00, real=0.05 secs] 
5536.163: [GC (Allocation Failure) [PSYoungGen: 469984K->106848K(508928K)] 1233693K->1011537K(1907200K), 0.1627367 secs] [Times: user=0.97 sys=0.00, real=0.16 secs] 
5537.639: [GC (Allocation Failure) [PSYoungGen: 419199K->150656K(505856K)] 1323888K->1158518K(1904128K), 0.1145408 secs] [Times: user=0.67 sys=0.02, real=0.12 secs] 
5539.946: [GC (Allocation Failure) [PSYoungGen: 470656K->107072K(509440K)] 1478518K->1257454K(1907712K), 0.0929728 secs] [Times: user=0.55 sys=0.00, real=0.09 secs] 
5541.201: [GC (Allocation Failure) [PSYoungGen: 427072K->153792K(503808K)] 1577454K->1407635K(1902080K), 0.0528505 secs] [Times: user=0.32 sys=0.00, real=0.06 secs] 
5541.254: [Full GC (Ergonomics) [PSYoungGen: 153792K->0K(503808K)] [ParOldGen: 1253843K->205673K(1398272K)] 1407635K->205673K(1902080K), [Metaspace: 59669K->59669K(1105920K)], 0.4757252 secs] [Times: user=2.21 sys=0.00, real=0.47 secs] 
5544.496: [GC (Allocation Failure) [PSYoungGen: 314391K->95104K(507904K)] 520064K->300777K(1906176K), 0.1662844 secs] [Times: user=0.99 sys=0.00, real=0.16 secs] 
5545.182: [GC (Allocation Failure) [PSYoungGen: 412032K->151520K(501248K)] 617705K->448606K(1899520K), 0.0544371 secs] [Times: user=0.33 sys=0.01, real=0.06 secs] 
5547.635: [GC (Allocation Failure) [PSYoungGen: 462304K->95840K(504832K)] 759390K->543702K(1903104K), 0.1552293 secs] [Times: user=0.92 sys=0.00, real=0.15 secs] 
5548.517: [GC (Allocation Failure) [PSYoungGen: 406624K->153280K(498176K)] 854486K->691290K(1896448K), 0.0553917 secs] [Times: user=0.33 sys=0.00, real=0.05 secs] 
5551.758: [GC (Allocation Failure) [PSYoungGen: 458944K->88928K(502272K)] 996954K->780003K(1900544K), 0.1650612 secs] [Times: user=0.98 sys=0.00, real=0.17 secs] 
5553.162: [GC (Allocation Failure) [PSYoungGen: 394592K->148736K(498688K)] 1085667K->922860K(1896960K), 0.0521109 secs] [Times: user=0.31 sys=0.00, real=0.06 secs] 
5555.304: [GC (Allocation Failure) [PSYoungGen: 451328K->90912K(500736K)] 1225452K->1012888K(1899008K), 0.1278977 secs] [Times: user=0.76 sys=0.01, real=0.12 secs] 
5556.567: [GC (Allocation Failure) [PSYoungGen: 382469K->142432K(499712K)] 1304445K->1151484K(1897984K), 0.0491495 secs] [Times: user=0.29 sys=0.00, real=0.05 secs] 
5558.715: [GC (Allocation Failure) [PSYoungGen: 446048K->100320K(403968K)] 1455100K->1243332K(1802240K), 0.1027627 secs] [Times: user=0.61 sys=0.00, real=0.10 secs] 
5559.554: [GC (Allocation Failure) [PSYoungGen: 403936K->147296K(497664K)] 1546948K->1386336K(1895936K), 0.0494925 secs] [Times: user=0.29 sys=0.00, real=0.05 secs] 
5559.604: [Full GC (Ergonomics) [PSYoungGen: 147296K->0K(497664K)] [ParOldGen: 1239040K->192293K(1398272K)] 1386336K->192293K(1895936K), [Metaspace: 59669K->59669K(1105920K)], 0.4494029 secs] [Times: user=2.06 sys=0.00, real=0.44 secs] 
5561.519: [GC (GCLocker Initiated GC) [PSYoungGen: 303616K->102304K(499712K)] 495910K->294598K(1897984K), 0.0733188 secs] [Times: user=0.43 sys=0.00, real=0.07 secs] 
5562.505: [GC (Allocation Failure) [PSYoungGen: 405920K->148448K(498176K)] 598266K->439754K(1896448K), 0.0510368 secs] [Times: user=0.30 sys=0.00, real=0.05 secs] 
5564.928: [GC (Allocation Failure) [PSYoungGen: 454112K->100032K(501248K)] 745418K->531539K(1899520K), 0.1711941 secs] [Times: user=1.02 sys=0.00, real=0.17 secs] 
5567.261: [GC (Allocation Failure) [PSYoungGen: 405696K->148480K(500736K)] 837203K->675367K(1899008K), 0.0490442 secs] [Times: user=0.29 sys=0.00, real=0.05 secs] 
5569.173: [GC (Allocation Failure) [PSYoungGen: 456704K->102752K(503296K)] 983591K->769407K(1901568K), 0.1748752 secs] [Times: user=1.04 sys=0.00, real=0.17 secs] 
5571.946: [GC (Allocation Failure) [PSYoungGen: 410976K->144640K(502272K)] 1077631K->910335K(1900544K), 0.0503281 secs] [Times: user=0.29 sys=0.00, real=0.05 secs] 
5573.809: [GC (Allocation Failure) [PSYoungGen: 454912K->105824K(503296K)] 1220607K->1006655K(1901568K), 0.1460785 secs] [Times: user=0.86 sys=0.01, real=0.15 secs] 
5575.813: [GC (Allocation Failure) [PSYoungGen: 416096K->148128K(500224K)] 1316927K->1150531K(1898496K), 0.0524412 secs] [Times: user=0.31 sys=0.00, real=0.06 secs] 
5577.469: [GC (Allocation Failure) [PSYoungGen: 458912K->103968K(503296K)] 1461315K->1245091K(1901568K), 0.1081715 secs] [Times: user=0.64 sys=0.01, real=0.11 secs] 
5579.081: [GC (Allocation Failure) [PSYoungGen: 414752K->148288K(503808K)] 1555875K->1389436K(1902080K), 0.0525101 secs] [Times: user=0.31 sys=0.00, real=0.06 secs] 
5579.133: [Full GC (Ergonomics) [PSYoungGen: 148288K->0K(503808K)] [ParOldGen: 1241148K->188678K(1398272K)] 1389436K->188678K(1902080K), [Metaspace: 59669K->59669K(1105920K)], 0.4471881 secs] [Times: user=2.07 sys=0.00, real=0.44 secs] 
5581.451: [GC (Allocation Failure) [PSYoungGen: 314368K->105088K(506368K)] 503046K->293766K(1904640K), 0.0846490 secs] [Times: user=0.50 sys=0.00, real=0.09 secs] 
5583.407: [GC (Allocation Failure) [PSYoungGen: 419456K->150336K(503296K)] 608134K->440123K(1901568K), 0.0510612 secs] [Times: user=0.30 sys=0.00, real=0.05 secs] 
5585.690: [GC (Allocation Failure) [PSYoungGen: 464704K->105728K(506368K)] 754491K->537179K(1904640K), 0.1710369 secs] [Times: user=1.02 sys=0.00, real=0.17 secs] 
5587.275: [GC (Allocation Failure) [PSYoungGen: 420096K->149280K(504320K)] 851547K->682580K(1902592K), 0.0514236 secs] [Times: user=0.31 sys=0.00, real=0.05 secs] 
5589.493: [GC (Allocation Failure) [PSYoungGen: 464160K->106400K(421376K)] 997460K->780192K(1819648K), 0.1467963 secs] [Times: user=0.87 sys=0.01, real=0.14 secs] 
5591.957: [GC (Allocation Failure) [PSYoungGen: 415078K->145472K(504832K)] 1088871K->921317K(1903104K), 0.0510219 secs] [Times: user=0.31 sys=0.00, real=0.05 secs] 
5593.801: [GC (Allocation Failure) [PSYoungGen: 461376K->105600K(506368K)] 1237221K->1018457K(1904640K), 0.1432787 secs] [Times: user=0.85 sys=0.00, real=0.15 secs] 
5594.629: [GC (Allocation Failure) [PSYoungGen: 408963K->145824K(505344K)] 1321821K->1160180K(1903616K), 0.0514955 secs] [Times: user=0.30 sys=0.00, real=0.05 secs] 
5597.547: [GC (GCLocker Initiated GC) [PSYoungGen: 463776K->107296K(506880K)] 1478134K->1258686K(1905152K), 0.1716411 secs] [Times: user=1.02 sys=0.00, real=0.17 secs] 
5598.208: [GC (Allocation Failure) [PSYoungGen: 425248K->143488K(508416K)] 1593024K->1414385K(1906688K), 0.2628107 secs] [Times: user=1.57 sys=0.00, real=0.26 secs] 
5598.470: [Full GC (Ergonomics) [PSYoungGen: 143488K->0K(508416K)] [ParOldGen: 1270897K->211761K(1398272K)] 1414385K->211761K(1906688K), [Metaspace: 59670K->59670K(1105920K)], 0.4203072 secs] [Times: user=1.86 sys=0.00, real=0.42 secs] 
5601.110: [GC (Allocation Failure) [PSYoungGen: 322048K->100448K(508928K)] 533809K->312209K(1907200K), 0.1371700 secs] [Times: user=0.81 sys=0.01, real=0.14 secs] 
5601.532: [GC (Allocation Failure) [PSYoungGen: 422496K->161248K(498176K)] 634257K->467198K(1896448K), 0.0570592 secs] [Times: user=0.34 sys=0.00, real=0.06 secs] 
5604.979: [GC (Allocation Failure) [PSYoungGen: 474080K->91872K(505856K)] 780030K->559126K(1904128K), 0.1674824 secs] [Times: user=1.00 sys=0.00, real=0.17 secs] 
5605.402: [GC (Allocation Failure) [PSYoungGen: 404704K->156128K(496128K)] 871958K->709410K(1894400K), 0.0560090 secs] [Times: user=0.34 sys=0.00, real=0.06 secs] 
5608.528: [GC (Allocation Failure) [PSYoungGen: 459744K->89920K(501248K)] 1013026K->799078K(1899520K), 0.1218905 secs] [Times: user=0.72 sys=0.00, real=0.12 secs] 
5608.876: [GC (Allocation Failure) [PSYoungGen: 393536K->152416K(495616K)] 1102694K->945557K(1893888K), 0.0550760 secs] [Times: user=0.32 sys=0.00, real=0.05 secs] 
5614.011: [GC (Allocation Failure) [PSYoungGen: 450912K->79648K(378368K)] 1244053K->1025333K(1776640K), 0.1562642 secs] [Times: user=0.93 sys=0.00, real=0.16 secs] 
5614.601: [GC (Allocation Failure) [PSYoungGen: 378144K->147776K(494592K)] 1323829K->1167266K(1892864K), 0.0516156 secs] [Times: user=0.30 sys=0.00, real=0.05 secs] 
5616.960: [GC (Allocation Failure) [PSYoungGen: 441152K->86624K(496128K)] 1460642K->1253470K(1894400K), 0.1316890 secs] [Times: user=0.78 sys=0.00, real=0.13 secs] 
5617.943: [GC (Allocation Failure) [PSYoungGen: 376190K->140736K(495104K)] 1543037K->1390487K(1893376K), 0.0486477 secs] [Times: user=0.29 sys=0.00, real=0.05 secs] 
5617.991: [Full GC (Ergonomics) [PSYoungGen: 140736K->0K(495104K)] [ParOldGen: 1249751K->195615K(1398272K)] 1390487K->195615K(1893376K), [Metaspace: 59670K->59670K(1105920K)], 0.4661393 secs] [Times: user=2.16 sys=0.00, real=0.47 secs] 
5620.041: [GC (Allocation Failure) [PSYoungGen: 294912K->96832K(392192K)] 490527K->292447K(1790464K), 0.0544463 secs] [Times: user=0.32 sys=0.00, real=0.06 secs] 
5621.119: [GC (Allocation Failure) [PSYoungGen: 391744K->150496K(491520K)] 587359K->436564K(1889792K), 0.0468210 secs] [Times: user=0.28 sys=0.00, real=0.05 secs] 
5622.321: [GC (Allocation Failure) [PSYoungGen: 444896K->100000K(495104K)] 730964K->519220K(1893376K), 0.0632641 secs] [Times: user=0.37 sys=0.01, real=0.07 secs] 
5624.362: [GC (Allocation Failure) [PSYoungGen: 394400K->137568K(495104K)] 813620K->653832K(1893376K), 0.0491266 secs] [Times: user=0.29 sys=0.00, real=0.05 secs] 
5625.612: [GC (GCLocker Initiated GC) [PSYoungGen: 438624K->105824K(496640K)] 954889K->750345K(1894912K), 0.0627282 secs] [Times: user=0.37 sys=0.00, real=0.07 secs] 
5627.178: [GC (Allocation Failure) [PSYoungGen: 406880K->148960K(496640K)] 1051404K->897644K(1894912K), 0.0526340 secs] [Times: user=0.32 sys=0.00, real=0.05 secs] 
5629.416: [GC (Allocation Failure) [PSYoungGen: 454624K->104448K(500224K)] 1203308K->985052K(1898496K), 0.0649243 secs] [Times: user=0.39 sys=0.00, real=0.06 secs] 
5630.663: [GC (Allocation Failure) [PSYoungGen: 410112K->141056K(504320K)] 1290716K->1124241K(1902592K), 0.0521557 secs] [Times: user=0.31 sys=0.00, real=0.06 secs] 
5631.954: [GC (Allocation Failure) [PSYoungGen: 454400K->111232K(424960K)] 1437585K->1225761K(1823232K), 0.0643369 secs] [Times: user=0.39 sys=0.00, real=0.06 secs] 
5634.294: [GC (Allocation Failure) [PSYoungGen: 424576K->146464K(500736K)] 1539105K->1370110K(1899008K), 0.0546899 secs] [Times: user=0.33 sys=0.00, real=0.05 secs] 
5634.348: [Full GC (Ergonomics) [PSYoungGen: 146464K->0K(500736K)] [ParOldGen: 1223646K->170197K(1398272K)] 1370110K->170197K(1899008K), [Metaspace: 59670K->59670K(1105920K)], 0.3977759 secs] [Times: user=1.84 sys=0.00, real=0.40 secs] 
5635.867: [GC (Allocation Failure) [PSYoungGen: 314368K->108448K(503296K)] 484565K->278645K(1901568K), 0.0344590 secs] [Times: user=0.21 sys=0.01, real=0.03 secs] 
5638.634: [GC (Allocation Failure) [PSYoungGen: 422816K->148000K(505856K)] 593013K->423630K(1904128K), 0.0534779 secs] [Times: user=0.32 sys=0.00, real=0.05 secs] 
5640.221: [GC (Allocation Failure) [PSYoungGen: 468512K->110624K(508928K)] 744142K->525202K(1907200K), 0.1029632 secs] [Times: user=0.61 sys=0.01, real=0.11 secs] 
5642.213: [GC (Allocation Failure) [PSYoungGen: 431136K->152672K(504832K)] 845714K->674999K(1903104K), 0.0536448 secs] [Times: user=0.32 sys=0.00, real=0.06 secs] 
5644.060: [GC (Allocation Failure) [PSYoungGen: 472672K->108672K(509440K)] 994999K->774863K(1907712K), 0.1447104 secs] [Times: user=0.86 sys=0.00, real=0.15 secs] 
5645.209: [GC (Allocation Failure) [PSYoungGen: 424229K->151136K(506368K)] 1090420K->921724K(1904640K), 0.0527337 secs] [Times: user=0.31 sys=0.00, real=0.05 secs] 
5647.465: [GC (Allocation Failure) [PSYoungGen: 471136K->110368K(509440K)] 1241724K->1022812K(1907712K), 0.1525138 secs] [Times: user=0.91 sys=0.00, real=0.15 secs] 
5649.398: [GC (Allocation Failure) [PSYoungGen: 430368K->150560K(506368K)] 1342812K->1169247K(1904640K), 0.0526293 secs] [Times: user=0.31 sys=0.00, real=0.05 secs] 
5652.328: [GC (Allocation Failure) [PSYoungGen: 470560K->99808K(509440K)] 1489247K->1267831K(1907712K), 0.1583740 secs] [Times: user=0.94 sys=0.00, real=0.16 secs] 
5653.397: [GC (Allocation Failure) [PSYoungGen: 419808K->156320K(500224K)] 1587831K->1418504K(1898496K), 0.0576449 secs] [Times: user=0.34 sys=0.00, real=0.06 secs] 
5653.454: [Full GC (Ergonomics) [PSYoungGen: 156320K->0K(500224K)] [ParOldGen: 1262184K->216662K(1398272K)] 1418504K->216662K(1898496K), [Metaspace: 59670K->59670K(1105920K)], 0.5122781 secs] [Times: user=2.40 sys=0.00, real=0.51 secs] 
5657.373: [GC (Allocation Failure) [PSYoungGen: 311808K->92192K(505344K)] 528470K->308854K(1903616K), 0.1119480 secs] [Times: user=0.66 sys=0.01, real=0.12 secs] 
5658.152: [GC (Allocation Failure) [PSYoungGen: 404000K->154112K(497664K)] 620662K->456723K(1895936K), 0.0540231 secs] [Times: user=0.32 sys=0.00, real=0.06 secs] 
5661.020: [GC (Allocation Failure) [PSYoungGen: 458752K->90304K(501760K)] 761363K->546559K(1900032K), 0.1735716 secs] [Times: user=1.03 sys=0.00, real=0.18 secs] 
5661.541: [GC (Allocation Failure) [PSYoungGen: 394944K->152736K(495104K)] 851199K->693479K(1893376K), 0.0528724 secs] [Times: user=0.31 sys=0.00, real=0.06 secs] 
5664.969: [GC (Allocation Failure) [PSYoungGen: 451232K->85952K(498688K)] 991975K->779607K(1896960K), 0.1673994 secs] [Times: user=0.99 sys=0.00, real=0.17 secs] 
5666.403: [GC (Allocation Failure) [PSYoungGen: 372280K->138048K(494080K)] 1065935K->913366K(1892352K), 0.0480814 secs] [Times: user=0.29 sys=0.00, real=0.05 secs] 
5667.938: [GC (Allocation Failure) [PSYoungGen: 437056K->99680K(496640K)] 1212374K->1004602K(1894912K), 0.0947486 secs] [Times: user=0.56 sys=0.01, real=0.10 secs] 
5669.402: [GC (Allocation Failure) [PSYoungGen: 398688K->144896K(499712K)] 1303610K->1145643K(1897984K), 0.0492010 secs] [Times: user=0.29 sys=0.00, real=0.05 secs] 
5671.262: [GC (Allocation Failure) [PSYoungGen: 450048K->99744K(500736K)] 1450795K->1236691K(1899008K), 0.0646075 secs] [Times: user=0.38 sys=0.00, real=0.07 secs] 
5673.422: [GC (Allocation Failure) [PSYoungGen: 404896K->146464K(499712K)] 1541843K->1379024K(1897984K), 0.0497337 secs] [Times: user=0.30 sys=0.00, real=0.05 secs] 
5673.472: [Full GC (Ergonomics) [PSYoungGen: 146464K->0K(499712K)] [ParOldGen: 1232560K->184660K(1398272K)] 1379024K->184660K(1897984K), [Metaspace: 59670K->59670K(1105920K)], 0.4425488 secs] [Times: user=2.06 sys=0.00, real=0.45 secs] 
5675.332: [GC (GCLocker Initiated GC) [PSYoungGen: 306688K->101344K(501760K)] 491348K->286004K(1900032K), 0.0588138 secs] [Times: user=0.34 sys=0.00, real=0.06 secs] 
5678.681: [GC (Allocation Failure) [PSYoungGen: 408032K->143616K(501760K)] 592695K->426148K(1900032K), 0.0501228 secs] [Times: user=0.30 sys=0.00, real=0.05 secs] 
5679.988: [GC (Allocation Failure) [PSYoungGen: 453376K->104992K(502784K)] 735908K->521900K(1901056K), 0.0811828 secs] [Times: user=0.48 sys=0.00, real=0.08 secs] 
5682.138: [GC (Allocation Failure) [PSYoungGen: 414752K->146400K(501248K)] 831660K->665604K(1899520K), 0.0519244 secs] [Times: user=0.31 sys=0.00, real=0.05 secs] 
5683.771: [GC (Allocation Failure) [PSYoungGen: 458208K->106144K(503296K)] 977412K->762796K(1901568K), 0.0691961 secs] [Times: user=0.42 sys=0.00, real=0.07 secs] 
5684.848: [GC (Allocation Failure) [PSYoungGen: 417952K->148960K(502784K)] 1074604K->909537K(1901056K), 0.0524891 secs] [Times: user=0.31 sys=0.00, real=0.05 secs] 
5687.600: [GC (Allocation Failure) [PSYoungGen: 463840K->104992K(505856K)] 1224417K->1005737K(1904128K), 0.0922795 secs] [Times: user=0.55 sys=0.00, real=0.09 secs] 
5688.421: [GC (Allocation Failure) [PSYoungGen: 419872K->152448K(501760K)] 1320617K->1154898K(1900032K), 0.0531859 secs] [Times: user=0.32 sys=0.00, real=0.06 secs] 
5691.168: [GC (Allocation Failure) [PSYoungGen: 466304K->104192K(506368K)] 1468754K->1250366K(1904640K), 0.1507445 secs] [Times: user=0.90 sys=0.00, real=0.15 secs] 
5692.916: [GC (Allocation Failure) [PSYoungGen: 418048K->149760K(503296K)] 1564222K->1396067K(1901568K), 0.0514960 secs] [Times: user=0.30 sys=0.00, real=0.05 secs] 
5692.967: [Full GC (Ergonomics) [PSYoungGen: 149760K->0K(503296K)] [ParOldGen: 1246307K->193962K(1398272K)] 1396067K->193962K(1901568K), [Metaspace: 59670K->59670K(1105920K)], 0.4578172 secs] [Times: user=2.13 sys=0.00, real=0.46 secs] 
5695.102: [GC (Allocation Failure) [PSYoungGen: 313856K->107104K(506368K)] 507818K->301066K(1904640K), 0.0883725 secs] [Times: user=0.52 sys=0.00, real=0.09 secs] 
5696.113: [GC (Allocation Failure) [PSYoungGen: 410632K->145760K(505344K)] 604595K->442863K(1903616K), 0.0500672 secs] [Times: user=0.30 sys=0.00, real=0.05 secs] 
5698.459: [GC (Allocation Failure) [PSYoungGen: 461664K->102560K(506368K)] 758767K->536867K(1904640K), 0.1636719 secs] [Times: user=0.97 sys=0.00, real=0.16 secs] 
5699.066: [GC (Allocation Failure) [PSYoungGen: 410740K->148384K(504832K)] 845047K->681498K(1903104K), 0.0500116 secs] [Times: user=0.29 sys=0.00, real=0.05 secs] 
5702.020: [GC (Allocation Failure) [PSYoungGen: 464800K->105024K(507392K)] 997914K->777830K(1905664K), 0.1637913 secs] [Times: user=0.98 sys=0.00, real=0.17 secs] 
5702.916: [GC (Allocation Failure) [PSYoungGen: 421440K->161824K(496128K)] 1094246K->935835K(1894400K), 0.0521521 secs] [Times: user=0.31 sys=0.00, real=0.05 secs] 
5705.114: [GC (Allocation Failure) [PSYoungGen: 469536K->93952K(503296K)] 1243547K->1021315K(1901568K), 0.1698143 secs] [Times: user=1.01 sys=0.01, real=0.17 secs] 
5706.104: [GC (Allocation Failure) [PSYoungGen: 401664K->182176K(475648K)] 1329027K->1199310K(1873920K), 0.0564629 secs] [Times: user=0.34 sys=0.00, real=0.05 secs] 
5707.840: [GC (Allocation Failure) [PSYoungGen: 463264K->79232K(360448K)] 1480398K->1245038K(1758720K), 0.1027689 secs] [Times: user=0.61 sys=0.00, real=0.10 secs] 
5710.658: [GC (Allocation Failure) [PSYoungGen: 360320K->134336K(494080K)] 1526126K->1374915K(1892352K), 0.0457936 secs] [Times: user=0.27 sys=0.00, real=0.05 secs] 
5710.704: [Full GC (Ergonomics) [PSYoungGen: 134336K->0K(494080K)] [ParOldGen: 1240579K->174642K(1398272K)] 1374915K->174642K(1892352K), [Metaspace: 59670K->59670K(1105920K)], 0.4020029 secs] [Times: user=1.85 sys=0.00, real=0.40 secs] 
5712.197: [GC (Allocation Failure) [PSYoungGen: 284160K->95392K(379904K)] 458802K->270034K(1778176K), 0.0348445 secs] [Times: user=0.20 sys=0.00, real=0.03 secs] 
5714.121: [GC (Allocation Failure) [PSYoungGen: 379552K->130912K(491520K)] 554194K->398711K(1889792K), 0.0575059 secs] [Times: user=0.34 sys=0.00, real=0.06 secs] 
5715.388: [GC (Allocation Failure) [PSYoungGen: 420192K->110816K(486400K)] 687991K->500047K(1884672K), 0.0612873 secs] [Times: user=0.37 sys=0.00, real=0.06 secs] 
5717.938: [GC (Allocation Failure) [PSYoungGen: 400096K->118656K(495616K)] 789327K->618031K(1893888K), 0.0745576 secs] [Times: user=0.44 sys=0.00, real=0.07 secs] 
5719.242: [GC (Allocation Failure) [PSYoungGen: 424320K->129696K(491520K)] 923695K->737498K(1889792K), 0.0618101 secs] [Times: user=0.37 sys=0.00, real=0.07 secs] 
5721.697: [GC (Allocation Failure) [PSYoungGen: 435360K->112864K(508928K)] 1043162K->850122K(1907200K), 0.0801885 secs] [Times: user=0.47 sys=0.00, real=0.08 secs] 
5723.184: [GC (Allocation Failure) [PSYoungGen: 440032K->136288K(505344K)] 1177290K->975317K(1903616K), 0.0613070 secs] [Times: user=0.37 sys=0.00, real=0.06 secs] 
5725.234: [GC (Allocation Failure) [PSYoungGen: 463456K->131520K(518656K)] 1302485K->1106597K(1916928K), 0.0703477 secs] [Times: user=0.42 sys=0.00, real=0.07 secs] 
5727.201: [GC (GCLocker Initiated GC) [PSYoungGen: 472512K->7872K(349184K)] 1447590K->983002K(1747456K), 0.0045538 secs] [Times: user=0.02 sys=0.00, real=0.01 secs] 
5728.037: [GC (Allocation Failure) [PSYoungGen: 348864K->159136K(489472K)] 1323997K->1140761K(1887744K), 0.0330774 secs] [Times: user=0.19 sys=0.00, real=0.03 secs] 
5729.939: [GC (Allocation Failure) [PSYoungGen: 458656K->100128K(499200K)] 1440281K->1232073K(1897472K), 0.0878099 secs] [Times: user=0.52 sys=0.00, real=0.09 secs] 
5731.922: [GC (Allocation Failure) [PSYoungGen: 399648K->143328K(498688K)] 1531593K->1372834K(1896960K), 0.0511623 secs] [Times: user=0.31 sys=0.00, real=0.05 secs] 
5731.973: [Full GC (Ergonomics) [PSYoungGen: 143328K->0K(498688K)] [ParOldGen: 1229506K->173201K(1398272K)] 1372834K->173201K(1896960K), [Metaspace: 59670K->59670K(1105920K)], 0.4106147 secs] [Times: user=1.90 sys=0.00, real=0.42 secs] 
5733.562: [GC (Allocation Failure) [PSYoungGen: 304006K->101824K(406528K)] 477208K->275025K(1804800K), 0.0358779 secs] [Times: user=0.21 sys=0.00, real=0.04 secs] 
5735.738: [GC (Allocation Failure) [PSYoungGen: 406464K->142432K(497664K)] 579665K->415134K(1895936K), 0.0516716 secs] [Times: user=0.30 sys=0.00, real=0.05 secs] 
5736.946: [GC (Allocation Failure) [PSYoungGen: 448608K->107136K(499712K)] 721310K->513054K(1897984K), 0.0634306 secs] [Times: user=0.37 sys=0.00, real=0.06 secs] 
5739.551: [GC (Allocation Failure) [PSYoungGen: 413312K->140128K(501248K)] 819230K->651327K(1899520K), 0.0528820 secs] [Times: user=0.31 sys=0.00, real=0.06 secs] 
5740.785: [GC (Allocation Failure) [PSYoungGen: 452960K->109856K(502272K)] 964159K->752167K(1900544K), 0.0659055 secs] [Times: user=0.39 sys=0.00, real=0.06 secs] 
5743.098: [GC (Allocation Failure) [PSYoungGen: 422688K->145824K(501760K)] 1064999K->895348K(1900032K), 0.0553144 secs] [Times: user=0.33 sys=0.00, real=0.06 secs] 
5744.328: [GC (GCLocker Initiated GC) [PSYoungGen: 463264K->109408K(505344K)] 1212788K->995180K(1903616K), 0.0659658 secs] [Times: user=0.39 sys=0.00, real=0.07 secs] 
5746.986: [GC (Allocation Failure) [PSYoungGen: 426848K->147360K(506368K)] 1312623K->1139835K(1904640K), 0.0539863 secs] [Times: user=0.32 sys=0.00, real=0.05 secs] 
5748.246: [GC (Allocation Failure) [PSYoungGen: 470432K->112768K(509952K)] 1462907K->1242932K(1908224K), 0.0666384 secs] [Times: user=0.39 sys=0.00, real=0.06 secs] 
5750.215: [GC (Allocation Failure) [PSYoungGen: 435840K->154656K(504320K)] 1566004K->1394228K(1902592K), 0.0566189 secs] [Times: user=0.33 sys=0.01, real=0.05 secs] 
5750.272: [Full GC (Ergonomics) [PSYoungGen: 154656K->0K(504320K)] [ParOldGen: 1239572K->193259K(1398272K)] 1394228K->193259K(1902592K), [Metaspace: 59670K->59670K(1105920K)], 0.4611570 secs] [Times: user=2.14 sys=0.00, real=0.47 secs] 
5753.237: [GC (Allocation Failure) [PSYoungGen: 322048K->106848K(510464K)] 515307K->300107K(1908736K), 0.1034530 secs] [Times: user=0.62 sys=0.00, real=0.10 secs] 
5754.821: [GC (Allocation Failure) [PSYoungGen: 415752K->147488K(508416K)] 609012K->443772K(1906688K), 0.0507920 secs] [Times: user=0.30 sys=0.00, real=0.05 secs] 
5756.922: [GC (Allocation Failure) [PSYoungGen: 470560K->110400K(433664K)] 766844K->545656K(1831936K), 0.1601430 secs] [Times: user=0.95 sys=0.00, real=0.16 secs] 
5758.141: [GC (GCLocker Initiated GC) [PSYoungGen: 433472K->152704K(505344K)] 868728K->694957K(1903616K), 0.0536078 secs] [Times: user=0.31 sys=0.01, real=0.06 secs] 
5761.789: [GC (Allocation Failure) [PSYoungGen: 473728K->97952K(509952K)] 1015983K->792127K(1908224K), 0.1469111 secs] [Times: user=0.88 sys=0.00, real=0.15 secs] 
5762.330: [GC (Allocation Failure) [PSYoungGen: 418976K->160512K(496640K)] 1113151K->946729K(1894912K), 0.0559117 secs] [Times: user=0.33 sys=0.00, real=0.06 secs] 
5765.238: [GC (Allocation Failure) [PSYoungGen: 469248K->90816K(503808K)] 1255465K->1037417K(1902080K), 0.1573580 secs] [Times: user=0.93 sys=0.00, real=0.16 secs] 
5765.688: [GC (Allocation Failure) [PSYoungGen: 399552K->152832K(497152K)] 1346153K->1184048K(1895424K), 0.0532253 secs] [Times: user=0.31 sys=0.00, real=0.05 secs] 
5769.125: [GC (Allocation Failure) [PSYoungGen: 455424K->91232K(500736K)] 1486640K->1274880K(1899008K), 0.1712287 secs] [Times: user=1.02 sys=0.01, real=0.17 secs] 
5769.702: [GC (Allocation Failure) [PSYoungGen: 393824K->148480K(497664K)] 1577472K->1417797K(1895936K), 0.0551149 secs] [Times: user=0.33 sys=0.00, real=0.06 secs] 
5769.757: [Full GC (Ergonomics) [PSYoungGen: 148480K->0K(497664K)] [ParOldGen: 1269317K->214597K(1398272K)] 1417797K->214597K(1895936K), [Metaspace: 59670K->59670K(1105920K)], 0.5078125 secs] [Times: user=2.38 sys=0.00, real=0.51 secs] 
5772.397: [GC (Allocation Failure) [PSYoungGen: 300544K->90880K(499712K)] 515141K->305477K(1897984K), 0.1375812 secs] [Times: user=0.82 sys=0.01, real=0.14 secs] 
5772.994: [GC (Allocation Failure) [PSYoungGen: 391424K->148960K(496128K)] 606021K->448907K(1894400K), 0.0528562 secs] [Times: user=0.31 sys=0.00, real=0.05 secs] 
5775.382: [GC (Allocation Failure) [PSYoungGen: 447456K->91264K(498688K)] 747403K->539931K(1896960K), 0.1609425 secs] [Times: user=0.96 sys=0.00, real=0.16 secs] 
5776.420: [GC (Allocation Failure) [PSYoungGen: 381272K->138176K(495104K)] 829939K->674260K(1893376K), 0.0490922 secs] [Times: user=0.29 sys=0.00, real=0.05 secs] 
5778.437: [GC (Allocation Failure) [PSYoungGen: 438720K->95776K(497152K)] 974804K->761496K(1895424K), 0.1565131 secs] [Times: user=0.92 sys=0.01, real=0.16 secs] 
5780.224: [GC (Allocation Failure) [PSYoungGen: 396320K->145248K(499712K)] 1062040K->902828K(1897984K), 0.0480928 secs] [Times: user=0.29 sys=0.00, real=0.04 secs] 
5781.496: [GC (Allocation Failure) [PSYoungGen: 450912K->102240K(408064K)] 1208492K->996456K(1806336K), 0.0636473 secs] [Times: user=0.37 sys=0.00, real=0.06 secs] 
5784.499: [GC (Allocation Failure) [PSYoungGen: 407904K->144832K(498688K)] 1302120K->1137369K(1896960K), 0.0504341 secs] [Times: user=0.30 sys=0.00, real=0.05 secs] 
5785.869: [GC (Allocation Failure) [PSYoungGen: 451520K->101952K(500736K)] 1444057K->1229937K(1899008K), 0.0685880 secs] [Times: user=0.40 sys=0.01, real=0.07 secs] 
5788.281: [GC (Allocation Failure) [PSYoungGen: 408640K->145024K(501248K)] 1536625K->1371014K(1899520K), 0.0506702 secs] [Times: user=0.30 sys=0.00, real=0.05 secs] 
5788.331: [Full GC (Ergonomics) [PSYoungGen: 145024K->0K(501248K)] [ParOldGen: 1225990K->177615K(1398272K)] 1371014K->177615K(1899520K), [Metaspace: 59670K->59670K(1105920K)], 0.4252726 secs] [Times: user=1.98 sys=0.00, real=0.43 secs] 
5789.899: [GC (Allocation Failure) [PSYoungGen: 310784K->106080K(503296K)] 488399K->283695K(1901568K), 0.0336491 secs] [Times: user=0.20 sys=0.00, real=0.03 secs] 
5792.351: [GC (Allocation Failure) [PSYoungGen: 416864K->146848K(501760K)] 594479K->427812K(1900032K), 0.0529692 secs] [Times: user=0.32 sys=0.00, real=0.06 secs] 
5793.592: [GC (Allocation Failure) [PSYoungGen: 458281K->105696K(504320K)] 739246K->524632K(1902592K), 0.0642787 secs] [Times: user=0.38 sys=0.00, real=0.07 secs] 
5795.030: [GC (Allocation Failure) [PSYoungGen: 419040K->147424K(504832K)] 837976K->670181K(1903104K), 0.0806606 secs] [Times: user=0.48 sys=0.00, real=0.08 secs] 
5797.362: [GC (Allocation Failure) [PSYoungGen: 464352K->106624K(507392K)] 987109K->768629K(1905664K), 0.0718084 secs] [Times: user=0.42 sys=0.00, real=0.08 secs] 
5799.265: [GC (Allocation Failure) [PSYoungGen: 423552K->150976K(503296K)] 1085557K->915850K(1901568K), 0.0529508 secs] [Times: user=0.32 sys=0.00, real=0.05 secs] 
5801.250: [GC (Allocation Failure) [PSYoungGen: 467392K->106336K(507392K)] 1232266K->1012906K(1905664K), 0.1718025 secs] [Times: user=1.02 sys=0.01, real=0.17 secs] 
5802.167: [GC (Allocation Failure) [PSYoungGen: 422752K->151360K(503808K)] 1329322K->1160011K(1902080K), 0.0525505 secs] [Times: user=0.31 sys=0.00, real=0.05 secs] 
5804.677: [GC (Allocation Failure) [PSYoungGen: 467264K->107168K(507392K)] 1475915K->1257883K(1905664K), 0.1686040 secs] [Times: user=1.00 sys=0.01, real=0.17 secs] 
5805.903: [GC (Allocation Failure) [PSYoungGen: 408803K->144928K(506880K)] 1559518K->1398720K(1905152K), 0.0515614 secs] [Times: user=0.31 sys=0.00, real=0.06 secs] 
5805.954: [Full GC (Ergonomics) [PSYoungGen: 144928K->0K(506880K)] [ParOldGen: 1253792K->196338K(1398272K)] 1398720K->196338K(1905152K), [Metaspace: 59672K->59672K(1105920K)], 0.4760105 secs] [Times: user=2.21 sys=0.00, real=0.47 secs] 
5808.555: [GC (Allocation Failure) [PSYoungGen: 318464K->106592K(507904K)] 514802K->302930K(1906176K), 0.0951058 secs] [Times: user=0.56 sys=0.00, real=0.09 secs] 
5809.702: [GC (Allocation Failure) [PSYoungGen: 425056K->155712K(501760K)] 621394K->454679K(1900032K), 0.0511498 secs] [Times: user=0.30 sys=0.01, real=0.06 secs] 
5812.440: [GC (Allocation Failure) [PSYoungGen: 470592K->103040K(506880K)] 769559K->557903K(1905152K), 0.1651366 secs] [Times: user=0.98 sys=0.00, real=0.17 secs] 
5813.770: [GC (Allocation Failure) [PSYoungGen: 417920K->152352K(501760K)] 872783K->695868K(1900032K), 0.0542438 secs] [Times: user=0.32 sys=0.00, real=0.06 secs] 
5816.436: [GC (Allocation Failure) [PSYoungGen: 464160K->95232K(505344K)] 1007676K->790492K(1903616K), 0.1559767 secs] [Times: user=0.93 sys=0.00, real=0.15 secs] 
5817.282: [GC (Allocation Failure) [PSYoungGen: 407040K->153984K(498176K)] 1102300K->938432K(1896448K), 0.0549254 secs] [Times: user=0.33 sys=0.00, real=0.06 secs] 
5820.121: [GC (GCLocker Initiated GC) [PSYoungGen: 459648K->90752K(502272K)] 1244096K->1028652K(1900544K), 0.1346466 secs] [Times: user=0.80 sys=0.01, real=0.14 secs] 
5821.365: [GC (Allocation Failure) [PSYoungGen: 396416K->150880K(497664K)] 1334319K->1173728K(1895936K), 0.0537614 secs] [Times: user=0.32 sys=0.00, real=0.05 secs] 
5823.952: [GC (Allocation Failure) [PSYoungGen: 452448K->87712K(500224K)] 1475296K->1261296K(1898496K), 0.1672996 secs] [Times: user=0.99 sys=0.00, real=0.17 secs] 
5824.523: [GC (Allocation Failure) [PSYoungGen: 375720K->139872K(497664K)] 1549305K->1397545K(1895936K), 0.0499487 secs] [Times: user=0.30 sys=0.00, real=0.04 secs] 
5824.573: [Full GC (Ergonomics) [PSYoungGen: 139872K->0K(497664K)] [ParOldGen: 1257673K->195942K(1398272K)] 1397545K->195942K(1895936K), [Metaspace: 59672K->59672K(1105920K)], 0.4783881 secs] [Times: user=2.21 sys=0.00, real=0.47 secs] 
5826.492: [GC (Allocation Failure) [PSYoungGen: 302080K->100256K(499200K)] 498022K->296198K(1897472K), 0.0566136 secs] [Times: user=0.33 sys=0.00, real=0.06 secs] 
5828.229: [GC (Allocation Failure) [PSYoungGen: 402336K->143296K(499712K)] 598278K->435439K(1897984K), 0.0482047 secs] [Times: user=0.28 sys=0.00, real=0.05 secs] 
5829.724: [GC (Allocation Failure) [PSYoungGen: 448960K->104576K(500224K)] 741103K->530971K(1898496K), 0.0895610 secs] [Times: user=0.53 sys=0.00, real=0.09 secs] 
5831.331: [GC (Allocation Failure) [PSYoungGen: 410240K->147776K(498688K)] 836635K->674951K(1896960K), 0.0507808 secs] [Times: user=0.30 sys=0.01, real=0.05 secs] 
5832.592: [GC (Allocation Failure) [PSYoungGen: 455488K->103040K(501248K)] 982663K->769063K(1899520K), 0.0632368 secs] [Times: user=0.38 sys=0.00, real=0.07 secs] 
5834.804: [GC (Allocation Failure) [PSYoungGen: 410752K->147328K(502784K)] 1076775K->912628K(1901056K), 0.0511103 secs] [Times: user=0.30 sys=0.00, real=0.05 secs] 
5836.024: [GC (Allocation Failure) [PSYoungGen: 459648K->103232K(504832K)] 1224948K->1007268K(1903104K), 0.0668353 secs] [Times: user=0.40 sys=0.00, real=0.06 secs] 
5839.121: [GC (Allocation Failure) [PSYoungGen: 415552K->146848K(503808K)] 1319588K->1150313K(1902080K), 0.0507208 secs] [Times: user=0.30 sys=0.00, real=0.05 secs] 
5840.385: [GC (Allocation Failure) [PSYoungGen: 460704K->105728K(419840K)] 1464169K->1247225K(1818112K), 0.0688499 secs] [Times: user=0.41 sys=0.00, real=0.07 secs] 
5842.466: [GC (Allocation Failure) [PSYoungGen: 419584K->150464K(501760K)] 1561081K->1393748K(1900032K), 0.0533207 secs] [Times: user=0.31 sys=0.00, real=0.05 secs] 
5842.519: [Full GC (Ergonomics) [PSYoungGen: 150464K->0K(501760K)] [ParOldGen: 1243284K->193056K(1398272K)] 1393748K->193056K(1900032K), [Metaspace: 59672K->59672K(1105920K)], 0.4550688 secs] [Times: user=2.10 sys=0.00, real=0.46 secs] 
5844.427: [GC (Allocation Failure) [PSYoungGen: 313344K->106624K(505344K)] 506400K->299680K(1903616K), 0.0567261 secs] [Times: user=0.33 sys=0.01, real=0.06 secs] 
5847.196: [GC (Allocation Failure) [PSYoungGen: 418738K->147744K(505344K)] 611794K->443235K(1903616K), 0.0509480 secs] [Times: user=0.30 sys=0.00, real=0.05 secs] 
5849.620: [GC (Allocation Failure) [PSYoungGen: 464160K->105536K(507392K)] 759651K->539971K(1905664K), 0.1630815 secs] [Times: user=0.97 sys=0.00, real=0.17 secs] 
5850.830: [GC (Allocation Failure) [PSYoungGen: 408221K->145504K(505856K)] 842656K->681504K(1904128K), 0.0496180 secs] [Times: user=0.29 sys=0.00, real=0.05 secs] 
5852.571: [GC (Allocation Failure) [PSYoungGen: 462944K->110304K(428032K)] 998944K->783088K(1826304K), 0.1344745 secs] [Times: user=0.80 sys=0.00, real=0.14 secs] 
5853.980: [GC (Allocation Failure) [PSYoungGen: 427744K->168160K(493056K)] 1100528K->947465K(1891328K), 0.0594984 secs] [Times: user=0.28 sys=0.00, real=0.06 secs] 
5856.553: [GC (Allocation Failure) [PSYoungGen: 474848K->92928K(502784K)] 1254153K->1023473K(1901056K), 0.1341321 secs] [Times: user=0.80 sys=0.00, real=0.14 secs] 
5857.529: [GC (Allocation Failure) [PSYoungGen: 399616K->150368K(499200K)] 1330161K->1170022K(1897472K), 0.0541387 secs] [Times: user=0.32 sys=0.00, real=0.06 secs] 
5859.935: [GC (Allocation Failure) [PSYoungGen: 453984K->91456K(501248K)] 1473638K->1261622K(1899520K), 0.1776584 secs] [Times: user=1.06 sys=0.00, real=0.17 secs] 
5860.588: [GC (Allocation Failure) [PSYoungGen: 380710K->138944K(496640K)] 1550876K->1396938K(1894912K), 0.0501139 secs] [Times: user=0.30 sys=0.00, real=0.05 secs] 
5860.638: [Full GC (Ergonomics) [PSYoungGen: 138944K->0K(496640K)] [ParOldGen: 1257994K->195777K(1398272K)] 1396938K->195777K(1894912K), [Metaspace: 59672K->59672K(1105920K)], 0.4646817 secs] [Times: user=2.16 sys=0.00, real=0.46 secs] 
5863.325: [GC (Allocation Failure) [PSYoungGen: 304128K->98112K(499200K)] 499905K->293889K(1897472K), 0.0976215 secs] [Times: user=0.57 sys=0.01, real=0.09 secs] 
5865.269: [GC (Allocation Failure) [PSYoungGen: 402240K->146848K(501760K)] 598017K->436470K(1900032K), 0.0477484 secs] [Times: user=0.28 sys=0.00, real=0.05 secs] 
5866.459: [GC (Allocation Failure) [PSYoungGen: 455584K->102752K(411648K)] 745206K->530442K(1809920K), 0.0640834 secs] [Times: user=0.38 sys=0.00, real=0.07 secs] 
5869.149: [GC (Allocation Failure) [PSYoungGen: 411488K->146464K(501248K)] 839178K->672767K(1899520K), 0.0505270 secs] [Times: user=0.30 sys=0.00, real=0.05 secs] 
5871.066: [GC (Allocation Failure) [PSYoungGen: 455712K->103200K(502784K)] 982015K->766799K(1901056K), 0.1060023 secs] [Times: user=0.62 sys=0.01, real=0.10 secs] 
5872.931: [GC (Allocation Failure) [PSYoungGen: 412448K->149216K(500736K)] 1076047K->911708K(1899008K), 0.0510640 secs] [Times: user=0.30 sys=0.00, real=0.05 secs] 
5874.247: [GC (Allocation Failure) [PSYoungGen: 459488K->104512K(503808K)] 1221980K->1007428K(1902080K), 0.0922298 secs] [Times: user=0.55 sys=0.00, real=0.09 secs] 
5875.959: [GC (Allocation Failure) [PSYoungGen: 414784K->147296K(503296K)] 1317700K->1152154K(1901568K), 0.0523007 secs] [Times: user=0.31 sys=0.00, real=0.05 secs] 
5878.588: [GC (Allocation Failure) [PSYoungGen: 460128K->103712K(505344K)] 1464986K->1246690K(1903616K), 0.1211245 secs] [Times: user=0.72 sys=0.01, real=0.12 secs] 
5880.276: [GC (Allocation Failure) [PSYoungGen: 416544K->147200K(503296K)] 1559522K->1390562K(1901568K), 0.0523800 secs] [Times: user=0.31 sys=0.00, real=0.05 secs] 
5880.329: [Full GC (Ergonomics) [PSYoungGen: 147200K->0K(503296K)] [ParOldGen: 1243362K->188765K(1398272K)] 1390562K->188765K(1901568K), [Metaspace: 59672K->59672K(1105920K)], 0.4543013 secs] [Times: user=2.10 sys=0.00, real=0.45 secs] 
5882.586: [GC (Allocation Failure) [PSYoungGen: 313856K->106944K(505344K)] 502621K->295709K(1903616K), 0.0569447 secs] [Times: user=0.33 sys=0.01, real=0.06 secs] 
5883.575: [GC (Allocation Failure) [PSYoungGen: 420800K->150336K(503296K)] 609565K->442609K(1901568K), 0.0513171 secs] [Times: user=0.30 sys=0.00, real=0.05 secs] 
5886.460: [GC (GCLocker Initiated GC) [PSYoungGen: 465216K->104480K(506368K)] 757489K->538265K(1904640K), 0.1630288 secs] [Times: user=0.96 sys=0.01, real=0.17 secs] 
5887.411: [GC (Allocation Failure) [PSYoungGen: 419360K->142208K(506880K)] 869564K->693007K(1905152K), 0.2413141 secs] [Times: user=1.44 sys=0.00, real=0.24 secs] 
5889.962: [GC (Allocation Failure) [PSYoungGen: 459908K->95712K(507392K)] 1010707K->788243K(1905664K), 0.4208538 secs] [Times: user=2.51 sys=0.02, real=0.42 secs] 
5891.898: [GC (Allocation Failure) [PSYoungGen: 414176K->155328K(499712K)] 1106707K->938591K(1897984K), 0.0557470 secs] [Times: user=0.33 sys=0.00, real=0.06 secs] 
5895.080: [GC (Allocation Failure) [PSYoungGen: 467136K->93792K(505344K)] 1250399K->1032375K(1903616K), 0.1690312 secs] [Times: user=0.93 sys=0.00, real=0.17 secs] 
5896.418: [GC (Allocation Failure) [PSYoungGen: 405600K->153632K(498176K)] 1344183K->1179288K(1896448K), 0.0556510 secs] [Times: user=0.33 sys=0.01, real=0.06 secs] 
5898.912: [GC (Allocation Failure) [PSYoungGen: 459296K->91712K(502272K)] 1484952K->1270208K(1900544K), 0.1656983 secs] [Times: user=0.99 sys=0.00, real=0.17 secs] 
5900.160: [GC (GCLocker Initiated GC) [PSYoungGen: 397376K->149152K(498176K)] 1575872K->1413581K(1896448K), 0.0779674 secs] [Times: user=0.46 sys=0.00, real=0.08 secs] 
5900.238: [Full GC (Ergonomics) [PSYoungGen: 149152K->0K(498176K)] [ParOldGen: 1264429K->210988K(1398272K)] 1413581K->210988K(1896448K), [Metaspace: 59672K->59672K(1105920K)], 0.4920722 secs] [Times: user=2.29 sys=0.00, real=0.49 secs] 
5902.541: [GC (Allocation Failure) [PSYoungGen: 302592K->92544K(500736K)] 513585K->303537K(1899008K), 0.1434696 secs] [Times: user=0.85 sys=0.00, real=0.15 secs] 
5903.329: [GC (Allocation Failure) [PSYoungGen: 395136K->147776K(498176K)] 606129K->445358K(1896448K), 0.0527886 secs] [Times: user=0.32 sys=0.00, real=0.05 secs] 
5905.802: [GC (Allocation Failure) [PSYoungGen: 449344K->92992K(500224K)] 746926K->537198K(1898496K), 0.1385048 secs] [Times: user=0.82 sys=0.00, real=0.14 secs] 
5906.363: [GC (Allocation Failure) [PSYoungGen: 380675K->139104K(498176K)] 824881K->672959K(1896448K), 0.0491276 secs] [Times: user=0.29 sys=0.00, real=0.04 secs] 
5908.801: [GC (Allocation Failure) [PSYoungGen: 442720K->98368K(499200K)] 976575K->763223K(1897472K), 0.1272661 secs] [Times: user=0.75 sys=0.01, real=0.13 secs] 
5910.994: [GC (Allocation Failure) [PSYoungGen: 401984K->145760K(499200K)] 1066839K->904464K(1897472K), 0.0475565 secs] [Times: user=0.29 sys=0.01, real=0.04 secs] 
5912.765: [GC (Allocation Failure) [PSYoungGen: 452448K->101792K(501248K)] 1211152K->997512K(1899520K), 0.0979955 secs] [Times: user=0.58 sys=0.00, real=0.10 secs] 
5914.260: [GC (Allocation Failure) [PSYoungGen: 408480K->146880K(501248K)] 1304200K->1140577K(1899520K), 0.0502165 secs] [Times: user=0.30 sys=0.00, real=0.05 secs] 
5916.321: [GC (Allocation Failure) [PSYoungGen: 456640K->107712K(503296K)] 1450337K->1238877K(1901568K), 0.0653283 secs] [Times: user=0.39 sys=0.00, real=0.07 secs] 
5918.346: [GC (Allocation Failure) [PSYoungGen: 417472K->144352K(501760K)] 1548637K->1378318K(1900032K), 0.0524813 secs] [Times: user=0.31 sys=0.00, real=0.05 secs] 
5918.398: [Full GC (Ergonomics) [PSYoungGen: 144352K->0K(501760K)] [ParOldGen: 1233966K->184854K(1398272K)] 1378318K->184854K(1900032K), [Metaspace: 59672K->59672K(1105920K)], 0.4465330 secs] [Times: user=2.07 sys=0.00, real=0.45 secs] 
5920.279: [GC (Allocation Failure) [PSYoungGen: 312320K->106784K(503296K)] 497174K->291638K(1901568K), 0.0323271 secs] [Times: user=0.19 sys=0.00, real=0.03 secs] 
5921.942: [GC (Allocation Failure) [PSYoungGen: 419104K->146048K(503808K)] 603958K->434664K(1902080K), 0.0736733 secs] [Times: user=0.43 sys=0.00, real=0.08 secs] 
5924.645: [GC (Allocation Failure) [PSYoungGen: 462464K->106688K(505856K)] 751080K->532888K(1904128K), 0.0636811 secs] [Times: user=0.37 sys=0.00, real=0.06 secs] 
5925.756: [GC (Allocation Failure) [PSYoungGen: 423104K->148480K(505344K)] 849304K->678281K(1903616K), 0.0821725 secs] [Times: user=0.49 sys=0.00, real=0.08 secs] 
5928.266: [GC (Allocation Failure) [PSYoungGen: 467456K->106688K(508416K)] 997257K->776541K(1906688K), 0.0657090 secs] [Times: user=0.39 sys=0.00, real=0.06 secs] 
5929.639: [GC (Allocation Failure) [PSYoungGen: 416884K->148384K(506880K)] 1086738K->921590K(1905152K), 0.1242881 secs] [Times: user=0.73 sys=0.00, real=0.13 secs] 
5932.494: [GC (Allocation Failure) [PSYoungGen: 468896K->107520K(509440K)] 1242102K->1020722K(1907712K), 0.0885936 secs] [Times: user=0.53 sys=0.00, real=0.08 secs] 
5933.313: [GC (Allocation Failure) [PSYoungGen: 428032K->154752K(502784K)] 1341234K->1171787K(1901056K), 0.0531257 secs] [Times: user=0.32 sys=0.00, real=0.06 secs] 
5938.867: [GC (Allocation Failure) [PSYoungGen: 471680K->90240K(507904K)] 1488715K->1261687K(1906176K), 0.1393394 secs] [Times: user=0.83 sys=0.00, real=0.14 secs] 
5940.132: [GC (Allocation Failure) [PSYoungGen: 407168K->153280K(498688K)] 1578615K->1410816K(1896960K), 0.0542015 secs] [Times: user=0.32 sys=0.00, real=0.06 secs] 
5940.186: [Full GC (Ergonomics) [PSYoungGen: 153280K->0K(498688K)] [ParOldGen: 1257536K->207340K(1398272K)] 1410816K->207340K(1896960K), [Metaspace: 59672K->59672K(1105920K)], 0.4679543 secs] [Times: user=2.14 sys=0.00, real=0.47 secs] 
5943.120: [GC (Allocation Failure) [PSYoungGen: 307712K->93216K(503296K)] 515052K->300556K(1901568K), 0.1616245 secs] [Times: user=0.95 sys=0.01, real=0.16 secs] 
5944.043: [GC (Allocation Failure) [PSYoungGen: 385605K->138688K(499712K)] 592945K->435329K(1897984K), 0.0479602 secs] [Times: user=0.29 sys=0.00, real=0.04 secs] 
5946.410: [GC (Allocation Failure) [PSYoungGen: 447936K->102048K(502272K)] 744577K->528349K(1900544K), 0.1085729 secs] [Times: user=0.56 sys=0.01, real=0.11 secs] 
5947.572: [GC (Allocation Failure) [PSYoungGen: 410211K->148704K(502272K)] 836512K->673077K(1900544K), 0.0504433 secs] [Times: user=0.30 sys=0.00, real=0.05 secs] 
5949.846: [GC (Allocation Failure) [PSYoungGen: 461024K->103232K(505344K)] 985397K->767854K(1903616K), 0.1614552 secs] [Times: user=0.95 sys=0.01, real=0.16 secs] 
5950.921: [GC (Allocation Failure) [PSYoungGen: 415244K->147712K(503296K)] 1079866K->911666K(1901568K), 0.0510831 secs] [Times: user=0.30 sys=0.01, real=0.05 secs] 
5953.366: [GC (Allocation Failure) [PSYoungGen: 461056K->103232K(505856K)] 1225010K->1006298K(1904128K), 0.1726496 secs] [Times: user=1.02 sys=0.00, real=0.17 secs] 
5955.200: [GC (Allocation Failure) [PSYoungGen: 414253K->148672K(502784K)] 1317320K->1150515K(1901056K), 0.0511273 secs] [Times: user=0.30 sys=0.00, real=0.05 secs] 
5957.687: [GC (Allocation Failure) [PSYoungGen: 462016K->103264K(505856K)] 1463859K->1244551K(1904128K), 0.1563803 secs] [Times: user=0.93 sys=0.00, real=0.16 secs] 
5959.077: [GC (Allocation Failure) [PSYoungGen: 411858K->147328K(504320K)] 1553146K->1388020K(1902592K), 0.0508921 secs] [Times: user=0.30 sys=0.00, real=0.05 secs] 
5959.127: [Full GC (Ergonomics) [PSYoungGen: 147328K->0K(504320K)] [ParOldGen: 1240692K->195977K(1398272K)] 1388020K->195977K(1902592K), [Metaspace: 59672K->59672K(1105920K)], 0.4638157 secs] [Times: user=2.15 sys=0.00, real=0.46 secs] 
5961.659: [GC (Allocation Failure) [PSYoungGen: 314880K->103776K(506368K)] 510857K->299753K(1904640K), 0.0614135 secs] [Times: user=0.36 sys=0.01, real=0.06 secs] 
5963.136: [GC (Allocation Failure) [PSYoungGen: 414144K->148128K(504320K)] 610122K->443152K(1902592K), 0.0486003 secs] [Times: user=0.29 sys=0.00, real=0.05 secs] 
5965.521: [GC (Allocation Failure) [PSYoungGen: 463520K->104032K(506880K)] 758544K->538356K(1905152K), 0.1739131 secs] [Times: user=1.04 sys=0.01, real=0.18 secs] 
5966.979: [GC (Allocation Failure) [PSYoungGen: 411980K->147456K(505344K)] 846304K->681551K(1903616K), 0.0491809 secs] [Times: user=0.29 sys=0.00, real=0.05 secs] 
5968.493: [GC (Allocation Failure) [PSYoungGen: 463872K->103872K(507392K)] 997967K->776999K(1905664K), 0.0861357 secs] [Times: user=0.52 sys=0.00, real=0.08 secs] 
5969.757: [GC (Allocation Failure) [PSYoungGen: 411690K->147648K(505344K)] 1084818K->920877K(1903616K), 0.0753574 secs] [Times: user=0.44 sys=0.01, real=0.07 secs] 
5972.114: [GC (Allocation Failure) [PSYoungGen: 464576K->107680K(507392K)] 1237805K->1019981K(1905664K), 0.1274383 secs] [Times: user=0.75 sys=0.00, real=0.12 secs] 
5972.597: [GC (Allocation Failure) [PSYoungGen: 424608K->155264K(501248K)] 1336909K->1170838K(1899520K), 0.0523010 secs] [Times: user=0.31 sys=0.00, real=0.05 secs] 
5975.743: [GC (Allocation Failure) [PSYoungGen: 468264K->92672K(506368K)] 1483838K->1263218K(1904640K), 0.1757345 secs] [Times: user=1.04 sys=0.00, real=0.18 secs] 
5976.351: [GC (Allocation Failure) [PSYoungGen: 406528K->153984K(498688K)] 1577074K->1413203K(1896960K), 0.0547983 secs] [Times: user=0.32 sys=0.00, real=0.06 secs] 
5976.405: [Full GC (Ergonomics) [PSYoungGen: 153984K->0K(498688K)] [ParOldGen: 1259219K->211424K(1398272K)] 1413203K->211424K(1896960K), [Metaspace: 59672K->59672K(1105920K)], 0.4976800 secs] [Times: user=2.33 sys=0.00, real=0.49 secs] 
5979.249: [GC (Allocation Failure) [PSYoungGen: 306688K->90400K(502784K)] 518112K->301824K(1901056K), 0.1440889 secs] [Times: user=0.85 sys=0.00, real=0.14 secs] 
5980.423: [GC (Allocation Failure) [PSYoungGen: 397088K->149632K(498176K)] 608512K->445253K(1896448K), 0.0520656 secs] [Times: user=0.31 sys=0.00, real=0.06 secs] 
5983.817: [GC (Allocation Failure) [PSYoungGen: 452224K->89696K(500736K)] 747845K->534469K(1899008K), 0.1748301 secs] [Times: user=1.04 sys=0.00, real=0.17 secs] 
5984.799: [GC (Allocation Failure) [PSYoungGen: 380931K->141952K(499712K)] 825705K->672318K(1897984K), 0.0487573 secs] [Times: user=0.29 sys=0.01, real=0.05 secs] 
5986.866: [GC (Allocation Failure) [PSYoungGen: 445568K->100416K(404480K)] 975934K->764486K(1802752K), 0.1489961 secs] [Times: user=0.88 sys=0.01, real=0.15 secs] 
5989.401: [GC (Allocation Failure) [PSYoungGen: 404032K->144608K(497664K)] 1068102K->904575K(1895936K), 0.0492411 secs] [Times: user=0.29 sys=0.00, real=0.05 secs] 
5991.019: [GC (Allocation Failure) [PSYoungGen: 448736K->102944K(499200K)] 1208703K->998431K(1897472K), 0.1164505 secs] [Times: user=0.69 sys=0.01, real=0.12 secs] 
5992.614: [GC (Allocation Failure) [PSYoungGen: 407072K->144416K(500224K)] 1302559K->1139107K(1898496K), 0.0520966 secs] [Times: user=0.31 sys=0.00, real=0.05 secs] 
5993.879: [GC (Allocation Failure) [PSYoungGen: 453152K->105472K(501760K)] 1447843K->1235624K(1900032K), 0.0640820 secs] [Times: user=0.38 sys=0.00, real=0.06 secs] 
5995.766: [GC (Allocation Failure) [PSYoungGen: 414208K->146368K(501760K)] 1544360K->1378156K(1900032K), 0.0528212 secs] [Times: user=0.31 sys=0.00, real=0.05 secs] 
5995.819: [Full GC (Ergonomics) [PSYoungGen: 146368K->0K(501760K)] [ParOldGen: 1231788K->186050K(1398272K)] 1378156K->186050K(1900032K), [Metaspace: 59672K->59672K(1105920K)], 0.4394172 secs] [Times: user=2.02 sys=0.00, real=0.44 secs] 
5997.764: [GC (Allocation Failure) [PSYoungGen: 312320K->106720K(503808K)] 498370K->292770K(1902080K), 0.0709712 secs] [Times: user=0.36 sys=0.01, real=0.07 secs] 
6000.524: [GC (Allocation Failure) [PSYoungGen: 419040K->147328K(503296K)] 605090K->436091K(1901568K), 0.0513754 secs] [Times: user=0.31 sys=0.00, real=0.05 secs] 
6001.707: [GC (Allocation Failure) [PSYoungGen: 462720K->107040K(505856K)] 751483K->533803K(1904128K), 0.0648259 secs] [Times: user=0.38 sys=0.00, real=0.06 secs] 
6003.313: [GC (Allocation Failure) [PSYoungGen: 422432K->151776K(503296K)] 849195K->681432K(1901568K), 0.0515202 secs] [Times: user=0.30 sys=0.00, real=0.06 secs] 
6005.623: [GC (Allocation Failure) [PSYoungGen: 468192K->104608K(507392K)] 997848K->777228K(1905664K), 0.1546848 secs] [Times: user=0.92 sys=0.00, real=0.15 secs] 
6006.838: [GC (Allocation Failure) [PSYoungGen: 412113K->146336K(506368K)] 1084734K->919685K(1904640K), 0.0503707 secs] [Times: user=0.30 sys=0.00, real=0.05 secs] 
6008.943: [GC (Allocation Failure) [PSYoungGen: 464288K->108928K(427008K)] 1237637K->1019933K(1825280K), 0.1740106 secs] [Times: user=1.04 sys=0.01, real=0.18 secs] 
6009.854: [GC (Allocation Failure) [PSYoungGen: 410630K->142368K(506368K)] 1321636K->1158738K(1904640K), 0.0522012 secs] [Times: user=0.31 sys=0.00, real=0.05 secs] 
6012.739: [GC (Allocation Failure) [PSYoungGen: 461856K->108416K(506880K)] 1478226K->1258082K(1905152K), 0.0861309 secs] [Times: user=0.51 sys=0.00, real=0.09 secs] 
6013.450: [GC (Allocation Failure) [PSYoungGen: 427904K->153280K(504320K)] 1577570K->1407483K(1902592K), 0.0537061 secs] [Times: user=0.32 sys=0.00, real=0.06 secs] 
6013.503: [Full GC (Ergonomics) [PSYoungGen: 153280K->0K(504320K)] [ParOldGen: 1254203K->206589K(1398272K)] 1407483K->206589K(1902592K), [Metaspace: 59672K->59672K(1105920K)], 0.4825935 secs] [Times: user=2.24 sys=0.00, real=0.48 secs] 
6016.748: [GC (Allocation Failure) [PSYoungGen: 318215K->94368K(508928K)] 524804K->300957K(1907200K), 0.1497107 secs] [Times: user=0.89 sys=0.00, real=0.15 secs] 
6017.287: [GC (Allocation Failure) [PSYoungGen: 414368K->156736K(499200K)] 620957K->453938K(1897472K), 0.0546651 secs] [Times: user=0.32 sys=0.00, real=0.05 secs] 
6019.552: [GC (Allocation Failure) [PSYoungGen: 467520K->96128K(504832K)] 764722K->549934K(1903104K), 0.1397281 secs] [Times: user=0.84 sys=0.00, real=0.14 secs] 
6020.759: [GC (Allocation Failure) [PSYoungGen: 406912K->151360K(499200K)] 860718K->695559K(1897472K), 0.0545371 secs] [Times: user=0.33 sys=0.00, real=0.06 secs] 
6023.277: [GC (Allocation Failure) [PSYoungGen: 458048K->89600K(502784K)] 1002247K->784731K(1901056K), 0.1544395 secs] [Times: user=0.91 sys=0.01, real=0.15 secs] 
6024.561: [GC (Allocation Failure) [PSYoungGen: 396288K->151936K(497152K)] 1091419K->930480K(1895424K), 0.0528956 secs] [Times: user=0.31 sys=0.00, real=0.06 secs] 
6026.614: [GC (Allocation Failure) [PSYoungGen: 453504K->89920K(500224K)] 1232048K->1020512K(1898496K), 0.1163326 secs] [Times: user=0.69 sys=0.00, real=0.11 secs] 
6027.459: [GC (Allocation Failure) [PSYoungGen: 391488K->149152K(496128K)] 1322080K->1163777K(1894400K), 0.0527510 secs] [Times: user=0.32 sys=0.00, real=0.05 secs] 
6030.079: [GC (Allocation Failure) [PSYoungGen: 447648K->88224K(498688K)] 1462273K->1251649K(1896960K), 0.1600548 secs] [Times: user=0.96 sys=0.00, real=0.16 secs] 
6032.075: [GC (Allocation Failure) [PSYoungGen: 386720K->142848K(497664K)] 1550145K->1390190K(1895936K), 0.0491730 secs] [Times: user=0.29 sys=0.00, real=0.05 secs] 
6032.124: [Full GC (Ergonomics) [PSYoungGen: 142848K->0K(497664K)] [ParOldGen: 1247342K->196129K(1398272K)] 1390190K->196129K(1895936K), [Metaspace: 59673K->59673K(1105920K)], 0.4593040 secs] [Times: user=2.13 sys=0.00, real=0.46 secs] 
6033.706: [GC (Allocation Failure) [PSYoungGen: 299520K->100384K(400384K)] 495649K->296513K(1798656K), 0.0306412 secs] [Times: user=0.18 sys=0.00, real=0.03 secs] 
6035.360: [GC (Allocation Failure) [PSYoungGen: 399904K->151584K(493568K)] 596033K->443950K(1891840K), 0.0487983 secs] [Times: user=0.29 sys=0.00, real=0.05 secs] 
6036.537: [GC (Allocation Failure) [PSYoungGen: 449568K->99648K(497152K)] 741934K->525694K(1895424K), 0.0628677 secs] [Times: user=0.38 sys=0.00, real=0.06 secs] 
6038.760: [GC (Allocation Failure) [PSYoungGen: 397632K->140192K(498176K)] 823678K->661866K(1896448K), 0.0494181 secs] [Times: user=0.29 sys=0.01, real=0.05 secs] 
6039.973: [GC (Allocation Failure) [PSYoungGen: 443808K->104960K(499200K)] 965482K->757210K(1897472K), 0.0630096 secs] [Times: user=0.37 sys=0.01, real=0.07 secs] 
6041.633: [GC (Allocation Failure) [PSYoungGen: 408576K->141632K(499712K)] 1060826K->896135K(1897984K), 0.0520716 secs] [Times: user=0.31 sys=0.00, real=0.06 secs] 
6042.912: [GC (Allocation Failure) [PSYoungGen: 449856K->108960K(500224K)] 1204359K->995607K(1898496K), 0.0662241 secs] [Times: user=0.39 sys=0.00, real=0.07 secs] 
6044.825: [GC (GCLocker Initiated GC) [PSYoungGen: 417184K->139904K(502784K)] 1303831K->1133396K(1901056K), 0.0543889 secs] [Times: user=0.32 sys=0.00, real=0.05 secs] 
6046.190: [GC (Allocation Failure) [PSYoungGen: 455296K->111648K(502784K)] 1448791K->1235503K(1901056K), 0.0633905 secs] [Times: user=0.38 sys=0.00, real=0.07 secs] 
6048.070: [GC (Allocation Failure) [PSYoungGen: 427040K->148960K(503808K)] 1550895K->1380908K(1902080K), 0.0554855 secs] [Times: user=0.33 sys=0.00, real=0.06 secs] 
6048.125: [Full GC (Ergonomics) [PSYoungGen: 148960K->0K(503808K)] [ParOldGen: 1231948K->180198K(1398272K)] 1380908K->180198K(1902080K), [Metaspace: 59674K->59674K(1105920K)], 0.4276900 secs] [Times: user=1.99 sys=0.00, real=0.42 secs] 
6049.683: [GC (Allocation Failure) [PSYoungGen: 320512K->111072K(507392K)] 500710K->291270K(1905664K), 0.0338425 secs] [Times: user=0.20 sys=0.00, real=0.04 secs] 
6052.727: [GC (Allocation Failure) [PSYoungGen: 431584K->149824K(508416K)] 611782K->437275K(1906688K), 0.0535898 secs] [Times: user=0.32 sys=0.00, real=0.05 secs] 
6054.883: [GC (Allocation Failure) [PSYoungGen: 474944K->110336K(512000K)] 762395K->538523K(1910272K), 0.1516764 secs] [Times: user=0.91 sys=0.00, real=0.16 secs] 
6056.363: [GC (Allocation Failure) [PSYoungGen: 435456K->157344K(502784K)] 863643K->691812K(1901056K), 0.0538118 secs] [Times: user=0.32 sys=0.00, real=0.05 secs] 
6058.732: [GC (Allocation Failure) [PSYoungGen: 476320K->98048K(508928K)] 1010788K->789568K(1907200K), 0.1482051 secs] [Times: user=0.88 sys=0.00, real=0.15 secs] 
6059.431: [GC (Allocation Failure) [PSYoungGen: 417024K->156928K(499712K)] 1108544K->940398K(1897984K), 0.0658150 secs] [Times: user=0.40 sys=0.00, real=0.07 secs] 
6062.605: [GC (Allocation Failure) [PSYoungGen: 467712K->90880K(504832K)] 1251182K->1030798K(1903104K), 0.1507722 secs] [Times: user=0.89 sys=0.00, real=0.15 secs] 
6063.322: [GC (Allocation Failure) [PSYoungGen: 401664K->154688K(496640K)] 1341582K->1179473K(1894912K), 0.0538566 secs] [Times: user=0.32 sys=0.00, real=0.06 secs] 
6065.731: [GC (Allocation Failure) [PSYoungGen: 457280K->91040K(500736K)] 1482065K->1270169K(1899008K), 0.1688051 secs] [Times: user=1.01 sys=0.01, real=0.17 secs] 
6066.246: [GC (Allocation Failure) [PSYoungGen: 393632K->148224K(498176K)] 1572761K->1412366K(1896448K), 0.0536458 secs] [Times: user=0.32 sys=0.00, real=0.05 secs] 
6066.299: [Full GC (Ergonomics) [PSYoungGen: 148224K->0K(498176K)] [ParOldGen: 1264142K->209048K(1398272K)] 1412366K->209048K(1896448K), [Metaspace: 59676K->59676K(1105920K)], 0.4722414 secs] [Times: user=2.19 sys=0.00, real=0.47 secs] 
6069.154: [GC (Allocation Failure) [PSYoungGen: 300544K->90592K(499712K)] 509592K->299640K(1897984K), 0.1622400 secs] [Times: user=0.96 sys=0.00, real=0.16 secs] 
6070.431: [GC (Allocation Failure) [PSYoungGen: 374932K->139648K(496128K)] 583980K->435441K(1894400K), 0.0477294 secs] [Times: user=0.28 sys=0.00, real=0.05 secs] 
6071.673: [GC (Allocation Failure) [PSYoungGen: 441216K->100384K(498176K)] 737009K->527777K(1896448K), 0.0718835 secs] [Times: user=0.42 sys=0.00, real=0.08 secs] 
6073.508: [GC (Allocation Failure) [PSYoungGen: 401952K->141888K(500736K)] 829345K->665645K(1899008K), 0.0489324 secs] [Times: user=0.29 sys=0.00, real=0.05 secs] 
6074.719: [GC (Allocation Failure) [PSYoungGen: 449088K->106432K(501248K)] 972845K->762757K(1899520K), 0.0641384 secs] [Times: user=0.38 sys=0.00, real=0.07 secs] 
6076.681: [GC (Allocation Failure) [PSYoungGen: 413632K->147936K(498688K)] 1069957K->907034K(1896960K), 0.0525419 secs] [Times: user=0.31 sys=0.00, real=0.06 secs] 
6077.882: [GC (Allocation Failure) [PSYoungGen: 456672K->102336K(501248K)] 1215770K->1000542K(1899520K), 0.0664842 secs] [Times: user=0.39 sys=0.00, real=0.07 secs] 
6080.551: [GC (Allocation Failure) [PSYoungGen: 411072K->146496K(503296K)] 1309278K->1142779K(1901568K), 0.0530071 secs] [Times: user=0.31 sys=0.00, real=0.06 secs] 
6082.307: [GC (Allocation Failure) [PSYoungGen: 460352K->106720K(505856K)] 1456635K->1240435K(1904128K), 0.1511859 secs] [Times: user=0.90 sys=0.00, real=0.15 secs] 
6084.574: [GC (Allocation Failure) [PSYoungGen: 420576K->148704K(502784K)] 1554291K->1385512K(1901056K), 0.0537782 secs] [Times: user=0.32 sys=0.00, real=0.05 secs] 
6084.628: [Full GC (Ergonomics) [PSYoungGen: 148704K->0K(502784K)] [ParOldGen: 1236808K->191887K(1398272K)] 1385512K->191887K(1901056K), [Metaspace: 59676K->59676K(1105920K)], 0.4622885 secs] [Times: user=2.16 sys=0.00, real=0.46 secs] 
6086.513: [GC (Allocation Failure) [PSYoungGen: 314368K->105760K(505856K)] 506255K->297647K(1904128K), 0.0755267 secs] [Times: user=0.45 sys=0.01, real=0.07 secs] 
6088.579: [GC (Allocation Failure) [PSYoungGen: 420128K->158462K(497664K)] 612015K->451645K(1895936K), 0.0508197 secs] [Times: user=0.30 sys=0.00, real=0.05 secs] 
6090.391: [GC (Allocation Failure) [PSYoungGen: 468222K->101984K(504320K)] 761405K->536391K(1902592K), 0.1502932 secs] [Times: user=0.83 sys=0.01, real=0.15 secs] 
6092.217: [GC (Allocation Failure) [PSYoungGen: 411744K->149888K(501760K)] 846151K->681987K(1900032K), 0.0497078 secs] [Times: user=0.30 sys=0.00, real=0.05 secs] 
6094.080: [GC (Allocation Failure) [PSYoungGen: 459648K->103168K(504320K)] 991747K->776063K(1902592K), 0.1617340 secs] [Times: user=0.95 sys=0.01, real=0.16 secs] 
6095.505: [GC (Allocation Failure) [PSYoungGen: 412680K->148000K(502272K)] 1085576K->920052K(1900544K), 0.0504592 secs] [Times: user=0.30 sys=0.00, real=0.05 secs] 
6097.216: [GC (Allocation Failure) [PSYoungGen: 458272K->102176K(504320K)] 1230324K->1013584K(1902592K), 0.0969003 secs] [Times: user=0.58 sys=0.00, real=0.10 secs] 
6098.735: [GC (Allocation Failure) [PSYoungGen: 412448K->147968K(502272K)] 1323856K->1157101K(1900544K), 0.0502966 secs] [Times: user=0.30 sys=0.00, real=0.05 secs] 
6100.958: [GC (Allocation Failure) [PSYoungGen: 458752K->105344K(504320K)] 1467885K->1253173K(1902592K), 0.1517699 secs] [Times: user=0.82 sys=0.00, real=0.15 secs] 
6102.335: [GC (Allocation Failure) [PSYoungGen: 416128K->147232K(502272K)] 1563957K->1396926K(1900544K), 0.0526581 secs] [Times: user=0.32 sys=0.00, real=0.05 secs] 
6102.388: [Full GC (Ergonomics) [PSYoungGen: 147232K->0K(502272K)] [ParOldGen: 1249694K->196361K(1398272K)] 1396926K->196361K(1900544K), [Metaspace: 59676K->59676K(1105920K)], 0.4808047 secs] [Times: user=2.24 sys=0.00, real=0.48 secs] 
6106.260: [GC (Allocation Failure) [PSYoungGen: 311808K->100608K(504320K)] 508169K->296969K(1902592K), 0.0930664 secs] [Times: user=0.54 sys=0.01, real=0.09 secs] 
6107.893: [GC (Allocation Failure) [PSYoungGen: 412416K->148992K(503296K)] 608777K->442078K(1901568K), 0.0489130 secs] [Times: user=0.29 sys=0.00, real=0.05 secs] 
6110.584: [GC (Allocation Failure) [PSYoungGen: 461824K->101536K(505856K)] 754910K->534554K(1904128K), 0.1532719 secs] [Times: user=0.90 sys=0.01, real=0.15 secs] 
6112.063: [GC (Allocation Failure) [PSYoungGen: 414368K->151808K(501248K)] 847386K->682431K(1899520K), 0.0498140 secs] [Times: user=0.29 sys=0.00, real=0.05 secs] 
6113.583: [GC (Allocation Failure) [PSYoungGen: 462592K->103840K(504832K)] 993215K->777415K(1903104K), 0.0674791 secs] [Times: user=0.39 sys=0.01, real=0.06 secs] 
6115.579: [GC (Allocation Failure) [PSYoungGen: 414624K->147136K(504320K)] 1088199K->920236K(1902592K), 0.0503613 secs] [Times: user=0.30 sys=0.00, real=0.05 secs] 
6117.239: [GC (Allocation Failure) [PSYoungGen: 459968K->106848K(419840K)] 1233068K->1017596K(1818112K), 0.1542640 secs] [Times: user=0.92 sys=0.00, real=0.16 secs] 
6118.641: [GC (Allocation Failure) [PSYoungGen: 411956K->145760K(503296K)] 1322705K->1159773K(1901568K), 0.0524868 secs] [Times: user=0.31 sys=0.00, real=0.05 secs] 
6120.593: [GC (Allocation Failure) [PSYoungGen: 459104K->104288K(504320K)] 1473117K->1255021K(1902592K), 0.1056780 secs] [Times: user=0.62 sys=0.00, real=0.11 secs] 
6122.330: [GC (Allocation Failure) [PSYoungGen: 414051K->147680K(503808K)] 1564785K->1398314K(1902080K), 0.0504881 secs] [Times: user=0.29 sys=0.01, real=0.05 secs] 
6122.380: [Full GC (Ergonomics) [PSYoungGen: 147680K->0K(503808K)] [ParOldGen: 1250634K->196515K(1398272K)] 1398314K->196515K(1902080K), [Metaspace: 59676K->59676K(1105920K)], 0.4589616 secs] [Times: user=2.13 sys=0.00, real=0.46 secs] 
6124.934: [GC (Allocation Failure) [PSYoungGen: 315392K->101792K(506368K)] 511907K->298307K(1904640K), 0.0666418 secs] [Times: user=0.39 sys=0.00, real=0.06 secs] 
6126.292: [GC (Allocation Failure) [PSYoungGen: 407473K->148032K(505856K)] 603988K->442900K(1904128K), 0.0489866 secs] [Times: user=0.29 sys=0.00, real=0.05 secs] 
6128.280: [GC (GCLocker Initiated GC) [PSYoungGen: 464960K->105728K(422912K)] 759828K->540300K(1821184K), 0.1758565 secs] [Times: user=1.04 sys=0.00, real=0.18 secs] 
6129.687: [GC (Allocation Failure) [PSYoungGen: 422656K->188384K(421376K)] 857231K->738840K(1819648K), 0.0553898 secs] [Times: user=0.32 sys=0.01, real=0.05 secs] 
6130.878: [GC (GCLocker Initiated GC) [PSYoungGen: 421344K->60736K(465920K)] 971801K->750145K(1864192K), 0.0575753 secs] [Times: user=0.34 sys=0.00, real=0.06 secs] 
6132.884: [GC (Allocation Failure) [PSYoungGen: 293696K->106400K(465920K)] 983153K->854286K(1864192K), 0.0690832 secs] [Times: user=0.41 sys=0.00, real=0.06 secs] 
6133.154: [GC (Allocation Failure) [PSYoungGen: 339360K->122592K(465920K)] 1087246K->967546K(1864192K), 0.0657542 secs] [Times: user=0.40 sys=0.00, real=0.06 secs] 
6135.112: [GC (Allocation Failure) [PSYoungGen: 355552K->54944K(465920K)] 1200506K->1022650K(1864192K), 0.1157423 secs] [Times: user=0.69 sys=0.00, real=0.12 secs] 
6135.870: [GC (Allocation Failure) [PSYoungGen: 287904K->114592K(347648K)] 1255610K->1133744K(1745920K), 0.0379042 secs] [Times: user=0.22 sys=0.01, real=0.04 secs] 
6137.029: [GC (Allocation Failure) [PSYoungGen: 347552K->89440K(465920K)] 1366704K->1214856K(1864192K), 0.0551263 secs] [Times: user=0.33 sys=0.01, real=0.06 secs] 
6139.077: [GC (Allocation Failure) [PSYoungGen: 327520K->89152K(460800K)] 1452936K->1303544K(1859072K), 0.0862780 secs] [Times: user=0.51 sys=0.00, real=0.09 secs] 
6139.353: [GC (Allocation Failure) [PSYoungGen: 327232K->119584K(466944K)] 1541624K->1417208K(1865216K), 0.0511043 secs] [Times: user=0.30 sys=0.00, real=0.06 secs] 
6139.404: [Full GC (Ergonomics) [PSYoungGen: 119584K->0K(466944K)] [ParOldGen: 1297624K->216081K(1398272K)] 1417208K->216081K(1865216K), [Metaspace: 59676K->59676K(1105920K)], 0.5026572 secs] [Times: user=2.34 sys=0.00, real=0.50 secs] 
6140.970: [GC (Allocation Failure) [PSYoungGen: 257536K->69856K(465920K)] 473617K->285937K(1864192K), 0.0472698 secs] [Times: user=0.28 sys=0.01, real=0.05 secs] 
6142.658: [GC (Allocation Failure) [PSYoungGen: 327392K->132320K(488448K)] 543473K->414153K(1886720K), 0.0450468 secs] [Times: user=0.27 sys=0.00, real=0.04 secs] 
6143.857: [GC (Allocation Failure) [PSYoungGen: 415456K->98720K(381952K)] 697289K->495285K(1780224K), 0.0593998 secs] [Times: user=0.35 sys=0.00, real=0.06 secs] 
6145.976: [GC (Allocation Failure) [PSYoungGen: 381856K->124096K(491008K)] 778421K->618114K(1889280K), 0.0665332 secs] [Times: user=0.40 sys=0.00, real=0.06 secs] 
6148.264: [GC (Allocation Failure) [PSYoungGen: 416448K->120416K(486912K)] 910466K->729102K(1885184K), 0.0614388 secs] [Times: user=0.37 sys=0.00, real=0.06 secs] 
6149.488: [GC (Allocation Failure) [PSYoungGen: 412768K->107808K(498176K)] 1021454K->837006K(1896448K), 0.0828776 secs] [Times: user=0.48 sys=0.01, real=0.08 secs] 
6151.519: [GC (Allocation Failure) [PSYoungGen: 419616K->140832K(494592K)] 1148814K->966391K(1892864K), 0.0604657 secs] [Times: user=0.36 sys=0.00, real=0.06 secs] 
6153.200: [GC (Allocation Failure) [PSYoungGen: 452640K->110624K(506880K)] 1278199K->1077103K(1905152K), 0.0815161 secs] [Times: user=0.48 sys=0.00, real=0.08 secs] 
6154.477: [GC (Allocation Failure) [PSYoungGen: 440864K->137760K(509952K)] 1407343K->1204154K(1908224K), 0.0616574 secs] [Times: user=0.37 sys=0.00, real=0.06 secs] 
6156.919: [GC (Allocation Failure) [PSYoungGen: 468000K->132160K(518144K)] 1534394K->1336178K(1916416K), 0.0705761 secs] [Times: user=0.42 sys=0.00, real=0.07 secs] 
6158.200: [GC (Allocation Failure) [PSYoungGen: 468544K->6944K(343552K)] 1672562K->1211038K(1741824K), 0.0049110 secs] [Times: user=0.03 sys=0.00, real=0.01 secs] 
6159.554: [GC (Allocation Failure) [PSYoungGen: 343328K->153888K(487936K)] 1547422K->1363419K(1886208K), 0.0324046 secs] [Times: user=0.19 sys=0.00, real=0.03 secs] 
6159.586: [Full GC (Ergonomics) [PSYoungGen: 153888K->0K(487936K)] [ParOldGen: 1209531K->173141K(1398272K)] 1363419K->173141K(1886208K), [Metaspace: 59676K->59676K(1105920K)], 0.4018492 secs] [Times: user=1.85 sys=0.00, real=0.40 secs] 
6161.401: [GC (Allocation Failure) [PSYoungGen: 294400K->100864K(496640K)] 467541K->274005K(1894912K), 0.0357543 secs] [Times: user=0.21 sys=0.00, real=0.04 secs] 
6162.969: [GC (Allocation Failure) [PSYoungGen: 395264K->137472K(496640K)] 568405K->409542K(1894912K), 0.0526511 secs] [Times: user=0.32 sys=0.00, real=0.05 secs] 
6164.217: [GC (Allocation Failure) [PSYoungGen: 439040K->105920K(407552K)] 711110K->506306K(1805824K), 0.0628201 secs] [Times: user=0.37 sys=0.00, real=0.06 secs] 
6166.786: [GC (Allocation Failure) [PSYoungGen: 407488K->135776K(495616K)] 807874K->639978K(1893888K), 0.0587382 secs] [Times: user=0.35 sys=0.00, real=0.06 secs] 
6168.020: [GC (Allocation Failure) [PSYoungGen: 441952K->111872K(496640K)] 946154K->742431K(1894912K), 0.0629230 secs] [Times: user=0.37 sys=0.00, real=0.07 secs] 
6170.409: [GC (Allocation Failure) [PSYoungGen: 418048K->137600K(500736K)] 1048607K->878411K(1899008K), 0.0601327 secs] [Times: user=0.36 sys=0.00, real=0.06 secs] 
6171.713: [GC (Allocation Failure) [PSYoungGen: 455040K->113024K(502272K)] 1195851K->982375K(1900544K), 0.0635600 secs] [Times: user=0.38 sys=0.00, real=0.07 secs] 
6173.737: [GC (Allocation Failure) [PSYoungGen: 430464K->146272K(505344K)] 1299815K->1126404K(1903616K), 0.0591925 secs] [Times: user=0.35 sys=0.00, real=0.06 secs] 
6175.081: [GC (Allocation Failure) [PSYoungGen: 472416K->113312K(509952K)] 1452548K->1230752K(1908224K), 0.0651726 secs] [Times: user=0.39 sys=0.00, real=0.07 secs] 
6176.917: [GC (Allocation Failure) [PSYoungGen: 439456K->153728K(506368K)] 1556896K->1382033K(1904640K), 0.0559520 secs] [Times: user=0.33 sys=0.01, real=0.06 secs] 
6176.973: [Full GC (Ergonomics) [PSYoungGen: 153728K->0K(506368K)] [ParOldGen: 1228305K->179900K(1398272K)] 1382033K->179900K(1904640K), [Metaspace: 59676K->59676K(1105920K)], 0.4290790 secs] [Times: user=1.99 sys=0.00, real=0.42 secs] 
6178.535: [GC (Allocation Failure) [PSYoungGen: 328192K->116288K(513536K)] 508092K->296188K(1911808K), 0.0348256 secs] [Times: user=0.20 sys=0.00, real=0.03 secs] 
6181.454: [GC (Allocation Failure) [PSYoungGen: 443664K->152352K(508416K)] 623564K->444840K(1906688K), 0.0548502 secs] [Times: user=0.33 sys=0.00, real=0.05 secs] 
6183.826: [GC (Allocation Failure) [PSYoungGen: 480544K->110464K(513536K)] 773032K->546012K(1911808K), 0.1629895 secs] [Times: user=0.97 sys=0.00, real=0.16 secs] 
6184.992: [GC (Allocation Failure) [PSYoungGen: 438656K->160288K(501248K)] 874204K->701534K(1899520K), 0.0535445 secs] [Times: user=0.32 sys=0.00, real=0.06 secs] 
6187.698: [GC (Allocation Failure) [PSYoungGen: 479264K->94176K(508928K)] 1020510K->795498K(1907200K), 0.1687431 secs] [Times: user=1.01 sys=0.00, real=0.17 secs] 
6188.745: [GC (Allocation Failure) [PSYoungGen: 413152K->159264K(497152K)] 1114474K->948907K(1895424K), 0.0564248 secs] [Times: user=0.34 sys=0.00, real=0.05 secs] 
6191.704: [GC (Allocation Failure) [PSYoungGen: 466976K->91488K(503296K)] 1256619K->1040427K(1901568K), 0.1645193 secs] [Times: user=0.98 sys=0.00, real=0.16 secs] 
6192.152: [GC (Allocation Failure) [PSYoungGen: 399200K->195040K(428032K)] 1348139K->1235228K(1826304K), 0.0571977 secs] [Times: user=0.34 sys=0.00, real=0.06 secs] 
6193.454: [GC (Allocation Failure) [PSYoungGen: 428000K->62336K(465920K)] 1468188K->1248296K(1864192K), 0.0643273 secs] [Times: user=0.37 sys=0.00, real=0.06 secs] 
6195.335: [GC (Allocation Failure) [PSYoungGen: 295296K->109568K(465920K)] 1481256K->1353800K(1864192K), 0.0472292 secs] [Times: user=0.28 sys=0.00, real=0.04 secs] 
6195.382: [Full GC (Ergonomics) [PSYoungGen: 109568K->0K(465920K)] [ParOldGen: 1244232K->150232K(1398272K)] 1353800K->150232K(1864192K), [Metaspace: 59676K->59676K(1105920K)], 0.3478703 secs] [Times: user=1.59 sys=0.00, real=0.35 secs] 
6196.604: [GC (Allocation Failure) [PSYoungGen: 228151K->148480K(465920K)] 378384K->298712K(1864192K), 0.0376434 secs] [Times: user=0.23 sys=0.00, real=0.03 secs] 
6198.984: [GC (Allocation Failure) [PSYoungGen: 381440K->61920K(465920K)] 531672K->323420K(1864192K), 0.1477470 secs] [Times: user=0.88 sys=0.00, real=0.14 secs] 
6199.380: [GC (Allocation Failure) [PSYoungGen: 294880K->118144K(351232K)] 556380K->435849K(1749504K), 0.0403895 secs] [Times: user=0.24 sys=0.00, real=0.04 secs] 
6200.500: [GC (Allocation Failure) [PSYoungGen: 351104K->75568K(464896K)] 668809K->503281K(1863168K), 0.0546011 secs] [Times: user=0.32 sys=0.01, real=0.06 secs] 
6202.811: [GC (Allocation Failure) [PSYoungGen: 311088K->99904K(462336K)] 738801K->601310K(1860608K), 0.0641501 secs] [Times: user=0.37 sys=0.00, real=0.07 secs] 
6203.048: [GC (Allocation Failure) [PSYoungGen: 335424K->123776K(464384K)] 836830K->715826K(1862656K), 0.0531249 secs] [Times: user=0.31 sys=0.00, real=0.05 secs] 
6205.064: [GC (Allocation Failure) [PSYoungGen: 374144K->66368K(462336K)] 966194K->782330K(1860608K), 0.1235815 secs] [Times: user=0.74 sys=0.00, real=0.12 secs] 
6206.460: [GC (Allocation Failure) [PSYoungGen: 316736K->119040K(475648K)] 1032698K->897595K(1873920K), 0.0401866 secs] [Times: user=0.24 sys=0.00, real=0.04 secs] 
6208.060: [GC (Allocation Failure) [PSYoungGen: 395008K->94624K(479744K)] 1173563K->982919K(1878016K), 0.0567318 secs] [Times: user=0.34 sys=0.00, real=0.06 secs] 
6209.332: [GC (Allocation Failure) [PSYoungGen: 370592K->124064K(489984K)] 1258887K->1105868K(1888256K), 0.0535118 secs] [Times: user=0.32 sys=0.00, real=0.06 secs] 
6211.423: [GC (Allocation Failure) [PSYoungGen: 421536K->121184K(491520K)] 1403340K->1217540K(1889792K), 0.0619354 secs] [Times: user=0.36 sys=0.01, real=0.06 secs] 
6212.213: [GC (Allocation Failure) [PSYoungGen: 418656K->120032K(498176K)] 1515012K->1337692K(1896448K), 0.0557607 secs] [Times: user=0.33 sys=0.00, real=0.06 secs] 
6213.820: [GC (Allocation Failure) [PSYoungGen: 435936K->128352K(499712K)] 1653596K->1455307K(1897984K), 0.0623900 secs] [Times: user=0.38 sys=0.00, real=0.06 secs] 
6213.882: [Full GC (Ergonomics) [PSYoungGen: 128352K->0K(499712K)] [ParOldGen: 1326955K->250081K(1398272K)] 1455307K->250081K(1897984K), [Metaspace: 59676K->59676K(1105920K)], 0.5416931 secs] [Times: user=2.26 sys=0.00, real=0.55 secs] 
6217.005: [GC (Allocation Failure) [PSYoungGen: 315904K->123072K(508416K)] 565985K->373153K(1906688K), 0.0358236 secs] [Times: user=0.21 sys=0.00, real=0.03 secs] 
6218.447: [GC (Allocation Failure) [PSYoungGen: 456384K->2368K(335872K)] 706465K->252473K(1734144K), 0.0027810 secs] [Times: user=0.01 sys=0.01, real=0.00 secs] 
6220.995: [GC (Allocation Failure) [PSYoungGen: 335680K->144224K(496128K)] 585785K->395134K(1894400K), 0.0337907 secs] [Times: user=0.20 sys=0.00, real=0.03 secs] 
6222.185: [GC (Allocation Failure) [PSYoungGen: 448864K->5312K(310272K)] 699774K->256326K(1708544K), 0.0030028 secs] [Times: user=0.02 sys=0.00, real=0.00 secs] 
6224.099: [GC (Allocation Failure) [PSYoungGen: 309952K->140384K(483328K)] 560966K->391398K(1881600K), 0.0365434 secs] [Times: user=0.22 sys=0.00, real=0.04 secs] 
6225.256: [GC (Allocation Failure) [PSYoungGen: 417376K->210912K(487936K)] 668390K->488494K(1886208K), 0.0593044 secs] [Times: user=0.35 sys=0.00, real=0.06 secs] 
6228.268: [GC (Allocation Failure) [PSYoungGen: 487904K->110144K(443904K)] 765486K->387758K(1842176K), 0.0364665 secs] [Times: user=0.21 sys=0.00, real=0.04 secs] 
6228.553: [GC (Allocation Failure) [PSYoungGen: 343104K->120864K(465920K)] 620718K->498989K(1864192K), 0.0562410 secs] [Times: user=0.34 sys=0.00, real=0.05 secs] 
6230.766: [GC (Allocation Failure) [PSYoungGen: 353824K->56704K(458240K)] 731949K->555349K(1856512K), 0.1396424 secs] [Times: user=0.83 sys=0.00, real=0.14 secs] 
6232.355: [GC (Allocation Failure) [PSYoungGen: 295296K->114144K(464896K)] 793941K->665442K(1863168K), 0.0410725 secs] [Times: user=0.25 sys=0.00, real=0.04 secs] 
6233.749: [GC (Allocation Failure) [PSYoungGen: 352736K->98016K(459776K)] 904034K->754602K(1858048K), 0.0567529 secs] [Times: user=0.34 sys=0.00, real=0.06 secs] 
6235.566: [GC (Allocation Failure) [PSYoungGen: 354528K->90336K(464384K)] 1011114K->844658K(1862656K), 0.0822316 secs] [Times: user=0.49 sys=0.00, real=0.08 secs] 
6235.841: [GC (Allocation Failure) [PSYoungGen: 346848K->129120K(489472K)] 1101170K->968075K(1887744K), 0.0529264 secs] [Times: user=0.31 sys=0.00, real=0.06 secs] 
6237.990: [GC (Allocation Failure) [PSYoungGen: 418400K->82752K(488960K)] 1257355K->1050939K(1887232K), 0.1181113 secs] [Times: user=0.70 sys=0.00, real=0.12 secs] 
6238.709: [GC (Allocation Failure) [PSYoungGen: 372032K->143232K(489984K)] 1340219K->1188089K(1888256K), 0.0515327 secs] [Times: user=0.30 sys=0.00, real=0.05 secs] 
6240.850: [GC (GCLocker Initiated GC) [PSYoungGen: 437632K->89408K(494592K)] 1482489K->1276881K(1892864K), 0.1529470 secs] [Times: user=0.91 sys=0.01, real=0.15 secs] 
6241.586: [Full GC (Ergonomics) [PSYoungGen: 383808K->0K(494592K)] [ParOldGen: 1203892K->204854K(1398272K)] 1587700K->204854K(1892864K), [Metaspace: 59678K->59678K(1105920K)], 0.4765115 secs] [Times: user=2.30 sys=0.01, real=0.47 secs] 
6243.970: [GC (Allocation Failure) [PSYoungGen: 294400K->87424K(490496K)] 499254K->292278K(1888768K), 0.1840857 secs] [Times: user=1.09 sys=0.00, real=0.19 secs] 
6245.190: [GC (Allocation Failure) [PSYoungGen: 388416K->145792K(494080K)] 593271K->433887K(1892352K), 0.0477549 secs] [Times: user=0.29 sys=0.00, real=0.05 secs] 
6246.492: [GC (Allocation Failure) [PSYoungGen: 449920K->100640K(500736K)] 738015K->526055K(1899008K), 0.0667542 secs] [Times: user=0.40 sys=0.00, real=0.07 secs] 
6248.955: [GC (Allocation Failure) [PSYoungGen: 413472K->148160K(501760K)] 838887K->670224K(1900032K), 0.0493427 secs] [Times: user=0.29 sys=0.00, real=0.05 secs] 
6250.824: [GC (Allocation Failure) [PSYoungGen: 460992K->104864K(503296K)] 983056K->766044K(1901568K), 0.1436048 secs] [Times: user=0.86 sys=0.01, real=0.14 secs] 
6252.660: [GC (Allocation Failure) [PSYoungGen: 415959K->149408K(503296K)] 1077140K->910825K(1901568K), 0.0516139 secs] [Times: user=0.31 sys=0.00, real=0.05 secs] 
6254.800: [GC (Allocation Failure) [PSYoungGen: 463776K->103776K(503808K)] 1225193K->1005761K(1902080K), 0.1534728 secs] [Times: user=0.92 sys=0.00, real=0.16 secs] 
6255.854: [GC (Allocation Failure) [PSYoungGen: 414024K->148128K(503808K)] 1316009K->1149446K(1902080K), 0.0524619 secs] [Times: user=0.30 sys=0.01, real=0.05 secs] 
6258.380: [GC (Allocation Failure) [PSYoungGen: 463008K->107232K(503808K)] 1464326K->1247870K(1902080K), 0.1645154 secs] [Times: user=0.98 sys=0.00, real=0.17 secs] 
6259.813: [GC (Allocation Failure) [PSYoungGen: 411042K->144832K(504320K)] 1551680K->1388419K(1902592K), 0.0515890 secs] [Times: user=0.30 sys=0.00, real=0.05 secs] 
6259.865: [Full GC (Ergonomics) [PSYoungGen: 144832K->0K(504320K)] [ParOldGen: 1243587K->195716K(1398272K)] 1388419K->195716K(1902592K), [Metaspace: 59679K->59679K(1105920K)], 0.4781143 secs] [Times: user=2.24 sys=0.00, real=0.47 secs] 
6262.725: [GC (Allocation Failure) [PSYoungGen: 315904K->104960K(504320K)] 511620K->300676K(1902592K), 0.0985715 secs] [Times: user=0.58 sys=0.00, real=0.10 secs] 
6265.216: [GC (Allocation Failure) [PSYoungGen: 419990K->147552K(505856K)] 615707K->443797K(1904128K), 0.0498624 secs] [Times: user=0.30 sys=0.00, real=0.05 secs] 
6267.565: [GC (Allocation Failure) [PSYoungGen: 466528K->108928K(505856K)] 762773K->543605K(1904128K), 0.1503807 secs] [Times: user=0.90 sys=0.00, real=0.15 secs] 
6268.286: [GC (Allocation Failure) [PSYoungGen: 429952K->155808K(477184K)] 864629K->695822K(1875456K), 0.0522627 secs] [Times: user=0.31 sys=0.00, real=0.05 secs] 
6270.803: [GC (Allocation Failure) [PSYoungGen: 476832K->98080K(508928K)] 1016846K->793566K(1907200K), 0.1340036 secs] [Times: user=0.79 sys=0.02, real=0.14 secs] 
6271.909: [GC (Allocation Failure) [PSYoungGen: 414496K->156992K(473600K)] 1109982K->944078K(1871872K), 0.0737568 secs] [Times: user=0.44 sys=0.00, real=0.08 secs] 
6275.356: [GC (Allocation Failure) [PSYoungGen: 473408K->92608K(503808K)] 1260494K->1036506K(1902080K), 0.1366724 secs] [Times: user=0.81 sys=0.00, real=0.13 secs] 
6276.037: [GC (Allocation Failure) [PSYoungGen: 399808K->153184K(460800K)] 1343706K->1183347K(1859072K), 0.0547516 secs] [Times: user=0.33 sys=0.00, real=0.05 secs] 
6279.615: [GC (Allocation Failure) [PSYoungGen: 460384K->90432K(501248K)] 1490547K->1273875K(1899520K), 0.1671059 secs] [Times: user=1.00 sys=0.00, real=0.16 secs] 
6280.311: [GC (Allocation Failure) [PSYoungGen: 392512K->165568K(467968K)] 1575955K->1433165K(1866240K), 0.0550344 secs] [Times: user=0.32 sys=0.01, real=0.06 secs] 
6280.366: [Full GC (Ergonomics) [PSYoungGen: 165568K->0K(467968K)] [ParOldGen: 1267597K->214460K(1398272K)] 1433165K->214460K(1866240K), [Metaspace: 59679K->59679K(1105920K)], 0.5029212 secs] [Times: user=2.33 sys=0.00, real=0.50 secs] 
6283.480: [GC (Allocation Failure) [PSYoungGen: 302080K->87456K(494080K)] 516540K->301916K(1892352K), 0.1315744 secs] [Times: user=0.78 sys=0.00, real=0.13 secs] 
6284.479: [GC (Allocation Failure) [PSYoungGen: 370987K->137696K(425472K)] 585447K->434217K(1823744K), 0.0457784 secs] [Times: user=0.27 sys=0.00, real=0.05 secs] 
6286.570: [GC (Allocation Failure) [PSYoungGen: 425440K->92608K(492544K)] 721961K->518469K(1890816K), 0.0615315 secs] [Times: user=0.36 sys=0.01, real=0.06 secs] 
6289.119: [GC (Allocation Failure) [PSYoungGen: 382912K->136608K(489984K)] 808773K->651810K(1888256K), 0.0466019 secs] [Times: user=0.28 sys=0.00, real=0.05 secs] 
6290.476: [GC (Allocation Failure) [PSYoungGen: 426912K->97440K(495616K)] 942114K->740326K(1893888K), 0.0625836 secs] [Times: user=0.37 sys=0.00, real=0.06 secs] 
6293.074: [GC (Allocation Failure) [PSYoungGen: 397984K->138528K(495104K)] 1040870K->876718K(1893376K), 0.0546229 secs] [Times: user=0.33 sys=0.00, real=0.05 secs] 
6294.577: [GC (GCLocker Initiated GC) [PSYoungGen: 439072K->106752K(496128K)] 1177263K->973607K(1894400K), 0.0645860 secs] [Times: user=0.39 sys=0.00, real=0.06 secs] 
6295.804: [GC (Allocation Failure) [PSYoungGen: 417024K->144256K(499712K)] 1283927K->1116372K(1897984K), 0.0561595 secs] [Times: user=0.33 sys=0.00, real=0.05 secs] 
6297.255: [GC (Allocation Failure) [PSYoungGen: 454528K->107936K(502272K)] 1426644K->1215068K(1900544K), 0.0660696 secs] [Times: user=0.39 sys=0.00, real=0.06 secs] 
6298.913: [GC (Allocation Failure) [PSYoungGen: 425888K->149440K(504832K)] 1533020K->1362568K(1903104K), 0.0543004 secs] [Times: user=0.32 sys=0.00, real=0.05 secs] 
6300.147: [GC (Allocation Failure) [PSYoungGen: 467392K->108288K(507904K)] 1680520K->1461948K(1906176K), 0.0668561 secs] [Times: user=0.39 sys=0.00, real=0.07 secs] 
6300.214: [Full GC (Ergonomics) [PSYoungGen: 108288K->0K(507904K)] [ParOldGen: 1353660K->30200K(1398272K)] 1461948K->30200K(1906176K), [Metaspace: 59679K->59679K(1105920K)], 0.0591216 secs] [Times: user=0.20 sys=0.00, real=0.06 secs] 
6302.218: [GC (Allocation Failure) [PSYoungGen: 321024K->153600K(475136K)] 351224K->183800K(1873408K), 0.0299975 secs] [Times: user=0.18 sys=0.00, real=0.03 secs] 
6303.544: [GC (Allocation Failure) [PSYoungGen: 474624K->109600K(510976K)] 504824K->284760K(1909248K), 0.0644441 secs] [Times: user=0.38 sys=0.00, real=0.06 secs] 
6306.066: [GC (Allocation Failure) [PSYoungGen: 428576K->150848K(506880K)] 603736K->432280K(1905152K), 0.0525304 secs] [Times: user=0.32 sys=0.00, real=0.05 secs] 
6308.036: [GC (Allocation Failure) [PSYoungGen: 469824K->108736K(507904K)] 751256K->532141K(1906176K), 0.1274069 secs] [Times: user=0.76 sys=0.00, real=0.12 secs] 
6309.738: [GC (Allocation Failure) [PSYoungGen: 420440K->147808K(507392K)] 843845K->676313K(1905664K), 0.0517385 secs] [Times: user=0.31 sys=0.00, real=0.05 secs] 
6311.749: [GC (Allocation Failure) [PSYoungGen: 466784K->108992K(506368K)] 995289K->776297K(1904640K), 0.1575096 secs] [Times: user=0.93 sys=0.00, real=0.16 secs] 
6313.682: [GC (Allocation Failure) [PSYoungGen: 428992K->152960K(507392K)] 1096297K->925334K(1905664K), 0.0525624 secs] [Times: user=0.31 sys=0.00, real=0.06 secs] 
6316.230: [GC (Allocation Failure) [PSYoungGen: 472960K->97440K(508928K)] 1245334K->1022166K(1907200K), 0.1366484 secs] [Times: user=0.81 sys=0.00, real=0.14 secs] 
6318.057: [GC (Allocation Failure) [PSYoungGen: 414880K->157920K(475648K)] 1339606K->1173314K(1873920K), 0.0564222 secs] [Times: user=0.34 sys=0.00, real=0.06 secs] 
6320.835: [GC (Allocation Failure) [PSYoungGen: 475360K->96800K(504320K)] 1490754K->1270042K(1902592K), 0.1689214 secs] [Times: user=1.01 sys=0.00, real=0.17 secs] 
6321.336: [GC (Allocation Failure) [PSYoungGen: 405024K->151168K(459776K)] 1578266K->1415342K(1858048K), 0.0563866 secs] [Times: user=0.33 sys=0.00, real=0.05 secs] 
6321.392: [Full GC (Ergonomics) [PSYoungGen: 151168K->0K(459776K)] [ParOldGen: 1264174K->219246K(1398272K)] 1415342K->219246K(1858048K), [Metaspace: 59679K->59679K(1105920K)], 0.5039040 secs] [Times: user=2.34 sys=0.00, real=0.51 secs] 
6324.244: [GC (GCLocker Initiated GC) [PSYoungGen: 308224K->91584K(502272K)] 527470K->310831K(1900544K), 0.1245200 secs] [Times: user=0.74 sys=0.00, real=0.12 secs] 
6324.972: [GC (Allocation Failure) [PSYoungGen: 396736K->152992K(458240K)] 616031K->457750K(1856512K), 0.0539019 secs] [Times: user=0.32 sys=0.00, real=0.06 secs] 
6327.435: [GC (Allocation Failure) [PSYoungGen: 458144K->91264K(500224K)] 762902K->549178K(1898496K), 0.1663140 secs] [Times: user=0.99 sys=0.01, real=0.16 secs] 
6328.118: [GC (Allocation Failure) [PSYoungGen: 391808K->148992K(450048K)] 849722K->692323K(1848320K), 0.0535850 secs] [Times: user=0.32 sys=0.00, real=0.05 secs] 
6330.962: [GC (Allocation Failure) [PSYoungGen: 449536K->88544K(499200K)] 992867K->780443K(1897472K), 0.1718314 secs] [Times: user=1.03 sys=0.00, real=0.18 secs] 
6332.139: [GC (Allocation Failure) [PSYoungGen: 387040K->162944K(461824K)] 1078939K->937744K(1860096K), 0.0519365 secs] [Times: user=0.31 sys=0.00, real=0.05 secs] 
6334.650: [GC (Allocation Failure) [PSYoungGen: 461440K->89920K(493568K)] 1236240K->1010568K(1891840K), 0.1527007 secs] [Times: user=0.91 sys=0.00, real=0.15 secs] 
6335.465: [GC (Allocation Failure) [PSYoungGen: 376640K->141536K(428544K)] 1297288K->1148633K(1826816K), 0.0493620 secs] [Times: user=0.29 sys=0.00, real=0.05 secs] 
6336.647: [GC (Allocation Failure) [PSYoungGen: 428256K->93504K(493056K)] 1435353K->1234081K(1891328K), 0.0616507 secs] [Times: user=0.36 sys=0.00, real=0.06 secs] 
6339.143: [GC (Allocation Failure) [PSYoungGen: 382784K->135712K(490496K)] 1523361K->1366130K(1888768K), 0.0472653 secs] [Times: user=0.28 sys=0.00, real=0.05 secs] 
6339.190: [Full GC (Ergonomics) [PSYoungGen: 135712K->0K(490496K)] [ParOldGen: 1230418K->171233K(1398272K)] 1366130K->171233K(1888768K), [Metaspace: 59679K->59679K(1105920K)], 0.3998755 secs] [Times: user=1.85 sys=0.00, real=0.40 secs] 
6340.743: [GC (Allocation Failure) [PSYoungGen: 289280K->98272K(494080K)] 460513K->269505K(1892352K), 0.0344207 secs] [Times: user=0.20 sys=0.00, real=0.04 secs] 
6343.107: [GC (Allocation Failure) [PSYoungGen: 395744K->136608K(492544K)] 566977K->403790K(1890816K), 0.0570229 secs] [Times: user=0.34 sys=0.00, real=0.06 secs] 
6344.315: [GC (Allocation Failure) [PSYoungGen: 434080K->107184K(497664K)] 701262K->501982K(1895936K), 0.0633930 secs] [Times: user=0.38 sys=0.00, real=0.06 secs] 
6346.121: [GC (Allocation Failure) [PSYoungGen: 417456K->137984K(499200K)] 812254K->638435K(1897472K), 0.0609592 secs] [Times: user=0.36 sys=0.00, real=0.06 secs] 
6347.335: [GC (Allocation Failure) [PSYoungGen: 448256K->112320K(499712K)] 948707K->741451K(1897984K), 0.0711278 secs] [Times: user=0.41 sys=0.01, real=0.07 secs] 
6349.153: [GC (Allocation Failure) [PSYoungGen: 433344K->142912K(504832K)] 1062475K->882872K(1903104K), 0.0540836 secs] [Times: user=0.32 sys=0.00, real=0.06 secs] 
6350.372: [GC (Allocation Failure) [PSYoungGen: 463936K->116576K(507392K)] 1203896K->989688K(1905664K), 0.0663746 secs] [Times: user=0.39 sys=0.01, real=0.07 secs] 
6352.189: [GC (Allocation Failure) [PSYoungGen: 446304K->153504K(510464K)] 1319416K->1141292K(1908736K), 0.0576317 secs] [Times: user=0.34 sys=0.00, real=0.06 secs] 
6353.538: [GC (Allocation Failure) [PSYoungGen: 483232K->115424K(513536K)] 1471020K->1247124K(1911808K), 0.0764530 secs] [Times: user=0.45 sys=0.00, real=0.08 secs] 
6356.197: [GC (Allocation Failure) [PSYoungGen: 445489K->154560K(485376K)] 1577190K->1397681K(1883648K), 0.0559812 secs] [Times: user=0.33 sys=0.00, real=0.06 secs] 
6356.253: [Full GC (Ergonomics) [PSYoungGen: 154560K->0K(485376K)] [ParOldGen: 1243121K->195675K(1398272K)] 1397681K->195675K(1883648K), [Metaspace: 59679K->59679K(1105920K)], 0.4605800 secs] [Times: user=2.13 sys=0.00, real=0.46 secs] 
6358.778: [GC (Allocation Failure) [PSYoungGen: 330752K->110368K(514560K)] 526427K->306043K(1912832K), 0.0954549 secs] [Times: user=0.56 sys=0.00, real=0.10 secs] 
6359.779: [GC (Allocation Failure) [PSYoungGen: 437536K->156544K(483840K)] 633211K->458354K(1882112K), 0.0522089 secs] [Times: user=0.31 sys=0.00, real=0.05 secs] 
6361.736: [GC (Allocation Failure) [PSYoungGen: 483712K->106304K(511488K)] 785522K->563834K(1909760K), 0.1293378 secs] [Times: user=0.77 sys=0.01, real=0.13 secs] 
6362.100: [GC (Allocation Failure) [PSYoungGen: 427840K->159520K(481280K)] 885370K->717447K(1879552K), 0.0583473 secs] [Times: user=0.35 sys=0.01, real=0.06 secs] 
6365.517: [GC (Allocation Failure) [PSYoungGen: 481056K->102560K(506880K)] 1038983K->819599K(1905152K), 0.1260839 secs] [Times: user=0.75 sys=0.00, real=0.13 secs] 
6365.874: [GC (Allocation Failure) [PSYoungGen: 415904K->155232K(468992K)] 1132943K->964940K(1867264K), 0.0588114 secs] [Times: user=0.35 sys=0.00, real=0.06 secs] 
6369.783: [GC (Allocation Failure) [PSYoungGen: 468576K->96064K(503808K)] 1278284K->1060912K(1902080K), 0.1212222 secs] [Times: user=0.71 sys=0.01, real=0.12 secs] 
6370.135: [GC (Allocation Failure) [PSYoungGen: 403776K->154400K(462336K)] 1368624K->1205105K(1860608K), 0.0572857 secs] [Times: user=0.34 sys=0.00, real=0.05 secs] 
6373.806: [GC (GCLocker Initiated GC) [PSYoungGen: 462112K->89760K(500224K)] 1512817K->1295097K(1898496K), 0.1240436 secs] [Times: user=0.73 sys=0.00, real=0.12 secs] 
6373.930: [Full GC (Ergonomics) [PSYoungGen: 89760K->0K(500224K)] [ParOldGen: 1205337K->94431K(1398272K)] 1295097K->94431K(1898496K), [Metaspace: 59679K->59679K(1105920K)], 0.2355252 secs] [Times: user=1.08 sys=0.00, real=0.24 secs] 
6374.365: [GC (Allocation Failure) [PSYoungGen: 301568K->166080K(467968K)] 396051K->260563K(1866240K), 0.0327077 secs] [Times: user=0.20 sys=0.00, real=0.03 secs] 
6377.095: [GC (Allocation Failure) [PSYoungGen: 467648K->87584K(493056K)] 562131K->331491K(1891328K), 0.1307642 secs] [Times: user=0.77 sys=0.01, real=0.13 secs] 
6377.495: [GC (Allocation Failure) [PSYoungGen: 374304K->143424K(430592K)] 618211K->469560K(1828864K), 0.0530466 secs] [Times: user=0.32 sys=0.00, real=0.05 secs] 
6380.651: [GC (Allocation Failure) [PSYoungGen: 430144K->79616K(490496K)] 756280K->549312K(1888768K), 0.1491349 secs] [Times: user=0.88 sys=0.01, real=0.15 secs] 
6381.042: [GC (Allocation Failure) [PSYoungGen: 350989K->136096K(491008K)] 820686K->679585K(1889280K), 0.0454684 secs] [Times: user=0.26 sys=0.00, real=0.05 secs] 
6382.373: [GC (Allocation Failure) [PSYoungGen: 422304K->92576K(491520K)] 965793K->763761K(1889792K), 0.0924162 secs] [Times: user=0.55 sys=0.00, real=0.10 secs] 
6384.155: [GC (Allocation Failure) [PSYoungGen: 384928K->140512K(491520K)] 1056113K->900478K(1889792K), 0.0467283 secs] [Times: user=0.28 sys=0.00, real=0.04 secs] 
6385.341: [GC (Allocation Failure) [PSYoungGen: 432864K->99104K(493056K)] 1192830K->990550K(1891328K), 0.0617569 secs] [Times: user=0.37 sys=0.00, real=0.06 secs] 
6387.533: [GC (Allocation Failure) [PSYoungGen: 400160K->138304K(496128K)] 1291606K->1126379K(1894400K), 0.0502416 secs] [Times: user=0.30 sys=0.00, real=0.06 secs] 
6388.778: [GC (Allocation Failure) [PSYoungGen: 439360K->105152K(494080K)] 1427435K->1221643K(1892352K), 0.0632714 secs] [Times: user=0.38 sys=0.00, real=0.06 secs] 
6391.211: [GC (Allocation Failure) [PSYoungGen: 414400K->141632K(499200K)] 1530891K->1361151K(1897472K), 0.0572385 secs] [Times: user=0.34 sys=0.00, real=0.06 secs] 
6391.268: [Full GC (Ergonomics) [PSYoungGen: 141632K->0K(499200K)] [ParOldGen: 1219519K->162196K(1398272K)] 1361151K->162196K(1897472K), [Metaspace: 59679K->59679K(1105920K)], 0.3874275 secs] [Times: user=1.79 sys=0.00, real=0.39 secs] 
6392.789: [GC (Allocation Failure) [PSYoungGen: 309248K->108736K(500736K)] 471444K->270932K(1899008K), 0.0378945 secs] [Times: user=0.23 sys=0.00, real=0.04 secs] 
6394.704: [GC (Allocation Failure) [PSYoungGen: 426688K->146784K(504320K)] 588884K->415536K(1902592K), 0.0544646 secs] [Times: user=0.32 sys=0.00, real=0.05 secs] 
6395.967: [GC (Allocation Failure) [PSYoungGen: 464736K->111680K(506368K)] 733488K->517840K(1904640K), 0.0680985 secs] [Times: user=0.41 sys=0.01, real=0.07 secs] 
6398.274: [GC (Allocation Failure) [PSYoungGen: 434752K->150816K(507904K)] 840912K->666005K(1906176K), 0.0543511 secs] [Times: user=0.31 sys=0.01, real=0.05 secs] 
6399.544: [GC (Allocation Failure) [PSYoungGen: 473888K->111136K(510464K)] 989077K->767993K(1908736K), 0.0657954 secs] [Times: user=0.39 sys=0.00, real=0.06 secs] 
6401.901: [GC (Allocation Failure) [PSYoungGen: 435744K->153824K(478720K)] 1092601K->918006K(1876992K), 0.0539722 secs] [Times: user=0.32 sys=0.00, real=0.06 secs] 
6403.826: [GC (Allocation Failure) [PSYoungGen: 478432K->112096K(512512K)] 1242614K->1021114K(1910784K), 0.1153452 secs] [Times: user=0.69 sys=0.00, real=0.11 secs] 
6404.552: [GC (Allocation Failure) [PSYoungGen: 434656K->156128K(478720K)] 1343674K->1173595K(1876992K), 0.0547348 secs] [Times: user=0.33 sys=0.00, real=0.06 secs] 
6407.817: [GC (Allocation Failure) [PSYoungGen: 478688K->96064K(507904K)] 1496155K->1269291K(1906176K), 0.1457155 secs] [Times: user=0.86 sys=0.00, real=0.14 secs] 
6408.681: [GC (GCLocker Initiated GC) [PSYoungGen: 412480K->155424K(472064K)] 1585707K->1419227K(1870336K), 0.1345065 secs] [Times: user=0.81 sys=0.00, real=0.14 secs] 
6408.815: [Full GC (Ergonomics) [PSYoungGen: 155424K->0K(472064K)] [ParOldGen: 1263803K->216455K(1398272K)] 1419227K->216455K(1870336K), [Metaspace: 59679K->59679K(1105920K)], 0.5329808 secs] [Times: user=2.40 sys=0.00, real=0.53 secs] 
6411.686: [GC (Allocation Failure) [PSYoungGen: 316416K->98240K(504832K)] 532887K->314711K(1903104K), 0.1119916 secs] [Times: user=0.66 sys=0.01, real=0.11 secs] 
6412.066: [GC (Allocation Failure) [PSYoungGen: 407488K->153408K(462848K)] 623959K->462395K(1861120K), 0.0556443 secs] [Times: user=0.32 sys=0.00, real=0.05 secs] 
6415.488: [GC (Allocation Failure) [PSYoungGen: 462656K->89472K(501760K)] 771643K->551460K(1900032K), 0.1487797 secs] [Times: user=0.89 sys=0.00, real=0.15 secs] 
6415.890: [GC (Allocation Failure) [PSYoungGen: 393600K->152768K(457216K)] 855588K->698672K(1855488K), 0.0542833 secs] [Times: user=0.32 sys=0.00, real=0.06 secs] 
6418.898: [GC (Allocation Failure) [PSYoungGen: 456896K->92768K(499712K)] 1002800K->791592K(1897984K), 0.1630057 secs] [Times: user=0.97 sys=0.00, real=0.16 secs] 
6419.312: [GC (Allocation Failure) [PSYoungGen: 391776K->147936K(498176K)] 1090600K->929329K(1896448K), 0.0542697 secs] [Times: user=0.32 sys=0.01, real=0.06 secs] 
6422.013: [GC (Allocation Failure) [PSYoungGen: 446944K->87104K(498688K)] 1228337K->1016041K(1896960K), 0.1430569 secs] [Times: user=0.85 sys=0.00, real=0.15 secs] 
6423.416: [GC (Allocation Failure) [PSYoungGen: 369964K->138048K(436736K)] 1298902K->1149614K(1835008K), 0.0485760 secs] [Times: user=0.28 sys=0.00, real=0.05 secs] 
6425.214: [GC (Allocation Failure) [PSYoungGen: 436544K->96992K(499200K)] 1448110K->1238210K(1897472K), 0.1090988 secs] [Times: user=0.64 sys=0.01, real=0.10 secs] 
6428.374: [GC (Allocation Failure) [PSYoungGen: 398560K->143744K(496640K)] 1539778K->1377615K(1894912K), 0.0485532 secs] [Times: user=0.28 sys=0.00, real=0.04 secs] 
6428.423: [Full GC (Ergonomics) [PSYoungGen: 143744K->0K(496640K)] [ParOldGen: 1233871K->184768K(1398272K)] 1377615K->184768K(1894912K), [Metaspace: 59679K->59679K(1105920K)], 0.4348008 secs] [Times: user=2.01 sys=0.00, real=0.44 secs] 
6430.105: [GC (Allocation Failure) [PSYoungGen: 301442K->100128K(498176K)] 486210K->284896K(1896448K), 0.0333565 secs] [Times: user=0.19 sys=0.00, real=0.03 secs] 
6433.009: [GC (Allocation Failure) [PSYoungGen: 407840K->140800K(500224K)] 592608K->423148K(1898496K), 0.0497894 secs] [Times: user=0.30 sys=0.00, real=0.05 secs] 
6434.290: [GC (Allocation Failure) [PSYoungGen: 448512K->106080K(498688K)] 730860K->519944K(1896960K), 0.0618159 secs] [Times: user=0.36 sys=0.00, real=0.06 secs] 
6437.425: [GC (Allocation Failure) [PSYoungGen: 419424K->143552K(502272K)] 833288K->660845K(1900544K), 0.0519129 secs] [Times: user=0.31 sys=0.00, real=0.05 secs] 
6438.666: [GC (Allocation Failure) [PSYoungGen: 456896K->109216K(502272K)] 974189K->761137K(1900544K), 0.0813718 secs] [Times: user=0.49 sys=0.00, real=0.08 secs] 
6441.293: [GC (Allocation Failure) [PSYoungGen: 428704K->147360K(505344K)] 1080625K->905934K(1903616K), 0.0537362 secs] [Times: user=0.31 sys=0.01, real=0.05 secs] 
6442.535: [GC (Allocation Failure) [PSYoungGen: 466848K->112768K(507904K)] 1225422K->1009234K(1906176K), 0.0657609 secs] [Times: user=0.39 sys=0.00, real=0.06 secs] 
6443.780: [GC (Allocation Failure) [PSYoungGen: 436169K->153280K(508928K)] 1332636K->1158551K(1907200K), 0.0545067 secs] [Times: user=0.32 sys=0.00, real=0.06 secs] 
6446.187: [GC (Allocation Failure) [PSYoungGen: 477376K->112448K(510464K)] 1482647K->1261391K(1908736K), 0.1311705 secs] [Times: user=0.78 sys=0.00, real=0.13 secs] 
6447.309: [GC (Allocation Failure) [PSYoungGen: 436032K->156000K(479744K)] 1584975K->1413580K(1878016K), 0.0548462 secs] [Times: user=0.32 sys=0.00, real=0.06 secs] 
6447.364: [Full GC (Ergonomics) [PSYoungGen: 156000K->0K(479744K)] [ParOldGen: 1257580K->213216K(1398272K)] 1413580K->213216K(1878016K), [Metaspace: 59679K->59679K(1105920K)], 0.4944387 secs] [Times: user=2.30 sys=0.00, real=0.49 secs] 
6450.771: [GC (Allocation Failure) [PSYoungGen: 323584K->98240K(508928K)] 536800K->311456K(1907200K), 0.1523177 secs] [Times: user=0.91 sys=0.00, real=0.15 secs] 
6451.256: [GC (Allocation Failure) [PSYoungGen: 416192K->157184K(475648K)] 629408K->462819K(1873920K), 0.0559497 secs] [Times: user=0.33 sys=0.00, real=0.05 secs] 
6454.067: [GC (Allocation Failure) [PSYoungGen: 475136K->96992K(504832K)] 780771K->559499K(1903104K), 0.1411021 secs] [Times: user=0.84 sys=0.00, real=0.14 secs] 
6454.474: [GC (Allocation Failure) [PSYoungGen: 406752K->155264K(465408K)] 869259K->708624K(1863680K), 0.0568940 secs] [Times: user=0.33 sys=0.00, real=0.05 secs] 
6457.588: [GC (Allocation Failure) [PSYoungGen: 465024K->90528K(501248K)] 1018384K->799312K(1899520K), 0.1368885 secs] [Times: user=0.82 sys=0.00, real=0.14 secs] 
6457.957: [GC (Allocation Failure) [PSYoungGen: 393632K->148960K(452096K)] 1102416K->942229K(1850368K), 0.0552865 secs] [Times: user=0.33 sys=0.00, real=0.05 secs] 
6461.684: [GC (Allocation Failure) [PSYoungGen: 452064K->88736K(500224K)] 1245333K->1030341K(1898496K), 0.1472585 secs] [Times: user=0.88 sys=0.00, real=0.14 secs] 
6462.093: [GC (GCLocker Initiated GC) [PSYoungGen: 389280K->148320K(449024K)] 1330885K->1172818K(1847296K), 0.0541860 secs] [Times: user=0.33 sys=0.00, real=0.06 secs] 
6465.035: [GC (GCLocker Initiated GC) [PSYoungGen: 448864K->84960K(498688K)] 1473367K->1257887K(1896960K), 0.1612040 secs] [Times: user=0.96 sys=0.00, real=0.16 secs] 
6465.597: [GC (Allocation Failure) [PSYoungGen: 382944K->149407K(447488K)] 1555874K->1401671K(1845760K), 0.0522626 secs] [Times: user=0.31 sys=0.00, real=0.05 secs] 
6465.649: [Full GC (Ergonomics) [PSYoungGen: 149407K->0K(447488K)] [ParOldGen: 1252263K->209350K(1398272K)] 1401671K->209350K(1845760K), [Metaspace: 59679K->59679K(1105920K)], 0.4897686 secs] [Times: user=2.28 sys=0.00, real=0.49 secs] 
6468.692: [GC (Allocation Failure) [PSYoungGen: 297984K->86688K(497664K)] 507334K->296038K(1895936K), 0.1688333 secs] [Times: user=1.00 sys=0.01, real=0.17 secs] 
6469.726: [GC (Allocation Failure) [PSYoungGen: 376260K->141696K(437248K)] 585610K->433511K(1835520K), 0.0476639 secs] [Times: user=0.28 sys=0.00, real=0.05 secs] 
6471.681: [GC (GCLocker Initiated GC) [PSYoungGen: 437120K->95008K(499200K)] 728935K->520395K(1897472K), 0.1136996 secs] [Times: user=0.67 sys=0.00, real=0.12 secs] 
6473.832: [GC (Allocation Failure) [PSYoungGen: 393504K->142944K(496128K)] 818894K->658907K(1894400K), 0.0476542 secs] [Times: user=0.28 sys=0.00, real=0.05 secs] 
6475.050: [GC (Allocation Failure) [PSYoungGen: 441440K->101920K(495104K)] 957403K->751731K(1893376K), 0.0631334 secs] [Times: user=0.37 sys=0.00, real=0.07 secs] 
6477.980: [GC (Allocation Failure) [PSYoungGen: 404512K->137920K(497152K)] 1054323K->887240K(1895424K), 0.0500074 secs] [Times: user=0.30 sys=0.00, real=0.05 secs] 
6479.180: [GC (Allocation Failure) [PSYoungGen: 440512K->104672K(495104K)] 1189832K->982728K(1893376K), 0.0629101 secs] [Times: user=0.37 sys=0.00, real=0.06 secs] 
6480.741: [GC (Allocation Failure) [PSYoungGen: 415456K->145056K(500224K)] 1293512K->1125601K(1898496K), 0.0531042 secs] [Times: user=0.32 sys=0.00, real=0.06 secs] 
6483.341: [GC (Allocation Failure) [PSYoungGen: 455840K->104800K(504320K)] 1436385K->1221305K(1902592K), 0.1111662 secs] [Times: user=0.66 sys=0.01, real=0.11 secs] 
6485.551: [GC (Allocation Failure) [PSYoungGen: 422752K->150464K(505856K)] 1539257K->1369310K(1904128K), 0.0543182 secs] [Times: user=0.32 sys=0.00, real=0.06 secs] 
6486.779: [GC (Allocation Failure) [PSYoungGen: 468416K->109344K(506880K)] 1687262K->1469582K(1905152K), 0.0665470 secs] [Times: user=0.39 sys=0.00, real=0.07 secs] 
6486.846: [Full GC (Ergonomics) [PSYoungGen: 109344K->0K(506880K)] [ParOldGen: 1360238K->39217K(1398272K)] 1469582K->39217K(1905152K), [Metaspace: 59679K->59679K(1105920K)], 0.0777039 secs] [Times: user=0.30 sys=0.00, real=0.08 secs] 
6488.750: [GC (Allocation Failure) [PSYoungGen: 318976K->151008K(506880K)] 358193K->190225K(1905152K), 0.0292806 secs] [Times: user=0.17 sys=0.00, real=0.03 secs] 
6490.810: [GC (Allocation Failure) [PSYoungGen: 469984K->107936K(506880K)] 509201K->289417K(1905152K), 0.1112538 secs] [Times: user=0.66 sys=0.00, real=0.11 secs] 
6492.271: [GC (Allocation Failure) [PSYoungGen: 426912K->152736K(472064K)] 608393K->438343K(1870336K), 0.0633312 secs] [Times: user=0.38 sys=0.01, real=0.07 secs] 
6495.841: [GC (Allocation Failure) [PSYoungGen: 471712K->103488K(508928K)] 757319K->533051K(1907200K), 0.1544702 secs] [Times: user=0.91 sys=0.00, real=0.16 secs] 
6497.339: [GC (Allocation Failure) [PSYoungGen: 404922K->147200K(506368K)] 834485K->676352K(1904640K), 0.0491805 secs] [Times: user=0.29 sys=0.00, real=0.05 secs] 
6498.932: [GC (Allocation Failure) [PSYoungGen: 463616K->104416K(504832K)] 992768K->772204K(1903104K), 0.0818579 secs] [Times: user=0.48 sys=0.00, real=0.09 secs] 
6500.654: [GC (Allocation Failure) [PSYoungGen: 410526K->146464K(505856K)] 1078315K->914917K(1904128K), 0.0503196 secs] [Times: user=0.29 sys=0.00, real=0.05 secs] 
6503.936: [GC (Allocation Failure) [PSYoungGen: 463392K->103040K(506880K)] 1231845K->1009381K(1905152K), 0.1175695 secs] [Times: user=0.70 sys=0.00, real=0.12 secs] 
6504.831: [GC (Allocation Failure) [PSYoungGen: 412585K->147360K(507392K)] 1318926K->1153358K(1905664K), 0.0506683 secs] [Times: user=0.30 sys=0.00, real=0.05 secs] 
6507.430: [GC (Allocation Failure) [PSYoungGen: 466336K->106016K(507392K)] 1472334K->1250890K(1905664K), 0.1138215 secs] [Times: user=0.68 sys=0.00, real=0.12 secs] 
6508.200: [GC (Allocation Failure) [PSYoungGen: 426016K->154944K(475136K)] 1570890K->1402271K(1873408K), 0.0525622 secs] [Times: user=0.31 sys=0.01, real=0.05 secs] 
6508.253: [Full GC (Ergonomics) [PSYoungGen: 154944K->0K(475136K)] [ParOldGen: 1247327K->205440K(1398272K)] 1402271K->205440K(1873408K), [Metaspace: 59679K->59679K(1105920K)], 0.4730895 secs] [Times: user=2.19 sys=0.00, real=0.48 secs] 
6512.610: [GC (Allocation Failure) [PSYoungGen: 320000K->93760K(506880K)] 525440K->299200K(1905152K), 0.1703233 secs] [Times: user=1.00 sys=0.02, real=0.17 secs] 
6513.612: [GC (Allocation Failure) [PSYoungGen: 408128K->168448K(483328K)] 613568K->463897K(1881600K), 0.0542585 secs] [Times: user=0.32 sys=0.00, real=0.06 secs] 
6515.966: [GC (Allocation Failure) [PSYoungGen: 482816K->96544K(499200K)] 778265K->543697K(1897472K), 0.1491906 secs] [Times: user=0.89 sys=0.00, real=0.15 secs] 
6516.555: [GC (Allocation Failure) [PSYoungGen: 394016K->179840K(477696K)] 841169K->717704K(1875968K), 0.0553855 secs] [Times: user=0.33 sys=0.00, real=0.05 secs] 
6520.160: [GC (Allocation Failure) [PSYoungGen: 477312K->84832K(486912K)] 1015176K->769300K(1885184K), 0.1314338 secs] [Times: user=0.77 sys=0.01, real=0.13 secs] 
6521.369: [GC (Allocation Failure) [PSYoungGen: 359264K->132992K(407552K)] 1043732K->898549K(1805824K), 0.0478566 secs] [Times: user=0.28 sys=0.00, real=0.05 secs] 
6522.663: [GC (Allocation Failure) [PSYoungGen: 407424K->89632K(482816K)] 1172981K->979309K(1881088K), 0.0612310 secs] [Times: user=0.37 sys=0.00, real=0.07 secs] 
6525.108: [GC (Allocation Failure) [PSYoungGen: 366112K->125984K(480768K)] 1255789K->1103194K(1879040K), 0.0544519 secs] [Times: user=0.33 sys=0.00, real=0.05 secs] 
6526.360: [GC (Allocation Failure) [PSYoungGen: 402464K->113728K(488448K)] 1379674K->1207354K(1886720K), 0.0619762 secs] [Times: user=0.37 sys=0.00, real=0.06 secs] 
6528.743: [GC (Allocation Failure) [PSYoungGen: 408128K->113344K(485888K)] 1501754K->1320242K(1884160K), 0.0789647 secs] [Times: user=0.47 sys=0.00, real=0.08 secs] 
6530.189: [GC (Allocation Failure) [PSYoungGen: 407744K->135200K(501248K)] 1614642K->1444594K(1899520K), 0.0626257 secs] [Times: user=0.37 sys=0.00, real=0.06 secs] 
6530.252: [Full GC (Ergonomics) [PSYoungGen: 135200K->0K(501248K)] [ParOldGen: 1309394K->250198K(1398272K)] 1444594K->250198K(1899520K), [Metaspace: 59680K->59680K(1105920K)], 0.5348526 secs] [Times: user=2.35 sys=0.00, real=0.54 secs] 
6533.631: [GC (Allocation Failure) [PSYoungGen: 314880K->109088K(499712K)] 565078K->359286K(1897984K), 0.0333755 secs] [Times: user=0.19 sys=0.00, real=0.04 secs] 
6534.884: [GC (Allocation Failure) [PSYoungGen: 423968K->139168K(508416K)] 674166K->487819K(1906688K), 0.0605121 secs] [Times: user=0.36 sys=0.00, real=0.06 secs] 
6536.963: [GC (Allocation Failure) [PSYoungGen: 466336K->121120K(508928K)] 814987K->608731K(1907200K), 0.0744221 secs] [Times: user=0.44 sys=0.00, real=0.08 secs] 
6538.802: [GC (Allocation Failure) [PSYoungGen: 448288K->1728K(492032K)] 935899K->489383K(1890304K), 0.0029094 secs] [Times: user=0.01 sys=0.00, real=0.01 secs] 
6540.845: [GC (Allocation Failure) [PSYoungGen: 317632K->135360K(451584K)] 805287K->623828K(1849856K), 0.0368856 secs] [Times: user=0.21 sys=0.00, real=0.03 secs] 
6542.307: [GC (Allocation Failure) [PSYoungGen: 451264K->3072K(484864K)] 939732K->491652K(1883136K), 0.0031758 secs] [Times: user=0.01 sys=0.00, real=0.00 secs] 
6543.666: [GC (Allocation Failure) [PSYoungGen: 295424K->127712K(495616K)] 784004K->617673K(1893888K), 0.0352606 secs] [Times: user=0.21 sys=0.01, real=0.03 secs] 
6544.976: [GC (Allocation Failure) [PSYoungGen: 420064K->119616K(486912K)] 910025K->726973K(1885184K), 0.0622276 secs] [Times: user=0.37 sys=0.00, real=0.06 secs] 
6545.946: [GC (Allocation Failure) [PSYoungGen: 412480K->116800K(491520K)] 1019837K->843821K(1889792K), 0.0680858 secs] [Times: user=0.40 sys=0.01, real=0.07 secs] 
6547.112: [GC (Allocation Failure) [PSYoungGen: 409664K->130848K(499200K)] 1136685K->964386K(1897472K), 0.0615082 secs] [Times: user=0.36 sys=0.00, real=0.07 secs] 
6547.563: [GC (Allocation Failure) [PSYoungGen: 437024K->111616K(418304K)] 1270562K->1076166K(1816576K), 0.0606492 secs] [Times: user=0.36 sys=0.00, real=0.07 secs] 
6549.133: [GC (Allocation Failure) [PSYoungGen: 417792K->136512K(496640K)] 1382342K->1201933K(1894912K), 0.0612162 secs] [Times: user=0.36 sys=0.00, real=0.07 secs] 
Heap
 PSYoungGen      total 496640K, used 210711K [0x00000000d5580000, 0x0000000100000000, 0x0000000100000000)
  eden space 310784K